[2020-03-03T03:05:23.530+0000][1][gc] Using Concurrent Mark Sweep
[2020-03-03T03:05:23.530+0000][1][gc,heap,coops] Heap address: 0x00000000c0000000, size: 1024 MB, Compressed Oops mode: 32-bit
[2020-03-03T03:05:24.834+0000][1][safepoint    ] Safepoint "Cleanup", Time since last: 1005914736 ns, Reaching safepoint: 4508845 ns, At safepoint: 13404 ns, Total: 4522249 ns
[2020-03-03T03:05:24.971+0000][1][safepoint    ] Safepoint "EnableBiasedLocking", Time since last: 136908012 ns, Reaching safepoint: 23237 ns, At safepoint: 32272 ns, Total: 55509 ns
[2020-03-03T03:05:25.023+0000][1][safepoint    ] Safepoint "RevokeBias", Time since last: 49912552 ns, Reaching safepoint: 2182668 ns, At safepoint: 67877 ns, Total: 2250545 ns
[2020-03-03T03:05:25.362+0000][1][safepoint    ] Safepoint "Deoptimize", Time since last: 339126285 ns, Reaching safepoint: 26793 ns, At safepoint: 32233 ns, Total: 59026 ns
[2020-03-03T03:05:26.367+0000][1][safepoint    ] Safepoint "Cleanup", Time since last: 1004346909 ns, Reaching safepoint: 53569 ns, At safepoint: 8736 ns, Total: 62305 ns
[2020-03-03T03:05:27.397+0000][1][safepoint    ] Safepoint "Cleanup", Time since last: 1012231445 ns, Reaching safepoint: 17955589 ns, At safepoint: 14585 ns, Total: 17970174 ns
[2020-03-03T03:05:32.943+0000][1][safepoint    ] Safepoint "Cleanup", Time since last: 5532116797 ns, Reaching safepoint: 14240040 ns, At safepoint: 10307 ns, Total: 14250347 ns
[2020-03-03T03:05:33.354+0000][1][safepoint    ] Safepoint "RevokeBias", Time since last: 411051138 ns, Reaching safepoint: 37331 ns, At safepoint: 35589 ns, Total: 72920 ns
[2020-03-03T03:05:35.141+0000][1][safepoint    ] Safepoint "Deoptimize", Time since last: 1786510627 ns, Reaching safepoint: 24928 ns, At safepoint: 65729 ns, Total: 90657 ns
[2020-03-03T03:05:36.261+0000][1][safepoint    ] Safepoint "Cleanup", Time since last: 1017174282 ns, Reaching safepoint: 103274260 ns, At safepoint: 19579 ns, Total: 103293839 ns
[2020-03-03T03:05:37.322+0000][1][safepoint    ] Safepoint "Cleanup", Time since last: 1006446813 ns, Reaching safepoint: 54306938 ns, At safepoint: 11427 ns, Total: 54318365 ns
[2020-03-03T03:05:38.325+0000][1][safepoint    ] Safepoint "Cleanup", Time since last: 1003135675 ns, Reaching safepoint: 68583 ns, At safepoint: 8531 ns, Total: 77114 ns
[2020-03-03T03:05:39.327+0000][1][safepoint    ] Safepoint "Cleanup", Time since last: 1001650537 ns, Reaching safepoint: 71329 ns, At safepoint: 15837 ns, Total: 87166 ns
[2020-03-03T03:05:40.369+0000][1][safepoint    ] Safepoint "Cleanup", Time since last: 1002584935 ns, Reaching safepoint: 39371156 ns, At safepoint: 16472 ns, Total: 39387628 ns
[2020-03-03T03:05:41.370+0000][1][safepoint    ] Safepoint "Cleanup", Time since last: 1001169945 ns, Reaching safepoint: 52819 ns, At safepoint: 5446 ns, Total: 58265 ns
[2020-03-03T03:05:42.408+0000][1][safepoint    ] Safepoint "Cleanup", Time since last: 1010819602 ns, Reaching safepoint: 26541543 ns, At safepoint: 11753 ns, Total: 26553296 ns
[2020-03-03T03:05:44.505+0000][1][safepoint    ] Safepoint "Cleanup", Time since last: 2096890837 ns, Reaching safepoint: 102736 ns, At safepoint: 11591 ns, Total: 114327 ns
[2020-03-03T03:05:45.506+0000][1][safepoint    ] Safepoint "Cleanup", Time since last: 1000791380 ns, Reaching safepoint: 112817 ns, At safepoint: 20740 ns, Total: 133557 ns
[2020-03-03T03:05:46.517+0000][1][safepoint    ] Safepoint "Cleanup", Time since last: 1011688031 ns, Reaching safepoint: 65258 ns, At safepoint: 9580 ns, Total: 74838 ns
[2020-03-03T03:05:47.522+0000][1][safepoint    ] Safepoint "Cleanup", Time since last: 1004657463 ns, Reaching safepoint: 71696 ns, At safepoint: 11100 ns, Total: 82796 ns
[2020-03-03T03:05:48.607+0000][1][safepoint    ] Safepoint "Cleanup", Time since last: 1006941666 ns, Reaching safepoint: 78007644 ns, At safepoint: 5748 ns, Total: 78013392 ns
[2020-03-03T03:05:49.618+0000][1][safepoint    ] Safepoint "Cleanup", Time since last: 1010589342 ns, Reaching safepoint: 47858 ns, At safepoint: 7025 ns, Total: 54883 ns
[2020-03-03T03:05:50.691+0000][1][safepoint    ] Safepoint "Cleanup", Time since last: 1000207922 ns, Reaching safepoint: 73012401 ns, At safepoint: 15800 ns, Total: 73028201 ns
[2020-03-03T03:05:51.002+0000][1][safepoint    ] Safepoint "Deoptimize", Time since last: 311177234 ns, Reaching safepoint: 24927 ns, At safepoint: 141361 ns, Total: 166288 ns
[2020-03-03T03:05:52.012+0000][1][safepoint    ] Safepoint "Cleanup", Time since last: 1000700749 ns, Reaching safepoint: 9238459 ns, At safepoint: 9141 ns, Total: 9247600 ns
[2020-03-03T03:05:53.024+0000][1][safepoint    ] Safepoint "Cleanup", Time since last: 1010624334 ns, Reaching safepoint: 1079662 ns, At safepoint: 6141 ns, Total: 1085803 ns
[2020-03-03T03:05:53.093+0000][1][safepoint    ] Safepoint "Deoptimize", Time since last: 68754075 ns, Reaching safepoint: 25636 ns, At safepoint: 161473 ns, Total: 187109 ns
[2020-03-03T03:05:54.100+0000][1][safepoint    ] Safepoint "Cleanup", Time since last: 1000647617 ns, Reaching safepoint: 6103143 ns, At safepoint: 12794 ns, Total: 6115937 ns
[2020-03-03T03:05:55.133+0000][1][safepoint    ] Safepoint "Cleanup", Time since last: 1010417254 ns, Reaching safepoint: 22757312 ns, At safepoint: 10899 ns, Total: 22768211 ns
[2020-03-03T03:05:56.141+0000][1][safepoint    ] Safepoint "Cleanup", Time since last: 1007996312 ns, Reaching safepoint: 87531 ns, At safepoint: 7142 ns, Total: 94673 ns
[2020-03-03T03:05:57.143+0000][1][safepoint    ] Safepoint "Cleanup", Time since last: 1001520296 ns, Reaching safepoint: 57505 ns, At safepoint: 8769 ns, Total: 66274 ns
[2020-03-03T03:05:58.186+0000][1][safepoint    ] Safepoint "Cleanup", Time since last: 1003537963 ns, Reaching safepoint: 39678634 ns, At safepoint: 16880 ns, Total: 39695514 ns
[2020-03-03T03:05:59.191+0000][1][safepoint    ] Safepoint "Cleanup", Time since last: 1004891107 ns, Reaching safepoint: 49012 ns, At safepoint: 7103 ns, Total: 56115 ns
[2020-03-03T03:06:00.256+0000][1][safepoint    ] Safepoint "Cleanup", Time since last: 1000856660 ns, Reaching safepoint: 64049160 ns, At safepoint: 13824 ns, Total: 64062984 ns
[2020-03-03T03:06:04.285+0000][1][safepoint    ] Safepoint "Cleanup", Time since last: 4029184174 ns, Reaching safepoint: 72820 ns, At safepoint: 7113 ns, Total: 79933 ns
[2020-03-03T03:06:05.074+0000][1][safepoint    ] Safepoint "Deoptimize", Time since last: 789239544 ns, Reaching safepoint: 37511 ns, At safepoint: 181964 ns, Total: 219475 ns
[2020-03-03T03:06:06.094+0000][1][safepoint    ] Safepoint "Cleanup", Time since last: 1019402443 ns, Reaching safepoint: 88737 ns, At safepoint: 15989 ns, Total: 104726 ns
[2020-03-03T03:06:06.800+0000][1][safepoint    ] Safepoint "Deoptimize", Time since last: 705649253 ns, Reaching safepoint: 61479 ns, At safepoint: 198166 ns, Total: 259645 ns
[2020-03-03T03:06:08.820+0000][1][safepoint    ] Safepoint "Cleanup", Time since last: 2020008769 ns, Reaching safepoint: 43211 ns, At safepoint: 7218 ns, Total: 50429 ns
[2020-03-03T03:06:09.860+0000][1][safepoint    ] Safepoint "Cleanup", Time since last: 1038101847 ns, Reaching safepoint: 1824522 ns, At safepoint: 15292 ns, Total: 1839814 ns
[2020-03-03T03:06:10.374+0000][1][safepoint    ] Safepoint "Deoptimize", Time since last: 513883992 ns, Reaching safepoint: 74031 ns, At safepoint: 565288 ns, Total: 639319 ns
[2020-03-03T03:06:10.443+0000][1][safepoint    ] Safepoint "RevokeBias", Time since last: 68335773 ns, Reaching safepoint: 31064 ns, At safepoint: 65236 ns, Total: 96300 ns
[2020-03-03T03:06:11.447+0000][1][safepoint    ] Safepoint "Cleanup", Time since last: 1003888962 ns, Reaching safepoint: 57605 ns, At safepoint: 11377 ns, Total: 68982 ns
[2020-03-03T03:06:13.497+0000][1][safepoint    ] Safepoint "Cleanup", Time since last: 2002187676 ns, Reaching safepoint: 47891065 ns, At safepoint: 6587 ns, Total: 47897652 ns
[2020-03-03T03:06:14.571+0000][1][safepoint    ] Safepoint "Cleanup", Time since last: 1004032072 ns, Reaching safepoint: 70400119 ns, At safepoint: 7214 ns, Total: 70407333 ns
[2020-03-03T03:06:15.582+0000][1][safepoint    ] Safepoint "Cleanup", Time since last: 1006687073 ns, Reaching safepoint: 3689864 ns, At safepoint: 7863 ns, Total: 3697727 ns
[2020-03-03T03:06:16.612+0000][1][safepoint    ] Safepoint "Cleanup", Time since last: 1004563745 ns, Reaching safepoint: 25932211 ns, At safepoint: 7175 ns, Total: 25939386 ns
[2020-03-03T03:06:17.624+0000][1][safepoint    ] Safepoint "Cleanup", Time since last: 1011975966 ns, Reaching safepoint: 428564 ns, At safepoint: 8709 ns, Total: 437273 ns
[2020-03-03T03:06:18.626+0000][1][safepoint    ] Safepoint "Cleanup", Time since last: 1001115604 ns, Reaching safepoint: 36572 ns, At safepoint: 4461 ns, Total: 41033 ns
[2020-03-03T03:06:19.737+0000][1][safepoint    ] Safepoint "Cleanup", Time since last: 1005190356 ns, Reaching safepoint: 105802868 ns, At safepoint: 10276 ns, Total: 105813144 ns
[2020-03-03T03:06:19.843+0000][1][safepoint    ] Safepoint "Deoptimize", Time since last: 106323623 ns, Reaching safepoint: 28911 ns, At safepoint: 388793 ns, Total: 417704 ns
[2020-03-03T03:06:19.844+0000][1][safepoint    ] Safepoint "Deoptimize", Time since last: 249964 ns, Reaching safepoint: 12860 ns, At safepoint: 222075 ns, Total: 234935 ns
[2020-03-03T03:06:20.846+0000][1][safepoint    ] Safepoint "Cleanup", Time since last: 1001900920 ns, Reaching safepoint: 42359 ns, At safepoint: 4636 ns, Total: 46995 ns
[2020-03-03T03:06:21.846+0000][1][safepoint    ] Safepoint "Cleanup", Time since last: 1000589947 ns, Reaching safepoint: 51613 ns, At safepoint: 7268 ns, Total: 58881 ns
[2020-03-03T03:06:22.756+0000][1][safepoint    ] Safepoint "Deoptimize", Time since last: 909295330 ns, Reaching safepoint: 46414 ns, At safepoint: 325526 ns, Total: 371940 ns
[2020-03-03T03:06:22.911+0000][1][safepoint    ] Safepoint "Deoptimize", Time since last: 154177179 ns, Reaching safepoint: 50143 ns, At safepoint: 279182 ns, Total: 329325 ns
[2020-03-03T03:06:23.284+0000][1][safepoint    ] Safepoint "RevokeBias", Time since last: 370914171 ns, Reaching safepoint: 2108978 ns, At safepoint: 49128 ns, Total: 2158106 ns
[2020-03-03T03:06:23.287+0000][1][safepoint    ] Safepoint "RevokeBias", Time since last: 1334249 ns, Reaching safepoint: 2397944 ns, At safepoint: 27816 ns, Total: 2425760 ns
[2020-03-03T03:06:23.291+0000][1][safepoint    ] Safepoint "RevokeBias", Time since last: 102626 ns, Reaching safepoint: 2989430 ns, At safepoint: 36200 ns, Total: 3025630 ns
[2020-03-03T03:06:23.294+0000][1][safepoint    ] Safepoint "RevokeBias", Time since last: 221238 ns, Reaching safepoint: 3020351 ns, At safepoint: 50054 ns, Total: 3070405 ns
[2020-03-03T03:06:23.514+0000][1][safepoint    ] Safepoint "Deoptimize", Time since last: 220003138 ns, Reaching safepoint: 79889 ns, At safepoint: 288868 ns, Total: 368757 ns
[2020-03-03T03:06:24.521+0000][1][safepoint    ] Safepoint "Cleanup", Time since last: 1003248116 ns, Reaching safepoint: 3089157 ns, At safepoint: 12104 ns, Total: 3101261 ns
[2020-03-03T03:06:25.473+0000][1][gc,start     ] GC(0) Pause Young (Allocation Failure)
[2020-03-03T03:06:25.496+0000][1][gc,task      ] GC(0) Using 1 workers of 1 for evacuation
[2020-03-03T03:06:25.627+0000][1][gc,age       ] GC(0) Desired survivor size 4358144 bytes, new threshold 1 (max threshold 6)
[2020-03-03T03:06:25.627+0000][1][gc,age       ] GC(0) Age table with threshold 1 (max threshold 6)
[2020-03-03T03:06:25.627+0000][1][gc,age       ] GC(0) - age   1:    7976072 bytes,    7976072 total
[2020-03-03T03:06:25.627+0000][1][gc,heap      ] GC(0) ParNew: 68160K->7825K(76672K)
[2020-03-03T03:06:25.627+0000][1][gc,heap      ] GC(0) CMS: 0K->0K(963392K)
[2020-03-03T03:06:25.627+0000][1][gc,metaspace ] GC(0) Metaspace: 12578K->12578K(1060864K)
[2020-03-03T03:06:25.627+0000][1][gc           ] GC(0) Pause Young (Allocation Failure) 66M->7M(1015M) 154.215ms
[2020-03-03T03:06:25.627+0000][1][gc,cpu       ] GC(0) User=0.03s Sys=0.00s Real=0.16s
[2020-03-03T03:06:25.627+0000][1][safepoint    ] Safepoint "GenCollectForAllocation", Time since last: 928926569 ns, Reaching safepoint: 69785 ns, At safepoint: 177614309 ns, Total: 177684094 ns
[2020-03-03T03:06:25.641+0000][1][safepoint    ] Safepoint "RevokeBias", Time since last: 13901783 ns, Reaching safepoint: 34203 ns, At safepoint: 50410 ns, Total: 84613 ns
[2020-03-03T03:06:25.641+0000][1][safepoint    ] Safepoint "RevokeBias", Time since last: 192970 ns, Reaching safepoint: 33189 ns, At safepoint: 42283 ns, Total: 75472 ns
[2020-03-03T03:06:25.642+0000][1][safepoint    ] Safepoint "RevokeBias", Time since last: 82471 ns, Reaching safepoint: 25793 ns, At safepoint: 36750 ns, Total: 62543 ns
[2020-03-03T03:06:25.642+0000][1][safepoint    ] Safepoint "RevokeBias", Time since last: 52801 ns, Reaching safepoint: 24143 ns, At safepoint: 35823 ns, Total: 59966 ns
[2020-03-03T03:06:25.660+0000][1][safepoint    ] Safepoint "RevokeBias", Time since last: 18175074 ns, Reaching safepoint: 44944 ns, At safepoint: 39114 ns, Total: 84058 ns
[2020-03-03T03:06:25.660+0000][1][safepoint    ] Safepoint "RevokeBias", Time since last: 72192 ns, Reaching safepoint: 17453 ns, At safepoint: 23991 ns, Total: 41444 ns
[2020-03-03T03:06:25.660+0000][1][safepoint    ] Safepoint "RevokeBias", Time since last: 54496 ns, Reaching safepoint: 15426 ns, At safepoint: 22043 ns, Total: 37469 ns
[2020-03-03T03:06:25.663+0000][1][safepoint    ] Safepoint "RevokeBias", Time since last: 2698523 ns, Reaching safepoint: 37882 ns, At safepoint: 34027 ns, Total: 71909 ns
[2020-03-03T03:06:25.663+0000][1][safepoint    ] Safepoint "RevokeBias", Time since last: 62432 ns, Reaching safepoint: 16195 ns, At safepoint: 23634 ns, Total: 39829 ns
[2020-03-03T03:06:25.663+0000][1][safepoint    ] Safepoint "RevokeBias", Time since last: 33269 ns, Reaching safepoint: 14626 ns, At safepoint: 21742 ns, Total: 36368 ns
[2020-03-03T03:06:25.663+0000][1][safepoint    ] Safepoint "RevokeBias", Time since last: 36309 ns, Reaching safepoint: 15021 ns, At safepoint: 22183 ns, Total: 37204 ns
[2020-03-03T03:06:25.663+0000][1][safepoint    ] Safepoint "RevokeBias", Time since last: 30443 ns, Reaching safepoint: 14484 ns, At safepoint: 21566 ns, Total: 36050 ns
[2020-03-03T03:06:25.663+0000][1][safepoint    ] Safepoint "RevokeBias", Time since last: 35766 ns, Reaching safepoint: 14807 ns, At safepoint: 21753 ns, Total: 36560 ns
[2020-03-03T03:06:25.663+0000][1][safepoint    ] Safepoint "RevokeBias", Time since last: 30404 ns, Reaching safepoint: 14468 ns, At safepoint: 48694 ns, Total: 63162 ns
[2020-03-03T03:06:25.664+0000][1][safepoint    ] Safepoint "RevokeBias", Time since last: 46597 ns, Reaching safepoint: 19020 ns, At safepoint: 23243 ns, Total: 42263 ns
[2020-03-03T03:06:25.664+0000][1][safepoint    ] Safepoint "RevokeBias", Time since last: 31096 ns, Reaching safepoint: 14553 ns, At safepoint: 21652 ns, Total: 36205 ns
[2020-03-03T03:06:25.664+0000][1][safepoint    ] Safepoint "RevokeBias", Time since last: 57608 ns, Reaching safepoint: 15212 ns, At safepoint: 21927 ns, Total: 37139 ns
[2020-03-03T03:06:25.664+0000][1][safepoint    ] Safepoint "RevokeBias", Time since last: 31348 ns, Reaching safepoint: 14501 ns, At safepoint: 21277 ns, Total: 35778 ns
[2020-03-03T03:06:25.664+0000][1][safepoint    ] Safepoint "RevokeBias", Time since last: 85633 ns, Reaching safepoint: 14846 ns, At safepoint: 21624 ns, Total: 36470 ns
[2020-03-03T03:06:25.664+0000][1][safepoint    ] Safepoint "RevokeBias", Time since last: 30535 ns, Reaching safepoint: 14394 ns, At safepoint: 21186 ns, Total: 35580 ns
[2020-03-03T03:06:25.665+0000][1][safepoint    ] Safepoint "RevokeBias", Time since last: 925598 ns, Reaching safepoint: 31489 ns, At safepoint: 39620 ns, Total: 71109 ns
[2020-03-03T03:06:25.665+0000][1][safepoint    ] Safepoint "RevokeBias", Time since last: 69835 ns, Reaching safepoint: 25002 ns, At safepoint: 36783 ns, Total: 61785 ns
[2020-03-03T03:06:25.665+0000][1][safepoint    ] Safepoint "RevokeBias", Time since last: 61202 ns, Reaching safepoint: 24722 ns, At safepoint: 35927 ns, Total: 60649 ns
[2020-03-03T03:06:25.667+0000][1][safepoint    ] Safepoint "RevokeBias", Time since last: 1621129 ns, Reaching safepoint: 35237 ns, At safepoint: 44110 ns, Total: 79347 ns
[2020-03-03T03:06:25.667+0000][1][safepoint    ] Safepoint "RevokeBias", Time since last: 89284 ns, Reaching safepoint: 55359 ns, At safepoint: 46115 ns, Total: 101474 ns
[2020-03-03T03:06:25.667+0000][1][safepoint    ] Safepoint "RevokeBias", Time since last: 85923 ns, Reaching safepoint: 25752 ns, At safepoint: 36578 ns, Total: 62330 ns
[2020-03-03T03:06:25.667+0000][1][safepoint    ] Safepoint "RevokeBias", Time since last: 65356 ns, Reaching safepoint: 24844 ns, At safepoint: 36015 ns, Total: 60859 ns
[2020-03-03T03:06:25.667+0000][1][safepoint    ] Safepoint "RevokeBias", Time since last: 51220 ns, Reaching safepoint: 23896 ns, At safepoint: 35507 ns, Total: 59403 ns
[2020-03-03T03:06:26.050+0000][1][safepoint    ] Safepoint "RevokeBias", Time since last: 376428805 ns, Reaching safepoint: 6326645 ns, At safepoint: 32872 ns, Total: 6359517 ns
[2020-03-03T03:06:27.069+0000][1][safepoint    ] Safepoint "Cleanup", Time since last: 1007430137 ns, Reaching safepoint: 10801844 ns, At safepoint: 13672 ns, Total: 10815516 ns
[2020-03-03T03:06:28.080+0000][1][safepoint    ] Safepoint "Cleanup", Time since last: 1008137469 ns, Reaching safepoint: 3126696 ns, At safepoint: 12643 ns, Total: 3139339 ns
[2020-03-03T03:06:29.091+0000][1][safepoint    ] Safepoint "Cleanup", Time since last: 1001848612 ns, Reaching safepoint: 8886216 ns, At safepoint: 15580 ns, Total: 8901796 ns
[2020-03-03T03:06:29.202+0000][1][safepoint    ] Safepoint "Deoptimize", Time since last: 111322950 ns, Reaching safepoint: 272295 ns, At safepoint: 254802 ns, Total: 527097 ns
[2020-03-03T03:06:30.204+0000][1][safepoint    ] Safepoint "Cleanup", Time since last: 1000345943 ns, Reaching safepoint: 1721020 ns, At safepoint: 15837 ns, Total: 1736857 ns
[2020-03-03T03:06:31.270+0000][1][safepoint    ] Safepoint "Cleanup", Time since last: 1005111007 ns, Reaching safepoint: 60045764 ns, At safepoint: 11778 ns, Total: 60057542 ns
[2020-03-03T03:06:32.274+0000][1][safepoint    ] Safepoint "Cleanup", Time since last: 1000696972 ns, Reaching safepoint: 3179859 ns, At safepoint: 16358 ns, Total: 3196217 ns
[2020-03-03T03:06:33.086+0000][1][safepoint    ] Safepoint "RevokeBias", Time since last: 812656496 ns, Reaching safepoint: 37946 ns, At safepoint: 38223 ns, Total: 76169 ns
[2020-03-03T03:06:33.202+0000][1][safepoint    ] Safepoint "RevokeBias", Time since last: 109222588 ns, Reaching safepoint: 6493531 ns, At safepoint: 74018 ns, Total: 6567549 ns
[2020-03-03T03:06:33.945+0000][1][safepoint    ] Safepoint "RevokeBias", Time since last: 742876545 ns, Reaching safepoint: 83457 ns, At safepoint: 61677 ns, Total: 145134 ns
[2020-03-03T03:06:34.133+0000][1][safepoint    ] Safepoint "RevokeBias", Time since last: 188077312 ns, Reaching safepoint: 26663 ns, At safepoint: 34797 ns, Total: 61460 ns
[2020-03-03T03:06:34.159+0000][1][safepoint    ] Safepoint "RevokeBias", Time since last: 25642194 ns, Reaching safepoint: 43781 ns, At safepoint: 55598 ns, Total: 99379 ns
[2020-03-03T03:06:35.311+0000][1][safepoint    ] Safepoint "Cleanup", Time since last: 1001031144 ns, Reaching safepoint: 151458761 ns, At safepoint: 12567 ns, Total: 151471328 ns
[2020-03-03T03:06:36.317+0000][1][safepoint    ] Safepoint "Cleanup", Time since last: 1005298770 ns, Reaching safepoint: 249561 ns, At safepoint: 14225 ns, Total: 263786 ns
[2020-03-03T03:06:36.604+0000][1][safepoint    ] Safepoint "Deoptimize", Time since last: 287009831 ns, Reaching safepoint: 31192 ns, At safepoint: 409751 ns, Total: 440943 ns
[2020-03-03T03:06:36.605+0000][1][safepoint    ] Safepoint "Deoptimize", Time since last: 623192 ns, Reaching safepoint: 15158 ns, At safepoint: 227385 ns, Total: 242543 ns
[2020-03-03T03:06:37.161+0000][1][gc,start     ] GC(1) Pause Young (Allocation Failure)
[2020-03-03T03:06:37.161+0000][1][gc,task      ] GC(1) Using 1 workers of 1 for evacuation
[2020-03-03T03:06:37.501+0000][1][gc,age       ] GC(1) Desired survivor size 4358144 bytes, new threshold 6 (max threshold 6)
[2020-03-03T03:06:37.501+0000][1][gc,age       ] GC(1) Age table with threshold 6 (max threshold 6)
[2020-03-03T03:06:37.501+0000][1][gc,age       ] GC(1) - age   1:    3386856 bytes,    3386856 total
[2020-03-03T03:06:37.501+0000][1][gc,heap      ] GC(1) ParNew: 75985K->5491K(76672K)
[2020-03-03T03:06:37.501+0000][1][gc,heap      ] GC(1) CMS: 0K->6807K(963392K)
[2020-03-03T03:06:37.501+0000][1][gc,metaspace ] GC(1) Metaspace: 17343K->17343K(1064960K)
[2020-03-03T03:06:37.520+0000][1][gc           ] GC(1) Pause Young (Allocation Failure) 74M->12M(1015M) 359.100ms
[2020-03-03T03:06:37.520+0000][1][gc,cpu       ] GC(1) User=0.15s Sys=0.01s Real=0.36s
[2020-03-03T03:06:37.520+0000][1][safepoint    ] Safepoint "GenCollectForAllocation", Time since last: 555328721 ns, Reaching safepoint: 52775 ns, At safepoint: 359244634 ns, Total: 359297409 ns
[2020-03-03T03:06:37.549+0000][1][safepoint    ] Safepoint "BulkRevokeBias", Time since last: 26757294 ns, Reaching safepoint: 2125740 ns, At safepoint: 228222 ns, Total: 2353962 ns
[2020-03-03T03:06:37.558+0000][1][safepoint    ] Safepoint "RevokeBias", Time since last: 2833600 ns, Reaching safepoint: 6038273 ns, At safepoint: 121972 ns, Total: 6160245 ns
[2020-03-03T03:06:37.566+0000][1][safepoint    ] Safepoint "RevokeBias", Time since last: 145431 ns, Reaching safepoint: 7324100 ns, At safepoint: 80145 ns, Total: 7404245 ns
[2020-03-03T03:06:37.566+0000][1][safepoint    ] Safepoint "RevokeBias", Time since last: 120635 ns, Reaching safepoint: 127408 ns, At safepoint: 62089 ns, Total: 189497 ns
[2020-03-03T03:06:37.567+0000][1][safepoint    ] Safepoint "RevokeBias", Time since last: 45670 ns, Reaching safepoint: 640182 ns, At safepoint: 89765 ns, Total: 729947 ns
[2020-03-03T03:06:37.567+0000][1][safepoint    ] Safepoint "RevokeBias", Time since last: 96070 ns, Reaching safepoint: 352184 ns, At safepoint: 76883 ns, Total: 429067 ns
[2020-03-03T03:06:37.568+0000][1][safepoint    ] Safepoint "RevokeBias", Time since last: 80645 ns, Reaching safepoint: 234491 ns, At safepoint: 85683 ns, Total: 320174 ns
[2020-03-03T03:06:37.568+0000][1][safepoint    ] Safepoint "RevokeBias", Time since last: 118027 ns, Reaching safepoint: 108915 ns, At safepoint: 53184 ns, Total: 162099 ns
[2020-03-03T03:06:37.568+0000][1][safepoint    ] Safepoint "RevokeBias", Time since last: 40644 ns, Reaching safepoint: 127618 ns, At safepoint: 50571 ns, Total: 178189 ns
[2020-03-03T03:06:37.569+0000][1][safepoint    ] Safepoint "BulkRevokeBias", Time since last: 44225 ns, Reaching safepoint: 246802 ns, At safepoint: 80867 ns, Total: 327669 ns
[2020-03-03T03:06:37.569+0000][1][safepoint    ] Safepoint "BulkRevokeBias", Time since last: 53939 ns, Reaching safepoint: 457586 ns, At safepoint: 77348 ns, Total: 534934 ns
[2020-03-03T03:06:38.606+0000][1][safepoint    ] Safepoint "Cleanup", Time since last: 1005714099 ns, Reaching safepoint: 30737905 ns, At safepoint: 13711 ns, Total: 30751616 ns
[2020-03-03T03:06:38.610+0000][1][safepoint    ] Safepoint "Deoptimize", Time since last: 3698140 ns, Reaching safepoint: 32575 ns, At safepoint: 427404 ns, Total: 459979 ns
[2020-03-03T03:06:39.468+0000][1][safepoint    ] Safepoint "RevokeBias", Time since last: 845379996 ns, Reaching safepoint: 12782771 ns, At safepoint: 58707 ns, Total: 12841478 ns
[2020-03-03T03:06:39.487+0000][1][safepoint    ] Safepoint "RevokeBias", Time since last: 18833767 ns, Reaching safepoint: 38595 ns, At safepoint: 56740 ns, Total: 95335 ns
[2020-03-03T03:06:39.878+0000][1][safepoint    ] Safepoint "RevokeBias", Time since last: 391260247 ns, Reaching safepoint: 42673 ns, At safepoint: 36178 ns, Total: 78851 ns
[2020-03-03T03:06:39.926+0000][1][safepoint    ] Safepoint "RevokeBias", Time since last: 47458611 ns, Reaching safepoint: 30572 ns, At safepoint: 72589 ns, Total: 103161 ns
[2020-03-03T03:06:40.223+0000][1][safepoint    ] Safepoint "RevokeBias", Time since last: 297252815 ns, Reaching safepoint: 59524 ns, At safepoint: 59816 ns, Total: 119340 ns
[2020-03-03T03:06:40.243+0000][1][safepoint    ] Safepoint "RevokeBias", Time since last: 20144842 ns, Reaching safepoint: 31315 ns, At safepoint: 67737 ns, Total: 99052 ns
[2020-03-03T03:06:41.271+0000][1][safepoint    ] Safepoint "Cleanup", Time since last: 1000316339 ns, Reaching safepoint: 26874409 ns, At safepoint: 31651 ns, Total: 26906060 ns
[2020-03-03T03:06:42.206+0000][1][gc,start     ] GC(2) Pause Young (Allocation Failure)
[2020-03-03T03:06:42.206+0000][1][gc,task      ] GC(2) Using 1 workers of 1 for evacuation
[2020-03-03T03:06:42.246+0000][1][gc,age       ] GC(2) Desired survivor size 4358144 bytes, new threshold 2 (max threshold 6)
[2020-03-03T03:06:42.246+0000][1][gc,age       ] GC(2) Age table with threshold 2 (max threshold 6)
[2020-03-03T03:06:42.246+0000][1][gc,age       ] GC(2) - age   1:    1686480 bytes,    1686480 total
[2020-03-03T03:06:42.246+0000][1][gc,age       ] GC(2) - age   2:    3191680 bytes,    4878160 total
[2020-03-03T03:06:42.246+0000][1][gc,heap      ] GC(2) ParNew: 73651K->7713K(76672K)
[2020-03-03T03:06:42.246+0000][1][gc,heap      ] GC(2) CMS: 6807K->6807K(963392K)
[2020-03-03T03:06:42.246+0000][1][gc,metaspace ] GC(2) Metaspace: 18653K->18653K(1067008K)
[2020-03-03T03:06:42.246+0000][1][gc           ] GC(2) Pause Young (Allocation Failure) 78M->14M(1015M) 40.522ms
[2020-03-03T03:06:42.246+0000][1][gc,cpu       ] GC(2) User=0.04s Sys=0.00s Real=0.04s
[2020-03-03T03:06:42.246+0000][1][safepoint    ] Safepoint "GenCollectForAllocation", Time since last: 935028128 ns, Reaching safepoint: 56213 ns, At safepoint: 40604619 ns, Total: 40660832 ns
[2020-03-03T03:06:42.681+0000][1][safepoint    ] Safepoint "RevokeBias", Time since last: 13774373 ns, Reaching safepoint: 420411946 ns, At safepoint: 101246 ns, Total: 420513192 ns
[2020-03-03T03:06:43.342+0000][1][safepoint    ] Safepoint "RevokeBias", Time since last: 17966905 ns, Reaching safepoint: 643394101 ns, At safepoint: 189140 ns, Total: 643583241 ns
[2020-03-03T03:06:43.370+0000][1][safepoint    ] Safepoint "RevokeBias", Time since last: 18161543 ns, Reaching safepoint: 9335595 ns, At safepoint: 392653 ns, Total: 9728248 ns
[2020-03-03T03:06:43.402+0000][1][safepoint    ] Safepoint "RevokeBias", Time since last: 703962 ns, Reaching safepoint: 30681341 ns, At safepoint: 219180 ns, Total: 30900521 ns
[2020-03-03T03:06:43.445+0000][1][safepoint    ] Safepoint "RevokeBias", Time since last: 11054550 ns, Reaching safepoint: 32643019 ns, At safepoint: 94785 ns, Total: 32737804 ns
[2020-03-03T03:06:43.529+0000][1][safepoint    ] Safepoint "RevokeBias", Time since last: 5828307 ns, Reaching safepoint: 77957255 ns, At safepoint: 119639 ns, Total: 78076894 ns
[2020-03-03T03:06:43.540+0000][1][safepoint    ] Safepoint "RevokeBias", Time since last: 7147678 ns, Reaching safepoint: 3472629 ns, At safepoint: 100362 ns, Total: 3572991 ns
[2020-03-03T03:06:43.544+0000][1][safepoint    ] Safepoint "RevokeBias", Time since last: 1788231 ns, Reaching safepoint: 1508449 ns, At safepoint: 213159 ns, Total: 1721608 ns
[2020-03-03T03:06:43.554+0000][1][safepoint    ] Safepoint "RevokeBias", Time since last: 9824005 ns, Reaching safepoint: 327374 ns, At safepoint: 112758 ns, Total: 440132 ns
[2020-03-03T03:06:43.588+0000][1][safepoint    ] Safepoint "RevokeBias", Time since last: 34264229 ns, Reaching safepoint: 99388 ns, At safepoint: 104436 ns, Total: 203824 ns
[2020-03-03T03:06:43.614+0000][1][safepoint    ] Safepoint "RevokeBias", Time since last: 20201626 ns, Reaching safepoint: 5424615 ns, At safepoint: 188326 ns, Total: 5612941 ns
[2020-03-03T03:06:43.621+0000][1][safepoint    ] Safepoint "RevokeBias", Time since last: 7044506 ns, Reaching safepoint: 111498 ns, At safepoint: 80169 ns, Total: 191667 ns
[2020-03-03T03:06:44.623+0000][1][safepoint    ] Safepoint "Cleanup", Time since last: 1001456280 ns, Reaching safepoint: 640986 ns, At safepoint: 8086 ns, Total: 649072 ns
[2020-03-03T03:06:44.805+0000][1][safepoint    ] Safepoint "RevokeBias", Time since last: 181278137 ns, Reaching safepoint: 53557 ns, At safepoint: 58307 ns, Total: 111864 ns
[2020-03-03T03:06:44.816+0000][1][safepoint    ] Safepoint "RevokeBias", Time since last: 10747265 ns, Reaching safepoint: 27981 ns, At safepoint: 38075 ns, Total: 66056 ns
[2020-03-03T03:06:45.824+0000][1][safepoint    ] Safepoint "Cleanup", Time since last: 1008158811 ns, Reaching safepoint: 101560 ns, At safepoint: 7027 ns, Total: 108587 ns
[2020-03-03T03:06:47.148+0000][1][gc,start     ] GC(3) Pause Young (Allocation Failure)
[2020-03-03T03:06:47.148+0000][1][gc,task      ] GC(3) Using 1 workers of 1 for evacuation
[2020-03-03T03:06:47.237+0000][1][gc,age       ] GC(3) Desired survivor size 4358144 bytes, new threshold 6 (max threshold 6)
[2020-03-03T03:06:47.237+0000][1][gc,age       ] GC(3) Age table with threshold 6 (max threshold 6)
[2020-03-03T03:06:47.237+0000][1][gc,age       ] GC(3) - age   1:    1749160 bytes,    1749160 total
[2020-03-03T03:06:47.237+0000][1][gc,age       ] GC(3) - age   2:     570976 bytes,    2320136 total
[2020-03-03T03:06:47.238+0000][1][gc,heap      ] GC(3) ParNew: 75873K->4531K(76672K)
[2020-03-03T03:06:47.238+0000][1][gc,heap      ] GC(3) CMS: 6807K->9956K(963392K)
[2020-03-03T03:06:47.238+0000][1][gc,metaspace ] GC(3) Metaspace: 18885K->18885K(1067008K)
[2020-03-03T03:06:47.238+0000][1][gc           ] GC(3) Pause Young (Allocation Failure) 80M->14M(1015M) 89.619ms
[2020-03-03T03:06:47.238+0000][1][gc,cpu       ] GC(3) User=0.04s Sys=0.01s Real=0.09s
[2020-03-03T03:06:47.238+0000][1][safepoint    ] Safepoint "GenCollectForAllocation", Time since last: 1324119932 ns, Reaching safepoint: 30719 ns, At safepoint: 89745570 ns, Total: 89776289 ns
[2020-03-03T03:06:47.252+0000][1][safepoint    ] Safepoint "RevokeBias", Time since last: 13628453 ns, Reaching safepoint: 55453 ns, At safepoint: 60115 ns, Total: 115568 ns
[2020-03-03T03:06:47.252+0000][1][safepoint    ] Safepoint "RevokeBias", Time since last: 102024 ns, Reaching safepoint: 29373 ns, At safepoint: 45420 ns, Total: 74793 ns
[2020-03-03T03:06:47.252+0000][1][safepoint    ] Safepoint "RevokeBias", Time since last: 616506 ns, Reaching safepoint: 35399 ns, At safepoint: 49749 ns, Total: 85148 ns
[2020-03-03T03:06:47.253+0000][1][safepoint    ] Safepoint "RevokeBias", Time since last: 152579 ns, Reaching safepoint: 34709 ns, At safepoint: 46146 ns, Total: 80855 ns
[2020-03-03T03:06:47.253+0000][1][safepoint    ] Safepoint "RevokeBias", Time since last: 73972 ns, Reaching safepoint: 27510 ns, At safepoint: 42875 ns, Total: 70385 ns
[2020-03-03T03:06:47.253+0000][1][safepoint    ] Safepoint "RevokeBias", Time since last: 55389 ns, Reaching safepoint: 26092 ns, At safepoint: 41830 ns, Total: 67922 ns
[2020-03-03T03:06:49.257+0000][1][safepoint    ] Safepoint "Cleanup", Time since last: 2004337254 ns, Reaching safepoint: 90924 ns, At safepoint: 9904 ns, Total: 100828 ns
[2020-03-03T03:06:50.258+0000][1][safepoint    ] Safepoint "Cleanup", Time since last: 1000334877 ns, Reaching safepoint: 115726 ns, At safepoint: 18795 ns, Total: 134521 ns
[2020-03-03T03:06:50.486+0000][1][gc,start     ] GC(4) Pause Young (Allocation Failure)
[2020-03-03T03:06:50.486+0000][1][gc,task      ] GC(4) Using 1 workers of 1 for evacuation
[2020-03-03T03:06:50.545+0000][1][gc,age       ] GC(4) Desired survivor size 4358144 bytes, new threshold 6 (max threshold 6)
[2020-03-03T03:06:50.545+0000][1][gc,age       ] GC(4) Age table with threshold 6 (max threshold 6)
[2020-03-03T03:06:50.545+0000][1][gc,age       ] GC(4) - age   1:    1473504 bytes,    1473504 total
[2020-03-03T03:06:50.545+0000][1][gc,age       ] GC(4) - age   2:     321080 bytes,    1794584 total
[2020-03-03T03:06:50.545+0000][1][gc,age       ] GC(4) - age   3:     570880 bytes,    2365464 total
[2020-03-03T03:06:50.545+0000][1][gc,heap      ] GC(4) ParNew: 72691K->3964K(76672K)
[2020-03-03T03:06:50.545+0000][1][gc,heap      ] GC(4) CMS: 9956K->9956K(963392K)
[2020-03-03T03:06:50.545+0000][1][gc,metaspace ] GC(4) Metaspace: 19480K->19480K(1067008K)
[2020-03-03T03:06:50.545+0000][1][gc           ] GC(4) Pause Young (Allocation Failure) 80M->13M(1015M) 59.793ms
[2020-03-03T03:06:50.545+0000][1][gc,cpu       ] GC(4) User=0.04s Sys=0.00s Real=0.06s
[2020-03-03T03:06:50.545+0000][1][safepoint    ] Safepoint "GenCollectForAllocation", Time since last: 227581690 ns, Reaching safepoint: 136091 ns, At safepoint: 59909257 ns, Total: 60045348 ns
[2020-03-03T03:06:50.605+0000][1][safepoint    ] Safepoint "BulkRevokeBias", Time since last: 31262931 ns, Reaching safepoint: 27964486 ns, At safepoint: 121592 ns, Total: 28086078 ns
[2020-03-03T03:06:50.609+0000][1][safepoint    ] Safepoint "RevokeBias", Time since last: 126311 ns, Reaching safepoint: 4062714 ns, At safepoint: 77350 ns, Total: 4140064 ns
[2020-03-03T03:06:50.610+0000][1][safepoint    ] Safepoint "RevokeBias", Time since last: 126409 ns, Reaching safepoint: 401226 ns, At safepoint: 59514 ns, Total: 460740 ns
[2020-03-03T03:06:50.612+0000][1][safepoint    ] Safepoint "RevokeBias", Time since last: 66887 ns, Reaching safepoint: 2286975 ns, At safepoint: 100045 ns, Total: 2387020 ns
[2020-03-03T03:06:50.613+0000][1][safepoint    ] Safepoint "RevokeBias", Time since last: 172286 ns, Reaching safepoint: 603192 ns, At safepoint: 91879 ns, Total: 695071 ns
[2020-03-03T03:06:50.613+0000][1][safepoint    ] Safepoint "RevokeBias", Time since last: 81505 ns, Reaching safepoint: 230320 ns, At safepoint: 86096 ns, Total: 316416 ns
[2020-03-03T03:06:50.807+0000][1][safepoint    ] Safepoint "RevokeBias", Time since last: 193630464 ns, Reaching safepoint: 32982 ns, At safepoint: 13279 ns, Total: 46261 ns
[2020-03-03T03:06:50.810+0000][1][safepoint    ] Safepoint "Deoptimize", Time since last: 2365244 ns, Reaching safepoint: 35179 ns, At safepoint: 522850 ns, Total: 558029 ns
[2020-03-03T03:06:50.926+0000][1][safepoint    ] Safepoint "RevokeBias", Time since last: 115972568 ns, Reaching safepoint: 33548 ns, At safepoint: 31287 ns, Total: 64835 ns
[2020-03-03T03:06:51.019+0000][1][safepoint    ] Safepoint "RevokeBias", Time since last: 92747666 ns, Reaching safepoint: 39350 ns, At safepoint: 41528 ns, Total: 80878 ns
[2020-03-03T03:06:51.022+0000][1][safepoint    ] Safepoint "RevokeBias", Time since last: 3346660 ns, Reaching safepoint: 38088 ns, At safepoint: 57622 ns, Total: 95710 ns
[2020-03-03T03:06:51.040+0000][1][safepoint    ] Safepoint "RevokeBias", Time since last: 18084663 ns, Reaching safepoint: 31491 ns, At safepoint: 65382 ns, Total: 96873 ns
[2020-03-03T03:06:51.075+0000][1][safepoint    ] Safepoint "RevokeBias", Time since last: 34578616 ns, Reaching safepoint: 78580 ns, At safepoint: 166505 ns, Total: 245085 ns
[2020-03-03T03:06:51.114+0000][1][safepoint    ] Safepoint "RevokeBias", Time since last: 32932988 ns, Reaching safepoint: 5381515 ns, At safepoint: 107907 ns, Total: 5489422 ns
[2020-03-03T03:06:51.173+0000][1][safepoint    ] Safepoint "RevokeBias", Time since last: 59180986 ns, Reaching safepoint: 33502 ns, At safepoint: 49997 ns, Total: 83499 ns
[2020-03-03T03:06:51.176+0000][1][safepoint    ] Safepoint "RevokeBias", Time since last: 2608615 ns, Reaching safepoint: 21861 ns, At safepoint: 33766 ns, Total: 55627 ns
[2020-03-03T03:06:51.291+0000][1][safepoint    ] Safepoint "Deoptimize", Time since last: 114583082 ns, Reaching safepoint: 43550 ns, At safepoint: 491849 ns, Total: 535399 ns
[2020-03-03T03:06:51.342+0000][1][safepoint    ] Safepoint "RevokeBias", Time since last: 50925079 ns, Reaching safepoint: 34893 ns, At safepoint: 36332 ns, Total: 71225 ns
[2020-03-03T03:06:51.459+0000][1][safepoint    ] Safepoint "RevokeBias", Time since last: 116799390 ns, Reaching safepoint: 55894 ns, At safepoint: 60417 ns, Total: 116311 ns
[2020-03-03T03:06:51.821+0000][1][safepoint    ] Safepoint "RevokeBias", Time since last: 362169077 ns, Reaching safepoint: 47607 ns, At safepoint: 48443 ns, Total: 96050 ns
[2020-03-03T03:06:51.846+0000][1][safepoint    ] Safepoint "RevokeBias", Time since last: 24817664 ns, Reaching safepoint: 51365 ns, At safepoint: 58566 ns, Total: 109931 ns
[2020-03-03T03:06:51.955+0000][1][gc,start     ] GC(5) Pause Young (Allocation Failure)
[2020-03-03T03:06:51.955+0000][1][gc,task      ] GC(5) Using 1 workers of 1 for evacuation
[2020-03-03T03:06:52.231+0000][1][gc,age       ] GC(5) Desired survivor size 4358144 bytes, new threshold 4 (max threshold 6)
[2020-03-03T03:06:52.231+0000][1][gc,age       ] GC(5) Age table with threshold 4 (max threshold 6)
[2020-03-03T03:06:52.231+0000][1][gc,age       ] GC(5) - age   1:    2281112 bytes,    2281112 total
[2020-03-03T03:06:52.231+0000][1][gc,age       ] GC(5) - age   2:    1272648 bytes,    3553760 total
[2020-03-03T03:06:52.231+0000][1][gc,age       ] GC(5) - age   3:     321080 bytes,    3874840 total
[2020-03-03T03:06:52.231+0000][1][gc,age       ] GC(5) - age   4:     570824 bytes,    4445664 total
[2020-03-03T03:06:52.231+0000][1][gc,heap      ] GC(5) ParNew: 72124K->5447K(76672K)
[2020-03-03T03:06:52.231+0000][1][gc,heap      ] GC(5) CMS: 9956K->9956K(963392K)
[2020-03-03T03:06:52.231+0000][1][gc,metaspace ] GC(5) Metaspace: 19727K->19727K(1067008K)
[2020-03-03T03:06:52.231+0000][1][gc           ] GC(5) Pause Young (Allocation Failure) 80M->15M(1015M) 276.189ms
[2020-03-03T03:06:52.231+0000][1][gc,cpu       ] GC(5) User=0.04s Sys=0.02s Real=0.27s
[2020-03-03T03:06:52.231+0000][1][safepoint    ] Safepoint "GenCollectForAllocation", Time since last: 108572341 ns, Reaching safepoint: 40228 ns, At safepoint: 276253919 ns, Total: 276294147 ns
[2020-03-03T03:06:52.250+0000][1][safepoint    ] Safepoint "RevokeBias", Time since last: 18941549 ns, Reaching safepoint: 52502 ns, At safepoint: 46516 ns, Total: 99018 ns
[2020-03-03T03:06:52.250+0000][1][safepoint    ] Safepoint "RevokeBias", Time since last: 73238 ns, Reaching safepoint: 19061 ns, At safepoint: 30220 ns, Total: 49281 ns
[2020-03-03T03:06:52.250+0000][1][safepoint    ] Safepoint "RevokeBias", Time since last: 53127 ns, Reaching safepoint: 16823 ns, At safepoint: 26730 ns, Total: 43553 ns
[2020-03-03T03:06:52.250+0000][1][safepoint    ] Safepoint "RevokeBias", Time since last: 32144 ns, Reaching safepoint: 15747 ns, At safepoint: 26208 ns, Total: 41955 ns
[2020-03-03T03:06:52.250+0000][1][safepoint    ] Safepoint "RevokeBias", Time since last: 48392 ns, Reaching safepoint: 16063 ns, At safepoint: 26121 ns, Total: 42184 ns
[2020-03-03T03:06:52.250+0000][1][safepoint    ] Safepoint "RevokeBias", Time since last: 31093 ns, Reaching safepoint: 15733 ns, At safepoint: 25896 ns, Total: 41629 ns
[2020-03-03T03:06:52.855+0000][1][safepoint    ] Safepoint "RevokeBias", Time since last: 604254551 ns, Reaching safepoint: 39132 ns, At safepoint: 77683 ns, Total: 116815 ns
[2020-03-03T03:06:52.871+0000][1][safepoint    ] Safepoint "RevokeBias", Time since last: 16683852 ns, Reaching safepoint: 28462 ns, At safepoint: 38601 ns, Total: 67063 ns
[2020-03-03T03:06:53.690+0000][1][safepoint    ] Safepoint "RevokeBias", Time since last: 818256528 ns, Reaching safepoint: 33982 ns, At safepoint: 31447 ns, Total: 65429 ns
[2020-03-03T03:06:53.713+0000][1][safepoint    ] Safepoint "RevokeBias", Time since last: 22927268 ns, Reaching safepoint: 54943 ns, At safepoint: 67361 ns, Total: 122304 ns
[2020-03-03T03:06:53.880+0000][1][gc,start     ] GC(6) Pause Young (Allocation Failure)
[2020-03-03T03:06:53.880+0000][1][gc,task      ] GC(6) Using 1 workers of 1 for evacuation
[2020-03-03T03:06:53.923+0000][1][gc,age       ] GC(6) Desired survivor size 4358144 bytes, new threshold 6 (max threshold 6)
[2020-03-03T03:06:53.923+0000][1][gc,age       ] GC(6) Age table with threshold 6 (max threshold 6)
[2020-03-03T03:06:53.923+0000][1][gc,age       ] GC(6) - age   1:    1160616 bytes,    1160616 total
[2020-03-03T03:06:53.923+0000][1][gc,age       ] GC(6) - age   2:    1524944 bytes,    2685560 total
[2020-03-03T03:06:53.923+0000][1][gc,age       ] GC(6) - age   3:    1272304 bytes,    3957864 total
[2020-03-03T03:06:53.923+0000][1][gc,age       ] GC(6) - age   4:     321080 bytes,    4278944 total
[2020-03-03T03:06:53.923+0000][1][gc,heap      ] GC(6) ParNew: 73607K->7193K(76672K)
[2020-03-03T03:06:53.923+0000][1][gc,heap      ] GC(6) CMS: 9956K->10522K(963392K)
[2020-03-03T03:06:53.923+0000][1][gc,metaspace ] GC(6) Metaspace: 19815K->19815K(1067008K)
[2020-03-03T03:06:53.923+0000][1][gc           ] GC(6) Pause Young (Allocation Failure) 81M->17M(1015M) 43.007ms
[2020-03-03T03:06:53.923+0000][1][gc,cpu       ] GC(6) User=0.02s Sys=0.00s Real=0.04s
[2020-03-03T03:06:53.923+0000][1][safepoint    ] Safepoint "GenCollectForAllocation", Time since last: 166931081 ns, Reaching safepoint: 21251 ns, At safepoint: 43066859 ns, Total: 43088110 ns
[2020-03-03T03:06:53.968+0000][1][safepoint    ] Safepoint "RevokeBias", Time since last: 45128865 ns, Reaching safepoint: 39123 ns, At safepoint: 40591 ns, Total: 79714 ns
[2020-03-03T03:06:53.987+0000][1][safepoint    ] Safepoint "RevokeBias", Time since last: 18528123 ns, Reaching safepoint: 42349 ns, At safepoint: 38578 ns, Total: 80927 ns
[2020-03-03T03:06:53.987+0000][1][safepoint    ] Safepoint "RevokeBias", Time since last: 96162 ns, Reaching safepoint: 12760 ns, At safepoint: 21035 ns, Total: 33795 ns
[2020-03-03T03:06:53.987+0000][1][safepoint    ] Safepoint "RevokeBias", Time since last: 33140 ns, Reaching safepoint: 7617 ns, At safepoint: 16604 ns, Total: 24221 ns
[2020-03-03T03:06:54.664+0000][1][safepoint    ] Safepoint "RevokeBias", Time since last: 676705862 ns, Reaching safepoint: 29360 ns, At safepoint: 73011 ns, Total: 102371 ns
[2020-03-03T03:06:54.732+0000][1][safepoint    ] Safepoint "RevokeBias", Time since last: 68067736 ns, Reaching safepoint: 41385 ns, At safepoint: 57612 ns, Total: 98997 ns
[2020-03-03T03:06:55.733+0000][1][safepoint    ] Safepoint "Cleanup", Time since last: 1000755190 ns, Reaching safepoint: 53630 ns, At safepoint: 7749 ns, Total: 61379 ns
[2020-03-03T03:06:55.931+0000][1][safepoint    ] Safepoint "RevokeBias", Time since last: 189546651 ns, Reaching safepoint: 27456 ns, At safepoint: 8724833 ns, Total: 8752289 ns
[2020-03-03T03:06:56.001+0000][1][safepoint    ] Safepoint "RevokeBias", Time since last: 69666094 ns, Reaching safepoint: 119160 ns, At safepoint: 63828 ns, Total: 182988 ns
[2020-03-03T03:06:56.025+0000][1][safepoint    ] Safepoint "RevokeBias", Time since last: 23881275 ns, Reaching safepoint: 22486 ns, At safepoint: 29848 ns, Total: 52334 ns
[2020-03-03T03:06:56.375+0000][1][gc,start     ] GC(7) Pause Young (Allocation Failure)
[2020-03-03T03:06:56.375+0000][1][gc,task      ] GC(7) Using 1 workers of 1 for evacuation
[2020-03-03T03:06:56.712+0000][1][gc,age       ] GC(7) Desired survivor size 4358144 bytes, new threshold 4 (max threshold 6)
[2020-03-03T03:06:56.712+0000][1][gc,age       ] GC(7) Age table with threshold 4 (max threshold 6)
[2020-03-03T03:06:56.712+0000][1][gc,age       ] GC(7) - age   1:    1879784 bytes,    1879784 total
[2020-03-03T03:06:56.712+0000][1][gc,age       ] GC(7) - age   2:     415424 bytes,    2295208 total
[2020-03-03T03:06:56.712+0000][1][gc,age       ] GC(7) - age   3:    1522944 bytes,    3818152 total
[2020-03-03T03:06:56.712+0000][1][gc,age       ] GC(7) - age   4:    1271648 bytes,    5089800 total
[2020-03-03T03:06:56.712+0000][1][gc,age       ] GC(7) - age   5:     321080 bytes,    5410880 total
[2020-03-03T03:06:56.712+0000][1][gc,heap      ] GC(7) ParNew: 75353K->7398K(76672K)
[2020-03-03T03:06:56.712+0000][1][gc,heap      ] GC(7) CMS: 10522K->10522K(963392K)
[2020-03-03T03:06:56.712+0000][1][gc,metaspace ] GC(7) Metaspace: 20050K->20050K(1067008K)
[2020-03-03T03:06:56.712+0000][1][gc           ] GC(7) Pause Young (Allocation Failure) 83M->17M(1015M) 336.870ms
[2020-03-03T03:06:56.712+0000][1][gc,cpu       ] GC(7) User=0.11s Sys=0.01s Real=0.33s
[2020-03-03T03:06:56.712+0000][1][safepoint    ] Safepoint "GenCollectForAllocation", Time since last: 350402226 ns, Reaching safepoint: 51660 ns, At safepoint: 336962116 ns, Total: 337013776 ns
[2020-03-03T03:06:56.742+0000][1][safepoint    ] Safepoint "RevokeBias", Time since last: 22488800 ns, Reaching safepoint: 7524475 ns, At safepoint: 78919 ns, Total: 7603394 ns
[2020-03-03T03:06:56.759+0000][1][safepoint    ] Safepoint "RevokeBias", Time since last: 16493555 ns, Reaching safepoint: 410124 ns, At safepoint: 144676 ns, Total: 554800 ns
[2020-03-03T03:06:56.800+0000][1][safepoint    ] Safepoint "RevokeBias", Time since last: 29440600 ns, Reaching safepoint: 10770364 ns, At safepoint: 173981 ns, Total: 10944345 ns
[2020-03-03T03:06:56.824+0000][1][safepoint    ] Safepoint "RevokeBias", Time since last: 1287232 ns, Reaching safepoint: 23449970 ns, At safepoint: 113004 ns, Total: 23562974 ns
[2020-03-03T03:06:56.936+0000][1][safepoint    ] Safepoint "RevokeBias", Time since last: 105543007 ns, Reaching safepoint: 5541574 ns, At safepoint: 78067 ns, Total: 5619641 ns
[2020-03-03T03:06:56.944+0000][1][safepoint    ] Safepoint "RevokeBias", Time since last: 8163746 ns, Reaching safepoint: 32446 ns, At safepoint: 41811 ns, Total: 74257 ns
[2020-03-03T03:06:57.301+0000][1][safepoint    ] Safepoint "CollectForMetadataAllocation", Time since last: 356167307 ns, Reaching safepoint: 86994 ns, At safepoint: 485511 ns, Total: 572505 ns
[2020-03-03T03:06:57.353+0000][1][safepoint    ] Safepoint "RevokeBias", Time since last: 52817560 ns, Reaching safepoint: 52694 ns, At safepoint: 20312 ns, Total: 73006 ns
[2020-03-03T03:06:57.354+0000][1][safepoint    ] Safepoint "RevokeBias", Time since last: 391118 ns, Reaching safepoint: 43674 ns, At safepoint: 16816 ns, Total: 60490 ns
[2020-03-03T03:06:57.924+0000][1][gc,start     ] GC(8) Pause Young (Allocation Failure)
[2020-03-03T03:06:57.924+0000][1][gc,task      ] GC(8) Using 1 workers of 1 for evacuation
[2020-03-03T03:06:57.996+0000][1][gc,age       ] GC(8) Desired survivor size 4358144 bytes, new threshold 4 (max threshold 6)
[2020-03-03T03:06:57.996+0000][1][gc,age       ] GC(8) Age table with threshold 4 (max threshold 6)
[2020-03-03T03:06:57.996+0000][1][gc,age       ] GC(8) - age   1:    1787520 bytes,    1787520 total
[2020-03-03T03:06:57.996+0000][1][gc,age       ] GC(8) - age   2:     849248 bytes,    2636768 total
[2020-03-03T03:06:57.996+0000][1][gc,age       ] GC(8) - age   3:     415424 bytes,    3052192 total
[2020-03-03T03:06:57.996+0000][1][gc,age       ] GC(8) - age   4:    1522864 bytes,    4575056 total
[2020-03-03T03:06:57.996+0000][1][gc,heap      ] GC(8) ParNew: 75558K->4579K(76672K)
[2020-03-03T03:06:57.996+0000][1][gc,heap      ] GC(8) CMS: 10522K->12095K(963392K)
[2020-03-03T03:06:57.996+0000][1][gc,metaspace ] GC(8) Metaspace: 20399K->20399K(1069056K)
[2020-03-03T03:06:57.996+0000][1][gc           ] GC(8) Pause Young (Allocation Failure) 84M->16M(1015M) 72.034ms
[2020-03-03T03:06:57.996+0000][1][gc,cpu       ] GC(8) User=0.04s Sys=0.00s Real=0.07s
[2020-03-03T03:06:57.996+0000][1][safepoint    ] Safepoint "GenCollectForAllocation", Time since last: 570213793 ns, Reaching safepoint: 31575 ns, At safepoint: 72096516 ns, Total: 72128091 ns
[2020-03-03T03:06:58.019+0000][1][gc,start     ] GC(9) Pause Initial Mark
[2020-03-03T03:06:58.066+0000][1][gc           ] GC(9) Pause Initial Mark 18M->18M(1015M) 47.675ms
[2020-03-03T03:06:58.066+0000][1][gc,cpu       ] GC(9) User=0.03s Sys=0.00s Real=0.05s
[2020-03-03T03:06:58.066+0000][1][safepoint    ] Safepoint "RevokeBias", Time since last: 17453353 ns, Reaching safepoint: 4821996 ns, At safepoint: 47849217 ns, Total: 52671213 ns
[2020-03-03T03:06:58.082+0000][1][gc           ] GC(9) Concurrent Mark
[2020-03-03T03:06:58.108+0000][1][safepoint    ] Safepoint "RevokeBias", Time since last: 31089229 ns, Reaching safepoint: 10187052 ns, At safepoint: 61816 ns, Total: 10248868 ns
[2020-03-03T03:06:58.111+0000][1][safepoint    ] Safepoint "RevokeBias", Time since last: 102655 ns, Reaching safepoint: 2879593 ns, At safepoint: 55678 ns, Total: 2935271 ns
[2020-03-03T03:06:58.114+0000][1][safepoint    ] Safepoint "RevokeBias", Time since last: 84010 ns, Reaching safepoint: 2901475 ns, At safepoint: 88922 ns, Total: 2990397 ns
[2020-03-03T03:06:58.117+0000][1][safepoint    ] Safepoint "BulkRevokeBias", Time since last: 109357 ns, Reaching safepoint: 2756270 ns, At safepoint: 77846 ns, Total: 2834116 ns
[2020-03-03T03:06:58.122+0000][1][safepoint    ] Safepoint "BulkRevokeBias", Time since last: 65890 ns, Reaching safepoint: 4660239 ns, At safepoint: 94622 ns, Total: 4754861 ns
[2020-03-03T03:06:58.287+0000][1][gc           ] GC(9) Concurrent Mark 204.669ms
[2020-03-03T03:06:58.287+0000][1][gc,cpu       ] GC(9) User=0.10s Sys=0.01s Real=0.21s
[2020-03-03T03:06:58.287+0000][1][gc           ] GC(9) Concurrent Preclean
[2020-03-03T03:06:58.299+0000][1][gc           ] GC(9) Concurrent Preclean 12.274ms
[2020-03-03T03:06:58.299+0000][1][gc,cpu       ] GC(9) User=0.00s Sys=0.00s Real=0.01s
[2020-03-03T03:06:58.299+0000][1][gc           ] GC(9) Concurrent Abortable Preclean
[2020-03-03T03:06:58.344+0000][1][safepoint    ] Safepoint "CollectForMetadataAllocation", Time since last: 219996208 ns, Reaching safepoint: 2339557 ns, At safepoint: 261926 ns, Total: 2601483 ns
[2020-03-03T03:06:59.354+0000][1][safepoint    ] Safepoint "Cleanup", Time since last: 1010233117 ns, Reaching safepoint: 57184 ns, At safepoint: 8086 ns, Total: 65270 ns
[2020-03-03T03:06:59.593+0000][1][gc,start     ] GC(10) Pause Young (Allocation Failure)
[2020-03-03T03:06:59.593+0000][1][gc,task      ] GC(10) Using 1 workers of 1 for evacuation
[2020-03-03T03:06:59.633+0000][1][gc,age       ] GC(10) Desired survivor size 4358144 bytes, new threshold 4 (max threshold 6)
[2020-03-03T03:06:59.633+0000][1][gc,age       ] GC(10) Age table with threshold 4 (max threshold 6)
[2020-03-03T03:06:59.633+0000][1][gc,age       ] GC(10) - age   1:    2177872 bytes,    2177872 total
[2020-03-03T03:06:59.633+0000][1][gc,age       ] GC(10) - age   2:    1133776 bytes,    3311648 total
[2020-03-03T03:06:59.633+0000][1][gc,age       ] GC(10) - age   3:     849248 bytes,    4160896 total
[2020-03-03T03:06:59.633+0000][1][gc,age       ] GC(10) - age   4:     415424 bytes,    4576320 total
[2020-03-03T03:06:59.633+0000][1][gc,heap      ] GC(10) ParNew: 72739K->4495K(76672K)
[2020-03-03T03:06:59.633+0000][1][gc,heap      ] GC(10) CMS: 12095K->13594K(963392K)
[2020-03-03T03:06:59.633+0000][1][gc,metaspace ] GC(10) Metaspace: 20421K->20421K(1069056K)
[2020-03-03T03:06:59.633+0000][1][gc           ] GC(10) Pause Young (Allocation Failure) 82M->17M(1015M) 40.619ms
[2020-03-03T03:06:59.633+0000][1][gc,cpu       ] GC(10) User=0.04s Sys=0.00s Real=0.04s
[2020-03-03T03:06:59.633+0000][1][safepoint    ] Safepoint "GenCollectForAllocation", Time since last: 238131678 ns, Reaching safepoint: 63779 ns, At safepoint: 40683644 ns, Total: 40747423 ns
[2020-03-03T03:07:00.650+0000][1][safepoint    ] Safepoint "Cleanup", Time since last: 1000089075 ns, Reaching safepoint: 16175976 ns, At safepoint: 5407 ns, Total: 16181383 ns
[2020-03-03T03:07:00.847+0000][1][safepoint    ] Safepoint "CollectForMetadataAllocation", Time since last: 170974362 ns, Reaching safepoint: 26288772 ns, At safepoint: 384798 ns, Total: 26673570 ns
[2020-03-03T03:07:01.131+0000][1][safepoint    ] Safepoint "CollectForMetadataAllocation", Time since last: 283716923 ns, Reaching safepoint: 38325 ns, At safepoint: 241588 ns, Total: 279913 ns
[2020-03-03T03:07:01.591+0000][1][gc           ] GC(9) Concurrent Abortable Preclean 3291.694ms
[2020-03-03T03:07:01.591+0000][1][gc,cpu       ] GC(9) User=2.04s Sys=0.06s Real=3.29s
[2020-03-03T03:07:01.615+0000][1][gc,start     ] GC(9) Pause Remark
[2020-03-03T03:07:01.819+0000][1][gc           ] GC(9) Pause Remark 77M->77M(1015M) 203.948ms
[2020-03-03T03:07:01.819+0000][1][gc,cpu       ] GC(9) User=0.12s Sys=0.00s Real=0.20s
[2020-03-03T03:07:01.819+0000][1][safepoint    ] Safepoint "CMS_Final_Remark", Time since last: 459477270 ns, Reaching safepoint: 23953564 ns, At safepoint: 204060219 ns, Total: 228013783 ns
[2020-03-03T03:07:01.823+0000][1][gc           ] GC(9) Concurrent Sweep
[2020-03-03T03:07:01.877+0000][1][gc           ] GC(9) Concurrent Sweep 54.454ms
[2020-03-03T03:07:01.877+0000][1][gc,cpu       ] GC(9) User=0.03s Sys=0.00s Real=0.06s
[2020-03-03T03:07:01.877+0000][1][gc           ] GC(9) Concurrent Reset
[2020-03-03T03:07:01.882+0000][1][gc           ] GC(9) Concurrent Reset 4.811ms
[2020-03-03T03:07:01.882+0000][1][gc,cpu       ] GC(9) User=0.00s Sys=0.00s Real=0.00s
[2020-03-03T03:07:01.882+0000][1][gc,heap      ] GC(9) Old: 12095K->13587K(963392K)
[2020-03-03T03:07:02.064+0000][1][gc,start     ] GC(11) Pause Young (Allocation Failure)
[2020-03-03T03:07:02.064+0000][1][gc,task      ] GC(11) Using 1 workers of 1 for evacuation
[2020-03-03T03:07:02.116+0000][1][gc,age       ] GC(11) Desired survivor size 4358144 bytes, new threshold 6 (max threshold 6)
[2020-03-03T03:07:02.116+0000][1][gc,age       ] GC(11) Age table with threshold 6 (max threshold 6)
[2020-03-03T03:07:02.116+0000][1][gc,age       ] GC(11) - age   1:    1917080 bytes,    1917080 total
[2020-03-03T03:07:02.116+0000][1][gc,age       ] GC(11) - age   2:     323184 bytes,    2240264 total
[2020-03-03T03:07:02.116+0000][1][gc,age       ] GC(11) - age   3:    1133544 bytes,    3373808 total
[2020-03-03T03:07:02.116+0000][1][gc,age       ] GC(11) - age   4:     849248 bytes,    4223056 total
[2020-03-03T03:07:02.117+0000][1][gc,heap      ] GC(11) ParNew: 72655K->4475K(76672K)
[2020-03-03T03:07:02.117+0000][1][gc,heap      ] GC(11) CMS: 13587K->13996K(963392K)
[2020-03-03T03:07:02.117+0000][1][gc,metaspace ] GC(11) Metaspace: 21213K->21213K(1069056K)
[2020-03-03T03:07:02.117+0000][1][gc           ] GC(11) Pause Young (Allocation Failure) 84M->18M(1015M) 52.967ms
[2020-03-03T03:07:02.117+0000][1][gc,cpu       ] GC(11) User=0.02s Sys=0.00s Real=0.06s
[2020-03-03T03:07:02.117+0000][1][safepoint    ] Safepoint "GenCollectForAllocation", Time since last: 244335537 ns, Reaching safepoint: 453020 ns, At safepoint: 53019647 ns, Total: 53472667 ns
[2020-03-03T03:07:02.807+0000][1][gc,start     ] GC(12) Pause Young (Allocation Failure)
[2020-03-03T03:07:02.807+0000][1][gc,task      ] GC(12) Using 1 workers of 1 for evacuation
[2020-03-03T03:07:02.851+0000][1][gc,age       ] GC(12) Desired survivor size 4358144 bytes, new threshold 6 (max threshold 6)
[2020-03-03T03:07:02.851+0000][1][gc,age       ] GC(12) Age table with threshold 6 (max threshold 6)
[2020-03-03T03:07:02.851+0000][1][gc,age       ] GC(12) - age   1:     652080 bytes,     652080 total
[2020-03-03T03:07:02.851+0000][1][gc,age       ] GC(12) - age   2:     570768 bytes,    1222848 total
[2020-03-03T03:07:02.851+0000][1][gc,age       ] GC(12) - age   3:     323184 bytes,    1546032 total
[2020-03-03T03:07:02.851+0000][1][gc,age       ] GC(12) - age   4:    1133544 bytes,    2679576 total
[2020-03-03T03:07:02.851+0000][1][gc,age       ] GC(12) - age   5:     849248 bytes,    3528824 total
[2020-03-03T03:07:02.851+0000][1][gc,heap      ] GC(12) ParNew: 72635K->4211K(76672K)
[2020-03-03T03:07:02.851+0000][1][gc,heap      ] GC(12) CMS: 13996K->13996K(963392K)
[2020-03-03T03:07:02.851+0000][1][gc,metaspace ] GC(12) Metaspace: 21231K->21231K(1069056K)
[2020-03-03T03:07:02.851+0000][1][gc           ] GC(12) Pause Young (Allocation Failure) 84M->17M(1015M) 44.578ms
[2020-03-03T03:07:02.851+0000][1][gc,cpu       ] GC(12) User=0.03s Sys=0.00s Real=0.04s
[2020-03-03T03:07:02.851+0000][1][safepoint    ] Safepoint "GenCollectForAllocation", Time since last: 690143232 ns, Reaching safepoint: 44117 ns, At safepoint: 44642786 ns, Total: 44686903 ns
[2020-03-03T03:07:03.634+0000][1][gc,start     ] GC(13) Pause Young (Allocation Failure)
[2020-03-03T03:07:03.634+0000][1][gc,task      ] GC(13) Using 1 workers of 1 for evacuation
[2020-03-03T03:07:03.666+0000][1][gc,age       ] GC(13) Desired survivor size 4358144 bytes, new threshold 6 (max threshold 6)
[2020-03-03T03:07:03.666+0000][1][gc,age       ] GC(13) Age table with threshold 6 (max threshold 6)
[2020-03-03T03:07:03.666+0000][1][gc,age       ] GC(13) - age   1:    1933408 bytes,    1933408 total
[2020-03-03T03:07:03.666+0000][1][gc,age       ] GC(13) - age   2:     207280 bytes,    2140688 total
[2020-03-03T03:07:03.666+0000][1][gc,age       ] GC(13) - age   3:     570656 bytes,    2711344 total
[2020-03-03T03:07:03.666+0000][1][gc,age       ] GC(13) - age   4:     323184 bytes,    3034528 total
[2020-03-03T03:07:03.666+0000][1][gc,age       ] GC(13) - age   5:    1133544 bytes,    4168072 total
[2020-03-03T03:07:03.666+0000][1][gc,age       ] GC(13) - age   6:     849248 bytes,    5017320 total
[2020-03-03T03:07:03.666+0000][1][gc,heap      ] GC(13) ParNew: 72371K->7275K(76672K)
[2020-03-03T03:07:03.666+0000][1][gc,heap      ] GC(13) CMS: 13996K->13996K(963392K)
[2020-03-03T03:07:03.666+0000][1][gc,metaspace ] GC(13) Metaspace: 21328K->21328K(1069056K)
[2020-03-03T03:07:03.666+0000][1][gc           ] GC(13) Pause Young (Allocation Failure) 84M->20M(1015M) 31.845ms
[2020-03-03T03:07:03.666+0000][1][gc,cpu       ] GC(13) User=0.02s Sys=0.00s Real=0.03s
[2020-03-03T03:07:03.666+0000][1][safepoint    ] Safepoint "GenCollectForAllocation", Time since last: 782664937 ns, Reaching safepoint: 34969 ns, At safepoint: 31926226 ns, Total: 31961195 ns
[2020-03-03T03:07:04.670+0000][1][safepoint    ] Safepoint "Cleanup", Time since last: 1003727112 ns, Reaching safepoint: 56110 ns, At safepoint: 7865 ns, Total: 63975 ns
[2020-03-03T03:07:05.207+0000][1][gc,start     ] GC(14) Pause Young (Allocation Failure)
[2020-03-03T03:07:05.207+0000][1][gc,task      ] GC(14) Using 1 workers of 1 for evacuation
[2020-03-03T03:07:05.288+0000][1][gc,age       ] GC(14) Desired survivor size 4358144 bytes, new threshold 6 (max threshold 6)
[2020-03-03T03:07:05.288+0000][1][gc,age       ] GC(14) Age table with threshold 6 (max threshold 6)
[2020-03-03T03:07:05.289+0000][1][gc,age       ] GC(14) - age   1:    1884248 bytes,    1884248 total
[2020-03-03T03:07:05.289+0000][1][gc,age       ] GC(14) - age   2:      98880 bytes,    1983128 total
[2020-03-03T03:07:05.289+0000][1][gc,age       ] GC(14) - age   3:     207280 bytes,    2190408 total
[2020-03-03T03:07:05.289+0000][1][gc,age       ] GC(14) - age   4:     570656 bytes,    2761064 total
[2020-03-03T03:07:05.289+0000][1][gc,age       ] GC(14) - age   5:     323184 bytes,    3084248 total
[2020-03-03T03:07:05.289+0000][1][gc,age       ] GC(14) - age   6:    1133544 bytes,    4217792 total
[2020-03-03T03:07:05.289+0000][1][gc,heap      ] GC(14) ParNew: 75435K->4584K(76672K)
[2020-03-03T03:07:05.289+0000][1][gc,heap      ] GC(14) CMS: 13996K->14831K(963392K)
[2020-03-03T03:07:05.289+0000][1][gc,metaspace ] GC(14) Metaspace: 21386K->21386K(1069056K)
[2020-03-03T03:07:05.289+0000][1][gc           ] GC(14) Pause Young (Allocation Failure) 87M->18M(1015M) 81.248ms
[2020-03-03T03:07:05.289+0000][1][gc,cpu       ] GC(14) User=0.05s Sys=0.00s Real=0.08s
[2020-03-03T03:07:05.289+0000][1][safepoint    ] Safepoint "GenCollectForAllocation", Time since last: 537508923 ns, Reaching safepoint: 32146 ns, At safepoint: 81309286 ns, Total: 81341432 ns
[2020-03-03T03:07:05.873+0000][1][gc,start     ] GC(15) Pause Young (Allocation Failure)
[2020-03-03T03:07:05.873+0000][1][gc,task      ] GC(15) Using 1 workers of 1 for evacuation
[2020-03-03T03:07:05.910+0000][1][gc,age       ] GC(15) Desired survivor size 4358144 bytes, new threshold 6 (max threshold 6)
[2020-03-03T03:07:05.910+0000][1][gc,age       ] GC(15) Age table with threshold 6 (max threshold 6)
[2020-03-03T03:07:05.910+0000][1][gc,age       ] GC(15) - age   1:    1180200 bytes,    1180200 total
[2020-03-03T03:07:05.910+0000][1][gc,age       ] GC(15) - age   2:     306568 bytes,    1486768 total
[2020-03-03T03:07:05.910+0000][1][gc,age       ] GC(15) - age   3:      98880 bytes,    1585648 total
[2020-03-03T03:07:05.910+0000][1][gc,age       ] GC(15) - age   4:     207280 bytes,    1792928 total
[2020-03-03T03:07:05.910+0000][1][gc,age       ] GC(15) - age   5:     570504 bytes,    2363432 total
[2020-03-03T03:07:05.910+0000][1][gc,age       ] GC(15) - age   6:     323184 bytes,    2686616 total
[2020-03-03T03:07:05.910+0000][1][gc,heap      ] GC(15) ParNew: 72744K->4235K(76672K)
[2020-03-03T03:07:05.910+0000][1][gc,heap      ] GC(15) CMS: 14831K->15944K(963392K)
[2020-03-03T03:07:05.910+0000][1][gc,metaspace ] GC(15) Metaspace: 21402K->21402K(1069056K)
[2020-03-03T03:07:05.910+0000][1][gc           ] GC(15) Pause Young (Allocation Failure) 85M->19M(1015M) 37.908ms
[2020-03-03T03:07:05.910+0000][1][gc,cpu       ] GC(15) User=0.02s Sys=0.00s Real=0.04s
[2020-03-03T03:07:05.910+0000][1][safepoint    ] Safepoint "GenCollectForAllocation", Time since last: 583691033 ns, Reaching safepoint: 106850 ns, At safepoint: 37965885 ns, Total: 38072735 ns
[2020-03-03T03:07:06.754+0000][1][safepoint    ] Safepoint "Deoptimize", Time since last: 842894497 ns, Reaching safepoint: 42065 ns, At safepoint: 512989 ns, Total: 555054 ns
[2020-03-03T03:07:07.771+0000][1][safepoint    ] Safepoint "Cleanup", Time since last: 1016752667 ns, Reaching safepoint: 91021 ns, At safepoint: 11340 ns, Total: 102361 ns
[2020-03-03T03:07:08.774+0000][1][safepoint    ] Safepoint "RevokeBias", Time since last: 1003558475 ns, Reaching safepoint: 44450 ns, At safepoint: 44516 ns, Total: 88966 ns
[2020-03-03T03:07:09.795+0000][1][safepoint    ] Safepoint "Cleanup", Time since last: 1020159494 ns, Reaching safepoint: 59478 ns, At safepoint: 7733 ns, Total: 67211 ns
[2020-03-03T03:07:10.800+0000][1][safepoint    ] Safepoint "Cleanup", Time since last: 1000363571 ns, Reaching safepoint: 4587481 ns, At safepoint: 10834 ns, Total: 4598315 ns
[2020-03-03T03:07:11.800+0000][1][safepoint    ] Safepoint "Cleanup", Time since last: 1000149641 ns, Reaching safepoint: 276771 ns, At safepoint: 11716 ns, Total: 288487 ns
[2020-03-03T03:07:12.801+0000][1][safepoint    ] Safepoint "Cleanup", Time since last: 1000547817 ns, Reaching safepoint: 141897 ns, At safepoint: 16862 ns, Total: 158759 ns
[2020-03-03T03:07:13.802+0000][1][safepoint    ] Safepoint "Cleanup", Time since last: 1001661204 ns, Reaching safepoint: 70865 ns, At safepoint: 8798 ns, Total: 79663 ns
[2020-03-03T03:07:14.807+0000][1][safepoint    ] Safepoint "Cleanup", Time since last: 1004241990 ns, Reaching safepoint: 108590 ns, At safepoint: 16638 ns, Total: 125228 ns
[2020-03-03T03:07:15.310+0000][1][safepoint    ] Safepoint "Deoptimize", Time since last: 502417084 ns, Reaching safepoint: 58152 ns, At safepoint: 764066 ns, Total: 822218 ns
[2020-03-03T03:07:15.480+0000][1][safepoint    ] Safepoint "Deoptimize", Time since last: 169802422 ns, Reaching safepoint: 41917 ns, At safepoint: 501670 ns, Total: 543587 ns
[2020-03-03T03:07:15.647+0000][1][safepoint    ] Safepoint "Deoptimize", Time since last: 165211167 ns, Reaching safepoint: 72435 ns, At safepoint: 812618 ns, Total: 885053 ns
[2020-03-03T03:07:15.706+0000][1][safepoint    ] Safepoint "RevokeBias", Time since last: 59600478 ns, Reaching safepoint: 51002 ns, At safepoint: 21470 ns, Total: 72472 ns
[2020-03-03T03:07:15.706+0000][1][safepoint    ] Safepoint "RevokeBias", Time since last: 94931 ns, Reaching safepoint: 18854 ns, At safepoint: 9265 ns, Total: 28119 ns
[2020-03-03T03:07:16.200+0000][1][gc,start     ] GC(16) Pause Young (Allocation Failure)
[2020-03-03T03:07:16.200+0000][1][gc,task      ] GC(16) Using 1 workers of 1 for evacuation
[2020-03-03T03:07:16.250+0000][1][gc,age       ] GC(16) Desired survivor size 4358144 bytes, new threshold 6 (max threshold 6)
[2020-03-03T03:07:16.250+0000][1][gc,age       ] GC(16) Age table with threshold 6 (max threshold 6)
[2020-03-03T03:07:16.250+0000][1][gc,age       ] GC(16) - age   1:    3140968 bytes,    3140968 total
[2020-03-03T03:07:16.250+0000][1][gc,age       ] GC(16) - age   2:     155872 bytes,    3296840 total
[2020-03-03T03:07:16.250+0000][1][gc,age       ] GC(16) - age   3:     306360 bytes,    3603200 total
[2020-03-03T03:07:16.250+0000][1][gc,age       ] GC(16) - age   4:      98696 bytes,    3701896 total
[2020-03-03T03:07:16.250+0000][1][gc,age       ] GC(16) - age   5:     207280 bytes,    3909176 total
[2020-03-03T03:07:16.250+0000][1][gc,age       ] GC(16) - age   6:     569776 bytes,    4478952 total
[2020-03-03T03:07:16.250+0000][1][gc,heap      ] GC(16) ParNew: 72395K->6053K(76672K)
[2020-03-03T03:07:16.250+0000][1][gc,heap      ] GC(16) CMS: 15944K->16261K(963392K)
[2020-03-03T03:07:16.250+0000][1][gc,metaspace ] GC(16) Metaspace: 27306K->27306K(1075200K)
[2020-03-03T03:07:16.250+0000][1][gc           ] GC(16) Pause Young (Allocation Failure) 86M->21M(1015M) 50.287ms
[2020-03-03T03:07:16.250+0000][1][gc,cpu       ] GC(16) User=0.04s Sys=0.00s Real=0.05s
[2020-03-03T03:07:16.250+0000][1][safepoint    ] Safepoint "GenCollectForAllocation", Time since last: 493196032 ns, Reaching safepoint: 204689 ns, At safepoint: 50358282 ns, Total: 50562971 ns
[2020-03-03T03:07:17.255+0000][1][safepoint    ] Safepoint "Cleanup", Time since last: 1004660053 ns, Reaching safepoint: 52858 ns, At safepoint: 7352 ns, Total: 60210 ns
[2020-03-03T03:07:18.257+0000][1][safepoint    ] Safepoint "Cleanup", Time since last: 1002418651 ns, Reaching safepoint: 95899 ns, At safepoint: 12364 ns, Total: 108263 ns
[2020-03-03T03:07:19.274+0000][1][safepoint    ] Safepoint "Cleanup", Time since last: 1007700478 ns, Reaching safepoint: 8885221 ns, At safepoint: 19740 ns, Total: 8904961 ns
[2020-03-03T03:07:20.287+0000][1][safepoint    ] Safepoint "Cleanup", Time since last: 1008764010 ns, Reaching safepoint: 4228658 ns, At safepoint: 18909 ns, Total: 4247567 ns
[2020-03-03T03:07:21.298+0000][1][safepoint    ] Safepoint "Cleanup", Time since last: 1001149979 ns, Reaching safepoint: 9490786 ns, At safepoint: 16875 ns, Total: 9507661 ns
[2020-03-03T03:07:22.308+0000][1][safepoint    ] Safepoint "Cleanup", Time since last: 1009404798 ns, Reaching safepoint: 892663 ns, At safepoint: 8193 ns, Total: 900856 ns
[2020-03-03T03:07:23.318+0000][1][safepoint    ] Safepoint "Cleanup", Time since last: 1002109508 ns, Reaching safepoint: 7801557 ns, At safepoint: 11513 ns, Total: 7813070 ns
[2020-03-03T03:07:23.342+0000][1][safepoint    ] Safepoint "RevokeBias", Time since last: 22242801 ns, Reaching safepoint: 1545586 ns, At safepoint: 49879 ns, Total: 1595465 ns
[2020-03-03T03:07:23.361+0000][1][safepoint    ] Safepoint "RevokeBias", Time since last: 114715 ns, Reaching safepoint: 18999925 ns, At safepoint: 78771 ns, Total: 19078696 ns
[2020-03-03T03:07:23.472+0000][1][gc,start     ] GC(17) Pause Young (Allocation Failure)
[2020-03-03T03:07:23.472+0000][1][gc,task      ] GC(17) Using 1 workers of 1 for evacuation
[2020-03-03T03:07:23.805+0000][1][gc,age       ] GC(17) Desired survivor size 4358144 bytes, new threshold 1 (max threshold 6)
[2020-03-03T03:07:23.806+0000][1][gc,age       ] GC(17) Age table with threshold 1 (max threshold 6)
[2020-03-03T03:07:23.806+0000][1][gc,age       ] GC(17) - age   1:    6136648 bytes,    6136648 total
[2020-03-03T03:07:23.806+0000][1][gc,age       ] GC(17) - age   2:    1838152 bytes,    7974800 total
[2020-03-03T03:07:23.806+0000][1][gc,age       ] GC(17) - age   3:     152248 bytes,    8127048 total
[2020-03-03T03:07:23.806+0000][1][gc,age       ] GC(17) - age   4:     294696 bytes,    8421744 total
[2020-03-03T03:07:23.806+0000][1][gc,age       ] GC(17) - age   5:      91672 bytes,    8513416 total
[2020-03-03T03:07:23.806+0000][1][gc,age       ] GC(17) - age   6:     202704 bytes,    8716120 total
[2020-03-03T03:07:23.806+0000][1][gc,heap      ] GC(17) ParNew: 74213K->8512K(76672K)
[2020-03-03T03:07:23.816+0000][1][gc,heap      ] GC(17) CMS: 16261K->21564K(963392K)
[2020-03-03T03:07:23.816+0000][1][gc,metaspace ] GC(17) Metaspace: 28126K->28126K(1075200K)
[2020-03-03T03:07:23.816+0000][1][gc           ] GC(17) Pause Young (Allocation Failure) 88M->29M(1015M) 343.943ms
[2020-03-03T03:07:23.816+0000][1][gc,cpu       ] GC(17) User=0.10s Sys=0.00s Real=0.35s
[2020-03-03T03:07:23.816+0000][1][safepoint    ] Safepoint "GenCollectForAllocation", Time since last: 55888093 ns, Reaching safepoint: 55276799 ns, At safepoint: 344041441 ns, Total: 399318240 ns
[2020-03-03T03:07:23.859+0000][1][safepoint    ] Safepoint "RevokeBias", Time since last: 25821956 ns, Reaching safepoint: 17407375 ns, At safepoint: 98305 ns, Total: 17505680 ns
[2020-03-03T03:07:24.873+0000][1][safepoint    ] Safepoint "Cleanup", Time since last: 1009553666 ns, Reaching safepoint: 4053520 ns, At safepoint: 10795 ns, Total: 4064315 ns
[2020-03-03T03:07:26.540+0000][1][safepoint    ] Safepoint "RevokeBias", Time since last: 1667338045 ns, Reaching safepoint: 52695 ns, At safepoint: 55542 ns, Total: 108237 ns
[2020-03-03T03:07:27.557+0000][1][safepoint    ] Safepoint "Cleanup", Time since last: 1009150050 ns, Reaching safepoint: 7470902 ns, At safepoint: 18045 ns, Total: 7488947 ns
[2020-03-03T03:07:27.632+0000][1][gc,start     ] GC(18) Pause Young (Allocation Failure)
[2020-03-03T03:07:27.632+0000][1][gc,task      ] GC(18) Using 1 workers of 1 for evacuation
[2020-03-03T03:07:28.123+0000][1][gc,age       ] GC(18) Desired survivor size 4358144 bytes, new threshold 1 (max threshold 6)
[2020-03-03T03:07:28.123+0000][1][gc,age       ] GC(18) Age table with threshold 1 (max threshold 6)
[2020-03-03T03:07:28.123+0000][1][gc,age       ] GC(18) - age   1:    8716232 bytes,    8716232 total
[2020-03-03T03:07:28.123+0000][1][gc,heap      ] GC(18) ParNew: 76672K->8512K(76672K)
[2020-03-03T03:07:28.123+0000][1][gc,heap      ] GC(18) CMS: 21564K->30812K(963392K)
[2020-03-03T03:07:28.123+0000][1][gc,metaspace ] GC(18) Metaspace: 28189K->28189K(1075200K)
[2020-03-03T03:07:28.123+0000][1][gc           ] GC(18) Pause Young (Allocation Failure) 95M->38M(1015M) 491.256ms
[2020-03-03T03:07:28.123+0000][1][gc,cpu       ] GC(18) User=0.13s Sys=0.01s Real=0.49s
[2020-03-03T03:07:28.123+0000][1][safepoint    ] Safepoint "GenCollectForAllocation", Time since last: 74904155 ns, Reaching safepoint: 33899 ns, At safepoint: 491321078 ns, Total: 491354977 ns
[2020-03-03T03:07:30.150+0000][1][safepoint    ] Safepoint "Cleanup", Time since last: 2009394387 ns, Reaching safepoint: 17206320 ns, At safepoint: 11504 ns, Total: 17217824 ns
[2020-03-03T03:07:30.852+0000][1][safepoint    ] Safepoint "Deoptimize", Time since last: 651505173 ns, Reaching safepoint: 54398 ns, At safepoint: 50155654 ns, Total: 50210052 ns
[2020-03-03T03:07:31.856+0000][1][safepoint    ] Safepoint "Cleanup", Time since last: 1004548173 ns, Reaching safepoint: 85552 ns, At safepoint: 10507 ns, Total: 96059 ns
[2020-03-03T03:07:32.860+0000][1][safepoint    ] Safepoint "Cleanup", Time since last: 1003313115 ns, Reaching safepoint: 95236 ns, At safepoint: 11555 ns, Total: 106791 ns
[2020-03-03T03:07:33.232+0000][1][safepoint    ] Safepoint "RevokeBias", Time since last: 372116066 ns, Reaching safepoint: 26923 ns, At safepoint: 37406 ns, Total: 64329 ns
[2020-03-03T03:07:34.246+0000][1][safepoint    ] Safepoint "Cleanup", Time since last: 1011988443 ns, Reaching safepoint: 2229037 ns, At safepoint: 12022 ns, Total: 2241059 ns
[2020-03-03T03:07:34.700+0000][1][gc,start     ] GC(19) Pause Young (Allocation Failure)
[2020-03-03T03:07:34.700+0000][1][gc,task      ] GC(19) Using 1 workers of 1 for evacuation
[2020-03-03T03:07:35.008+0000][1][gc,age       ] GC(19) Desired survivor size 4358144 bytes, new threshold 1 (max threshold 6)
[2020-03-03T03:07:35.008+0000][1][gc,age       ] GC(19) Age table with threshold 1 (max threshold 6)
[2020-03-03T03:07:35.008+0000][1][gc,age       ] GC(19) - age   1:    6855208 bytes,    6855208 total
[2020-03-03T03:07:35.008+0000][1][gc,heap      ] GC(19) ParNew: 76672K->8232K(76672K)
[2020-03-03T03:07:35.008+0000][1][gc,heap      ] GC(19) CMS: 30812K->39283K(963392K)
[2020-03-03T03:07:35.008+0000][1][gc,metaspace ] GC(19) Metaspace: 30729K->30729K(1077248K)
[2020-03-03T03:07:35.008+0000][1][gc           ] GC(19) Pause Young (Allocation Failure) 104M->46M(1015M) 308.057ms
[2020-03-03T03:07:35.008+0000][1][gc,cpu       ] GC(19) User=0.10s Sys=0.00s Real=0.31s
[2020-03-03T03:07:35.008+0000][1][safepoint    ] Safepoint "GenCollectForAllocation", Time since last: 453891601 ns, Reaching safepoint: 24807 ns, At safepoint: 308111262 ns, Total: 308136069 ns
[2020-03-03T03:07:35.797+0000][1][safepoint    ] Safepoint "RevokeBias", Time since last: 788728370 ns, Reaching safepoint: 49868 ns, At safepoint: 36030 ns, Total: 85898 ns
[2020-03-03T03:07:35.966+0000][1][safepoint    ] Safepoint "RevokeBias", Time since last: 169371294 ns, Reaching safepoint: 31781 ns, At safepoint: 34029 ns, Total: 65810 ns
[2020-03-03T03:07:36.439+0000][1][safepoint    ] Safepoint "RevokeBias", Time since last: 472471773 ns, Reaching safepoint: 30794 ns, At safepoint: 66095 ns, Total: 96889 ns
[2020-03-03T03:07:36.496+0000][1][safepoint    ] Safepoint "RevokeBias", Time since last: 56988718 ns, Reaching safepoint: 26938 ns, At safepoint: 34713 ns, Total: 61651 ns
[2020-03-03T03:07:36.572+0000][1][safepoint    ] Safepoint "RevokeBias", Time since last: 75622120 ns, Reaching safepoint: 42338 ns, At safepoint: 55546 ns, Total: 97884 ns
[2020-03-03T03:07:36.639+0000][1][safepoint    ] Safepoint "RevokeBias", Time since last: 66728303 ns, Reaching safepoint: 41406 ns, At safepoint: 38651 ns, Total: 80057 ns
[2020-03-03T03:07:36.686+0000][1][safepoint    ] Safepoint "RevokeBias", Time since last: 47680698 ns, Reaching safepoint: 40618 ns, At safepoint: 52348 ns, Total: 92966 ns
[2020-03-03T03:07:36.721+0000][1][safepoint    ] Safepoint "RevokeBias", Time since last: 34575025 ns, Reaching safepoint: 23761 ns, At safepoint: 29691 ns, Total: 53452 ns
[2020-03-03T03:07:37.729+0000][1][safepoint    ] Safepoint "Cleanup", Time since last: 1006807685 ns, Reaching safepoint: 874833 ns, At safepoint: 12395 ns, Total: 887228 ns
[2020-03-03T03:07:38.458+0000][1][gc,start     ] GC(20) Pause Young (Allocation Failure)
[2020-03-03T03:07:38.458+0000][1][gc,task      ] GC(20) Using 1 workers of 1 for evacuation
[2020-03-03T03:07:38.524+0000][1][gc,age       ] GC(20) Desired survivor size 4358144 bytes, new threshold 6 (max threshold 6)
[2020-03-03T03:07:38.524+0000][1][gc,age       ] GC(20) Age table with threshold 6 (max threshold 6)
[2020-03-03T03:07:38.524+0000][1][gc,age       ] GC(20) - age   1:    1263336 bytes,    1263336 total
[2020-03-03T03:07:38.524+0000][1][gc,heap      ] GC(20) ParNew: 76392K->7078K(76672K)
[2020-03-03T03:07:38.524+0000][1][gc,heap      ] GC(20) CMS: 39283K->45984K(963392K)
[2020-03-03T03:07:38.524+0000][1][gc,metaspace ] GC(20) Metaspace: 34235K->34235K(1081344K)
[2020-03-03T03:07:38.525+0000][1][gc           ] GC(20) Pause Young (Allocation Failure) 112M->51M(1015M) 66.561ms
[2020-03-03T03:07:38.525+0000][1][gc,cpu       ] GC(20) User=0.06s Sys=0.01s Real=0.07s
[2020-03-03T03:07:38.525+0000][1][safepoint    ] Safepoint "GenCollectForAllocation", Time since last: 729184631 ns, Reaching safepoint: 78237 ns, At safepoint: 66738922 ns, Total: 66817159 ns
[2020-03-03T03:07:39.534+0000][1][safepoint    ] Safepoint "Cleanup", Time since last: 1005875848 ns, Reaching safepoint: 3358082 ns, At safepoint: 17255 ns, Total: 3375337 ns
[2020-03-03T03:07:40.056+0000][1][gc,start     ] GC(21) Pause Young (Allocation Failure)
[2020-03-03T03:07:40.056+0000][1][gc,task      ] GC(21) Using 1 workers of 1 for evacuation
[2020-03-03T03:07:40.101+0000][1][gc,age       ] GC(21) Desired survivor size 4358144 bytes, new threshold 6 (max threshold 6)
[2020-03-03T03:07:40.101+0000][1][gc,age       ] GC(21) Age table with threshold 6 (max threshold 6)
[2020-03-03T03:07:40.101+0000][1][gc,age       ] GC(21) - age   1:    1580240 bytes,    1580240 total
[2020-03-03T03:07:40.101+0000][1][gc,age       ] GC(21) - age   2:    1196960 bytes,    2777200 total
[2020-03-03T03:07:40.101+0000][1][gc,heap      ] GC(21) ParNew: 75238K->4002K(76672K)
[2020-03-03T03:07:40.101+0000][1][gc,heap      ] GC(21) CMS: 45984K->45984K(963392K)
[2020-03-03T03:07:40.101+0000][1][gc,metaspace ] GC(21) Metaspace: 34815K->34815K(1081344K)
[2020-03-03T03:07:40.101+0000][1][gc           ] GC(21) Pause Young (Allocation Failure) 118M->48M(1015M) 45.246ms
[2020-03-03T03:07:40.101+0000][1][gc,cpu       ] GC(21) User=0.04s Sys=0.00s Real=0.04s
[2020-03-03T03:07:40.101+0000][1][safepoint    ] Safepoint "GenCollectForAllocation", Time since last: 521766138 ns, Reaching safepoint: 151469 ns, At safepoint: 45336802 ns, Total: 45488271 ns
[2020-03-03T03:07:40.104+0000][1][safepoint    ] Safepoint "CollectForMetadataAllocation", Time since last: 2233730 ns, Reaching safepoint: 77073 ns, At safepoint: 244070 ns, Total: 321143 ns
[2020-03-03T03:07:40.136+0000][1][gc,start     ] GC(22) Pause Initial Mark
[2020-03-03T03:07:40.148+0000][1][gc           ] GC(22) Pause Initial Mark 50M->50M(1015M) 12.615ms
[2020-03-03T03:07:40.148+0000][1][gc,cpu       ] GC(22) User=0.02s Sys=0.00s Real=0.01s
[2020-03-03T03:07:40.148+0000][1][safepoint    ] Safepoint "CMS_Initial_Mark", Time since last: 1304019 ns, Reaching safepoint: 30444090 ns, At safepoint: 12727731 ns, Total: 43171821 ns
[2020-03-03T03:07:40.149+0000][1][gc           ] GC(22) Concurrent Mark
[2020-03-03T03:07:40.341+0000][1][safepoint    ] Safepoint "CollectForMetadataAllocation", Time since last: 188294393 ns, Reaching safepoint: 4557267 ns, At safepoint: 263780 ns, Total: 4821047 ns
[2020-03-03T03:07:40.421+0000][1][gc           ] GC(22) Concurrent Mark 271.976ms
[2020-03-03T03:07:40.421+0000][1][gc,cpu       ] GC(22) User=0.25s Sys=0.01s Real=0.27s
[2020-03-03T03:07:40.421+0000][1][gc           ] GC(22) Concurrent Preclean
[2020-03-03T03:07:40.423+0000][1][gc           ] GC(22) Concurrent Preclean 2.301ms
[2020-03-03T03:07:40.423+0000][1][gc,cpu       ] GC(22) User=0.00s Sys=0.00s Real=0.00s
[2020-03-03T03:07:40.423+0000][1][gc           ] GC(22) Concurrent Abortable Preclean
[2020-03-03T03:07:40.551+0000][1][safepoint    ] Safepoint "CollectForMetadataAllocation", Time since last: 209827340 ns, Reaching safepoint: 41958 ns, At safepoint: 75432 ns, Total: 117390 ns
[2020-03-03T03:07:40.630+0000][1][safepoint    ] Safepoint "CollectForMetadataAllocation", Time since last: 78131772 ns, Reaching safepoint: 66609 ns, At safepoint: 428982 ns, Total: 495591 ns
[2020-03-03T03:07:40.891+0000][1][safepoint    ] Safepoint "CollectForMetadataAllocation", Time since last: 261109112 ns, Reaching safepoint: 46306 ns, At safepoint: 232062 ns, Total: 278368 ns
[2020-03-03T03:07:41.072+0000][1][safepoint    ] Safepoint "CollectForMetadataAllocation", Time since last: 180249757 ns, Reaching safepoint: 62291 ns, At safepoint: 231104 ns, Total: 293395 ns
[2020-03-03T03:07:41.200+0000][1][safepoint    ] Safepoint "CollectForMetadataAllocation", Time since last: 124246381 ns, Reaching safepoint: 3899646 ns, At safepoint: 235662 ns, Total: 4135308 ns
[2020-03-03T03:07:41.292+0000][1][safepoint    ] Safepoint "CollectForMetadataAllocation", Time since last: 87428011 ns, Reaching safepoint: 4143749 ns, At safepoint: 242834 ns, Total: 4386583 ns
[2020-03-03T03:07:41.406+0000][1][safepoint    ] Safepoint "CollectForMetadataAllocation", Time since last: 113572814 ns, Reaching safepoint: 37271 ns, At safepoint: 228165 ns, Total: 265436 ns
[2020-03-03T03:07:41.569+0000][1][safepoint    ] Safepoint "CollectForMetadataAllocation", Time since last: 163160483 ns, Reaching safepoint: 52381 ns, At safepoint: 89990 ns, Total: 142371 ns
[2020-03-03T03:07:41.717+0000][1][safepoint    ] Safepoint "CollectForMetadataAllocation", Time since last: 148110444 ns, Reaching safepoint: 46836 ns, At safepoint: 143513 ns, Total: 190349 ns
[2020-03-03T03:07:41.767+0000][1][safepoint    ] Safepoint "RevokeBias", Time since last: 43146576 ns, Reaching safepoint: 6304603 ns, At safepoint: 73539 ns, Total: 6378142 ns
[2020-03-03T03:07:41.836+0000][1][safepoint    ] Safepoint "Deoptimize", Time since last: 68085296 ns, Reaching safepoint: 102099 ns, At safepoint: 1015859 ns, Total: 1117958 ns
[2020-03-03T03:07:41.967+0000][1][safepoint    ] Safepoint "CollectForMetadataAllocation", Time since last: 130280179 ns, Reaching safepoint: 50992 ns, At safepoint: 164826 ns, Total: 215818 ns
[2020-03-03T03:07:42.258+0000][1][safepoint    ] Safepoint "CollectForMetadataAllocation", Time since last: 290441233 ns, Reaching safepoint: 246384 ns, At safepoint: 275699 ns, Total: 522083 ns
[2020-03-03T03:07:42.403+0000][1][safepoint    ] Safepoint "CollectForMetadataAllocation", Time since last: 144692028 ns, Reaching safepoint: 68775 ns, At safepoint: 264346 ns, Total: 333121 ns
[2020-03-03T03:07:42.514+0000][1][safepoint    ] Safepoint "CollectForMetadataAllocation", Time since last: 110993024 ns, Reaching safepoint: 71025 ns, At safepoint: 379208 ns, Total: 450233 ns
[2020-03-03T03:07:42.591+0000][1][safepoint    ] Safepoint "CollectForMetadataAllocation", Time since last: 76548012 ns, Reaching safepoint: 38184 ns, At safepoint: 169626 ns, Total: 207810 ns
[2020-03-03T03:07:42.723+0000][1][safepoint    ] Safepoint "CollectForMetadataAllocation", Time since last: 131931298 ns, Reaching safepoint: 31620 ns, At safepoint: 143431 ns, Total: 175051 ns
[2020-03-03T03:07:42.765+0000][1][safepoint    ] Safepoint "CollectForMetadataAllocation", Time since last: 41924234 ns, Reaching safepoint: 52041 ns, At safepoint: 458190 ns, Total: 510231 ns
[2020-03-03T03:07:42.884+0000][1][safepoint    ] Safepoint "CollectForMetadataAllocation", Time since last: 118599875 ns, Reaching safepoint: 48915 ns, At safepoint: 162054 ns, Total: 210969 ns
[2020-03-03T03:07:42.949+0000][1][safepoint    ] Safepoint "CollectForMetadataAllocation", Time since last: 64966662 ns, Reaching safepoint: 40006 ns, At safepoint: 151639 ns, Total: 191645 ns
[2020-03-03T03:07:43.006+0000][1][safepoint    ] Safepoint "CollectForMetadataAllocation", Time since last: 56515983 ns, Reaching safepoint: 61250 ns, At safepoint: 262262 ns, Total: 323512 ns
[2020-03-03T03:07:43.105+0000][1][safepoint    ] Safepoint "CollectForMetadataAllocation", Time since last: 98705311 ns, Reaching safepoint: 51409 ns, At safepoint: 220267 ns, Total: 271676 ns
[2020-03-03T03:07:43.211+0000][1][safepoint    ] Safepoint "CollectForMetadataAllocation", Time since last: 105815973 ns, Reaching safepoint: 52846 ns, At safepoint: 206086 ns, Total: 258932 ns
[2020-03-03T03:07:43.305+0000][1][safepoint    ] Safepoint "CollectForMetadataAllocation", Time since last: 93299931 ns, Reaching safepoint: 63737 ns, At safepoint: 232256 ns, Total: 295993 ns
[2020-03-03T03:07:43.412+0000][1][safepoint    ] Safepoint "CollectForMetadataAllocation", Time since last: 106948965 ns, Reaching safepoint: 51870 ns, At safepoint: 186517 ns, Total: 238387 ns
[2020-03-03T03:07:43.527+0000][1][safepoint    ] Safepoint "CollectForMetadataAllocation", Time since last: 114556002 ns, Reaching safepoint: 58757 ns, At safepoint: 279021 ns, Total: 337778 ns
[2020-03-03T03:07:43.527+0000][1][gc           ] GC(22) Concurrent Abortable Preclean 3104.014ms
[2020-03-03T03:07:43.527+0000][1][gc,cpu       ] GC(22) User=2.72s Sys=0.11s Real=3.11s
[2020-03-03T03:07:43.532+0000][1][gc,start     ] GC(22) Pause Remark
[2020-03-03T03:07:43.634+0000][1][gc           ] GC(22) Pause Remark 83M->83M(1015M) 101.362ms
[2020-03-03T03:07:43.634+0000][1][gc,cpu       ] GC(22) User=0.09s Sys=0.00s Real=0.11s
[2020-03-03T03:07:43.634+0000][1][safepoint    ] Safepoint "CMS_Final_Remark", Time since last: 4959629 ns, Reaching safepoint: 292833 ns, At safepoint: 101501411 ns, Total: 101794244 ns
[2020-03-03T03:07:43.644+0000][1][gc           ] GC(22) Concurrent Sweep
[2020-03-03T03:07:43.657+0000][1][safepoint    ] Safepoint "RevokeBias", Time since last: 22617573 ns, Reaching safepoint: 733478 ns, At safepoint: 11294 ns, Total: 744772 ns
[2020-03-03T03:07:43.754+0000][1][gc           ] GC(22) Concurrent Sweep 110.270ms
[2020-03-03T03:07:43.754+0000][1][gc,cpu       ] GC(22) User=0.11s Sys=0.01s Real=0.10s
[2020-03-03T03:07:43.754+0000][1][gc           ] GC(22) Concurrent Reset
[2020-03-03T03:07:43.755+0000][1][gc           ] GC(22) Concurrent Reset 1.557ms
[2020-03-03T03:07:43.756+0000][1][gc,cpu       ] GC(22) User=0.00s Sys=0.00s Real=0.01s
[2020-03-03T03:07:43.756+0000][1][gc,heap      ] GC(22) Old: 45984K->45773K(963392K)
[2020-03-03T03:07:44.352+0000][1][safepoint    ] Safepoint "RevokeBias", Time since last: 694259800 ns, Reaching safepoint: 271004 ns, At safepoint: 97117 ns, Total: 368121 ns
[2020-03-03T03:07:45.368+0000][1][safepoint    ] Safepoint "Cleanup", Time since last: 1005320274 ns, Reaching safepoint: 11035607 ns, At safepoint: 19938 ns, Total: 11055545 ns
[2020-03-03T03:07:46.382+0000][1][safepoint    ] Safepoint "Cleanup", Time since last: 1003145437 ns, Reaching safepoint: 10850493 ns, At safepoint: 13101 ns, Total: 10863594 ns
[2020-03-03T03:07:47.400+0000][1][safepoint    ] Safepoint "Cleanup", Time since last: 1014821566 ns, Reaching safepoint: 3392725 ns, At safepoint: 14507 ns, Total: 3407232 ns
[2020-03-03T03:07:48.410+0000][1][safepoint    ] Safepoint "Cleanup", Time since last: 1007634636 ns, Reaching safepoint: 1872065 ns, At safepoint: 8599 ns, Total: 1880664 ns
[2020-03-03T03:07:49.112+0000][1][gc,start     ] GC(23) Pause Young (Allocation Failure)
[2020-03-03T03:07:49.112+0000][1][gc,task      ] GC(23) Using 1 workers of 1 for evacuation
[2020-03-03T03:07:49.335+0000][1][gc,age       ] GC(23) Desired survivor size 4358144 bytes, new threshold 2 (max threshold 6)
[2020-03-03T03:07:49.335+0000][1][gc,age       ] GC(23) Age table with threshold 2 (max threshold 6)
[2020-03-03T03:07:49.335+0000][1][gc,age       ] GC(23) - age   1:    2991400 bytes,    2991400 total
[2020-03-03T03:07:49.335+0000][1][gc,age       ] GC(23) - age   2:    1573016 bytes,    4564416 total
[2020-03-03T03:07:49.335+0000][1][gc,age       ] GC(23) - age   3:    1194080 bytes,    5758496 total
[2020-03-03T03:07:49.335+0000][1][gc,heap      ] GC(23) ParNew: 72162K->7603K(76672K)
[2020-03-03T03:07:49.335+0000][1][gc,heap      ] GC(23) CMS: 45773K->45773K(963392K)
[2020-03-03T03:07:49.335+0000][1][gc,metaspace ] GC(23) Metaspace: 44690K->44690K(1091584K)
[2020-03-03T03:07:49.335+0000][1][gc           ] GC(23) Pause Young (Allocation Failure) 115M->52M(1015M) 223.180ms
[2020-03-03T03:07:49.335+0000][1][gc,cpu       ] GC(23) User=0.10s Sys=0.00s Real=0.23s
[2020-03-03T03:07:49.335+0000][1][safepoint    ] Safepoint "GenCollectForAllocation", Time since last: 702269180 ns, Reaching safepoint: 81363 ns, At safepoint: 223273101 ns, Total: 223354464 ns
[2020-03-03T03:07:49.389+0000][1][safepoint    ] Safepoint "RevokeBias", Time since last: 48353946 ns, Reaching safepoint: 4808629 ns, At safepoint: 89966 ns, Total: 4898595 ns
[2020-03-03T03:07:49.410+0000][1][safepoint    ] Safepoint "RevokeBias", Time since last: 18991403 ns, Reaching safepoint: 2326924 ns, At safepoint: 55697 ns, Total: 2382621 ns
[2020-03-03T03:07:49.418+0000][1][safepoint    ] Safepoint "RevokeBias", Time since last: 73208 ns, Reaching safepoint: 7862268 ns, At safepoint: 86896 ns, Total: 7949164 ns
[2020-03-03T03:07:49.427+0000][1][safepoint    ] Safepoint "RevokeBias", Time since last: 2675456 ns, Reaching safepoint: 5965296 ns, At safepoint: 74944 ns, Total: 6040240 ns
[2020-03-03T03:07:49.431+0000][1][safepoint    ] Safepoint "RevokeBias", Time since last: 85030 ns, Reaching safepoint: 4072141 ns, At safepoint: 77529 ns, Total: 4149670 ns
[2020-03-03T03:07:49.446+0000][1][safepoint    ] Safepoint "RevokeBias", Time since last: 94867 ns, Reaching safepoint: 14780108 ns, At safepoint: 63218 ns, Total: 14843326 ns
[2020-03-03T03:07:49.474+0000][1][safepoint    ] Safepoint "RevokeBias", Time since last: 20986059 ns, Reaching safepoint: 7324485 ns, At safepoint: 86807 ns, Total: 7411292 ns
[2020-03-03T03:07:49.489+0000][1][safepoint    ] Safepoint "BulkRevokeBias", Time since last: 155701 ns, Reaching safepoint: 14606495 ns, At safepoint: 145498 ns, Total: 14751993 ns
[2020-03-03T03:07:49.501+0000][1][safepoint    ] Safepoint "RevokeBias", Time since last: 6241140 ns, Reaching safepoint: 5443741 ns, At safepoint: 83342 ns, Total: 5527083 ns
[2020-03-03T03:07:49.512+0000][1][safepoint    ] Safepoint "RevokeBias", Time since last: 4798359 ns, Reaching safepoint: 5814022 ns, At safepoint: 56210 ns, Total: 5870232 ns
[2020-03-03T03:07:49.520+0000][1][safepoint    ] Safepoint "RevokeBias", Time since last: 2428785 ns, Reaching safepoint: 5762721 ns, At safepoint: 55977 ns, Total: 5818698 ns
[2020-03-03T03:07:49.526+0000][1][safepoint    ] Safepoint "RevokeBias", Time since last: 145792 ns, Reaching safepoint: 5866879 ns, At safepoint: 74413 ns, Total: 5941292 ns
[2020-03-03T03:07:49.532+0000][1][safepoint    ] Safepoint "RevokeBias", Time since last: 112896 ns, Reaching safepoint: 5698725 ns, At safepoint: 49096 ns, Total: 5747821 ns
[2020-03-03T03:07:50.373+0000][1][safepoint    ] Safepoint "Deoptimize", Time since last: 840073453 ns, Reaching safepoint: 57895 ns, At safepoint: 639744 ns, Total: 697639 ns
[2020-03-03T03:07:51.117+0000][1][safepoint    ] Safepoint "RevokeBias", Time since last: 743795765 ns, Reaching safepoint: 143460 ns, At safepoint: 45608 ns, Total: 189068 ns
[2020-03-03T03:07:51.171+0000][1][safepoint    ] Safepoint "RevokeBias", Time since last: 54352405 ns, Reaching safepoint: 35230 ns, At safepoint: 43342 ns, Total: 78572 ns
[2020-03-03T03:07:52.174+0000][1][safepoint    ] Safepoint "Cleanup", Time since last: 1003249066 ns, Reaching safepoint: 96757 ns, At safepoint: 13352 ns, Total: 110109 ns
[2020-03-03T03:07:53.183+0000][1][safepoint    ] Safepoint "Cleanup", Time since last: 1008252447 ns, Reaching safepoint: 298286 ns, At safepoint: 28648 ns, Total: 326934 ns
[2020-03-03T03:07:53.537+0000][1][safepoint    ] Safepoint "RevokeBias", Time since last: 352978196 ns, Reaching safepoint: 777313 ns, At safepoint: 261275 ns, Total: 1038588 ns
[2020-03-03T03:07:53.538+0000][1][safepoint    ] Safepoint "RevokeBias", Time since last: 853318 ns, Reaching safepoint: 79770 ns, At safepoint: 107546 ns, Total: 187316 ns
[2020-03-03T03:07:53.562+0000][1][safepoint    ] Safepoint "RevokeBias", Time since last: 15021358 ns, Reaching safepoint: 8320030 ns, At safepoint: 63475 ns, Total: 8383505 ns
[2020-03-03T03:07:54.219+0000][1][safepoint    ] Safepoint "RevokeBias", Time since last: 656027888 ns, Reaching safepoint: 1175556 ns, At safepoint: 89467 ns, Total: 1265023 ns
[2020-03-03T03:07:54.219+0000][1][safepoint    ] Safepoint "RevokeBias", Time since last: 254477 ns, Reaching safepoint: 211430 ns, At safepoint: 81340 ns, Total: 292770 ns
[2020-03-03T03:07:54.220+0000][1][safepoint    ] Safepoint "RevokeBias", Time since last: 311954 ns, Reaching safepoint: 612864 ns, At safepoint: 69320 ns, Total: 682184 ns
[2020-03-03T03:07:54.252+0000][1][safepoint    ] Safepoint "RevokeBias", Time since last: 31387636 ns, Reaching safepoint: 398501 ns, At safepoint: 60901 ns, Total: 459402 ns
[2020-03-03T03:07:54.258+0000][1][safepoint    ] Safepoint "RevokeBias", Time since last: 4063139 ns, Reaching safepoint: 1906285 ns, At safepoint: 27331 ns, Total: 1933616 ns
[2020-03-03T03:07:54.259+0000][1][safepoint    ] Safepoint "RevokeBias", Time since last: 816027 ns, Reaching safepoint: 325652 ns, At safepoint: 78870 ns, Total: 404522 ns
[2020-03-03T03:07:54.274+0000][1][safepoint    ] Safepoint "RevokeBias", Time since last: 13809263 ns, Reaching safepoint: 540712 ns, At safepoint: 74782 ns, Total: 615494 ns
[2020-03-03T03:07:54.282+0000][1][safepoint    ] Safepoint "RevokeBias", Time since last: 6810322 ns, Reaching safepoint: 1591702 ns, At safepoint: 79169 ns, Total: 1670871 ns
[2020-03-03T03:07:54.283+0000][1][safepoint    ] Safepoint "RevokeBias", Time since last: 101375 ns, Reaching safepoint: 265335 ns, At safepoint: 63991 ns, Total: 329326 ns
[2020-03-03T03:07:54.284+0000][1][safepoint    ] Safepoint "RevokeBias", Time since last: 79755 ns, Reaching safepoint: 1120358 ns, At safepoint: 70169 ns, Total: 1190527 ns
[2020-03-03T03:07:54.285+0000][1][safepoint    ] Safepoint "RevokeBias", Time since last: 88483 ns, Reaching safepoint: 519791 ns, At safepoint: 70586 ns, Total: 590377 ns
[2020-03-03T03:07:54.287+0000][1][safepoint    ] Safepoint "RevokeBias", Time since last: 142687 ns, Reaching safepoint: 2279831 ns, At safepoint: 76623 ns, Total: 2356454 ns
[2020-03-03T03:07:54.293+0000][1][safepoint    ] Safepoint "RevokeBias", Time since last: 126655 ns, Reaching safepoint: 5472395 ns, At safepoint: 70923 ns, Total: 5543318 ns
[2020-03-03T03:07:54.297+0000][1][safepoint    ] Safepoint "RevokeBias", Time since last: 109019 ns, Reaching safepoint: 4004310 ns, At safepoint: 68739 ns, Total: 4073049 ns
[2020-03-03T03:07:54.307+0000][1][safepoint    ] Safepoint "RevokeBias", Time since last: 6235979 ns, Reaching safepoint: 3599560 ns, At safepoint: 86166 ns, Total: 3685726 ns
[2020-03-03T03:07:54.313+0000][1][safepoint    ] Safepoint "RevokeBias", Time since last: 5497589 ns, Reaching safepoint: 64498 ns, At safepoint: 75559 ns, Total: 140057 ns
[2020-03-03T03:07:54.313+0000][1][safepoint    ] Safepoint "RevokeBias", Time since last: 106767 ns, Reaching safepoint: 41370 ns, At safepoint: 60552 ns, Total: 101922 ns
[2020-03-03T03:07:54.313+0000][1][safepoint    ] Safepoint "RevokeBias", Time since last: 65500 ns, Reaching safepoint: 37407 ns, At safepoint: 94033 ns, Total: 131440 ns
[2020-03-03T03:07:54.488+0000][1][safepoint    ] Safepoint "RevokeBias", Time since last: 172558470 ns, Reaching safepoint: 2712229 ns, At safepoint: 77093 ns, Total: 2789322 ns
[2020-03-03T03:07:54.495+0000][1][safepoint    ] Safepoint "RevokeBias", Time since last: 6169456 ns, Reaching safepoint: 580822 ns, At safepoint: 183641 ns, Total: 764463 ns
[2020-03-03T03:07:54.496+0000][1][safepoint    ] Safepoint "RevokeBias", Time since last: 395824 ns, Reaching safepoint: 80976 ns, At safepoint: 194029 ns, Total: 275005 ns
[2020-03-03T03:07:54.496+0000][1][safepoint    ] Safepoint "RevokeBias", Time since last: 216312 ns, Reaching safepoint: 81132 ns, At safepoint: 100604 ns, Total: 181736 ns
[2020-03-03T03:07:54.497+0000][1][safepoint    ] Safepoint "RevokeBias", Time since last: 197789 ns, Reaching safepoint: 82120 ns, At safepoint: 100952 ns, Total: 183072 ns
[2020-03-03T03:07:54.497+0000][1][safepoint    ] Safepoint "RevokeBias", Time since last: 94613 ns, Reaching safepoint: 66517 ns, At safepoint: 143242 ns, Total: 209759 ns
[2020-03-03T03:07:54.497+0000][1][safepoint    ] Safepoint "RevokeBias", Time since last: 151682 ns, Reaching safepoint: 81328 ns, At safepoint: 101818 ns, Total: 183146 ns
[2020-03-03T03:07:54.498+0000][1][safepoint    ] Safepoint "RevokeBias", Time since last: 103572 ns, Reaching safepoint: 66157 ns, At safepoint: 185828 ns, Total: 251985 ns
[2020-03-03T03:07:54.498+0000][1][safepoint    ] Safepoint "RevokeBias", Time since last: 119036 ns, Reaching safepoint: 75162 ns, At safepoint: 96589 ns, Total: 171751 ns
[2020-03-03T03:07:54.498+0000][1][safepoint    ] Safepoint "RevokeBias", Time since last: 133957 ns, Reaching safepoint: 151836 ns, At safepoint: 39223 ns, Total: 191059 ns
[2020-03-03T03:07:54.499+0000][1][safepoint    ] Safepoint "RevokeBias", Time since last: 109617 ns, Reaching safepoint: 70522 ns, At safepoint: 98281 ns, Total: 168803 ns
[2020-03-03T03:07:54.499+0000][1][safepoint    ] Safepoint "RevokeBias", Time since last: 88655 ns, Reaching safepoint: 138890 ns, At safepoint: 111993 ns, Total: 250883 ns
[2020-03-03T03:07:54.500+0000][1][safepoint    ] Safepoint "BulkRevokeBias", Time since last: 114733 ns, Reaching safepoint: 72837 ns, At safepoint: 334933 ns, Total: 407770 ns
[2020-03-03T03:07:54.507+0000][1][safepoint    ] Safepoint "RevokeBias", Time since last: 6861156 ns, Reaching safepoint: 104459 ns, At safepoint: 218662 ns, Total: 323121 ns
[2020-03-03T03:07:54.507+0000][1][safepoint    ] Safepoint "RevokeBias", Time since last: 217054 ns, Reaching safepoint: 78354 ns, At safepoint: 104448 ns, Total: 182802 ns
[2020-03-03T03:07:54.508+0000][1][safepoint    ] Safepoint "RevokeBias", Time since last: 157205 ns, Reaching safepoint: 273651 ns, At safepoint: 114311 ns, Total: 387962 ns
[2020-03-03T03:07:54.509+0000][1][safepoint    ] Safepoint "RevokeBias", Time since last: 696751 ns, Reaching safepoint: 188833 ns, At safepoint: 210590 ns, Total: 399423 ns
[2020-03-03T03:07:54.509+0000][1][safepoint    ] Safepoint "RevokeBias", Time since last: 172239 ns, Reaching safepoint: 129049 ns, At safepoint: 198994 ns, Total: 328043 ns
[2020-03-03T03:07:54.510+0000][1][safepoint    ] Safepoint "RevokeBias", Time since last: 503700 ns, Reaching safepoint: 55122 ns, At safepoint: 109019 ns, Total: 164141 ns
[2020-03-03T03:07:54.510+0000][1][safepoint    ] Safepoint "RevokeBias", Time since last: 449452 ns, Reaching safepoint: 55111 ns, At safepoint: 46043 ns, Total: 101154 ns
[2020-03-03T03:07:54.511+0000][1][safepoint    ] Safepoint "RevokeBias", Time since last: 65750 ns, Reaching safepoint: 46150 ns, At safepoint: 41151 ns, Total: 87301 ns
[2020-03-03T03:07:54.511+0000][1][safepoint    ] Safepoint "RevokeBias", Time since last: 57842 ns, Reaching safepoint: 45069 ns, At safepoint: 93980 ns, Total: 139049 ns
[2020-03-03T03:07:54.511+0000][1][safepoint    ] Safepoint "RevokeBias", Time since last: 70927 ns, Reaching safepoint: 52408 ns, At safepoint: 42719 ns, Total: 95127 ns
[2020-03-03T03:07:54.511+0000][1][safepoint    ] Safepoint "RevokeBias", Time since last: 53304 ns, Reaching safepoint: 43661 ns, At safepoint: 39787 ns, Total: 83448 ns
[2020-03-03T03:07:54.511+0000][1][safepoint    ] Safepoint "RevokeBias", Time since last: 50987 ns, Reaching safepoint: 43706 ns, At safepoint: 39571 ns, Total: 83277 ns
[2020-03-03T03:07:54.511+0000][1][safepoint    ] Safepoint "RevokeBias", Time since last: 54377 ns, Reaching safepoint: 43717 ns, At safepoint: 73774 ns, Total: 117491 ns
[2020-03-03T03:07:54.512+0000][1][safepoint    ] Safepoint "RevokeBias", Time since last: 67411 ns, Reaching safepoint: 49367 ns, At safepoint: 40534 ns, Total: 89901 ns
[2020-03-03T03:07:54.512+0000][1][safepoint    ] Safepoint "RevokeBias", Time since last: 62747 ns, Reaching safepoint: 44233 ns, At safepoint: 40131 ns, Total: 84364 ns
[2020-03-03T03:07:54.512+0000][1][safepoint    ] Safepoint "RevokeBias", Time since last: 51936 ns, Reaching safepoint: 43784 ns, At safepoint: 39766 ns, Total: 83550 ns
[2020-03-03T03:07:54.512+0000][1][safepoint    ] Safepoint "RevokeBias", Time since last: 54203 ns, Reaching safepoint: 100861 ns, At safepoint: 46228 ns, Total: 147089 ns
[2020-03-03T03:07:54.512+0000][1][safepoint    ] Safepoint "RevokeBias", Time since last: 77267 ns, Reaching safepoint: 46901 ns, At safepoint: 40646 ns, Total: 87547 ns
[2020-03-03T03:07:54.512+0000][1][safepoint    ] Safepoint "RevokeBias", Time since last: 52547 ns, Reaching safepoint: 43757 ns, At safepoint: 39533 ns, Total: 83290 ns
[2020-03-03T03:07:54.512+0000][1][safepoint    ] Safepoint "RevokeBias", Time since last: 50947 ns, Reaching safepoint: 43939 ns, At safepoint: 39616 ns, Total: 83555 ns
[2020-03-03T03:07:54.513+0000][1][safepoint    ] Safepoint "RevokeBias", Time since last: 105021 ns, Reaching safepoint: 53290 ns, At safepoint: 42761 ns, Total: 96051 ns
[2020-03-03T03:07:54.513+0000][1][safepoint    ] Safepoint "BulkRevokeBias", Time since last: 64882 ns, Reaching safepoint: 44473 ns, At safepoint: 171163 ns, Total: 215636 ns
[2020-03-03T03:07:54.515+0000][1][safepoint    ] Safepoint "RevokeBias", Time since last: 1934537 ns, Reaching safepoint: 87098 ns, At safepoint: 78312 ns, Total: 165410 ns
[2020-03-03T03:07:54.516+0000][1][safepoint    ] Safepoint "RevokeBias", Time since last: 408176 ns, Reaching safepoint: 83224 ns, At safepoint: 73323 ns, Total: 156547 ns
[2020-03-03T03:07:54.518+0000][1][safepoint    ] Safepoint "RevokeBias", Time since last: 2356923 ns, Reaching safepoint: 58479 ns, At safepoint: 70482 ns, Total: 128961 ns
[2020-03-03T03:07:54.518+0000][1][safepoint    ] Safepoint "RevokeBias", Time since last: 194796 ns, Reaching safepoint: 48776 ns, At safepoint: 63304 ns, Total: 112080 ns
[2020-03-03T03:07:54.519+0000][1][safepoint    ] Safepoint "RevokeBias", Time since last: 63149 ns, Reaching safepoint: 88058 ns, At safepoint: 67412 ns, Total: 155470 ns
[2020-03-03T03:07:54.521+0000][1][safepoint    ] Safepoint "RevokeBias", Time since last: 1739064 ns, Reaching safepoint: 54381 ns, At safepoint: 210371 ns, Total: 264752 ns
[2020-03-03T03:07:54.521+0000][1][safepoint    ] Safepoint "RevokeBias", Time since last: 508588 ns, Reaching safepoint: 51278 ns, At safepoint: 64500 ns, Total: 115778 ns
[2020-03-03T03:07:54.522+0000][1][safepoint    ] Safepoint "RevokeBias", Time since last: 188630 ns, Reaching safepoint: 91752 ns, At safepoint: 69300 ns, Total: 161052 ns
[2020-03-03T03:07:54.522+0000][1][safepoint    ] Safepoint "RevokeBias", Time since last: 577588 ns, Reaching safepoint: 48821 ns, At safepoint: 63406 ns, Total: 112227 ns
[2020-03-03T03:07:54.523+0000][1][safepoint    ] Safepoint "RevokeBias", Time since last: 773475 ns, Reaching safepoint: 49145 ns, At safepoint: 62154 ns, Total: 111299 ns
[2020-03-03T03:07:54.523+0000][1][safepoint    ] Safepoint "RevokeBias", Time since last: 180367 ns, Reaching safepoint: 47459 ns, At safepoint: 62481 ns, Total: 109940 ns
[2020-03-03T03:07:54.524+0000][1][safepoint    ] Safepoint "RevokeBias", Time since last: 363121 ns, Reaching safepoint: 93877 ns, At safepoint: 69104 ns, Total: 162981 ns
[2020-03-03T03:07:54.534+0000][1][safepoint    ] Safepoint "RevokeBias", Time since last: 10059938 ns, Reaching safepoint: 80215 ns, At safepoint: 83918 ns, Total: 164133 ns
[2020-03-03T03:07:54.540+0000][1][safepoint    ] Safepoint "RevokeBias", Time since last: 5273469 ns, Reaching safepoint: 98156 ns, At safepoint: 102621 ns, Total: 200777 ns
[2020-03-03T03:07:54.540+0000][1][safepoint    ] Safepoint "RevokeBias", Time since last: 125149 ns, Reaching safepoint: 70426 ns, At safepoint: 82562 ns, Total: 152988 ns
[2020-03-03T03:07:54.540+0000][1][safepoint    ] Safepoint "RevokeBias", Time since last: 187615 ns, Reaching safepoint: 79524 ns, At safepoint: 83863 ns, Total: 163387 ns
[2020-03-03T03:07:54.541+0000][1][safepoint    ] Safepoint "RevokeBias", Time since last: 96208 ns, Reaching safepoint: 66195 ns, At safepoint: 77850 ns, Total: 144045 ns
[2020-03-03T03:07:54.545+0000][1][safepoint    ] Safepoint "RevokeBias", Time since last: 4322166 ns, Reaching safepoint: 76132 ns, At safepoint: 96855 ns, Total: 172987 ns
[2020-03-03T03:07:54.848+0000][1][gc,start     ] GC(24) Pause Young (Allocation Failure)
[2020-03-03T03:07:54.848+0000][1][gc,task      ] GC(24) Using 1 workers of 1 for evacuation
[2020-03-03T03:07:54.902+0000][1][gc,age       ] GC(24) Desired survivor size 4358144 bytes, new threshold 2 (max threshold 6)
[2020-03-03T03:07:54.902+0000][1][gc,age       ] GC(24) Age table with threshold 2 (max threshold 6)
[2020-03-03T03:07:54.902+0000][1][gc,age       ] GC(24) - age   1:    2753568 bytes,    2753568 total
[2020-03-03T03:07:54.902+0000][1][gc,age       ] GC(24) - age   2:    2752472 bytes,    5506040 total
[2020-03-03T03:07:54.902+0000][1][gc,heap      ] GC(24) ParNew: 75763K->8512K(76672K)
[2020-03-03T03:07:54.902+0000][1][gc,heap      ] GC(24) CMS: 45773K->48532K(963392K)
[2020-03-03T03:07:54.902+0000][1][gc,metaspace ] GC(24) Metaspace: 49636K->49636K(1095680K)
[2020-03-03T03:07:54.902+0000][1][gc           ] GC(24) Pause Young (Allocation Failure) 118M->55M(1015M) 54.590ms
[2020-03-03T03:07:54.902+0000][1][gc,cpu       ] GC(24) User=0.06s Sys=0.00s Real=0.05s
[2020-03-03T03:07:54.902+0000][1][safepoint    ] Safepoint "GenCollectForAllocation", Time since last: 302578531 ns, Reaching safepoint: 68007 ns, At safepoint: 54652130 ns, Total: 54720137 ns
[2020-03-03T03:07:54.910+0000][1][safepoint    ] Safepoint "RevokeBias", Time since last: 7244915 ns, Reaching safepoint: 36060 ns, At safepoint: 14131 ns, Total: 50191 ns
[2020-03-03T03:07:54.910+0000][1][safepoint    ] Safepoint "RevokeBias", Time since last: 116803 ns, Reaching safepoint: 66351 ns, At safepoint: 16753 ns, Total: 83104 ns
[2020-03-03T03:07:54.910+0000][1][safepoint    ] Safepoint "RevokeBias", Time since last: 55620 ns, Reaching safepoint: 10901 ns, At safepoint: 8030 ns, Total: 18931 ns
[2020-03-03T03:07:54.910+0000][1][safepoint    ] Safepoint "RevokeBias", Time since last: 29073 ns, Reaching safepoint: 8861 ns, At safepoint: 7250 ns, Total: 16111 ns
[2020-03-03T03:07:54.910+0000][1][safepoint    ] Safepoint "RevokeBias", Time since last: 31608 ns, Reaching safepoint: 8472 ns, At safepoint: 7129 ns, Total: 15601 ns
[2020-03-03T03:07:54.910+0000][1][safepoint    ] Safepoint "RevokeBias", Time since last: 26365 ns, Reaching safepoint: 8414 ns, At safepoint: 7163 ns, Total: 15577 ns
[2020-03-03T03:07:54.910+0000][1][safepoint    ] Safepoint "RevokeBias", Time since last: 23421 ns, Reaching safepoint: 8408 ns, At safepoint: 7076 ns, Total: 15484 ns
[2020-03-03T03:07:54.910+0000][1][safepoint    ] Safepoint "RevokeBias", Time since last: 27436 ns, Reaching safepoint: 8312 ns, At safepoint: 7247 ns, Total: 15559 ns
[2020-03-03T03:07:54.910+0000][1][safepoint    ] Safepoint "RevokeBias", Time since last: 23710 ns, Reaching safepoint: 8221 ns, At safepoint: 7057 ns, Total: 15278 ns
[2020-03-03T03:07:55.074+0000][1][safepoint    ] Safepoint "RevokeBias", Time since last: 163876116 ns, Reaching safepoint: 43428 ns, At safepoint: 15663 ns, Total: 59091 ns
[2020-03-03T03:07:55.075+0000][1][safepoint    ] Safepoint "BulkRevokeBias", Time since last: 196107 ns, Reaching safepoint: 25718 ns, At safepoint: 182904 ns, Total: 208622 ns
[2020-03-03T03:07:55.512+0000][1][safepoint    ] Safepoint "RevokeBias", Time since last: 437536064 ns, Reaching safepoint: 377709 ns, At safepoint: 22132 ns, Total: 399841 ns
[2020-03-03T03:07:56.514+0000][1][safepoint    ] Safepoint "Cleanup", Time since last: 1000608264 ns, Reaching safepoint: 1004184 ns, At safepoint: 30663 ns, Total: 1034847 ns
[2020-03-03T03:07:56.516+0000][1][safepoint    ] Safepoint "RevokeBias", Time since last: 1442903 ns, Reaching safepoint: 93599 ns, At safepoint: 40458 ns, Total: 134057 ns
[2020-03-03T03:07:57.522+0000][1][safepoint    ] Safepoint "Cleanup", Time since last: 1006427443 ns, Reaching safepoint: 111830 ns, At safepoint: 12674 ns, Total: 124504 ns
[2020-03-03T03:07:57.524+0000][1][safepoint    ] Safepoint "RevokeBias", Time since last: 2089037 ns, Reaching safepoint: 70844 ns, At safepoint: 24974 ns, Total: 95818 ns
[2020-03-03T03:07:58.121+0000][1][gc,start     ] GC(25) Pause Young (Allocation Failure)
[2020-03-03T03:07:58.121+0000][1][gc,task      ] GC(25) Using 1 workers of 1 for evacuation
[2020-03-03T03:07:58.196+0000][1][gc,age       ] GC(25) Desired survivor size 4358144 bytes, new threshold 6 (max threshold 6)
[2020-03-03T03:07:58.196+0000][1][gc,age       ] GC(25) Age table with threshold 6 (max threshold 6)
[2020-03-03T03:07:58.196+0000][1][gc,age       ] GC(25) - age   1:    1290128 bytes,    1290128 total
[2020-03-03T03:07:58.196+0000][1][gc,age       ] GC(25) - age   2:    2695080 bytes,    3985208 total
[2020-03-03T03:07:58.196+0000][1][gc,heap      ] GC(25) ParNew: 76672K->5245K(76672K)
[2020-03-03T03:07:58.196+0000][1][gc,heap      ] GC(25) CMS: 48532K->51304K(963392K)
[2020-03-03T03:07:58.196+0000][1][gc,metaspace ] GC(25) Metaspace: 55904K->55904K(1101824K)
[2020-03-03T03:07:58.196+0000][1][gc           ] GC(25) Pause Young (Allocation Failure) 122M->55M(1015M) 75.242ms
[2020-03-03T03:07:58.196+0000][1][gc,cpu       ] GC(25) User=0.07s Sys=0.01s Real=0.08s
[2020-03-03T03:07:58.196+0000][1][safepoint    ] Safepoint "GenCollectForAllocation", Time since last: 596422029 ns, Reaching safepoint: 179119 ns, At safepoint: 75328795 ns, Total: 75507914 ns
[2020-03-03T03:07:59.032+0000][1][safepoint    ] Safepoint "Deoptimize", Time since last: 833522050 ns, Reaching safepoint: 211601 ns, At safepoint: 1638592 ns, Total: 1850193 ns
[2020-03-03T03:08:00.043+0000][1][safepoint    ] Safepoint "Cleanup", Time since last: 1001089005 ns, Reaching safepoint: 9753515 ns, At safepoint: 15016 ns, Total: 9768531 ns
[2020-03-03T03:08:01.055+0000][1][safepoint    ] Safepoint "Cleanup", Time since last: 1000188446 ns, Reaching safepoint: 12616917 ns, At safepoint: 28275 ns, Total: 12645192 ns
[2020-03-03T03:08:01.260+0000][1][safepoint    ] Safepoint "Deoptimize", Time since last: 203648260 ns, Reaching safepoint: 68794 ns, At safepoint: 607648 ns, Total: 676442 ns
[2020-03-03T03:08:01.636+0000][1][safepoint    ] Safepoint "RevokeBias", Time since last: 376400948 ns, Reaching safepoint: 77125 ns, At safepoint: 43029 ns, Total: 120154 ns
[2020-03-03T03:08:01.645+0000][1][safepoint    ] Safepoint "RevokeBias", Time since last: 8938950 ns, Reaching safepoint: 43098 ns, At safepoint: 37871 ns, Total: 80969 ns
[2020-03-03T03:08:01.646+0000][1][safepoint    ] Safepoint "RevokeBias", Time since last: 163009 ns, Reaching safepoint: 28687 ns, At safepoint: 31179 ns, Total: 59866 ns
[2020-03-03T03:08:01.662+0000][1][safepoint    ] Safepoint "RevokeBias", Time since last: 16460456 ns, Reaching safepoint: 88423 ns, At safepoint: 41643 ns, Total: 130066 ns
[2020-03-03T03:08:02.335+0000][1][safepoint    ] Safepoint "RevokeBias", Time since last: 672393436 ns, Reaching safepoint: 168747 ns, At safepoint: 48793 ns, Total: 217540 ns
[2020-03-03T03:08:02.335+0000][1][safepoint    ] Safepoint "RevokeBias", Time since last: 73819 ns, Reaching safepoint: 181444 ns, At safepoint: 40149 ns, Total: 221593 ns
[2020-03-03T03:08:02.336+0000][1][safepoint    ] Safepoint "RevokeBias", Time since last: 270093 ns, Reaching safepoint: 548600 ns, At safepoint: 82454 ns, Total: 631054 ns
[2020-03-03T03:08:02.633+0000][1][safepoint    ] Safepoint "Deoptimize", Time since last: 295996459 ns, Reaching safepoint: 82295 ns, At safepoint: 978143 ns, Total: 1060438 ns
[2020-03-03T03:08:03.149+0000][1][gc,start     ] GC(26) Pause Young (Allocation Failure)
[2020-03-03T03:08:03.149+0000][1][gc,task      ] GC(26) Using 1 workers of 1 for evacuation
[2020-03-03T03:08:03.208+0000][1][gc,age       ] GC(26) Desired survivor size 4358144 bytes, new threshold 2 (max threshold 6)
[2020-03-03T03:08:03.208+0000][1][gc,age       ] GC(26) Age table with threshold 2 (max threshold 6)
[2020-03-03T03:08:03.208+0000][1][gc,age       ] GC(26) - age   1:    3785096 bytes,    3785096 total
[2020-03-03T03:08:03.208+0000][1][gc,age       ] GC(26) - age   2:    1174096 bytes,    4959192 total
[2020-03-03T03:08:03.208+0000][1][gc,age       ] GC(26) - age   3:    2669288 bytes,    7628480 total
[2020-03-03T03:08:03.208+0000][1][gc,heap      ] GC(26) ParNew: 73405K->8460K(76672K)
[2020-03-03T03:08:03.208+0000][1][gc,heap      ] GC(26) CMS: 51304K->51304K(963392K)
[2020-03-03T03:08:03.208+0000][1][gc,metaspace ] GC(26) Metaspace: 63538K->63538K(1107968K)
[2020-03-03T03:08:03.208+0000][1][gc           ] GC(26) Pause Young (Allocation Failure) 121M->58M(1015M) 58.577ms
[2020-03-03T03:08:03.208+0000][1][gc,cpu       ] GC(26) User=0.06s Sys=0.00s Real=0.06s
[2020-03-03T03:08:03.208+0000][1][safepoint    ] Safepoint "GenCollectForAllocation", Time since last: 516299179 ns, Reaching safepoint: 64497 ns, At safepoint: 58653026 ns, Total: 58717523 ns
[2020-03-03T03:08:04.219+0000][1][safepoint    ] Safepoint "Cleanup", Time since last: 1010371404 ns, Reaching safepoint: 454796 ns, At safepoint: 17926 ns, Total: 472722 ns
[2020-03-03T03:08:04.220+0000][1][safepoint    ] Safepoint "BulkRevokeBias", Time since last: 481073 ns, Reaching safepoint: 50930 ns, At safepoint: 188588 ns, Total: 239518 ns
[2020-03-03T03:08:04.425+0000][1][safepoint    ] Safepoint "Deoptimize", Time since last: 204093918 ns, Reaching safepoint: 46485 ns, At safepoint: 960169 ns, Total: 1006654 ns
[2020-03-03T03:08:04.687+0000][1][safepoint    ] Safepoint "RevokeBias", Time since last: 262706143 ns, Reaching safepoint: 85953 ns, At safepoint: 47829 ns, Total: 133782 ns
[2020-03-03T03:08:04.688+0000][1][safepoint    ] Safepoint "RevokeBias", Time since last: 742911 ns, Reaching safepoint: 49537 ns, At safepoint: 43861 ns, Total: 93398 ns
[2020-03-03T03:08:04.743+0000][1][safepoint    ] Safepoint "RevokeBias", Time since last: 54164969 ns, Reaching safepoint: 41342 ns, At safepoint: 38960 ns, Total: 80302 ns
[2020-03-03T03:08:04.743+0000][1][safepoint    ] Safepoint "RevokeBias", Time since last: 638136 ns, Reaching safepoint: 23873 ns, At safepoint: 23360 ns, Total: 47233 ns
[2020-03-03T03:08:04.743+0000][1][safepoint    ] Safepoint "RevokeBias", Time since last: 53433 ns, Reaching safepoint: 14532 ns, At safepoint: 15831 ns, Total: 30363 ns
[2020-03-03T03:08:04.744+0000][1][safepoint    ] Safepoint "RevokeBias", Time since last: 303560 ns, Reaching safepoint: 15197 ns, At safepoint: 19231 ns, Total: 34428 ns
[2020-03-03T03:08:04.744+0000][1][safepoint    ] Safepoint "RevokeBias", Time since last: 195280 ns, Reaching safepoint: 18871 ns, At safepoint: 19477 ns, Total: 38348 ns
[2020-03-03T03:08:04.744+0000][1][safepoint    ] Safepoint "RevokeBias", Time since last: 43946 ns, Reaching safepoint: 13577 ns, At safepoint: 15605 ns, Total: 29182 ns
[2020-03-03T03:08:04.745+0000][1][safepoint    ] Safepoint "RevokeBias", Time since last: 627391 ns, Reaching safepoint: 15896 ns, At safepoint: 19071 ns, Total: 34967 ns
[2020-03-03T03:08:04.746+0000][1][safepoint    ] Safepoint "RevokeBias", Time since last: 913667 ns, Reaching safepoint: 21420 ns, At safepoint: 19939 ns, Total: 41359 ns
[2020-03-03T03:08:04.748+0000][1][safepoint    ] Safepoint "RevokeBias", Time since last: 2321202 ns, Reaching safepoint: 41747 ns, At safepoint: 36331 ns, Total: 78078 ns
[2020-03-03T03:08:04.764+0000][1][safepoint    ] Safepoint "Deoptimize", Time since last: 15613079 ns, Reaching safepoint: 45505 ns, At safepoint: 726594 ns, Total: 772099 ns
[2020-03-03T03:08:05.099+0000][1][safepoint    ] Safepoint "RevokeBias", Time since last: 322087960 ns, Reaching safepoint: 12553611 ns, At safepoint: 63418 ns, Total: 12617029 ns
[2020-03-03T03:08:05.109+0000][1][safepoint    ] Safepoint "RevokeBias", Time since last: 3867451 ns, Reaching safepoint: 6041871 ns, At safepoint: 39002 ns, Total: 6080873 ns
[2020-03-03T03:08:05.115+0000][1][safepoint    ] Safepoint "RevokeBias", Time since last: 3157497 ns, Reaching safepoint: 2981322 ns, At safepoint: 31493 ns, Total: 3012815 ns
[2020-03-03T03:08:05.123+0000][1][safepoint    ] Safepoint "RevokeBias", Time since last: 4102022 ns, Reaching safepoint: 3855540 ns, At safepoint: 30424 ns, Total: 3885964 ns
[2020-03-03T03:08:05.127+0000][1][safepoint    ] Safepoint "RevokeBias", Time since last: 94785 ns, Reaching safepoint: 3573414 ns, At safepoint: 46415 ns, Total: 3619829 ns
[2020-03-03T03:08:05.131+0000][1][safepoint    ] Safepoint "RevokeBias", Time since last: 3919229 ns, Reaching safepoint: 53936 ns, At safepoint: 42352 ns, Total: 96288 ns
[2020-03-03T03:08:05.131+0000][1][safepoint    ] Safepoint "RevokeBias", Time since last: 74973 ns, Reaching safepoint: 28418 ns, At safepoint: 30507 ns, Total: 58925 ns
[2020-03-03T03:08:05.131+0000][1][safepoint    ] Safepoint "RevokeBias", Time since last: 46192 ns, Reaching safepoint: 25771 ns, At safepoint: 28151 ns, Total: 53922 ns
[2020-03-03T03:08:05.148+0000][1][safepoint    ] Safepoint "RevokeBias", Time since last: 16292798 ns, Reaching safepoint: 41886 ns, At safepoint: 20982 ns, Total: 62868 ns
[2020-03-03T03:08:05.158+0000][1][safepoint    ] Safepoint "RevokeBias", Time since last: 10466640 ns, Reaching safepoint: 43306 ns, At safepoint: 23678 ns, Total: 66984 ns
[2020-03-03T03:08:05.158+0000][1][safepoint    ] Safepoint "RevokeBias", Time since last: 165700 ns, Reaching safepoint: 28653 ns, At safepoint: 18238 ns, Total: 46891 ns
[2020-03-03T03:08:05.161+0000][1][safepoint    ] Safepoint "RevokeBias", Time since last: 2866337 ns, Reaching safepoint: 43997 ns, At safepoint: 22525 ns, Total: 66522 ns
[2020-03-03T03:08:05.166+0000][1][safepoint    ] Safepoint "RevokeBias", Time since last: 4831352 ns, Reaching safepoint: 46624 ns, At safepoint: 20884 ns, Total: 67508 ns
[2020-03-03T03:08:05.166+0000][1][safepoint    ] Safepoint "RevokeBias", Time since last: 99958 ns, Reaching safepoint: 31841 ns, At safepoint: 16383 ns, Total: 48224 ns
[2020-03-03T03:08:05.166+0000][1][safepoint    ] Safepoint "RevokeBias", Time since last: 41707 ns, Reaching safepoint: 29841 ns, At safepoint: 14956 ns, Total: 44797 ns
[2020-03-03T03:08:05.167+0000][1][safepoint    ] Safepoint "RevokeBias", Time since last: 350483 ns, Reaching safepoint: 38243 ns, At safepoint: 16866 ns, Total: 55109 ns
[2020-03-03T03:08:05.167+0000][1][safepoint    ] Safepoint "RevokeBias", Time since last: 312112 ns, Reaching safepoint: 33502 ns, At safepoint: 17725 ns, Total: 51227 ns
[2020-03-03T03:08:05.167+0000][1][safepoint    ] Safepoint "RevokeBias", Time since last: 43323 ns, Reaching safepoint: 30594 ns, At safepoint: 15525 ns, Total: 46119 ns
[2020-03-03T03:08:05.245+0000][1][safepoint    ] Safepoint "RevokeBias", Time since last: 78159245 ns, Reaching safepoint: 82234 ns, At safepoint: 25205 ns, Total: 107439 ns
[2020-03-03T03:08:05.272+0000][1][safepoint    ] Safepoint "RevokeBias", Time since last: 16441717 ns, Reaching safepoint: 9631428 ns, At safepoint: 23914 ns, Total: 9655342 ns
[2020-03-03T03:08:05.274+0000][1][safepoint    ] Safepoint "RevokeBias", Time since last: 2149973 ns, Reaching safepoint: 48390 ns, At safepoint: 16263 ns, Total: 64653 ns
[2020-03-03T03:08:05.317+0000][1][safepoint    ] Safepoint "RevokeBias", Time since last: 42682280 ns, Reaching safepoint: 54261 ns, At safepoint: 18531 ns, Total: 72792 ns
[2020-03-03T03:08:05.317+0000][1][safepoint    ] Safepoint "RevokeBias", Time since last: 110360 ns, Reaching safepoint: 27983 ns, At safepoint: 11935 ns, Total: 39918 ns
[2020-03-03T03:08:05.325+0000][1][safepoint    ] Safepoint "RevokeBias", Time since last: 8270128 ns, Reaching safepoint: 50505 ns, At safepoint: 20923 ns, Total: 71428 ns
[2020-03-03T03:08:05.368+0000][1][safepoint    ] Safepoint "RevokeBias", Time since last: 42883767 ns, Reaching safepoint: 44985 ns, At safepoint: 22258 ns, Total: 67243 ns
[2020-03-03T03:08:05.373+0000][1][safepoint    ] Safepoint "RevokeBias", Time since last: 4448825 ns, Reaching safepoint: 63662 ns, At safepoint: 29783 ns, Total: 93445 ns
[2020-03-03T03:08:05.403+0000][1][safepoint    ] Safepoint "RevokeBias", Time since last: 27688201 ns, Reaching safepoint: 2986690 ns, At safepoint: 40990 ns, Total: 3027680 ns
[2020-03-03T03:08:05.404+0000][1][safepoint    ] Safepoint "RevokeBias", Time since last: 716422 ns, Reaching safepoint: 128837 ns, At safepoint: 33704 ns, Total: 162541 ns
[2020-03-03T03:08:05.419+0000][1][safepoint    ] Safepoint "RevokeBias", Time since last: 14586483 ns, Reaching safepoint: 44489 ns, At safepoint: 21163 ns, Total: 65652 ns
[2020-03-03T03:08:05.448+0000][1][safepoint    ] Safepoint "RevokeBias", Time since last: 29351258 ns, Reaching safepoint: 93988 ns, At safepoint: 35074 ns, Total: 129062 ns
[2020-03-03T03:08:05.461+0000][1][safepoint    ] Safepoint "RevokeBias", Time since last: 12410637 ns, Reaching safepoint: 69595 ns, At safepoint: 25629 ns, Total: 95224 ns
[2020-03-03T03:08:05.633+0000][1][safepoint    ] Safepoint "RevokeBias", Time since last: 171615774 ns, Reaching safepoint: 123577 ns, At safepoint: 24850 ns, Total: 148427 ns
[2020-03-03T03:08:05.649+0000][1][safepoint    ] Safepoint "RevokeBias", Time since last: 16524738 ns, Reaching safepoint: 53008 ns, At safepoint: 32046 ns, Total: 85054 ns
[2020-03-03T03:08:05.654+0000][1][safepoint    ] Safepoint "RevokeBias", Time since last: 4773444 ns, Reaching safepoint: 67814 ns, At safepoint: 21724 ns, Total: 89538 ns
[2020-03-03T03:08:05.672+0000][1][safepoint    ] Safepoint "RevokeBias", Time since last: 18343661 ns, Reaching safepoint: 54907 ns, At safepoint: 34490 ns, Total: 89397 ns
[2020-03-03T03:08:05.677+0000][1][safepoint    ] Safepoint "RevokeBias", Time since last: 4470070 ns, Reaching safepoint: 67394 ns, At safepoint: 21841 ns, Total: 89235 ns
[2020-03-03T03:08:05.677+0000][1][safepoint    ] Safepoint "RevokeBias", Time since last: 70775 ns, Reaching safepoint: 36904 ns, At safepoint: 15519 ns, Total: 52423 ns
[2020-03-03T03:08:05.677+0000][1][safepoint    ] Safepoint "RevokeBias", Time since last: 37592 ns, Reaching safepoint: 35294 ns, At safepoint: 14630 ns, Total: 49924 ns
[2020-03-03T03:08:05.680+0000][1][safepoint    ] Safepoint "RevokeBias", Time since last: 2893775 ns, Reaching safepoint: 55133 ns, At safepoint: 20522 ns, Total: 75655 ns
[2020-03-03T03:08:05.680+0000][1][safepoint    ] Safepoint "RevokeBias", Time since last: 201734 ns, Reaching safepoint: 39997 ns, At safepoint: 17237 ns, Total: 57234 ns
[2020-03-03T03:08:05.681+0000][1][safepoint    ] Safepoint "RevokeBias", Time since last: 46603 ns, Reaching safepoint: 31647 ns, At safepoint: 15264 ns, Total: 46911 ns
[2020-03-03T03:08:05.689+0000][1][safepoint    ] Safepoint "RevokeBias", Time since last: 8383110 ns, Reaching safepoint: 64527 ns, At safepoint: 17862 ns, Total: 82389 ns
[2020-03-03T03:08:05.745+0000][1][safepoint    ] Safepoint "RevokeBias", Time since last: 39946996 ns, Reaching safepoint: 16209598 ns, At safepoint: 62630 ns, Total: 16272228 ns
[2020-03-03T03:08:05.747+0000][1][safepoint    ] Safepoint "RevokeBias", Time since last: 1275806 ns, Reaching safepoint: 92837 ns, At safepoint: 29425 ns, Total: 122262 ns
[2020-03-03T03:08:05.755+0000][1][safepoint    ] Safepoint "RevokeBias", Time since last: 7976245 ns, Reaching safepoint: 216627 ns, At safepoint: 62885 ns, Total: 279512 ns
[2020-03-03T03:08:05.756+0000][1][safepoint    ] Safepoint "RevokeBias", Time since last: 728552 ns, Reaching safepoint: 105922 ns, At safepoint: 75578 ns, Total: 181500 ns
[2020-03-03T03:08:05.802+0000][1][safepoint    ] Safepoint "RevokeBias", Time since last: 13252104 ns, Reaching safepoint: 33409364 ns, At safepoint: 41733 ns, Total: 33451097 ns
[2020-03-03T03:08:05.866+0000][1][safepoint    ] Safepoint "RevokeBias", Time since last: 63031524 ns, Reaching safepoint: 91776 ns, At safepoint: 83470 ns, Total: 175246 ns
[2020-03-03T03:08:05.889+0000][1][safepoint    ] Safepoint "RevokeBias", Time since last: 4895789 ns, Reaching safepoint: 18023723 ns, At safepoint: 380968 ns, Total: 18404691 ns
[2020-03-03T03:08:05.890+0000][1][safepoint    ] Safepoint "RevokeBias", Time since last: 854871 ns, Reaching safepoint: 380194 ns, At safepoint: 227699 ns, Total: 607893 ns
[2020-03-03T03:08:05.894+0000][1][safepoint    ] Safepoint "RevokeBias", Time since last: 2544591 ns, Reaching safepoint: 542469 ns, At safepoint: 332573 ns, Total: 875042 ns
[2020-03-03T03:08:05.896+0000][1][safepoint    ] Safepoint "RevokeBias", Time since last: 1636719 ns, Reaching safepoint: 365576 ns, At safepoint: 239709 ns, Total: 605285 ns
[2020-03-03T03:08:06.013+0000][1][safepoint    ] Safepoint "RevokeBias", Time since last: 110647087 ns, Reaching safepoint: 5770464 ns, At safepoint: 54783 ns, Total: 5825247 ns
[2020-03-03T03:08:06.018+0000][1][safepoint    ] Safepoint "RevokeBias", Time since last: 196452 ns, Reaching safepoint: 4781845 ns, At safepoint: 54134 ns, Total: 4835979 ns
[2020-03-03T03:08:06.023+0000][1][safepoint    ] Safepoint "RevokeBias", Time since last: 5138073 ns, Reaching safepoint: 43127 ns, At safepoint: 22274 ns, Total: 65401 ns
[2020-03-03T03:08:06.023+0000][1][safepoint    ] Safepoint "RevokeBias", Time since last: 286360 ns, Reaching safepoint: 29919 ns, At safepoint: 18779 ns, Total: 48698 ns
[2020-03-03T03:08:06.023+0000][1][safepoint    ] Safepoint "BulkRevokeBias", Time since last: 64978 ns, Reaching safepoint: 18890 ns, At safepoint: 175235 ns, Total: 194125 ns
[2020-03-03T03:08:06.042+0000][1][safepoint    ] Safepoint "RevokeBias", Time since last: 9443008 ns, Reaching safepoint: 8900354 ns, At safepoint: 20660 ns, Total: 8921014 ns
[2020-03-03T03:08:06.043+0000][1][safepoint    ] Safepoint "RevokeBias", Time since last: 719432 ns, Reaching safepoint: 88016 ns, At safepoint: 10916 ns, Total: 98932 ns
[2020-03-03T03:08:06.043+0000][1][safepoint    ] Safepoint "RevokeBias", Time since last: 89057 ns, Reaching safepoint: 72078 ns, At safepoint: 9282 ns, Total: 81360 ns
[2020-03-03T03:08:06.043+0000][1][safepoint    ] Safepoint "RevokeBias", Time since last: 284058 ns, Reaching safepoint: 76805 ns, At safepoint: 9711 ns, Total: 86516 ns
[2020-03-03T03:08:06.066+0000][1][safepoint    ] Safepoint "RevokeBias", Time since last: 22863646 ns, Reaching safepoint: 92187 ns, At safepoint: 11581 ns, Total: 103768 ns
[2020-03-03T03:08:06.068+0000][1][safepoint    ] Safepoint "RevokeBias", Time since last: 1377114 ns, Reaching safepoint: 41601 ns, At safepoint: 8686 ns, Total: 50287 ns
[2020-03-03T03:08:06.100+0000][1][safepoint    ] Safepoint "RevokeBias", Time since last: 32485679 ns, Reaching safepoint: 75524 ns, At safepoint: 8716 ns, Total: 84240 ns
[2020-03-03T03:08:06.100+0000][1][safepoint    ] Safepoint "RevokeBias", Time since last: 156794 ns, Reaching safepoint: 64174 ns, At safepoint: 6188 ns, Total: 70362 ns
[2020-03-03T03:08:06.304+0000][1][gc,start     ] GC(27) Pause Young (Allocation Failure)
[2020-03-03T03:08:06.304+0000][1][gc,task      ] GC(27) Using 1 workers of 1 for evacuation
[2020-03-03T03:08:06.415+0000][1][gc,age       ] GC(27) Desired survivor size 4358144 bytes, new threshold 2 (max threshold 6)
[2020-03-03T03:08:06.415+0000][1][gc,age       ] GC(27) Age table with threshold 2 (max threshold 6)
[2020-03-03T03:08:06.415+0000][1][gc,age       ] GC(27) - age   1:    2489736 bytes,    2489736 total
[2020-03-03T03:08:06.415+0000][1][gc,age       ] GC(27) - age   2:    3378504 bytes,    5868240 total
[2020-03-03T03:08:06.415+0000][1][gc,heap      ] GC(27) ParNew: 76620K->6644K(76672K)
[2020-03-03T03:08:06.415+0000][1][gc,heap      ] GC(27) CMS: 51304K->55107K(963392K)
[2020-03-03T03:08:06.415+0000][1][gc,metaspace ] GC(27) Metaspace: 70332K->70332K(1114112K)
[2020-03-03T03:08:06.415+0000][1][gc           ] GC(27) Pause Young (Allocation Failure) 124M->60M(1015M) 111.474ms
[2020-03-03T03:08:06.416+0000][1][gc,cpu       ] GC(27) User=0.11s Sys=0.01s Real=0.11s
[2020-03-03T03:08:06.416+0000][1][safepoint    ] Safepoint "GenCollectForAllocation", Time since last: 203615362 ns, Reaching safepoint: 73151 ns, At safepoint: 111618778 ns, Total: 111691929 ns
[2020-03-03T03:08:06.476+0000][1][safepoint    ] Safepoint "Deoptimize", Time since last: 59821530 ns, Reaching safepoint: 44946 ns, At safepoint: 526556 ns, Total: 571502 ns
[2020-03-03T03:08:06.725+0000][1][safepoint    ] Safepoint "CollectForMetadataAllocation", Time since last: 240435463 ns, Reaching safepoint: 8196912 ns, At safepoint: 156505 ns, Total: 8353417 ns
[2020-03-03T03:08:06.732+0000][1][safepoint    ] Safepoint "RevokeBias", Time since last: 7527755 ns, Reaching safepoint: 158541 ns, At safepoint: 16413 ns, Total: 174954 ns
[2020-03-03T03:08:06.735+0000][1][safepoint    ] Safepoint "RevokeBias", Time since last: 2130979 ns, Reaching safepoint: 58928 ns, At safepoint: 7401 ns, Total: 66329 ns
[2020-03-03T03:08:06.786+0000][1][safepoint    ] Safepoint "RevokeBias", Time since last: 48052589 ns, Reaching safepoint: 3354371 ns, At safepoint: 20267 ns, Total: 3374638 ns
[2020-03-03T03:08:06.787+0000][1][safepoint    ] Safepoint "RevokeBias", Time since last: 355961 ns, Reaching safepoint: 88058 ns, At safepoint: 10964 ns, Total: 99022 ns
[2020-03-03T03:08:06.787+0000][1][safepoint    ] Safepoint "RevokeBias", Time since last: 183340 ns, Reaching safepoint: 81401 ns, At safepoint: 10007 ns, Total: 91408 ns
[2020-03-03T03:08:06.787+0000][1][safepoint    ] Safepoint "RevokeBias", Time since last: 382532 ns, Reaching safepoint: 107865 ns, At safepoint: 14780 ns, Total: 122645 ns
[2020-03-03T03:08:06.910+0000][1][safepoint    ] Safepoint "RevokeBias", Time since last: 122974371 ns, Reaching safepoint: 52965 ns, At safepoint: 9568 ns, Total: 62533 ns
[2020-03-03T03:08:06.911+0000][1][safepoint    ] Safepoint "RevokeBias", Time since last: 88900 ns, Reaching safepoint: 20203 ns, At safepoint: 5121 ns, Total: 25324 ns
[2020-03-03T03:08:06.911+0000][1][safepoint    ] Safepoint "RevokeBias", Time since last: 36751 ns, Reaching safepoint: 18003 ns, At safepoint: 4498 ns, Total: 22501 ns
[2020-03-03T03:08:06.911+0000][1][safepoint    ] Safepoint "RevokeBias", Time since last: 170473 ns, Reaching safepoint: 22080 ns, At safepoint: 5506 ns, Total: 27586 ns
[2020-03-03T03:08:06.920+0000][1][safepoint    ] Safepoint "CollectForMetadataAllocation", Time since last: 9442213 ns, Reaching safepoint: 56451 ns, At safepoint: 221794 ns, Total: 278245 ns
[2020-03-03T03:08:06.929+0000][1][safepoint    ] Safepoint "RevokeBias", Time since last: 8653740 ns, Reaching safepoint: 54383 ns, At safepoint: 9503 ns, Total: 63886 ns
[2020-03-03T03:08:06.933+0000][1][safepoint    ] Safepoint "RevokeBias", Time since last: 3743980 ns, Reaching safepoint: 44680 ns, At safepoint: 9046 ns, Total: 53726 ns
[2020-03-03T03:08:06.941+0000][1][safepoint    ] Safepoint "RevokeBias", Time since last: 7728736 ns, Reaching safepoint: 41231 ns, At safepoint: 7952 ns, Total: 49183 ns
[2020-03-03T03:08:06.941+0000][1][safepoint    ] Safepoint "RevokeBias", Time since last: 57737 ns, Reaching safepoint: 18588 ns, At safepoint: 4777 ns, Total: 23365 ns
[2020-03-03T03:08:06.941+0000][1][safepoint    ] Safepoint "RevokeBias", Time since last: 26240 ns, Reaching safepoint: 14884 ns, At safepoint: 4487 ns, Total: 19371 ns
[2020-03-03T03:08:06.941+0000][1][safepoint    ] Safepoint "RevokeBias", Time since last: 23718 ns, Reaching safepoint: 14426 ns, At safepoint: 4385 ns, Total: 18811 ns
[2020-03-03T03:08:06.941+0000][1][safepoint    ] Safepoint "RevokeBias", Time since last: 24546 ns, Reaching safepoint: 14521 ns, At safepoint: 4452 ns, Total: 18973 ns
[2020-03-03T03:08:06.941+0000][1][safepoint    ] Safepoint "RevokeBias", Time since last: 23888 ns, Reaching safepoint: 14589 ns, At safepoint: 4494 ns, Total: 19083 ns
[2020-03-03T03:08:06.941+0000][1][safepoint    ] Safepoint "RevokeBias", Time since last: 22766 ns, Reaching safepoint: 14325 ns, At safepoint: 4431 ns, Total: 18756 ns
[2020-03-03T03:08:07.218+0000][1][safepoint    ] Safepoint "RevokeBias", Time since last: 276365972 ns, Reaching safepoint: 61347 ns, At safepoint: 8952 ns, Total: 70299 ns
[2020-03-03T03:08:07.218+0000][1][safepoint    ] Safepoint "RevokeBias", Time since last: 488296 ns, Reaching safepoint: 55071 ns, At safepoint: 6884 ns, Total: 61955 ns
[2020-03-03T03:08:07.262+0000][1][safepoint    ] Safepoint "RevokeBias", Time since last: 43612373 ns, Reaching safepoint: 104256 ns, At safepoint: 13169 ns, Total: 117425 ns
[2020-03-03T03:08:07.262+0000][1][safepoint    ] Safepoint "RevokeBias", Time since last: 132528 ns, Reaching safepoint: 75941 ns, At safepoint: 9970 ns, Total: 85911 ns
[2020-03-03T03:08:07.262+0000][1][safepoint    ] Safepoint "RevokeBias", Time since last: 141509 ns, Reaching safepoint: 87417 ns, At safepoint: 10160 ns, Total: 97577 ns
[2020-03-03T03:08:07.264+0000][1][safepoint    ] Safepoint "RevokeBias", Time since last: 1277625 ns, Reaching safepoint: 56256 ns, At safepoint: 6903 ns, Total: 63159 ns
[2020-03-03T03:08:07.267+0000][1][safepoint    ] Safepoint "RevokeBias", Time since last: 2892731 ns, Reaching safepoint: 77306 ns, At safepoint: 11756 ns, Total: 89062 ns
[2020-03-03T03:08:07.269+0000][1][safepoint    ] Safepoint "RevokeBias", Time since last: 2028268 ns, Reaching safepoint: 131980 ns, At safepoint: 17937 ns, Total: 149917 ns
[2020-03-03T03:08:07.269+0000][1][safepoint    ] Safepoint "RevokeBias", Time since last: 97833 ns, Reaching safepoint: 76280 ns, At safepoint: 9256 ns, Total: 85536 ns
[2020-03-03T03:08:07.382+0000][1][safepoint    ] Safepoint "RevokeBias", Time since last: 112857933 ns, Reaching safepoint: 41076 ns, At safepoint: 8838 ns, Total: 49914 ns
[2020-03-03T03:08:07.872+0000][1][safepoint    ] Safepoint "RevokeBias", Time since last: 489875342 ns, Reaching safepoint: 64547 ns, At safepoint: 8322 ns, Total: 72869 ns
[2020-03-03T03:08:07.881+0000][1][safepoint    ] Safepoint "RevokeBias", Time since last: 9015252 ns, Reaching safepoint: 62482 ns, At safepoint: 8268 ns, Total: 70750 ns
[2020-03-03T03:08:07.881+0000][1][safepoint    ] Safepoint "RevokeBias", Time since last: 141568 ns, Reaching safepoint: 80131 ns, At safepoint: 10428 ns, Total: 90559 ns
[2020-03-03T03:08:07.891+0000][1][safepoint    ] Safepoint "RevokeBias", Time since last: 10140753 ns, Reaching safepoint: 85217 ns, At safepoint: 25999 ns, Total: 111216 ns
[2020-03-03T03:08:07.893+0000][1][safepoint    ] Safepoint "BulkRevokeBias", Time since last: 1124775 ns, Reaching safepoint: 85567 ns, At safepoint: 282221 ns, Total: 367788 ns
[2020-03-03T03:08:07.893+0000][1][safepoint    ] Safepoint "RevokeBias", Time since last: 85384 ns, Reaching safepoint: 72377 ns, At safepoint: 9666 ns, Total: 82043 ns
[2020-03-03T03:08:07.893+0000][1][safepoint    ] Safepoint "RevokeBias", Time since last: 123853 ns, Reaching safepoint: 81956 ns, At safepoint: 11079 ns, Total: 93035 ns
[2020-03-03T03:08:07.929+0000][1][safepoint    ] Safepoint "RevokeBias", Time since last: 35405977 ns, Reaching safepoint: 76764 ns, At safepoint: 10929 ns, Total: 87693 ns
[2020-03-03T03:08:07.942+0000][1][safepoint    ] Safepoint "BulkRevokeBias", Time since last: 7325573 ns, Reaching safepoint: 5801153 ns, At safepoint: 301367 ns, Total: 6102520 ns
[2020-03-03T03:08:07.974+0000][1][safepoint    ] Safepoint "RevokeBias", Time since last: 27675417 ns, Reaching safepoint: 4310204 ns, At safepoint: 13380 ns, Total: 4323584 ns
[2020-03-03T03:08:08.029+0000][1][safepoint    ] Safepoint "CollectForMetadataAllocation", Time since last: 54269302 ns, Reaching safepoint: 65365 ns, At safepoint: 180445 ns, Total: 245810 ns
[2020-03-03T03:08:08.056+0000][1][safepoint    ] Safepoint "CollectForMetadataAllocation", Time since last: 27189288 ns, Reaching safepoint: 99524 ns, At safepoint: 277015 ns, Total: 376539 ns
[2020-03-03T03:08:08.105+0000][1][safepoint    ] Safepoint "CollectForMetadataAllocation", Time since last: 47978398 ns, Reaching safepoint: 118888 ns, At safepoint: 290961 ns, Total: 409849 ns
[2020-03-03T03:08:08.133+0000][1][safepoint    ] Safepoint "Deoptimize", Time since last: 27144122 ns, Reaching safepoint: 161929 ns, At safepoint: 1168328 ns, Total: 1330257 ns
[2020-03-03T03:08:08.178+0000][1][safepoint    ] Safepoint "RevokeBias", Time since last: 44795243 ns, Reaching safepoint: 99141 ns, At safepoint: 30334 ns, Total: 129475 ns
[2020-03-03T03:08:08.182+0000][1][safepoint    ] Safepoint "CollectForMetadataAllocation", Time since last: 3530960 ns, Reaching safepoint: 91973 ns, At safepoint: 320947 ns, Total: 412920 ns
[2020-03-03T03:08:08.225+0000][1][safepoint    ] Safepoint "RevokeBias", Time since last: 42882786 ns, Reaching safepoint: 70417 ns, At safepoint: 8449 ns, Total: 78866 ns
[2020-03-03T03:08:08.225+0000][1][safepoint    ] Safepoint "RevokeBias", Time since last: 432969 ns, Reaching safepoint: 86103 ns, At safepoint: 25322 ns, Total: 111425 ns
[2020-03-03T03:08:08.268+0000][1][safepoint    ] Safepoint "RevokeBias", Time since last: 42265106 ns, Reaching safepoint: 120324 ns, At safepoint: 13360 ns, Total: 133684 ns
[2020-03-03T03:08:08.431+0000][1][gc,start     ] GC(28) Pause Initial Mark
[2020-03-03T03:08:08.563+0000][1][gc           ] GC(28) Pause Initial Mark 78M->78M(1015M) 132.491ms
[2020-03-03T03:08:08.563+0000][1][gc,cpu       ] GC(28) User=0.12s Sys=0.00s Real=0.13s
[2020-03-03T03:08:08.563+0000][1][safepoint    ] Safepoint "CMS_Initial_Mark", Time since last: 162924802 ns, Reaching safepoint: 67514 ns, At safepoint: 132595468 ns, Total: 132662982 ns
[2020-03-03T03:08:08.567+0000][1][gc           ] GC(28) Concurrent Mark
[2020-03-03T03:08:08.578+0000][1][safepoint    ] Safepoint "RevokeBias", Time since last: 10930673 ns, Reaching safepoint: 3901180 ns, At safepoint: 8515 ns, Total: 3909695 ns
[2020-03-03T03:08:08.722+0000][1][safepoint    ] Safepoint "RevokeBias", Time since last: 143816366 ns, Reaching safepoint: 120772 ns, At safepoint: 25849 ns, Total: 146621 ns
[2020-03-03T03:08:08.886+0000][1][gc           ] GC(28) Concurrent Mark 319.084ms
[2020-03-03T03:08:08.886+0000][1][gc,cpu       ] GC(28) User=0.29s Sys=0.00s Real=0.32s
[2020-03-03T03:08:08.886+0000][1][gc           ] GC(28) Concurrent Preclean
[2020-03-03T03:08:08.899+0000][1][gc           ] GC(28) Concurrent Preclean 12.984ms
[2020-03-03T03:08:08.899+0000][1][gc,cpu       ] GC(28) User=0.02s Sys=0.00s Real=0.01s
[2020-03-03T03:08:08.899+0000][1][gc           ] GC(28) Concurrent Abortable Preclean
[2020-03-03T03:08:09.727+0000][1][safepoint    ] Safepoint "Cleanup", Time since last: 1004454126 ns, Reaching safepoint: 78805 ns, At safepoint: 9979 ns, Total: 88784 ns
[2020-03-03T03:08:11.288+0000][1][safepoint    ] Safepoint "RevokeBias", Time since last: 1555738052 ns, Reaching safepoint: 5574042 ns, At safepoint: 40498 ns, Total: 5614540 ns
[2020-03-03T03:08:12.293+0000][1][safepoint    ] Safepoint "Cleanup", Time since last: 1004548483 ns, Reaching safepoint: 243963 ns, At safepoint: 8684 ns, Total: 252647 ns
[2020-03-03T03:08:13.932+0000][1][safepoint    ] Safepoint "RevokeBias", Time since last: 1636242647 ns, Reaching safepoint: 2601289 ns, At safepoint: 28880 ns, Total: 2630169 ns
[2020-03-03T03:08:13.988+0000][1][gc           ] GC(28) Concurrent Abortable Preclean 5088.622ms
[2020-03-03T03:08:13.988+0000][1][gc,cpu       ] GC(28) User=2.66s Sys=0.03s Real=5.09s
[2020-03-03T03:08:13.988+0000][1][gc,start     ] GC(28) Pause Remark
[2020-03-03T03:08:14.101+0000][1][gc           ] GC(28) Pause Remark 81M->81M(1015M) 113.425ms
[2020-03-03T03:08:14.101+0000][1][gc,cpu       ] GC(28) User=0.05s Sys=0.00s Real=0.11s
[2020-03-03T03:08:14.101+0000][1][safepoint    ] Safepoint "CMS_Final_Remark", Time since last: 55900491 ns, Reaching safepoint: 97741 ns, At safepoint: 113561063 ns, Total: 113658804 ns
[2020-03-03T03:08:14.104+0000][1][gc           ] GC(28) Concurrent Sweep
[2020-03-03T03:08:14.189+0000][1][gc           ] GC(28) Concurrent Sweep 85.345ms
[2020-03-03T03:08:14.189+0000][1][gc,cpu       ] GC(28) User=0.05s Sys=0.00s Real=0.08s
[2020-03-03T03:08:14.189+0000][1][gc           ] GC(28) Concurrent Reset
[2020-03-03T03:08:14.191+0000][1][gc           ] GC(28) Concurrent Reset 1.313ms
[2020-03-03T03:08:14.191+0000][1][gc,cpu       ] GC(28) User=0.00s Sys=0.00s Real=0.00s
[2020-03-03T03:08:14.191+0000][1][gc,heap      ] GC(28) Old: 55107K->54613K(963392K)
[2020-03-03T03:08:16.473+0000][1][safepoint    ] Safepoint "RevokeBias", Time since last: 2370050594 ns, Reaching safepoint: 1390066 ns, At safepoint: 49156 ns, Total: 1439222 ns
[2020-03-03T03:08:17.474+0000][1][safepoint    ] Safepoint "Cleanup", Time since last: 1000817560 ns, Reaching safepoint: 171894 ns, At safepoint: 21812 ns, Total: 193706 ns
[2020-03-03T03:08:19.054+0000][1][safepoint    ] Safepoint "RevokeBias", Time since last: 1580358591 ns, Reaching safepoint: 68297 ns, At safepoint: 52909 ns, Total: 121206 ns
[2020-03-03T03:08:21.591+0000][1][safepoint    ] Safepoint "RevokeBias", Time since last: 2536526781 ns, Reaching safepoint: 302828 ns, At safepoint: 83437 ns, Total: 386265 ns
[2020-03-03T03:08:22.592+0000][1][safepoint    ] Safepoint "Cleanup", Time since last: 1000531584 ns, Reaching safepoint: 197208 ns, At safepoint: 30338 ns, Total: 227546 ns
[2020-03-03T03:08:24.241+0000][1][safepoint    ] Safepoint "RevokeBias", Time since last: 1564291559 ns, Reaching safepoint: 84395319 ns, At safepoint: 257299 ns, Total: 84652618 ns
[2020-03-03T03:08:26.697+0000][1][safepoint    ] Safepoint "RevokeBias", Time since last: 2455358495 ns, Reaching safepoint: 170644 ns, At safepoint: 48800 ns, Total: 219444 ns
[2020-03-03T03:08:28.698+0000][1][safepoint    ] Safepoint "Cleanup", Time since last: 2000811608 ns, Reaching safepoint: 191317 ns, At safepoint: 25254 ns, Total: 216571 ns
[2020-03-03T03:08:29.221+0000][1][safepoint    ] Safepoint "RevokeBias", Time since last: 523101581 ns, Reaching safepoint: 60029 ns, At safepoint: 20159 ns, Total: 80188 ns
[2020-03-03T03:08:30.224+0000][1][safepoint    ] Safepoint "Cleanup", Time since last: 1003492068 ns, Reaching safepoint: 114317 ns, At safepoint: 20660 ns, Total: 134977 ns
[2020-03-03T03:08:32.075+0000][1][safepoint    ] Safepoint "RevokeBias", Time since last: 1850848782 ns, Reaching safepoint: 63591 ns, At safepoint: 29381 ns, Total: 92972 ns
[2020-03-03T03:08:34.643+0000][1][safepoint    ] Safepoint "RevokeBias", Time since last: 2567330117 ns, Reaching safepoint: 108029 ns, At safepoint: 27337 ns, Total: 135366 ns
[2020-03-03T03:08:36.647+0000][1][safepoint    ] Safepoint "Cleanup", Time since last: 2003751517 ns, Reaching safepoint: 84073 ns, At safepoint: 12130 ns, Total: 96203 ns
[2020-03-03T03:08:37.184+0000][1][safepoint    ] Safepoint "RevokeBias", Time since last: 535210945 ns, Reaching safepoint: 2507163 ns, At safepoint: 40348 ns, Total: 2547511 ns
[2020-03-03T03:08:39.754+0000][1][safepoint    ] Safepoint "RevokeBias", Time since last: 2569764907 ns, Reaching safepoint: 79866 ns, At safepoint: 40702 ns, Total: 120568 ns
[2020-03-03T03:08:42.302+0000][1][safepoint    ] Safepoint "RevokeBias", Time since last: 2547777247 ns, Reaching safepoint: 100697 ns, At safepoint: 32559 ns, Total: 133256 ns
[2020-03-03T03:08:44.305+0000][1][safepoint    ] Safepoint "Cleanup", Time since last: 2002321144 ns, Reaching safepoint: 327609 ns, At safepoint: 21210 ns, Total: 348819 ns
[2020-03-03T03:08:44.987+0000][1][safepoint    ] Safepoint "RevokeBias", Time since last: 681476242 ns, Reaching safepoint: 197303 ns, At safepoint: 53820 ns, Total: 251123 ns
[2020-03-03T03:08:47.530+0000][1][safepoint    ] Safepoint "RevokeBias", Time since last: 2543460612 ns, Reaching safepoint: 115181 ns, At safepoint: 34103 ns, Total: 149284 ns
[2020-03-03T03:08:48.531+0000][1][safepoint    ] Safepoint "Cleanup", Time since last: 1000879639 ns, Reaching safepoint: 117348 ns, At safepoint: 12986 ns, Total: 130334 ns
[2020-03-03T03:08:50.100+0000][1][safepoint    ] Safepoint "BulkRevokeBias", Time since last: 1568974642 ns, Reaching safepoint: 74127 ns, At safepoint: 202434 ns, Total: 276561 ns
[2020-03-03T03:08:52.102+0000][1][safepoint    ] Safepoint "Cleanup", Time since last: 2001650094 ns, Reaching safepoint: 189722 ns, At safepoint: 23198 ns, Total: 212920 ns
[2020-03-03T03:08:52.635+0000][1][safepoint    ] Safepoint "RevokeBias", Time since last: 532473256 ns, Reaching safepoint: 179535 ns, At safepoint: 36290 ns, Total: 215825 ns
[2020-03-03T03:08:54.636+0000][1][safepoint    ] Safepoint "Cleanup", Time since last: 2000773212 ns, Reaching safepoint: 205727 ns, At safepoint: 23616 ns, Total: 229343 ns
[2020-03-03T03:08:55.198+0000][1][safepoint    ] Safepoint "RevokeBias", Time since last: 561667526 ns, Reaching safepoint: 92243 ns, At safepoint: 28131 ns, Total: 120374 ns
[2020-03-03T03:08:57.199+0000][1][safepoint    ] Safepoint "Cleanup", Time since last: 2000728679 ns, Reaching safepoint: 242226 ns, At safepoint: 30959 ns, Total: 273185 ns
[2020-03-03T03:08:57.716+0000][1][safepoint    ] Safepoint "RevokeBias", Time since last: 516630516 ns, Reaching safepoint: 106783 ns, At safepoint: 38009 ns, Total: 144792 ns
[2020-03-03T03:09:00.299+0000][1][safepoint    ] Safepoint "RevokeBias", Time since last: 2582944769 ns, Reaching safepoint: 105684 ns, At safepoint: 32011 ns, Total: 137695 ns
[2020-03-03T03:09:02.827+0000][1][safepoint    ] Safepoint "RevokeBias", Time since last: 2528161117 ns, Reaching safepoint: 243862 ns, At safepoint: 63208 ns, Total: 307070 ns
