[2020-02-26T08:24:12.037+0000][1][gc] Using Concurrent Mark Sweep
[2020-02-26T08:24:12.037+0000][1][gc,heap,coops] Heap address: 0x00000000c0000000, size: 1024 MB, Compressed Oops mode: 32-bit
[2020-02-26T08:24:12.236+0000][1][safepoint    ] Safepoint "EnableBiasedLocking", Time since last: 183141238 ns, Reaching safepoint: 7094365 ns, At safepoint: 36268 ns, Total: 7130633 ns
[2020-02-26T08:24:12.256+0000][1][safepoint    ] Safepoint "RevokeBias", Time since last: 13142337 ns, Reaching safepoint: 6171019 ns, At safepoint: 63238 ns, Total: 6234257 ns
[2020-02-26T08:24:12.318+0000][1][safepoint    ] Safepoint "Deoptimize", Time since last: 62690608 ns, Reaching safepoint: 18028 ns, At safepoint: 17464 ns, Total: 35492 ns
[2020-02-26T08:24:13.319+0000][1][safepoint    ] Safepoint "Cleanup", Time since last: 1000370060 ns, Reaching safepoint: 32593 ns, At safepoint: 8131 ns, Total: 40724 ns
[2020-02-26T08:24:15.320+0000][1][safepoint    ] Safepoint "Cleanup", Time since last: 2001039157 ns, Reaching safepoint: 35561 ns, At safepoint: 6649 ns, Total: 42210 ns
[2020-02-26T08:24:16.323+0000][1][safepoint    ] Safepoint "Cleanup", Time since last: 1000579801 ns, Reaching safepoint: 2852625 ns, At safepoint: 10054 ns, Total: 2862679 ns
[2020-02-26T08:24:17.324+0000][1][safepoint    ] Safepoint "Cleanup", Time since last: 1000601695 ns, Reaching safepoint: 45475 ns, At safepoint: 5462 ns, Total: 50937 ns
[2020-02-26T08:24:17.664+0000][1][safepoint    ] Safepoint "Deoptimize", Time since last: 339896826 ns, Reaching safepoint: 20813 ns, At safepoint: 107953 ns, Total: 128766 ns
[2020-02-26T08:24:18.665+0000][1][safepoint    ] Safepoint "Cleanup", Time since last: 1000867018 ns, Reaching safepoint: 69204 ns, At safepoint: 5218 ns, Total: 74422 ns
[2020-02-26T08:24:19.665+0000][1][safepoint    ] Safepoint "Cleanup", Time since last: 1000392021 ns, Reaching safepoint: 35712 ns, At safepoint: 7996 ns, Total: 43708 ns
[2020-02-26T08:24:20.666+0000][1][safepoint    ] Safepoint "Cleanup", Time since last: 1000364423 ns, Reaching safepoint: 45622 ns, At safepoint: 12203 ns, Total: 57825 ns
[2020-02-26T08:24:22.666+0000][1][safepoint    ] Safepoint "Cleanup", Time since last: 2000677431 ns, Reaching safepoint: 50123 ns, At safepoint: 5759 ns, Total: 55882 ns
[2020-02-26T08:24:23.667+0000][1][safepoint    ] Safepoint "Cleanup", Time since last: 1000160460 ns, Reaching safepoint: 56123 ns, At safepoint: 6329 ns, Total: 62452 ns
[2020-02-26T08:24:24.681+0000][1][safepoint    ] Safepoint "Cleanup", Time since last: 1013879383 ns, Reaching safepoint: 44543 ns, At safepoint: 7629 ns, Total: 52172 ns
[2020-02-26T08:24:25.689+0000][1][safepoint    ] Safepoint "Cleanup", Time since last: 1007920761 ns, Reaching safepoint: 210135 ns, At safepoint: 4832 ns, Total: 214967 ns
[2020-02-26T08:24:26.701+0000][1][safepoint    ] Safepoint "Cleanup", Time since last: 1000265164 ns, Reaching safepoint: 12256734 ns, At safepoint: 5786 ns, Total: 12262520 ns
[2020-02-26T08:24:27.275+0000][1][safepoint    ] Safepoint "Deoptimize", Time since last: 573737348 ns, Reaching safepoint: 28541 ns, At safepoint: 244541 ns, Total: 273082 ns
[2020-02-26T08:24:28.347+0000][1][safepoint    ] Safepoint "Cleanup", Time since last: 1001890380 ns, Reaching safepoint: 69944558 ns, At safepoint: 11016 ns, Total: 69955574 ns
[2020-02-26T08:24:28.878+0000][1][safepoint    ] Safepoint "Deoptimize", Time since last: 530354433 ns, Reaching safepoint: 31313 ns, At safepoint: 112003 ns, Total: 143316 ns
[2020-02-26T08:24:29.904+0000][1][safepoint    ] Safepoint "Cleanup", Time since last: 1005002274 ns, Reaching safepoint: 20984002 ns, At safepoint: 10913 ns, Total: 20994915 ns
[2020-02-26T08:24:30.984+0000][1][safepoint    ] Safepoint "Cleanup", Time since last: 1011685232 ns, Reaching safepoint: 69176121 ns, At safepoint: 10952 ns, Total: 69187073 ns
[2020-02-26T08:24:31.988+0000][1][safepoint    ] Safepoint "Cleanup", Time since last: 1003170823 ns, Reaching safepoint: 48557 ns, At safepoint: 4187 ns, Total: 52744 ns
[2020-02-26T08:24:32.989+0000][1][safepoint    ] Safepoint "Cleanup", Time since last: 1001432110 ns, Reaching safepoint: 103037 ns, At safepoint: 14750 ns, Total: 117787 ns
[2020-02-26T08:24:34.053+0000][1][safepoint    ] Safepoint "Cleanup", Time since last: 1001551599 ns, Reaching safepoint: 62505251 ns, At safepoint: 8920 ns, Total: 62514171 ns
[2020-02-26T08:24:35.110+0000][1][safepoint    ] Safepoint "Cleanup", Time since last: 1001016700 ns, Reaching safepoint: 55712502 ns, At safepoint: 15267 ns, Total: 55727769 ns
[2020-02-26T08:24:38.116+0000][1][safepoint    ] Safepoint "Cleanup", Time since last: 3006051194 ns, Reaching safepoint: 49419 ns, At safepoint: 15490 ns, Total: 64909 ns
[2020-02-26T08:24:39.146+0000][1][safepoint    ] Safepoint "Cleanup", Time since last: 1000789590 ns, Reaching safepoint: 28534927 ns, At safepoint: 8275 ns, Total: 28543202 ns
[2020-02-26T08:24:41.272+0000][1][safepoint    ] Safepoint "Cleanup", Time since last: 2000316514 ns, Reaching safepoint: 126234002 ns, At safepoint: 9506 ns, Total: 126243508 ns
[2020-02-26T08:24:45.291+0000][1][safepoint    ] Safepoint "Cleanup", Time since last: 4013987431 ns, Reaching safepoint: 5045164 ns, At safepoint: 15979 ns, Total: 5061143 ns
[2020-02-26T08:24:47.294+0000][1][safepoint    ] Safepoint "Cleanup", Time since last: 2003060723 ns, Reaching safepoint: 53951 ns, At safepoint: 6624 ns, Total: 60575 ns
[2020-02-26T08:24:48.322+0000][1][safepoint    ] Safepoint "Cleanup", Time since last: 1001084262 ns, Reaching safepoint: 26341136 ns, At safepoint: 9398 ns, Total: 26350534 ns
[2020-02-26T08:24:49.411+0000][1][safepoint    ] Safepoint "Cleanup", Time since last: 1000869168 ns, Reaching safepoint: 88913373 ns, At safepoint: 11366 ns, Total: 88924739 ns
[2020-02-26T08:24:49.413+0000][1][safepoint    ] Safepoint "Deoptimize", Time since last: 1745114 ns, Reaching safepoint: 14543 ns, At safepoint: 130855 ns, Total: 145398 ns
[2020-02-26T08:24:50.428+0000][1][safepoint    ] Safepoint "Cleanup", Time since last: 1000253696 ns, Reaching safepoint: 14580147 ns, At safepoint: 5846 ns, Total: 14585993 ns
[2020-02-26T08:24:51.429+0000][1][safepoint    ] Safepoint "Cleanup", Time since last: 1000252299 ns, Reaching safepoint: 36996 ns, At safepoint: 8389 ns, Total: 45385 ns
[2020-02-26T08:24:52.564+0000][1][safepoint    ] Safepoint "Cleanup", Time since last: 1000722634 ns, Reaching safepoint: 134283554 ns, At safepoint: 12179 ns, Total: 134295733 ns
[2020-02-26T08:24:53.810+0000][1][safepoint    ] Safepoint "Cleanup", Time since last: 1000704166 ns, Reaching safepoint: 246177025 ns, At safepoint: 10185 ns, Total: 246187210 ns
[2020-02-26T08:24:55.217+0000][1][safepoint    ] Safepoint "Cleanup", Time since last: 1001825635 ns, Reaching safepoint: 404909413 ns, At safepoint: 8574 ns, Total: 404917987 ns
[2020-02-26T08:24:55.623+0000][1][safepoint    ] Safepoint "Deoptimize", Time since last: 406113861 ns, Reaching safepoint: 27725 ns, At safepoint: 145060 ns, Total: 172785 ns
[2020-02-26T08:24:57.737+0000][1][safepoint    ] Safepoint "Cleanup", Time since last: 2004061355 ns, Reaching safepoint: 109334832 ns, At safepoint: 8334 ns, Total: 109343166 ns
[2020-02-26T08:24:59.333+0000][1][safepoint    ] Safepoint "Cleanup", Time since last: 1000601195 ns, Reaching safepoint: 595990235 ns, At safepoint: 12793 ns, Total: 596003028 ns
[2020-02-26T08:25:01.141+0000][1][safepoint    ] Safepoint "Deoptimize", Time since last: 1807064242 ns, Reaching safepoint: 33823 ns, At safepoint: 280482 ns, Total: 314305 ns
[2020-02-26T08:25:01.143+0000][1][safepoint    ] Safepoint "RevokeBias", Time since last: 2365036 ns, Reaching safepoint: 22212 ns, At safepoint: 56582 ns, Total: 78794 ns
[2020-02-26T08:25:02.322+0000][1][safepoint    ] Safepoint "Cleanup", Time since last: 1009483408 ns, Reaching safepoint: 169558861 ns, At safepoint: 34617 ns, Total: 169593478 ns
[2020-02-26T08:25:03.323+0000][1][safepoint    ] Safepoint "Cleanup", Time since last: 1001035897 ns, Reaching safepoint: 32165 ns, At safepoint: 7637 ns, Total: 39802 ns
[2020-02-26T08:25:04.324+0000][1][safepoint    ] Safepoint "Cleanup", Time since last: 1000429582 ns, Reaching safepoint: 29037 ns, At safepoint: 6993 ns, Total: 36030 ns
[2020-02-26T08:25:05.571+0000][1][safepoint    ] Safepoint "Cleanup", Time since last: 1000757613 ns, Reaching safepoint: 246531773 ns, At safepoint: 10385 ns, Total: 246542158 ns
[2020-02-26T08:25:07.822+0000][1][safepoint    ] Safepoint "Cleanup", Time since last: 2001444600 ns, Reaching safepoint: 249321557 ns, At safepoint: 7852 ns, Total: 249329409 ns
[2020-02-26T08:25:09.274+0000][1][safepoint    ] Safepoint "Cleanup", Time since last: 1000400132 ns, Reaching safepoint: 451407373 ns, At safepoint: 7377 ns, Total: 451414750 ns
[2020-02-26T08:25:10.282+0000][1][safepoint    ] Safepoint "Cleanup", Time since last: 1004695682 ns, Reaching safepoint: 3605612 ns, At safepoint: 7342 ns, Total: 3612954 ns
[2020-02-26T08:25:13.467+0000][1][safepoint    ] Safepoint "Cleanup", Time since last: 3000638628 ns, Reaching safepoint: 184339897 ns, At safepoint: 7170 ns, Total: 184347067 ns
[2020-02-26T08:25:14.891+0000][1][safepoint    ] Safepoint "Cleanup", Time since last: 1000602433 ns, Reaching safepoint: 423428102 ns, At safepoint: 10141 ns, Total: 423438243 ns
[2020-02-26T08:25:16.017+0000][1][safepoint    ] Safepoint "Cleanup", Time since last: 1004913096 ns, Reaching safepoint: 121011585 ns, At safepoint: 9016 ns, Total: 121020601 ns
[2020-02-26T08:25:17.018+0000][1][safepoint    ] Safepoint "Cleanup", Time since last: 1000647481 ns, Reaching safepoint: 91871 ns, At safepoint: 6755 ns, Total: 98626 ns
[2020-02-26T08:25:18.018+0000][1][safepoint    ] Safepoint "Cleanup", Time since last: 1000438903 ns, Reaching safepoint: 31534 ns, At safepoint: 6945 ns, Total: 38479 ns
[2020-02-26T08:25:19.019+0000][1][safepoint    ] Safepoint "Cleanup", Time since last: 1000652590 ns, Reaching safepoint: 32719 ns, At safepoint: 8047 ns, Total: 40766 ns
[2020-02-26T08:25:26.030+0000][1][safepoint    ] Safepoint "Cleanup", Time since last: 7011160697 ns, Reaching safepoint: 67614 ns, At safepoint: 7631 ns, Total: 75245 ns
[2020-02-26T08:25:36.503+0000][1][safepoint    ] Safepoint "Deoptimize", Time since last: 10472348571 ns, Reaching safepoint: 29288 ns, At safepoint: 230223 ns, Total: 259511 ns
[2020-02-26T08:25:36.503+0000][1][safepoint    ] Safepoint "Deoptimize", Time since last: 189030 ns, Reaching safepoint: 12401 ns, At safepoint: 202293 ns, Total: 214694 ns
[2020-02-26T08:25:38.507+0000][1][safepoint    ] Safepoint "Cleanup", Time since last: 2003996129 ns, Reaching safepoint: 54469 ns, At safepoint: 25382 ns, Total: 79851 ns
[2020-02-26T08:25:39.508+0000][1][safepoint    ] Safepoint "Cleanup", Time since last: 1000234129 ns, Reaching safepoint: 40707 ns, At safepoint: 5745 ns, Total: 46452 ns
[2020-02-26T08:25:45.762+0000][1][safepoint    ] Safepoint "Cleanup", Time since last: 6010799362 ns, Reaching safepoint: 243413270 ns, At safepoint: 10489 ns, Total: 243423759 ns
[2020-02-26T08:25:47.189+0000][1][safepoint    ] Safepoint "Cleanup", Time since last: 1000470629 ns, Reaching safepoint: 426684192 ns, At safepoint: 11062 ns, Total: 426695254 ns
[2020-02-26T08:25:47.818+0000][1][safepoint    ] Safepoint "Deoptimize", Time since last: 628687925 ns, Reaching safepoint: 28571 ns, At safepoint: 260278 ns, Total: 288849 ns
[2020-02-26T08:25:48.087+0000][1][safepoint    ] Safepoint "Deoptimize", Time since last: 269047048 ns, Reaching safepoint: 76064 ns, At safepoint: 437097 ns, Total: 513161 ns
[2020-02-26T08:25:49.171+0000][1][safepoint    ] Safepoint "RevokeBias", Time since last: 1080827272 ns, Reaching safepoint: 2944469 ns, At safepoint: 75069 ns, Total: 3019538 ns
[2020-02-26T08:25:49.172+0000][1][safepoint    ] Safepoint "RevokeBias", Time since last: 100657 ns, Reaching safepoint: 260395 ns, At safepoint: 23154 ns, Total: 283549 ns
[2020-02-26T08:25:49.172+0000][1][safepoint    ] Safepoint "RevokeBias", Time since last: 152184 ns, Reaching safepoint: 37687 ns, At safepoint: 18540 ns, Total: 56227 ns
[2020-02-26T08:25:49.172+0000][1][safepoint    ] Safepoint "RevokeBias", Time since last: 49329 ns, Reaching safepoint: 477846 ns, At safepoint: 38433 ns, Total: 516279 ns
[2020-02-26T08:25:49.264+0000][1][safepoint    ] Safepoint "RevokeBias", Time since last: 5977255 ns, Reaching safepoint: 85694402 ns, At safepoint: 26268 ns, Total: 85720670 ns
[2020-02-26T08:25:51.266+0000][1][safepoint    ] Safepoint "Cleanup", Time since last: 2001568546 ns, Reaching safepoint: 48153 ns, At safepoint: 9322 ns, Total: 57475 ns
[2020-02-26T08:25:52.499+0000][1][safepoint    ] Safepoint "Cleanup", Time since last: 1000471552 ns, Reaching safepoint: 233076589 ns, At safepoint: 9717 ns, Total: 233086306 ns
[2020-02-26T08:25:54.725+0000][1][safepoint    ] Safepoint "Cleanup", Time since last: 2008083209 ns, Reaching safepoint: 218001220 ns, At safepoint: 11993 ns, Total: 218013213 ns
[2020-02-26T08:25:56.024+0000][1][safepoint    ] Safepoint "Cleanup", Time since last: 1000148905 ns, Reaching safepoint: 298305854 ns, At safepoint: 10204 ns, Total: 298316058 ns
[2020-02-26T08:25:57.229+0000][1][safepoint    ] Safepoint "Cleanup", Time since last: 1000549882 ns, Reaching safepoint: 204056694 ns, At safepoint: 13793 ns, Total: 204070487 ns
[2020-02-26T08:25:58.400+0000][1][safepoint    ] Safepoint "Cleanup", Time since last: 1002294805 ns, Reaching safepoint: 169304228 ns, At safepoint: 9585 ns, Total: 169313813 ns
[2020-02-26T08:25:59.406+0000][1][safepoint    ] Safepoint "Cleanup", Time since last: 1005426313 ns, Reaching safepoint: 46170 ns, At safepoint: 8079 ns, Total: 54249 ns
[2020-02-26T08:26:03.416+0000][1][safepoint    ] Safepoint "Cleanup", Time since last: 4009781101 ns, Reaching safepoint: 90499 ns, At safepoint: 27925 ns, Total: 118424 ns
[2020-02-26T08:26:19.936+0000][1][gc,start     ] GC(0) Pause Young (Allocation Failure)
[2020-02-26T08:26:20.549+0000][1][gc,task      ] GC(0) Using 1 workers of 1 for evacuation
[2020-02-26T08:26:34.295+0000][1][gc,age       ] GC(0) Desired survivor size 4358144 bytes, new threshold 1 (max threshold 6)
[2020-02-26T08:26:34.335+0000][1][gc,age       ] GC(0) Age table with threshold 1 (max threshold 6)
[2020-02-26T08:26:34.335+0000][1][gc,age       ] GC(0) - age   1:    8292760 bytes,    8292760 total
[2020-02-26T08:26:34.335+0000][1][gc,heap      ] GC(0) ParNew: 68160K->8135K(76672K)
[2020-02-26T08:26:34.335+0000][1][gc,heap      ] GC(0) CMS: 0K->0K(963392K)
[2020-02-26T08:26:34.335+0000][1][gc,metaspace ] GC(0) Metaspace: 12565K->12565K(1060864K)
[2020-02-26T08:26:34.335+0000][1][gc           ] GC(0) Pause Young (Allocation Failure) 66M->7M(1015M) 14651.794ms
[2020-02-26T08:26:34.335+0000][1][gc,cpu       ] GC(0) User=0.05s Sys=0.06s Real=14.65s
[2020-02-26T08:26:34.335+0000][1][safepoint    ] Safepoint "GenCollectForAllocation", Time since last: 16267891803 ns, Reaching safepoint: 62982 ns, At safepoint: 14651882860 ns, Total: 14651945842 ns
[2020-02-26T08:26:35.227+0000][1][safepoint    ] Safepoint "RevokeBias", Time since last: 747818052 ns, Reaching safepoint: 143784492 ns, At safepoint: 143735 ns, Total: 143928227 ns
[2020-02-26T08:26:35.263+0000][1][safepoint    ] Safepoint "RevokeBias", Time since last: 1191060 ns, Reaching safepoint: 34992797 ns, At safepoint: 33532 ns, Total: 35026329 ns
[2020-02-26T08:26:35.274+0000][1][safepoint    ] Safepoint "RevokeBias", Time since last: 92079 ns, Reaching safepoint: 10854618 ns, At safepoint: 133024 ns, Total: 10987642 ns
[2020-02-26T08:26:35.276+0000][1][safepoint    ] Safepoint "RevokeBias", Time since last: 1332827 ns, Reaching safepoint: 504506 ns, At safepoint: 33957 ns, Total: 538463 ns
[2020-02-26T08:26:35.283+0000][1][safepoint    ] Safepoint "RevokeBias", Time since last: 67992 ns, Reaching safepoint: 6209794 ns, At safepoint: 34550 ns, Total: 6244344 ns
[2020-02-26T08:26:35.286+0000][1][safepoint    ] Safepoint "RevokeBias", Time since last: 52778 ns, Reaching safepoint: 3570058 ns, At safepoint: 25784 ns, Total: 3595842 ns
[2020-02-26T08:26:35.292+0000][1][safepoint    ] Safepoint "RevokeBias", Time since last: 80715 ns, Reaching safepoint: 5893510 ns, At safepoint: 30793 ns, Total: 5924303 ns
[2020-02-26T08:26:35.295+0000][1][safepoint    ] Safepoint "RevokeBias", Time since last: 52714 ns, Reaching safepoint: 2929464 ns, At safepoint: 38843 ns, Total: 2968307 ns
[2020-02-26T08:26:35.298+0000][1][safepoint    ] Safepoint "RevokeBias", Time since last: 65609 ns, Reaching safepoint: 2858327 ns, At safepoint: 20628 ns, Total: 2878955 ns
[2020-02-26T08:26:35.301+0000][1][safepoint    ] Safepoint "RevokeBias", Time since last: 37196 ns, Reaching safepoint: 3016127 ns, At safepoint: 34700 ns, Total: 3050827 ns
[2020-02-26T08:26:35.306+0000][1][safepoint    ] Safepoint "RevokeBias", Time since last: 81095 ns, Reaching safepoint: 4723547 ns, At safepoint: 37757 ns, Total: 4761304 ns
[2020-02-26T08:26:35.309+0000][1][safepoint    ] Safepoint "RevokeBias", Time since last: 64960 ns, Reaching safepoint: 2884335 ns, At safepoint: 24585 ns, Total: 2908920 ns
[2020-02-26T08:26:35.312+0000][1][safepoint    ] Safepoint "RevokeBias", Time since last: 644788 ns, Reaching safepoint: 2305437 ns, At safepoint: 34988 ns, Total: 2340425 ns
[2020-02-26T08:26:35.315+0000][1][safepoint    ] Safepoint "RevokeBias", Time since last: 56732 ns, Reaching safepoint: 2987685 ns, At safepoint: 32191 ns, Total: 3019876 ns
[2020-02-26T08:26:35.318+0000][1][safepoint    ] Safepoint "RevokeBias", Time since last: 65412 ns, Reaching safepoint: 2351121 ns, At safepoint: 36776 ns, Total: 2387897 ns
[2020-02-26T08:26:35.319+0000][1][safepoint    ] Safepoint "RevokeBias", Time since last: 330660 ns, Reaching safepoint: 697219 ns, At safepoint: 48973 ns, Total: 746192 ns
[2020-02-26T08:26:35.320+0000][1][safepoint    ] Safepoint "RevokeBias", Time since last: 1603348 ns, Reaching safepoint: 18192 ns, At safepoint: 22727 ns, Total: 40919 ns
[2020-02-26T08:26:35.320+0000][1][safepoint    ] Safepoint "RevokeBias", Time since last: 40345 ns, Reaching safepoint: 12452 ns, At safepoint: 17637 ns, Total: 30089 ns
[2020-02-26T08:26:35.321+0000][1][safepoint    ] Safepoint "RevokeBias", Time since last: 158167 ns, Reaching safepoint: 29914 ns, At safepoint: 33609 ns, Total: 63523 ns
[2020-02-26T08:26:35.321+0000][1][safepoint    ] Safepoint "RevokeBias", Time since last: 31794 ns, Reaching safepoint: 11573 ns, At safepoint: 17252 ns, Total: 28825 ns
[2020-02-26T08:26:35.326+0000][1][safepoint    ] Safepoint "RevokeBias", Time since last: 5687170 ns, Reaching safepoint: 36190 ns, At safepoint: 33074 ns, Total: 69264 ns
[2020-02-26T08:26:35.327+0000][1][safepoint    ] Safepoint "RevokeBias", Time since last: 128923 ns, Reaching safepoint: 20886 ns, At safepoint: 23304 ns, Total: 44190 ns
[2020-02-26T08:26:35.327+0000][1][safepoint    ] Safepoint "RevokeBias", Time since last: 48914 ns, Reaching safepoint: 12435 ns, At safepoint: 17719 ns, Total: 30154 ns
[2020-02-26T08:26:35.327+0000][1][safepoint    ] Safepoint "RevokeBias", Time since last: 25668 ns, Reaching safepoint: 11524 ns, At safepoint: 17132 ns, Total: 28656 ns
[2020-02-26T08:26:35.327+0000][1][safepoint    ] Safepoint "RevokeBias", Time since last: 28931 ns, Reaching safepoint: 11635 ns, At safepoint: 17116 ns, Total: 28751 ns
[2020-02-26T08:26:35.327+0000][1][safepoint    ] Safepoint "RevokeBias", Time since last: 24754 ns, Reaching safepoint: 11300 ns, At safepoint: 16883 ns, Total: 28183 ns
[2020-02-26T08:26:35.327+0000][1][safepoint    ] Safepoint "RevokeBias", Time since last: 27961 ns, Reaching safepoint: 11622 ns, At safepoint: 16930 ns, Total: 28552 ns
[2020-02-26T08:26:35.327+0000][1][safepoint    ] Safepoint "RevokeBias", Time since last: 24519 ns, Reaching safepoint: 11291 ns, At safepoint: 16757 ns, Total: 28048 ns
[2020-02-26T08:26:36.355+0000][1][safepoint    ] Safepoint "RevokeBias", Time since last: 1027508037 ns, Reaching safepoint: 91753 ns, At safepoint: 30968 ns, Total: 122721 ns
[2020-02-26T08:26:38.409+0000][1][safepoint    ] Safepoint "Cleanup", Time since last: 2011716284 ns, Reaching safepoint: 42854248 ns, At safepoint: 11600 ns, Total: 42865848 ns
[2020-02-26T08:26:40.446+0000][1][safepoint    ] Safepoint "Cleanup", Time since last: 2001039125 ns, Reaching safepoint: 35995130 ns, At safepoint: 8946 ns, Total: 36004076 ns
[2020-02-26T08:26:41.447+0000][1][safepoint    ] Safepoint "Cleanup", Time since last: 1000691058 ns, Reaching safepoint: 44618 ns, At safepoint: 7926 ns, Total: 52544 ns
[2020-02-26T08:26:43.450+0000][1][safepoint    ] Safepoint "Cleanup", Time since last: 2003333833 ns, Reaching safepoint: 68310 ns, At safepoint: 7649 ns, Total: 75959 ns
[2020-02-26T08:26:44.453+0000][1][safepoint    ] Safepoint "Cleanup", Time since last: 1002447543 ns, Reaching safepoint: 125774 ns, At safepoint: 9361 ns, Total: 135135 ns
[2020-02-26T08:26:45.489+0000][1][safepoint    ] Safepoint "Cleanup", Time since last: 1001441954 ns, Reaching safepoint: 34619863 ns, At safepoint: 12108 ns, Total: 34631971 ns
[2020-02-26T08:26:47.491+0000][1][safepoint    ] Safepoint "Cleanup", Time since last: 2002286925 ns, Reaching safepoint: 50293 ns, At safepoint: 8302 ns, Total: 58595 ns
[2020-02-26T08:26:48.023+0000][1][safepoint    ] Safepoint "Deoptimize", Time since last: 447187896 ns, Reaching safepoint: 30346 ns, At safepoint: 84707329 ns, Total: 84737675 ns
[2020-02-26T08:26:49.026+0000][1][safepoint    ] Safepoint "Cleanup", Time since last: 1002396665 ns, Reaching safepoint: 44303 ns, At safepoint: 7149 ns, Total: 51452 ns
[2020-02-26T08:26:49.264+0000][1][safepoint    ] Safepoint "RevokeBias", Time since last: 238023045 ns, Reaching safepoint: 29899 ns, At safepoint: 47898 ns, Total: 77797 ns
[2020-02-26T08:26:50.275+0000][1][safepoint    ] Safepoint "Cleanup", Time since last: 1011448343 ns, Reaching safepoint: 68500 ns, At safepoint: 8526 ns, Total: 77026 ns
[2020-02-26T08:26:51.276+0000][1][safepoint    ] Safepoint "Cleanup", Time since last: 1000991800 ns, Reaching safepoint: 40836 ns, At safepoint: 7878 ns, Total: 48714 ns
[2020-02-26T08:26:52.278+0000][1][safepoint    ] Safepoint "Cleanup", Time since last: 1001628364 ns, Reaching safepoint: 42776 ns, At safepoint: 6852 ns, Total: 49628 ns
[2020-02-26T08:26:53.279+0000][1][safepoint    ] Safepoint "Cleanup", Time since last: 1000869361 ns, Reaching safepoint: 73916 ns, At safepoint: 8964 ns, Total: 82880 ns
[2020-02-26T08:26:56.288+0000][1][safepoint    ] Safepoint "Cleanup", Time since last: 3009164282 ns, Reaching safepoint: 68071 ns, At safepoint: 7649 ns, Total: 75720 ns
[2020-02-26T08:26:57.289+0000][1][safepoint    ] Safepoint "Cleanup", Time since last: 1000989250 ns, Reaching safepoint: 59844 ns, At safepoint: 6973 ns, Total: 66817 ns
[2020-02-26T08:26:58.290+0000][1][safepoint    ] Safepoint "Cleanup", Time since last: 1000246116 ns, Reaching safepoint: 42631 ns, At safepoint: 8865 ns, Total: 51496 ns
[2020-02-26T08:26:59.293+0000][1][safepoint    ] Safepoint "Cleanup", Time since last: 1000549628 ns, Reaching safepoint: 3003741 ns, At safepoint: 9080 ns, Total: 3012821 ns
[2020-02-26T08:27:00.082+0000][1][safepoint    ] Safepoint "RevokeBias", Time since last: 788535683 ns, Reaching safepoint: 22781 ns, At safepoint: 32272 ns, Total: 55053 ns
[2020-02-26T08:27:01.083+0000][1][safepoint    ] Safepoint "Cleanup", Time since last: 1001317808 ns, Reaching safepoint: 63089 ns, At safepoint: 7820 ns, Total: 70909 ns
[2020-02-26T08:27:02.117+0000][1][safepoint    ] Safepoint "Cleanup", Time since last: 1000695720 ns, Reaching safepoint: 33440852 ns, At safepoint: 10578 ns, Total: 33451430 ns
[2020-02-26T08:27:03.155+0000][1][safepoint    ] Safepoint "Cleanup", Time since last: 1000731669 ns, Reaching safepoint: 36724093 ns, At safepoint: 10406 ns, Total: 36734499 ns
[2020-02-26T08:27:04.157+0000][1][safepoint    ] Safepoint "Cleanup", Time since last: 1001684907 ns, Reaching safepoint: 59721 ns, At safepoint: 8096 ns, Total: 67817 ns
[2020-02-26T08:27:05.280+0000][1][safepoint    ] Safepoint "Cleanup", Time since last: 1000247647 ns, Reaching safepoint: 122680028 ns, At safepoint: 11028 ns, Total: 122691056 ns
[2020-02-26T08:27:06.358+0000][1][safepoint    ] Safepoint "Cleanup", Time since last: 1000193741 ns, Reaching safepoint: 78520523 ns, At safepoint: 7847 ns, Total: 78528370 ns
[2020-02-26T08:27:09.367+0000][1][safepoint    ] Safepoint "Cleanup", Time since last: 3001868246 ns, Reaching safepoint: 6592808 ns, At safepoint: 11305 ns, Total: 6604113 ns
[2020-02-26T08:27:10.533+0000][1][safepoint    ] Safepoint "Cleanup", Time since last: 1003777756 ns, Reaching safepoint: 162757189 ns, At safepoint: 10630 ns, Total: 162767819 ns
[2020-02-26T08:27:11.597+0000][1][safepoint    ] Safepoint "Cleanup", Time since last: 1004383023 ns, Reaching safepoint: 58901967 ns, At safepoint: 11651 ns, Total: 58913618 ns
[2020-02-26T08:27:13.297+0000][1][safepoint    ] Safepoint "Deoptimize", Time since last: 1700069798 ns, Reaching safepoint: 35173 ns, At safepoint: 412453 ns, Total: 447626 ns
[2020-02-26T08:27:13.327+0000][1][safepoint    ] Safepoint "Deoptimize", Time since last: 29744860 ns, Reaching safepoint: 22936 ns, At safepoint: 318519 ns, Total: 341455 ns
[2020-02-26T08:27:14.366+0000][1][safepoint    ] Safepoint "Cleanup", Time since last: 1004258158 ns, Reaching safepoint: 34235769 ns, At safepoint: 9108 ns, Total: 34244877 ns
[2020-02-26T08:27:15.395+0000][1][safepoint    ] Safepoint "Cleanup", Time since last: 1005351270 ns, Reaching safepoint: 23694393 ns, At safepoint: 33353 ns, Total: 23727746 ns
[2020-02-26T08:27:15.560+0000][1][gc,start     ] GC(1) Pause Young (Allocation Failure)
[2020-02-26T08:27:15.711+0000][1][gc,task      ] GC(1) Using 1 workers of 1 for evacuation
[2020-02-26T08:27:18.417+0000][1][gc,age       ] GC(1) Desired survivor size 4358144 bytes, new threshold 6 (max threshold 6)
[2020-02-26T08:27:18.417+0000][1][gc,age       ] GC(1) Age table with threshold 6 (max threshold 6)
[2020-02-26T08:27:18.417+0000][1][gc,age       ] GC(1) - age   1:    3310856 bytes,    3310856 total
[2020-02-26T08:27:18.417+0000][1][gc,heap      ] GC(1) ParNew: 76295K->5802K(76672K)
[2020-02-26T08:27:18.417+0000][1][gc,heap      ] GC(1) CMS: 0K->6832K(963392K)
[2020-02-26T08:27:18.417+0000][1][gc,metaspace ] GC(1) Metaspace: 17402K->17402K(1064960K)
[2020-02-26T08:27:18.464+0000][1][gc           ] GC(1) Pause Young (Allocation Failure) 74M->12M(1015M) 2904.357ms
[2020-02-26T08:27:18.464+0000][1][gc,cpu       ] GC(1) User=0.06s Sys=0.03s Real=2.90s
[2020-02-26T08:27:18.464+0000][1][safepoint    ] Safepoint "GenCollectForAllocation", Time since last: 46633289 ns, Reaching safepoint: 27637 ns, At safepoint: 3022959787 ns, Total: 3022987424 ns
[2020-02-26T08:27:18.542+0000][1][safepoint    ] Safepoint "BulkRevokeBias", Time since last: 37710925 ns, Reaching safepoint: 39436972 ns, At safepoint: 143528 ns, Total: 39580500 ns
[2020-02-26T08:27:18.547+0000][1][safepoint    ] Safepoint "RevokeBias", Time since last: 1709519 ns, Reaching safepoint: 3088388 ns, At safepoint: 96738 ns, Total: 3185126 ns
[2020-02-26T08:27:18.548+0000][1][safepoint    ] Safepoint "RevokeBias", Time since last: 81437 ns, Reaching safepoint: 1614571 ns, At safepoint: 50840 ns, Total: 1665411 ns
[2020-02-26T08:27:18.550+0000][1][safepoint    ] Safepoint "RevokeBias", Time since last: 54732 ns, Reaching safepoint: 1906244 ns, At safepoint: 54806 ns, Total: 1961050 ns
[2020-02-26T08:27:18.551+0000][1][safepoint    ] Safepoint "RevokeBias", Time since last: 56471 ns, Reaching safepoint: 597957 ns, At safepoint: 125474 ns, Total: 723431 ns
[2020-02-26T08:27:18.635+0000][1][safepoint    ] Safepoint "RevokeBias", Time since last: 78095 ns, Reaching safepoint: 83865900 ns, At safepoint: 53163 ns, Total: 83919063 ns
[2020-02-26T08:27:18.643+0000][1][safepoint    ] Safepoint "RevokeBias", Time since last: 2443440 ns, Reaching safepoint: 5519427 ns, At safepoint: 67510 ns, Total: 5586937 ns
[2020-02-26T08:27:18.651+0000][1][safepoint    ] Safepoint "RevokeBias", Time since last: 5855506 ns, Reaching safepoint: 2234425 ns, At safepoint: 56274 ns, Total: 2290699 ns
[2020-02-26T08:27:18.658+0000][1][safepoint    ] Safepoint "RevokeBias", Time since last: 64929 ns, Reaching safepoint: 6156586 ns, At safepoint: 41013 ns, Total: 6197599 ns
[2020-02-26T08:27:18.659+0000][1][safepoint    ] Safepoint "BulkRevokeBias", Time since last: 62823 ns, Reaching safepoint: 1698538 ns, At safepoint: 54943 ns, Total: 1753481 ns
[2020-02-26T08:27:18.663+0000][1][safepoint    ] Safepoint "BulkRevokeBias", Time since last: 45534 ns, Reaching safepoint: 3081554 ns, At safepoint: 68320 ns, Total: 3149874 ns
[2020-02-26T08:27:19.670+0000][1][safepoint    ] Safepoint "Cleanup", Time since last: 1004536413 ns, Reaching safepoint: 3127422 ns, At safepoint: 11204 ns, Total: 3138626 ns
[2020-02-26T08:27:22.504+0000][1][safepoint    ] Safepoint "Deoptimize", Time since last: 2833169048 ns, Reaching safepoint: 36170 ns, At safepoint: 441249 ns, Total: 477419 ns
[2020-02-26T08:27:23.510+0000][1][safepoint    ] Safepoint "Cleanup", Time since last: 1002117509 ns, Reaching safepoint: 3971284 ns, At safepoint: 8897 ns, Total: 3980181 ns
[2020-02-26T08:27:24.493+0000][1][gc,start     ] GC(2) Pause Young (Allocation Failure)
[2020-02-26T08:27:24.493+0000][1][gc,task      ] GC(2) Using 1 workers of 1 for evacuation
[2020-02-26T08:27:24.533+0000][1][gc,age       ] GC(2) Desired survivor size 4358144 bytes, new threshold 2 (max threshold 6)
[2020-02-26T08:27:24.533+0000][1][gc,age       ] GC(2) Age table with threshold 2 (max threshold 6)
[2020-02-26T08:27:24.533+0000][1][gc,age       ] GC(2) - age   1:    1717744 bytes,    1717744 total
[2020-02-26T08:27:24.533+0000][1][gc,age       ] GC(2) - age   2:    3119280 bytes,    4837024 total
[2020-02-26T08:27:24.533+0000][1][gc,heap      ] GC(2) ParNew: 73962K->5332K(76672K)
[2020-02-26T08:27:24.533+0000][1][gc,heap      ] GC(2) CMS: 6832K->6832K(963392K)
[2020-02-26T08:27:24.533+0000][1][gc,metaspace ] GC(2) Metaspace: 18667K->18667K(1067008K)
[2020-02-26T08:27:24.533+0000][1][gc           ] GC(2) Pause Young (Allocation Failure) 78M->11M(1015M) 39.475ms
[2020-02-26T08:27:24.533+0000][1][gc,cpu       ] GC(2) User=0.01s Sys=0.00s Real=0.04s
[2020-02-26T08:27:24.533+0000][1][safepoint    ] Safepoint "GenCollectForAllocation", Time since last: 983162737 ns, Reaching safepoint: 30776 ns, At safepoint: 39517417 ns, Total: 39548193 ns
[2020-02-26T08:27:24.648+0000][1][safepoint    ] Safepoint "RevokeBias", Time since last: 37661805 ns, Reaching safepoint: 77627209 ns, At safepoint: 52514 ns, Total: 77679723 ns
[2020-02-26T08:27:24.843+0000][1][safepoint    ] Safepoint "RevokeBias", Time since last: 2799456 ns, Reaching safepoint: 192481321 ns, At safepoint: 29804 ns, Total: 192511125 ns
[2020-02-26T08:27:24.916+0000][1][safepoint    ] Safepoint "RevokeBias", Time since last: 392216 ns, Reaching safepoint: 72667218 ns, At safepoint: 33738 ns, Total: 72700956 ns
[2020-02-26T08:27:25.043+0000][1][safepoint    ] Safepoint "RevokeBias", Time since last: 1231467 ns, Reaching safepoint: 125626312 ns, At safepoint: 38272 ns, Total: 125664584 ns
[2020-02-26T08:27:25.048+0000][1][safepoint    ] Safepoint "RevokeBias", Time since last: 1782422 ns, Reaching safepoint: 3334609 ns, At safepoint: 24183 ns, Total: 3358792 ns
[2020-02-26T08:27:25.137+0000][1][safepoint    ] Safepoint "RevokeBias", Time since last: 22511380 ns, Reaching safepoint: 66474546 ns, At safepoint: 30920 ns, Total: 66505466 ns
[2020-02-26T08:27:25.238+0000][1][safepoint    ] Safepoint "RevokeBias", Time since last: 89451626 ns, Reaching safepoint: 10526551 ns, At safepoint: 111561 ns, Total: 10638112 ns
[2020-02-26T08:27:25.239+0000][1][safepoint    ] Safepoint "RevokeBias", Time since last: 193301 ns, Reaching safepoint: 835890 ns, At safepoint: 59367 ns, Total: 895257 ns
[2020-02-26T08:27:26.251+0000][1][safepoint    ] Safepoint "Cleanup", Time since last: 1011818474 ns, Reaching safepoint: 50347 ns, At safepoint: 10211 ns, Total: 60558 ns
[2020-02-26T08:27:28.274+0000][1][safepoint    ] Safepoint "Cleanup", Time since last: 2023815405 ns, Reaching safepoint: 41120 ns, At safepoint: 6273 ns, Total: 47393 ns
[2020-02-26T08:27:29.275+0000][1][safepoint    ] Safepoint "Cleanup", Time since last: 1000585144 ns, Reaching safepoint: 60713 ns, At safepoint: 8943 ns, Total: 69656 ns
[2020-02-26T08:27:31.494+0000][1][gc,start     ] GC(3) Pause Young (Allocation Failure)
[2020-02-26T08:27:31.494+0000][1][gc,task      ] GC(3) Using 1 workers of 1 for evacuation
[2020-02-26T08:27:32.839+0000][1][gc,age       ] GC(3) Desired survivor size 4358144 bytes, new threshold 6 (max threshold 6)
[2020-02-26T08:27:32.839+0000][1][gc,age       ] GC(3) Age table with threshold 6 (max threshold 6)
[2020-02-26T08:27:32.839+0000][1][gc,age       ] GC(3) - age   1:    1620480 bytes,    1620480 total
[2020-02-26T08:27:32.839+0000][1][gc,age       ] GC(3) - age   2:     612176 bytes,    2232656 total
[2020-02-26T08:27:32.839+0000][1][gc,heap      ] GC(3) ParNew: 73492K->4203K(76672K)
[2020-02-26T08:27:32.839+0000][1][gc,heap      ] GC(3) CMS: 6832K->9909K(963392K)
[2020-02-26T08:27:32.839+0000][1][gc,metaspace ] GC(3) Metaspace: 18907K->18907K(1067008K)
[2020-02-26T08:27:32.839+0000][1][gc           ] GC(3) Pause Young (Allocation Failure) 78M->13M(1015M) 1344.675ms
[2020-02-26T08:27:32.839+0000][1][gc,cpu       ] GC(3) User=0.02s Sys=0.02s Real=1.35s
[2020-02-26T08:27:32.839+0000][1][safepoint    ] Safepoint "GenCollectForAllocation", Time since last: 2219285617 ns, Reaching safepoint: 29108 ns, At safepoint: 1344944809 ns, Total: 1344973917 ns
[2020-02-26T08:27:32.840+0000][1][safepoint    ] Safepoint "RevokeBias", Time since last: 731316 ns, Reaching safepoint: 22283 ns, At safepoint: 26203 ns, Total: 48486 ns
[2020-02-26T08:27:32.840+0000][1][safepoint    ] Safepoint "RevokeBias", Time since last: 37688 ns, Reaching safepoint: 12111 ns, At safepoint: 20480 ns, Total: 32591 ns
[2020-02-26T08:27:32.840+0000][1][safepoint    ] Safepoint "RevokeBias", Time since last: 280324 ns, Reaching safepoint: 14451 ns, At safepoint: 23199 ns, Total: 37650 ns
[2020-02-26T08:27:32.841+0000][1][safepoint    ] Safepoint "RevokeBias", Time since last: 30707 ns, Reaching safepoint: 10713 ns, At safepoint: 18978 ns, Total: 29691 ns
[2020-02-26T08:27:32.841+0000][1][safepoint    ] Safepoint "RevokeBias", Time since last: 28911 ns, Reaching safepoint: 10886 ns, At safepoint: 18606 ns, Total: 29492 ns
[2020-02-26T08:27:32.841+0000][1][safepoint    ] Safepoint "RevokeBias", Time since last: 24293 ns, Reaching safepoint: 10156 ns, At safepoint: 18400 ns, Total: 28556 ns
[2020-02-26T08:27:34.843+0000][1][safepoint    ] Safepoint "Cleanup", Time since last: 2002338016 ns, Reaching safepoint: 49089 ns, At safepoint: 7859 ns, Total: 56948 ns
[2020-02-26T08:27:35.856+0000][1][safepoint    ] Safepoint "Cleanup", Time since last: 1002624764 ns, Reaching safepoint: 10096844 ns, At safepoint: 11125 ns, Total: 10107969 ns
[2020-02-26T08:27:36.858+0000][1][safepoint    ] Safepoint "Cleanup", Time since last: 1002465687 ns, Reaching safepoint: 70544 ns, At safepoint: 10003 ns, Total: 80547 ns
[2020-02-26T08:27:38.860+0000][1][safepoint    ] Safepoint "Cleanup", Time since last: 2001829341 ns, Reaching safepoint: 71444 ns, At safepoint: 8251 ns, Total: 79695 ns
[2020-02-26T08:27:39.771+0000][1][gc,start     ] GC(4) Pause Young (Allocation Failure)
[2020-02-26T08:27:39.771+0000][1][gc,task      ] GC(4) Using 1 workers of 1 for evacuation
[2020-02-26T08:27:39.796+0000][1][gc,age       ] GC(4) Desired survivor size 4358144 bytes, new threshold 6 (max threshold 6)
[2020-02-26T08:27:39.796+0000][1][gc,age       ] GC(4) Age table with threshold 6 (max threshold 6)
[2020-02-26T08:27:39.796+0000][1][gc,age       ] GC(4) - age   1:    1307400 bytes,    1307400 total
[2020-02-26T08:27:39.796+0000][1][gc,age       ] GC(4) - age   2:     320792 bytes,    1628192 total
[2020-02-26T08:27:39.796+0000][1][gc,age       ] GC(4) - age   3:     612080 bytes,    2240272 total
[2020-02-26T08:27:39.797+0000][1][gc,heap      ] GC(4) ParNew: 72363K->3737K(76672K)
[2020-02-26T08:27:39.797+0000][1][gc,heap      ] GC(4) CMS: 9909K->9909K(963392K)
[2020-02-26T08:27:39.797+0000][1][gc,metaspace ] GC(4) Metaspace: 19516K->19516K(1067008K)
[2020-02-26T08:27:39.797+0000][1][gc           ] GC(4) Pause Young (Allocation Failure) 80M->13M(1015M) 25.773ms
[2020-02-26T08:27:39.797+0000][1][gc,cpu       ] GC(4) User=0.01s Sys=0.00s Real=0.03s
[2020-02-26T08:27:39.797+0000][1][safepoint    ] Safepoint "GenCollectForAllocation", Time since last: 910517907 ns, Reaching safepoint: 40020 ns, At safepoint: 25822968 ns, Total: 25862988 ns
[2020-02-26T08:27:39.797+0000][1][safepoint    ] Safepoint "BulkRevokeBias", Time since last: 546801 ns, Reaching safepoint: 24350 ns, At safepoint: 65465 ns, Total: 89815 ns
[2020-02-26T08:27:39.797+0000][1][safepoint    ] Safepoint "RevokeBias", Time since last: 54997 ns, Reaching safepoint: 12573 ns, At safepoint: 20715 ns, Total: 33288 ns
[2020-02-26T08:27:39.797+0000][1][safepoint    ] Safepoint "RevokeBias", Time since last: 34045 ns, Reaching safepoint: 11368 ns, At safepoint: 20138 ns, Total: 31506 ns
[2020-02-26T08:27:39.797+0000][1][safepoint    ] Safepoint "RevokeBias", Time since last: 24537 ns, Reaching safepoint: 10387 ns, At safepoint: 19317 ns, Total: 29704 ns
[2020-02-26T08:27:39.798+0000][1][safepoint    ] Safepoint "RevokeBias", Time since last: 51033 ns, Reaching safepoint: 10734 ns, At safepoint: 19664 ns, Total: 30398 ns
[2020-02-26T08:27:39.798+0000][1][safepoint    ] Safepoint "RevokeBias", Time since last: 24329 ns, Reaching safepoint: 10327 ns, At safepoint: 19440 ns, Total: 29767 ns
[2020-02-26T08:27:40.641+0000][1][safepoint    ] Safepoint "RevokeBias", Time since last: 843776731 ns, Reaching safepoint: 76974 ns, At safepoint: 14699 ns, Total: 91673 ns
[2020-02-26T08:27:40.642+0000][1][safepoint    ] Safepoint "RevokeBias", Time since last: 77373 ns, Reaching safepoint: 40417 ns, At safepoint: 9264 ns, Total: 49681 ns
[2020-02-26T08:27:40.679+0000][1][safepoint    ] Safepoint "Deoptimize", Time since last: 36786815 ns, Reaching safepoint: 37267 ns, At safepoint: 487339 ns, Total: 524606 ns
[2020-02-26T08:27:41.252+0000][1][safepoint    ] Safepoint "Deoptimize", Time since last: 572807103 ns, Reaching safepoint: 41267 ns, At safepoint: 515981 ns, Total: 557248 ns
[2020-02-26T08:27:41.964+0000][1][gc,start     ] GC(5) Pause Young (Allocation Failure)
[2020-02-26T08:27:41.964+0000][1][gc,task      ] GC(5) Using 1 workers of 1 for evacuation
[2020-02-26T08:27:42.167+0000][1][gc,age       ] GC(5) Desired survivor size 4358144 bytes, new threshold 6 (max threshold 6)
[2020-02-26T08:27:42.167+0000][1][gc,age       ] GC(5) Age table with threshold 6 (max threshold 6)
[2020-02-26T08:27:42.167+0000][1][gc,age       ] GC(5) - age   1:    1942568 bytes,    1942568 total
[2020-02-26T08:27:42.167+0000][1][gc,age       ] GC(5) - age   2:    1274688 bytes,    3217256 total
[2020-02-26T08:27:42.167+0000][1][gc,age       ] GC(5) - age   3:     320792 bytes,    3538048 total
[2020-02-26T08:27:42.167+0000][1][gc,age       ] GC(5) - age   4:     612024 bytes,    4150072 total
[2020-02-26T08:27:42.167+0000][1][gc,heap      ] GC(5) ParNew: 71897K->5150K(76672K)
[2020-02-26T08:27:42.167+0000][1][gc,heap      ] GC(5) CMS: 9909K->9909K(963392K)
[2020-02-26T08:27:42.167+0000][1][gc,metaspace ] GC(5) Metaspace: 19747K->19747K(1067008K)
[2020-02-26T08:27:42.167+0000][1][gc           ] GC(5) Pause Young (Allocation Failure) 79M->14M(1015M) 203.082ms
[2020-02-26T08:27:42.167+0000][1][gc,cpu       ] GC(5) User=0.02s Sys=0.00s Real=0.21s
[2020-02-26T08:27:42.168+0000][1][safepoint    ] Safepoint "GenCollectForAllocation", Time since last: 712073943 ns, Reaching safepoint: 36966 ns, At safepoint: 203125694 ns, Total: 203162660 ns
[2020-02-26T08:27:42.232+0000][1][safepoint    ] Safepoint "RevokeBias", Time since last: 64086582 ns, Reaching safepoint: 48968 ns, At safepoint: 47547 ns, Total: 96515 ns
[2020-02-26T08:27:42.232+0000][1][safepoint    ] Safepoint "RevokeBias", Time since last: 76105 ns, Reaching safepoint: 13155 ns, At safepoint: 24258 ns, Total: 37413 ns
[2020-02-26T08:27:42.232+0000][1][safepoint    ] Safepoint "RevokeBias", Time since last: 51358 ns, Reaching safepoint: 9884 ns, At safepoint: 19366 ns, Total: 29250 ns
[2020-02-26T08:27:42.232+0000][1][safepoint    ] Safepoint "RevokeBias", Time since last: 27416 ns, Reaching safepoint: 8290 ns, At safepoint: 18093 ns, Total: 26383 ns
[2020-02-26T08:27:42.232+0000][1][safepoint    ] Safepoint "RevokeBias", Time since last: 38837 ns, Reaching safepoint: 9620 ns, At safepoint: 18534 ns, Total: 28154 ns
[2020-02-26T08:27:42.232+0000][1][safepoint    ] Safepoint "RevokeBias", Time since last: 26344 ns, Reaching safepoint: 8015 ns, At safepoint: 17786 ns, Total: 25801 ns
[2020-02-26T08:27:43.232+0000][1][safepoint    ] Safepoint "Cleanup", Time since last: 1000255126 ns, Reaching safepoint: 51084 ns, At safepoint: 26492 ns, Total: 77576 ns
[2020-02-26T08:27:44.247+0000][1][safepoint    ] Safepoint "Cleanup", Time since last: 1014080719 ns, Reaching safepoint: 51044 ns, At safepoint: 8506 ns, Total: 59550 ns
[2020-02-26T08:27:45.021+0000][1][gc,start     ] GC(6) Pause Young (Allocation Failure)
[2020-02-26T08:27:45.021+0000][1][gc,task      ] GC(6) Using 1 workers of 1 for evacuation
[2020-02-26T08:27:45.135+0000][1][gc,age       ] GC(6) Desired survivor size 4358144 bytes, new threshold 5 (max threshold 6)
[2020-02-26T08:27:45.135+0000][1][gc,age       ] GC(6) Age table with threshold 5 (max threshold 6)
[2020-02-26T08:27:45.135+0000][1][gc,age       ] GC(6) - age   1:     875160 bytes,     875160 total
[2020-02-26T08:27:45.135+0000][1][gc,age       ] GC(6) - age   2:    1526368 bytes,    2401528 total
[2020-02-26T08:27:45.135+0000][1][gc,age       ] GC(6) - age   3:    1274344 bytes,    3675872 total
[2020-02-26T08:27:45.135+0000][1][gc,age       ] GC(6) - age   4:     320792 bytes,    3996664 total
[2020-02-26T08:27:45.135+0000][1][gc,age       ] GC(6) - age   5:     611944 bytes,    4608608 total
[2020-02-26T08:27:45.135+0000][1][gc,heap      ] GC(6) ParNew: 73310K->6722K(76672K)
[2020-02-26T08:27:45.135+0000][1][gc,heap      ] GC(6) CMS: 9909K->9909K(963392K)
[2020-02-26T08:27:45.135+0000][1][gc,metaspace ] GC(6) Metaspace: 19836K->19836K(1067008K)
[2020-02-26T08:27:45.135+0000][1][gc           ] GC(6) Pause Young (Allocation Failure) 81M->16M(1015M) 114.202ms
[2020-02-26T08:27:45.135+0000][1][gc,cpu       ] GC(6) User=0.02s Sys=0.00s Real=0.11s
[2020-02-26T08:27:45.135+0000][1][safepoint    ] Safepoint "GenCollectForAllocation", Time since last: 774612446 ns, Reaching safepoint: 88615 ns, At safepoint: 114264147 ns, Total: 114352762 ns
[2020-02-26T08:27:45.155+0000][1][safepoint    ] Safepoint "RevokeBias", Time since last: 19363511 ns, Reaching safepoint: 48736 ns, At safepoint: 39543 ns, Total: 88279 ns
[2020-02-26T08:27:45.155+0000][1][safepoint    ] Safepoint "RevokeBias", Time since last: 94926 ns, Reaching safepoint: 15426 ns, At safepoint: 24306 ns, Total: 39732 ns
[2020-02-26T08:27:45.155+0000][1][safepoint    ] Safepoint "RevokeBias", Time since last: 61780 ns, Reaching safepoint: 12470 ns, At safepoint: 22043 ns, Total: 34513 ns
[2020-02-26T08:27:45.165+0000][1][safepoint    ] Safepoint "RevokeBias", Time since last: 9980275 ns, Reaching safepoint: 52605 ns, At safepoint: 56905 ns, Total: 109510 ns
[2020-02-26T08:27:47.169+0000][1][safepoint    ] Safepoint "Cleanup", Time since last: 2004128897 ns, Reaching safepoint: 46946 ns, At safepoint: 8583 ns, Total: 55529 ns
[2020-02-26T08:27:48.174+0000][1][safepoint    ] Safepoint "Cleanup", Time since last: 1004706767 ns, Reaching safepoint: 107986 ns, At safepoint: 8471 ns, Total: 116457 ns
[2020-02-26T08:27:50.208+0000][1][safepoint    ] Safepoint "Cleanup", Time since last: 2030098520 ns, Reaching safepoint: 3610797 ns, At safepoint: 12996 ns, Total: 3623793 ns
[2020-02-26T08:27:51.065+0000][1][gc,start     ] GC(7) Pause Young (Allocation Failure)
[2020-02-26T08:27:51.065+0000][1][gc,task      ] GC(7) Using 1 workers of 1 for evacuation
[2020-02-26T08:27:51.724+0000][1][gc,age       ] GC(7) Desired survivor size 4358144 bytes, new threshold 4 (max threshold 6)
[2020-02-26T08:27:51.724+0000][1][gc,age       ] GC(7) Age table with threshold 4 (max threshold 6)
[2020-02-26T08:27:51.724+0000][1][gc,age       ] GC(7) - age   1:    1274176 bytes,    1274176 total
[2020-02-26T08:27:51.724+0000][1][gc,age       ] GC(7) - age   2:     414968 bytes,    1689144 total
[2020-02-26T08:27:51.724+0000][1][gc,age       ] GC(7) - age   3:    1524432 bytes,    3213576 total
[2020-02-26T08:27:51.724+0000][1][gc,age       ] GC(7) - age   4:    1273688 bytes,    4487264 total
[2020-02-26T08:27:51.724+0000][1][gc,age       ] GC(7) - age   5:     320792 bytes,    4808056 total
[2020-02-26T08:27:51.724+0000][1][gc,heap      ] GC(7) ParNew: 74882K->8431K(76672K)
[2020-02-26T08:27:51.724+0000][1][gc,heap      ] GC(7) CMS: 9909K->10516K(963392K)
[2020-02-26T08:27:51.724+0000][1][gc,metaspace ] GC(7) Metaspace: 20067K->20067K(1067008K)
[2020-02-26T08:27:51.737+0000][1][gc           ] GC(7) Pause Young (Allocation Failure) 82M->18M(1015M) 671.878ms
[2020-02-26T08:27:51.737+0000][1][gc,cpu       ] GC(7) User=0.02s Sys=0.00s Real=0.68s
[2020-02-26T08:27:51.737+0000][1][safepoint    ] Safepoint "GenCollectForAllocation", Time since last: 857347338 ns, Reaching safepoint: 27537 ns, At safepoint: 671968551 ns, Total: 671996088 ns
[2020-02-26T08:27:51.779+0000][1][safepoint    ] Safepoint "RevokeBias", Time since last: 38636764 ns, Reaching safepoint: 3309192 ns, At safepoint: 40261 ns, Total: 3349453 ns
[2020-02-26T08:27:51.781+0000][1][safepoint    ] Safepoint "RevokeBias", Time since last: 63994 ns, Reaching safepoint: 2015819 ns, At safepoint: 33319 ns, Total: 2049138 ns
[2020-02-26T08:27:51.784+0000][1][safepoint    ] Safepoint "RevokeBias", Time since last: 75403 ns, Reaching safepoint: 2859791 ns, At safepoint: 37636 ns, Total: 2897427 ns
[2020-02-26T08:27:51.787+0000][1][safepoint    ] Safepoint "RevokeBias", Time since last: 63030 ns, Reaching safepoint: 2870954 ns, At safepoint: 73333 ns, Total: 2944287 ns
[2020-02-26T08:27:52.792+0000][1][safepoint    ] Safepoint "Cleanup", Time since last: 1004728463 ns, Reaching safepoint: 237046 ns, At safepoint: 8584 ns, Total: 245630 ns
[2020-02-26T08:27:52.916+0000][1][safepoint    ] Safepoint "CollectForMetadataAllocation", Time since last: 123189525 ns, Reaching safepoint: 26033 ns, At safepoint: 261529 ns, Total: 287562 ns
[2020-02-26T08:27:53.170+0000][1][safepoint    ] Safepoint "RevokeBias", Time since last: 253779751 ns, Reaching safepoint: 28724 ns, At safepoint: 12771 ns, Total: 41495 ns
[2020-02-26T08:27:53.190+0000][1][safepoint    ] Safepoint "RevokeBias", Time since last: 19881155 ns, Reaching safepoint: 31619 ns, At safepoint: 13345 ns, Total: 44964 ns
[2020-02-26T08:27:53.823+0000][1][gc,start     ] GC(8) Pause Initial Mark
[2020-02-26T08:27:53.860+0000][1][gc           ] GC(8) Pause Initial Mark 53M->53M(1015M) 37.058ms
[2020-02-26T08:27:53.860+0000][1][gc,cpu       ] GC(8) User=0.04s Sys=0.00s Real=0.04s
[2020-02-26T08:27:53.860+0000][1][safepoint    ] Safepoint "CMS_Initial_Mark", Time since last: 633288606 ns, Reaching safepoint: 53924 ns, At safepoint: 37137221 ns, Total: 37191145 ns
[2020-02-26T08:27:53.860+0000][1][gc           ] GC(8) Concurrent Mark
[2020-02-26T08:27:53.874+0000][1][gc           ] GC(8) Concurrent Mark 13.491ms
[2020-02-26T08:27:53.874+0000][1][gc,cpu       ] GC(8) User=0.01s Sys=0.00s Real=0.01s
[2020-02-26T08:27:53.874+0000][1][gc           ] GC(8) Concurrent Preclean
[2020-02-26T08:27:53.914+0000][1][gc           ] GC(8) Concurrent Preclean 40.707ms
[2020-02-26T08:27:53.915+0000][1][gc,cpu       ] GC(8) User=0.00s Sys=0.01s Real=0.04s
[2020-02-26T08:27:53.915+0000][1][gc           ] GC(8) Concurrent Abortable Preclean
[2020-02-26T08:27:54.420+0000][1][gc,start     ] GC(9) Pause Young (Allocation Failure)
[2020-02-26T08:27:54.420+0000][1][gc,task      ] GC(9) Using 1 workers of 1 for evacuation
[2020-02-26T08:27:54.502+0000][1][gc           ] GC(8) Concurrent Abortable Preclean 587.832ms
[2020-02-26T08:27:54.502+0000][1][gc,cpu       ] GC(8) User=0.15s Sys=0.00s Real=0.59s
[2020-02-26T08:27:55.278+0000][1][gc,age       ] GC(9) Desired survivor size 4358144 bytes, new threshold 6 (max threshold 6)
[2020-02-26T08:27:55.278+0000][1][gc,age       ] GC(9) Age table with threshold 6 (max threshold 6)
[2020-02-26T08:27:55.278+0000][1][gc,age       ] GC(9) - age   1:    1566128 bytes,    1566128 total
[2020-02-26T08:27:55.278+0000][1][gc,age       ] GC(9) - age   2:     849536 bytes,    2415664 total
[2020-02-26T08:27:55.278+0000][1][gc,age       ] GC(9) - age   3:     414968 bytes,    2830632 total
[2020-02-26T08:27:55.278+0000][1][gc,age       ] GC(9) - age   4:    1524352 bytes,    4354984 total
[2020-02-26T08:27:55.278+0000][1][gc,heap      ] GC(9) ParNew: 76591K->5629K(76672K)
[2020-02-26T08:27:55.278+0000][1][gc,heap      ] GC(9) CMS: 10516K->12091K(963392K)
[2020-02-26T08:27:55.278+0000][1][gc,metaspace ] GC(9) Metaspace: 20426K->20426K(1069056K)
[2020-02-26T08:27:55.278+0000][1][gc           ] GC(9) Pause Young (Allocation Failure) 85M->17M(1015M) 858.080ms
[2020-02-26T08:27:55.278+0000][1][gc,cpu       ] GC(9) User=0.03s Sys=0.01s Real=0.86s
[2020-02-26T08:27:55.278+0000][1][safepoint    ] Safepoint "GenCollectForAllocation", Time since last: 559880601 ns, Reaching safepoint: 94073 ns, At safepoint: 858154197 ns, Total: 858248270 ns
[2020-02-26T08:27:55.283+0000][1][gc,start     ] GC(8) Pause Remark
[2020-02-26T08:27:55.379+0000][1][gc           ] GC(8) Pause Remark 21M->21M(1015M) 95.877ms
[2020-02-26T08:27:55.379+0000][1][gc,cpu       ] GC(8) User=0.02s Sys=0.00s Real=0.10s
[2020-02-26T08:27:55.379+0000][1][safepoint    ] Safepoint "RevokeBias", Time since last: 4194024 ns, Reaching safepoint: 267527 ns, At safepoint: 96015193 ns, Total: 96282720 ns
[2020-02-26T08:27:55.383+0000][1][gc           ] GC(8) Concurrent Sweep
[2020-02-26T08:27:55.388+0000][1][gc           ] GC(8) Concurrent Sweep 4.230ms
[2020-02-26T08:27:55.388+0000][1][gc,cpu       ] GC(8) User=0.01s Sys=0.00s Real=0.01s
[2020-02-26T08:27:55.388+0000][1][gc           ] GC(8) Concurrent Reset
[2020-02-26T08:27:55.389+0000][1][gc           ] GC(8) Concurrent Reset 1.399ms
[2020-02-26T08:27:55.389+0000][1][gc,cpu       ] GC(8) User=0.00s Sys=0.00s Real=0.00s
[2020-02-26T08:27:55.402+0000][1][gc,heap      ] GC(8) Old: 10516K->12083K(963392K)
[2020-02-26T08:27:55.413+0000][1][safepoint    ] Safepoint "RevokeBias", Time since last: 20768278 ns, Reaching safepoint: 13042984 ns, At safepoint: 48602 ns, Total: 13091586 ns
[2020-02-26T08:27:55.423+0000][1][safepoint    ] Safepoint "RevokeBias", Time since last: 89445 ns, Reaching safepoint: 10408759 ns, At safepoint: 42345 ns, Total: 10451104 ns
[2020-02-26T08:27:55.424+0000][1][safepoint    ] Safepoint "RevokeBias", Time since last: 63855 ns, Reaching safepoint: 997070 ns, At safepoint: 34173 ns, Total: 1031243 ns
[2020-02-26T08:27:55.435+0000][1][safepoint    ] Safepoint "RevokeBias", Time since last: 61627 ns, Reaching safepoint: 11152476 ns, At safepoint: 38905 ns, Total: 11191381 ns
[2020-02-26T08:27:55.436+0000][1][safepoint    ] Safepoint "RevokeBias", Time since last: 63875 ns, Reaching safepoint: 769073 ns, At safepoint: 33005 ns, Total: 802078 ns
[2020-02-26T08:27:56.441+0000][1][safepoint    ] Safepoint "Cleanup", Time since last: 1004489510 ns, Reaching safepoint: 41174 ns, At safepoint: 7606 ns, Total: 48780 ns
[2020-02-26T08:27:57.455+0000][1][safepoint    ] Safepoint "Cleanup", Time since last: 1006243517 ns, Reaching safepoint: 8150848 ns, At safepoint: 13953 ns, Total: 8164801 ns
[2020-02-26T08:27:57.689+0000][1][gc,start     ] GC(10) Pause Young (Allocation Failure)
[2020-02-26T08:27:57.689+0000][1][gc,task      ] GC(10) Using 1 workers of 1 for evacuation
[2020-02-26T08:27:58.558+0000][1][gc,age       ] GC(10) Desired survivor size 4358144 bytes, new threshold 4 (max threshold 6)
[2020-02-26T08:27:58.558+0000][1][gc,age       ] GC(10) Age table with threshold 4 (max threshold 6)
[2020-02-26T08:27:58.558+0000][1][gc,age       ] GC(10) - age   1:    1983312 bytes,    1983312 total
[2020-02-26T08:27:58.558+0000][1][gc,age       ] GC(10) - age   2:    1134288 bytes,    3117600 total
[2020-02-26T08:27:58.558+0000][1][gc,age       ] GC(10) - age   3:     849536 bytes,    3967136 total
[2020-02-26T08:27:58.558+0000][1][gc,age       ] GC(10) - age   4:     414936 bytes,    4382072 total
[2020-02-26T08:27:58.558+0000][1][gc,age       ] GC(10) - age   5:    1524200 bytes,    5906272 total
[2020-02-26T08:27:58.558+0000][1][gc,heap      ] GC(10) ParNew: 73789K->7786K(76672K)
[2020-02-26T08:27:58.558+0000][1][gc,heap      ] GC(10) CMS: 12083K->12083K(963392K)
[2020-02-26T08:27:58.558+0000][1][gc,metaspace ] GC(10) Metaspace: 20443K->20443K(1069056K)
[2020-02-26T08:27:58.558+0000][1][gc           ] GC(10) Pause Young (Allocation Failure) 83M->19M(1015M) 869.829ms
[2020-02-26T08:27:58.558+0000][1][gc,cpu       ] GC(10) User=0.02s Sys=0.00s Real=0.87s
[2020-02-26T08:27:58.558+0000][1][safepoint    ] Safepoint "GenCollectForAllocation", Time since last: 233227709 ns, Reaching safepoint: 30802 ns, At safepoint: 869883565 ns, Total: 869914367 ns
[2020-02-26T08:27:58.587+0000][1][safepoint    ] Safepoint "RevokeBias", Time since last: 265718 ns, Reaching safepoint: 28135108 ns, At safepoint: 42953 ns, Total: 28178061 ns
[2020-02-26T08:27:58.610+0000][1][safepoint    ] Safepoint "RevokeBias", Time since last: 12885761 ns, Reaching safepoint: 9755520 ns, At safepoint: 42216 ns, Total: 9797736 ns
[2020-02-26T08:27:58.619+0000][1][safepoint    ] Safepoint "RevokeBias", Time since last: 4013549 ns, Reaching safepoint: 5758362 ns, At safepoint: 48222 ns, Total: 5806584 ns
[2020-02-26T08:27:58.621+0000][1][safepoint    ] Safepoint "RevokeBias", Time since last: 66558 ns, Reaching safepoint: 1146578 ns, At safepoint: 49146 ns, Total: 1195724 ns
[2020-02-26T08:27:58.635+0000][1][safepoint    ] Safepoint "RevokeBias", Time since last: 11132092 ns, Reaching safepoint: 2964240 ns, At safepoint: 39605 ns, Total: 3003845 ns
[2020-02-26T08:27:58.637+0000][1][safepoint    ] Safepoint "RevokeBias", Time since last: 79216 ns, Reaching safepoint: 2493707 ns, At safepoint: 40749 ns, Total: 2534456 ns
[2020-02-26T08:27:58.641+0000][1][safepoint    ] Safepoint "RevokeBias", Time since last: 86653 ns, Reaching safepoint: 3942295 ns, At safepoint: 37902 ns, Total: 3980197 ns
[2020-02-26T08:27:58.642+0000][1][safepoint    ] Safepoint "RevokeBias", Time since last: 65638 ns, Reaching safepoint: 709166 ns, At safepoint: 28032 ns, Total: 737198 ns
[2020-02-26T08:27:58.645+0000][1][safepoint    ] Safepoint "RevokeBias", Time since last: 58211 ns, Reaching safepoint: 3123966 ns, At safepoint: 32187 ns, Total: 3156153 ns
[2020-02-26T08:27:58.647+0000][1][safepoint    ] Safepoint "RevokeBias", Time since last: 48524 ns, Reaching safepoint: 1787708 ns, At safepoint: 35159 ns, Total: 1822867 ns
[2020-02-26T08:27:58.654+0000][1][safepoint    ] Safepoint "RevokeBias", Time since last: 77710 ns, Reaching safepoint: 6768127 ns, At safepoint: 37791 ns, Total: 6805918 ns
[2020-02-26T08:27:58.657+0000][1][safepoint    ] Safepoint "RevokeBias", Time since last: 61609 ns, Reaching safepoint: 2191214 ns, At safepoint: 39654 ns, Total: 2230868 ns
[2020-02-26T08:27:58.661+0000][1][safepoint    ] Safepoint "RevokeBias", Time since last: 84075 ns, Reaching safepoint: 4549440 ns, At safepoint: 38616 ns, Total: 4588056 ns
[2020-02-26T08:27:58.668+0000][1][safepoint    ] Safepoint "RevokeBias", Time since last: 60283 ns, Reaching safepoint: 6296914 ns, At safepoint: 37969 ns, Total: 6334883 ns
[2020-02-26T08:27:58.669+0000][1][safepoint    ] Safepoint "RevokeBias", Time since last: 76300 ns, Reaching safepoint: 1093830 ns, At safepoint: 34316 ns, Total: 1128146 ns
[2020-02-26T08:27:58.671+0000][1][safepoint    ] Safepoint "RevokeBias", Time since last: 48290 ns, Reaching safepoint: 2131055 ns, At safepoint: 38440 ns, Total: 2169495 ns
[2020-02-26T08:28:00.672+0000][1][safepoint    ] Safepoint "Cleanup", Time since last: 2001073069 ns, Reaching safepoint: 93572 ns, At safepoint: 8633 ns, Total: 102205 ns
[2020-02-26T08:28:05.147+0000][1][gc,start     ] GC(11) Pause Young (Allocation Failure)
[2020-02-26T08:28:05.147+0000][1][gc,task      ] GC(11) Using 1 workers of 1 for evacuation
[2020-02-26T08:28:05.600+0000][1][gc,age       ] GC(11) Desired survivor size 4358144 bytes, new threshold 6 (max threshold 6)
[2020-02-26T08:28:05.600+0000][1][gc,age       ] GC(11) Age table with threshold 6 (max threshold 6)
[2020-02-26T08:28:05.600+0000][1][gc,age       ] GC(11) - age   1:    1621440 bytes,    1621440 total
[2020-02-26T08:28:05.600+0000][1][gc,age       ] GC(11) - age   2:     323376 bytes,    1944816 total
[2020-02-26T08:28:05.600+0000][1][gc,age       ] GC(11) - age   3:    1133960 bytes,    3078776 total
[2020-02-26T08:28:05.600+0000][1][gc,age       ] GC(11) - age   4:     849536 bytes,    3928312 total
[2020-02-26T08:28:05.600+0000][1][gc,heap      ] GC(11) ParNew: 75946K->5299K(76672K)
[2020-02-26T08:28:05.600+0000][1][gc,heap      ] GC(11) CMS: 12083K->13991K(963392K)
[2020-02-26T08:28:05.600+0000][1][gc,metaspace ] GC(11) Metaspace: 21226K->21226K(1069056K)
[2020-02-26T08:28:05.600+0000][1][gc           ] GC(11) Pause Young (Allocation Failure) 85M->18M(1015M) 452.929ms
[2020-02-26T08:28:05.600+0000][1][gc,cpu       ] GC(11) User=0.02s Sys=0.01s Real=0.45s
[2020-02-26T08:28:05.600+0000][1][safepoint    ] Safepoint "GenCollectForAllocation", Time since last: 4475015090 ns, Reaching safepoint: 22759 ns, At safepoint: 452972888 ns, Total: 452995647 ns
[2020-02-26T08:28:05.646+0000][1][safepoint    ] Safepoint "RevokeBias", Time since last: 46109746 ns, Reaching safepoint: 75868 ns, At safepoint: 29425 ns, Total: 105293 ns
[2020-02-26T08:28:05.646+0000][1][safepoint    ] Safepoint "RevokeBias", Time since last: 52519 ns, Reaching safepoint: 6871 ns, At safepoint: 12349 ns, Total: 19220 ns
[2020-02-26T08:28:05.647+0000][1][safepoint    ] Safepoint "RevokeBias", Time since last: 39662 ns, Reaching safepoint: 6147 ns, At safepoint: 11435 ns, Total: 17582 ns
[2020-02-26T08:28:05.647+0000][1][safepoint    ] Safepoint "RevokeBias", Time since last: 20573 ns, Reaching safepoint: 5110 ns, At safepoint: 11085 ns, Total: 16195 ns
[2020-02-26T08:28:05.647+0000][1][safepoint    ] Safepoint "RevokeBias", Time since last: 22307 ns, Reaching safepoint: 5569 ns, At safepoint: 11158 ns, Total: 16727 ns
[2020-02-26T08:28:05.647+0000][1][safepoint    ] Safepoint "RevokeBias", Time since last: 19939 ns, Reaching safepoint: 4998 ns, At safepoint: 10841 ns, Total: 15839 ns
[2020-02-26T08:28:05.647+0000][1][safepoint    ] Safepoint "BulkRevokeBias", Time since last: 22655 ns, Reaching safepoint: 5476 ns, At safepoint: 23577 ns, Total: 29053 ns
[2020-02-26T08:28:05.647+0000][1][safepoint    ] Safepoint "BulkRevokeBias", Time since last: 20532 ns, Reaching safepoint: 5375 ns, At safepoint: 19199 ns, Total: 24574 ns
[2020-02-26T08:28:06.338+0000][1][gc,start     ] GC(12) Pause Young (Allocation Failure)
[2020-02-26T08:28:06.338+0000][1][gc,task      ] GC(12) Using 1 workers of 1 for evacuation
[2020-02-26T08:28:06.412+0000][1][gc,age       ] GC(12) Desired survivor size 4358144 bytes, new threshold 6 (max threshold 6)
[2020-02-26T08:28:06.412+0000][1][gc,age       ] GC(12) Age table with threshold 6 (max threshold 6)
[2020-02-26T08:28:06.412+0000][1][gc,age       ] GC(12) - age   1:     854896 bytes,     854896 total
[2020-02-26T08:28:06.412+0000][1][gc,age       ] GC(12) - age   2:     575104 bytes,    1430000 total
[2020-02-26T08:28:06.412+0000][1][gc,age       ] GC(12) - age   3:     323376 bytes,    1753376 total
[2020-02-26T08:28:06.412+0000][1][gc,age       ] GC(12) - age   4:    1133960 bytes,    2887336 total
[2020-02-26T08:28:06.412+0000][1][gc,age       ] GC(12) - age   5:     849536 bytes,    3736872 total
[2020-02-26T08:28:06.412+0000][1][gc,heap      ] GC(12) ParNew: 73459K->4201K(76672K)
[2020-02-26T08:28:06.412+0000][1][gc,heap      ] GC(12) CMS: 13991K->13991K(963392K)
[2020-02-26T08:28:06.412+0000][1][gc,metaspace ] GC(12) Metaspace: 21246K->21246K(1069056K)
[2020-02-26T08:28:06.412+0000][1][gc           ] GC(12) Pause Young (Allocation Failure) 85M->17M(1015M) 73.524ms
[2020-02-26T08:28:06.412+0000][1][gc,cpu       ] GC(12) User=0.02s Sys=0.00s Real=0.07s
[2020-02-26T08:28:06.412+0000][1][safepoint    ] Safepoint "GenCollectForAllocation", Time since last: 691431056 ns, Reaching safepoint: 38518 ns, At safepoint: 73566817 ns, Total: 73605335 ns
[2020-02-26T08:28:06.423+0000][1][safepoint    ] Safepoint "RevokeBias", Time since last: 10617580 ns, Reaching safepoint: 99488 ns, At safepoint: 39369 ns, Total: 138857 ns
[2020-02-26T08:28:06.423+0000][1][safepoint    ] Safepoint "RevokeBias", Time since last: 60470 ns, Reaching safepoint: 12981 ns, At safepoint: 22411 ns, Total: 35392 ns
[2020-02-26T08:28:06.423+0000][1][safepoint    ] Safepoint "RevokeBias", Time since last: 43871 ns, Reaching safepoint: 11056 ns, At safepoint: 20164 ns, Total: 31220 ns
[2020-02-26T08:28:06.423+0000][1][safepoint    ] Safepoint "RevokeBias", Time since last: 34989 ns, Reaching safepoint: 10686 ns, At safepoint: 19647 ns, Total: 30333 ns
[2020-02-26T08:28:06.423+0000][1][safepoint    ] Safepoint "RevokeBias", Time since last: 28396 ns, Reaching safepoint: 10604 ns, At safepoint: 19333 ns, Total: 29937 ns
[2020-02-26T08:28:06.423+0000][1][safepoint    ] Safepoint "RevokeBias", Time since last: 24338 ns, Reaching safepoint: 10025 ns, At safepoint: 19326 ns, Total: 29351 ns
[2020-02-26T08:28:06.423+0000][1][safepoint    ] Safepoint "RevokeBias", Time since last: 27239 ns, Reaching safepoint: 10546 ns, At safepoint: 44027 ns, Total: 54573 ns
[2020-02-26T08:28:06.423+0000][1][safepoint    ] Safepoint "RevokeBias", Time since last: 32900 ns, Reaching safepoint: 13006 ns, At safepoint: 20425 ns, Total: 33431 ns
[2020-02-26T08:28:07.405+0000][1][gc,start     ] GC(13) Pause Young (Allocation Failure)
[2020-02-26T08:28:07.405+0000][1][gc,task      ] GC(13) Using 1 workers of 1 for evacuation
[2020-02-26T08:28:07.451+0000][1][gc,age       ] GC(13) Desired survivor size 4358144 bytes, new threshold 6 (max threshold 6)
[2020-02-26T08:28:07.452+0000][1][gc,age       ] GC(13) Age table with threshold 6 (max threshold 6)
[2020-02-26T08:28:07.452+0000][1][gc,age       ] GC(13) - age   1:    1570856 bytes,    1570856 total
[2020-02-26T08:28:07.452+0000][1][gc,age       ] GC(13) - age   2:     206800 bytes,    1777656 total
[2020-02-26T08:28:07.452+0000][1][gc,age       ] GC(13) - age   3:     574992 bytes,    2352648 total
[2020-02-26T08:28:07.452+0000][1][gc,age       ] GC(13) - age   4:     323376 bytes,    2676024 total
[2020-02-26T08:28:07.452+0000][1][gc,age       ] GC(13) - age   5:    1133960 bytes,    3809984 total
[2020-02-26T08:28:07.452+0000][1][gc,age       ] GC(13) - age   6:     849536 bytes,    4659520 total
[2020-02-26T08:28:07.452+0000][1][gc,heap      ] GC(13) ParNew: 72361K->7574K(76672K)
[2020-02-26T08:28:07.452+0000][1][gc,heap      ] GC(13) CMS: 13991K->13991K(963392K)
[2020-02-26T08:28:07.452+0000][1][gc,metaspace ] GC(13) Metaspace: 21345K->21345K(1069056K)
[2020-02-26T08:28:07.452+0000][1][gc           ] GC(13) Pause Young (Allocation Failure) 84M->21M(1015M) 46.582ms
[2020-02-26T08:28:07.452+0000][1][gc,cpu       ] GC(13) User=0.02s Sys=0.00s Real=0.05s
[2020-02-26T08:28:07.452+0000][1][safepoint    ] Safepoint "GenCollectForAllocation", Time since last: 981982895 ns, Reaching safepoint: 24180 ns, At safepoint: 46629801 ns, Total: 46653981 ns
[2020-02-26T08:28:07.496+0000][1][safepoint    ] Safepoint "RevokeBias", Time since last: 37556243 ns, Reaching safepoint: 7085577 ns, At safepoint: 48197 ns, Total: 7133774 ns
[2020-02-26T08:28:07.498+0000][1][safepoint    ] Safepoint "RevokeBias", Time since last: 66008 ns, Reaching safepoint: 2049260 ns, At safepoint: 38488 ns, Total: 2087748 ns
[2020-02-26T08:28:07.504+0000][1][safepoint    ] Safepoint "RevokeBias", Time since last: 64206 ns, Reaching safepoint: 5729229 ns, At safepoint: 47937 ns, Total: 5777166 ns
[2020-02-26T08:28:07.507+0000][1][safepoint    ] Safepoint "RevokeBias", Time since last: 65014 ns, Reaching safepoint: 2766877 ns, At safepoint: 45584 ns, Total: 2812461 ns
[2020-02-26T08:28:08.509+0000][1][safepoint    ] Safepoint "Cleanup", Time since last: 1002125799 ns, Reaching safepoint: 95855 ns, At safepoint: 7375 ns, Total: 103230 ns
[2020-02-26T08:28:09.517+0000][1][safepoint    ] Safepoint "Cleanup", Time since last: 1007325814 ns, Reaching safepoint: 45441 ns, At safepoint: 7917 ns, Total: 53358 ns
[2020-02-26T08:28:10.100+0000][1][gc,start     ] GC(14) Pause Young (Allocation Failure)
[2020-02-26T08:28:10.100+0000][1][gc,task      ] GC(14) Using 1 workers of 1 for evacuation
[2020-02-26T08:28:10.298+0000][1][gc,age       ] GC(14) Desired survivor size 4358144 bytes, new threshold 6 (max threshold 6)
[2020-02-26T08:28:10.298+0000][1][gc,age       ] GC(14) Age table with threshold 6 (max threshold 6)
[2020-02-26T08:28:10.298+0000][1][gc,age       ] GC(14) - age   1:    1411144 bytes,    1411144 total
[2020-02-26T08:28:10.298+0000][1][gc,age       ] GC(14) - age   2:      98120 bytes,    1509264 total
[2020-02-26T08:28:10.298+0000][1][gc,age       ] GC(14) - age   3:     206800 bytes,    1716064 total
[2020-02-26T08:28:10.298+0000][1][gc,age       ] GC(14) - age   4:     574992 bytes,    2291056 total
[2020-02-26T08:28:10.298+0000][1][gc,age       ] GC(14) - age   5:     323376 bytes,    2614432 total
[2020-02-26T08:28:10.298+0000][1][gc,age       ] GC(14) - age   6:    1133960 bytes,    3748392 total
[2020-02-26T08:28:10.298+0000][1][gc,heap      ] GC(14) ParNew: 75734K->4359K(76672K)
[2020-02-26T08:28:10.298+0000][1][gc,heap      ] GC(14) CMS: 13991K->14827K(963392K)
[2020-02-26T08:28:10.298+0000][1][gc,metaspace ] GC(14) Metaspace: 21418K->21418K(1069056K)
[2020-02-26T08:28:10.298+0000][1][gc           ] GC(14) Pause Young (Allocation Failure) 87M->18M(1015M) 198.532ms
[2020-02-26T08:28:10.298+0000][1][gc,cpu       ] GC(14) User=0.02s Sys=0.00s Real=0.20s
[2020-02-26T08:28:10.298+0000][1][safepoint    ] Safepoint "GenCollectForAllocation", Time since last: 582650516 ns, Reaching safepoint: 24017 ns, At safepoint: 198578835 ns, Total: 198602852 ns
[2020-02-26T08:28:10.317+0000][1][safepoint    ] Safepoint "RevokeBias", Time since last: 13757944 ns, Reaching safepoint: 4652456 ns, At safepoint: 34890 ns, Total: 4687346 ns
[2020-02-26T08:28:10.317+0000][1][safepoint    ] Safepoint "RevokeBias", Time since last: 61348 ns, Reaching safepoint: 447266 ns, At safepoint: 30622 ns, Total: 477888 ns
[2020-02-26T08:28:10.324+0000][1][safepoint    ] Safepoint "RevokeBias", Time since last: 60110 ns, Reaching safepoint: 6903711 ns, At safepoint: 37186 ns, Total: 6940897 ns
[2020-02-26T08:28:10.325+0000][1][safepoint    ] Safepoint "RevokeBias", Time since last: 61964 ns, Reaching safepoint: 389335 ns, At safepoint: 39507 ns, Total: 428842 ns
[2020-02-26T08:28:10.326+0000][1][safepoint    ] Safepoint "RevokeBias", Time since last: 57469 ns, Reaching safepoint: 942033 ns, At safepoint: 23466 ns, Total: 965499 ns
[2020-02-26T08:28:10.327+0000][1][safepoint    ] Safepoint "RevokeBias", Time since last: 39949 ns, Reaching safepoint: 973381 ns, At safepoint: 52229 ns, Total: 1025610 ns
[2020-02-26T08:28:10.328+0000][1][safepoint    ] Safepoint "RevokeBias", Time since last: 72015 ns, Reaching safepoint: 795011 ns, At safepoint: 25156 ns, Total: 820167 ns
[2020-02-26T08:28:10.329+0000][1][safepoint    ] Safepoint "RevokeBias", Time since last: 72128 ns, Reaching safepoint: 938499 ns, At safepoint: 22905 ns, Total: 961404 ns
[2020-02-26T08:28:10.330+0000][1][safepoint    ] Safepoint "RevokeBias", Time since last: 46884 ns, Reaching safepoint: 896115 ns, At safepoint: 25203 ns, Total: 921318 ns
[2020-02-26T08:28:10.330+0000][1][safepoint    ] Safepoint "RevokeBias", Time since last: 351508 ns, Reaching safepoint: 191003 ns, At safepoint: 81614 ns, Total: 272617 ns
[2020-02-26T08:28:10.834+0000][1][gc,start     ] GC(15) Pause Young (Allocation Failure)
[2020-02-26T08:28:10.834+0000][1][gc,task      ] GC(15) Using 1 workers of 1 for evacuation
[2020-02-26T08:28:12.160+0000][1][gc,age       ] GC(15) Desired survivor size 4358144 bytes, new threshold 6 (max threshold 6)
[2020-02-26T08:28:12.160+0000][1][gc,age       ] GC(15) Age table with threshold 6 (max threshold 6)
[2020-02-26T08:28:12.160+0000][1][gc,age       ] GC(15) - age   1:     950800 bytes,     950800 total
[2020-02-26T08:28:12.160+0000][1][gc,age       ] GC(15) - age   2:     306568 bytes,    1257368 total
[2020-02-26T08:28:12.160+0000][1][gc,age       ] GC(15) - age   3:      98120 bytes,    1355488 total
[2020-02-26T08:28:12.160+0000][1][gc,age       ] GC(15) - age   4:     206800 bytes,    1562288 total
[2020-02-26T08:28:12.160+0000][1][gc,age       ] GC(15) - age   5:     574840 bytes,    2137128 total
[2020-02-26T08:28:12.160+0000][1][gc,age       ] GC(15) - age   6:     323376 bytes,    2460504 total
[2020-02-26T08:28:12.161+0000][1][gc,heap      ] GC(15) ParNew: 72519K->3835K(76672K)
[2020-02-26T08:28:12.161+0000][1][gc,heap      ] GC(15) CMS: 14827K->15940K(963392K)
[2020-02-26T08:28:12.161+0000][1][gc,metaspace ] GC(15) Metaspace: 21434K->21434K(1069056K)
[2020-02-26T08:28:12.161+0000][1][gc           ] GC(15) Pause Young (Allocation Failure) 85M->19M(1015M) 1326.531ms
[2020-02-26T08:28:12.161+0000][1][gc,cpu       ] GC(15) User=0.01s Sys=0.01s Real=1.33s
[2020-02-26T08:28:12.161+0000][1][safepoint    ] Safepoint "GenCollectForAllocation", Time since last: 503816183 ns, Reaching safepoint: 33770 ns, At safepoint: 1326616840 ns, Total: 1326650610 ns
[2020-02-26T08:28:12.179+0000][1][safepoint    ] Safepoint "RevokeBias", Time since last: 18368279 ns, Reaching safepoint: 48250 ns, At safepoint: 35328 ns, Total: 83578 ns
[2020-02-26T08:28:12.179+0000][1][safepoint    ] Safepoint "RevokeBias", Time since last: 58691 ns, Reaching safepoint: 8258 ns, At safepoint: 16459 ns, Total: 24717 ns
[2020-02-26T08:28:12.179+0000][1][safepoint    ] Safepoint "RevokeBias", Time since last: 37737 ns, Reaching safepoint: 6343 ns, At safepoint: 13993 ns, Total: 20336 ns
[2020-02-26T08:28:12.179+0000][1][safepoint    ] Safepoint "RevokeBias", Time since last: 19519 ns, Reaching safepoint: 5302 ns, At safepoint: 13049 ns, Total: 18351 ns
[2020-02-26T08:28:12.179+0000][1][safepoint    ] Safepoint "RevokeBias", Time since last: 20775 ns, Reaching safepoint: 5493 ns, At safepoint: 13205 ns, Total: 18698 ns
[2020-02-26T08:28:12.179+0000][1][safepoint    ] Safepoint "RevokeBias", Time since last: 18343 ns, Reaching safepoint: 5040 ns, At safepoint: 13169 ns, Total: 18209 ns
[2020-02-26T08:28:13.183+0000][1][safepoint    ] Safepoint "Cleanup", Time since last: 1003841709 ns, Reaching safepoint: 41838 ns, At safepoint: 8784 ns, Total: 50622 ns
[2020-02-26T08:28:14.189+0000][1][safepoint    ] Safepoint "Cleanup", Time since last: 1006165528 ns, Reaching safepoint: 50748 ns, At safepoint: 8284 ns, Total: 59032 ns
[2020-02-26T08:28:16.195+0000][1][safepoint    ] Safepoint "Cleanup", Time since last: 2005796909 ns, Reaching safepoint: 40241 ns, At safepoint: 6957 ns, Total: 47198 ns
[2020-02-26T08:28:17.196+0000][1][safepoint    ] Safepoint "Cleanup", Time since last: 1001043804 ns, Reaching safepoint: 58964 ns, At safepoint: 10455 ns, Total: 69419 ns
[2020-02-26T08:28:21.208+0000][1][safepoint    ] Safepoint "Cleanup", Time since last: 4011055699 ns, Reaching safepoint: 62056 ns, At safepoint: 8643 ns, Total: 70699 ns
[2020-02-26T08:28:24.219+0000][1][safepoint    ] Safepoint "Cleanup", Time since last: 3010976570 ns, Reaching safepoint: 182263 ns, At safepoint: 9818 ns, Total: 192081 ns
[2020-02-26T08:28:26.224+0000][1][safepoint    ] Safepoint "Cleanup", Time since last: 2005575374 ns, Reaching safepoint: 44740 ns, At safepoint: 7860 ns, Total: 52600 ns
[2020-02-26T08:28:27.232+0000][1][safepoint    ] Safepoint "Cleanup", Time since last: 1007808086 ns, Reaching safepoint: 45805 ns, At safepoint: 8171 ns, Total: 53976 ns
[2020-02-26T08:28:30.234+0000][1][safepoint    ] Safepoint "Cleanup", Time since last: 3002205793 ns, Reaching safepoint: 76462 ns, At safepoint: 8457 ns, Total: 84919 ns
[2020-02-26T08:28:31.235+0000][1][safepoint    ] Safepoint "Cleanup", Time since last: 1000367027 ns, Reaching safepoint: 41914 ns, At safepoint: 7630 ns, Total: 49544 ns
[2020-02-26T08:28:31.808+0000][1][gc,start     ] GC(16) Pause Young (Allocation Failure)
[2020-02-26T08:28:31.808+0000][1][gc,task      ] GC(16) Using 1 workers of 1 for evacuation
[2020-02-26T08:28:32.180+0000][1][gc,age       ] GC(16) Desired survivor size 4358144 bytes, new threshold 6 (max threshold 6)
[2020-02-26T08:28:32.180+0000][1][gc,age       ] GC(16) Age table with threshold 6 (max threshold 6)
[2020-02-26T08:28:32.181+0000][1][gc,age       ] GC(16) - age   1:    1707480 bytes,    1707480 total
[2020-02-26T08:28:32.181+0000][1][gc,age       ] GC(16) - age   2:     155816 bytes,    1863296 total
[2020-02-26T08:28:32.181+0000][1][gc,age       ] GC(16) - age   3:     306360 bytes,    2169656 total
[2020-02-26T08:28:32.181+0000][1][gc,age       ] GC(16) - age   4:      97952 bytes,    2267608 total
[2020-02-26T08:28:32.181+0000][1][gc,age       ] GC(16) - age   5:     206800 bytes,    2474408 total
[2020-02-26T08:28:32.181+0000][1][gc,age       ] GC(16) - age   6:     574328 bytes,    3048736 total
[2020-02-26T08:28:32.181+0000][1][gc,heap      ] GC(16) ParNew: 71995K->5521K(76672K)
[2020-02-26T08:28:32.181+0000][1][gc,heap      ] GC(16) CMS: 15940K->16257K(963392K)
[2020-02-26T08:28:32.181+0000][1][gc,metaspace ] GC(16) Metaspace: 26053K->26053K(1073152K)
[2020-02-26T08:28:32.181+0000][1][gc           ] GC(16) Pause Young (Allocation Failure) 85M->21M(1015M) 372.656ms
[2020-02-26T08:28:32.181+0000][1][gc,cpu       ] GC(16) User=0.02s Sys=0.00s Real=0.37s
[2020-02-26T08:28:32.181+0000][1][safepoint    ] Safepoint "GenCollectForAllocation", Time since last: 573140912 ns, Reaching safepoint: 24072 ns, At safepoint: 372749370 ns, Total: 372773442 ns
[2020-02-26T08:28:32.182+0000][1][safepoint    ] Safepoint "RevokeBias", Time since last: 656122 ns, Reaching safepoint: 27521 ns, At safepoint: 36898 ns, Total: 64419 ns
[2020-02-26T08:28:32.182+0000][1][safepoint    ] Safepoint "RevokeBias", Time since last: 40607 ns, Reaching safepoint: 12547 ns, At safepoint: 25480 ns, Total: 38027 ns
[2020-02-26T08:28:32.182+0000][1][safepoint    ] Safepoint "RevokeBias", Time since last: 32570 ns, Reaching safepoint: 11587 ns, At safepoint: 23244 ns, Total: 34831 ns
[2020-02-26T08:28:32.182+0000][1][safepoint    ] Safepoint "RevokeBias", Time since last: 24301 ns, Reaching safepoint: 10898 ns, At safepoint: 21912 ns, Total: 32810 ns
[2020-02-26T08:28:32.183+0000][1][safepoint    ] Safepoint "RevokeBias", Time since last: 1577922 ns, Reaching safepoint: 18732 ns, At safepoint: 29023 ns, Total: 47755 ns
[2020-02-26T08:28:32.183+0000][1][safepoint    ] Safepoint "RevokeBias", Time since last: 39535 ns, Reaching safepoint: 11948 ns, At safepoint: 23371 ns, Total: 35319 ns
[2020-02-26T08:28:32.184+0000][1][safepoint    ] Safepoint "RevokeBias", Time since last: 46543 ns, Reaching safepoint: 11612 ns, At safepoint: 22816 ns, Total: 34428 ns
[2020-02-26T08:28:32.184+0000][1][safepoint    ] Safepoint "RevokeBias", Time since last: 28547 ns, Reaching safepoint: 11030 ns, At safepoint: 21992 ns, Total: 33022 ns
[2020-02-26T08:28:32.184+0000][1][safepoint    ] Safepoint "RevokeBias", Time since last: 93765 ns, Reaching safepoint: 33789 ns, At safepoint: 25775 ns, Total: 59564 ns
[2020-02-26T08:28:32.184+0000][1][safepoint    ] Safepoint "RevokeBias", Time since last: 30598 ns, Reaching safepoint: 11059 ns, At safepoint: 22179 ns, Total: 33238 ns
[2020-02-26T08:28:32.184+0000][1][safepoint    ] Safepoint "RevokeBias", Time since last: 35722 ns, Reaching safepoint: 11105 ns, At safepoint: 22010 ns, Total: 33115 ns
[2020-02-26T08:28:32.184+0000][1][safepoint    ] Safepoint "RevokeBias", Time since last: 24581 ns, Reaching safepoint: 10753 ns, At safepoint: 21717 ns, Total: 32470 ns
[2020-02-26T08:28:32.184+0000][1][safepoint    ] Safepoint "RevokeBias", Time since last: 26575 ns, Reaching safepoint: 10961 ns, At safepoint: 21805 ns, Total: 32766 ns
[2020-02-26T08:28:32.184+0000][1][safepoint    ] Safepoint "RevokeBias", Time since last: 24318 ns, Reaching safepoint: 10677 ns, At safepoint: 21798 ns, Total: 32475 ns
[2020-02-26T08:28:32.184+0000][1][safepoint    ] Safepoint "RevokeBias", Time since last: 25924 ns, Reaching safepoint: 10850 ns, At safepoint: 22001 ns, Total: 32851 ns
[2020-02-26T08:28:32.184+0000][1][safepoint    ] Safepoint "RevokeBias", Time since last: 23965 ns, Reaching safepoint: 10707 ns, At safepoint: 21739 ns, Total: 32446 ns
[2020-02-26T08:28:32.184+0000][1][safepoint    ] Safepoint "RevokeBias", Time since last: 179353 ns, Reaching safepoint: 14936 ns, At safepoint: 24346 ns, Total: 39282 ns
[2020-02-26T08:28:32.184+0000][1][safepoint    ] Safepoint "RevokeBias", Time since last: 33463 ns, Reaching safepoint: 11108 ns, At safepoint: 22014 ns, Total: 33122 ns
[2020-02-26T08:28:32.185+0000][1][safepoint    ] Safepoint "RevokeBias", Time since last: 27292 ns, Reaching safepoint: 11013 ns, At safepoint: 21892 ns, Total: 32905 ns
[2020-02-26T08:28:32.185+0000][1][safepoint    ] Safepoint "RevokeBias", Time since last: 23997 ns, Reaching safepoint: 10734 ns, At safepoint: 21778 ns, Total: 32512 ns
[2020-02-26T08:28:32.185+0000][1][safepoint    ] Safepoint "RevokeBias", Time since last: 60618 ns, Reaching safepoint: 11109 ns, At safepoint: 22283 ns, Total: 33392 ns
[2020-02-26T08:28:32.185+0000][1][safepoint    ] Safepoint "RevokeBias", Time since last: 24590 ns, Reaching safepoint: 10822 ns, At safepoint: 21864 ns, Total: 32686 ns
[2020-02-26T08:28:33.207+0000][1][safepoint    ] Safepoint "Cleanup", Time since last: 1004712422 ns, Reaching safepoint: 17075618 ns, At safepoint: 8235 ns, Total: 17083853 ns
[2020-02-26T08:28:33.693+0000][1][safepoint    ] Safepoint "Deoptimize", Time since last: 486195214 ns, Reaching safepoint: 38045 ns, At safepoint: 403376 ns, Total: 441421 ns
[2020-02-26T08:28:34.073+0000][1][safepoint    ] Safepoint "Deoptimize", Time since last: 379598893 ns, Reaching safepoint: 35379 ns, At safepoint: 519674 ns, Total: 555053 ns
[2020-02-26T08:28:34.207+0000][1][safepoint    ] Safepoint "Deoptimize", Time since last: 133208953 ns, Reaching safepoint: 19562 ns, At safepoint: 358745 ns, Total: 378307 ns
[2020-02-26T08:28:34.272+0000][1][safepoint    ] Safepoint "RevokeBias", Time since last: 65268925 ns, Reaching safepoint: 28882 ns, At safepoint: 15913 ns, Total: 44795 ns
[2020-02-26T08:28:35.286+0000][1][safepoint    ] Safepoint "Cleanup", Time since last: 1008212088 ns, Reaching safepoint: 5198821 ns, At safepoint: 12623 ns, Total: 5211444 ns
[2020-02-26T08:28:37.316+0000][1][safepoint    ] Safepoint "Cleanup", Time since last: 2004382106 ns, Reaching safepoint: 25555817 ns, At safepoint: 13486 ns, Total: 25569303 ns
[2020-02-26T08:28:38.318+0000][1][safepoint    ] Safepoint "Cleanup", Time since last: 1000702947 ns, Reaching safepoint: 1891929 ns, At safepoint: 12687 ns, Total: 1904616 ns
[2020-02-26T08:28:39.320+0000][1][safepoint    ] Safepoint "Cleanup", Time since last: 1002001676 ns, Reaching safepoint: 53597 ns, At safepoint: 10089 ns, Total: 63686 ns
[2020-02-26T08:28:40.329+0000][1][safepoint    ] Safepoint "Cleanup", Time since last: 1007272178 ns, Reaching safepoint: 1249569 ns, At safepoint: 26155 ns, Total: 1275724 ns
[2020-02-26T08:28:42.338+0000][1][safepoint    ] Safepoint "Cleanup", Time since last: 2004686949 ns, Reaching safepoint: 4920343 ns, At safepoint: 13340 ns, Total: 4933683 ns
[2020-02-26T08:28:42.633+0000][1][gc,start     ] GC(17) Pause Young (Allocation Failure)
[2020-02-26T08:28:42.633+0000][1][gc,task      ] GC(17) Using 1 workers of 1 for evacuation
[2020-02-26T08:28:46.121+0000][1][gc,age       ] GC(17) Desired survivor size 4358144 bytes, new threshold 1 (max threshold 6)
[2020-02-26T08:28:46.121+0000][1][gc,age       ] GC(17) Age table with threshold 1 (max threshold 6)
[2020-02-26T08:28:46.121+0000][1][gc,age       ] GC(17) - age   1:    7094816 bytes,    7094816 total
[2020-02-26T08:28:46.121+0000][1][gc,age       ] GC(17) - age   2:     879888 bytes,    7974704 total
[2020-02-26T08:28:46.121+0000][1][gc,age       ] GC(17) - age   3:     152248 bytes,    8126952 total
[2020-02-26T08:28:46.121+0000][1][gc,age       ] GC(17) - age   4:     294696 bytes,    8421648 total
[2020-02-26T08:28:46.121+0000][1][gc,age       ] GC(17) - age   5:      91672 bytes,    8513320 total
[2020-02-26T08:28:46.121+0000][1][gc,age       ] GC(17) - age   6:     202800 bytes,    8716120 total
[2020-02-26T08:28:46.122+0000][1][gc,heap      ] GC(17) ParNew: 73681K->8512K(76672K)
[2020-02-26T08:28:46.122+0000][1][gc,heap      ] GC(17) CMS: 16257K->20936K(963392K)
[2020-02-26T08:28:46.122+0000][1][gc,metaspace ] GC(17) Metaspace: 28273K->28273K(1075200K)
[2020-02-26T08:28:46.122+0000][1][gc           ] GC(17) Pause Young (Allocation Failure) 87M->28M(1015M) 3488.812ms
[2020-02-26T08:28:46.122+0000][1][gc,cpu       ] GC(17) User=0.08s Sys=0.04s Real=3.49s
[2020-02-26T08:28:46.122+0000][1][safepoint    ] Safepoint "GenCollectForAllocation", Time since last: 294301740 ns, Reaching safepoint: 25228 ns, At safepoint: 3488851147 ns, Total: 3488876375 ns
[2020-02-26T08:28:47.135+0000][1][safepoint    ] Safepoint "Cleanup", Time since last: 1011804459 ns, Reaching safepoint: 1780570 ns, At safepoint: 8408 ns, Total: 1788978 ns
[2020-02-26T08:28:47.964+0000][1][safepoint    ] Safepoint "RevokeBias", Time since last: 828521740 ns, Reaching safepoint: 24304 ns, At safepoint: 28717 ns, Total: 53021 ns
[2020-02-26T08:28:48.833+0000][1][gc,start     ] GC(18) Pause Young (Allocation Failure)
[2020-02-26T08:28:48.833+0000][1][gc,task      ] GC(18) Using 1 workers of 1 for evacuation
[2020-02-26T08:28:53.081+0000][1][gc,age       ] GC(18) Desired survivor size 4358144 bytes, new threshold 1 (max threshold 6)
[2020-02-26T08:28:53.081+0000][1][gc,age       ] GC(18) Age table with threshold 1 (max threshold 6)
[2020-02-26T08:28:53.081+0000][1][gc,age       ] GC(18) - age   1:    8716008 bytes,    8716008 total
[2020-02-26T08:28:53.081+0000][1][gc,heap      ] GC(18) ParNew: 76672K->8512K(76672K)
[2020-02-26T08:28:53.081+0000][1][gc,heap      ] GC(18) CMS: 20936K->30179K(963392K)
[2020-02-26T08:28:53.081+0000][1][gc,metaspace ] GC(18) Metaspace: 28336K->28336K(1075200K)
[2020-02-26T08:28:53.081+0000][1][gc           ] GC(18) Pause Young (Allocation Failure) 95M->37M(1015M) 4247.496ms
[2020-02-26T08:28:53.081+0000][1][gc,cpu       ] GC(18) User=0.28s Sys=0.10s Real=4.25s
[2020-02-26T08:28:53.081+0000][1][safepoint    ] Safepoint "GenCollectForAllocation", Time since last: 822131484 ns, Reaching safepoint: 47264297 ns, At safepoint: 4247585666 ns, Total: 4294849963 ns
[2020-02-26T08:28:54.098+0000][1][safepoint    ] Safepoint "Cleanup", Time since last: 1017615041 ns, Reaching safepoint: 59033 ns, At safepoint: 25558 ns, Total: 84591 ns
[2020-02-26T08:28:55.124+0000][1][safepoint    ] Safepoint "Cleanup", Time since last: 1009581967 ns, Reaching safepoint: 15838457 ns, At safepoint: 10145 ns, Total: 15848602 ns
[2020-02-26T08:28:56.132+0000][1][safepoint    ] Safepoint "Cleanup", Time since last: 1008559524 ns, Reaching safepoint: 45640 ns, At safepoint: 7580 ns, Total: 53220 ns
[2020-02-26T08:28:58.098+0000][1][safepoint    ] Safepoint "Cleanup", Time since last: 1965291691 ns, Reaching safepoint: 72720 ns, At safepoint: 9165 ns, Total: 81885 ns
[2020-02-26T08:28:59.098+0000][1][safepoint    ] Safepoint "Cleanup", Time since last: 1000243914 ns, Reaching safepoint: 41917 ns, At safepoint: 7395 ns, Total: 49312 ns
[2020-02-26T08:28:59.401+0000][1][safepoint    ] Safepoint "RevokeBias", Time since last: 302481659 ns, Reaching safepoint: 40004 ns, At safepoint: 57894 ns, Total: 97898 ns
[2020-02-26T08:29:00.404+0000][1][safepoint    ] Safepoint "Cleanup", Time since last: 1003602967 ns, Reaching safepoint: 56297 ns, At safepoint: 8324 ns, Total: 64621 ns
[2020-02-26T08:29:01.414+0000][1][safepoint    ] Safepoint "Cleanup", Time since last: 1009543532 ns, Reaching safepoint: 64443 ns, At safepoint: 8663 ns, Total: 73106 ns
[2020-02-26T08:29:03.509+0000][1][safepoint    ] Safepoint "Cleanup", Time since last: 2003394041 ns, Reaching safepoint: 91826157 ns, At safepoint: 9475 ns, Total: 91835632 ns
[2020-02-26T08:29:05.520+0000][1][safepoint    ] Safepoint "Cleanup", Time since last: 2011125271 ns, Reaching safepoint: 49049 ns, At safepoint: 8424 ns, Total: 57473 ns
[2020-02-26T08:29:06.523+0000][1][safepoint    ] Safepoint "Cleanup", Time since last: 1002819007 ns, Reaching safepoint: 118471 ns, At safepoint: 24610 ns, Total: 143081 ns
[2020-02-26T08:29:07.873+0000][1][gc,start     ] GC(19) Pause Young (Allocation Failure)
[2020-02-26T08:29:07.873+0000][1][gc,task      ] GC(19) Using 1 workers of 1 for evacuation
[2020-02-26T08:29:10.754+0000][1][gc,age       ] GC(19) Desired survivor size 4358144 bytes, new threshold 1 (max threshold 6)
[2020-02-26T08:29:10.754+0000][1][gc,age       ] GC(19) Age table with threshold 1 (max threshold 6)
[2020-02-26T08:29:10.754+0000][1][gc,age       ] GC(19) - age   1:    7562072 bytes,    7562072 total
[2020-02-26T08:29:10.754+0000][1][gc,heap      ] GC(19) ParNew: 76672K->8092K(76672K)
[2020-02-26T08:29:10.754+0000][1][gc,heap      ] GC(19) CMS: 30179K->38566K(963392K)
[2020-02-26T08:29:10.754+0000][1][gc,metaspace ] GC(19) Metaspace: 30672K->30672K(1077248K)
[2020-02-26T08:29:10.754+0000][1][gc           ] GC(19) Pause Young (Allocation Failure) 104M->45M(1015M) 2880.863ms
[2020-02-26T08:29:10.754+0000][1][gc,cpu       ] GC(19) User=0.08s Sys=0.03s Real=2.88s
[2020-02-26T08:29:10.754+0000][1][safepoint    ] Safepoint "GenCollectForAllocation", Time since last: 1349764582 ns, Reaching safepoint: 27959 ns, At safepoint: 2880901078 ns, Total: 2880929037 ns
[2020-02-26T08:29:10.755+0000][1][safepoint    ] Safepoint "RevokeBias", Time since last: 1030943 ns, Reaching safepoint: 20225 ns, At safepoint: 39017 ns, Total: 59242 ns
[2020-02-26T08:29:10.771+0000][1][safepoint    ] Safepoint "RevokeBias", Time since last: 10270289 ns, Reaching safepoint: 5738910 ns, At safepoint: 46496 ns, Total: 5785406 ns
[2020-02-26T08:29:10.775+0000][1][safepoint    ] Safepoint "RevokeBias", Time since last: 122594 ns, Reaching safepoint: 3895237 ns, At safepoint: 36355 ns, Total: 3931592 ns
[2020-02-26T08:29:10.781+0000][1][safepoint    ] Safepoint "RevokeBias", Time since last: 51438 ns, Reaching safepoint: 5678430 ns, At safepoint: 42405 ns, Total: 5720835 ns
[2020-02-26T08:29:11.504+0000][1][safepoint    ] Safepoint "RevokeBias", Time since last: 722854961 ns, Reaching safepoint: 74218 ns, At safepoint: 32962 ns, Total: 107180 ns
[2020-02-26T08:29:12.382+0000][1][safepoint    ] Safepoint "RevokeBias", Time since last: 878115897 ns, Reaching safepoint: 22287 ns, At safepoint: 99317 ns, Total: 121604 ns
[2020-02-26T08:29:12.590+0000][1][safepoint    ] Safepoint "RevokeBias", Time since last: 208115752 ns, Reaching safepoint: 19187 ns, At safepoint: 26014 ns, Total: 45201 ns
[2020-02-26T08:29:12.632+0000][1][safepoint    ] Safepoint "RevokeBias", Time since last: 41948846 ns, Reaching safepoint: 19720 ns, At safepoint: 24362 ns, Total: 44082 ns
[2020-02-26T08:29:12.662+0000][1][safepoint    ] Safepoint "RevokeBias", Time since last: 29307037 ns, Reaching safepoint: 18479 ns, At safepoint: 25990 ns, Total: 44469 ns
[2020-02-26T08:29:12.704+0000][1][safepoint    ] Safepoint "RevokeBias", Time since last: 42646805 ns, Reaching safepoint: 18270 ns, At safepoint: 26291 ns, Total: 44561 ns
[2020-02-26T08:29:12.721+0000][1][safepoint    ] Safepoint "RevokeBias", Time since last: 16905888 ns, Reaching safepoint: 23085 ns, At safepoint: 25062 ns, Total: 48147 ns
[2020-02-26T08:29:12.754+0000][1][safepoint    ] Safepoint "RevokeBias", Time since last: 32040449 ns, Reaching safepoint: 25929 ns, At safepoint: 29773 ns, Total: 55702 ns
[2020-02-26T08:29:13.754+0000][1][safepoint    ] Safepoint "Cleanup", Time since last: 1000758149 ns, Reaching safepoint: 56187 ns, At safepoint: 8207 ns, Total: 64394 ns
[2020-02-26T08:29:14.757+0000][1][safepoint    ] Safepoint "Cleanup", Time since last: 1002186420 ns, Reaching safepoint: 39560 ns, At safepoint: 6304 ns, Total: 45864 ns
[2020-02-26T08:29:16.017+0000][1][safepoint    ] Safepoint "CollectForMetadataAllocation", Time since last: 1259956213 ns, Reaching safepoint: 24528 ns, At safepoint: 119087 ns, Total: 143615 ns
[2020-02-26T08:29:16.402+0000][1][safepoint    ] Safepoint "CollectForMetadataAllocation", Time since last: 385202993 ns, Reaching safepoint: 29216 ns, At safepoint: 116164 ns, Total: 145380 ns
[2020-02-26T08:29:16.854+0000][1][gc,start     ] GC(20) Pause Initial Mark
[2020-02-26T08:29:16.917+0000][1][gc           ] GC(20) Pause Initial Mark 73M->73M(1015M) 63.206ms
[2020-02-26T08:29:16.917+0000][1][gc,cpu       ] GC(20) User=0.04s Sys=0.00s Real=0.07s
[2020-02-26T08:29:16.917+0000][1][safepoint    ] Safepoint "CMS_Initial_Mark", Time since last: 452126926 ns, Reaching safepoint: 42559 ns, At safepoint: 63310049 ns, Total: 63352608 ns
[2020-02-26T08:29:16.918+0000][1][gc           ] GC(20) Concurrent Mark
[2020-02-26T08:29:17.046+0000][1][gc           ] GC(20) Concurrent Mark 128.189ms
[2020-02-26T08:29:17.046+0000][1][gc,cpu       ] GC(20) User=0.06s Sys=0.00s Real=0.12s
[2020-02-26T08:29:17.046+0000][1][gc           ] GC(20) Concurrent Preclean
[2020-02-26T08:29:17.048+0000][1][gc           ] GC(20) Concurrent Preclean 2.575ms
[2020-02-26T08:29:17.049+0000][1][gc,cpu       ] GC(20) User=0.00s Sys=0.00s Real=0.01s
[2020-02-26T08:29:17.049+0000][1][gc           ] GC(20) Concurrent Abortable Preclean
[2020-02-26T08:29:17.679+0000][1][safepoint    ] Safepoint "CollectForMetadataAllocation", Time since last: 761541478 ns, Reaching safepoint: 41968 ns, At safepoint: 174602 ns, Total: 216570 ns
[2020-02-26T08:29:18.091+0000][1][gc,start     ] GC(21) Pause Young (Allocation Failure)
[2020-02-26T08:29:18.091+0000][1][gc,task      ] GC(21) Using 1 workers of 1 for evacuation
[2020-02-26T08:29:26.297+0000][1][gc,age       ] GC(21) Desired survivor size 4358144 bytes, new threshold 6 (max threshold 6)
[2020-02-26T08:29:26.297+0000][1][gc,age       ] GC(21) Age table with threshold 6 (max threshold 6)
[2020-02-26T08:29:26.297+0000][1][gc,age       ] GC(21) - age   1:    1278752 bytes,    1278752 total
[2020-02-26T08:29:26.297+0000][1][gc,heap      ] GC(21) ParNew: 76252K->7561K(76672K)
[2020-02-26T08:29:26.297+0000][1][gc,heap      ] GC(21) CMS: 38566K->45953K(963392K)
[2020-02-26T08:29:26.297+0000][1][gc,metaspace ] GC(21) Metaspace: 34222K->34222K(1081344K)
[2020-02-26T08:29:26.298+0000][1][gc           ] GC(21) Pause Young (Allocation Failure) 112M->52M(1015M) 8206.794ms
[2020-02-26T08:29:26.298+0000][1][gc,cpu       ] GC(21) User=0.08s Sys=0.03s Real=8.21s
[2020-02-26T08:29:26.298+0000][1][safepoint    ] Safepoint "GenCollectForAllocation", Time since last: 411403095 ns, Reaching safepoint: 65715 ns, At safepoint: 8206874239 ns, Total: 8206939954 ns
[2020-02-26T08:29:26.337+0000][1][safepoint    ] Safepoint "RevokeBias", Time since last: 32977087 ns, Reaching safepoint: 5987528 ns, At safepoint: 32125 ns, Total: 6019653 ns
[2020-02-26T08:29:26.359+0000][1][gc           ] GC(20) Concurrent Abortable Preclean 9310.455ms
[2020-02-26T08:29:26.359+0000][1][gc,cpu       ] GC(20) User=0.50s Sys=0.04s Real=9.31s
[2020-02-26T08:29:26.359+0000][1][safepoint    ] Safepoint "RevokeBias", Time since last: 16258832 ns, Reaching safepoint: 6382156 ns, At safepoint: 26118 ns, Total: 6408274 ns
[2020-02-26T08:29:26.360+0000][1][gc,start     ] GC(20) Pause Remark
[2020-02-26T08:29:26.607+0000][1][gc           ] GC(20) Pause Remark 74M->74M(1015M) 247.789ms
[2020-02-26T08:29:26.607+0000][1][gc,cpu       ] GC(20) User=0.03s Sys=0.00s Real=0.25s
[2020-02-26T08:29:26.607+0000][1][safepoint    ] Safepoint "CMS_Final_Remark", Time since last: 110041 ns, Reaching safepoint: 216059 ns, At safepoint: 247888117 ns, Total: 248104176 ns
[2020-02-26T08:29:26.617+0000][1][gc           ] GC(20) Concurrent Sweep
[2020-02-26T08:29:26.630+0000][1][safepoint    ] Safepoint "RevokeBias", Time since last: 15068950 ns, Reaching safepoint: 7676499 ns, At safepoint: 33491 ns, Total: 7709990 ns
[2020-02-26T08:29:26.631+0000][1][safepoint    ] Safepoint "RevokeBias", Time since last: 55875 ns, Reaching safepoint: 380046 ns, At safepoint: 60597 ns, Total: 440643 ns
[2020-02-26T08:29:26.632+0000][1][safepoint    ] Safepoint "RevokeBias", Time since last: 69266 ns, Reaching safepoint: 1074629 ns, At safepoint: 28012 ns, Total: 1102641 ns
[2020-02-26T08:29:26.649+0000][1][safepoint    ] Safepoint "RevokeBias", Time since last: 3552393 ns, Reaching safepoint: 13592293 ns, At safepoint: 42118 ns, Total: 13634411 ns
[2020-02-26T08:29:26.704+0000][1][gc           ] GC(20) Concurrent Sweep 86.930ms
[2020-02-26T08:29:26.704+0000][1][gc,cpu       ] GC(20) User=0.07s Sys=0.00s Real=0.08s
[2020-02-26T08:29:26.704+0000][1][gc           ] GC(20) Concurrent Reset
[2020-02-26T08:29:26.705+0000][1][gc           ] GC(20) Concurrent Reset 1.084ms
[2020-02-26T08:29:26.705+0000][1][gc,cpu       ] GC(20) User=0.00s Sys=0.00s Real=0.00s
[2020-02-26T08:29:26.705+0000][1][gc,heap      ] GC(20) Old: 38566K->45742K(963392K)
[2020-02-26T08:29:27.661+0000][1][safepoint    ] Safepoint "Cleanup", Time since last: 1004311029 ns, Reaching safepoint: 8050898 ns, At safepoint: 12014 ns, Total: 8062912 ns
[2020-02-26T08:29:28.674+0000][1][safepoint    ] Safepoint "Cleanup", Time since last: 1012506882 ns, Reaching safepoint: 74269 ns, At safepoint: 7981 ns, Total: 82250 ns
[2020-02-26T08:29:29.142+0000][1][safepoint    ] Safepoint "RevokeBias", Time since last: 467854616 ns, Reaching safepoint: 29753 ns, At safepoint: 15953 ns, Total: 45706 ns
[2020-02-26T08:29:29.151+0000][1][safepoint    ] Safepoint "RevokeBias", Time since last: 8694400 ns, Reaching safepoint: 23792 ns, At safepoint: 18190 ns, Total: 41982 ns
[2020-02-26T08:29:29.703+0000][1][gc,start     ] GC(22) Pause Young (Allocation Failure)
[2020-02-26T08:29:29.703+0000][1][gc,task      ] GC(22) Using 1 workers of 1 for evacuation
[2020-02-26T08:29:29.727+0000][1][gc,age       ] GC(22) Desired survivor size 4358144 bytes, new threshold 6 (max threshold 6)
[2020-02-26T08:29:29.727+0000][1][gc,age       ] GC(22) Age table with threshold 6 (max threshold 6)
[2020-02-26T08:29:29.727+0000][1][gc,age       ] GC(22) - age   1:    1581328 bytes,    1581328 total
[2020-02-26T08:29:29.727+0000][1][gc,age       ] GC(22) - age   2:    1211816 bytes,    2793144 total
[2020-02-26T08:29:29.727+0000][1][gc,heap      ] GC(22) ParNew: 75721K->4249K(76672K)
[2020-02-26T08:29:29.727+0000][1][gc,heap      ] GC(22) CMS: 45742K->45742K(963392K)
[2020-02-26T08:29:29.727+0000][1][gc,metaspace ] GC(22) Metaspace: 34742K->34742K(1081344K)
[2020-02-26T08:29:29.727+0000][1][gc           ] GC(22) Pause Young (Allocation Failure) 118M->48M(1015M) 23.938ms
[2020-02-26T08:29:29.727+0000][1][gc,cpu       ] GC(22) User=0.02s Sys=0.00s Real=0.03s
[2020-02-26T08:29:29.727+0000][1][safepoint    ] Safepoint "GenCollectForAllocation", Time since last: 551988050 ns, Reaching safepoint: 41559 ns, At safepoint: 24004696 ns, Total: 24046255 ns
[2020-02-26T08:29:29.729+0000][1][safepoint    ] Safepoint "RevokeBias", Time since last: 2314195 ns, Reaching safepoint: 22505 ns, At safepoint: 26345 ns, Total: 48850 ns
[2020-02-26T08:29:29.729+0000][1][safepoint    ] Safepoint "RevokeBias", Time since last: 87515 ns, Reaching safepoint: 31018 ns, At safepoint: 18532 ns, Total: 49550 ns
[2020-02-26T08:29:30.730+0000][1][safepoint    ] Safepoint "Cleanup", Time since last: 1001027509 ns, Reaching safepoint: 54960 ns, At safepoint: 8134 ns, Total: 63094 ns
[2020-02-26T08:29:32.731+0000][1][safepoint    ] Safepoint "Cleanup", Time since last: 2001035314 ns, Reaching safepoint: 49134 ns, At safepoint: 7992 ns, Total: 57126 ns
[2020-02-26T08:29:33.740+0000][1][safepoint    ] Safepoint "Cleanup", Time since last: 1008527881 ns, Reaching safepoint: 62813 ns, At safepoint: 8275 ns, Total: 71088 ns
[2020-02-26T08:29:34.742+0000][1][safepoint    ] Safepoint "Cleanup", Time since last: 1002197860 ns, Reaching safepoint: 77733 ns, At safepoint: 7764 ns, Total: 85497 ns
[2020-02-26T08:29:35.624+0000][1][safepoint    ] Safepoint "RevokeBias", Time since last: 881550450 ns, Reaching safepoint: 32483 ns, At safepoint: 59543 ns, Total: 92026 ns
[2020-02-26T08:29:35.701+0000][1][safepoint    ] Safepoint "Deoptimize", Time since last: 76625667 ns, Reaching safepoint: 28769 ns, At safepoint: 518450 ns, Total: 547219 ns
[2020-02-26T08:29:36.708+0000][1][safepoint    ] Safepoint "Cleanup", Time since last: 1006299911 ns, Reaching safepoint: 96973 ns, At safepoint: 9318 ns, Total: 106291 ns
[2020-02-26T08:29:37.738+0000][1][safepoint    ] Safepoint "Cleanup", Time since last: 1003799701 ns, Reaching safepoint: 26839937 ns, At safepoint: 11611 ns, Total: 26851548 ns
[2020-02-26T08:29:38.741+0000][1][safepoint    ] Safepoint "Cleanup", Time since last: 1003118242 ns, Reaching safepoint: 55940 ns, At safepoint: 8636 ns, Total: 64576 ns
[2020-02-26T08:29:39.748+0000][1][safepoint    ] Safepoint "Cleanup", Time since last: 1006296415 ns, Reaching safepoint: 98272 ns, At safepoint: 8098 ns, Total: 106370 ns
[2020-02-26T08:29:40.748+0000][1][safepoint    ] Safepoint "Cleanup", Time since last: 1000526112 ns, Reaching safepoint: 107050 ns, At safepoint: 7832 ns, Total: 114882 ns
[2020-02-26T08:29:41.751+0000][1][safepoint    ] Safepoint "Cleanup", Time since last: 1001951748 ns, Reaching safepoint: 141539 ns, At safepoint: 10103 ns, Total: 151642 ns
[2020-02-26T08:29:42.636+0000][1][safepoint    ] Safepoint "RevokeBias", Time since last: 885272716 ns, Reaching safepoint: 29703 ns, At safepoint: 29531 ns, Total: 59234 ns
[2020-02-26T08:29:42.637+0000][1][safepoint    ] Safepoint "RevokeBias", Time since last: 1574277 ns, Reaching safepoint: 24020 ns, At safepoint: 30662 ns, Total: 54682 ns
[2020-02-26T08:29:43.645+0000][1][safepoint    ] Safepoint "Cleanup", Time since last: 1001756998 ns, Reaching safepoint: 6148805 ns, At safepoint: 15198 ns, Total: 6164003 ns
[2020-02-26T08:29:45.648+0000][1][safepoint    ] Safepoint "Cleanup", Time since last: 2002057790 ns, Reaching safepoint: 52761 ns, At safepoint: 25889 ns, Total: 78650 ns
[2020-02-26T08:29:46.652+0000][1][safepoint    ] Safepoint "Cleanup", Time since last: 1003981146 ns, Reaching safepoint: 67682 ns, At safepoint: 31216 ns, Total: 98898 ns
[2020-02-26T08:29:46.833+0000][1][safepoint    ] Safepoint "RevokeBias", Time since last: 181123624 ns, Reaching safepoint: 29354 ns, At safepoint: 74790 ns, Total: 104144 ns
[2020-02-26T08:29:47.510+0000][1][safepoint    ] Safepoint "RevokeBias", Time since last: 676629763 ns, Reaching safepoint: 45373 ns, At safepoint: 51894 ns, Total: 97267 ns
[2020-02-26T08:29:47.510+0000][1][safepoint    ] Safepoint "RevokeBias", Time since last: 133229 ns, Reaching safepoint: 12936 ns, At safepoint: 30498 ns, Total: 43434 ns
[2020-02-26T08:29:47.510+0000][1][safepoint    ] Safepoint "RevokeBias", Time since last: 39235 ns, Reaching safepoint: 8345 ns, At safepoint: 26586 ns, Total: 34931 ns
[2020-02-26T08:29:47.510+0000][1][safepoint    ] Safepoint "RevokeBias", Time since last: 149732 ns, Reaching safepoint: 12684 ns, At safepoint: 25944 ns, Total: 38628 ns
[2020-02-26T08:29:47.510+0000][1][safepoint    ] Safepoint "RevokeBias", Time since last: 34156 ns, Reaching safepoint: 7972 ns, At safepoint: 21990 ns, Total: 29962 ns
[2020-02-26T08:29:47.510+0000][1][safepoint    ] Safepoint "RevokeBias", Time since last: 90064 ns, Reaching safepoint: 9625 ns, At safepoint: 22129 ns, Total: 31754 ns
[2020-02-26T08:29:47.510+0000][1][safepoint    ] Safepoint "RevokeBias", Time since last: 47159 ns, Reaching safepoint: 9266 ns, At safepoint: 21501 ns, Total: 30767 ns
[2020-02-26T08:29:47.510+0000][1][safepoint    ] Safepoint "RevokeBias", Time since last: 22520 ns, Reaching safepoint: 7489 ns, At safepoint: 20345 ns, Total: 27834 ns
[2020-02-26T08:29:47.510+0000][1][safepoint    ] Safepoint "RevokeBias", Time since last: 46334 ns, Reaching safepoint: 7901 ns, At safepoint: 21616 ns, Total: 29517 ns
[2020-02-26T08:29:47.511+0000][1][safepoint    ] Safepoint "RevokeBias", Time since last: 25910 ns, Reaching safepoint: 66471 ns, At safepoint: 45032 ns, Total: 111503 ns
[2020-02-26T08:29:47.511+0000][1][safepoint    ] Safepoint "RevokeBias", Time since last: 127331 ns, Reaching safepoint: 8955 ns, At safepoint: 23858 ns, Total: 32813 ns
[2020-02-26T08:29:47.511+0000][1][safepoint    ] Safepoint "RevokeBias", Time since last: 744709 ns, Reaching safepoint: 15739 ns, At safepoint: 29627 ns, Total: 45366 ns
[2020-02-26T08:29:47.512+0000][1][safepoint    ] Safepoint "RevokeBias", Time since last: 420670 ns, Reaching safepoint: 25080 ns, At safepoint: 43079 ns, Total: 68159 ns
[2020-02-26T08:29:47.512+0000][1][safepoint    ] Safepoint "RevokeBias", Time since last: 66639 ns, Reaching safepoint: 10016 ns, At safepoint: 23845 ns, Total: 33861 ns
[2020-02-26T08:29:47.977+0000][1][gc,start     ] GC(23) Pause Young (Allocation Failure)
[2020-02-26T08:29:47.977+0000][1][gc,task      ] GC(23) Using 1 workers of 1 for evacuation
[2020-02-26T08:29:48.011+0000][1][gc,age       ] GC(23) Desired survivor size 4358144 bytes, new threshold 2 (max threshold 6)
[2020-02-26T08:29:48.011+0000][1][gc,age       ] GC(23) Age table with threshold 2 (max threshold 6)
[2020-02-26T08:29:48.011+0000][1][gc,age       ] GC(23) - age   1:    3005160 bytes,    3005160 total
[2020-02-26T08:29:48.011+0000][1][gc,age       ] GC(23) - age   2:    1574832 bytes,    4579992 total
[2020-02-26T08:29:48.011+0000][1][gc,age       ] GC(23) - age   3:    1208920 bytes,    5788912 total
[2020-02-26T08:29:48.011+0000][1][gc,heap      ] GC(23) ParNew: 72409K->7730K(76672K)
[2020-02-26T08:29:48.011+0000][1][gc,heap      ] GC(23) CMS: 45742K->45742K(963392K)
[2020-02-26T08:29:48.011+0000][1][gc,metaspace ] GC(23) Metaspace: 44826K->44826K(1091584K)
[2020-02-26T08:29:48.011+0000][1][gc           ] GC(23) Pause Young (Allocation Failure) 115M->52M(1015M) 34.656ms
[2020-02-26T08:29:48.011+0000][1][gc,cpu       ] GC(23) User=0.03s Sys=0.00s Real=0.03s
[2020-02-26T08:29:48.011+0000][1][safepoint    ] Safepoint "GenCollectForAllocation", Time since last: 464459356 ns, Reaching safepoint: 68492 ns, At safepoint: 34703799 ns, Total: 34772291 ns
[2020-02-26T08:29:48.041+0000][1][safepoint    ] Safepoint "RevokeBias", Time since last: 23902606 ns, Reaching safepoint: 5927651 ns, At safepoint: 60039 ns, Total: 5987690 ns
[2020-02-26T08:29:48.044+0000][1][safepoint    ] Safepoint "RevokeBias", Time since last: 75885 ns, Reaching safepoint: 3081513 ns, At safepoint: 50185 ns, Total: 3131698 ns
[2020-02-26T08:29:48.052+0000][1][safepoint    ] Safepoint "BulkRevokeBias", Time since last: 3791112 ns, Reaching safepoint: 3897835 ns, At safepoint: 157457 ns, Total: 4055292 ns
[2020-02-26T08:29:48.056+0000][1][safepoint    ] Safepoint "BulkRevokeBias", Time since last: 156245 ns, Reaching safepoint: 3124817 ns, At safepoint: 91799 ns, Total: 3216616 ns
[2020-02-26T08:29:48.384+0000][1][safepoint    ] Safepoint "BulkRevokeBias", Time since last: 328037251 ns, Reaching safepoint: 57312 ns, At safepoint: 83682 ns, Total: 140994 ns
[2020-02-26T08:29:49.391+0000][1][safepoint    ] Safepoint "Cleanup", Time since last: 1007197026 ns, Reaching safepoint: 56623 ns, At safepoint: 9878 ns, Total: 66501 ns
[2020-02-26T08:29:50.170+0000][1][safepoint    ] Safepoint "Deoptimize", Time since last: 778419550 ns, Reaching safepoint: 58213 ns, At safepoint: 510992 ns, Total: 569205 ns
[2020-02-26T08:29:50.639+0000][1][safepoint    ] Safepoint "RevokeBias", Time since last: 469012424 ns, Reaching safepoint: 34913 ns, At safepoint: 63427 ns, Total: 98340 ns
[2020-02-26T08:29:51.639+0000][1][safepoint    ] Safepoint "Cleanup", Time since last: 1000242212 ns, Reaching safepoint: 47872 ns, At safepoint: 8632 ns, Total: 56504 ns
[2020-02-26T08:29:52.688+0000][1][safepoint    ] Safepoint "Cleanup", Time since last: 1000593793 ns, Reaching safepoint: 48057298 ns, At safepoint: 9474 ns, Total: 48066772 ns
[2020-02-26T08:29:53.688+0000][1][safepoint    ] Safepoint "Cleanup", Time since last: 1000173006 ns, Reaching safepoint: 87170 ns, At safepoint: 9791 ns, Total: 96961 ns
[2020-02-26T08:29:54.091+0000][1][safepoint    ] Safepoint "RevokeBias", Time since last: 402192192 ns, Reaching safepoint: 26171 ns, At safepoint: 26511 ns, Total: 52682 ns
[2020-02-26T08:29:54.172+0000][1][safepoint    ] Safepoint "RevokeBias", Time since last: 81294370 ns, Reaching safepoint: 179281 ns, At safepoint: 88585 ns, Total: 267866 ns
[2020-02-26T08:29:55.173+0000][1][safepoint    ] Safepoint "Cleanup", Time since last: 1000231660 ns, Reaching safepoint: 75513 ns, At safepoint: 9191 ns, Total: 84704 ns
[2020-02-26T08:29:56.173+0000][1][safepoint    ] Safepoint "Cleanup", Time since last: 1000228840 ns, Reaching safepoint: 141095 ns, At safepoint: 11259 ns, Total: 152354 ns
[2020-02-26T08:29:58.192+0000][1][safepoint    ] Safepoint "Cleanup", Time since last: 2008473027 ns, Reaching safepoint: 10677561 ns, At safepoint: 16020 ns, Total: 10693581 ns
[2020-02-26T08:29:58.193+0000][1][safepoint    ] Safepoint "RevokeBias", Time since last: 440633 ns, Reaching safepoint: 38361 ns, At safepoint: 48135 ns, Total: 86496 ns
[2020-02-26T08:29:58.237+0000][1][safepoint    ] Safepoint "RevokeBias", Time since last: 43979397 ns, Reaching safepoint: 30975 ns, At safepoint: 39375 ns, Total: 70350 ns
[2020-02-26T08:29:58.237+0000][1][safepoint    ] Safepoint "RevokeBias", Time since last: 61424 ns, Reaching safepoint: 11350 ns, At safepoint: 22047 ns, Total: 33397 ns
[2020-02-26T08:29:58.414+0000][1][safepoint    ] Safepoint "RevokeBias", Time since last: 177495945 ns, Reaching safepoint: 20933 ns, At safepoint: 29948 ns, Total: 50881 ns
[2020-02-26T08:29:59.133+0000][1][safepoint    ] Safepoint "RevokeBias", Time since last: 719001133 ns, Reaching safepoint: 36726 ns, At safepoint: 31677 ns, Total: 68403 ns
[2020-02-26T08:29:59.134+0000][1][safepoint    ] Safepoint "RevokeBias", Time since last: 501153 ns, Reaching safepoint: 21816 ns, At safepoint: 25212 ns, Total: 47028 ns
[2020-02-26T08:29:59.134+0000][1][safepoint    ] Safepoint "RevokeBias", Time since last: 39820 ns, Reaching safepoint: 15402 ns, At safepoint: 8852 ns, Total: 24254 ns
[2020-02-26T08:29:59.664+0000][1][safepoint    ] Safepoint "RevokeBias", Time since last: 530056538 ns, Reaching safepoint: 46790 ns, At safepoint: 50628 ns, Total: 97418 ns
[2020-02-26T08:29:59.664+0000][1][safepoint    ] Safepoint "RevokeBias", Time since last: 105811 ns, Reaching safepoint: 25491 ns, At safepoint: 65330 ns, Total: 90821 ns
[2020-02-26T08:29:59.664+0000][1][safepoint    ] Safepoint "RevokeBias", Time since last: 107017 ns, Reaching safepoint: 25885 ns, At safepoint: 36184 ns, Total: 62069 ns
[2020-02-26T08:29:59.725+0000][1][safepoint    ] Safepoint "RevokeBias", Time since last: 60503124 ns, Reaching safepoint: 44277 ns, At safepoint: 45949 ns, Total: 90226 ns
[2020-02-26T08:29:59.726+0000][1][safepoint    ] Safepoint "RevokeBias", Time since last: 944133 ns, Reaching safepoint: 34796 ns, At safepoint: 43250 ns, Total: 78046 ns
[2020-02-26T08:29:59.838+0000][1][safepoint    ] Safepoint "RevokeBias", Time since last: 111487789 ns, Reaching safepoint: 42279 ns, At safepoint: 47318 ns, Total: 89597 ns
[2020-02-26T08:29:59.839+0000][1][safepoint    ] Safepoint "RevokeBias", Time since last: 1373924 ns, Reaching safepoint: 35028 ns, At safepoint: 60285 ns, Total: 95313 ns
[2020-02-26T08:29:59.839+0000][1][safepoint    ] Safepoint "RevokeBias", Time since last: 136834 ns, Reaching safepoint: 24423 ns, At safepoint: 33900 ns, Total: 58323 ns
[2020-02-26T08:29:59.839+0000][1][safepoint    ] Safepoint "RevokeBias", Time since last: 32311 ns, Reaching safepoint: 19918 ns, At safepoint: 29337 ns, Total: 49255 ns
[2020-02-26T08:29:59.839+0000][1][safepoint    ] Safepoint "RevokeBias", Time since last: 28294 ns, Reaching safepoint: 19528 ns, At safepoint: 28391 ns, Total: 47919 ns
[2020-02-26T08:29:59.840+0000][1][safepoint    ] Safepoint "RevokeBias", Time since last: 25858 ns, Reaching safepoint: 19377 ns, At safepoint: 27867 ns, Total: 47244 ns
[2020-02-26T08:29:59.840+0000][1][safepoint    ] Safepoint "RevokeBias", Time since last: 25728 ns, Reaching safepoint: 19335 ns, At safepoint: 28149 ns, Total: 47484 ns
[2020-02-26T08:29:59.840+0000][1][safepoint    ] Safepoint "RevokeBias", Time since last: 25445 ns, Reaching safepoint: 19261 ns, At safepoint: 27937 ns, Total: 47198 ns
[2020-02-26T08:29:59.840+0000][1][safepoint    ] Safepoint "RevokeBias", Time since last: 25358 ns, Reaching safepoint: 19111 ns, At safepoint: 27934 ns, Total: 47045 ns
[2020-02-26T08:29:59.840+0000][1][safepoint    ] Safepoint "RevokeBias", Time since last: 101650 ns, Reaching safepoint: 59459 ns, At safepoint: 64358 ns, Total: 123817 ns
[2020-02-26T08:29:59.840+0000][1][safepoint    ] Safepoint "RevokeBias", Time since last: 27387 ns, Reaching safepoint: 18996 ns, At safepoint: 27291 ns, Total: 46287 ns
[2020-02-26T08:29:59.840+0000][1][safepoint    ] Safepoint "RevokeBias", Time since last: 40237 ns, Reaching safepoint: 19143 ns, At safepoint: 27254 ns, Total: 46397 ns
[2020-02-26T08:29:59.840+0000][1][safepoint    ] Safepoint "RevokeBias", Time since last: 28110 ns, Reaching safepoint: 18033 ns, At safepoint: 27037 ns, Total: 45070 ns
[2020-02-26T08:30:00.135+0000][1][safepoint    ] Safepoint "RevokeBias", Time since last: 294663115 ns, Reaching safepoint: 35116 ns, At safepoint: 14574 ns, Total: 49690 ns
[2020-02-26T08:30:00.175+0000][1][safepoint    ] Safepoint "RevokeBias", Time since last: 40392199 ns, Reaching safepoint: 41265 ns, At safepoint: 46246 ns, Total: 87511 ns
[2020-02-26T08:30:00.176+0000][1][safepoint    ] Safepoint "RevokeBias", Time since last: 89561 ns, Reaching safepoint: 24340 ns, At safepoint: 33064 ns, Total: 57404 ns
[2020-02-26T08:30:00.176+0000][1][safepoint    ] Safepoint "RevokeBias", Time since last: 49692 ns, Reaching safepoint: 21106 ns, At safepoint: 77535 ns, Total: 98641 ns
[2020-02-26T08:30:00.176+0000][1][safepoint    ] Safepoint "RevokeBias", Time since last: 61375 ns, Reaching safepoint: 25702 ns, At safepoint: 29862 ns, Total: 55564 ns
[2020-02-26T08:30:00.176+0000][1][safepoint    ] Safepoint "RevokeBias", Time since last: 25957 ns, Reaching safepoint: 19923 ns, At safepoint: 27559 ns, Total: 47482 ns
[2020-02-26T08:30:00.176+0000][1][safepoint    ] Safepoint "RevokeBias", Time since last: 25575 ns, Reaching safepoint: 19308 ns, At safepoint: 26475 ns, Total: 45783 ns
[2020-02-26T08:30:00.176+0000][1][safepoint    ] Safepoint "RevokeBias", Time since last: 24958 ns, Reaching safepoint: 19225 ns, At safepoint: 26612 ns, Total: 45837 ns
[2020-02-26T08:30:00.176+0000][1][safepoint    ] Safepoint "RevokeBias", Time since last: 24876 ns, Reaching safepoint: 19226 ns, At safepoint: 26383 ns, Total: 45609 ns
[2020-02-26T08:30:00.176+0000][1][safepoint    ] Safepoint "RevokeBias", Time since last: 24939 ns, Reaching safepoint: 19182 ns, At safepoint: 26512 ns, Total: 45694 ns
[2020-02-26T08:30:00.176+0000][1][safepoint    ] Safepoint "BulkRevokeBias", Time since last: 25074 ns, Reaching safepoint: 19087 ns, At safepoint: 85251 ns, Total: 104338 ns
[2020-02-26T08:30:00.177+0000][1][safepoint    ] Safepoint "RevokeBias", Time since last: 414623 ns, Reaching safepoint: 24349 ns, At safepoint: 75700 ns, Total: 100049 ns
[2020-02-26T08:30:00.177+0000][1][safepoint    ] Safepoint "RevokeBias", Time since last: 76560 ns, Reaching safepoint: 20076 ns, At safepoint: 28313 ns, Total: 48389 ns
[2020-02-26T08:30:00.177+0000][1][safepoint    ] Safepoint "RevokeBias", Time since last: 41591 ns, Reaching safepoint: 18894 ns, At safepoint: 27211 ns, Total: 46105 ns
[2020-02-26T08:30:00.177+0000][1][safepoint    ] Safepoint "RevokeBias", Time since last: 28654 ns, Reaching safepoint: 19509 ns, At safepoint: 26859 ns, Total: 46368 ns
[2020-02-26T08:30:00.222+0000][1][safepoint    ] Safepoint "RevokeBias", Time since last: 44868671 ns, Reaching safepoint: 44085 ns, At safepoint: 30113 ns, Total: 74198 ns
[2020-02-26T08:30:00.222+0000][1][safepoint    ] Safepoint "RevokeBias", Time since last: 82250 ns, Reaching safepoint: 23922 ns, At safepoint: 35526 ns, Total: 59448 ns
[2020-02-26T08:30:00.222+0000][1][safepoint    ] Safepoint "RevokeBias", Time since last: 37746 ns, Reaching safepoint: 21238 ns, At safepoint: 29434 ns, Total: 50672 ns
[2020-02-26T08:30:00.222+0000][1][safepoint    ] Safepoint "RevokeBias", Time since last: 126975 ns, Reaching safepoint: 21050 ns, At safepoint: 29479 ns, Total: 50529 ns
[2020-02-26T08:30:00.223+0000][1][safepoint    ] Safepoint "RevokeBias", Time since last: 49079 ns, Reaching safepoint: 170163 ns, At safepoint: 37127 ns, Total: 207290 ns
[2020-02-26T08:30:00.223+0000][1][safepoint    ] Safepoint "RevokeBias", Time since last: 294019 ns, Reaching safepoint: 24785 ns, At safepoint: 32385 ns, Total: 57170 ns
[2020-02-26T08:30:00.223+0000][1][safepoint    ] Safepoint "RevokeBias", Time since last: 34692 ns, Reaching safepoint: 20533 ns, At safepoint: 22146 ns, Total: 42679 ns
[2020-02-26T08:30:00.223+0000][1][safepoint    ] Safepoint "RevokeBias", Time since last: 26604 ns, Reaching safepoint: 20183 ns, At safepoint: 20424 ns, Total: 40607 ns
[2020-02-26T08:30:00.223+0000][1][safepoint    ] Safepoint "RevokeBias", Time since last: 25800 ns, Reaching safepoint: 19911 ns, At safepoint: 20375 ns, Total: 40286 ns
[2020-02-26T08:30:00.224+0000][1][safepoint    ] Safepoint "RevokeBias", Time since last: 27527 ns, Reaching safepoint: 131562 ns, At safepoint: 57718 ns, Total: 189280 ns
[2020-02-26T08:30:00.224+0000][1][safepoint    ] Safepoint "RevokeBias", Time since last: 53356 ns, Reaching safepoint: 26001 ns, At safepoint: 30206 ns, Total: 56207 ns
[2020-02-26T08:30:00.224+0000][1][safepoint    ] Safepoint "RevokeBias", Time since last: 46063 ns, Reaching safepoint: 26979 ns, At safepoint: 28514 ns, Total: 55493 ns
[2020-02-26T08:30:00.224+0000][1][safepoint    ] Safepoint "RevokeBias", Time since last: 45649 ns, Reaching safepoint: 20943 ns, At safepoint: 26727 ns, Total: 47670 ns
[2020-02-26T08:30:00.224+0000][1][safepoint    ] Safepoint "RevokeBias", Time since last: 41378 ns, Reaching safepoint: 21669 ns, At safepoint: 24693 ns, Total: 46362 ns
[2020-02-26T08:30:00.224+0000][1][safepoint    ] Safepoint "RevokeBias", Time since last: 37819 ns, Reaching safepoint: 19988 ns, At safepoint: 23920 ns, Total: 43908 ns
[2020-02-26T08:30:00.224+0000][1][safepoint    ] Safepoint "RevokeBias", Time since last: 34762 ns, Reaching safepoint: 18705 ns, At safepoint: 23045 ns, Total: 41750 ns
[2020-02-26T08:30:00.224+0000][1][safepoint    ] Safepoint "RevokeBias", Time since last: 34118 ns, Reaching safepoint: 18833 ns, At safepoint: 99941 ns, Total: 118774 ns
[2020-02-26T08:30:00.224+0000][1][safepoint    ] Safepoint "RevokeBias", Time since last: 39493 ns, Reaching safepoint: 15934 ns, At safepoint: 16603 ns, Total: 32537 ns
[2020-02-26T08:30:00.224+0000][1][safepoint    ] Safepoint "RevokeBias", Time since last: 21027 ns, Reaching safepoint: 9494 ns, At safepoint: 13437 ns, Total: 22931 ns
[2020-02-26T08:30:00.224+0000][1][safepoint    ] Safepoint "RevokeBias", Time since last: 21107 ns, Reaching safepoint: 9405 ns, At safepoint: 13241 ns, Total: 22646 ns
[2020-02-26T08:30:00.224+0000][1][safepoint    ] Safepoint "RevokeBias", Time since last: 20480 ns, Reaching safepoint: 9450 ns, At safepoint: 13170 ns, Total: 22620 ns
[2020-02-26T08:30:00.224+0000][1][safepoint    ] Safepoint "RevokeBias", Time since last: 20570 ns, Reaching safepoint: 9196 ns, At safepoint: 13066 ns, Total: 22262 ns
[2020-02-26T08:30:00.225+0000][1][safepoint    ] Safepoint "BulkRevokeBias", Time since last: 39216 ns, Reaching safepoint: 9661 ns, At safepoint: 194355 ns, Total: 204016 ns
[2020-02-26T08:30:00.225+0000][1][safepoint    ] Safepoint "RevokeBias", Time since last: 625808 ns, Reaching safepoint: 29303 ns, At safepoint: 38555 ns, Total: 67858 ns
[2020-02-26T08:30:00.226+0000][1][safepoint    ] Safepoint "RevokeBias", Time since last: 57802 ns, Reaching safepoint: 22321 ns, At safepoint: 31656 ns, Total: 53977 ns
[2020-02-26T08:30:00.226+0000][1][safepoint    ] Safepoint "RevokeBias", Time since last: 29189 ns, Reaching safepoint: 20578 ns, At safepoint: 37054 ns, Total: 57632 ns
[2020-02-26T08:30:00.226+0000][1][safepoint    ] Safepoint "RevokeBias", Time since last: 26334 ns, Reaching safepoint: 19957 ns, At safepoint: 27902 ns, Total: 47859 ns
[2020-02-26T08:30:00.226+0000][1][safepoint    ] Safepoint "RevokeBias", Time since last: 373996 ns, Reaching safepoint: 25239 ns, At safepoint: 32006 ns, Total: 57245 ns
[2020-02-26T08:30:00.226+0000][1][safepoint    ] Safepoint "RevokeBias", Time since last: 101805 ns, Reaching safepoint: 20893 ns, At safepoint: 28833 ns, Total: 49726 ns
[2020-02-26T08:30:00.227+0000][1][safepoint    ] Safepoint "RevokeBias", Time since last: 409098 ns, Reaching safepoint: 24596 ns, At safepoint: 33426 ns, Total: 58022 ns
[2020-02-26T08:30:00.227+0000][1][safepoint    ] Safepoint "RevokeBias", Time since last: 370661 ns, Reaching safepoint: 24208 ns, At safepoint: 31792 ns, Total: 56000 ns
[2020-02-26T08:30:00.227+0000][1][safepoint    ] Safepoint "RevokeBias", Time since last: 86211 ns, Reaching safepoint: 20330 ns, At safepoint: 30643 ns, Total: 50973 ns
[2020-02-26T08:30:00.228+0000][1][safepoint    ] Safepoint "RevokeBias", Time since last: 259027 ns, Reaching safepoint: 23627 ns, At safepoint: 31221 ns, Total: 54848 ns
[2020-02-26T08:30:00.228+0000][1][safepoint    ] Safepoint "RevokeBias", Time since last: 223246 ns, Reaching safepoint: 22946 ns, At safepoint: 10224 ns, Total: 33170 ns
[2020-02-26T08:30:00.238+0000][1][safepoint    ] Safepoint "RevokeBias", Time since last: 10436955 ns, Reaching safepoint: 63046 ns, At safepoint: 62339 ns, Total: 125385 ns
[2020-02-26T08:30:00.241+0000][1][safepoint    ] Safepoint "RevokeBias", Time since last: 2313134 ns, Reaching safepoint: 59617 ns, At safepoint: 97761 ns, Total: 157378 ns
[2020-02-26T08:30:00.263+0000][1][safepoint    ] Safepoint "RevokeBias", Time since last: 17779753 ns, Reaching safepoint: 4574553 ns, At safepoint: 47156 ns, Total: 4621709 ns
[2020-02-26T08:30:00.270+0000][1][safepoint    ] Safepoint "RevokeBias", Time since last: 78268 ns, Reaching safepoint: 6287166 ns, At safepoint: 74304 ns, Total: 6361470 ns
[2020-02-26T08:30:00.275+0000][1][safepoint    ] Safepoint "RevokeBias", Time since last: 106990 ns, Reaching safepoint: 5543526 ns, At safepoint: 56263 ns, Total: 5599789 ns
[2020-02-26T08:30:00.276+0000][1][safepoint    ] Safepoint "RevokeBias", Time since last: 221554 ns, Reaching safepoint: 212698 ns, At safepoint: 37019 ns, Total: 249717 ns
[2020-02-26T08:30:01.136+0000][1][safepoint    ] Safepoint "RevokeBias", Time since last: 860300664 ns, Reaching safepoint: 57110 ns, At safepoint: 16042 ns, Total: 73152 ns
[2020-02-26T08:30:02.137+0000][1][safepoint    ] Safepoint "Cleanup", Time since last: 1000406949 ns, Reaching safepoint: 62287 ns, At safepoint: 8954 ns, Total: 71241 ns
[2020-02-26T08:30:02.329+0000][1][safepoint    ] Safepoint "RevokeBias", Time since last: 94070870 ns, Reaching safepoint: 97981493 ns, At safepoint: 17724 ns, Total: 97999217 ns
[2020-02-26T08:30:02.644+0000][1][gc,start     ] GC(24) Pause Young (Allocation Failure)
[2020-02-26T08:30:02.644+0000][1][gc,task      ] GC(24) Using 1 workers of 1 for evacuation
[2020-02-26T08:30:03.170+0000][1][gc,age       ] GC(24) Desired survivor size 4358144 bytes, new threshold 2 (max threshold 6)
[2020-02-26T08:30:03.170+0000][1][gc,age       ] GC(24) Age table with threshold 2 (max threshold 6)
[2020-02-26T08:30:03.170+0000][1][gc,age       ] GC(24) - age   1:    2703192 bytes,    2703192 total
[2020-02-26T08:30:03.170+0000][1][gc,age       ] GC(24) - age   2:    2749056 bytes,    5452248 total
[2020-02-26T08:30:03.170+0000][1][gc,heap      ] GC(24) ParNew: 75890K->8512K(76672K)
[2020-02-26T08:30:03.170+0000][1][gc,heap      ] GC(24) CMS: 45742K->48518K(963392K)
[2020-02-26T08:30:03.170+0000][1][gc,metaspace ] GC(24) Metaspace: 49595K->49595K(1095680K)
[2020-02-26T08:30:03.170+0000][1][gc           ] GC(24) Pause Young (Allocation Failure) 118M->55M(1015M) 525.776ms
[2020-02-26T08:30:03.170+0000][1][gc,cpu       ] GC(24) User=0.08s Sys=0.02s Real=0.53s
[2020-02-26T08:30:03.170+0000][1][safepoint    ] Safepoint "GenCollectForAllocation", Time since last: 315301737 ns, Reaching safepoint: 49982 ns, At safepoint: 525826364 ns, Total: 525876346 ns
[2020-02-26T08:30:03.196+0000][1][safepoint    ] Safepoint "RevokeBias", Time since last: 25331609 ns, Reaching safepoint: 547458 ns, At safepoint: 55826 ns, Total: 603284 ns
[2020-02-26T08:30:03.201+0000][1][safepoint    ] Safepoint "RevokeBias", Time since last: 53698 ns, Reaching safepoint: 5226480 ns, At safepoint: 46917 ns, Total: 5273397 ns
[2020-02-26T08:30:03.207+0000][1][safepoint    ] Safepoint "RevokeBias", Time since last: 81601 ns, Reaching safepoint: 5971342 ns, At safepoint: 44938 ns, Total: 6016280 ns
[2020-02-26T08:30:03.214+0000][1][safepoint    ] Safepoint "RevokeBias", Time since last: 65035 ns, Reaching safepoint: 6326233 ns, At safepoint: 65764 ns, Total: 6391997 ns
[2020-02-26T08:30:03.229+0000][1][safepoint    ] Safepoint "RevokeBias", Time since last: 4864153 ns, Reaching safepoint: 10403732 ns, At safepoint: 72707 ns, Total: 10476439 ns
[2020-02-26T08:30:03.235+0000][1][safepoint    ] Safepoint "RevokeBias", Time since last: 84851 ns, Reaching safepoint: 5294860 ns, At safepoint: 67443 ns, Total: 5362303 ns
[2020-02-26T08:30:03.243+0000][1][safepoint    ] Safepoint "RevokeBias", Time since last: 2448151 ns, Reaching safepoint: 5526886 ns, At safepoint: 79792 ns, Total: 5606678 ns
[2020-02-26T08:30:03.248+0000][1][safepoint    ] Safepoint "RevokeBias", Time since last: 62733 ns, Reaching safepoint: 5422728 ns, At safepoint: 84404 ns, Total: 5507132 ns
[2020-02-26T08:30:03.339+0000][1][safepoint    ] Safepoint "RevokeBias", Time since last: 87742901 ns, Reaching safepoint: 2569825 ns, At safepoint: 34487 ns, Total: 2604312 ns
[2020-02-26T08:30:03.970+0000][1][safepoint    ] Safepoint "RevokeBias", Time since last: 631081795 ns, Reaching safepoint: 39873 ns, At safepoint: 15511 ns, Total: 55384 ns
[2020-02-26T08:30:03.970+0000][1][safepoint    ] Safepoint "RevokeBias", Time since last: 116464 ns, Reaching safepoint: 12461 ns, At safepoint: 7089 ns, Total: 19550 ns
[2020-02-26T08:30:03.970+0000][1][safepoint    ] Safepoint "RevokeBias", Time since last: 120787 ns, Reaching safepoint: 10052 ns, At safepoint: 5961 ns, Total: 16013 ns
[2020-02-26T08:30:04.519+0000][1][safepoint    ] Safepoint "RevokeBias", Time since last: 548456897 ns, Reaching safepoint: 364353 ns, At safepoint: 44926 ns, Total: 409279 ns
[2020-02-26T08:30:04.519+0000][1][safepoint    ] Safepoint "RevokeBias", Time since last: 73712 ns, Reaching safepoint: 28151 ns, At safepoint: 24660 ns, Total: 52811 ns
[2020-02-26T08:30:04.519+0000][1][safepoint    ] Safepoint "BulkRevokeBias", Time since last: 68359 ns, Reaching safepoint: 21119 ns, At safepoint: 120473 ns, Total: 141592 ns
[2020-02-26T08:30:04.519+0000][1][safepoint    ] Safepoint "RevokeBias", Time since last: 127312 ns, Reaching safepoint: 24234 ns, At safepoint: 25691 ns, Total: 49925 ns
[2020-02-26T08:30:04.822+0000][1][safepoint    ] Safepoint "RevokeBias", Time since last: 299041325 ns, Reaching safepoint: 3094446 ns, At safepoint: 41757 ns, Total: 3136203 ns
[2020-02-26T08:30:04.833+0000][1][safepoint    ] Safepoint "RevokeBias", Time since last: 107356 ns, Reaching safepoint: 10951181 ns, At safepoint: 33335 ns, Total: 10984516 ns
[2020-02-26T08:30:04.835+0000][1][safepoint    ] Safepoint "RevokeBias", Time since last: 59686 ns, Reaching safepoint: 2357825 ns, At safepoint: 34981 ns, Total: 2392806 ns
[2020-02-26T08:30:04.840+0000][1][safepoint    ] Safepoint "RevokeBias", Time since last: 113455 ns, Reaching safepoint: 4249053 ns, At safepoint: 35348 ns, Total: 4284401 ns
[2020-02-26T08:30:04.843+0000][1][safepoint    ] Safepoint "RevokeBias", Time since last: 164140 ns, Reaching safepoint: 2891373 ns, At safepoint: 36519 ns, Total: 2927892 ns
[2020-02-26T08:30:05.843+0000][1][safepoint    ] Safepoint "Cleanup", Time since last: 1000694345 ns, Reaching safepoint: 56873 ns, At safepoint: 7573 ns, Total: 64446 ns
[2020-02-26T08:30:06.844+0000][1][safepoint    ] Safepoint "Cleanup", Time since last: 1000555980 ns, Reaching safepoint: 60571 ns, At safepoint: 8612 ns, Total: 69183 ns
[2020-02-26T08:30:08.787+0000][1][safepoint    ] Safepoint "RevokeBias", Time since last: 1942601998 ns, Reaching safepoint: 46399 ns, At safepoint: 15016 ns, Total: 61415 ns
[2020-02-26T08:30:08.809+0000][1][safepoint    ] Safepoint "RevokeBias", Time since last: 22511611 ns, Reaching safepoint: 41031 ns, At safepoint: 14475 ns, Total: 55506 ns
[2020-02-26T08:30:09.814+0000][1][safepoint    ] Safepoint "Cleanup", Time since last: 1004325341 ns, Reaching safepoint: 410384 ns, At safepoint: 12611 ns, Total: 422995 ns
[2020-02-26T08:30:11.876+0000][1][safepoint    ] Safepoint "Cleanup", Time since last: 2000910488 ns, Reaching safepoint: 60873449 ns, At safepoint: 12918 ns, Total: 60886367 ns
[2020-02-26T08:30:12.502+0000][1][gc,start     ] GC(25) Pause Young (Allocation Failure)
[2020-02-26T08:30:12.502+0000][1][gc,task      ] GC(25) Using 1 workers of 1 for evacuation
[2020-02-26T08:30:12.645+0000][1][gc,age       ] GC(25) Desired survivor size 4358144 bytes, new threshold 6 (max threshold 6)
[2020-02-26T08:30:12.645+0000][1][gc,age       ] GC(25) Age table with threshold 6 (max threshold 6)
[2020-02-26T08:30:12.645+0000][1][gc,age       ] GC(25) - age   1:    1270816 bytes,    1270816 total
[2020-02-26T08:30:12.645+0000][1][gc,age       ] GC(25) - age   2:    2669144 bytes,    3939960 total
[2020-02-26T08:30:12.645+0000][1][gc,heap      ] GC(25) ParNew: 76667K->5214K(76672K)
[2020-02-26T08:30:12.645+0000][1][gc,heap      ] GC(25) CMS: 48518K->51286K(963392K)
[2020-02-26T08:30:12.645+0000][1][gc,metaspace ] GC(25) Metaspace: 55428K->55428K(1099776K)
[2020-02-26T08:30:12.645+0000][1][gc           ] GC(25) Pause Young (Allocation Failure) 122M->55M(1015M) 142.557ms
[2020-02-26T08:30:12.645+0000][1][gc,cpu       ] GC(25) User=0.04s Sys=0.03s Real=0.14s
[2020-02-26T08:30:12.645+0000][1][safepoint    ] Safepoint "GenCollectForAllocation", Time since last: 626487496 ns, Reaching safepoint: 103083 ns, At safepoint: 142715855 ns, Total: 142818938 ns
[2020-02-26T08:30:12.650+0000][1][safepoint    ] Safepoint "RevokeBias", Time since last: 4586392 ns, Reaching safepoint: 194889 ns, At safepoint: 39055 ns, Total: 233944 ns
[2020-02-26T08:30:12.651+0000][1][safepoint    ] Safepoint "RevokeBias", Time since last: 56777 ns, Reaching safepoint: 641403 ns, At safepoint: 43027 ns, Total: 684430 ns
[2020-02-26T08:30:12.651+0000][1][safepoint    ] Safepoint "RevokeBias", Time since last: 146636 ns, Reaching safepoint: 313145 ns, At safepoint: 46825 ns, Total: 359970 ns
[2020-02-26T08:30:12.652+0000][1][safepoint    ] Safepoint "RevokeBias", Time since last: 41928 ns, Reaching safepoint: 500769 ns, At safepoint: 36247 ns, Total: 537016 ns
[2020-02-26T08:30:12.652+0000][1][safepoint    ] Safepoint "RevokeBias", Time since last: 52251 ns, Reaching safepoint: 532051 ns, At safepoint: 34449 ns, Total: 566500 ns
[2020-02-26T08:30:12.653+0000][1][safepoint    ] Safepoint "RevokeBias", Time since last: 45032 ns, Reaching safepoint: 479023 ns, At safepoint: 31661 ns, Total: 510684 ns
[2020-02-26T08:30:12.654+0000][1][safepoint    ] Safepoint "RevokeBias", Time since last: 81275 ns, Reaching safepoint: 493672 ns, At safepoint: 58456 ns, Total: 552128 ns
[2020-02-26T08:30:12.654+0000][1][safepoint    ] Safepoint "RevokeBias", Time since last: 748176 ns, Reaching safepoint: 49923 ns, At safepoint: 38864 ns, Total: 88787 ns
[2020-02-26T08:30:12.682+0000][1][safepoint    ] Safepoint "BulkRevokeBias", Time since last: 27410140 ns, Reaching safepoint: 38002 ns, At safepoint: 83576 ns, Total: 121578 ns
[2020-02-26T08:30:13.018+0000][1][safepoint    ] Safepoint "RevokeBias", Time since last: 336026335 ns, Reaching safepoint: 136747 ns, At safepoint: 15798 ns, Total: 152545 ns
[2020-02-26T08:30:13.345+0000][1][safepoint    ] Safepoint "CollectForMetadataAllocation", Time since last: 327220545 ns, Reaching safepoint: 86714 ns, At safepoint: 116349 ns, Total: 203063 ns
[2020-02-26T08:30:13.416+0000][1][safepoint    ] Safepoint "CollectForMetadataAllocation", Time since last: 69914954 ns, Reaching safepoint: 86189 ns, At safepoint: 250403 ns, Total: 336592 ns
[2020-02-26T08:30:13.459+0000][1][safepoint    ] Safepoint "CollectForMetadataAllocation", Time since last: 43523429 ns, Reaching safepoint: 28184 ns, At safepoint: 116036 ns, Total: 144220 ns
[2020-02-26T08:30:13.560+0000][1][safepoint    ] Safepoint "CollectForMetadataAllocation", Time since last: 100438676 ns, Reaching safepoint: 57103 ns, At safepoint: 74848 ns, Total: 131951 ns
[2020-02-26T08:30:13.576+0000][1][safepoint    ] Safepoint "CollectForMetadataAllocation", Time since last: 1667369 ns, Reaching safepoint: 14758131 ns, At safepoint: 10802 ns, Total: 14768933 ns
[2020-02-26T08:30:13.653+0000][1][safepoint    ] Safepoint "CollectForMetadataAllocation", Time since last: 76820335 ns, Reaching safepoint: 70162 ns, At safepoint: 121866 ns, Total: 192028 ns
[2020-02-26T08:30:13.724+0000][1][safepoint    ] Safepoint "CollectForMetadataAllocation", Time since last: 69906042 ns, Reaching safepoint: 68799 ns, At safepoint: 122627 ns, Total: 191426 ns
[2020-02-26T08:30:13.839+0000][1][safepoint    ] Safepoint "CollectForMetadataAllocation", Time since last: 115510860 ns, Reaching safepoint: 32276 ns, At safepoint: 192928 ns, Total: 225204 ns
[2020-02-26T08:30:13.928+0000][1][safepoint    ] Safepoint "CollectForMetadataAllocation", Time since last: 88376165 ns, Reaching safepoint: 579950 ns, At safepoint: 117477 ns, Total: 697427 ns
[2020-02-26T08:30:13.959+0000][1][safepoint    ] Safepoint "CollectForMetadataAllocation", Time since last: 30659405 ns, Reaching safepoint: 27921 ns, At safepoint: 183360 ns, Total: 211281 ns
[2020-02-26T08:30:13.976+0000][1][safepoint    ] Safepoint "CollectForMetadataAllocation", Time since last: 16612855 ns, Reaching safepoint: 37226 ns, At safepoint: 172484 ns, Total: 209710 ns
[2020-02-26T08:30:14.035+0000][1][safepoint    ] Safepoint "CollectForMetadataAllocation", Time since last: 58918319 ns, Reaching safepoint: 132915 ns, At safepoint: 117728 ns, Total: 250643 ns
[2020-02-26T08:30:14.649+0000][1][gc,start     ] GC(26) Pause Initial Mark
[2020-02-26T08:30:14.688+0000][1][gc           ] GC(26) Pause Initial Mark 85M->85M(1015M) 38.471ms
[2020-02-26T08:30:14.688+0000][1][gc,cpu       ] GC(26) User=0.04s Sys=0.00s Real=0.04s
[2020-02-26T08:30:14.688+0000][1][safepoint    ] Safepoint "CMS_Initial_Mark", Time since last: 614011977 ns, Reaching safepoint: 58836 ns, At safepoint: 38563709 ns, Total: 38622545 ns
[2020-02-26T08:30:14.688+0000][1][gc           ] GC(26) Concurrent Mark
[2020-02-26T08:30:14.778+0000][1][gc           ] GC(26) Concurrent Mark 90.530ms
[2020-02-26T08:30:14.778+0000][1][gc,cpu       ] GC(26) User=0.08s Sys=0.01s Real=0.09s
[2020-02-26T08:30:14.778+0000][1][gc           ] GC(26) Concurrent Preclean
[2020-02-26T08:30:14.782+0000][1][gc           ] GC(26) Concurrent Preclean 3.184ms
[2020-02-26T08:30:14.782+0000][1][gc,cpu       ] GC(26) User=0.01s Sys=0.00s Real=0.00s
[2020-02-26T08:30:14.782+0000][1][gc           ] GC(26) Concurrent Abortable Preclean
[2020-02-26T08:30:15.536+0000][1][safepoint    ] Safepoint "CollectForMetadataAllocation", Time since last: 844653812 ns, Reaching safepoint: 3570281 ns, At safepoint: 223164 ns, Total: 3793445 ns
[2020-02-26T08:30:15.547+0000][1][safepoint    ] Safepoint "CollectForMetadataAllocation", Time since last: 11060352 ns, Reaching safepoint: 61197 ns, At safepoint: 7702 ns, Total: 68899 ns
[2020-02-26T08:30:16.087+0000][1][safepoint    ] Safepoint "CollectForMetadataAllocation", Time since last: 534751398 ns, Reaching safepoint: 4798419 ns, At safepoint: 152839 ns, Total: 4951258 ns
[2020-02-26T08:30:16.088+0000][1][safepoint    ] Safepoint "CollectForMetadataAllocation", Time since last: 511476 ns, Reaching safepoint: 28645 ns, At safepoint: 4429 ns, Total: 33074 ns
[2020-02-26T08:30:16.260+0000][1][safepoint    ] Safepoint "CollectForMetadataAllocation", Time since last: 171886596 ns, Reaching safepoint: 40105 ns, At safepoint: 129670 ns, Total: 169775 ns
[2020-02-26T08:30:16.382+0000][1][safepoint    ] Safepoint "Deoptimize", Time since last: 121094966 ns, Reaching safepoint: 66685 ns, At safepoint: 659354 ns, Total: 726039 ns
[2020-02-26T08:30:16.462+0000][1][safepoint    ] Safepoint "CollectForMetadataAllocation", Time since last: 79889841 ns, Reaching safepoint: 56055 ns, At safepoint: 132282 ns, Total: 188337 ns
[2020-02-26T08:30:16.530+0000][1][safepoint    ] Safepoint "RevokeBias", Time since last: 63884170 ns, Reaching safepoint: 4089369 ns, At safepoint: 24728 ns, Total: 4114097 ns
[2020-02-26T08:30:16.535+0000][1][safepoint    ] Safepoint "RevokeBias", Time since last: 3036170 ns, Reaching safepoint: 2810281 ns, At safepoint: 23789 ns, Total: 2834070 ns
[2020-02-26T08:30:16.536+0000][1][safepoint    ] Safepoint "RevokeBias", Time since last: 117188 ns, Reaching safepoint: 10313 ns, At safepoint: 14032 ns, Total: 24345 ns
[2020-02-26T08:30:16.538+0000][1][safepoint    ] Safepoint "RevokeBias", Time since last: 2003077 ns, Reaching safepoint: 16534 ns, At safepoint: 19683 ns, Total: 36217 ns
[2020-02-26T08:30:16.577+0000][1][safepoint    ] Safepoint "CollectForMetadataAllocation", Time since last: 38977050 ns, Reaching safepoint: 59286 ns, At safepoint: 126169 ns, Total: 185455 ns
[2020-02-26T08:30:16.722+0000][1][safepoint    ] Safepoint "CollectForMetadataAllocation", Time since last: 145152579 ns, Reaching safepoint: 48551 ns, At safepoint: 204623 ns, Total: 253174 ns
[2020-02-26T08:30:17.040+0000][1][safepoint    ] Safepoint "CollectForMetadataAllocation", Time since last: 317057936 ns, Reaching safepoint: 132867 ns, At safepoint: 325995 ns, Total: 458862 ns
[2020-02-26T08:30:17.201+0000][1][safepoint    ] Safepoint "CollectForMetadataAllocation", Time since last: 161277361 ns, Reaching safepoint: 193976 ns, At safepoint: 73705 ns, Total: 267681 ns
[2020-02-26T08:30:17.357+0000][1][safepoint    ] Safepoint "CollectForMetadataAllocation", Time since last: 155481667 ns, Reaching safepoint: 60303 ns, At safepoint: 121642 ns, Total: 181945 ns
[2020-02-26T08:30:17.455+0000][1][safepoint    ] Safepoint "Deoptimize", Time since last: 97370121 ns, Reaching safepoint: 54096 ns, At safepoint: 643571 ns, Total: 697667 ns
[2020-02-26T08:30:17.571+0000][1][safepoint    ] Safepoint "CollectForMetadataAllocation", Time since last: 115824050 ns, Reaching safepoint: 64394 ns, At safepoint: 76034 ns, Total: 140428 ns
[2020-02-26T08:30:17.749+0000][1][safepoint    ] Safepoint "CollectForMetadataAllocation", Time since last: 177864201 ns, Reaching safepoint: 49499 ns, At safepoint: 71220 ns, Total: 120719 ns
[2020-02-26T08:30:17.782+0000][1][gc,start     ] GC(27) Pause Young (Allocation Failure)
[2020-02-26T08:30:17.782+0000][1][gc,task      ] GC(27) Using 1 workers of 1 for evacuation
[2020-02-26T08:30:17.815+0000][1][gc,age       ] GC(27) Desired survivor size 4358144 bytes, new threshold 2 (max threshold 6)
[2020-02-26T08:30:17.815+0000][1][gc,age       ] GC(27) Age table with threshold 2 (max threshold 6)
[2020-02-26T08:30:17.815+0000][1][gc,age       ] GC(27) - age   1:    3766616 bytes,    3766616 total
[2020-02-26T08:30:17.815+0000][1][gc,age       ] GC(27) - age   2:    1120552 bytes,    4887168 total
[2020-02-26T08:30:17.815+0000][1][gc,age       ] GC(27) - age   3:    2637504 bytes,    7524672 total
[2020-02-26T08:30:17.815+0000][1][gc,heap      ] GC(27) ParNew: 73374K->8378K(76672K)
[2020-02-26T08:30:17.815+0000][1][gc,heap      ] GC(27) CMS: 51286K->51286K(963392K)
[2020-02-26T08:30:17.815+0000][1][gc,metaspace ] GC(27) Metaspace: 63523K->63523K(1107968K)
[2020-02-26T08:30:17.816+0000][1][gc           ] GC(27) Pause Young (Allocation Failure) 121M->58M(1015M) 33.856ms
[2020-02-26T08:30:17.816+0000][1][gc,cpu       ] GC(27) User=0.04s Sys=0.00s Real=0.03s
[2020-02-26T08:30:17.816+0000][1][safepoint    ] Safepoint "GenCollectForAllocation", Time since last: 24433279 ns, Reaching safepoint: 8233657 ns, At safepoint: 33906807 ns, Total: 42140464 ns
[2020-02-26T08:30:17.847+0000][1][safepoint    ] Safepoint "RevokeBias", Time since last: 23338767 ns, Reaching safepoint: 8145471 ns, At safepoint: 57746 ns, Total: 8203217 ns
[2020-02-26T08:30:17.864+0000][1][safepoint    ] Safepoint "RevokeBias", Time since last: 5418508 ns, Reaching safepoint: 11327991 ns, At safepoint: 32360 ns, Total: 11360351 ns
[2020-02-26T08:30:17.895+0000][1][safepoint    ] Safepoint "RevokeBias", Time since last: 7167511 ns, Reaching safepoint: 24060716 ns, At safepoint: 54567 ns, Total: 24115283 ns
[2020-02-26T08:30:17.913+0000][1][safepoint    ] Safepoint "RevokeBias", Time since last: 4225439 ns, Reaching safepoint: 13685614 ns, At safepoint: 56579 ns, Total: 13742193 ns
[2020-02-26T08:30:17.930+0000][1][safepoint    ] Safepoint "RevokeBias", Time since last: 5509699 ns, Reaching safepoint: 11307387 ns, At safepoint: 37603 ns, Total: 11344990 ns
[2020-02-26T08:30:17.952+0000][1][safepoint    ] Safepoint "RevokeBias", Time since last: 3678472 ns, Reaching safepoint: 17863381 ns, At safepoint: 74473 ns, Total: 17937854 ns
[2020-02-26T08:30:17.962+0000][1][safepoint    ] Safepoint "CollectForMetadataAllocation", Time since last: 10650252 ns, Reaching safepoint: 43017 ns, At safepoint: 190870 ns, Total: 233887 ns
[2020-02-26T08:30:18.113+0000][1][safepoint    ] Safepoint "CollectForMetadataAllocation", Time since last: 150089276 ns, Reaching safepoint: 82015 ns, At safepoint: 84140 ns, Total: 166155 ns
[2020-02-26T08:30:18.312+0000][1][safepoint    ] Safepoint "CollectForMetadataAllocation", Time since last: 196338171 ns, Reaching safepoint: 2524888 ns, At safepoint: 108661 ns, Total: 2633549 ns
[2020-02-26T08:30:18.375+0000][1][safepoint    ] Safepoint "CollectForMetadataAllocation", Time since last: 62778372 ns, Reaching safepoint: 239191 ns, At safepoint: 123515 ns, Total: 362706 ns
[2020-02-26T08:30:18.419+0000][1][safepoint    ] Safepoint "CollectForMetadataAllocation", Time since last: 44294712 ns, Reaching safepoint: 44908 ns, At safepoint: 175322 ns, Total: 220230 ns
[2020-02-26T08:30:18.505+0000][1][safepoint    ] Safepoint "CollectForMetadataAllocation", Time since last: 85115643 ns, Reaching safepoint: 30570 ns, At safepoint: 156098 ns, Total: 186668 ns
[2020-02-26T08:30:18.587+0000][1][safepoint    ] Safepoint "CollectForMetadataAllocation", Time since last: 82227795 ns, Reaching safepoint: 54018 ns, At safepoint: 112896 ns, Total: 166914 ns
[2020-02-26T08:30:18.670+0000][1][safepoint    ] Safepoint "CollectForMetadataAllocation", Time since last: 82402194 ns, Reaching safepoint: 42832 ns, At safepoint: 264731 ns, Total: 307563 ns
[2020-02-26T08:30:18.728+0000][1][safepoint    ] Safepoint "CollectForMetadataAllocation", Time since last: 58562831 ns, Reaching safepoint: 39205 ns, At safepoint: 69106 ns, Total: 108311 ns
[2020-02-26T08:30:18.918+0000][1][safepoint    ] Safepoint "CollectForMetadataAllocation", Time since last: 189811830 ns, Reaching safepoint: 50671 ns, At safepoint: 118685 ns, Total: 169356 ns
[2020-02-26T08:30:19.028+0000][1][safepoint    ] Safepoint "CollectForMetadataAllocation", Time since last: 109068218 ns, Reaching safepoint: 52741 ns, At safepoint: 210081 ns, Total: 262822 ns
[2020-02-26T08:30:19.028+0000][1][gc           ] GC(26) Concurrent Abortable Preclean 4245.988ms
[2020-02-26T08:30:19.028+0000][1][gc,cpu       ] GC(26) User=2.75s Sys=0.09s Real=4.25s
[2020-02-26T08:30:19.031+0000][1][gc,start     ] GC(26) Pause Remark
[2020-02-26T08:30:19.070+0000][1][gc           ] GC(26) Pause Remark 93M->93M(1015M) 39.699ms
[2020-02-26T08:30:19.070+0000][1][gc,cpu       ] GC(26) User=0.03s Sys=0.00s Real=0.04s
[2020-02-26T08:30:19.070+0000][1][safepoint    ] Safepoint "CMS_Final_Remark", Time since last: 2221696 ns, Reaching safepoint: 683024 ns, At safepoint: 39806150 ns, Total: 40489174 ns
[2020-02-26T08:30:19.074+0000][1][gc           ] GC(26) Concurrent Sweep
[2020-02-26T08:30:19.115+0000][1][gc           ] GC(26) Concurrent Sweep 41.322ms
[2020-02-26T08:30:19.115+0000][1][gc,cpu       ] GC(26) User=0.03s Sys=0.00s Real=0.04s
[2020-02-26T08:30:19.115+0000][1][gc           ] GC(26) Concurrent Reset
[2020-02-26T08:30:19.117+0000][1][gc           ] GC(26) Concurrent Reset 1.709ms
[2020-02-26T08:30:19.117+0000][1][gc,cpu       ] GC(26) User=0.00s Sys=0.00s Real=0.01s
[2020-02-26T08:30:19.117+0000][1][gc,heap      ] GC(26) Old: 51286K->51057K(963392K)
[2020-02-26T08:30:19.189+0000][1][safepoint    ] Safepoint "Deoptimize", Time since last: 117092910 ns, Reaching safepoint: 719687 ns, At safepoint: 426343 ns, Total: 1146030 ns
[2020-02-26T08:30:19.322+0000][1][safepoint    ] Safepoint "RevokeBias", Time since last: 133001679 ns, Reaching safepoint: 33413 ns, At safepoint: 23095 ns, Total: 56508 ns
[2020-02-26T08:30:19.322+0000][1][safepoint    ] Safepoint "RevokeBias", Time since last: 318664 ns, Reaching safepoint: 13876 ns, At safepoint: 16441 ns, Total: 30317 ns
[2020-02-26T08:30:19.338+0000][1][safepoint    ] Safepoint "RevokeBias", Time since last: 15520707 ns, Reaching safepoint: 36899 ns, At safepoint: 31539 ns, Total: 68438 ns
[2020-02-26T08:30:19.338+0000][1][safepoint    ] Safepoint "RevokeBias", Time since last: 527059 ns, Reaching safepoint: 31271 ns, At safepoint: 26038 ns, Total: 57309 ns
[2020-02-26T08:30:19.338+0000][1][safepoint    ] Safepoint "RevokeBias", Time since last: 46728 ns, Reaching safepoint: 25029 ns, At safepoint: 19663 ns, Total: 44692 ns
[2020-02-26T08:30:19.339+0000][1][safepoint    ] Safepoint "RevokeBias", Time since last: 433429 ns, Reaching safepoint: 43676 ns, At safepoint: 24096 ns, Total: 67772 ns
[2020-02-26T08:30:19.339+0000][1][safepoint    ] Safepoint "RevokeBias", Time since last: 152663 ns, Reaching safepoint: 26075 ns, At safepoint: 22002 ns, Total: 48077 ns
[2020-02-26T08:30:19.339+0000][1][safepoint    ] Safepoint "RevokeBias", Time since last: 32553 ns, Reaching safepoint: 23039 ns, At safepoint: 19369 ns, Total: 42408 ns
[2020-02-26T08:30:19.339+0000][1][safepoint    ] Safepoint "RevokeBias", Time since last: 35310 ns, Reaching safepoint: 23110 ns, At safepoint: 18952 ns, Total: 42062 ns
[2020-02-26T08:30:19.340+0000][1][safepoint    ] Safepoint "RevokeBias", Time since last: 491228 ns, Reaching safepoint: 27447 ns, At safepoint: 22355 ns, Total: 49802 ns
[2020-02-26T08:30:19.340+0000][1][safepoint    ] Safepoint "RevokeBias", Time since last: 318680 ns, Reaching safepoint: 23982 ns, At safepoint: 27775 ns, Total: 51757 ns
[2020-02-26T08:30:19.341+0000][1][safepoint    ] Safepoint "RevokeBias", Time since last: 1126002 ns, Reaching safepoint: 112581 ns, At safepoint: 49382 ns, Total: 161963 ns
[2020-02-26T08:30:19.342+0000][1][safepoint    ] Safepoint "RevokeBias", Time since last: 165530 ns, Reaching safepoint: 29018 ns, At safepoint: 22930 ns, Total: 51948 ns
[2020-02-26T08:30:19.373+0000][1][safepoint    ] Safepoint "Deoptimize", Time since last: 30913566 ns, Reaching safepoint: 75284 ns, At safepoint: 631760 ns, Total: 707044 ns
[2020-02-26T08:30:19.537+0000][1][safepoint    ] Safepoint "RevokeBias", Time since last: 163232940 ns, Reaching safepoint: 38568 ns, At safepoint: 17541 ns, Total: 56109 ns
[2020-02-26T08:30:19.606+0000][1][safepoint    ] Safepoint "RevokeBias", Time since last: 68993586 ns, Reaching safepoint: 35305 ns, At safepoint: 21756 ns, Total: 57061 ns
[2020-02-26T08:30:19.606+0000][1][safepoint    ] Safepoint "RevokeBias", Time since last: 148185 ns, Reaching safepoint: 23759 ns, At safepoint: 14465 ns, Total: 38224 ns
[2020-02-26T08:30:19.608+0000][1][safepoint    ] Safepoint "RevokeBias", Time since last: 1941851 ns, Reaching safepoint: 32920 ns, At safepoint: 18179 ns, Total: 51099 ns
[2020-02-26T08:30:19.608+0000][1][safepoint    ] Safepoint "RevokeBias", Time since last: 136076 ns, Reaching safepoint: 28243 ns, At safepoint: 13919 ns, Total: 42162 ns
[2020-02-26T08:30:19.608+0000][1][safepoint    ] Safepoint "RevokeBias", Time since last: 217613 ns, Reaching safepoint: 23912 ns, At safepoint: 13125 ns, Total: 37037 ns
[2020-02-26T08:30:19.608+0000][1][safepoint    ] Safepoint "RevokeBias", Time since last: 59244 ns, Reaching safepoint: 23836 ns, At safepoint: 12168 ns, Total: 36004 ns
[2020-02-26T08:30:19.608+0000][1][safepoint    ] Safepoint "RevokeBias", Time since last: 27640 ns, Reaching safepoint: 22389 ns, At safepoint: 11536 ns, Total: 33925 ns
[2020-02-26T08:30:19.608+0000][1][safepoint    ] Safepoint "RevokeBias", Time since last: 26395 ns, Reaching safepoint: 22542 ns, At safepoint: 14097 ns, Total: 36639 ns
[2020-02-26T08:30:19.609+0000][1][safepoint    ] Safepoint "RevokeBias", Time since last: 456620 ns, Reaching safepoint: 29352 ns, At safepoint: 14277 ns, Total: 43629 ns
[2020-02-26T08:30:19.609+0000][1][safepoint    ] Safepoint "RevokeBias", Time since last: 309764 ns, Reaching safepoint: 28004 ns, At safepoint: 15483 ns, Total: 43487 ns
[2020-02-26T08:30:19.609+0000][1][safepoint    ] Safepoint "RevokeBias", Time since last: 33571 ns, Reaching safepoint: 22892 ns, At safepoint: 12356 ns, Total: 35248 ns
[2020-02-26T08:30:19.609+0000][1][safepoint    ] Safepoint "RevokeBias", Time since last: 26881 ns, Reaching safepoint: 22774 ns, At safepoint: 11723 ns, Total: 34497 ns
[2020-02-26T08:30:19.610+0000][1][safepoint    ] Safepoint "RevokeBias", Time since last: 510265 ns, Reaching safepoint: 24651 ns, At safepoint: 14002 ns, Total: 38653 ns
[2020-02-26T08:30:19.619+0000][1][safepoint    ] Safepoint "RevokeBias", Time since last: 8663554 ns, Reaching safepoint: 521847 ns, At safepoint: 78273 ns, Total: 600120 ns
[2020-02-26T08:30:19.633+0000][1][safepoint    ] Safepoint "RevokeBias", Time since last: 13433825 ns, Reaching safepoint: 654044 ns, At safepoint: 29520 ns, Total: 683564 ns
[2020-02-26T08:30:19.683+0000][1][safepoint    ] Safepoint "RevokeBias", Time since last: 49150000 ns, Reaching safepoint: 183323 ns, At safepoint: 23346 ns, Total: 206669 ns
[2020-02-26T08:30:19.690+0000][1][safepoint    ] Safepoint "RevokeBias", Time since last: 7744575 ns, Reaching safepoint: 36287 ns, At safepoint: 20685 ns, Total: 56972 ns
[2020-02-26T08:30:19.695+0000][1][safepoint    ] Safepoint "RevokeBias", Time since last: 4304208 ns, Reaching safepoint: 37000 ns, At safepoint: 17891 ns, Total: 54891 ns
[2020-02-26T08:30:19.702+0000][1][safepoint    ] Safepoint "RevokeBias", Time since last: 7160380 ns, Reaching safepoint: 23286 ns, At safepoint: 17394 ns, Total: 40680 ns
[2020-02-26T08:30:19.702+0000][1][safepoint    ] Safepoint "RevokeBias", Time since last: 54286 ns, Reaching safepoint: 10091 ns, At safepoint: 9874 ns, Total: 19965 ns
[2020-02-26T08:30:19.702+0000][1][safepoint    ] Safepoint "RevokeBias", Time since last: 27300 ns, Reaching safepoint: 9477 ns, At safepoint: 7848 ns, Total: 17325 ns
[2020-02-26T08:30:19.735+0000][1][safepoint    ] Safepoint "RevokeBias", Time since last: 32929759 ns, Reaching safepoint: 31330 ns, At safepoint: 13131 ns, Total: 44461 ns
[2020-02-26T08:30:19.735+0000][1][safepoint    ] Safepoint "RevokeBias", Time since last: 71308 ns, Reaching safepoint: 10391 ns, At safepoint: 7555 ns, Total: 17946 ns
[2020-02-26T08:30:19.746+0000][1][safepoint    ] Safepoint "RevokeBias", Time since last: 11072107 ns, Reaching safepoint: 45671 ns, At safepoint: 20424 ns, Total: 66095 ns
[2020-02-26T08:30:19.769+0000][1][safepoint    ] Safepoint "RevokeBias", Time since last: 22411750 ns, Reaching safepoint: 559324 ns, At safepoint: 24452 ns, Total: 583776 ns
[2020-02-26T08:30:19.770+0000][1][safepoint    ] Safepoint "RevokeBias", Time since last: 403577 ns, Reaching safepoint: 235867 ns, At safepoint: 20787 ns, Total: 256654 ns
[2020-02-26T08:30:19.770+0000][1][safepoint    ] Safepoint "RevokeBias", Time since last: 131289 ns, Reaching safepoint: 74286 ns, At safepoint: 15931 ns, Total: 90217 ns
[2020-02-26T08:30:19.785+0000][1][safepoint    ] Safepoint "RevokeBias", Time since last: 14780784 ns, Reaching safepoint: 112661 ns, At safepoint: 21152 ns, Total: 133813 ns
[2020-02-26T08:30:19.791+0000][1][safepoint    ] Safepoint "RevokeBias", Time since last: 5314213 ns, Reaching safepoint: 100799 ns, At safepoint: 78852 ns, Total: 179651 ns
[2020-02-26T08:30:19.795+0000][1][safepoint    ] Safepoint "RevokeBias", Time since last: 4704212 ns, Reaching safepoint: 67936 ns, At safepoint: 19223 ns, Total: 87159 ns
[2020-02-26T08:30:19.807+0000][1][safepoint    ] Safepoint "RevokeBias", Time since last: 11609057 ns, Reaching safepoint: 33956 ns, At safepoint: 16640 ns, Total: 50596 ns
[2020-02-26T08:30:19.809+0000][1][safepoint    ] Safepoint "RevokeBias", Time since last: 1588268 ns, Reaching safepoint: 28200 ns, At safepoint: 14808 ns, Total: 43008 ns
[2020-02-26T08:30:19.809+0000][1][safepoint    ] Safepoint "RevokeBias", Time since last: 67880 ns, Reaching safepoint: 12577 ns, At safepoint: 9342 ns, Total: 21919 ns
[2020-02-26T08:30:19.810+0000][1][safepoint    ] Safepoint "RevokeBias", Time since last: 811120 ns, Reaching safepoint: 35606 ns, At safepoint: 16356 ns, Total: 51962 ns
[2020-02-26T08:30:19.810+0000][1][safepoint    ] Safepoint "RevokeBias", Time since last: 48870 ns, Reaching safepoint: 25485 ns, At safepoint: 12617 ns, Total: 38102 ns
[2020-02-26T08:30:19.810+0000][1][safepoint    ] Safepoint "RevokeBias", Time since last: 32260 ns, Reaching safepoint: 24495 ns, At safepoint: 11718 ns, Total: 36213 ns
[2020-02-26T08:30:19.810+0000][1][safepoint    ] Safepoint "RevokeBias", Time since last: 31154 ns, Reaching safepoint: 24141 ns, At safepoint: 11688 ns, Total: 35829 ns
[2020-02-26T08:30:19.810+0000][1][safepoint    ] Safepoint "RevokeBias", Time since last: 31261 ns, Reaching safepoint: 24171 ns, At safepoint: 11387 ns, Total: 35558 ns
[2020-02-26T08:30:19.810+0000][1][safepoint    ] Safepoint "RevokeBias", Time since last: 32731 ns, Reaching safepoint: 24249 ns, At safepoint: 11521 ns, Total: 35770 ns
[2020-02-26T08:30:19.810+0000][1][safepoint    ] Safepoint "RevokeBias", Time since last: 32322 ns, Reaching safepoint: 24206 ns, At safepoint: 11536 ns, Total: 35742 ns
[2020-02-26T08:30:19.810+0000][1][safepoint    ] Safepoint "RevokeBias", Time since last: 32538 ns, Reaching safepoint: 24058 ns, At safepoint: 11650 ns, Total: 35708 ns
[2020-02-26T08:30:19.836+0000][1][safepoint    ] Safepoint "RevokeBias", Time since last: 26154068 ns, Reaching safepoint: 27844 ns, At safepoint: 17457 ns, Total: 45301 ns
[2020-02-26T08:30:19.850+0000][1][safepoint    ] Safepoint "RevokeBias", Time since last: 13974464 ns, Reaching safepoint: 36579 ns, At safepoint: 20100 ns, Total: 56679 ns
[2020-02-26T08:30:19.856+0000][1][safepoint    ] Safepoint "RevokeBias", Time since last: 5871362 ns, Reaching safepoint: 28798 ns, At safepoint: 14760 ns, Total: 43558 ns
[2020-02-26T08:30:19.856+0000][1][safepoint    ] Safepoint "RevokeBias", Time since last: 80437 ns, Reaching safepoint: 18092 ns, At safepoint: 13148 ns, Total: 31240 ns
[2020-02-26T08:30:19.867+0000][1][safepoint    ] Safepoint "RevokeBias", Time since last: 10900081 ns, Reaching safepoint: 90142 ns, At safepoint: 22377 ns, Total: 112519 ns
[2020-02-26T08:30:19.923+0000][1][safepoint    ] Safepoint "BulkRevokeBias", Time since last: 55745656 ns, Reaching safepoint: 39092 ns, At safepoint: 161221 ns, Total: 200313 ns
[2020-02-26T08:30:19.997+0000][1][safepoint    ] Safepoint "RevokeBias", Time since last: 73615207 ns, Reaching safepoint: 53760 ns, At safepoint: 20214 ns, Total: 73974 ns
[2020-02-26T08:30:19.998+0000][1][safepoint    ] Safepoint "RevokeBias", Time since last: 457597 ns, Reaching safepoint: 34347 ns, At safepoint: 17672 ns, Total: 52019 ns
[2020-02-26T08:30:19.998+0000][1][safepoint    ] Safepoint "RevokeBias", Time since last: 225415 ns, Reaching safepoint: 28301 ns, At safepoint: 13945 ns, Total: 42246 ns
[2020-02-26T08:30:20.097+0000][1][safepoint    ] Safepoint "RevokeBias", Time since last: 98797555 ns, Reaching safepoint: 53976 ns, At safepoint: 19581 ns, Total: 73557 ns
[2020-02-26T08:30:20.110+0000][1][safepoint    ] Safepoint "RevokeBias", Time since last: 7292057 ns, Reaching safepoint: 6211747 ns, At safepoint: 25316 ns, Total: 6237063 ns
[2020-02-26T08:30:20.115+0000][1][safepoint    ] Safepoint "RevokeBias", Time since last: 71845 ns, Reaching safepoint: 4897074 ns, At safepoint: 26122 ns, Total: 4923196 ns
[2020-02-26T08:30:20.121+0000][1][safepoint    ] Safepoint "RevokeBias", Time since last: 5946174 ns, Reaching safepoint: 54048 ns, At safepoint: 19793 ns, Total: 73841 ns
[2020-02-26T08:30:20.121+0000][1][safepoint    ] Safepoint "RevokeBias", Time since last: 166265 ns, Reaching safepoint: 28665 ns, At safepoint: 13283 ns, Total: 41948 ns
[2020-02-26T08:30:20.122+0000][1][safepoint    ] Safepoint "RevokeBias", Time since last: 30451 ns, Reaching safepoint: 25389 ns, At safepoint: 11771 ns, Total: 37160 ns
[2020-02-26T08:30:20.122+0000][1][safepoint    ] Safepoint "RevokeBias", Time since last: 29087 ns, Reaching safepoint: 24674 ns, At safepoint: 11670 ns, Total: 36344 ns
[2020-02-26T08:30:20.122+0000][1][safepoint    ] Safepoint "RevokeBias", Time since last: 51117 ns, Reaching safepoint: 88817 ns, At safepoint: 15739 ns, Total: 104556 ns
[2020-02-26T08:30:20.194+0000][1][safepoint    ] Safepoint "RevokeBias", Time since last: 28730662 ns, Reaching safepoint: 43524244 ns, At safepoint: 34029 ns, Total: 43558273 ns
[2020-02-26T08:30:20.202+0000][1][safepoint    ] Safepoint "RevokeBias", Time since last: 7334554 ns, Reaching safepoint: 241477 ns, At safepoint: 24223 ns, Total: 265700 ns
[2020-02-26T08:30:20.207+0000][1][safepoint    ] Safepoint "RevokeBias", Time since last: 633735 ns, Reaching safepoint: 5013654 ns, At safepoint: 25554 ns, Total: 5039208 ns
[2020-02-26T08:30:20.213+0000][1][safepoint    ] Safepoint "RevokeBias", Time since last: 204610 ns, Reaching safepoint: 4877775 ns, At safepoint: 55052 ns, Total: 4932827 ns
[2020-02-26T08:30:20.237+0000][1][safepoint    ] Safepoint "RevokeBias", Time since last: 5058941 ns, Reaching safepoint: 19041856 ns, At safepoint: 36501 ns, Total: 19078357 ns
[2020-02-26T08:30:20.262+0000][1][safepoint    ] Safepoint "RevokeBias", Time since last: 25655300 ns, Reaching safepoint: 64730 ns, At safepoint: 59957 ns, Total: 124687 ns
[2020-02-26T08:30:20.263+0000][1][safepoint    ] Safepoint "RevokeBias", Time since last: 73970 ns, Reaching safepoint: 43844 ns, At safepoint: 132519 ns, Total: 176363 ns
[2020-02-26T08:30:20.263+0000][1][safepoint    ] Safepoint "RevokeBias", Time since last: 43414 ns, Reaching safepoint: 43554 ns, At safepoint: 42052 ns, Total: 85606 ns
[2020-02-26T08:30:20.263+0000][1][safepoint    ] Safepoint "RevokeBias", Time since last: 28534 ns, Reaching safepoint: 37115 ns, At safepoint: 39094 ns, Total: 76209 ns
[2020-02-26T08:30:20.263+0000][1][safepoint    ] Safepoint "RevokeBias", Time since last: 176910 ns, Reaching safepoint: 40472 ns, At safepoint: 40627 ns, Total: 81099 ns
[2020-02-26T08:30:20.279+0000][1][safepoint    ] Safepoint "RevokeBias", Time since last: 10004426 ns, Reaching safepoint: 5465925 ns, At safepoint: 59608 ns, Total: 5525533 ns
[2020-02-26T08:30:20.291+0000][1][safepoint    ] Safepoint "Deoptimize", Time since last: 3516016 ns, Reaching safepoint: 8340410 ns, At safepoint: 387142 ns, Total: 8727552 ns
[2020-02-26T08:30:20.328+0000][1][safepoint    ] Safepoint "RevokeBias", Time since last: 23466729 ns, Reaching safepoint: 13247308 ns, At safepoint: 39840 ns, Total: 13287148 ns
[2020-02-26T08:30:20.358+0000][1][safepoint    ] Safepoint "RevokeBias", Time since last: 30477990 ns, Reaching safepoint: 60731 ns, At safepoint: 26515 ns, Total: 87246 ns
[2020-02-26T08:30:20.359+0000][1][safepoint    ] Safepoint "RevokeBias", Time since last: 281346 ns, Reaching safepoint: 44095 ns, At safepoint: 21396 ns, Total: 65491 ns
[2020-02-26T08:30:20.368+0000][1][safepoint    ] Safepoint "RevokeBias", Time since last: 5929638 ns, Reaching safepoint: 2946577 ns, At safepoint: 39542 ns, Total: 2986119 ns
[2020-02-26T08:30:20.432+0000][1][safepoint    ] Safepoint "RevokeBias", Time since last: 17911071 ns, Reaching safepoint: 46633172 ns, At safepoint: 17602 ns, Total: 46650774 ns
[2020-02-26T08:30:20.433+0000][1][safepoint    ] Safepoint "RevokeBias", Time since last: 337894 ns, Reaching safepoint: 300032 ns, At safepoint: 13818 ns, Total: 313850 ns
[2020-02-26T08:30:20.445+0000][1][safepoint    ] Safepoint "RevokeBias", Time since last: 5719838 ns, Reaching safepoint: 6583228 ns, At safepoint: 13165 ns, Total: 6596393 ns
[2020-02-26T08:30:20.466+0000][1][safepoint    ] Safepoint "RevokeBias", Time since last: 20223514 ns, Reaching safepoint: 831822 ns, At safepoint: 10157 ns, Total: 841979 ns
[2020-02-26T08:30:20.476+0000][1][gc,start     ] GC(28) Pause Young (Allocation Failure)
[2020-02-26T08:30:20.476+0000][1][gc,task      ] GC(28) Using 1 workers of 1 for evacuation
[2020-02-26T08:30:20.684+0000][1][gc,age       ] GC(28) Desired survivor size 4358144 bytes, new threshold 2 (max threshold 6)
[2020-02-26T08:30:20.684+0000][1][gc,age       ] GC(28) Age table with threshold 2 (max threshold 6)
[2020-02-26T08:30:20.684+0000][1][gc,age       ] GC(28) - age   1:    2649600 bytes,    2649600 total
[2020-02-26T08:30:20.684+0000][1][gc,age       ] GC(28) - age   2:    3315968 bytes,    5965568 total
[2020-02-26T08:30:20.684+0000][1][gc,heap      ] GC(28) ParNew: 76538K->6558K(76672K)
[2020-02-26T08:30:20.684+0000][1][gc,heap      ] GC(28) CMS: 51057K->54742K(963392K)
[2020-02-26T08:30:20.684+0000][1][gc,metaspace ] GC(28) Metaspace: 69922K->69922K(1114112K)
[2020-02-26T08:30:20.684+0000][1][gc           ] GC(28) Pause Young (Allocation Failure) 124M->59M(1015M) 208.416ms
[2020-02-26T08:30:20.684+0000][1][gc,cpu       ] GC(28) User=0.10s Sys=0.03s Real=0.21s
[2020-02-26T08:30:20.684+0000][1][safepoint    ] Safepoint "GenCollectForAllocation", Time since last: 9714120 ns, Reaching safepoint: 63461 ns, At safepoint: 208472192 ns, Total: 208535653 ns
[2020-02-26T08:30:20.693+0000][1][safepoint    ] Safepoint "RevokeBias", Time since last: 8170508 ns, Reaching safepoint: 72331 ns, At safepoint: 11548 ns, Total: 83879 ns
[2020-02-26T08:30:20.693+0000][1][safepoint    ] Safepoint "RevokeBias", Time since last: 61674 ns, Reaching safepoint: 39629 ns, At safepoint: 4696 ns, Total: 44325 ns
[2020-02-26T08:30:20.693+0000][1][safepoint    ] Safepoint "RevokeBias", Time since last: 36240 ns, Reaching safepoint: 37474 ns, At safepoint: 4504 ns, Total: 41978 ns
[2020-02-26T08:30:20.693+0000][1][safepoint    ] Safepoint "RevokeBias", Time since last: 30892 ns, Reaching safepoint: 37490 ns, At safepoint: 4445 ns, Total: 41935 ns
[2020-02-26T08:30:20.693+0000][1][safepoint    ] Safepoint "RevokeBias", Time since last: 117355 ns, Reaching safepoint: 37337 ns, At safepoint: 4551 ns, Total: 41888 ns
[2020-02-26T08:30:20.693+0000][1][safepoint    ] Safepoint "RevokeBias", Time since last: 24643 ns, Reaching safepoint: 36833 ns, At safepoint: 27901 ns, Total: 64734 ns
[2020-02-26T08:30:20.693+0000][1][safepoint    ] Safepoint "RevokeBias", Time since last: 143751 ns, Reaching safepoint: 42310 ns, At safepoint: 5151 ns, Total: 47461 ns
[2020-02-26T08:30:20.693+0000][1][safepoint    ] Safepoint "RevokeBias", Time since last: 25105 ns, Reaching safepoint: 37189 ns, At safepoint: 4352 ns, Total: 41541 ns
[2020-02-26T08:30:20.693+0000][1][safepoint    ] Safepoint "RevokeBias", Time since last: 30750 ns, Reaching safepoint: 36962 ns, At safepoint: 4442 ns, Total: 41404 ns
[2020-02-26T08:30:20.693+0000][1][safepoint    ] Safepoint "RevokeBias", Time since last: 23462 ns, Reaching safepoint: 36571 ns, At safepoint: 4354 ns, Total: 40925 ns
[2020-02-26T08:30:20.748+0000][1][safepoint    ] Safepoint "RevokeBias", Time since last: 42419295 ns, Reaching safepoint: 12241077 ns, At safepoint: 15628 ns, Total: 12256705 ns
[2020-02-26T08:30:20.752+0000][1][safepoint    ] Safepoint "RevokeBias", Time since last: 1019620 ns, Reaching safepoint: 2837157 ns, At safepoint: 13145 ns, Total: 2850302 ns
[2020-02-26T08:30:20.769+0000][1][safepoint    ] Safepoint "RevokeBias", Time since last: 4045141 ns, Reaching safepoint: 12915916 ns, At safepoint: 13238 ns, Total: 12929154 ns
[2020-02-26T08:30:20.773+0000][1][safepoint    ] Safepoint "RevokeBias", Time since last: 3382282 ns, Reaching safepoint: 144668 ns, At safepoint: 10315 ns, Total: 154983 ns
[2020-02-26T08:30:20.855+0000][1][safepoint    ] Safepoint "RevokeBias", Time since last: 82317915 ns, Reaching safepoint: 68563 ns, At safepoint: 9468 ns, Total: 78031 ns
[2020-02-26T08:30:20.855+0000][1][safepoint    ] Safepoint "RevokeBias", Time since last: 431609 ns, Reaching safepoint: 45280 ns, At safepoint: 6595 ns, Total: 51875 ns
[2020-02-26T08:30:20.951+0000][1][safepoint    ] Safepoint "RevokeBias", Time since last: 95617982 ns, Reaching safepoint: 63382 ns, At safepoint: 25455 ns, Total: 88837 ns
[2020-02-26T08:30:20.965+0000][1][safepoint    ] Safepoint "RevokeBias", Time since last: 13500530 ns, Reaching safepoint: 39124 ns, At safepoint: 8361 ns, Total: 47485 ns
[2020-02-26T08:30:20.965+0000][1][safepoint    ] Safepoint "RevokeBias", Time since last: 57554 ns, Reaching safepoint: 20143 ns, At safepoint: 4183 ns, Total: 24326 ns
[2020-02-26T08:30:21.321+0000][1][safepoint    ] Safepoint "Deoptimize", Time since last: 355763266 ns, Reaching safepoint: 37809 ns, At safepoint: 613942 ns, Total: 651751 ns
[2020-02-26T08:30:21.559+0000][1][safepoint    ] Safepoint "RevokeBias", Time since last: 238029320 ns, Reaching safepoint: 56679 ns, At safepoint: 7443 ns, Total: 64122 ns
[2020-02-26T08:30:21.559+0000][1][safepoint    ] Safepoint "RevokeBias", Time since last: 64999 ns, Reaching safepoint: 18403 ns, At safepoint: 4354 ns, Total: 22757 ns
[2020-02-26T08:30:21.650+0000][1][safepoint    ] Safepoint "RevokeBias", Time since last: 91044741 ns, Reaching safepoint: 57849 ns, At safepoint: 9608 ns, Total: 67457 ns
[2020-02-26T08:30:21.651+0000][1][safepoint    ] Safepoint "RevokeBias", Time since last: 69765 ns, Reaching safepoint: 35789 ns, At safepoint: 4704 ns, Total: 40493 ns
[2020-02-26T08:30:21.651+0000][1][safepoint    ] Safepoint "RevokeBias", Time since last: 32778 ns, Reaching safepoint: 57127 ns, At safepoint: 38438 ns, Total: 95565 ns
[2020-02-26T08:30:21.651+0000][1][safepoint    ] Safepoint "RevokeBias", Time since last: 364179 ns, Reaching safepoint: 38613 ns, At safepoint: 5098 ns, Total: 43711 ns
[2020-02-26T08:30:21.710+0000][1][safepoint    ] Safepoint "RevokeBias", Time since last: 58555792 ns, Reaching safepoint: 41100 ns, At safepoint: 8316 ns, Total: 49416 ns
[2020-02-26T08:30:21.710+0000][1][safepoint    ] Safepoint "RevokeBias", Time since last: 85626 ns, Reaching safepoint: 19370 ns, At safepoint: 4609 ns, Total: 23979 ns
[2020-02-26T08:30:21.710+0000][1][safepoint    ] Safepoint "RevokeBias", Time since last: 25223 ns, Reaching safepoint: 13529 ns, At safepoint: 3748 ns, Total: 17277 ns
[2020-02-26T08:30:21.710+0000][1][safepoint    ] Safepoint "RevokeBias", Time since last: 22718 ns, Reaching safepoint: 13251 ns, At safepoint: 3661 ns, Total: 16912 ns
[2020-02-26T08:30:21.710+0000][1][safepoint    ] Safepoint "RevokeBias", Time since last: 125772 ns, Reaching safepoint: 16850 ns, At safepoint: 4563 ns, Total: 21413 ns
[2020-02-26T08:30:21.771+0000][1][safepoint    ] Safepoint "RevokeBias", Time since last: 51209737 ns, Reaching safepoint: 9518071 ns, At safepoint: 15777 ns, Total: 9533848 ns
[2020-02-26T08:30:21.777+0000][1][safepoint    ] Safepoint "RevokeBias", Time since last: 5743034 ns, Reaching safepoint: 56826 ns, At safepoint: 8279 ns, Total: 65105 ns
[2020-02-26T08:30:21.777+0000][1][safepoint    ] Safepoint "RevokeBias", Time since last: 54601 ns, Reaching safepoint: 33946 ns, At safepoint: 4818 ns, Total: 38764 ns
[2020-02-26T08:30:21.777+0000][1][safepoint    ] Safepoint "RevokeBias", Time since last: 26227 ns, Reaching safepoint: 31480 ns, At safepoint: 4286 ns, Total: 35766 ns
[2020-02-26T08:30:21.777+0000][1][safepoint    ] Safepoint "RevokeBias", Time since last: 25079 ns, Reaching safepoint: 31331 ns, At safepoint: 4290 ns, Total: 35621 ns
[2020-02-26T08:30:21.777+0000][1][safepoint    ] Safepoint "RevokeBias", Time since last: 23225 ns, Reaching safepoint: 31171 ns, At safepoint: 4236 ns, Total: 35407 ns
[2020-02-26T08:30:21.777+0000][1][safepoint    ] Safepoint "RevokeBias", Time since last: 24271 ns, Reaching safepoint: 31043 ns, At safepoint: 4302 ns, Total: 35345 ns
[2020-02-26T08:30:21.777+0000][1][safepoint    ] Safepoint "RevokeBias", Time since last: 81935 ns, Reaching safepoint: 105643 ns, At safepoint: 5296 ns, Total: 110939 ns
[2020-02-26T08:30:21.777+0000][1][safepoint    ] Safepoint "RevokeBias", Time since last: 31047 ns, Reaching safepoint: 31730 ns, At safepoint: 4294 ns, Total: 36024 ns
[2020-02-26T08:30:22.030+0000][1][safepoint    ] Safepoint "RevokeBias", Time since last: 252260894 ns, Reaching safepoint: 36319 ns, At safepoint: 9071 ns, Total: 45390 ns
[2020-02-26T08:30:22.030+0000][1][safepoint    ] Safepoint "RevokeBias", Time since last: 435574 ns, Reaching safepoint: 22520 ns, At safepoint: 6689 ns, Total: 29209 ns
[2020-02-26T08:30:22.105+0000][1][safepoint    ] Safepoint "RevokeBias", Time since last: 75316360 ns, Reaching safepoint: 85998 ns, At safepoint: 27131 ns, Total: 113129 ns
[2020-02-26T08:30:22.118+0000][1][safepoint    ] Safepoint "RevokeBias", Time since last: 12067969 ns, Reaching safepoint: 64076 ns, At safepoint: 11478 ns, Total: 75554 ns
[2020-02-26T08:30:22.118+0000][1][safepoint    ] Safepoint "BulkRevokeBias", Time since last: 74937 ns, Reaching safepoint: 26464 ns, At safepoint: 181661 ns, Total: 208125 ns
[2020-02-26T08:30:22.118+0000][1][safepoint    ] Safepoint "RevokeBias", Time since last: 41187 ns, Reaching safepoint: 25315 ns, At safepoint: 5596 ns, Total: 30911 ns
[2020-02-26T08:30:22.119+0000][1][safepoint    ] Safepoint "RevokeBias", Time since last: 994668 ns, Reaching safepoint: 29240 ns, At safepoint: 7196 ns, Total: 36436 ns
[2020-02-26T08:30:22.120+0000][1][safepoint    ] Safepoint "RevokeBias", Time since last: 1261605 ns, Reaching safepoint: 27137 ns, At safepoint: 7114 ns, Total: 34251 ns
[2020-02-26T08:30:22.130+0000][1][safepoint    ] Safepoint "RevokeBias", Time since last: 9601288 ns, Reaching safepoint: 81169 ns, At safepoint: 9474 ns, Total: 90643 ns
[2020-02-26T08:30:22.202+0000][1][safepoint    ] Safepoint "RevokeBias", Time since last: 71814333 ns, Reaching safepoint: 39667 ns, At safepoint: 8514 ns, Total: 48181 ns
[2020-02-26T08:30:22.202+0000][1][safepoint    ] Safepoint "RevokeBias", Time since last: 613784 ns, Reaching safepoint: 22753 ns, At safepoint: 6224 ns, Total: 28977 ns
[2020-02-26T08:30:22.353+0000][1][safepoint    ] Safepoint "RevokeBias", Time since last: 150086711 ns, Reaching safepoint: 31167 ns, At safepoint: 8080 ns, Total: 39247 ns
[2020-02-26T08:30:22.382+0000][1][safepoint    ] Safepoint "RevokeBias", Time since last: 27491681 ns, Reaching safepoint: 2096498 ns, At safepoint: 11204 ns, Total: 2107702 ns
[2020-02-26T08:30:22.399+0000][1][safepoint    ] Safepoint "RevokeBias", Time since last: 759361 ns, Reaching safepoint: 16134559 ns, At safepoint: 14880 ns, Total: 16149439 ns
[2020-02-26T08:30:22.456+0000][1][safepoint    ] Safepoint "RevokeBias", Time since last: 51873427 ns, Reaching safepoint: 4606809 ns, At safepoint: 19590 ns, Total: 4626399 ns
[2020-02-26T08:30:22.474+0000][1][safepoint    ] Safepoint "BulkRevokeBias", Time since last: 646664 ns, Reaching safepoint: 17203716 ns, At safepoint: 209389 ns, Total: 17413105 ns
[2020-02-26T08:30:22.479+0000][1][safepoint    ] Safepoint "RevokeBias", Time since last: 5231318 ns, Reaching safepoint: 64000 ns, At safepoint: 9314 ns, Total: 73314 ns
[2020-02-26T08:30:22.479+0000][1][safepoint    ] Safepoint "RevokeBias", Time since last: 58415 ns, Reaching safepoint: 40607 ns, At safepoint: 4648 ns, Total: 45255 ns
[2020-02-26T08:30:22.513+0000][1][safepoint    ] Safepoint "RevokeBias", Time since last: 33912570 ns, Reaching safepoint: 131400 ns, At safepoint: 20073 ns, Total: 151473 ns
[2020-02-26T08:30:22.513+0000][1][safepoint    ] Safepoint "BulkRevokeBias", Time since last: 76077 ns, Reaching safepoint: 52640 ns, At safepoint: 218537 ns, Total: 271177 ns
[2020-02-26T08:30:22.606+0000][1][safepoint    ] Safepoint "RevokeBias", Time since last: 92729921 ns, Reaching safepoint: 174691 ns, At safepoint: 12764 ns, Total: 187455 ns
[2020-02-26T08:30:22.620+0000][1][safepoint    ] Safepoint "RevokeBias", Time since last: 13328165 ns, Reaching safepoint: 224706 ns, At safepoint: 29884 ns, Total: 254590 ns
[2020-02-26T08:30:22.621+0000][1][safepoint    ] Safepoint "RevokeBias", Time since last: 913541 ns, Reaching safepoint: 35149 ns, At safepoint: 7129 ns, Total: 42278 ns
[2020-02-26T08:30:22.650+0000][1][safepoint    ] Safepoint "RevokeBias", Time since last: 28694732 ns, Reaching safepoint: 49471 ns, At safepoint: 8644 ns, Total: 58115 ns
[2020-02-26T08:30:22.842+0000][1][safepoint    ] Safepoint "RevokeBias", Time since last: 192344790 ns, Reaching safepoint: 81173 ns, At safepoint: 10303 ns, Total: 91476 ns
[2020-02-26T08:30:23.049+0000][1][safepoint    ] Safepoint "RevokeBias", Time since last: 206652467 ns, Reaching safepoint: 293441 ns, At safepoint: 40277 ns, Total: 333718 ns
[2020-02-26T08:30:23.102+0000][1][safepoint    ] Safepoint "RevokeBias", Time since last: 53253271 ns, Reaching safepoint: 127789 ns, At safepoint: 9230 ns, Total: 137019 ns
[2020-02-26T08:30:23.107+0000][1][safepoint    ] Safepoint "RevokeBias", Time since last: 3764653 ns, Reaching safepoint: 642945 ns, At safepoint: 17052 ns, Total: 659997 ns
[2020-02-26T08:30:23.108+0000][1][safepoint    ] Safepoint "RevokeBias", Time since last: 566654 ns, Reaching safepoint: 154776 ns, At safepoint: 31113 ns, Total: 185889 ns
[2020-02-26T08:30:23.108+0000][1][safepoint    ] Safepoint "RevokeBias", Time since last: 45258 ns, Reaching safepoint: 145228 ns, At safepoint: 24117 ns, Total: 169345 ns
[2020-02-26T08:30:23.108+0000][1][safepoint    ] Safepoint "RevokeBias", Time since last: 36940 ns, Reaching safepoint: 75802 ns, At safepoint: 20083 ns, Total: 95885 ns
[2020-02-26T08:30:23.110+0000][1][safepoint    ] Safepoint "RevokeBias", Time since last: 1464403 ns, Reaching safepoint: 169482 ns, At safepoint: 28389 ns, Total: 197871 ns
[2020-02-26T08:30:23.110+0000][1][safepoint    ] Safepoint "RevokeBias", Time since last: 44786 ns, Reaching safepoint: 90465 ns, At safepoint: 25707 ns, Total: 116172 ns
[2020-02-26T08:30:23.110+0000][1][safepoint    ] Safepoint "RevokeBias", Time since last: 315798 ns, Reaching safepoint: 112924 ns, At safepoint: 26571 ns, Total: 139495 ns
[2020-02-26T08:30:23.114+0000][1][safepoint    ] Safepoint "RevokeBias", Time since last: 3231778 ns, Reaching safepoint: 217856 ns, At safepoint: 35171 ns, Total: 253027 ns
[2020-02-26T08:30:23.126+0000][1][safepoint    ] Safepoint "RevokeBias", Time since last: 8382826 ns, Reaching safepoint: 3425568 ns, At safepoint: 37902 ns, Total: 3463470 ns
[2020-02-26T08:30:23.127+0000][1][safepoint    ] Safepoint "RevokeBias", Time since last: 910300 ns, Reaching safepoint: 187617 ns, At safepoint: 30700 ns, Total: 218317 ns
[2020-02-26T08:30:23.146+0000][1][safepoint    ] Safepoint "RevokeBias", Time since last: 15154567 ns, Reaching safepoint: 3824833 ns, At safepoint: 21664 ns, Total: 3846497 ns
[2020-02-26T08:30:23.175+0000][1][safepoint    ] Safepoint "RevokeBias", Time since last: 27303218 ns, Reaching safepoint: 2408966 ns, At safepoint: 31543 ns, Total: 2440509 ns
[2020-02-26T08:30:23.182+0000][1][safepoint    ] Safepoint "RevokeBias", Time since last: 6193669 ns, Reaching safepoint: 384654 ns, At safepoint: 12379 ns, Total: 397033 ns
[2020-02-26T08:30:23.183+0000][1][safepoint    ] Safepoint "RevokeBias", Time since last: 352408 ns, Reaching safepoint: 311169 ns, At safepoint: 9679 ns, Total: 320848 ns
[2020-02-26T08:30:23.187+0000][1][safepoint    ] Safepoint "RevokeBias", Time since last: 3581717 ns, Reaching safepoint: 175981 ns, At safepoint: 69051 ns, Total: 245032 ns
[2020-02-26T08:30:23.227+0000][1][safepoint    ] Safepoint "RevokeBias", Time since last: 37665322 ns, Reaching safepoint: 2770782 ns, At safepoint: 12586 ns, Total: 2783368 ns
[2020-02-26T08:30:23.396+0000][1][safepoint    ] Safepoint "RevokeBias", Time since last: 168430535 ns, Reaching safepoint: 43416 ns, At safepoint: 14648 ns, Total: 58064 ns
[2020-02-26T08:30:23.396+0000][1][safepoint    ] Safepoint "RevokeBias", Time since last: 530130 ns, Reaching safepoint: 24881 ns, At safepoint: 11628 ns, Total: 36509 ns
[2020-02-26T08:30:23.661+0000][1][safepoint    ] Safepoint "RevokeBias", Time since last: 207093498 ns, Reaching safepoint: 58296997 ns, At safepoint: 22558 ns, Total: 58319555 ns
[2020-02-26T08:30:23.805+0000][1][safepoint    ] Safepoint "Deoptimize", Time since last: 142757757 ns, Reaching safepoint: 126629 ns, At safepoint: 754705 ns, Total: 881334 ns
[2020-02-26T08:30:23.830+0000][1][safepoint    ] Safepoint "RevokeBias", Time since last: 24572383 ns, Reaching safepoint: 41883 ns, At safepoint: 9348 ns, Total: 51231 ns
[2020-02-26T08:30:23.832+0000][1][safepoint    ] Safepoint "RevokeBias", Time since last: 1846726 ns, Reaching safepoint: 128473 ns, At safepoint: 10805 ns, Total: 139278 ns
[2020-02-26T08:30:23.900+0000][1][safepoint    ] Safepoint "RevokeBias", Time since last: 67151846 ns, Reaching safepoint: 787837 ns, At safepoint: 20391 ns, Total: 808228 ns
[2020-02-26T08:30:23.983+0000][1][safepoint    ] Safepoint "RevokeBias", Time since last: 83238978 ns, Reaching safepoint: 192947 ns, At safepoint: 40046 ns, Total: 232993 ns
[2020-02-26T08:30:23.987+0000][1][safepoint    ] Safepoint "RevokeBias", Time since last: 3029992 ns, Reaching safepoint: 414223 ns, At safepoint: 46333 ns, Total: 460556 ns
[2020-02-26T08:30:24.679+0000][1][safepoint    ] Safepoint "RevokeBias", Time since last: 692336491 ns, Reaching safepoint: 297667 ns, At safepoint: 20278 ns, Total: 317945 ns
[2020-02-26T08:30:24.679+0000][1][safepoint    ] Safepoint "RevokeBias", Time since last: 69932 ns, Reaching safepoint: 38210 ns, At safepoint: 10786 ns, Total: 48996 ns
[2020-02-26T08:30:24.791+0000][1][safepoint    ] Safepoint "RevokeBias", Time since last: 111031488 ns, Reaching safepoint: 59028 ns, At safepoint: 9212 ns, Total: 68240 ns
[2020-02-26T08:30:24.797+0000][1][safepoint    ] Safepoint "RevokeBias", Time since last: 6122313 ns, Reaching safepoint: 53317 ns, At safepoint: 15690 ns, Total: 69007 ns
[2020-02-26T08:30:24.815+0000][1][safepoint    ] Safepoint "RevokeBias", Time since last: 18371881 ns, Reaching safepoint: 62770 ns, At safepoint: 15354 ns, Total: 78124 ns
[2020-02-26T08:30:25.681+0000][1][safepoint    ] Safepoint "RevokeBias", Time since last: 866112463 ns, Reaching safepoint: 55530 ns, At safepoint: 15919 ns, Total: 71449 ns
[2020-02-26T08:30:25.681+0000][1][safepoint    ] Safepoint "RevokeBias", Time since last: 89592 ns, Reaching safepoint: 33990 ns, At safepoint: 10434 ns, Total: 44424 ns
[2020-02-26T08:30:26.118+0000][1][safepoint    ] Safepoint "RevokeBias", Time since last: 436376431 ns, Reaching safepoint: 58236 ns, At safepoint: 17528 ns, Total: 75764 ns
[2020-02-26T08:30:27.122+0000][1][safepoint    ] Safepoint "Cleanup", Time since last: 1003526668 ns, Reaching safepoint: 67753 ns, At safepoint: 8231 ns, Total: 75984 ns
[2020-02-26T08:30:27.654+0000][1][safepoint    ] Safepoint "RevokeBias", Time since last: 532712342 ns, Reaching safepoint: 38344 ns, At safepoint: 15314 ns, Total: 53658 ns
[2020-02-26T08:30:28.639+0000][1][safepoint    ] Safepoint "RevokeBias", Time since last: 984560263 ns, Reaching safepoint: 104072 ns, At safepoint: 18061 ns, Total: 122133 ns
[2020-02-26T08:30:31.152+0000][1][safepoint    ] Safepoint "RevokeBias", Time since last: 2512699925 ns, Reaching safepoint: 35724 ns, At safepoint: 15938 ns, Total: 51662 ns
[2020-02-26T08:30:32.152+0000][1][safepoint    ] Safepoint "Cleanup", Time since last: 1000214941 ns, Reaching safepoint: 78857 ns, At safepoint: 10265 ns, Total: 89122 ns
[2020-02-26T08:30:33.155+0000][1][safepoint    ] Safepoint "Cleanup", Time since last: 1002916765 ns, Reaching safepoint: 71861 ns, At safepoint: 8278 ns, Total: 80139 ns
[2020-02-26T08:30:33.665+0000][1][safepoint    ] Safepoint "RevokeBias", Time since last: 510149347 ns, Reaching safepoint: 63574 ns, At safepoint: 17945 ns, Total: 81519 ns
[2020-02-26T08:30:33.822+0000][1][gc,start     ] GC(29) Pause Young (Allocation Failure)
[2020-02-26T08:30:33.822+0000][1][gc,task      ] GC(29) Using 1 workers of 1 for evacuation
[2020-02-26T08:30:33.947+0000][1][gc,age       ] GC(29) Desired survivor size 4358144 bytes, new threshold 6 (max threshold 6)
[2020-02-26T08:30:33.947+0000][1][gc,age       ] GC(29) Age table with threshold 6 (max threshold 6)
[2020-02-26T08:30:33.947+0000][1][gc,age       ] GC(29) - age   1:    1797912 bytes,    1797912 total
[2020-02-26T08:30:33.947+0000][1][gc,age       ] GC(29) - age   2:    2403760 bytes,    4201672 total
[2020-02-26T08:30:33.947+0000][1][gc,heap      ] GC(29) ParNew: 74718K->6008K(76672K)
[2020-02-26T08:30:33.947+0000][1][gc,heap      ] GC(29) CMS: 54742K->58095K(963392K)
[2020-02-26T08:30:33.947+0000][1][gc,metaspace ] GC(29) Metaspace: 76795K->76795K(1120256K)
[2020-02-26T08:30:33.947+0000][1][gc           ] GC(29) Pause Young (Allocation Failure) 126M->62M(1015M) 125.214ms
[2020-02-26T08:30:33.947+0000][1][gc,cpu       ] GC(29) User=0.03s Sys=0.04s Real=0.13s
[2020-02-26T08:30:33.947+0000][1][safepoint    ] Safepoint "GenCollectForAllocation", Time since last: 156226679 ns, Reaching safepoint: 60703 ns, At safepoint: 125333480 ns, Total: 125394183 ns
[2020-02-26T08:30:33.949+0000][1][safepoint    ] Safepoint "RevokeBias", Time since last: 2101393 ns, Reaching safepoint: 34874 ns, At safepoint: 13876 ns, Total: 48750 ns
[2020-02-26T08:30:33.949+0000][1][safepoint    ] Safepoint "RevokeBias", Time since last: 66611 ns, Reaching safepoint: 13139 ns, At safepoint: 7273 ns, Total: 20412 ns
[2020-02-26T08:30:33.949+0000][1][safepoint    ] Safepoint "RevokeBias", Time since last: 20973 ns, Reaching safepoint: 11694 ns, At safepoint: 6110 ns, Total: 17804 ns
[2020-02-26T08:30:33.949+0000][1][safepoint    ] Safepoint "RevokeBias", Time since last: 20660 ns, Reaching safepoint: 11728 ns, At safepoint: 6049 ns, Total: 17777 ns
[2020-02-26T08:30:33.949+0000][1][safepoint    ] Safepoint "RevokeBias", Time since last: 18550 ns, Reaching safepoint: 11402 ns, At safepoint: 5956 ns, Total: 17358 ns
[2020-02-26T08:30:34.950+0000][1][safepoint    ] Safepoint "Cleanup", Time since last: 1000668694 ns, Reaching safepoint: 54567 ns, At safepoint: 7524 ns, Total: 62091 ns
[2020-02-26T08:30:35.951+0000][1][safepoint    ] Safepoint "Cleanup", Time since last: 1000721370 ns, Reaching safepoint: 75359 ns, At safepoint: 9155 ns, Total: 84514 ns
[2020-02-26T08:30:36.179+0000][1][safepoint    ] Safepoint "RevokeBias", Time since last: 227798130 ns, Reaching safepoint: 47921 ns, At safepoint: 18058 ns, Total: 65979 ns
[2020-02-26T08:30:38.689+0000][1][safepoint    ] Safepoint "RevokeBias", Time since last: 2509914123 ns, Reaching safepoint: 40955 ns, At safepoint: 17633 ns, Total: 58588 ns
[2020-02-26T08:30:39.268+0000][1][safepoint    ] Safepoint "RevokeBias", Time since last: 578886929 ns, Reaching safepoint: 52108 ns, At safepoint: 8925 ns, Total: 61033 ns
[2020-02-26T08:30:40.268+0000][1][safepoint    ] Safepoint "Cleanup", Time since last: 1000229622 ns, Reaching safepoint: 92201 ns, At safepoint: 10833 ns, Total: 103034 ns
[2020-02-26T08:30:41.205+0000][1][safepoint    ] Safepoint "RevokeBias", Time since last: 937439477 ns, Reaching safepoint: 66313 ns, At safepoint: 22667 ns, Total: 88980 ns
[2020-02-26T08:30:43.733+0000][1][safepoint    ] Safepoint "RevokeBias", Time since last: 2527973149 ns, Reaching safepoint: 39403 ns, At safepoint: 16563 ns, Total: 55966 ns
[2020-02-26T08:30:46.248+0000][1][safepoint    ] Safepoint "RevokeBias", Time since last: 2514352389 ns, Reaching safepoint: 59648 ns, At safepoint: 19591 ns, Total: 79239 ns
[2020-02-26T08:30:48.772+0000][1][safepoint    ] Safepoint "RevokeBias", Time since last: 2523877154 ns, Reaching safepoint: 66624 ns, At safepoint: 17581 ns, Total: 84205 ns
[2020-02-26T08:30:49.773+0000][1][safepoint    ] Safepoint "Cleanup", Time since last: 1001199357 ns, Reaching safepoint: 84837 ns, At safepoint: 10119 ns, Total: 94956 ns
[2020-02-26T08:30:50.318+0000][1][safepoint    ] Safepoint "RevokeBias", Time since last: 544873642 ns, Reaching safepoint: 58869 ns, At safepoint: 20818 ns, Total: 79687 ns
[2020-02-26T08:30:51.316+0000][1][safepoint    ] Safepoint "RevokeBias", Time since last: 997257307 ns, Reaching safepoint: 102944 ns, At safepoint: 40896 ns, Total: 143840 ns
[2020-02-26T08:30:53.683+0000][1][safepoint    ] Safepoint "RevokeBias", Time since last: 2367761330 ns, Reaching safepoint: 44324 ns, At safepoint: 15653 ns, Total: 59977 ns
[2020-02-26T08:30:53.685+0000][1][safepoint    ] Safepoint "RevokeBias", Time since last: 1754183 ns, Reaching safepoint: 49851 ns, At safepoint: 16691 ns, Total: 66542 ns
[2020-02-26T08:30:53.686+0000][1][safepoint    ] Safepoint "RevokeBias", Time since last: 393272 ns, Reaching safepoint: 50025 ns, At safepoint: 11960 ns, Total: 61985 ns
[2020-02-26T08:30:53.686+0000][1][safepoint    ] Safepoint "RevokeBias", Time since last: 273051 ns, Reaching safepoint: 44266 ns, At safepoint: 39328 ns, Total: 83594 ns
[2020-02-26T08:30:53.881+0000][1][safepoint    ] Safepoint "RevokeBias", Time since last: 175747252 ns, Reaching safepoint: 18847020 ns, At safepoint: 26887 ns, Total: 18873907 ns
[2020-02-26T08:30:54.881+0000][1][safepoint    ] Safepoint "Cleanup", Time since last: 1000433271 ns, Reaching safepoint: 81271 ns, At safepoint: 10429 ns, Total: 91700 ns
[2020-02-26T08:30:55.881+0000][1][safepoint    ] Safepoint "Cleanup", Time since last: 1000222375 ns, Reaching safepoint: 98566 ns, At safepoint: 10023 ns, Total: 108589 ns
[2020-02-26T08:30:56.378+0000][1][safepoint    ] Safepoint "RevokeBias", Time since last: 496620455 ns, Reaching safepoint: 50345 ns, At safepoint: 16668 ns, Total: 67013 ns
[2020-02-26T08:30:57.379+0000][1][safepoint    ] Safepoint "Cleanup", Time since last: 1000490544 ns, Reaching safepoint: 72998 ns, At safepoint: 9065 ns, Total: 82063 ns
[2020-02-26T08:30:58.379+0000][1][safepoint    ] Safepoint "Cleanup", Time since last: 1000516540 ns, Reaching safepoint: 80512 ns, At safepoint: 9989 ns, Total: 90501 ns
[2020-02-26T08:30:58.893+0000][1][safepoint    ] Safepoint "RevokeBias", Time since last: 513357448 ns, Reaching safepoint: 84843 ns, At safepoint: 21625 ns, Total: 106468 ns
[2020-02-26T08:30:59.893+0000][1][safepoint    ] Safepoint "Cleanup", Time since last: 1000145102 ns, Reaching safepoint: 67981 ns, At safepoint: 7352 ns, Total: 75333 ns
[2020-02-26T08:31:00.893+0000][1][safepoint    ] Safepoint "Cleanup", Time since last: 1000376567 ns, Reaching safepoint: 82255 ns, At safepoint: 9918 ns, Total: 92173 ns
[2020-02-26T08:31:01.433+0000][1][safepoint    ] Safepoint "BulkRevokeBias", Time since last: 539214842 ns, Reaching safepoint: 46079 ns, At safepoint: 381897 ns, Total: 427976 ns
[2020-02-26T08:31:02.434+0000][1][safepoint    ] Safepoint "Cleanup", Time since last: 1000401030 ns, Reaching safepoint: 82392 ns, At safepoint: 9888 ns, Total: 92280 ns
[2020-02-26T08:31:03.434+0000][1][safepoint    ] Safepoint "Cleanup", Time since last: 1000167600 ns, Reaching safepoint: 79543 ns, At safepoint: 9924 ns, Total: 89467 ns
[2020-02-26T08:31:03.946+0000][1][safepoint    ] Safepoint "RevokeBias", Time since last: 512197493 ns, Reaching safepoint: 63145 ns, At safepoint: 19782 ns, Total: 82927 ns
[2020-02-26T08:31:04.951+0000][1][safepoint    ] Safepoint "Cleanup", Time since last: 1005122597 ns, Reaching safepoint: 57678 ns, At safepoint: 12532 ns, Total: 70210 ns
[2020-02-26T08:31:05.953+0000][1][safepoint    ] Safepoint "Cleanup", Time since last: 1001922965 ns, Reaching safepoint: 55544 ns, At safepoint: 8331 ns, Total: 63875 ns
[2020-02-26T08:31:06.460+0000][1][safepoint    ] Safepoint "RevokeBias", Time since last: 506200276 ns, Reaching safepoint: 82715 ns, At safepoint: 23922 ns, Total: 106637 ns
[2020-02-26T08:31:07.460+0000][1][safepoint    ] Safepoint "Cleanup", Time since last: 1000645660 ns, Reaching safepoint: 75764 ns, At safepoint: 9312 ns, Total: 85076 ns
[2020-02-26T08:31:08.461+0000][1][safepoint    ] Safepoint "Cleanup", Time since last: 1000174468 ns, Reaching safepoint: 81199 ns, At safepoint: 10491 ns, Total: 91690 ns
[2020-02-26T08:31:08.972+0000][1][safepoint    ] Safepoint "RevokeBias", Time since last: 511495987 ns, Reaching safepoint: 68091 ns, At safepoint: 20828 ns, Total: 88919 ns
[2020-02-26T08:31:09.973+0000][1][safepoint    ] Safepoint "Cleanup", Time since last: 1001177845 ns, Reaching safepoint: 91609 ns, At safepoint: 7556 ns, Total: 99165 ns
[2020-02-26T08:31:10.974+0000][1][safepoint    ] Safepoint "Cleanup", Time since last: 1000582262 ns, Reaching safepoint: 80502 ns, At safepoint: 9853 ns, Total: 90355 ns
[2020-02-26T08:31:11.481+0000][1][safepoint    ] Safepoint "RevokeBias", Time since last: 507180554 ns, Reaching safepoint: 75162 ns, At safepoint: 22808 ns, Total: 97970 ns
[2020-02-26T08:31:12.482+0000][1][safepoint    ] Safepoint "Cleanup", Time since last: 1000927984 ns, Reaching safepoint: 90895 ns, At safepoint: 10530 ns, Total: 101425 ns
[2020-02-26T08:31:13.483+0000][1][safepoint    ] Safepoint "Cleanup", Time since last: 1000567708 ns, Reaching safepoint: 96883 ns, At safepoint: 9155 ns, Total: 106038 ns
[2020-02-26T08:31:13.995+0000][1][safepoint    ] Safepoint "RevokeBias", Time since last: 509756238 ns, Reaching safepoint: 1659036 ns, At safepoint: 25457 ns, Total: 1684493 ns
[2020-02-26T08:31:14.998+0000][1][safepoint    ] Safepoint "Cleanup", Time since last: 1003602659 ns, Reaching safepoint: 56652 ns, At safepoint: 8200 ns, Total: 64852 ns
[2020-02-26T08:31:15.999+0000][1][safepoint    ] Safepoint "Cleanup", Time since last: 1000556097 ns, Reaching safepoint: 80420 ns, At safepoint: 9989 ns, Total: 90409 ns
[2020-02-26T08:31:16.505+0000][1][safepoint    ] Safepoint "RevokeBias", Time since last: 506199066 ns, Reaching safepoint: 53181 ns, At safepoint: 19339 ns, Total: 72520 ns
[2020-02-26T08:31:17.505+0000][1][safepoint    ] Safepoint "Cleanup", Time since last: 1000208623 ns, Reaching safepoint: 80262 ns, At safepoint: 9160 ns, Total: 89422 ns
[2020-02-26T08:31:18.506+0000][1][safepoint    ] Safepoint "Cleanup", Time since last: 1000481341 ns, Reaching safepoint: 84650 ns, At safepoint: 8783 ns, Total: 93433 ns
[2020-02-26T08:31:19.023+0000][1][safepoint    ] Safepoint "RevokeBias", Time since last: 516572544 ns, Reaching safepoint: 54526 ns, At safepoint: 18162 ns, Total: 72688 ns
[2020-02-26T08:31:20.024+0000][1][safepoint    ] Safepoint "Cleanup", Time since last: 1001499195 ns, Reaching safepoint: 63740 ns, At safepoint: 8561 ns, Total: 72301 ns
[2020-02-26T08:31:20.333+0000][1][safepoint    ] Safepoint "RevokeBias", Time since last: 308960507 ns, Reaching safepoint: 75903 ns, At safepoint: 20347 ns, Total: 96250 ns
[2020-02-26T08:31:20.730+0000][1][safepoint    ] Safepoint "RevokeBias", Time since last: 396750252 ns, Reaching safepoint: 64010 ns, At safepoint: 18105 ns, Total: 82115 ns
[2020-02-26T08:31:20.731+0000][1][safepoint    ] Safepoint "RevokeBias", Time since last: 374073 ns, Reaching safepoint: 44155 ns, At safepoint: 14539 ns, Total: 58694 ns
[2020-02-26T08:31:21.544+0000][1][safepoint    ] Safepoint "RevokeBias", Time since last: 813653951 ns, Reaching safepoint: 49531 ns, At safepoint: 16794 ns, Total: 66325 ns
[2020-02-26T08:31:22.545+0000][1][safepoint    ] Safepoint "Cleanup", Time since last: 1000574528 ns, Reaching safepoint: 76047 ns, At safepoint: 8707 ns, Total: 84754 ns
[2020-02-26T08:31:23.546+0000][1][safepoint    ] Safepoint "Cleanup", Time since last: 1000564859 ns, Reaching safepoint: 102018 ns, At safepoint: 9839 ns, Total: 111857 ns
[2020-02-26T08:31:24.058+0000][1][safepoint    ] Safepoint "RevokeBias", Time since last: 512334544 ns, Reaching safepoint: 75819 ns, At safepoint: 30611 ns, Total: 106430 ns
[2020-02-26T08:31:25.059+0000][1][safepoint    ] Safepoint "Cleanup", Time since last: 1000593645 ns, Reaching safepoint: 74009 ns, At safepoint: 8456 ns, Total: 82465 ns
[2020-02-26T08:31:26.059+0000][1][safepoint    ] Safepoint "Cleanup", Time since last: 1000240061 ns, Reaching safepoint: 76855 ns, At safepoint: 9010 ns, Total: 85865 ns
[2020-02-26T08:31:26.580+0000][1][safepoint    ] Safepoint "RevokeBias", Time since last: 521104806 ns, Reaching safepoint: 48058 ns, At safepoint: 16376 ns, Total: 64434 ns
[2020-02-26T08:31:27.581+0000][1][safepoint    ] Safepoint "Cleanup", Time since last: 1000510961 ns, Reaching safepoint: 120939 ns, At safepoint: 15562 ns, Total: 136501 ns
[2020-02-26T08:31:28.581+0000][1][safepoint    ] Safepoint "Cleanup", Time since last: 1000143990 ns, Reaching safepoint: 76097 ns, At safepoint: 9191 ns, Total: 85288 ns
[2020-02-26T08:31:29.096+0000][1][safepoint    ] Safepoint "RevokeBias", Time since last: 514546813 ns, Reaching safepoint: 90386 ns, At safepoint: 20409 ns, Total: 110795 ns
[2020-02-26T08:31:30.097+0000][1][safepoint    ] Safepoint "Cleanup", Time since last: 1001314044 ns, Reaching safepoint: 75325 ns, At safepoint: 49874 ns, Total: 125199 ns
[2020-02-26T08:31:31.098+0000][1][safepoint    ] Safepoint "Cleanup", Time since last: 1000871079 ns, Reaching safepoint: 80751 ns, At safepoint: 7935 ns, Total: 88686 ns
[2020-02-26T08:31:31.616+0000][1][safepoint    ] Safepoint "RevokeBias", Time since last: 517868050 ns, Reaching safepoint: 89904 ns, At safepoint: 20112 ns, Total: 110016 ns
[2020-02-26T08:31:32.247+0000][1][safepoint    ] Safepoint "RevokeBias", Time since last: 631225962 ns, Reaching safepoint: 57615 ns, At safepoint: 14342 ns, Total: 71957 ns
[2020-02-26T08:31:33.248+0000][1][safepoint    ] Safepoint "Cleanup", Time since last: 1000772559 ns, Reaching safepoint: 78785 ns, At safepoint: 8718 ns, Total: 87503 ns
[2020-02-26T08:31:34.129+0000][1][safepoint    ] Safepoint "RevokeBias", Time since last: 880630003 ns, Reaching safepoint: 79432 ns, At safepoint: 22749 ns, Total: 102181 ns
[2020-02-26T08:31:35.131+0000][1][safepoint    ] Safepoint "Cleanup", Time since last: 1002202804 ns, Reaching safepoint: 93160 ns, At safepoint: 9293 ns, Total: 102453 ns
[2020-02-26T08:31:36.132+0000][1][safepoint    ] Safepoint "Cleanup", Time since last: 1000245505 ns, Reaching safepoint: 80564 ns, At safepoint: 9888 ns, Total: 90452 ns
[2020-02-26T08:31:36.697+0000][1][safepoint    ] Safepoint "RevokeBias", Time since last: 565147939 ns, Reaching safepoint: 43983 ns, At safepoint: 18193 ns, Total: 62176 ns
[2020-02-26T08:31:37.700+0000][1][safepoint    ] Safepoint "Cleanup", Time since last: 1003359649 ns, Reaching safepoint: 63173 ns, At safepoint: 8280 ns, Total: 71453 ns
[2020-02-26T08:31:38.701+0000][1][safepoint    ] Safepoint "Cleanup", Time since last: 1000195130 ns, Reaching safepoint: 90501 ns, At safepoint: 10463 ns, Total: 100964 ns
[2020-02-26T08:31:39.208+0000][1][safepoint    ] Safepoint "RevokeBias", Time since last: 506812137 ns, Reaching safepoint: 83217 ns, At safepoint: 22739 ns, Total: 105956 ns
[2020-02-26T08:31:40.208+0000][1][safepoint    ] Safepoint "Cleanup", Time since last: 1000181220 ns, Reaching safepoint: 91465 ns, At safepoint: 10560 ns, Total: 102025 ns
[2020-02-26T08:31:41.208+0000][1][safepoint    ] Safepoint "Cleanup", Time since last: 1000135235 ns, Reaching safepoint: 84193 ns, At safepoint: 10204 ns, Total: 94397 ns
[2020-02-26T08:31:41.723+0000][1][safepoint    ] Safepoint "RevokeBias", Time since last: 514400408 ns, Reaching safepoint: 81216 ns, At safepoint: 21835 ns, Total: 103051 ns
[2020-02-26T08:31:42.723+0000][1][safepoint    ] Safepoint "Cleanup", Time since last: 1000210767 ns, Reaching safepoint: 72751 ns, At safepoint: 8723 ns, Total: 81474 ns
[2020-02-26T08:31:43.723+0000][1][safepoint    ] Safepoint "Cleanup", Time since last: 1000199313 ns, Reaching safepoint: 211875 ns, At safepoint: 26350 ns, Total: 238225 ns
[2020-02-26T08:31:44.232+0000][1][safepoint    ] Safepoint "RevokeBias", Time since last: 508060962 ns, Reaching safepoint: 125739 ns, At safepoint: 38046 ns, Total: 163785 ns
[2020-02-26T08:31:45.232+0000][1][safepoint    ] Safepoint "Cleanup", Time since last: 1000266451 ns, Reaching safepoint: 79192 ns, At safepoint: 9473 ns, Total: 88665 ns
[2020-02-26T08:31:46.233+0000][1][safepoint    ] Safepoint "Cleanup", Time since last: 1000978342 ns, Reaching safepoint: 84827 ns, At safepoint: 10611 ns, Total: 95438 ns
[2020-02-26T08:31:46.742+0000][1][safepoint    ] Safepoint "RevokeBias", Time since last: 508792364 ns, Reaching safepoint: 75070 ns, At safepoint: 23030 ns, Total: 98100 ns
[2020-02-26T08:31:47.743+0000][1][safepoint    ] Safepoint "Cleanup", Time since last: 1001041095 ns, Reaching safepoint: 98830 ns, At safepoint: 8373 ns, Total: 107203 ns
[2020-02-26T08:31:48.743+0000][1][safepoint    ] Safepoint "Cleanup", Time since last: 1000136981 ns, Reaching safepoint: 83719 ns, At safepoint: 8538 ns, Total: 92257 ns
[2020-02-26T08:31:49.255+0000][1][safepoint    ] Safepoint "RevokeBias", Time since last: 511957579 ns, Reaching safepoint: 48252 ns, At safepoint: 18834 ns, Total: 67086 ns
[2020-02-26T08:31:50.256+0000][1][safepoint    ] Safepoint "Cleanup", Time since last: 1000482456 ns, Reaching safepoint: 88961 ns, At safepoint: 10305 ns, Total: 99266 ns
[2020-02-26T08:31:51.256+0000][1][safepoint    ] Safepoint "Cleanup", Time since last: 1000360628 ns, Reaching safepoint: 82016 ns, At safepoint: 8650 ns, Total: 90666 ns
[2020-02-26T08:31:51.772+0000][1][safepoint    ] Safepoint "RevokeBias", Time since last: 515514857 ns, Reaching safepoint: 73842 ns, At safepoint: 18311 ns, Total: 92153 ns
[2020-02-26T08:31:52.773+0000][1][safepoint    ] Safepoint "Cleanup", Time since last: 1000708996 ns, Reaching safepoint: 95700 ns, At safepoint: 10422 ns, Total: 106122 ns
[2020-02-26T08:31:53.781+0000][1][safepoint    ] Safepoint "Cleanup", Time since last: 1007958777 ns, Reaching safepoint: 74141 ns, At safepoint: 10033 ns, Total: 84174 ns
[2020-02-26T08:31:54.297+0000][1][safepoint    ] Safepoint "RevokeBias", Time since last: 516676898 ns, Reaching safepoint: 49366 ns, At safepoint: 17029 ns, Total: 66395 ns
[2020-02-26T08:31:55.298+0000][1][safepoint    ] Safepoint "Cleanup", Time since last: 1000205546 ns, Reaching safepoint: 92642 ns, At safepoint: 8686 ns, Total: 101328 ns
[2020-02-26T08:31:56.298+0000][1][safepoint    ] Safepoint "Cleanup", Time since last: 1000389754 ns, Reaching safepoint: 78995 ns, At safepoint: 9127 ns, Total: 88122 ns
[2020-02-26T08:31:56.814+0000][1][safepoint    ] Safepoint "RevokeBias", Time since last: 515382806 ns, Reaching safepoint: 61161 ns, At safepoint: 22123 ns, Total: 83284 ns
[2020-02-26T08:31:57.814+0000][1][safepoint    ] Safepoint "Cleanup", Time since last: 1000194533 ns, Reaching safepoint: 69176 ns, At safepoint: 7435 ns, Total: 76611 ns
[2020-02-26T08:31:58.821+0000][1][safepoint    ] Safepoint "Cleanup", Time since last: 1006590034 ns, Reaching safepoint: 145078 ns, At safepoint: 13673 ns, Total: 158751 ns
[2020-02-26T08:31:59.328+0000][1][safepoint    ] Safepoint "RevokeBias", Time since last: 507606030 ns, Reaching safepoint: 60734 ns, At safepoint: 20737 ns, Total: 81471 ns
[2020-02-26T08:32:00.329+0000][1][safepoint    ] Safepoint "Cleanup", Time since last: 1000626301 ns, Reaching safepoint: 94063 ns, At safepoint: 9994 ns, Total: 104057 ns
[2020-02-26T08:32:01.330+0000][1][safepoint    ] Safepoint "Cleanup", Time since last: 1000470612 ns, Reaching safepoint: 87345 ns, At safepoint: 10463 ns, Total: 97808 ns
[2020-02-26T08:32:01.845+0000][1][safepoint    ] Safepoint "RevokeBias", Time since last: 515402818 ns, Reaching safepoint: 80698 ns, At safepoint: 21967 ns, Total: 102665 ns
[2020-02-26T08:32:02.846+0000][1][safepoint    ] Safepoint "Cleanup", Time since last: 1000657676 ns, Reaching safepoint: 96033 ns, At safepoint: 8762 ns, Total: 104795 ns
[2020-02-26T08:32:03.847+0000][1][safepoint    ] Safepoint "Cleanup", Time since last: 1000752285 ns, Reaching safepoint: 90614 ns, At safepoint: 10829 ns, Total: 101443 ns
[2020-02-26T08:32:04.367+0000][1][safepoint    ] Safepoint "RevokeBias", Time since last: 520014881 ns, Reaching safepoint: 62772 ns, At safepoint: 18562 ns, Total: 81334 ns
[2020-02-26T08:32:05.368+0000][1][safepoint    ] Safepoint "Cleanup", Time since last: 1000742764 ns, Reaching safepoint: 114184 ns, At safepoint: 14213 ns, Total: 128397 ns
[2020-02-26T08:32:06.368+0000][1][safepoint    ] Safepoint "Cleanup", Time since last: 1000297430 ns, Reaching safepoint: 74876 ns, At safepoint: 8265 ns, Total: 83141 ns
[2020-02-26T08:32:06.886+0000][1][safepoint    ] Safepoint "RevokeBias", Time since last: 518117727 ns, Reaching safepoint: 52027 ns, At safepoint: 20561 ns, Total: 72588 ns
[2020-02-26T08:32:07.887+0000][1][safepoint    ] Safepoint "Cleanup", Time since last: 1000592703 ns, Reaching safepoint: 92597 ns, At safepoint: 10262 ns, Total: 102859 ns
[2020-02-26T08:32:08.887+0000][1][safepoint    ] Safepoint "Cleanup", Time since last: 1000224070 ns, Reaching safepoint: 79099 ns, At safepoint: 10124 ns, Total: 89223 ns
[2020-02-26T08:32:09.412+0000][1][safepoint    ] Safepoint "RevokeBias", Time since last: 524299978 ns, Reaching safepoint: 72993 ns, At safepoint: 77520 ns, Total: 150513 ns
[2020-02-26T08:32:10.412+0000][1][safepoint    ] Safepoint "Cleanup", Time since last: 1000377044 ns, Reaching safepoint: 184992 ns, At safepoint: 13169 ns, Total: 198161 ns
[2020-02-26T08:32:11.413+0000][1][safepoint    ] Safepoint "Cleanup", Time since last: 1000112182 ns, Reaching safepoint: 87004 ns, At safepoint: 10101 ns, Total: 97105 ns
[2020-02-26T08:32:11.933+0000][1][safepoint    ] Safepoint "RevokeBias", Time since last: 520333533 ns, Reaching safepoint: 64219 ns, At safepoint: 18007 ns, Total: 82226 ns
[2020-02-26T08:32:12.933+0000][1][safepoint    ] Safepoint "Cleanup", Time since last: 1000259176 ns, Reaching safepoint: 81086 ns, At safepoint: 8482 ns, Total: 89568 ns
[2020-02-26T08:32:13.934+0000][1][safepoint    ] Safepoint "Cleanup", Time since last: 1000235429 ns, Reaching safepoint: 88023 ns, At safepoint: 10397 ns, Total: 98420 ns
[2020-02-26T08:32:14.443+0000][1][safepoint    ] Safepoint "BulkRevokeBias", Time since last: 508554054 ns, Reaching safepoint: 43614 ns, At safepoint: 310389 ns, Total: 354003 ns
[2020-02-26T08:32:15.443+0000][1][safepoint    ] Safepoint "Cleanup", Time since last: 1000361337 ns, Reaching safepoint: 108732 ns, At safepoint: 10184 ns, Total: 118916 ns
[2020-02-26T08:32:16.444+0000][1][safepoint    ] Safepoint "Cleanup", Time since last: 1000736201 ns, Reaching safepoint: 93426 ns, At safepoint: 11438 ns, Total: 104864 ns
[2020-02-26T08:32:16.954+0000][1][safepoint    ] Safepoint "RevokeBias", Time since last: 510190261 ns, Reaching safepoint: 86330 ns, At safepoint: 25003 ns, Total: 111333 ns
[2020-02-26T08:32:17.955+0000][1][safepoint    ] Safepoint "Cleanup", Time since last: 1000420895 ns, Reaching safepoint: 116418 ns, At safepoint: 11903 ns, Total: 128321 ns
[2020-02-26T08:32:18.956+0000][1][safepoint    ] Safepoint "Cleanup", Time since last: 1000806593 ns, Reaching safepoint: 80510 ns, At safepoint: 9283 ns, Total: 89793 ns
[2020-02-26T08:32:19.469+0000][1][safepoint    ] Safepoint "RevokeBias", Time since last: 513418167 ns, Reaching safepoint: 47691 ns, At safepoint: 17187 ns, Total: 64878 ns
[2020-02-26T08:32:20.472+0000][1][safepoint    ] Safepoint "Cleanup", Time since last: 1002238907 ns, Reaching safepoint: 74655 ns, At safepoint: 9729 ns, Total: 84384 ns
[2020-02-26T08:32:21.472+0000][1][safepoint    ] Safepoint "Cleanup", Time since last: 1000411648 ns, Reaching safepoint: 93031 ns, At safepoint: 9842 ns, Total: 102873 ns
[2020-02-26T08:32:21.978+0000][1][safepoint    ] Safepoint "RevokeBias", Time since last: 505823886 ns, Reaching safepoint: 92019 ns, At safepoint: 19202 ns, Total: 111221 ns
[2020-02-26T08:32:22.979+0000][1][safepoint    ] Safepoint "Cleanup", Time since last: 1000871899 ns, Reaching safepoint: 101513 ns, At safepoint: 10381 ns, Total: 111894 ns
[2020-02-26T08:32:23.979+0000][1][safepoint    ] Safepoint "Cleanup", Time since last: 1000264806 ns, Reaching safepoint: 90618 ns, At safepoint: 9574 ns, Total: 100192 ns
[2020-02-26T08:32:24.488+0000][1][safepoint    ] Safepoint "RevokeBias", Time since last: 508993606 ns, Reaching safepoint: 55770 ns, At safepoint: 20051 ns, Total: 75821 ns
[2020-02-26T08:32:25.489+0000][1][safepoint    ] Safepoint "Cleanup", Time since last: 1000219509 ns, Reaching safepoint: 98919 ns, At safepoint: 11161 ns, Total: 110080 ns
[2020-02-26T08:32:26.491+0000][1][safepoint    ] Safepoint "Cleanup", Time since last: 1002528756 ns, Reaching safepoint: 213797 ns, At safepoint: 11638 ns, Total: 225435 ns
[2020-02-26T08:32:26.995+0000][1][safepoint    ] Safepoint "RevokeBias", Time since last: 503638356 ns, Reaching safepoint: 67193 ns, At safepoint: 19883 ns, Total: 87076 ns
[2020-02-26T08:32:27.995+0000][1][safepoint    ] Safepoint "Cleanup", Time since last: 1000132445 ns, Reaching safepoint: 88296 ns, At safepoint: 9198 ns, Total: 97494 ns
[2020-02-26T08:32:28.996+0000][1][safepoint    ] Safepoint "Cleanup", Time since last: 1000468483 ns, Reaching safepoint: 88354 ns, At safepoint: 10250 ns, Total: 98604 ns
[2020-02-26T08:32:29.504+0000][1][safepoint    ] Safepoint "RevokeBias", Time since last: 508124215 ns, Reaching safepoint: 71854 ns, At safepoint: 18679 ns, Total: 90533 ns
[2020-02-26T08:32:30.505+0000][1][safepoint    ] Safepoint "Cleanup", Time since last: 1000605666 ns, Reaching safepoint: 86154 ns, At safepoint: 10480 ns, Total: 96634 ns
[2020-02-26T08:32:31.508+0000][1][safepoint    ] Safepoint "Cleanup", Time since last: 1002512619 ns, Reaching safepoint: 112736 ns, At safepoint: 8436 ns, Total: 121172 ns
[2020-02-26T08:32:32.010+0000][1][safepoint    ] Safepoint "RevokeBias", Time since last: 502463474 ns, Reaching safepoint: 67749 ns, At safepoint: 19216 ns, Total: 86965 ns
[2020-02-26T08:32:33.011+0000][1][safepoint    ] Safepoint "Cleanup", Time since last: 1000383133 ns, Reaching safepoint: 88192 ns, At safepoint: 10333 ns, Total: 98525 ns
[2020-02-26T08:32:34.011+0000][1][safepoint    ] Safepoint "Cleanup", Time since last: 1000219174 ns, Reaching safepoint: 108727 ns, At safepoint: 10065 ns, Total: 118792 ns
[2020-02-26T08:32:34.520+0000][1][safepoint    ] Safepoint "RevokeBias", Time since last: 508615393 ns, Reaching safepoint: 76213 ns, At safepoint: 22434 ns, Total: 98647 ns
[2020-02-26T08:32:35.521+0000][1][safepoint    ] Safepoint "Cleanup", Time since last: 1001068839 ns, Reaching safepoint: 97256 ns, At safepoint: 12902 ns, Total: 110158 ns
[2020-02-26T08:32:36.522+0000][1][safepoint    ] Safepoint "Cleanup", Time since last: 1001305611 ns, Reaching safepoint: 62129 ns, At safepoint: 7334 ns, Total: 69463 ns
[2020-02-26T08:32:37.030+0000][1][safepoint    ] Safepoint "RevokeBias", Time since last: 507286517 ns, Reaching safepoint: 46708 ns, At safepoint: 16879 ns, Total: 63587 ns
[2020-02-26T08:32:38.031+0000][1][safepoint    ] Safepoint "Cleanup", Time since last: 1000957372 ns, Reaching safepoint: 214444 ns, At safepoint: 34502 ns, Total: 248946 ns
[2020-02-26T08:32:39.032+0000][1][safepoint    ] Safepoint "Cleanup", Time since last: 1001010169 ns, Reaching safepoint: 84796 ns, At safepoint: 8972 ns, Total: 93768 ns
[2020-02-26T08:32:39.077+0000][1][gc,start     ] GC(30) Pause Young (Allocation Failure)
[2020-02-26T08:32:39.077+0000][1][gc,task      ] GC(30) Using 1 workers of 1 for evacuation
[2020-02-26T08:32:39.105+0000][1][gc,age       ] GC(30) Desired survivor size 4358144 bytes, new threshold 3 (max threshold 6)
[2020-02-26T08:32:39.105+0000][1][gc,age       ] GC(30) Age table with threshold 3 (max threshold 6)
[2020-02-26T08:32:39.105+0000][1][gc,age       ] GC(30) - age   1:     320760 bytes,     320760 total
[2020-02-26T08:32:39.105+0000][1][gc,age       ] GC(30) - age   2:    1713512 bytes,    2034272 total
[2020-02-26T08:32:39.105+0000][1][gc,age       ] GC(30) - age   3:    2403280 bytes,    4437552 total
[2020-02-26T08:32:39.105+0000][1][gc,heap      ] GC(30) ParNew: 74168K->4579K(76672K)
[2020-02-26T08:32:39.105+0000][1][gc,heap      ] GC(30) CMS: 58095K->58095K(963392K)
[2020-02-26T08:32:39.105+0000][1][gc,metaspace ] GC(30) Metaspace: 77909K->77909K(1120256K)
[2020-02-26T08:32:39.105+0000][1][gc           ] GC(30) Pause Young (Allocation Failure) 129M->61M(1015M) 28.365ms
[2020-02-26T08:32:39.105+0000][1][gc,cpu       ] GC(30) User=0.03s Sys=0.00s Real=0.02s
[2020-02-26T08:32:39.105+0000][1][safepoint    ] Safepoint "GenCollectForAllocation", Time since last: 44901740 ns, Reaching safepoint: 84024 ns, At safepoint: 28423776 ns, Total: 28507800 ns
[2020-02-26T08:32:39.537+0000][1][safepoint    ] Safepoint "RevokeBias", Time since last: 431583195 ns, Reaching safepoint: 65764 ns, At safepoint: 44706 ns, Total: 110470 ns
[2020-02-26T08:32:40.538+0000][1][safepoint    ] Safepoint "Cleanup", Time since last: 1000868998 ns, Reaching safepoint: 89288 ns, At safepoint: 10714 ns, Total: 100002 ns
[2020-02-26T08:32:41.543+0000][1][safepoint    ] Safepoint "Cleanup", Time since last: 1004987786 ns, Reaching safepoint: 71911 ns, At safepoint: 7922 ns, Total: 79833 ns
[2020-02-26T08:32:42.056+0000][1][safepoint    ] Safepoint "RevokeBias", Time since last: 513296703 ns, Reaching safepoint: 50709 ns, At safepoint: 18815 ns, Total: 69524 ns
[2020-02-26T08:32:43.057+0000][1][safepoint    ] Safepoint "Cleanup", Time since last: 1000682444 ns, Reaching safepoint: 91804 ns, At safepoint: 9871 ns, Total: 101675 ns
[2020-02-26T08:32:44.058+0000][1][safepoint    ] Safepoint "Cleanup", Time since last: 1000568796 ns, Reaching safepoint: 108093 ns, At safepoint: 10351 ns, Total: 118444 ns
[2020-02-26T08:32:44.560+0000][1][safepoint    ] Safepoint "RevokeBias", Time since last: 501848985 ns, Reaching safepoint: 69912 ns, At safepoint: 18722 ns, Total: 88634 ns
[2020-02-26T08:32:45.560+0000][1][safepoint    ] Safepoint "Cleanup", Time since last: 1000538723 ns, Reaching safepoint: 83841 ns, At safepoint: 9699 ns, Total: 93540 ns
[2020-02-26T08:32:46.561+0000][1][safepoint    ] Safepoint "Cleanup", Time since last: 1000523629 ns, Reaching safepoint: 121897 ns, At safepoint: 7883 ns, Total: 129780 ns
[2020-02-26T08:32:47.083+0000][1][safepoint    ] Safepoint "RevokeBias", Time since last: 522153183 ns, Reaching safepoint: 47697 ns, At safepoint: 18001 ns, Total: 65698 ns
[2020-02-26T08:32:48.084+0000][1][safepoint    ] Safepoint "Cleanup", Time since last: 1000715741 ns, Reaching safepoint: 89227 ns, At safepoint: 10118 ns, Total: 99345 ns
[2020-02-26T08:32:49.084+0000][1][safepoint    ] Safepoint "Cleanup", Time since last: 1000206899 ns, Reaching safepoint: 95239 ns, At safepoint: 10625 ns, Total: 105864 ns
[2020-02-26T08:32:49.598+0000][1][safepoint    ] Safepoint "RevokeBias", Time since last: 513661957 ns, Reaching safepoint: 67576 ns, At safepoint: 19589 ns, Total: 87165 ns
[2020-02-26T08:32:50.599+0000][1][safepoint    ] Safepoint "Cleanup", Time since last: 1000559098 ns, Reaching safepoint: 96494 ns, At safepoint: 11353 ns, Total: 107847 ns
[2020-02-26T08:32:51.599+0000][1][safepoint    ] Safepoint "Cleanup", Time since last: 1000419368 ns, Reaching safepoint: 82331 ns, At safepoint: 9391 ns, Total: 91722 ns
[2020-02-26T08:32:52.127+0000][1][safepoint    ] Safepoint "RevokeBias", Time since last: 527109077 ns, Reaching safepoint: 67759 ns, At safepoint: 19660 ns, Total: 87419 ns
[2020-02-26T08:32:53.127+0000][1][safepoint    ] Safepoint "Cleanup", Time since last: 1000465483 ns, Reaching safepoint: 89363 ns, At safepoint: 10312 ns, Total: 99675 ns
[2020-02-26T08:32:54.128+0000][1][safepoint    ] Safepoint "Cleanup", Time since last: 1000572513 ns, Reaching safepoint: 97216 ns, At safepoint: 8542 ns, Total: 105758 ns
[2020-02-26T08:32:54.636+0000][1][safepoint    ] Safepoint "RevokeBias", Time since last: 508586816 ns, Reaching safepoint: 79031 ns, At safepoint: 23140 ns, Total: 102171 ns
[2020-02-26T08:32:55.637+0000][1][safepoint    ] Safepoint "Cleanup", Time since last: 1000137180 ns, Reaching safepoint: 88421 ns, At safepoint: 10630 ns, Total: 99051 ns
[2020-02-26T08:32:56.637+0000][1][safepoint    ] Safepoint "Cleanup", Time since last: 1000267463 ns, Reaching safepoint: 88208 ns, At safepoint: 9766 ns, Total: 97974 ns
[2020-02-26T08:32:57.148+0000][1][safepoint    ] Safepoint "RevokeBias", Time since last: 510543510 ns, Reaching safepoint: 60591 ns, At safepoint: 20203 ns, Total: 80794 ns
[2020-02-26T08:32:58.148+0000][1][safepoint    ] Safepoint "Cleanup", Time since last: 1000329077 ns, Reaching safepoint: 77736 ns, At safepoint: 8488 ns, Total: 86224 ns
[2020-02-26T08:32:59.149+0000][1][safepoint    ] Safepoint "Cleanup", Time since last: 1000546993 ns, Reaching safepoint: 88400 ns, At safepoint: 9757 ns, Total: 98157 ns
[2020-02-26T08:32:59.656+0000][1][safepoint    ] Safepoint "RevokeBias", Time since last: 507379821 ns, Reaching safepoint: 80780 ns, At safepoint: 23234 ns, Total: 104014 ns
[2020-02-26T08:33:00.657+0000][1][safepoint    ] Safepoint "Cleanup", Time since last: 1000546873 ns, Reaching safepoint: 89394 ns, At safepoint: 10423 ns, Total: 99817 ns
[2020-02-26T08:33:01.657+0000][1][safepoint    ] Safepoint "Cleanup", Time since last: 1000185213 ns, Reaching safepoint: 81359 ns, At safepoint: 8979 ns, Total: 90338 ns
[2020-02-26T08:33:02.165+0000][1][safepoint    ] Safepoint "RevokeBias", Time since last: 508131993 ns, Reaching safepoint: 49537 ns, At safepoint: 16918 ns, Total: 66455 ns
[2020-02-26T08:33:03.167+0000][1][safepoint    ] Safepoint "Cleanup", Time since last: 1002063893 ns, Reaching safepoint: 76950 ns, At safepoint: 8543 ns, Total: 85493 ns
[2020-02-26T08:33:04.169+0000][1][safepoint    ] Safepoint "Cleanup", Time since last: 1000972165 ns, Reaching safepoint: 89032 ns, At safepoint: 10340 ns, Total: 99372 ns
[2020-02-26T08:33:04.678+0000][1][safepoint    ] Safepoint "RevokeBias", Time since last: 509451312 ns, Reaching safepoint: 53421 ns, At safepoint: 20078 ns, Total: 73499 ns
[2020-02-26T08:33:05.679+0000][1][safepoint    ] Safepoint "Cleanup", Time since last: 1000526389 ns, Reaching safepoint: 90023 ns, At safepoint: 10544 ns, Total: 100567 ns
[2020-02-26T08:33:06.679+0000][1][safepoint    ] Safepoint "Cleanup", Time since last: 1000203813 ns, Reaching safepoint: 86159 ns, At safepoint: 9041 ns, Total: 95200 ns
[2020-02-26T08:33:07.187+0000][1][safepoint    ] Safepoint "RevokeBias", Time since last: 507580748 ns, Reaching safepoint: 121377 ns, At safepoint: 27093 ns, Total: 148470 ns
[2020-02-26T08:33:08.187+0000][1][safepoint    ] Safepoint "Cleanup", Time since last: 1000273724 ns, Reaching safepoint: 66067 ns, At safepoint: 8154 ns, Total: 74221 ns
[2020-02-26T08:33:09.187+0000][1][safepoint    ] Safepoint "Cleanup", Time since last: 1000192522 ns, Reaching safepoint: 98277 ns, At safepoint: 10620 ns, Total: 108897 ns
[2020-02-26T08:33:09.698+0000][1][safepoint    ] Safepoint "RevokeBias", Time since last: 510499162 ns, Reaching safepoint: 117132 ns, At safepoint: 76086 ns, Total: 193218 ns
[2020-02-26T08:33:10.698+0000][1][safepoint    ] Safepoint "Cleanup", Time since last: 1000214849 ns, Reaching safepoint: 93798 ns, At safepoint: 10504 ns, Total: 104302 ns
[2020-02-26T08:33:11.699+0000][1][safepoint    ] Safepoint "Cleanup", Time since last: 1000134836 ns, Reaching safepoint: 136390 ns, At safepoint: 12681 ns, Total: 149071 ns
[2020-02-26T08:33:12.206+0000][1][safepoint    ] Safepoint "RevokeBias", Time since last: 506877100 ns, Reaching safepoint: 73050 ns, At safepoint: 19186 ns, Total: 92236 ns
[2020-02-26T08:33:13.211+0000][1][safepoint    ] Safepoint "Cleanup", Time since last: 1004919662 ns, Reaching safepoint: 175969 ns, At safepoint: 13818 ns, Total: 189787 ns
[2020-02-26T08:33:14.212+0000][1][safepoint    ] Safepoint "Cleanup", Time since last: 1001074708 ns, Reaching safepoint: 110673 ns, At safepoint: 10570 ns, Total: 121243 ns
[2020-02-26T08:33:14.713+0000][1][safepoint    ] Safepoint "RevokeBias", Time since last: 501273755 ns, Reaching safepoint: 84014 ns, At safepoint: 93867 ns, Total: 177881 ns
[2020-02-26T08:33:15.714+0000][1][safepoint    ] Safepoint "Cleanup", Time since last: 1000334131 ns, Reaching safepoint: 77713 ns, At safepoint: 8546 ns, Total: 86259 ns
[2020-02-26T08:33:16.714+0000][1][safepoint    ] Safepoint "Cleanup", Time since last: 1000478149 ns, Reaching safepoint: 92329 ns, At safepoint: 10092 ns, Total: 102421 ns
[2020-02-26T08:33:17.226+0000][1][safepoint    ] Safepoint "RevokeBias", Time since last: 511705761 ns, Reaching safepoint: 48955 ns, At safepoint: 17811 ns, Total: 66766 ns
[2020-02-26T08:33:18.227+0000][1][safepoint    ] Safepoint "Cleanup", Time since last: 1000475245 ns, Reaching safepoint: 173590 ns, At safepoint: 8948 ns, Total: 182538 ns
[2020-02-26T08:33:19.232+0000][1][safepoint    ] Safepoint "Cleanup", Time since last: 1004730726 ns, Reaching safepoint: 120388 ns, At safepoint: 9068 ns, Total: 129456 ns
[2020-02-26T08:33:19.733+0000][1][safepoint    ] Safepoint "RevokeBias", Time since last: 501489166 ns, Reaching safepoint: 84013 ns, At safepoint: 21674 ns, Total: 105687 ns
[2020-02-26T08:33:20.734+0000][1][safepoint    ] Safepoint "Cleanup", Time since last: 1000496779 ns, Reaching safepoint: 88551 ns, At safepoint: 9670 ns, Total: 98221 ns
[2020-02-26T08:33:21.734+0000][1][safepoint    ] Safepoint "Cleanup", Time since last: 1000303059 ns, Reaching safepoint: 82460 ns, At safepoint: 9825 ns, Total: 92285 ns
[2020-02-26T08:33:22.240+0000][1][safepoint    ] Safepoint "RevokeBias", Time since last: 505516920 ns, Reaching safepoint: 93009 ns, At safepoint: 21731 ns, Total: 114740 ns
[2020-02-26T08:33:23.240+0000][1][safepoint    ] Safepoint "Cleanup", Time since last: 1000307487 ns, Reaching safepoint: 198156 ns, At safepoint: 29952 ns, Total: 228108 ns
[2020-02-26T08:33:24.245+0000][1][safepoint    ] Safepoint "Cleanup", Time since last: 1004275898 ns, Reaching safepoint: 101041 ns, At safepoint: 8837 ns, Total: 109878 ns
[2020-02-26T08:33:24.748+0000][1][safepoint    ] Safepoint "RevokeBias", Time since last: 502692407 ns, Reaching safepoint: 81891 ns, At safepoint: 22170 ns, Total: 104061 ns
[2020-02-26T08:33:25.748+0000][1][safepoint    ] Safepoint "Cleanup", Time since last: 1000367327 ns, Reaching safepoint: 89469 ns, At safepoint: 10923 ns, Total: 100392 ns
[2020-02-26T08:33:26.749+0000][1][safepoint    ] Safepoint "Cleanup", Time since last: 1000616250 ns, Reaching safepoint: 85318 ns, At safepoint: 9066 ns, Total: 94384 ns
[2020-02-26T08:33:27.260+0000][1][safepoint    ] Safepoint "BulkRevokeBias", Time since last: 510892197 ns, Reaching safepoint: 72375 ns, At safepoint: 474953 ns, Total: 547328 ns
[2020-02-26T08:33:28.261+0000][1][safepoint    ] Safepoint "Cleanup", Time since last: 1000535601 ns, Reaching safepoint: 95745 ns, At safepoint: 10189 ns, Total: 105934 ns
[2020-02-26T08:33:29.262+0000][1][safepoint    ] Safepoint "Cleanup", Time since last: 1000866123 ns, Reaching safepoint: 75992 ns, At safepoint: 8600 ns, Total: 84592 ns
[2020-02-26T08:33:29.778+0000][1][safepoint    ] Safepoint "RevokeBias", Time since last: 516005669 ns, Reaching safepoint: 118083 ns, At safepoint: 19643 ns, Total: 137726 ns
[2020-02-26T08:33:30.778+0000][1][safepoint    ] Safepoint "Cleanup", Time since last: 1000376874 ns, Reaching safepoint: 88347 ns, At safepoint: 9961 ns, Total: 98308 ns
[2020-02-26T08:33:31.779+0000][1][safepoint    ] Safepoint "Cleanup", Time since last: 1000775226 ns, Reaching safepoint: 83925 ns, At safepoint: 8729 ns, Total: 92654 ns
[2020-02-26T08:33:32.289+0000][1][safepoint    ] Safepoint "RevokeBias", Time since last: 509452141 ns, Reaching safepoint: 72134 ns, At safepoint: 19730 ns, Total: 91864 ns
[2020-02-26T08:33:33.289+0000][1][safepoint    ] Safepoint "Cleanup", Time since last: 1000215145 ns, Reaching safepoint: 126509 ns, At safepoint: 9033 ns, Total: 135542 ns
[2020-02-26T08:33:34.289+0000][1][safepoint    ] Safepoint "Cleanup", Time since last: 1000101126 ns, Reaching safepoint: 99722 ns, At safepoint: 8872 ns, Total: 108594 ns
[2020-02-26T08:33:34.809+0000][1][safepoint    ] Safepoint "RevokeBias", Time since last: 519919469 ns, Reaching safepoint: 50434 ns, At safepoint: 17842 ns, Total: 68276 ns
[2020-02-26T08:33:35.811+0000][1][safepoint    ] Safepoint "Cleanup", Time since last: 1000947744 ns, Reaching safepoint: 127595 ns, At safepoint: 31160 ns, Total: 158755 ns
[2020-02-26T08:33:36.811+0000][1][safepoint    ] Safepoint "Cleanup", Time since last: 1000218578 ns, Reaching safepoint: 83305 ns, At safepoint: 59412 ns, Total: 142717 ns
[2020-02-26T08:33:37.323+0000][1][safepoint    ] Safepoint "RevokeBias", Time since last: 512018362 ns, Reaching safepoint: 52615 ns, At safepoint: 17460 ns, Total: 70075 ns
[2020-02-26T08:33:38.324+0000][1][safepoint    ] Safepoint "Cleanup", Time since last: 1000731138 ns, Reaching safepoint: 110116 ns, At safepoint: 14151 ns, Total: 124267 ns
[2020-02-26T08:33:39.325+0000][1][safepoint    ] Safepoint "Cleanup", Time since last: 1001119931 ns, Reaching safepoint: 104233 ns, At safepoint: 10802 ns, Total: 115035 ns
[2020-02-26T08:33:39.842+0000][1][safepoint    ] Safepoint "RevokeBias", Time since last: 516638281 ns, Reaching safepoint: 118763 ns, At safepoint: 31232 ns, Total: 149995 ns
[2020-02-26T08:33:40.842+0000][1][safepoint    ] Safepoint "Cleanup", Time since last: 1000331907 ns, Reaching safepoint: 79899 ns, At safepoint: 8640 ns, Total: 88539 ns
[2020-02-26T08:33:41.843+0000][1][safepoint    ] Safepoint "Cleanup", Time since last: 1000162338 ns, Reaching safepoint: 116902 ns, At safepoint: 27982 ns, Total: 144884 ns
[2020-02-26T08:33:42.348+0000][1][safepoint    ] Safepoint "RevokeBias", Time since last: 505465047 ns, Reaching safepoint: 78215 ns, At safepoint: 18790 ns, Total: 97005 ns
[2020-02-26T08:33:43.349+0000][1][safepoint    ] Safepoint "Cleanup", Time since last: 1000415542 ns, Reaching safepoint: 97671 ns, At safepoint: 9709 ns, Total: 107380 ns
[2020-02-26T08:33:44.350+0000][1][safepoint    ] Safepoint "Cleanup", Time since last: 1000756622 ns, Reaching safepoint: 109909 ns, At safepoint: 10184 ns, Total: 120093 ns
[2020-02-26T08:33:44.857+0000][1][safepoint    ] Safepoint "RevokeBias", Time since last: 507819465 ns, Reaching safepoint: 76672 ns, At safepoint: 40361 ns, Total: 117033 ns
[2020-02-26T08:33:45.863+0000][1][safepoint    ] Safepoint "Cleanup", Time since last: 1005722838 ns, Reaching safepoint: 83132 ns, At safepoint: 8296 ns, Total: 91428 ns
[2020-02-26T08:33:46.864+0000][1][safepoint    ] Safepoint "Cleanup", Time since last: 1000630093 ns, Reaching safepoint: 80144 ns, At safepoint: 9870 ns, Total: 90014 ns
[2020-02-26T08:33:47.366+0000][1][safepoint    ] Safepoint "RevokeBias", Time since last: 501902742 ns, Reaching safepoint: 165094 ns, At safepoint: 45415 ns, Total: 210509 ns
[2020-02-26T08:33:48.368+0000][1][safepoint    ] Safepoint "Cleanup", Time since last: 1001264230 ns, Reaching safepoint: 825956 ns, At safepoint: 10708 ns, Total: 836664 ns
[2020-02-26T08:33:49.369+0000][1][safepoint    ] Safepoint "Cleanup", Time since last: 1000990538 ns, Reaching safepoint: 85302 ns, At safepoint: 8916 ns, Total: 94218 ns
[2020-02-26T08:33:49.872+0000][1][safepoint    ] Safepoint "RevokeBias", Time since last: 502433927 ns, Reaching safepoint: 71224 ns, At safepoint: 20566 ns, Total: 91790 ns
[2020-02-26T08:33:50.878+0000][1][safepoint    ] Safepoint "Cleanup", Time since last: 1005647821 ns, Reaching safepoint: 111003 ns, At safepoint: 8814 ns, Total: 119817 ns
[2020-02-26T08:33:51.878+0000][1][safepoint    ] Safepoint "Cleanup", Time since last: 1000650004 ns, Reaching safepoint: 94966 ns, At safepoint: 11808 ns, Total: 106774 ns
[2020-02-26T08:33:52.379+0000][1][safepoint    ] Safepoint "RevokeBias", Time since last: 500376750 ns, Reaching safepoint: 107862 ns, At safepoint: 39073 ns, Total: 146935 ns
[2020-02-26T08:33:53.380+0000][1][safepoint    ] Safepoint "Cleanup", Time since last: 1000750265 ns, Reaching safepoint: 83005 ns, At safepoint: 9876 ns, Total: 92881 ns
[2020-02-26T08:33:54.380+0000][1][safepoint    ] Safepoint "Cleanup", Time since last: 1000238811 ns, Reaching safepoint: 107322 ns, At safepoint: 10370 ns, Total: 117692 ns
[2020-02-26T08:33:54.891+0000][1][safepoint    ] Safepoint "RevokeBias", Time since last: 510913731 ns, Reaching safepoint: 58838 ns, At safepoint: 40563 ns, Total: 99401 ns
[2020-02-26T08:33:55.893+0000][1][safepoint    ] Safepoint "Cleanup", Time since last: 1001817646 ns, Reaching safepoint: 84953 ns, At safepoint: 9086 ns, Total: 94039 ns
[2020-02-26T08:33:56.893+0000][1][safepoint    ] Safepoint "Cleanup", Time since last: 1000322269 ns, Reaching safepoint: 106626 ns, At safepoint: 33577 ns, Total: 140203 ns
[2020-02-26T08:33:57.399+0000][1][safepoint    ] Safepoint "RevokeBias", Time since last: 505605030 ns, Reaching safepoint: 77160 ns, At safepoint: 20553 ns, Total: 97713 ns
[2020-02-26T08:33:58.400+0000][1][safepoint    ] Safepoint "Cleanup", Time since last: 1000922634 ns, Reaching safepoint: 106581 ns, At safepoint: 13198 ns, Total: 119779 ns
[2020-02-26T08:33:59.401+0000][1][safepoint    ] Safepoint "Cleanup", Time since last: 1000393635 ns, Reaching safepoint: 124378 ns, At safepoint: 12812 ns, Total: 137190 ns
[2020-02-26T08:33:59.915+0000][1][safepoint    ] Safepoint "RevokeBias", Time since last: 514094986 ns, Reaching safepoint: 73276 ns, At safepoint: 21557 ns, Total: 94833 ns
[2020-02-26T08:34:00.915+0000][1][safepoint    ] Safepoint "Cleanup", Time since last: 1000176242 ns, Reaching safepoint: 104952 ns, At safepoint: 14317 ns, Total: 119269 ns
[2020-02-26T08:34:01.918+0000][1][safepoint    ] Safepoint "Cleanup", Time since last: 1002722321 ns, Reaching safepoint: 121960 ns, At safepoint: 32909 ns, Total: 154869 ns
[2020-02-26T08:34:02.431+0000][1][safepoint    ] Safepoint "RevokeBias", Time since last: 512367910 ns, Reaching safepoint: 60204 ns, At safepoint: 54339 ns, Total: 114543 ns
[2020-02-26T08:34:03.431+0000][1][safepoint    ] Safepoint "Cleanup", Time since last: 1000606734 ns, Reaching safepoint: 133933 ns, At safepoint: 13699 ns, Total: 147632 ns
[2020-02-26T08:34:04.432+0000][1][safepoint    ] Safepoint "Cleanup", Time since last: 1000369356 ns, Reaching safepoint: 127082 ns, At safepoint: 12183 ns, Total: 139265 ns
[2020-02-26T08:34:04.938+0000][1][safepoint    ] Safepoint "RevokeBias", Time since last: 506249022 ns, Reaching safepoint: 109865 ns, At safepoint: 34598 ns, Total: 144463 ns
[2020-02-26T08:34:05.939+0000][1][safepoint    ] Safepoint "Cleanup", Time since last: 1000220177 ns, Reaching safepoint: 108596 ns, At safepoint: 31387 ns, Total: 139983 ns
[2020-02-26T08:34:06.939+0000][1][safepoint    ] Safepoint "Cleanup", Time since last: 1000423676 ns, Reaching safepoint: 215692 ns, At safepoint: 17937 ns, Total: 233629 ns
[2020-02-26T08:34:07.469+0000][1][safepoint    ] Safepoint "RevokeBias", Time since last: 529520087 ns, Reaching safepoint: 101547 ns, At safepoint: 31399 ns, Total: 132946 ns
[2020-02-26T08:34:08.470+0000][1][safepoint    ] Safepoint "Cleanup", Time since last: 1000762854 ns, Reaching safepoint: 114929 ns, At safepoint: 16163 ns, Total: 131092 ns
[2020-02-26T08:34:09.470+0000][1][safepoint    ] Safepoint "Cleanup", Time since last: 1000371947 ns, Reaching safepoint: 105103 ns, At safepoint: 10611 ns, Total: 115714 ns
[2020-02-26T08:34:09.979+0000][1][safepoint    ] Safepoint "RevokeBias", Time since last: 508588994 ns, Reaching safepoint: 54577 ns, At safepoint: 18363 ns, Total: 72940 ns
[2020-02-26T08:34:10.980+0000][1][safepoint    ] Safepoint "Cleanup", Time since last: 1000679166 ns, Reaching safepoint: 91722 ns, At safepoint: 11474 ns, Total: 103196 ns
[2020-02-26T08:34:11.980+0000][1][safepoint    ] Safepoint "Cleanup", Time since last: 1000485200 ns, Reaching safepoint: 77416 ns, At safepoint: 8613 ns, Total: 86029 ns
[2020-02-26T08:34:12.495+0000][1][safepoint    ] Safepoint "RevokeBias", Time since last: 514971832 ns, Reaching safepoint: 147703 ns, At safepoint: 21746 ns, Total: 169449 ns
[2020-02-26T08:34:13.496+0000][1][safepoint    ] Safepoint "Cleanup", Time since last: 1000451696 ns, Reaching safepoint: 144608 ns, At safepoint: 11040 ns, Total: 155648 ns
[2020-02-26T08:34:14.497+0000][1][safepoint    ] Safepoint "Cleanup", Time since last: 1000816680 ns, Reaching safepoint: 83237 ns, At safepoint: 9026 ns, Total: 92263 ns
[2020-02-26T08:34:15.014+0000][1][safepoint    ] Safepoint "RevokeBias", Time since last: 517106680 ns, Reaching safepoint: 81521 ns, At safepoint: 21246 ns, Total: 102767 ns
[2020-02-26T08:34:16.015+0000][1][safepoint    ] Safepoint "Cleanup", Time since last: 1000760925 ns, Reaching safepoint: 187363 ns, At safepoint: 12891 ns, Total: 200254 ns
[2020-02-26T08:34:17.016+0000][1][safepoint    ] Safepoint "Cleanup", Time since last: 1000759606 ns, Reaching safepoint: 76619 ns, At safepoint: 7592 ns, Total: 84211 ns
[2020-02-26T08:34:17.529+0000][1][safepoint    ] Safepoint "RevokeBias", Time since last: 513055080 ns, Reaching safepoint: 186870 ns, At safepoint: 29350 ns, Total: 216220 ns
[2020-02-26T08:34:18.541+0000][1][safepoint    ] Safepoint "Cleanup", Time since last: 1009288808 ns, Reaching safepoint: 2560527 ns, At safepoint: 22379 ns, Total: 2582906 ns
[2020-02-26T08:34:19.542+0000][1][safepoint    ] Safepoint "Cleanup", Time since last: 1000835382 ns, Reaching safepoint: 101680 ns, At safepoint: 12187 ns, Total: 113867 ns
[2020-02-26T08:34:20.037+0000][1][safepoint    ] Safepoint "RevokeBias", Time since last: 495250471 ns, Reaching safepoint: 81942 ns, At safepoint: 21705 ns, Total: 103647 ns
[2020-02-26T08:34:21.038+0000][1][safepoint    ] Safepoint "Cleanup", Time since last: 1000215100 ns, Reaching safepoint: 100067 ns, At safepoint: 10724 ns, Total: 110791 ns
[2020-02-26T08:34:22.038+0000][1][safepoint    ] Safepoint "Cleanup", Time since last: 1000202624 ns, Reaching safepoint: 93375 ns, At safepoint: 8993 ns, Total: 102368 ns
[2020-02-26T08:34:22.545+0000][1][safepoint    ] Safepoint "RevokeBias", Time since last: 506653666 ns, Reaching safepoint: 155901 ns, At safepoint: 32618 ns, Total: 188519 ns
[2020-02-26T08:34:23.547+0000][1][safepoint    ] Safepoint "Cleanup", Time since last: 1001492835 ns, Reaching safepoint: 106703 ns, At safepoint: 11243 ns, Total: 117946 ns
[2020-02-26T08:34:24.547+0000][1][safepoint    ] Safepoint "Cleanup", Time since last: 1000343124 ns, Reaching safepoint: 107230 ns, At safepoint: 10457 ns, Total: 117687 ns
[2020-02-26T08:34:25.055+0000][1][safepoint    ] Safepoint "RevokeBias", Time since last: 508303862 ns, Reaching safepoint: 60506 ns, At safepoint: 19135 ns, Total: 79641 ns
[2020-02-26T08:34:26.056+0000][1][safepoint    ] Safepoint "Cleanup", Time since last: 1000289406 ns, Reaching safepoint: 89881 ns, At safepoint: 9614 ns, Total: 99495 ns
[2020-02-26T08:34:27.057+0000][1][safepoint    ] Safepoint "Cleanup", Time since last: 1000733407 ns, Reaching safepoint: 115119 ns, At safepoint: 10640 ns, Total: 125759 ns
[2020-02-26T08:34:27.564+0000][1][safepoint    ] Safepoint "RevokeBias", Time since last: 507677800 ns, Reaching safepoint: 54554 ns, At safepoint: 18680 ns, Total: 73234 ns
[2020-02-26T08:34:28.565+0000][1][safepoint    ] Safepoint "Cleanup", Time since last: 1000558579 ns, Reaching safepoint: 79723 ns, At safepoint: 9266 ns, Total: 88989 ns
[2020-02-26T08:34:29.569+0000][1][safepoint    ] Safepoint "Cleanup", Time since last: 1004243922 ns, Reaching safepoint: 80609 ns, At safepoint: 9611 ns, Total: 90220 ns
[2020-02-26T08:34:30.072+0000][1][safepoint    ] Safepoint "RevokeBias", Time since last: 502585994 ns, Reaching safepoint: 54580 ns, At safepoint: 118258 ns, Total: 172838 ns
[2020-02-26T08:34:31.073+0000][1][safepoint    ] Safepoint "Cleanup", Time since last: 1000795963 ns, Reaching safepoint: 99512 ns, At safepoint: 10189 ns, Total: 109701 ns
[2020-02-26T08:34:32.073+0000][1][safepoint    ] Safepoint "Cleanup", Time since last: 1000191403 ns, Reaching safepoint: 106087 ns, At safepoint: 14715 ns, Total: 120802 ns
[2020-02-26T08:34:32.678+0000][1][safepoint    ] Safepoint "RevokeBias", Time since last: 604981411 ns, Reaching safepoint: 118680 ns, At safepoint: 31067 ns, Total: 149747 ns
[2020-02-26T08:34:33.680+0000][1][safepoint    ] Safepoint "Cleanup", Time since last: 1000536451 ns, Reaching safepoint: 751671 ns, At safepoint: 31481 ns, Total: 783152 ns
[2020-02-26T08:34:34.696+0000][1][safepoint    ] Safepoint "Cleanup", Time since last: 1016542230 ns, Reaching safepoint: 106951 ns, At safepoint: 11815 ns, Total: 118766 ns
[2020-02-26T08:34:35.293+0000][1][safepoint    ] Safepoint "RevokeBias", Time since last: 596389765 ns, Reaching safepoint: 118436 ns, At safepoint: 32615 ns, Total: 151051 ns
[2020-02-26T08:34:36.295+0000][1][safepoint    ] Safepoint "Cleanup", Time since last: 1001849520 ns, Reaching safepoint: 100031 ns, At safepoint: 14732 ns, Total: 114763 ns
[2020-02-26T08:34:37.328+0000][1][safepoint    ] Safepoint "Cleanup", Time since last: 1033374622 ns, Reaching safepoint: 107697 ns, At safepoint: 14705 ns, Total: 122402 ns
[2020-02-26T08:34:37.830+0000][1][safepoint    ] Safepoint "RevokeBias", Time since last: 501678216 ns, Reaching safepoint: 112254 ns, At safepoint: 33569 ns, Total: 145823 ns
[2020-02-26T08:34:38.842+0000][1][safepoint    ] Safepoint "Cleanup", Time since last: 1011930578 ns, Reaching safepoint: 94810 ns, At safepoint: 11522 ns, Total: 106332 ns
[2020-02-26T08:34:39.843+0000][1][safepoint    ] Safepoint "Cleanup", Time since last: 1000864130 ns, Reaching safepoint: 83818 ns, At safepoint: 10422 ns, Total: 94240 ns
[2020-02-26T08:34:40.343+0000][1][safepoint    ] Safepoint "BulkRevokeBias", Time since last: 498762591 ns, Reaching safepoint: 121203 ns, At safepoint: 370747 ns, Total: 491950 ns
[2020-02-26T08:34:41.349+0000][1][safepoint    ] Safepoint "Cleanup", Time since last: 1006220692 ns, Reaching safepoint: 91749 ns, At safepoint: 10913 ns, Total: 102662 ns
[2020-02-26T08:34:42.359+0000][1][safepoint    ] Safepoint "Cleanup", Time since last: 1009636672 ns, Reaching safepoint: 110280 ns, At safepoint: 13006 ns, Total: 123286 ns
[2020-02-26T08:34:42.913+0000][1][safepoint    ] Safepoint "RevokeBias", Time since last: 553788980 ns, Reaching safepoint: 212666 ns, At safepoint: 36348 ns, Total: 249014 ns
[2020-02-26T08:34:43.916+0000][1][safepoint    ] Safepoint "Cleanup", Time since last: 1003387962 ns, Reaching safepoint: 96662 ns, At safepoint: 12628 ns, Total: 109290 ns
[2020-02-26T08:34:44.921+0000][1][safepoint    ] Safepoint "Cleanup", Time since last: 1005188174 ns, Reaching safepoint: 127870 ns, At safepoint: 14731 ns, Total: 142601 ns
[2020-02-26T08:34:45.399+0000][1][safepoint    ] Safepoint "RevokeBias", Time since last: 477478715 ns, Reaching safepoint: 96263 ns, At safepoint: 28324 ns, Total: 124587 ns
[2020-02-26T08:34:46.400+0000][1][safepoint    ] Safepoint "Cleanup", Time since last: 1000679000 ns, Reaching safepoint: 166089 ns, At safepoint: 14240 ns, Total: 180329 ns
[2020-02-26T08:34:47.401+0000][1][safepoint    ] Safepoint "Cleanup", Time since last: 1000739651 ns, Reaching safepoint: 106895 ns, At safepoint: 13802 ns, Total: 120697 ns
[2020-02-26T08:34:47.916+0000][1][safepoint    ] Safepoint "RevokeBias", Time since last: 514812089 ns, Reaching safepoint: 64130 ns, At safepoint: 25650 ns, Total: 89780 ns
[2020-02-26T08:34:48.923+0000][1][safepoint    ] Safepoint "Cleanup", Time since last: 1007083546 ns, Reaching safepoint: 67459 ns, At safepoint: 8933 ns, Total: 76392 ns
[2020-02-26T08:34:49.923+0000][1][safepoint    ] Safepoint "Cleanup", Time since last: 1000249738 ns, Reaching safepoint: 111752 ns, At safepoint: 23176 ns, Total: 134928 ns
[2020-02-26T08:34:50.428+0000][1][safepoint    ] Safepoint "RevokeBias", Time since last: 504841111 ns, Reaching safepoint: 78450 ns, At safepoint: 19059 ns, Total: 97509 ns
[2020-02-26T08:34:51.429+0000][1][safepoint    ] Safepoint "Cleanup", Time since last: 1000674455 ns, Reaching safepoint: 118223 ns, At safepoint: 16979 ns, Total: 135202 ns
[2020-02-26T08:34:52.430+0000][1][safepoint    ] Safepoint "Cleanup", Time since last: 1000858130 ns, Reaching safepoint: 120962 ns, At safepoint: 18397 ns, Total: 139359 ns
[2020-02-26T08:34:52.952+0000][1][safepoint    ] Safepoint "RevokeBias", Time since last: 520042000 ns, Reaching safepoint: 1693121 ns, At safepoint: 31315 ns, Total: 1724436 ns
[2020-02-26T08:34:53.962+0000][1][safepoint    ] Safepoint "Cleanup", Time since last: 1010533618 ns, Reaching safepoint: 81688 ns, At safepoint: 12766 ns, Total: 94454 ns
[2020-02-26T08:34:54.268+0000][1][gc,start     ] GC(31) Pause Young (Allocation Failure)
[2020-02-26T08:34:54.269+0000][1][gc,task      ] GC(31) Using 1 workers of 1 for evacuation
[2020-02-26T08:34:55.119+0000][1][gc,age       ] GC(31) Desired survivor size 4358144 bytes, new threshold 6 (max threshold 6)
[2020-02-26T08:34:55.119+0000][1][gc,age       ] GC(31) Age table with threshold 6 (max threshold 6)
[2020-02-26T08:34:55.119+0000][1][gc,age       ] GC(31) - age   1:      25056 bytes,      25056 total
[2020-02-26T08:34:55.119+0000][1][gc,age       ] GC(31) - age   2:     304696 bytes,     329752 total
[2020-02-26T08:34:55.119+0000][1][gc,age       ] GC(31) - age   3:    1713512 bytes,    2043264 total
[2020-02-26T08:34:55.119+0000][1][gc,heap      ] GC(31) ParNew: 72739K->4395K(76672K)
[2020-02-26T08:34:55.119+0000][1][gc,heap      ] GC(31) CMS: 58095K->60508K(963392K)
[2020-02-26T08:34:55.119+0000][1][gc,metaspace ] GC(31) Metaspace: 78169K->78169K(1120256K)
[2020-02-26T08:34:55.119+0000][1][gc           ] GC(31) Pause Young (Allocation Failure) 127M->63M(1015M) 850.807ms
[2020-02-26T08:34:55.119+0000][1][gc,cpu       ] GC(31) User=0.13s Sys=0.04s Real=0.85s
[2020-02-26T08:34:55.119+0000][1][safepoint    ] Safepoint "GenCollectForAllocation", Time since last: 305907492 ns, Reaching safepoint: 120105 ns, At safepoint: 850890133 ns, Total: 851010238 ns
[2020-02-26T08:34:55.458+0000][1][safepoint    ] Safepoint "RevokeBias", Time since last: 339027006 ns, Reaching safepoint: 82673 ns, At safepoint: 21914 ns, Total: 104587 ns
[2020-02-26T08:34:56.463+0000][1][safepoint    ] Safepoint "Cleanup", Time since last: 1004212249 ns, Reaching safepoint: 89550 ns, At safepoint: 14773 ns, Total: 104323 ns
[2020-02-26T08:34:57.464+0000][1][safepoint    ] Safepoint "Cleanup", Time since last: 1000928261 ns, Reaching safepoint: 91054 ns, At safepoint: 10772 ns, Total: 101826 ns
[2020-02-26T08:34:57.967+0000][1][safepoint    ] Safepoint "RevokeBias", Time since last: 503400736 ns, Reaching safepoint: 54403 ns, At safepoint: 19582 ns, Total: 73985 ns
[2020-02-26T08:34:58.967+0000][1][safepoint    ] Safepoint "Cleanup", Time since last: 1000130389 ns, Reaching safepoint: 103445 ns, At safepoint: 12435 ns, Total: 115880 ns
[2020-02-26T08:34:59.970+0000][1][safepoint    ] Safepoint "Cleanup", Time since last: 1002253278 ns, Reaching safepoint: 81679 ns, At safepoint: 23606 ns, Total: 105285 ns
[2020-02-26T08:35:00.499+0000][1][safepoint    ] Safepoint "RevokeBias", Time since last: 528544249 ns, Reaching safepoint: 87863 ns, At safepoint: 28135 ns, Total: 115998 ns
[2020-02-26T08:35:01.499+0000][1][safepoint    ] Safepoint "Cleanup", Time since last: 1000424752 ns, Reaching safepoint: 124421 ns, At safepoint: 30136 ns, Total: 154557 ns
[2020-02-26T08:35:02.500+0000][1][safepoint    ] Safepoint "Cleanup", Time since last: 1000761478 ns, Reaching safepoint: 107661 ns, At safepoint: 12468 ns, Total: 120129 ns
[2020-02-26T08:35:03.001+0000][1][safepoint    ] Safepoint "RevokeBias", Time since last: 501075041 ns, Reaching safepoint: 102432 ns, At safepoint: 20467 ns, Total: 122899 ns
[2020-02-26T08:35:04.001+0000][1][safepoint    ] Safepoint "Cleanup", Time since last: 1000112059 ns, Reaching safepoint: 143931 ns, At safepoint: 11583 ns, Total: 155514 ns
[2020-02-26T08:35:05.002+0000][1][safepoint    ] Safepoint "Cleanup", Time since last: 1000627007 ns, Reaching safepoint: 133338 ns, At safepoint: 12902 ns, Total: 146240 ns
[2020-02-26T08:35:05.516+0000][1][safepoint    ] Safepoint "RevokeBias", Time since last: 513203788 ns, Reaching safepoint: 91161 ns, At safepoint: 84770 ns, Total: 175931 ns
[2020-02-26T08:35:06.526+0000][1][safepoint    ] Safepoint "Cleanup", Time since last: 1010681273 ns, Reaching safepoint: 98155 ns, At safepoint: 13273 ns, Total: 111428 ns
[2020-02-26T08:35:07.527+0000][1][safepoint    ] Safepoint "Cleanup", Time since last: 1000395925 ns, Reaching safepoint: 117273 ns, At safepoint: 15192 ns, Total: 132465 ns
[2020-02-26T08:35:08.159+0000][1][safepoint    ] Safepoint "RevokeBias", Time since last: 631984108 ns, Reaching safepoint: 103477 ns, At safepoint: 31969 ns, Total: 135446 ns
[2020-02-26T08:35:09.160+0000][1][safepoint    ] Safepoint "Cleanup", Time since last: 1001021412 ns, Reaching safepoint: 262769 ns, At safepoint: 60129 ns, Total: 322898 ns
[2020-02-26T08:35:10.161+0000][1][safepoint    ] Safepoint "Cleanup", Time since last: 1000306307 ns, Reaching safepoint: 84790 ns, At safepoint: 10758 ns, Total: 95548 ns
[2020-02-26T08:35:10.672+0000][1][safepoint    ] Safepoint "RevokeBias", Time since last: 511348573 ns, Reaching safepoint: 87289 ns, At safepoint: 22130 ns, Total: 109419 ns
[2020-02-26T08:35:11.675+0000][1][safepoint    ] Safepoint "Cleanup", Time since last: 1002976472 ns, Reaching safepoint: 97290 ns, At safepoint: 11240 ns, Total: 108530 ns
[2020-02-26T08:35:12.677+0000][1][safepoint    ] Safepoint "Cleanup", Time since last: 1002025160 ns, Reaching safepoint: 114739 ns, At safepoint: 15207 ns, Total: 129946 ns
[2020-02-26T08:35:13.182+0000][1][safepoint    ] Safepoint "RevokeBias", Time since last: 504812213 ns, Reaching safepoint: 122258 ns, At safepoint: 47512 ns, Total: 169770 ns
[2020-02-26T08:35:14.184+0000][1][safepoint    ] Safepoint "Cleanup", Time since last: 1000981861 ns, Reaching safepoint: 102354 ns, At safepoint: 14026 ns, Total: 116380 ns
[2020-02-26T08:35:15.190+0000][1][safepoint    ] Safepoint "Cleanup", Time since last: 1006281715 ns, Reaching safepoint: 223741 ns, At safepoint: 18221 ns, Total: 241962 ns
[2020-02-26T08:35:15.698+0000][1][safepoint    ] Safepoint "RevokeBias", Time since last: 507556450 ns, Reaching safepoint: 99610 ns, At safepoint: 31949 ns, Total: 131559 ns
[2020-02-26T08:35:16.699+0000][1][safepoint    ] Safepoint "Cleanup", Time since last: 1000843301 ns, Reaching safepoint: 115856 ns, At safepoint: 17833 ns, Total: 133689 ns
[2020-02-26T08:35:17.700+0000][1][safepoint    ] Safepoint "Cleanup", Time since last: 1001138341 ns, Reaching safepoint: 80192 ns, At safepoint: 8792 ns, Total: 88984 ns
[2020-02-26T08:35:18.215+0000][1][safepoint    ] Safepoint "RevokeBias", Time since last: 514859556 ns, Reaching safepoint: 92446 ns, At safepoint: 27503 ns, Total: 119949 ns
[2020-02-26T08:35:19.217+0000][1][safepoint    ] Safepoint "Cleanup", Time since last: 1001694507 ns, Reaching safepoint: 73218 ns, At safepoint: 9610 ns, Total: 82828 ns
[2020-02-26T08:35:20.217+0000][1][safepoint    ] Safepoint "Cleanup", Time since last: 1000451232 ns, Reaching safepoint: 101479 ns, At safepoint: 12696 ns, Total: 114175 ns
[2020-02-26T08:35:20.727+0000][1][safepoint    ] Safepoint "RevokeBias", Time since last: 510028633 ns, Reaching safepoint: 60237 ns, At safepoint: 18972 ns, Total: 79209 ns
[2020-02-26T08:35:21.728+0000][1][safepoint    ] Safepoint "Cleanup", Time since last: 1000814757 ns, Reaching safepoint: 90945 ns, At safepoint: 9689 ns, Total: 100634 ns
[2020-02-26T08:35:22.776+0000][1][safepoint    ] Safepoint "Cleanup", Time since last: 1047195707 ns, Reaching safepoint: 121633 ns, At safepoint: 16819 ns, Total: 138452 ns
[2020-02-26T08:35:23.409+0000][1][safepoint    ] Safepoint "RevokeBias", Time since last: 633616749 ns, Reaching safepoint: 86983 ns, At safepoint: 29189 ns, Total: 116172 ns
[2020-02-26T08:35:24.411+0000][1][safepoint    ] Safepoint "Cleanup", Time since last: 1001263062 ns, Reaching safepoint: 96674 ns, At safepoint: 10047 ns, Total: 106721 ns
[2020-02-26T08:35:25.412+0000][1][safepoint    ] Safepoint "Cleanup", Time since last: 1000715089 ns, Reaching safepoint: 109684 ns, At safepoint: 22971 ns, Total: 132655 ns
[2020-02-26T08:35:26.047+0000][1][safepoint    ] Safepoint "RevokeBias", Time since last: 518799650 ns, Reaching safepoint: 116809905 ns, At safepoint: 37648 ns, Total: 116847553 ns
[2020-02-26T08:35:27.048+0000][1][safepoint    ] Safepoint "Cleanup", Time since last: 1000633991 ns, Reaching safepoint: 94394 ns, At safepoint: 10774 ns, Total: 105168 ns
[2020-02-26T08:35:27.797+0000][1][safepoint    ] Safepoint "RevokeBias", Time since last: 748702855 ns, Reaching safepoint: 96787 ns, At safepoint: 14006 ns, Total: 110793 ns
[2020-02-26T08:35:27.802+0000][1][safepoint    ] Safepoint "RevokeBias", Time since last: 5471241 ns, Reaching safepoint: 55625 ns, At safepoint: 18901 ns, Total: 74526 ns
[2020-02-26T08:35:27.859+0000][1][safepoint    ] Safepoint "RevokeBias", Time since last: 56563686 ns, Reaching safepoint: 88191 ns, At safepoint: 23645 ns, Total: 111836 ns
[2020-02-26T08:35:27.860+0000][1][safepoint    ] Safepoint "RevokeBias", Time since last: 1101649 ns, Reaching safepoint: 219918 ns, At safepoint: 42065 ns, Total: 261983 ns
[2020-02-26T08:35:28.437+0000][1][safepoint    ] Safepoint "RevokeBias", Time since last: 576936459 ns, Reaching safepoint: 58497 ns, At safepoint: 19957 ns, Total: 78454 ns
[2020-02-26T08:35:29.439+0000][1][safepoint    ] Safepoint "Cleanup", Time since last: 1001309609 ns, Reaching safepoint: 236729 ns, At safepoint: 14178 ns, Total: 250907 ns
[2020-02-26T08:35:30.439+0000][1][safepoint    ] Safepoint "Cleanup", Time since last: 1000328270 ns, Reaching safepoint: 83643 ns, At safepoint: 9301 ns, Total: 92944 ns
[2020-02-26T08:35:30.945+0000][1][safepoint    ] Safepoint "RevokeBias", Time since last: 505633748 ns, Reaching safepoint: 53806 ns, At safepoint: 18815 ns, Total: 72621 ns
[2020-02-26T08:35:31.945+0000][1][safepoint    ] Safepoint "Cleanup", Time since last: 1000277926 ns, Reaching safepoint: 82274 ns, At safepoint: 8837 ns, Total: 91111 ns
[2020-02-26T08:35:32.946+0000][1][safepoint    ] Safepoint "Cleanup", Time since last: 1000576922 ns, Reaching safepoint: 82557 ns, At safepoint: 10150 ns, Total: 92707 ns
[2020-02-26T08:35:33.461+0000][1][safepoint    ] Safepoint "RevokeBias", Time since last: 510751760 ns, Reaching safepoint: 4026650 ns, At safepoint: 29661 ns, Total: 4056311 ns
[2020-02-26T08:35:34.463+0000][1][safepoint    ] Safepoint "Cleanup", Time since last: 1001789234 ns, Reaching safepoint: 130237 ns, At safepoint: 13051 ns, Total: 143288 ns
[2020-02-26T08:35:35.467+0000][1][safepoint    ] Safepoint "Cleanup", Time since last: 1004274682 ns, Reaching safepoint: 120721 ns, At safepoint: 18534 ns, Total: 139255 ns
[2020-02-26T08:35:35.966+0000][1][safepoint    ] Safepoint "RevokeBias", Time since last: 498696149 ns, Reaching safepoint: 64308 ns, At safepoint: 20503 ns, Total: 84811 ns
[2020-02-26T08:35:37.038+0000][1][safepoint    ] Safepoint "Cleanup", Time since last: 1071529562 ns, Reaching safepoint: 121566 ns, At safepoint: 14479 ns, Total: 136045 ns
[2020-02-26T08:35:38.038+0000][1][safepoint    ] Safepoint "Cleanup", Time since last: 1000508751 ns, Reaching safepoint: 86198 ns, At safepoint: 10510 ns, Total: 96708 ns
[2020-02-26T08:35:38.477+0000][1][safepoint    ] Safepoint "RevokeBias", Time since last: 438633493 ns, Reaching safepoint: 231994 ns, At safepoint: 66219 ns, Total: 298213 ns
[2020-02-26T08:35:39.479+0000][1][safepoint    ] Safepoint "Cleanup", Time since last: 1001180511 ns, Reaching safepoint: 108523 ns, At safepoint: 15508 ns, Total: 124031 ns
[2020-02-26T08:35:40.484+0000][1][safepoint    ] Safepoint "Cleanup", Time since last: 1005149426 ns, Reaching safepoint: 120663 ns, At safepoint: 12948 ns, Total: 133611 ns
[2020-02-26T08:35:41.002+0000][1][safepoint    ] Safepoint "RevokeBias", Time since last: 518275373 ns, Reaching safepoint: 65241 ns, At safepoint: 20203 ns, Total: 85444 ns
[2020-02-26T08:35:42.003+0000][1][safepoint    ] Safepoint "Cleanup", Time since last: 1000827237 ns, Reaching safepoint: 108690 ns, At safepoint: 57963 ns, Total: 166653 ns
[2020-02-26T08:35:43.004+0000][1][safepoint    ] Safepoint "Cleanup", Time since last: 1000818321 ns, Reaching safepoint: 104404 ns, At safepoint: 10595 ns, Total: 114999 ns
[2020-02-26T08:35:43.514+0000][1][safepoint    ] Safepoint "RevokeBias", Time since last: 509857724 ns, Reaching safepoint: 75329 ns, At safepoint: 20570 ns, Total: 95899 ns
[2020-02-26T08:35:44.515+0000][1][safepoint    ] Safepoint "Cleanup", Time since last: 1000882907 ns, Reaching safepoint: 198251 ns, At safepoint: 10269 ns, Total: 208520 ns
[2020-02-26T08:35:45.516+0000][1][safepoint    ] Safepoint "Cleanup", Time since last: 1001163609 ns, Reaching safepoint: 103517 ns, At safepoint: 12790 ns, Total: 116307 ns
[2020-02-26T08:35:46.025+0000][1][safepoint    ] Safepoint "RevokeBias", Time since last: 508189573 ns, Reaching safepoint: 251446 ns, At safepoint: 42340 ns, Total: 293786 ns
[2020-02-26T08:35:47.029+0000][1][safepoint    ] Safepoint "Cleanup", Time since last: 1003755459 ns, Reaching safepoint: 107526 ns, At safepoint: 13526 ns, Total: 121052 ns
[2020-02-26T08:35:48.033+0000][1][safepoint    ] Safepoint "Cleanup", Time since last: 1003727209 ns, Reaching safepoint: 123312 ns, At safepoint: 18311 ns, Total: 141623 ns
[2020-02-26T08:35:48.571+0000][1][safepoint    ] Safepoint "RevokeBias", Time since last: 533601776 ns, Reaching safepoint: 4256003 ns, At safepoint: 47497 ns, Total: 4303500 ns
[2020-02-26T08:35:49.571+0000][1][safepoint    ] Safepoint "Cleanup", Time since last: 1000801009 ns, Reaching safepoint: 83392 ns, At safepoint: 9356 ns, Total: 92748 ns
[2020-02-26T08:35:50.572+0000][1][safepoint    ] Safepoint "Cleanup", Time since last: 1000239474 ns, Reaching safepoint: 96246 ns, At safepoint: 9574 ns, Total: 105820 ns
[2020-02-26T08:35:51.169+0000][1][safepoint    ] Safepoint "RevokeBias", Time since last: 596748141 ns, Reaching safepoint: 81206 ns, At safepoint: 22826 ns, Total: 104032 ns
[2020-02-26T08:35:52.172+0000][1][safepoint    ] Safepoint "Cleanup", Time since last: 1002773610 ns, Reaching safepoint: 116542 ns, At safepoint: 13369 ns, Total: 129911 ns
[2020-02-26T08:35:53.178+0000][1][safepoint    ] Safepoint "Cleanup", Time since last: 1006203783 ns, Reaching safepoint: 114581 ns, At safepoint: 9601 ns, Total: 124182 ns
[2020-02-26T08:35:53.806+0000][1][safepoint    ] Safepoint "BulkRevokeBias", Time since last: 627505032 ns, Reaching safepoint: 80487 ns, At safepoint: 293389 ns, Total: 373876 ns
[2020-02-26T08:35:54.807+0000][1][safepoint    ] Safepoint "Cleanup", Time since last: 1000669101 ns, Reaching safepoint: 97003 ns, At safepoint: 9133 ns, Total: 106136 ns
[2020-02-26T08:35:55.807+0000][1][safepoint    ] Safepoint "Cleanup", Time since last: 1000214626 ns, Reaching safepoint: 83798 ns, At safepoint: 10789 ns, Total: 94587 ns
[2020-02-26T08:35:56.321+0000][1][safepoint    ] Safepoint "RevokeBias", Time since last: 514045744 ns, Reaching safepoint: 96173 ns, At safepoint: 26982 ns, Total: 123155 ns
[2020-02-26T08:35:57.322+0000][1][safepoint    ] Safepoint "Cleanup", Time since last: 1000674155 ns, Reaching safepoint: 81459 ns, At safepoint: 9464 ns, Total: 90923 ns
[2020-02-26T08:35:58.323+0000][1][safepoint    ] Safepoint "Cleanup", Time since last: 1001184098 ns, Reaching safepoint: 76537 ns, At safepoint: 7390 ns, Total: 83927 ns
[2020-02-26T08:35:58.843+0000][1][safepoint    ] Safepoint "RevokeBias", Time since last: 519378224 ns, Reaching safepoint: 192758 ns, At safepoint: 26691 ns, Total: 219449 ns
[2020-02-26T08:35:59.843+0000][1][safepoint    ] Safepoint "Cleanup", Time since last: 1000343858 ns, Reaching safepoint: 114312 ns, At safepoint: 9238 ns, Total: 123550 ns
[2020-02-26T08:36:00.844+0000][1][safepoint    ] Safepoint "Cleanup", Time since last: 1000638637 ns, Reaching safepoint: 153953 ns, At safepoint: 12303 ns, Total: 166256 ns
[2020-02-26T08:36:01.357+0000][1][safepoint    ] Safepoint "RevokeBias", Time since last: 512656878 ns, Reaching safepoint: 72671 ns, At safepoint: 23688 ns, Total: 96359 ns
[2020-02-26T08:36:02.357+0000][1][safepoint    ] Safepoint "Cleanup", Time since last: 1000602761 ns, Reaching safepoint: 87957 ns, At safepoint: 11295 ns, Total: 99252 ns
[2020-02-26T08:36:03.360+0000][1][safepoint    ] Safepoint "Cleanup", Time since last: 1002851107 ns, Reaching safepoint: 127845 ns, At safepoint: 18726 ns, Total: 146571 ns
[2020-02-26T08:36:03.875+0000][1][safepoint    ] Safepoint "RevokeBias", Time since last: 514544939 ns, Reaching safepoint: 111412 ns, At safepoint: 32089 ns, Total: 143501 ns
[2020-02-26T08:36:04.876+0000][1][safepoint    ] Safepoint "Cleanup", Time since last: 1000399180 ns, Reaching safepoint: 82585 ns, At safepoint: 9493 ns, Total: 92078 ns
[2020-02-26T08:36:05.878+0000][1][safepoint    ] Safepoint "Cleanup", Time since last: 1002413105 ns, Reaching safepoint: 112206 ns, At safepoint: 15146 ns, Total: 127352 ns
[2020-02-26T08:36:06.387+0000][1][safepoint    ] Safepoint "RevokeBias", Time since last: 509043849 ns, Reaching safepoint: 85076 ns, At safepoint: 36311 ns, Total: 121387 ns
[2020-02-26T08:36:07.388+0000][1][safepoint    ] Safepoint "Cleanup", Time since last: 1000602291 ns, Reaching safepoint: 111908 ns, At safepoint: 13414 ns, Total: 125322 ns
[2020-02-26T08:36:08.389+0000][1][safepoint    ] Safepoint "Cleanup", Time since last: 1000377323 ns, Reaching safepoint: 95006 ns, At safepoint: 10305 ns, Total: 105311 ns
[2020-02-26T08:36:08.922+0000][1][safepoint    ] Safepoint "RevokeBias", Time since last: 533537052 ns, Reaching safepoint: 83618 ns, At safepoint: 61299 ns, Total: 144917 ns
[2020-02-26T08:36:09.923+0000][1][safepoint    ] Safepoint "Cleanup", Time since last: 1000868487 ns, Reaching safepoint: 104877 ns, At safepoint: 12769 ns, Total: 117646 ns
[2020-02-26T08:36:10.928+0000][1][safepoint    ] Safepoint "Cleanup", Time since last: 1004949978 ns, Reaching safepoint: 187878 ns, At safepoint: 12408 ns, Total: 200286 ns
[2020-02-26T08:36:11.428+0000][1][safepoint    ] Safepoint "RevokeBias", Time since last: 499297130 ns, Reaching safepoint: 157672 ns, At safepoint: 31775 ns, Total: 189447 ns
[2020-02-26T08:36:12.428+0000][1][safepoint    ] Safepoint "Cleanup", Time since last: 1000343905 ns, Reaching safepoint: 105842 ns, At safepoint: 13904 ns, Total: 119746 ns
[2020-02-26T08:36:13.434+0000][1][safepoint    ] Safepoint "Cleanup", Time since last: 1005133488 ns, Reaching safepoint: 104848 ns, At safepoint: 13322 ns, Total: 118170 ns
[2020-02-26T08:36:13.942+0000][1][safepoint    ] Safepoint "RevokeBias", Time since last: 508748669 ns, Reaching safepoint: 158221 ns, At safepoint: 30723 ns, Total: 188944 ns
[2020-02-26T08:36:14.953+0000][1][safepoint    ] Safepoint "Cleanup", Time since last: 1009923225 ns, Reaching safepoint: 237423 ns, At safepoint: 17510 ns, Total: 254933 ns
[2020-02-26T08:36:15.954+0000][1][safepoint    ] Safepoint "Cleanup", Time since last: 1000777071 ns, Reaching safepoint: 180163 ns, At safepoint: 15985 ns, Total: 196148 ns
[2020-02-26T08:36:16.451+0000][1][safepoint    ] Safepoint "RevokeBias", Time since last: 497135505 ns, Reaching safepoint: 115572 ns, At safepoint: 25768 ns, Total: 141340 ns
[2020-02-26T08:36:17.451+0000][1][safepoint    ] Safepoint "Cleanup", Time since last: 1000356500 ns, Reaching safepoint: 152662 ns, At safepoint: 29487 ns, Total: 182149 ns
[2020-02-26T08:36:18.453+0000][1][safepoint    ] Safepoint "Cleanup", Time since last: 1001205113 ns, Reaching safepoint: 707881 ns, At safepoint: 15580 ns, Total: 723461 ns
[2020-02-26T08:36:18.960+0000][1][safepoint    ] Safepoint "RevokeBias", Time since last: 506547143 ns, Reaching safepoint: 125732 ns, At safepoint: 29285 ns, Total: 155017 ns
[2020-02-26T08:36:19.961+0000][1][safepoint    ] Safepoint "Cleanup", Time since last: 1000507060 ns, Reaching safepoint: 170998 ns, At safepoint: 15123 ns, Total: 186121 ns
[2020-02-26T08:36:20.962+0000][1][safepoint    ] Safepoint "Cleanup", Time since last: 1001305206 ns, Reaching safepoint: 117567 ns, At safepoint: 11900 ns, Total: 129467 ns
[2020-02-26T08:36:21.554+0000][1][safepoint    ] Safepoint "RevokeBias", Time since last: 581239007 ns, Reaching safepoint: 10892524 ns, At safepoint: 39850 ns, Total: 10932374 ns
[2020-02-26T08:36:22.555+0000][1][safepoint    ] Safepoint "Cleanup", Time since last: 1000212246 ns, Reaching safepoint: 103419 ns, At safepoint: 11222 ns, Total: 114641 ns
[2020-02-26T08:36:23.555+0000][1][safepoint    ] Safepoint "Cleanup", Time since last: 1000568821 ns, Reaching safepoint: 104685 ns, At safepoint: 29450 ns, Total: 134135 ns
[2020-02-26T08:36:24.068+0000][1][safepoint    ] Safepoint "RevokeBias", Time since last: 512647978 ns, Reaching safepoint: 78780 ns, At safepoint: 21064 ns, Total: 99844 ns
[2020-02-26T08:36:25.069+0000][1][safepoint    ] Safepoint "Cleanup", Time since last: 1000459269 ns, Reaching safepoint: 111644 ns, At safepoint: 13883 ns, Total: 125527 ns
[2020-02-26T08:36:26.077+0000][1][safepoint    ] Safepoint "Cleanup", Time since last: 1008550793 ns, Reaching safepoint: 158459 ns, At safepoint: 27449 ns, Total: 185908 ns
[2020-02-26T08:36:26.580+0000][1][safepoint    ] Safepoint "RevokeBias", Time since last: 502019824 ns, Reaching safepoint: 107097 ns, At safepoint: 29310 ns, Total: 136407 ns
[2020-02-26T08:36:27.582+0000][1][safepoint    ] Safepoint "Cleanup", Time since last: 1002006609 ns, Reaching safepoint: 114265 ns, At safepoint: 13027 ns, Total: 127292 ns
[2020-02-26T08:36:28.582+0000][1][safepoint    ] Safepoint "Cleanup", Time since last: 1000466664 ns, Reaching safepoint: 112443 ns, At safepoint: 13258 ns, Total: 125701 ns
[2020-02-26T08:36:29.095+0000][1][safepoint    ] Safepoint "RevokeBias", Time since last: 512887732 ns, Reaching safepoint: 81338 ns, At safepoint: 26921 ns, Total: 108259 ns
[2020-02-26T08:36:30.096+0000][1][safepoint    ] Safepoint "Cleanup", Time since last: 1000611178 ns, Reaching safepoint: 116428 ns, At safepoint: 15433 ns, Total: 131861 ns
[2020-02-26T08:36:31.096+0000][1][safepoint    ] Safepoint "Cleanup", Time since last: 1000185620 ns, Reaching safepoint: 91265 ns, At safepoint: 9189 ns, Total: 100454 ns
[2020-02-26T08:36:31.609+0000][1][safepoint    ] Safepoint "RevokeBias", Time since last: 512459961 ns, Reaching safepoint: 110913 ns, At safepoint: 31023 ns, Total: 141936 ns
[2020-02-26T08:36:32.609+0000][1][safepoint    ] Safepoint "Cleanup", Time since last: 1000221131 ns, Reaching safepoint: 100024 ns, At safepoint: 12680 ns, Total: 112704 ns
[2020-02-26T08:36:33.613+0000][1][safepoint    ] Safepoint "Cleanup", Time since last: 1003340507 ns, Reaching safepoint: 77763 ns, At safepoint: 9224 ns, Total: 86987 ns
[2020-02-26T08:36:34.124+0000][1][safepoint    ] Safepoint "RevokeBias", Time since last: 511227567 ns, Reaching safepoint: 220420 ns, At safepoint: 36401 ns, Total: 256821 ns
[2020-02-26T08:36:35.126+0000][1][safepoint    ] Safepoint "Cleanup", Time since last: 1001577029 ns, Reaching safepoint: 139129 ns, At safepoint: 13942 ns, Total: 153071 ns
[2020-02-26T08:36:36.127+0000][1][safepoint    ] Safepoint "Cleanup", Time since last: 1001078338 ns, Reaching safepoint: 164798 ns, At safepoint: 15967 ns, Total: 180765 ns
[2020-02-26T08:36:36.638+0000][1][safepoint    ] Safepoint "RevokeBias", Time since last: 510528936 ns, Reaching safepoint: 93452 ns, At safepoint: 35635 ns, Total: 129087 ns
[2020-02-26T08:36:37.639+0000][1][safepoint    ] Safepoint "Cleanup", Time since last: 1000753686 ns, Reaching safepoint: 102816 ns, At safepoint: 10792 ns, Total: 113608 ns
[2020-02-26T08:36:38.640+0000][1][safepoint    ] Safepoint "Cleanup", Time since last: 1001603926 ns, Reaching safepoint: 65814 ns, At safepoint: 8989 ns, Total: 74803 ns
[2020-02-26T08:36:39.168+0000][1][safepoint    ] Safepoint "RevokeBias", Time since last: 527025231 ns, Reaching safepoint: 91482 ns, At safepoint: 30196 ns, Total: 121678 ns
[2020-02-26T08:36:40.177+0000][1][safepoint    ] Safepoint "Cleanup", Time since last: 1009727076 ns, Reaching safepoint: 106767 ns, At safepoint: 14602 ns, Total: 121369 ns
[2020-02-26T08:36:41.179+0000][1][safepoint    ] Safepoint "Cleanup", Time since last: 1001069178 ns, Reaching safepoint: 103543 ns, At safepoint: 14281 ns, Total: 117824 ns
[2020-02-26T08:36:41.677+0000][1][safepoint    ] Safepoint "RevokeBias", Time since last: 498002942 ns, Reaching safepoint: 111959 ns, At safepoint: 34409 ns, Total: 146368 ns
[2020-02-26T08:36:42.679+0000][1][safepoint    ] Safepoint "Cleanup", Time since last: 1002645112 ns, Reaching safepoint: 86871 ns, At safepoint: 8814 ns, Total: 95685 ns
[2020-02-26T08:36:43.680+0000][1][safepoint    ] Safepoint "Cleanup", Time since last: 1000194614 ns, Reaching safepoint: 162099 ns, At safepoint: 12559 ns, Total: 174658 ns
[2020-02-26T08:36:44.190+0000][1][safepoint    ] Safepoint "RevokeBias", Time since last: 509636194 ns, Reaching safepoint: 74493 ns, At safepoint: 22602 ns, Total: 97095 ns
[2020-02-26T08:36:45.195+0000][1][safepoint    ] Safepoint "Cleanup", Time since last: 1005637790 ns, Reaching safepoint: 81652 ns, At safepoint: 8532 ns, Total: 90184 ns
[2020-02-26T08:36:46.196+0000][1][safepoint    ] Safepoint "Cleanup", Time since last: 1000362932 ns, Reaching safepoint: 176279 ns, At safepoint: 15715 ns, Total: 191994 ns
[2020-02-26T08:36:46.697+0000][1][safepoint    ] Safepoint "RevokeBias", Time since last: 500920662 ns, Reaching safepoint: 75774 ns, At safepoint: 21398 ns, Total: 97172 ns
[2020-02-26T08:36:47.698+0000][1][safepoint    ] Safepoint "Cleanup", Time since last: 1000707738 ns, Reaching safepoint: 97949 ns, At safepoint: 10016 ns, Total: 107965 ns
[2020-02-26T08:36:48.698+0000][1][safepoint    ] Safepoint "Cleanup", Time since last: 1000354231 ns, Reaching safepoint: 104957 ns, At safepoint: 10222 ns, Total: 115179 ns
[2020-02-26T08:36:49.204+0000][1][safepoint    ] Safepoint "RevokeBias", Time since last: 505732335 ns, Reaching safepoint: 92176 ns, At safepoint: 20661 ns, Total: 112837 ns
[2020-02-26T08:36:50.205+0000][1][safepoint    ] Safepoint "Cleanup", Time since last: 1001234845 ns, Reaching safepoint: 157448 ns, At safepoint: 27675 ns, Total: 185123 ns
[2020-02-26T08:36:51.206+0000][1][safepoint    ] Safepoint "Cleanup", Time since last: 1000312412 ns, Reaching safepoint: 116425 ns, At safepoint: 23725 ns, Total: 140150 ns
[2020-02-26T08:36:51.713+0000][1][safepoint    ] Safepoint "RevokeBias", Time since last: 506728514 ns, Reaching safepoint: 100532 ns, At safepoint: 26072 ns, Total: 126604 ns
[2020-02-26T08:36:52.713+0000][1][safepoint    ] Safepoint "Cleanup", Time since last: 1000387901 ns, Reaching safepoint: 111680 ns, At safepoint: 13822 ns, Total: 125502 ns
[2020-02-26T08:36:53.714+0000][1][safepoint    ] Safepoint "Cleanup", Time since last: 1000342131 ns, Reaching safepoint: 109298 ns, At safepoint: 13672 ns, Total: 122970 ns
[2020-02-26T08:36:54.223+0000][1][safepoint    ] Safepoint "RevokeBias", Time since last: 509244707 ns, Reaching safepoint: 126256 ns, At safepoint: 41944 ns, Total: 168200 ns
[2020-02-26T08:36:55.224+0000][1][safepoint    ] Safepoint "Cleanup", Time since last: 1000698481 ns, Reaching safepoint: 112453 ns, At safepoint: 12215 ns, Total: 124668 ns
[2020-02-26T08:36:56.227+0000][1][safepoint    ] Safepoint "Cleanup", Time since last: 1003321750 ns, Reaching safepoint: 64493 ns, At safepoint: 8912 ns, Total: 73405 ns
[2020-02-26T08:36:56.738+0000][1][safepoint    ] Safepoint "RevokeBias", Time since last: 508786226 ns, Reaching safepoint: 2093636 ns, At safepoint: 38972 ns, Total: 2132608 ns
[2020-02-26T08:36:57.739+0000][1][safepoint    ] Safepoint "Cleanup", Time since last: 1000196141 ns, Reaching safepoint: 135363 ns, At safepoint: 24483 ns, Total: 159846 ns
[2020-02-26T08:36:58.740+0000][1][safepoint    ] Safepoint "Cleanup", Time since last: 1000702569 ns, Reaching safepoint: 236767 ns, At safepoint: 28234 ns, Total: 265001 ns
[2020-02-26T08:36:59.244+0000][1][safepoint    ] Safepoint "RevokeBias", Time since last: 504430079 ns, Reaching safepoint: 76589 ns, At safepoint: 20928 ns, Total: 97517 ns
[2020-02-26T08:37:00.245+0000][1][safepoint    ] Safepoint "Cleanup", Time since last: 1000637299 ns, Reaching safepoint: 83420 ns, At safepoint: 9446 ns, Total: 92866 ns
[2020-02-26T08:37:01.247+0000][1][safepoint    ] Safepoint "Cleanup", Time since last: 1001565926 ns, Reaching safepoint: 100180 ns, At safepoint: 10862 ns, Total: 111042 ns
[2020-02-26T08:37:01.759+0000][1][safepoint    ] Safepoint "RevokeBias", Time since last: 512448150 ns, Reaching safepoint: 152161 ns, At safepoint: 27607 ns, Total: 179768 ns
[2020-02-26T08:37:02.760+0000][1][safepoint    ] Safepoint "Cleanup", Time since last: 1000439153 ns, Reaching safepoint: 93737 ns, At safepoint: 10746 ns, Total: 104483 ns
[2020-02-26T08:37:03.761+0000][1][safepoint    ] Safepoint "Cleanup", Time since last: 1000769845 ns, Reaching safepoint: 125984 ns, At safepoint: 14837 ns, Total: 140821 ns
[2020-02-26T08:37:04.269+0000][1][safepoint    ] Safepoint "RevokeBias", Time since last: 508559212 ns, Reaching safepoint: 80862 ns, At safepoint: 21648 ns, Total: 102510 ns
[2020-02-26T08:37:05.270+0000][1][safepoint    ] Safepoint "Cleanup", Time since last: 1000239421 ns, Reaching safepoint: 128139 ns, At safepoint: 18093 ns, Total: 146232 ns
[2020-02-26T08:37:06.270+0000][1][safepoint    ] Safepoint "Cleanup", Time since last: 1000457648 ns, Reaching safepoint: 128589 ns, At safepoint: 15340 ns, Total: 143929 ns
[2020-02-26T08:37:06.779+0000][1][safepoint    ] Safepoint "BulkRevokeBias", Time since last: 507841472 ns, Reaching safepoint: 78772 ns, At safepoint: 564232 ns, Total: 643004 ns
[2020-02-26T08:37:07.788+0000][1][safepoint    ] Safepoint "Cleanup", Time since last: 1009430493 ns, Reaching safepoint: 96451 ns, At safepoint: 9488 ns, Total: 105939 ns
[2020-02-26T08:37:08.789+0000][1][safepoint    ] Safepoint "Cleanup", Time since last: 1000526932 ns, Reaching safepoint: 181097 ns, At safepoint: 10684 ns, Total: 191781 ns
[2020-02-26T08:37:09.289+0000][1][safepoint    ] Safepoint "RevokeBias", Time since last: 499725784 ns, Reaching safepoint: 73910 ns, At safepoint: 20608 ns, Total: 94518 ns
[2020-02-26T08:37:10.289+0000][1][safepoint    ] Safepoint "Cleanup", Time since last: 1000573406 ns, Reaching safepoint: 99602 ns, At safepoint: 9449 ns, Total: 109051 ns
[2020-02-26T08:37:11.290+0000][1][safepoint    ] Safepoint "Cleanup", Time since last: 1000228287 ns, Reaching safepoint: 93034 ns, At safepoint: 10190 ns, Total: 103224 ns
[2020-02-26T08:37:11.799+0000][1][safepoint    ] Safepoint "RevokeBias", Time since last: 507794248 ns, Reaching safepoint: 1694054 ns, At safepoint: 27251 ns, Total: 1721305 ns
[2020-02-26T08:37:12.800+0000][1][safepoint    ] Safepoint "Cleanup", Time since last: 1000956911 ns, Reaching safepoint: 67669 ns, At safepoint: 8171 ns, Total: 75840 ns
[2020-02-26T08:37:13.801+0000][1][safepoint    ] Safepoint "Cleanup", Time since last: 1000740699 ns, Reaching safepoint: 98355 ns, At safepoint: 11580 ns, Total: 109935 ns
[2020-02-26T08:37:14.304+0000][1][gc,start     ] GC(32) Pause Young (Allocation Failure)
[2020-02-26T08:37:14.304+0000][1][gc,task      ] GC(32) Using 1 workers of 1 for evacuation
[2020-02-26T08:37:14.329+0000][1][gc,age       ] GC(32) Desired survivor size 4358144 bytes, new threshold 6 (max threshold 6)
[2020-02-26T08:37:14.329+0000][1][gc,age       ] GC(32) Age table with threshold 6 (max threshold 6)
[2020-02-26T08:37:14.329+0000][1][gc,age       ] GC(32) - age   1:     100864 bytes,     100864 total
[2020-02-26T08:37:14.329+0000][1][gc,age       ] GC(32) - age   2:      12896 bytes,     113760 total
[2020-02-26T08:37:14.329+0000][1][gc,age       ] GC(32) - age   3:     302232 bytes,     415992 total
[2020-02-26T08:37:14.329+0000][1][gc,age       ] GC(32) - age   4:    1713512 bytes,    2129504 total
[2020-02-26T08:37:14.329+0000][1][gc,heap      ] GC(32) ParNew: 72555K->3694K(76672K)
[2020-02-26T08:37:14.329+0000][1][gc,heap      ] GC(32) CMS: 60508K->60508K(963392K)
[2020-02-26T08:37:14.329+0000][1][gc,metaspace ] GC(32) Metaspace: 78437K->78437K(1122304K)
[2020-02-26T08:37:14.329+0000][1][gc           ] GC(32) Pause Young (Allocation Failure) 129M->62M(1015M) 25.764ms
[2020-02-26T08:37:14.329+0000][1][gc,cpu       ] GC(32) User=0.02s Sys=0.00s Real=0.03s
[2020-02-26T08:37:14.329+0000][1][safepoint    ] Safepoint "GenCollectForAllocation", Time since last: 502251396 ns, Reaching safepoint: 85045 ns, At safepoint: 25818583 ns, Total: 25903628 ns
[2020-02-26T08:37:14.331+0000][1][safepoint    ] Safepoint "RevokeBias", Time since last: 1114326 ns, Reaching safepoint: 56035 ns, At safepoint: 17975 ns, Total: 74010 ns
[2020-02-26T08:37:15.332+0000][1][safepoint    ] Safepoint "Cleanup", Time since last: 1000877752 ns, Reaching safepoint: 77240 ns, At safepoint: 8182 ns, Total: 85422 ns
[2020-02-26T08:37:16.332+0000][1][safepoint    ] Safepoint "Cleanup", Time since last: 1000755939 ns, Reaching safepoint: 106300 ns, At safepoint: 13656 ns, Total: 119956 ns
[2020-02-26T08:37:16.835+0000][1][safepoint    ] Safepoint "RevokeBias", Time since last: 502732272 ns, Reaching safepoint: 169863 ns, At safepoint: 26633 ns, Total: 196496 ns
[2020-02-26T08:37:17.836+0000][1][safepoint    ] Safepoint "Cleanup", Time since last: 1000393841 ns, Reaching safepoint: 101537 ns, At safepoint: 13975 ns, Total: 115512 ns
[2020-02-26T08:37:18.837+0000][1][safepoint    ] Safepoint "Cleanup", Time since last: 1001386853 ns, Reaching safepoint: 112539 ns, At safepoint: 9373 ns, Total: 121912 ns
[2020-02-26T08:37:19.343+0000][1][safepoint    ] Safepoint "RevokeBias", Time since last: 505855672 ns, Reaching safepoint: 71587 ns, At safepoint: 18851 ns, Total: 90438 ns
[2020-02-26T08:37:20.344+0000][1][safepoint    ] Safepoint "Cleanup", Time since last: 1000358522 ns, Reaching safepoint: 94851 ns, At safepoint: 9088 ns, Total: 103939 ns
[2020-02-26T08:37:21.344+0000][1][safepoint    ] Safepoint "Cleanup", Time since last: 1000316271 ns, Reaching safepoint: 111133 ns, At safepoint: 10313 ns, Total: 121446 ns
[2020-02-26T08:37:21.850+0000][1][safepoint    ] Safepoint "RevokeBias", Time since last: 505806733 ns, Reaching safepoint: 171577 ns, At safepoint: 21483 ns, Total: 193060 ns
[2020-02-26T08:37:22.851+0000][1][safepoint    ] Safepoint "Cleanup", Time since last: 1000431383 ns, Reaching safepoint: 88230 ns, At safepoint: 9070 ns, Total: 97300 ns
[2020-02-26T08:37:23.851+0000][1][safepoint    ] Safepoint "Cleanup", Time since last: 1000190243 ns, Reaching safepoint: 97929 ns, At safepoint: 8392 ns, Total: 106321 ns
[2020-02-26T08:37:24.364+0000][1][safepoint    ] Safepoint "RevokeBias", Time since last: 512434182 ns, Reaching safepoint: 81021 ns, At safepoint: 22274 ns, Total: 103295 ns
[2020-02-26T08:37:25.364+0000][1][safepoint    ] Safepoint "Cleanup", Time since last: 1000118610 ns, Reaching safepoint: 198697 ns, At safepoint: 13602 ns, Total: 212299 ns
[2020-02-26T08:37:26.364+0000][1][safepoint    ] Safepoint "Cleanup", Time since last: 1000426729 ns, Reaching safepoint: 95441 ns, At safepoint: 9090 ns, Total: 104531 ns
[2020-02-26T08:37:26.876+0000][1][safepoint    ] Safepoint "RevokeBias", Time since last: 511245088 ns, Reaching safepoint: 78744 ns, At safepoint: 21556 ns, Total: 100300 ns
[2020-02-26T08:37:27.876+0000][1][safepoint    ] Safepoint "Cleanup", Time since last: 1000585704 ns, Reaching safepoint: 85007 ns, At safepoint: 9739 ns, Total: 94746 ns
[2020-02-26T08:37:28.877+0000][1][safepoint    ] Safepoint "Cleanup", Time since last: 1000372105 ns, Reaching safepoint: 116076 ns, At safepoint: 11034 ns, Total: 127110 ns
[2020-02-26T08:37:29.396+0000][1][safepoint    ] Safepoint "RevokeBias", Time since last: 519059349 ns, Reaching safepoint: 61336 ns, At safepoint: 18787 ns, Total: 80123 ns
[2020-02-26T08:37:30.397+0000][1][safepoint    ] Safepoint "Cleanup", Time since last: 1000717327 ns, Reaching safepoint: 95280 ns, At safepoint: 8909 ns, Total: 104189 ns
[2020-02-26T08:37:31.397+0000][1][safepoint    ] Safepoint "Cleanup", Time since last: 1000390273 ns, Reaching safepoint: 116199 ns, At safepoint: 10578 ns, Total: 126777 ns
[2020-02-26T08:37:31.907+0000][1][safepoint    ] Safepoint "RevokeBias", Time since last: 509018554 ns, Reaching safepoint: 134528 ns, At safepoint: 22814 ns, Total: 157342 ns
[2020-02-26T08:37:32.907+0000][1][safepoint    ] Safepoint "Cleanup", Time since last: 1000499544 ns, Reaching safepoint: 86922 ns, At safepoint: 9457 ns, Total: 96379 ns
[2020-02-26T08:37:33.908+0000][1][safepoint    ] Safepoint "Cleanup", Time since last: 1000369516 ns, Reaching safepoint: 82662 ns, At safepoint: 9035 ns, Total: 91697 ns
[2020-02-26T08:37:34.417+0000][1][safepoint    ] Safepoint "RevokeBias", Time since last: 508931132 ns, Reaching safepoint: 88357 ns, At safepoint: 75905 ns, Total: 164262 ns
[2020-02-26T08:37:35.419+0000][1][safepoint    ] Safepoint "Cleanup", Time since last: 1001657218 ns, Reaching safepoint: 383014 ns, At safepoint: 16120 ns, Total: 399134 ns
[2020-02-26T08:37:36.420+0000][1][safepoint    ] Safepoint "Cleanup", Time since last: 1000671136 ns, Reaching safepoint: 114937 ns, At safepoint: 12676 ns, Total: 127613 ns
[2020-02-26T08:37:36.927+0000][1][safepoint    ] Safepoint "RevokeBias", Time since last: 506927831 ns, Reaching safepoint: 150911 ns, At safepoint: 26379 ns, Total: 177290 ns
[2020-02-26T08:37:37.927+0000][1][safepoint    ] Safepoint "Cleanup", Time since last: 1000548480 ns, Reaching safepoint: 89316 ns, At safepoint: 10176 ns, Total: 99492 ns
[2020-02-26T08:37:38.928+0000][1][safepoint    ] Safepoint "Cleanup", Time since last: 1000424504 ns, Reaching safepoint: 94101 ns, At safepoint: 10497 ns, Total: 104598 ns
[2020-02-26T08:37:39.437+0000][1][safepoint    ] Safepoint "RevokeBias", Time since last: 508781349 ns, Reaching safepoint: 74955 ns, At safepoint: 21041 ns, Total: 95996 ns
[2020-02-26T08:37:40.445+0000][1][safepoint    ] Safepoint "Cleanup", Time since last: 1002432614 ns, Reaching safepoint: 6120164 ns, At safepoint: 21254 ns, Total: 6141418 ns
[2020-02-26T08:37:41.446+0000][1][safepoint    ] Safepoint "Cleanup", Time since last: 1000848723 ns, Reaching safepoint: 84727 ns, At safepoint: 10863 ns, Total: 95590 ns
[2020-02-26T08:37:41.950+0000][1][safepoint    ] Safepoint "RevokeBias", Time since last: 503622915 ns, Reaching safepoint: 89296 ns, At safepoint: 23925 ns, Total: 113221 ns
[2020-02-26T08:37:42.951+0000][1][safepoint    ] Safepoint "Cleanup", Time since last: 1000696044 ns, Reaching safepoint: 137878 ns, At safepoint: 12394 ns, Total: 150272 ns
[2020-02-26T08:37:43.951+0000][1][safepoint    ] Safepoint "Cleanup", Time since last: 1000198513 ns, Reaching safepoint: 84120 ns, At safepoint: 9262 ns, Total: 93382 ns
[2020-02-26T08:37:44.460+0000][1][safepoint    ] Safepoint "RevokeBias", Time since last: 508707193 ns, Reaching safepoint: 119773 ns, At safepoint: 52155 ns, Total: 171928 ns
[2020-02-26T08:37:45.464+0000][1][safepoint    ] Safepoint "Cleanup", Time since last: 1004301551 ns, Reaching safepoint: 59276 ns, At safepoint: 8120 ns, Total: 67396 ns
[2020-02-26T08:37:46.465+0000][1][safepoint    ] Safepoint "Cleanup", Time since last: 1000610792 ns, Reaching safepoint: 98852 ns, At safepoint: 12742 ns, Total: 111594 ns
[2020-02-26T08:37:46.965+0000][1][safepoint    ] Safepoint "RevokeBias", Time since last: 499926856 ns, Reaching safepoint: 79073 ns, At safepoint: 21182 ns, Total: 100255 ns
[2020-02-26T08:37:47.966+0000][1][safepoint    ] Safepoint "Cleanup", Time since last: 1000649030 ns, Reaching safepoint: 120280 ns, At safepoint: 9595 ns, Total: 129875 ns
[2020-02-26T08:37:48.966+0000][1][safepoint    ] Safepoint "Cleanup", Time since last: 1000392285 ns, Reaching safepoint: 81387 ns, At safepoint: 8903 ns, Total: 90290 ns
[2020-02-26T08:37:49.474+0000][1][safepoint    ] Safepoint "RevokeBias", Time since last: 507735466 ns, Reaching safepoint: 104911 ns, At safepoint: 23372 ns, Total: 128283 ns
[2020-02-26T08:37:50.475+0000][1][safepoint    ] Safepoint "Cleanup", Time since last: 1000637083 ns, Reaching safepoint: 84867 ns, At safepoint: 9919 ns, Total: 94786 ns
[2020-02-26T08:37:51.479+0000][1][safepoint    ] Safepoint "Cleanup", Time since last: 1003403924 ns, Reaching safepoint: 113933 ns, At safepoint: 10081 ns, Total: 124014 ns
[2020-02-26T08:37:51.980+0000][1][safepoint    ] Safepoint "RevokeBias", Time since last: 501262528 ns, Reaching safepoint: 55576 ns, At safepoint: 18625 ns, Total: 74201 ns
[2020-02-26T08:37:52.981+0000][1][safepoint    ] Safepoint "Cleanup", Time since last: 1001036506 ns, Reaching safepoint: 108683 ns, At safepoint: 17933 ns, Total: 126616 ns
[2020-02-26T08:37:53.982+0000][1][safepoint    ] Safepoint "Cleanup", Time since last: 1000880657 ns, Reaching safepoint: 81633 ns, At safepoint: 8820 ns, Total: 90453 ns
[2020-02-26T08:37:54.490+0000][1][safepoint    ] Safepoint "RevokeBias", Time since last: 507885208 ns, Reaching safepoint: 77552 ns, At safepoint: 20946 ns, Total: 98498 ns
[2020-02-26T08:37:55.491+0000][1][safepoint    ] Safepoint "Cleanup", Time since last: 1000933035 ns, Reaching safepoint: 83060 ns, At safepoint: 30986 ns, Total: 114046 ns
[2020-02-26T08:37:56.494+0000][1][safepoint    ] Safepoint "Cleanup", Time since last: 1003148505 ns, Reaching safepoint: 96022 ns, At safepoint: 9544 ns, Total: 105566 ns
[2020-02-26T08:37:57.010+0000][1][safepoint    ] Safepoint "RevokeBias", Time since last: 515498158 ns, Reaching safepoint: 141180 ns, At safepoint: 33511 ns, Total: 174691 ns
[2020-02-26T08:37:58.011+0000][1][safepoint    ] Safepoint "Cleanup", Time since last: 1000776941 ns, Reaching safepoint: 86878 ns, At safepoint: 9926 ns, Total: 96804 ns
[2020-02-26T08:37:59.011+0000][1][safepoint    ] Safepoint "Cleanup", Time since last: 1000357374 ns, Reaching safepoint: 89112 ns, At safepoint: 11495 ns, Total: 100607 ns
[2020-02-26T08:37:59.523+0000][1][safepoint    ] Safepoint "RevokeBias", Time since last: 511838194 ns, Reaching safepoint: 76057 ns, At safepoint: 20579 ns, Total: 96636 ns
[2020-02-26T08:38:00.524+0000][1][safepoint    ] Safepoint "Cleanup", Time since last: 1000297947 ns, Reaching safepoint: 82564 ns, At safepoint: 8979 ns, Total: 91543 ns
[2020-02-26T08:38:01.525+0000][1][safepoint    ] Safepoint "Cleanup", Time since last: 1001686516 ns, Reaching safepoint: 82857 ns, At safepoint: 8134 ns, Total: 90991 ns
[2020-02-26T08:38:02.048+0000][1][safepoint    ] Safepoint "RevokeBias", Time since last: 522312550 ns, Reaching safepoint: 78788 ns, At safepoint: 22022 ns, Total: 100810 ns
[2020-02-26T08:38:03.056+0000][1][safepoint    ] Safepoint "Cleanup", Time since last: 1007594421 ns, Reaching safepoint: 81024 ns, At safepoint: 8405 ns, Total: 89429 ns
[2020-02-26T08:38:04.056+0000][1][safepoint    ] Safepoint "Cleanup", Time since last: 1000679815 ns, Reaching safepoint: 90539 ns, At safepoint: 9359 ns, Total: 99898 ns
[2020-02-26T08:38:04.557+0000][1][safepoint    ] Safepoint "RevokeBias", Time since last: 500518655 ns, Reaching safepoint: 85190 ns, At safepoint: 20387 ns, Total: 105577 ns
[2020-02-26T08:38:05.558+0000][1][safepoint    ] Safepoint "Cleanup", Time since last: 1000830879 ns, Reaching safepoint: 82635 ns, At safepoint: 8580 ns, Total: 91215 ns
[2020-02-26T08:38:06.559+0000][1][safepoint    ] Safepoint "Cleanup", Time since last: 1000647449 ns, Reaching safepoint: 110329 ns, At safepoint: 19084 ns, Total: 129413 ns
[2020-02-26T08:38:07.064+0000][1][safepoint    ] Safepoint "RevokeBias", Time since last: 505077176 ns, Reaching safepoint: 82861 ns, At safepoint: 21634 ns, Total: 104495 ns
[2020-02-26T08:38:08.068+0000][1][safepoint    ] Safepoint "Cleanup", Time since last: 1004474989 ns, Reaching safepoint: 105514 ns, At safepoint: 9748 ns, Total: 115262 ns
[2020-02-26T08:38:09.069+0000][1][safepoint    ] Safepoint "Cleanup", Time since last: 1000706754 ns, Reaching safepoint: 83364 ns, At safepoint: 9746 ns, Total: 93110 ns
[2020-02-26T08:38:09.572+0000][1][safepoint    ] Safepoint "RevokeBias", Time since last: 502667069 ns, Reaching safepoint: 154192 ns, At safepoint: 38125 ns, Total: 192317 ns
[2020-02-26T08:38:10.573+0000][1][safepoint    ] Safepoint "Cleanup", Time since last: 1000897503 ns, Reaching safepoint: 87171 ns, At safepoint: 9441 ns, Total: 96612 ns
[2020-02-26T08:38:11.574+0000][1][safepoint    ] Safepoint "Cleanup", Time since last: 1000628156 ns, Reaching safepoint: 88493 ns, At safepoint: 8598 ns, Total: 97091 ns
[2020-02-26T08:38:12.085+0000][1][safepoint    ] Safepoint "RevokeBias", Time since last: 510984444 ns, Reaching safepoint: 83733 ns, At safepoint: 22092 ns, Total: 105825 ns
[2020-02-26T08:38:13.086+0000][1][safepoint    ] Safepoint "Cleanup", Time since last: 1000675205 ns, Reaching safepoint: 85274 ns, At safepoint: 10302 ns, Total: 95576 ns
[2020-02-26T08:38:14.092+0000][1][safepoint    ] Safepoint "Cleanup", Time since last: 1006411095 ns, Reaching safepoint: 93202 ns, At safepoint: 7719 ns, Total: 100921 ns
[2020-02-26T08:38:14.600+0000][1][safepoint    ] Safepoint "RevokeBias", Time since last: 508078134 ns, Reaching safepoint: 76543 ns, At safepoint: 19848 ns, Total: 96391 ns
[2020-02-26T08:38:15.602+0000][1][safepoint    ] Safepoint "Cleanup", Time since last: 1001059265 ns, Reaching safepoint: 206750 ns, At safepoint: 11631 ns, Total: 218381 ns
[2020-02-26T08:38:16.602+0000][1][safepoint    ] Safepoint "Cleanup", Time since last: 1000077740 ns, Reaching safepoint: 137376 ns, At safepoint: 12022 ns, Total: 149398 ns
[2020-02-26T08:38:17.110+0000][1][safepoint    ] Safepoint "RevokeBias", Time since last: 508360867 ns, Reaching safepoint: 243749 ns, At safepoint: 35514 ns, Total: 279263 ns
[2020-02-26T08:38:18.111+0000][1][safepoint    ] Safepoint "Cleanup", Time since last: 1000112349 ns, Reaching safepoint: 102665 ns, At safepoint: 15110 ns, Total: 117775 ns
[2020-02-26T08:38:19.115+0000][1][safepoint    ] Safepoint "Cleanup", Time since last: 1003966518 ns, Reaching safepoint: 92050 ns, At safepoint: 9562 ns, Total: 101612 ns
[2020-02-26T08:38:19.627+0000][1][safepoint    ] Safepoint "BulkRevokeBias", Time since last: 512120268 ns, Reaching safepoint: 95510 ns, At safepoint: 202318 ns, Total: 297828 ns
[2020-02-26T08:38:20.627+0000][1][safepoint    ] Safepoint "Cleanup", Time since last: 1000175582 ns, Reaching safepoint: 84661 ns, At safepoint: 10377 ns, Total: 95038 ns
[2020-02-26T08:38:21.628+0000][1][safepoint    ] Safepoint "Cleanup", Time since last: 1000837374 ns, Reaching safepoint: 85284 ns, At safepoint: 10587 ns, Total: 95871 ns
[2020-02-26T08:38:22.140+0000][1][safepoint    ] Safepoint "RevokeBias", Time since last: 511049162 ns, Reaching safepoint: 129587 ns, At safepoint: 25026 ns, Total: 154613 ns
[2020-02-26T08:38:23.141+0000][1][safepoint    ] Safepoint "Cleanup", Time since last: 1000927230 ns, Reaching safepoint: 206631 ns, At safepoint: 13958 ns, Total: 220589 ns
[2020-02-26T08:38:24.141+0000][1][safepoint    ] Safepoint "Cleanup", Time since last: 1000613879 ns, Reaching safepoint: 85667 ns, At safepoint: 9784 ns, Total: 95451 ns
[2020-02-26T08:38:24.654+0000][1][safepoint    ] Safepoint "RevokeBias", Time since last: 512758453 ns, Reaching safepoint: 75608 ns, At safepoint: 19506 ns, Total: 95114 ns
[2020-02-26T08:38:25.655+0000][1][safepoint    ] Safepoint "Cleanup", Time since last: 1000922863 ns, Reaching safepoint: 84527 ns, At safepoint: 9719 ns, Total: 94246 ns
[2020-02-26T08:38:26.656+0000][1][safepoint    ] Safepoint "Cleanup", Time since last: 1000295774 ns, Reaching safepoint: 130538 ns, At safepoint: 14523 ns, Total: 145061 ns
[2020-02-26T08:38:27.273+0000][1][safepoint    ] Safepoint "RevokeBias", Time since last: 616860648 ns, Reaching safepoint: 78625 ns, At safepoint: 21815 ns, Total: 100440 ns
[2020-02-26T08:38:28.274+0000][1][safepoint    ] Safepoint "Cleanup", Time since last: 1000775764 ns, Reaching safepoint: 93526 ns, At safepoint: 11350 ns, Total: 104876 ns
[2020-02-26T08:38:29.274+0000][1][safepoint    ] Safepoint "Cleanup", Time since last: 1000527597 ns, Reaching safepoint: 84066 ns, At safepoint: 8885 ns, Total: 92951 ns
[2020-02-26T08:38:29.800+0000][1][safepoint    ] Safepoint "RevokeBias", Time since last: 525171298 ns, Reaching safepoint: 96872 ns, At safepoint: 28149 ns, Total: 125021 ns
[2020-02-26T08:38:30.800+0000][1][safepoint    ] Safepoint "Cleanup", Time since last: 1000283761 ns, Reaching safepoint: 83439 ns, At safepoint: 8799 ns, Total: 92238 ns
[2020-02-26T08:38:31.801+0000][1][safepoint    ] Safepoint "Cleanup", Time since last: 1000575779 ns, Reaching safepoint: 105608 ns, At safepoint: 11851 ns, Total: 117459 ns
[2020-02-26T08:38:32.311+0000][1][safepoint    ] Safepoint "RevokeBias", Time since last: 510282566 ns, Reaching safepoint: 128421 ns, At safepoint: 42455 ns, Total: 170876 ns
[2020-02-26T08:38:33.312+0000][1][safepoint    ] Safepoint "Cleanup", Time since last: 1000457651 ns, Reaching safepoint: 85255 ns, At safepoint: 9288 ns, Total: 94543 ns
[2020-02-26T08:38:34.312+0000][1][safepoint    ] Safepoint "Cleanup", Time since last: 1000813459 ns, Reaching safepoint: 84705 ns, At safepoint: 9619 ns, Total: 94324 ns
[2020-02-26T08:38:34.822+0000][1][safepoint    ] Safepoint "RevokeBias", Time since last: 509176110 ns, Reaching safepoint: 140216 ns, At safepoint: 53158 ns, Total: 193374 ns
[2020-02-26T08:38:35.827+0000][1][safepoint    ] Safepoint "Cleanup", Time since last: 1005077049 ns, Reaching safepoint: 182741 ns, At safepoint: 12497 ns, Total: 195238 ns
[2020-02-26T08:38:36.828+0000][1][safepoint    ] Safepoint "Cleanup", Time since last: 1000776138 ns, Reaching safepoint: 99404 ns, At safepoint: 8805 ns, Total: 108209 ns
[2020-02-26T08:38:37.328+0000][1][safepoint    ] Safepoint "RevokeBias", Time since last: 499357298 ns, Reaching safepoint: 159353 ns, At safepoint: 23330 ns, Total: 182683 ns
[2020-02-26T08:38:38.328+0000][1][safepoint    ] Safepoint "Cleanup", Time since last: 1000621006 ns, Reaching safepoint: 83173 ns, At safepoint: 9128 ns, Total: 92301 ns
[2020-02-26T08:38:39.329+0000][1][safepoint    ] Safepoint "Cleanup", Time since last: 1000171331 ns, Reaching safepoint: 87279 ns, At safepoint: 10331 ns, Total: 97610 ns
[2020-02-26T08:38:39.838+0000][1][safepoint    ] Safepoint "RevokeBias", Time since last: 509487726 ns, Reaching safepoint: 162369 ns, At safepoint: 37065 ns, Total: 199434 ns
[2020-02-26T08:38:40.847+0000][1][safepoint    ] Safepoint "Cleanup", Time since last: 1008389209 ns, Reaching safepoint: 104118 ns, At safepoint: 26368 ns, Total: 130486 ns
[2020-02-26T08:38:41.848+0000][1][safepoint    ] Safepoint "Cleanup", Time since last: 1000907365 ns, Reaching safepoint: 80263 ns, At safepoint: 8969 ns, Total: 89232 ns
[2020-02-26T08:38:42.343+0000][1][safepoint    ] Safepoint "RevokeBias", Time since last: 495034146 ns, Reaching safepoint: 77731 ns, At safepoint: 91995 ns, Total: 169726 ns
[2020-02-26T08:38:43.343+0000][1][safepoint    ] Safepoint "Cleanup", Time since last: 1000364297 ns, Reaching safepoint: 82629 ns, At safepoint: 8367 ns, Total: 90996 ns
[2020-02-26T08:38:44.344+0000][1][safepoint    ] Safepoint "Cleanup", Time since last: 1000718555 ns, Reaching safepoint: 186047 ns, At safepoint: 13361 ns, Total: 199408 ns
[2020-02-26T08:38:44.848+0000][1][safepoint    ] Safepoint "RevokeBias", Time since last: 503747332 ns, Reaching safepoint: 198987 ns, At safepoint: 31167 ns, Total: 230154 ns
[2020-02-26T08:38:45.849+0000][1][safepoint    ] Safepoint "Cleanup", Time since last: 1000796153 ns, Reaching safepoint: 127436 ns, At safepoint: 13435 ns, Total: 140871 ns
[2020-02-26T08:38:46.854+0000][1][safepoint    ] Safepoint "Cleanup", Time since last: 1005075185 ns, Reaching safepoint: 78043 ns, At safepoint: 9182 ns, Total: 87225 ns
[2020-02-26T08:38:47.353+0000][1][safepoint    ] Safepoint "RevokeBias", Time since last: 498398670 ns, Reaching safepoint: 76779 ns, At safepoint: 33199 ns, Total: 109978 ns
[2020-02-26T08:38:48.355+0000][1][safepoint    ] Safepoint "Cleanup", Time since last: 1001664104 ns, Reaching safepoint: 219652 ns, At safepoint: 9432 ns, Total: 229084 ns
[2020-02-26T08:38:49.355+0000][1][safepoint    ] Safepoint "Cleanup", Time since last: 1000291204 ns, Reaching safepoint: 132913 ns, At safepoint: 14786 ns, Total: 147699 ns
[2020-02-26T08:38:49.869+0000][1][safepoint    ] Safepoint "RevokeBias", Time since last: 513154051 ns, Reaching safepoint: 117473 ns, At safepoint: 94462 ns, Total: 211935 ns
[2020-02-26T08:38:50.869+0000][1][safepoint    ] Safepoint "Cleanup", Time since last: 1000509762 ns, Reaching safepoint: 102568 ns, At safepoint: 12468 ns, Total: 115036 ns
[2020-02-26T08:38:51.874+0000][1][safepoint    ] Safepoint "Cleanup", Time since last: 1004190231 ns, Reaching safepoint: 76858 ns, At safepoint: 8398 ns, Total: 85256 ns
[2020-02-26T08:38:52.388+0000][1][safepoint    ] Safepoint "RevokeBias", Time since last: 514281627 ns, Reaching safepoint: 198067 ns, At safepoint: 23380 ns, Total: 221447 ns
[2020-02-26T08:38:53.389+0000][1][safepoint    ] Safepoint "Cleanup", Time since last: 1000756932 ns, Reaching safepoint: 112526 ns, At safepoint: 11480 ns, Total: 124006 ns
[2020-02-26T08:38:54.390+0000][1][safepoint    ] Safepoint "Cleanup", Time since last: 1000560377 ns, Reaching safepoint: 88257 ns, At safepoint: 8614 ns, Total: 96871 ns
[2020-02-26T08:38:54.902+0000][1][safepoint    ] Safepoint "RevokeBias", Time since last: 512468382 ns, Reaching safepoint: 80656 ns, At safepoint: 21395 ns, Total: 102051 ns
[2020-02-26T08:38:55.903+0000][1][safepoint    ] Safepoint "Cleanup", Time since last: 1000480105 ns, Reaching safepoint: 105767 ns, At safepoint: 15267 ns, Total: 121034 ns
[2020-02-26T08:38:56.908+0000][1][safepoint    ] Safepoint "Cleanup", Time since last: 1004972148 ns, Reaching safepoint: 162700 ns, At safepoint: 12373 ns, Total: 175073 ns
[2020-02-26T08:38:57.430+0000][1][safepoint    ] Safepoint "RevokeBias", Time since last: 521630238 ns, Reaching safepoint: 118772 ns, At safepoint: 31279 ns, Total: 150051 ns
[2020-02-26T08:38:58.430+0000][1][safepoint    ] Safepoint "Cleanup", Time since last: 1000402503 ns, Reaching safepoint: 136669 ns, At safepoint: 9978 ns, Total: 146647 ns
[2020-02-26T08:38:59.431+0000][1][safepoint    ] Safepoint "Cleanup", Time since last: 1000319987 ns, Reaching safepoint: 118685 ns, At safepoint: 12696 ns, Total: 131381 ns
[2020-02-26T08:38:59.947+0000][1][safepoint    ] Safepoint "RevokeBias", Time since last: 515796152 ns, Reaching safepoint: 94223 ns, At safepoint: 23892 ns, Total: 118115 ns
[2020-02-26T08:39:00.947+0000][1][safepoint    ] Safepoint "Cleanup", Time since last: 1000846201 ns, Reaching safepoint: 86429 ns, At safepoint: 9847 ns, Total: 96276 ns
[2020-02-26T08:39:01.948+0000][1][safepoint    ] Safepoint "Cleanup", Time since last: 1000397218 ns, Reaching safepoint: 82857 ns, At safepoint: 9974 ns, Total: 92831 ns
[2020-02-26T08:39:02.457+0000][1][safepoint    ] Safepoint "RevokeBias", Time since last: 509013772 ns, Reaching safepoint: 119402 ns, At safepoint: 32931 ns, Total: 152333 ns
[2020-02-26T08:39:03.458+0000][1][safepoint    ] Safepoint "Cleanup", Time since last: 1000811724 ns, Reaching safepoint: 95426 ns, At safepoint: 10976 ns, Total: 106402 ns
[2020-02-26T08:39:04.462+0000][1][safepoint    ] Safepoint "Cleanup", Time since last: 1004204956 ns, Reaching safepoint: 110893 ns, At safepoint: 10426 ns, Total: 121319 ns
[2020-02-26T08:39:04.967+0000][1][safepoint    ] Safepoint "RevokeBias", Time since last: 504834658 ns, Reaching safepoint: 76653 ns, At safepoint: 20250 ns, Total: 96903 ns
[2020-02-26T08:39:05.968+0000][1][safepoint    ] Safepoint "Cleanup", Time since last: 1000423723 ns, Reaching safepoint: 82352 ns, At safepoint: 8775 ns, Total: 91127 ns
[2020-02-26T08:39:06.968+0000][1][safepoint    ] Safepoint "Cleanup", Time since last: 1000451593 ns, Reaching safepoint: 146071 ns, At safepoint: 13295 ns, Total: 159366 ns
[2020-02-26T08:39:07.479+0000][1][safepoint    ] Safepoint "RevokeBias", Time since last: 510118697 ns, Reaching safepoint: 157341 ns, At safepoint: 43298 ns, Total: 200639 ns
[2020-02-26T08:39:08.488+0000][1][safepoint    ] Safepoint "Cleanup", Time since last: 1009386141 ns, Reaching safepoint: 99423 ns, At safepoint: 8935 ns, Total: 108358 ns
[2020-02-26T08:39:09.489+0000][1][safepoint    ] Safepoint "Cleanup", Time since last: 1000517732 ns, Reaching safepoint: 78450 ns, At safepoint: 8193 ns, Total: 86643 ns
[2020-02-26T08:39:09.987+0000][1][safepoint    ] Safepoint "RevokeBias", Time since last: 498126857 ns, Reaching safepoint: 57956 ns, At safepoint: 19293 ns, Total: 77249 ns
[2020-02-26T08:39:10.987+0000][1][safepoint    ] Safepoint "Cleanup", Time since last: 1000195607 ns, Reaching safepoint: 100671 ns, At safepoint: 9021 ns, Total: 109692 ns
[2020-02-26T08:39:11.988+0000][1][safepoint    ] Safepoint "Cleanup", Time since last: 1000528322 ns, Reaching safepoint: 98637 ns, At safepoint: 9988 ns, Total: 108625 ns
[2020-02-26T08:39:12.493+0000][1][safepoint    ] Safepoint "RevokeBias", Time since last: 504652040 ns, Reaching safepoint: 86713 ns, At safepoint: 38628 ns, Total: 125341 ns
[2020-02-26T08:39:13.500+0000][1][safepoint    ] Safepoint "Cleanup", Time since last: 1007121894 ns, Reaching safepoint: 141327 ns, At safepoint: 36205 ns, Total: 177532 ns
[2020-02-26T08:39:14.501+0000][1][safepoint    ] Safepoint "Cleanup", Time since last: 1001089359 ns, Reaching safepoint: 133346 ns, At safepoint: 14923 ns, Total: 148269 ns
[2020-02-26T08:39:15.001+0000][1][safepoint    ] Safepoint "RevokeBias", Time since last: 500049674 ns, Reaching safepoint: 89710 ns, At safepoint: 20704 ns, Total: 110414 ns
[2020-02-26T08:39:16.002+0000][1][safepoint    ] Safepoint "Cleanup", Time since last: 1000811722 ns, Reaching safepoint: 117699 ns, At safepoint: 9986 ns, Total: 127685 ns
[2020-02-26T08:39:17.003+0000][1][safepoint    ] Safepoint "Cleanup", Time since last: 1000601874 ns, Reaching safepoint: 83247 ns, At safepoint: 9237 ns, Total: 92484 ns
[2020-02-26T08:39:17.505+0000][1][safepoint    ] Safepoint "RevokeBias", Time since last: 502017301 ns, Reaching safepoint: 78425 ns, At safepoint: 20565 ns, Total: 98990 ns
[2020-02-26T08:39:18.506+0000][1][safepoint    ] Safepoint "Cleanup", Time since last: 1000341340 ns, Reaching safepoint: 107863 ns, At safepoint: 9539 ns, Total: 117402 ns
[2020-02-26T08:39:19.509+0000][1][safepoint    ] Safepoint "Cleanup", Time since last: 1002901196 ns, Reaching safepoint: 253868 ns, At safepoint: 32140 ns, Total: 286008 ns
[2020-02-26T08:39:20.027+0000][1][safepoint    ] Safepoint "RevokeBias", Time since last: 518091985 ns, Reaching safepoint: 55993 ns, At safepoint: 18647 ns, Total: 74640 ns
[2020-02-26T08:39:21.027+0000][1][safepoint    ] Safepoint "Cleanup", Time since last: 1000141125 ns, Reaching safepoint: 106071 ns, At safepoint: 8743 ns, Total: 114814 ns
[2020-02-26T08:39:22.028+0000][1][safepoint    ] Safepoint "Cleanup", Time since last: 1000643958 ns, Reaching safepoint: 111369 ns, At safepoint: 10175 ns, Total: 121544 ns
[2020-02-26T08:39:22.538+0000][1][safepoint    ] Safepoint "RevokeBias", Time since last: 509807136 ns, Reaching safepoint: 162714 ns, At safepoint: 71938 ns, Total: 234652 ns
[2020-02-26T08:39:23.539+0000][1][safepoint    ] Safepoint "Cleanup", Time since last: 1000589950 ns, Reaching safepoint: 84626 ns, At safepoint: 10355 ns, Total: 94981 ns
[2020-02-26T08:39:24.545+0000][1][safepoint    ] Safepoint "Cleanup", Time since last: 1006463178 ns, Reaching safepoint: 78070 ns, At safepoint: 7511 ns, Total: 85581 ns
[2020-02-26T08:39:25.044+0000][1][safepoint    ] Safepoint "RevokeBias", Time since last: 498895750 ns, Reaching safepoint: 75500 ns, At safepoint: 19816 ns, Total: 95316 ns
[2020-02-26T08:39:26.045+0000][1][safepoint    ] Safepoint "Cleanup", Time since last: 1000869572 ns, Reaching safepoint: 96926 ns, At safepoint: 8720 ns, Total: 105646 ns
[2020-02-26T08:39:27.047+0000][1][safepoint    ] Safepoint "Cleanup", Time since last: 1001127631 ns, Reaching safepoint: 102858 ns, At safepoint: 9654 ns, Total: 112512 ns
[2020-02-26T08:39:27.554+0000][1][safepoint    ] Safepoint "RevokeBias", Time since last: 507734046 ns, Reaching safepoint: 130696 ns, At safepoint: 35980 ns, Total: 166676 ns
[2020-02-26T08:39:28.556+0000][1][safepoint    ] Safepoint "Cleanup", Time since last: 1000947906 ns, Reaching safepoint: 138358 ns, At safepoint: 29856 ns, Total: 168214 ns
[2020-02-26T08:39:29.562+0000][1][safepoint    ] Safepoint "Cleanup", Time since last: 1006133275 ns, Reaching safepoint: 95726 ns, At safepoint: 7764 ns, Total: 103490 ns
[2020-02-26T08:39:30.073+0000][1][safepoint    ] Safepoint "RevokeBias", Time since last: 511242496 ns, Reaching safepoint: 58249 ns, At safepoint: 20445 ns, Total: 78694 ns
[2020-02-26T08:39:30.533+0000][1][gc,start     ] GC(33) Pause Young (Allocation Failure)
[2020-02-26T08:39:30.533+0000][1][gc,task      ] GC(33) Using 1 workers of 1 for evacuation
[2020-02-26T08:39:30.555+0000][1][gc,age       ] GC(33) Desired survivor size 4358144 bytes, new threshold 6 (max threshold 6)
[2020-02-26T08:39:30.555+0000][1][gc,age       ] GC(33) Age table with threshold 6 (max threshold 6)
[2020-02-26T08:39:30.555+0000][1][gc,age       ] GC(33) - age   1:      12992 bytes,      12992 total
[2020-02-26T08:39:30.555+0000][1][gc,age       ] GC(33) - age   2:      54472 bytes,      67464 total
[2020-02-26T08:39:30.555+0000][1][gc,age       ] GC(33) - age   3:      12896 bytes,      80360 total
[2020-02-26T08:39:30.555+0000][1][gc,age       ] GC(33) - age   4:     302232 bytes,     382592 total
[2020-02-26T08:39:30.555+0000][1][gc,age       ] GC(33) - age   5:    1713512 bytes,    2096104 total
[2020-02-26T08:39:30.555+0000][1][gc,heap      ] GC(33) ParNew: 71854K->2483K(76672K)
[2020-02-26T08:39:30.555+0000][1][gc,heap      ] GC(33) CMS: 60508K->60508K(963392K)
[2020-02-26T08:39:30.555+0000][1][gc,metaspace ] GC(33) Metaspace: 78570K->78570K(1122304K)
[2020-02-26T08:39:30.555+0000][1][gc           ] GC(33) Pause Young (Allocation Failure) 129M->61M(1015M) 22.210ms
[2020-02-26T08:39:30.555+0000][1][gc,cpu       ] GC(33) User=0.02s Sys=0.00s Real=0.02s
[2020-02-26T08:39:30.555+0000][1][safepoint    ] Safepoint "GenCollectForAllocation", Time since last: 459716447 ns, Reaching safepoint: 77865 ns, At safepoint: 22267317 ns, Total: 22345182 ns
[2020-02-26T08:39:31.556+0000][1][safepoint    ] Safepoint "Cleanup", Time since last: 1000618536 ns, Reaching safepoint: 83854 ns, At safepoint: 8952 ns, Total: 92806 ns
[2020-02-26T08:39:32.557+0000][1][safepoint    ] Safepoint "Cleanup", Time since last: 1000560731 ns, Reaching safepoint: 80218 ns, At safepoint: 7146 ns, Total: 87364 ns
[2020-02-26T08:39:32.584+0000][1][safepoint    ] Safepoint "BulkRevokeBias", Time since last: 27295970 ns, Reaching safepoint: 123176 ns, At safepoint: 267636 ns, Total: 390812 ns
[2020-02-26T08:39:33.585+0000][1][safepoint    ] Safepoint "Cleanup", Time since last: 1000543203 ns, Reaching safepoint: 149509 ns, At safepoint: 9453 ns, Total: 158962 ns
[2020-02-26T08:39:34.586+0000][1][safepoint    ] Safepoint "Cleanup", Time since last: 1000448038 ns, Reaching safepoint: 147845 ns, At safepoint: 26216 ns, Total: 174061 ns
[2020-02-26T08:39:35.114+0000][1][safepoint    ] Safepoint "RevokeBias", Time since last: 527913548 ns, Reaching safepoint: 79463 ns, At safepoint: 21682 ns, Total: 101145 ns
[2020-02-26T08:39:36.114+0000][1][safepoint    ] Safepoint "Cleanup", Time since last: 1000520333 ns, Reaching safepoint: 78312 ns, At safepoint: 7735 ns, Total: 86047 ns
[2020-02-26T08:39:37.115+0000][1][safepoint    ] Safepoint "Cleanup", Time since last: 1000553778 ns, Reaching safepoint: 77595 ns, At safepoint: 7703 ns, Total: 85298 ns
[2020-02-26T08:39:37.625+0000][1][safepoint    ] Safepoint "RevokeBias", Time since last: 510555505 ns, Reaching safepoint: 77185 ns, At safepoint: 20089 ns, Total: 97274 ns
[2020-02-26T08:39:38.626+0000][1][safepoint    ] Safepoint "Cleanup", Time since last: 1000495723 ns, Reaching safepoint: 83131 ns, At safepoint: 9593 ns, Total: 92724 ns
[2020-02-26T08:39:39.627+0000][1][safepoint    ] Safepoint "Cleanup", Time since last: 1000809411 ns, Reaching safepoint: 79847 ns, At safepoint: 8008 ns, Total: 87855 ns
[2020-02-26T08:39:40.136+0000][1][safepoint    ] Safepoint "RevokeBias", Time since last: 508756555 ns, Reaching safepoint: 93940 ns, At safepoint: 20815 ns, Total: 114755 ns
[2020-02-26T08:39:41.139+0000][1][safepoint    ] Safepoint "Cleanup", Time since last: 1002736833 ns, Reaching safepoint: 81281 ns, At safepoint: 8446 ns, Total: 89727 ns
[2020-02-26T08:39:42.139+0000][1][safepoint    ] Safepoint "Cleanup", Time since last: 1000205958 ns, Reaching safepoint: 126375 ns, At safepoint: 12462 ns, Total: 138837 ns
[2020-02-26T08:39:42.641+0000][1][safepoint    ] Safepoint "RevokeBias", Time since last: 501795328 ns, Reaching safepoint: 100125 ns, At safepoint: 26013 ns, Total: 126138 ns
[2020-02-26T08:39:43.641+0000][1][safepoint    ] Safepoint "Cleanup", Time since last: 1000227897 ns, Reaching safepoint: 94263 ns, At safepoint: 9262 ns, Total: 103525 ns
[2020-02-26T08:39:44.642+0000][1][safepoint    ] Safepoint "Cleanup", Time since last: 1000696544 ns, Reaching safepoint: 82369 ns, At safepoint: 9012 ns, Total: 91381 ns
[2020-02-26T08:39:45.147+0000][1][safepoint    ] Safepoint "RevokeBias", Time since last: 504363053 ns, Reaching safepoint: 95869 ns, At safepoint: 24222 ns, Total: 120091 ns
[2020-02-26T08:39:46.152+0000][1][safepoint    ] Safepoint "Cleanup", Time since last: 1005086362 ns, Reaching safepoint: 82509 ns, At safepoint: 8707 ns, Total: 91216 ns
[2020-02-26T08:39:47.153+0000][1][safepoint    ] Safepoint "Cleanup", Time since last: 1000703263 ns, Reaching safepoint: 82987 ns, At safepoint: 9858 ns, Total: 92845 ns
[2020-02-26T08:39:47.650+0000][1][safepoint    ] Safepoint "RevokeBias", Time since last: 497315735 ns, Reaching safepoint: 75927 ns, At safepoint: 20266 ns, Total: 96193 ns
[2020-02-26T08:39:48.651+0000][1][safepoint    ] Safepoint "Cleanup", Time since last: 1000491478 ns, Reaching safepoint: 90239 ns, At safepoint: 9379 ns, Total: 99618 ns
[2020-02-26T08:39:49.651+0000][1][safepoint    ] Safepoint "Cleanup", Time since last: 1000303234 ns, Reaching safepoint: 129470 ns, At safepoint: 8836 ns, Total: 138306 ns
[2020-02-26T08:39:50.166+0000][1][safepoint    ] Safepoint "RevokeBias", Time since last: 514567008 ns, Reaching safepoint: 56434 ns, At safepoint: 18671 ns, Total: 75105 ns
[2020-02-26T08:39:51.166+0000][1][safepoint    ] Safepoint "Cleanup", Time since last: 1000638076 ns, Reaching safepoint: 91337 ns, At safepoint: 9705 ns, Total: 101042 ns
[2020-02-26T08:39:52.172+0000][1][safepoint    ] Safepoint "Cleanup", Time since last: 1005093031 ns, Reaching safepoint: 64094 ns, At safepoint: 8172 ns, Total: 72266 ns
[2020-02-26T08:39:52.678+0000][1][safepoint    ] Safepoint "RevokeBias", Time since last: 506188948 ns, Reaching safepoint: 80844 ns, At safepoint: 20107 ns, Total: 100951 ns
[2020-02-26T08:39:53.679+0000][1][safepoint    ] Safepoint "Cleanup", Time since last: 1000720541 ns, Reaching safepoint: 225206 ns, At safepoint: 31324 ns, Total: 256530 ns
[2020-02-26T08:39:54.680+0000][1][safepoint    ] Safepoint "Cleanup", Time since last: 1000987905 ns, Reaching safepoint: 89550 ns, At safepoint: 9603 ns, Total: 99153 ns
[2020-02-26T08:39:55.187+0000][1][safepoint    ] Safepoint "RevokeBias", Time since last: 507070215 ns, Reaching safepoint: 77564 ns, At safepoint: 19732 ns, Total: 97296 ns
[2020-02-26T08:39:56.188+0000][1][safepoint    ] Safepoint "Cleanup", Time since last: 1000785991 ns, Reaching safepoint: 148352 ns, At safepoint: 10485 ns, Total: 158837 ns
[2020-02-26T08:39:57.193+0000][1][safepoint    ] Safepoint "Cleanup", Time since last: 1005101685 ns, Reaching safepoint: 108738 ns, At safepoint: 28598 ns, Total: 137336 ns
[2020-02-26T08:39:57.715+0000][1][safepoint    ] Safepoint "RevokeBias", Time since last: 522047715 ns, Reaching safepoint: 54060 ns, At safepoint: 18669 ns, Total: 72729 ns
[2020-02-26T08:39:58.716+0000][1][safepoint    ] Safepoint "Cleanup", Time since last: 1000672644 ns, Reaching safepoint: 84051 ns, At safepoint: 8968 ns, Total: 93019 ns
[2020-02-26T08:39:59.717+0000][1][safepoint    ] Safepoint "Cleanup", Time since last: 1000815755 ns, Reaching safepoint: 84989 ns, At safepoint: 9208 ns, Total: 94197 ns
[2020-02-26T08:40:00.230+0000][1][safepoint    ] Safepoint "RevokeBias", Time since last: 513071150 ns, Reaching safepoint: 77730 ns, At safepoint: 20384 ns, Total: 98114 ns
[2020-02-26T08:40:01.231+0000][1][safepoint    ] Safepoint "Cleanup", Time since last: 1000770930 ns, Reaching safepoint: 118950 ns, At safepoint: 9504 ns, Total: 128454 ns
[2020-02-26T08:40:02.234+0000][1][safepoint    ] Safepoint "Cleanup", Time since last: 1003248976 ns, Reaching safepoint: 95798 ns, At safepoint: 8965 ns, Total: 104763 ns
[2020-02-26T08:40:02.744+0000][1][safepoint    ] Safepoint "RevokeBias", Time since last: 508954130 ns, Reaching safepoint: 108635 ns, At safepoint: 110130 ns, Total: 218765 ns
[2020-02-26T08:40:03.744+0000][1][safepoint    ] Safepoint "Cleanup", Time since last: 1000127223 ns, Reaching safepoint: 81757 ns, At safepoint: 8919 ns, Total: 90676 ns
[2020-02-26T08:40:04.744+0000][1][safepoint    ] Safepoint "Cleanup", Time since last: 1000305874 ns, Reaching safepoint: 82351 ns, At safepoint: 8745 ns, Total: 91096 ns
[2020-02-26T08:40:05.256+0000][1][safepoint    ] Safepoint "RevokeBias", Time since last: 511944799 ns, Reaching safepoint: 71972 ns, At safepoint: 17336 ns, Total: 89308 ns
[2020-02-26T08:40:06.257+0000][1][safepoint    ] Safepoint "Cleanup", Time since last: 1000632713 ns, Reaching safepoint: 85842 ns, At safepoint: 9210 ns, Total: 95052 ns
[2020-02-26T08:40:07.257+0000][1][safepoint    ] Safepoint "Cleanup", Time since last: 1000385117 ns, Reaching safepoint: 86492 ns, At safepoint: 8569 ns, Total: 95061 ns
[2020-02-26T08:40:07.781+0000][1][safepoint    ] Safepoint "RevokeBias", Time since last: 523770734 ns, Reaching safepoint: 80086 ns, At safepoint: 20419 ns, Total: 100505 ns
[2020-02-26T08:40:08.782+0000][1][safepoint    ] Safepoint "Cleanup", Time since last: 1000330677 ns, Reaching safepoint: 82634 ns, At safepoint: 8672 ns, Total: 91306 ns
[2020-02-26T08:40:09.782+0000][1][safepoint    ] Safepoint "Cleanup", Time since last: 1000328710 ns, Reaching safepoint: 79825 ns, At safepoint: 8028 ns, Total: 87853 ns
[2020-02-26T08:40:10.293+0000][1][safepoint    ] Safepoint "RevokeBias", Time since last: 510641091 ns, Reaching safepoint: 77940 ns, At safepoint: 20452 ns, Total: 98392 ns
[2020-02-26T08:40:11.294+0000][1][safepoint    ] Safepoint "Cleanup", Time since last: 1000539164 ns, Reaching safepoint: 141111 ns, At safepoint: 12822 ns, Total: 153933 ns
[2020-02-26T08:40:12.294+0000][1][safepoint    ] Safepoint "Cleanup", Time since last: 1000424338 ns, Reaching safepoint: 124753 ns, At safepoint: 10111 ns, Total: 134864 ns
[2020-02-26T08:40:12.798+0000][1][safepoint    ] Safepoint "RevokeBias", Time since last: 504200596 ns, Reaching safepoint: 75979 ns, At safepoint: 19307 ns, Total: 95286 ns
[2020-02-26T08:40:13.806+0000][1][safepoint    ] Safepoint "Cleanup", Time since last: 1007038019 ns, Reaching safepoint: 253189 ns, At safepoint: 20457 ns, Total: 273646 ns
[2020-02-26T08:40:14.806+0000][1][safepoint    ] Safepoint "Cleanup", Time since last: 1000144200 ns, Reaching safepoint: 114551 ns, At safepoint: 9334 ns, Total: 123885 ns
[2020-02-26T08:40:15.306+0000][1][safepoint    ] Safepoint "RevokeBias", Time since last: 499610082 ns, Reaching safepoint: 95632 ns, At safepoint: 43263 ns, Total: 138895 ns
[2020-02-26T08:40:16.306+0000][1][safepoint    ] Safepoint "Cleanup", Time since last: 1000129017 ns, Reaching safepoint: 95059 ns, At safepoint: 10737 ns, Total: 105796 ns
[2020-02-26T08:40:17.307+0000][1][safepoint    ] Safepoint "Cleanup", Time since last: 1000425594 ns, Reaching safepoint: 99948 ns, At safepoint: 8955 ns, Total: 108903 ns
[2020-02-26T08:40:17.957+0000][1][safepoint    ] Safepoint "RevokeBias", Time since last: 650087542 ns, Reaching safepoint: 172345 ns, At safepoint: 86575 ns, Total: 258920 ns
[2020-02-26T08:40:18.962+0000][1][safepoint    ] Safepoint "Cleanup", Time since last: 1004646909 ns, Reaching safepoint: 115739 ns, At safepoint: 11499 ns, Total: 127238 ns
[2020-02-26T08:40:19.962+0000][1][safepoint    ] Safepoint "Cleanup", Time since last: 1000445705 ns, Reaching safepoint: 136174 ns, At safepoint: 9938 ns, Total: 146112 ns
[2020-02-26T08:40:20.463+0000][1][safepoint    ] Safepoint "RevokeBias", Time since last: 500756914 ns, Reaching safepoint: 89463 ns, At safepoint: 23393 ns, Total: 112856 ns
[2020-02-26T08:40:21.464+0000][1][safepoint    ] Safepoint "Cleanup", Time since last: 1000365009 ns, Reaching safepoint: 101717 ns, At safepoint: 11699 ns, Total: 113416 ns
[2020-02-26T08:40:22.465+0000][1][safepoint    ] Safepoint "Cleanup", Time since last: 1000955702 ns, Reaching safepoint: 96849 ns, At safepoint: 9556 ns, Total: 106405 ns
[2020-02-26T08:40:22.968+0000][1][safepoint    ] Safepoint "RevokeBias", Time since last: 503227588 ns, Reaching safepoint: 130272 ns, At safepoint: 24261 ns, Total: 154533 ns
[2020-02-26T08:40:23.679+0000][1][safepoint    ] Safepoint "RevokeBias", Time since last: 710662697 ns, Reaching safepoint: 118388 ns, At safepoint: 37099 ns, Total: 155487 ns
[2020-02-26T08:40:23.679+0000][1][safepoint    ] Safepoint "RevokeBias", Time since last: 141978 ns, Reaching safepoint: 44903 ns, At safepoint: 14714 ns, Total: 59617 ns
[2020-02-26T08:40:24.681+0000][1][safepoint    ] Safepoint "Cleanup", Time since last: 1001328761 ns, Reaching safepoint: 110703 ns, At safepoint: 11007 ns, Total: 121710 ns
[2020-02-26T08:40:25.473+0000][1][safepoint    ] Safepoint "RevokeBias", Time since last: 792506332 ns, Reaching safepoint: 75693 ns, At safepoint: 19760 ns, Total: 95453 ns
[2020-02-26T08:40:26.474+0000][1][safepoint    ] Safepoint "Cleanup", Time since last: 1000852108 ns, Reaching safepoint: 97041 ns, At safepoint: 11295 ns, Total: 108336 ns
[2020-02-26T08:40:27.475+0000][1][safepoint    ] Safepoint "Cleanup", Time since last: 1001084889 ns, Reaching safepoint: 80271 ns, At safepoint: 9124 ns, Total: 89395 ns
[2020-02-26T08:40:27.982+0000][1][safepoint    ] Safepoint "RevokeBias", Time since last: 506203525 ns, Reaching safepoint: 77473 ns, At safepoint: 20472 ns, Total: 97945 ns
[2020-02-26T08:40:28.982+0000][1][safepoint    ] Safepoint "Cleanup", Time since last: 1000606562 ns, Reaching safepoint: 83943 ns, At safepoint: 8750 ns, Total: 92693 ns
[2020-02-26T08:40:29.988+0000][1][safepoint    ] Safepoint "Cleanup", Time since last: 1005193962 ns, Reaching safepoint: 65929 ns, At safepoint: 25265 ns, Total: 91194 ns
[2020-02-26T08:40:30.489+0000][1][safepoint    ] Safepoint "RevokeBias", Time since last: 501485415 ns, Reaching safepoint: 83454 ns, At safepoint: 23217 ns, Total: 106671 ns
[2020-02-26T08:40:31.490+0000][1][safepoint    ] Safepoint "Cleanup", Time since last: 1000661016 ns, Reaching safepoint: 120923 ns, At safepoint: 11583 ns, Total: 132506 ns
[2020-02-26T08:40:32.490+0000][1][safepoint    ] Safepoint "Cleanup", Time since last: 1000116244 ns, Reaching safepoint: 86415 ns, At safepoint: 9783 ns, Total: 96198 ns
[2020-02-26T08:40:33.001+0000][1][safepoint    ] Safepoint "RevokeBias", Time since last: 511155950 ns, Reaching safepoint: 64421 ns, At safepoint: 21093 ns, Total: 85514 ns
[2020-02-26T08:40:34.002+0000][1][safepoint    ] Safepoint "Cleanup", Time since last: 1000415477 ns, Reaching safepoint: 96535 ns, At safepoint: 10870 ns, Total: 107405 ns
[2020-02-26T08:40:35.009+0000][1][safepoint    ] Safepoint "Cleanup", Time since last: 1006763982 ns, Reaching safepoint: 99412 ns, At safepoint: 9328 ns, Total: 108740 ns
[2020-02-26T08:40:35.522+0000][1][safepoint    ] Safepoint "RevokeBias", Time since last: 513174516 ns, Reaching safepoint: 78073 ns, At safepoint: 20123 ns, Total: 98196 ns
[2020-02-26T08:40:36.523+0000][1][safepoint    ] Safepoint "Cleanup", Time since last: 1000356679 ns, Reaching safepoint: 90358 ns, At safepoint: 9672 ns, Total: 100030 ns
[2020-02-26T08:40:37.523+0000][1][safepoint    ] Safepoint "Cleanup", Time since last: 1000826978 ns, Reaching safepoint: 82767 ns, At safepoint: 9207 ns, Total: 91974 ns
[2020-02-26T08:40:38.031+0000][1][safepoint    ] Safepoint "RevokeBias", Time since last: 506933631 ns, Reaching safepoint: 123244 ns, At safepoint: 33025 ns, Total: 156269 ns
[2020-02-26T08:40:39.031+0000][1][safepoint    ] Safepoint "Cleanup", Time since last: 1000703340 ns, Reaching safepoint: 129066 ns, At safepoint: 12665 ns, Total: 141731 ns
[2020-02-26T08:40:40.036+0000][1][safepoint    ] Safepoint "Cleanup", Time since last: 1005006333 ns, Reaching safepoint: 63460 ns, At safepoint: 9067 ns, Total: 72527 ns
[2020-02-26T08:40:40.543+0000][1][safepoint    ] Safepoint "RevokeBias", Time since last: 505908763 ns, Reaching safepoint: 152138 ns, At safepoint: 19276 ns, Total: 171414 ns
[2020-02-26T08:40:41.543+0000][1][safepoint    ] Safepoint "Cleanup", Time since last: 1000791790 ns, Reaching safepoint: 94254 ns, At safepoint: 10607 ns, Total: 104861 ns
[2020-02-26T08:40:42.544+0000][1][safepoint    ] Safepoint "Cleanup", Time since last: 1000758874 ns, Reaching safepoint: 78419 ns, At safepoint: 7856 ns, Total: 86275 ns
[2020-02-26T08:40:43.053+0000][1][safepoint    ] Safepoint "RevokeBias", Time since last: 508520045 ns, Reaching safepoint: 132069 ns, At safepoint: 41213 ns, Total: 173282 ns
[2020-02-26T08:40:44.054+0000][1][safepoint    ] Safepoint "Cleanup", Time since last: 1000600313 ns, Reaching safepoint: 90042 ns, At safepoint: 9554 ns, Total: 99596 ns
[2020-02-26T08:40:45.055+0000][1][safepoint    ] Safepoint "Cleanup", Time since last: 1000817240 ns, Reaching safepoint: 106328 ns, At safepoint: 26651 ns, Total: 132979 ns
[2020-02-26T08:40:45.573+0000][1][safepoint    ] Safepoint "BulkRevokeBias", Time since last: 518288702 ns, Reaching safepoint: 57686 ns, At safepoint: 159662 ns, Total: 217348 ns
[2020-02-26T08:40:46.574+0000][1][safepoint    ] Safepoint "Cleanup", Time since last: 1000637238 ns, Reaching safepoint: 98608 ns, At safepoint: 9414 ns, Total: 108022 ns
[2020-02-26T08:40:47.574+0000][1][safepoint    ] Safepoint "Cleanup", Time since last: 1000441730 ns, Reaching safepoint: 178609 ns, At safepoint: 7655 ns, Total: 186264 ns
[2020-02-26T08:40:48.085+0000][1][safepoint    ] Safepoint "RevokeBias", Time since last: 509991850 ns, Reaching safepoint: 53811 ns, At safepoint: 17073 ns, Total: 70884 ns
[2020-02-26T08:40:49.085+0000][1][safepoint    ] Safepoint "Cleanup", Time since last: 1000396580 ns, Reaching safepoint: 98659 ns, At safepoint: 9707 ns, Total: 108366 ns
[2020-02-26T08:40:50.086+0000][1][safepoint    ] Safepoint "Cleanup", Time since last: 1000540614 ns, Reaching safepoint: 97978 ns, At safepoint: 9294 ns, Total: 107272 ns
[2020-02-26T08:40:50.591+0000][1][safepoint    ] Safepoint "RevokeBias", Time since last: 505257147 ns, Reaching safepoint: 82502 ns, At safepoint: 20352 ns, Total: 102854 ns
[2020-02-26T08:40:51.596+0000][1][safepoint    ] Safepoint "Cleanup", Time since last: 1004534687 ns, Reaching safepoint: 108532 ns, At safepoint: 9353 ns, Total: 117885 ns
[2020-02-26T08:40:52.596+0000][1][safepoint    ] Safepoint "Cleanup", Time since last: 1000540575 ns, Reaching safepoint: 81647 ns, At safepoint: 8605 ns, Total: 90252 ns
[2020-02-26T08:40:53.100+0000][1][safepoint    ] Safepoint "RevokeBias", Time since last: 503785884 ns, Reaching safepoint: 161648 ns, At safepoint: 24018 ns, Total: 185666 ns
[2020-02-26T08:40:54.101+0000][1][safepoint    ] Safepoint "Cleanup", Time since last: 1000672481 ns, Reaching safepoint: 123647 ns, At safepoint: 13685 ns, Total: 137332 ns
[2020-02-26T08:40:55.102+0000][1][safepoint    ] Safepoint "Cleanup", Time since last: 1000557216 ns, Reaching safepoint: 79380 ns, At safepoint: 9656 ns, Total: 89036 ns
[2020-02-26T08:40:55.611+0000][1][safepoint    ] Safepoint "RevokeBias", Time since last: 509103601 ns, Reaching safepoint: 135091 ns, At safepoint: 20934 ns, Total: 156025 ns
[2020-02-26T08:40:56.612+0000][1][safepoint    ] Safepoint "Cleanup", Time since last: 1001191531 ns, Reaching safepoint: 79583 ns, At safepoint: 8235 ns, Total: 87818 ns
[2020-02-26T08:40:57.613+0000][1][safepoint    ] Safepoint "Cleanup", Time since last: 1000866815 ns, Reaching safepoint: 174874 ns, At safepoint: 9783 ns, Total: 184657 ns
[2020-02-26T08:40:58.122+0000][1][safepoint    ] Safepoint "RevokeBias", Time since last: 508743155 ns, Reaching safepoint: 228569 ns, At safepoint: 22391 ns, Total: 250960 ns
[2020-02-26T08:40:59.123+0000][1][safepoint    ] Safepoint "Cleanup", Time since last: 1000603206 ns, Reaching safepoint: 83189 ns, At safepoint: 31280 ns, Total: 114469 ns
[2020-02-26T08:41:00.124+0000][1][safepoint    ] Safepoint "Cleanup", Time since last: 1000712295 ns, Reaching safepoint: 77452 ns, At safepoint: 7915 ns, Total: 85367 ns
[2020-02-26T08:41:00.635+0000][1][safepoint    ] Safepoint "RevokeBias", Time since last: 511419251 ns, Reaching safepoint: 73648 ns, At safepoint: 21363 ns, Total: 95011 ns
[2020-02-26T08:41:01.640+0000][1][safepoint    ] Safepoint "Cleanup", Time since last: 1004979429 ns, Reaching safepoint: 89086 ns, At safepoint: 8955 ns, Total: 98041 ns
[2020-02-26T08:41:02.641+0000][1][safepoint    ] Safepoint "Cleanup", Time since last: 1000519112 ns, Reaching safepoint: 81517 ns, At safepoint: 9005 ns, Total: 90522 ns
[2020-02-26T08:41:03.142+0000][1][safepoint    ] Safepoint "RevokeBias", Time since last: 501178840 ns, Reaching safepoint: 74756 ns, At safepoint: 19421 ns, Total: 94177 ns
[2020-02-26T08:41:04.143+0000][1][safepoint    ] Safepoint "Cleanup", Time since last: 1000683224 ns, Reaching safepoint: 81680 ns, At safepoint: 10078 ns, Total: 91758 ns
[2020-02-26T08:41:05.144+0000][1][safepoint    ] Safepoint "Cleanup", Time since last: 1000506658 ns, Reaching safepoint: 115427 ns, At safepoint: 9440 ns, Total: 124867 ns
[2020-02-26T08:41:05.650+0000][1][safepoint    ] Safepoint "RevokeBias", Time since last: 505873810 ns, Reaching safepoint: 73907 ns, At safepoint: 20675 ns, Total: 94582 ns
[2020-02-26T08:41:06.650+0000][1][safepoint    ] Safepoint "Cleanup", Time since last: 1000599696 ns, Reaching safepoint: 82065 ns, At safepoint: 10140 ns, Total: 92205 ns
[2020-02-26T08:41:07.655+0000][1][safepoint    ] Safepoint "Cleanup", Time since last: 1004607357 ns, Reaching safepoint: 67276 ns, At safepoint: 9355 ns, Total: 76631 ns
[2020-02-26T08:41:08.163+0000][1][safepoint    ] Safepoint "RevokeBias", Time since last: 507379187 ns, Reaching safepoint: 79439 ns, At safepoint: 20645 ns, Total: 100084 ns
[2020-02-26T08:41:09.164+0000][1][safepoint    ] Safepoint "Cleanup", Time since last: 1000870092 ns, Reaching safepoint: 88181 ns, At safepoint: 10303 ns, Total: 98484 ns
[2020-02-26T08:41:10.164+0000][1][safepoint    ] Safepoint "Cleanup", Time since last: 1000276898 ns, Reaching safepoint: 77776 ns, At safepoint: 8764 ns, Total: 86540 ns
[2020-02-26T08:41:10.669+0000][1][safepoint    ] Safepoint "RevokeBias", Time since last: 504915801 ns, Reaching safepoint: 75161 ns, At safepoint: 19772 ns, Total: 94933 ns
[2020-02-26T08:41:11.670+0000][1][safepoint    ] Safepoint "Cleanup", Time since last: 1000842906 ns, Reaching safepoint: 80049 ns, At safepoint: 9274 ns, Total: 89323 ns
[2020-02-26T08:41:12.674+0000][1][safepoint    ] Safepoint "Cleanup", Time since last: 1004118814 ns, Reaching safepoint: 81926 ns, At safepoint: 9064 ns, Total: 90990 ns
[2020-02-26T08:41:13.187+0000][1][safepoint    ] Safepoint "RevokeBias", Time since last: 512923192 ns, Reaching safepoint: 111555 ns, At safepoint: 33814 ns, Total: 145369 ns
[2020-02-26T08:41:14.188+0000][1][safepoint    ] Safepoint "Cleanup", Time since last: 1000324690 ns, Reaching safepoint: 83477 ns, At safepoint: 9945 ns, Total: 93422 ns
[2020-02-26T08:41:15.188+0000][1][safepoint    ] Safepoint "Cleanup", Time since last: 1000324513 ns, Reaching safepoint: 139514 ns, At safepoint: 11068 ns, Total: 150582 ns
[2020-02-26T08:41:15.696+0000][1][safepoint    ] Safepoint "RevokeBias", Time since last: 507821172 ns, Reaching safepoint: 79193 ns, At safepoint: 37705 ns, Total: 116898 ns
[2020-02-26T08:41:16.697+0000][1][safepoint    ] Safepoint "Cleanup", Time since last: 1000672468 ns, Reaching safepoint: 81388 ns, At safepoint: 8724 ns, Total: 90112 ns
[2020-02-26T08:41:17.697+0000][1][safepoint    ] Safepoint "Cleanup", Time since last: 1000154389 ns, Reaching safepoint: 85247 ns, At safepoint: 10209 ns, Total: 95456 ns
[2020-02-26T08:41:18.217+0000][1][safepoint    ] Safepoint "RevokeBias", Time since last: 520165306 ns, Reaching safepoint: 77205 ns, At safepoint: 19769 ns, Total: 96974 ns
[2020-02-26T08:41:19.217+0000][1][safepoint    ] Safepoint "Cleanup", Time since last: 1000147954 ns, Reaching safepoint: 83679 ns, At safepoint: 10331 ns, Total: 94010 ns
[2020-02-26T08:41:20.218+0000][1][safepoint    ] Safepoint "Cleanup", Time since last: 1000183627 ns, Reaching safepoint: 185115 ns, At safepoint: 10275 ns, Total: 195390 ns
[2020-02-26T08:41:20.873+0000][1][safepoint    ] Safepoint "RevokeBias", Time since last: 655071107 ns, Reaching safepoint: 143688 ns, At safepoint: 25720 ns, Total: 169408 ns
[2020-02-26T08:41:21.873+0000][1][safepoint    ] Safepoint "Cleanup", Time since last: 1000282736 ns, Reaching safepoint: 96460 ns, At safepoint: 12225 ns, Total: 108685 ns
[2020-02-26T08:41:22.874+0000][1][safepoint    ] Safepoint "Cleanup", Time since last: 1000200197 ns, Reaching safepoint: 80405 ns, At safepoint: 9700 ns, Total: 90105 ns
[2020-02-26T08:41:23.379+0000][1][safepoint    ] Safepoint "RevokeBias", Time since last: 505264794 ns, Reaching safepoint: 75333 ns, At safepoint: 85437 ns, Total: 160770 ns
[2020-02-26T08:41:24.380+0000][1][safepoint    ] Safepoint "Cleanup", Time since last: 1000375876 ns, Reaching safepoint: 79215 ns, At safepoint: 8589 ns, Total: 87804 ns
[2020-02-26T08:41:25.380+0000][1][safepoint    ] Safepoint "Cleanup", Time since last: 1000161035 ns, Reaching safepoint: 81711 ns, At safepoint: 9134 ns, Total: 90845 ns
[2020-02-26T08:41:25.887+0000][1][safepoint    ] Safepoint "RevokeBias", Time since last: 506375433 ns, Reaching safepoint: 247109 ns, At safepoint: 59251 ns, Total: 306360 ns
[2020-02-26T08:41:26.887+0000][1][safepoint    ] Safepoint "Cleanup", Time since last: 1000760482 ns, Reaching safepoint: 101661 ns, At safepoint: 12939 ns, Total: 114600 ns
[2020-02-26T08:41:27.888+0000][1][safepoint    ] Safepoint "Cleanup", Time since last: 1000337740 ns, Reaching safepoint: 82213 ns, At safepoint: 10120 ns, Total: 92333 ns
[2020-02-26T08:41:28.393+0000][1][safepoint    ] Safepoint "RevokeBias", Time since last: 505180540 ns, Reaching safepoint: 78268 ns, At safepoint: 21178 ns, Total: 99446 ns
[2020-02-26T08:41:29.396+0000][1][safepoint    ] Safepoint "Cleanup", Time since last: 1003108414 ns, Reaching safepoint: 81261 ns, At safepoint: 8441 ns, Total: 89702 ns
[2020-02-26T08:41:30.397+0000][1][safepoint    ] Safepoint "Cleanup", Time since last: 1000193012 ns, Reaching safepoint: 81385 ns, At safepoint: 9220 ns, Total: 90605 ns
[2020-02-26T08:41:30.899+0000][1][safepoint    ] Safepoint "RevokeBias", Time since last: 502173435 ns, Reaching safepoint: 74742 ns, At safepoint: 19574 ns, Total: 94316 ns
[2020-02-26T08:41:31.900+0000][1][safepoint    ] Safepoint "Cleanup", Time since last: 1000674949 ns, Reaching safepoint: 155493 ns, At safepoint: 11855 ns, Total: 167348 ns
[2020-02-26T08:41:32.900+0000][1][safepoint    ] Safepoint "Cleanup", Time since last: 1000385162 ns, Reaching safepoint: 80041 ns, At safepoint: 9195 ns, Total: 89236 ns
[2020-02-26T08:41:33.407+0000][1][safepoint    ] Safepoint "RevokeBias", Time since last: 506874971 ns, Reaching safepoint: 75073 ns, At safepoint: 20028 ns, Total: 95101 ns
[2020-02-26T08:41:34.411+0000][1][safepoint    ] Safepoint "Cleanup", Time since last: 1003311869 ns, Reaching safepoint: 77605 ns, At safepoint: 9402 ns, Total: 87007 ns
[2020-02-26T08:41:35.411+0000][1][safepoint    ] Safepoint "Cleanup", Time since last: 1000276701 ns, Reaching safepoint: 157153 ns, At safepoint: 15505 ns, Total: 172658 ns
[2020-02-26T08:41:35.917+0000][1][safepoint    ] Safepoint "RevokeBias", Time since last: 505784063 ns, Reaching safepoint: 168112 ns, At safepoint: 31450 ns, Total: 199562 ns
[2020-02-26T08:41:36.918+0000][1][safepoint    ] Safepoint "Cleanup", Time since last: 1000681210 ns, Reaching safepoint: 79430 ns, At safepoint: 9833 ns, Total: 89263 ns
[2020-02-26T08:41:37.918+0000][1][safepoint    ] Safepoint "Cleanup", Time since last: 1000557825 ns, Reaching safepoint: 81035 ns, At safepoint: 8380 ns, Total: 89415 ns
[2020-02-26T08:41:38.430+0000][1][safepoint    ] Safepoint "RevokeBias", Time since last: 511232291 ns, Reaching safepoint: 77508 ns, At safepoint: 20383 ns, Total: 97891 ns
[2020-02-26T08:41:39.430+0000][1][safepoint    ] Safepoint "Cleanup", Time since last: 1000280017 ns, Reaching safepoint: 85236 ns, At safepoint: 10322 ns, Total: 95558 ns
[2020-02-26T08:41:40.435+0000][1][safepoint    ] Safepoint "Cleanup", Time since last: 1004859785 ns, Reaching safepoint: 80402 ns, At safepoint: 9830 ns, Total: 90232 ns
[2020-02-26T08:41:40.936+0000][1][safepoint    ] Safepoint "RevokeBias", Time since last: 500431508 ns, Reaching safepoint: 74656 ns, At safepoint: 21577 ns, Total: 96233 ns
[2020-02-26T08:41:41.936+0000][1][safepoint    ] Safepoint "Cleanup", Time since last: 1000275406 ns, Reaching safepoint: 81133 ns, At safepoint: 8653 ns, Total: 89786 ns
[2020-02-26T08:41:42.937+0000][1][safepoint    ] Safepoint "Cleanup", Time since last: 1000597314 ns, Reaching safepoint: 96883 ns, At safepoint: 9717 ns, Total: 106600 ns
[2020-02-26T08:41:43.441+0000][1][safepoint    ] Safepoint "RevokeBias", Time since last: 503763019 ns, Reaching safepoint: 77255 ns, At safepoint: 20348 ns, Total: 97603 ns
[2020-02-26T08:41:44.441+0000][1][safepoint    ] Safepoint "Cleanup", Time since last: 1000766552 ns, Reaching safepoint: 80199 ns, At safepoint: 9285 ns, Total: 89484 ns
[2020-02-26T08:41:45.450+0000][1][safepoint    ] Safepoint "Cleanup", Time since last: 1008671363 ns, Reaching safepoint: 120589 ns, At safepoint: 9142 ns, Total: 129731 ns
[2020-02-26T08:41:45.963+0000][1][gc,start     ] GC(34) Pause Young (Allocation Failure)
[2020-02-26T08:41:45.963+0000][1][gc,task      ] GC(34) Using 1 workers of 1 for evacuation
[2020-02-26T08:41:45.996+0000][1][gc,age       ] GC(34) Desired survivor size 4358144 bytes, new threshold 6 (max threshold 6)
[2020-02-26T08:41:45.996+0000][1][gc,age       ] GC(34) Age table with threshold 6 (max threshold 6)
[2020-02-26T08:41:45.996+0000][1][gc,age       ] GC(34) - age   1:      14232 bytes,      14232 total
[2020-02-26T08:41:45.996+0000][1][gc,age       ] GC(34) - age   2:       1176 bytes,      15408 total
[2020-02-26T08:41:45.996+0000][1][gc,age       ] GC(34) - age   3:      54232 bytes,      69640 total
[2020-02-26T08:41:45.996+0000][1][gc,age       ] GC(34) - age   4:      12896 bytes,      82536 total
[2020-02-26T08:41:45.996+0000][1][gc,age       ] GC(34) - age   5:     302232 bytes,     384768 total
[2020-02-26T08:41:45.996+0000][1][gc,age       ] GC(34) - age   6:    1713376 bytes,    2098144 total
[2020-02-26T08:41:45.996+0000][1][gc,heap      ] GC(34) ParNew: 70643K->3691K(76672K)
[2020-02-26T08:41:45.996+0000][1][gc,heap      ] GC(34) CMS: 60508K->60508K(963392K)
[2020-02-26T08:41:45.996+0000][1][gc,metaspace ] GC(34) Metaspace: 78693K->78693K(1122304K)
[2020-02-26T08:41:45.996+0000][1][gc           ] GC(34) Pause Young (Allocation Failure) 128M->62M(1015M) 33.535ms
[2020-02-26T08:41:45.996+0000][1][gc,cpu       ] GC(34) User=0.02s Sys=0.00s Real=0.03s
[2020-02-26T08:41:45.996+0000][1][safepoint    ] Safepoint "GenCollectForAllocation", Time since last: 512397105 ns, Reaching safepoint: 75104 ns, At safepoint: 33587454 ns, Total: 33662558 ns
[2020-02-26T08:41:46.012+0000][1][safepoint    ] Safepoint "RevokeBias", Time since last: 15062479 ns, Reaching safepoint: 119836 ns, At safepoint: 40021 ns, Total: 159857 ns
[2020-02-26T08:41:47.012+0000][1][safepoint    ] Safepoint "Cleanup", Time since last: 1000704681 ns, Reaching safepoint: 96704 ns, At safepoint: 9099 ns, Total: 105803 ns
[2020-02-26T08:41:48.013+0000][1][safepoint    ] Safepoint "Cleanup", Time since last: 1000227815 ns, Reaching safepoint: 131052 ns, At safepoint: 8453 ns, Total: 139505 ns
[2020-02-26T08:41:48.518+0000][1][safepoint    ] Safepoint "RevokeBias", Time since last: 505488581 ns, Reaching safepoint: 126165 ns, At safepoint: 31573 ns, Total: 157738 ns
[2020-02-26T08:41:49.519+0000][1][safepoint    ] Safepoint "Cleanup", Time since last: 1000152539 ns, Reaching safepoint: 93601 ns, At safepoint: 10409 ns, Total: 104010 ns
[2020-02-26T08:41:50.519+0000][1][safepoint    ] Safepoint "Cleanup", Time since last: 1000245910 ns, Reaching safepoint: 75978 ns, At safepoint: 8246 ns, Total: 84224 ns
[2020-02-26T08:41:51.033+0000][1][safepoint    ] Safepoint "RevokeBias", Time since last: 514356713 ns, Reaching safepoint: 138923 ns, At safepoint: 21781 ns, Total: 160704 ns
[2020-02-26T08:41:52.034+0000][1][safepoint    ] Safepoint "Cleanup", Time since last: 1000341713 ns, Reaching safepoint: 84490 ns, At safepoint: 9509 ns, Total: 93999 ns
[2020-02-26T08:41:53.034+0000][1][safepoint    ] Safepoint "Cleanup", Time since last: 1000198400 ns, Reaching safepoint: 88694 ns, At safepoint: 11609 ns, Total: 100303 ns
[2020-02-26T08:41:53.548+0000][1][safepoint    ] Safepoint "RevokeBias", Time since last: 513328074 ns, Reaching safepoint: 278367 ns, At safepoint: 23025 ns, Total: 301392 ns
[2020-02-26T08:41:54.548+0000][1][safepoint    ] Safepoint "Cleanup", Time since last: 1000367146 ns, Reaching safepoint: 132866 ns, At safepoint: 9270 ns, Total: 142136 ns
[2020-02-26T08:41:55.550+0000][1][safepoint    ] Safepoint "Cleanup", Time since last: 1001087600 ns, Reaching safepoint: 98830 ns, At safepoint: 11896 ns, Total: 110726 ns
[2020-02-26T08:41:56.058+0000][1][safepoint    ] Safepoint "RevokeBias", Time since last: 508813826 ns, Reaching safepoint: 76254 ns, At safepoint: 20263 ns, Total: 96517 ns
[2020-02-26T08:41:57.059+0000][1][safepoint    ] Safepoint "Cleanup", Time since last: 1000880572 ns, Reaching safepoint: 100084 ns, At safepoint: 9511 ns, Total: 109595 ns
[2020-02-26T08:41:58.060+0000][1][safepoint    ] Safepoint "Cleanup", Time since last: 1000845367 ns, Reaching safepoint: 95970 ns, At safepoint: 9510 ns, Total: 105480 ns
[2020-02-26T08:41:58.572+0000][1][safepoint    ] Safepoint "BulkRevokeBias", Time since last: 510674915 ns, Reaching safepoint: 117429 ns, At safepoint: 488292 ns, Total: 605721 ns
[2020-02-26T08:41:59.572+0000][1][safepoint    ] Safepoint "Cleanup", Time since last: 1000653484 ns, Reaching safepoint: 115920 ns, At safepoint: 10443 ns, Total: 126363 ns
[2020-02-26T08:42:00.573+0000][1][safepoint    ] Safepoint "Cleanup", Time since last: 1000661808 ns, Reaching safepoint: 93049 ns, At safepoint: 8248 ns, Total: 101297 ns
[2020-02-26T08:42:01.078+0000][1][safepoint    ] Safepoint "RevokeBias", Time since last: 504443517 ns, Reaching safepoint: 89754 ns, At safepoint: 25182 ns, Total: 114936 ns
[2020-02-26T08:42:02.081+0000][1][safepoint    ] Safepoint "Cleanup", Time since last: 1003022441 ns, Reaching safepoint: 63637 ns, At safepoint: 9488 ns, Total: 73125 ns
[2020-02-26T08:42:03.081+0000][1][safepoint    ] Safepoint "Cleanup", Time since last: 1000315607 ns, Reaching safepoint: 130883 ns, At safepoint: 10386 ns, Total: 141269 ns
[2020-02-26T08:42:03.593+0000][1][safepoint    ] Safepoint "RevokeBias", Time since last: 511252889 ns, Reaching safepoint: 73882 ns, At safepoint: 20268 ns, Total: 94150 ns
[2020-02-26T08:42:04.593+0000][1][safepoint    ] Safepoint "Cleanup", Time since last: 1000308467 ns, Reaching safepoint: 173202 ns, At safepoint: 12348 ns, Total: 185550 ns
[2020-02-26T08:42:05.594+0000][1][safepoint    ] Safepoint "Cleanup", Time since last: 1000400030 ns, Reaching safepoint: 78837 ns, At safepoint: 9352 ns, Total: 88189 ns
[2020-02-26T08:42:06.109+0000][1][safepoint    ] Safepoint "RevokeBias", Time since last: 515469515 ns, Reaching safepoint: 76919 ns, At safepoint: 19029 ns, Total: 95948 ns
[2020-02-26T08:42:07.111+0000][1][safepoint    ] Safepoint "Cleanup", Time since last: 1002105900 ns, Reaching safepoint: 80963 ns, At safepoint: 9320 ns, Total: 90283 ns
[2020-02-26T08:42:08.112+0000][1][safepoint    ] Safepoint "Cleanup", Time since last: 1000564044 ns, Reaching safepoint: 152550 ns, At safepoint: 28672 ns, Total: 181222 ns
[2020-02-26T08:42:08.622+0000][1][safepoint    ] Safepoint "RevokeBias", Time since last: 509404516 ns, Reaching safepoint: 77088 ns, At safepoint: 21144 ns, Total: 98232 ns
[2020-02-26T08:42:09.622+0000][1][safepoint    ] Safepoint "Cleanup", Time since last: 1000157913 ns, Reaching safepoint: 93779 ns, At safepoint: 9799 ns, Total: 103578 ns
[2020-02-26T08:42:10.623+0000][1][safepoint    ] Safepoint "Cleanup", Time since last: 1000555133 ns, Reaching safepoint: 96058 ns, At safepoint: 11969 ns, Total: 108027 ns
[2020-02-26T08:42:11.129+0000][1][safepoint    ] Safepoint "RevokeBias", Time since last: 505965858 ns, Reaching safepoint: 73855 ns, At safepoint: 20699 ns, Total: 94554 ns
[2020-02-26T08:42:12.129+0000][1][safepoint    ] Safepoint "Cleanup", Time since last: 1000165525 ns, Reaching safepoint: 124612 ns, At safepoint: 13358 ns, Total: 137970 ns
[2020-02-26T08:42:13.132+0000][1][safepoint    ] Safepoint "Cleanup", Time since last: 1003192456 ns, Reaching safepoint: 99288 ns, At safepoint: 10094 ns, Total: 109382 ns
[2020-02-26T08:42:13.634+0000][1][safepoint    ] Safepoint "RevokeBias", Time since last: 501178988 ns, Reaching safepoint: 204782 ns, At safepoint: 26934 ns, Total: 231716 ns
[2020-02-26T08:42:14.634+0000][1][safepoint    ] Safepoint "Cleanup", Time since last: 1000367381 ns, Reaching safepoint: 81463 ns, At safepoint: 10039 ns, Total: 91502 ns
[2020-02-26T08:42:15.634+0000][1][safepoint    ] Safepoint "Cleanup", Time since last: 1000201583 ns, Reaching safepoint: 116924 ns, At safepoint: 9941 ns, Total: 126865 ns
[2020-02-26T08:42:16.143+0000][1][safepoint    ] Safepoint "RevokeBias", Time since last: 508842449 ns, Reaching safepoint: 85239 ns, At safepoint: 42850 ns, Total: 128089 ns
[2020-02-26T08:42:17.144+0000][1][safepoint    ] Safepoint "Cleanup", Time since last: 1000212362 ns, Reaching safepoint: 201533 ns, At safepoint: 10190 ns, Total: 211723 ns
[2020-02-26T08:42:18.151+0000][1][safepoint    ] Safepoint "Cleanup", Time since last: 1007134724 ns, Reaching safepoint: 96607 ns, At safepoint: 9495 ns, Total: 106102 ns
[2020-02-26T08:42:18.687+0000][1][safepoint    ] Safepoint "RevokeBias", Time since last: 535653834 ns, Reaching safepoint: 84749 ns, At safepoint: 22383 ns, Total: 107132 ns
[2020-02-26T08:42:19.687+0000][1][safepoint    ] Safepoint "Cleanup", Time since last: 1000533616 ns, Reaching safepoint: 78830 ns, At safepoint: 9011 ns, Total: 87841 ns
[2020-02-26T08:42:20.688+0000][1][safepoint    ] Safepoint "Cleanup", Time since last: 1000779945 ns, Reaching safepoint: 74122 ns, At safepoint: 8180 ns, Total: 82302 ns
[2020-02-26T08:42:21.201+0000][1][safepoint    ] Safepoint "RevokeBias", Time since last: 512438271 ns, Reaching safepoint: 96141 ns, At safepoint: 20580 ns, Total: 116721 ns
[2020-02-26T08:42:22.201+0000][1][safepoint    ] Safepoint "Cleanup", Time since last: 1000420727 ns, Reaching safepoint: 103045 ns, At safepoint: 10672 ns, Total: 113717 ns
[2020-02-26T08:42:23.202+0000][1][safepoint    ] Safepoint "Cleanup", Time since last: 1000724872 ns, Reaching safepoint: 74895 ns, At safepoint: 7969 ns, Total: 82864 ns
[2020-02-26T08:42:23.713+0000][1][safepoint    ] Safepoint "RevokeBias", Time since last: 511182721 ns, Reaching safepoint: 78402 ns, At safepoint: 23199 ns, Total: 101601 ns
[2020-02-26T08:42:24.715+0000][1][safepoint    ] Safepoint "Cleanup", Time since last: 1001838178 ns, Reaching safepoint: 147901 ns, At safepoint: 9383 ns, Total: 157284 ns
[2020-02-26T08:42:25.717+0000][1][safepoint    ] Safepoint "Cleanup", Time since last: 1000906563 ns, Reaching safepoint: 156066 ns, At safepoint: 12605 ns, Total: 168671 ns
[2020-02-26T08:42:26.224+0000][1][safepoint    ] Safepoint "RevokeBias", Time since last: 507051153 ns, Reaching safepoint: 77714 ns, At safepoint: 38823 ns, Total: 116537 ns
[2020-02-26T08:42:27.224+0000][1][safepoint    ] Safepoint "Cleanup", Time since last: 1000491982 ns, Reaching safepoint: 96959 ns, At safepoint: 10456 ns, Total: 107415 ns
[2020-02-26T08:42:28.225+0000][1][safepoint    ] Safepoint "Cleanup", Time since last: 1000515238 ns, Reaching safepoint: 111213 ns, At safepoint: 28700 ns, Total: 139913 ns
[2020-02-26T08:42:28.731+0000][1][safepoint    ] Safepoint "RevokeBias", Time since last: 505480884 ns, Reaching safepoint: 75284 ns, At safepoint: 20628 ns, Total: 95912 ns
[2020-02-26T08:42:29.732+0000][1][safepoint    ] Safepoint "Cleanup", Time since last: 1000976313 ns, Reaching safepoint: 103110 ns, At safepoint: 11932 ns, Total: 115042 ns
[2020-02-26T08:42:30.732+0000][1][safepoint    ] Safepoint "Cleanup", Time since last: 1000726459 ns, Reaching safepoint: 78663 ns, At safepoint: 8709 ns, Total: 87372 ns
[2020-02-26T08:42:31.236+0000][1][safepoint    ] Safepoint "RevokeBias", Time since last: 503402701 ns, Reaching safepoint: 75009 ns, At safepoint: 20691 ns, Total: 95700 ns
[2020-02-26T08:42:32.237+0000][1][safepoint    ] Safepoint "Cleanup", Time since last: 1000842489 ns, Reaching safepoint: 163509 ns, At safepoint: 14612 ns, Total: 178121 ns
[2020-02-26T08:42:33.237+0000][1][safepoint    ] Safepoint "Cleanup", Time since last: 1000243455 ns, Reaching safepoint: 77954 ns, At safepoint: 9048 ns, Total: 87002 ns
[2020-02-26T08:42:33.740+0000][1][safepoint    ] Safepoint "RevokeBias", Time since last: 502872872 ns, Reaching safepoint: 75786 ns, At safepoint: 19863 ns, Total: 95649 ns
[2020-02-26T08:42:34.747+0000][1][safepoint    ] Safepoint "Cleanup", Time since last: 1006233020 ns, Reaching safepoint: 79928 ns, At safepoint: 8751 ns, Total: 88679 ns
[2020-02-26T08:42:35.748+0000][1][safepoint    ] Safepoint "Cleanup", Time since last: 1001139543 ns, Reaching safepoint: 78212 ns, At safepoint: 8818 ns, Total: 87030 ns
[2020-02-26T08:42:36.249+0000][1][safepoint    ] Safepoint "RevokeBias", Time since last: 500765990 ns, Reaching safepoint: 80361 ns, At safepoint: 22328 ns, Total: 102689 ns
[2020-02-26T08:42:37.249+0000][1][safepoint    ] Safepoint "Cleanup", Time since last: 1000671571 ns, Reaching safepoint: 103688 ns, At safepoint: 9633 ns, Total: 113321 ns
[2020-02-26T08:42:38.250+0000][1][safepoint    ] Safepoint "Cleanup", Time since last: 1000648642 ns, Reaching safepoint: 89449 ns, At safepoint: 10661 ns, Total: 100110 ns
[2020-02-26T08:42:38.755+0000][1][safepoint    ] Safepoint "RevokeBias", Time since last: 504196804 ns, Reaching safepoint: 169670 ns, At safepoint: 29878 ns, Total: 199548 ns
[2020-02-26T08:42:39.755+0000][1][safepoint    ] Safepoint "Cleanup", Time since last: 1000177710 ns, Reaching safepoint: 79910 ns, At safepoint: 9865 ns, Total: 89775 ns
[2020-02-26T08:42:40.758+0000][1][safepoint    ] Safepoint "Cleanup", Time since last: 1002706698 ns, Reaching safepoint: 120736 ns, At safepoint: 9810 ns, Total: 130546 ns
[2020-02-26T08:42:41.260+0000][1][safepoint    ] Safepoint "RevokeBias", Time since last: 502386750 ns, Reaching safepoint: 90131 ns, At safepoint: 24610 ns, Total: 114741 ns
[2020-02-26T08:42:42.261+0000][1][safepoint    ] Safepoint "Cleanup", Time since last: 1000753372 ns, Reaching safepoint: 109766 ns, At safepoint: 13727 ns, Total: 123493 ns
[2020-02-26T08:42:43.262+0000][1][safepoint    ] Safepoint "Cleanup", Time since last: 1000566045 ns, Reaching safepoint: 114943 ns, At safepoint: 10776 ns, Total: 125719 ns
[2020-02-26T08:42:43.765+0000][1][safepoint    ] Safepoint "RevokeBias", Time since last: 503238225 ns, Reaching safepoint: 77401 ns, At safepoint: 21552 ns, Total: 98953 ns
[2020-02-26T08:42:44.766+0000][1][safepoint    ] Safepoint "Cleanup", Time since last: 1000566817 ns, Reaching safepoint: 93638 ns, At safepoint: 9081 ns, Total: 102719 ns
[2020-02-26T08:42:45.767+0000][1][safepoint    ] Safepoint "Cleanup", Time since last: 1001229735 ns, Reaching safepoint: 120042 ns, At safepoint: 9552 ns, Total: 129594 ns
[2020-02-26T08:42:46.272+0000][1][safepoint    ] Safepoint "RevokeBias", Time since last: 504489281 ns, Reaching safepoint: 76886 ns, At safepoint: 20467 ns, Total: 97353 ns
[2020-02-26T08:42:47.272+0000][1][safepoint    ] Safepoint "Cleanup", Time since last: 1000326636 ns, Reaching safepoint: 81406 ns, At safepoint: 9672 ns, Total: 91078 ns
[2020-02-26T08:42:48.273+0000][1][safepoint    ] Safepoint "Cleanup", Time since last: 1000519207 ns, Reaching safepoint: 80822 ns, At safepoint: 9998 ns, Total: 90820 ns
[2020-02-26T08:42:48.777+0000][1][safepoint    ] Safepoint "RevokeBias", Time since last: 503836733 ns, Reaching safepoint: 79315 ns, At safepoint: 21079 ns, Total: 100394 ns
[2020-02-26T08:42:49.778+0000][1][safepoint    ] Safepoint "Cleanup", Time since last: 1000978765 ns, Reaching safepoint: 84916 ns, At safepoint: 10966 ns, Total: 95882 ns
[2020-02-26T08:42:50.789+0000][1][safepoint    ] Safepoint "Cleanup", Time since last: 1011171709 ns, Reaching safepoint: 198095 ns, At safepoint: 39891 ns, Total: 237986 ns
[2020-02-26T08:42:51.294+0000][1][safepoint    ] Safepoint "RevokeBias", Time since last: 504221015 ns, Reaching safepoint: 182383 ns, At safepoint: 23294 ns, Total: 205677 ns
[2020-02-26T08:42:52.295+0000][1][safepoint    ] Safepoint "Cleanup", Time since last: 1000850089 ns, Reaching safepoint: 84797 ns, At safepoint: 9012 ns, Total: 93809 ns
[2020-02-26T08:42:53.302+0000][1][safepoint    ] Safepoint "Cleanup", Time since last: 1006945653 ns, Reaching safepoint: 86378 ns, At safepoint: 35686 ns, Total: 122064 ns
[2020-02-26T08:42:53.804+0000][1][safepoint    ] Safepoint "RevokeBias", Time since last: 502140966 ns, Reaching safepoint: 73576 ns, At safepoint: 19876 ns, Total: 93452 ns
[2020-02-26T08:42:54.805+0000][1][safepoint    ] Safepoint "Cleanup", Time since last: 1000798025 ns, Reaching safepoint: 80763 ns, At safepoint: 9711 ns, Total: 90474 ns
[2020-02-26T08:42:55.805+0000][1][safepoint    ] Safepoint "Cleanup", Time since last: 1000378673 ns, Reaching safepoint: 98348 ns, At safepoint: 9999 ns, Total: 108347 ns
[2020-02-26T08:42:56.320+0000][1][safepoint    ] Safepoint "RevokeBias", Time since last: 514886390 ns, Reaching safepoint: 81738 ns, At safepoint: 43246 ns, Total: 124984 ns
[2020-02-26T08:42:57.321+0000][1][safepoint    ] Safepoint "Cleanup", Time since last: 1000537483 ns, Reaching safepoint: 104832 ns, At safepoint: 10822 ns, Total: 115654 ns
[2020-02-26T08:42:58.322+0000][1][safepoint    ] Safepoint "Cleanup", Time since last: 1000613801 ns, Reaching safepoint: 80892 ns, At safepoint: 8822 ns, Total: 89714 ns
[2020-02-26T08:42:58.831+0000][1][safepoint    ] Safepoint "RevokeBias", Time since last: 509304911 ns, Reaching safepoint: 76527 ns, At safepoint: 21025 ns, Total: 97552 ns
[2020-02-26T08:42:59.832+0000][1][safepoint    ] Safepoint "Cleanup", Time since last: 1000563248 ns, Reaching safepoint: 81154 ns, At safepoint: 9242 ns, Total: 90396 ns
[2020-02-26T08:43:00.832+0000][1][safepoint    ] Safepoint "Cleanup", Time since last: 1000473995 ns, Reaching safepoint: 80422 ns, At safepoint: 9163 ns, Total: 89585 ns
[2020-02-26T08:43:01.336+0000][1][safepoint    ] Safepoint "RevokeBias", Time since last: 503692766 ns, Reaching safepoint: 75952 ns, At safepoint: 18076 ns, Total: 94028 ns
[2020-02-26T08:43:02.337+0000][1][safepoint    ] Safepoint "Cleanup", Time since last: 1000678885 ns, Reaching safepoint: 101195 ns, At safepoint: 48674 ns, Total: 149869 ns
[2020-02-26T08:43:03.337+0000][1][safepoint    ] Safepoint "Cleanup", Time since last: 1000225203 ns, Reaching safepoint: 89309 ns, At safepoint: 7186 ns, Total: 96495 ns
[2020-02-26T08:43:03.842+0000][1][safepoint    ] Safepoint "RevokeBias", Time since last: 505082763 ns, Reaching safepoint: 73244 ns, At safepoint: 18881 ns, Total: 92125 ns
[2020-02-26T08:43:04.843+0000][1][safepoint    ] Safepoint "Cleanup", Time since last: 1000625249 ns, Reaching safepoint: 80638 ns, At safepoint: 9445 ns, Total: 90083 ns
[2020-02-26T08:43:05.843+0000][1][safepoint    ] Safepoint "Cleanup", Time since last: 1000160050 ns, Reaching safepoint: 85263 ns, At safepoint: 18620 ns, Total: 103883 ns
[2020-02-26T08:43:06.349+0000][1][safepoint    ] Safepoint "RevokeBias", Time since last: 505758710 ns, Reaching safepoint: 140419 ns, At safepoint: 41372 ns, Total: 181791 ns
[2020-02-26T08:43:07.352+0000][1][safepoint    ] Safepoint "Cleanup", Time since last: 1002725300 ns, Reaching safepoint: 89362 ns, At safepoint: 25666 ns, Total: 115028 ns
[2020-02-26T08:43:08.352+0000][1][safepoint    ] Safepoint "Cleanup", Time since last: 1000191799 ns, Reaching safepoint: 83196 ns, At safepoint: 10151 ns, Total: 93347 ns
[2020-02-26T08:43:08.857+0000][1][safepoint    ] Safepoint "RevokeBias", Time since last: 504564805 ns, Reaching safepoint: 221417 ns, At safepoint: 29170 ns, Total: 250587 ns
[2020-02-26T08:43:09.858+0000][1][safepoint    ] Safepoint "Cleanup", Time since last: 1000245926 ns, Reaching safepoint: 82095 ns, At safepoint: 8989 ns, Total: 91084 ns
[2020-02-26T08:43:10.858+0000][1][safepoint    ] Safepoint "Cleanup", Time since last: 1000729037 ns, Reaching safepoint: 95372 ns, At safepoint: 9153 ns, Total: 104525 ns
[2020-02-26T08:43:11.368+0000][1][safepoint    ] Safepoint "BulkRevokeBias", Time since last: 508759783 ns, Reaching safepoint: 79694 ns, At safepoint: 310672 ns, Total: 390366 ns
[2020-02-26T08:43:12.368+0000][1][safepoint    ] Safepoint "Cleanup", Time since last: 1000616927 ns, Reaching safepoint: 144543 ns, At safepoint: 12737 ns, Total: 157280 ns
[2020-02-26T08:43:13.370+0000][1][safepoint    ] Safepoint "Cleanup", Time since last: 1001812526 ns, Reaching safepoint: 72505 ns, At safepoint: 35898 ns, Total: 108403 ns
[2020-02-26T08:43:13.884+0000][1][safepoint    ] Safepoint "RevokeBias", Time since last: 513145042 ns, Reaching safepoint: 149066 ns, At safepoint: 28599 ns, Total: 177665 ns
[2020-02-26T08:43:14.884+0000][1][safepoint    ] Safepoint "Cleanup", Time since last: 1000168123 ns, Reaching safepoint: 138532 ns, At safepoint: 14746 ns, Total: 153278 ns
[2020-02-26T08:43:15.884+0000][1][safepoint    ] Safepoint "Cleanup", Time since last: 1000283088 ns, Reaching safepoint: 80319 ns, At safepoint: 8736 ns, Total: 89055 ns
[2020-02-26T08:43:16.391+0000][1][safepoint    ] Safepoint "RevokeBias", Time since last: 506872048 ns, Reaching safepoint: 74740 ns, At safepoint: 20117 ns, Total: 94857 ns
[2020-02-26T08:43:17.392+0000][1][safepoint    ] Safepoint "Cleanup", Time since last: 1000818220 ns, Reaching safepoint: 203043 ns, At safepoint: 14133 ns, Total: 217176 ns
[2020-02-26T08:43:18.411+0000][1][safepoint    ] Safepoint "Cleanup", Time since last: 1015106902 ns, Reaching safepoint: 4075166 ns, At safepoint: 12678 ns, Total: 4087844 ns
[2020-02-26T08:43:18.897+0000][1][safepoint    ] Safepoint "RevokeBias", Time since last: 485441395 ns, Reaching safepoint: 94237 ns, At safepoint: 22216 ns, Total: 116453 ns
[2020-02-26T08:43:20.244+0000][1][safepoint    ] Safepoint "Cleanup", Time since last: 1346653003 ns, Reaching safepoint: 78055 ns, At safepoint: 8096 ns, Total: 86151 ns
[2020-02-26T08:43:21.244+0000][1][safepoint    ] Safepoint "Cleanup", Time since last: 1000251708 ns, Reaching safepoint: 105954 ns, At safepoint: 12372 ns, Total: 118326 ns
[2020-02-26T08:43:21.402+0000][1][safepoint    ] Safepoint "RevokeBias", Time since last: 157976581 ns, Reaching safepoint: 57159 ns, At safepoint: 18099 ns, Total: 75258 ns
[2020-02-26T08:43:22.403+0000][1][safepoint    ] Safepoint "Cleanup", Time since last: 1000795163 ns, Reaching safepoint: 86594 ns, At safepoint: 10924 ns, Total: 97518 ns
[2020-02-26T08:43:23.404+0000][1][safepoint    ] Safepoint "Cleanup", Time since last: 1000564466 ns, Reaching safepoint: 81085 ns, At safepoint: 9254 ns, Total: 90339 ns
[2020-02-26T08:43:23.918+0000][1][safepoint    ] Safepoint "RevokeBias", Time since last: 514100304 ns, Reaching safepoint: 129088 ns, At safepoint: 32149 ns, Total: 161237 ns
[2020-02-26T08:43:24.919+0000][1][safepoint    ] Safepoint "Cleanup", Time since last: 1000643421 ns, Reaching safepoint: 83350 ns, At safepoint: 10078 ns, Total: 93428 ns
[2020-02-26T08:43:25.920+0000][1][safepoint    ] Safepoint "Cleanup", Time since last: 1000900440 ns, Reaching safepoint: 167238 ns, At safepoint: 24915 ns, Total: 192153 ns
[2020-02-26T08:43:26.429+0000][1][safepoint    ] Safepoint "RevokeBias", Time since last: 508746647 ns, Reaching safepoint: 151375 ns, At safepoint: 21923 ns, Total: 173298 ns
[2020-02-26T08:43:27.430+0000][1][safepoint    ] Safepoint "Cleanup", Time since last: 1000890571 ns, Reaching safepoint: 96943 ns, At safepoint: 9947 ns, Total: 106890 ns
[2020-02-26T08:43:28.431+0000][1][safepoint    ] Safepoint "Cleanup", Time since last: 1000858064 ns, Reaching safepoint: 126672 ns, At safepoint: 12577 ns, Total: 139249 ns
[2020-02-26T08:43:28.950+0000][1][safepoint    ] Safepoint "RevokeBias", Time since last: 519023162 ns, Reaching safepoint: 73617 ns, At safepoint: 18830 ns, Total: 92447 ns
[2020-02-26T08:43:29.951+0000][1][safepoint    ] Safepoint "Cleanup", Time since last: 1000545313 ns, Reaching safepoint: 121283 ns, At safepoint: 13333 ns, Total: 134616 ns
[2020-02-26T08:43:30.951+0000][1][safepoint    ] Safepoint "Cleanup", Time since last: 1000866479 ns, Reaching safepoint: 95252 ns, At safepoint: 9359 ns, Total: 104611 ns
[2020-02-26T08:43:31.460+0000][1][safepoint    ] Safepoint "RevokeBias", Time since last: 508390840 ns, Reaching safepoint: 88409 ns, At safepoint: 23704 ns, Total: 112113 ns
[2020-02-26T08:43:32.460+0000][1][safepoint    ] Safepoint "Cleanup", Time since last: 1000222197 ns, Reaching safepoint: 80502 ns, At safepoint: 8982 ns, Total: 89484 ns
[2020-02-26T08:43:33.464+0000][1][safepoint    ] Safepoint "Cleanup", Time since last: 1003354248 ns, Reaching safepoint: 175583 ns, At safepoint: 14956 ns, Total: 190539 ns
[2020-02-26T08:43:33.966+0000][1][safepoint    ] Safepoint "RevokeBias", Time since last: 501862930 ns, Reaching safepoint: 117299 ns, At safepoint: 30968 ns, Total: 148267 ns
[2020-02-26T08:43:34.972+0000][1][safepoint    ] Safepoint "Cleanup", Time since last: 1005609248 ns, Reaching safepoint: 140634 ns, At safepoint: 30432 ns, Total: 171066 ns
[2020-02-26T08:43:35.972+0000][1][safepoint    ] Safepoint "Cleanup", Time since last: 1000445704 ns, Reaching safepoint: 121661 ns, At safepoint: 11944 ns, Total: 133605 ns
[2020-02-26T08:43:36.470+0000][1][safepoint    ] Safepoint "RevokeBias", Time since last: 497671607 ns, Reaching safepoint: 83627 ns, At safepoint: 38439 ns, Total: 122066 ns
[2020-02-26T08:43:37.470+0000][1][safepoint    ] Safepoint "Cleanup", Time since last: 1000252302 ns, Reaching safepoint: 137083 ns, At safepoint: 11423 ns, Total: 148506 ns
[2020-02-26T08:43:38.471+0000][1][safepoint    ] Safepoint "Cleanup", Time since last: 1000310822 ns, Reaching safepoint: 80044 ns, At safepoint: 8900 ns, Total: 88944 ns
[2020-02-26T08:43:38.977+0000][1][safepoint    ] Safepoint "RevokeBias", Time since last: 505966283 ns, Reaching safepoint: 76298 ns, At safepoint: 19964 ns, Total: 96262 ns
[2020-02-26T08:43:39.978+0000][1][safepoint    ] Safepoint "Cleanup", Time since last: 1000723576 ns, Reaching safepoint: 59292 ns, At safepoint: 7310 ns, Total: 66602 ns
[2020-02-26T08:43:40.978+0000][1][safepoint    ] Safepoint "Cleanup", Time since last: 1000447571 ns, Reaching safepoint: 80190 ns, At safepoint: 9629 ns, Total: 89819 ns
[2020-02-26T08:43:41.481+0000][1][safepoint    ] Safepoint "RevokeBias", Time since last: 502980647 ns, Reaching safepoint: 77526 ns, At safepoint: 20074 ns, Total: 97600 ns
[2020-02-26T08:43:42.482+0000][1][safepoint    ] Safepoint "Cleanup", Time since last: 1000884094 ns, Reaching safepoint: 96037 ns, At safepoint: 8442 ns, Total: 104479 ns
[2020-02-26T08:43:43.483+0000][1][safepoint    ] Safepoint "Cleanup", Time since last: 1001059123 ns, Reaching safepoint: 139301 ns, At safepoint: 13136 ns, Total: 152437 ns
[2020-02-26T08:43:43.986+0000][1][safepoint    ] Safepoint "RevokeBias", Time since last: 502151184 ns, Reaching safepoint: 84419 ns, At safepoint: 20068 ns, Total: 104487 ns
[2020-02-26T08:43:44.987+0000][1][safepoint    ] Safepoint "Cleanup", Time since last: 1001625953 ns, Reaching safepoint: 87132 ns, At safepoint: 10744 ns, Total: 97876 ns
[2020-02-26T08:43:45.988+0000][1][safepoint    ] Safepoint "Cleanup", Time since last: 1000662892 ns, Reaching safepoint: 83261 ns, At safepoint: 10691 ns, Total: 93952 ns
[2020-02-26T08:43:46.492+0000][1][safepoint    ] Safepoint "RevokeBias", Time since last: 503781574 ns, Reaching safepoint: 76784 ns, At safepoint: 33947 ns, Total: 110731 ns
[2020-02-26T08:43:47.493+0000][1][safepoint    ] Safepoint "Cleanup", Time since last: 1000365230 ns, Reaching safepoint: 88389 ns, At safepoint: 10923 ns, Total: 99312 ns
[2020-02-26T08:43:48.493+0000][1][safepoint    ] Safepoint "Cleanup", Time since last: 1000350042 ns, Reaching safepoint: 106307 ns, At safepoint: 14233 ns, Total: 120540 ns
[2020-02-26T08:43:49.001+0000][1][safepoint    ] Safepoint "RevokeBias", Time since last: 507390194 ns, Reaching safepoint: 76360 ns, At safepoint: 19828 ns, Total: 96188 ns
[2020-02-26T08:43:50.002+0000][1][safepoint    ] Safepoint "Cleanup", Time since last: 1001048231 ns, Reaching safepoint: 115146 ns, At safepoint: 12259 ns, Total: 127405 ns
[2020-02-26T08:43:51.006+0000][1][safepoint    ] Safepoint "Cleanup", Time since last: 1004291626 ns, Reaching safepoint: 84173 ns, At safepoint: 29941 ns, Total: 114114 ns
[2020-02-26T08:43:51.505+0000][1][safepoint    ] Safepoint "RevokeBias", Time since last: 499016947 ns, Reaching safepoint: 74442 ns, At safepoint: 19540 ns, Total: 93982 ns
[2020-02-26T08:43:52.506+0000][1][safepoint    ] Safepoint "Cleanup", Time since last: 1000273540 ns, Reaching safepoint: 79612 ns, At safepoint: 9075 ns, Total: 88687 ns
[2020-02-26T08:43:53.506+0000][1][safepoint    ] Safepoint "Cleanup", Time since last: 1000233117 ns, Reaching safepoint: 93167 ns, At safepoint: 9086 ns, Total: 102253 ns
[2020-02-26T08:43:54.009+0000][1][safepoint    ] Safepoint "RevokeBias", Time since last: 502850982 ns, Reaching safepoint: 121381 ns, At safepoint: 30805 ns, Total: 152186 ns
[2020-02-26T08:43:55.010+0000][1][safepoint    ] Safepoint "Cleanup", Time since last: 1001341305 ns, Reaching safepoint: 77136 ns, At safepoint: 7959 ns, Total: 85095 ns
[2020-02-26T08:43:56.011+0000][1][safepoint    ] Safepoint "Cleanup", Time since last: 1000791050 ns, Reaching safepoint: 77985 ns, At safepoint: 9102 ns, Total: 87087 ns
[2020-02-26T08:43:56.525+0000][1][safepoint    ] Safepoint "RevokeBias", Time since last: 510344548 ns, Reaching safepoint: 3663763 ns, At safepoint: 30101 ns, Total: 3693864 ns
[2020-02-26T08:43:57.526+0000][1][safepoint    ] Safepoint "Cleanup", Time since last: 1000784479 ns, Reaching safepoint: 113912 ns, At safepoint: 13359 ns, Total: 127271 ns
[2020-02-26T08:43:58.527+0000][1][safepoint    ] Safepoint "Cleanup", Time since last: 1000514165 ns, Reaching safepoint: 89087 ns, At safepoint: 9178 ns, Total: 98265 ns
[2020-02-26T08:43:59.032+0000][1][safepoint    ] Safepoint "RevokeBias", Time since last: 505200754 ns, Reaching safepoint: 78255 ns, At safepoint: 20369 ns, Total: 98624 ns
[2020-02-26T08:44:00.033+0000][1][safepoint    ] Safepoint "Cleanup", Time since last: 1000777190 ns, Reaching safepoint: 83529 ns, At safepoint: 9963 ns, Total: 93492 ns
[2020-02-26T08:44:01.035+0000][1][safepoint    ] Safepoint "Cleanup", Time since last: 1002297353 ns, Reaching safepoint: 77982 ns, At safepoint: 8736 ns, Total: 86718 ns
[2020-02-26T08:44:01.549+0000][1][safepoint    ] Safepoint "RevokeBias", Time since last: 513216241 ns, Reaching safepoint: 76072 ns, At safepoint: 18902 ns, Total: 94974 ns
[2020-02-26T08:44:02.549+0000][1][safepoint    ] Safepoint "Cleanup", Time since last: 1000337459 ns, Reaching safepoint: 105235 ns, At safepoint: 10399 ns, Total: 115634 ns
[2020-02-26T08:44:03.550+0000][1][safepoint    ] Safepoint "Cleanup", Time since last: 1000738231 ns, Reaching safepoint: 170319 ns, At safepoint: 14540 ns, Total: 184859 ns
[2020-02-26T08:44:04.060+0000][1][gc,start     ] GC(35) Pause Young (Allocation Failure)
[2020-02-26T08:44:04.060+0000][1][gc,task      ] GC(35) Using 1 workers of 1 for evacuation
[2020-02-26T08:44:04.227+0000][1][gc,age       ] GC(35) Desired survivor size 4358144 bytes, new threshold 6 (max threshold 6)
[2020-02-26T08:44:04.227+0000][1][gc,age       ] GC(35) Age table with threshold 6 (max threshold 6)
[2020-02-26T08:44:04.227+0000][1][gc,age       ] GC(35) - age   1:      12040 bytes,      12040 total
[2020-02-26T08:44:04.227+0000][1][gc,age       ] GC(35) - age   2:       3480 bytes,      15520 total
[2020-02-26T08:44:04.227+0000][1][gc,age       ] GC(35) - age   3:       1176 bytes,      16696 total
[2020-02-26T08:44:04.227+0000][1][gc,age       ] GC(35) - age   4:      54232 bytes,      70928 total
[2020-02-26T08:44:04.227+0000][1][gc,age       ] GC(35) - age   5:      12896 bytes,      83824 total
[2020-02-26T08:44:04.227+0000][1][gc,age       ] GC(35) - age   6:     302232 bytes,     386056 total
[2020-02-26T08:44:04.227+0000][1][gc,heap      ] GC(35) ParNew: 71794K->1229K(76672K)
[2020-02-26T08:44:04.227+0000][1][gc,heap      ] GC(35) CMS: 60508K->62224K(963392K)
[2020-02-26T08:44:04.227+0000][1][gc,metaspace ] GC(35) Metaspace: 78763K->78763K(1122304K)
[2020-02-26T08:44:04.227+0000][1][gc           ] GC(35) Pause Young (Allocation Failure) 129M->61M(1015M) 167.363ms
[2020-02-26T08:44:04.227+0000][1][gc,cpu       ] GC(35) User=0.02s Sys=0.01s Real=0.17s
[2020-02-26T08:44:04.227+0000][1][safepoint    ] Safepoint "GenCollectForAllocation", Time since last: 509510471 ns, Reaching safepoint: 100801 ns, At safepoint: 167425463 ns, Total: 167526264 ns
[2020-02-26T08:44:04.229+0000][1][safepoint    ] Safepoint "RevokeBias", Time since last: 1822595 ns, Reaching safepoint: 73036 ns, At safepoint: 18852 ns, Total: 91888 ns
[2020-02-26T08:44:05.230+0000][1][safepoint    ] Safepoint "Cleanup", Time since last: 1000426058 ns, Reaching safepoint: 99877 ns, At safepoint: 9740 ns, Total: 109617 ns
[2020-02-26T08:44:06.230+0000][1][safepoint    ] Safepoint "Cleanup", Time since last: 1000797659 ns, Reaching safepoint: 94013 ns, At safepoint: 8055 ns, Total: 102068 ns
[2020-02-26T08:44:06.744+0000][1][safepoint    ] Safepoint "RevokeBias", Time since last: 513139303 ns, Reaching safepoint: 74473 ns, At safepoint: 36380 ns, Total: 110853 ns
[2020-02-26T08:44:07.744+0000][1][safepoint    ] Safepoint "Cleanup", Time since last: 1000270437 ns, Reaching safepoint: 74760 ns, At safepoint: 7793 ns, Total: 82553 ns
[2020-02-26T08:44:08.744+0000][1][safepoint    ] Safepoint "Cleanup", Time since last: 1000321403 ns, Reaching safepoint: 74395 ns, At safepoint: 7877 ns, Total: 82272 ns
[2020-02-26T08:44:09.254+0000][1][safepoint    ] Safepoint "RevokeBias", Time since last: 509013815 ns, Reaching safepoint: 159914 ns, At safepoint: 24444 ns, Total: 184358 ns
[2020-02-26T08:44:10.255+0000][1][safepoint    ] Safepoint "Cleanup", Time since last: 1000840778 ns, Reaching safepoint: 93245 ns, At safepoint: 10697 ns, Total: 103942 ns
[2020-02-26T08:44:11.255+0000][1][safepoint    ] Safepoint "Cleanup", Time since last: 1000694807 ns, Reaching safepoint: 111469 ns, At safepoint: 11231 ns, Total: 122700 ns
[2020-02-26T08:44:11.760+0000][1][safepoint    ] Safepoint "RevokeBias", Time since last: 504484589 ns, Reaching safepoint: 80867 ns, At safepoint: 20809 ns, Total: 101676 ns
[2020-02-26T08:44:12.766+0000][1][safepoint    ] Safepoint "Cleanup", Time since last: 1006148626 ns, Reaching safepoint: 118489 ns, At safepoint: 8807 ns, Total: 127296 ns
[2020-02-26T08:44:13.767+0000][1][safepoint    ] Safepoint "Cleanup", Time since last: 1000270145 ns, Reaching safepoint: 87430 ns, At safepoint: 9851 ns, Total: 97281 ns
[2020-02-26T08:44:14.265+0000][1][safepoint    ] Safepoint "RevokeBias", Time since last: 497736057 ns, Reaching safepoint: 135415 ns, At safepoint: 26509 ns, Total: 161924 ns
[2020-02-26T08:44:15.265+0000][1][safepoint    ] Safepoint "Cleanup", Time since last: 1000210328 ns, Reaching safepoint: 81244 ns, At safepoint: 8752 ns, Total: 89996 ns
[2020-02-26T08:44:16.266+0000][1][safepoint    ] Safepoint "Cleanup", Time since last: 1000745476 ns, Reaching safepoint: 84332 ns, At safepoint: 9514 ns, Total: 93846 ns
[2020-02-26T08:44:16.774+0000][1][safepoint    ] Safepoint "RevokeBias", Time since last: 508046920 ns, Reaching safepoint: 162525 ns, At safepoint: 39536 ns, Total: 202061 ns
[2020-02-26T08:44:17.775+0000][1][safepoint    ] Safepoint "Cleanup", Time since last: 1001293186 ns, Reaching safepoint: 107765 ns, At safepoint: 9566 ns, Total: 117331 ns
[2020-02-26T08:44:18.777+0000][1][safepoint    ] Safepoint "Cleanup", Time since last: 1001834800 ns, Reaching safepoint: 77979 ns, At safepoint: 8381 ns, Total: 86360 ns
[2020-02-26T08:44:19.281+0000][1][safepoint    ] Safepoint "RevokeBias", Time since last: 503703698 ns, Reaching safepoint: 112991 ns, At safepoint: 30686 ns, Total: 143677 ns
[2020-02-26T08:44:20.282+0000][1][safepoint    ] Safepoint "Cleanup", Time since last: 1000455075 ns, Reaching safepoint: 83698 ns, At safepoint: 9742 ns, Total: 93440 ns
[2020-02-26T08:44:21.282+0000][1][safepoint    ] Safepoint "Cleanup", Time since last: 1000150971 ns, Reaching safepoint: 86252 ns, At safepoint: 9619 ns, Total: 95871 ns
[2020-02-26T08:44:21.787+0000][1][safepoint    ] Safepoint "RevokeBias", Time since last: 505318112 ns, Reaching safepoint: 88780 ns, At safepoint: 23444 ns, Total: 112224 ns
[2020-02-26T08:44:22.788+0000][1][safepoint    ] Safepoint "Cleanup", Time since last: 1000451208 ns, Reaching safepoint: 104973 ns, At safepoint: 9382 ns, Total: 114355 ns
[2020-02-26T08:44:23.792+0000][1][safepoint    ] Safepoint "Cleanup", Time since last: 1004327904 ns, Reaching safepoint: 130045 ns, At safepoint: 14931 ns, Total: 144976 ns
[2020-02-26T08:44:24.293+0000][1][safepoint    ] Safepoint "BulkRevokeBias", Time since last: 500291640 ns, Reaching safepoint: 80522 ns, At safepoint: 413816 ns, Total: 494338 ns
[2020-02-26T08:44:25.294+0000][1][safepoint    ] Safepoint "Cleanup", Time since last: 1000575668 ns, Reaching safepoint: 79738 ns, At safepoint: 9565 ns, Total: 89303 ns
[2020-02-26T08:44:26.294+0000][1][safepoint    ] Safepoint "Cleanup", Time since last: 1000469532 ns, Reaching safepoint: 129124 ns, At safepoint: 10480 ns, Total: 139604 ns
[2020-02-26T08:44:26.799+0000][1][safepoint    ] Safepoint "RevokeBias", Time since last: 504771951 ns, Reaching safepoint: 127770 ns, At safepoint: 34488 ns, Total: 162258 ns
[2020-02-26T08:44:27.800+0000][1][safepoint    ] Safepoint "Cleanup", Time since last: 1000677329 ns, Reaching safepoint: 97730 ns, At safepoint: 9924 ns, Total: 107654 ns
[2020-02-26T08:44:28.801+0000][1][safepoint    ] Safepoint "Cleanup", Time since last: 1001072495 ns, Reaching safepoint: 162368 ns, At safepoint: 10120 ns, Total: 172488 ns
[2020-02-26T08:44:29.307+0000][1][safepoint    ] Safepoint "RevokeBias", Time since last: 505784320 ns, Reaching safepoint: 74371 ns, At safepoint: 19097 ns, Total: 93468 ns
[2020-02-26T08:44:30.308+0000][1][safepoint    ] Safepoint "Cleanup", Time since last: 1000709904 ns, Reaching safepoint: 122238 ns, At safepoint: 12586 ns, Total: 134824 ns
[2020-02-26T08:44:31.308+0000][1][safepoint    ] Safepoint "Cleanup", Time since last: 1000223892 ns, Reaching safepoint: 100861 ns, At safepoint: 8622 ns, Total: 109483 ns
[2020-02-26T08:44:31.813+0000][1][safepoint    ] Safepoint "RevokeBias", Time since last: 504576515 ns, Reaching safepoint: 78192 ns, At safepoint: 19948 ns, Total: 98140 ns
[2020-02-26T08:44:32.814+0000][1][safepoint    ] Safepoint "Cleanup", Time since last: 1000632627 ns, Reaching safepoint: 98462 ns, At safepoint: 9275 ns, Total: 107737 ns
[2020-02-26T08:44:33.817+0000][1][safepoint    ] Safepoint "Cleanup", Time since last: 1002841787 ns, Reaching safepoint: 138562 ns, At safepoint: 27676 ns, Total: 166238 ns
[2020-02-26T08:44:34.324+0000][1][safepoint    ] Safepoint "RevokeBias", Time since last: 506840230 ns, Reaching safepoint: 72289 ns, At safepoint: 18453 ns, Total: 90742 ns
[2020-02-26T08:44:35.324+0000][1][safepoint    ] Safepoint "Cleanup", Time since last: 1000373856 ns, Reaching safepoint: 81054 ns, At safepoint: 9008 ns, Total: 90062 ns
[2020-02-26T08:44:36.325+0000][1][safepoint    ] Safepoint "Cleanup", Time since last: 1000157293 ns, Reaching safepoint: 103415 ns, At safepoint: 8837 ns, Total: 112252 ns
[2020-02-26T08:44:36.965+0000][1][safepoint    ] Safepoint "RevokeBias", Time since last: 640832648 ns, Reaching safepoint: 75084 ns, At safepoint: 36050 ns, Total: 111134 ns
[2020-02-26T08:44:37.966+0000][1][safepoint    ] Safepoint "Cleanup", Time since last: 1000773405 ns, Reaching safepoint: 80981 ns, At safepoint: 8204 ns, Total: 89185 ns
[2020-02-26T08:44:38.968+0000][1][safepoint    ] Safepoint "Cleanup", Time since last: 1001916289 ns, Reaching safepoint: 108501 ns, At safepoint: 9320 ns, Total: 117821 ns
[2020-02-26T08:44:39.500+0000][1][safepoint    ] Safepoint "RevokeBias", Time since last: 531016386 ns, Reaching safepoint: 113163 ns, At safepoint: 20728 ns, Total: 133891 ns
[2020-02-26T08:44:40.500+0000][1][safepoint    ] Safepoint "Cleanup", Time since last: 1000389909 ns, Reaching safepoint: 98077 ns, At safepoint: 10785 ns, Total: 108862 ns
[2020-02-26T08:44:41.507+0000][1][safepoint    ] Safepoint "Cleanup", Time since last: 1006554933 ns, Reaching safepoint: 79480 ns, At safepoint: 9003 ns, Total: 88483 ns
[2020-02-26T08:44:42.018+0000][1][safepoint    ] Safepoint "RevokeBias", Time since last: 510945197 ns, Reaching safepoint: 81146 ns, At safepoint: 21228 ns, Total: 102374 ns
[2020-02-26T08:44:43.018+0000][1][safepoint    ] Safepoint "Cleanup", Time since last: 1000543429 ns, Reaching safepoint: 80424 ns, At safepoint: 9408 ns, Total: 89832 ns
[2020-02-26T08:44:44.019+0000][1][safepoint    ] Safepoint "Cleanup", Time since last: 1000205064 ns, Reaching safepoint: 86632 ns, At safepoint: 11430 ns, Total: 98062 ns
[2020-02-26T08:44:44.544+0000][1][safepoint    ] Safepoint "RevokeBias", Time since last: 525610229 ns, Reaching safepoint: 98384 ns, At safepoint: 22346 ns, Total: 120730 ns
[2020-02-26T08:44:45.545+0000][1][safepoint    ] Safepoint "Cleanup", Time since last: 1000538669 ns, Reaching safepoint: 81856 ns, At safepoint: 10131 ns, Total: 91987 ns
[2020-02-26T08:44:46.546+0000][1][safepoint    ] Safepoint "Cleanup", Time since last: 1000488935 ns, Reaching safepoint: 83807 ns, At safepoint: 9784 ns, Total: 93591 ns
[2020-02-26T08:44:47.058+0000][1][safepoint    ] Safepoint "RevokeBias", Time since last: 512790045 ns, Reaching safepoint: 74929 ns, At safepoint: 18508 ns, Total: 93437 ns
[2020-02-26T08:44:48.059+0000][1][safepoint    ] Safepoint "Cleanup", Time since last: 1000526103 ns, Reaching safepoint: 75324 ns, At safepoint: 8519 ns, Total: 83843 ns
[2020-02-26T08:44:49.060+0000][1][safepoint    ] Safepoint "Cleanup", Time since last: 1000958362 ns, Reaching safepoint: 121551 ns, At safepoint: 9623 ns, Total: 131174 ns
[2020-02-26T08:44:49.573+0000][1][safepoint    ] Safepoint "RevokeBias", Time since last: 513200868 ns, Reaching safepoint: 79403 ns, At safepoint: 20982 ns, Total: 100385 ns
[2020-02-26T08:44:50.575+0000][1][safepoint    ] Safepoint "Cleanup", Time since last: 1001383051 ns, Reaching safepoint: 104249 ns, At safepoint: 9349 ns, Total: 113598 ns
[2020-02-26T08:44:51.575+0000][1][safepoint    ] Safepoint "Cleanup", Time since last: 1000158448 ns, Reaching safepoint: 80754 ns, At safepoint: 9047 ns, Total: 89801 ns
[2020-02-26T08:44:52.086+0000][1][safepoint    ] Safepoint "RevokeBias", Time since last: 511041496 ns, Reaching safepoint: 83274 ns, At safepoint: 22115 ns, Total: 105389 ns
[2020-02-26T08:44:53.087+0000][1][safepoint    ] Safepoint "Cleanup", Time since last: 1000233458 ns, Reaching safepoint: 79676 ns, At safepoint: 9096 ns, Total: 88772 ns
[2020-02-26T08:44:54.087+0000][1][safepoint    ] Safepoint "Cleanup", Time since last: 1000583768 ns, Reaching safepoint: 88026 ns, At safepoint: 9867 ns, Total: 97893 ns
[2020-02-26T08:44:54.590+0000][1][safepoint    ] Safepoint "RevokeBias", Time since last: 502472114 ns, Reaching safepoint: 205519 ns, At safepoint: 32104 ns, Total: 237623 ns
[2020-02-26T08:44:55.592+0000][1][safepoint    ] Safepoint "Cleanup", Time since last: 1001934737 ns, Reaching safepoint: 71307 ns, At safepoint: 8343 ns, Total: 79650 ns
[2020-02-26T08:44:56.593+0000][1][safepoint    ] Safepoint "Cleanup", Time since last: 1000552150 ns, Reaching safepoint: 96751 ns, At safepoint: 8825 ns, Total: 105576 ns
[2020-02-26T08:44:57.097+0000][1][safepoint    ] Safepoint "RevokeBias", Time since last: 503753680 ns, Reaching safepoint: 92325 ns, At safepoint: 66479 ns, Total: 158804 ns
[2020-02-26T08:44:58.097+0000][1][safepoint    ] Safepoint "Cleanup", Time since last: 1000760093 ns, Reaching safepoint: 64625 ns, At safepoint: 8865 ns, Total: 73490 ns
[2020-02-26T08:44:59.098+0000][1][safepoint    ] Safepoint "Cleanup", Time since last: 1000441000 ns, Reaching safepoint: 95703 ns, At safepoint: 9365 ns, Total: 105068 ns
[2020-02-26T08:44:59.604+0000][1][safepoint    ] Safepoint "RevokeBias", Time since last: 505528555 ns, Reaching safepoint: 56202 ns, At safepoint: 17335 ns, Total: 73537 ns
[2020-02-26T08:45:00.608+0000][1][safepoint    ] Safepoint "Cleanup", Time since last: 1003870639 ns, Reaching safepoint: 81190 ns, At safepoint: 24940 ns, Total: 106130 ns
[2020-02-26T08:45:01.613+0000][1][safepoint    ] Safepoint "Cleanup", Time since last: 1005412490 ns, Reaching safepoint: 90623 ns, At safepoint: 8459 ns, Total: 99082 ns
[2020-02-26T08:45:02.112+0000][1][safepoint    ] Safepoint "RevokeBias", Time since last: 498371423 ns, Reaching safepoint: 80606 ns, At safepoint: 20659 ns, Total: 101265 ns
[2020-02-26T08:45:03.112+0000][1][safepoint    ] Safepoint "Cleanup", Time since last: 1000642832 ns, Reaching safepoint: 101196 ns, At safepoint: 10795 ns, Total: 111991 ns
[2020-02-26T08:45:04.113+0000][1][safepoint    ] Safepoint "Cleanup", Time since last: 1000828245 ns, Reaching safepoint: 84417 ns, At safepoint: 9716 ns, Total: 94133 ns
[2020-02-26T08:45:04.616+0000][1][safepoint    ] Safepoint "RevokeBias", Time since last: 502146152 ns, Reaching safepoint: 68510 ns, At safepoint: 20686 ns, Total: 89196 ns
[2020-02-26T08:45:05.616+0000][1][safepoint    ] Safepoint "Cleanup", Time since last: 1000622640 ns, Reaching safepoint: 195817 ns, At safepoint: 10605 ns, Total: 206422 ns
[2020-02-26T08:45:06.617+0000][1][safepoint    ] Safepoint "Cleanup", Time since last: 1000655470 ns, Reaching safepoint: 83082 ns, At safepoint: 10109 ns, Total: 93191 ns
[2020-02-26T08:45:07.124+0000][1][safepoint    ] Safepoint "RevokeBias", Time since last: 507029507 ns, Reaching safepoint: 144685 ns, At safepoint: 40391 ns, Total: 185076 ns
[2020-02-26T08:45:08.125+0000][1][safepoint    ] Safepoint "Cleanup", Time since last: 1000121371 ns, Reaching safepoint: 80475 ns, At safepoint: 9309 ns, Total: 89784 ns
[2020-02-26T08:45:09.125+0000][1][safepoint    ] Safepoint "Cleanup", Time since last: 1000834692 ns, Reaching safepoint: 81189 ns, At safepoint: 8705 ns, Total: 89894 ns
[2020-02-26T08:45:09.632+0000][1][safepoint    ] Safepoint "RevokeBias", Time since last: 506646617 ns, Reaching safepoint: 75685 ns, At safepoint: 19745 ns, Total: 95430 ns
[2020-02-26T08:45:10.633+0000][1][safepoint    ] Safepoint "Cleanup", Time since last: 1000705503 ns, Reaching safepoint: 79130 ns, At safepoint: 8944 ns, Total: 88074 ns
[2020-02-26T08:45:11.635+0000][1][safepoint    ] Safepoint "Cleanup", Time since last: 1001821484 ns, Reaching safepoint: 62666 ns, At safepoint: 8758 ns, Total: 71424 ns
[2020-02-26T08:45:12.172+0000][1][safepoint    ] Safepoint "RevokeBias", Time since last: 536179617 ns, Reaching safepoint: 437541 ns, At safepoint: 23362 ns, Total: 460903 ns
[2020-02-26T08:45:13.172+0000][1][safepoint    ] Safepoint "Cleanup", Time since last: 1000490354 ns, Reaching safepoint: 84339 ns, At safepoint: 10161 ns, Total: 94500 ns
[2020-02-26T08:45:14.173+0000][1][safepoint    ] Safepoint "Cleanup", Time since last: 1000338437 ns, Reaching safepoint: 163480 ns, At safepoint: 10672 ns, Total: 174152 ns
[2020-02-26T08:45:14.686+0000][1][safepoint    ] Safepoint "RevokeBias", Time since last: 513534845 ns, Reaching safepoint: 87494 ns, At safepoint: 21574 ns, Total: 109068 ns
[2020-02-26T08:45:15.687+0000][1][safepoint    ] Safepoint "Cleanup", Time since last: 1000192294 ns, Reaching safepoint: 116355 ns, At safepoint: 9016 ns, Total: 125371 ns
[2020-02-26T08:45:15.852+0000][1][safepoint    ] Safepoint "RevokeBias", Time since last: 165152002 ns, Reaching safepoint: 156711 ns, At safepoint: 85380 ns, Total: 242091 ns
[2020-02-26T08:45:16.853+0000][1][safepoint    ] Safepoint "Cleanup", Time since last: 1000549405 ns, Reaching safepoint: 110265 ns, At safepoint: 12319 ns, Total: 122584 ns
[2020-02-26T08:45:17.203+0000][1][safepoint    ] Safepoint "RevokeBias", Time since last: 350121799 ns, Reaching safepoint: 84057 ns, At safepoint: 20904 ns, Total: 104961 ns
[2020-02-26T08:45:18.203+0000][1][safepoint    ] Safepoint "Cleanup", Time since last: 1000260874 ns, Reaching safepoint: 84690 ns, At safepoint: 9576 ns, Total: 94266 ns
[2020-02-26T08:45:19.204+0000][1][safepoint    ] Safepoint "Cleanup", Time since last: 1000442472 ns, Reaching safepoint: 136705 ns, At safepoint: 9638 ns, Total: 146343 ns
[2020-02-26T08:45:19.710+0000][1][safepoint    ] Safepoint "RevokeBias", Time since last: 506565048 ns, Reaching safepoint: 77901 ns, At safepoint: 19893 ns, Total: 97794 ns
[2020-02-26T08:45:20.711+0000][1][safepoint    ] Safepoint "Cleanup", Time since last: 1000412708 ns, Reaching safepoint: 94968 ns, At safepoint: 9765 ns, Total: 104733 ns
[2020-02-26T08:45:21.712+0000][1][safepoint    ] Safepoint "Cleanup", Time since last: 1000571782 ns, Reaching safepoint: 123870 ns, At safepoint: 10984 ns, Total: 134854 ns
[2020-02-26T08:45:22.221+0000][1][safepoint    ] Safepoint "RevokeBias", Time since last: 508910067 ns, Reaching safepoint: 132364 ns, At safepoint: 21747 ns, Total: 154111 ns
[2020-02-26T08:45:23.225+0000][1][safepoint    ] Safepoint "Cleanup", Time since last: 1004133343 ns, Reaching safepoint: 111672 ns, At safepoint: 9188 ns, Total: 120860 ns
[2020-02-26T08:45:24.225+0000][1][safepoint    ] Safepoint "Cleanup", Time since last: 1000252556 ns, Reaching safepoint: 78973 ns, At safepoint: 8365 ns, Total: 87338 ns
[2020-02-26T08:45:24.726+0000][1][safepoint    ] Safepoint "RevokeBias", Time since last: 500695167 ns, Reaching safepoint: 76696 ns, At safepoint: 20780 ns, Total: 97476 ns
[2020-02-26T08:45:25.727+0000][1][safepoint    ] Safepoint "Cleanup", Time since last: 1000555640 ns, Reaching safepoint: 94746 ns, At safepoint: 11840 ns, Total: 106586 ns
[2020-02-26T08:45:26.728+0000][1][safepoint    ] Safepoint "Cleanup", Time since last: 1000708713 ns, Reaching safepoint: 99643 ns, At safepoint: 10315 ns, Total: 109958 ns
[2020-02-26T08:45:27.232+0000][1][safepoint    ] Safepoint "RevokeBias", Time since last: 504218101 ns, Reaching safepoint: 88922 ns, At safepoint: 23744 ns, Total: 112666 ns
[2020-02-26T08:45:28.234+0000][1][safepoint    ] Safepoint "Cleanup", Time since last: 1001613754 ns, Reaching safepoint: 115775 ns, At safepoint: 10347 ns, Total: 126122 ns
[2020-02-26T08:45:29.238+0000][1][safepoint    ] Safepoint "Cleanup", Time since last: 1004707731 ns, Reaching safepoint: 81466 ns, At safepoint: 9358 ns, Total: 90824 ns
[2020-02-26T08:45:29.739+0000][1][safepoint    ] Safepoint "RevokeBias", Time since last: 499927300 ns, Reaching safepoint: 218505 ns, At safepoint: 22683 ns, Total: 241188 ns
[2020-02-26T08:45:30.740+0000][1][safepoint    ] Safepoint "Cleanup", Time since last: 1000860032 ns, Reaching safepoint: 82416 ns, At safepoint: 9932 ns, Total: 92348 ns
[2020-02-26T08:45:31.740+0000][1][safepoint    ] Safepoint "Cleanup", Time since last: 1000585663 ns, Reaching safepoint: 100795 ns, At safepoint: 10043 ns, Total: 110838 ns
[2020-02-26T08:45:32.250+0000][1][safepoint    ] Safepoint "RevokeBias", Time since last: 510016670 ns, Reaching safepoint: 75768 ns, At safepoint: 20168 ns, Total: 95936 ns
[2020-02-26T08:45:33.251+0000][1][safepoint    ] Safepoint "Cleanup", Time since last: 1000646586 ns, Reaching safepoint: 184587 ns, At safepoint: 27199 ns, Total: 211786 ns
[2020-02-26T08:45:34.252+0000][1][safepoint    ] Safepoint "Cleanup", Time since last: 1000679752 ns, Reaching safepoint: 101848 ns, At safepoint: 9449 ns, Total: 111297 ns
[2020-02-26T08:45:34.759+0000][1][safepoint    ] Safepoint "RevokeBias", Time since last: 506926038 ns, Reaching safepoint: 97926 ns, At safepoint: 110124 ns, Total: 208050 ns
[2020-02-26T08:45:35.760+0000][1][safepoint    ] Safepoint "Cleanup", Time since last: 1000691601 ns, Reaching safepoint: 79270 ns, At safepoint: 8912 ns, Total: 88182 ns
[2020-02-26T08:45:36.761+0000][1][safepoint    ] Safepoint "Cleanup", Time since last: 1000744469 ns, Reaching safepoint: 101777 ns, At safepoint: 9625 ns, Total: 111402 ns
[2020-02-26T08:45:37.268+0000][1][safepoint    ] Safepoint "BulkRevokeBias", Time since last: 506865747 ns, Reaching safepoint: 134100 ns, At safepoint: 196332 ns, Total: 330432 ns
[2020-02-26T08:45:38.269+0000][1][safepoint    ] Safepoint "Cleanup", Time since last: 1000416284 ns, Reaching safepoint: 87140 ns, At safepoint: 9015 ns, Total: 96155 ns
[2020-02-26T08:45:39.276+0000][1][safepoint    ] Safepoint "Cleanup", Time since last: 1007332042 ns, Reaching safepoint: 78430 ns, At safepoint: 8861 ns, Total: 87291 ns
[2020-02-26T08:45:39.775+0000][1][safepoint    ] Safepoint "RevokeBias", Time since last: 498668140 ns, Reaching safepoint: 75230 ns, At safepoint: 19524 ns, Total: 94754 ns
[2020-02-26T08:45:40.776+0000][1][safepoint    ] Safepoint "Cleanup", Time since last: 1000763260 ns, Reaching safepoint: 108268 ns, At safepoint: 14356 ns, Total: 122624 ns
[2020-02-26T08:45:41.777+0000][1][safepoint    ] Safepoint "Cleanup", Time since last: 1000806423 ns, Reaching safepoint: 95498 ns, At safepoint: 9073 ns, Total: 104571 ns
[2020-02-26T08:45:42.283+0000][1][safepoint    ] Safepoint "RevokeBias", Time since last: 506568664 ns, Reaching safepoint: 99649 ns, At safepoint: 27544 ns, Total: 127193 ns
[2020-02-26T08:45:43.284+0000][1][safepoint    ] Safepoint "Cleanup", Time since last: 1000245256 ns, Reaching safepoint: 80817 ns, At safepoint: 7857 ns, Total: 88674 ns
[2020-02-26T08:45:44.285+0000][1][safepoint    ] Safepoint "Cleanup", Time since last: 1001115072 ns, Reaching safepoint: 127445 ns, At safepoint: 9359 ns, Total: 136804 ns
[2020-02-26T08:45:44.803+0000][1][safepoint    ] Safepoint "RevokeBias", Time since last: 517704833 ns, Reaching safepoint: 148357 ns, At safepoint: 35865 ns, Total: 184222 ns
[2020-02-26T08:45:45.803+0000][1][safepoint    ] Safepoint "Cleanup", Time since last: 1000576036 ns, Reaching safepoint: 116264 ns, At safepoint: 8906 ns, Total: 125170 ns
[2020-02-26T08:45:46.804+0000][1][safepoint    ] Safepoint "Cleanup", Time since last: 1000695071 ns, Reaching safepoint: 78182 ns, At safepoint: 9126 ns, Total: 87308 ns
[2020-02-26T08:45:47.314+0000][1][safepoint    ] Safepoint "RevokeBias", Time since last: 509533089 ns, Reaching safepoint: 74619 ns, At safepoint: 36736 ns, Total: 111355 ns
[2020-02-26T08:45:48.314+0000][1][safepoint    ] Safepoint "Cleanup", Time since last: 1000324271 ns, Reaching safepoint: 79302 ns, At safepoint: 9015 ns, Total: 88317 ns
[2020-02-26T08:45:49.315+0000][1][safepoint    ] Safepoint "Cleanup", Time since last: 1000670537 ns, Reaching safepoint: 80875 ns, At safepoint: 9302 ns, Total: 90177 ns
[2020-02-26T08:45:49.833+0000][1][safepoint    ] Safepoint "RevokeBias", Time since last: 517228720 ns, Reaching safepoint: 276443 ns, At safepoint: 36956 ns, Total: 313399 ns
[2020-02-26T08:45:50.833+0000][1][safepoint    ] Safepoint "Cleanup", Time since last: 1000636813 ns, Reaching safepoint: 89816 ns, At safepoint: 10773 ns, Total: 100589 ns
[2020-02-26T08:45:51.834+0000][1][safepoint    ] Safepoint "Cleanup", Time since last: 1000382712 ns, Reaching safepoint: 79148 ns, At safepoint: 9748 ns, Total: 88896 ns
[2020-02-26T08:45:52.344+0000][1][safepoint    ] Safepoint "RevokeBias", Time since last: 509748714 ns, Reaching safepoint: 81654 ns, At safepoint: 21127 ns, Total: 102781 ns
[2020-02-26T08:45:53.345+0000][1][safepoint    ] Safepoint "Cleanup", Time since last: 1000778004 ns, Reaching safepoint: 137810 ns, At safepoint: 13317 ns, Total: 151127 ns
[2020-02-26T08:45:54.346+0000][1][safepoint    ] Safepoint "Cleanup", Time since last: 1001259705 ns, Reaching safepoint: 94621 ns, At safepoint: 8979 ns, Total: 103600 ns
[2020-02-26T08:45:54.860+0000][1][safepoint    ] Safepoint "RevokeBias", Time since last: 513523458 ns, Reaching safepoint: 71436 ns, At safepoint: 18665 ns, Total: 90101 ns
[2020-02-26T08:45:55.860+0000][1][safepoint    ] Safepoint "Cleanup", Time since last: 1000488357 ns, Reaching safepoint: 86582 ns, At safepoint: 9374 ns, Total: 95956 ns
[2020-02-26T08:45:56.861+0000][1][safepoint    ] Safepoint "Cleanup", Time since last: 1000793955 ns, Reaching safepoint: 117049 ns, At safepoint: 16274 ns, Total: 133323 ns
[2020-02-26T08:45:57.373+0000][1][safepoint    ] Safepoint "RevokeBias", Time since last: 511812817 ns, Reaching safepoint: 73767 ns, At safepoint: 18794 ns, Total: 92561 ns
[2020-02-26T08:45:58.374+0000][1][safepoint    ] Safepoint "Cleanup", Time since last: 1000656117 ns, Reaching safepoint: 93098 ns, At safepoint: 9343 ns, Total: 102441 ns
[2020-02-26T08:45:59.374+0000][1][safepoint    ] Safepoint "Cleanup", Time since last: 1000379182 ns, Reaching safepoint: 94599 ns, At safepoint: 8883 ns, Total: 103482 ns
[2020-02-26T08:45:59.883+0000][1][safepoint    ] Safepoint "RevokeBias", Time since last: 507580888 ns, Reaching safepoint: 1222657 ns, At safepoint: 24047 ns, Total: 1246704 ns
[2020-02-26T08:46:00.891+0000][1][safepoint    ] Safepoint "Cleanup", Time since last: 1007444823 ns, Reaching safepoint: 115482 ns, At safepoint: 10545 ns, Total: 126027 ns
[2020-02-26T08:46:01.896+0000][1][safepoint    ] Safepoint "Cleanup", Time since last: 1005531044 ns, Reaching safepoint: 64153 ns, At safepoint: 8913 ns, Total: 73066 ns
[2020-02-26T08:46:02.388+0000][1][safepoint    ] Safepoint "RevokeBias", Time since last: 491261471 ns, Reaching safepoint: 194550 ns, At safepoint: 38112 ns, Total: 232662 ns
[2020-02-26T08:46:03.388+0000][1][safepoint    ] Safepoint "Cleanup", Time since last: 1000492082 ns, Reaching safepoint: 93418 ns, At safepoint: 8355 ns, Total: 101773 ns
[2020-02-26T08:46:04.389+0000][1][safepoint    ] Safepoint "Cleanup", Time since last: 1000786987 ns, Reaching safepoint: 95798 ns, At safepoint: 9199 ns, Total: 104997 ns
[2020-02-26T08:46:04.891+0000][1][safepoint    ] Safepoint "RevokeBias", Time since last: 501818560 ns, Reaching safepoint: 97327 ns, At safepoint: 24131 ns, Total: 121458 ns
[2020-02-26T08:46:05.895+0000][1][safepoint    ] Safepoint "Cleanup", Time since last: 1003481538 ns, Reaching safepoint: 153169 ns, At safepoint: 30165 ns, Total: 183334 ns
[2020-02-26T08:46:06.895+0000][1][safepoint    ] Safepoint "Cleanup", Time since last: 1000363777 ns, Reaching safepoint: 78434 ns, At safepoint: 8043 ns, Total: 86477 ns
[2020-02-26T08:46:07.407+0000][1][safepoint    ] Safepoint "RevokeBias", Time since last: 511845845 ns, Reaching safepoint: 168273 ns, At safepoint: 30207 ns, Total: 198480 ns
[2020-02-26T08:46:08.408+0000][1][safepoint    ] Safepoint "Cleanup", Time since last: 1000634550 ns, Reaching safepoint: 104537 ns, At safepoint: 10933 ns, Total: 115470 ns
[2020-02-26T08:46:09.409+0000][1][safepoint    ] Safepoint "Cleanup", Time since last: 1000349953 ns, Reaching safepoint: 157811 ns, At safepoint: 14488 ns, Total: 172299 ns
[2020-02-26T08:46:09.921+0000][1][safepoint    ] Safepoint "RevokeBias", Time since last: 512483788 ns, Reaching safepoint: 78257 ns, At safepoint: 19624 ns, Total: 97881 ns
[2020-02-26T08:46:10.922+0000][1][safepoint    ] Safepoint "Cleanup", Time since last: 1000544686 ns, Reaching safepoint: 77635 ns, At safepoint: 7587 ns, Total: 85222 ns
[2020-02-26T08:46:11.923+0000][1][safepoint    ] Safepoint "Cleanup", Time since last: 1000781512 ns, Reaching safepoint: 95282 ns, At safepoint: 8750 ns, Total: 104032 ns
[2020-02-26T08:46:12.426+0000][1][safepoint    ] Safepoint "RevokeBias", Time since last: 502815820 ns, Reaching safepoint: 55201 ns, At safepoint: 17007 ns, Total: 72208 ns
[2020-02-26T08:46:13.427+0000][1][safepoint    ] Safepoint "Cleanup", Time since last: 1001239870 ns, Reaching safepoint: 78759 ns, At safepoint: 8622 ns, Total: 87381 ns
[2020-02-26T08:46:14.427+0000][1][safepoint    ] Safepoint "Cleanup", Time since last: 1000129082 ns, Reaching safepoint: 100651 ns, At safepoint: 10139 ns, Total: 110790 ns
[2020-02-26T08:46:14.933+0000][1][safepoint    ] Safepoint "RevokeBias", Time since last: 506013543 ns, Reaching safepoint: 74826 ns, At safepoint: 29345 ns, Total: 104171 ns
[2020-02-26T08:46:15.934+0000][1][safepoint    ] Safepoint "Cleanup", Time since last: 1000417469 ns, Reaching safepoint: 144672 ns, At safepoint: 11477 ns, Total: 156149 ns
[2020-02-26T08:46:16.936+0000][1][safepoint    ] Safepoint "Cleanup", Time since last: 1002439433 ns, Reaching safepoint: 75261 ns, At safepoint: 7031 ns, Total: 82292 ns
[2020-02-26T08:46:17.443+0000][1][safepoint    ] Safepoint "RevokeBias", Time since last: 506292781 ns, Reaching safepoint: 115668 ns, At safepoint: 27247 ns, Total: 142915 ns
[2020-02-26T08:46:18.446+0000][1][safepoint    ] Safepoint "Cleanup", Time since last: 1001993112 ns, Reaching safepoint: 955041 ns, At safepoint: 19780 ns, Total: 974821 ns
[2020-02-26T08:46:19.447+0000][1][safepoint    ] Safepoint "Cleanup", Time since last: 1000864600 ns, Reaching safepoint: 78284 ns, At safepoint: 9123 ns, Total: 87407 ns
[2020-02-26T08:46:19.949+0000][1][safepoint    ] Safepoint "RevokeBias", Time since last: 501970521 ns, Reaching safepoint: 74842 ns, At safepoint: 19253 ns, Total: 94095 ns
[2020-02-26T08:46:20.909+0000][1][gc,start     ] GC(36) Pause Young (Allocation Failure)
[2020-02-26T08:46:20.909+0000][1][gc,task      ] GC(36) Using 1 workers of 1 for evacuation
[2020-02-26T08:46:21.031+0000][1][gc,age       ] GC(36) Desired survivor size 4358144 bytes, new threshold 6 (max threshold 6)
[2020-02-26T08:46:21.031+0000][1][gc,age       ] GC(36) Age table with threshold 6 (max threshold 6)
[2020-02-26T08:46:21.031+0000][1][gc,age       ] GC(36) - age   1:      14568 bytes,      14568 total
[2020-02-26T08:46:21.031+0000][1][gc,age       ] GC(36) - age   2:       1184 bytes,      15752 total
[2020-02-26T08:46:21.031+0000][1][gc,age       ] GC(36) - age   3:       3360 bytes,      19112 total
[2020-02-26T08:46:21.031+0000][1][gc,age       ] GC(36) - age   4:       1176 bytes,      20288 total
[2020-02-26T08:46:21.031+0000][1][gc,age       ] GC(36) - age   5:      54232 bytes,      74520 total
[2020-02-26T08:46:21.031+0000][1][gc,age       ] GC(36) - age   6:      12896 bytes,      87416 total
[2020-02-26T08:46:21.031+0000][1][gc,heap      ] GC(36) ParNew: 69389K->401K(76672K)
[2020-02-26T08:46:21.031+0000][1][gc,heap      ] GC(36) CMS: 62224K->62521K(963392K)
[2020-02-26T08:46:21.031+0000][1][gc,metaspace ] GC(36) Metaspace: 78983K->78983K(1122304K)
[2020-02-26T08:46:21.031+0000][1][gc           ] GC(36) Pause Young (Allocation Failure) 128M->61M(1015M) 122.339ms
[2020-02-26T08:46:21.031+0000][1][gc,cpu       ] GC(36) User=0.01s Sys=0.00s Real=0.12s
[2020-02-26T08:46:21.031+0000][1][safepoint    ] Safepoint "GenCollectForAllocation", Time since last: 959650603 ns, Reaching safepoint: 146715 ns, At safepoint: 122397452 ns, Total: 122544167 ns
[2020-02-26T08:46:22.036+0000][1][safepoint    ] Safepoint "Cleanup", Time since last: 1004808100 ns, Reaching safepoint: 89996 ns, At safepoint: 7331 ns, Total: 97327 ns
[2020-02-26T08:46:22.462+0000][1][safepoint    ] Safepoint "RevokeBias", Time since last: 426453794 ns, Reaching safepoint: 55779 ns, At safepoint: 17980 ns, Total: 73759 ns
[2020-02-26T08:46:23.463+0000][1][safepoint    ] Safepoint "Cleanup", Time since last: 1000228144 ns, Reaching safepoint: 151503 ns, At safepoint: 9550 ns, Total: 161053 ns
[2020-02-26T08:46:24.463+0000][1][safepoint    ] Safepoint "Cleanup", Time since last: 1000448578 ns, Reaching safepoint: 96107 ns, At safepoint: 10459 ns, Total: 106566 ns
[2020-02-26T08:46:24.969+0000][1][safepoint    ] Safepoint "RevokeBias", Time since last: 505082434 ns, Reaching safepoint: 179845 ns, At safepoint: 23771 ns, Total: 203616 ns
[2020-02-26T08:46:25.969+0000][1][safepoint    ] Safepoint "Cleanup", Time since last: 1000558355 ns, Reaching safepoint: 79708 ns, At safepoint: 9470 ns, Total: 89178 ns
[2020-02-26T08:46:26.970+0000][1][safepoint    ] Safepoint "Cleanup", Time since last: 1000580314 ns, Reaching safepoint: 116762 ns, At safepoint: 11593 ns, Total: 128355 ns
[2020-02-26T08:46:27.486+0000][1][safepoint    ] Safepoint "RevokeBias", Time since last: 515588592 ns, Reaching safepoint: 110603 ns, At safepoint: 31415 ns, Total: 142018 ns
[2020-02-26T08:46:28.486+0000][1][safepoint    ] Safepoint "Cleanup", Time since last: 1000104979 ns, Reaching safepoint: 83072 ns, At safepoint: 9350 ns, Total: 92422 ns
[2020-02-26T08:46:29.487+0000][1][safepoint    ] Safepoint "Cleanup", Time since last: 1000649131 ns, Reaching safepoint: 113884 ns, At safepoint: 11314 ns, Total: 125198 ns
[2020-02-26T08:46:29.995+0000][1][safepoint    ] Safepoint "RevokeBias", Time since last: 508401972 ns, Reaching safepoint: 97613 ns, At safepoint: 83079 ns, Total: 180692 ns
[2020-02-26T08:46:30.996+0000][1][safepoint    ] Safepoint "Cleanup", Time since last: 1000650807 ns, Reaching safepoint: 113871 ns, At safepoint: 9112 ns, Total: 122983 ns
[2020-02-26T08:46:31.997+0000][1][safepoint    ] Safepoint "Cleanup", Time since last: 1000524905 ns, Reaching safepoint: 83424 ns, At safepoint: 10224 ns, Total: 93648 ns
[2020-02-26T08:46:32.502+0000][1][safepoint    ] Safepoint "RevokeBias", Time since last: 505319410 ns, Reaching safepoint: 112533 ns, At safepoint: 38494 ns, Total: 151027 ns
[2020-02-26T08:46:33.507+0000][1][safepoint    ] Safepoint "Cleanup", Time since last: 1005027826 ns, Reaching safepoint: 80776 ns, At safepoint: 9729 ns, Total: 90505 ns
[2020-02-26T08:46:34.508+0000][1][safepoint    ] Safepoint "Cleanup", Time since last: 1001036943 ns, Reaching safepoint: 87595 ns, At safepoint: 10701 ns, Total: 98296 ns
[2020-02-26T08:46:35.017+0000][1][safepoint    ] Safepoint "RevokeBias", Time since last: 508204351 ns, Reaching safepoint: 76377 ns, At safepoint: 19740 ns, Total: 96117 ns
[2020-02-26T08:46:36.017+0000][1][safepoint    ] Safepoint "Cleanup", Time since last: 1000636842 ns, Reaching safepoint: 102898 ns, At safepoint: 9257 ns, Total: 112155 ns
[2020-02-26T08:46:37.018+0000][1][safepoint    ] Safepoint "Cleanup", Time since last: 1000249750 ns, Reaching safepoint: 144547 ns, At safepoint: 27818 ns, Total: 172365 ns
[2020-02-26T08:46:37.523+0000][1][safepoint    ] Safepoint "RevokeBias", Time since last: 505101421 ns, Reaching safepoint: 78497 ns, At safepoint: 19982 ns, Total: 98479 ns
[2020-02-26T08:46:38.529+0000][1][safepoint    ] Safepoint "Cleanup", Time since last: 1005507312 ns, Reaching safepoint: 134840 ns, At safepoint: 13146 ns, Total: 147986 ns
[2020-02-26T08:46:39.529+0000][1][safepoint    ] Safepoint "Cleanup", Time since last: 1000273658 ns, Reaching safepoint: 79588 ns, At safepoint: 8484 ns, Total: 88072 ns
[2020-02-26T08:46:40.033+0000][1][safepoint    ] Safepoint "RevokeBias", Time since last: 503690241 ns, Reaching safepoint: 114551 ns, At safepoint: 29255 ns, Total: 143806 ns
[2020-02-26T08:46:41.034+0000][1][safepoint    ] Safepoint "Cleanup", Time since last: 1001028760 ns, Reaching safepoint: 157037 ns, At safepoint: 27009 ns, Total: 184046 ns
[2020-02-26T08:46:42.035+0000][1][safepoint    ] Safepoint "Cleanup", Time since last: 1001124463 ns, Reaching safepoint: 81893 ns, At safepoint: 13044 ns, Total: 94937 ns
[2020-02-26T08:46:42.543+0000][1][safepoint    ] Safepoint "RevokeBias", Time since last: 507833151 ns, Reaching safepoint: 74289 ns, At safepoint: 19253 ns, Total: 93542 ns
[2020-02-26T08:46:43.545+0000][1][safepoint    ] Safepoint "Cleanup", Time since last: 1001234816 ns, Reaching safepoint: 119259 ns, At safepoint: 12611 ns, Total: 131870 ns
[2020-02-26T08:46:44.546+0000][1][safepoint    ] Safepoint "Cleanup", Time since last: 1000925309 ns, Reaching safepoint: 80243 ns, At safepoint: 9847 ns, Total: 90090 ns
[2020-02-26T08:46:45.051+0000][1][safepoint    ] Safepoint "RevokeBias", Time since last: 505233894 ns, Reaching safepoint: 80700 ns, At safepoint: 20230 ns, Total: 100930 ns
[2020-02-26T08:46:46.052+0000][1][safepoint    ] Safepoint "Cleanup", Time since last: 1000641975 ns, Reaching safepoint: 98095 ns, At safepoint: 13968 ns, Total: 112063 ns
[2020-02-26T08:46:47.052+0000][1][safepoint    ] Safepoint "Cleanup", Time since last: 1000286902 ns, Reaching safepoint: 89030 ns, At safepoint: 11075 ns, Total: 100105 ns
[2020-02-26T08:46:47.557+0000][1][safepoint    ] Safepoint "RevokeBias", Time since last: 504827097 ns, Reaching safepoint: 55631 ns, At safepoint: 17611 ns, Total: 73242 ns
[2020-02-26T08:46:48.557+0000][1][safepoint    ] Safepoint "Cleanup", Time since last: 1000286419 ns, Reaching safepoint: 82498 ns, At safepoint: 9158 ns, Total: 91656 ns
[2020-02-26T08:46:49.562+0000][1][safepoint    ] Safepoint "Cleanup", Time since last: 1004559897 ns, Reaching safepoint: 74937 ns, At safepoint: 7535 ns, Total: 82472 ns
[2020-02-26T08:46:50.067+0000][1][safepoint    ] Safepoint "BulkRevokeBias", Time since last: 504323493 ns, Reaching safepoint: 71685 ns, At safepoint: 290569 ns, Total: 362254 ns
[2020-02-26T08:46:51.067+0000][1][safepoint    ] Safepoint "Cleanup", Time since last: 1000358766 ns, Reaching safepoint: 132687 ns, At safepoint: 14249 ns, Total: 146936 ns
[2020-02-26T08:46:52.068+0000][1][safepoint    ] Safepoint "Cleanup", Time since last: 1000679102 ns, Reaching safepoint: 158588 ns, At safepoint: 9378 ns, Total: 167966 ns
[2020-02-26T08:46:52.573+0000][1][safepoint    ] Safepoint "RevokeBias", Time since last: 504485836 ns, Reaching safepoint: 55828 ns, At safepoint: 17208 ns, Total: 73036 ns
[2020-02-26T08:46:53.573+0000][1][safepoint    ] Safepoint "Cleanup", Time since last: 1000181566 ns, Reaching safepoint: 80995 ns, At safepoint: 10467 ns, Total: 91462 ns
[2020-02-26T08:46:54.577+0000][1][safepoint    ] Safepoint "Cleanup", Time since last: 1004547085 ns, Reaching safepoint: 78897 ns, At safepoint: 9134 ns, Total: 88031 ns
[2020-02-26T08:46:55.084+0000][1][safepoint    ] Safepoint "RevokeBias", Time since last: 506371361 ns, Reaching safepoint: 150357 ns, At safepoint: 21139 ns, Total: 171496 ns
[2020-02-26T08:46:56.085+0000][1][safepoint    ] Safepoint "Cleanup", Time since last: 1000573380 ns, Reaching safepoint: 115200 ns, At safepoint: 9503 ns, Total: 124703 ns
[2020-02-26T08:46:57.085+0000][1][safepoint    ] Safepoint "Cleanup", Time since last: 1000551501 ns, Reaching safepoint: 96629 ns, At safepoint: 9117 ns, Total: 105746 ns
[2020-02-26T08:46:57.592+0000][1][safepoint    ] Safepoint "RevokeBias", Time since last: 506727819 ns, Reaching safepoint: 89987 ns, At safepoint: 45569 ns, Total: 135556 ns
[2020-02-26T08:46:58.593+0000][1][safepoint    ] Safepoint "Cleanup", Time since last: 1000134560 ns, Reaching safepoint: 128443 ns, At safepoint: 16022 ns, Total: 144465 ns
[2020-02-26T08:46:59.598+0000][1][safepoint    ] Safepoint "Cleanup", Time since last: 1005168226 ns, Reaching safepoint: 146631 ns, At safepoint: 30376 ns, Total: 177007 ns
[2020-02-26T08:47:00.109+0000][1][safepoint    ] Safepoint "RevokeBias", Time since last: 511160139 ns, Reaching safepoint: 139341 ns, At safepoint: 37347 ns, Total: 176688 ns
[2020-02-26T08:47:01.111+0000][1][safepoint    ] Safepoint "Cleanup", Time since last: 1001298700 ns, Reaching safepoint: 71718 ns, At safepoint: 9121 ns, Total: 80839 ns
[2020-02-26T08:47:02.112+0000][1][safepoint    ] Safepoint "Cleanup", Time since last: 1000839718 ns, Reaching safepoint: 94060 ns, At safepoint: 9138 ns, Total: 103198 ns
[2020-02-26T08:47:02.618+0000][1][safepoint    ] Safepoint "RevokeBias", Time since last: 506533572 ns, Reaching safepoint: 73523 ns, At safepoint: 150521 ns, Total: 224044 ns
[2020-02-26T08:47:03.619+0000][1][safepoint    ] Safepoint "Cleanup", Time since last: 1000153916 ns, Reaching safepoint: 96745 ns, At safepoint: 10304 ns, Total: 107049 ns
[2020-02-26T08:47:04.619+0000][1][safepoint    ] Safepoint "Cleanup", Time since last: 1000783061 ns, Reaching safepoint: 94140 ns, At safepoint: 8637 ns, Total: 102777 ns
[2020-02-26T08:47:05.134+0000][1][safepoint    ] Safepoint "RevokeBias", Time since last: 514226975 ns, Reaching safepoint: 93146 ns, At safepoint: 24541 ns, Total: 117687 ns
[2020-02-26T08:47:06.135+0000][1][safepoint    ] Safepoint "Cleanup", Time since last: 1000839338 ns, Reaching safepoint: 87832 ns, At safepoint: 9983 ns, Total: 97815 ns
[2020-02-26T08:47:07.135+0000][1][safepoint    ] Safepoint "Cleanup", Time since last: 1000460091 ns, Reaching safepoint: 83048 ns, At safepoint: 9926 ns, Total: 92974 ns
[2020-02-26T08:47:07.642+0000][1][safepoint    ] Safepoint "RevokeBias", Time since last: 506317972 ns, Reaching safepoint: 91070 ns, At safepoint: 20864 ns, Total: 111934 ns
[2020-02-26T08:47:08.642+0000][1][safepoint    ] Safepoint "Cleanup", Time since last: 1000438575 ns, Reaching safepoint: 90461 ns, At safepoint: 10385 ns, Total: 100846 ns
[2020-02-26T08:47:09.643+0000][1][safepoint    ] Safepoint "Cleanup", Time since last: 1000722844 ns, Reaching safepoint: 97183 ns, At safepoint: 8919 ns, Total: 106102 ns
[2020-02-26T08:47:10.149+0000][1][safepoint    ] Safepoint "RevokeBias", Time since last: 505310033 ns, Reaching safepoint: 83833 ns, At safepoint: 52940 ns, Total: 136773 ns
[2020-02-26T08:47:11.152+0000][1][safepoint    ] Safepoint "Cleanup", Time since last: 1002959814 ns, Reaching safepoint: 135027 ns, At safepoint: 31220 ns, Total: 166247 ns
[2020-02-26T08:47:12.152+0000][1][safepoint    ] Safepoint "Cleanup", Time since last: 1000453273 ns, Reaching safepoint: 85239 ns, At safepoint: 9074 ns, Total: 94313 ns
[2020-02-26T08:47:12.655+0000][1][safepoint    ] Safepoint "RevokeBias", Time since last: 503087854 ns, Reaching safepoint: 77839 ns, At safepoint: 20112 ns, Total: 97951 ns
[2020-02-26T08:47:13.656+0000][1][safepoint    ] Safepoint "Cleanup", Time since last: 1000732422 ns, Reaching safepoint: 83387 ns, At safepoint: 9136 ns, Total: 92523 ns
[2020-02-26T08:47:14.656+0000][1][safepoint    ] Safepoint "Cleanup", Time since last: 1000118454 ns, Reaching safepoint: 98998 ns, At safepoint: 10607 ns, Total: 109605 ns
[2020-02-26T08:47:15.160+0000][1][safepoint    ] Safepoint "RevokeBias", Time since last: 503176456 ns, Reaching safepoint: 80152 ns, At safepoint: 20488 ns, Total: 100640 ns
[2020-02-26T08:47:16.163+0000][1][safepoint    ] Safepoint "Cleanup", Time since last: 1002748093 ns, Reaching safepoint: 169162 ns, At safepoint: 14849 ns, Total: 184011 ns
[2020-02-26T08:47:17.163+0000][1][safepoint    ] Safepoint "Cleanup", Time since last: 1000757359 ns, Reaching safepoint: 80263 ns, At safepoint: 8637 ns, Total: 88900 ns
[2020-02-26T08:47:17.666+0000][1][safepoint    ] Safepoint "RevokeBias", Time since last: 502381239 ns, Reaching safepoint: 76369 ns, At safepoint: 19738 ns, Total: 96107 ns
[2020-02-26T08:47:18.666+0000][1][safepoint    ] Safepoint "Cleanup", Time since last: 1000289108 ns, Reaching safepoint: 79906 ns, At safepoint: 9027 ns, Total: 88933 ns
[2020-02-26T08:47:19.667+0000][1][safepoint    ] Safepoint "Cleanup", Time since last: 1000817358 ns, Reaching safepoint: 81151 ns, At safepoint: 9364 ns, Total: 90515 ns
[2020-02-26T08:47:20.170+0000][1][safepoint    ] Safepoint "RevokeBias", Time since last: 502405992 ns, Reaching safepoint: 77642 ns, At safepoint: 20500 ns, Total: 98142 ns
[2020-02-26T08:47:21.179+0000][1][safepoint    ] Safepoint "Cleanup", Time since last: 1008889138 ns, Reaching safepoint: 185765 ns, At safepoint: 10337 ns, Total: 196102 ns
[2020-02-26T08:47:22.180+0000][1][safepoint    ] Safepoint "Cleanup", Time since last: 1000716014 ns, Reaching safepoint: 85623 ns, At safepoint: 10591 ns, Total: 96214 ns
[2020-02-26T08:47:22.676+0000][1][safepoint    ] Safepoint "RevokeBias", Time since last: 496678770 ns, Reaching safepoint: 88997 ns, At safepoint: 19861 ns, Total: 108858 ns
[2020-02-26T08:47:23.677+0000][1][safepoint    ] Safepoint "Cleanup", Time since last: 1000675680 ns, Reaching safepoint: 180358 ns, At safepoint: 12433 ns, Total: 192791 ns
[2020-02-26T08:47:24.678+0000][1][safepoint    ] Safepoint "Cleanup", Time since last: 1000176127 ns, Reaching safepoint: 83197 ns, At safepoint: 10650 ns, Total: 93847 ns
[2020-02-26T08:47:25.185+0000][1][safepoint    ] Safepoint "RevokeBias", Time since last: 507671931 ns, Reaching safepoint: 81009 ns, At safepoint: 20287 ns, Total: 101296 ns
[2020-02-26T08:47:26.186+0000][1][safepoint    ] Safepoint "Cleanup", Time since last: 1000309269 ns, Reaching safepoint: 117690 ns, At safepoint: 9815 ns, Total: 127505 ns
[2020-02-26T08:47:27.192+0000][1][safepoint    ] Safepoint "Cleanup", Time since last: 1006092759 ns, Reaching safepoint: 181526 ns, At safepoint: 31395 ns, Total: 212921 ns
[2020-02-26T08:47:27.696+0000][1][safepoint    ] Safepoint "RevokeBias", Time since last: 503722480 ns, Reaching safepoint: 76770 ns, At safepoint: 20351 ns, Total: 97121 ns
[2020-02-26T08:47:28.697+0000][1][safepoint    ] Safepoint "Cleanup", Time since last: 1000900307 ns, Reaching safepoint: 121177 ns, At safepoint: 16654 ns, Total: 137831 ns
[2020-02-26T08:47:29.698+0000][1][safepoint    ] Safepoint "Cleanup", Time since last: 1000934267 ns, Reaching safepoint: 76853 ns, At safepoint: 7950 ns, Total: 84803 ns
[2020-02-26T08:47:30.201+0000][1][safepoint    ] Safepoint "RevokeBias", Time since last: 503147212 ns, Reaching safepoint: 76021 ns, At safepoint: 19115 ns, Total: 95136 ns
[2020-02-26T08:47:31.202+0000][1][safepoint    ] Safepoint "Cleanup", Time since last: 1000584545 ns, Reaching safepoint: 122490 ns, At safepoint: 13594 ns, Total: 136084 ns
[2020-02-26T08:47:32.206+0000][1][safepoint    ] Safepoint "Cleanup", Time since last: 1003780078 ns, Reaching safepoint: 112984 ns, At safepoint: 9303 ns, Total: 122287 ns
[2020-02-26T08:47:32.705+0000][1][safepoint    ] Safepoint "RevokeBias", Time since last: 499453725 ns, Reaching safepoint: 76932 ns, At safepoint: 19416 ns, Total: 96348 ns
[2020-02-26T08:47:33.706+0000][1][safepoint    ] Safepoint "Cleanup", Time since last: 1000759689 ns, Reaching safepoint: 80795 ns, At safepoint: 8938 ns, Total: 89733 ns
[2020-02-26T08:47:34.707+0000][1][safepoint    ] Safepoint "Cleanup", Time since last: 1000191289 ns, Reaching safepoint: 95399 ns, At safepoint: 8686 ns, Total: 104085 ns
[2020-02-26T08:47:35.211+0000][1][safepoint    ] Safepoint "RevokeBias", Time since last: 504241115 ns, Reaching safepoint: 76763 ns, At safepoint: 20561 ns, Total: 97324 ns
[2020-02-26T08:47:36.211+0000][1][safepoint    ] Safepoint "Cleanup", Time since last: 1000220180 ns, Reaching safepoint: 81966 ns, At safepoint: 9581 ns, Total: 91547 ns
[2020-02-26T08:47:37.212+0000][1][safepoint    ] Safepoint "Cleanup", Time since last: 1000904751 ns, Reaching safepoint: 104990 ns, At safepoint: 10176 ns, Total: 115166 ns
[2020-02-26T08:47:37.738+0000][1][safepoint    ] Safepoint "RevokeBias", Time since last: 525691871 ns, Reaching safepoint: 74578 ns, At safepoint: 19631 ns, Total: 94209 ns
[2020-02-26T08:47:38.739+0000][1][safepoint    ] Safepoint "Cleanup", Time since last: 1000547113 ns, Reaching safepoint: 89439 ns, At safepoint: 10857 ns, Total: 100296 ns
[2020-02-26T08:47:39.739+0000][1][safepoint    ] Safepoint "Cleanup", Time since last: 1000603177 ns, Reaching safepoint: 82405 ns, At safepoint: 9644 ns, Total: 92049 ns
[2020-02-26T08:47:40.249+0000][1][safepoint    ] Safepoint "RevokeBias", Time since last: 509126743 ns, Reaching safepoint: 103124 ns, At safepoint: 20289 ns, Total: 123413 ns
[2020-02-26T08:47:41.249+0000][1][safepoint    ] Safepoint "Cleanup", Time since last: 1000146877 ns, Reaching safepoint: 80969 ns, At safepoint: 9914 ns, Total: 90883 ns
[2020-02-26T08:47:42.249+0000][1][safepoint    ] Safepoint "Cleanup", Time since last: 1000356639 ns, Reaching safepoint: 119943 ns, At safepoint: 11933 ns, Total: 131876 ns
[2020-02-26T08:47:42.767+0000][1][safepoint    ] Safepoint "RevokeBias", Time since last: 517490464 ns, Reaching safepoint: 117357 ns, At safepoint: 29922 ns, Total: 147279 ns
[2020-02-26T08:47:43.768+0000][1][safepoint    ] Safepoint "Cleanup", Time since last: 1000614713 ns, Reaching safepoint: 76656 ns, At safepoint: 8304 ns, Total: 84960 ns
[2020-02-26T08:47:44.768+0000][1][safepoint    ] Safepoint "Cleanup", Time since last: 1000244261 ns, Reaching safepoint: 78065 ns, At safepoint: 9201 ns, Total: 87266 ns
[2020-02-26T08:47:45.276+0000][1][safepoint    ] Safepoint "RevokeBias", Time since last: 508256848 ns, Reaching safepoint: 72780 ns, At safepoint: 19521 ns, Total: 92301 ns
[2020-02-26T08:47:46.277+0000][1][safepoint    ] Safepoint "Cleanup", Time since last: 1000676840 ns, Reaching safepoint: 109994 ns, At safepoint: 14271 ns, Total: 124265 ns
[2020-02-26T08:47:47.278+0000][1][safepoint    ] Safepoint "Cleanup", Time since last: 1000163805 ns, Reaching safepoint: 191237 ns, At safepoint: 29579 ns, Total: 220816 ns
[2020-02-26T08:47:47.783+0000][1][safepoint    ] Safepoint "RevokeBias", Time since last: 505029608 ns, Reaching safepoint: 91405 ns, At safepoint: 22446 ns, Total: 113851 ns
[2020-02-26T08:47:48.783+0000][1][safepoint    ] Safepoint "Cleanup", Time since last: 1000620406 ns, Reaching safepoint: 73123 ns, At safepoint: 7975 ns, Total: 81098 ns
[2020-02-26T08:47:49.784+0000][1][safepoint    ] Safepoint "Cleanup", Time since last: 1000418961 ns, Reaching safepoint: 89993 ns, At safepoint: 10413 ns, Total: 100406 ns
[2020-02-26T08:47:50.286+0000][1][safepoint    ] Safepoint "RevokeBias", Time since last: 501561044 ns, Reaching safepoint: 117918 ns, At safepoint: 30067 ns, Total: 147985 ns
[2020-02-26T08:47:51.286+0000][1][safepoint    ] Safepoint "Cleanup", Time since last: 1000266070 ns, Reaching safepoint: 81179 ns, At safepoint: 8962 ns, Total: 90141 ns
[2020-02-26T08:47:52.286+0000][1][safepoint    ] Safepoint "Cleanup", Time since last: 1000312161 ns, Reaching safepoint: 127694 ns, At safepoint: 9263 ns, Total: 136957 ns
[2020-02-26T08:47:52.793+0000][1][safepoint    ] Safepoint "RevokeBias", Time since last: 506780932 ns, Reaching safepoint: 115622 ns, At safepoint: 30931 ns, Total: 146553 ns
[2020-02-26T08:47:53.799+0000][1][safepoint    ] Safepoint "Cleanup", Time since last: 1005371290 ns, Reaching safepoint: 116313 ns, At safepoint: 8450 ns, Total: 124763 ns
[2020-02-26T08:47:54.799+0000][1][safepoint    ] Safepoint "Cleanup", Time since last: 1000328263 ns, Reaching safepoint: 81495 ns, At safepoint: 10270 ns, Total: 91765 ns
[2020-02-26T08:47:55.297+0000][1][safepoint    ] Safepoint "RevokeBias", Time since last: 497925841 ns, Reaching safepoint: 77789 ns, At safepoint: 19246 ns, Total: 97035 ns
[2020-02-26T08:47:56.298+0000][1][safepoint    ] Safepoint "Cleanup", Time since last: 1000798604 ns, Reaching safepoint: 95851 ns, At safepoint: 8977 ns, Total: 104828 ns
[2020-02-26T08:47:57.299+0000][1][safepoint    ] Safepoint "Cleanup", Time since last: 1000280875 ns, Reaching safepoint: 130608 ns, At safepoint: 11417 ns, Total: 142025 ns
[2020-02-26T08:47:57.805+0000][1][safepoint    ] Safepoint "RevokeBias", Time since last: 506123155 ns, Reaching safepoint: 74520 ns, At safepoint: 36593 ns, Total: 111113 ns
[2020-02-26T08:47:58.814+0000][1][safepoint    ] Safepoint "Cleanup", Time since last: 1009396220 ns, Reaching safepoint: 77512 ns, At safepoint: 8353 ns, Total: 85865 ns
[2020-02-26T08:47:59.815+0000][1][safepoint    ] Safepoint "Cleanup", Time since last: 1000132062 ns, Reaching safepoint: 81833 ns, At safepoint: 8851 ns, Total: 90684 ns
[2020-02-26T08:48:00.312+0000][1][safepoint    ] Safepoint "RevokeBias", Time since last: 497236167 ns, Reaching safepoint: 75328 ns, At safepoint: 19739 ns, Total: 95067 ns
[2020-02-26T08:48:01.313+0000][1][safepoint    ] Safepoint "Cleanup", Time since last: 1000850220 ns, Reaching safepoint: 79907 ns, At safepoint: 9183 ns, Total: 89090 ns
[2020-02-26T08:48:02.313+0000][1][safepoint    ] Safepoint "Cleanup", Time since last: 1000224602 ns, Reaching safepoint: 81403 ns, At safepoint: 9090 ns, Total: 90493 ns
[2020-02-26T08:48:02.818+0000][1][safepoint    ] Safepoint "BulkRevokeBias", Time since last: 504510863 ns, Reaching safepoint: 148978 ns, At safepoint: 208786 ns, Total: 357764 ns
[2020-02-26T08:48:03.820+0000][1][safepoint    ] Safepoint "Cleanup", Time since last: 1002175754 ns, Reaching safepoint: 78541 ns, At safepoint: 8931 ns, Total: 87472 ns
[2020-02-26T08:48:04.822+0000][1][safepoint    ] Safepoint "Cleanup", Time since last: 1002047557 ns, Reaching safepoint: 75660 ns, At safepoint: 8007 ns, Total: 83667 ns
[2020-02-26T08:48:05.323+0000][1][safepoint    ] Safepoint "RevokeBias", Time since last: 500915460 ns, Reaching safepoint: 76686 ns, At safepoint: 19837 ns, Total: 96523 ns
[2020-02-26T08:48:06.324+0000][1][safepoint    ] Safepoint "Cleanup", Time since last: 1000230658 ns, Reaching safepoint: 113306 ns, At safepoint: 9135 ns, Total: 122441 ns
[2020-02-26T08:48:07.325+0000][1][safepoint    ] Safepoint "Cleanup", Time since last: 1000674453 ns, Reaching safepoint: 94591 ns, At safepoint: 8968 ns, Total: 103559 ns
[2020-02-26T08:48:07.828+0000][1][safepoint    ] Safepoint "RevokeBias", Time since last: 503174530 ns, Reaching safepoint: 116032 ns, At safepoint: 20560 ns, Total: 136592 ns
[2020-02-26T08:48:08.828+0000][1][safepoint    ] Safepoint "Cleanup", Time since last: 1000271323 ns, Reaching safepoint: 79324 ns, At safepoint: 9335 ns, Total: 88659 ns
[2020-02-26T08:48:09.833+0000][1][safepoint    ] Safepoint "Cleanup", Time since last: 1005023860 ns, Reaching safepoint: 102516 ns, At safepoint: 11636 ns, Total: 114152 ns
[2020-02-26T08:48:10.350+0000][1][safepoint    ] Safepoint "RevokeBias", Time since last: 516638356 ns, Reaching safepoint: 57462 ns, At safepoint: 18156 ns, Total: 75618 ns
[2020-02-26T08:48:11.351+0000][1][safepoint    ] Safepoint "Cleanup", Time since last: 1000754021 ns, Reaching safepoint: 86346 ns, At safepoint: 10303 ns, Total: 96649 ns
[2020-02-26T08:48:12.351+0000][1][safepoint    ] Safepoint "Cleanup", Time since last: 1000186196 ns, Reaching safepoint: 161708 ns, At safepoint: 9675 ns, Total: 171383 ns
[2020-02-26T08:48:12.862+0000][1][safepoint    ] Safepoint "RevokeBias", Time since last: 510745285 ns, Reaching safepoint: 193512 ns, At safepoint: 72304 ns, Total: 265816 ns
[2020-02-26T08:48:13.863+0000][1][safepoint    ] Safepoint "Cleanup", Time since last: 1000544015 ns, Reaching safepoint: 130126 ns, At safepoint: 10290 ns, Total: 140416 ns
[2020-02-26T08:48:14.868+0000][1][safepoint    ] Safepoint "Cleanup", Time since last: 1004785626 ns, Reaching safepoint: 100115 ns, At safepoint: 8593 ns, Total: 108708 ns
[2020-02-26T08:48:15.382+0000][1][safepoint    ] Safepoint "RevokeBias", Time since last: 513894881 ns, Reaching safepoint: 58074 ns, At safepoint: 17994 ns, Total: 76068 ns
[2020-02-26T08:48:16.383+0000][1][safepoint    ] Safepoint "Cleanup", Time since last: 1000614963 ns, Reaching safepoint: 95291 ns, At safepoint: 9294 ns, Total: 104585 ns
[2020-02-26T08:48:17.383+0000][1][safepoint    ] Safepoint "Cleanup", Time since last: 1000351416 ns, Reaching safepoint: 105585 ns, At safepoint: 14815 ns, Total: 120400 ns
[2020-02-26T08:48:17.894+0000][1][safepoint    ] Safepoint "RevokeBias", Time since last: 510626239 ns, Reaching safepoint: 164733 ns, At safepoint: 73130 ns, Total: 237863 ns
[2020-02-26T08:48:18.894+0000][1][safepoint    ] Safepoint "Cleanup", Time since last: 1000220339 ns, Reaching safepoint: 79015 ns, At safepoint: 8891 ns, Total: 87906 ns
[2020-02-26T08:48:19.895+0000][1][safepoint    ] Safepoint "Cleanup", Time since last: 1000577876 ns, Reaching safepoint: 205612 ns, At safepoint: 14513 ns, Total: 220125 ns
[2020-02-26T08:48:20.406+0000][1][safepoint    ] Safepoint "RevokeBias", Time since last: 510896493 ns, Reaching safepoint: 74784 ns, At safepoint: 19338 ns, Total: 94122 ns
[2020-02-26T08:48:21.407+0000][1][safepoint    ] Safepoint "Cleanup", Time since last: 1000597538 ns, Reaching safepoint: 81815 ns, At safepoint: 11600 ns, Total: 93415 ns
[2020-02-26T08:48:22.407+0000][1][safepoint    ] Safepoint "Cleanup", Time since last: 1000296691 ns, Reaching safepoint: 84091 ns, At safepoint: 10453 ns, Total: 94544 ns
[2020-02-26T08:48:22.918+0000][1][safepoint    ] Safepoint "RevokeBias", Time since last: 511160855 ns, Reaching safepoint: 76245 ns, At safepoint: 20086 ns, Total: 96331 ns
[2020-02-26T08:48:23.919+0000][1][safepoint    ] Safepoint "Cleanup", Time since last: 1000507468 ns, Reaching safepoint: 118971 ns, At safepoint: 10911 ns, Total: 129882 ns
[2020-02-26T08:48:24.919+0000][1][safepoint    ] Safepoint "Cleanup", Time since last: 1000294728 ns, Reaching safepoint: 83580 ns, At safepoint: 9128 ns, Total: 92708 ns
[2020-02-26T08:48:25.424+0000][1][safepoint    ] Safepoint "RevokeBias", Time since last: 504895594 ns, Reaching safepoint: 64399 ns, At safepoint: 19881 ns, Total: 84280 ns
[2020-02-26T08:48:26.430+0000][1][safepoint    ] Safepoint "Cleanup", Time since last: 1006020754 ns, Reaching safepoint: 113263 ns, At safepoint: 8613 ns, Total: 121876 ns
[2020-02-26T08:48:27.431+0000][1][safepoint    ] Safepoint "Cleanup", Time since last: 1000416251 ns, Reaching safepoint: 90699 ns, At safepoint: 10054 ns, Total: 100753 ns
[2020-02-26T08:48:27.931+0000][1][safepoint    ] Safepoint "RevokeBias", Time since last: 500350293 ns, Reaching safepoint: 74983 ns, At safepoint: 20022 ns, Total: 95005 ns
[2020-02-26T08:48:28.932+0000][1][safepoint    ] Safepoint "Cleanup", Time since last: 1000670933 ns, Reaching safepoint: 146686 ns, At safepoint: 11054 ns, Total: 157740 ns
[2020-02-26T08:48:29.933+0000][1][safepoint    ] Safepoint "Cleanup", Time since last: 1000219568 ns, Reaching safepoint: 91023 ns, At safepoint: 10773 ns, Total: 101796 ns
[2020-02-26T08:48:30.439+0000][1][safepoint    ] Safepoint "RevokeBias", Time since last: 506014094 ns, Reaching safepoint: 115028 ns, At safepoint: 44608 ns, Total: 159636 ns
[2020-02-26T08:48:31.442+0000][1][safepoint    ] Safepoint "Cleanup", Time since last: 1003394770 ns, Reaching safepoint: 235517 ns, At safepoint: 27044 ns, Total: 262561 ns
[2020-02-26T08:48:32.443+0000][1][safepoint    ] Safepoint "Cleanup", Time since last: 1000838708 ns, Reaching safepoint: 76544 ns, At safepoint: 7693 ns, Total: 84237 ns
[2020-02-26T08:48:32.946+0000][1][safepoint    ] Safepoint "RevokeBias", Time since last: 502119797 ns, Reaching safepoint: 81939 ns, At safepoint: 20380 ns, Total: 102319 ns
[2020-02-26T08:48:33.946+0000][1][safepoint    ] Safepoint "Cleanup", Time since last: 1000342211 ns, Reaching safepoint: 83042 ns, At safepoint: 10228 ns, Total: 93270 ns
[2020-02-26T08:48:34.946+0000][1][safepoint    ] Safepoint "Cleanup", Time since last: 1000178529 ns, Reaching safepoint: 140154 ns, At safepoint: 16053 ns, Total: 156207 ns
[2020-02-26T08:48:35.449+0000][1][safepoint    ] Safepoint "RevokeBias", Time since last: 502371716 ns, Reaching safepoint: 97124 ns, At safepoint: 20181 ns, Total: 117305 ns
[2020-02-26T08:48:36.449+0000][1][safepoint    ] Safepoint "Cleanup", Time since last: 1000376340 ns, Reaching safepoint: 112676 ns, At safepoint: 9408 ns, Total: 122084 ns
[2020-02-26T08:48:36.645+0000][1][gc,start     ] GC(37) Pause Young (Allocation Failure)
[2020-02-26T08:48:36.645+0000][1][gc,task      ] GC(37) Using 1 workers of 1 for evacuation
[2020-02-26T08:48:36.656+0000][1][gc,age       ] GC(37) Desired survivor size 4358144 bytes, new threshold 6 (max threshold 6)
[2020-02-26T08:48:36.657+0000][1][gc,age       ] GC(37) Age table with threshold 6 (max threshold 6)
[2020-02-26T08:48:36.657+0000][1][gc,age       ] GC(37) - age   1:      13112 bytes,      13112 total
[2020-02-26T08:48:36.657+0000][1][gc,age       ] GC(37) - age   2:       2880 bytes,      15992 total
[2020-02-26T08:48:36.657+0000][1][gc,age       ] GC(37) - age   3:       1064 bytes,      17056 total
[2020-02-26T08:48:36.657+0000][1][gc,age       ] GC(37) - age   4:       3360 bytes,      20416 total
[2020-02-26T08:48:36.657+0000][1][gc,age       ] GC(37) - age   5:       1176 bytes,      21592 total
[2020-02-26T08:48:36.657+0000][1][gc,age       ] GC(37) - age   6:      54232 bytes,      75824 total
[2020-02-26T08:48:36.657+0000][1][gc,heap      ] GC(37) ParNew: 68561K->121K(76672K)
[2020-02-26T08:48:36.657+0000][1][gc,heap      ] GC(37) CMS: 62521K->62534K(963392K)
[2020-02-26T08:48:36.657+0000][1][gc,metaspace ] GC(37) Metaspace: 79036K->79036K(1122304K)
[2020-02-26T08:48:36.657+0000][1][gc           ] GC(37) Pause Young (Allocation Failure) 128M->61M(1015M) 11.369ms
[2020-02-26T08:48:36.657+0000][1][gc,cpu       ] GC(37) User=0.01s Sys=0.00s Real=0.02s
[2020-02-26T08:48:36.657+0000][1][safepoint    ] Safepoint "GenCollectForAllocation", Time since last: 195878667 ns, Reaching safepoint: 86304 ns, At safepoint: 11425418 ns, Total: 11511722 ns
[2020-02-26T08:48:37.657+0000][1][safepoint    ] Safepoint "Cleanup", Time since last: 1000694536 ns, Reaching safepoint: 75003 ns, At safepoint: 7484 ns, Total: 82487 ns
[2020-02-26T08:48:37.955+0000][1][safepoint    ] Safepoint "RevokeBias", Time since last: 297766784 ns, Reaching safepoint: 77420 ns, At safepoint: 20174 ns, Total: 97594 ns
[2020-02-26T08:48:38.956+0000][1][safepoint    ] Safepoint "Cleanup", Time since last: 1000512355 ns, Reaching safepoint: 77882 ns, At safepoint: 8934 ns, Total: 86816 ns
[2020-02-26T08:48:39.956+0000][1][safepoint    ] Safepoint "Cleanup", Time since last: 1000214650 ns, Reaching safepoint: 82222 ns, At safepoint: 8547 ns, Total: 90769 ns
[2020-02-26T08:48:40.462+0000][1][safepoint    ] Safepoint "RevokeBias", Time since last: 505668393 ns, Reaching safepoint: 73553 ns, At safepoint: 18627 ns, Total: 92180 ns
[2020-02-26T08:48:41.462+0000][1][safepoint    ] Safepoint "Cleanup", Time since last: 1000401850 ns, Reaching safepoint: 77334 ns, At safepoint: 7819 ns, Total: 85153 ns
[2020-02-26T08:48:42.465+0000][1][safepoint    ] Safepoint "Cleanup", Time since last: 1002675494 ns, Reaching safepoint: 75871 ns, At safepoint: 7761 ns, Total: 83632 ns
[2020-02-26T08:48:42.982+0000][1][safepoint    ] Safepoint "RevokeBias", Time since last: 516295087 ns, Reaching safepoint: 75409 ns, At safepoint: 20331 ns, Total: 95740 ns
[2020-02-26T08:48:43.982+0000][1][safepoint    ] Safepoint "Cleanup", Time since last: 1000381260 ns, Reaching safepoint: 105041 ns, At safepoint: 14458 ns, Total: 119499 ns
[2020-02-26T08:48:44.983+0000][1][safepoint    ] Safepoint "Cleanup", Time since last: 1000918968 ns, Reaching safepoint: 97737 ns, At safepoint: 9755 ns, Total: 107492 ns
[2020-02-26T08:48:45.500+0000][1][safepoint    ] Safepoint "RevokeBias", Time since last: 516933817 ns, Reaching safepoint: 83329 ns, At safepoint: 20747 ns, Total: 104076 ns
[2020-02-26T08:48:46.501+0000][1][safepoint    ] Safepoint "Cleanup", Time since last: 1000426761 ns, Reaching safepoint: 109118 ns, At safepoint: 10733 ns, Total: 119851 ns
[2020-02-26T08:48:47.505+0000][1][safepoint    ] Safepoint "Cleanup", Time since last: 1004552838 ns, Reaching safepoint: 100018 ns, At safepoint: 11948 ns, Total: 111966 ns
[2020-02-26T08:48:48.025+0000][1][safepoint    ] Safepoint "RevokeBias", Time since last: 519809273 ns, Reaching safepoint: 75344 ns, At safepoint: 19909 ns, Total: 95253 ns
[2020-02-26T08:48:49.026+0000][1][safepoint    ] Safepoint "Cleanup", Time since last: 1000731337 ns, Reaching safepoint: 146660 ns, At safepoint: 14555 ns, Total: 161215 ns
[2020-02-26T08:48:50.027+0000][1][safepoint    ] Safepoint "Cleanup", Time since last: 1001177312 ns, Reaching safepoint: 77541 ns, At safepoint: 8320 ns, Total: 85861 ns
[2020-02-26T08:48:50.539+0000][1][safepoint    ] Safepoint "RevokeBias", Time since last: 510955140 ns, Reaching safepoint: 80256 ns, At safepoint: 38026 ns, Total: 118282 ns
[2020-02-26T08:48:51.539+0000][1][safepoint    ] Safepoint "Cleanup", Time since last: 1000787948 ns, Reaching safepoint: 121369 ns, At safepoint: 10446 ns, Total: 131815 ns
[2020-02-26T08:48:52.540+0000][1][safepoint    ] Safepoint "Cleanup", Time since last: 1000956000 ns, Reaching safepoint: 79196 ns, At safepoint: 8721 ns, Total: 87917 ns
[2020-02-26T08:48:53.052+0000][1][safepoint    ] Safepoint "RevokeBias", Time since last: 511381031 ns, Reaching safepoint: 77863 ns, At safepoint: 37913 ns, Total: 115776 ns
[2020-02-26T08:48:54.053+0000][1][safepoint    ] Safepoint "Cleanup", Time since last: 1000608413 ns, Reaching safepoint: 104782 ns, At safepoint: 9257 ns, Total: 114039 ns
[2020-02-26T08:48:55.054+0000][1][safepoint    ] Safepoint "Cleanup", Time since last: 1000904877 ns, Reaching safepoint: 99342 ns, At safepoint: 12804 ns, Total: 112146 ns
[2020-02-26T08:48:55.565+0000][1][safepoint    ] Safepoint "RevokeBias", Time since last: 511165287 ns, Reaching safepoint: 80710 ns, At safepoint: 20574 ns, Total: 101284 ns
[2020-02-26T08:48:56.565+0000][1][safepoint    ] Safepoint "Cleanup", Time since last: 1000267840 ns, Reaching safepoint: 126918 ns, At safepoint: 10177 ns, Total: 137095 ns
[2020-02-26T08:48:57.566+0000][1][safepoint    ] Safepoint "Cleanup", Time since last: 1000218988 ns, Reaching safepoint: 128862 ns, At safepoint: 10098 ns, Total: 138960 ns
[2020-02-26T08:48:58.070+0000][1][safepoint    ] Safepoint "RevokeBias", Time since last: 504257056 ns, Reaching safepoint: 76898 ns, At safepoint: 19719 ns, Total: 96617 ns
[2020-02-26T08:48:59.080+0000][1][safepoint    ] Safepoint "Cleanup", Time since last: 1009498405 ns, Reaching safepoint: 99256 ns, At safepoint: 8858 ns, Total: 108114 ns
[2020-02-26T08:49:00.080+0000][1][safepoint    ] Safepoint "Cleanup", Time since last: 1000128488 ns, Reaching safepoint: 80572 ns, At safepoint: 8859 ns, Total: 89431 ns
[2020-02-26T08:49:00.578+0000][1][safepoint    ] Safepoint "RevokeBias", Time since last: 497662340 ns, Reaching safepoint: 80271 ns, At safepoint: 21890 ns, Total: 102161 ns
[2020-02-26T08:49:01.579+0000][1][safepoint    ] Safepoint "Cleanup", Time since last: 1000826343 ns, Reaching safepoint: 96666 ns, At safepoint: 8708 ns, Total: 105374 ns
[2020-02-26T08:49:02.580+0000][1][safepoint    ] Safepoint "Cleanup", Time since last: 1000789743 ns, Reaching safepoint: 95666 ns, At safepoint: 9612 ns, Total: 105278 ns
[2020-02-26T08:49:03.084+0000][1][safepoint    ] Safepoint "RevokeBias", Time since last: 504322122 ns, Reaching safepoint: 79810 ns, At safepoint: 38381 ns, Total: 118191 ns
[2020-02-26T08:49:04.086+0000][1][safepoint    ] Safepoint "Cleanup", Time since last: 1001621097 ns, Reaching safepoint: 107547 ns, At safepoint: 9480 ns, Total: 117027 ns
[2020-02-26T08:49:05.086+0000][1][safepoint    ] Safepoint "Cleanup", Time since last: 1000494185 ns, Reaching safepoint: 117467 ns, At safepoint: 9496 ns, Total: 126963 ns
[2020-02-26T08:49:05.589+0000][1][safepoint    ] Safepoint "RevokeBias", Time since last: 502330902 ns, Reaching safepoint: 75861 ns, At safepoint: 20184 ns, Total: 96045 ns
[2020-02-26T08:49:06.589+0000][1][safepoint    ] Safepoint "Cleanup", Time since last: 1000482521 ns, Reaching safepoint: 78709 ns, At safepoint: 9062 ns, Total: 87771 ns
[2020-02-26T08:49:07.590+0000][1][safepoint    ] Safepoint "Cleanup", Time since last: 1000684004 ns, Reaching safepoint: 97291 ns, At safepoint: 10025 ns, Total: 107316 ns
[2020-02-26T08:49:08.095+0000][1][safepoint    ] Safepoint "RevokeBias", Time since last: 504641786 ns, Reaching safepoint: 106032 ns, At safepoint: 26421 ns, Total: 132453 ns
[2020-02-26T08:49:09.142+0000][1][safepoint    ] Safepoint "Cleanup", Time since last: 1047475654 ns, Reaching safepoint: 120177 ns, At safepoint: 8101 ns, Total: 128278 ns
[2020-02-26T08:49:10.143+0000][1][safepoint    ] Safepoint "Cleanup", Time since last: 1000269113 ns, Reaching safepoint: 80294 ns, At safepoint: 8593 ns, Total: 88887 ns
[2020-02-26T08:49:10.601+0000][1][safepoint    ] Safepoint "RevokeBias", Time since last: 457819810 ns, Reaching safepoint: 76971 ns, At safepoint: 20640 ns, Total: 97611 ns
[2020-02-26T08:49:11.601+0000][1][safepoint    ] Safepoint "Cleanup", Time since last: 1000493644 ns, Reaching safepoint: 97690 ns, At safepoint: 8949 ns, Total: 106639 ns
[2020-02-26T08:49:12.602+0000][1][safepoint    ] Safepoint "Cleanup", Time since last: 1000596727 ns, Reaching safepoint: 78530 ns, At safepoint: 8395 ns, Total: 86925 ns
[2020-02-26T08:49:13.108+0000][1][safepoint    ] Safepoint "RevokeBias", Time since last: 505382655 ns, Reaching safepoint: 136736 ns, At safepoint: 24710 ns, Total: 161446 ns
[2020-02-26T08:49:14.108+0000][1][safepoint    ] Safepoint "Cleanup", Time since last: 1000705646 ns, Reaching safepoint: 102002 ns, At safepoint: 11286 ns, Total: 113288 ns
[2020-02-26T08:49:15.110+0000][1][safepoint    ] Safepoint "Cleanup", Time since last: 1001689563 ns, Reaching safepoint: 73258 ns, At safepoint: 13008 ns, Total: 86266 ns
[2020-02-26T08:49:15.627+0000][1][safepoint    ] Safepoint "BulkRevokeBias", Time since last: 516737555 ns, Reaching safepoint: 75268 ns, At safepoint: 189501 ns, Total: 264769 ns
[2020-02-26T08:49:16.628+0000][1][safepoint    ] Safepoint "Cleanup", Time since last: 1000808939 ns, Reaching safepoint: 79925 ns, At safepoint: 10058 ns, Total: 89983 ns
[2020-02-26T08:49:17.629+0000][1][safepoint    ] Safepoint "Cleanup", Time since last: 1000342201 ns, Reaching safepoint: 187909 ns, At safepoint: 47812 ns, Total: 235721 ns
[2020-02-26T08:49:18.139+0000][1][safepoint    ] Safepoint "RevokeBias", Time since last: 509809386 ns, Reaching safepoint: 87087 ns, At safepoint: 21541 ns, Total: 108628 ns
[2020-02-26T08:49:19.140+0000][1][safepoint    ] Safepoint "Cleanup", Time since last: 1000738925 ns, Reaching safepoint: 161057 ns, At safepoint: 10731 ns, Total: 171788 ns
[2020-02-26T08:49:20.148+0000][1][safepoint    ] Safepoint "Cleanup", Time since last: 1008369336 ns, Reaching safepoint: 73508 ns, At safepoint: 7747 ns, Total: 81255 ns
[2020-02-26T08:49:20.656+0000][1][safepoint    ] Safepoint "RevokeBias", Time since last: 508094112 ns, Reaching safepoint: 417492 ns, At safepoint: 27774 ns, Total: 445266 ns
[2020-02-26T08:49:21.658+0000][1][safepoint    ] Safepoint "Cleanup", Time since last: 1001087032 ns, Reaching safepoint: 87838 ns, At safepoint: 9569 ns, Total: 97407 ns
[2020-02-26T08:49:22.658+0000][1][safepoint    ] Safepoint "Cleanup", Time since last: 1000460333 ns, Reaching safepoint: 82931 ns, At safepoint: 9136 ns, Total: 92067 ns
[2020-02-26T08:49:23.168+0000][1][safepoint    ] Safepoint "RevokeBias", Time since last: 510074077 ns, Reaching safepoint: 83151 ns, At safepoint: 19779 ns, Total: 102930 ns
[2020-02-26T08:49:24.169+0000][1][safepoint    ] Safepoint "Cleanup", Time since last: 1000243338 ns, Reaching safepoint: 96100 ns, At safepoint: 9129 ns, Total: 105229 ns
[2020-02-26T08:49:25.169+0000][1][safepoint    ] Safepoint "Cleanup", Time since last: 1000283995 ns, Reaching safepoint: 117416 ns, At safepoint: 9639 ns, Total: 127055 ns
[2020-02-26T08:49:25.672+0000][1][safepoint    ] Safepoint "RevokeBias", Time since last: 502853772 ns, Reaching safepoint: 78417 ns, At safepoint: 19580 ns, Total: 97997 ns
[2020-02-26T08:49:26.673+0000][1][safepoint    ] Safepoint "Cleanup", Time since last: 1000918807 ns, Reaching safepoint: 104159 ns, At safepoint: 9448 ns, Total: 113607 ns
[2020-02-26T08:49:27.674+0000][1][safepoint    ] Safepoint "Cleanup", Time since last: 1000345275 ns, Reaching safepoint: 95291 ns, At safepoint: 10490 ns, Total: 105781 ns
[2020-02-26T08:49:28.206+0000][1][safepoint    ] Safepoint "RevokeBias", Time since last: 531883282 ns, Reaching safepoint: 75221 ns, At safepoint: 19940 ns, Total: 95161 ns
[2020-02-26T08:49:29.206+0000][1][safepoint    ] Safepoint "Cleanup", Time since last: 1000144327 ns, Reaching safepoint: 79833 ns, At safepoint: 9036 ns, Total: 88869 ns
[2020-02-26T08:49:30.206+0000][1][safepoint    ] Safepoint "Cleanup", Time since last: 1000256231 ns, Reaching safepoint: 81835 ns, At safepoint: 9976 ns, Total: 91811 ns
[2020-02-26T08:49:30.713+0000][1][safepoint    ] Safepoint "RevokeBias", Time since last: 506916613 ns, Reaching safepoint: 108785 ns, At safepoint: 113761 ns, Total: 222546 ns
[2020-02-26T08:49:31.720+0000][1][safepoint    ] Safepoint "Cleanup", Time since last: 1006066397 ns, Reaching safepoint: 142846 ns, At safepoint: 11867 ns, Total: 154713 ns
[2020-02-26T08:49:32.720+0000][1][safepoint    ] Safepoint "Cleanup", Time since last: 1000837898 ns, Reaching safepoint: 75772 ns, At safepoint: 7704 ns, Total: 83476 ns
[2020-02-26T08:49:33.223+0000][1][safepoint    ] Safepoint "RevokeBias", Time since last: 502802758 ns, Reaching safepoint: 76760 ns, At safepoint: 19549 ns, Total: 96309 ns
[2020-02-26T08:49:34.224+0000][1][safepoint    ] Safepoint "Cleanup", Time since last: 1000568328 ns, Reaching safepoint: 97984 ns, At safepoint: 16878 ns, Total: 114862 ns
[2020-02-26T08:49:35.224+0000][1][safepoint    ] Safepoint "Cleanup", Time since last: 1000194310 ns, Reaching safepoint: 82840 ns, At safepoint: 10352 ns, Total: 93192 ns
[2020-02-26T08:49:35.727+0000][1][safepoint    ] Safepoint "RevokeBias", Time since last: 502528364 ns, Reaching safepoint: 83528 ns, At safepoint: 20587 ns, Total: 104115 ns
[2020-02-26T08:49:36.733+0000][1][safepoint    ] Safepoint "Cleanup", Time since last: 1006416351 ns, Reaching safepoint: 123232 ns, At safepoint: 9543 ns, Total: 132775 ns
[2020-02-26T08:49:37.735+0000][1][safepoint    ] Safepoint "Cleanup", Time since last: 1000900384 ns, Reaching safepoint: 138050 ns, At safepoint: 9176 ns, Total: 147226 ns
[2020-02-26T08:49:38.234+0000][1][safepoint    ] Safepoint "RevokeBias", Time since last: 499498540 ns, Reaching safepoint: 121163 ns, At safepoint: 38516 ns, Total: 159679 ns
[2020-02-26T08:49:39.235+0000][1][safepoint    ] Safepoint "Cleanup", Time since last: 1000407753 ns, Reaching safepoint: 133885 ns, At safepoint: 15213 ns, Total: 149098 ns
[2020-02-26T08:49:40.236+0000][1][safepoint    ] Safepoint "Cleanup", Time since last: 1000717225 ns, Reaching safepoint: 147872 ns, At safepoint: 11535 ns, Total: 159407 ns
[2020-02-26T08:49:40.752+0000][1][safepoint    ] Safepoint "RevokeBias", Time since last: 516621257 ns, Reaching safepoint: 79506 ns, At safepoint: 20815 ns, Total: 100321 ns
[2020-02-26T08:49:41.754+0000][1][safepoint    ] Safepoint "Cleanup", Time since last: 1001066435 ns, Reaching safepoint: 213953 ns, At safepoint: 12733 ns, Total: 226686 ns
[2020-02-26T08:49:42.755+0000][1][safepoint    ] Safepoint "Cleanup", Time since last: 1001088178 ns, Reaching safepoint: 99328 ns, At safepoint: 10706 ns, Total: 110034 ns
[2020-02-26T08:49:43.266+0000][1][safepoint    ] Safepoint "RevokeBias", Time since last: 511301872 ns, Reaching safepoint: 76005 ns, At safepoint: 170500 ns, Total: 246505 ns
[2020-02-26T08:49:44.267+0000][1][safepoint    ] Safepoint "Cleanup", Time since last: 1000344162 ns, Reaching safepoint: 105188 ns, At safepoint: 9958 ns, Total: 115146 ns
[2020-02-26T08:49:45.268+0000][1][safepoint    ] Safepoint "Cleanup", Time since last: 1000664253 ns, Reaching safepoint: 82544 ns, At safepoint: 9541 ns, Total: 92085 ns
[2020-02-26T08:49:45.780+0000][1][safepoint    ] Safepoint "RevokeBias", Time since last: 512349580 ns, Reaching safepoint: 178694 ns, At safepoint: 49233 ns, Total: 227927 ns
[2020-02-26T08:49:46.783+0000][1][safepoint    ] Safepoint "Cleanup", Time since last: 1002943285 ns, Reaching safepoint: 110706 ns, At safepoint: 10994 ns, Total: 121700 ns
[2020-02-26T08:49:47.786+0000][1][safepoint    ] Safepoint "Cleanup", Time since last: 1002548395 ns, Reaching safepoint: 177686 ns, At safepoint: 68532 ns, Total: 246218 ns
[2020-02-26T08:49:48.302+0000][1][safepoint    ] Safepoint "RevokeBias", Time since last: 515889283 ns, Reaching safepoint: 62201 ns, At safepoint: 19491 ns, Total: 81692 ns
[2020-02-26T08:49:49.303+0000][1][safepoint    ] Safepoint "Cleanup", Time since last: 1000394522 ns, Reaching safepoint: 159388 ns, At safepoint: 14999 ns, Total: 174387 ns
[2020-02-26T08:49:50.303+0000][1][safepoint    ] Safepoint "Cleanup", Time since last: 1000199798 ns, Reaching safepoint: 193087 ns, At safepoint: 24472 ns, Total: 217559 ns
[2020-02-26T08:49:50.811+0000][1][safepoint    ] Safepoint "RevokeBias", Time since last: 507710683 ns, Reaching safepoint: 81095 ns, At safepoint: 46393 ns, Total: 127488 ns
[2020-02-26T08:49:51.811+0000][1][safepoint    ] Safepoint "Cleanup", Time since last: 1000150202 ns, Reaching safepoint: 83715 ns, At safepoint: 9145 ns, Total: 92860 ns
[2020-02-26T08:49:52.812+0000][1][safepoint    ] Safepoint "Cleanup", Time since last: 1001258358 ns, Reaching safepoint: 93248 ns, At safepoint: 8901 ns, Total: 102149 ns
[2020-02-26T08:49:53.324+0000][1][safepoint    ] Safepoint "RevokeBias", Time since last: 511712018 ns, Reaching safepoint: 56525 ns, At safepoint: 18292 ns, Total: 74817 ns
[2020-02-26T08:49:54.325+0000][1][safepoint    ] Safepoint "Cleanup", Time since last: 1000744260 ns, Reaching safepoint: 139219 ns, At safepoint: 31001 ns, Total: 170220 ns
[2020-02-26T08:49:55.325+0000][1][safepoint    ] Safepoint "Cleanup", Time since last: 1000119396 ns, Reaching safepoint: 79141 ns, At safepoint: 9619 ns, Total: 88760 ns
[2020-02-26T08:49:55.835+0000][1][safepoint    ] Safepoint "RevokeBias", Time since last: 509368991 ns, Reaching safepoint: 92020 ns, At safepoint: 21399 ns, Total: 113419 ns
[2020-02-26T08:49:56.836+0000][1][safepoint    ] Safepoint "Cleanup", Time since last: 1000690109 ns, Reaching safepoint: 222413 ns, At safepoint: 20161 ns, Total: 242574 ns
[2020-02-26T08:49:57.837+0000][1][safepoint    ] Safepoint "Cleanup", Time since last: 1000946034 ns, Reaching safepoint: 98127 ns, At safepoint: 10401 ns, Total: 108528 ns
[2020-02-26T08:49:58.346+0000][1][safepoint    ] Safepoint "RevokeBias", Time since last: 508453249 ns, Reaching safepoint: 213046 ns, At safepoint: 27541 ns, Total: 240587 ns
[2020-02-26T08:49:59.350+0000][1][safepoint    ] Safepoint "Cleanup", Time since last: 1004479693 ns, Reaching safepoint: 114235 ns, At safepoint: 11020 ns, Total: 125255 ns
[2020-02-26T08:50:00.350+0000][1][safepoint    ] Safepoint "Cleanup", Time since last: 1000126100 ns, Reaching safepoint: 90349 ns, At safepoint: 9707 ns, Total: 100056 ns
[2020-02-26T08:50:00.857+0000][1][safepoint    ] Safepoint "RevokeBias", Time since last: 506060907 ns, Reaching safepoint: 111230 ns, At safepoint: 19639 ns, Total: 130869 ns
[2020-02-26T08:50:01.857+0000][1][safepoint    ] Safepoint "Cleanup", Time since last: 1000566844 ns, Reaching safepoint: 144393 ns, At safepoint: 12423 ns, Total: 156816 ns
[2020-02-26T08:50:02.858+0000][1][safepoint    ] Safepoint "Cleanup", Time since last: 1000567309 ns, Reaching safepoint: 82332 ns, At safepoint: 9156 ns, Total: 91488 ns
[2020-02-26T08:50:03.369+0000][1][safepoint    ] Safepoint "RevokeBias", Time since last: 511222459 ns, Reaching safepoint: 81053 ns, At safepoint: 20119 ns, Total: 101172 ns
[2020-02-26T08:50:04.371+0000][1][safepoint    ] Safepoint "Cleanup", Time since last: 1001966923 ns, Reaching safepoint: 135211 ns, At safepoint: 9127 ns, Total: 144338 ns
[2020-02-26T08:50:05.372+0000][1][safepoint    ] Safepoint "Cleanup", Time since last: 1000697711 ns, Reaching safepoint: 124538 ns, At safepoint: 15118 ns, Total: 139656 ns
[2020-02-26T08:50:05.874+0000][1][safepoint    ] Safepoint "RevokeBias", Time since last: 502106750 ns, Reaching safepoint: 99781 ns, At safepoint: 20611 ns, Total: 120392 ns
[2020-02-26T08:50:06.875+0000][1][safepoint    ] Safepoint "Cleanup", Time since last: 1000428274 ns, Reaching safepoint: 150693 ns, At safepoint: 15114 ns, Total: 165807 ns
[2020-02-26T08:50:07.876+0000][1][safepoint    ] Safepoint "Cleanup", Time since last: 1000365574 ns, Reaching safepoint: 126038 ns, At safepoint: 11149 ns, Total: 137187 ns
[2020-02-26T08:50:08.391+0000][1][safepoint    ] Safepoint "RevokeBias", Time since last: 515369621 ns, Reaching safepoint: 82261 ns, At safepoint: 41244 ns, Total: 123505 ns
[2020-02-26T08:50:09.392+0000][1][safepoint    ] Safepoint "Cleanup", Time since last: 1000613037 ns, Reaching safepoint: 82489 ns, At safepoint: 10608 ns, Total: 93097 ns
[2020-02-26T08:50:10.399+0000][1][safepoint    ] Safepoint "Cleanup", Time since last: 1007335725 ns, Reaching safepoint: 91597 ns, At safepoint: 7842 ns, Total: 99439 ns
[2020-02-26T08:50:10.904+0000][1][safepoint    ] Safepoint "RevokeBias", Time since last: 504869074 ns, Reaching safepoint: 72641 ns, At safepoint: 18436 ns, Total: 91077 ns
[2020-02-26T08:50:11.904+0000][1][safepoint    ] Safepoint "Cleanup", Time since last: 1000232398 ns, Reaching safepoint: 104983 ns, At safepoint: 26425 ns, Total: 131408 ns
[2020-02-26T08:50:12.905+0000][1][safepoint    ] Safepoint "Cleanup", Time since last: 1000255678 ns, Reaching safepoint: 97978 ns, At safepoint: 9187 ns, Total: 107165 ns
[2020-02-26T08:50:13.411+0000][1][safepoint    ] Safepoint "RevokeBias", Time since last: 506076798 ns, Reaching safepoint: 121963 ns, At safepoint: 30988 ns, Total: 152951 ns
[2020-02-26T08:50:14.411+0000][1][safepoint    ] Safepoint "Cleanup", Time since last: 1000267556 ns, Reaching safepoint: 129475 ns, At safepoint: 13048 ns, Total: 142523 ns
[2020-02-26T08:50:15.420+0000][1][safepoint    ] Safepoint "Cleanup", Time since last: 1008173959 ns, Reaching safepoint: 64572 ns, At safepoint: 8161 ns, Total: 72733 ns
[2020-02-26T08:50:15.930+0000][1][safepoint    ] Safepoint "RevokeBias", Time since last: 509805025 ns, Reaching safepoint: 229277 ns, At safepoint: 30118 ns, Total: 259395 ns
[2020-02-26T08:50:16.930+0000][1][safepoint    ] Safepoint "Cleanup", Time since last: 1000288062 ns, Reaching safepoint: 81466 ns, At safepoint: 9056 ns, Total: 90522 ns
[2020-02-26T08:50:17.931+0000][1][safepoint    ] Safepoint "Cleanup", Time since last: 1000296453 ns, Reaching safepoint: 82478 ns, At safepoint: 10833 ns, Total: 93311 ns
[2020-02-26T08:50:18.447+0000][1][safepoint    ] Safepoint "RevokeBias", Time since last: 514556959 ns, Reaching safepoint: 1583859 ns, At safepoint: 54983 ns, Total: 1638842 ns
[2020-02-26T08:50:19.448+0000][1][safepoint    ] Safepoint "Cleanup", Time since last: 1000721511 ns, Reaching safepoint: 247621 ns, At safepoint: 16416 ns, Total: 264037 ns
[2020-02-26T08:50:20.453+0000][1][safepoint    ] Safepoint "Cleanup", Time since last: 1005007090 ns, Reaching safepoint: 79182 ns, At safepoint: 8434 ns, Total: 87616 ns
[2020-02-26T08:50:20.959+0000][1][safepoint    ] Safepoint "RevokeBias", Time since last: 505783327 ns, Reaching safepoint: 57206 ns, At safepoint: 18194 ns, Total: 75400 ns
[2020-02-26T08:50:21.960+0000][1][safepoint    ] Safepoint "Cleanup", Time since last: 1000913233 ns, Reaching safepoint: 152501 ns, At safepoint: 9482 ns, Total: 161983 ns
[2020-02-26T08:50:22.960+0000][1][safepoint    ] Safepoint "Cleanup", Time since last: 1000266855 ns, Reaching safepoint: 132047 ns, At safepoint: 10841 ns, Total: 142888 ns
[2020-02-26T08:50:23.473+0000][1][safepoint    ] Safepoint "RevokeBias", Time since last: 512259055 ns, Reaching safepoint: 131293 ns, At safepoint: 56567 ns, Total: 187860 ns
[2020-02-26T08:50:24.474+0000][1][safepoint    ] Safepoint "Cleanup", Time since last: 1000838636 ns, Reaching safepoint: 187899 ns, At safepoint: 12615 ns, Total: 200514 ns
[2020-02-26T08:50:25.474+0000][1][safepoint    ] Safepoint "Cleanup", Time since last: 1000246567 ns, Reaching safepoint: 159989 ns, At safepoint: 14759 ns, Total: 174748 ns
[2020-02-26T08:50:25.987+0000][1][safepoint    ] Safepoint "RevokeBias", Time since last: 512507136 ns, Reaching safepoint: 301934 ns, At safepoint: 52468 ns, Total: 354402 ns
[2020-02-26T08:50:26.987+0000][1][safepoint    ] Safepoint "Cleanup", Time since last: 1000292094 ns, Reaching safepoint: 146194 ns, At safepoint: 28794 ns, Total: 174988 ns
[2020-02-26T08:50:27.988+0000][1][safepoint    ] Safepoint "Cleanup", Time since last: 1000376329 ns, Reaching safepoint: 104847 ns, At safepoint: 12760 ns, Total: 117607 ns
[2020-02-26T08:50:28.501+0000][1][safepoint    ] Safepoint "BulkRevokeBias", Time since last: 512748270 ns, Reaching safepoint: 201918 ns, At safepoint: 575556 ns, Total: 777474 ns
[2020-02-26T08:50:29.502+0000][1][safepoint    ] Safepoint "Cleanup", Time since last: 1000328278 ns, Reaching safepoint: 85587 ns, At safepoint: 9395 ns, Total: 94982 ns
[2020-02-26T08:50:30.502+0000][1][safepoint    ] Safepoint "Cleanup", Time since last: 1000456654 ns, Reaching safepoint: 77495 ns, At safepoint: 9149 ns, Total: 86644 ns
[2020-02-26T08:50:31.008+0000][1][safepoint    ] Safepoint "RevokeBias", Time since last: 505476614 ns, Reaching safepoint: 249520 ns, At safepoint: 45110 ns, Total: 294630 ns
[2020-02-26T08:50:32.009+0000][1][safepoint    ] Safepoint "Cleanup", Time since last: 1000214935 ns, Reaching safepoint: 410572 ns, At safepoint: 14162 ns, Total: 424734 ns
[2020-02-26T08:50:33.009+0000][1][safepoint    ] Safepoint "Cleanup", Time since last: 1000249115 ns, Reaching safepoint: 78682 ns, At safepoint: 10318 ns, Total: 89000 ns
[2020-02-26T08:50:33.517+0000][1][safepoint    ] Safepoint "RevokeBias", Time since last: 507390891 ns, Reaching safepoint: 121862 ns, At safepoint: 21676 ns, Total: 143538 ns
[2020-02-26T08:50:34.966+0000][1][safepoint    ] Safepoint "Cleanup", Time since last: 1449401847 ns, Reaching safepoint: 104335 ns, At safepoint: 9811 ns, Total: 114146 ns
[2020-02-26T08:50:35.967+0000][1][safepoint    ] Safepoint "Cleanup", Time since last: 1000365924 ns, Reaching safepoint: 75478 ns, At safepoint: 9360 ns, Total: 84838 ns
[2020-02-26T08:50:36.021+0000][1][safepoint    ] Safepoint "RevokeBias", Time since last: 54199200 ns, Reaching safepoint: 152528 ns, At safepoint: 22534 ns, Total: 175062 ns
[2020-02-26T08:50:37.025+0000][1][safepoint    ] Safepoint "Cleanup", Time since last: 1004068173 ns, Reaching safepoint: 97405 ns, At safepoint: 11450 ns, Total: 108855 ns
[2020-02-26T08:50:38.026+0000][1][safepoint    ] Safepoint "Cleanup", Time since last: 1000344739 ns, Reaching safepoint: 79344 ns, At safepoint: 9387 ns, Total: 88731 ns
[2020-02-26T08:50:38.529+0000][1][safepoint    ] Safepoint "RevokeBias", Time since last: 503648585 ns, Reaching safepoint: 96134 ns, At safepoint: 19742 ns, Total: 115876 ns
[2020-02-26T08:50:39.530+0000][1][safepoint    ] Safepoint "Cleanup", Time since last: 1000889682 ns, Reaching safepoint: 161816 ns, At safepoint: 12543 ns, Total: 174359 ns
[2020-02-26T08:50:40.531+0000][1][safepoint    ] Safepoint "Cleanup", Time since last: 1000603562 ns, Reaching safepoint: 79624 ns, At safepoint: 10099 ns, Total: 89723 ns
[2020-02-26T08:50:41.036+0000][1][safepoint    ] Safepoint "RevokeBias", Time since last: 504321429 ns, Reaching safepoint: 93211 ns, At safepoint: 105359 ns, Total: 198570 ns
[2020-02-26T08:50:42.036+0000][1][safepoint    ] Safepoint "Cleanup", Time since last: 1000349122 ns, Reaching safepoint: 79829 ns, At safepoint: 9580 ns, Total: 89409 ns
[2020-02-26T08:50:43.037+0000][1][safepoint    ] Safepoint "Cleanup", Time since last: 1000378864 ns, Reaching safepoint: 75365 ns, At safepoint: 8705 ns, Total: 84070 ns
[2020-02-26T08:50:43.542+0000][1][safepoint    ] Safepoint "RevokeBias", Time since last: 505117869 ns, Reaching safepoint: 90266 ns, At safepoint: 25276 ns, Total: 115542 ns
[2020-02-26T08:50:44.543+0000][1][safepoint    ] Safepoint "Cleanup", Time since last: 1000726504 ns, Reaching safepoint: 83257 ns, At safepoint: 9056 ns, Total: 92313 ns
[2020-02-26T08:50:45.543+0000][1][safepoint    ] Safepoint "Cleanup", Time since last: 1000379107 ns, Reaching safepoint: 81829 ns, At safepoint: 10018 ns, Total: 91847 ns
[2020-02-26T08:50:46.048+0000][1][safepoint    ] Safepoint "RevokeBias", Time since last: 504592180 ns, Reaching safepoint: 104713 ns, At safepoint: 27215 ns, Total: 131928 ns
[2020-02-26T08:50:47.049+0000][1][safepoint    ] Safepoint "Cleanup", Time since last: 1000588639 ns, Reaching safepoint: 76604 ns, At safepoint: 9015 ns, Total: 85619 ns
[2020-02-26T08:50:48.050+0000][1][safepoint    ] Safepoint "Cleanup", Time since last: 1001152043 ns, Reaching safepoint: 98615 ns, At safepoint: 11608 ns, Total: 110223 ns
[2020-02-26T08:50:48.573+0000][1][safepoint    ] Safepoint "RevokeBias", Time since last: 517752003 ns, Reaching safepoint: 5064411 ns, At safepoint: 28016 ns, Total: 5092427 ns
[2020-02-26T08:50:49.573+0000][1][safepoint    ] Safepoint "Cleanup", Time since last: 1000734944 ns, Reaching safepoint: 91724 ns, At safepoint: 9469 ns, Total: 101193 ns
[2020-02-26T08:50:50.574+0000][1][safepoint    ] Safepoint "Cleanup", Time since last: 1000317475 ns, Reaching safepoint: 136625 ns, At safepoint: 9105 ns, Total: 145730 ns
[2020-02-26T08:50:51.077+0000][1][safepoint    ] Safepoint "RevokeBias", Time since last: 502736187 ns, Reaching safepoint: 124654 ns, At safepoint: 42974 ns, Total: 167628 ns
[2020-02-26T08:50:52.077+0000][1][safepoint    ] Safepoint "Cleanup", Time since last: 1000189552 ns, Reaching safepoint: 94641 ns, At safepoint: 8509 ns, Total: 103150 ns
[2020-02-26T08:50:53.078+0000][1][safepoint    ] Safepoint "Cleanup", Time since last: 1000446499 ns, Reaching safepoint: 77874 ns, At safepoint: 8936 ns, Total: 86810 ns
[2020-02-26T08:50:53.599+0000][1][safepoint    ] Safepoint "RevokeBias", Time since last: 520943537 ns, Reaching safepoint: 137280 ns, At safepoint: 53818 ns, Total: 191098 ns
[2020-02-26T08:50:54.599+0000][1][safepoint    ] Safepoint "Cleanup", Time since last: 1000413549 ns, Reaching safepoint: 81134 ns, At safepoint: 8910 ns, Total: 90044 ns
[2020-02-26T08:50:55.600+0000][1][safepoint    ] Safepoint "Cleanup", Time since last: 1000295158 ns, Reaching safepoint: 83515 ns, At safepoint: 11372 ns, Total: 94887 ns
[2020-02-26T08:50:56.113+0000][1][safepoint    ] Safepoint "RevokeBias", Time since last: 513002796 ns, Reaching safepoint: 115665 ns, At safepoint: 33428 ns, Total: 149093 ns
[2020-02-26T08:50:56.269+0000][1][gc,start     ] GC(38) Pause Young (Allocation Failure)
[2020-02-26T08:50:56.269+0000][1][gc,task      ] GC(38) Using 1 workers of 1 for evacuation
[2020-02-26T08:50:56.291+0000][1][gc,age       ] GC(38) Desired survivor size 4358144 bytes, new threshold 6 (max threshold 6)
[2020-02-26T08:50:56.291+0000][1][gc,age       ] GC(38) Age table with threshold 6 (max threshold 6)
[2020-02-26T08:50:56.291+0000][1][gc,age       ] GC(38) - age   1:      15536 bytes,      15536 total
[2020-02-26T08:50:56.291+0000][1][gc,age       ] GC(38) - age   2:       2568 bytes,      18104 total
[2020-02-26T08:50:56.291+0000][1][gc,age       ] GC(38) - age   3:       2640 bytes,      20744 total
[2020-02-26T08:50:56.291+0000][1][gc,age       ] GC(38) - age   4:       1064 bytes,      21808 total
[2020-02-26T08:50:56.291+0000][1][gc,age       ] GC(38) - age   5:       3128 bytes,      24936 total
[2020-02-26T08:50:56.291+0000][1][gc,age       ] GC(38) - age   6:       1176 bytes,      26112 total
[2020-02-26T08:50:56.291+0000][1][gc,heap      ] GC(38) ParNew: 68281K->85K(76672K)
[2020-02-26T08:50:56.291+0000][1][gc,heap      ] GC(38) CMS: 62534K->62587K(963392K)
[2020-02-26T08:50:56.291+0000][1][gc,metaspace ] GC(38) Metaspace: 79077K->79077K(1122304K)
[2020-02-26T08:50:56.291+0000][1][gc           ] GC(38) Pause Young (Allocation Failure) 127M->61M(1015M) 22.208ms
[2020-02-26T08:50:56.291+0000][1][gc,cpu       ] GC(38) User=0.01s Sys=0.00s Real=0.02s
[2020-02-26T08:50:56.291+0000][1][safepoint    ] Safepoint "GenCollectForAllocation", Time since last: 155564780 ns, Reaching safepoint: 177447 ns, At safepoint: 22296271 ns, Total: 22473718 ns
[2020-02-26T08:50:57.292+0000][1][safepoint    ] Safepoint "Cleanup", Time since last: 1000724870 ns, Reaching safepoint: 99802 ns, At safepoint: 28185 ns, Total: 127987 ns
[2020-02-26T08:50:58.292+0000][1][safepoint    ] Safepoint "Cleanup", Time since last: 1000296478 ns, Reaching safepoint: 78209 ns, At safepoint: 8457 ns, Total: 86666 ns
[2020-02-26T08:50:58.635+0000][1][safepoint    ] Safepoint "RevokeBias", Time since last: 342599149 ns, Reaching safepoint: 77168 ns, At safepoint: 20057 ns, Total: 97225 ns
[2020-02-26T08:50:59.635+0000][1][safepoint    ] Safepoint "Cleanup", Time since last: 1000236699 ns, Reaching safepoint: 96469 ns, At safepoint: 11262 ns, Total: 107731 ns
[2020-02-26T08:51:00.636+0000][1][safepoint    ] Safepoint "Cleanup", Time since last: 1000747792 ns, Reaching safepoint: 85520 ns, At safepoint: 9976 ns, Total: 95496 ns
[2020-02-26T08:51:01.145+0000][1][safepoint    ] Safepoint "RevokeBias", Time since last: 508386313 ns, Reaching safepoint: 182041 ns, At safepoint: 23739 ns, Total: 205780 ns
[2020-02-26T08:51:02.145+0000][1][safepoint    ] Safepoint "Cleanup", Time since last: 1000405782 ns, Reaching safepoint: 137059 ns, At safepoint: 12457 ns, Total: 149516 ns
[2020-02-26T08:51:03.147+0000][1][safepoint    ] Safepoint "Cleanup", Time since last: 1001685087 ns, Reaching safepoint: 66770 ns, At safepoint: 7586 ns, Total: 74356 ns
[2020-02-26T08:51:03.651+0000][1][safepoint    ] Safepoint "RevokeBias", Time since last: 504515961 ns, Reaching safepoint: 78285 ns, At safepoint: 20781 ns, Total: 99066 ns
[2020-02-26T08:51:04.657+0000][1][safepoint    ] Safepoint "Cleanup", Time since last: 1004981613 ns, Reaching safepoint: 81236 ns, At safepoint: 9059 ns, Total: 90295 ns
[2020-02-26T08:51:05.657+0000][1][safepoint    ] Safepoint "Cleanup", Time since last: 1000309954 ns, Reaching safepoint: 78855 ns, At safepoint: 10226 ns, Total: 89081 ns
[2020-02-26T08:51:06.158+0000][1][safepoint    ] Safepoint "RevokeBias", Time since last: 500926049 ns, Reaching safepoint: 197625 ns, At safepoint: 50016 ns, Total: 247641 ns
[2020-02-26T08:51:07.162+0000][1][safepoint    ] Safepoint "Cleanup", Time since last: 1003418736 ns, Reaching safepoint: 72873 ns, At safepoint: 7865 ns, Total: 80738 ns
[2020-02-26T08:51:08.162+0000][1][safepoint    ] Safepoint "Cleanup", Time since last: 1000296865 ns, Reaching safepoint: 77858 ns, At safepoint: 8134 ns, Total: 85992 ns
[2020-02-26T08:51:08.665+0000][1][safepoint    ] Safepoint "RevokeBias", Time since last: 503157596 ns, Reaching safepoint: 94745 ns, At safepoint: 116690 ns, Total: 211435 ns
[2020-02-26T08:51:09.674+0000][1][safepoint    ] Safepoint "Cleanup", Time since last: 1008030435 ns, Reaching safepoint: 144313 ns, At safepoint: 13907 ns, Total: 158220 ns
[2020-02-26T08:51:10.675+0000][1][safepoint    ] Safepoint "Cleanup", Time since last: 1000980005 ns, Reaching safepoint: 72651 ns, At safepoint: 7963 ns, Total: 80614 ns
[2020-02-26T08:51:11.170+0000][1][safepoint    ] Safepoint "RevokeBias", Time since last: 495032035 ns, Reaching safepoint: 89657 ns, At safepoint: 24860 ns, Total: 114517 ns
[2020-02-26T08:51:12.171+0000][1][safepoint    ] Safepoint "Cleanup", Time since last: 1000754551 ns, Reaching safepoint: 92452 ns, At safepoint: 10332 ns, Total: 102784 ns
[2020-02-26T08:51:13.171+0000][1][safepoint    ] Safepoint "Cleanup", Time since last: 1000280869 ns, Reaching safepoint: 76646 ns, At safepoint: 8849 ns, Total: 85495 ns
[2020-02-26T08:51:13.676+0000][1][safepoint    ] Safepoint "RevokeBias", Time since last: 505148066 ns, Reaching safepoint: 79473 ns, At safepoint: 25113 ns, Total: 104586 ns
[2020-02-26T08:51:14.677+0000][1][safepoint    ] Safepoint "Cleanup", Time since last: 1000586526 ns, Reaching safepoint: 215919 ns, At safepoint: 52565 ns, Total: 268484 ns
[2020-02-26T08:51:15.685+0000][1][safepoint    ] Safepoint "Cleanup", Time since last: 1008208711 ns, Reaching safepoint: 61029 ns, At safepoint: 8282 ns, Total: 69311 ns
[2020-02-26T08:51:16.183+0000][1][safepoint    ] Safepoint "RevokeBias", Time since last: 497448128 ns, Reaching safepoint: 77429 ns, At safepoint: 21865 ns, Total: 99294 ns
[2020-02-26T08:51:17.183+0000][1][safepoint    ] Safepoint "Cleanup", Time since last: 1000258215 ns, Reaching safepoint: 101215 ns, At safepoint: 9636 ns, Total: 110851 ns
[2020-02-26T08:51:18.184+0000][1][safepoint    ] Safepoint "Cleanup", Time since last: 1000122405 ns, Reaching safepoint: 131636 ns, At safepoint: 10679 ns, Total: 142315 ns
[2020-02-26T08:51:18.698+0000][1][safepoint    ] Safepoint "RevokeBias", Time since last: 514542877 ns, Reaching safepoint: 82429 ns, At safepoint: 22380 ns, Total: 104809 ns
[2020-02-26T08:51:19.699+0000][1][safepoint    ] Safepoint "Cleanup", Time since last: 1000429477 ns, Reaching safepoint: 94176 ns, At safepoint: 10656 ns, Total: 104832 ns
[2020-02-26T08:51:20.709+0000][1][safepoint    ] Safepoint "Cleanup", Time since last: 1010379781 ns, Reaching safepoint: 199951 ns, At safepoint: 27980 ns, Total: 227931 ns
[2020-02-26T08:51:21.213+0000][1][safepoint    ] Safepoint "RevokeBias", Time since last: 503841485 ns, Reaching safepoint: 93352 ns, At safepoint: 22445 ns, Total: 115797 ns
[2020-02-26T08:51:22.214+0000][1][safepoint    ] Safepoint "Cleanup", Time since last: 1000738129 ns, Reaching safepoint: 110885 ns, At safepoint: 10139 ns, Total: 121024 ns
[2020-02-26T08:51:23.215+0000][1][safepoint    ] Safepoint "Cleanup", Time since last: 1000735154 ns, Reaching safepoint: 97251 ns, At safepoint: 9117 ns, Total: 106368 ns
[2020-02-26T08:51:23.728+0000][1][safepoint    ] Safepoint "RevokeBias", Time since last: 513072543 ns, Reaching safepoint: 81547 ns, At safepoint: 22305 ns, Total: 103852 ns
[2020-02-26T08:51:24.729+0000][1][safepoint    ] Safepoint "Cleanup", Time since last: 1000389371 ns, Reaching safepoint: 93893 ns, At safepoint: 9302 ns, Total: 103195 ns
[2020-02-26T08:51:25.730+0000][1][safepoint    ] Safepoint "Cleanup", Time since last: 1000950467 ns, Reaching safepoint: 97910 ns, At safepoint: 11009 ns, Total: 108919 ns
[2020-02-26T08:51:26.246+0000][1][safepoint    ] Safepoint "RevokeBias", Time since last: 516378881 ns, Reaching safepoint: 74302 ns, At safepoint: 19378 ns, Total: 93680 ns
[2020-02-26T08:51:27.247+0000][1][safepoint    ] Safepoint "Cleanup", Time since last: 1000680341 ns, Reaching safepoint: 78228 ns, At safepoint: 9341 ns, Total: 87569 ns
[2020-02-26T08:51:28.247+0000][1][safepoint    ] Safepoint "Cleanup", Time since last: 1000325279 ns, Reaching safepoint: 80845 ns, At safepoint: 9347 ns, Total: 90192 ns
[2020-02-26T08:51:28.756+0000][1][safepoint    ] Safepoint "RevokeBias", Time since last: 508960852 ns, Reaching safepoint: 75657 ns, At safepoint: 20934 ns, Total: 96591 ns
[2020-02-26T08:51:29.757+0000][1][safepoint    ] Safepoint "Cleanup", Time since last: 1000196689 ns, Reaching safepoint: 74172 ns, At safepoint: 8887 ns, Total: 83059 ns
[2020-02-26T08:51:30.757+0000][1][safepoint    ] Safepoint "Cleanup", Time since last: 1000300417 ns, Reaching safepoint: 101260 ns, At safepoint: 9311 ns, Total: 110571 ns
[2020-02-26T08:51:31.268+0000][1][safepoint    ] Safepoint "RevokeBias", Time since last: 510663935 ns, Reaching safepoint: 99977 ns, At safepoint: 26022 ns, Total: 125999 ns
[2020-02-26T08:51:32.275+0000][1][safepoint    ] Safepoint "Cleanup", Time since last: 1006470031 ns, Reaching safepoint: 173859 ns, At safepoint: 34128 ns, Total: 207987 ns
[2020-02-26T08:51:33.275+0000][1][safepoint    ] Safepoint "Cleanup", Time since last: 1000535354 ns, Reaching safepoint: 77442 ns, At safepoint: 9314 ns, Total: 86756 ns
[2020-02-26T08:51:33.779+0000][1][safepoint    ] Safepoint "RevokeBias", Time since last: 504070241 ns, Reaching safepoint: 72358 ns, At safepoint: 19461 ns, Total: 91819 ns
[2020-02-26T08:51:34.780+0000][1][safepoint    ] Safepoint "Cleanup", Time since last: 1000542294 ns, Reaching safepoint: 91615 ns, At safepoint: 9071 ns, Total: 100686 ns
[2020-02-26T08:51:35.780+0000][1][safepoint    ] Safepoint "Cleanup", Time since last: 1000185424 ns, Reaching safepoint: 91740 ns, At safepoint: 8894 ns, Total: 100634 ns
[2020-02-26T08:51:36.283+0000][1][safepoint    ] Safepoint "RevokeBias", Time since last: 502274078 ns, Reaching safepoint: 72404 ns, At safepoint: 20166 ns, Total: 92570 ns
[2020-02-26T08:51:37.284+0000][1][safepoint    ] Safepoint "Cleanup", Time since last: 1001687369 ns, Reaching safepoint: 79713 ns, At safepoint: 14028 ns, Total: 93741 ns
[2020-02-26T08:51:38.285+0000][1][safepoint    ] Safepoint "Cleanup", Time since last: 1000789467 ns, Reaching safepoint: 86087 ns, At safepoint: 10720 ns, Total: 96807 ns
[2020-02-26T08:51:38.790+0000][1][safepoint    ] Safepoint "RevokeBias", Time since last: 504402445 ns, Reaching safepoint: 57426 ns, At safepoint: 18010 ns, Total: 75436 ns
[2020-02-26T08:51:39.790+0000][1][safepoint    ] Safepoint "Cleanup", Time since last: 1000182143 ns, Reaching safepoint: 135192 ns, At safepoint: 9084 ns, Total: 144276 ns
[2020-02-26T08:51:40.791+0000][1][safepoint    ] Safepoint "Cleanup", Time since last: 1000639839 ns, Reaching safepoint: 77099 ns, At safepoint: 9223 ns, Total: 86322 ns
[2020-02-26T08:51:41.304+0000][1][safepoint    ] Safepoint "BulkRevokeBias", Time since last: 512529065 ns, Reaching safepoint: 214350 ns, At safepoint: 313631 ns, Total: 527981 ns
[2020-02-26T08:51:42.307+0000][1][safepoint    ] Safepoint "Cleanup", Time since last: 1003040017 ns, Reaching safepoint: 89731 ns, At safepoint: 7125 ns, Total: 96856 ns
[2020-02-26T08:51:43.316+0000][1][safepoint    ] Safepoint "Cleanup", Time since last: 1008422387 ns, Reaching safepoint: 271062 ns, At safepoint: 15465 ns, Total: 286527 ns
[2020-02-26T08:51:43.816+0000][1][safepoint    ] Safepoint "RevokeBias", Time since last: 499800814 ns, Reaching safepoint: 144679 ns, At safepoint: 24206 ns, Total: 168885 ns
[2020-02-26T08:51:44.816+0000][1][safepoint    ] Safepoint "Cleanup", Time since last: 1000335752 ns, Reaching safepoint: 77192 ns, At safepoint: 8577 ns, Total: 85769 ns
[2020-02-26T08:51:45.816+0000][1][safepoint    ] Safepoint "Cleanup", Time since last: 1000085408 ns, Reaching safepoint: 121483 ns, At safepoint: 13526 ns, Total: 135009 ns
[2020-02-26T08:51:46.320+0000][1][safepoint    ] Safepoint "RevokeBias", Time since last: 503027084 ns, Reaching safepoint: 93094 ns, At safepoint: 22160 ns, Total: 115254 ns
[2020-02-26T08:51:47.320+0000][1][safepoint    ] Safepoint "Cleanup", Time since last: 1000229776 ns, Reaching safepoint: 95861 ns, At safepoint: 9710 ns, Total: 105571 ns
[2020-02-26T08:51:48.328+0000][1][safepoint    ] Safepoint "Cleanup", Time since last: 1007676541 ns, Reaching safepoint: 65454 ns, At safepoint: 9121 ns, Total: 74575 ns
[2020-02-26T08:51:48.856+0000][1][safepoint    ] Safepoint "RevokeBias", Time since last: 520527150 ns, Reaching safepoint: 7729927 ns, At safepoint: 94561 ns, Total: 7824488 ns
[2020-02-26T08:51:49.856+0000][1][safepoint    ] Safepoint "Cleanup", Time since last: 1000319989 ns, Reaching safepoint: 92935 ns, At safepoint: 8329 ns, Total: 101264 ns
[2020-02-26T08:51:50.857+0000][1][safepoint    ] Safepoint "Cleanup", Time since last: 1000660761 ns, Reaching safepoint: 137628 ns, At safepoint: 11084 ns, Total: 148712 ns
[2020-02-26T08:51:51.357+0000][1][safepoint    ] Safepoint "RevokeBias", Time since last: 499793647 ns, Reaching safepoint: 76508 ns, At safepoint: 26693 ns, Total: 103201 ns
[2020-02-26T08:51:52.357+0000][1][safepoint    ] Safepoint "Cleanup", Time since last: 1000266802 ns, Reaching safepoint: 77093 ns, At safepoint: 8786 ns, Total: 85879 ns
[2020-02-26T08:51:53.361+0000][1][safepoint    ] Safepoint "Cleanup", Time since last: 1003611483 ns, Reaching safepoint: 99435 ns, At safepoint: 9639 ns, Total: 109074 ns
[2020-02-26T08:51:53.876+0000][1][safepoint    ] Safepoint "RevokeBias", Time since last: 514574253 ns, Reaching safepoint: 138419 ns, At safepoint: 23400 ns, Total: 161819 ns
[2020-02-26T08:51:54.878+0000][1][safepoint    ] Safepoint "Cleanup", Time since last: 1001783366 ns, Reaching safepoint: 606265 ns, At safepoint: 12248 ns, Total: 618513 ns
[2020-02-26T08:51:55.879+0000][1][safepoint    ] Safepoint "Cleanup", Time since last: 1000455581 ns, Reaching safepoint: 120040 ns, At safepoint: 29255 ns, Total: 149295 ns
[2020-02-26T08:51:56.390+0000][1][safepoint    ] Safepoint "RevokeBias", Time since last: 511057162 ns, Reaching safepoint: 72286 ns, At safepoint: 24744 ns, Total: 97030 ns
[2020-02-26T08:51:57.391+0000][1][safepoint    ] Safepoint "Cleanup", Time since last: 1000688581 ns, Reaching safepoint: 76050 ns, At safepoint: 8722 ns, Total: 84772 ns
[2020-02-26T08:51:58.391+0000][1][safepoint    ] Safepoint "Cleanup", Time since last: 1000278240 ns, Reaching safepoint: 95481 ns, At safepoint: 9749 ns, Total: 105230 ns
[2020-02-26T08:51:58.908+0000][1][safepoint    ] Safepoint "RevokeBias", Time since last: 516303299 ns, Reaching safepoint: 292880 ns, At safepoint: 21830 ns, Total: 314710 ns
[2020-02-26T08:51:59.908+0000][1][safepoint    ] Safepoint "Cleanup", Time since last: 1000288773 ns, Reaching safepoint: 72338 ns, At safepoint: 7732 ns, Total: 80070 ns
[2020-02-26T08:52:00.910+0000][1][safepoint    ] Safepoint "Cleanup", Time since last: 1001250462 ns, Reaching safepoint: 144639 ns, At safepoint: 7833 ns, Total: 152472 ns
[2020-02-26T08:52:01.422+0000][1][safepoint    ] Safepoint "RevokeBias", Time since last: 511958178 ns, Reaching safepoint: 72397 ns, At safepoint: 17326 ns, Total: 89723 ns
[2020-02-26T08:52:02.422+0000][1][safepoint    ] Safepoint "Cleanup", Time since last: 1000649482 ns, Reaching safepoint: 92767 ns, At safepoint: 8761 ns, Total: 101528 ns
[2020-02-26T08:52:03.423+0000][1][safepoint    ] Safepoint "Cleanup", Time since last: 1000212238 ns, Reaching safepoint: 125745 ns, At safepoint: 28236 ns, Total: 153981 ns
[2020-02-26T08:52:03.933+0000][1][safepoint    ] Safepoint "RevokeBias", Time since last: 509725659 ns, Reaching safepoint: 76081 ns, At safepoint: 20232 ns, Total: 96313 ns
[2020-02-26T08:52:04.938+0000][1][safepoint    ] Safepoint "Cleanup", Time since last: 1004984919 ns, Reaching safepoint: 110680 ns, At safepoint: 26166 ns, Total: 136846 ns
[2020-02-26T08:52:05.938+0000][1][safepoint    ] Safepoint "Cleanup", Time since last: 1000279538 ns, Reaching safepoint: 95170 ns, At safepoint: 12316 ns, Total: 107486 ns
[2020-02-26T08:52:06.437+0000][1][safepoint    ] Safepoint "RevokeBias", Time since last: 498727460 ns, Reaching safepoint: 73732 ns, At safepoint: 19362 ns, Total: 93094 ns
[2020-02-26T08:52:07.438+0000][1][safepoint    ] Safepoint "Cleanup", Time since last: 1000506244 ns, Reaching safepoint: 136326 ns, At safepoint: 9655 ns, Total: 145981 ns
[2020-02-26T08:52:08.438+0000][1][safepoint    ] Safepoint "Cleanup", Time since last: 1000596754 ns, Reaching safepoint: 76551 ns, At safepoint: 8860 ns, Total: 85411 ns
[2020-02-26T08:52:08.945+0000][1][safepoint    ] Safepoint "RevokeBias", Time since last: 506825023 ns, Reaching safepoint: 74506 ns, At safepoint: 20452 ns, Total: 94958 ns
[2020-02-26T08:52:09.950+0000][1][safepoint    ] Safepoint "Cleanup", Time since last: 1004307707 ns, Reaching safepoint: 143076 ns, At safepoint: 12687 ns, Total: 155763 ns
[2020-02-26T08:52:10.950+0000][1][safepoint    ] Safepoint "Cleanup", Time since last: 1000486453 ns, Reaching safepoint: 110662 ns, At safepoint: 11634 ns, Total: 122296 ns
[2020-02-26T08:52:11.453+0000][1][safepoint    ] Safepoint "RevokeBias", Time since last: 502191381 ns, Reaching safepoint: 76152 ns, At safepoint: 18456 ns, Total: 94608 ns
[2020-02-26T08:52:12.453+0000][1][safepoint    ] Safepoint "Cleanup", Time since last: 1000563623 ns, Reaching safepoint: 77233 ns, At safepoint: 9404 ns, Total: 86637 ns
[2020-02-26T08:52:13.454+0000][1][safepoint    ] Safepoint "Cleanup", Time since last: 1000554264 ns, Reaching safepoint: 109471 ns, At safepoint: 10098 ns, Total: 119569 ns
[2020-02-26T08:52:13.959+0000][1][safepoint    ] Safepoint "RevokeBias", Time since last: 505386864 ns, Reaching safepoint: 81051 ns, At safepoint: 21341 ns, Total: 102392 ns
[2020-02-26T08:52:14.961+0000][1][safepoint    ] Safepoint "Cleanup", Time since last: 1001036470 ns, Reaching safepoint: 98916 ns, At safepoint: 8680 ns, Total: 107596 ns
[2020-02-26T08:52:15.961+0000][1][safepoint    ] Safepoint "Cleanup", Time since last: 1000240986 ns, Reaching safepoint: 87963 ns, At safepoint: 10708 ns, Total: 98671 ns
[2020-02-26T08:52:16.463+0000][1][safepoint    ] Safepoint "RevokeBias", Time since last: 501997098 ns, Reaching safepoint: 101535 ns, At safepoint: 23761 ns, Total: 125296 ns
[2020-02-26T08:52:17.463+0000][1][safepoint    ] Safepoint "Cleanup", Time since last: 1000149163 ns, Reaching safepoint: 79338 ns, At safepoint: 9085 ns, Total: 88423 ns
[2020-02-26T08:52:18.464+0000][1][safepoint    ] Safepoint "Cleanup", Time since last: 1000846175 ns, Reaching safepoint: 75770 ns, At safepoint: 8617 ns, Total: 84387 ns
[2020-02-26T08:52:18.975+0000][1][safepoint    ] Safepoint "RevokeBias", Time since last: 510222312 ns, Reaching safepoint: 172120 ns, At safepoint: 21939 ns, Total: 194059 ns
[2020-02-26T08:52:19.975+0000][1][safepoint    ] Safepoint "Cleanup", Time since last: 1000362955 ns, Reaching safepoint: 78028 ns, At safepoint: 8914 ns, Total: 86942 ns
[2020-02-26T08:52:20.976+0000][1][safepoint    ] Safepoint "Cleanup", Time since last: 1001100544 ns, Reaching safepoint: 108803 ns, At safepoint: 13926 ns, Total: 122729 ns
[2020-02-26T08:52:21.479+0000][1][safepoint    ] Safepoint "RevokeBias", Time since last: 503030743 ns, Reaching safepoint: 73790 ns, At safepoint: 19776 ns, Total: 93566 ns
[2020-02-26T08:52:22.480+0000][1][safepoint    ] Safepoint "Cleanup", Time since last: 1000816237 ns, Reaching safepoint: 96462 ns, At safepoint: 9462 ns, Total: 105924 ns
[2020-02-26T08:52:23.481+0000][1][safepoint    ] Safepoint "Cleanup", Time since last: 1000361220 ns, Reaching safepoint: 78119 ns, At safepoint: 8979 ns, Total: 87098 ns
[2020-02-26T08:52:23.993+0000][1][safepoint    ] Safepoint "RevokeBias", Time since last: 512081052 ns, Reaching safepoint: 72218 ns, At safepoint: 19167 ns, Total: 91385 ns
[2020-02-26T08:52:24.994+0000][1][safepoint    ] Safepoint "Cleanup", Time since last: 1000921912 ns, Reaching safepoint: 80441 ns, At safepoint: 8980 ns, Total: 89421 ns
[2020-02-26T08:52:25.997+0000][1][safepoint    ] Safepoint "Cleanup", Time since last: 1002524548 ns, Reaching safepoint: 97055 ns, At safepoint: 8536 ns, Total: 105591 ns
[2020-02-26T08:52:26.518+0000][1][safepoint    ] Safepoint "RevokeBias", Time since last: 516986084 ns, Reaching safepoint: 4190763 ns, At safepoint: 36434 ns, Total: 4227197 ns
[2020-02-26T08:52:27.519+0000][1][safepoint    ] Safepoint "Cleanup", Time since last: 1000837688 ns, Reaching safepoint: 101542 ns, At safepoint: 27741 ns, Total: 129283 ns
[2020-02-26T08:52:28.520+0000][1][safepoint    ] Safepoint "Cleanup", Time since last: 1001000617 ns, Reaching safepoint: 287031 ns, At safepoint: 30324 ns, Total: 317355 ns
[2020-02-26T08:52:29.026+0000][1][safepoint    ] Safepoint "RevokeBias", Time since last: 506315799 ns, Reaching safepoint: 76051 ns, At safepoint: 19699 ns, Total: 95750 ns
[2020-02-26T08:52:30.027+0000][1][safepoint    ] Safepoint "Cleanup", Time since last: 1000211903 ns, Reaching safepoint: 76281 ns, At safepoint: 8494 ns, Total: 84775 ns
[2020-02-26T08:52:31.027+0000][1][safepoint    ] Safepoint "Cleanup", Time since last: 1000185933 ns, Reaching safepoint: 93128 ns, At safepoint: 8543 ns, Total: 101671 ns
[2020-02-26T08:52:31.544+0000][1][safepoint    ] Safepoint "RevokeBias", Time since last: 516384616 ns, Reaching safepoint: 229554 ns, At safepoint: 26816 ns, Total: 256370 ns
[2020-02-26T08:52:32.545+0000][1][safepoint    ] Safepoint "Cleanup", Time since last: 1001143658 ns, Reaching safepoint: 78705 ns, At safepoint: 9280 ns, Total: 87985 ns
[2020-02-26T08:52:33.546+0000][1][safepoint    ] Safepoint "Cleanup", Time since last: 1000602011 ns, Reaching safepoint: 93263 ns, At safepoint: 11317 ns, Total: 104580 ns
[2020-02-26T08:52:34.056+0000][1][safepoint    ] Safepoint "RevokeBias", Time since last: 509992573 ns, Reaching safepoint: 76157 ns, At safepoint: 19216 ns, Total: 95373 ns
[2020-02-26T08:52:35.056+0000][1][safepoint    ] Safepoint "Cleanup", Time since last: 1000618452 ns, Reaching safepoint: 73877 ns, At safepoint: 8171 ns, Total: 82048 ns
[2020-02-26T08:52:36.057+0000][1][safepoint    ] Safepoint "Cleanup", Time since last: 1000429556 ns, Reaching safepoint: 272868 ns, At safepoint: 16258 ns, Total: 289126 ns
[2020-02-26T08:52:36.583+0000][1][safepoint    ] Safepoint "RevokeBias", Time since last: 525904158 ns, Reaching safepoint: 63337 ns, At safepoint: 68619 ns, Total: 131956 ns
[2020-02-26T08:52:37.584+0000][1][safepoint    ] Safepoint "Cleanup", Time since last: 1000130863 ns, Reaching safepoint: 142652 ns, At safepoint: 28091 ns, Total: 170743 ns
[2020-02-26T08:52:38.585+0000][1][safepoint    ] Safepoint "Cleanup", Time since last: 1001082011 ns, Reaching safepoint: 96203 ns, At safepoint: 9048 ns, Total: 105251 ns
[2020-02-26T08:52:39.094+0000][1][safepoint    ] Safepoint "RevokeBias", Time since last: 508908130 ns, Reaching safepoint: 77283 ns, At safepoint: 20732 ns, Total: 98015 ns
[2020-02-26T08:52:40.094+0000][1][safepoint    ] Safepoint "Cleanup", Time since last: 1000369751 ns, Reaching safepoint: 77483 ns, At safepoint: 8072 ns, Total: 85555 ns
[2020-02-26T08:52:41.095+0000][1][safepoint    ] Safepoint "Cleanup", Time since last: 1000430989 ns, Reaching safepoint: 76384 ns, At safepoint: 9037 ns, Total: 85421 ns
[2020-02-26T08:52:41.598+0000][1][safepoint    ] Safepoint "RevokeBias", Time since last: 502904293 ns, Reaching safepoint: 76913 ns, At safepoint: 63206 ns, Total: 140119 ns
[2020-02-26T08:52:42.600+0000][1][safepoint    ] Safepoint "Cleanup", Time since last: 1001835209 ns, Reaching safepoint: 74556 ns, At safepoint: 8481 ns, Total: 83037 ns
[2020-02-26T08:52:43.600+0000][1][safepoint    ] Safepoint "Cleanup", Time since last: 1000525808 ns, Reaching safepoint: 77196 ns, At safepoint: 8445 ns, Total: 85641 ns
[2020-02-26T08:52:44.108+0000][1][safepoint    ] Safepoint "RevokeBias", Time since last: 507995716 ns, Reaching safepoint: 92845 ns, At safepoint: 20059 ns, Total: 112904 ns
[2020-02-26T08:52:45.109+0000][1][safepoint    ] Safepoint "Cleanup", Time since last: 1000514142 ns, Reaching safepoint: 106666 ns, At safepoint: 13667 ns, Total: 120333 ns
[2020-02-26T08:52:46.109+0000][1][safepoint    ] Safepoint "Cleanup", Time since last: 1000307277 ns, Reaching safepoint: 113932 ns, At safepoint: 8549 ns, Total: 122481 ns
[2020-02-26T08:52:46.612+0000][1][safepoint    ] Safepoint "RevokeBias", Time since last: 502070259 ns, Reaching safepoint: 92642 ns, At safepoint: 26569 ns, Total: 119211 ns
[2020-02-26T08:52:47.617+0000][1][safepoint    ] Safepoint "Cleanup", Time since last: 1005447913 ns, Reaching safepoint: 76734 ns, At safepoint: 8891 ns, Total: 85625 ns
[2020-02-26T08:52:48.618+0000][1][safepoint    ] Safepoint "Cleanup", Time since last: 1000507021 ns, Reaching safepoint: 148717 ns, At safepoint: 9313 ns, Total: 158030 ns
[2020-02-26T08:52:49.119+0000][1][safepoint    ] Safepoint "RevokeBias", Time since last: 501132321 ns, Reaching safepoint: 206374 ns, At safepoint: 35761 ns, Total: 242135 ns
[2020-02-26T08:52:50.120+0000][1][safepoint    ] Safepoint "Cleanup", Time since last: 1000272095 ns, Reaching safepoint: 80412 ns, At safepoint: 9328 ns, Total: 89740 ns
[2020-02-26T08:52:51.120+0000][1][safepoint    ] Safepoint "Cleanup", Time since last: 1000233234 ns, Reaching safepoint: 153632 ns, At safepoint: 34004 ns, Total: 187636 ns
[2020-02-26T08:52:51.626+0000][1][safepoint    ] Safepoint "RevokeBias", Time since last: 505639876 ns, Reaching safepoint: 86809 ns, At safepoint: 19942 ns, Total: 106751 ns
[2020-02-26T08:52:52.628+0000][1][safepoint    ] Safepoint "Cleanup", Time since last: 1002433956 ns, Reaching safepoint: 76046 ns, At safepoint: 8416 ns, Total: 84462 ns
[2020-02-26T08:52:53.638+0000][1][safepoint    ] Safepoint "Cleanup", Time since last: 1009965955 ns, Reaching safepoint: 76886 ns, At safepoint: 9414 ns, Total: 86300 ns
[2020-02-26T08:52:54.132+0000][1][safepoint    ] Safepoint "BulkRevokeBias", Time since last: 493489413 ns, Reaching safepoint: 122218 ns, At safepoint: 448819 ns, Total: 571037 ns
[2020-02-26T08:52:55.133+0000][1][safepoint    ] Safepoint "Cleanup", Time since last: 1000698927 ns, Reaching safepoint: 80757 ns, At safepoint: 8914 ns, Total: 89671 ns
[2020-02-26T08:52:56.134+0000][1][safepoint    ] Safepoint "Cleanup", Time since last: 1000523294 ns, Reaching safepoint: 146871 ns, At safepoint: 11220 ns, Total: 158091 ns
[2020-02-26T08:52:56.637+0000][1][safepoint    ] Safepoint "RevokeBias", Time since last: 503517960 ns, Reaching safepoint: 124378 ns, At safepoint: 23422 ns, Total: 147800 ns
[2020-02-26T08:52:57.638+0000][1][safepoint    ] Safepoint "Cleanup", Time since last: 1000622185 ns, Reaching safepoint: 133121 ns, At safepoint: 14621 ns, Total: 147742 ns
[2020-02-26T08:52:58.639+0000][1][safepoint    ] Safepoint "Cleanup", Time since last: 1000861583 ns, Reaching safepoint: 92159 ns, At safepoint: 10349 ns, Total: 102508 ns
[2020-02-26T08:52:59.144+0000][1][safepoint    ] Safepoint "RevokeBias", Time since last: 504606633 ns, Reaching safepoint: 120366 ns, At safepoint: 115084 ns, Total: 235450 ns
[2020-02-26T08:53:00.151+0000][1][safepoint    ] Safepoint "Cleanup", Time since last: 1006465917 ns, Reaching safepoint: 99424 ns, At safepoint: 9259 ns, Total: 108683 ns
[2020-02-26T08:53:01.151+0000][1][safepoint    ] Safepoint "Cleanup", Time since last: 1000802854 ns, Reaching safepoint: 79153 ns, At safepoint: 9054 ns, Total: 88207 ns
[2020-02-26T08:53:01.649+0000][1][safepoint    ] Safepoint "RevokeBias", Time since last: 497800634 ns, Reaching safepoint: 144817 ns, At safepoint: 23507 ns, Total: 168324 ns
[2020-02-26T08:53:02.650+0000][1][safepoint    ] Safepoint "Cleanup", Time since last: 1000741466 ns, Reaching safepoint: 77024 ns, At safepoint: 9027 ns, Total: 86051 ns
[2020-02-26T08:53:03.651+0000][1][safepoint    ] Safepoint "Cleanup", Time since last: 1000858799 ns, Reaching safepoint: 93824 ns, At safepoint: 9531 ns, Total: 103355 ns
[2020-02-26T08:53:04.157+0000][1][safepoint    ] Safepoint "RevokeBias", Time since last: 505286172 ns, Reaching safepoint: 184238 ns, At safepoint: 22688 ns, Total: 206926 ns
[2020-02-26T08:53:05.157+0000][1][safepoint    ] Safepoint "Cleanup", Time since last: 1000216873 ns, Reaching safepoint: 94183 ns, At safepoint: 8646 ns, Total: 102829 ns
[2020-02-26T08:53:06.158+0000][1][safepoint    ] Safepoint "Cleanup", Time since last: 1000362664 ns, Reaching safepoint: 97847 ns, At safepoint: 10028 ns, Total: 107875 ns
[2020-02-26T08:53:06.661+0000][1][safepoint    ] Safepoint "RevokeBias", Time since last: 503671939 ns, Reaching safepoint: 81843 ns, At safepoint: 22472 ns, Total: 104315 ns
[2020-02-26T08:53:07.662+0000][1][safepoint    ] Safepoint "Cleanup", Time since last: 1000269620 ns, Reaching safepoint: 79318 ns, At safepoint: 9469 ns, Total: 88787 ns
[2020-02-26T08:53:08.663+0000][1][safepoint    ] Safepoint "Cleanup", Time since last: 1000931500 ns, Reaching safepoint: 121467 ns, At safepoint: 14269 ns, Total: 135736 ns
[2020-02-26T08:53:09.169+0000][1][safepoint    ] Safepoint "RevokeBias", Time since last: 505927967 ns, Reaching safepoint: 75864 ns, At safepoint: 19700 ns, Total: 95564 ns
[2020-02-26T08:53:10.169+0000][1][safepoint    ] Safepoint "Cleanup", Time since last: 1000453735 ns, Reaching safepoint: 78752 ns, At safepoint: 9346 ns, Total: 88098 ns
[2020-02-26T08:53:11.175+0000][1][safepoint    ] Safepoint "Cleanup", Time since last: 1005195384 ns, Reaching safepoint: 110745 ns, At safepoint: 11334 ns, Total: 122079 ns
[2020-02-26T08:53:11.672+0000][1][gc,start     ] GC(39) Pause Young (Allocation Failure)
[2020-02-26T08:53:11.672+0000][1][gc,task      ] GC(39) Using 1 workers of 1 for evacuation
[2020-02-26T08:53:11.684+0000][1][gc,age       ] GC(39) Desired survivor size 4358144 bytes, new threshold 6 (max threshold 6)
[2020-02-26T08:53:11.684+0000][1][gc,age       ] GC(39) Age table with threshold 6 (max threshold 6)
[2020-02-26T08:53:11.684+0000][1][gc,age       ] GC(39) - age   1:      12272 bytes,      12272 total
[2020-02-26T08:53:11.684+0000][1][gc,age       ] GC(39) - age   2:       4440 bytes,      16712 total
[2020-02-26T08:53:11.684+0000][1][gc,age       ] GC(39) - age   3:       2568 bytes,      19280 total
[2020-02-26T08:53:11.684+0000][1][gc,age       ] GC(39) - age   4:       2640 bytes,      21920 total
[2020-02-26T08:53:11.684+0000][1][gc,age       ] GC(39) - age   5:       1064 bytes,      22984 total
[2020-02-26T08:53:11.684+0000][1][gc,age       ] GC(39) - age   6:       3128 bytes,      26112 total
[2020-02-26T08:53:11.684+0000][1][gc,heap      ] GC(39) ParNew: 68245K->27K(76672K)
[2020-02-26T08:53:11.684+0000][1][gc,heap      ] GC(39) CMS: 62587K->62588K(963392K)
[2020-02-26T08:53:11.684+0000][1][gc,metaspace ] GC(39) Metaspace: 79152K->79152K(1122304K)
[2020-02-26T08:53:11.684+0000][1][gc           ] GC(39) Pause Young (Allocation Failure) 127M->61M(1015M) 12.259ms
[2020-02-26T08:53:11.684+0000][1][gc,cpu       ] GC(39) User=0.01s Sys=0.00s Real=0.01s
[2020-02-26T08:53:11.684+0000][1][safepoint    ] Safepoint "GenCollectForAllocation", Time since last: 496904085 ns, Reaching safepoint: 74270 ns, At safepoint: 12717516 ns, Total: 12791786 ns
[2020-02-26T08:53:11.686+0000][1][safepoint    ] Safepoint "RevokeBias", Time since last: 1739852 ns, Reaching safepoint: 78127 ns, At safepoint: 19788 ns, Total: 97915 ns
[2020-02-26T08:53:12.687+0000][1][safepoint    ] Safepoint "Cleanup", Time since last: 1000565589 ns, Reaching safepoint: 173745 ns, At safepoint: 27579 ns, Total: 201324 ns
[2020-02-26T08:53:13.688+0000][1][safepoint    ] Safepoint "Cleanup", Time since last: 1000518508 ns, Reaching safepoint: 111137 ns, At safepoint: 8057 ns, Total: 119194 ns
[2020-02-26T08:53:14.194+0000][1][safepoint    ] Safepoint "RevokeBias", Time since last: 506569540 ns, Reaching safepoint: 75104 ns, At safepoint: 19047 ns, Total: 94151 ns
[2020-02-26T08:53:15.195+0000][1][safepoint    ] Safepoint "Cleanup", Time since last: 1000266487 ns, Reaching safepoint: 71656 ns, At safepoint: 8124 ns, Total: 79780 ns
[2020-02-26T08:53:16.196+0000][1][safepoint    ] Safepoint "Cleanup", Time since last: 1000936160 ns, Reaching safepoint: 58588 ns, At safepoint: 7297 ns, Total: 65885 ns
[2020-02-26T08:53:16.701+0000][1][safepoint    ] Safepoint "RevokeBias", Time since last: 504938018 ns, Reaching safepoint: 182162 ns, At safepoint: 28600 ns, Total: 210762 ns
[2020-02-26T08:53:17.701+0000][1][safepoint    ] Safepoint "Cleanup", Time since last: 1000503418 ns, Reaching safepoint: 75552 ns, At safepoint: 7812 ns, Total: 83364 ns
[2020-02-26T08:53:18.702+0000][1][safepoint    ] Safepoint "Cleanup", Time since last: 1000314325 ns, Reaching safepoint: 86507 ns, At safepoint: 9685 ns, Total: 96192 ns
[2020-02-26T08:53:19.207+0000][1][safepoint    ] Safepoint "RevokeBias", Time since last: 504770558 ns, Reaching safepoint: 90297 ns, At safepoint: 26055 ns, Total: 116352 ns
[2020-02-26T08:53:20.207+0000][1][safepoint    ] Safepoint "Cleanup", Time since last: 1000353524 ns, Reaching safepoint: 88968 ns, At safepoint: 10231 ns, Total: 99199 ns
[2020-02-26T08:53:21.210+0000][1][safepoint    ] Safepoint "Cleanup", Time since last: 1002781971 ns, Reaching safepoint: 74607 ns, At safepoint: 8594 ns, Total: 83201 ns
[2020-02-26T08:53:21.719+0000][1][safepoint    ] Safepoint "RevokeBias", Time since last: 509329922 ns, Reaching safepoint: 75190 ns, At safepoint: 19587 ns, Total: 94777 ns
[2020-02-26T08:53:22.720+0000][1][safepoint    ] Safepoint "Cleanup", Time since last: 1000314722 ns, Reaching safepoint: 77831 ns, At safepoint: 9616 ns, Total: 87447 ns
[2020-02-26T08:53:23.720+0000][1][safepoint    ] Safepoint "Cleanup", Time since last: 1000180477 ns, Reaching safepoint: 84681 ns, At safepoint: 9799 ns, Total: 94480 ns
[2020-02-26T08:53:24.228+0000][1][safepoint    ] Safepoint "RevokeBias", Time since last: 508067618 ns, Reaching safepoint: 81869 ns, At safepoint: 20893 ns, Total: 102762 ns
[2020-02-26T08:53:25.229+0000][1][safepoint    ] Safepoint "Cleanup", Time since last: 1000856254 ns, Reaching safepoint: 80065 ns, At safepoint: 32132 ns, Total: 112197 ns
[2020-02-26T08:53:26.230+0000][1][safepoint    ] Safepoint "Cleanup", Time since last: 1000243712 ns, Reaching safepoint: 111310 ns, At safepoint: 8321 ns, Total: 119631 ns
[2020-02-26T08:53:26.739+0000][1][safepoint    ] Safepoint "RevokeBias", Time since last: 509263218 ns, Reaching safepoint: 74811 ns, At safepoint: 20112 ns, Total: 94923 ns
[2020-02-26T08:53:27.739+0000][1][safepoint    ] Safepoint "Cleanup", Time since last: 1000337883 ns, Reaching safepoint: 87221 ns, At safepoint: 10734 ns, Total: 97955 ns
[2020-02-26T08:53:28.740+0000][1][safepoint    ] Safepoint "Cleanup", Time since last: 1000656696 ns, Reaching safepoint: 86772 ns, At safepoint: 10305 ns, Total: 97077 ns
[2020-02-26T08:53:29.250+0000][1][safepoint    ] Safepoint "RevokeBias", Time since last: 509750586 ns, Reaching safepoint: 55838 ns, At safepoint: 18018 ns, Total: 73856 ns
[2020-02-26T08:53:30.251+0000][1][safepoint    ] Safepoint "Cleanup", Time since last: 1000746644 ns, Reaching safepoint: 78417 ns, At safepoint: 9196 ns, Total: 87613 ns
[2020-02-26T08:53:31.252+0000][1][safepoint    ] Safepoint "Cleanup", Time since last: 1000699204 ns, Reaching safepoint: 78309 ns, At safepoint: 9312 ns, Total: 87621 ns
[2020-02-26T08:53:31.755+0000][1][safepoint    ] Safepoint "RevokeBias", Time since last: 503797001 ns, Reaching safepoint: 76679 ns, At safepoint: 19362 ns, Total: 96041 ns
[2020-02-26T08:53:32.761+0000][1][safepoint    ] Safepoint "Cleanup", Time since last: 1004877175 ns, Reaching safepoint: 239967 ns, At safepoint: 26745 ns, Total: 266712 ns
[2020-02-26T08:53:33.762+0000][1][safepoint    ] Safepoint "Cleanup", Time since last: 1001013198 ns, Reaching safepoint: 79108 ns, At safepoint: 9550 ns, Total: 88658 ns
[2020-02-26T08:53:34.262+0000][1][safepoint    ] Safepoint "RevokeBias", Time since last: 500362445 ns, Reaching safepoint: 56142 ns, At safepoint: 18590 ns, Total: 74732 ns
[2020-02-26T08:53:35.262+0000][1][safepoint    ] Safepoint "Cleanup", Time since last: 1000131844 ns, Reaching safepoint: 77903 ns, At safepoint: 10289 ns, Total: 88192 ns
[2020-02-26T08:53:36.263+0000][1][safepoint    ] Safepoint "Cleanup", Time since last: 1000356932 ns, Reaching safepoint: 132659 ns, At safepoint: 13677 ns, Total: 146336 ns
[2020-02-26T08:53:36.769+0000][1][safepoint    ] Safepoint "RevokeBias", Time since last: 506107601 ns, Reaching safepoint: 75403 ns, At safepoint: 19335 ns, Total: 94738 ns
[2020-02-26T08:53:37.770+0000][1][safepoint    ] Safepoint "Cleanup", Time since last: 1001127664 ns, Reaching safepoint: 77146 ns, At safepoint: 8638 ns, Total: 85784 ns
[2020-02-26T08:53:38.771+0000][1][safepoint    ] Safepoint "Cleanup", Time since last: 1000371314 ns, Reaching safepoint: 79119 ns, At safepoint: 9278 ns, Total: 88397 ns
[2020-02-26T08:53:39.276+0000][1][safepoint    ] Safepoint "RevokeBias", Time since last: 505700144 ns, Reaching safepoint: 74227 ns, At safepoint: 20023 ns, Total: 94250 ns
[2020-02-26T08:53:40.277+0000][1][safepoint    ] Safepoint "Cleanup", Time since last: 1000260878 ns, Reaching safepoint: 117060 ns, At safepoint: 11762 ns, Total: 128822 ns
[2020-02-26T08:53:41.278+0000][1][safepoint    ] Safepoint "Cleanup", Time since last: 1000698019 ns, Reaching safepoint: 77294 ns, At safepoint: 9064 ns, Total: 86358 ns
[2020-02-26T08:53:41.780+0000][1][safepoint    ] Safepoint "RevokeBias", Time since last: 502721304 ns, Reaching safepoint: 73664 ns, At safepoint: 19510 ns, Total: 93174 ns
[2020-02-26T08:53:42.783+0000][1][safepoint    ] Safepoint "Cleanup", Time since last: 1002528670 ns, Reaching safepoint: 76615 ns, At safepoint: 8143 ns, Total: 84758 ns
[2020-02-26T08:53:43.784+0000][1][safepoint    ] Safepoint "Cleanup", Time since last: 1000370842 ns, Reaching safepoint: 79554 ns, At safepoint: 9158 ns, Total: 88712 ns
[2020-02-26T08:53:44.288+0000][1][safepoint    ] Safepoint "RevokeBias", Time since last: 504323555 ns, Reaching safepoint: 72445 ns, At safepoint: 19418 ns, Total: 91863 ns
[2020-02-26T08:53:45.289+0000][1][safepoint    ] Safepoint "Cleanup", Time since last: 1000756449 ns, Reaching safepoint: 113517 ns, At safepoint: 13662 ns, Total: 127179 ns
[2020-02-26T08:53:46.289+0000][1][safepoint    ] Safepoint "Cleanup", Time since last: 1000298232 ns, Reaching safepoint: 102203 ns, At safepoint: 8638 ns, Total: 110841 ns
[2020-02-26T08:53:46.792+0000][1][safepoint    ] Safepoint "RevokeBias", Time since last: 502293708 ns, Reaching safepoint: 105336 ns, At safepoint: 27813 ns, Total: 133149 ns
[2020-02-26T08:53:47.792+0000][1][safepoint    ] Safepoint "Cleanup", Time since last: 1000155770 ns, Reaching safepoint: 158385 ns, At safepoint: 9100 ns, Total: 167485 ns
[2020-02-26T08:53:48.797+0000][1][safepoint    ] Safepoint "Cleanup", Time since last: 1004414862 ns, Reaching safepoint: 94787 ns, At safepoint: 8713 ns, Total: 103500 ns
[2020-02-26T08:53:49.297+0000][1][safepoint    ] Safepoint "RevokeBias", Time since last: 500747742 ns, Reaching safepoint: 72334 ns, At safepoint: 19298 ns, Total: 91632 ns
[2020-02-26T08:53:50.298+0000][1][safepoint    ] Safepoint "Cleanup", Time since last: 1000352518 ns, Reaching safepoint: 76915 ns, At safepoint: 9030 ns, Total: 85945 ns
[2020-02-26T08:53:51.298+0000][1][safepoint    ] Safepoint "Cleanup", Time since last: 1000443003 ns, Reaching safepoint: 103515 ns, At safepoint: 9592 ns, Total: 113107 ns
[2020-02-26T08:53:51.803+0000][1][safepoint    ] Safepoint "RevokeBias", Time since last: 504059756 ns, Reaching safepoint: 79399 ns, At safepoint: 21528 ns, Total: 100927 ns
[2020-02-26T08:53:52.803+0000][1][safepoint    ] Safepoint "Cleanup", Time since last: 1000244204 ns, Reaching safepoint: 78110 ns, At safepoint: 8461 ns, Total: 86571 ns
[2020-02-26T08:53:53.809+0000][1][safepoint    ] Safepoint "Cleanup", Time since last: 1005711198 ns, Reaching safepoint: 62920 ns, At safepoint: 39496 ns, Total: 102416 ns
[2020-02-26T08:53:54.318+0000][1][safepoint    ] Safepoint "RevokeBias", Time since last: 509510452 ns, Reaching safepoint: 74070 ns, At safepoint: 18418 ns, Total: 92488 ns
[2020-02-26T08:53:55.319+0000][1][safepoint    ] Safepoint "Cleanup", Time since last: 1000458035 ns, Reaching safepoint: 77610 ns, At safepoint: 25387 ns, Total: 102997 ns
[2020-02-26T08:53:56.319+0000][1][safepoint    ] Safepoint "Cleanup", Time since last: 1000427364 ns, Reaching safepoint: 93382 ns, At safepoint: 9376 ns, Total: 102758 ns
[2020-02-26T08:53:56.832+0000][1][safepoint    ] Safepoint "RevokeBias", Time since last: 512223173 ns, Reaching safepoint: 73075 ns, At safepoint: 18978 ns, Total: 92053 ns
[2020-02-26T08:53:57.832+0000][1][safepoint    ] Safepoint "Cleanup", Time since last: 1000660790 ns, Reaching safepoint: 87836 ns, At safepoint: 9534 ns, Total: 97370 ns
[2020-02-26T08:53:58.837+0000][1][safepoint    ] Safepoint "Cleanup", Time since last: 1004579899 ns, Reaching safepoint: 112936 ns, At safepoint: 10815 ns, Total: 123751 ns
[2020-02-26T08:53:59.351+0000][1][safepoint    ] Safepoint "RevokeBias", Time since last: 513252723 ns, Reaching safepoint: 187222 ns, At safepoint: 21659 ns, Total: 208881 ns
[2020-02-26T08:54:00.351+0000][1][safepoint    ] Safepoint "Cleanup", Time since last: 1000407355 ns, Reaching safepoint: 78209 ns, At safepoint: 8477 ns, Total: 86686 ns
[2020-02-26T08:54:01.351+0000][1][safepoint    ] Safepoint "Cleanup", Time since last: 1000303665 ns, Reaching safepoint: 78528 ns, At safepoint: 8643 ns, Total: 87171 ns
[2020-02-26T08:54:01.866+0000][1][safepoint    ] Safepoint "RevokeBias", Time since last: 514104685 ns, Reaching safepoint: 98591 ns, At safepoint: 22666 ns, Total: 121257 ns
[2020-02-26T08:54:02.866+0000][1][safepoint    ] Safepoint "Cleanup", Time since last: 1000570320 ns, Reaching safepoint: 79971 ns, At safepoint: 8770 ns, Total: 88741 ns
[2020-02-26T08:54:03.867+0000][1][safepoint    ] Safepoint "Cleanup", Time since last: 1000234391 ns, Reaching safepoint: 84449 ns, At safepoint: 10967 ns, Total: 95416 ns
[2020-02-26T08:54:04.385+0000][1][safepoint    ] Safepoint "RevokeBias", Time since last: 518247834 ns, Reaching safepoint: 112305 ns, At safepoint: 171074 ns, Total: 283379 ns
[2020-02-26T08:54:05.386+0000][1][safepoint    ] Safepoint "Cleanup", Time since last: 1000290110 ns, Reaching safepoint: 99633 ns, At safepoint: 9637 ns, Total: 109270 ns
[2020-02-26T08:54:06.386+0000][1][safepoint    ] Safepoint "Cleanup", Time since last: 1000333118 ns, Reaching safepoint: 91626 ns, At safepoint: 9066 ns, Total: 100692 ns
[2020-02-26T08:54:06.895+0000][1][safepoint    ] Safepoint "BulkRevokeBias", Time since last: 508902252 ns, Reaching safepoint: 78497 ns, At safepoint: 263564 ns, Total: 342061 ns
[2020-02-26T08:54:07.896+0000][1][safepoint    ] Safepoint "Cleanup", Time since last: 1000363084 ns, Reaching safepoint: 78388 ns, At safepoint: 9266 ns, Total: 87654 ns
[2020-02-26T08:54:08.897+0000][1][safepoint    ] Safepoint "Cleanup", Time since last: 1000713674 ns, Reaching safepoint: 87801 ns, At safepoint: 10314 ns, Total: 98115 ns
[2020-02-26T08:54:09.402+0000][1][safepoint    ] Safepoint "RevokeBias", Time since last: 505611100 ns, Reaching safepoint: 77208 ns, At safepoint: 19632 ns, Total: 96840 ns
[2020-02-26T08:54:10.411+0000][1][safepoint    ] Safepoint "Cleanup", Time since last: 1008841708 ns, Reaching safepoint: 77230 ns, At safepoint: 8765 ns, Total: 85995 ns
[2020-02-26T08:54:11.412+0000][1][safepoint    ] Safepoint "Cleanup", Time since last: 1000330419 ns, Reaching safepoint: 97240 ns, At safepoint: 11021 ns, Total: 108261 ns
[2020-02-26T08:54:11.907+0000][1][safepoint    ] Safepoint "RevokeBias", Time since last: 495433151 ns, Reaching safepoint: 186267 ns, At safepoint: 112214 ns, Total: 298481 ns
[2020-02-26T08:54:12.908+0000][1][safepoint    ] Safepoint "Cleanup", Time since last: 1000614848 ns, Reaching safepoint: 81788 ns, At safepoint: 8390 ns, Total: 90178 ns
[2020-02-26T08:54:13.908+0000][1][safepoint    ] Safepoint "Cleanup", Time since last: 1000296238 ns, Reaching safepoint: 80794 ns, At safepoint: 11630 ns, Total: 92424 ns
[2020-02-26T08:54:14.414+0000][1][safepoint    ] Safepoint "RevokeBias", Time since last: 505673591 ns, Reaching safepoint: 82345 ns, At safepoint: 20487 ns, Total: 102832 ns
[2020-02-26T08:54:15.418+0000][1][safepoint    ] Safepoint "Cleanup", Time since last: 1003918674 ns, Reaching safepoint: 95531 ns, At safepoint: 9324 ns, Total: 104855 ns
[2020-02-26T08:54:16.419+0000][1][safepoint    ] Safepoint "Cleanup", Time since last: 1001018570 ns, Reaching safepoint: 178449 ns, At safepoint: 12292 ns, Total: 190741 ns
[2020-02-26T08:54:16.922+0000][1][safepoint    ] Safepoint "RevokeBias", Time since last: 501691956 ns, Reaching safepoint: 1241838 ns, At safepoint: 24677 ns, Total: 1266515 ns
[2020-02-26T08:54:17.923+0000][1][safepoint    ] Safepoint "Cleanup", Time since last: 1000482318 ns, Reaching safepoint: 76116 ns, At safepoint: 8018 ns, Total: 84134 ns
[2020-02-26T08:54:18.924+0000][1][safepoint    ] Safepoint "Cleanup", Time since last: 1000777366 ns, Reaching safepoint: 84980 ns, At safepoint: 9650 ns, Total: 94630 ns
[2020-02-26T08:54:19.426+0000][1][safepoint    ] Safepoint "RevokeBias", Time since last: 502332843 ns, Reaching safepoint: 75287 ns, At safepoint: 19318 ns, Total: 94605 ns
[2020-02-26T08:54:20.435+0000][1][safepoint    ] Safepoint "Cleanup", Time since last: 1008549999 ns, Reaching safepoint: 77896 ns, At safepoint: 8800 ns, Total: 86696 ns
[2020-02-26T08:54:21.436+0000][1][safepoint    ] Safepoint "Cleanup", Time since last: 1000545102 ns, Reaching safepoint: 74554 ns, At safepoint: 8889 ns, Total: 83443 ns
[2020-02-26T08:54:21.931+0000][1][safepoint    ] Safepoint "RevokeBias", Time since last: 495211770 ns, Reaching safepoint: 77368 ns, At safepoint: 20093 ns, Total: 97461 ns
[2020-02-26T08:54:22.931+0000][1][safepoint    ] Safepoint "Cleanup", Time since last: 1000509474 ns, Reaching safepoint: 79737 ns, At safepoint: 10020 ns, Total: 89757 ns
[2020-02-26T08:54:23.932+0000][1][safepoint    ] Safepoint "Cleanup", Time since last: 1000379480 ns, Reaching safepoint: 94368 ns, At safepoint: 10110 ns, Total: 104478 ns
[2020-02-26T08:54:24.438+0000][1][safepoint    ] Safepoint "RevokeBias", Time since last: 505481131 ns, Reaching safepoint: 78463 ns, At safepoint: 19638 ns, Total: 98101 ns
[2020-02-26T08:54:25.438+0000][1][safepoint    ] Safepoint "Cleanup", Time since last: 1000593268 ns, Reaching safepoint: 76987 ns, At safepoint: 8831 ns, Total: 85818 ns
[2020-02-26T08:54:26.440+0000][1][safepoint    ] Safepoint "Cleanup", Time since last: 1001295807 ns, Reaching safepoint: 96049 ns, At safepoint: 8930 ns, Total: 104979 ns
[2020-02-26T08:54:26.942+0000][1][safepoint    ] Safepoint "RevokeBias", Time since last: 501996497 ns, Reaching safepoint: 59161 ns, At safepoint: 19292 ns, Total: 78453 ns
[2020-02-26T08:54:27.942+0000][1][safepoint    ] Safepoint "Cleanup", Time since last: 1000541158 ns, Reaching safepoint: 99639 ns, At safepoint: 11931 ns, Total: 111570 ns
[2020-02-26T08:54:28.943+0000][1][safepoint    ] Safepoint "Cleanup", Time since last: 1000704676 ns, Reaching safepoint: 78881 ns, At safepoint: 9313 ns, Total: 88194 ns
[2020-02-26T08:54:29.450+0000][1][safepoint    ] Safepoint "RevokeBias", Time since last: 506328148 ns, Reaching safepoint: 89605 ns, At safepoint: 19509 ns, Total: 109114 ns
[2020-02-26T08:54:30.450+0000][1][safepoint    ] Safepoint "Cleanup", Time since last: 1000822143 ns, Reaching safepoint: 79611 ns, At safepoint: 8954 ns, Total: 88565 ns
[2020-02-26T08:54:31.455+0000][1][safepoint    ] Safepoint "Cleanup", Time since last: 1004797859 ns, Reaching safepoint: 182311 ns, At safepoint: 8643 ns, Total: 190954 ns
[2020-02-26T08:54:31.967+0000][1][safepoint    ] Safepoint "RevokeBias", Time since last: 511047693 ns, Reaching safepoint: 91604 ns, At safepoint: 22977 ns, Total: 114581 ns
[2020-02-26T08:54:32.967+0000][1][safepoint    ] Safepoint "Cleanup", Time since last: 1000590466 ns, Reaching safepoint: 131991 ns, At safepoint: 12009 ns, Total: 144000 ns
[2020-02-26T08:54:33.968+0000][1][safepoint    ] Safepoint "Cleanup", Time since last: 1000851977 ns, Reaching safepoint: 78068 ns, At safepoint: 9002 ns, Total: 87070 ns
[2020-02-26T08:54:34.483+0000][1][safepoint    ] Safepoint "RevokeBias", Time since last: 514396812 ns, Reaching safepoint: 76306 ns, At safepoint: 20658 ns, Total: 96964 ns
[2020-02-26T08:54:35.484+0000][1][safepoint    ] Safepoint "Cleanup", Time since last: 1000857160 ns, Reaching safepoint: 132104 ns, At safepoint: 13238 ns, Total: 145342 ns
[2020-02-26T08:54:36.484+0000][1][safepoint    ] Safepoint "Cleanup", Time since last: 1000367882 ns, Reaching safepoint: 80384 ns, At safepoint: 8953 ns, Total: 89337 ns
[2020-02-26T08:54:37.005+0000][1][safepoint    ] Safepoint "RevokeBias", Time since last: 520477866 ns, Reaching safepoint: 73261 ns, At safepoint: 20195 ns, Total: 93456 ns
[2020-02-26T08:54:38.005+0000][1][safepoint    ] Safepoint "Cleanup", Time since last: 1000160277 ns, Reaching safepoint: 82518 ns, At safepoint: 9958 ns, Total: 92476 ns
[2020-02-26T08:54:39.006+0000][1][safepoint    ] Safepoint "Cleanup", Time since last: 1000424388 ns, Reaching safepoint: 175426 ns, At safepoint: 12376 ns, Total: 187802 ns
[2020-02-26T08:54:39.520+0000][1][safepoint    ] Safepoint "RevokeBias", Time since last: 514173152 ns, Reaching safepoint: 74730 ns, At safepoint: 20195 ns, Total: 94925 ns
[2020-02-26T08:54:40.521+0000][1][safepoint    ] Safepoint "Cleanup", Time since last: 1000638650 ns, Reaching safepoint: 113446 ns, At safepoint: 11516 ns, Total: 124962 ns
[2020-02-26T08:54:41.522+0000][1][safepoint    ] Safepoint "Cleanup", Time since last: 1000812505 ns, Reaching safepoint: 100214 ns, At safepoint: 9978 ns, Total: 110192 ns
[2020-02-26T08:54:42.033+0000][1][safepoint    ] Safepoint "RevokeBias", Time since last: 511161502 ns, Reaching safepoint: 73117 ns, At safepoint: 21006 ns, Total: 94123 ns
[2020-02-26T08:54:43.033+0000][1][safepoint    ] Safepoint "Cleanup", Time since last: 1000178391 ns, Reaching safepoint: 77202 ns, At safepoint: 8349 ns, Total: 85551 ns
[2020-02-26T08:54:44.034+0000][1][safepoint    ] Safepoint "Cleanup", Time since last: 1000403862 ns, Reaching safepoint: 117185 ns, At safepoint: 13441 ns, Total: 130626 ns
[2020-02-26T08:54:44.545+0000][1][safepoint    ] Safepoint "RevokeBias", Time since last: 511037600 ns, Reaching safepoint: 74093 ns, At safepoint: 20161 ns, Total: 94254 ns
[2020-02-26T08:54:45.546+0000][1][safepoint    ] Safepoint "Cleanup", Time since last: 1000922273 ns, Reaching safepoint: 92531 ns, At safepoint: 9257 ns, Total: 101788 ns
[2020-02-26T08:54:46.546+0000][1][safepoint    ] Safepoint "Cleanup", Time since last: 1000290027 ns, Reaching safepoint: 77110 ns, At safepoint: 8960 ns, Total: 86070 ns
[2020-02-26T08:54:47.050+0000][1][safepoint    ] Safepoint "RevokeBias", Time since last: 503271706 ns, Reaching safepoint: 174906 ns, At safepoint: 33987 ns, Total: 208893 ns
[2020-02-26T08:54:48.050+0000][1][safepoint    ] Safepoint "Cleanup", Time since last: 1000320819 ns, Reaching safepoint: 73845 ns, At safepoint: 8129 ns, Total: 81974 ns
[2020-02-26T08:54:49.052+0000][1][safepoint    ] Safepoint "Cleanup", Time since last: 1001432398 ns, Reaching safepoint: 69193 ns, At safepoint: 13335 ns, Total: 82528 ns
[2020-02-26T08:54:49.557+0000][1][safepoint    ] Safepoint "RevokeBias", Time since last: 504909169 ns, Reaching safepoint: 171255 ns, At safepoint: 25142 ns, Total: 196397 ns
[2020-02-26T08:54:50.557+0000][1][safepoint    ] Safepoint "Cleanup", Time since last: 1000505072 ns, Reaching safepoint: 61569 ns, At safepoint: 6742 ns, Total: 68311 ns
[2020-02-26T08:54:51.558+0000][1][safepoint    ] Safepoint "Cleanup", Time since last: 1000287612 ns, Reaching safepoint: 77163 ns, At safepoint: 8986 ns, Total: 86149 ns
[2020-02-26T08:54:52.062+0000][1][safepoint    ] Safepoint "RevokeBias", Time since last: 503932144 ns, Reaching safepoint: 75236 ns, At safepoint: 19968 ns, Total: 95204 ns
[2020-02-26T08:54:53.063+0000][1][safepoint    ] Safepoint "Cleanup", Time since last: 1000928588 ns, Reaching safepoint: 76133 ns, At safepoint: 8289 ns, Total: 84422 ns
[2020-02-26T08:54:54.064+0000][1][safepoint    ] Safepoint "Cleanup", Time since last: 1000687818 ns, Reaching safepoint: 82526 ns, At safepoint: 9399 ns, Total: 91925 ns
[2020-02-26T08:54:54.568+0000][1][safepoint    ] Safepoint "RevokeBias", Time since last: 504708037 ns, Reaching safepoint: 73703 ns, At safepoint: 18820 ns, Total: 92523 ns
[2020-02-26T08:54:55.569+0000][1][safepoint    ] Safepoint "Cleanup", Time since last: 1000696047 ns, Reaching safepoint: 78820 ns, At safepoint: 9051 ns, Total: 87871 ns
[2020-02-26T08:54:56.570+0000][1][safepoint    ] Safepoint "Cleanup", Time since last: 1000813564 ns, Reaching safepoint: 89043 ns, At safepoint: 8386 ns, Total: 97429 ns
[2020-02-26T08:54:57.072+0000][1][safepoint    ] Safepoint "RevokeBias", Time since last: 502209282 ns, Reaching safepoint: 75197 ns, At safepoint: 19455 ns, Total: 94652 ns
[2020-02-26T08:54:58.075+0000][1][safepoint    ] Safepoint "Cleanup", Time since last: 1002377381 ns, Reaching safepoint: 76890 ns, At safepoint: 8632 ns, Total: 85522 ns
[2020-02-26T08:54:59.075+0000][1][safepoint    ] Safepoint "Cleanup", Time since last: 1000264062 ns, Reaching safepoint: 95345 ns, At safepoint: 8579 ns, Total: 103924 ns
[2020-02-26T08:54:59.579+0000][1][safepoint    ] Safepoint "RevokeBias", Time since last: 503722336 ns, Reaching safepoint: 181340 ns, At safepoint: 22160 ns, Total: 203500 ns
[2020-02-26T08:55:00.580+0000][1][safepoint    ] Safepoint "Cleanup", Time since last: 1000413933 ns, Reaching safepoint: 81410 ns, At safepoint: 9805 ns, Total: 91215 ns
[2020-02-26T08:55:01.580+0000][1][safepoint    ] Safepoint "Cleanup", Time since last: 1000183423 ns, Reaching safepoint: 93161 ns, At safepoint: 8941 ns, Total: 102102 ns
[2020-02-26T08:55:02.090+0000][1][safepoint    ] Safepoint "RevokeBias", Time since last: 510234428 ns, Reaching safepoint: 73387 ns, At safepoint: 18571 ns, Total: 91958 ns
[2020-02-26T08:55:03.091+0000][1][safepoint    ] Safepoint "Cleanup", Time since last: 1000483990 ns, Reaching safepoint: 78501 ns, At safepoint: 9176 ns, Total: 87677 ns
[2020-02-26T08:55:04.098+0000][1][safepoint    ] Safepoint "Cleanup", Time since last: 1007438026 ns, Reaching safepoint: 116444 ns, At safepoint: 8426 ns, Total: 124870 ns
[2020-02-26T08:55:04.599+0000][1][safepoint    ] Safepoint "RevokeBias", Time since last: 500858321 ns, Reaching safepoint: 85414 ns, At safepoint: 21497 ns, Total: 106911 ns
[2020-02-26T08:55:05.600+0000][1][safepoint    ] Safepoint "Cleanup", Time since last: 1000733165 ns, Reaching safepoint: 78563 ns, At safepoint: 9006 ns, Total: 87569 ns
[2020-02-26T08:55:06.601+0000][1][safepoint    ] Safepoint "Cleanup", Time since last: 1000349497 ns, Reaching safepoint: 76444 ns, At safepoint: 9281 ns, Total: 85725 ns
[2020-02-26T08:55:07.103+0000][1][safepoint    ] Safepoint "RevokeBias", Time since last: 501966195 ns, Reaching safepoint: 73968 ns, At safepoint: 18950 ns, Total: 92918 ns
[2020-02-26T08:55:08.104+0000][1][safepoint    ] Safepoint "Cleanup", Time since last: 1000738978 ns, Reaching safepoint: 173900 ns, At safepoint: 8967 ns, Total: 182867 ns
[2020-02-26T08:55:09.108+0000][1][safepoint    ] Safepoint "Cleanup", Time since last: 1003891582 ns, Reaching safepoint: 79216 ns, At safepoint: 9639 ns, Total: 88855 ns
[2020-02-26T08:55:09.621+0000][1][safepoint    ] Safepoint "RevokeBias", Time since last: 513336820 ns, Reaching safepoint: 73571 ns, At safepoint: 20299 ns, Total: 93870 ns
[2020-02-26T08:55:10.621+0000][1][safepoint    ] Safepoint "Cleanup", Time since last: 1000403161 ns, Reaching safepoint: 75702 ns, At safepoint: 8579 ns, Total: 84281 ns
[2020-02-26T08:55:11.622+0000][1][safepoint    ] Safepoint "Cleanup", Time since last: 1000183923 ns, Reaching safepoint: 95368 ns, At safepoint: 9896 ns, Total: 105264 ns
[2020-02-26T08:55:12.131+0000][1][safepoint    ] Safepoint "RevokeBias", Time since last: 508597194 ns, Reaching safepoint: 156261 ns, At safepoint: 39585 ns, Total: 195846 ns
[2020-02-26T08:55:13.131+0000][1][safepoint    ] Safepoint "Cleanup", Time since last: 1000463745 ns, Reaching safepoint: 79750 ns, At safepoint: 9708 ns, Total: 89458 ns
[2020-02-26T08:55:14.132+0000][1][safepoint    ] Safepoint "Cleanup", Time since last: 1000499776 ns, Reaching safepoint: 77344 ns, At safepoint: 9391 ns, Total: 86735 ns
[2020-02-26T08:55:14.649+0000][1][safepoint    ] Safepoint "RevokeBias", Time since last: 517735535 ns, Reaching safepoint: 74720 ns, At safepoint: 20625 ns, Total: 95345 ns
[2020-02-26T08:55:15.650+0000][1][safepoint    ] Safepoint "Cleanup", Time since last: 1000773616 ns, Reaching safepoint: 79094 ns, At safepoint: 9749 ns, Total: 88843 ns
[2020-02-26T08:55:16.651+0000][1][safepoint    ] Safepoint "Cleanup", Time since last: 1000427562 ns, Reaching safepoint: 78591 ns, At safepoint: 8936 ns, Total: 87527 ns
[2020-02-26T08:55:17.169+0000][1][safepoint    ] Safepoint "RevokeBias", Time since last: 516618283 ns, Reaching safepoint: 1679857 ns, At safepoint: 41528 ns, Total: 1721385 ns
[2020-02-26T08:55:18.170+0000][1][safepoint    ] Safepoint "Cleanup", Time since last: 1000291301 ns, Reaching safepoint: 78815 ns, At safepoint: 8864 ns, Total: 87679 ns
[2020-02-26T08:55:19.170+0000][1][safepoint    ] Safepoint "Cleanup", Time since last: 1000239897 ns, Reaching safepoint: 115371 ns, At safepoint: 9682 ns, Total: 125053 ns
[2020-02-26T08:55:19.683+0000][1][safepoint    ] Safepoint "BulkRevokeBias", Time since last: 512423155 ns, Reaching safepoint: 81160 ns, At safepoint: 239771 ns, Total: 320931 ns
[2020-02-26T08:55:20.683+0000][1][safepoint    ] Safepoint "Cleanup", Time since last: 1000223077 ns, Reaching safepoint: 85527 ns, At safepoint: 9206 ns, Total: 94733 ns
[2020-02-26T08:55:21.683+0000][1][safepoint    ] Safepoint "Cleanup", Time since last: 1000379074 ns, Reaching safepoint: 82662 ns, At safepoint: 10676 ns, Total: 93338 ns
[2020-02-26T08:55:22.191+0000][1][safepoint    ] Safepoint "RevokeBias", Time since last: 507417265 ns, Reaching safepoint: 74213 ns, At safepoint: 20243 ns, Total: 94456 ns
[2020-02-26T08:55:23.191+0000][1][safepoint    ] Safepoint "Cleanup", Time since last: 1000166231 ns, Reaching safepoint: 62672 ns, At safepoint: 8964 ns, Total: 71636 ns
[2020-02-26T08:55:24.192+0000][1][safepoint    ] Safepoint "Cleanup", Time since last: 1001069172 ns, Reaching safepoint: 82269 ns, At safepoint: 10264 ns, Total: 92533 ns
[2020-02-26T08:55:24.701+0000][1][safepoint    ] Safepoint "RevokeBias", Time since last: 508042592 ns, Reaching safepoint: 189337 ns, At safepoint: 27026 ns, Total: 216363 ns
[2020-02-26T08:55:25.701+0000][1][safepoint    ] Safepoint "Cleanup", Time since last: 1000498512 ns, Reaching safepoint: 78354 ns, At safepoint: 7849 ns, Total: 86203 ns
[2020-02-26T08:55:26.702+0000][1][safepoint    ] Safepoint "Cleanup", Time since last: 1000192577 ns, Reaching safepoint: 81003 ns, At safepoint: 9122 ns, Total: 90125 ns
[2020-02-26T08:55:27.205+0000][1][safepoint    ] Safepoint "RevokeBias", Time since last: 503721827 ns, Reaching safepoint: 113714 ns, At safepoint: 22350 ns, Total: 136064 ns
[2020-02-26T08:55:28.206+0000][1][safepoint    ] Safepoint "Cleanup", Time since last: 1000319955 ns, Reaching safepoint: 76966 ns, At safepoint: 10031 ns, Total: 86997 ns
[2020-02-26T08:55:29.207+0000][1][safepoint    ] Safepoint "Cleanup", Time since last: 1000720115 ns, Reaching safepoint: 110453 ns, At safepoint: 8644 ns, Total: 119097 ns
[2020-02-26T08:55:29.712+0000][1][safepoint    ] Safepoint "RevokeBias", Time since last: 505762484 ns, Reaching safepoint: 74228 ns, At safepoint: 19618 ns, Total: 93846 ns
[2020-02-26T08:55:30.718+0000][1][safepoint    ] Safepoint "Cleanup", Time since last: 1005099664 ns, Reaching safepoint: 79145 ns, At safepoint: 8439 ns, Total: 87584 ns
[2020-02-26T08:55:31.499+0000][1][gc,start     ] GC(40) Pause Young (Allocation Failure)
[2020-02-26T08:55:31.499+0000][1][gc,task      ] GC(40) Using 1 workers of 1 for evacuation
[2020-02-26T08:55:31.511+0000][1][gc,age       ] GC(40) Desired survivor size 4358144 bytes, new threshold 6 (max threshold 6)
[2020-02-26T08:55:31.511+0000][1][gc,age       ] GC(40) Age table with threshold 6 (max threshold 6)
[2020-02-26T08:55:31.511+0000][1][gc,age       ] GC(40) - age   1:      13520 bytes,      13520 total
[2020-02-26T08:55:31.511+0000][1][gc,age       ] GC(40) - age   2:       1584 bytes,      15104 total
[2020-02-26T08:55:31.511+0000][1][gc,age       ] GC(40) - age   3:       4440 bytes,      19544 total
[2020-02-26T08:55:31.511+0000][1][gc,age       ] GC(40) - age   4:       2568 bytes,      22112 total
[2020-02-26T08:55:31.511+0000][1][gc,age       ] GC(40) - age   5:       2640 bytes,      24752 total
[2020-02-26T08:55:31.511+0000][1][gc,age       ] GC(40) - age   6:       1064 bytes,      25816 total
[2020-02-26T08:55:31.511+0000][1][gc,heap      ] GC(40) ParNew: 68187K->26K(76672K)
[2020-02-26T08:55:31.511+0000][1][gc,heap      ] GC(40) CMS: 62588K->62592K(963392K)
[2020-02-26T08:55:31.511+0000][1][gc,metaspace ] GC(40) Metaspace: 79200K->79200K(1122304K)
[2020-02-26T08:55:31.511+0000][1][gc           ] GC(40) Pause Young (Allocation Failure) 127M->61M(1015M) 11.737ms
[2020-02-26T08:55:31.511+0000][1][gc,cpu       ] GC(40) User=0.01s Sys=0.00s Real=0.01s
[2020-02-26T08:55:31.511+0000][1][safepoint    ] Safepoint "GenCollectForAllocation", Time since last: 781205002 ns, Reaching safepoint: 74032 ns, At safepoint: 11792980 ns, Total: 11867012 ns
[2020-02-26T08:55:32.220+0000][1][safepoint    ] Safepoint "RevokeBias", Time since last: 708704700 ns, Reaching safepoint: 137084 ns, At safepoint: 21648 ns, Total: 158732 ns
[2020-02-26T08:55:33.220+0000][1][safepoint    ] Safepoint "Cleanup", Time since last: 1000412207 ns, Reaching safepoint: 74410 ns, At safepoint: 19027 ns, Total: 93437 ns
[2020-02-26T08:55:34.238+0000][1][safepoint    ] Safepoint "Cleanup", Time since last: 1017776455 ns, Reaching safepoint: 111400 ns, At safepoint: 10706 ns, Total: 122106 ns
[2020-02-26T08:55:34.725+0000][1][safepoint    ] Safepoint "RevokeBias", Time since last: 486478105 ns, Reaching safepoint: 73635 ns, At safepoint: 19592 ns, Total: 93227 ns
[2020-02-26T08:55:35.735+0000][1][safepoint    ] Safepoint "Cleanup", Time since last: 1010499623 ns, Reaching safepoint: 113943 ns, At safepoint: 8751 ns, Total: 122694 ns
[2020-02-26T08:55:36.736+0000][1][safepoint    ] Safepoint "Cleanup", Time since last: 1000661469 ns, Reaching safepoint: 93350 ns, At safepoint: 8551 ns, Total: 101901 ns
[2020-02-26T08:55:37.230+0000][1][safepoint    ] Safepoint "RevokeBias", Time since last: 493703992 ns, Reaching safepoint: 79300 ns, At safepoint: 20460 ns, Total: 99760 ns
[2020-02-26T08:55:38.231+0000][1][safepoint    ] Safepoint "Cleanup", Time since last: 1000747270 ns, Reaching safepoint: 79234 ns, At safepoint: 9189 ns, Total: 88423 ns
[2020-02-26T08:55:39.231+0000][1][safepoint    ] Safepoint "Cleanup", Time since last: 1000229126 ns, Reaching safepoint: 130045 ns, At safepoint: 11631 ns, Total: 141676 ns
[2020-02-26T08:55:39.737+0000][1][safepoint    ] Safepoint "RevokeBias", Time since last: 505533360 ns, Reaching safepoint: 75237 ns, At safepoint: 19605 ns, Total: 94842 ns
[2020-02-26T08:55:40.737+0000][1][safepoint    ] Safepoint "Cleanup", Time since last: 1000197693 ns, Reaching safepoint: 74624 ns, At safepoint: 8918 ns, Total: 83542 ns
[2020-02-26T08:55:41.746+0000][1][safepoint    ] Safepoint "Cleanup", Time since last: 1008713544 ns, Reaching safepoint: 112682 ns, At safepoint: 9554 ns, Total: 122236 ns
[2020-02-26T08:55:42.242+0000][1][safepoint    ] Safepoint "RevokeBias", Time since last: 496359769 ns, Reaching safepoint: 117880 ns, At safepoint: 59311 ns, Total: 177191 ns
[2020-02-26T08:55:43.243+0000][1][safepoint    ] Safepoint "Cleanup", Time since last: 1000423010 ns, Reaching safepoint: 130318 ns, At safepoint: 11875 ns, Total: 142193 ns
[2020-02-26T08:55:44.246+0000][1][safepoint    ] Safepoint "Cleanup", Time since last: 1003442153 ns, Reaching safepoint: 80970 ns, At safepoint: 8756 ns, Total: 89726 ns
[2020-02-26T08:55:44.751+0000][1][safepoint    ] Safepoint "RevokeBias", Time since last: 504150160 ns, Reaching safepoint: 121994 ns, At safepoint: 31185 ns, Total: 153179 ns
[2020-02-26T08:55:45.752+0000][1][safepoint    ] Safepoint "Cleanup", Time since last: 1001235351 ns, Reaching safepoint: 93740 ns, At safepoint: 8994 ns, Total: 102734 ns
[2020-02-26T08:55:46.754+0000][1][safepoint    ] Safepoint "Cleanup", Time since last: 1002141016 ns, Reaching safepoint: 92438 ns, At safepoint: 9029 ns, Total: 101467 ns
[2020-02-26T08:55:47.259+0000][1][safepoint    ] Safepoint "RevokeBias", Time since last: 504844708 ns, Reaching safepoint: 106772 ns, At safepoint: 26404 ns, Total: 133176 ns
[2020-02-26T08:55:48.260+0000][1][safepoint    ] Safepoint "Cleanup", Time since last: 1000523276 ns, Reaching safepoint: 79285 ns, At safepoint: 9071 ns, Total: 88356 ns
[2020-02-26T08:55:49.260+0000][1][safepoint    ] Safepoint "Cleanup", Time since last: 1000203206 ns, Reaching safepoint: 79016 ns, At safepoint: 9344 ns, Total: 88360 ns
[2020-02-26T08:55:49.771+0000][1][safepoint    ] Safepoint "RevokeBias", Time since last: 510626735 ns, Reaching safepoint: 60391 ns, At safepoint: 20101 ns, Total: 80492 ns
[2020-02-26T08:55:50.772+0000][1][safepoint    ] Safepoint "Cleanup", Time since last: 1000735558 ns, Reaching safepoint: 76194 ns, At safepoint: 9408 ns, Total: 85602 ns
[2020-02-26T08:55:51.774+0000][1][safepoint    ] Safepoint "Cleanup", Time since last: 1001985116 ns, Reaching safepoint: 73525 ns, At safepoint: 8202 ns, Total: 81727 ns
[2020-02-26T08:55:52.287+0000][1][safepoint    ] Safepoint "RevokeBias", Time since last: 513126497 ns, Reaching safepoint: 56847 ns, At safepoint: 17739 ns, Total: 74586 ns
[2020-02-26T08:55:53.288+0000][1][safepoint    ] Safepoint "Cleanup", Time since last: 1000523386 ns, Reaching safepoint: 99675 ns, At safepoint: 11414 ns, Total: 111089 ns
[2020-02-26T08:55:54.288+0000][1][safepoint    ] Safepoint "Cleanup", Time since last: 1000421275 ns, Reaching safepoint: 90126 ns, At safepoint: 9602 ns, Total: 99728 ns
[2020-02-26T08:55:54.799+0000][1][safepoint    ] Safepoint "RevokeBias", Time since last: 511241487 ns, Reaching safepoint: 75178 ns, At safepoint: 19717 ns, Total: 94895 ns
[2020-02-26T08:55:55.800+0000][1][safepoint    ] Safepoint "Cleanup", Time since last: 1000789151 ns, Reaching safepoint: 85042 ns, At safepoint: 9749 ns, Total: 94791 ns
[2020-02-26T08:55:56.801+0000][1][safepoint    ] Safepoint "Cleanup", Time since last: 1000449683 ns, Reaching safepoint: 99504 ns, At safepoint: 10085 ns, Total: 109589 ns
[2020-02-26T08:55:57.309+0000][1][safepoint    ] Safepoint "RevokeBias", Time since last: 507753293 ns, Reaching safepoint: 134286 ns, At safepoint: 59424 ns, Total: 193710 ns
[2020-02-26T08:55:58.311+0000][1][safepoint    ] Safepoint "Cleanup", Time since last: 1002394713 ns, Reaching safepoint: 77230 ns, At safepoint: 8169 ns, Total: 85399 ns
[2020-02-26T08:55:59.312+0000][1][safepoint    ] Safepoint "Cleanup", Time since last: 1000466779 ns, Reaching safepoint: 78690 ns, At safepoint: 9183 ns, Total: 87873 ns
[2020-02-26T08:55:59.823+0000][1][safepoint    ] Safepoint "RevokeBias", Time since last: 511147556 ns, Reaching safepoint: 87279 ns, At safepoint: 24436 ns, Total: 111715 ns
[2020-02-26T08:56:00.824+0000][1][safepoint    ] Safepoint "Cleanup", Time since last: 1000472831 ns, Reaching safepoint: 116134 ns, At safepoint: 13166 ns, Total: 129300 ns
[2020-02-26T08:56:01.824+0000][1][safepoint    ] Safepoint "Cleanup", Time since last: 1000642594 ns, Reaching safepoint: 73464 ns, At safepoint: 8764 ns, Total: 82228 ns
[2020-02-26T08:56:02.327+0000][1][safepoint    ] Safepoint "RevokeBias", Time since last: 502925727 ns, Reaching safepoint: 78331 ns, At safepoint: 19946 ns, Total: 98277 ns
[2020-02-26T08:56:03.329+0000][1][safepoint    ] Safepoint "Cleanup", Time since last: 1001002571 ns, Reaching safepoint: 94868 ns, At safepoint: 10618 ns, Total: 105486 ns
[2020-02-26T08:56:04.329+0000][1][safepoint    ] Safepoint "Cleanup", Time since last: 1000632571 ns, Reaching safepoint: 91425 ns, At safepoint: 8970 ns, Total: 100395 ns
[2020-02-26T08:56:04.840+0000][1][safepoint    ] Safepoint "RevokeBias", Time since last: 510094653 ns, Reaching safepoint: 117530 ns, At safepoint: 31356 ns, Total: 148886 ns
[2020-02-26T08:56:05.840+0000][1][safepoint    ] Safepoint "Cleanup", Time since last: 1000274733 ns, Reaching safepoint: 75911 ns, At safepoint: 9316 ns, Total: 85227 ns
[2020-02-26T08:56:06.841+0000][1][safepoint    ] Safepoint "Cleanup", Time since last: 1000672482 ns, Reaching safepoint: 81861 ns, At safepoint: 9457 ns, Total: 91318 ns
[2020-02-26T08:56:07.344+0000][1][safepoint    ] Safepoint "RevokeBias", Time since last: 503217112 ns, Reaching safepoint: 74814 ns, At safepoint: 19666 ns, Total: 94480 ns
[2020-02-26T08:56:08.344+0000][1][safepoint    ] Safepoint "Cleanup", Time since last: 1000268580 ns, Reaching safepoint: 82217 ns, At safepoint: 8879 ns, Total: 91096 ns
[2020-02-26T08:56:09.350+0000][1][safepoint    ] Safepoint "Cleanup", Time since last: 1005737543 ns, Reaching safepoint: 119594 ns, At safepoint: 9605 ns, Total: 129199 ns
[2020-02-26T08:56:09.851+0000][1][safepoint    ] Safepoint "RevokeBias", Time since last: 500256911 ns, Reaching safepoint: 215749 ns, At safepoint: 22968 ns, Total: 238717 ns
[2020-02-26T08:56:10.851+0000][1][safepoint    ] Safepoint "Cleanup", Time since last: 1000442856 ns, Reaching safepoint: 82975 ns, At safepoint: 10035 ns, Total: 93010 ns
[2020-02-26T08:56:11.852+0000][1][safepoint    ] Safepoint "Cleanup", Time since last: 1000501576 ns, Reaching safepoint: 95966 ns, At safepoint: 9521 ns, Total: 105487 ns
[2020-02-26T08:56:12.355+0000][1][safepoint    ] Safepoint "RevokeBias", Time since last: 502936699 ns, Reaching safepoint: 75781 ns, At safepoint: 37332 ns, Total: 113113 ns
[2020-02-26T08:56:13.355+0000][1][safepoint    ] Safepoint "Cleanup", Time since last: 1000466118 ns, Reaching safepoint: 119059 ns, At safepoint: 14012 ns, Total: 133071 ns
[2020-02-26T08:56:14.358+0000][1][safepoint    ] Safepoint "Cleanup", Time since last: 1001969201 ns, Reaching safepoint: 60387 ns, At safepoint: 8635 ns, Total: 69022 ns
[2020-02-26T08:56:14.861+0000][1][safepoint    ] Safepoint "RevokeBias", Time since last: 503793068 ns, Reaching safepoint: 129600 ns, At safepoint: 29618 ns, Total: 159218 ns
[2020-02-26T08:56:15.862+0000][1][safepoint    ] Safepoint "Cleanup", Time since last: 1000395561 ns, Reaching safepoint: 77952 ns, At safepoint: 9022 ns, Total: 86974 ns
[2020-02-26T08:56:16.863+0000][1][safepoint    ] Safepoint "Cleanup", Time since last: 1000652035 ns, Reaching safepoint: 194658 ns, At safepoint: 26240 ns, Total: 220898 ns
[2020-02-26T08:56:17.365+0000][1][safepoint    ] Safepoint "RevokeBias", Time since last: 501667852 ns, Reaching safepoint: 76903 ns, At safepoint: 20070 ns, Total: 96973 ns
[2020-02-26T08:56:18.370+0000][1][safepoint    ] Safepoint "Cleanup", Time since last: 1004698556 ns, Reaching safepoint: 850840 ns, At safepoint: 10396 ns, Total: 861236 ns
[2020-02-26T08:56:19.380+0000][1][safepoint    ] Safepoint "Cleanup", Time since last: 1009218769 ns, Reaching safepoint: 99858 ns, At safepoint: 52485 ns, Total: 152343 ns
[2020-02-26T08:56:19.875+0000][1][safepoint    ] Safepoint "RevokeBias", Time since last: 495320008 ns, Reaching safepoint: 139321 ns, At safepoint: 22945 ns, Total: 162266 ns
[2020-02-26T08:56:21.565+0000][1][safepoint    ] Safepoint "Cleanup", Time since last: 1690001903 ns, Reaching safepoint: 80425 ns, At safepoint: 9411 ns, Total: 89836 ns
[2020-02-26T08:56:22.385+0000][1][safepoint    ] Safepoint "RevokeBias", Time since last: 820126066 ns, Reaching safepoint: 76311 ns, At safepoint: 21720 ns, Total: 98031 ns
[2020-02-26T08:56:23.386+0000][1][safepoint    ] Safepoint "Cleanup", Time since last: 1001032751 ns, Reaching safepoint: 81395 ns, At safepoint: 9973 ns, Total: 91368 ns
[2020-02-26T08:56:24.387+0000][1][safepoint    ] Safepoint "Cleanup", Time since last: 1000183194 ns, Reaching safepoint: 78827 ns, At safepoint: 8848 ns, Total: 87675 ns
[2020-02-26T08:56:24.914+0000][1][safepoint    ] Safepoint "RevokeBias", Time since last: 526775793 ns, Reaching safepoint: 96888 ns, At safepoint: 24873 ns, Total: 121761 ns
[2020-02-26T08:56:25.914+0000][1][safepoint    ] Safepoint "Cleanup", Time since last: 1000644734 ns, Reaching safepoint: 157754 ns, At safepoint: 9983 ns, Total: 167737 ns
[2020-02-26T08:56:26.915+0000][1][safepoint    ] Safepoint "Cleanup", Time since last: 1000807862 ns, Reaching safepoint: 135835 ns, At safepoint: 53113 ns, Total: 188948 ns
[2020-02-26T08:56:27.426+0000][1][safepoint    ] Safepoint "RevokeBias", Time since last: 510230736 ns, Reaching safepoint: 176323 ns, At safepoint: 47951 ns, Total: 224274 ns
[2020-02-26T08:56:28.427+0000][1][safepoint    ] Safepoint "Cleanup", Time since last: 1000533719 ns, Reaching safepoint: 202374 ns, At safepoint: 24657 ns, Total: 227031 ns
[2020-02-26T08:56:29.428+0000][1][safepoint    ] Safepoint "Cleanup", Time since last: 1001006740 ns, Reaching safepoint: 78330 ns, At safepoint: 9310 ns, Total: 87640 ns
[2020-02-26T08:56:29.949+0000][1][safepoint    ] Safepoint "RevokeBias", Time since last: 515629386 ns, Reaching safepoint: 5850940 ns, At safepoint: 26760 ns, Total: 5877700 ns
[2020-02-26T08:56:30.950+0000][1][safepoint    ] Safepoint "Cleanup", Time since last: 1000875730 ns, Reaching safepoint: 77764 ns, At safepoint: 8594 ns, Total: 86358 ns
[2020-02-26T08:56:31.951+0000][1][safepoint    ] Safepoint "Cleanup", Time since last: 1000889321 ns, Reaching safepoint: 78820 ns, At safepoint: 9308 ns, Total: 88128 ns
[2020-02-26T08:56:32.442+0000][1][safepoint    ] Safepoint "BulkRevokeBias", Time since last: 490844927 ns, Reaching safepoint: 80464 ns, At safepoint: 213614 ns, Total: 294078 ns
[2020-02-26T08:56:33.443+0000][1][safepoint    ] Safepoint "Cleanup", Time since last: 1000748024 ns, Reaching safepoint: 134486 ns, At safepoint: 13904 ns, Total: 148390 ns
[2020-02-26T08:56:34.444+0000][1][safepoint    ] Safepoint "Cleanup", Time since last: 1000803467 ns, Reaching safepoint: 93737 ns, At safepoint: 9723 ns, Total: 103460 ns
[2020-02-26T08:56:34.951+0000][1][safepoint    ] Safepoint "RevokeBias", Time since last: 506529249 ns, Reaching safepoint: 75615 ns, At safepoint: 19450 ns, Total: 95065 ns
[2020-02-26T08:56:35.975+0000][1][safepoint    ] Safepoint "Cleanup", Time since last: 1024005484 ns, Reaching safepoint: 78527 ns, At safepoint: 8747 ns, Total: 87274 ns
[2020-02-26T08:56:36.975+0000][1][safepoint    ] Safepoint "Cleanup", Time since last: 1000474468 ns, Reaching safepoint: 75387 ns, At safepoint: 8548 ns, Total: 83935 ns
[2020-02-26T08:56:37.463+0000][1][safepoint    ] Safepoint "RevokeBias", Time since last: 487684302 ns, Reaching safepoint: 112579 ns, At safepoint: 26658 ns, Total: 139237 ns
[2020-02-26T08:56:38.464+0000][1][safepoint    ] Safepoint "Cleanup", Time since last: 1000750829 ns, Reaching safepoint: 110517 ns, At safepoint: 8805 ns, Total: 119322 ns
[2020-02-26T08:56:39.464+0000][1][safepoint    ] Safepoint "Cleanup", Time since last: 1000255317 ns, Reaching safepoint: 93081 ns, At safepoint: 9520 ns, Total: 102601 ns
[2020-02-26T08:56:39.970+0000][1][safepoint    ] Safepoint "RevokeBias", Time since last: 505045988 ns, Reaching safepoint: 117640 ns, At safepoint: 30225 ns, Total: 147865 ns
[2020-02-26T08:56:40.971+0000][1][safepoint    ] Safepoint "Cleanup", Time since last: 1000907124 ns, Reaching safepoint: 82383 ns, At safepoint: 9046 ns, Total: 91429 ns
[2020-02-26T08:56:41.971+0000][1][safepoint    ] Safepoint "Cleanup", Time since last: 1000634797 ns, Reaching safepoint: 100333 ns, At safepoint: 9746 ns, Total: 110079 ns
[2020-02-26T08:56:42.476+0000][1][safepoint    ] Safepoint "RevokeBias", Time since last: 504376090 ns, Reaching safepoint: 76233 ns, At safepoint: 37876 ns, Total: 114109 ns
[2020-02-26T08:56:43.476+0000][1][safepoint    ] Safepoint "Cleanup", Time since last: 1000440747 ns, Reaching safepoint: 76878 ns, At safepoint: 9252 ns, Total: 86130 ns
[2020-02-26T08:56:44.477+0000][1][safepoint    ] Safepoint "Cleanup", Time since last: 1000814506 ns, Reaching safepoint: 95228 ns, At safepoint: 8658 ns, Total: 103886 ns
[2020-02-26T08:56:44.980+0000][1][safepoint    ] Safepoint "RevokeBias", Time since last: 502714457 ns, Reaching safepoint: 73204 ns, At safepoint: 19051 ns, Total: 92255 ns
[2020-02-26T08:56:45.980+0000][1][safepoint    ] Safepoint "Cleanup", Time since last: 1000245360 ns, Reaching safepoint: 77517 ns, At safepoint: 9016 ns, Total: 86533 ns
[2020-02-26T08:56:46.991+0000][1][safepoint    ] Safepoint "Cleanup", Time since last: 1010829070 ns, Reaching safepoint: 77793 ns, At safepoint: 8806 ns, Total: 86599 ns
[2020-02-26T08:56:47.485+0000][1][safepoint    ] Safepoint "RevokeBias", Time since last: 493413969 ns, Reaching safepoint: 73237 ns, At safepoint: 130993 ns, Total: 204230 ns
[2020-02-26T08:56:48.488+0000][1][safepoint    ] Safepoint "Cleanup", Time since last: 1002639788 ns, Reaching safepoint: 84652 ns, At safepoint: 9233 ns, Total: 93885 ns
[2020-02-26T08:56:49.488+0000][1][safepoint    ] Safepoint "Cleanup", Time since last: 1000659707 ns, Reaching safepoint: 77560 ns, At safepoint: 10130 ns, Total: 87690 ns
[2020-02-26T08:56:49.997+0000][1][safepoint    ] Safepoint "RevokeBias", Time since last: 508611100 ns, Reaching safepoint: 74388 ns, At safepoint: 19974 ns, Total: 94362 ns
[2020-02-26T08:56:50.998+0000][1][safepoint    ] Safepoint "Cleanup", Time since last: 1000355778 ns, Reaching safepoint: 92960 ns, At safepoint: 11975 ns, Total: 104935 ns
[2020-02-26T08:56:52.005+0000][1][safepoint    ] Safepoint "Cleanup", Time since last: 1007434577 ns, Reaching safepoint: 140831 ns, At safepoint: 31743 ns, Total: 172574 ns
[2020-02-26T08:56:52.501+0000][1][safepoint    ] Safepoint "RevokeBias", Time since last: 495917936 ns, Reaching safepoint: 75099 ns, At safepoint: 20121 ns, Total: 95220 ns
[2020-02-26T08:56:53.502+0000][1][safepoint    ] Safepoint "Cleanup", Time since last: 1000444987 ns, Reaching safepoint: 81399 ns, At safepoint: 9502 ns, Total: 90901 ns
[2020-02-26T08:56:54.503+0000][1][safepoint    ] Safepoint "Cleanup", Time since last: 1000652695 ns, Reaching safepoint: 79092 ns, At safepoint: 10479 ns, Total: 89571 ns
[2020-02-26T08:56:55.007+0000][1][safepoint    ] Safepoint "RevokeBias", Time since last: 504367243 ns, Reaching safepoint: 124348 ns, At safepoint: 21062 ns, Total: 145410 ns
[2020-02-26T08:56:56.008+0000][1][safepoint    ] Safepoint "Cleanup", Time since last: 1000624010 ns, Reaching safepoint: 94359 ns, At safepoint: 9145 ns, Total: 103504 ns
[2020-02-26T08:56:57.019+0000][1][safepoint    ] Safepoint "Cleanup", Time since last: 1010664216 ns, Reaching safepoint: 78723 ns, At safepoint: 9536 ns, Total: 88259 ns
[2020-02-26T08:56:57.515+0000][1][safepoint    ] Safepoint "RevokeBias", Time since last: 496217467 ns, Reaching safepoint: 73827 ns, At safepoint: 19962 ns, Total: 93789 ns
[2020-02-26T08:56:58.515+0000][1][safepoint    ] Safepoint "Cleanup", Time since last: 1000267641 ns, Reaching safepoint: 79668 ns, At safepoint: 9412 ns, Total: 89080 ns
[2020-02-26T08:56:59.516+0000][1][safepoint    ] Safepoint "Cleanup", Time since last: 1000315329 ns, Reaching safepoint: 136204 ns, At safepoint: 13888 ns, Total: 150092 ns
[2020-02-26T08:57:00.026+0000][1][safepoint    ] Safepoint "RevokeBias", Time since last: 510291266 ns, Reaching safepoint: 177603 ns, At safepoint: 50765 ns, Total: 228368 ns
[2020-02-26T08:57:01.027+0000][1][safepoint    ] Safepoint "Cleanup", Time since last: 1000647554 ns, Reaching safepoint: 90535 ns, At safepoint: 8096 ns, Total: 98631 ns
[2020-02-26T08:57:02.028+0000][1][safepoint    ] Safepoint "Cleanup", Time since last: 1000630056 ns, Reaching safepoint: 80244 ns, At safepoint: 9064 ns, Total: 89308 ns
[2020-02-26T08:57:02.541+0000][1][safepoint    ] Safepoint "RevokeBias", Time since last: 513278097 ns, Reaching safepoint: 73758 ns, At safepoint: 19217 ns, Total: 92975 ns
[2020-02-26T08:57:03.542+0000][1][safepoint    ] Safepoint "Cleanup", Time since last: 1000895109 ns, Reaching safepoint: 90738 ns, At safepoint: 8796 ns, Total: 99534 ns
[2020-02-26T08:57:04.542+0000][1][safepoint    ] Safepoint "Cleanup", Time since last: 1000138142 ns, Reaching safepoint: 74542 ns, At safepoint: 8777 ns, Total: 83319 ns
[2020-02-26T08:57:05.055+0000][1][safepoint    ] Safepoint "RevokeBias", Time since last: 513137316 ns, Reaching safepoint: 86290 ns, At safepoint: 23473 ns, Total: 109763 ns
[2020-02-26T08:57:06.056+0000][1][safepoint    ] Safepoint "Cleanup", Time since last: 1000817542 ns, Reaching safepoint: 92386 ns, At safepoint: 10467 ns, Total: 102853 ns
[2020-02-26T08:57:07.057+0000][1][safepoint    ] Safepoint "Cleanup", Time since last: 1000805026 ns, Reaching safepoint: 89578 ns, At safepoint: 11317 ns, Total: 100895 ns
[2020-02-26T08:57:07.565+0000][1][safepoint    ] Safepoint "RevokeBias", Time since last: 506426704 ns, Reaching safepoint: 1204425 ns, At safepoint: 28724 ns, Total: 1233149 ns
[2020-02-26T08:57:08.569+0000][1][safepoint    ] Safepoint "Cleanup", Time since last: 1003994203 ns, Reaching safepoint: 60878 ns, At safepoint: 8608 ns, Total: 69486 ns
[2020-02-26T08:57:09.570+0000][1][safepoint    ] Safepoint "Cleanup", Time since last: 1000581350 ns, Reaching safepoint: 73331 ns, At safepoint: 7652 ns, Total: 80983 ns
[2020-02-26T08:57:10.071+0000][1][safepoint    ] Safepoint "RevokeBias", Time since last: 501231370 ns, Reaching safepoint: 73030 ns, At safepoint: 19713 ns, Total: 92743 ns
[2020-02-26T08:57:11.071+0000][1][safepoint    ] Safepoint "Cleanup", Time since last: 1000218593 ns, Reaching safepoint: 93700 ns, At safepoint: 8718 ns, Total: 102418 ns
[2020-02-26T08:57:12.072+0000][1][safepoint    ] Safepoint "Cleanup", Time since last: 1000329434 ns, Reaching safepoint: 145719 ns, At safepoint: 11175 ns, Total: 156894 ns
[2020-02-26T08:57:12.579+0000][1][safepoint    ] Safepoint "RevokeBias", Time since last: 507508003 ns, Reaching safepoint: 114590 ns, At safepoint: 28442 ns, Total: 143032 ns
[2020-02-26T08:57:13.590+0000][1][safepoint    ] Safepoint "Cleanup", Time since last: 1010661945 ns, Reaching safepoint: 166751 ns, At safepoint: 9285 ns, Total: 176036 ns
[2020-02-26T08:57:14.591+0000][1][safepoint    ] Safepoint "Cleanup", Time since last: 1000328680 ns, Reaching safepoint: 115134 ns, At safepoint: 10024 ns, Total: 125158 ns
[2020-02-26T08:57:15.087+0000][1][safepoint    ] Safepoint "RevokeBias", Time since last: 495995964 ns, Reaching safepoint: 76194 ns, At safepoint: 20195 ns, Total: 96389 ns
[2020-02-26T08:57:16.088+0000][1][safepoint    ] Safepoint "Cleanup", Time since last: 1000627978 ns, Reaching safepoint: 134372 ns, At safepoint: 12517 ns, Total: 146889 ns
[2020-02-26T08:57:17.088+0000][1][safepoint    ] Safepoint "Cleanup", Time since last: 1000334415 ns, Reaching safepoint: 76152 ns, At safepoint: 8874 ns, Total: 85026 ns
[2020-02-26T08:57:17.591+0000][1][safepoint    ] Safepoint "RevokeBias", Time since last: 502430711 ns, Reaching safepoint: 152565 ns, At safepoint: 25838 ns, Total: 178403 ns
[2020-02-26T08:57:18.596+0000][1][safepoint    ] Safepoint "Cleanup", Time since last: 1005718060 ns, Reaching safepoint: 78065 ns, At safepoint: 8438 ns, Total: 86503 ns
[2020-02-26T08:57:19.597+0000][1][safepoint    ] Safepoint "Cleanup", Time since last: 1000303222 ns, Reaching safepoint: 61246 ns, At safepoint: 8939 ns, Total: 70185 ns
[2020-02-26T08:57:20.097+0000][1][safepoint    ] Safepoint "RevokeBias", Time since last: 500044927 ns, Reaching safepoint: 75656 ns, At safepoint: 20438 ns, Total: 96094 ns
[2020-02-26T08:57:21.098+0000][1][safepoint    ] Safepoint "Cleanup", Time since last: 1000483021 ns, Reaching safepoint: 97297 ns, At safepoint: 12143 ns, Total: 109440 ns
[2020-02-26T08:57:22.098+0000][1][safepoint    ] Safepoint "Cleanup", Time since last: 1000769205 ns, Reaching safepoint: 94945 ns, At safepoint: 10041 ns, Total: 104986 ns
[2020-02-26T08:57:22.603+0000][1][safepoint    ] Safepoint "RevokeBias", Time since last: 504383312 ns, Reaching safepoint: 116237 ns, At safepoint: 29822 ns, Total: 146059 ns
[2020-02-26T08:57:23.604+0000][1][safepoint    ] Safepoint "Cleanup", Time since last: 1000632257 ns, Reaching safepoint: 76951 ns, At safepoint: 8859 ns, Total: 85810 ns
[2020-02-26T08:57:24.605+0000][1][safepoint    ] Safepoint "Cleanup", Time since last: 1000728420 ns, Reaching safepoint: 116234 ns, At safepoint: 10686 ns, Total: 126920 ns
[2020-02-26T08:57:25.109+0000][1][safepoint    ] Safepoint "RevokeBias", Time since last: 504209906 ns, Reaching safepoint: 74390 ns, At safepoint: 18990 ns, Total: 93380 ns
[2020-02-26T08:57:26.109+0000][1][safepoint    ] Safepoint "Cleanup", Time since last: 1000277030 ns, Reaching safepoint: 119006 ns, At safepoint: 12975 ns, Total: 131981 ns
[2020-02-26T08:57:27.110+0000][1][safepoint    ] Safepoint "Cleanup", Time since last: 1000786577 ns, Reaching safepoint: 115691 ns, At safepoint: 9158 ns, Total: 124849 ns
[2020-02-26T08:57:27.612+0000][1][safepoint    ] Safepoint "RevokeBias", Time since last: 501733805 ns, Reaching safepoint: 76714 ns, At safepoint: 19967 ns, Total: 96681 ns
[2020-02-26T08:57:28.613+0000][1][safepoint    ] Safepoint "Cleanup", Time since last: 1000846416 ns, Reaching safepoint: 140596 ns, At safepoint: 9502 ns, Total: 150098 ns
[2020-02-26T08:57:29.624+0000][1][safepoint    ] Safepoint "Cleanup", Time since last: 1010494650 ns, Reaching safepoint: 149301 ns, At safepoint: 11067 ns, Total: 160368 ns
[2020-02-26T08:57:30.125+0000][1][safepoint    ] Safepoint "RevokeBias", Time since last: 501642566 ns, Reaching safepoint: 73217 ns, At safepoint: 19259 ns, Total: 92476 ns
[2020-02-26T08:57:31.126+0000][1][safepoint    ] Safepoint "Cleanup", Time since last: 1000163331 ns, Reaching safepoint: 85896 ns, At safepoint: 9679 ns, Total: 95575 ns
[2020-02-26T08:57:32.126+0000][1][safepoint    ] Safepoint "Cleanup", Time since last: 1000584176 ns, Reaching safepoint: 176017 ns, At safepoint: 9668 ns, Total: 185685 ns
[2020-02-26T08:57:32.630+0000][1][safepoint    ] Safepoint "RevokeBias", Time since last: 503775985 ns, Reaching safepoint: 74713 ns, At safepoint: 36363 ns, Total: 111076 ns
[2020-02-26T08:57:33.631+0000][1][safepoint    ] Safepoint "Cleanup", Time since last: 1000993175 ns, Reaching safepoint: 76467 ns, At safepoint: 9082 ns, Total: 85549 ns
[2020-02-26T08:57:34.634+0000][1][safepoint    ] Safepoint "Cleanup", Time since last: 1002723521 ns, Reaching safepoint: 235346 ns, At safepoint: 31589 ns, Total: 266935 ns
[2020-02-26T08:57:35.142+0000][1][safepoint    ] Safepoint "RevokeBias", Time since last: 507335554 ns, Reaching safepoint: 99792 ns, At safepoint: 23047 ns, Total: 122839 ns
[2020-02-26T08:57:36.143+0000][1][safepoint    ] Safepoint "Cleanup", Time since last: 1000772651 ns, Reaching safepoint: 92642 ns, At safepoint: 8794 ns, Total: 101436 ns
[2020-02-26T08:57:37.144+0000][1][safepoint    ] Safepoint "Cleanup", Time since last: 1000717008 ns, Reaching safepoint: 79004 ns, At safepoint: 9332 ns, Total: 88336 ns
[2020-02-26T08:57:37.650+0000][1][safepoint    ] Safepoint "RevokeBias", Time since last: 506456848 ns, Reaching safepoint: 76430 ns, At safepoint: 19684 ns, Total: 96114 ns
[2020-02-26T08:57:38.651+0000][1][safepoint    ] Safepoint "Cleanup", Time since last: 1000782235 ns, Reaching safepoint: 93766 ns, At safepoint: 9284 ns, Total: 103050 ns
[2020-02-26T08:57:39.652+0000][1][safepoint    ] Safepoint "Cleanup", Time since last: 1000799124 ns, Reaching safepoint: 76141 ns, At safepoint: 9157 ns, Total: 85298 ns
[2020-02-26T08:57:40.177+0000][1][safepoint    ] Safepoint "RevokeBias", Time since last: 525169872 ns, Reaching safepoint: 76137 ns, At safepoint: 19591 ns, Total: 95728 ns
[2020-02-26T08:57:41.178+0000][1][safepoint    ] Safepoint "Cleanup", Time since last: 1000321313 ns, Reaching safepoint: 82327 ns, At safepoint: 10128 ns, Total: 92455 ns
[2020-02-26T08:57:42.178+0000][1][safepoint    ] Safepoint "Cleanup", Time since last: 1000815862 ns, Reaching safepoint: 75047 ns, At safepoint: 8823 ns, Total: 83870 ns
[2020-02-26T08:57:42.686+0000][1][safepoint    ] Safepoint "RevokeBias", Time since last: 507203241 ns, Reaching safepoint: 81829 ns, At safepoint: 20178 ns, Total: 102007 ns
[2020-02-26T08:57:43.686+0000][1][safepoint    ] Safepoint "Cleanup", Time since last: 1000647497 ns, Reaching safepoint: 85006 ns, At safepoint: 10324 ns, Total: 95330 ns
[2020-02-26T08:57:44.687+0000][1][safepoint    ] Safepoint "Cleanup", Time since last: 1000760649 ns, Reaching safepoint: 91271 ns, At safepoint: 8908 ns, Total: 100179 ns
[2020-02-26T08:57:45.207+0000][1][safepoint    ] Safepoint "BulkRevokeBias", Time since last: 514498823 ns, Reaching safepoint: 5133665 ns, At safepoint: 451719 ns, Total: 5585384 ns
[2020-02-26T08:57:46.208+0000][1][safepoint    ] Safepoint "Cleanup", Time since last: 1000196582 ns, Reaching safepoint: 89794 ns, At safepoint: 10910 ns, Total: 100704 ns
[2020-02-26T08:57:46.644+0000][1][gc,start     ] GC(41) Pause Young (Allocation Failure)
[2020-02-26T08:57:46.644+0000][1][gc,task      ] GC(41) Using 1 workers of 1 for evacuation
[2020-02-26T08:57:46.654+0000][1][gc,age       ] GC(41) Desired survivor size 4358144 bytes, new threshold 6 (max threshold 6)
[2020-02-26T08:57:46.655+0000][1][gc,age       ] GC(41) Age table with threshold 6 (max threshold 6)
[2020-02-26T08:57:46.655+0000][1][gc,age       ] GC(41) - age   1:      12328 bytes,      12328 total
[2020-02-26T08:57:46.655+0000][1][gc,age       ] GC(41) - age   2:       1696 bytes,      14024 total
[2020-02-26T08:57:46.655+0000][1][gc,age       ] GC(41) - age   3:       1584 bytes,      15608 total
[2020-02-26T08:57:46.655+0000][1][gc,age       ] GC(41) - age   4:       4440 bytes,      20048 total
[2020-02-26T08:57:46.655+0000][1][gc,age       ] GC(41) - age   5:       2568 bytes,      22616 total
[2020-02-26T08:57:46.655+0000][1][gc,age       ] GC(41) - age   6:       2640 bytes,      25256 total
[2020-02-26T08:57:46.655+0000][1][gc,heap      ] GC(41) ParNew: 68186K->25K(76672K)
[2020-02-26T08:57:46.655+0000][1][gc,heap      ] GC(41) CMS: 62592K->62593K(963392K)
[2020-02-26T08:57:46.655+0000][1][gc,metaspace ] GC(41) Metaspace: 79213K->79213K(1122304K)
[2020-02-26T08:57:46.655+0000][1][gc           ] GC(41) Pause Young (Allocation Failure) 127M->61M(1015M) 10.915ms
[2020-02-26T08:57:46.655+0000][1][gc,cpu       ] GC(41) User=0.01s Sys=0.00s Real=0.01s
[2020-02-26T08:57:46.655+0000][1][safepoint    ] Safepoint "GenCollectForAllocation", Time since last: 435980453 ns, Reaching safepoint: 73837 ns, At safepoint: 10973673 ns, Total: 11047510 ns
[2020-02-26T08:57:47.655+0000][1][safepoint    ] Safepoint "Cleanup", Time since last: 1000337149 ns, Reaching safepoint: 83379 ns, At safepoint: 9939 ns, Total: 93318 ns
[2020-02-26T08:57:47.713+0000][1][safepoint    ] Safepoint "RevokeBias", Time since last: 57332752 ns, Reaching safepoint: 80578 ns, At safepoint: 19346 ns, Total: 99924 ns
[2020-02-26T08:57:48.713+0000][1][safepoint    ] Safepoint "Cleanup", Time since last: 1000642105 ns, Reaching safepoint: 82855 ns, At safepoint: 9291 ns, Total: 92146 ns
[2020-02-26T08:57:49.714+0000][1][safepoint    ] Safepoint "Cleanup", Time since last: 1000815288 ns, Reaching safepoint: 94129 ns, At safepoint: 8891 ns, Total: 103020 ns
[2020-02-26T08:57:50.219+0000][1][safepoint    ] Safepoint "RevokeBias", Time since last: 504776347 ns, Reaching safepoint: 75199 ns, At safepoint: 19128 ns, Total: 94327 ns
[2020-02-26T08:57:51.229+0000][1][safepoint    ] Safepoint "Cleanup", Time since last: 1010094170 ns, Reaching safepoint: 96544 ns, At safepoint: 9713 ns, Total: 106257 ns
[2020-02-26T08:57:52.230+0000][1][safepoint    ] Safepoint "Cleanup", Time since last: 1000729758 ns, Reaching safepoint: 73478 ns, At safepoint: 7882 ns, Total: 81360 ns
[2020-02-26T08:57:52.722+0000][1][safepoint    ] Safepoint "RevokeBias", Time since last: 491320782 ns, Reaching safepoint: 77644 ns, At safepoint: 20080 ns, Total: 97724 ns
[2020-02-26T08:57:53.722+0000][1][safepoint    ] Safepoint "Cleanup", Time since last: 1000476236 ns, Reaching safepoint: 78103 ns, At safepoint: 8755 ns, Total: 86858 ns
[2020-02-26T08:57:54.723+0000][1][safepoint    ] Safepoint "Cleanup", Time since last: 1000140440 ns, Reaching safepoint: 222974 ns, At safepoint: 28434 ns, Total: 251408 ns
[2020-02-26T08:57:55.226+0000][1][safepoint    ] Safepoint "RevokeBias", Time since last: 502954540 ns, Reaching safepoint: 115897 ns, At safepoint: 29819 ns, Total: 145716 ns
[2020-02-26T08:57:56.227+0000][1][safepoint    ] Safepoint "Cleanup", Time since last: 1001049998 ns, Reaching safepoint: 76932 ns, At safepoint: 8572 ns, Total: 85504 ns
[2020-02-26T08:57:57.227+0000][1][safepoint    ] Safepoint "Cleanup", Time since last: 1000516427 ns, Reaching safepoint: 77659 ns, At safepoint: 8807 ns, Total: 86466 ns
[2020-02-26T08:57:57.730+0000][1][safepoint    ] Safepoint "RevokeBias", Time since last: 502070841 ns, Reaching safepoint: 74997 ns, At safepoint: 87297 ns, Total: 162294 ns
[2020-02-26T08:57:58.730+0000][1][safepoint    ] Safepoint "Cleanup", Time since last: 1000778526 ns, Reaching safepoint: 79368 ns, At safepoint: 8697 ns, Total: 88065 ns
[2020-02-26T08:57:59.731+0000][1][safepoint    ] Safepoint "Cleanup", Time since last: 1000629722 ns, Reaching safepoint: 78949 ns, At safepoint: 16315 ns, Total: 95264 ns
[2020-02-26T08:58:00.237+0000][1][safepoint    ] Safepoint "RevokeBias", Time since last: 505273664 ns, Reaching safepoint: 111909 ns, At safepoint: 24763 ns, Total: 136672 ns
[2020-02-26T08:58:01.238+0000][1][safepoint    ] Safepoint "Cleanup", Time since last: 1001572531 ns, Reaching safepoint: 116719 ns, At safepoint: 12051 ns, Total: 128770 ns
[2020-02-26T08:58:02.241+0000][1][safepoint    ] Safepoint "Cleanup", Time since last: 1002295795 ns, Reaching safepoint: 220887 ns, At safepoint: 10257 ns, Total: 231144 ns
[2020-02-26T08:58:02.744+0000][1][safepoint    ] Safepoint "RevokeBias", Time since last: 503208145 ns, Reaching safepoint: 77121 ns, At safepoint: 37742 ns, Total: 114863 ns
[2020-02-26T08:58:03.745+0000][1][safepoint    ] Safepoint "Cleanup", Time since last: 1000845567 ns, Reaching safepoint: 113388 ns, At safepoint: 12066 ns, Total: 125454 ns
[2020-02-26T08:58:04.745+0000][1][safepoint    ] Safepoint "Cleanup", Time since last: 1000299133 ns, Reaching safepoint: 77671 ns, At safepoint: 9096 ns, Total: 86767 ns
[2020-02-26T08:58:05.249+0000][1][safepoint    ] Safepoint "RevokeBias", Time since last: 503802511 ns, Reaching safepoint: 74164 ns, At safepoint: 20076 ns, Total: 94240 ns
[2020-02-26T08:58:06.251+0000][1][safepoint    ] Safepoint "Cleanup", Time since last: 1001069262 ns, Reaching safepoint: 74857 ns, At safepoint: 8322 ns, Total: 83179 ns
[2020-02-26T08:58:07.252+0000][1][safepoint    ] Safepoint "Cleanup", Time since last: 1001057825 ns, Reaching safepoint: 94310 ns, At safepoint: 8639 ns, Total: 102949 ns
[2020-02-26T08:58:07.754+0000][1][safepoint    ] Safepoint "RevokeBias", Time since last: 501951143 ns, Reaching safepoint: 75551 ns, At safepoint: 18995 ns, Total: 94546 ns
[2020-02-26T08:58:08.754+0000][1][safepoint    ] Safepoint "Cleanup", Time since last: 1000412518 ns, Reaching safepoint: 76302 ns, At safepoint: 8673 ns, Total: 84975 ns
[2020-02-26T08:58:09.755+0000][1][safepoint    ] Safepoint "Cleanup", Time since last: 1000407296 ns, Reaching safepoint: 78160 ns, At safepoint: 9220 ns, Total: 87380 ns
[2020-02-26T08:58:10.258+0000][1][safepoint    ] Safepoint "RevokeBias", Time since last: 503051128 ns, Reaching safepoint: 86123 ns, At safepoint: 20512 ns, Total: 106635 ns
[2020-02-26T08:58:11.258+0000][1][safepoint    ] Safepoint "Cleanup", Time since last: 1000248374 ns, Reaching safepoint: 215690 ns, At safepoint: 29868 ns, Total: 245558 ns
[2020-02-26T08:58:12.263+0000][1][safepoint    ] Safepoint "Cleanup", Time since last: 1004166213 ns, Reaching safepoint: 80679 ns, At safepoint: 10427 ns, Total: 91106 ns
[2020-02-26T08:58:12.775+0000][1][safepoint    ] Safepoint "RevokeBias", Time since last: 512379234 ns, Reaching safepoint: 75173 ns, At safepoint: 19948 ns, Total: 95121 ns
[2020-02-26T08:58:13.776+0000][1][safepoint    ] Safepoint "Cleanup", Time since last: 1000394078 ns, Reaching safepoint: 89895 ns, At safepoint: 12658 ns, Total: 102553 ns
[2020-02-26T08:58:15.291+0000][1][safepoint    ] Safepoint "RevokeBias", Time since last: 1514046835 ns, Reaching safepoint: 1428249 ns, At safepoint: 24790 ns, Total: 1453039 ns
[2020-02-26T08:58:16.292+0000][1][safepoint    ] Safepoint "Cleanup", Time since last: 1000643715 ns, Reaching safepoint: 114149 ns, At safepoint: 9524 ns, Total: 123673 ns
[2020-02-26T08:58:17.292+0000][1][safepoint    ] Safepoint "Cleanup", Time since last: 1000392875 ns, Reaching safepoint: 106507 ns, At safepoint: 10478 ns, Total: 116985 ns
[2020-02-26T08:58:17.812+0000][1][safepoint    ] Safepoint "RevokeBias", Time since last: 519830407 ns, Reaching safepoint: 77940 ns, At safepoint: 36461 ns, Total: 114401 ns
[2020-02-26T08:58:18.813+0000][1][safepoint    ] Safepoint "Cleanup", Time since last: 1000462383 ns, Reaching safepoint: 85751 ns, At safepoint: 9703 ns, Total: 95454 ns
[2020-02-26T08:58:19.814+0000][1][safepoint    ] Safepoint "Cleanup", Time since last: 1000544338 ns, Reaching safepoint: 92391 ns, At safepoint: 8524 ns, Total: 100915 ns
[2020-02-26T08:58:20.319+0000][1][safepoint    ] Safepoint "RevokeBias", Time since last: 505619660 ns, Reaching safepoint: 168660 ns, At safepoint: 21827 ns, Total: 190487 ns
[2020-02-26T08:58:21.320+0000][1][safepoint    ] Safepoint "Cleanup", Time since last: 1000539849 ns, Reaching safepoint: 94911 ns, At safepoint: 10160 ns, Total: 105071 ns
[2020-02-26T08:58:22.320+0000][1][safepoint    ] Safepoint "Cleanup", Time since last: 1000224365 ns, Reaching safepoint: 78029 ns, At safepoint: 9598 ns, Total: 87627 ns
[2020-02-26T08:58:22.822+0000][1][safepoint    ] Safepoint "RevokeBias", Time since last: 501463596 ns, Reaching safepoint: 74246 ns, At safepoint: 19479 ns, Total: 93725 ns
[2020-02-26T08:58:23.833+0000][1][safepoint    ] Safepoint "Cleanup", Time since last: 1010640872 ns, Reaching safepoint: 97562 ns, At safepoint: 8810 ns, Total: 106372 ns
[2020-02-26T08:58:24.833+0000][1][safepoint    ] Safepoint "Cleanup", Time since last: 1000482109 ns, Reaching safepoint: 141510 ns, At safepoint: 12554 ns, Total: 154064 ns
[2020-02-26T08:58:25.328+0000][1][safepoint    ] Safepoint "RevokeBias", Time since last: 494327032 ns, Reaching safepoint: 75020 ns, At safepoint: 20989 ns, Total: 96009 ns
[2020-02-26T08:58:26.328+0000][1][safepoint    ] Safepoint "Cleanup", Time since last: 1000589403 ns, Reaching safepoint: 197610 ns, At safepoint: 9318 ns, Total: 206928 ns
[2020-02-26T08:58:27.329+0000][1][safepoint    ] Safepoint "Cleanup", Time since last: 1000666688 ns, Reaching safepoint: 92825 ns, At safepoint: 9927 ns, Total: 102752 ns
[2020-02-26T08:58:27.832+0000][1][safepoint    ] Safepoint "RevokeBias", Time since last: 502259256 ns, Reaching safepoint: 74638 ns, At safepoint: 19677 ns, Total: 94315 ns
[2020-02-26T08:58:28.832+0000][1][safepoint    ] Safepoint "Cleanup", Time since last: 1000721017 ns, Reaching safepoint: 102465 ns, At safepoint: 9952 ns, Total: 112417 ns
[2020-02-26T08:58:29.833+0000][1][safepoint    ] Safepoint "Cleanup", Time since last: 1000594655 ns, Reaching safepoint: 85271 ns, At safepoint: 10998 ns, Total: 96269 ns
[2020-02-26T08:58:30.338+0000][1][safepoint    ] Safepoint "RevokeBias", Time since last: 504623689 ns, Reaching safepoint: 94611 ns, At safepoint: 24131 ns, Total: 118742 ns
[2020-02-26T08:58:31.339+0000][1][safepoint    ] Safepoint "Cleanup", Time since last: 1000642677 ns, Reaching safepoint: 94499 ns, At safepoint: 10255 ns, Total: 104754 ns
[2020-02-26T08:58:32.339+0000][1][safepoint    ] Safepoint "Cleanup", Time since last: 1000210169 ns, Reaching safepoint: 136874 ns, At safepoint: 9228 ns, Total: 146102 ns
[2020-02-26T08:58:32.844+0000][1][safepoint    ] Safepoint "RevokeBias", Time since last: 505054938 ns, Reaching safepoint: 95185 ns, At safepoint: 24623 ns, Total: 119808 ns
[2020-02-26T08:58:33.851+0000][1][safepoint    ] Safepoint "Cleanup", Time since last: 1006300362 ns, Reaching safepoint: 118032 ns, At safepoint: 12985 ns, Total: 131017 ns
[2020-02-26T08:58:34.851+0000][1][safepoint    ] Safepoint "Cleanup", Time since last: 1000649648 ns, Reaching safepoint: 129630 ns, At safepoint: 11770 ns, Total: 141400 ns
[2020-02-26T08:58:35.351+0000][1][safepoint    ] Safepoint "RevokeBias", Time since last: 499778132 ns, Reaching safepoint: 74045 ns, At safepoint: 19342 ns, Total: 93387 ns
[2020-02-26T08:58:36.351+0000][1][safepoint    ] Safepoint "Cleanup", Time since last: 1000137217 ns, Reaching safepoint: 78716 ns, At safepoint: 9533 ns, Total: 88249 ns
[2020-02-26T08:58:37.352+0000][1][safepoint    ] Safepoint "Cleanup", Time since last: 1000467715 ns, Reaching safepoint: 94198 ns, At safepoint: 8984 ns, Total: 103182 ns
[2020-02-26T08:58:38.213+0000][1][safepoint    ] Safepoint "RevokeBias", Time since last: 861028222 ns, Reaching safepoint: 74358 ns, At safepoint: 19737 ns, Total: 94095 ns
[2020-02-26T08:58:39.214+0000][1][safepoint    ] Safepoint "Cleanup", Time since last: 1001097748 ns, Reaching safepoint: 56970 ns, At safepoint: 7128 ns, Total: 64098 ns
[2020-02-26T08:58:40.215+0000][1][safepoint    ] Safepoint "Cleanup", Time since last: 1000627767 ns, Reaching safepoint: 93285 ns, At safepoint: 11734 ns, Total: 105019 ns
[2020-02-26T08:58:40.723+0000][1][safepoint    ] Safepoint "RevokeBias", Time since last: 508103592 ns, Reaching safepoint: 221313 ns, At safepoint: 26286 ns, Total: 247599 ns
[2020-02-26T08:58:42.062+0000][1][safepoint    ] Safepoint "Cleanup", Time since last: 1338160649 ns, Reaching safepoint: 77017 ns, At safepoint: 9443 ns, Total: 86460 ns
[2020-02-26T08:58:43.062+0000][1][safepoint    ] Safepoint "Cleanup", Time since last: 1000378339 ns, Reaching safepoint: 95228 ns, At safepoint: 9944 ns, Total: 105172 ns
[2020-02-26T08:58:43.236+0000][1][safepoint    ] Safepoint "RevokeBias", Time since last: 174095546 ns, Reaching safepoint: 126865 ns, At safepoint: 33168 ns, Total: 160033 ns
[2020-02-26T08:58:44.237+0000][1][safepoint    ] Safepoint "Cleanup", Time since last: 1000307644 ns, Reaching safepoint: 77027 ns, At safepoint: 8819 ns, Total: 85846 ns
[2020-02-26T08:58:45.239+0000][1][safepoint    ] Safepoint "Cleanup", Time since last: 1001995283 ns, Reaching safepoint: 80074 ns, At safepoint: 8641 ns, Total: 88715 ns
[2020-02-26T08:58:45.743+0000][1][safepoint    ] Safepoint "RevokeBias", Time since last: 503758894 ns, Reaching safepoint: 96621 ns, At safepoint: 20762 ns, Total: 117383 ns
[2020-02-26T08:58:46.743+0000][1][safepoint    ] Safepoint "Cleanup", Time since last: 1000384848 ns, Reaching safepoint: 80551 ns, At safepoint: 9947 ns, Total: 90498 ns
[2020-02-26T08:58:47.744+0000][1][safepoint    ] Safepoint "Cleanup", Time since last: 1000341282 ns, Reaching safepoint: 95324 ns, At safepoint: 9400 ns, Total: 104724 ns
[2020-02-26T08:58:48.247+0000][1][safepoint    ] Safepoint "RevokeBias", Time since last: 503281520 ns, Reaching safepoint: 77433 ns, At safepoint: 37431 ns, Total: 114864 ns
[2020-02-26T08:58:49.248+0000][1][safepoint    ] Safepoint "Cleanup", Time since last: 1000778455 ns, Reaching safepoint: 92900 ns, At safepoint: 9526 ns, Total: 102426 ns
[2020-02-26T08:58:50.250+0000][1][safepoint    ] Safepoint "Cleanup", Time since last: 1002507135 ns, Reaching safepoint: 61663 ns, At safepoint: 8209 ns, Total: 69872 ns
[2020-02-26T08:58:50.764+0000][1][safepoint    ] Safepoint "RevokeBias", Time since last: 513660626 ns, Reaching safepoint: 74038 ns, At safepoint: 20006 ns, Total: 94044 ns
[2020-02-26T08:58:51.765+0000][1][safepoint    ] Safepoint "Cleanup", Time since last: 1000629864 ns, Reaching safepoint: 93389 ns, At safepoint: 9064 ns, Total: 102453 ns
[2020-02-26T08:58:52.765+0000][1][safepoint    ] Safepoint "Cleanup", Time since last: 1000317844 ns, Reaching safepoint: 74861 ns, At safepoint: 8907 ns, Total: 83768 ns
[2020-02-26T08:58:53.274+0000][1][safepoint    ] Safepoint "RevokeBias", Time since last: 508138523 ns, Reaching safepoint: 72285 ns, At safepoint: 20070 ns, Total: 92355 ns
[2020-02-26T08:58:54.275+0000][1][safepoint    ] Safepoint "Cleanup", Time since last: 1000798684 ns, Reaching safepoint: 75283 ns, At safepoint: 8281 ns, Total: 83564 ns
[2020-02-26T08:58:55.276+0000][1][safepoint    ] Safepoint "Cleanup", Time since last: 1000951062 ns, Reaching safepoint: 97727 ns, At safepoint: 9595 ns, Total: 107322 ns
[2020-02-26T08:58:55.786+0000][1][safepoint    ] Safepoint "RevokeBias", Time since last: 510560071 ns, Reaching safepoint: 114049 ns, At safepoint: 20796 ns, Total: 134845 ns
[2020-02-26T08:58:56.787+0000][1][safepoint    ] Safepoint "Cleanup", Time since last: 1000299065 ns, Reaching safepoint: 78652 ns, At safepoint: 9370 ns, Total: 88022 ns
[2020-02-26T08:58:57.787+0000][1][safepoint    ] Safepoint "Cleanup", Time since last: 1000579588 ns, Reaching safepoint: 77983 ns, At safepoint: 9040 ns, Total: 87023 ns
[2020-02-26T08:58:58.298+0000][1][safepoint    ] Safepoint "BulkRevokeBias", Time since last: 510232344 ns, Reaching safepoint: 73713 ns, At safepoint: 419656 ns, Total: 493369 ns
[2020-02-26T08:58:59.299+0000][1][safepoint    ] Safepoint "Cleanup", Time since last: 1001130672 ns, Reaching safepoint: 95187 ns, At safepoint: 40729 ns, Total: 135916 ns
[2020-02-26T08:59:00.300+0000][1][safepoint    ] Safepoint "Cleanup", Time since last: 1000250171 ns, Reaching safepoint: 72985 ns, At safepoint: 7220 ns, Total: 80205 ns
[2020-02-26T08:59:00.822+0000][1][safepoint    ] Safepoint "RevokeBias", Time since last: 521978238 ns, Reaching safepoint: 75314 ns, At safepoint: 19635 ns, Total: 94949 ns
[2020-02-26T08:59:01.823+0000][1][safepoint    ] Safepoint "Cleanup", Time since last: 1000732938 ns, Reaching safepoint: 76498 ns, At safepoint: 9346 ns, Total: 85844 ns
[2020-02-26T08:59:02.823+0000][1][safepoint    ] Safepoint "Cleanup", Time since last: 1000228538 ns, Reaching safepoint: 175910 ns, At safepoint: 9191 ns, Total: 185101 ns
[2020-02-26T08:59:03.332+0000][1][safepoint    ] Safepoint "RevokeBias", Time since last: 509153205 ns, Reaching safepoint: 242570 ns, At safepoint: 39550 ns, Total: 282120 ns
[2020-02-26T08:59:04.333+0000][1][safepoint    ] Safepoint "Cleanup", Time since last: 1000292326 ns, Reaching safepoint: 94434 ns, At safepoint: 9617 ns, Total: 104051 ns
[2020-02-26T08:59:05.333+0000][1][safepoint    ] Safepoint "Cleanup", Time since last: 1000170712 ns, Reaching safepoint: 73927 ns, At safepoint: 8609 ns, Total: 82536 ns
[2020-02-26T08:59:05.840+0000][1][safepoint    ] Safepoint "RevokeBias", Time since last: 506932711 ns, Reaching safepoint: 75562 ns, At safepoint: 19936 ns, Total: 95498 ns
[2020-02-26T08:59:06.848+0000][1][safepoint    ] Safepoint "Cleanup", Time since last: 1007770387 ns, Reaching safepoint: 105693 ns, At safepoint: 13193 ns, Total: 118886 ns
[2020-02-26T08:59:07.848+0000][1][safepoint    ] Safepoint "Cleanup", Time since last: 1000365645 ns, Reaching safepoint: 73508 ns, At safepoint: 8098 ns, Total: 81606 ns
[2020-02-26T08:59:08.344+0000][1][safepoint    ] Safepoint "RevokeBias", Time since last: 495867864 ns, Reaching safepoint: 115658 ns, At safepoint: 30444 ns, Total: 146102 ns
[2020-02-26T08:59:09.345+0000][1][safepoint    ] Safepoint "Cleanup", Time since last: 1000874644 ns, Reaching safepoint: 120739 ns, At safepoint: 10027 ns, Total: 130766 ns
[2020-02-26T08:59:10.346+0000][1][safepoint    ] Safepoint "Cleanup", Time since last: 1000173007 ns, Reaching safepoint: 127579 ns, At safepoint: 12116 ns, Total: 139695 ns
[2020-02-26T08:59:10.851+0000][1][safepoint    ] Safepoint "RevokeBias", Time since last: 505240020 ns, Reaching safepoint: 73773 ns, At safepoint: 19649 ns, Total: 93422 ns
[2020-02-26T08:59:11.856+0000][1][safepoint    ] Safepoint "Cleanup", Time since last: 1004452648 ns, Reaching safepoint: 113299 ns, At safepoint: 11844 ns, Total: 125143 ns
[2020-02-26T08:59:12.856+0000][1][safepoint    ] Safepoint "Cleanup", Time since last: 1000537001 ns, Reaching safepoint: 71385 ns, At safepoint: 7971 ns, Total: 79356 ns
[2020-02-26T08:59:13.358+0000][1][safepoint    ] Safepoint "RevokeBias", Time since last: 501945697 ns, Reaching safepoint: 116299 ns, At safepoint: 30000 ns, Total: 146299 ns
[2020-02-26T08:59:14.359+0000][1][safepoint    ] Safepoint "Cleanup", Time since last: 1000222062 ns, Reaching safepoint: 127316 ns, At safepoint: 9190 ns, Total: 136506 ns
[2020-02-26T08:59:15.379+0000][1][safepoint    ] Safepoint "Cleanup", Time since last: 1019727839 ns, Reaching safepoint: 194225 ns, At safepoint: 9709 ns, Total: 203934 ns
[2020-02-26T08:59:15.867+0000][1][safepoint    ] Safepoint "RevokeBias", Time since last: 488217898 ns, Reaching safepoint: 76171 ns, At safepoint: 19836 ns, Total: 96007 ns
[2020-02-26T08:59:16.868+0000][1][safepoint    ] Safepoint "Cleanup", Time since last: 1000946240 ns, Reaching safepoint: 114423 ns, At safepoint: 12118 ns, Total: 126541 ns
[2020-02-26T08:59:17.869+0000][1][safepoint    ] Safepoint "Cleanup", Time since last: 1000848677 ns, Reaching safepoint: 98893 ns, At safepoint: 9563 ns, Total: 108456 ns
[2020-02-26T08:59:18.415+0000][1][safepoint    ] Safepoint "RevokeBias", Time since last: 546280127 ns, Reaching safepoint: 72528 ns, At safepoint: 37026 ns, Total: 109554 ns
[2020-02-26T08:59:19.416+0000][1][safepoint    ] Safepoint "Cleanup", Time since last: 1000426068 ns, Reaching safepoint: 75514 ns, At safepoint: 8572 ns, Total: 84086 ns
[2020-02-26T08:59:20.417+0000][1][safepoint    ] Safepoint "Cleanup", Time since last: 1000700831 ns, Reaching safepoint: 78561 ns, At safepoint: 8693 ns, Total: 87254 ns
[2020-02-26T08:59:20.928+0000][1][safepoint    ] Safepoint "RevokeBias", Time since last: 511039501 ns, Reaching safepoint: 122535 ns, At safepoint: 27591 ns, Total: 150126 ns
[2020-02-26T08:59:21.928+0000][1][safepoint    ] Safepoint "Cleanup", Time since last: 1000262922 ns, Reaching safepoint: 148963 ns, At safepoint: 9183 ns, Total: 158146 ns
[2020-02-26T08:59:22.930+0000][1][safepoint    ] Safepoint "Cleanup", Time since last: 1001180651 ns, Reaching safepoint: 73924 ns, At safepoint: 8141 ns, Total: 82065 ns
[2020-02-26T08:59:23.432+0000][1][safepoint    ] Safepoint "RevokeBias", Time since last: 502037749 ns, Reaching safepoint: 75447 ns, At safepoint: 19806 ns, Total: 95253 ns
[2020-02-26T08:59:24.432+0000][1][safepoint    ] Safepoint "Cleanup", Time since last: 1000288834 ns, Reaching safepoint: 78166 ns, At safepoint: 8998 ns, Total: 87164 ns
[2020-02-26T08:59:25.433+0000][1][safepoint    ] Safepoint "Cleanup", Time since last: 1000445472 ns, Reaching safepoint: 77429 ns, At safepoint: 9534 ns, Total: 86963 ns
[2020-02-26T08:59:25.936+0000][1][safepoint    ] Safepoint "RevokeBias", Time since last: 502880405 ns, Reaching safepoint: 74443 ns, At safepoint: 19584 ns, Total: 94027 ns
[2020-02-26T08:59:26.936+0000][1][safepoint    ] Safepoint "Cleanup", Time since last: 1000413146 ns, Reaching safepoint: 77996 ns, At safepoint: 9524 ns, Total: 87520 ns
[2020-02-26T08:59:27.942+0000][1][safepoint    ] Safepoint "Cleanup", Time since last: 1005727810 ns, Reaching safepoint: 156845 ns, At safepoint: 31081 ns, Total: 187926 ns
[2020-02-26T08:59:28.439+0000][1][safepoint    ] Safepoint "RevokeBias", Time since last: 497030407 ns, Reaching safepoint: 75787 ns, At safepoint: 19281 ns, Total: 95068 ns
[2020-02-26T08:59:29.440+0000][1][safepoint    ] Safepoint "Cleanup", Time since last: 1001092609 ns, Reaching safepoint: 159544 ns, At safepoint: 9221 ns, Total: 168765 ns
[2020-02-26T08:59:30.441+0000][1][safepoint    ] Safepoint "Cleanup", Time since last: 1000356354 ns, Reaching safepoint: 121367 ns, At safepoint: 28298 ns, Total: 149665 ns
[2020-02-26T08:59:30.945+0000][1][safepoint    ] Safepoint "RevokeBias", Time since last: 504185023 ns, Reaching safepoint: 75247 ns, At safepoint: 82819 ns, Total: 158066 ns
[2020-02-26T08:59:31.946+0000][1][safepoint    ] Safepoint "Cleanup", Time since last: 1000874329 ns, Reaching safepoint: 112274 ns, At safepoint: 13229 ns, Total: 125503 ns
[2020-02-26T08:59:32.949+0000][1][safepoint    ] Safepoint "Cleanup", Time since last: 1003033025 ns, Reaching safepoint: 116401 ns, At safepoint: 8846 ns, Total: 125247 ns
[2020-02-26T08:59:33.462+0000][1][safepoint    ] Safepoint "RevokeBias", Time since last: 512803925 ns, Reaching safepoint: 236957 ns, At safepoint: 24189 ns, Total: 261146 ns
[2020-02-26T08:59:34.463+0000][1][safepoint    ] Safepoint "Cleanup", Time since last: 1000589797 ns, Reaching safepoint: 75812 ns, At safepoint: 9160 ns, Total: 84972 ns
[2020-02-26T08:59:35.464+0000][1][safepoint    ] Safepoint "Cleanup", Time since last: 1000670988 ns, Reaching safepoint: 117035 ns, At safepoint: 12600 ns, Total: 129635 ns
[2020-02-26T08:59:35.975+0000][1][safepoint    ] Safepoint "RevokeBias", Time since last: 510990668 ns, Reaching safepoint: 118482 ns, At safepoint: 29922 ns, Total: 148404 ns
[2020-02-26T08:59:36.975+0000][1][safepoint    ] Safepoint "Cleanup", Time since last: 1000167958 ns, Reaching safepoint: 84383 ns, At safepoint: 10269 ns, Total: 94652 ns
[2020-02-26T08:59:37.976+0000][1][safepoint    ] Safepoint "Cleanup", Time since last: 1000176605 ns, Reaching safepoint: 108097 ns, At safepoint: 10122 ns, Total: 118219 ns
[2020-02-26T08:59:38.486+0000][1][safepoint    ] Safepoint "RevokeBias", Time since last: 510077408 ns, Reaching safepoint: 75061 ns, At safepoint: 36457 ns, Total: 111518 ns
[2020-02-26T08:59:39.487+0000][1][safepoint    ] Safepoint "Cleanup", Time since last: 1000745745 ns, Reaching safepoint: 77299 ns, At safepoint: 9464 ns, Total: 86763 ns
[2020-02-26T08:59:40.487+0000][1][safepoint    ] Safepoint "Cleanup", Time since last: 1000672635 ns, Reaching safepoint: 75029 ns, At safepoint: 8548 ns, Total: 83577 ns
[2020-02-26T08:59:40.998+0000][1][safepoint    ] Safepoint "RevokeBias", Time since last: 510684966 ns, Reaching safepoint: 74053 ns, At safepoint: 19983 ns, Total: 94036 ns
[2020-02-26T08:59:41.999+0000][1][safepoint    ] Safepoint "Cleanup", Time since last: 1000628994 ns, Reaching safepoint: 78418 ns, At safepoint: 8893 ns, Total: 87311 ns
[2020-02-26T08:59:43.000+0000][1][safepoint    ] Safepoint "Cleanup", Time since last: 1000662101 ns, Reaching safepoint: 77319 ns, At safepoint: 9682 ns, Total: 87001 ns
[2020-02-26T08:59:43.505+0000][1][safepoint    ] Safepoint "RevokeBias", Time since last: 504856988 ns, Reaching safepoint: 83405 ns, At safepoint: 21682 ns, Total: 105087 ns
[2020-02-26T08:59:45.408+0000][1][safepoint    ] Safepoint "Cleanup", Time since last: 1903319003 ns, Reaching safepoint: 75600 ns, At safepoint: 9112 ns, Total: 84712 ns
[2020-02-26T08:59:46.012+0000][1][safepoint    ] Safepoint "RevokeBias", Time since last: 603668434 ns, Reaching safepoint: 72265 ns, At safepoint: 19013 ns, Total: 91278 ns
[2020-02-26T08:59:47.013+0000][1][safepoint    ] Safepoint "Cleanup", Time since last: 1000849374 ns, Reaching safepoint: 93935 ns, At safepoint: 9066 ns, Total: 103001 ns
[2020-02-26T08:59:48.013+0000][1][safepoint    ] Safepoint "Cleanup", Time since last: 1000249775 ns, Reaching safepoint: 74138 ns, At safepoint: 8645 ns, Total: 82783 ns
[2020-02-26T08:59:48.516+0000][1][safepoint    ] Safepoint "RevokeBias", Time since last: 502801758 ns, Reaching safepoint: 75233 ns, At safepoint: 18949 ns, Total: 94182 ns
[2020-02-26T08:59:49.518+0000][1][safepoint    ] Safepoint "Cleanup", Time since last: 1001892620 ns, Reaching safepoint: 129983 ns, At safepoint: 8456 ns, Total: 138439 ns
[2020-02-26T08:59:50.518+0000][1][safepoint    ] Safepoint "Cleanup", Time since last: 1000206310 ns, Reaching safepoint: 83221 ns, At safepoint: 9913 ns, Total: 93134 ns
[2020-02-26T08:59:51.022+0000][1][safepoint    ] Safepoint "RevokeBias", Time since last: 503283392 ns, Reaching safepoint: 150592 ns, At safepoint: 26432 ns, Total: 177024 ns
[2020-02-26T08:59:52.022+0000][1][safepoint    ] Safepoint "Cleanup", Time since last: 1000496954 ns, Reaching safepoint: 75902 ns, At safepoint: 8677 ns, Total: 84579 ns
[2020-02-26T08:59:53.023+0000][1][safepoint    ] Safepoint "Cleanup", Time since last: 1000267910 ns, Reaching safepoint: 105909 ns, At safepoint: 10601 ns, Total: 116510 ns
[2020-02-26T08:59:53.528+0000][1][safepoint    ] Safepoint "RevokeBias", Time since last: 505184381 ns, Reaching safepoint: 73247 ns, At safepoint: 38801 ns, Total: 112048 ns
[2020-02-26T08:59:54.531+0000][1][safepoint    ] Safepoint "Cleanup", Time since last: 1003248467 ns, Reaching safepoint: 84483 ns, At safepoint: 8752 ns, Total: 93235 ns
[2020-02-26T08:59:55.532+0000][1][safepoint    ] Safepoint "Cleanup", Time since last: 1000427372 ns, Reaching safepoint: 73963 ns, At safepoint: 7852 ns, Total: 81815 ns
[2020-02-26T08:59:56.038+0000][1][safepoint    ] Safepoint "RevokeBias", Time since last: 505852669 ns, Reaching safepoint: 71412 ns, At safepoint: 18998 ns, Total: 90410 ns
[2020-02-26T08:59:57.039+0000][1][safepoint    ] Safepoint "Cleanup", Time since last: 1000662276 ns, Reaching safepoint: 83956 ns, At safepoint: 9594 ns, Total: 93550 ns
[2020-02-26T08:59:58.039+0000][1][safepoint    ] Safepoint "Cleanup", Time since last: 1000213511 ns, Reaching safepoint: 80455 ns, At safepoint: 8939 ns, Total: 89394 ns
[2020-02-26T08:59:58.542+0000][1][safepoint    ] Safepoint "RevokeBias", Time since last: 502991781 ns, Reaching safepoint: 77568 ns, At safepoint: 20747 ns, Total: 98315 ns
[2020-02-26T08:59:59.543+0000][1][safepoint    ] Safepoint "Cleanup", Time since last: 1000756618 ns, Reaching safepoint: 91461 ns, At safepoint: 8667 ns, Total: 100128 ns
[2020-02-26T09:00:00.547+0000][1][safepoint    ] Safepoint "Cleanup", Time since last: 1004313248 ns, Reaching safepoint: 76923 ns, At safepoint: 8691 ns, Total: 85614 ns
[2020-02-26T09:00:01.048+0000][1][safepoint    ] Safepoint "RevokeBias", Time since last: 500654476 ns, Reaching safepoint: 74237 ns, At safepoint: 19743 ns, Total: 93980 ns
[2020-02-26T09:00:02.049+0000][1][safepoint    ] Safepoint "Cleanup", Time since last: 1000799393 ns, Reaching safepoint: 81414 ns, At safepoint: 9307 ns, Total: 90721 ns
[2020-02-26T09:00:03.049+0000][1][safepoint    ] Safepoint "Cleanup", Time since last: 1000390688 ns, Reaching safepoint: 111533 ns, At safepoint: 8631 ns, Total: 120164 ns
[2020-02-26T09:00:03.553+0000][1][gc,start     ] GC(42) Pause Young (Allocation Failure)
[2020-02-26T09:00:03.553+0000][1][gc,task      ] GC(42) Using 1 workers of 1 for evacuation
[2020-02-26T09:00:03.563+0000][1][gc,age       ] GC(42) Desired survivor size 4358144 bytes, new threshold 6 (max threshold 6)
[2020-02-26T09:00:03.563+0000][1][gc,age       ] GC(42) Age table with threshold 6 (max threshold 6)
[2020-02-26T09:00:03.563+0000][1][gc,age       ] GC(42) - age   1:      26856 bytes,      26856 total
[2020-02-26T09:00:03.563+0000][1][gc,age       ] GC(42) - age   2:       1688 bytes,      28544 total
[2020-02-26T09:00:03.563+0000][1][gc,age       ] GC(42) - age   3:       1696 bytes,      30240 total
[2020-02-26T09:00:03.563+0000][1][gc,age       ] GC(42) - age   4:       1464 bytes,      31704 total
[2020-02-26T09:00:03.563+0000][1][gc,age       ] GC(42) - age   5:       4320 bytes,      36024 total
[2020-02-26T09:00:03.564+0000][1][gc,age       ] GC(42) - age   6:       2568 bytes,      38592 total
[2020-02-26T09:00:03.564+0000][1][gc,heap      ] GC(42) ParNew: 68185K->49K(76672K)
[2020-02-26T09:00:03.564+0000][1][gc,heap      ] GC(42) CMS: 62593K->62595K(963392K)
[2020-02-26T09:00:03.564+0000][1][gc,metaspace ] GC(42) Metaspace: 79229K->79229K(1122304K)
[2020-02-26T09:00:03.564+0000][1][gc           ] GC(42) Pause Young (Allocation Failure) 127M->61M(1015M) 10.923ms
[2020-02-26T09:00:03.564+0000][1][gc,cpu       ] GC(42) User=0.01s Sys=0.00s Real=0.01s
[2020-02-26T09:00:03.564+0000][1][safepoint    ] Safepoint "GenCollectForAllocation", Time since last: 503254792 ns, Reaching safepoint: 78735 ns, At safepoint: 10982610 ns, Total: 11061345 ns
[2020-02-26T09:00:03.564+0000][1][safepoint    ] Safepoint "RevokeBias", Time since last: 748701 ns, Reaching safepoint: 70365 ns, At safepoint: 18375 ns, Total: 88740 ns
[2020-02-26T09:00:04.565+0000][1][safepoint    ] Safepoint "Cleanup", Time since last: 1000796288 ns, Reaching safepoint: 73601 ns, At safepoint: 7850 ns, Total: 81451 ns
[2020-02-26T09:00:05.574+0000][1][safepoint    ] Safepoint "Cleanup", Time since last: 1008153818 ns, Reaching safepoint: 69275 ns, At safepoint: 7134 ns, Total: 76409 ns
[2020-02-26T09:00:06.069+0000][1][safepoint    ] Safepoint "RevokeBias", Time since last: 495402993 ns, Reaching safepoint: 75897 ns, At safepoint: 19982 ns, Total: 95879 ns
[2020-02-26T09:00:07.070+0000][1][safepoint    ] Safepoint "Cleanup", Time since last: 1000976892 ns, Reaching safepoint: 89804 ns, At safepoint: 7620 ns, Total: 97424 ns
[2020-02-26T09:00:08.071+0000][1][safepoint    ] Safepoint "Cleanup", Time since last: 1000331904 ns, Reaching safepoint: 112780 ns, At safepoint: 11564 ns, Total: 124344 ns
[2020-02-26T09:00:08.572+0000][1][safepoint    ] Safepoint "RevokeBias", Time since last: 501725658 ns, Reaching safepoint: 72718 ns, At safepoint: 19810 ns, Total: 92528 ns
[2020-02-26T09:00:09.712+0000][1][safepoint    ] Safepoint "Cleanup", Time since last: 1139135200 ns, Reaching safepoint: 72135 ns, At safepoint: 8733 ns, Total: 80868 ns
[2020-02-26T09:00:10.714+0000][1][safepoint    ] Safepoint "Cleanup", Time since last: 1002511307 ns, Reaching safepoint: 60687 ns, At safepoint: 7999 ns, Total: 68686 ns
[2020-02-26T09:00:11.095+0000][1][safepoint    ] Safepoint "BulkRevokeBias", Time since last: 380888387 ns, Reaching safepoint: 73507 ns, At safepoint: 190602 ns, Total: 264109 ns
[2020-02-26T09:00:12.096+0000][1][safepoint    ] Safepoint "Cleanup", Time since last: 1000491581 ns, Reaching safepoint: 79721 ns, At safepoint: 9557 ns, Total: 89278 ns
[2020-02-26T09:00:13.097+0000][1][safepoint    ] Safepoint "Cleanup", Time since last: 1000761983 ns, Reaching safepoint: 81547 ns, At safepoint: 9549 ns, Total: 91096 ns
[2020-02-26T09:00:13.613+0000][1][safepoint    ] Safepoint "RevokeBias", Time since last: 515780276 ns, Reaching safepoint: 94826 ns, At safepoint: 19419 ns, Total: 114245 ns
[2020-02-26T09:00:14.628+0000][1][safepoint    ] Safepoint "Cleanup", Time since last: 1014953187 ns, Reaching safepoint: 77856 ns, At safepoint: 9091 ns, Total: 86947 ns
[2020-02-26T09:00:15.628+0000][1][safepoint    ] Safepoint "Cleanup", Time since last: 1000162938 ns, Reaching safepoint: 96588 ns, At safepoint: 9207 ns, Total: 105795 ns
[2020-02-26T09:00:16.134+0000][1][safepoint    ] Safepoint "RevokeBias", Time since last: 506081753 ns, Reaching safepoint: 55583 ns, At safepoint: 17010 ns, Total: 72593 ns
[2020-02-26T09:00:17.135+0000][1][safepoint    ] Safepoint "Cleanup", Time since last: 1000838045 ns, Reaching safepoint: 76265 ns, At safepoint: 8374 ns, Total: 84639 ns
[2020-02-26T09:00:18.136+0000][1][safepoint    ] Safepoint "Cleanup", Time since last: 1001100556 ns, Reaching safepoint: 80220 ns, At safepoint: 9544 ns, Total: 89764 ns
[2020-02-26T09:00:18.648+0000][1][safepoint    ] Safepoint "RevokeBias", Time since last: 511949778 ns, Reaching safepoint: 76869 ns, At safepoint: 19716 ns, Total: 96585 ns
[2020-02-26T09:00:19.649+0000][1][safepoint    ] Safepoint "Cleanup", Time since last: 1000921700 ns, Reaching safepoint: 115470 ns, At safepoint: 36015 ns, Total: 151485 ns
[2020-02-26T09:00:20.650+0000][1][safepoint    ] Safepoint "Cleanup", Time since last: 1000187733 ns, Reaching safepoint: 80041 ns, At safepoint: 8984 ns, Total: 89025 ns
[2020-02-26T09:00:21.174+0000][1][safepoint    ] Safepoint "RevokeBias", Time since last: 524121369 ns, Reaching safepoint: 118167 ns, At safepoint: 93292 ns, Total: 211459 ns
[2020-02-26T09:00:22.175+0000][1][safepoint    ] Safepoint "Cleanup", Time since last: 1000439814 ns, Reaching safepoint: 81375 ns, At safepoint: 9001 ns, Total: 90376 ns
[2020-02-26T09:00:23.175+0000][1][safepoint    ] Safepoint "Cleanup", Time since last: 1000211644 ns, Reaching safepoint: 142703 ns, At safepoint: 30860 ns, Total: 173563 ns
[2020-02-26T09:00:23.682+0000][1][safepoint    ] Safepoint "RevokeBias", Time since last: 507199442 ns, Reaching safepoint: 79076 ns, At safepoint: 20354 ns, Total: 99430 ns
[2020-02-26T09:00:24.683+0000][1][safepoint    ] Safepoint "Cleanup", Time since last: 1000435035 ns, Reaching safepoint: 87361 ns, At safepoint: 9860 ns, Total: 97221 ns
[2020-02-26T09:00:25.683+0000][1][safepoint    ] Safepoint "Cleanup", Time since last: 1000288788 ns, Reaching safepoint: 92031 ns, At safepoint: 11011 ns, Total: 103042 ns
[2020-02-26T09:00:26.193+0000][1][safepoint    ] Safepoint "RevokeBias", Time since last: 509808646 ns, Reaching safepoint: 77515 ns, At safepoint: 20513 ns, Total: 98028 ns
[2020-02-26T09:00:27.195+0000][1][safepoint    ] Safepoint "Cleanup", Time since last: 1001897499 ns, Reaching safepoint: 97968 ns, At safepoint: 8924 ns, Total: 106892 ns
[2020-02-26T09:00:28.195+0000][1][safepoint    ] Safepoint "Cleanup", Time since last: 1000324638 ns, Reaching safepoint: 82156 ns, At safepoint: 9042 ns, Total: 91198 ns
[2020-02-26T09:00:28.703+0000][1][safepoint    ] Safepoint "RevokeBias", Time since last: 507677422 ns, Reaching safepoint: 77065 ns, At safepoint: 19687 ns, Total: 96752 ns
[2020-02-26T09:00:29.704+0000][1][safepoint    ] Safepoint "Cleanup", Time since last: 1000506202 ns, Reaching safepoint: 79985 ns, At safepoint: 8394 ns, Total: 88379 ns
[2020-02-26T09:00:30.704+0000][1][safepoint    ] Safepoint "Cleanup", Time since last: 1000185561 ns, Reaching safepoint: 97399 ns, At safepoint: 8791 ns, Total: 106190 ns
[2020-02-26T09:00:31.210+0000][1][safepoint    ] Safepoint "RevokeBias", Time since last: 505929129 ns, Reaching safepoint: 191371 ns, At safepoint: 23550 ns, Total: 214921 ns
[2020-02-26T09:00:32.214+0000][1][safepoint    ] Safepoint "Cleanup", Time since last: 1003976772 ns, Reaching safepoint: 124602 ns, At safepoint: 13202 ns, Total: 137804 ns
[2020-02-26T09:00:33.215+0000][1][safepoint    ] Safepoint "Cleanup", Time since last: 1000376761 ns, Reaching safepoint: 98965 ns, At safepoint: 8201 ns, Total: 107166 ns
[2020-02-26T09:00:33.717+0000][1][safepoint    ] Safepoint "RevokeBias", Time since last: 501946635 ns, Reaching safepoint: 79468 ns, At safepoint: 37336 ns, Total: 116804 ns
[2020-02-26T09:00:34.717+0000][1][safepoint    ] Safepoint "Cleanup", Time since last: 1000247247 ns, Reaching safepoint: 84190 ns, At safepoint: 9428 ns, Total: 93618 ns
[2020-02-26T09:00:35.718+0000][1][safepoint    ] Safepoint "Cleanup", Time since last: 1000538145 ns, Reaching safepoint: 83536 ns, At safepoint: 9152 ns, Total: 92688 ns
[2020-02-26T09:00:36.225+0000][1][safepoint    ] Safepoint "RevokeBias", Time since last: 506685542 ns, Reaching safepoint: 82957 ns, At safepoint: 20538 ns, Total: 103495 ns
[2020-02-26T09:00:37.228+0000][1][safepoint    ] Safepoint "Cleanup", Time since last: 1003642118 ns, Reaching safepoint: 100724 ns, At safepoint: 9244 ns, Total: 109968 ns
[2020-02-26T09:00:38.229+0000][1][safepoint    ] Safepoint "Cleanup", Time since last: 1000469857 ns, Reaching safepoint: 129803 ns, At safepoint: 9545 ns, Total: 139348 ns
[2020-02-26T09:00:38.728+0000][1][safepoint    ] Safepoint "RevokeBias", Time since last: 498756815 ns, Reaching safepoint: 82657 ns, At safepoint: 20657 ns, Total: 103314 ns
[2020-02-26T09:00:39.728+0000][1][safepoint    ] Safepoint "Cleanup", Time since last: 1000206180 ns, Reaching safepoint: 86019 ns, At safepoint: 9096 ns, Total: 95115 ns
[2020-02-26T09:00:40.729+0000][1][safepoint    ] Safepoint "Cleanup", Time since last: 1000520661 ns, Reaching safepoint: 87976 ns, At safepoint: 10006 ns, Total: 97982 ns
[2020-02-26T09:00:41.236+0000][1][safepoint    ] Safepoint "RevokeBias", Time since last: 506592776 ns, Reaching safepoint: 120038 ns, At safepoint: 26722 ns, Total: 146760 ns
[2020-02-26T09:00:42.236+0000][1][safepoint    ] Safepoint "Cleanup", Time since last: 1000410241 ns, Reaching safepoint: 130932 ns, At safepoint: 10032 ns, Total: 140964 ns
[2020-02-26T09:00:43.236+0000][1][safepoint    ] Safepoint "Cleanup", Time since last: 1000205179 ns, Reaching safepoint: 80233 ns, At safepoint: 7838 ns, Total: 88071 ns
[2020-02-26T09:00:43.741+0000][1][safepoint    ] Safepoint "RevokeBias", Time since last: 504298840 ns, Reaching safepoint: 85125 ns, At safepoint: 20020 ns, Total: 105145 ns
[2020-02-26T09:00:44.741+0000][1][safepoint    ] Safepoint "Cleanup", Time since last: 1000356402 ns, Reaching safepoint: 240314 ns, At safepoint: 31380 ns, Total: 271694 ns
[2020-02-26T09:00:45.743+0000][1][safepoint    ] Safepoint "Cleanup", Time since last: 1001050025 ns, Reaching safepoint: 99469 ns, At safepoint: 9295 ns, Total: 108764 ns
[2020-02-26T09:00:46.246+0000][1][safepoint    ] Safepoint "RevokeBias", Time since last: 503464995 ns, Reaching safepoint: 142161 ns, At safepoint: 52535 ns, Total: 194696 ns
[2020-02-26T09:00:47.247+0000][1][safepoint    ] Safepoint "Cleanup", Time since last: 1000260737 ns, Reaching safepoint: 472926 ns, At safepoint: 63640 ns, Total: 536566 ns
[2020-02-26T09:00:48.250+0000][1][safepoint    ] Safepoint "Cleanup", Time since last: 1002721408 ns, Reaching safepoint: 102851 ns, At safepoint: 11289 ns, Total: 114140 ns
[2020-02-26T09:00:48.761+0000][1][safepoint    ] Safepoint "RevokeBias", Time since last: 511068888 ns, Reaching safepoint: 77426 ns, At safepoint: 20054 ns, Total: 97480 ns
[2020-02-26T09:00:49.762+0000][1][safepoint    ] Safepoint "Cleanup", Time since last: 1000782009 ns, Reaching safepoint: 83548 ns, At safepoint: 9685 ns, Total: 93233 ns
[2020-02-26T09:00:50.763+0000][1][safepoint    ] Safepoint "Cleanup", Time since last: 1000480802 ns, Reaching safepoint: 83973 ns, At safepoint: 9721 ns, Total: 93694 ns
[2020-02-26T09:00:51.276+0000][1][safepoint    ] Safepoint "RevokeBias", Time since last: 512973944 ns, Reaching safepoint: 87230 ns, At safepoint: 109977 ns, Total: 197207 ns
[2020-02-26T09:00:52.276+0000][1][safepoint    ] Safepoint "Cleanup", Time since last: 1000530028 ns, Reaching safepoint: 91387 ns, At safepoint: 9879 ns, Total: 101266 ns
[2020-02-26T09:00:53.277+0000][1][safepoint    ] Safepoint "Cleanup", Time since last: 1000345226 ns, Reaching safepoint: 87962 ns, At safepoint: 10725 ns, Total: 98687 ns
[2020-02-26T09:00:53.803+0000][1][safepoint    ] Safepoint "RevokeBias", Time since last: 525617889 ns, Reaching safepoint: 71368 ns, At safepoint: 56703 ns, Total: 128071 ns
[2020-02-26T09:00:54.803+0000][1][safepoint    ] Safepoint "Cleanup", Time since last: 1000374609 ns, Reaching safepoint: 99663 ns, At safepoint: 11773 ns, Total: 111436 ns
[2020-02-26T09:00:55.804+0000][1][safepoint    ] Safepoint "Cleanup", Time since last: 1000527920 ns, Reaching safepoint: 130665 ns, At safepoint: 14529 ns, Total: 145194 ns
[2020-02-26T09:00:56.316+0000][1][safepoint    ] Safepoint "RevokeBias", Time since last: 512044271 ns, Reaching safepoint: 79691 ns, At safepoint: 19976 ns, Total: 99667 ns
[2020-02-26T09:00:57.317+0000][1][safepoint    ] Safepoint "Cleanup", Time since last: 1000844515 ns, Reaching safepoint: 149050 ns, At safepoint: 21602 ns, Total: 170652 ns
[2020-02-26T09:00:58.317+0000][1][safepoint    ] Safepoint "Cleanup", Time since last: 1000387785 ns, Reaching safepoint: 205587 ns, At safepoint: 27927 ns, Total: 233514 ns
[2020-02-26T09:00:58.827+0000][1][safepoint    ] Safepoint "RevokeBias", Time since last: 509681183 ns, Reaching safepoint: 59852 ns, At safepoint: 36060 ns, Total: 95912 ns
[2020-02-26T09:00:59.827+0000][1][safepoint    ] Safepoint "Cleanup", Time since last: 1000109292 ns, Reaching safepoint: 83225 ns, At safepoint: 8494 ns, Total: 91719 ns
[2020-02-26T09:01:00.828+0000][1][safepoint    ] Safepoint "Cleanup", Time since last: 1000270983 ns, Reaching safepoint: 91832 ns, At safepoint: 10433 ns, Total: 102265 ns
[2020-02-26T09:01:01.343+0000][1][safepoint    ] Safepoint "RevokeBias", Time since last: 515019894 ns, Reaching safepoint: 83211 ns, At safepoint: 20770 ns, Total: 103981 ns
[2020-02-26T09:01:02.344+0000][1][safepoint    ] Safepoint "Cleanup", Time since last: 1000537719 ns, Reaching safepoint: 83957 ns, At safepoint: 9403 ns, Total: 93360 ns
[2020-02-26T09:01:03.350+0000][1][safepoint    ] Safepoint "Cleanup", Time since last: 1005857028 ns, Reaching safepoint: 83226 ns, At safepoint: 9291 ns, Total: 92517 ns
[2020-02-26T09:01:03.852+0000][1][safepoint    ] Safepoint "RevokeBias", Time since last: 502566993 ns, Reaching safepoint: 60487 ns, At safepoint: 18634 ns, Total: 79121 ns
[2020-02-26T09:01:04.863+0000][1][safepoint    ] Safepoint "Cleanup", Time since last: 1010282261 ns, Reaching safepoint: 81767 ns, At safepoint: 8436 ns, Total: 90203 ns
[2020-02-26T09:01:05.864+0000][1][safepoint    ] Safepoint "Cleanup", Time since last: 1000807339 ns, Reaching safepoint: 201087 ns, At safepoint: 13377 ns, Total: 214464 ns
[2020-02-26T09:01:06.368+0000][1][safepoint    ] Safepoint "RevokeBias", Time since last: 504482048 ns, Reaching safepoint: 62031 ns, At safepoint: 19584 ns, Total: 81615 ns
[2020-02-26T09:01:07.369+0000][1][safepoint    ] Safepoint "Cleanup", Time since last: 1000477187 ns, Reaching safepoint: 134483 ns, At safepoint: 9294 ns, Total: 143777 ns
[2020-02-26T09:01:08.370+0000][1][safepoint    ] Safepoint "Cleanup", Time since last: 1000780545 ns, Reaching safepoint: 85557 ns, At safepoint: 9331 ns, Total: 94888 ns
[2020-02-26T09:01:08.871+0000][1][safepoint    ] Safepoint "RevokeBias", Time since last: 501239502 ns, Reaching safepoint: 80672 ns, At safepoint: 20802 ns, Total: 101474 ns
[2020-02-26T09:01:09.872+0000][1][safepoint    ] Safepoint "Cleanup", Time since last: 1001096446 ns, Reaching safepoint: 211603 ns, At safepoint: 11009 ns, Total: 222612 ns
[2020-02-26T09:01:10.877+0000][1][safepoint    ] Safepoint "Cleanup", Time since last: 1004288350 ns, Reaching safepoint: 79799 ns, At safepoint: 8795 ns, Total: 88594 ns
[2020-02-26T09:01:11.375+0000][1][safepoint    ] Safepoint "RevokeBias", Time since last: 497703122 ns, Reaching safepoint: 122748 ns, At safepoint: 31096 ns, Total: 153844 ns
[2020-02-26T09:01:12.375+0000][1][safepoint    ] Safepoint "Cleanup", Time since last: 1000767168 ns, Reaching safepoint: 100158 ns, At safepoint: 9622 ns, Total: 109780 ns
[2020-02-26T09:01:13.376+0000][1][safepoint    ] Safepoint "Cleanup", Time since last: 1000665940 ns, Reaching safepoint: 98549 ns, At safepoint: 8855 ns, Total: 107404 ns
[2020-02-26T09:01:13.882+0000][1][safepoint    ] Safepoint "RevokeBias", Time since last: 505720132 ns, Reaching safepoint: 79237 ns, At safepoint: 20121 ns, Total: 99358 ns
[2020-02-26T09:01:14.882+0000][1][safepoint    ] Safepoint "Cleanup", Time since last: 1000377549 ns, Reaching safepoint: 89258 ns, At safepoint: 9843 ns, Total: 99101 ns
[2020-02-26T09:01:15.884+0000][1][safepoint    ] Safepoint "Cleanup", Time since last: 1001204311 ns, Reaching safepoint: 116607 ns, At safepoint: 11484 ns, Total: 128091 ns
[2020-02-26T09:01:16.396+0000][1][safepoint    ] Safepoint "RevokeBias", Time since last: 511934750 ns, Reaching safepoint: 150842 ns, At safepoint: 24415 ns, Total: 175257 ns
[2020-02-26T09:01:17.397+0000][1][safepoint    ] Safepoint "Cleanup", Time since last: 1000447522 ns, Reaching safepoint: 137439 ns, At safepoint: 15147 ns, Total: 152586 ns
[2020-02-26T09:01:18.398+0000][1][safepoint    ] Safepoint "Cleanup", Time since last: 1000909556 ns, Reaching safepoint: 734798 ns, At safepoint: 9747 ns, Total: 744545 ns
[2020-02-26T09:01:18.906+0000][1][safepoint    ] Safepoint "RevokeBias", Time since last: 507255701 ns, Reaching safepoint: 82372 ns, At safepoint: 24744 ns, Total: 107116 ns
[2020-02-26T09:01:19.906+0000][1][safepoint    ] Safepoint "Cleanup", Time since last: 1000842768 ns, Reaching safepoint: 83111 ns, At safepoint: 9076 ns, Total: 92187 ns
[2020-02-26T09:01:20.907+0000][1][safepoint    ] Safepoint "Cleanup", Time since last: 1000416853 ns, Reaching safepoint: 81345 ns, At safepoint: 9013 ns, Total: 90358 ns
[2020-02-26T09:01:21.423+0000][1][safepoint    ] Safepoint "RevokeBias", Time since last: 515662695 ns, Reaching safepoint: 121182 ns, At safepoint: 20252 ns, Total: 141434 ns
[2020-02-26T09:01:22.424+0000][1][safepoint    ] Safepoint "Cleanup", Time since last: 1000743437 ns, Reaching safepoint: 81881 ns, At safepoint: 9837 ns, Total: 91718 ns
[2020-02-26T09:01:23.424+0000][1][safepoint    ] Safepoint "Cleanup", Time since last: 1000420709 ns, Reaching safepoint: 125445 ns, At safepoint: 13072 ns, Total: 138517 ns
[2020-02-26T09:01:23.933+0000][1][safepoint    ] Safepoint "BulkRevokeBias", Time since last: 508256159 ns, Reaching safepoint: 104811 ns, At safepoint: 435469 ns, Total: 540280 ns
[2020-02-26T09:01:24.933+0000][1][safepoint    ] Safepoint "Cleanup", Time since last: 1000398730 ns, Reaching safepoint: 88480 ns, At safepoint: 10770 ns, Total: 99250 ns
[2020-02-26T09:01:25.934+0000][1][safepoint    ] Safepoint "Cleanup", Time since last: 1000401874 ns, Reaching safepoint: 103511 ns, At safepoint: 18364 ns, Total: 121875 ns
[2020-02-26T09:01:26.437+0000][1][safepoint    ] Safepoint "RevokeBias", Time since last: 503337580 ns, Reaching safepoint: 78499 ns, At safepoint: 20375 ns, Total: 98874 ns
[2020-02-26T09:01:27.439+0000][1][safepoint    ] Safepoint "Cleanup", Time since last: 1001675978 ns, Reaching safepoint: 97593 ns, At safepoint: 8523 ns, Total: 106116 ns
[2020-02-26T09:01:28.440+0000][1][safepoint    ] Safepoint "Cleanup", Time since last: 1000601321 ns, Reaching safepoint: 82877 ns, At safepoint: 8871 ns, Total: 91748 ns
[2020-02-26T09:01:28.940+0000][1][safepoint    ] Safepoint "RevokeBias", Time since last: 500467715 ns, Reaching safepoint: 82809 ns, At safepoint: 37175 ns, Total: 119984 ns
[2020-02-26T09:01:29.942+0000][1][safepoint    ] Safepoint "Cleanup", Time since last: 1000929451 ns, Reaching safepoint: 213904 ns, At safepoint: 10801 ns, Total: 224705 ns
[2020-02-26T09:01:30.942+0000][1][safepoint    ] Safepoint "Cleanup", Time since last: 1000093391 ns, Reaching safepoint: 191198 ns, At safepoint: 9952 ns, Total: 201150 ns
[2020-02-26T09:01:31.445+0000][1][safepoint    ] Safepoint "RevokeBias", Time since last: 503218646 ns, Reaching safepoint: 123031 ns, At safepoint: 136567 ns, Total: 259598 ns
[2020-02-26T09:01:32.452+0000][1][safepoint    ] Safepoint "Cleanup", Time since last: 1006390188 ns, Reaching safepoint: 84370 ns, At safepoint: 9002 ns, Total: 93372 ns
[2020-02-26T09:01:33.452+0000][1][safepoint    ] Safepoint "Cleanup", Time since last: 1000198248 ns, Reaching safepoint: 84363 ns, At safepoint: 8709 ns, Total: 93072 ns
[2020-02-26T09:01:33.953+0000][1][safepoint    ] Safepoint "RevokeBias", Time since last: 500119109 ns, Reaching safepoint: 182244 ns, At safepoint: 38281 ns, Total: 220525 ns
[2020-02-26T09:01:34.953+0000][1][safepoint    ] Safepoint "Cleanup", Time since last: 1000366557 ns, Reaching safepoint: 130978 ns, At safepoint: 9402 ns, Total: 140380 ns
[2020-02-26T09:01:35.954+0000][1][safepoint    ] Safepoint "Cleanup", Time since last: 1000230871 ns, Reaching safepoint: 187483 ns, At safepoint: 152709 ns, Total: 340192 ns
[2020-02-26T09:01:36.456+0000][1][safepoint    ] Safepoint "RevokeBias", Time since last: 502782884 ns, Reaching safepoint: 58630 ns, At safepoint: 18712 ns, Total: 77342 ns
[2020-02-26T09:01:37.457+0000][1][safepoint    ] Safepoint "Cleanup", Time since last: 1000566497 ns, Reaching safepoint: 126248 ns, At safepoint: 26447 ns, Total: 152695 ns
[2020-02-26T09:01:38.961+0000][1][safepoint    ] Safepoint "RevokeBias", Time since last: 1503838160 ns, Reaching safepoint: 85184 ns, At safepoint: 20574 ns, Total: 105758 ns
[2020-02-26T09:01:39.962+0000][1][safepoint    ] Safepoint "Cleanup", Time since last: 1000653272 ns, Reaching safepoint: 99517 ns, At safepoint: 11890 ns, Total: 111407 ns
[2020-02-26T09:01:40.975+0000][1][safepoint    ] Safepoint "Cleanup", Time since last: 1012767757 ns, Reaching safepoint: 218661 ns, At safepoint: 10181 ns, Total: 228842 ns
[2020-02-26T09:01:41.466+0000][1][safepoint    ] Safepoint "RevokeBias", Time since last: 490829843 ns, Reaching safepoint: 82092 ns, At safepoint: 21492 ns, Total: 103584 ns
[2020-02-26T09:01:42.467+0000][1][safepoint    ] Safepoint "Cleanup", Time since last: 1000886029 ns, Reaching safepoint: 84946 ns, At safepoint: 8855 ns, Total: 93801 ns
[2020-02-26T09:01:43.473+0000][1][safepoint    ] Safepoint "Cleanup", Time since last: 1005576077 ns, Reaching safepoint: 112137 ns, At safepoint: 14301 ns, Total: 126438 ns
[2020-02-26T09:01:43.972+0000][1][safepoint    ] Safepoint "RevokeBias", Time since last: 499432012 ns, Reaching safepoint: 160174 ns, At safepoint: 22837 ns, Total: 183011 ns
[2020-02-26T09:01:44.973+0000][1][safepoint    ] Safepoint "Cleanup", Time since last: 1000297920 ns, Reaching safepoint: 98110 ns, At safepoint: 9277 ns, Total: 107387 ns
[2020-02-26T09:01:45.973+0000][1][safepoint    ] Safepoint "Cleanup", Time since last: 1000231211 ns, Reaching safepoint: 83172 ns, At safepoint: 7878 ns, Total: 91050 ns
[2020-02-26T09:01:46.476+0000][1][safepoint    ] Safepoint "RevokeBias", Time since last: 502876727 ns, Reaching safepoint: 95812 ns, At safepoint: 20531 ns, Total: 116343 ns
[2020-02-26T09:01:47.477+0000][1][safepoint    ] Safepoint "Cleanup", Time since last: 1000860232 ns, Reaching safepoint: 83826 ns, At safepoint: 10810 ns, Total: 94636 ns
[2020-02-26T09:01:48.483+0000][1][safepoint    ] Safepoint "Cleanup", Time since last: 1000506887 ns, Reaching safepoint: 5712467 ns, At safepoint: 17467 ns, Total: 5729934 ns
[2020-02-26T09:01:48.986+0000][1][safepoint    ] Safepoint "RevokeBias", Time since last: 502734624 ns, Reaching safepoint: 87290 ns, At safepoint: 20202 ns, Total: 107492 ns
[2020-02-26T09:01:49.987+0000][1][safepoint    ] Safepoint "Cleanup", Time since last: 1000903624 ns, Reaching safepoint: 104110 ns, At safepoint: 11883 ns, Total: 115993 ns
[2020-02-26T09:01:50.988+0000][1][safepoint    ] Safepoint "Cleanup", Time since last: 1000676446 ns, Reaching safepoint: 81370 ns, At safepoint: 9956 ns, Total: 91326 ns
[2020-02-26T09:01:51.498+0000][1][safepoint    ] Safepoint "RevokeBias", Time since last: 509891835 ns, Reaching safepoint: 84140 ns, At safepoint: 21933 ns, Total: 106073 ns
[2020-02-26T09:01:52.499+0000][1][safepoint    ] Safepoint "Cleanup", Time since last: 1000900512 ns, Reaching safepoint: 90455 ns, At safepoint: 10298 ns, Total: 100753 ns
[2020-02-26T09:01:53.499+0000][1][safepoint    ] Safepoint "Cleanup", Time since last: 1000730894 ns, Reaching safepoint: 78584 ns, At safepoint: 7701 ns, Total: 86285 ns
[2020-02-26T09:01:54.009+0000][1][safepoint    ] Safepoint "RevokeBias", Time since last: 508793379 ns, Reaching safepoint: 302070 ns, At safepoint: 69314 ns, Total: 371384 ns
[2020-02-26T09:01:55.010+0000][1][safepoint    ] Safepoint "Cleanup", Time since last: 1000890208 ns, Reaching safepoint: 97930 ns, At safepoint: 8816 ns, Total: 106746 ns
[2020-02-26T09:01:56.010+0000][1][safepoint    ] Safepoint "Cleanup", Time since last: 1000584264 ns, Reaching safepoint: 140920 ns, At safepoint: 9802 ns, Total: 150722 ns
[2020-02-26T09:01:56.515+0000][1][safepoint    ] Safepoint "RevokeBias", Time since last: 504613928 ns, Reaching safepoint: 78307 ns, At safepoint: 20213 ns, Total: 98520 ns
[2020-02-26T09:01:57.516+0000][1][safepoint    ] Safepoint "Cleanup", Time since last: 1000612357 ns, Reaching safepoint: 114229 ns, At safepoint: 9165 ns, Total: 123394 ns
[2020-02-26T09:01:58.517+0000][1][safepoint    ] Safepoint "Cleanup", Time since last: 1000789888 ns, Reaching safepoint: 137690 ns, At safepoint: 12278 ns, Total: 149968 ns
[2020-02-26T09:01:59.031+0000][1][safepoint    ] Safepoint "RevokeBias", Time since last: 513628269 ns, Reaching safepoint: 85495 ns, At safepoint: 42693 ns, Total: 128188 ns
[2020-02-26T09:02:00.031+0000][1][safepoint    ] Safepoint "Cleanup", Time since last: 1000076425 ns, Reaching safepoint: 83239 ns, At safepoint: 10068 ns, Total: 93307 ns
[2020-02-26T09:02:01.031+0000][1][safepoint    ] Safepoint "Cleanup", Time since last: 1000684323 ns, Reaching safepoint: 82000 ns, At safepoint: 9130 ns, Total: 91130 ns
[2020-02-26T09:02:01.540+0000][1][safepoint    ] Safepoint "RevokeBias", Time since last: 508048277 ns, Reaching safepoint: 79902 ns, At safepoint: 20320 ns, Total: 100222 ns
[2020-02-26T09:02:02.540+0000][1][safepoint    ] Safepoint "Cleanup", Time since last: 1000693984 ns, Reaching safepoint: 80337 ns, At safepoint: 8865 ns, Total: 89202 ns
[2020-02-26T09:02:03.541+0000][1][safepoint    ] Safepoint "Cleanup", Time since last: 1000162484 ns, Reaching safepoint: 81743 ns, At safepoint: 8380 ns, Total: 90123 ns
[2020-02-26T09:02:04.044+0000][1][safepoint    ] Safepoint "RevokeBias", Time since last: 503652926 ns, Reaching safepoint: 82143 ns, At safepoint: 20561 ns, Total: 102704 ns
[2020-02-26T09:02:05.056+0000][1][safepoint    ] Safepoint "Cleanup", Time since last: 1011010568 ns, Reaching safepoint: 136372 ns, At safepoint: 12695 ns, Total: 149067 ns
[2020-02-26T09:02:06.056+0000][1][safepoint    ] Safepoint "Cleanup", Time since last: 1000182628 ns, Reaching safepoint: 151935 ns, At safepoint: 11300 ns, Total: 163235 ns
[2020-02-26T09:02:06.550+0000][1][safepoint    ] Safepoint "RevokeBias", Time since last: 493741868 ns, Reaching safepoint: 82043 ns, At safepoint: 21097 ns, Total: 103140 ns
[2020-02-26T09:02:07.550+0000][1][safepoint    ] Safepoint "Cleanup", Time since last: 1000505774 ns, Reaching safepoint: 106414 ns, At safepoint: 10565 ns, Total: 116979 ns
[2020-02-26T09:02:08.551+0000][1][safepoint    ] Safepoint "Cleanup", Time since last: 1000700095 ns, Reaching safepoint: 100535 ns, At safepoint: 9661 ns, Total: 110196 ns
[2020-02-26T09:02:09.053+0000][1][safepoint    ] Safepoint "RevokeBias", Time since last: 502156608 ns, Reaching safepoint: 85566 ns, At safepoint: 21267 ns, Total: 106833 ns
[2020-02-26T09:02:10.056+0000][1][safepoint    ] Safepoint "Cleanup", Time since last: 1002745866 ns, Reaching safepoint: 80179 ns, At safepoint: 8646 ns, Total: 88825 ns
[2020-02-26T09:02:11.057+0000][1][safepoint    ] Safepoint "Cleanup", Time since last: 1000466221 ns, Reaching safepoint: 80278 ns, At safepoint: 10104 ns, Total: 90382 ns
[2020-02-26T09:02:11.558+0000][1][safepoint    ] Safepoint "RevokeBias", Time since last: 500650534 ns, Reaching safepoint: 83716 ns, At safepoint: 21513 ns, Total: 105229 ns
[2020-02-26T09:02:12.559+0000][1][safepoint    ] Safepoint "Cleanup", Time since last: 1001099219 ns, Reaching safepoint: 83127 ns, At safepoint: 9299 ns, Total: 92426 ns
[2020-02-26T09:02:13.559+0000][1][safepoint    ] Safepoint "Cleanup", Time since last: 1000205971 ns, Reaching safepoint: 83723 ns, At safepoint: 10199 ns, Total: 93922 ns
[2020-02-26T09:02:14.064+0000][1][safepoint    ] Safepoint "RevokeBias", Time since last: 504579211 ns, Reaching safepoint: 80868 ns, At safepoint: 21111 ns, Total: 101979 ns
[2020-02-26T09:02:15.074+0000][1][safepoint    ] Safepoint "Cleanup", Time since last: 1010056737 ns, Reaching safepoint: 132202 ns, At safepoint: 8523 ns, Total: 140725 ns
[2020-02-26T09:02:16.074+0000][1][safepoint    ] Safepoint "Cleanup", Time since last: 1000385471 ns, Reaching safepoint: 79197 ns, At safepoint: 8584 ns, Total: 87781 ns
[2020-02-26T09:02:16.569+0000][1][safepoint    ] Safepoint "RevokeBias", Time since last: 494603080 ns, Reaching safepoint: 126559 ns, At safepoint: 33459 ns, Total: 160018 ns
[2020-02-26T09:02:17.569+0000][1][safepoint    ] Safepoint "Cleanup", Time since last: 1000156387 ns, Reaching safepoint: 87165 ns, At safepoint: 9217 ns, Total: 96382 ns
[2020-02-26T09:02:18.570+0000][1][safepoint    ] Safepoint "Cleanup", Time since last: 1000770584 ns, Reaching safepoint: 137816 ns, At safepoint: 25126 ns, Total: 162942 ns
[2020-02-26T09:02:19.077+0000][1][safepoint    ] Safepoint "RevokeBias", Time since last: 506400963 ns, Reaching safepoint: 86687 ns, At safepoint: 19583 ns, Total: 106270 ns
[2020-02-26T09:02:20.077+0000][1][safepoint    ] Safepoint "Cleanup", Time since last: 1000225367 ns, Reaching safepoint: 82121 ns, At safepoint: 9077 ns, Total: 91198 ns
[2020-02-26T09:02:21.079+0000][1][safepoint    ] Safepoint "Cleanup", Time since last: 1002169954 ns, Reaching safepoint: 79308 ns, At safepoint: 8775 ns, Total: 88083 ns
[2020-02-26T09:02:21.582+0000][1][gc,start     ] GC(43) Pause Young (Allocation Failure)
[2020-02-26T09:02:21.582+0000][1][gc,task      ] GC(43) Using 1 workers of 1 for evacuation
[2020-02-26T09:02:21.592+0000][1][gc,age       ] GC(43) Desired survivor size 4358144 bytes, new threshold 6 (max threshold 6)
[2020-02-26T09:02:21.592+0000][1][gc,age       ] GC(43) Age table with threshold 6 (max threshold 6)
[2020-02-26T09:02:21.593+0000][1][gc,age       ] GC(43) - age   1:      13424 bytes,      13424 total
[2020-02-26T09:02:21.593+0000][1][gc,age       ] GC(43) - age   2:       3376 bytes,      16800 total
[2020-02-26T09:02:21.593+0000][1][gc,age       ] GC(43) - age   3:       1688 bytes,      18488 total
[2020-02-26T09:02:21.593+0000][1][gc,age       ] GC(43) - age   4:       1696 bytes,      20184 total
[2020-02-26T09:02:21.593+0000][1][gc,age       ] GC(43) - age   5:       1464 bytes,      21648 total
[2020-02-26T09:02:21.593+0000][1][gc,age       ] GC(43) - age   6:       4088 bytes,      25736 total
[2020-02-26T09:02:21.593+0000][1][gc,heap      ] GC(43) ParNew: 68190K->34K(76672K)
[2020-02-26T09:02:21.593+0000][1][gc,heap      ] GC(43) CMS: 62595K->62598K(963392K)
[2020-02-26T09:02:21.593+0000][1][gc,metaspace ] GC(43) Metaspace: 79275K->79275K(1122304K)
[2020-02-26T09:02:21.593+0000][1][gc           ] GC(43) Pause Young (Allocation Failure) 127M->61M(1015M) 10.554ms
[2020-02-26T09:02:21.593+0000][1][gc,cpu       ] GC(43) User=0.01s Sys=0.00s Real=0.01s
[2020-02-26T09:02:21.593+0000][1][safepoint    ] Safepoint "GenCollectForAllocation", Time since last: 502498737 ns, Reaching safepoint: 79927 ns, At safepoint: 10610365 ns, Total: 10690292 ns
[2020-02-26T09:02:21.594+0000][1][safepoint    ] Safepoint "RevokeBias", Time since last: 1683955 ns, Reaching safepoint: 72594 ns, At safepoint: 18620 ns, Total: 91214 ns
[2020-02-26T09:02:22.595+0000][1][safepoint    ] Safepoint "Cleanup", Time since last: 1000551670 ns, Reaching safepoint: 127158 ns, At safepoint: 12255 ns, Total: 139413 ns
[2020-02-26T09:02:23.596+0000][1][safepoint    ] Safepoint "Cleanup", Time since last: 1000686238 ns, Reaching safepoint: 76354 ns, At safepoint: 7733 ns, Total: 84087 ns
[2020-02-26T09:02:24.099+0000][1][safepoint    ] Safepoint "RevokeBias", Time since last: 502507036 ns, Reaching safepoint: 93965 ns, At safepoint: 21224 ns, Total: 115189 ns
[2020-02-26T09:02:25.099+0000][1][safepoint    ] Safepoint "Cleanup", Time since last: 1000712721 ns, Reaching safepoint: 91941 ns, At safepoint: 8269 ns, Total: 100210 ns
[2020-02-26T09:02:26.104+0000][1][safepoint    ] Safepoint "Cleanup", Time since last: 1004922450 ns, Reaching safepoint: 79150 ns, At safepoint: 7809 ns, Total: 86959 ns
[2020-02-26T09:02:26.604+0000][1][safepoint    ] Safepoint "RevokeBias", Time since last: 499519535 ns, Reaching safepoint: 80212 ns, At safepoint: 20423 ns, Total: 100635 ns
[2020-02-26T09:02:27.605+0000][1][safepoint    ] Safepoint "Cleanup", Time since last: 1000535052 ns, Reaching safepoint: 108532 ns, At safepoint: 9241 ns, Total: 117773 ns
[2020-02-26T09:02:28.606+0000][1][safepoint    ] Safepoint "Cleanup", Time since last: 1001095040 ns, Reaching safepoint: 82422 ns, At safepoint: 8119 ns, Total: 90541 ns
[2020-02-26T09:02:29.109+0000][1][safepoint    ] Safepoint "RevokeBias", Time since last: 503110411 ns, Reaching safepoint: 124644 ns, At safepoint: 56461 ns, Total: 181105 ns
[2020-02-26T09:02:30.110+0000][1][safepoint    ] Safepoint "Cleanup", Time since last: 1000510180 ns, Reaching safepoint: 85991 ns, At safepoint: 10414 ns, Total: 96405 ns
[2020-02-26T09:02:31.110+0000][1][safepoint    ] Safepoint "Cleanup", Time since last: 1000254803 ns, Reaching safepoint: 64692 ns, At safepoint: 8729 ns, Total: 73421 ns
[2020-02-26T09:02:31.627+0000][1][safepoint    ] Safepoint "RevokeBias", Time since last: 516809792 ns, Reaching safepoint: 76135 ns, At safepoint: 21018 ns, Total: 97153 ns
[2020-02-26T09:02:32.628+0000][1][safepoint    ] Safepoint "Cleanup", Time since last: 1000956889 ns, Reaching safepoint: 95950 ns, At safepoint: 8353 ns, Total: 104303 ns
[2020-02-26T09:02:33.628+0000][1][safepoint    ] Safepoint "Cleanup", Time since last: 1000194916 ns, Reaching safepoint: 93327 ns, At safepoint: 7721 ns, Total: 101048 ns
[2020-02-26T09:02:34.137+0000][1][safepoint    ] Safepoint "RevokeBias", Time since last: 509077160 ns, Reaching safepoint: 79073 ns, At safepoint: 20076 ns, Total: 99149 ns
[2020-02-26T09:02:35.138+0000][1][safepoint    ] Safepoint "Cleanup", Time since last: 1000793991 ns, Reaching safepoint: 82123 ns, At safepoint: 9081 ns, Total: 91204 ns
[2020-02-26T09:02:36.139+0000][1][safepoint    ] Safepoint "Cleanup", Time since last: 1000080917 ns, Reaching safepoint: 86324 ns, At safepoint: 9706 ns, Total: 96030 ns
[2020-02-26T09:02:36.662+0000][1][safepoint    ] Safepoint "BulkRevokeBias", Time since last: 522785559 ns, Reaching safepoint: 62351 ns, At safepoint: 155070 ns, Total: 217421 ns
[2020-02-26T09:02:37.663+0000][1][safepoint    ] Safepoint "Cleanup", Time since last: 1000880718 ns, Reaching safepoint: 100389 ns, At safepoint: 9635 ns, Total: 110024 ns
[2020-02-26T09:02:38.664+0000][1][safepoint    ] Safepoint "Cleanup", Time since last: 1000950363 ns, Reaching safepoint: 146408 ns, At safepoint: 17326 ns, Total: 163734 ns
[2020-02-26T09:02:39.169+0000][1][safepoint    ] Safepoint "RevokeBias", Time since last: 505633682 ns, Reaching safepoint: 80427 ns, At safepoint: 21615 ns, Total: 102042 ns
[2020-02-26T09:02:40.171+0000][1][safepoint    ] Safepoint "Cleanup", Time since last: 1001025034 ns, Reaching safepoint: 153237 ns, At safepoint: 29822 ns, Total: 183059 ns
[2020-02-26T09:02:41.172+0000][1][safepoint    ] Safepoint "Cleanup", Time since last: 1000804684 ns, Reaching safepoint: 140827 ns, At safepoint: 12924 ns, Total: 153751 ns
[2020-02-26T09:02:41.683+0000][1][safepoint    ] Safepoint "RevokeBias", Time since last: 510836003 ns, Reaching safepoint: 180388 ns, At safepoint: 21644 ns, Total: 202032 ns
[2020-02-26T09:02:42.691+0000][1][safepoint    ] Safepoint "Cleanup", Time since last: 1008343471 ns, Reaching safepoint: 82463 ns, At safepoint: 34844 ns, Total: 117307 ns
[2020-02-26T09:02:43.692+0000][1][safepoint    ] Safepoint "Cleanup", Time since last: 1000276147 ns, Reaching safepoint: 189154 ns, At safepoint: 10606 ns, Total: 199760 ns
[2020-02-26T09:02:44.193+0000][1][safepoint    ] Safepoint "RevokeBias", Time since last: 500934440 ns, Reaching safepoint: 141358 ns, At safepoint: 20724 ns, Total: 162082 ns
[2020-02-26T09:02:45.570+0000][1][safepoint    ] Safepoint "Cleanup", Time since last: 1377465738 ns, Reaching safepoint: 96386 ns, At safepoint: 8705 ns, Total: 105091 ns
[2020-02-26T09:02:46.571+0000][1][safepoint    ] Safepoint "Cleanup", Time since last: 1000536945 ns, Reaching safepoint: 76001 ns, At safepoint: 7698 ns, Total: 83699 ns
[2020-02-26T09:02:46.697+0000][1][safepoint    ] Safepoint "RevokeBias", Time since last: 125815988 ns, Reaching safepoint: 186193 ns, At safepoint: 37854 ns, Total: 224047 ns
[2020-02-26T09:02:47.701+0000][1][safepoint    ] Safepoint "Cleanup", Time since last: 1003577101 ns, Reaching safepoint: 80835 ns, At safepoint: 8453 ns, Total: 89288 ns
[2020-02-26T09:02:48.701+0000][1][safepoint    ] Safepoint "Cleanup", Time since last: 1000569184 ns, Reaching safepoint: 82375 ns, At safepoint: 9225 ns, Total: 91600 ns
[2020-02-26T09:02:49.205+0000][1][safepoint    ] Safepoint "RevokeBias", Time since last: 503141132 ns, Reaching safepoint: 173485 ns, At safepoint: 39141 ns, Total: 212626 ns
[2020-02-26T09:02:50.205+0000][1][safepoint    ] Safepoint "Cleanup", Time since last: 1000818277 ns, Reaching safepoint: 79732 ns, At safepoint: 9307 ns, Total: 89039 ns
[2020-02-26T09:02:51.206+0000][1][safepoint    ] Safepoint "Cleanup", Time since last: 1000316149 ns, Reaching safepoint: 126540 ns, At safepoint: 8708 ns, Total: 135248 ns
[2020-02-26T09:02:51.712+0000][1][safepoint    ] Safepoint "RevokeBias", Time since last: 505885961 ns, Reaching safepoint: 76394 ns, At safepoint: 20035 ns, Total: 96429 ns
[2020-02-26T09:02:52.716+0000][1][safepoint    ] Safepoint "Cleanup", Time since last: 1004226737 ns, Reaching safepoint: 100703 ns, At safepoint: 9080 ns, Total: 109783 ns
[2020-02-26T09:02:53.717+0000][1][safepoint    ] Safepoint "Cleanup", Time since last: 1000441559 ns, Reaching safepoint: 80577 ns, At safepoint: 8425 ns, Total: 89002 ns
[2020-02-26T09:02:54.215+0000][1][safepoint    ] Safepoint "RevokeBias", Time since last: 497695009 ns, Reaching safepoint: 81432 ns, At safepoint: 21044 ns, Total: 102476 ns
[2020-02-26T09:02:55.215+0000][1][safepoint    ] Safepoint "Cleanup", Time since last: 1000420833 ns, Reaching safepoint: 137035 ns, At safepoint: 9716 ns, Total: 146751 ns
[2020-02-26T09:02:56.216+0000][1][safepoint    ] Safepoint "Cleanup", Time since last: 1000331194 ns, Reaching safepoint: 77789 ns, At safepoint: 8641 ns, Total: 86430 ns
[2020-02-26T09:02:56.719+0000][1][safepoint    ] Safepoint "RevokeBias", Time since last: 503422940 ns, Reaching safepoint: 76892 ns, At safepoint: 21045 ns, Total: 97937 ns
[2020-02-26T09:02:57.719+0000][1][safepoint    ] Safepoint "Cleanup", Time since last: 1000233201 ns, Reaching safepoint: 148372 ns, At safepoint: 10290 ns, Total: 158662 ns
[2020-02-26T09:02:58.723+0000][1][safepoint    ] Safepoint "Cleanup", Time since last: 1003147131 ns, Reaching safepoint: 81592 ns, At safepoint: 8758 ns, Total: 90350 ns
[2020-02-26T09:02:59.227+0000][1][safepoint    ] Safepoint "RevokeBias", Time since last: 502846500 ns, Reaching safepoint: 1352075 ns, At safepoint: 100730 ns, Total: 1452805 ns
[2020-02-26T09:03:00.227+0000][1][safepoint    ] Safepoint "Cleanup", Time since last: 1000371497 ns, Reaching safepoint: 82072 ns, At safepoint: 8814 ns, Total: 90886 ns
[2020-02-26T09:03:01.228+0000][1][safepoint    ] Safepoint "Cleanup", Time since last: 1000189984 ns, Reaching safepoint: 79269 ns, At safepoint: 8409 ns, Total: 87678 ns
[2020-02-26T09:03:01.730+0000][1][safepoint    ] Safepoint "RevokeBias", Time since last: 501871753 ns, Reaching safepoint: 103535 ns, At safepoint: 20630 ns, Total: 124165 ns
[2020-02-26T09:03:02.731+0000][1][safepoint    ] Safepoint "Cleanup", Time since last: 1000984953 ns, Reaching safepoint: 80860 ns, At safepoint: 8759 ns, Total: 89619 ns
[2020-02-26T09:03:03.734+0000][1][safepoint    ] Safepoint "Cleanup", Time since last: 1003479493 ns, Reaching safepoint: 58940 ns, At safepoint: 7290 ns, Total: 66230 ns
[2020-02-26T09:03:04.241+0000][1][safepoint    ] Safepoint "RevokeBias", Time since last: 506851299 ns, Reaching safepoint: 78418 ns, At safepoint: 19609 ns, Total: 98027 ns
[2020-02-26T09:03:05.242+0000][1][safepoint    ] Safepoint "Cleanup", Time since last: 1000822668 ns, Reaching safepoint: 98625 ns, At safepoint: 9105 ns, Total: 107730 ns
[2020-02-26T09:03:06.243+0000][1][safepoint    ] Safepoint "Cleanup", Time since last: 1000728828 ns, Reaching safepoint: 79894 ns, At safepoint: 8947 ns, Total: 88841 ns
[2020-02-26T09:03:06.750+0000][1][safepoint    ] Safepoint "RevokeBias", Time since last: 507259039 ns, Reaching safepoint: 78186 ns, At safepoint: 20409 ns, Total: 98595 ns
[2020-02-26T09:03:07.751+0000][1][safepoint    ] Safepoint "Cleanup", Time since last: 1000655574 ns, Reaching safepoint: 116171 ns, At safepoint: 9364 ns, Total: 125535 ns
[2020-02-26T09:03:08.753+0000][1][safepoint    ] Safepoint "Cleanup", Time since last: 1002121490 ns, Reaching safepoint: 77978 ns, At safepoint: 7926 ns, Total: 85904 ns
[2020-02-26T09:03:09.260+0000][1][safepoint    ] Safepoint "RevokeBias", Time since last: 506455132 ns, Reaching safepoint: 58653 ns, At safepoint: 17616 ns, Total: 76269 ns
[2020-02-26T09:03:10.261+0000][1][safepoint    ] Safepoint "Cleanup", Time since last: 1000835681 ns, Reaching safepoint: 75703 ns, At safepoint: 8336 ns, Total: 84039 ns
[2020-02-26T09:03:11.262+0000][1][safepoint    ] Safepoint "Cleanup", Time since last: 1000651331 ns, Reaching safepoint: 121229 ns, At safepoint: 12076 ns, Total: 133305 ns
[2020-02-26T09:03:11.769+0000][1][safepoint    ] Safepoint "RevokeBias", Time since last: 506863737 ns, Reaching safepoint: 124613 ns, At safepoint: 37502 ns, Total: 162115 ns
[2020-02-26T09:03:12.769+0000][1][safepoint    ] Safepoint "Cleanup", Time since last: 1000235146 ns, Reaching safepoint: 166587 ns, At safepoint: 12842 ns, Total: 179429 ns
[2020-02-26T09:03:13.770+0000][1][safepoint    ] Safepoint "Cleanup", Time since last: 1000633680 ns, Reaching safepoint: 80022 ns, At safepoint: 9421 ns, Total: 89443 ns
[2020-02-26T09:03:14.286+0000][1][safepoint    ] Safepoint "RevokeBias", Time since last: 516560291 ns, Reaching safepoint: 79940 ns, At safepoint: 19834 ns, Total: 99774 ns
[2020-02-26T09:03:15.287+0000][1][safepoint    ] Safepoint "Cleanup", Time since last: 1000530024 ns, Reaching safepoint: 170545 ns, At safepoint: 13063 ns, Total: 183608 ns
[2020-02-26T09:03:16.288+0000][1][safepoint    ] Safepoint "Cleanup", Time since last: 1000248250 ns, Reaching safepoint: 123811 ns, At safepoint: 12844 ns, Total: 136655 ns
[2020-02-26T09:03:16.795+0000][1][safepoint    ] Safepoint "RevokeBias", Time since last: 507254599 ns, Reaching safepoint: 88832 ns, At safepoint: 22113 ns, Total: 110945 ns
[2020-02-26T09:03:17.796+0000][1][safepoint    ] Safepoint "Cleanup", Time since last: 1000890342 ns, Reaching safepoint: 83466 ns, At safepoint: 9896 ns, Total: 93362 ns
[2020-02-26T09:03:18.796+0000][1][safepoint    ] Safepoint "Cleanup", Time since last: 1000365401 ns, Reaching safepoint: 145648 ns, At safepoint: 10693 ns, Total: 156341 ns
[2020-02-26T09:03:19.306+0000][1][safepoint    ] Safepoint "RevokeBias", Time since last: 509854662 ns, Reaching safepoint: 125062 ns, At safepoint: 31478 ns, Total: 156540 ns
[2020-02-26T09:03:20.327+0000][1][safepoint    ] Safepoint "Cleanup", Time since last: 1020006775 ns, Reaching safepoint: 98513 ns, At safepoint: 10948 ns, Total: 109461 ns
[2020-02-26T09:03:21.327+0000][1][safepoint    ] Safepoint "Cleanup", Time since last: 1000451673 ns, Reaching safepoint: 96223 ns, At safepoint: 15673 ns, Total: 111896 ns
[2020-02-26T09:03:21.817+0000][1][safepoint    ] Safepoint "RevokeBias", Time since last: 489692250 ns, Reaching safepoint: 263618 ns, At safepoint: 35042 ns, Total: 298660 ns
[2020-02-26T09:03:22.818+0000][1][safepoint    ] Safepoint "Cleanup", Time since last: 1000833239 ns, Reaching safepoint: 212686 ns, At safepoint: 9865 ns, Total: 222551 ns
[2020-02-26T09:03:23.819+0000][1][safepoint    ] Safepoint "Cleanup", Time since last: 1000644677 ns, Reaching safepoint: 143888 ns, At safepoint: 11355 ns, Total: 155243 ns
[2020-02-26T09:03:24.320+0000][1][safepoint    ] Safepoint "RevokeBias", Time since last: 500856804 ns, Reaching safepoint: 81216 ns, At safepoint: 20803 ns, Total: 102019 ns
[2020-02-26T09:03:25.326+0000][1][safepoint    ] Safepoint "Cleanup", Time since last: 1005613763 ns, Reaching safepoint: 86800 ns, At safepoint: 10208 ns, Total: 97008 ns
[2020-02-26T09:03:26.326+0000][1][safepoint    ] Safepoint "Cleanup", Time since last: 1000653484 ns, Reaching safepoint: 83015 ns, At safepoint: 10495 ns, Total: 93510 ns
[2020-02-26T09:03:26.826+0000][1][safepoint    ] Safepoint "RevokeBias", Time since last: 499722825 ns, Reaching safepoint: 98601 ns, At safepoint: 25987 ns, Total: 124588 ns
[2020-02-26T09:03:27.827+0000][1][safepoint    ] Safepoint "Cleanup", Time since last: 1000838336 ns, Reaching safepoint: 103168 ns, At safepoint: 9610 ns, Total: 112778 ns
[2020-02-26T09:03:28.828+0000][1][safepoint    ] Safepoint "Cleanup", Time since last: 1000490420 ns, Reaching safepoint: 167112 ns, At safepoint: 13809 ns, Total: 180921 ns
[2020-02-26T09:03:29.332+0000][1][safepoint    ] Safepoint "RevokeBias", Time since last: 504268318 ns, Reaching safepoint: 126594 ns, At safepoint: 42457 ns, Total: 169051 ns
[2020-02-26T09:03:30.334+0000][1][safepoint    ] Safepoint "Cleanup", Time since last: 1001482860 ns, Reaching safepoint: 119369 ns, At safepoint: 9589 ns, Total: 128958 ns
[2020-02-26T09:03:31.335+0000][1][safepoint    ] Safepoint "Cleanup", Time since last: 1000632464 ns, Reaching safepoint: 94828 ns, At safepoint: 17014 ns, Total: 111842 ns
[2020-02-26T09:03:31.837+0000][1][safepoint    ] Safepoint "RevokeBias", Time since last: 502408710 ns, Reaching safepoint: 209427 ns, At safepoint: 58394 ns, Total: 267821 ns
[2020-02-26T09:03:32.838+0000][1][safepoint    ] Safepoint "Cleanup", Time since last: 1000808308 ns, Reaching safepoint: 82209 ns, At safepoint: 8527 ns, Total: 90736 ns
[2020-02-26T09:03:33.839+0000][1][safepoint    ] Safepoint "Cleanup", Time since last: 1000656559 ns, Reaching safepoint: 97074 ns, At safepoint: 9432 ns, Total: 106506 ns
[2020-02-26T09:03:34.343+0000][1][safepoint    ] Safepoint "RevokeBias", Time since last: 504010985 ns, Reaching safepoint: 78898 ns, At safepoint: 20891 ns, Total: 99789 ns
[2020-02-26T09:03:35.344+0000][1][safepoint    ] Safepoint "Cleanup", Time since last: 1000481886 ns, Reaching safepoint: 98799 ns, At safepoint: 9449 ns, Total: 108248 ns
[2020-02-26T09:03:36.345+0000][1][safepoint    ] Safepoint "Cleanup", Time since last: 1000774520 ns, Reaching safepoint: 120409 ns, At safepoint: 9788 ns, Total: 130197 ns
[2020-02-26T09:03:36.848+0000][1][safepoint    ] Safepoint "RevokeBias", Time since last: 503556888 ns, Reaching safepoint: 126233 ns, At safepoint: 23962 ns, Total: 150195 ns
[2020-02-26T09:03:37.849+0000][1][safepoint    ] Safepoint "Cleanup", Time since last: 1000291695 ns, Reaching safepoint: 81225 ns, At safepoint: 9913 ns, Total: 91138 ns
[2020-02-26T09:03:38.850+0000][1][safepoint    ] Safepoint "Cleanup", Time since last: 1000855182 ns, Reaching safepoint: 99056 ns, At safepoint: 9838 ns, Total: 108894 ns
[2020-02-26T09:03:39.350+0000][1][safepoint    ] Safepoint "RevokeBias", Time since last: 500640493 ns, Reaching safepoint: 101487 ns, At safepoint: 25899 ns, Total: 127386 ns
[2020-02-26T09:03:40.351+0000][1][safepoint    ] Safepoint "Cleanup", Time since last: 1000176024 ns, Reaching safepoint: 88559 ns, At safepoint: 10719 ns, Total: 99278 ns
[2020-02-26T09:03:41.354+0000][1][safepoint    ] Safepoint "Cleanup", Time since last: 1002721144 ns, Reaching safepoint: 147168 ns, At safepoint: 12717 ns, Total: 159885 ns
[2020-02-26T09:03:41.860+0000][1][safepoint    ] Safepoint "RevokeBias", Time since last: 505917693 ns, Reaching safepoint: 78253 ns, At safepoint: 20513 ns, Total: 98766 ns
[2020-02-26T09:03:42.966+0000][1][safepoint    ] Safepoint "Cleanup", Time since last: 1106186800 ns, Reaching safepoint: 81766 ns, At safepoint: 9066 ns, Total: 90832 ns
[2020-02-26T09:03:43.967+0000][1][safepoint    ] Safepoint "Cleanup", Time since last: 1000735119 ns, Reaching safepoint: 79309 ns, At safepoint: 8693 ns, Total: 88002 ns
[2020-02-26T09:03:44.372+0000][1][safepoint    ] Safepoint "RevokeBias", Time since last: 404932189 ns, Reaching safepoint: 120468 ns, At safepoint: 30366 ns, Total: 150834 ns
[2020-02-26T09:03:45.620+0000][1][safepoint    ] Safepoint "Cleanup", Time since last: 1248333171 ns, Reaching safepoint: 79006 ns, At safepoint: 8007 ns, Total: 87013 ns
[2020-02-26T09:03:46.631+0000][1][safepoint    ] Safepoint "Cleanup", Time since last: 1011100129 ns, Reaching safepoint: 135003 ns, At safepoint: 8423 ns, Total: 143426 ns
[2020-02-26T09:03:46.885+0000][1][safepoint    ] Safepoint "RevokeBias", Time since last: 253065822 ns, Reaching safepoint: 234845 ns, At safepoint: 34280 ns, Total: 269125 ns
[2020-02-26T09:03:47.886+0000][1][safepoint    ] Safepoint "Cleanup", Time since last: 1000809765 ns, Reaching safepoint: 131627 ns, At safepoint: 10355 ns, Total: 141982 ns
[2020-02-26T09:03:48.886+0000][1][safepoint    ] Safepoint "Cleanup", Time since last: 1000227284 ns, Reaching safepoint: 82787 ns, At safepoint: 9993 ns, Total: 92780 ns
[2020-02-26T09:03:49.399+0000][1][safepoint    ] Safepoint "BulkRevokeBias", Time since last: 512098755 ns, Reaching safepoint: 83399 ns, At safepoint: 324047 ns, Total: 407446 ns
[2020-02-26T09:03:50.399+0000][1][safepoint    ] Safepoint "Cleanup", Time since last: 1000265843 ns, Reaching safepoint: 86188 ns, At safepoint: 9206 ns, Total: 95394 ns
[2020-02-26T09:03:51.399+0000][1][safepoint    ] Safepoint "Cleanup", Time since last: 1000274393 ns, Reaching safepoint: 83752 ns, At safepoint: 10590 ns, Total: 94342 ns
[2020-02-26T09:03:51.919+0000][1][safepoint    ] Safepoint "RevokeBias", Time since last: 519157523 ns, Reaching safepoint: 82085 ns, At safepoint: 37760 ns, Total: 119845 ns
[2020-02-26T09:03:52.919+0000][1][safepoint    ] Safepoint "Cleanup", Time since last: 1000551832 ns, Reaching safepoint: 86612 ns, At safepoint: 10395 ns, Total: 97007 ns
[2020-02-26T09:03:53.920+0000][1][safepoint    ] Safepoint "Cleanup", Time since last: 1000683774 ns, Reaching safepoint: 121963 ns, At safepoint: 12438 ns, Total: 134401 ns
[2020-02-26T09:03:54.434+0000][1][safepoint    ] Safepoint "RevokeBias", Time since last: 512861400 ns, Reaching safepoint: 1316294 ns, At safepoint: 42207 ns, Total: 1358501 ns
[2020-02-26T09:03:55.435+0000][1][safepoint    ] Safepoint "Cleanup", Time since last: 1000717657 ns, Reaching safepoint: 89747 ns, At safepoint: 8740 ns, Total: 98487 ns
[2020-02-26T09:03:56.435+0000][1][safepoint    ] Safepoint "Cleanup", Time since last: 1000240694 ns, Reaching safepoint: 78565 ns, At safepoint: 7345 ns, Total: 85910 ns
[2020-02-26T09:03:56.937+0000][1][safepoint    ] Safepoint "RevokeBias", Time since last: 501169200 ns, Reaching safepoint: 59258 ns, At safepoint: 21317 ns, Total: 80575 ns
[2020-02-26T09:03:57.943+0000][1][safepoint    ] Safepoint "Cleanup", Time since last: 1005980759 ns, Reaching safepoint: 154900 ns, At safepoint: 33686 ns, Total: 188586 ns
[2020-02-26T09:03:58.943+0000][1][safepoint    ] Safepoint "Cleanup", Time since last: 1000574470 ns, Reaching safepoint: 100922 ns, At safepoint: 12037 ns, Total: 112959 ns
[2020-02-26T09:03:59.441+0000][1][safepoint    ] Safepoint "RevokeBias", Time since last: 497116291 ns, Reaching safepoint: 61831 ns, At safepoint: 36942 ns, Total: 98773 ns
[2020-02-26T09:04:00.441+0000][1][safepoint    ] Safepoint "Cleanup", Time since last: 1000396206 ns, Reaching safepoint: 157994 ns, At safepoint: 9451 ns, Total: 167445 ns
[2020-02-26T09:04:01.442+0000][1][safepoint    ] Safepoint "Cleanup", Time since last: 1000579387 ns, Reaching safepoint: 103771 ns, At safepoint: 11230 ns, Total: 115001 ns
[2020-02-26T09:04:01.947+0000][1][safepoint    ] Safepoint "RevokeBias", Time since last: 505024316 ns, Reaching safepoint: 197530 ns, At safepoint: 34667 ns, Total: 232197 ns
[2020-02-26T09:04:02.953+0000][1][safepoint    ] Safepoint "Cleanup", Time since last: 1005645071 ns, Reaching safepoint: 80187 ns, At safepoint: 8484 ns, Total: 88671 ns
[2020-02-26T09:04:03.959+0000][1][safepoint    ] Safepoint "Cleanup", Time since last: 1005532426 ns, Reaching safepoint: 68306 ns, At safepoint: 9762 ns, Total: 78068 ns
[2020-02-26T09:04:04.453+0000][1][safepoint    ] Safepoint "RevokeBias", Time since last: 493931469 ns, Reaching safepoint: 91832 ns, At safepoint: 22478 ns, Total: 114310 ns
[2020-02-26T09:04:05.453+0000][1][safepoint    ] Safepoint "Cleanup", Time since last: 1000372894 ns, Reaching safepoint: 81368 ns, At safepoint: 9299 ns, Total: 90667 ns
[2020-02-26T09:04:06.453+0000][1][safepoint    ] Safepoint "Cleanup", Time since last: 1000315573 ns, Reaching safepoint: 84180 ns, At safepoint: 10162 ns, Total: 94342 ns
[2020-02-26T09:04:06.957+0000][1][safepoint    ] Safepoint "RevokeBias", Time since last: 503697875 ns, Reaching safepoint: 80716 ns, At safepoint: 20512 ns, Total: 101228 ns
[2020-02-26T09:04:07.958+0000][1][safepoint    ] Safepoint "Cleanup", Time since last: 1000761941 ns, Reaching safepoint: 82100 ns, At safepoint: 9034 ns, Total: 91134 ns
[2020-02-26T09:04:08.960+0000][1][safepoint    ] Safepoint "Cleanup", Time since last: 1001398837 ns, Reaching safepoint: 163162 ns, At safepoint: 9114 ns, Total: 172276 ns
[2020-02-26T09:04:09.470+0000][1][safepoint    ] Safepoint "RevokeBias", Time since last: 510419823 ns, Reaching safepoint: 83054 ns, At safepoint: 20588 ns, Total: 103642 ns
[2020-02-26T09:04:11.322+0000][1][safepoint    ] Safepoint "Cleanup", Time since last: 1852102516 ns, Reaching safepoint: 77087 ns, At safepoint: 7618 ns, Total: 84705 ns
[2020-02-26T09:04:11.983+0000][1][safepoint    ] Safepoint "RevokeBias", Time since last: 660514374 ns, Reaching safepoint: 81288 ns, At safepoint: 20599 ns, Total: 101887 ns
[2020-02-26T09:04:12.983+0000][1][safepoint    ] Safepoint "Cleanup", Time since last: 1000304824 ns, Reaching safepoint: 86717 ns, At safepoint: 10427 ns, Total: 97144 ns
[2020-02-26T09:04:13.988+0000][1][safepoint    ] Safepoint "Cleanup", Time since last: 1004192310 ns, Reaching safepoint: 95345 ns, At safepoint: 8815 ns, Total: 104160 ns
[2020-02-26T09:04:14.510+0000][1][safepoint    ] Safepoint "RevokeBias", Time since last: 522410927 ns, Reaching safepoint: 270242 ns, At safepoint: 22207 ns, Total: 292449 ns
[2020-02-26T09:04:15.511+0000][1][safepoint    ] Safepoint "Cleanup", Time since last: 1000481222 ns, Reaching safepoint: 118632 ns, At safepoint: 9637 ns, Total: 128269 ns
[2020-02-26T09:04:16.512+0000][1][safepoint    ] Safepoint "Cleanup", Time since last: 1000719809 ns, Reaching safepoint: 149010 ns, At safepoint: 10241 ns, Total: 159251 ns
[2020-02-26T09:04:17.018+0000][1][safepoint    ] Safepoint "RevokeBias", Time since last: 506337193 ns, Reaching safepoint: 79441 ns, At safepoint: 20468 ns, Total: 99909 ns
[2020-02-26T09:04:18.019+0000][1][safepoint    ] Safepoint "Cleanup", Time since last: 1000335023 ns, Reaching safepoint: 85008 ns, At safepoint: 9289 ns, Total: 94297 ns
[2020-02-26T09:04:19.019+0000][1][safepoint    ] Safepoint "Cleanup", Time since last: 1000560859 ns, Reaching safepoint: 97681 ns, At safepoint: 9200 ns, Total: 106881 ns
[2020-02-26T09:04:19.527+0000][1][safepoint    ] Safepoint "RevokeBias", Time since last: 507895461 ns, Reaching safepoint: 147996 ns, At safepoint: 23695 ns, Total: 171691 ns
[2020-02-26T09:04:20.529+0000][1][safepoint    ] Safepoint "Cleanup", Time since last: 1001223450 ns, Reaching safepoint: 125312 ns, At safepoint: 10973 ns, Total: 136285 ns
[2020-02-26T09:04:21.529+0000][1][safepoint    ] Safepoint "Cleanup", Time since last: 1000482069 ns, Reaching safepoint: 83197 ns, At safepoint: 10307 ns, Total: 93504 ns
[2020-02-26T09:04:22.038+0000][1][safepoint    ] Safepoint "RevokeBias", Time since last: 508369419 ns, Reaching safepoint: 77155 ns, At safepoint: 19441 ns, Total: 96596 ns
[2020-02-26T09:04:23.038+0000][1][safepoint    ] Safepoint "Cleanup", Time since last: 1000264662 ns, Reaching safepoint: 84195 ns, At safepoint: 8982 ns, Total: 93177 ns
[2020-02-26T09:04:24.039+0000][1][safepoint    ] Safepoint "Cleanup", Time since last: 1000834879 ns, Reaching safepoint: 80042 ns, At safepoint: 8496 ns, Total: 88538 ns
[2020-02-26T09:04:24.542+0000][1][safepoint    ] Safepoint "RevokeBias", Time since last: 503148705 ns, Reaching safepoint: 80672 ns, At safepoint: 20597 ns, Total: 101269 ns
[2020-02-26T09:04:25.546+0000][1][safepoint    ] Safepoint "Cleanup", Time since last: 1003615110 ns, Reaching safepoint: 104612 ns, At safepoint: 9064 ns, Total: 113676 ns
[2020-02-26T09:04:26.547+0000][1][safepoint    ] Safepoint "Cleanup", Time since last: 1000478613 ns, Reaching safepoint: 86131 ns, At safepoint: 9963 ns, Total: 96094 ns
[2020-02-26T09:04:27.047+0000][1][safepoint    ] Safepoint "RevokeBias", Time since last: 500533701 ns, Reaching safepoint: 78181 ns, At safepoint: 19621 ns, Total: 97802 ns
[2020-02-26T09:04:28.048+0000][1][safepoint    ] Safepoint "Cleanup", Time since last: 1000556678 ns, Reaching safepoint: 153609 ns, At safepoint: 12951 ns, Total: 166560 ns
[2020-02-26T09:04:29.049+0000][1][safepoint    ] Safepoint "Cleanup", Time since last: 1001001747 ns, Reaching safepoint: 96996 ns, At safepoint: 10169 ns, Total: 107165 ns
[2020-02-26T09:04:29.551+0000][1][safepoint    ] Safepoint "RevokeBias", Time since last: 501719296 ns, Reaching safepoint: 100356 ns, At safepoint: 38996 ns, Total: 139352 ns
[2020-02-26T09:04:30.553+0000][1][safepoint    ] Safepoint "Cleanup", Time since last: 1002321061 ns, Reaching safepoint: 97090 ns, At safepoint: 8747 ns, Total: 105837 ns
[2020-02-26T09:04:31.555+0000][1][safepoint    ] Safepoint "Cleanup", Time since last: 1000968262 ns, Reaching safepoint: 305487 ns, At safepoint: 34809 ns, Total: 340296 ns
[2020-02-26T09:04:32.056+0000][1][safepoint    ] Safepoint "RevokeBias", Time since last: 501001947 ns, Reaching safepoint: 77449 ns, At safepoint: 20428 ns, Total: 97877 ns
[2020-02-26T09:04:33.056+0000][1][safepoint    ] Safepoint "Cleanup", Time since last: 1000489068 ns, Reaching safepoint: 85794 ns, At safepoint: 10801 ns, Total: 96595 ns
[2020-02-26T09:04:34.057+0000][1][safepoint    ] Safepoint "Cleanup", Time since last: 1000444982 ns, Reaching safepoint: 82771 ns, At safepoint: 9464 ns, Total: 92235 ns
[2020-02-26T09:04:34.561+0000][1][safepoint    ] Safepoint "RevokeBias", Time since last: 504055075 ns, Reaching safepoint: 78520 ns, At safepoint: 43966 ns, Total: 122486 ns
[2020-02-26T09:04:35.564+0000][1][safepoint    ] Safepoint "Cleanup", Time since last: 1002288086 ns, Reaching safepoint: 84431 ns, At safepoint: 7896 ns, Total: 92327 ns
[2020-02-26T09:04:36.564+0000][1][safepoint    ] Safepoint "Cleanup", Time since last: 1000638790 ns, Reaching safepoint: 135647 ns, At safepoint: 14307 ns, Total: 149954 ns
[2020-02-26T09:04:37.070+0000][1][safepoint    ] Safepoint "RevokeBias", Time since last: 505082236 ns, Reaching safepoint: 286971 ns, At safepoint: 25984 ns, Total: 312955 ns
[2020-02-26T09:04:37.296+0000][1][gc,start     ] GC(44) Pause Young (Allocation Failure)
[2020-02-26T09:04:37.296+0000][1][gc,task      ] GC(44) Using 1 workers of 1 for evacuation
[2020-02-26T09:04:37.308+0000][1][gc,age       ] GC(44) Desired survivor size 4358144 bytes, new threshold 6 (max threshold 6)
[2020-02-26T09:04:37.308+0000][1][gc,age       ] GC(44) Age table with threshold 6 (max threshold 6)
[2020-02-26T09:04:37.308+0000][1][gc,age       ] GC(44) - age   1:      12456 bytes,      12456 total
[2020-02-26T09:04:37.308+0000][1][gc,age       ] GC(44) - age   2:       2568 bytes,      15024 total
[2020-02-26T09:04:37.308+0000][1][gc,age       ] GC(44) - age   3:       3256 bytes,      18280 total
[2020-02-26T09:04:37.308+0000][1][gc,age       ] GC(44) - age   4:       1688 bytes,      19968 total
[2020-02-26T09:04:37.308+0000][1][gc,age       ] GC(44) - age   5:       1696 bytes,      21664 total
[2020-02-26T09:04:37.308+0000][1][gc,age       ] GC(44) - age   6:       1464 bytes,      23128 total
[2020-02-26T09:04:37.308+0000][1][gc,heap      ] GC(44) ParNew: 68194K->27K(76672K)
[2020-02-26T09:04:37.308+0000][1][gc,heap      ] GC(44) CMS: 62598K->62602K(963392K)
[2020-02-26T09:04:37.308+0000][1][gc,metaspace ] GC(44) Metaspace: 79299K->79299K(1122304K)
[2020-02-26T09:04:37.309+0000][1][gc           ] GC(44) Pause Young (Allocation Failure) 127M->61M(1015M) 12.543ms
[2020-02-26T09:04:37.309+0000][1][gc,cpu       ] GC(44) User=0.01s Sys=0.00s Real=0.02s
[2020-02-26T09:04:37.309+0000][1][safepoint    ] Safepoint "GenCollectForAllocation", Time since last: 226055997 ns, Reaching safepoint: 76005 ns, At safepoint: 12683330 ns, Total: 12759335 ns
[2020-02-26T09:04:38.309+0000][1][safepoint    ] Safepoint "Cleanup", Time since last: 1000330263 ns, Reaching safepoint: 84948 ns, At safepoint: 9582 ns, Total: 94530 ns
[2020-02-26T09:04:39.309+0000][1][safepoint    ] Safepoint "Cleanup", Time since last: 1000227673 ns, Reaching safepoint: 98032 ns, At safepoint: 8103 ns, Total: 106135 ns
[2020-02-26T09:04:39.571+0000][1][safepoint    ] Safepoint "RevokeBias", Time since last: 261894425 ns, Reaching safepoint: 77130 ns, At safepoint: 18990 ns, Total: 96120 ns
[2020-02-26T09:04:40.572+0000][1][safepoint    ] Safepoint "Cleanup", Time since last: 1000583994 ns, Reaching safepoint: 162671 ns, At safepoint: 11872 ns, Total: 174543 ns
[2020-02-26T09:04:41.580+0000][1][safepoint    ] Safepoint "Cleanup", Time since last: 1008124883 ns, Reaching safepoint: 74827 ns, At safepoint: 7913 ns, Total: 82740 ns
[2020-02-26T09:04:42.077+0000][1][safepoint    ] Safepoint "RevokeBias", Time since last: 496678789 ns, Reaching safepoint: 78877 ns, At safepoint: 20826 ns, Total: 99703 ns
[2020-02-26T09:04:43.078+0000][1][safepoint    ] Safepoint "Cleanup", Time since last: 1000979136 ns, Reaching safepoint: 80823 ns, At safepoint: 8136 ns, Total: 88959 ns
[2020-02-26T09:04:44.078+0000][1][safepoint    ] Safepoint "Cleanup", Time since last: 1000247621 ns, Reaching safepoint: 95292 ns, At safepoint: 7836 ns, Total: 103128 ns
[2020-02-26T09:04:44.586+0000][1][safepoint    ] Safepoint "RevokeBias", Time since last: 506395317 ns, Reaching safepoint: 930657 ns, At safepoint: 26906 ns, Total: 957563 ns
[2020-02-26T09:04:45.586+0000][1][safepoint    ] Safepoint "Cleanup", Time since last: 1000563179 ns, Reaching safepoint: 83923 ns, At safepoint: 8119 ns, Total: 92042 ns
[2020-02-26T09:04:46.588+0000][1][safepoint    ] Safepoint "Cleanup", Time since last: 1001172564 ns, Reaching safepoint: 129014 ns, At safepoint: 33250 ns, Total: 162264 ns
[2020-02-26T09:04:47.099+0000][1][safepoint    ] Safepoint "RevokeBias", Time since last: 511585880 ns, Reaching safepoint: 81157 ns, At safepoint: 19703 ns, Total: 100860 ns
[2020-02-26T09:04:48.100+0000][1][safepoint    ] Safepoint "Cleanup", Time since last: 1000092663 ns, Reaching safepoint: 97476 ns, At safepoint: 10345 ns, Total: 107821 ns
[2020-02-26T09:04:49.360+0000][1][safepoint    ] Safepoint "Cleanup", Time since last: 1260601546 ns, Reaching safepoint: 80888 ns, At safepoint: 9802 ns, Total: 90690 ns
[2020-02-26T09:04:49.606+0000][1][safepoint    ] Safepoint "RevokeBias", Time since last: 245714229 ns, Reaching safepoint: 93145 ns, At safepoint: 24318 ns, Total: 117463 ns
[2020-02-26T09:04:50.607+0000][1][safepoint    ] Safepoint "Cleanup", Time since last: 1000428730 ns, Reaching safepoint: 91419 ns, At safepoint: 10495 ns, Total: 101914 ns
[2020-02-26T09:04:51.612+0000][1][safepoint    ] Safepoint "Cleanup", Time since last: 1005594638 ns, Reaching safepoint: 89402 ns, At safepoint: 10216 ns, Total: 99618 ns
[2020-02-26T09:04:52.122+0000][1][safepoint    ] Safepoint "RevokeBias", Time since last: 509280764 ns, Reaching safepoint: 56384 ns, At safepoint: 18322 ns, Total: 74706 ns
[2020-02-26T09:04:53.122+0000][1][safepoint    ] Safepoint "Cleanup", Time since last: 1000216307 ns, Reaching safepoint: 172550 ns, At safepoint: 28672 ns, Total: 201222 ns
[2020-02-26T09:04:54.123+0000][1][safepoint    ] Safepoint "Cleanup", Time since last: 1000700126 ns, Reaching safepoint: 87921 ns, At safepoint: 8901 ns, Total: 96822 ns
[2020-02-26T09:04:54.629+0000][1][safepoint    ] Safepoint "RevokeBias", Time since last: 506201262 ns, Reaching safepoint: 87312 ns, At safepoint: 21477 ns, Total: 108789 ns
[2020-02-26T09:04:55.630+0000][1][safepoint    ] Safepoint "Cleanup", Time since last: 1000213145 ns, Reaching safepoint: 83904 ns, At safepoint: 8860 ns, Total: 92764 ns
[2020-02-26T09:04:56.630+0000][1][safepoint    ] Safepoint "Cleanup", Time since last: 1000706165 ns, Reaching safepoint: 101652 ns, At safepoint: 9602 ns, Total: 111254 ns
[2020-02-26T09:04:57.149+0000][1][safepoint    ] Safepoint "RevokeBias", Time since last: 518050756 ns, Reaching safepoint: 60843 ns, At safepoint: 19753 ns, Total: 80596 ns
[2020-02-26T09:04:58.149+0000][1][safepoint    ] Safepoint "Cleanup", Time since last: 1000164060 ns, Reaching safepoint: 99670 ns, At safepoint: 9236 ns, Total: 108906 ns
[2020-02-26T09:04:59.149+0000][1][safepoint    ] Safepoint "Cleanup", Time since last: 1000317959 ns, Reaching safepoint: 80745 ns, At safepoint: 8091 ns, Total: 88836 ns
[2020-02-26T09:04:59.654+0000][1][safepoint    ] Safepoint "RevokeBias", Time since last: 504380823 ns, Reaching safepoint: 84482 ns, At safepoint: 40205 ns, Total: 124687 ns
[2020-02-26T09:05:00.655+0000][1][safepoint    ] Safepoint "Cleanup", Time since last: 1000752292 ns, Reaching safepoint: 81721 ns, At safepoint: 8958 ns, Total: 90679 ns
[2020-02-26T09:05:01.655+0000][1][safepoint    ] Safepoint "Cleanup", Time since last: 1000222099 ns, Reaching safepoint: 82349 ns, At safepoint: 10139 ns, Total: 92488 ns
[2020-02-26T09:05:02.158+0000][1][safepoint    ] Safepoint "BulkRevokeBias", Time since last: 502271448 ns, Reaching safepoint: 138726 ns, At safepoint: 385863 ns, Total: 524589 ns
[2020-02-26T09:05:03.164+0000][1][safepoint    ] Safepoint "Cleanup", Time since last: 1005847701 ns, Reaching safepoint: 100351 ns, At safepoint: 10185 ns, Total: 110536 ns
[2020-02-26T09:05:04.164+0000][1][safepoint    ] Safepoint "Cleanup", Time since last: 1000392070 ns, Reaching safepoint: 81910 ns, At safepoint: 9071 ns, Total: 90981 ns
[2020-02-26T09:05:04.664+0000][1][safepoint    ] Safepoint "RevokeBias", Time since last: 500121389 ns, Reaching safepoint: 80201 ns, At safepoint: 19886 ns, Total: 100087 ns
[2020-02-26T09:05:05.665+0000][1][safepoint    ] Safepoint "Cleanup", Time since last: 1000455625 ns, Reaching safepoint: 164962 ns, At safepoint: 35386 ns, Total: 200348 ns
[2020-02-26T09:05:06.666+0000][1][safepoint    ] Safepoint "Cleanup", Time since last: 1000613226 ns, Reaching safepoint: 83829 ns, At safepoint: 9347 ns, Total: 93176 ns
[2020-02-26T09:05:07.168+0000][1][safepoint    ] Safepoint "RevokeBias", Time since last: 502068656 ns, Reaching safepoint: 83570 ns, At safepoint: 20057 ns, Total: 103627 ns
[2020-02-26T09:05:08.169+0000][1][safepoint    ] Safepoint "Cleanup", Time since last: 1000661441 ns, Reaching safepoint: 82156 ns, At safepoint: 9683 ns, Total: 91839 ns
[2020-02-26T09:05:09.169+0000][1][safepoint    ] Safepoint "Cleanup", Time since last: 1000344426 ns, Reaching safepoint: 96402 ns, At safepoint: 9557 ns, Total: 105959 ns
[2020-02-26T09:05:09.671+0000][1][safepoint    ] Safepoint "RevokeBias", Time since last: 501588378 ns, Reaching safepoint: 128809 ns, At safepoint: 31785 ns, Total: 160594 ns
[2020-02-26T09:05:10.672+0000][1][safepoint    ] Safepoint "Cleanup", Time since last: 1000621579 ns, Reaching safepoint: 81848 ns, At safepoint: 35455 ns, Total: 117303 ns
[2020-02-26T09:05:11.673+0000][1][safepoint    ] Safepoint "Cleanup", Time since last: 1000830968 ns, Reaching safepoint: 139263 ns, At safepoint: 10138 ns, Total: 149401 ns
[2020-02-26T09:05:12.177+0000][1][safepoint    ] Safepoint "RevokeBias", Time since last: 504354139 ns, Reaching safepoint: 81138 ns, At safepoint: 20500 ns, Total: 101638 ns
[2020-02-26T09:05:13.178+0000][1][safepoint    ] Safepoint "Cleanup", Time since last: 1000704517 ns, Reaching safepoint: 98817 ns, At safepoint: 9036 ns, Total: 107853 ns
[2020-02-26T09:05:14.180+0000][1][safepoint    ] Safepoint "Cleanup", Time since last: 1002358048 ns, Reaching safepoint: 164697 ns, At safepoint: 14194 ns, Total: 178891 ns
[2020-02-26T09:05:14.685+0000][1][safepoint    ] Safepoint "RevokeBias", Time since last: 504753451 ns, Reaching safepoint: 95564 ns, At safepoint: 19567 ns, Total: 115131 ns
[2020-02-26T09:05:15.748+0000][1][safepoint    ] Safepoint "Cleanup", Time since last: 1063055709 ns, Reaching safepoint: 89318 ns, At safepoint: 11003 ns, Total: 100321 ns
[2020-02-26T09:05:16.749+0000][1][safepoint    ] Safepoint "Cleanup", Time since last: 1000503743 ns, Reaching safepoint: 137495 ns, At safepoint: 13102 ns, Total: 150597 ns
[2020-02-26T09:05:17.189+0000][1][safepoint    ] Safepoint "RevokeBias", Time since last: 439538161 ns, Reaching safepoint: 93709 ns, At safepoint: 19766 ns, Total: 113475 ns
[2020-02-26T09:05:18.189+0000][1][safepoint    ] Safepoint "Cleanup", Time since last: 1000199371 ns, Reaching safepoint: 125792 ns, At safepoint: 13060 ns, Total: 138852 ns
[2020-02-26T09:05:19.199+0000][1][safepoint    ] Safepoint "Cleanup", Time since last: 1010098718 ns, Reaching safepoint: 79732 ns, At safepoint: 8948 ns, Total: 88680 ns
[2020-02-26T09:05:19.700+0000][1][safepoint    ] Safepoint "RevokeBias", Time since last: 500831121 ns, Reaching safepoint: 80002 ns, At safepoint: 20538 ns, Total: 100540 ns
[2020-02-26T09:05:20.701+0000][1][safepoint    ] Safepoint "Cleanup", Time since last: 1000263367 ns, Reaching safepoint: 98232 ns, At safepoint: 12235 ns, Total: 110467 ns
[2020-02-26T09:05:21.701+0000][1][safepoint    ] Safepoint "Cleanup", Time since last: 1000558506 ns, Reaching safepoint: 82517 ns, At safepoint: 8986 ns, Total: 91503 ns
[2020-02-26T09:05:22.213+0000][1][safepoint    ] Safepoint "RevokeBias", Time since last: 511246502 ns, Reaching safepoint: 83429 ns, At safepoint: 23231 ns, Total: 106660 ns
[2020-02-26T09:05:23.213+0000][1][safepoint    ] Safepoint "Cleanup", Time since last: 1000397387 ns, Reaching safepoint: 82424 ns, At safepoint: 9946 ns, Total: 92370 ns
[2020-02-26T09:05:24.214+0000][1][safepoint    ] Safepoint "Cleanup", Time since last: 1000509337 ns, Reaching safepoint: 78819 ns, At safepoint: 10068 ns, Total: 88887 ns
[2020-02-26T09:05:24.722+0000][1][safepoint    ] Safepoint "RevokeBias", Time since last: 508456983 ns, Reaching safepoint: 61847 ns, At safepoint: 19222 ns, Total: 81069 ns
[2020-02-26T09:05:25.723+0000][1][safepoint    ] Safepoint "Cleanup", Time since last: 1000537310 ns, Reaching safepoint: 96704 ns, At safepoint: 9780 ns, Total: 106484 ns
[2020-02-26T09:05:26.723+0000][1][safepoint    ] Safepoint "Cleanup", Time since last: 1000408037 ns, Reaching safepoint: 89264 ns, At safepoint: 10620 ns, Total: 99884 ns
[2020-02-26T09:05:27.232+0000][1][safepoint    ] Safepoint "RevokeBias", Time since last: 508590179 ns, Reaching safepoint: 82992 ns, At safepoint: 21020 ns, Total: 104012 ns
[2020-02-26T09:05:28.232+0000][1][safepoint    ] Safepoint "Cleanup", Time since last: 1000325392 ns, Reaching safepoint: 97483 ns, At safepoint: 8090 ns, Total: 105573 ns
[2020-02-26T09:05:29.233+0000][1][safepoint    ] Safepoint "Cleanup", Time since last: 1000233775 ns, Reaching safepoint: 83206 ns, At safepoint: 9494 ns, Total: 92700 ns
[2020-02-26T09:05:29.736+0000][1][safepoint    ] Safepoint "RevokeBias", Time since last: 503179732 ns, Reaching safepoint: 85587 ns, At safepoint: 40493 ns, Total: 126080 ns
[2020-02-26T09:05:30.744+0000][1][safepoint    ] Safepoint "Cleanup", Time since last: 1007335923 ns, Reaching safepoint: 110825 ns, At safepoint: 13561 ns, Total: 124386 ns
[2020-02-26T09:05:31.744+0000][1][safepoint    ] Safepoint "Cleanup", Time since last: 1000601319 ns, Reaching safepoint: 83096 ns, At safepoint: 9044 ns, Total: 92140 ns
[2020-02-26T09:05:32.241+0000][1][safepoint    ] Safepoint "RevokeBias", Time since last: 496629113 ns, Reaching safepoint: 97611 ns, At safepoint: 20975 ns, Total: 118586 ns
[2020-02-26T09:05:33.242+0000][1][safepoint    ] Safepoint "Cleanup", Time since last: 1000482784 ns, Reaching safepoint: 110724 ns, At safepoint: 11057 ns, Total: 121781 ns
[2020-02-26T09:05:34.243+0000][1][safepoint    ] Safepoint "Cleanup", Time since last: 1001291687 ns, Reaching safepoint: 80558 ns, At safepoint: 8771 ns, Total: 89329 ns
[2020-02-26T09:05:34.754+0000][1][safepoint    ] Safepoint "RevokeBias", Time since last: 511312774 ns, Reaching safepoint: 79686 ns, At safepoint: 20215 ns, Total: 99901 ns
[2020-02-26T09:05:35.757+0000][1][safepoint    ] Safepoint "Cleanup", Time since last: 1002276774 ns, Reaching safepoint: 94083 ns, At safepoint: 8398 ns, Total: 102481 ns
[2020-02-26T09:05:36.757+0000][1][safepoint    ] Safepoint "Cleanup", Time since last: 1000201291 ns, Reaching safepoint: 82420 ns, At safepoint: 9532 ns, Total: 91952 ns
[2020-02-26T09:05:37.261+0000][1][safepoint    ] Safepoint "RevokeBias", Time since last: 503887986 ns, Reaching safepoint: 93947 ns, At safepoint: 137332 ns, Total: 231279 ns
[2020-02-26T09:05:38.262+0000][1][safepoint    ] Safepoint "Cleanup", Time since last: 1000389860 ns, Reaching safepoint: 95314 ns, At safepoint: 10853 ns, Total: 106167 ns
[2020-02-26T09:05:39.262+0000][1][safepoint    ] Safepoint "Cleanup", Time since last: 1000218893 ns, Reaching safepoint: 101469 ns, At safepoint: 11591 ns, Total: 113060 ns
[2020-02-26T09:05:39.764+0000][1][safepoint    ] Safepoint "RevokeBias", Time since last: 502102873 ns, Reaching safepoint: 79446 ns, At safepoint: 20555 ns, Total: 100001 ns
[2020-02-26T09:05:40.765+0000][1][safepoint    ] Safepoint "Cleanup", Time since last: 1001145725 ns, Reaching safepoint: 79632 ns, At safepoint: 7854 ns, Total: 87486 ns
[2020-02-26T09:05:41.766+0000][1][safepoint    ] Safepoint "Cleanup", Time since last: 1000752464 ns, Reaching safepoint: 83858 ns, At safepoint: 9137 ns, Total: 92995 ns
[2020-02-26T09:05:42.271+0000][1][safepoint    ] Safepoint "RevokeBias", Time since last: 504101651 ns, Reaching safepoint: 102635 ns, At safepoint: 26864 ns, Total: 129499 ns
[2020-02-26T09:05:43.271+0000][1][safepoint    ] Safepoint "Cleanup", Time since last: 1000554619 ns, Reaching safepoint: 100108 ns, At safepoint: 16439 ns, Total: 116547 ns
[2020-02-26T09:05:44.272+0000][1][safepoint    ] Safepoint "Cleanup", Time since last: 1000458583 ns, Reaching safepoint: 109833 ns, At safepoint: 12136 ns, Total: 121969 ns
[2020-02-26T09:05:44.777+0000][1][safepoint    ] Safepoint "RevokeBias", Time since last: 505387051 ns, Reaching safepoint: 171187 ns, At safepoint: 22084 ns, Total: 193271 ns
[2020-02-26T09:05:45.778+0000][1][safepoint    ] Safepoint "Cleanup", Time since last: 1000699178 ns, Reaching safepoint: 81790 ns, At safepoint: 8436 ns, Total: 90226 ns
[2020-02-26T09:05:46.780+0000][1][safepoint    ] Safepoint "Cleanup", Time since last: 1001876694 ns, Reaching safepoint: 97891 ns, At safepoint: 8549 ns, Total: 106440 ns
[2020-02-26T09:05:47.284+0000][1][safepoint    ] Safepoint "RevokeBias", Time since last: 503432635 ns, Reaching safepoint: 140482 ns, At safepoint: 31200 ns, Total: 171682 ns
[2020-02-26T09:05:48.284+0000][1][safepoint    ] Safepoint "Cleanup", Time since last: 1000358977 ns, Reaching safepoint: 97131 ns, At safepoint: 8676 ns, Total: 105807 ns
[2020-02-26T09:05:49.285+0000][1][safepoint    ] Safepoint "Cleanup", Time since last: 1000550474 ns, Reaching safepoint: 80912 ns, At safepoint: 9773 ns, Total: 90685 ns
[2020-02-26T09:05:49.796+0000][1][safepoint    ] Safepoint "RevokeBias", Time since last: 511390737 ns, Reaching safepoint: 156200 ns, At safepoint: 43010 ns, Total: 199210 ns
[2020-02-26T09:05:50.797+0000][1][safepoint    ] Safepoint "Cleanup", Time since last: 1000739960 ns, Reaching safepoint: 94882 ns, At safepoint: 13105 ns, Total: 107987 ns
[2020-02-26T09:05:51.806+0000][1][safepoint    ] Safepoint "Cleanup", Time since last: 1008757941 ns, Reaching safepoint: 79311 ns, At safepoint: 8803 ns, Total: 88114 ns
[2020-02-26T09:05:52.323+0000][1][safepoint    ] Safepoint "RevokeBias", Time since last: 516585200 ns, Reaching safepoint: 79926 ns, At safepoint: 20087 ns, Total: 100013 ns
[2020-02-26T09:05:53.323+0000][1][safepoint    ] Safepoint "Cleanup", Time since last: 1000135830 ns, Reaching safepoint: 81228 ns, At safepoint: 8500 ns, Total: 89728 ns
[2020-02-26T09:05:54.324+0000][1][safepoint    ] Safepoint "Cleanup", Time since last: 1000823320 ns, Reaching safepoint: 94356 ns, At safepoint: 8961 ns, Total: 103317 ns
[2020-02-26T09:05:54.832+0000][1][safepoint    ] Safepoint "RevokeBias", Time since last: 508040103 ns, Reaching safepoint: 122746 ns, At safepoint: 32123 ns, Total: 154869 ns
[2020-02-26T09:05:55.833+0000][1][safepoint    ] Safepoint "Cleanup", Time since last: 1000381990 ns, Reaching safepoint: 116656 ns, At safepoint: 8962 ns, Total: 125618 ns
[2020-02-26T09:05:56.834+0000][1][safepoint    ] Safepoint "Cleanup", Time since last: 1000814206 ns, Reaching safepoint: 146779 ns, At safepoint: 9444 ns, Total: 156223 ns
[2020-02-26T09:05:57.356+0000][1][safepoint    ] Safepoint "RevokeBias", Time since last: 522175352 ns, Reaching safepoint: 80198 ns, At safepoint: 19779 ns, Total: 99977 ns
[2020-02-26T09:05:58.356+0000][1][safepoint    ] Safepoint "Cleanup", Time since last: 1000435157 ns, Reaching safepoint: 121431 ns, At safepoint: 9625 ns, Total: 131056 ns
[2020-02-26T09:05:59.357+0000][1][safepoint    ] Safepoint "Cleanup", Time since last: 1000806344 ns, Reaching safepoint: 86929 ns, At safepoint: 9725 ns, Total: 96654 ns
[2020-02-26T09:05:59.863+0000][1][safepoint    ] Safepoint "RevokeBias", Time since last: 505856832 ns, Reaching safepoint: 94781 ns, At safepoint: 43252 ns, Total: 138033 ns
[2020-02-26T09:06:00.864+0000][1][safepoint    ] Safepoint "Cleanup", Time since last: 1000419293 ns, Reaching safepoint: 166202 ns, At safepoint: 30747 ns, Total: 196949 ns
[2020-02-26T09:06:01.865+0000][1][safepoint    ] Safepoint "Cleanup", Time since last: 1000841700 ns, Reaching safepoint: 81788 ns, At safepoint: 9187 ns, Total: 90975 ns
[2020-02-26T09:06:02.377+0000][1][safepoint    ] Safepoint "RevokeBias", Time since last: 512070978 ns, Reaching safepoint: 79527 ns, At safepoint: 20013 ns, Total: 99540 ns
[2020-02-26T09:06:03.384+0000][1][safepoint    ] Safepoint "Cleanup", Time since last: 1006689775 ns, Reaching safepoint: 79929 ns, At safepoint: 8811 ns, Total: 88740 ns
[2020-02-26T09:06:04.384+0000][1][safepoint    ] Safepoint "Cleanup", Time since last: 1000354502 ns, Reaching safepoint: 85393 ns, At safepoint: 10435 ns, Total: 95828 ns
[2020-02-26T09:06:04.884+0000][1][safepoint    ] Safepoint "RevokeBias", Time since last: 499531248 ns, Reaching safepoint: 79265 ns, At safepoint: 20125 ns, Total: 99390 ns
[2020-02-26T09:06:05.884+0000][1][safepoint    ] Safepoint "Cleanup", Time since last: 1000306461 ns, Reaching safepoint: 140253 ns, At safepoint: 16815 ns, Total: 157068 ns
[2020-02-26T09:06:06.885+0000][1][safepoint    ] Safepoint "Cleanup", Time since last: 1000365845 ns, Reaching safepoint: 107829 ns, At safepoint: 28807 ns, Total: 136636 ns
[2020-02-26T09:06:07.391+0000][1][safepoint    ] Safepoint "RevokeBias", Time since last: 505867927 ns, Reaching safepoint: 148894 ns, At safepoint: 33133 ns, Total: 182027 ns
[2020-02-26T09:06:08.393+0000][1][safepoint    ] Safepoint "Cleanup", Time since last: 1001535882 ns, Reaching safepoint: 99622 ns, At safepoint: 8921 ns, Total: 108543 ns
[2020-02-26T09:06:09.393+0000][1][safepoint    ] Safepoint "Cleanup", Time since last: 1000338265 ns, Reaching safepoint: 105848 ns, At safepoint: 11208 ns, Total: 117056 ns
[2020-02-26T09:06:09.899+0000][1][safepoint    ] Safepoint "RevokeBias", Time since last: 505451346 ns, Reaching safepoint: 80491 ns, At safepoint: 20230 ns, Total: 100721 ns
[2020-02-26T09:06:10.899+0000][1][safepoint    ] Safepoint "Cleanup", Time since last: 1000780557 ns, Reaching safepoint: 82343 ns, At safepoint: 10050 ns, Total: 92393 ns
[2020-02-26T09:06:11.900+0000][1][safepoint    ] Safepoint "Cleanup", Time since last: 1000364506 ns, Reaching safepoint: 80328 ns, At safepoint: 9726 ns, Total: 90054 ns
[2020-02-26T09:06:12.402+0000][1][safepoint    ] Safepoint "RevokeBias", Time since last: 502278047 ns, Reaching safepoint: 107407 ns, At safepoint: 21708 ns, Total: 129115 ns
[2020-02-26T09:06:13.404+0000][1][safepoint    ] Safepoint "Cleanup", Time since last: 1001097396 ns, Reaching safepoint: 90514 ns, At safepoint: 8630 ns, Total: 99144 ns
[2020-02-26T09:06:14.405+0000][1][safepoint    ] Safepoint "Cleanup", Time since last: 1000806763 ns, Reaching safepoint: 136399 ns, At safepoint: 12062 ns, Total: 148461 ns
[2020-02-26T09:06:14.908+0000][1][safepoint    ] Safepoint "BulkRevokeBias", Time since last: 503027964 ns, Reaching safepoint: 94133 ns, At safepoint: 273867 ns, Total: 368000 ns
[2020-02-26T09:06:15.909+0000][1][safepoint    ] Safepoint "Cleanup", Time since last: 1000640521 ns, Reaching safepoint: 81247 ns, At safepoint: 10210 ns, Total: 91457 ns
[2020-02-26T09:06:16.909+0000][1][safepoint    ] Safepoint "Cleanup", Time since last: 1000677479 ns, Reaching safepoint: 109692 ns, At safepoint: 10245 ns, Total: 119937 ns
[2020-02-26T09:06:17.414+0000][1][safepoint    ] Safepoint "RevokeBias", Time since last: 504195242 ns, Reaching safepoint: 97782 ns, At safepoint: 25517 ns, Total: 123299 ns
[2020-02-26T09:06:18.417+0000][1][safepoint    ] Safepoint "Cleanup", Time since last: 1002478353 ns, Reaching safepoint: 267629 ns, At safepoint: 13520 ns, Total: 281149 ns
[2020-02-26T09:06:19.418+0000][1][safepoint    ] Safepoint "Cleanup", Time since last: 1001484104 ns, Reaching safepoint: 88897 ns, At safepoint: 24369 ns, Total: 113266 ns
[2020-02-26T09:06:19.918+0000][1][safepoint    ] Safepoint "RevokeBias", Time since last: 500253814 ns, Reaching safepoint: 99132 ns, At safepoint: 20396 ns, Total: 119528 ns
[2020-02-26T09:06:20.919+0000][1][safepoint    ] Safepoint "Cleanup", Time since last: 1000362277 ns, Reaching safepoint: 76989 ns, At safepoint: 8733 ns, Total: 85722 ns
[2020-02-26T09:06:21.919+0000][1][safepoint    ] Safepoint "Cleanup", Time since last: 1000204913 ns, Reaching safepoint: 83118 ns, At safepoint: 10246 ns, Total: 93364 ns
[2020-02-26T09:06:22.422+0000][1][safepoint    ] Safepoint "RevokeBias", Time since last: 503085350 ns, Reaching safepoint: 122564 ns, At safepoint: 30962 ns, Total: 153526 ns
[2020-02-26T09:06:23.423+0000][1][safepoint    ] Safepoint "Cleanup", Time since last: 1000667829 ns, Reaching safepoint: 84918 ns, At safepoint: 9092 ns, Total: 94010 ns
[2020-02-26T09:06:24.424+0000][1][safepoint    ] Safepoint "Cleanup", Time since last: 1000764945 ns, Reaching safepoint: 103002 ns, At safepoint: 9853 ns, Total: 112855 ns
[2020-02-26T09:06:24.938+0000][1][safepoint    ] Safepoint "RevokeBias", Time since last: 514148259 ns, Reaching safepoint: 104749 ns, At safepoint: 21191 ns, Total: 125940 ns
[2020-02-26T09:06:25.939+0000][1][safepoint    ] Safepoint "Cleanup", Time since last: 1000683721 ns, Reaching safepoint: 81121 ns, At safepoint: 10669 ns, Total: 91790 ns
[2020-02-26T09:06:26.940+0000][1][safepoint    ] Safepoint "Cleanup", Time since last: 1000797780 ns, Reaching safepoint: 78661 ns, At safepoint: 9157 ns, Total: 87818 ns
[2020-02-26T09:06:27.449+0000][1][safepoint    ] Safepoint "RevokeBias", Time since last: 509154797 ns, Reaching safepoint: 186816 ns, At safepoint: 22530 ns, Total: 209346 ns
[2020-02-26T09:06:28.450+0000][1][safepoint    ] Safepoint "Cleanup", Time since last: 1000314769 ns, Reaching safepoint: 98220 ns, At safepoint: 9363 ns, Total: 107583 ns
[2020-02-26T09:06:29.455+0000][1][safepoint    ] Safepoint "Cleanup", Time since last: 1004657371 ns, Reaching safepoint: 104934 ns, At safepoint: 11245 ns, Total: 116179 ns
[2020-02-26T09:06:29.974+0000][1][safepoint    ] Safepoint "RevokeBias", Time since last: 519538656 ns, Reaching safepoint: 310944 ns, At safepoint: 41096 ns, Total: 352040 ns
[2020-02-26T09:06:30.975+0000][1][safepoint    ] Safepoint "Cleanup", Time since last: 1000222642 ns, Reaching safepoint: 82918 ns, At safepoint: 9341 ns, Total: 92259 ns
[2020-02-26T09:06:31.976+0000][1][safepoint    ] Safepoint "Cleanup", Time since last: 1000753439 ns, Reaching safepoint: 143635 ns, At safepoint: 15196 ns, Total: 158831 ns
[2020-02-26T09:06:32.485+0000][1][safepoint    ] Safepoint "RevokeBias", Time since last: 508710163 ns, Reaching safepoint: 91220 ns, At safepoint: 21829 ns, Total: 113049 ns
[2020-02-26T09:06:33.485+0000][1][safepoint    ] Safepoint "Cleanup", Time since last: 1000169079 ns, Reaching safepoint: 86671 ns, At safepoint: 9796 ns, Total: 96467 ns
[2020-02-26T09:06:34.485+0000][1][safepoint    ] Safepoint "Cleanup", Time since last: 1000349497 ns, Reaching safepoint: 109438 ns, At safepoint: 11419 ns, Total: 120857 ns
[2020-02-26T09:06:35.000+0000][1][safepoint    ] Safepoint "RevokeBias", Time since last: 514572696 ns, Reaching safepoint: 80609 ns, At safepoint: 19687 ns, Total: 100296 ns
[2020-02-26T09:06:36.000+0000][1][safepoint    ] Safepoint "Cleanup", Time since last: 1000353441 ns, Reaching safepoint: 82139 ns, At safepoint: 10422 ns, Total: 92561 ns
[2020-02-26T09:06:37.001+0000][1][safepoint    ] Safepoint "Cleanup", Time since last: 1000343779 ns, Reaching safepoint: 131897 ns, At safepoint: 16897 ns, Total: 148794 ns
[2020-02-26T09:06:37.512+0000][1][safepoint    ] Safepoint "RevokeBias", Time since last: 510795356 ns, Reaching safepoint: 141172 ns, At safepoint: 59844 ns, Total: 201016 ns
[2020-02-26T09:06:38.512+0000][1][safepoint    ] Safepoint "Cleanup", Time since last: 1000443030 ns, Reaching safepoint: 127228 ns, At safepoint: 10067 ns, Total: 137295 ns
[2020-02-26T09:06:39.513+0000][1][safepoint    ] Safepoint "Cleanup", Time since last: 1000636091 ns, Reaching safepoint: 82338 ns, At safepoint: 10338 ns, Total: 92676 ns
[2020-02-26T09:06:40.016+0000][1][safepoint    ] Safepoint "RevokeBias", Time since last: 502571299 ns, Reaching safepoint: 79892 ns, At safepoint: 20821 ns, Total: 100713 ns
[2020-02-26T09:06:41.034+0000][1][safepoint    ] Safepoint "Cleanup", Time since last: 1017752507 ns, Reaching safepoint: 86611 ns, At safepoint: 8931 ns, Total: 95542 ns
[2020-02-26T09:06:42.034+0000][1][safepoint    ] Safepoint "Cleanup", Time since last: 1000151898 ns, Reaching safepoint: 88147 ns, At safepoint: 11359 ns, Total: 99506 ns
[2020-02-26T09:06:42.524+0000][1][safepoint    ] Safepoint "RevokeBias", Time since last: 489863864 ns, Reaching safepoint: 65461 ns, At safepoint: 22897 ns, Total: 88358 ns
[2020-02-26T09:06:43.525+0000][1][safepoint    ] Safepoint "Cleanup", Time since last: 1000520643 ns, Reaching safepoint: 175540 ns, At safepoint: 10222 ns, Total: 185762 ns
[2020-02-26T09:06:44.525+0000][1][safepoint    ] Safepoint "Cleanup", Time since last: 1000203540 ns, Reaching safepoint: 120956 ns, At safepoint: 11998 ns, Total: 132954 ns
[2020-02-26T09:06:45.030+0000][1][safepoint    ] Safepoint "RevokeBias", Time since last: 505190025 ns, Reaching safepoint: 109226 ns, At safepoint: 21555 ns, Total: 130781 ns
[2020-02-26T09:06:46.032+0000][1][safepoint    ] Safepoint "Cleanup", Time since last: 1002000463 ns, Reaching safepoint: 116948 ns, At safepoint: 12380 ns, Total: 129328 ns
[2020-02-26T09:06:47.033+0000][1][safepoint    ] Safepoint "Cleanup", Time since last: 1000244091 ns, Reaching safepoint: 139416 ns, At safepoint: 10821 ns, Total: 150237 ns
[2020-02-26T09:06:47.536+0000][1][safepoint    ] Safepoint "RevokeBias", Time since last: 502934197 ns, Reaching safepoint: 181764 ns, At safepoint: 33899 ns, Total: 215663 ns
[2020-02-26T09:06:48.537+0000][1][safepoint    ] Safepoint "Cleanup", Time since last: 1000506321 ns, Reaching safepoint: 91074 ns, At safepoint: 9726 ns, Total: 100800 ns
[2020-02-26T09:06:49.537+0000][1][safepoint    ] Safepoint "Cleanup", Time since last: 1000754420 ns, Reaching safepoint: 85763 ns, At safepoint: 8203 ns, Total: 93966 ns
[2020-02-26T09:06:50.042+0000][1][safepoint    ] Safepoint "RevokeBias", Time since last: 504582506 ns, Reaching safepoint: 83366 ns, At safepoint: 40191 ns, Total: 123557 ns
[2020-02-26T09:06:51.047+0000][1][safepoint    ] Safepoint "Cleanup", Time since last: 1005178961 ns, Reaching safepoint: 133564 ns, At safepoint: 9340 ns, Total: 142904 ns
[2020-02-26T09:06:52.048+0000][1][safepoint    ] Safepoint "Cleanup", Time since last: 1000726124 ns, Reaching safepoint: 147617 ns, At safepoint: 10233 ns, Total: 157850 ns
[2020-02-26T09:06:52.547+0000][1][gc,start     ] GC(45) Pause Young (Allocation Failure)
[2020-02-26T09:06:52.547+0000][1][gc,task      ] GC(45) Using 1 workers of 1 for evacuation
[2020-02-26T09:06:52.559+0000][1][gc,age       ] GC(45) Desired survivor size 4358144 bytes, new threshold 6 (max threshold 6)
[2020-02-26T09:06:52.559+0000][1][gc,age       ] GC(45) Age table with threshold 6 (max threshold 6)
[2020-02-26T09:06:52.559+0000][1][gc,age       ] GC(45) - age   1:      24800 bytes,      24800 total
[2020-02-26T09:06:52.559+0000][1][gc,age       ] GC(45) - age   2:        776 bytes,      25576 total
[2020-02-26T09:06:52.559+0000][1][gc,age       ] GC(45) - age   3:       2568 bytes,      28144 total
[2020-02-26T09:06:52.559+0000][1][gc,age       ] GC(45) - age   4:       3136 bytes,      31280 total
[2020-02-26T09:06:52.559+0000][1][gc,age       ] GC(45) - age   5:       1688 bytes,      32968 total
[2020-02-26T09:06:52.559+0000][1][gc,age       ] GC(45) - age   6:       1696 bytes,      34664 total
[2020-02-26T09:06:52.559+0000][1][gc,heap      ] GC(45) ParNew: 68187K->47K(76672K)
[2020-02-26T09:06:52.559+0000][1][gc,heap      ] GC(45) CMS: 62602K->62603K(963392K)
[2020-02-26T09:06:52.559+0000][1][gc,metaspace ] GC(45) Metaspace: 79323K->79323K(1122304K)
[2020-02-26T09:06:52.559+0000][1][gc           ] GC(45) Pause Young (Allocation Failure) 127M->61M(1015M) 12.264ms
[2020-02-26T09:06:52.559+0000][1][gc,cpu       ] GC(45) User=0.01s Sys=0.00s Real=0.01s
[2020-02-26T09:06:52.559+0000][1][safepoint    ] Safepoint "GenCollectForAllocation", Time since last: 498344250 ns, Reaching safepoint: 79229 ns, At safepoint: 12326078 ns, Total: 12405307 ns
[2020-02-26T09:06:52.561+0000][1][safepoint    ] Safepoint "RevokeBias", Time since last: 1282150 ns, Reaching safepoint: 156344 ns, At safepoint: 64722 ns, Total: 221066 ns
[2020-02-26T09:06:53.561+0000][1][safepoint    ] Safepoint "Cleanup", Time since last: 1000760502 ns, Reaching safepoint: 73786 ns, At safepoint: 7986 ns, Total: 81772 ns
[2020-02-26T09:06:54.562+0000][1][safepoint    ] Safepoint "Cleanup", Time since last: 1000384547 ns, Reaching safepoint: 97705 ns, At safepoint: 7359 ns, Total: 105064 ns
[2020-02-26T09:06:55.064+0000][1][safepoint    ] Safepoint "RevokeBias", Time since last: 502152097 ns, Reaching safepoint: 80025 ns, At safepoint: 19737 ns, Total: 99762 ns
[2020-02-26T09:06:56.065+0000][1][safepoint    ] Safepoint "Cleanup", Time since last: 1000725131 ns, Reaching safepoint: 81665 ns, At safepoint: 8855 ns, Total: 90520 ns
[2020-02-26T09:06:57.067+0000][1][safepoint    ] Safepoint "Cleanup", Time since last: 1001350520 ns, Reaching safepoint: 597558 ns, At safepoint: 21635 ns, Total: 619193 ns
[2020-02-26T09:06:57.568+0000][1][safepoint    ] Safepoint "RevokeBias", Time since last: 501271895 ns, Reaching safepoint: 57394 ns, At safepoint: 19374 ns, Total: 76768 ns
[2020-02-26T09:06:58.569+0000][1][safepoint    ] Safepoint "Cleanup", Time since last: 1000503128 ns, Reaching safepoint: 100179 ns, At safepoint: 8552 ns, Total: 108731 ns
[2020-02-26T09:06:59.570+0000][1][safepoint    ] Safepoint "Cleanup", Time since last: 1001036392 ns, Reaching safepoint: 93051 ns, At safepoint: 8097 ns, Total: 101148 ns
[2020-02-26T09:07:00.071+0000][1][safepoint    ] Safepoint "RevokeBias", Time since last: 500921553 ns, Reaching safepoint: 79725 ns, At safepoint: 38597 ns, Total: 118322 ns
[2020-02-26T09:07:01.072+0000][1][safepoint    ] Safepoint "Cleanup", Time since last: 1001260841 ns, Reaching safepoint: 82735 ns, At safepoint: 7578 ns, Total: 90313 ns
[2020-02-26T09:07:02.076+0000][1][safepoint    ] Safepoint "Cleanup", Time since last: 1003041633 ns, Reaching safepoint: 150853 ns, At safepoint: 8799 ns, Total: 159652 ns
[2020-02-26T09:07:02.585+0000][1][safepoint    ] Safepoint "RevokeBias", Time since last: 509342124 ns, Reaching safepoint: 76658 ns, At safepoint: 19784 ns, Total: 96442 ns
[2020-02-26T09:07:03.586+0000][1][safepoint    ] Safepoint "Cleanup", Time since last: 1000835107 ns, Reaching safepoint: 80739 ns, At safepoint: 9580 ns, Total: 90319 ns
[2020-02-26T09:07:04.587+0000][1][safepoint    ] Safepoint "Cleanup", Time since last: 1000576353 ns, Reaching safepoint: 100304 ns, At safepoint: 11047 ns, Total: 111351 ns
[2020-02-26T09:07:05.095+0000][1][safepoint    ] Safepoint "RevokeBias", Time since last: 508634506 ns, Reaching safepoint: 79278 ns, At safepoint: 19148 ns, Total: 98426 ns
[2020-02-26T09:07:06.096+0000][1][safepoint    ] Safepoint "Cleanup", Time since last: 1000576790 ns, Reaching safepoint: 153749 ns, At safepoint: 29301 ns, Total: 183050 ns
[2020-02-26T09:07:07.097+0000][1][safepoint    ] Safepoint "Cleanup", Time since last: 1000702569 ns, Reaching safepoint: 205129 ns, At safepoint: 28183 ns, Total: 233312 ns
[2020-02-26T09:07:07.612+0000][1][safepoint    ] Safepoint "RevokeBias", Time since last: 514474843 ns, Reaching safepoint: 76317 ns, At safepoint: 19877 ns, Total: 96194 ns
[2020-02-26T09:07:08.612+0000][1][safepoint    ] Safepoint "Cleanup", Time since last: 1000621943 ns, Reaching safepoint: 85858 ns, At safepoint: 8925 ns, Total: 94783 ns
[2020-02-26T09:07:09.613+0000][1][safepoint    ] Safepoint "Cleanup", Time since last: 1000278735 ns, Reaching safepoint: 81224 ns, At safepoint: 9037 ns, Total: 90261 ns
[2020-02-26T09:07:10.123+0000][1][safepoint    ] Safepoint "RevokeBias", Time since last: 509679606 ns, Reaching safepoint: 76764 ns, At safepoint: 20082 ns, Total: 96846 ns
[2020-02-26T09:07:11.123+0000][1][safepoint    ] Safepoint "Cleanup", Time since last: 1000237991 ns, Reaching safepoint: 81921 ns, At safepoint: 9228 ns, Total: 91149 ns
[2020-02-26T09:07:12.123+0000][1][safepoint    ] Safepoint "Cleanup", Time since last: 1000248774 ns, Reaching safepoint: 82455 ns, At safepoint: 9215 ns, Total: 91670 ns
[2020-02-26T09:07:12.627+0000][1][safepoint    ] Safepoint "RevokeBias", Time since last: 503920070 ns, Reaching safepoint: 165725 ns, At safepoint: 59853 ns, Total: 225578 ns
[2020-02-26T09:07:13.628+0000][1][safepoint    ] Safepoint "Cleanup", Time since last: 1000667777 ns, Reaching safepoint: 156233 ns, At safepoint: 29024 ns, Total: 185257 ns
[2020-02-26T09:07:14.629+0000][1][safepoint    ] Safepoint "Cleanup", Time since last: 1000620239 ns, Reaching safepoint: 90704 ns, At safepoint: 11062 ns, Total: 101766 ns
[2020-02-26T09:07:15.134+0000][1][safepoint    ] Safepoint "RevokeBias", Time since last: 505416437 ns, Reaching safepoint: 80446 ns, At safepoint: 32468 ns, Total: 112914 ns
[2020-02-26T09:07:16.135+0000][1][safepoint    ] Safepoint "Cleanup", Time since last: 1000351643 ns, Reaching safepoint: 87799 ns, At safepoint: 11417 ns, Total: 99216 ns
[2020-02-26T09:07:17.135+0000][1][safepoint    ] Safepoint "Cleanup", Time since last: 1000478967 ns, Reaching safepoint: 84294 ns, At safepoint: 9288 ns, Total: 93582 ns
[2020-02-26T09:07:17.641+0000][1][safepoint    ] Safepoint "RevokeBias", Time since last: 505000970 ns, Reaching safepoint: 87410 ns, At safepoint: 20531 ns, Total: 107941 ns
[2020-02-26T09:07:18.647+0000][1][safepoint    ] Safepoint "Cleanup", Time since last: 1006518612 ns, Reaching safepoint: 96985 ns, At safepoint: 9007 ns, Total: 105992 ns
[2020-02-26T09:07:19.648+0000][1][safepoint    ] Safepoint "Cleanup", Time since last: 1000782027 ns, Reaching safepoint: 186448 ns, At safepoint: 31722 ns, Total: 218170 ns
[2020-02-26T09:07:20.144+0000][1][safepoint    ] Safepoint "RevokeBias", Time since last: 495676628 ns, Reaching safepoint: 79744 ns, At safepoint: 20761 ns, Total: 100505 ns
[2020-02-26T09:07:21.654+0000][1][safepoint    ] Safepoint "Cleanup", Time since last: 1509993814 ns, Reaching safepoint: 116778 ns, At safepoint: 11269 ns, Total: 128047 ns
[2020-02-26T09:07:22.649+0000][1][safepoint    ] Safepoint "RevokeBias", Time since last: 994832526 ns, Reaching safepoint: 78209 ns, At safepoint: 19850 ns, Total: 98059 ns
[2020-02-26T09:07:23.650+0000][1][safepoint    ] Safepoint "Cleanup", Time since last: 1000707858 ns, Reaching safepoint: 81690 ns, At safepoint: 10025 ns, Total: 91715 ns
[2020-02-26T09:07:24.652+0000][1][safepoint    ] Safepoint "Cleanup", Time since last: 1001558053 ns, Reaching safepoint: 125047 ns, At safepoint: 13572 ns, Total: 138619 ns
[2020-02-26T09:07:25.152+0000][1][safepoint    ] Safepoint "RevokeBias", Time since last: 500391187 ns, Reaching safepoint: 106751 ns, At safepoint: 21412 ns, Total: 128163 ns
[2020-02-26T09:07:26.152+0000][1][safepoint    ] Safepoint "Cleanup", Time since last: 1000160175 ns, Reaching safepoint: 81411 ns, At safepoint: 9189 ns, Total: 90600 ns
[2020-02-26T09:07:27.153+0000][1][safepoint    ] Safepoint "Cleanup", Time since last: 1000751198 ns, Reaching safepoint: 81285 ns, At safepoint: 9294 ns, Total: 90579 ns
[2020-02-26T09:07:27.656+0000][1][safepoint    ] Safepoint "BulkRevokeBias", Time since last: 502472566 ns, Reaching safepoint: 80324 ns, At safepoint: 298281 ns, Total: 378605 ns
[2020-02-26T09:07:28.657+0000][1][safepoint    ] Safepoint "Cleanup", Time since last: 1000472924 ns, Reaching safepoint: 102261 ns, At safepoint: 8967 ns, Total: 111228 ns
[2020-02-26T09:07:29.657+0000][1][safepoint    ] Safepoint "Cleanup", Time since last: 1000624993 ns, Reaching safepoint: 99771 ns, At safepoint: 10638 ns, Total: 110409 ns
[2020-02-26T09:07:30.160+0000][1][safepoint    ] Safepoint "RevokeBias", Time since last: 503042924 ns, Reaching safepoint: 79500 ns, At safepoint: 37567 ns, Total: 117067 ns
[2020-02-26T09:07:31.162+0000][1][safepoint    ] Safepoint "Cleanup", Time since last: 1000934682 ns, Reaching safepoint: 83339 ns, At safepoint: 10092 ns, Total: 93431 ns
[2020-02-26T09:07:32.162+0000][1][safepoint    ] Safepoint "Cleanup", Time since last: 1000557632 ns, Reaching safepoint: 82870 ns, At safepoint: 9059 ns, Total: 91929 ns
[2020-02-26T09:07:32.664+0000][1][safepoint    ] Safepoint "RevokeBias", Time since last: 502114926 ns, Reaching safepoint: 75811 ns, At safepoint: 19626 ns, Total: 95437 ns
[2020-02-26T09:07:33.665+0000][1][safepoint    ] Safepoint "Cleanup", Time since last: 1000817849 ns, Reaching safepoint: 79322 ns, At safepoint: 9100 ns, Total: 88422 ns
[2020-02-26T09:07:34.674+0000][1][safepoint    ] Safepoint "Cleanup", Time since last: 1008323745 ns, Reaching safepoint: 80958 ns, At safepoint: 8799 ns, Total: 89757 ns
[2020-02-26T09:07:35.182+0000][1][safepoint    ] Safepoint "RevokeBias", Time since last: 507824337 ns, Reaching safepoint: 58310 ns, At safepoint: 17937 ns, Total: 76247 ns
[2020-02-26T09:07:36.182+0000][1][safepoint    ] Safepoint "Cleanup", Time since last: 1000581856 ns, Reaching safepoint: 106290 ns, At safepoint: 15289 ns, Total: 121579 ns
[2020-02-26T09:07:37.183+0000][1][safepoint    ] Safepoint "Cleanup", Time since last: 1000257095 ns, Reaching safepoint: 112513 ns, At safepoint: 8556 ns, Total: 121069 ns
[2020-02-26T09:07:37.693+0000][1][safepoint    ] Safepoint "RevokeBias", Time since last: 509861212 ns, Reaching safepoint: 107052 ns, At safepoint: 37126 ns, Total: 144178 ns
[2020-02-26T09:07:38.693+0000][1][safepoint    ] Safepoint "Cleanup", Time since last: 1000495892 ns, Reaching safepoint: 113866 ns, At safepoint: 14047 ns, Total: 127913 ns
[2020-02-26T09:07:39.694+0000][1][safepoint    ] Safepoint "Cleanup", Time since last: 1000340883 ns, Reaching safepoint: 155463 ns, At safepoint: 34459 ns, Total: 189922 ns
[2020-02-26T09:07:40.210+0000][1][safepoint    ] Safepoint "RevokeBias", Time since last: 515515310 ns, Reaching safepoint: 233208 ns, At safepoint: 25728 ns, Total: 258936 ns
[2020-02-26T09:07:41.210+0000][1][safepoint    ] Safepoint "Cleanup", Time since last: 1000369127 ns, Reaching safepoint: 123749 ns, At safepoint: 13972 ns, Total: 137721 ns
[2020-02-26T09:07:42.211+0000][1][safepoint    ] Safepoint "Cleanup", Time since last: 1000530961 ns, Reaching safepoint: 86921 ns, At safepoint: 10454 ns, Total: 97375 ns
[2020-02-26T09:07:42.721+0000][1][safepoint    ] Safepoint "RevokeBias", Time since last: 509651334 ns, Reaching safepoint: 90183 ns, At safepoint: 24377 ns, Total: 114560 ns
[2020-02-26T09:07:43.721+0000][1][safepoint    ] Safepoint "Cleanup", Time since last: 1000346815 ns, Reaching safepoint: 84516 ns, At safepoint: 9298 ns, Total: 93814 ns
[2020-02-26T09:07:44.722+0000][1][safepoint    ] Safepoint "Cleanup", Time since last: 1000565872 ns, Reaching safepoint: 111931 ns, At safepoint: 10979 ns, Total: 122910 ns
[2020-02-26T09:07:45.226+0000][1][safepoint    ] Safepoint "RevokeBias", Time since last: 503801354 ns, Reaching safepoint: 81204 ns, At safepoint: 27631 ns, Total: 108835 ns
[2020-02-26T09:07:46.234+0000][1][safepoint    ] Safepoint "Cleanup", Time since last: 1008560138 ns, Reaching safepoint: 138398 ns, At safepoint: 9419 ns, Total: 147817 ns
[2020-02-26T09:07:47.235+0000][1][safepoint    ] Safepoint "Cleanup", Time since last: 1000762136 ns, Reaching safepoint: 84962 ns, At safepoint: 9222 ns, Total: 94184 ns
[2020-02-26T09:07:47.731+0000][1][safepoint    ] Safepoint "RevokeBias", Time since last: 495569876 ns, Reaching safepoint: 75891 ns, At safepoint: 19953 ns, Total: 95844 ns
[2020-02-26T09:07:48.732+0000][1][safepoint    ] Safepoint "Cleanup", Time since last: 1000809772 ns, Reaching safepoint: 93503 ns, At safepoint: 12864 ns, Total: 106367 ns
[2020-02-26T09:07:50.234+0000][1][safepoint    ] Safepoint "RevokeBias", Time since last: 1501964063 ns, Reaching safepoint: 80665 ns, At safepoint: 19720 ns, Total: 100385 ns
[2020-02-26T09:07:51.235+0000][1][safepoint    ] Safepoint "Cleanup", Time since last: 1000641208 ns, Reaching safepoint: 79206 ns, At safepoint: 8591 ns, Total: 87797 ns
[2020-02-26T09:07:52.235+0000][1][safepoint    ] Safepoint "Cleanup", Time since last: 1000281307 ns, Reaching safepoint: 81637 ns, At safepoint: 8572 ns, Total: 90209 ns
[2020-02-26T09:07:52.742+0000][1][safepoint    ] Safepoint "RevokeBias", Time since last: 506758229 ns, Reaching safepoint: 141322 ns, At safepoint: 38602 ns, Total: 179924 ns
[2020-02-26T09:07:53.743+0000][1][safepoint    ] Safepoint "Cleanup", Time since last: 1000869265 ns, Reaching safepoint: 86358 ns, At safepoint: 9372 ns, Total: 95730 ns
[2020-02-26T09:07:54.744+0000][1][safepoint    ] Safepoint "Cleanup", Time since last: 1000792944 ns, Reaching safepoint: 82936 ns, At safepoint: 9591 ns, Total: 92527 ns
[2020-02-26T09:07:55.244+0000][1][safepoint    ] Safepoint "RevokeBias", Time since last: 500596503 ns, Reaching safepoint: 75801 ns, At safepoint: 19376 ns, Total: 95177 ns
[2020-02-26T09:07:56.249+0000][1][safepoint    ] Safepoint "Cleanup", Time since last: 1004984417 ns, Reaching safepoint: 103147 ns, At safepoint: 9857 ns, Total: 113004 ns
[2020-02-26T09:07:57.250+0000][1][safepoint    ] Safepoint "Cleanup", Time since last: 1000205226 ns, Reaching safepoint: 106472 ns, At safepoint: 10334 ns, Total: 116806 ns
[2020-02-26T09:07:57.749+0000][1][safepoint    ] Safepoint "RevokeBias", Time since last: 499470005 ns, Reaching safepoint: 124983 ns, At safepoint: 23052 ns, Total: 148035 ns
[2020-02-26T09:07:58.751+0000][1][safepoint    ] Safepoint "Cleanup", Time since last: 1001026948 ns, Reaching safepoint: 100697 ns, At safepoint: 9377 ns, Total: 110074 ns
[2020-02-26T09:07:59.752+0000][1][safepoint    ] Safepoint "Cleanup", Time since last: 1000911838 ns, Reaching safepoint: 83665 ns, At safepoint: 9827 ns, Total: 93492 ns
[2020-02-26T09:08:00.255+0000][1][safepoint    ] Safepoint "RevokeBias", Time since last: 503054274 ns, Reaching safepoint: 59848 ns, At safepoint: 36256 ns, Total: 96104 ns
[2020-02-26T09:08:01.255+0000][1][safepoint    ] Safepoint "Cleanup", Time since last: 1000189890 ns, Reaching safepoint: 82562 ns, At safepoint: 8826 ns, Total: 91388 ns
[2020-02-26T09:08:02.257+0000][1][safepoint    ] Safepoint "Cleanup", Time since last: 1001850831 ns, Reaching safepoint: 96622 ns, At safepoint: 9384 ns, Total: 106006 ns
[2020-02-26T09:08:02.760+0000][1][safepoint    ] Safepoint "RevokeBias", Time since last: 503224651 ns, Reaching safepoint: 125103 ns, At safepoint: 22415 ns, Total: 147518 ns
[2020-02-26T09:08:03.761+0000][1][safepoint    ] Safepoint "Cleanup", Time since last: 1000364710 ns, Reaching safepoint: 81109 ns, At safepoint: 8979 ns, Total: 90088 ns
[2020-02-26T09:08:04.761+0000][1][safepoint    ] Safepoint "Cleanup", Time since last: 1000167594 ns, Reaching safepoint: 99735 ns, At safepoint: 9882 ns, Total: 109617 ns
[2020-02-26T09:08:05.268+0000][1][safepoint    ] Safepoint "RevokeBias", Time since last: 506750425 ns, Reaching safepoint: 78190 ns, At safepoint: 19482 ns, Total: 97672 ns
[2020-02-26T09:08:06.269+0000][1][safepoint    ] Safepoint "Cleanup", Time since last: 1000445189 ns, Reaching safepoint: 214234 ns, At safepoint: 12585 ns, Total: 226819 ns
[2020-02-26T09:08:07.272+0000][1][safepoint    ] Safepoint "Cleanup", Time since last: 1002894084 ns, Reaching safepoint: 160035 ns, At safepoint: 11190 ns, Total: 171225 ns
[2020-02-26T09:08:07.773+0000][1][safepoint    ] Safepoint "RevokeBias", Time since last: 501121643 ns, Reaching safepoint: 80538 ns, At safepoint: 20359 ns, Total: 100897 ns
[2020-02-26T09:08:08.773+0000][1][safepoint    ] Safepoint "Cleanup", Time since last: 1000239005 ns, Reaching safepoint: 85085 ns, At safepoint: 10133 ns, Total: 95218 ns
[2020-02-26T09:08:09.774+0000][1][safepoint    ] Safepoint "Cleanup", Time since last: 1000821155 ns, Reaching safepoint: 82239 ns, At safepoint: 8870 ns, Total: 91109 ns
[2020-02-26T09:08:10.276+0000][1][safepoint    ] Safepoint "RevokeBias", Time since last: 501387115 ns, Reaching safepoint: 146870 ns, At safepoint: 22158 ns, Total: 169028 ns
[2020-02-26T09:08:11.276+0000][1][safepoint    ] Safepoint "Cleanup", Time since last: 1000207678 ns, Reaching safepoint: 89729 ns, At safepoint: 10335 ns, Total: 100064 ns
[2020-02-26T09:08:12.278+0000][1][safepoint    ] Safepoint "Cleanup", Time since last: 1001522855 ns, Reaching safepoint: 127622 ns, At safepoint: 14102 ns, Total: 141724 ns
[2020-02-26T09:08:12.786+0000][1][safepoint    ] Safepoint "RevokeBias", Time since last: 508413061 ns, Reaching safepoint: 76569 ns, At safepoint: 19771 ns, Total: 96340 ns
[2020-02-26T09:08:13.787+0000][1][safepoint    ] Safepoint "Cleanup", Time since last: 1000750521 ns, Reaching safepoint: 99795 ns, At safepoint: 9387 ns, Total: 109182 ns
[2020-02-26T09:08:14.788+0000][1][safepoint    ] Safepoint "Cleanup", Time since last: 1000458227 ns, Reaching safepoint: 98022 ns, At safepoint: 9598 ns, Total: 107620 ns
[2020-02-26T09:08:15.301+0000][1][safepoint    ] Safepoint "RevokeBias", Time since last: 513711073 ns, Reaching safepoint: 85248 ns, At safepoint: 22359 ns, Total: 107607 ns
[2020-02-26T09:08:16.302+0000][1][safepoint    ] Safepoint "Cleanup", Time since last: 1000464956 ns, Reaching safepoint: 222242 ns, At safepoint: 12829 ns, Total: 235071 ns
[2020-02-26T09:08:17.303+0000][1][safepoint    ] Safepoint "Cleanup", Time since last: 1000436566 ns, Reaching safepoint: 112272 ns, At safepoint: 14153 ns, Total: 126425 ns
[2020-02-26T09:08:17.811+0000][1][safepoint    ] Safepoint "RevokeBias", Time since last: 508238591 ns, Reaching safepoint: 201597 ns, At safepoint: 64783 ns, Total: 266380 ns
[2020-02-26T09:08:19.369+0000][1][safepoint    ] Safepoint "Cleanup", Time since last: 1558004290 ns, Reaching safepoint: 79440 ns, At safepoint: 8158 ns, Total: 87598 ns
[2020-02-26T09:08:20.320+0000][1][safepoint    ] Safepoint "RevokeBias", Time since last: 950519664 ns, Reaching safepoint: 88853 ns, At safepoint: 28551 ns, Total: 117404 ns
[2020-02-26T09:08:21.321+0000][1][safepoint    ] Safepoint "Cleanup", Time since last: 1001062190 ns, Reaching safepoint: 129396 ns, At safepoint: 14828 ns, Total: 144224 ns
[2020-02-26T09:08:22.322+0000][1][safepoint    ] Safepoint "Cleanup", Time since last: 1000663450 ns, Reaching safepoint: 81524 ns, At safepoint: 8992 ns, Total: 90516 ns
[2020-02-26T09:08:22.826+0000][1][safepoint    ] Safepoint "RevokeBias", Time since last: 503590306 ns, Reaching safepoint: 79039 ns, At safepoint: 21117 ns, Total: 100156 ns
[2020-02-26T09:08:23.827+0000][1][safepoint    ] Safepoint "Cleanup", Time since last: 1001420075 ns, Reaching safepoint: 136982 ns, At safepoint: 7965 ns, Total: 144947 ns
[2020-02-26T09:08:24.827+0000][1][safepoint    ] Safepoint "Cleanup", Time since last: 1000221978 ns, Reaching safepoint: 85488 ns, At safepoint: 8781 ns, Total: 94269 ns
[2020-02-26T09:08:25.329+0000][1][safepoint    ] Safepoint "RevokeBias", Time since last: 501447078 ns, Reaching safepoint: 75300 ns, At safepoint: 18964 ns, Total: 94264 ns
[2020-02-26T09:08:26.330+0000][1][safepoint    ] Safepoint "Cleanup", Time since last: 1000612716 ns, Reaching safepoint: 85089 ns, At safepoint: 10148 ns, Total: 95237 ns
[2020-02-26T09:08:27.331+0000][1][safepoint    ] Safepoint "Cleanup", Time since last: 1001041952 ns, Reaching safepoint: 83582 ns, At safepoint: 10487 ns, Total: 94069 ns
[2020-02-26T09:08:27.833+0000][1][safepoint    ] Safepoint "RevokeBias", Time since last: 501706072 ns, Reaching safepoint: 76693 ns, At safepoint: 19518 ns, Total: 96211 ns
[2020-02-26T09:08:28.839+0000][1][safepoint    ] Safepoint "Cleanup", Time since last: 1005892834 ns, Reaching safepoint: 207039 ns, At safepoint: 10267 ns, Total: 217306 ns
[2020-02-26T09:08:29.839+0000][1][safepoint    ] Safepoint "Cleanup", Time since last: 1000395689 ns, Reaching safepoint: 97981 ns, At safepoint: 8860 ns, Total: 106841 ns
[2020-02-26T09:08:30.336+0000][1][safepoint    ] Safepoint "RevokeBias", Time since last: 496588329 ns, Reaching safepoint: 79436 ns, At safepoint: 38341 ns, Total: 117777 ns
[2020-02-26T09:08:31.336+0000][1][safepoint    ] Safepoint "Cleanup", Time since last: 1000444875 ns, Reaching safepoint: 81422 ns, At safepoint: 9749 ns, Total: 91171 ns
[2020-02-26T09:08:32.337+0000][1][safepoint    ] Safepoint "Cleanup", Time since last: 1000182377 ns, Reaching safepoint: 191973 ns, At safepoint: 16071 ns, Total: 208044 ns
[2020-02-26T09:08:32.841+0000][1][safepoint    ] Safepoint "RevokeBias", Time since last: 503592490 ns, Reaching safepoint: 77578 ns, At safepoint: 21067 ns, Total: 98645 ns
[2020-02-26T09:08:33.846+0000][1][safepoint    ] Safepoint "Cleanup", Time since last: 1005089413 ns, Reaching safepoint: 101037 ns, At safepoint: 9436 ns, Total: 110473 ns
[2020-02-26T09:08:34.846+0000][1][safepoint    ] Safepoint "Cleanup", Time since last: 1000428957 ns, Reaching safepoint: 82653 ns, At safepoint: 9280 ns, Total: 91933 ns
[2020-02-26T09:08:35.344+0000][1][safepoint    ] Safepoint "RevokeBias", Time since last: 498112607 ns, Reaching safepoint: 87350 ns, At safepoint: 20855 ns, Total: 108205 ns
[2020-02-26T09:08:36.345+0000][1][safepoint    ] Safepoint "Cleanup", Time since last: 1000141882 ns, Reaching safepoint: 82423 ns, At safepoint: 9593 ns, Total: 92016 ns
[2020-02-26T09:08:37.345+0000][1][safepoint    ] Safepoint "Cleanup", Time since last: 1000166926 ns, Reaching safepoint: 83005 ns, At safepoint: 9164 ns, Total: 92169 ns
[2020-02-26T09:08:37.849+0000][1][safepoint    ] Safepoint "RevokeBias", Time since last: 504129877 ns, Reaching safepoint: 75953 ns, At safepoint: 19739 ns, Total: 95692 ns
[2020-02-26T09:08:38.849+0000][1][safepoint    ] Safepoint "Cleanup", Time since last: 1000074953 ns, Reaching safepoint: 85122 ns, At safepoint: 9922 ns, Total: 95044 ns
[2020-02-26T09:08:39.850+0000][1][safepoint    ] Safepoint "Cleanup", Time since last: 1000787009 ns, Reaching safepoint: 80890 ns, At safepoint: 8380 ns, Total: 89270 ns
[2020-02-26T09:08:40.353+0000][1][safepoint    ] Safepoint "BulkRevokeBias", Time since last: 502088315 ns, Reaching safepoint: 77491 ns, At safepoint: 244413 ns, Total: 321904 ns
[2020-02-26T09:08:41.353+0000][1][safepoint    ] Safepoint "Cleanup", Time since last: 1000232688 ns, Reaching safepoint: 111805 ns, At safepoint: 8764 ns, Total: 120569 ns
[2020-02-26T09:08:42.354+0000][1][safepoint    ] Safepoint "Cleanup", Time since last: 1000580876 ns, Reaching safepoint: 101372 ns, At safepoint: 12167 ns, Total: 113539 ns
[2020-02-26T09:08:42.858+0000][1][safepoint    ] Safepoint "RevokeBias", Time since last: 503885476 ns, Reaching safepoint: 79211 ns, At safepoint: 20441 ns, Total: 99652 ns
[2020-02-26T09:08:43.862+0000][1][safepoint    ] Safepoint "Cleanup", Time since last: 1004617939 ns, Reaching safepoint: 103302 ns, At safepoint: 9321 ns, Total: 112623 ns
[2020-02-26T09:08:44.873+0000][1][safepoint    ] Safepoint "Cleanup", Time since last: 1010275855 ns, Reaching safepoint: 77398 ns, At safepoint: 8766 ns, Total: 86164 ns
[2020-02-26T09:08:45.371+0000][1][safepoint    ] Safepoint "RevokeBias", Time since last: 498102746 ns, Reaching safepoint: 135539 ns, At safepoint: 30619 ns, Total: 166158 ns
[2020-02-26T09:08:46.372+0000][1][safepoint    ] Safepoint "Cleanup", Time since last: 1000730718 ns, Reaching safepoint: 80003 ns, At safepoint: 8588 ns, Total: 88591 ns
[2020-02-26T09:08:47.373+0000][1][safepoint    ] Safepoint "Cleanup", Time since last: 1001120654 ns, Reaching safepoint: 95293 ns, At safepoint: 9050 ns, Total: 104343 ns
[2020-02-26T09:08:47.884+0000][1][safepoint    ] Safepoint "RevokeBias", Time since last: 511133787 ns, Reaching safepoint: 58086 ns, At safepoint: 79816 ns, Total: 137902 ns
[2020-02-26T09:08:48.953+0000][1][safepoint    ] Safepoint "Cleanup", Time since last: 1068374640 ns, Reaching safepoint: 80230 ns, At safepoint: 9189 ns, Total: 89419 ns
[2020-02-26T09:08:49.957+0000][1][safepoint    ] Safepoint "Cleanup", Time since last: 1004284468 ns, Reaching safepoint: 135919 ns, At safepoint: 10596 ns, Total: 146515 ns
[2020-02-26T09:08:50.413+0000][1][safepoint    ] Safepoint "RevokeBias", Time since last: 455997498 ns, Reaching safepoint: 116662 ns, At safepoint: 29821 ns, Total: 146483 ns
[2020-02-26T09:08:51.414+0000][1][safepoint    ] Safepoint "Cleanup", Time since last: 1000768203 ns, Reaching safepoint: 100865 ns, At safepoint: 9256 ns, Total: 110121 ns
[2020-02-26T09:08:52.415+0000][1][safepoint    ] Safepoint "Cleanup", Time since last: 1000268263 ns, Reaching safepoint: 83330 ns, At safepoint: 8026 ns, Total: 91356 ns
[2020-02-26T09:08:52.923+0000][1][safepoint    ] Safepoint "RevokeBias", Time since last: 508021591 ns, Reaching safepoint: 118909 ns, At safepoint: 32411 ns, Total: 151320 ns
[2020-02-26T09:08:53.924+0000][1][safepoint    ] Safepoint "Cleanup", Time since last: 1000629718 ns, Reaching safepoint: 198610 ns, At safepoint: 10342 ns, Total: 208952 ns
[2020-02-26T09:08:54.924+0000][1][safepoint    ] Safepoint "Cleanup", Time since last: 1000242250 ns, Reaching safepoint: 82778 ns, At safepoint: 8034 ns, Total: 90812 ns
[2020-02-26T09:08:55.436+0000][1][safepoint    ] Safepoint "RevokeBias", Time since last: 512057225 ns, Reaching safepoint: 56040 ns, At safepoint: 18304 ns, Total: 74344 ns
[2020-02-26T09:08:56.437+0000][1][safepoint    ] Safepoint "Cleanup", Time since last: 1000664717 ns, Reaching safepoint: 82414 ns, At safepoint: 9181 ns, Total: 91595 ns
[2020-02-26T09:08:57.438+0000][1][safepoint    ] Safepoint "Cleanup", Time since last: 1000829829 ns, Reaching safepoint: 85479 ns, At safepoint: 9753 ns, Total: 95232 ns
[2020-02-26T09:08:57.951+0000][1][safepoint    ] Safepoint "RevokeBias", Time since last: 512668509 ns, Reaching safepoint: 74878 ns, At safepoint: 29227 ns, Total: 104105 ns
[2020-02-26T09:08:58.951+0000][1][safepoint    ] Safepoint "Cleanup", Time since last: 1000123005 ns, Reaching safepoint: 78569 ns, At safepoint: 8653 ns, Total: 87222 ns
[2020-02-26T09:08:59.951+0000][1][safepoint    ] Safepoint "Cleanup", Time since last: 1000261737 ns, Reaching safepoint: 97739 ns, At safepoint: 9424 ns, Total: 107163 ns
[2020-02-26T09:09:00.454+0000][1][safepoint    ] Safepoint "RevokeBias", Time since last: 502914620 ns, Reaching safepoint: 80183 ns, At safepoint: 20382 ns, Total: 100565 ns
[2020-02-26T09:09:01.458+0000][1][safepoint    ] Safepoint "Cleanup", Time since last: 1003647146 ns, Reaching safepoint: 174359 ns, At safepoint: 27954 ns, Total: 202313 ns
[2020-02-26T09:09:02.459+0000][1][safepoint    ] Safepoint "Cleanup", Time since last: 1000472337 ns, Reaching safepoint: 76263 ns, At safepoint: 7443 ns, Total: 83706 ns
[2020-02-26T09:09:02.959+0000][1][safepoint    ] Safepoint "RevokeBias", Time since last: 500096864 ns, Reaching safepoint: 56994 ns, At safepoint: 18119 ns, Total: 75113 ns
[2020-02-26T09:09:03.959+0000][1][safepoint    ] Safepoint "Cleanup", Time since last: 1000344470 ns, Reaching safepoint: 82124 ns, At safepoint: 9479 ns, Total: 91603 ns
[2020-02-26T09:09:04.960+0000][1][safepoint    ] Safepoint "Cleanup", Time since last: 1000561910 ns, Reaching safepoint: 208377 ns, At safepoint: 12145 ns, Total: 220522 ns
[2020-02-26T09:09:05.465+0000][1][safepoint    ] Safepoint "RevokeBias", Time since last: 504963251 ns, Reaching safepoint: 138926 ns, At safepoint: 25462 ns, Total: 164388 ns
[2020-02-26T09:09:06.471+0000][1][safepoint    ] Safepoint "Cleanup", Time since last: 1006291544 ns, Reaching safepoint: 103821 ns, At safepoint: 9008 ns, Total: 112829 ns
[2020-02-26T09:09:07.472+0000][1][safepoint    ] Safepoint "Cleanup", Time since last: 1000305778 ns, Reaching safepoint: 89127 ns, At safepoint: 10236 ns, Total: 99363 ns
[2020-02-26T09:09:07.975+0000][1][safepoint    ] Safepoint "RevokeBias", Time since last: 502702343 ns, Reaching safepoint: 224962 ns, At safepoint: 38276 ns, Total: 263238 ns
[2020-02-26T09:09:08.975+0000][1][safepoint    ] Safepoint "Cleanup", Time since last: 1000537851 ns, Reaching safepoint: 81441 ns, At safepoint: 9457 ns, Total: 90898 ns
[2020-02-26T09:09:09.976+0000][1][safepoint    ] Safepoint "Cleanup", Time since last: 1000632025 ns, Reaching safepoint: 80590 ns, At safepoint: 7644 ns, Total: 88234 ns
[2020-02-26T09:09:10.485+0000][1][safepoint    ] Safepoint "RevokeBias", Time since last: 508245881 ns, Reaching safepoint: 115233 ns, At safepoint: 29679 ns, Total: 144912 ns
[2020-02-26T09:09:11.487+0000][1][safepoint    ] Safepoint "Cleanup", Time since last: 1002701513 ns, Reaching safepoint: 76877 ns, At safepoint: 8754 ns, Total: 85631 ns
[2020-02-26T09:09:12.488+0000][1][safepoint    ] Safepoint "Cleanup", Time since last: 1000215682 ns, Reaching safepoint: 83342 ns, At safepoint: 8526 ns, Total: 91868 ns
[2020-02-26T09:09:12.511+0000][1][gc,start     ] GC(46) Pause Young (Allocation Failure)
[2020-02-26T09:09:12.511+0000][1][gc,task      ] GC(46) Using 1 workers of 1 for evacuation
[2020-02-26T09:09:12.522+0000][1][gc,age       ] GC(46) Desired survivor size 4358144 bytes, new threshold 6 (max threshold 6)
[2020-02-26T09:09:12.522+0000][1][gc,age       ] GC(46) Age table with threshold 6 (max threshold 6)
[2020-02-26T09:09:12.522+0000][1][gc,age       ] GC(46) - age   1:      13040 bytes,      13040 total
[2020-02-26T09:09:12.522+0000][1][gc,age       ] GC(46) - age   2:       1528 bytes,      14568 total
[2020-02-26T09:09:12.522+0000][1][gc,age       ] GC(46) - age   3:        776 bytes,      15344 total
[2020-02-26T09:09:12.522+0000][1][gc,age       ] GC(46) - age   4:       2568 bytes,      17912 total
[2020-02-26T09:09:12.522+0000][1][gc,age       ] GC(46) - age   5:       3136 bytes,      21048 total
[2020-02-26T09:09:12.522+0000][1][gc,age       ] GC(46) - age   6:       1688 bytes,      22736 total
[2020-02-26T09:09:12.522+0000][1][gc,heap      ] GC(46) ParNew: 68207K->31K(76672K)
[2020-02-26T09:09:12.522+0000][1][gc,heap      ] GC(46) CMS: 62603K->62605K(963392K)
[2020-02-26T09:09:12.522+0000][1][gc,metaspace ] GC(46) Metaspace: 79344K->79344K(1122304K)
[2020-02-26T09:09:12.522+0000][1][gc           ] GC(46) Pause Young (Allocation Failure) 127M->61M(1015M) 11.060ms
[2020-02-26T09:09:12.522+0000][1][gc,cpu       ] GC(46) User=0.01s Sys=0.00s Real=0.01s
[2020-02-26T09:09:12.522+0000][1][safepoint    ] Safepoint "GenCollectForAllocation", Time since last: 23112222 ns, Reaching safepoint: 115911 ns, At safepoint: 11121940 ns, Total: 11237851 ns
[2020-02-26T09:09:12.989+0000][1][safepoint    ] Safepoint "RevokeBias", Time since last: 466626739 ns, Reaching safepoint: 75049 ns, At safepoint: 19324 ns, Total: 94373 ns
[2020-02-26T09:09:13.990+0000][1][safepoint    ] Safepoint "Cleanup", Time since last: 1000905569 ns, Reaching safepoint: 96630 ns, At safepoint: 8102 ns, Total: 104732 ns
[2020-02-26T09:09:14.991+0000][1][safepoint    ] Safepoint "Cleanup", Time since last: 1000911626 ns, Reaching safepoint: 80571 ns, At safepoint: 9267 ns, Total: 89838 ns
[2020-02-26T09:09:15.496+0000][1][safepoint    ] Safepoint "RevokeBias", Time since last: 504798965 ns, Reaching safepoint: 76699 ns, At safepoint: 18986 ns, Total: 95685 ns
[2020-02-26T09:09:16.497+0000][1][safepoint    ] Safepoint "Cleanup", Time since last: 1001018160 ns, Reaching safepoint: 80245 ns, At safepoint: 8201 ns, Total: 88446 ns
[2020-02-26T09:09:17.499+0000][1][safepoint    ] Safepoint "Cleanup", Time since last: 1002247597 ns, Reaching safepoint: 75784 ns, At safepoint: 7204 ns, Total: 82988 ns
[2020-02-26T09:09:18.000+0000][1][safepoint    ] Safepoint "RevokeBias", Time since last: 500715447 ns, Reaching safepoint: 88855 ns, At safepoint: 22966 ns, Total: 111821 ns
[2020-02-26T09:09:19.000+0000][1][safepoint    ] Safepoint "Cleanup", Time since last: 1000245158 ns, Reaching safepoint: 81561 ns, At safepoint: 8879 ns, Total: 90440 ns
[2020-02-26T09:09:20.001+0000][1][safepoint    ] Safepoint "Cleanup", Time since last: 1000435288 ns, Reaching safepoint: 79259 ns, At safepoint: 7645 ns, Total: 86904 ns
[2020-02-26T09:09:20.504+0000][1][safepoint    ] Safepoint "RevokeBias", Time since last: 503362575 ns, Reaching safepoint: 82047 ns, At safepoint: 21455 ns, Total: 103502 ns
[2020-02-26T09:09:21.505+0000][1][safepoint    ] Safepoint "Cleanup", Time since last: 1000844284 ns, Reaching safepoint: 81792 ns, At safepoint: 9051 ns, Total: 90843 ns
[2020-02-26T09:09:22.511+0000][1][safepoint    ] Safepoint "Cleanup", Time since last: 1005334320 ns, Reaching safepoint: 131443 ns, At safepoint: 12622 ns, Total: 144065 ns
[2020-02-26T09:09:23.027+0000][1][safepoint    ] Safepoint "RevokeBias", Time since last: 516144346 ns, Reaching safepoint: 75914 ns, At safepoint: 19869 ns, Total: 95783 ns
[2020-02-26T09:09:24.027+0000][1][safepoint    ] Safepoint "Cleanup", Time since last: 1000197846 ns, Reaching safepoint: 95372 ns, At safepoint: 8245 ns, Total: 103617 ns
[2020-02-26T09:09:25.028+0000][1][safepoint    ] Safepoint "Cleanup", Time since last: 1000428666 ns, Reaching safepoint: 85990 ns, At safepoint: 9348 ns, Total: 95338 ns
[2020-02-26T09:09:25.535+0000][1][safepoint    ] Safepoint "RevokeBias", Time since last: 506873703 ns, Reaching safepoint: 118595 ns, At safepoint: 30804 ns, Total: 149399 ns
[2020-02-26T09:09:26.536+0000][1][safepoint    ] Safepoint "Cleanup", Time since last: 1000819779 ns, Reaching safepoint: 91344 ns, At safepoint: 9951 ns, Total: 101295 ns
[2020-02-26T09:09:27.541+0000][1][safepoint    ] Safepoint "Cleanup", Time since last: 1005460110 ns, Reaching safepoint: 89510 ns, At safepoint: 8942 ns, Total: 98452 ns
[2020-02-26T09:09:28.057+0000][1][safepoint    ] Safepoint "RevokeBias", Time since last: 515954803 ns, Reaching safepoint: 74388 ns, At safepoint: 19606 ns, Total: 93994 ns
[2020-02-26T09:09:29.058+0000][1][safepoint    ] Safepoint "Cleanup", Time since last: 1000427644 ns, Reaching safepoint: 171002 ns, At safepoint: 9037 ns, Total: 180039 ns
[2020-02-26T09:09:30.059+0000][1][safepoint    ] Safepoint "Cleanup", Time since last: 1000903782 ns, Reaching safepoint: 79459 ns, At safepoint: 7631 ns, Total: 87090 ns
[2020-02-26T09:09:30.567+0000][1][safepoint    ] Safepoint "RevokeBias", Time since last: 507520010 ns, Reaching safepoint: 105022 ns, At safepoint: 29343 ns, Total: 134365 ns
[2020-02-26T09:09:31.567+0000][1][safepoint    ] Safepoint "Cleanup", Time since last: 1000174363 ns, Reaching safepoint: 135584 ns, At safepoint: 10472 ns, Total: 146056 ns
[2020-02-26T09:09:32.567+0000][1][safepoint    ] Safepoint "Cleanup", Time since last: 1000154610 ns, Reaching safepoint: 78822 ns, At safepoint: 9208 ns, Total: 88030 ns
[2020-02-26T09:09:33.085+0000][1][safepoint    ] Safepoint "RevokeBias", Time since last: 518274531 ns, Reaching safepoint: 58888 ns, At safepoint: 17340 ns, Total: 76228 ns
[2020-02-26T09:09:34.086+0000][1][safepoint    ] Safepoint "Cleanup", Time since last: 1000628816 ns, Reaching safepoint: 82729 ns, At safepoint: 9370 ns, Total: 92099 ns
[2020-02-26T09:09:35.086+0000][1][safepoint    ] Safepoint "Cleanup", Time since last: 1000169527 ns, Reaching safepoint: 78777 ns, At safepoint: 8794 ns, Total: 87571 ns
[2020-02-26T09:09:35.601+0000][1][safepoint    ] Safepoint "RevokeBias", Time since last: 514261212 ns, Reaching safepoint: 79511 ns, At safepoint: 20055 ns, Total: 99566 ns
[2020-02-26T09:09:36.601+0000][1][safepoint    ] Safepoint "Cleanup", Time since last: 1000461937 ns, Reaching safepoint: 79406 ns, At safepoint: 9298 ns, Total: 88704 ns
[2020-02-26T09:09:37.602+0000][1][safepoint    ] Safepoint "Cleanup", Time since last: 1000490570 ns, Reaching safepoint: 80290 ns, At safepoint: 9000 ns, Total: 89290 ns
[2020-02-26T09:09:38.116+0000][1][safepoint    ] Safepoint "RevokeBias", Time since last: 513743014 ns, Reaching safepoint: 59353 ns, At safepoint: 17686 ns, Total: 77039 ns
[2020-02-26T09:09:39.116+0000][1][safepoint    ] Safepoint "Cleanup", Time since last: 1000183687 ns, Reaching safepoint: 84706 ns, At safepoint: 9533 ns, Total: 94239 ns
[2020-02-26T09:09:40.117+0000][1][safepoint    ] Safepoint "Cleanup", Time since last: 1000397862 ns, Reaching safepoint: 96673 ns, At safepoint: 9563 ns, Total: 106236 ns
[2020-02-26T09:09:40.628+0000][1][safepoint    ] Safepoint "RevokeBias", Time since last: 511773470 ns, Reaching safepoint: 78077 ns, At safepoint: 21588 ns, Total: 99665 ns
[2020-02-26T09:09:41.629+0000][1][safepoint    ] Safepoint "Cleanup", Time since last: 1000476897 ns, Reaching safepoint: 91888 ns, At safepoint: 10619 ns, Total: 102507 ns
[2020-02-26T09:09:42.630+0000][1][safepoint    ] Safepoint "Cleanup", Time since last: 1000490761 ns, Reaching safepoint: 81666 ns, At safepoint: 8693 ns, Total: 90359 ns
[2020-02-26T09:09:43.134+0000][1][safepoint    ] Safepoint "RevokeBias", Time since last: 504359805 ns, Reaching safepoint: 201486 ns, At safepoint: 63767 ns, Total: 265253 ns
[2020-02-26T09:09:44.135+0000][1][safepoint    ] Safepoint "Cleanup", Time since last: 1000417189 ns, Reaching safepoint: 97758 ns, At safepoint: 8178 ns, Total: 105936 ns
[2020-02-26T09:09:45.135+0000][1][safepoint    ] Safepoint "Cleanup", Time since last: 1000459998 ns, Reaching safepoint: 204175 ns, At safepoint: 9534 ns, Total: 213709 ns
[2020-02-26T09:09:45.638+0000][1][safepoint    ] Safepoint "RevokeBias", Time since last: 502294514 ns, Reaching safepoint: 123093 ns, At safepoint: 55974 ns, Total: 179067 ns
[2020-02-26T09:09:46.639+0000][1][safepoint    ] Safepoint "Cleanup", Time since last: 1000907849 ns, Reaching safepoint: 80213 ns, At safepoint: 8747 ns, Total: 88960 ns
[2020-02-26T09:09:47.639+0000][1][safepoint    ] Safepoint "Cleanup", Time since last: 1000278985 ns, Reaching safepoint: 80110 ns, At safepoint: 9726 ns, Total: 89836 ns
[2020-02-26T09:09:48.143+0000][1][safepoint    ] Safepoint "RevokeBias", Time since last: 503328072 ns, Reaching safepoint: 110287 ns, At safepoint: 28815 ns, Total: 139102 ns
[2020-02-26T09:09:49.148+0000][1][safepoint    ] Safepoint "Cleanup", Time since last: 1005316503 ns, Reaching safepoint: 158857 ns, At safepoint: 28515 ns, Total: 187372 ns
[2020-02-26T09:09:50.149+0000][1][safepoint    ] Safepoint "Cleanup", Time since last: 1000376013 ns, Reaching safepoint: 79107 ns, At safepoint: 7702 ns, Total: 86809 ns
[2020-02-26T09:09:50.647+0000][1][safepoint    ] Safepoint "RevokeBias", Time since last: 498615239 ns, Reaching safepoint: 101815 ns, At safepoint: 27215 ns, Total: 129030 ns
[2020-02-26T09:09:51.648+0000][1][safepoint    ] Safepoint "Cleanup", Time since last: 1000683701 ns, Reaching safepoint: 131543 ns, At safepoint: 9714 ns, Total: 141257 ns
[2020-02-26T09:09:52.649+0000][1][safepoint    ] Safepoint "Cleanup", Time since last: 1000631878 ns, Reaching safepoint: 83673 ns, At safepoint: 8976 ns, Total: 92649 ns
[2020-02-26T09:09:53.153+0000][1][safepoint    ] Safepoint "BulkRevokeBias", Time since last: 504015782 ns, Reaching safepoint: 126211 ns, At safepoint: 404165 ns, Total: 530376 ns
[2020-02-26T09:09:55.045+0000][1][safepoint    ] Safepoint "Cleanup", Time since last: 1891185416 ns, Reaching safepoint: 81399 ns, At safepoint: 8232 ns, Total: 89631 ns
[2020-02-26T09:09:55.657+0000][1][safepoint    ] Safepoint "RevokeBias", Time since last: 612069932 ns, Reaching safepoint: 77051 ns, At safepoint: 20335 ns, Total: 97386 ns
[2020-02-26T09:09:56.658+0000][1][safepoint    ] Safepoint "Cleanup", Time since last: 1000747866 ns, Reaching safepoint: 110454 ns, At safepoint: 10471 ns, Total: 120925 ns
[2020-02-26T09:09:57.659+0000][1][safepoint    ] Safepoint "Cleanup", Time since last: 1000802127 ns, Reaching safepoint: 78451 ns, At safepoint: 8947 ns, Total: 87398 ns
[2020-02-26T09:09:58.163+0000][1][safepoint    ] Safepoint "RevokeBias", Time since last: 503914540 ns, Reaching safepoint: 74234 ns, At safepoint: 19132 ns, Total: 93366 ns
[2020-02-26T09:09:59.163+0000][1][safepoint    ] Safepoint "Cleanup", Time since last: 1000587353 ns, Reaching safepoint: 81051 ns, At safepoint: 8875 ns, Total: 89926 ns
[2020-02-26T09:10:00.164+0000][1][safepoint    ] Safepoint "Cleanup", Time since last: 1000155065 ns, Reaching safepoint: 66854 ns, At safepoint: 9320 ns, Total: 76174 ns
[2020-02-26T09:10:00.667+0000][1][safepoint    ] Safepoint "RevokeBias", Time since last: 503518679 ns, Reaching safepoint: 78167 ns, At safepoint: 19645 ns, Total: 97812 ns
[2020-02-26T09:10:01.668+0000][1][safepoint    ] Safepoint "Cleanup", Time since last: 1000793021 ns, Reaching safepoint: 82695 ns, At safepoint: 9116 ns, Total: 91811 ns
[2020-02-26T09:10:02.669+0000][1][safepoint    ] Safepoint "Cleanup", Time since last: 1000885104 ns, Reaching safepoint: 96773 ns, At safepoint: 8956 ns, Total: 105729 ns
[2020-02-26T09:10:03.177+0000][1][safepoint    ] Safepoint "RevokeBias", Time since last: 507840495 ns, Reaching safepoint: 101402 ns, At safepoint: 24050 ns, Total: 125452 ns
[2020-02-26T09:10:04.178+0000][1][safepoint    ] Safepoint "Cleanup", Time since last: 1000822515 ns, Reaching safepoint: 178285 ns, At safepoint: 13805 ns, Total: 192090 ns
[2020-02-26T09:10:05.188+0000][1][safepoint    ] Safepoint "Cleanup", Time since last: 1010113277 ns, Reaching safepoint: 166562 ns, At safepoint: 32280 ns, Total: 198842 ns
[2020-02-26T09:10:05.710+0000][1][safepoint    ] Safepoint "RevokeBias", Time since last: 521032353 ns, Reaching safepoint: 132344 ns, At safepoint: 20026 ns, Total: 152370 ns
[2020-02-26T09:10:06.711+0000][1][safepoint    ] Safepoint "Cleanup", Time since last: 1000775448 ns, Reaching safepoint: 151587 ns, At safepoint: 89117 ns, Total: 240704 ns
[2020-02-26T09:10:07.711+0000][1][safepoint    ] Safepoint "Cleanup", Time since last: 1000709849 ns, Reaching safepoint: 96417 ns, At safepoint: 7572 ns, Total: 103989 ns
[2020-02-26T09:10:08.219+0000][1][safepoint    ] Safepoint "RevokeBias", Time since last: 507497864 ns, Reaching safepoint: 104907 ns, At safepoint: 21837 ns, Total: 126744 ns
[2020-02-26T09:10:09.219+0000][1][safepoint    ] Safepoint "Cleanup", Time since last: 1000262092 ns, Reaching safepoint: 80560 ns, At safepoint: 8902 ns, Total: 89462 ns
[2020-02-26T09:10:10.221+0000][1][safepoint    ] Safepoint "Cleanup", Time since last: 1001650498 ns, Reaching safepoint: 115166 ns, At safepoint: 10472 ns, Total: 125638 ns
[2020-02-26T09:10:10.730+0000][1][safepoint    ] Safepoint "RevokeBias", Time since last: 509234146 ns, Reaching safepoint: 72991 ns, At safepoint: 19562 ns, Total: 92553 ns
[2020-02-26T09:10:11.731+0000][1][safepoint    ] Safepoint "Cleanup", Time since last: 1000657478 ns, Reaching safepoint: 97171 ns, At safepoint: 8844 ns, Total: 106015 ns
[2020-02-26T09:10:12.732+0000][1][safepoint    ] Safepoint "Cleanup", Time since last: 1000806400 ns, Reaching safepoint: 82247 ns, At safepoint: 9483 ns, Total: 91730 ns
[2020-02-26T09:10:13.240+0000][1][safepoint    ] Safepoint "RevokeBias", Time since last: 507824100 ns, Reaching safepoint: 79218 ns, At safepoint: 20542 ns, Total: 99760 ns
[2020-02-26T09:10:14.241+0000][1][safepoint    ] Safepoint "Cleanup", Time since last: 1000684515 ns, Reaching safepoint: 82180 ns, At safepoint: 9499 ns, Total: 91679 ns
[2020-02-26T09:10:15.241+0000][1][safepoint    ] Safepoint "Cleanup", Time since last: 1000185749 ns, Reaching safepoint: 134411 ns, At safepoint: 8958 ns, Total: 143369 ns
[2020-02-26T09:10:15.752+0000][1][safepoint    ] Safepoint "RevokeBias", Time since last: 510574288 ns, Reaching safepoint: 79593 ns, At safepoint: 19497 ns, Total: 99090 ns
[2020-02-26T09:10:16.753+0000][1][safepoint    ] Safepoint "Cleanup", Time since last: 1000664006 ns, Reaching safepoint: 122785 ns, At safepoint: 11693 ns, Total: 134478 ns
[2020-02-26T09:10:17.754+0000][1][safepoint    ] Safepoint "Cleanup", Time since last: 1000919222 ns, Reaching safepoint: 105364 ns, At safepoint: 10167 ns, Total: 115531 ns
[2020-02-26T09:10:18.265+0000][1][safepoint    ] Safepoint "RevokeBias", Time since last: 511116211 ns, Reaching safepoint: 76601 ns, At safepoint: 20334 ns, Total: 96935 ns
[2020-02-26T09:10:19.266+0000][1][safepoint    ] Safepoint "Cleanup", Time since last: 1000749551 ns, Reaching safepoint: 88432 ns, At safepoint: 6962 ns, Total: 95394 ns
[2020-02-26T09:10:20.266+0000][1][safepoint    ] Safepoint "Cleanup", Time since last: 1000265450 ns, Reaching safepoint: 80905 ns, At safepoint: 8794 ns, Total: 89699 ns
[2020-02-26T09:10:20.767+0000][1][safepoint    ] Safepoint "RevokeBias", Time since last: 501312347 ns, Reaching safepoint: 78615 ns, At safepoint: 19776 ns, Total: 98391 ns
[2020-02-26T09:10:21.769+0000][1][safepoint    ] Safepoint "Cleanup", Time since last: 1000939352 ns, Reaching safepoint: 116328 ns, At safepoint: 8778 ns, Total: 125106 ns
[2020-02-26T09:10:22.769+0000][1][safepoint    ] Safepoint "Cleanup", Time since last: 1000365266 ns, Reaching safepoint: 81642 ns, At safepoint: 9828 ns, Total: 91470 ns
[2020-02-26T09:10:23.273+0000][1][safepoint    ] Safepoint "RevokeBias", Time since last: 503752674 ns, Reaching safepoint: 74242 ns, At safepoint: 19291 ns, Total: 93533 ns
[2020-02-26T09:10:24.273+0000][1][safepoint    ] Safepoint "Cleanup", Time since last: 1000355611 ns, Reaching safepoint: 80479 ns, At safepoint: 9588 ns, Total: 90067 ns
[2020-02-26T09:10:25.274+0000][1][safepoint    ] Safepoint "Cleanup", Time since last: 1000681435 ns, Reaching safepoint: 95516 ns, At safepoint: 10316 ns, Total: 105832 ns
[2020-02-26T09:10:25.775+0000][1][safepoint    ] Safepoint "RevokeBias", Time since last: 500868702 ns, Reaching safepoint: 227268 ns, At safepoint: 21056 ns, Total: 248324 ns
[2020-02-26T09:10:26.785+0000][1][safepoint    ] Safepoint "Cleanup", Time since last: 1009184176 ns, Reaching safepoint: 98362 ns, At safepoint: 9211 ns, Total: 107573 ns
[2020-02-26T09:10:27.785+0000][1][safepoint    ] Safepoint "Cleanup", Time since last: 1000703865 ns, Reaching safepoint: 91394 ns, At safepoint: 10685 ns, Total: 102079 ns
[2020-02-26T09:10:28.281+0000][1][safepoint    ] Safepoint "RevokeBias", Time since last: 495670415 ns, Reaching safepoint: 86706 ns, At safepoint: 22619 ns, Total: 109325 ns
[2020-02-26T09:10:29.282+0000][1][safepoint    ] Safepoint "Cleanup", Time since last: 1000648637 ns, Reaching safepoint: 92701 ns, At safepoint: 10697 ns, Total: 103398 ns
[2020-02-26T09:10:30.283+0000][1][safepoint    ] Safepoint "Cleanup", Time since last: 1000712660 ns, Reaching safepoint: 91014 ns, At safepoint: 10593 ns, Total: 101607 ns
[2020-02-26T09:10:30.784+0000][1][safepoint    ] Safepoint "RevokeBias", Time since last: 500965758 ns, Reaching safepoint: 87575 ns, At safepoint: 22701 ns, Total: 110276 ns
[2020-02-26T09:10:31.788+0000][1][safepoint    ] Safepoint "Cleanup", Time since last: 1004246219 ns, Reaching safepoint: 111554 ns, At safepoint: 12696 ns, Total: 124250 ns
[2020-02-26T09:10:32.789+0000][1][safepoint    ] Safepoint "Cleanup", Time since last: 1000479701 ns, Reaching safepoint: 108664 ns, At safepoint: 13013 ns, Total: 121677 ns
[2020-02-26T09:10:33.289+0000][1][safepoint    ] Safepoint "RevokeBias", Time since last: 499880182 ns, Reaching safepoint: 85096 ns, At safepoint: 21599 ns, Total: 106695 ns
[2020-02-26T09:10:34.290+0000][1][safepoint    ] Safepoint "Cleanup", Time since last: 1000736151 ns, Reaching safepoint: 99188 ns, At safepoint: 9787 ns, Total: 108975 ns
[2020-02-26T09:10:35.291+0000][1][safepoint    ] Safepoint "Cleanup", Time since last: 1001020886 ns, Reaching safepoint: 122506 ns, At safepoint: 14467 ns, Total: 136973 ns
[2020-02-26T09:10:35.797+0000][1][safepoint    ] Safepoint "RevokeBias", Time since last: 506447046 ns, Reaching safepoint: 174816 ns, At safepoint: 36845 ns, Total: 211661 ns
[2020-02-26T09:10:36.802+0000][1][safepoint    ] Safepoint "Cleanup", Time since last: 1004192670 ns, Reaching safepoint: 139607 ns, At safepoint: 28164 ns, Total: 167771 ns
[2020-02-26T09:10:37.802+0000][1][safepoint    ] Safepoint "Cleanup", Time since last: 1000271112 ns, Reaching safepoint: 94409 ns, At safepoint: 8697 ns, Total: 103106 ns
[2020-02-26T09:10:38.302+0000][1][safepoint    ] Safepoint "RevokeBias", Time since last: 499346564 ns, Reaching safepoint: 129382 ns, At safepoint: 23682 ns, Total: 153064 ns
[2020-02-26T09:10:39.302+0000][1][safepoint    ] Safepoint "Cleanup", Time since last: 1000361917 ns, Reaching safepoint: 93824 ns, At safepoint: 8707 ns, Total: 102531 ns
[2020-02-26T09:10:40.302+0000][1][safepoint    ] Safepoint "Cleanup", Time since last: 1000263291 ns, Reaching safepoint: 78543 ns, At safepoint: 7578 ns, Total: 86121 ns
[2020-02-26T09:10:40.809+0000][1][safepoint    ] Safepoint "RevokeBias", Time since last: 506935579 ns, Reaching safepoint: 76739 ns, At safepoint: 19996 ns, Total: 96735 ns
[2020-02-26T09:10:41.810+0000][1][safepoint    ] Safepoint "Cleanup", Time since last: 1000823616 ns, Reaching safepoint: 80308 ns, At safepoint: 8266 ns, Total: 88574 ns
[2020-02-26T09:10:42.813+0000][1][safepoint    ] Safepoint "Cleanup", Time since last: 1002150545 ns, Reaching safepoint: 79745 ns, At safepoint: 8640 ns, Total: 88385 ns
[2020-02-26T09:10:43.316+0000][1][safepoint    ] Safepoint "RevokeBias", Time since last: 502829880 ns, Reaching safepoint: 74549 ns, At safepoint: 20887 ns, Total: 95436 ns
[2020-02-26T09:10:44.317+0000][1][safepoint    ] Safepoint "Cleanup", Time since last: 1000976199 ns, Reaching safepoint: 175266 ns, At safepoint: 32622 ns, Total: 207888 ns
[2020-02-26T09:10:45.318+0000][1][safepoint    ] Safepoint "Cleanup", Time since last: 1001064184 ns, Reaching safepoint: 117921 ns, At safepoint: 12069 ns, Total: 129990 ns
[2020-02-26T09:10:45.822+0000][1][safepoint    ] Safepoint "RevokeBias", Time since last: 503827759 ns, Reaching safepoint: 72421 ns, At safepoint: 18264 ns, Total: 90685 ns
[2020-02-26T09:10:46.823+0000][1][safepoint    ] Safepoint "Cleanup", Time since last: 1001061287 ns, Reaching safepoint: 79258 ns, At safepoint: 8730 ns, Total: 87988 ns
[2020-02-26T09:10:47.828+0000][1][safepoint    ] Safepoint "Cleanup", Time since last: 1004487841 ns, Reaching safepoint: 152975 ns, At safepoint: 12342 ns, Total: 165317 ns
[2020-02-26T09:10:48.342+0000][1][safepoint    ] Safepoint "RevokeBias", Time since last: 514091448 ns, Reaching safepoint: 132912 ns, At safepoint: 31918 ns, Total: 164830 ns
[2020-02-26T09:10:49.343+0000][1][safepoint    ] Safepoint "Cleanup", Time since last: 1000802742 ns, Reaching safepoint: 79863 ns, At safepoint: 9362 ns, Total: 89225 ns
[2020-02-26T09:10:50.343+0000][1][safepoint    ] Safepoint "Cleanup", Time since last: 1000316134 ns, Reaching safepoint: 119429 ns, At safepoint: 13070 ns, Total: 132499 ns
[2020-02-26T09:10:50.980+0000][1][safepoint    ] Safepoint "RevokeBias", Time since last: 636610303 ns, Reaching safepoint: 75063 ns, At safepoint: 20082 ns, Total: 95145 ns
[2020-02-26T09:10:51.981+0000][1][safepoint    ] Safepoint "Cleanup", Time since last: 1000824692 ns, Reaching safepoint: 71414 ns, At safepoint: 7481 ns, Total: 78895 ns
[2020-02-26T09:10:52.982+0000][1][safepoint    ] Safepoint "Cleanup", Time since last: 1000890859 ns, Reaching safepoint: 75387 ns, At safepoint: 7667 ns, Total: 83054 ns
[2020-02-26T09:10:53.493+0000][1][safepoint    ] Safepoint "RevokeBias", Time since last: 510797121 ns, Reaching safepoint: 53806 ns, At safepoint: 16946 ns, Total: 70752 ns
[2020-02-26T09:10:54.493+0000][1][safepoint    ] Safepoint "Cleanup", Time since last: 1000348564 ns, Reaching safepoint: 82520 ns, At safepoint: 9524 ns, Total: 92044 ns
[2020-02-26T09:10:55.494+0000][1][safepoint    ] Safepoint "Cleanup", Time since last: 1000514967 ns, Reaching safepoint: 85442 ns, At safepoint: 10797 ns, Total: 96239 ns
[2020-02-26T09:10:56.006+0000][1][safepoint    ] Safepoint "RevokeBias", Time since last: 511780035 ns, Reaching safepoint: 94395 ns, At safepoint: 23589 ns, Total: 117984 ns
[2020-02-26T09:10:57.006+0000][1][safepoint    ] Safepoint "Cleanup", Time since last: 1000212735 ns, Reaching safepoint: 132075 ns, At safepoint: 12496 ns, Total: 144571 ns
[2020-02-26T09:10:58.006+0000][1][safepoint    ] Safepoint "Cleanup", Time since last: 1000236248 ns, Reaching safepoint: 83204 ns, At safepoint: 10510 ns, Total: 93714 ns
[2020-02-26T09:10:58.522+0000][1][safepoint    ] Safepoint "RevokeBias", Time since last: 515372848 ns, Reaching safepoint: 74244 ns, At safepoint: 19270 ns, Total: 93514 ns
[2020-02-26T09:10:59.522+0000][1][safepoint    ] Safepoint "Cleanup", Time since last: 1000194831 ns, Reaching safepoint: 101854 ns, At safepoint: 13037 ns, Total: 114891 ns
[2020-02-26T09:11:00.523+0000][1][safepoint    ] Safepoint "Cleanup", Time since last: 1000535949 ns, Reaching safepoint: 80212 ns, At safepoint: 9641 ns, Total: 89853 ns
[2020-02-26T09:11:01.031+0000][1][safepoint    ] Safepoint "RevokeBias", Time since last: 508076607 ns, Reaching safepoint: 77268 ns, At safepoint: 20029 ns, Total: 97297 ns
[2020-02-26T09:11:02.033+0000][1][safepoint    ] Safepoint "Cleanup", Time since last: 1002511528 ns, Reaching safepoint: 64581 ns, At safepoint: 8912 ns, Total: 73493 ns
[2020-02-26T09:11:03.034+0000][1][safepoint    ] Safepoint "Cleanup", Time since last: 1000758062 ns, Reaching safepoint: 80694 ns, At safepoint: 9317 ns, Total: 90011 ns
[2020-02-26T09:11:03.535+0000][1][safepoint    ] Safepoint "RevokeBias", Time since last: 500688463 ns, Reaching safepoint: 91785 ns, At safepoint: 22354 ns, Total: 114139 ns
[2020-02-26T09:11:04.536+0000][1][safepoint    ] Safepoint "Cleanup", Time since last: 1000944094 ns, Reaching safepoint: 77203 ns, At safepoint: 8243 ns, Total: 85446 ns
[2020-02-26T09:11:05.536+0000][1][safepoint    ] Safepoint "Cleanup", Time since last: 1000090169 ns, Reaching safepoint: 78142 ns, At safepoint: 8802 ns, Total: 86944 ns
[2020-02-26T09:11:06.046+0000][1][safepoint    ] Safepoint "BulkRevokeBias", Time since last: 508855263 ns, Reaching safepoint: 81344 ns, At safepoint: 324896 ns, Total: 406240 ns
[2020-02-26T09:11:07.046+0000][1][safepoint    ] Safepoint "Cleanup", Time since last: 1000596341 ns, Reaching safepoint: 78956 ns, At safepoint: 8965 ns, Total: 87921 ns
[2020-02-26T09:11:08.047+0000][1][safepoint    ] Safepoint "Cleanup", Time since last: 1000269074 ns, Reaching safepoint: 80365 ns, At safepoint: 8858 ns, Total: 89223 ns
[2020-02-26T09:11:08.557+0000][1][safepoint    ] Safepoint "RevokeBias", Time since last: 510698929 ns, Reaching safepoint: 75454 ns, At safepoint: 20052 ns, Total: 95506 ns
[2020-02-26T09:11:09.559+0000][1][safepoint    ] Safepoint "Cleanup", Time since last: 1001143396 ns, Reaching safepoint: 76294 ns, At safepoint: 8297 ns, Total: 84591 ns
[2020-02-26T09:11:10.559+0000][1][safepoint    ] Safepoint "Cleanup", Time since last: 1000170680 ns, Reaching safepoint: 85370 ns, At safepoint: 8847 ns, Total: 94217 ns
[2020-02-26T09:11:11.061+0000][1][safepoint    ] Safepoint "RevokeBias", Time since last: 501723600 ns, Reaching safepoint: 110238 ns, At safepoint: 19696 ns, Total: 129934 ns
[2020-02-26T09:11:12.062+0000][1][safepoint    ] Safepoint "Cleanup", Time since last: 1001080241 ns, Reaching safepoint: 98523 ns, At safepoint: 8978 ns, Total: 107501 ns
[2020-02-26T09:11:13.062+0000][1][safepoint    ] Safepoint "Cleanup", Time since last: 1000161205 ns, Reaching safepoint: 113993 ns, At safepoint: 8951 ns, Total: 122944 ns
[2020-02-26T09:11:13.568+0000][1][safepoint    ] Safepoint "RevokeBias", Time since last: 505655140 ns, Reaching safepoint: 76892 ns, At safepoint: 19068 ns, Total: 95960 ns
[2020-02-26T09:11:14.572+0000][1][safepoint    ] Safepoint "Cleanup", Time since last: 1004159454 ns, Reaching safepoint: 95621 ns, At safepoint: 9018 ns, Total: 104639 ns
[2020-02-26T09:11:15.574+0000][1][safepoint    ] Safepoint "Cleanup", Time since last: 1001175383 ns, Reaching safepoint: 98814 ns, At safepoint: 9225 ns, Total: 108039 ns
[2020-02-26T09:11:16.075+0000][1][safepoint    ] Safepoint "RevokeBias", Time since last: 501637679 ns, Reaching safepoint: 75322 ns, At safepoint: 20222 ns, Total: 95544 ns
[2020-02-26T09:11:17.076+0000][1][safepoint    ] Safepoint "Cleanup", Time since last: 1000217658 ns, Reaching safepoint: 85504 ns, At safepoint: 9650 ns, Total: 95154 ns
[2020-02-26T09:11:18.076+0000][1][safepoint    ] Safepoint "Cleanup", Time since last: 1000122644 ns, Reaching safepoint: 79558 ns, At safepoint: 9040 ns, Total: 88598 ns
[2020-02-26T09:11:18.583+0000][1][safepoint    ] Safepoint "RevokeBias", Time since last: 506748755 ns, Reaching safepoint: 74706 ns, At safepoint: 22896 ns, Total: 97602 ns
[2020-02-26T09:11:19.584+0000][1][safepoint    ] Safepoint "Cleanup", Time since last: 1001032966 ns, Reaching safepoint: 101393 ns, At safepoint: 10760 ns, Total: 112153 ns
[2020-02-26T09:11:20.584+0000][1][safepoint    ] Safepoint "Cleanup", Time since last: 1000167434 ns, Reaching safepoint: 76938 ns, At safepoint: 7928 ns, Total: 84866 ns
[2020-02-26T09:11:21.087+0000][1][safepoint    ] Safepoint "RevokeBias", Time since last: 502692235 ns, Reaching safepoint: 85858 ns, At safepoint: 23146 ns, Total: 109004 ns
[2020-02-26T09:11:22.087+0000][1][safepoint    ] Safepoint "Cleanup", Time since last: 1000484701 ns, Reaching safepoint: 133392 ns, At safepoint: 11630 ns, Total: 145022 ns
[2020-02-26T09:11:23.088+0000][1][safepoint    ] Safepoint "Cleanup", Time since last: 1000811190 ns, Reaching safepoint: 81836 ns, At safepoint: 9873 ns, Total: 91709 ns
[2020-02-26T09:11:23.594+0000][1][safepoint    ] Safepoint "RevokeBias", Time since last: 505163924 ns, Reaching safepoint: 86855 ns, At safepoint: 22261 ns, Total: 109116 ns
[2020-02-26T09:11:24.595+0000][1][safepoint    ] Safepoint "Cleanup", Time since last: 1000848749 ns, Reaching safepoint: 81299 ns, At safepoint: 8743 ns, Total: 90042 ns
[2020-02-26T09:11:25.595+0000][1][safepoint    ] Safepoint "Cleanup", Time since last: 1000781314 ns, Reaching safepoint: 102078 ns, At safepoint: 12556 ns, Total: 114634 ns
[2020-02-26T09:11:26.097+0000][1][safepoint    ] Safepoint "RevokeBias", Time since last: 501117973 ns, Reaching safepoint: 111414 ns, At safepoint: 20313 ns, Total: 131727 ns
[2020-02-26T09:11:27.098+0000][1][safepoint    ] Safepoint "Cleanup", Time since last: 1000836747 ns, Reaching safepoint: 234612 ns, At safepoint: 8890 ns, Total: 243502 ns
[2020-02-26T09:11:28.099+0000][1][safepoint    ] Safepoint "Cleanup", Time since last: 1000678446 ns, Reaching safepoint: 89539 ns, At safepoint: 10535 ns, Total: 100074 ns
[2020-02-26T09:11:28.601+0000][1][gc,start     ] GC(47) Pause Young (Allocation Failure)
[2020-02-26T09:11:28.601+0000][1][gc,task      ] GC(47) Using 1 workers of 1 for evacuation
[2020-02-26T09:11:28.614+0000][1][gc,age       ] GC(47) Desired survivor size 4358144 bytes, new threshold 6 (max threshold 6)
[2020-02-26T09:11:28.614+0000][1][gc,age       ] GC(47) Age table with threshold 6 (max threshold 6)
[2020-02-26T09:11:28.614+0000][1][gc,age       ] GC(47) - age   1:      15240 bytes,      15240 total
[2020-02-26T09:11:28.614+0000][1][gc,age       ] GC(47) - age   2:       1360 bytes,      16600 total
[2020-02-26T09:11:28.614+0000][1][gc,age       ] GC(47) - age   3:       1408 bytes,      18008 total
[2020-02-26T09:11:28.614+0000][1][gc,age       ] GC(47) - age   4:        656 bytes,      18664 total
[2020-02-26T09:11:28.614+0000][1][gc,age       ] GC(47) - age   5:       2336 bytes,      21000 total
[2020-02-26T09:11:28.614+0000][1][gc,age       ] GC(47) - age   6:       3136 bytes,      24136 total
[2020-02-26T09:11:28.614+0000][1][gc,heap      ] GC(47) ParNew: 68191K->24K(76672K)
[2020-02-26T09:11:28.614+0000][1][gc,heap      ] GC(47) CMS: 62605K->62606K(963392K)
[2020-02-26T09:11:28.614+0000][1][gc,metaspace ] GC(47) Metaspace: 79366K->79366K(1122304K)
[2020-02-26T09:11:28.614+0000][1][gc           ] GC(47) Pause Young (Allocation Failure) 127M->61M(1015M) 13.355ms
[2020-02-26T09:11:28.614+0000][1][gc,cpu       ] GC(47) User=0.01s Sys=0.00s Real=0.01s
[2020-02-26T09:11:28.614+0000][1][safepoint    ] Safepoint "GenCollectForAllocation", Time since last: 501975282 ns, Reaching safepoint: 86395 ns, At safepoint: 13448187 ns, Total: 13534582 ns
[2020-02-26T09:11:28.617+0000][1][safepoint    ] Safepoint "RevokeBias", Time since last: 2659790 ns, Reaching safepoint: 84493 ns, At safepoint: 22651 ns, Total: 107144 ns
[2020-02-26T09:11:29.617+0000][1][safepoint    ] Safepoint "Cleanup", Time since last: 1000367734 ns, Reaching safepoint: 87672 ns, At safepoint: 10314 ns, Total: 97986 ns
[2020-02-26T09:11:30.626+0000][1][safepoint    ] Safepoint "Cleanup", Time since last: 1008247100 ns, Reaching safepoint: 71163 ns, At safepoint: 6980 ns, Total: 78143 ns
[2020-02-26T09:11:31.126+0000][1][safepoint    ] Safepoint "RevokeBias", Time since last: 500627299 ns, Reaching safepoint: 74456 ns, At safepoint: 19390 ns, Total: 93846 ns
[2020-02-26T09:11:32.127+0000][1][safepoint    ] Safepoint "Cleanup", Time since last: 1000536901 ns, Reaching safepoint: 113696 ns, At safepoint: 8161 ns, Total: 121857 ns
[2020-02-26T09:11:33.128+0000][1][safepoint    ] Safepoint "Cleanup", Time since last: 1000574813 ns, Reaching safepoint: 75959 ns, At safepoint: 8238 ns, Total: 84197 ns
[2020-02-26T09:11:33.812+0000][1][safepoint    ] Safepoint "RevokeBias", Time since last: 684371554 ns, Reaching safepoint: 92947 ns, At safepoint: 23617 ns, Total: 116564 ns
[2020-02-26T09:11:34.813+0000][1][safepoint    ] Safepoint "Cleanup", Time since last: 1000500159 ns, Reaching safepoint: 75868 ns, At safepoint: 7902 ns, Total: 83770 ns
[2020-02-26T09:11:35.815+0000][1][safepoint    ] Safepoint "Cleanup", Time since last: 1002250206 ns, Reaching safepoint: 82043 ns, At safepoint: 8634 ns, Total: 90677 ns
[2020-02-26T09:11:36.373+0000][1][safepoint    ] Safepoint "RevokeBias", Time since last: 557587292 ns, Reaching safepoint: 73123 ns, At safepoint: 18971 ns, Total: 92094 ns
[2020-02-26T09:11:37.374+0000][1][safepoint    ] Safepoint "Cleanup", Time since last: 1000726226 ns, Reaching safepoint: 80872 ns, At safepoint: 9849 ns, Total: 90721 ns
[2020-02-26T09:11:38.374+0000][1][safepoint    ] Safepoint "Cleanup", Time since last: 1000670134 ns, Reaching safepoint: 87166 ns, At safepoint: 9020 ns, Total: 96186 ns
[2020-02-26T09:11:38.883+0000][1][safepoint    ] Safepoint "RevokeBias", Time since last: 508047652 ns, Reaching safepoint: 74478 ns, At safepoint: 107425 ns, Total: 181903 ns
[2020-02-26T09:11:39.883+0000][1][safepoint    ] Safepoint "Cleanup", Time since last: 1000687207 ns, Reaching safepoint: 137046 ns, At safepoint: 16237 ns, Total: 153283 ns
[2020-02-26T09:11:40.884+0000][1][safepoint    ] Safepoint "Cleanup", Time since last: 1000332311 ns, Reaching safepoint: 122142 ns, At safepoint: 14991 ns, Total: 137133 ns
[2020-02-26T09:11:41.439+0000][1][safepoint    ] Safepoint "RevokeBias", Time since last: 554964756 ns, Reaching safepoint: 136922 ns, At safepoint: 18781 ns, Total: 155703 ns
[2020-02-26T09:11:42.439+0000][1][safepoint    ] Safepoint "Cleanup", Time since last: 1000341994 ns, Reaching safepoint: 86320 ns, At safepoint: 11003 ns, Total: 97323 ns
[2020-02-26T09:11:43.441+0000][1][safepoint    ] Safepoint "Cleanup", Time since last: 1000913872 ns, Reaching safepoint: 147148 ns, At safepoint: 27930 ns, Total: 175078 ns
[2020-02-26T09:11:43.950+0000][1][safepoint    ] Safepoint "RevokeBias", Time since last: 509310828 ns, Reaching safepoint: 75150 ns, At safepoint: 20084 ns, Total: 95234 ns
[2020-02-26T09:11:44.950+0000][1][safepoint    ] Safepoint "Cleanup", Time since last: 1000365299 ns, Reaching safepoint: 128990 ns, At safepoint: 9328 ns, Total: 138318 ns
[2020-02-26T09:11:45.951+0000][1][safepoint    ] Safepoint "Cleanup", Time since last: 1000618421 ns, Reaching safepoint: 85008 ns, At safepoint: 10020 ns, Total: 95028 ns
[2020-02-26T09:11:46.463+0000][1][safepoint    ] Safepoint "RevokeBias", Time since last: 511724903 ns, Reaching safepoint: 76124 ns, At safepoint: 19517 ns, Total: 95641 ns
[2020-02-26T09:11:47.464+0000][1][safepoint    ] Safepoint "Cleanup", Time since last: 1001137441 ns, Reaching safepoint: 80600 ns, At safepoint: 8191 ns, Total: 88791 ns
[2020-02-26T09:11:48.465+0000][1][safepoint    ] Safepoint "Cleanup", Time since last: 1000434574 ns, Reaching safepoint: 75772 ns, At safepoint: 8702 ns, Total: 84474 ns
[2020-02-26T09:11:49.015+0000][1][safepoint    ] Safepoint "RevokeBias", Time since last: 550246543 ns, Reaching safepoint: 156676 ns, At safepoint: 39333 ns, Total: 196009 ns
[2020-02-26T09:11:50.063+0000][1][safepoint    ] Safepoint "Cleanup", Time since last: 1048153688 ns, Reaching safepoint: 115859 ns, At safepoint: 11911 ns, Total: 127770 ns
[2020-02-26T09:11:51.064+0000][1][safepoint    ] Safepoint "Cleanup", Time since last: 1000389434 ns, Reaching safepoint: 107044 ns, At safepoint: 15997 ns, Total: 123041 ns
[2020-02-26T09:11:51.520+0000][1][safepoint    ] Safepoint "RevokeBias", Time since last: 455516976 ns, Reaching safepoint: 134011 ns, At safepoint: 22944 ns, Total: 156955 ns
[2020-02-26T09:11:52.523+0000][1][safepoint    ] Safepoint "Cleanup", Time since last: 1003348104 ns, Reaching safepoint: 115737 ns, At safepoint: 9188 ns, Total: 124925 ns
[2020-02-26T09:11:53.524+0000][1][safepoint    ] Safepoint "Cleanup", Time since last: 1000328647 ns, Reaching safepoint: 148121 ns, At safepoint: 9780 ns, Total: 157901 ns
[2020-02-26T09:11:54.027+0000][1][safepoint    ] Safepoint "RevokeBias", Time since last: 503283392 ns, Reaching safepoint: 176489 ns, At safepoint: 21621 ns, Total: 198110 ns
[2020-02-26T09:11:55.028+0000][1][safepoint    ] Safepoint "Cleanup", Time since last: 1000351757 ns, Reaching safepoint: 82542 ns, At safepoint: 9942 ns, Total: 92484 ns
[2020-02-26T09:11:56.028+0000][1][safepoint    ] Safepoint "Cleanup", Time since last: 1000417172 ns, Reaching safepoint: 78684 ns, At safepoint: 8550 ns, Total: 87234 ns
[2020-02-26T09:11:56.530+0000][1][safepoint    ] Safepoint "RevokeBias", Time since last: 501551987 ns, Reaching safepoint: 90468 ns, At safepoint: 22888 ns, Total: 113356 ns
[2020-02-26T09:11:57.535+0000][1][safepoint    ] Safepoint "Cleanup", Time since last: 1004891305 ns, Reaching safepoint: 83536 ns, At safepoint: 9450 ns, Total: 92986 ns
[2020-02-26T09:11:58.535+0000][1][safepoint    ] Safepoint "Cleanup", Time since last: 1000334811 ns, Reaching safepoint: 80968 ns, At safepoint: 9463 ns, Total: 90431 ns
[2020-02-26T09:11:59.037+0000][1][safepoint    ] Safepoint "RevokeBias", Time since last: 501320021 ns, Reaching safepoint: 101357 ns, At safepoint: 19908 ns, Total: 121265 ns
[2020-02-26T09:12:00.037+0000][1][safepoint    ] Safepoint "Cleanup", Time since last: 1000535011 ns, Reaching safepoint: 104301 ns, At safepoint: 10358 ns, Total: 114659 ns
[2020-02-26T09:12:01.038+0000][1][safepoint    ] Safepoint "Cleanup", Time since last: 1000667638 ns, Reaching safepoint: 89094 ns, At safepoint: 11040 ns, Total: 100134 ns
[2020-02-26T09:12:01.542+0000][1][safepoint    ] Safepoint "RevokeBias", Time since last: 504154313 ns, Reaching safepoint: 156590 ns, At safepoint: 33508 ns, Total: 190098 ns
[2020-02-26T09:12:02.543+0000][1][safepoint    ] Safepoint "Cleanup", Time since last: 1000234126 ns, Reaching safepoint: 145310 ns, At safepoint: 10322 ns, Total: 155632 ns
[2020-02-26T09:12:03.548+0000][1][safepoint    ] Safepoint "Cleanup", Time since last: 1005025541 ns, Reaching safepoint: 95517 ns, At safepoint: 8422 ns, Total: 103939 ns
[2020-02-26T09:12:04.048+0000][1][safepoint    ] Safepoint "RevokeBias", Time since last: 500098860 ns, Reaching safepoint: 77008 ns, At safepoint: 36272 ns, Total: 113280 ns
[2020-02-26T09:12:05.050+0000][1][safepoint    ] Safepoint "Cleanup", Time since last: 1001982067 ns, Reaching safepoint: 99872 ns, At safepoint: 9580 ns, Total: 109452 ns
[2020-02-26T09:12:06.050+0000][1][safepoint    ] Safepoint "Cleanup", Time since last: 1000177555 ns, Reaching safepoint: 81422 ns, At safepoint: 9427 ns, Total: 90849 ns
[2020-02-26T09:12:06.562+0000][1][safepoint    ] Safepoint "RevokeBias", Time since last: 511725134 ns, Reaching safepoint: 97122 ns, At safepoint: 20262 ns, Total: 117384 ns
[2020-02-26T09:12:07.563+0000][1][safepoint    ] Safepoint "Cleanup", Time since last: 1000833140 ns, Reaching safepoint: 77342 ns, At safepoint: 8274 ns, Total: 85616 ns
[2020-02-26T09:12:08.569+0000][1][safepoint    ] Safepoint "Cleanup", Time since last: 1005334439 ns, Reaching safepoint: 79588 ns, At safepoint: 8113 ns, Total: 87701 ns
[2020-02-26T09:12:09.227+0000][1][safepoint    ] Safepoint "RevokeBias", Time since last: 657962564 ns, Reaching safepoint: 160423 ns, At safepoint: 27308 ns, Total: 187731 ns
[2020-02-26T09:12:10.227+0000][1][safepoint    ] Safepoint "Cleanup", Time since last: 1000300097 ns, Reaching safepoint: 78743 ns, At safepoint: 8885 ns, Total: 87628 ns
[2020-02-26T09:12:11.228+0000][1][safepoint    ] Safepoint "Cleanup", Time since last: 1000818757 ns, Reaching safepoint: 117214 ns, At safepoint: 10973 ns, Total: 128187 ns
[2020-02-26T09:12:11.779+0000][1][safepoint    ] Safepoint "RevokeBias", Time since last: 551150759 ns, Reaching safepoint: 75354 ns, At safepoint: 19386 ns, Total: 94740 ns
[2020-02-26T09:12:12.780+0000][1][safepoint    ] Safepoint "Cleanup", Time since last: 1000639036 ns, Reaching safepoint: 80665 ns, At safepoint: 9073 ns, Total: 89738 ns
[2020-02-26T09:12:13.784+0000][1][safepoint    ] Safepoint "Cleanup", Time since last: 1003404916 ns, Reaching safepoint: 115647 ns, At safepoint: 11307 ns, Total: 126954 ns
[2020-02-26T09:12:14.292+0000][1][safepoint    ] Safepoint "RevokeBias", Time since last: 508707715 ns, Reaching safepoint: 113524 ns, At safepoint: 30306 ns, Total: 143830 ns
[2020-02-26T09:12:15.293+0000][1][safepoint    ] Safepoint "Cleanup", Time since last: 1000442799 ns, Reaching safepoint: 94293 ns, At safepoint: 9937 ns, Total: 104230 ns
[2020-02-26T09:12:16.294+0000][1][safepoint    ] Safepoint "Cleanup", Time since last: 1000455272 ns, Reaching safepoint: 81245 ns, At safepoint: 10016 ns, Total: 91261 ns
[2020-02-26T09:12:16.807+0000][1][safepoint    ] Safepoint "RevokeBias", Time since last: 510803736 ns, Reaching safepoint: 2161538 ns, At safepoint: 49790 ns, Total: 2211328 ns
[2020-02-26T09:12:17.808+0000][1][safepoint    ] Safepoint "Cleanup", Time since last: 1000843048 ns, Reaching safepoint: 107833 ns, At safepoint: 12328 ns, Total: 120161 ns
[2020-02-26T09:12:18.808+0000][1][safepoint    ] Safepoint "Cleanup", Time since last: 1000245167 ns, Reaching safepoint: 81077 ns, At safepoint: 9269 ns, Total: 90346 ns
[2020-02-26T09:12:19.330+0000][1][safepoint    ] Safepoint "BulkRevokeBias", Time since last: 521662787 ns, Reaching safepoint: 105414 ns, At safepoint: 297142 ns, Total: 402556 ns
[2020-02-26T09:12:20.331+0000][1][safepoint    ] Safepoint "Cleanup", Time since last: 1000723495 ns, Reaching safepoint: 81327 ns, At safepoint: 9088 ns, Total: 90415 ns
[2020-02-26T09:12:21.331+0000][1][safepoint    ] Safepoint "Cleanup", Time since last: 1000272775 ns, Reaching safepoint: 84151 ns, At safepoint: 10175 ns, Total: 94326 ns
[2020-02-26T09:12:21.841+0000][1][safepoint    ] Safepoint "RevokeBias", Time since last: 509982613 ns, Reaching safepoint: 54166 ns, At safepoint: 17107 ns, Total: 71273 ns
[2020-02-26T09:12:22.842+0000][1][safepoint    ] Safepoint "Cleanup", Time since last: 1000943796 ns, Reaching safepoint: 77414 ns, At safepoint: 9434 ns, Total: 86848 ns
[2020-02-26T09:12:23.844+0000][1][safepoint    ] Safepoint "Cleanup", Time since last: 1001249305 ns, Reaching safepoint: 117581 ns, At safepoint: 27477 ns, Total: 145058 ns
[2020-02-26T09:12:24.363+0000][1][safepoint    ] Safepoint "RevokeBias", Time since last: 519010632 ns, Reaching safepoint: 115427 ns, At safepoint: 30121 ns, Total: 145548 ns
[2020-02-26T09:12:25.363+0000][1][safepoint    ] Safepoint "Cleanup", Time since last: 1000462588 ns, Reaching safepoint: 118810 ns, At safepoint: 13018 ns, Total: 131828 ns
[2020-02-26T09:12:26.364+0000][1][safepoint    ] Safepoint "Cleanup", Time since last: 1000198127 ns, Reaching safepoint: 86697 ns, At safepoint: 10332 ns, Total: 97029 ns
[2020-02-26T09:12:26.873+0000][1][safepoint    ] Safepoint "RevokeBias", Time since last: 509660152 ns, Reaching safepoint: 75191 ns, At safepoint: 19918 ns, Total: 95109 ns
[2020-02-26T09:12:27.874+0000][1][safepoint    ] Safepoint "Cleanup", Time since last: 1000213992 ns, Reaching safepoint: 96635 ns, At safepoint: 9515 ns, Total: 106150 ns
[2020-02-26T09:12:28.874+0000][1][safepoint    ] Safepoint "Cleanup", Time since last: 1000095190 ns, Reaching safepoint: 80121 ns, At safepoint: 9484 ns, Total: 89605 ns
[2020-02-26T09:12:29.380+0000][1][safepoint    ] Safepoint "RevokeBias", Time since last: 506086052 ns, Reaching safepoint: 134429 ns, At safepoint: 22196 ns, Total: 156625 ns
[2020-02-26T09:12:30.384+0000][1][safepoint    ] Safepoint "Cleanup", Time since last: 1003313343 ns, Reaching safepoint: 63855 ns, At safepoint: 8602 ns, Total: 72457 ns
[2020-02-26T09:12:31.384+0000][1][safepoint    ] Safepoint "Cleanup", Time since last: 1000303277 ns, Reaching safepoint: 93101 ns, At safepoint: 11566 ns, Total: 104667 ns
[2020-02-26T09:12:31.884+0000][1][safepoint    ] Safepoint "RevokeBias", Time since last: 500455001 ns, Reaching safepoint: 97118 ns, At safepoint: 26096 ns, Total: 123214 ns
[2020-02-26T09:12:32.885+0000][1][safepoint    ] Safepoint "Cleanup", Time since last: 1000711648 ns, Reaching safepoint: 78123 ns, At safepoint: 8730 ns, Total: 86853 ns
[2020-02-26T09:12:33.886+0000][1][safepoint    ] Safepoint "Cleanup", Time since last: 1000873045 ns, Reaching safepoint: 96581 ns, At safepoint: 8976 ns, Total: 105557 ns
[2020-02-26T09:12:34.399+0000][1][safepoint    ] Safepoint "RevokeBias", Time since last: 511256150 ns, Reaching safepoint: 1558292 ns, At safepoint: 28072 ns, Total: 1586364 ns
[2020-02-26T09:12:35.400+0000][1][safepoint    ] Safepoint "Cleanup", Time since last: 1001159180 ns, Reaching safepoint: 79598 ns, At safepoint: 9196 ns, Total: 88794 ns
[2020-02-26T09:12:36.401+0000][1][safepoint    ] Safepoint "Cleanup", Time since last: 1000608614 ns, Reaching safepoint: 80176 ns, At safepoint: 9731 ns, Total: 89907 ns
[2020-02-26T09:12:36.902+0000][1][safepoint    ] Safepoint "RevokeBias", Time since last: 500761295 ns, Reaching safepoint: 97579 ns, At safepoint: 22751 ns, Total: 120330 ns
[2020-02-26T09:12:37.902+0000][1][safepoint    ] Safepoint "Cleanup", Time since last: 1000186904 ns, Reaching safepoint: 115305 ns, At safepoint: 12297 ns, Total: 127602 ns
[2020-02-26T09:12:38.903+0000][1][safepoint    ] Safepoint "Cleanup", Time since last: 1000573746 ns, Reaching safepoint: 95049 ns, At safepoint: 8935 ns, Total: 103984 ns
[2020-02-26T09:12:39.408+0000][1][safepoint    ] Safepoint "RevokeBias", Time since last: 505222606 ns, Reaching safepoint: 116589 ns, At safepoint: 23646 ns, Total: 140235 ns
[2020-02-26T09:12:40.412+0000][1][safepoint    ] Safepoint "Cleanup", Time since last: 1003173606 ns, Reaching safepoint: 79585 ns, At safepoint: 9182 ns, Total: 88767 ns
[2020-02-26T09:12:41.412+0000][1][safepoint    ] Safepoint "Cleanup", Time since last: 1000285149 ns, Reaching safepoint: 88078 ns, At safepoint: 28265 ns, Total: 116343 ns
[2020-02-26T09:12:41.911+0000][1][safepoint    ] Safepoint "RevokeBias", Time since last: 498915094 ns, Reaching safepoint: 154822 ns, At safepoint: 38657 ns, Total: 193479 ns
[2020-02-26T09:12:42.912+0000][1][safepoint    ] Safepoint "Cleanup", Time since last: 1000334919 ns, Reaching safepoint: 102333 ns, At safepoint: 8969 ns, Total: 111302 ns
[2020-02-26T09:12:43.912+0000][1][safepoint    ] Safepoint "Cleanup", Time since last: 1000227045 ns, Reaching safepoint: 84375 ns, At safepoint: 9924 ns, Total: 94299 ns
[2020-02-26T09:12:44.416+0000][1][safepoint    ] Safepoint "RevokeBias", Time since last: 503880228 ns, Reaching safepoint: 99276 ns, At safepoint: 25030 ns, Total: 124306 ns
[2020-02-26T09:12:45.417+0000][1][safepoint    ] Safepoint "Cleanup", Time since last: 1000791279 ns, Reaching safepoint: 81130 ns, At safepoint: 8857 ns, Total: 89987 ns
[2020-02-26T09:12:46.424+0000][1][safepoint    ] Safepoint "Cleanup", Time since last: 1007307246 ns, Reaching safepoint: 95954 ns, At safepoint: 8805 ns, Total: 104759 ns
[2020-02-26T09:12:46.920+0000][1][safepoint    ] Safepoint "RevokeBias", Time since last: 495342499 ns, Reaching safepoint: 117653 ns, At safepoint: 22436 ns, Total: 140089 ns
[2020-02-26T09:12:47.920+0000][1][safepoint    ] Safepoint "Cleanup", Time since last: 1000205433 ns, Reaching safepoint: 79919 ns, At safepoint: 9009 ns, Total: 88928 ns
[2020-02-26T09:12:48.920+0000][1][safepoint    ] Safepoint "Cleanup", Time since last: 1000393156 ns, Reaching safepoint: 80678 ns, At safepoint: 9534 ns, Total: 90212 ns
[2020-02-26T09:12:49.435+0000][1][safepoint    ] Safepoint "RevokeBias", Time since last: 514942488 ns, Reaching safepoint: 76769 ns, At safepoint: 20425 ns, Total: 97194 ns
[2020-02-26T09:12:50.436+0000][1][safepoint    ] Safepoint "Cleanup", Time since last: 1000852863 ns, Reaching safepoint: 83587 ns, At safepoint: 10094 ns, Total: 93681 ns
[2020-02-26T09:12:51.439+0000][1][safepoint    ] Safepoint "Cleanup", Time since last: 1002584903 ns, Reaching safepoint: 75725 ns, At safepoint: 8320 ns, Total: 84045 ns
[2020-02-26T09:12:51.947+0000][1][safepoint    ] Safepoint "RevokeBias", Time since last: 508199316 ns, Reaching safepoint: 74716 ns, At safepoint: 19351 ns, Total: 94067 ns
[2020-02-26T09:12:52.948+0000][1][safepoint    ] Safepoint "Cleanup", Time since last: 1000305897 ns, Reaching safepoint: 87441 ns, At safepoint: 10316 ns, Total: 97757 ns
[2020-02-26T09:12:53.949+0000][1][safepoint    ] Safepoint "Cleanup", Time since last: 1000721203 ns, Reaching safepoint: 151384 ns, At safepoint: 13070 ns, Total: 164454 ns
[2020-02-26T09:12:54.459+0000][1][safepoint    ] Safepoint "RevokeBias", Time since last: 510002241 ns, Reaching safepoint: 76517 ns, At safepoint: 20134 ns, Total: 96651 ns
[2020-02-26T09:12:55.460+0000][1][safepoint    ] Safepoint "Cleanup", Time since last: 1000955062 ns, Reaching safepoint: 77133 ns, At safepoint: 8922 ns, Total: 86055 ns
[2020-02-26T09:12:56.461+0000][1][safepoint    ] Safepoint "Cleanup", Time since last: 1000677332 ns, Reaching safepoint: 79928 ns, At safepoint: 8143 ns, Total: 88071 ns
[2020-02-26T09:12:56.975+0000][1][safepoint    ] Safepoint "RevokeBias", Time since last: 514536495 ns, Reaching safepoint: 136491 ns, At safepoint: 49469 ns, Total: 185960 ns
[2020-02-26T09:12:57.976+0000][1][safepoint    ] Safepoint "Cleanup", Time since last: 1000709335 ns, Reaching safepoint: 101137 ns, At safepoint: 22429 ns, Total: 123566 ns
[2020-02-26T09:12:58.976+0000][1][safepoint    ] Safepoint "Cleanup", Time since last: 1000268229 ns, Reaching safepoint: 81353 ns, At safepoint: 10079 ns, Total: 91432 ns
[2020-02-26T09:12:59.493+0000][1][safepoint    ] Safepoint "RevokeBias", Time since last: 516570802 ns, Reaching safepoint: 74803 ns, At safepoint: 18865 ns, Total: 93668 ns
[2020-02-26T09:13:00.494+0000][1][safepoint    ] Safepoint "Cleanup", Time since last: 1000567186 ns, Reaching safepoint: 197974 ns, At safepoint: 8996 ns, Total: 206970 ns
[2020-02-26T09:13:01.495+0000][1][safepoint    ] Safepoint "Cleanup", Time since last: 1001104982 ns, Reaching safepoint: 158322 ns, At safepoint: 13345 ns, Total: 171667 ns
[2020-02-26T09:13:02.008+0000][1][safepoint    ] Safepoint "RevokeBias", Time since last: 512456322 ns, Reaching safepoint: 98155 ns, At safepoint: 20379 ns, Total: 118534 ns
[2020-02-26T09:13:03.008+0000][1][safepoint    ] Safepoint "Cleanup", Time since last: 1000185721 ns, Reaching safepoint: 129679 ns, At safepoint: 10933 ns, Total: 140612 ns
[2020-02-26T09:13:04.009+0000][1][safepoint    ] Safepoint "Cleanup", Time since last: 1000411121 ns, Reaching safepoint: 97195 ns, At safepoint: 9132 ns, Total: 106327 ns
[2020-02-26T09:13:04.519+0000][1][safepoint    ] Safepoint "RevokeBias", Time since last: 510349802 ns, Reaching safepoint: 83457 ns, At safepoint: 42175 ns, Total: 125632 ns
[2020-02-26T09:13:05.519+0000][1][safepoint    ] Safepoint "Cleanup", Time since last: 1000287503 ns, Reaching safepoint: 94834 ns, At safepoint: 12584 ns, Total: 107418 ns
[2020-02-26T09:13:06.520+0000][1][safepoint    ] Safepoint "Cleanup", Time since last: 1000628026 ns, Reaching safepoint: 102124 ns, At safepoint: 12794 ns, Total: 114918 ns
[2020-02-26T09:13:07.024+0000][1][safepoint    ] Safepoint "RevokeBias", Time since last: 503678235 ns, Reaching safepoint: 77025 ns, At safepoint: 19281 ns, Total: 96306 ns
[2020-02-26T09:13:08.032+0000][1][safepoint    ] Safepoint "Cleanup", Time since last: 1007708716 ns, Reaching safepoint: 78348 ns, At safepoint: 9011 ns, Total: 87359 ns
[2020-02-26T09:13:09.032+0000][1][safepoint    ] Safepoint "Cleanup", Time since last: 1000430113 ns, Reaching safepoint: 79772 ns, At safepoint: 9208 ns, Total: 88980 ns
[2020-02-26T09:13:09.530+0000][1][safepoint    ] Safepoint "RevokeBias", Time since last: 497999118 ns, Reaching safepoint: 74484 ns, At safepoint: 19590 ns, Total: 94074 ns
[2020-02-26T09:13:10.531+0000][1][safepoint    ] Safepoint "Cleanup", Time since last: 1000860125 ns, Reaching safepoint: 106972 ns, At safepoint: 10448 ns, Total: 117420 ns
[2020-02-26T09:13:11.532+0000][1][safepoint    ] Safepoint "Cleanup", Time since last: 1000689674 ns, Reaching safepoint: 133642 ns, At safepoint: 13371 ns, Total: 147013 ns
[2020-02-26T09:13:12.035+0000][1][safepoint    ] Safepoint "RevokeBias", Time since last: 502934066 ns, Reaching safepoint: 77533 ns, At safepoint: 19935 ns, Total: 97468 ns
[2020-02-26T09:13:13.037+0000][1][safepoint    ] Safepoint "Cleanup", Time since last: 1001901062 ns, Reaching safepoint: 94843 ns, At safepoint: 8406 ns, Total: 103249 ns
[2020-02-26T09:13:14.038+0000][1][safepoint    ] Safepoint "Cleanup", Time since last: 1000818542 ns, Reaching safepoint: 127292 ns, At safepoint: 15355 ns, Total: 142647 ns
[2020-02-26T09:13:14.546+0000][1][safepoint    ] Safepoint "RevokeBias", Time since last: 507322485 ns, Reaching safepoint: 86772 ns, At safepoint: 21271 ns, Total: 108043 ns
[2020-02-26T09:13:15.546+0000][1][safepoint    ] Safepoint "Cleanup", Time since last: 1000475243 ns, Reaching safepoint: 80260 ns, At safepoint: 8956 ns, Total: 89216 ns
[2020-02-26T09:13:16.547+0000][1][safepoint    ] Safepoint "Cleanup", Time since last: 1000867804 ns, Reaching safepoint: 79892 ns, At safepoint: 9159 ns, Total: 89051 ns
[2020-02-26T09:13:17.050+0000][1][safepoint    ] Safepoint "RevokeBias", Time since last: 502786973 ns, Reaching safepoint: 78289 ns, At safepoint: 20883 ns, Total: 99172 ns
[2020-02-26T09:13:18.052+0000][1][safepoint    ] Safepoint "Cleanup", Time since last: 1001737538 ns, Reaching safepoint: 148532 ns, At safepoint: 18872 ns, Total: 167404 ns
[2020-02-26T09:13:19.052+0000][1][safepoint    ] Safepoint "Cleanup", Time since last: 1000364325 ns, Reaching safepoint: 95026 ns, At safepoint: 9840 ns, Total: 104866 ns
[2020-02-26T09:13:19.557+0000][1][safepoint    ] Safepoint "RevokeBias", Time since last: 504760675 ns, Reaching safepoint: 89079 ns, At safepoint: 22526 ns, Total: 111605 ns
[2020-02-26T09:13:20.558+0000][1][safepoint    ] Safepoint "Cleanup", Time since last: 1000600553 ns, Reaching safepoint: 80776 ns, At safepoint: 9666 ns, Total: 90442 ns
[2020-02-26T09:13:21.559+0000][1][safepoint    ] Safepoint "Cleanup", Time since last: 1000619374 ns, Reaching safepoint: 80594 ns, At safepoint: 9628 ns, Total: 90222 ns
[2020-02-26T09:13:22.063+0000][1][safepoint    ] Safepoint "RevokeBias", Time since last: 504336897 ns, Reaching safepoint: 183820 ns, At safepoint: 21843 ns, Total: 205663 ns
[2020-02-26T09:13:23.064+0000][1][safepoint    ] Safepoint "Cleanup", Time since last: 1000546945 ns, Reaching safepoint: 81334 ns, At safepoint: 9492 ns, Total: 90826 ns
[2020-02-26T09:13:24.072+0000][1][safepoint    ] Safepoint "Cleanup", Time since last: 1008531326 ns, Reaching safepoint: 76734 ns, At safepoint: 8462 ns, Total: 85196 ns
[2020-02-26T09:13:24.568+0000][1][safepoint    ] Safepoint "RevokeBias", Time since last: 495184386 ns, Reaching safepoint: 76655 ns, At safepoint: 19740 ns, Total: 96395 ns
[2020-02-26T09:13:25.568+0000][1][safepoint    ] Safepoint "Cleanup", Time since last: 1000340179 ns, Reaching safepoint: 186738 ns, At safepoint: 14284 ns, Total: 201022 ns
[2020-02-26T09:13:26.569+0000][1][safepoint    ] Safepoint "Cleanup", Time since last: 1000757885 ns, Reaching safepoint: 94653 ns, At safepoint: 9153 ns, Total: 103806 ns
[2020-02-26T09:13:27.072+0000][1][safepoint    ] Safepoint "RevokeBias", Time since last: 502644949 ns, Reaching safepoint: 76369 ns, At safepoint: 19886 ns, Total: 96255 ns
[2020-02-26T09:13:28.073+0000][1][safepoint    ] Safepoint "Cleanup", Time since last: 1000611627 ns, Reaching safepoint: 78939 ns, At safepoint: 8959 ns, Total: 87898 ns
[2020-02-26T09:13:29.077+0000][1][safepoint    ] Safepoint "Cleanup", Time since last: 1004589024 ns, Reaching safepoint: 61610 ns, At safepoint: 9679 ns, Total: 71289 ns
[2020-02-26T09:13:29.589+0000][1][safepoint    ] Safepoint "RevokeBias", Time since last: 511678590 ns, Reaching safepoint: 60710 ns, At safepoint: 18417 ns, Total: 79127 ns
[2020-02-26T09:13:30.590+0000][1][safepoint    ] Safepoint "Cleanup", Time since last: 1000470930 ns, Reaching safepoint: 95517 ns, At safepoint: 9136 ns, Total: 104653 ns
[2020-02-26T09:13:31.590+0000][1][safepoint    ] Safepoint "Cleanup", Time since last: 1000216814 ns, Reaching safepoint: 81819 ns, At safepoint: 9668 ns, Total: 91487 ns
[2020-02-26T09:13:32.101+0000][1][safepoint    ] Safepoint "BulkRevokeBias", Time since last: 510926398 ns, Reaching safepoint: 75194 ns, At safepoint: 291685 ns, Total: 366879 ns
[2020-02-26T09:13:33.102+0000][1][safepoint    ] Safepoint "Cleanup", Time since last: 1000981751 ns, Reaching safepoint: 83138 ns, At safepoint: 11045 ns, Total: 94183 ns
[2020-02-26T09:13:34.104+0000][1][safepoint    ] Safepoint "Cleanup", Time since last: 1001178915 ns, Reaching safepoint: 118880 ns, At safepoint: 9633 ns, Total: 128513 ns
[2020-02-26T09:13:34.621+0000][1][safepoint    ] Safepoint "RevokeBias", Time since last: 516970594 ns, Reaching safepoint: 239912 ns, At safepoint: 116499 ns, Total: 356411 ns
[2020-02-26T09:13:35.909+0000][1][safepoint    ] Safepoint "Cleanup", Time since last: 1287910421 ns, Reaching safepoint: 83824 ns, At safepoint: 8851 ns, Total: 92675 ns
[2020-02-26T09:13:36.909+0000][1][safepoint    ] Safepoint "Cleanup", Time since last: 1000169527 ns, Reaching safepoint: 241707 ns, At safepoint: 29416 ns, Total: 271123 ns
[2020-02-26T09:13:37.133+0000][1][safepoint    ] Safepoint "RevokeBias", Time since last: 223982982 ns, Reaching safepoint: 132478 ns, At safepoint: 26428 ns, Total: 158906 ns
[2020-02-26T09:13:38.134+0000][1][safepoint    ] Safepoint "Cleanup", Time since last: 1000163895 ns, Reaching safepoint: 164578 ns, At safepoint: 29596 ns, Total: 194174 ns
[2020-02-26T09:13:39.135+0000][1][safepoint    ] Safepoint "Cleanup", Time since last: 1001120442 ns, Reaching safepoint: 123419 ns, At safepoint: 31807 ns, Total: 155226 ns
[2020-02-26T09:13:39.654+0000][1][safepoint    ] Safepoint "RevokeBias", Time since last: 519097778 ns, Reaching safepoint: 80718 ns, At safepoint: 21162 ns, Total: 101880 ns
[2020-02-26T09:13:40.655+0000][1][safepoint    ] Safepoint "Cleanup", Time since last: 1000599296 ns, Reaching safepoint: 101783 ns, At safepoint: 11966 ns, Total: 113749 ns
[2020-02-26T09:13:41.655+0000][1][safepoint    ] Safepoint "Cleanup", Time since last: 1000258026 ns, Reaching safepoint: 83083 ns, At safepoint: 10364 ns, Total: 93447 ns
[2020-02-26T09:13:42.164+0000][1][safepoint    ] Safepoint "RevokeBias", Time since last: 508327342 ns, Reaching safepoint: 76598 ns, At safepoint: 77939 ns, Total: 154537 ns
[2020-02-26T09:13:43.164+0000][1][safepoint    ] Safepoint "Cleanup", Time since last: 1000352241 ns, Reaching safepoint: 80155 ns, At safepoint: 8944 ns, Total: 89099 ns
[2020-02-26T09:13:44.165+0000][1][safepoint    ] Safepoint "Cleanup", Time since last: 1000202728 ns, Reaching safepoint: 124709 ns, At safepoint: 13832 ns, Total: 138541 ns
[2020-02-26T09:13:44.669+0000][1][safepoint    ] Safepoint "RevokeBias", Time since last: 504484450 ns, Reaching safepoint: 107556 ns, At safepoint: 21276 ns, Total: 128832 ns
[2020-02-26T09:13:45.672+0000][1][safepoint    ] Safepoint "Cleanup", Time since last: 1002212841 ns, Reaching safepoint: 104561 ns, At safepoint: 8909 ns, Total: 113470 ns
[2020-02-26T09:13:46.672+0000][1][safepoint    ] Safepoint "Cleanup", Time since last: 1000333361 ns, Reaching safepoint: 113979 ns, At safepoint: 9713 ns, Total: 123692 ns
[2020-02-26T09:13:47.173+0000][1][safepoint    ] Safepoint "RevokeBias", Time since last: 500332538 ns, Reaching safepoint: 115524 ns, At safepoint: 31245 ns, Total: 146769 ns
[2020-02-26T09:13:47.729+0000][1][gc,start     ] GC(48) Pause Young (Allocation Failure)
[2020-02-26T09:13:47.729+0000][1][gc,task      ] GC(48) Using 1 workers of 1 for evacuation
[2020-02-26T09:13:47.739+0000][1][gc,age       ] GC(48) Desired survivor size 4358144 bytes, new threshold 6 (max threshold 6)
[2020-02-26T09:13:47.739+0000][1][gc,age       ] GC(48) Age table with threshold 6 (max threshold 6)
[2020-02-26T09:13:47.739+0000][1][gc,age       ] GC(48) - age   1:      14728 bytes,      14728 total
[2020-02-26T09:13:47.739+0000][1][gc,age       ] GC(48) - age   2:       4320 bytes,      19048 total
[2020-02-26T09:13:47.739+0000][1][gc,age       ] GC(48) - age   3:       1360 bytes,      20408 total
[2020-02-26T09:13:47.739+0000][1][gc,age       ] GC(48) - age   4:       1408 bytes,      21816 total
[2020-02-26T09:13:47.739+0000][1][gc,age       ] GC(48) - age   5:        656 bytes,      22472 total
[2020-02-26T09:13:47.739+0000][1][gc,age       ] GC(48) - age   6:       2336 bytes,      24808 total
[2020-02-26T09:13:47.739+0000][1][gc,heap      ] GC(48) ParNew: 68184K->47K(76672K)
[2020-02-26T09:13:47.739+0000][1][gc,heap      ] GC(48) CMS: 62606K->62609K(963392K)
[2020-02-26T09:13:47.740+0000][1][gc,metaspace ] GC(48) Metaspace: 79404K->79404K(1122304K)
[2020-02-26T09:13:47.740+0000][1][gc           ] GC(48) Pause Young (Allocation Failure) 127M->61M(1015M) 10.543ms
[2020-02-26T09:13:47.740+0000][1][gc,cpu       ] GC(48) User=0.01s Sys=0.00s Real=0.01s
[2020-02-26T09:13:47.740+0000][1][safepoint    ] Safepoint "GenCollectForAllocation", Time since last: 556376969 ns, Reaching safepoint: 77439 ns, At safepoint: 10601228 ns, Total: 10678667 ns
[2020-02-26T09:13:48.740+0000][1][safepoint    ] Safepoint "Cleanup", Time since last: 1000777203 ns, Reaching safepoint: 117601 ns, At safepoint: 14606 ns, Total: 132207 ns
[2020-02-26T09:13:49.680+0000][1][safepoint    ] Safepoint "RevokeBias", Time since last: 939389140 ns, Reaching safepoint: 74182 ns, At safepoint: 18509 ns, Total: 92691 ns
[2020-02-26T09:13:50.691+0000][1][safepoint    ] Safepoint "Cleanup", Time since last: 1011299304 ns, Reaching safepoint: 121662 ns, At safepoint: 14486 ns, Total: 136148 ns
[2020-02-26T09:13:51.692+0000][1][safepoint    ] Safepoint "Cleanup", Time since last: 1000460460 ns, Reaching safepoint: 79222 ns, At safepoint: 9468 ns, Total: 88690 ns
[2020-02-26T09:13:52.182+0000][1][safepoint    ] Safepoint "RevokeBias", Time since last: 490334623 ns, Reaching safepoint: 77819 ns, At safepoint: 21120 ns, Total: 98939 ns
[2020-02-26T09:13:53.183+0000][1][safepoint    ] Safepoint "Cleanup", Time since last: 1000564898 ns, Reaching safepoint: 119198 ns, At safepoint: 12563 ns, Total: 131761 ns
[2020-02-26T09:13:54.330+0000][1][safepoint    ] Safepoint "Cleanup", Time since last: 1146908437 ns, Reaching safepoint: 76572 ns, At safepoint: 7566 ns, Total: 84138 ns
[2020-02-26T09:13:54.694+0000][1][safepoint    ] Safepoint "RevokeBias", Time since last: 363380634 ns, Reaching safepoint: 89119 ns, At safepoint: 42147 ns, Total: 131266 ns
[2020-02-26T09:13:55.695+0000][1][safepoint    ] Safepoint "Cleanup", Time since last: 1001330965 ns, Reaching safepoint: 98967 ns, At safepoint: 8251 ns, Total: 107218 ns
[2020-02-26T09:13:56.696+0000][1][safepoint    ] Safepoint "Cleanup", Time since last: 1001187522 ns, Reaching safepoint: 80189 ns, At safepoint: 8446 ns, Total: 88635 ns
[2020-02-26T09:13:57.199+0000][1][safepoint    ] Safepoint "RevokeBias", Time since last: 502106516 ns, Reaching safepoint: 82598 ns, At safepoint: 21183 ns, Total: 103781 ns
[2020-02-26T09:13:58.199+0000][1][safepoint    ] Safepoint "Cleanup", Time since last: 1000223364 ns, Reaching safepoint: 201733 ns, At safepoint: 33683 ns, Total: 235416 ns
[2020-02-26T09:13:59.200+0000][1][safepoint    ] Safepoint "Cleanup", Time since last: 1001040007 ns, Reaching safepoint: 79988 ns, At safepoint: 7757 ns, Total: 87745 ns
[2020-02-26T09:13:59.705+0000][1][safepoint    ] Safepoint "RevokeBias", Time since last: 504689337 ns, Reaching safepoint: 97619 ns, At safepoint: 19882 ns, Total: 117501 ns
[2020-02-26T09:14:00.705+0000][1][safepoint    ] Safepoint "Cleanup", Time since last: 1000120211 ns, Reaching safepoint: 186681 ns, At safepoint: 10295 ns, Total: 196976 ns
[2020-02-26T09:14:01.708+0000][1][safepoint    ] Safepoint "Cleanup", Time since last: 1002492528 ns, Reaching safepoint: 76645 ns, At safepoint: 8046 ns, Total: 84691 ns
[2020-02-26T09:14:02.209+0000][1][safepoint    ] Safepoint "RevokeBias", Time since last: 501122246 ns, Reaching safepoint: 77159 ns, At safepoint: 20723 ns, Total: 97882 ns
[2020-02-26T09:14:03.210+0000][1][safepoint    ] Safepoint "Cleanup", Time since last: 1000847458 ns, Reaching safepoint: 97113 ns, At safepoint: 10244 ns, Total: 107357 ns
[2020-02-26T09:14:04.210+0000][1][safepoint    ] Safepoint "Cleanup", Time since last: 1000334022 ns, Reaching safepoint: 99009 ns, At safepoint: 9291 ns, Total: 108300 ns
[2020-02-26T09:14:04.713+0000][1][safepoint    ] Safepoint "RevokeBias", Time since last: 502109790 ns, Reaching safepoint: 90389 ns, At safepoint: 39361 ns, Total: 129750 ns
[2020-02-26T09:14:05.713+0000][1][safepoint    ] Safepoint "Cleanup", Time since last: 1000385433 ns, Reaching safepoint: 82532 ns, At safepoint: 8117 ns, Total: 90649 ns
[2020-02-26T09:14:06.716+0000][1][safepoint    ] Safepoint "Cleanup", Time since last: 1002446071 ns, Reaching safepoint: 114680 ns, At safepoint: 12829 ns, Total: 127509 ns
[2020-02-26T09:14:07.221+0000][1][safepoint    ] Safepoint "RevokeBias", Time since last: 505008576 ns, Reaching safepoint: 108131 ns, At safepoint: 24264 ns, Total: 132395 ns
[2020-02-26T09:14:08.222+0000][1][safepoint    ] Safepoint "Cleanup", Time since last: 1000655894 ns, Reaching safepoint: 79989 ns, At safepoint: 9080 ns, Total: 89069 ns
[2020-02-26T09:14:09.368+0000][1][safepoint    ] Safepoint "Cleanup", Time since last: 1146007772 ns, Reaching safepoint: 119628 ns, At safepoint: 10205 ns, Total: 129833 ns
[2020-02-26T09:14:09.733+0000][1][safepoint    ] Safepoint "RevokeBias", Time since last: 365360908 ns, Reaching safepoint: 168369 ns, At safepoint: 22823 ns, Total: 191192 ns
[2020-02-26T09:14:10.734+0000][1][safepoint    ] Safepoint "Cleanup", Time since last: 1000795733 ns, Reaching safepoint: 79676 ns, At safepoint: 8325 ns, Total: 88001 ns
[2020-02-26T09:14:11.734+0000][1][safepoint    ] Safepoint "Cleanup", Time since last: 1000181000 ns, Reaching safepoint: 79794 ns, At safepoint: 8627 ns, Total: 88421 ns
[2020-02-26T09:14:12.245+0000][1][safepoint    ] Safepoint "RevokeBias", Time since last: 510594276 ns, Reaching safepoint: 78300 ns, At safepoint: 19629 ns, Total: 97929 ns
[2020-02-26T09:14:13.246+0000][1][safepoint    ] Safepoint "Cleanup", Time since last: 1000796245 ns, Reaching safepoint: 136902 ns, At safepoint: 10111 ns, Total: 147013 ns
[2020-02-26T09:14:14.247+0000][1][safepoint    ] Safepoint "Cleanup", Time since last: 1000383127 ns, Reaching safepoint: 110539 ns, At safepoint: 12688 ns, Total: 123227 ns
[2020-02-26T09:14:14.754+0000][1][safepoint    ] Safepoint "RevokeBias", Time since last: 507207387 ns, Reaching safepoint: 80322 ns, At safepoint: 19914 ns, Total: 100236 ns
[2020-02-26T09:14:15.755+0000][1][safepoint    ] Safepoint "Cleanup", Time since last: 1000656282 ns, Reaching safepoint: 139954 ns, At safepoint: 25052 ns, Total: 165006 ns
[2020-02-26T09:14:16.756+0000][1][safepoint    ] Safepoint "Cleanup", Time since last: 1000909328 ns, Reaching safepoint: 79858 ns, At safepoint: 9911 ns, Total: 89769 ns
[2020-02-26T09:14:17.279+0000][1][safepoint    ] Safepoint "RevokeBias", Time since last: 523213927 ns, Reaching safepoint: 76859 ns, At safepoint: 20950 ns, Total: 97809 ns
[2020-02-26T09:14:18.280+0000][1][safepoint    ] Safepoint "Cleanup", Time since last: 1001000079 ns, Reaching safepoint: 76868 ns, At safepoint: 9032 ns, Total: 85900 ns
[2020-02-26T09:14:19.281+0000][1][safepoint    ] Safepoint "Cleanup", Time since last: 1000469867 ns, Reaching safepoint: 95358 ns, At safepoint: 8909 ns, Total: 104267 ns
[2020-02-26T09:14:19.790+0000][1][safepoint    ] Safepoint "RevokeBias", Time since last: 509458723 ns, Reaching safepoint: 97580 ns, At safepoint: 47001 ns, Total: 144581 ns
[2020-02-26T09:14:20.791+0000][1][safepoint    ] Safepoint "Cleanup", Time since last: 1000411848 ns, Reaching safepoint: 79748 ns, At safepoint: 9302 ns, Total: 89050 ns
[2020-02-26T09:14:21.791+0000][1][safepoint    ] Safepoint "Cleanup", Time since last: 1000225225 ns, Reaching safepoint: 85848 ns, At safepoint: 10495 ns, Total: 96343 ns
[2020-02-26T09:14:22.296+0000][1][safepoint    ] Safepoint "RevokeBias", Time since last: 504927308 ns, Reaching safepoint: 81131 ns, At safepoint: 22088 ns, Total: 103219 ns
[2020-02-26T09:14:23.298+0000][1][safepoint    ] Safepoint "Cleanup", Time since last: 1001456682 ns, Reaching safepoint: 79350 ns, At safepoint: 9436 ns, Total: 88786 ns
[2020-02-26T09:14:24.298+0000][1][safepoint    ] Safepoint "Cleanup", Time since last: 1000600188 ns, Reaching safepoint: 90332 ns, At safepoint: 10329 ns, Total: 100661 ns
[2020-02-26T09:14:24.802+0000][1][safepoint    ] Safepoint "RevokeBias", Time since last: 503819677 ns, Reaching safepoint: 141599 ns, At safepoint: 62840 ns, Total: 204439 ns
[2020-02-26T09:14:25.803+0000][1][safepoint    ] Safepoint "Cleanup", Time since last: 1000672746 ns, Reaching safepoint: 79411 ns, At safepoint: 9087 ns, Total: 88498 ns
[2020-02-26T09:14:26.804+0000][1][safepoint    ] Safepoint "Cleanup", Time since last: 1000650976 ns, Reaching safepoint: 80368 ns, At safepoint: 9553 ns, Total: 89921 ns
[2020-02-26T09:14:27.307+0000][1][safepoint    ] Safepoint "RevokeBias", Time since last: 502776563 ns, Reaching safepoint: 76865 ns, At safepoint: 20635 ns, Total: 97500 ns
[2020-02-26T09:14:28.307+0000][1][safepoint    ] Safepoint "Cleanup", Time since last: 1000460543 ns, Reaching safepoint: 189568 ns, At safepoint: 29481 ns, Total: 219049 ns
[2020-02-26T09:14:29.308+0000][1][safepoint    ] Safepoint "Cleanup", Time since last: 1000509939 ns, Reaching safepoint: 98973 ns, At safepoint: 27256 ns, Total: 126229 ns
[2020-02-26T09:14:29.814+0000][1][safepoint    ] Safepoint "RevokeBias", Time since last: 505677590 ns, Reaching safepoint: 73829 ns, At safepoint: 19645 ns, Total: 93474 ns
[2020-02-26T09:14:30.814+0000][1][safepoint    ] Safepoint "Cleanup", Time since last: 1000340521 ns, Reaching safepoint: 106213 ns, At safepoint: 12058 ns, Total: 118271 ns
[2020-02-26T09:14:31.815+0000][1][safepoint    ] Safepoint "Cleanup", Time since last: 1000742173 ns, Reaching safepoint: 96787 ns, At safepoint: 10239 ns, Total: 107026 ns
[2020-02-26T09:14:32.317+0000][1][safepoint    ] Safepoint "RevokeBias", Time since last: 501918454 ns, Reaching safepoint: 186909 ns, At safepoint: 47817 ns, Total: 234726 ns
[2020-02-26T09:14:33.318+0000][1][safepoint    ] Safepoint "Cleanup", Time since last: 1000380147 ns, Reaching safepoint: 90537 ns, At safepoint: 10194 ns, Total: 100731 ns
[2020-02-26T09:14:34.329+0000][1][safepoint    ] Safepoint "Cleanup", Time since last: 1010753884 ns, Reaching safepoint: 79528 ns, At safepoint: 9324 ns, Total: 88852 ns
[2020-02-26T09:14:34.822+0000][1][safepoint    ] Safepoint "RevokeBias", Time since last: 492963902 ns, Reaching safepoint: 146258 ns, At safepoint: 23143 ns, Total: 169401 ns
[2020-02-26T09:14:36.177+0000][1][safepoint    ] Safepoint "Cleanup", Time since last: 1355197760 ns, Reaching safepoint: 94153 ns, At safepoint: 9385 ns, Total: 103538 ns
[2020-02-26T09:14:37.178+0000][1][safepoint    ] Safepoint "Cleanup", Time since last: 1000735802 ns, Reaching safepoint: 79891 ns, At safepoint: 8452 ns, Total: 88343 ns
[2020-02-26T09:14:37.328+0000][1][safepoint    ] Safepoint "RevokeBias", Time since last: 149397830 ns, Reaching safepoint: 121321 ns, At safepoint: 85154 ns, Total: 206475 ns
[2020-02-26T09:14:38.328+0000][1][safepoint    ] Safepoint "Cleanup", Time since last: 1000292939 ns, Reaching safepoint: 79820 ns, At safepoint: 9812 ns, Total: 89632 ns
[2020-02-26T09:14:39.331+0000][1][safepoint    ] Safepoint "Cleanup", Time since last: 1003401055 ns, Reaching safepoint: 144993 ns, At safepoint: 24280 ns, Total: 169273 ns
[2020-02-26T09:14:39.846+0000][1][safepoint    ] Safepoint "RevokeBias", Time since last: 514234708 ns, Reaching safepoint: 211021 ns, At safepoint: 37036 ns, Total: 248057 ns
[2020-02-26T09:14:40.847+0000][1][safepoint    ] Safepoint "Cleanup", Time since last: 1000547624 ns, Reaching safepoint: 83782 ns, At safepoint: 8951 ns, Total: 92733 ns
[2020-02-26T09:14:41.848+0000][1][safepoint    ] Safepoint "Cleanup", Time since last: 1001555433 ns, Reaching safepoint: 132388 ns, At safepoint: 17333 ns, Total: 149721 ns
[2020-02-26T09:14:42.359+0000][1][safepoint    ] Safepoint "RevokeBias", Time since last: 510853166 ns, Reaching safepoint: 85729 ns, At safepoint: 21592 ns, Total: 107321 ns
[2020-02-26T09:14:43.360+0000][1][safepoint    ] Safepoint "Cleanup", Time since last: 1000647131 ns, Reaching safepoint: 92437 ns, At safepoint: 9415 ns, Total: 101852 ns
[2020-02-26T09:14:44.360+0000][1][safepoint    ] Safepoint "Cleanup", Time since last: 1000236687 ns, Reaching safepoint: 129484 ns, At safepoint: 23504 ns, Total: 152988 ns
[2020-02-26T09:14:44.866+0000][1][safepoint    ] Safepoint "BulkRevokeBias", Time since last: 504852860 ns, Reaching safepoint: 72696 ns, At safepoint: 314013 ns, Total: 386709 ns
[2020-02-26T09:14:45.872+0000][1][safepoint    ] Safepoint "Cleanup", Time since last: 1005956266 ns, Reaching safepoint: 118392 ns, At safepoint: 26692 ns, Total: 145084 ns
[2020-02-26T09:14:46.872+0000][1][safepoint    ] Safepoint "Cleanup", Time since last: 1000429643 ns, Reaching safepoint: 93021 ns, At safepoint: 10351 ns, Total: 103372 ns
[2020-02-26T09:14:47.371+0000][1][safepoint    ] Safepoint "RevokeBias", Time since last: 498130463 ns, Reaching safepoint: 104357 ns, At safepoint: 49594 ns, Total: 153951 ns
[2020-02-26T09:14:48.376+0000][1][safepoint    ] Safepoint "Cleanup", Time since last: 1004774218 ns, Reaching safepoint: 557726 ns, At safepoint: 10275 ns, Total: 568001 ns
[2020-02-26T09:14:49.376+0000][1][safepoint    ] Safepoint "Cleanup", Time since last: 1000087936 ns, Reaching safepoint: 95787 ns, At safepoint: 8404 ns, Total: 104191 ns
[2020-02-26T09:14:49.877+0000][1][safepoint    ] Safepoint "RevokeBias", Time since last: 501153246 ns, Reaching safepoint: 80439 ns, At safepoint: 43408 ns, Total: 123847 ns
[2020-02-26T09:14:50.888+0000][1][safepoint    ] Safepoint "Cleanup", Time since last: 1010063556 ns, Reaching safepoint: 84259 ns, At safepoint: 9784 ns, Total: 94043 ns
[2020-02-26T09:14:51.904+0000][1][safepoint    ] Safepoint "Cleanup", Time since last: 1016578616 ns, Reaching safepoint: 117438 ns, At safepoint: 19329 ns, Total: 136767 ns
[2020-02-26T09:14:52.417+0000][1][safepoint    ] Safepoint "RevokeBias", Time since last: 512393828 ns, Reaching safepoint: 120698 ns, At safepoint: 29493 ns, Total: 150191 ns
[2020-02-26T09:14:53.417+0000][1][safepoint    ] Safepoint "Cleanup", Time since last: 1000385860 ns, Reaching safepoint: 100097 ns, At safepoint: 12042 ns, Total: 112139 ns
[2020-02-26T09:14:54.418+0000][1][safepoint    ] Safepoint "Cleanup", Time since last: 1000624099 ns, Reaching safepoint: 110396 ns, At safepoint: 10702 ns, Total: 121098 ns
[2020-02-26T09:14:54.938+0000][1][safepoint    ] Safepoint "RevokeBias", Time since last: 519949861 ns, Reaching safepoint: 123983 ns, At safepoint: 36189 ns, Total: 160172 ns
[2020-02-26T09:14:55.939+0000][1][safepoint    ] Safepoint "Cleanup", Time since last: 1000461033 ns, Reaching safepoint: 81109 ns, At safepoint: 9688 ns, Total: 90797 ns
[2020-02-26T09:14:56.940+0000][1][safepoint    ] Safepoint "Cleanup", Time since last: 1000711919 ns, Reaching safepoint: 95156 ns, At safepoint: 10269 ns, Total: 105425 ns
[2020-02-26T09:14:57.449+0000][1][safepoint    ] Safepoint "RevokeBias", Time since last: 508960137 ns, Reaching safepoint: 75103 ns, At safepoint: 19200 ns, Total: 94303 ns
[2020-02-26T09:14:58.449+0000][1][safepoint    ] Safepoint "Cleanup", Time since last: 1000819411 ns, Reaching safepoint: 88022 ns, At safepoint: 9933 ns, Total: 97955 ns
[2020-02-26T09:14:59.450+0000][1][safepoint    ] Safepoint "Cleanup", Time since last: 1000237571 ns, Reaching safepoint: 113111 ns, At safepoint: 26716 ns, Total: 139827 ns
[2020-02-26T09:14:59.957+0000][1][safepoint    ] Safepoint "RevokeBias", Time since last: 506819899 ns, Reaching safepoint: 74753 ns, At safepoint: 19608 ns, Total: 94361 ns
[2020-02-26T09:15:00.958+0000][1][safepoint    ] Safepoint "Cleanup", Time since last: 1000858388 ns, Reaching safepoint: 96319 ns, At safepoint: 9540 ns, Total: 105859 ns
[2020-02-26T09:15:01.958+0000][1][safepoint    ] Safepoint "Cleanup", Time since last: 1000257957 ns, Reaching safepoint: 128759 ns, At safepoint: 16445 ns, Total: 145204 ns
[2020-02-26T09:15:02.460+0000][1][safepoint    ] Safepoint "RevokeBias", Time since last: 502006553 ns, Reaching safepoint: 95467 ns, At safepoint: 26147 ns, Total: 121614 ns
[2020-02-26T09:15:03.490+0000][1][safepoint    ] Safepoint "Cleanup", Time since last: 1029785093 ns, Reaching safepoint: 110039 ns, At safepoint: 13695 ns, Total: 123734 ns
[2020-02-26T09:15:04.497+0000][1][safepoint    ] Safepoint "Cleanup", Time since last: 1005181285 ns, Reaching safepoint: 328026 ns, At safepoint: 1196194 ns, Total: 1524220 ns
[2020-02-26T09:15:04.971+0000][1][safepoint    ] Safepoint "RevokeBias", Time since last: 474094215 ns, Reaching safepoint: 105255 ns, At safepoint: 53317 ns, Total: 158572 ns
[2020-02-26T09:15:05.972+0000][1][safepoint    ] Safepoint "Cleanup", Time since last: 1000992216 ns, Reaching safepoint: 90939 ns, At safepoint: 14512 ns, Total: 105451 ns
[2020-02-26T09:15:06.973+0000][1][safepoint    ] Safepoint "Cleanup", Time since last: 1000424803 ns, Reaching safepoint: 91959 ns, At safepoint: 24480 ns, Total: 116439 ns
[2020-02-26T09:15:07.480+0000][1][safepoint    ] Safepoint "RevokeBias", Time since last: 507161966 ns, Reaching safepoint: 104192 ns, At safepoint: 34731 ns, Total: 138923 ns
[2020-02-26T09:15:08.486+0000][1][safepoint    ] Safepoint "Cleanup", Time since last: 1005514683 ns, Reaching safepoint: 112550 ns, At safepoint: 9041 ns, Total: 121591 ns
[2020-02-26T09:15:09.486+0000][1][safepoint    ] Safepoint "Cleanup", Time since last: 1000390345 ns, Reaching safepoint: 105302 ns, At safepoint: 15491 ns, Total: 120793 ns
[2020-02-26T09:15:09.987+0000][1][safepoint    ] Safepoint "RevokeBias", Time since last: 500908059 ns, Reaching safepoint: 173622 ns, At safepoint: 47749 ns, Total: 221371 ns
[2020-02-26T09:15:10.988+0000][1][safepoint    ] Safepoint "Cleanup", Time since last: 1000588943 ns, Reaching safepoint: 128376 ns, At safepoint: 11752 ns, Total: 140128 ns
[2020-02-26T09:15:11.989+0000][1][safepoint    ] Safepoint "Cleanup", Time since last: 1000508146 ns, Reaching safepoint: 89159 ns, At safepoint: 10611 ns, Total: 99770 ns
[2020-02-26T09:15:12.494+0000][1][safepoint    ] Safepoint "RevokeBias", Time since last: 505176425 ns, Reaching safepoint: 118986 ns, At safepoint: 31594 ns, Total: 150580 ns
[2020-02-26T09:15:13.494+0000][1][safepoint    ] Safepoint "Cleanup", Time since last: 1000322173 ns, Reaching safepoint: 146715 ns, At safepoint: 11122 ns, Total: 157837 ns
[2020-02-26T09:15:14.497+0000][1][safepoint    ] Safepoint "Cleanup", Time since last: 1002531254 ns, Reaching safepoint: 102139 ns, At safepoint: 12802 ns, Total: 114941 ns
[2020-02-26T09:15:15.021+0000][1][safepoint    ] Safepoint "RevokeBias", Time since last: 523415524 ns, Reaching safepoint: 159928 ns, At safepoint: 32416 ns, Total: 192344 ns
[2020-02-26T09:15:16.027+0000][1][safepoint    ] Safepoint "Cleanup", Time since last: 1006304547 ns, Reaching safepoint: 99762 ns, At safepoint: 11742 ns, Total: 111504 ns
[2020-02-26T09:15:17.028+0000][1][safepoint    ] Safepoint "Cleanup", Time since last: 1000549962 ns, Reaching safepoint: 129352 ns, At safepoint: 13979 ns, Total: 143331 ns
[2020-02-26T09:15:17.531+0000][1][safepoint    ] Safepoint "RevokeBias", Time since last: 503088795 ns, Reaching safepoint: 81630 ns, At safepoint: 21788 ns, Total: 103418 ns
[2020-02-26T09:15:18.540+0000][1][safepoint    ] Safepoint "Cleanup", Time since last: 1008516600 ns, Reaching safepoint: 112367 ns, At safepoint: 14066 ns, Total: 126433 ns
[2020-02-26T09:15:19.541+0000][1][safepoint    ] Safepoint "Cleanup", Time since last: 1000703083 ns, Reaching safepoint: 210833 ns, At safepoint: 18112 ns, Total: 228945 ns
[2020-02-26T09:15:20.056+0000][1][safepoint    ] Safepoint "RevokeBias", Time since last: 514824341 ns, Reaching safepoint: 88263 ns, At safepoint: 22763 ns, Total: 111026 ns
[2020-02-26T09:15:21.056+0000][1][safepoint    ] Safepoint "Cleanup", Time since last: 1000745976 ns, Reaching safepoint: 83479 ns, At safepoint: 10870 ns, Total: 94349 ns
[2020-02-26T09:15:22.057+0000][1][safepoint    ] Safepoint "Cleanup", Time since last: 1000798852 ns, Reaching safepoint: 167021 ns, At safepoint: 15047 ns, Total: 182068 ns
[2020-02-26T09:15:22.570+0000][1][safepoint    ] Safepoint "RevokeBias", Time since last: 512220616 ns, Reaching safepoint: 98010 ns, At safepoint: 21044 ns, Total: 119054 ns
[2020-02-26T09:15:23.570+0000][1][safepoint    ] Safepoint "Cleanup", Time since last: 1000416587 ns, Reaching safepoint: 84577 ns, At safepoint: 9734 ns, Total: 94311 ns
[2020-02-26T09:15:24.571+0000][1][safepoint    ] Safepoint "Cleanup", Time since last: 1000390209 ns, Reaching safepoint: 108177 ns, At safepoint: 10062 ns, Total: 118239 ns
[2020-02-26T09:15:25.080+0000][1][safepoint    ] Safepoint "RevokeBias", Time since last: 508831302 ns, Reaching safepoint: 79325 ns, At safepoint: 20557 ns, Total: 99882 ns
[2020-02-26T09:15:26.120+0000][1][safepoint    ] Safepoint "Cleanup", Time since last: 1021326336 ns, Reaching safepoint: 18951761 ns, At safepoint: 37356 ns, Total: 18989117 ns
[2020-02-26T09:15:27.121+0000][1][safepoint    ] Safepoint "Cleanup", Time since last: 1000792626 ns, Reaching safepoint: 79129 ns, At safepoint: 10002 ns, Total: 89131 ns
[2020-02-26T09:15:27.583+0000][1][safepoint    ] Safepoint "RevokeBias", Time since last: 462435283 ns, Reaching safepoint: 152591 ns, At safepoint: 31162 ns, Total: 183753 ns
[2020-02-26T09:15:28.584+0000][1][safepoint    ] Safepoint "Cleanup", Time since last: 1000531072 ns, Reaching safepoint: 78765 ns, At safepoint: 8163 ns, Total: 86928 ns
[2020-02-26T09:15:29.585+0000][1][safepoint    ] Safepoint "Cleanup", Time since last: 1000590002 ns, Reaching safepoint: 108636 ns, At safepoint: 12344 ns, Total: 120980 ns
[2020-02-26T09:15:30.092+0000][1][safepoint    ] Safepoint "RevokeBias", Time since last: 507505911 ns, Reaching safepoint: 77366 ns, At safepoint: 20723 ns, Total: 98089 ns
[2020-02-26T09:15:31.102+0000][1][safepoint    ] Safepoint "Cleanup", Time since last: 1009011699 ns, Reaching safepoint: 92605 ns, At safepoint: 7611 ns, Total: 100216 ns
[2020-02-26T09:15:32.102+0000][1][safepoint    ] Safepoint "Cleanup", Time since last: 1000708437 ns, Reaching safepoint: 114669 ns, At safepoint: 11344 ns, Total: 126013 ns
[2020-02-26T09:15:32.597+0000][1][safepoint    ] Safepoint "RevokeBias", Time since last: 494968607 ns, Reaching safepoint: 74128 ns, At safepoint: 79636 ns, Total: 153764 ns
[2020-02-26T09:15:33.598+0000][1][safepoint    ] Safepoint "Cleanup", Time since last: 1000658728 ns, Reaching safepoint: 80231 ns, At safepoint: 8888 ns, Total: 89119 ns
[2020-02-26T09:15:34.599+0000][1][safepoint    ] Safepoint "Cleanup", Time since last: 1000822953 ns, Reaching safepoint: 97473 ns, At safepoint: 8268 ns, Total: 105741 ns
[2020-02-26T09:15:35.105+0000][1][safepoint    ] Safepoint "RevokeBias", Time since last: 505183486 ns, Reaching safepoint: 113599 ns, At safepoint: 54656 ns, Total: 168255 ns
[2020-02-26T09:15:36.109+0000][1][safepoint    ] Safepoint "Cleanup", Time since last: 1004109298 ns, Reaching safepoint: 77908 ns, At safepoint: 8690 ns, Total: 86598 ns
[2020-02-26T09:15:37.109+0000][1][safepoint    ] Safepoint "Cleanup", Time since last: 1000163941 ns, Reaching safepoint: 81112 ns, At safepoint: 10925 ns, Total: 92037 ns
[2020-02-26T09:15:37.610+0000][1][safepoint    ] Safepoint "RevokeBias", Time since last: 500884892 ns, Reaching safepoint: 75563 ns, At safepoint: 85023 ns, Total: 160586 ns
[2020-02-26T09:15:38.610+0000][1][safepoint    ] Safepoint "Cleanup", Time since last: 1000258058 ns, Reaching safepoint: 112751 ns, At safepoint: 13174 ns, Total: 125925 ns
[2020-02-26T09:15:39.611+0000][1][safepoint    ] Safepoint "Cleanup", Time since last: 1000152391 ns, Reaching safepoint: 134896 ns, At safepoint: 28038 ns, Total: 162934 ns
[2020-02-26T09:15:40.116+0000][1][safepoint    ] Safepoint "RevokeBias", Time since last: 505057485 ns, Reaching safepoint: 97286 ns, At safepoint: 21221 ns, Total: 118507 ns
[2020-02-26T09:15:41.117+0000][1][safepoint    ] Safepoint "Cleanup", Time since last: 1000983698 ns, Reaching safepoint: 97022 ns, At safepoint: 14243 ns, Total: 111265 ns
[2020-02-26T09:15:42.118+0000][1][safepoint    ] Safepoint "Cleanup", Time since last: 1000677260 ns, Reaching safepoint: 78353 ns, At safepoint: 8779 ns, Total: 87132 ns
[2020-02-26T09:15:42.620+0000][1][safepoint    ] Safepoint "RevokeBias", Time since last: 502623355 ns, Reaching safepoint: 74879 ns, At safepoint: 19833 ns, Total: 94712 ns
[2020-02-26T09:15:43.621+0000][1][safepoint    ] Safepoint "Cleanup", Time since last: 1000810219 ns, Reaching safepoint: 79552 ns, At safepoint: 9134 ns, Total: 88686 ns
[2020-02-26T09:15:44.622+0000][1][safepoint    ] Safepoint "Cleanup", Time since last: 1000483850 ns, Reaching safepoint: 124512 ns, At safepoint: 14844 ns, Total: 139356 ns
[2020-02-26T09:15:45.127+0000][1][safepoint    ] Safepoint "RevokeBias", Time since last: 504895144 ns, Reaching safepoint: 77376 ns, At safepoint: 20391 ns, Total: 97767 ns
[2020-02-26T09:15:46.127+0000][1][safepoint    ] Safepoint "Cleanup", Time since last: 1000297851 ns, Reaching safepoint: 79448 ns, At safepoint: 10254 ns, Total: 89702 ns
[2020-02-26T09:15:47.133+0000][1][safepoint    ] Safepoint "Cleanup", Time since last: 1005135579 ns, Reaching safepoint: 65226 ns, At safepoint: 9277 ns, Total: 74503 ns
[2020-02-26T09:15:47.641+0000][1][safepoint    ] Safepoint "RevokeBias", Time since last: 507977352 ns, Reaching safepoint: 106955 ns, At safepoint: 20086 ns, Total: 127041 ns
[2020-02-26T09:15:49.363+0000][1][safepoint    ] Safepoint "Cleanup", Time since last: 1722521436 ns, Reaching safepoint: 101492 ns, At safepoint: 8853 ns, Total: 110345 ns
[2020-02-26T09:15:50.267+0000][1][safepoint    ] Safepoint "RevokeBias", Time since last: 903353589 ns, Reaching safepoint: 76823 ns, At safepoint: 36055 ns, Total: 112878 ns
[2020-02-26T09:15:51.267+0000][1][safepoint    ] Safepoint "Cleanup", Time since last: 1000251819 ns, Reaching safepoint: 85240 ns, At safepoint: 10451 ns, Total: 95691 ns
[2020-02-26T09:15:52.278+0000][1][safepoint    ] Safepoint "Cleanup", Time since last: 1010434397 ns, Reaching safepoint: 124393 ns, At safepoint: 12724 ns, Total: 137117 ns
[2020-02-26T09:15:52.777+0000][1][safepoint    ] Safepoint "RevokeBias", Time since last: 498835088 ns, Reaching safepoint: 75168 ns, At safepoint: 19805 ns, Total: 94973 ns
[2020-02-26T09:15:53.777+0000][1][safepoint    ] Safepoint "Cleanup", Time since last: 1000169331 ns, Reaching safepoint: 84972 ns, At safepoint: 10375 ns, Total: 95347 ns
[2020-02-26T09:15:54.778+0000][1][safepoint    ] Safepoint "Cleanup", Time since last: 1001017293 ns, Reaching safepoint: 109161 ns, At safepoint: 27278 ns, Total: 136439 ns
[2020-02-26T09:15:55.289+0000][1][safepoint    ] Safepoint "RevokeBias", Time since last: 511316469 ns, Reaching safepoint: 73078 ns, At safepoint: 20116 ns, Total: 93194 ns
[2020-02-26T09:15:56.290+0000][1][safepoint    ] Safepoint "Cleanup", Time since last: 1000871676 ns, Reaching safepoint: 95776 ns, At safepoint: 13328 ns, Total: 109104 ns
[2020-02-26T09:15:57.291+0000][1][safepoint    ] Safepoint "Cleanup", Time since last: 1000238423 ns, Reaching safepoint: 104204 ns, At safepoint: 13956 ns, Total: 118160 ns
[2020-02-26T09:15:57.803+0000][1][safepoint    ] Safepoint "BulkRevokeBias", Time since last: 511749000 ns, Reaching safepoint: 72859 ns, At safepoint: 184040 ns, Total: 256899 ns
[2020-02-26T09:15:58.804+0000][1][safepoint    ] Safepoint "Cleanup", Time since last: 1000819395 ns, Reaching safepoint: 92153 ns, At safepoint: 10140 ns, Total: 102293 ns
[2020-02-26T09:15:59.804+0000][1][safepoint    ] Safepoint "Cleanup", Time since last: 1000279456 ns, Reaching safepoint: 104090 ns, At safepoint: 10140 ns, Total: 114230 ns
[2020-02-26T09:16:00.315+0000][1][safepoint    ] Safepoint "RevokeBias", Time since last: 510943016 ns, Reaching safepoint: 78138 ns, At safepoint: 39038 ns, Total: 117176 ns
[2020-02-26T09:16:01.316+0000][1][safepoint    ] Safepoint "Cleanup", Time since last: 1000864896 ns, Reaching safepoint: 132990 ns, At safepoint: 14145 ns, Total: 147135 ns
[2020-02-26T09:16:02.335+0000][1][safepoint    ] Safepoint "Cleanup", Time since last: 1019040439 ns, Reaching safepoint: 86794 ns, At safepoint: 12207 ns, Total: 99001 ns
[2020-02-26T09:16:02.827+0000][1][safepoint    ] Safepoint "RevokeBias", Time since last: 491162412 ns, Reaching safepoint: 72931 ns, At safepoint: 19091 ns, Total: 92022 ns
[2020-02-26T09:16:03.827+0000][1][safepoint    ] Safepoint "Cleanup", Time since last: 1000643420 ns, Reaching safepoint: 83660 ns, At safepoint: 11570 ns, Total: 95230 ns
[2020-02-26T09:16:04.580+0000][1][gc,start     ] GC(49) Pause Young (Allocation Failure)
[2020-02-26T09:16:04.580+0000][1][gc,task      ] GC(49) Using 1 workers of 1 for evacuation
[2020-02-26T09:16:04.594+0000][1][gc,age       ] GC(49) Desired survivor size 4358144 bytes, new threshold 6 (max threshold 6)
[2020-02-26T09:16:04.594+0000][1][gc,age       ] GC(49) Age table with threshold 6 (max threshold 6)
[2020-02-26T09:16:04.594+0000][1][gc,age       ] GC(49) - age   1:      13240 bytes,      13240 total
[2020-02-26T09:16:04.594+0000][1][gc,age       ] GC(49) - age   2:       3072 bytes,      16312 total
[2020-02-26T09:16:04.594+0000][1][gc,age       ] GC(49) - age   3:       4200 bytes,      20512 total
[2020-02-26T09:16:04.594+0000][1][gc,age       ] GC(49) - age   4:       1360 bytes,      21872 total
[2020-02-26T09:16:04.594+0000][1][gc,age       ] GC(49) - age   5:       1408 bytes,      23280 total
[2020-02-26T09:16:04.594+0000][1][gc,age       ] GC(49) - age   6:        656 bytes,      23936 total
[2020-02-26T09:16:04.594+0000][1][gc,heap      ] GC(49) ParNew: 68207K->30K(76672K)
[2020-02-26T09:16:04.594+0000][1][gc,heap      ] GC(49) CMS: 62609K->62612K(963392K)
[2020-02-26T09:16:04.594+0000][1][gc,metaspace ] GC(49) Metaspace: 79432K->79432K(1122304K)
[2020-02-26T09:16:04.594+0000][1][gc           ] GC(49) Pause Young (Allocation Failure) 127M->61M(1015M) 14.466ms
[2020-02-26T09:16:04.594+0000][1][gc,cpu       ] GC(49) User=0.01s Sys=0.00s Real=0.01s
[2020-02-26T09:16:04.594+0000][1][safepoint    ] Safepoint "GenCollectForAllocation", Time since last: 752128845 ns, Reaching safepoint: 76891 ns, At safepoint: 14733952 ns, Total: 14810843 ns
[2020-02-26T09:16:05.342+0000][1][safepoint    ] Safepoint "RevokeBias", Time since last: 747744447 ns, Reaching safepoint: 129354 ns, At safepoint: 25314 ns, Total: 154668 ns
[2020-02-26T09:16:06.343+0000][1][safepoint    ] Safepoint "Cleanup", Time since last: 1000338898 ns, Reaching safepoint: 100880 ns, At safepoint: 11401 ns, Total: 112281 ns
[2020-02-26T09:16:07.343+0000][1][safepoint    ] Safepoint "Cleanup", Time since last: 1000170315 ns, Reaching safepoint: 93567 ns, At safepoint: 10030 ns, Total: 103597 ns
[2020-02-26T09:16:07.850+0000][1][safepoint    ] Safepoint "RevokeBias", Time since last: 506550094 ns, Reaching safepoint: 113865 ns, At safepoint: 62715 ns, Total: 176580 ns
[2020-02-26T09:16:08.855+0000][1][safepoint    ] Safepoint "Cleanup", Time since last: 1004836725 ns, Reaching safepoint: 119190 ns, At safepoint: 15915 ns, Total: 135105 ns
[2020-02-26T09:16:09.857+0000][1][safepoint    ] Safepoint "Cleanup", Time since last: 1001899647 ns, Reaching safepoint: 117881 ns, At safepoint: 13363 ns, Total: 131244 ns
[2020-02-26T09:16:10.358+0000][1][safepoint    ] Safepoint "RevokeBias", Time since last: 500907962 ns, Reaching safepoint: 100522 ns, At safepoint: 21971 ns, Total: 122493 ns
[2020-02-26T09:16:11.358+0000][1][safepoint    ] Safepoint "Cleanup", Time since last: 1000201556 ns, Reaching safepoint: 113580 ns, At safepoint: 14678 ns, Total: 128258 ns
[2020-02-26T09:16:12.359+0000][1][safepoint    ] Safepoint "Cleanup", Time since last: 1000440387 ns, Reaching safepoint: 107792 ns, At safepoint: 15898 ns, Total: 123690 ns
[2020-02-26T09:16:12.868+0000][1][safepoint    ] Safepoint "RevokeBias", Time since last: 508726854 ns, Reaching safepoint: 201131 ns, At safepoint: 30509 ns, Total: 231640 ns
[2020-02-26T09:16:13.929+0000][1][safepoint    ] Safepoint "Cleanup", Time since last: 1061128854 ns, Reaching safepoint: 110801 ns, At safepoint: 13921 ns, Total: 124722 ns
[2020-02-26T09:16:14.929+0000][1][safepoint    ] Safepoint "Cleanup", Time since last: 1000281664 ns, Reaching safepoint: 90014 ns, At safepoint: 10012 ns, Total: 100026 ns
[2020-02-26T09:16:15.384+0000][1][safepoint    ] Safepoint "RevokeBias", Time since last: 454857952 ns, Reaching safepoint: 92901 ns, At safepoint: 20711 ns, Total: 113612 ns
[2020-02-26T09:16:16.385+0000][1][safepoint    ] Safepoint "Cleanup", Time since last: 1000966374 ns, Reaching safepoint: 91825 ns, At safepoint: 9594 ns, Total: 101419 ns
[2020-02-26T09:16:17.386+0000][1][safepoint    ] Safepoint "Cleanup", Time since last: 1000876773 ns, Reaching safepoint: 122586 ns, At safepoint: 12955 ns, Total: 135541 ns
[2020-02-26T09:16:17.899+0000][1][safepoint    ] Safepoint "RevokeBias", Time since last: 512799392 ns, Reaching safepoint: 108669 ns, At safepoint: 31660 ns, Total: 140329 ns
[2020-02-26T09:16:18.906+0000][1][safepoint    ] Safepoint "Cleanup", Time since last: 1006272399 ns, Reaching safepoint: 106790 ns, At safepoint: 10732 ns, Total: 117522 ns
[2020-02-26T09:16:19.915+0000][1][safepoint    ] Safepoint "Cleanup", Time since last: 1009059881 ns, Reaching safepoint: 159501 ns, At safepoint: 20123 ns, Total: 179624 ns
[2020-02-26T09:16:20.416+0000][1][safepoint    ] Safepoint "RevokeBias", Time since last: 501190232 ns, Reaching safepoint: 82462 ns, At safepoint: 22485 ns, Total: 104947 ns
[2020-02-26T09:16:21.437+0000][1][safepoint    ] Safepoint "Cleanup", Time since last: 1021147127 ns, Reaching safepoint: 130327 ns, At safepoint: 18878 ns, Total: 149205 ns
[2020-02-26T09:16:22.438+0000][1][safepoint    ] Safepoint "Cleanup", Time since last: 1001014988 ns, Reaching safepoint: 80633 ns, At safepoint: 8365 ns, Total: 88998 ns
[2020-02-26T09:16:22.922+0000][1][safepoint    ] Safepoint "RevokeBias", Time since last: 483096148 ns, Reaching safepoint: 78706 ns, At safepoint: 20874 ns, Total: 99580 ns
[2020-02-26T09:16:23.935+0000][1][safepoint    ] Safepoint "Cleanup", Time since last: 1012749445 ns, Reaching safepoint: 100817 ns, At safepoint: 12364 ns, Total: 113181 ns
[2020-02-26T09:16:24.983+0000][1][safepoint    ] Safepoint "Cleanup", Time since last: 1048084652 ns, Reaching safepoint: 98552 ns, At safepoint: 12127 ns, Total: 110679 ns
[2020-02-26T09:16:25.703+0000][1][safepoint    ] Safepoint "RevokeBias", Time since last: 719688391 ns, Reaching safepoint: 176750 ns, At safepoint: 35322 ns, Total: 212072 ns
[2020-02-26T09:16:26.736+0000][1][safepoint    ] Safepoint "Cleanup", Time since last: 1033366752 ns, Reaching safepoint: 111094 ns, At safepoint: 10949 ns, Total: 122043 ns
[2020-02-26T09:16:27.736+0000][1][safepoint    ] Safepoint "Cleanup", Time since last: 1000247386 ns, Reaching safepoint: 111650 ns, At safepoint: 11725 ns, Total: 123375 ns
[2020-02-26T09:16:28.213+0000][1][safepoint    ] Safepoint "RevokeBias", Time since last: 476401918 ns, Reaching safepoint: 76572 ns, At safepoint: 19812 ns, Total: 96384 ns
[2020-02-26T09:16:29.213+0000][1][safepoint    ] Safepoint "Cleanup", Time since last: 1000254799 ns, Reaching safepoint: 115071 ns, At safepoint: 10014 ns, Total: 125085 ns
[2020-02-26T09:16:30.214+0000][1][safepoint    ] Safepoint "Cleanup", Time since last: 1000189933 ns, Reaching safepoint: 135351 ns, At safepoint: 19478 ns, Total: 154829 ns
[2020-02-26T09:16:30.720+0000][1][safepoint    ] Safepoint "RevokeBias", Time since last: 506475397 ns, Reaching safepoint: 120435 ns, At safepoint: 60329 ns, Total: 180764 ns
[2020-02-26T09:16:31.726+0000][1][safepoint    ] Safepoint "Cleanup", Time since last: 1005179247 ns, Reaching safepoint: 102431 ns, At safepoint: 13827 ns, Total: 116258 ns
[2020-02-26T09:16:32.728+0000][1][safepoint    ] Safepoint "Cleanup", Time since last: 1002129503 ns, Reaching safepoint: 114213 ns, At safepoint: 15577 ns, Total: 129790 ns
[2020-02-26T09:16:33.249+0000][1][safepoint    ] Safepoint "RevokeBias", Time since last: 521348964 ns, Reaching safepoint: 166971 ns, At safepoint: 30980 ns, Total: 197951 ns
[2020-02-26T09:16:34.253+0000][1][safepoint    ] Safepoint "Cleanup", Time since last: 1003207018 ns, Reaching safepoint: 128705 ns, At safepoint: 17203 ns, Total: 145908 ns
[2020-02-26T09:16:35.319+0000][1][safepoint    ] Safepoint "Cleanup", Time since last: 1065841324 ns, Reaching safepoint: 113170 ns, At safepoint: 102310 ns, Total: 215480 ns
[2020-02-26T09:16:35.763+0000][1][safepoint    ] Safepoint "RevokeBias", Time since last: 443740179 ns, Reaching safepoint: 104840 ns, At safepoint: 29338 ns, Total: 134178 ns
[2020-02-26T09:16:36.989+0000][1][safepoint    ] Safepoint "Cleanup", Time since last: 1225812299 ns, Reaching safepoint: 87129 ns, At safepoint: 9299 ns, Total: 96428 ns
[2020-02-26T09:16:37.994+0000][1][safepoint    ] Safepoint "Cleanup", Time since last: 1005316000 ns, Reaching safepoint: 72105 ns, At safepoint: 10356 ns, Total: 82461 ns
[2020-02-26T09:16:38.534+0000][1][safepoint    ] Safepoint "RevokeBias", Time since last: 539366135 ns, Reaching safepoint: 102601 ns, At safepoint: 28035 ns, Total: 130636 ns
[2020-02-26T09:16:39.545+0000][1][safepoint    ] Safepoint "Cleanup", Time since last: 1010898184 ns, Reaching safepoint: 330282 ns, At safepoint: 16800 ns, Total: 347082 ns
[2020-02-26T09:16:40.558+0000][1][safepoint    ] Safepoint "Cleanup", Time since last: 1013492892 ns, Reaching safepoint: 116374 ns, At safepoint: 12114 ns, Total: 128488 ns
[2020-02-26T09:16:41.045+0000][1][safepoint    ] Safepoint "RevokeBias", Time since last: 486315543 ns, Reaching safepoint: 109165 ns, At safepoint: 32964 ns, Total: 142129 ns
[2020-02-26T09:16:42.046+0000][1][safepoint    ] Safepoint "Cleanup", Time since last: 1001194781 ns, Reaching safepoint: 126212 ns, At safepoint: 13024 ns, Total: 139236 ns
[2020-02-26T09:16:43.066+0000][1][safepoint    ] Safepoint "Cleanup", Time since last: 1019444835 ns, Reaching safepoint: 108142 ns, At safepoint: 12376 ns, Total: 120518 ns
[2020-02-26T09:16:43.553+0000][1][safepoint    ] Safepoint "RevokeBias", Time since last: 487232389 ns, Reaching safepoint: 104798 ns, At safepoint: 29388 ns, Total: 134186 ns
[2020-02-26T09:16:44.559+0000][1][safepoint    ] Safepoint "Cleanup", Time since last: 1006016495 ns, Reaching safepoint: 110167 ns, At safepoint: 13151 ns, Total: 123318 ns
[2020-02-26T09:16:45.560+0000][1][safepoint    ] Safepoint "Cleanup", Time since last: 1000328373 ns, Reaching safepoint: 125689 ns, At safepoint: 15044 ns, Total: 140733 ns
[2020-02-26T09:16:46.063+0000][1][safepoint    ] Safepoint "RevokeBias", Time since last: 502947535 ns, Reaching safepoint: 75898 ns, At safepoint: 19719 ns, Total: 95617 ns
[2020-02-26T09:16:47.069+0000][1][safepoint    ] Safepoint "Cleanup", Time since last: 1005601648 ns, Reaching safepoint: 200006 ns, At safepoint: 21152 ns, Total: 221158 ns
[2020-02-26T09:16:48.091+0000][1][safepoint    ] Safepoint "Cleanup", Time since last: 1022124948 ns, Reaching safepoint: 119742 ns, At safepoint: 12649 ns, Total: 132391 ns
[2020-02-26T09:16:48.569+0000][1][safepoint    ] Safepoint "RevokeBias", Time since last: 477916262 ns, Reaching safepoint: 87330 ns, At safepoint: 22875 ns, Total: 110205 ns
[2020-02-26T09:16:49.570+0000][1][safepoint    ] Safepoint "Cleanup", Time since last: 1000862938 ns, Reaching safepoint: 259754 ns, At safepoint: 31826 ns, Total: 291580 ns
[2020-02-26T09:16:50.592+0000][1][safepoint    ] Safepoint "Cleanup", Time since last: 1021714345 ns, Reaching safepoint: 133576 ns, At safepoint: 17947 ns, Total: 151523 ns
[2020-02-26T09:16:51.081+0000][1][safepoint    ] Safepoint "RevokeBias", Time since last: 488910536 ns, Reaching safepoint: 90277 ns, At safepoint: 26462 ns, Total: 116739 ns
[2020-02-26T09:16:52.086+0000][1][safepoint    ] Safepoint "Cleanup", Time since last: 1004632397 ns, Reaching safepoint: 109000 ns, At safepoint: 19235 ns, Total: 128235 ns
[2020-02-26T09:16:53.086+0000][1][safepoint    ] Safepoint "Cleanup", Time since last: 1000362635 ns, Reaching safepoint: 102463 ns, At safepoint: 24975 ns, Total: 127438 ns
[2020-02-26T09:16:53.588+0000][1][safepoint    ] Safepoint "RevokeBias", Time since last: 501442426 ns, Reaching safepoint: 93469 ns, At safepoint: 24906 ns, Total: 118375 ns
[2020-02-26T09:16:54.588+0000][1][safepoint    ] Safepoint "Cleanup", Time since last: 1000406656 ns, Reaching safepoint: 124903 ns, At safepoint: 14633 ns, Total: 139536 ns
[2020-02-26T09:16:55.605+0000][1][safepoint    ] Safepoint "Cleanup", Time since last: 1016228851 ns, Reaching safepoint: 594654 ns, At safepoint: 31148 ns, Total: 625802 ns
[2020-02-26T09:16:56.099+0000][1][safepoint    ] Safepoint "RevokeBias", Time since last: 493463158 ns, Reaching safepoint: 87664 ns, At safepoint: 20558 ns, Total: 108222 ns
[2020-02-26T09:16:57.099+0000][1][safepoint    ] Safepoint "Cleanup", Time since last: 1000390345 ns, Reaching safepoint: 105747 ns, At safepoint: 13659 ns, Total: 119406 ns
[2020-02-26T09:16:58.101+0000][1][safepoint    ] Safepoint "Cleanup", Time since last: 1000655972 ns, Reaching safepoint: 646643 ns, At safepoint: 14414 ns, Total: 661057 ns
[2020-02-26T09:16:58.610+0000][1][safepoint    ] Safepoint "RevokeBias", Time since last: 508942138 ns, Reaching safepoint: 144510 ns, At safepoint: 29423 ns, Total: 173933 ns
[2020-02-26T09:16:59.610+0000][1][safepoint    ] Safepoint "Cleanup", Time since last: 1000237445 ns, Reaching safepoint: 120777 ns, At safepoint: 10493 ns, Total: 131270 ns
[2020-02-26T09:17:00.610+0000][1][safepoint    ] Safepoint "Cleanup", Time since last: 1000114892 ns, Reaching safepoint: 127858 ns, At safepoint: 10250 ns, Total: 138108 ns
[2020-02-26T09:17:01.206+0000][1][safepoint    ] Safepoint "RevokeBias", Time since last: 595374355 ns, Reaching safepoint: 89514 ns, At safepoint: 44696 ns, Total: 134210 ns
[2020-02-26T09:17:02.210+0000][1][safepoint    ] Safepoint "Cleanup", Time since last: 1004284181 ns, Reaching safepoint: 135007 ns, At safepoint: 15290 ns, Total: 150297 ns
[2020-02-26T09:17:03.215+0000][1][safepoint    ] Safepoint "Cleanup", Time since last: 1004384734 ns, Reaching safepoint: 115495 ns, At safepoint: 13086 ns, Total: 128581 ns
[2020-02-26T09:17:03.771+0000][1][safepoint    ] Safepoint "RevokeBias", Time since last: 556608986 ns, Reaching safepoint: 98776 ns, At safepoint: 27103 ns, Total: 125879 ns
[2020-02-26T09:17:04.772+0000][1][safepoint    ] Safepoint "Cleanup", Time since last: 1000839406 ns, Reaching safepoint: 96362 ns, At safepoint: 8818 ns, Total: 105180 ns
[2020-02-26T09:17:05.773+0000][1][safepoint    ] Safepoint "Cleanup", Time since last: 1000229720 ns, Reaching safepoint: 80443 ns, At safepoint: 8865 ns, Total: 89308 ns
[2020-02-26T09:17:06.319+0000][1][safepoint    ] Safepoint "RevokeBias", Time since last: 546199570 ns, Reaching safepoint: 93258 ns, At safepoint: 22888 ns, Total: 116146 ns
[2020-02-26T09:17:07.320+0000][1][safepoint    ] Safepoint "Cleanup", Time since last: 1000605965 ns, Reaching safepoint: 113801 ns, At safepoint: 12025 ns, Total: 125826 ns
[2020-02-26T09:17:08.322+0000][1][safepoint    ] Safepoint "Cleanup", Time since last: 1002077386 ns, Reaching safepoint: 100937 ns, At safepoint: 10865 ns, Total: 111802 ns
[2020-02-26T09:17:08.835+0000][1][safepoint    ] Safepoint "RevokeBias", Time since last: 512642373 ns, Reaching safepoint: 72067 ns, At safepoint: 19899 ns, Total: 91966 ns
[2020-02-26T09:17:09.836+0000][1][safepoint    ] Safepoint "Cleanup", Time since last: 1000695427 ns, Reaching safepoint: 94231 ns, At safepoint: 11606 ns, Total: 105837 ns
[2020-02-26T09:17:10.836+0000][1][safepoint    ] Safepoint "Cleanup", Time since last: 1000631183 ns, Reaching safepoint: 119832 ns, At safepoint: 13233 ns, Total: 133065 ns
[2020-02-26T09:17:11.344+0000][1][safepoint    ] Safepoint "BulkRevokeBias", Time since last: 506909365 ns, Reaching safepoint: 73301 ns, At safepoint: 316959 ns, Total: 390260 ns
[2020-02-26T09:17:12.344+0000][1][safepoint    ] Safepoint "Cleanup", Time since last: 1000635589 ns, Reaching safepoint: 80653 ns, At safepoint: 10408 ns, Total: 91061 ns
[2020-02-26T09:17:13.345+0000][1][safepoint    ] Safepoint "Cleanup", Time since last: 1001000297 ns, Reaching safepoint: 82570 ns, At safepoint: 10723 ns, Total: 93293 ns
[2020-02-26T09:17:13.846+0000][1][safepoint    ] Safepoint "RevokeBias", Time since last: 500474651 ns, Reaching safepoint: 79365 ns, At safepoint: 20969 ns, Total: 100334 ns
[2020-02-26T09:17:14.853+0000][1][safepoint    ] Safepoint "Cleanup", Time since last: 1007103619 ns, Reaching safepoint: 128659 ns, At safepoint: 10519 ns, Total: 139178 ns
[2020-02-26T09:17:15.854+0000][1][safepoint    ] Safepoint "Cleanup", Time since last: 1000367541 ns, Reaching safepoint: 91046 ns, At safepoint: 10093 ns, Total: 101139 ns
[2020-02-26T09:17:16.352+0000][1][safepoint    ] Safepoint "RevokeBias", Time since last: 498454497 ns, Reaching safepoint: 75179 ns, At safepoint: 19156 ns, Total: 94335 ns
[2020-02-26T09:17:17.353+0000][1][safepoint    ] Safepoint "Cleanup", Time since last: 1000507708 ns, Reaching safepoint: 112655 ns, At safepoint: 16980 ns, Total: 129635 ns
[2020-02-26T09:17:18.358+0000][1][safepoint    ] Safepoint "Cleanup", Time since last: 1004664066 ns, Reaching safepoint: 209186 ns, At safepoint: 10715 ns, Total: 219901 ns
[2020-02-26T09:17:18.857+0000][1][safepoint    ] Safepoint "RevokeBias", Time since last: 499553292 ns, Reaching safepoint: 62323 ns, At safepoint: 19860 ns, Total: 82183 ns
[2020-02-26T09:17:19.861+0000][1][safepoint    ] Safepoint "Cleanup", Time since last: 1003189267 ns, Reaching safepoint: 104555 ns, At safepoint: 13005 ns, Total: 117560 ns
[2020-02-26T09:17:20.862+0000][1][safepoint    ] Safepoint "Cleanup", Time since last: 1000608229 ns, Reaching safepoint: 687818 ns, At safepoint: 19236 ns, Total: 707054 ns
[2020-02-26T09:17:21.365+0000][1][safepoint    ] Safepoint "RevokeBias", Time since last: 502500055 ns, Reaching safepoint: 101596 ns, At safepoint: 28520 ns, Total: 130116 ns
[2020-02-26T09:17:22.369+0000][1][safepoint    ] Safepoint "Cleanup", Time since last: 1003470744 ns, Reaching safepoint: 402903 ns, At safepoint: 10017 ns, Total: 412920 ns
[2020-02-26T09:17:23.369+0000][1][safepoint    ] Safepoint "Cleanup", Time since last: 1000467751 ns, Reaching safepoint: 79835 ns, At safepoint: 9116 ns, Total: 88951 ns
[2020-02-26T09:17:23.872+0000][1][safepoint    ] Safepoint "RevokeBias", Time since last: 502376290 ns, Reaching safepoint: 81084 ns, At safepoint: 21111 ns, Total: 102195 ns
[2020-02-26T09:17:24.872+0000][1][safepoint    ] Safepoint "Cleanup", Time since last: 1000465646 ns, Reaching safepoint: 91531 ns, At safepoint: 10667 ns, Total: 102198 ns
[2020-02-26T09:17:25.873+0000][1][safepoint    ] Safepoint "Cleanup", Time since last: 1000858328 ns, Reaching safepoint: 111089 ns, At safepoint: 26274 ns, Total: 137363 ns
[2020-02-26T09:17:26.398+0000][1][safepoint    ] Safepoint "RevokeBias", Time since last: 524174152 ns, Reaching safepoint: 122007 ns, At safepoint: 90081 ns, Total: 212088 ns
[2020-02-26T09:17:27.398+0000][1][safepoint    ] Safepoint "Cleanup", Time since last: 1000435541 ns, Reaching safepoint: 114395 ns, At safepoint: 17142 ns, Total: 131537 ns
[2020-02-26T09:17:28.398+0000][1][safepoint    ] Safepoint "Cleanup", Time since last: 1000268706 ns, Reaching safepoint: 79999 ns, At safepoint: 9440 ns, Total: 89439 ns
[2020-02-26T09:17:28.910+0000][1][safepoint    ] Safepoint "RevokeBias", Time since last: 511721768 ns, Reaching safepoint: 72940 ns, At safepoint: 19182 ns, Total: 92122 ns
[2020-02-26T09:17:29.911+0000][1][safepoint    ] Safepoint "Cleanup", Time since last: 1000964954 ns, Reaching safepoint: 100746 ns, At safepoint: 9203 ns, Total: 109949 ns
[2020-02-26T09:17:30.912+0000][1][safepoint    ] Safepoint "Cleanup", Time since last: 1000193765 ns, Reaching safepoint: 132455 ns, At safepoint: 9506 ns, Total: 141961 ns
[2020-02-26T09:17:31.437+0000][1][safepoint    ] Safepoint "RevokeBias", Time since last: 525561124 ns, Reaching safepoint: 88053 ns, At safepoint: 49932 ns, Total: 137985 ns
[2020-02-26T09:17:32.438+0000][1][safepoint    ] Safepoint "Cleanup", Time since last: 1000384172 ns, Reaching safepoint: 79925 ns, At safepoint: 8720 ns, Total: 88645 ns
[2020-02-26T09:17:33.438+0000][1][safepoint    ] Safepoint "Cleanup", Time since last: 1000291180 ns, Reaching safepoint: 78742 ns, At safepoint: 9095 ns, Total: 87837 ns
[2020-02-26T09:17:33.945+0000][1][safepoint    ] Safepoint "RevokeBias", Time since last: 506932303 ns, Reaching safepoint: 77383 ns, At safepoint: 20694 ns, Total: 98077 ns
[2020-02-26T09:17:34.946+0000][1][safepoint    ] Safepoint "Cleanup", Time since last: 1000732444 ns, Reaching safepoint: 79345 ns, At safepoint: 8826 ns, Total: 88171 ns
[2020-02-26T09:17:35.955+0000][1][safepoint    ] Safepoint "Cleanup", Time since last: 1008369160 ns, Reaching safepoint: 440377 ns, At safepoint: 21196 ns, Total: 461573 ns
[2020-02-26T09:17:36.452+0000][1][safepoint    ] Safepoint "RevokeBias", Time since last: 496381554 ns, Reaching safepoint: 201045 ns, At safepoint: 46042 ns, Total: 247087 ns
[2020-02-26T09:17:37.456+0000][1][safepoint    ] Safepoint "Cleanup", Time since last: 1004618668 ns, Reaching safepoint: 162297 ns, At safepoint: 16513 ns, Total: 178810 ns
[2020-02-26T09:17:38.474+0000][1][safepoint    ] Safepoint "Cleanup", Time since last: 1017577688 ns, Reaching safepoint: 210079 ns, At safepoint: 17867 ns, Total: 227946 ns
[2020-02-26T09:17:39.156+0000][1][safepoint    ] Safepoint "RevokeBias", Time since last: 682176698 ns, Reaching safepoint: 107735 ns, At safepoint: 30983 ns, Total: 138718 ns
[2020-02-26T09:17:40.157+0000][1][safepoint    ] Safepoint "Cleanup", Time since last: 1000635741 ns, Reaching safepoint: 102654 ns, At safepoint: 12883 ns, Total: 115537 ns
[2020-02-26T09:17:41.158+0000][1][safepoint    ] Safepoint "Cleanup", Time since last: 1000388951 ns, Reaching safepoint: 106927 ns, At safepoint: 14436 ns, Total: 121363 ns
[2020-02-26T09:17:41.664+0000][1][safepoint    ] Safepoint "RevokeBias", Time since last: 505665588 ns, Reaching safepoint: 110583 ns, At safepoint: 31086 ns, Total: 141669 ns
[2020-02-26T09:17:42.666+0000][1][safepoint    ] Safepoint "Cleanup", Time since last: 1001904203 ns, Reaching safepoint: 160412 ns, At safepoint: 7914 ns, Total: 168326 ns
[2020-02-26T09:17:43.666+0000][1][safepoint    ] Safepoint "Cleanup", Time since last: 1000293890 ns, Reaching safepoint: 76324 ns, At safepoint: 7931 ns, Total: 84255 ns
[2020-02-26T09:17:44.167+0000][1][safepoint    ] Safepoint "RevokeBias", Time since last: 500764803 ns, Reaching safepoint: 148940 ns, At safepoint: 21054 ns, Total: 169994 ns
[2020-02-26T09:17:45.167+0000][1][safepoint    ] Safepoint "Cleanup", Time since last: 1000493262 ns, Reaching safepoint: 80835 ns, At safepoint: 10521 ns, Total: 91356 ns
[2020-02-26T09:17:46.673+0000][1][safepoint    ] Safepoint "RevokeBias", Time since last: 1505687019 ns, Reaching safepoint: 78717 ns, At safepoint: 20670 ns, Total: 99387 ns
[2020-02-26T09:17:47.681+0000][1][safepoint    ] Safepoint "Cleanup", Time since last: 1007250442 ns, Reaching safepoint: 99542 ns, At safepoint: 9426 ns, Total: 108968 ns
[2020-02-26T09:17:48.682+0000][1][safepoint    ] Safepoint "Cleanup", Time since last: 1000817473 ns, Reaching safepoint: 78957 ns, At safepoint: 9396 ns, Total: 88353 ns
[2020-02-26T09:17:49.178+0000][1][safepoint    ] Safepoint "RevokeBias", Time since last: 496049144 ns, Reaching safepoint: 101511 ns, At safepoint: 23851 ns, Total: 125362 ns
[2020-02-26T09:17:50.179+0000][1][safepoint    ] Safepoint "Cleanup", Time since last: 1000755192 ns, Reaching safepoint: 121552 ns, At safepoint: 13088 ns, Total: 134640 ns
[2020-02-26T09:17:51.179+0000][1][safepoint    ] Safepoint "Cleanup", Time since last: 1000355186 ns, Reaching safepoint: 87007 ns, At safepoint: 10811 ns, Total: 97818 ns
[2020-02-26T09:17:51.682+0000][1][safepoint    ] Safepoint "RevokeBias", Time since last: 502983871 ns, Reaching safepoint: 76795 ns, At safepoint: 18794 ns, Total: 95589 ns
[2020-02-26T09:17:52.683+0000][1][safepoint    ] Safepoint "Cleanup", Time since last: 1000537624 ns, Reaching safepoint: 122548 ns, At safepoint: 9464 ns, Total: 132012 ns
[2020-02-26T09:17:53.687+0000][1][safepoint    ] Safepoint "Cleanup", Time since last: 1004522587 ns, Reaching safepoint: 58378 ns, At safepoint: 7548 ns, Total: 65926 ns
[2020-02-26T09:17:54.184+0000][1][safepoint    ] Safepoint "RevokeBias", Time since last: 496848148 ns, Reaching safepoint: 81933 ns, At safepoint: 20616 ns, Total: 102549 ns
[2020-02-26T09:17:55.185+0000][1][safepoint    ] Safepoint "Cleanup", Time since last: 1000452852 ns, Reaching safepoint: 93960 ns, At safepoint: 12200 ns, Total: 106160 ns
[2020-02-26T09:17:56.185+0000][1][safepoint    ] Safepoint "Cleanup", Time since last: 1000187842 ns, Reaching safepoint: 86772 ns, At safepoint: 10714 ns, Total: 97486 ns
[2020-02-26T09:17:56.689+0000][1][safepoint    ] Safepoint "RevokeBias", Time since last: 503734268 ns, Reaching safepoint: 75041 ns, At safepoint: 20517 ns, Total: 95558 ns
[2020-02-26T09:17:57.689+0000][1][safepoint    ] Safepoint "Cleanup", Time since last: 1000267657 ns, Reaching safepoint: 105390 ns, At safepoint: 13208 ns, Total: 118598 ns
[2020-02-26T09:17:58.695+0000][1][safepoint    ] Safepoint "Cleanup", Time since last: 1005371184 ns, Reaching safepoint: 109375 ns, At safepoint: 10540 ns, Total: 119915 ns
[2020-02-26T09:17:59.209+0000][1][safepoint    ] Safepoint "RevokeBias", Time since last: 514396776 ns, Reaching safepoint: 55338 ns, At safepoint: 18489 ns, Total: 73827 ns
[2020-02-26T09:18:00.210+0000][1][safepoint    ] Safepoint "Cleanup", Time since last: 1000841357 ns, Reaching safepoint: 114843 ns, At safepoint: 12752 ns, Total: 127595 ns
[2020-02-26T09:18:01.211+0000][1][safepoint    ] Safepoint "Cleanup", Time since last: 1000523881 ns, Reaching safepoint: 151480 ns, At safepoint: 16736 ns, Total: 168216 ns
[2020-02-26T09:18:01.727+0000][1][safepoint    ] Safepoint "RevokeBias", Time since last: 515550817 ns, Reaching safepoint: 83592 ns, At safepoint: 39756 ns, Total: 123348 ns
[2020-02-26T09:18:02.727+0000][1][safepoint    ] Safepoint "Cleanup", Time since last: 1000275541 ns, Reaching safepoint: 120020 ns, At safepoint: 16318 ns, Total: 136338 ns
[2020-02-26T09:18:03.734+0000][1][safepoint    ] Safepoint "Cleanup", Time since last: 1006449863 ns, Reaching safepoint: 113334 ns, At safepoint: 14572 ns, Total: 127906 ns
[2020-02-26T09:18:04.240+0000][1][safepoint    ] Safepoint "RevokeBias", Time since last: 506003866 ns, Reaching safepoint: 55197 ns, At safepoint: 18313 ns, Total: 73510 ns
[2020-02-26T09:18:05.241+0000][1][safepoint    ] Safepoint "Cleanup", Time since last: 1000828725 ns, Reaching safepoint: 80055 ns, At safepoint: 10331 ns, Total: 90386 ns
[2020-02-26T09:18:06.752+0000][1][safepoint    ] Safepoint "RevokeBias", Time since last: 1510741507 ns, Reaching safepoint: 79031 ns, At safepoint: 19760 ns, Total: 98791 ns
[2020-02-26T09:18:07.752+0000][1][safepoint    ] Safepoint "Cleanup", Time since last: 1000274820 ns, Reaching safepoint: 82442 ns, At safepoint: 10802 ns, Total: 93244 ns
[2020-02-26T09:18:08.753+0000][1][safepoint    ] Safepoint "Cleanup", Time since last: 1000709666 ns, Reaching safepoint: 92146 ns, At safepoint: 9636 ns, Total: 101782 ns
[2020-02-26T09:18:09.273+0000][1][safepoint    ] Safepoint "RevokeBias", Time since last: 519898938 ns, Reaching safepoint: 76252 ns, At safepoint: 20111 ns, Total: 96363 ns
[2020-02-26T09:18:10.273+0000][1][safepoint    ] Safepoint "Cleanup", Time since last: 1000588003 ns, Reaching safepoint: 122291 ns, At safepoint: 13859 ns, Total: 136150 ns
[2020-02-26T09:18:11.274+0000][1][safepoint    ] Safepoint "Cleanup", Time since last: 1000493380 ns, Reaching safepoint: 95174 ns, At safepoint: 10591 ns, Total: 105765 ns
[2020-02-26T09:18:11.789+0000][1][safepoint    ] Safepoint "RevokeBias", Time since last: 515269021 ns, Reaching safepoint: 79487 ns, At safepoint: 20571 ns, Total: 100058 ns
[2020-02-26T09:18:12.790+0000][1][safepoint    ] Safepoint "Cleanup", Time since last: 1000933216 ns, Reaching safepoint: 122780 ns, At safepoint: 15064 ns, Total: 137844 ns
[2020-02-26T09:18:13.791+0000][1][safepoint    ] Safepoint "Cleanup", Time since last: 1000560523 ns, Reaching safepoint: 115534 ns, At safepoint: 12221 ns, Total: 127755 ns
[2020-02-26T09:18:14.293+0000][1][safepoint    ] Safepoint "RevokeBias", Time since last: 501540693 ns, Reaching safepoint: 75250 ns, At safepoint: 20864 ns, Total: 96114 ns
[2020-02-26T09:18:15.296+0000][1][safepoint    ] Safepoint "Cleanup", Time since last: 1003394006 ns, Reaching safepoint: 115646 ns, At safepoint: 9070 ns, Total: 124716 ns
[2020-02-26T09:18:16.297+0000][1][safepoint    ] Safepoint "Cleanup", Time since last: 1000314741 ns, Reaching safepoint: 162471 ns, At safepoint: 12968 ns, Total: 175439 ns
[2020-02-26T09:18:16.799+0000][1][safepoint    ] Safepoint "RevokeBias", Time since last: 501674510 ns, Reaching safepoint: 117902 ns, At safepoint: 22180 ns, Total: 140082 ns
[2020-02-26T09:18:17.799+0000][1][safepoint    ] Safepoint "Cleanup", Time since last: 1000307956 ns, Reaching safepoint: 80180 ns, At safepoint: 9559 ns, Total: 89739 ns
[2020-02-26T09:18:19.304+0000][1][safepoint    ] Safepoint "RevokeBias", Time since last: 1505188185 ns, Reaching safepoint: 77237 ns, At safepoint: 19445 ns, Total: 96682 ns
[2020-02-26T09:18:20.312+0000][1][safepoint    ] Safepoint "Cleanup", Time since last: 1007158368 ns, Reaching safepoint: 94117 ns, At safepoint: 8779 ns, Total: 102896 ns
[2020-02-26T09:18:21.313+0000][1][safepoint    ] Safepoint "Cleanup", Time since last: 1001054060 ns, Reaching safepoint: 81441 ns, At safepoint: 9767 ns, Total: 91208 ns
[2020-02-26T09:18:21.808+0000][1][gc,start     ] GC(50) Pause Young (Allocation Failure)
[2020-02-26T09:18:21.808+0000][1][gc,task      ] GC(50) Using 1 workers of 1 for evacuation
[2020-02-26T09:18:21.818+0000][1][gc,age       ] GC(50) Desired survivor size 4358144 bytes, new threshold 6 (max threshold 6)
[2020-02-26T09:18:21.818+0000][1][gc,age       ] GC(50) Age table with threshold 6 (max threshold 6)
[2020-02-26T09:18:21.818+0000][1][gc,age       ] GC(50) - age   1:      11560 bytes,      11560 total
[2020-02-26T09:18:21.818+0000][1][gc,age       ] GC(50) - age   2:       2376 bytes,      13936 total
[2020-02-26T09:18:21.818+0000][1][gc,age       ] GC(50) - age   3:       3072 bytes,      17008 total
[2020-02-26T09:18:21.818+0000][1][gc,age       ] GC(50) - age   4:       4200 bytes,      21208 total
[2020-02-26T09:18:21.818+0000][1][gc,age       ] GC(50) - age   5:       1360 bytes,      22568 total
[2020-02-26T09:18:21.818+0000][1][gc,age       ] GC(50) - age   6:       1408 bytes,      23976 total
[2020-02-26T09:18:21.818+0000][1][gc,heap      ] GC(50) ParNew: 68163K->42K(76672K)
[2020-02-26T09:18:21.818+0000][1][gc,heap      ] GC(50) CMS: 62612K->62612K(963392K)
[2020-02-26T09:18:21.818+0000][1][gc,metaspace ] GC(50) Metaspace: 79453K->79453K(1122304K)
[2020-02-26T09:18:21.818+0000][1][gc           ] GC(50) Pause Young (Allocation Failure) 127M->61M(1015M) 10.222ms
[2020-02-26T09:18:21.818+0000][1][gc,cpu       ] GC(50) User=0.01s Sys=0.00s Real=0.01s
[2020-02-26T09:18:21.818+0000][1][safepoint    ] Safepoint "GenCollectForAllocation", Time since last: 495006537 ns, Reaching safepoint: 76971 ns, At safepoint: 10338218 ns, Total: 10415189 ns
[2020-02-26T09:18:21.823+0000][1][safepoint    ] Safepoint "RevokeBias", Time since last: 4369926 ns, Reaching safepoint: 74562 ns, At safepoint: 19348 ns, Total: 93910 ns
[2020-02-26T09:18:22.824+0000][1][safepoint    ] Safepoint "Cleanup", Time since last: 1000943301 ns, Reaching safepoint: 81255 ns, At safepoint: 10729 ns, Total: 91984 ns
[2020-02-26T09:18:23.824+0000][1][safepoint    ] Safepoint "Cleanup", Time since last: 1000124538 ns, Reaching safepoint: 76598 ns, At safepoint: 7745 ns, Total: 84343 ns
[2020-02-26T09:18:24.327+0000][1][safepoint    ] Safepoint "BulkRevokeBias", Time since last: 502956638 ns, Reaching safepoint: 78177 ns, At safepoint: 304948 ns, Total: 383125 ns
[2020-02-26T09:18:25.336+0000][1][safepoint    ] Safepoint "Cleanup", Time since last: 1008517296 ns, Reaching safepoint: 78026 ns, At safepoint: 7380 ns, Total: 85406 ns
[2020-02-26T09:18:26.336+0000][1][safepoint    ] Safepoint "Cleanup", Time since last: 1000353707 ns, Reaching safepoint: 89117 ns, At safepoint: 8411 ns, Total: 97528 ns
[2020-02-26T09:18:26.834+0000][1][safepoint    ] Safepoint "RevokeBias", Time since last: 497439820 ns, Reaching safepoint: 78549 ns, At safepoint: 20918 ns, Total: 99467 ns
[2020-02-26T09:18:27.835+0000][1][safepoint    ] Safepoint "Cleanup", Time since last: 1000659879 ns, Reaching safepoint: 95523 ns, At safepoint: 8973 ns, Total: 104496 ns
[2020-02-26T09:18:28.835+0000][1][safepoint    ] Safepoint "Cleanup", Time since last: 1000330328 ns, Reaching safepoint: 145285 ns, At safepoint: 9056 ns, Total: 154341 ns
[2020-02-26T09:18:29.338+0000][1][safepoint    ] Safepoint "RevokeBias", Time since last: 502761479 ns, Reaching safepoint: 75462 ns, At safepoint: 20470 ns, Total: 95932 ns
[2020-02-26T09:18:30.339+0000][1][safepoint    ] Safepoint "Cleanup", Time since last: 1000615869 ns, Reaching safepoint: 96707 ns, At safepoint: 9294 ns, Total: 106001 ns
[2020-02-26T09:18:31.339+0000][1][safepoint    ] Safepoint "Cleanup", Time since last: 1000671045 ns, Reaching safepoint: 75009 ns, At safepoint: 7484 ns, Total: 82493 ns
[2020-02-26T09:18:31.845+0000][1][safepoint    ] Safepoint "RevokeBias", Time since last: 505262030 ns, Reaching safepoint: 76743 ns, At safepoint: 37449 ns, Total: 114192 ns
[2020-02-26T09:18:32.845+0000][1][safepoint    ] Safepoint "Cleanup", Time since last: 1000255623 ns, Reaching safepoint: 158521 ns, At safepoint: 10819 ns, Total: 169340 ns
[2020-02-26T09:18:33.846+0000][1][safepoint    ] Safepoint "Cleanup", Time since last: 1000762645 ns, Reaching safepoint: 103165 ns, At safepoint: 13793 ns, Total: 116958 ns
[2020-02-26T09:18:34.352+0000][1][safepoint    ] Safepoint "RevokeBias", Time since last: 505498147 ns, Reaching safepoint: 77940 ns, At safepoint: 20167 ns, Total: 98107 ns
[2020-02-26T09:18:35.353+0000][1][safepoint    ] Safepoint "Cleanup", Time since last: 1000874010 ns, Reaching safepoint: 91878 ns, At safepoint: 9231 ns, Total: 101109 ns
[2020-02-26T09:18:36.354+0000][1][safepoint    ] Safepoint "Cleanup", Time since last: 1001507307 ns, Reaching safepoint: 76886 ns, At safepoint: 8203 ns, Total: 85089 ns
[2020-02-26T09:18:36.864+0000][1][safepoint    ] Safepoint "RevokeBias", Time since last: 509635512 ns, Reaching safepoint: 110308 ns, At safepoint: 19264 ns, Total: 129572 ns
[2020-02-26T09:18:37.864+0000][1][safepoint    ] Safepoint "Cleanup", Time since last: 1000417513 ns, Reaching safepoint: 92650 ns, At safepoint: 11384 ns, Total: 104034 ns
[2020-02-26T09:18:38.865+0000][1][safepoint    ] Safepoint "Cleanup", Time since last: 1000214951 ns, Reaching safepoint: 99219 ns, At safepoint: 13819 ns, Total: 113038 ns
[2020-02-26T09:18:39.370+0000][1][safepoint    ] Safepoint "RevokeBias", Time since last: 504646628 ns, Reaching safepoint: 75571 ns, At safepoint: 20779 ns, Total: 96350 ns
[2020-02-26T09:18:40.371+0000][1][safepoint    ] Safepoint "Cleanup", Time since last: 1001388832 ns, Reaching safepoint: 156488 ns, At safepoint: 12540 ns, Total: 169028 ns
[2020-02-26T09:18:41.374+0000][1][safepoint    ] Safepoint "Cleanup", Time since last: 1002896825 ns, Reaching safepoint: 79183 ns, At safepoint: 8205 ns, Total: 87388 ns
[2020-02-26T09:18:41.883+0000][1][safepoint    ] Safepoint "RevokeBias", Time since last: 508851722 ns, Reaching safepoint: 73331 ns, At safepoint: 19292 ns, Total: 92623 ns
[2020-02-26T09:18:42.884+0000][1][safepoint    ] Safepoint "Cleanup", Time since last: 1001149183 ns, Reaching safepoint: 92941 ns, At safepoint: 10002 ns, Total: 102943 ns
[2020-02-26T09:18:43.885+0000][1][safepoint    ] Safepoint "Cleanup", Time since last: 1000952772 ns, Reaching safepoint: 125508 ns, At safepoint: 12886 ns, Total: 138394 ns
[2020-02-26T09:18:44.398+0000][1][safepoint    ] Safepoint "RevokeBias", Time since last: 512288954 ns, Reaching safepoint: 76372 ns, At safepoint: 62983 ns, Total: 139355 ns
[2020-02-26T09:18:45.399+0000][1][safepoint    ] Safepoint "Cleanup", Time since last: 1000548266 ns, Reaching safepoint: 167321 ns, At safepoint: 22409 ns, Total: 189730 ns
[2020-02-26T09:18:46.400+0000][1][safepoint    ] Safepoint "Cleanup", Time since last: 1000948097 ns, Reaching safepoint: 94596 ns, At safepoint: 10492 ns, Total: 105088 ns
[2020-02-26T09:18:46.912+0000][1][safepoint    ] Safepoint "RevokeBias", Time since last: 512234546 ns, Reaching safepoint: 61444 ns, At safepoint: 19373 ns, Total: 80817 ns
[2020-02-26T09:18:47.912+0000][1][safepoint    ] Safepoint "Cleanup", Time since last: 1000352155 ns, Reaching safepoint: 90737 ns, At safepoint: 13840 ns, Total: 104577 ns
[2020-02-26T09:18:49.366+0000][1][safepoint    ] Safepoint "Cleanup", Time since last: 1453871756 ns, Reaching safepoint: 79390 ns, At safepoint: 10409 ns, Total: 89799 ns
[2020-02-26T09:18:49.432+0000][1][safepoint    ] Safepoint "RevokeBias", Time since last: 65382980 ns, Reaching safepoint: 75709 ns, At safepoint: 20472 ns, Total: 96181 ns
[2020-02-26T09:18:50.432+0000][1][safepoint    ] Safepoint "Cleanup", Time since last: 1000257269 ns, Reaching safepoint: 88244 ns, At safepoint: 10402 ns, Total: 98646 ns
[2020-02-26T09:18:51.433+0000][1][safepoint    ] Safepoint "Cleanup", Time since last: 1000678898 ns, Reaching safepoint: 79444 ns, At safepoint: 7724 ns, Total: 87168 ns
[2020-02-26T09:18:51.956+0000][1][safepoint    ] Safepoint "RevokeBias", Time since last: 522862477 ns, Reaching safepoint: 76748 ns, At safepoint: 20123 ns, Total: 96871 ns
[2020-02-26T09:18:52.957+0000][1][safepoint    ] Safepoint "Cleanup", Time since last: 1000594157 ns, Reaching safepoint: 92947 ns, At safepoint: 8998 ns, Total: 101945 ns
[2020-02-26T09:18:53.958+0000][1][safepoint    ] Safepoint "Cleanup", Time since last: 1000919507 ns, Reaching safepoint: 85013 ns, At safepoint: 12184 ns, Total: 97197 ns
[2020-02-26T09:18:54.467+0000][1][safepoint    ] Safepoint "RevokeBias", Time since last: 509182312 ns, Reaching safepoint: 78787 ns, At safepoint: 21136 ns, Total: 99923 ns
[2020-02-26T09:18:55.467+0000][1][safepoint    ] Safepoint "Cleanup", Time since last: 1000280918 ns, Reaching safepoint: 98424 ns, At safepoint: 12222 ns, Total: 110646 ns
[2020-02-26T09:18:56.468+0000][1][safepoint    ] Safepoint "Cleanup", Time since last: 1000914082 ns, Reaching safepoint: 144351 ns, At safepoint: 10652 ns, Total: 155003 ns
[2020-02-26T09:18:56.973+0000][1][safepoint    ] Safepoint "RevokeBias", Time since last: 504942055 ns, Reaching safepoint: 78370 ns, At safepoint: 30637 ns, Total: 109007 ns
[2020-02-26T09:18:57.982+0000][1][safepoint    ] Safepoint "Cleanup", Time since last: 1008889145 ns, Reaching safepoint: 62025 ns, At safepoint: 9323 ns, Total: 71348 ns
[2020-02-26T09:18:58.983+0000][1][safepoint    ] Safepoint "Cleanup", Time since last: 1000355223 ns, Reaching safepoint: 81164 ns, At safepoint: 8842 ns, Total: 90006 ns
[2020-02-26T09:18:59.477+0000][1][safepoint    ] Safepoint "RevokeBias", Time since last: 494241016 ns, Reaching safepoint: 92445 ns, At safepoint: 23192 ns, Total: 115637 ns
[2020-02-26T09:19:00.478+0000][1][safepoint    ] Safepoint "Cleanup", Time since last: 1001149235 ns, Reaching safepoint: 87617 ns, At safepoint: 9890 ns, Total: 97507 ns
[2020-02-26T09:19:01.480+0000][1][safepoint    ] Safepoint "Cleanup", Time since last: 1001094512 ns, Reaching safepoint: 80470 ns, At safepoint: 9061 ns, Total: 89531 ns
[2020-02-26T09:19:01.983+0000][1][safepoint    ] Safepoint "RevokeBias", Time since last: 503695690 ns, Reaching safepoint: 75197 ns, At safepoint: 24182 ns, Total: 99379 ns
[2020-02-26T09:19:02.986+0000][1][safepoint    ] Safepoint "Cleanup", Time since last: 1002068061 ns, Reaching safepoint: 118495 ns, At safepoint: 17787 ns, Total: 136282 ns
[2020-02-26T09:19:03.986+0000][1][safepoint    ] Safepoint "Cleanup", Time since last: 1000197030 ns, Reaching safepoint: 82138 ns, At safepoint: 9202 ns, Total: 91340 ns
[2020-02-26T09:19:04.486+0000][1][safepoint    ] Safepoint "RevokeBias", Time since last: 500363224 ns, Reaching safepoint: 71459 ns, At safepoint: 18969 ns, Total: 90428 ns
[2020-02-26T09:19:05.487+0000][1][safepoint    ] Safepoint "Cleanup", Time since last: 1000517002 ns, Reaching safepoint: 96645 ns, At safepoint: 10110 ns, Total: 106755 ns
[2020-02-26T09:19:06.487+0000][1][safepoint    ] Safepoint "Cleanup", Time since last: 1000207081 ns, Reaching safepoint: 93991 ns, At safepoint: 9801 ns, Total: 103792 ns
[2020-02-26T09:19:06.994+0000][1][safepoint    ] Safepoint "RevokeBias", Time since last: 506717090 ns, Reaching safepoint: 85714 ns, At safepoint: 21662 ns, Total: 107376 ns
[2020-02-26T09:19:07.994+0000][1][safepoint    ] Safepoint "Cleanup", Time since last: 1000207173 ns, Reaching safepoint: 97641 ns, At safepoint: 11664 ns, Total: 109305 ns
[2020-02-26T09:19:08.996+0000][1][safepoint    ] Safepoint "Cleanup", Time since last: 1001053098 ns, Reaching safepoint: 116373 ns, At safepoint: 35566 ns, Total: 151939 ns
[2020-02-26T09:19:09.499+0000][1][safepoint    ] Safepoint "RevokeBias", Time since last: 503733717 ns, Reaching safepoint: 74577 ns, At safepoint: 19800 ns, Total: 94377 ns
[2020-02-26T09:19:10.500+0000][1][safepoint    ] Safepoint "Cleanup", Time since last: 1000784468 ns, Reaching safepoint: 169058 ns, At safepoint: 35343 ns, Total: 204401 ns
[2020-02-26T09:19:11.501+0000][1][safepoint    ] Safepoint "Cleanup", Time since last: 1000304233 ns, Reaching safepoint: 80661 ns, At safepoint: 11596 ns, Total: 92257 ns
[2020-02-26T09:19:12.006+0000][1][safepoint    ] Safepoint "RevokeBias", Time since last: 505253377 ns, Reaching safepoint: 77745 ns, At safepoint: 20328 ns, Total: 98073 ns
[2020-02-26T09:19:13.007+0000][1][safepoint    ] Safepoint "Cleanup", Time since last: 1000478928 ns, Reaching safepoint: 86699 ns, At safepoint: 31974 ns, Total: 118673 ns
[2020-02-26T09:19:14.012+0000][1][safepoint    ] Safepoint "Cleanup", Time since last: 1005623956 ns, Reaching safepoint: 78806 ns, At safepoint: 8684 ns, Total: 87490 ns
[2020-02-26T09:19:14.516+0000][1][safepoint    ] Safepoint "RevokeBias", Time since last: 503348998 ns, Reaching safepoint: 74822 ns, At safepoint: 20471 ns, Total: 95293 ns
[2020-02-26T09:19:15.516+0000][1][safepoint    ] Safepoint "Cleanup", Time since last: 1000151151 ns, Reaching safepoint: 127065 ns, At safepoint: 14333 ns, Total: 141398 ns
[2020-02-26T09:19:16.517+0000][1][safepoint    ] Safepoint "Cleanup", Time since last: 1000482708 ns, Reaching safepoint: 89921 ns, At safepoint: 9393 ns, Total: 99314 ns
[2020-02-26T09:19:17.047+0000][1][safepoint    ] Safepoint "RevokeBias", Time since last: 530399898 ns, Reaching safepoint: 74344 ns, At safepoint: 20089 ns, Total: 94433 ns
[2020-02-26T09:19:18.048+0000][1][safepoint    ] Safepoint "Cleanup", Time since last: 1000121048 ns, Reaching safepoint: 82309 ns, At safepoint: 9582 ns, Total: 91891 ns
[2020-02-26T09:19:19.365+0000][1][safepoint    ] Safepoint "Cleanup", Time since last: 1316952376 ns, Reaching safepoint: 167327 ns, At safepoint: 11152 ns, Total: 178479 ns
[2020-02-26T09:19:19.570+0000][1][safepoint    ] Safepoint "RevokeBias", Time since last: 205169900 ns, Reaching safepoint: 78332 ns, At safepoint: 20334 ns, Total: 98666 ns
[2020-02-26T09:19:20.571+0000][1][safepoint    ] Safepoint "Cleanup", Time since last: 1000640174 ns, Reaching safepoint: 82045 ns, At safepoint: 10419 ns, Total: 92464 ns
[2020-02-26T09:19:21.572+0000][1][safepoint    ] Safepoint "Cleanup", Time since last: 1000913245 ns, Reaching safepoint: 81121 ns, At safepoint: 10758 ns, Total: 91879 ns
[2020-02-26T09:19:22.079+0000][1][safepoint    ] Safepoint "RevokeBias", Time since last: 506787080 ns, Reaching safepoint: 120939 ns, At safepoint: 22218 ns, Total: 143157 ns
[2020-02-26T09:19:23.079+0000][1][safepoint    ] Safepoint "Cleanup", Time since last: 1000423500 ns, Reaching safepoint: 131241 ns, At safepoint: 12561 ns, Total: 143802 ns
[2020-02-26T09:19:24.080+0000][1][safepoint    ] Safepoint "Cleanup", Time since last: 1000181436 ns, Reaching safepoint: 296753 ns, At safepoint: 13617 ns, Total: 310370 ns
[2020-02-26T09:19:24.590+0000][1][safepoint    ] Safepoint "RevokeBias", Time since last: 510396078 ns, Reaching safepoint: 79550 ns, At safepoint: 145651 ns, Total: 225201 ns
[2020-02-26T09:19:25.591+0000][1][safepoint    ] Safepoint "Cleanup", Time since last: 1000534672 ns, Reaching safepoint: 97503 ns, At safepoint: 10400 ns, Total: 107903 ns
[2020-02-26T09:19:26.591+0000][1][safepoint    ] Safepoint "Cleanup", Time since last: 1000204688 ns, Reaching safepoint: 95530 ns, At safepoint: 12548 ns, Total: 108078 ns
[2020-02-26T09:19:27.096+0000][1][safepoint    ] Safepoint "RevokeBias", Time since last: 504850847 ns, Reaching safepoint: 150597 ns, At safepoint: 31291 ns, Total: 181888 ns
[2020-02-26T09:19:28.097+0000][1][safepoint    ] Safepoint "Cleanup", Time since last: 1000837365 ns, Reaching safepoint: 169907 ns, At safepoint: 11273 ns, Total: 181180 ns
[2020-02-26T09:19:29.098+0000][1][safepoint    ] Safepoint "Cleanup", Time since last: 1000180266 ns, Reaching safepoint: 86122 ns, At safepoint: 9863 ns, Total: 95985 ns
[2020-02-26T09:19:29.603+0000][1][safepoint    ] Safepoint "RevokeBias", Time since last: 505198653 ns, Reaching safepoint: 106089 ns, At safepoint: 23016 ns, Total: 129105 ns
[2020-02-26T09:19:30.603+0000][1][safepoint    ] Safepoint "Cleanup", Time since last: 1000261204 ns, Reaching safepoint: 79845 ns, At safepoint: 8667 ns, Total: 88512 ns
[2020-02-26T09:19:31.604+0000][1][safepoint    ] Safepoint "Cleanup", Time since last: 1000415100 ns, Reaching safepoint: 121800 ns, At safepoint: 12877 ns, Total: 134677 ns
[2020-02-26T09:19:32.107+0000][1][safepoint    ] Safepoint "RevokeBias", Time since last: 503380476 ns, Reaching safepoint: 75027 ns, At safepoint: 19697 ns, Total: 94724 ns
[2020-02-26T09:19:33.108+0000][1][safepoint    ] Safepoint "Cleanup", Time since last: 1000696630 ns, Reaching safepoint: 81195 ns, At safepoint: 10810 ns, Total: 92005 ns
[2020-02-26T09:19:34.109+0000][1][safepoint    ] Safepoint "Cleanup", Time since last: 1000521866 ns, Reaching safepoint: 91554 ns, At safepoint: 12355 ns, Total: 103909 ns
[2020-02-26T09:19:34.611+0000][1][safepoint    ] Safepoint "RevokeBias", Time since last: 501922532 ns, Reaching safepoint: 117580 ns, At safepoint: 23253 ns, Total: 140833 ns
[2020-02-26T09:19:35.613+0000][1][safepoint    ] Safepoint "Cleanup", Time since last: 1001919923 ns, Reaching safepoint: 77494 ns, At safepoint: 8367 ns, Total: 85861 ns
[2020-02-26T09:19:36.614+0000][1][safepoint    ] Safepoint "Cleanup", Time since last: 1000803601 ns, Reaching safepoint: 80477 ns, At safepoint: 9532 ns, Total: 90009 ns
[2020-02-26T09:19:37.115+0000][1][safepoint    ] Safepoint "BulkRevokeBias", Time since last: 500624728 ns, Reaching safepoint: 92304 ns, At safepoint: 228626 ns, Total: 320930 ns
[2020-02-26T09:19:38.115+0000][1][safepoint    ] Safepoint "Cleanup", Time since last: 1000785913 ns, Reaching safepoint: 79921 ns, At safepoint: 10258 ns, Total: 90179 ns
[2020-02-26T09:19:39.116+0000][1][safepoint    ] Safepoint "Cleanup", Time since last: 1000204003 ns, Reaching safepoint: 78779 ns, At safepoint: 8844 ns, Total: 87623 ns
[2020-02-26T09:19:39.621+0000][1][safepoint    ] Safepoint "RevokeBias", Time since last: 505511943 ns, Reaching safepoint: 75246 ns, At safepoint: 19540 ns, Total: 94786 ns
[2020-02-26T09:19:40.624+0000][1][safepoint    ] Safepoint "Cleanup", Time since last: 1002094021 ns, Reaching safepoint: 170146 ns, At safepoint: 11022 ns, Total: 181168 ns
[2020-02-26T09:19:41.624+0000][1][safepoint    ] Safepoint "Cleanup", Time since last: 1000295262 ns, Reaching safepoint: 92883 ns, At safepoint: 9258 ns, Total: 102141 ns
[2020-02-26T09:19:42.126+0000][1][safepoint    ] Safepoint "RevokeBias", Time since last: 501414483 ns, Reaching safepoint: 83851 ns, At safepoint: 22883 ns, Total: 106734 ns
[2020-02-26T09:19:43.126+0000][1][safepoint    ] Safepoint "Cleanup", Time since last: 1000653837 ns, Reaching safepoint: 95838 ns, At safepoint: 9137 ns, Total: 104975 ns
[2020-02-26T09:19:44.127+0000][1][safepoint    ] Safepoint "Cleanup", Time since last: 1000577788 ns, Reaching safepoint: 81699 ns, At safepoint: 9622 ns, Total: 91321 ns
[2020-02-26T09:19:44.628+0000][1][safepoint    ] Safepoint "RevokeBias", Time since last: 501255845 ns, Reaching safepoint: 74410 ns, At safepoint: 19851 ns, Total: 94261 ns
[2020-02-26T09:19:45.636+0000][1][safepoint    ] Safepoint "Cleanup", Time since last: 1007689839 ns, Reaching safepoint: 149091 ns, At safepoint: 13141 ns, Total: 162232 ns
[2020-02-26T09:19:46.636+0000][1][safepoint    ] Safepoint "Cleanup", Time since last: 1000126050 ns, Reaching safepoint: 78633 ns, At safepoint: 8596 ns, Total: 87229 ns
[2020-02-26T09:19:47.132+0000][1][safepoint    ] Safepoint "RevokeBias", Time since last: 495841242 ns, Reaching safepoint: 76434 ns, At safepoint: 20958 ns, Total: 97392 ns
[2020-02-26T09:19:48.133+0000][1][safepoint    ] Safepoint "Cleanup", Time since last: 1000697999 ns, Reaching safepoint: 82493 ns, At safepoint: 9949 ns, Total: 92442 ns
[2020-02-26T09:19:49.134+0000][1][safepoint    ] Safepoint "Cleanup", Time since last: 1000423643 ns, Reaching safepoint: 82314 ns, At safepoint: 10554 ns, Total: 92868 ns
[2020-02-26T09:19:49.638+0000][1][safepoint    ] Safepoint "RevokeBias", Time since last: 504497218 ns, Reaching safepoint: 76080 ns, At safepoint: 19984 ns, Total: 96064 ns
[2020-02-26T09:19:50.639+0000][1][safepoint    ] Safepoint "Cleanup", Time since last: 1000355785 ns, Reaching safepoint: 118017 ns, At safepoint: 13054 ns, Total: 131071 ns
[2020-02-26T09:19:52.070+0000][1][safepoint    ] Safepoint "Cleanup", Time since last: 1431109608 ns, Reaching safepoint: 82178 ns, At safepoint: 9450 ns, Total: 91628 ns
[2020-02-26T09:19:52.142+0000][1][safepoint    ] Safepoint "RevokeBias", Time since last: 71959353 ns, Reaching safepoint: 75543 ns, At safepoint: 19863 ns, Total: 95406 ns
[2020-02-26T09:19:53.142+0000][1][safepoint    ] Safepoint "Cleanup", Time since last: 1000169732 ns, Reaching safepoint: 81272 ns, At safepoint: 9564 ns, Total: 90836 ns
[2020-02-26T09:19:54.143+0000][1][safepoint    ] Safepoint "Cleanup", Time since last: 1000452750 ns, Reaching safepoint: 84355 ns, At safepoint: 10401 ns, Total: 94756 ns
[2020-02-26T09:19:54.646+0000][1][safepoint    ] Safepoint "RevokeBias", Time since last: 503463447 ns, Reaching safepoint: 78143 ns, At safepoint: 20756 ns, Total: 98899 ns
[2020-02-26T09:19:55.647+0000][1][safepoint    ] Safepoint "Cleanup", Time since last: 1000206019 ns, Reaching safepoint: 81420 ns, At safepoint: 9043 ns, Total: 90463 ns
[2020-02-26T09:19:56.655+0000][1][safepoint    ] Safepoint "Cleanup", Time since last: 1008024043 ns, Reaching safepoint: 158962 ns, At safepoint: 29194 ns, Total: 188156 ns
[2020-02-26T09:19:57.163+0000][1][safepoint    ] Safepoint "RevokeBias", Time since last: 508078649 ns, Reaching safepoint: 79150 ns, At safepoint: 20321 ns, Total: 99471 ns
[2020-02-26T09:19:58.164+0000][1][safepoint    ] Safepoint "Cleanup", Time since last: 1000655122 ns, Reaching safepoint: 81544 ns, At safepoint: 10546 ns, Total: 92090 ns
[2020-02-26T09:19:59.164+0000][1][safepoint    ] Safepoint "Cleanup", Time since last: 1000451621 ns, Reaching safepoint: 81707 ns, At safepoint: 9156 ns, Total: 90863 ns
[2020-02-26T09:19:59.675+0000][1][safepoint    ] Safepoint "RevokeBias", Time since last: 510578357 ns, Reaching safepoint: 85980 ns, At safepoint: 25682 ns, Total: 111662 ns
[2020-02-26T09:20:00.675+0000][1][safepoint    ] Safepoint "Cleanup", Time since last: 1000381924 ns, Reaching safepoint: 93737 ns, At safepoint: 10176 ns, Total: 103913 ns
[2020-02-26T09:20:01.680+0000][1][safepoint    ] Safepoint "Cleanup", Time since last: 1004513796 ns, Reaching safepoint: 96387 ns, At safepoint: 8888 ns, Total: 105275 ns
[2020-02-26T09:20:02.185+0000][1][safepoint    ] Safepoint "RevokeBias", Time since last: 504896428 ns, Reaching safepoint: 173171 ns, At safepoint: 38951 ns, Total: 212122 ns
[2020-02-26T09:20:03.186+0000][1][safepoint    ] Safepoint "Cleanup", Time since last: 1000216747 ns, Reaching safepoint: 77888 ns, At safepoint: 9397 ns, Total: 87285 ns
[2020-02-26T09:20:04.186+0000][1][safepoint    ] Safepoint "Cleanup", Time since last: 1000789669 ns, Reaching safepoint: 80934 ns, At safepoint: 10171 ns, Total: 91105 ns
[2020-02-26T09:20:04.695+0000][1][safepoint    ] Safepoint "RevokeBias", Time since last: 508446466 ns, Reaching safepoint: 73845 ns, At safepoint: 18853 ns, Total: 92698 ns
[2020-02-26T09:20:05.696+0000][1][safepoint    ] Safepoint "Cleanup", Time since last: 1000838403 ns, Reaching safepoint: 78523 ns, At safepoint: 9951 ns, Total: 88474 ns
[2020-02-26T09:20:06.696+0000][1][safepoint    ] Safepoint "Cleanup", Time since last: 1000424426 ns, Reaching safepoint: 79750 ns, At safepoint: 10548 ns, Total: 90298 ns
[2020-02-26T09:20:07.214+0000][1][safepoint    ] Safepoint "RevokeBias", Time since last: 517120189 ns, Reaching safepoint: 75569 ns, At safepoint: 19896 ns, Total: 95465 ns
[2020-02-26T09:20:08.215+0000][1][safepoint    ] Safepoint "Cleanup", Time since last: 1000843986 ns, Reaching safepoint: 129027 ns, At safepoint: 25997 ns, Total: 155024 ns
[2020-02-26T09:20:09.215+0000][1][safepoint    ] Safepoint "Cleanup", Time since last: 1000720409 ns, Reaching safepoint: 80837 ns, At safepoint: 10136 ns, Total: 90973 ns
[2020-02-26T09:20:09.726+0000][1][safepoint    ] Safepoint "RevokeBias", Time since last: 510013347 ns, Reaching safepoint: 76291 ns, At safepoint: 20748 ns, Total: 97039 ns
[2020-02-26T09:20:10.726+0000][1][safepoint    ] Safepoint "Cleanup", Time since last: 1000875562 ns, Reaching safepoint: 82592 ns, At safepoint: 9322 ns, Total: 91914 ns
[2020-02-26T09:20:11.727+0000][1][safepoint    ] Safepoint "Cleanup", Time since last: 1000151012 ns, Reaching safepoint: 80543 ns, At safepoint: 10611 ns, Total: 91154 ns
[2020-02-26T09:20:12.229+0000][1][safepoint    ] Safepoint "RevokeBias", Time since last: 502003670 ns, Reaching safepoint: 82011 ns, At safepoint: 21311 ns, Total: 103322 ns
[2020-02-26T09:20:13.230+0000][1][safepoint    ] Safepoint "Cleanup", Time since last: 1000788558 ns, Reaching safepoint: 89818 ns, At safepoint: 8531 ns, Total: 98349 ns
[2020-02-26T09:20:14.230+0000][1][safepoint    ] Safepoint "Cleanup", Time since last: 1000417413 ns, Reaching safepoint: 92071 ns, At safepoint: 47420 ns, Total: 139491 ns
[2020-02-26T09:20:14.732+0000][1][safepoint    ] Safepoint "RevokeBias", Time since last: 501808580 ns, Reaching safepoint: 180796 ns, At safepoint: 39210 ns, Total: 220006 ns
[2020-02-26T09:20:15.733+0000][1][safepoint    ] Safepoint "Cleanup", Time since last: 1000266820 ns, Reaching safepoint: 88251 ns, At safepoint: 10672 ns, Total: 98923 ns
[2020-02-26T09:20:16.733+0000][1][safepoint    ] Safepoint "Cleanup", Time since last: 1000385117 ns, Reaching safepoint: 86527 ns, At safepoint: 10579 ns, Total: 97106 ns
[2020-02-26T09:20:17.237+0000][1][safepoint    ] Safepoint "RevokeBias", Time since last: 503475310 ns, Reaching safepoint: 79233 ns, At safepoint: 20706 ns, Total: 99939 ns
[2020-02-26T09:20:18.238+0000][1][safepoint    ] Safepoint "Cleanup", Time since last: 1000961387 ns, Reaching safepoint: 110949 ns, At safepoint: 9459 ns, Total: 120408 ns
[2020-02-26T09:20:19.377+0000][1][safepoint    ] Safepoint "Cleanup", Time since last: 1139316369 ns, Reaching safepoint: 144341 ns, At safepoint: 29731 ns, Total: 174072 ns
[2020-02-26T09:20:19.743+0000][1][safepoint    ] Safepoint "RevokeBias", Time since last: 365930554 ns, Reaching safepoint: 224065 ns, At safepoint: 21125 ns, Total: 245190 ns
[2020-02-26T09:20:20.744+0000][1][safepoint    ] Safepoint "Cleanup", Time since last: 1000658265 ns, Reaching safepoint: 77613 ns, At safepoint: 9553 ns, Total: 87166 ns
[2020-02-26T09:20:21.745+0000][1][safepoint    ] Safepoint "Cleanup", Time since last: 1000566394 ns, Reaching safepoint: 94365 ns, At safepoint: 10898 ns, Total: 105263 ns
[2020-02-26T09:20:22.257+0000][1][safepoint    ] Safepoint "RevokeBias", Time since last: 512036949 ns, Reaching safepoint: 81176 ns, At safepoint: 22084 ns, Total: 103260 ns
[2020-02-26T09:20:23.259+0000][1][safepoint    ] Safepoint "Cleanup", Time since last: 1001357278 ns, Reaching safepoint: 132182 ns, At safepoint: 8738 ns, Total: 140920 ns
[2020-02-26T09:20:24.259+0000][1][safepoint    ] Safepoint "Cleanup", Time since last: 1000765086 ns, Reaching safepoint: 81177 ns, At safepoint: 8239 ns, Total: 89416 ns
[2020-02-26T09:20:24.765+0000][1][safepoint    ] Safepoint "RevokeBias", Time since last: 505665113 ns, Reaching safepoint: 72129 ns, At safepoint: 19888 ns, Total: 92017 ns
[2020-02-26T09:20:25.766+0000][1][safepoint    ] Safepoint "Cleanup", Time since last: 1000273144 ns, Reaching safepoint: 123009 ns, At safepoint: 10890 ns, Total: 133899 ns
[2020-02-26T09:20:26.766+0000][1][safepoint    ] Safepoint "Cleanup", Time since last: 1000764728 ns, Reaching safepoint: 80595 ns, At safepoint: 9378 ns, Total: 89973 ns
[2020-02-26T09:20:27.270+0000][1][safepoint    ] Safepoint "RevokeBias", Time since last: 503638256 ns, Reaching safepoint: 58965 ns, At safepoint: 19764 ns, Total: 78729 ns
[2020-02-26T09:20:28.270+0000][1][safepoint    ] Safepoint "Cleanup", Time since last: 1000224807 ns, Reaching safepoint: 131987 ns, At safepoint: 10444 ns, Total: 142431 ns
[2020-02-26T09:20:29.276+0000][1][safepoint    ] Safepoint "Cleanup", Time since last: 1005009056 ns, Reaching safepoint: 144183 ns, At safepoint: 9239 ns, Total: 153422 ns
[2020-02-26T09:20:29.773+0000][1][safepoint    ] Safepoint "RevokeBias", Time since last: 497513033 ns, Reaching safepoint: 95730 ns, At safepoint: 23515 ns, Total: 119245 ns
[2020-02-26T09:20:30.774+0000][1][safepoint    ] Safepoint "Cleanup", Time since last: 1000533281 ns, Reaching safepoint: 101735 ns, At safepoint: 11135 ns, Total: 112870 ns
[2020-02-26T09:20:31.775+0000][1][safepoint    ] Safepoint "Cleanup", Time since last: 1000506405 ns, Reaching safepoint: 132532 ns, At safepoint: 13682 ns, Total: 146214 ns
[2020-02-26T09:20:32.278+0000][1][safepoint    ] Safepoint "RevokeBias", Time since last: 503315193 ns, Reaching safepoint: 109942 ns, At safepoint: 31641 ns, Total: 141583 ns
[2020-02-26T09:20:33.279+0000][1][safepoint    ] Safepoint "Cleanup", Time since last: 1000421815 ns, Reaching safepoint: 77651 ns, At safepoint: 9401 ns, Total: 87052 ns
[2020-02-26T09:20:34.285+0000][1][safepoint    ] Safepoint "Cleanup", Time since last: 1005911790 ns, Reaching safepoint: 61967 ns, At safepoint: 9104 ns, Total: 71071 ns
[2020-02-26T09:20:34.794+0000][1][safepoint    ] Safepoint "RevokeBias", Time since last: 509809537 ns, Reaching safepoint: 78401 ns, At safepoint: 20104 ns, Total: 98505 ns
[2020-02-26T09:20:35.795+0000][1][safepoint    ] Safepoint "Cleanup", Time since last: 1000373076 ns, Reaching safepoint: 136715 ns, At safepoint: 15582 ns, Total: 152297 ns
[2020-02-26T09:20:36.796+0000][1][safepoint    ] Safepoint "Cleanup", Time since last: 1000632021 ns, Reaching safepoint: 84510 ns, At safepoint: 10526 ns, Total: 95036 ns
[2020-02-26T09:20:37.300+0000][1][safepoint    ] Safepoint "RevokeBias", Time since last: 504331109 ns, Reaching safepoint: 55864 ns, At safepoint: 18764 ns, Total: 74628 ns
[2020-02-26T09:20:38.300+0000][1][safepoint    ] Safepoint "Cleanup", Time since last: 1000117070 ns, Reaching safepoint: 76546 ns, At safepoint: 9616 ns, Total: 86162 ns
[2020-02-26T09:20:38.409+0000][1][gc,start     ] GC(51) Pause Young (Allocation Failure)
[2020-02-26T09:20:38.409+0000][1][gc,task      ] GC(51) Using 1 workers of 1 for evacuation
[2020-02-26T09:20:38.420+0000][1][gc,age       ] GC(51) Desired survivor size 4358144 bytes, new threshold 6 (max threshold 6)
[2020-02-26T09:20:38.420+0000][1][gc,age       ] GC(51) Age table with threshold 6 (max threshold 6)
[2020-02-26T09:20:38.420+0000][1][gc,age       ] GC(51) - age   1:      12992 bytes,      12992 total
[2020-02-26T09:20:38.420+0000][1][gc,age       ] GC(51) - age   2:        704 bytes,      13696 total
[2020-02-26T09:20:38.420+0000][1][gc,age       ] GC(51) - age   3:       2256 bytes,      15952 total
[2020-02-26T09:20:38.420+0000][1][gc,age       ] GC(51) - age   4:       3072 bytes,      19024 total
[2020-02-26T09:20:38.420+0000][1][gc,age       ] GC(51) - age   5:       3968 bytes,      22992 total
[2020-02-26T09:20:38.420+0000][1][gc,age       ] GC(51) - age   6:       1360 bytes,      24352 total
[2020-02-26T09:20:38.420+0000][1][gc,heap      ] GC(51) ParNew: 68202K->28K(76672K)
[2020-02-26T09:20:38.420+0000][1][gc,heap      ] GC(51) CMS: 62612K->62614K(963392K)
[2020-02-26T09:20:38.420+0000][1][gc,metaspace ] GC(51) Metaspace: 79475K->79475K(1122304K)
[2020-02-26T09:20:38.420+0000][1][gc           ] GC(51) Pause Young (Allocation Failure) 127M->61M(1015M) 10.851ms
[2020-02-26T09:20:38.420+0000][1][gc,cpu       ] GC(51) User=0.02s Sys=0.00s Real=0.01s
[2020-02-26T09:20:38.420+0000][1][safepoint    ] Safepoint "GenCollectForAllocation", Time since last: 108780843 ns, Reaching safepoint: 145625 ns, At safepoint: 10910208 ns, Total: 11055833 ns
[2020-02-26T09:20:39.426+0000][1][safepoint    ] Safepoint "Cleanup", Time since last: 1005637148 ns, Reaching safepoint: 128616 ns, At safepoint: 8316 ns, Total: 136932 ns
[2020-02-26T09:20:39.813+0000][1][safepoint    ] Safepoint "RevokeBias", Time since last: 386985815 ns, Reaching safepoint: 72303 ns, At safepoint: 19274 ns, Total: 91577 ns
[2020-02-26T09:20:40.814+0000][1][safepoint    ] Safepoint "Cleanup", Time since last: 1000709990 ns, Reaching safepoint: 91054 ns, At safepoint: 10863 ns, Total: 101917 ns
[2020-02-26T09:20:41.815+0000][1][safepoint    ] Safepoint "Cleanup", Time since last: 1000926391 ns, Reaching safepoint: 114798 ns, At safepoint: 28857 ns, Total: 143655 ns
[2020-02-26T09:20:42.319+0000][1][safepoint    ] Safepoint "RevokeBias", Time since last: 503933174 ns, Reaching safepoint: 126392 ns, At safepoint: 20835 ns, Total: 147227 ns
[2020-02-26T09:20:43.319+0000][1][safepoint    ] Safepoint "Cleanup", Time since last: 1000435105 ns, Reaching safepoint: 80228 ns, At safepoint: 9547 ns, Total: 89775 ns
[2020-02-26T09:20:44.320+0000][1][safepoint    ] Safepoint "Cleanup", Time since last: 1000132290 ns, Reaching safepoint: 119333 ns, At safepoint: 12842 ns, Total: 132175 ns
[2020-02-26T09:20:44.829+0000][1][safepoint    ] Safepoint "RevokeBias", Time since last: 509604409 ns, Reaching safepoint: 91303 ns, At safepoint: 23226 ns, Total: 114529 ns
[2020-02-26T09:20:45.830+0000][1][safepoint    ] Safepoint "Cleanup", Time since last: 1000263548 ns, Reaching safepoint: 78970 ns, At safepoint: 10473 ns, Total: 89443 ns
[2020-02-26T09:20:46.830+0000][1][safepoint    ] Safepoint "Cleanup", Time since last: 1000190922 ns, Reaching safepoint: 104592 ns, At safepoint: 9046 ns, Total: 113638 ns
[2020-02-26T09:20:47.341+0000][1][safepoint    ] Safepoint "RevokeBias", Time since last: 511058119 ns, Reaching safepoint: 70849 ns, At safepoint: 19309 ns, Total: 90158 ns
[2020-02-26T09:20:48.345+0000][1][safepoint    ] Safepoint "Cleanup", Time since last: 1003197719 ns, Reaching safepoint: 990894 ns, At safepoint: 17986 ns, Total: 1008880 ns
[2020-02-26T09:20:49.346+0000][1][safepoint    ] Safepoint "Cleanup", Time since last: 1000415431 ns, Reaching safepoint: 83045 ns, At safepoint: 9598 ns, Total: 92643 ns
[2020-02-26T09:20:49.864+0000][1][safepoint    ] Safepoint "BulkRevokeBias", Time since last: 517647557 ns, Reaching safepoint: 80132 ns, At safepoint: 337878 ns, Total: 418010 ns
[2020-02-26T09:20:50.864+0000][1][safepoint    ] Safepoint "Cleanup", Time since last: 1000174546 ns, Reaching safepoint: 115280 ns, At safepoint: 28799 ns, Total: 144079 ns
[2020-02-26T09:20:51.865+0000][1][safepoint    ] Safepoint "Cleanup", Time since last: 1000827296 ns, Reaching safepoint: 80844 ns, At safepoint: 10610 ns, Total: 91454 ns
[2020-02-26T09:20:52.378+0000][1][safepoint    ] Safepoint "RevokeBias", Time since last: 512347167 ns, Reaching safepoint: 71604 ns, At safepoint: 75136 ns, Total: 146740 ns
[2020-02-26T09:20:53.379+0000][1][safepoint    ] Safepoint "Cleanup", Time since last: 1000778126 ns, Reaching safepoint: 121070 ns, At safepoint: 15035 ns, Total: 136105 ns
[2020-02-26T09:20:54.379+0000][1][safepoint    ] Safepoint "Cleanup", Time since last: 1000520872 ns, Reaching safepoint: 105892 ns, At safepoint: 13039 ns, Total: 118931 ns
[2020-02-26T09:20:54.882+0000][1][safepoint    ] Safepoint "RevokeBias", Time since last: 502407493 ns, Reaching safepoint: 90984 ns, At safepoint: 23340 ns, Total: 114324 ns
[2020-02-26T09:20:55.887+0000][1][safepoint    ] Safepoint "Cleanup", Time since last: 1004619895 ns, Reaching safepoint: 77480 ns, At safepoint: 9174 ns, Total: 86654 ns
[2020-02-26T09:20:56.888+0000][1][safepoint    ] Safepoint "Cleanup", Time since last: 1000970243 ns, Reaching safepoint: 80299 ns, At safepoint: 9376 ns, Total: 89675 ns
[2020-02-26T09:20:57.388+0000][1][safepoint    ] Safepoint "RevokeBias", Time since last: 499860718 ns, Reaching safepoint: 81735 ns, At safepoint: 21082 ns, Total: 102817 ns
[2020-02-26T09:20:58.388+0000][1][safepoint    ] Safepoint "Cleanup", Time since last: 1000753223 ns, Reaching safepoint: 87396 ns, At safepoint: 11450 ns, Total: 98846 ns
[2020-02-26T09:20:59.390+0000][1][safepoint    ] Safepoint "Cleanup", Time since last: 1000993920 ns, Reaching safepoint: 77452 ns, At safepoint: 10445 ns, Total: 87897 ns
[2020-02-26T09:20:59.893+0000][1][safepoint    ] Safepoint "RevokeBias", Time since last: 503051682 ns, Reaching safepoint: 72919 ns, At safepoint: 20694 ns, Total: 93613 ns
[2020-02-26T09:21:00.905+0000][1][safepoint    ] Safepoint "Cleanup", Time since last: 1012456717 ns, Reaching safepoint: 94521 ns, At safepoint: 12869 ns, Total: 107390 ns
[2020-02-26T09:21:01.906+0000][1][safepoint    ] Safepoint "Cleanup", Time since last: 1000555392 ns, Reaching safepoint: 118918 ns, At safepoint: 14240 ns, Total: 133158 ns
[2020-02-26T09:21:02.396+0000][1][safepoint    ] Safepoint "RevokeBias", Time since last: 490317740 ns, Reaching safepoint: 76380 ns, At safepoint: 21215 ns, Total: 97595 ns
[2020-02-26T09:21:03.397+0000][1][safepoint    ] Safepoint "Cleanup", Time since last: 1000170345 ns, Reaching safepoint: 90881 ns, At safepoint: 9493 ns, Total: 100374 ns
[2020-02-26T09:21:04.397+0000][1][safepoint    ] Safepoint "Cleanup", Time since last: 1000594249 ns, Reaching safepoint: 77230 ns, At safepoint: 9198 ns, Total: 86428 ns
[2020-02-26T09:21:04.900+0000][1][safepoint    ] Safepoint "RevokeBias", Time since last: 502767194 ns, Reaching safepoint: 71594 ns, At safepoint: 20082 ns, Total: 91676 ns
[2020-02-26T09:21:05.901+0000][1][safepoint    ] Safepoint "Cleanup", Time since last: 1000582885 ns, Reaching safepoint: 92070 ns, At safepoint: 10310 ns, Total: 102380 ns
[2020-02-26T09:21:06.909+0000][1][safepoint    ] Safepoint "Cleanup", Time since last: 1008298255 ns, Reaching safepoint: 101321 ns, At safepoint: 14487 ns, Total: 115808 ns
[2020-02-26T09:21:07.420+0000][1][safepoint    ] Safepoint "RevokeBias", Time since last: 510796630 ns, Reaching safepoint: 77082 ns, At safepoint: 21017 ns, Total: 98099 ns
[2020-02-26T09:21:08.421+0000][1][safepoint    ] Safepoint "Cleanup", Time since last: 1000436114 ns, Reaching safepoint: 77678 ns, At safepoint: 9060 ns, Total: 86738 ns
[2020-02-26T09:21:09.421+0000][1][safepoint    ] Safepoint "Cleanup", Time since last: 1000437281 ns, Reaching safepoint: 75916 ns, At safepoint: 9397 ns, Total: 85313 ns
[2020-02-26T09:21:09.931+0000][1][safepoint    ] Safepoint "RevokeBias", Time since last: 509538037 ns, Reaching safepoint: 71623 ns, At safepoint: 19520 ns, Total: 91143 ns
[2020-02-26T09:21:10.931+0000][1][safepoint    ] Safepoint "Cleanup", Time since last: 1000458697 ns, Reaching safepoint: 78681 ns, At safepoint: 11395 ns, Total: 90076 ns
[2020-02-26T09:21:11.932+0000][1][safepoint    ] Safepoint "Cleanup", Time since last: 1000629675 ns, Reaching safepoint: 77631 ns, At safepoint: 9342 ns, Total: 86973 ns
[2020-02-26T09:21:12.441+0000][1][safepoint    ] Safepoint "RevokeBias", Time since last: 508816925 ns, Reaching safepoint: 163747 ns, At safepoint: 37935 ns, Total: 201682 ns
[2020-02-26T09:21:13.443+0000][1][safepoint    ] Safepoint "Cleanup", Time since last: 1001794596 ns, Reaching safepoint: 79874 ns, At safepoint: 7444 ns, Total: 87318 ns
[2020-02-26T09:21:14.443+0000][1][safepoint    ] Safepoint "Cleanup", Time since last: 1000248955 ns, Reaching safepoint: 127798 ns, At safepoint: 10832 ns, Total: 138630 ns
[2020-02-26T09:21:14.949+0000][1][safepoint    ] Safepoint "RevokeBias", Time since last: 505721240 ns, Reaching safepoint: 118897 ns, At safepoint: 33052 ns, Total: 151949 ns
[2020-02-26T09:21:15.950+0000][1][safepoint    ] Safepoint "Cleanup", Time since last: 1001059666 ns, Reaching safepoint: 77515 ns, At safepoint: 9319 ns, Total: 86834 ns
[2020-02-26T09:21:16.952+0000][1][safepoint    ] Safepoint "Cleanup", Time since last: 1001174357 ns, Reaching safepoint: 80422 ns, At safepoint: 10001 ns, Total: 90423 ns
[2020-02-26T09:21:17.465+0000][1][safepoint    ] Safepoint "RevokeBias", Time since last: 512877994 ns, Reaching safepoint: 58549 ns, At safepoint: 18880 ns, Total: 77429 ns
[2020-02-26T09:21:18.498+0000][1][safepoint    ] Safepoint "Cleanup", Time since last: 1021919757 ns, Reaching safepoint: 11023135 ns, At safepoint: 12556 ns, Total: 11035691 ns
[2020-02-26T09:21:19.498+0000][1][safepoint    ] Safepoint "Cleanup", Time since last: 1000635663 ns, Reaching safepoint: 90245 ns, At safepoint: 9899 ns, Total: 100144 ns
[2020-02-26T09:21:19.976+0000][1][safepoint    ] Safepoint "RevokeBias", Time since last: 477342563 ns, Reaching safepoint: 123114 ns, At safepoint: 62346 ns, Total: 185460 ns
[2020-02-26T09:21:20.976+0000][1][safepoint    ] Safepoint "Cleanup", Time since last: 1000549303 ns, Reaching safepoint: 98242 ns, At safepoint: 13469 ns, Total: 111711 ns
[2020-02-26T09:21:21.978+0000][1][safepoint    ] Safepoint "Cleanup", Time since last: 1000938777 ns, Reaching safepoint: 146113 ns, At safepoint: 18024 ns, Total: 164137 ns
[2020-02-26T09:21:22.483+0000][1][safepoint    ] Safepoint "RevokeBias", Time since last: 504949557 ns, Reaching safepoint: 72728 ns, At safepoint: 19500 ns, Total: 92228 ns
[2020-02-26T09:21:23.487+0000][1][safepoint    ] Safepoint "Cleanup", Time since last: 1003972810 ns, Reaching safepoint: 106969 ns, At safepoint: 9123 ns, Total: 116092 ns
[2020-02-26T09:21:24.487+0000][1][safepoint    ] Safepoint "Cleanup", Time since last: 1000510885 ns, Reaching safepoint: 114077 ns, At safepoint: 14013 ns, Total: 128090 ns
[2020-02-26T09:21:24.990+0000][1][safepoint    ] Safepoint "RevokeBias", Time since last: 502864621 ns, Reaching safepoint: 131278 ns, At safepoint: 36219 ns, Total: 167497 ns
[2020-02-26T09:21:25.991+0000][1][safepoint    ] Safepoint "Cleanup", Time since last: 1000364482 ns, Reaching safepoint: 78867 ns, At safepoint: 11524 ns, Total: 90391 ns
[2020-02-26T09:21:26.992+0000][1][safepoint    ] Safepoint "Cleanup", Time since last: 1000908082 ns, Reaching safepoint: 86976 ns, At safepoint: 11703 ns, Total: 98679 ns
[2020-02-26T09:21:27.500+0000][1][safepoint    ] Safepoint "RevokeBias", Time since last: 507985761 ns, Reaching safepoint: 91130 ns, At safepoint: 27082 ns, Total: 118212 ns
[2020-02-26T09:21:28.507+0000][1][safepoint    ] Safepoint "Cleanup", Time since last: 1006446955 ns, Reaching safepoint: 107086 ns, At safepoint: 12586 ns, Total: 119672 ns
[2020-02-26T09:21:29.508+0000][1][safepoint    ] Safepoint "Cleanup", Time since last: 1000914966 ns, Reaching safepoint: 77816 ns, At safepoint: 10259 ns, Total: 88075 ns
[2020-02-26T09:21:30.005+0000][1][safepoint    ] Safepoint "RevokeBias", Time since last: 497479858 ns, Reaching safepoint: 77374 ns, At safepoint: 20687 ns, Total: 98061 ns
[2020-02-26T09:21:31.006+0000][1][safepoint    ] Safepoint "Cleanup", Time since last: 1000970984 ns, Reaching safepoint: 76844 ns, At safepoint: 9858 ns, Total: 86702 ns
[2020-02-26T09:21:32.007+0000][1][safepoint    ] Safepoint "Cleanup", Time since last: 1000450831 ns, Reaching safepoint: 77077 ns, At safepoint: 9191 ns, Total: 86268 ns
[2020-02-26T09:21:32.513+0000][1][safepoint    ] Safepoint "RevokeBias", Time since last: 506245794 ns, Reaching safepoint: 73323 ns, At safepoint: 18889 ns, Total: 92212 ns
[2020-02-26T09:21:33.513+0000][1][safepoint    ] Safepoint "Cleanup", Time since last: 1000292446 ns, Reaching safepoint: 85816 ns, At safepoint: 9489 ns, Total: 95305 ns
[2020-02-26T09:21:34.514+0000][1][safepoint    ] Safepoint "Cleanup", Time since last: 1000225010 ns, Reaching safepoint: 92086 ns, At safepoint: 9070 ns, Total: 101156 ns
[2020-02-26T09:21:35.018+0000][1][safepoint    ] Safepoint "RevokeBias", Time since last: 503862078 ns, Reaching safepoint: 99454 ns, At safepoint: 22459 ns, Total: 121913 ns
[2020-02-26T09:21:36.018+0000][1][safepoint    ] Safepoint "Cleanup", Time since last: 1000650369 ns, Reaching safepoint: 80734 ns, At safepoint: 9439 ns, Total: 90173 ns
[2020-02-26T09:21:37.019+0000][1][safepoint    ] Safepoint "Cleanup", Time since last: 1000205739 ns, Reaching safepoint: 79037 ns, At safepoint: 10684 ns, Total: 89721 ns
[2020-02-26T09:21:37.524+0000][1][safepoint    ] Safepoint "RevokeBias", Time since last: 504702011 ns, Reaching safepoint: 131329 ns, At safepoint: 34690 ns, Total: 166019 ns
[2020-02-26T09:21:38.525+0000][1][safepoint    ] Safepoint "Cleanup", Time since last: 1001292391 ns, Reaching safepoint: 180802 ns, At safepoint: 13109 ns, Total: 193911 ns
[2020-02-26T09:21:39.526+0000][1][safepoint    ] Safepoint "Cleanup", Time since last: 1000604284 ns, Reaching safepoint: 106009 ns, At safepoint: 12136 ns, Total: 118145 ns
[2020-02-26T09:21:40.031+0000][1][safepoint    ] Safepoint "RevokeBias", Time since last: 505202024 ns, Reaching safepoint: 85660 ns, At safepoint: 19478 ns, Total: 105138 ns
[2020-02-26T09:21:41.031+0000][1][safepoint    ] Safepoint "Cleanup", Time since last: 1000199064 ns, Reaching safepoint: 81250 ns, At safepoint: 8820 ns, Total: 90070 ns
[2020-02-26T09:21:42.032+0000][1][safepoint    ] Safepoint "Cleanup", Time since last: 1000277575 ns, Reaching safepoint: 100260 ns, At safepoint: 14071 ns, Total: 114331 ns
[2020-02-26T09:21:42.535+0000][1][safepoint    ] Safepoint "RevokeBias", Time since last: 502945015 ns, Reaching safepoint: 109721 ns, At safepoint: 30000 ns, Total: 139721 ns
[2020-02-26T09:21:43.535+0000][1][safepoint    ] Safepoint "Cleanup", Time since last: 1000314920 ns, Reaching safepoint: 79636 ns, At safepoint: 9940 ns, Total: 89576 ns
[2020-02-26T09:21:44.546+0000][1][safepoint    ] Safepoint "Cleanup", Time since last: 1010154708 ns, Reaching safepoint: 137728 ns, At safepoint: 10908 ns, Total: 148636 ns
[2020-02-26T09:21:45.044+0000][1][safepoint    ] Safepoint "RevokeBias", Time since last: 498504990 ns, Reaching safepoint: 92111 ns, At safepoint: 24185 ns, Total: 116296 ns
[2020-02-26T09:21:46.045+0000][1][safepoint    ] Safepoint "Cleanup", Time since last: 1000775367 ns, Reaching safepoint: 134946 ns, At safepoint: 13865 ns, Total: 148811 ns
[2020-02-26T09:21:47.045+0000][1][safepoint    ] Safepoint "Cleanup", Time since last: 1000148762 ns, Reaching safepoint: 122410 ns, At safepoint: 11206 ns, Total: 133616 ns
[2020-02-26T09:21:47.557+0000][1][safepoint    ] Safepoint "RevokeBias", Time since last: 511918887 ns, Reaching safepoint: 70402 ns, At safepoint: 19063 ns, Total: 89465 ns
[2020-02-26T09:21:48.558+0000][1][safepoint    ] Safepoint "Cleanup", Time since last: 1000668283 ns, Reaching safepoint: 122057 ns, At safepoint: 9379 ns, Total: 131436 ns
[2020-02-26T09:21:49.560+0000][1][safepoint    ] Safepoint "Cleanup", Time since last: 1001426470 ns, Reaching safepoint: 81586 ns, At safepoint: 11676 ns, Total: 93262 ns
[2020-02-26T09:21:50.093+0000][1][safepoint    ] Safepoint "RevokeBias", Time since last: 533101065 ns, Reaching safepoint: 108452 ns, At safepoint: 32912 ns, Total: 141364 ns
[2020-02-26T09:21:51.094+0000][1][safepoint    ] Safepoint "Cleanup", Time since last: 1000894422 ns, Reaching safepoint: 90647 ns, At safepoint: 8738 ns, Total: 99385 ns
[2020-02-26T09:21:52.094+0000][1][safepoint    ] Safepoint "Cleanup", Time since last: 1000203624 ns, Reaching safepoint: 86092 ns, At safepoint: 11565 ns, Total: 97657 ns
[2020-02-26T09:21:52.610+0000][1][safepoint    ] Safepoint "RevokeBias", Time since last: 515917198 ns, Reaching safepoint: 70637 ns, At safepoint: 19531 ns, Total: 90168 ns
[2020-02-26T09:21:53.611+0000][1][safepoint    ] Safepoint "Cleanup", Time since last: 1000330561 ns, Reaching safepoint: 236348 ns, At safepoint: 26235 ns, Total: 262583 ns
[2020-02-26T09:21:54.612+0000][1][safepoint    ] Safepoint "Cleanup", Time since last: 1000830074 ns, Reaching safepoint: 95964 ns, At safepoint: 10994 ns, Total: 106958 ns
[2020-02-26T09:21:55.115+0000][1][safepoint    ] Safepoint "RevokeBias", Time since last: 503335604 ns, Reaching safepoint: 108869 ns, At safepoint: 33230 ns, Total: 142099 ns
[2020-02-26T09:21:56.123+0000][1][safepoint    ] Safepoint "Cleanup", Time since last: 1008030552 ns, Reaching safepoint: 57738 ns, At safepoint: 7060 ns, Total: 64798 ns
[2020-02-26T09:21:57.157+0000][1][safepoint    ] Safepoint "Cleanup", Time since last: 1033724331 ns, Reaching safepoint: 105550 ns, At safepoint: 14821 ns, Total: 120371 ns
[2020-02-26T09:21:57.657+0000][1][safepoint    ] Safepoint "RevokeBias", Time since last: 499671433 ns, Reaching safepoint: 80614 ns, At safepoint: 24908 ns, Total: 105522 ns
[2020-02-26T09:21:58.658+0000][1][safepoint    ] Safepoint "Cleanup", Time since last: 1000515604 ns, Reaching safepoint: 128202 ns, At safepoint: 10934 ns, Total: 139136 ns
[2020-02-26T09:21:59.658+0000][1][safepoint    ] Safepoint "Cleanup", Time since last: 1000394628 ns, Reaching safepoint: 90936 ns, At safepoint: 10496 ns, Total: 101432 ns
[2020-02-26T09:22:00.161+0000][1][safepoint    ] Safepoint "RevokeBias", Time since last: 502788909 ns, Reaching safepoint: 107889 ns, At safepoint: 32598 ns, Total: 140487 ns
[2020-02-26T09:22:01.163+0000][1][safepoint    ] Safepoint "Cleanup", Time since last: 1001551077 ns, Reaching safepoint: 75846 ns, At safepoint: 8386 ns, Total: 84232 ns
[2020-02-26T09:22:02.164+0000][1][safepoint    ] Safepoint "Cleanup", Time since last: 1000654532 ns, Reaching safepoint: 102882 ns, At safepoint: 10938 ns, Total: 113820 ns
[2020-02-26T09:22:02.667+0000][1][safepoint    ] Safepoint "BulkRevokeBias", Time since last: 503222223 ns, Reaching safepoint: 75780 ns, At safepoint: 387975 ns, Total: 463755 ns
[2020-02-26T09:22:03.668+0000][1][safepoint    ] Safepoint "Cleanup", Time since last: 1000567238 ns, Reaching safepoint: 122449 ns, At safepoint: 13203 ns, Total: 135652 ns
[2020-02-26T09:22:04.669+0000][1][safepoint    ] Safepoint "Cleanup", Time since last: 1001352239 ns, Reaching safepoint: 76962 ns, At safepoint: 9014 ns, Total: 85976 ns
[2020-02-26T09:22:05.172+0000][1][safepoint    ] Safepoint "RevokeBias", Time since last: 502556167 ns, Reaching safepoint: 75737 ns, At safepoint: 20123 ns, Total: 95860 ns
[2020-02-26T09:22:06.174+0000][1][safepoint    ] Safepoint "Cleanup", Time since last: 1001693112 ns, Reaching safepoint: 89768 ns, At safepoint: 12026 ns, Total: 101794 ns
[2020-02-26T09:22:07.177+0000][1][safepoint    ] Safepoint "Cleanup", Time since last: 1002611725 ns, Reaching safepoint: 93143 ns, At safepoint: 14587 ns, Total: 107730 ns
[2020-02-26T09:22:07.676+0000][1][safepoint    ] Safepoint "RevokeBias", Time since last: 499404865 ns, Reaching safepoint: 71535 ns, At safepoint: 19124 ns, Total: 90659 ns
[2020-02-26T09:22:08.677+0000][1][safepoint    ] Safepoint "Cleanup", Time since last: 1000984671 ns, Reaching safepoint: 126592 ns, At safepoint: 15966 ns, Total: 142558 ns
[2020-02-26T09:22:09.677+0000][1][safepoint    ] Safepoint "Cleanup", Time since last: 1000204267 ns, Reaching safepoint: 93773 ns, At safepoint: 8577 ns, Total: 102350 ns
[2020-02-26T09:22:10.183+0000][1][safepoint    ] Safepoint "RevokeBias", Time since last: 505115110 ns, Reaching safepoint: 73720 ns, At safepoint: 19464 ns, Total: 93184 ns
[2020-02-26T09:22:11.183+0000][1][safepoint    ] Safepoint "Cleanup", Time since last: 1000214548 ns, Reaching safepoint: 100796 ns, At safepoint: 17275 ns, Total: 118071 ns
[2020-02-26T09:22:12.184+0000][1][safepoint    ] Safepoint "Cleanup", Time since last: 1000755308 ns, Reaching safepoint: 94981 ns, At safepoint: 11344 ns, Total: 106325 ns
[2020-02-26T09:22:12.688+0000][1][safepoint    ] Safepoint "RevokeBias", Time since last: 503594634 ns, Reaching safepoint: 105346 ns, At safepoint: 40210 ns, Total: 145556 ns
[2020-02-26T09:22:13.689+0000][1][safepoint    ] Safepoint "Cleanup", Time since last: 1001024340 ns, Reaching safepoint: 77014 ns, At safepoint: 9938 ns, Total: 86952 ns
[2020-02-26T09:22:14.690+0000][1][safepoint    ] Safepoint "Cleanup", Time since last: 1001253919 ns, Reaching safepoint: 124130 ns, At safepoint: 15059 ns, Total: 139189 ns
[2020-02-26T09:22:15.192+0000][1][safepoint    ] Safepoint "RevokeBias", Time since last: 501972280 ns, Reaching safepoint: 144325 ns, At safepoint: 134366 ns, Total: 278691 ns
[2020-02-26T09:22:16.193+0000][1][safepoint    ] Safepoint "Cleanup", Time since last: 1000280725 ns, Reaching safepoint: 110028 ns, At safepoint: 14851 ns, Total: 124879 ns
[2020-02-26T09:22:17.197+0000][1][safepoint    ] Safepoint "Cleanup", Time since last: 1004323787 ns, Reaching safepoint: 57760 ns, At safepoint: 8006 ns, Total: 65766 ns
[2020-02-26T09:22:17.698+0000][1][safepoint    ] Safepoint "RevokeBias", Time since last: 500371780 ns, Reaching safepoint: 167739 ns, At safepoint: 22014 ns, Total: 189753 ns
[2020-02-26T09:22:19.433+0000][1][safepoint    ] Safepoint "Cleanup", Time since last: 1734663816 ns, Reaching safepoint: 162256 ns, At safepoint: 27980 ns, Total: 190236 ns
[2020-02-26T09:22:20.212+0000][1][safepoint    ] Safepoint "RevokeBias", Time since last: 779186642 ns, Reaching safepoint: 318064 ns, At safepoint: 35061 ns, Total: 353125 ns
[2020-02-26T09:22:21.213+0000][1][safepoint    ] Safepoint "Cleanup", Time since last: 1000369398 ns, Reaching safepoint: 140132 ns, At safepoint: 22344 ns, Total: 162476 ns
[2020-02-26T09:22:22.219+0000][1][safepoint    ] Safepoint "Cleanup", Time since last: 1005915173 ns, Reaching safepoint: 71102 ns, At safepoint: 7670 ns, Total: 78772 ns
[2020-02-26T09:22:22.721+0000][1][safepoint    ] Safepoint "RevokeBias", Time since last: 502713594 ns, Reaching safepoint: 83656 ns, At safepoint: 22654 ns, Total: 106310 ns
[2020-02-26T09:22:23.722+0000][1][safepoint    ] Safepoint "Cleanup", Time since last: 1000299582 ns, Reaching safepoint: 74419 ns, At safepoint: 8087 ns, Total: 82506 ns
[2020-02-26T09:22:24.723+0000][1][safepoint    ] Safepoint "Cleanup", Time since last: 1000812963 ns, Reaching safepoint: 90228 ns, At safepoint: 8782 ns, Total: 99010 ns
[2020-02-26T09:22:25.234+0000][1][safepoint    ] Safepoint "RevokeBias", Time since last: 511225178 ns, Reaching safepoint: 117700 ns, At safepoint: 23483 ns, Total: 141183 ns
[2020-02-26T09:22:26.235+0000][1][safepoint    ] Safepoint "Cleanup", Time since last: 1000496983 ns, Reaching safepoint: 115256 ns, At safepoint: 14218 ns, Total: 129474 ns
[2020-02-26T09:22:27.235+0000][1][safepoint    ] Safepoint "Cleanup", Time since last: 1000478862 ns, Reaching safepoint: 97089 ns, At safepoint: 9420 ns, Total: 106509 ns
[2020-02-26T09:22:27.746+0000][1][safepoint    ] Safepoint "RevokeBias", Time since last: 510617224 ns, Reaching safepoint: 75418 ns, At safepoint: 20766 ns, Total: 96184 ns
[2020-02-26T09:22:28.747+0000][1][safepoint    ] Safepoint "Cleanup", Time since last: 1000729970 ns, Reaching safepoint: 76383 ns, At safepoint: 9578 ns, Total: 85961 ns
[2020-02-26T09:22:29.747+0000][1][safepoint    ] Safepoint "Cleanup", Time since last: 1000152445 ns, Reaching safepoint: 83107 ns, At safepoint: 10049 ns, Total: 93156 ns
[2020-02-26T09:22:30.255+0000][1][safepoint    ] Safepoint "RevokeBias", Time since last: 508071209 ns, Reaching safepoint: 80650 ns, At safepoint: 21358 ns, Total: 102008 ns
[2020-02-26T09:22:31.256+0000][1][safepoint    ] Safepoint "Cleanup", Time since last: 1000385132 ns, Reaching safepoint: 129342 ns, At safepoint: 17768 ns, Total: 147110 ns
[2020-02-26T09:22:32.258+0000][1][safepoint    ] Safepoint "Cleanup", Time since last: 1001597147 ns, Reaching safepoint: 108148 ns, At safepoint: 18053 ns, Total: 126201 ns
[2020-02-26T09:22:32.767+0000][1][safepoint    ] Safepoint "RevokeBias", Time since last: 509078802 ns, Reaching safepoint: 74323 ns, At safepoint: 19948 ns, Total: 94271 ns
[2020-02-26T09:22:33.802+0000][1][safepoint    ] Safepoint "Cleanup", Time since last: 1034599351 ns, Reaching safepoint: 292875 ns, At safepoint: 29716 ns, Total: 322591 ns
[2020-02-26T09:22:34.802+0000][1][safepoint    ] Safepoint "Cleanup", Time since last: 1000570943 ns, Reaching safepoint: 103638 ns, At safepoint: 28462 ns, Total: 132100 ns
[2020-02-26T09:22:35.273+0000][1][safepoint    ] Safepoint "RevokeBias", Time since last: 471067703 ns, Reaching safepoint: 73611 ns, At safepoint: 20140 ns, Total: 93751 ns
[2020-02-26T09:22:36.274+0000][1][safepoint    ] Safepoint "Cleanup", Time since last: 1000367566 ns, Reaching safepoint: 77395 ns, At safepoint: 9101 ns, Total: 86496 ns
[2020-02-26T09:22:37.278+0000][1][safepoint    ] Safepoint "Cleanup", Time since last: 1003861297 ns, Reaching safepoint: 97543 ns, At safepoint: 10838 ns, Total: 108381 ns
[2020-02-26T09:22:37.788+0000][1][safepoint    ] Safepoint "RevokeBias", Time since last: 510236674 ns, Reaching safepoint: 127412 ns, At safepoint: 32396 ns, Total: 159808 ns
[2020-02-26T09:22:38.792+0000][1][safepoint    ] Safepoint "Cleanup", Time since last: 1004093126 ns, Reaching safepoint: 76003 ns, At safepoint: 8809 ns, Total: 84812 ns
[2020-02-26T09:22:39.794+0000][1][safepoint    ] Safepoint "Cleanup", Time since last: 1001119001 ns, Reaching safepoint: 109041 ns, At safepoint: 14206 ns, Total: 123247 ns
[2020-02-26T09:22:40.296+0000][1][safepoint    ] Safepoint "RevokeBias", Time since last: 502131559 ns, Reaching safepoint: 98349 ns, At safepoint: 21562 ns, Total: 119911 ns
[2020-02-26T09:22:41.297+0000][1][safepoint    ] Safepoint "Cleanup", Time since last: 1000631301 ns, Reaching safepoint: 78746 ns, At safepoint: 10480 ns, Total: 89226 ns
[2020-02-26T09:22:42.297+0000][1][safepoint    ] Safepoint "Cleanup", Time since last: 1000223268 ns, Reaching safepoint: 113916 ns, At safepoint: 8973 ns, Total: 122889 ns
[2020-02-26T09:22:42.800+0000][1][safepoint    ] Safepoint "RevokeBias", Time since last: 502717944 ns, Reaching safepoint: 69285 ns, At safepoint: 19550 ns, Total: 88835 ns
[2020-02-26T09:22:43.806+0000][1][safepoint    ] Safepoint "Cleanup", Time since last: 1005995017 ns, Reaching safepoint: 77759 ns, At safepoint: 8209 ns, Total: 85968 ns
[2020-02-26T09:22:44.807+0000][1][safepoint    ] Safepoint "Cleanup", Time since last: 1000553773 ns, Reaching safepoint: 76438 ns, At safepoint: 8527 ns, Total: 84965 ns
[2020-02-26T09:22:45.304+0000][1][safepoint    ] Safepoint "RevokeBias", Time since last: 497343881 ns, Reaching safepoint: 90858 ns, At safepoint: 22926 ns, Total: 113784 ns
[2020-02-26T09:22:46.304+0000][1][safepoint    ] Safepoint "Cleanup", Time since last: 1000182735 ns, Reaching safepoint: 91332 ns, At safepoint: 9050 ns, Total: 100382 ns
[2020-02-26T09:22:47.305+0000][1][safepoint    ] Safepoint "Cleanup", Time since last: 1000215551 ns, Reaching safepoint: 86920 ns, At safepoint: 13957 ns, Total: 100877 ns
[2020-02-26T09:22:47.808+0000][1][safepoint    ] Safepoint "RevokeBias", Time since last: 503748683 ns, Reaching safepoint: 75175 ns, At safepoint: 20221 ns, Total: 95396 ns
[2020-02-26T09:22:48.810+0000][1][safepoint    ] Safepoint "Cleanup", Time since last: 1001018026 ns, Reaching safepoint: 115073 ns, At safepoint: 11567 ns, Total: 126640 ns
[2020-02-26T09:22:49.810+0000][1][safepoint    ] Safepoint "Cleanup", Time since last: 1000371357 ns, Reaching safepoint: 109788 ns, At safepoint: 7793 ns, Total: 117581 ns
[2020-02-26T09:22:50.314+0000][1][safepoint    ] Safepoint "RevokeBias", Time since last: 503459188 ns, Reaching safepoint: 80344 ns, At safepoint: 21673 ns, Total: 102017 ns
[2020-02-26T09:22:51.314+0000][1][safepoint    ] Safepoint "Cleanup", Time since last: 1000684817 ns, Reaching safepoint: 139003 ns, At safepoint: 13892 ns, Total: 152895 ns
[2020-02-26T09:22:52.315+0000][1][safepoint    ] Safepoint "Cleanup", Time since last: 1000885480 ns, Reaching safepoint: 97520 ns, At safepoint: 10408 ns, Total: 107928 ns
[2020-02-26T09:22:52.818+0000][1][safepoint    ] Safepoint "RevokeBias", Time since last: 502696667 ns, Reaching safepoint: 92409 ns, At safepoint: 37496 ns, Total: 129905 ns
[2020-02-26T09:22:53.819+0000][1][safepoint    ] Safepoint "Cleanup", Time since last: 1000286814 ns, Reaching safepoint: 75304 ns, At safepoint: 9346 ns, Total: 84650 ns
[2020-02-26T09:22:53.848+0000][1][gc,start     ] GC(52) Pause Young (Allocation Failure)
[2020-02-26T09:22:53.848+0000][1][gc,task      ] GC(52) Using 1 workers of 1 for evacuation
[2020-02-26T09:22:53.860+0000][1][gc,age       ] GC(52) Desired survivor size 4358144 bytes, new threshold 6 (max threshold 6)
[2020-02-26T09:22:53.860+0000][1][gc,age       ] GC(52) Age table with threshold 6 (max threshold 6)
[2020-02-26T09:22:53.860+0000][1][gc,age       ] GC(52) - age   1:      10888 bytes,      10888 total
[2020-02-26T09:22:53.860+0000][1][gc,age       ] GC(52) - age   2:       1200 bytes,      12088 total
[2020-02-26T09:22:53.860+0000][1][gc,age       ] GC(52) - age   3:        704 bytes,      12792 total
[2020-02-26T09:22:53.860+0000][1][gc,age       ] GC(52) - age   4:       2256 bytes,      15048 total
[2020-02-26T09:22:53.860+0000][1][gc,age       ] GC(52) - age   5:       3072 bytes,      18120 total
[2020-02-26T09:22:53.861+0000][1][gc,age       ] GC(52) - age   6:       3968 bytes,      22088 total
[2020-02-26T09:22:53.861+0000][1][gc,heap      ] GC(52) ParNew: 68188K->42K(76672K)
[2020-02-26T09:22:53.861+0000][1][gc,heap      ] GC(52) CMS: 62614K->62615K(963392K)
[2020-02-26T09:22:53.861+0000][1][gc,metaspace ] GC(52) Metaspace: 79480K->79480K(1122304K)
[2020-02-26T09:22:53.861+0000][1][gc           ] GC(52) Pause Young (Allocation Failure) 127M->61M(1015M) 12.995ms
[2020-02-26T09:22:53.861+0000][1][gc,cpu       ] GC(52) User=0.01s Sys=0.00s Real=0.01s
[2020-02-26T09:22:53.861+0000][1][safepoint    ] Safepoint "GenCollectForAllocation", Time since last: 28813865 ns, Reaching safepoint: 85772 ns, At safepoint: 13057429 ns, Total: 13143201 ns
[2020-02-26T09:22:55.321+0000][1][safepoint    ] Safepoint "RevokeBias", Time since last: 1460410099 ns, Reaching safepoint: 74423 ns, At safepoint: 19432 ns, Total: 93855 ns
[2020-02-26T09:22:56.323+0000][1][safepoint    ] Safepoint "Cleanup", Time since last: 1001912284 ns, Reaching safepoint: 140719 ns, At safepoint: 14531 ns, Total: 155250 ns
[2020-02-26T09:22:57.324+0000][1][safepoint    ] Safepoint "Cleanup", Time since last: 1000893061 ns, Reaching safepoint: 76550 ns, At safepoint: 9534 ns, Total: 86084 ns
[2020-02-26T09:22:57.826+0000][1][safepoint    ] Safepoint "RevokeBias", Time since last: 501382520 ns, Reaching safepoint: 83798 ns, At safepoint: 22827 ns, Total: 106625 ns
[2020-02-26T09:22:58.826+0000][1][safepoint    ] Safepoint "Cleanup", Time since last: 1000196606 ns, Reaching safepoint: 78450 ns, At safepoint: 10233 ns, Total: 88683 ns
[2020-02-26T09:22:59.837+0000][1][safepoint    ] Safepoint "Cleanup", Time since last: 1010484709 ns, Reaching safepoint: 74879 ns, At safepoint: 8983 ns, Total: 83862 ns
[2020-02-26T09:23:00.339+0000][1][safepoint    ] Safepoint "RevokeBias", Time since last: 502209991 ns, Reaching safepoint: 103521 ns, At safepoint: 19223 ns, Total: 122744 ns
[2020-02-26T09:23:01.340+0000][1][safepoint    ] Safepoint "Cleanup", Time since last: 1000651188 ns, Reaching safepoint: 118561 ns, At safepoint: 13882 ns, Total: 132443 ns
[2020-02-26T09:23:02.341+0000][1][safepoint    ] Safepoint "Cleanup", Time since last: 1000736488 ns, Reaching safepoint: 137783 ns, At safepoint: 12032 ns, Total: 149815 ns
[2020-02-26T09:23:02.845+0000][1][safepoint    ] Safepoint "RevokeBias", Time since last: 504171778 ns, Reaching safepoint: 96317 ns, At safepoint: 27021 ns, Total: 123338 ns
[2020-02-26T09:23:03.846+0000][1][safepoint    ] Safepoint "Cleanup", Time since last: 1000594660 ns, Reaching safepoint: 85909 ns, At safepoint: 10808 ns, Total: 96717 ns
[2020-02-26T09:23:04.846+0000][1][safepoint    ] Safepoint "Cleanup", Time since last: 1000272167 ns, Reaching safepoint: 81712 ns, At safepoint: 9643 ns, Total: 91355 ns
[2020-02-26T09:23:05.369+0000][1][safepoint    ] Safepoint "RevokeBias", Time since last: 522745507 ns, Reaching safepoint: 78470 ns, At safepoint: 21308 ns, Total: 99778 ns
[2020-02-26T09:23:06.370+0000][1][safepoint    ] Safepoint "Cleanup", Time since last: 1000861562 ns, Reaching safepoint: 76801 ns, At safepoint: 9192 ns, Total: 85993 ns
[2020-02-26T09:23:07.370+0000][1][safepoint    ] Safepoint "Cleanup", Time since last: 1000246792 ns, Reaching safepoint: 148809 ns, At safepoint: 12562 ns, Total: 161371 ns
[2020-02-26T09:23:07.883+0000][1][safepoint    ] Safepoint "RevokeBias", Time since last: 513117923 ns, Reaching safepoint: 71160 ns, At safepoint: 18684 ns, Total: 89844 ns
[2020-02-26T09:23:08.884+0000][1][safepoint    ] Safepoint "Cleanup", Time since last: 1000897695 ns, Reaching safepoint: 74586 ns, At safepoint: 7927 ns, Total: 82513 ns
[2020-02-26T09:23:09.886+0000][1][safepoint    ] Safepoint "Cleanup", Time since last: 1001178483 ns, Reaching safepoint: 96487 ns, At safepoint: 11637 ns, Total: 108124 ns
[2020-02-26T09:23:10.391+0000][1][safepoint    ] Safepoint "RevokeBias", Time since last: 504825329 ns, Reaching safepoint: 111561 ns, At safepoint: 33757 ns, Total: 145318 ns
[2020-02-26T09:23:11.394+0000][1][safepoint    ] Safepoint "Cleanup", Time since last: 1002987504 ns, Reaching safepoint: 224406 ns, At safepoint: 27083 ns, Total: 251489 ns
[2020-02-26T09:23:12.395+0000][1][safepoint    ] Safepoint "Cleanup", Time since last: 1000726705 ns, Reaching safepoint: 105230 ns, At safepoint: 14901 ns, Total: 120131 ns
[2020-02-26T09:23:12.896+0000][1][safepoint    ] Safepoint "RevokeBias", Time since last: 501658784 ns, Reaching safepoint: 76053 ns, At safepoint: 21169 ns, Total: 97222 ns
[2020-02-26T09:23:13.898+0000][1][safepoint    ] Safepoint "Cleanup", Time since last: 1001133531 ns, Reaching safepoint: 75179 ns, At safepoint: 9007 ns, Total: 84186 ns
[2020-02-26T09:23:14.898+0000][1][safepoint    ] Safepoint "Cleanup", Time since last: 1000424916 ns, Reaching safepoint: 89747 ns, At safepoint: 9868 ns, Total: 99615 ns
[2020-02-26T09:23:15.403+0000][1][safepoint    ] Safepoint "BulkRevokeBias", Time since last: 504568269 ns, Reaching safepoint: 88511 ns, At safepoint: 263853 ns, Total: 352364 ns
[2020-02-26T09:23:16.420+0000][1][safepoint    ] Safepoint "Cleanup", Time since last: 1016702831 ns, Reaching safepoint: 74581 ns, At safepoint: 8509 ns, Total: 83090 ns
[2020-02-26T09:23:17.420+0000][1][safepoint    ] Safepoint "Cleanup", Time since last: 1000252407 ns, Reaching safepoint: 90844 ns, At safepoint: 11807 ns, Total: 102651 ns
[2020-02-26T09:23:17.920+0000][1][safepoint    ] Safepoint "RevokeBias", Time since last: 499369066 ns, Reaching safepoint: 183747 ns, At safepoint: 25761 ns, Total: 209508 ns
[2020-02-26T09:23:18.920+0000][1][safepoint    ] Safepoint "Cleanup", Time since last: 1000303923 ns, Reaching safepoint: 85401 ns, At safepoint: 10168 ns, Total: 95569 ns
[2020-02-26T09:23:19.921+0000][1][safepoint    ] Safepoint "Cleanup", Time since last: 1000409788 ns, Reaching safepoint: 82769 ns, At safepoint: 12859 ns, Total: 95628 ns
[2020-02-26T09:23:20.430+0000][1][safepoint    ] Safepoint "RevokeBias", Time since last: 509567057 ns, Reaching safepoint: 118148 ns, At safepoint: 37488 ns, Total: 155636 ns
[2020-02-26T09:23:21.432+0000][1][safepoint    ] Safepoint "Cleanup", Time since last: 1001073538 ns, Reaching safepoint: 53584 ns, At safepoint: 7399 ns, Total: 60983 ns
[2020-02-26T09:23:22.436+0000][1][safepoint    ] Safepoint "Cleanup", Time since last: 1003912792 ns, Reaching safepoint: 73723 ns, At safepoint: 7250 ns, Total: 80973 ns
[2020-02-26T09:23:22.936+0000][1][safepoint    ] Safepoint "RevokeBias", Time since last: 500517332 ns, Reaching safepoint: 71603 ns, At safepoint: 19607 ns, Total: 91210 ns
[2020-02-26T09:23:23.937+0000][1][safepoint    ] Safepoint "Cleanup", Time since last: 1001005451 ns, Reaching safepoint: 89098 ns, At safepoint: 10928 ns, Total: 100026 ns
[2020-02-26T09:23:24.938+0000][1][safepoint    ] Safepoint "Cleanup", Time since last: 1000797406 ns, Reaching safepoint: 113623 ns, At safepoint: 11532 ns, Total: 125155 ns
[2020-02-26T09:23:25.440+0000][1][safepoint    ] Safepoint "RevokeBias", Time since last: 501537207 ns, Reaching safepoint: 78447 ns, At safepoint: 22120 ns, Total: 100567 ns
[2020-02-26T09:23:26.441+0000][1][safepoint    ] Safepoint "Cleanup", Time since last: 1000832769 ns, Reaching safepoint: 79316 ns, At safepoint: 9498 ns, Total: 88814 ns
[2020-02-26T09:23:27.442+0000][1][safepoint    ] Safepoint "Cleanup", Time since last: 1000973798 ns, Reaching safepoint: 88115 ns, At safepoint: 8324 ns, Total: 96439 ns
[2020-02-26T09:23:27.945+0000][1][safepoint    ] Safepoint "RevokeBias", Time since last: 503173052 ns, Reaching safepoint: 70875 ns, At safepoint: 19162 ns, Total: 90037 ns
[2020-02-26T09:23:28.946+0000][1][safepoint    ] Safepoint "Cleanup", Time since last: 1000538115 ns, Reaching safepoint: 75154 ns, At safepoint: 10183 ns, Total: 85337 ns
[2020-02-26T09:23:29.946+0000][1][safepoint    ] Safepoint "Cleanup", Time since last: 1000459297 ns, Reaching safepoint: 123116 ns, At safepoint: 14766 ns, Total: 137882 ns
[2020-02-26T09:23:30.449+0000][1][safepoint    ] Safepoint "RevokeBias", Time since last: 502716567 ns, Reaching safepoint: 76342 ns, At safepoint: 19873 ns, Total: 96215 ns
[2020-02-26T09:23:31.450+0000][1][safepoint    ] Safepoint "Cleanup", Time since last: 1000374725 ns, Reaching safepoint: 77281 ns, At safepoint: 8885 ns, Total: 86166 ns
[2020-02-26T09:23:32.454+0000][1][safepoint    ] Safepoint "Cleanup", Time since last: 1004637794 ns, Reaching safepoint: 72931 ns, At safepoint: 7503 ns, Total: 80434 ns
[2020-02-26T09:23:32.970+0000][1][safepoint    ] Safepoint "RevokeBias", Time since last: 516005485 ns, Reaching safepoint: 76800 ns, At safepoint: 20499 ns, Total: 97299 ns
[2020-02-26T09:23:33.971+0000][1][safepoint    ] Safepoint "Cleanup", Time since last: 1000346285 ns, Reaching safepoint: 102939 ns, At safepoint: 13486 ns, Total: 116425 ns
[2020-02-26T09:23:34.972+0000][1][safepoint    ] Safepoint "Cleanup", Time since last: 1000502413 ns, Reaching safepoint: 209862 ns, At safepoint: 30247 ns, Total: 240109 ns
[2020-02-26T09:23:35.479+0000][1][safepoint    ] Safepoint "RevokeBias", Time since last: 507071603 ns, Reaching safepoint: 88670 ns, At safepoint: 20079 ns, Total: 108749 ns
[2020-02-26T09:23:36.479+0000][1][safepoint    ] Safepoint "Cleanup", Time since last: 1000237971 ns, Reaching safepoint: 73308 ns, At safepoint: 8107 ns, Total: 81415 ns
[2020-02-26T09:23:37.479+0000][1][safepoint    ] Safepoint "Cleanup", Time since last: 1000223990 ns, Reaching safepoint: 76654 ns, At safepoint: 8595 ns, Total: 85249 ns
[2020-02-26T09:23:38.000+0000][1][safepoint    ] Safepoint "RevokeBias", Time since last: 520073048 ns, Reaching safepoint: 74734 ns, At safepoint: 20711 ns, Total: 95445 ns
[2020-02-26T09:23:39.000+0000][1][safepoint    ] Safepoint "Cleanup", Time since last: 1000648089 ns, Reaching safepoint: 236446 ns, At safepoint: 16758 ns, Total: 253204 ns
[2020-02-26T09:23:40.002+0000][1][safepoint    ] Safepoint "Cleanup", Time since last: 1001160373 ns, Reaching safepoint: 77591 ns, At safepoint: 8787 ns, Total: 86378 ns
[2020-02-26T09:23:40.510+0000][1][safepoint    ] Safepoint "RevokeBias", Time since last: 507859741 ns, Reaching safepoint: 75948 ns, At safepoint: 20564 ns, Total: 96512 ns
[2020-02-26T09:23:41.511+0000][1][safepoint    ] Safepoint "Cleanup", Time since last: 1000951316 ns, Reaching safepoint: 76986 ns, At safepoint: 9158 ns, Total: 86144 ns
[2020-02-26T09:23:42.511+0000][1][safepoint    ] Safepoint "Cleanup", Time since last: 1000244121 ns, Reaching safepoint: 75966 ns, At safepoint: 10287 ns, Total: 86253 ns
[2020-02-26T09:23:43.019+0000][1][safepoint    ] Safepoint "RevokeBias", Time since last: 507864049 ns, Reaching safepoint: 70512 ns, At safepoint: 20003 ns, Total: 90515 ns
[2020-02-26T09:23:44.020+0000][1][safepoint    ] Safepoint "Cleanup", Time since last: 1000688107 ns, Reaching safepoint: 79604 ns, At safepoint: 9978 ns, Total: 89582 ns
[2020-02-26T09:23:45.020+0000][1][safepoint    ] Safepoint "Cleanup", Time since last: 1000464621 ns, Reaching safepoint: 91904 ns, At safepoint: 10551 ns, Total: 102455 ns
[2020-02-26T09:23:45.531+0000][1][safepoint    ] Safepoint "RevokeBias", Time since last: 510581751 ns, Reaching safepoint: 79479 ns, At safepoint: 19565 ns, Total: 99044 ns
[2020-02-26T09:23:46.531+0000][1][safepoint    ] Safepoint "Cleanup", Time since last: 1000214133 ns, Reaching safepoint: 84201 ns, At safepoint: 8641 ns, Total: 92842 ns
[2020-02-26T09:23:47.532+0000][1][safepoint    ] Safepoint "Cleanup", Time since last: 1000377078 ns, Reaching safepoint: 102512 ns, At safepoint: 12334 ns, Total: 114846 ns
[2020-02-26T09:23:48.037+0000][1][safepoint    ] Safepoint "RevokeBias", Time since last: 505488717 ns, Reaching safepoint: 79230 ns, At safepoint: 20994 ns, Total: 100224 ns
[2020-02-26T09:23:49.038+0000][1][safepoint    ] Safepoint "Cleanup", Time since last: 1000489860 ns, Reaching safepoint: 93048 ns, At safepoint: 9064 ns, Total: 102112 ns
[2020-02-26T09:23:50.038+0000][1][safepoint    ] Safepoint "Cleanup", Time since last: 1000342048 ns, Reaching safepoint: 101244 ns, At safepoint: 12408 ns, Total: 113652 ns
[2020-02-26T09:23:50.543+0000][1][safepoint    ] Safepoint "RevokeBias", Time since last: 504088087 ns, Reaching safepoint: 73051 ns, At safepoint: 20068 ns, Total: 93119 ns
[2020-02-26T09:23:51.544+0000][1][safepoint    ] Safepoint "Cleanup", Time since last: 1000739332 ns, Reaching safepoint: 184327 ns, At safepoint: 14798 ns, Total: 199125 ns
[2020-02-26T09:23:52.544+0000][1][safepoint    ] Safepoint "Cleanup", Time since last: 1000275145 ns, Reaching safepoint: 77089 ns, At safepoint: 10093 ns, Total: 87182 ns
[2020-02-26T09:23:53.049+0000][1][safepoint    ] Safepoint "RevokeBias", Time since last: 504948531 ns, Reaching safepoint: 73089 ns, At safepoint: 19749 ns, Total: 92838 ns
[2020-02-26T09:23:54.056+0000][1][safepoint    ] Safepoint "Cleanup", Time since last: 1006876608 ns, Reaching safepoint: 219464 ns, At safepoint: 27043 ns, Total: 246507 ns
[2020-02-26T09:23:55.057+0000][1][safepoint    ] Safepoint "Cleanup", Time since last: 1000497160 ns, Reaching safepoint: 144672 ns, At safepoint: 11091 ns, Total: 155763 ns
[2020-02-26T09:23:55.551+0000][1][safepoint    ] Safepoint "RevokeBias", Time since last: 493959968 ns, Reaching safepoint: 71428 ns, At safepoint: 18568 ns, Total: 89996 ns
[2020-02-26T09:23:56.551+0000][1][safepoint    ] Safepoint "Cleanup", Time since last: 1000460290 ns, Reaching safepoint: 76956 ns, At safepoint: 10031 ns, Total: 86987 ns
[2020-02-26T09:23:57.552+0000][1][safepoint    ] Safepoint "Cleanup", Time since last: 1000591457 ns, Reaching safepoint: 94237 ns, At safepoint: 15714 ns, Total: 109951 ns
[2020-02-26T09:23:58.056+0000][1][safepoint    ] Safepoint "RevokeBias", Time since last: 504204528 ns, Reaching safepoint: 77719 ns, At safepoint: 20676 ns, Total: 98395 ns
[2020-02-26T09:23:59.057+0000][1][safepoint    ] Safepoint "Cleanup", Time since last: 1000730037 ns, Reaching safepoint: 100235 ns, At safepoint: 10408 ns, Total: 110643 ns
[2020-02-26T09:24:00.058+0000][1][safepoint    ] Safepoint "Cleanup", Time since last: 1000207971 ns, Reaching safepoint: 184078 ns, At safepoint: 27120 ns, Total: 211198 ns
[2020-02-26T09:24:00.561+0000][1][safepoint    ] Safepoint "RevokeBias", Time since last: 503494889 ns, Reaching safepoint: 114969 ns, At safepoint: 32239 ns, Total: 147208 ns
[2020-02-26T09:24:01.568+0000][1][safepoint    ] Safepoint "Cleanup", Time since last: 1006899379 ns, Reaching safepoint: 101811 ns, At safepoint: 13361 ns, Total: 115172 ns
[2020-02-26T09:24:02.569+0000][1][safepoint    ] Safepoint "Cleanup", Time since last: 1000686835 ns, Reaching safepoint: 121724 ns, At safepoint: 11065 ns, Total: 132789 ns
[2020-02-26T09:24:03.068+0000][1][safepoint    ] Safepoint "RevokeBias", Time since last: 498640797 ns, Reaching safepoint: 114970 ns, At safepoint: 32117 ns, Total: 147087 ns
[2020-02-26T09:24:04.069+0000][1][safepoint    ] Safepoint "Cleanup", Time since last: 1000545049 ns, Reaching safepoint: 124687 ns, At safepoint: 10578 ns, Total: 135265 ns
[2020-02-26T09:24:05.076+0000][1][safepoint    ] Safepoint "Cleanup", Time since last: 1007063304 ns, Reaching safepoint: 77056 ns, At safepoint: 9150 ns, Total: 86206 ns
[2020-02-26T09:24:05.572+0000][1][safepoint    ] Safepoint "RevokeBias", Time since last: 496537934 ns, Reaching safepoint: 72461 ns, At safepoint: 20286 ns, Total: 92747 ns
[2020-02-26T09:24:06.573+0000][1][safepoint    ] Safepoint "Cleanup", Time since last: 1000629007 ns, Reaching safepoint: 77537 ns, At safepoint: 9914 ns, Total: 87451 ns
[2020-02-26T09:24:07.575+0000][1][safepoint    ] Safepoint "Cleanup", Time since last: 1001906857 ns, Reaching safepoint: 350907 ns, At safepoint: 17657 ns, Total: 368564 ns
[2020-02-26T09:24:08.077+0000][1][safepoint    ] Safepoint "RevokeBias", Time since last: 501216354 ns, Reaching safepoint: 75182 ns, At safepoint: 173759 ns, Total: 248941 ns
[2020-02-26T09:24:09.079+0000][1][safepoint    ] Safepoint "Cleanup", Time since last: 1002057496 ns, Reaching safepoint: 144003 ns, At safepoint: 13406 ns, Total: 157409 ns
[2020-02-26T09:24:10.093+0000][1][safepoint    ] Safepoint "Cleanup", Time since last: 1013787059 ns, Reaching safepoint: 100062 ns, At safepoint: 12232 ns, Total: 112294 ns
[2020-02-26T09:24:10.681+0000][1][safepoint    ] Safepoint "RevokeBias", Time since last: 587926671 ns, Reaching safepoint: 116421 ns, At safepoint: 32117 ns, Total: 148538 ns
[2020-02-26T09:24:11.732+0000][1][safepoint    ] Safepoint "Cleanup", Time since last: 1023396094 ns, Reaching safepoint: 27653033 ns, At safepoint: 14691 ns, Total: 27667724 ns
[2020-02-26T09:24:12.733+0000][1][safepoint    ] Safepoint "Cleanup", Time since last: 1000687138 ns, Reaching safepoint: 97077 ns, At safepoint: 10784 ns, Total: 107861 ns
[2020-02-26T09:24:13.191+0000][1][safepoint    ] Safepoint "RevokeBias", Time since last: 457568367 ns, Reaching safepoint: 99078 ns, At safepoint: 28972 ns, Total: 128050 ns
[2020-02-26T09:24:14.192+0000][1][safepoint    ] Safepoint "Cleanup", Time since last: 1000909738 ns, Reaching safepoint: 87899 ns, At safepoint: 35334 ns, Total: 123233 ns
[2020-02-26T09:24:15.193+0000][1][safepoint    ] Safepoint "Cleanup", Time since last: 1000860697 ns, Reaching safepoint: 117615 ns, At safepoint: 10711 ns, Total: 128326 ns
[2020-02-26T09:24:15.694+0000][1][safepoint    ] Safepoint "RevokeBias", Time since last: 501625257 ns, Reaching safepoint: 141110 ns, At safepoint: 47274 ns, Total: 188384 ns
[2020-02-26T09:24:16.704+0000][1][safepoint    ] Safepoint "Cleanup", Time since last: 1009305101 ns, Reaching safepoint: 84649 ns, At safepoint: 7278 ns, Total: 91927 ns
[2020-02-26T09:24:17.704+0000][1][safepoint    ] Safepoint "Cleanup", Time since last: 1000296638 ns, Reaching safepoint: 108086 ns, At safepoint: 10928 ns, Total: 119014 ns
[2020-02-26T09:24:18.199+0000][1][safepoint    ] Safepoint "RevokeBias", Time since last: 494675120 ns, Reaching safepoint: 70337 ns, At safepoint: 19427 ns, Total: 89764 ns
[2020-02-26T09:24:19.352+0000][1][safepoint    ] Safepoint "Cleanup", Time since last: 1152856259 ns, Reaching safepoint: 83832 ns, At safepoint: 10838 ns, Total: 94670 ns
[2020-02-26T09:24:20.353+0000][1][safepoint    ] Safepoint "Cleanup", Time since last: 1001016630 ns, Reaching safepoint: 76772 ns, At safepoint: 9169 ns, Total: 85941 ns
[2020-02-26T09:24:20.705+0000][1][safepoint    ] Safepoint "RevokeBias", Time since last: 352142256 ns, Reaching safepoint: 77759 ns, At safepoint: 21182 ns, Total: 98941 ns
[2020-02-26T09:24:21.713+0000][1][safepoint    ] Safepoint "Cleanup", Time since last: 1007986495 ns, Reaching safepoint: 105369 ns, At safepoint: 8537 ns, Total: 113906 ns
[2020-02-26T09:24:22.719+0000][1][safepoint    ] Safepoint "Cleanup", Time since last: 1006015558 ns, Reaching safepoint: 124908 ns, At safepoint: 21601 ns, Total: 146509 ns
[2020-02-26T09:24:23.223+0000][1][safepoint    ] Safepoint "RevokeBias", Time since last: 503790017 ns, Reaching safepoint: 102496 ns, At safepoint: 27556 ns, Total: 130052 ns
[2020-02-26T09:24:24.224+0000][1][safepoint    ] Safepoint "Cleanup", Time since last: 1000171955 ns, Reaching safepoint: 110384 ns, At safepoint: 10110 ns, Total: 120494 ns
[2020-02-26T09:24:25.224+0000][1][safepoint    ] Safepoint "Cleanup", Time since last: 1000167125 ns, Reaching safepoint: 76204 ns, At safepoint: 9073 ns, Total: 85277 ns
[2020-02-26T09:24:25.728+0000][1][safepoint    ] Safepoint "RevokeBias", Time since last: 503875334 ns, Reaching safepoint: 78768 ns, At safepoint: 20509 ns, Total: 99277 ns
[2020-02-26T09:24:26.731+0000][1][safepoint    ] Safepoint "Cleanup", Time since last: 1002986053 ns, Reaching safepoint: 78421 ns, At safepoint: 9043 ns, Total: 87464 ns
[2020-02-26T09:24:27.732+0000][1][safepoint    ] Safepoint "Cleanup", Time since last: 1000446444 ns, Reaching safepoint: 76357 ns, At safepoint: 9834 ns, Total: 86191 ns
[2020-02-26T09:24:28.234+0000][1][safepoint    ] Safepoint "BulkRevokeBias", Time since last: 502334962 ns, Reaching safepoint: 77280 ns, At safepoint: 188721 ns, Total: 266001 ns
[2020-02-26T09:24:29.235+0000][1][safepoint    ] Safepoint "Cleanup", Time since last: 1001018628 ns, Reaching safepoint: 137132 ns, At safepoint: 10433 ns, Total: 147565 ns
[2020-02-26T09:24:30.236+0000][1][safepoint    ] Safepoint "Cleanup", Time since last: 1000157430 ns, Reaching safepoint: 98909 ns, At safepoint: 9588 ns, Total: 108497 ns
[2020-02-26T09:24:30.737+0000][1][safepoint    ] Safepoint "RevokeBias", Time since last: 501769519 ns, Reaching safepoint: 71808 ns, At safepoint: 35131 ns, Total: 106939 ns
[2020-02-26T09:24:31.739+0000][1][safepoint    ] Safepoint "Cleanup", Time since last: 1001354370 ns, Reaching safepoint: 75604 ns, At safepoint: 9469 ns, Total: 85073 ns
[2020-02-26T09:24:32.743+0000][1][safepoint    ] Safepoint "Cleanup", Time since last: 1003678077 ns, Reaching safepoint: 134288 ns, At safepoint: 15700 ns, Total: 149988 ns
[2020-02-26T09:24:33.247+0000][1][safepoint    ] Safepoint "RevokeBias", Time since last: 504481871 ns, Reaching safepoint: 78103 ns, At safepoint: 23588 ns, Total: 101691 ns
[2020-02-26T09:24:34.248+0000][1][safepoint    ] Safepoint "Cleanup", Time since last: 1000731992 ns, Reaching safepoint: 97991 ns, At safepoint: 12441 ns, Total: 110432 ns
[2020-02-26T09:24:35.249+0000][1][safepoint    ] Safepoint "Cleanup", Time since last: 1000916689 ns, Reaching safepoint: 76999 ns, At safepoint: 8950 ns, Total: 85949 ns
[2020-02-26T09:24:35.755+0000][1][safepoint    ] Safepoint "RevokeBias", Time since last: 505201491 ns, Reaching safepoint: 148306 ns, At safepoint: 23532 ns, Total: 171838 ns
[2020-02-26T09:24:36.755+0000][1][safepoint    ] Safepoint "Cleanup", Time since last: 1000618145 ns, Reaching safepoint: 219453 ns, At safepoint: 16013 ns, Total: 235466 ns
[2020-02-26T09:24:37.764+0000][1][safepoint    ] Safepoint "Cleanup", Time since last: 1008047715 ns, Reaching safepoint: 97615 ns, At safepoint: 10554 ns, Total: 108169 ns
[2020-02-26T09:24:38.265+0000][1][safepoint    ] Safepoint "RevokeBias", Time since last: 501561754 ns, Reaching safepoint: 57938 ns, At safepoint: 18408 ns, Total: 76346 ns
[2020-02-26T09:24:39.266+0000][1][safepoint    ] Safepoint "Cleanup", Time since last: 1000621960 ns, Reaching safepoint: 105086 ns, At safepoint: 14580 ns, Total: 119666 ns
[2020-02-26T09:24:40.267+0000][1][safepoint    ] Safepoint "Cleanup", Time since last: 1000540648 ns, Reaching safepoint: 78290 ns, At safepoint: 10297 ns, Total: 88587 ns
[2020-02-26T09:24:40.776+0000][1][safepoint    ] Safepoint "RevokeBias", Time since last: 509851154 ns, Reaching safepoint: 73383 ns, At safepoint: 20716 ns, Total: 94099 ns
[2020-02-26T09:24:41.777+0000][1][safepoint    ] Safepoint "Cleanup", Time since last: 1000709434 ns, Reaching safepoint: 95573 ns, At safepoint: 13281 ns, Total: 108854 ns
[2020-02-26T09:24:42.793+0000][1][safepoint    ] Safepoint "Cleanup", Time since last: 1015385525 ns, Reaching safepoint: 163700 ns, At safepoint: 39323 ns, Total: 203023 ns
[2020-02-26T09:24:43.286+0000][1][safepoint    ] Safepoint "RevokeBias", Time since last: 492552582 ns, Reaching safepoint: 74910 ns, At safepoint: 20721 ns, Total: 95631 ns
[2020-02-26T09:24:44.286+0000][1][safepoint    ] Safepoint "Cleanup", Time since last: 1000181114 ns, Reaching safepoint: 86239 ns, At safepoint: 12089 ns, Total: 98328 ns
[2020-02-26T09:24:45.286+0000][1][safepoint    ] Safepoint "Cleanup", Time since last: 1000336072 ns, Reaching safepoint: 81343 ns, At safepoint: 12520 ns, Total: 93863 ns
[2020-02-26T09:24:45.797+0000][1][safepoint    ] Safepoint "RevokeBias", Time since last: 510199819 ns, Reaching safepoint: 86221 ns, At safepoint: 23745 ns, Total: 109966 ns
[2020-02-26T09:24:46.797+0000][1][safepoint    ] Safepoint "Cleanup", Time since last: 1000355575 ns, Reaching safepoint: 84502 ns, At safepoint: 11426 ns, Total: 95928 ns
[2020-02-26T09:24:47.798+0000][1][safepoint    ] Safepoint "Cleanup", Time since last: 1000446186 ns, Reaching safepoint: 79054 ns, At safepoint: 11163 ns, Total: 90217 ns
[2020-02-26T09:24:48.301+0000][1][safepoint    ] Safepoint "RevokeBias", Time since last: 503256227 ns, Reaching safepoint: 55060 ns, At safepoint: 18020 ns, Total: 73080 ns
[2020-02-26T09:24:49.532+0000][1][safepoint    ] Safepoint "Cleanup", Time since last: 1231289380 ns, Reaching safepoint: 107224 ns, At safepoint: 26230 ns, Total: 133454 ns
[2020-02-26T09:24:50.533+0000][1][safepoint    ] Safepoint "Cleanup", Time since last: 1000307287 ns, Reaching safepoint: 75708 ns, At safepoint: 8711 ns, Total: 84419 ns
[2020-02-26T09:24:50.806+0000][1][safepoint    ] Safepoint "RevokeBias", Time since last: 273129063 ns, Reaching safepoint: 72157 ns, At safepoint: 20658 ns, Total: 92815 ns
[2020-02-26T09:24:51.807+0000][1][safepoint    ] Safepoint "Cleanup", Time since last: 1000723047 ns, Reaching safepoint: 80698 ns, At safepoint: 11307 ns, Total: 92005 ns
[2020-02-26T09:24:52.807+0000][1][safepoint    ] Safepoint "Cleanup", Time since last: 1000262917 ns, Reaching safepoint: 103263 ns, At safepoint: 13959 ns, Total: 117222 ns
[2020-02-26T09:24:53.310+0000][1][safepoint    ] Safepoint "RevokeBias", Time since last: 502789952 ns, Reaching safepoint: 76474 ns, At safepoint: 20302 ns, Total: 96776 ns
[2020-02-26T09:24:54.315+0000][1][safepoint    ] Safepoint "Cleanup", Time since last: 1004943331 ns, Reaching safepoint: 93693 ns, At safepoint: 8999 ns, Total: 102692 ns
[2020-02-26T09:24:55.316+0000][1][safepoint    ] Safepoint "Cleanup", Time since last: 1000506512 ns, Reaching safepoint: 78395 ns, At safepoint: 11643 ns, Total: 90038 ns
[2020-02-26T09:24:55.817+0000][1][safepoint    ] Safepoint "RevokeBias", Time since last: 501090305 ns, Reaching safepoint: 94335 ns, At safepoint: 19898 ns, Total: 114233 ns
[2020-02-26T09:24:56.818+0000][1][safepoint    ] Safepoint "Cleanup", Time since last: 1000543429 ns, Reaching safepoint: 125411 ns, At safepoint: 14064 ns, Total: 139475 ns
[2020-02-26T09:24:57.818+0000][1][safepoint    ] Safepoint "Cleanup", Time since last: 1000802610 ns, Reaching safepoint: 66823 ns, At safepoint: 9113 ns, Total: 75936 ns
[2020-02-26T09:24:58.321+0000][1][safepoint    ] Safepoint "RevokeBias", Time since last: 502788098 ns, Reaching safepoint: 72636 ns, At safepoint: 20670 ns, Total: 93306 ns
[2020-02-26T09:24:59.327+0000][1][safepoint    ] Safepoint "Cleanup", Time since last: 1005397513 ns, Reaching safepoint: 163733 ns, At safepoint: 16887 ns, Total: 180620 ns
[2020-02-26T09:25:00.329+0000][1][safepoint    ] Safepoint "Cleanup", Time since last: 1001939684 ns, Reaching safepoint: 82146 ns, At safepoint: 8142 ns, Total: 90288 ns
[2020-02-26T09:25:00.825+0000][1][safepoint    ] Safepoint "RevokeBias", Time since last: 495907103 ns, Reaching safepoint: 86852 ns, At safepoint: 34866 ns, Total: 121718 ns
[2020-02-26T09:25:01.826+0000][1][safepoint    ] Safepoint "Cleanup", Time since last: 1000489297 ns, Reaching safepoint: 82728 ns, At safepoint: 14179 ns, Total: 96907 ns
[2020-02-26T09:25:02.826+0000][1][safepoint    ] Safepoint "Cleanup", Time since last: 1000663478 ns, Reaching safepoint: 116651 ns, At safepoint: 13105 ns, Total: 129756 ns
[2020-02-26T09:25:03.329+0000][1][safepoint    ] Safepoint "RevokeBias", Time since last: 502582207 ns, Reaching safepoint: 74017 ns, At safepoint: 20820 ns, Total: 94837 ns
[2020-02-26T09:25:04.329+0000][1][safepoint    ] Safepoint "Cleanup", Time since last: 1000252859 ns, Reaching safepoint: 140223 ns, At safepoint: 18225 ns, Total: 158448 ns
[2020-02-26T09:25:05.330+0000][1][safepoint    ] Safepoint "Cleanup", Time since last: 1000927920 ns, Reaching safepoint: 97932 ns, At safepoint: 11895 ns, Total: 109827 ns
[2020-02-26T09:25:05.833+0000][1][safepoint    ] Safepoint "RevokeBias", Time since last: 502220614 ns, Reaching safepoint: 79469 ns, At safepoint: 22523 ns, Total: 101992 ns
[2020-02-26T09:25:06.833+0000][1][safepoint    ] Safepoint "Cleanup", Time since last: 1000320827 ns, Reaching safepoint: 78809 ns, At safepoint: 9852 ns, Total: 88661 ns
[2020-02-26T09:25:07.835+0000][1][safepoint    ] Safepoint "Cleanup", Time since last: 1002208868 ns, Reaching safepoint: 94281 ns, At safepoint: 14740 ns, Total: 109021 ns
[2020-02-26T09:25:08.338+0000][1][safepoint    ] Safepoint "RevokeBias", Time since last: 502345947 ns, Reaching safepoint: 77308 ns, At safepoint: 21181 ns, Total: 98489 ns
[2020-02-26T09:25:09.338+0000][1][safepoint    ] Safepoint "Cleanup", Time since last: 1000328873 ns, Reaching safepoint: 118926 ns, At safepoint: 14810 ns, Total: 133736 ns
[2020-02-26T09:25:10.343+0000][1][safepoint    ] Safepoint "Cleanup", Time since last: 1004707800 ns, Reaching safepoint: 78052 ns, At safepoint: 8456 ns, Total: 86508 ns
[2020-02-26T09:25:10.855+0000][1][safepoint    ] Safepoint "RevokeBias", Time since last: 511400145 ns, Reaching safepoint: 159273 ns, At safepoint: 33955 ns, Total: 193228 ns
[2020-02-26T09:25:11.855+0000][1][safepoint    ] Safepoint "Cleanup", Time since last: 1000449545 ns, Reaching safepoint: 154949 ns, At safepoint: 10870 ns, Total: 165819 ns
[2020-02-26T09:25:12.857+0000][1][safepoint    ] Safepoint "Cleanup", Time since last: 1001152613 ns, Reaching safepoint: 77277 ns, At safepoint: 10499 ns, Total: 87776 ns
[2020-02-26T09:25:13.372+0000][1][safepoint    ] Safepoint "RevokeBias", Time since last: 514761392 ns, Reaching safepoint: 114828 ns, At safepoint: 30308 ns, Total: 145136 ns
[2020-02-26T09:25:13.661+0000][1][gc,start     ] GC(53) Pause Young (Allocation Failure)
[2020-02-26T09:25:13.661+0000][1][gc,task      ] GC(53) Using 1 workers of 1 for evacuation
[2020-02-26T09:25:13.675+0000][1][gc,age       ] GC(53) Desired survivor size 4358144 bytes, new threshold 6 (max threshold 6)
[2020-02-26T09:25:13.675+0000][1][gc,age       ] GC(53) Age table with threshold 6 (max threshold 6)
[2020-02-26T09:25:13.675+0000][1][gc,age       ] GC(53) - age   1:      11336 bytes,      11336 total
[2020-02-26T09:25:13.675+0000][1][gc,age       ] GC(53) - age   2:        120 bytes,      11456 total
[2020-02-26T09:25:13.675+0000][1][gc,age       ] GC(53) - age   3:       1200 bytes,      12656 total
[2020-02-26T09:25:13.675+0000][1][gc,age       ] GC(53) - age   4:        704 bytes,      13360 total
[2020-02-26T09:25:13.675+0000][1][gc,age       ] GC(53) - age   5:       2256 bytes,      15616 total
[2020-02-26T09:25:13.675+0000][1][gc,age       ] GC(53) - age   6:       2952 bytes,      18568 total
[2020-02-26T09:25:13.675+0000][1][gc,heap      ] GC(53) ParNew: 68202K->26K(76672K)
[2020-02-26T09:25:13.675+0000][1][gc,heap      ] GC(53) CMS: 62615K->62619K(963392K)
[2020-02-26T09:25:13.675+0000][1][gc,metaspace ] GC(53) Metaspace: 79488K->79488K(1122304K)
[2020-02-26T09:25:13.675+0000][1][gc           ] GC(53) Pause Young (Allocation Failure) 127M->61M(1015M) 14.062ms
[2020-02-26T09:25:13.675+0000][1][gc,cpu       ] GC(53) User=0.01s Sys=0.00s Real=0.01s
[2020-02-26T09:25:13.675+0000][1][safepoint    ] Safepoint "GenCollectForAllocation", Time since last: 289572650 ns, Reaching safepoint: 191069 ns, At safepoint: 14162408 ns, Total: 14353477 ns
[2020-02-26T09:25:14.676+0000][1][safepoint    ] Safepoint "Cleanup", Time since last: 1000082819 ns, Reaching safepoint: 129964 ns, At safepoint: 16782 ns, Total: 146746 ns
[2020-02-26T09:25:15.676+0000][1][safepoint    ] Safepoint "Cleanup", Time since last: 1000226236 ns, Reaching safepoint: 91865 ns, At safepoint: 8162 ns, Total: 100027 ns
[2020-02-26T09:25:15.882+0000][1][safepoint    ] Safepoint "RevokeBias", Time since last: 205885372 ns, Reaching safepoint: 93401 ns, At safepoint: 43555 ns, Total: 136956 ns
[2020-02-26T09:25:16.883+0000][1][safepoint    ] Safepoint "Cleanup", Time since last: 1000721689 ns, Reaching safepoint: 84085 ns, At safepoint: 8405 ns, Total: 92490 ns
[2020-02-26T09:25:17.883+0000][1][safepoint    ] Safepoint "Cleanup", Time since last: 1000236363 ns, Reaching safepoint: 76611 ns, At safepoint: 8607 ns, Total: 85218 ns
[2020-02-26T09:25:18.410+0000][1][safepoint    ] Safepoint "RevokeBias", Time since last: 523952378 ns, Reaching safepoint: 2385102 ns, At safepoint: 28621 ns, Total: 2413723 ns
[2020-02-26T09:25:19.452+0000][1][safepoint    ] Safepoint "Cleanup", Time since last: 1042065409 ns, Reaching safepoint: 90310 ns, At safepoint: 11199 ns, Total: 101509 ns
[2020-02-26T09:25:20.452+0000][1][safepoint    ] Safepoint "Cleanup", Time since last: 1000577862 ns, Reaching safepoint: 87808 ns, At safepoint: 11381 ns, Total: 99189 ns
[2020-02-26T09:25:20.914+0000][1][safepoint    ] Safepoint "RevokeBias", Time since last: 461284246 ns, Reaching safepoint: 75984 ns, At safepoint: 20474 ns, Total: 96458 ns
[2020-02-26T09:25:21.915+0000][1][safepoint    ] Safepoint "Cleanup", Time since last: 1000863387 ns, Reaching safepoint: 89004 ns, At safepoint: 11076 ns, Total: 100080 ns
[2020-02-26T09:25:22.920+0000][1][safepoint    ] Safepoint "Cleanup", Time since last: 1004990072 ns, Reaching safepoint: 96277 ns, At safepoint: 12331 ns, Total: 108608 ns
[2020-02-26T09:25:23.419+0000][1][safepoint    ] Safepoint "RevokeBias", Time since last: 499283370 ns, Reaching safepoint: 101026 ns, At safepoint: 27859 ns, Total: 128885 ns
[2020-02-26T09:25:24.420+0000][1][safepoint    ] Safepoint "Cleanup", Time since last: 1000279073 ns, Reaching safepoint: 86570 ns, At safepoint: 8754 ns, Total: 95324 ns
[2020-02-26T09:25:25.421+0000][1][safepoint    ] Safepoint "Cleanup", Time since last: 1000789682 ns, Reaching safepoint: 129350 ns, At safepoint: 10377 ns, Total: 139727 ns
[2020-02-26T09:25:25.992+0000][1][safepoint    ] Safepoint "RevokeBias", Time since last: 571149752 ns, Reaching safepoint: 99628 ns, At safepoint: 27855 ns, Total: 127483 ns
[2020-02-26T09:25:26.997+0000][1][safepoint    ] Safepoint "Cleanup", Time since last: 1005383086 ns, Reaching safepoint: 91310 ns, At safepoint: 7865 ns, Total: 99175 ns
[2020-02-26T09:25:27.998+0000][1][safepoint    ] Safepoint "Cleanup", Time since last: 1001073837 ns, Reaching safepoint: 78704 ns, At safepoint: 11407 ns, Total: 90111 ns
[2020-02-26T09:25:28.498+0000][1][safepoint    ] Safepoint "RevokeBias", Time since last: 499008616 ns, Reaching safepoint: 73104 ns, At safepoint: 20572 ns, Total: 93676 ns
[2020-02-26T09:25:29.521+0000][1][safepoint    ] Safepoint "Cleanup", Time since last: 1022829730 ns, Reaching safepoint: 100358 ns, At safepoint: 13242 ns, Total: 113600 ns
[2020-02-26T09:25:30.522+0000][1][safepoint    ] Safepoint "Cleanup", Time since last: 1000825706 ns, Reaching safepoint: 155543 ns, At safepoint: 17389 ns, Total: 172932 ns
[2020-02-26T09:25:31.001+0000][1][safepoint    ] Safepoint "RevokeBias", Time since last: 479272473 ns, Reaching safepoint: 74135 ns, At safepoint: 20698 ns, Total: 94833 ns
[2020-02-26T09:25:32.075+0000][1][safepoint    ] Safepoint "Cleanup", Time since last: 1074435774 ns, Reaching safepoint: 101027 ns, At safepoint: 13793 ns, Total: 114820 ns
[2020-02-26T09:25:33.076+0000][1][safepoint    ] Safepoint "Cleanup", Time since last: 1000890661 ns, Reaching safepoint: 74997 ns, At safepoint: 7474 ns, Total: 82471 ns
[2020-02-26T09:25:33.506+0000][1][safepoint    ] Safepoint "RevokeBias", Time since last: 429872535 ns, Reaching safepoint: 73715 ns, At safepoint: 21117 ns, Total: 94832 ns
[2020-02-26T09:25:34.507+0000][1][safepoint    ] Safepoint "Cleanup", Time since last: 1000405070 ns, Reaching safepoint: 97461 ns, At safepoint: 9504 ns, Total: 106965 ns
[2020-02-26T09:25:35.507+0000][1][safepoint    ] Safepoint "Cleanup", Time since last: 1000365560 ns, Reaching safepoint: 102969 ns, At safepoint: 9928 ns, Total: 112897 ns
[2020-02-26T09:25:36.012+0000][1][safepoint    ] Safepoint "RevokeBias", Time since last: 504498260 ns, Reaching safepoint: 98167 ns, At safepoint: 29000 ns, Total: 127167 ns
[2020-02-26T09:25:37.012+0000][1][safepoint    ] Safepoint "Cleanup", Time since last: 1000400731 ns, Reaching safepoint: 82920 ns, At safepoint: 14046 ns, Total: 96966 ns
[2020-02-26T09:25:38.021+0000][1][safepoint    ] Safepoint "Cleanup", Time since last: 1008259673 ns, Reaching safepoint: 90946 ns, At safepoint: 9549 ns, Total: 100495 ns
[2020-02-26T09:25:38.526+0000][1][safepoint    ] Safepoint "RevokeBias", Time since last: 505441806 ns, Reaching safepoint: 96055 ns, At safepoint: 29354 ns, Total: 125409 ns
[2020-02-26T09:25:39.527+0000][1][safepoint    ] Safepoint "Cleanup", Time since last: 1000235202 ns, Reaching safepoint: 81451 ns, At safepoint: 13390 ns, Total: 94841 ns
[2020-02-26T09:25:40.528+0000][1][safepoint    ] Safepoint "Cleanup", Time since last: 1000825347 ns, Reaching safepoint: 81183 ns, At safepoint: 10220 ns, Total: 91403 ns
[2020-02-26T09:25:41.037+0000][1][safepoint    ] Safepoint "BulkRevokeBias", Time since last: 509459660 ns, Reaching safepoint: 71250 ns, At safepoint: 186628 ns, Total: 257878 ns
[2020-02-26T09:25:42.038+0000][1][safepoint    ] Safepoint "Cleanup", Time since last: 1000770116 ns, Reaching safepoint: 122647 ns, At safepoint: 11870 ns, Total: 134517 ns
[2020-02-26T09:25:43.039+0000][1][safepoint    ] Safepoint "Cleanup", Time since last: 1001068216 ns, Reaching safepoint: 107594 ns, At safepoint: 13279 ns, Total: 120873 ns
[2020-02-26T09:25:43.548+0000][1][safepoint    ] Safepoint "RevokeBias", Time since last: 508208809 ns, Reaching safepoint: 73676 ns, At safepoint: 19158 ns, Total: 92834 ns
[2020-02-26T09:25:44.548+0000][1][safepoint    ] Safepoint "Cleanup", Time since last: 1000602981 ns, Reaching safepoint: 77455 ns, At safepoint: 10346 ns, Total: 87801 ns
[2020-02-26T09:25:45.550+0000][1][safepoint    ] Safepoint "Cleanup", Time since last: 1001016133 ns, Reaching safepoint: 97162 ns, At safepoint: 10077 ns, Total: 107239 ns
[2020-02-26T09:25:46.057+0000][1][safepoint    ] Safepoint "RevokeBias", Time since last: 506986760 ns, Reaching safepoint: 236310 ns, At safepoint: 59397 ns, Total: 295707 ns
[2020-02-26T09:25:47.057+0000][1][safepoint    ] Safepoint "Cleanup", Time since last: 1000319531 ns, Reaching safepoint: 95858 ns, At safepoint: 10842 ns, Total: 106700 ns
[2020-02-26T09:25:48.058+0000][1][safepoint    ] Safepoint "Cleanup", Time since last: 1000406227 ns, Reaching safepoint: 79612 ns, At safepoint: 9565 ns, Total: 89177 ns
[2020-02-26T09:25:48.579+0000][1][safepoint    ] Safepoint "RevokeBias", Time since last: 521004857 ns, Reaching safepoint: 119667 ns, At safepoint: 32140 ns, Total: 151807 ns
[2020-02-26T09:25:49.580+0000][1][safepoint    ] Safepoint "Cleanup", Time since last: 1000537389 ns, Reaching safepoint: 169742 ns, At safepoint: 15999 ns, Total: 185741 ns
[2020-02-26T09:25:50.580+0000][1][safepoint    ] Safepoint "Cleanup", Time since last: 1000178669 ns, Reaching safepoint: 93549 ns, At safepoint: 11803 ns, Total: 105352 ns
[2020-02-26T09:25:51.090+0000][1][safepoint    ] Safepoint "RevokeBias", Time since last: 509984849 ns, Reaching safepoint: 126359 ns, At safepoint: 23739 ns, Total: 150098 ns
[2020-02-26T09:25:52.212+0000][1][safepoint    ] Safepoint "Cleanup", Time since last: 1121977532 ns, Reaching safepoint: 82848 ns, At safepoint: 10027 ns, Total: 92875 ns
[2020-02-26T09:25:53.213+0000][1][safepoint    ] Safepoint "Cleanup", Time since last: 1000619611 ns, Reaching safepoint: 81598 ns, At safepoint: 11113 ns, Total: 92711 ns
[2020-02-26T09:25:53.595+0000][1][safepoint    ] Safepoint "RevokeBias", Time since last: 381627845 ns, Reaching safepoint: 72261 ns, At safepoint: 19624 ns, Total: 91885 ns
[2020-02-26T09:25:54.596+0000][1][safepoint    ] Safepoint "Cleanup", Time since last: 1001435507 ns, Reaching safepoint: 77491 ns, At safepoint: 8647 ns, Total: 86138 ns
[2020-02-26T09:25:55.597+0000][1][safepoint    ] Safepoint "Cleanup", Time since last: 1000402999 ns, Reaching safepoint: 85358 ns, At safepoint: 10542 ns, Total: 95900 ns
[2020-02-26T09:25:56.098+0000][1][safepoint    ] Safepoint "RevokeBias", Time since last: 501045640 ns, Reaching safepoint: 107312 ns, At safepoint: 26851 ns, Total: 134163 ns
[2020-02-26T09:25:57.098+0000][1][safepoint    ] Safepoint "Cleanup", Time since last: 1000457626 ns, Reaching safepoint: 78885 ns, At safepoint: 68948 ns, Total: 147833 ns
[2020-02-26T09:25:58.099+0000][1][safepoint    ] Safepoint "Cleanup", Time since last: 1000701118 ns, Reaching safepoint: 87770 ns, At safepoint: 11879 ns, Total: 99649 ns
[2020-02-26T09:25:58.603+0000][1][safepoint    ] Safepoint "RevokeBias", Time since last: 503491528 ns, Reaching safepoint: 75504 ns, At safepoint: 20832 ns, Total: 96336 ns
[2020-02-26T09:25:59.605+0000][1][safepoint    ] Safepoint "Cleanup", Time since last: 1001920549 ns, Reaching safepoint: 85538 ns, At safepoint: 25911 ns, Total: 111449 ns
[2020-02-26T09:26:00.605+0000][1][safepoint    ] Safepoint "Cleanup", Time since last: 1000173745 ns, Reaching safepoint: 87797 ns, At safepoint: 8914 ns, Total: 96711 ns
[2020-02-26T09:26:01.108+0000][1][safepoint    ] Safepoint "RevokeBias", Time since last: 502659479 ns, Reaching safepoint: 91525 ns, At safepoint: 43877 ns, Total: 135402 ns
[2020-02-26T09:26:02.108+0000][1][safepoint    ] Safepoint "Cleanup", Time since last: 1000199005 ns, Reaching safepoint: 80696 ns, At safepoint: 9360 ns, Total: 90056 ns
[2020-02-26T09:26:03.108+0000][1][safepoint    ] Safepoint "Cleanup", Time since last: 1000204164 ns, Reaching safepoint: 102646 ns, At safepoint: 11376 ns, Total: 114022 ns
[2020-02-26T09:26:03.613+0000][1][safepoint    ] Safepoint "RevokeBias", Time since last: 504750966 ns, Reaching safepoint: 73707 ns, At safepoint: 68416 ns, Total: 142123 ns
[2020-02-26T09:26:04.621+0000][1][safepoint    ] Safepoint "Cleanup", Time since last: 1008007214 ns, Reaching safepoint: 81392 ns, At safepoint: 10172 ns, Total: 91564 ns
[2020-02-26T09:26:05.622+0000][1][safepoint    ] Safepoint "Cleanup", Time since last: 1000218917 ns, Reaching safepoint: 101478 ns, At safepoint: 13672 ns, Total: 115150 ns
[2020-02-26T09:26:06.116+0000][1][safepoint    ] Safepoint "RevokeBias", Time since last: 494391585 ns, Reaching safepoint: 86184 ns, At safepoint: 24597 ns, Total: 110781 ns
[2020-02-26T09:26:07.294+0000][1][safepoint    ] Safepoint "Cleanup", Time since last: 1177500156 ns, Reaching safepoint: 117222 ns, At safepoint: 9640 ns, Total: 126862 ns
[2020-02-26T09:26:08.294+0000][1][safepoint    ] Safepoint "Cleanup", Time since last: 1000177955 ns, Reaching safepoint: 73042 ns, At safepoint: 8005 ns, Total: 81047 ns
[2020-02-26T09:26:08.622+0000][1][safepoint    ] Safepoint "RevokeBias", Time since last: 327331605 ns, Reaching safepoint: 52542 ns, At safepoint: 17172 ns, Total: 69714 ns
[2020-02-26T09:26:09.622+0000][1][safepoint    ] Safepoint "Cleanup", Time since last: 1000611404 ns, Reaching safepoint: 101871 ns, At safepoint: 14217 ns, Total: 116088 ns
[2020-02-26T09:26:10.625+0000][1][safepoint    ] Safepoint "Cleanup", Time since last: 1002517420 ns, Reaching safepoint: 114112 ns, At safepoint: 11649 ns, Total: 125761 ns
[2020-02-26T09:26:11.126+0000][1][safepoint    ] Safepoint "RevokeBias", Time since last: 500645240 ns, Reaching safepoint: 88549 ns, At safepoint: 24275 ns, Total: 112824 ns
[2020-02-26T09:26:12.126+0000][1][safepoint    ] Safepoint "Cleanup", Time since last: 1000665830 ns, Reaching safepoint: 76381 ns, At safepoint: 9173 ns, Total: 85554 ns
[2020-02-26T09:26:13.127+0000][1][safepoint    ] Safepoint "Cleanup", Time since last: 1000248244 ns, Reaching safepoint: 77806 ns, At safepoint: 10386 ns, Total: 88192 ns
[2020-02-26T09:26:13.630+0000][1][safepoint    ] Safepoint "RevokeBias", Time since last: 503531650 ns, Reaching safepoint: 73631 ns, At safepoint: 19551 ns, Total: 93182 ns
[2020-02-26T09:26:14.631+0000][1][safepoint    ] Safepoint "Cleanup", Time since last: 1000308963 ns, Reaching safepoint: 76861 ns, At safepoint: 10093 ns, Total: 86954 ns
[2020-02-26T09:26:15.633+0000][1][safepoint    ] Safepoint "Cleanup", Time since last: 1002145461 ns, Reaching safepoint: 178879 ns, At safepoint: 10104 ns, Total: 188983 ns
[2020-02-26T09:26:16.141+0000][1][safepoint    ] Safepoint "RevokeBias", Time since last: 507643539 ns, Reaching safepoint: 72551 ns, At safepoint: 36145 ns, Total: 108696 ns
[2020-02-26T09:26:17.141+0000][1][safepoint    ] Safepoint "Cleanup", Time since last: 1000447892 ns, Reaching safepoint: 79545 ns, At safepoint: 8566 ns, Total: 88111 ns
[2020-02-26T09:26:18.142+0000][1][safepoint    ] Safepoint "Cleanup", Time since last: 1000483546 ns, Reaching safepoint: 78752 ns, At safepoint: 10838 ns, Total: 89590 ns
[2020-02-26T09:26:18.651+0000][1][safepoint    ] Safepoint "RevokeBias", Time since last: 509147674 ns, Reaching safepoint: 74553 ns, At safepoint: 19202 ns, Total: 93755 ns
[2020-02-26T09:26:19.652+0000][1][safepoint    ] Safepoint "Cleanup", Time since last: 1000588494 ns, Reaching safepoint: 95378 ns, At safepoint: 13282 ns, Total: 108660 ns
[2020-02-26T09:26:20.652+0000][1][safepoint    ] Safepoint "Cleanup", Time since last: 1000342762 ns, Reaching safepoint: 80459 ns, At safepoint: 10156 ns, Total: 90615 ns
[2020-02-26T09:26:21.172+0000][1][safepoint    ] Safepoint "RevokeBias", Time since last: 519017639 ns, Reaching safepoint: 98019 ns, At safepoint: 28311 ns, Total: 126330 ns
[2020-02-26T09:26:22.172+0000][1][safepoint    ] Safepoint "Cleanup", Time since last: 1000734323 ns, Reaching safepoint: 83969 ns, At safepoint: 11206 ns, Total: 95175 ns
[2020-02-26T09:26:23.173+0000][1][safepoint    ] Safepoint "Cleanup", Time since last: 1000748056 ns, Reaching safepoint: 113996 ns, At safepoint: 12049 ns, Total: 126045 ns
[2020-02-26T09:26:23.694+0000][1][safepoint    ] Safepoint "RevokeBias", Time since last: 520967397 ns, Reaching safepoint: 92067 ns, At safepoint: 24385 ns, Total: 116452 ns
[2020-02-26T09:26:24.695+0000][1][safepoint    ] Safepoint "Cleanup", Time since last: 1000316951 ns, Reaching safepoint: 109375 ns, At safepoint: 10442 ns, Total: 119817 ns
[2020-02-26T09:26:25.695+0000][1][safepoint    ] Safepoint "Cleanup", Time since last: 1000538117 ns, Reaching safepoint: 96593 ns, At safepoint: 9586 ns, Total: 106179 ns
[2020-02-26T09:26:26.234+0000][1][safepoint    ] Safepoint "RevokeBias", Time since last: 538095760 ns, Reaching safepoint: 97612 ns, At safepoint: 48558 ns, Total: 146170 ns
[2020-02-26T09:26:27.235+0000][1][safepoint    ] Safepoint "Cleanup", Time since last: 1000967971 ns, Reaching safepoint: 129664 ns, At safepoint: 9029 ns, Total: 138693 ns
[2020-02-26T09:26:28.235+0000][1][safepoint    ] Safepoint "Cleanup", Time since last: 1000249824 ns, Reaching safepoint: 119317 ns, At safepoint: 8408 ns, Total: 127725 ns
[2020-02-26T09:26:28.744+0000][1][safepoint    ] Safepoint "RevokeBias", Time since last: 508642700 ns, Reaching safepoint: 71461 ns, At safepoint: 19579 ns, Total: 91040 ns
[2020-02-26T09:26:29.745+0000][1][safepoint    ] Safepoint "Cleanup", Time since last: 1000911574 ns, Reaching safepoint: 78538 ns, At safepoint: 10053 ns, Total: 88591 ns
[2020-02-26T09:26:30.745+0000][1][safepoint    ] Safepoint "Cleanup", Time since last: 1000459778 ns, Reaching safepoint: 75480 ns, At safepoint: 9080 ns, Total: 84560 ns
[2020-02-26T09:26:31.247+0000][1][safepoint    ] Safepoint "RevokeBias", Time since last: 501172810 ns, Reaching safepoint: 72440 ns, At safepoint: 101678 ns, Total: 174118 ns
[2020-02-26T09:26:32.258+0000][1][safepoint    ] Safepoint "Cleanup", Time since last: 1010648203 ns, Reaching safepoint: 94750 ns, At safepoint: 11421 ns, Total: 106171 ns
[2020-02-26T09:26:33.258+0000][1][safepoint    ] Safepoint "Cleanup", Time since last: 1000465001 ns, Reaching safepoint: 102959 ns, At safepoint: 9757 ns, Total: 112716 ns
[2020-02-26T09:26:33.753+0000][1][safepoint    ] Safepoint "RevokeBias", Time since last: 494268635 ns, Reaching safepoint: 138955 ns, At safepoint: 47293 ns, Total: 186248 ns
[2020-02-26T09:26:34.753+0000][1][safepoint    ] Safepoint "Cleanup", Time since last: 1000301720 ns, Reaching safepoint: 97166 ns, At safepoint: 12962 ns, Total: 110128 ns
[2020-02-26T09:26:35.754+0000][1][safepoint    ] Safepoint "Cleanup", Time since last: 1000744394 ns, Reaching safepoint: 109278 ns, At safepoint: 11511 ns, Total: 120789 ns
[2020-02-26T09:26:36.256+0000][1][safepoint    ] Safepoint "RevokeBias", Time since last: 502285854 ns, Reaching safepoint: 72314 ns, At safepoint: 19405 ns, Total: 91719 ns
[2020-02-26T09:26:37.257+0000][1][safepoint    ] Safepoint "Cleanup", Time since last: 1000439291 ns, Reaching safepoint: 107431 ns, At safepoint: 19030 ns, Total: 126461 ns
[2020-02-26T09:26:38.258+0000][1][safepoint    ] Safepoint "Cleanup", Time since last: 1000662857 ns, Reaching safepoint: 118113 ns, At safepoint: 13221 ns, Total: 131334 ns
[2020-02-26T09:26:38.761+0000][1][safepoint    ] Safepoint "RevokeBias", Time since last: 503171435 ns, Reaching safepoint: 70430 ns, At safepoint: 18922 ns, Total: 89352 ns
[2020-02-26T09:26:39.762+0000][1][safepoint    ] Safepoint "Cleanup", Time since last: 1000659585 ns, Reaching safepoint: 89366 ns, At safepoint: 9532 ns, Total: 98898 ns
[2020-02-26T09:26:40.763+0000][1][safepoint    ] Safepoint "Cleanup", Time since last: 1000885607 ns, Reaching safepoint: 114587 ns, At safepoint: 12783 ns, Total: 127370 ns
[2020-02-26T09:26:41.270+0000][1][safepoint    ] Safepoint "RevokeBias", Time since last: 507538442 ns, Reaching safepoint: 127071 ns, At safepoint: 21708 ns, Total: 148779 ns
[2020-02-26T09:26:42.271+0000][1][safepoint    ] Safepoint "Cleanup", Time since last: 1000652482 ns, Reaching safepoint: 123510 ns, At safepoint: 30291 ns, Total: 153801 ns
[2020-02-26T09:26:43.277+0000][1][safepoint    ] Safepoint "Cleanup", Time since last: 1005442521 ns, Reaching safepoint: 74802 ns, At safepoint: 8807 ns, Total: 83609 ns
[2020-02-26T09:26:43.777+0000][1][safepoint    ] Safepoint "RevokeBias", Time since last: 500170925 ns, Reaching safepoint: 165835 ns, At safepoint: 43471 ns, Total: 209306 ns
[2020-02-26T09:26:44.778+0000][1][safepoint    ] Safepoint "Cleanup", Time since last: 1000684843 ns, Reaching safepoint: 118495 ns, At safepoint: 9969 ns, Total: 128464 ns
[2020-02-26T09:26:45.779+0000][1][safepoint    ] Safepoint "Cleanup", Time since last: 1000735865 ns, Reaching safepoint: 93068 ns, At safepoint: 10710 ns, Total: 103778 ns
[2020-02-26T09:26:46.281+0000][1][safepoint    ] Safepoint "RevokeBias", Time since last: 501797758 ns, Reaching safepoint: 83096 ns, At safepoint: 20255 ns, Total: 103351 ns
[2020-02-26T09:26:47.281+0000][1][safepoint    ] Safepoint "Cleanup", Time since last: 1000532361 ns, Reaching safepoint: 93741 ns, At safepoint: 9185 ns, Total: 102926 ns
[2020-02-26T09:26:48.287+0000][1][safepoint    ] Safepoint "Cleanup", Time since last: 1005494635 ns, Reaching safepoint: 92047 ns, At safepoint: 11183 ns, Total: 103230 ns
[2020-02-26T09:26:48.792+0000][1][safepoint    ] Safepoint "RevokeBias", Time since last: 505273476 ns, Reaching safepoint: 84684 ns, At safepoint: 24312 ns, Total: 108996 ns
[2020-02-26T09:26:49.793+0000][1][safepoint    ] Safepoint "Cleanup", Time since last: 1000486331 ns, Reaching safepoint: 143253 ns, At safepoint: 10763 ns, Total: 154016 ns
[2020-02-26T09:26:50.794+0000][1][safepoint    ] Safepoint "Cleanup", Time since last: 1000643298 ns, Reaching safepoint: 75915 ns, At safepoint: 9130 ns, Total: 85045 ns
[2020-02-26T09:26:51.309+0000][1][safepoint    ] Safepoint "RevokeBias", Time since last: 514937775 ns, Reaching safepoint: 156726 ns, At safepoint: 73349 ns, Total: 230075 ns
[2020-02-26T09:26:52.309+0000][1][safepoint    ] Safepoint "Cleanup", Time since last: 1000316373 ns, Reaching safepoint: 75678 ns, At safepoint: 8961 ns, Total: 84639 ns
[2020-02-26T09:26:53.309+0000][1][safepoint    ] Safepoint "Cleanup", Time since last: 1000156451 ns, Reaching safepoint: 94085 ns, At safepoint: 9834 ns, Total: 103919 ns
[2020-02-26T09:26:53.822+0000][1][safepoint    ] Safepoint "BulkRevokeBias", Time since last: 512798661 ns, Reaching safepoint: 71452 ns, At safepoint: 187480 ns, Total: 258932 ns
[2020-02-26T09:26:54.823+0000][1][safepoint    ] Safepoint "Cleanup", Time since last: 1000737389 ns, Reaching safepoint: 90399 ns, At safepoint: 10293 ns, Total: 100692 ns
[2020-02-26T09:26:55.824+0000][1][safepoint    ] Safepoint "Cleanup", Time since last: 1000533415 ns, Reaching safepoint: 101168 ns, At safepoint: 9492 ns, Total: 110660 ns
[2020-02-26T09:26:56.333+0000][1][safepoint    ] Safepoint "RevokeBias", Time since last: 508472796 ns, Reaching safepoint: 86553 ns, At safepoint: 40096 ns, Total: 126649 ns
[2020-02-26T09:26:57.334+0000][1][safepoint    ] Safepoint "Cleanup", Time since last: 1000946745 ns, Reaching safepoint: 76559 ns, At safepoint: 10511 ns, Total: 87070 ns
[2020-02-26T09:26:58.335+0000][1][safepoint    ] Safepoint "Cleanup", Time since last: 1000931935 ns, Reaching safepoint: 76326 ns, At safepoint: 9110 ns, Total: 85436 ns
[2020-02-26T09:26:58.843+0000][1][safepoint    ] Safepoint "RevokeBias", Time since last: 508681154 ns, Reaching safepoint: 179907 ns, At safepoint: 49947 ns, Total: 229854 ns
[2020-02-26T09:26:59.844+0000][1][safepoint    ] Safepoint "Cleanup", Time since last: 1000353918 ns, Reaching safepoint: 81012 ns, At safepoint: 10017 ns, Total: 91029 ns
[2020-02-26T09:27:00.845+0000][1][safepoint    ] Safepoint "Cleanup", Time since last: 1000586087 ns, Reaching safepoint: 77797 ns, At safepoint: 10691 ns, Total: 88488 ns
[2020-02-26T09:27:01.352+0000][1][safepoint    ] Safepoint "RevokeBias", Time since last: 507326675 ns, Reaching safepoint: 73187 ns, At safepoint: 19516 ns, Total: 92703 ns
[2020-02-26T09:27:02.353+0000][1][safepoint    ] Safepoint "Cleanup", Time since last: 1000660196 ns, Reaching safepoint: 77086 ns, At safepoint: 9965 ns, Total: 87051 ns
[2020-02-26T09:27:03.354+0000][1][safepoint    ] Safepoint "Cleanup", Time since last: 1000680319 ns, Reaching safepoint: 76530 ns, At safepoint: 8912 ns, Total: 85442 ns
[2020-02-26T09:27:03.857+0000][1][safepoint    ] Safepoint "RevokeBias", Time since last: 503145134 ns, Reaching safepoint: 76689 ns, At safepoint: 21601 ns, Total: 98290 ns
[2020-02-26T09:27:04.858+0000][1][safepoint    ] Safepoint "Cleanup", Time since last: 1000905064 ns, Reaching safepoint: 77612 ns, At safepoint: 8270 ns, Total: 85882 ns
[2020-02-26T09:27:05.858+0000][1][safepoint    ] Safepoint "Cleanup", Time since last: 1000615223 ns, Reaching safepoint: 100714 ns, At safepoint: 11620 ns, Total: 112334 ns
[2020-02-26T09:27:06.360+0000][1][safepoint    ] Safepoint "RevokeBias", Time since last: 501326536 ns, Reaching safepoint: 71316 ns, At safepoint: 19234 ns, Total: 90550 ns
[2020-02-26T09:27:07.361+0000][1][safepoint    ] Safepoint "Cleanup", Time since last: 1000518971 ns, Reaching safepoint: 142094 ns, At safepoint: 10212 ns, Total: 152306 ns
[2020-02-26T09:27:08.361+0000][1][safepoint    ] Safepoint "Cleanup", Time since last: 1000543379 ns, Reaching safepoint: 76453 ns, At safepoint: 9705 ns, Total: 86158 ns
[2020-02-26T09:27:08.863+0000][1][safepoint    ] Safepoint "RevokeBias", Time since last: 501952810 ns, Reaching safepoint: 72332 ns, At safepoint: 19025 ns, Total: 91357 ns
[2020-02-26T09:27:09.864+0000][1][safepoint    ] Safepoint "Cleanup", Time since last: 1001113558 ns, Reaching safepoint: 73628 ns, At safepoint: 7574 ns, Total: 81202 ns
[2020-02-26T09:27:10.865+0000][1][safepoint    ] Safepoint "Cleanup", Time since last: 1000717880 ns, Reaching safepoint: 76172 ns, At safepoint: 9843 ns, Total: 86015 ns
[2020-02-26T09:27:11.369+0000][1][safepoint    ] Safepoint "RevokeBias", Time since last: 503459523 ns, Reaching safepoint: 79336 ns, At safepoint: 20610 ns, Total: 99946 ns
[2020-02-26T09:27:12.369+0000][1][safepoint    ] Safepoint "Cleanup", Time since last: 1000565237 ns, Reaching safepoint: 93200 ns, At safepoint: 9236 ns, Total: 102436 ns
[2020-02-26T09:27:13.370+0000][1][safepoint    ] Safepoint "Cleanup", Time since last: 1000717640 ns, Reaching safepoint: 74152 ns, At safepoint: 8759 ns, Total: 82911 ns
[2020-02-26T09:27:13.874+0000][1][safepoint    ] Safepoint "RevokeBias", Time since last: 503893370 ns, Reaching safepoint: 73777 ns, At safepoint: 19872 ns, Total: 93649 ns
[2020-02-26T09:27:14.879+0000][1][safepoint    ] Safepoint "Cleanup", Time since last: 1004706872 ns, Reaching safepoint: 89692 ns, At safepoint: 9309 ns, Total: 99001 ns
[2020-02-26T09:27:15.880+0000][1][safepoint    ] Safepoint "Cleanup", Time since last: 1000360865 ns, Reaching safepoint: 115111 ns, At safepoint: 12942 ns, Total: 128053 ns
[2020-02-26T09:27:16.378+0000][1][safepoint    ] Safepoint "RevokeBias", Time since last: 498067595 ns, Reaching safepoint: 69713 ns, At safepoint: 19397 ns, Total: 89110 ns
[2020-02-26T09:27:17.379+0000][1][safepoint    ] Safepoint "Cleanup", Time since last: 1000853452 ns, Reaching safepoint: 147801 ns, At safepoint: 12825 ns, Total: 160626 ns
[2020-02-26T09:27:18.395+0000][1][safepoint    ] Safepoint "Cleanup", Time since last: 1010376870 ns, Reaching safepoint: 5639120 ns, At safepoint: 19984 ns, Total: 5659104 ns
[2020-02-26T09:27:18.883+0000][1][safepoint    ] Safepoint "RevokeBias", Time since last: 487979344 ns, Reaching safepoint: 116981 ns, At safepoint: 32474 ns, Total: 149455 ns
[2020-02-26T09:27:19.883+0000][1][safepoint    ] Safepoint "Cleanup", Time since last: 1000490434 ns, Reaching safepoint: 79438 ns, At safepoint: 8863 ns, Total: 88301 ns
[2020-02-26T09:27:20.891+0000][1][safepoint    ] Safepoint "Cleanup", Time since last: 1007346168 ns, Reaching safepoint: 60579 ns, At safepoint: 8251 ns, Total: 68830 ns
[2020-02-26T09:27:21.388+0000][1][safepoint    ] Safepoint "RevokeBias", Time since last: 497069257 ns, Reaching safepoint: 72473 ns, At safepoint: 20098 ns, Total: 92571 ns
[2020-02-26T09:27:22.389+0000][1][safepoint    ] Safepoint "Cleanup", Time since last: 1001048572 ns, Reaching safepoint: 76651 ns, At safepoint: 8800 ns, Total: 85451 ns
[2020-02-26T09:27:23.390+0000][1][safepoint    ] Safepoint "Cleanup", Time since last: 1000617237 ns, Reaching safepoint: 110885 ns, At safepoint: 13621 ns, Total: 124506 ns
[2020-02-26T09:27:23.894+0000][1][safepoint    ] Safepoint "RevokeBias", Time since last: 504006023 ns, Reaching safepoint: 182601 ns, At safepoint: 24032 ns, Total: 206633 ns
[2020-02-26T09:27:24.895+0000][1][safepoint    ] Safepoint "Cleanup", Time since last: 1000681714 ns, Reaching safepoint: 143640 ns, At safepoint: 9221 ns, Total: 152861 ns
[2020-02-26T09:27:25.900+0000][1][safepoint    ] Safepoint "Cleanup", Time since last: 1005207555 ns, Reaching safepoint: 89264 ns, At safepoint: 8227 ns, Total: 97491 ns
[2020-02-26T09:27:26.400+0000][1][safepoint    ] Safepoint "RevokeBias", Time since last: 499156129 ns, Reaching safepoint: 77067 ns, At safepoint: 37781 ns, Total: 114848 ns
[2020-02-26T09:27:27.400+0000][1][safepoint    ] Safepoint "Cleanup", Time since last: 1000320027 ns, Reaching safepoint: 92222 ns, At safepoint: 8713 ns, Total: 100935 ns
[2020-02-26T09:27:28.400+0000][1][safepoint    ] Safepoint "Cleanup", Time since last: 1000382415 ns, Reaching safepoint: 75611 ns, At safepoint: 9077 ns, Total: 84688 ns
[2020-02-26T09:27:28.906+0000][1][gc,start     ] GC(54) Pause Young (Allocation Failure)
[2020-02-26T09:27:28.906+0000][1][gc,task      ] GC(54) Using 1 workers of 1 for evacuation
[2020-02-26T09:27:28.917+0000][1][gc,age       ] GC(54) Desired survivor size 4358144 bytes, new threshold 6 (max threshold 6)
[2020-02-26T09:27:28.917+0000][1][gc,age       ] GC(54) Age table with threshold 6 (max threshold 6)
[2020-02-26T09:27:28.917+0000][1][gc,age       ] GC(54) - age   1:      24456 bytes,      24456 total
[2020-02-26T09:27:28.917+0000][1][gc,age       ] GC(54) - age   2:        448 bytes,      24904 total
[2020-02-26T09:27:28.917+0000][1][gc,age       ] GC(54) - age   3:        120 bytes,      25024 total
[2020-02-26T09:27:28.917+0000][1][gc,age       ] GC(54) - age   4:       1200 bytes,      26224 total
[2020-02-26T09:27:28.917+0000][1][gc,age       ] GC(54) - age   5:        704 bytes,      26928 total
[2020-02-26T09:27:28.917+0000][1][gc,age       ] GC(54) - age   6:       2256 bytes,      29184 total
[2020-02-26T09:27:28.917+0000][1][gc,heap      ] GC(54) ParNew: 68186K->33K(76672K)
[2020-02-26T09:27:28.917+0000][1][gc,heap      ] GC(54) CMS: 62619K->62622K(963392K)
[2020-02-26T09:27:28.917+0000][1][gc,metaspace ] GC(54) Metaspace: 79508K->79508K(1122304K)
[2020-02-26T09:27:28.917+0000][1][gc           ] GC(54) Pause Young (Allocation Failure) 127M->61M(1015M) 11.164ms
[2020-02-26T09:27:28.917+0000][1][gc,cpu       ] GC(54) User=0.02s Sys=0.00s Real=0.02s
[2020-02-26T09:27:28.917+0000][1][safepoint    ] Safepoint "GenCollectForAllocation", Time since last: 505162554 ns, Reaching safepoint: 74310 ns, At safepoint: 11220537 ns, Total: 11294847 ns
[2020-02-26T09:27:28.918+0000][1][safepoint    ] Safepoint "RevokeBias", Time since last: 663208 ns, Reaching safepoint: 63026 ns, At safepoint: 17204 ns, Total: 80230 ns
[2020-02-26T09:27:29.918+0000][1][safepoint    ] Safepoint "Cleanup", Time since last: 1000182346 ns, Reaching safepoint: 74186 ns, At safepoint: 8331 ns, Total: 82517 ns
[2020-02-26T09:27:30.921+0000][1][safepoint    ] Safepoint "Cleanup", Time since last: 1002678094 ns, Reaching safepoint: 52396 ns, At safepoint: 6624 ns, Total: 59020 ns
[2020-02-26T09:27:31.435+0000][1][safepoint    ] Safepoint "RevokeBias", Time since last: 513961384 ns, Reaching safepoint: 72052 ns, At safepoint: 19652 ns, Total: 91704 ns
[2020-02-26T09:27:32.436+0000][1][safepoint    ] Safepoint "Cleanup", Time since last: 1001275385 ns, Reaching safepoint: 75743 ns, At safepoint: 8229 ns, Total: 83972 ns
[2020-02-26T09:27:33.437+0000][1][safepoint    ] Safepoint "Cleanup", Time since last: 1000753875 ns, Reaching safepoint: 89048 ns, At safepoint: 8652 ns, Total: 97700 ns
[2020-02-26T09:27:33.946+0000][1][safepoint    ] Safepoint "RevokeBias", Time since last: 508665538 ns, Reaching safepoint: 70649 ns, At safepoint: 19645 ns, Total: 90294 ns
[2020-02-26T09:27:34.947+0000][1][safepoint    ] Safepoint "Cleanup", Time since last: 1001192597 ns, Reaching safepoint: 74651 ns, At safepoint: 7746 ns, Total: 82397 ns
[2020-02-26T09:27:35.948+0000][1][safepoint    ] Safepoint "Cleanup", Time since last: 1001147804 ns, Reaching safepoint: 74327 ns, At safepoint: 7787 ns, Total: 82114 ns
[2020-02-26T09:27:36.461+0000][1][safepoint    ] Safepoint "RevokeBias", Time since last: 512882578 ns, Reaching safepoint: 110993 ns, At safepoint: 30690 ns, Total: 141683 ns
[2020-02-26T09:27:37.462+0000][1][safepoint    ] Safepoint "Cleanup", Time since last: 1000850361 ns, Reaching safepoint: 84989 ns, At safepoint: 7925 ns, Total: 92914 ns
[2020-02-26T09:27:38.463+0000][1][safepoint    ] Safepoint "Cleanup", Time since last: 1000349560 ns, Reaching safepoint: 112105 ns, At safepoint: 9776 ns, Total: 121881 ns
[2020-02-26T09:27:38.971+0000][1][safepoint    ] Safepoint "RevokeBias", Time since last: 508331803 ns, Reaching safepoint: 72974 ns, At safepoint: 20323 ns, Total: 93297 ns
[2020-02-26T09:27:39.972+0000][1][safepoint    ] Safepoint "Cleanup", Time since last: 1000555256 ns, Reaching safepoint: 113088 ns, At safepoint: 11631 ns, Total: 124719 ns
[2020-02-26T09:27:40.973+0000][1][safepoint    ] Safepoint "Cleanup", Time since last: 1000704941 ns, Reaching safepoint: 146547 ns, At safepoint: 30750 ns, Total: 177297 ns
[2020-02-26T09:27:41.495+0000][1][safepoint    ] Safepoint "RevokeBias", Time since last: 521827658 ns, Reaching safepoint: 103394 ns, At safepoint: 22360 ns, Total: 125754 ns
[2020-02-26T09:27:42.496+0000][1][safepoint    ] Safepoint "Cleanup", Time since last: 1001707904 ns, Reaching safepoint: 79849 ns, At safepoint: 9818 ns, Total: 89667 ns
[2020-02-26T09:27:43.497+0000][1][safepoint    ] Safepoint "Cleanup", Time since last: 1000681696 ns, Reaching safepoint: 76642 ns, At safepoint: 8180 ns, Total: 84822 ns
[2020-02-26T09:27:44.004+0000][1][safepoint    ] Safepoint "RevokeBias", Time since last: 506825774 ns, Reaching safepoint: 85036 ns, At safepoint: 23753 ns, Total: 108789 ns
[2020-02-26T09:27:45.005+0000][1][safepoint    ] Safepoint "Cleanup", Time since last: 1000652140 ns, Reaching safepoint: 90857 ns, At safepoint: 11488 ns, Total: 102345 ns
[2020-02-26T09:27:46.006+0000][1][safepoint    ] Safepoint "Cleanup", Time since last: 1000712583 ns, Reaching safepoint: 77240 ns, At safepoint: 8854 ns, Total: 86094 ns
[2020-02-26T09:27:46.509+0000][1][safepoint    ] Safepoint "RevokeBias", Time since last: 503363973 ns, Reaching safepoint: 72795 ns, At safepoint: 19299 ns, Total: 92094 ns
[2020-02-26T09:27:47.514+0000][1][safepoint    ] Safepoint "Cleanup", Time since last: 1004374820 ns, Reaching safepoint: 142294 ns, At safepoint: 25210 ns, Total: 167504 ns
[2020-02-26T09:27:48.514+0000][1][safepoint    ] Safepoint "Cleanup", Time since last: 1000404244 ns, Reaching safepoint: 87774 ns, At safepoint: 10467 ns, Total: 98241 ns
[2020-02-26T09:27:49.014+0000][1][safepoint    ] Safepoint "RevokeBias", Time since last: 500316398 ns, Reaching safepoint: 75266 ns, At safepoint: 19107 ns, Total: 94373 ns
[2020-02-26T09:27:50.015+0000][1][safepoint    ] Safepoint "Cleanup", Time since last: 1000740356 ns, Reaching safepoint: 91287 ns, At safepoint: 10073 ns, Total: 101360 ns
[2020-02-26T09:27:51.016+0000][1][safepoint    ] Safepoint "Cleanup", Time since last: 1000603173 ns, Reaching safepoint: 82954 ns, At safepoint: 9293 ns, Total: 92247 ns
[2020-02-26T09:27:51.521+0000][1][safepoint    ] Safepoint "RevokeBias", Time since last: 504590839 ns, Reaching safepoint: 73131 ns, At safepoint: 22506 ns, Total: 95637 ns
[2020-02-26T09:27:52.521+0000][1][safepoint    ] Safepoint "Cleanup", Time since last: 1000459624 ns, Reaching safepoint: 114492 ns, At safepoint: 12744 ns, Total: 127236 ns
[2020-02-26T09:27:53.523+0000][1][safepoint    ] Safepoint "Cleanup", Time since last: 1001175753 ns, Reaching safepoint: 114075 ns, At safepoint: 13774 ns, Total: 127849 ns
[2020-02-26T09:27:54.026+0000][1][safepoint    ] Safepoint "RevokeBias", Time since last: 503259544 ns, Reaching safepoint: 73515 ns, At safepoint: 19959 ns, Total: 93474 ns
[2020-02-26T09:27:55.026+0000][1][safepoint    ] Safepoint "Cleanup", Time since last: 1000428093 ns, Reaching safepoint: 75196 ns, At safepoint: 8731 ns, Total: 83927 ns
[2020-02-26T09:27:56.027+0000][1][safepoint    ] Safepoint "Cleanup", Time since last: 1000489712 ns, Reaching safepoint: 94102 ns, At safepoint: 8522 ns, Total: 102624 ns
[2020-02-26T09:27:56.530+0000][1][safepoint    ] Safepoint "RevokeBias", Time since last: 502509809 ns, Reaching safepoint: 130398 ns, At safepoint: 40142 ns, Total: 170540 ns
[2020-02-26T09:27:57.537+0000][1][safepoint    ] Safepoint "Cleanup", Time since last: 1007427695 ns, Reaching safepoint: 112537 ns, At safepoint: 24583 ns, Total: 137120 ns
[2020-02-26T09:27:58.538+0000][1][safepoint    ] Safepoint "Cleanup", Time since last: 1000686257 ns, Reaching safepoint: 139719 ns, At safepoint: 27604 ns, Total: 167323 ns
[2020-02-26T09:27:59.035+0000][1][safepoint    ] Safepoint "RevokeBias", Time since last: 496508128 ns, Reaching safepoint: 105467 ns, At safepoint: 20518 ns, Total: 125985 ns
[2020-02-26T09:28:00.035+0000][1][safepoint    ] Safepoint "Cleanup", Time since last: 1000349349 ns, Reaching safepoint: 115325 ns, At safepoint: 10656 ns, Total: 125981 ns
[2020-02-26T09:28:01.036+0000][1][safepoint    ] Safepoint "Cleanup", Time since last: 1000222055 ns, Reaching safepoint: 93433 ns, At safepoint: 25447 ns, Total: 118880 ns
[2020-02-26T09:28:01.537+0000][1][safepoint    ] Safepoint "RevokeBias", Time since last: 501511797 ns, Reaching safepoint: 82649 ns, At safepoint: 23231 ns, Total: 105880 ns
[2020-02-26T09:28:02.539+0000][1][safepoint    ] Safepoint "Cleanup", Time since last: 1001445374 ns, Reaching safepoint: 74598 ns, At safepoint: 7167 ns, Total: 81765 ns
[2020-02-26T09:28:03.539+0000][1][safepoint    ] Safepoint "Cleanup", Time since last: 1000420953 ns, Reaching safepoint: 75495 ns, At safepoint: 8919 ns, Total: 84414 ns
[2020-02-26T09:28:04.043+0000][1][safepoint    ] Safepoint "RevokeBias", Time since last: 503856049 ns, Reaching safepoint: 52700 ns, At safepoint: 17718 ns, Total: 70418 ns
[2020-02-26T09:28:05.044+0000][1][safepoint    ] Safepoint "Cleanup", Time since last: 1000380064 ns, Reaching safepoint: 79562 ns, At safepoint: 11930 ns, Total: 91492 ns
[2020-02-26T09:28:06.045+0000][1][safepoint    ] Safepoint "Cleanup", Time since last: 1000828333 ns, Reaching safepoint: 106734 ns, At safepoint: 9549 ns, Total: 116283 ns
[2020-02-26T09:28:06.545+0000][1][safepoint    ] Safepoint "BulkRevokeBias", Time since last: 500342704 ns, Reaching safepoint: 100875 ns, At safepoint: 240276 ns, Total: 341151 ns
[2020-02-26T09:28:07.546+0000][1][safepoint    ] Safepoint "Cleanup", Time since last: 1000183100 ns, Reaching safepoint: 92158 ns, At safepoint: 11215 ns, Total: 103373 ns
[2020-02-26T09:28:08.552+0000][1][safepoint    ] Safepoint "Cleanup", Time since last: 1006511939 ns, Reaching safepoint: 59192 ns, At safepoint: 8607 ns, Total: 67799 ns
[2020-02-26T09:28:09.052+0000][1][safepoint    ] Safepoint "RevokeBias", Time since last: 500065700 ns, Reaching safepoint: 70855 ns, At safepoint: 19503 ns, Total: 90358 ns
[2020-02-26T09:28:10.054+0000][1][safepoint    ] Safepoint "Cleanup", Time since last: 1001168450 ns, Reaching safepoint: 78513 ns, At safepoint: 10209 ns, Total: 88722 ns
[2020-02-26T09:28:11.054+0000][1][safepoint    ] Safepoint "Cleanup", Time since last: 1000221661 ns, Reaching safepoint: 122079 ns, At safepoint: 26945 ns, Total: 149024 ns
[2020-02-26T09:28:11.560+0000][1][safepoint    ] Safepoint "RevokeBias", Time since last: 506153192 ns, Reaching safepoint: 93330 ns, At safepoint: 28733 ns, Total: 122063 ns
[2020-02-26T09:28:12.561+0000][1][safepoint    ] Safepoint "Cleanup", Time since last: 1000608621 ns, Reaching safepoint: 76449 ns, At safepoint: 9644 ns, Total: 86093 ns
[2020-02-26T09:28:13.561+0000][1][safepoint    ] Safepoint "Cleanup", Time since last: 1000127927 ns, Reaching safepoint: 63120 ns, At safepoint: 9952 ns, Total: 73072 ns
[2020-02-26T09:28:14.074+0000][1][safepoint    ] Safepoint "RevokeBias", Time since last: 512849000 ns, Reaching safepoint: 55805 ns, At safepoint: 17199 ns, Total: 73004 ns
[2020-02-26T09:28:15.075+0000][1][safepoint    ] Safepoint "Cleanup", Time since last: 1000414076 ns, Reaching safepoint: 77216 ns, At safepoint: 9693 ns, Total: 86909 ns
[2020-02-26T09:28:16.075+0000][1][safepoint    ] Safepoint "Cleanup", Time since last: 1000702483 ns, Reaching safepoint: 89518 ns, At safepoint: 10032 ns, Total: 99550 ns
[2020-02-26T09:28:16.585+0000][1][safepoint    ] Safepoint "RevokeBias", Time since last: 509609117 ns, Reaching safepoint: 101654 ns, At safepoint: 19795 ns, Total: 121449 ns
[2020-02-26T09:28:17.586+0000][1][safepoint    ] Safepoint "Cleanup", Time since last: 1000965434 ns, Reaching safepoint: 84272 ns, At safepoint: 11073 ns, Total: 95345 ns
[2020-02-26T09:28:18.594+0000][1][safepoint    ] Safepoint "Cleanup", Time since last: 1007663032 ns, Reaching safepoint: 76740 ns, At safepoint: 10025 ns, Total: 86765 ns
[2020-02-26T09:28:19.111+0000][1][safepoint    ] Safepoint "RevokeBias", Time since last: 516947560 ns, Reaching safepoint: 170209 ns, At safepoint: 23169 ns, Total: 193378 ns
[2020-02-26T09:28:20.112+0000][1][safepoint    ] Safepoint "Cleanup", Time since last: 1000528910 ns, Reaching safepoint: 77533 ns, At safepoint: 10694 ns, Total: 88227 ns
[2020-02-26T09:28:21.112+0000][1][safepoint    ] Safepoint "Cleanup", Time since last: 1000433561 ns, Reaching safepoint: 88763 ns, At safepoint: 9689 ns, Total: 98452 ns
[2020-02-26T09:28:21.627+0000][1][safepoint    ] Safepoint "RevokeBias", Time since last: 514959039 ns, Reaching safepoint: 166397 ns, At safepoint: 41321 ns, Total: 207718 ns
[2020-02-26T09:28:22.628+0000][1][safepoint    ] Safepoint "Cleanup", Time since last: 1000487848 ns, Reaching safepoint: 100358 ns, At safepoint: 13047 ns, Total: 113405 ns
[2020-02-26T09:28:23.629+0000][1][safepoint    ] Safepoint "Cleanup", Time since last: 1000709972 ns, Reaching safepoint: 451005 ns, At safepoint: 30934 ns, Total: 481939 ns
[2020-02-26T09:28:24.147+0000][1][safepoint    ] Safepoint "RevokeBias", Time since last: 517851068 ns, Reaching safepoint: 131739 ns, At safepoint: 25518 ns, Total: 157257 ns
[2020-02-26T09:28:25.148+0000][1][safepoint    ] Safepoint "Cleanup", Time since last: 1000416148 ns, Reaching safepoint: 77142 ns, At safepoint: 10006 ns, Total: 87148 ns
[2020-02-26T09:28:26.148+0000][1][safepoint    ] Safepoint "Cleanup", Time since last: 1000583706 ns, Reaching safepoint: 141348 ns, At safepoint: 9583 ns, Total: 150931 ns
[2020-02-26T09:28:26.655+0000][1][safepoint    ] Safepoint "RevokeBias", Time since last: 506626972 ns, Reaching safepoint: 90727 ns, At safepoint: 38577 ns, Total: 129304 ns
[2020-02-26T09:28:27.655+0000][1][safepoint    ] Safepoint "Cleanup", Time since last: 1000175307 ns, Reaching safepoint: 74895 ns, At safepoint: 9060 ns, Total: 83955 ns
[2020-02-26T09:28:28.656+0000][1][safepoint    ] Safepoint "Cleanup", Time since last: 1000542725 ns, Reaching safepoint: 76617 ns, At safepoint: 10217 ns, Total: 86834 ns
[2020-02-26T09:28:29.163+0000][1][safepoint    ] Safepoint "RevokeBias", Time since last: 506540602 ns, Reaching safepoint: 74113 ns, At safepoint: 20370 ns, Total: 94483 ns
[2020-02-26T09:28:30.290+0000][1][safepoint    ] Safepoint "Cleanup", Time since last: 1127227498 ns, Reaching safepoint: 72912 ns, At safepoint: 6983 ns, Total: 79895 ns
[2020-02-26T09:28:31.291+0000][1][safepoint    ] Safepoint "Cleanup", Time since last: 1000715921 ns, Reaching safepoint: 82656 ns, At safepoint: 12376 ns, Total: 95032 ns
[2020-02-26T09:28:31.667+0000][1][safepoint    ] Safepoint "RevokeBias", Time since last: 375581245 ns, Reaching safepoint: 169468 ns, At safepoint: 24418 ns, Total: 193886 ns
[2020-02-26T09:28:32.667+0000][1][safepoint    ] Safepoint "Cleanup", Time since last: 1000268703 ns, Reaching safepoint: 128470 ns, At safepoint: 12365 ns, Total: 140835 ns
[2020-02-26T09:28:33.667+0000][1][safepoint    ] Safepoint "Cleanup", Time since last: 1000183957 ns, Reaching safepoint: 78277 ns, At safepoint: 10172 ns, Total: 88449 ns
[2020-02-26T09:28:34.188+0000][1][safepoint    ] Safepoint "RevokeBias", Time since last: 521060933 ns, Reaching safepoint: 80017 ns, At safepoint: 19886 ns, Total: 99903 ns
[2020-02-26T09:28:35.193+0000][1][safepoint    ] Safepoint "Cleanup", Time since last: 1004673044 ns, Reaching safepoint: 104045 ns, At safepoint: 10907 ns, Total: 114952 ns
[2020-02-26T09:28:36.194+0000][1][safepoint    ] Safepoint "Cleanup", Time since last: 1000232915 ns, Reaching safepoint: 118562 ns, At safepoint: 10608 ns, Total: 129170 ns
[2020-02-26T09:28:36.716+0000][1][safepoint    ] Safepoint "RevokeBias", Time since last: 522663271 ns, Reaching safepoint: 112079 ns, At safepoint: 57163 ns, Total: 169242 ns
[2020-02-26T09:28:37.717+0000][1][safepoint    ] Safepoint "Cleanup", Time since last: 1000793696 ns, Reaching safepoint: 128833 ns, At safepoint: 14878 ns, Total: 143711 ns
[2020-02-26T09:28:38.718+0000][1][safepoint    ] Safepoint "Cleanup", Time since last: 1000581030 ns, Reaching safepoint: 78088 ns, At safepoint: 11245 ns, Total: 89333 ns
[2020-02-26T09:28:39.220+0000][1][safepoint    ] Safepoint "RevokeBias", Time since last: 502159589 ns, Reaching safepoint: 79811 ns, At safepoint: 22540 ns, Total: 102351 ns
[2020-02-26T09:28:40.221+0000][1][safepoint    ] Safepoint "Cleanup", Time since last: 1000718447 ns, Reaching safepoint: 76860 ns, At safepoint: 9294 ns, Total: 86154 ns
[2020-02-26T09:28:41.224+0000][1][safepoint    ] Safepoint "Cleanup", Time since last: 1003059424 ns, Reaching safepoint: 137556 ns, At safepoint: 31022 ns, Total: 168578 ns
[2020-02-26T09:28:41.726+0000][1][safepoint    ] Safepoint "RevokeBias", Time since last: 501419906 ns, Reaching safepoint: 65230 ns, At safepoint: 25125 ns, Total: 90355 ns
[2020-02-26T09:28:42.727+0000][1][safepoint    ] Safepoint "Cleanup", Time since last: 1000737627 ns, Reaching safepoint: 94544 ns, At safepoint: 11181 ns, Total: 105725 ns
[2020-02-26T09:28:43.727+0000][1][safepoint    ] Safepoint "Cleanup", Time since last: 1000341993 ns, Reaching safepoint: 76723 ns, At safepoint: 10107 ns, Total: 86830 ns
[2020-02-26T09:28:44.231+0000][1][safepoint    ] Safepoint "RevokeBias", Time since last: 503975332 ns, Reaching safepoint: 95287 ns, At safepoint: 23279 ns, Total: 118566 ns
[2020-02-26T09:28:45.232+0000][1][safepoint    ] Safepoint "Cleanup", Time since last: 1000606616 ns, Reaching safepoint: 94050 ns, At safepoint: 22369 ns, Total: 116419 ns
[2020-02-26T09:28:46.234+0000][1][safepoint    ] Safepoint "Cleanup", Time since last: 1002059316 ns, Reaching safepoint: 70165 ns, At safepoint: 12637 ns, Total: 82802 ns
[2020-02-26T09:28:46.742+0000][1][safepoint    ] Safepoint "RevokeBias", Time since last: 507530667 ns, Reaching safepoint: 60475 ns, At safepoint: 21179 ns, Total: 81654 ns
[2020-02-26T09:28:47.742+0000][1][safepoint    ] Safepoint "Cleanup", Time since last: 1000739094 ns, Reaching safepoint: 79715 ns, At safepoint: 10248 ns, Total: 89963 ns
[2020-02-26T09:28:48.743+0000][1][safepoint    ] Safepoint "Cleanup", Time since last: 1000425682 ns, Reaching safepoint: 164099 ns, At safepoint: 9289 ns, Total: 173388 ns
[2020-02-26T09:28:49.251+0000][1][safepoint    ] Safepoint "RevokeBias", Time since last: 507897761 ns, Reaching safepoint: 55231 ns, At safepoint: 18483 ns, Total: 73714 ns
[2020-02-26T09:28:50.251+0000][1][safepoint    ] Safepoint "Cleanup", Time since last: 1000237682 ns, Reaching safepoint: 90884 ns, At safepoint: 11024 ns, Total: 101908 ns
[2020-02-26T09:28:51.253+0000][1][safepoint    ] Safepoint "Cleanup", Time since last: 1001053634 ns, Reaching safepoint: 77837 ns, At safepoint: 8026 ns, Total: 85863 ns
[2020-02-26T09:28:51.768+0000][1][safepoint    ] Safepoint "RevokeBias", Time since last: 515486601 ns, Reaching safepoint: 71220 ns, At safepoint: 20260 ns, Total: 91480 ns
[2020-02-26T09:28:52.769+0000][1][safepoint    ] Safepoint "Cleanup", Time since last: 1000348314 ns, Reaching safepoint: 113016 ns, At safepoint: 26426 ns, Total: 139442 ns
[2020-02-26T09:28:53.769+0000][1][safepoint    ] Safepoint "Cleanup", Time since last: 1000728502 ns, Reaching safepoint: 92399 ns, At safepoint: 12229 ns, Total: 104628 ns
[2020-02-26T09:28:54.281+0000][1][safepoint    ] Safepoint "RevokeBias", Time since last: 511844759 ns, Reaching safepoint: 115881 ns, At safepoint: 31568 ns, Total: 147449 ns
[2020-02-26T09:28:55.467+0000][1][safepoint    ] Safepoint "Cleanup", Time since last: 1185214999 ns, Reaching safepoint: 78281 ns, At safepoint: 8994 ns, Total: 87275 ns
[2020-02-26T09:28:56.468+0000][1][safepoint    ] Safepoint "Cleanup", Time since last: 1000991971 ns, Reaching safepoint: 67054 ns, At safepoint: 8760 ns, Total: 75814 ns
[2020-02-26T09:28:56.789+0000][1][safepoint    ] Safepoint "RevokeBias", Time since last: 321329744 ns, Reaching safepoint: 76069 ns, At safepoint: 25789 ns, Total: 101858 ns
[2020-02-26T09:28:57.790+0000][1][safepoint    ] Safepoint "Cleanup", Time since last: 1000626668 ns, Reaching safepoint: 76924 ns, At safepoint: 9870 ns, Total: 86794 ns
[2020-02-26T09:28:58.790+0000][1][safepoint    ] Safepoint "Cleanup", Time since last: 1000435892 ns, Reaching safepoint: 90814 ns, At safepoint: 11243 ns, Total: 102057 ns
[2020-02-26T09:28:59.304+0000][1][safepoint    ] Safepoint "RevokeBias", Time since last: 513508152 ns, Reaching safepoint: 75609 ns, At safepoint: 20966 ns, Total: 96575 ns
[2020-02-26T09:29:00.305+0000][1][safepoint    ] Safepoint "Cleanup", Time since last: 1000741528 ns, Reaching safepoint: 89768 ns, At safepoint: 10365 ns, Total: 100133 ns
[2020-02-26T09:29:01.305+0000][1][safepoint    ] Safepoint "Cleanup", Time since last: 1000182395 ns, Reaching safepoint: 113441 ns, At safepoint: 9453 ns, Total: 122894 ns
[2020-02-26T09:29:01.807+0000][1][safepoint    ] Safepoint "RevokeBias", Time since last: 501256607 ns, Reaching safepoint: 87664 ns, At safepoint: 25305 ns, Total: 112969 ns
[2020-02-26T09:29:02.807+0000][1][safepoint    ] Safepoint "Cleanup", Time since last: 1000500931 ns, Reaching safepoint: 79612 ns, At safepoint: 9163 ns, Total: 88775 ns
[2020-02-26T09:29:03.808+0000][1][safepoint    ] Safepoint "Cleanup", Time since last: 1000460406 ns, Reaching safepoint: 152137 ns, At safepoint: 23929 ns, Total: 176066 ns
[2020-02-26T09:29:04.312+0000][1][safepoint    ] Safepoint "RevokeBias", Time since last: 503870600 ns, Reaching safepoint: 71015 ns, At safepoint: 19054 ns, Total: 90069 ns
[2020-02-26T09:29:05.312+0000][1][safepoint    ] Safepoint "Cleanup", Time since last: 1000417373 ns, Reaching safepoint: 79591 ns, At safepoint: 10216 ns, Total: 89807 ns
[2020-02-26T09:29:06.313+0000][1][safepoint    ] Safepoint "Cleanup", Time since last: 1001009633 ns, Reaching safepoint: 127848 ns, At safepoint: 13469 ns, Total: 141317 ns
[2020-02-26T09:29:06.814+0000][1][safepoint    ] Safepoint "RevokeBias", Time since last: 500951095 ns, Reaching safepoint: 73713 ns, At safepoint: 19888 ns, Total: 93601 ns
[2020-02-26T09:29:07.817+0000][1][safepoint    ] Safepoint "Cleanup", Time since last: 1002877294 ns, Reaching safepoint: 95739 ns, At safepoint: 23852 ns, Total: 119591 ns
[2020-02-26T09:29:08.818+0000][1][safepoint    ] Safepoint "Cleanup", Time since last: 1000446504 ns, Reaching safepoint: 89378 ns, At safepoint: 8553 ns, Total: 97931 ns
[2020-02-26T09:29:09.320+0000][1][safepoint    ] Safepoint "RevokeBias", Time since last: 502202871 ns, Reaching safepoint: 73616 ns, At safepoint: 19562 ns, Total: 93178 ns
[2020-02-26T09:29:10.321+0000][1][safepoint    ] Safepoint "Cleanup", Time since last: 1000381185 ns, Reaching safepoint: 107398 ns, At safepoint: 8467 ns, Total: 115865 ns
[2020-02-26T09:29:11.321+0000][1][safepoint    ] Safepoint "Cleanup", Time since last: 1000342782 ns, Reaching safepoint: 79487 ns, At safepoint: 10213 ns, Total: 89700 ns
[2020-02-26T09:29:11.825+0000][1][safepoint    ] Safepoint "RevokeBias", Time since last: 504170018 ns, Reaching safepoint: 73441 ns, At safepoint: 20249 ns, Total: 93690 ns
[2020-02-26T09:29:12.830+0000][1][safepoint    ] Safepoint "Cleanup", Time since last: 1004131649 ns, Reaching safepoint: 116019 ns, At safepoint: 12238 ns, Total: 128257 ns
[2020-02-26T09:29:13.830+0000][1][safepoint    ] Safepoint "Cleanup", Time since last: 1000400548 ns, Reaching safepoint: 77294 ns, At safepoint: 10717 ns, Total: 88011 ns
[2020-02-26T09:29:14.333+0000][1][safepoint    ] Safepoint "RevokeBias", Time since last: 502306698 ns, Reaching safepoint: 88231 ns, At safepoint: 27155 ns, Total: 115386 ns
[2020-02-26T09:29:15.333+0000][1][safepoint    ] Safepoint "Cleanup", Time since last: 1000670227 ns, Reaching safepoint: 89901 ns, At safepoint: 10224 ns, Total: 100125 ns
[2020-02-26T09:29:16.334+0000][1][safepoint    ] Safepoint "Cleanup", Time since last: 1000809177 ns, Reaching safepoint: 115597 ns, At safepoint: 10443 ns, Total: 126040 ns
[2020-02-26T09:29:16.836+0000][1][safepoint    ] Safepoint "RevokeBias", Time since last: 501117466 ns, Reaching safepoint: 78408 ns, At safepoint: 20907 ns, Total: 99315 ns
[2020-02-26T09:29:17.836+0000][1][safepoint    ] Safepoint "Cleanup", Time since last: 1000363671 ns, Reaching safepoint: 89104 ns, At safepoint: 9240 ns, Total: 98344 ns
[2020-02-26T09:29:18.838+0000][1][safepoint    ] Safepoint "Cleanup", Time since last: 1002223917 ns, Reaching safepoint: 79823 ns, At safepoint: 9248 ns, Total: 89071 ns
[2020-02-26T09:29:19.340+0000][1][safepoint    ] Safepoint "BulkRevokeBias", Time since last: 501559589 ns, Reaching safepoint: 55958 ns, At safepoint: 228306 ns, Total: 284264 ns
[2020-02-26T09:29:20.341+0000][1][safepoint    ] Safepoint "Cleanup", Time since last: 1000749506 ns, Reaching safepoint: 104548 ns, At safepoint: 9028 ns, Total: 113576 ns
[2020-02-26T09:29:21.342+0000][1][safepoint    ] Safepoint "Cleanup", Time since last: 1000407938 ns, Reaching safepoint: 89394 ns, At safepoint: 9184 ns, Total: 98578 ns
[2020-02-26T09:29:21.844+0000][1][safepoint    ] Safepoint "RevokeBias", Time since last: 502572342 ns, Reaching safepoint: 74252 ns, At safepoint: 19730 ns, Total: 93982 ns
[2020-02-26T09:29:22.845+0000][1][safepoint    ] Safepoint "Cleanup", Time since last: 1000213714 ns, Reaching safepoint: 80047 ns, At safepoint: 9485 ns, Total: 89532 ns
[2020-02-26T09:29:23.849+0000][1][safepoint    ] Safepoint "Cleanup", Time since last: 1004397939 ns, Reaching safepoint: 127273 ns, At safepoint: 8324 ns, Total: 135597 ns
[2020-02-26T09:29:24.352+0000][1][safepoint    ] Safepoint "RevokeBias", Time since last: 502370587 ns, Reaching safepoint: 71985 ns, At safepoint: 19577 ns, Total: 91562 ns
[2020-02-26T09:29:25.352+0000][1][safepoint    ] Safepoint "Cleanup", Time since last: 1000637676 ns, Reaching safepoint: 101572 ns, At safepoint: 10169 ns, Total: 111741 ns
[2020-02-26T09:29:26.353+0000][1][safepoint    ] Safepoint "Cleanup", Time since last: 1000610780 ns, Reaching safepoint: 128044 ns, At safepoint: 13380 ns, Total: 141424 ns
[2020-02-26T09:29:26.854+0000][1][safepoint    ] Safepoint "RevokeBias", Time since last: 501261217 ns, Reaching safepoint: 74751 ns, At safepoint: 19925 ns, Total: 94676 ns
[2020-02-26T09:29:27.855+0000][1][safepoint    ] Safepoint "Cleanup", Time since last: 1000248554 ns, Reaching safepoint: 77258 ns, At safepoint: 9491 ns, Total: 86749 ns
[2020-02-26T09:29:28.856+0000][1][safepoint    ] Safepoint "Cleanup", Time since last: 1000802706 ns, Reaching safepoint: 79692 ns, At safepoint: 8447 ns, Total: 88139 ns
[2020-02-26T09:29:29.368+0000][1][safepoint    ] Safepoint "RevokeBias", Time since last: 512545761 ns, Reaching safepoint: 78283 ns, At safepoint: 19445 ns, Total: 97728 ns
[2020-02-26T09:29:30.369+0000][1][safepoint    ] Safepoint "Cleanup", Time since last: 1000525100 ns, Reaching safepoint: 87712 ns, At safepoint: 9079 ns, Total: 96791 ns
[2020-02-26T09:29:31.369+0000][1][safepoint    ] Safepoint "Cleanup", Time since last: 1000313533 ns, Reaching safepoint: 75167 ns, At safepoint: 9190 ns, Total: 84357 ns
[2020-02-26T09:29:31.946+0000][1][safepoint    ] Safepoint "RevokeBias", Time since last: 576338811 ns, Reaching safepoint: 74452 ns, At safepoint: 20740 ns, Total: 95192 ns
[2020-02-26T09:29:32.947+0000][1][safepoint    ] Safepoint "Cleanup", Time since last: 1000859096 ns, Reaching safepoint: 72140 ns, At safepoint: 7880 ns, Total: 80020 ns
[2020-02-26T09:29:33.947+0000][1][safepoint    ] Safepoint "Cleanup", Time since last: 1000221128 ns, Reaching safepoint: 115351 ns, At safepoint: 9336 ns, Total: 124687 ns
[2020-02-26T09:29:34.461+0000][1][safepoint    ] Safepoint "RevokeBias", Time since last: 513677095 ns, Reaching safepoint: 160488 ns, At safepoint: 37874 ns, Total: 198362 ns
[2020-02-26T09:29:35.462+0000][1][safepoint    ] Safepoint "Cleanup", Time since last: 1001326845 ns, Reaching safepoint: 75076 ns, At safepoint: 7936 ns, Total: 83012 ns
[2020-02-26T09:29:36.463+0000][1][safepoint    ] Safepoint "Cleanup", Time since last: 1000772616 ns, Reaching safepoint: 173620 ns, At safepoint: 14400 ns, Total: 188020 ns
[2020-02-26T09:29:36.971+0000][1][safepoint    ] Safepoint "RevokeBias", Time since last: 507710044 ns, Reaching safepoint: 112188 ns, At safepoint: 56390 ns, Total: 168578 ns
[2020-02-26T09:29:37.973+0000][1][safepoint    ] Safepoint "Cleanup", Time since last: 1001118749 ns, Reaching safepoint: 223777 ns, At safepoint: 18917 ns, Total: 242694 ns
[2020-02-26T09:29:38.974+0000][1][safepoint    ] Safepoint "Cleanup", Time since last: 1001200153 ns, Reaching safepoint: 119848 ns, At safepoint: 11965 ns, Total: 131813 ns
[2020-02-26T09:29:39.486+0000][1][safepoint    ] Safepoint "RevokeBias", Time since last: 512441085 ns, Reaching safepoint: 71578 ns, At safepoint: 19975 ns, Total: 91553 ns
[2020-02-26T09:29:40.487+0000][1][safepoint    ] Safepoint "Cleanup", Time since last: 1000979752 ns, Reaching safepoint: 77299 ns, At safepoint: 10059 ns, Total: 87358 ns
[2020-02-26T09:29:41.488+0000][1][safepoint    ] Safepoint "Cleanup", Time since last: 1000464796 ns, Reaching safepoint: 90413 ns, At safepoint: 9910 ns, Total: 100323 ns
[2020-02-26T09:29:42.003+0000][1][safepoint    ] Safepoint "RevokeBias", Time since last: 514602128 ns, Reaching safepoint: 72543 ns, At safepoint: 19258 ns, Total: 91801 ns
[2020-02-26T09:29:43.003+0000][1][safepoint    ] Safepoint "Cleanup", Time since last: 1000224565 ns, Reaching safepoint: 78601 ns, At safepoint: 10476 ns, Total: 89077 ns
[2020-02-26T09:29:44.004+0000][1][safepoint    ] Safepoint "Cleanup", Time since last: 1000511917 ns, Reaching safepoint: 117569 ns, At safepoint: 43740 ns, Total: 161309 ns
[2020-02-26T09:29:44.510+0000][1][safepoint    ] Safepoint "RevokeBias", Time since last: 506173195 ns, Reaching safepoint: 126818 ns, At safepoint: 21804 ns, Total: 148622 ns
[2020-02-26T09:29:45.517+0000][1][safepoint    ] Safepoint "Cleanup", Time since last: 1006528503 ns, Reaching safepoint: 78112 ns, At safepoint: 21786 ns, Total: 99898 ns
[2020-02-26T09:29:47.013+0000][1][safepoint    ] Safepoint "RevokeBias", Time since last: 1496681405 ns, Reaching safepoint: 86030 ns, At safepoint: 20975 ns, Total: 107005 ns
[2020-02-26T09:29:48.014+0000][1][safepoint    ] Safepoint "Cleanup", Time since last: 1000390246 ns, Reaching safepoint: 76542 ns, At safepoint: 9736 ns, Total: 86278 ns
[2020-02-26T09:29:48.909+0000][1][gc,start     ] GC(55) Pause Young (Allocation Failure)
[2020-02-26T09:29:48.909+0000][1][gc,task      ] GC(55) Using 1 workers of 1 for evacuation
[2020-02-26T09:29:48.920+0000][1][gc,age       ] GC(55) Desired survivor size 4358144 bytes, new threshold 6 (max threshold 6)
[2020-02-26T09:29:48.920+0000][1][gc,age       ] GC(55) Age table with threshold 6 (max threshold 6)
[2020-02-26T09:29:48.920+0000][1][gc,age       ] GC(55) - age   1:      11160 bytes,      11160 total
[2020-02-26T09:29:48.920+0000][1][gc,age       ] GC(55) - age   2:       1144 bytes,      12304 total
[2020-02-26T09:29:48.920+0000][1][gc,age       ] GC(55) - age   3:        448 bytes,      12752 total
[2020-02-26T09:29:48.920+0000][1][gc,age       ] GC(55) - age   4:        120 bytes,      12872 total
[2020-02-26T09:29:48.920+0000][1][gc,age       ] GC(55) - age   5:       1200 bytes,      14072 total
[2020-02-26T09:29:48.920+0000][1][gc,age       ] GC(55) - age   6:        704 bytes,      14776 total
[2020-02-26T09:29:48.920+0000][1][gc,heap      ] GC(55) ParNew: 68193K->25K(76672K)
[2020-02-26T09:29:48.920+0000][1][gc,heap      ] GC(55) CMS: 62622K->62624K(963392K)
[2020-02-26T09:29:48.920+0000][1][gc,metaspace ] GC(55) Metaspace: 79525K->79525K(1122304K)
[2020-02-26T09:29:48.920+0000][1][gc           ] GC(55) Pause Young (Allocation Failure) 127M->61M(1015M) 10.724ms
[2020-02-26T09:29:48.920+0000][1][gc,cpu       ] GC(55) User=0.01s Sys=0.00s Real=0.01s
[2020-02-26T09:29:48.920+0000][1][safepoint    ] Safepoint "GenCollectForAllocation", Time since last: 895013200 ns, Reaching safepoint: 78883 ns, At safepoint: 10780241 ns, Total: 10859124 ns
[2020-02-26T09:29:49.519+0000][1][safepoint    ] Safepoint "RevokeBias", Time since last: 599072211 ns, Reaching safepoint: 72172 ns, At safepoint: 20125 ns, Total: 92297 ns
[2020-02-26T09:29:50.519+0000][1][safepoint    ] Safepoint "Cleanup", Time since last: 1000176998 ns, Reaching safepoint: 75745 ns, At safepoint: 8743 ns, Total: 84488 ns
[2020-02-26T09:29:51.520+0000][1][safepoint    ] Safepoint "Cleanup", Time since last: 1000210498 ns, Reaching safepoint: 131242 ns, At safepoint: 9327 ns, Total: 140569 ns
[2020-02-26T09:29:52.025+0000][1][safepoint    ] Safepoint "RevokeBias", Time since last: 505461751 ns, Reaching safepoint: 72872 ns, At safepoint: 19068 ns, Total: 91940 ns
[2020-02-26T09:29:53.026+0000][1][safepoint    ] Safepoint "Cleanup", Time since last: 1000712703 ns, Reaching safepoint: 79649 ns, At safepoint: 9030 ns, Total: 88679 ns
[2020-02-26T09:29:54.026+0000][1][safepoint    ] Safepoint "Cleanup", Time since last: 1000358367 ns, Reaching safepoint: 100765 ns, At safepoint: 9247 ns, Total: 110012 ns
[2020-02-26T09:29:54.531+0000][1][safepoint    ] Safepoint "RevokeBias", Time since last: 504786182 ns, Reaching safepoint: 71094 ns, At safepoint: 20571 ns, Total: 91665 ns
[2020-02-26T09:29:55.532+0000][1][safepoint    ] Safepoint "Cleanup", Time since last: 1001034862 ns, Reaching safepoint: 74139 ns, At safepoint: 7327 ns, Total: 81466 ns
[2020-02-26T09:29:56.533+0000][1][safepoint    ] Safepoint "Cleanup", Time since last: 1000624777 ns, Reaching safepoint: 90794 ns, At safepoint: 10558 ns, Total: 101352 ns
[2020-02-26T09:29:57.035+0000][1][safepoint    ] Safepoint "RevokeBias", Time since last: 501972220 ns, Reaching safepoint: 71081 ns, At safepoint: 19881 ns, Total: 90962 ns
[2020-02-26T09:29:58.036+0000][1][safepoint    ] Safepoint "Cleanup", Time since last: 1000613761 ns, Reaching safepoint: 78684 ns, At safepoint: 10450 ns, Total: 89134 ns
[2020-02-26T09:29:59.037+0000][1][safepoint    ] Safepoint "Cleanup", Time since last: 1000833830 ns, Reaching safepoint: 77250 ns, At safepoint: 9210 ns, Total: 86460 ns
[2020-02-26T09:29:59.541+0000][1][safepoint    ] Safepoint "RevokeBias", Time since last: 504010122 ns, Reaching safepoint: 72136 ns, At safepoint: 19621 ns, Total: 91757 ns
[2020-02-26T09:30:00.541+0000][1][safepoint    ] Safepoint "Cleanup", Time since last: 1000504823 ns, Reaching safepoint: 74611 ns, At safepoint: 10168 ns, Total: 84779 ns
[2020-02-26T09:30:01.542+0000][1][safepoint    ] Safepoint "Cleanup", Time since last: 1000819898 ns, Reaching safepoint: 142441 ns, At safepoint: 9363 ns, Total: 151804 ns
[2020-02-26T09:30:02.046+0000][1][safepoint    ] Safepoint "RevokeBias", Time since last: 503338560 ns, Reaching safepoint: 74265 ns, At safepoint: 18819 ns, Total: 93084 ns
[2020-02-26T09:30:03.047+0000][1][safepoint    ] Safepoint "Cleanup", Time since last: 1000991957 ns, Reaching safepoint: 77830 ns, At safepoint: 10397 ns, Total: 88227 ns
[2020-02-26T09:30:04.048+0000][1][safepoint    ] Safepoint "Cleanup", Time since last: 1000549445 ns, Reaching safepoint: 77371 ns, At safepoint: 9290 ns, Total: 86661 ns
[2020-02-26T09:30:04.559+0000][1][safepoint    ] Safepoint "RevokeBias", Time since last: 511037669 ns, Reaching safepoint: 75232 ns, At safepoint: 19958 ns, Total: 95190 ns
[2020-02-26T09:30:05.560+0000][1][safepoint    ] Safepoint "Cleanup", Time since last: 1001466764 ns, Reaching safepoint: 92713 ns, At safepoint: 7949 ns, Total: 100662 ns
[2020-02-26T09:30:06.562+0000][1][safepoint    ] Safepoint "Cleanup", Time since last: 1001271543 ns, Reaching safepoint: 78741 ns, At safepoint: 8641 ns, Total: 87382 ns
[2020-02-26T09:30:07.083+0000][1][safepoint    ] Safepoint "RevokeBias", Time since last: 520881226 ns, Reaching safepoint: 71262 ns, At safepoint: 19913 ns, Total: 91175 ns
[2020-02-26T09:30:08.083+0000][1][safepoint    ] Safepoint "Cleanup", Time since last: 1000777723 ns, Reaching safepoint: 81319 ns, At safepoint: 10403 ns, Total: 91722 ns
[2020-02-26T09:30:09.084+0000][1][safepoint    ] Safepoint "Cleanup", Time since last: 1000218748 ns, Reaching safepoint: 129084 ns, At safepoint: 9996 ns, Total: 139080 ns
[2020-02-26T09:30:09.591+0000][1][safepoint    ] Safepoint "RevokeBias", Time since last: 506534731 ns, Reaching safepoint: 144223 ns, At safepoint: 23387 ns, Total: 167610 ns
[2020-02-26T09:30:10.591+0000][1][safepoint    ] Safepoint "Cleanup", Time since last: 1000348800 ns, Reaching safepoint: 121911 ns, At safepoint: 34564 ns, Total: 156475 ns
[2020-02-26T09:30:11.602+0000][1][safepoint    ] Safepoint "Cleanup", Time since last: 1010406486 ns, Reaching safepoint: 89709 ns, At safepoint: 8654 ns, Total: 98363 ns
[2020-02-26T09:30:12.102+0000][1][safepoint    ] Safepoint "RevokeBias", Time since last: 500509153 ns, Reaching safepoint: 70843 ns, At safepoint: 20014 ns, Total: 90857 ns
[2020-02-26T09:30:13.103+0000][1][safepoint    ] Safepoint "Cleanup", Time since last: 1000266781 ns, Reaching safepoint: 76530 ns, At safepoint: 11196 ns, Total: 87726 ns
[2020-02-26T09:30:14.103+0000][1][safepoint    ] Safepoint "Cleanup", Time since last: 1000153981 ns, Reaching safepoint: 82343 ns, At safepoint: 10287 ns, Total: 92630 ns
[2020-02-26T09:30:14.618+0000][1][safepoint    ] Safepoint "RevokeBias", Time since last: 515517622 ns, Reaching safepoint: 79940 ns, At safepoint: 21491 ns, Total: 101431 ns
[2020-02-26T09:30:15.619+0000][1][safepoint    ] Safepoint "Cleanup", Time since last: 1000400426 ns, Reaching safepoint: 81823 ns, At safepoint: 11913 ns, Total: 93736 ns
[2020-02-26T09:30:16.619+0000][1][safepoint    ] Safepoint "Cleanup", Time since last: 1000160222 ns, Reaching safepoint: 76591 ns, At safepoint: 8678 ns, Total: 85269 ns
[2020-02-26T09:30:17.135+0000][1][safepoint    ] Safepoint "RevokeBias", Time since last: 515537960 ns, Reaching safepoint: 203069 ns, At safepoint: 56289 ns, Total: 259358 ns
[2020-02-26T09:30:18.135+0000][1][safepoint    ] Safepoint "Cleanup", Time since last: 1000233510 ns, Reaching safepoint: 74364 ns, At safepoint: 9887 ns, Total: 84251 ns
[2020-02-26T09:30:19.136+0000][1][safepoint    ] Safepoint "Cleanup", Time since last: 1000937434 ns, Reaching safepoint: 77552 ns, At safepoint: 10338 ns, Total: 87890 ns
[2020-02-26T09:30:19.650+0000][1][safepoint    ] Safepoint "RevokeBias", Time since last: 514006475 ns, Reaching safepoint: 69356 ns, At safepoint: 19026 ns, Total: 88382 ns
[2020-02-26T09:30:20.651+0000][1][safepoint    ] Safepoint "Cleanup", Time since last: 1000802516 ns, Reaching safepoint: 77307 ns, At safepoint: 9777 ns, Total: 87084 ns
[2020-02-26T09:30:21.652+0000][1][safepoint    ] Safepoint "Cleanup", Time since last: 1000640146 ns, Reaching safepoint: 103910 ns, At safepoint: 11314 ns, Total: 115224 ns
[2020-02-26T09:30:22.161+0000][1][safepoint    ] Safepoint "RevokeBias", Time since last: 509089029 ns, Reaching safepoint: 129218 ns, At safepoint: 22233 ns, Total: 151451 ns
[2020-02-26T09:30:23.163+0000][1][safepoint    ] Safepoint "Cleanup", Time since last: 1001621126 ns, Reaching safepoint: 115513 ns, At safepoint: 12284 ns, Total: 127797 ns
[2020-02-26T09:30:24.164+0000][1][safepoint    ] Safepoint "Cleanup", Time since last: 1000602959 ns, Reaching safepoint: 131994 ns, At safepoint: 11482 ns, Total: 143476 ns
[2020-02-26T09:30:24.674+0000][1][safepoint    ] Safepoint "RevokeBias", Time since last: 509578028 ns, Reaching safepoint: 194469 ns, At safepoint: 22554 ns, Total: 217023 ns
[2020-02-26T09:30:25.674+0000][1][safepoint    ] Safepoint "Cleanup", Time since last: 1000740625 ns, Reaching safepoint: 75570 ns, At safepoint: 8285 ns, Total: 83855 ns
[2020-02-26T09:30:26.675+0000][1][safepoint    ] Safepoint "Cleanup", Time since last: 1000465812 ns, Reaching safepoint: 90113 ns, At safepoint: 9693 ns, Total: 99806 ns
[2020-02-26T09:30:27.177+0000][1][safepoint    ] Safepoint "RevokeBias", Time since last: 501634278 ns, Reaching safepoint: 172854 ns, At safepoint: 21555 ns, Total: 194409 ns
[2020-02-26T09:30:28.186+0000][1][safepoint    ] Safepoint "Cleanup", Time since last: 1008762025 ns, Reaching safepoint: 76033 ns, At safepoint: 9479 ns, Total: 85512 ns
[2020-02-26T09:30:29.186+0000][1][safepoint    ] Safepoint "Cleanup", Time since last: 1000488143 ns, Reaching safepoint: 164470 ns, At safepoint: 53045 ns, Total: 217515 ns
[2020-02-26T09:30:29.683+0000][1][safepoint    ] Safepoint "RevokeBias", Time since last: 496257585 ns, Reaching safepoint: 159070 ns, At safepoint: 41017 ns, Total: 200087 ns
[2020-02-26T09:30:30.683+0000][1][safepoint    ] Safepoint "Cleanup", Time since last: 1000632689 ns, Reaching safepoint: 80332 ns, At safepoint: 12092 ns, Total: 92424 ns
[2020-02-26T09:30:31.684+0000][1][safepoint    ] Safepoint "Cleanup", Time since last: 1000260371 ns, Reaching safepoint: 90916 ns, At safepoint: 10371 ns, Total: 101287 ns
[2020-02-26T09:30:32.187+0000][1][safepoint    ] Safepoint "BulkRevokeBias", Time since last: 503237318 ns, Reaching safepoint: 77492 ns, At safepoint: 197401 ns, Total: 274893 ns
[2020-02-26T09:30:33.192+0000][1][safepoint    ] Safepoint "Cleanup", Time since last: 1004685656 ns, Reaching safepoint: 102592 ns, At safepoint: 8225 ns, Total: 110817 ns
[2020-02-26T09:30:34.193+0000][1][safepoint    ] Safepoint "Cleanup", Time since last: 1000273801 ns, Reaching safepoint: 120349 ns, At safepoint: 15504 ns, Total: 135853 ns
[2020-02-26T09:30:34.694+0000][1][safepoint    ] Safepoint "RevokeBias", Time since last: 501410670 ns, Reaching safepoint: 76444 ns, At safepoint: 20542 ns, Total: 96986 ns
[2020-02-26T09:30:35.695+0000][1][safepoint    ] Safepoint "Cleanup", Time since last: 1000601911 ns, Reaching safepoint: 76321 ns, At safepoint: 8886 ns, Total: 85207 ns
[2020-02-26T09:30:36.695+0000][1][safepoint    ] Safepoint "Cleanup", Time since last: 1000399372 ns, Reaching safepoint: 92958 ns, At safepoint: 9181 ns, Total: 102139 ns
[2020-02-26T09:30:37.197+0000][1][safepoint    ] Safepoint "RevokeBias", Time since last: 501881725 ns, Reaching safepoint: 74441 ns, At safepoint: 36173 ns, Total: 110614 ns
[2020-02-26T09:30:38.197+0000][1][safepoint    ] Safepoint "Cleanup", Time since last: 1000063772 ns, Reaching safepoint: 76664 ns, At safepoint: 8870 ns, Total: 85534 ns
[2020-02-26T09:30:39.206+0000][1][safepoint    ] Safepoint "Cleanup", Time since last: 1007994014 ns, Reaching safepoint: 138893 ns, At safepoint: 10450 ns, Total: 149343 ns
[2020-02-26T09:30:39.703+0000][1][safepoint    ] Safepoint "RevokeBias", Time since last: 497610546 ns, Reaching safepoint: 73774 ns, At safepoint: 20172 ns, Total: 93946 ns
[2020-02-26T09:30:40.704+0000][1][safepoint    ] Safepoint "Cleanup", Time since last: 1000420243 ns, Reaching safepoint: 170459 ns, At safepoint: 13664 ns, Total: 184123 ns
[2020-02-26T09:30:41.704+0000][1][safepoint    ] Safepoint "Cleanup", Time since last: 1000185556 ns, Reaching safepoint: 147490 ns, At safepoint: 27675 ns, Total: 175165 ns
[2020-02-26T09:30:42.208+0000][1][safepoint    ] Safepoint "RevokeBias", Time since last: 504069224 ns, Reaching safepoint: 79772 ns, At safepoint: 20361 ns, Total: 100133 ns
[2020-02-26T09:30:43.209+0000][1][safepoint    ] Safepoint "Cleanup", Time since last: 1000509255 ns, Reaching safepoint: 117069 ns, At safepoint: 10846 ns, Total: 127915 ns
[2020-02-26T09:30:44.215+0000][1][safepoint    ] Safepoint "Cleanup", Time since last: 1005362558 ns, Reaching safepoint: 113994 ns, At safepoint: 12744 ns, Total: 126738 ns
[2020-02-26T09:30:44.713+0000][1][safepoint    ] Safepoint "RevokeBias", Time since last: 498407101 ns, Reaching safepoint: 72665 ns, At safepoint: 19794 ns, Total: 92459 ns
[2020-02-26T09:30:45.714+0000][1][safepoint    ] Safepoint "Cleanup", Time since last: 1000389063 ns, Reaching safepoint: 168708 ns, At safepoint: 30120 ns, Total: 198828 ns
[2020-02-26T09:30:47.216+0000][1][safepoint    ] Safepoint "RevokeBias", Time since last: 1502642117 ns, Reaching safepoint: 159584 ns, At safepoint: 46715 ns, Total: 206299 ns
[2020-02-26T09:30:48.217+0000][1][safepoint    ] Safepoint "Cleanup", Time since last: 1000458681 ns, Reaching safepoint: 75268 ns, At safepoint: 8847 ns, Total: 84115 ns
[2020-02-26T09:30:49.225+0000][1][safepoint    ] Safepoint "Cleanup", Time since last: 1008083100 ns, Reaching safepoint: 128907 ns, At safepoint: 28447 ns, Total: 157354 ns
[2020-02-26T09:30:49.732+0000][1][safepoint    ] Safepoint "RevokeBias", Time since last: 506966237 ns, Reaching safepoint: 74715 ns, At safepoint: 20195 ns, Total: 94910 ns
[2020-02-26T09:30:50.733+0000][1][safepoint    ] Safepoint "Cleanup", Time since last: 1000625793 ns, Reaching safepoint: 76514 ns, At safepoint: 8709 ns, Total: 85223 ns
[2020-02-26T09:30:51.734+0000][1][safepoint    ] Safepoint "Cleanup", Time since last: 1000417556 ns, Reaching safepoint: 155986 ns, At safepoint: 111582 ns, Total: 267568 ns
[2020-02-26T09:30:52.243+0000][1][safepoint    ] Safepoint "RevokeBias", Time since last: 509531924 ns, Reaching safepoint: 94961 ns, At safepoint: 42726 ns, Total: 137687 ns
[2020-02-26T09:30:53.245+0000][1][safepoint    ] Safepoint "Cleanup", Time since last: 1001065097 ns, Reaching safepoint: 89669 ns, At safepoint: 10495 ns, Total: 100164 ns
[2020-02-26T09:30:54.245+0000][1][safepoint    ] Safepoint "Cleanup", Time since last: 1000564487 ns, Reaching safepoint: 111596 ns, At safepoint: 10605 ns, Total: 122201 ns
[2020-02-26T09:30:54.755+0000][1][safepoint    ] Safepoint "RevokeBias", Time since last: 510012003 ns, Reaching safepoint: 70337 ns, At safepoint: 19411 ns, Total: 89748 ns
[2020-02-26T09:30:55.756+0000][1][safepoint    ] Safepoint "Cleanup", Time since last: 1000191448 ns, Reaching safepoint: 104540 ns, At safepoint: 10368 ns, Total: 114908 ns
[2020-02-26T09:30:56.756+0000][1][safepoint    ] Safepoint "Cleanup", Time since last: 1000445567 ns, Reaching safepoint: 80984 ns, At safepoint: 9028 ns, Total: 90012 ns
[2020-02-26T09:30:57.264+0000][1][safepoint    ] Safepoint "RevokeBias", Time since last: 508203556 ns, Reaching safepoint: 71018 ns, At safepoint: 18757 ns, Total: 89775 ns
[2020-02-26T09:30:58.265+0000][1][safepoint    ] Safepoint "Cleanup", Time since last: 1000357705 ns, Reaching safepoint: 85913 ns, At safepoint: 11112 ns, Total: 97025 ns
[2020-02-26T09:30:59.266+0000][1][safepoint    ] Safepoint "Cleanup", Time since last: 1000738013 ns, Reaching safepoint: 76133 ns, At safepoint: 10685 ns, Total: 86818 ns
[2020-02-26T09:30:59.782+0000][1][safepoint    ] Safepoint "RevokeBias", Time since last: 516328803 ns, Reaching safepoint: 91060 ns, At safepoint: 20807 ns, Total: 111867 ns
[2020-02-26T09:31:00.783+0000][1][safepoint    ] Safepoint "Cleanup", Time since last: 1000492281 ns, Reaching safepoint: 77397 ns, At safepoint: 10867 ns, Total: 88264 ns
[2020-02-26T09:31:01.784+0000][1][safepoint    ] Safepoint "Cleanup", Time since last: 1000787339 ns, Reaching safepoint: 110020 ns, At safepoint: 28514 ns, Total: 138534 ns
[2020-02-26T09:31:02.294+0000][1][safepoint    ] Safepoint "RevokeBias", Time since last: 510505903 ns, Reaching safepoint: 85737 ns, At safepoint: 22990 ns, Total: 108727 ns
[2020-02-26T09:31:03.295+0000][1][safepoint    ] Safepoint "Cleanup", Time since last: 1000460066 ns, Reaching safepoint: 76648 ns, At safepoint: 9131 ns, Total: 85779 ns
[2020-02-26T09:31:04.295+0000][1][safepoint    ] Safepoint "Cleanup", Time since last: 1000523141 ns, Reaching safepoint: 75118 ns, At safepoint: 9575 ns, Total: 84693 ns
[2020-02-26T09:31:04.801+0000][1][safepoint    ] Safepoint "RevokeBias", Time since last: 505020938 ns, Reaching safepoint: 72786 ns, At safepoint: 19508 ns, Total: 92294 ns
[2020-02-26T09:31:05.801+0000][1][safepoint    ] Safepoint "Cleanup", Time since last: 1000383632 ns, Reaching safepoint: 74609 ns, At safepoint: 9151 ns, Total: 83760 ns
[2020-02-26T09:31:06.802+0000][1][safepoint    ] Safepoint "Cleanup", Time since last: 1000796534 ns, Reaching safepoint: 75303 ns, At safepoint: 9062 ns, Total: 84365 ns
[2020-02-26T09:31:07.304+0000][1][safepoint    ] Safepoint "RevokeBias", Time since last: 501874315 ns, Reaching safepoint: 76495 ns, At safepoint: 20154 ns, Total: 96649 ns
[2020-02-26T09:31:08.304+0000][1][safepoint    ] Safepoint "Cleanup", Time since last: 1000401496 ns, Reaching safepoint: 78376 ns, At safepoint: 9724 ns, Total: 88100 ns
[2020-02-26T09:31:09.305+0000][1][safepoint    ] Safepoint "Cleanup", Time since last: 1000174900 ns, Reaching safepoint: 112812 ns, At safepoint: 11185 ns, Total: 123997 ns
[2020-02-26T09:31:09.810+0000][1][safepoint    ] Safepoint "RevokeBias", Time since last: 505387711 ns, Reaching safepoint: 72450 ns, At safepoint: 53996 ns, Total: 126446 ns
[2020-02-26T09:31:10.811+0000][1][safepoint    ] Safepoint "Cleanup", Time since last: 1001083509 ns, Reaching safepoint: 141014 ns, At safepoint: 10139 ns, Total: 151153 ns
[2020-02-26T09:31:11.813+0000][1][safepoint    ] Safepoint "Cleanup", Time since last: 1001134438 ns, Reaching safepoint: 112612 ns, At safepoint: 12838 ns, Total: 125450 ns
[2020-02-26T09:31:12.317+0000][1][safepoint    ] Safepoint "RevokeBias", Time since last: 503694681 ns, Reaching safepoint: 202154 ns, At safepoint: 30252 ns, Total: 232406 ns
[2020-02-26T09:31:13.317+0000][1][safepoint    ] Safepoint "Cleanup", Time since last: 1000281026 ns, Reaching safepoint: 109016 ns, At safepoint: 10860 ns, Total: 119876 ns
[2020-02-26T09:31:14.317+0000][1][safepoint    ] Safepoint "Cleanup", Time since last: 1000221661 ns, Reaching safepoint: 105722 ns, At safepoint: 10988 ns, Total: 116710 ns
[2020-02-26T09:31:14.823+0000][1][safepoint    ] Safepoint "RevokeBias", Time since last: 505298361 ns, Reaching safepoint: 91601 ns, At safepoint: 29681 ns, Total: 121282 ns
[2020-02-26T09:31:15.830+0000][1][safepoint    ] Safepoint "Cleanup", Time since last: 1006745826 ns, Reaching safepoint: 91734 ns, At safepoint: 9529 ns, Total: 101263 ns
[2020-02-26T09:31:16.830+0000][1][safepoint    ] Safepoint "Cleanup", Time since last: 1000260446 ns, Reaching safepoint: 92538 ns, At safepoint: 8614 ns, Total: 101152 ns
[2020-02-26T09:31:17.332+0000][1][safepoint    ] Safepoint "RevokeBias", Time since last: 500771014 ns, Reaching safepoint: 1354651 ns, At safepoint: 25368 ns, Total: 1380019 ns
[2020-02-26T09:31:18.332+0000][1][safepoint    ] Safepoint "Cleanup", Time since last: 1000207234 ns, Reaching safepoint: 77517 ns, At safepoint: 8760 ns, Total: 86277 ns
[2020-02-26T09:31:19.333+0000][1][safepoint    ] Safepoint "Cleanup", Time since last: 1000382653 ns, Reaching safepoint: 102657 ns, At safepoint: 9686 ns, Total: 112343 ns
[2020-02-26T09:31:19.837+0000][1][safepoint    ] Safepoint "RevokeBias", Time since last: 504377041 ns, Reaching safepoint: 105381 ns, At safepoint: 20353 ns, Total: 125734 ns
[2020-02-26T09:31:20.838+0000][1][safepoint    ] Safepoint "Cleanup", Time since last: 1000332393 ns, Reaching safepoint: 75765 ns, At safepoint: 9491 ns, Total: 85256 ns
[2020-02-26T09:31:21.844+0000][1][safepoint    ] Safepoint "Cleanup", Time since last: 1005710471 ns, Reaching safepoint: 123140 ns, At safepoint: 9006 ns, Total: 132146 ns
[2020-02-26T09:31:22.344+0000][1][safepoint    ] Safepoint "RevokeBias", Time since last: 500670770 ns, Reaching safepoint: 116055 ns, At safepoint: 29903 ns, Total: 145958 ns
[2020-02-26T09:31:23.345+0000][1][safepoint    ] Safepoint "Cleanup", Time since last: 1000635519 ns, Reaching safepoint: 77157 ns, At safepoint: 10436 ns, Total: 87593 ns
[2020-02-26T09:31:24.346+0000][1][safepoint    ] Safepoint "Cleanup", Time since last: 1000797594 ns, Reaching safepoint: 77847 ns, At safepoint: 10056 ns, Total: 87903 ns
[2020-02-26T09:31:24.852+0000][1][safepoint    ] Safepoint "RevokeBias", Time since last: 505801695 ns, Reaching safepoint: 144483 ns, At safepoint: 46641 ns, Total: 191124 ns
[2020-02-26T09:31:25.853+0000][1][safepoint    ] Safepoint "Cleanup", Time since last: 1000672210 ns, Reaching safepoint: 114708 ns, At safepoint: 12163 ns, Total: 126871 ns
[2020-02-26T09:31:26.855+0000][1][safepoint    ] Safepoint "Cleanup", Time since last: 1001658723 ns, Reaching safepoint: 89809 ns, At safepoint: 9045 ns, Total: 98854 ns
[2020-02-26T09:31:27.366+0000][1][safepoint    ] Safepoint "RevokeBias", Time since last: 510592396 ns, Reaching safepoint: 260927 ns, At safepoint: 32816 ns, Total: 293743 ns
[2020-02-26T09:31:28.366+0000][1][safepoint    ] Safepoint "Cleanup", Time since last: 1000277676 ns, Reaching safepoint: 75772 ns, At safepoint: 10723 ns, Total: 86495 ns
[2020-02-26T09:31:29.367+0000][1][safepoint    ] Safepoint "Cleanup", Time since last: 1000809662 ns, Reaching safepoint: 76381 ns, At safepoint: 9050 ns, Total: 85431 ns
[2020-02-26T09:31:29.877+0000][1][safepoint    ] Safepoint "RevokeBias", Time since last: 510150599 ns, Reaching safepoint: 185779 ns, At safepoint: 23146 ns, Total: 208925 ns
[2020-02-26T09:31:30.878+0000][1][safepoint    ] Safepoint "Cleanup", Time since last: 1000927930 ns, Reaching safepoint: 76649 ns, At safepoint: 8585 ns, Total: 85234 ns
[2020-02-26T09:31:31.879+0000][1][safepoint    ] Safepoint "Cleanup", Time since last: 1001060671 ns, Reaching safepoint: 99646 ns, At safepoint: 10306 ns, Total: 109952 ns
[2020-02-26T09:31:32.397+0000][1][safepoint    ] Safepoint "RevokeBias", Time since last: 518047151 ns, Reaching safepoint: 72449 ns, At safepoint: 38496 ns, Total: 110945 ns
[2020-02-26T09:31:33.398+0000][1][safepoint    ] Safepoint "Cleanup", Time since last: 1000559668 ns, Reaching safepoint: 78213 ns, At safepoint: 9693 ns, Total: 87906 ns
[2020-02-26T09:31:34.399+0000][1][safepoint    ] Safepoint "Cleanup", Time since last: 1000724615 ns, Reaching safepoint: 72556 ns, At safepoint: 8474 ns, Total: 81030 ns
[2020-02-26T09:31:34.909+0000][1][safepoint    ] Safepoint "RevokeBias", Time since last: 509701808 ns, Reaching safepoint: 70637 ns, At safepoint: 19688 ns, Total: 90325 ns
[2020-02-26T09:31:35.910+0000][1][safepoint    ] Safepoint "Cleanup", Time since last: 1001283223 ns, Reaching safepoint: 75990 ns, At safepoint: 8973 ns, Total: 84963 ns
[2020-02-26T09:31:36.911+0000][1][safepoint    ] Safepoint "Cleanup", Time since last: 1000737724 ns, Reaching safepoint: 131498 ns, At safepoint: 12287 ns, Total: 143785 ns
[2020-02-26T09:31:37.424+0000][1][safepoint    ] Safepoint "RevokeBias", Time since last: 513258626 ns, Reaching safepoint: 70900 ns, At safepoint: 19898 ns, Total: 90798 ns
[2020-02-26T09:31:38.425+0000][1][safepoint    ] Safepoint "Cleanup", Time since last: 1000529789 ns, Reaching safepoint: 89769 ns, At safepoint: 8593 ns, Total: 98362 ns
[2020-02-26T09:31:39.425+0000][1][safepoint    ] Safepoint "Cleanup", Time since last: 1000252341 ns, Reaching safepoint: 109669 ns, At safepoint: 10059 ns, Total: 119728 ns
[2020-02-26T09:31:39.941+0000][1][safepoint    ] Safepoint "RevokeBias", Time since last: 515437249 ns, Reaching safepoint: 71847 ns, At safepoint: 19887 ns, Total: 91734 ns
[2020-02-26T09:31:40.942+0000][1][safepoint    ] Safepoint "Cleanup", Time since last: 1000796404 ns, Reaching safepoint: 175400 ns, At safepoint: 29186 ns, Total: 204586 ns
[2020-02-26T09:31:41.943+0000][1][safepoint    ] Safepoint "Cleanup", Time since last: 1000682146 ns, Reaching safepoint: 82776 ns, At safepoint: 8439 ns, Total: 91215 ns
[2020-02-26T09:31:42.448+0000][1][safepoint    ] Safepoint "RevokeBias", Time since last: 504974894 ns, Reaching safepoint: 71877 ns, At safepoint: 19790 ns, Total: 91667 ns
[2020-02-26T09:31:43.448+0000][1][safepoint    ] Safepoint "Cleanup", Time since last: 1000630752 ns, Reaching safepoint: 75825 ns, At safepoint: 9220 ns, Total: 85045 ns
[2020-02-26T09:31:44.449+0000][1][safepoint    ] Safepoint "Cleanup", Time since last: 1000276676 ns, Reaching safepoint: 94355 ns, At safepoint: 11264 ns, Total: 105619 ns
[2020-02-26T09:31:44.956+0000][1][safepoint    ] Safepoint "BulkRevokeBias", Time since last: 506499170 ns, Reaching safepoint: 73085 ns, At safepoint: 264345 ns, Total: 337430 ns
[2020-02-26T09:31:45.956+0000][1][safepoint    ] Safepoint "Cleanup", Time since last: 1000251072 ns, Reaching safepoint: 130984 ns, At safepoint: 12820 ns, Total: 143804 ns
[2020-02-26T09:31:46.957+0000][1][safepoint    ] Safepoint "Cleanup", Time since last: 1000481228 ns, Reaching safepoint: 92179 ns, At safepoint: 9456 ns, Total: 101635 ns
[2020-02-26T09:31:47.460+0000][1][safepoint    ] Safepoint "RevokeBias", Time since last: 503171737 ns, Reaching safepoint: 71857 ns, At safepoint: 19034 ns, Total: 90891 ns
[2020-02-26T09:31:49.374+0000][1][safepoint    ] Safepoint "Cleanup", Time since last: 1913825221 ns, Reaching safepoint: 103387 ns, At safepoint: 13707 ns, Total: 117094 ns
[2020-02-26T09:31:49.966+0000][1][safepoint    ] Safepoint "RevokeBias", Time since last: 591938576 ns, Reaching safepoint: 70914 ns, At safepoint: 19679 ns, Total: 90593 ns
[2020-02-26T09:31:50.967+0000][1][safepoint    ] Safepoint "Cleanup", Time since last: 1000852641 ns, Reaching safepoint: 78331 ns, At safepoint: 9468 ns, Total: 87799 ns
[2020-02-26T09:31:51.968+0000][1][safepoint    ] Safepoint "Cleanup", Time since last: 1000653935 ns, Reaching safepoint: 76383 ns, At safepoint: 8493 ns, Total: 84876 ns
[2020-02-26T09:31:52.473+0000][1][safepoint    ] Safepoint "RevokeBias", Time since last: 505337115 ns, Reaching safepoint: 55165 ns, At safepoint: 19220 ns, Total: 74385 ns
[2020-02-26T09:31:53.481+0000][1][safepoint    ] Safepoint "Cleanup", Time since last: 1008275982 ns, Reaching safepoint: 112761 ns, At safepoint: 12359 ns, Total: 125120 ns
[2020-02-26T09:31:54.482+0000][1][safepoint    ] Safepoint "Cleanup", Time since last: 1000327200 ns, Reaching safepoint: 123304 ns, At safepoint: 10565 ns, Total: 133869 ns
[2020-02-26T09:31:54.978+0000][1][safepoint    ] Safepoint "RevokeBias", Time since last: 496552406 ns, Reaching safepoint: 80896 ns, At safepoint: 22172 ns, Total: 103068 ns
[2020-02-26T09:31:55.979+0000][1][safepoint    ] Safepoint "Cleanup", Time since last: 1000554404 ns, Reaching safepoint: 90196 ns, At safepoint: 9969 ns, Total: 100165 ns
[2020-02-26T09:31:56.979+0000][1][safepoint    ] Safepoint "Cleanup", Time since last: 1000221810 ns, Reaching safepoint: 79866 ns, At safepoint: 9048 ns, Total: 88914 ns
[2020-02-26T09:31:57.482+0000][1][safepoint    ] Safepoint "RevokeBias", Time since last: 502493663 ns, Reaching safepoint: 73824 ns, At safepoint: 19772 ns, Total: 93596 ns
[2020-02-26T09:31:58.482+0000][1][safepoint    ] Safepoint "Cleanup", Time since last: 1000150274 ns, Reaching safepoint: 113656 ns, At safepoint: 12152 ns, Total: 125808 ns
[2020-02-26T09:31:59.484+0000][1][safepoint    ] Safepoint "Cleanup", Time since last: 1001853440 ns, Reaching safepoint: 115314 ns, At safepoint: 12776 ns, Total: 128090 ns
[2020-02-26T09:31:59.994+0000][1][safepoint    ] Safepoint "RevokeBias", Time since last: 509442365 ns, Reaching safepoint: 71393 ns, At safepoint: 19140 ns, Total: 90533 ns
[2020-02-26T09:32:00.994+0000][1][safepoint    ] Safepoint "Cleanup", Time since last: 1000162274 ns, Reaching safepoint: 122394 ns, At safepoint: 13684 ns, Total: 136078 ns
[2020-02-26T09:32:01.995+0000][1][safepoint    ] Safepoint "Cleanup", Time since last: 1000290548 ns, Reaching safepoint: 123868 ns, At safepoint: 10553 ns, Total: 134421 ns
[2020-02-26T09:32:02.501+0000][1][safepoint    ] Safepoint "RevokeBias", Time since last: 506766443 ns, Reaching safepoint: 73213 ns, At safepoint: 35499 ns, Total: 108712 ns
[2020-02-26T09:32:03.502+0000][1][safepoint    ] Safepoint "Cleanup", Time since last: 1000674230 ns, Reaching safepoint: 78041 ns, At safepoint: 9487 ns, Total: 87528 ns
[2020-02-26T09:32:04.507+0000][1][safepoint    ] Safepoint "Cleanup", Time since last: 1004433087 ns, Reaching safepoint: 60227 ns, At safepoint: 8552 ns, Total: 68779 ns
[2020-02-26T09:32:05.012+0000][1][gc,start     ] GC(56) Pause Young (Allocation Failure)
[2020-02-26T09:32:05.012+0000][1][gc,task      ] GC(56) Using 1 workers of 1 for evacuation
[2020-02-26T09:32:05.037+0000][1][gc,age       ] GC(56) Desired survivor size 4358144 bytes, new threshold 6 (max threshold 6)
[2020-02-26T09:32:05.037+0000][1][gc,age       ] GC(56) Age table with threshold 6 (max threshold 6)
[2020-02-26T09:32:05.037+0000][1][gc,age       ] GC(56) - age   1:      23048 bytes,      23048 total
[2020-02-26T09:32:05.037+0000][1][gc,age       ] GC(56) - age   2:        248 bytes,      23296 total
[2020-02-26T09:32:05.037+0000][1][gc,age       ] GC(56) - age   3:       1144 bytes,      24440 total
[2020-02-26T09:32:05.037+0000][1][gc,age       ] GC(56) - age   4:        448 bytes,      24888 total
[2020-02-26T09:32:05.037+0000][1][gc,age       ] GC(56) - age   5:        120 bytes,      25008 total
[2020-02-26T09:32:05.037+0000][1][gc,age       ] GC(56) - age   6:        968 bytes,      25976 total
[2020-02-26T09:32:05.037+0000][1][gc,heap      ] GC(56) ParNew: 68185K->35K(76672K)
[2020-02-26T09:32:05.037+0000][1][gc,heap      ] GC(56) CMS: 62624K->62625K(963392K)
[2020-02-26T09:32:05.037+0000][1][gc,metaspace ] GC(56) Metaspace: 79540K->79540K(1122304K)
[2020-02-26T09:32:05.037+0000][1][gc           ] GC(56) Pause Young (Allocation Failure) 127M->61M(1015M) 24.830ms
[2020-02-26T09:32:05.037+0000][1][gc,cpu       ] GC(56) User=0.01s Sys=0.00s Real=0.03s
[2020-02-26T09:32:05.037+0000][1][safepoint    ] Safepoint "GenCollectForAllocation", Time since last: 505130103 ns, Reaching safepoint: 75840 ns, At safepoint: 24909918 ns, Total: 24985758 ns
[2020-02-26T09:32:05.039+0000][1][safepoint    ] Safepoint "RevokeBias", Time since last: 1755770 ns, Reaching safepoint: 79125 ns, At safepoint: 37925 ns, Total: 117050 ns
[2020-02-26T09:32:06.039+0000][1][safepoint    ] Safepoint "Cleanup", Time since last: 1000358116 ns, Reaching safepoint: 99872 ns, At safepoint: 10775 ns, Total: 110647 ns
[2020-02-26T09:32:07.040+0000][1][safepoint    ] Safepoint "Cleanup", Time since last: 1000857942 ns, Reaching safepoint: 90347 ns, At safepoint: 9545 ns, Total: 99892 ns
[2020-02-26T09:32:07.548+0000][1][safepoint    ] Safepoint "RevokeBias", Time since last: 507557790 ns, Reaching safepoint: 73458 ns, At safepoint: 19768 ns, Total: 93226 ns
[2020-02-26T09:32:08.549+0000][1][safepoint    ] Safepoint "Cleanup", Time since last: 1001428389 ns, Reaching safepoint: 71800 ns, At safepoint: 8482 ns, Total: 80282 ns
[2020-02-26T09:32:09.556+0000][1][safepoint    ] Safepoint "Cleanup", Time since last: 1006318022 ns, Reaching safepoint: 86609 ns, At safepoint: 7020 ns, Total: 93629 ns
[2020-02-26T09:32:10.059+0000][1][safepoint    ] Safepoint "RevokeBias", Time since last: 503022457 ns, Reaching safepoint: 52803 ns, At safepoint: 17406 ns, Total: 70209 ns
[2020-02-26T09:32:11.059+0000][1][safepoint    ] Safepoint "Cleanup", Time since last: 1000321972 ns, Reaching safepoint: 76408 ns, At safepoint: 8619 ns, Total: 85027 ns
[2020-02-26T09:32:12.060+0000][1][safepoint    ] Safepoint "Cleanup", Time since last: 1000274036 ns, Reaching safepoint: 74083 ns, At safepoint: 8041 ns, Total: 82124 ns
[2020-02-26T09:32:12.575+0000][1][safepoint    ] Safepoint "RevokeBias", Time since last: 515507759 ns, Reaching safepoint: 111654 ns, At safepoint: 30696 ns, Total: 142350 ns
[2020-02-26T09:32:13.576+0000][1][safepoint    ] Safepoint "Cleanup", Time since last: 1000348679 ns, Reaching safepoint: 80082 ns, At safepoint: 10794 ns, Total: 90876 ns
[2020-02-26T09:32:14.576+0000][1][safepoint    ] Safepoint "Cleanup", Time since last: 1000146700 ns, Reaching safepoint: 76777 ns, At safepoint: 8757 ns, Total: 85534 ns
[2020-02-26T09:32:15.089+0000][1][safepoint    ] Safepoint "RevokeBias", Time since last: 512725767 ns, Reaching safepoint: 55341 ns, At safepoint: 18240 ns, Total: 73581 ns
[2020-02-26T09:32:16.089+0000][1][safepoint    ] Safepoint "Cleanup", Time since last: 1000587215 ns, Reaching safepoint: 76917 ns, At safepoint: 9950 ns, Total: 86867 ns
[2020-02-26T09:32:17.090+0000][1][safepoint    ] Safepoint "Cleanup", Time since last: 1000184244 ns, Reaching safepoint: 135130 ns, At safepoint: 9432 ns, Total: 144562 ns
[2020-02-26T09:32:17.597+0000][1][safepoint    ] Safepoint "RevokeBias", Time since last: 507659485 ns, Reaching safepoint: 71672 ns, At safepoint: 36888 ns, Total: 108560 ns
[2020-02-26T09:32:19.358+0000][1][safepoint    ] Safepoint "Cleanup", Time since last: 1760463936 ns, Reaching safepoint: 81545 ns, At safepoint: 9625 ns, Total: 91170 ns
[2020-02-26T09:32:20.104+0000][1][safepoint    ] Safepoint "RevokeBias", Time since last: 745671854 ns, Reaching safepoint: 75880 ns, At safepoint: 20499 ns, Total: 96379 ns
[2020-02-26T09:32:21.110+0000][1][safepoint    ] Safepoint "Cleanup", Time since last: 1005766182 ns, Reaching safepoint: 75921 ns, At safepoint: 8532 ns, Total: 84453 ns
[2020-02-26T09:32:22.110+0000][1][safepoint    ] Safepoint "Cleanup", Time since last: 1000352888 ns, Reaching safepoint: 75980 ns, At safepoint: 10081 ns, Total: 86061 ns
[2020-02-26T09:32:22.607+0000][1][safepoint    ] Safepoint "RevokeBias", Time since last: 497068743 ns, Reaching safepoint: 74026 ns, At safepoint: 43435 ns, Total: 117461 ns
[2020-02-26T09:32:23.608+0000][1][safepoint    ] Safepoint "Cleanup", Time since last: 1000588510 ns, Reaching safepoint: 77605 ns, At safepoint: 10273 ns, Total: 87878 ns
[2020-02-26T09:32:24.609+0000][1][safepoint    ] Safepoint "Cleanup", Time since last: 1001015091 ns, Reaching safepoint: 129284 ns, At safepoint: 9039 ns, Total: 138323 ns
[2020-02-26T09:32:25.114+0000][1][safepoint    ] Safepoint "RevokeBias", Time since last: 504633896 ns, Reaching safepoint: 78227 ns, At safepoint: 21589 ns, Total: 99816 ns
[2020-02-26T09:32:26.123+0000][1][safepoint    ] Safepoint "Cleanup", Time since last: 1009271095 ns, Reaching safepoint: 132699 ns, At safepoint: 13928 ns, Total: 146627 ns
[2020-02-26T09:32:27.124+0000][1][safepoint    ] Safepoint "Cleanup", Time since last: 1000497677 ns, Reaching safepoint: 110706 ns, At safepoint: 9690 ns, Total: 120396 ns
[2020-02-26T09:32:27.618+0000][1][safepoint    ] Safepoint "RevokeBias", Time since last: 494107917 ns, Reaching safepoint: 97075 ns, At safepoint: 34859 ns, Total: 131934 ns
[2020-02-26T09:32:28.618+0000][1][safepoint    ] Safepoint "Cleanup", Time since last: 1000362189 ns, Reaching safepoint: 75761 ns, At safepoint: 8753 ns, Total: 84514 ns
[2020-02-26T09:32:29.619+0000][1][safepoint    ] Safepoint "Cleanup", Time since last: 1000276058 ns, Reaching safepoint: 92763 ns, At safepoint: 11505 ns, Total: 104268 ns
[2020-02-26T09:32:30.124+0000][1][safepoint    ] Safepoint "RevokeBias", Time since last: 505104255 ns, Reaching safepoint: 73652 ns, At safepoint: 20328 ns, Total: 93980 ns
[2020-02-26T09:32:31.125+0000][1][safepoint    ] Safepoint "Cleanup", Time since last: 1001203846 ns, Reaching safepoint: 108785 ns, At safepoint: 9216 ns, Total: 118001 ns
[2020-02-26T09:32:32.126+0000][1][safepoint    ] Safepoint "Cleanup", Time since last: 1000750192 ns, Reaching safepoint: 75383 ns, At safepoint: 8978 ns, Total: 84361 ns
[2020-02-26T09:32:32.629+0000][1][safepoint    ] Safepoint "RevokeBias", Time since last: 502388915 ns, Reaching safepoint: 70352 ns, At safepoint: 89284 ns, Total: 159636 ns
[2020-02-26T09:32:33.629+0000][1][safepoint    ] Safepoint "Cleanup", Time since last: 1000433841 ns, Reaching safepoint: 111560 ns, At safepoint: 10062 ns, Total: 121622 ns
[2020-02-26T09:32:34.630+0000][1][safepoint    ] Safepoint "Cleanup", Time since last: 1000301797 ns, Reaching safepoint: 103937 ns, At safepoint: 10738 ns, Total: 114675 ns
[2020-02-26T09:32:35.136+0000][1][safepoint    ] Safepoint "RevokeBias", Time since last: 505883376 ns, Reaching safepoint: 71802 ns, At safepoint: 20248 ns, Total: 92050 ns
[2020-02-26T09:32:36.137+0000][1][safepoint    ] Safepoint "Cleanup", Time since last: 1000972581 ns, Reaching safepoint: 77399 ns, At safepoint: 10231 ns, Total: 87630 ns
[2020-02-26T09:32:37.144+0000][1][safepoint    ] Safepoint "Cleanup", Time since last: 1006844820 ns, Reaching safepoint: 131835 ns, At safepoint: 28346 ns, Total: 160181 ns
[2020-02-26T09:32:37.643+0000][1][safepoint    ] Safepoint "RevokeBias", Time since last: 499593465 ns, Reaching safepoint: 87749 ns, At safepoint: 22830 ns, Total: 110579 ns
[2020-02-26T09:32:38.654+0000][1][safepoint    ] Safepoint "Cleanup", Time since last: 1010013002 ns, Reaching safepoint: 109546 ns, At safepoint: 29403 ns, Total: 138949 ns
[2020-02-26T09:32:39.654+0000][1][safepoint    ] Safepoint "Cleanup", Time since last: 1000512005 ns, Reaching safepoint: 78046 ns, At safepoint: 11363 ns, Total: 89409 ns
[2020-02-26T09:32:40.153+0000][1][safepoint    ] Safepoint "RevokeBias", Time since last: 498983495 ns, Reaching safepoint: 69609 ns, At safepoint: 21929 ns, Total: 91538 ns
[2020-02-26T09:32:41.154+0000][1][safepoint    ] Safepoint "Cleanup", Time since last: 1000938060 ns, Reaching safepoint: 75379 ns, At safepoint: 8562 ns, Total: 83941 ns
[2020-02-26T09:32:42.162+0000][1][safepoint    ] Safepoint "Cleanup", Time since last: 1007631140 ns, Reaching safepoint: 72570 ns, At safepoint: 7917 ns, Total: 80487 ns
[2020-02-26T09:32:42.659+0000][1][safepoint    ] Safepoint "RevokeBias", Time since last: 496556519 ns, Reaching safepoint: 78959 ns, At safepoint: 21463 ns, Total: 100422 ns
[2020-02-26T09:32:43.659+0000][1][safepoint    ] Safepoint "Cleanup", Time since last: 1000600915 ns, Reaching safepoint: 86640 ns, At safepoint: 10522 ns, Total: 97162 ns
[2020-02-26T09:32:44.660+0000][1][safepoint    ] Safepoint "Cleanup", Time since last: 1000322140 ns, Reaching safepoint: 85244 ns, At safepoint: 9073 ns, Total: 94317 ns
[2020-02-26T09:32:45.166+0000][1][safepoint    ] Safepoint "RevokeBias", Time since last: 505888729 ns, Reaching safepoint: 75357 ns, At safepoint: 21056 ns, Total: 96413 ns
[2020-02-26T09:32:46.167+0000][1][safepoint    ] Safepoint "Cleanup", Time since last: 1000799735 ns, Reaching safepoint: 74665 ns, At safepoint: 8667 ns, Total: 83332 ns
[2020-02-26T09:32:47.168+0000][1][safepoint    ] Safepoint "Cleanup", Time since last: 1001299029 ns, Reaching safepoint: 198151 ns, At safepoint: 16339 ns, Total: 214490 ns
[2020-02-26T09:32:47.680+0000][1][safepoint    ] Safepoint "RevokeBias", Time since last: 511675140 ns, Reaching safepoint: 72871 ns, At safepoint: 123408 ns, Total: 196279 ns
[2020-02-26T09:32:48.680+0000][1][safepoint    ] Safepoint "Cleanup", Time since last: 1000244085 ns, Reaching safepoint: 81419 ns, At safepoint: 10170 ns, Total: 91589 ns
[2020-02-26T09:32:49.681+0000][1][safepoint    ] Safepoint "Cleanup", Time since last: 1000374990 ns, Reaching safepoint: 208537 ns, At safepoint: 24691 ns, Total: 233228 ns
[2020-02-26T09:32:50.194+0000][1][safepoint    ] Safepoint "RevokeBias", Time since last: 513389500 ns, Reaching safepoint: 76609 ns, At safepoint: 20865 ns, Total: 97474 ns
[2020-02-26T09:32:51.195+0000][1][safepoint    ] Safepoint "Cleanup", Time since last: 1000778774 ns, Reaching safepoint: 101814 ns, At safepoint: 12612 ns, Total: 114426 ns
[2020-02-26T09:32:52.283+0000][1][safepoint    ] Safepoint "Cleanup", Time since last: 1086895640 ns, Reaching safepoint: 274799 ns, At safepoint: 20027 ns, Total: 294826 ns
[2020-02-26T09:32:52.711+0000][1][safepoint    ] Safepoint "RevokeBias", Time since last: 428099212 ns, Reaching safepoint: 61597 ns, At safepoint: 20258 ns, Total: 81855 ns
[2020-02-26T09:32:53.711+0000][1][safepoint    ] Safepoint "Cleanup", Time since last: 1000241577 ns, Reaching safepoint: 120132 ns, At safepoint: 14274 ns, Total: 134406 ns
[2020-02-26T09:32:54.712+0000][1][safepoint    ] Safepoint "Cleanup", Time since last: 1000727058 ns, Reaching safepoint: 113626 ns, At safepoint: 24447 ns, Total: 138073 ns
[2020-02-26T09:32:55.228+0000][1][safepoint    ] Safepoint "RevokeBias", Time since last: 515834221 ns, Reaching safepoint: 121661 ns, At safepoint: 32814 ns, Total: 154475 ns
[2020-02-26T09:32:56.229+0000][1][safepoint    ] Safepoint "Cleanup", Time since last: 1000419780 ns, Reaching safepoint: 111509 ns, At safepoint: 12244 ns, Total: 123753 ns
[2020-02-26T09:32:57.230+0000][1][safepoint    ] Safepoint "Cleanup", Time since last: 1001114750 ns, Reaching safepoint: 118440 ns, At safepoint: 9373 ns, Total: 127813 ns
[2020-02-26T09:32:57.745+0000][1][safepoint    ] Safepoint "BulkRevokeBias", Time since last: 515232353 ns, Reaching safepoint: 113499 ns, At safepoint: 324907 ns, Total: 438406 ns
[2020-02-26T09:32:58.746+0000][1][safepoint    ] Safepoint "Cleanup", Time since last: 1000296638 ns, Reaching safepoint: 90339 ns, At safepoint: 8773 ns, Total: 99112 ns
[2020-02-26T09:32:59.746+0000][1][safepoint    ] Safepoint "Cleanup", Time since last: 1000356702 ns, Reaching safepoint: 89340 ns, At safepoint: 9203 ns, Total: 98543 ns
[2020-02-26T09:33:00.270+0000][1][safepoint    ] Safepoint "RevokeBias", Time since last: 523598060 ns, Reaching safepoint: 73365 ns, At safepoint: 19767 ns, Total: 93132 ns
[2020-02-26T09:33:01.271+0000][1][safepoint    ] Safepoint "Cleanup", Time since last: 1000856369 ns, Reaching safepoint: 139108 ns, At safepoint: 12973 ns, Total: 152081 ns
[2020-02-26T09:33:02.272+0000][1][safepoint    ] Safepoint "Cleanup", Time since last: 1000383948 ns, Reaching safepoint: 130776 ns, At safepoint: 14657 ns, Total: 145433 ns
[2020-02-26T09:33:02.782+0000][1][safepoint    ] Safepoint "RevokeBias", Time since last: 510541032 ns, Reaching safepoint: 72478 ns, At safepoint: 20248 ns, Total: 92726 ns
[2020-02-26T09:33:03.787+0000][1][safepoint    ] Safepoint "Cleanup", Time since last: 1004984510 ns, Reaching safepoint: 109787 ns, At safepoint: 26058 ns, Total: 135845 ns
[2020-02-26T09:33:04.788+0000][1][safepoint    ] Safepoint "Cleanup", Time since last: 1000257441 ns, Reaching safepoint: 76731 ns, At safepoint: 10393 ns, Total: 87124 ns
[2020-02-26T09:33:05.287+0000][1][safepoint    ] Safepoint "RevokeBias", Time since last: 499452512 ns, Reaching safepoint: 74365 ns, At safepoint: 20780 ns, Total: 95145 ns
[2020-02-26T09:33:06.288+0000][1][safepoint    ] Safepoint "Cleanup", Time since last: 1000338902 ns, Reaching safepoint: 79607 ns, At safepoint: 10313 ns, Total: 89920 ns
[2020-02-26T09:33:07.288+0000][1][safepoint    ] Safepoint "Cleanup", Time since last: 1000521803 ns, Reaching safepoint: 171594 ns, At safepoint: 28884 ns, Total: 200478 ns
[2020-02-26T09:33:07.796+0000][1][safepoint    ] Safepoint "RevokeBias", Time since last: 507689594 ns, Reaching safepoint: 56420 ns, At safepoint: 18167 ns, Total: 74587 ns
[2020-02-26T09:33:08.799+0000][1][safepoint    ] Safepoint "Cleanup", Time since last: 1003074984 ns, Reaching safepoint: 75654 ns, At safepoint: 8365 ns, Total: 84019 ns
[2020-02-26T09:33:09.799+0000][1][safepoint    ] Safepoint "Cleanup", Time since last: 1000108491 ns, Reaching safepoint: 77418 ns, At safepoint: 10379 ns, Total: 87797 ns
[2020-02-26T09:33:10.307+0000][1][safepoint    ] Safepoint "RevokeBias", Time since last: 507917613 ns, Reaching safepoint: 71697 ns, At safepoint: 19878 ns, Total: 91575 ns
[2020-02-26T09:33:11.308+0000][1][safepoint    ] Safepoint "Cleanup", Time since last: 1000921509 ns, Reaching safepoint: 74916 ns, At safepoint: 8996 ns, Total: 83912 ns
[2020-02-26T09:33:12.309+0000][1][safepoint    ] Safepoint "Cleanup", Time since last: 1000611125 ns, Reaching safepoint: 75522 ns, At safepoint: 8913 ns, Total: 84435 ns
[2020-02-26T09:33:12.810+0000][1][safepoint    ] Safepoint "RevokeBias", Time since last: 501111707 ns, Reaching safepoint: 78085 ns, At safepoint: 20883 ns, Total: 98968 ns
[2020-02-26T09:33:13.811+0000][1][safepoint    ] Safepoint "Cleanup", Time since last: 1000757164 ns, Reaching safepoint: 98084 ns, At safepoint: 10526 ns, Total: 108610 ns
[2020-02-26T09:33:14.812+0000][1][safepoint    ] Safepoint "Cleanup", Time since last: 1000852414 ns, Reaching safepoint: 78256 ns, At safepoint: 8634 ns, Total: 86890 ns
[2020-02-26T09:33:15.317+0000][1][safepoint    ] Safepoint "RevokeBias", Time since last: 504230357 ns, Reaching safepoint: 106583 ns, At safepoint: 69661 ns, Total: 176244 ns
[2020-02-26T09:33:16.318+0000][1][safepoint    ] Safepoint "Cleanup", Time since last: 1000958016 ns, Reaching safepoint: 145195 ns, At safepoint: 14675 ns, Total: 159870 ns
[2020-02-26T09:33:17.318+0000][1][safepoint    ] Safepoint "Cleanup", Time since last: 1000271024 ns, Reaching safepoint: 79927 ns, At safepoint: 10969 ns, Total: 90896 ns
[2020-02-26T09:33:17.820+0000][1][safepoint    ] Safepoint "RevokeBias", Time since last: 502132386 ns, Reaching safepoint: 129995 ns, At safepoint: 44317 ns, Total: 174312 ns
[2020-02-26T09:33:18.821+0000][1][safepoint    ] Safepoint "Cleanup", Time since last: 1000266617 ns, Reaching safepoint: 116420 ns, At safepoint: 16140 ns, Total: 132560 ns
[2020-02-26T09:33:19.826+0000][1][safepoint    ] Safepoint "Cleanup", Time since last: 1005456591 ns, Reaching safepoint: 119250 ns, At safepoint: 10529 ns, Total: 129779 ns
[2020-02-26T09:33:20.327+0000][1][safepoint    ] Safepoint "RevokeBias", Time since last: 500826557 ns, Reaching safepoint: 92820 ns, At safepoint: 18669 ns, Total: 111489 ns
[2020-02-26T09:33:22.285+0000][1][safepoint    ] Safepoint "Cleanup", Time since last: 1957522092 ns, Reaching safepoint: 95231 ns, At safepoint: 12476 ns, Total: 107707 ns
[2020-02-26T09:33:22.833+0000][1][safepoint    ] Safepoint "RevokeBias", Time since last: 547610869 ns, Reaching safepoint: 162649 ns, At safepoint: 36839 ns, Total: 199488 ns
[2020-02-26T09:33:23.833+0000][1][safepoint    ] Safepoint "Cleanup", Time since last: 1000327560 ns, Reaching safepoint: 76763 ns, At safepoint: 9885 ns, Total: 86648 ns
[2020-02-26T09:33:24.841+0000][1][safepoint    ] Safepoint "Cleanup", Time since last: 1007347762 ns, Reaching safepoint: 80519 ns, At safepoint: 9543 ns, Total: 90062 ns
[2020-02-26T09:33:25.346+0000][1][safepoint    ] Safepoint "RevokeBias", Time since last: 504942178 ns, Reaching safepoint: 150953 ns, At safepoint: 38553 ns, Total: 189506 ns
[2020-02-26T09:33:26.346+0000][1][safepoint    ] Safepoint "Cleanup", Time since last: 1000402222 ns, Reaching safepoint: 76392 ns, At safepoint: 10280 ns, Total: 86672 ns
[2020-02-26T09:33:27.347+0000][1][safepoint    ] Safepoint "Cleanup", Time since last: 1000335995 ns, Reaching safepoint: 91729 ns, At safepoint: 9303 ns, Total: 101032 ns
[2020-02-26T09:33:27.858+0000][1][safepoint    ] Safepoint "RevokeBias", Time since last: 511157997 ns, Reaching safepoint: 73313 ns, At safepoint: 18720 ns, Total: 92033 ns
[2020-02-26T09:33:28.858+0000][1][safepoint    ] Safepoint "Cleanup", Time since last: 1000397572 ns, Reaching safepoint: 159374 ns, At safepoint: 14119 ns, Total: 173493 ns
[2020-02-26T09:33:29.868+0000][1][safepoint    ] Safepoint "Cleanup", Time since last: 1008898635 ns, Reaching safepoint: 145899 ns, At safepoint: 10038 ns, Total: 155937 ns
[2020-02-26T09:33:30.376+0000][1][safepoint    ] Safepoint "RevokeBias", Time since last: 508528134 ns, Reaching safepoint: 71462 ns, At safepoint: 19965 ns, Total: 91427 ns
[2020-02-26T09:33:31.377+0000][1][safepoint    ] Safepoint "Cleanup", Time since last: 1000344425 ns, Reaching safepoint: 90488 ns, At safepoint: 8971 ns, Total: 99459 ns
[2020-02-26T09:33:32.377+0000][1][safepoint    ] Safepoint "Cleanup", Time since last: 1000463280 ns, Reaching safepoint: 117827 ns, At safepoint: 14031 ns, Total: 131858 ns
[2020-02-26T09:33:32.885+0000][1][safepoint    ] Safepoint "RevokeBias", Time since last: 507588654 ns, Reaching safepoint: 102118 ns, At safepoint: 26729 ns, Total: 128847 ns
[2020-02-26T09:33:33.886+0000][1][safepoint    ] Safepoint "Cleanup", Time since last: 1000644209 ns, Reaching safepoint: 93931 ns, At safepoint: 9467 ns, Total: 103398 ns
[2020-02-26T09:33:34.886+0000][1][safepoint    ] Safepoint "Cleanup", Time since last: 1000185234 ns, Reaching safepoint: 77691 ns, At safepoint: 9365 ns, Total: 87056 ns
[2020-02-26T09:33:35.398+0000][1][safepoint    ] Safepoint "RevokeBias", Time since last: 511804942 ns, Reaching safepoint: 135470 ns, At safepoint: 23061 ns, Total: 158531 ns
[2020-02-26T09:33:36.404+0000][1][safepoint    ] Safepoint "Cleanup", Time since last: 1005673890 ns, Reaching safepoint: 75161 ns, At safepoint: 8649 ns, Total: 83810 ns
[2020-02-26T09:33:37.404+0000][1][safepoint    ] Safepoint "Cleanup", Time since last: 1000508311 ns, Reaching safepoint: 83395 ns, At safepoint: 9289 ns, Total: 92684 ns
[2020-02-26T09:33:37.909+0000][1][safepoint    ] Safepoint "RevokeBias", Time since last: 504444732 ns, Reaching safepoint: 90281 ns, At safepoint: 19272 ns, Total: 109553 ns
[2020-02-26T09:33:38.910+0000][1][safepoint    ] Safepoint "Cleanup", Time since last: 1001101342 ns, Reaching safepoint: 92742 ns, At safepoint: 12511 ns, Total: 105253 ns
[2020-02-26T09:33:39.911+0000][1][safepoint    ] Safepoint "Cleanup", Time since last: 1000860337 ns, Reaching safepoint: 119948 ns, At safepoint: 16593 ns, Total: 136541 ns
[2020-02-26T09:33:40.417+0000][1][safepoint    ] Safepoint "RevokeBias", Time since last: 505861839 ns, Reaching safepoint: 97178 ns, At safepoint: 28747 ns, Total: 125925 ns
[2020-02-26T09:33:41.418+0000][1][safepoint    ] Safepoint "Cleanup", Time since last: 1001223158 ns, Reaching safepoint: 72087 ns, At safepoint: 8138 ns, Total: 80225 ns
[2020-02-26T09:33:42.419+0000][1][safepoint    ] Safepoint "Cleanup", Time since last: 1000817483 ns, Reaching safepoint: 131514 ns, At safepoint: 11032 ns, Total: 142546 ns
[2020-02-26T09:33:42.921+0000][1][safepoint    ] Safepoint "RevokeBias", Time since last: 502016586 ns, Reaching safepoint: 96880 ns, At safepoint: 27351 ns, Total: 124231 ns
[2020-02-26T09:33:43.922+0000][1][safepoint    ] Safepoint "Cleanup", Time since last: 1000687340 ns, Reaching safepoint: 80281 ns, At safepoint: 9701 ns, Total: 89982 ns
[2020-02-26T09:33:44.923+0000][1][safepoint    ] Safepoint "Cleanup", Time since last: 1000474320 ns, Reaching safepoint: 162874 ns, At safepoint: 24453 ns, Total: 187327 ns
[2020-02-26T09:33:45.429+0000][1][safepoint    ] Safepoint "RevokeBias", Time since last: 506046472 ns, Reaching safepoint: 114442 ns, At safepoint: 31252 ns, Total: 145694 ns
[2020-02-26T09:33:46.432+0000][1][safepoint    ] Safepoint "Cleanup", Time since last: 1003284321 ns, Reaching safepoint: 84215 ns, At safepoint: 10594 ns, Total: 94809 ns
[2020-02-26T09:33:47.433+0000][1][safepoint    ] Safepoint "Cleanup", Time since last: 1000542358 ns, Reaching safepoint: 106469 ns, At safepoint: 9989 ns, Total: 116458 ns
[2020-02-26T09:33:47.932+0000][1][safepoint    ] Safepoint "RevokeBias", Time since last: 499087659 ns, Reaching safepoint: 77376 ns, At safepoint: 50037 ns, Total: 127413 ns
[2020-02-26T09:33:49.484+0000][1][safepoint    ] Safepoint "Cleanup", Time since last: 1551185023 ns, Reaching safepoint: 203996 ns, At safepoint: 8071 ns, Total: 212067 ns
[2020-02-26T09:33:50.437+0000][1][safepoint    ] Safepoint "RevokeBias", Time since last: 953629183 ns, Reaching safepoint: 94457 ns, At safepoint: 22245 ns, Total: 116702 ns
[2020-02-26T09:33:51.438+0000][1][safepoint    ] Safepoint "Cleanup", Time since last: 1000741819 ns, Reaching safepoint: 77579 ns, At safepoint: 9561 ns, Total: 87140 ns
[2020-02-26T09:33:52.445+0000][1][safepoint    ] Safepoint "Cleanup", Time since last: 1006760318 ns, Reaching safepoint: 92466 ns, At safepoint: 17466 ns, Total: 109932 ns
[2020-02-26T09:33:52.954+0000][1][safepoint    ] Safepoint "RevokeBias", Time since last: 508470117 ns, Reaching safepoint: 133577 ns, At safepoint: 40314 ns, Total: 173891 ns
[2020-02-26T09:33:53.955+0000][1][safepoint    ] Safepoint "Cleanup", Time since last: 1000700571 ns, Reaching safepoint: 107217 ns, At safepoint: 12380 ns, Total: 119597 ns
[2020-02-26T09:33:54.955+0000][1][safepoint    ] Safepoint "Cleanup", Time since last: 1000363156 ns, Reaching safepoint: 76518 ns, At safepoint: 9264 ns, Total: 85782 ns
[2020-02-26T09:33:55.461+0000][1][safepoint    ] Safepoint "RevokeBias", Time since last: 505513183 ns, Reaching safepoint: 56328 ns, At safepoint: 18159 ns, Total: 74487 ns
[2020-02-26T09:33:56.461+0000][1][safepoint    ] Safepoint "Cleanup", Time since last: 1000633179 ns, Reaching safepoint: 77122 ns, At safepoint: 9097 ns, Total: 86219 ns
[2020-02-26T09:33:57.462+0000][1][safepoint    ] Safepoint "Cleanup", Time since last: 1001008845 ns, Reaching safepoint: 96819 ns, At safepoint: 10179 ns, Total: 106998 ns
[2020-02-26T09:33:57.978+0000][1][safepoint    ] Safepoint "RevokeBias", Time since last: 515292761 ns, Reaching safepoint: 58669 ns, At safepoint: 19933 ns, Total: 78602 ns
[2020-02-26T09:33:58.978+0000][1][safepoint    ] Safepoint "Cleanup", Time since last: 1000579342 ns, Reaching safepoint: 77753 ns, At safepoint: 9954 ns, Total: 87707 ns
[2020-02-26T09:33:59.979+0000][1][safepoint    ] Safepoint "Cleanup", Time since last: 1000765782 ns, Reaching safepoint: 78648 ns, At safepoint: 9744 ns, Total: 88392 ns
[2020-02-26T09:34:00.490+0000][1][safepoint    ] Safepoint "RevokeBias", Time since last: 510256086 ns, Reaching safepoint: 71668 ns, At safepoint: 19878 ns, Total: 91546 ns
[2020-02-26T09:34:01.490+0000][1][safepoint    ] Safepoint "Cleanup", Time since last: 1000222841 ns, Reaching safepoint: 94086 ns, At safepoint: 12117 ns, Total: 106203 ns
[2020-02-26T09:34:02.491+0000][1][safepoint    ] Safepoint "Cleanup", Time since last: 1000839905 ns, Reaching safepoint: 77541 ns, At safepoint: 10302 ns, Total: 87843 ns
[2020-02-26T09:34:03.001+0000][1][safepoint    ] Safepoint "RevokeBias", Time since last: 510096308 ns, Reaching safepoint: 72362 ns, At safepoint: 20092 ns, Total: 92454 ns
[2020-02-26T09:34:04.002+0000][1][safepoint    ] Safepoint "Cleanup", Time since last: 1000605422 ns, Reaching safepoint: 115923 ns, At safepoint: 13394 ns, Total: 129317 ns
[2020-02-26T09:34:05.002+0000][1][safepoint    ] Safepoint "Cleanup", Time since last: 1000175513 ns, Reaching safepoint: 126735 ns, At safepoint: 18872 ns, Total: 145607 ns
[2020-02-26T09:34:05.517+0000][1][safepoint    ] Safepoint "RevokeBias", Time since last: 515068750 ns, Reaching safepoint: 157072 ns, At safepoint: 45952 ns, Total: 203024 ns
[2020-02-26T09:34:06.518+0000][1][safepoint    ] Safepoint "Cleanup", Time since last: 1000817391 ns, Reaching safepoint: 89631 ns, At safepoint: 15892 ns, Total: 105523 ns
[2020-02-26T09:34:07.519+0000][1][safepoint    ] Safepoint "Cleanup", Time since last: 1000598464 ns, Reaching safepoint: 80993 ns, At safepoint: 9568 ns, Total: 90561 ns
[2020-02-26T09:34:08.024+0000][1][safepoint    ] Safepoint "RevokeBias", Time since last: 504574847 ns, Reaching safepoint: 147172 ns, At safepoint: 47650 ns, Total: 194822 ns
[2020-02-26T09:34:09.027+0000][1][safepoint    ] Safepoint "Cleanup", Time since last: 1003191910 ns, Reaching safepoint: 93227 ns, At safepoint: 8949 ns, Total: 102176 ns
[2020-02-26T09:34:10.028+0000][1][safepoint    ] Safepoint "Cleanup", Time since last: 1000487375 ns, Reaching safepoint: 81024 ns, At safepoint: 10941 ns, Total: 91965 ns
[2020-02-26T09:34:10.533+0000][1][safepoint    ] Safepoint "BulkRevokeBias", Time since last: 504730600 ns, Reaching safepoint: 73129 ns, At safepoint: 329764 ns, Total: 402893 ns
[2020-02-26T09:34:11.534+0000][1][safepoint    ] Safepoint "Cleanup", Time since last: 1000691876 ns, Reaching safepoint: 175166 ns, At safepoint: 12002 ns, Total: 187168 ns
[2020-02-26T09:34:12.535+0000][1][safepoint    ] Safepoint "Cleanup", Time since last: 1000674266 ns, Reaching safepoint: 93118 ns, At safepoint: 9742 ns, Total: 102860 ns
[2020-02-26T09:34:13.036+0000][1][safepoint    ] Safepoint "RevokeBias", Time since last: 501663649 ns, Reaching safepoint: 72303 ns, At safepoint: 19770 ns, Total: 92073 ns
[2020-02-26T09:34:14.037+0000][1][safepoint    ] Safepoint "Cleanup", Time since last: 1000858837 ns, Reaching safepoint: 130872 ns, At safepoint: 12191 ns, Total: 143063 ns
[2020-02-26T09:34:15.037+0000][1][safepoint    ] Safepoint "Cleanup", Time since last: 1000095434 ns, Reaching safepoint: 86776 ns, At safepoint: 10793 ns, Total: 97569 ns
[2020-02-26T09:34:15.542+0000][1][safepoint    ] Safepoint "RevokeBias", Time since last: 504710440 ns, Reaching safepoint: 76954 ns, At safepoint: 21301 ns, Total: 98255 ns
[2020-02-26T09:34:16.543+0000][1][safepoint    ] Safepoint "Cleanup", Time since last: 1000238590 ns, Reaching safepoint: 98623 ns, At safepoint: 10210 ns, Total: 108833 ns
[2020-02-26T09:34:17.543+0000][1][safepoint    ] Safepoint "Cleanup", Time since last: 1000328503 ns, Reaching safepoint: 75651 ns, At safepoint: 9438 ns, Total: 85089 ns
[2020-02-26T09:34:18.046+0000][1][safepoint    ] Safepoint "RevokeBias", Time since last: 502951076 ns, Reaching safepoint: 73070 ns, At safepoint: 36580 ns, Total: 109650 ns
[2020-02-26T09:34:19.466+0000][1][safepoint    ] Safepoint "Cleanup", Time since last: 1420180111 ns, Reaching safepoint: 59996 ns, At safepoint: 8417 ns, Total: 68413 ns
[2020-02-26T09:34:20.467+0000][1][safepoint    ] Safepoint "Cleanup", Time since last: 1000555945 ns, Reaching safepoint: 77283 ns, At safepoint: 9202 ns, Total: 86485 ns
[2020-02-26T09:34:20.550+0000][1][safepoint    ] Safepoint "RevokeBias", Time since last: 82747051 ns, Reaching safepoint: 74400 ns, At safepoint: 20735 ns, Total: 95135 ns
[2020-02-26T09:34:21.295+0000][1][gc,start     ] GC(57) Pause Young (Allocation Failure)
[2020-02-26T09:34:21.295+0000][1][gc,task      ] GC(57) Using 1 workers of 1 for evacuation
[2020-02-26T09:34:21.307+0000][1][gc,age       ] GC(57) Desired survivor size 4358144 bytes, new threshold 6 (max threshold 6)
[2020-02-26T09:34:21.307+0000][1][gc,age       ] GC(57) Age table with threshold 6 (max threshold 6)
[2020-02-26T09:34:21.307+0000][1][gc,age       ] GC(57) - age   1:      13712 bytes,      13712 total
[2020-02-26T09:34:21.307+0000][1][gc,age       ] GC(57) - age   2:      12360 bytes,      26072 total
[2020-02-26T09:34:21.307+0000][1][gc,age       ] GC(57) - age   3:        248 bytes,      26320 total
[2020-02-26T09:34:21.307+0000][1][gc,age       ] GC(57) - age   4:       1144 bytes,      27464 total
[2020-02-26T09:34:21.307+0000][1][gc,age       ] GC(57) - age   5:        448 bytes,      27912 total
[2020-02-26T09:34:21.307+0000][1][gc,age       ] GC(57) - age   6:        120 bytes,      28032 total
[2020-02-26T09:34:21.307+0000][1][gc,heap      ] GC(57) ParNew: 68195K->43K(76672K)
[2020-02-26T09:34:21.307+0000][1][gc,heap      ] GC(57) CMS: 62625K->62626K(963392K)
[2020-02-26T09:34:21.307+0000][1][gc,metaspace ] GC(57) Metaspace: 79626K->79626K(1122304K)
[2020-02-26T09:34:21.307+0000][1][gc           ] GC(57) Pause Young (Allocation Failure) 127M->61M(1015M) 12.571ms
[2020-02-26T09:34:21.307+0000][1][gc,cpu       ] GC(57) User=0.01s Sys=0.00s Real=0.02s
[2020-02-26T09:34:21.308+0000][1][safepoint    ] Safepoint "GenCollectForAllocation", Time since last: 744941370 ns, Reaching safepoint: 117138 ns, At safepoint: 12697603 ns, Total: 12814741 ns
[2020-02-26T09:34:22.308+0000][1][safepoint    ] Safepoint "Cleanup", Time since last: 1000728946 ns, Reaching safepoint: 116341 ns, At safepoint: 8584 ns, Total: 124925 ns
[2020-02-26T09:34:23.054+0000][1][safepoint    ] Safepoint "RevokeBias", Time since last: 745385271 ns, Reaching safepoint: 111808 ns, At safepoint: 20528 ns, Total: 132336 ns
[2020-02-26T09:34:24.054+0000][1][safepoint    ] Safepoint "Cleanup", Time since last: 1000318748 ns, Reaching safepoint: 96499 ns, At safepoint: 11727 ns, Total: 108226 ns
[2020-02-26T09:34:25.056+0000][1][safepoint    ] Safepoint "Cleanup", Time since last: 1001204152 ns, Reaching safepoint: 82076 ns, At safepoint: 11244 ns, Total: 93320 ns
[2020-02-26T09:34:25.562+0000][1][safepoint    ] Safepoint "RevokeBias", Time since last: 506404910 ns, Reaching safepoint: 70947 ns, At safepoint: 93042 ns, Total: 163989 ns
[2020-02-26T09:34:26.563+0000][1][safepoint    ] Safepoint "Cleanup", Time since last: 1000550437 ns, Reaching safepoint: 97821 ns, At safepoint: 10181 ns, Total: 108002 ns
[2020-02-26T09:34:27.564+0000][1][safepoint    ] Safepoint "Cleanup", Time since last: 1000929482 ns, Reaching safepoint: 208592 ns, At safepoint: 14660 ns, Total: 223252 ns
[2020-02-26T09:34:28.065+0000][1][safepoint    ] Safepoint "RevokeBias", Time since last: 501242895 ns, Reaching safepoint: 72899 ns, At safepoint: 19492 ns, Total: 92391 ns
[2020-02-26T09:34:29.067+0000][1][safepoint    ] Safepoint "Cleanup", Time since last: 1000896187 ns, Reaching safepoint: 289163 ns, At safepoint: 12586 ns, Total: 301749 ns
[2020-02-26T09:34:30.071+0000][1][safepoint    ] Safepoint "Cleanup", Time since last: 1003954831 ns, Reaching safepoint: 71752 ns, At safepoint: 7687 ns, Total: 79439 ns
[2020-02-26T09:34:30.589+0000][1][safepoint    ] Safepoint "RevokeBias", Time since last: 518698671 ns, Reaching safepoint: 73092 ns, At safepoint: 19237 ns, Total: 92329 ns
[2020-02-26T09:34:31.590+0000][1][safepoint    ] Safepoint "Cleanup", Time since last: 1000774656 ns, Reaching safepoint: 75380 ns, At safepoint: 7872 ns, Total: 83252 ns
[2020-02-26T09:34:32.591+0000][1][safepoint    ] Safepoint "Cleanup", Time since last: 1000158507 ns, Reaching safepoint: 82199 ns, At safepoint: 8557 ns, Total: 90756 ns
[2020-02-26T09:34:33.103+0000][1][safepoint    ] Safepoint "RevokeBias", Time since last: 512396712 ns, Reaching safepoint: 70087 ns, At safepoint: 19181 ns, Total: 89268 ns
[2020-02-26T09:34:34.103+0000][1][safepoint    ] Safepoint "Cleanup", Time since last: 1000224455 ns, Reaching safepoint: 132867 ns, At safepoint: 30632 ns, Total: 163499 ns
[2020-02-26T09:34:35.104+0000][1][safepoint    ] Safepoint "Cleanup", Time since last: 1000702888 ns, Reaching safepoint: 77588 ns, At safepoint: 8660 ns, Total: 86248 ns
[2020-02-26T09:34:35.618+0000][1][safepoint    ] Safepoint "RevokeBias", Time since last: 513472090 ns, Reaching safepoint: 147978 ns, At safepoint: 54139 ns, Total: 202117 ns
[2020-02-26T09:34:36.618+0000][1][safepoint    ] Safepoint "Cleanup", Time since last: 1000515466 ns, Reaching safepoint: 77416 ns, At safepoint: 11011 ns, Total: 88427 ns
[2020-02-26T09:34:37.619+0000][1][safepoint    ] Safepoint "Cleanup", Time since last: 1000446434 ns, Reaching safepoint: 82198 ns, At safepoint: 10175 ns, Total: 92373 ns
[2020-02-26T09:34:38.125+0000][1][safepoint    ] Safepoint "RevokeBias", Time since last: 506051361 ns, Reaching safepoint: 74321 ns, At safepoint: 20018 ns, Total: 94339 ns
[2020-02-26T09:34:39.126+0000][1][safepoint    ] Safepoint "Cleanup", Time since last: 1000384899 ns, Reaching safepoint: 77431 ns, At safepoint: 8860 ns, Total: 86291 ns
[2020-02-26T09:34:40.126+0000][1][safepoint    ] Safepoint "Cleanup", Time since last: 1000629014 ns, Reaching safepoint: 77319 ns, At safepoint: 9490 ns, Total: 86809 ns
[2020-02-26T09:34:40.641+0000][1][safepoint    ] Safepoint "RevokeBias", Time since last: 514425421 ns, Reaching safepoint: 71099 ns, At safepoint: 19301 ns, Total: 90400 ns
[2020-02-26T09:34:41.641+0000][1][safepoint    ] Safepoint "Cleanup", Time since last: 1000511465 ns, Reaching safepoint: 91597 ns, At safepoint: 8552 ns, Total: 100149 ns
[2020-02-26T09:34:42.642+0000][1][safepoint    ] Safepoint "Cleanup", Time since last: 1000539272 ns, Reaching safepoint: 131025 ns, At safepoint: 11905 ns, Total: 142930 ns
[2020-02-26T09:34:43.150+0000][1][safepoint    ] Safepoint "RevokeBias", Time since last: 508178853 ns, Reaching safepoint: 73819 ns, At safepoint: 19019 ns, Total: 92838 ns
[2020-02-26T09:34:44.151+0000][1][safepoint    ] Safepoint "Cleanup", Time since last: 1000192173 ns, Reaching safepoint: 102915 ns, At safepoint: 8533 ns, Total: 111448 ns
[2020-02-26T09:34:45.151+0000][1][safepoint    ] Safepoint "Cleanup", Time since last: 1000656012 ns, Reaching safepoint: 92734 ns, At safepoint: 9118 ns, Total: 101852 ns
[2020-02-26T09:34:45.655+0000][1][safepoint    ] Safepoint "RevokeBias", Time since last: 503874872 ns, Reaching safepoint: 75625 ns, At safepoint: 20360 ns, Total: 95985 ns
[2020-02-26T09:34:46.660+0000][1][safepoint    ] Safepoint "Cleanup", Time since last: 1003967536 ns, Reaching safepoint: 93438 ns, At safepoint: 8464 ns, Total: 101902 ns
[2020-02-26T09:34:47.660+0000][1][safepoint    ] Safepoint "Cleanup", Time since last: 1000112235 ns, Reaching safepoint: 75536 ns, At safepoint: 8890 ns, Total: 84426 ns
[2020-02-26T09:34:48.158+0000][1][safepoint    ] Safepoint "RevokeBias", Time since last: 498286796 ns, Reaching safepoint: 91475 ns, At safepoint: 36190 ns, Total: 127665 ns
[2020-02-26T09:34:49.159+0000][1][safepoint    ] Safepoint "Cleanup", Time since last: 1000457271 ns, Reaching safepoint: 80461 ns, At safepoint: 9061 ns, Total: 89522 ns
[2020-02-26T09:34:50.159+0000][1][safepoint    ] Safepoint "Cleanup", Time since last: 1000611983 ns, Reaching safepoint: 84104 ns, At safepoint: 10805 ns, Total: 94909 ns
[2020-02-26T09:34:50.662+0000][1][safepoint    ] Safepoint "RevokeBias", Time since last: 502553914 ns, Reaching safepoint: 108650 ns, At safepoint: 23673 ns, Total: 132323 ns
[2020-02-26T09:34:51.664+0000][1][safepoint    ] Safepoint "Cleanup", Time since last: 1001395447 ns, Reaching safepoint: 76673 ns, At safepoint: 39268 ns, Total: 115941 ns
[2020-02-26T09:34:52.664+0000][1][safepoint    ] Safepoint "Cleanup", Time since last: 1000549186 ns, Reaching safepoint: 76846 ns, At safepoint: 8728 ns, Total: 85574 ns
[2020-02-26T09:34:53.166+0000][1][safepoint    ] Safepoint "RevokeBias", Time since last: 501213437 ns, Reaching safepoint: 73610 ns, At safepoint: 21082 ns, Total: 94692 ns
[2020-02-26T09:34:54.167+0000][1][safepoint    ] Safepoint "Cleanup", Time since last: 1001167761 ns, Reaching safepoint: 93108 ns, At safepoint: 11314 ns, Total: 104422 ns
[2020-02-26T09:34:55.168+0000][1][safepoint    ] Safepoint "Cleanup", Time since last: 1000727115 ns, Reaching safepoint: 79068 ns, At safepoint: 8893 ns, Total: 87961 ns
[2020-02-26T09:34:55.671+0000][1][safepoint    ] Safepoint "RevokeBias", Time since last: 503476136 ns, Reaching safepoint: 185199 ns, At safepoint: 35608 ns, Total: 220807 ns
[2020-02-26T09:34:56.672+0000][1][safepoint    ] Safepoint "Cleanup", Time since last: 1000266633 ns, Reaching safepoint: 111580 ns, At safepoint: 10779 ns, Total: 122359 ns
[2020-02-26T09:34:57.680+0000][1][safepoint    ] Safepoint "Cleanup", Time since last: 1008165845 ns, Reaching safepoint: 97796 ns, At safepoint: 10733 ns, Total: 108529 ns
[2020-02-26T09:34:58.176+0000][1][safepoint    ] Safepoint "RevokeBias", Time since last: 496185433 ns, Reaching safepoint: 244085 ns, At safepoint: 42766 ns, Total: 286851 ns
[2020-02-26T09:34:59.177+0000][1][safepoint    ] Safepoint "Cleanup", Time since last: 1000473867 ns, Reaching safepoint: 95539 ns, At safepoint: 10101 ns, Total: 105640 ns
[2020-02-26T09:35:00.177+0000][1][safepoint    ] Safepoint "Cleanup", Time since last: 1000367230 ns, Reaching safepoint: 76398 ns, At safepoint: 9032 ns, Total: 85430 ns
[2020-02-26T09:35:00.681+0000][1][safepoint    ] Safepoint "RevokeBias", Time since last: 502903597 ns, Reaching safepoint: 78844 ns, At safepoint: 54205 ns, Total: 133049 ns
[2020-02-26T09:35:01.681+0000][1][safepoint    ] Safepoint "Cleanup", Time since last: 1000403035 ns, Reaching safepoint: 136801 ns, At safepoint: 9630 ns, Total: 146431 ns
[2020-02-26T09:35:02.684+0000][1][safepoint    ] Safepoint "Cleanup", Time since last: 1002357764 ns, Reaching safepoint: 89806 ns, At safepoint: 8250 ns, Total: 98056 ns
[2020-02-26T09:35:03.197+0000][1][safepoint    ] Safepoint "RevokeBias", Time since last: 512930566 ns, Reaching safepoint: 53966 ns, At safepoint: 18620 ns, Total: 72586 ns
[2020-02-26T09:35:04.197+0000][1][safepoint    ] Safepoint "Cleanup", Time since last: 1000709876 ns, Reaching safepoint: 97388 ns, At safepoint: 30372 ns, Total: 127760 ns
[2020-02-26T09:35:05.198+0000][1][safepoint    ] Safepoint "Cleanup", Time since last: 1000760581 ns, Reaching safepoint: 109357 ns, At safepoint: 16500 ns, Total: 125857 ns
[2020-02-26T09:35:05.707+0000][1][safepoint    ] Safepoint "RevokeBias", Time since last: 508366402 ns, Reaching safepoint: 141942 ns, At safepoint: 24192 ns, Total: 166134 ns
[2020-02-26T09:35:06.709+0000][1][safepoint    ] Safepoint "Cleanup", Time since last: 1002382067 ns, Reaching safepoint: 93879 ns, At safepoint: 9155 ns, Total: 103034 ns
[2020-02-26T09:35:07.712+0000][1][safepoint    ] Safepoint "Cleanup", Time since last: 1002223001 ns, Reaching safepoint: 81042 ns, At safepoint: 8180 ns, Total: 89222 ns
[2020-02-26T09:35:08.220+0000][1][safepoint    ] Safepoint "RevokeBias", Time since last: 508257342 ns, Reaching safepoint: 74119 ns, At safepoint: 20385 ns, Total: 94504 ns
[2020-02-26T09:35:09.220+0000][1][safepoint    ] Safepoint "Cleanup", Time since last: 1000221034 ns, Reaching safepoint: 72766 ns, At safepoint: 8251 ns, Total: 81017 ns
[2020-02-26T09:35:10.221+0000][1][safepoint    ] Safepoint "Cleanup", Time since last: 1000429766 ns, Reaching safepoint: 112298 ns, At safepoint: 9110 ns, Total: 121408 ns
[2020-02-26T09:35:10.732+0000][1][safepoint    ] Safepoint "RevokeBias", Time since last: 510911706 ns, Reaching safepoint: 150368 ns, At safepoint: 23324 ns, Total: 173692 ns
[2020-02-26T09:35:11.733+0000][1][safepoint    ] Safepoint "Cleanup", Time since last: 1000658460 ns, Reaching safepoint: 93366 ns, At safepoint: 9022 ns, Total: 102388 ns
[2020-02-26T09:35:12.734+0000][1][safepoint    ] Safepoint "Cleanup", Time since last: 1000790780 ns, Reaching safepoint: 137701 ns, At safepoint: 9689 ns, Total: 147390 ns
[2020-02-26T09:35:13.261+0000][1][safepoint    ] Safepoint "RevokeBias", Time since last: 526896029 ns, Reaching safepoint: 78452 ns, At safepoint: 113063 ns, Total: 191515 ns
[2020-02-26T09:35:14.261+0000][1][safepoint    ] Safepoint "Cleanup", Time since last: 1000340075 ns, Reaching safepoint: 80216 ns, At safepoint: 9911 ns, Total: 90127 ns
[2020-02-26T09:35:15.262+0000][1][safepoint    ] Safepoint "Cleanup", Time since last: 1000733470 ns, Reaching safepoint: 143958 ns, At safepoint: 8752 ns, Total: 152710 ns
[2020-02-26T09:35:15.772+0000][1][safepoint    ] Safepoint "RevokeBias", Time since last: 510417230 ns, Reaching safepoint: 76040 ns, At safepoint: 19939 ns, Total: 95979 ns
[2020-02-26T09:35:16.776+0000][1][safepoint    ] Safepoint "Cleanup", Time since last: 1003707382 ns, Reaching safepoint: 119802 ns, At safepoint: 9429 ns, Total: 129231 ns
[2020-02-26T09:35:17.777+0000][1][safepoint    ] Safepoint "Cleanup", Time since last: 1000600399 ns, Reaching safepoint: 74350 ns, At safepoint: 8348 ns, Total: 82698 ns
[2020-02-26T09:35:18.276+0000][1][safepoint    ] Safepoint "RevokeBias", Time since last: 499166265 ns, Reaching safepoint: 73491 ns, At safepoint: 19709 ns, Total: 93200 ns
[2020-02-26T09:35:19.288+0000][1][safepoint    ] Safepoint "Cleanup", Time since last: 1011402669 ns, Reaching safepoint: 101274 ns, At safepoint: 30212 ns, Total: 131486 ns
[2020-02-26T09:35:20.288+0000][1][safepoint    ] Safepoint "Cleanup", Time since last: 1000326811 ns, Reaching safepoint: 98910 ns, At safepoint: 10529 ns, Total: 109439 ns
[2020-02-26T09:35:20.783+0000][1][safepoint    ] Safepoint "RevokeBias", Time since last: 494578951 ns, Reaching safepoint: 72831 ns, At safepoint: 19510 ns, Total: 92341 ns
[2020-02-26T09:35:21.784+0000][1][safepoint    ] Safepoint "Cleanup", Time since last: 1000607944 ns, Reaching safepoint: 114490 ns, At safepoint: 24390 ns, Total: 138880 ns
[2020-02-26T09:35:22.785+0000][1][safepoint    ] Safepoint "Cleanup", Time since last: 1001215808 ns, Reaching safepoint: 203895 ns, At safepoint: 30000 ns, Total: 233895 ns
[2020-02-26T09:35:23.287+0000][1][safepoint    ] Safepoint "BulkRevokeBias", Time since last: 501157137 ns, Reaching safepoint: 130371 ns, At safepoint: 321066 ns, Total: 451437 ns
[2020-02-26T09:35:24.292+0000][1][safepoint    ] Safepoint "Cleanup", Time since last: 1005223526 ns, Reaching safepoint: 170824 ns, At safepoint: 27625 ns, Total: 198449 ns
[2020-02-26T09:35:25.293+0000][1][safepoint    ] Safepoint "Cleanup", Time since last: 1000987853 ns, Reaching safepoint: 104163 ns, At safepoint: 10830 ns, Total: 114993 ns
[2020-02-26T09:35:25.790+0000][1][safepoint    ] Safepoint "RevokeBias", Time since last: 497018465 ns, Reaching safepoint: 71528 ns, At safepoint: 65121 ns, Total: 136649 ns
[2020-02-26T09:35:26.791+0000][1][safepoint    ] Safepoint "Cleanup", Time since last: 1000845347 ns, Reaching safepoint: 135647 ns, At safepoint: 11602 ns, Total: 147249 ns
[2020-02-26T09:35:27.793+0000][1][safepoint    ] Safepoint "Cleanup", Time since last: 1001111727 ns, Reaching safepoint: 94309 ns, At safepoint: 10157 ns, Total: 104466 ns
[2020-02-26T09:35:28.295+0000][1][safepoint    ] Safepoint "RevokeBias", Time since last: 502569540 ns, Reaching safepoint: 123775 ns, At safepoint: 81794 ns, Total: 205569 ns
[2020-02-26T09:35:29.298+0000][1][safepoint    ] Safepoint "Cleanup", Time since last: 1002311447 ns, Reaching safepoint: 116498 ns, At safepoint: 9040 ns, Total: 125538 ns
[2020-02-26T09:35:30.299+0000][1][safepoint    ] Safepoint "Cleanup", Time since last: 1000993585 ns, Reaching safepoint: 91915 ns, At safepoint: 9955 ns, Total: 101870 ns
[2020-02-26T09:35:30.803+0000][1][safepoint    ] Safepoint "RevokeBias", Time since last: 504086731 ns, Reaching safepoint: 71013 ns, At safepoint: 19667 ns, Total: 90680 ns
[2020-02-26T09:35:31.804+0000][1][safepoint    ] Safepoint "Cleanup", Time since last: 1000410596 ns, Reaching safepoint: 94685 ns, At safepoint: 28214 ns, Total: 122899 ns
[2020-02-26T09:35:32.804+0000][1][safepoint    ] Safepoint "Cleanup", Time since last: 1000613719 ns, Reaching safepoint: 93881 ns, At safepoint: 16625 ns, Total: 110506 ns
[2020-02-26T09:35:33.309+0000][1][safepoint    ] Safepoint "RevokeBias", Time since last: 504873280 ns, Reaching safepoint: 113573 ns, At safepoint: 30244 ns, Total: 143817 ns
[2020-02-26T09:35:34.311+0000][1][safepoint    ] Safepoint "Cleanup", Time since last: 1001219850 ns, Reaching safepoint: 96706 ns, At safepoint: 12002 ns, Total: 108708 ns
[2020-02-26T09:35:35.320+0000][1][safepoint    ] Safepoint "Cleanup", Time since last: 1008952843 ns, Reaching safepoint: 133525 ns, At safepoint: 10343 ns, Total: 143868 ns
[2020-02-26T09:35:35.816+0000][1][safepoint    ] Safepoint "RevokeBias", Time since last: 495874113 ns, Reaching safepoint: 129811 ns, At safepoint: 23708 ns, Total: 153519 ns
[2020-02-26T09:35:36.817+0000][1][safepoint    ] Safepoint "Cleanup", Time since last: 1000615383 ns, Reaching safepoint: 76947 ns, At safepoint: 8803 ns, Total: 85750 ns
[2020-02-26T09:35:37.817+0000][1][safepoint    ] Safepoint "Cleanup", Time since last: 1000660695 ns, Reaching safepoint: 81894 ns, At safepoint: 10288 ns, Total: 92182 ns
[2020-02-26T09:35:38.320+0000][1][safepoint    ] Safepoint "RevokeBias", Time since last: 502718544 ns, Reaching safepoint: 73104 ns, At safepoint: 26233 ns, Total: 99337 ns
[2020-02-26T09:35:39.321+0000][1][safepoint    ] Safepoint "Cleanup", Time since last: 1000631625 ns, Reaching safepoint: 111895 ns, At safepoint: 12041 ns, Total: 123936 ns
[2020-02-26T09:35:40.328+0000][1][safepoint    ] Safepoint "Cleanup", Time since last: 1007472754 ns, Reaching safepoint: 151965 ns, At safepoint: 10449 ns, Total: 162414 ns
[2020-02-26T09:35:40.830+0000][1][safepoint    ] Safepoint "RevokeBias", Time since last: 501897304 ns, Reaching safepoint: 53958 ns, At safepoint: 22374 ns, Total: 76332 ns
[2020-02-26T09:35:41.831+0000][1][safepoint    ] Safepoint "Cleanup", Time since last: 1000314047 ns, Reaching safepoint: 98718 ns, At safepoint: 10029 ns, Total: 108747 ns
[2020-02-26T09:35:42.832+0000][1][safepoint    ] Safepoint "Cleanup", Time since last: 1000681638 ns, Reaching safepoint: 127460 ns, At safepoint: 17116 ns, Total: 144576 ns
[2020-02-26T09:35:43.343+0000][1][safepoint    ] Safepoint "RevokeBias", Time since last: 511424348 ns, Reaching safepoint: 73861 ns, At safepoint: 19596 ns, Total: 93457 ns
[2020-02-26T09:35:44.344+0000][1][safepoint    ] Safepoint "Cleanup", Time since last: 1000498568 ns, Reaching safepoint: 124140 ns, At safepoint: 29020 ns, Total: 153160 ns
[2020-02-26T09:35:45.344+0000][1][safepoint    ] Safepoint "Cleanup", Time since last: 1000339895 ns, Reaching safepoint: 112916 ns, At safepoint: 11018 ns, Total: 123934 ns
[2020-02-26T09:35:45.860+0000][1][safepoint    ] Safepoint "RevokeBias", Time since last: 515984836 ns, Reaching safepoint: 53341 ns, At safepoint: 17987 ns, Total: 71328 ns
[2020-02-26T09:35:46.861+0000][1][safepoint    ] Safepoint "Cleanup", Time since last: 1000640421 ns, Reaching safepoint: 95109 ns, At safepoint: 8781 ns, Total: 103890 ns
[2020-02-26T09:35:47.862+0000][1][safepoint    ] Safepoint "Cleanup", Time since last: 1000741719 ns, Reaching safepoint: 120031 ns, At safepoint: 13961 ns, Total: 133992 ns
[2020-02-26T09:35:48.441+0000][1][safepoint    ] Safepoint "RevokeBias", Time since last: 579019669 ns, Reaching safepoint: 73498 ns, At safepoint: 36334 ns, Total: 109832 ns
[2020-02-26T09:35:49.441+0000][1][safepoint    ] Safepoint "Cleanup", Time since last: 1000202935 ns, Reaching safepoint: 91763 ns, At safepoint: 8763 ns, Total: 100526 ns
[2020-02-26T09:35:50.442+0000][1][safepoint    ] Safepoint "Cleanup", Time since last: 1000234903 ns, Reaching safepoint: 109916 ns, At safepoint: 9383 ns, Total: 119299 ns
[2020-02-26T09:35:50.956+0000][1][safepoint    ] Safepoint "RevokeBias", Time since last: 513601469 ns, Reaching safepoint: 145259 ns, At safepoint: 21869 ns, Total: 167128 ns
[2020-02-26T09:35:52.329+0000][1][safepoint    ] Safepoint "Cleanup", Time since last: 1372854447 ns, Reaching safepoint: 85216 ns, At safepoint: 10533 ns, Total: 95749 ns
[2020-02-26T09:35:53.329+0000][1][safepoint    ] Safepoint "Cleanup", Time since last: 1000428904 ns, Reaching safepoint: 75532 ns, At safepoint: 9521 ns, Total: 85053 ns
[2020-02-26T09:35:53.468+0000][1][safepoint    ] Safepoint "RevokeBias", Time since last: 139007393 ns, Reaching safepoint: 123751 ns, At safepoint: 34135 ns, Total: 157886 ns
[2020-02-26T09:35:54.469+0000][1][safepoint    ] Safepoint "Cleanup", Time since last: 1000360705 ns, Reaching safepoint: 76112 ns, At safepoint: 9396 ns, Total: 85508 ns
[2020-02-26T09:35:55.470+0000][1][safepoint    ] Safepoint "Cleanup", Time since last: 1000903364 ns, Reaching safepoint: 118682 ns, At safepoint: 9419 ns, Total: 128101 ns
[2020-02-26T09:35:55.975+0000][1][safepoint    ] Safepoint "RevokeBias", Time since last: 505201582 ns, Reaching safepoint: 208882 ns, At safepoint: 30888 ns, Total: 239770 ns
[2020-02-26T09:35:56.977+0000][1][safepoint    ] Safepoint "Cleanup", Time since last: 1001704096 ns, Reaching safepoint: 173006 ns, At safepoint: 27999 ns, Total: 201005 ns
[2020-02-26T09:35:57.977+0000][1][safepoint    ] Safepoint "Cleanup", Time since last: 1000272704 ns, Reaching safepoint: 92437 ns, At safepoint: 9542 ns, Total: 101979 ns
[2020-02-26T09:35:58.479+0000][1][safepoint    ] Safepoint "RevokeBias", Time since last: 501868984 ns, Reaching safepoint: 71778 ns, At safepoint: 35574 ns, Total: 107352 ns
[2020-02-26T09:35:59.480+0000][1][safepoint    ] Safepoint "Cleanup", Time since last: 1000615608 ns, Reaching safepoint: 74224 ns, At safepoint: 8764 ns, Total: 82988 ns
[2020-02-26T09:36:00.481+0000][1][safepoint    ] Safepoint "Cleanup", Time since last: 1001088368 ns, Reaching safepoint: 89952 ns, At safepoint: 8581 ns, Total: 98533 ns
[2020-02-26T09:36:00.992+0000][1][safepoint    ] Safepoint "RevokeBias", Time since last: 510306817 ns, Reaching safepoint: 72676 ns, At safepoint: 19677 ns, Total: 92353 ns
[2020-02-26T09:36:01.993+0000][1][safepoint    ] Safepoint "Cleanup", Time since last: 1001324994 ns, Reaching safepoint: 116213 ns, At safepoint: 10131 ns, Total: 126344 ns
[2020-02-26T09:36:02.994+0000][1][safepoint    ] Safepoint "Cleanup", Time since last: 1000413861 ns, Reaching safepoint: 219320 ns, At safepoint: 11374 ns, Total: 230694 ns
[2020-02-26T09:36:03.500+0000][1][safepoint    ] Safepoint "RevokeBias", Time since last: 505690075 ns, Reaching safepoint: 125684 ns, At safepoint: 22473 ns, Total: 148157 ns
[2020-02-26T09:36:05.103+0000][1][safepoint    ] Safepoint "Cleanup", Time since last: 1603446379 ns, Reaching safepoint: 117865 ns, At safepoint: 19972 ns, Total: 137837 ns
[2020-02-26T09:36:06.007+0000][1][safepoint    ] Safepoint "RevokeBias", Time since last: 903194016 ns, Reaching safepoint: 147566 ns, At safepoint: 21131 ns, Total: 168697 ns
[2020-02-26T09:36:07.007+0000][1][safepoint    ] Safepoint "Cleanup", Time since last: 1000630452 ns, Reaching safepoint: 71332 ns, At safepoint: 7841 ns, Total: 79173 ns
[2020-02-26T09:36:08.008+0000][1][safepoint    ] Safepoint "Cleanup", Time since last: 1000325932 ns, Reaching safepoint: 87813 ns, At safepoint: 7802 ns, Total: 95615 ns
[2020-02-26T09:36:08.509+0000][1][safepoint    ] Safepoint "RevokeBias", Time since last: 501564520 ns, Reaching safepoint: 55182 ns, At safepoint: 18528 ns, Total: 73710 ns
[2020-02-26T09:36:09.510+0000][1][safepoint    ] Safepoint "Cleanup", Time since last: 1000312092 ns, Reaching safepoint: 194155 ns, At safepoint: 32573 ns, Total: 226728 ns
[2020-02-26T09:36:10.510+0000][1][safepoint    ] Safepoint "Cleanup", Time since last: 1000482710 ns, Reaching safepoint: 76565 ns, At safepoint: 9519 ns, Total: 86084 ns
[2020-02-26T09:36:11.016+0000][1][safepoint    ] Safepoint "RevokeBias", Time since last: 505091920 ns, Reaching safepoint: 146767 ns, At safepoint: 48954 ns, Total: 195721 ns
[2020-02-26T09:36:12.016+0000][1][safepoint    ] Safepoint "Cleanup", Time since last: 1000161501 ns, Reaching safepoint: 92676 ns, At safepoint: 9568 ns, Total: 102244 ns
[2020-02-26T09:36:13.017+0000][1][safepoint    ] Safepoint "Cleanup", Time since last: 1000943962 ns, Reaching safepoint: 108246 ns, At safepoint: 11666 ns, Total: 119912 ns
[2020-02-26T09:36:13.522+0000][1][safepoint    ] Safepoint "RevokeBias", Time since last: 504656036 ns, Reaching safepoint: 78720 ns, At safepoint: 21300 ns, Total: 100020 ns
[2020-02-26T09:36:14.522+0000][1][safepoint    ] Safepoint "Cleanup", Time since last: 1000304744 ns, Reaching safepoint: 82097 ns, At safepoint: 10217 ns, Total: 92314 ns
[2020-02-26T09:36:15.523+0000][1][safepoint    ] Safepoint "Cleanup", Time since last: 1000949970 ns, Reaching safepoint: 95906 ns, At safepoint: 10077 ns, Total: 105983 ns
[2020-02-26T09:36:16.027+0000][1][safepoint    ] Safepoint "RevokeBias", Time since last: 503373574 ns, Reaching safepoint: 77922 ns, At safepoint: 20940 ns, Total: 98862 ns
[2020-02-26T09:36:17.028+0000][1][safepoint    ] Safepoint "Cleanup", Time since last: 1000930702 ns, Reaching safepoint: 91595 ns, At safepoint: 8791 ns, Total: 100386 ns
[2020-02-26T09:36:18.030+0000][1][safepoint    ] Safepoint "Cleanup", Time since last: 1002575175 ns, Reaching safepoint: 136143 ns, At safepoint: 10491 ns, Total: 146634 ns
[2020-02-26T09:36:18.561+0000][1][safepoint    ] Safepoint "RevokeBias", Time since last: 530753758 ns, Reaching safepoint: 125901 ns, At safepoint: 21536 ns, Total: 147437 ns
[2020-02-26T09:36:19.562+0000][1][safepoint    ] Safepoint "Cleanup", Time since last: 1000304864 ns, Reaching safepoint: 92276 ns, At safepoint: 9988 ns, Total: 102264 ns
[2020-02-26T09:36:20.562+0000][1][safepoint    ] Safepoint "Cleanup", Time since last: 1000222927 ns, Reaching safepoint: 130533 ns, At safepoint: 12563 ns, Total: 143096 ns
[2020-02-26T09:36:21.073+0000][1][safepoint    ] Safepoint "RevokeBias", Time since last: 511106845 ns, Reaching safepoint: 125716 ns, At safepoint: 20294 ns, Total: 146010 ns
[2020-02-26T09:36:22.074+0000][1][safepoint    ] Safepoint "Cleanup", Time since last: 1000149596 ns, Reaching safepoint: 135425 ns, At safepoint: 13167 ns, Total: 148592 ns
[2020-02-26T09:36:23.079+0000][1][safepoint    ] Safepoint "Cleanup", Time since last: 1004949316 ns, Reaching safepoint: 71186 ns, At safepoint: 7787 ns, Total: 78973 ns
[2020-02-26T09:36:23.587+0000][1][safepoint    ] Safepoint "RevokeBias", Time since last: 508139049 ns, Reaching safepoint: 130898 ns, At safepoint: 25330 ns, Total: 156228 ns
[2020-02-26T09:36:24.588+0000][1][safepoint    ] Safepoint "Cleanup", Time since last: 1000729428 ns, Reaching safepoint: 76690 ns, At safepoint: 9513 ns, Total: 86203 ns
[2020-02-26T09:36:25.588+0000][1][safepoint    ] Safepoint "Cleanup", Time since last: 1000239633 ns, Reaching safepoint: 92422 ns, At safepoint: 9038 ns, Total: 101460 ns
[2020-02-26T09:36:26.101+0000][1][safepoint    ] Safepoint "RevokeBias", Time since last: 512207396 ns, Reaching safepoint: 73869 ns, At safepoint: 94324 ns, Total: 168193 ns
[2020-02-26T09:36:27.102+0000][1][safepoint    ] Safepoint "Cleanup", Time since last: 1000525957 ns, Reaching safepoint: 334475 ns, At safepoint: 55127 ns, Total: 389602 ns
[2020-02-26T09:36:28.102+0000][1][safepoint    ] Safepoint "Cleanup", Time since last: 1000665047 ns, Reaching safepoint: 92707 ns, At safepoint: 10273 ns, Total: 102980 ns
[2020-02-26T09:36:28.616+0000][1][safepoint    ] Safepoint "RevokeBias", Time since last: 513180179 ns, Reaching safepoint: 122897 ns, At safepoint: 38765 ns, Total: 161662 ns
[2020-02-26T09:36:29.616+0000][1][safepoint    ] Safepoint "Cleanup", Time since last: 1000232797 ns, Reaching safepoint: 122647 ns, At safepoint: 10466 ns, Total: 133113 ns
[2020-02-26T09:36:30.616+0000][1][safepoint    ] Safepoint "Cleanup", Time since last: 1000203904 ns, Reaching safepoint: 77420 ns, At safepoint: 9684 ns, Total: 87104 ns
[2020-02-26T09:36:31.128+0000][1][safepoint    ] Safepoint "RevokeBias", Time since last: 511951727 ns, Reaching safepoint: 73574 ns, At safepoint: 19444 ns, Total: 93018 ns
[2020-02-26T09:36:32.129+0000][1][safepoint    ] Safepoint "Cleanup", Time since last: 1000830633 ns, Reaching safepoint: 142193 ns, At safepoint: 9977 ns, Total: 152170 ns
[2020-02-26T09:36:33.130+0000][1][safepoint    ] Safepoint "Cleanup", Time since last: 1000335923 ns, Reaching safepoint: 97666 ns, At safepoint: 10688 ns, Total: 108354 ns
[2020-02-26T09:36:33.632+0000][1][safepoint    ] Safepoint "RevokeBias", Time since last: 502429697 ns, Reaching safepoint: 156803 ns, At safepoint: 36613 ns, Total: 193416 ns
[2020-02-26T09:36:34.636+0000][1][safepoint    ] Safepoint "Cleanup", Time since last: 1003605423 ns, Reaching safepoint: 77420 ns, At safepoint: 8580 ns, Total: 86000 ns
[2020-02-26T09:36:35.637+0000][1][safepoint    ] Safepoint "Cleanup", Time since last: 1000446036 ns, Reaching safepoint: 99186 ns, At safepoint: 10473 ns, Total: 109659 ns
[2020-02-26T09:36:36.138+0000][1][safepoint    ] Safepoint "BulkRevokeBias", Time since last: 501435703 ns, Reaching safepoint: 117085 ns, At safepoint: 188535 ns, Total: 305620 ns
[2020-02-26T09:36:37.139+0000][1][safepoint    ] Safepoint "Cleanup", Time since last: 1000174951 ns, Reaching safepoint: 78114 ns, At safepoint: 9711 ns, Total: 87825 ns
[2020-02-26T09:36:38.139+0000][1][safepoint    ] Safepoint "Cleanup", Time since last: 1000790936 ns, Reaching safepoint: 93859 ns, At safepoint: 8750 ns, Total: 102609 ns
[2020-02-26T09:36:38.642+0000][1][safepoint    ] Safepoint "RevokeBias", Time since last: 502482416 ns, Reaching safepoint: 177770 ns, At safepoint: 38539 ns, Total: 216309 ns
[2020-02-26T09:36:39.229+0000][1][gc,start     ] GC(58) Pause Young (Allocation Failure)
[2020-02-26T09:36:39.229+0000][1][gc,task      ] GC(58) Using 1 workers of 1 for evacuation
[2020-02-26T09:36:39.256+0000][1][gc,age       ] GC(58) Desired survivor size 4358144 bytes, new threshold 6 (max threshold 6)
[2020-02-26T09:36:39.256+0000][1][gc,age       ] GC(58) Age table with threshold 6 (max threshold 6)
[2020-02-26T09:36:39.256+0000][1][gc,age       ] GC(58) - age   1:      29312 bytes,      29312 total
[2020-02-26T09:36:39.256+0000][1][gc,age       ] GC(58) - age   2:        440 bytes,      29752 total
[2020-02-26T09:36:39.256+0000][1][gc,age       ] GC(58) - age   3:      12360 bytes,      42112 total
[2020-02-26T09:36:39.256+0000][1][gc,age       ] GC(58) - age   4:        248 bytes,      42360 total
[2020-02-26T09:36:39.256+0000][1][gc,age       ] GC(58) - age   5:       1144 bytes,      43504 total
[2020-02-26T09:36:39.256+0000][1][gc,age       ] GC(58) - age   6:        448 bytes,      43952 total
[2020-02-26T09:36:39.256+0000][1][gc,heap      ] GC(58) ParNew: 68203K->52K(76672K)
[2020-02-26T09:36:39.256+0000][1][gc,heap      ] GC(58) CMS: 62626K->62626K(963392K)
[2020-02-26T09:36:39.256+0000][1][gc,metaspace ] GC(58) Metaspace: 79679K->79679K(1122304K)
[2020-02-26T09:36:39.256+0000][1][gc           ] GC(58) Pause Young (Allocation Failure) 127M->61M(1015M) 26.729ms
[2020-02-26T09:36:39.256+0000][1][gc,cpu       ] GC(58) User=0.01s Sys=0.00s Real=0.02s
[2020-02-26T09:36:39.256+0000][1][safepoint    ] Safepoint "GenCollectForAllocation", Time since last: 587091856 ns, Reaching safepoint: 72278 ns, At safepoint: 26783515 ns, Total: 26855793 ns
[2020-02-26T09:36:40.257+0000][1][safepoint    ] Safepoint "Cleanup", Time since last: 1000364614 ns, Reaching safepoint: 78869 ns, At safepoint: 9136 ns, Total: 88005 ns
[2020-02-26T09:36:41.146+0000][1][safepoint    ] Safepoint "RevokeBias", Time since last: 889631755 ns, Reaching safepoint: 74401 ns, At safepoint: 20227 ns, Total: 94628 ns
[2020-02-26T09:36:42.147+0000][1][safepoint    ] Safepoint "Cleanup", Time since last: 1001128966 ns, Reaching safepoint: 74083 ns, At safepoint: 7969 ns, Total: 82052 ns
[2020-02-26T09:36:43.149+0000][1][safepoint    ] Safepoint "Cleanup", Time since last: 1001015476 ns, Reaching safepoint: 93727 ns, At safepoint: 8196 ns, Total: 101923 ns
[2020-02-26T09:36:43.650+0000][1][safepoint    ] Safepoint "RevokeBias", Time since last: 501689224 ns, Reaching safepoint: 98513 ns, At safepoint: 28058 ns, Total: 126571 ns
[2020-02-26T09:36:44.654+0000][1][safepoint    ] Safepoint "Cleanup", Time since last: 1003569095 ns, Reaching safepoint: 132001 ns, At safepoint: 8452 ns, Total: 140453 ns
[2020-02-26T09:36:45.655+0000][1][safepoint    ] Safepoint "Cleanup", Time since last: 1000856676 ns, Reaching safepoint: 75003 ns, At safepoint: 7870 ns, Total: 82873 ns
[2020-02-26T09:36:46.158+0000][1][safepoint    ] Safepoint "RevokeBias", Time since last: 502699779 ns, Reaching safepoint: 72820 ns, At safepoint: 18897 ns, Total: 91717 ns
[2020-02-26T09:36:47.159+0000][1][safepoint    ] Safepoint "Cleanup", Time since last: 1000629495 ns, Reaching safepoint: 77675 ns, At safepoint: 8931 ns, Total: 86606 ns
[2020-02-26T09:36:48.159+0000][1][safepoint    ] Safepoint "Cleanup", Time since last: 1000495978 ns, Reaching safepoint: 99280 ns, At safepoint: 11215 ns, Total: 110495 ns
[2020-02-26T09:36:48.663+0000][1][safepoint    ] Safepoint "RevokeBias", Time since last: 503502786 ns, Reaching safepoint: 71461 ns, At safepoint: 19984 ns, Total: 91445 ns
[2020-02-26T09:36:49.664+0000][1][safepoint    ] Safepoint "Cleanup", Time since last: 1000818902 ns, Reaching safepoint: 115256 ns, At safepoint: 10472 ns, Total: 125728 ns
[2020-02-26T09:36:50.673+0000][1][safepoint    ] Safepoint "Cleanup", Time since last: 1009238468 ns, Reaching safepoint: 115892 ns, At safepoint: 11770 ns, Total: 127662 ns
[2020-02-26T09:36:51.169+0000][1][safepoint    ] Safepoint "RevokeBias", Time since last: 496116423 ns, Reaching safepoint: 71333 ns, At safepoint: 19373 ns, Total: 90706 ns
[2020-02-26T09:36:52.170+0000][1][safepoint    ] Safepoint "Cleanup", Time since last: 1000933669 ns, Reaching safepoint: 82281 ns, At safepoint: 8855 ns, Total: 91136 ns
[2020-02-26T09:36:53.172+0000][1][safepoint    ] Safepoint "Cleanup", Time since last: 1001308337 ns, Reaching safepoint: 74931 ns, At safepoint: 8869 ns, Total: 83800 ns
[2020-02-26T09:36:53.674+0000][1][safepoint    ] Safepoint "RevokeBias", Time since last: 501926136 ns, Reaching safepoint: 73391 ns, At safepoint: 20546 ns, Total: 93937 ns
[2020-02-26T09:36:54.675+0000][1][safepoint    ] Safepoint "Cleanup", Time since last: 1000814012 ns, Reaching safepoint: 78684 ns, At safepoint: 8612 ns, Total: 87296 ns
[2020-02-26T09:36:55.675+0000][1][safepoint    ] Safepoint "Cleanup", Time since last: 1000441683 ns, Reaching safepoint: 76177 ns, At safepoint: 8990 ns, Total: 85167 ns
[2020-02-26T09:36:56.200+0000][1][safepoint    ] Safepoint "RevokeBias", Time since last: 524860689 ns, Reaching safepoint: 86611 ns, At safepoint: 19876 ns, Total: 106487 ns
[2020-02-26T09:36:57.201+0000][1][safepoint    ] Safepoint "Cleanup", Time since last: 1000545008 ns, Reaching safepoint: 120354 ns, At safepoint: 10316 ns, Total: 130670 ns
[2020-02-26T09:36:58.201+0000][1][safepoint    ] Safepoint "Cleanup", Time since last: 1000308622 ns, Reaching safepoint: 94064 ns, At safepoint: 9586 ns, Total: 103650 ns
[2020-02-26T09:36:58.710+0000][1][safepoint    ] Safepoint "RevokeBias", Time since last: 508694875 ns, Reaching safepoint: 72411 ns, At safepoint: 62025 ns, Total: 134436 ns
[2020-02-26T09:36:59.711+0000][1][safepoint    ] Safepoint "Cleanup", Time since last: 1000693049 ns, Reaching safepoint: 78115 ns, At safepoint: 9277 ns, Total: 87392 ns
[2020-02-26T09:37:00.711+0000][1][safepoint    ] Safepoint "Cleanup", Time since last: 1000418920 ns, Reaching safepoint: 100444 ns, At safepoint: 11848 ns, Total: 112292 ns
[2020-02-26T09:37:01.227+0000][1][safepoint    ] Safepoint "RevokeBias", Time since last: 515315508 ns, Reaching safepoint: 96826 ns, At safepoint: 21739 ns, Total: 118565 ns
[2020-02-26T09:37:02.228+0000][1][safepoint    ] Safepoint "Cleanup", Time since last: 1000727975 ns, Reaching safepoint: 115327 ns, At safepoint: 13198 ns, Total: 128525 ns
[2020-02-26T09:37:03.228+0000][1][safepoint    ] Safepoint "Cleanup", Time since last: 1000391076 ns, Reaching safepoint: 77002 ns, At safepoint: 8896 ns, Total: 85898 ns
[2020-02-26T09:37:03.736+0000][1][safepoint    ] Safepoint "RevokeBias", Time since last: 508262437 ns, Reaching safepoint: 72168 ns, At safepoint: 19149 ns, Total: 91317 ns
[2020-02-26T09:37:04.737+0000][1][safepoint    ] Safepoint "Cleanup", Time since last: 1000476261 ns, Reaching safepoint: 92147 ns, At safepoint: 9199 ns, Total: 101346 ns
[2020-02-26T09:37:05.738+0000][1][safepoint    ] Safepoint "Cleanup", Time since last: 1000566139 ns, Reaching safepoint: 84949 ns, At safepoint: 10366 ns, Total: 95315 ns
[2020-02-26T09:37:06.255+0000][1][safepoint    ] Safepoint "RevokeBias", Time since last: 517040419 ns, Reaching safepoint: 73319 ns, At safepoint: 19204 ns, Total: 92523 ns
[2020-02-26T09:37:07.256+0000][1][safepoint    ] Safepoint "Cleanup", Time since last: 1000733871 ns, Reaching safepoint: 144475 ns, At safepoint: 13837 ns, Total: 158312 ns
[2020-02-26T09:37:08.256+0000][1][safepoint    ] Safepoint "Cleanup", Time since last: 1000212550 ns, Reaching safepoint: 101544 ns, At safepoint: 9102 ns, Total: 110646 ns
[2020-02-26T09:37:08.762+0000][1][safepoint    ] Safepoint "RevokeBias", Time since last: 506042218 ns, Reaching safepoint: 84462 ns, At safepoint: 22760 ns, Total: 107222 ns
[2020-02-26T09:37:09.763+0000][1][safepoint    ] Safepoint "Cleanup", Time since last: 1000727968 ns, Reaching safepoint: 115384 ns, At safepoint: 9417 ns, Total: 124801 ns
[2020-02-26T09:37:10.765+0000][1][safepoint    ] Safepoint "Cleanup", Time since last: 1001318970 ns, Reaching safepoint: 258938 ns, At safepoint: 11601 ns, Total: 270539 ns
[2020-02-26T09:37:11.267+0000][1][safepoint    ] Safepoint "RevokeBias", Time since last: 501939021 ns, Reaching safepoint: 73497 ns, At safepoint: 19693 ns, Total: 93190 ns
[2020-02-26T09:37:12.270+0000][1][safepoint    ] Safepoint "Cleanup", Time since last: 1002727239 ns, Reaching safepoint: 136977 ns, At safepoint: 9647 ns, Total: 146624 ns
[2020-02-26T09:37:13.271+0000][1][safepoint    ] Safepoint "Cleanup", Time since last: 1000874475 ns, Reaching safepoint: 84121 ns, At safepoint: 10233 ns, Total: 94354 ns
[2020-02-26T09:37:13.771+0000][1][safepoint    ] Safepoint "RevokeBias", Time since last: 500050837 ns, Reaching safepoint: 161261 ns, At safepoint: 81979 ns, Total: 243240 ns
[2020-02-26T09:37:14.771+0000][1][safepoint    ] Safepoint "Cleanup", Time since last: 1000354275 ns, Reaching safepoint: 113048 ns, At safepoint: 9705 ns, Total: 122753 ns
[2020-02-26T09:37:15.772+0000][1][safepoint    ] Safepoint "Cleanup", Time since last: 1000193030 ns, Reaching safepoint: 97350 ns, At safepoint: 9034 ns, Total: 106384 ns
[2020-02-26T09:37:16.277+0000][1][safepoint    ] Safepoint "RevokeBias", Time since last: 504968734 ns, Reaching safepoint: 71884 ns, At safepoint: 19987 ns, Total: 91871 ns
[2020-02-26T09:37:17.281+0000][1][safepoint    ] Safepoint "Cleanup", Time since last: 1004063360 ns, Reaching safepoint: 108566 ns, At safepoint: 10365 ns, Total: 118931 ns
[2020-02-26T09:37:18.281+0000][1][safepoint    ] Safepoint "Cleanup", Time since last: 1000292815 ns, Reaching safepoint: 93229 ns, At safepoint: 9451 ns, Total: 102680 ns
[2020-02-26T09:37:18.779+0000][1][safepoint    ] Safepoint "RevokeBias", Time since last: 498077869 ns, Reaching safepoint: 71922 ns, At safepoint: 20375 ns, Total: 92297 ns
[2020-02-26T09:37:19.780+0000][1][safepoint    ] Safepoint "Cleanup", Time since last: 1000422222 ns, Reaching safepoint: 75481 ns, At safepoint: 7975 ns, Total: 83456 ns
[2020-02-26T09:37:20.781+0000][1][safepoint    ] Safepoint "Cleanup", Time since last: 1000491199 ns, Reaching safepoint: 118654 ns, At safepoint: 8411 ns, Total: 127065 ns
[2020-02-26T09:37:21.286+0000][1][safepoint    ] Safepoint "RevokeBias", Time since last: 505119389 ns, Reaching safepoint: 97040 ns, At safepoint: 21161 ns, Total: 118201 ns
[2020-02-26T09:37:22.295+0000][1][safepoint    ] Safepoint "Cleanup", Time since last: 1008776639 ns, Reaching safepoint: 121504 ns, At safepoint: 13179 ns, Total: 134683 ns
[2020-02-26T09:37:23.295+0000][1][safepoint    ] Safepoint "Cleanup", Time since last: 1000622012 ns, Reaching safepoint: 76029 ns, At safepoint: 9573 ns, Total: 85602 ns
[2020-02-26T09:37:23.789+0000][1][safepoint    ] Safepoint "RevokeBias", Time since last: 493793727 ns, Reaching safepoint: 73363 ns, At safepoint: 19697 ns, Total: 93060 ns
[2020-02-26T09:37:24.790+0000][1][safepoint    ] Safepoint "Cleanup", Time since last: 1000201328 ns, Reaching safepoint: 122491 ns, At safepoint: 9485 ns, Total: 131976 ns
[2020-02-26T09:37:25.790+0000][1][safepoint    ] Safepoint "Cleanup", Time since last: 1000428718 ns, Reaching safepoint: 79192 ns, At safepoint: 10000 ns, Total: 89192 ns
[2020-02-26T09:37:26.296+0000][1][safepoint    ] Safepoint "RevokeBias", Time since last: 505509072 ns, Reaching safepoint: 163669 ns, At safepoint: 23325 ns, Total: 186994 ns
[2020-02-26T09:37:27.297+0000][1][safepoint    ] Safepoint "Cleanup", Time since last: 1000659413 ns, Reaching safepoint: 111934 ns, At safepoint: 9497 ns, Total: 121431 ns
[2020-02-26T09:37:28.305+0000][1][safepoint    ] Safepoint "Cleanup", Time since last: 1008795878 ns, Reaching safepoint: 86212 ns, At safepoint: 9609 ns, Total: 95821 ns
[2020-02-26T09:37:28.800+0000][1][safepoint    ] Safepoint "RevokeBias", Time since last: 494246412 ns, Reaching safepoint: 72895 ns, At safepoint: 35800 ns, Total: 108695 ns
[2020-02-26T09:37:29.800+0000][1][safepoint    ] Safepoint "Cleanup", Time since last: 1000361293 ns, Reaching safepoint: 118143 ns, At safepoint: 9755 ns, Total: 127898 ns
[2020-02-26T09:37:30.802+0000][1][safepoint    ] Safepoint "Cleanup", Time since last: 1001169811 ns, Reaching safepoint: 77275 ns, At safepoint: 9918 ns, Total: 87193 ns
[2020-02-26T09:37:31.306+0000][1][safepoint    ] Safepoint "RevokeBias", Time since last: 504556144 ns, Reaching safepoint: 112446 ns, At safepoint: 31061 ns, Total: 143507 ns
[2020-02-26T09:37:32.307+0000][1][safepoint    ] Safepoint "Cleanup", Time since last: 1000197694 ns, Reaching safepoint: 80534 ns, At safepoint: 10471 ns, Total: 91005 ns
[2020-02-26T09:37:33.312+0000][1][safepoint    ] Safepoint "Cleanup", Time since last: 1005200744 ns, Reaching safepoint: 77166 ns, At safepoint: 8863 ns, Total: 86029 ns
[2020-02-26T09:37:33.824+0000][1][safepoint    ] Safepoint "RevokeBias", Time since last: 511761794 ns, Reaching safepoint: 129468 ns, At safepoint: 78262 ns, Total: 207730 ns
[2020-02-26T09:37:34.825+0000][1][safepoint    ] Safepoint "Cleanup", Time since last: 1000765265 ns, Reaching safepoint: 95931 ns, At safepoint: 13284 ns, Total: 109215 ns
[2020-02-26T09:37:35.825+0000][1][safepoint    ] Safepoint "Cleanup", Time since last: 1000209305 ns, Reaching safepoint: 93801 ns, At safepoint: 9929 ns, Total: 103730 ns
[2020-02-26T09:37:36.334+0000][1][safepoint    ] Safepoint "RevokeBias", Time since last: 508497356 ns, Reaching safepoint: 154559 ns, At safepoint: 29065 ns, Total: 183624 ns
[2020-02-26T09:37:37.842+0000][1][safepoint    ] Safepoint "Cleanup", Time since last: 1508131956 ns, Reaching safepoint: 90259 ns, At safepoint: 8492 ns, Total: 98751 ns
[2020-02-26T09:37:38.845+0000][1][safepoint    ] Safepoint "Cleanup", Time since last: 1002553610 ns, Reaching safepoint: 46676 ns, At safepoint: 22620 ns, Total: 69296 ns
[2020-02-26T09:37:38.845+0000][1][safepoint    ] Safepoint "RevokeBias", Time since last: 175340 ns, Reaching safepoint: 32599 ns, At safepoint: 16067 ns, Total: 48666 ns
[2020-02-26T09:37:39.846+0000][1][safepoint    ] Safepoint "Cleanup", Time since last: 1000754971 ns, Reaching safepoint: 86739 ns, At safepoint: 27115 ns, Total: 113854 ns
[2020-02-26T09:37:40.980+0000][1][safepoint    ] Safepoint "Cleanup", Time since last: 1134230230 ns, Reaching safepoint: 77863 ns, At safepoint: 9212 ns, Total: 87075 ns
[2020-02-26T09:37:41.356+0000][1][safepoint    ] Safepoint "RevokeBias", Time since last: 376229553 ns, Reaching safepoint: 73424 ns, At safepoint: 20163 ns, Total: 93587 ns
[2020-02-26T09:37:42.357+0000][1][safepoint    ] Safepoint "Cleanup", Time since last: 1000492736 ns, Reaching safepoint: 76819 ns, At safepoint: 9848 ns, Total: 86667 ns
[2020-02-26T09:37:43.358+0000][1][safepoint    ] Safepoint "Cleanup", Time since last: 1000571692 ns, Reaching safepoint: 92504 ns, At safepoint: 9335 ns, Total: 101839 ns
[2020-02-26T09:37:43.871+0000][1][safepoint    ] Safepoint "RevokeBias", Time since last: 513470326 ns, Reaching safepoint: 116140 ns, At safepoint: 31178 ns, Total: 147318 ns
[2020-02-26T09:37:44.871+0000][1][safepoint    ] Safepoint "Cleanup", Time since last: 1000225173 ns, Reaching safepoint: 77417 ns, At safepoint: 9315 ns, Total: 86732 ns
[2020-02-26T09:37:45.872+0000][1][safepoint    ] Safepoint "Cleanup", Time since last: 1000384948 ns, Reaching safepoint: 116819 ns, At safepoint: 9637 ns, Total: 126456 ns
[2020-02-26T09:37:46.380+0000][1][safepoint    ] Safepoint "RevokeBias", Time since last: 508111052 ns, Reaching safepoint: 93475 ns, At safepoint: 21342 ns, Total: 114817 ns
[2020-02-26T09:37:47.381+0000][1][safepoint    ] Safepoint "Cleanup", Time since last: 1000801512 ns, Reaching safepoint: 81218 ns, At safepoint: 10219 ns, Total: 91437 ns
[2020-02-26T09:37:48.384+0000][1][safepoint    ] Safepoint "Cleanup", Time since last: 1002575326 ns, Reaching safepoint: 486134 ns, At safepoint: 12322 ns, Total: 498456 ns
[2020-02-26T09:37:48.883+0000][1][safepoint    ] Safepoint "BulkRevokeBias", Time since last: 498430540 ns, Reaching safepoint: 114356 ns, At safepoint: 219044 ns, Total: 333400 ns
[2020-02-26T09:37:49.885+0000][1][safepoint    ] Safepoint "Cleanup", Time since last: 1001472121 ns, Reaching safepoint: 77489 ns, At safepoint: 8395 ns, Total: 85884 ns
[2020-02-26T09:37:50.885+0000][1][safepoint    ] Safepoint "Cleanup", Time since last: 1000721125 ns, Reaching safepoint: 92882 ns, At safepoint: 11720 ns, Total: 104602 ns
[2020-02-26T09:37:51.389+0000][1][safepoint    ] Safepoint "RevokeBias", Time since last: 503837733 ns, Reaching safepoint: 72837 ns, At safepoint: 18850 ns, Total: 91687 ns
[2020-02-26T09:37:52.390+0000][1][safepoint    ] Safepoint "Cleanup", Time since last: 1000794996 ns, Reaching safepoint: 76625 ns, At safepoint: 8598 ns, Total: 85223 ns
[2020-02-26T09:37:53.391+0000][1][safepoint    ] Safepoint "Cleanup", Time since last: 1000819774 ns, Reaching safepoint: 92685 ns, At safepoint: 9148 ns, Total: 101833 ns
[2020-02-26T09:37:53.892+0000][1][safepoint    ] Safepoint "RevokeBias", Time since last: 500929245 ns, Reaching safepoint: 100564 ns, At safepoint: 21935 ns, Total: 122499 ns
[2020-02-26T09:37:54.894+0000][1][safepoint    ] Safepoint "Cleanup", Time since last: 1001499662 ns, Reaching safepoint: 211540 ns, At safepoint: 33998 ns, Total: 245538 ns
[2020-02-26T09:37:55.895+0000][1][safepoint    ] Safepoint "Cleanup", Time since last: 1000857202 ns, Reaching safepoint: 78544 ns, At safepoint: 8798 ns, Total: 87342 ns
[2020-02-26T09:37:56.397+0000][1][safepoint    ] Safepoint "RevokeBias", Time since last: 501623973 ns, Reaching safepoint: 54558 ns, At safepoint: 17503 ns, Total: 72061 ns
[2020-02-26T09:37:57.398+0000][1][safepoint    ] Safepoint "Cleanup", Time since last: 1001105670 ns, Reaching safepoint: 157200 ns, At safepoint: 12789 ns, Total: 169989 ns
[2020-02-26T09:37:58.399+0000][1][safepoint    ] Safepoint "Cleanup", Time since last: 1000841251 ns, Reaching safepoint: 97578 ns, At safepoint: 13336 ns, Total: 110914 ns
[2020-02-26T09:37:58.900+0000][1][safepoint    ] Safepoint "RevokeBias", Time since last: 500949761 ns, Reaching safepoint: 71983 ns, At safepoint: 35040 ns, Total: 107023 ns
[2020-02-26T09:37:59.905+0000][1][safepoint    ] Safepoint "Cleanup", Time since last: 1005288103 ns, Reaching safepoint: 60097 ns, At safepoint: 7813 ns, Total: 67910 ns
[2020-02-26T09:38:00.906+0000][1][safepoint    ] Safepoint "Cleanup", Time since last: 1000577809 ns, Reaching safepoint: 92621 ns, At safepoint: 8833 ns, Total: 101454 ns
[2020-02-26T09:38:01.406+0000][1][safepoint    ] Safepoint "RevokeBias", Time since last: 500078428 ns, Reaching safepoint: 145526 ns, At safepoint: 21356 ns, Total: 166882 ns
[2020-02-26T09:38:02.407+0000][1][safepoint    ] Safepoint "Cleanup", Time since last: 1000462207 ns, Reaching safepoint: 76454 ns, At safepoint: 8983 ns, Total: 85437 ns
[2020-02-26T09:38:03.407+0000][1][safepoint    ] Safepoint "Cleanup", Time since last: 1000216166 ns, Reaching safepoint: 81548 ns, At safepoint: 10139 ns, Total: 91687 ns
[2020-02-26T09:38:03.909+0000][1][safepoint    ] Safepoint "RevokeBias", Time since last: 501713001 ns, Reaching safepoint: 74018 ns, At safepoint: 20302 ns, Total: 94320 ns
[2020-02-26T09:38:04.909+0000][1][safepoint    ] Safepoint "Cleanup", Time since last: 1000500663 ns, Reaching safepoint: 75904 ns, At safepoint: 9758 ns, Total: 85662 ns
[2020-02-26T09:38:05.913+0000][1][safepoint    ] Safepoint "Cleanup", Time since last: 1003740766 ns, Reaching safepoint: 73369 ns, At safepoint: 8843 ns, Total: 82212 ns
[2020-02-26T09:38:06.414+0000][1][safepoint    ] Safepoint "RevokeBias", Time since last: 500089459 ns, Reaching safepoint: 167387 ns, At safepoint: 173993 ns, Total: 341380 ns
[2020-02-26T09:38:07.414+0000][1][safepoint    ] Safepoint "Cleanup", Time since last: 1000436810 ns, Reaching safepoint: 78339 ns, At safepoint: 8580 ns, Total: 86919 ns
[2020-02-26T09:38:08.415+0000][1][safepoint    ] Safepoint "Cleanup", Time since last: 1000301851 ns, Reaching safepoint: 124918 ns, At safepoint: 12428 ns, Total: 137346 ns
[2020-02-26T09:38:08.917+0000][1][safepoint    ] Safepoint "RevokeBias", Time since last: 501950033 ns, Reaching safepoint: 74024 ns, At safepoint: 20299 ns, Total: 94323 ns
[2020-02-26T09:38:09.918+0000][1][safepoint    ] Safepoint "Cleanup", Time since last: 1000845382 ns, Reaching safepoint: 79051 ns, At safepoint: 9514 ns, Total: 88565 ns
[2020-02-26T09:38:10.920+0000][1][safepoint    ] Safepoint "Cleanup", Time since last: 1002145361 ns, Reaching safepoint: 76108 ns, At safepoint: 8197 ns, Total: 84305 ns
[2020-02-26T09:38:11.429+0000][1][safepoint    ] Safepoint "RevokeBias", Time since last: 509201768 ns, Reaching safepoint: 53263 ns, At safepoint: 17426 ns, Total: 70689 ns
[2020-02-26T09:38:12.430+0000][1][safepoint    ] Safepoint "Cleanup", Time since last: 1000496641 ns, Reaching safepoint: 136595 ns, At safepoint: 15262 ns, Total: 151857 ns
[2020-02-26T09:38:13.433+0000][1][safepoint    ] Safepoint "Cleanup", Time since last: 1003479125 ns, Reaching safepoint: 235108 ns, At safepoint: 14256 ns, Total: 249364 ns
[2020-02-26T09:38:13.940+0000][1][safepoint    ] Safepoint "RevokeBias", Time since last: 506071460 ns, Reaching safepoint: 72432 ns, At safepoint: 19003 ns, Total: 91435 ns
[2020-02-26T09:38:14.940+0000][1][safepoint    ] Safepoint "Cleanup", Time since last: 1000543755 ns, Reaching safepoint: 99652 ns, At safepoint: 10270 ns, Total: 109922 ns
[2020-02-26T09:38:15.941+0000][1][safepoint    ] Safepoint "Cleanup", Time since last: 1000966134 ns, Reaching safepoint: 131972 ns, At safepoint: 12839 ns, Total: 144811 ns
[2020-02-26T09:38:16.455+0000][1][safepoint    ] Safepoint "RevokeBias", Time since last: 513897314 ns, Reaching safepoint: 72045 ns, At safepoint: 104634 ns, Total: 176679 ns
[2020-02-26T09:38:17.456+0000][1][safepoint    ] Safepoint "Cleanup", Time since last: 1000315294 ns, Reaching safepoint: 94878 ns, At safepoint: 9429 ns, Total: 104307 ns
[2020-02-26T09:38:18.457+0000][1][safepoint    ] Safepoint "Cleanup", Time since last: 1000945759 ns, Reaching safepoint: 95072 ns, At safepoint: 27108 ns, Total: 122180 ns
[2020-02-26T09:38:18.965+0000][1][safepoint    ] Safepoint "RevokeBias", Time since last: 507635221 ns, Reaching safepoint: 77274 ns, At safepoint: 38338 ns, Total: 115612 ns
[2020-02-26T09:38:19.966+0000][1][safepoint    ] Safepoint "Cleanup", Time since last: 1000807551 ns, Reaching safepoint: 93575 ns, At safepoint: 9414 ns, Total: 102989 ns
[2020-02-26T09:38:20.966+0000][1][safepoint    ] Safepoint "Cleanup", Time since last: 1000096545 ns, Reaching safepoint: 120253 ns, At safepoint: 13742 ns, Total: 133995 ns
[2020-02-26T09:38:21.482+0000][1][safepoint    ] Safepoint "RevokeBias", Time since last: 516273067 ns, Reaching safepoint: 154189 ns, At safepoint: 130307 ns, Total: 284496 ns
[2020-02-26T09:38:22.483+0000][1][safepoint    ] Safepoint "Cleanup", Time since last: 1000300779 ns, Reaching safepoint: 90524 ns, At safepoint: 9027 ns, Total: 99551 ns
[2020-02-26T09:38:23.483+0000][1][safepoint    ] Safepoint "Cleanup", Time since last: 1000245625 ns, Reaching safepoint: 75435 ns, At safepoint: 9752 ns, Total: 85187 ns
[2020-02-26T09:38:23.996+0000][1][safepoint    ] Safepoint "RevokeBias", Time since last: 513138648 ns, Reaching safepoint: 72681 ns, At safepoint: 19919 ns, Total: 92600 ns
[2020-02-26T09:38:24.997+0000][1][safepoint    ] Safepoint "Cleanup", Time since last: 1000282483 ns, Reaching safepoint: 72960 ns, At safepoint: 8119 ns, Total: 81079 ns
[2020-02-26T09:38:25.997+0000][1][safepoint    ] Safepoint "Cleanup", Time since last: 1000520318 ns, Reaching safepoint: 76828 ns, At safepoint: 9602 ns, Total: 86430 ns
[2020-02-26T09:38:26.500+0000][1][safepoint    ] Safepoint "RevokeBias", Time since last: 502382221 ns, Reaching safepoint: 71628 ns, At safepoint: 18743 ns, Total: 90371 ns
[2020-02-26T09:38:27.502+0000][1][safepoint    ] Safepoint "Cleanup", Time since last: 1002144196 ns, Reaching safepoint: 93112 ns, At safepoint: 8722 ns, Total: 101834 ns
[2020-02-26T09:38:28.502+0000][1][safepoint    ] Safepoint "Cleanup", Time since last: 1000248487 ns, Reaching safepoint: 89074 ns, At safepoint: 8528 ns, Total: 97602 ns
[2020-02-26T09:38:29.004+0000][1][safepoint    ] Safepoint "RevokeBias", Time since last: 501350981 ns, Reaching safepoint: 111825 ns, At safepoint: 60914 ns, Total: 172739 ns
[2020-02-26T09:38:30.004+0000][1][safepoint    ] Safepoint "Cleanup", Time since last: 1000289272 ns, Reaching safepoint: 77379 ns, At safepoint: 9250 ns, Total: 86629 ns
[2020-02-26T09:38:31.005+0000][1][safepoint    ] Safepoint "Cleanup", Time since last: 1000420134 ns, Reaching safepoint: 133694 ns, At safepoint: 9321 ns, Total: 143015 ns
[2020-02-26T09:38:31.513+0000][1][safepoint    ] Safepoint "RevokeBias", Time since last: 507890410 ns, Reaching safepoint: 85835 ns, At safepoint: 24474 ns, Total: 110309 ns
[2020-02-26T09:38:32.535+0000][1][safepoint    ] Safepoint "Cleanup", Time since last: 1022254471 ns, Reaching safepoint: 114610 ns, At safepoint: 8882 ns, Total: 123492 ns
[2020-02-26T09:38:33.536+0000][1][safepoint    ] Safepoint "Cleanup", Time since last: 1000326280 ns, Reaching safepoint: 108950 ns, At safepoint: 9678 ns, Total: 118628 ns
[2020-02-26T09:38:34.014+0000][1][safepoint    ] Safepoint "RevokeBias", Time since last: 478636440 ns, Reaching safepoint: 118909 ns, At safepoint: 22005 ns, Total: 140914 ns
[2020-02-26T09:38:35.015+0000][1][safepoint    ] Safepoint "Cleanup", Time since last: 1000341446 ns, Reaching safepoint: 77287 ns, At safepoint: 10344 ns, Total: 87631 ns
[2020-02-26T09:38:36.016+0000][1][safepoint    ] Safepoint "Cleanup", Time since last: 1000878099 ns, Reaching safepoint: 77003 ns, At safepoint: 9399 ns, Total: 86402 ns
[2020-02-26T09:38:36.521+0000][1][safepoint    ] Safepoint "RevokeBias", Time since last: 505311063 ns, Reaching safepoint: 72567 ns, At safepoint: 20665 ns, Total: 93232 ns
[2020-02-26T09:38:37.522+0000][1][safepoint    ] Safepoint "Cleanup", Time since last: 1001136192 ns, Reaching safepoint: 116402 ns, At safepoint: 13236 ns, Total: 129638 ns
[2020-02-26T09:38:38.523+0000][1][safepoint    ] Safepoint "Cleanup", Time since last: 1000419164 ns, Reaching safepoint: 85847 ns, At safepoint: 12646 ns, Total: 98493 ns
[2020-02-26T09:38:39.023+0000][1][safepoint    ] Safepoint "RevokeBias", Time since last: 500104307 ns, Reaching safepoint: 79550 ns, At safepoint: 20484 ns, Total: 100034 ns
[2020-02-26T09:38:40.024+0000][1][safepoint    ] Safepoint "Cleanup", Time since last: 1000403749 ns, Reaching safepoint: 201339 ns, At safepoint: 14210 ns, Total: 215549 ns
[2020-02-26T09:38:41.025+0000][1][safepoint    ] Safepoint "Cleanup", Time since last: 1000610916 ns, Reaching safepoint: 100504 ns, At safepoint: 9787 ns, Total: 110291 ns
[2020-02-26T09:38:41.526+0000][1][safepoint    ] Safepoint "RevokeBias", Time since last: 501546610 ns, Reaching safepoint: 172562 ns, At safepoint: 39024 ns, Total: 211586 ns
[2020-02-26T09:38:42.527+0000][1][safepoint    ] Safepoint "Cleanup", Time since last: 1000687477 ns, Reaching safepoint: 81658 ns, At safepoint: 10095 ns, Total: 91753 ns
[2020-02-26T09:38:43.529+0000][1][safepoint    ] Safepoint "Cleanup", Time since last: 1001800411 ns, Reaching safepoint: 76302 ns, At safepoint: 8789 ns, Total: 85091 ns
[2020-02-26T09:38:44.031+0000][1][safepoint    ] Safepoint "RevokeBias", Time since last: 502087206 ns, Reaching safepoint: 77230 ns, At safepoint: 20613 ns, Total: 97843 ns
[2020-02-26T09:38:45.031+0000][1][safepoint    ] Safepoint "Cleanup", Time since last: 1000226530 ns, Reaching safepoint: 83797 ns, At safepoint: 10131 ns, Total: 93928 ns
[2020-02-26T09:38:46.032+0000][1][safepoint    ] Safepoint "Cleanup", Time since last: 1000138642 ns, Reaching safepoint: 81296 ns, At safepoint: 9695 ns, Total: 90991 ns
[2020-02-26T09:38:46.536+0000][1][safepoint    ] Safepoint "RevokeBias", Time since last: 504361303 ns, Reaching safepoint: 71443 ns, At safepoint: 19804 ns, Total: 91247 ns
[2020-02-26T09:38:47.537+0000][1][safepoint    ] Safepoint "Cleanup", Time since last: 1000495187 ns, Reaching safepoint: 113970 ns, At safepoint: 12628 ns, Total: 126598 ns
[2020-02-26T09:38:48.553+0000][1][safepoint    ] Safepoint "Cleanup", Time since last: 1005763206 ns, Reaching safepoint: 10961896 ns, At safepoint: 18114 ns, Total: 10980010 ns
[2020-02-26T09:38:49.051+0000][1][safepoint    ] Safepoint "RevokeBias", Time since last: 496855374 ns, Reaching safepoint: 186318 ns, At safepoint: 30879 ns, Total: 217197 ns
[2020-02-26T09:38:50.051+0000][1][safepoint    ] Safepoint "Cleanup", Time since last: 1000774125 ns, Reaching safepoint: 74297 ns, At safepoint: 7993 ns, Total: 82290 ns
[2020-02-26T09:38:51.052+0000][1][safepoint    ] Safepoint "Cleanup", Time since last: 1000369633 ns, Reaching safepoint: 89929 ns, At safepoint: 10542 ns, Total: 100471 ns
[2020-02-26T09:38:51.562+0000][1][safepoint    ] Safepoint "RevokeBias", Time since last: 510189894 ns, Reaching safepoint: 73399 ns, At safepoint: 20084 ns, Total: 93483 ns
[2020-02-26T09:38:52.563+0000][1][safepoint    ] Safepoint "Cleanup", Time since last: 1000395302 ns, Reaching safepoint: 92754 ns, At safepoint: 8772 ns, Total: 101526 ns
[2020-02-26T09:38:53.563+0000][1][safepoint    ] Safepoint "Cleanup", Time since last: 1000577653 ns, Reaching safepoint: 183527 ns, At safepoint: 11250 ns, Total: 194777 ns
[2020-02-26T09:38:54.078+0000][1][safepoint    ] Safepoint "RevokeBias", Time since last: 514539529 ns, Reaching safepoint: 176717 ns, At safepoint: 22395 ns, Total: 199112 ns
[2020-02-26T09:38:54.343+0000][1][gc,start     ] GC(59) Pause Young (Allocation Failure)
[2020-02-26T09:38:54.343+0000][1][gc,task      ] GC(59) Using 1 workers of 1 for evacuation
[2020-02-26T09:38:54.367+0000][1][gc,age       ] GC(59) Desired survivor size 4358144 bytes, new threshold 6 (max threshold 6)
[2020-02-26T09:38:54.367+0000][1][gc,age       ] GC(59) Age table with threshold 6 (max threshold 6)
[2020-02-26T09:38:54.367+0000][1][gc,age       ] GC(59) - age   1:      12232 bytes,      12232 total
[2020-02-26T09:38:54.367+0000][1][gc,age       ] GC(59) - age   2:      17544 bytes,      29776 total
[2020-02-26T09:38:54.367+0000][1][gc,age       ] GC(59) - age   3:        440 bytes,      30216 total
[2020-02-26T09:38:54.367+0000][1][gc,age       ] GC(59) - age   4:      12360 bytes,      42576 total
[2020-02-26T09:38:54.367+0000][1][gc,age       ] GC(59) - age   5:        248 bytes,      42824 total
[2020-02-26T09:38:54.367+0000][1][gc,age       ] GC(59) - age   6:       1144 bytes,      43968 total
[2020-02-26T09:38:54.367+0000][1][gc,heap      ] GC(59) ParNew: 68212K->77K(76672K)
[2020-02-26T09:38:54.367+0000][1][gc,heap      ] GC(59) CMS: 62626K->62626K(963392K)
[2020-02-26T09:38:54.367+0000][1][gc,metaspace ] GC(59) Metaspace: 79680K->79680K(1122304K)
[2020-02-26T09:38:54.367+0000][1][gc           ] GC(59) Pause Young (Allocation Failure) 127M->61M(1015M) 24.070ms
[2020-02-26T09:38:54.367+0000][1][gc,cpu       ] GC(59) User=0.02s Sys=0.00s Real=0.03s
[2020-02-26T09:38:54.367+0000][1][safepoint    ] Safepoint "GenCollectForAllocation", Time since last: 264687584 ns, Reaching safepoint: 87874 ns, At safepoint: 24127295 ns, Total: 24215169 ns
[2020-02-26T09:38:55.367+0000][1][safepoint    ] Safepoint "Cleanup", Time since last: 1000105640 ns, Reaching safepoint: 92124 ns, At safepoint: 9061 ns, Total: 101185 ns
[2020-02-26T09:38:56.368+0000][1][safepoint    ] Safepoint "Cleanup", Time since last: 1000439573 ns, Reaching safepoint: 100690 ns, At safepoint: 24158 ns, Total: 124848 ns
[2020-02-26T09:38:56.591+0000][1][safepoint    ] Safepoint "RevokeBias", Time since last: 223035999 ns, Reaching safepoint: 74998 ns, At safepoint: 49565 ns, Total: 124563 ns
[2020-02-26T09:38:57.592+0000][1][safepoint    ] Safepoint "Cleanup", Time since last: 1000769351 ns, Reaching safepoint: 160838 ns, At safepoint: 13530 ns, Total: 174368 ns
[2020-02-26T09:38:58.592+0000][1][safepoint    ] Safepoint "Cleanup", Time since last: 1000349927 ns, Reaching safepoint: 121111 ns, At safepoint: 9889 ns, Total: 131000 ns
[2020-02-26T09:38:59.110+0000][1][safepoint    ] Safepoint "RevokeBias", Time since last: 516933462 ns, Reaching safepoint: 115652 ns, At safepoint: 55863 ns, Total: 171515 ns
[2020-02-26T09:39:00.111+0000][1][safepoint    ] Safepoint "Cleanup", Time since last: 1001048940 ns, Reaching safepoint: 74194 ns, At safepoint: 7960 ns, Total: 82154 ns
[2020-02-26T09:39:01.111+0000][1][safepoint    ] Safepoint "Cleanup", Time since last: 1000131417 ns, Reaching safepoint: 154333 ns, At safepoint: 10124 ns, Total: 164457 ns
[2020-02-26T09:39:01.626+0000][1][safepoint    ] Safepoint "BulkRevokeBias", Time since last: 514580282 ns, Reaching safepoint: 72029 ns, At safepoint: 363477 ns, Total: 435506 ns
[2020-02-26T09:39:02.629+0000][1][safepoint    ] Safepoint "Cleanup", Time since last: 1002940300 ns, Reaching safepoint: 74767 ns, At safepoint: 9260 ns, Total: 84027 ns
[2020-02-26T09:39:03.630+0000][1][safepoint    ] Safepoint "Cleanup", Time since last: 1000459281 ns, Reaching safepoint: 73394 ns, At safepoint: 9571 ns, Total: 82965 ns
[2020-02-26T09:39:04.136+0000][1][safepoint    ] Safepoint "RevokeBias", Time since last: 506826017 ns, Reaching safepoint: 52956 ns, At safepoint: 46518 ns, Total: 99474 ns
[2020-02-26T09:39:05.146+0000][1][safepoint    ] Safepoint "Cleanup", Time since last: 1009454582 ns, Reaching safepoint: 169885 ns, At safepoint: 13630 ns, Total: 183515 ns
[2020-02-26T09:39:06.147+0000][1][safepoint    ] Safepoint "Cleanup", Time since last: 1000714229 ns, Reaching safepoint: 132827 ns, At safepoint: 12857 ns, Total: 145684 ns
[2020-02-26T09:39:06.643+0000][1][safepoint    ] Safepoint "RevokeBias", Time since last: 495456190 ns, Reaching safepoint: 71984 ns, At safepoint: 19740 ns, Total: 91724 ns
[2020-02-26T09:39:07.643+0000][1][safepoint    ] Safepoint "Cleanup", Time since last: 1000292851 ns, Reaching safepoint: 130048 ns, At safepoint: 12342 ns, Total: 142390 ns
[2020-02-26T09:39:08.644+0000][1][safepoint    ] Safepoint "Cleanup", Time since last: 1000719590 ns, Reaching safepoint: 78540 ns, At safepoint: 10120 ns, Total: 88660 ns
[2020-02-26T09:39:09.147+0000][1][safepoint    ] Safepoint "RevokeBias", Time since last: 503122051 ns, Reaching safepoint: 75232 ns, At safepoint: 19726 ns, Total: 94958 ns
[2020-02-26T09:39:10.150+0000][1][safepoint    ] Safepoint "Cleanup", Time since last: 1002604106 ns, Reaching safepoint: 110645 ns, At safepoint: 16809 ns, Total: 127454 ns
[2020-02-26T09:39:11.151+0000][1][safepoint    ] Safepoint "Cleanup", Time since last: 1001029214 ns, Reaching safepoint: 93548 ns, At safepoint: 9634 ns, Total: 103182 ns
[2020-02-26T09:39:11.652+0000][1][safepoint    ] Safepoint "RevokeBias", Time since last: 501291962 ns, Reaching safepoint: 111683 ns, At safepoint: 31728 ns, Total: 143411 ns
[2020-02-26T09:39:12.653+0000][1][safepoint    ] Safepoint "Cleanup", Time since last: 1000601358 ns, Reaching safepoint: 75687 ns, At safepoint: 8822 ns, Total: 84509 ns
[2020-02-26T09:39:13.654+0000][1][safepoint    ] Safepoint "Cleanup", Time since last: 1000407833 ns, Reaching safepoint: 146740 ns, At safepoint: 13814 ns, Total: 160554 ns
[2020-02-26T09:39:14.157+0000][1][safepoint    ] Safepoint "RevokeBias", Time since last: 503567059 ns, Reaching safepoint: 90785 ns, At safepoint: 20244 ns, Total: 111029 ns
[2020-02-26T09:39:15.164+0000][1][safepoint    ] Safepoint "Cleanup", Time since last: 1006276266 ns, Reaching safepoint: 113155 ns, At safepoint: 10585 ns, Total: 123740 ns
[2020-02-26T09:39:16.164+0000][1][safepoint    ] Safepoint "Cleanup", Time since last: 1000235337 ns, Reaching safepoint: 134913 ns, At safepoint: 12658 ns, Total: 147571 ns
[2020-02-26T09:39:16.662+0000][1][safepoint    ] Safepoint "RevokeBias", Time since last: 497774389 ns, Reaching safepoint: 122387 ns, At safepoint: 32183 ns, Total: 154570 ns
[2020-02-26T09:39:17.662+0000][1][safepoint    ] Safepoint "Cleanup", Time since last: 1000463774 ns, Reaching safepoint: 77282 ns, At safepoint: 8909 ns, Total: 86191 ns
[2020-02-26T09:39:18.663+0000][1][safepoint    ] Safepoint "Cleanup", Time since last: 1000548002 ns, Reaching safepoint: 89400 ns, At safepoint: 9033 ns, Total: 98433 ns
[2020-02-26T09:39:19.165+0000][1][safepoint    ] Safepoint "RevokeBias", Time since last: 502007567 ns, Reaching safepoint: 53114 ns, At safepoint: 17657 ns, Total: 70771 ns
[2020-02-26T09:39:20.167+0000][1][safepoint    ] Safepoint "Cleanup", Time since last: 1002080946 ns, Reaching safepoint: 92218 ns, At safepoint: 10101 ns, Total: 102319 ns
[2020-02-26T09:39:21.169+0000][1][safepoint    ] Safepoint "Cleanup", Time since last: 1001844021 ns, Reaching safepoint: 98248 ns, At safepoint: 9322 ns, Total: 107570 ns
[2020-02-26T09:39:21.676+0000][1][safepoint    ] Safepoint "RevokeBias", Time since last: 506534485 ns, Reaching safepoint: 301104 ns, At safepoint: 23683 ns, Total: 324787 ns
[2020-02-26T09:39:22.677+0000][1][safepoint    ] Safepoint "Cleanup", Time since last: 1000586648 ns, Reaching safepoint: 78265 ns, At safepoint: 10183 ns, Total: 88448 ns
[2020-02-26T09:39:23.678+0000][1][safepoint    ] Safepoint "Cleanup", Time since last: 1000763315 ns, Reaching safepoint: 109642 ns, At safepoint: 11882 ns, Total: 121524 ns
[2020-02-26T09:39:24.182+0000][1][safepoint    ] Safepoint "RevokeBias", Time since last: 504290986 ns, Reaching safepoint: 76663 ns, At safepoint: 20055 ns, Total: 96718 ns
[2020-02-26T09:39:25.183+0000][1][safepoint    ] Safepoint "Cleanup", Time since last: 1000321441 ns, Reaching safepoint: 78674 ns, At safepoint: 9056 ns, Total: 87730 ns
[2020-02-26T09:39:26.184+0000][1][safepoint    ] Safepoint "Cleanup", Time since last: 1001524630 ns, Reaching safepoint: 94402 ns, At safepoint: 12097 ns, Total: 106499 ns
[2020-02-26T09:39:26.697+0000][1][safepoint    ] Safepoint "RevokeBias", Time since last: 513169071 ns, Reaching safepoint: 74577 ns, At safepoint: 19074 ns, Total: 93651 ns
[2020-02-26T09:39:27.698+0000][1][safepoint    ] Safepoint "Cleanup", Time since last: 1000184212 ns, Reaching safepoint: 130391 ns, At safepoint: 9754 ns, Total: 140145 ns
[2020-02-26T09:39:28.699+0000][1][safepoint    ] Safepoint "Cleanup", Time since last: 1000693173 ns, Reaching safepoint: 95757 ns, At safepoint: 9875 ns, Total: 105632 ns
[2020-02-26T09:39:29.203+0000][1][safepoint    ] Safepoint "RevokeBias", Time since last: 504212847 ns, Reaching safepoint: 73590 ns, At safepoint: 35526 ns, Total: 109116 ns
[2020-02-26T09:39:30.203+0000][1][safepoint    ] Safepoint "Cleanup", Time since last: 1000285129 ns, Reaching safepoint: 105564 ns, At safepoint: 12323 ns, Total: 117887 ns
[2020-02-26T09:39:31.204+0000][1][safepoint    ] Safepoint "Cleanup", Time since last: 1000699309 ns, Reaching safepoint: 95512 ns, At safepoint: 9583 ns, Total: 105095 ns
[2020-02-26T09:39:31.722+0000][1][safepoint    ] Safepoint "RevokeBias", Time since last: 517303820 ns, Reaching safepoint: 72325 ns, At safepoint: 98262 ns, Total: 170587 ns
[2020-02-26T09:39:32.723+0000][1][safepoint    ] Safepoint "Cleanup", Time since last: 1000844368 ns, Reaching safepoint: 93140 ns, At safepoint: 9729 ns, Total: 102869 ns
[2020-02-26T09:39:33.723+0000][1][safepoint    ] Safepoint "Cleanup", Time since last: 1000577467 ns, Reaching safepoint: 159354 ns, At safepoint: 9229 ns, Total: 168583 ns
[2020-02-26T09:39:34.233+0000][1][safepoint    ] Safepoint "RevokeBias", Time since last: 509153902 ns, Reaching safepoint: 72944 ns, At safepoint: 18569 ns, Total: 91513 ns
[2020-02-26T09:39:35.234+0000][1][safepoint    ] Safepoint "Cleanup", Time since last: 1000910743 ns, Reaching safepoint: 84202 ns, At safepoint: 10551 ns, Total: 94753 ns
[2020-02-26T09:39:36.234+0000][1][safepoint    ] Safepoint "Cleanup", Time since last: 1000657601 ns, Reaching safepoint: 135902 ns, At safepoint: 13250 ns, Total: 149152 ns
[2020-02-26T09:39:36.745+0000][1][safepoint    ] Safepoint "RevokeBias", Time since last: 510315966 ns, Reaching safepoint: 70195 ns, At safepoint: 19218 ns, Total: 89413 ns
[2020-02-26T09:39:37.746+0000][1][safepoint    ] Safepoint "Cleanup", Time since last: 1001058488 ns, Reaching safepoint: 76841 ns, At safepoint: 8514 ns, Total: 85355 ns
[2020-02-26T09:39:38.746+0000][1][safepoint    ] Safepoint "Cleanup", Time since last: 1000293943 ns, Reaching safepoint: 77125 ns, At safepoint: 10237 ns, Total: 87362 ns
[2020-02-26T09:39:39.252+0000][1][safepoint    ] Safepoint "RevokeBias", Time since last: 505909451 ns, Reaching safepoint: 71775 ns, At safepoint: 19600 ns, Total: 91375 ns
[2020-02-26T09:39:40.253+0000][1][safepoint    ] Safepoint "Cleanup", Time since last: 1000242381 ns, Reaching safepoint: 77218 ns, At safepoint: 10039 ns, Total: 87257 ns
[2020-02-26T09:39:41.253+0000][1][safepoint    ] Safepoint "Cleanup", Time since last: 1000365980 ns, Reaching safepoint: 74242 ns, At safepoint: 7952 ns, Total: 82194 ns
[2020-02-26T09:39:41.756+0000][1][safepoint    ] Safepoint "RevokeBias", Time since last: 503137952 ns, Reaching safepoint: 72122 ns, At safepoint: 112548 ns, Total: 184670 ns
[2020-02-26T09:39:42.760+0000][1][safepoint    ] Safepoint "Cleanup", Time since last: 1003922703 ns, Reaching safepoint: 61389 ns, At safepoint: 8898 ns, Total: 70287 ns
[2020-02-26T09:39:43.761+0000][1][safepoint    ] Safepoint "Cleanup", Time since last: 1000462515 ns, Reaching safepoint: 112175 ns, At safepoint: 8967 ns, Total: 121142 ns
[2020-02-26T09:39:44.262+0000][1][safepoint    ] Safepoint "RevokeBias", Time since last: 500653678 ns, Reaching safepoint: 108331 ns, At safepoint: 30135 ns, Total: 138466 ns
[2020-02-26T09:39:45.263+0000][1][safepoint    ] Safepoint "Cleanup", Time since last: 1000980594 ns, Reaching safepoint: 140984 ns, At safepoint: 12800 ns, Total: 153784 ns
[2020-02-26T09:39:46.263+0000][1][safepoint    ] Safepoint "Cleanup", Time since last: 1000155446 ns, Reaching safepoint: 75094 ns, At safepoint: 8692 ns, Total: 83786 ns
[2020-02-26T09:39:46.768+0000][1][safepoint    ] Safepoint "RevokeBias", Time since last: 504424219 ns, Reaching safepoint: 124575 ns, At safepoint: 22695 ns, Total: 147270 ns
[2020-02-26T09:39:47.858+0000][1][safepoint    ] Safepoint "Cleanup", Time since last: 1090671549 ns, Reaching safepoint: 98621 ns, At safepoint: 8007 ns, Total: 106628 ns
[2020-02-26T09:39:48.859+0000][1][safepoint    ] Safepoint "Cleanup", Time since last: 1000812264 ns, Reaching safepoint: 75111 ns, At safepoint: 8534 ns, Total: 83645 ns
[2020-02-26T09:39:49.273+0000][1][safepoint    ] Safepoint "RevokeBias", Time since last: 413713099 ns, Reaching safepoint: 165115 ns, At safepoint: 26264 ns, Total: 191379 ns
[2020-02-26T09:39:50.274+0000][1][safepoint    ] Safepoint "Cleanup", Time since last: 1000315263 ns, Reaching safepoint: 79549 ns, At safepoint: 10461 ns, Total: 90010 ns
[2020-02-26T09:39:51.274+0000][1][safepoint    ] Safepoint "Cleanup", Time since last: 1000235256 ns, Reaching safepoint: 96777 ns, At safepoint: 25378 ns, Total: 122155 ns
[2020-02-26T09:39:51.779+0000][1][safepoint    ] Safepoint "RevokeBias", Time since last: 505379192 ns, Reaching safepoint: 76448 ns, At safepoint: 19838 ns, Total: 96286 ns
[2020-02-26T09:39:52.780+0000][1][safepoint    ] Safepoint "Cleanup", Time since last: 1000688925 ns, Reaching safepoint: 110741 ns, At safepoint: 12015 ns, Total: 122756 ns
[2020-02-26T09:39:53.786+0000][1][safepoint    ] Safepoint "Cleanup", Time since last: 1005559943 ns, Reaching safepoint: 175603 ns, At safepoint: 32956 ns, Total: 208559 ns
[2020-02-26T09:39:54.285+0000][1][safepoint    ] Safepoint "RevokeBias", Time since last: 498434316 ns, Reaching safepoint: 104761 ns, At safepoint: 22745 ns, Total: 127506 ns
[2020-02-26T09:39:55.285+0000][1][safepoint    ] Safepoint "Cleanup", Time since last: 1000229922 ns, Reaching safepoint: 78735 ns, At safepoint: 8651 ns, Total: 87386 ns
[2020-02-26T09:39:56.285+0000][1][safepoint    ] Safepoint "Cleanup", Time since last: 1000281179 ns, Reaching safepoint: 79580 ns, At safepoint: 9441 ns, Total: 89021 ns
[2020-02-26T09:39:56.791+0000][1][safepoint    ] Safepoint "RevokeBias", Time since last: 505431102 ns, Reaching safepoint: 70753 ns, At safepoint: 20124 ns, Total: 90877 ns
[2020-02-26T09:39:57.791+0000][1][safepoint    ] Safepoint "Cleanup", Time since last: 1000425889 ns, Reaching safepoint: 112813 ns, At safepoint: 13468 ns, Total: 126281 ns
[2020-02-26T09:39:58.792+0000][1][safepoint    ] Safepoint "Cleanup", Time since last: 1000720142 ns, Reaching safepoint: 74271 ns, At safepoint: 8933 ns, Total: 83204 ns
[2020-02-26T09:39:59.299+0000][1][safepoint    ] Safepoint "RevokeBias", Time since last: 506757201 ns, Reaching safepoint: 71466 ns, At safepoint: 19746 ns, Total: 91212 ns
[2020-02-26T09:40:00.300+0000][1][safepoint    ] Safepoint "Cleanup", Time since last: 1000539564 ns, Reaching safepoint: 104821 ns, At safepoint: 9680 ns, Total: 114501 ns
[2020-02-26T09:40:01.301+0000][1][safepoint    ] Safepoint "Cleanup", Time since last: 1000740961 ns, Reaching safepoint: 86310 ns, At safepoint: 9877 ns, Total: 96187 ns
[2020-02-26T09:40:01.809+0000][1][safepoint    ] Safepoint "RevokeBias", Time since last: 508689634 ns, Reaching safepoint: 116134 ns, At safepoint: 29602 ns, Total: 145736 ns
[2020-02-26T09:40:02.810+0000][1][safepoint    ] Safepoint "Cleanup", Time since last: 1000835320 ns, Reaching safepoint: 76597 ns, At safepoint: 8984 ns, Total: 85581 ns
[2020-02-26T09:40:03.811+0000][1][safepoint    ] Safepoint "Cleanup", Time since last: 1000368353 ns, Reaching safepoint: 77375 ns, At safepoint: 9154 ns, Total: 86529 ns
[2020-02-26T09:40:04.319+0000][1][safepoint    ] Safepoint "RevokeBias", Time since last: 507723666 ns, Reaching safepoint: 69511 ns, At safepoint: 19034 ns, Total: 88545 ns
[2020-02-26T09:40:05.319+0000][1][safepoint    ] Safepoint "Cleanup", Time since last: 1000513552 ns, Reaching safepoint: 78251 ns, At safepoint: 9032 ns, Total: 87283 ns
[2020-02-26T09:40:06.319+0000][1][safepoint    ] Safepoint "Cleanup", Time since last: 1000227930 ns, Reaching safepoint: 75315 ns, At safepoint: 8907 ns, Total: 84222 ns
[2020-02-26T09:40:06.830+0000][1][safepoint    ] Safepoint "RevokeBias", Time since last: 509931817 ns, Reaching safepoint: 87580 ns, At safepoint: 20032 ns, Total: 107612 ns
[2020-02-26T09:40:07.830+0000][1][safepoint    ] Safepoint "Cleanup", Time since last: 1000831416 ns, Reaching safepoint: 121913 ns, At safepoint: 11546 ns, Total: 133459 ns
[2020-02-26T09:40:08.831+0000][1][safepoint    ] Safepoint "Cleanup", Time since last: 1000634914 ns, Reaching safepoint: 75117 ns, At safepoint: 9225 ns, Total: 84342 ns
[2020-02-26T09:40:09.340+0000][1][safepoint    ] Safepoint "RevokeBias", Time since last: 508535539 ns, Reaching safepoint: 73066 ns, At safepoint: 20037 ns, Total: 93103 ns
[2020-02-26T09:40:10.341+0000][1][safepoint    ] Safepoint "Cleanup", Time since last: 1000708969 ns, Reaching safepoint: 86490 ns, At safepoint: 10076 ns, Total: 96566 ns
[2020-02-26T09:40:11.341+0000][1][safepoint    ] Safepoint "Cleanup", Time since last: 1000517189 ns, Reaching safepoint: 92045 ns, At safepoint: 9122 ns, Total: 101167 ns
[2020-02-26T09:40:11.851+0000][1][safepoint    ] Safepoint "RevokeBias", Time since last: 509890828 ns, Reaching safepoint: 68700 ns, At safepoint: 19082 ns, Total: 87782 ns
[2020-02-26T09:40:12.852+0000][1][safepoint    ] Safepoint "Cleanup", Time since last: 1000348476 ns, Reaching safepoint: 77163 ns, At safepoint: 8966 ns, Total: 86129 ns
[2020-02-26T09:40:13.852+0000][1][safepoint    ] Safepoint "Cleanup", Time since last: 1000255474 ns, Reaching safepoint: 75594 ns, At safepoint: 8620 ns, Total: 84214 ns
[2020-02-26T09:40:14.356+0000][1][safepoint    ] Safepoint "BulkRevokeBias", Time since last: 503619104 ns, Reaching safepoint: 71467 ns, At safepoint: 181353 ns, Total: 252820 ns
[2020-02-26T09:40:15.357+0000][1][safepoint    ] Safepoint "Cleanup", Time since last: 1001445791 ns, Reaching safepoint: 76280 ns, At safepoint: 8581 ns, Total: 84861 ns
[2020-02-26T09:40:16.358+0000][1][safepoint    ] Safepoint "Cleanup", Time since last: 1000745615 ns, Reaching safepoint: 75949 ns, At safepoint: 9213 ns, Total: 85162 ns
[2020-02-26T09:40:16.866+0000][1][safepoint    ] Safepoint "RevokeBias", Time since last: 508003660 ns, Reaching safepoint: 77274 ns, At safepoint: 37959 ns, Total: 115233 ns
[2020-02-26T09:40:17.867+0000][1][safepoint    ] Safepoint "Cleanup", Time since last: 1000294153 ns, Reaching safepoint: 113972 ns, At safepoint: 26384 ns, Total: 140356 ns
[2020-02-26T09:40:18.867+0000][1][safepoint    ] Safepoint "Cleanup", Time since last: 1000244088 ns, Reaching safepoint: 94532 ns, At safepoint: 9360 ns, Total: 103892 ns
[2020-02-26T09:40:19.372+0000][1][safepoint    ] Safepoint "RevokeBias", Time since last: 504408332 ns, Reaching safepoint: 170596 ns, At safepoint: 53638 ns, Total: 224234 ns
[2020-02-26T09:40:20.374+0000][1][safepoint    ] Safepoint "Cleanup", Time since last: 1001591211 ns, Reaching safepoint: 265017 ns, At safepoint: 20993 ns, Total: 286010 ns
[2020-02-26T09:40:21.375+0000][1][safepoint    ] Safepoint "Cleanup", Time since last: 1001116162 ns, Reaching safepoint: 75761 ns, At safepoint: 9182 ns, Total: 84943 ns
[2020-02-26T09:40:21.878+0000][1][safepoint    ] Safepoint "RevokeBias", Time since last: 502873376 ns, Reaching safepoint: 100694 ns, At safepoint: 24276 ns, Total: 124970 ns
[2020-02-26T09:40:22.878+0000][1][safepoint    ] Safepoint "Cleanup", Time since last: 1000513762 ns, Reaching safepoint: 88948 ns, At safepoint: 7889 ns, Total: 96837 ns
[2020-02-26T09:40:23.879+0000][1][safepoint    ] Safepoint "Cleanup", Time since last: 1000286952 ns, Reaching safepoint: 75117 ns, At safepoint: 7757 ns, Total: 82874 ns
[2020-02-26T09:40:24.386+0000][1][safepoint    ] Safepoint "RevokeBias", Time since last: 506683567 ns, Reaching safepoint: 264759 ns, At safepoint: 34939 ns, Total: 299698 ns
[2020-02-26T09:40:25.386+0000][1][safepoint    ] Safepoint "Cleanup", Time since last: 1000213665 ns, Reaching safepoint: 119009 ns, At safepoint: 12802 ns, Total: 131811 ns
[2020-02-26T09:40:26.396+0000][1][safepoint    ] Safepoint "Cleanup", Time since last: 1010203686 ns, Reaching safepoint: 94500 ns, At safepoint: 8982 ns, Total: 103482 ns
[2020-02-26T09:40:26.894+0000][1][safepoint    ] Safepoint "RevokeBias", Time since last: 497598226 ns, Reaching safepoint: 71873 ns, At safepoint: 53119 ns, Total: 124992 ns
[2020-02-26T09:40:27.895+0000][1][safepoint    ] Safepoint "Cleanup", Time since last: 1000497453 ns, Reaching safepoint: 99162 ns, At safepoint: 11210 ns, Total: 110372 ns
[2020-02-26T09:40:28.895+0000][1][safepoint    ] Safepoint "Cleanup", Time since last: 1000244782 ns, Reaching safepoint: 105363 ns, At safepoint: 14502 ns, Total: 119865 ns
[2020-02-26T09:40:29.397+0000][1][safepoint    ] Safepoint "RevokeBias", Time since last: 501405053 ns, Reaching safepoint: 77307 ns, At safepoint: 20841 ns, Total: 98148 ns
[2020-02-26T09:40:30.397+0000][1][safepoint    ] Safepoint "Cleanup", Time since last: 1000117930 ns, Reaching safepoint: 77111 ns, At safepoint: 8535 ns, Total: 85646 ns
[2020-02-26T09:40:31.399+0000][1][safepoint    ] Safepoint "Cleanup", Time since last: 1001520533 ns, Reaching safepoint: 173504 ns, At safepoint: 10395 ns, Total: 183899 ns
[2020-02-26T09:40:31.904+0000][1][safepoint    ] Safepoint "RevokeBias", Time since last: 504984088 ns, Reaching safepoint: 53481 ns, At safepoint: 18854 ns, Total: 72335 ns
[2020-02-26T09:40:32.904+0000][1][safepoint    ] Safepoint "Cleanup", Time since last: 1000768041 ns, Reaching safepoint: 78454 ns, At safepoint: 9824 ns, Total: 88278 ns
[2020-02-26T09:40:33.905+0000][1][safepoint    ] Safepoint "Cleanup", Time since last: 1000422382 ns, Reaching safepoint: 77213 ns, At safepoint: 9417 ns, Total: 86630 ns
[2020-02-26T09:40:34.407+0000][1][safepoint    ] Safepoint "RevokeBias", Time since last: 501478282 ns, Reaching safepoint: 71074 ns, At safepoint: 18836 ns, Total: 89910 ns
[2020-02-26T09:40:35.407+0000][1][safepoint    ] Safepoint "Cleanup", Time since last: 1000551919 ns, Reaching safepoint: 75696 ns, At safepoint: 8653 ns, Total: 84349 ns
[2020-02-26T09:40:36.414+0000][1][safepoint    ] Safepoint "Cleanup", Time since last: 1006855652 ns, Reaching safepoint: 99087 ns, At safepoint: 9425 ns, Total: 108512 ns
[2020-02-26T09:40:36.932+0000][1][safepoint    ] Safepoint "RevokeBias", Time since last: 517419014 ns, Reaching safepoint: 87828 ns, At safepoint: 22460 ns, Total: 110288 ns
[2020-02-26T09:40:37.932+0000][1][safepoint    ] Safepoint "Cleanup", Time since last: 1000230161 ns, Reaching safepoint: 75595 ns, At safepoint: 9053 ns, Total: 84648 ns
[2020-02-26T09:40:38.932+0000][1][safepoint    ] Safepoint "Cleanup", Time since last: 1000204558 ns, Reaching safepoint: 72851 ns, At safepoint: 8475 ns, Total: 81326 ns
[2020-02-26T09:40:39.441+0000][1][safepoint    ] Safepoint "RevokeBias", Time since last: 508325573 ns, Reaching safepoint: 90023 ns, At safepoint: 20071 ns, Total: 110094 ns
[2020-02-26T09:40:40.441+0000][1][safepoint    ] Safepoint "Cleanup", Time since last: 1000370396 ns, Reaching safepoint: 78390 ns, At safepoint: 9531 ns, Total: 87921 ns
[2020-02-26T09:40:41.442+0000][1][safepoint    ] Safepoint "Cleanup", Time since last: 1000384508 ns, Reaching safepoint: 92270 ns, At safepoint: 10827 ns, Total: 103097 ns
[2020-02-26T09:40:41.961+0000][1][safepoint    ] Safepoint "RevokeBias", Time since last: 518758387 ns, Reaching safepoint: 131189 ns, At safepoint: 115762 ns, Total: 246951 ns
[2020-02-26T09:40:42.961+0000][1][safepoint    ] Safepoint "Cleanup", Time since last: 1000560060 ns, Reaching safepoint: 76851 ns, At safepoint: 9274 ns, Total: 86125 ns
[2020-02-26T09:40:43.962+0000][1][safepoint    ] Safepoint "Cleanup", Time since last: 1000389133 ns, Reaching safepoint: 92427 ns, At safepoint: 9431 ns, Total: 101858 ns
[2020-02-26T09:40:44.471+0000][1][safepoint    ] Safepoint "RevokeBias", Time since last: 509281043 ns, Reaching safepoint: 69633 ns, At safepoint: 18856 ns, Total: 88489 ns
[2020-02-26T09:40:45.472+0000][1][safepoint    ] Safepoint "Cleanup", Time since last: 1000232357 ns, Reaching safepoint: 89538 ns, At safepoint: 9167 ns, Total: 98705 ns
[2020-02-26T09:40:46.472+0000][1][safepoint    ] Safepoint "Cleanup", Time since last: 1000815985 ns, Reaching safepoint: 88331 ns, At safepoint: 8727 ns, Total: 97058 ns
[2020-02-26T09:40:46.985+0000][1][safepoint    ] Safepoint "RevokeBias", Time since last: 512071192 ns, Reaching safepoint: 74381 ns, At safepoint: 703079 ns, Total: 777460 ns
[2020-02-26T09:40:47.986+0000][1][safepoint    ] Safepoint "Cleanup", Time since last: 1000838943 ns, Reaching safepoint: 97982 ns, At safepoint: 9372 ns, Total: 107354 ns
[2020-02-26T09:40:48.987+0000][1][safepoint    ] Safepoint "Cleanup", Time since last: 1000275404 ns, Reaching safepoint: 79150 ns, At safepoint: 9171 ns, Total: 88321 ns
[2020-02-26T09:40:49.491+0000][1][safepoint    ] Safepoint "RevokeBias", Time since last: 504314553 ns, Reaching safepoint: 72540 ns, At safepoint: 37490 ns, Total: 110030 ns
[2020-02-26T09:40:50.492+0000][1][safepoint    ] Safepoint "Cleanup", Time since last: 1000442111 ns, Reaching safepoint: 180213 ns, At safepoint: 10021 ns, Total: 190234 ns
[2020-02-26T09:40:51.492+0000][1][safepoint    ] Safepoint "Cleanup", Time since last: 1000270026 ns, Reaching safepoint: 76669 ns, At safepoint: 8628 ns, Total: 85297 ns
[2020-02-26T09:40:51.996+0000][1][safepoint    ] Safepoint "RevokeBias", Time since last: 504392208 ns, Reaching safepoint: 69708 ns, At safepoint: 19346 ns, Total: 89054 ns
[2020-02-26T09:40:53.000+0000][1][safepoint    ] Safepoint "Cleanup", Time since last: 1003772250 ns, Reaching safepoint: 92512 ns, At safepoint: 8463 ns, Total: 100975 ns
[2020-02-26T09:40:54.001+0000][1][safepoint    ] Safepoint "Cleanup", Time since last: 1000514085 ns, Reaching safepoint: 78317 ns, At safepoint: 8963 ns, Total: 87280 ns
[2020-02-26T09:40:54.502+0000][1][safepoint    ] Safepoint "RevokeBias", Time since last: 501102638 ns, Reaching safepoint: 70841 ns, At safepoint: 19812 ns, Total: 90653 ns
[2020-02-26T09:40:55.503+0000][1][safepoint    ] Safepoint "Cleanup", Time since last: 1000465288 ns, Reaching safepoint: 78291 ns, At safepoint: 8980 ns, Total: 87271 ns
[2020-02-26T09:40:56.503+0000][1][safepoint    ] Safepoint "Cleanup", Time since last: 1000638209 ns, Reaching safepoint: 99739 ns, At safepoint: 9400 ns, Total: 109139 ns
[2020-02-26T09:40:57.009+0000][1][safepoint    ] Safepoint "RevokeBias", Time since last: 505248047 ns, Reaching safepoint: 70270 ns, At safepoint: 20030 ns, Total: 90300 ns
[2020-02-26T09:40:58.011+0000][1][safepoint    ] Safepoint "Cleanup", Time since last: 1002497058 ns, Reaching safepoint: 93395 ns, At safepoint: 8690 ns, Total: 102085 ns
[2020-02-26T09:40:59.012+0000][1][safepoint    ] Safepoint "Cleanup", Time since last: 1000753062 ns, Reaching safepoint: 74746 ns, At safepoint: 9661 ns, Total: 84407 ns
[2020-02-26T09:40:59.513+0000][1][safepoint    ] Safepoint "RevokeBias", Time since last: 500196275 ns, Reaching safepoint: 91965 ns, At safepoint: 37139 ns, Total: 129104 ns
[2020-02-26T09:41:00.513+0000][1][safepoint    ] Safepoint "Cleanup", Time since last: 1000423637 ns, Reaching safepoint: 72490 ns, At safepoint: 8422 ns, Total: 80912 ns
[2020-02-26T09:41:01.514+0000][1][safepoint    ] Safepoint "Cleanup", Time since last: 1000651795 ns, Reaching safepoint: 108738 ns, At safepoint: 149589 ns, Total: 258327 ns
[2020-02-26T09:41:02.018+0000][1][safepoint    ] Safepoint "RevokeBias", Time since last: 504059692 ns, Reaching safepoint: 69182 ns, At safepoint: 18984 ns, Total: 88166 ns
[2020-02-26T09:41:03.022+0000][1][safepoint    ] Safepoint "Cleanup", Time since last: 1003628115 ns, Reaching safepoint: 134242 ns, At safepoint: 13167 ns, Total: 147409 ns
[2020-02-26T09:41:04.023+0000][1][safepoint    ] Safepoint "Cleanup", Time since last: 1001254190 ns, Reaching safepoint: 169719 ns, At safepoint: 26010 ns, Total: 195729 ns
[2020-02-26T09:41:04.523+0000][1][safepoint    ] Safepoint "RevokeBias", Time since last: 499940738 ns, Reaching safepoint: 71059 ns, At safepoint: 19747 ns, Total: 90806 ns
[2020-02-26T09:41:05.524+0000][1][safepoint    ] Safepoint "Cleanup", Time since last: 1000480463 ns, Reaching safepoint: 96375 ns, At safepoint: 11865 ns, Total: 108240 ns
[2020-02-26T09:41:06.524+0000][1][safepoint    ] Safepoint "Cleanup", Time since last: 1000121976 ns, Reaching safepoint: 93049 ns, At safepoint: 9425 ns, Total: 102474 ns
[2020-02-26T09:41:07.045+0000][1][safepoint    ] Safepoint "RevokeBias", Time since last: 520906924 ns, Reaching safepoint: 73249 ns, At safepoint: 20353 ns, Total: 93602 ns
[2020-02-26T09:41:08.046+0000][1][safepoint    ] Safepoint "Cleanup", Time since last: 1000545738 ns, Reaching safepoint: 94556 ns, At safepoint: 8755 ns, Total: 103311 ns
[2020-02-26T09:41:09.055+0000][1][safepoint    ] Safepoint "Cleanup", Time since last: 1008730893 ns, Reaching safepoint: 73678 ns, At safepoint: 8018 ns, Total: 81696 ns
[2020-02-26T09:41:09.550+0000][1][safepoint    ] Safepoint "RevokeBias", Time since last: 495075398 ns, Reaching safepoint: 73150 ns, At safepoint: 38049 ns, Total: 111199 ns
[2020-02-26T09:41:10.550+0000][1][safepoint    ] Safepoint "Cleanup", Time since last: 1000520136 ns, Reaching safepoint: 83520 ns, At safepoint: 9808 ns, Total: 93328 ns
[2020-02-26T09:41:11.551+0000][1][safepoint    ] Safepoint "Cleanup", Time since last: 1000273408 ns, Reaching safepoint: 99936 ns, At safepoint: 9857 ns, Total: 109793 ns
[2020-02-26T09:41:12.055+0000][1][safepoint    ] Safepoint "RevokeBias", Time since last: 504335645 ns, Reaching safepoint: 104811 ns, At safepoint: 20763 ns, Total: 125574 ns
[2020-02-26T09:41:13.056+0000][1][safepoint    ] Safepoint "Cleanup", Time since last: 1000748471 ns, Reaching safepoint: 113858 ns, At safepoint: 9933 ns, Total: 123791 ns
[2020-02-26T09:41:14.061+0000][1][safepoint    ] Safepoint "Cleanup", Time since last: 1005186018 ns, Reaching safepoint: 95152 ns, At safepoint: 9864 ns, Total: 105016 ns
[2020-02-26T09:41:14.465+0000][1][gc,start     ] GC(60) Pause Young (Allocation Failure)
[2020-02-26T09:41:14.465+0000][1][gc,task      ] GC(60) Using 1 workers of 1 for evacuation
[2020-02-26T09:41:14.494+0000][1][gc,age       ] GC(60) Desired survivor size 4358144 bytes, new threshold 6 (max threshold 6)
[2020-02-26T09:41:14.494+0000][1][gc,age       ] GC(60) Age table with threshold 6 (max threshold 6)
[2020-02-26T09:41:14.494+0000][1][gc,age       ] GC(60) - age   1:      12208 bytes,      12208 total
[2020-02-26T09:41:14.494+0000][1][gc,age       ] GC(60) - age   2:        328 bytes,      12536 total
[2020-02-26T09:41:14.494+0000][1][gc,age       ] GC(60) - age   3:      17544 bytes,      30080 total
[2020-02-26T09:41:14.494+0000][1][gc,age       ] GC(60) - age   4:        440 bytes,      30520 total
[2020-02-26T09:41:14.494+0000][1][gc,age       ] GC(60) - age   5:      12128 bytes,      42648 total
[2020-02-26T09:41:14.494+0000][1][gc,age       ] GC(60) - age   6:        128 bytes,      42776 total
[2020-02-26T09:41:14.494+0000][1][gc,heap      ] GC(60) ParNew: 68237K->51K(76672K)
[2020-02-26T09:41:14.494+0000][1][gc,heap      ] GC(60) CMS: 62626K->62627K(963392K)
[2020-02-26T09:41:14.494+0000][1][gc,metaspace ] GC(60) Metaspace: 79683K->79683K(1122304K)
[2020-02-26T09:41:14.494+0000][1][gc           ] GC(60) Pause Young (Allocation Failure) 127M->61M(1015M) 28.701ms
[2020-02-26T09:41:14.494+0000][1][gc,cpu       ] GC(60) User=0.01s Sys=0.00s Real=0.03s
[2020-02-26T09:41:14.494+0000][1][safepoint    ] Safepoint "GenCollectForAllocation", Time since last: 403571508 ns, Reaching safepoint: 71876 ns, At safepoint: 28845159 ns, Total: 28917035 ns
[2020-02-26T09:41:14.565+0000][1][safepoint    ] Safepoint "RevokeBias", Time since last: 70804828 ns, Reaching safepoint: 70447 ns, At safepoint: 34659 ns, Total: 105106 ns
[2020-02-26T09:41:15.565+0000][1][safepoint    ] Safepoint "Cleanup", Time since last: 1000187998 ns, Reaching safepoint: 77079 ns, At safepoint: 9129 ns, Total: 86208 ns
[2020-02-26T09:41:16.566+0000][1][safepoint    ] Safepoint "Cleanup", Time since last: 1000767647 ns, Reaching safepoint: 80380 ns, At safepoint: 10361 ns, Total: 90741 ns
[2020-02-26T09:41:17.077+0000][1][safepoint    ] Safepoint "RevokeBias", Time since last: 510999223 ns, Reaching safepoint: 76888 ns, At safepoint: 19901 ns, Total: 96789 ns
[2020-02-26T09:41:18.078+0000][1][safepoint    ] Safepoint "Cleanup", Time since last: 1000624149 ns, Reaching safepoint: 93364 ns, At safepoint: 9802 ns, Total: 103166 ns
[2020-02-26T09:41:19.079+0000][1][safepoint    ] Safepoint "Cleanup", Time since last: 1001387635 ns, Reaching safepoint: 73802 ns, At safepoint: 8933 ns, Total: 82735 ns
[2020-02-26T09:41:19.591+0000][1][safepoint    ] Safepoint "RevokeBias", Time since last: 511486748 ns, Reaching safepoint: 68998 ns, At safepoint: 19908 ns, Total: 88906 ns
[2020-02-26T09:41:20.591+0000][1][safepoint    ] Safepoint "Cleanup", Time since last: 1000362989 ns, Reaching safepoint: 93489 ns, At safepoint: 10825 ns, Total: 104314 ns
[2020-02-26T09:41:21.592+0000][1][safepoint    ] Safepoint "Cleanup", Time since last: 1000737927 ns, Reaching safepoint: 75984 ns, At safepoint: 8416 ns, Total: 84400 ns
[2020-02-26T09:41:22.100+0000][1][safepoint    ] Safepoint "RevokeBias", Time since last: 507763522 ns, Reaching safepoint: 69594 ns, At safepoint: 19442 ns, Total: 89036 ns
[2020-02-26T09:41:23.100+0000][1][safepoint    ] Safepoint "Cleanup", Time since last: 1000177913 ns, Reaching safepoint: 77985 ns, At safepoint: 9941 ns, Total: 87926 ns
[2020-02-26T09:41:24.101+0000][1][safepoint    ] Safepoint "Cleanup", Time since last: 1000517108 ns, Reaching safepoint: 118907 ns, At safepoint: 13345 ns, Total: 132252 ns
[2020-02-26T09:41:24.622+0000][1][safepoint    ] Safepoint "RevokeBias", Time since last: 521377599 ns, Reaching safepoint: 71156 ns, At safepoint: 19804 ns, Total: 90960 ns
[2020-02-26T09:41:25.623+0000][1][safepoint    ] Safepoint "Cleanup", Time since last: 1000500914 ns, Reaching safepoint: 95378 ns, At safepoint: 9211 ns, Total: 104589 ns
[2020-02-26T09:41:26.623+0000][1][safepoint    ] Safepoint "Cleanup", Time since last: 1000391248 ns, Reaching safepoint: 97364 ns, At safepoint: 13512 ns, Total: 110876 ns
[2020-02-26T09:41:27.134+0000][1][safepoint    ] Safepoint "BulkRevokeBias", Time since last: 510382045 ns, Reaching safepoint: 73456 ns, At safepoint: 269787 ns, Total: 343243 ns
[2020-02-26T09:41:28.135+0000][1][safepoint    ] Safepoint "Cleanup", Time since last: 1000645438 ns, Reaching safepoint: 78418 ns, At safepoint: 9459 ns, Total: 87877 ns
[2020-02-26T09:41:29.135+0000][1][safepoint    ] Safepoint "Cleanup", Time since last: 1000456345 ns, Reaching safepoint: 76885 ns, At safepoint: 9464 ns, Total: 86349 ns
[2020-02-26T09:41:29.639+0000][1][safepoint    ] Safepoint "RevokeBias", Time since last: 503310921 ns, Reaching safepoint: 104786 ns, At safepoint: 30030 ns, Total: 134816 ns
[2020-02-26T09:41:30.640+0000][1][safepoint    ] Safepoint "Cleanup", Time since last: 1000686412 ns, Reaching safepoint: 88229 ns, At safepoint: 8793 ns, Total: 97022 ns
[2020-02-26T09:41:31.640+0000][1][safepoint    ] Safepoint "Cleanup", Time since last: 1000322784 ns, Reaching safepoint: 108976 ns, At safepoint: 9776 ns, Total: 118752 ns
[2020-02-26T09:41:32.147+0000][1][safepoint    ] Safepoint "RevokeBias", Time since last: 506551213 ns, Reaching safepoint: 73334 ns, At safepoint: 36408 ns, Total: 109742 ns
[2020-02-26T09:41:33.148+0000][1][safepoint    ] Safepoint "Cleanup", Time since last: 1000922086 ns, Reaching safepoint: 184222 ns, At safepoint: 9718 ns, Total: 193940 ns
[2020-02-26T09:41:34.149+0000][1][safepoint    ] Safepoint "Cleanup", Time since last: 1000684417 ns, Reaching safepoint: 91869 ns, At safepoint: 9245 ns, Total: 101114 ns
[2020-02-26T09:41:34.656+0000][1][safepoint    ] Safepoint "RevokeBias", Time since last: 505913292 ns, Reaching safepoint: 1351817 ns, At safepoint: 34907 ns, Total: 1386724 ns
[2020-02-26T09:41:35.659+0000][1][safepoint    ] Safepoint "Cleanup", Time since last: 1003025512 ns, Reaching safepoint: 61960 ns, At safepoint: 25228 ns, Total: 87188 ns
[2020-02-26T09:41:36.660+0000][1][safepoint    ] Safepoint "Cleanup", Time since last: 1000527047 ns, Reaching safepoint: 90753 ns, At safepoint: 8214 ns, Total: 98967 ns
[2020-02-26T09:41:37.160+0000][1][safepoint    ] Safepoint "RevokeBias", Time since last: 500098469 ns, Reaching safepoint: 69927 ns, At safepoint: 19790 ns, Total: 89717 ns
[2020-02-26T09:41:38.161+0000][1][safepoint    ] Safepoint "Cleanup", Time since last: 1000452187 ns, Reaching safepoint: 114858 ns, At safepoint: 9710 ns, Total: 124568 ns
[2020-02-26T09:41:39.161+0000][1][safepoint    ] Safepoint "Cleanup", Time since last: 1000298543 ns, Reaching safepoint: 91862 ns, At safepoint: 9284 ns, Total: 101146 ns
[2020-02-26T09:41:39.664+0000][1][safepoint    ] Safepoint "RevokeBias", Time since last: 503235420 ns, Reaching safepoint: 74412 ns, At safepoint: 36563 ns, Total: 110975 ns
[2020-02-26T09:41:40.668+0000][1][safepoint    ] Safepoint "Cleanup", Time since last: 1003691117 ns, Reaching safepoint: 119535 ns, At safepoint: 10538 ns, Total: 130073 ns
[2020-02-26T09:41:41.669+0000][1][safepoint    ] Safepoint "Cleanup", Time since last: 1000864300 ns, Reaching safepoint: 76029 ns, At safepoint: 8708 ns, Total: 84737 ns
[2020-02-26T09:41:42.169+0000][1][safepoint    ] Safepoint "RevokeBias", Time since last: 499364266 ns, Reaching safepoint: 85881 ns, At safepoint: 24175 ns, Total: 110056 ns
[2020-02-26T09:41:43.169+0000][1][safepoint    ] Safepoint "Cleanup", Time since last: 1000324465 ns, Reaching safepoint: 135253 ns, At safepoint: 9589 ns, Total: 144842 ns
[2020-02-26T09:41:44.170+0000][1][safepoint    ] Safepoint "Cleanup", Time since last: 1000720103 ns, Reaching safepoint: 115142 ns, At safepoint: 8988 ns, Total: 124130 ns
[2020-02-26T09:41:44.673+0000][1][safepoint    ] Safepoint "RevokeBias", Time since last: 503209277 ns, Reaching safepoint: 85009 ns, At safepoint: 19587 ns, Total: 104596 ns
[2020-02-26T09:41:45.674+0000][1][safepoint    ] Safepoint "Cleanup", Time since last: 1000967976 ns, Reaching safepoint: 111763 ns, At safepoint: 13313 ns, Total: 125076 ns
[2020-02-26T09:41:46.683+0000][1][safepoint    ] Safepoint "Cleanup", Time since last: 1008262672 ns, Reaching safepoint: 101551 ns, At safepoint: 10114 ns, Total: 111665 ns
[2020-02-26T09:41:47.180+0000][1][safepoint    ] Safepoint "RevokeBias", Time since last: 497296737 ns, Reaching safepoint: 73242 ns, At safepoint: 20142 ns, Total: 93384 ns
[2020-02-26T09:41:48.181+0000][1][safepoint    ] Safepoint "Cleanup", Time since last: 1000673622 ns, Reaching safepoint: 78606 ns, At safepoint: 10107 ns, Total: 88713 ns
[2020-02-26T09:41:49.181+0000][1][safepoint    ] Safepoint "Cleanup", Time since last: 1000239453 ns, Reaching safepoint: 103317 ns, At safepoint: 11588 ns, Total: 114905 ns
[2020-02-26T09:41:49.684+0000][1][safepoint    ] Safepoint "RevokeBias", Time since last: 502319464 ns, Reaching safepoint: 69608 ns, At safepoint: 19813 ns, Total: 89421 ns
[2020-02-26T09:41:50.684+0000][1][safepoint    ] Safepoint "Cleanup", Time since last: 1000418144 ns, Reaching safepoint: 73231 ns, At safepoint: 9088 ns, Total: 82319 ns
[2020-02-26T09:41:51.686+0000][1][safepoint    ] Safepoint "Cleanup", Time since last: 1001536750 ns, Reaching safepoint: 141852 ns, At safepoint: 9931 ns, Total: 151783 ns
[2020-02-26T09:41:52.194+0000][1][safepoint    ] Safepoint "RevokeBias", Time since last: 508517281 ns, Reaching safepoint: 51975 ns, At safepoint: 17317 ns, Total: 69292 ns
[2020-02-26T09:41:53.195+0000][1][safepoint    ] Safepoint "Cleanup", Time since last: 1000941336 ns, Reaching safepoint: 78188 ns, At safepoint: 9081 ns, Total: 87269 ns
[2020-02-26T09:41:54.196+0000][1][safepoint    ] Safepoint "Cleanup", Time since last: 1000449988 ns, Reaching safepoint: 75960 ns, At safepoint: 9330 ns, Total: 85290 ns
[2020-02-26T09:41:54.701+0000][1][safepoint    ] Safepoint "RevokeBias", Time since last: 505035222 ns, Reaching safepoint: 70982 ns, At safepoint: 19839 ns, Total: 90821 ns
[2020-02-26T09:41:55.701+0000][1][safepoint    ] Safepoint "Cleanup", Time since last: 1000155841 ns, Reaching safepoint: 75531 ns, At safepoint: 8776 ns, Total: 84307 ns
[2020-02-26T09:41:56.703+0000][1][safepoint    ] Safepoint "Cleanup", Time since last: 1002114351 ns, Reaching safepoint: 75140 ns, At safepoint: 9104 ns, Total: 84244 ns
[2020-02-26T09:41:57.217+0000][1][safepoint    ] Safepoint "RevokeBias", Time since last: 513575817 ns, Reaching safepoint: 164258 ns, At safepoint: 38766 ns, Total: 203024 ns
[2020-02-26T09:41:58.218+0000][1][safepoint    ] Safepoint "Cleanup", Time since last: 1000204776 ns, Reaching safepoint: 77898 ns, At safepoint: 8995 ns, Total: 86893 ns
[2020-02-26T09:41:59.218+0000][1][safepoint    ] Safepoint "Cleanup", Time since last: 1000127594 ns, Reaching safepoint: 79200 ns, At safepoint: 9450 ns, Total: 88650 ns
[2020-02-26T09:41:59.728+0000][1][safepoint    ] Safepoint "RevokeBias", Time since last: 510527765 ns, Reaching safepoint: 158841 ns, At safepoint: 25584 ns, Total: 184425 ns
[2020-02-26T09:42:00.729+0000][1][safepoint    ] Safepoint "Cleanup", Time since last: 1000285988 ns, Reaching safepoint: 123021 ns, At safepoint: 15791 ns, Total: 138812 ns
[2020-02-26T09:42:01.730+0000][1][safepoint    ] Safepoint "Cleanup", Time since last: 1000620968 ns, Reaching safepoint: 76508 ns, At safepoint: 9222 ns, Total: 85730 ns
[2020-02-26T09:42:02.240+0000][1][safepoint    ] Safepoint "RevokeBias", Time since last: 510397148 ns, Reaching safepoint: 89392 ns, At safepoint: 25075 ns, Total: 114467 ns
[2020-02-26T09:42:03.241+0000][1][safepoint    ] Safepoint "Cleanup", Time since last: 1000529260 ns, Reaching safepoint: 78997 ns, At safepoint: 8875 ns, Total: 87872 ns
[2020-02-26T09:42:04.241+0000][1][safepoint    ] Safepoint "Cleanup", Time since last: 1000656234 ns, Reaching safepoint: 95258 ns, At safepoint: 12501 ns, Total: 107759 ns
[2020-02-26T09:42:04.752+0000][1][safepoint    ] Safepoint "RevokeBias", Time since last: 509957266 ns, Reaching safepoint: 78456 ns, At safepoint: 20637 ns, Total: 99093 ns
[2020-02-26T09:42:05.752+0000][1][safepoint    ] Safepoint "Cleanup", Time since last: 1000284926 ns, Reaching safepoint: 77278 ns, At safepoint: 9688 ns, Total: 86966 ns
[2020-02-26T09:42:06.752+0000][1][safepoint    ] Safepoint "Cleanup", Time since last: 1000209021 ns, Reaching safepoint: 77181 ns, At safepoint: 10431 ns, Total: 87612 ns
[2020-02-26T09:42:07.258+0000][1][safepoint    ] Safepoint "RevokeBias", Time since last: 505424439 ns, Reaching safepoint: 83395 ns, At safepoint: 21144 ns, Total: 104539 ns
[2020-02-26T09:42:08.262+0000][1][safepoint    ] Safepoint "Cleanup", Time since last: 1004030246 ns, Reaching safepoint: 128102 ns, At safepoint: 8990 ns, Total: 137092 ns
[2020-02-26T09:42:09.263+0000][1][safepoint    ] Safepoint "Cleanup", Time since last: 1000610353 ns, Reaching safepoint: 80583 ns, At safepoint: 9929 ns, Total: 90512 ns
[2020-02-26T09:42:09.762+0000][1][safepoint    ] Safepoint "RevokeBias", Time since last: 499044139 ns, Reaching safepoint: 93633 ns, At safepoint: 36592 ns, Total: 130225 ns
[2020-02-26T09:42:10.762+0000][1][safepoint    ] Safepoint "Cleanup", Time since last: 1000138042 ns, Reaching safepoint: 81325 ns, At safepoint: 9039 ns, Total: 90364 ns
[2020-02-26T09:42:11.762+0000][1][safepoint    ] Safepoint "Cleanup", Time since last: 1000143633 ns, Reaching safepoint: 110794 ns, At safepoint: 15413 ns, Total: 126207 ns
[2020-02-26T09:42:12.269+0000][1][safepoint    ] Safepoint "RevokeBias", Time since last: 506701645 ns, Reaching safepoint: 168553 ns, At safepoint: 84388 ns, Total: 252941 ns
[2020-02-26T09:42:13.275+0000][1][safepoint    ] Safepoint "Cleanup", Time since last: 1005351655 ns, Reaching safepoint: 136799 ns, At safepoint: 10140 ns, Total: 146939 ns
[2020-02-26T09:42:14.275+0000][1][safepoint    ] Safepoint "Cleanup", Time since last: 1000426033 ns, Reaching safepoint: 75254 ns, At safepoint: 7906 ns, Total: 83160 ns
[2020-02-26T09:42:14.774+0000][1][safepoint    ] Safepoint "RevokeBias", Time since last: 498621147 ns, Reaching safepoint: 115837 ns, At safepoint: 40855 ns, Total: 156692 ns
[2020-02-26T09:42:15.775+0000][1][safepoint    ] Safepoint "Cleanup", Time since last: 1000764968 ns, Reaching safepoint: 96794 ns, At safepoint: 12496 ns, Total: 109290 ns
[2020-02-26T09:42:16.776+0000][1][safepoint    ] Safepoint "Cleanup", Time since last: 1000734816 ns, Reaching safepoint: 93327 ns, At safepoint: 9394 ns, Total: 102721 ns
[2020-02-26T09:42:17.281+0000][1][safepoint    ] Safepoint "RevokeBias", Time since last: 505019344 ns, Reaching safepoint: 73779 ns, At safepoint: 20277 ns, Total: 94056 ns
[2020-02-26T09:42:18.284+0000][1][safepoint    ] Safepoint "Cleanup", Time since last: 1002974448 ns, Reaching safepoint: 191326 ns, At safepoint: 34777 ns, Total: 226103 ns
[2020-02-26T09:42:19.567+0000][1][safepoint    ] Safepoint "Cleanup", Time since last: 1282501888 ns, Reaching safepoint: 74223 ns, At safepoint: 8293 ns, Total: 82516 ns
[2020-02-26T09:42:19.785+0000][1][safepoint    ] Safepoint "RevokeBias", Time since last: 218617147 ns, Reaching safepoint: 53216 ns, At safepoint: 18633 ns, Total: 71849 ns
[2020-02-26T09:42:20.786+0000][1][safepoint    ] Safepoint "Cleanup", Time since last: 1000520259 ns, Reaching safepoint: 83965 ns, At safepoint: 10000 ns, Total: 93965 ns
[2020-02-26T09:42:21.786+0000][1][safepoint    ] Safepoint "Cleanup", Time since last: 1000181977 ns, Reaching safepoint: 77295 ns, At safepoint: 9002 ns, Total: 86297 ns
[2020-02-26T09:42:22.291+0000][1][safepoint    ] Safepoint "RevokeBias", Time since last: 504463076 ns, Reaching safepoint: 74073 ns, At safepoint: 20196 ns, Total: 94269 ns
[2020-02-26T09:42:23.291+0000][1][safepoint    ] Safepoint "Cleanup", Time since last: 1000530242 ns, Reaching safepoint: 75949 ns, At safepoint: 10245 ns, Total: 86194 ns
[2020-02-26T09:42:24.292+0000][1][safepoint    ] Safepoint "Cleanup", Time since last: 1000278619 ns, Reaching safepoint: 75205 ns, At safepoint: 8163 ns, Total: 83368 ns
[2020-02-26T09:42:24.794+0000][1][safepoint    ] Safepoint "RevokeBias", Time since last: 501770533 ns, Reaching safepoint: 75598 ns, At safepoint: 19868 ns, Total: 95466 ns
[2020-02-26T09:42:25.794+0000][1][safepoint    ] Safepoint "Cleanup", Time since last: 1000178617 ns, Reaching safepoint: 77025 ns, At safepoint: 8929 ns, Total: 85954 ns
[2020-02-26T09:42:26.796+0000][1][safepoint    ] Safepoint "Cleanup", Time since last: 1001243012 ns, Reaching safepoint: 442062 ns, At safepoint: 15273 ns, Total: 457335 ns
[2020-02-26T09:42:27.299+0000][1][safepoint    ] Safepoint "RevokeBias", Time since last: 503357606 ns, Reaching safepoint: 146664 ns, At safepoint: 21262 ns, Total: 167926 ns
[2020-02-26T09:42:28.300+0000][1][safepoint    ] Safepoint "Cleanup", Time since last: 1000408803 ns, Reaching safepoint: 90397 ns, At safepoint: 10135 ns, Total: 100532 ns
[2020-02-26T09:42:29.302+0000][1][safepoint    ] Safepoint "Cleanup", Time since last: 1001998979 ns, Reaching safepoint: 60816 ns, At safepoint: 8906 ns, Total: 69722 ns
[2020-02-26T09:42:29.819+0000][1][safepoint    ] Safepoint "RevokeBias", Time since last: 517377406 ns, Reaching safepoint: 115855 ns, At safepoint: 22629 ns, Total: 138484 ns
[2020-02-26T09:42:30.820+0000][1][safepoint    ] Safepoint "Cleanup", Time since last: 1000397373 ns, Reaching safepoint: 95914 ns, At safepoint: 13056 ns, Total: 108970 ns
[2020-02-26T09:42:31.820+0000][1][safepoint    ] Safepoint "Cleanup", Time since last: 1000303450 ns, Reaching safepoint: 86285 ns, At safepoint: 11450 ns, Total: 97735 ns
[2020-02-26T09:42:32.331+0000][1][safepoint    ] Safepoint "RevokeBias", Time since last: 510406938 ns, Reaching safepoint: 95742 ns, At safepoint: 29238 ns, Total: 124980 ns
[2020-02-26T09:42:33.331+0000][1][safepoint    ] Safepoint "Cleanup", Time since last: 1000390178 ns, Reaching safepoint: 144433 ns, At safepoint: 13020 ns, Total: 157453 ns
[2020-02-26T09:42:34.333+0000][1][safepoint    ] Safepoint "Cleanup", Time since last: 1001594135 ns, Reaching safepoint: 92594 ns, At safepoint: 9289 ns, Total: 101883 ns
[2020-02-26T09:42:34.846+0000][1][safepoint    ] Safepoint "RevokeBias", Time since last: 512831341 ns, Reaching safepoint: 68187 ns, At safepoint: 36386 ns, Total: 104573 ns
[2020-02-26T09:42:35.846+0000][1][safepoint    ] Safepoint "Cleanup", Time since last: 1000422411 ns, Reaching safepoint: 79957 ns, At safepoint: 26517 ns, Total: 106474 ns
[2020-02-26T09:42:36.847+0000][1][safepoint    ] Safepoint "Cleanup", Time since last: 1000484227 ns, Reaching safepoint: 120022 ns, At safepoint: 14608 ns, Total: 134630 ns
[2020-02-26T09:42:37.360+0000][1][safepoint    ] Safepoint "RevokeBias", Time since last: 512892765 ns, Reaching safepoint: 106186 ns, At safepoint: 41078 ns, Total: 147264 ns
[2020-02-26T09:42:38.360+0000][1][safepoint    ] Safepoint "Cleanup", Time since last: 1000240321 ns, Reaching safepoint: 96050 ns, At safepoint: 12655 ns, Total: 108705 ns
[2020-02-26T09:42:39.361+0000][1][safepoint    ] Safepoint "Cleanup", Time since last: 1000174085 ns, Reaching safepoint: 90011 ns, At safepoint: 10407 ns, Total: 100418 ns
[2020-02-26T09:42:39.877+0000][1][safepoint    ] Safepoint "BulkRevokeBias", Time since last: 516284263 ns, Reaching safepoint: 69650 ns, At safepoint: 180584 ns, Total: 250234 ns
[2020-02-26T09:42:40.878+0000][1][safepoint    ] Safepoint "Cleanup", Time since last: 1000502125 ns, Reaching safepoint: 93242 ns, At safepoint: 11808 ns, Total: 105050 ns
[2020-02-26T09:42:41.879+0000][1][safepoint    ] Safepoint "Cleanup", Time since last: 1000740104 ns, Reaching safepoint: 101111 ns, At safepoint: 10079 ns, Total: 111190 ns
[2020-02-26T09:42:42.390+0000][1][safepoint    ] Safepoint "RevokeBias", Time since last: 511018622 ns, Reaching safepoint: 71315 ns, At safepoint: 19928 ns, Total: 91243 ns
[2020-02-26T09:42:43.391+0000][1][safepoint    ] Safepoint "Cleanup", Time since last: 1000703993 ns, Reaching safepoint: 102709 ns, At safepoint: 9372 ns, Total: 112081 ns
[2020-02-26T09:42:44.391+0000][1][safepoint    ] Safepoint "Cleanup", Time since last: 1000724307 ns, Reaching safepoint: 98089 ns, At safepoint: 12255 ns, Total: 110344 ns
[2020-02-26T09:42:44.895+0000][1][safepoint    ] Safepoint "RevokeBias", Time since last: 503930106 ns, Reaching safepoint: 111367 ns, At safepoint: 41488 ns, Total: 152855 ns
[2020-02-26T09:42:45.965+0000][1][safepoint    ] Safepoint "Cleanup", Time since last: 1069064009 ns, Reaching safepoint: 76201 ns, At safepoint: 8465 ns, Total: 84666 ns
[2020-02-26T09:42:46.965+0000][1][safepoint    ] Safepoint "Cleanup", Time since last: 1000224459 ns, Reaching safepoint: 77882 ns, At safepoint: 9120 ns, Total: 87002 ns
[2020-02-26T09:42:47.399+0000][1][safepoint    ] Safepoint "RevokeBias", Time since last: 434194975 ns, Reaching safepoint: 71400 ns, At safepoint: 19392 ns, Total: 90792 ns
[2020-02-26T09:42:48.401+0000][1][safepoint    ] Safepoint "Cleanup", Time since last: 1000594388 ns, Reaching safepoint: 1007878 ns, At safepoint: 9621 ns, Total: 1017499 ns
[2020-02-26T09:42:49.438+0000][1][safepoint    ] Safepoint "Cleanup", Time since last: 1037593734 ns, Reaching safepoint: 109238 ns, At safepoint: 10516 ns, Total: 119754 ns
[2020-02-26T09:42:49.904+0000][1][safepoint    ] Safepoint "RevokeBias", Time since last: 465321555 ns, Reaching safepoint: 197917 ns, At safepoint: 22247 ns, Total: 220164 ns
[2020-02-26T09:42:50.909+0000][1][safepoint    ] Safepoint "Cleanup", Time since last: 1005188820 ns, Reaching safepoint: 57529 ns, At safepoint: 8176 ns, Total: 65705 ns
[2020-02-26T09:42:51.910+0000][1][safepoint    ] Safepoint "Cleanup", Time since last: 1000236837 ns, Reaching safepoint: 80655 ns, At safepoint: 10325 ns, Total: 90980 ns
[2020-02-26T09:42:52.410+0000][1][safepoint    ] Safepoint "RevokeBias", Time since last: 500031983 ns, Reaching safepoint: 88481 ns, At safepoint: 22531 ns, Total: 111012 ns
[2020-02-26T09:42:53.411+0000][1][safepoint    ] Safepoint "Cleanup", Time since last: 1000669879 ns, Reaching safepoint: 73460 ns, At safepoint: 7600 ns, Total: 81060 ns
[2020-02-26T09:42:54.411+0000][1][safepoint    ] Safepoint "Cleanup", Time since last: 1000344705 ns, Reaching safepoint: 95369 ns, At safepoint: 10683 ns, Total: 106052 ns
[2020-02-26T09:42:54.915+0000][1][safepoint    ] Safepoint "RevokeBias", Time since last: 503631352 ns, Reaching safepoint: 56926 ns, At safepoint: 18507 ns, Total: 75433 ns
[2020-02-26T09:42:55.916+0000][1][safepoint    ] Safepoint "Cleanup", Time since last: 1000876287 ns, Reaching safepoint: 76233 ns, At safepoint: 8783 ns, Total: 85016 ns
[2020-02-26T09:42:56.918+0000][1][safepoint    ] Safepoint "Cleanup", Time since last: 1001953631 ns, Reaching safepoint: 116712 ns, At safepoint: 13083 ns, Total: 129795 ns
[2020-02-26T09:42:57.421+0000][1][safepoint    ] Safepoint "RevokeBias", Time since last: 503533032 ns, Reaching safepoint: 181458 ns, At safepoint: 23701 ns, Total: 205159 ns
[2020-02-26T09:42:58.422+0000][1][safepoint    ] Safepoint "Cleanup", Time since last: 1000602568 ns, Reaching safepoint: 77000 ns, At safepoint: 8978 ns, Total: 85978 ns
[2020-02-26T09:42:59.423+0000][1][safepoint    ] Safepoint "Cleanup", Time since last: 1000795347 ns, Reaching safepoint: 77830 ns, At safepoint: 8666 ns, Total: 86496 ns
[2020-02-26T09:42:59.925+0000][1][safepoint    ] Safepoint "RevokeBias", Time since last: 502121285 ns, Reaching safepoint: 71547 ns, At safepoint: 19467 ns, Total: 91014 ns
[2020-02-26T09:43:00.926+0000][1][safepoint    ] Safepoint "Cleanup", Time since last: 1000293011 ns, Reaching safepoint: 165408 ns, At safepoint: 10780 ns, Total: 176188 ns
[2020-02-26T09:43:01.927+0000][1][safepoint    ] Safepoint "Cleanup", Time since last: 1001477300 ns, Reaching safepoint: 133515 ns, At safepoint: 12112 ns, Total: 145627 ns
[2020-02-26T09:43:02.430+0000][1][safepoint    ] Safepoint "RevokeBias", Time since last: 502783560 ns, Reaching safepoint: 131972 ns, At safepoint: 21733 ns, Total: 153705 ns
[2020-02-26T09:43:03.431+0000][1][safepoint    ] Safepoint "Cleanup", Time since last: 1000512886 ns, Reaching safepoint: 80220 ns, At safepoint: 26358 ns, Total: 106578 ns
[2020-02-26T09:43:04.431+0000][1][safepoint    ] Safepoint "Cleanup", Time since last: 1000279814 ns, Reaching safepoint: 101352 ns, At safepoint: 15201 ns, Total: 116553 ns
[2020-02-26T09:43:04.934+0000][1][safepoint    ] Safepoint "RevokeBias", Time since last: 502339187 ns, Reaching safepoint: 153816 ns, At safepoint: 23856 ns, Total: 177672 ns
[2020-02-26T09:43:05.934+0000][1][safepoint    ] Safepoint "Cleanup", Time since last: 1000335259 ns, Reaching safepoint: 81500 ns, At safepoint: 9148 ns, Total: 90648 ns
[2020-02-26T09:43:06.935+0000][1][safepoint    ] Safepoint "Cleanup", Time since last: 1000819904 ns, Reaching safepoint: 98489 ns, At safepoint: 9739 ns, Total: 108228 ns
[2020-02-26T09:43:07.448+0000][1][safepoint    ] Safepoint "RevokeBias", Time since last: 512216624 ns, Reaching safepoint: 115333 ns, At safepoint: 32554 ns, Total: 147887 ns
[2020-02-26T09:43:08.448+0000][1][safepoint    ] Safepoint "Cleanup", Time since last: 1000217054 ns, Reaching safepoint: 75908 ns, At safepoint: 8428 ns, Total: 84336 ns
[2020-02-26T09:43:09.449+0000][1][safepoint    ] Safepoint "Cleanup", Time since last: 1000819591 ns, Reaching safepoint: 94119 ns, At safepoint: 9216 ns, Total: 103335 ns
[2020-02-26T09:43:09.958+0000][1][safepoint    ] Safepoint "RevokeBias", Time since last: 509128455 ns, Reaching safepoint: 74367 ns, At safepoint: 76265 ns, Total: 150632 ns
[2020-02-26T09:43:10.958+0000][1][safepoint    ] Safepoint "Cleanup", Time since last: 1000336297 ns, Reaching safepoint: 102279 ns, At safepoint: 11187 ns, Total: 113466 ns
[2020-02-26T09:43:11.959+0000][1][safepoint    ] Safepoint "Cleanup", Time since last: 1000192351 ns, Reaching safepoint: 113179 ns, At safepoint: 11366 ns, Total: 124545 ns
[2020-02-26T09:43:12.482+0000][1][safepoint    ] Safepoint "RevokeBias", Time since last: 522629340 ns, Reaching safepoint: 76213 ns, At safepoint: 21189 ns, Total: 97402 ns
[2020-02-26T09:43:13.482+0000][1][safepoint    ] Safepoint "Cleanup", Time since last: 1000503101 ns, Reaching safepoint: 146092 ns, At safepoint: 13281 ns, Total: 159373 ns
[2020-02-26T09:43:14.483+0000][1][safepoint    ] Safepoint "Cleanup", Time since last: 1000266592 ns, Reaching safepoint: 92785 ns, At safepoint: 9252 ns, Total: 102037 ns
[2020-02-26T09:43:14.992+0000][1][safepoint    ] Safepoint "RevokeBias", Time since last: 509427489 ns, Reaching safepoint: 90121 ns, At safepoint: 50029 ns, Total: 140150 ns
[2020-02-26T09:43:15.994+0000][1][safepoint    ] Safepoint "Cleanup", Time since last: 1001351198 ns, Reaching safepoint: 73789 ns, At safepoint: 8376 ns, Total: 82165 ns
[2020-02-26T09:43:16.994+0000][1][safepoint    ] Safepoint "Cleanup", Time since last: 1000461287 ns, Reaching safepoint: 150824 ns, At safepoint: 9468 ns, Total: 160292 ns
[2020-02-26T09:43:17.496+0000][1][safepoint    ] Safepoint "RevokeBias", Time since last: 501868120 ns, Reaching safepoint: 71698 ns, At safepoint: 19829 ns, Total: 91527 ns
[2020-02-26T09:43:18.510+0000][1][safepoint    ] Safepoint "Cleanup", Time since last: 1002668516 ns, Reaching safepoint: 10897324 ns, At safepoint: 15896 ns, Total: 10913220 ns
[2020-02-26T09:43:19.580+0000][1][safepoint    ] Safepoint "Cleanup", Time since last: 1070289021 ns, Reaching safepoint: 66111 ns, At safepoint: 6967 ns, Total: 73078 ns
[2020-02-26T09:43:20.000+0000][1][safepoint    ] Safepoint "RevokeBias", Time since last: 419948234 ns, Reaching safepoint: 149136 ns, At safepoint: 65386 ns, Total: 214522 ns
[2020-02-26T09:43:21.001+0000][1][safepoint    ] Safepoint "Cleanup", Time since last: 1000389517 ns, Reaching safepoint: 75961 ns, At safepoint: 8855 ns, Total: 84816 ns
[2020-02-26T09:43:22.001+0000][1][safepoint    ] Safepoint "Cleanup", Time since last: 1000479384 ns, Reaching safepoint: 94408 ns, At safepoint: 8846 ns, Total: 103254 ns
[2020-02-26T09:43:22.507+0000][1][safepoint    ] Safepoint "RevokeBias", Time since last: 505610074 ns, Reaching safepoint: 85214 ns, At safepoint: 24372 ns, Total: 109586 ns
[2020-02-26T09:43:23.507+0000][1][safepoint    ] Safepoint "Cleanup", Time since last: 1000361103 ns, Reaching safepoint: 73322 ns, At safepoint: 8461 ns, Total: 81783 ns
[2020-02-26T09:43:24.508+0000][1][safepoint    ] Safepoint "Cleanup", Time since last: 1000294410 ns, Reaching safepoint: 96825 ns, At safepoint: 11143 ns, Total: 107968 ns
[2020-02-26T09:43:25.013+0000][1][safepoint    ] Safepoint "RevokeBias", Time since last: 505470894 ns, Reaching safepoint: 69205 ns, At safepoint: 19220 ns, Total: 88425 ns
[2020-02-26T09:43:26.014+0000][1][safepoint    ] Safepoint "Cleanup", Time since last: 1000710354 ns, Reaching safepoint: 75352 ns, At safepoint: 9083 ns, Total: 84435 ns
[2020-02-26T09:43:27.015+0000][1][safepoint    ] Safepoint "Cleanup", Time since last: 1000826798 ns, Reaching safepoint: 94833 ns, At safepoint: 10216 ns, Total: 105049 ns
[2020-02-26T09:43:27.520+0000][1][safepoint    ] Safepoint "RevokeBias", Time since last: 505119640 ns, Reaching safepoint: 210266 ns, At safepoint: 24654 ns, Total: 234920 ns
[2020-02-26T09:43:28.521+0000][1][safepoint    ] Safepoint "Cleanup", Time since last: 1000467839 ns, Reaching safepoint: 242145 ns, At safepoint: 12468 ns, Total: 254613 ns
[2020-02-26T09:43:29.522+0000][1][safepoint    ] Safepoint "Cleanup", Time since last: 1000592732 ns, Reaching safepoint: 129720 ns, At safepoint: 12933 ns, Total: 142653 ns
[2020-02-26T09:43:29.592+0000][1][gc,start     ] GC(61) Pause Young (Allocation Failure)
[2020-02-26T09:43:29.592+0000][1][gc,task      ] GC(61) Using 1 workers of 1 for evacuation
[2020-02-26T09:43:29.604+0000][1][gc,age       ] GC(61) Desired survivor size 4358144 bytes, new threshold 6 (max threshold 6)
[2020-02-26T09:43:29.604+0000][1][gc,age       ] GC(61) Age table with threshold 6 (max threshold 6)
[2020-02-26T09:43:29.604+0000][1][gc,age       ] GC(61) - age   1:      12560 bytes,      12560 total
[2020-02-26T09:43:29.604+0000][1][gc,age       ] GC(61) - age   2:        496 bytes,      13056 total
[2020-02-26T09:43:29.604+0000][1][gc,age       ] GC(61) - age   3:        328 bytes,      13384 total
[2020-02-26T09:43:29.604+0000][1][gc,age       ] GC(61) - age   4:      17544 bytes,      30928 total
[2020-02-26T09:43:29.604+0000][1][gc,age       ] GC(61) - age   5:        440 bytes,      31368 total
[2020-02-26T09:43:29.604+0000][1][gc,age       ] GC(61) - age   6:      12128 bytes,      43496 total
[2020-02-26T09:43:29.604+0000][1][gc,heap      ] GC(61) ParNew: 68211K->75K(76672K)
[2020-02-26T09:43:29.604+0000][1][gc,heap      ] GC(61) CMS: 62627K->62627K(963392K)
[2020-02-26T09:43:29.604+0000][1][gc,metaspace ] GC(61) Metaspace: 79683K->79683K(1122304K)
[2020-02-26T09:43:29.604+0000][1][gc           ] GC(61) Pause Young (Allocation Failure) 127M->61M(1015M) 12.310ms
[2020-02-26T09:43:29.604+0000][1][gc,cpu       ] GC(61) User=0.01s Sys=0.00s Real=0.01s
[2020-02-26T09:43:29.604+0000][1][safepoint    ] Safepoint "GenCollectForAllocation", Time since last: 69774671 ns, Reaching safepoint: 65744 ns, At safepoint: 12363450 ns, Total: 12429194 ns
[2020-02-26T09:43:30.023+0000][1][safepoint    ] Safepoint "RevokeBias", Time since last: 419182940 ns, Reaching safepoint: 57784 ns, At safepoint: 19225 ns, Total: 77009 ns
[2020-02-26T09:43:31.024+0000][1][safepoint    ] Safepoint "Cleanup", Time since last: 1000389811 ns, Reaching safepoint: 73009 ns, At safepoint: 8632 ns, Total: 81641 ns
[2020-02-26T09:43:32.025+0000][1][safepoint    ] Safepoint "Cleanup", Time since last: 1000598408 ns, Reaching safepoint: 88611 ns, At safepoint: 7965 ns, Total: 96576 ns
[2020-02-26T09:43:32.530+0000][1][safepoint    ] Safepoint "RevokeBias", Time since last: 504900107 ns, Reaching safepoint: 70852 ns, At safepoint: 19949 ns, Total: 90801 ns
[2020-02-26T09:43:33.530+0000][1][safepoint    ] Safepoint "Cleanup", Time since last: 1000644415 ns, Reaching safepoint: 75129 ns, At safepoint: 7739 ns, Total: 82868 ns
[2020-02-26T09:43:34.534+0000][1][safepoint    ] Safepoint "Cleanup", Time since last: 1004023791 ns, Reaching safepoint: 74680 ns, At safepoint: 8454 ns, Total: 83134 ns
[2020-02-26T09:43:35.033+0000][1][safepoint    ] Safepoint "RevokeBias", Time since last: 498602955 ns, Reaching safepoint: 71515 ns, At safepoint: 19681 ns, Total: 91196 ns
[2020-02-26T09:43:36.034+0000][1][safepoint    ] Safepoint "Cleanup", Time since last: 1000313047 ns, Reaching safepoint: 95019 ns, At safepoint: 9673 ns, Total: 104692 ns
[2020-02-26T09:43:37.034+0000][1][safepoint    ] Safepoint "Cleanup", Time since last: 1000670519 ns, Reaching safepoint: 93900 ns, At safepoint: 11689 ns, Total: 105589 ns
[2020-02-26T09:43:37.539+0000][1][safepoint    ] Safepoint "RevokeBias", Time since last: 505009011 ns, Reaching safepoint: 117372 ns, At safepoint: 23181 ns, Total: 140553 ns
[2020-02-26T09:43:38.540+0000][1][safepoint    ] Safepoint "Cleanup", Time since last: 1000620204 ns, Reaching safepoint: 82878 ns, At safepoint: 10105 ns, Total: 92983 ns
[2020-02-26T09:43:39.542+0000][1][safepoint    ] Safepoint "Cleanup", Time since last: 1001309190 ns, Reaching safepoint: 114060 ns, At safepoint: 9252 ns, Total: 123312 ns
[2020-02-26T09:43:40.052+0000][1][safepoint    ] Safepoint "RevokeBias", Time since last: 510205871 ns, Reaching safepoint: 56167 ns, At safepoint: 18545 ns, Total: 74712 ns
[2020-02-26T09:43:41.053+0000][1][safepoint    ] Safepoint "Cleanup", Time since last: 1000768887 ns, Reaching safepoint: 185517 ns, At safepoint: 48128 ns, Total: 233645 ns
[2020-02-26T09:43:42.054+0000][1][safepoint    ] Safepoint "Cleanup", Time since last: 1000746725 ns, Reaching safepoint: 106125 ns, At safepoint: 9697 ns, Total: 115822 ns
[2020-02-26T09:43:42.566+0000][1][safepoint    ] Safepoint "RevokeBias", Time since last: 511724876 ns, Reaching safepoint: 71071 ns, At safepoint: 19380 ns, Total: 90451 ns
[2020-02-26T09:43:43.566+0000][1][safepoint    ] Safepoint "Cleanup", Time since last: 1000586025 ns, Reaching safepoint: 73269 ns, At safepoint: 7307 ns, Total: 80576 ns
[2020-02-26T09:43:44.575+0000][1][safepoint    ] Safepoint "Cleanup", Time since last: 1008718735 ns, Reaching safepoint: 79074 ns, At safepoint: 9832 ns, Total: 88906 ns
[2020-02-26T09:43:45.082+0000][1][safepoint    ] Safepoint "RevokeBias", Time since last: 506931717 ns, Reaching safepoint: 205782 ns, At safepoint: 31970 ns, Total: 237752 ns
[2020-02-26T09:43:46.083+0000][1][safepoint    ] Safepoint "Cleanup", Time since last: 1000419642 ns, Reaching safepoint: 323613 ns, At safepoint: 34996 ns, Total: 358609 ns
[2020-02-26T09:43:47.084+0000][1][safepoint    ] Safepoint "Cleanup", Time since last: 1000833763 ns, Reaching safepoint: 84716 ns, At safepoint: 9410 ns, Total: 94126 ns
[2020-02-26T09:43:47.595+0000][1][safepoint    ] Safepoint "RevokeBias", Time since last: 510704264 ns, Reaching safepoint: 88833 ns, At safepoint: 87886 ns, Total: 176719 ns
[2020-02-26T09:43:49.498+0000][1][safepoint    ] Safepoint "Cleanup", Time since last: 1902969387 ns, Reaching safepoint: 95046 ns, At safepoint: 9267 ns, Total: 104313 ns
[2020-02-26T09:43:50.104+0000][1][safepoint    ] Safepoint "RevokeBias", Time since last: 605830492 ns, Reaching safepoint: 144569 ns, At safepoint: 58561 ns, Total: 203130 ns
[2020-02-26T09:43:51.112+0000][1][safepoint    ] Safepoint "Cleanup", Time since last: 1007798518 ns, Reaching safepoint: 73978 ns, At safepoint: 9010 ns, Total: 82988 ns
[2020-02-26T09:43:52.112+0000][1][safepoint    ] Safepoint "Cleanup", Time since last: 1000513038 ns, Reaching safepoint: 79889 ns, At safepoint: 9795 ns, Total: 89684 ns
[2020-02-26T09:43:52.615+0000][1][safepoint    ] Safepoint "BulkRevokeBias", Time since last: 501993559 ns, Reaching safepoint: 226998 ns, At safepoint: 354425 ns, Total: 581423 ns
[2020-02-26T09:43:53.615+0000][1][safepoint    ] Safepoint "Cleanup", Time since last: 1000300132 ns, Reaching safepoint: 75218 ns, At safepoint: 8217 ns, Total: 83435 ns
[2020-02-26T09:43:54.616+0000][1][safepoint    ] Safepoint "Cleanup", Time since last: 1000947269 ns, Reaching safepoint: 90579 ns, At safepoint: 9233 ns, Total: 99812 ns
[2020-02-26T09:43:55.119+0000][1][safepoint    ] Safepoint "RevokeBias", Time since last: 502897731 ns, Reaching safepoint: 73689 ns, At safepoint: 20625 ns, Total: 94314 ns
[2020-02-26T09:43:56.120+0000][1][safepoint    ] Safepoint "Cleanup", Time since last: 1000940315 ns, Reaching safepoint: 92240 ns, At safepoint: 8876 ns, Total: 101116 ns
[2020-02-26T09:43:57.121+0000][1][safepoint    ] Safepoint "Cleanup", Time since last: 1000463522 ns, Reaching safepoint: 78265 ns, At safepoint: 9307 ns, Total: 87572 ns
[2020-02-26T09:43:57.625+0000][1][safepoint    ] Safepoint "RevokeBias", Time since last: 503529311 ns, Reaching safepoint: 111176 ns, At safepoint: 127972 ns, Total: 239148 ns
[2020-02-26T09:43:58.625+0000][1][safepoint    ] Safepoint "Cleanup", Time since last: 1000516402 ns, Reaching safepoint: 97602 ns, At safepoint: 10175 ns, Total: 107777 ns
[2020-02-26T09:43:59.626+0000][1][safepoint    ] Safepoint "Cleanup", Time since last: 1000708542 ns, Reaching safepoint: 74690 ns, At safepoint: 8400 ns, Total: 83090 ns
[2020-02-26T09:44:00.130+0000][1][safepoint    ] Safepoint "RevokeBias", Time since last: 503454610 ns, Reaching safepoint: 73371 ns, At safepoint: 39395 ns, Total: 112766 ns
[2020-02-26T09:44:01.133+0000][1][safepoint    ] Safepoint "Cleanup", Time since last: 1003270368 ns, Reaching safepoint: 232311 ns, At safepoint: 30489 ns, Total: 262800 ns
[2020-02-26T09:44:02.134+0000][1][safepoint    ] Safepoint "Cleanup", Time since last: 1000826670 ns, Reaching safepoint: 75641 ns, At safepoint: 8258 ns, Total: 83899 ns
[2020-02-26T09:44:02.636+0000][1][safepoint    ] Safepoint "RevokeBias", Time since last: 501594718 ns, Reaching safepoint: 72546 ns, At safepoint: 19454 ns, Total: 92000 ns
[2020-02-26T09:44:03.637+0000][1][safepoint    ] Safepoint "Cleanup", Time since last: 1000601094 ns, Reaching safepoint: 115311 ns, At safepoint: 9513 ns, Total: 124824 ns
[2020-02-26T09:44:04.637+0000][1][safepoint    ] Safepoint "Cleanup", Time since last: 1000209704 ns, Reaching safepoint: 78851 ns, At safepoint: 10089 ns, Total: 88940 ns
[2020-02-26T09:44:05.145+0000][1][safepoint    ] Safepoint "RevokeBias", Time since last: 508023945 ns, Reaching safepoint: 72075 ns, At safepoint: 19706 ns, Total: 91781 ns
[2020-02-26T09:44:06.147+0000][1][safepoint    ] Safepoint "Cleanup", Time since last: 1002337610 ns, Reaching safepoint: 100433 ns, At safepoint: 9766 ns, Total: 110199 ns
[2020-02-26T09:44:07.148+0000][1][safepoint    ] Safepoint "Cleanup", Time since last: 1000599681 ns, Reaching safepoint: 335777 ns, At safepoint: 15791 ns, Total: 351568 ns
[2020-02-26T09:44:07.651+0000][1][safepoint    ] Safepoint "RevokeBias", Time since last: 502254861 ns, Reaching safepoint: 69978 ns, At safepoint: 19068 ns, Total: 89046 ns
[2020-02-26T09:44:08.651+0000][1][safepoint    ] Safepoint "Cleanup", Time since last: 1000406192 ns, Reaching safepoint: 68735 ns, At safepoint: 7942 ns, Total: 76677 ns
[2020-02-26T09:44:09.652+0000][1][safepoint    ] Safepoint "Cleanup", Time since last: 1000247873 ns, Reaching safepoint: 65268 ns, At safepoint: 5816 ns, Total: 71084 ns
[2020-02-26T09:44:10.155+0000][1][safepoint    ] Safepoint "RevokeBias", Time since last: 503168235 ns, Reaching safepoint: 114086 ns, At safepoint: 41073 ns, Total: 155159 ns
[2020-02-26T09:44:11.155+0000][1][safepoint    ] Safepoint "Cleanup", Time since last: 1000117766 ns, Reaching safepoint: 94608 ns, At safepoint: 10165 ns, Total: 104773 ns
[2020-02-26T09:44:12.165+0000][1][safepoint    ] Safepoint "Cleanup", Time since last: 1009694398 ns, Reaching safepoint: 94096 ns, At safepoint: 9033 ns, Total: 103129 ns
[2020-02-26T09:44:12.661+0000][1][safepoint    ] Safepoint "RevokeBias", Time since last: 495666122 ns, Reaching safepoint: 75728 ns, At safepoint: 21065 ns, Total: 96793 ns
[2020-02-26T09:44:13.661+0000][1][safepoint    ] Safepoint "Cleanup", Time since last: 1000573874 ns, Reaching safepoint: 70101 ns, At safepoint: 8482 ns, Total: 78583 ns
[2020-02-26T09:44:14.662+0000][1][safepoint    ] Safepoint "Cleanup", Time since last: 1000690245 ns, Reaching safepoint: 85627 ns, At safepoint: 7852 ns, Total: 93479 ns
[2020-02-26T09:44:15.168+0000][1][safepoint    ] Safepoint "RevokeBias", Time since last: 505875005 ns, Reaching safepoint: 110262 ns, At safepoint: 23622 ns, Total: 133884 ns
[2020-02-26T09:44:16.169+0000][1][safepoint    ] Safepoint "Cleanup", Time since last: 1000872178 ns, Reaching safepoint: 79957 ns, At safepoint: 10710 ns, Total: 90667 ns
[2020-02-26T09:44:17.173+0000][1][safepoint    ] Safepoint "Cleanup", Time since last: 1003452515 ns, Reaching safepoint: 107477 ns, At safepoint: 8022 ns, Total: 115499 ns
[2020-02-26T09:44:17.692+0000][1][safepoint    ] Safepoint "RevokeBias", Time since last: 519728052 ns, Reaching safepoint: 136666 ns, At safepoint: 21088 ns, Total: 157754 ns
[2020-02-26T09:44:18.693+0000][1][safepoint    ] Safepoint "Cleanup", Time since last: 1000562753 ns, Reaching safepoint: 81879 ns, At safepoint: 9471 ns, Total: 91350 ns
[2020-02-26T09:44:19.694+0000][1][safepoint    ] Safepoint "Cleanup", Time since last: 1000517636 ns, Reaching safepoint: 75183 ns, At safepoint: 9134 ns, Total: 84317 ns
[2020-02-26T09:44:20.203+0000][1][safepoint    ] Safepoint "RevokeBias", Time since last: 508717657 ns, Reaching safepoint: 70269 ns, At safepoint: 20187 ns, Total: 90456 ns
[2020-02-26T09:44:21.203+0000][1][safepoint    ] Safepoint "Cleanup", Time since last: 1000221275 ns, Reaching safepoint: 83876 ns, At safepoint: 9912 ns, Total: 93788 ns
[2020-02-26T09:44:22.408+0000][1][safepoint    ] Safepoint "Cleanup", Time since last: 1205288322 ns, Reaching safepoint: 79137 ns, At safepoint: 9571 ns, Total: 88708 ns
[2020-02-26T09:44:22.720+0000][1][safepoint    ] Safepoint "RevokeBias", Time since last: 311725211 ns, Reaching safepoint: 72103 ns, At safepoint: 19836 ns, Total: 91939 ns
[2020-02-26T09:44:23.721+0000][1][safepoint    ] Safepoint "Cleanup", Time since last: 1001054372 ns, Reaching safepoint: 78379 ns, At safepoint: 9954 ns, Total: 88333 ns
[2020-02-26T09:44:24.722+0000][1][safepoint    ] Safepoint "Cleanup", Time since last: 1000295220 ns, Reaching safepoint: 134215 ns, At safepoint: 12272 ns, Total: 146487 ns
[2020-02-26T09:44:25.231+0000][1][safepoint    ] Safepoint "RevokeBias", Time since last: 509255327 ns, Reaching safepoint: 89206 ns, At safepoint: 19700 ns, Total: 108906 ns
[2020-02-26T09:44:26.231+0000][1][safepoint    ] Safepoint "Cleanup", Time since last: 1000126472 ns, Reaching safepoint: 112401 ns, At safepoint: 11905 ns, Total: 124306 ns
[2020-02-26T09:44:27.232+0000][1][safepoint    ] Safepoint "Cleanup", Time since last: 1000301699 ns, Reaching safepoint: 89705 ns, At safepoint: 12418 ns, Total: 102123 ns
[2020-02-26T09:44:27.751+0000][1][safepoint    ] Safepoint "RevokeBias", Time since last: 519677575 ns, Reaching safepoint: 88020 ns, At safepoint: 22635 ns, Total: 110655 ns
[2020-02-26T09:44:28.753+0000][1][safepoint    ] Safepoint "Cleanup", Time since last: 1001054215 ns, Reaching safepoint: 143560 ns, At safepoint: 19030 ns, Total: 162590 ns
[2020-02-26T09:44:29.753+0000][1][safepoint    ] Safepoint "Cleanup", Time since last: 1000259074 ns, Reaching safepoint: 95128 ns, At safepoint: 8831 ns, Total: 103959 ns
[2020-02-26T09:44:30.260+0000][1][safepoint    ] Safepoint "RevokeBias", Time since last: 507235661 ns, Reaching safepoint: 74390 ns, At safepoint: 32733 ns, Total: 107123 ns
[2020-02-26T09:44:31.261+0000][1][safepoint    ] Safepoint "Cleanup", Time since last: 1000930011 ns, Reaching safepoint: 89409 ns, At safepoint: 8869 ns, Total: 98278 ns
[2020-02-26T09:44:32.262+0000][1][safepoint    ] Safepoint "Cleanup", Time since last: 1000302465 ns, Reaching safepoint: 116700 ns, At safepoint: 9421 ns, Total: 126121 ns
[2020-02-26T09:44:32.765+0000][1][safepoint    ] Safepoint "RevokeBias", Time since last: 503391831 ns, Reaching safepoint: 117477 ns, At safepoint: 21657 ns, Total: 139134 ns
[2020-02-26T09:44:33.771+0000][1][safepoint    ] Safepoint "Cleanup", Time since last: 1005859959 ns, Reaching safepoint: 99511 ns, At safepoint: 9924 ns, Total: 109435 ns
[2020-02-26T09:44:34.772+0000][1][safepoint    ] Safepoint "Cleanup", Time since last: 1000865579 ns, Reaching safepoint: 90076 ns, At safepoint: 9119 ns, Total: 99195 ns
[2020-02-26T09:44:35.269+0000][1][safepoint    ] Safepoint "RevokeBias", Time since last: 496666436 ns, Reaching safepoint: 71426 ns, At safepoint: 19498 ns, Total: 90924 ns
[2020-02-26T09:44:36.270+0000][1][safepoint    ] Safepoint "Cleanup", Time since last: 1000334175 ns, Reaching safepoint: 121121 ns, At safepoint: 26795 ns, Total: 147916 ns
[2020-02-26T09:44:37.270+0000][1][safepoint    ] Safepoint "Cleanup", Time since last: 1000280293 ns, Reaching safepoint: 99430 ns, At safepoint: 10307 ns, Total: 109737 ns
[2020-02-26T09:44:37.776+0000][1][safepoint    ] Safepoint "RevokeBias", Time since last: 506441264 ns, Reaching safepoint: 71061 ns, At safepoint: 19499 ns, Total: 90560 ns
[2020-02-26T09:44:38.778+0000][1][safepoint    ] Safepoint "Cleanup", Time since last: 1001598401 ns, Reaching safepoint: 69729 ns, At safepoint: 8134 ns, Total: 77863 ns
[2020-02-26T09:44:39.779+0000][1][safepoint    ] Safepoint "Cleanup", Time since last: 1000687114 ns, Reaching safepoint: 111120 ns, At safepoint: 11828 ns, Total: 122948 ns
[2020-02-26T09:44:40.281+0000][1][safepoint    ] Safepoint "RevokeBias", Time since last: 501754490 ns, Reaching safepoint: 72482 ns, At safepoint: 20320 ns, Total: 92802 ns
[2020-02-26T09:44:41.281+0000][1][safepoint    ] Safepoint "Cleanup", Time since last: 1000361245 ns, Reaching safepoint: 81846 ns, At safepoint: 8333 ns, Total: 90179 ns
[2020-02-26T09:44:42.282+0000][1][safepoint    ] Safepoint "Cleanup", Time since last: 1000658096 ns, Reaching safepoint: 75618 ns, At safepoint: 9102 ns, Total: 84720 ns
[2020-02-26T09:44:42.787+0000][1][safepoint    ] Safepoint "RevokeBias", Time since last: 504776833 ns, Reaching safepoint: 119666 ns, At safepoint: 32666 ns, Total: 152332 ns
[2020-02-26T09:44:43.793+0000][1][safepoint    ] Safepoint "Cleanup", Time since last: 1006233383 ns, Reaching safepoint: 126866 ns, At safepoint: 9066 ns, Total: 135932 ns
[2020-02-26T09:44:44.794+0000][1][safepoint    ] Safepoint "Cleanup", Time since last: 1000579802 ns, Reaching safepoint: 101125 ns, At safepoint: 13140 ns, Total: 114265 ns
[2020-02-26T09:44:45.292+0000][1][safepoint    ] Safepoint "RevokeBias", Time since last: 498347103 ns, Reaching safepoint: 70898 ns, At safepoint: 18918 ns, Total: 89816 ns
[2020-02-26T09:44:46.293+0000][1][safepoint    ] Safepoint "Cleanup", Time since last: 1000909185 ns, Reaching safepoint: 75942 ns, At safepoint: 10311 ns, Total: 86253 ns
[2020-02-26T09:44:47.294+0000][1][safepoint    ] Safepoint "Cleanup", Time since last: 1000277978 ns, Reaching safepoint: 79377 ns, At safepoint: 9220 ns, Total: 88597 ns
[2020-02-26T09:44:47.798+0000][1][safepoint    ] Safepoint "RevokeBias", Time since last: 504410435 ns, Reaching safepoint: 143822 ns, At safepoint: 26843 ns, Total: 170665 ns
[2020-02-26T09:44:48.799+0000][1][safepoint    ] Safepoint "Cleanup", Time since last: 1000465475 ns, Reaching safepoint: 157642 ns, At safepoint: 10104 ns, Total: 167746 ns
[2020-02-26T09:44:49.800+0000][1][safepoint    ] Safepoint "Cleanup", Time since last: 1000487223 ns, Reaching safepoint: 72080 ns, At safepoint: 7520 ns, Total: 79600 ns
[2020-02-26T09:44:50.302+0000][1][safepoint    ] Safepoint "RevokeBias", Time since last: 501985025 ns, Reaching safepoint: 91490 ns, At safepoint: 31211 ns, Total: 122701 ns
[2020-02-26T09:44:51.302+0000][1][safepoint    ] Safepoint "Cleanup", Time since last: 1000343665 ns, Reaching safepoint: 77846 ns, At safepoint: 8910 ns, Total: 86756 ns
[2020-02-26T09:44:52.408+0000][1][safepoint    ] Safepoint "Cleanup", Time since last: 1105918462 ns, Reaching safepoint: 116304 ns, At safepoint: 12808 ns, Total: 129112 ns
[2020-02-26T09:44:52.808+0000][1][safepoint    ] Safepoint "RevokeBias", Time since last: 399559502 ns, Reaching safepoint: 72670 ns, At safepoint: 19667 ns, Total: 92337 ns
[2020-02-26T09:44:53.809+0000][1][safepoint    ] Safepoint "Cleanup", Time since last: 1000889420 ns, Reaching safepoint: 98728 ns, At safepoint: 42598 ns, Total: 141326 ns
[2020-02-26T09:44:54.818+0000][1][safepoint    ] Safepoint "Cleanup", Time since last: 1008829873 ns, Reaching safepoint: 72452 ns, At safepoint: 7032 ns, Total: 79484 ns
[2020-02-26T09:44:55.325+0000][1][safepoint    ] Safepoint "RevokeBias", Time since last: 507525937 ns, Reaching safepoint: 143344 ns, At safepoint: 22687 ns, Total: 166031 ns
[2020-02-26T09:44:56.326+0000][1][safepoint    ] Safepoint "Cleanup", Time since last: 1000388016 ns, Reaching safepoint: 75524 ns, At safepoint: 7513 ns, Total: 83037 ns
[2020-02-26T09:44:57.326+0000][1][safepoint    ] Safepoint "Cleanup", Time since last: 1000411087 ns, Reaching safepoint: 164132 ns, At safepoint: 10146 ns, Total: 174278 ns
[2020-02-26T09:44:57.837+0000][1][safepoint    ] Safepoint "RevokeBias", Time since last: 510587193 ns, Reaching safepoint: 104767 ns, At safepoint: 22394 ns, Total: 127161 ns
[2020-02-26T09:44:58.838+0000][1][safepoint    ] Safepoint "Cleanup", Time since last: 1000514964 ns, Reaching safepoint: 94724 ns, At safepoint: 10606 ns, Total: 105330 ns
[2020-02-26T09:44:59.843+0000][1][safepoint    ] Safepoint "Cleanup", Time since last: 1005126625 ns, Reaching safepoint: 81159 ns, At safepoint: 10068 ns, Total: 91227 ns
[2020-02-26T09:45:00.353+0000][1][safepoint    ] Safepoint "RevokeBias", Time since last: 509808373 ns, Reaching safepoint: 133007 ns, At safepoint: 42577 ns, Total: 175584 ns
[2020-02-26T09:45:01.354+0000][1][safepoint    ] Safepoint "Cleanup", Time since last: 1000767749 ns, Reaching safepoint: 95712 ns, At safepoint: 11352 ns, Total: 107064 ns
[2020-02-26T09:45:02.354+0000][1][safepoint    ] Safepoint "Cleanup", Time since last: 1000234791 ns, Reaching safepoint: 76574 ns, At safepoint: 8603 ns, Total: 85177 ns
[2020-02-26T09:45:02.871+0000][1][safepoint    ] Safepoint "RevokeBias", Time since last: 516487942 ns, Reaching safepoint: 73346 ns, At safepoint: 19524 ns, Total: 92870 ns
[2020-02-26T09:45:03.872+0000][1][safepoint    ] Safepoint "Cleanup", Time since last: 1000570060 ns, Reaching safepoint: 113108 ns, At safepoint: 13879 ns, Total: 126987 ns
[2020-02-26T09:45:04.872+0000][1][safepoint    ] Safepoint "Cleanup", Time since last: 1000747307 ns, Reaching safepoint: 78624 ns, At safepoint: 9828 ns, Total: 88452 ns
[2020-02-26T09:45:05.389+0000][1][safepoint    ] Safepoint "BulkRevokeBias", Time since last: 516473581 ns, Reaching safepoint: 70897 ns, At safepoint: 318147 ns, Total: 389044 ns
[2020-02-26T09:45:06.390+0000][1][safepoint    ] Safepoint "Cleanup", Time since last: 1000562457 ns, Reaching safepoint: 80198 ns, At safepoint: 12160 ns, Total: 92358 ns
[2020-02-26T09:45:07.390+0000][1][safepoint    ] Safepoint "Cleanup", Time since last: 1000445046 ns, Reaching safepoint: 118929 ns, At safepoint: 14456 ns, Total: 133385 ns
[2020-02-26T09:45:07.899+0000][1][safepoint    ] Safepoint "RevokeBias", Time since last: 508818831 ns, Reaching safepoint: 74920 ns, At safepoint: 20634 ns, Total: 95554 ns
[2020-02-26T09:45:08.900+0000][1][safepoint    ] Safepoint "Cleanup", Time since last: 1000673570 ns, Reaching safepoint: 101770 ns, At safepoint: 14492 ns, Total: 116262 ns
[2020-02-26T09:45:09.901+0000][1][safepoint    ] Safepoint "Cleanup", Time since last: 1000661941 ns, Reaching safepoint: 100407 ns, At safepoint: 9931 ns, Total: 110338 ns
[2020-02-26T09:45:10.404+0000][1][safepoint    ] Safepoint "RevokeBias", Time since last: 502348337 ns, Reaching safepoint: 204506 ns, At safepoint: 33005 ns, Total: 237511 ns
[2020-02-26T09:45:11.405+0000][1][safepoint    ] Safepoint "Cleanup", Time since last: 1001421156 ns, Reaching safepoint: 97583 ns, At safepoint: 11907 ns, Total: 109490 ns
[2020-02-26T09:45:12.406+0000][1][safepoint    ] Safepoint "Cleanup", Time since last: 1000577260 ns, Reaching safepoint: 77418 ns, At safepoint: 9473 ns, Total: 86891 ns
[2020-02-26T09:45:12.909+0000][1][safepoint    ] Safepoint "RevokeBias", Time since last: 503200093 ns, Reaching safepoint: 167062 ns, At safepoint: 48909 ns, Total: 215971 ns
[2020-02-26T09:45:13.910+0000][1][safepoint    ] Safepoint "Cleanup", Time since last: 1000550729 ns, Reaching safepoint: 101817 ns, At safepoint: 9395 ns, Total: 111212 ns
[2020-02-26T09:45:14.910+0000][1][safepoint    ] Safepoint "Cleanup", Time since last: 1000358698 ns, Reaching safepoint: 132010 ns, At safepoint: 9334 ns, Total: 141344 ns
[2020-02-26T09:45:15.414+0000][1][safepoint    ] Safepoint "RevokeBias", Time since last: 503139588 ns, Reaching safepoint: 113044 ns, At safepoint: 31386 ns, Total: 144430 ns
[2020-02-26T09:45:16.416+0000][1][safepoint    ] Safepoint "Cleanup", Time since last: 1002517365 ns, Reaching safepoint: 78660 ns, At safepoint: 9440 ns, Total: 88100 ns
[2020-02-26T09:45:17.417+0000][1][safepoint    ] Safepoint "Cleanup", Time since last: 1000530580 ns, Reaching safepoint: 90355 ns, At safepoint: 10379 ns, Total: 100734 ns
[2020-02-26T09:45:17.919+0000][1][safepoint    ] Safepoint "RevokeBias", Time since last: 502499817 ns, Reaching safepoint: 90331 ns, At safepoint: 24166 ns, Total: 114497 ns
[2020-02-26T09:45:18.920+0000][1][safepoint    ] Safepoint "Cleanup", Time since last: 1000497037 ns, Reaching safepoint: 80300 ns, At safepoint: 10284 ns, Total: 90584 ns
[2020-02-26T09:45:19.921+0000][1][safepoint    ] Safepoint "Cleanup", Time since last: 1000567686 ns, Reaching safepoint: 110016 ns, At safepoint: 9934 ns, Total: 119950 ns
[2020-02-26T09:45:20.423+0000][1][safepoint    ] Safepoint "RevokeBias", Time since last: 501946052 ns, Reaching safepoint: 72537 ns, At safepoint: 19124 ns, Total: 91661 ns
[2020-02-26T09:45:22.419+0000][1][safepoint    ] Safepoint "Cleanup", Time since last: 1996376545 ns, Reaching safepoint: 162867 ns, At safepoint: 10403 ns, Total: 173270 ns
[2020-02-26T09:45:22.931+0000][1][safepoint    ] Safepoint "RevokeBias", Time since last: 511349959 ns, Reaching safepoint: 72890 ns, At safepoint: 21329 ns, Total: 94219 ns
[2020-02-26T09:45:23.931+0000][1][safepoint    ] Safepoint "Cleanup", Time since last: 1000247172 ns, Reaching safepoint: 119316 ns, At safepoint: 13202 ns, Total: 132518 ns
[2020-02-26T09:45:24.931+0000][1][safepoint    ] Safepoint "Cleanup", Time since last: 1000183072 ns, Reaching safepoint: 77834 ns, At safepoint: 9254 ns, Total: 87088 ns
[2020-02-26T09:45:25.441+0000][1][safepoint    ] Safepoint "RevokeBias", Time since last: 509730735 ns, Reaching safepoint: 96632 ns, At safepoint: 21361 ns, Total: 117993 ns
[2020-02-26T09:45:26.442+0000][1][safepoint    ] Safepoint "Cleanup", Time since last: 1000813601 ns, Reaching safepoint: 96730 ns, At safepoint: 10359 ns, Total: 107089 ns
[2020-02-26T09:45:27.444+0000][1][safepoint    ] Safepoint "Cleanup", Time since last: 1001354926 ns, Reaching safepoint: 76337 ns, At safepoint: 8122 ns, Total: 84459 ns
[2020-02-26T09:45:27.951+0000][1][safepoint    ] Safepoint "RevokeBias", Time since last: 507335134 ns, Reaching safepoint: 71840 ns, At safepoint: 20158 ns, Total: 91998 ns
[2020-02-26T09:45:28.952+0000][1][safepoint    ] Safepoint "Cleanup", Time since last: 1000639580 ns, Reaching safepoint: 114901 ns, At safepoint: 12059 ns, Total: 126960 ns
[2020-02-26T09:45:29.952+0000][1][safepoint    ] Safepoint "Cleanup", Time since last: 1000233828 ns, Reaching safepoint: 75184 ns, At safepoint: 7437 ns, Total: 82621 ns
[2020-02-26T09:45:30.460+0000][1][safepoint    ] Safepoint "RevokeBias", Time since last: 507422173 ns, Reaching safepoint: 89465 ns, At safepoint: 25953 ns, Total: 115418 ns
[2020-02-26T09:45:31.460+0000][1][safepoint    ] Safepoint "Cleanup", Time since last: 1000568984 ns, Reaching safepoint: 125294 ns, At safepoint: 14413 ns, Total: 139707 ns
[2020-02-26T09:45:32.462+0000][1][safepoint    ] Safepoint "Cleanup", Time since last: 1002070684 ns, Reaching safepoint: 73464 ns, At safepoint: 6713 ns, Total: 80177 ns
[2020-02-26T09:45:32.982+0000][1][safepoint    ] Safepoint "RevokeBias", Time since last: 513799343 ns, Reaching safepoint: 5794751 ns, At safepoint: 22682 ns, Total: 5817433 ns
[2020-02-26T09:45:33.983+0000][1][safepoint    ] Safepoint "Cleanup", Time since last: 1000579175 ns, Reaching safepoint: 80264 ns, At safepoint: 9305 ns, Total: 89569 ns
[2020-02-26T09:45:34.983+0000][1][safepoint    ] Safepoint "Cleanup", Time since last: 1000306498 ns, Reaching safepoint: 78350 ns, At safepoint: 8305 ns, Total: 86655 ns
[2020-02-26T09:45:35.486+0000][1][safepoint    ] Safepoint "RevokeBias", Time since last: 502350981 ns, Reaching safepoint: 76208 ns, At safepoint: 21264 ns, Total: 97472 ns
[2020-02-26T09:45:36.487+0000][1][safepoint    ] Safepoint "Cleanup", Time since last: 1000938203 ns, Reaching safepoint: 74310 ns, At safepoint: 8454 ns, Total: 82764 ns
[2020-02-26T09:45:37.487+0000][1][safepoint    ] Safepoint "Cleanup", Time since last: 1000591344 ns, Reaching safepoint: 77112 ns, At safepoint: 9352 ns, Total: 86464 ns
[2020-02-26T09:45:37.998+0000][1][safepoint    ] Safepoint "RevokeBias", Time since last: 510489381 ns, Reaching safepoint: 130858 ns, At safepoint: 46598 ns, Total: 177456 ns
[2020-02-26T09:45:38.999+0000][1][safepoint    ] Safepoint "Cleanup", Time since last: 1000416080 ns, Reaching safepoint: 135390 ns, At safepoint: 9394 ns, Total: 144784 ns
[2020-02-26T09:45:39.999+0000][1][safepoint    ] Safepoint "Cleanup", Time since last: 1000314337 ns, Reaching safepoint: 124967 ns, At safepoint: 10179 ns, Total: 135146 ns
[2020-02-26T09:45:40.506+0000][1][safepoint    ] Safepoint "RevokeBias", Time since last: 506448649 ns, Reaching safepoint: 72767 ns, At safepoint: 20231 ns, Total: 92998 ns
[2020-02-26T09:45:41.507+0000][1][safepoint    ] Safepoint "Cleanup", Time since last: 1000801961 ns, Reaching safepoint: 161817 ns, At safepoint: 25597 ns, Total: 187414 ns
[2020-02-26T09:45:42.507+0000][1][safepoint    ] Safepoint "Cleanup", Time since last: 1000573408 ns, Reaching safepoint: 73203 ns, At safepoint: 7803 ns, Total: 81006 ns
[2020-02-26T09:45:43.026+0000][1][safepoint    ] Safepoint "RevokeBias", Time since last: 518238770 ns, Reaching safepoint: 162367 ns, At safepoint: 23860 ns, Total: 186227 ns
[2020-02-26T09:45:44.026+0000][1][safepoint    ] Safepoint "Cleanup", Time since last: 1000382035 ns, Reaching safepoint: 76055 ns, At safepoint: 9061 ns, Total: 85116 ns
[2020-02-26T09:45:45.027+0000][1][safepoint    ] Safepoint "Cleanup", Time since last: 1000681189 ns, Reaching safepoint: 75567 ns, At safepoint: 9098 ns, Total: 84665 ns
[2020-02-26T09:45:45.537+0000][1][safepoint    ] Safepoint "RevokeBias", Time since last: 509567217 ns, Reaching safepoint: 114238 ns, At safepoint: 31580 ns, Total: 145818 ns
[2020-02-26T09:45:46.537+0000][1][safepoint    ] Safepoint "Cleanup", Time since last: 1000616009 ns, Reaching safepoint: 139870 ns, At safepoint: 10169 ns, Total: 150039 ns
[2020-02-26T09:45:47.538+0000][1][safepoint    ] Safepoint "Cleanup", Time since last: 1000306212 ns, Reaching safepoint: 72101 ns, At safepoint: 7845 ns, Total: 79946 ns
[2020-02-26T09:45:48.040+0000][1][safepoint    ] Safepoint "RevokeBias", Time since last: 502296470 ns, Reaching safepoint: 95716 ns, At safepoint: 25505 ns, Total: 121221 ns
[2020-02-26T09:45:48.505+0000][1][gc,start     ] GC(62) Pause Young (Allocation Failure)
[2020-02-26T09:45:48.505+0000][1][gc,task      ] GC(62) Using 1 workers of 1 for evacuation
[2020-02-26T09:45:48.535+0000][1][gc,age       ] GC(62) Desired survivor size 4358144 bytes, new threshold 6 (max threshold 6)
[2020-02-26T09:45:48.535+0000][1][gc,age       ] GC(62) Age table with threshold 6 (max threshold 6)
[2020-02-26T09:45:48.535+0000][1][gc,age       ] GC(62) - age   1:      14656 bytes,      14656 total
[2020-02-26T09:45:48.535+0000][1][gc,age       ] GC(62) - age   2:       1864 bytes,      16520 total
[2020-02-26T09:45:48.535+0000][1][gc,age       ] GC(62) - age   3:        496 bytes,      17016 total
[2020-02-26T09:45:48.535+0000][1][gc,age       ] GC(62) - age   4:        328 bytes,      17344 total
[2020-02-26T09:45:48.535+0000][1][gc,age       ] GC(62) - age   5:      17544 bytes,      34888 total
[2020-02-26T09:45:48.535+0000][1][gc,age       ] GC(62) - age   6:        440 bytes,      35328 total
[2020-02-26T09:45:48.535+0000][1][gc,heap      ] GC(62) ParNew: 68235K->50K(76672K)
[2020-02-26T09:45:48.535+0000][1][gc,heap      ] GC(62) CMS: 62627K->62639K(963392K)
[2020-02-26T09:45:48.535+0000][1][gc,metaspace ] GC(62) Metaspace: 79685K->79685K(1122304K)
[2020-02-26T09:45:48.535+0000][1][gc           ] GC(62) Pause Young (Allocation Failure) 127M->61M(1015M) 30.560ms
[2020-02-26T09:45:48.535+0000][1][gc,cpu       ] GC(62) User=0.01s Sys=0.00s Real=0.03s
[2020-02-26T09:45:48.536+0000][1][safepoint    ] Safepoint "GenCollectForAllocation", Time since last: 464607707 ns, Reaching safepoint: 169438 ns, At safepoint: 30694843 ns, Total: 30864281 ns
[2020-02-26T09:45:49.537+0000][1][safepoint    ] Safepoint "Cleanup", Time since last: 1000986694 ns, Reaching safepoint: 92699 ns, At safepoint: 9963 ns, Total: 102662 ns
[2020-02-26T09:45:50.537+0000][1][safepoint    ] Safepoint "Cleanup", Time since last: 1000235746 ns, Reaching safepoint: 76716 ns, At safepoint: 9591 ns, Total: 86307 ns
[2020-02-26T09:45:50.545+0000][1][safepoint    ] Safepoint "RevokeBias", Time since last: 7488264 ns, Reaching safepoint: 91366 ns, At safepoint: 37121 ns, Total: 128487 ns
[2020-02-26T09:45:51.545+0000][1][safepoint    ] Safepoint "Cleanup", Time since last: 1000227459 ns, Reaching safepoint: 208854 ns, At safepoint: 9832 ns, Total: 218686 ns
[2020-02-26T09:45:52.545+0000][1][safepoint    ] Safepoint "Cleanup", Time since last: 1000181848 ns, Reaching safepoint: 75766 ns, At safepoint: 7615 ns, Total: 83381 ns
[2020-02-26T09:45:53.051+0000][1][safepoint    ] Safepoint "RevokeBias", Time since last: 505574224 ns, Reaching safepoint: 140987 ns, At safepoint: 26283 ns, Total: 167270 ns
[2020-02-26T09:45:54.053+0000][1][safepoint    ] Safepoint "Cleanup", Time since last: 1001540335 ns, Reaching safepoint: 76695 ns, At safepoint: 10247 ns, Total: 86942 ns
[2020-02-26T09:45:55.054+0000][1][safepoint    ] Safepoint "Cleanup", Time since last: 1000639522 ns, Reaching safepoint: 186437 ns, At safepoint: 26253 ns, Total: 212690 ns
[2020-02-26T09:45:55.558+0000][1][safepoint    ] Safepoint "RevokeBias", Time since last: 503905146 ns, Reaching safepoint: 72144 ns, At safepoint: 19550 ns, Total: 91694 ns
[2020-02-26T09:45:56.558+0000][1][safepoint    ] Safepoint "Cleanup", Time since last: 1000293072 ns, Reaching safepoint: 134822 ns, At safepoint: 13858 ns, Total: 148680 ns
[2020-02-26T09:45:58.062+0000][1][safepoint    ] Safepoint "RevokeBias", Time since last: 1504350969 ns, Reaching safepoint: 101034 ns, At safepoint: 21814 ns, Total: 122848 ns
[2020-02-26T09:45:59.065+0000][1][safepoint    ] Safepoint "Cleanup", Time since last: 1002068675 ns, Reaching safepoint: 73878 ns, At safepoint: 8579 ns, Total: 82457 ns
[2020-02-26T09:46:00.066+0000][1][safepoint    ] Safepoint "Cleanup", Time since last: 1001373303 ns, Reaching safepoint: 75209 ns, At safepoint: 8496 ns, Total: 83705 ns
[2020-02-26T09:46:00.571+0000][1][safepoint    ] Safepoint "RevokeBias", Time since last: 504966635 ns, Reaching safepoint: 145820 ns, At safepoint: 22338 ns, Total: 168158 ns
[2020-02-26T09:46:01.571+0000][1][safepoint    ] Safepoint "Cleanup", Time since last: 1000184489 ns, Reaching safepoint: 90882 ns, At safepoint: 8802 ns, Total: 99684 ns
[2020-02-26T09:46:02.572+0000][1][safepoint    ] Safepoint "Cleanup", Time since last: 1000565609 ns, Reaching safepoint: 76917 ns, At safepoint: 8952 ns, Total: 85869 ns
[2020-02-26T09:46:03.074+0000][1][safepoint    ] Safepoint "RevokeBias", Time since last: 501880058 ns, Reaching safepoint: 54749 ns, At safepoint: 19044 ns, Total: 73793 ns
[2020-02-26T09:46:04.075+0000][1][safepoint    ] Safepoint "Cleanup", Time since last: 1000579474 ns, Reaching safepoint: 92580 ns, At safepoint: 27396 ns, Total: 119976 ns
[2020-02-26T09:46:05.076+0000][1][safepoint    ] Safepoint "Cleanup", Time since last: 1001242923 ns, Reaching safepoint: 75987 ns, At safepoint: 8680 ns, Total: 84667 ns
[2020-02-26T09:46:05.577+0000][1][safepoint    ] Safepoint "RevokeBias", Time since last: 500422579 ns, Reaching safepoint: 70924 ns, At safepoint: 73891 ns, Total: 144815 ns
[2020-02-26T09:46:06.578+0000][1][safepoint    ] Safepoint "Cleanup", Time since last: 1000706148 ns, Reaching safepoint: 114750 ns, At safepoint: 12732 ns, Total: 127482 ns
[2020-02-26T09:46:07.578+0000][1][safepoint    ] Safepoint "Cleanup", Time since last: 1000615657 ns, Reaching safepoint: 74555 ns, At safepoint: 7996 ns, Total: 82551 ns
[2020-02-26T09:46:08.080+0000][1][safepoint    ] Safepoint "RevokeBias", Time since last: 501890543 ns, Reaching safepoint: 72963 ns, At safepoint: 19611 ns, Total: 92574 ns
[2020-02-26T09:46:09.081+0000][1][safepoint    ] Safepoint "Cleanup", Time since last: 1000506149 ns, Reaching safepoint: 125831 ns, At safepoint: 28170 ns, Total: 154001 ns
[2020-02-26T09:46:10.085+0000][1][safepoint    ] Safepoint "Cleanup", Time since last: 1004458959 ns, Reaching safepoint: 92210 ns, At safepoint: 8444 ns, Total: 100654 ns
[2020-02-26T09:46:10.594+0000][1][safepoint    ] Safepoint "RevokeBias", Time since last: 508881362 ns, Reaching safepoint: 123720 ns, At safepoint: 54849 ns, Total: 178569 ns
[2020-02-26T09:46:11.595+0000][1][safepoint    ] Safepoint "Cleanup", Time since last: 1000299428 ns, Reaching safepoint: 133287 ns, At safepoint: 8287 ns, Total: 141574 ns
[2020-02-26T09:46:12.596+0000][1][safepoint    ] Safepoint "Cleanup", Time since last: 1000952432 ns, Reaching safepoint: 92836 ns, At safepoint: 9261 ns, Total: 102097 ns
[2020-02-26T09:46:13.106+0000][1][safepoint    ] Safepoint "RevokeBias", Time since last: 510135440 ns, Reaching safepoint: 72746 ns, At safepoint: 20552 ns, Total: 93298 ns
[2020-02-26T09:46:14.107+0000][1][safepoint    ] Safepoint "Cleanup", Time since last: 1000652942 ns, Reaching safepoint: 102946 ns, At safepoint: 13445 ns, Total: 116391 ns
[2020-02-26T09:46:15.108+0000][1][safepoint    ] Safepoint "Cleanup", Time since last: 1000554604 ns, Reaching safepoint: 75551 ns, At safepoint: 9025 ns, Total: 84576 ns
[2020-02-26T09:46:15.620+0000][1][safepoint    ] Safepoint "RevokeBias", Time since last: 512140223 ns, Reaching safepoint: 71777 ns, At safepoint: 20248 ns, Total: 92025 ns
[2020-02-26T09:46:16.620+0000][1][safepoint    ] Safepoint "Cleanup", Time since last: 1000241554 ns, Reaching safepoint: 113193 ns, At safepoint: 29654 ns, Total: 142847 ns
[2020-02-26T09:46:18.084+0000][1][safepoint    ] Safepoint "Cleanup", Time since last: 1463446957 ns, Reaching safepoint: 138133 ns, At safepoint: 11948 ns, Total: 150081 ns
[2020-02-26T09:46:18.135+0000][1][safepoint    ] Safepoint "BulkRevokeBias", Time since last: 51025370 ns, Reaching safepoint: 96058 ns, At safepoint: 508221 ns, Total: 604279 ns
[2020-02-26T09:46:19.136+0000][1][safepoint    ] Safepoint "Cleanup", Time since last: 1000725693 ns, Reaching safepoint: 75250 ns, At safepoint: 9083 ns, Total: 84333 ns
[2020-02-26T09:46:20.137+0000][1][safepoint    ] Safepoint "Cleanup", Time since last: 1000170159 ns, Reaching safepoint: 77984 ns, At safepoint: 9289 ns, Total: 87273 ns
[2020-02-26T09:46:20.650+0000][1][safepoint    ] Safepoint "RevokeBias", Time since last: 512976077 ns, Reaching safepoint: 145322 ns, At safepoint: 40007 ns, Total: 185329 ns
[2020-02-26T09:46:21.654+0000][1][safepoint    ] Safepoint "Cleanup", Time since last: 1004299458 ns, Reaching safepoint: 76651 ns, At safepoint: 8814 ns, Total: 85465 ns
[2020-02-26T09:46:22.654+0000][1][safepoint    ] Safepoint "Cleanup", Time since last: 1000221147 ns, Reaching safepoint: 179221 ns, At safepoint: 25492 ns, Total: 204713 ns
[2020-02-26T09:46:23.163+0000][1][safepoint    ] Safepoint "RevokeBias", Time since last: 508252429 ns, Reaching safepoint: 91014 ns, At safepoint: 22818 ns, Total: 113832 ns
[2020-02-26T09:46:24.163+0000][1][safepoint    ] Safepoint "Cleanup", Time since last: 1000248162 ns, Reaching safepoint: 149296 ns, At safepoint: 12077 ns, Total: 161373 ns
[2020-02-26T09:46:25.164+0000][1][safepoint    ] Safepoint "Cleanup", Time since last: 1000231583 ns, Reaching safepoint: 96521 ns, At safepoint: 31521 ns, Total: 128042 ns
[2020-02-26T09:46:25.669+0000][1][safepoint    ] Safepoint "RevokeBias", Time since last: 505542484 ns, Reaching safepoint: 69683 ns, At safepoint: 19337 ns, Total: 89020 ns
[2020-02-26T09:46:26.671+0000][1][safepoint    ] Safepoint "Cleanup", Time since last: 1001391031 ns, Reaching safepoint: 82630 ns, At safepoint: 25936 ns, Total: 108566 ns
[2020-02-26T09:46:27.671+0000][1][safepoint    ] Safepoint "Cleanup", Time since last: 1000419356 ns, Reaching safepoint: 78309 ns, At safepoint: 9285 ns, Total: 87594 ns
[2020-02-26T09:46:28.175+0000][1][safepoint    ] Safepoint "RevokeBias", Time since last: 503481027 ns, Reaching safepoint: 73723 ns, At safepoint: 20824 ns, Total: 94547 ns
[2020-02-26T09:46:29.176+0000][1][safepoint    ] Safepoint "Cleanup", Time since last: 1000684505 ns, Reaching safepoint: 63647 ns, At safepoint: 10074 ns, Total: 73721 ns
[2020-02-26T09:46:30.177+0000][1][safepoint    ] Safepoint "Cleanup", Time since last: 1000978084 ns, Reaching safepoint: 76735 ns, At safepoint: 9814 ns, Total: 86549 ns
[2020-02-26T09:46:30.678+0000][1][safepoint    ] Safepoint "RevokeBias", Time since last: 501639435 ns, Reaching safepoint: 72337 ns, At safepoint: 19720 ns, Total: 92057 ns
[2020-02-26T09:46:31.682+0000][1][safepoint    ] Safepoint "Cleanup", Time since last: 1003791498 ns, Reaching safepoint: 73568 ns, At safepoint: 7612 ns, Total: 81180 ns
[2020-02-26T09:46:32.683+0000][1][safepoint    ] Safepoint "Cleanup", Time since last: 1000597799 ns, Reaching safepoint: 72132 ns, At safepoint: 8023 ns, Total: 80155 ns
[2020-02-26T09:46:33.183+0000][1][safepoint    ] Safepoint "RevokeBias", Time since last: 499792959 ns, Reaching safepoint: 70330 ns, At safepoint: 19458 ns, Total: 89788 ns
[2020-02-26T09:46:34.183+0000][1][safepoint    ] Safepoint "Cleanup", Time since last: 1000493866 ns, Reaching safepoint: 96347 ns, At safepoint: 11102 ns, Total: 107449 ns
[2020-02-26T09:46:35.184+0000][1][safepoint    ] Safepoint "Cleanup", Time since last: 1000436920 ns, Reaching safepoint: 90464 ns, At safepoint: 9052 ns, Total: 99516 ns
[2020-02-26T09:46:35.686+0000][1][safepoint    ] Safepoint "RevokeBias", Time since last: 502206022 ns, Reaching safepoint: 70312 ns, At safepoint: 19588 ns, Total: 89900 ns
[2020-02-26T09:46:36.687+0000][1][safepoint    ] Safepoint "Cleanup", Time since last: 1000972560 ns, Reaching safepoint: 75753 ns, At safepoint: 8959 ns, Total: 84712 ns
[2020-02-26T09:46:37.689+0000][1][safepoint    ] Safepoint "Cleanup", Time since last: 1001565031 ns, Reaching safepoint: 134519 ns, At safepoint: 12768 ns, Total: 147287 ns
[2020-02-26T09:46:38.191+0000][1][safepoint    ] Safepoint "RevokeBias", Time since last: 502052452 ns, Reaching safepoint: 72246 ns, At safepoint: 19486 ns, Total: 91732 ns
[2020-02-26T09:46:40.003+0000][1][safepoint    ] Safepoint "Cleanup", Time since last: 1811272809 ns, Reaching safepoint: 120820 ns, At safepoint: 11613 ns, Total: 132433 ns
[2020-02-26T09:46:40.695+0000][1][safepoint    ] Safepoint "RevokeBias", Time since last: 692406233 ns, Reaching safepoint: 70905 ns, At safepoint: 19676 ns, Total: 90581 ns
[2020-02-26T09:46:41.696+0000][1][safepoint    ] Safepoint "Cleanup", Time since last: 1000380888 ns, Reaching safepoint: 107928 ns, At safepoint: 31891 ns, Total: 139819 ns
[2020-02-26T09:46:42.701+0000][1][safepoint    ] Safepoint "Cleanup", Time since last: 1005682065 ns, Reaching safepoint: 108186 ns, At safepoint: 10427 ns, Total: 118613 ns
[2020-02-26T09:46:43.199+0000][1][safepoint    ] Safepoint "RevokeBias", Time since last: 497765996 ns, Reaching safepoint: 113526 ns, At safepoint: 20571 ns, Total: 134097 ns
[2020-02-26T09:46:44.200+0000][1][safepoint    ] Safepoint "Cleanup", Time since last: 1000483562 ns, Reaching safepoint: 77426 ns, At safepoint: 9170 ns, Total: 86596 ns
[2020-02-26T09:46:45.201+0000][1][safepoint    ] Safepoint "Cleanup", Time since last: 1000854972 ns, Reaching safepoint: 75260 ns, At safepoint: 8829 ns, Total: 84089 ns
[2020-02-26T09:46:45.706+0000][1][safepoint    ] Safepoint "RevokeBias", Time since last: 505174948 ns, Reaching safepoint: 215222 ns, At safepoint: 60103 ns, Total: 275325 ns
[2020-02-26T09:46:46.707+0000][1][safepoint    ] Safepoint "Cleanup", Time since last: 1000687867 ns, Reaching safepoint: 148491 ns, At safepoint: 29987 ns, Total: 178478 ns
[2020-02-26T09:46:47.709+0000][1][safepoint    ] Safepoint "Cleanup", Time since last: 1001757429 ns, Reaching safepoint: 160626 ns, At safepoint: 9181 ns, Total: 169807 ns
[2020-02-26T09:46:48.223+0000][1][safepoint    ] Safepoint "RevokeBias", Time since last: 513935581 ns, Reaching safepoint: 209125 ns, At safepoint: 63654 ns, Total: 272779 ns
[2020-02-26T09:46:49.224+0000][1][safepoint    ] Safepoint "Cleanup", Time since last: 1000343100 ns, Reaching safepoint: 93028 ns, At safepoint: 8621 ns, Total: 101649 ns
[2020-02-26T09:46:50.224+0000][1][safepoint    ] Safepoint "Cleanup", Time since last: 1000325122 ns, Reaching safepoint: 86571 ns, At safepoint: 10388 ns, Total: 96959 ns
[2020-02-26T09:46:50.733+0000][1][safepoint    ] Safepoint "RevokeBias", Time since last: 508477754 ns, Reaching safepoint: 76265 ns, At safepoint: 21258 ns, Total: 97523 ns
[2020-02-26T09:46:51.733+0000][1][safepoint    ] Safepoint "Cleanup", Time since last: 1000680478 ns, Reaching safepoint: 74766 ns, At safepoint: 8002 ns, Total: 82768 ns
[2020-02-26T09:46:52.734+0000][1][safepoint    ] Safepoint "Cleanup", Time since last: 1000266397 ns, Reaching safepoint: 76945 ns, At safepoint: 9847 ns, Total: 86792 ns
[2020-02-26T09:46:53.250+0000][1][safepoint    ] Safepoint "RevokeBias", Time since last: 515574214 ns, Reaching safepoint: 88885 ns, At safepoint: 21153 ns, Total: 110038 ns
[2020-02-26T09:46:54.250+0000][1][safepoint    ] Safepoint "Cleanup", Time since last: 1000472471 ns, Reaching safepoint: 77399 ns, At safepoint: 10230 ns, Total: 87629 ns
[2020-02-26T09:46:55.251+0000][1][safepoint    ] Safepoint "Cleanup", Time since last: 1000630183 ns, Reaching safepoint: 72869 ns, At safepoint: 8429 ns, Total: 81298 ns
[2020-02-26T09:46:55.759+0000][1][safepoint    ] Safepoint "RevokeBias", Time since last: 508058250 ns, Reaching safepoint: 178322 ns, At safepoint: 23453 ns, Total: 201775 ns
[2020-02-26T09:46:56.760+0000][1][safepoint    ] Safepoint "Cleanup", Time since last: 1000607976 ns, Reaching safepoint: 130325 ns, At safepoint: 26341 ns, Total: 156666 ns
[2020-02-26T09:46:57.760+0000][1][safepoint    ] Safepoint "Cleanup", Time since last: 1000457703 ns, Reaching safepoint: 97978 ns, At safepoint: 10046 ns, Total: 108024 ns
[2020-02-26T09:46:58.267+0000][1][safepoint    ] Safepoint "RevokeBias", Time since last: 506353372 ns, Reaching safepoint: 112506 ns, At safepoint: 31596 ns, Total: 144102 ns
[2020-02-26T09:46:59.268+0000][1][safepoint    ] Safepoint "Cleanup", Time since last: 1001222958 ns, Reaching safepoint: 75816 ns, At safepoint: 8230 ns, Total: 84046 ns
[2020-02-26T09:47:00.268+0000][1][safepoint    ] Safepoint "Cleanup", Time since last: 1000217127 ns, Reaching safepoint: 76096 ns, At safepoint: 8961 ns, Total: 85057 ns
[2020-02-26T09:47:00.772+0000][1][safepoint    ] Safepoint "RevokeBias", Time since last: 503887011 ns, Reaching safepoint: 114370 ns, At safepoint: 20407 ns, Total: 134777 ns
[2020-02-26T09:47:01.773+0000][1][safepoint    ] Safepoint "Cleanup", Time since last: 1000899367 ns, Reaching safepoint: 82146 ns, At safepoint: 11553 ns, Total: 93699 ns
[2020-02-26T09:47:02.774+0000][1][safepoint    ] Safepoint "Cleanup", Time since last: 1000255097 ns, Reaching safepoint: 74786 ns, At safepoint: 9153 ns, Total: 83939 ns
[2020-02-26T09:47:03.277+0000][1][safepoint    ] Safepoint "RevokeBias", Time since last: 503257865 ns, Reaching safepoint: 81721 ns, At safepoint: 29339 ns, Total: 111060 ns
[2020-02-26T09:47:04.280+0000][1][safepoint    ] Safepoint "Cleanup", Time since last: 1002428629 ns, Reaching safepoint: 75571 ns, At safepoint: 8552 ns, Total: 84123 ns
[2020-02-26T09:47:05.280+0000][1][safepoint    ] Safepoint "Cleanup", Time since last: 1000201360 ns, Reaching safepoint: 119298 ns, At safepoint: 13207 ns, Total: 132505 ns
[2020-02-26T09:47:05.782+0000][1][safepoint    ] Safepoint "RevokeBias", Time since last: 501403470 ns, Reaching safepoint: 72876 ns, At safepoint: 19990 ns, Total: 92866 ns
[2020-02-26T09:47:06.782+0000][1][safepoint    ] Safepoint "Cleanup", Time since last: 1000504838 ns, Reaching safepoint: 75735 ns, At safepoint: 8962 ns, Total: 84697 ns
[2020-02-26T09:47:07.783+0000][1][safepoint    ] Safepoint "Cleanup", Time since last: 1000485051 ns, Reaching safepoint: 94080 ns, At safepoint: 9818 ns, Total: 103898 ns
[2020-02-26T09:47:08.285+0000][1][safepoint    ] Safepoint "RevokeBias", Time since last: 501871509 ns, Reaching safepoint: 70943 ns, At safepoint: 19578 ns, Total: 90521 ns
[2020-02-26T09:47:09.287+0000][1][safepoint    ] Safepoint "Cleanup", Time since last: 1002229082 ns, Reaching safepoint: 75719 ns, At safepoint: 8262 ns, Total: 83981 ns
[2020-02-26T09:47:10.288+0000][1][safepoint    ] Safepoint "Cleanup", Time since last: 1000825200 ns, Reaching safepoint: 90912 ns, At safepoint: 9548 ns, Total: 100460 ns
[2020-02-26T09:47:10.788+0000][1][safepoint    ] Safepoint "RevokeBias", Time since last: 499519953 ns, Reaching safepoint: 70550 ns, At safepoint: 19963 ns, Total: 90513 ns
[2020-02-26T09:47:11.788+0000][1][safepoint    ] Safepoint "Cleanup", Time since last: 1000258726 ns, Reaching safepoint: 77679 ns, At safepoint: 9539 ns, Total: 87218 ns
[2020-02-26T09:47:12.789+0000][1][safepoint    ] Safepoint "Cleanup", Time since last: 1000570849 ns, Reaching safepoint: 196165 ns, At safepoint: 15515 ns, Total: 211680 ns
[2020-02-26T09:47:13.293+0000][1][safepoint    ] Safepoint "RevokeBias", Time since last: 503764013 ns, Reaching safepoint: 70009 ns, At safepoint: 19471 ns, Total: 89480 ns
[2020-02-26T09:47:14.293+0000][1][safepoint    ] Safepoint "Cleanup", Time since last: 1000517556 ns, Reaching safepoint: 90883 ns, At safepoint: 8855 ns, Total: 99738 ns
[2020-02-26T09:47:15.299+0000][1][safepoint    ] Safepoint "Cleanup", Time since last: 1005864405 ns, Reaching safepoint: 86231 ns, At safepoint: 9231 ns, Total: 95462 ns
[2020-02-26T09:47:15.797+0000][1][safepoint    ] Safepoint "RevokeBias", Time since last: 497644662 ns, Reaching safepoint: 151286 ns, At safepoint: 43401 ns, Total: 194687 ns
[2020-02-26T09:47:16.798+0000][1][safepoint    ] Safepoint "Cleanup", Time since last: 1001131564 ns, Reaching safepoint: 75905 ns, At safepoint: 8341 ns, Total: 84246 ns
[2020-02-26T09:47:17.799+0000][1][safepoint    ] Safepoint "Cleanup", Time since last: 1000252332 ns, Reaching safepoint: 168666 ns, At safepoint: 28405 ns, Total: 197071 ns
[2020-02-26T09:47:18.301+0000][1][safepoint    ] Safepoint "RevokeBias", Time since last: 502404829 ns, Reaching safepoint: 113319 ns, At safepoint: 22791 ns, Total: 136110 ns
[2020-02-26T09:47:19.302+0000][1][safepoint    ] Safepoint "Cleanup", Time since last: 1000900851 ns, Reaching safepoint: 118865 ns, At safepoint: 8863 ns, Total: 127728 ns
[2020-02-26T09:47:20.309+0000][1][safepoint    ] Safepoint "Cleanup", Time since last: 1006359696 ns, Reaching safepoint: 122374 ns, At safepoint: 7978 ns, Total: 130352 ns
[2020-02-26T09:47:20.811+0000][1][safepoint    ] Safepoint "RevokeBias", Time since last: 502114902 ns, Reaching safepoint: 52785 ns, At safepoint: 17283 ns, Total: 70068 ns
[2020-02-26T09:47:21.811+0000][1][safepoint    ] Safepoint "Cleanup", Time since last: 1000372990 ns, Reaching safepoint: 158876 ns, At safepoint: 8390 ns, Total: 167266 ns
[2020-02-26T09:47:22.812+0000][1][safepoint    ] Safepoint "Cleanup", Time since last: 1000185170 ns, Reaching safepoint: 79271 ns, At safepoint: 9467 ns, Total: 88738 ns
[2020-02-26T09:47:23.322+0000][1][safepoint    ] Safepoint "RevokeBias", Time since last: 510283575 ns, Reaching safepoint: 95620 ns, At safepoint: 23562 ns, Total: 119182 ns
[2020-02-26T09:47:24.323+0000][1][safepoint    ] Safepoint "Cleanup", Time since last: 1001173189 ns, Reaching safepoint: 124421 ns, At safepoint: 11254 ns, Total: 135675 ns
[2020-02-26T09:47:25.327+0000][1][safepoint    ] Safepoint "Cleanup", Time since last: 1003190835 ns, Reaching safepoint: 81538 ns, At safepoint: 10247 ns, Total: 91785 ns
[2020-02-26T09:47:25.838+0000][1][safepoint    ] Safepoint "RevokeBias", Time since last: 510863628 ns, Reaching safepoint: 111741 ns, At safepoint: 31300 ns, Total: 143041 ns
[2020-02-26T09:47:26.839+0000][1][safepoint    ] Safepoint "Cleanup", Time since last: 1000735219 ns, Reaching safepoint: 121849 ns, At safepoint: 31092 ns, Total: 152941 ns
[2020-02-26T09:47:27.839+0000][1][safepoint    ] Safepoint "Cleanup", Time since last: 1000846763 ns, Reaching safepoint: 81865 ns, At safepoint: 8837 ns, Total: 90702 ns
[2020-02-26T09:47:28.348+0000][1][safepoint    ] Safepoint "RevokeBias", Time since last: 508089870 ns, Reaching safepoint: 70873 ns, At safepoint: 19919 ns, Total: 90792 ns
[2020-02-26T09:47:29.348+0000][1][safepoint    ] Safepoint "Cleanup", Time since last: 1000363214 ns, Reaching safepoint: 80297 ns, At safepoint: 9725 ns, Total: 90022 ns
[2020-02-26T09:47:30.349+0000][1][safepoint    ] Safepoint "Cleanup", Time since last: 1000822519 ns, Reaching safepoint: 90461 ns, At safepoint: 14139 ns, Total: 104600 ns
[2020-02-26T09:47:30.865+0000][1][safepoint    ] Safepoint "BulkRevokeBias", Time since last: 515686021 ns, Reaching safepoint: 92703 ns, At safepoint: 425515 ns, Total: 518218 ns
[2020-02-26T09:47:31.866+0000][1][safepoint    ] Safepoint "Cleanup", Time since last: 1000722157 ns, Reaching safepoint: 91759 ns, At safepoint: 25052 ns, Total: 116811 ns
[2020-02-26T09:47:32.867+0000][1][safepoint    ] Safepoint "Cleanup", Time since last: 1000514055 ns, Reaching safepoint: 97062 ns, At safepoint: 11036 ns, Total: 108098 ns
[2020-02-26T09:47:33.374+0000][1][safepoint    ] Safepoint "RevokeBias", Time since last: 507137214 ns, Reaching safepoint: 143941 ns, At safepoint: 21932 ns, Total: 165873 ns
[2020-02-26T09:47:34.375+0000][1][safepoint    ] Safepoint "Cleanup", Time since last: 1000559187 ns, Reaching safepoint: 72479 ns, At safepoint: 7527 ns, Total: 80006 ns
[2020-02-26T09:47:35.375+0000][1][safepoint    ] Safepoint "Cleanup", Time since last: 1000530093 ns, Reaching safepoint: 77465 ns, At safepoint: 10443 ns, Total: 87908 ns
[2020-02-26T09:47:35.877+0000][1][safepoint    ] Safepoint "RevokeBias", Time since last: 501413296 ns, Reaching safepoint: 72240 ns, At safepoint: 72669 ns, Total: 144909 ns
[2020-02-26T09:47:36.880+0000][1][safepoint    ] Safepoint "Cleanup", Time since last: 1002695352 ns, Reaching safepoint: 78246 ns, At safepoint: 12109 ns, Total: 90355 ns
[2020-02-26T09:47:37.881+0000][1][safepoint    ] Safepoint "Cleanup", Time since last: 1000552825 ns, Reaching safepoint: 212889 ns, At safepoint: 153115 ns, Total: 366004 ns
[2020-02-26T09:47:38.382+0000][1][safepoint    ] Safepoint "RevokeBias", Time since last: 501159885 ns, Reaching safepoint: 70677 ns, At safepoint: 19254 ns, Total: 89931 ns
[2020-02-26T09:47:39.382+0000][1][safepoint    ] Safepoint "Cleanup", Time since last: 1000350713 ns, Reaching safepoint: 191808 ns, At safepoint: 29000 ns, Total: 220808 ns
[2020-02-26T09:47:40.383+0000][1][safepoint    ] Safepoint "Cleanup", Time since last: 1000262194 ns, Reaching safepoint: 161779 ns, At safepoint: 29502 ns, Total: 191281 ns
[2020-02-26T09:47:40.885+0000][1][safepoint    ] Safepoint "RevokeBias", Time since last: 502477926 ns, Reaching safepoint: 78489 ns, At safepoint: 77981 ns, Total: 156470 ns
[2020-02-26T09:47:41.896+0000][1][safepoint    ] Safepoint "Cleanup", Time since last: 1010086979 ns, Reaching safepoint: 82946 ns, At safepoint: 10790 ns, Total: 93736 ns
[2020-02-26T09:47:42.896+0000][1][safepoint    ] Safepoint "Cleanup", Time since last: 1000296403 ns, Reaching safepoint: 111393 ns, At safepoint: 9753 ns, Total: 121146 ns
[2020-02-26T09:47:43.391+0000][1][safepoint    ] Safepoint "RevokeBias", Time since last: 494646324 ns, Reaching safepoint: 71764 ns, At safepoint: 19640 ns, Total: 91404 ns
[2020-02-26T09:47:44.391+0000][1][safepoint    ] Safepoint "Cleanup", Time since last: 1000329395 ns, Reaching safepoint: 78573 ns, At safepoint: 9300 ns, Total: 87873 ns
[2020-02-26T09:47:45.392+0000][1][safepoint    ] Safepoint "Cleanup", Time since last: 1000661143 ns, Reaching safepoint: 80073 ns, At safepoint: 10334 ns, Total: 90407 ns
[2020-02-26T09:47:45.894+0000][1][safepoint    ] Safepoint "RevokeBias", Time since last: 502365065 ns, Reaching safepoint: 73557 ns, At safepoint: 19626 ns, Total: 93183 ns
[2020-02-26T09:47:46.897+0000][1][safepoint    ] Safepoint "Cleanup", Time since last: 1002224955 ns, Reaching safepoint: 195499 ns, At safepoint: 30070 ns, Total: 225569 ns
[2020-02-26T09:47:47.897+0000][1][safepoint    ] Safepoint "Cleanup", Time since last: 1000425789 ns, Reaching safepoint: 73191 ns, At safepoint: 7642 ns, Total: 80833 ns
[2020-02-26T09:47:48.407+0000][1][safepoint    ] Safepoint "RevokeBias", Time since last: 507355280 ns, Reaching safepoint: 1910581 ns, At safepoint: 41159 ns, Total: 1951740 ns
[2020-02-26T09:47:49.455+0000][1][safepoint    ] Safepoint "Cleanup", Time since last: 1047907219 ns, Reaching safepoint: 77251 ns, At safepoint: 9418 ns, Total: 86669 ns
[2020-02-26T09:47:50.455+0000][1][safepoint    ] Safepoint "Cleanup", Time since last: 1000657557 ns, Reaching safepoint: 92799 ns, At safepoint: 9643 ns, Total: 102442 ns
[2020-02-26T09:47:50.909+0000][1][safepoint    ] Safepoint "RevokeBias", Time since last: 453419347 ns, Reaching safepoint: 94436 ns, At safepoint: 21951 ns, Total: 116387 ns
[2020-02-26T09:47:51.944+0000][1][safepoint    ] Safepoint "Cleanup", Time since last: 1035348958 ns, Reaching safepoint: 171073 ns, At safepoint: 9295 ns, Total: 180368 ns
[2020-02-26T09:47:52.951+0000][1][safepoint    ] Safepoint "Cleanup", Time since last: 1005959607 ns, Reaching safepoint: 94614 ns, At safepoint: 9493 ns, Total: 104107 ns
[2020-02-26T09:47:53.414+0000][1][safepoint    ] Safepoint "RevokeBias", Time since last: 462931482 ns, Reaching safepoint: 196273 ns, At safepoint: 24236 ns, Total: 220509 ns
[2020-02-26T09:47:54.415+0000][1][safepoint    ] Safepoint "Cleanup", Time since last: 1000897614 ns, Reaching safepoint: 93137 ns, At safepoint: 8945 ns, Total: 102082 ns
[2020-02-26T09:47:55.415+0000][1][safepoint    ] Safepoint "Cleanup", Time since last: 1000201018 ns, Reaching safepoint: 130673 ns, At safepoint: 15057 ns, Total: 145730 ns
[2020-02-26T09:47:55.921+0000][1][safepoint    ] Safepoint "RevokeBias", Time since last: 505986099 ns, Reaching safepoint: 69620 ns, At safepoint: 18599 ns, Total: 88219 ns
[2020-02-26T09:47:56.922+0000][1][safepoint    ] Safepoint "Cleanup", Time since last: 1001029799 ns, Reaching safepoint: 76720 ns, At safepoint: 9666 ns, Total: 86386 ns
[2020-02-26T09:47:57.925+0000][1][safepoint    ] Safepoint "Cleanup", Time since last: 1002328655 ns, Reaching safepoint: 76410 ns, At safepoint: 9613 ns, Total: 86023 ns
[2020-02-26T09:47:58.431+0000][1][safepoint    ] Safepoint "RevokeBias", Time since last: 506476674 ns, Reaching safepoint: 181773 ns, At safepoint: 88483 ns, Total: 270256 ns
[2020-02-26T09:47:59.432+0000][1][safepoint    ] Safepoint "Cleanup", Time since last: 1000967423 ns, Reaching safepoint: 93976 ns, At safepoint: 9421 ns, Total: 103397 ns
[2020-02-26T09:48:00.433+0000][1][safepoint    ] Safepoint "Cleanup", Time since last: 1000308450 ns, Reaching safepoint: 75781 ns, At safepoint: 8664 ns, Total: 84445 ns
[2020-02-26T09:48:00.949+0000][1][safepoint    ] Safepoint "RevokeBias", Time since last: 514600781 ns, Reaching safepoint: 1275466 ns, At safepoint: 118421 ns, Total: 1393887 ns
[2020-02-26T09:48:01.949+0000][1][safepoint    ] Safepoint "Cleanup", Time since last: 1000491021 ns, Reaching safepoint: 77660 ns, At safepoint: 9845 ns, Total: 87505 ns
[2020-02-26T09:48:02.955+0000][1][safepoint    ] Safepoint "Cleanup", Time since last: 1005000131 ns, Reaching safepoint: 96078 ns, At safepoint: 8420 ns, Total: 104498 ns
[2020-02-26T09:48:03.461+0000][1][safepoint    ] Safepoint "RevokeBias", Time since last: 506608627 ns, Reaching safepoint: 75959 ns, At safepoint: 20587 ns, Total: 96546 ns
[2020-02-26T09:48:04.462+0000][1][safepoint    ] Safepoint "Cleanup", Time since last: 1000757422 ns, Reaching safepoint: 92545 ns, At safepoint: 9245 ns, Total: 101790 ns
[2020-02-26T09:48:04.793+0000][1][gc,start     ] GC(63) Pause Young (Allocation Failure)
[2020-02-26T09:48:04.793+0000][1][gc,task      ] GC(63) Using 1 workers of 1 for evacuation
[2020-02-26T09:48:04.805+0000][1][gc,age       ] GC(63) Desired survivor size 4358144 bytes, new threshold 6 (max threshold 6)
[2020-02-26T09:48:04.805+0000][1][gc,age       ] GC(63) Age table with threshold 6 (max threshold 6)
[2020-02-26T09:48:04.805+0000][1][gc,age       ] GC(63) - age   1:      11872 bytes,      11872 total
[2020-02-26T09:48:04.805+0000][1][gc,age       ] GC(63) - age   2:        192 bytes,      12064 total
[2020-02-26T09:48:04.805+0000][1][gc,age       ] GC(63) - age   3:       1864 bytes,      13928 total
[2020-02-26T09:48:04.805+0000][1][gc,age       ] GC(63) - age   4:        496 bytes,      14424 total
[2020-02-26T09:48:04.805+0000][1][gc,age       ] GC(63) - age   5:        328 bytes,      14752 total
[2020-02-26T09:48:04.805+0000][1][gc,age       ] GC(63) - age   6:      17544 bytes,      32296 total
[2020-02-26T09:48:04.805+0000][1][gc,heap      ] GC(63) ParNew: 68210K->32K(76672K)
[2020-02-26T09:48:04.805+0000][1][gc,heap      ] GC(63) CMS: 62639K->62640K(963392K)
[2020-02-26T09:48:04.805+0000][1][gc,metaspace ] GC(63) Metaspace: 79686K->79686K(1122304K)
[2020-02-26T09:48:04.805+0000][1][gc           ] GC(63) Pause Young (Allocation Failure) 127M->61M(1015M) 11.911ms
[2020-02-26T09:48:04.805+0000][1][gc,cpu       ] GC(63) User=0.01s Sys=0.00s Real=0.01s
[2020-02-26T09:48:04.805+0000][1][safepoint    ] Safepoint "GenCollectForAllocation", Time since last: 331124558 ns, Reaching safepoint: 102283 ns, At safepoint: 12042895 ns, Total: 12145178 ns
[2020-02-26T09:48:05.806+0000][1][safepoint    ] Safepoint "Cleanup", Time since last: 1000432220 ns, Reaching safepoint: 94024 ns, At safepoint: 9409 ns, Total: 103433 ns
[2020-02-26T09:48:05.971+0000][1][safepoint    ] Safepoint "RevokeBias", Time since last: 165202375 ns, Reaching safepoint: 72185 ns, At safepoint: 19953 ns, Total: 92138 ns
[2020-02-26T09:48:06.972+0000][1][safepoint    ] Safepoint "Cleanup", Time since last: 1000248998 ns, Reaching safepoint: 77100 ns, At safepoint: 9869 ns, Total: 86969 ns
[2020-02-26T09:48:07.972+0000][1][safepoint    ] Safepoint "Cleanup", Time since last: 1000318953 ns, Reaching safepoint: 92913 ns, At safepoint: 9754 ns, Total: 102667 ns
[2020-02-26T09:48:08.480+0000][1][safepoint    ] Safepoint "RevokeBias", Time since last: 508236686 ns, Reaching safepoint: 179891 ns, At safepoint: 25603 ns, Total: 205494 ns
[2020-02-26T09:48:09.481+0000][1][safepoint    ] Safepoint "Cleanup", Time since last: 1000357821 ns, Reaching safepoint: 100194 ns, At safepoint: 8270 ns, Total: 108464 ns
[2020-02-26T09:48:10.481+0000][1][safepoint    ] Safepoint "Cleanup", Time since last: 1000371617 ns, Reaching safepoint: 71899 ns, At safepoint: 8294 ns, Total: 80193 ns
[2020-02-26T09:48:10.990+0000][1][safepoint    ] Safepoint "RevokeBias", Time since last: 508509705 ns, Reaching safepoint: 57430 ns, At safepoint: 18842 ns, Total: 76272 ns
[2020-02-26T09:48:11.991+0000][1][safepoint    ] Safepoint "Cleanup", Time since last: 1000593885 ns, Reaching safepoint: 99003 ns, At safepoint: 14177 ns, Total: 113180 ns
[2020-02-26T09:48:12.991+0000][1][safepoint    ] Safepoint "Cleanup", Time since last: 1000234225 ns, Reaching safepoint: 75636 ns, At safepoint: 7814 ns, Total: 83450 ns
[2020-02-26T09:48:13.494+0000][1][safepoint    ] Safepoint "RevokeBias", Time since last: 502849380 ns, Reaching safepoint: 73690 ns, At safepoint: 20099 ns, Total: 93789 ns
[2020-02-26T09:48:14.505+0000][1][safepoint    ] Safepoint "Cleanup", Time since last: 1010503958 ns, Reaching safepoint: 138198 ns, At safepoint: 8564 ns, Total: 146762 ns
[2020-02-26T09:48:15.505+0000][1][safepoint    ] Safepoint "Cleanup", Time since last: 1000548890 ns, Reaching safepoint: 76451 ns, At safepoint: 8805 ns, Total: 85256 ns
[2020-02-26T09:48:15.998+0000][1][safepoint    ] Safepoint "RevokeBias", Time since last: 492910437 ns, Reaching safepoint: 68770 ns, At safepoint: 75300 ns, Total: 144070 ns
[2020-02-26T09:48:16.999+0000][1][safepoint    ] Safepoint "Cleanup", Time since last: 1000236970 ns, Reaching safepoint: 138589 ns, At safepoint: 9404 ns, Total: 147993 ns
[2020-02-26T09:48:17.999+0000][1][safepoint    ] Safepoint "Cleanup", Time since last: 1000379817 ns, Reaching safepoint: 121936 ns, At safepoint: 15796 ns, Total: 137732 ns
[2020-02-26T09:48:18.503+0000][1][safepoint    ] Safepoint "RevokeBias", Time since last: 504123082 ns, Reaching safepoint: 88959 ns, At safepoint: 24219 ns, Total: 113178 ns
[2020-02-26T09:48:19.509+0000][1][safepoint    ] Safepoint "Cleanup", Time since last: 1005775971 ns, Reaching safepoint: 207807 ns, At safepoint: 29762 ns, Total: 237569 ns
[2020-02-26T09:48:20.510+0000][1][safepoint    ] Safepoint "Cleanup", Time since last: 1000719638 ns, Reaching safepoint: 72172 ns, At safepoint: 7927 ns, Total: 80099 ns
[2020-02-26T09:48:21.017+0000][1][safepoint    ] Safepoint "RevokeBias", Time since last: 505851020 ns, Reaching safepoint: 1196510 ns, At safepoint: 25632 ns, Total: 1222142 ns
[2020-02-26T09:48:22.018+0000][1][safepoint    ] Safepoint "Cleanup", Time since last: 1000621482 ns, Reaching safepoint: 83017 ns, At safepoint: 24709 ns, Total: 107726 ns
[2020-02-26T09:48:23.019+0000][1][safepoint    ] Safepoint "Cleanup", Time since last: 1000642315 ns, Reaching safepoint: 78965 ns, At safepoint: 12281 ns, Total: 91246 ns
[2020-02-26T09:48:23.519+0000][1][safepoint    ] Safepoint "RevokeBias", Time since last: 500578689 ns, Reaching safepoint: 81419 ns, At safepoint: 21563 ns, Total: 102982 ns
[2020-02-26T09:48:24.523+0000][1][safepoint    ] Safepoint "Cleanup", Time since last: 1003764656 ns, Reaching safepoint: 70620 ns, At safepoint: 6867 ns, Total: 77487 ns
[2020-02-26T09:48:25.524+0000][1][safepoint    ] Safepoint "Cleanup", Time since last: 1000220195 ns, Reaching safepoint: 77476 ns, At safepoint: 9260 ns, Total: 86736 ns
[2020-02-26T09:48:26.025+0000][1][safepoint    ] Safepoint "RevokeBias", Time since last: 501594358 ns, Reaching safepoint: 159496 ns, At safepoint: 21187 ns, Total: 180683 ns
[2020-02-26T09:48:27.026+0000][1][safepoint    ] Safepoint "Cleanup", Time since last: 1000824728 ns, Reaching safepoint: 98099 ns, At safepoint: 12365 ns, Total: 110464 ns
[2020-02-26T09:48:28.027+0000][1][safepoint    ] Safepoint "Cleanup", Time since last: 1000166385 ns, Reaching safepoint: 94286 ns, At safepoint: 9148 ns, Total: 103434 ns
[2020-02-26T09:48:28.530+0000][1][safepoint    ] Safepoint "RevokeBias", Time since last: 503507724 ns, Reaching safepoint: 69975 ns, At safepoint: 19033 ns, Total: 89008 ns
[2020-02-26T09:48:29.531+0000][1][safepoint    ] Safepoint "Cleanup", Time since last: 1000476957 ns, Reaching safepoint: 72240 ns, At safepoint: 7405 ns, Total: 79645 ns
[2020-02-26T09:48:30.532+0000][1][safepoint    ] Safepoint "Cleanup", Time since last: 1001109811 ns, Reaching safepoint: 75305 ns, At safepoint: 8240 ns, Total: 83545 ns
[2020-02-26T09:48:31.033+0000][1][safepoint    ] Safepoint "RevokeBias", Time since last: 501119520 ns, Reaching safepoint: 129653 ns, At safepoint: 23592 ns, Total: 153245 ns
[2020-02-26T09:48:32.033+0000][1][safepoint    ] Safepoint "Cleanup", Time since last: 1000181185 ns, Reaching safepoint: 75796 ns, At safepoint: 9183 ns, Total: 84979 ns
[2020-02-26T09:48:33.034+0000][1][safepoint    ] Safepoint "Cleanup", Time since last: 1000210344 ns, Reaching safepoint: 77965 ns, At safepoint: 9521 ns, Total: 87486 ns
[2020-02-26T09:48:33.536+0000][1][safepoint    ] Safepoint "RevokeBias", Time since last: 502445468 ns, Reaching safepoint: 130056 ns, At safepoint: 23638 ns, Total: 153694 ns
[2020-02-26T09:48:34.537+0000][1][safepoint    ] Safepoint "Cleanup", Time since last: 1000605998 ns, Reaching safepoint: 136174 ns, At safepoint: 9567 ns, Total: 145741 ns
[2020-02-26T09:48:35.539+0000][1][safepoint    ] Safepoint "Cleanup", Time since last: 1002290489 ns, Reaching safepoint: 135833 ns, At safepoint: 12520 ns, Total: 148353 ns
[2020-02-26T09:48:36.054+0000][1][safepoint    ] Safepoint "RevokeBias", Time since last: 514333256 ns, Reaching safepoint: 114658 ns, At safepoint: 31201 ns, Total: 145859 ns
[2020-02-26T09:48:37.054+0000][1][safepoint    ] Safepoint "Cleanup", Time since last: 1000191640 ns, Reaching safepoint: 159546 ns, At safepoint: 10711 ns, Total: 170257 ns
[2020-02-26T09:48:38.055+0000][1][safepoint    ] Safepoint "Cleanup", Time since last: 1000733817 ns, Reaching safepoint: 92859 ns, At safepoint: 10027 ns, Total: 102886 ns
[2020-02-26T09:48:38.564+0000][1][safepoint    ] Safepoint "RevokeBias", Time since last: 508720339 ns, Reaching safepoint: 57929 ns, At safepoint: 18411 ns, Total: 76340 ns
[2020-02-26T09:48:39.565+0000][1][safepoint    ] Safepoint "Cleanup", Time since last: 1000483806 ns, Reaching safepoint: 91294 ns, At safepoint: 24754 ns, Total: 116048 ns
[2020-02-26T09:48:40.567+0000][1][safepoint    ] Safepoint "Cleanup", Time since last: 1001911568 ns, Reaching safepoint: 86278 ns, At safepoint: 7787 ns, Total: 94065 ns
[2020-02-26T09:48:41.077+0000][1][safepoint    ] Safepoint "RevokeBias", Time since last: 510218540 ns, Reaching safepoint: 111961 ns, At safepoint: 32448 ns, Total: 144409 ns
[2020-02-26T09:48:42.077+0000][1][safepoint    ] Safepoint "Cleanup", Time since last: 1000402950 ns, Reaching safepoint: 76812 ns, At safepoint: 8853 ns, Total: 85665 ns
[2020-02-26T09:48:43.078+0000][1][safepoint    ] Safepoint "Cleanup", Time since last: 1000595945 ns, Reaching safepoint: 95393 ns, At safepoint: 9135 ns, Total: 104528 ns
[2020-02-26T09:48:43.587+0000][1][safepoint    ] Safepoint "BulkRevokeBias", Time since last: 508529782 ns, Reaching safepoint: 184453 ns, At safepoint: 237876 ns, Total: 422329 ns
[2020-02-26T09:48:44.588+0000][1][safepoint    ] Safepoint "Cleanup", Time since last: 1000578807 ns, Reaching safepoint: 95638 ns, At safepoint: 10366 ns, Total: 106004 ns
[2020-02-26T09:48:45.588+0000][1][safepoint    ] Safepoint "Cleanup", Time since last: 1000455132 ns, Reaching safepoint: 84318 ns, At safepoint: 9625 ns, Total: 93943 ns
[2020-02-26T09:48:46.106+0000][1][safepoint    ] Safepoint "RevokeBias", Time since last: 517162626 ns, Reaching safepoint: 52564 ns, At safepoint: 18443 ns, Total: 71007 ns
[2020-02-26T09:48:47.106+0000][1][safepoint    ] Safepoint "Cleanup", Time since last: 1000571904 ns, Reaching safepoint: 76403 ns, At safepoint: 9373 ns, Total: 85776 ns
[2020-02-26T09:48:48.107+0000][1][safepoint    ] Safepoint "Cleanup", Time since last: 1000655393 ns, Reaching safepoint: 76523 ns, At safepoint: 8765 ns, Total: 85288 ns
[2020-02-26T09:48:48.616+0000][1][safepoint    ] Safepoint "RevokeBias", Time since last: 508558724 ns, Reaching safepoint: 121223 ns, At safepoint: 22343 ns, Total: 143566 ns
[2020-02-26T09:48:49.616+0000][1][safepoint    ] Safepoint "Cleanup", Time since last: 1000670160 ns, Reaching safepoint: 111256 ns, At safepoint: 9866 ns, Total: 121122 ns
[2020-02-26T09:48:50.617+0000][1][safepoint    ] Safepoint "Cleanup", Time since last: 1000425042 ns, Reaching safepoint: 94793 ns, At safepoint: 10610 ns, Total: 105403 ns
[2020-02-26T09:48:51.120+0000][1][safepoint    ] Safepoint "RevokeBias", Time since last: 502563718 ns, Reaching safepoint: 72783 ns, At safepoint: 19715 ns, Total: 92498 ns
[2020-02-26T09:48:52.121+0000][1][safepoint    ] Safepoint "Cleanup", Time since last: 1000935656 ns, Reaching safepoint: 58492 ns, At safepoint: 8352 ns, Total: 66844 ns
[2020-02-26T09:48:53.121+0000][1][safepoint    ] Safepoint "Cleanup", Time since last: 1000639530 ns, Reaching safepoint: 93627 ns, At safepoint: 10046 ns, Total: 103673 ns
[2020-02-26T09:48:53.623+0000][1][safepoint    ] Safepoint "RevokeBias", Time since last: 501550782 ns, Reaching safepoint: 69602 ns, At safepoint: 18972 ns, Total: 88574 ns
[2020-02-26T09:48:54.624+0000][1][safepoint    ] Safepoint "Cleanup", Time since last: 1000793916 ns, Reaching safepoint: 99800 ns, At safepoint: 13111 ns, Total: 112911 ns
[2020-02-26T09:48:55.624+0000][1][safepoint    ] Safepoint "Cleanup", Time since last: 1000146535 ns, Reaching safepoint: 78709 ns, At safepoint: 8550 ns, Total: 87259 ns
[2020-02-26T09:48:56.128+0000][1][safepoint    ] Safepoint "RevokeBias", Time since last: 503936743 ns, Reaching safepoint: 76372 ns, At safepoint: 21316 ns, Total: 97688 ns
[2020-02-26T09:48:57.130+0000][1][safepoint    ] Safepoint "Cleanup", Time since last: 1001629646 ns, Reaching safepoint: 73663 ns, At safepoint: 7811 ns, Total: 81474 ns
[2020-02-26T09:48:58.131+0000][1][safepoint    ] Safepoint "Cleanup", Time since last: 1001072293 ns, Reaching safepoint: 108432 ns, At safepoint: 9351 ns, Total: 117783 ns
[2020-02-26T09:48:58.634+0000][1][safepoint    ] Safepoint "RevokeBias", Time since last: 503010526 ns, Reaching safepoint: 136659 ns, At safepoint: 37609 ns, Total: 174268 ns
[2020-02-26T09:48:59.635+0000][1][safepoint    ] Safepoint "Cleanup", Time since last: 1000770805 ns, Reaching safepoint: 75745 ns, At safepoint: 8439 ns, Total: 84184 ns
[2020-02-26T09:49:00.636+0000][1][safepoint    ] Safepoint "Cleanup", Time since last: 1000526195 ns, Reaching safepoint: 79722 ns, At safepoint: 26377 ns, Total: 106099 ns
[2020-02-26T09:49:01.138+0000][1][safepoint    ] Safepoint "RevokeBias", Time since last: 502073749 ns, Reaching safepoint: 75253 ns, At safepoint: 20526 ns, Total: 95779 ns
[2020-02-26T09:49:02.140+0000][1][safepoint    ] Safepoint "Cleanup", Time since last: 1002132420 ns, Reaching safepoint: 76249 ns, At safepoint: 8230 ns, Total: 84479 ns
[2020-02-26T09:49:03.141+0000][1][safepoint    ] Safepoint "Cleanup", Time since last: 1000273165 ns, Reaching safepoint: 111568 ns, At safepoint: 13867 ns, Total: 125435 ns
[2020-02-26T09:49:03.642+0000][1][safepoint    ] Safepoint "RevokeBias", Time since last: 500912452 ns, Reaching safepoint: 70946 ns, At safepoint: 20164 ns, Total: 91110 ns
[2020-02-26T09:49:04.642+0000][1][safepoint    ] Safepoint "Cleanup", Time since last: 1000499003 ns, Reaching safepoint: 73587 ns, At safepoint: 8213 ns, Total: 81800 ns
[2020-02-26T09:49:05.643+0000][1][safepoint    ] Safepoint "Cleanup", Time since last: 1000576035 ns, Reaching safepoint: 93343 ns, At safepoint: 9883 ns, Total: 103226 ns
[2020-02-26T09:49:06.146+0000][1][safepoint    ] Safepoint "RevokeBias", Time since last: 502850658 ns, Reaching safepoint: 113827 ns, At safepoint: 86581 ns, Total: 200408 ns
[2020-02-26T09:49:07.146+0000][1][safepoint    ] Safepoint "Cleanup", Time since last: 1000349078 ns, Reaching safepoint: 74847 ns, At safepoint: 9435 ns, Total: 84282 ns
[2020-02-26T09:49:08.147+0000][1][safepoint    ] Safepoint "Cleanup", Time since last: 1000457141 ns, Reaching safepoint: 178925 ns, At safepoint: 7625 ns, Total: 186550 ns
[2020-02-26T09:49:08.650+0000][1][safepoint    ] Safepoint "RevokeBias", Time since last: 502484006 ns, Reaching safepoint: 76655 ns, At safepoint: 20636 ns, Total: 97291 ns
[2020-02-26T09:49:09.650+0000][1][safepoint    ] Safepoint "Cleanup", Time since last: 1000279850 ns, Reaching safepoint: 95001 ns, At safepoint: 9768 ns, Total: 104769 ns
[2020-02-26T09:49:10.651+0000][1][safepoint    ] Safepoint "Cleanup", Time since last: 1000820369 ns, Reaching safepoint: 76336 ns, At safepoint: 8966 ns, Total: 85302 ns
[2020-02-26T09:49:11.153+0000][1][safepoint    ] Safepoint "RevokeBias", Time since last: 501991883 ns, Reaching safepoint: 69981 ns, At safepoint: 19430 ns, Total: 89411 ns
[2020-02-26T09:49:12.154+0000][1][safepoint    ] Safepoint "Cleanup", Time since last: 1000707576 ns, Reaching safepoint: 83116 ns, At safepoint: 16694 ns, Total: 99810 ns
[2020-02-26T09:49:13.161+0000][1][safepoint    ] Safepoint "Cleanup", Time since last: 1007571113 ns, Reaching safepoint: 76576 ns, At safepoint: 9015 ns, Total: 85591 ns
[2020-02-26T09:49:13.668+0000][1][safepoint    ] Safepoint "RevokeBias", Time since last: 506741050 ns, Reaching safepoint: 71385 ns, At safepoint: 19515 ns, Total: 90900 ns
[2020-02-26T09:49:14.669+0000][1][safepoint    ] Safepoint "Cleanup", Time since last: 1000386927 ns, Reaching safepoint: 119930 ns, At safepoint: 40380 ns, Total: 160310 ns
[2020-02-26T09:49:15.669+0000][1][safepoint    ] Safepoint "Cleanup", Time since last: 1000321380 ns, Reaching safepoint: 127380 ns, At safepoint: 10912 ns, Total: 138292 ns
[2020-02-26T09:49:16.188+0000][1][safepoint    ] Safepoint "RevokeBias", Time since last: 517265186 ns, Reaching safepoint: 1273553 ns, At safepoint: 30713 ns, Total: 1304266 ns
[2020-02-26T09:49:17.203+0000][1][safepoint    ] Safepoint "Cleanup", Time since last: 1015494534 ns, Reaching safepoint: 89328 ns, At safepoint: 7308 ns, Total: 96636 ns
[2020-02-26T09:49:18.214+0000][1][safepoint    ] Safepoint "Cleanup", Time since last: 1010187688 ns, Reaching safepoint: 75758 ns, At safepoint: 8698 ns, Total: 84456 ns
[2020-02-26T09:49:18.700+0000][1][safepoint    ] Safepoint "RevokeBias", Time since last: 486394682 ns, Reaching safepoint: 73853 ns, At safepoint: 18818 ns, Total: 92671 ns
[2020-02-26T09:49:19.701+0000][1][safepoint    ] Safepoint "Cleanup", Time since last: 1000247846 ns, Reaching safepoint: 214753 ns, At safepoint: 14776 ns, Total: 229529 ns
[2020-02-26T09:49:20.701+0000][1][safepoint    ] Safepoint "Cleanup", Time since last: 1000424564 ns, Reaching safepoint: 83192 ns, At safepoint: 11297 ns, Total: 94489 ns
[2020-02-26T09:49:21.210+0000][1][safepoint    ] Safepoint "RevokeBias", Time since last: 509224070 ns, Reaching safepoint: 76916 ns, At safepoint: 27378 ns, Total: 104294 ns
[2020-02-26T09:49:22.211+0000][1][safepoint    ] Safepoint "Cleanup", Time since last: 1000245485 ns, Reaching safepoint: 120712 ns, At safepoint: 14248 ns, Total: 134960 ns
[2020-02-26T09:49:23.212+0000][1][safepoint    ] Safepoint "Cleanup", Time since last: 1001140812 ns, Reaching safepoint: 94081 ns, At safepoint: 9140 ns, Total: 103221 ns
[2020-02-26T09:49:23.723+0000][1][safepoint    ] Safepoint "RevokeBias", Time since last: 511010432 ns, Reaching safepoint: 76447 ns, At safepoint: 37876 ns, Total: 114323 ns
[2020-02-26T09:49:24.724+0000][1][safepoint    ] Safepoint "Cleanup", Time since last: 1000561431 ns, Reaching safepoint: 97176 ns, At safepoint: 9050 ns, Total: 106226 ns
[2020-02-26T09:49:25.724+0000][1][safepoint    ] Safepoint "Cleanup", Time since last: 1000169952 ns, Reaching safepoint: 237083 ns, At safepoint: 28658 ns, Total: 265741 ns
[2020-02-26T09:49:26.235+0000][1][safepoint    ] Safepoint "RevokeBias", Time since last: 511098303 ns, Reaching safepoint: 73992 ns, At safepoint: 20808 ns, Total: 94800 ns
[2020-02-26T09:49:27.236+0000][1][safepoint    ] Safepoint "Cleanup", Time since last: 1000743668 ns, Reaching safepoint: 94533 ns, At safepoint: 9889 ns, Total: 104422 ns
[2020-02-26T09:49:28.237+0000][1][safepoint    ] Safepoint "Cleanup", Time since last: 1000237207 ns, Reaching safepoint: 95251 ns, At safepoint: 9906 ns, Total: 105157 ns
[2020-02-26T09:49:28.742+0000][1][safepoint    ] Safepoint "RevokeBias", Time since last: 504895812 ns, Reaching safepoint: 218707 ns, At safepoint: 49310 ns, Total: 268017 ns
[2020-02-26T09:49:29.743+0000][1][safepoint    ] Safepoint "Cleanup", Time since last: 1000683201 ns, Reaching safepoint: 75637 ns, At safepoint: 8065 ns, Total: 83702 ns
[2020-02-26T09:49:30.743+0000][1][safepoint    ] Safepoint "Cleanup", Time since last: 1000141937 ns, Reaching safepoint: 76559 ns, At safepoint: 8621 ns, Total: 85180 ns
[2020-02-26T09:49:31.245+0000][1][safepoint    ] Safepoint "RevokeBias", Time since last: 502350357 ns, Reaching safepoint: 70679 ns, At safepoint: 19536 ns, Total: 90215 ns
[2020-02-26T09:49:32.246+0000][1][safepoint    ] Safepoint "Cleanup", Time since last: 1000285976 ns, Reaching safepoint: 79254 ns, At safepoint: 10087 ns, Total: 89341 ns
[2020-02-26T09:49:33.246+0000][1][safepoint    ] Safepoint "Cleanup", Time since last: 1000576183 ns, Reaching safepoint: 93417 ns, At safepoint: 9390 ns, Total: 102807 ns
[2020-02-26T09:49:33.750+0000][1][safepoint    ] Safepoint "RevokeBias", Time since last: 503789945 ns, Reaching safepoint: 71663 ns, At safepoint: 19426 ns, Total: 91089 ns
[2020-02-26T09:49:34.751+0000][1][safepoint    ] Safepoint "Cleanup", Time since last: 1001186613 ns, Reaching safepoint: 77137 ns, At safepoint: 8567 ns, Total: 85704 ns
[2020-02-26T09:49:35.752+0000][1][safepoint    ] Safepoint "Cleanup", Time since last: 1000658106 ns, Reaching safepoint: 77933 ns, At safepoint: 9553 ns, Total: 87486 ns
[2020-02-26T09:49:36.252+0000][1][safepoint    ] Safepoint "RevokeBias", Time since last: 500013935 ns, Reaching safepoint: 69828 ns, At safepoint: 20180 ns, Total: 90008 ns
[2020-02-26T09:49:37.253+0000][1][safepoint    ] Safepoint "Cleanup", Time since last: 1000759259 ns, Reaching safepoint: 131405 ns, At safepoint: 11743 ns, Total: 143148 ns
[2020-02-26T09:49:38.254+0000][1][safepoint    ] Safepoint "Cleanup", Time since last: 1000783775 ns, Reaching safepoint: 134301 ns, At safepoint: 14127 ns, Total: 148428 ns
[2020-02-26T09:49:38.757+0000][1][safepoint    ] Safepoint "RevokeBias", Time since last: 502978405 ns, Reaching safepoint: 70575 ns, At safepoint: 19090 ns, Total: 89665 ns
[2020-02-26T09:49:39.763+0000][1][safepoint    ] Safepoint "Cleanup", Time since last: 1005204390 ns, Reaching safepoint: 93513 ns, At safepoint: 8624 ns, Total: 102137 ns
[2020-02-26T09:49:40.763+0000][1][safepoint    ] Safepoint "Cleanup", Time since last: 1000369628 ns, Reaching safepoint: 77017 ns, At safepoint: 9639 ns, Total: 86656 ns
[2020-02-26T09:49:41.262+0000][1][safepoint    ] Safepoint "RevokeBias", Time since last: 499052642 ns, Reaching safepoint: 117899 ns, At safepoint: 23245 ns, Total: 141144 ns
[2020-02-26T09:49:42.263+0000][1][safepoint    ] Safepoint "Cleanup", Time since last: 1000333485 ns, Reaching safepoint: 76391 ns, At safepoint: 9424 ns, Total: 85815 ns
[2020-02-26T09:49:43.263+0000][1][safepoint    ] Safepoint "Cleanup", Time since last: 1000527116 ns, Reaching safepoint: 76871 ns, At safepoint: 9672 ns, Total: 86543 ns
[2020-02-26T09:49:43.765+0000][1][safepoint    ] Safepoint "RevokeBias", Time since last: 501909809 ns, Reaching safepoint: 70503 ns, At safepoint: 103878 ns, Total: 174381 ns
[2020-02-26T09:49:44.766+0000][1][safepoint    ] Safepoint "Cleanup", Time since last: 1000188060 ns, Reaching safepoint: 93153 ns, At safepoint: 8951 ns, Total: 102104 ns
[2020-02-26T09:49:45.766+0000][1][safepoint    ] Safepoint "Cleanup", Time since last: 1000163639 ns, Reaching safepoint: 75009 ns, At safepoint: 7857 ns, Total: 82866 ns
[2020-02-26T09:49:46.271+0000][1][safepoint    ] Safepoint "RevokeBias", Time since last: 504812874 ns, Reaching safepoint: 74358 ns, At safepoint: 25298 ns, Total: 99656 ns
[2020-02-26T09:49:47.272+0000][1][safepoint    ] Safepoint "Cleanup", Time since last: 1000712343 ns, Reaching safepoint: 224198 ns, At safepoint: 27695 ns, Total: 251893 ns
[2020-02-26T09:49:48.272+0000][1][safepoint    ] Safepoint "Cleanup", Time since last: 1000346835 ns, Reaching safepoint: 76933 ns, At safepoint: 9525 ns, Total: 86458 ns
[2020-02-26T09:49:48.775+0000][1][safepoint    ] Safepoint "RevokeBias", Time since last: 503174578 ns, Reaching safepoint: 84334 ns, At safepoint: 30125 ns, Total: 114459 ns
[2020-02-26T09:49:49.776+0000][1][safepoint    ] Safepoint "Cleanup", Time since last: 1000457117 ns, Reaching safepoint: 151018 ns, At safepoint: 12629 ns, Total: 163647 ns
[2020-02-26T09:49:50.781+0000][1][safepoint    ] Safepoint "Cleanup", Time since last: 1004653685 ns, Reaching safepoint: 74836 ns, At safepoint: 8602 ns, Total: 83438 ns
[2020-02-26T09:49:51.289+0000][1][safepoint    ] Safepoint "RevokeBias", Time since last: 508082091 ns, Reaching safepoint: 91395 ns, At safepoint: 19649 ns, Total: 111044 ns
[2020-02-26T09:49:52.289+0000][1][safepoint    ] Safepoint "Cleanup", Time since last: 1000209975 ns, Reaching safepoint: 114429 ns, At safepoint: 10318 ns, Total: 124747 ns
[2020-02-26T09:49:53.290+0000][1][safepoint    ] Safepoint "Cleanup", Time since last: 1001064161 ns, Reaching safepoint: 78368 ns, At safepoint: 9900 ns, Total: 88268 ns
[2020-02-26T09:49:53.803+0000][1][safepoint    ] Safepoint "RevokeBias", Time since last: 512557383 ns, Reaching safepoint: 106546 ns, At safepoint: 20156 ns, Total: 126702 ns
[2020-02-26T09:49:54.803+0000][1][safepoint    ] Safepoint "Cleanup", Time since last: 1000228635 ns, Reaching safepoint: 93018 ns, At safepoint: 8826 ns, Total: 101844 ns
[2020-02-26T09:49:55.809+0000][1][safepoint    ] Safepoint "Cleanup", Time since last: 1004969884 ns, Reaching safepoint: 84212 ns, At safepoint: 10517 ns, Total: 94729 ns
[2020-02-26T09:49:56.316+0000][1][safepoint    ] Safepoint "BulkRevokeBias", Time since last: 507239661 ns, Reaching safepoint: 71369 ns, At safepoint: 348745 ns, Total: 420114 ns
[2020-02-26T09:49:57.317+0000][1][safepoint    ] Safepoint "Cleanup", Time since last: 1000795137 ns, Reaching safepoint: 97082 ns, At safepoint: 47455 ns, Total: 144537 ns
[2020-02-26T09:49:58.325+0000][1][safepoint    ] Safepoint "Cleanup", Time since last: 1007373812 ns, Reaching safepoint: 147031 ns, At safepoint: 10350 ns, Total: 157381 ns
[2020-02-26T09:49:58.825+0000][1][safepoint    ] Safepoint "RevokeBias", Time since last: 500316146 ns, Reaching safepoint: 123764 ns, At safepoint: 36382 ns, Total: 160146 ns
[2020-02-26T09:49:59.826+0000][1][safepoint    ] Safepoint "Cleanup", Time since last: 1000291774 ns, Reaching safepoint: 108191 ns, At safepoint: 13778 ns, Total: 121969 ns
[2020-02-26T09:50:00.827+0000][1][safepoint    ] Safepoint "Cleanup", Time since last: 1000882530 ns, Reaching safepoint: 120757 ns, At safepoint: 10046 ns, Total: 130803 ns
[2020-02-26T09:50:01.341+0000][1][safepoint    ] Safepoint "RevokeBias", Time since last: 514310496 ns, Reaching safepoint: 72897 ns, At safepoint: 19521 ns, Total: 92418 ns
[2020-02-26T09:50:02.341+0000][1][safepoint    ] Safepoint "Cleanup", Time since last: 1000096440 ns, Reaching safepoint: 93221 ns, At safepoint: 8888 ns, Total: 102109 ns
[2020-02-26T09:50:03.342+0000][1][safepoint    ] Safepoint "Cleanup", Time since last: 1000699227 ns, Reaching safepoint: 76108 ns, At safepoint: 9875 ns, Total: 85983 ns
[2020-02-26T09:50:03.851+0000][1][safepoint    ] Safepoint "RevokeBias", Time since last: 509057039 ns, Reaching safepoint: 71861 ns, At safepoint: 20039 ns, Total: 91900 ns
[2020-02-26T09:50:04.852+0000][1][safepoint    ] Safepoint "Cleanup", Time since last: 1000686080 ns, Reaching safepoint: 78835 ns, At safepoint: 9075 ns, Total: 87910 ns
[2020-02-26T09:50:05.853+0000][1][safepoint    ] Safepoint "Cleanup", Time since last: 1000792884 ns, Reaching safepoint: 77364 ns, At safepoint: 8976 ns, Total: 86340 ns
[2020-02-26T09:50:06.354+0000][1][safepoint    ] Safepoint "RevokeBias", Time since last: 501317741 ns, Reaching safepoint: 112529 ns, At safepoint: 22625 ns, Total: 135154 ns
[2020-02-26T09:50:07.355+0000][1][safepoint    ] Safepoint "Cleanup", Time since last: 1000708396 ns, Reaching safepoint: 196433 ns, At safepoint: 14023 ns, Total: 210456 ns
[2020-02-26T09:50:08.356+0000][1][safepoint    ] Safepoint "Cleanup", Time since last: 1000331247 ns, Reaching safepoint: 80104 ns, At safepoint: 10209 ns, Total: 90313 ns
[2020-02-26T09:50:08.860+0000][1][safepoint    ] Safepoint "RevokeBias", Time since last: 504255915 ns, Reaching safepoint: 106890 ns, At safepoint: 68365 ns, Total: 175255 ns
[2020-02-26T09:50:09.861+0000][1][safepoint    ] Safepoint "Cleanup", Time since last: 1000422028 ns, Reaching safepoint: 122978 ns, At safepoint: 11194 ns, Total: 134172 ns
[2020-02-26T09:50:10.861+0000][1][safepoint    ] Safepoint "Cleanup", Time since last: 1000769668 ns, Reaching safepoint: 79837 ns, At safepoint: 10125 ns, Total: 89962 ns
[2020-02-26T09:50:11.365+0000][1][safepoint    ] Safepoint "RevokeBias", Time since last: 503095355 ns, Reaching safepoint: 92399 ns, At safepoint: 22356 ns, Total: 114755 ns
[2020-02-26T09:50:12.366+0000][1][safepoint    ] Safepoint "Cleanup", Time since last: 1001705640 ns, Reaching safepoint: 76143 ns, At safepoint: 8461 ns, Total: 84604 ns
[2020-02-26T09:50:13.367+0000][1][safepoint    ] Safepoint "Cleanup", Time since last: 1000741509 ns, Reaching safepoint: 93276 ns, At safepoint: 9898 ns, Total: 103174 ns
[2020-02-26T09:50:13.870+0000][1][safepoint    ] Safepoint "RevokeBias", Time since last: 502089673 ns, Reaching safepoint: 135026 ns, At safepoint: 34064 ns, Total: 169090 ns
[2020-02-26T09:50:14.870+0000][1][safepoint    ] Safepoint "Cleanup", Time since last: 1000588113 ns, Reaching safepoint: 87961 ns, At safepoint: 8908 ns, Total: 96869 ns
[2020-02-26T09:50:15.871+0000][1][safepoint    ] Safepoint "Cleanup", Time since last: 1000569457 ns, Reaching safepoint: 116099 ns, At safepoint: 10166 ns, Total: 126265 ns
[2020-02-26T09:50:16.377+0000][1][safepoint    ] Safepoint "RevokeBias", Time since last: 506408143 ns, Reaching safepoint: 71498 ns, At safepoint: 19693 ns, Total: 91191 ns
[2020-02-26T09:50:17.380+0000][1][safepoint    ] Safepoint "Cleanup", Time since last: 1002153667 ns, Reaching safepoint: 93230 ns, At safepoint: 9235 ns, Total: 102465 ns
[2020-02-26T09:50:18.395+0000][1][safepoint    ] Safepoint "Cleanup", Time since last: 1003991867 ns, Reaching safepoint: 11478814 ns, At safepoint: 15344 ns, Total: 11494158 ns
[2020-02-26T09:50:18.883+0000][1][safepoint    ] Safepoint "RevokeBias", Time since last: 487269136 ns, Reaching safepoint: 98591 ns, At safepoint: 40149 ns, Total: 138740 ns
[2020-02-26T09:50:19.883+0000][1][safepoint    ] Safepoint "Cleanup", Time since last: 1000504738 ns, Reaching safepoint: 76036 ns, At safepoint: 8620 ns, Total: 84656 ns
[2020-02-26T09:50:20.244+0000][1][gc,start     ] GC(64) Pause Young (Allocation Failure)
[2020-02-26T09:50:20.244+0000][1][gc,task      ] GC(64) Using 1 workers of 1 for evacuation
[2020-02-26T09:50:20.255+0000][1][gc,age       ] GC(64) Desired survivor size 4358144 bytes, new threshold 6 (max threshold 6)
[2020-02-26T09:50:20.255+0000][1][gc,age       ] GC(64) Age table with threshold 6 (max threshold 6)
[2020-02-26T09:50:20.255+0000][1][gc,age       ] GC(64) - age   1:      11904 bytes,      11904 total
[2020-02-26T09:50:20.255+0000][1][gc,age       ] GC(64) - age   2:        144 bytes,      12048 total
[2020-02-26T09:50:20.255+0000][1][gc,age       ] GC(64) - age   3:         96 bytes,      12144 total
[2020-02-26T09:50:20.255+0000][1][gc,age       ] GC(64) - age   4:       1864 bytes,      14008 total
[2020-02-26T09:50:20.255+0000][1][gc,age       ] GC(64) - age   5:        376 bytes,      14384 total
[2020-02-26T09:50:20.255+0000][1][gc,age       ] GC(64) - age   6:        328 bytes,      14712 total
[2020-02-26T09:50:20.255+0000][1][gc,heap      ] GC(64) ParNew: 68192K->31K(76672K)
[2020-02-26T09:50:20.255+0000][1][gc,heap      ] GC(64) CMS: 62640K->62657K(963392K)
[2020-02-26T09:50:20.255+0000][1][gc,metaspace ] GC(64) Metaspace: 79695K->79695K(1122304K)
[2020-02-26T09:50:20.255+0000][1][gc           ] GC(64) Pause Young (Allocation Failure) 127M->61M(1015M) 11.115ms
[2020-02-26T09:50:20.255+0000][1][gc,cpu       ] GC(64) User=0.02s Sys=0.00s Real=0.01s
[2020-02-26T09:50:20.256+0000][1][safepoint    ] Safepoint "GenCollectForAllocation", Time since last: 361122082 ns, Reaching safepoint: 68326 ns, At safepoint: 11183942 ns, Total: 11252268 ns
[2020-02-26T09:50:21.256+0000][1][safepoint    ] Safepoint "Cleanup", Time since last: 1000469213 ns, Reaching safepoint: 69357 ns, At safepoint: 7355 ns, Total: 76712 ns
[2020-02-26T09:50:21.390+0000][1][safepoint    ] Safepoint "RevokeBias", Time since last: 133533489 ns, Reaching safepoint: 108964 ns, At safepoint: 25267 ns, Total: 134231 ns
[2020-02-26T09:50:22.390+0000][1][safepoint    ] Safepoint "Cleanup", Time since last: 1000517524 ns, Reaching safepoint: 113903 ns, At safepoint: 11878 ns, Total: 125781 ns
[2020-02-26T09:50:23.399+0000][1][safepoint    ] Safepoint "Cleanup", Time since last: 1008301102 ns, Reaching safepoint: 77098 ns, At safepoint: 8454 ns, Total: 85552 ns
[2020-02-26T09:50:23.903+0000][1][safepoint    ] Safepoint "RevokeBias", Time since last: 504444306 ns, Reaching safepoint: 71614 ns, At safepoint: 20387 ns, Total: 92001 ns
[2020-02-26T09:50:24.904+0000][1][safepoint    ] Safepoint "Cleanup", Time since last: 1000176689 ns, Reaching safepoint: 90331 ns, At safepoint: 7939 ns, Total: 98270 ns
[2020-02-26T09:50:25.904+0000][1][safepoint    ] Safepoint "Cleanup", Time since last: 1000254607 ns, Reaching safepoint: 90044 ns, At safepoint: 7767 ns, Total: 97811 ns
[2020-02-26T09:50:26.414+0000][1][safepoint    ] Safepoint "RevokeBias", Time since last: 509809443 ns, Reaching safepoint: 72923 ns, At safepoint: 19677 ns, Total: 92600 ns
[2020-02-26T09:50:27.415+0000][1][safepoint    ] Safepoint "Cleanup", Time since last: 1000897767 ns, Reaching safepoint: 116745 ns, At safepoint: 8222 ns, Total: 124967 ns
[2020-02-26T09:50:28.419+0000][1][safepoint    ] Safepoint "Cleanup", Time since last: 1004371378 ns, Reaching safepoint: 249067 ns, At safepoint: 8842 ns, Total: 257909 ns
[2020-02-26T09:50:28.930+0000][1][safepoint    ] Safepoint "RevokeBias", Time since last: 510287889 ns, Reaching safepoint: 176863 ns, At safepoint: 41824 ns, Total: 218687 ns
[2020-02-26T09:50:29.931+0000][1][safepoint    ] Safepoint "Cleanup", Time since last: 1000630209 ns, Reaching safepoint: 128700 ns, At safepoint: 27739 ns, Total: 156439 ns
[2020-02-26T09:50:30.932+0000][1][safepoint    ] Safepoint "Cleanup", Time since last: 1000990291 ns, Reaching safepoint: 76543 ns, At safepoint: 9107 ns, Total: 85650 ns
[2020-02-26T09:50:31.437+0000][1][safepoint    ] Safepoint "RevokeBias", Time since last: 505084884 ns, Reaching safepoint: 70926 ns, At safepoint: 19623 ns, Total: 90549 ns
[2020-02-26T09:50:32.437+0000][1][safepoint    ] Safepoint "Cleanup", Time since last: 1000313366 ns, Reaching safepoint: 92547 ns, At safepoint: 9532 ns, Total: 102079 ns
[2020-02-26T09:50:33.438+0000][1][safepoint    ] Safepoint "Cleanup", Time since last: 1000739093 ns, Reaching safepoint: 85286 ns, At safepoint: 11757 ns, Total: 97043 ns
[2020-02-26T09:50:33.960+0000][1][safepoint    ] Safepoint "RevokeBias", Time since last: 522014436 ns, Reaching safepoint: 150463 ns, At safepoint: 18039 ns, Total: 168502 ns
[2020-02-26T09:50:34.961+0000][1][safepoint    ] Safepoint "Cleanup", Time since last: 1000634361 ns, Reaching safepoint: 76752 ns, At safepoint: 9707 ns, Total: 86459 ns
[2020-02-26T09:50:35.962+0000][1][safepoint    ] Safepoint "Cleanup", Time since last: 1000261168 ns, Reaching safepoint: 106256 ns, At safepoint: 12441 ns, Total: 118697 ns
[2020-02-26T09:50:36.471+0000][1][safepoint    ] Safepoint "RevokeBias", Time since last: 508899001 ns, Reaching safepoint: 72919 ns, At safepoint: 19816 ns, Total: 92735 ns
[2020-02-26T09:50:37.471+0000][1][safepoint    ] Safepoint "Cleanup", Time since last: 1000643503 ns, Reaching safepoint: 77578 ns, At safepoint: 8506 ns, Total: 86084 ns
[2020-02-26T09:50:38.472+0000][1][safepoint    ] Safepoint "Cleanup", Time since last: 1000367703 ns, Reaching safepoint: 74743 ns, At safepoint: 9408 ns, Total: 84151 ns
[2020-02-26T09:50:38.977+0000][1][safepoint    ] Safepoint "RevokeBias", Time since last: 505602222 ns, Reaching safepoint: 72671 ns, At safepoint: 20100 ns, Total: 92771 ns
[2020-02-26T09:50:39.980+0000][1][safepoint    ] Safepoint "Cleanup", Time since last: 1002465021 ns, Reaching safepoint: 282419 ns, At safepoint: 10861 ns, Total: 293280 ns
[2020-02-26T09:50:40.981+0000][1][safepoint    ] Safepoint "Cleanup", Time since last: 1000331375 ns, Reaching safepoint: 81744 ns, At safepoint: 11246 ns, Total: 92990 ns
[2020-02-26T09:50:41.483+0000][1][safepoint    ] Safepoint "RevokeBias", Time since last: 501849046 ns, Reaching safepoint: 81008 ns, At safepoint: 22498 ns, Total: 103506 ns
[2020-02-26T09:50:42.483+0000][1][safepoint    ] Safepoint "Cleanup", Time since last: 1000174504 ns, Reaching safepoint: 137972 ns, At safepoint: 26772 ns, Total: 164744 ns
[2020-02-26T09:50:43.484+0000][1][safepoint    ] Safepoint "Cleanup", Time since last: 1000633518 ns, Reaching safepoint: 77340 ns, At safepoint: 10018 ns, Total: 87358 ns
[2020-02-26T09:50:43.987+0000][1][safepoint    ] Safepoint "RevokeBias", Time since last: 503428219 ns, Reaching safepoint: 238971 ns, At safepoint: 26284 ns, Total: 265255 ns
[2020-02-26T09:50:44.999+0000][1][safepoint    ] Safepoint "Cleanup", Time since last: 1011081807 ns, Reaching safepoint: 144156 ns, At safepoint: 25953 ns, Total: 170109 ns
[2020-02-26T09:50:45.999+0000][1][safepoint    ] Safepoint "Cleanup", Time since last: 1000339715 ns, Reaching safepoint: 101086 ns, At safepoint: 9636 ns, Total: 110722 ns
[2020-02-26T09:50:46.493+0000][1][safepoint    ] Safepoint "RevokeBias", Time since last: 493348024 ns, Reaching safepoint: 193257 ns, At safepoint: 34069 ns, Total: 227326 ns
[2020-02-26T09:50:47.493+0000][1][safepoint    ] Safepoint "Cleanup", Time since last: 1000295317 ns, Reaching safepoint: 94625 ns, At safepoint: 9385 ns, Total: 104010 ns
[2020-02-26T09:50:48.494+0000][1][safepoint    ] Safepoint "Cleanup", Time since last: 1000726094 ns, Reaching safepoint: 116331 ns, At safepoint: 12511 ns, Total: 128842 ns
[2020-02-26T09:50:48.998+0000][1][safepoint    ] Safepoint "RevokeBias", Time since last: 504298031 ns, Reaching safepoint: 120014 ns, At safepoint: 29144 ns, Total: 149158 ns
[2020-02-26T09:50:50.004+0000][1][safepoint    ] Safepoint "Cleanup", Time since last: 1005547130 ns, Reaching safepoint: 77020 ns, At safepoint: 8886 ns, Total: 85906 ns
[2020-02-26T09:50:51.004+0000][1][safepoint    ] Safepoint "Cleanup", Time since last: 1000170122 ns, Reaching safepoint: 114876 ns, At safepoint: 9473 ns, Total: 124349 ns
[2020-02-26T09:50:51.502+0000][1][safepoint    ] Safepoint "RevokeBias", Time since last: 497479391 ns, Reaching safepoint: 73396 ns, At safepoint: 19206 ns, Total: 92602 ns
[2020-02-26T09:50:52.502+0000][1][safepoint    ] Safepoint "Cleanup", Time since last: 1000401700 ns, Reaching safepoint: 76917 ns, At safepoint: 8972 ns, Total: 85889 ns
[2020-02-26T09:50:53.503+0000][1][safepoint    ] Safepoint "Cleanup", Time since last: 1000289432 ns, Reaching safepoint: 136669 ns, At safepoint: 10261 ns, Total: 146930 ns
[2020-02-26T09:50:54.008+0000][1][safepoint    ] Safepoint "RevokeBias", Time since last: 505140029 ns, Reaching safepoint: 168520 ns, At safepoint: 72785 ns, Total: 241305 ns
[2020-02-26T09:50:55.008+0000][1][safepoint    ] Safepoint "Cleanup", Time since last: 1000230271 ns, Reaching safepoint: 146082 ns, At safepoint: 12318 ns, Total: 158400 ns
[2020-02-26T09:50:56.018+0000][1][safepoint    ] Safepoint "Cleanup", Time since last: 1009694789 ns, Reaching safepoint: 123712 ns, At safepoint: 9809 ns, Total: 133521 ns
[2020-02-26T09:50:56.516+0000][1][safepoint    ] Safepoint "RevokeBias", Time since last: 497448053 ns, Reaching safepoint: 109430 ns, At safepoint: 30937 ns, Total: 140367 ns
[2020-02-26T09:50:57.517+0000][1][safepoint    ] Safepoint "Cleanup", Time since last: 1000612438 ns, Reaching safepoint: 77246 ns, At safepoint: 8722 ns, Total: 85968 ns
[2020-02-26T09:50:58.517+0000][1][safepoint    ] Safepoint "Cleanup", Time since last: 1000293831 ns, Reaching safepoint: 78895 ns, At safepoint: 8831 ns, Total: 87726 ns
[2020-02-26T09:50:59.022+0000][1][safepoint    ] Safepoint "RevokeBias", Time since last: 505263161 ns, Reaching safepoint: 70911 ns, At safepoint: 20349 ns, Total: 91260 ns
[2020-02-26T09:51:00.023+0000][1][safepoint    ] Safepoint "Cleanup", Time since last: 1000318043 ns, Reaching safepoint: 80894 ns, At safepoint: 10540 ns, Total: 91434 ns
[2020-02-26T09:51:01.027+0000][1][safepoint    ] Safepoint "Cleanup", Time since last: 1004392722 ns, Reaching safepoint: 97200 ns, At safepoint: 9776 ns, Total: 106976 ns
[2020-02-26T09:51:01.535+0000][1][safepoint    ] Safepoint "RevokeBias", Time since last: 507965984 ns, Reaching safepoint: 52070 ns, At safepoint: 17859 ns, Total: 69929 ns
[2020-02-26T09:51:02.536+0000][1][safepoint    ] Safepoint "Cleanup", Time since last: 1000227169 ns, Reaching safepoint: 78002 ns, At safepoint: 9728 ns, Total: 87730 ns
[2020-02-26T09:51:03.536+0000][1][safepoint    ] Safepoint "Cleanup", Time since last: 1000390627 ns, Reaching safepoint: 128537 ns, At safepoint: 8493 ns, Total: 137030 ns
[2020-02-26T09:51:04.048+0000][1][safepoint    ] Safepoint "RevokeBias", Time since last: 511531778 ns, Reaching safepoint: 90329 ns, At safepoint: 36571 ns, Total: 126900 ns
[2020-02-26T09:51:05.049+0000][1][safepoint    ] Safepoint "Cleanup", Time since last: 1000857658 ns, Reaching safepoint: 154565 ns, At safepoint: 33083 ns, Total: 187648 ns
[2020-02-26T09:51:06.058+0000][1][safepoint    ] Safepoint "Cleanup", Time since last: 1009180881 ns, Reaching safepoint: 129065 ns, At safepoint: 8845 ns, Total: 137910 ns
[2020-02-26T09:51:06.558+0000][1][safepoint    ] Safepoint "RevokeBias", Time since last: 500074313 ns, Reaching safepoint: 72773 ns, At safepoint: 20096 ns, Total: 92869 ns
[2020-02-26T09:51:07.559+0000][1][safepoint    ] Safepoint "Cleanup", Time since last: 1000282386 ns, Reaching safepoint: 121107 ns, At safepoint: 8779 ns, Total: 129886 ns
[2020-02-26T09:51:08.560+0000][1][safepoint    ] Safepoint "Cleanup", Time since last: 1000669127 ns, Reaching safepoint: 115191 ns, At safepoint: 11338 ns, Total: 126529 ns
[2020-02-26T09:51:09.069+0000][1][safepoint    ] Safepoint "BulkRevokeBias", Time since last: 508714849 ns, Reaching safepoint: 79761 ns, At safepoint: 340443 ns, Total: 420204 ns
[2020-02-26T09:51:10.069+0000][1][safepoint    ] Safepoint "Cleanup", Time since last: 1000389987 ns, Reaching safepoint: 121646 ns, At safepoint: 10884 ns, Total: 132530 ns
[2020-02-26T09:51:11.070+0000][1][safepoint    ] Safepoint "Cleanup", Time since last: 1000704710 ns, Reaching safepoint: 92220 ns, At safepoint: 9480 ns, Total: 101700 ns
[2020-02-26T09:51:11.587+0000][1][safepoint    ] Safepoint "RevokeBias", Time since last: 516404140 ns, Reaching safepoint: 135234 ns, At safepoint: 55256 ns, Total: 190490 ns
[2020-02-26T09:51:12.587+0000][1][safepoint    ] Safepoint "Cleanup", Time since last: 1000800013 ns, Reaching safepoint: 95928 ns, At safepoint: 9204 ns, Total: 105132 ns
[2020-02-26T09:51:13.589+0000][1][safepoint    ] Safepoint "Cleanup", Time since last: 1000848571 ns, Reaching safepoint: 161792 ns, At safepoint: 42176 ns, Total: 203968 ns
[2020-02-26T09:51:14.098+0000][1][safepoint    ] Safepoint "RevokeBias", Time since last: 508920782 ns, Reaching safepoint: 72572 ns, At safepoint: 20714 ns, Total: 93286 ns
[2020-02-26T09:51:15.098+0000][1][safepoint    ] Safepoint "Cleanup", Time since last: 1000826985 ns, Reaching safepoint: 77162 ns, At safepoint: 9432 ns, Total: 86594 ns
[2020-02-26T09:51:16.099+0000][1][safepoint    ] Safepoint "Cleanup", Time since last: 1000343468 ns, Reaching safepoint: 103035 ns, At safepoint: 12912 ns, Total: 115947 ns
[2020-02-26T09:51:16.611+0000][1][safepoint    ] Safepoint "RevokeBias", Time since last: 512140033 ns, Reaching safepoint: 104823 ns, At safepoint: 21608 ns, Total: 126431 ns
[2020-02-26T09:51:17.615+0000][1][safepoint    ] Safepoint "Cleanup", Time since last: 1003796053 ns, Reaching safepoint: 113745 ns, At safepoint: 12769 ns, Total: 126514 ns
[2020-02-26T09:51:18.616+0000][1][safepoint    ] Safepoint "Cleanup", Time since last: 1000805470 ns, Reaching safepoint: 94662 ns, At safepoint: 10448 ns, Total: 105110 ns
[2020-02-26T09:51:19.121+0000][1][safepoint    ] Safepoint "RevokeBias", Time since last: 504556258 ns, Reaching safepoint: 79427 ns, At safepoint: 19989 ns, Total: 99416 ns
[2020-02-26T09:51:20.121+0000][1][safepoint    ] Safepoint "Cleanup", Time since last: 1000312471 ns, Reaching safepoint: 113189 ns, At safepoint: 9725 ns, Total: 122914 ns
[2020-02-26T09:51:21.122+0000][1][safepoint    ] Safepoint "Cleanup", Time since last: 1000502600 ns, Reaching safepoint: 95509 ns, At safepoint: 10495 ns, Total: 106004 ns
[2020-02-26T09:51:21.625+0000][1][safepoint    ] Safepoint "RevokeBias", Time since last: 503184017 ns, Reaching safepoint: 86068 ns, At safepoint: 26776 ns, Total: 112844 ns
[2020-02-26T09:51:22.630+0000][1][safepoint    ] Safepoint "Cleanup", Time since last: 1004945282 ns, Reaching safepoint: 74337 ns, At safepoint: 7587 ns, Total: 81924 ns
[2020-02-26T09:51:23.630+0000][1][safepoint    ] Safepoint "Cleanup", Time since last: 1000204553 ns, Reaching safepoint: 76961 ns, At safepoint: 9142 ns, Total: 86103 ns
[2020-02-26T09:51:24.132+0000][1][safepoint    ] Safepoint "RevokeBias", Time since last: 501656352 ns, Reaching safepoint: 70888 ns, At safepoint: 19160 ns, Total: 90048 ns
[2020-02-26T09:51:25.133+0000][1][safepoint    ] Safepoint "Cleanup", Time since last: 1000651137 ns, Reaching safepoint: 132218 ns, At safepoint: 12614 ns, Total: 144832 ns
[2020-02-26T09:51:26.133+0000][1][safepoint    ] Safepoint "Cleanup", Time since last: 1000286254 ns, Reaching safepoint: 105677 ns, At safepoint: 12262 ns, Total: 117939 ns
[2020-02-26T09:51:26.639+0000][1][safepoint    ] Safepoint "RevokeBias", Time since last: 505928403 ns, Reaching safepoint: 73396 ns, At safepoint: 19570 ns, Total: 92966 ns
[2020-02-26T09:51:27.645+0000][1][safepoint    ] Safepoint "Cleanup", Time since last: 1005339301 ns, Reaching safepoint: 166218 ns, At safepoint: 31174 ns, Total: 197392 ns
[2020-02-26T09:51:28.646+0000][1][safepoint    ] Safepoint "Cleanup", Time since last: 1001178685 ns, Reaching safepoint: 79862 ns, At safepoint: 10867 ns, Total: 90729 ns
[2020-02-26T09:51:29.145+0000][1][safepoint    ] Safepoint "RevokeBias", Time since last: 499077618 ns, Reaching safepoint: 71809 ns, At safepoint: 19520 ns, Total: 91329 ns
[2020-02-26T09:51:30.146+0000][1][safepoint    ] Safepoint "Cleanup", Time since last: 1000931213 ns, Reaching safepoint: 77061 ns, At safepoint: 9172 ns, Total: 86233 ns
[2020-02-26T09:51:31.147+0000][1][safepoint    ] Safepoint "Cleanup", Time since last: 1000292597 ns, Reaching safepoint: 144169 ns, At safepoint: 11960 ns, Total: 156129 ns
[2020-02-26T09:51:31.649+0000][1][safepoint    ] Safepoint "RevokeBias", Time since last: 501696690 ns, Reaching safepoint: 66424 ns, At safepoint: 22607 ns, Total: 89031 ns
[2020-02-26T09:51:32.649+0000][1][safepoint    ] Safepoint "Cleanup", Time since last: 1000503868 ns, Reaching safepoint: 101237 ns, At safepoint: 11036 ns, Total: 112273 ns
[2020-02-26T09:51:33.650+0000][1][safepoint    ] Safepoint "Cleanup", Time since last: 1000308426 ns, Reaching safepoint: 73539 ns, At safepoint: 7509 ns, Total: 81048 ns
[2020-02-26T09:51:34.152+0000][1][safepoint    ] Safepoint "RevokeBias", Time since last: 502509914 ns, Reaching safepoint: 71196 ns, At safepoint: 48140 ns, Total: 119336 ns
[2020-02-26T09:51:35.153+0000][1][safepoint    ] Safepoint "Cleanup", Time since last: 1000682421 ns, Reaching safepoint: 75485 ns, At safepoint: 9253 ns, Total: 84738 ns
[2020-02-26T09:51:36.154+0000][1][safepoint    ] Safepoint "Cleanup", Time since last: 1000554051 ns, Reaching safepoint: 93364 ns, At safepoint: 9363 ns, Total: 102727 ns
[2020-02-26T09:51:36.654+0000][1][safepoint    ] Safepoint "RevokeBias", Time since last: 500675912 ns, Reaching safepoint: 74933 ns, At safepoint: 21596 ns, Total: 96529 ns
[2020-02-26T09:51:37.655+0000][1][safepoint    ] Safepoint "Cleanup", Time since last: 1000404905 ns, Reaching safepoint: 98392 ns, At safepoint: 9915 ns, Total: 108307 ns
[2020-02-26T09:51:38.658+0000][1][safepoint    ] Safepoint "Cleanup", Time since last: 1003175300 ns, Reaching safepoint: 94199 ns, At safepoint: 8861 ns, Total: 103060 ns
[2020-02-26T09:51:39.158+0000][1][safepoint    ] Safepoint "RevokeBias", Time since last: 499832328 ns, Reaching safepoint: 69426 ns, At safepoint: 35902 ns, Total: 105328 ns
[2020-02-26T09:51:40.159+0000][1][safepoint    ] Safepoint "Cleanup", Time since last: 1000390064 ns, Reaching safepoint: 109562 ns, At safepoint: 28482 ns, Total: 138044 ns
[2020-02-26T09:51:41.159+0000][1][safepoint    ] Safepoint "Cleanup", Time since last: 1000398320 ns, Reaching safepoint: 77629 ns, At safepoint: 9842 ns, Total: 87471 ns
[2020-02-26T09:51:41.660+0000][1][safepoint    ] Safepoint "RevokeBias", Time since last: 501041035 ns, Reaching safepoint: 83856 ns, At safepoint: 19043 ns, Total: 102899 ns
[2020-02-26T09:51:42.661+0000][1][safepoint    ] Safepoint "Cleanup", Time since last: 1000460034 ns, Reaching safepoint: 98677 ns, At safepoint: 26629 ns, Total: 125306 ns
[2020-02-26T09:51:43.663+0000][1][safepoint    ] Safepoint "Cleanup", Time since last: 1001735404 ns, Reaching safepoint: 94377 ns, At safepoint: 8793 ns, Total: 103170 ns
[2020-02-26T09:51:44.173+0000][1][safepoint    ] Safepoint "RevokeBias", Time since last: 510031198 ns, Reaching safepoint: 108381 ns, At safepoint: 30132 ns, Total: 138513 ns
[2020-02-26T09:51:45.173+0000][1][safepoint    ] Safepoint "Cleanup", Time since last: 1000538800 ns, Reaching safepoint: 75899 ns, At safepoint: 8479 ns, Total: 84378 ns
[2020-02-26T09:51:46.174+0000][1][safepoint    ] Safepoint "Cleanup", Time since last: 1000319130 ns, Reaching safepoint: 93350 ns, At safepoint: 9157 ns, Total: 102507 ns
[2020-02-26T09:51:46.685+0000][1][safepoint    ] Safepoint "RevokeBias", Time since last: 511005017 ns, Reaching safepoint: 71653 ns, At safepoint: 19423 ns, Total: 91076 ns
[2020-02-26T09:51:47.686+0000][1][safepoint    ] Safepoint "Cleanup", Time since last: 1000998768 ns, Reaching safepoint: 76498 ns, At safepoint: 8319 ns, Total: 84817 ns
[2020-02-26T09:51:48.687+0000][1][safepoint    ] Safepoint "Cleanup", Time since last: 1000641170 ns, Reaching safepoint: 136586 ns, At safepoint: 14196 ns, Total: 150782 ns
[2020-02-26T09:51:49.212+0000][1][safepoint    ] Safepoint "RevokeBias", Time since last: 524732378 ns, Reaching safepoint: 74251 ns, At safepoint: 20330 ns, Total: 94581 ns
[2020-02-26T09:51:50.212+0000][1][safepoint    ] Safepoint "Cleanup", Time since last: 1000194775 ns, Reaching safepoint: 91408 ns, At safepoint: 9126 ns, Total: 100534 ns
[2020-02-26T09:51:51.212+0000][1][safepoint    ] Safepoint "Cleanup", Time since last: 1000296887 ns, Reaching safepoint: 77431 ns, At safepoint: 9153 ns, Total: 86584 ns
[2020-02-26T09:51:51.720+0000][1][safepoint    ] Safepoint "RevokeBias", Time since last: 507349940 ns, Reaching safepoint: 54697 ns, At safepoint: 17995 ns, Total: 72692 ns
[2020-02-26T09:51:52.720+0000][1][safepoint    ] Safepoint "Cleanup", Time since last: 1000163507 ns, Reaching safepoint: 75359 ns, At safepoint: 9177 ns, Total: 84536 ns
[2020-02-26T09:51:53.720+0000][1][safepoint    ] Safepoint "Cleanup", Time since last: 1000275608 ns, Reaching safepoint: 153542 ns, At safepoint: 34759 ns, Total: 188301 ns
[2020-02-26T09:51:54.240+0000][1][safepoint    ] Safepoint "RevokeBias", Time since last: 519629088 ns, Reaching safepoint: 92274 ns, At safepoint: 23744 ns, Total: 116018 ns
[2020-02-26T09:51:55.241+0000][1][safepoint    ] Safepoint "Cleanup", Time since last: 1000858461 ns, Reaching safepoint: 90591 ns, At safepoint: 11658 ns, Total: 102249 ns
[2020-02-26T09:51:56.242+0000][1][safepoint    ] Safepoint "Cleanup", Time since last: 1001005346 ns, Reaching safepoint: 132408 ns, At safepoint: 9998 ns, Total: 142406 ns
[2020-02-26T09:51:56.754+0000][1][safepoint    ] Safepoint "RevokeBias", Time since last: 511058323 ns, Reaching safepoint: 69588 ns, At safepoint: 71931 ns, Total: 141519 ns
[2020-02-26T09:51:57.754+0000][1][safepoint    ] Safepoint "Cleanup", Time since last: 1000284195 ns, Reaching safepoint: 141593 ns, At safepoint: 10745 ns, Total: 152338 ns
[2020-02-26T09:51:58.754+0000][1][safepoint    ] Safepoint "Cleanup", Time since last: 1000373623 ns, Reaching safepoint: 118115 ns, At safepoint: 9572 ns, Total: 127687 ns
[2020-02-26T09:51:59.260+0000][1][safepoint    ] Safepoint "RevokeBias", Time since last: 504974756 ns, Reaching safepoint: 71984 ns, At safepoint: 19471 ns, Total: 91455 ns
[2020-02-26T09:52:00.264+0000][1][safepoint    ] Safepoint "Cleanup", Time since last: 1004602917 ns, Reaching safepoint: 76188 ns, At safepoint: 8515 ns, Total: 84703 ns
[2020-02-26T09:52:01.265+0000][1][safepoint    ] Safepoint "Cleanup", Time since last: 1000720543 ns, Reaching safepoint: 80165 ns, At safepoint: 9939 ns, Total: 90104 ns
[2020-02-26T09:52:01.762+0000][1][safepoint    ] Safepoint "RevokeBias", Time since last: 496407547 ns, Reaching safepoint: 70146 ns, At safepoint: 51958 ns, Total: 122104 ns
[2020-02-26T09:52:02.763+0000][1][safepoint    ] Safepoint "Cleanup", Time since last: 1000914573 ns, Reaching safepoint: 82357 ns, At safepoint: 9587 ns, Total: 91944 ns
[2020-02-26T09:52:03.763+0000][1][safepoint    ] Safepoint "Cleanup", Time since last: 1000731056 ns, Reaching safepoint: 89482 ns, At safepoint: 8656 ns, Total: 98138 ns
[2020-02-26T09:52:04.267+0000][1][safepoint    ] Safepoint "RevokeBias", Time since last: 503535364 ns, Reaching safepoint: 86634 ns, At safepoint: 22691 ns, Total: 109325 ns
[2020-02-26T09:52:05.272+0000][1][safepoint    ] Safepoint "Cleanup", Time since last: 1005139267 ns, Reaching safepoint: 97958 ns, At safepoint: 11150 ns, Total: 109108 ns
[2020-02-26T09:52:06.273+0000][1][safepoint    ] Safepoint "Cleanup", Time since last: 1000716000 ns, Reaching safepoint: 102301 ns, At safepoint: 13356 ns, Total: 115657 ns
[2020-02-26T09:52:06.771+0000][1][safepoint    ] Safepoint "RevokeBias", Time since last: 497762868 ns, Reaching safepoint: 90893 ns, At safepoint: 27289 ns, Total: 118182 ns
[2020-02-26T09:52:07.771+0000][1][safepoint    ] Safepoint "Cleanup", Time since last: 1000237459 ns, Reaching safepoint: 78755 ns, At safepoint: 9615 ns, Total: 88370 ns
[2020-02-26T09:52:08.772+0000][1][safepoint    ] Safepoint "Cleanup", Time since last: 1000132190 ns, Reaching safepoint: 94014 ns, At safepoint: 8712 ns, Total: 102726 ns
[2020-02-26T09:52:09.275+0000][1][safepoint    ] Safepoint "RevokeBias", Time since last: 503333813 ns, Reaching safepoint: 74581 ns, At safepoint: 37288 ns, Total: 111869 ns
[2020-02-26T09:52:10.275+0000][1][safepoint    ] Safepoint "Cleanup", Time since last: 1000113594 ns, Reaching safepoint: 79815 ns, At safepoint: 10099 ns, Total: 89914 ns
[2020-02-26T09:52:11.276+0000][1][safepoint    ] Safepoint "Cleanup", Time since last: 1000870507 ns, Reaching safepoint: 112460 ns, At safepoint: 12070 ns, Total: 124530 ns
[2020-02-26T09:52:11.779+0000][1][safepoint    ] Safepoint "RevokeBias", Time since last: 502293466 ns, Reaching safepoint: 68947 ns, At safepoint: 62747 ns, Total: 131694 ns
[2020-02-26T09:52:12.780+0000][1][safepoint    ] Safepoint "Cleanup", Time since last: 1001073767 ns, Reaching safepoint: 76780 ns, At safepoint: 9459 ns, Total: 86239 ns
[2020-02-26T09:52:13.780+0000][1][safepoint    ] Safepoint "Cleanup", Time since last: 1000481931 ns, Reaching safepoint: 85512 ns, At safepoint: 12135 ns, Total: 97647 ns
[2020-02-26T09:52:14.284+0000][1][safepoint    ] Safepoint "RevokeBias", Time since last: 503048234 ns, Reaching safepoint: 90946 ns, At safepoint: 19737 ns, Total: 110683 ns
[2020-02-26T09:52:15.284+0000][1][safepoint    ] Safepoint "Cleanup", Time since last: 1000487123 ns, Reaching safepoint: 152929 ns, At safepoint: 16705 ns, Total: 169634 ns
[2020-02-26T09:52:16.294+0000][1][safepoint    ] Safepoint "Cleanup", Time since last: 1009541380 ns, Reaching safepoint: 85611 ns, At safepoint: 7190 ns, Total: 92801 ns
[2020-02-26T09:52:16.790+0000][1][safepoint    ] Safepoint "RevokeBias", Time since last: 495767735 ns, Reaching safepoint: 72707 ns, At safepoint: 19811 ns, Total: 92518 ns
[2020-02-26T09:52:17.791+0000][1][safepoint    ] Safepoint "Cleanup", Time since last: 1000766155 ns, Reaching safepoint: 96574 ns, At safepoint: 9273 ns, Total: 105847 ns
[2020-02-26T09:52:19.292+0000][1][safepoint    ] Safepoint "RevokeBias", Time since last: 1501265572 ns, Reaching safepoint: 71854 ns, At safepoint: 19641 ns, Total: 91495 ns
[2020-02-26T09:52:20.293+0000][1][safepoint    ] Safepoint "Cleanup", Time since last: 1000740666 ns, Reaching safepoint: 91590 ns, At safepoint: 8712 ns, Total: 100302 ns
[2020-02-26T09:52:21.299+0000][1][safepoint    ] Safepoint "Cleanup", Time since last: 1005799135 ns, Reaching safepoint: 138413 ns, At safepoint: 25402 ns, Total: 163815 ns
[2020-02-26T09:52:21.826+0000][1][safepoint    ] Safepoint "BulkRevokeBias", Time since last: 527073354 ns, Reaching safepoint: 80178 ns, At safepoint: 348312 ns, Total: 428490 ns
[2020-02-26T09:52:22.827+0000][1][safepoint    ] Safepoint "Cleanup", Time since last: 1000598284 ns, Reaching safepoint: 78603 ns, At safepoint: 9692 ns, Total: 88295 ns
[2020-02-26T09:52:23.827+0000][1][safepoint    ] Safepoint "Cleanup", Time since last: 1000230015 ns, Reaching safepoint: 79082 ns, At safepoint: 9384 ns, Total: 88466 ns
[2020-02-26T09:52:24.336+0000][1][safepoint    ] Safepoint "RevokeBias", Time since last: 508318208 ns, Reaching safepoint: 71280 ns, At safepoint: 19991 ns, Total: 91271 ns
[2020-02-26T09:52:25.336+0000][1][safepoint    ] Safepoint "Cleanup", Time since last: 1000307589 ns, Reaching safepoint: 75413 ns, At safepoint: 8879 ns, Total: 84292 ns
[2020-02-26T09:52:26.336+0000][1][safepoint    ] Safepoint "Cleanup", Time since last: 1000327057 ns, Reaching safepoint: 78956 ns, At safepoint: 9898 ns, Total: 88854 ns
[2020-02-26T09:52:26.849+0000][1][safepoint    ] Safepoint "RevokeBias", Time since last: 512378278 ns, Reaching safepoint: 89804 ns, At safepoint: 32344 ns, Total: 122148 ns
[2020-02-26T09:52:27.849+0000][1][safepoint    ] Safepoint "Cleanup", Time since last: 1000202906 ns, Reaching safepoint: 79626 ns, At safepoint: 9133 ns, Total: 88759 ns
[2020-02-26T09:52:28.850+0000][1][safepoint    ] Safepoint "Cleanup", Time since last: 1000448144 ns, Reaching safepoint: 108500 ns, At safepoint: 10862 ns, Total: 119362 ns
[2020-02-26T09:52:29.359+0000][1][safepoint    ] Safepoint "RevokeBias", Time since last: 509363997 ns, Reaching safepoint: 73171 ns, At safepoint: 19709 ns, Total: 92880 ns
[2020-02-26T09:52:30.360+0000][1][safepoint    ] Safepoint "Cleanup", Time since last: 1000285866 ns, Reaching safepoint: 95841 ns, At safepoint: 13463 ns, Total: 109304 ns
[2020-02-26T09:52:31.361+0000][1][safepoint    ] Safepoint "Cleanup", Time since last: 1000776058 ns, Reaching safepoint: 88973 ns, At safepoint: 11230 ns, Total: 100203 ns
[2020-02-26T09:52:31.863+0000][1][safepoint    ] Safepoint "RevokeBias", Time since last: 502424302 ns, Reaching safepoint: 207526 ns, At safepoint: 33427 ns, Total: 240953 ns
[2020-02-26T09:52:32.872+0000][1][safepoint    ] Safepoint "Cleanup", Time since last: 1008430014 ns, Reaching safepoint: 116007 ns, At safepoint: 10462 ns, Total: 126469 ns
[2020-02-26T09:52:33.873+0000][1][safepoint    ] Safepoint "Cleanup", Time since last: 1001146662 ns, Reaching safepoint: 76893 ns, At safepoint: 9540 ns, Total: 86433 ns
[2020-02-26T09:52:34.369+0000][1][safepoint    ] Safepoint "RevokeBias", Time since last: 495736490 ns, Reaching safepoint: 121715 ns, At safepoint: 20917 ns, Total: 142632 ns
[2020-02-26T09:52:35.369+0000][1][safepoint    ] Safepoint "Cleanup", Time since last: 1000379372 ns, Reaching safepoint: 121246 ns, At safepoint: 11738 ns, Total: 132984 ns
[2020-02-26T09:52:36.370+0000][1][safepoint    ] Safepoint "Cleanup", Time since last: 1000723498 ns, Reaching safepoint: 77493 ns, At safepoint: 9352 ns, Total: 86845 ns
[2020-02-26T09:52:36.872+0000][1][safepoint    ] Safepoint "RevokeBias", Time since last: 501274088 ns, Reaching safepoint: 70907 ns, At safepoint: 19704 ns, Total: 90611 ns
[2020-02-26T09:52:37.875+0000][1][safepoint    ] Safepoint "Cleanup", Time since last: 1003801574 ns, Reaching safepoint: 90180 ns, At safepoint: 8006 ns, Total: 98186 ns
[2020-02-26T09:52:38.876+0000][1][safepoint    ] Safepoint "Cleanup", Time since last: 1000609017 ns, Reaching safepoint: 109852 ns, At safepoint: 9360 ns, Total: 119212 ns
[2020-02-26T09:52:39.378+0000][1][safepoint    ] Safepoint "RevokeBias", Time since last: 501479794 ns, Reaching safepoint: 90081 ns, At safepoint: 45754 ns, Total: 135835 ns
[2020-02-26T09:52:40.030+0000][1][gc,start     ] GC(65) Pause Young (Allocation Failure)
[2020-02-26T09:52:40.030+0000][1][gc,task      ] GC(65) Using 1 workers of 1 for evacuation
[2020-02-26T09:52:40.038+0000][1][gc,age       ] GC(65) Desired survivor size 4358144 bytes, new threshold 6 (max threshold 6)
[2020-02-26T09:52:40.038+0000][1][gc,age       ] GC(65) Age table with threshold 6 (max threshold 6)
[2020-02-26T09:52:40.038+0000][1][gc,age       ] GC(65) - age   1:      11368 bytes,      11368 total
[2020-02-26T09:52:40.038+0000][1][gc,age       ] GC(65) - age   2:       1112 bytes,      12480 total
[2020-02-26T09:52:40.038+0000][1][gc,age       ] GC(65) - age   3:        144 bytes,      12624 total
[2020-02-26T09:52:40.038+0000][1][gc,age       ] GC(65) - age   4:         96 bytes,      12720 total
[2020-02-26T09:52:40.038+0000][1][gc,age       ] GC(65) - age   5:       1864 bytes,      14584 total
[2020-02-26T09:52:40.038+0000][1][gc,age       ] GC(65) - age   6:        144 bytes,      14728 total
[2020-02-26T09:52:40.038+0000][1][gc,heap      ] GC(65) ParNew: 68191K->26K(76672K)
[2020-02-26T09:52:40.038+0000][1][gc,heap      ] GC(65) CMS: 62657K->62657K(963392K)
[2020-02-26T09:52:40.038+0000][1][gc,metaspace ] GC(65) Metaspace: 79700K->79700K(1122304K)
[2020-02-26T09:52:40.038+0000][1][gc           ] GC(65) Pause Young (Allocation Failure) 127M->61M(1015M) 7.845ms
[2020-02-26T09:52:40.038+0000][1][gc,cpu       ] GC(65) User=0.00s Sys=0.00s Real=0.01s
[2020-02-26T09:52:40.038+0000][1][safepoint    ] Safepoint "GenCollectForAllocation", Time since last: 651920146 ns, Reaching safepoint: 71423 ns, At safepoint: 7895366 ns, Total: 7966789 ns
[2020-02-26T09:52:41.038+0000][1][safepoint    ] Safepoint "Cleanup", Time since last: 1000515479 ns, Reaching safepoint: 85856 ns, At safepoint: 10957 ns, Total: 96813 ns
[2020-02-26T09:52:41.882+0000][1][safepoint    ] Safepoint "RevokeBias", Time since last: 843852122 ns, Reaching safepoint: 72815 ns, At safepoint: 20421 ns, Total: 93236 ns
[2020-02-26T09:52:42.885+0000][1][safepoint    ] Safepoint "Cleanup", Time since last: 1003114119 ns, Reaching safepoint: 71112 ns, At safepoint: 6942 ns, Total: 78054 ns
[2020-02-26T09:52:43.886+0000][1][safepoint    ] Safepoint "Cleanup", Time since last: 1000498091 ns, Reaching safepoint: 74532 ns, At safepoint: 8246 ns, Total: 82778 ns
[2020-02-26T09:52:44.388+0000][1][safepoint    ] Safepoint "RevokeBias", Time since last: 502091205 ns, Reaching safepoint: 73010 ns, At safepoint: 21733 ns, Total: 94743 ns
[2020-02-26T09:52:45.401+0000][1][safepoint    ] Safepoint "Cleanup", Time since last: 1012552218 ns, Reaching safepoint: 99661 ns, At safepoint: 11572 ns, Total: 111233 ns
[2020-02-26T09:52:46.401+0000][1][safepoint    ] Safepoint "Cleanup", Time since last: 1000276737 ns, Reaching safepoint: 78625 ns, At safepoint: 9622 ns, Total: 88247 ns
[2020-02-26T09:52:46.898+0000][1][safepoint    ] Safepoint "RevokeBias", Time since last: 497119857 ns, Reaching safepoint: 72279 ns, At safepoint: 19929 ns, Total: 92208 ns
[2020-02-26T09:52:47.899+0000][1][safepoint    ] Safepoint "Cleanup", Time since last: 1000271876 ns, Reaching safepoint: 212144 ns, At safepoint: 51830 ns, Total: 263974 ns
[2020-02-26T09:52:48.909+0000][1][safepoint    ] Safepoint "Cleanup", Time since last: 1009826760 ns, Reaching safepoint: 168972 ns, At safepoint: 35263 ns, Total: 204235 ns
[2020-02-26T09:52:49.403+0000][1][safepoint    ] Safepoint "RevokeBias", Time since last: 493899270 ns, Reaching safepoint: 71477 ns, At safepoint: 19368 ns, Total: 90845 ns
[2020-02-26T09:52:50.404+0000][1][safepoint    ] Safepoint "Cleanup", Time since last: 1001083106 ns, Reaching safepoint: 102187 ns, At safepoint: 12994 ns, Total: 115181 ns
[2020-02-26T09:52:51.405+0000][1][safepoint    ] Safepoint "Cleanup", Time since last: 1001128201 ns, Reaching safepoint: 102050 ns, At safepoint: 29155 ns, Total: 131205 ns
[2020-02-26T09:52:51.909+0000][1][safepoint    ] Safepoint "RevokeBias", Time since last: 502930710 ns, Reaching safepoint: 132826 ns, At safepoint: 31419 ns, Total: 164245 ns
[2020-02-26T09:52:52.909+0000][1][safepoint    ] Safepoint "Cleanup", Time since last: 1000600526 ns, Reaching safepoint: 78081 ns, At safepoint: 28936 ns, Total: 107017 ns
[2020-02-26T09:52:53.919+0000][1][safepoint    ] Safepoint "Cleanup", Time since last: 1010007741 ns, Reaching safepoint: 101496 ns, At safepoint: 14271 ns, Total: 115767 ns
[2020-02-26T09:52:54.422+0000][1][safepoint    ] Safepoint "RevokeBias", Time since last: 502237678 ns, Reaching safepoint: 74164 ns, At safepoint: 20634 ns, Total: 94798 ns
[2020-02-26T09:52:55.422+0000][1][safepoint    ] Safepoint "Cleanup", Time since last: 1000628640 ns, Reaching safepoint: 79750 ns, At safepoint: 10050 ns, Total: 89800 ns
[2020-02-26T09:52:56.423+0000][1][safepoint    ] Safepoint "Cleanup", Time since last: 1000327533 ns, Reaching safepoint: 76430 ns, At safepoint: 9983 ns, Total: 86413 ns
[2020-02-26T09:52:56.954+0000][1][safepoint    ] Safepoint "RevokeBias", Time since last: 530563960 ns, Reaching safepoint: 69924 ns, At safepoint: 19632 ns, Total: 89556 ns
[2020-02-26T09:52:57.954+0000][1][safepoint    ] Safepoint "Cleanup", Time since last: 1000221306 ns, Reaching safepoint: 118760 ns, At safepoint: 10364 ns, Total: 129124 ns
[2020-02-26T09:52:58.964+0000][1][safepoint    ] Safepoint "Cleanup", Time since last: 1009701893 ns, Reaching safepoint: 71076 ns, At safepoint: 7765 ns, Total: 78841 ns
[2020-02-26T09:52:59.464+0000][1][safepoint    ] Safepoint "RevokeBias", Time since last: 499974011 ns, Reaching safepoint: 119025 ns, At safepoint: 55489 ns, Total: 174514 ns
[2020-02-26T09:53:00.464+0000][1][safepoint    ] Safepoint "Cleanup", Time since last: 1000240060 ns, Reaching safepoint: 95000 ns, At safepoint: 9616 ns, Total: 104616 ns
[2020-02-26T09:53:01.465+0000][1][safepoint    ] Safepoint "Cleanup", Time since last: 1000711612 ns, Reaching safepoint: 89862 ns, At safepoint: 8389 ns, Total: 98251 ns
[2020-02-26T09:53:01.973+0000][1][safepoint    ] Safepoint "RevokeBias", Time since last: 508145361 ns, Reaching safepoint: 72889 ns, At safepoint: 21055 ns, Total: 93944 ns
[2020-02-26T09:53:02.974+0000][1][safepoint    ] Safepoint "Cleanup", Time since last: 1000374387 ns, Reaching safepoint: 79236 ns, At safepoint: 9962 ns, Total: 89198 ns
[2020-02-26T09:53:03.974+0000][1][safepoint    ] Safepoint "Cleanup", Time since last: 1000526194 ns, Reaching safepoint: 124122 ns, At safepoint: 12045 ns, Total: 136167 ns
[2020-02-26T09:53:04.498+0000][1][safepoint    ] Safepoint "RevokeBias", Time since last: 523133641 ns, Reaching safepoint: 70328 ns, At safepoint: 19865 ns, Total: 90193 ns
[2020-02-26T09:53:05.498+0000][1][safepoint    ] Safepoint "Cleanup", Time since last: 1000750628 ns, Reaching safepoint: 102742 ns, At safepoint: 11600 ns, Total: 114342 ns
[2020-02-26T09:53:06.499+0000][1][safepoint    ] Safepoint "Cleanup", Time since last: 1000444195 ns, Reaching safepoint: 122706 ns, At safepoint: 9326 ns, Total: 132032 ns
[2020-02-26T09:53:07.005+0000][1][safepoint    ] Safepoint "RevokeBias", Time since last: 506202302 ns, Reaching safepoint: 71347 ns, At safepoint: 19591 ns, Total: 90938 ns
[2020-02-26T09:53:08.006+0000][1][safepoint    ] Safepoint "Cleanup", Time since last: 1000974948 ns, Reaching safepoint: 116929 ns, At safepoint: 13185 ns, Total: 130114 ns
[2020-02-26T09:53:09.008+0000][1][safepoint    ] Safepoint "Cleanup", Time since last: 1001172001 ns, Reaching safepoint: 160155 ns, At safepoint: 12170 ns, Total: 172325 ns
[2020-02-26T09:53:09.510+0000][1][safepoint    ] Safepoint "RevokeBias", Time since last: 502481249 ns, Reaching safepoint: 71201 ns, At safepoint: 35827 ns, Total: 107028 ns
[2020-02-26T09:53:10.512+0000][1][safepoint    ] Safepoint "Cleanup", Time since last: 1001653382 ns, Reaching safepoint: 75526 ns, At safepoint: 8546 ns, Total: 84072 ns
[2020-02-26T09:53:11.513+0000][1][safepoint    ] Safepoint "Cleanup", Time since last: 1000802723 ns, Reaching safepoint: 112128 ns, At safepoint: 13983 ns, Total: 126111 ns
[2020-02-26T09:53:12.014+0000][1][safepoint    ] Safepoint "RevokeBias", Time since last: 500968071 ns, Reaching safepoint: 144149 ns, At safepoint: 32113 ns, Total: 176262 ns
[2020-02-26T09:53:13.015+0000][1][safepoint    ] Safepoint "Cleanup", Time since last: 1000667974 ns, Reaching safepoint: 75650 ns, At safepoint: 8886 ns, Total: 84536 ns
[2020-02-26T09:53:14.015+0000][1][safepoint    ] Safepoint "Cleanup", Time since last: 1000101122 ns, Reaching safepoint: 78563 ns, At safepoint: 8927 ns, Total: 87490 ns
[2020-02-26T09:53:14.518+0000][1][safepoint    ] Safepoint "RevokeBias", Time since last: 503000365 ns, Reaching safepoint: 117004 ns, At safepoint: 23217 ns, Total: 140221 ns
[2020-02-26T09:53:15.520+0000][1][safepoint    ] Safepoint "Cleanup", Time since last: 1001487076 ns, Reaching safepoint: 104391 ns, At safepoint: 10419 ns, Total: 114810 ns
[2020-02-26T09:53:16.520+0000][1][safepoint    ] Safepoint "Cleanup", Time since last: 1000566225 ns, Reaching safepoint: 78851 ns, At safepoint: 9621 ns, Total: 88472 ns
[2020-02-26T09:53:17.025+0000][1][safepoint    ] Safepoint "RevokeBias", Time since last: 504205766 ns, Reaching safepoint: 154883 ns, At safepoint: 67323 ns, Total: 222206 ns
[2020-02-26T09:53:18.025+0000][1][safepoint    ] Safepoint "Cleanup", Time since last: 1000188592 ns, Reaching safepoint: 127098 ns, At safepoint: 9068 ns, Total: 136166 ns
[2020-02-26T09:53:19.026+0000][1][safepoint    ] Safepoint "Cleanup", Time since last: 1000789007 ns, Reaching safepoint: 75946 ns, At safepoint: 8906 ns, Total: 84852 ns
[2020-02-26T09:53:19.530+0000][1][safepoint    ] Safepoint "RevokeBias", Time since last: 503649308 ns, Reaching safepoint: 73386 ns, At safepoint: 20013 ns, Total: 93399 ns
[2020-02-26T09:53:20.536+0000][1][safepoint    ] Safepoint "Cleanup", Time since last: 1006011905 ns, Reaching safepoint: 126081 ns, At safepoint: 11350 ns, Total: 137431 ns
[2020-02-26T09:53:22.036+0000][1][safepoint    ] Safepoint "RevokeBias", Time since last: 1500051128 ns, Reaching safepoint: 319828 ns, At safepoint: 70276 ns, Total: 390104 ns
[2020-02-26T09:53:23.037+0000][1][safepoint    ] Safepoint "Cleanup", Time since last: 1000539211 ns, Reaching safepoint: 79825 ns, At safepoint: 9883 ns, Total: 89708 ns
[2020-02-26T09:53:24.038+0000][1][safepoint    ] Safepoint "Cleanup", Time since last: 1000581351 ns, Reaching safepoint: 98830 ns, At safepoint: 27315 ns, Total: 126145 ns
[2020-02-26T09:53:24.542+0000][1][safepoint    ] Safepoint "RevokeBias", Time since last: 504595926 ns, Reaching safepoint: 72725 ns, At safepoint: 19684 ns, Total: 92409 ns
[2020-02-26T09:53:25.544+0000][1][safepoint    ] Safepoint "Cleanup", Time since last: 1000991346 ns, Reaching safepoint: 75162 ns, At safepoint: 7987 ns, Total: 83149 ns
[2020-02-26T09:53:26.545+0000][1][safepoint    ] Safepoint "Cleanup", Time since last: 1001104724 ns, Reaching safepoint: 74000 ns, At safepoint: 8366 ns, Total: 82366 ns
[2020-02-26T09:53:27.049+0000][1][safepoint    ] Safepoint "RevokeBias", Time since last: 504182388 ns, Reaching safepoint: 133712 ns, At safepoint: 38632 ns, Total: 172344 ns
[2020-02-26T09:53:28.050+0000][1][safepoint    ] Safepoint "Cleanup", Time since last: 1000795723 ns, Reaching safepoint: 72393 ns, At safepoint: 9069 ns, Total: 81462 ns
[2020-02-26T09:53:29.051+0000][1][safepoint    ] Safepoint "Cleanup", Time since last: 1000621508 ns, Reaching safepoint: 175338 ns, At safepoint: 31679 ns, Total: 207017 ns
[2020-02-26T09:53:29.555+0000][1][safepoint    ] Safepoint "RevokeBias", Time since last: 504096002 ns, Reaching safepoint: 69644 ns, At safepoint: 19379 ns, Total: 89023 ns
[2020-02-26T09:53:30.556+0000][1][safepoint    ] Safepoint "Cleanup", Time since last: 1000981555 ns, Reaching safepoint: 77508 ns, At safepoint: 30766 ns, Total: 108274 ns
[2020-02-26T09:53:31.558+0000][1][safepoint    ] Safepoint "Cleanup", Time since last: 1002028336 ns, Reaching safepoint: 91226 ns, At safepoint: 8463 ns, Total: 99689 ns
[2020-02-26T09:53:32.070+0000][1][safepoint    ] Safepoint "RevokeBias", Time since last: 511223006 ns, Reaching safepoint: 211025 ns, At safepoint: 65698 ns, Total: 276723 ns
[2020-02-26T09:53:33.071+0000][1][safepoint    ] Safepoint "Cleanup", Time since last: 1000773925 ns, Reaching safepoint: 111997 ns, At safepoint: 12449 ns, Total: 124446 ns
[2020-02-26T09:53:34.072+0000][1][safepoint    ] Safepoint "Cleanup", Time since last: 1000761846 ns, Reaching safepoint: 192571 ns, At safepoint: 10204 ns, Total: 202775 ns
[2020-02-26T09:53:34.582+0000][1][safepoint    ] Safepoint "BulkRevokeBias", Time since last: 509654326 ns, Reaching safepoint: 139041 ns, At safepoint: 238744 ns, Total: 377785 ns
[2020-02-26T09:53:35.582+0000][1][safepoint    ] Safepoint "Cleanup", Time since last: 1000510805 ns, Reaching safepoint: 111441 ns, At safepoint: 10794 ns, Total: 122235 ns
[2020-02-26T09:53:36.591+0000][1][safepoint    ] Safepoint "Cleanup", Time since last: 1008892310 ns, Reaching safepoint: 61143 ns, At safepoint: 8664 ns, Total: 69807 ns
[2020-02-26T09:53:37.097+0000][1][safepoint    ] Safepoint "RevokeBias", Time since last: 506209614 ns, Reaching safepoint: 56063 ns, At safepoint: 18947 ns, Total: 75010 ns
[2020-02-26T09:53:38.098+0000][1][safepoint    ] Safepoint "Cleanup", Time since last: 1000419464 ns, Reaching safepoint: 92022 ns, At safepoint: 10712 ns, Total: 102734 ns
[2020-02-26T09:53:39.098+0000][1][safepoint    ] Safepoint "Cleanup", Time since last: 1000312931 ns, Reaching safepoint: 93506 ns, At safepoint: 9045 ns, Total: 102551 ns
[2020-02-26T09:53:39.608+0000][1][safepoint    ] Safepoint "RevokeBias", Time since last: 509045156 ns, Reaching safepoint: 70760 ns, At safepoint: 36538 ns, Total: 107298 ns
[2020-02-26T09:53:40.608+0000][1][safepoint    ] Safepoint "Cleanup", Time since last: 1000741787 ns, Reaching safepoint: 77497 ns, At safepoint: 9465 ns, Total: 86962 ns
[2020-02-26T09:53:41.609+0000][1][safepoint    ] Safepoint "Cleanup", Time since last: 1000589747 ns, Reaching safepoint: 132031 ns, At safepoint: 9406 ns, Total: 141437 ns
[2020-02-26T09:53:42.128+0000][1][safepoint    ] Safepoint "RevokeBias", Time since last: 518569718 ns, Reaching safepoint: 86982 ns, At safepoint: 20101 ns, Total: 107083 ns
[2020-02-26T09:53:43.128+0000][1][safepoint    ] Safepoint "Cleanup", Time since last: 1000519028 ns, Reaching safepoint: 79008 ns, At safepoint: 9893 ns, Total: 88901 ns
[2020-02-26T09:53:44.129+0000][1][safepoint    ] Safepoint "Cleanup", Time since last: 1000938023 ns, Reaching safepoint: 145023 ns, At safepoint: 12907 ns, Total: 157930 ns
[2020-02-26T09:53:44.639+0000][1][safepoint    ] Safepoint "RevokeBias", Time since last: 509529805 ns, Reaching safepoint: 120249 ns, At safepoint: 19240 ns, Total: 139489 ns
[2020-02-26T09:53:45.640+0000][1][safepoint    ] Safepoint "Cleanup", Time since last: 1000514261 ns, Reaching safepoint: 76449 ns, At safepoint: 9343 ns, Total: 85792 ns
[2020-02-26T09:53:46.640+0000][1][safepoint    ] Safepoint "Cleanup", Time since last: 1000237370 ns, Reaching safepoint: 95668 ns, At safepoint: 9618 ns, Total: 105286 ns
[2020-02-26T09:53:47.146+0000][1][safepoint    ] Safepoint "RevokeBias", Time since last: 505682330 ns, Reaching safepoint: 99244 ns, At safepoint: 61308 ns, Total: 160552 ns
[2020-02-26T09:53:48.156+0000][1][safepoint    ] Safepoint "Cleanup", Time since last: 1010046122 ns, Reaching safepoint: 76099 ns, At safepoint: 8533 ns, Total: 84632 ns
[2020-02-26T09:53:49.157+0000][1][safepoint    ] Safepoint "Cleanup", Time since last: 1000609260 ns, Reaching safepoint: 94429 ns, At safepoint: 11418 ns, Total: 105847 ns
[2020-02-26T09:53:49.651+0000][1][safepoint    ] Safepoint "RevokeBias", Time since last: 494048180 ns, Reaching safepoint: 74135 ns, At safepoint: 35311 ns, Total: 109446 ns
[2020-02-26T09:53:50.651+0000][1][safepoint    ] Safepoint "Cleanup", Time since last: 1000265276 ns, Reaching safepoint: 73892 ns, At safepoint: 8807 ns, Total: 82699 ns
[2020-02-26T09:53:51.652+0000][1][safepoint    ] Safepoint "Cleanup", Time since last: 1000747828 ns, Reaching safepoint: 76442 ns, At safepoint: 9127 ns, Total: 85569 ns
[2020-02-26T09:53:52.153+0000][1][safepoint    ] Safepoint "RevokeBias", Time since last: 500860195 ns, Reaching safepoint: 167910 ns, At safepoint: 23457 ns, Total: 191367 ns
[2020-02-26T09:53:53.158+0000][1][safepoint    ] Safepoint "Cleanup", Time since last: 1004466262 ns, Reaching safepoint: 75575 ns, At safepoint: 8908 ns, Total: 84483 ns
[2020-02-26T09:53:54.158+0000][1][safepoint    ] Safepoint "Cleanup", Time since last: 1000457120 ns, Reaching safepoint: 78388 ns, At safepoint: 8714 ns, Total: 87102 ns
[2020-02-26T09:53:54.658+0000][1][safepoint    ] Safepoint "RevokeBias", Time since last: 499823994 ns, Reaching safepoint: 138255 ns, At safepoint: 43613 ns, Total: 181868 ns
[2020-02-26T09:53:55.659+0000][1][safepoint    ] Safepoint "Cleanup", Time since last: 1000540589 ns, Reaching safepoint: 136428 ns, At safepoint: 29206 ns, Total: 165634 ns
[2020-02-26T09:53:56.660+0000][1][safepoint    ] Safepoint "Cleanup", Time since last: 1000698486 ns, Reaching safepoint: 77389 ns, At safepoint: 9763 ns, Total: 87152 ns
[2020-02-26T09:53:57.164+0000][1][safepoint    ] Safepoint "RevokeBias", Time since last: 504600803 ns, Reaching safepoint: 109476 ns, At safepoint: 19230 ns, Total: 128706 ns
[2020-02-26T09:53:58.175+0000][1][safepoint    ] Safepoint "Cleanup", Time since last: 1010625109 ns, Reaching safepoint: 131016 ns, At safepoint: 10303 ns, Total: 141319 ns
[2020-02-26T09:53:59.176+0000][1][safepoint    ] Safepoint "Cleanup", Time since last: 1000508437 ns, Reaching safepoint: 117543 ns, At safepoint: 28441 ns, Total: 145984 ns
[2020-02-26T09:53:59.668+0000][1][safepoint    ] Safepoint "RevokeBias", Time since last: 491868634 ns, Reaching safepoint: 71842 ns, At safepoint: 19737 ns, Total: 91579 ns
[2020-02-26T09:54:00.669+0000][1][safepoint    ] Safepoint "Cleanup", Time since last: 1000769795 ns, Reaching safepoint: 147490 ns, At safepoint: 31078 ns, Total: 178568 ns
[2020-02-26T09:54:01.670+0000][1][safepoint    ] Safepoint "Cleanup", Time since last: 1000700595 ns, Reaching safepoint: 72902 ns, At safepoint: 7790 ns, Total: 80692 ns
[2020-02-26T09:54:02.173+0000][1][safepoint    ] Safepoint "RevokeBias", Time since last: 502852060 ns, Reaching safepoint: 81439 ns, At safepoint: 23008 ns, Total: 104447 ns
[2020-02-26T09:54:03.173+0000][1][safepoint    ] Safepoint "Cleanup", Time since last: 1000411592 ns, Reaching safepoint: 78740 ns, At safepoint: 9029 ns, Total: 87769 ns
[2020-02-26T09:54:04.177+0000][1][safepoint    ] Safepoint "Cleanup", Time since last: 1003481781 ns, Reaching safepoint: 601864 ns, At safepoint: 12812 ns, Total: 614676 ns
[2020-02-26T09:54:04.677+0000][1][safepoint    ] Safepoint "RevokeBias", Time since last: 499419407 ns, Reaching safepoint: 99564 ns, At safepoint: 40393 ns, Total: 139957 ns
[2020-02-26T09:54:05.677+0000][1][safepoint    ] Safepoint "Cleanup", Time since last: 1000185381 ns, Reaching safepoint: 76965 ns, At safepoint: 9244 ns, Total: 86209 ns
[2020-02-26T09:54:06.678+0000][1][safepoint    ] Safepoint "Cleanup", Time since last: 1000745301 ns, Reaching safepoint: 103896 ns, At safepoint: 12050 ns, Total: 115946 ns
[2020-02-26T09:54:07.179+0000][1][safepoint    ] Safepoint "RevokeBias", Time since last: 501376959 ns, Reaching safepoint: 76057 ns, At safepoint: 21026 ns, Total: 97083 ns
[2020-02-26T09:54:08.180+0000][1][safepoint    ] Safepoint "Cleanup", Time since last: 1000142918 ns, Reaching safepoint: 75770 ns, At safepoint: 9508 ns, Total: 85278 ns
[2020-02-26T09:54:09.181+0000][1][safepoint    ] Safepoint "Cleanup", Time since last: 1001635731 ns, Reaching safepoint: 77042 ns, At safepoint: 7921 ns, Total: 84963 ns
[2020-02-26T09:54:09.687+0000][1][safepoint    ] Safepoint "RevokeBias", Time since last: 505456737 ns, Reaching safepoint: 88809 ns, At safepoint: 36127 ns, Total: 124936 ns
[2020-02-26T09:54:10.688+0000][1][safepoint    ] Safepoint "Cleanup", Time since last: 1001081250 ns, Reaching safepoint: 93293 ns, At safepoint: 9448 ns, Total: 102741 ns
[2020-02-26T09:54:11.689+0000][1][safepoint    ] Safepoint "Cleanup", Time since last: 1000818714 ns, Reaching safepoint: 78113 ns, At safepoint: 9617 ns, Total: 87730 ns
[2020-02-26T09:54:12.205+0000][1][safepoint    ] Safepoint "RevokeBias", Time since last: 514737008 ns, Reaching safepoint: 1168708 ns, At safepoint: 23869 ns, Total: 1192577 ns
[2020-02-26T09:54:13.205+0000][1][safepoint    ] Safepoint "Cleanup", Time since last: 1000366553 ns, Reaching safepoint: 77805 ns, At safepoint: 9668 ns, Total: 87473 ns
[2020-02-26T09:54:14.210+0000][1][safepoint    ] Safepoint "Cleanup", Time since last: 1004972610 ns, Reaching safepoint: 90762 ns, At safepoint: 9069 ns, Total: 99831 ns
[2020-02-26T09:54:14.719+0000][1][safepoint    ] Safepoint "RevokeBias", Time since last: 508932981 ns, Reaching safepoint: 75073 ns, At safepoint: 19646 ns, Total: 94719 ns
[2020-02-26T09:54:15.720+0000][1][safepoint    ] Safepoint "Cleanup", Time since last: 1000161062 ns, Reaching safepoint: 76008 ns, At safepoint: 9153 ns, Total: 85161 ns
[2020-02-26T09:54:16.720+0000][1][safepoint    ] Safepoint "Cleanup", Time since last: 1000485344 ns, Reaching safepoint: 77891 ns, At safepoint: 9277 ns, Total: 87168 ns
[2020-02-26T09:54:17.230+0000][1][safepoint    ] Safepoint "RevokeBias", Time since last: 509263888 ns, Reaching safepoint: 73707 ns, At safepoint: 21059 ns, Total: 94766 ns
[2020-02-26T09:54:18.231+0000][1][safepoint    ] Safepoint "Cleanup", Time since last: 1000853231 ns, Reaching safepoint: 108412 ns, At safepoint: 15100 ns, Total: 123512 ns
[2020-02-26T09:54:19.231+0000][1][safepoint    ] Safepoint "Cleanup", Time since last: 1000750331 ns, Reaching safepoint: 77139 ns, At safepoint: 9232 ns, Total: 86371 ns
[2020-02-26T09:54:19.744+0000][1][safepoint    ] Safepoint "RevokeBias", Time since last: 512094522 ns, Reaching safepoint: 79183 ns, At safepoint: 20793 ns, Total: 99976 ns
[2020-02-26T09:54:20.744+0000][1][safepoint    ] Safepoint "Cleanup", Time since last: 1000764219 ns, Reaching safepoint: 75512 ns, At safepoint: 9191 ns, Total: 84703 ns
[2020-02-26T09:54:21.745+0000][1][safepoint    ] Safepoint "Cleanup", Time since last: 1000614296 ns, Reaching safepoint: 119349 ns, At safepoint: 12526 ns, Total: 131875 ns
[2020-02-26T09:54:22.250+0000][1][safepoint    ] Safepoint "RevokeBias", Time since last: 504368140 ns, Reaching safepoint: 95576 ns, At safepoint: 29707 ns, Total: 125283 ns
[2020-02-26T09:54:23.251+0000][1][safepoint    ] Safepoint "Cleanup", Time since last: 1000853865 ns, Reaching safepoint: 76429 ns, At safepoint: 8789 ns, Total: 85218 ns
[2020-02-26T09:54:24.251+0000][1][safepoint    ] Safepoint "Cleanup", Time since last: 1000622572 ns, Reaching safepoint: 117202 ns, At safepoint: 11830 ns, Total: 129032 ns
[2020-02-26T09:54:24.759+0000][1][safepoint    ] Safepoint "RevokeBias", Time since last: 507985508 ns, Reaching safepoint: 74115 ns, At safepoint: 18953 ns, Total: 93068 ns
[2020-02-26T09:54:25.761+0000][1][safepoint    ] Safepoint "Cleanup", Time since last: 1001362536 ns, Reaching safepoint: 75445 ns, At safepoint: 8311 ns, Total: 83756 ns
[2020-02-26T09:54:26.762+0000][1][safepoint    ] Safepoint "Cleanup", Time since last: 1000521856 ns, Reaching safepoint: 111573 ns, At safepoint: 10960 ns, Total: 122533 ns
[2020-02-26T09:54:27.272+0000][1][safepoint    ] Safepoint "RevokeBias", Time since last: 509998974 ns, Reaching safepoint: 57081 ns, At safepoint: 84004 ns, Total: 141085 ns
[2020-02-26T09:54:28.272+0000][1][safepoint    ] Safepoint "Cleanup", Time since last: 1000315609 ns, Reaching safepoint: 118626 ns, At safepoint: 14269 ns, Total: 132895 ns
[2020-02-26T09:54:29.273+0000][1][safepoint    ] Safepoint "Cleanup", Time since last: 1000580790 ns, Reaching safepoint: 74680 ns, At safepoint: 7936 ns, Total: 82616 ns
[2020-02-26T09:54:29.777+0000][1][safepoint    ] Safepoint "RevokeBias", Time since last: 503815856 ns, Reaching safepoint: 71803 ns, At safepoint: 20297 ns, Total: 92100 ns
[2020-02-26T09:54:30.779+0000][1][safepoint    ] Safepoint "Cleanup", Time since last: 1002288366 ns, Reaching safepoint: 74602 ns, At safepoint: 8265 ns, Total: 82867 ns
[2020-02-26T09:54:31.780+0000][1][safepoint    ] Safepoint "Cleanup", Time since last: 1001108942 ns, Reaching safepoint: 92496 ns, At safepoint: 9156 ns, Total: 101652 ns
[2020-02-26T09:54:32.280+0000][1][safepoint    ] Safepoint "RevokeBias", Time since last: 499965031 ns, Reaching safepoint: 140934 ns, At safepoint: 49629 ns, Total: 190563 ns
[2020-02-26T09:54:33.281+0000][1][safepoint    ] Safepoint "Cleanup", Time since last: 1000843433 ns, Reaching safepoint: 73606 ns, At safepoint: 7433 ns, Total: 81039 ns
[2020-02-26T09:54:34.282+0000][1][safepoint    ] Safepoint "Cleanup", Time since last: 1000890149 ns, Reaching safepoint: 72813 ns, At safepoint: 8036 ns, Total: 80849 ns
[2020-02-26T09:54:34.785+0000][1][safepoint    ] Safepoint "RevokeBias", Time since last: 502713528 ns, Reaching safepoint: 69267 ns, At safepoint: 19088 ns, Total: 88355 ns
[2020-02-26T09:54:35.786+0000][1][safepoint    ] Safepoint "Cleanup", Time since last: 1001050455 ns, Reaching safepoint: 74390 ns, At safepoint: 8274 ns, Total: 82664 ns
[2020-02-26T09:54:36.787+0000][1][safepoint    ] Safepoint "Cleanup", Time since last: 1000737350 ns, Reaching safepoint: 90953 ns, At safepoint: 8066 ns, Total: 99019 ns
[2020-02-26T09:54:37.289+0000][1][safepoint    ] Safepoint "RevokeBias", Time since last: 502140051 ns, Reaching safepoint: 138183 ns, At safepoint: 24919 ns, Total: 163102 ns
[2020-02-26T09:54:38.290+0000][1][safepoint    ] Safepoint "Cleanup", Time since last: 1000602476 ns, Reaching safepoint: 81909 ns, At safepoint: 9662 ns, Total: 91571 ns
[2020-02-26T09:54:39.291+0000][1][safepoint    ] Safepoint "Cleanup", Time since last: 1000387831 ns, Reaching safepoint: 98730 ns, At safepoint: 9425 ns, Total: 108155 ns
[2020-02-26T09:54:39.793+0000][1][safepoint    ] Safepoint "RevokeBias", Time since last: 502425106 ns, Reaching safepoint: 71570 ns, At safepoint: 36974 ns, Total: 108544 ns
[2020-02-26T09:54:40.794+0000][1][safepoint    ] Safepoint "Cleanup", Time since last: 1000332372 ns, Reaching safepoint: 187323 ns, At safepoint: 27357 ns, Total: 214680 ns
[2020-02-26T09:54:41.803+0000][1][safepoint    ] Safepoint "Cleanup", Time since last: 1008716820 ns, Reaching safepoint: 112772 ns, At safepoint: 19116 ns, Total: 131888 ns
[2020-02-26T09:54:42.298+0000][1][safepoint    ] Safepoint "RevokeBias", Time since last: 495631362 ns, Reaching safepoint: 97723 ns, At safepoint: 21414 ns, Total: 119137 ns
[2020-02-26T09:54:43.299+0000][1][safepoint    ] Safepoint "Cleanup", Time since last: 1000977776 ns, Reaching safepoint: 95478 ns, At safepoint: 10346 ns, Total: 105824 ns
[2020-02-26T09:54:44.301+0000][1][safepoint    ] Safepoint "Cleanup", Time since last: 1001043326 ns, Reaching safepoint: 267643 ns, At safepoint: 27206 ns, Total: 294849 ns
[2020-02-26T09:54:44.803+0000][1][safepoint    ] Safepoint "RevokeBias", Time since last: 502092220 ns, Reaching safepoint: 68892 ns, At safepoint: 19433 ns, Total: 88325 ns
[2020-02-26T09:54:45.804+0000][1][safepoint    ] Safepoint "Cleanup", Time since last: 1001101557 ns, Reaching safepoint: 76127 ns, At safepoint: 9100 ns, Total: 85227 ns
[2020-02-26T09:54:46.806+0000][1][safepoint    ] Safepoint "Cleanup", Time since last: 1001870919 ns, Reaching safepoint: 58514 ns, At safepoint: 8406 ns, Total: 66920 ns
[2020-02-26T09:54:47.308+0000][1][safepoint    ] Safepoint "BulkRevokeBias", Time since last: 501690056 ns, Reaching safepoint: 72673 ns, At safepoint: 243607 ns, Total: 316280 ns
[2020-02-26T09:54:48.385+0000][1][safepoint    ] Safepoint "Cleanup", Time since last: 1076333568 ns, Reaching safepoint: 229878 ns, At safepoint: 8683 ns, Total: 238561 ns
[2020-02-26T09:54:49.385+0000][1][safepoint    ] Safepoint "Cleanup", Time since last: 1000335771 ns, Reaching safepoint: 120182 ns, At safepoint: 9926 ns, Total: 130108 ns
[2020-02-26T09:54:49.813+0000][1][safepoint    ] Safepoint "RevokeBias", Time since last: 427803106 ns, Reaching safepoint: 71748 ns, At safepoint: 19636 ns, Total: 91384 ns
[2020-02-26T09:54:50.813+0000][1][safepoint    ] Safepoint "Cleanup", Time since last: 1000223122 ns, Reaching safepoint: 79582 ns, At safepoint: 9712 ns, Total: 89294 ns
[2020-02-26T09:54:51.823+0000][1][safepoint    ] Safepoint "Cleanup", Time since last: 1009956127 ns, Reaching safepoint: 109035 ns, At safepoint: 9651 ns, Total: 118686 ns
[2020-02-26T09:54:52.321+0000][1][safepoint    ] Safepoint "RevokeBias", Time since last: 497132453 ns, Reaching safepoint: 76561 ns, At safepoint: 20741 ns, Total: 97302 ns
[2020-02-26T09:54:53.321+0000][1][safepoint    ] Safepoint "Cleanup", Time since last: 1000605074 ns, Reaching safepoint: 78386 ns, At safepoint: 9390 ns, Total: 87776 ns
[2020-02-26T09:54:54.322+0000][1][safepoint    ] Safepoint "Cleanup", Time since last: 1000497947 ns, Reaching safepoint: 76996 ns, At safepoint: 9354 ns, Total: 86350 ns
[2020-02-26T09:54:54.827+0000][1][safepoint    ] Safepoint "RevokeBias", Time since last: 504664182 ns, Reaching safepoint: 116488 ns, At safepoint: 20894 ns, Total: 137382 ns
[2020-02-26T09:54:55.139+0000][1][gc,start     ] GC(66) Pause Young (Allocation Failure)
[2020-02-26T09:54:55.139+0000][1][gc,task      ] GC(66) Using 1 workers of 1 for evacuation
[2020-02-26T09:54:55.150+0000][1][gc,age       ] GC(66) Desired survivor size 4358144 bytes, new threshold 6 (max threshold 6)
[2020-02-26T09:54:55.150+0000][1][gc,age       ] GC(66) Age table with threshold 6 (max threshold 6)
[2020-02-26T09:54:55.150+0000][1][gc,age       ] GC(66) - age   1:      12592 bytes,      12592 total
[2020-02-26T09:54:55.150+0000][1][gc,age       ] GC(66) - age   2:        440 bytes,      13032 total
[2020-02-26T09:54:55.150+0000][1][gc,age       ] GC(66) - age   3:       1112 bytes,      14144 total
[2020-02-26T09:54:55.150+0000][1][gc,age       ] GC(66) - age   4:        144 bytes,      14288 total
[2020-02-26T09:54:55.150+0000][1][gc,age       ] GC(66) - age   5:         96 bytes,      14384 total
[2020-02-26T09:54:55.150+0000][1][gc,age       ] GC(66) - age   6:       1864 bytes,      16248 total
[2020-02-26T09:54:55.150+0000][1][gc,heap      ] GC(66) ParNew: 68186K->17K(76672K)
[2020-02-26T09:54:55.150+0000][1][gc,heap      ] GC(66) CMS: 62657K->62657K(963392K)
[2020-02-26T09:54:55.150+0000][1][gc,metaspace ] GC(66) Metaspace: 79716K->79716K(1122304K)
[2020-02-26T09:54:55.150+0000][1][gc           ] GC(66) Pause Young (Allocation Failure) 127M->61M(1015M) 11.435ms
[2020-02-26T09:54:55.150+0000][1][gc,cpu       ] GC(66) User=0.01s Sys=0.00s Real=0.01s
[2020-02-26T09:54:55.150+0000][1][safepoint    ] Safepoint "GenCollectForAllocation", Time since last: 311978569 ns, Reaching safepoint: 75892 ns, At safepoint: 11526400 ns, Total: 11602292 ns
[2020-02-26T09:54:56.151+0000][1][safepoint    ] Safepoint "Cleanup", Time since last: 1000780126 ns, Reaching safepoint: 77545 ns, At safepoint: 10103 ns, Total: 87648 ns
[2020-02-26T09:54:57.155+0000][1][safepoint    ] Safepoint "Cleanup", Time since last: 1003585459 ns, Reaching safepoint: 87957 ns, At safepoint: 6980 ns, Total: 94937 ns
[2020-02-26T09:54:57.339+0000][1][safepoint    ] Safepoint "RevokeBias", Time since last: 184221531 ns, Reaching safepoint: 133616 ns, At safepoint: 19876 ns, Total: 153492 ns
[2020-02-26T09:54:58.340+0000][1][safepoint    ] Safepoint "Cleanup", Time since last: 1000730486 ns, Reaching safepoint: 80087 ns, At safepoint: 7907 ns, Total: 87994 ns
[2020-02-26T09:54:59.340+0000][1][safepoint    ] Safepoint "Cleanup", Time since last: 1000374556 ns, Reaching safepoint: 80955 ns, At safepoint: 8696 ns, Total: 89651 ns
[2020-02-26T09:54:59.993+0000][1][safepoint    ] Safepoint "RevokeBias", Time since last: 652174896 ns, Reaching safepoint: 113324 ns, At safepoint: 31641 ns, Total: 144965 ns
[2020-02-26T09:55:00.993+0000][1][safepoint    ] Safepoint "Cleanup", Time since last: 1000561945 ns, Reaching safepoint: 90009 ns, At safepoint: 8593 ns, Total: 98602 ns
[2020-02-26T09:55:01.994+0000][1][safepoint    ] Safepoint "Cleanup", Time since last: 1000275559 ns, Reaching safepoint: 113806 ns, At safepoint: 9427 ns, Total: 123233 ns
[2020-02-26T09:55:02.507+0000][1][safepoint    ] Safepoint "RevokeBias", Time since last: 513136941 ns, Reaching safepoint: 70564 ns, At safepoint: 19116 ns, Total: 89680 ns
[2020-02-26T09:55:03.508+0000][1][safepoint    ] Safepoint "Cleanup", Time since last: 1000304160 ns, Reaching safepoint: 199229 ns, At safepoint: 8669 ns, Total: 207898 ns
[2020-02-26T09:55:04.508+0000][1][safepoint    ] Safepoint "Cleanup", Time since last: 1000795921 ns, Reaching safepoint: 76413 ns, At safepoint: 8110 ns, Total: 84523 ns
[2020-02-26T09:55:05.018+0000][1][safepoint    ] Safepoint "RevokeBias", Time since last: 509210941 ns, Reaching safepoint: 70040 ns, At safepoint: 19760 ns, Total: 89800 ns
[2020-02-26T09:55:06.019+0000][1][safepoint    ] Safepoint "Cleanup", Time since last: 1000793406 ns, Reaching safepoint: 91918 ns, At safepoint: 8352 ns, Total: 100270 ns
[2020-02-26T09:55:07.019+0000][1][safepoint    ] Safepoint "Cleanup", Time since last: 1000207569 ns, Reaching safepoint: 74491 ns, At safepoint: 9008 ns, Total: 83499 ns
[2020-02-26T09:55:07.527+0000][1][safepoint    ] Safepoint "RevokeBias", Time since last: 507693890 ns, Reaching safepoint: 74127 ns, At safepoint: 21762 ns, Total: 95889 ns
[2020-02-26T09:55:08.595+0000][1][safepoint    ] Safepoint "Cleanup", Time since last: 1067672349 ns, Reaching safepoint: 84196 ns, At safepoint: 24595 ns, Total: 108791 ns
[2020-02-26T09:55:09.595+0000][1][safepoint    ] Safepoint "Cleanup", Time since last: 1000540546 ns, Reaching safepoint: 117095 ns, At safepoint: 12855 ns, Total: 129950 ns
[2020-02-26T09:55:10.039+0000][1][safepoint    ] Safepoint "RevokeBias", Time since last: 443252010 ns, Reaching safepoint: 71846 ns, At safepoint: 20483 ns, Total: 92329 ns
[2020-02-26T09:55:11.039+0000][1][safepoint    ] Safepoint "Cleanup", Time since last: 1000484985 ns, Reaching safepoint: 135939 ns, At safepoint: 9490 ns, Total: 145429 ns
[2020-02-26T09:55:12.040+0000][1][safepoint    ] Safepoint "Cleanup", Time since last: 1000640035 ns, Reaching safepoint: 75712 ns, At safepoint: 9618 ns, Total: 85330 ns
[2020-02-26T09:55:12.543+0000][1][safepoint    ] Safepoint "RevokeBias", Time since last: 502560685 ns, Reaching safepoint: 114237 ns, At safepoint: 32924 ns, Total: 147161 ns
[2020-02-26T09:55:13.553+0000][1][safepoint    ] Safepoint "Cleanup", Time since last: 1010446529 ns, Reaching safepoint: 117619 ns, At safepoint: 12861 ns, Total: 130480 ns
[2020-02-26T09:55:14.554+0000][1][safepoint    ] Safepoint "Cleanup", Time since last: 1001018760 ns, Reaching safepoint: 117036 ns, At safepoint: 10023 ns, Total: 127059 ns
[2020-02-26T09:55:15.048+0000][1][safepoint    ] Safepoint "RevokeBias", Time since last: 494032854 ns, Reaching safepoint: 71955 ns, At safepoint: 37864 ns, Total: 109819 ns
[2020-02-26T09:55:16.049+0000][1][safepoint    ] Safepoint "Cleanup", Time since last: 1000605095 ns, Reaching safepoint: 77064 ns, At safepoint: 9240 ns, Total: 86304 ns
[2020-02-26T09:55:17.050+0000][1][safepoint    ] Safepoint "Cleanup", Time since last: 1000520088 ns, Reaching safepoint: 117759 ns, At safepoint: 13108 ns, Total: 130867 ns
[2020-02-26T09:55:17.555+0000][1][safepoint    ] Safepoint "RevokeBias", Time since last: 505345658 ns, Reaching safepoint: 72896 ns, At safepoint: 19787 ns, Total: 92683 ns
[2020-02-26T09:55:18.557+0000][1][safepoint    ] Safepoint "Cleanup", Time since last: 1001777816 ns, Reaching safepoint: 97377 ns, At safepoint: 8916 ns, Total: 106293 ns
[2020-02-26T09:55:19.558+0000][1][safepoint    ] Safepoint "Cleanup", Time since last: 1000410640 ns, Reaching safepoint: 112465 ns, At safepoint: 8409 ns, Total: 120874 ns
[2020-02-26T09:55:20.058+0000][1][safepoint    ] Safepoint "RevokeBias", Time since last: 500436682 ns, Reaching safepoint: 69646 ns, At safepoint: 18705 ns, Total: 88351 ns
[2020-02-26T09:55:21.059+0000][1][safepoint    ] Safepoint "Cleanup", Time since last: 1000870664 ns, Reaching safepoint: 71037 ns, At safepoint: 7706 ns, Total: 78743 ns
[2020-02-26T09:55:22.477+0000][1][safepoint    ] Safepoint "Cleanup", Time since last: 1418046250 ns, Reaching safepoint: 220872 ns, At safepoint: 28404 ns, Total: 249276 ns
[2020-02-26T09:55:22.562+0000][1][safepoint    ] Safepoint "RevokeBias", Time since last: 84168916 ns, Reaching safepoint: 75191 ns, At safepoint: 19750 ns, Total: 94941 ns
[2020-02-26T09:55:23.562+0000][1][safepoint    ] Safepoint "Cleanup", Time since last: 1000202357 ns, Reaching safepoint: 81734 ns, At safepoint: 10095 ns, Total: 91829 ns
[2020-02-26T09:55:24.563+0000][1][safepoint    ] Safepoint "Cleanup", Time since last: 1001246512 ns, Reaching safepoint: 111498 ns, At safepoint: 9219 ns, Total: 120717 ns
[2020-02-26T09:55:25.067+0000][1][safepoint    ] Safepoint "RevokeBias", Time since last: 503514761 ns, Reaching safepoint: 76748 ns, At safepoint: 38682 ns, Total: 115430 ns
[2020-02-26T09:55:26.067+0000][1][safepoint    ] Safepoint "Cleanup", Time since last: 1000266121 ns, Reaching safepoint: 78932 ns, At safepoint: 9963 ns, Total: 88895 ns
[2020-02-26T09:55:27.068+0000][1][safepoint    ] Safepoint "Cleanup", Time since last: 1000528162 ns, Reaching safepoint: 91073 ns, At safepoint: 9654 ns, Total: 100727 ns
[2020-02-26T09:55:27.573+0000][1][safepoint    ] Safepoint "RevokeBias", Time since last: 504611241 ns, Reaching safepoint: 74042 ns, At safepoint: 20345 ns, Total: 94387 ns
[2020-02-26T09:55:28.574+0000][1][safepoint    ] Safepoint "Cleanup", Time since last: 1001074321 ns, Reaching safepoint: 132854 ns, At safepoint: 9422 ns, Total: 142276 ns
[2020-02-26T09:55:29.581+0000][1][safepoint    ] Safepoint "Cleanup", Time since last: 1006538046 ns, Reaching safepoint: 92104 ns, At safepoint: 8296 ns, Total: 100400 ns
[2020-02-26T09:55:30.090+0000][1][safepoint    ] Safepoint "RevokeBias", Time since last: 509719595 ns, Reaching safepoint: 68783 ns, At safepoint: 18940 ns, Total: 87723 ns
[2020-02-26T09:55:31.091+0000][1][safepoint    ] Safepoint "Cleanup", Time since last: 1000441628 ns, Reaching safepoint: 77666 ns, At safepoint: 8880 ns, Total: 86546 ns
[2020-02-26T09:55:32.091+0000][1][safepoint    ] Safepoint "Cleanup", Time since last: 1000406279 ns, Reaching safepoint: 138117 ns, At safepoint: 9730 ns, Total: 147847 ns
[2020-02-26T09:55:32.601+0000][1][safepoint    ] Safepoint "RevokeBias", Time since last: 509189041 ns, Reaching safepoint: 75917 ns, At safepoint: 20141 ns, Total: 96058 ns
[2020-02-26T09:55:33.602+0000][1][safepoint    ] Safepoint "Cleanup", Time since last: 1000839502 ns, Reaching safepoint: 77087 ns, At safepoint: 9309 ns, Total: 86396 ns
[2020-02-26T09:55:34.605+0000][1][safepoint    ] Safepoint "Cleanup", Time since last: 1003383838 ns, Reaching safepoint: 115354 ns, At safepoint: 9373 ns, Total: 124727 ns
[2020-02-26T09:55:35.124+0000][1][safepoint    ] Safepoint "RevokeBias", Time since last: 518918466 ns, Reaching safepoint: 178476 ns, At safepoint: 39850 ns, Total: 218326 ns
[2020-02-26T09:55:36.125+0000][1][safepoint    ] Safepoint "Cleanup", Time since last: 1000649032 ns, Reaching safepoint: 82026 ns, At safepoint: 9398 ns, Total: 91424 ns
[2020-02-26T09:55:37.126+0000][1][safepoint    ] Safepoint "Cleanup", Time since last: 1000437301 ns, Reaching safepoint: 97130 ns, At safepoint: 11247 ns, Total: 108377 ns
[2020-02-26T09:55:37.634+0000][1][safepoint    ] Safepoint "RevokeBias", Time since last: 508326414 ns, Reaching safepoint: 111965 ns, At safepoint: 23109 ns, Total: 135074 ns
[2020-02-26T09:55:38.634+0000][1][safepoint    ] Safepoint "Cleanup", Time since last: 1000312343 ns, Reaching safepoint: 79003 ns, At safepoint: 9609 ns, Total: 88612 ns
[2020-02-26T09:55:39.635+0000][1][safepoint    ] Safepoint "Cleanup", Time since last: 1000082737 ns, Reaching safepoint: 82040 ns, At safepoint: 9382 ns, Total: 91422 ns
[2020-02-26T09:55:40.151+0000][1][safepoint    ] Safepoint "RevokeBias", Time since last: 515966924 ns, Reaching safepoint: 70723 ns, At safepoint: 19386 ns, Total: 90109 ns
[2020-02-26T09:55:41.151+0000][1][safepoint    ] Safepoint "Cleanup", Time since last: 1000328953 ns, Reaching safepoint: 77736 ns, At safepoint: 8956 ns, Total: 86692 ns
[2020-02-26T09:55:42.152+0000][1][safepoint    ] Safepoint "Cleanup", Time since last: 1000479320 ns, Reaching safepoint: 86082 ns, At safepoint: 9941 ns, Total: 96023 ns
[2020-02-26T09:55:42.659+0000][1][safepoint    ] Safepoint "RevokeBias", Time since last: 507105050 ns, Reaching safepoint: 69706 ns, At safepoint: 19473 ns, Total: 89179 ns
[2020-02-26T09:55:43.659+0000][1][safepoint    ] Safepoint "Cleanup", Time since last: 1000068541 ns, Reaching safepoint: 90801 ns, At safepoint: 8810 ns, Total: 99611 ns
[2020-02-26T09:55:44.660+0000][1][safepoint    ] Safepoint "Cleanup", Time since last: 1000853157 ns, Reaching safepoint: 92599 ns, At safepoint: 9630 ns, Total: 102229 ns
[2020-02-26T09:55:45.165+0000][1][safepoint    ] Safepoint "RevokeBias", Time since last: 505171353 ns, Reaching safepoint: 72241 ns, At safepoint: 20586 ns, Total: 92827 ns
[2020-02-26T09:55:46.176+0000][1][safepoint    ] Safepoint "Cleanup", Time since last: 1010575890 ns, Reaching safepoint: 120303 ns, At safepoint: 27374 ns, Total: 147677 ns
[2020-02-26T09:55:47.177+0000][1][safepoint    ] Safepoint "Cleanup", Time since last: 1000914702 ns, Reaching safepoint: 85276 ns, At safepoint: 9862 ns, Total: 95138 ns
[2020-02-26T09:55:47.670+0000][1][safepoint    ] Safepoint "RevokeBias", Time since last: 493254100 ns, Reaching safepoint: 72538 ns, At safepoint: 19432 ns, Total: 91970 ns
[2020-02-26T09:55:48.671+0000][1][safepoint    ] Safepoint "Cleanup", Time since last: 1000264588 ns, Reaching safepoint: 74914 ns, At safepoint: 8673 ns, Total: 83587 ns
[2020-02-26T09:55:49.671+0000][1][safepoint    ] Safepoint "Cleanup", Time since last: 1000545484 ns, Reaching safepoint: 77088 ns, At safepoint: 9446 ns, Total: 86534 ns
[2020-02-26T09:55:50.177+0000][1][safepoint    ] Safepoint "RevokeBias", Time since last: 505820570 ns, Reaching safepoint: 78542 ns, At safepoint: 38300 ns, Total: 116842 ns
[2020-02-26T09:55:51.180+0000][1][safepoint    ] Safepoint "Cleanup", Time since last: 1002290776 ns, Reaching safepoint: 74900 ns, At safepoint: 8728 ns, Total: 83628 ns
[2020-02-26T09:55:52.181+0000][1][safepoint    ] Safepoint "Cleanup", Time since last: 1001315148 ns, Reaching safepoint: 73872 ns, At safepoint: 8356 ns, Total: 82228 ns
[2020-02-26T09:55:52.682+0000][1][safepoint    ] Safepoint "RevokeBias", Time since last: 500824692 ns, Reaching safepoint: 70398 ns, At safepoint: 20130 ns, Total: 90528 ns
[2020-02-26T09:55:53.682+0000][1][safepoint    ] Safepoint "Cleanup", Time since last: 1000261526 ns, Reaching safepoint: 77012 ns, At safepoint: 8930 ns, Total: 85942 ns
[2020-02-26T09:55:54.683+0000][1][safepoint    ] Safepoint "Cleanup", Time since last: 1000565935 ns, Reaching safepoint: 91595 ns, At safepoint: 9259 ns, Total: 100854 ns
[2020-02-26T09:55:55.191+0000][1][safepoint    ] Safepoint "RevokeBias", Time since last: 506287390 ns, Reaching safepoint: 1342023 ns, At safepoint: 28126 ns, Total: 1370149 ns
[2020-02-26T09:55:56.195+0000][1][safepoint    ] Safepoint "Cleanup", Time since last: 1004511216 ns, Reaching safepoint: 78437 ns, At safepoint: 9249 ns, Total: 87686 ns
[2020-02-26T09:55:57.196+0000][1][safepoint    ] Safepoint "Cleanup", Time since last: 1000751199 ns, Reaching safepoint: 198790 ns, At safepoint: 8945 ns, Total: 207735 ns
[2020-02-26T09:55:57.691+0000][1][safepoint    ] Safepoint "RevokeBias", Time since last: 494968206 ns, Reaching safepoint: 69944 ns, At safepoint: 19284 ns, Total: 89228 ns
[2020-02-26T09:55:58.692+0000][1][safepoint    ] Safepoint "Cleanup", Time since last: 1000796278 ns, Reaching safepoint: 78492 ns, At safepoint: 9554 ns, Total: 88046 ns
[2020-02-26T09:55:59.693+0000][1][safepoint    ] Safepoint "Cleanup", Time since last: 1000613159 ns, Reaching safepoint: 79253 ns, At safepoint: 8875 ns, Total: 88128 ns
[2020-02-26T09:56:00.197+0000][1][safepoint    ] Safepoint "BulkRevokeBias", Time since last: 503535662 ns, Reaching safepoint: 70216 ns, At safepoint: 242157 ns, Total: 312373 ns
[2020-02-26T09:56:01.218+0000][1][safepoint    ] Safepoint "Cleanup", Time since last: 1021012415 ns, Reaching safepoint: 67965 ns, At safepoint: 6129 ns, Total: 74094 ns
[2020-02-26T09:56:02.219+0000][1][safepoint    ] Safepoint "Cleanup", Time since last: 1000946419 ns, Reaching safepoint: 139693 ns, At safepoint: 10989 ns, Total: 150682 ns
[2020-02-26T09:56:02.701+0000][1][safepoint    ] Safepoint "RevokeBias", Time since last: 482133374 ns, Reaching safepoint: 82457 ns, At safepoint: 22299 ns, Total: 104756 ns
[2020-02-26T09:56:03.701+0000][1][safepoint    ] Safepoint "Cleanup", Time since last: 1000244263 ns, Reaching safepoint: 114490 ns, At safepoint: 14566 ns, Total: 129056 ns
[2020-02-26T09:56:04.702+0000][1][safepoint    ] Safepoint "Cleanup", Time since last: 1000494754 ns, Reaching safepoint: 91578 ns, At safepoint: 8867 ns, Total: 100445 ns
[2020-02-26T09:56:05.205+0000][1][safepoint    ] Safepoint "RevokeBias", Time since last: 502879934 ns, Reaching safepoint: 71709 ns, At safepoint: 36032 ns, Total: 107741 ns
[2020-02-26T09:56:06.205+0000][1][safepoint    ] Safepoint "Cleanup", Time since last: 1000308274 ns, Reaching safepoint: 114588 ns, At safepoint: 9289 ns, Total: 123877 ns
[2020-02-26T09:56:07.208+0000][1][safepoint    ] Safepoint "Cleanup", Time since last: 1000799822 ns, Reaching safepoint: 1356200 ns, At safepoint: 18389 ns, Total: 1374589 ns
[2020-02-26T09:56:07.711+0000][1][safepoint    ] Safepoint "RevokeBias", Time since last: 502922158 ns, Reaching safepoint: 90053 ns, At safepoint: 20262 ns, Total: 110315 ns
[2020-02-26T09:56:08.720+0000][1][safepoint    ] Safepoint "Cleanup", Time since last: 1009308638 ns, Reaching safepoint: 76154 ns, At safepoint: 8575 ns, Total: 84729 ns
[2020-02-26T09:56:09.721+0000][1][safepoint    ] Safepoint "Cleanup", Time since last: 1000767315 ns, Reaching safepoint: 74917 ns, At safepoint: 9090 ns, Total: 84007 ns
[2020-02-26T09:56:10.219+0000][1][safepoint    ] Safepoint "RevokeBias", Time since last: 497622103 ns, Reaching safepoint: 71168 ns, At safepoint: 19453 ns, Total: 90621 ns
[2020-02-26T09:56:11.219+0000][1][safepoint    ] Safepoint "Cleanup", Time since last: 1000258251 ns, Reaching safepoint: 96200 ns, At safepoint: 8935 ns, Total: 105135 ns
[2020-02-26T09:56:12.220+0000][1][safepoint    ] Safepoint "Cleanup", Time since last: 1001299176 ns, Reaching safepoint: 92930 ns, At safepoint: 9543 ns, Total: 102473 ns
[2020-02-26T09:56:12.734+0000][1][safepoint    ] Safepoint "RevokeBias", Time since last: 513773546 ns, Reaching safepoint: 70362 ns, At safepoint: 20021 ns, Total: 90383 ns
[2020-02-26T09:56:13.735+0000][1][safepoint    ] Safepoint "Cleanup", Time since last: 1000368373 ns, Reaching safepoint: 74825 ns, At safepoint: 8808 ns, Total: 83633 ns
[2020-02-26T09:56:14.735+0000][1][safepoint    ] Safepoint "Cleanup", Time since last: 1000655214 ns, Reaching safepoint: 88518 ns, At safepoint: 11588 ns, Total: 100106 ns
[2020-02-26T09:56:15.243+0000][1][safepoint    ] Safepoint "RevokeBias", Time since last: 507732175 ns, Reaching safepoint: 88955 ns, At safepoint: 19455 ns, Total: 108410 ns
[2020-02-26T09:56:16.243+0000][1][safepoint    ] Safepoint "Cleanup", Time since last: 1000085097 ns, Reaching safepoint: 81904 ns, At safepoint: 8891 ns, Total: 90795 ns
[2020-02-26T09:56:17.244+0000][1][safepoint    ] Safepoint "Cleanup", Time since last: 1000703320 ns, Reaching safepoint: 99229 ns, At safepoint: 12898 ns, Total: 112127 ns
[2020-02-26T09:56:17.765+0000][1][safepoint    ] Safepoint "RevokeBias", Time since last: 520704770 ns, Reaching safepoint: 172277 ns, At safepoint: 18318 ns, Total: 190595 ns
[2020-02-26T09:56:18.766+0000][1][safepoint    ] Safepoint "Cleanup", Time since last: 1000950948 ns, Reaching safepoint: 92845 ns, At safepoint: 11473 ns, Total: 104318 ns
[2020-02-26T09:56:19.767+0000][1][safepoint    ] Safepoint "Cleanup", Time since last: 1000498383 ns, Reaching safepoint: 81298 ns, At safepoint: 11408 ns, Total: 92706 ns
[2020-02-26T09:56:20.273+0000][1][safepoint    ] Safepoint "RevokeBias", Time since last: 506298879 ns, Reaching safepoint: 70175 ns, At safepoint: 19480 ns, Total: 89655 ns
[2020-02-26T09:56:21.274+0000][1][safepoint    ] Safepoint "Cleanup", Time since last: 1000490708 ns, Reaching safepoint: 73204 ns, At safepoint: 9379 ns, Total: 82583 ns
[2020-02-26T09:56:22.274+0000][1][safepoint    ] Safepoint "Cleanup", Time since last: 1000170704 ns, Reaching safepoint: 107771 ns, At safepoint: 9256 ns, Total: 117027 ns
[2020-02-26T09:56:22.777+0000][1][safepoint    ] Safepoint "RevokeBias", Time since last: 502622347 ns, Reaching safepoint: 72655 ns, At safepoint: 19921 ns, Total: 92576 ns
[2020-02-26T09:56:23.777+0000][1][safepoint    ] Safepoint "Cleanup", Time since last: 1000548411 ns, Reaching safepoint: 58405 ns, At safepoint: 8060 ns, Total: 66465 ns
[2020-02-26T09:56:24.778+0000][1][safepoint    ] Safepoint "Cleanup", Time since last: 1000810547 ns, Reaching safepoint: 79261 ns, At safepoint: 9440 ns, Total: 88701 ns
[2020-02-26T09:56:25.284+0000][1][safepoint    ] Safepoint "RevokeBias", Time since last: 505139518 ns, Reaching safepoint: 174208 ns, At safepoint: 21358 ns, Total: 195566 ns
[2020-02-26T09:56:26.284+0000][1][safepoint    ] Safepoint "Cleanup", Time since last: 1000317747 ns, Reaching safepoint: 77778 ns, At safepoint: 9484 ns, Total: 87262 ns
[2020-02-26T09:56:27.284+0000][1][safepoint    ] Safepoint "Cleanup", Time since last: 1000221259 ns, Reaching safepoint: 116816 ns, At safepoint: 12367 ns, Total: 129183 ns
[2020-02-26T09:56:27.792+0000][1][safepoint    ] Safepoint "RevokeBias", Time since last: 507841874 ns, Reaching safepoint: 93103 ns, At safepoint: 31198 ns, Total: 124301 ns
[2020-02-26T09:56:28.795+0000][1][safepoint    ] Safepoint "Cleanup", Time since last: 1002698298 ns, Reaching safepoint: 112374 ns, At safepoint: 8830 ns, Total: 121204 ns
[2020-02-26T09:56:29.796+0000][1][safepoint    ] Safepoint "Cleanup", Time since last: 1000351474 ns, Reaching safepoint: 74571 ns, At safepoint: 8746 ns, Total: 83317 ns
[2020-02-26T09:56:30.299+0000][1][safepoint    ] Safepoint "RevokeBias", Time since last: 503498412 ns, Reaching safepoint: 76977 ns, At safepoint: 21215 ns, Total: 98192 ns
[2020-02-26T09:56:31.300+0000][1][safepoint    ] Safepoint "Cleanup", Time since last: 1000591069 ns, Reaching safepoint: 122223 ns, At safepoint: 10777 ns, Total: 133000 ns
[2020-02-26T09:56:32.301+0000][1][safepoint    ] Safepoint "Cleanup", Time since last: 1000623197 ns, Reaching safepoint: 93367 ns, At safepoint: 9133 ns, Total: 102500 ns
[2020-02-26T09:56:32.804+0000][1][safepoint    ] Safepoint "RevokeBias", Time since last: 503604189 ns, Reaching safepoint: 155466 ns, At safepoint: 34751 ns, Total: 190217 ns
[2020-02-26T09:56:33.806+0000][1][safepoint    ] Safepoint "Cleanup", Time since last: 1001958198 ns, Reaching safepoint: 92561 ns, At safepoint: 9979 ns, Total: 102540 ns
[2020-02-26T09:56:34.807+0000][1][safepoint    ] Safepoint "Cleanup", Time since last: 1000630752 ns, Reaching safepoint: 96042 ns, At safepoint: 9228 ns, Total: 105270 ns
[2020-02-26T09:56:35.310+0000][1][safepoint    ] Safepoint "RevokeBias", Time since last: 502434315 ns, Reaching safepoint: 71470 ns, At safepoint: 36975 ns, Total: 108445 ns
[2020-02-26T09:56:36.310+0000][1][safepoint    ] Safepoint "Cleanup", Time since last: 1000527424 ns, Reaching safepoint: 72326 ns, At safepoint: 8325 ns, Total: 80651 ns
[2020-02-26T09:56:37.311+0000][1][safepoint    ] Safepoint "Cleanup", Time since last: 1000488367 ns, Reaching safepoint: 108482 ns, At safepoint: 8651 ns, Total: 117133 ns
[2020-02-26T09:56:37.813+0000][1][safepoint    ] Safepoint "RevokeBias", Time since last: 501954478 ns, Reaching safepoint: 71631 ns, At safepoint: 19768 ns, Total: 91399 ns
[2020-02-26T09:56:38.814+0000][1][safepoint    ] Safepoint "Cleanup", Time since last: 1000468643 ns, Reaching safepoint: 74799 ns, At safepoint: 8556 ns, Total: 83355 ns
[2020-02-26T09:56:39.815+0000][1][safepoint    ] Safepoint "Cleanup", Time since last: 1001550452 ns, Reaching safepoint: 117111 ns, At safepoint: 28733 ns, Total: 145844 ns
[2020-02-26T09:56:40.317+0000][1][safepoint    ] Safepoint "RevokeBias", Time since last: 501901856 ns, Reaching safepoint: 72160 ns, At safepoint: 72864 ns, Total: 145024 ns
[2020-02-26T09:56:41.318+0000][1][safepoint    ] Safepoint "Cleanup", Time since last: 1000509172 ns, Reaching safepoint: 121313 ns, At safepoint: 10702 ns, Total: 132015 ns
[2020-02-26T09:56:42.319+0000][1][safepoint    ] Safepoint "Cleanup", Time since last: 1000515607 ns, Reaching safepoint: 129159 ns, At safepoint: 8893 ns, Total: 138052 ns
[2020-02-26T09:56:42.824+0000][1][safepoint    ] Safepoint "RevokeBias", Time since last: 504848516 ns, Reaching safepoint: 79735 ns, At safepoint: 20721 ns, Total: 100456 ns
[2020-02-26T09:56:43.824+0000][1][safepoint    ] Safepoint "Cleanup", Time since last: 1000308168 ns, Reaching safepoint: 129019 ns, At safepoint: 10896 ns, Total: 139915 ns
[2020-02-26T09:56:44.830+0000][1][safepoint    ] Safepoint "Cleanup", Time since last: 1005391448 ns, Reaching safepoint: 165146 ns, At safepoint: 13341 ns, Total: 178487 ns
[2020-02-26T09:56:45.341+0000][1][safepoint    ] Safepoint "RevokeBias", Time since last: 511007022 ns, Reaching safepoint: 71741 ns, At safepoint: 39148 ns, Total: 110889 ns
[2020-02-26T09:56:46.341+0000][1][safepoint    ] Safepoint "Cleanup", Time since last: 1000476616 ns, Reaching safepoint: 73388 ns, At safepoint: 8260 ns, Total: 81648 ns
[2020-02-26T09:56:47.342+0000][1][safepoint    ] Safepoint "Cleanup", Time since last: 1000618457 ns, Reaching safepoint: 76081 ns, At safepoint: 9152 ns, Total: 85233 ns
[2020-02-26T09:56:47.849+0000][1][safepoint    ] Safepoint "RevokeBias", Time since last: 507170019 ns, Reaching safepoint: 71834 ns, At safepoint: 19764 ns, Total: 91598 ns
[2020-02-26T09:56:48.850+0000][1][safepoint    ] Safepoint "Cleanup", Time since last: 1000343024 ns, Reaching safepoint: 133047 ns, At safepoint: 26459 ns, Total: 159506 ns
[2020-02-26T09:56:49.856+0000][1][safepoint    ] Safepoint "Cleanup", Time since last: 1005899891 ns, Reaching safepoint: 125357 ns, At safepoint: 11241 ns, Total: 136598 ns
[2020-02-26T09:56:50.370+0000][1][safepoint    ] Safepoint "RevokeBias", Time since last: 514111207 ns, Reaching safepoint: 108910 ns, At safepoint: 42342 ns, Total: 151252 ns
[2020-02-26T09:56:51.371+0000][1][safepoint    ] Safepoint "Cleanup", Time since last: 1000562134 ns, Reaching safepoint: 76156 ns, At safepoint: 9124 ns, Total: 85280 ns
[2020-02-26T09:56:52.502+0000][1][safepoint    ] Safepoint "Cleanup", Time since last: 1131012673 ns, Reaching safepoint: 99693 ns, At safepoint: 10742 ns, Total: 110435 ns
[2020-02-26T09:56:52.877+0000][1][safepoint    ] Safepoint "RevokeBias", Time since last: 374745726 ns, Reaching safepoint: 82591 ns, At safepoint: 19474 ns, Total: 102065 ns
[2020-02-26T09:56:53.877+0000][1][safepoint    ] Safepoint "Cleanup", Time since last: 1000279673 ns, Reaching safepoint: 101078 ns, At safepoint: 8947 ns, Total: 110025 ns
[2020-02-26T09:56:54.878+0000][1][safepoint    ] Safepoint "Cleanup", Time since last: 1000407614 ns, Reaching safepoint: 175249 ns, At safepoint: 26405 ns, Total: 201654 ns
[2020-02-26T09:56:55.393+0000][1][safepoint    ] Safepoint "RevokeBias", Time since last: 514941427 ns, Reaching safepoint: 104651 ns, At safepoint: 46799 ns, Total: 151450 ns
[2020-02-26T09:56:56.393+0000][1][safepoint    ] Safepoint "Cleanup", Time since last: 1000563857 ns, Reaching safepoint: 131983 ns, At safepoint: 13128 ns, Total: 145111 ns
[2020-02-26T09:56:57.394+0000][1][safepoint    ] Safepoint "Cleanup", Time since last: 1000429406 ns, Reaching safepoint: 80971 ns, At safepoint: 9711 ns, Total: 90682 ns
[2020-02-26T09:56:57.905+0000][1][safepoint    ] Safepoint "RevokeBias", Time since last: 510629998 ns, Reaching safepoint: 207517 ns, At safepoint: 23088 ns, Total: 230605 ns
[2020-02-26T09:56:58.906+0000][1][safepoint    ] Safepoint "Cleanup", Time since last: 1000694992 ns, Reaching safepoint: 82101 ns, At safepoint: 20812 ns, Total: 102913 ns
[2020-02-26T09:56:59.906+0000][1][safepoint    ] Safepoint "Cleanup", Time since last: 1000172692 ns, Reaching safepoint: 78275 ns, At safepoint: 9126 ns, Total: 87401 ns
[2020-02-26T09:57:00.411+0000][1][safepoint    ] Safepoint "RevokeBias", Time since last: 504602966 ns, Reaching safepoint: 77521 ns, At safepoint: 20178 ns, Total: 97699 ns
[2020-02-26T09:57:01.416+0000][1][safepoint    ] Safepoint "Cleanup", Time since last: 1005054495 ns, Reaching safepoint: 75196 ns, At safepoint: 8999 ns, Total: 84195 ns
[2020-02-26T09:57:02.423+0000][1][safepoint    ] Safepoint "Cleanup", Time since last: 1007583201 ns, Reaching safepoint: 128104 ns, At safepoint: 9146 ns, Total: 137250 ns
[2020-02-26T09:57:02.913+0000][1][safepoint    ] Safepoint "RevokeBias", Time since last: 489762836 ns, Reaching safepoint: 125384 ns, At safepoint: 23393 ns, Total: 148777 ns
[2020-02-26T09:57:03.914+0000][1][safepoint    ] Safepoint "Cleanup", Time since last: 1000223523 ns, Reaching safepoint: 189893 ns, At safepoint: 28834 ns, Total: 218727 ns
[2020-02-26T09:57:04.915+0000][1][safepoint    ] Safepoint "Cleanup", Time since last: 1000632391 ns, Reaching safepoint: 107443 ns, At safepoint: 14324 ns, Total: 121767 ns
[2020-02-26T09:57:05.417+0000][1][safepoint    ] Safepoint "RevokeBias", Time since last: 502434448 ns, Reaching safepoint: 114008 ns, At safepoint: 24018 ns, Total: 138026 ns
[2020-02-26T09:57:06.426+0000][1][safepoint    ] Safepoint "Cleanup", Time since last: 1008427648 ns, Reaching safepoint: 214859 ns, At safepoint: 32553 ns, Total: 247412 ns
[2020-02-26T09:57:07.427+0000][1][safepoint    ] Safepoint "Cleanup", Time since last: 1000884226 ns, Reaching safepoint: 128595 ns, At safepoint: 9928 ns, Total: 138523 ns
[2020-02-26T09:57:07.921+0000][1][safepoint    ] Safepoint "RevokeBias", Time since last: 494282687 ns, Reaching safepoint: 74701 ns, At safepoint: 19185 ns, Total: 93886 ns
[2020-02-26T09:57:08.922+0000][1][safepoint    ] Safepoint "Cleanup", Time since last: 1000805277 ns, Reaching safepoint: 76075 ns, At safepoint: 8969 ns, Total: 85044 ns
[2020-02-26T09:57:09.922+0000][1][safepoint    ] Safepoint "Cleanup", Time since last: 1000278956 ns, Reaching safepoint: 77917 ns, At safepoint: 8440 ns, Total: 86357 ns
[2020-02-26T09:57:10.427+0000][1][safepoint    ] Safepoint "RevokeBias", Time since last: 504782170 ns, Reaching safepoint: 72849 ns, At safepoint: 19375 ns, Total: 92224 ns
[2020-02-26T09:57:11.433+0000][1][safepoint    ] Safepoint "Cleanup", Time since last: 1005372345 ns, Reaching safepoint: 72271 ns, At safepoint: 7998 ns, Total: 80269 ns
[2020-02-26T09:57:12.434+0000][1][safepoint    ] Safepoint "Cleanup", Time since last: 1000686400 ns, Reaching safepoint: 120682 ns, At safepoint: 9272 ns, Total: 129954 ns
[2020-02-26T09:57:12.930+0000][1][safepoint    ] Safepoint "BulkRevokeBias", Time since last: 496592604 ns, Reaching safepoint: 75644 ns, At safepoint: 211763 ns, Total: 287407 ns
[2020-02-26T09:57:13.931+0000][1][safepoint    ] Safepoint "Cleanup", Time since last: 1000397620 ns, Reaching safepoint: 93388 ns, At safepoint: 9359 ns, Total: 102747 ns
[2020-02-26T09:57:14.932+0000][1][safepoint    ] Safepoint "Cleanup", Time since last: 1000497573 ns, Reaching safepoint: 98761 ns, At safepoint: 8543 ns, Total: 107304 ns
[2020-02-26T09:57:15.254+0000][1][gc,start     ] GC(67) Pause Young (Allocation Failure)
[2020-02-26T09:57:15.254+0000][1][gc,task      ] GC(67) Using 1 workers of 1 for evacuation
[2020-02-26T09:57:15.264+0000][1][gc,age       ] GC(67) Desired survivor size 4358144 bytes, new threshold 6 (max threshold 6)
[2020-02-26T09:57:15.264+0000][1][gc,age       ] GC(67) Age table with threshold 6 (max threshold 6)
[2020-02-26T09:57:15.264+0000][1][gc,age       ] GC(67) - age   1:      12248 bytes,      12248 total
[2020-02-26T09:57:15.264+0000][1][gc,age       ] GC(67) - age   2:        816 bytes,      13064 total
[2020-02-26T09:57:15.264+0000][1][gc,age       ] GC(67) - age   3:        440 bytes,      13504 total
[2020-02-26T09:57:15.264+0000][1][gc,age       ] GC(67) - age   4:       1112 bytes,      14616 total
[2020-02-26T09:57:15.264+0000][1][gc,age       ] GC(67) - age   5:        144 bytes,      14760 total
[2020-02-26T09:57:15.264+0000][1][gc,age       ] GC(67) - age   6:         96 bytes,      14856 total
[2020-02-26T09:57:15.264+0000][1][gc,heap      ] GC(67) ParNew: 68177K->28K(76672K)
[2020-02-26T09:57:15.264+0000][1][gc,heap      ] GC(67) CMS: 62657K->62659K(963392K)
[2020-02-26T09:57:15.264+0000][1][gc,metaspace ] GC(67) Metaspace: 79743K->79743K(1122304K)
[2020-02-26T09:57:15.264+0000][1][gc           ] GC(67) Pause Young (Allocation Failure) 127M->61M(1015M) 10.891ms
[2020-02-26T09:57:15.264+0000][1][gc,cpu       ] GC(67) User=0.01s Sys=0.00s Real=0.01s
[2020-02-26T09:57:15.264+0000][1][safepoint    ] Safepoint "GenCollectForAllocation", Time since last: 321857913 ns, Reaching safepoint: 71574 ns, At safepoint: 10959660 ns, Total: 11031234 ns
[2020-02-26T09:57:15.437+0000][1][safepoint    ] Safepoint "RevokeBias", Time since last: 172696322 ns, Reaching safepoint: 72225 ns, At safepoint: 19790 ns, Total: 92015 ns
[2020-02-26T09:57:16.438+0000][1][safepoint    ] Safepoint "Cleanup", Time since last: 1000159666 ns, Reaching safepoint: 142987 ns, At safepoint: 9104 ns, Total: 152091 ns
[2020-02-26T09:57:17.448+0000][1][safepoint    ] Safepoint "Cleanup", Time since last: 1010498739 ns, Reaching safepoint: 251590 ns, At safepoint: 19479 ns, Total: 271069 ns
[2020-02-26T09:57:17.943+0000][1][safepoint    ] Safepoint "RevokeBias", Time since last: 494813221 ns, Reaching safepoint: 82037 ns, At safepoint: 24500 ns, Total: 106537 ns
[2020-02-26T09:57:18.944+0000][1][safepoint    ] Safepoint "Cleanup", Time since last: 1000391086 ns, Reaching safepoint: 75662 ns, At safepoint: 8451 ns, Total: 84113 ns
[2020-02-26T09:57:19.944+0000][1][safepoint    ] Safepoint "Cleanup", Time since last: 1000228819 ns, Reaching safepoint: 78353 ns, At safepoint: 9789 ns, Total: 88142 ns
[2020-02-26T09:57:20.449+0000][1][safepoint    ] Safepoint "RevokeBias", Time since last: 504484034 ns, Reaching safepoint: 72881 ns, At safepoint: 19488 ns, Total: 92369 ns
[2020-02-26T09:57:21.449+0000][1][safepoint    ] Safepoint "Cleanup", Time since last: 1000398637 ns, Reaching safepoint: 80388 ns, At safepoint: 9055 ns, Total: 89443 ns
[2020-02-26T09:57:22.459+0000][1][safepoint    ] Safepoint "Cleanup", Time since last: 1010181970 ns, Reaching safepoint: 97239 ns, At safepoint: 9099 ns, Total: 106338 ns
[2020-02-26T09:57:22.959+0000][1][safepoint    ] Safepoint "RevokeBias", Time since last: 499683091 ns, Reaching safepoint: 118583 ns, At safepoint: 46325 ns, Total: 164908 ns
[2020-02-26T09:57:23.960+0000][1][safepoint    ] Safepoint "Cleanup", Time since last: 1000148244 ns, Reaching safepoint: 115145 ns, At safepoint: 10402 ns, Total: 125547 ns
[2020-02-26T09:57:24.960+0000][1][safepoint    ] Safepoint "Cleanup", Time since last: 1000665802 ns, Reaching safepoint: 117189 ns, At safepoint: 27135 ns, Total: 144324 ns
[2020-02-26T09:57:25.471+0000][1][safepoint    ] Safepoint "RevokeBias", Time since last: 510669760 ns, Reaching safepoint: 71146 ns, At safepoint: 35958 ns, Total: 107104 ns
[2020-02-26T09:57:26.472+0000][1][safepoint    ] Safepoint "Cleanup", Time since last: 1000804104 ns, Reaching safepoint: 93901 ns, At safepoint: 8774 ns, Total: 102675 ns
[2020-02-26T09:57:27.475+0000][1][safepoint    ] Safepoint "Cleanup", Time since last: 1002817229 ns, Reaching safepoint: 152967 ns, At safepoint: 8636 ns, Total: 161603 ns
[2020-02-26T09:57:27.986+0000][1][safepoint    ] Safepoint "RevokeBias", Time since last: 510842608 ns, Reaching safepoint: 68736 ns, At safepoint: 19021 ns, Total: 87757 ns
[2020-02-26T09:57:28.987+0000][1][safepoint    ] Safepoint "Cleanup", Time since last: 1000740897 ns, Reaching safepoint: 130681 ns, At safepoint: 8317 ns, Total: 138998 ns
[2020-02-26T09:57:29.987+0000][1][safepoint    ] Safepoint "Cleanup", Time since last: 1000418985 ns, Reaching safepoint: 78793 ns, At safepoint: 10012 ns, Total: 88805 ns
[2020-02-26T09:57:30.498+0000][1][safepoint    ] Safepoint "RevokeBias", Time since last: 510099004 ns, Reaching safepoint: 92781 ns, At safepoint: 26825 ns, Total: 119606 ns
[2020-02-26T09:57:31.498+0000][1][safepoint    ] Safepoint "Cleanup", Time since last: 1000775284 ns, Reaching safepoint: 75929 ns, At safepoint: 8852 ns, Total: 84781 ns
[2020-02-26T09:57:32.499+0000][1][safepoint    ] Safepoint "Cleanup", Time since last: 1000154517 ns, Reaching safepoint: 160180 ns, At safepoint: 12041 ns, Total: 172221 ns
[2020-02-26T09:57:33.013+0000][1][safepoint    ] Safepoint "RevokeBias", Time since last: 514264344 ns, Reaching safepoint: 72100 ns, At safepoint: 19494 ns, Total: 91594 ns
[2020-02-26T09:57:34.014+0000][1][safepoint    ] Safepoint "Cleanup", Time since last: 1000891669 ns, Reaching safepoint: 74758 ns, At safepoint: 9261 ns, Total: 84019 ns
[2020-02-26T09:57:35.015+0000][1][safepoint    ] Safepoint "Cleanup", Time since last: 1000590106 ns, Reaching safepoint: 92157 ns, At safepoint: 10035 ns, Total: 102192 ns
[2020-02-26T09:57:35.524+0000][1][safepoint    ] Safepoint "RevokeBias", Time since last: 509605699 ns, Reaching safepoint: 69326 ns, At safepoint: 19480 ns, Total: 88806 ns
[2020-02-26T09:57:36.525+0000][1][safepoint    ] Safepoint "Cleanup", Time since last: 1000124712 ns, Reaching safepoint: 116848 ns, At safepoint: 12800 ns, Total: 129648 ns
[2020-02-26T09:57:37.525+0000][1][safepoint    ] Safepoint "Cleanup", Time since last: 1000178390 ns, Reaching safepoint: 75936 ns, At safepoint: 9229 ns, Total: 85165 ns
[2020-02-26T09:57:38.028+0000][1][safepoint    ] Safepoint "RevokeBias", Time since last: 503337552 ns, Reaching safepoint: 71240 ns, At safepoint: 19665 ns, Total: 90905 ns
[2020-02-26T09:57:39.029+0000][1][safepoint    ] Safepoint "Cleanup", Time since last: 1000528620 ns, Reaching safepoint: 147958 ns, At safepoint: 9707 ns, Total: 157665 ns
[2020-02-26T09:57:40.029+0000][1][safepoint    ] Safepoint "Cleanup", Time since last: 1000199431 ns, Reaching safepoint: 134417 ns, At safepoint: 12882 ns, Total: 147299 ns
[2020-02-26T09:57:40.535+0000][1][safepoint    ] Safepoint "RevokeBias", Time since last: 505920675 ns, Reaching safepoint: 107723 ns, At safepoint: 21820 ns, Total: 129543 ns
[2020-02-26T09:57:41.536+0000][1][safepoint    ] Safepoint "Cleanup", Time since last: 1000174290 ns, Reaching safepoint: 94802 ns, At safepoint: 9280 ns, Total: 104082 ns
[2020-02-26T09:57:42.537+0000][1][safepoint    ] Safepoint "Cleanup", Time since last: 1000857435 ns, Reaching safepoint: 76431 ns, At safepoint: 8945 ns, Total: 85376 ns
[2020-02-26T09:57:43.038+0000][1][safepoint    ] Safepoint "RevokeBias", Time since last: 501103867 ns, Reaching safepoint: 71397 ns, At safepoint: 19310 ns, Total: 90707 ns
[2020-02-26T09:57:44.048+0000][1][safepoint    ] Safepoint "Cleanup", Time since last: 1010214647 ns, Reaching safepoint: 94908 ns, At safepoint: 12312 ns, Total: 107220 ns
[2020-02-26T09:57:45.049+0000][1][safepoint    ] Safepoint "Cleanup", Time since last: 1000330032 ns, Reaching safepoint: 158480 ns, At safepoint: 10835 ns, Total: 169315 ns
[2020-02-26T09:57:45.542+0000][1][safepoint    ] Safepoint "RevokeBias", Time since last: 493640836 ns, Reaching safepoint: 70745 ns, At safepoint: 19981 ns, Total: 90726 ns
[2020-02-26T09:57:46.543+0000][1][safepoint    ] Safepoint "Cleanup", Time since last: 1000888523 ns, Reaching safepoint: 142360 ns, At safepoint: 26229 ns, Total: 168589 ns
[2020-02-26T09:57:47.544+0000][1][safepoint    ] Safepoint "Cleanup", Time since last: 1000187696 ns, Reaching safepoint: 131848 ns, At safepoint: 9374 ns, Total: 141222 ns
[2020-02-26T09:57:48.048+0000][1][safepoint    ] Safepoint "RevokeBias", Time since last: 504174524 ns, Reaching safepoint: 73405 ns, At safepoint: 20367 ns, Total: 93772 ns
[2020-02-26T09:57:49.054+0000][1][safepoint    ] Safepoint "Cleanup", Time since last: 1005317070 ns, Reaching safepoint: 133431 ns, At safepoint: 47373 ns, Total: 180804 ns
[2020-02-26T09:57:50.054+0000][1][safepoint    ] Safepoint "Cleanup", Time since last: 1000730547 ns, Reaching safepoint: 82969 ns, At safepoint: 27078 ns, Total: 110047 ns
[2020-02-26T09:57:50.555+0000][1][safepoint    ] Safepoint "RevokeBias", Time since last: 500072725 ns, Reaching safepoint: 112562 ns, At safepoint: 37057 ns, Total: 149619 ns
[2020-02-26T09:57:51.555+0000][1][safepoint    ] Safepoint "Cleanup", Time since last: 1000488343 ns, Reaching safepoint: 77861 ns, At safepoint: 10794 ns, Total: 88655 ns
[2020-02-26T09:57:52.556+0000][1][safepoint    ] Safepoint "Cleanup", Time since last: 1000231756 ns, Reaching safepoint: 76742 ns, At safepoint: 9677 ns, Total: 86419 ns
[2020-02-26T09:57:53.057+0000][1][safepoint    ] Safepoint "RevokeBias", Time since last: 501802341 ns, Reaching safepoint: 87493 ns, At safepoint: 20038 ns, Total: 107531 ns
[2020-02-26T09:57:54.058+0000][1][safepoint    ] Safepoint "Cleanup", Time since last: 1000837739 ns, Reaching safepoint: 76335 ns, At safepoint: 9200 ns, Total: 85535 ns
[2020-02-26T09:57:55.060+0000][1][safepoint    ] Safepoint "Cleanup", Time since last: 1001153154 ns, Reaching safepoint: 92699 ns, At safepoint: 8917 ns, Total: 101616 ns
[2020-02-26T09:57:55.563+0000][1][safepoint    ] Safepoint "RevokeBias", Time since last: 503110198 ns, Reaching safepoint: 71320 ns, At safepoint: 36541 ns, Total: 107861 ns
[2020-02-26T09:57:56.563+0000][1][safepoint    ] Safepoint "Cleanup", Time since last: 1000535980 ns, Reaching safepoint: 73376 ns, At safepoint: 8759 ns, Total: 82135 ns
[2020-02-26T09:57:57.564+0000][1][safepoint    ] Safepoint "Cleanup", Time since last: 1000505204 ns, Reaching safepoint: 118360 ns, At safepoint: 12328 ns, Total: 130688 ns
[2020-02-26T09:57:58.069+0000][1][safepoint    ] Safepoint "RevokeBias", Time since last: 505118253 ns, Reaching safepoint: 114924 ns, At safepoint: 23685 ns, Total: 138609 ns
[2020-02-26T09:57:59.070+0000][1][safepoint    ] Safepoint "Cleanup", Time since last: 1000306682 ns, Reaching safepoint: 79373 ns, At safepoint: 10396 ns, Total: 89769 ns
[2020-02-26T09:58:00.079+0000][1][safepoint    ] Safepoint "Cleanup", Time since last: 1009486664 ns, Reaching safepoint: 95318 ns, At safepoint: 9522 ns, Total: 104840 ns
[2020-02-26T09:58:00.596+0000][1][safepoint    ] Safepoint "RevokeBias", Time since last: 516439981 ns, Reaching safepoint: 176345 ns, At safepoint: 33207 ns, Total: 209552 ns
[2020-02-26T09:58:01.596+0000][1][safepoint    ] Safepoint "Cleanup", Time since last: 1000291218 ns, Reaching safepoint: 94339 ns, At safepoint: 8964 ns, Total: 103303 ns
[2020-02-26T09:58:02.597+0000][1][safepoint    ] Safepoint "Cleanup", Time since last: 1000162009 ns, Reaching safepoint: 74057 ns, At safepoint: 8214 ns, Total: 82271 ns
[2020-02-26T09:58:03.105+0000][1][safepoint    ] Safepoint "RevokeBias", Time since last: 508046353 ns, Reaching safepoint: 74352 ns, At safepoint: 20413 ns, Total: 94765 ns
[2020-02-26T09:58:04.105+0000][1][safepoint    ] Safepoint "Cleanup", Time since last: 1000511833 ns, Reaching safepoint: 119105 ns, At safepoint: 14047 ns, Total: 133152 ns
[2020-02-26T09:58:05.106+0000][1][safepoint    ] Safepoint "Cleanup", Time since last: 1000911531 ns, Reaching safepoint: 74779 ns, At safepoint: 9031 ns, Total: 83810 ns
[2020-02-26T09:58:05.621+0000][1][safepoint    ] Safepoint "RevokeBias", Time since last: 514142801 ns, Reaching safepoint: 109743 ns, At safepoint: 31050 ns, Total: 140793 ns
[2020-02-26T09:58:06.622+0000][1][safepoint    ] Safepoint "Cleanup", Time since last: 1000883144 ns, Reaching safepoint: 75722 ns, At safepoint: 8448 ns, Total: 84170 ns
[2020-02-26T09:58:07.623+0000][1][safepoint    ] Safepoint "Cleanup", Time since last: 1000906499 ns, Reaching safepoint: 74920 ns, At safepoint: 8581 ns, Total: 83501 ns
[2020-02-26T09:58:08.138+0000][1][safepoint    ] Safepoint "RevokeBias", Time since last: 514014954 ns, Reaching safepoint: 1246334 ns, At safepoint: 24377 ns, Total: 1270711 ns
[2020-02-26T09:58:09.138+0000][1][safepoint    ] Safepoint "Cleanup", Time since last: 1000418297 ns, Reaching safepoint: 86195 ns, At safepoint: 10093 ns, Total: 96288 ns
[2020-02-26T09:58:10.139+0000][1][safepoint    ] Safepoint "Cleanup", Time since last: 1000412347 ns, Reaching safepoint: 92245 ns, At safepoint: 9473 ns, Total: 101718 ns
[2020-02-26T09:58:10.648+0000][1][safepoint    ] Safepoint "RevokeBias", Time since last: 508885959 ns, Reaching safepoint: 70831 ns, At safepoint: 19857 ns, Total: 90688 ns
[2020-02-26T09:58:11.649+0000][1][safepoint    ] Safepoint "Cleanup", Time since last: 1000447265 ns, Reaching safepoint: 87831 ns, At safepoint: 12177 ns, Total: 100008 ns
[2020-02-26T09:58:12.649+0000][1][safepoint    ] Safepoint "Cleanup", Time since last: 1000472965 ns, Reaching safepoint: 119084 ns, At safepoint: 11279 ns, Total: 130363 ns
[2020-02-26T09:58:13.157+0000][1][safepoint    ] Safepoint "RevokeBias", Time since last: 507402107 ns, Reaching safepoint: 70832 ns, At safepoint: 19158 ns, Total: 89990 ns
[2020-02-26T09:58:14.158+0000][1][safepoint    ] Safepoint "Cleanup", Time since last: 1000932656 ns, Reaching safepoint: 132795 ns, At safepoint: 13694 ns, Total: 146489 ns
[2020-02-26T09:58:15.158+0000][1][safepoint    ] Safepoint "Cleanup", Time since last: 1000422258 ns, Reaching safepoint: 76597 ns, At safepoint: 9407 ns, Total: 86004 ns
[2020-02-26T09:58:15.663+0000][1][safepoint    ] Safepoint "RevokeBias", Time since last: 504349598 ns, Reaching safepoint: 71318 ns, At safepoint: 19707 ns, Total: 91025 ns
[2020-02-26T09:58:16.666+0000][1][safepoint    ] Safepoint "Cleanup", Time since last: 1003746176 ns, Reaching safepoint: 59518 ns, At safepoint: 9229 ns, Total: 68747 ns
[2020-02-26T09:58:17.667+0000][1][safepoint    ] Safepoint "Cleanup", Time since last: 1000428396 ns, Reaching safepoint: 149626 ns, At safepoint: 12676 ns, Total: 162302 ns
[2020-02-26T09:58:18.169+0000][1][safepoint    ] Safepoint "RevokeBias", Time since last: 502033578 ns, Reaching safepoint: 178317 ns, At safepoint: 40744 ns, Total: 219061 ns
[2020-02-26T09:58:19.170+0000][1][safepoint    ] Safepoint "Cleanup", Time since last: 1000370022 ns, Reaching safepoint: 79754 ns, At safepoint: 9328 ns, Total: 89082 ns
[2020-02-26T09:58:20.170+0000][1][safepoint    ] Safepoint "Cleanup", Time since last: 1000574838 ns, Reaching safepoint: 94179 ns, At safepoint: 9840 ns, Total: 104019 ns
[2020-02-26T09:58:20.676+0000][1][safepoint    ] Safepoint "RevokeBias", Time since last: 505423599 ns, Reaching safepoint: 349735 ns, At safepoint: 36312 ns, Total: 386047 ns
[2020-02-26T09:58:21.684+0000][1][safepoint    ] Safepoint "Cleanup", Time since last: 1008033183 ns, Reaching safepoint: 90586 ns, At safepoint: 7816 ns, Total: 98402 ns
[2020-02-26T09:58:22.685+0000][1][safepoint    ] Safepoint "Cleanup", Time since last: 1000244941 ns, Reaching safepoint: 88975 ns, At safepoint: 10865 ns, Total: 99840 ns
[2020-02-26T09:58:23.179+0000][1][safepoint    ] Safepoint "RevokeBias", Time since last: 494590303 ns, Reaching safepoint: 75356 ns, At safepoint: 20429 ns, Total: 95785 ns
[2020-02-26T09:58:24.180+0000][1][safepoint    ] Safepoint "Cleanup", Time since last: 1000189990 ns, Reaching safepoint: 80704 ns, At safepoint: 9181 ns, Total: 89885 ns
[2020-02-26T09:58:25.181+0000][1][safepoint    ] Safepoint "Cleanup", Time since last: 1000829879 ns, Reaching safepoint: 91760 ns, At safepoint: 9156 ns, Total: 100916 ns
[2020-02-26T09:58:25.686+0000][1][safepoint    ] Safepoint "BulkRevokeBias", Time since last: 504930025 ns, Reaching safepoint: 70663 ns, At safepoint: 345486 ns, Total: 416149 ns
[2020-02-26T09:58:26.688+0000][1][safepoint    ] Safepoint "Cleanup", Time since last: 1001569843 ns, Reaching safepoint: 88298 ns, At safepoint: 7848 ns, Total: 96146 ns
[2020-02-26T09:58:27.688+0000][1][safepoint    ] Safepoint "Cleanup", Time since last: 1000309143 ns, Reaching safepoint: 78371 ns, At safepoint: 8535 ns, Total: 86906 ns
[2020-02-26T09:58:28.197+0000][1][safepoint    ] Safepoint "RevokeBias", Time since last: 508528260 ns, Reaching safepoint: 75713 ns, At safepoint: 19275 ns, Total: 94988 ns
[2020-02-26T09:58:29.197+0000][1][safepoint    ] Safepoint "Cleanup", Time since last: 1000213125 ns, Reaching safepoint: 63801 ns, At safepoint: 35326 ns, Total: 99127 ns
[2020-02-26T09:58:30.197+0000][1][safepoint    ] Safepoint "Cleanup", Time since last: 1000366950 ns, Reaching safepoint: 105783 ns, At safepoint: 11201 ns, Total: 116984 ns
[2020-02-26T09:58:30.706+0000][1][safepoint    ] Safepoint "RevokeBias", Time since last: 508924255 ns, Reaching safepoint: 75473 ns, At safepoint: 20739 ns, Total: 96212 ns
[2020-02-26T09:58:31.707+0000][1][safepoint    ] Safepoint "Cleanup", Time since last: 1000721870 ns, Reaching safepoint: 115043 ns, At safepoint: 15699 ns, Total: 130742 ns
[2020-02-26T09:58:32.708+0000][1][safepoint    ] Safepoint "Cleanup", Time since last: 1000497261 ns, Reaching safepoint: 79730 ns, At safepoint: 8645 ns, Total: 88375 ns
[2020-02-26T09:58:33.210+0000][1][safepoint    ] Safepoint "RevokeBias", Time since last: 502484895 ns, Reaching safepoint: 69633 ns, At safepoint: 19640 ns, Total: 89273 ns
[2020-02-26T09:58:34.211+0000][1][safepoint    ] Safepoint "Cleanup", Time since last: 1000522222 ns, Reaching safepoint: 74320 ns, At safepoint: 8633 ns, Total: 82953 ns
[2020-02-26T09:58:35.211+0000][1][safepoint    ] Safepoint "Cleanup", Time since last: 1000317189 ns, Reaching safepoint: 94278 ns, At safepoint: 9294 ns, Total: 103572 ns
[2020-02-26T09:58:35.716+0000][1][safepoint    ] Safepoint "RevokeBias", Time since last: 504696584 ns, Reaching safepoint: 72682 ns, At safepoint: 20736 ns, Total: 93418 ns
[2020-02-26T09:58:36.717+0000][1][safepoint    ] Safepoint "Cleanup", Time since last: 1000775901 ns, Reaching safepoint: 93363 ns, At safepoint: 9929 ns, Total: 103292 ns
[2020-02-26T09:58:37.723+0000][1][safepoint    ] Safepoint "Cleanup", Time since last: 1005942324 ns, Reaching safepoint: 95771 ns, At safepoint: 11197 ns, Total: 106968 ns
[2020-02-26T09:58:38.227+0000][1][safepoint    ] Safepoint "RevokeBias", Time since last: 503588565 ns, Reaching safepoint: 52253 ns, At safepoint: 17480 ns, Total: 69733 ns
[2020-02-26T09:58:39.228+0000][1][safepoint    ] Safepoint "Cleanup", Time since last: 1000718553 ns, Reaching safepoint: 78004 ns, At safepoint: 9043 ns, Total: 87047 ns
[2020-02-26T09:58:40.228+0000][1][safepoint    ] Safepoint "Cleanup", Time since last: 1000469320 ns, Reaching safepoint: 191604 ns, At safepoint: 8303 ns, Total: 199907 ns
[2020-02-26T09:58:40.736+0000][1][safepoint    ] Safepoint "RevokeBias", Time since last: 507776550 ns, Reaching safepoint: 68347 ns, At safepoint: 99826 ns, Total: 168173 ns
[2020-02-26T09:58:41.737+0000][1][safepoint    ] Safepoint "Cleanup", Time since last: 1001072546 ns, Reaching safepoint: 113849 ns, At safepoint: 10749 ns, Total: 124598 ns
[2020-02-26T09:58:42.744+0000][1][safepoint    ] Safepoint "Cleanup", Time since last: 1006087031 ns, Reaching safepoint: 93454 ns, At safepoint: 9635 ns, Total: 103089 ns
[2020-02-26T09:58:43.245+0000][1][safepoint    ] Safepoint "RevokeBias", Time since last: 500895360 ns, Reaching safepoint: 52339 ns, At safepoint: 18004 ns, Total: 70343 ns
[2020-02-26T09:58:44.245+0000][1][safepoint    ] Safepoint "Cleanup", Time since last: 1000140033 ns, Reaching safepoint: 94539 ns, At safepoint: 9625 ns, Total: 104164 ns
[2020-02-26T09:58:45.246+0000][1][safepoint    ] Safepoint "Cleanup", Time since last: 1000683339 ns, Reaching safepoint: 148709 ns, At safepoint: 11947 ns, Total: 160656 ns
[2020-02-26T09:58:45.755+0000][1][safepoint    ] Safepoint "RevokeBias", Time since last: 509482284 ns, Reaching safepoint: 125101 ns, At safepoint: 35725 ns, Total: 160826 ns
[2020-02-26T09:58:46.756+0000][1][safepoint    ] Safepoint "Cleanup", Time since last: 1000388130 ns, Reaching safepoint: 76279 ns, At safepoint: 9510 ns, Total: 85789 ns
[2020-02-26T09:58:47.756+0000][1][safepoint    ] Safepoint "Cleanup", Time since last: 1000292351 ns, Reaching safepoint: 78373 ns, At safepoint: 9363 ns, Total: 87736 ns
[2020-02-26T09:58:48.280+0000][1][safepoint    ] Safepoint "RevokeBias", Time since last: 523668368 ns, Reaching safepoint: 71565 ns, At safepoint: 19068 ns, Total: 90633 ns
[2020-02-26T09:58:49.281+0000][1][safepoint    ] Safepoint "Cleanup", Time since last: 1000609678 ns, Reaching safepoint: 74467 ns, At safepoint: 9127 ns, Total: 83594 ns
[2020-02-26T09:58:50.281+0000][1][safepoint    ] Safepoint "Cleanup", Time since last: 1000427656 ns, Reaching safepoint: 77181 ns, At safepoint: 9097 ns, Total: 86278 ns
[2020-02-26T09:58:50.791+0000][1][safepoint    ] Safepoint "RevokeBias", Time since last: 509903972 ns, Reaching safepoint: 71755 ns, At safepoint: 19532 ns, Total: 91287 ns
[2020-02-26T09:58:52.512+0000][1][safepoint    ] Safepoint "Cleanup", Time since last: 1721001432 ns, Reaching safepoint: 79537 ns, At safepoint: 9441 ns, Total: 88978 ns
[2020-02-26T09:58:53.294+0000][1][safepoint    ] Safepoint "RevokeBias", Time since last: 782096596 ns, Reaching safepoint: 58300 ns, At safepoint: 18839 ns, Total: 77139 ns
[2020-02-26T09:58:54.295+0000][1][safepoint    ] Safepoint "Cleanup", Time since last: 1000575260 ns, Reaching safepoint: 85533 ns, At safepoint: 9858 ns, Total: 95391 ns
[2020-02-26T09:58:55.296+0000][1][safepoint    ] Safepoint "Cleanup", Time since last: 1000397876 ns, Reaching safepoint: 93419 ns, At safepoint: 8787 ns, Total: 102206 ns
[2020-02-26T09:58:55.801+0000][1][safepoint    ] Safepoint "RevokeBias", Time since last: 505547534 ns, Reaching safepoint: 71084 ns, At safepoint: 38442 ns, Total: 109526 ns
[2020-02-26T09:58:56.802+0000][1][safepoint    ] Safepoint "Cleanup", Time since last: 1000388015 ns, Reaching safepoint: 170745 ns, At safepoint: 26854 ns, Total: 197599 ns
[2020-02-26T09:58:57.802+0000][1][safepoint    ] Safepoint "Cleanup", Time since last: 1000119714 ns, Reaching safepoint: 76700 ns, At safepoint: 9263 ns, Total: 85963 ns
[2020-02-26T09:58:58.307+0000][1][safepoint    ] Safepoint "RevokeBias", Time since last: 504618333 ns, Reaching safepoint: 68124 ns, At safepoint: 18214 ns, Total: 86338 ns
[2020-02-26T09:58:59.311+0000][1][safepoint    ] Safepoint "Cleanup", Time since last: 1003688045 ns, Reaching safepoint: 76599 ns, At safepoint: 8825 ns, Total: 85424 ns
[2020-02-26T09:59:00.311+0000][1][safepoint    ] Safepoint "Cleanup", Time since last: 1000694558 ns, Reaching safepoint: 154455 ns, At safepoint: 8986 ns, Total: 163441 ns
[2020-02-26T09:59:00.812+0000][1][safepoint    ] Safepoint "RevokeBias", Time since last: 500715740 ns, Reaching safepoint: 71902 ns, At safepoint: 18556 ns, Total: 90458 ns
[2020-02-26T09:59:01.814+0000][1][safepoint    ] Safepoint "Cleanup", Time since last: 1001523396 ns, Reaching safepoint: 73738 ns, At safepoint: 8828 ns, Total: 82566 ns
[2020-02-26T09:59:02.815+0000][1][safepoint    ] Safepoint "Cleanup", Time since last: 1000588395 ns, Reaching safepoint: 116249 ns, At safepoint: 11763 ns, Total: 128012 ns
[2020-02-26T09:59:03.316+0000][1][safepoint    ] Safepoint "RevokeBias", Time since last: 501774227 ns, Reaching safepoint: 75077 ns, At safepoint: 24717 ns, Total: 99794 ns
[2020-02-26T09:59:04.319+0000][1][safepoint    ] Safepoint "Cleanup", Time since last: 1002282868 ns, Reaching safepoint: 157399 ns, At safepoint: 8532 ns, Total: 165931 ns
[2020-02-26T09:59:05.319+0000][1][safepoint    ] Safepoint "Cleanup", Time since last: 1000249004 ns, Reaching safepoint: 135130 ns, At safepoint: 10254 ns, Total: 145384 ns
[2020-02-26T09:59:05.822+0000][1][safepoint    ] Safepoint "RevokeBias", Time since last: 502512201 ns, Reaching safepoint: 72041 ns, At safepoint: 35791 ns, Total: 107832 ns
[2020-02-26T09:59:06.822+0000][1][safepoint    ] Safepoint "Cleanup", Time since last: 1000256392 ns, Reaching safepoint: 79176 ns, At safepoint: 9630 ns, Total: 88806 ns
[2020-02-26T09:59:07.823+0000][1][safepoint    ] Safepoint "Cleanup", Time since last: 1000639355 ns, Reaching safepoint: 78715 ns, At safepoint: 9667 ns, Total: 88382 ns
[2020-02-26T09:59:08.326+0000][1][safepoint    ] Safepoint "RevokeBias", Time since last: 502616903 ns, Reaching safepoint: 74040 ns, At safepoint: 20300 ns, Total: 94340 ns
[2020-02-26T09:59:09.327+0000][1][safepoint    ] Safepoint "Cleanup", Time since last: 1001168379 ns, Reaching safepoint: 181545 ns, At safepoint: 36171 ns, Total: 217716 ns
[2020-02-26T09:59:10.333+0000][1][safepoint    ] Safepoint "Cleanup", Time since last: 1005386137 ns, Reaching safepoint: 172806 ns, At safepoint: 26396 ns, Total: 199202 ns
[2020-02-26T09:59:10.833+0000][1][safepoint    ] Safepoint "RevokeBias", Time since last: 499958067 ns, Reaching safepoint: 70845 ns, At safepoint: 20273 ns, Total: 91118 ns
[2020-02-26T09:59:11.833+0000][1][safepoint    ] Safepoint "Cleanup", Time since last: 1000643461 ns, Reaching safepoint: 78238 ns, At safepoint: 10677 ns, Total: 88915 ns
[2020-02-26T09:59:12.834+0000][1][safepoint    ] Safepoint "Cleanup", Time since last: 1000561292 ns, Reaching safepoint: 129358 ns, At safepoint: 27471 ns, Total: 156829 ns
[2020-02-26T09:59:13.336+0000][1][safepoint    ] Safepoint "RevokeBias", Time since last: 502225606 ns, Reaching safepoint: 73249 ns, At safepoint: 19138 ns, Total: 92387 ns
[2020-02-26T09:59:14.337+0000][1][safepoint    ] Safepoint "Cleanup", Time since last: 1000735254 ns, Reaching safepoint: 77730 ns, At safepoint: 9666 ns, Total: 87396 ns
[2020-02-26T09:59:15.343+0000][1][safepoint    ] Safepoint "Cleanup", Time since last: 1006053572 ns, Reaching safepoint: 75357 ns, At safepoint: 8549 ns, Total: 83906 ns
[2020-02-26T09:59:15.854+0000][1][safepoint    ] Safepoint "RevokeBias", Time since last: 510560667 ns, Reaching safepoint: 69421 ns, At safepoint: 116354 ns, Total: 185775 ns
[2020-02-26T09:59:16.855+0000][1][safepoint    ] Safepoint "Cleanup", Time since last: 1000592626 ns, Reaching safepoint: 76653 ns, At safepoint: 10117 ns, Total: 86770 ns
[2020-02-26T09:59:17.855+0000][1][safepoint    ] Safepoint "Cleanup", Time since last: 1000501377 ns, Reaching safepoint: 94143 ns, At safepoint: 9429 ns, Total: 103572 ns
[2020-02-26T09:59:18.438+0000][1][safepoint    ] Safepoint "RevokeBias", Time since last: 582271649 ns, Reaching safepoint: 68562 ns, At safepoint: 19006 ns, Total: 87568 ns
[2020-02-26T09:59:19.438+0000][1][safepoint    ] Safepoint "Cleanup", Time since last: 1000358057 ns, Reaching safepoint: 121113 ns, At safepoint: 10861 ns, Total: 131974 ns
[2020-02-26T09:59:20.441+0000][1][safepoint    ] Safepoint "Cleanup", Time since last: 1002910185 ns, Reaching safepoint: 114220 ns, At safepoint: 12735 ns, Total: 126955 ns
[2020-02-26T09:59:20.962+0000][1][safepoint    ] Safepoint "RevokeBias", Time since last: 520314680 ns, Reaching safepoint: 69449 ns, At safepoint: 36953 ns, Total: 106402 ns
[2020-02-26T09:59:22.523+0000][1][safepoint    ] Safepoint "Cleanup", Time since last: 1560958043 ns, Reaching safepoint: 77236 ns, At safepoint: 9348 ns, Total: 86584 ns
[2020-02-26T09:59:23.471+0000][1][safepoint    ] Safepoint "RevokeBias", Time since last: 947799278 ns, Reaching safepoint: 112391 ns, At safepoint: 20746 ns, Total: 133137 ns
[2020-02-26T09:59:24.471+0000][1][safepoint    ] Safepoint "Cleanup", Time since last: 1000288845 ns, Reaching safepoint: 114971 ns, At safepoint: 8838 ns, Total: 123809 ns
[2020-02-26T09:59:25.472+0000][1][safepoint    ] Safepoint "Cleanup", Time since last: 1000311056 ns, Reaching safepoint: 78508 ns, At safepoint: 9163 ns, Total: 87671 ns
[2020-02-26T09:59:25.983+0000][1][safepoint    ] Safepoint "RevokeBias", Time since last: 511491239 ns, Reaching safepoint: 70825 ns, At safepoint: 20356 ns, Total: 91181 ns
[2020-02-26T09:59:26.984+0000][1][safepoint    ] Safepoint "Cleanup", Time since last: 1000569028 ns, Reaching safepoint: 78629 ns, At safepoint: 10446 ns, Total: 89075 ns
[2020-02-26T09:59:27.984+0000][1][safepoint    ] Safepoint "Cleanup", Time since last: 1000392841 ns, Reaching safepoint: 123053 ns, At safepoint: 12611 ns, Total: 135664 ns
[2020-02-26T09:59:28.502+0000][1][safepoint    ] Safepoint "RevokeBias", Time since last: 517493347 ns, Reaching safepoint: 71503 ns, At safepoint: 19667 ns, Total: 91170 ns
[2020-02-26T09:59:29.502+0000][1][safepoint    ] Safepoint "Cleanup", Time since last: 1000451546 ns, Reaching safepoint: 93261 ns, At safepoint: 9236 ns, Total: 102497 ns
[2020-02-26T09:59:30.503+0000][1][safepoint    ] Safepoint "Cleanup", Time since last: 1000563925 ns, Reaching safepoint: 76441 ns, At safepoint: 8945 ns, Total: 85386 ns
[2020-02-26T09:59:31.016+0000][1][gc,start     ] GC(68) Pause Young (Allocation Failure)
[2020-02-26T09:59:31.016+0000][1][gc,task      ] GC(68) Using 1 workers of 1 for evacuation
[2020-02-26T09:59:31.026+0000][1][gc,age       ] GC(68) Desired survivor size 4358144 bytes, new threshold 6 (max threshold 6)
[2020-02-26T09:59:31.026+0000][1][gc,age       ] GC(68) Age table with threshold 6 (max threshold 6)
[2020-02-26T09:59:31.026+0000][1][gc,age       ] GC(68) - age   1:      11032 bytes,      11032 total
[2020-02-26T09:59:31.026+0000][1][gc,age       ] GC(68) - age   2:        600 bytes,      11632 total
[2020-02-26T09:59:31.026+0000][1][gc,age       ] GC(68) - age   3:        816 bytes,      12448 total
[2020-02-26T09:59:31.026+0000][1][gc,age       ] GC(68) - age   4:        440 bytes,      12888 total
[2020-02-26T09:59:31.026+0000][1][gc,age       ] GC(68) - age   5:       1112 bytes,      14000 total
[2020-02-26T09:59:31.026+0000][1][gc,age       ] GC(68) - age   6:        144 bytes,      14144 total
[2020-02-26T09:59:31.026+0000][1][gc,heap      ] GC(68) ParNew: 68188K->17K(76672K)
[2020-02-26T09:59:31.026+0000][1][gc,heap      ] GC(68) CMS: 62659K->62659K(963392K)
[2020-02-26T09:59:31.026+0000][1][gc,metaspace ] GC(68) Metaspace: 79745K->79745K(1122304K)
[2020-02-26T09:59:31.026+0000][1][gc           ] GC(68) Pause Young (Allocation Failure) 127M->61M(1015M) 10.502ms
[2020-02-26T09:59:31.026+0000][1][gc,cpu       ] GC(68) User=0.01s Sys=0.00s Real=0.02s
[2020-02-26T09:59:31.026+0000][1][safepoint    ] Safepoint "GenCollectForAllocation", Time since last: 512661522 ns, Reaching safepoint: 73125 ns, At safepoint: 10604474 ns, Total: 10677599 ns
[2020-02-26T09:59:31.028+0000][1][safepoint    ] Safepoint "RevokeBias", Time since last: 1278449 ns, Reaching safepoint: 84316 ns, At safepoint: 18279 ns, Total: 102595 ns
[2020-02-26T09:59:32.028+0000][1][safepoint    ] Safepoint "Cleanup", Time since last: 1000285221 ns, Reaching safepoint: 161341 ns, At safepoint: 12717 ns, Total: 174058 ns
[2020-02-26T09:59:33.028+0000][1][safepoint    ] Safepoint "Cleanup", Time since last: 1000116543 ns, Reaching safepoint: 72125 ns, At safepoint: 7794 ns, Total: 79919 ns
[2020-02-26T09:59:33.541+0000][1][safepoint    ] Safepoint "RevokeBias", Time since last: 512353079 ns, Reaching safepoint: 113317 ns, At safepoint: 19910 ns, Total: 133227 ns
[2020-02-26T09:59:34.542+0000][1][safepoint    ] Safepoint "Cleanup", Time since last: 1000751065 ns, Reaching safepoint: 76717 ns, At safepoint: 8761 ns, Total: 85478 ns
[2020-02-26T09:59:35.543+0000][1][safepoint    ] Safepoint "Cleanup", Time since last: 1000964895 ns, Reaching safepoint: 77896 ns, At safepoint: 9678 ns, Total: 87574 ns
[2020-02-26T09:59:36.048+0000][1][safepoint    ] Safepoint "RevokeBias", Time since last: 504597143 ns, Reaching safepoint: 117771 ns, At safepoint: 22114 ns, Total: 139885 ns
[2020-02-26T09:59:37.055+0000][1][safepoint    ] Safepoint "Cleanup", Time since last: 1007677443 ns, Reaching safepoint: 91868 ns, At safepoint: 25131 ns, Total: 116999 ns
[2020-02-26T09:59:38.056+0000][1][safepoint    ] Safepoint "Cleanup", Time since last: 1000513644 ns, Reaching safepoint: 154674 ns, At safepoint: 11720 ns, Total: 166394 ns
[2020-02-26T09:59:38.553+0000][1][safepoint    ] Safepoint "BulkRevokeBias", Time since last: 496060182 ns, Reaching safepoint: 73227 ns, At safepoint: 338925 ns, Total: 412152 ns
[2020-02-26T09:59:39.553+0000][1][safepoint    ] Safepoint "Cleanup", Time since last: 1000485741 ns, Reaching safepoint: 77929 ns, At safepoint: 9443 ns, Total: 87372 ns
[2020-02-26T09:59:40.553+0000][1][safepoint    ] Safepoint "Cleanup", Time since last: 1000223879 ns, Reaching safepoint: 94374 ns, At safepoint: 8644 ns, Total: 103018 ns
[2020-02-26T09:59:41.059+0000][1][safepoint    ] Safepoint "RevokeBias", Time since last: 505721953 ns, Reaching safepoint: 69412 ns, At safepoint: 19753 ns, Total: 89165 ns
[2020-02-26T09:59:42.064+0000][1][safepoint    ] Safepoint "Cleanup", Time since last: 1004241087 ns, Reaching safepoint: 134503 ns, At safepoint: 9513 ns, Total: 144016 ns
[2020-02-26T09:59:43.064+0000][1][safepoint    ] Safepoint "Cleanup", Time since last: 1000303406 ns, Reaching safepoint: 136574 ns, At safepoint: 9834 ns, Total: 146408 ns
[2020-02-26T09:59:43.562+0000][1][safepoint    ] Safepoint "RevokeBias", Time since last: 498323692 ns, Reaching safepoint: 71274 ns, At safepoint: 19764 ns, Total: 91038 ns
[2020-02-26T09:59:45.297+0000][1][safepoint    ] Safepoint "Cleanup", Time since last: 1734014244 ns, Reaching safepoint: 89014 ns, At safepoint: 7937 ns, Total: 96951 ns
[2020-02-26T09:59:46.068+0000][1][safepoint    ] Safepoint "RevokeBias", Time since last: 771443827 ns, Reaching safepoint: 71678 ns, At safepoint: 19945 ns, Total: 91623 ns
[2020-02-26T09:59:47.069+0000][1][safepoint    ] Safepoint "Cleanup", Time since last: 1000502721 ns, Reaching safepoint: 166515 ns, At safepoint: 31534 ns, Total: 198049 ns
[2020-02-26T09:59:48.070+0000][1][safepoint    ] Safepoint "Cleanup", Time since last: 1000800937 ns, Reaching safepoint: 110236 ns, At safepoint: 11166 ns, Total: 121402 ns
[2020-02-26T09:59:48.573+0000][1][safepoint    ] Safepoint "RevokeBias", Time since last: 502839195 ns, Reaching safepoint: 115811 ns, At safepoint: 26057 ns, Total: 141868 ns
[2020-02-26T09:59:49.573+0000][1][safepoint    ] Safepoint "Cleanup", Time since last: 1000287068 ns, Reaching safepoint: 114057 ns, At safepoint: 9507 ns, Total: 123564 ns
[2020-02-26T09:59:50.573+0000][1][safepoint    ] Safepoint "Cleanup", Time since last: 1000112683 ns, Reaching safepoint: 105970 ns, At safepoint: 11297 ns, Total: 117267 ns
[2020-02-26T09:59:51.079+0000][1][safepoint    ] Safepoint "RevokeBias", Time since last: 505780116 ns, Reaching safepoint: 73944 ns, At safepoint: 37546 ns, Total: 111490 ns
[2020-02-26T09:59:52.080+0000][1][safepoint    ] Safepoint "Cleanup", Time since last: 1000411683 ns, Reaching safepoint: 110246 ns, At safepoint: 9028 ns, Total: 119274 ns
[2020-02-26T09:59:53.084+0000][1][safepoint    ] Safepoint "Cleanup", Time since last: 1004179560 ns, Reaching safepoint: 84795 ns, At safepoint: 10860 ns, Total: 95655 ns
[2020-02-26T09:59:53.583+0000][1][safepoint    ] Safepoint "RevokeBias", Time since last: 499262959 ns, Reaching safepoint: 54101 ns, At safepoint: 17295 ns, Total: 71396 ns
[2020-02-26T09:59:54.584+0000][1][safepoint    ] Safepoint "Cleanup", Time since last: 1000605563 ns, Reaching safepoint: 107371 ns, At safepoint: 11642 ns, Total: 119013 ns
[2020-02-26T09:59:55.584+0000][1][safepoint    ] Safepoint "Cleanup", Time since last: 1000164362 ns, Reaching safepoint: 78313 ns, At safepoint: 10114 ns, Total: 88427 ns
[2020-02-26T09:59:56.089+0000][1][safepoint    ] Safepoint "RevokeBias", Time since last: 504759196 ns, Reaching safepoint: 68842 ns, At safepoint: 19547 ns, Total: 88389 ns
[2020-02-26T09:59:57.090+0000][1][safepoint    ] Safepoint "Cleanup", Time since last: 1000273894 ns, Reaching safepoint: 77937 ns, At safepoint: 10586 ns, Total: 88523 ns
[2020-02-26T09:59:58.091+0000][1][safepoint    ] Safepoint "Cleanup", Time since last: 1001643810 ns, Reaching safepoint: 77295 ns, At safepoint: 8757 ns, Total: 86052 ns
[2020-02-26T09:59:58.605+0000][1][safepoint    ] Safepoint "RevokeBias", Time since last: 513244613 ns, Reaching safepoint: 118020 ns, At safepoint: 35269 ns, Total: 153289 ns
[2020-02-26T09:59:59.605+0000][1][safepoint    ] Safepoint "Cleanup", Time since last: 1000439459 ns, Reaching safepoint: 100023 ns, At safepoint: 15585 ns, Total: 115608 ns
[2020-02-26T10:00:00.606+0000][1][safepoint    ] Safepoint "Cleanup", Time since last: 1000601421 ns, Reaching safepoint: 95751 ns, At safepoint: 9118 ns, Total: 104869 ns
[2020-02-26T10:00:01.117+0000][1][safepoint    ] Safepoint "RevokeBias", Time since last: 511377354 ns, Reaching safepoint: 78166 ns, At safepoint: 21556 ns, Total: 99722 ns
[2020-02-26T10:00:02.118+0000][1][safepoint    ] Safepoint "Cleanup", Time since last: 1000252907 ns, Reaching safepoint: 76725 ns, At safepoint: 9049 ns, Total: 85774 ns
[2020-02-26T10:00:03.118+0000][1][safepoint    ] Safepoint "Cleanup", Time since last: 1000303075 ns, Reaching safepoint: 75596 ns, At safepoint: 9027 ns, Total: 84623 ns
[2020-02-26T10:00:03.629+0000][1][safepoint    ] Safepoint "RevokeBias", Time since last: 510486386 ns, Reaching safepoint: 181253 ns, At safepoint: 42045 ns, Total: 223298 ns
[2020-02-26T10:00:04.630+0000][1][safepoint    ] Safepoint "Cleanup", Time since last: 1000545205 ns, Reaching safepoint: 95861 ns, At safepoint: 9076 ns, Total: 104937 ns
[2020-02-26T10:00:05.631+0000][1][safepoint    ] Safepoint "Cleanup", Time since last: 1000903331 ns, Reaching safepoint: 81008 ns, At safepoint: 10131 ns, Total: 91139 ns
[2020-02-26T10:00:06.147+0000][1][safepoint    ] Safepoint "RevokeBias", Time since last: 516457450 ns, Reaching safepoint: 74328 ns, At safepoint: 50305 ns, Total: 124633 ns
[2020-02-26T10:00:07.148+0000][1][safepoint    ] Safepoint "Cleanup", Time since last: 1000733958 ns, Reaching safepoint: 78346 ns, At safepoint: 9950 ns, Total: 88296 ns
[2020-02-26T10:00:08.148+0000][1][safepoint    ] Safepoint "Cleanup", Time since last: 1000365525 ns, Reaching safepoint: 95435 ns, At safepoint: 10638 ns, Total: 106073 ns
[2020-02-26T10:00:08.660+0000][1][safepoint    ] Safepoint "RevokeBias", Time since last: 511698530 ns, Reaching safepoint: 112876 ns, At safepoint: 19912 ns, Total: 132788 ns
[2020-02-26T10:00:09.661+0000][1][safepoint    ] Safepoint "Cleanup", Time since last: 1000698365 ns, Reaching safepoint: 94720 ns, At safepoint: 10365 ns, Total: 105085 ns
[2020-02-26T10:00:10.662+0000][1][safepoint    ] Safepoint "Cleanup", Time since last: 1000345941 ns, Reaching safepoint: 81586 ns, At safepoint: 28345 ns, Total: 109931 ns
[2020-02-26T10:00:11.173+0000][1][safepoint    ] Safepoint "RevokeBias", Time since last: 511473197 ns, Reaching safepoint: 75080 ns, At safepoint: 20650 ns, Total: 95730 ns
[2020-02-26T10:00:12.174+0000][1][safepoint    ] Safepoint "Cleanup", Time since last: 1000365911 ns, Reaching safepoint: 130796 ns, At safepoint: 14262 ns, Total: 145058 ns
[2020-02-26T10:00:13.174+0000][1][safepoint    ] Safepoint "Cleanup", Time since last: 1000643083 ns, Reaching safepoint: 115715 ns, At safepoint: 12590 ns, Total: 128305 ns
[2020-02-26T10:00:13.676+0000][1][safepoint    ] Safepoint "RevokeBias", Time since last: 501163532 ns, Reaching safepoint: 87008 ns, At safepoint: 83701 ns, Total: 170709 ns
[2020-02-26T10:00:14.678+0000][1][safepoint    ] Safepoint "Cleanup", Time since last: 1002281327 ns, Reaching safepoint: 111311 ns, At safepoint: 11902 ns, Total: 123213 ns
[2020-02-26T10:00:15.679+0000][1][safepoint    ] Safepoint "Cleanup", Time since last: 1000622312 ns, Reaching safepoint: 151280 ns, At safepoint: 10206 ns, Total: 161486 ns
[2020-02-26T10:00:16.182+0000][1][safepoint    ] Safepoint "RevokeBias", Time since last: 502777280 ns, Reaching safepoint: 73560 ns, At safepoint: 20160 ns, Total: 93720 ns
[2020-02-26T10:00:17.183+0000][1][safepoint    ] Safepoint "Cleanup", Time since last: 1000749236 ns, Reaching safepoint: 71939 ns, At safepoint: 8525 ns, Total: 80464 ns
[2020-02-26T10:00:18.183+0000][1][safepoint    ] Safepoint "Cleanup", Time since last: 1000569349 ns, Reaching safepoint: 101809 ns, At safepoint: 10064 ns, Total: 111873 ns
[2020-02-26T10:00:18.687+0000][1][safepoint    ] Safepoint "RevokeBias", Time since last: 503572897 ns, Reaching safepoint: 71829 ns, At safepoint: 19826 ns, Total: 91655 ns
[2020-02-26T10:00:19.689+0000][1][safepoint    ] Safepoint "Cleanup", Time since last: 1002116622 ns, Reaching safepoint: 280794 ns, At safepoint: 31668 ns, Total: 312462 ns
[2020-02-26T10:00:20.690+0000][1][safepoint    ] Safepoint "Cleanup", Time since last: 1000544385 ns, Reaching safepoint: 92379 ns, At safepoint: 17621 ns, Total: 110000 ns
[2020-02-26T10:00:21.194+0000][1][safepoint    ] Safepoint "RevokeBias", Time since last: 503637550 ns, Reaching safepoint: 149489 ns, At safepoint: 53912 ns, Total: 203401 ns
[2020-02-26T10:00:22.194+0000][1][safepoint    ] Safepoint "Cleanup", Time since last: 1000330778 ns, Reaching safepoint: 97692 ns, At safepoint: 10866 ns, Total: 108558 ns
[2020-02-26T10:00:23.195+0000][1][safepoint    ] Safepoint "Cleanup", Time since last: 1000708617 ns, Reaching safepoint: 78148 ns, At safepoint: 9573 ns, Total: 87721 ns
[2020-02-26T10:00:23.698+0000][1][safepoint    ] Safepoint "RevokeBias", Time since last: 502753488 ns, Reaching safepoint: 151688 ns, At safepoint: 55067 ns, Total: 206755 ns
[2020-02-26T10:00:24.699+0000][1][safepoint    ] Safepoint "Cleanup", Time since last: 1000748508 ns, Reaching safepoint: 135497 ns, At safepoint: 15271 ns, Total: 150768 ns
[2020-02-26T10:00:25.703+0000][1][safepoint    ] Safepoint "Cleanup", Time since last: 1003632557 ns, Reaching safepoint: 135701 ns, At safepoint: 10244 ns, Total: 145945 ns
[2020-02-26T10:00:26.203+0000][1][safepoint    ] Safepoint "RevokeBias", Time since last: 500161347 ns, Reaching safepoint: 74877 ns, At safepoint: 20135 ns, Total: 95012 ns
[2020-02-26T10:00:27.203+0000][1][safepoint    ] Safepoint "Cleanup", Time since last: 1000205455 ns, Reaching safepoint: 85632 ns, At safepoint: 11074 ns, Total: 96706 ns
[2020-02-26T10:00:28.204+0000][1][safepoint    ] Safepoint "Cleanup", Time since last: 1000821446 ns, Reaching safepoint: 77641 ns, At safepoint: 10120 ns, Total: 87761 ns
[2020-02-26T10:00:28.708+0000][1][safepoint    ] Safepoint "RevokeBias", Time since last: 503616253 ns, Reaching safepoint: 72565 ns, At safepoint: 20449 ns, Total: 93014 ns
[2020-02-26T10:00:29.708+0000][1][safepoint    ] Safepoint "Cleanup", Time since last: 1000352503 ns, Reaching safepoint: 183456 ns, At safepoint: 10023 ns, Total: 193479 ns
[2020-02-26T10:00:30.714+0000][1][safepoint    ] Safepoint "Cleanup", Time since last: 1004896885 ns, Reaching safepoint: 133649 ns, At safepoint: 13687 ns, Total: 147336 ns
[2020-02-26T10:00:31.215+0000][1][safepoint    ] Safepoint "RevokeBias", Time since last: 501006994 ns, Reaching safepoint: 56471 ns, At safepoint: 19493 ns, Total: 75964 ns
[2020-02-26T10:00:32.215+0000][1][safepoint    ] Safepoint "Cleanup", Time since last: 1000211226 ns, Reaching safepoint: 78867 ns, At safepoint: 10123 ns, Total: 88990 ns
[2020-02-26T10:00:33.216+0000][1][safepoint    ] Safepoint "Cleanup", Time since last: 1000838794 ns, Reaching safepoint: 81017 ns, At safepoint: 26126 ns, Total: 107143 ns
[2020-02-26T10:00:33.718+0000][1][safepoint    ] Safepoint "RevokeBias", Time since last: 501689359 ns, Reaching safepoint: 75068 ns, At safepoint: 20943 ns, Total: 96011 ns
[2020-02-26T10:00:34.719+0000][1][safepoint    ] Safepoint "Cleanup", Time since last: 1000772260 ns, Reaching safepoint: 129209 ns, At safepoint: 8823 ns, Total: 138032 ns
[2020-02-26T10:00:35.727+0000][1][safepoint    ] Safepoint "Cleanup", Time since last: 1008123109 ns, Reaching safepoint: 122107 ns, At safepoint: 26465 ns, Total: 148572 ns
[2020-02-26T10:00:36.236+0000][1][safepoint    ] Safepoint "RevokeBias", Time since last: 508808479 ns, Reaching safepoint: 71944 ns, At safepoint: 38718 ns, Total: 110662 ns
[2020-02-26T10:00:37.236+0000][1][safepoint    ] Safepoint "Cleanup", Time since last: 1000267502 ns, Reaching safepoint: 93384 ns, At safepoint: 12159 ns, Total: 105543 ns
[2020-02-26T10:00:38.237+0000][1][safepoint    ] Safepoint "Cleanup", Time since last: 1000801423 ns, Reaching safepoint: 90566 ns, At safepoint: 8824 ns, Total: 99390 ns
[2020-02-26T10:00:38.748+0000][1][safepoint    ] Safepoint "RevokeBias", Time since last: 510851285 ns, Reaching safepoint: 88229 ns, At safepoint: 25785 ns, Total: 114014 ns
[2020-02-26T10:00:39.749+0000][1][safepoint    ] Safepoint "Cleanup", Time since last: 1000620399 ns, Reaching safepoint: 79049 ns, At safepoint: 10305 ns, Total: 89354 ns
[2020-02-26T10:00:40.750+0000][1][safepoint    ] Safepoint "Cleanup", Time since last: 1000954087 ns, Reaching safepoint: 116299 ns, At safepoint: 13423 ns, Total: 129722 ns
[2020-02-26T10:00:41.266+0000][1][safepoint    ] Safepoint "RevokeBias", Time since last: 515772612 ns, Reaching safepoint: 90939 ns, At safepoint: 21047 ns, Total: 111986 ns
[2020-02-26T10:00:42.266+0000][1][safepoint    ] Safepoint "Cleanup", Time since last: 1000289750 ns, Reaching safepoint: 76900 ns, At safepoint: 9723 ns, Total: 86623 ns
[2020-02-26T10:00:43.266+0000][1][safepoint    ] Safepoint "Cleanup", Time since last: 1000310330 ns, Reaching safepoint: 100751 ns, At safepoint: 11270 ns, Total: 112021 ns
[2020-02-26T10:00:43.774+0000][1][safepoint    ] Safepoint "RevokeBias", Time since last: 507905436 ns, Reaching safepoint: 96533 ns, At safepoint: 21275 ns, Total: 117808 ns
[2020-02-26T10:00:44.776+0000][1][safepoint    ] Safepoint "Cleanup", Time since last: 1001078189 ns, Reaching safepoint: 92052 ns, At safepoint: 9065 ns, Total: 101117 ns
[2020-02-26T10:00:45.777+0000][1][safepoint    ] Safepoint "Cleanup", Time since last: 1001053501 ns, Reaching safepoint: 92749 ns, At safepoint: 10071 ns, Total: 102820 ns
[2020-02-26T10:00:46.279+0000][1][safepoint    ] Safepoint "RevokeBias", Time since last: 502303280 ns, Reaching safepoint: 72593 ns, At safepoint: 49215 ns, Total: 121808 ns
[2020-02-26T10:00:47.289+0000][1][safepoint    ] Safepoint "Cleanup", Time since last: 1009633835 ns, Reaching safepoint: 120380 ns, At safepoint: 12800 ns, Total: 133180 ns
[2020-02-26T10:00:48.289+0000][1][safepoint    ] Safepoint "Cleanup", Time since last: 1000405251 ns, Reaching safepoint: 97649 ns, At safepoint: 10313 ns, Total: 107962 ns
[2020-02-26T10:00:48.783+0000][1][safepoint    ] Safepoint "RevokeBias", Time since last: 493830642 ns, Reaching safepoint: 76142 ns, At safepoint: 20000 ns, Total: 96142 ns
[2020-02-26T10:00:49.784+0000][1][safepoint    ] Safepoint "Cleanup", Time since last: 1000782775 ns, Reaching safepoint: 109285 ns, At safepoint: 10366 ns, Total: 119651 ns
[2020-02-26T10:00:50.785+0000][1][safepoint    ] Safepoint "Cleanup", Time since last: 1000819383 ns, Reaching safepoint: 137994 ns, At safepoint: 13893 ns, Total: 151887 ns
[2020-02-26T10:00:51.292+0000][1][safepoint    ] Safepoint "BulkRevokeBias", Time since last: 506003162 ns, Reaching safepoint: 75313 ns, At safepoint: 339146 ns, Total: 414459 ns
[2020-02-26T10:00:52.528+0000][1][safepoint    ] Safepoint "Cleanup", Time since last: 1236362648 ns, Reaching safepoint: 75395 ns, At safepoint: 8428 ns, Total: 83823 ns
[2020-02-26T10:00:53.529+0000][1][safepoint    ] Safepoint "Cleanup", Time since last: 1000286055 ns, Reaching safepoint: 101478 ns, At safepoint: 13976 ns, Total: 115454 ns
[2020-02-26T10:00:53.795+0000][1][safepoint    ] Safepoint "RevokeBias", Time since last: 266430227 ns, Reaching safepoint: 76447 ns, At safepoint: 20145 ns, Total: 96592 ns
[2020-02-26T10:00:54.796+0000][1][safepoint    ] Safepoint "Cleanup", Time since last: 1000629589 ns, Reaching safepoint: 167177 ns, At safepoint: 11976 ns, Total: 179153 ns
[2020-02-26T10:00:55.797+0000][1][safepoint    ] Safepoint "Cleanup", Time since last: 1000632707 ns, Reaching safepoint: 92410 ns, At safepoint: 11996 ns, Total: 104406 ns
[2020-02-26T10:00:56.302+0000][1][safepoint    ] Safepoint "RevokeBias", Time since last: 505190134 ns, Reaching safepoint: 109433 ns, At safepoint: 58961 ns, Total: 168394 ns
[2020-02-26T10:00:57.307+0000][1][safepoint    ] Safepoint "Cleanup", Time since last: 1005271336 ns, Reaching safepoint: 86121 ns, At safepoint: 11340 ns, Total: 97461 ns
[2020-02-26T10:00:58.308+0000][1][safepoint    ] Safepoint "Cleanup", Time since last: 1000314367 ns, Reaching safepoint: 92951 ns, At safepoint: 9337 ns, Total: 102288 ns
[2020-02-26T10:00:58.807+0000][1][safepoint    ] Safepoint "RevokeBias", Time since last: 498816168 ns, Reaching safepoint: 156245 ns, At safepoint: 39939 ns, Total: 196184 ns
[2020-02-26T10:00:59.807+0000][1][safepoint    ] Safepoint "Cleanup", Time since last: 1000491867 ns, Reaching safepoint: 75936 ns, At safepoint: 9364 ns, Total: 85300 ns
[2020-02-26T10:01:00.808+0000][1][safepoint    ] Safepoint "Cleanup", Time since last: 1000671905 ns, Reaching safepoint: 75861 ns, At safepoint: 8542 ns, Total: 84403 ns
[2020-02-26T10:01:01.313+0000][1][safepoint    ] Safepoint "RevokeBias", Time since last: 504446580 ns, Reaching safepoint: 71202 ns, At safepoint: 19908 ns, Total: 91110 ns
[2020-02-26T10:01:02.313+0000][1][safepoint    ] Safepoint "Cleanup", Time since last: 1000140335 ns, Reaching safepoint: 75799 ns, At safepoint: 7764 ns, Total: 83563 ns
[2020-02-26T10:01:03.323+0000][1][safepoint    ] Safepoint "Cleanup", Time since last: 1009514355 ns, Reaching safepoint: 127939 ns, At safepoint: 11090 ns, Total: 139029 ns
[2020-02-26T10:01:03.816+0000][1][safepoint    ] Safepoint "RevokeBias", Time since last: 493857300 ns, Reaching safepoint: 69873 ns, At safepoint: 19372 ns, Total: 89245 ns
[2020-02-26T10:01:04.818+0000][1][safepoint    ] Safepoint "Cleanup", Time since last: 1000993769 ns, Reaching safepoint: 92438 ns, At safepoint: 9049 ns, Total: 101487 ns
[2020-02-26T10:01:05.818+0000][1][safepoint    ] Safepoint "Cleanup", Time since last: 1000234043 ns, Reaching safepoint: 83166 ns, At safepoint: 10173 ns, Total: 93339 ns
[2020-02-26T10:01:06.323+0000][1][safepoint    ] Safepoint "RevokeBias", Time since last: 504896537 ns, Reaching safepoint: 79945 ns, At safepoint: 38548 ns, Total: 118493 ns
[2020-02-26T10:01:07.323+0000][1][safepoint    ] Safepoint "Cleanup", Time since last: 1000423015 ns, Reaching safepoint: 79336 ns, At safepoint: 9699 ns, Total: 89035 ns
[2020-02-26T10:01:08.326+0000][1][safepoint    ] Safepoint "Cleanup", Time since last: 1002024087 ns, Reaching safepoint: 64145 ns, At safepoint: 9015 ns, Total: 73160 ns
[2020-02-26T10:01:08.846+0000][1][safepoint    ] Safepoint "RevokeBias", Time since last: 520151674 ns, Reaching safepoint: 77256 ns, At safepoint: 60032 ns, Total: 137288 ns
[2020-02-26T10:01:09.847+0000][1][safepoint    ] Safepoint "Cleanup", Time since last: 1000810797 ns, Reaching safepoint: 149427 ns, At safepoint: 13485 ns, Total: 162912 ns
[2020-02-26T10:01:10.848+0000][1][safepoint    ] Safepoint "Cleanup", Time since last: 1001009456 ns, Reaching safepoint: 74724 ns, At safepoint: 8787 ns, Total: 83511 ns
[2020-02-26T10:01:11.361+0000][1][safepoint    ] Safepoint "RevokeBias", Time since last: 512558322 ns, Reaching safepoint: 82375 ns, At safepoint: 23164 ns, Total: 105539 ns
[2020-02-26T10:01:12.413+0000][1][safepoint    ] Safepoint "Cleanup", Time since last: 1052271604 ns, Reaching safepoint: 78369 ns, At safepoint: 8814 ns, Total: 87183 ns
[2020-02-26T10:01:13.414+0000][1][safepoint    ] Safepoint "Cleanup", Time since last: 1001142171 ns, Reaching safepoint: 85245 ns, At safepoint: 12929 ns, Total: 98174 ns
[2020-02-26T10:01:13.871+0000][1][safepoint    ] Safepoint "RevokeBias", Time since last: 457157666 ns, Reaching safepoint: 53202 ns, At safepoint: 17714 ns, Total: 70916 ns
[2020-02-26T10:01:14.872+0000][1][safepoint    ] Safepoint "Cleanup", Time since last: 1000203216 ns, Reaching safepoint: 95035 ns, At safepoint: 9529 ns, Total: 104564 ns
[2020-02-26T10:01:15.873+0000][1][safepoint    ] Safepoint "Cleanup", Time since last: 1000727241 ns, Reaching safepoint: 77247 ns, At safepoint: 9247 ns, Total: 86494 ns
[2020-02-26T10:01:16.381+0000][1][safepoint    ] Safepoint "RevokeBias", Time since last: 508433357 ns, Reaching safepoint: 69462 ns, At safepoint: 34872 ns, Total: 104334 ns
[2020-02-26T10:01:17.382+0000][1][safepoint    ] Safepoint "Cleanup", Time since last: 1000649603 ns, Reaching safepoint: 106466 ns, At safepoint: 10551 ns, Total: 117017 ns
[2020-02-26T10:01:18.383+0000][1][safepoint    ] Safepoint "Cleanup", Time since last: 1000493617 ns, Reaching safepoint: 790064 ns, At safepoint: 11899 ns, Total: 801963 ns
[2020-02-26T10:01:18.891+0000][1][safepoint    ] Safepoint "RevokeBias", Time since last: 507999048 ns, Reaching safepoint: 121030 ns, At safepoint: 26426 ns, Total: 147456 ns
[2020-02-26T10:01:19.892+0000][1][safepoint    ] Safepoint "Cleanup", Time since last: 1000691973 ns, Reaching safepoint: 91683 ns, At safepoint: 9224 ns, Total: 100907 ns
[2020-02-26T10:01:20.893+0000][1][safepoint    ] Safepoint "Cleanup", Time since last: 1000437473 ns, Reaching safepoint: 73258 ns, At safepoint: 8847 ns, Total: 82105 ns
[2020-02-26T10:01:21.402+0000][1][safepoint    ] Safepoint "RevokeBias", Time since last: 509224226 ns, Reaching safepoint: 70900 ns, At safepoint: 20292 ns, Total: 91192 ns
[2020-02-26T10:01:22.403+0000][1][safepoint    ] Safepoint "Cleanup", Time since last: 1000748745 ns, Reaching safepoint: 76950 ns, At safepoint: 8725 ns, Total: 85675 ns
[2020-02-26T10:01:23.403+0000][1][safepoint    ] Safepoint "Cleanup", Time since last: 1000471094 ns, Reaching safepoint: 84796 ns, At safepoint: 11064 ns, Total: 95860 ns
[2020-02-26T10:01:23.904+0000][1][safepoint    ] Safepoint "RevokeBias", Time since last: 500670234 ns, Reaching safepoint: 171803 ns, At safepoint: 22689 ns, Total: 194492 ns
[2020-02-26T10:01:25.577+0000][1][safepoint    ] Safepoint "Cleanup", Time since last: 1673037100 ns, Reaching safepoint: 84473 ns, At safepoint: 10509 ns, Total: 94982 ns
[2020-02-26T10:01:26.410+0000][1][safepoint    ] Safepoint "RevokeBias", Time since last: 832413987 ns, Reaching safepoint: 71906 ns, At safepoint: 20020 ns, Total: 91926 ns
[2020-02-26T10:01:27.410+0000][1][safepoint    ] Safepoint "Cleanup", Time since last: 1000410883 ns, Reaching safepoint: 155056 ns, At safepoint: 14705 ns, Total: 169761 ns
[2020-02-26T10:01:28.411+0000][1][safepoint    ] Safepoint "Cleanup", Time since last: 1000439033 ns, Reaching safepoint: 93946 ns, At safepoint: 9169 ns, Total: 103115 ns
[2020-02-26T10:01:28.913+0000][1][safepoint    ] Safepoint "RevokeBias", Time since last: 502159047 ns, Reaching safepoint: 74983 ns, At safepoint: 21478 ns, Total: 96461 ns
[2020-02-26T10:01:29.915+0000][1][safepoint    ] Safepoint "Cleanup", Time since last: 1001988849 ns, Reaching safepoint: 130201 ns, At safepoint: 9682 ns, Total: 139883 ns
[2020-02-26T10:01:30.916+0000][1][safepoint    ] Safepoint "Cleanup", Time since last: 1000721499 ns, Reaching safepoint: 82913 ns, At safepoint: 10002 ns, Total: 92915 ns
[2020-02-26T10:01:31.421+0000][1][safepoint    ] Safepoint "RevokeBias", Time since last: 504610212 ns, Reaching safepoint: 92539 ns, At safepoint: 36468 ns, Total: 129007 ns
[2020-02-26T10:01:32.421+0000][1][safepoint    ] Safepoint "Cleanup", Time since last: 1000267073 ns, Reaching safepoint: 141377 ns, At safepoint: 9653 ns, Total: 151030 ns
[2020-02-26T10:01:33.422+0000][1][safepoint    ] Safepoint "Cleanup", Time since last: 1000855299 ns, Reaching safepoint: 110586 ns, At safepoint: 13492 ns, Total: 124078 ns
[2020-02-26T10:01:33.923+0000][1][safepoint    ] Safepoint "RevokeBias", Time since last: 500924996 ns, Reaching safepoint: 143168 ns, At safepoint: 64878 ns, Total: 208046 ns
[2020-02-26T10:01:34.929+0000][1][safepoint    ] Safepoint "Cleanup", Time since last: 1005713440 ns, Reaching safepoint: 87454 ns, At safepoint: 10333 ns, Total: 97787 ns
[2020-02-26T10:01:35.930+0000][1][safepoint    ] Safepoint "Cleanup", Time since last: 1000587539 ns, Reaching safepoint: 120677 ns, At safepoint: 13617 ns, Total: 134294 ns
[2020-02-26T10:01:36.429+0000][1][safepoint    ] Safepoint "RevokeBias", Time since last: 499010625 ns, Reaching safepoint: 100561 ns, At safepoint: 22176 ns, Total: 122737 ns
[2020-02-26T10:01:37.429+0000][1][safepoint    ] Safepoint "Cleanup", Time since last: 1000245652 ns, Reaching safepoint: 142411 ns, At safepoint: 10634 ns, Total: 153045 ns
[2020-02-26T10:01:38.430+0000][1][safepoint    ] Safepoint "Cleanup", Time since last: 1000311631 ns, Reaching safepoint: 115192 ns, At safepoint: 9589 ns, Total: 124781 ns
[2020-02-26T10:01:38.931+0000][1][safepoint    ] Safepoint "RevokeBias", Time since last: 501279763 ns, Reaching safepoint: 70114 ns, At safepoint: 19744 ns, Total: 89858 ns
[2020-02-26T10:01:39.932+0000][1][safepoint    ] Safepoint "Cleanup", Time since last: 1000216031 ns, Reaching safepoint: 104171 ns, At safepoint: 10042 ns, Total: 114213 ns
[2020-02-26T10:01:40.932+0000][1][safepoint    ] Safepoint "Cleanup", Time since last: 1000227532 ns, Reaching safepoint: 76515 ns, At safepoint: 8525 ns, Total: 85040 ns
[2020-02-26T10:01:41.439+0000][1][safepoint    ] Safepoint "RevokeBias", Time since last: 506870551 ns, Reaching safepoint: 310709 ns, At safepoint: 58976 ns, Total: 369685 ns
[2020-02-26T10:01:42.440+0000][1][safepoint    ] Safepoint "Cleanup", Time since last: 1000454975 ns, Reaching safepoint: 100802 ns, At safepoint: 9128 ns, Total: 109930 ns
[2020-02-26T10:01:43.441+0000][1][safepoint    ] Safepoint "Cleanup", Time since last: 1000833201 ns, Reaching safepoint: 76828 ns, At safepoint: 9516 ns, Total: 86344 ns
[2020-02-26T10:01:43.942+0000][1][safepoint    ] Safepoint "RevokeBias", Time since last: 501724398 ns, Reaching safepoint: 72346 ns, At safepoint: 19592 ns, Total: 91938 ns
[2020-02-26T10:01:44.943+0000][1][safepoint    ] Safepoint "Cleanup", Time since last: 1000850677 ns, Reaching safepoint: 82965 ns, At safepoint: 10027 ns, Total: 92992 ns
[2020-02-26T10:01:45.949+0000][1][safepoint    ] Safepoint "Cleanup", Time since last: 1005953559 ns, Reaching safepoint: 96428 ns, At safepoint: 10646 ns, Total: 107074 ns
[2020-02-26T10:01:46.511+0000][1][safepoint    ] Safepoint "RevokeBias", Time since last: 561824488 ns, Reaching safepoint: 117992 ns, At safepoint: 22573 ns, Total: 140565 ns
[2020-02-26T10:01:47.512+0000][1][safepoint    ] Safepoint "Cleanup", Time since last: 1000703989 ns, Reaching safepoint: 95263 ns, At safepoint: 8662 ns, Total: 103925 ns
[2020-02-26T10:01:48.411+0000][1][gc,start     ] GC(69) Pause Young (Allocation Failure)
[2020-02-26T10:01:48.411+0000][1][gc,task      ] GC(69) Using 1 workers of 1 for evacuation
[2020-02-26T10:01:48.422+0000][1][gc,age       ] GC(69) Desired survivor size 4358144 bytes, new threshold 6 (max threshold 6)
[2020-02-26T10:01:48.422+0000][1][gc,age       ] GC(69) Age table with threshold 6 (max threshold 6)
[2020-02-26T10:01:48.422+0000][1][gc,age       ] GC(69) - age   1:      15488 bytes,      15488 total
[2020-02-26T10:01:48.422+0000][1][gc,age       ] GC(69) - age   2:         56 bytes,      15544 total
[2020-02-26T10:01:48.422+0000][1][gc,age       ] GC(69) - age   3:        600 bytes,      16144 total
[2020-02-26T10:01:48.422+0000][1][gc,age       ] GC(69) - age   4:        816 bytes,      16960 total
[2020-02-26T10:01:48.423+0000][1][gc,age       ] GC(69) - age   5:        208 bytes,      17168 total
[2020-02-26T10:01:48.423+0000][1][gc,age       ] GC(69) - age   6:       1112 bytes,      18280 total
[2020-02-26T10:01:48.423+0000][1][gc,heap      ] GC(69) ParNew: 68177K->25K(76672K)
[2020-02-26T10:01:48.423+0000][1][gc,heap      ] GC(69) CMS: 62659K->62659K(963392K)
[2020-02-26T10:01:48.423+0000][1][gc,metaspace ] GC(69) Metaspace: 79756K->79756K(1122304K)
[2020-02-26T10:01:48.423+0000][1][gc           ] GC(69) Pause Young (Allocation Failure) 127M->61M(1015M) 12.074ms
[2020-02-26T10:01:48.423+0000][1][gc,cpu       ] GC(69) User=0.01s Sys=0.00s Real=0.01s
[2020-02-26T10:01:48.423+0000][1][safepoint    ] Safepoint "GenCollectForAllocation", Time since last: 898293701 ns, Reaching safepoint: 97975 ns, At safepoint: 12154319 ns, Total: 12252294 ns
[2020-02-26T10:01:49.023+0000][1][safepoint    ] Safepoint "RevokeBias", Time since last: 600248321 ns, Reaching safepoint: 74853 ns, At safepoint: 18732 ns, Total: 93585 ns
[2020-02-26T10:01:50.024+0000][1][safepoint    ] Safepoint "Cleanup", Time since last: 1000433676 ns, Reaching safepoint: 76146 ns, At safepoint: 9283 ns, Total: 85429 ns
[2020-02-26T10:01:51.031+0000][1][safepoint    ] Safepoint "Cleanup", Time since last: 1007496357 ns, Reaching safepoint: 112330 ns, At safepoint: 9262 ns, Total: 121592 ns
[2020-02-26T10:01:51.549+0000][1][safepoint    ] Safepoint "RevokeBias", Time since last: 511750447 ns, Reaching safepoint: 5730255 ns, At safepoint: 50884 ns, Total: 5781139 ns
[2020-02-26T10:01:52.550+0000][1][safepoint    ] Safepoint "Cleanup", Time since last: 1000661507 ns, Reaching safepoint: 78839 ns, At safepoint: 9377 ns, Total: 88216 ns
[2020-02-26T10:01:53.550+0000][1][safepoint    ] Safepoint "Cleanup", Time since last: 1000302087 ns, Reaching safepoint: 144302 ns, At safepoint: 9613 ns, Total: 153915 ns
[2020-02-26T10:01:54.050+0000][1][safepoint    ] Safepoint "RevokeBias", Time since last: 500271564 ns, Reaching safepoint: 76457 ns, At safepoint: 20335 ns, Total: 96792 ns
[2020-02-26T10:01:55.051+0000][1][safepoint    ] Safepoint "Cleanup", Time since last: 1000587203 ns, Reaching safepoint: 276725 ns, At safepoint: 12704 ns, Total: 289429 ns
[2020-02-26T10:01:56.053+0000][1][safepoint    ] Safepoint "Cleanup", Time since last: 1002160264 ns, Reaching safepoint: 75373 ns, At safepoint: 6813 ns, Total: 82186 ns
[2020-02-26T10:01:56.563+0000][1][safepoint    ] Safepoint "RevokeBias", Time since last: 509555521 ns, Reaching safepoint: 130150 ns, At safepoint: 30788 ns, Total: 160938 ns
[2020-02-26T10:01:57.564+0000][1][safepoint    ] Safepoint "Cleanup", Time since last: 1000610795 ns, Reaching safepoint: 93966 ns, At safepoint: 8909 ns, Total: 102875 ns
[2020-02-26T10:01:58.564+0000][1][safepoint    ] Safepoint "Cleanup", Time since last: 1000145772 ns, Reaching safepoint: 113040 ns, At safepoint: 10177 ns, Total: 123217 ns
[2020-02-26T10:01:59.077+0000][1][safepoint    ] Safepoint "RevokeBias", Time since last: 512699288 ns, Reaching safepoint: 71214 ns, At safepoint: 19850 ns, Total: 91064 ns
[2020-02-26T10:02:00.079+0000][1][safepoint    ] Safepoint "Cleanup", Time since last: 1002177911 ns, Reaching safepoint: 150085 ns, At safepoint: 9554 ns, Total: 159639 ns
[2020-02-26T10:02:01.080+0000][1][safepoint    ] Safepoint "Cleanup", Time since last: 1001015217 ns, Reaching safepoint: 84298 ns, At safepoint: 8738 ns, Total: 93036 ns
[2020-02-26T10:02:01.584+0000][1][safepoint    ] Safepoint "RevokeBias", Time since last: 503060637 ns, Reaching safepoint: 108323 ns, At safepoint: 20206 ns, Total: 128529 ns
[2020-02-26T10:02:02.589+0000][1][safepoint    ] Safepoint "Cleanup", Time since last: 1005068157 ns, Reaching safepoint: 644130 ns, At safepoint: 19086 ns, Total: 663216 ns
[2020-02-26T10:02:03.590+0000][1][safepoint    ] Safepoint "Cleanup", Time since last: 1000828999 ns, Reaching safepoint: 78051 ns, At safepoint: 9865 ns, Total: 87916 ns
[2020-02-26T10:02:04.089+0000][1][safepoint    ] Safepoint "BulkRevokeBias", Time since last: 497804760 ns, Reaching safepoint: 110275 ns, At safepoint: 490926 ns, Total: 601201 ns
[2020-02-26T10:02:05.089+0000][1][safepoint    ] Safepoint "Cleanup", Time since last: 1000472737 ns, Reaching safepoint: 92076 ns, At safepoint: 9285 ns, Total: 101361 ns
[2020-02-26T10:02:06.090+0000][1][safepoint    ] Safepoint "Cleanup", Time since last: 1000380284 ns, Reaching safepoint: 76743 ns, At safepoint: 9739 ns, Total: 86482 ns
[2020-02-26T10:02:06.595+0000][1][safepoint    ] Safepoint "RevokeBias", Time since last: 505371039 ns, Reaching safepoint: 95951 ns, At safepoint: 39824 ns, Total: 135775 ns
[2020-02-26T10:02:07.597+0000][1][safepoint    ] Safepoint "Cleanup", Time since last: 1001811897 ns, Reaching safepoint: 139645 ns, At safepoint: 13161 ns, Total: 152806 ns
[2020-02-26T10:02:08.597+0000][1][safepoint    ] Safepoint "Cleanup", Time since last: 1000260928 ns, Reaching safepoint: 84770 ns, At safepoint: 9775 ns, Total: 94545 ns
[2020-02-26T10:02:09.100+0000][1][safepoint    ] Safepoint "RevokeBias", Time since last: 502568637 ns, Reaching safepoint: 105271 ns, At safepoint: 33593 ns, Total: 138864 ns
[2020-02-26T10:02:10.101+0000][1][safepoint    ] Safepoint "Cleanup", Time since last: 1000407920 ns, Reaching safepoint: 98708 ns, At safepoint: 9964 ns, Total: 108672 ns
[2020-02-26T10:02:11.516+0000][1][safepoint    ] Safepoint "Cleanup", Time since last: 1415664661 ns, Reaching safepoint: 77559 ns, At safepoint: 10292 ns, Total: 87851 ns
[2020-02-26T10:02:11.606+0000][1][safepoint    ] Safepoint "RevokeBias", Time since last: 89781658 ns, Reaching safepoint: 70079 ns, At safepoint: 19105 ns, Total: 89184 ns
[2020-02-26T10:02:12.608+0000][1][safepoint    ] Safepoint "Cleanup", Time since last: 1001154403 ns, Reaching safepoint: 73695 ns, At safepoint: 8024 ns, Total: 81719 ns
[2020-02-26T10:02:13.614+0000][1][safepoint    ] Safepoint "Cleanup", Time since last: 1006796433 ns, Reaching safepoint: 80605 ns, At safepoint: 9127 ns, Total: 89732 ns
[2020-02-26T10:02:14.110+0000][1][safepoint    ] Safepoint "RevokeBias", Time since last: 495129123 ns, Reaching safepoint: 114959 ns, At safepoint: 31181 ns, Total: 146140 ns
[2020-02-26T10:02:15.110+0000][1][safepoint    ] Safepoint "Cleanup", Time since last: 1000254438 ns, Reaching safepoint: 79742 ns, At safepoint: 8941 ns, Total: 88683 ns
[2020-02-26T10:02:16.111+0000][1][safepoint    ] Safepoint "Cleanup", Time since last: 1000445026 ns, Reaching safepoint: 74017 ns, At safepoint: 10245 ns, Total: 84262 ns
[2020-02-26T10:02:16.616+0000][1][safepoint    ] Safepoint "RevokeBias", Time since last: 504948097 ns, Reaching safepoint: 157924 ns, At safepoint: 20938 ns, Total: 178862 ns
[2020-02-26T10:02:17.619+0000][1][safepoint    ] Safepoint "Cleanup", Time since last: 1003222135 ns, Reaching safepoint: 112801 ns, At safepoint: 38810 ns, Total: 151611 ns
[2020-02-26T10:02:18.621+0000][1][safepoint    ] Safepoint "Cleanup", Time since last: 1001466612 ns, Reaching safepoint: 73072 ns, At safepoint: 7401 ns, Total: 80473 ns
[2020-02-26T10:02:19.126+0000][1][safepoint    ] Safepoint "RevokeBias", Time since last: 505301995 ns, Reaching safepoint: 72868 ns, At safepoint: 19963 ns, Total: 92831 ns
[2020-02-26T10:02:20.127+0000][1][safepoint    ] Safepoint "Cleanup", Time since last: 1000472327 ns, Reaching safepoint: 91134 ns, At safepoint: 8983 ns, Total: 100117 ns
[2020-02-26T10:02:21.127+0000][1][safepoint    ] Safepoint "Cleanup", Time since last: 1000623968 ns, Reaching safepoint: 77144 ns, At safepoint: 8873 ns, Total: 86017 ns
[2020-02-26T10:02:21.641+0000][1][safepoint    ] Safepoint "RevokeBias", Time since last: 513703205 ns, Reaching safepoint: 149856 ns, At safepoint: 21973 ns, Total: 171829 ns
[2020-02-26T10:02:22.642+0000][1][safepoint    ] Safepoint "Cleanup", Time since last: 1000683034 ns, Reaching safepoint: 93084 ns, At safepoint: 9713 ns, Total: 102797 ns
[2020-02-26T10:02:23.649+0000][1][safepoint    ] Safepoint "Cleanup", Time since last: 1006533111 ns, Reaching safepoint: 137399 ns, At safepoint: 30208 ns, Total: 167607 ns
[2020-02-26T10:02:24.153+0000][1][safepoint    ] Safepoint "RevokeBias", Time since last: 503916034 ns, Reaching safepoint: 52880 ns, At safepoint: 18285 ns, Total: 71165 ns
[2020-02-26T10:02:25.153+0000][1][safepoint    ] Safepoint "Cleanup", Time since last: 1000186191 ns, Reaching safepoint: 85588 ns, At safepoint: 8091 ns, Total: 93679 ns
[2020-02-26T10:02:26.154+0000][1][safepoint    ] Safepoint "Cleanup", Time since last: 1000528280 ns, Reaching safepoint: 73158 ns, At safepoint: 8467 ns, Total: 81625 ns
[2020-02-26T10:02:26.669+0000][1][safepoint    ] Safepoint "RevokeBias", Time since last: 515278202 ns, Reaching safepoint: 71681 ns, At safepoint: 37897 ns, Total: 109578 ns
[2020-02-26T10:02:27.670+0000][1][safepoint    ] Safepoint "Cleanup", Time since last: 1000681735 ns, Reaching safepoint: 90695 ns, At safepoint: 8470 ns, Total: 99165 ns
[2020-02-26T10:02:28.670+0000][1][safepoint    ] Safepoint "Cleanup", Time since last: 1000162094 ns, Reaching safepoint: 91272 ns, At safepoint: 8954 ns, Total: 100226 ns
[2020-02-26T10:02:29.179+0000][1][safepoint    ] Safepoint "RevokeBias", Time since last: 508807961 ns, Reaching safepoint: 71840 ns, At safepoint: 20479 ns, Total: 92319 ns
[2020-02-26T10:02:30.180+0000][1][safepoint    ] Safepoint "Cleanup", Time since last: 1000522109 ns, Reaching safepoint: 77948 ns, At safepoint: 9191 ns, Total: 87139 ns
[2020-02-26T10:02:31.180+0000][1][safepoint    ] Safepoint "Cleanup", Time since last: 1000726417 ns, Reaching safepoint: 79162 ns, At safepoint: 12277 ns, Total: 91439 ns
[2020-02-26T10:02:31.694+0000][1][safepoint    ] Safepoint "RevokeBias", Time since last: 513930541 ns, Reaching safepoint: 91142 ns, At safepoint: 20514 ns, Total: 111656 ns
[2020-02-26T10:02:32.695+0000][1][safepoint    ] Safepoint "Cleanup", Time since last: 1000381884 ns, Reaching safepoint: 75408 ns, At safepoint: 8967 ns, Total: 84375 ns
[2020-02-26T10:02:33.695+0000][1][safepoint    ] Safepoint "Cleanup", Time since last: 1000259414 ns, Reaching safepoint: 77921 ns, At safepoint: 8383 ns, Total: 86304 ns
[2020-02-26T10:02:34.197+0000][1][safepoint    ] Safepoint "RevokeBias", Time since last: 501750166 ns, Reaching safepoint: 70534 ns, At safepoint: 19807 ns, Total: 90341 ns
[2020-02-26T10:02:35.201+0000][1][safepoint    ] Safepoint "Cleanup", Time since last: 1004376512 ns, Reaching safepoint: 74760 ns, At safepoint: 8944 ns, Total: 83704 ns
[2020-02-26T10:02:36.202+0000][1][safepoint    ] Safepoint "Cleanup", Time since last: 1000674192 ns, Reaching safepoint: 91851 ns, At safepoint: 8808 ns, Total: 100659 ns
[2020-02-26T10:02:36.702+0000][1][safepoint    ] Safepoint "RevokeBias", Time since last: 499352769 ns, Reaching safepoint: 71068 ns, At safepoint: 20025 ns, Total: 91093 ns
[2020-02-26T10:02:37.703+0000][1][safepoint    ] Safepoint "Cleanup", Time since last: 1000826710 ns, Reaching safepoint: 75659 ns, At safepoint: 9256 ns, Total: 84915 ns
[2020-02-26T10:02:38.704+0000][1][safepoint    ] Safepoint "Cleanup", Time since last: 1000854333 ns, Reaching safepoint: 79741 ns, At safepoint: 10099 ns, Total: 89840 ns
[2020-02-26T10:02:39.204+0000][1][safepoint    ] Safepoint "RevokeBias", Time since last: 500158516 ns, Reaching safepoint: 72052 ns, At safepoint: 19841 ns, Total: 91893 ns
[2020-02-26T10:02:40.214+0000][1][safepoint    ] Safepoint "Cleanup", Time since last: 1009642556 ns, Reaching safepoint: 61267 ns, At safepoint: 9349 ns, Total: 70616 ns
[2020-02-26T10:02:41.214+0000][1][safepoint    ] Safepoint "Cleanup", Time since last: 1000240539 ns, Reaching safepoint: 77950 ns, At safepoint: 9942 ns, Total: 87892 ns
[2020-02-26T10:02:41.709+0000][1][safepoint    ] Safepoint "RevokeBias", Time since last: 495368499 ns, Reaching safepoint: 114329 ns, At safepoint: 32757 ns, Total: 147086 ns
[2020-02-26T10:02:42.710+0000][1][safepoint    ] Safepoint "Cleanup", Time since last: 1000295212 ns, Reaching safepoint: 80502 ns, At safepoint: 9720 ns, Total: 90222 ns
[2020-02-26T10:02:43.710+0000][1][safepoint    ] Safepoint "Cleanup", Time since last: 1000577865 ns, Reaching safepoint: 79316 ns, At safepoint: 27810 ns, Total: 107126 ns
[2020-02-26T10:02:44.214+0000][1][safepoint    ] Safepoint "RevokeBias", Time since last: 503111323 ns, Reaching safepoint: 82033 ns, At safepoint: 22604 ns, Total: 104637 ns
[2020-02-26T10:02:45.223+0000][1][safepoint    ] Safepoint "Cleanup", Time since last: 1009373065 ns, Reaching safepoint: 96055 ns, At safepoint: 9367 ns, Total: 105422 ns
[2020-02-26T10:02:46.223+0000][1][safepoint    ] Safepoint "Cleanup", Time since last: 1000166324 ns, Reaching safepoint: 89746 ns, At safepoint: 10235 ns, Total: 99981 ns
[2020-02-26T10:02:46.718+0000][1][safepoint    ] Safepoint "RevokeBias", Time since last: 494371014 ns, Reaching safepoint: 73649 ns, At safepoint: 19714 ns, Total: 93363 ns
[2020-02-26T10:02:47.719+0000][1][safepoint    ] Safepoint "Cleanup", Time since last: 1000554562 ns, Reaching safepoint: 91430 ns, At safepoint: 9708 ns, Total: 101138 ns
[2020-02-26T10:02:48.719+0000][1][safepoint    ] Safepoint "Cleanup", Time since last: 1000212637 ns, Reaching safepoint: 82305 ns, At safepoint: 8936 ns, Total: 91241 ns
[2020-02-26T10:02:49.231+0000][1][safepoint    ] Safepoint "RevokeBias", Time since last: 510446461 ns, Reaching safepoint: 1222723 ns, At safepoint: 27522 ns, Total: 1250245 ns
[2020-02-26T10:02:50.231+0000][1][safepoint    ] Safepoint "Cleanup", Time since last: 1000329071 ns, Reaching safepoint: 95423 ns, At safepoint: 9128 ns, Total: 104551 ns
[2020-02-26T10:02:51.234+0000][1][safepoint    ] Safepoint "Cleanup", Time since last: 1002550167 ns, Reaching safepoint: 72459 ns, At safepoint: 7453 ns, Total: 79912 ns
[2020-02-26T10:02:51.733+0000][1][safepoint    ] Safepoint "RevokeBias", Time since last: 499079638 ns, Reaching safepoint: 68536 ns, At safepoint: 18672 ns, Total: 87208 ns
[2020-02-26T10:02:52.734+0000][1][safepoint    ] Safepoint "Cleanup", Time since last: 1000939585 ns, Reaching safepoint: 125336 ns, At safepoint: 9039 ns, Total: 134375 ns
[2020-02-26T10:02:53.735+0000][1][safepoint    ] Safepoint "Cleanup", Time since last: 1000712775 ns, Reaching safepoint: 112678 ns, At safepoint: 11765 ns, Total: 124443 ns
[2020-02-26T10:02:54.236+0000][1][safepoint    ] Safepoint "RevokeBias", Time since last: 501189362 ns, Reaching safepoint: 87311 ns, At safepoint: 95052 ns, Total: 182363 ns
[2020-02-26T10:02:55.237+0000][1][safepoint    ] Safepoint "Cleanup", Time since last: 1000895768 ns, Reaching safepoint: 92443 ns, At safepoint: 8805 ns, Total: 101248 ns
[2020-02-26T10:02:56.243+0000][1][safepoint    ] Safepoint "Cleanup", Time since last: 1006156467 ns, Reaching safepoint: 85456 ns, At safepoint: 8587 ns, Total: 94043 ns
[2020-02-26T10:02:56.744+0000][1][safepoint    ] Safepoint "RevokeBias", Time since last: 499382041 ns, Reaching safepoint: 1230827 ns, At safepoint: 102534 ns, Total: 1333361 ns
[2020-02-26T10:02:57.744+0000][1][safepoint    ] Safepoint "Cleanup", Time since last: 1000354727 ns, Reaching safepoint: 79175 ns, At safepoint: 8812 ns, Total: 87987 ns
[2020-02-26T10:02:58.745+0000][1][safepoint    ] Safepoint "Cleanup", Time since last: 1000661586 ns, Reaching safepoint: 76512 ns, At safepoint: 9644 ns, Total: 86156 ns
[2020-02-26T10:02:59.247+0000][1][safepoint    ] Safepoint "RevokeBias", Time since last: 501804171 ns, Reaching safepoint: 69933 ns, At safepoint: 19749 ns, Total: 89682 ns
[2020-02-26T10:03:00.248+0000][1][safepoint    ] Safepoint "Cleanup", Time since last: 1000440403 ns, Reaching safepoint: 129458 ns, At safepoint: 12604 ns, Total: 142062 ns
[2020-02-26T10:03:01.252+0000][1][safepoint    ] Safepoint "Cleanup", Time since last: 1003794630 ns, Reaching safepoint: 134588 ns, At safepoint: 12961 ns, Total: 147549 ns
[2020-02-26T10:03:01.759+0000][1][safepoint    ] Safepoint "RevokeBias", Time since last: 507580629 ns, Reaching safepoint: 98883 ns, At safepoint: 39704 ns, Total: 138587 ns
[2020-02-26T10:03:02.760+0000][1][safepoint    ] Safepoint "Cleanup", Time since last: 1000986882 ns, Reaching safepoint: 89510 ns, At safepoint: 10729 ns, Total: 100239 ns
[2020-02-26T10:03:03.761+0000][1][safepoint    ] Safepoint "Cleanup", Time since last: 1000184539 ns, Reaching safepoint: 94892 ns, At safepoint: 10216 ns, Total: 105108 ns
[2020-02-26T10:03:04.270+0000][1][safepoint    ] Safepoint "RevokeBias", Time since last: 508662753 ns, Reaching safepoint: 113430 ns, At safepoint: 32191 ns, Total: 145621 ns
[2020-02-26T10:03:05.270+0000][1][safepoint    ] Safepoint "Cleanup", Time since last: 1000639868 ns, Reaching safepoint: 82120 ns, At safepoint: 9332 ns, Total: 91452 ns
[2020-02-26T10:03:06.271+0000][1][safepoint    ] Safepoint "Cleanup", Time since last: 1001070296 ns, Reaching safepoint: 80543 ns, At safepoint: 9711 ns, Total: 90254 ns
[2020-02-26T10:03:06.782+0000][1][safepoint    ] Safepoint "RevokeBias", Time since last: 510516883 ns, Reaching safepoint: 70004 ns, At safepoint: 19541 ns, Total: 89545 ns
[2020-02-26T10:03:07.782+0000][1][safepoint    ] Safepoint "Cleanup", Time since last: 1000304594 ns, Reaching safepoint: 110568 ns, At safepoint: 9154 ns, Total: 119722 ns
[2020-02-26T10:03:08.783+0000][1][safepoint    ] Safepoint "Cleanup", Time since last: 1000871579 ns, Reaching safepoint: 93652 ns, At safepoint: 9427 ns, Total: 103079 ns
[2020-02-26T10:03:09.293+0000][1][safepoint    ] Safepoint "RevokeBias", Time since last: 509354566 ns, Reaching safepoint: 73326 ns, At safepoint: 21101 ns, Total: 94427 ns
[2020-02-26T10:03:10.293+0000][1][safepoint    ] Safepoint "Cleanup", Time since last: 1000243975 ns, Reaching safepoint: 86187 ns, At safepoint: 12961 ns, Total: 99148 ns
[2020-02-26T10:03:11.294+0000][1][safepoint    ] Safepoint "Cleanup", Time since last: 1000449540 ns, Reaching safepoint: 109334 ns, At safepoint: 8873 ns, Total: 118207 ns
[2020-02-26T10:03:11.818+0000][1][safepoint    ] Safepoint "RevokeBias", Time since last: 523807240 ns, Reaching safepoint: 71026 ns, At safepoint: 19962 ns, Total: 90988 ns
[2020-02-26T10:03:12.819+0000][1][safepoint    ] Safepoint "Cleanup", Time since last: 1000851308 ns, Reaching safepoint: 248722 ns, At safepoint: 13332 ns, Total: 262054 ns
[2020-02-26T10:03:13.820+0000][1][safepoint    ] Safepoint "Cleanup", Time since last: 1000833542 ns, Reaching safepoint: 76890 ns, At safepoint: 9793 ns, Total: 86683 ns
[2020-02-26T10:03:14.329+0000][1][safepoint    ] Safepoint "RevokeBias", Time since last: 509671473 ns, Reaching safepoint: 89431 ns, At safepoint: 20061 ns, Total: 109492 ns
[2020-02-26T10:03:15.330+0000][1][safepoint    ] Safepoint "Cleanup", Time since last: 1000743957 ns, Reaching safepoint: 83809 ns, At safepoint: 10732 ns, Total: 94541 ns
[2020-02-26T10:03:16.331+0000][1][safepoint    ] Safepoint "Cleanup", Time since last: 1000210565 ns, Reaching safepoint: 77227 ns, At safepoint: 10130 ns, Total: 87357 ns
[2020-02-26T10:03:16.835+0000][1][safepoint    ] Safepoint "BulkRevokeBias", Time since last: 504549189 ns, Reaching safepoint: 76595 ns, At safepoint: 250234 ns, Total: 326829 ns
[2020-02-26T10:03:17.836+0000][1][safepoint    ] Safepoint "Cleanup", Time since last: 1000621964 ns, Reaching safepoint: 75764 ns, At safepoint: 8455 ns, Total: 84219 ns
[2020-02-26T10:03:18.837+0000][1][safepoint    ] Safepoint "Cleanup", Time since last: 1000557778 ns, Reaching safepoint: 100666 ns, At safepoint: 11534 ns, Total: 112200 ns
[2020-02-26T10:03:19.340+0000][1][safepoint    ] Safepoint "RevokeBias", Time since last: 502715838 ns, Reaching safepoint: 70686 ns, At safepoint: 19381 ns, Total: 90067 ns
[2020-02-26T10:03:20.340+0000][1][safepoint    ] Safepoint "Cleanup", Time since last: 1000604007 ns, Reaching safepoint: 121846 ns, At safepoint: 11963 ns, Total: 133809 ns
[2020-02-26T10:03:21.341+0000][1][safepoint    ] Safepoint "Cleanup", Time since last: 1000828808 ns, Reaching safepoint: 95507 ns, At safepoint: 10150 ns, Total: 105657 ns
[2020-02-26T10:03:21.844+0000][1][safepoint    ] Safepoint "RevokeBias", Time since last: 502848821 ns, Reaching safepoint: 177852 ns, At safepoint: 22711 ns, Total: 200563 ns
[2020-02-26T10:03:22.850+0000][1][safepoint    ] Safepoint "Cleanup", Time since last: 1005949225 ns, Reaching safepoint: 66505 ns, At safepoint: 10103 ns, Total: 76608 ns
[2020-02-26T10:03:23.851+0000][1][safepoint    ] Safepoint "Cleanup", Time since last: 1000515618 ns, Reaching safepoint: 114962 ns, At safepoint: 12390 ns, Total: 127352 ns
[2020-02-26T10:03:24.348+0000][1][safepoint    ] Safepoint "RevokeBias", Time since last: 496711372 ns, Reaching safepoint: 70554 ns, At safepoint: 19616 ns, Total: 90170 ns
[2020-02-26T10:03:25.349+0000][1][safepoint    ] Safepoint "Cleanup", Time since last: 1000654916 ns, Reaching safepoint: 108736 ns, At safepoint: 8300 ns, Total: 117036 ns
[2020-02-26T10:03:26.350+0000][1][safepoint    ] Safepoint "Cleanup", Time since last: 1000816976 ns, Reaching safepoint: 108136 ns, At safepoint: 9525 ns, Total: 117661 ns
[2020-02-26T10:03:26.857+0000][1][safepoint    ] Safepoint "RevokeBias", Time since last: 507636028 ns, Reaching safepoint: 90495 ns, At safepoint: 19879 ns, Total: 110374 ns
[2020-02-26T10:03:27.858+0000][1][safepoint    ] Safepoint "Cleanup", Time since last: 1000503945 ns, Reaching safepoint: 77496 ns, At safepoint: 7800 ns, Total: 85296 ns
[2020-02-26T10:03:28.862+0000][1][safepoint    ] Safepoint "Cleanup", Time since last: 1004246805 ns, Reaching safepoint: 187056 ns, At safepoint: 55432 ns, Total: 242488 ns
[2020-02-26T10:03:29.364+0000][1][safepoint    ] Safepoint "RevokeBias", Time since last: 501408223 ns, Reaching safepoint: 160802 ns, At safepoint: 41007 ns, Total: 201809 ns
[2020-02-26T10:03:30.364+0000][1][safepoint    ] Safepoint "Cleanup", Time since last: 1000301004 ns, Reaching safepoint: 77744 ns, At safepoint: 9372 ns, Total: 87116 ns
[2020-02-26T10:03:31.365+0000][1][safepoint    ] Safepoint "Cleanup", Time since last: 1000820830 ns, Reaching safepoint: 74715 ns, At safepoint: 9142 ns, Total: 83857 ns
[2020-02-26T10:03:31.871+0000][1][safepoint    ] Safepoint "RevokeBias", Time since last: 506070606 ns, Reaching safepoint: 70534 ns, At safepoint: 19174 ns, Total: 89708 ns
[2020-02-26T10:03:32.872+0000][1][safepoint    ] Safepoint "Cleanup", Time since last: 1000588609 ns, Reaching safepoint: 77092 ns, At safepoint: 8912 ns, Total: 86004 ns
[2020-02-26T10:03:33.873+0000][1][safepoint    ] Safepoint "Cleanup", Time since last: 1000931463 ns, Reaching safepoint: 106705 ns, At safepoint: 22887 ns, Total: 129592 ns
[2020-02-26T10:03:34.375+0000][1][safepoint    ] Safepoint "RevokeBias", Time since last: 502050527 ns, Reaching safepoint: 73656 ns, At safepoint: 28132 ns, Total: 101788 ns
[2020-02-26T10:03:35.376+0000][1][safepoint    ] Safepoint "Cleanup", Time since last: 1000759287 ns, Reaching safepoint: 175439 ns, At safepoint: 13367 ns, Total: 188806 ns
[2020-02-26T10:03:36.377+0000][1][safepoint    ] Safepoint "Cleanup", Time since last: 1000775830 ns, Reaching safepoint: 77439 ns, At safepoint: 9176 ns, Total: 86615 ns
[2020-02-26T10:03:36.882+0000][1][safepoint    ] Safepoint "RevokeBias", Time since last: 504782293 ns, Reaching safepoint: 236584 ns, At safepoint: 59666 ns, Total: 296250 ns
[2020-02-26T10:03:37.883+0000][1][safepoint    ] Safepoint "Cleanup", Time since last: 1000173972 ns, Reaching safepoint: 77934 ns, At safepoint: 10226 ns, Total: 88160 ns
[2020-02-26T10:03:38.884+0000][1][safepoint    ] Safepoint "Cleanup", Time since last: 1001204263 ns, Reaching safepoint: 93035 ns, At safepoint: 8792 ns, Total: 101827 ns
[2020-02-26T10:03:39.394+0000][1][safepoint    ] Safepoint "RevokeBias", Time since last: 509880658 ns, Reaching safepoint: 129880 ns, At safepoint: 28446 ns, Total: 158326 ns
[2020-02-26T10:03:40.395+0000][1][safepoint    ] Safepoint "Cleanup", Time since last: 1001100589 ns, Reaching safepoint: 105270 ns, At safepoint: 11427 ns, Total: 116697 ns
[2020-02-26T10:03:41.396+0000][1][safepoint    ] Safepoint "Cleanup", Time since last: 1000876391 ns, Reaching safepoint: 138383 ns, At safepoint: 10143 ns, Total: 148526 ns
[2020-02-26T10:03:41.905+0000][1][safepoint    ] Safepoint "RevokeBias", Time since last: 509193828 ns, Reaching safepoint: 88759 ns, At safepoint: 20015 ns, Total: 108774 ns
[2020-02-26T10:03:42.906+0000][1][safepoint    ] Safepoint "Cleanup", Time since last: 1000198308 ns, Reaching safepoint: 92121 ns, At safepoint: 9165 ns, Total: 101286 ns
[2020-02-26T10:03:43.915+0000][1][safepoint    ] Safepoint "Cleanup", Time since last: 1008877410 ns, Reaching safepoint: 113581 ns, At safepoint: 10481 ns, Total: 124062 ns
[2020-02-26T10:03:44.421+0000][1][safepoint    ] Safepoint "RevokeBias", Time since last: 505907610 ns, Reaching safepoint: 75293 ns, At safepoint: 21264 ns, Total: 96557 ns
[2020-02-26T10:03:45.422+0000][1][safepoint    ] Safepoint "Cleanup", Time since last: 1000922164 ns, Reaching safepoint: 95019 ns, At safepoint: 9595 ns, Total: 104614 ns
[2020-02-26T10:03:46.423+0000][1][safepoint    ] Safepoint "Cleanup", Time since last: 1001130145 ns, Reaching safepoint: 90935 ns, At safepoint: 11621 ns, Total: 102556 ns
[2020-02-26T10:03:46.935+0000][1][safepoint    ] Safepoint "RevokeBias", Time since last: 511525523 ns, Reaching safepoint: 72813 ns, At safepoint: 19823 ns, Total: 92636 ns
[2020-02-26T10:03:47.935+0000][1][safepoint    ] Safepoint "Cleanup", Time since last: 1000656885 ns, Reaching safepoint: 120076 ns, At safepoint: 9492 ns, Total: 129568 ns
[2020-02-26T10:03:48.936+0000][1][safepoint    ] Safepoint "Cleanup", Time since last: 1000799970 ns, Reaching safepoint: 78032 ns, At safepoint: 9396 ns, Total: 87428 ns
[2020-02-26T10:03:49.452+0000][1][safepoint    ] Safepoint "RevokeBias", Time since last: 515588106 ns, Reaching safepoint: 68831 ns, At safepoint: 18871 ns, Total: 87702 ns
[2020-02-26T10:03:50.453+0000][1][safepoint    ] Safepoint "Cleanup", Time since last: 1001003615 ns, Reaching safepoint: 109409 ns, At safepoint: 9133 ns, Total: 118542 ns
[2020-02-26T10:03:51.454+0000][1][safepoint    ] Safepoint "Cleanup", Time since last: 1000822870 ns, Reaching safepoint: 93970 ns, At safepoint: 9289 ns, Total: 103259 ns
[2020-02-26T10:03:51.967+0000][1][safepoint    ] Safepoint "RevokeBias", Time since last: 512861957 ns, Reaching safepoint: 153841 ns, At safepoint: 22800 ns, Total: 176641 ns
[2020-02-26T10:03:52.968+0000][1][safepoint    ] Safepoint "Cleanup", Time since last: 1000413751 ns, Reaching safepoint: 94130 ns, At safepoint: 9390 ns, Total: 103520 ns
[2020-02-26T10:03:53.968+0000][1][safepoint    ] Safepoint "Cleanup", Time since last: 1000566397 ns, Reaching safepoint: 76706 ns, At safepoint: 9612 ns, Total: 86318 ns
[2020-02-26T10:03:54.470+0000][1][safepoint    ] Safepoint "RevokeBias", Time since last: 501732615 ns, Reaching safepoint: 116308 ns, At safepoint: 34328 ns, Total: 150636 ns
[2020-02-26T10:03:55.472+0000][1][safepoint    ] Safepoint "Cleanup", Time since last: 1001694596 ns, Reaching safepoint: 76949 ns, At safepoint: 8825 ns, Total: 85774 ns
[2020-02-26T10:03:56.473+0000][1][safepoint    ] Safepoint "Cleanup", Time since last: 1000685705 ns, Reaching safepoint: 76459 ns, At safepoint: 7913 ns, Total: 84372 ns
[2020-02-26T10:03:56.977+0000][1][safepoint    ] Safepoint "RevokeBias", Time since last: 504496589 ns, Reaching safepoint: 207646 ns, At safepoint: 22819 ns, Total: 230465 ns
[2020-02-26T10:03:57.978+0000][1][safepoint    ] Safepoint "Cleanup", Time since last: 1000692061 ns, Reaching safepoint: 76395 ns, At safepoint: 8763 ns, Total: 85158 ns
[2020-02-26T10:03:58.979+0000][1][safepoint    ] Safepoint "Cleanup", Time since last: 1000376518 ns, Reaching safepoint: 167387 ns, At safepoint: 31148 ns, Total: 198535 ns
[2020-02-26T10:03:59.482+0000][1][safepoint    ] Safepoint "RevokeBias", Time since last: 503706784 ns, Reaching safepoint: 71643 ns, At safepoint: 19851 ns, Total: 91494 ns
[2020-02-26T10:04:00.485+0000][1][safepoint    ] Safepoint "Cleanup", Time since last: 1002642823 ns, Reaching safepoint: 75790 ns, At safepoint: 8824 ns, Total: 84614 ns
[2020-02-26T10:04:01.486+0000][1][safepoint    ] Safepoint "Cleanup", Time since last: 1000696060 ns, Reaching safepoint: 115483 ns, At safepoint: 13209 ns, Total: 128692 ns
[2020-02-26T10:04:01.989+0000][1][safepoint    ] Safepoint "RevokeBias", Time since last: 502948418 ns, Reaching safepoint: 123067 ns, At safepoint: 25079 ns, Total: 148146 ns
[2020-02-26T10:04:02.990+0000][1][safepoint    ] Safepoint "Cleanup", Time since last: 1000742924 ns, Reaching safepoint: 156986 ns, At safepoint: 9593 ns, Total: 166579 ns
[2020-02-26T10:04:03.991+0000][1][safepoint    ] Safepoint "Cleanup", Time since last: 1000426635 ns, Reaching safepoint: 94645 ns, At safepoint: 27348 ns, Total: 121993 ns
[2020-02-26T10:04:04.492+0000][1][safepoint    ] Safepoint "RevokeBias", Time since last: 501658837 ns, Reaching safepoint: 75579 ns, At safepoint: 21101 ns, Total: 96680 ns
[2020-02-26T10:04:05.494+0000][1][safepoint    ] Safepoint "Cleanup", Time since last: 1001842642 ns, Reaching safepoint: 94213 ns, At safepoint: 8371 ns, Total: 102584 ns
[2020-02-26T10:04:05.567+0000][1][gc,start     ] GC(70) Pause Young (Allocation Failure)
[2020-02-26T10:04:05.567+0000][1][gc,task      ] GC(70) Using 1 workers of 1 for evacuation
[2020-02-26T10:04:05.584+0000][1][gc,age       ] GC(70) Desired survivor size 4358144 bytes, new threshold 6 (max threshold 6)
[2020-02-26T10:04:05.584+0000][1][gc,age       ] GC(70) Age table with threshold 6 (max threshold 6)
[2020-02-26T10:04:05.584+0000][1][gc,age       ] GC(70) - age   1:      12784 bytes,      12784 total
[2020-02-26T10:04:05.584+0000][1][gc,age       ] GC(70) - age   2:       1104 bytes,      13888 total
[2020-02-26T10:04:05.584+0000][1][gc,age       ] GC(70) - age   3:         56 bytes,      13944 total
[2020-02-26T10:04:05.584+0000][1][gc,age       ] GC(70) - age   4:        600 bytes,      14544 total
[2020-02-26T10:04:05.584+0000][1][gc,age       ] GC(70) - age   5:        576 bytes,      15120 total
[2020-02-26T10:04:05.584+0000][1][gc,age       ] GC(70) - age   6:        208 bytes,      15328 total
[2020-02-26T10:04:05.584+0000][1][gc,heap      ] GC(70) ParNew: 68185K->16K(76672K)
[2020-02-26T10:04:05.584+0000][1][gc,heap      ] GC(70) CMS: 62659K->62660K(963392K)
[2020-02-26T10:04:05.584+0000][1][gc,metaspace ] GC(70) Metaspace: 79774K->79774K(1122304K)
[2020-02-26T10:04:05.584+0000][1][gc           ] GC(70) Pause Young (Allocation Failure) 127M->61M(1015M) 17.643ms
[2020-02-26T10:04:05.584+0000][1][gc,cpu       ] GC(70) User=0.01s Sys=0.00s Real=0.01s
[2020-02-26T10:04:05.584+0000][1][safepoint    ] Safepoint "GenCollectForAllocation", Time since last: 72429144 ns, Reaching safepoint: 68649 ns, At safepoint: 17700483 ns, Total: 17769132 ns
[2020-02-26T10:04:06.585+0000][1][safepoint    ] Safepoint "Cleanup", Time since last: 1000842842 ns, Reaching safepoint: 85421 ns, At safepoint: 10913 ns, Total: 96334 ns
[2020-02-26T10:04:06.994+0000][1][safepoint    ] Safepoint "RevokeBias", Time since last: 408376579 ns, Reaching safepoint: 92989 ns, At safepoint: 48503 ns, Total: 141492 ns
[2020-02-26T10:04:07.994+0000][1][safepoint    ] Safepoint "Cleanup", Time since last: 1000387983 ns, Reaching safepoint: 93791 ns, At safepoint: 9338 ns, Total: 103129 ns
[2020-02-26T10:04:08.995+0000][1][safepoint    ] Safepoint "Cleanup", Time since last: 1000633952 ns, Reaching safepoint: 77273 ns, At safepoint: 8249 ns, Total: 85522 ns
[2020-02-26T10:04:09.497+0000][1][safepoint    ] Safepoint "RevokeBias", Time since last: 502072552 ns, Reaching safepoint: 72263 ns, At safepoint: 19799 ns, Total: 92062 ns
[2020-02-26T10:04:10.641+0000][1][safepoint    ] Safepoint "Cleanup", Time since last: 1143524986 ns, Reaching safepoint: 431448 ns, At safepoint: 10974 ns, Total: 442422 ns
[2020-02-26T10:04:11.643+0000][1][safepoint    ] Safepoint "Cleanup", Time since last: 1001527085 ns, Reaching safepoint: 75573 ns, At safepoint: 8859 ns, Total: 84432 ns
[2020-02-26T10:04:12.004+0000][1][safepoint    ] Safepoint "RevokeBias", Time since last: 360697655 ns, Reaching safepoint: 71140 ns, At safepoint: 20307 ns, Total: 91447 ns
[2020-02-26T10:04:13.004+0000][1][safepoint    ] Safepoint "Cleanup", Time since last: 1000283818 ns, Reaching safepoint: 95181 ns, At safepoint: 11588 ns, Total: 106769 ns
[2020-02-26T10:04:14.005+0000][1][safepoint    ] Safepoint "Cleanup", Time since last: 1000748805 ns, Reaching safepoint: 84533 ns, At safepoint: 10598 ns, Total: 95131 ns
[2020-02-26T10:04:14.507+0000][1][safepoint    ] Safepoint "RevokeBias", Time since last: 501912433 ns, Reaching safepoint: 73307 ns, At safepoint: 19592 ns, Total: 92899 ns
[2020-02-26T10:04:15.508+0000][1][safepoint    ] Safepoint "Cleanup", Time since last: 1000680432 ns, Reaching safepoint: 76834 ns, At safepoint: 9014 ns, Total: 85848 ns
[2020-02-26T10:04:16.513+0000][1][safepoint    ] Safepoint "Cleanup", Time since last: 1005454044 ns, Reaching safepoint: 76961 ns, At safepoint: 9333 ns, Total: 86294 ns
[2020-02-26T10:04:17.027+0000][1][safepoint    ] Safepoint "RevokeBias", Time since last: 513415539 ns, Reaching safepoint: 69180 ns, At safepoint: 19879 ns, Total: 89059 ns
[2020-02-26T10:04:18.027+0000][1][safepoint    ] Safepoint "Cleanup", Time since last: 1000524912 ns, Reaching safepoint: 78049 ns, At safepoint: 9191 ns, Total: 87240 ns
[2020-02-26T10:04:19.028+0000][1][safepoint    ] Safepoint "Cleanup", Time since last: 1000201916 ns, Reaching safepoint: 112253 ns, At safepoint: 26315 ns, Total: 138568 ns
[2020-02-26T10:04:19.539+0000][1][safepoint    ] Safepoint "RevokeBias", Time since last: 510655542 ns, Reaching safepoint: 103391 ns, At safepoint: 40221 ns, Total: 143612 ns
[2020-02-26T10:04:20.539+0000][1][safepoint    ] Safepoint "Cleanup", Time since last: 1000166258 ns, Reaching safepoint: 143485 ns, At safepoint: 9032 ns, Total: 152517 ns
[2020-02-26T10:04:21.543+0000][1][safepoint    ] Safepoint "Cleanup", Time since last: 1002937614 ns, Reaching safepoint: 817618 ns, At safepoint: 22036 ns, Total: 839654 ns
[2020-02-26T10:04:22.052+0000][1][safepoint    ] Safepoint "RevokeBias", Time since last: 508814050 ns, Reaching safepoint: 79885 ns, At safepoint: 19232 ns, Total: 99117 ns
[2020-02-26T10:04:23.052+0000][1][safepoint    ] Safepoint "Cleanup", Time since last: 1000206605 ns, Reaching safepoint: 77510 ns, At safepoint: 9736 ns, Total: 87246 ns
[2020-02-26T10:04:24.052+0000][1][safepoint    ] Safepoint "Cleanup", Time since last: 1000257662 ns, Reaching safepoint: 120768 ns, At safepoint: 14141 ns, Total: 134909 ns
[2020-02-26T10:04:24.562+0000][1][safepoint    ] Safepoint "RevokeBias", Time since last: 509378135 ns, Reaching safepoint: 156321 ns, At safepoint: 23341 ns, Total: 179662 ns
[2020-02-26T10:04:25.562+0000][1][safepoint    ] Safepoint "Cleanup", Time since last: 1000334200 ns, Reaching safepoint: 74217 ns, At safepoint: 7216 ns, Total: 81433 ns
[2020-02-26T10:04:26.563+0000][1][safepoint    ] Safepoint "Cleanup", Time since last: 1000502443 ns, Reaching safepoint: 72961 ns, At safepoint: 7879 ns, Total: 80840 ns
[2020-02-26T10:04:27.073+0000][1][safepoint    ] Safepoint "RevokeBias", Time since last: 509751936 ns, Reaching safepoint: 72738 ns, At safepoint: 19354 ns, Total: 92092 ns
[2020-02-26T10:04:28.073+0000][1][safepoint    ] Safepoint "Cleanup", Time since last: 1000642914 ns, Reaching safepoint: 93140 ns, At safepoint: 10020 ns, Total: 103160 ns
[2020-02-26T10:04:29.074+0000][1][safepoint    ] Safepoint "Cleanup", Time since last: 1000615311 ns, Reaching safepoint: 76977 ns, At safepoint: 9217 ns, Total: 86194 ns
[2020-02-26T10:04:29.587+0000][1][safepoint    ] Safepoint "BulkRevokeBias", Time since last: 512171680 ns, Reaching safepoint: 144730 ns, At safepoint: 234197 ns, Total: 378927 ns
[2020-02-26T10:04:30.588+0000][1][safepoint    ] Safepoint "Cleanup", Time since last: 1001047174 ns, Reaching safepoint: 93524 ns, At safepoint: 8806 ns, Total: 102330 ns
[2020-02-26T10:04:31.588+0000][1][safepoint    ] Safepoint "Cleanup", Time since last: 1000517882 ns, Reaching safepoint: 104365 ns, At safepoint: 15432 ns, Total: 119797 ns
[2020-02-26T10:04:32.093+0000][1][safepoint    ] Safepoint "RevokeBias", Time since last: 504250780 ns, Reaching safepoint: 69614 ns, At safepoint: 18513 ns, Total: 88127 ns
[2020-02-26T10:04:33.093+0000][1][safepoint    ] Safepoint "Cleanup", Time since last: 1000557789 ns, Reaching safepoint: 77906 ns, At safepoint: 8919 ns, Total: 86825 ns
[2020-02-26T10:04:34.094+0000][1][safepoint    ] Safepoint "Cleanup", Time since last: 1000963681 ns, Reaching safepoint: 79084 ns, At safepoint: 9579 ns, Total: 88663 ns
[2020-02-26T10:04:34.597+0000][1][safepoint    ] Safepoint "RevokeBias", Time since last: 502247561 ns, Reaching safepoint: 111879 ns, At safepoint: 31547 ns, Total: 143426 ns
[2020-02-26T10:04:35.598+0000][1][safepoint    ] Safepoint "Cleanup", Time since last: 1001158188 ns, Reaching safepoint: 72073 ns, At safepoint: 8080 ns, Total: 80153 ns
[2020-02-26T10:04:36.599+0000][1][safepoint    ] Safepoint "Cleanup", Time since last: 1000346515 ns, Reaching safepoint: 108573 ns, At safepoint: 10527 ns, Total: 119100 ns
[2020-02-26T10:04:37.104+0000][1][safepoint    ] Safepoint "RevokeBias", Time since last: 505383175 ns, Reaching safepoint: 73137 ns, At safepoint: 20548 ns, Total: 93685 ns
[2020-02-26T10:04:38.730+0000][1][safepoint    ] Safepoint "Cleanup", Time since last: 1626203446 ns, Reaching safepoint: 103920 ns, At safepoint: 9309 ns, Total: 113229 ns
[2020-02-26T10:04:39.607+0000][1][safepoint    ] Safepoint "RevokeBias", Time since last: 876756327 ns, Reaching safepoint: 69675 ns, At safepoint: 45989 ns, Total: 115664 ns
[2020-02-26T10:04:40.608+0000][1][safepoint    ] Safepoint "Cleanup", Time since last: 1000634011 ns, Reaching safepoint: 77950 ns, At safepoint: 9460 ns, Total: 87410 ns
[2020-02-26T10:04:41.609+0000][1][safepoint    ] Safepoint "Cleanup", Time since last: 1000728526 ns, Reaching safepoint: 78324 ns, At safepoint: 9487 ns, Total: 87811 ns
[2020-02-26T10:04:42.113+0000][1][safepoint    ] Safepoint "RevokeBias", Time since last: 504177201 ns, Reaching safepoint: 73306 ns, At safepoint: 19826 ns, Total: 93132 ns
[2020-02-26T10:04:43.118+0000][1][safepoint    ] Safepoint "Cleanup", Time since last: 1004997060 ns, Reaching safepoint: 95394 ns, At safepoint: 9464 ns, Total: 104858 ns
[2020-02-26T10:04:44.119+0000][1][safepoint    ] Safepoint "Cleanup", Time since last: 1000715461 ns, Reaching safepoint: 132756 ns, At safepoint: 9061 ns, Total: 141817 ns
[2020-02-26T10:04:44.617+0000][1][safepoint    ] Safepoint "RevokeBias", Time since last: 498194046 ns, Reaching safepoint: 72589 ns, At safepoint: 20727 ns, Total: 93316 ns
[2020-02-26T10:04:45.618+0000][1][safepoint    ] Safepoint "Cleanup", Time since last: 1000324104 ns, Reaching safepoint: 77258 ns, At safepoint: 9858 ns, Total: 87116 ns
[2020-02-26T10:04:46.618+0000][1][safepoint    ] Safepoint "Cleanup", Time since last: 1000367981 ns, Reaching safepoint: 79778 ns, At safepoint: 9378 ns, Total: 89156 ns
[2020-02-26T10:04:47.123+0000][1][safepoint    ] Safepoint "RevokeBias", Time since last: 505215114 ns, Reaching safepoint: 73653 ns, At safepoint: 20187 ns, Total: 93840 ns
[2020-02-26T10:04:48.124+0000][1][safepoint    ] Safepoint "Cleanup", Time since last: 1000747702 ns, Reaching safepoint: 79242 ns, At safepoint: 9495 ns, Total: 88737 ns
[2020-02-26T10:04:49.127+0000][1][safepoint    ] Safepoint "Cleanup", Time since last: 1003087378 ns, Reaching safepoint: 102308 ns, At safepoint: 9358 ns, Total: 111666 ns
[2020-02-26T10:04:49.629+0000][1][safepoint    ] Safepoint "RevokeBias", Time since last: 501211153 ns, Reaching safepoint: 91749 ns, At safepoint: 50513 ns, Total: 142262 ns
[2020-02-26T10:04:50.629+0000][1][safepoint    ] Safepoint "Cleanup", Time since last: 1000290349 ns, Reaching safepoint: 94831 ns, At safepoint: 9182 ns, Total: 104013 ns
[2020-02-26T10:04:51.630+0000][1][safepoint    ] Safepoint "Cleanup", Time since last: 1000282848 ns, Reaching safepoint: 84468 ns, At safepoint: 9273 ns, Total: 93741 ns
[2020-02-26T10:04:52.135+0000][1][safepoint    ] Safepoint "RevokeBias", Time since last: 505606746 ns, Reaching safepoint: 93040 ns, At safepoint: 37805 ns, Total: 130845 ns
[2020-02-26T10:04:53.136+0000][1][safepoint    ] Safepoint "Cleanup", Time since last: 1000314261 ns, Reaching safepoint: 75821 ns, At safepoint: 22140 ns, Total: 97961 ns
[2020-02-26T10:04:54.140+0000][1][safepoint    ] Safepoint "Cleanup", Time since last: 1004430039 ns, Reaching safepoint: 94495 ns, At safepoint: 9040 ns, Total: 103535 ns
[2020-02-26T10:04:54.648+0000][1][safepoint    ] Safepoint "RevokeBias", Time since last: 507638688 ns, Reaching safepoint: 72335 ns, At safepoint: 20258 ns, Total: 92593 ns
[2020-02-26T10:04:55.649+0000][1][safepoint    ] Safepoint "Cleanup", Time since last: 1000473980 ns, Reaching safepoint: 197268 ns, At safepoint: 15069 ns, Total: 212337 ns
[2020-02-26T10:04:56.649+0000][1][safepoint    ] Safepoint "Cleanup", Time since last: 1000618130 ns, Reaching safepoint: 78041 ns, At safepoint: 10242 ns, Total: 88283 ns
[2020-02-26T10:04:57.160+0000][1][safepoint    ] Safepoint "RevokeBias", Time since last: 510411464 ns, Reaching safepoint: 80484 ns, At safepoint: 21108 ns, Total: 101592 ns
[2020-02-26T10:04:58.160+0000][1][safepoint    ] Safepoint "Cleanup", Time since last: 1000254796 ns, Reaching safepoint: 90855 ns, At safepoint: 9052 ns, Total: 99907 ns
[2020-02-26T10:04:59.165+0000][1][safepoint    ] Safepoint "Cleanup", Time since last: 1004710381 ns, Reaching safepoint: 143633 ns, At safepoint: 12226 ns, Total: 155859 ns
[2020-02-26T10:04:59.670+0000][1][safepoint    ] Safepoint "RevokeBias", Time since last: 504913757 ns, Reaching safepoint: 200737 ns, At safepoint: 34505 ns, Total: 235242 ns
[2020-02-26T10:05:00.671+0000][1][safepoint    ] Safepoint "Cleanup", Time since last: 1000249368 ns, Reaching safepoint: 76424 ns, At safepoint: 9073 ns, Total: 85497 ns
[2020-02-26T10:05:01.671+0000][1][safepoint    ] Safepoint "Cleanup", Time since last: 1000180806 ns, Reaching safepoint: 75633 ns, At safepoint: 8980 ns, Total: 84613 ns
[2020-02-26T10:05:02.182+0000][1][safepoint    ] Safepoint "RevokeBias", Time since last: 510694298 ns, Reaching safepoint: 56115 ns, At safepoint: 18171 ns, Total: 74286 ns
[2020-02-26T10:05:03.182+0000][1][safepoint    ] Safepoint "Cleanup", Time since last: 1000525773 ns, Reaching safepoint: 77404 ns, At safepoint: 8612 ns, Total: 86016 ns
[2020-02-26T10:05:04.182+0000][1][safepoint    ] Safepoint "Cleanup", Time since last: 1000162907 ns, Reaching safepoint: 79355 ns, At safepoint: 9237 ns, Total: 88592 ns
[2020-02-26T10:05:04.696+0000][1][safepoint    ] Safepoint "RevokeBias", Time since last: 512906145 ns, Reaching safepoint: 140270 ns, At safepoint: 21793 ns, Total: 162063 ns
[2020-02-26T10:05:05.696+0000][1][safepoint    ] Safepoint "Cleanup", Time since last: 1000761296 ns, Reaching safepoint: 77772 ns, At safepoint: 9060 ns, Total: 86832 ns
[2020-02-26T10:05:06.697+0000][1][safepoint    ] Safepoint "Cleanup", Time since last: 1000392211 ns, Reaching safepoint: 78264 ns, At safepoint: 10261 ns, Total: 88525 ns
[2020-02-26T10:05:07.209+0000][1][safepoint    ] Safepoint "RevokeBias", Time since last: 511714337 ns, Reaching safepoint: 161548 ns, At safepoint: 31807 ns, Total: 193355 ns
[2020-02-26T10:05:08.209+0000][1][safepoint    ] Safepoint "Cleanup", Time since last: 1000454049 ns, Reaching safepoint: 113301 ns, At safepoint: 11626 ns, Total: 124927 ns
[2020-02-26T10:05:09.210+0000][1][safepoint    ] Safepoint "Cleanup", Time since last: 1000845668 ns, Reaching safepoint: 75317 ns, At safepoint: 9057 ns, Total: 84374 ns
[2020-02-26T10:05:09.714+0000][1][safepoint    ] Safepoint "RevokeBias", Time since last: 503603318 ns, Reaching safepoint: 70418 ns, At safepoint: 19509 ns, Total: 89927 ns
[2020-02-26T10:05:10.715+0000][1][safepoint    ] Safepoint "Cleanup", Time since last: 1000995994 ns, Reaching safepoint: 131602 ns, At safepoint: 12750 ns, Total: 144352 ns
[2020-02-26T10:05:11.716+0000][1][safepoint    ] Safepoint "Cleanup", Time since last: 1000664329 ns, Reaching safepoint: 75750 ns, At safepoint: 7797 ns, Total: 83547 ns
[2020-02-26T10:05:12.220+0000][1][safepoint    ] Safepoint "RevokeBias", Time since last: 504331955 ns, Reaching safepoint: 152077 ns, At safepoint: 58389 ns, Total: 210466 ns
[2020-02-26T10:05:13.221+0000][1][safepoint    ] Safepoint "Cleanup", Time since last: 1000623832 ns, Reaching safepoint: 77176 ns, At safepoint: 8666 ns, Total: 85842 ns
[2020-02-26T10:05:14.222+0000][1][safepoint    ] Safepoint "Cleanup", Time since last: 1000494926 ns, Reaching safepoint: 96477 ns, At safepoint: 9201 ns, Total: 105678 ns
[2020-02-26T10:05:14.724+0000][1][safepoint    ] Safepoint "RevokeBias", Time since last: 502276730 ns, Reaching safepoint: 54556 ns, At safepoint: 18635 ns, Total: 73191 ns
[2020-02-26T10:05:15.725+0000][1][safepoint    ] Safepoint "Cleanup", Time since last: 1000371793 ns, Reaching safepoint: 108162 ns, At safepoint: 10757 ns, Total: 118919 ns
[2020-02-26T10:05:16.726+0000][1][safepoint    ] Safepoint "Cleanup", Time since last: 1000772048 ns, Reaching safepoint: 134851 ns, At safepoint: 12907 ns, Total: 147758 ns
[2020-02-26T10:05:17.232+0000][1][safepoint    ] Safepoint "RevokeBias", Time since last: 506212050 ns, Reaching safepoint: 121048 ns, At safepoint: 32632 ns, Total: 153680 ns
[2020-02-26T10:05:18.232+0000][1][safepoint    ] Safepoint "Cleanup", Time since last: 1000197159 ns, Reaching safepoint: 79679 ns, At safepoint: 9603 ns, Total: 89282 ns
[2020-02-26T10:05:19.355+0000][1][safepoint    ] Safepoint "Cleanup", Time since last: 1122822787 ns, Reaching safepoint: 93628 ns, At safepoint: 9496 ns, Total: 103124 ns
[2020-02-26T10:05:19.737+0000][1][safepoint    ] Safepoint "RevokeBias", Time since last: 381362066 ns, Reaching safepoint: 71625 ns, At safepoint: 20115 ns, Total: 91740 ns
[2020-02-26T10:05:20.740+0000][1][safepoint    ] Safepoint "Cleanup", Time since last: 1003598533 ns, Reaching safepoint: 93991 ns, At safepoint: 9005 ns, Total: 102996 ns
[2020-02-26T10:05:21.741+0000][1][safepoint    ] Safepoint "Cleanup", Time since last: 1000403704 ns, Reaching safepoint: 74921 ns, At safepoint: 8883 ns, Total: 83804 ns
[2020-02-26T10:05:22.243+0000][1][safepoint    ] Safepoint "RevokeBias", Time since last: 502546751 ns, Reaching safepoint: 116687 ns, At safepoint: 29702 ns, Total: 146389 ns
[2020-02-26T10:05:23.245+0000][1][safepoint    ] Safepoint "Cleanup", Time since last: 1000909993 ns, Reaching safepoint: 146502 ns, At safepoint: 12380 ns, Total: 158882 ns
[2020-02-26T10:05:24.246+0000][1][safepoint    ] Safepoint "Cleanup", Time since last: 1000971270 ns, Reaching safepoint: 92874 ns, At safepoint: 9886 ns, Total: 102760 ns
[2020-02-26T10:05:24.748+0000][1][safepoint    ] Safepoint "RevokeBias", Time since last: 502782344 ns, Reaching safepoint: 71599 ns, At safepoint: 19322 ns, Total: 90921 ns
[2020-02-26T10:05:25.749+0000][1][safepoint    ] Safepoint "Cleanup", Time since last: 1000903682 ns, Reaching safepoint: 78096 ns, At safepoint: 9829 ns, Total: 87925 ns
[2020-02-26T10:05:26.750+0000][1][safepoint    ] Safepoint "Cleanup", Time since last: 1000960412 ns, Reaching safepoint: 74965 ns, At safepoint: 8378 ns, Total: 83343 ns
[2020-02-26T10:05:27.255+0000][1][safepoint    ] Safepoint "RevokeBias", Time since last: 504475284 ns, Reaching safepoint: 72129 ns, At safepoint: 19987 ns, Total: 92116 ns
[2020-02-26T10:05:28.256+0000][1][safepoint    ] Safepoint "Cleanup", Time since last: 1000341128 ns, Reaching safepoint: 196064 ns, At safepoint: 31390 ns, Total: 227454 ns
[2020-02-26T10:05:29.256+0000][1][safepoint    ] Safepoint "Cleanup", Time since last: 1000512558 ns, Reaching safepoint: 132185 ns, At safepoint: 12605 ns, Total: 144790 ns
[2020-02-26T10:05:29.761+0000][1][safepoint    ] Safepoint "RevokeBias", Time since last: 504889890 ns, Reaching safepoint: 89949 ns, At safepoint: 20750 ns, Total: 110699 ns
[2020-02-26T10:05:30.762+0000][1][safepoint    ] Safepoint "Cleanup", Time since last: 1000265469 ns, Reaching safepoint: 74598 ns, At safepoint: 8757 ns, Total: 83355 ns
[2020-02-26T10:05:31.766+0000][1][safepoint    ] Safepoint "Cleanup", Time since last: 1003996169 ns, Reaching safepoint: 83172 ns, At safepoint: 9763 ns, Total: 92935 ns
[2020-02-26T10:05:32.267+0000][1][safepoint    ] Safepoint "RevokeBias", Time since last: 501361404 ns, Reaching safepoint: 54110 ns, At safepoint: 17509 ns, Total: 71619 ns
[2020-02-26T10:05:33.268+0000][1][safepoint    ] Safepoint "Cleanup", Time since last: 1000655457 ns, Reaching safepoint: 90892 ns, At safepoint: 9388 ns, Total: 100280 ns
[2020-02-26T10:05:34.268+0000][1][safepoint    ] Safepoint "Cleanup", Time since last: 1000376141 ns, Reaching safepoint: 84062 ns, At safepoint: 10292 ns, Total: 94354 ns
[2020-02-26T10:05:34.771+0000][1][safepoint    ] Safepoint "RevokeBias", Time since last: 502047640 ns, Reaching safepoint: 74263 ns, At safepoint: 37689 ns, Total: 111952 ns
[2020-02-26T10:05:35.771+0000][1][safepoint    ] Safepoint "Cleanup", Time since last: 1000714991 ns, Reaching safepoint: 188818 ns, At safepoint: 28502 ns, Total: 217320 ns
[2020-02-26T10:05:36.773+0000][1][safepoint    ] Safepoint "Cleanup", Time since last: 1001959514 ns, Reaching safepoint: 75463 ns, At safepoint: 7777 ns, Total: 83240 ns
[2020-02-26T10:05:37.284+0000][1][safepoint    ] Safepoint "RevokeBias", Time since last: 509970332 ns, Reaching safepoint: 177886 ns, At safepoint: 29102 ns, Total: 206988 ns
[2020-02-26T10:05:38.284+0000][1][safepoint    ] Safepoint "Cleanup", Time since last: 1000445637 ns, Reaching safepoint: 92424 ns, At safepoint: 9095 ns, Total: 101519 ns
[2020-02-26T10:05:39.285+0000][1][safepoint    ] Safepoint "Cleanup", Time since last: 1001177591 ns, Reaching safepoint: 77014 ns, At safepoint: 8796 ns, Total: 85810 ns
[2020-02-26T10:05:39.794+0000][1][safepoint    ] Safepoint "RevokeBias", Time since last: 508886981 ns, Reaching safepoint: 77805 ns, At safepoint: 21403 ns, Total: 99208 ns
[2020-02-26T10:05:40.961+0000][1][safepoint    ] Safepoint "Cleanup", Time since last: 1166603061 ns, Reaching safepoint: 83869 ns, At safepoint: 10200 ns, Total: 94069 ns
[2020-02-26T10:05:41.967+0000][1][safepoint    ] Safepoint "Cleanup", Time since last: 1005538468 ns, Reaching safepoint: 95643 ns, At safepoint: 10005 ns, Total: 105648 ns
[2020-02-26T10:05:42.315+0000][1][safepoint    ] Safepoint "BulkRevokeBias", Time since last: 347393786 ns, Reaching safepoint: 73022 ns, At safepoint: 267296 ns, Total: 340318 ns
[2020-02-26T10:05:43.315+0000][1][safepoint    ] Safepoint "Cleanup", Time since last: 1000693433 ns, Reaching safepoint: 70839 ns, At safepoint: 28584 ns, Total: 99423 ns
[2020-02-26T10:05:44.316+0000][1][safepoint    ] Safepoint "Cleanup", Time since last: 1000721959 ns, Reaching safepoint: 109191 ns, At safepoint: 11285 ns, Total: 120476 ns
[2020-02-26T10:05:44.824+0000][1][safepoint    ] Safepoint "RevokeBias", Time since last: 507403676 ns, Reaching safepoint: 87375 ns, At safepoint: 19892 ns, Total: 107267 ns
[2020-02-26T10:05:45.824+0000][1][safepoint    ] Safepoint "Cleanup", Time since last: 1000244191 ns, Reaching safepoint: 124453 ns, At safepoint: 13065 ns, Total: 137518 ns
[2020-02-26T10:05:46.825+0000][1][safepoint    ] Safepoint "Cleanup", Time since last: 1000755710 ns, Reaching safepoint: 89861 ns, At safepoint: 7788 ns, Total: 97649 ns
[2020-02-26T10:05:47.343+0000][1][safepoint    ] Safepoint "RevokeBias", Time since last: 517775361 ns, Reaching safepoint: 149836 ns, At safepoint: 21508 ns, Total: 171344 ns
[2020-02-26T10:05:48.351+0000][1][safepoint    ] Safepoint "Cleanup", Time since last: 1007560880 ns, Reaching safepoint: 773053 ns, At safepoint: 10751 ns, Total: 783804 ns
[2020-02-26T10:05:49.352+0000][1][safepoint    ] Safepoint "Cleanup", Time since last: 1000708069 ns, Reaching safepoint: 78505 ns, At safepoint: 9486 ns, Total: 87991 ns
[2020-02-26T10:05:49.862+0000][1][safepoint    ] Safepoint "RevokeBias", Time since last: 508713753 ns, Reaching safepoint: 1278642 ns, At safepoint: 28894 ns, Total: 1307536 ns
[2020-02-26T10:05:50.863+0000][1][safepoint    ] Safepoint "Cleanup", Time since last: 1000627933 ns, Reaching safepoint: 264558 ns, At safepoint: 29631 ns, Total: 294189 ns
[2020-02-26T10:05:51.863+0000][1][safepoint    ] Safepoint "Cleanup", Time since last: 1000351385 ns, Reaching safepoint: 83419 ns, At safepoint: 10155 ns, Total: 93574 ns
[2020-02-26T10:05:52.367+0000][1][safepoint    ] Safepoint "RevokeBias", Time since last: 503607471 ns, Reaching safepoint: 183389 ns, At safepoint: 22856 ns, Total: 206245 ns
[2020-02-26T10:05:53.373+0000][1][safepoint    ] Safepoint "Cleanup", Time since last: 1005684287 ns, Reaching safepoint: 91321 ns, At safepoint: 8860 ns, Total: 100181 ns
[2020-02-26T10:05:54.374+0000][1][safepoint    ] Safepoint "Cleanup", Time since last: 1000664669 ns, Reaching safepoint: 123448 ns, At safepoint: 10030 ns, Total: 133478 ns
[2020-02-26T10:05:54.869+0000][1][safepoint    ] Safepoint "RevokeBias", Time since last: 495319883 ns, Reaching safepoint: 182798 ns, At safepoint: 44872 ns, Total: 227670 ns
[2020-02-26T10:05:55.870+0000][1][safepoint    ] Safepoint "Cleanup", Time since last: 1000238849 ns, Reaching safepoint: 123660 ns, At safepoint: 10026 ns, Total: 133686 ns
[2020-02-26T10:05:56.870+0000][1][safepoint    ] Safepoint "Cleanup", Time since last: 1000435708 ns, Reaching safepoint: 77831 ns, At safepoint: 10178 ns, Total: 88009 ns
[2020-02-26T10:05:57.376+0000][1][safepoint    ] Safepoint "RevokeBias", Time since last: 505877977 ns, Reaching safepoint: 69618 ns, At safepoint: 19706 ns, Total: 89324 ns
[2020-02-26T10:05:58.378+0000][1][safepoint    ] Safepoint "Cleanup", Time since last: 1001421040 ns, Reaching safepoint: 111183 ns, At safepoint: 9107 ns, Total: 120290 ns
[2020-02-26T10:05:59.378+0000][1][safepoint    ] Safepoint "Cleanup", Time since last: 1000370569 ns, Reaching safepoint: 84922 ns, At safepoint: 9474 ns, Total: 94396 ns
[2020-02-26T10:05:59.888+0000][1][safepoint    ] Safepoint "RevokeBias", Time since last: 509472188 ns, Reaching safepoint: 71152 ns, At safepoint: 19418 ns, Total: 90570 ns
[2020-02-26T10:06:00.889+0000][1][safepoint    ] Safepoint "Cleanup", Time since last: 1000721639 ns, Reaching safepoint: 79194 ns, At safepoint: 8750 ns, Total: 87944 ns
[2020-02-26T10:06:01.889+0000][1][safepoint    ] Safepoint "Cleanup", Time since last: 1000298266 ns, Reaching safepoint: 76752 ns, At safepoint: 9772 ns, Total: 86524 ns
[2020-02-26T10:06:02.393+0000][1][safepoint    ] Safepoint "RevokeBias", Time since last: 503522486 ns, Reaching safepoint: 71017 ns, At safepoint: 18843 ns, Total: 89860 ns
[2020-02-26T10:06:03.403+0000][1][safepoint    ] Safepoint "Cleanup", Time since last: 1009829661 ns, Reaching safepoint: 76156 ns, At safepoint: 8448 ns, Total: 84604 ns
[2020-02-26T10:06:04.403+0000][1][safepoint    ] Safepoint "Cleanup", Time since last: 1000287722 ns, Reaching safepoint: 78649 ns, At safepoint: 8963 ns, Total: 87612 ns
[2020-02-26T10:06:04.898+0000][1][safepoint    ] Safepoint "RevokeBias", Time since last: 495096975 ns, Reaching safepoint: 178683 ns, At safepoint: 53418 ns, Total: 232101 ns
[2020-02-26T10:06:05.899+0000][1][safepoint    ] Safepoint "Cleanup", Time since last: 1000808824 ns, Reaching safepoint: 77869 ns, At safepoint: 9515 ns, Total: 87384 ns
[2020-02-26T10:06:06.899+0000][1][safepoint    ] Safepoint "Cleanup", Time since last: 1000158143 ns, Reaching safepoint: 76974 ns, At safepoint: 8334 ns, Total: 85308 ns
[2020-02-26T10:06:07.403+0000][1][safepoint    ] Safepoint "RevokeBias", Time since last: 503829227 ns, Reaching safepoint: 79187 ns, At safepoint: 19528 ns, Total: 98715 ns
[2020-02-26T10:06:08.404+0000][1][safepoint    ] Safepoint "Cleanup", Time since last: 1000853961 ns, Reaching safepoint: 78014 ns, At safepoint: 8801 ns, Total: 86815 ns
[2020-02-26T10:06:09.413+0000][1][safepoint    ] Safepoint "Cleanup", Time since last: 1009002273 ns, Reaching safepoint: 115907 ns, At safepoint: 10318 ns, Total: 126225 ns
[2020-02-26T10:06:09.907+0000][1][safepoint    ] Safepoint "RevokeBias", Time since last: 493675787 ns, Reaching safepoint: 70405 ns, At safepoint: 19198 ns, Total: 89603 ns
[2020-02-26T10:06:10.908+0000][1][safepoint    ] Safepoint "Cleanup", Time since last: 1001247313 ns, Reaching safepoint: 74790 ns, At safepoint: 8844 ns, Total: 83634 ns
[2020-02-26T10:06:11.909+0000][1][safepoint    ] Safepoint "Cleanup", Time since last: 1000911430 ns, Reaching safepoint: 79509 ns, At safepoint: 9190 ns, Total: 88699 ns
[2020-02-26T10:06:12.413+0000][1][safepoint    ] Safepoint "RevokeBias", Time since last: 503352630 ns, Reaching safepoint: 87391 ns, At safepoint: 19088 ns, Total: 106479 ns
[2020-02-26T10:06:13.414+0000][1][safepoint    ] Safepoint "Cleanup", Time since last: 1001146837 ns, Reaching safepoint: 118780 ns, At safepoint: 13549 ns, Total: 132329 ns
[2020-02-26T10:06:14.420+0000][1][safepoint    ] Safepoint "Cleanup", Time since last: 1005632843 ns, Reaching safepoint: 120674 ns, At safepoint: 10038 ns, Total: 130712 ns
[2020-02-26T10:06:14.917+0000][1][safepoint    ] Safepoint "RevokeBias", Time since last: 496558356 ns, Reaching safepoint: 76371 ns, At safepoint: 20080 ns, Total: 96451 ns
[2020-02-26T10:06:15.917+0000][1][safepoint    ] Safepoint "Cleanup", Time since last: 1000395480 ns, Reaching safepoint: 75747 ns, At safepoint: 10406 ns, Total: 86153 ns
[2020-02-26T10:06:16.918+0000][1][safepoint    ] Safepoint "Cleanup", Time since last: 1000430591 ns, Reaching safepoint: 92735 ns, At safepoint: 8841 ns, Total: 101576 ns
[2020-02-26T10:06:17.421+0000][1][safepoint    ] Safepoint "RevokeBias", Time since last: 503326277 ns, Reaching safepoint: 70807 ns, At safepoint: 19602 ns, Total: 90409 ns
[2020-02-26T10:06:18.423+0000][1][safepoint    ] Safepoint "Cleanup", Time since last: 1001256373 ns, Reaching safepoint: 721865 ns, At safepoint: 10535 ns, Total: 732400 ns
[2020-02-26T10:06:19.454+0000][1][safepoint    ] Safepoint "Cleanup", Time since last: 1030437756 ns, Reaching safepoint: 93466 ns, At safepoint: 8802 ns, Total: 102268 ns
[2020-02-26T10:06:19.934+0000][1][safepoint    ] Safepoint "RevokeBias", Time since last: 480073675 ns, Reaching safepoint: 72327 ns, At safepoint: 20115 ns, Total: 92442 ns
[2020-02-26T10:06:20.935+0000][1][safepoint    ] Safepoint "Cleanup", Time since last: 1000738736 ns, Reaching safepoint: 101802 ns, At safepoint: 10267 ns, Total: 112069 ns
[2020-02-26T10:06:21.935+0000][1][safepoint    ] Safepoint "Cleanup", Time since last: 1000781027 ns, Reaching safepoint: 82246 ns, At safepoint: 9797 ns, Total: 92043 ns
[2020-02-26T10:06:22.443+0000][1][gc,start     ] GC(71) Pause Young (Allocation Failure)
[2020-02-26T10:06:22.443+0000][1][gc,task      ] GC(71) Using 1 workers of 1 for evacuation
[2020-02-26T10:06:22.454+0000][1][gc,age       ] GC(71) Desired survivor size 4358144 bytes, new threshold 6 (max threshold 6)
[2020-02-26T10:06:22.454+0000][1][gc,age       ] GC(71) Age table with threshold 6 (max threshold 6)
[2020-02-26T10:06:22.454+0000][1][gc,age       ] GC(71) - age   1:      11216 bytes,      11216 total
[2020-02-26T10:06:22.454+0000][1][gc,age       ] GC(71) - age   2:        880 bytes,      12096 total
[2020-02-26T10:06:22.454+0000][1][gc,age       ] GC(71) - age   3:       1008 bytes,      13104 total
[2020-02-26T10:06:22.454+0000][1][gc,age       ] GC(71) - age   4:         56 bytes,      13160 total
[2020-02-26T10:06:22.454+0000][1][gc,age       ] GC(71) - age   5:        600 bytes,      13760 total
[2020-02-26T10:06:22.454+0000][1][gc,age       ] GC(71) - age   6:        576 bytes,      14336 total
[2020-02-26T10:06:22.454+0000][1][gc,heap      ] GC(71) ParNew: 68142K->15K(76672K)
[2020-02-26T10:06:22.454+0000][1][gc,heap      ] GC(71) CMS: 62660K->62660K(963392K)
[2020-02-26T10:06:22.454+0000][1][gc,metaspace ] GC(71) Metaspace: 79810K->79810K(1122304K)
[2020-02-26T10:06:22.454+0000][1][gc           ] GC(71) Pause Young (Allocation Failure) 127M->61M(1015M) 11.459ms
[2020-02-26T10:06:22.454+0000][1][gc,cpu       ] GC(71) User=0.01s Sys=0.00s Real=0.01s
[2020-02-26T10:06:22.454+0000][1][safepoint    ] Safepoint "GenCollectForAllocation", Time since last: 507342960 ns, Reaching safepoint: 71095 ns, At safepoint: 11519335 ns, Total: 11590430 ns
[2020-02-26T10:06:22.456+0000][1][safepoint    ] Safepoint "RevokeBias", Time since last: 1495223 ns, Reaching safepoint: 70431 ns, At safepoint: 19576 ns, Total: 90007 ns
[2020-02-26T10:06:23.456+0000][1][safepoint    ] Safepoint "Cleanup", Time since last: 1000126719 ns, Reaching safepoint: 92879 ns, At safepoint: 8769 ns, Total: 101648 ns
[2020-02-26T10:06:24.460+0000][1][safepoint    ] Safepoint "Cleanup", Time since last: 1003249754 ns, Reaching safepoint: 70691 ns, At safepoint: 7077 ns, Total: 77768 ns
[2020-02-26T10:06:24.974+0000][1][safepoint    ] Safepoint "RevokeBias", Time since last: 514591688 ns, Reaching safepoint: 239738 ns, At safepoint: 48367 ns, Total: 288105 ns
[2020-02-26T10:06:25.975+0000][1][safepoint    ] Safepoint "Cleanup", Time since last: 1000354244 ns, Reaching safepoint: 90419 ns, At safepoint: 8271 ns, Total: 98690 ns
[2020-02-26T10:06:26.976+0000][1][safepoint    ] Safepoint "Cleanup", Time since last: 1000919825 ns, Reaching safepoint: 100012 ns, At safepoint: 9198 ns, Total: 109210 ns
[2020-02-26T10:06:27.483+0000][1][safepoint    ] Safepoint "RevokeBias", Time since last: 506532934 ns, Reaching safepoint: 74484 ns, At safepoint: 21115 ns, Total: 95599 ns
[2020-02-26T10:06:28.483+0000][1][safepoint    ] Safepoint "Cleanup", Time since last: 1000198038 ns, Reaching safepoint: 115024 ns, At safepoint: 12220 ns, Total: 127244 ns
[2020-02-26T10:06:29.484+0000][1][safepoint    ] Safepoint "Cleanup", Time since last: 1000724490 ns, Reaching safepoint: 92130 ns, At safepoint: 9713 ns, Total: 101843 ns
[2020-02-26T10:06:29.996+0000][1][safepoint    ] Safepoint "RevokeBias", Time since last: 511906707 ns, Reaching safepoint: 75429 ns, At safepoint: 19717 ns, Total: 95146 ns
[2020-02-26T10:06:30.996+0000][1][safepoint    ] Safepoint "Cleanup", Time since last: 1000337369 ns, Reaching safepoint: 117819 ns, At safepoint: 14419 ns, Total: 132238 ns
[2020-02-26T10:06:31.997+0000][1][safepoint    ] Safepoint "Cleanup", Time since last: 1000967138 ns, Reaching safepoint: 77972 ns, At safepoint: 10697 ns, Total: 88669 ns
[2020-02-26T10:06:32.511+0000][1][safepoint    ] Safepoint "RevokeBias", Time since last: 513659424 ns, Reaching safepoint: 81725 ns, At safepoint: 23497 ns, Total: 105222 ns
[2020-02-26T10:06:33.512+0000][1][safepoint    ] Safepoint "Cleanup", Time since last: 1001057761 ns, Reaching safepoint: 142150 ns, At safepoint: 9922 ns, Total: 152072 ns
[2020-02-26T10:06:34.513+0000][1][safepoint    ] Safepoint "Cleanup", Time since last: 1001187350 ns, Reaching safepoint: 123075 ns, At safepoint: 13273 ns, Total: 136348 ns
[2020-02-26T10:06:35.013+0000][1][safepoint    ] Safepoint "RevokeBias", Time since last: 499601254 ns, Reaching safepoint: 71666 ns, At safepoint: 21612 ns, Total: 93278 ns
[2020-02-26T10:06:36.014+0000][1][safepoint    ] Safepoint "Cleanup", Time since last: 1000927303 ns, Reaching safepoint: 114932 ns, At safepoint: 11265 ns, Total: 126197 ns
[2020-02-26T10:06:37.015+0000][1][safepoint    ] Safepoint "Cleanup", Time since last: 1000645179 ns, Reaching safepoint: 74440 ns, At safepoint: 8657 ns, Total: 83097 ns
[2020-02-26T10:06:37.519+0000][1][safepoint    ] Safepoint "RevokeBias", Time since last: 503988718 ns, Reaching safepoint: 70534 ns, At safepoint: 19749 ns, Total: 90283 ns
[2020-02-26T10:06:38.520+0000][1][safepoint    ] Safepoint "Cleanup", Time since last: 1000585207 ns, Reaching safepoint: 85276 ns, At safepoint: 32301 ns, Total: 117577 ns
[2020-02-26T10:06:39.520+0000][1][safepoint    ] Safepoint "Cleanup", Time since last: 1000253598 ns, Reaching safepoint: 60571 ns, At safepoint: 9267 ns, Total: 69838 ns
[2020-02-26T10:06:40.022+0000][1][safepoint    ] Safepoint "RevokeBias", Time since last: 501925580 ns, Reaching safepoint: 72599 ns, At safepoint: 19654 ns, Total: 92253 ns
[2020-02-26T10:06:41.024+0000][1][safepoint    ] Safepoint "Cleanup", Time since last: 1002189040 ns, Reaching safepoint: 166395 ns, At safepoint: 9474 ns, Total: 175869 ns
[2020-02-26T10:06:42.025+0000][1][safepoint    ] Safepoint "Cleanup", Time since last: 1000379282 ns, Reaching safepoint: 78289 ns, At safepoint: 9831 ns, Total: 88120 ns
[2020-02-26T10:06:42.526+0000][1][safepoint    ] Safepoint "RevokeBias", Time since last: 501237853 ns, Reaching safepoint: 72163 ns, At safepoint: 20022 ns, Total: 92185 ns
[2020-02-26T10:06:43.527+0000][1][safepoint    ] Safepoint "Cleanup", Time since last: 1000406287 ns, Reaching safepoint: 98436 ns, At safepoint: 8477 ns, Total: 106913 ns
[2020-02-26T10:06:44.527+0000][1][safepoint    ] Safepoint "Cleanup", Time since last: 1000251722 ns, Reaching safepoint: 77191 ns, At safepoint: 9315 ns, Total: 86506 ns
[2020-02-26T10:06:45.029+0000][1][safepoint    ] Safepoint "RevokeBias", Time since last: 502170993 ns, Reaching safepoint: 74976 ns, At safepoint: 19725 ns, Total: 94701 ns
[2020-02-26T10:06:46.038+0000][1][safepoint    ] Safepoint "Cleanup", Time since last: 1008573478 ns, Reaching safepoint: 96567 ns, At safepoint: 28602 ns, Total: 125169 ns
[2020-02-26T10:06:47.038+0000][1][safepoint    ] Safepoint "Cleanup", Time since last: 1000246559 ns, Reaching safepoint: 80048 ns, At safepoint: 9285 ns, Total: 89333 ns
[2020-02-26T10:06:47.534+0000][1][safepoint    ] Safepoint "RevokeBias", Time since last: 495407544 ns, Reaching safepoint: 71081 ns, At safepoint: 18660 ns, Total: 89741 ns
[2020-02-26T10:06:48.535+0000][1][safepoint    ] Safepoint "Cleanup", Time since last: 1000619623 ns, Reaching safepoint: 77527 ns, At safepoint: 9793 ns, Total: 87320 ns
[2020-02-26T10:06:49.535+0000][1][safepoint    ] Safepoint "Cleanup", Time since last: 1000404511 ns, Reaching safepoint: 78242 ns, At safepoint: 9905 ns, Total: 88147 ns
[2020-02-26T10:06:50.039+0000][1][safepoint    ] Safepoint "RevokeBias", Time since last: 503500981 ns, Reaching safepoint: 92545 ns, At safepoint: 20892 ns, Total: 113437 ns
[2020-02-26T10:06:51.041+0000][1][safepoint    ] Safepoint "Cleanup", Time since last: 1002283773 ns, Reaching safepoint: 96436 ns, At safepoint: 9628 ns, Total: 106064 ns
[2020-02-26T10:06:52.051+0000][1][safepoint    ] Safepoint "Cleanup", Time since last: 1009959958 ns, Reaching safepoint: 132894 ns, At safepoint: 11769 ns, Total: 144663 ns
[2020-02-26T10:06:52.547+0000][1][safepoint    ] Safepoint "RevokeBias", Time since last: 495600494 ns, Reaching safepoint: 97682 ns, At safepoint: 21223 ns, Total: 118905 ns
[2020-02-26T10:06:53.547+0000][1][safepoint    ] Safepoint "Cleanup", Time since last: 1000399231 ns, Reaching safepoint: 93350 ns, At safepoint: 9389 ns, Total: 102739 ns
[2020-02-26T10:06:54.548+0000][1][safepoint    ] Safepoint "Cleanup", Time since last: 1000679917 ns, Reaching safepoint: 227423 ns, At safepoint: 18146 ns, Total: 245569 ns
[2020-02-26T10:06:55.052+0000][1][safepoint    ] Safepoint "BulkRevokeBias", Time since last: 502795543 ns, Reaching safepoint: 156515 ns, At safepoint: 552533 ns, Total: 709048 ns
[2020-02-26T10:06:56.052+0000][1][safepoint    ] Safepoint "Cleanup", Time since last: 1000525511 ns, Reaching safepoint: 71909 ns, At safepoint: 7843 ns, Total: 79752 ns
[2020-02-26T10:06:57.063+0000][1][safepoint    ] Safepoint "Cleanup", Time since last: 1010589799 ns, Reaching safepoint: 87929 ns, At safepoint: 7899 ns, Total: 95828 ns
[2020-02-26T10:06:57.558+0000][1][safepoint    ] Safepoint "RevokeBias", Time since last: 494455232 ns, Reaching safepoint: 80803 ns, At safepoint: 22641 ns, Total: 103444 ns
[2020-02-26T10:06:58.559+0000][1][safepoint    ] Safepoint "Cleanup", Time since last: 1001069281 ns, Reaching safepoint: 76656 ns, At safepoint: 8905 ns, Total: 85561 ns
[2020-02-26T10:06:59.559+0000][1][safepoint    ] Safepoint "Cleanup", Time since last: 1000197352 ns, Reaching safepoint: 95232 ns, At safepoint: 9797 ns, Total: 105029 ns
[2020-02-26T10:07:00.062+0000][1][safepoint    ] Safepoint "RevokeBias", Time since last: 502914724 ns, Reaching safepoint: 69001 ns, At safepoint: 19181 ns, Total: 88182 ns
[2020-02-26T10:07:01.063+0000][1][safepoint    ] Safepoint "Cleanup", Time since last: 1000422285 ns, Reaching safepoint: 75527 ns, At safepoint: 8907 ns, Total: 84434 ns
[2020-02-26T10:07:02.063+0000][1][safepoint    ] Safepoint "Cleanup", Time since last: 1000686449 ns, Reaching safepoint: 59475 ns, At safepoint: 8494 ns, Total: 67969 ns
[2020-02-26T10:07:02.585+0000][1][safepoint    ] Safepoint "RevokeBias", Time since last: 521503410 ns, Reaching safepoint: 71639 ns, At safepoint: 19947 ns, Total: 91586 ns
[2020-02-26T10:07:03.867+0000][1][safepoint    ] Safepoint "Cleanup", Time since last: 1282153907 ns, Reaching safepoint: 93592 ns, At safepoint: 9239 ns, Total: 102831 ns
[2020-02-26T10:07:04.868+0000][1][safepoint    ] Safepoint "Cleanup", Time since last: 1000252382 ns, Reaching safepoint: 66225 ns, At safepoint: 6761 ns, Total: 72986 ns
[2020-02-26T10:07:05.096+0000][1][safepoint    ] Safepoint "RevokeBias", Time since last: 228325064 ns, Reaching safepoint: 72537 ns, At safepoint: 18438 ns, Total: 90975 ns
[2020-02-26T10:07:06.097+0000][1][safepoint    ] Safepoint "Cleanup", Time since last: 1000412097 ns, Reaching safepoint: 78975 ns, At safepoint: 9862 ns, Total: 88837 ns
[2020-02-26T10:07:07.097+0000][1][safepoint    ] Safepoint "Cleanup", Time since last: 1000673623 ns, Reaching safepoint: 155026 ns, At safepoint: 27859 ns, Total: 182885 ns
[2020-02-26T10:07:07.612+0000][1][safepoint    ] Safepoint "RevokeBias", Time since last: 514237712 ns, Reaching safepoint: 154086 ns, At safepoint: 24395 ns, Total: 178481 ns
[2020-02-26T10:07:08.612+0000][1][safepoint    ] Safepoint "Cleanup", Time since last: 1000310637 ns, Reaching safepoint: 82083 ns, At safepoint: 9496 ns, Total: 91579 ns
[2020-02-26T10:07:09.613+0000][1][safepoint    ] Safepoint "Cleanup", Time since last: 1000448990 ns, Reaching safepoint: 74885 ns, At safepoint: 8884 ns, Total: 83769 ns
[2020-02-26T10:07:10.122+0000][1][safepoint    ] Safepoint "RevokeBias", Time since last: 509295475 ns, Reaching safepoint: 70190 ns, At safepoint: 117145 ns, Total: 187335 ns
[2020-02-26T10:07:11.123+0000][1][safepoint    ] Safepoint "Cleanup", Time since last: 1000570100 ns, Reaching safepoint: 75519 ns, At safepoint: 8905 ns, Total: 84424 ns
[2020-02-26T10:07:12.123+0000][1][safepoint    ] Safepoint "Cleanup", Time since last: 1000203113 ns, Reaching safepoint: 74753 ns, At safepoint: 8712 ns, Total: 83465 ns
[2020-02-26T10:07:12.634+0000][1][safepoint    ] Safepoint "RevokeBias", Time since last: 510352540 ns, Reaching safepoint: 239054 ns, At safepoint: 38183 ns, Total: 277237 ns
[2020-02-26T10:07:13.635+0000][1][safepoint    ] Safepoint "Cleanup", Time since last: 1000735488 ns, Reaching safepoint: 130430 ns, At safepoint: 14242 ns, Total: 144672 ns
[2020-02-26T10:07:14.635+0000][1][safepoint    ] Safepoint "Cleanup", Time since last: 1000372072 ns, Reaching safepoint: 134771 ns, At safepoint: 15206 ns, Total: 149977 ns
[2020-02-26T10:07:15.141+0000][1][safepoint    ] Safepoint "RevokeBias", Time since last: 505690126 ns, Reaching safepoint: 102234 ns, At safepoint: 22234 ns, Total: 124468 ns
[2020-02-26T10:07:16.142+0000][1][safepoint    ] Safepoint "Cleanup", Time since last: 1000511640 ns, Reaching safepoint: 77999 ns, At safepoint: 9164 ns, Total: 87163 ns
[2020-02-26T10:07:17.142+0000][1][safepoint    ] Safepoint "Cleanup", Time since last: 1000576830 ns, Reaching safepoint: 77449 ns, At safepoint: 9214 ns, Total: 86663 ns
[2020-02-26T10:07:17.647+0000][1][safepoint    ] Safepoint "RevokeBias", Time since last: 504602652 ns, Reaching safepoint: 114118 ns, At safepoint: 19946 ns, Total: 134064 ns
[2020-02-26T10:07:19.377+0000][1][safepoint    ] Safepoint "Cleanup", Time since last: 1729614757 ns, Reaching safepoint: 115321 ns, At safepoint: 28850 ns, Total: 144171 ns
[2020-02-26T10:07:20.152+0000][1][safepoint    ] Safepoint "RevokeBias", Time since last: 775442832 ns, Reaching safepoint: 87010 ns, At safepoint: 19005 ns, Total: 106015 ns
[2020-02-26T10:07:21.154+0000][1][safepoint    ] Safepoint "Cleanup", Time since last: 1001180858 ns, Reaching safepoint: 81665 ns, At safepoint: 8095 ns, Total: 89760 ns
[2020-02-26T10:07:22.154+0000][1][safepoint    ] Safepoint "Cleanup", Time since last: 1000277922 ns, Reaching safepoint: 97153 ns, At safepoint: 8962 ns, Total: 106115 ns
[2020-02-26T10:07:22.658+0000][1][safepoint    ] Safepoint "RevokeBias", Time since last: 504209046 ns, Reaching safepoint: 99754 ns, At safepoint: 40111 ns, Total: 139865 ns
[2020-02-26T10:07:23.662+0000][1][safepoint    ] Safepoint "Cleanup", Time since last: 1003182780 ns, Reaching safepoint: 84032 ns, At safepoint: 8834 ns, Total: 92866 ns
[2020-02-26T10:07:24.662+0000][1][safepoint    ] Safepoint "Cleanup", Time since last: 1000303964 ns, Reaching safepoint: 120099 ns, At safepoint: 27555 ns, Total: 147654 ns
[2020-02-26T10:07:25.162+0000][1][safepoint    ] Safepoint "RevokeBias", Time since last: 500067673 ns, Reaching safepoint: 70558 ns, At safepoint: 19171 ns, Total: 89729 ns
[2020-02-26T10:07:26.162+0000][1][safepoint    ] Safepoint "Cleanup", Time since last: 1000200205 ns, Reaching safepoint: 77602 ns, At safepoint: 8629 ns, Total: 86231 ns
[2020-02-26T10:07:27.163+0000][1][safepoint    ] Safepoint "Cleanup", Time since last: 1000828570 ns, Reaching safepoint: 76649 ns, At safepoint: 9350 ns, Total: 85999 ns
[2020-02-26T10:07:27.668+0000][1][safepoint    ] Safepoint "RevokeBias", Time since last: 504826654 ns, Reaching safepoint: 163955 ns, At safepoint: 44398 ns, Total: 208353 ns
[2020-02-26T10:07:28.669+0000][1][safepoint    ] Safepoint "Cleanup", Time since last: 1000460076 ns, Reaching safepoint: 78128 ns, At safepoint: 10058 ns, Total: 88186 ns
[2020-02-26T10:07:29.670+0000][1][safepoint    ] Safepoint "Cleanup", Time since last: 1000760258 ns, Reaching safepoint: 91894 ns, At safepoint: 9412 ns, Total: 101306 ns
[2020-02-26T10:07:30.174+0000][1][safepoint    ] Safepoint "RevokeBias", Time since last: 503780384 ns, Reaching safepoint: 73936 ns, At safepoint: 21082 ns, Total: 95018 ns
[2020-02-26T10:07:31.175+0000][1][safepoint    ] Safepoint "Cleanup", Time since last: 1001313505 ns, Reaching safepoint: 127695 ns, At safepoint: 9032 ns, Total: 136727 ns
[2020-02-26T10:07:32.176+0000][1][safepoint    ] Safepoint "Cleanup", Time since last: 1000270141 ns, Reaching safepoint: 85924 ns, At safepoint: 10701 ns, Total: 96625 ns
[2020-02-26T10:07:32.682+0000][1][safepoint    ] Safepoint "RevokeBias", Time since last: 505858925 ns, Reaching safepoint: 74885 ns, At safepoint: 38163 ns, Total: 113048 ns
[2020-02-26T10:07:33.682+0000][1][safepoint    ] Safepoint "Cleanup", Time since last: 1000344822 ns, Reaching safepoint: 91302 ns, At safepoint: 8456 ns, Total: 99758 ns
[2020-02-26T10:07:34.689+0000][1][safepoint    ] Safepoint "Cleanup", Time since last: 1006681868 ns, Reaching safepoint: 112377 ns, At safepoint: 11489 ns, Total: 123866 ns
[2020-02-26T10:07:35.186+0000][1][safepoint    ] Safepoint "RevokeBias", Time since last: 496989583 ns, Reaching safepoint: 70394 ns, At safepoint: 19365 ns, Total: 89759 ns
[2020-02-26T10:07:36.186+0000][1][safepoint    ] Safepoint "Cleanup", Time since last: 1000236061 ns, Reaching safepoint: 74088 ns, At safepoint: 8652 ns, Total: 82740 ns
[2020-02-26T10:07:37.187+0000][1][safepoint    ] Safepoint "Cleanup", Time since last: 1000509801 ns, Reaching safepoint: 91194 ns, At safepoint: 9086 ns, Total: 100280 ns
[2020-02-26T10:07:37.691+0000][1][safepoint    ] Safepoint "RevokeBias", Time since last: 504064014 ns, Reaching safepoint: 103186 ns, At safepoint: 23021 ns, Total: 126207 ns
[2020-02-26T10:07:38.692+0000][1][safepoint    ] Safepoint "Cleanup", Time since last: 1000510083 ns, Reaching safepoint: 75443 ns, At safepoint: 9164 ns, Total: 84607 ns
[2020-02-26T10:07:39.696+0000][1][safepoint    ] Safepoint "Cleanup", Time since last: 1004734218 ns, Reaching safepoint: 76477 ns, At safepoint: 9322 ns, Total: 85799 ns
[2020-02-26T10:07:40.202+0000][1][safepoint    ] Safepoint "RevokeBias", Time since last: 505248593 ns, Reaching safepoint: 69669 ns, At safepoint: 19473 ns, Total: 89142 ns
[2020-02-26T10:07:41.202+0000][1][safepoint    ] Safepoint "Cleanup", Time since last: 1000380877 ns, Reaching safepoint: 75597 ns, At safepoint: 8467 ns, Total: 84064 ns
[2020-02-26T10:07:42.203+0000][1][safepoint    ] Safepoint "Cleanup", Time since last: 1000634840 ns, Reaching safepoint: 76929 ns, At safepoint: 8930 ns, Total: 85859 ns
[2020-02-26T10:07:42.712+0000][1][safepoint    ] Safepoint "RevokeBias", Time since last: 508590771 ns, Reaching safepoint: 70377 ns, At safepoint: 19977 ns, Total: 90354 ns
[2020-02-26T10:07:43.712+0000][1][safepoint    ] Safepoint "Cleanup", Time since last: 1000698316 ns, Reaching safepoint: 75908 ns, At safepoint: 9296 ns, Total: 85204 ns
[2020-02-26T10:07:44.713+0000][1][safepoint    ] Safepoint "Cleanup", Time since last: 1000834178 ns, Reaching safepoint: 92435 ns, At safepoint: 9042 ns, Total: 101477 ns
[2020-02-26T10:07:45.224+0000][1][safepoint    ] Safepoint "RevokeBias", Time since last: 510494720 ns, Reaching safepoint: 71094 ns, At safepoint: 19078 ns, Total: 90172 ns
[2020-02-26T10:07:46.225+0000][1][safepoint    ] Safepoint "Cleanup", Time since last: 1000681808 ns, Reaching safepoint: 76027 ns, At safepoint: 8754 ns, Total: 84781 ns
[2020-02-26T10:07:47.225+0000][1][safepoint    ] Safepoint "Cleanup", Time since last: 1000395259 ns, Reaching safepoint: 117524 ns, At safepoint: 14335 ns, Total: 131859 ns
[2020-02-26T10:07:47.734+0000][1][safepoint    ] Safepoint "RevokeBias", Time since last: 508947964 ns, Reaching safepoint: 149722 ns, At safepoint: 21993 ns, Total: 171715 ns
[2020-02-26T10:07:48.735+0000][1][safepoint    ] Safepoint "Cleanup", Time since last: 1000633314 ns, Reaching safepoint: 92821 ns, At safepoint: 9178 ns, Total: 101999 ns
[2020-02-26T10:07:49.735+0000][1][safepoint    ] Safepoint "Cleanup", Time since last: 1000343640 ns, Reaching safepoint: 90205 ns, At safepoint: 9104 ns, Total: 99309 ns
[2020-02-26T10:07:50.250+0000][1][safepoint    ] Safepoint "RevokeBias", Time since last: 514108799 ns, Reaching safepoint: 70799 ns, At safepoint: 19128 ns, Total: 89927 ns
[2020-02-26T10:07:51.250+0000][1][safepoint    ] Safepoint "Cleanup", Time since last: 1000533568 ns, Reaching safepoint: 111865 ns, At safepoint: 12697 ns, Total: 124562 ns
[2020-02-26T10:07:52.251+0000][1][safepoint    ] Safepoint "Cleanup", Time since last: 1000822449 ns, Reaching safepoint: 95402 ns, At safepoint: 11960 ns, Total: 107362 ns
[2020-02-26T10:07:52.761+0000][1][safepoint    ] Safepoint "RevokeBias", Time since last: 509899108 ns, Reaching safepoint: 69998 ns, At safepoint: 20026 ns, Total: 90024 ns
[2020-02-26T10:07:53.762+0000][1][safepoint    ] Safepoint "Cleanup", Time since last: 1000554411 ns, Reaching safepoint: 75644 ns, At safepoint: 9277 ns, Total: 84921 ns
[2020-02-26T10:07:54.763+0000][1][safepoint    ] Safepoint "Cleanup", Time since last: 1000801170 ns, Reaching safepoint: 115495 ns, At safepoint: 13140 ns, Total: 128635 ns
[2020-02-26T10:07:55.264+0000][1][safepoint    ] Safepoint "RevokeBias", Time since last: 501253135 ns, Reaching safepoint: 69584 ns, At safepoint: 19944 ns, Total: 89528 ns
[2020-02-26T10:07:56.266+0000][1][safepoint    ] Safepoint "Cleanup", Time since last: 1001297251 ns, Reaching safepoint: 74818 ns, At safepoint: 8052 ns, Total: 82870 ns
[2020-02-26T10:07:57.266+0000][1][safepoint    ] Safepoint "Cleanup", Time since last: 1000660711 ns, Reaching safepoint: 128217 ns, At safepoint: 11074 ns, Total: 139291 ns
[2020-02-26T10:07:57.770+0000][1][safepoint    ] Safepoint "RevokeBias", Time since last: 503244899 ns, Reaching safepoint: 221769 ns, At safepoint: 54602 ns, Total: 276371 ns
[2020-02-26T10:07:58.771+0000][1][safepoint    ] Safepoint "Cleanup", Time since last: 1000697352 ns, Reaching safepoint: 76766 ns, At safepoint: 9326 ns, Total: 86092 ns
[2020-02-26T10:07:59.771+0000][1][safepoint    ] Safepoint "Cleanup", Time since last: 1000443231 ns, Reaching safepoint: 98593 ns, At safepoint: 10614 ns, Total: 109207 ns
[2020-02-26T10:08:00.273+0000][1][safepoint    ] Safepoint "RevokeBias", Time since last: 501269403 ns, Reaching safepoint: 71170 ns, At safepoint: 18801 ns, Total: 89971 ns
[2020-02-26T10:08:01.273+0000][1][safepoint    ] Safepoint "Cleanup", Time since last: 1000773366 ns, Reaching safepoint: 77145 ns, At safepoint: 7840 ns, Total: 84985 ns
[2020-02-26T10:08:02.274+0000][1][safepoint    ] Safepoint "Cleanup", Time since last: 1000404397 ns, Reaching safepoint: 73085 ns, At safepoint: 8281 ns, Total: 81366 ns
[2020-02-26T10:08:02.778+0000][1][safepoint    ] Safepoint "RevokeBias", Time since last: 504230453 ns, Reaching safepoint: 134382 ns, At safepoint: 98368 ns, Total: 232750 ns
[2020-02-26T10:08:03.779+0000][1][safepoint    ] Safepoint "Cleanup", Time since last: 1000946569 ns, Reaching safepoint: 76591 ns, At safepoint: 9244 ns, Total: 85835 ns
[2020-02-26T10:08:04.780+0000][1][safepoint    ] Safepoint "Cleanup", Time since last: 1000768349 ns, Reaching safepoint: 97644 ns, At safepoint: 9303 ns, Total: 106947 ns
[2020-02-26T10:08:05.281+0000][1][safepoint    ] Safepoint "RevokeBias", Time since last: 501032314 ns, Reaching safepoint: 87162 ns, At safepoint: 19327 ns, Total: 106489 ns
[2020-02-26T10:08:06.284+0000][1][safepoint    ] Safepoint "Cleanup", Time since last: 1002862462 ns, Reaching safepoint: 123187 ns, At safepoint: 8122 ns, Total: 131309 ns
[2020-02-26T10:08:07.285+0000][1][safepoint    ] Safepoint "Cleanup", Time since last: 1000430671 ns, Reaching safepoint: 76851 ns, At safepoint: 9361 ns, Total: 86212 ns
[2020-02-26T10:08:07.787+0000][1][safepoint    ] Safepoint "BulkRevokeBias", Time since last: 501777246 ns, Reaching safepoint: 72496 ns, At safepoint: 223806 ns, Total: 296302 ns
[2020-02-26T10:08:08.787+0000][1][safepoint    ] Safepoint "Cleanup", Time since last: 1000126782 ns, Reaching safepoint: 76798 ns, At safepoint: 9053 ns, Total: 85851 ns
[2020-02-26T10:08:09.788+0000][1][safepoint    ] Safepoint "Cleanup", Time since last: 1000830139 ns, Reaching safepoint: 124370 ns, At safepoint: 9518 ns, Total: 133888 ns
[2020-02-26T10:08:10.292+0000][1][safepoint    ] Safepoint "RevokeBias", Time since last: 503811329 ns, Reaching safepoint: 77419 ns, At safepoint: 20368 ns, Total: 97787 ns
[2020-02-26T10:08:11.293+0000][1][safepoint    ] Safepoint "Cleanup", Time since last: 1000766203 ns, Reaching safepoint: 94657 ns, At safepoint: 10623 ns, Total: 105280 ns
[2020-02-26T10:08:12.295+0000][1][safepoint    ] Safepoint "Cleanup", Time since last: 1001445738 ns, Reaching safepoint: 144529 ns, At safepoint: 14357 ns, Total: 158886 ns
[2020-02-26T10:08:12.799+0000][1][safepoint    ] Safepoint "RevokeBias", Time since last: 503946724 ns, Reaching safepoint: 69549 ns, At safepoint: 19081 ns, Total: 88630 ns
[2020-02-26T10:08:13.799+0000][1][safepoint    ] Safepoint "Cleanup", Time since last: 1000402260 ns, Reaching safepoint: 74992 ns, At safepoint: 9208 ns, Total: 84200 ns
[2020-02-26T10:08:14.800+0000][1][safepoint    ] Safepoint "Cleanup", Time since last: 1000847217 ns, Reaching safepoint: 78351 ns, At safepoint: 10889 ns, Total: 89240 ns
[2020-02-26T10:08:15.302+0000][1][safepoint    ] Safepoint "RevokeBias", Time since last: 502232364 ns, Reaching safepoint: 71125 ns, At safepoint: 19054 ns, Total: 90179 ns
[2020-02-26T10:08:16.303+0000][1][safepoint    ] Safepoint "Cleanup", Time since last: 1000642490 ns, Reaching safepoint: 93545 ns, At safepoint: 8854 ns, Total: 102399 ns
[2020-02-26T10:08:17.309+0000][1][safepoint    ] Safepoint "Cleanup", Time since last: 1005799926 ns, Reaching safepoint: 145561 ns, At safepoint: 8534 ns, Total: 154095 ns
[2020-02-26T10:08:17.815+0000][1][safepoint    ] Safepoint "RevokeBias", Time since last: 506199446 ns, Reaching safepoint: 69068 ns, At safepoint: 20025 ns, Total: 89093 ns
[2020-02-26T10:08:18.816+0000][1][safepoint    ] Safepoint "Cleanup", Time since last: 1000521790 ns, Reaching safepoint: 78404 ns, At safepoint: 9763 ns, Total: 88167 ns
[2020-02-26T10:08:19.816+0000][1][safepoint    ] Safepoint "Cleanup", Time since last: 1000310509 ns, Reaching safepoint: 74940 ns, At safepoint: 9068 ns, Total: 84008 ns
[2020-02-26T10:08:20.332+0000][1][safepoint    ] Safepoint "RevokeBias", Time since last: 515105330 ns, Reaching safepoint: 223312 ns, At safepoint: 60882 ns, Total: 284194 ns
[2020-02-26T10:08:21.834+0000][1][safepoint    ] Safepoint "Cleanup", Time since last: 1501708360 ns, Reaching safepoint: 124544 ns, At safepoint: 14027 ns, Total: 138571 ns
[2020-02-26T10:08:22.843+0000][1][safepoint    ] Safepoint "Cleanup", Time since last: 1009778530 ns, Reaching safepoint: 91528 ns, At safepoint: 8914 ns, Total: 100442 ns
[2020-02-26T10:08:22.851+0000][1][safepoint    ] Safepoint "RevokeBias", Time since last: 7167627 ns, Reaching safepoint: 72375 ns, At safepoint: 174391 ns, Total: 246766 ns
[2020-02-26T10:08:23.851+0000][1][safepoint    ] Safepoint "Cleanup", Time since last: 1000377721 ns, Reaching safepoint: 76287 ns, At safepoint: 9080 ns, Total: 85367 ns
[2020-02-26T10:08:24.852+0000][1][safepoint    ] Safepoint "Cleanup", Time since last: 1000521321 ns, Reaching safepoint: 81160 ns, At safepoint: 9584 ns, Total: 90744 ns
[2020-02-26T10:08:25.358+0000][1][safepoint    ] Safepoint "RevokeBias", Time since last: 506043261 ns, Reaching safepoint: 70352 ns, At safepoint: 19293 ns, Total: 89645 ns
[2020-02-26T10:08:26.358+0000][1][safepoint    ] Safepoint "Cleanup", Time since last: 1000187959 ns, Reaching safepoint: 77376 ns, At safepoint: 8760 ns, Total: 86136 ns
[2020-02-26T10:08:27.359+0000][1][safepoint    ] Safepoint "Cleanup", Time since last: 1000546655 ns, Reaching safepoint: 119322 ns, At safepoint: 14206 ns, Total: 133528 ns
[2020-02-26T10:08:27.877+0000][1][safepoint    ] Safepoint "RevokeBias", Time since last: 517639581 ns, Reaching safepoint: 89751 ns, At safepoint: 26030 ns, Total: 115781 ns
[2020-02-26T10:08:28.878+0000][1][safepoint    ] Safepoint "Cleanup", Time since last: 1000785366 ns, Reaching safepoint: 78457 ns, At safepoint: 8627 ns, Total: 87084 ns
[2020-02-26T10:08:29.878+0000][1][safepoint    ] Safepoint "Cleanup", Time since last: 1000544485 ns, Reaching safepoint: 80502 ns, At safepoint: 9633 ns, Total: 90135 ns
[2020-02-26T10:08:30.386+0000][1][safepoint    ] Safepoint "RevokeBias", Time since last: 507643697 ns, Reaching safepoint: 71216 ns, At safepoint: 20304 ns, Total: 91520 ns
[2020-02-26T10:08:31.387+0000][1][safepoint    ] Safepoint "Cleanup", Time since last: 1000773407 ns, Reaching safepoint: 130118 ns, At safepoint: 9049 ns, Total: 139167 ns
[2020-02-26T10:08:32.388+0000][1][safepoint    ] Safepoint "Cleanup", Time since last: 1000500958 ns, Reaching safepoint: 93381 ns, At safepoint: 9536 ns, Total: 102917 ns
[2020-02-26T10:08:32.892+0000][1][safepoint    ] Safepoint "RevokeBias", Time since last: 503806875 ns, Reaching safepoint: 156514 ns, At safepoint: 55127 ns, Total: 211641 ns
[2020-02-26T10:08:33.896+0000][1][safepoint    ] Safepoint "Cleanup", Time since last: 1004621638 ns, Reaching safepoint: 129756 ns, At safepoint: 12050 ns, Total: 141806 ns
[2020-02-26T10:08:34.897+0000][1][safepoint    ] Safepoint "Cleanup", Time since last: 1000693110 ns, Reaching safepoint: 104339 ns, At safepoint: 31700 ns, Total: 136039 ns
[2020-02-26T10:08:35.395+0000][1][safepoint    ] Safepoint "RevokeBias", Time since last: 497313142 ns, Reaching safepoint: 73169 ns, At safepoint: 20148 ns, Total: 93317 ns
[2020-02-26T10:08:36.395+0000][1][safepoint    ] Safepoint "Cleanup", Time since last: 1000362195 ns, Reaching safepoint: 100261 ns, At safepoint: 13347 ns, Total: 113608 ns
[2020-02-26T10:08:37.395+0000][1][safepoint    ] Safepoint "Cleanup", Time since last: 1000301106 ns, Reaching safepoint: 109137 ns, At safepoint: 11709 ns, Total: 120846 ns
[2020-02-26T10:08:37.901+0000][1][safepoint    ] Safepoint "RevokeBias", Time since last: 505209431 ns, Reaching safepoint: 53722 ns, At safepoint: 17919 ns, Total: 71641 ns
[2020-02-26T10:08:38.902+0000][1][safepoint    ] Safepoint "Cleanup", Time since last: 1000901902 ns, Reaching safepoint: 76679 ns, At safepoint: 8584 ns, Total: 85263 ns
[2020-02-26T10:08:39.902+0000][1][safepoint    ] Safepoint "Cleanup", Time since last: 1000621149 ns, Reaching safepoint: 73912 ns, At safepoint: 8535 ns, Total: 82447 ns
[2020-02-26T10:08:40.405+0000][1][safepoint    ] Safepoint "RevokeBias", Time since last: 502583157 ns, Reaching safepoint: 71618 ns, At safepoint: 20156 ns, Total: 91774 ns
[2020-02-26T10:08:40.841+0000][1][gc,start     ] GC(72) Pause Young (Allocation Failure)
[2020-02-26T10:08:40.841+0000][1][gc,task      ] GC(72) Using 1 workers of 1 for evacuation
[2020-02-26T10:08:40.853+0000][1][gc,age       ] GC(72) Desired survivor size 4358144 bytes, new threshold 6 (max threshold 6)
[2020-02-26T10:08:40.853+0000][1][gc,age       ] GC(72) Age table with threshold 6 (max threshold 6)
[2020-02-26T10:08:40.853+0000][1][gc,age       ] GC(72) - age   1:      12448 bytes,      12448 total
[2020-02-26T10:08:40.853+0000][1][gc,age       ] GC(72) - age   2:        296 bytes,      12744 total
[2020-02-26T10:08:40.853+0000][1][gc,age       ] GC(72) - age   3:        880 bytes,      13624 total
[2020-02-26T10:08:40.853+0000][1][gc,age       ] GC(72) - age   4:       1008 bytes,      14632 total
[2020-02-26T10:08:40.853+0000][1][gc,age       ] GC(72) - age   5:         56 bytes,      14688 total
[2020-02-26T10:08:40.853+0000][1][gc,age       ] GC(72) - age   6:        600 bytes,      15288 total
[2020-02-26T10:08:40.853+0000][1][gc,heap      ] GC(72) ParNew: 68175K->28K(76672K)
[2020-02-26T10:08:40.853+0000][1][gc,heap      ] GC(72) CMS: 62660K->62661K(963392K)
[2020-02-26T10:08:40.853+0000][1][gc,metaspace ] GC(72) Metaspace: 79823K->79823K(1122304K)
[2020-02-26T10:08:40.853+0000][1][gc           ] GC(72) Pause Young (Allocation Failure) 127M->61M(1015M) 12.080ms
[2020-02-26T10:08:40.853+0000][1][gc,cpu       ] GC(72) User=0.01s Sys=0.00s Real=0.01s
[2020-02-26T10:08:40.853+0000][1][safepoint    ] Safepoint "GenCollectForAllocation", Time since last: 435893138 ns, Reaching safepoint: 72274 ns, At safepoint: 12183356 ns, Total: 12255630 ns
[2020-02-26T10:08:41.854+0000][1][safepoint    ] Safepoint "Cleanup", Time since last: 1000533502 ns, Reaching safepoint: 74079 ns, At safepoint: 7916 ns, Total: 81995 ns
[2020-02-26T10:08:42.855+0000][1][safepoint    ] Safepoint "Cleanup", Time since last: 1000781540 ns, Reaching safepoint: 74180 ns, At safepoint: 7358 ns, Total: 81538 ns
[2020-02-26T10:08:42.909+0000][1][safepoint    ] Safepoint "RevokeBias", Time since last: 54211933 ns, Reaching safepoint: 70124 ns, At safepoint: 19389 ns, Total: 89513 ns
[2020-02-26T10:08:43.917+0000][1][safepoint    ] Safepoint "Cleanup", Time since last: 1007458752 ns, Reaching safepoint: 91154 ns, At safepoint: 7462 ns, Total: 98616 ns
[2020-02-26T10:08:44.917+0000][1][safepoint    ] Safepoint "Cleanup", Time since last: 1000522151 ns, Reaching safepoint: 72510 ns, At safepoint: 8227 ns, Total: 80737 ns
[2020-02-26T10:08:45.413+0000][1][safepoint    ] Safepoint "RevokeBias", Time since last: 495661890 ns, Reaching safepoint: 70802 ns, At safepoint: 20115 ns, Total: 90917 ns
[2020-02-26T10:08:46.413+0000][1][safepoint    ] Safepoint "Cleanup", Time since last: 1000302681 ns, Reaching safepoint: 81035 ns, At safepoint: 9768 ns, Total: 90803 ns
[2020-02-26T10:08:47.414+0000][1][safepoint    ] Safepoint "Cleanup", Time since last: 1000371041 ns, Reaching safepoint: 81696 ns, At safepoint: 9841 ns, Total: 91537 ns
[2020-02-26T10:08:47.932+0000][1][safepoint    ] Safepoint "RevokeBias", Time since last: 518347864 ns, Reaching safepoint: 70229 ns, At safepoint: 19760 ns, Total: 89989 ns
[2020-02-26T10:08:48.933+0000][1][safepoint    ] Safepoint "Cleanup", Time since last: 1000210871 ns, Reaching safepoint: 86228 ns, At safepoint: 9553 ns, Total: 95781 ns
[2020-02-26T10:08:49.934+0000][1][safepoint    ] Safepoint "Cleanup", Time since last: 1001072815 ns, Reaching safepoint: 76635 ns, At safepoint: 8647 ns, Total: 85282 ns
[2020-02-26T10:08:50.436+0000][1][safepoint    ] Safepoint "RevokeBias", Time since last: 501754637 ns, Reaching safepoint: 55397 ns, At safepoint: 18128 ns, Total: 73525 ns
[2020-02-26T10:08:51.436+0000][1][safepoint    ] Safepoint "Cleanup", Time since last: 1000168708 ns, Reaching safepoint: 79253 ns, At safepoint: 9085 ns, Total: 88338 ns
[2020-02-26T10:08:52.437+0000][1][safepoint    ] Safepoint "Cleanup", Time since last: 1000754283 ns, Reaching safepoint: 93894 ns, At safepoint: 12251 ns, Total: 106145 ns
[2020-02-26T10:08:52.940+0000][1][safepoint    ] Safepoint "RevokeBias", Time since last: 503346814 ns, Reaching safepoint: 72456 ns, At safepoint: 20222 ns, Total: 92678 ns
[2020-02-26T10:08:53.941+0000][1][safepoint    ] Safepoint "Cleanup", Time since last: 1000403308 ns, Reaching safepoint: 108724 ns, At safepoint: 8952 ns, Total: 117676 ns
[2020-02-26T10:08:54.947+0000][1][safepoint    ] Safepoint "Cleanup", Time since last: 1006790163 ns, Reaching safepoint: 57189 ns, At safepoint: 7815 ns, Total: 65004 ns
[2020-02-26T10:08:55.443+0000][1][safepoint    ] Safepoint "RevokeBias", Time since last: 495153395 ns, Reaching safepoint: 71496 ns, At safepoint: 19519 ns, Total: 91015 ns
[2020-02-26T10:08:56.443+0000][1][safepoint    ] Safepoint "Cleanup", Time since last: 1000429905 ns, Reaching safepoint: 100770 ns, At safepoint: 9960 ns, Total: 110730 ns
[2020-02-26T10:08:57.444+0000][1][safepoint    ] Safepoint "Cleanup", Time since last: 1000351328 ns, Reaching safepoint: 115769 ns, At safepoint: 47255 ns, Total: 163024 ns
[2020-02-26T10:08:57.949+0000][1][safepoint    ] Safepoint "RevokeBias", Time since last: 505016334 ns, Reaching safepoint: 54473 ns, At safepoint: 18262 ns, Total: 72735 ns
[2020-02-26T10:08:58.949+0000][1][safepoint    ] Safepoint "Cleanup", Time since last: 1000318217 ns, Reaching safepoint: 87123 ns, At safepoint: 10665 ns, Total: 97788 ns
[2020-02-26T10:08:59.954+0000][1][safepoint    ] Safepoint "Cleanup", Time since last: 1004881901 ns, Reaching safepoint: 142917 ns, At safepoint: 11861 ns, Total: 154778 ns
[2020-02-26T10:09:00.461+0000][1][safepoint    ] Safepoint "RevokeBias", Time since last: 506764863 ns, Reaching safepoint: 69183 ns, At safepoint: 43015 ns, Total: 112198 ns
[2020-02-26T10:09:01.462+0000][1][safepoint    ] Safepoint "Cleanup", Time since last: 1000860402 ns, Reaching safepoint: 100043 ns, At safepoint: 8834 ns, Total: 108877 ns
[2020-02-26T10:09:02.463+0000][1][safepoint    ] Safepoint "Cleanup", Time since last: 1000337492 ns, Reaching safepoint: 83058 ns, At safepoint: 9097 ns, Total: 92155 ns
[2020-02-26T10:09:02.971+0000][1][safepoint    ] Safepoint "RevokeBias", Time since last: 507895268 ns, Reaching safepoint: 70301 ns, At safepoint: 36620 ns, Total: 106921 ns
[2020-02-26T10:09:03.971+0000][1][safepoint    ] Safepoint "Cleanup", Time since last: 1000437392 ns, Reaching safepoint: 97693 ns, At safepoint: 10031 ns, Total: 107724 ns
[2020-02-26T10:09:04.980+0000][1][safepoint    ] Safepoint "Cleanup", Time since last: 1008943054 ns, Reaching safepoint: 91821 ns, At safepoint: 8890 ns, Total: 100711 ns
[2020-02-26T10:09:05.497+0000][1][safepoint    ] Safepoint "RevokeBias", Time since last: 516253535 ns, Reaching safepoint: 80250 ns, At safepoint: 21872 ns, Total: 102122 ns
[2020-02-26T10:09:06.502+0000][1][safepoint    ] Safepoint "Cleanup", Time since last: 1004901937 ns, Reaching safepoint: 89885 ns, At safepoint: 8794 ns, Total: 98679 ns
[2020-02-26T10:09:07.502+0000][1][safepoint    ] Safepoint "Cleanup", Time since last: 1000302668 ns, Reaching safepoint: 78817 ns, At safepoint: 10247 ns, Total: 89064 ns
[2020-02-26T10:09:08.005+0000][1][safepoint    ] Safepoint "RevokeBias", Time since last: 502696509 ns, Reaching safepoint: 69414 ns, At safepoint: 19804 ns, Total: 89218 ns
[2020-02-26T10:09:09.005+0000][1][safepoint    ] Safepoint "Cleanup", Time since last: 1000385419 ns, Reaching safepoint: 92345 ns, At safepoint: 9102 ns, Total: 101447 ns
[2020-02-26T10:09:10.006+0000][1][safepoint    ] Safepoint "Cleanup", Time since last: 1000656658 ns, Reaching safepoint: 133751 ns, At safepoint: 12786 ns, Total: 146537 ns
[2020-02-26T10:09:10.514+0000][1][safepoint    ] Safepoint "RevokeBias", Time since last: 507737153 ns, Reaching safepoint: 175540 ns, At safepoint: 46326 ns, Total: 221866 ns
[2020-02-26T10:09:11.514+0000][1][safepoint    ] Safepoint "Cleanup", Time since last: 1000118360 ns, Reaching safepoint: 77188 ns, At safepoint: 8177 ns, Total: 85365 ns
[2020-02-26T10:09:12.515+0000][1][safepoint    ] Safepoint "Cleanup", Time since last: 1000748983 ns, Reaching safepoint: 119625 ns, At safepoint: 13435 ns, Total: 133060 ns
[2020-02-26T10:09:13.027+0000][1][safepoint    ] Safepoint "RevokeBias", Time since last: 511879162 ns, Reaching safepoint: 156224 ns, At safepoint: 26115 ns, Total: 182339 ns
[2020-02-26T10:09:14.027+0000][1][safepoint    ] Safepoint "Cleanup", Time since last: 1000295086 ns, Reaching safepoint: 93262 ns, At safepoint: 8444 ns, Total: 101706 ns
[2020-02-26T10:09:15.028+0000][1][safepoint    ] Safepoint "Cleanup", Time since last: 1000741393 ns, Reaching safepoint: 134193 ns, At safepoint: 11792 ns, Total: 145985 ns
[2020-02-26T10:09:15.529+0000][1][safepoint    ] Safepoint "RevokeBias", Time since last: 500927775 ns, Reaching safepoint: 71500 ns, At safepoint: 19233 ns, Total: 90733 ns
[2020-02-26T10:09:16.530+0000][1][safepoint    ] Safepoint "Cleanup", Time since last: 1000391637 ns, Reaching safepoint: 73811 ns, At safepoint: 8575 ns, Total: 82386 ns
[2020-02-26T10:09:17.531+0000][1][safepoint    ] Safepoint "Cleanup", Time since last: 1000587249 ns, Reaching safepoint: 77507 ns, At safepoint: 9010 ns, Total: 86517 ns
[2020-02-26T10:09:18.035+0000][1][safepoint    ] Safepoint "RevokeBias", Time since last: 504493699 ns, Reaching safepoint: 72463 ns, At safepoint: 20480 ns, Total: 92943 ns
[2020-02-26T10:09:19.035+0000][1][safepoint    ] Safepoint "Cleanup", Time since last: 1000196393 ns, Reaching safepoint: 136476 ns, At safepoint: 9601 ns, Total: 146077 ns
[2020-02-26T10:09:20.036+0000][1][safepoint    ] Safepoint "Cleanup", Time since last: 1000661606 ns, Reaching safepoint: 113780 ns, At safepoint: 10683 ns, Total: 124463 ns
[2020-02-26T10:09:20.540+0000][1][safepoint    ] Safepoint "BulkRevokeBias", Time since last: 503511251 ns, Reaching safepoint: 53522 ns, At safepoint: 212428 ns, Total: 265950 ns
[2020-02-26T10:09:21.549+0000][1][safepoint    ] Safepoint "Cleanup", Time since last: 1009127542 ns, Reaching safepoint: 95088 ns, At safepoint: 9577 ns, Total: 104665 ns
[2020-02-26T10:09:22.550+0000][1][safepoint    ] Safepoint "Cleanup", Time since last: 1000484354 ns, Reaching safepoint: 77631 ns, At safepoint: 9365 ns, Total: 86996 ns
[2020-02-26T10:09:23.046+0000][1][safepoint    ] Safepoint "RevokeBias", Time since last: 495851825 ns, Reaching safepoint: 85125 ns, At safepoint: 21000 ns, Total: 106125 ns
[2020-02-26T10:09:24.046+0000][1][safepoint    ] Safepoint "Cleanup", Time since last: 1000406692 ns, Reaching safepoint: 74811 ns, At safepoint: 8738 ns, Total: 83549 ns
[2020-02-26T10:09:25.047+0000][1][safepoint    ] Safepoint "Cleanup", Time since last: 1000442989 ns, Reaching safepoint: 89546 ns, At safepoint: 9297 ns, Total: 98843 ns
[2020-02-26T10:09:25.549+0000][1][safepoint    ] Safepoint "RevokeBias", Time since last: 502435523 ns, Reaching safepoint: 118512 ns, At safepoint: 22927 ns, Total: 141439 ns
[2020-02-26T10:09:26.551+0000][1][safepoint    ] Safepoint "Cleanup", Time since last: 1001622890 ns, Reaching safepoint: 88115 ns, At safepoint: 11448 ns, Total: 99563 ns
[2020-02-26T10:09:27.552+0000][1][safepoint    ] Safepoint "Cleanup", Time since last: 1000915506 ns, Reaching safepoint: 75045 ns, At safepoint: 8473 ns, Total: 83518 ns
[2020-02-26T10:09:28.056+0000][1][safepoint    ] Safepoint "RevokeBias", Time since last: 503523292 ns, Reaching safepoint: 176717 ns, At safepoint: 34648 ns, Total: 211365 ns
[2020-02-26T10:09:29.056+0000][1][safepoint    ] Safepoint "Cleanup", Time since last: 1000321030 ns, Reaching safepoint: 132061 ns, At safepoint: 13543 ns, Total: 145604 ns
[2020-02-26T10:09:30.057+0000][1][safepoint    ] Safepoint "Cleanup", Time since last: 1000414382 ns, Reaching safepoint: 80013 ns, At safepoint: 9550 ns, Total: 89563 ns
[2020-02-26T10:09:30.561+0000][1][safepoint    ] Safepoint "RevokeBias", Time since last: 504449651 ns, Reaching safepoint: 70400 ns, At safepoint: 19663 ns, Total: 90063 ns
[2020-02-26T10:09:31.562+0000][1][safepoint    ] Safepoint "Cleanup", Time since last: 1000732981 ns, Reaching safepoint: 94045 ns, At safepoint: 8831 ns, Total: 102876 ns
[2020-02-26T10:09:32.571+0000][1][safepoint    ] Safepoint "Cleanup", Time since last: 1008197484 ns, Reaching safepoint: 95859 ns, At safepoint: 10267 ns, Total: 106126 ns
[2020-02-26T10:09:33.067+0000][1][safepoint    ] Safepoint "RevokeBias", Time since last: 496521776 ns, Reaching safepoint: 155930 ns, At safepoint: 95995 ns, Total: 251925 ns
[2020-02-26T10:09:34.068+0000][1][safepoint    ] Safepoint "Cleanup", Time since last: 1000714916 ns, Reaching safepoint: 76682 ns, At safepoint: 10149 ns, Total: 86831 ns
[2020-02-26T10:09:35.068+0000][1][safepoint    ] Safepoint "Cleanup", Time since last: 1000154309 ns, Reaching safepoint: 96495 ns, At safepoint: 11153 ns, Total: 107648 ns
[2020-02-26T10:09:35.571+0000][1][safepoint    ] Safepoint "RevokeBias", Time since last: 503049710 ns, Reaching safepoint: 72049 ns, At safepoint: 19443 ns, Total: 91492 ns
[2020-02-26T10:09:36.572+0000][1][safepoint    ] Safepoint "Cleanup", Time since last: 1000548298 ns, Reaching safepoint: 92744 ns, At safepoint: 8965 ns, Total: 101709 ns
[2020-02-26T10:09:37.573+0000][1][safepoint    ] Safepoint "Cleanup", Time since last: 1000275558 ns, Reaching safepoint: 75910 ns, At safepoint: 8280 ns, Total: 84190 ns
[2020-02-26T10:09:38.095+0000][1][safepoint    ] Safepoint "RevokeBias", Time since last: 522268914 ns, Reaching safepoint: 71931 ns, At safepoint: 19549 ns, Total: 91480 ns
[2020-02-26T10:09:39.096+0000][1][safepoint    ] Safepoint "Cleanup", Time since last: 1000527172 ns, Reaching safepoint: 104885 ns, At safepoint: 10843 ns, Total: 115728 ns
[2020-02-26T10:09:40.096+0000][1][safepoint    ] Safepoint "Cleanup", Time since last: 1000748205 ns, Reaching safepoint: 86044 ns, At safepoint: 10395 ns, Total: 96439 ns
[2020-02-26T10:09:40.603+0000][1][safepoint    ] Safepoint "RevokeBias", Time since last: 506565406 ns, Reaching safepoint: 71728 ns, At safepoint: 20294 ns, Total: 92022 ns
[2020-02-26T10:09:41.603+0000][1][safepoint    ] Safepoint "Cleanup", Time since last: 1000160855 ns, Reaching safepoint: 82774 ns, At safepoint: 9847 ns, Total: 92621 ns
[2020-02-26T10:09:42.603+0000][1][safepoint    ] Safepoint "Cleanup", Time since last: 1000142996 ns, Reaching safepoint: 72464 ns, At safepoint: 8348 ns, Total: 80812 ns
[2020-02-26T10:09:43.113+0000][1][safepoint    ] Safepoint "RevokeBias", Time since last: 508920008 ns, Reaching safepoint: 149298 ns, At safepoint: 60239 ns, Total: 209537 ns
[2020-02-26T10:09:44.113+0000][1][safepoint    ] Safepoint "Cleanup", Time since last: 1000179243 ns, Reaching safepoint: 120848 ns, At safepoint: 15933 ns, Total: 136781 ns
[2020-02-26T10:09:45.114+0000][1][safepoint    ] Safepoint "Cleanup", Time since last: 1000753112 ns, Reaching safepoint: 79057 ns, At safepoint: 10248 ns, Total: 89305 ns
[2020-02-26T10:09:45.621+0000][1][safepoint    ] Safepoint "RevokeBias", Time since last: 506935760 ns, Reaching safepoint: 88709 ns, At safepoint: 23635 ns, Total: 112344 ns
[2020-02-26T10:09:46.621+0000][1][safepoint    ] Safepoint "Cleanup", Time since last: 1000391860 ns, Reaching safepoint: 77840 ns, At safepoint: 9286 ns, Total: 87126 ns
[2020-02-26T10:09:47.622+0000][1][safepoint    ] Safepoint "Cleanup", Time since last: 1000260143 ns, Reaching safepoint: 77344 ns, At safepoint: 9018 ns, Total: 86362 ns
[2020-02-26T10:09:48.138+0000][1][safepoint    ] Safepoint "RevokeBias", Time since last: 515864879 ns, Reaching safepoint: 52592 ns, At safepoint: 17760 ns, Total: 70352 ns
[2020-02-26T10:09:49.138+0000][1][safepoint    ] Safepoint "Cleanup", Time since last: 1000518184 ns, Reaching safepoint: 80290 ns, At safepoint: 13946 ns, Total: 94236 ns
[2020-02-26T10:09:50.139+0000][1][safepoint    ] Safepoint "Cleanup", Time since last: 1000574429 ns, Reaching safepoint: 81341 ns, At safepoint: 10919 ns, Total: 92260 ns
[2020-02-26T10:09:50.663+0000][1][safepoint    ] Safepoint "RevokeBias", Time since last: 522762774 ns, Reaching safepoint: 1327882 ns, At safepoint: 35484 ns, Total: 1363366 ns
[2020-02-26T10:09:51.664+0000][1][safepoint    ] Safepoint "Cleanup", Time since last: 1000720309 ns, Reaching safepoint: 126748 ns, At safepoint: 10789 ns, Total: 137537 ns
[2020-02-26T10:09:52.664+0000][1][safepoint    ] Safepoint "Cleanup", Time since last: 1000420440 ns, Reaching safepoint: 112585 ns, At safepoint: 32559 ns, Total: 145144 ns
[2020-02-26T10:09:53.169+0000][1][safepoint    ] Safepoint "RevokeBias", Time since last: 503952793 ns, Reaching safepoint: 108966 ns, At safepoint: 116740 ns, Total: 225706 ns
[2020-02-26T10:09:54.175+0000][1][safepoint    ] Safepoint "Cleanup", Time since last: 1006338844 ns, Reaching safepoint: 77294 ns, At safepoint: 9174 ns, Total: 86468 ns
[2020-02-26T10:09:55.176+0000][1][safepoint    ] Safepoint "Cleanup", Time since last: 1000699925 ns, Reaching safepoint: 121179 ns, At safepoint: 14748 ns, Total: 135927 ns
[2020-02-26T10:09:55.672+0000][1][safepoint    ] Safepoint "RevokeBias", Time since last: 496294880 ns, Reaching safepoint: 84774 ns, At safepoint: 21951 ns, Total: 106725 ns
[2020-02-26T10:09:56.673+0000][1][safepoint    ] Safepoint "Cleanup", Time since last: 1000221487 ns, Reaching safepoint: 78580 ns, At safepoint: 9489 ns, Total: 88069 ns
[2020-02-26T10:09:57.673+0000][1][safepoint    ] Safepoint "Cleanup", Time since last: 1000212225 ns, Reaching safepoint: 111120 ns, At safepoint: 9650 ns, Total: 120770 ns
[2020-02-26T10:09:58.180+0000][1][safepoint    ] Safepoint "RevokeBias", Time since last: 506769514 ns, Reaching safepoint: 53688 ns, At safepoint: 18820 ns, Total: 72508 ns
[2020-02-26T10:09:59.183+0000][1][safepoint    ] Safepoint "Cleanup", Time since last: 1003522109 ns, Reaching safepoint: 95451 ns, At safepoint: 9731 ns, Total: 105182 ns
[2020-02-26T10:10:00.186+0000][1][safepoint    ] Safepoint "Cleanup", Time since last: 1002857517 ns, Reaching safepoint: 116394 ns, At safepoint: 12161 ns, Total: 128555 ns
[2020-02-26T10:10:00.687+0000][1][safepoint    ] Safepoint "RevokeBias", Time since last: 500693233 ns, Reaching safepoint: 70680 ns, At safepoint: 20007 ns, Total: 90687 ns
[2020-02-26T10:10:01.688+0000][1][safepoint    ] Safepoint "Cleanup", Time since last: 1000884131 ns, Reaching safepoint: 76348 ns, At safepoint: 9535 ns, Total: 85883 ns
[2020-02-26T10:10:02.689+0000][1][safepoint    ] Safepoint "Cleanup", Time since last: 1000408938 ns, Reaching safepoint: 110739 ns, At safepoint: 30166 ns, Total: 140905 ns
[2020-02-26T10:10:03.192+0000][1][safepoint    ] Safepoint "RevokeBias", Time since last: 503602539 ns, Reaching safepoint: 69756 ns, At safepoint: 19607 ns, Total: 89363 ns
[2020-02-26T10:10:04.195+0000][1][safepoint    ] Safepoint "Cleanup", Time since last: 1002600162 ns, Reaching safepoint: 103096 ns, At safepoint: 9686 ns, Total: 112782 ns
[2020-02-26T10:10:05.196+0000][1][safepoint    ] Safepoint "Cleanup", Time since last: 1000423392 ns, Reaching safepoint: 76690 ns, At safepoint: 8330 ns, Total: 85020 ns
[2020-02-26T10:10:05.698+0000][1][safepoint    ] Safepoint "RevokeBias", Time since last: 502054360 ns, Reaching safepoint: 75293 ns, At safepoint: 20430 ns, Total: 95723 ns
[2020-02-26T10:10:06.699+0000][1][safepoint    ] Safepoint "Cleanup", Time since last: 1000746504 ns, Reaching safepoint: 165397 ns, At safepoint: 15765 ns, Total: 181162 ns
[2020-02-26T10:10:07.699+0000][1][safepoint    ] Safepoint "Cleanup", Time since last: 1000719234 ns, Reaching safepoint: 114493 ns, At safepoint: 11284 ns, Total: 125777 ns
[2020-02-26T10:10:08.203+0000][1][safepoint    ] Safepoint "RevokeBias", Time since last: 503558870 ns, Reaching safepoint: 72265 ns, At safepoint: 20380 ns, Total: 92645 ns
[2020-02-26T10:10:09.204+0000][1][safepoint    ] Safepoint "Cleanup", Time since last: 1000585387 ns, Reaching safepoint: 92405 ns, At safepoint: 9592 ns, Total: 101997 ns
[2020-02-26T10:10:10.210+0000][1][safepoint    ] Safepoint "Cleanup", Time since last: 1005868511 ns, Reaching safepoint: 73184 ns, At safepoint: 8443 ns, Total: 81627 ns
[2020-02-26T10:10:10.707+0000][1][safepoint    ] Safepoint "RevokeBias", Time since last: 496881916 ns, Reaching safepoint: 96922 ns, At safepoint: 21048 ns, Total: 117970 ns
[2020-02-26T10:10:11.708+0000][1][safepoint    ] Safepoint "Cleanup", Time since last: 1000740062 ns, Reaching safepoint: 116115 ns, At safepoint: 9647 ns, Total: 125762 ns
[2020-02-26T10:10:12.708+0000][1][safepoint    ] Safepoint "Cleanup", Time since last: 1000615828 ns, Reaching safepoint: 73972 ns, At safepoint: 8054 ns, Total: 82026 ns
[2020-02-26T10:10:13.213+0000][1][safepoint    ] Safepoint "RevokeBias", Time since last: 504405002 ns, Reaching safepoint: 126354 ns, At safepoint: 40408 ns, Total: 166762 ns
[2020-02-26T10:10:14.214+0000][1][safepoint    ] Safepoint "Cleanup", Time since last: 1000660799 ns, Reaching safepoint: 75806 ns, At safepoint: 8964 ns, Total: 84770 ns
[2020-02-26T10:10:15.218+0000][1][safepoint    ] Safepoint "Cleanup", Time since last: 1003882112 ns, Reaching safepoint: 93394 ns, At safepoint: 9038 ns, Total: 102432 ns
[2020-02-26T10:10:15.735+0000][1][safepoint    ] Safepoint "RevokeBias", Time since last: 517578175 ns, Reaching safepoint: 112315 ns, At safepoint: 21641 ns, Total: 133956 ns
[2020-02-26T10:10:16.736+0000][1][safepoint    ] Safepoint "Cleanup", Time since last: 1000173628 ns, Reaching safepoint: 129140 ns, At safepoint: 12777 ns, Total: 141917 ns
[2020-02-26T10:10:17.736+0000][1][safepoint    ] Safepoint "Cleanup", Time since last: 1000581976 ns, Reaching safepoint: 93311 ns, At safepoint: 9811 ns, Total: 103122 ns
[2020-02-26T10:10:18.251+0000][1][safepoint    ] Safepoint "RevokeBias", Time since last: 514791484 ns, Reaching safepoint: 89102 ns, At safepoint: 25247 ns, Total: 114349 ns
[2020-02-26T10:10:19.252+0000][1][safepoint    ] Safepoint "Cleanup", Time since last: 1000349403 ns, Reaching safepoint: 92334 ns, At safepoint: 8977 ns, Total: 101311 ns
[2020-02-26T10:10:20.260+0000][1][safepoint    ] Safepoint "Cleanup", Time since last: 1008523690 ns, Reaching safepoint: 89969 ns, At safepoint: 7753 ns, Total: 97722 ns
[2020-02-26T10:10:20.764+0000][1][safepoint    ] Safepoint "RevokeBias", Time since last: 503239238 ns, Reaching safepoint: 87001 ns, At safepoint: 19448 ns, Total: 106449 ns
[2020-02-26T10:10:22.601+0000][1][safepoint    ] Safepoint "Cleanup", Time since last: 1836821729 ns, Reaching safepoint: 88473 ns, At safepoint: 9969 ns, Total: 98442 ns
[2020-02-26T10:10:23.277+0000][1][safepoint    ] Safepoint "RevokeBias", Time since last: 676235005 ns, Reaching safepoint: 73420 ns, At safepoint: 20848 ns, Total: 94268 ns
[2020-02-26T10:10:24.277+0000][1][safepoint    ] Safepoint "Cleanup", Time since last: 1000438745 ns, Reaching safepoint: 110605 ns, At safepoint: 11762 ns, Total: 122367 ns
[2020-02-26T10:10:25.279+0000][1][safepoint    ] Safepoint "Cleanup", Time since last: 1001166126 ns, Reaching safepoint: 149972 ns, At safepoint: 25651 ns, Total: 175623 ns
[2020-02-26T10:10:25.795+0000][1][safepoint    ] Safepoint "RevokeBias", Time since last: 516240280 ns, Reaching safepoint: 86874 ns, At safepoint: 21760 ns, Total: 108634 ns
[2020-02-26T10:10:26.796+0000][1][safepoint    ] Safepoint "Cleanup", Time since last: 1001018754 ns, Reaching safepoint: 115131 ns, At safepoint: 10042 ns, Total: 125173 ns
[2020-02-26T10:10:27.797+0000][1][safepoint    ] Safepoint "Cleanup", Time since last: 1000770274 ns, Reaching safepoint: 91716 ns, At safepoint: 9181 ns, Total: 100897 ns
[2020-02-26T10:10:28.305+0000][1][safepoint    ] Safepoint "RevokeBias", Time since last: 507944992 ns, Reaching safepoint: 72980 ns, At safepoint: 20600 ns, Total: 93580 ns
[2020-02-26T10:10:29.306+0000][1][safepoint    ] Safepoint "Cleanup", Time since last: 1000427596 ns, Reaching safepoint: 81826 ns, At safepoint: 9881 ns, Total: 91707 ns
[2020-02-26T10:10:30.307+0000][1][safepoint    ] Safepoint "Cleanup", Time since last: 1000672115 ns, Reaching safepoint: 93717 ns, At safepoint: 10257 ns, Total: 103974 ns
[2020-02-26T10:10:30.812+0000][1][safepoint    ] Safepoint "RevokeBias", Time since last: 505219937 ns, Reaching safepoint: 70264 ns, At safepoint: 19600 ns, Total: 89864 ns
[2020-02-26T10:10:31.815+0000][1][safepoint    ] Safepoint "Cleanup", Time since last: 1002551304 ns, Reaching safepoint: 131509 ns, At safepoint: 9067 ns, Total: 140576 ns
[2020-02-26T10:10:32.815+0000][1][safepoint    ] Safepoint "Cleanup", Time since last: 1000608364 ns, Reaching safepoint: 103197 ns, At safepoint: 10577 ns, Total: 113774 ns
[2020-02-26T10:10:33.317+0000][1][safepoint    ] Safepoint "BulkRevokeBias", Time since last: 501083817 ns, Reaching safepoint: 73946 ns, At safepoint: 233110 ns, Total: 307056 ns
[2020-02-26T10:10:34.317+0000][1][safepoint    ] Safepoint "Cleanup", Time since last: 1000440497 ns, Reaching safepoint: 79022 ns, At safepoint: 9415 ns, Total: 88437 ns
[2020-02-26T10:10:35.318+0000][1][safepoint    ] Safepoint "Cleanup", Time since last: 1000653198 ns, Reaching safepoint: 83881 ns, At safepoint: 11533 ns, Total: 95414 ns
[2020-02-26T10:10:35.820+0000][1][safepoint    ] Safepoint "RevokeBias", Time since last: 501762387 ns, Reaching safepoint: 78554 ns, At safepoint: 21081 ns, Total: 99635 ns
[2020-02-26T10:10:36.830+0000][1][safepoint    ] Safepoint "Cleanup", Time since last: 1009652386 ns, Reaching safepoint: 93288 ns, At safepoint: 9703 ns, Total: 102991 ns
[2020-02-26T10:10:37.830+0000][1][safepoint    ] Safepoint "Cleanup", Time since last: 1000336725 ns, Reaching safepoint: 76552 ns, At safepoint: 10006 ns, Total: 86558 ns
[2020-02-26T10:10:38.324+0000][1][safepoint    ] Safepoint "RevokeBias", Time since last: 494364840 ns, Reaching safepoint: 90022 ns, At safepoint: 20407 ns, Total: 110429 ns
[2020-02-26T10:10:39.325+0000][1][safepoint    ] Safepoint "Cleanup", Time since last: 1000696736 ns, Reaching safepoint: 134411 ns, At safepoint: 13311 ns, Total: 147722 ns
[2020-02-26T10:10:40.326+0000][1][safepoint    ] Safepoint "Cleanup", Time since last: 1000264652 ns, Reaching safepoint: 77002 ns, At safepoint: 9704 ns, Total: 86706 ns
[2020-02-26T10:10:40.848+0000][1][safepoint    ] Safepoint "RevokeBias", Time since last: 521948155 ns, Reaching safepoint: 76369 ns, At safepoint: 19861 ns, Total: 96230 ns
[2020-02-26T10:10:41.850+0000][1][safepoint    ] Safepoint "Cleanup", Time since last: 1002750185 ns, Reaching safepoint: 57572 ns, At safepoint: 8149 ns, Total: 65721 ns
[2020-02-26T10:10:42.851+0000][1][safepoint    ] Safepoint "Cleanup", Time since last: 1000579154 ns, Reaching safepoint: 92075 ns, At safepoint: 8364 ns, Total: 100439 ns
[2020-02-26T10:10:43.356+0000][1][safepoint    ] Safepoint "RevokeBias", Time since last: 504539608 ns, Reaching safepoint: 72420 ns, At safepoint: 20594 ns, Total: 93014 ns
[2020-02-26T10:10:44.356+0000][1][safepoint    ] Safepoint "Cleanup", Time since last: 1000485974 ns, Reaching safepoint: 96197 ns, At safepoint: 10034 ns, Total: 106231 ns
[2020-02-26T10:10:45.357+0000][1][safepoint    ] Safepoint "Cleanup", Time since last: 1000579482 ns, Reaching safepoint: 74816 ns, At safepoint: 8184 ns, Total: 83000 ns
[2020-02-26T10:10:45.859+0000][1][safepoint    ] Safepoint "RevokeBias", Time since last: 502205211 ns, Reaching safepoint: 98228 ns, At safepoint: 22881 ns, Total: 121109 ns
[2020-02-26T10:10:46.860+0000][1][safepoint    ] Safepoint "Cleanup", Time since last: 1000829692 ns, Reaching safepoint: 81556 ns, At safepoint: 13995 ns, Total: 95551 ns
[2020-02-26T10:10:47.865+0000][1][safepoint    ] Safepoint "Cleanup", Time since last: 1004403887 ns, Reaching safepoint: 184122 ns, At safepoint: 15165 ns, Total: 199287 ns
[2020-02-26T10:10:48.372+0000][1][safepoint    ] Safepoint "RevokeBias", Time since last: 505847930 ns, Reaching safepoint: 1247275 ns, At safepoint: 27417 ns, Total: 1274692 ns
[2020-02-26T10:10:49.456+0000][1][safepoint    ] Safepoint "Cleanup", Time since last: 1083902990 ns, Reaching safepoint: 77635 ns, At safepoint: 11902 ns, Total: 89537 ns
[2020-02-26T10:10:50.457+0000][1][safepoint    ] Safepoint "Cleanup", Time since last: 1000707127 ns, Reaching safepoint: 74310 ns, At safepoint: 7746 ns, Total: 82056 ns
[2020-02-26T10:10:50.875+0000][1][safepoint    ] Safepoint "RevokeBias", Time since last: 418126537 ns, Reaching safepoint: 74612 ns, At safepoint: 20588 ns, Total: 95200 ns
[2020-02-26T10:10:51.875+0000][1][safepoint    ] Safepoint "Cleanup", Time since last: 1000321808 ns, Reaching safepoint: 109099 ns, At safepoint: 11591 ns, Total: 120690 ns
[2020-02-26T10:10:52.882+0000][1][safepoint    ] Safepoint "Cleanup", Time since last: 1006183771 ns, Reaching safepoint: 87249 ns, At safepoint: 8509 ns, Total: 95758 ns
[2020-02-26T10:10:53.382+0000][1][safepoint    ] Safepoint "RevokeBias", Time since last: 499855208 ns, Reaching safepoint: 89664 ns, At safepoint: 20439 ns, Total: 110103 ns
[2020-02-26T10:10:54.382+0000][1][safepoint    ] Safepoint "Cleanup", Time since last: 1000337342 ns, Reaching safepoint: 77949 ns, At safepoint: 9498 ns, Total: 87447 ns
[2020-02-26T10:10:55.383+0000][1][safepoint    ] Safepoint "Cleanup", Time since last: 1000226206 ns, Reaching safepoint: 187424 ns, At safepoint: 31004 ns, Total: 218428 ns
[2020-02-26T10:10:55.935+0000][1][safepoint    ] Safepoint "RevokeBias", Time since last: 552017008 ns, Reaching safepoint: 73845 ns, At safepoint: 19716 ns, Total: 93561 ns
[2020-02-26T10:10:56.291+0000][1][gc,start     ] GC(73) Pause Young (Allocation Failure)
[2020-02-26T10:10:56.291+0000][1][gc,task      ] GC(73) Using 1 workers of 1 for evacuation
[2020-02-26T10:10:56.303+0000][1][gc,age       ] GC(73) Desired survivor size 4358144 bytes, new threshold 6 (max threshold 6)
[2020-02-26T10:10:56.303+0000][1][gc,age       ] GC(73) Age table with threshold 6 (max threshold 6)
[2020-02-26T10:10:56.303+0000][1][gc,age       ] GC(73) - age   1:      11152 bytes,      11152 total
[2020-02-26T10:10:56.303+0000][1][gc,age       ] GC(73) - age   2:        712 bytes,      11864 total
[2020-02-26T10:10:56.303+0000][1][gc,age       ] GC(73) - age   3:        296 bytes,      12160 total
[2020-02-26T10:10:56.303+0000][1][gc,age       ] GC(73) - age   4:        760 bytes,      12920 total
[2020-02-26T10:10:56.303+0000][1][gc,age       ] GC(73) - age   5:        776 bytes,      13696 total
[2020-02-26T10:10:56.303+0000][1][gc,age       ] GC(73) - age   6:         56 bytes,      13752 total
[2020-02-26T10:10:56.303+0000][1][gc,heap      ] GC(73) ParNew: 68188K->18K(76672K)
[2020-02-26T10:10:56.303+0000][1][gc,heap      ] GC(73) CMS: 62661K->62662K(963392K)
[2020-02-26T10:10:56.303+0000][1][gc,metaspace ] GC(73) Metaspace: 79833K->79833K(1122304K)
[2020-02-26T10:10:56.303+0000][1][gc           ] GC(73) Pause Young (Allocation Failure) 127M->61M(1015M) 12.223ms
[2020-02-26T10:10:56.303+0000][1][gc,cpu       ] GC(73) User=0.01s Sys=0.00s Real=0.01s
[2020-02-26T10:10:56.303+0000][1][safepoint    ] Safepoint "GenCollectForAllocation", Time since last: 356029775 ns, Reaching safepoint: 70653 ns, At safepoint: 12279619 ns, Total: 12350272 ns
[2020-02-26T10:10:57.304+0000][1][safepoint    ] Safepoint "Cleanup", Time since last: 1000280529 ns, Reaching safepoint: 155991 ns, At safepoint: 28029 ns, Total: 184020 ns
[2020-02-26T10:10:58.305+0000][1][safepoint    ] Safepoint "Cleanup", Time since last: 1000863776 ns, Reaching safepoint: 103451 ns, At safepoint: 11230 ns, Total: 114681 ns
[2020-02-26T10:10:58.454+0000][1][safepoint    ] Safepoint "RevokeBias", Time since last: 149373285 ns, Reaching safepoint: 131926 ns, At safepoint: 32049 ns, Total: 163975 ns
[2020-02-26T10:10:59.454+0000][1][safepoint    ] Safepoint "Cleanup", Time since last: 1000296937 ns, Reaching safepoint: 77780 ns, At safepoint: 8883 ns, Total: 86663 ns
[2020-02-26T10:11:00.455+0000][1][safepoint    ] Safepoint "Cleanup", Time since last: 1000198080 ns, Reaching safepoint: 94244 ns, At safepoint: 8787 ns, Total: 103031 ns
[2020-02-26T10:11:00.966+0000][1][safepoint    ] Safepoint "RevokeBias", Time since last: 510765808 ns, Reaching safepoint: 73769 ns, At safepoint: 20447 ns, Total: 94216 ns
[2020-02-26T10:11:01.966+0000][1][safepoint    ] Safepoint "Cleanup", Time since last: 1000503303 ns, Reaching safepoint: 74667 ns, At safepoint: 7082 ns, Total: 81749 ns
[2020-02-26T10:11:02.967+0000][1][safepoint    ] Safepoint "Cleanup", Time since last: 1000483260 ns, Reaching safepoint: 72661 ns, At safepoint: 7803 ns, Total: 80464 ns
[2020-02-26T10:11:03.497+0000][1][safepoint    ] Safepoint "RevokeBias", Time since last: 529614737 ns, Reaching safepoint: 119188 ns, At safepoint: 21740 ns, Total: 140928 ns
[2020-02-26T10:11:04.497+0000][1][safepoint    ] Safepoint "Cleanup", Time since last: 1000184858 ns, Reaching safepoint: 75910 ns, At safepoint: 7975 ns, Total: 83885 ns
[2020-02-26T10:11:05.497+0000][1][safepoint    ] Safepoint "Cleanup", Time since last: 1000243694 ns, Reaching safepoint: 73496 ns, At safepoint: 8273 ns, Total: 81769 ns
[2020-02-26T10:11:06.056+0000][1][safepoint    ] Safepoint "RevokeBias", Time since last: 558428501 ns, Reaching safepoint: 70410 ns, At safepoint: 19713 ns, Total: 90123 ns
[2020-02-26T10:11:07.056+0000][1][safepoint    ] Safepoint "Cleanup", Time since last: 1000550849 ns, Reaching safepoint: 78369 ns, At safepoint: 9558 ns, Total: 87927 ns
[2020-02-26T10:11:08.057+0000][1][safepoint    ] Safepoint "Cleanup", Time since last: 1000871850 ns, Reaching safepoint: 76815 ns, At safepoint: 8922 ns, Total: 85737 ns
[2020-02-26T10:11:08.576+0000][1][safepoint    ] Safepoint "RevokeBias", Time since last: 518046604 ns, Reaching safepoint: 260618 ns, At safepoint: 25498 ns, Total: 286116 ns
[2020-02-26T10:11:09.576+0000][1][safepoint    ] Safepoint "Cleanup", Time since last: 1000848292 ns, Reaching safepoint: 77530 ns, At safepoint: 10568 ns, Total: 88098 ns
[2020-02-26T10:11:10.577+0000][1][safepoint    ] Safepoint "Cleanup", Time since last: 1000809101 ns, Reaching safepoint: 76412 ns, At safepoint: 9973 ns, Total: 86385 ns
[2020-02-26T10:11:11.102+0000][1][safepoint    ] Safepoint "RevokeBias", Time since last: 524883099 ns, Reaching safepoint: 73014 ns, At safepoint: 20921 ns, Total: 93935 ns
[2020-02-26T10:11:12.103+0000][1][safepoint    ] Safepoint "Cleanup", Time since last: 1000599670 ns, Reaching safepoint: 94034 ns, At safepoint: 8142 ns, Total: 102176 ns
[2020-02-26T10:11:13.104+0000][1][safepoint    ] Safepoint "Cleanup", Time since last: 1000670179 ns, Reaching safepoint: 156539 ns, At safepoint: 13139 ns, Total: 169678 ns
[2020-02-26T10:11:13.622+0000][1][safepoint    ] Safepoint "RevokeBias", Time since last: 517791557 ns, Reaching safepoint: 70921 ns, At safepoint: 19595 ns, Total: 90516 ns
[2020-02-26T10:11:14.624+0000][1][safepoint    ] Safepoint "Cleanup", Time since last: 1001791816 ns, Reaching safepoint: 63506 ns, At safepoint: 9617 ns, Total: 73123 ns
[2020-02-26T10:11:15.625+0000][1][safepoint    ] Safepoint "Cleanup", Time since last: 1000751107 ns, Reaching safepoint: 118401 ns, At safepoint: 15052 ns, Total: 133453 ns
[2020-02-26T10:11:16.129+0000][1][safepoint    ] Safepoint "RevokeBias", Time since last: 503556985 ns, Reaching safepoint: 151134 ns, At safepoint: 315106 ns, Total: 466240 ns
[2020-02-26T10:11:17.133+0000][1][safepoint    ] Safepoint "Cleanup", Time since last: 1004666126 ns, Reaching safepoint: 97150 ns, At safepoint: 9756 ns, Total: 106906 ns
[2020-02-26T10:11:18.134+0000][1][safepoint    ] Safepoint "Cleanup", Time since last: 1000760263 ns, Reaching safepoint: 197291 ns, At safepoint: 11512 ns, Total: 208803 ns
[2020-02-26T10:11:18.641+0000][1][safepoint    ] Safepoint "RevokeBias", Time since last: 506137999 ns, Reaching safepoint: 53161 ns, At safepoint: 17914 ns, Total: 71075 ns
[2020-02-26T10:11:19.651+0000][1][safepoint    ] Safepoint "Cleanup", Time since last: 1010759157 ns, Reaching safepoint: 94843 ns, At safepoint: 9207 ns, Total: 104050 ns
[2020-02-26T10:11:20.652+0000][1][safepoint    ] Safepoint "Cleanup", Time since last: 1000188996 ns, Reaching safepoint: 77119 ns, At safepoint: 9554 ns, Total: 86673 ns
[2020-02-26T10:11:21.148+0000][1][safepoint    ] Safepoint "RevokeBias", Time since last: 495751086 ns, Reaching safepoint: 53472 ns, At safepoint: 111485 ns, Total: 164957 ns
[2020-02-26T10:11:22.149+0000][1][safepoint    ] Safepoint "Cleanup", Time since last: 1001157296 ns, Reaching safepoint: 145665 ns, At safepoint: 10803 ns, Total: 156468 ns
[2020-02-26T10:11:23.150+0000][1][safepoint    ] Safepoint "Cleanup", Time since last: 1000571576 ns, Reaching safepoint: 113407 ns, At safepoint: 30228 ns, Total: 143635 ns
[2020-02-26T10:11:23.654+0000][1][safepoint    ] Safepoint "RevokeBias", Time since last: 504153927 ns, Reaching safepoint: 73167 ns, At safepoint: 20729 ns, Total: 93896 ns
[2020-02-26T10:11:24.655+0000][1][safepoint    ] Safepoint "Cleanup", Time since last: 1001048294 ns, Reaching safepoint: 134069 ns, At safepoint: 9693 ns, Total: 143762 ns
[2020-02-26T10:11:25.656+0000][1][safepoint    ] Safepoint "Cleanup", Time since last: 1001187431 ns, Reaching safepoint: 92262 ns, At safepoint: 10401 ns, Total: 102663 ns
[2020-02-26T10:11:26.158+0000][1][safepoint    ] Safepoint "RevokeBias", Time since last: 501080301 ns, Reaching safepoint: 74616 ns, At safepoint: 19852 ns, Total: 94468 ns
[2020-02-26T10:11:27.159+0000][1][safepoint    ] Safepoint "Cleanup", Time since last: 1000907874 ns, Reaching safepoint: 133922 ns, At safepoint: 13012 ns, Total: 146934 ns
[2020-02-26T10:11:28.159+0000][1][safepoint    ] Safepoint "Cleanup", Time since last: 1000707041 ns, Reaching safepoint: 80128 ns, At safepoint: 10480 ns, Total: 90608 ns
[2020-02-26T10:11:28.663+0000][1][safepoint    ] Safepoint "RevokeBias", Time since last: 503854639 ns, Reaching safepoint: 72178 ns, At safepoint: 20786 ns, Total: 92964 ns
[2020-02-26T10:11:29.664+0000][1][safepoint    ] Safepoint "Cleanup", Time since last: 1000714395 ns, Reaching safepoint: 86129 ns, At safepoint: 10445 ns, Total: 96574 ns
[2020-02-26T10:11:30.666+0000][1][safepoint    ] Safepoint "Cleanup", Time since last: 1001864985 ns, Reaching safepoint: 93713 ns, At safepoint: 9620 ns, Total: 103333 ns
[2020-02-26T10:11:31.168+0000][1][safepoint    ] Safepoint "RevokeBias", Time since last: 502261089 ns, Reaching safepoint: 71380 ns, At safepoint: 19865 ns, Total: 91245 ns
[2020-02-26T10:11:32.169+0000][1][safepoint    ] Safepoint "Cleanup", Time since last: 1000625649 ns, Reaching safepoint: 76972 ns, At safepoint: 8805 ns, Total: 85777 ns
[2020-02-26T10:11:33.170+0000][1][safepoint    ] Safepoint "Cleanup", Time since last: 1000725440 ns, Reaching safepoint: 95066 ns, At safepoint: 9937 ns, Total: 105003 ns
[2020-02-26T10:11:33.674+0000][1][safepoint    ] Safepoint "RevokeBias", Time since last: 504335136 ns, Reaching safepoint: 113324 ns, At safepoint: 31124 ns, Total: 144448 ns
[2020-02-26T10:11:34.675+0000][1][safepoint    ] Safepoint "Cleanup", Time since last: 1000667316 ns, Reaching safepoint: 115017 ns, At safepoint: 10807 ns, Total: 125824 ns
[2020-02-26T10:11:35.679+0000][1][safepoint    ] Safepoint "Cleanup", Time since last: 1003931831 ns, Reaching safepoint: 230744 ns, At safepoint: 30069 ns, Total: 260813 ns
[2020-02-26T10:11:36.189+0000][1][safepoint    ] Safepoint "RevokeBias", Time since last: 509397182 ns, Reaching safepoint: 189303 ns, At safepoint: 36738 ns, Total: 226041 ns
[2020-02-26T10:11:37.190+0000][1][safepoint    ] Safepoint "Cleanup", Time since last: 1000421177 ns, Reaching safepoint: 77893 ns, At safepoint: 10054 ns, Total: 87947 ns
[2020-02-26T10:11:38.190+0000][1][safepoint    ] Safepoint "Cleanup", Time since last: 1000814393 ns, Reaching safepoint: 85864 ns, At safepoint: 11178 ns, Total: 97042 ns
[2020-02-26T10:11:38.697+0000][1][safepoint    ] Safepoint "RevokeBias", Time since last: 506275713 ns, Reaching safepoint: 71544 ns, At safepoint: 20415 ns, Total: 91959 ns
[2020-02-26T10:11:39.698+0000][1][safepoint    ] Safepoint "Cleanup", Time since last: 1000651239 ns, Reaching safepoint: 75563 ns, At safepoint: 9519 ns, Total: 85082 ns
[2020-02-26T10:11:40.705+0000][1][safepoint    ] Safepoint "Cleanup", Time since last: 1007807604 ns, Reaching safepoint: 75347 ns, At safepoint: 8566 ns, Total: 83913 ns
[2020-02-26T10:11:41.215+0000][1][safepoint    ] Safepoint "RevokeBias", Time since last: 509317800 ns, Reaching safepoint: 90698 ns, At safepoint: 21256 ns, Total: 111954 ns
[2020-02-26T10:11:42.215+0000][1][safepoint    ] Safepoint "Cleanup", Time since last: 1000277917 ns, Reaching safepoint: 121831 ns, At safepoint: 11538 ns, Total: 133369 ns
[2020-02-26T10:11:43.216+0000][1][safepoint    ] Safepoint "Cleanup", Time since last: 1000637219 ns, Reaching safepoint: 80725 ns, At safepoint: 9163 ns, Total: 89888 ns
[2020-02-26T10:11:43.731+0000][1][safepoint    ] Safepoint "RevokeBias", Time since last: 515022802 ns, Reaching safepoint: 155459 ns, At safepoint: 58247 ns, Total: 213706 ns
[2020-02-26T10:11:44.732+0000][1][safepoint    ] Safepoint "Cleanup", Time since last: 1000378779 ns, Reaching safepoint: 79360 ns, At safepoint: 9640 ns, Total: 89000 ns
[2020-02-26T10:11:45.732+0000][1][safepoint    ] Safepoint "Cleanup", Time since last: 1000235169 ns, Reaching safepoint: 118446 ns, At safepoint: 13523 ns, Total: 131969 ns
[2020-02-26T10:11:46.247+0000][1][safepoint    ] Safepoint "BulkRevokeBias", Time since last: 514463871 ns, Reaching safepoint: 127116 ns, At safepoint: 186014 ns, Total: 313130 ns
[2020-02-26T10:11:47.248+0000][1][safepoint    ] Safepoint "Cleanup", Time since last: 1000504472 ns, Reaching safepoint: 116050 ns, At safepoint: 12723 ns, Total: 128773 ns
[2020-02-26T10:11:48.248+0000][1][safepoint    ] Safepoint "Cleanup", Time since last: 1000222542 ns, Reaching safepoint: 96514 ns, At safepoint: 9209 ns, Total: 105723 ns
[2020-02-26T10:11:48.759+0000][1][safepoint    ] Safepoint "RevokeBias", Time since last: 510888769 ns, Reaching safepoint: 216886 ns, At safepoint: 22687 ns, Total: 239573 ns
[2020-02-26T10:11:49.759+0000][1][safepoint    ] Safepoint "Cleanup", Time since last: 1000249157 ns, Reaching safepoint: 86819 ns, At safepoint: 10315 ns, Total: 97134 ns
[2020-02-26T10:11:50.760+0000][1][safepoint    ] Safepoint "Cleanup", Time since last: 1000438823 ns, Reaching safepoint: 80935 ns, At safepoint: 9998 ns, Total: 90933 ns
[2020-02-26T10:11:51.280+0000][1][safepoint    ] Safepoint "RevokeBias", Time since last: 520041314 ns, Reaching safepoint: 135303 ns, At safepoint: 21302 ns, Total: 156605 ns
[2020-02-26T10:11:52.281+0000][1][safepoint    ] Safepoint "Cleanup", Time since last: 1000360554 ns, Reaching safepoint: 76215 ns, At safepoint: 9284 ns, Total: 85499 ns
[2020-02-26T10:11:53.281+0000][1][safepoint    ] Safepoint "Cleanup", Time since last: 1000431569 ns, Reaching safepoint: 92794 ns, At safepoint: 9167 ns, Total: 101961 ns
[2020-02-26T10:11:53.794+0000][1][safepoint    ] Safepoint "RevokeBias", Time since last: 512954470 ns, Reaching safepoint: 192599 ns, At safepoint: 48948 ns, Total: 241547 ns
[2020-02-26T10:11:55.603+0000][1][safepoint    ] Safepoint "Cleanup", Time since last: 1808293695 ns, Reaching safepoint: 91871 ns, At safepoint: 8620 ns, Total: 100491 ns
[2020-02-26T10:11:56.298+0000][1][safepoint    ] Safepoint "RevokeBias", Time since last: 694908095 ns, Reaching safepoint: 71855 ns, At safepoint: 19502 ns, Total: 91357 ns
[2020-02-26T10:11:57.301+0000][1][safepoint    ] Safepoint "Cleanup", Time since last: 1003460682 ns, Reaching safepoint: 97034 ns, At safepoint: 11763 ns, Total: 108797 ns
[2020-02-26T10:11:58.302+0000][1][safepoint    ] Safepoint "Cleanup", Time since last: 1000615775 ns, Reaching safepoint: 79816 ns, At safepoint: 9521 ns, Total: 89337 ns
[2020-02-26T10:11:58.805+0000][1][safepoint    ] Safepoint "RevokeBias", Time since last: 503209474 ns, Reaching safepoint: 102934 ns, At safepoint: 23503 ns, Total: 126437 ns
[2020-02-26T10:11:59.806+0000][1][safepoint    ] Safepoint "Cleanup", Time since last: 1000258173 ns, Reaching safepoint: 76813 ns, At safepoint: 10089 ns, Total: 86902 ns
[2020-02-26T10:12:00.806+0000][1][safepoint    ] Safepoint "Cleanup", Time since last: 1000636130 ns, Reaching safepoint: 89934 ns, At safepoint: 9017 ns, Total: 98951 ns
[2020-02-26T10:12:01.312+0000][1][safepoint    ] Safepoint "RevokeBias", Time since last: 505836506 ns, Reaching safepoint: 70706 ns, At safepoint: 18790 ns, Total: 89496 ns
[2020-02-26T10:12:02.316+0000][1][safepoint    ] Safepoint "Cleanup", Time since last: 1004143147 ns, Reaching safepoint: 84301 ns, At safepoint: 7301 ns, Total: 91602 ns
[2020-02-26T10:12:03.317+0000][1][safepoint    ] Safepoint "Cleanup", Time since last: 1000504721 ns, Reaching safepoint: 203518 ns, At safepoint: 9721 ns, Total: 213239 ns
[2020-02-26T10:12:03.816+0000][1][safepoint    ] Safepoint "RevokeBias", Time since last: 498410704 ns, Reaching safepoint: 169137 ns, At safepoint: 23210 ns, Total: 192347 ns
[2020-02-26T10:12:04.816+0000][1][safepoint    ] Safepoint "Cleanup", Time since last: 1000440836 ns, Reaching safepoint: 74806 ns, At safepoint: 9030 ns, Total: 83836 ns
[2020-02-26T10:12:05.817+0000][1][safepoint    ] Safepoint "Cleanup", Time since last: 1000450485 ns, Reaching safepoint: 154972 ns, At safepoint: 9631 ns, Total: 164603 ns
[2020-02-26T10:12:06.320+0000][1][safepoint    ] Safepoint "RevokeBias", Time since last: 502786350 ns, Reaching safepoint: 107937 ns, At safepoint: 19656 ns, Total: 127593 ns
[2020-02-26T10:12:07.323+0000][1][safepoint    ] Safepoint "Cleanup", Time since last: 1002983298 ns, Reaching safepoint: 74021 ns, At safepoint: 7795 ns, Total: 81816 ns
[2020-02-26T10:12:08.324+0000][1][safepoint    ] Safepoint "Cleanup", Time since last: 1000639777 ns, Reaching safepoint: 114819 ns, At safepoint: 14522 ns, Total: 129341 ns
[2020-02-26T10:12:08.824+0000][1][safepoint    ] Safepoint "RevokeBias", Time since last: 499915750 ns, Reaching safepoint: 111104 ns, At safepoint: 38986 ns, Total: 150090 ns
[2020-02-26T10:12:09.824+0000][1][safepoint    ] Safepoint "Cleanup", Time since last: 1000551780 ns, Reaching safepoint: 75662 ns, At safepoint: 8844 ns, Total: 84506 ns
[2020-02-26T10:12:10.825+0000][1][safepoint    ] Safepoint "Cleanup", Time since last: 1000914029 ns, Reaching safepoint: 135509 ns, At safepoint: 9813 ns, Total: 145322 ns
[2020-02-26T10:12:11.333+0000][1][safepoint    ] Safepoint "RevokeBias", Time since last: 507186994 ns, Reaching safepoint: 83362 ns, At safepoint: 29979 ns, Total: 113341 ns
[2020-02-26T10:12:12.368+0000][1][safepoint    ] Safepoint "Cleanup", Time since last: 1034915569 ns, Reaching safepoint: 113951 ns, At safepoint: 9932 ns, Total: 123883 ns
[2020-02-26T10:12:13.370+0000][1][safepoint    ] Safepoint "Cleanup", Time since last: 1001942096 ns, Reaching safepoint: 77185 ns, At safepoint: 8961 ns, Total: 86146 ns
[2020-02-26T10:12:13.843+0000][1][safepoint    ] Safepoint "RevokeBias", Time since last: 472930871 ns, Reaching safepoint: 68980 ns, At safepoint: 19245 ns, Total: 88225 ns
[2020-02-26T10:12:14.843+0000][1][safepoint    ] Safepoint "Cleanup", Time since last: 1000353761 ns, Reaching safepoint: 76903 ns, At safepoint: 9115 ns, Total: 86018 ns
[2020-02-26T10:12:15.844+0000][1][safepoint    ] Safepoint "Cleanup", Time since last: 1000154089 ns, Reaching safepoint: 76446 ns, At safepoint: 8886 ns, Total: 85332 ns
[2020-02-26T10:12:16.345+0000][1][safepoint    ] Safepoint "RevokeBias", Time since last: 501857755 ns, Reaching safepoint: 87891 ns, At safepoint: 22868 ns, Total: 110759 ns
[2020-02-26T10:12:17.346+0000][1][safepoint    ] Safepoint "Cleanup", Time since last: 1000228631 ns, Reaching safepoint: 79681 ns, At safepoint: 8810 ns, Total: 88491 ns
[2020-02-26T10:12:18.358+0000][1][safepoint    ] Safepoint "Cleanup", Time since last: 1006166507 ns, Reaching safepoint: 5697121 ns, At safepoint: 11878 ns, Total: 5708999 ns
[2020-02-26T10:12:18.853+0000][1][safepoint    ] Safepoint "RevokeBias", Time since last: 494770542 ns, Reaching safepoint: 173695 ns, At safepoint: 21238 ns, Total: 194933 ns
[2020-02-26T10:12:19.961+0000][1][safepoint    ] Safepoint "Cleanup", Time since last: 1108706058 ns, Reaching safepoint: 79236 ns, At safepoint: 9152 ns, Total: 88388 ns
[2020-02-26T10:12:20.962+0000][1][safepoint    ] Safepoint "Cleanup", Time since last: 1000573072 ns, Reaching safepoint: 77297 ns, At safepoint: 9314 ns, Total: 86611 ns
[2020-02-26T10:12:21.363+0000][1][safepoint    ] Safepoint "RevokeBias", Time since last: 401155886 ns, Reaching safepoint: 73821 ns, At safepoint: 19850 ns, Total: 93671 ns
[2020-02-26T10:12:22.364+0000][1][safepoint    ] Safepoint "Cleanup", Time since last: 1000639260 ns, Reaching safepoint: 105058 ns, At safepoint: 27020 ns, Total: 132078 ns
[2020-02-26T10:12:23.368+0000][1][safepoint    ] Safepoint "Cleanup", Time since last: 1003470003 ns, Reaching safepoint: 75717 ns, At safepoint: 8331 ns, Total: 84048 ns
[2020-02-26T10:12:23.887+0000][1][safepoint    ] Safepoint "RevokeBias", Time since last: 519100744 ns, Reaching safepoint: 69720 ns, At safepoint: 19884 ns, Total: 89604 ns
[2020-02-26T10:12:24.888+0000][1][safepoint    ] Safepoint "Cleanup", Time since last: 1000573780 ns, Reaching safepoint: 77249 ns, At safepoint: 8848 ns, Total: 86097 ns
[2020-02-26T10:12:25.888+0000][1][safepoint    ] Safepoint "Cleanup", Time since last: 1000751222 ns, Reaching safepoint: 79625 ns, At safepoint: 9239 ns, Total: 88864 ns
[2020-02-26T10:12:26.401+0000][1][safepoint    ] Safepoint "RevokeBias", Time since last: 512342079 ns, Reaching safepoint: 91654 ns, At safepoint: 19710 ns, Total: 111364 ns
[2020-02-26T10:12:27.402+0000][1][safepoint    ] Safepoint "Cleanup", Time since last: 1000727398 ns, Reaching safepoint: 91165 ns, At safepoint: 8272 ns, Total: 99437 ns
[2020-02-26T10:12:28.403+0000][1][safepoint    ] Safepoint "Cleanup", Time since last: 1000816821 ns, Reaching safepoint: 92556 ns, At safepoint: 9088 ns, Total: 101644 ns
[2020-02-26T10:12:28.920+0000][1][safepoint    ] Safepoint "RevokeBias", Time since last: 516958659 ns, Reaching safepoint: 71423 ns, At safepoint: 17889 ns, Total: 89312 ns
[2020-02-26T10:12:29.920+0000][1][safepoint    ] Safepoint "Cleanup", Time since last: 1000360294 ns, Reaching safepoint: 78077 ns, At safepoint: 9858 ns, Total: 87935 ns
[2020-02-26T10:12:30.921+0000][1][safepoint    ] Safepoint "Cleanup", Time since last: 1000771975 ns, Reaching safepoint: 77496 ns, At safepoint: 9436 ns, Total: 86932 ns
[2020-02-26T10:12:31.438+0000][1][safepoint    ] Safepoint "RevokeBias", Time since last: 516648545 ns, Reaching safepoint: 68568 ns, At safepoint: 19807 ns, Total: 88375 ns
[2020-02-26T10:12:32.458+0000][1][safepoint    ] Safepoint "Cleanup", Time since last: 1020231153 ns, Reaching safepoint: 75293 ns, At safepoint: 9457 ns, Total: 84750 ns
[2020-02-26T10:12:33.459+0000][1][safepoint    ] Safepoint "Cleanup", Time since last: 1000428621 ns, Reaching safepoint: 91421 ns, At safepoint: 10754 ns, Total: 102175 ns
[2020-02-26T10:12:33.950+0000][1][safepoint    ] Safepoint "RevokeBias", Time since last: 490910665 ns, Reaching safepoint: 71239 ns, At safepoint: 19247 ns, Total: 90486 ns
[2020-02-26T10:12:34.956+0000][1][safepoint    ] Safepoint "Cleanup", Time since last: 1006094259 ns, Reaching safepoint: 91075 ns, At safepoint: 8574 ns, Total: 99649 ns
[2020-02-26T10:12:35.956+0000][1][safepoint    ] Safepoint "Cleanup", Time since last: 1000195281 ns, Reaching safepoint: 108497 ns, At safepoint: 8020 ns, Total: 116517 ns
[2020-02-26T10:12:36.463+0000][1][safepoint    ] Safepoint "RevokeBias", Time since last: 506807354 ns, Reaching safepoint: 87304 ns, At safepoint: 19719 ns, Total: 107023 ns
[2020-02-26T10:12:37.463+0000][1][safepoint    ] Safepoint "Cleanup", Time since last: 1000103264 ns, Reaching safepoint: 90468 ns, At safepoint: 9364 ns, Total: 99832 ns
[2020-02-26T10:12:38.464+0000][1][safepoint    ] Safepoint "Cleanup", Time since last: 1000817426 ns, Reaching safepoint: 73648 ns, At safepoint: 8608 ns, Total: 82256 ns
[2020-02-26T10:12:38.971+0000][1][safepoint    ] Safepoint "RevokeBias", Time since last: 505398493 ns, Reaching safepoint: 1224965 ns, At safepoint: 55547 ns, Total: 1280512 ns
[2020-02-26T10:12:39.971+0000][1][safepoint    ] Safepoint "Cleanup", Time since last: 1000306735 ns, Reaching safepoint: 114931 ns, At safepoint: 11735 ns, Total: 126666 ns
[2020-02-26T10:12:40.972+0000][1][safepoint    ] Safepoint "Cleanup", Time since last: 1000437093 ns, Reaching safepoint: 93689 ns, At safepoint: 9684 ns, Total: 103373 ns
[2020-02-26T10:12:41.473+0000][1][safepoint    ] Safepoint "RevokeBias", Time since last: 501126224 ns, Reaching safepoint: 69366 ns, At safepoint: 19434 ns, Total: 88800 ns
[2020-02-26T10:12:42.474+0000][1][safepoint    ] Safepoint "Cleanup", Time since last: 1000598688 ns, Reaching safepoint: 102127 ns, At safepoint: 11174 ns, Total: 113301 ns
[2020-02-26T10:12:43.474+0000][1][safepoint    ] Safepoint "Cleanup", Time since last: 1000671519 ns, Reaching safepoint: 94201 ns, At safepoint: 9888 ns, Total: 104089 ns
[2020-02-26T10:12:43.976+0000][1][safepoint    ] Safepoint "RevokeBias", Time since last: 501515530 ns, Reaching safepoint: 69999 ns, At safepoint: 20143 ns, Total: 90142 ns
[2020-02-26T10:12:44.977+0000][1][safepoint    ] Safepoint "Cleanup", Time since last: 1000821732 ns, Reaching safepoint: 73735 ns, At safepoint: 8649 ns, Total: 82384 ns
[2020-02-26T10:12:45.977+0000][1][safepoint    ] Safepoint "Cleanup", Time since last: 1000193596 ns, Reaching safepoint: 79975 ns, At safepoint: 8534 ns, Total: 88509 ns
[2020-02-26T10:12:46.478+0000][1][safepoint    ] Safepoint "RevokeBias", Time since last: 500699902 ns, Reaching safepoint: 72886 ns, At safepoint: 39633 ns, Total: 112519 ns
[2020-02-26T10:12:47.479+0000][1][safepoint    ] Safepoint "Cleanup", Time since last: 1000636359 ns, Reaching safepoint: 217544 ns, At safepoint: 37509 ns, Total: 255053 ns
[2020-02-26T10:12:48.479+0000][1][safepoint    ] Safepoint "Cleanup", Time since last: 1000255191 ns, Reaching safepoint: 76714 ns, At safepoint: 9216 ns, Total: 85930 ns
[2020-02-26T10:12:48.981+0000][1][safepoint    ] Safepoint "RevokeBias", Time since last: 502062879 ns, Reaching safepoint: 70173 ns, At safepoint: 20042 ns, Total: 90215 ns
[2020-02-26T10:12:49.982+0000][1][safepoint    ] Safepoint "Cleanup", Time since last: 1000722251 ns, Reaching safepoint: 80577 ns, At safepoint: 9453 ns, Total: 90030 ns
[2020-02-26T10:12:50.983+0000][1][safepoint    ] Safepoint "Cleanup", Time since last: 1000921267 ns, Reaching safepoint: 78121 ns, At safepoint: 9261 ns, Total: 87382 ns
[2020-02-26T10:12:51.488+0000][1][safepoint    ] Safepoint "RevokeBias", Time since last: 504362340 ns, Reaching safepoint: 73770 ns, At safepoint: 20176 ns, Total: 93946 ns
[2020-02-26T10:12:52.642+0000][1][safepoint    ] Safepoint "Cleanup", Time since last: 1154238022 ns, Reaching safepoint: 76787 ns, At safepoint: 9660 ns, Total: 86447 ns
[2020-02-26T10:12:53.643+0000][1][safepoint    ] Safepoint "Cleanup", Time since last: 1000965044 ns, Reaching safepoint: 72634 ns, At safepoint: 8740 ns, Total: 81374 ns
[2020-02-26T10:12:53.992+0000][1][safepoint    ] Safepoint "RevokeBias", Time since last: 348796663 ns, Reaching safepoint: 70269 ns, At safepoint: 91313 ns, Total: 161582 ns
[2020-02-26T10:12:54.992+0000][1][safepoint    ] Safepoint "Cleanup", Time since last: 1000122722 ns, Reaching safepoint: 74690 ns, At safepoint: 9066 ns, Total: 83756 ns
[2020-02-26T10:12:55.998+0000][1][safepoint    ] Safepoint "Cleanup", Time since last: 1005259535 ns, Reaching safepoint: 109098 ns, At safepoint: 7541 ns, Total: 116639 ns
[2020-02-26T10:12:56.496+0000][1][safepoint    ] Safepoint "RevokeBias", Time since last: 497908743 ns, Reaching safepoint: 70832 ns, At safepoint: 36487 ns, Total: 107319 ns
[2020-02-26T10:12:57.496+0000][1][safepoint    ] Safepoint "Cleanup", Time since last: 1000324194 ns, Reaching safepoint: 110543 ns, At safepoint: 9092 ns, Total: 119635 ns
[2020-02-26T10:12:58.497+0000][1][safepoint    ] Safepoint "Cleanup", Time since last: 1000699161 ns, Reaching safepoint: 82431 ns, At safepoint: 10354 ns, Total: 92785 ns
[2020-02-26T10:12:59.000+0000][1][safepoint    ] Safepoint "BulkRevokeBias", Time since last: 503072297 ns, Reaching safepoint: 80836 ns, At safepoint: 219524 ns, Total: 300360 ns
[2020-02-26T10:13:00.001+0000][1][safepoint    ] Safepoint "Cleanup", Time since last: 1000324974 ns, Reaching safepoint: 100517 ns, At safepoint: 12676 ns, Total: 113193 ns
[2020-02-26T10:13:01.005+0000][1][safepoint    ] Safepoint "Cleanup", Time since last: 1004708565 ns, Reaching safepoint: 59854 ns, At safepoint: 8810 ns, Total: 68664 ns
[2020-02-26T10:13:01.513+0000][1][safepoint    ] Safepoint "RevokeBias", Time since last: 507557431 ns, Reaching safepoint: 69512 ns, At safepoint: 19079 ns, Total: 88591 ns
[2020-02-26T10:13:02.513+0000][1][safepoint    ] Safepoint "Cleanup", Time since last: 1000298075 ns, Reaching safepoint: 75912 ns, At safepoint: 9239 ns, Total: 85151 ns
[2020-02-26T10:13:03.514+0000][1][safepoint    ] Safepoint "Cleanup", Time since last: 1000347144 ns, Reaching safepoint: 126262 ns, At safepoint: 13714 ns, Total: 139976 ns
[2020-02-26T10:13:04.023+0000][1][safepoint    ] Safepoint "RevokeBias", Time since last: 509370963 ns, Reaching safepoint: 110018 ns, At safepoint: 30498 ns, Total: 140516 ns
[2020-02-26T10:13:05.024+0000][1][safepoint    ] Safepoint "Cleanup", Time since last: 1000271723 ns, Reaching safepoint: 93656 ns, At safepoint: 9325 ns, Total: 102981 ns
[2020-02-26T10:13:06.024+0000][1][safepoint    ] Safepoint "Cleanup", Time since last: 1000370502 ns, Reaching safepoint: 110524 ns, At safepoint: 9034 ns, Total: 119558 ns
[2020-02-26T10:13:06.533+0000][1][safepoint    ] Safepoint "RevokeBias", Time since last: 508606718 ns, Reaching safepoint: 70562 ns, At safepoint: 36466 ns, Total: 107028 ns
[2020-02-26T10:13:07.534+0000][1][safepoint    ] Safepoint "Cleanup", Time since last: 1000847952 ns, Reaching safepoint: 81923 ns, At safepoint: 9428 ns, Total: 91351 ns
[2020-02-26T10:13:08.535+0000][1][safepoint    ] Safepoint "Cleanup", Time since last: 1000847083 ns, Reaching safepoint: 95162 ns, At safepoint: 13916 ns, Total: 109078 ns
[2020-02-26T10:13:09.043+0000][1][safepoint    ] Safepoint "RevokeBias", Time since last: 507799831 ns, Reaching safepoint: 129904 ns, At safepoint: 82820 ns, Total: 212724 ns
[2020-02-26T10:13:10.044+0000][1][safepoint    ] Safepoint "Cleanup", Time since last: 1001150958 ns, Reaching safepoint: 121323 ns, At safepoint: 12592 ns, Total: 133915 ns
[2020-02-26T10:13:11.045+0000][1][safepoint    ] Safepoint "Cleanup", Time since last: 1000414954 ns, Reaching safepoint: 95243 ns, At safepoint: 12041 ns, Total: 107284 ns
[2020-02-26T10:13:11.557+0000][1][safepoint    ] Safepoint "RevokeBias", Time since last: 512333034 ns, Reaching safepoint: 69778 ns, At safepoint: 19563 ns, Total: 89341 ns
[2020-02-26T10:13:12.558+0000][1][safepoint    ] Safepoint "Cleanup", Time since last: 1000691787 ns, Reaching safepoint: 113852 ns, At safepoint: 8965 ns, Total: 122817 ns
[2020-02-26T10:13:13.559+0000][1][safepoint    ] Safepoint "Cleanup", Time since last: 1000765620 ns, Reaching safepoint: 123082 ns, At safepoint: 9331 ns, Total: 132413 ns
[2020-02-26T10:13:14.069+0000][1][safepoint    ] Safepoint "RevokeBias", Time since last: 510283584 ns, Reaching safepoint: 145909 ns, At safepoint: 57484 ns, Total: 203393 ns
[2020-02-26T10:13:15.070+0000][1][safepoint    ] Safepoint "Cleanup", Time since last: 1000321417 ns, Reaching safepoint: 81048 ns, At safepoint: 9683 ns, Total: 90731 ns
[2020-02-26T10:13:16.070+0000][1][safepoint    ] Safepoint "Cleanup", Time since last: 1000420484 ns, Reaching safepoint: 74018 ns, At safepoint: 8500 ns, Total: 82518 ns
[2020-02-26T10:13:16.117+0000][1][gc,start     ] GC(74) Pause Young (Allocation Failure)
[2020-02-26T10:13:16.117+0000][1][gc,task      ] GC(74) Using 1 workers of 1 for evacuation
[2020-02-26T10:13:16.127+0000][1][gc,age       ] GC(74) Desired survivor size 4358144 bytes, new threshold 6 (max threshold 6)
[2020-02-26T10:13:16.127+0000][1][gc,age       ] GC(74) Age table with threshold 6 (max threshold 6)
[2020-02-26T10:13:16.127+0000][1][gc,age       ] GC(74) - age   1:      11792 bytes,      11792 total
[2020-02-26T10:13:16.127+0000][1][gc,age       ] GC(74) - age   2:        384 bytes,      12176 total
[2020-02-26T10:13:16.127+0000][1][gc,age       ] GC(74) - age   3:        712 bytes,      12888 total
[2020-02-26T10:13:16.127+0000][1][gc,age       ] GC(74) - age   4:        296 bytes,      13184 total
[2020-02-26T10:13:16.127+0000][1][gc,age       ] GC(74) - age   5:        760 bytes,      13944 total
[2020-02-26T10:13:16.127+0000][1][gc,age       ] GC(74) - age   6:        776 bytes,      14720 total
[2020-02-26T10:13:16.127+0000][1][gc,heap      ] GC(74) ParNew: 68178K->24K(76672K)
[2020-02-26T10:13:16.127+0000][1][gc,heap      ] GC(74) CMS: 62662K->62662K(963392K)
[2020-02-26T10:13:16.127+0000][1][gc,metaspace ] GC(74) Metaspace: 79838K->79838K(1122304K)
[2020-02-26T10:13:16.127+0000][1][gc           ] GC(74) Pause Young (Allocation Failure) 127M->61M(1015M) 10.175ms
[2020-02-26T10:13:16.127+0000][1][gc,cpu       ] GC(74) User=0.01s Sys=0.00s Real=0.01s
[2020-02-26T10:13:16.127+0000][1][safepoint    ] Safepoint "GenCollectForAllocation", Time since last: 46111854 ns, Reaching safepoint: 71234 ns, At safepoint: 10291004 ns, Total: 10362238 ns
[2020-02-26T10:13:16.573+0000][1][safepoint    ] Safepoint "RevokeBias", Time since last: 446343601 ns, Reaching safepoint: 140276 ns, At safepoint: 25692 ns, Total: 165968 ns
[2020-02-26T10:13:17.577+0000][1][safepoint    ] Safepoint "Cleanup", Time since last: 1003395185 ns, Reaching safepoint: 75191 ns, At safepoint: 7807 ns, Total: 82998 ns
[2020-02-26T10:13:19.077+0000][1][safepoint    ] Safepoint "RevokeBias", Time since last: 1499847969 ns, Reaching safepoint: 70456 ns, At safepoint: 19128 ns, Total: 89584 ns
[2020-02-26T10:13:20.077+0000][1][safepoint    ] Safepoint "Cleanup", Time since last: 1000640879 ns, Reaching safepoint: 78167 ns, At safepoint: 9279 ns, Total: 87446 ns
[2020-02-26T10:13:21.078+0000][1][safepoint    ] Safepoint "Cleanup", Time since last: 1000431371 ns, Reaching safepoint: 76552 ns, At safepoint: 8226 ns, Total: 84778 ns
[2020-02-26T10:13:21.582+0000][1][safepoint    ] Safepoint "RevokeBias", Time since last: 504205081 ns, Reaching safepoint: 74296 ns, At safepoint: 19666 ns, Total: 93962 ns
[2020-02-26T10:13:22.586+0000][1][safepoint    ] Safepoint "Cleanup", Time since last: 1004091585 ns, Reaching safepoint: 76740 ns, At safepoint: 9124 ns, Total: 85864 ns
[2020-02-26T10:13:23.587+0000][1][safepoint    ] Safepoint "Cleanup", Time since last: 1000536544 ns, Reaching safepoint: 97988 ns, At safepoint: 11063 ns, Total: 109051 ns
[2020-02-26T10:13:24.086+0000][1][safepoint    ] Safepoint "RevokeBias", Time since last: 498611367 ns, Reaching safepoint: 72115 ns, At safepoint: 20593 ns, Total: 92708 ns
[2020-02-26T10:13:25.086+0000][1][safepoint    ] Safepoint "Cleanup", Time since last: 1000243597 ns, Reaching safepoint: 78334 ns, At safepoint: 9151 ns, Total: 87485 ns
[2020-02-26T10:13:26.086+0000][1][safepoint    ] Safepoint "Cleanup", Time since last: 1000223400 ns, Reaching safepoint: 117937 ns, At safepoint: 10336 ns, Total: 128273 ns
[2020-02-26T10:13:26.590+0000][1][safepoint    ] Safepoint "RevokeBias", Time since last: 503174288 ns, Reaching safepoint: 73443 ns, At safepoint: 20740 ns, Total: 94183 ns
[2020-02-26T10:13:27.596+0000][1][safepoint    ] Safepoint "Cleanup", Time since last: 1006181941 ns, Reaching safepoint: 131087 ns, At safepoint: 8935 ns, Total: 140022 ns
[2020-02-26T10:13:28.596+0000][1][safepoint    ] Safepoint "Cleanup", Time since last: 1000183825 ns, Reaching safepoint: 82670 ns, At safepoint: 9677 ns, Total: 92347 ns
[2020-02-26T10:13:29.094+0000][1][safepoint    ] Safepoint "RevokeBias", Time since last: 497422735 ns, Reaching safepoint: 135608 ns, At safepoint: 57278 ns, Total: 192886 ns
[2020-02-26T10:13:30.094+0000][1][safepoint    ] Safepoint "Cleanup", Time since last: 1000316118 ns, Reaching safepoint: 214875 ns, At safepoint: 9179 ns, Total: 224054 ns
[2020-02-26T10:13:31.095+0000][1][safepoint    ] Safepoint "Cleanup", Time since last: 1000374147 ns, Reaching safepoint: 110087 ns, At safepoint: 9112 ns, Total: 119199 ns
[2020-02-26T10:13:31.601+0000][1][safepoint    ] Safepoint "RevokeBias", Time since last: 505725313 ns, Reaching safepoint: 74200 ns, At safepoint: 20248 ns, Total: 94448 ns
[2020-02-26T10:13:32.601+0000][1][safepoint    ] Safepoint "Cleanup", Time since last: 1000428957 ns, Reaching safepoint: 88647 ns, At safepoint: 8474 ns, Total: 97121 ns
[2020-02-26T10:13:33.604+0000][1][safepoint    ] Safepoint "Cleanup", Time since last: 1002275094 ns, Reaching safepoint: 122443 ns, At safepoint: 9121 ns, Total: 131564 ns
[2020-02-26T10:13:34.108+0000][1][safepoint    ] Safepoint "RevokeBias", Time since last: 503815215 ns, Reaching safepoint: 223337 ns, At safepoint: 32088 ns, Total: 255425 ns
[2020-02-26T10:13:35.108+0000][1][safepoint    ] Safepoint "Cleanup", Time since last: 1000361312 ns, Reaching safepoint: 112271 ns, At safepoint: 9696 ns, Total: 121967 ns
[2020-02-26T10:13:36.109+0000][1][safepoint    ] Safepoint "Cleanup", Time since last: 1000403155 ns, Reaching safepoint: 92239 ns, At safepoint: 8324 ns, Total: 100563 ns
[2020-02-26T10:13:36.611+0000][1][safepoint    ] Safepoint "RevokeBias", Time since last: 501738605 ns, Reaching safepoint: 72894 ns, At safepoint: 36323 ns, Total: 109217 ns
[2020-02-26T10:13:37.611+0000][1][safepoint    ] Safepoint "Cleanup", Time since last: 1000666266 ns, Reaching safepoint: 90658 ns, At safepoint: 9084 ns, Total: 99742 ns
[2020-02-26T10:13:38.613+0000][1][safepoint    ] Safepoint "Cleanup", Time since last: 1001238187 ns, Reaching safepoint: 75469 ns, At safepoint: 7744 ns, Total: 83213 ns
[2020-02-26T10:13:39.133+0000][1][safepoint    ] Safepoint "RevokeBias", Time since last: 519802475 ns, Reaching safepoint: 137826 ns, At safepoint: 37692 ns, Total: 175518 ns
[2020-02-26T10:13:40.133+0000][1][safepoint    ] Safepoint "Cleanup", Time since last: 1000127151 ns, Reaching safepoint: 74874 ns, At safepoint: 9145 ns, Total: 84019 ns
[2020-02-26T10:13:41.134+0000][1][safepoint    ] Safepoint "Cleanup", Time since last: 1000900703 ns, Reaching safepoint: 92779 ns, At safepoint: 9925 ns, Total: 102704 ns
[2020-02-26T10:13:41.643+0000][1][safepoint    ] Safepoint "RevokeBias", Time since last: 508730776 ns, Reaching safepoint: 206235 ns, At safepoint: 39548 ns, Total: 245783 ns
[2020-02-26T10:13:42.643+0000][1][safepoint    ] Safepoint "Cleanup", Time since last: 1000524437 ns, Reaching safepoint: 96529 ns, At safepoint: 9826 ns, Total: 106355 ns
[2020-02-26T10:13:43.644+0000][1][safepoint    ] Safepoint "Cleanup", Time since last: 1000765684 ns, Reaching safepoint: 90186 ns, At safepoint: 16618 ns, Total: 106804 ns
[2020-02-26T10:13:44.162+0000][1][safepoint    ] Safepoint "RevokeBias", Time since last: 517183981 ns, Reaching safepoint: 83260 ns, At safepoint: 23473 ns, Total: 106733 ns
[2020-02-26T10:13:45.162+0000][1][safepoint    ] Safepoint "Cleanup", Time since last: 1000645227 ns, Reaching safepoint: 78425 ns, At safepoint: 9027 ns, Total: 87452 ns
[2020-02-26T10:13:46.163+0000][1][safepoint    ] Safepoint "Cleanup", Time since last: 1000428671 ns, Reaching safepoint: 77326 ns, At safepoint: 9734 ns, Total: 87060 ns
[2020-02-26T10:13:46.686+0000][1][safepoint    ] Safepoint "RevokeBias", Time since last: 523296881 ns, Reaching safepoint: 150982 ns, At safepoint: 22775 ns, Total: 173757 ns
[2020-02-26T10:13:47.687+0000][1][safepoint    ] Safepoint "Cleanup", Time since last: 1000411264 ns, Reaching safepoint: 81407 ns, At safepoint: 9144 ns, Total: 90551 ns
[2020-02-26T10:13:48.687+0000][1][safepoint    ] Safepoint "Cleanup", Time since last: 1000239546 ns, Reaching safepoint: 77409 ns, At safepoint: 8977 ns, Total: 86386 ns
[2020-02-26T10:13:49.217+0000][1][safepoint    ] Safepoint "RevokeBias", Time since last: 529215074 ns, Reaching safepoint: 145732 ns, At safepoint: 23478 ns, Total: 169210 ns
[2020-02-26T10:13:50.217+0000][1][safepoint    ] Safepoint "Cleanup", Time since last: 1000207204 ns, Reaching safepoint: 91971 ns, At safepoint: 9293 ns, Total: 101264 ns
[2020-02-26T10:13:51.217+0000][1][safepoint    ] Safepoint "Cleanup", Time since last: 1000292749 ns, Reaching safepoint: 75307 ns, At safepoint: 7489 ns, Total: 82796 ns
[2020-02-26T10:13:51.727+0000][1][safepoint    ] Safepoint "RevokeBias", Time since last: 509690488 ns, Reaching safepoint: 78413 ns, At safepoint: 19415 ns, Total: 97828 ns
[2020-02-26T10:13:52.727+0000][1][safepoint    ] Safepoint "Cleanup", Time since last: 1000199379 ns, Reaching safepoint: 77376 ns, At safepoint: 8808 ns, Total: 86184 ns
[2020-02-26T10:13:53.728+0000][1][safepoint    ] Safepoint "Cleanup", Time since last: 1000213529 ns, Reaching safepoint: 82123 ns, At safepoint: 10327 ns, Total: 92450 ns
[2020-02-26T10:13:54.240+0000][1][safepoint    ] Safepoint "RevokeBias", Time since last: 512012239 ns, Reaching safepoint: 54392 ns, At safepoint: 18118 ns, Total: 72510 ns
[2020-02-26T10:13:55.609+0000][1][safepoint    ] Safepoint "Cleanup", Time since last: 1368927302 ns, Reaching safepoint: 78155 ns, At safepoint: 9119 ns, Total: 87274 ns
[2020-02-26T10:13:56.609+0000][1][safepoint    ] Safepoint "Cleanup", Time since last: 1000392015 ns, Reaching safepoint: 78266 ns, At safepoint: 10104 ns, Total: 88370 ns
[2020-02-26T10:13:56.751+0000][1][safepoint    ] Safepoint "RevokeBias", Time since last: 141901384 ns, Reaching safepoint: 70652 ns, At safepoint: 19315 ns, Total: 89967 ns
[2020-02-26T10:13:57.752+0000][1][safepoint    ] Safepoint "Cleanup", Time since last: 1001013614 ns, Reaching safepoint: 77929 ns, At safepoint: 9162 ns, Total: 87091 ns
[2020-02-26T10:13:58.753+0000][1][safepoint    ] Safepoint "Cleanup", Time since last: 1001000163 ns, Reaching safepoint: 73445 ns, At safepoint: 8185 ns, Total: 81630 ns
[2020-02-26T10:13:59.255+0000][1][safepoint    ] Safepoint "RevokeBias", Time since last: 501685714 ns, Reaching safepoint: 55289 ns, At safepoint: 18358 ns, Total: 73647 ns
[2020-02-26T10:14:00.256+0000][1][safepoint    ] Safepoint "Cleanup", Time since last: 1001052491 ns, Reaching safepoint: 74849 ns, At safepoint: 8219 ns, Total: 83068 ns
[2020-02-26T10:14:01.257+0000][1][safepoint    ] Safepoint "Cleanup", Time since last: 1000761778 ns, Reaching safepoint: 78316 ns, At safepoint: 9081 ns, Total: 87397 ns
[2020-02-26T10:14:01.761+0000][1][safepoint    ] Safepoint "RevokeBias", Time since last: 504080624 ns, Reaching safepoint: 175731 ns, At safepoint: 22319 ns, Total: 198050 ns
[2020-02-26T10:14:02.762+0000][1][safepoint    ] Safepoint "Cleanup", Time since last: 1000605869 ns, Reaching safepoint: 75904 ns, At safepoint: 8690 ns, Total: 84594 ns
[2020-02-26T10:14:03.763+0000][1][safepoint    ] Safepoint "Cleanup", Time since last: 1000555398 ns, Reaching safepoint: 96385 ns, At safepoint: 9739 ns, Total: 106124 ns
[2020-02-26T10:14:04.266+0000][1][safepoint    ] Safepoint "RevokeBias", Time since last: 502694331 ns, Reaching safepoint: 70528 ns, At safepoint: 20138 ns, Total: 90666 ns
[2020-02-26T10:14:05.268+0000][1][safepoint    ] Safepoint "Cleanup", Time since last: 1002656841 ns, Reaching safepoint: 74648 ns, At safepoint: 63866 ns, Total: 138514 ns
[2020-02-26T10:14:06.269+0000][1][safepoint    ] Safepoint "Cleanup", Time since last: 1000670405 ns, Reaching safepoint: 127741 ns, At safepoint: 9458 ns, Total: 137199 ns
[2020-02-26T10:14:06.768+0000][1][safepoint    ] Safepoint "RevokeBias", Time since last: 498415525 ns, Reaching safepoint: 70439 ns, At safepoint: 89898 ns, Total: 160337 ns
[2020-02-26T10:14:07.768+0000][1][safepoint    ] Safepoint "Cleanup", Time since last: 1000430056 ns, Reaching safepoint: 113340 ns, At safepoint: 11353 ns, Total: 124693 ns
[2020-02-26T10:14:08.769+0000][1][safepoint    ] Safepoint "Cleanup", Time since last: 1000663337 ns, Reaching safepoint: 78724 ns, At safepoint: 9874 ns, Total: 88598 ns
[2020-02-26T10:14:09.272+0000][1][safepoint    ] Safepoint "RevokeBias", Time since last: 502734176 ns, Reaching safepoint: 106224 ns, At safepoint: 24030 ns, Total: 130254 ns
[2020-02-26T10:14:10.272+0000][1][safepoint    ] Safepoint "Cleanup", Time since last: 1000361776 ns, Reaching safepoint: 119339 ns, At safepoint: 14448 ns, Total: 133787 ns
[2020-02-26T10:14:11.276+0000][1][safepoint    ] Safepoint "Cleanup", Time since last: 1003307803 ns, Reaching safepoint: 75529 ns, At safepoint: 8830 ns, Total: 84359 ns
[2020-02-26T10:14:11.881+0000][1][safepoint    ] Safepoint "BulkRevokeBias", Time since last: 604759571 ns, Reaching safepoint: 125859 ns, At safepoint: 310537 ns, Total: 436396 ns
[2020-02-26T10:14:12.881+0000][1][safepoint    ] Safepoint "Cleanup", Time since last: 1000294596 ns, Reaching safepoint: 73653 ns, At safepoint: 7640 ns, Total: 81293 ns
[2020-02-26T10:14:13.882+0000][1][safepoint    ] Safepoint "Cleanup", Time since last: 1000280613 ns, Reaching safepoint: 75751 ns, At safepoint: 9040 ns, Total: 84791 ns
[2020-02-26T10:14:14.385+0000][1][safepoint    ] Safepoint "RevokeBias", Time since last: 503235700 ns, Reaching safepoint: 119225 ns, At safepoint: 32816 ns, Total: 152041 ns
[2020-02-26T10:14:15.386+0000][1][safepoint    ] Safepoint "Cleanup", Time since last: 1000676706 ns, Reaching safepoint: 95863 ns, At safepoint: 9214 ns, Total: 105077 ns
[2020-02-26T10:14:16.392+0000][1][safepoint    ] Safepoint "Cleanup", Time since last: 1006371396 ns, Reaching safepoint: 107010 ns, At safepoint: 7568 ns, Total: 114578 ns
[2020-02-26T10:14:16.890+0000][1][safepoint    ] Safepoint "RevokeBias", Time since last: 497200364 ns, Reaching safepoint: 70446 ns, At safepoint: 36232 ns, Total: 106678 ns
[2020-02-26T10:14:17.890+0000][1][safepoint    ] Safepoint "Cleanup", Time since last: 1000689832 ns, Reaching safepoint: 77028 ns, At safepoint: 9384 ns, Total: 86412 ns
[2020-02-26T10:14:18.891+0000][1][safepoint    ] Safepoint "Cleanup", Time since last: 1000431504 ns, Reaching safepoint: 80226 ns, At safepoint: 10484 ns, Total: 90710 ns
[2020-02-26T10:14:19.395+0000][1][safepoint    ] Safepoint "RevokeBias", Time since last: 503785638 ns, Reaching safepoint: 134659 ns, At safepoint: 60783 ns, Total: 195442 ns
[2020-02-26T10:14:20.396+0000][1][safepoint    ] Safepoint "Cleanup", Time since last: 1000629043 ns, Reaching safepoint: 175026 ns, At safepoint: 8943 ns, Total: 183969 ns
[2020-02-26T10:14:21.403+0000][1][safepoint    ] Safepoint "Cleanup", Time since last: 1007381254 ns, Reaching safepoint: 75341 ns, At safepoint: 7940 ns, Total: 83281 ns
[2020-02-26T10:14:21.995+0000][1][safepoint    ] Safepoint "RevokeBias", Time since last: 591397591 ns, Reaching safepoint: 490008 ns, At safepoint: 23153 ns, Total: 513161 ns
[2020-02-26T10:14:22.996+0000][1][safepoint    ] Safepoint "Cleanup", Time since last: 1000348574 ns, Reaching safepoint: 75979 ns, At safepoint: 8824 ns, Total: 84803 ns
[2020-02-26T10:14:23.996+0000][1][safepoint    ] Safepoint "Cleanup", Time since last: 1000183918 ns, Reaching safepoint: 74256 ns, At safepoint: 8475 ns, Total: 82731 ns
[2020-02-26T10:14:24.504+0000][1][safepoint    ] Safepoint "RevokeBias", Time since last: 508493166 ns, Reaching safepoint: 117394 ns, At safepoint: 31927 ns, Total: 149321 ns
[2020-02-26T10:14:25.505+0000][1][safepoint    ] Safepoint "Cleanup", Time since last: 1000726186 ns, Reaching safepoint: 82845 ns, At safepoint: 10250 ns, Total: 93095 ns
[2020-02-26T10:14:26.506+0000][1][safepoint    ] Safepoint "Cleanup", Time since last: 1000474070 ns, Reaching safepoint: 78108 ns, At safepoint: 9662 ns, Total: 87770 ns
[2020-02-26T10:14:27.013+0000][1][safepoint    ] Safepoint "RevokeBias", Time since last: 506689978 ns, Reaching safepoint: 71891 ns, At safepoint: 19890 ns, Total: 91781 ns
[2020-02-26T10:14:28.013+0000][1][safepoint    ] Safepoint "Cleanup", Time since last: 1000128212 ns, Reaching safepoint: 82491 ns, At safepoint: 10293 ns, Total: 92784 ns
[2020-02-26T10:14:29.014+0000][1][safepoint    ] Safepoint "Cleanup", Time since last: 1000762332 ns, Reaching safepoint: 79318 ns, At safepoint: 9114 ns, Total: 88432 ns
[2020-02-26T10:14:29.523+0000][1][safepoint    ] Safepoint "RevokeBias", Time since last: 509261932 ns, Reaching safepoint: 76504 ns, At safepoint: 20767 ns, Total: 97271 ns
[2020-02-26T10:14:30.524+0000][1][safepoint    ] Safepoint "Cleanup", Time since last: 1000704484 ns, Reaching safepoint: 115846 ns, At safepoint: 13021 ns, Total: 128867 ns
[2020-02-26T10:14:31.524+0000][1][safepoint    ] Safepoint "Cleanup", Time since last: 1000347546 ns, Reaching safepoint: 82272 ns, At safepoint: 10293 ns, Total: 92565 ns
[2020-02-26T10:14:32.034+0000][1][safepoint    ] Safepoint "RevokeBias", Time since last: 509139771 ns, Reaching safepoint: 70909 ns, At safepoint: 18619 ns, Total: 89528 ns
[2020-02-26T10:14:33.034+0000][1][safepoint    ] Safepoint "Cleanup", Time since last: 1000146270 ns, Reaching safepoint: 77663 ns, At safepoint: 9549 ns, Total: 87212 ns
[2020-02-26T10:14:34.034+0000][1][safepoint    ] Safepoint "Cleanup", Time since last: 1000319635 ns, Reaching safepoint: 77687 ns, At safepoint: 8915 ns, Total: 86602 ns
[2020-02-26T10:14:34.546+0000][1][safepoint    ] Safepoint "RevokeBias", Time since last: 511990542 ns, Reaching safepoint: 70222 ns, At safepoint: 19192 ns, Total: 89414 ns
[2020-02-26T10:14:35.547+0000][1][safepoint    ] Safepoint "Cleanup", Time since last: 1000721520 ns, Reaching safepoint: 76995 ns, At safepoint: 9389 ns, Total: 86384 ns
[2020-02-26T10:14:36.548+0000][1][safepoint    ] Safepoint "Cleanup", Time since last: 1000403151 ns, Reaching safepoint: 78201 ns, At safepoint: 9487 ns, Total: 87688 ns
[2020-02-26T10:14:37.048+0000][1][safepoint    ] Safepoint "RevokeBias", Time since last: 500789945 ns, Reaching safepoint: 70640 ns, At safepoint: 19590 ns, Total: 90230 ns
[2020-02-26T10:14:38.051+0000][1][safepoint    ] Safepoint "Cleanup", Time since last: 1002177140 ns, Reaching safepoint: 203876 ns, At safepoint: 26659 ns, Total: 230535 ns
[2020-02-26T10:14:39.052+0000][1][safepoint    ] Safepoint "Cleanup", Time since last: 1000649174 ns, Reaching safepoint: 120747 ns, At safepoint: 12604 ns, Total: 133351 ns
[2020-02-26T10:14:39.553+0000][1][safepoint    ] Safepoint "RevokeBias", Time since last: 501281781 ns, Reaching safepoint: 70838 ns, At safepoint: 19911 ns, Total: 90749 ns
[2020-02-26T10:14:40.553+0000][1][safepoint    ] Safepoint "Cleanup", Time since last: 1000206273 ns, Reaching safepoint: 76629 ns, At safepoint: 9615 ns, Total: 86244 ns
[2020-02-26T10:14:41.554+0000][1][safepoint    ] Safepoint "Cleanup", Time since last: 1000360551 ns, Reaching safepoint: 181686 ns, At safepoint: 26286 ns, Total: 207972 ns
[2020-02-26T10:14:42.058+0000][1][safepoint    ] Safepoint "RevokeBias", Time since last: 503496894 ns, Reaching safepoint: 84731 ns, At safepoint: 21773 ns, Total: 106504 ns
[2020-02-26T10:14:43.067+0000][1][safepoint    ] Safepoint "Cleanup", Time since last: 1009095056 ns, Reaching safepoint: 73508 ns, At safepoint: 8436 ns, Total: 81944 ns
[2020-02-26T10:14:44.067+0000][1][safepoint    ] Safepoint "Cleanup", Time since last: 1000232605 ns, Reaching safepoint: 88704 ns, At safepoint: 11940 ns, Total: 100644 ns
[2020-02-26T10:14:44.561+0000][1][safepoint    ] Safepoint "RevokeBias", Time since last: 493952704 ns, Reaching safepoint: 70579 ns, At safepoint: 19377 ns, Total: 89956 ns
[2020-02-26T10:14:45.562+0000][1][safepoint    ] Safepoint "Cleanup", Time since last: 1000604713 ns, Reaching safepoint: 79021 ns, At safepoint: 9058 ns, Total: 88079 ns
[2020-02-26T10:14:46.562+0000][1][safepoint    ] Safepoint "Cleanup", Time since last: 1000426150 ns, Reaching safepoint: 111061 ns, At safepoint: 8692 ns, Total: 119753 ns
[2020-02-26T10:14:47.064+0000][1][safepoint    ] Safepoint "RevokeBias", Time since last: 501343736 ns, Reaching safepoint: 70414 ns, At safepoint: 34911 ns, Total: 105325 ns
[2020-02-26T10:14:48.066+0000][1][safepoint    ] Safepoint "Cleanup", Time since last: 1002400751 ns, Reaching safepoint: 77370 ns, At safepoint: 8721 ns, Total: 86091 ns
[2020-02-26T10:14:49.075+0000][1][safepoint    ] Safepoint "Cleanup", Time since last: 1008176470 ns, Reaching safepoint: 175332 ns, At safepoint: 14799 ns, Total: 190131 ns
[2020-02-26T10:14:49.569+0000][1][safepoint    ] Safepoint "RevokeBias", Time since last: 494569616 ns, Reaching safepoint: 72201 ns, At safepoint: 19641 ns, Total: 91842 ns
[2020-02-26T10:14:50.570+0000][1][safepoint    ] Safepoint "Cleanup", Time since last: 1000943288 ns, Reaching safepoint: 85667 ns, At safepoint: 11068 ns, Total: 96735 ns
[2020-02-26T10:14:51.571+0000][1][safepoint    ] Safepoint "Cleanup", Time since last: 1000560168 ns, Reaching safepoint: 72846 ns, At safepoint: 7952 ns, Total: 80798 ns
[2020-02-26T10:14:52.076+0000][1][safepoint    ] Safepoint "RevokeBias", Time since last: 504843452 ns, Reaching safepoint: 71690 ns, At safepoint: 19157 ns, Total: 90847 ns
[2020-02-26T10:14:53.077+0000][1][safepoint    ] Safepoint "Cleanup", Time since last: 1000614665 ns, Reaching safepoint: 114514 ns, At safepoint: 12677 ns, Total: 127191 ns
[2020-02-26T10:14:54.084+0000][1][safepoint    ] Safepoint "Cleanup", Time since last: 1006824732 ns, Reaching safepoint: 62743 ns, At safepoint: 9599 ns, Total: 72342 ns
[2020-02-26T10:14:54.581+0000][1][safepoint    ] Safepoint "RevokeBias", Time since last: 497165106 ns, Reaching safepoint: 72310 ns, At safepoint: 19497 ns, Total: 91807 ns
[2020-02-26T10:14:55.582+0000][1][safepoint    ] Safepoint "Cleanup", Time since last: 1000474606 ns, Reaching safepoint: 239094 ns, At safepoint: 30649 ns, Total: 269743 ns
[2020-02-26T10:14:56.582+0000][1][safepoint    ] Safepoint "Cleanup", Time since last: 1000544431 ns, Reaching safepoint: 74416 ns, At safepoint: 8294 ns, Total: 82710 ns
[2020-02-26T10:14:57.085+0000][1][safepoint    ] Safepoint "RevokeBias", Time since last: 502721921 ns, Reaching safepoint: 70971 ns, At safepoint: 23013 ns, Total: 93984 ns
[2020-02-26T10:14:58.087+0000][1][safepoint    ] Safepoint "Cleanup", Time since last: 1001469090 ns, Reaching safepoint: 76116 ns, At safepoint: 8465 ns, Total: 84581 ns
[2020-02-26T10:14:59.092+0000][1][safepoint    ] Safepoint "Cleanup", Time since last: 1005618700 ns, Reaching safepoint: 92746 ns, At safepoint: 9629 ns, Total: 102375 ns
[2020-02-26T10:14:59.604+0000][1][safepoint    ] Safepoint "RevokeBias", Time since last: 511911172 ns, Reaching safepoint: 199014 ns, At safepoint: 33046 ns, Total: 232060 ns
[2020-02-26T10:15:00.605+0000][1][safepoint    ] Safepoint "Cleanup", Time since last: 1000179703 ns, Reaching safepoint: 81567 ns, At safepoint: 9635 ns, Total: 91202 ns
[2020-02-26T10:15:01.605+0000][1][safepoint    ] Safepoint "Cleanup", Time since last: 1000698929 ns, Reaching safepoint: 99200 ns, At safepoint: 9963 ns, Total: 109163 ns
[2020-02-26T10:15:02.122+0000][1][safepoint    ] Safepoint "RevokeBias", Time since last: 516102490 ns, Reaching safepoint: 71052 ns, At safepoint: 76113 ns, Total: 147165 ns
[2020-02-26T10:15:03.122+0000][1][safepoint    ] Safepoint "Cleanup", Time since last: 1000310904 ns, Reaching safepoint: 78511 ns, At safepoint: 8493 ns, Total: 87004 ns
[2020-02-26T10:15:04.123+0000][1][safepoint    ] Safepoint "Cleanup", Time since last: 1000649054 ns, Reaching safepoint: 77467 ns, At safepoint: 9487 ns, Total: 86954 ns
[2020-02-26T10:15:04.633+0000][1][safepoint    ] Safepoint "RevokeBias", Time since last: 509887489 ns, Reaching safepoint: 116516 ns, At safepoint: 21494 ns, Total: 138010 ns
[2020-02-26T10:15:05.634+0000][1][safepoint    ] Safepoint "Cleanup", Time since last: 1001017301 ns, Reaching safepoint: 89288 ns, At safepoint: 11456 ns, Total: 100744 ns
[2020-02-26T10:15:06.634+0000][1][safepoint    ] Safepoint "Cleanup", Time since last: 1000200383 ns, Reaching safepoint: 93493 ns, At safepoint: 30776 ns, Total: 124269 ns
[2020-02-26T10:15:07.143+0000][1][safepoint    ] Safepoint "RevokeBias", Time since last: 508381382 ns, Reaching safepoint: 151908 ns, At safepoint: 23031 ns, Total: 174939 ns
[2020-02-26T10:15:08.143+0000][1][safepoint    ] Safepoint "Cleanup", Time since last: 1000177482 ns, Reaching safepoint: 182051 ns, At safepoint: 26824 ns, Total: 208875 ns
[2020-02-26T10:15:09.144+0000][1][safepoint    ] Safepoint "Cleanup", Time since last: 1000895460 ns, Reaching safepoint: 88521 ns, At safepoint: 11549 ns, Total: 100070 ns
[2020-02-26T10:15:09.652+0000][1][safepoint    ] Safepoint "RevokeBias", Time since last: 507943941 ns, Reaching safepoint: 69186 ns, At safepoint: 57004 ns, Total: 126190 ns
[2020-02-26T10:15:10.653+0000][1][safepoint    ] Safepoint "Cleanup", Time since last: 1000870297 ns, Reaching safepoint: 78345 ns, At safepoint: 9136 ns, Total: 87481 ns
[2020-02-26T10:15:11.654+0000][1][safepoint    ] Safepoint "Cleanup", Time since last: 1000424839 ns, Reaching safepoint: 78807 ns, At safepoint: 8757 ns, Total: 87564 ns
[2020-02-26T10:15:12.163+0000][1][safepoint    ] Safepoint "RevokeBias", Time since last: 508776519 ns, Reaching safepoint: 71293 ns, At safepoint: 19721 ns, Total: 91014 ns
[2020-02-26T10:15:13.163+0000][1][safepoint    ] Safepoint "Cleanup", Time since last: 1000123460 ns, Reaching safepoint: 95328 ns, At safepoint: 8750 ns, Total: 104078 ns
[2020-02-26T10:15:14.164+0000][1][safepoint    ] Safepoint "Cleanup", Time since last: 1000873564 ns, Reaching safepoint: 99191 ns, At safepoint: 13551 ns, Total: 112742 ns
[2020-02-26T10:15:14.667+0000][1][safepoint    ] Safepoint "RevokeBias", Time since last: 502936643 ns, Reaching safepoint: 69915 ns, At safepoint: 19415 ns, Total: 89330 ns
[2020-02-26T10:15:15.670+0000][1][safepoint    ] Safepoint "Cleanup", Time since last: 1002684538 ns, Reaching safepoint: 76748 ns, At safepoint: 9121 ns, Total: 85869 ns
[2020-02-26T10:15:16.670+0000][1][safepoint    ] Safepoint "Cleanup", Time since last: 1000395387 ns, Reaching safepoint: 109988 ns, At safepoint: 9279 ns, Total: 119267 ns
[2020-02-26T10:15:17.170+0000][1][safepoint    ] Safepoint "RevokeBias", Time since last: 499515986 ns, Reaching safepoint: 73067 ns, At safepoint: 36243 ns, Total: 109310 ns
[2020-02-26T10:15:18.171+0000][1][safepoint    ] Safepoint "Cleanup", Time since last: 1000780476 ns, Reaching safepoint: 77377 ns, At safepoint: 8933 ns, Total: 86310 ns
[2020-02-26T10:15:19.171+0000][1][safepoint    ] Safepoint "Cleanup", Time since last: 1000405077 ns, Reaching safepoint: 76410 ns, At safepoint: 9543 ns, Total: 85953 ns
[2020-02-26T10:15:19.675+0000][1][safepoint    ] Safepoint "RevokeBias", Time since last: 503374398 ns, Reaching safepoint: 133433 ns, At safepoint: 24802 ns, Total: 158235 ns
[2020-02-26T10:15:21.032+0000][1][safepoint    ] Safepoint "Cleanup", Time since last: 1356982978 ns, Reaching safepoint: 97757 ns, At safepoint: 9448 ns, Total: 107205 ns
[2020-02-26T10:15:22.033+0000][1][safepoint    ] Safepoint "Cleanup", Time since last: 1001423425 ns, Reaching safepoint: 78056 ns, At safepoint: 8570 ns, Total: 86626 ns
[2020-02-26T10:15:22.181+0000][1][safepoint    ] Safepoint "RevokeBias", Time since last: 147976023 ns, Reaching safepoint: 71413 ns, At safepoint: 96956 ns, Total: 168369 ns
[2020-02-26T10:15:23.182+0000][1][safepoint    ] Safepoint "Cleanup", Time since last: 1000595820 ns, Reaching safepoint: 92456 ns, At safepoint: 9550 ns, Total: 102006 ns
[2020-02-26T10:15:24.183+0000][1][safepoint    ] Safepoint "Cleanup", Time since last: 1000844946 ns, Reaching safepoint: 110191 ns, At safepoint: 11588 ns, Total: 121779 ns
[2020-02-26T10:15:24.688+0000][1][safepoint    ] Safepoint "BulkRevokeBias", Time since last: 504514606 ns, Reaching safepoint: 69553 ns, At safepoint: 345732 ns, Total: 415285 ns
[2020-02-26T10:15:25.700+0000][1][safepoint    ] Safepoint "Cleanup", Time since last: 1011412573 ns, Reaching safepoint: 76874 ns, At safepoint: 8237 ns, Total: 85111 ns
[2020-02-26T10:15:26.701+0000][1][safepoint    ] Safepoint "Cleanup", Time since last: 1000832558 ns, Reaching safepoint: 128610 ns, At safepoint: 9798 ns, Total: 138408 ns
[2020-02-26T10:15:27.191+0000][1][safepoint    ] Safepoint "RevokeBias", Time since last: 490341429 ns, Reaching safepoint: 56917 ns, At safepoint: 35201 ns, Total: 92118 ns
[2020-02-26T10:15:28.192+0000][1][safepoint    ] Safepoint "Cleanup", Time since last: 1000780130 ns, Reaching safepoint: 80088 ns, At safepoint: 8846 ns, Total: 88934 ns
[2020-02-26T10:15:29.193+0000][1][safepoint    ] Safepoint "Cleanup", Time since last: 1000783598 ns, Reaching safepoint: 76317 ns, At safepoint: 9512 ns, Total: 85829 ns
[2020-02-26T10:15:29.697+0000][1][safepoint    ] Safepoint "RevokeBias", Time since last: 504062411 ns, Reaching safepoint: 110800 ns, At safepoint: 35258 ns, Total: 146058 ns
[2020-02-26T10:15:30.697+0000][1][safepoint    ] Safepoint "Cleanup", Time since last: 1000386591 ns, Reaching safepoint: 129044 ns, At safepoint: 13011 ns, Total: 142055 ns
[2020-02-26T10:15:31.700+0000][1][safepoint    ] Safepoint "Cleanup", Time since last: 1002951564 ns, Reaching safepoint: 75151 ns, At safepoint: 9632 ns, Total: 84783 ns
[2020-02-26T10:15:31.745+0000][1][gc,start     ] GC(75) Pause Young (Allocation Failure)
[2020-02-26T10:15:31.745+0000][1][gc,task      ] GC(75) Using 1 workers of 1 for evacuation
[2020-02-26T10:15:31.755+0000][1][gc,age       ] GC(75) Desired survivor size 4358144 bytes, new threshold 6 (max threshold 6)
[2020-02-26T10:15:31.755+0000][1][gc,age       ] GC(75) Age table with threshold 6 (max threshold 6)
[2020-02-26T10:15:31.755+0000][1][gc,age       ] GC(75) - age   1:      11104 bytes,      11104 total
[2020-02-26T10:15:31.755+0000][1][gc,age       ] GC(75) - age   2:        120 bytes,      11224 total
[2020-02-26T10:15:31.755+0000][1][gc,age       ] GC(75) - age   3:        384 bytes,      11608 total
[2020-02-26T10:15:31.755+0000][1][gc,age       ] GC(75) - age   4:        592 bytes,      12200 total
[2020-02-26T10:15:31.755+0000][1][gc,age       ] GC(75) - age   5:        296 bytes,      12496 total
[2020-02-26T10:15:31.755+0000][1][gc,age       ] GC(75) - age   6:        760 bytes,      13256 total
[2020-02-26T10:15:31.755+0000][1][gc,heap      ] GC(75) ParNew: 68184K->16K(76672K)
[2020-02-26T10:15:31.755+0000][1][gc,heap      ] GC(75) CMS: 62662K->62662K(963392K)
[2020-02-26T10:15:31.755+0000][1][gc,metaspace ] GC(75) Metaspace: 79842K->79842K(1122304K)
[2020-02-26T10:15:31.755+0000][1][gc           ] GC(75) Pause Young (Allocation Failure) 127M->61M(1015M) 10.025ms
[2020-02-26T10:15:31.755+0000][1][gc,cpu       ] GC(75) User=0.01s Sys=0.00s Real=0.01s
[2020-02-26T10:15:31.755+0000][1][safepoint    ] Safepoint "GenCollectForAllocation", Time since last: 44328511 ns, Reaching safepoint: 68840 ns, At safepoint: 10077787 ns, Total: 10146627 ns
[2020-02-26T10:15:32.201+0000][1][safepoint    ] Safepoint "RevokeBias", Time since last: 445992966 ns, Reaching safepoint: 70867 ns, At safepoint: 19251 ns, Total: 90118 ns
[2020-02-26T10:15:33.201+0000][1][safepoint    ] Safepoint "Cleanup", Time since last: 1000370051 ns, Reaching safepoint: 74364 ns, At safepoint: 9180 ns, Total: 83544 ns
[2020-02-26T10:15:34.202+0000][1][safepoint    ] Safepoint "Cleanup", Time since last: 1000260301 ns, Reaching safepoint: 76392 ns, At safepoint: 8709 ns, Total: 85101 ns
[2020-02-26T10:15:34.704+0000][1][safepoint    ] Safepoint "RevokeBias", Time since last: 502266382 ns, Reaching safepoint: 138845 ns, At safepoint: 34828 ns, Total: 173673 ns
[2020-02-26T10:15:35.705+0000][1][safepoint    ] Safepoint "Cleanup", Time since last: 1000638441 ns, Reaching safepoint: 73900 ns, At safepoint: 7733 ns, Total: 81633 ns
[2020-02-26T10:15:36.710+0000][1][safepoint    ] Safepoint "Cleanup", Time since last: 1005117835 ns, Reaching safepoint: 87240 ns, At safepoint: 10490 ns, Total: 97730 ns
[2020-02-26T10:15:37.213+0000][1][safepoint    ] Safepoint "RevokeBias", Time since last: 502432632 ns, Reaching safepoint: 74083 ns, At safepoint: 20936 ns, Total: 95019 ns
[2020-02-26T10:15:38.213+0000][1][safepoint    ] Safepoint "Cleanup", Time since last: 1000648350 ns, Reaching safepoint: 89279 ns, At safepoint: 7750 ns, Total: 97029 ns
[2020-02-26T10:15:39.214+0000][1][safepoint    ] Safepoint "Cleanup", Time since last: 1000457520 ns, Reaching safepoint: 98589 ns, At safepoint: 35890 ns, Total: 134479 ns
[2020-02-26T10:15:39.722+0000][1][safepoint    ] Safepoint "RevokeBias", Time since last: 508324885 ns, Reaching safepoint: 70781 ns, At safepoint: 19719 ns, Total: 90500 ns
[2020-02-26T10:15:40.723+0000][1][safepoint    ] Safepoint "Cleanup", Time since last: 1000760901 ns, Reaching safepoint: 75327 ns, At safepoint: 7706 ns, Total: 83033 ns
[2020-02-26T10:15:41.724+0000][1][safepoint    ] Safepoint "Cleanup", Time since last: 1000874563 ns, Reaching safepoint: 120408 ns, At safepoint: 9196 ns, Total: 129604 ns
[2020-02-26T10:15:42.231+0000][1][safepoint    ] Safepoint "RevokeBias", Time since last: 506297396 ns, Reaching safepoint: 91913 ns, At safepoint: 20680 ns, Total: 112593 ns
[2020-02-26T10:15:43.231+0000][1][safepoint    ] Safepoint "Cleanup", Time since last: 1000627579 ns, Reaching safepoint: 78558 ns, At safepoint: 9188 ns, Total: 87746 ns
[2020-02-26T10:15:44.232+0000][1][safepoint    ] Safepoint "Cleanup", Time since last: 1000493434 ns, Reaching safepoint: 90242 ns, At safepoint: 10957 ns, Total: 101199 ns
[2020-02-26T10:15:44.741+0000][1][safepoint    ] Safepoint "RevokeBias", Time since last: 509116629 ns, Reaching safepoint: 131357 ns, At safepoint: 31189 ns, Total: 162546 ns
[2020-02-26T10:15:45.742+0000][1][safepoint    ] Safepoint "Cleanup", Time since last: 1000434749 ns, Reaching safepoint: 78703 ns, At safepoint: 9189 ns, Total: 87892 ns
[2020-02-26T10:15:46.743+0000][1][safepoint    ] Safepoint "Cleanup", Time since last: 1000751971 ns, Reaching safepoint: 195005 ns, At safepoint: 25966 ns, Total: 220971 ns
[2020-02-26T10:15:47.260+0000][1][safepoint    ] Safepoint "RevokeBias", Time since last: 516716492 ns, Reaching safepoint: 78591 ns, At safepoint: 21339 ns, Total: 99930 ns
[2020-02-26T10:15:48.260+0000][1][safepoint    ] Safepoint "Cleanup", Time since last: 1000489830 ns, Reaching safepoint: 73998 ns, At safepoint: 9192 ns, Total: 83190 ns
[2020-02-26T10:15:49.261+0000][1][safepoint    ] Safepoint "Cleanup", Time since last: 1000430247 ns, Reaching safepoint: 155706 ns, At safepoint: 11315 ns, Total: 167021 ns
[2020-02-26T10:15:49.769+0000][1][safepoint    ] Safepoint "RevokeBias", Time since last: 507807382 ns, Reaching safepoint: 103100 ns, At safepoint: 25630 ns, Total: 128730 ns
[2020-02-26T10:15:50.769+0000][1][safepoint    ] Safepoint "Cleanup", Time since last: 1000435907 ns, Reaching safepoint: 92192 ns, At safepoint: 9252 ns, Total: 101444 ns
[2020-02-26T10:15:52.282+0000][1][safepoint    ] Safepoint "RevokeBias", Time since last: 1513052574 ns, Reaching safepoint: 90484 ns, At safepoint: 19851 ns, Total: 110335 ns
[2020-02-26T10:15:53.283+0000][1][safepoint    ] Safepoint "Cleanup", Time since last: 1000668769 ns, Reaching safepoint: 97359 ns, At safepoint: 8822 ns, Total: 106181 ns
[2020-02-26T10:15:54.284+0000][1][safepoint    ] Safepoint "Cleanup", Time since last: 1000698328 ns, Reaching safepoint: 88881 ns, At safepoint: 8659 ns, Total: 97540 ns
[2020-02-26T10:15:54.796+0000][1][safepoint    ] Safepoint "RevokeBias", Time since last: 511924177 ns, Reaching safepoint: 70124 ns, At safepoint: 19310 ns, Total: 89434 ns
[2020-02-26T10:15:55.797+0000][1][safepoint    ] Safepoint "Cleanup", Time since last: 1000987254 ns, Reaching safepoint: 76350 ns, At safepoint: 7843 ns, Total: 84193 ns
[2020-02-26T10:15:56.798+0000][1][safepoint    ] Safepoint "Cleanup", Time since last: 1000745253 ns, Reaching safepoint: 92791 ns, At safepoint: 7925 ns, Total: 100716 ns
[2020-02-26T10:15:57.300+0000][1][safepoint    ] Safepoint "RevokeBias", Time since last: 501920788 ns, Reaching safepoint: 56646 ns, At safepoint: 34556 ns, Total: 91202 ns
[2020-02-26T10:15:58.307+0000][1][safepoint    ] Safepoint "Cleanup", Time since last: 1007124155 ns, Reaching safepoint: 74733 ns, At safepoint: 8805 ns, Total: 83538 ns
[2020-02-26T10:15:59.308+0000][1][safepoint    ] Safepoint "Cleanup", Time since last: 1000762606 ns, Reaching safepoint: 92469 ns, At safepoint: 8965 ns, Total: 101434 ns
[2020-02-26T10:15:59.803+0000][1][safepoint    ] Safepoint "RevokeBias", Time since last: 494737503 ns, Reaching safepoint: 86155 ns, At safepoint: 22065 ns, Total: 108220 ns
[2020-02-26T10:16:00.803+0000][1][safepoint    ] Safepoint "Cleanup", Time since last: 1000323587 ns, Reaching safepoint: 70379 ns, At safepoint: 8616 ns, Total: 78995 ns
[2020-02-26T10:16:01.804+0000][1][safepoint    ] Safepoint "Cleanup", Time since last: 1000213677 ns, Reaching safepoint: 103223 ns, At safepoint: 12008 ns, Total: 115231 ns
[2020-02-26T10:16:02.309+0000][1][safepoint    ] Safepoint "RevokeBias", Time since last: 505679570 ns, Reaching safepoint: 115833 ns, At safepoint: 20377 ns, Total: 136210 ns
[2020-02-26T10:16:03.314+0000][1][safepoint    ] Safepoint "Cleanup", Time since last: 1004574360 ns, Reaching safepoint: 81460 ns, At safepoint: 9423 ns, Total: 90883 ns
[2020-02-26T10:16:04.315+0000][1][safepoint    ] Safepoint "Cleanup", Time since last: 1000662713 ns, Reaching safepoint: 76075 ns, At safepoint: 10470 ns, Total: 86545 ns
[2020-02-26T10:16:04.815+0000][1][safepoint    ] Safepoint "RevokeBias", Time since last: 499584819 ns, Reaching safepoint: 87563 ns, At safepoint: 18813 ns, Total: 106376 ns
[2020-02-26T10:16:05.815+0000][1][safepoint    ] Safepoint "Cleanup", Time since last: 1000845123 ns, Reaching safepoint: 75050 ns, At safepoint: 8558 ns, Total: 83608 ns
[2020-02-26T10:16:06.816+0000][1][safepoint    ] Safepoint "Cleanup", Time since last: 1000177971 ns, Reaching safepoint: 95148 ns, At safepoint: 9737 ns, Total: 104885 ns
[2020-02-26T10:16:07.317+0000][1][safepoint    ] Safepoint "RevokeBias", Time since last: 501057415 ns, Reaching safepoint: 70371 ns, At safepoint: 19766 ns, Total: 90137 ns
[2020-02-26T10:16:08.320+0000][1][safepoint    ] Safepoint "Cleanup", Time since last: 1003142783 ns, Reaching safepoint: 79207 ns, At safepoint: 9206 ns, Total: 88413 ns
[2020-02-26T10:16:09.321+0000][1][safepoint    ] Safepoint "Cleanup", Time since last: 1000336850 ns, Reaching safepoint: 99480 ns, At safepoint: 10009 ns, Total: 109489 ns
[2020-02-26T10:16:09.823+0000][1][safepoint    ] Safepoint "RevokeBias", Time since last: 502298712 ns, Reaching safepoint: 167801 ns, At safepoint: 39481 ns, Total: 207282 ns
[2020-02-26T10:16:10.824+0000][1][safepoint    ] Safepoint "Cleanup", Time since last: 1000546506 ns, Reaching safepoint: 92728 ns, At safepoint: 11361 ns, Total: 104089 ns
[2020-02-26T10:16:11.825+0000][1][safepoint    ] Safepoint "Cleanup", Time since last: 1001128946 ns, Reaching safepoint: 77586 ns, At safepoint: 9102 ns, Total: 86688 ns
[2020-02-26T10:16:12.327+0000][1][safepoint    ] Safepoint "RevokeBias", Time since last: 502328788 ns, Reaching safepoint: 73947 ns, At safepoint: 20091 ns, Total: 94038 ns
[2020-02-26T10:16:13.328+0000][1][safepoint    ] Safepoint "Cleanup", Time since last: 1000915615 ns, Reaching safepoint: 119611 ns, At safepoint: 13733 ns, Total: 133344 ns
[2020-02-26T10:16:14.329+0000][1][safepoint    ] Safepoint "Cleanup", Time since last: 1000333816 ns, Reaching safepoint: 78327 ns, At safepoint: 9031 ns, Total: 87358 ns
[2020-02-26T10:16:14.834+0000][1][safepoint    ] Safepoint "RevokeBias", Time since last: 504826421 ns, Reaching safepoint: 91040 ns, At safepoint: 21956 ns, Total: 112996 ns
[2020-02-26T10:16:15.835+0000][1][safepoint    ] Safepoint "Cleanup", Time since last: 1000784273 ns, Reaching safepoint: 112359 ns, At safepoint: 10454 ns, Total: 122813 ns
[2020-02-26T10:16:16.835+0000][1][safepoint    ] Safepoint "Cleanup", Time since last: 1000405123 ns, Reaching safepoint: 77074 ns, At safepoint: 9064 ns, Total: 86138 ns
[2020-02-26T10:16:17.337+0000][1][safepoint    ] Safepoint "RevokeBias", Time since last: 501861955 ns, Reaching safepoint: 73746 ns, At safepoint: 20122 ns, Total: 93868 ns
[2020-02-26T10:16:18.338+0000][1][safepoint    ] Safepoint "Cleanup", Time since last: 1000407319 ns, Reaching safepoint: 83944 ns, At safepoint: 26814 ns, Total: 110758 ns
[2020-02-26T10:16:19.338+0000][1][safepoint    ] Safepoint "Cleanup", Time since last: 1000496242 ns, Reaching safepoint: 66105 ns, At safepoint: 8901 ns, Total: 75006 ns
[2020-02-26T10:16:19.853+0000][1][safepoint    ] Safepoint "RevokeBias", Time since last: 514529439 ns, Reaching safepoint: 76001 ns, At safepoint: 20963 ns, Total: 96964 ns
[2020-02-26T10:16:20.854+0000][1][safepoint    ] Safepoint "Cleanup", Time since last: 1000867741 ns, Reaching safepoint: 92271 ns, At safepoint: 8914 ns, Total: 101185 ns
[2020-02-26T10:16:22.366+0000][1][safepoint    ] Safepoint "RevokeBias", Time since last: 1511768373 ns, Reaching safepoint: 71901 ns, At safepoint: 19873 ns, Total: 91774 ns
[2020-02-26T10:16:23.366+0000][1][safepoint    ] Safepoint "Cleanup", Time since last: 1000692911 ns, Reaching safepoint: 76595 ns, At safepoint: 8664 ns, Total: 85259 ns
[2020-02-26T10:16:24.369+0000][1][safepoint    ] Safepoint "Cleanup", Time since last: 1002240516 ns, Reaching safepoint: 120665 ns, At safepoint: 13133 ns, Total: 133798 ns
[2020-02-26T10:16:24.876+0000][1][safepoint    ] Safepoint "RevokeBias", Time since last: 507366634 ns, Reaching safepoint: 70465 ns, At safepoint: 19149 ns, Total: 89614 ns
[2020-02-26T10:16:25.876+0000][1][safepoint    ] Safepoint "Cleanup", Time since last: 1000119869 ns, Reaching safepoint: 77479 ns, At safepoint: 9700 ns, Total: 87179 ns
[2020-02-26T10:16:26.877+0000][1][safepoint    ] Safepoint "Cleanup", Time since last: 1000558818 ns, Reaching safepoint: 94804 ns, At safepoint: 9220 ns, Total: 104024 ns
[2020-02-26T10:16:27.390+0000][1][safepoint    ] Safepoint "RevokeBias", Time since last: 512315273 ns, Reaching safepoint: 71781 ns, At safepoint: 35321 ns, Total: 107102 ns
[2020-02-26T10:16:28.391+0000][1][safepoint    ] Safepoint "Cleanup", Time since last: 1000964824 ns, Reaching safepoint: 90155 ns, At safepoint: 10574 ns, Total: 100729 ns
[2020-02-26T10:16:29.391+0000][1][safepoint    ] Safepoint "Cleanup", Time since last: 1000411759 ns, Reaching safepoint: 88732 ns, At safepoint: 10709 ns, Total: 99441 ns
[2020-02-26T10:16:29.900+0000][1][safepoint    ] Safepoint "RevokeBias", Time since last: 509011814 ns, Reaching safepoint: 73664 ns, At safepoint: 20642 ns, Total: 94306 ns
[2020-02-26T10:16:30.901+0000][1][safepoint    ] Safepoint "Cleanup", Time since last: 1000571168 ns, Reaching safepoint: 78587 ns, At safepoint: 9472 ns, Total: 88059 ns
[2020-02-26T10:16:31.902+0000][1][safepoint    ] Safepoint "Cleanup", Time since last: 1000649428 ns, Reaching safepoint: 78877 ns, At safepoint: 9906 ns, Total: 88783 ns
[2020-02-26T10:16:32.415+0000][1][safepoint    ] Safepoint "RevokeBias", Time since last: 513238547 ns, Reaching safepoint: 76373 ns, At safepoint: 21034 ns, Total: 97407 ns
[2020-02-26T10:16:33.416+0000][1][safepoint    ] Safepoint "Cleanup", Time since last: 1000588325 ns, Reaching safepoint: 79476 ns, At safepoint: 9422 ns, Total: 88898 ns
[2020-02-26T10:16:34.416+0000][1][safepoint    ] Safepoint "Cleanup", Time since last: 1000302565 ns, Reaching safepoint: 77142 ns, At safepoint: 9717 ns, Total: 86859 ns
[2020-02-26T10:16:34.919+0000][1][safepoint    ] Safepoint "RevokeBias", Time since last: 502455003 ns, Reaching safepoint: 71455 ns, At safepoint: 19653 ns, Total: 91108 ns
[2020-02-26T10:16:35.921+0000][1][safepoint    ] Safepoint "Cleanup", Time since last: 1002018673 ns, Reaching safepoint: 92859 ns, At safepoint: 10148 ns, Total: 103007 ns
[2020-02-26T10:16:36.922+0000][1][safepoint    ] Safepoint "Cleanup", Time since last: 1000836429 ns, Reaching safepoint: 75099 ns, At safepoint: 9830 ns, Total: 84929 ns
[2020-02-26T10:16:37.422+0000][1][safepoint    ] Safepoint "BulkRevokeBias", Time since last: 500528370 ns, Reaching safepoint: 96662 ns, At safepoint: 190714 ns, Total: 287376 ns
[2020-02-26T10:16:38.423+0000][1][safepoint    ] Safepoint "Cleanup", Time since last: 1000184476 ns, Reaching safepoint: 78279 ns, At safepoint: 9641 ns, Total: 87920 ns
[2020-02-26T10:16:39.423+0000][1][safepoint    ] Safepoint "Cleanup", Time since last: 1000588096 ns, Reaching safepoint: 84435 ns, At safepoint: 10363 ns, Total: 94798 ns
[2020-02-26T10:16:39.928+0000][1][safepoint    ] Safepoint "RevokeBias", Time since last: 504539089 ns, Reaching safepoint: 76221 ns, At safepoint: 21338 ns, Total: 97559 ns
[2020-02-26T10:16:40.940+0000][1][safepoint    ] Safepoint "Cleanup", Time since last: 1012339685 ns, Reaching safepoint: 60161 ns, At safepoint: 9427 ns, Total: 69588 ns
[2020-02-26T10:16:41.941+0000][1][safepoint    ] Safepoint "Cleanup", Time since last: 1000357552 ns, Reaching safepoint: 73932 ns, At safepoint: 9082 ns, Total: 83014 ns
[2020-02-26T10:16:42.444+0000][1][safepoint    ] Safepoint "RevokeBias", Time since last: 502734700 ns, Reaching safepoint: 80048 ns, At safepoint: 22295 ns, Total: 102343 ns
[2020-02-26T10:16:43.445+0000][1][safepoint    ] Safepoint "Cleanup", Time since last: 1000964419 ns, Reaching safepoint: 79237 ns, At safepoint: 9657 ns, Total: 88894 ns
[2020-02-26T10:16:44.446+0000][1][safepoint    ] Safepoint "Cleanup", Time since last: 1000640202 ns, Reaching safepoint: 76446 ns, At safepoint: 9938 ns, Total: 86384 ns
[2020-02-26T10:16:44.953+0000][1][safepoint    ] Safepoint "RevokeBias", Time since last: 507670727 ns, Reaching safepoint: 123662 ns, At safepoint: 19493 ns, Total: 143155 ns
[2020-02-26T10:16:45.955+0000][1][safepoint    ] Safepoint "Cleanup", Time since last: 1001468637 ns, Reaching safepoint: 73903 ns, At safepoint: 8451 ns, Total: 82354 ns
[2020-02-26T10:16:46.955+0000][1][safepoint    ] Safepoint "Cleanup", Time since last: 1000286868 ns, Reaching safepoint: 83909 ns, At safepoint: 26462 ns, Total: 110371 ns
[2020-02-26T10:16:47.456+0000][1][safepoint    ] Safepoint "RevokeBias", Time since last: 501004864 ns, Reaching safepoint: 69970 ns, At safepoint: 134665 ns, Total: 204635 ns
[2020-02-26T10:16:48.458+0000][1][safepoint    ] Safepoint "Cleanup", Time since last: 1000853985 ns, Reaching safepoint: 394951 ns, At safepoint: 36186 ns, Total: 431137 ns
[2020-02-26T10:16:49.459+0000][1][safepoint    ] Safepoint "Cleanup", Time since last: 1000747108 ns, Reaching safepoint: 121453 ns, At safepoint: 8341 ns, Total: 129794 ns
[2020-02-26T10:16:49.961+0000][1][safepoint    ] Safepoint "RevokeBias", Time since last: 502224674 ns, Reaching safepoint: 143294 ns, At safepoint: 20903 ns, Total: 164197 ns
[2020-02-26T10:16:50.961+0000][1][safepoint    ] Safepoint "Cleanup", Time since last: 1000151907 ns, Reaching safepoint: 77000 ns, At safepoint: 9058 ns, Total: 86058 ns
[2020-02-26T10:16:51.970+0000][1][safepoint    ] Safepoint "Cleanup", Time since last: 1008305845 ns, Reaching safepoint: 170068 ns, At safepoint: 13327 ns, Total: 183395 ns
[2020-02-26T10:16:52.466+0000][1][safepoint    ] Safepoint "RevokeBias", Time since last: 496350425 ns, Reaching safepoint: 73395 ns, At safepoint: 47720 ns, Total: 121115 ns
[2020-02-26T10:16:53.467+0000][1][safepoint    ] Safepoint "Cleanup", Time since last: 1000699349 ns, Reaching safepoint: 115142 ns, At safepoint: 14555 ns, Total: 129697 ns
[2020-02-26T10:16:54.468+0000][1][safepoint    ] Safepoint "Cleanup", Time since last: 1000498272 ns, Reaching safepoint: 76987 ns, At safepoint: 9886 ns, Total: 86873 ns
[2020-02-26T10:16:54.970+0000][1][safepoint    ] Safepoint "RevokeBias", Time since last: 502043247 ns, Reaching safepoint: 78856 ns, At safepoint: 20982 ns, Total: 99838 ns
[2020-02-26T10:16:55.970+0000][1][safepoint    ] Safepoint "Cleanup", Time since last: 1000251478 ns, Reaching safepoint: 118890 ns, At safepoint: 13231 ns, Total: 132121 ns
[2020-02-26T10:16:56.975+0000][1][safepoint    ] Safepoint "Cleanup", Time since last: 1004409517 ns, Reaching safepoint: 75592 ns, At safepoint: 9129 ns, Total: 84721 ns
[2020-02-26T10:16:57.473+0000][1][safepoint    ] Safepoint "RevokeBias", Time since last: 498712712 ns, Reaching safepoint: 69650 ns, At safepoint: 19462 ns, Total: 89112 ns
[2020-02-26T10:16:58.475+0000][1][safepoint    ] Safepoint "Cleanup", Time since last: 1001076650 ns, Reaching safepoint: 132383 ns, At safepoint: 8823 ns, Total: 141206 ns
[2020-02-26T10:16:59.476+0000][1][safepoint    ] Safepoint "Cleanup", Time since last: 1001094604 ns, Reaching safepoint: 117924 ns, At safepoint: 13262 ns, Total: 131186 ns
[2020-02-26T10:16:59.977+0000][1][safepoint    ] Safepoint "RevokeBias", Time since last: 500830367 ns, Reaching safepoint: 69659 ns, At safepoint: 20394 ns, Total: 90053 ns
[2020-02-26T10:17:00.978+0000][1][safepoint    ] Safepoint "Cleanup", Time since last: 1000907205 ns, Reaching safepoint: 93522 ns, At safepoint: 9052 ns, Total: 102574 ns
[2020-02-26T10:17:01.979+0000][1][safepoint    ] Safepoint "Cleanup", Time since last: 1001259532 ns, Reaching safepoint: 142437 ns, At safepoint: 9285 ns, Total: 151722 ns
[2020-02-26T10:17:02.499+0000][1][safepoint    ] Safepoint "RevokeBias", Time since last: 519504808 ns, Reaching safepoint: 73187 ns, At safepoint: 39303 ns, Total: 112490 ns
[2020-02-26T10:17:03.500+0000][1][safepoint    ] Safepoint "Cleanup", Time since last: 1000654041 ns, Reaching safepoint: 96270 ns, At safepoint: 10830 ns, Total: 107100 ns
[2020-02-26T10:17:04.500+0000][1][safepoint    ] Safepoint "Cleanup", Time since last: 1000573287 ns, Reaching safepoint: 102148 ns, At safepoint: 14628 ns, Total: 116776 ns
[2020-02-26T10:17:05.009+0000][1][safepoint    ] Safepoint "RevokeBias", Time since last: 508325429 ns, Reaching safepoint: 97923 ns, At safepoint: 20696 ns, Total: 118619 ns
[2020-02-26T10:17:06.010+0000][1][safepoint    ] Safepoint "Cleanup", Time since last: 1000883307 ns, Reaching safepoint: 76410 ns, At safepoint: 9760 ns, Total: 86170 ns
[2020-02-26T10:17:07.010+0000][1][safepoint    ] Safepoint "Cleanup", Time since last: 1000212860 ns, Reaching safepoint: 78427 ns, At safepoint: 9296 ns, Total: 87723 ns
[2020-02-26T10:17:07.527+0000][1][safepoint    ] Safepoint "RevokeBias", Time since last: 516343683 ns, Reaching safepoint: 107843 ns, At safepoint: 30282 ns, Total: 138125 ns
[2020-02-26T10:17:08.527+0000][1][safepoint    ] Safepoint "Cleanup", Time since last: 1000187148 ns, Reaching safepoint: 77627 ns, At safepoint: 9364 ns, Total: 86991 ns
[2020-02-26T10:17:09.528+0000][1][safepoint    ] Safepoint "Cleanup", Time since last: 1000764919 ns, Reaching safepoint: 76139 ns, At safepoint: 8824 ns, Total: 84963 ns
[2020-02-26T10:17:10.036+0000][1][safepoint    ] Safepoint "RevokeBias", Time since last: 508172476 ns, Reaching safepoint: 71790 ns, At safepoint: 19804 ns, Total: 91594 ns
[2020-02-26T10:17:11.898+0000][1][safepoint    ] Safepoint "Cleanup", Time since last: 1861728607 ns, Reaching safepoint: 102337 ns, At safepoint: 9155 ns, Total: 111492 ns
[2020-02-26T10:17:12.539+0000][1][safepoint    ] Safepoint "RevokeBias", Time since last: 641277206 ns, Reaching safepoint: 72603 ns, At safepoint: 20376 ns, Total: 92979 ns
[2020-02-26T10:17:13.539+0000][1][safepoint    ] Safepoint "Cleanup", Time since last: 1000212300 ns, Reaching safepoint: 80428 ns, At safepoint: 9220 ns, Total: 89648 ns
[2020-02-26T10:17:14.540+0000][1][safepoint    ] Safepoint "Cleanup", Time since last: 1000305897 ns, Reaching safepoint: 76784 ns, At safepoint: 8982 ns, Total: 85766 ns
[2020-02-26T10:17:15.044+0000][1][safepoint    ] Safepoint "RevokeBias", Time since last: 503754111 ns, Reaching safepoint: 78076 ns, At safepoint: 21572 ns, Total: 99648 ns
[2020-02-26T10:17:16.044+0000][1][safepoint    ] Safepoint "Cleanup", Time since last: 1000334020 ns, Reaching safepoint: 93929 ns, At safepoint: 10242 ns, Total: 104171 ns
[2020-02-26T10:17:17.045+0000][1][safepoint    ] Safepoint "Cleanup", Time since last: 1000439442 ns, Reaching safepoint: 87295 ns, At safepoint: 11414 ns, Total: 98709 ns
[2020-02-26T10:17:17.546+0000][1][safepoint    ] Safepoint "RevokeBias", Time since last: 501682135 ns, Reaching safepoint: 73784 ns, At safepoint: 36021 ns, Total: 109805 ns
[2020-02-26T10:17:18.556+0000][1][safepoint    ] Safepoint "Cleanup", Time since last: 1002301719 ns, Reaching safepoint: 7681076 ns, At safepoint: 13833 ns, Total: 7694909 ns
[2020-02-26T10:17:19.557+0000][1][safepoint    ] Safepoint "Cleanup", Time since last: 1000405992 ns, Reaching safepoint: 78129 ns, At safepoint: 10630 ns, Total: 88759 ns
[2020-02-26T10:17:20.050+0000][1][safepoint    ] Safepoint "RevokeBias", Time since last: 492628429 ns, Reaching safepoint: 125177 ns, At safepoint: 36370 ns, Total: 161547 ns
[2020-02-26T10:17:21.051+0000][1][safepoint    ] Safepoint "Cleanup", Time since last: 1000812513 ns, Reaching safepoint: 195016 ns, At safepoint: 25897 ns, Total: 220913 ns
[2020-02-26T10:17:22.052+0000][1][safepoint    ] Safepoint "Cleanup", Time since last: 1000866248 ns, Reaching safepoint: 161996 ns, At safepoint: 29423 ns, Total: 191419 ns
[2020-02-26T10:17:22.556+0000][1][safepoint    ] Safepoint "RevokeBias", Time since last: 503715244 ns, Reaching safepoint: 72344 ns, At safepoint: 20480 ns, Total: 92824 ns
[2020-02-26T10:17:23.558+0000][1][safepoint    ] Safepoint "Cleanup", Time since last: 1002513716 ns, Reaching safepoint: 117785 ns, At safepoint: 9527 ns, Total: 127312 ns
[2020-02-26T10:17:24.559+0000][1][safepoint    ] Safepoint "Cleanup", Time since last: 1000267033 ns, Reaching safepoint: 81517 ns, At safepoint: 9312 ns, Total: 90829 ns
[2020-02-26T10:17:25.060+0000][1][safepoint    ] Safepoint "RevokeBias", Time since last: 501107308 ns, Reaching safepoint: 146643 ns, At safepoint: 36586 ns, Total: 183229 ns
[2020-02-26T10:17:26.210+0000][1][safepoint    ] Safepoint "Cleanup", Time since last: 1149606566 ns, Reaching safepoint: 107216 ns, At safepoint: 7641 ns, Total: 114857 ns
[2020-02-26T10:17:27.211+0000][1][safepoint    ] Safepoint "Cleanup", Time since last: 1001006106 ns, Reaching safepoint: 97145 ns, At safepoint: 29498 ns, Total: 126643 ns
[2020-02-26T10:17:27.567+0000][1][safepoint    ] Safepoint "RevokeBias", Time since last: 355523201 ns, Reaching safepoint: 1178852 ns, At safepoint: 27540 ns, Total: 1206392 ns
[2020-02-26T10:17:28.574+0000][1][safepoint    ] Safepoint "Cleanup", Time since last: 1006023167 ns, Reaching safepoint: 169805 ns, At safepoint: 71060 ns, Total: 240865 ns
[2020-02-26T10:17:29.577+0000][1][safepoint    ] Safepoint "Cleanup", Time since last: 1002875787 ns, Reaching safepoint: 112297 ns, At safepoint: 10774 ns, Total: 123071 ns
[2020-02-26T10:17:30.072+0000][1][safepoint    ] Safepoint "RevokeBias", Time since last: 494808712 ns, Reaching safepoint: 166946 ns, At safepoint: 46957 ns, Total: 213903 ns
[2020-02-26T10:17:31.073+0000][1][safepoint    ] Safepoint "Cleanup", Time since last: 1000814139 ns, Reaching safepoint: 162511 ns, At safepoint: 25308 ns, Total: 187819 ns
[2020-02-26T10:17:32.074+0000][1][safepoint    ] Safepoint "Cleanup", Time since last: 1000838919 ns, Reaching safepoint: 111881 ns, At safepoint: 9086 ns, Total: 120967 ns
[2020-02-26T10:17:32.578+0000][1][safepoint    ] Safepoint "RevokeBias", Time since last: 504425625 ns, Reaching safepoint: 75417 ns, At safepoint: 35948 ns, Total: 111365 ns
[2020-02-26T10:17:33.579+0000][1][safepoint    ] Safepoint "Cleanup", Time since last: 1000752107 ns, Reaching safepoint: 127814 ns, At safepoint: 27427 ns, Total: 155241 ns
[2020-02-26T10:17:34.588+0000][1][safepoint    ] Safepoint "Cleanup", Time since last: 1008262663 ns, Reaching safepoint: 77628 ns, At safepoint: 9820 ns, Total: 87448 ns
[2020-02-26T10:17:35.093+0000][1][safepoint    ] Safepoint "RevokeBias", Time since last: 504984016 ns, Reaching safepoint: 150769 ns, At safepoint: 37795 ns, Total: 188564 ns
[2020-02-26T10:17:36.093+0000][1][safepoint    ] Safepoint "Cleanup", Time since last: 1000558281 ns, Reaching safepoint: 77970 ns, At safepoint: 9814 ns, Total: 87784 ns
[2020-02-26T10:17:37.094+0000][1][safepoint    ] Safepoint "Cleanup", Time since last: 1000603771 ns, Reaching safepoint: 92843 ns, At safepoint: 8842 ns, Total: 101685 ns
[2020-02-26T10:17:37.600+0000][1][safepoint    ] Safepoint "RevokeBias", Time since last: 505345389 ns, Reaching safepoint: 87227 ns, At safepoint: 24896 ns, Total: 112123 ns
[2020-02-26T10:17:38.600+0000][1][safepoint    ] Safepoint "Cleanup", Time since last: 1000406769 ns, Reaching safepoint: 77315 ns, At safepoint: 8856 ns, Total: 86171 ns
[2020-02-26T10:17:39.601+0000][1][safepoint    ] Safepoint "Cleanup", Time since last: 1001099735 ns, Reaching safepoint: 128708 ns, At safepoint: 8984 ns, Total: 137692 ns
[2020-02-26T10:17:40.122+0000][1][safepoint    ] Safepoint "RevokeBias", Time since last: 520306522 ns, Reaching safepoint: 70791 ns, At safepoint: 20472 ns, Total: 91263 ns
[2020-02-26T10:17:41.122+0000][1][safepoint    ] Safepoint "Cleanup", Time since last: 1000713108 ns, Reaching safepoint: 75585 ns, At safepoint: 8729 ns, Total: 84314 ns
[2020-02-26T10:17:42.124+0000][1][safepoint    ] Safepoint "Cleanup", Time since last: 1001004388 ns, Reaching safepoint: 90721 ns, At safepoint: 9296 ns, Total: 100017 ns
[2020-02-26T10:17:42.639+0000][1][safepoint    ] Safepoint "RevokeBias", Time since last: 515294990 ns, Reaching safepoint: 161953 ns, At safepoint: 35528 ns, Total: 197481 ns
[2020-02-26T10:17:43.639+0000][1][safepoint    ] Safepoint "Cleanup", Time since last: 1000303748 ns, Reaching safepoint: 78427 ns, At safepoint: 8968 ns, Total: 87395 ns
[2020-02-26T10:17:44.640+0000][1][safepoint    ] Safepoint "Cleanup", Time since last: 1000233523 ns, Reaching safepoint: 98209 ns, At safepoint: 10930 ns, Total: 109139 ns
[2020-02-26T10:17:45.158+0000][1][safepoint    ] Safepoint "RevokeBias", Time since last: 518640834 ns, Reaching safepoint: 53237 ns, At safepoint: 18291 ns, Total: 71528 ns
[2020-02-26T10:17:46.159+0000][1][safepoint    ] Safepoint "Cleanup", Time since last: 1000196008 ns, Reaching safepoint: 126917 ns, At safepoint: 13944 ns, Total: 140861 ns
[2020-02-26T10:17:47.159+0000][1][safepoint    ] Safepoint "Cleanup", Time since last: 1000310740 ns, Reaching safepoint: 100667 ns, At safepoint: 11589 ns, Total: 112256 ns
[2020-02-26T10:17:47.667+0000][1][safepoint    ] Safepoint "RevokeBias", Time since last: 508116702 ns, Reaching safepoint: 68246 ns, At safepoint: 19685 ns, Total: 87931 ns
[2020-02-26T10:17:48.454+0000][1][gc,start     ] GC(76) Pause Young (Allocation Failure)
[2020-02-26T10:17:48.454+0000][1][gc,task      ] GC(76) Using 1 workers of 1 for evacuation
[2020-02-26T10:17:48.465+0000][1][gc,age       ] GC(76) Desired survivor size 4358144 bytes, new threshold 6 (max threshold 6)
[2020-02-26T10:17:48.465+0000][1][gc,age       ] GC(76) Age table with threshold 6 (max threshold 6)
[2020-02-26T10:17:48.465+0000][1][gc,age       ] GC(76) - age   1:      15008 bytes,      15008 total
[2020-02-26T10:17:48.465+0000][1][gc,age       ] GC(76) - age   2:        232 bytes,      15240 total
[2020-02-26T10:17:48.465+0000][1][gc,age       ] GC(76) - age   3:        120 bytes,      15360 total
[2020-02-26T10:17:48.465+0000][1][gc,age       ] GC(76) - age   4:        264 bytes,      15624 total
[2020-02-26T10:17:48.465+0000][1][gc,age       ] GC(76) - age   5:        592 bytes,      16216 total
[2020-02-26T10:17:48.465+0000][1][gc,age       ] GC(76) - age   6:        296 bytes,      16512 total
[2020-02-26T10:17:48.465+0000][1][gc,heap      ] GC(76) ParNew: 68176K->23K(76672K)
[2020-02-26T10:17:48.465+0000][1][gc,heap      ] GC(76) CMS: 62662K->62663K(963392K)
[2020-02-26T10:17:48.465+0000][1][gc,metaspace ] GC(76) Metaspace: 79843K->79843K(1122304K)
[2020-02-26T10:17:48.465+0000][1][gc           ] GC(76) Pause Young (Allocation Failure) 127M->61M(1015M) 11.544ms
[2020-02-26T10:17:48.465+0000][1][gc,cpu       ] GC(76) User=0.01s Sys=0.00s Real=0.01s
[2020-02-26T10:17:48.465+0000][1][safepoint    ] Safepoint "GenCollectForAllocation", Time since last: 786152340 ns, Reaching safepoint: 95545 ns, At safepoint: 11605735 ns, Total: 11701280 ns
[2020-02-26T10:17:49.466+0000][1][safepoint    ] Safepoint "Cleanup", Time since last: 1000417747 ns, Reaching safepoint: 76733 ns, At safepoint: 9335 ns, Total: 86068 ns
[2020-02-26T10:17:50.182+0000][1][safepoint    ] Safepoint "BulkRevokeBias", Time since last: 716001171 ns, Reaching safepoint: 186666 ns, At safepoint: 265774 ns, Total: 452440 ns
[2020-02-26T10:17:51.192+0000][1][safepoint    ] Safepoint "Cleanup", Time since last: 1009330620 ns, Reaching safepoint: 86982 ns, At safepoint: 7799 ns, Total: 94781 ns
[2020-02-26T10:17:52.192+0000][1][safepoint    ] Safepoint "Cleanup", Time since last: 1000209404 ns, Reaching safepoint: 93525 ns, At safepoint: 9936 ns, Total: 103461 ns
[2020-02-26T10:17:52.694+0000][1][safepoint    ] Safepoint "RevokeBias", Time since last: 501717786 ns, Reaching safepoint: 100205 ns, At safepoint: 22390 ns, Total: 122595 ns
[2020-02-26T10:17:53.694+0000][1][safepoint    ] Safepoint "Cleanup", Time since last: 1000365115 ns, Reaching safepoint: 139390 ns, At safepoint: 9757 ns, Total: 149147 ns
[2020-02-26T10:17:54.695+0000][1][safepoint    ] Safepoint "Cleanup", Time since last: 1000937623 ns, Reaching safepoint: 94857 ns, At safepoint: 11465 ns, Total: 106322 ns
[2020-02-26T10:17:55.198+0000][1][safepoint    ] Safepoint "RevokeBias", Time since last: 502184987 ns, Reaching safepoint: 147764 ns, At safepoint: 39148 ns, Total: 186912 ns
[2020-02-26T10:17:56.203+0000][1][safepoint    ] Safepoint "Cleanup", Time since last: 1005596807 ns, Reaching safepoint: 112382 ns, At safepoint: 8448 ns, Total: 120830 ns
[2020-02-26T10:17:57.204+0000][1][safepoint    ] Safepoint "Cleanup", Time since last: 1000885523 ns, Reaching safepoint: 76661 ns, At safepoint: 9135 ns, Total: 85796 ns
[2020-02-26T10:17:57.702+0000][1][safepoint    ] Safepoint "RevokeBias", Time since last: 497485704 ns, Reaching safepoint: 71176 ns, At safepoint: 19019 ns, Total: 90195 ns
[2020-02-26T10:17:59.169+0000][1][safepoint    ] Safepoint "Cleanup", Time since last: 1466546344 ns, Reaching safepoint: 124877 ns, At safepoint: 9636 ns, Total: 134513 ns
[2020-02-26T10:18:00.169+0000][1][safepoint    ] Safepoint "Cleanup", Time since last: 1000137549 ns, Reaching safepoint: 195949 ns, At safepoint: 27473 ns, Total: 223422 ns
[2020-02-26T10:18:00.207+0000][1][safepoint    ] Safepoint "RevokeBias", Time since last: 38070287 ns, Reaching safepoint: 74860 ns, At safepoint: 19989 ns, Total: 94849 ns
[2020-02-26T10:18:01.209+0000][1][safepoint    ] Safepoint "Cleanup", Time since last: 1001829553 ns, Reaching safepoint: 102965 ns, At safepoint: 10291 ns, Total: 113256 ns
[2020-02-26T10:18:02.210+0000][1][safepoint    ] Safepoint "Cleanup", Time since last: 1000756420 ns, Reaching safepoint: 103358 ns, At safepoint: 10613 ns, Total: 113971 ns
[2020-02-26T10:18:02.714+0000][1][safepoint    ] Safepoint "RevokeBias", Time since last: 503891235 ns, Reaching safepoint: 68512 ns, At safepoint: 43126 ns, Total: 111638 ns
[2020-02-26T10:18:03.714+0000][1][safepoint    ] Safepoint "Cleanup", Time since last: 1000138490 ns, Reaching safepoint: 133258 ns, At safepoint: 33501 ns, Total: 166759 ns
[2020-02-26T10:18:04.715+0000][1][safepoint    ] Safepoint "Cleanup", Time since last: 1000724976 ns, Reaching safepoint: 76927 ns, At safepoint: 9023 ns, Total: 85950 ns
[2020-02-26T10:18:05.219+0000][1][safepoint    ] Safepoint "RevokeBias", Time since last: 504102483 ns, Reaching safepoint: 70368 ns, At safepoint: 20302 ns, Total: 90670 ns
[2020-02-26T10:18:06.220+0000][1][safepoint    ] Safepoint "Cleanup", Time since last: 1000178334 ns, Reaching safepoint: 114147 ns, At safepoint: 11021 ns, Total: 125168 ns
[2020-02-26T10:18:07.228+0000][1][safepoint    ] Safepoint "Cleanup", Time since last: 1008257317 ns, Reaching safepoint: 121508 ns, At safepoint: 10431 ns, Total: 131939 ns
[2020-02-26T10:18:07.723+0000][1][safepoint    ] Safepoint "RevokeBias", Time since last: 494960543 ns, Reaching safepoint: 70525 ns, At safepoint: 20393 ns, Total: 90918 ns
[2020-02-26T10:18:08.724+0000][1][safepoint    ] Safepoint "Cleanup", Time since last: 1000555490 ns, Reaching safepoint: 75449 ns, At safepoint: 9773 ns, Total: 85222 ns
[2020-02-26T10:18:09.724+0000][1][safepoint    ] Safepoint "Cleanup", Time since last: 1000440228 ns, Reaching safepoint: 116746 ns, At safepoint: 15092 ns, Total: 131838 ns
[2020-02-26T10:18:10.227+0000][1][safepoint    ] Safepoint "RevokeBias", Time since last: 502856055 ns, Reaching safepoint: 69349 ns, At safepoint: 19217 ns, Total: 88566 ns
[2020-02-26T10:18:11.228+0000][1][safepoint    ] Safepoint "Cleanup", Time since last: 1000440852 ns, Reaching safepoint: 96260 ns, At safepoint: 13558 ns, Total: 109818 ns
[2020-02-26T10:18:12.232+0000][1][safepoint    ] Safepoint "Cleanup", Time since last: 1003801731 ns, Reaching safepoint: 95607 ns, At safepoint: 8988 ns, Total: 104595 ns
[2020-02-26T10:18:12.731+0000][1][safepoint    ] Safepoint "RevokeBias", Time since last: 499055453 ns, Reaching safepoint: 56251 ns, At safepoint: 44676 ns, Total: 100927 ns
[2020-02-26T10:18:13.732+0000][1][safepoint    ] Safepoint "Cleanup", Time since last: 1000667122 ns, Reaching safepoint: 75688 ns, At safepoint: 9281 ns, Total: 84969 ns
[2020-02-26T10:18:14.732+0000][1][safepoint    ] Safepoint "Cleanup", Time since last: 1000274079 ns, Reaching safepoint: 78751 ns, At safepoint: 9692 ns, Total: 88443 ns
[2020-02-26T10:18:15.236+0000][1][safepoint    ] Safepoint "RevokeBias", Time since last: 503452746 ns, Reaching safepoint: 72433 ns, At safepoint: 20293 ns, Total: 92726 ns
[2020-02-26T10:18:16.236+0000][1][safepoint    ] Safepoint "Cleanup", Time since last: 1000821096 ns, Reaching safepoint: 78776 ns, At safepoint: 9093 ns, Total: 87869 ns
[2020-02-26T10:18:17.245+0000][1][safepoint    ] Safepoint "Cleanup", Time since last: 1007959117 ns, Reaching safepoint: 164167 ns, At safepoint: 13481 ns, Total: 177648 ns
[2020-02-26T10:18:17.748+0000][1][safepoint    ] Safepoint "RevokeBias", Time since last: 503269644 ns, Reaching safepoint: 93177 ns, At safepoint: 20031 ns, Total: 113208 ns
[2020-02-26T10:18:18.748+0000][1][safepoint    ] Safepoint "Cleanup", Time since last: 1000348465 ns, Reaching safepoint: 80494 ns, At safepoint: 8494 ns, Total: 88988 ns
[2020-02-26T10:18:19.749+0000][1][safepoint    ] Safepoint "Cleanup", Time since last: 1000429911 ns, Reaching safepoint: 78419 ns, At safepoint: 8736 ns, Total: 87155 ns
[2020-02-26T10:18:20.258+0000][1][safepoint    ] Safepoint "RevokeBias", Time since last: 508532716 ns, Reaching safepoint: 95978 ns, At safepoint: 21559 ns, Total: 117537 ns
[2020-02-26T10:18:21.258+0000][1][safepoint    ] Safepoint "Cleanup", Time since last: 1000282323 ns, Reaching safepoint: 107478 ns, At safepoint: 9488 ns, Total: 116966 ns
[2020-02-26T10:18:22.259+0000][1][safepoint    ] Safepoint "Cleanup", Time since last: 1000397023 ns, Reaching safepoint: 183046 ns, At safepoint: 9747 ns, Total: 192793 ns
[2020-02-26T10:18:22.766+0000][1][safepoint    ] Safepoint "RevokeBias", Time since last: 507282706 ns, Reaching safepoint: 70416 ns, At safepoint: 35854 ns, Total: 106270 ns
[2020-02-26T10:18:23.766+0000][1][safepoint    ] Safepoint "Cleanup", Time since last: 1000219717 ns, Reaching safepoint: 152088 ns, At safepoint: 13054 ns, Total: 165142 ns
[2020-02-26T10:18:24.768+0000][1][safepoint    ] Safepoint "Cleanup", Time since last: 1001212934 ns, Reaching safepoint: 77603 ns, At safepoint: 8607 ns, Total: 86210 ns
[2020-02-26T10:18:25.276+0000][1][safepoint    ] Safepoint "RevokeBias", Time since last: 508208429 ns, Reaching safepoint: 70543 ns, At safepoint: 19496 ns, Total: 90039 ns
[2020-02-26T10:18:26.276+0000][1][safepoint    ] Safepoint "Cleanup", Time since last: 1000218329 ns, Reaching safepoint: 79808 ns, At safepoint: 9804 ns, Total: 89612 ns
[2020-02-26T10:18:27.277+0000][1][safepoint    ] Safepoint "Cleanup", Time since last: 1000634229 ns, Reaching safepoint: 116353 ns, At safepoint: 11467 ns, Total: 127820 ns
[2020-02-26T10:18:27.783+0000][1][safepoint    ] Safepoint "RevokeBias", Time since last: 505979007 ns, Reaching safepoint: 69601 ns, At safepoint: 19138 ns, Total: 88739 ns
[2020-02-26T10:18:28.783+0000][1][safepoint    ] Safepoint "Cleanup", Time since last: 1000267993 ns, Reaching safepoint: 92373 ns, At safepoint: 8714 ns, Total: 101087 ns
[2020-02-26T10:18:29.784+0000][1][safepoint    ] Safepoint "Cleanup", Time since last: 1000768227 ns, Reaching safepoint: 96315 ns, At safepoint: 9917 ns, Total: 106232 ns
[2020-02-26T10:18:30.292+0000][1][safepoint    ] Safepoint "RevokeBias", Time since last: 507556970 ns, Reaching safepoint: 70794 ns, At safepoint: 19233 ns, Total: 90027 ns
[2020-02-26T10:18:31.293+0000][1][safepoint    ] Safepoint "Cleanup", Time since last: 1000536227 ns, Reaching safepoint: 93838 ns, At safepoint: 10042 ns, Total: 103880 ns
[2020-02-26T10:18:32.293+0000][1][safepoint    ] Safepoint "Cleanup", Time since last: 1000470548 ns, Reaching safepoint: 191982 ns, At safepoint: 14864 ns, Total: 206846 ns
[2020-02-26T10:18:32.798+0000][1][safepoint    ] Safepoint "RevokeBias", Time since last: 504238848 ns, Reaching safepoint: 70646 ns, At safepoint: 19728 ns, Total: 90374 ns
[2020-02-26T10:18:33.799+0000][1][safepoint    ] Safepoint "Cleanup", Time since last: 1001047177 ns, Reaching safepoint: 139283 ns, At safepoint: 9331 ns, Total: 148614 ns
[2020-02-26T10:18:34.799+0000][1][safepoint    ] Safepoint "Cleanup", Time since last: 1000432508 ns, Reaching safepoint: 78639 ns, At safepoint: 9348 ns, Total: 87987 ns
[2020-02-26T10:18:35.303+0000][1][safepoint    ] Safepoint "RevokeBias", Time since last: 503339488 ns, Reaching safepoint: 113175 ns, At safepoint: 20306 ns, Total: 133481 ns
[2020-02-26T10:18:36.303+0000][1][safepoint    ] Safepoint "Cleanup", Time since last: 1000347315 ns, Reaching safepoint: 91297 ns, At safepoint: 12034 ns, Total: 103331 ns
[2020-02-26T10:18:37.304+0000][1][safepoint    ] Safepoint "Cleanup", Time since last: 1000745274 ns, Reaching safepoint: 74696 ns, At safepoint: 9529 ns, Total: 84225 ns
[2020-02-26T10:18:37.808+0000][1][safepoint    ] Safepoint "RevokeBias", Time since last: 503728801 ns, Reaching safepoint: 71006 ns, At safepoint: 19863 ns, Total: 90869 ns
[2020-02-26T10:18:38.811+0000][1][safepoint    ] Safepoint "Cleanup", Time since last: 1002586972 ns, Reaching safepoint: 77894 ns, At safepoint: 8590 ns, Total: 86484 ns
[2020-02-26T10:18:39.811+0000][1][safepoint    ] Safepoint "Cleanup", Time since last: 1000236044 ns, Reaching safepoint: 119456 ns, At safepoint: 9368 ns, Total: 128824 ns
[2020-02-26T10:18:40.417+0000][1][safepoint    ] Safepoint "RevokeBias", Time since last: 605927796 ns, Reaching safepoint: 112305 ns, At safepoint: 30818 ns, Total: 143123 ns
[2020-02-26T10:18:41.418+0000][1][safepoint    ] Safepoint "Cleanup", Time since last: 1000851486 ns, Reaching safepoint: 159013 ns, At safepoint: 27122 ns, Total: 186135 ns
[2020-02-26T10:18:42.419+0000][1][safepoint    ] Safepoint "Cleanup", Time since last: 1001114277 ns, Reaching safepoint: 103654 ns, At safepoint: 11211 ns, Total: 114865 ns
[2020-02-26T10:18:42.921+0000][1][safepoint    ] Safepoint "RevokeBias", Time since last: 501782250 ns, Reaching safepoint: 113534 ns, At safepoint: 32298 ns, Total: 145832 ns
[2020-02-26T10:18:43.923+0000][1][safepoint    ] Safepoint "Cleanup", Time since last: 1002131058 ns, Reaching safepoint: 77489 ns, At safepoint: 26068 ns, Total: 103557 ns
[2020-02-26T10:18:44.925+0000][1][safepoint    ] Safepoint "Cleanup", Time since last: 1001367507 ns, Reaching safepoint: 155816 ns, At safepoint: 14830 ns, Total: 170646 ns
[2020-02-26T10:18:45.428+0000][1][safepoint    ] Safepoint "RevokeBias", Time since last: 502728622 ns, Reaching safepoint: 69747 ns, At safepoint: 19279 ns, Total: 89026 ns
[2020-02-26T10:18:46.428+0000][1][safepoint    ] Safepoint "Cleanup", Time since last: 1000148320 ns, Reaching safepoint: 76401 ns, At safepoint: 10054 ns, Total: 86455 ns
[2020-02-26T10:18:47.429+0000][1][safepoint    ] Safepoint "Cleanup", Time since last: 1000484911 ns, Reaching safepoint: 170906 ns, At safepoint: 11238 ns, Total: 182144 ns
[2020-02-26T10:18:47.932+0000][1][safepoint    ] Safepoint "RevokeBias", Time since last: 502699693 ns, Reaching safepoint: 110266 ns, At safepoint: 31516 ns, Total: 141782 ns
[2020-02-26T10:18:48.932+0000][1][safepoint    ] Safepoint "Cleanup", Time since last: 1000464696 ns, Reaching safepoint: 75560 ns, At safepoint: 9736 ns, Total: 85296 ns
[2020-02-26T10:18:49.933+0000][1][safepoint    ] Safepoint "Cleanup", Time since last: 1001187754 ns, Reaching safepoint: 94246 ns, At safepoint: 9774 ns, Total: 104020 ns
[2020-02-26T10:18:50.437+0000][1][safepoint    ] Safepoint "RevokeBias", Time since last: 504026437 ns, Reaching safepoint: 71595 ns, At safepoint: 19537 ns, Total: 91132 ns
[2020-02-26T10:18:51.438+0000][1][safepoint    ] Safepoint "Cleanup", Time since last: 1000476281 ns, Reaching safepoint: 78307 ns, At safepoint: 8870 ns, Total: 87177 ns
[2020-02-26T10:18:52.697+0000][1][safepoint    ] Safepoint "Cleanup", Time since last: 1258496260 ns, Reaching safepoint: 109953 ns, At safepoint: 9375 ns, Total: 119328 ns
[2020-02-26T10:18:52.944+0000][1][safepoint    ] Safepoint "RevokeBias", Time since last: 246952560 ns, Reaching safepoint: 73678 ns, At safepoint: 41517 ns, Total: 115195 ns
[2020-02-26T10:18:53.944+0000][1][safepoint    ] Safepoint "Cleanup", Time since last: 1000654543 ns, Reaching safepoint: 86503 ns, At safepoint: 9916 ns, Total: 96419 ns
[2020-02-26T10:18:54.947+0000][1][safepoint    ] Safepoint "Cleanup", Time since last: 1002631391 ns, Reaching safepoint: 151604 ns, At safepoint: 28258 ns, Total: 179862 ns
[2020-02-26T10:18:55.457+0000][1][safepoint    ] Safepoint "RevokeBias", Time since last: 509318406 ns, Reaching safepoint: 112895 ns, At safepoint: 20648 ns, Total: 133543 ns
[2020-02-26T10:18:56.457+0000][1][safepoint    ] Safepoint "Cleanup", Time since last: 1000375899 ns, Reaching safepoint: 76039 ns, At safepoint: 9640 ns, Total: 85679 ns
[2020-02-26T10:18:57.457+0000][1][safepoint    ] Safepoint "Cleanup", Time since last: 1000149060 ns, Reaching safepoint: 94412 ns, At safepoint: 9065 ns, Total: 103477 ns
[2020-02-26T10:18:57.966+0000][1][safepoint    ] Safepoint "RevokeBias", Time since last: 508444451 ns, Reaching safepoint: 71767 ns, At safepoint: 19830 ns, Total: 91597 ns
[2020-02-26T10:18:58.967+0000][1][safepoint    ] Safepoint "Cleanup", Time since last: 1000594755 ns, Reaching safepoint: 75303 ns, At safepoint: 8431 ns, Total: 83734 ns
[2020-02-26T10:18:59.970+0000][1][safepoint    ] Safepoint "Cleanup", Time since last: 1002975871 ns, Reaching safepoint: 60357 ns, At safepoint: 8499 ns, Total: 68856 ns
[2020-02-26T10:19:00.475+0000][1][safepoint    ] Safepoint "RevokeBias", Time since last: 505242431 ns, Reaching safepoint: 113066 ns, At safepoint: 31858 ns, Total: 144924 ns
[2020-02-26T10:19:01.476+0000][1][safepoint    ] Safepoint "Cleanup", Time since last: 1000288969 ns, Reaching safepoint: 93513 ns, At safepoint: 9043 ns, Total: 102556 ns
[2020-02-26T10:19:02.476+0000][1][safepoint    ] Safepoint "Cleanup", Time since last: 1000806113 ns, Reaching safepoint: 77116 ns, At safepoint: 9246 ns, Total: 86362 ns
[2020-02-26T10:19:02.987+0000][1][safepoint    ] Safepoint "BulkRevokeBias", Time since last: 509913433 ns, Reaching safepoint: 69468 ns, At safepoint: 181305 ns, Total: 250773 ns
[2020-02-26T10:19:03.987+0000][1][safepoint    ] Safepoint "Cleanup", Time since last: 1000675635 ns, Reaching safepoint: 120935 ns, At safepoint: 13112 ns, Total: 134047 ns
[2020-02-26T10:19:04.989+0000][1][safepoint    ] Safepoint "Cleanup", Time since last: 1000882545 ns, Reaching safepoint: 304741 ns, At safepoint: 17852 ns, Total: 322593 ns
[2020-02-26T10:19:05.510+0000][1][safepoint    ] Safepoint "RevokeBias", Time since last: 521119809 ns, Reaching safepoint: 183218 ns, At safepoint: 24430 ns, Total: 207648 ns
[2020-02-26T10:19:06.510+0000][1][safepoint    ] Safepoint "Cleanup", Time since last: 1000148780 ns, Reaching safepoint: 76021 ns, At safepoint: 8670 ns, Total: 84691 ns
[2020-02-26T10:19:07.510+0000][1][safepoint    ] Safepoint "Cleanup", Time since last: 1000194265 ns, Reaching safepoint: 120762 ns, At safepoint: 11575 ns, Total: 132337 ns
[2020-02-26T10:19:08.020+0000][1][safepoint    ] Safepoint "RevokeBias", Time since last: 509822366 ns, Reaching safepoint: 111249 ns, At safepoint: 32014 ns, Total: 143263 ns
[2020-02-26T10:19:09.021+0000][1][safepoint    ] Safepoint "Cleanup", Time since last: 1000619311 ns, Reaching safepoint: 75110 ns, At safepoint: 9582 ns, Total: 84692 ns
[2020-02-26T10:19:10.022+0000][1][safepoint    ] Safepoint "Cleanup", Time since last: 1000293474 ns, Reaching safepoint: 76898 ns, At safepoint: 9120 ns, Total: 86018 ns
[2020-02-26T10:19:10.525+0000][1][safepoint    ] Safepoint "RevokeBias", Time since last: 503111422 ns, Reaching safepoint: 70895 ns, At safepoint: 19372 ns, Total: 90267 ns
[2020-02-26T10:19:11.529+0000][1][safepoint    ] Safepoint "Cleanup", Time since last: 1003879445 ns, Reaching safepoint: 146535 ns, At safepoint: 29027 ns, Total: 175562 ns
[2020-02-26T10:19:12.529+0000][1][safepoint    ] Safepoint "Cleanup", Time since last: 1000305816 ns, Reaching safepoint: 78150 ns, At safepoint: 8342 ns, Total: 86492 ns
[2020-02-26T10:19:13.027+0000][1][safepoint    ] Safepoint "RevokeBias", Time since last: 497667534 ns, Reaching safepoint: 70655 ns, At safepoint: 19027 ns, Total: 89682 ns
[2020-02-26T10:19:14.027+0000][1][safepoint    ] Safepoint "Cleanup", Time since last: 1000415359 ns, Reaching safepoint: 78507 ns, At safepoint: 10225 ns, Total: 88732 ns
[2020-02-26T10:19:15.028+0000][1][safepoint    ] Safepoint "Cleanup", Time since last: 1000295693 ns, Reaching safepoint: 91883 ns, At safepoint: 8953 ns, Total: 100836 ns
[2020-02-26T10:19:15.536+0000][1][safepoint    ] Safepoint "RevokeBias", Time since last: 507872368 ns, Reaching safepoint: 69767 ns, At safepoint: 19483 ns, Total: 89250 ns
[2020-02-26T10:19:16.539+0000][1][safepoint    ] Safepoint "Cleanup", Time since last: 1002868985 ns, Reaching safepoint: 145012 ns, At safepoint: 7454 ns, Total: 152466 ns
[2020-02-26T10:19:17.539+0000][1][safepoint    ] Safepoint "Cleanup", Time since last: 1000535362 ns, Reaching safepoint: 80153 ns, At safepoint: 9601 ns, Total: 89754 ns
[2020-02-26T10:19:18.043+0000][1][safepoint    ] Safepoint "RevokeBias", Time since last: 503082859 ns, Reaching safepoint: 70221 ns, At safepoint: 19731 ns, Total: 89952 ns
[2020-02-26T10:19:19.043+0000][1][safepoint    ] Safepoint "Cleanup", Time since last: 1000399140 ns, Reaching safepoint: 92391 ns, At safepoint: 9137 ns, Total: 101528 ns
[2020-02-26T10:19:20.044+0000][1][safepoint    ] Safepoint "Cleanup", Time since last: 1000824396 ns, Reaching safepoint: 138738 ns, At safepoint: 9890 ns, Total: 148628 ns
[2020-02-26T10:19:20.548+0000][1][safepoint    ] Safepoint "RevokeBias", Time since last: 503500724 ns, Reaching safepoint: 71839 ns, At safepoint: 20005 ns, Total: 91844 ns
[2020-02-26T10:19:21.551+0000][1][safepoint    ] Safepoint "Cleanup", Time since last: 1003552574 ns, Reaching safepoint: 67444 ns, At safepoint: 26580 ns, Total: 94024 ns
[2020-02-26T10:19:22.699+0000][1][safepoint    ] Safepoint "Cleanup", Time since last: 1147618011 ns, Reaching safepoint: 125628 ns, At safepoint: 43696 ns, Total: 169324 ns
[2020-02-26T10:19:23.058+0000][1][safepoint    ] Safepoint "RevokeBias", Time since last: 358722862 ns, Reaching safepoint: 72511 ns, At safepoint: 37071 ns, Total: 109582 ns
[2020-02-26T10:19:24.059+0000][1][safepoint    ] Safepoint "Cleanup", Time since last: 1000819717 ns, Reaching safepoint: 80066 ns, At safepoint: 9314 ns, Total: 89380 ns
[2020-02-26T10:19:25.059+0000][1][safepoint    ] Safepoint "Cleanup", Time since last: 1000251463 ns, Reaching safepoint: 73540 ns, At safepoint: 7785 ns, Total: 81325 ns
[2020-02-26T10:19:25.569+0000][1][safepoint    ] Safepoint "RevokeBias", Time since last: 509198899 ns, Reaching safepoint: 109324 ns, At safepoint: 19346 ns, Total: 128670 ns
[2020-02-26T10:19:26.569+0000][1][safepoint    ] Safepoint "Cleanup", Time since last: 1000329757 ns, Reaching safepoint: 76927 ns, At safepoint: 9622 ns, Total: 86549 ns
[2020-02-26T10:19:27.574+0000][1][safepoint    ] Safepoint "Cleanup", Time since last: 1004552650 ns, Reaching safepoint: 119126 ns, At safepoint: 13431 ns, Total: 132557 ns
[2020-02-26T10:19:28.071+0000][1][safepoint    ] Safepoint "RevokeBias", Time since last: 497380522 ns, Reaching safepoint: 73339 ns, At safepoint: 19910 ns, Total: 93249 ns
[2020-02-26T10:19:29.072+0000][1][safepoint    ] Safepoint "Cleanup", Time since last: 1000660914 ns, Reaching safepoint: 82873 ns, At safepoint: 10699 ns, Total: 93572 ns
[2020-02-26T10:19:30.072+0000][1][safepoint    ] Safepoint "Cleanup", Time since last: 1000439921 ns, Reaching safepoint: 78351 ns, At safepoint: 8890 ns, Total: 87241 ns
[2020-02-26T10:19:30.575+0000][1][safepoint    ] Safepoint "RevokeBias", Time since last: 502917254 ns, Reaching safepoint: 95148 ns, At safepoint: 20267 ns, Total: 115415 ns
[2020-02-26T10:19:31.576+0000][1][safepoint    ] Safepoint "Cleanup", Time since last: 1000326365 ns, Reaching safepoint: 83147 ns, At safepoint: 10425 ns, Total: 93572 ns
[2020-02-26T10:19:32.581+0000][1][safepoint    ] Safepoint "Cleanup", Time since last: 1005333544 ns, Reaching safepoint: 135926 ns, At safepoint: 9785 ns, Total: 145711 ns
[2020-02-26T10:19:33.084+0000][1][safepoint    ] Safepoint "RevokeBias", Time since last: 502767097 ns, Reaching safepoint: 73139 ns, At safepoint: 20925 ns, Total: 94064 ns
[2020-02-26T10:19:34.085+0000][1][safepoint    ] Safepoint "Cleanup", Time since last: 1000368064 ns, Reaching safepoint: 77516 ns, At safepoint: 10078 ns, Total: 87594 ns
[2020-02-26T10:19:35.085+0000][1][safepoint    ] Safepoint "Cleanup", Time since last: 1000347743 ns, Reaching safepoint: 107712 ns, At safepoint: 11297 ns, Total: 119009 ns
[2020-02-26T10:19:35.587+0000][1][safepoint    ] Safepoint "RevokeBias", Time since last: 501830380 ns, Reaching safepoint: 69686 ns, At safepoint: 19960 ns, Total: 89646 ns
[2020-02-26T10:19:36.588+0000][1][safepoint    ] Safepoint "Cleanup", Time since last: 1000456450 ns, Reaching safepoint: 76544 ns, At safepoint: 9476 ns, Total: 86020 ns
[2020-02-26T10:19:37.595+0000][1][safepoint    ] Safepoint "Cleanup", Time since last: 1007777376 ns, Reaching safepoint: 88970 ns, At safepoint: 43305 ns, Total: 132275 ns
[2020-02-26T10:19:38.110+0000][1][safepoint    ] Safepoint "RevokeBias", Time since last: 513911311 ns, Reaching safepoint: 111808 ns, At safepoint: 30332 ns, Total: 142140 ns
[2020-02-26T10:19:39.110+0000][1][safepoint    ] Safepoint "Cleanup", Time since last: 1000600228 ns, Reaching safepoint: 76178 ns, At safepoint: 9211 ns, Total: 85389 ns
[2020-02-26T10:19:40.111+0000][1][safepoint    ] Safepoint "Cleanup", Time since last: 1000379082 ns, Reaching safepoint: 72173 ns, At safepoint: 8320 ns, Total: 80493 ns
[2020-02-26T10:19:40.617+0000][1][safepoint    ] Safepoint "RevokeBias", Time since last: 506521892 ns, Reaching safepoint: 71271 ns, At safepoint: 19511 ns, Total: 90782 ns
[2020-02-26T10:19:41.618+0000][1][safepoint    ] Safepoint "Cleanup", Time since last: 1000249065 ns, Reaching safepoint: 75510 ns, At safepoint: 8973 ns, Total: 84483 ns
[2020-02-26T10:19:42.618+0000][1][safepoint    ] Safepoint "Cleanup", Time since last: 1000592756 ns, Reaching safepoint: 78333 ns, At safepoint: 9026 ns, Total: 87359 ns
[2020-02-26T10:19:43.137+0000][1][safepoint    ] Safepoint "RevokeBias", Time since last: 518907609 ns, Reaching safepoint: 72012 ns, At safepoint: 20198 ns, Total: 92210 ns
[2020-02-26T10:19:44.138+0000][1][safepoint    ] Safepoint "Cleanup", Time since last: 1000618280 ns, Reaching safepoint: 94982 ns, At safepoint: 9232 ns, Total: 104214 ns
[2020-02-26T10:19:45.139+0000][1][safepoint    ] Safepoint "Cleanup", Time since last: 1000874469 ns, Reaching safepoint: 115494 ns, At safepoint: 10605 ns, Total: 126099 ns
[2020-02-26T10:19:45.651+0000][1][safepoint    ] Safepoint "RevokeBias", Time since last: 511408976 ns, Reaching safepoint: 171446 ns, At safepoint: 23719 ns, Total: 195165 ns
[2020-02-26T10:19:46.652+0000][1][safepoint    ] Safepoint "Cleanup", Time since last: 1000965934 ns, Reaching safepoint: 74140 ns, At safepoint: 9841 ns, Total: 83981 ns
[2020-02-26T10:19:47.653+0000][1][safepoint    ] Safepoint "Cleanup", Time since last: 1000774574 ns, Reaching safepoint: 111433 ns, At safepoint: 9634 ns, Total: 121067 ns
[2020-02-26T10:19:48.169+0000][1][safepoint    ] Safepoint "RevokeBias", Time since last: 516306686 ns, Reaching safepoint: 188355 ns, At safepoint: 38303 ns, Total: 226658 ns
[2020-02-26T10:19:49.235+0000][1][safepoint    ] Safepoint "Cleanup", Time since last: 1065383891 ns, Reaching safepoint: 78943 ns, At safepoint: 7943 ns, Total: 86886 ns
[2020-02-26T10:19:50.235+0000][1][safepoint    ] Safepoint "Cleanup", Time since last: 1000331653 ns, Reaching safepoint: 92829 ns, At safepoint: 8994 ns, Total: 101823 ns
[2020-02-26T10:19:50.683+0000][1][safepoint    ] Safepoint "RevokeBias", Time since last: 447594990 ns, Reaching safepoint: 90052 ns, At safepoint: 20721 ns, Total: 110773 ns
[2020-02-26T10:19:51.683+0000][1][safepoint    ] Safepoint "Cleanup", Time since last: 1000656822 ns, Reaching safepoint: 98171 ns, At safepoint: 9666 ns, Total: 107837 ns
[2020-02-26T10:19:52.684+0000][1][safepoint    ] Safepoint "Cleanup", Time since last: 1000480770 ns, Reaching safepoint: 90500 ns, At safepoint: 9059 ns, Total: 99559 ns
[2020-02-26T10:19:53.190+0000][1][safepoint    ] Safepoint "RevokeBias", Time since last: 505501834 ns, Reaching safepoint: 87048 ns, At safepoint: 20684 ns, Total: 107732 ns
[2020-02-26T10:19:54.191+0000][1][safepoint    ] Safepoint "Cleanup", Time since last: 1000837504 ns, Reaching safepoint: 132643 ns, At safepoint: 12508 ns, Total: 145151 ns
[2020-02-26T10:19:55.191+0000][1][safepoint    ] Safepoint "Cleanup", Time since last: 1000207189 ns, Reaching safepoint: 75879 ns, At safepoint: 9858 ns, Total: 85737 ns
[2020-02-26T10:19:55.695+0000][1][safepoint    ] Safepoint "RevokeBias", Time since last: 504326563 ns, Reaching safepoint: 85198 ns, At safepoint: 20518 ns, Total: 105716 ns
[2020-02-26T10:19:56.696+0000][1][safepoint    ] Safepoint "Cleanup", Time since last: 1000244315 ns, Reaching safepoint: 76658 ns, At safepoint: 8727 ns, Total: 85385 ns
[2020-02-26T10:19:57.696+0000][1][safepoint    ] Safepoint "Cleanup", Time since last: 1000662922 ns, Reaching safepoint: 76487 ns, At safepoint: 9219 ns, Total: 85706 ns
[2020-02-26T10:19:58.199+0000][1][safepoint    ] Safepoint "RevokeBias", Time since last: 502952267 ns, Reaching safepoint: 73084 ns, At safepoint: 19666 ns, Total: 92750 ns
[2020-02-26T10:19:59.202+0000][1][safepoint    ] Safepoint "Cleanup", Time since last: 1001959352 ns, Reaching safepoint: 133494 ns, At safepoint: 10451 ns, Total: 143945 ns
[2020-02-26T10:20:00.202+0000][1][safepoint    ] Safepoint "Cleanup", Time since last: 1000679667 ns, Reaching safepoint: 79690 ns, At safepoint: 9071 ns, Total: 88761 ns
[2020-02-26T10:20:00.706+0000][1][safepoint    ] Safepoint "RevokeBias", Time since last: 503721230 ns, Reaching safepoint: 73147 ns, At safepoint: 19770 ns, Total: 92917 ns
[2020-02-26T10:20:01.706+0000][1][safepoint    ] Safepoint "Cleanup", Time since last: 1000229898 ns, Reaching safepoint: 94330 ns, At safepoint: 11250 ns, Total: 105580 ns
[2020-02-26T10:20:02.707+0000][1][safepoint    ] Safepoint "Cleanup", Time since last: 1000340380 ns, Reaching safepoint: 78460 ns, At safepoint: 10138 ns, Total: 88598 ns
[2020-02-26T10:20:03.211+0000][1][safepoint    ] Safepoint "RevokeBias", Time since last: 504044062 ns, Reaching safepoint: 69457 ns, At safepoint: 19455 ns, Total: 88912 ns
[2020-02-26T10:20:04.212+0000][1][safepoint    ] Safepoint "Cleanup", Time since last: 1000744688 ns, Reaching safepoint: 93129 ns, At safepoint: 8772 ns, Total: 101901 ns
[2020-02-26T10:20:05.216+0000][1][safepoint    ] Safepoint "Cleanup", Time since last: 1004278642 ns, Reaching safepoint: 95719 ns, At safepoint: 9608 ns, Total: 105327 ns
[2020-02-26T10:20:05.720+0000][1][safepoint    ] Safepoint "RevokeBias", Time since last: 503457857 ns, Reaching safepoint: 72068 ns, At safepoint: 20374 ns, Total: 92442 ns
[2020-02-26T10:20:06.420+0000][1][gc,start     ] GC(77) Pause Young (Allocation Failure)
[2020-02-26T10:20:06.420+0000][1][gc,task      ] GC(77) Using 1 workers of 1 for evacuation
[2020-02-26T10:20:06.429+0000][1][gc,age       ] GC(77) Desired survivor size 4358144 bytes, new threshold 6 (max threshold 6)
[2020-02-26T10:20:06.429+0000][1][gc,age       ] GC(77) Age table with threshold 6 (max threshold 6)
[2020-02-26T10:20:06.429+0000][1][gc,age       ] GC(77) - age   1:      12616 bytes,      12616 total
[2020-02-26T10:20:06.429+0000][1][gc,age       ] GC(77) - age   2:        800 bytes,      13416 total
[2020-02-26T10:20:06.429+0000][1][gc,age       ] GC(77) - age   3:        112 bytes,      13528 total
[2020-02-26T10:20:06.429+0000][1][gc,age       ] GC(77) - age   4:        120 bytes,      13648 total
[2020-02-26T10:20:06.429+0000][1][gc,age       ] GC(77) - age   5:        264 bytes,      13912 total
[2020-02-26T10:20:06.429+0000][1][gc,age       ] GC(77) - age   6:        592 bytes,      14504 total
[2020-02-26T10:20:06.429+0000][1][gc,heap      ] GC(77) ParNew: 68183K->15K(76672K)
[2020-02-26T10:20:06.429+0000][1][gc,heap      ] GC(77) CMS: 62663K->62663K(963392K)
[2020-02-26T10:20:06.429+0000][1][gc,metaspace ] GC(77) Metaspace: 79845K->79845K(1122304K)
[2020-02-26T10:20:06.429+0000][1][gc           ] GC(77) Pause Young (Allocation Failure) 127M->61M(1015M) 9.339ms
[2020-02-26T10:20:06.429+0000][1][gc,cpu       ] GC(77) User=0.00s Sys=0.00s Real=0.01s
[2020-02-26T10:20:06.429+0000][1][safepoint    ] Safepoint "GenCollectForAllocation", Time since last: 699688859 ns, Reaching safepoint: 87136 ns, At safepoint: 9394719 ns, Total: 9481855 ns
[2020-02-26T10:20:07.430+0000][1][safepoint    ] Safepoint "Cleanup", Time since last: 1000438181 ns, Reaching safepoint: 86575 ns, At safepoint: 11327 ns, Total: 97902 ns
[2020-02-26T10:20:08.234+0000][1][safepoint    ] Safepoint "RevokeBias", Time since last: 804628978 ns, Reaching safepoint: 169067 ns, At safepoint: 40804 ns, Total: 209871 ns
[2020-02-26T10:20:09.235+0000][1][safepoint    ] Safepoint "Cleanup", Time since last: 1000496209 ns, Reaching safepoint: 73865 ns, At safepoint: 7919 ns, Total: 81784 ns
[2020-02-26T10:20:10.242+0000][1][safepoint    ] Safepoint "Cleanup", Time since last: 1006645101 ns, Reaching safepoint: 111972 ns, At safepoint: 12646 ns, Total: 124618 ns
[2020-02-26T10:20:10.739+0000][1][safepoint    ] Safepoint "RevokeBias", Time since last: 497328992 ns, Reaching safepoint: 72749 ns, At safepoint: 20030 ns, Total: 92779 ns
[2020-02-26T10:20:11.740+0000][1][safepoint    ] Safepoint "Cleanup", Time since last: 1000696743 ns, Reaching safepoint: 92200 ns, At safepoint: 8531 ns, Total: 100731 ns
[2020-02-26T10:20:12.741+0000][1][safepoint    ] Safepoint "Cleanup", Time since last: 1000736541 ns, Reaching safepoint: 101350 ns, At safepoint: 9319 ns, Total: 110669 ns
[2020-02-26T10:20:13.243+0000][1][safepoint    ] Safepoint "RevokeBias", Time since last: 502122465 ns, Reaching safepoint: 78823 ns, At safepoint: 27722 ns, Total: 106545 ns
[2020-02-26T10:20:14.244+0000][1][safepoint    ] Safepoint "Cleanup", Time since last: 1000520358 ns, Reaching safepoint: 89609 ns, At safepoint: 8677 ns, Total: 98286 ns
[2020-02-26T10:20:15.245+0000][1][safepoint    ] Safepoint "Cleanup", Time since last: 1001143710 ns, Reaching safepoint: 132472 ns, At safepoint: 12345 ns, Total: 144817 ns
[2020-02-26T10:20:15.761+0000][1][safepoint    ] Safepoint "BulkRevokeBias", Time since last: 515242275 ns, Reaching safepoint: 70709 ns, At safepoint: 376285 ns, Total: 446994 ns
[2020-02-26T10:20:16.761+0000][1][safepoint    ] Safepoint "Cleanup", Time since last: 1000685558 ns, Reaching safepoint: 81301 ns, At safepoint: 9423 ns, Total: 90724 ns
[2020-02-26T10:20:17.762+0000][1][safepoint    ] Safepoint "Cleanup", Time since last: 1000509863 ns, Reaching safepoint: 112240 ns, At safepoint: 9257 ns, Total: 121497 ns
[2020-02-26T10:20:18.276+0000][1][safepoint    ] Safepoint "RevokeBias", Time since last: 513758598 ns, Reaching safepoint: 73291 ns, At safepoint: 37466 ns, Total: 110757 ns
[2020-02-26T10:20:19.277+0000][1][safepoint    ] Safepoint "Cleanup", Time since last: 1000878235 ns, Reaching safepoint: 92434 ns, At safepoint: 9265 ns, Total: 101699 ns
[2020-02-26T10:20:20.278+0000][1][safepoint    ] Safepoint "Cleanup", Time since last: 1000617952 ns, Reaching safepoint: 92879 ns, At safepoint: 9409 ns, Total: 102288 ns
[2020-02-26T10:20:20.797+0000][1][safepoint    ] Safepoint "RevokeBias", Time since last: 519680040 ns, Reaching safepoint: 71263 ns, At safepoint: 84620 ns, Total: 155883 ns
[2020-02-26T10:20:22.704+0000][1][safepoint    ] Safepoint "Cleanup", Time since last: 1906516562 ns, Reaching safepoint: 76365 ns, At safepoint: 9257 ns, Total: 85622 ns
[2020-02-26T10:20:23.310+0000][1][safepoint    ] Safepoint "RevokeBias", Time since last: 605413820 ns, Reaching safepoint: 141776 ns, At safepoint: 22750 ns, Total: 164526 ns
[2020-02-26T10:20:24.310+0000][1][safepoint    ] Safepoint "Cleanup", Time since last: 1000173890 ns, Reaching safepoint: 96067 ns, At safepoint: 9848 ns, Total: 105915 ns
[2020-02-26T10:20:25.311+0000][1][safepoint    ] Safepoint "Cleanup", Time since last: 1000527366 ns, Reaching safepoint: 77669 ns, At safepoint: 8480 ns, Total: 86149 ns
[2020-02-26T10:20:25.831+0000][1][safepoint    ] Safepoint "RevokeBias", Time since last: 520505048 ns, Reaching safepoint: 90073 ns, At safepoint: 20325 ns, Total: 110398 ns
[2020-02-26T10:20:26.832+0000][1][safepoint    ] Safepoint "Cleanup", Time since last: 1000654052 ns, Reaching safepoint: 122613 ns, At safepoint: 10281 ns, Total: 132894 ns
[2020-02-26T10:20:27.832+0000][1][safepoint    ] Safepoint "Cleanup", Time since last: 1000212658 ns, Reaching safepoint: 105730 ns, At safepoint: 11143 ns, Total: 116873 ns
[2020-02-26T10:20:28.339+0000][1][safepoint    ] Safepoint "RevokeBias", Time since last: 506992557 ns, Reaching safepoint: 73021 ns, At safepoint: 20944 ns, Total: 93965 ns
[2020-02-26T10:20:29.340+0000][1][safepoint    ] Safepoint "Cleanup", Time since last: 1000360681 ns, Reaching safepoint: 77835 ns, At safepoint: 9736 ns, Total: 87571 ns
[2020-02-26T10:20:30.340+0000][1][safepoint    ] Safepoint "Cleanup", Time since last: 1000386504 ns, Reaching safepoint: 123540 ns, At safepoint: 14041 ns, Total: 137581 ns
[2020-02-26T10:20:30.845+0000][1][safepoint    ] Safepoint "RevokeBias", Time since last: 504466573 ns, Reaching safepoint: 72528 ns, At safepoint: 20026 ns, Total: 92554 ns
[2020-02-26T10:20:31.852+0000][1][safepoint    ] Safepoint "Cleanup", Time since last: 1006627111 ns, Reaching safepoint: 73429 ns, At safepoint: 8165 ns, Total: 81594 ns
[2020-02-26T10:20:32.852+0000][1][safepoint    ] Safepoint "Cleanup", Time since last: 1000465357 ns, Reaching safepoint: 83351 ns, At safepoint: 9651 ns, Total: 93002 ns
[2020-02-26T10:20:33.350+0000][1][safepoint    ] Safepoint "RevokeBias", Time since last: 498014380 ns, Reaching safepoint: 70457 ns, At safepoint: 19663 ns, Total: 90120 ns
[2020-02-26T10:20:34.350+0000][1][safepoint    ] Safepoint "Cleanup", Time since last: 1000151374 ns, Reaching safepoint: 77100 ns, At safepoint: 8933 ns, Total: 86033 ns
[2020-02-26T10:20:35.351+0000][1][safepoint    ] Safepoint "Cleanup", Time since last: 1000887710 ns, Reaching safepoint: 113581 ns, At safepoint: 9562 ns, Total: 123143 ns
[2020-02-26T10:20:35.857+0000][1][safepoint    ] Safepoint "RevokeBias", Time since last: 505583909 ns, Reaching safepoint: 55382 ns, At safepoint: 18504 ns, Total: 73886 ns
[2020-02-26T10:20:36.861+0000][1][safepoint    ] Safepoint "Cleanup", Time since last: 1003815245 ns, Reaching safepoint: 116929 ns, At safepoint: 13100 ns, Total: 130029 ns
[2020-02-26T10:20:37.861+0000][1][safepoint    ] Safepoint "Cleanup", Time since last: 1000223300 ns, Reaching safepoint: 118055 ns, At safepoint: 11487 ns, Total: 129542 ns
[2020-02-26T10:20:38.360+0000][1][safepoint    ] Safepoint "RevokeBias", Time since last: 498079371 ns, Reaching safepoint: 93743 ns, At safepoint: 24716 ns, Total: 118459 ns
[2020-02-26T10:20:39.360+0000][1][safepoint    ] Safepoint "Cleanup", Time since last: 1000559479 ns, Reaching safepoint: 81289 ns, At safepoint: 11873 ns, Total: 93162 ns
[2020-02-26T10:20:40.361+0000][1][safepoint    ] Safepoint "Cleanup", Time since last: 1000235011 ns, Reaching safepoint: 91835 ns, At safepoint: 10238 ns, Total: 102073 ns
[2020-02-26T10:20:40.866+0000][1][safepoint    ] Safepoint "RevokeBias", Time since last: 505692248 ns, Reaching safepoint: 72101 ns, At safepoint: 20706 ns, Total: 92807 ns
[2020-02-26T10:20:41.869+0000][1][safepoint    ] Safepoint "Cleanup", Time since last: 1002266187 ns, Reaching safepoint: 117230 ns, At safepoint: 8485 ns, Total: 125715 ns
[2020-02-26T10:20:42.869+0000][1][safepoint    ] Safepoint "Cleanup", Time since last: 1000502975 ns, Reaching safepoint: 78949 ns, At safepoint: 10290 ns, Total: 89239 ns
[2020-02-26T10:20:43.370+0000][1][safepoint    ] Safepoint "RevokeBias", Time since last: 501001333 ns, Reaching safepoint: 73592 ns, At safepoint: 20957 ns, Total: 94549 ns
[2020-02-26T10:20:44.371+0000][1][safepoint    ] Safepoint "Cleanup", Time since last: 1000122678 ns, Reaching safepoint: 74272 ns, At safepoint: 8211 ns, Total: 82483 ns
[2020-02-26T10:20:45.371+0000][1][safepoint    ] Safepoint "Cleanup", Time since last: 1000279007 ns, Reaching safepoint: 149605 ns, At safepoint: 12415 ns, Total: 162020 ns
[2020-02-26T10:20:45.876+0000][1][safepoint    ] Safepoint "RevokeBias", Time since last: 504450415 ns, Reaching safepoint: 163799 ns, At safepoint: 29713 ns, Total: 193512 ns
[2020-02-26T10:20:46.876+0000][1][safepoint    ] Safepoint "Cleanup", Time since last: 1000130377 ns, Reaching safepoint: 80991 ns, At safepoint: 10635 ns, Total: 91626 ns
[2020-02-26T10:20:47.887+0000][1][safepoint    ] Safepoint "Cleanup", Time since last: 1011055022 ns, Reaching safepoint: 144320 ns, At safepoint: 13644 ns, Total: 157964 ns
[2020-02-26T10:20:48.446+0000][1][safepoint    ] Safepoint "RevokeBias", Time since last: 558506819 ns, Reaching safepoint: 73681 ns, At safepoint: 82033 ns, Total: 155714 ns
[2020-02-26T10:20:49.447+0000][1][safepoint    ] Safepoint "Cleanup", Time since last: 1000564494 ns, Reaching safepoint: 75056 ns, At safepoint: 10235 ns, Total: 85291 ns
[2020-02-26T10:20:50.447+0000][1][safepoint    ] Safepoint "Cleanup", Time since last: 1000716259 ns, Reaching safepoint: 75826 ns, At safepoint: 10276 ns, Total: 86102 ns
[2020-02-26T10:20:50.951+0000][1][safepoint    ] Safepoint "RevokeBias", Time since last: 503386544 ns, Reaching safepoint: 148524 ns, At safepoint: 22930 ns, Total: 171454 ns
[2020-02-26T10:20:51.952+0000][1][safepoint    ] Safepoint "Cleanup", Time since last: 1000777709 ns, Reaching safepoint: 111669 ns, At safepoint: 10002 ns, Total: 121671 ns
[2020-02-26T10:20:52.962+0000][1][safepoint    ] Safepoint "Cleanup", Time since last: 1010607522 ns, Reaching safepoint: 73311 ns, At safepoint: 7748 ns, Total: 81059 ns
[2020-02-26T10:20:53.457+0000][1][safepoint    ] Safepoint "RevokeBias", Time since last: 493959369 ns, Reaching safepoint: 139637 ns, At safepoint: 72064 ns, Total: 211701 ns
[2020-02-26T10:20:54.458+0000][1][safepoint    ] Safepoint "Cleanup", Time since last: 1000947155 ns, Reaching safepoint: 98973 ns, At safepoint: 7139 ns, Total: 106112 ns
[2020-02-26T10:20:55.669+0000][1][safepoint    ] Safepoint "Cleanup", Time since last: 1210666095 ns, Reaching safepoint: 143747 ns, At safepoint: 11244 ns, Total: 154991 ns
[2020-02-26T10:20:55.963+0000][1][safepoint    ] Safepoint "RevokeBias", Time since last: 294464012 ns, Reaching safepoint: 122896 ns, At safepoint: 21815 ns, Total: 144711 ns
[2020-02-26T10:20:56.964+0000][1][safepoint    ] Safepoint "Cleanup", Time since last: 1000963514 ns, Reaching safepoint: 79517 ns, At safepoint: 9800 ns, Total: 89317 ns
[2020-02-26T10:20:57.970+0000][1][safepoint    ] Safepoint "Cleanup", Time since last: 1005931453 ns, Reaching safepoint: 56188 ns, At safepoint: 7361 ns, Total: 63549 ns
[2020-02-26T10:20:58.479+0000][1][safepoint    ] Safepoint "RevokeBias", Time since last: 508467014 ns, Reaching safepoint: 70711 ns, At safepoint: 19216 ns, Total: 89927 ns
[2020-02-26T10:20:59.479+0000][1][safepoint    ] Safepoint "Cleanup", Time since last: 1000521779 ns, Reaching safepoint: 105707 ns, At safepoint: 12994 ns, Total: 118701 ns
[2020-02-26T10:21:00.480+0000][1][safepoint    ] Safepoint "Cleanup", Time since last: 1000139288 ns, Reaching safepoint: 76406 ns, At safepoint: 8866 ns, Total: 85272 ns
[2020-02-26T10:21:00.987+0000][1][safepoint    ] Safepoint "RevokeBias", Time since last: 507122088 ns, Reaching safepoint: 84404 ns, At safepoint: 19824 ns, Total: 104228 ns
[2020-02-26T10:21:01.987+0000][1][safepoint    ] Safepoint "Cleanup", Time since last: 1000422018 ns, Reaching safepoint: 77179 ns, At safepoint: 9125 ns, Total: 86304 ns
[2020-02-26T10:21:02.988+0000][1][safepoint    ] Safepoint "Cleanup", Time since last: 1000305149 ns, Reaching safepoint: 138970 ns, At safepoint: 9493 ns, Total: 148463 ns
[2020-02-26T10:21:03.506+0000][1][safepoint    ] Safepoint "RevokeBias", Time since last: 517739246 ns, Reaching safepoint: 74228 ns, At safepoint: 20729 ns, Total: 94957 ns
[2020-02-26T10:21:04.507+0000][1][safepoint    ] Safepoint "Cleanup", Time since last: 1000808247 ns, Reaching safepoint: 96987 ns, At safepoint: 9625 ns, Total: 106612 ns
[2020-02-26T10:21:05.507+0000][1][safepoint    ] Safepoint "Cleanup", Time since last: 1000125563 ns, Reaching safepoint: 88261 ns, At safepoint: 10530 ns, Total: 98791 ns
[2020-02-26T10:21:06.017+0000][1][safepoint    ] Safepoint "RevokeBias", Time since last: 510456462 ns, Reaching safepoint: 70030 ns, At safepoint: 19686 ns, Total: 89716 ns
[2020-02-26T10:21:07.018+0000][1][safepoint    ] Safepoint "Cleanup", Time since last: 1000818256 ns, Reaching safepoint: 77498 ns, At safepoint: 8990 ns, Total: 86488 ns
[2020-02-26T10:21:08.019+0000][1][safepoint    ] Safepoint "Cleanup", Time since last: 1000792654 ns, Reaching safepoint: 97584 ns, At safepoint: 9783 ns, Total: 107367 ns
[2020-02-26T10:21:08.531+0000][1][safepoint    ] Safepoint "RevokeBias", Time since last: 511631690 ns, Reaching safepoint: 71006 ns, At safepoint: 19720 ns, Total: 90726 ns
[2020-02-26T10:21:09.531+0000][1][safepoint    ] Safepoint "Cleanup", Time since last: 1000358611 ns, Reaching safepoint: 76343 ns, At safepoint: 8402 ns, Total: 84745 ns
[2020-02-26T10:21:10.532+0000][1][safepoint    ] Safepoint "Cleanup", Time since last: 1000478015 ns, Reaching safepoint: 76756 ns, At safepoint: 8932 ns, Total: 85688 ns
[2020-02-26T10:21:11.044+0000][1][safepoint    ] Safepoint "RevokeBias", Time since last: 511714424 ns, Reaching safepoint: 77381 ns, At safepoint: 21091 ns, Total: 98472 ns
[2020-02-26T10:21:12.044+0000][1][safepoint    ] Safepoint "Cleanup", Time since last: 1000378180 ns, Reaching safepoint: 78302 ns, At safepoint: 9063 ns, Total: 87365 ns
[2020-02-26T10:21:13.045+0000][1][safepoint    ] Safepoint "Cleanup", Time since last: 1000549249 ns, Reaching safepoint: 131867 ns, At safepoint: 12419 ns, Total: 144286 ns
[2020-02-26T10:21:13.546+0000][1][safepoint    ] Safepoint "RevokeBias", Time since last: 501079675 ns, Reaching safepoint: 101864 ns, At safepoint: 22250 ns, Total: 124114 ns
[2020-02-26T10:21:14.553+0000][1][safepoint    ] Safepoint "Cleanup", Time since last: 1006949165 ns, Reaching safepoint: 92450 ns, At safepoint: 9849 ns, Total: 102299 ns
[2020-02-26T10:21:15.553+0000][1][safepoint    ] Safepoint "Cleanup", Time since last: 1000190581 ns, Reaching safepoint: 76951 ns, At safepoint: 9195 ns, Total: 86146 ns
[2020-02-26T10:21:16.050+0000][1][safepoint    ] Safepoint "RevokeBias", Time since last: 497037479 ns, Reaching safepoint: 73767 ns, At safepoint: 20613 ns, Total: 94380 ns
[2020-02-26T10:21:17.051+0000][1][safepoint    ] Safepoint "Cleanup", Time since last: 1000484112 ns, Reaching safepoint: 215293 ns, At safepoint: 10039 ns, Total: 225332 ns
[2020-02-26T10:21:18.052+0000][1][safepoint    ] Safepoint "Cleanup", Time since last: 1000675624 ns, Reaching safepoint: 73758 ns, At safepoint: 7656 ns, Total: 81414 ns
[2020-02-26T10:21:18.562+0000][1][safepoint    ] Safepoint "RevokeBias", Time since last: 508958672 ns, Reaching safepoint: 1277075 ns, At safepoint: 25235 ns, Total: 1302310 ns
[2020-02-26T10:21:19.563+0000][1][safepoint    ] Safepoint "Cleanup", Time since last: 1000407779 ns, Reaching safepoint: 73995 ns, At safepoint: 8641 ns, Total: 82636 ns
[2020-02-26T10:21:20.564+0000][1][safepoint    ] Safepoint "Cleanup", Time since last: 1000912893 ns, Reaching safepoint: 77250 ns, At safepoint: 9591 ns, Total: 86841 ns
[2020-02-26T10:21:21.066+0000][1][safepoint    ] Safepoint "RevokeBias", Time since last: 501887250 ns, Reaching safepoint: 72045 ns, At safepoint: 19804 ns, Total: 91849 ns
[2020-02-26T10:21:22.066+0000][1][safepoint    ] Safepoint "Cleanup", Time since last: 1000552131 ns, Reaching safepoint: 77006 ns, At safepoint: 8778 ns, Total: 85784 ns
[2020-02-26T10:21:23.067+0000][1][safepoint    ] Safepoint "Cleanup", Time since last: 1000649412 ns, Reaching safepoint: 115686 ns, At safepoint: 13966 ns, Total: 129652 ns
[2020-02-26T10:21:23.572+0000][1][safepoint    ] Safepoint "RevokeBias", Time since last: 504415477 ns, Reaching safepoint: 71524 ns, At safepoint: 19788 ns, Total: 91312 ns
[2020-02-26T10:21:24.580+0000][1][safepoint    ] Safepoint "Cleanup", Time since last: 1008089806 ns, Reaching safepoint: 102536 ns, At safepoint: 10387 ns, Total: 112923 ns
[2020-02-26T10:21:25.581+0000][1][safepoint    ] Safepoint "Cleanup", Time since last: 1000616845 ns, Reaching safepoint: 77632 ns, At safepoint: 9938 ns, Total: 87570 ns
[2020-02-26T10:21:26.077+0000][1][safepoint    ] Safepoint "RevokeBias", Time since last: 496670314 ns, Reaching safepoint: 69583 ns, At safepoint: 19447 ns, Total: 89030 ns
[2020-02-26T10:21:27.078+0000][1][safepoint    ] Safepoint "Cleanup", Time since last: 1000433239 ns, Reaching safepoint: 96804 ns, At safepoint: 9375 ns, Total: 106179 ns
[2020-02-26T10:21:28.079+0000][1][safepoint    ] Safepoint "Cleanup", Time since last: 1000633010 ns, Reaching safepoint: 81282 ns, At safepoint: 9008 ns, Total: 90290 ns
[2020-02-26T10:21:28.581+0000][1][safepoint    ] Safepoint "BulkRevokeBias", Time since last: 502199483 ns, Reaching safepoint: 70084 ns, At safepoint: 430106 ns, Total: 500190 ns
[2020-02-26T10:21:29.582+0000][1][safepoint    ] Safepoint "Cleanup", Time since last: 1000714163 ns, Reaching safepoint: 283422 ns, At safepoint: 32902 ns, Total: 316324 ns
[2020-02-26T10:21:30.592+0000][1][safepoint    ] Safepoint "Cleanup", Time since last: 1010080320 ns, Reaching safepoint: 76625 ns, At safepoint: 8219 ns, Total: 84844 ns
[2020-02-26T10:21:31.087+0000][1][safepoint    ] Safepoint "RevokeBias", Time since last: 494002906 ns, Reaching safepoint: 77369 ns, At safepoint: 20690 ns, Total: 98059 ns
[2020-02-26T10:21:32.087+0000][1][safepoint    ] Safepoint "Cleanup", Time since last: 1000568390 ns, Reaching safepoint: 77413 ns, At safepoint: 9724 ns, Total: 87137 ns
[2020-02-26T10:21:33.088+0000][1][safepoint    ] Safepoint "Cleanup", Time since last: 1000201942 ns, Reaching safepoint: 114451 ns, At safepoint: 9802 ns, Total: 124253 ns
[2020-02-26T10:21:33.593+0000][1][safepoint    ] Safepoint "RevokeBias", Time since last: 505189864 ns, Reaching safepoint: 124426 ns, At safepoint: 19104 ns, Total: 143530 ns
[2020-02-26T10:21:34.594+0000][1][safepoint    ] Safepoint "Cleanup", Time since last: 1000721824 ns, Reaching safepoint: 94045 ns, At safepoint: 9794 ns, Total: 103839 ns
[2020-02-26T10:21:35.595+0000][1][safepoint    ] Safepoint "Cleanup", Time since last: 1000786152 ns, Reaching safepoint: 116087 ns, At safepoint: 8737 ns, Total: 124824 ns
[2020-02-26T10:21:36.106+0000][1][safepoint    ] Safepoint "RevokeBias", Time since last: 510975552 ns, Reaching safepoint: 71473 ns, At safepoint: 20089 ns, Total: 91562 ns
[2020-02-26T10:21:37.106+0000][1][safepoint    ] Safepoint "Cleanup", Time since last: 1000136592 ns, Reaching safepoint: 120789 ns, At safepoint: 13138 ns, Total: 133927 ns
[2020-02-26T10:21:38.107+0000][1][safepoint    ] Safepoint "Cleanup", Time since last: 1000850456 ns, Reaching safepoint: 75331 ns, At safepoint: 8638 ns, Total: 83969 ns
[2020-02-26T10:21:38.611+0000][1][safepoint    ] Safepoint "RevokeBias", Time since last: 504390237 ns, Reaching safepoint: 178339 ns, At safepoint: 22220 ns, Total: 200559 ns
[2020-02-26T10:21:39.612+0000][1][safepoint    ] Safepoint "Cleanup", Time since last: 1000224249 ns, Reaching safepoint: 75737 ns, At safepoint: 9134 ns, Total: 84871 ns
[2020-02-26T10:21:40.612+0000][1][safepoint    ] Safepoint "Cleanup", Time since last: 1000271106 ns, Reaching safepoint: 76601 ns, At safepoint: 9494 ns, Total: 86095 ns
[2020-02-26T10:21:41.124+0000][1][safepoint    ] Safepoint "RevokeBias", Time since last: 511580914 ns, Reaching safepoint: 76632 ns, At safepoint: 20603 ns, Total: 97235 ns
[2020-02-26T10:21:42.124+0000][1][safepoint    ] Safepoint "Cleanup", Time since last: 1000397257 ns, Reaching safepoint: 95570 ns, At safepoint: 9475 ns, Total: 105045 ns
[2020-02-26T10:21:43.125+0000][1][safepoint    ] Safepoint "Cleanup", Time since last: 1000679949 ns, Reaching safepoint: 77008 ns, At safepoint: 9740 ns, Total: 86748 ns
[2020-02-26T10:21:43.634+0000][1][safepoint    ] Safepoint "RevokeBias", Time since last: 509021210 ns, Reaching safepoint: 97790 ns, At safepoint: 31024 ns, Total: 128814 ns
[2020-02-26T10:21:44.635+0000][1][safepoint    ] Safepoint "Cleanup", Time since last: 1000456812 ns, Reaching safepoint: 93226 ns, At safepoint: 8409 ns, Total: 101635 ns
[2020-02-26T10:21:45.635+0000][1][safepoint    ] Safepoint "Cleanup", Time since last: 1000321385 ns, Reaching safepoint: 94288 ns, At safepoint: 8953 ns, Total: 103241 ns
[2020-02-26T10:21:46.145+0000][1][safepoint    ] Safepoint "RevokeBias", Time since last: 509382742 ns, Reaching safepoint: 86189 ns, At safepoint: 18686 ns, Total: 104875 ns
[2020-02-26T10:21:47.146+0000][1][safepoint    ] Safepoint "Cleanup", Time since last: 1000732702 ns, Reaching safepoint: 136403 ns, At safepoint: 10024 ns, Total: 146427 ns
[2020-02-26T10:21:48.146+0000][1][safepoint    ] Safepoint "Cleanup", Time since last: 1000117757 ns, Reaching safepoint: 93726 ns, At safepoint: 9313 ns, Total: 103039 ns
[2020-02-26T10:21:48.659+0000][1][safepoint    ] Safepoint "RevokeBias", Time since last: 512534135 ns, Reaching safepoint: 147308 ns, At safepoint: 54570 ns, Total: 201878 ns
[2020-02-26T10:21:49.659+0000][1][safepoint    ] Safepoint "Cleanup", Time since last: 1000505977 ns, Reaching safepoint: 155686 ns, At safepoint: 9411 ns, Total: 165097 ns
[2020-02-26T10:21:50.660+0000][1][safepoint    ] Safepoint "Cleanup", Time since last: 1000724599 ns, Reaching safepoint: 88851 ns, At safepoint: 11622 ns, Total: 100473 ns
[2020-02-26T10:21:51.165+0000][1][safepoint    ] Safepoint "RevokeBias", Time since last: 504713220 ns, Reaching safepoint: 92179 ns, At safepoint: 63781 ns, Total: 155960 ns
[2020-02-26T10:21:52.176+0000][1][safepoint    ] Safepoint "Cleanup", Time since last: 1011290269 ns, Reaching safepoint: 114905 ns, At safepoint: 14055 ns, Total: 128960 ns
[2020-02-26T10:21:53.187+0000][1][safepoint    ] Safepoint "Cleanup", Time since last: 1010810258 ns, Reaching safepoint: 97304 ns, At safepoint: 10416 ns, Total: 107720 ns
[2020-02-26T10:21:53.673+0000][1][safepoint    ] Safepoint "RevokeBias", Time since last: 485293878 ns, Reaching safepoint: 201920 ns, At safepoint: 23471 ns, Total: 225391 ns
[2020-02-26T10:21:54.673+0000][1][safepoint    ] Safepoint "Cleanup", Time since last: 1000290445 ns, Reaching safepoint: 80774 ns, At safepoint: 8066 ns, Total: 88840 ns
[2020-02-26T10:21:55.674+0000][1][safepoint    ] Safepoint "Cleanup", Time since last: 1000691707 ns, Reaching safepoint: 138245 ns, At safepoint: 13336 ns, Total: 151581 ns
[2020-02-26T10:21:56.179+0000][1][safepoint    ] Safepoint "RevokeBias", Time since last: 504973197 ns, Reaching safepoint: 149978 ns, At safepoint: 31832 ns, Total: 181810 ns
[2020-02-26T10:21:57.182+0000][1][safepoint    ] Safepoint "Cleanup", Time since last: 1003249825 ns, Reaching safepoint: 89382 ns, At safepoint: 7718 ns, Total: 97100 ns
[2020-02-26T10:21:58.183+0000][1][safepoint    ] Safepoint "Cleanup", Time since last: 1000072422 ns, Reaching safepoint: 77252 ns, At safepoint: 9798 ns, Total: 87050 ns
[2020-02-26T10:21:58.683+0000][1][safepoint    ] Safepoint "RevokeBias", Time since last: 500384648 ns, Reaching safepoint: 70523 ns, At safepoint: 115903 ns, Total: 186426 ns
[2020-02-26T10:21:59.684+0000][1][safepoint    ] Safepoint "Cleanup", Time since last: 1000779529 ns, Reaching safepoint: 77546 ns, At safepoint: 9517 ns, Total: 87063 ns
[2020-02-26T10:22:00.684+0000][1][safepoint    ] Safepoint "Cleanup", Time since last: 1000150426 ns, Reaching safepoint: 115584 ns, At safepoint: 10980 ns, Total: 126564 ns
[2020-02-26T10:22:01.186+0000][1][safepoint    ] Safepoint "RevokeBias", Time since last: 501986207 ns, Reaching safepoint: 70643 ns, At safepoint: 19187 ns, Total: 89830 ns
[2020-02-26T10:22:02.187+0000][1][safepoint    ] Safepoint "Cleanup", Time since last: 1000641773 ns, Reaching safepoint: 91186 ns, At safepoint: 9527 ns, Total: 100713 ns
[2020-02-26T10:22:03.194+0000][1][safepoint    ] Safepoint "Cleanup", Time since last: 1007223541 ns, Reaching safepoint: 99088 ns, At safepoint: 8604 ns, Total: 107692 ns
[2020-02-26T10:22:03.693+0000][1][safepoint    ] Safepoint "RevokeBias", Time since last: 498184267 ns, Reaching safepoint: 70339 ns, At safepoint: 91031 ns, Total: 161370 ns
[2020-02-26T10:22:04.694+0000][1][safepoint    ] Safepoint "Cleanup", Time since last: 1000762440 ns, Reaching safepoint: 75879 ns, At safepoint: 8875 ns, Total: 84754 ns
[2020-02-26T10:22:05.695+0000][1][safepoint    ] Safepoint "Cleanup", Time since last: 1000709435 ns, Reaching safepoint: 154634 ns, At safepoint: 26651 ns, Total: 181285 ns
[2020-02-26T10:22:06.198+0000][1][safepoint    ] Safepoint "RevokeBias", Time since last: 503419725 ns, Reaching safepoint: 70533 ns, At safepoint: 18966 ns, Total: 89499 ns
[2020-02-26T10:22:07.199+0000][1][safepoint    ] Safepoint "Cleanup", Time since last: 1000581177 ns, Reaching safepoint: 137016 ns, At safepoint: 9740 ns, Total: 146756 ns
[2020-02-26T10:22:08.204+0000][1][safepoint    ] Safepoint "Cleanup", Time since last: 1005341734 ns, Reaching safepoint: 96194 ns, At safepoint: 9502 ns, Total: 105696 ns
[2020-02-26T10:22:08.705+0000][1][safepoint    ] Safepoint "RevokeBias", Time since last: 500272769 ns, Reaching safepoint: 69386 ns, At safepoint: 19112 ns, Total: 88498 ns
[2020-02-26T10:22:09.705+0000][1][safepoint    ] Safepoint "Cleanup", Time since last: 1000728470 ns, Reaching safepoint: 97260 ns, At safepoint: 10407 ns, Total: 107667 ns
[2020-02-26T10:22:10.706+0000][1][safepoint    ] Safepoint "Cleanup", Time since last: 1000532488 ns, Reaching safepoint: 79946 ns, At safepoint: 9013 ns, Total: 88959 ns
[2020-02-26T10:22:11.214+0000][1][safepoint    ] Safepoint "RevokeBias", Time since last: 508207741 ns, Reaching safepoint: 74159 ns, At safepoint: 21384 ns, Total: 95543 ns
[2020-02-26T10:22:12.215+0000][1][safepoint    ] Safepoint "Cleanup", Time since last: 1000180229 ns, Reaching safepoint: 118766 ns, At safepoint: 10888 ns, Total: 129654 ns
[2020-02-26T10:22:13.223+0000][1][safepoint    ] Safepoint "Cleanup", Time since last: 1008298994 ns, Reaching safepoint: 78099 ns, At safepoint: 9230 ns, Total: 87329 ns
[2020-02-26T10:22:13.735+0000][1][safepoint    ] Safepoint "RevokeBias", Time since last: 512026186 ns, Reaching safepoint: 72787 ns, At safepoint: 36808 ns, Total: 109595 ns
[2020-02-26T10:22:14.736+0000][1][safepoint    ] Safepoint "Cleanup", Time since last: 1000497596 ns, Reaching safepoint: 99071 ns, At safepoint: 10392 ns, Total: 109463 ns
[2020-02-26T10:22:15.737+0000][1][safepoint    ] Safepoint "Cleanup", Time since last: 1000588258 ns, Reaching safepoint: 96199 ns, At safepoint: 9624 ns, Total: 105823 ns
[2020-02-26T10:22:16.250+0000][1][safepoint    ] Safepoint "RevokeBias", Time since last: 513189068 ns, Reaching safepoint: 145716 ns, At safepoint: 23544 ns, Total: 169260 ns
[2020-02-26T10:22:17.250+0000][1][safepoint    ] Safepoint "Cleanup", Time since last: 1000481827 ns, Reaching safepoint: 103402 ns, At safepoint: 11983 ns, Total: 115385 ns
[2020-02-26T10:22:18.251+0000][1][safepoint    ] Safepoint "Cleanup", Time since last: 1000238312 ns, Reaching safepoint: 115109 ns, At safepoint: 11583 ns, Total: 126692 ns
[2020-02-26T10:22:18.762+0000][1][safepoint    ] Safepoint "RevokeBias", Time since last: 511585933 ns, Reaching safepoint: 72591 ns, At safepoint: 18765 ns, Total: 91356 ns
[2020-02-26T10:22:19.763+0000][1][safepoint    ] Safepoint "Cleanup", Time since last: 1000326201 ns, Reaching safepoint: 97966 ns, At safepoint: 9304 ns, Total: 107270 ns
[2020-02-26T10:22:20.763+0000][1][safepoint    ] Safepoint "Cleanup", Time since last: 1000220472 ns, Reaching safepoint: 77009 ns, At safepoint: 8847 ns, Total: 85856 ns
[2020-02-26T10:22:21.271+0000][1][safepoint    ] Safepoint "RevokeBias", Time since last: 507912589 ns, Reaching safepoint: 71709 ns, At safepoint: 19681 ns, Total: 91390 ns
[2020-02-26T10:22:21.624+0000][1][gc,start     ] GC(78) Pause Young (Allocation Failure)
[2020-02-26T10:22:21.624+0000][1][gc,task      ] GC(78) Using 1 workers of 1 for evacuation
[2020-02-26T10:22:21.635+0000][1][gc,age       ] GC(78) Desired survivor size 4358144 bytes, new threshold 6 (max threshold 6)
[2020-02-26T10:22:21.635+0000][1][gc,age       ] GC(78) Age table with threshold 6 (max threshold 6)
[2020-02-26T10:22:21.635+0000][1][gc,age       ] GC(78) - age   1:      11488 bytes,      11488 total
[2020-02-26T10:22:21.635+0000][1][gc,age       ] GC(78) - age   2:        856 bytes,      12344 total
[2020-02-26T10:22:21.635+0000][1][gc,age       ] GC(78) - age   3:        584 bytes,      12928 total
[2020-02-26T10:22:21.635+0000][1][gc,age       ] GC(78) - age   4:        112 bytes,      13040 total
[2020-02-26T10:22:21.635+0000][1][gc,age       ] GC(78) - age   5:        120 bytes,      13160 total
[2020-02-26T10:22:21.635+0000][1][gc,age       ] GC(78) - age   6:         32 bytes,      13192 total
[2020-02-26T10:22:21.635+0000][1][gc,heap      ] GC(78) ParNew: 68175K->14K(76672K)
[2020-02-26T10:22:21.635+0000][1][gc,heap      ] GC(78) CMS: 62663K->62664K(963392K)
[2020-02-26T10:22:21.635+0000][1][gc,metaspace ] GC(78) Metaspace: 79845K->79845K(1122304K)
[2020-02-26T10:22:21.635+0000][1][gc           ] GC(78) Pause Young (Allocation Failure) 127M->61M(1015M) 10.937ms
[2020-02-26T10:22:21.635+0000][1][gc,cpu       ] GC(78) User=0.01s Sys=0.00s Real=0.01s
[2020-02-26T10:22:21.635+0000][1][safepoint    ] Safepoint "GenCollectForAllocation", Time since last: 353022000 ns, Reaching safepoint: 88166 ns, At safepoint: 11018165 ns, Total: 11106331 ns
[2020-02-26T10:22:22.636+0000][1][safepoint    ] Safepoint "Cleanup", Time since last: 1000628694 ns, Reaching safepoint: 80214 ns, At safepoint: 9972 ns, Total: 90186 ns
[2020-02-26T10:22:23.637+0000][1][safepoint    ] Safepoint "Cleanup", Time since last: 1000801666 ns, Reaching safepoint: 72477 ns, At safepoint: 6894 ns, Total: 79371 ns
[2020-02-26T10:22:23.777+0000][1][safepoint    ] Safepoint "RevokeBias", Time since last: 139594989 ns, Reaching safepoint: 73133 ns, At safepoint: 20166 ns, Total: 93299 ns
[2020-02-26T10:22:24.782+0000][1][safepoint    ] Safepoint "Cleanup", Time since last: 1005688727 ns, Reaching safepoint: 72873 ns, At safepoint: 7497 ns, Total: 80370 ns
[2020-02-26T10:22:25.783+0000][1][safepoint    ] Safepoint "Cleanup", Time since last: 1000502419 ns, Reaching safepoint: 107118 ns, At safepoint: 9772 ns, Total: 116890 ns
[2020-02-26T10:22:26.279+0000][1][safepoint    ] Safepoint "RevokeBias", Time since last: 495965886 ns, Reaching safepoint: 158703 ns, At safepoint: 70459 ns, Total: 229162 ns
[2020-02-26T10:22:27.280+0000][1][safepoint    ] Safepoint "Cleanup", Time since last: 1000726044 ns, Reaching safepoint: 78071 ns, At safepoint: 8359 ns, Total: 86430 ns
[2020-02-26T10:22:28.281+0000][1][safepoint    ] Safepoint "Cleanup", Time since last: 1001193430 ns, Reaching safepoint: 72666 ns, At safepoint: 7757 ns, Total: 80423 ns
[2020-02-26T10:22:28.782+0000][1][safepoint    ] Safepoint "RevokeBias", Time since last: 500690417 ns, Reaching safepoint: 95873 ns, At safepoint: 19163 ns, Total: 115036 ns
[2020-02-26T10:22:29.784+0000][1][safepoint    ] Safepoint "Cleanup", Time since last: 1002105386 ns, Reaching safepoint: 61627 ns, At safepoint: 8249 ns, Total: 69876 ns
[2020-02-26T10:22:30.785+0000][1][safepoint    ] Safepoint "Cleanup", Time since last: 1000194277 ns, Reaching safepoint: 94365 ns, At safepoint: 7948 ns, Total: 102313 ns
[2020-02-26T10:22:31.286+0000][1][safepoint    ] Safepoint "RevokeBias", Time since last: 501419981 ns, Reaching safepoint: 70904 ns, At safepoint: 19332 ns, Total: 90236 ns
[2020-02-26T10:22:32.287+0000][1][safepoint    ] Safepoint "Cleanup", Time since last: 1000385221 ns, Reaching safepoint: 101025 ns, At safepoint: 14131 ns, Total: 115156 ns
[2020-02-26T10:22:33.288+0000][1][safepoint    ] Safepoint "Cleanup", Time since last: 1000803432 ns, Reaching safepoint: 75297 ns, At safepoint: 8828 ns, Total: 84125 ns
[2020-02-26T10:22:33.791+0000][1][safepoint    ] Safepoint "RevokeBias", Time since last: 503057748 ns, Reaching safepoint: 72796 ns, At safepoint: 19462 ns, Total: 92258 ns
[2020-02-26T10:22:34.791+0000][1][safepoint    ] Safepoint "Cleanup", Time since last: 1000682970 ns, Reaching safepoint: 76814 ns, At safepoint: 8477 ns, Total: 85291 ns
[2020-02-26T10:22:35.792+0000][1][safepoint    ] Safepoint "Cleanup", Time since last: 1000802301 ns, Reaching safepoint: 82015 ns, At safepoint: 9945 ns, Total: 91960 ns
[2020-02-26T10:22:36.296+0000][1][safepoint    ] Safepoint "RevokeBias", Time since last: 503858638 ns, Reaching safepoint: 71180 ns, At safepoint: 19376 ns, Total: 90556 ns
[2020-02-26T10:22:37.297+0000][1][safepoint    ] Safepoint "Cleanup", Time since last: 1000262597 ns, Reaching safepoint: 78539 ns, At safepoint: 10526 ns, Total: 89065 ns
[2020-02-26T10:22:38.297+0000][1][safepoint    ] Safepoint "Cleanup", Time since last: 1000546664 ns, Reaching safepoint: 77877 ns, At safepoint: 9354 ns, Total: 87231 ns
[2020-02-26T10:22:38.803+0000][1][safepoint    ] Safepoint "RevokeBias", Time since last: 506018496 ns, Reaching safepoint: 91335 ns, At safepoint: 24306 ns, Total: 115641 ns
[2020-02-26T10:22:39.804+0000][1][safepoint    ] Safepoint "Cleanup", Time since last: 1000358673 ns, Reaching safepoint: 82094 ns, At safepoint: 10982 ns, Total: 93076 ns
[2020-02-26T10:22:40.810+0000][1][safepoint    ] Safepoint "Cleanup", Time since last: 1005862318 ns, Reaching safepoint: 89144 ns, At safepoint: 10716 ns, Total: 99860 ns
[2020-02-26T10:22:41.307+0000][1][safepoint    ] Safepoint "BulkRevokeBias", Time since last: 496768999 ns, Reaching safepoint: 77495 ns, At safepoint: 190010 ns, Total: 267505 ns
[2020-02-26T10:22:42.307+0000][1][safepoint    ] Safepoint "Cleanup", Time since last: 1000451795 ns, Reaching safepoint: 113718 ns, At safepoint: 9326 ns, Total: 123044 ns
[2020-02-26T10:22:43.308+0000][1][safepoint    ] Safepoint "Cleanup", Time since last: 1000194764 ns, Reaching safepoint: 75791 ns, At safepoint: 9335 ns, Total: 85126 ns
[2020-02-26T10:22:43.810+0000][1][safepoint    ] Safepoint "RevokeBias", Time since last: 502269385 ns, Reaching safepoint: 112123 ns, At safepoint: 55865 ns, Total: 167988 ns
[2020-02-26T10:22:44.811+0000][1][safepoint    ] Safepoint "Cleanup", Time since last: 1000604303 ns, Reaching safepoint: 75250 ns, At safepoint: 8930 ns, Total: 84180 ns
[2020-02-26T10:22:45.814+0000][1][safepoint    ] Safepoint "Cleanup", Time since last: 1003370982 ns, Reaching safepoint: 97700 ns, At safepoint: 9349 ns, Total: 107049 ns
[2020-02-26T10:22:46.317+0000][1][safepoint    ] Safepoint "RevokeBias", Time since last: 502585934 ns, Reaching safepoint: 177379 ns, At safepoint: 34908 ns, Total: 212287 ns
[2020-02-26T10:22:47.317+0000][1][safepoint    ] Safepoint "Cleanup", Time since last: 1000240741 ns, Reaching safepoint: 93152 ns, At safepoint: 9248 ns, Total: 102400 ns
[2020-02-26T10:22:48.318+0000][1][safepoint    ] Safepoint "Cleanup", Time since last: 1000429844 ns, Reaching safepoint: 71287 ns, At safepoint: 8882 ns, Total: 80169 ns
[2020-02-26T10:22:48.821+0000][1][safepoint    ] Safepoint "RevokeBias", Time since last: 502545270 ns, Reaching safepoint: 114521 ns, At safepoint: 43942 ns, Total: 158463 ns
[2020-02-26T10:22:49.821+0000][1][safepoint    ] Safepoint "Cleanup", Time since last: 1000321165 ns, Reaching safepoint: 234410 ns, At safepoint: 25491 ns, Total: 259901 ns
[2020-02-26T10:22:50.827+0000][1][safepoint    ] Safepoint "Cleanup", Time since last: 1005956225 ns, Reaching safepoint: 157814 ns, At safepoint: 33508 ns, Total: 191322 ns
[2020-02-26T10:22:51.336+0000][1][safepoint    ] Safepoint "RevokeBias", Time since last: 508524840 ns, Reaching safepoint: 73558 ns, At safepoint: 19979 ns, Total: 93537 ns
[2020-02-26T10:22:52.337+0000][1][safepoint    ] Safepoint "Cleanup", Time since last: 1000382985 ns, Reaching safepoint: 146527 ns, At safepoint: 11439 ns, Total: 157966 ns
[2020-02-26T10:22:53.337+0000][1][safepoint    ] Safepoint "Cleanup", Time since last: 1000352871 ns, Reaching safepoint: 93586 ns, At safepoint: 8916 ns, Total: 102502 ns
[2020-02-26T10:22:53.847+0000][1][safepoint    ] Safepoint "RevokeBias", Time since last: 509880065 ns, Reaching safepoint: 201937 ns, At safepoint: 26139 ns, Total: 228076 ns
[2020-02-26T10:22:55.678+0000][1][safepoint    ] Safepoint "Cleanup", Time since last: 1830794152 ns, Reaching safepoint: 91599 ns, At safepoint: 10008 ns, Total: 101607 ns
[2020-02-26T10:22:56.360+0000][1][safepoint    ] Safepoint "RevokeBias", Time since last: 681584988 ns, Reaching safepoint: 74133 ns, At safepoint: 20513 ns, Total: 94646 ns
[2020-02-26T10:22:57.360+0000][1][safepoint    ] Safepoint "Cleanup", Time since last: 1000567616 ns, Reaching safepoint: 149380 ns, At safepoint: 9595 ns, Total: 158975 ns
[2020-02-26T10:22:58.361+0000][1][safepoint    ] Safepoint "Cleanup", Time since last: 1000634504 ns, Reaching safepoint: 114177 ns, At safepoint: 10657 ns, Total: 124834 ns
[2020-02-26T10:22:58.868+0000][1][safepoint    ] Safepoint "RevokeBias", Time since last: 506472259 ns, Reaching safepoint: 132752 ns, At safepoint: 77941 ns, Total: 210693 ns
[2020-02-26T10:22:59.868+0000][1][safepoint    ] Safepoint "Cleanup", Time since last: 1000463174 ns, Reaching safepoint: 120891 ns, At safepoint: 13541 ns, Total: 134432 ns
[2020-02-26T10:23:00.869+0000][1][safepoint    ] Safepoint "Cleanup", Time since last: 1000618272 ns, Reaching safepoint: 82852 ns, At safepoint: 9997 ns, Total: 92849 ns
[2020-02-26T10:23:01.382+0000][1][safepoint    ] Safepoint "RevokeBias", Time since last: 512540245 ns, Reaching safepoint: 139619 ns, At safepoint: 28222 ns, Total: 167841 ns
[2020-02-26T10:23:02.383+0000][1][safepoint    ] Safepoint "Cleanup", Time since last: 1000577162 ns, Reaching safepoint: 75259 ns, At safepoint: 9260 ns, Total: 84519 ns
[2020-02-26T10:23:03.383+0000][1][safepoint    ] Safepoint "Cleanup", Time since last: 1000679658 ns, Reaching safepoint: 97285 ns, At safepoint: 11937 ns, Total: 109222 ns
[2020-02-26T10:23:03.897+0000][1][safepoint    ] Safepoint "RevokeBias", Time since last: 513385722 ns, Reaching safepoint: 166233 ns, At safepoint: 35321 ns, Total: 201554 ns
[2020-02-26T10:23:04.898+0000][1][safepoint    ] Safepoint "Cleanup", Time since last: 1000781792 ns, Reaching safepoint: 112850 ns, At safepoint: 12443 ns, Total: 125293 ns
[2020-02-26T10:23:05.899+0000][1][safepoint    ] Safepoint "Cleanup", Time since last: 1000994260 ns, Reaching safepoint: 215919 ns, At safepoint: 33440 ns, Total: 249359 ns
[2020-02-26T10:23:06.403+0000][1][safepoint    ] Safepoint "RevokeBias", Time since last: 503831086 ns, Reaching safepoint: 109114 ns, At safepoint: 25075 ns, Total: 134189 ns
[2020-02-26T10:23:07.405+0000][1][safepoint    ] Safepoint "Cleanup", Time since last: 1002022063 ns, Reaching safepoint: 107870 ns, At safepoint: 8761 ns, Total: 116631 ns
[2020-02-26T10:23:08.406+0000][1][safepoint    ] Safepoint "Cleanup", Time since last: 1000370929 ns, Reaching safepoint: 78805 ns, At safepoint: 9119 ns, Total: 87924 ns
[2020-02-26T10:23:08.906+0000][1][safepoint    ] Safepoint "RevokeBias", Time since last: 499851132 ns, Reaching safepoint: 72339 ns, At safepoint: 36531 ns, Total: 108870 ns
[2020-02-26T10:23:09.906+0000][1][safepoint    ] Safepoint "Cleanup", Time since last: 1000452341 ns, Reaching safepoint: 78925 ns, At safepoint: 9447 ns, Total: 88372 ns
[2020-02-26T10:23:10.907+0000][1][safepoint    ] Safepoint "Cleanup", Time since last: 1001065001 ns, Reaching safepoint: 80159 ns, At safepoint: 10545 ns, Total: 90704 ns
[2020-02-26T10:23:11.411+0000][1][safepoint    ] Safepoint "RevokeBias", Time since last: 503743735 ns, Reaching safepoint: 71839 ns, At safepoint: 19479 ns, Total: 91318 ns
[2020-02-26T10:23:12.412+0000][1][safepoint    ] Safepoint "Cleanup", Time since last: 1001069132 ns, Reaching safepoint: 75881 ns, At safepoint: 8785 ns, Total: 84666 ns
[2020-02-26T10:23:13.413+0000][1][safepoint    ] Safepoint "Cleanup", Time since last: 1000283821 ns, Reaching safepoint: 78186 ns, At safepoint: 8963 ns, Total: 87149 ns
[2020-02-26T10:23:13.915+0000][1][safepoint    ] Safepoint "RevokeBias", Time since last: 502173323 ns, Reaching safepoint: 77810 ns, At safepoint: 82674 ns, Total: 160484 ns
[2020-02-26T10:23:14.915+0000][1][safepoint    ] Safepoint "Cleanup", Time since last: 1000385687 ns, Reaching safepoint: 93396 ns, At safepoint: 10016 ns, Total: 103412 ns
[2020-02-26T10:23:15.916+0000][1][safepoint    ] Safepoint "Cleanup", Time since last: 1000618690 ns, Reaching safepoint: 78678 ns, At safepoint: 10553 ns, Total: 89231 ns
[2020-02-26T10:23:16.419+0000][1][safepoint    ] Safepoint "RevokeBias", Time since last: 502835419 ns, Reaching safepoint: 141333 ns, At safepoint: 41313 ns, Total: 182646 ns
[2020-02-26T10:23:17.423+0000][1][safepoint    ] Safepoint "Cleanup", Time since last: 1003993837 ns, Reaching safepoint: 76336 ns, At safepoint: 8947 ns, Total: 85283 ns
[2020-02-26T10:23:18.437+0000][1][safepoint    ] Safepoint "Cleanup", Time since last: 1009814493 ns, Reaching safepoint: 4290652 ns, At safepoint: 17407 ns, Total: 4308059 ns
[2020-02-26T10:23:18.922+0000][1][safepoint    ] Safepoint "RevokeBias", Time since last: 484192367 ns, Reaching safepoint: 71892 ns, At safepoint: 20072 ns, Total: 91964 ns
[2020-02-26T10:23:19.922+0000][1][safepoint    ] Safepoint "Cleanup", Time since last: 1000347552 ns, Reaching safepoint: 74886 ns, At safepoint: 7797 ns, Total: 82683 ns
[2020-02-26T10:23:20.923+0000][1][safepoint    ] Safepoint "Cleanup", Time since last: 1000377134 ns, Reaching safepoint: 78305 ns, At safepoint: 10153 ns, Total: 88458 ns
[2020-02-26T10:23:21.428+0000][1][safepoint    ] Safepoint "RevokeBias", Time since last: 505305421 ns, Reaching safepoint: 110735 ns, At safepoint: 29571 ns, Total: 140306 ns
[2020-02-26T10:23:22.429+0000][1][safepoint    ] Safepoint "Cleanup", Time since last: 1000788382 ns, Reaching safepoint: 95709 ns, At safepoint: 10032 ns, Total: 105741 ns
[2020-02-26T10:23:23.434+0000][1][safepoint    ] Safepoint "Cleanup", Time since last: 1005113423 ns, Reaching safepoint: 119111 ns, At safepoint: 9010 ns, Total: 128121 ns
[2020-02-26T10:23:23.936+0000][1][safepoint    ] Safepoint "RevokeBias", Time since last: 501465263 ns, Reaching safepoint: 70641 ns, At safepoint: 19729 ns, Total: 90370 ns
[2020-02-26T10:23:25.680+0000][1][safepoint    ] Safepoint "Cleanup", Time since last: 1743979503 ns, Reaching safepoint: 133375 ns, At safepoint: 12881 ns, Total: 146256 ns
[2020-02-26T10:23:26.440+0000][1][safepoint    ] Safepoint "RevokeBias", Time since last: 759920450 ns, Reaching safepoint: 53684 ns, At safepoint: 18328 ns, Total: 72012 ns
[2020-02-26T10:23:27.440+0000][1][safepoint    ] Safepoint "Cleanup", Time since last: 1000235007 ns, Reaching safepoint: 76254 ns, At safepoint: 9710 ns, Total: 85964 ns
[2020-02-26T10:23:28.449+0000][1][safepoint    ] Safepoint "Cleanup", Time since last: 1008659525 ns, Reaching safepoint: 139354 ns, At safepoint: 29640 ns, Total: 168994 ns
[2020-02-26T10:23:28.963+0000][1][safepoint    ] Safepoint "RevokeBias", Time since last: 513757976 ns, Reaching safepoint: 74076 ns, At safepoint: 36372 ns, Total: 110448 ns
[2020-02-26T10:23:29.963+0000][1][safepoint    ] Safepoint "Cleanup", Time since last: 1000239161 ns, Reaching safepoint: 142088 ns, At safepoint: 12796 ns, Total: 154884 ns
[2020-02-26T10:23:30.964+0000][1][safepoint    ] Safepoint "Cleanup", Time since last: 1000475171 ns, Reaching safepoint: 114155 ns, At safepoint: 11223 ns, Total: 125378 ns
[2020-02-26T10:23:31.478+0000][1][safepoint    ] Safepoint "RevokeBias", Time since last: 514409618 ns, Reaching safepoint: 73767 ns, At safepoint: 20620 ns, Total: 94387 ns
[2020-02-26T10:23:32.479+0000][1][safepoint    ] Safepoint "Cleanup", Time since last: 1000766871 ns, Reaching safepoint: 78869 ns, At safepoint: 10480 ns, Total: 89349 ns
[2020-02-26T10:23:33.480+0000][1][safepoint    ] Safepoint "Cleanup", Time since last: 1000542372 ns, Reaching safepoint: 73919 ns, At safepoint: 8381 ns, Total: 82300 ns
[2020-02-26T10:23:33.995+0000][1][safepoint    ] Safepoint "RevokeBias", Time since last: 514512504 ns, Reaching safepoint: 162248 ns, At safepoint: 23187 ns, Total: 185435 ns
[2020-02-26T10:23:34.995+0000][1][safepoint    ] Safepoint "Cleanup", Time since last: 1000504357 ns, Reaching safepoint: 77280 ns, At safepoint: 9563 ns, Total: 86843 ns
[2020-02-26T10:23:35.995+0000][1][safepoint    ] Safepoint "Cleanup", Time since last: 1000265836 ns, Reaching safepoint: 76925 ns, At safepoint: 9369 ns, Total: 86294 ns
[2020-02-26T10:23:36.510+0000][1][safepoint    ] Safepoint "RevokeBias", Time since last: 514376585 ns, Reaching safepoint: 155150 ns, At safepoint: 38211 ns, Total: 193361 ns
[2020-02-26T10:23:37.511+0000][1][safepoint    ] Safepoint "Cleanup", Time since last: 1000482332 ns, Reaching safepoint: 152438 ns, At safepoint: 12570 ns, Total: 165008 ns
[2020-02-26T10:23:38.511+0000][1][safepoint    ] Safepoint "Cleanup", Time since last: 1000580986 ns, Reaching safepoint: 195850 ns, At safepoint: 12609 ns, Total: 208459 ns
[2020-02-26T10:23:39.021+0000][1][safepoint    ] Safepoint "RevokeBias", Time since last: 509398086 ns, Reaching safepoint: 94522 ns, At safepoint: 104838 ns, Total: 199360 ns
[2020-02-26T10:23:40.021+0000][1][safepoint    ] Safepoint "Cleanup", Time since last: 1000261408 ns, Reaching safepoint: 81713 ns, At safepoint: 30159 ns, Total: 111872 ns
[2020-02-26T10:23:41.022+0000][1][safepoint    ] Safepoint "Cleanup", Time since last: 1000901885 ns, Reaching safepoint: 78075 ns, At safepoint: 9635 ns, Total: 87710 ns
[2020-02-26T10:23:41.532+0000][1][safepoint    ] Safepoint "RevokeBias", Time since last: 509079272 ns, Reaching safepoint: 105548 ns, At safepoint: 31064 ns, Total: 136612 ns
[2020-02-26T10:23:42.532+0000][1][safepoint    ] Safepoint "Cleanup", Time since last: 1000622369 ns, Reaching safepoint: 77798 ns, At safepoint: 8465 ns, Total: 86263 ns
[2020-02-26T10:23:43.533+0000][1][safepoint    ] Safepoint "Cleanup", Time since last: 1000692351 ns, Reaching safepoint: 200560 ns, At safepoint: 10455 ns, Total: 211015 ns
[2020-02-26T10:23:44.056+0000][1][safepoint    ] Safepoint "RevokeBias", Time since last: 522309123 ns, Reaching safepoint: 68225 ns, At safepoint: 35023 ns, Total: 103248 ns
[2020-02-26T10:23:45.057+0000][1][safepoint    ] Safepoint "Cleanup", Time since last: 1000783590 ns, Reaching safepoint: 92896 ns, At safepoint: 9098 ns, Total: 101994 ns
[2020-02-26T10:23:46.057+0000][1][safepoint    ] Safepoint "Cleanup", Time since last: 1000613144 ns, Reaching safepoint: 75481 ns, At safepoint: 9317 ns, Total: 84798 ns
[2020-02-26T10:23:46.566+0000][1][safepoint    ] Safepoint "RevokeBias", Time since last: 508955587 ns, Reaching safepoint: 72150 ns, At safepoint: 19514 ns, Total: 91664 ns
[2020-02-26T10:23:47.567+0000][1][safepoint    ] Safepoint "Cleanup", Time since last: 1000766862 ns, Reaching safepoint: 77556 ns, At safepoint: 9391 ns, Total: 86947 ns
[2020-02-26T10:23:48.568+0000][1][safepoint    ] Safepoint "Cleanup", Time since last: 1000238970 ns, Reaching safepoint: 117635 ns, At safepoint: 11062 ns, Total: 128697 ns
[2020-02-26T10:23:49.068+0000][1][safepoint    ] Safepoint "RevokeBias", Time since last: 499967323 ns, Reaching safepoint: 71838 ns, At safepoint: 20371 ns, Total: 92209 ns
[2020-02-26T10:23:50.068+0000][1][safepoint    ] Safepoint "Cleanup", Time since last: 1000462888 ns, Reaching safepoint: 88643 ns, At safepoint: 12312 ns, Total: 100955 ns
[2020-02-26T10:23:51.069+0000][1][safepoint    ] Safepoint "Cleanup", Time since last: 1000616240 ns, Reaching safepoint: 109633 ns, At safepoint: 30632 ns, Total: 140265 ns
[2020-02-26T10:23:51.572+0000][1][safepoint    ] Safepoint "RevokeBias", Time since last: 503277838 ns, Reaching safepoint: 71029 ns, At safepoint: 19837 ns, Total: 90866 ns
[2020-02-26T10:23:52.573+0000][1][safepoint    ] Safepoint "Cleanup", Time since last: 1000272672 ns, Reaching safepoint: 75330 ns, At safepoint: 8042 ns, Total: 83372 ns
[2020-02-26T10:23:53.573+0000][1][safepoint    ] Safepoint "Cleanup", Time since last: 1000778290 ns, Reaching safepoint: 72446 ns, At safepoint: 8230 ns, Total: 80676 ns
[2020-02-26T10:23:54.080+0000][1][safepoint    ] Safepoint "BulkRevokeBias", Time since last: 506046830 ns, Reaching safepoint: 72895 ns, At safepoint: 234682 ns, Total: 307577 ns
[2020-02-26T10:23:55.085+0000][1][safepoint    ] Safepoint "Cleanup", Time since last: 1005287724 ns, Reaching safepoint: 81634 ns, At safepoint: 8836 ns, Total: 90470 ns
[2020-02-26T10:23:56.086+0000][1][safepoint    ] Safepoint "Cleanup", Time since last: 1000762146 ns, Reaching safepoint: 110630 ns, At safepoint: 10725 ns, Total: 121355 ns
[2020-02-26T10:23:56.584+0000][1][safepoint    ] Safepoint "RevokeBias", Time since last: 497555982 ns, Reaching safepoint: 70181 ns, At safepoint: 19647 ns, Total: 89828 ns
[2020-02-26T10:23:57.584+0000][1][safepoint    ] Safepoint "Cleanup", Time since last: 1000633006 ns, Reaching safepoint: 93159 ns, At safepoint: 8961 ns, Total: 102120 ns
[2020-02-26T10:23:58.585+0000][1][safepoint    ] Safepoint "Cleanup", Time since last: 1000272838 ns, Reaching safepoint: 79677 ns, At safepoint: 10723 ns, Total: 90400 ns
[2020-02-26T10:23:59.086+0000][1][safepoint    ] Safepoint "RevokeBias", Time since last: 501286549 ns, Reaching safepoint: 71079 ns, At safepoint: 105312 ns, Total: 176391 ns
[2020-02-26T10:24:00.094+0000][1][safepoint    ] Safepoint "Cleanup", Time since last: 1007212301 ns, Reaching safepoint: 116265 ns, At safepoint: 13113 ns, Total: 129378 ns
[2020-02-26T10:24:01.094+0000][1][safepoint    ] Safepoint "Cleanup", Time since last: 1000601416 ns, Reaching safepoint: 83467 ns, At safepoint: 11914 ns, Total: 95381 ns
[2020-02-26T10:24:01.592+0000][1][safepoint    ] Safepoint "RevokeBias", Time since last: 497420639 ns, Reaching safepoint: 73925 ns, At safepoint: 20152 ns, Total: 94077 ns
[2020-02-26T10:24:02.593+0000][1][safepoint    ] Safepoint "Cleanup", Time since last: 1000652610 ns, Reaching safepoint: 139061 ns, At safepoint: 8950 ns, Total: 148011 ns
[2020-02-26T10:24:03.594+0000][1][safepoint    ] Safepoint "Cleanup", Time since last: 1001131392 ns, Reaching safepoint: 89766 ns, At safepoint: 8812 ns, Total: 98578 ns
[2020-02-26T10:24:04.098+0000][1][safepoint    ] Safepoint "RevokeBias", Time since last: 504275190 ns, Reaching safepoint: 74343 ns, At safepoint: 21113 ns, Total: 95456 ns
[2020-02-26T10:24:05.099+0000][1][safepoint    ] Safepoint "Cleanup", Time since last: 1000913328 ns, Reaching safepoint: 120478 ns, At safepoint: 28684 ns, Total: 149162 ns
[2020-02-26T10:24:06.102+0000][1][safepoint    ] Safepoint "Cleanup", Time since last: 1002814461 ns, Reaching safepoint: 73974 ns, At safepoint: 8827 ns, Total: 82801 ns
[2020-02-26T10:24:06.606+0000][1][safepoint    ] Safepoint "RevokeBias", Time since last: 503219700 ns, Reaching safepoint: 69778 ns, At safepoint: 20402 ns, Total: 90180 ns
[2020-02-26T10:24:07.606+0000][1][safepoint    ] Safepoint "Cleanup", Time since last: 1000765619 ns, Reaching safepoint: 95767 ns, At safepoint: 8842 ns, Total: 104609 ns
[2020-02-26T10:24:08.607+0000][1][safepoint    ] Safepoint "Cleanup", Time since last: 1000722174 ns, Reaching safepoint: 76843 ns, At safepoint: 8575 ns, Total: 85418 ns
[2020-02-26T10:24:09.108+0000][1][safepoint    ] Safepoint "RevokeBias", Time since last: 500889829 ns, Reaching safepoint: 77077 ns, At safepoint: 38457 ns, Total: 115534 ns
[2020-02-26T10:24:10.109+0000][1][safepoint    ] Safepoint "Cleanup", Time since last: 1000482544 ns, Reaching safepoint: 148522 ns, At safepoint: 10098 ns, Total: 158620 ns
[2020-02-26T10:24:11.109+0000][1][safepoint    ] Safepoint "Cleanup", Time since last: 1000360511 ns, Reaching safepoint: 75678 ns, At safepoint: 8732 ns, Total: 84410 ns
[2020-02-26T10:24:11.618+0000][1][safepoint    ] Safepoint "RevokeBias", Time since last: 509006906 ns, Reaching safepoint: 81529 ns, At safepoint: 23050 ns, Total: 104579 ns
[2020-02-26T10:24:12.619+0000][1][safepoint    ] Safepoint "Cleanup", Time since last: 1000818455 ns, Reaching safepoint: 123785 ns, At safepoint: 12688 ns, Total: 136473 ns
[2020-02-26T10:24:13.620+0000][1][safepoint    ] Safepoint "Cleanup", Time since last: 1000835289 ns, Reaching safepoint: 142749 ns, At safepoint: 13164 ns, Total: 155913 ns
[2020-02-26T10:24:14.127+0000][1][safepoint    ] Safepoint "RevokeBias", Time since last: 506541325 ns, Reaching safepoint: 72333 ns, At safepoint: 20177 ns, Total: 92510 ns
[2020-02-26T10:24:15.136+0000][1][safepoint    ] Safepoint "Cleanup", Time since last: 1008828757 ns, Reaching safepoint: 98357 ns, At safepoint: 9676 ns, Total: 108033 ns
[2020-02-26T10:24:16.136+0000][1][safepoint    ] Safepoint "Cleanup", Time since last: 1000402996 ns, Reaching safepoint: 77054 ns, At safepoint: 7747 ns, Total: 84801 ns
[2020-02-26T10:24:16.641+0000][1][safepoint    ] Safepoint "RevokeBias", Time since last: 504023086 ns, Reaching safepoint: 94600 ns, At safepoint: 29786 ns, Total: 124386 ns
[2020-02-26T10:24:17.641+0000][1][safepoint    ] Safepoint "Cleanup", Time since last: 1000566695 ns, Reaching safepoint: 93688 ns, At safepoint: 9225 ns, Total: 102913 ns
[2020-02-26T10:24:18.641+0000][1][safepoint    ] Safepoint "Cleanup", Time since last: 1000119946 ns, Reaching safepoint: 73448 ns, At safepoint: 8198 ns, Total: 81646 ns
[2020-02-26T10:24:19.156+0000][1][safepoint    ] Safepoint "RevokeBias", Time since last: 514931242 ns, Reaching safepoint: 70308 ns, At safepoint: 19990 ns, Total: 90298 ns
[2020-02-26T10:24:20.157+0000][1][safepoint    ] Safepoint "Cleanup", Time since last: 1000500766 ns, Reaching safepoint: 132238 ns, At safepoint: 10181 ns, Total: 142419 ns
[2020-02-26T10:24:21.157+0000][1][safepoint    ] Safepoint "Cleanup", Time since last: 1000165898 ns, Reaching safepoint: 90972 ns, At safepoint: 10318 ns, Total: 101290 ns
[2020-02-26T10:24:21.671+0000][1][safepoint    ] Safepoint "RevokeBias", Time since last: 513290978 ns, Reaching safepoint: 96787 ns, At safepoint: 21920 ns, Total: 118707 ns
[2020-02-26T10:24:22.671+0000][1][safepoint    ] Safepoint "Cleanup", Time since last: 1000236176 ns, Reaching safepoint: 79353 ns, At safepoint: 10172 ns, Total: 89525 ns
[2020-02-26T10:24:23.672+0000][1][safepoint    ] Safepoint "Cleanup", Time since last: 1000596778 ns, Reaching safepoint: 76188 ns, At safepoint: 8679 ns, Total: 84867 ns
[2020-02-26T10:24:24.183+0000][1][safepoint    ] Safepoint "RevokeBias", Time since last: 511060158 ns, Reaching safepoint: 70274 ns, At safepoint: 18999 ns, Total: 89273 ns
[2020-02-26T10:24:25.184+0000][1][safepoint    ] Safepoint "Cleanup", Time since last: 1000616994 ns, Reaching safepoint: 74669 ns, At safepoint: 10016 ns, Total: 84685 ns
[2020-02-26T10:24:26.184+0000][1][safepoint    ] Safepoint "Cleanup", Time since last: 1000486268 ns, Reaching safepoint: 103033 ns, At safepoint: 10566 ns, Total: 113599 ns
[2020-02-26T10:24:26.688+0000][1][safepoint    ] Safepoint "RevokeBias", Time since last: 503533120 ns, Reaching safepoint: 125463 ns, At safepoint: 51381 ns, Total: 176844 ns
[2020-02-26T10:24:27.692+0000][1][safepoint    ] Safepoint "Cleanup", Time since last: 1003512515 ns, Reaching safepoint: 91432 ns, At safepoint: 8766 ns, Total: 100198 ns
[2020-02-26T10:24:28.692+0000][1][safepoint    ] Safepoint "Cleanup", Time since last: 1000178200 ns, Reaching safepoint: 76280 ns, At safepoint: 26234 ns, Total: 102514 ns
[2020-02-26T10:24:29.191+0000][1][safepoint    ] Safepoint "RevokeBias", Time since last: 498908520 ns, Reaching safepoint: 89256 ns, At safepoint: 53682 ns, Total: 142938 ns
[2020-02-26T10:24:30.192+0000][1][safepoint    ] Safepoint "Cleanup", Time since last: 1000791467 ns, Reaching safepoint: 89264 ns, At safepoint: 11180 ns, Total: 100444 ns
[2020-02-26T10:24:31.192+0000][1][safepoint    ] Safepoint "Cleanup", Time since last: 1000183290 ns, Reaching safepoint: 89149 ns, At safepoint: 10510 ns, Total: 99659 ns
[2020-02-26T10:24:31.695+0000][1][safepoint    ] Safepoint "RevokeBias", Time since last: 503099198 ns, Reaching safepoint: 71300 ns, At safepoint: 24230 ns, Total: 95530 ns
[2020-02-26T10:24:32.697+0000][1][safepoint    ] Safepoint "Cleanup", Time since last: 1001471677 ns, Reaching safepoint: 75316 ns, At safepoint: 8112 ns, Total: 83428 ns
[2020-02-26T10:24:33.698+0000][1][safepoint    ] Safepoint "Cleanup", Time since last: 1000969438 ns, Reaching safepoint: 77859 ns, At safepoint: 10518 ns, Total: 88377 ns
[2020-02-26T10:24:34.199+0000][1][safepoint    ] Safepoint "RevokeBias", Time since last: 501406611 ns, Reaching safepoint: 72877 ns, At safepoint: 19564 ns, Total: 92441 ns
[2020-02-26T10:24:35.200+0000][1][safepoint    ] Safepoint "Cleanup", Time since last: 1000782027 ns, Reaching safepoint: 93626 ns, At safepoint: 25845 ns, Total: 119471 ns
[2020-02-26T10:24:36.201+0000][1][safepoint    ] Safepoint "Cleanup", Time since last: 1000588945 ns, Reaching safepoint: 92433 ns, At safepoint: 13261 ns, Total: 105694 ns
[2020-02-26T10:24:36.710+0000][1][safepoint    ] Safepoint "RevokeBias", Time since last: 507336826 ns, Reaching safepoint: 1349346 ns, At safepoint: 27823 ns, Total: 1377169 ns
[2020-02-26T10:24:37.715+0000][1][safepoint    ] Safepoint "Cleanup", Time since last: 1004962014 ns, Reaching safepoint: 63397 ns, At safepoint: 9780 ns, Total: 73177 ns
[2020-02-26T10:24:38.715+0000][1][safepoint    ] Safepoint "Cleanup", Time since last: 1000235437 ns, Reaching safepoint: 76104 ns, At safepoint: 9219 ns, Total: 85323 ns
[2020-02-26T10:24:39.212+0000][1][safepoint    ] Safepoint "RevokeBias", Time since last: 496419304 ns, Reaching safepoint: 70543 ns, At safepoint: 19780 ns, Total: 90323 ns
[2020-02-26T10:24:40.212+0000][1][safepoint    ] Safepoint "Cleanup", Time since last: 1000653681 ns, Reaching safepoint: 79125 ns, At safepoint: 9575 ns, Total: 88700 ns
[2020-02-26T10:24:41.213+0000][1][safepoint    ] Safepoint "Cleanup", Time since last: 1000522424 ns, Reaching safepoint: 91396 ns, At safepoint: 10039 ns, Total: 101435 ns
[2020-02-26T10:24:41.633+0000][1][gc,start     ] GC(79) Pause Young (Allocation Failure)
[2020-02-26T10:24:41.633+0000][1][gc,task      ] GC(79) Using 1 workers of 1 for evacuation
[2020-02-26T10:24:41.643+0000][1][gc,age       ] GC(79) Desired survivor size 4358144 bytes, new threshold 6 (max threshold 6)
[2020-02-26T10:24:41.643+0000][1][gc,age       ] GC(79) Age table with threshold 6 (max threshold 6)
[2020-02-26T10:24:41.643+0000][1][gc,age       ] GC(79) - age   1:      11120 bytes,      11120 total
[2020-02-26T10:24:41.643+0000][1][gc,age       ] GC(79) - age   2:        656 bytes,      11776 total
[2020-02-26T10:24:41.643+0000][1][gc,age       ] GC(79) - age   3:        856 bytes,      12632 total
[2020-02-26T10:24:41.644+0000][1][gc,age       ] GC(79) - age   4:        464 bytes,      13096 total
[2020-02-26T10:24:41.644+0000][1][gc,age       ] GC(79) - age   5:        112 bytes,      13208 total
[2020-02-26T10:24:41.644+0000][1][gc,age       ] GC(79) - age   6:        120 bytes,      13328 total
[2020-02-26T10:24:41.644+0000][1][gc,heap      ] GC(79) ParNew: 68174K->13K(76672K)
[2020-02-26T10:24:41.644+0000][1][gc,heap      ] GC(79) CMS: 62664K->62664K(963392K)
[2020-02-26T10:24:41.644+0000][1][gc,metaspace ] GC(79) Metaspace: 79848K->79848K(1122304K)
[2020-02-26T10:24:41.644+0000][1][gc           ] GC(79) Pause Young (Allocation Failure) 127M->61M(1015M) 10.987ms
[2020-02-26T10:24:41.644+0000][1][gc,cpu       ] GC(79) User=0.01s Sys=0.00s Real=0.01s
[2020-02-26T10:24:41.644+0000][1][safepoint    ] Safepoint "GenCollectForAllocation", Time since last: 419572122 ns, Reaching safepoint: 110730 ns, At safepoint: 11051961 ns, Total: 11162691 ns
[2020-02-26T10:24:41.717+0000][1][safepoint    ] Safepoint "RevokeBias", Time since last: 73517616 ns, Reaching safepoint: 71908 ns, At safepoint: 19557 ns, Total: 91465 ns
[2020-02-26T10:24:42.718+0000][1][safepoint    ] Safepoint "Cleanup", Time since last: 1000362430 ns, Reaching safepoint: 77275 ns, At safepoint: 9880 ns, Total: 87155 ns
[2020-02-26T10:24:43.718+0000][1][safepoint    ] Safepoint "Cleanup", Time since last: 1000329751 ns, Reaching safepoint: 119000 ns, At safepoint: 12388 ns, Total: 131388 ns
[2020-02-26T10:24:44.220+0000][1][safepoint    ] Safepoint "RevokeBias", Time since last: 501893704 ns, Reaching safepoint: 69301 ns, At safepoint: 19382 ns, Total: 88683 ns
[2020-02-26T10:24:45.221+0000][1][safepoint    ] Safepoint "Cleanup", Time since last: 1000849563 ns, Reaching safepoint: 113161 ns, At safepoint: 11403 ns, Total: 124564 ns
[2020-02-26T10:24:46.221+0000][1][safepoint    ] Safepoint "Cleanup", Time since last: 1000277556 ns, Reaching safepoint: 77635 ns, At safepoint: 9354 ns, Total: 86989 ns
[2020-02-26T10:24:46.726+0000][1][safepoint    ] Safepoint "RevokeBias", Time since last: 504644210 ns, Reaching safepoint: 80072 ns, At safepoint: 22349 ns, Total: 102421 ns
[2020-02-26T10:24:47.727+0000][1][safepoint    ] Safepoint "Cleanup", Time since last: 1000702649 ns, Reaching safepoint: 111848 ns, At safepoint: 11764 ns, Total: 123612 ns
[2020-02-26T10:24:48.733+0000][1][safepoint    ] Safepoint "Cleanup", Time since last: 1005805990 ns, Reaching safepoint: 106087 ns, At safepoint: 9806 ns, Total: 115893 ns
[2020-02-26T10:24:49.232+0000][1][safepoint    ] Safepoint "RevokeBias", Time since last: 499330531 ns, Reaching safepoint: 77768 ns, At safepoint: 19270 ns, Total: 97038 ns
[2020-02-26T10:24:50.233+0000][1][safepoint    ] Safepoint "Cleanup", Time since last: 1000605282 ns, Reaching safepoint: 78277 ns, At safepoint: 9061 ns, Total: 87338 ns
[2020-02-26T10:24:51.234+0000][1][safepoint    ] Safepoint "Cleanup", Time since last: 1000355958 ns, Reaching safepoint: 75178 ns, At safepoint: 8993 ns, Total: 84171 ns
[2020-02-26T10:24:51.748+0000][1][safepoint    ] Safepoint "RevokeBias", Time since last: 512963065 ns, Reaching safepoint: 1511071 ns, At safepoint: 27484 ns, Total: 1538555 ns
[2020-02-26T10:24:52.748+0000][1][safepoint    ] Safepoint "Cleanup", Time since last: 1000219139 ns, Reaching safepoint: 77371 ns, At safepoint: 8855 ns, Total: 86226 ns
[2020-02-26T10:24:53.754+0000][1][safepoint    ] Safepoint "Cleanup", Time since last: 1005922828 ns, Reaching safepoint: 75457 ns, At safepoint: 9168 ns, Total: 84625 ns
[2020-02-26T10:24:54.269+0000][1][safepoint    ] Safepoint "RevokeBias", Time since last: 514865925 ns, Reaching safepoint: 74504 ns, At safepoint: 19206 ns, Total: 93710 ns
[2020-02-26T10:24:55.270+0000][1][safepoint    ] Safepoint "Cleanup", Time since last: 1000385811 ns, Reaching safepoint: 93283 ns, At safepoint: 9065 ns, Total: 102348 ns
[2020-02-26T10:24:56.271+0000][1][safepoint    ] Safepoint "Cleanup", Time since last: 1000797038 ns, Reaching safepoint: 76250 ns, At safepoint: 8961 ns, Total: 85211 ns
[2020-02-26T10:24:56.784+0000][1][safepoint    ] Safepoint "RevokeBias", Time since last: 512748588 ns, Reaching safepoint: 70854 ns, At safepoint: 20216 ns, Total: 91070 ns
[2020-02-26T10:24:57.784+0000][1][safepoint    ] Safepoint "Cleanup", Time since last: 1000801272 ns, Reaching safepoint: 103939 ns, At safepoint: 8664 ns, Total: 112603 ns
[2020-02-26T10:24:58.785+0000][1][safepoint    ] Safepoint "Cleanup", Time since last: 1000783932 ns, Reaching safepoint: 97023 ns, At safepoint: 9905 ns, Total: 106928 ns
[2020-02-26T10:24:59.299+0000][1][safepoint    ] Safepoint "RevokeBias", Time since last: 513094730 ns, Reaching safepoint: 72670 ns, At safepoint: 37901 ns, Total: 110571 ns
[2020-02-26T10:25:00.299+0000][1][safepoint    ] Safepoint "Cleanup", Time since last: 1000363921 ns, Reaching safepoint: 118581 ns, At safepoint: 28557 ns, Total: 147138 ns
[2020-02-26T10:25:01.299+0000][1][safepoint    ] Safepoint "Cleanup", Time since last: 1000324823 ns, Reaching safepoint: 77699 ns, At safepoint: 9904 ns, Total: 87603 ns
[2020-02-26T10:25:01.809+0000][1][safepoint    ] Safepoint "RevokeBias", Time since last: 509533013 ns, Reaching safepoint: 113603 ns, At safepoint: 30561 ns, Total: 144164 ns
[2020-02-26T10:25:02.810+0000][1][safepoint    ] Safepoint "Cleanup", Time since last: 1000681256 ns, Reaching safepoint: 84219 ns, At safepoint: 9847 ns, Total: 94066 ns
[2020-02-26T10:25:03.811+0000][1][safepoint    ] Safepoint "Cleanup", Time since last: 1000726399 ns, Reaching safepoint: 80077 ns, At safepoint: 10118 ns, Total: 90195 ns
[2020-02-26T10:25:04.324+0000][1][safepoint    ] Safepoint "RevokeBias", Time since last: 513339212 ns, Reaching safepoint: 113694 ns, At safepoint: 24638 ns, Total: 138332 ns
[2020-02-26T10:25:05.325+0000][1][safepoint    ] Safepoint "Cleanup", Time since last: 1001133864 ns, Reaching safepoint: 76357 ns, At safepoint: 10538 ns, Total: 86895 ns
[2020-02-26T10:25:06.326+0000][1][safepoint    ] Safepoint "Cleanup", Time since last: 1000397488 ns, Reaching safepoint: 108111 ns, At safepoint: 10537 ns, Total: 118648 ns
[2020-02-26T10:25:06.837+0000][1][safepoint    ] Safepoint "BulkRevokeBias", Time since last: 510453510 ns, Reaching safepoint: 101270 ns, At safepoint: 184131 ns, Total: 285401 ns
[2020-02-26T10:25:07.837+0000][1][safepoint    ] Safepoint "Cleanup", Time since last: 1000187682 ns, Reaching safepoint: 146208 ns, At safepoint: 12275 ns, Total: 158483 ns
[2020-02-26T10:25:08.838+0000][1][safepoint    ] Safepoint "Cleanup", Time since last: 1000750521 ns, Reaching safepoint: 75690 ns, At safepoint: 8795 ns, Total: 84485 ns
[2020-02-26T10:25:09.341+0000][1][safepoint    ] Safepoint "RevokeBias", Time since last: 503129923 ns, Reaching safepoint: 73632 ns, At safepoint: 19398 ns, Total: 93030 ns
[2020-02-26T10:25:10.342+0000][1][safepoint    ] Safepoint "Cleanup", Time since last: 1000957055 ns, Reaching safepoint: 76210 ns, At safepoint: 12875 ns, Total: 89085 ns
[2020-02-26T10:25:11.343+0000][1][safepoint    ] Safepoint "Cleanup", Time since last: 1000663177 ns, Reaching safepoint: 139128 ns, At safepoint: 10600 ns, Total: 149728 ns
[2020-02-26T10:25:11.848+0000][1][safepoint    ] Safepoint "RevokeBias", Time since last: 504698349 ns, Reaching safepoint: 152579 ns, At safepoint: 48557 ns, Total: 201136 ns
[2020-02-26T10:25:12.848+0000][1][safepoint    ] Safepoint "Cleanup", Time since last: 1000400777 ns, Reaching safepoint: 188969 ns, At safepoint: 12248 ns, Total: 201217 ns
[2020-02-26T10:25:13.849+0000][1][safepoint    ] Safepoint "Cleanup", Time since last: 1000543458 ns, Reaching safepoint: 116923 ns, At safepoint: 30679 ns, Total: 147602 ns
[2020-02-26T10:25:14.356+0000][1][safepoint    ] Safepoint "RevokeBias", Time since last: 506388765 ns, Reaching safepoint: 75365 ns, At safepoint: 19972 ns, Total: 95337 ns
[2020-02-26T10:25:15.367+0000][1][safepoint    ] Safepoint "Cleanup", Time since last: 1010837078 ns, Reaching safepoint: 75880 ns, At safepoint: 9605 ns, Total: 85485 ns
[2020-02-26T10:25:16.367+0000][1][safepoint    ] Safepoint "Cleanup", Time since last: 1000391812 ns, Reaching safepoint: 202810 ns, At safepoint: 42510 ns, Total: 245320 ns
[2020-02-26T10:25:16.861+0000][1][safepoint    ] Safepoint "RevokeBias", Time since last: 493313087 ns, Reaching safepoint: 70032 ns, At safepoint: 20378 ns, Total: 90410 ns
[2020-02-26T10:25:17.861+0000][1][safepoint    ] Safepoint "Cleanup", Time since last: 1000751979 ns, Reaching safepoint: 127200 ns, At safepoint: 12633 ns, Total: 139833 ns
[2020-02-26T10:25:18.862+0000][1][safepoint    ] Safepoint "Cleanup", Time since last: 1000209116 ns, Reaching safepoint: 82521 ns, At safepoint: 27791 ns, Total: 110312 ns
[2020-02-26T10:25:19.363+0000][1][safepoint    ] Safepoint "RevokeBias", Time since last: 501132000 ns, Reaching safepoint: 72350 ns, At safepoint: 20151 ns, Total: 92501 ns
[2020-02-26T10:25:20.365+0000][1][safepoint    ] Safepoint "Cleanup", Time since last: 1001578610 ns, Reaching safepoint: 116333 ns, At safepoint: 12349 ns, Total: 128682 ns
[2020-02-26T10:25:21.365+0000][1][safepoint    ] Safepoint "Cleanup", Time since last: 1000274495 ns, Reaching safepoint: 90725 ns, At safepoint: 9024 ns, Total: 99749 ns
[2020-02-26T10:25:21.870+0000][1][safepoint    ] Safepoint "RevokeBias", Time since last: 504960751 ns, Reaching safepoint: 70749 ns, At safepoint: 20585 ns, Total: 91334 ns
[2020-02-26T10:25:22.871+0000][1][safepoint    ] Safepoint "Cleanup", Time since last: 1000462068 ns, Reaching safepoint: 72612 ns, At safepoint: 7944 ns, Total: 80556 ns
[2020-02-26T10:25:23.871+0000][1][safepoint    ] Safepoint "Cleanup", Time since last: 1000365504 ns, Reaching safepoint: 75670 ns, At safepoint: 8307 ns, Total: 83977 ns
[2020-02-26T10:25:24.380+0000][1][safepoint    ] Safepoint "RevokeBias", Time since last: 508309000 ns, Reaching safepoint: 75740 ns, At safepoint: 21835 ns, Total: 97575 ns
[2020-02-26T10:25:25.380+0000][1][safepoint    ] Safepoint "Cleanup", Time since last: 1000543710 ns, Reaching safepoint: 75929 ns, At safepoint: 8859 ns, Total: 84788 ns
[2020-02-26T10:25:26.383+0000][1][safepoint    ] Safepoint "Cleanup", Time since last: 1003123315 ns, Reaching safepoint: 71102 ns, At safepoint: 7954 ns, Total: 79056 ns
[2020-02-26T10:25:26.888+0000][1][safepoint    ] Safepoint "RevokeBias", Time since last: 504904090 ns, Reaching safepoint: 86592 ns, At safepoint: 18987 ns, Total: 105579 ns
[2020-02-26T10:25:27.889+0000][1][safepoint    ] Safepoint "Cleanup", Time since last: 1000584917 ns, Reaching safepoint: 96216 ns, At safepoint: 9700 ns, Total: 105916 ns
[2020-02-26T10:25:28.889+0000][1][safepoint    ] Safepoint "Cleanup", Time since last: 1000264165 ns, Reaching safepoint: 123743 ns, At safepoint: 11497 ns, Total: 135240 ns
[2020-02-26T10:25:29.395+0000][1][safepoint    ] Safepoint "RevokeBias", Time since last: 505179421 ns, Reaching safepoint: 89999 ns, At safepoint: 37546 ns, Total: 127545 ns
[2020-02-26T10:25:30.395+0000][1][safepoint    ] Safepoint "Cleanup", Time since last: 1000148300 ns, Reaching safepoint: 112816 ns, At safepoint: 9299 ns, Total: 122115 ns
[2020-02-26T10:25:31.396+0000][1][safepoint    ] Safepoint "Cleanup", Time since last: 1000971812 ns, Reaching safepoint: 91574 ns, At safepoint: 8849 ns, Total: 100423 ns
[2020-02-26T10:25:31.924+0000][1][safepoint    ] Safepoint "RevokeBias", Time since last: 527967084 ns, Reaching safepoint: 74185 ns, At safepoint: 20801 ns, Total: 94986 ns
[2020-02-26T10:25:32.925+0000][1][safepoint    ] Safepoint "Cleanup", Time since last: 1000746631 ns, Reaching safepoint: 76295 ns, At safepoint: 8981 ns, Total: 85276 ns
[2020-02-26T10:25:33.926+0000][1][safepoint    ] Safepoint "Cleanup", Time since last: 1000763506 ns, Reaching safepoint: 85155 ns, At safepoint: 10592 ns, Total: 95747 ns
[2020-02-26T10:25:34.435+0000][1][safepoint    ] Safepoint "RevokeBias", Time since last: 509318426 ns, Reaching safepoint: 68305 ns, At safepoint: 19753 ns, Total: 88058 ns
[2020-02-26T10:25:35.436+0000][1][safepoint    ] Safepoint "Cleanup", Time since last: 1000488141 ns, Reaching safepoint: 110632 ns, At safepoint: 8850 ns, Total: 119482 ns
[2020-02-26T10:25:36.439+0000][1][safepoint    ] Safepoint "Cleanup", Time since last: 1003256921 ns, Reaching safepoint: 126033 ns, At safepoint: 8403 ns, Total: 134436 ns
[2020-02-26T10:25:36.948+0000][1][safepoint    ] Safepoint "RevokeBias", Time since last: 508574308 ns, Reaching safepoint: 68076 ns, At safepoint: 19617 ns, Total: 87693 ns
[2020-02-26T10:25:37.948+0000][1][safepoint    ] Safepoint "Cleanup", Time since last: 1000322109 ns, Reaching safepoint: 110866 ns, At safepoint: 9687 ns, Total: 120553 ns
[2020-02-26T10:25:38.949+0000][1][safepoint    ] Safepoint "Cleanup", Time since last: 1000757309 ns, Reaching safepoint: 75789 ns, At safepoint: 8766 ns, Total: 84555 ns
[2020-02-26T10:25:39.456+0000][1][safepoint    ] Safepoint "RevokeBias", Time since last: 506480786 ns, Reaching safepoint: 66718 ns, At safepoint: 38589 ns, Total: 105307 ns
[2020-02-26T10:25:40.457+0000][1][safepoint    ] Safepoint "Cleanup", Time since last: 1000653328 ns, Reaching safepoint: 77994 ns, At safepoint: 9408 ns, Total: 87402 ns
[2020-02-26T10:25:41.457+0000][1][safepoint    ] Safepoint "Cleanup", Time since last: 1000302574 ns, Reaching safepoint: 116095 ns, At safepoint: 9188 ns, Total: 125283 ns
[2020-02-26T10:25:41.974+0000][1][safepoint    ] Safepoint "RevokeBias", Time since last: 516529553 ns, Reaching safepoint: 70235 ns, At safepoint: 19944 ns, Total: 90179 ns
[2020-02-26T10:25:42.974+0000][1][safepoint    ] Safepoint "Cleanup", Time since last: 1000252446 ns, Reaching safepoint: 77190 ns, At safepoint: 9396 ns, Total: 86586 ns
[2020-02-26T10:25:43.974+0000][1][safepoint    ] Safepoint "Cleanup", Time since last: 1000418763 ns, Reaching safepoint: 76035 ns, At safepoint: 9271 ns, Total: 85306 ns
[2020-02-26T10:25:44.484+0000][1][safepoint    ] Safepoint "RevokeBias", Time since last: 509292012 ns, Reaching safepoint: 70414 ns, At safepoint: 20455 ns, Total: 90869 ns
[2020-02-26T10:25:45.485+0000][1][safepoint    ] Safepoint "Cleanup", Time since last: 1000611445 ns, Reaching safepoint: 75054 ns, At safepoint: 9075 ns, Total: 84129 ns
[2020-02-26T10:25:46.485+0000][1][safepoint    ] Safepoint "Cleanup", Time since last: 1000438577 ns, Reaching safepoint: 92448 ns, At safepoint: 8755 ns, Total: 101203 ns
[2020-02-26T10:25:46.996+0000][1][safepoint    ] Safepoint "RevokeBias", Time since last: 511000107 ns, Reaching safepoint: 70483 ns, At safepoint: 19651 ns, Total: 90134 ns
[2020-02-26T10:25:47.997+0000][1][safepoint    ] Safepoint "Cleanup", Time since last: 1000946201 ns, Reaching safepoint: 132419 ns, At safepoint: 9064 ns, Total: 141483 ns
[2020-02-26T10:25:48.998+0000][1][safepoint    ] Safepoint "Cleanup", Time since last: 1000747905 ns, Reaching safepoint: 75997 ns, At safepoint: 9240 ns, Total: 85237 ns
[2020-02-26T10:25:49.501+0000][1][safepoint    ] Safepoint "RevokeBias", Time since last: 503084764 ns, Reaching safepoint: 69879 ns, At safepoint: 19639 ns, Total: 89518 ns
[2020-02-26T10:25:50.502+0000][1][safepoint    ] Safepoint "Cleanup", Time since last: 1000405806 ns, Reaching safepoint: 132493 ns, At safepoint: 8981 ns, Total: 141474 ns
[2020-02-26T10:25:51.502+0000][1][safepoint    ] Safepoint "Cleanup", Time since last: 1000178653 ns, Reaching safepoint: 128340 ns, At safepoint: 12903 ns, Total: 141243 ns
[2020-02-26T10:25:52.007+0000][1][safepoint    ] Safepoint "RevokeBias", Time since last: 505226282 ns, Reaching safepoint: 69859 ns, At safepoint: 19409 ns, Total: 89268 ns
[2020-02-26T10:25:53.008+0000][1][safepoint    ] Safepoint "Cleanup", Time since last: 1000766007 ns, Reaching safepoint: 178538 ns, At safepoint: 29690 ns, Total: 208228 ns
[2020-02-26T10:25:54.009+0000][1][safepoint    ] Safepoint "Cleanup", Time since last: 1000364994 ns, Reaching safepoint: 98912 ns, At safepoint: 63537 ns, Total: 162449 ns
[2020-02-26T10:25:54.512+0000][1][safepoint    ] Safepoint "RevokeBias", Time since last: 502722411 ns, Reaching safepoint: 70353 ns, At safepoint: 19733 ns, Total: 90086 ns
[2020-02-26T10:25:55.512+0000][1][safepoint    ] Safepoint "Cleanup", Time since last: 1000395868 ns, Reaching safepoint: 109795 ns, At safepoint: 9172 ns, Total: 118967 ns
[2020-02-26T10:25:56.513+0000][1][safepoint    ] Safepoint "Cleanup", Time since last: 1000519401 ns, Reaching safepoint: 108233 ns, At safepoint: 26587 ns, Total: 134820 ns
[2020-02-26T10:25:57.018+0000][1][safepoint    ] Safepoint "RevokeBias", Time since last: 504892402 ns, Reaching safepoint: 122626 ns, At safepoint: 21359 ns, Total: 143985 ns
[2020-02-26T10:25:58.024+0000][1][safepoint    ] Safepoint "Cleanup", Time since last: 1006114961 ns, Reaching safepoint: 92369 ns, At safepoint: 8775 ns, Total: 101144 ns
[2020-02-26T10:25:59.024+0000][1][safepoint    ] Safepoint "Cleanup", Time since last: 1000205016 ns, Reaching safepoint: 76187 ns, At safepoint: 8939 ns, Total: 85126 ns
[2020-02-26T10:25:59.523+0000][1][safepoint    ] Safepoint "RevokeBias", Time since last: 498037887 ns, Reaching safepoint: 68300 ns, At safepoint: 35372 ns, Total: 103672 ns
[2020-02-26T10:26:00.523+0000][1][safepoint    ] Safepoint "Cleanup", Time since last: 1000375047 ns, Reaching safepoint: 76123 ns, At safepoint: 8881 ns, Total: 85004 ns
[2020-02-26T10:26:01.524+0000][1][safepoint    ] Safepoint "Cleanup", Time since last: 1000756952 ns, Reaching safepoint: 93096 ns, At safepoint: 9297 ns, Total: 102393 ns
[2020-02-26T10:26:02.028+0000][1][safepoint    ] Safepoint "RevokeBias", Time since last: 504101821 ns, Reaching safepoint: 68255 ns, At safepoint: 23472 ns, Total: 91727 ns
[2020-02-26T10:26:03.032+0000][1][safepoint    ] Safepoint "Cleanup", Time since last: 1004060876 ns, Reaching safepoint: 111293 ns, At safepoint: 8365 ns, Total: 119658 ns
[2020-02-26T10:26:04.033+0000][1][safepoint    ] Safepoint "Cleanup", Time since last: 1000642690 ns, Reaching safepoint: 129661 ns, At safepoint: 12991 ns, Total: 142652 ns
[2020-02-26T10:26:04.531+0000][1][safepoint    ] Safepoint "RevokeBias", Time since last: 498283387 ns, Reaching safepoint: 69050 ns, At safepoint: 19451 ns, Total: 88501 ns
[2020-02-26T10:26:05.533+0000][1][safepoint    ] Safepoint "Cleanup", Time since last: 1000968101 ns, Reaching safepoint: 77676 ns, At safepoint: 8751 ns, Total: 86427 ns
[2020-02-26T10:26:06.533+0000][1][safepoint    ] Safepoint "Cleanup", Time since last: 1000593814 ns, Reaching safepoint: 85056 ns, At safepoint: 9993 ns, Total: 95049 ns
[2020-02-26T10:26:07.038+0000][1][safepoint    ] Safepoint "RevokeBias", Time since last: 504715841 ns, Reaching safepoint: 69000 ns, At safepoint: 18846 ns, Total: 87846 ns
[2020-02-26T10:26:08.039+0000][1][safepoint    ] Safepoint "Cleanup", Time since last: 1000473145 ns, Reaching safepoint: 121010 ns, At safepoint: 13219 ns, Total: 134229 ns
[2020-02-26T10:26:09.041+0000][1][safepoint    ] Safepoint "Cleanup", Time since last: 1002119414 ns, Reaching safepoint: 337141 ns, At safepoint: 40757 ns, Total: 377898 ns
[2020-02-26T10:26:09.540+0000][1][safepoint    ] Safepoint "RevokeBias", Time since last: 499185008 ns, Reaching safepoint: 69557 ns, At safepoint: 34379 ns, Total: 103936 ns
[2020-02-26T10:26:10.541+0000][1][safepoint    ] Safepoint "Cleanup", Time since last: 1000357494 ns, Reaching safepoint: 77260 ns, At safepoint: 8190 ns, Total: 85450 ns
[2020-02-26T10:26:11.542+0000][1][safepoint    ] Safepoint "Cleanup", Time since last: 1000595393 ns, Reaching safepoint: 75713 ns, At safepoint: 7865 ns, Total: 83578 ns
[2020-02-26T10:26:12.047+0000][1][safepoint    ] Safepoint "RevokeBias", Time since last: 505020766 ns, Reaching safepoint: 69416 ns, At safepoint: 34113 ns, Total: 103529 ns
[2020-02-26T10:26:13.048+0000][1][safepoint    ] Safepoint "Cleanup", Time since last: 1000828286 ns, Reaching safepoint: 91373 ns, At safepoint: 9164 ns, Total: 100537 ns
[2020-02-26T10:26:14.054+0000][1][safepoint    ] Safepoint "Cleanup", Time since last: 1006720938 ns, Reaching safepoint: 172703 ns, At safepoint: 12410 ns, Total: 185113 ns
[2020-02-26T10:26:14.558+0000][1][safepoint    ] Safepoint "RevokeBias", Time since last: 503144768 ns, Reaching safepoint: 192670 ns, At safepoint: 25313 ns, Total: 217983 ns
[2020-02-26T10:26:15.558+0000][1][safepoint    ] Safepoint "Cleanup", Time since last: 1000358205 ns, Reaching safepoint: 73214 ns, At safepoint: 7565 ns, Total: 80779 ns
[2020-02-26T10:26:16.559+0000][1][safepoint    ] Safepoint "Cleanup", Time since last: 1000300232 ns, Reaching safepoint: 98666 ns, At safepoint: 8036 ns, Total: 106702 ns
[2020-02-26T10:26:17.068+0000][1][safepoint    ] Safepoint "RevokeBias", Time since last: 509589388 ns, Reaching safepoint: 69967 ns, At safepoint: 20240 ns, Total: 90207 ns
[2020-02-26T10:26:18.069+0000][1][safepoint    ] Safepoint "Cleanup", Time since last: 1000790888 ns, Reaching safepoint: 130684 ns, At safepoint: 12582 ns, Total: 143266 ns
[2020-02-26T10:26:19.467+0000][1][safepoint    ] Safepoint "Cleanup", Time since last: 1397220281 ns, Reaching safepoint: 90803 ns, At safepoint: 7775 ns, Total: 98578 ns
[2020-02-26T10:26:19.579+0000][1][safepoint    ] Safepoint "BulkRevokeBias", Time since last: 111615726 ns, Reaching safepoint: 69324 ns, At safepoint: 369882 ns, Total: 439206 ns
[2020-02-26T10:26:20.580+0000][1][safepoint    ] Safepoint "Cleanup", Time since last: 1000849918 ns, Reaching safepoint: 81883 ns, At safepoint: 9498 ns, Total: 91381 ns
[2020-02-26T10:26:21.580+0000][1][safepoint    ] Safepoint "Cleanup", Time since last: 1000717399 ns, Reaching safepoint: 74574 ns, At safepoint: 8008 ns, Total: 82582 ns
[2020-02-26T10:26:22.090+0000][1][safepoint    ] Safepoint "RevokeBias", Time since last: 509311960 ns, Reaching safepoint: 72522 ns, At safepoint: 18396 ns, Total: 90918 ns
[2020-02-26T10:26:23.091+0000][1][safepoint    ] Safepoint "Cleanup", Time since last: 1000965139 ns, Reaching safepoint: 115294 ns, At safepoint: 10876 ns, Total: 126170 ns
[2020-02-26T10:26:24.091+0000][1][safepoint    ] Safepoint "Cleanup", Time since last: 1000093731 ns, Reaching safepoint: 119463 ns, At safepoint: 9348 ns, Total: 128811 ns
[2020-02-26T10:26:24.600+0000][1][safepoint    ] Safepoint "RevokeBias", Time since last: 508338796 ns, Reaching safepoint: 394836 ns, At safepoint: 51869 ns, Total: 446705 ns
[2020-02-26T10:26:25.600+0000][1][safepoint    ] Safepoint "Cleanup", Time since last: 1000087620 ns, Reaching safepoint: 152135 ns, At safepoint: 12680 ns, Total: 164815 ns
[2020-02-26T10:26:26.600+0000][1][safepoint    ] Safepoint "Cleanup", Time since last: 1000189551 ns, Reaching safepoint: 78421 ns, At safepoint: 9449 ns, Total: 87870 ns
[2020-02-26T10:26:27.109+0000][1][safepoint    ] Safepoint "RevokeBias", Time since last: 508359043 ns, Reaching safepoint: 179291 ns, At safepoint: 25159 ns, Total: 204450 ns
[2020-02-26T10:26:28.109+0000][1][safepoint    ] Safepoint "Cleanup", Time since last: 1000363477 ns, Reaching safepoint: 89864 ns, At safepoint: 9118 ns, Total: 98982 ns
[2020-02-26T10:26:29.110+0000][1][safepoint    ] Safepoint "Cleanup", Time since last: 1000180333 ns, Reaching safepoint: 86023 ns, At safepoint: 11027 ns, Total: 97050 ns
[2020-02-26T10:26:29.618+0000][1][safepoint    ] Safepoint "RevokeBias", Time since last: 507665548 ns, Reaching safepoint: 71512 ns, At safepoint: 20490 ns, Total: 92002 ns
[2020-02-26T10:26:30.619+0000][1][safepoint    ] Safepoint "Cleanup", Time since last: 1001115777 ns, Reaching safepoint: 130262 ns, At safepoint: 27033 ns, Total: 157295 ns
[2020-02-26T10:26:31.619+0000][1][safepoint    ] Safepoint "Cleanup", Time since last: 1000167889 ns, Reaching safepoint: 133737 ns, At safepoint: 9920 ns, Total: 143657 ns
[2020-02-26T10:26:32.130+0000][1][safepoint    ] Safepoint "RevokeBias", Time since last: 510308705 ns, Reaching safepoint: 153359 ns, At safepoint: 21520 ns, Total: 174879 ns
[2020-02-26T10:26:33.130+0000][1][safepoint    ] Safepoint "Cleanup", Time since last: 1000267830 ns, Reaching safepoint: 148379 ns, At safepoint: 14162 ns, Total: 162541 ns
[2020-02-26T10:26:34.130+0000][1][safepoint    ] Safepoint "Cleanup", Time since last: 1000219323 ns, Reaching safepoint: 97268 ns, At safepoint: 17829 ns, Total: 115097 ns
[2020-02-26T10:26:34.633+0000][1][safepoint    ] Safepoint "RevokeBias", Time since last: 502422338 ns, Reaching safepoint: 129915 ns, At safepoint: 38006 ns, Total: 167921 ns
[2020-02-26T10:26:35.635+0000][1][safepoint    ] Safepoint "Cleanup", Time since last: 1002299757 ns, Reaching safepoint: 111083 ns, At safepoint: 9479 ns, Total: 120562 ns
[2020-02-26T10:26:36.636+0000][1][safepoint    ] Safepoint "Cleanup", Time since last: 1000124617 ns, Reaching safepoint: 76928 ns, At safepoint: 9688 ns, Total: 86616 ns
[2020-02-26T10:26:37.145+0000][1][safepoint    ] Safepoint "RevokeBias", Time since last: 508988247 ns, Reaching safepoint: 191003 ns, At safepoint: 39364 ns, Total: 230367 ns
[2020-02-26T10:26:38.146+0000][1][safepoint    ] Safepoint "Cleanup", Time since last: 1000692128 ns, Reaching safepoint: 112007 ns, At safepoint: 11484 ns, Total: 123491 ns
[2020-02-26T10:26:39.146+0000][1][safepoint    ] Safepoint "Cleanup", Time since last: 1000165874 ns, Reaching safepoint: 78266 ns, At safepoint: 9179 ns, Total: 87445 ns
[2020-02-26T10:26:39.650+0000][1][safepoint    ] Safepoint "RevokeBias", Time since last: 503784383 ns, Reaching safepoint: 69504 ns, At safepoint: 19635 ns, Total: 89139 ns
[2020-02-26T10:26:40.650+0000][1][safepoint    ] Safepoint "Cleanup", Time since last: 1000647552 ns, Reaching safepoint: 73342 ns, At safepoint: 8480 ns, Total: 81822 ns
[2020-02-26T10:26:41.651+0000][1][safepoint    ] Safepoint "Cleanup", Time since last: 1000634398 ns, Reaching safepoint: 90001 ns, At safepoint: 8497 ns, Total: 98498 ns
[2020-02-26T10:26:42.157+0000][1][safepoint    ] Safepoint "RevokeBias", Time since last: 505518210 ns, Reaching safepoint: 80779 ns, At safepoint: 22949 ns, Total: 103728 ns
[2020-02-26T10:26:43.157+0000][1][safepoint    ] Safepoint "Cleanup", Time since last: 1000353419 ns, Reaching safepoint: 95364 ns, At safepoint: 11181 ns, Total: 106545 ns
[2020-02-26T10:26:44.158+0000][1][safepoint    ] Safepoint "Cleanup", Time since last: 1000799643 ns, Reaching safepoint: 90011 ns, At safepoint: 10953 ns, Total: 100964 ns
[2020-02-26T10:26:44.660+0000][1][safepoint    ] Safepoint "RevokeBias", Time since last: 501875510 ns, Reaching safepoint: 73459 ns, At safepoint: 20702 ns, Total: 94161 ns
[2020-02-26T10:26:45.664+0000][1][safepoint    ] Safepoint "Cleanup", Time since last: 1003665786 ns, Reaching safepoint: 74067 ns, At safepoint: 8321 ns, Total: 82388 ns
[2020-02-26T10:26:46.665+0000][1][safepoint    ] Safepoint "Cleanup", Time since last: 1000911678 ns, Reaching safepoint: 73631 ns, At safepoint: 8738 ns, Total: 82369 ns
[2020-02-26T10:26:47.167+0000][1][safepoint    ] Safepoint "RevokeBias", Time since last: 502250444 ns, Reaching safepoint: 105543 ns, At safepoint: 30225 ns, Total: 135768 ns
[2020-02-26T10:26:48.168+0000][1][safepoint    ] Safepoint "Cleanup", Time since last: 1000248448 ns, Reaching safepoint: 93543 ns, At safepoint: 9722 ns, Total: 103265 ns
[2020-02-26T10:26:49.168+0000][1][safepoint    ] Safepoint "Cleanup", Time since last: 1000649180 ns, Reaching safepoint: 99853 ns, At safepoint: 14155 ns, Total: 114008 ns
[2020-02-26T10:26:49.672+0000][1][safepoint    ] Safepoint "RevokeBias", Time since last: 503112880 ns, Reaching safepoint: 68366 ns, At safepoint: 19710 ns, Total: 88076 ns
[2020-02-26T10:26:50.672+0000][1][safepoint    ] Safepoint "Cleanup", Time since last: 1000782987 ns, Reaching safepoint: 85166 ns, At safepoint: 10750 ns, Total: 95916 ns
[2020-02-26T10:26:51.674+0000][1][safepoint    ] Safepoint "Cleanup", Time since last: 1001169079 ns, Reaching safepoint: 92582 ns, At safepoint: 8618 ns, Total: 101200 ns
[2020-02-26T10:26:52.179+0000][1][safepoint    ] Safepoint "RevokeBias", Time since last: 505374636 ns, Reaching safepoint: 68439 ns, At safepoint: 73041 ns, Total: 141480 ns
[2020-02-26T10:26:53.180+0000][1][safepoint    ] Safepoint "Cleanup", Time since last: 1000237923 ns, Reaching safepoint: 92434 ns, At safepoint: 9531 ns, Total: 101965 ns
[2020-02-26T10:26:54.180+0000][1][safepoint    ] Safepoint "Cleanup", Time since last: 1000371241 ns, Reaching safepoint: 81773 ns, At safepoint: 9466 ns, Total: 91239 ns
[2020-02-26T10:26:54.683+0000][1][safepoint    ] Safepoint "RevokeBias", Time since last: 502820465 ns, Reaching safepoint: 78817 ns, At safepoint: 22832 ns, Total: 101649 ns
[2020-02-26T10:26:55.693+0000][1][safepoint    ] Safepoint "Cleanup", Time since last: 1010014238 ns, Reaching safepoint: 73371 ns, At safepoint: 9203 ns, Total: 82574 ns
[2020-02-26T10:26:56.701+0000][1][safepoint    ] Safepoint "Cleanup", Time since last: 1008258650 ns, Reaching safepoint: 99563 ns, At safepoint: 10078 ns, Total: 109641 ns
[2020-02-26T10:26:56.804+0000][1][gc,start     ] GC(80) Pause Young (Allocation Failure)
[2020-02-26T10:26:56.804+0000][1][gc,task      ] GC(80) Using 1 workers of 1 for evacuation
[2020-02-26T10:26:56.813+0000][1][gc,age       ] GC(80) Desired survivor size 4358144 bytes, new threshold 6 (max threshold 6)
[2020-02-26T10:26:56.813+0000][1][gc,age       ] GC(80) Age table with threshold 6 (max threshold 6)
[2020-02-26T10:26:56.813+0000][1][gc,age       ] GC(80) - age   1:      11080 bytes,      11080 total
[2020-02-26T10:26:56.813+0000][1][gc,age       ] GC(80) - age   2:        376 bytes,      11456 total
[2020-02-26T10:26:56.813+0000][1][gc,age       ] GC(80) - age   3:        656 bytes,      12112 total
[2020-02-26T10:26:56.813+0000][1][gc,age       ] GC(80) - age   4:        856 bytes,      12968 total
[2020-02-26T10:26:56.813+0000][1][gc,age       ] GC(80) - age   5:        464 bytes,      13432 total
[2020-02-26T10:26:56.813+0000][1][gc,age       ] GC(80) - age   6:        112 bytes,      13544 total
[2020-02-26T10:26:56.813+0000][1][gc,heap      ] GC(80) ParNew: 68173K->26K(76672K)
[2020-02-26T10:26:56.813+0000][1][gc,heap      ] GC(80) CMS: 62664K->62664K(963392K)
[2020-02-26T10:26:56.821+0000][1][gc,metaspace ] GC(80) Metaspace: 79865K->79865K(1122304K)
[2020-02-26T10:26:56.821+0000][1][gc           ] GC(80) Pause Young (Allocation Failure) 127M->61M(1015M) 17.070ms
[2020-02-26T10:26:56.821+0000][1][gc,cpu       ] GC(80) User=0.01s Sys=0.00s Real=0.02s
[2020-02-26T10:26:56.821+0000][1][safepoint    ] Safepoint "GenCollectForAllocation", Time since last: 102246452 ns, Reaching safepoint: 70330 ns, At safepoint: 17143076 ns, Total: 17213406 ns
[2020-02-26T10:26:57.188+0000][1][safepoint    ] Safepoint "RevokeBias", Time since last: 367357342 ns, Reaching safepoint: 109269 ns, At safepoint: 29990 ns, Total: 139259 ns
[2020-02-26T10:26:58.189+0000][1][safepoint    ] Safepoint "Cleanup", Time since last: 1000657490 ns, Reaching safepoint: 73978 ns, At safepoint: 7583 ns, Total: 81561 ns
[2020-02-26T10:26:59.190+0000][1][safepoint    ] Safepoint "Cleanup", Time since last: 1000487521 ns, Reaching safepoint: 73690 ns, At safepoint: 8534 ns, Total: 82224 ns
[2020-02-26T10:26:59.693+0000][1][safepoint    ] Safepoint "RevokeBias", Time since last: 502631928 ns, Reaching safepoint: 256910 ns, At safepoint: 24735 ns, Total: 281645 ns
[2020-02-26T10:27:00.693+0000][1][safepoint    ] Safepoint "Cleanup", Time since last: 1000238091 ns, Reaching safepoint: 76209 ns, At safepoint: 9176 ns, Total: 85385 ns
[2020-02-26T10:27:01.697+0000][1][safepoint    ] Safepoint "Cleanup", Time since last: 1003690381 ns, Reaching safepoint: 196424 ns, At safepoint: 29478 ns, Total: 225902 ns
[2020-02-26T10:27:02.208+0000][1][safepoint    ] Safepoint "RevokeBias", Time since last: 511452711 ns, Reaching safepoint: 74337 ns, At safepoint: 24579 ns, Total: 98916 ns
[2020-02-26T10:27:03.209+0000][1][safepoint    ] Safepoint "Cleanup", Time since last: 1000368655 ns, Reaching safepoint: 98777 ns, At safepoint: 8664 ns, Total: 107441 ns
[2020-02-26T10:27:04.210+0000][1][safepoint    ] Safepoint "Cleanup", Time since last: 1000571641 ns, Reaching safepoint: 167890 ns, At safepoint: 10695 ns, Total: 178585 ns
[2020-02-26T10:27:04.724+0000][1][safepoint    ] Safepoint "RevokeBias", Time since last: 514240617 ns, Reaching safepoint: 68950 ns, At safepoint: 36227 ns, Total: 105177 ns
[2020-02-26T10:27:05.725+0000][1][safepoint    ] Safepoint "Cleanup", Time since last: 1000845556 ns, Reaching safepoint: 75979 ns, At safepoint: 7790 ns, Total: 83769 ns
[2020-02-26T10:27:06.726+0000][1][safepoint    ] Safepoint "Cleanup", Time since last: 1000845879 ns, Reaching safepoint: 140750 ns, At safepoint: 8415 ns, Total: 149165 ns
[2020-02-26T10:27:07.243+0000][1][safepoint    ] Safepoint "RevokeBias", Time since last: 516544344 ns, Reaching safepoint: 76442 ns, At safepoint: 19861 ns, Total: 96303 ns
[2020-02-26T10:27:08.243+0000][1][safepoint    ] Safepoint "Cleanup", Time since last: 1000318006 ns, Reaching safepoint: 87480 ns, At safepoint: 10661 ns, Total: 98141 ns
[2020-02-26T10:27:09.244+0000][1][safepoint    ] Safepoint "Cleanup", Time since last: 1000605190 ns, Reaching safepoint: 62101 ns, At safepoint: 9805 ns, Total: 71906 ns
[2020-02-26T10:27:09.743+0000][1][safepoint    ] Safepoint "RevokeBias", Time since last: 499728212 ns, Reaching safepoint: 69970 ns, At safepoint: 19950 ns, Total: 89920 ns
[2020-02-26T10:27:10.744+0000][1][safepoint    ] Safepoint "Cleanup", Time since last: 1000749774 ns, Reaching safepoint: 90835 ns, At safepoint: 12657 ns, Total: 103492 ns
[2020-02-26T10:27:11.745+0000][1][safepoint    ] Safepoint "Cleanup", Time since last: 1000605106 ns, Reaching safepoint: 91666 ns, At safepoint: 8517 ns, Total: 100183 ns
[2020-02-26T10:27:12.265+0000][1][safepoint    ] Safepoint "RevokeBias", Time since last: 520105737 ns, Reaching safepoint: 67192 ns, At safepoint: 18992 ns, Total: 86184 ns
[2020-02-26T10:27:13.266+0000][1][safepoint    ] Safepoint "Cleanup", Time since last: 1000346559 ns, Reaching safepoint: 75248 ns, At safepoint: 8876 ns, Total: 84124 ns
[2020-02-26T10:27:14.266+0000][1][safepoint    ] Safepoint "Cleanup", Time since last: 1000677388 ns, Reaching safepoint: 75922 ns, At safepoint: 9087 ns, Total: 85009 ns
[2020-02-26T10:27:14.778+0000][1][safepoint    ] Safepoint "RevokeBias", Time since last: 511326241 ns, Reaching safepoint: 72042 ns, At safepoint: 21087 ns, Total: 93129 ns
[2020-02-26T10:27:15.779+0000][1][safepoint    ] Safepoint "Cleanup", Time since last: 1001020780 ns, Reaching safepoint: 76491 ns, At safepoint: 8792 ns, Total: 85283 ns
[2020-02-26T10:27:16.780+0000][1][safepoint    ] Safepoint "Cleanup", Time since last: 1001101371 ns, Reaching safepoint: 74176 ns, At safepoint: 8436 ns, Total: 82612 ns
[2020-02-26T10:27:17.284+0000][1][safepoint    ] Safepoint "RevokeBias", Time since last: 503561605 ns, Reaching safepoint: 159623 ns, At safepoint: 55273 ns, Total: 214896 ns
[2020-02-26T10:27:18.289+0000][1][safepoint    ] Safepoint "Cleanup", Time since last: 1005053447 ns, Reaching safepoint: 77531 ns, At safepoint: 9219 ns, Total: 86750 ns
[2020-02-26T10:27:19.379+0000][1][safepoint    ] Safepoint "Cleanup", Time since last: 1090171128 ns, Reaching safepoint: 84380 ns, At safepoint: 9505 ns, Total: 93885 ns
[2020-02-26T10:27:19.788+0000][1][safepoint    ] Safepoint "RevokeBias", Time since last: 408764523 ns, Reaching safepoint: 131920 ns, At safepoint: 26705 ns, Total: 158625 ns
[2020-02-26T10:27:20.789+0000][1][safepoint    ] Safepoint "Cleanup", Time since last: 1000421895 ns, Reaching safepoint: 83855 ns, At safepoint: 8975 ns, Total: 92830 ns
[2020-02-26T10:27:21.790+0000][1][safepoint    ] Safepoint "Cleanup", Time since last: 1000690372 ns, Reaching safepoint: 147387 ns, At safepoint: 12840 ns, Total: 160227 ns
[2020-02-26T10:27:22.294+0000][1][safepoint    ] Safepoint "RevokeBias", Time since last: 504614537 ns, Reaching safepoint: 251851 ns, At safepoint: 35819 ns, Total: 287670 ns
[2020-02-26T10:27:23.295+0000][1][safepoint    ] Safepoint "Cleanup", Time since last: 1000815013 ns, Reaching safepoint: 77761 ns, At safepoint: 9251 ns, Total: 87012 ns
[2020-02-26T10:27:24.296+0000][1][safepoint    ] Safepoint "Cleanup", Time since last: 1000135618 ns, Reaching safepoint: 76823 ns, At safepoint: 8744 ns, Total: 85567 ns
[2020-02-26T10:27:24.797+0000][1][safepoint    ] Safepoint "RevokeBias", Time since last: 501693518 ns, Reaching safepoint: 77167 ns, At safepoint: 67603 ns, Total: 144770 ns
[2020-02-26T10:27:25.798+0000][1][safepoint    ] Safepoint "Cleanup", Time since last: 1000262577 ns, Reaching safepoint: 85554 ns, At safepoint: 10421 ns, Total: 95975 ns
[2020-02-26T10:27:26.799+0000][1][safepoint    ] Safepoint "Cleanup", Time since last: 1000912963 ns, Reaching safepoint: 171664 ns, At safepoint: 26459 ns, Total: 198123 ns
[2020-02-26T10:27:27.322+0000][1][safepoint    ] Safepoint "RevokeBias", Time since last: 522727894 ns, Reaching safepoint: 69326 ns, At safepoint: 19959 ns, Total: 89285 ns
[2020-02-26T10:27:28.327+0000][1][safepoint    ] Safepoint "Cleanup", Time since last: 1004862638 ns, Reaching safepoint: 74851 ns, At safepoint: 7682 ns, Total: 82533 ns
[2020-02-26T10:27:29.328+0000][1][safepoint    ] Safepoint "Cleanup", Time since last: 1000831753 ns, Reaching safepoint: 77787 ns, At safepoint: 9404 ns, Total: 87191 ns
[2020-02-26T10:27:29.840+0000][1][safepoint    ] Safepoint "RevokeBias", Time since last: 511876351 ns, Reaching safepoint: 69399 ns, At safepoint: 19485 ns, Total: 88884 ns
[2020-02-26T10:27:30.840+0000][1][safepoint    ] Safepoint "Cleanup", Time since last: 1000611007 ns, Reaching safepoint: 116759 ns, At safepoint: 12466 ns, Total: 129225 ns
[2020-02-26T10:27:31.841+0000][1][safepoint    ] Safepoint "Cleanup", Time since last: 1000655142 ns, Reaching safepoint: 86968 ns, At safepoint: 10508 ns, Total: 97476 ns
[2020-02-26T10:27:32.346+0000][1][safepoint    ] Safepoint "BulkRevokeBias", Time since last: 505107515 ns, Reaching safepoint: 68945 ns, At safepoint: 182265 ns, Total: 251210 ns
[2020-02-26T10:27:33.347+0000][1][safepoint    ] Safepoint "Cleanup", Time since last: 1000462750 ns, Reaching safepoint: 92937 ns, At safepoint: 9196 ns, Total: 102133 ns
[2020-02-26T10:27:34.349+0000][1][safepoint    ] Safepoint "Cleanup", Time since last: 1002044347 ns, Reaching safepoint: 113060 ns, At safepoint: 9427 ns, Total: 122487 ns
[2020-02-26T10:27:34.851+0000][1][safepoint    ] Safepoint "RevokeBias", Time since last: 501458146 ns, Reaching safepoint: 68870 ns, At safepoint: 90599 ns, Total: 159469 ns
[2020-02-26T10:27:35.852+0000][1][safepoint    ] Safepoint "Cleanup", Time since last: 1000954039 ns, Reaching safepoint: 203018 ns, At safepoint: 24111 ns, Total: 227129 ns
[2020-02-26T10:27:36.962+0000][1][safepoint    ] Safepoint "Cleanup", Time since last: 1109495871 ns, Reaching safepoint: 148431 ns, At safepoint: 29456 ns, Total: 177887 ns
[2020-02-26T10:27:37.355+0000][1][safepoint    ] Safepoint "RevokeBias", Time since last: 393597562 ns, Reaching safepoint: 70048 ns, At safepoint: 19684 ns, Total: 89732 ns
[2020-02-26T10:27:38.356+0000][1][safepoint    ] Safepoint "Cleanup", Time since last: 1000291112 ns, Reaching safepoint: 76259 ns, At safepoint: 8889 ns, Total: 85148 ns
[2020-02-26T10:27:39.361+0000][1][safepoint    ] Safepoint "Cleanup", Time since last: 1004785372 ns, Reaching safepoint: 75747 ns, At safepoint: 9388 ns, Total: 85135 ns
[2020-02-26T10:27:39.858+0000][1][safepoint    ] Safepoint "RevokeBias", Time since last: 497388619 ns, Reaching safepoint: 69245 ns, At safepoint: 18909 ns, Total: 88154 ns
[2020-02-26T10:27:40.859+0000][1][safepoint    ] Safepoint "Cleanup", Time since last: 1000418271 ns, Reaching safepoint: 126228 ns, At safepoint: 8122 ns, Total: 134350 ns
[2020-02-26T10:27:41.860+0000][1][safepoint    ] Safepoint "Cleanup", Time since last: 1001112691 ns, Reaching safepoint: 76592 ns, At safepoint: 9175 ns, Total: 85767 ns
[2020-02-26T10:27:42.364+0000][1][safepoint    ] Safepoint "RevokeBias", Time since last: 504523727 ns, Reaching safepoint: 73885 ns, At safepoint: 20374 ns, Total: 94259 ns
[2020-02-26T10:27:43.365+0000][1][safepoint    ] Safepoint "Cleanup", Time since last: 1000250027 ns, Reaching safepoint: 180992 ns, At safepoint: 26092 ns, Total: 207084 ns
[2020-02-26T10:27:44.372+0000][1][safepoint    ] Safepoint "Cleanup", Time since last: 1007155254 ns, Reaching safepoint: 90141 ns, At safepoint: 9082 ns, Total: 99223 ns
[2020-02-26T10:27:44.875+0000][1][safepoint    ] Safepoint "RevokeBias", Time since last: 502714664 ns, Reaching safepoint: 67916 ns, At safepoint: 18927 ns, Total: 86843 ns
[2020-02-26T10:27:45.876+0000][1][safepoint    ] Safepoint "Cleanup", Time since last: 1000926146 ns, Reaching safepoint: 77541 ns, At safepoint: 10139 ns, Total: 87680 ns
[2020-02-26T10:27:46.876+0000][1][safepoint    ] Safepoint "Cleanup", Time since last: 1000391321 ns, Reaching safepoint: 77392 ns, At safepoint: 9949 ns, Total: 87341 ns
[2020-02-26T10:27:47.389+0000][1][safepoint    ] Safepoint "RevokeBias", Time since last: 511987666 ns, Reaching safepoint: 141240 ns, At safepoint: 18677 ns, Total: 159917 ns
[2020-02-26T10:27:49.359+0000][1][safepoint    ] Safepoint "Cleanup", Time since last: 1970617169 ns, Reaching safepoint: 75932 ns, At safepoint: 9124 ns, Total: 85056 ns
[2020-02-26T10:27:49.906+0000][1][safepoint    ] Safepoint "RevokeBias", Time since last: 546269842 ns, Reaching safepoint: 70509 ns, At safepoint: 19365 ns, Total: 89874 ns
[2020-02-26T10:27:50.906+0000][1][safepoint    ] Safepoint "Cleanup", Time since last: 1000579878 ns, Reaching safepoint: 113930 ns, At safepoint: 11949 ns, Total: 125879 ns
[2020-02-26T10:27:51.907+0000][1][safepoint    ] Safepoint "Cleanup", Time since last: 1000339600 ns, Reaching safepoint: 74203 ns, At safepoint: 8641 ns, Total: 82844 ns
[2020-02-26T10:27:52.417+0000][1][safepoint    ] Safepoint "RevokeBias", Time since last: 509856339 ns, Reaching safepoint: 110885 ns, At safepoint: 31613 ns, Total: 142498 ns
[2020-02-26T10:27:53.419+0000][1][safepoint    ] Safepoint "Cleanup", Time since last: 1002276505 ns, Reaching safepoint: 110491 ns, At safepoint: 8578 ns, Total: 119069 ns
[2020-02-26T10:27:54.420+0000][1][safepoint    ] Safepoint "Cleanup", Time since last: 1001181642 ns, Reaching safepoint: 73262 ns, At safepoint: 7863 ns, Total: 81125 ns
[2020-02-26T10:27:54.932+0000][1][safepoint    ] Safepoint "RevokeBias", Time since last: 511773690 ns, Reaching safepoint: 49065 ns, At safepoint: 17824 ns, Total: 66889 ns
[2020-02-26T10:27:55.933+0000][1][safepoint    ] Safepoint "Cleanup", Time since last: 1000692624 ns, Reaching safepoint: 89546 ns, At safepoint: 9017 ns, Total: 98563 ns
[2020-02-26T10:27:56.933+0000][1][safepoint    ] Safepoint "Cleanup", Time since last: 1000207317 ns, Reaching safepoint: 78299 ns, At safepoint: 10411 ns, Total: 88710 ns
[2020-02-26T10:27:57.444+0000][1][safepoint    ] Safepoint "RevokeBias", Time since last: 510605159 ns, Reaching safepoint: 107640 ns, At safepoint: 22795 ns, Total: 130435 ns
[2020-02-26T10:27:58.445+0000][1][safepoint    ] Safepoint "Cleanup", Time since last: 1000393715 ns, Reaching safepoint: 85862 ns, At safepoint: 10845 ns, Total: 96707 ns
[2020-02-26T10:27:59.445+0000][1][safepoint    ] Safepoint "Cleanup", Time since last: 1000289858 ns, Reaching safepoint: 83115 ns, At safepoint: 10251 ns, Total: 93366 ns
[2020-02-26T10:27:59.947+0000][1][safepoint    ] Safepoint "RevokeBias", Time since last: 501591124 ns, Reaching safepoint: 98604 ns, At safepoint: 29464 ns, Total: 128068 ns
[2020-02-26T10:28:00.947+0000][1][safepoint    ] Safepoint "Cleanup", Time since last: 1000203796 ns, Reaching safepoint: 142508 ns, At safepoint: 26873 ns, Total: 169381 ns
[2020-02-26T10:28:01.948+0000][1][safepoint    ] Safepoint "Cleanup", Time since last: 1000506724 ns, Reaching safepoint: 128775 ns, At safepoint: 12503 ns, Total: 141278 ns
[2020-02-26T10:28:02.450+0000][1][safepoint    ] Safepoint "RevokeBias", Time since last: 502320311 ns, Reaching safepoint: 181511 ns, At safepoint: 22350 ns, Total: 203861 ns
[2020-02-26T10:28:03.451+0000][1][safepoint    ] Safepoint "Cleanup", Time since last: 1000232677 ns, Reaching safepoint: 109793 ns, At safepoint: 9323 ns, Total: 119116 ns
[2020-02-26T10:28:04.451+0000][1][safepoint    ] Safepoint "Cleanup", Time since last: 1000241481 ns, Reaching safepoint: 75829 ns, At safepoint: 8751 ns, Total: 84580 ns
[2020-02-26T10:28:04.954+0000][1][safepoint    ] Safepoint "RevokeBias", Time since last: 503314307 ns, Reaching safepoint: 67569 ns, At safepoint: 35484 ns, Total: 103053 ns
[2020-02-26T10:28:05.961+0000][1][safepoint    ] Safepoint "Cleanup", Time since last: 1006747463 ns, Reaching safepoint: 76019 ns, At safepoint: 8966 ns, Total: 84985 ns
[2020-02-26T10:28:06.962+0000][1][safepoint    ] Safepoint "Cleanup", Time since last: 1000362534 ns, Reaching safepoint: 78155 ns, At safepoint: 10058 ns, Total: 88213 ns
[2020-02-26T10:28:07.461+0000][1][safepoint    ] Safepoint "RevokeBias", Time since last: 499135819 ns, Reaching safepoint: 70266 ns, At safepoint: 19435 ns, Total: 89701 ns
[2020-02-26T10:28:08.461+0000][1][safepoint    ] Safepoint "Cleanup", Time since last: 1000341506 ns, Reaching safepoint: 88677 ns, At safepoint: 10410 ns, Total: 99087 ns
[2020-02-26T10:28:09.462+0000][1][safepoint    ] Safepoint "Cleanup", Time since last: 1000410791 ns, Reaching safepoint: 78158 ns, At safepoint: 10390 ns, Total: 88548 ns
[2020-02-26T10:28:09.964+0000][1][safepoint    ] Safepoint "RevokeBias", Time since last: 501698621 ns, Reaching safepoint: 187842 ns, At safepoint: 31924 ns, Total: 219766 ns
[2020-02-26T10:28:10.964+0000][1][safepoint    ] Safepoint "Cleanup", Time since last: 1000314710 ns, Reaching safepoint: 180510 ns, At safepoint: 9080 ns, Total: 189590 ns
[2020-02-26T10:28:11.965+0000][1][safepoint    ] Safepoint "Cleanup", Time since last: 1000795316 ns, Reaching safepoint: 89203 ns, At safepoint: 8373 ns, Total: 97576 ns
[2020-02-26T10:28:12.476+0000][1][safepoint    ] Safepoint "RevokeBias", Time since last: 509786027 ns, Reaching safepoint: 1123811 ns, At safepoint: 24772 ns, Total: 1148583 ns
[2020-02-26T10:28:13.477+0000][1][safepoint    ] Safepoint "Cleanup", Time since last: 1000654531 ns, Reaching safepoint: 97007 ns, At safepoint: 8815 ns, Total: 105822 ns
[2020-02-26T10:28:14.478+0000][1][safepoint    ] Safepoint "Cleanup", Time since last: 1000778064 ns, Reaching safepoint: 72911 ns, At safepoint: 7760 ns, Total: 80671 ns
[2020-02-26T10:28:14.979+0000][1][safepoint    ] Safepoint "RevokeBias", Time since last: 501435465 ns, Reaching safepoint: 55515 ns, At safepoint: 71319 ns, Total: 126834 ns
[2020-02-26T10:28:15.980+0000][1][safepoint    ] Safepoint "Cleanup", Time since last: 1000803443 ns, Reaching safepoint: 93609 ns, At safepoint: 8770 ns, Total: 102379 ns
[2020-02-26T10:28:16.983+0000][1][safepoint    ] Safepoint "Cleanup", Time since last: 1003035520 ns, Reaching safepoint: 131974 ns, At safepoint: 27747 ns, Total: 159721 ns
[2020-02-26T10:28:17.484+0000][1][safepoint    ] Safepoint "RevokeBias", Time since last: 500774970 ns, Reaching safepoint: 70749 ns, At safepoint: 19863 ns, Total: 90612 ns
[2020-02-26T10:28:18.485+0000][1][safepoint    ] Safepoint "Cleanup", Time since last: 1000477168 ns, Reaching safepoint: 90024 ns, At safepoint: 8896 ns, Total: 98920 ns
[2020-02-26T10:28:19.485+0000][1][safepoint    ] Safepoint "Cleanup", Time since last: 1000344291 ns, Reaching safepoint: 77294 ns, At safepoint: 9056 ns, Total: 86350 ns
[2020-02-26T10:28:19.988+0000][1][safepoint    ] Safepoint "RevokeBias", Time since last: 502413317 ns, Reaching safepoint: 146801 ns, At safepoint: 26939 ns, Total: 173740 ns
[2020-02-26T10:28:20.988+0000][1][safepoint    ] Safepoint "Cleanup", Time since last: 1000368113 ns, Reaching safepoint: 114464 ns, At safepoint: 8915 ns, Total: 123379 ns
[2020-02-26T10:28:21.991+0000][1][safepoint    ] Safepoint "Cleanup", Time since last: 1002163116 ns, Reaching safepoint: 102242 ns, At safepoint: 9277 ns, Total: 111519 ns
[2020-02-26T10:28:22.494+0000][1][safepoint    ] Safepoint "RevokeBias", Time since last: 503621113 ns, Reaching safepoint: 69544 ns, At safepoint: 20107 ns, Total: 89651 ns
[2020-02-26T10:28:23.494+0000][1][safepoint    ] Safepoint "Cleanup", Time since last: 1000118085 ns, Reaching safepoint: 116897 ns, At safepoint: 13202 ns, Total: 130099 ns
[2020-02-26T10:28:24.495+0000][1][safepoint    ] Safepoint "Cleanup", Time since last: 1000287959 ns, Reaching safepoint: 76302 ns, At safepoint: 9847 ns, Total: 86149 ns
[2020-02-26T10:28:24.999+0000][1][safepoint    ] Safepoint "RevokeBias", Time since last: 504075175 ns, Reaching safepoint: 79912 ns, At safepoint: 23598 ns, Total: 103510 ns
[2020-02-26T10:28:26.000+0000][1][safepoint    ] Safepoint "Cleanup", Time since last: 1000747858 ns, Reaching safepoint: 74176 ns, At safepoint: 8723 ns, Total: 82899 ns
[2020-02-26T10:28:27.003+0000][1][safepoint    ] Safepoint "Cleanup", Time since last: 1003142625 ns, Reaching safepoint: 107663 ns, At safepoint: 29495 ns, Total: 137158 ns
[2020-02-26T10:28:27.517+0000][1][safepoint    ] Safepoint "RevokeBias", Time since last: 513855630 ns, Reaching safepoint: 107190 ns, At safepoint: 29655 ns, Total: 136845 ns
[2020-02-26T10:28:28.518+0000][1][safepoint    ] Safepoint "Cleanup", Time since last: 1000806691 ns, Reaching safepoint: 84220 ns, At safepoint: 9835 ns, Total: 94055 ns
[2020-02-26T10:28:29.519+0000][1][safepoint    ] Safepoint "Cleanup", Time since last: 1000571148 ns, Reaching safepoint: 113252 ns, At safepoint: 14514 ns, Total: 127766 ns
[2020-02-26T10:28:30.028+0000][1][safepoint    ] Safepoint "RevokeBias", Time since last: 508903731 ns, Reaching safepoint: 72068 ns, At safepoint: 19979 ns, Total: 92047 ns
[2020-02-26T10:28:31.028+0000][1][safepoint    ] Safepoint "Cleanup", Time since last: 1000438505 ns, Reaching safepoint: 111115 ns, At safepoint: 9483 ns, Total: 120598 ns
[2020-02-26T10:28:32.034+0000][1][safepoint    ] Safepoint "Cleanup", Time since last: 1005969604 ns, Reaching safepoint: 106997 ns, At safepoint: 8830 ns, Total: 115827 ns
[2020-02-26T10:28:32.548+0000][1][safepoint    ] Safepoint "RevokeBias", Time since last: 513082928 ns, Reaching safepoint: 67402 ns, At safepoint: 19896 ns, Total: 87298 ns
[2020-02-26T10:28:33.548+0000][1][safepoint    ] Safepoint "Cleanup", Time since last: 1000773888 ns, Reaching safepoint: 119501 ns, At safepoint: 13771 ns, Total: 133272 ns
[2020-02-26T10:28:34.549+0000][1][safepoint    ] Safepoint "Cleanup", Time since last: 1000665567 ns, Reaching safepoint: 75619 ns, At safepoint: 8555 ns, Total: 84174 ns
[2020-02-26T10:28:35.061+0000][1][safepoint    ] Safepoint "RevokeBias", Time since last: 511539660 ns, Reaching safepoint: 80052 ns, At safepoint: 22134 ns, Total: 102186 ns
[2020-02-26T10:28:36.061+0000][1][safepoint    ] Safepoint "Cleanup", Time since last: 1000228291 ns, Reaching safepoint: 129763 ns, At safepoint: 14446 ns, Total: 144209 ns
[2020-02-26T10:28:37.062+0000][1][safepoint    ] Safepoint "Cleanup", Time since last: 1000407273 ns, Reaching safepoint: 76404 ns, At safepoint: 9118 ns, Total: 85522 ns
[2020-02-26T10:28:37.585+0000][1][safepoint    ] Safepoint "RevokeBias", Time since last: 522860358 ns, Reaching safepoint: 66489 ns, At safepoint: 19268 ns, Total: 85757 ns
[2020-02-26T10:28:38.587+0000][1][safepoint    ] Safepoint "Cleanup", Time since last: 1002656608 ns, Reaching safepoint: 143890 ns, At safepoint: 13615 ns, Total: 157505 ns
[2020-02-26T10:28:39.588+0000][1][safepoint    ] Safepoint "Cleanup", Time since last: 1000255405 ns, Reaching safepoint: 75024 ns, At safepoint: 8934 ns, Total: 83958 ns
[2020-02-26T10:28:40.095+0000][1][safepoint    ] Safepoint "RevokeBias", Time since last: 507021739 ns, Reaching safepoint: 69651 ns, At safepoint: 19936 ns, Total: 89587 ns
[2020-02-26T10:28:41.096+0000][1][safepoint    ] Safepoint "Cleanup", Time since last: 1000746788 ns, Reaching safepoint: 93395 ns, At safepoint: 11696 ns, Total: 105091 ns
[2020-02-26T10:28:42.096+0000][1][safepoint    ] Safepoint "Cleanup", Time since last: 1000244285 ns, Reaching safepoint: 126348 ns, At safepoint: 8940 ns, Total: 135288 ns
[2020-02-26T10:28:42.601+0000][1][safepoint    ] Safepoint "RevokeBias", Time since last: 504743442 ns, Reaching safepoint: 67213 ns, At safepoint: 19522 ns, Total: 86735 ns
[2020-02-26T10:28:43.604+0000][1][safepoint    ] Safepoint "Cleanup", Time since last: 1002956770 ns, Reaching safepoint: 192765 ns, At safepoint: 12072 ns, Total: 204837 ns
[2020-02-26T10:28:44.604+0000][1][safepoint    ] Safepoint "Cleanup", Time since last: 1000150412 ns, Reaching safepoint: 76195 ns, At safepoint: 8849 ns, Total: 85044 ns
[2020-02-26T10:28:45.105+0000][1][safepoint    ] Safepoint "BulkRevokeBias", Time since last: 499985857 ns, Reaching safepoint: 68044 ns, At safepoint: 196977 ns, Total: 265021 ns
[2020-02-26T10:28:46.105+0000][1][safepoint    ] Safepoint "Cleanup", Time since last: 1000685528 ns, Reaching safepoint: 110053 ns, At safepoint: 10106 ns, Total: 120159 ns
[2020-02-26T10:28:47.106+0000][1][safepoint    ] Safepoint "Cleanup", Time since last: 1000210265 ns, Reaching safepoint: 132415 ns, At safepoint: 14919 ns, Total: 147334 ns
[2020-02-26T10:28:47.610+0000][1][safepoint    ] Safepoint "RevokeBias", Time since last: 504182668 ns, Reaching safepoint: 73810 ns, At safepoint: 20228 ns, Total: 94038 ns
[2020-02-26T10:28:48.616+0000][1][safepoint    ] Safepoint "Cleanup", Time since last: 1005471007 ns, Reaching safepoint: 92015 ns, At safepoint: 8805 ns, Total: 100820 ns
[2020-02-26T10:28:49.616+0000][1][safepoint    ] Safepoint "Cleanup", Time since last: 1000161357 ns, Reaching safepoint: 82022 ns, At safepoint: 9558 ns, Total: 91580 ns
[2020-02-26T10:28:50.113+0000][1][safepoint    ] Safepoint "RevokeBias", Time since last: 497270262 ns, Reaching safepoint: 60856 ns, At safepoint: 20420 ns, Total: 81276 ns
[2020-02-26T10:28:51.114+0000][1][safepoint    ] Safepoint "Cleanup", Time since last: 1000886952 ns, Reaching safepoint: 74923 ns, At safepoint: 7851 ns, Total: 82774 ns
[2020-02-26T10:28:52.619+0000][1][safepoint    ] Safepoint "RevokeBias", Time since last: 1504380427 ns, Reaching safepoint: 84690 ns, At safepoint: 46928 ns, Total: 131618 ns
[2020-02-26T10:28:53.619+0000][1][safepoint    ] Safepoint "Cleanup", Time since last: 1000189676 ns, Reaching safepoint: 91749 ns, At safepoint: 8396 ns, Total: 100145 ns
[2020-02-26T10:28:54.623+0000][1][safepoint    ] Safepoint "Cleanup", Time since last: 1004159501 ns, Reaching safepoint: 75725 ns, At safepoint: 9244 ns, Total: 84969 ns
[2020-02-26T10:28:55.124+0000][1][safepoint    ] Safepoint "RevokeBias", Time since last: 500131061 ns, Reaching safepoint: 156419 ns, At safepoint: 40721 ns, Total: 197140 ns
[2020-02-26T10:28:56.124+0000][1][safepoint    ] Safepoint "Cleanup", Time since last: 1000247591 ns, Reaching safepoint: 76759 ns, At safepoint: 8108 ns, Total: 84867 ns
[2020-02-26T10:28:57.125+0000][1][safepoint    ] Safepoint "Cleanup", Time since last: 1000689332 ns, Reaching safepoint: 77186 ns, At safepoint: 9361 ns, Total: 86547 ns
[2020-02-26T10:28:57.639+0000][1][safepoint    ] Safepoint "RevokeBias", Time since last: 513801210 ns, Reaching safepoint: 169888 ns, At safepoint: 26683 ns, Total: 196571 ns
[2020-02-26T10:28:58.640+0000][1][safepoint    ] Safepoint "Cleanup", Time since last: 1000823077 ns, Reaching safepoint: 74962 ns, At safepoint: 8868 ns, Total: 83830 ns
[2020-02-26T10:28:59.642+0000][1][safepoint    ] Safepoint "Cleanup", Time since last: 1002654796 ns, Reaching safepoint: 93963 ns, At safepoint: 8315 ns, Total: 102278 ns
[2020-02-26T10:29:00.148+0000][1][safepoint    ] Safepoint "RevokeBias", Time since last: 505435247 ns, Reaching safepoint: 123752 ns, At safepoint: 21876 ns, Total: 145628 ns
[2020-02-26T10:29:01.148+0000][1][safepoint    ] Safepoint "Cleanup", Time since last: 1000137242 ns, Reaching safepoint: 96317 ns, At safepoint: 12726 ns, Total: 109043 ns
[2020-02-26T10:29:02.149+0000][1][safepoint    ] Safepoint "Cleanup", Time since last: 1000956652 ns, Reaching safepoint: 173626 ns, At safepoint: 9079 ns, Total: 182705 ns
[2020-02-26T10:29:02.652+0000][1][safepoint    ] Safepoint "RevokeBias", Time since last: 502329541 ns, Reaching safepoint: 144487 ns, At safepoint: 31252 ns, Total: 175739 ns
[2020-02-26T10:29:03.652+0000][1][safepoint    ] Safepoint "Cleanup", Time since last: 1000246380 ns, Reaching safepoint: 75875 ns, At safepoint: 9929 ns, Total: 85804 ns
[2020-02-26T10:29:04.653+0000][1][safepoint    ] Safepoint "Cleanup", Time since last: 1001213209 ns, Reaching safepoint: 113573 ns, At safepoint: 8916 ns, Total: 122489 ns
[2020-02-26T10:29:05.166+0000][1][safepoint    ] Safepoint "RevokeBias", Time since last: 512682319 ns, Reaching safepoint: 69718 ns, At safepoint: 19851 ns, Total: 89569 ns
[2020-02-26T10:29:06.167+0000][1][safepoint    ] Safepoint "Cleanup", Time since last: 1000462571 ns, Reaching safepoint: 82351 ns, At safepoint: 10798 ns, Total: 93149 ns
[2020-02-26T10:29:07.167+0000][1][safepoint    ] Safepoint "Cleanup", Time since last: 1000195164 ns, Reaching safepoint: 82261 ns, At safepoint: 10058 ns, Total: 92319 ns
[2020-02-26T10:29:07.677+0000][1][safepoint    ] Safepoint "RevokeBias", Time since last: 509561842 ns, Reaching safepoint: 68387 ns, At safepoint: 19565 ns, Total: 87952 ns
[2020-02-26T10:29:08.677+0000][1][safepoint    ] Safepoint "Cleanup", Time since last: 1000310269 ns, Reaching safepoint: 153047 ns, At safepoint: 12857 ns, Total: 165904 ns
[2020-02-26T10:29:09.680+0000][1][safepoint    ] Safepoint "Cleanup", Time since last: 1002449799 ns, Reaching safepoint: 162433 ns, At safepoint: 29694 ns, Total: 192127 ns
[2020-02-26T10:29:10.188+0000][1][safepoint    ] Safepoint "RevokeBias", Time since last: 507980061 ns, Reaching safepoint: 67254 ns, At safepoint: 18481 ns, Total: 85735 ns
[2020-02-26T10:29:11.188+0000][1][safepoint    ] Safepoint "Cleanup", Time since last: 1000316031 ns, Reaching safepoint: 78877 ns, At safepoint: 10087 ns, Total: 88964 ns
[2020-02-26T10:29:12.189+0000][1][safepoint    ] Safepoint "Cleanup", Time since last: 1000503459 ns, Reaching safepoint: 149540 ns, At safepoint: 27958 ns, Total: 177498 ns
[2020-02-26T10:29:12.701+0000][1][safepoint    ] Safepoint "RevokeBias", Time since last: 512016950 ns, Reaching safepoint: 67565 ns, At safepoint: 19048 ns, Total: 86613 ns
[2020-02-26T10:29:13.702+0000][1][safepoint    ] Safepoint "Cleanup", Time since last: 1000294112 ns, Reaching safepoint: 104657 ns, At safepoint: 10397 ns, Total: 115054 ns
[2020-02-26T10:29:14.702+0000][1][safepoint    ] Safepoint "Cleanup", Time since last: 1000398088 ns, Reaching safepoint: 73441 ns, At safepoint: 9184 ns, Total: 82625 ns
[2020-02-26T10:29:15.213+0000][1][safepoint    ] Safepoint "RevokeBias", Time since last: 510690294 ns, Reaching safepoint: 72710 ns, At safepoint: 37195 ns, Total: 109905 ns
[2020-02-26T10:29:16.213+0000][1][safepoint    ] Safepoint "Cleanup", Time since last: 1000249519 ns, Reaching safepoint: 110279 ns, At safepoint: 11240 ns, Total: 121519 ns
[2020-02-26T10:29:16.833+0000][1][gc,start     ] GC(81) Pause Young (Allocation Failure)
[2020-02-26T10:29:16.833+0000][1][gc,task      ] GC(81) Using 1 workers of 1 for evacuation
[2020-02-26T10:29:16.843+0000][1][gc,age       ] GC(81) Desired survivor size 4358144 bytes, new threshold 6 (max threshold 6)
[2020-02-26T10:29:16.843+0000][1][gc,age       ] GC(81) Age table with threshold 6 (max threshold 6)
[2020-02-26T10:29:16.843+0000][1][gc,age       ] GC(81) - age   1:      11032 bytes,      11032 total
[2020-02-26T10:29:16.843+0000][1][gc,age       ] GC(81) - age   2:        312 bytes,      11344 total
[2020-02-26T10:29:16.843+0000][1][gc,age       ] GC(81) - age   3:        376 bytes,      11720 total
[2020-02-26T10:29:16.843+0000][1][gc,age       ] GC(81) - age   4:        656 bytes,      12376 total
[2020-02-26T10:29:16.843+0000][1][gc,age       ] GC(81) - age   5:        856 bytes,      13232 total
[2020-02-26T10:29:16.843+0000][1][gc,age       ] GC(81) - age   6:        464 bytes,      13696 total
[2020-02-26T10:29:16.843+0000][1][gc,heap      ] GC(81) ParNew: 68186K->16K(76672K)
[2020-02-26T10:29:16.843+0000][1][gc,heap      ] GC(81) CMS: 62664K->62664K(963392K)
[2020-02-26T10:29:16.843+0000][1][gc,metaspace ] GC(81) Metaspace: 79873K->79873K(1122304K)
[2020-02-26T10:29:16.843+0000][1][gc           ] GC(81) Pause Young (Allocation Failure) 127M->61M(1015M) 9.588ms
[2020-02-26T10:29:16.843+0000][1][gc,cpu       ] GC(81) User=0.01s Sys=0.00s Real=0.01s
[2020-02-26T10:29:16.843+0000][1][safepoint    ] Safepoint "GenCollectForAllocation", Time since last: 619921551 ns, Reaching safepoint: 81405 ns, At safepoint: 9644861 ns, Total: 9726266 ns
[2020-02-26T10:29:17.722+0000][1][safepoint    ] Safepoint "RevokeBias", Time since last: 878712821 ns, Reaching safepoint: 69625 ns, At safepoint: 19543 ns, Total: 89168 ns
[2020-02-26T10:29:18.723+0000][1][safepoint    ] Safepoint "Cleanup", Time since last: 1000801932 ns, Reaching safepoint: 77805 ns, At safepoint: 25883 ns, Total: 103688 ns
[2020-02-26T10:29:19.723+0000][1][safepoint    ] Safepoint "Cleanup", Time since last: 1000657869 ns, Reaching safepoint: 177443 ns, At safepoint: 9268 ns, Total: 186711 ns
[2020-02-26T10:29:20.225+0000][1][safepoint    ] Safepoint "RevokeBias", Time since last: 501881800 ns, Reaching safepoint: 69096 ns, At safepoint: 18813 ns, Total: 87909 ns
[2020-02-26T10:29:21.227+0000][1][safepoint    ] Safepoint "Cleanup", Time since last: 1001717949 ns, Reaching safepoint: 59524 ns, At safepoint: 8315 ns, Total: 67839 ns
[2020-02-26T10:29:22.731+0000][1][safepoint    ] Safepoint "RevokeBias", Time since last: 1503633878 ns, Reaching safepoint: 68742 ns, At safepoint: 19631 ns, Total: 88373 ns
[2020-02-26T10:29:23.732+0000][1][safepoint    ] Safepoint "Cleanup", Time since last: 1000591389 ns, Reaching safepoint: 95582 ns, At safepoint: 8994 ns, Total: 104576 ns
[2020-02-26T10:29:24.732+0000][1][safepoint    ] Safepoint "Cleanup", Time since last: 1000705837 ns, Reaching safepoint: 115132 ns, At safepoint: 13843 ns, Total: 128975 ns
[2020-02-26T10:29:25.236+0000][1][safepoint    ] Safepoint "RevokeBias", Time since last: 503237511 ns, Reaching safepoint: 126240 ns, At safepoint: 37302 ns, Total: 163542 ns
[2020-02-26T10:29:26.241+0000][1][safepoint    ] Safepoint "Cleanup", Time since last: 1004872199 ns, Reaching safepoint: 134520 ns, At safepoint: 13579 ns, Total: 148099 ns
[2020-02-26T10:29:27.241+0000][1][safepoint    ] Safepoint "Cleanup", Time since last: 1000310970 ns, Reaching safepoint: 216847 ns, At safepoint: 25385 ns, Total: 242232 ns
[2020-02-26T10:29:27.742+0000][1][safepoint    ] Safepoint "RevokeBias", Time since last: 500386475 ns, Reaching safepoint: 69606 ns, At safepoint: 20219 ns, Total: 89825 ns
[2020-02-26T10:29:28.743+0000][1][safepoint    ] Safepoint "Cleanup", Time since last: 1000594438 ns, Reaching safepoint: 82088 ns, At safepoint: 9174 ns, Total: 91262 ns
[2020-02-26T10:29:29.743+0000][1][safepoint    ] Safepoint "Cleanup", Time since last: 1000753632 ns, Reaching safepoint: 92177 ns, At safepoint: 9233 ns, Total: 101410 ns
[2020-02-26T10:29:30.245+0000][1][safepoint    ] Safepoint "RevokeBias", Time since last: 501629297 ns, Reaching safepoint: 68964 ns, At safepoint: 19853 ns, Total: 88817 ns
[2020-02-26T10:29:31.248+0000][1][safepoint    ] Safepoint "Cleanup", Time since last: 1002735750 ns, Reaching safepoint: 74560 ns, At safepoint: 9024 ns, Total: 83584 ns
[2020-02-26T10:29:32.248+0000][1][safepoint    ] Safepoint "Cleanup", Time since last: 1000140088 ns, Reaching safepoint: 79713 ns, At safepoint: 9241 ns, Total: 88954 ns
[2020-02-26T10:29:32.751+0000][1][safepoint    ] Safepoint "RevokeBias", Time since last: 503214636 ns, Reaching safepoint: 68041 ns, At safepoint: 18993 ns, Total: 87034 ns
[2020-02-26T10:29:33.752+0000][1][safepoint    ] Safepoint "Cleanup", Time since last: 1000567511 ns, Reaching safepoint: 91626 ns, At safepoint: 9055 ns, Total: 100681 ns
[2020-02-26T10:29:34.752+0000][1][safepoint    ] Safepoint "Cleanup", Time since last: 1000165227 ns, Reaching safepoint: 77096 ns, At safepoint: 9297 ns, Total: 86393 ns
[2020-02-26T10:29:35.256+0000][1][safepoint    ] Safepoint "RevokeBias", Time since last: 503769145 ns, Reaching safepoint: 70045 ns, At safepoint: 19985 ns, Total: 90030 ns
[2020-02-26T10:29:36.262+0000][1][safepoint    ] Safepoint "Cleanup", Time since last: 1005982452 ns, Reaching safepoint: 91738 ns, At safepoint: 8670 ns, Total: 100408 ns
[2020-02-26T10:29:37.263+0000][1][safepoint    ] Safepoint "Cleanup", Time since last: 1000378695 ns, Reaching safepoint: 109888 ns, At safepoint: 11476 ns, Total: 121364 ns
[2020-02-26T10:29:37.760+0000][1][safepoint    ] Safepoint "RevokeBias", Time since last: 497500772 ns, Reaching safepoint: 107586 ns, At safepoint: 30640 ns, Total: 138226 ns
[2020-02-26T10:29:38.761+0000][1][safepoint    ] Safepoint "Cleanup", Time since last: 1000203154 ns, Reaching safepoint: 91382 ns, At safepoint: 8554 ns, Total: 99936 ns
[2020-02-26T10:29:39.762+0000][1][safepoint    ] Safepoint "Cleanup", Time since last: 1001086912 ns, Reaching safepoint: 166236 ns, At safepoint: 9983 ns, Total: 176219 ns
[2020-02-26T10:29:40.265+0000][1][safepoint    ] Safepoint "RevokeBias", Time since last: 502650106 ns, Reaching safepoint: 68191 ns, At safepoint: 35338 ns, Total: 103529 ns
[2020-02-26T10:29:41.266+0000][1][safepoint    ] Safepoint "Cleanup", Time since last: 1001227970 ns, Reaching safepoint: 75879 ns, At safepoint: 9061 ns, Total: 84940 ns
[2020-02-26T10:29:42.276+0000][1][safepoint    ] Safepoint "Cleanup", Time since last: 1010105858 ns, Reaching safepoint: 91838 ns, At safepoint: 8590 ns, Total: 100428 ns
[2020-02-26T10:29:42.771+0000][1][safepoint    ] Safepoint "RevokeBias", Time since last: 494722621 ns, Reaching safepoint: 196582 ns, At safepoint: 43278 ns, Total: 239860 ns
[2020-02-26T10:29:43.772+0000][1][safepoint    ] Safepoint "Cleanup", Time since last: 1000365523 ns, Reaching safepoint: 168958 ns, At safepoint: 12659 ns, Total: 181617 ns
[2020-02-26T10:29:44.773+0000][1][safepoint    ] Safepoint "Cleanup", Time since last: 1000694328 ns, Reaching safepoint: 77740 ns, At safepoint: 25915 ns, Total: 103655 ns
[2020-02-26T10:29:45.276+0000][1][safepoint    ] Safepoint "RevokeBias", Time since last: 503080338 ns, Reaching safepoint: 68052 ns, At safepoint: 19419 ns, Total: 87471 ns
[2020-02-26T10:29:46.276+0000][1][safepoint    ] Safepoint "Cleanup", Time since last: 1000542117 ns, Reaching safepoint: 115096 ns, At safepoint: 12280 ns, Total: 127376 ns
[2020-02-26T10:29:47.284+0000][1][safepoint    ] Safepoint "Cleanup", Time since last: 1007824366 ns, Reaching safepoint: 106496 ns, At safepoint: 10965 ns, Total: 117461 ns
[2020-02-26T10:29:47.791+0000][1][safepoint    ] Safepoint "RevokeBias", Time since last: 506498156 ns, Reaching safepoint: 68648 ns, At safepoint: 19717 ns, Total: 88365 ns
[2020-02-26T10:29:49.449+0000][1][safepoint    ] Safepoint "Cleanup", Time since last: 1658146513 ns, Reaching safepoint: 133249 ns, At safepoint: 12484 ns, Total: 145733 ns
[2020-02-26T10:29:50.299+0000][1][safepoint    ] Safepoint "RevokeBias", Time since last: 850095217 ns, Reaching safepoint: 69218 ns, At safepoint: 19420 ns, Total: 88638 ns
[2020-02-26T10:29:51.300+0000][1][safepoint    ] Safepoint "Cleanup", Time since last: 1000357813 ns, Reaching safepoint: 127136 ns, At safepoint: 8933 ns, Total: 136069 ns
[2020-02-26T10:29:52.304+0000][1][safepoint    ] Safepoint "Cleanup", Time since last: 1003712077 ns, Reaching safepoint: 169992 ns, At safepoint: 7445 ns, Total: 177437 ns
[2020-02-26T10:29:52.819+0000][1][safepoint    ] Safepoint "RevokeBias", Time since last: 514957407 ns, Reaching safepoint: 84340 ns, At safepoint: 24795 ns, Total: 109135 ns
[2020-02-26T10:29:53.820+0000][1][safepoint    ] Safepoint "Cleanup", Time since last: 1000844506 ns, Reaching safepoint: 76594 ns, At safepoint: 9211 ns, Total: 85805 ns
[2020-02-26T10:29:54.820+0000][1][safepoint    ] Safepoint "Cleanup", Time since last: 1000365951 ns, Reaching safepoint: 120227 ns, At safepoint: 10956 ns, Total: 131183 ns
[2020-02-26T10:29:55.333+0000][1][safepoint    ] Safepoint "RevokeBias", Time since last: 512442434 ns, Reaching safepoint: 108953 ns, At safepoint: 31538 ns, Total: 140491 ns
[2020-02-26T10:29:56.334+0000][1][safepoint    ] Safepoint "Cleanup", Time since last: 1000789724 ns, Reaching safepoint: 78175 ns, At safepoint: 9545 ns, Total: 87720 ns
[2020-02-26T10:29:57.334+0000][1][safepoint    ] Safepoint "Cleanup", Time since last: 1000250222 ns, Reaching safepoint: 246967 ns, At safepoint: 29533 ns, Total: 276500 ns
[2020-02-26T10:29:57.843+0000][1][safepoint    ] Safepoint "BulkRevokeBias", Time since last: 508534510 ns, Reaching safepoint: 69760 ns, At safepoint: 182046 ns, Total: 251806 ns
[2020-02-26T10:29:58.843+0000][1][safepoint    ] Safepoint "Cleanup", Time since last: 1000227733 ns, Reaching safepoint: 75767 ns, At safepoint: 8358 ns, Total: 84125 ns
[2020-02-26T10:29:59.849+0000][1][safepoint    ] Safepoint "Cleanup", Time since last: 1005498228 ns, Reaching safepoint: 76537 ns, At safepoint: 9528 ns, Total: 86065 ns
[2020-02-26T10:30:00.353+0000][1][safepoint    ] Safepoint "RevokeBias", Time since last: 503677652 ns, Reaching safepoint: 69505 ns, At safepoint: 18562 ns, Total: 88067 ns
[2020-02-26T10:30:01.353+0000][1][safepoint    ] Safepoint "Cleanup", Time since last: 1000467947 ns, Reaching safepoint: 149103 ns, At safepoint: 26894 ns, Total: 175997 ns
[2020-02-26T10:30:02.354+0000][1][safepoint    ] Safepoint "Cleanup", Time since last: 1000199750 ns, Reaching safepoint: 166229 ns, At safepoint: 29884 ns, Total: 196113 ns
[2020-02-26T10:30:02.874+0000][1][safepoint    ] Safepoint "RevokeBias", Time since last: 520558637 ns, Reaching safepoint: 70838 ns, At safepoint: 20202 ns, Total: 91040 ns
[2020-02-26T10:30:03.875+0000][1][safepoint    ] Safepoint "Cleanup", Time since last: 1000772604 ns, Reaching safepoint: 101377 ns, At safepoint: 9199 ns, Total: 110576 ns
[2020-02-26T10:30:04.876+0000][1][safepoint    ] Safepoint "Cleanup", Time since last: 1000455957 ns, Reaching safepoint: 92596 ns, At safepoint: 8984 ns, Total: 101580 ns
[2020-02-26T10:30:05.387+0000][1][safepoint    ] Safepoint "RevokeBias", Time since last: 510890796 ns, Reaching safepoint: 148727 ns, At safepoint: 24323 ns, Total: 173050 ns
[2020-02-26T10:30:06.388+0000][1][safepoint    ] Safepoint "Cleanup", Time since last: 1000779594 ns, Reaching safepoint: 76462 ns, At safepoint: 8723 ns, Total: 85185 ns
[2020-02-26T10:30:07.389+0000][1][safepoint    ] Safepoint "Cleanup", Time since last: 1000963928 ns, Reaching safepoint: 114343 ns, At safepoint: 15014 ns, Total: 129357 ns
[2020-02-26T10:30:07.890+0000][1][safepoint    ] Safepoint "RevokeBias", Time since last: 501190727 ns, Reaching safepoint: 69222 ns, At safepoint: 19045 ns, Total: 88267 ns
[2020-02-26T10:30:08.893+0000][1][safepoint    ] Safepoint "Cleanup", Time since last: 1003017471 ns, Reaching safepoint: 90941 ns, At safepoint: 7794 ns, Total: 98735 ns
[2020-02-26T10:30:09.894+0000][1][safepoint    ] Safepoint "Cleanup", Time since last: 1000456227 ns, Reaching safepoint: 77479 ns, At safepoint: 9169 ns, Total: 86648 ns
[2020-02-26T10:30:10.392+0000][1][safepoint    ] Safepoint "RevokeBias", Time since last: 498534295 ns, Reaching safepoint: 69564 ns, At safepoint: 34705 ns, Total: 104269 ns
[2020-02-26T10:30:11.393+0000][1][safepoint    ] Safepoint "Cleanup", Time since last: 1000822078 ns, Reaching safepoint: 113733 ns, At safepoint: 11404 ns, Total: 125137 ns
[2020-02-26T10:30:12.394+0000][1][safepoint    ] Safepoint "Cleanup", Time since last: 1000213655 ns, Reaching safepoint: 89966 ns, At safepoint: 8601 ns, Total: 98567 ns
[2020-02-26T10:30:12.897+0000][1][safepoint    ] Safepoint "RevokeBias", Time since last: 503384993 ns, Reaching safepoint: 68404 ns, At safepoint: 19632 ns, Total: 88036 ns
[2020-02-26T10:30:13.907+0000][1][safepoint    ] Safepoint "Cleanup", Time since last: 1009267196 ns, Reaching safepoint: 71426 ns, At safepoint: 8049 ns, Total: 79475 ns
[2020-02-26T10:30:14.907+0000][1][safepoint    ] Safepoint "Cleanup", Time since last: 1000336912 ns, Reaching safepoint: 79085 ns, At safepoint: 9148 ns, Total: 88233 ns
[2020-02-26T10:30:15.399+0000][1][safepoint    ] Safepoint "RevokeBias", Time since last: 491965546 ns, Reaching safepoint: 72905 ns, At safepoint: 20514 ns, Total: 93419 ns
[2020-02-26T10:30:16.399+0000][1][safepoint    ] Safepoint "Cleanup", Time since last: 1000209164 ns, Reaching safepoint: 77903 ns, At safepoint: 9304 ns, Total: 87207 ns
[2020-02-26T10:30:17.400+0000][1][safepoint    ] Safepoint "Cleanup", Time since last: 1000285627 ns, Reaching safepoint: 77029 ns, At safepoint: 9280 ns, Total: 86309 ns
[2020-02-26T10:30:17.907+0000][1][safepoint    ] Safepoint "RevokeBias", Time since last: 507178447 ns, Reaching safepoint: 65883 ns, At safepoint: 18342 ns, Total: 84225 ns
[2020-02-26T10:30:18.911+0000][1][safepoint    ] Safepoint "Cleanup", Time since last: 1003729544 ns, Reaching safepoint: 78858 ns, At safepoint: 8230 ns, Total: 87088 ns
[2020-02-26T10:30:19.913+0000][1][safepoint    ] Safepoint "Cleanup", Time since last: 1002508715 ns, Reaching safepoint: 75021 ns, At safepoint: 8459 ns, Total: 83480 ns
[2020-02-26T10:30:20.415+0000][1][safepoint    ] Safepoint "RevokeBias", Time since last: 501433583 ns, Reaching safepoint: 69604 ns, At safepoint: 19482 ns, Total: 89086 ns
[2020-02-26T10:30:21.416+0000][1][safepoint    ] Safepoint "Cleanup", Time since last: 1000549192 ns, Reaching safepoint: 137108 ns, At safepoint: 12068 ns, Total: 149176 ns
[2020-02-26T10:30:22.416+0000][1][safepoint    ] Safepoint "Cleanup", Time since last: 1000557713 ns, Reaching safepoint: 76572 ns, At safepoint: 9854 ns, Total: 86426 ns
[2020-02-26T10:30:22.921+0000][1][safepoint    ] Safepoint "RevokeBias", Time since last: 504241553 ns, Reaching safepoint: 78450 ns, At safepoint: 22574 ns, Total: 101024 ns
[2020-02-26T10:30:23.921+0000][1][safepoint    ] Safepoint "Cleanup", Time since last: 1000657519 ns, Reaching safepoint: 105984 ns, At safepoint: 9916 ns, Total: 115900 ns
[2020-02-26T10:30:24.927+0000][1][safepoint    ] Safepoint "Cleanup", Time since last: 1005000776 ns, Reaching safepoint: 215622 ns, At safepoint: 27216 ns, Total: 242838 ns
[2020-02-26T10:30:25.424+0000][1][safepoint    ] Safepoint "RevokeBias", Time since last: 497199780 ns, Reaching safepoint: 69071 ns, At safepoint: 36655 ns, Total: 105726 ns
[2020-02-26T10:30:26.425+0000][1][safepoint    ] Safepoint "Cleanup", Time since last: 1000573757 ns, Reaching safepoint: 77057 ns, At safepoint: 8502 ns, Total: 85559 ns
[2020-02-26T10:30:27.425+0000][1][safepoint    ] Safepoint "Cleanup", Time since last: 1000215287 ns, Reaching safepoint: 78763 ns, At safepoint: 9442 ns, Total: 88205 ns
[2020-02-26T10:30:27.929+0000][1][safepoint    ] Safepoint "RevokeBias", Time since last: 503675392 ns, Reaching safepoint: 196818 ns, At safepoint: 24638 ns, Total: 221456 ns
[2020-02-26T10:30:28.930+0000][1][safepoint    ] Safepoint "Cleanup", Time since last: 1000669746 ns, Reaching safepoint: 77479 ns, At safepoint: 9175 ns, Total: 86654 ns
[2020-02-26T10:30:29.930+0000][1][safepoint    ] Safepoint "Cleanup", Time since last: 1000544990 ns, Reaching safepoint: 97698 ns, At safepoint: 10497 ns, Total: 108195 ns
[2020-02-26T10:30:30.444+0000][1][safepoint    ] Safepoint "RevokeBias", Time since last: 513919936 ns, Reaching safepoint: 69680 ns, At safepoint: 19884 ns, Total: 89564 ns
[2020-02-26T10:30:31.445+0000][1][safepoint    ] Safepoint "Cleanup", Time since last: 1000610361 ns, Reaching safepoint: 84631 ns, At safepoint: 9942 ns, Total: 94573 ns
[2020-02-26T10:30:32.446+0000][1][safepoint    ] Safepoint "Cleanup", Time since last: 1000545158 ns, Reaching safepoint: 71960 ns, At safepoint: 7578 ns, Total: 79538 ns
[2020-02-26T10:30:32.961+0000][1][safepoint    ] Safepoint "RevokeBias", Time since last: 515674344 ns, Reaching safepoint: 69453 ns, At safepoint: 19414 ns, Total: 88867 ns
[2020-02-26T10:30:33.962+0000][1][safepoint    ] Safepoint "Cleanup", Time since last: 1000699940 ns, Reaching safepoint: 74374 ns, At safepoint: 8534 ns, Total: 82908 ns
[2020-02-26T10:30:34.973+0000][1][safepoint    ] Safepoint "Cleanup", Time since last: 1010217936 ns, Reaching safepoint: 188574 ns, At safepoint: 29800 ns, Total: 218374 ns
[2020-02-26T10:30:35.490+0000][1][safepoint    ] Safepoint "RevokeBias", Time since last: 513300015 ns, Reaching safepoint: 4673821 ns, At safepoint: 23900 ns, Total: 4697721 ns
[2020-02-26T10:30:36.491+0000][1][safepoint    ] Safepoint "Cleanup", Time since last: 1000441454 ns, Reaching safepoint: 85524 ns, At safepoint: 10422 ns, Total: 95946 ns
[2020-02-26T10:30:37.492+0000][1][safepoint    ] Safepoint "Cleanup", Time since last: 1000498904 ns, Reaching safepoint: 241849 ns, At safepoint: 26912 ns, Total: 268761 ns
[2020-02-26T10:30:37.998+0000][1][safepoint    ] Safepoint "RevokeBias", Time since last: 505839078 ns, Reaching safepoint: 67933 ns, At safepoint: 19786 ns, Total: 87719 ns
[2020-02-26T10:30:38.999+0000][1][safepoint    ] Safepoint "Cleanup", Time since last: 1000840919 ns, Reaching safepoint: 89373 ns, At safepoint: 10622 ns, Total: 99995 ns
[2020-02-26T10:30:39.999+0000][1][safepoint    ] Safepoint "Cleanup", Time since last: 1000736797 ns, Reaching safepoint: 80209 ns, At safepoint: 9272 ns, Total: 89481 ns
[2020-02-26T10:30:40.509+0000][1][safepoint    ] Safepoint "RevokeBias", Time since last: 509548672 ns, Reaching safepoint: 236047 ns, At safepoint: 23592 ns, Total: 259639 ns
[2020-02-26T10:30:41.510+0000][1][safepoint    ] Safepoint "Cleanup", Time since last: 1000236470 ns, Reaching safepoint: 74313 ns, At safepoint: 8993 ns, Total: 83306 ns
[2020-02-26T10:30:42.510+0000][1][safepoint    ] Safepoint "Cleanup", Time since last: 1000710889 ns, Reaching safepoint: 78298 ns, At safepoint: 8852 ns, Total: 87150 ns
[2020-02-26T10:30:43.019+0000][1][safepoint    ] Safepoint "RevokeBias", Time since last: 508854577 ns, Reaching safepoint: 81071 ns, At safepoint: 23277 ns, Total: 104348 ns
[2020-02-26T10:30:44.020+0000][1][safepoint    ] Safepoint "Cleanup", Time since last: 1000301103 ns, Reaching safepoint: 77323 ns, At safepoint: 9865 ns, Total: 87188 ns
[2020-02-26T10:30:45.020+0000][1][safepoint    ] Safepoint "Cleanup", Time since last: 1000606321 ns, Reaching safepoint: 78325 ns, At safepoint: 9439 ns, Total: 87764 ns
[2020-02-26T10:30:45.523+0000][1][safepoint    ] Safepoint "RevokeBias", Time since last: 501898062 ns, Reaching safepoint: 157651 ns, At safepoint: 39546 ns, Total: 197197 ns
[2020-02-26T10:30:46.523+0000][1][safepoint    ] Safepoint "Cleanup", Time since last: 1000580133 ns, Reaching safepoint: 93293 ns, At safepoint: 8618 ns, Total: 101911 ns
[2020-02-26T10:30:47.524+0000][1][safepoint    ] Safepoint "Cleanup", Time since last: 1000554927 ns, Reaching safepoint: 113989 ns, At safepoint: 13411 ns, Total: 127400 ns
[2020-02-26T10:30:48.028+0000][1][safepoint    ] Safepoint "RevokeBias", Time since last: 503977745 ns, Reaching safepoint: 157705 ns, At safepoint: 23380 ns, Total: 181085 ns
[2020-02-26T10:30:49.028+0000][1][safepoint    ] Safepoint "Cleanup", Time since last: 1000117566 ns, Reaching safepoint: 135478 ns, At safepoint: 9322 ns, Total: 144800 ns
[2020-02-26T10:30:50.029+0000][1][safepoint    ] Safepoint "Cleanup", Time since last: 1000735880 ns, Reaching safepoint: 82813 ns, At safepoint: 9889 ns, Total: 92702 ns
[2020-02-26T10:30:50.531+0000][1][safepoint    ] Safepoint "RevokeBias", Time since last: 501763316 ns, Reaching safepoint: 92743 ns, At safepoint: 36051 ns, Total: 128794 ns
[2020-02-26T10:30:51.538+0000][1][safepoint    ] Safepoint "Cleanup", Time since last: 1007036553 ns, Reaching safepoint: 102115 ns, At safepoint: 9207 ns, Total: 111322 ns
[2020-02-26T10:30:52.539+0000][1][safepoint    ] Safepoint "Cleanup", Time since last: 1000382164 ns, Reaching safepoint: 78785 ns, At safepoint: 10042 ns, Total: 88827 ns
[2020-02-26T10:30:53.036+0000][1][safepoint    ] Safepoint "RevokeBias", Time since last: 497529878 ns, Reaching safepoint: 70141 ns, At safepoint: 20217 ns, Total: 90358 ns
[2020-02-26T10:30:54.037+0000][1][safepoint    ] Safepoint "Cleanup", Time since last: 1000567915 ns, Reaching safepoint: 95274 ns, At safepoint: 9592 ns, Total: 104866 ns
[2020-02-26T10:30:55.541+0000][1][safepoint    ] Safepoint "RevokeBias", Time since last: 1504282787 ns, Reaching safepoint: 72914 ns, At safepoint: 21757 ns, Total: 94671 ns
[2020-02-26T10:30:56.542+0000][1][safepoint    ] Safepoint "Cleanup", Time since last: 1000275214 ns, Reaching safepoint: 75504 ns, At safepoint: 9061 ns, Total: 84565 ns
[2020-02-26T10:30:57.542+0000][1][safepoint    ] Safepoint "Cleanup", Time since last: 1000344279 ns, Reaching safepoint: 128183 ns, At safepoint: 13733 ns, Total: 141916 ns
[2020-02-26T10:30:58.046+0000][1][safepoint    ] Safepoint "RevokeBias", Time since last: 503331295 ns, Reaching safepoint: 156620 ns, At safepoint: 25376 ns, Total: 181996 ns
[2020-02-26T10:30:59.047+0000][1][safepoint    ] Safepoint "Cleanup", Time since last: 1001139930 ns, Reaching safepoint: 75893 ns, At safepoint: 8678 ns, Total: 84571 ns
[2020-02-26T10:31:00.047+0000][1][safepoint    ] Safepoint "Cleanup", Time since last: 1000365611 ns, Reaching safepoint: 74625 ns, At safepoint: 8698 ns, Total: 83323 ns
[2020-02-26T10:31:00.550+0000][1][safepoint    ] Safepoint "RevokeBias", Time since last: 502350578 ns, Reaching safepoint: 52401 ns, At safepoint: 18235 ns, Total: 70636 ns
[2020-02-26T10:31:01.554+0000][1][safepoint    ] Safepoint "Cleanup", Time since last: 1004346770 ns, Reaching safepoint: 196820 ns, At safepoint: 8929 ns, Total: 205749 ns
[2020-02-26T10:31:02.555+0000][1][safepoint    ] Safepoint "Cleanup", Time since last: 1000847232 ns, Reaching safepoint: 79361 ns, At safepoint: 25649 ns, Total: 105010 ns
[2020-02-26T10:31:03.055+0000][1][safepoint    ] Safepoint "RevokeBias", Time since last: 499118998 ns, Reaching safepoint: 103920 ns, At safepoint: 30414 ns, Total: 134334 ns
[2020-02-26T10:31:04.055+0000][1][safepoint    ] Safepoint "Cleanup", Time since last: 1000718156 ns, Reaching safepoint: 128144 ns, At safepoint: 10143 ns, Total: 138287 ns
[2020-02-26T10:31:05.056+0000][1][safepoint    ] Safepoint "Cleanup", Time since last: 1000745752 ns, Reaching safepoint: 99279 ns, At safepoint: 23101 ns, Total: 122380 ns
[2020-02-26T10:31:05.560+0000][1][safepoint    ] Safepoint "RevokeBias", Time since last: 503187613 ns, Reaching safepoint: 69268 ns, At safepoint: 19580 ns, Total: 88848 ns
[2020-02-26T10:31:06.560+0000][1][safepoint    ] Safepoint "Cleanup", Time since last: 1000490285 ns, Reaching safepoint: 77070 ns, At safepoint: 8954 ns, Total: 86024 ns
[2020-02-26T10:31:07.562+0000][1][safepoint    ] Safepoint "Cleanup", Time since last: 1002243266 ns, Reaching safepoint: 75554 ns, At safepoint: 8402 ns, Total: 83956 ns
[2020-02-26T10:31:08.064+0000][1][safepoint    ] Safepoint "RevokeBias", Time since last: 501679178 ns, Reaching safepoint: 69084 ns, At safepoint: 19570 ns, Total: 88654 ns
[2020-02-26T10:31:09.065+0000][1][safepoint    ] Safepoint "Cleanup", Time since last: 1000396549 ns, Reaching safepoint: 93763 ns, At safepoint: 9221 ns, Total: 102984 ns
[2020-02-26T10:31:10.066+0000][1][safepoint    ] Safepoint "Cleanup", Time since last: 1000770153 ns, Reaching safepoint: 90623 ns, At safepoint: 9198 ns, Total: 99821 ns
[2020-02-26T10:31:10.567+0000][1][safepoint    ] Safepoint "BulkRevokeBias", Time since last: 501474113 ns, Reaching safepoint: 92637 ns, At safepoint: 316194 ns, Total: 408831 ns
[2020-02-26T10:31:11.569+0000][1][safepoint    ] Safepoint "Cleanup", Time since last: 1001823609 ns, Reaching safepoint: 75842 ns, At safepoint: 9490 ns, Total: 85332 ns
[2020-02-26T10:31:12.575+0000][1][safepoint    ] Safepoint "Cleanup", Time since last: 1005072252 ns, Reaching safepoint: 74368 ns, At safepoint: 7301 ns, Total: 81669 ns
[2020-02-26T10:31:13.089+0000][1][safepoint    ] Safepoint "RevokeBias", Time since last: 513896738 ns, Reaching safepoint: 192435 ns, At safepoint: 71595 ns, Total: 264030 ns
[2020-02-26T10:31:14.089+0000][1][safepoint    ] Safepoint "Cleanup", Time since last: 1000402811 ns, Reaching safepoint: 79657 ns, At safepoint: 9525 ns, Total: 89182 ns
[2020-02-26T10:31:15.090+0000][1][safepoint    ] Safepoint "Cleanup", Time since last: 1000662432 ns, Reaching safepoint: 77429 ns, At safepoint: 9324 ns, Total: 86753 ns
[2020-02-26T10:31:15.603+0000][1][safepoint    ] Safepoint "RevokeBias", Time since last: 512900885 ns, Reaching safepoint: 67666 ns, At safepoint: 18390 ns, Total: 86056 ns
[2020-02-26T10:31:16.604+0000][1][safepoint    ] Safepoint "Cleanup", Time since last: 1000780346 ns, Reaching safepoint: 78008 ns, At safepoint: 8933 ns, Total: 86941 ns
[2020-02-26T10:31:17.606+0000][1][safepoint    ] Safepoint "Cleanup", Time since last: 1002215337 ns, Reaching safepoint: 117488 ns, At safepoint: 9677 ns, Total: 127165 ns
[2020-02-26T10:31:18.119+0000][1][safepoint    ] Safepoint "RevokeBias", Time since last: 512858868 ns, Reaching safepoint: 67944 ns, At safepoint: 20359 ns, Total: 88303 ns
[2020-02-26T10:31:19.120+0000][1][safepoint    ] Safepoint "Cleanup", Time since last: 1000501687 ns, Reaching safepoint: 114304 ns, At safepoint: 9765 ns, Total: 124069 ns
[2020-02-26T10:31:20.120+0000][1][safepoint    ] Safepoint "Cleanup", Time since last: 1000365241 ns, Reaching safepoint: 93451 ns, At safepoint: 9688 ns, Total: 103139 ns
[2020-02-26T10:31:20.628+0000][1][safepoint    ] Safepoint "RevokeBias", Time since last: 507484504 ns, Reaching safepoint: 52177 ns, At safepoint: 18772 ns, Total: 70949 ns
[2020-02-26T10:31:21.628+0000][1][safepoint    ] Safepoint "Cleanup", Time since last: 1000355419 ns, Reaching safepoint: 111487 ns, At safepoint: 11073 ns, Total: 122560 ns
[2020-02-26T10:31:22.629+0000][1][safepoint    ] Safepoint "Cleanup", Time since last: 1000772307 ns, Reaching safepoint: 78452 ns, At safepoint: 10239 ns, Total: 88691 ns
[2020-02-26T10:31:23.142+0000][1][safepoint    ] Safepoint "RevokeBias", Time since last: 513245995 ns, Reaching safepoint: 50891 ns, At safepoint: 18037 ns, Total: 68928 ns
[2020-02-26T10:31:24.143+0000][1][safepoint    ] Safepoint "Cleanup", Time since last: 1000396601 ns, Reaching safepoint: 94442 ns, At safepoint: 8631 ns, Total: 103073 ns
[2020-02-26T10:31:25.144+0000][1][safepoint    ] Safepoint "Cleanup", Time since last: 1000732275 ns, Reaching safepoint: 91603 ns, At safepoint: 9001 ns, Total: 100604 ns
[2020-02-26T10:31:25.653+0000][1][safepoint    ] Safepoint "RevokeBias", Time since last: 509543070 ns, Reaching safepoint: 107447 ns, At safepoint: 53138 ns, Total: 160585 ns
[2020-02-26T10:31:26.654+0000][1][safepoint    ] Safepoint "Cleanup", Time since last: 1000263596 ns, Reaching safepoint: 94397 ns, At safepoint: 9802 ns, Total: 104199 ns
[2020-02-26T10:31:27.655+0000][1][safepoint    ] Safepoint "Cleanup", Time since last: 1000884638 ns, Reaching safepoint: 99214 ns, At safepoint: 10089 ns, Total: 109303 ns
[2020-02-26T10:31:28.160+0000][1][safepoint    ] Safepoint "RevokeBias", Time since last: 504845610 ns, Reaching safepoint: 98651 ns, At safepoint: 19805 ns, Total: 118456 ns
[2020-02-26T10:31:29.168+0000][1][safepoint    ] Safepoint "Cleanup", Time since last: 1007945701 ns, Reaching safepoint: 109881 ns, At safepoint: 10278 ns, Total: 120159 ns
[2020-02-26T10:31:30.168+0000][1][safepoint    ] Safepoint "Cleanup", Time since last: 1000305608 ns, Reaching safepoint: 111642 ns, At safepoint: 10958 ns, Total: 122600 ns
[2020-02-26T10:31:30.664+0000][1][safepoint    ] Safepoint "RevokeBias", Time since last: 495845381 ns, Reaching safepoint: 52605 ns, At safepoint: 18908 ns, Total: 71513 ns
[2020-02-26T10:31:31.665+0000][1][safepoint    ] Safepoint "Cleanup", Time since last: 1000494012 ns, Reaching safepoint: 101043 ns, At safepoint: 12421 ns, Total: 113464 ns
[2020-02-26T10:31:32.098+0000][1][gc,start     ] GC(82) Pause Young (Allocation Failure)
[2020-02-26T10:31:32.098+0000][1][gc,task      ] GC(82) Using 1 workers of 1 for evacuation
[2020-02-26T10:31:32.110+0000][1][gc,age       ] GC(82) Desired survivor size 4358144 bytes, new threshold 6 (max threshold 6)
[2020-02-26T10:31:32.110+0000][1][gc,age       ] GC(82) Age table with threshold 6 (max threshold 6)
[2020-02-26T10:31:32.110+0000][1][gc,age       ] GC(82) - age   1:      11768 bytes,      11768 total
[2020-02-26T10:31:32.110+0000][1][gc,age       ] GC(82) - age   2:        208 bytes,      11976 total
[2020-02-26T10:31:32.110+0000][1][gc,age       ] GC(82) - age   3:        312 bytes,      12288 total
[2020-02-26T10:31:32.110+0000][1][gc,age       ] GC(82) - age   4:        376 bytes,      12664 total
[2020-02-26T10:31:32.110+0000][1][gc,age       ] GC(82) - age   5:        424 bytes,      13088 total
[2020-02-26T10:31:32.110+0000][1][gc,age       ] GC(82) - age   6:        856 bytes,      13944 total
[2020-02-26T10:31:32.110+0000][1][gc,heap      ] GC(82) ParNew: 68176K->24K(76672K)
[2020-02-26T10:31:32.110+0000][1][gc,heap      ] GC(82) CMS: 62664K->62665K(963392K)
[2020-02-26T10:31:32.110+0000][1][gc,metaspace ] GC(82) Metaspace: 79887K->79887K(1122304K)
[2020-02-26T10:31:32.110+0000][1][gc           ] GC(82) Pause Young (Allocation Failure) 127M->61M(1015M) 12.245ms
[2020-02-26T10:31:32.110+0000][1][gc,cpu       ] GC(82) User=0.01s Sys=0.00s Real=0.01s
[2020-02-26T10:31:32.110+0000][1][safepoint    ] Safepoint "GenCollectForAllocation", Time since last: 432934494 ns, Reaching safepoint: 70702 ns, At safepoint: 12305276 ns, Total: 12375978 ns
[2020-02-26T10:31:33.111+0000][1][safepoint    ] Safepoint "Cleanup", Time since last: 1000883441 ns, Reaching safepoint: 72396 ns, At safepoint: 8107 ns, Total: 80503 ns
[2020-02-26T10:31:33.172+0000][1][safepoint    ] Safepoint "RevokeBias", Time since last: 60415709 ns, Reaching safepoint: 73313 ns, At safepoint: 21145 ns, Total: 94458 ns
[2020-02-26T10:31:34.176+0000][1][safepoint    ] Safepoint "Cleanup", Time since last: 1004091074 ns, Reaching safepoint: 87340 ns, At safepoint: 7833 ns, Total: 95173 ns
[2020-02-26T10:31:35.176+0000][1][safepoint    ] Safepoint "Cleanup", Time since last: 1000527145 ns, Reaching safepoint: 74029 ns, At safepoint: 7870 ns, Total: 81899 ns
[2020-02-26T10:31:35.677+0000][1][safepoint    ] Safepoint "RevokeBias", Time since last: 500894019 ns, Reaching safepoint: 103514 ns, At safepoint: 52706 ns, Total: 156220 ns
[2020-02-26T10:31:36.678+0000][1][safepoint    ] Safepoint "Cleanup", Time since last: 1000884233 ns, Reaching safepoint: 118260 ns, At safepoint: 25497 ns, Total: 143757 ns
[2020-02-26T10:31:37.679+0000][1][safepoint    ] Safepoint "Cleanup", Time since last: 1000677132 ns, Reaching safepoint: 72513 ns, At safepoint: 7667 ns, Total: 80180 ns
[2020-02-26T10:31:38.182+0000][1][safepoint    ] Safepoint "RevokeBias", Time since last: 502927182 ns, Reaching safepoint: 261747 ns, At safepoint: 57138 ns, Total: 318885 ns
[2020-02-26T10:31:39.185+0000][1][safepoint    ] Safepoint "Cleanup", Time since last: 1002177767 ns, Reaching safepoint: 77496 ns, At safepoint: 9168 ns, Total: 86664 ns
[2020-02-26T10:31:40.185+0000][1][safepoint    ] Safepoint "Cleanup", Time since last: 1000662280 ns, Reaching safepoint: 93493 ns, At safepoint: 9142 ns, Total: 102635 ns
[2020-02-26T10:31:40.686+0000][1][safepoint    ] Safepoint "RevokeBias", Time since last: 499989737 ns, Reaching safepoint: 90378 ns, At safepoint: 36929 ns, Total: 127307 ns
[2020-02-26T10:31:41.686+0000][1][safepoint    ] Safepoint "Cleanup", Time since last: 1000505774 ns, Reaching safepoint: 76882 ns, At safepoint: 9247 ns, Total: 86129 ns
[2020-02-26T10:31:42.687+0000][1][safepoint    ] Safepoint "Cleanup", Time since last: 1000822658 ns, Reaching safepoint: 82503 ns, At safepoint: 10413 ns, Total: 92916 ns
[2020-02-26T10:31:43.194+0000][1][safepoint    ] Safepoint "RevokeBias", Time since last: 506617907 ns, Reaching safepoint: 153722 ns, At safepoint: 92303 ns, Total: 246025 ns
[2020-02-26T10:31:44.194+0000][1][safepoint    ] Safepoint "Cleanup", Time since last: 1000308436 ns, Reaching safepoint: 92380 ns, At safepoint: 8784 ns, Total: 101164 ns
[2020-02-26T10:31:45.195+0000][1][safepoint    ] Safepoint "Cleanup", Time since last: 1000819531 ns, Reaching safepoint: 61820 ns, At safepoint: 9534 ns, Total: 71354 ns
[2020-02-26T10:31:45.697+0000][1][safepoint    ] Safepoint "RevokeBias", Time since last: 501871678 ns, Reaching safepoint: 75605 ns, At safepoint: 20822 ns, Total: 96427 ns
[2020-02-26T10:31:46.698+0000][1][safepoint    ] Safepoint "Cleanup", Time since last: 1000237445 ns, Reaching safepoint: 89483 ns, At safepoint: 9953 ns, Total: 99436 ns
[2020-02-26T10:31:47.698+0000][1][safepoint    ] Safepoint "Cleanup", Time since last: 1000421532 ns, Reaching safepoint: 76011 ns, At safepoint: 10104 ns, Total: 86115 ns
[2020-02-26T10:31:48.199+0000][1][safepoint    ] Safepoint "RevokeBias", Time since last: 500996478 ns, Reaching safepoint: 68346 ns, At safepoint: 19208 ns, Total: 87554 ns
[2020-02-26T10:31:49.353+0000][1][safepoint    ] Safepoint "Cleanup", Time since last: 1153475865 ns, Reaching safepoint: 101426 ns, At safepoint: 9552 ns, Total: 110978 ns
[2020-02-26T10:31:50.355+0000][1][safepoint    ] Safepoint "Cleanup", Time since last: 1002180122 ns, Reaching safepoint: 59325 ns, At safepoint: 8692 ns, Total: 68017 ns
[2020-02-26T10:31:50.703+0000][1][safepoint    ] Safepoint "RevokeBias", Time since last: 347689398 ns, Reaching safepoint: 68223 ns, At safepoint: 34808 ns, Total: 103031 ns
[2020-02-26T10:31:51.704+0000][1][safepoint    ] Safepoint "Cleanup", Time since last: 1000808304 ns, Reaching safepoint: 76342 ns, At safepoint: 9260 ns, Total: 85602 ns
[2020-02-26T10:31:52.704+0000][1][safepoint    ] Safepoint "Cleanup", Time since last: 1000142246 ns, Reaching safepoint: 78844 ns, At safepoint: 9250 ns, Total: 88094 ns
[2020-02-26T10:31:53.207+0000][1][safepoint    ] Safepoint "RevokeBias", Time since last: 503441846 ns, Reaching safepoint: 87794 ns, At safepoint: 20370 ns, Total: 108164 ns
[2020-02-26T10:31:54.208+0000][1][safepoint    ] Safepoint "Cleanup", Time since last: 1000157604 ns, Reaching safepoint: 127905 ns, At safepoint: 9101 ns, Total: 137006 ns
[2020-02-26T10:31:55.210+0000][1][safepoint    ] Safepoint "Cleanup", Time since last: 1001661208 ns, Reaching safepoint: 74432 ns, At safepoint: 8628 ns, Total: 83060 ns
[2020-02-26T10:31:55.723+0000][1][safepoint    ] Safepoint "RevokeBias", Time since last: 513354531 ns, Reaching safepoint: 174171 ns, At safepoint: 59488 ns, Total: 233659 ns
[2020-02-26T10:31:56.724+0000][1][safepoint    ] Safepoint "Cleanup", Time since last: 1000968614 ns, Reaching safepoint: 77296 ns, At safepoint: 9373 ns, Total: 86669 ns
[2020-02-26T10:31:57.725+0000][1][safepoint    ] Safepoint "Cleanup", Time since last: 1000920784 ns, Reaching safepoint: 97185 ns, At safepoint: 9797 ns, Total: 106982 ns
[2020-02-26T10:31:58.233+0000][1][safepoint    ] Safepoint "RevokeBias", Time since last: 508041240 ns, Reaching safepoint: 68325 ns, At safepoint: 19359 ns, Total: 87684 ns
[2020-02-26T10:31:59.234+0000][1][safepoint    ] Safepoint "Cleanup", Time since last: 1000544505 ns, Reaching safepoint: 76864 ns, At safepoint: 8929 ns, Total: 85793 ns
[2020-02-26T10:32:00.235+0000][1][safepoint    ] Safepoint "Cleanup", Time since last: 1000643657 ns, Reaching safepoint: 75939 ns, At safepoint: 9689 ns, Total: 85628 ns
[2020-02-26T10:32:00.743+0000][1][safepoint    ] Safepoint "RevokeBias", Time since last: 508555401 ns, Reaching safepoint: 72620 ns, At safepoint: 19856 ns, Total: 92476 ns
[2020-02-26T10:32:01.744+0000][1][safepoint    ] Safepoint "Cleanup", Time since last: 1000749070 ns, Reaching safepoint: 79934 ns, At safepoint: 9129 ns, Total: 89063 ns
[2020-02-26T10:32:02.745+0000][1][safepoint    ] Safepoint "Cleanup", Time since last: 1000770919 ns, Reaching safepoint: 120313 ns, At safepoint: 9121 ns, Total: 129434 ns
[2020-02-26T10:32:03.259+0000][1][safepoint    ] Safepoint "RevokeBias", Time since last: 513500446 ns, Reaching safepoint: 71959 ns, At safepoint: 20654 ns, Total: 92613 ns
[2020-02-26T10:32:04.259+0000][1][safepoint    ] Safepoint "Cleanup", Time since last: 1000688559 ns, Reaching safepoint: 97828 ns, At safepoint: 9752 ns, Total: 107580 ns
[2020-02-26T10:32:05.260+0000][1][safepoint    ] Safepoint "Cleanup", Time since last: 1000436757 ns, Reaching safepoint: 96218 ns, At safepoint: 9886 ns, Total: 106104 ns
[2020-02-26T10:32:05.768+0000][1][safepoint    ] Safepoint "RevokeBias", Time since last: 507672868 ns, Reaching safepoint: 71108 ns, At safepoint: 51075 ns, Total: 122183 ns
[2020-02-26T10:32:06.768+0000][1][safepoint    ] Safepoint "Cleanup", Time since last: 1000116969 ns, Reaching safepoint: 90192 ns, At safepoint: 9829 ns, Total: 100021 ns
[2020-02-26T10:32:07.768+0000][1][safepoint    ] Safepoint "Cleanup", Time since last: 1000136311 ns, Reaching safepoint: 97018 ns, At safepoint: 9619 ns, Total: 106637 ns
[2020-02-26T10:32:08.283+0000][1][safepoint    ] Safepoint "RevokeBias", Time since last: 514359260 ns, Reaching safepoint: 50378 ns, At safepoint: 18329 ns, Total: 68707 ns
[2020-02-26T10:32:09.283+0000][1][safepoint    ] Safepoint "Cleanup", Time since last: 1000314762 ns, Reaching safepoint: 95388 ns, At safepoint: 9782 ns, Total: 105170 ns
[2020-02-26T10:32:10.284+0000][1][safepoint    ] Safepoint "Cleanup", Time since last: 1000689584 ns, Reaching safepoint: 153298 ns, At safepoint: 30887 ns, Total: 184185 ns
[2020-02-26T10:32:10.786+0000][1][safepoint    ] Safepoint "RevokeBias", Time since last: 501635496 ns, Reaching safepoint: 131500 ns, At safepoint: 54685 ns, Total: 186185 ns
[2020-02-26T10:32:11.787+0000][1][safepoint    ] Safepoint "Cleanup", Time since last: 1001191977 ns, Reaching safepoint: 61723 ns, At safepoint: 8230 ns, Total: 69953 ns
[2020-02-26T10:32:12.787+0000][1][safepoint    ] Safepoint "Cleanup", Time since last: 1000142887 ns, Reaching safepoint: 76087 ns, At safepoint: 8694 ns, Total: 84781 ns
[2020-02-26T10:32:13.292+0000][1][safepoint    ] Safepoint "RevokeBias", Time since last: 504338637 ns, Reaching safepoint: 80556 ns, At safepoint: 22418 ns, Total: 102974 ns
[2020-02-26T10:32:14.293+0000][1][safepoint    ] Safepoint "Cleanup", Time since last: 1000696388 ns, Reaching safepoint: 92987 ns, At safepoint: 8729 ns, Total: 101716 ns
[2020-02-26T10:32:15.293+0000][1][safepoint    ] Safepoint "Cleanup", Time since last: 1000651297 ns, Reaching safepoint: 80347 ns, At safepoint: 9602 ns, Total: 89949 ns
[2020-02-26T10:32:15.795+0000][1][safepoint    ] Safepoint "RevokeBias", Time since last: 501672181 ns, Reaching safepoint: 81888 ns, At safepoint: 22014 ns, Total: 103902 ns
[2020-02-26T10:32:16.803+0000][1][safepoint    ] Safepoint "Cleanup", Time since last: 1007484702 ns, Reaching safepoint: 124690 ns, At safepoint: 8543 ns, Total: 133233 ns
[2020-02-26T10:32:17.803+0000][1][safepoint    ] Safepoint "Cleanup", Time since last: 1000682561 ns, Reaching safepoint: 85249 ns, At safepoint: 10391 ns, Total: 95640 ns
[2020-02-26T10:32:18.302+0000][1][safepoint    ] Safepoint "RevokeBias", Time since last: 498132569 ns, Reaching safepoint: 91466 ns, At safepoint: 24788 ns, Total: 116254 ns
[2020-02-26T10:32:19.302+0000][1][safepoint    ] Safepoint "Cleanup", Time since last: 1000476220 ns, Reaching safepoint: 71615 ns, At safepoint: 7686 ns, Total: 79301 ns
[2020-02-26T10:32:20.302+0000][1][safepoint    ] Safepoint "Cleanup", Time since last: 1000161152 ns, Reaching safepoint: 77594 ns, At safepoint: 7797 ns, Total: 85391 ns
[2020-02-26T10:32:20.806+0000][1][safepoint    ] Safepoint "RevokeBias", Time since last: 503420951 ns, Reaching safepoint: 253968 ns, At safepoint: 48459 ns, Total: 302427 ns
[2020-02-26T10:32:21.816+0000][1][safepoint    ] Safepoint "Cleanup", Time since last: 1010056235 ns, Reaching safepoint: 97244 ns, At safepoint: 27499 ns, Total: 124743 ns
[2020-02-26T10:32:22.817+0000][1][safepoint    ] Safepoint "Cleanup", Time since last: 1000301678 ns, Reaching safepoint: 135516 ns, At safepoint: 9750 ns, Total: 145266 ns
[2020-02-26T10:32:23.313+0000][1][safepoint    ] Safepoint "BulkRevokeBias", Time since last: 496211975 ns, Reaching safepoint: 175410 ns, At safepoint: 218379 ns, Total: 393789 ns
[2020-02-26T10:32:24.314+0000][1][safepoint    ] Safepoint "Cleanup", Time since last: 1000780209 ns, Reaching safepoint: 74354 ns, At safepoint: 8302 ns, Total: 82656 ns
[2020-02-26T10:32:25.315+0000][1][safepoint    ] Safepoint "Cleanup", Time since last: 1000764352 ns, Reaching safepoint: 178055 ns, At safepoint: 29328 ns, Total: 207383 ns
[2020-02-26T10:32:25.818+0000][1][safepoint    ] Safepoint "RevokeBias", Time since last: 502505415 ns, Reaching safepoint: 140482 ns, At safepoint: 25450 ns, Total: 165932 ns
[2020-02-26T10:32:26.818+0000][1][safepoint    ] Safepoint "Cleanup", Time since last: 1000214074 ns, Reaching safepoint: 73161 ns, At safepoint: 8764 ns, Total: 81925 ns
[2020-02-26T10:32:27.823+0000][1][safepoint    ] Safepoint "Cleanup", Time since last: 1005106688 ns, Reaching safepoint: 107219 ns, At safepoint: 14509 ns, Total: 121728 ns
[2020-02-26T10:32:28.324+0000][1][safepoint    ] Safepoint "RevokeBias", Time since last: 500016284 ns, Reaching safepoint: 76034 ns, At safepoint: 21154 ns, Total: 97188 ns
[2020-02-26T10:32:29.324+0000][1][safepoint    ] Safepoint "Cleanup", Time since last: 1000697478 ns, Reaching safepoint: 78007 ns, At safepoint: 9156 ns, Total: 87163 ns
[2020-02-26T10:32:30.325+0000][1][safepoint    ] Safepoint "Cleanup", Time since last: 1000125959 ns, Reaching safepoint: 74493 ns, At safepoint: 8753 ns, Total: 83246 ns
[2020-02-26T10:32:30.826+0000][1][safepoint    ] Safepoint "RevokeBias", Time since last: 501135399 ns, Reaching safepoint: 70019 ns, At safepoint: 19422 ns, Total: 89441 ns
[2020-02-26T10:32:31.826+0000][1][safepoint    ] Safepoint "Cleanup", Time since last: 1000380444 ns, Reaching safepoint: 81180 ns, At safepoint: 9257 ns, Total: 90437 ns
[2020-02-26T10:32:32.831+0000][1][safepoint    ] Safepoint "Cleanup", Time since last: 1005021902 ns, Reaching safepoint: 120456 ns, At safepoint: 13626 ns, Total: 134082 ns
[2020-02-26T10:32:33.338+0000][1][safepoint    ] Safepoint "RevokeBias", Time since last: 506387388 ns, Reaching safepoint: 74777 ns, At safepoint: 21197 ns, Total: 95974 ns
[2020-02-26T10:32:34.339+0000][1][safepoint    ] Safepoint "Cleanup", Time since last: 1000793473 ns, Reaching safepoint: 118103 ns, At safepoint: 10114 ns, Total: 128217 ns
[2020-02-26T10:32:35.339+0000][1][safepoint    ] Safepoint "Cleanup", Time since last: 1000282852 ns, Reaching safepoint: 97893 ns, At safepoint: 11700 ns, Total: 109593 ns
[2020-02-26T10:32:35.848+0000][1][safepoint    ] Safepoint "RevokeBias", Time since last: 508685836 ns, Reaching safepoint: 247710 ns, At safepoint: 103214 ns, Total: 350924 ns
[2020-02-26T10:32:36.849+0000][1][safepoint    ] Safepoint "Cleanup", Time since last: 1000257603 ns, Reaching safepoint: 119253 ns, At safepoint: 13332 ns, Total: 132585 ns
[2020-02-26T10:32:37.857+0000][1][safepoint    ] Safepoint "Cleanup", Time since last: 1007898685 ns, Reaching safepoint: 72326 ns, At safepoint: 10164 ns, Total: 82490 ns
[2020-02-26T10:32:38.360+0000][1][safepoint    ] Safepoint "RevokeBias", Time since last: 503500237 ns, Reaching safepoint: 104635 ns, At safepoint: 31450 ns, Total: 136085 ns
[2020-02-26T10:32:39.375+0000][1][safepoint    ] Safepoint "Cleanup", Time since last: 1014390325 ns, Reaching safepoint: 129619 ns, At safepoint: 16293 ns, Total: 145912 ns
[2020-02-26T10:32:40.376+0000][1][safepoint    ] Safepoint "Cleanup", Time since last: 1000712385 ns, Reaching safepoint: 162526 ns, At safepoint: 18076 ns, Total: 180602 ns
[2020-02-26T10:32:40.870+0000][1][safepoint    ] Safepoint "RevokeBias", Time since last: 493701222 ns, Reaching safepoint: 96893 ns, At safepoint: 28120 ns, Total: 125013 ns
[2020-02-26T10:32:41.870+0000][1][safepoint    ] Safepoint "Cleanup", Time since last: 1000497148 ns, Reaching safepoint: 80040 ns, At safepoint: 9278 ns, Total: 89318 ns
[2020-02-26T10:32:42.990+0000][1][safepoint    ] Safepoint "Cleanup", Time since last: 1120122808 ns, Reaching safepoint: 86510 ns, At safepoint: 10078 ns, Total: 96588 ns
[2020-02-26T10:32:43.377+0000][1][safepoint    ] Safepoint "RevokeBias", Time since last: 386032209 ns, Reaching safepoint: 71898 ns, At safepoint: 123994 ns, Total: 195892 ns
[2020-02-26T10:32:44.382+0000][1][safepoint    ] Safepoint "Cleanup", Time since last: 1005293498 ns, Reaching safepoint: 84110 ns, At safepoint: 53332 ns, Total: 137442 ns
[2020-02-26T10:32:45.383+0000][1][safepoint    ] Safepoint "Cleanup", Time since last: 1000412513 ns, Reaching safepoint: 97206 ns, At safepoint: 25492 ns, Total: 122698 ns
[2020-02-26T10:32:45.881+0000][1][safepoint    ] Safepoint "RevokeBias", Time since last: 498521556 ns, Reaching safepoint: 72950 ns, At safepoint: 21072 ns, Total: 94022 ns
[2020-02-26T10:32:46.882+0000][1][safepoint    ] Safepoint "Cleanup", Time since last: 1000681573 ns, Reaching safepoint: 99083 ns, At safepoint: 14584 ns, Total: 113667 ns
[2020-02-26T10:32:47.882+0000][1][safepoint    ] Safepoint "Cleanup", Time since last: 1000288297 ns, Reaching safepoint: 100497 ns, At safepoint: 13081 ns, Total: 113578 ns
[2020-02-26T10:32:48.399+0000][1][safepoint    ] Safepoint "RevokeBias", Time since last: 515552189 ns, Reaching safepoint: 1191417 ns, At safepoint: 27058 ns, Total: 1218475 ns
[2020-02-26T10:32:49.402+0000][1][safepoint    ] Safepoint "Cleanup", Time since last: 1002999476 ns, Reaching safepoint: 94675 ns, At safepoint: 11979 ns, Total: 106654 ns
[2020-02-26T10:32:50.403+0000][1][safepoint    ] Safepoint "Cleanup", Time since last: 1001156978 ns, Reaching safepoint: 100944 ns, At safepoint: 12604 ns, Total: 113548 ns
[2020-02-26T10:32:50.903+0000][1][safepoint    ] Safepoint "RevokeBias", Time since last: 498999207 ns, Reaching safepoint: 94572 ns, At safepoint: 27710 ns, Total: 122282 ns
[2020-02-26T10:32:52.797+0000][1][safepoint    ] Safepoint "Cleanup", Time since last: 1894453285 ns, Reaching safepoint: 98141 ns, At safepoint: 11659 ns, Total: 109800 ns
[2020-02-26T10:32:53.408+0000][1][safepoint    ] Safepoint "RevokeBias", Time since last: 610653538 ns, Reaching safepoint: 74909 ns, At safepoint: 21186 ns, Total: 96095 ns
[2020-02-26T10:32:54.408+0000][1][safepoint    ] Safepoint "Cleanup", Time since last: 1000229286 ns, Reaching safepoint: 95907 ns, At safepoint: 10135 ns, Total: 106042 ns
[2020-02-26T10:32:55.409+0000][1][safepoint    ] Safepoint "Cleanup", Time since last: 1000868025 ns, Reaching safepoint: 79298 ns, At safepoint: 8155 ns, Total: 87453 ns
[2020-02-26T10:32:55.915+0000][1][safepoint    ] Safepoint "RevokeBias", Time since last: 505314753 ns, Reaching safepoint: 68271 ns, At safepoint: 19417 ns, Total: 87688 ns
[2020-02-26T10:32:56.915+0000][1][safepoint    ] Safepoint "Cleanup", Time since last: 1000498806 ns, Reaching safepoint: 98143 ns, At safepoint: 55684 ns, Total: 153827 ns
[2020-02-26T10:32:57.916+0000][1][safepoint    ] Safepoint "Cleanup", Time since last: 1000253668 ns, Reaching safepoint: 124958 ns, At safepoint: 15695 ns, Total: 140653 ns
[2020-02-26T10:32:58.427+0000][1][safepoint    ] Safepoint "RevokeBias", Time since last: 511466314 ns, Reaching safepoint: 174729 ns, At safepoint: 32952 ns, Total: 207681 ns
[2020-02-26T10:32:59.428+0000][1][safepoint    ] Safepoint "Cleanup", Time since last: 1000595371 ns, Reaching safepoint: 84485 ns, At safepoint: 10563 ns, Total: 95048 ns
[2020-02-26T10:33:00.430+0000][1][safepoint    ] Safepoint "Cleanup", Time since last: 1001746418 ns, Reaching safepoint: 77100 ns, At safepoint: 8288 ns, Total: 85388 ns
[2020-02-26T10:33:00.941+0000][1][safepoint    ] Safepoint "RevokeBias", Time since last: 510955097 ns, Reaching safepoint: 76051 ns, At safepoint: 21091 ns, Total: 97142 ns
[2020-02-26T10:33:01.942+0000][1][safepoint    ] Safepoint "Cleanup", Time since last: 1000824880 ns, Reaching safepoint: 130792 ns, At safepoint: 17925 ns, Total: 148717 ns
[2020-02-26T10:33:02.942+0000][1][safepoint    ] Safepoint "Cleanup", Time since last: 1000461132 ns, Reaching safepoint: 83774 ns, At safepoint: 9901 ns, Total: 93675 ns
[2020-02-26T10:33:03.453+0000][1][safepoint    ] Safepoint "RevokeBias", Time since last: 510054083 ns, Reaching safepoint: 67864 ns, At safepoint: 19630 ns, Total: 87494 ns
[2020-02-26T10:33:04.453+0000][1][safepoint    ] Safepoint "Cleanup", Time since last: 1000650920 ns, Reaching safepoint: 96901 ns, At safepoint: 9926 ns, Total: 106827 ns
[2020-02-26T10:33:05.454+0000][1][safepoint    ] Safepoint "Cleanup", Time since last: 1000231664 ns, Reaching safepoint: 77707 ns, At safepoint: 9521 ns, Total: 87228 ns
[2020-02-26T10:33:05.963+0000][1][safepoint    ] Safepoint "RevokeBias", Time since last: 509002274 ns, Reaching safepoint: 67368 ns, At safepoint: 34418 ns, Total: 101786 ns
[2020-02-26T10:33:06.963+0000][1][safepoint    ] Safepoint "Cleanup", Time since last: 1000335085 ns, Reaching safepoint: 100287 ns, At safepoint: 12867 ns, Total: 113154 ns
[2020-02-26T10:33:07.964+0000][1][safepoint    ] Safepoint "Cleanup", Time since last: 1000823109 ns, Reaching safepoint: 80316 ns, At safepoint: 10053 ns, Total: 90369 ns
[2020-02-26T10:33:08.472+0000][1][safepoint    ] Safepoint "RevokeBias", Time since last: 507914430 ns, Reaching safepoint: 77926 ns, At safepoint: 21736 ns, Total: 99662 ns
[2020-02-26T10:33:09.473+0000][1][safepoint    ] Safepoint "Cleanup", Time since last: 1000636528 ns, Reaching safepoint: 81650 ns, At safepoint: 53935 ns, Total: 135585 ns
[2020-02-26T10:33:10.474+0000][1][safepoint    ] Safepoint "Cleanup", Time since last: 1000529694 ns, Reaching safepoint: 146155 ns, At safepoint: 12721 ns, Total: 158876 ns
[2020-02-26T10:33:10.976+0000][1][safepoint    ] Safepoint "RevokeBias", Time since last: 502394584 ns, Reaching safepoint: 102113 ns, At safepoint: 24805 ns, Total: 126918 ns
[2020-02-26T10:33:11.980+0000][1][safepoint    ] Safepoint "Cleanup", Time since last: 1003931726 ns, Reaching safepoint: 76326 ns, At safepoint: 8675 ns, Total: 85001 ns
[2020-02-26T10:33:12.981+0000][1][safepoint    ] Safepoint "Cleanup", Time since last: 1000664955 ns, Reaching safepoint: 101395 ns, At safepoint: 10291 ns, Total: 111686 ns
[2020-02-26T10:33:13.482+0000][1][safepoint    ] Safepoint "RevokeBias", Time since last: 501444428 ns, Reaching safepoint: 69594 ns, At safepoint: 19202 ns, Total: 88796 ns
[2020-02-26T10:33:14.483+0000][1][safepoint    ] Safepoint "Cleanup", Time since last: 1000492304 ns, Reaching safepoint: 97665 ns, At safepoint: 10476 ns, Total: 108141 ns
[2020-02-26T10:33:15.483+0000][1][safepoint    ] Safepoint "Cleanup", Time since last: 1000118171 ns, Reaching safepoint: 83777 ns, At safepoint: 10504 ns, Total: 94281 ns
[2020-02-26T10:33:15.986+0000][1][safepoint    ] Safepoint "RevokeBias", Time since last: 503012004 ns, Reaching safepoint: 69898 ns, At safepoint: 36040 ns, Total: 105938 ns
[2020-02-26T10:33:16.989+0000][1][safepoint    ] Safepoint "Cleanup", Time since last: 1001995005 ns, Reaching safepoint: 179677 ns, At safepoint: 14151 ns, Total: 193828 ns
[2020-02-26T10:33:17.990+0000][1][safepoint    ] Safepoint "Cleanup", Time since last: 1000940616 ns, Reaching safepoint: 90819 ns, At safepoint: 9746 ns, Total: 100565 ns
[2020-02-26T10:33:18.493+0000][1][safepoint    ] Safepoint "RevokeBias", Time since last: 502890312 ns, Reaching safepoint: 67821 ns, At safepoint: 19737 ns, Total: 87558 ns
[2020-02-26T10:33:19.494+0000][1][safepoint    ] Safepoint "Cleanup", Time since last: 1000837767 ns, Reaching safepoint: 80679 ns, At safepoint: 14085 ns, Total: 94764 ns
[2020-02-26T10:33:20.494+0000][1][safepoint    ] Safepoint "Cleanup", Time since last: 1000211726 ns, Reaching safepoint: 80065 ns, At safepoint: 10593 ns, Total: 90658 ns
[2020-02-26T10:33:20.998+0000][1][safepoint    ] Safepoint "RevokeBias", Time since last: 504331845 ns, Reaching safepoint: 71350 ns, At safepoint: 19444 ns, Total: 90794 ns
[2020-02-26T10:33:22.003+0000][1][safepoint    ] Safepoint "Cleanup", Time since last: 1004424705 ns, Reaching safepoint: 118845 ns, At safepoint: 15082 ns, Total: 133927 ns
[2020-02-26T10:33:23.003+0000][1][safepoint    ] Safepoint "Cleanup", Time since last: 1000331724 ns, Reaching safepoint: 145306 ns, At safepoint: 31971 ns, Total: 177277 ns
[2020-02-26T10:33:23.505+0000][1][safepoint    ] Safepoint "RevokeBias", Time since last: 501929660 ns, Reaching safepoint: 110072 ns, At safepoint: 30964 ns, Total: 141036 ns
[2020-02-26T10:33:24.506+0000][1][safepoint    ] Safepoint "Cleanup", Time since last: 1000682290 ns, Reaching safepoint: 112557 ns, At safepoint: 10076 ns, Total: 122633 ns
[2020-02-26T10:33:25.507+0000][1][safepoint    ] Safepoint "Cleanup", Time since last: 1001086247 ns, Reaching safepoint: 80223 ns, At safepoint: 10536 ns, Total: 90759 ns
[2020-02-26T10:33:26.010+0000][1][safepoint    ] Safepoint "RevokeBias", Time since last: 502355302 ns, Reaching safepoint: 70070 ns, At safepoint: 20151 ns, Total: 90221 ns
[2020-02-26T10:33:27.010+0000][1][safepoint    ] Safepoint "Cleanup", Time since last: 1000460572 ns, Reaching safepoint: 82158 ns, At safepoint: 9058 ns, Total: 91216 ns
[2020-02-26T10:33:28.014+0000][1][safepoint    ] Safepoint "Cleanup", Time since last: 1003099457 ns, Reaching safepoint: 78260 ns, At safepoint: 8740 ns, Total: 87000 ns
[2020-02-26T10:33:28.518+0000][1][safepoint    ] Safepoint "RevokeBias", Time since last: 504207954 ns, Reaching safepoint: 177637 ns, At safepoint: 23795 ns, Total: 201432 ns
[2020-02-26T10:33:29.518+0000][1][safepoint    ] Safepoint "Cleanup", Time since last: 1000350353 ns, Reaching safepoint: 80438 ns, At safepoint: 10833 ns, Total: 91271 ns
[2020-02-26T10:33:30.519+0000][1][safepoint    ] Safepoint "Cleanup", Time since last: 1000446560 ns, Reaching safepoint: 233671 ns, At safepoint: 11349 ns, Total: 245020 ns
[2020-02-26T10:33:31.020+0000][1][safepoint    ] Safepoint "RevokeBias", Time since last: 501120722 ns, Reaching safepoint: 83025 ns, At safepoint: 21056 ns, Total: 104081 ns
[2020-02-26T10:33:32.021+0000][1][safepoint    ] Safepoint "Cleanup", Time since last: 1000192981 ns, Reaching safepoint: 82354 ns, At safepoint: 12242 ns, Total: 94596 ns
[2020-02-26T10:33:33.022+0000][1][safepoint    ] Safepoint "Cleanup", Time since last: 1000939226 ns, Reaching safepoint: 104275 ns, At safepoint: 8688 ns, Total: 112963 ns
[2020-02-26T10:33:33.526+0000][1][safepoint    ] Safepoint "RevokeBias", Time since last: 504145790 ns, Reaching safepoint: 71731 ns, At safepoint: 20391 ns, Total: 92122 ns
[2020-02-26T10:33:34.527+0000][1][safepoint    ] Safepoint "Cleanup", Time since last: 1000576395 ns, Reaching safepoint: 80612 ns, At safepoint: 9780 ns, Total: 90392 ns
[2020-02-26T10:33:35.527+0000][1][safepoint    ] Safepoint "Cleanup", Time since last: 1000379669 ns, Reaching safepoint: 80192 ns, At safepoint: 9767 ns, Total: 89959 ns
[2020-02-26T10:33:36.030+0000][1][safepoint    ] Safepoint "BulkRevokeBias", Time since last: 503189630 ns, Reaching safepoint: 71723 ns, At safepoint: 182693 ns, Total: 254416 ns
[2020-02-26T10:33:37.031+0000][1][safepoint    ] Safepoint "Cleanup", Time since last: 1000883013 ns, Reaching safepoint: 77352 ns, At safepoint: 10276 ns, Total: 87628 ns
[2020-02-26T10:33:38.037+0000][1][safepoint    ] Safepoint "Cleanup", Time since last: 1005414132 ns, Reaching safepoint: 75992 ns, At safepoint: 8763 ns, Total: 84755 ns
[2020-02-26T10:33:38.543+0000][1][safepoint    ] Safepoint "RevokeBias", Time since last: 505636411 ns, Reaching safepoint: 69481 ns, At safepoint: 20072 ns, Total: 89553 ns
[2020-02-26T10:33:39.543+0000][1][safepoint    ] Safepoint "Cleanup", Time since last: 1000214614 ns, Reaching safepoint: 79022 ns, At safepoint: 9275 ns, Total: 88297 ns
[2020-02-26T10:33:40.544+0000][1][safepoint    ] Safepoint "Cleanup", Time since last: 1000732912 ns, Reaching safepoint: 87491 ns, At safepoint: 11606 ns, Total: 99097 ns
[2020-02-26T10:33:41.051+0000][1][safepoint    ] Safepoint "RevokeBias", Time since last: 507262212 ns, Reaching safepoint: 103789 ns, At safepoint: 50387 ns, Total: 154176 ns
[2020-02-26T10:33:42.052+0000][1][safepoint    ] Safepoint "Cleanup", Time since last: 1000603192 ns, Reaching safepoint: 81368 ns, At safepoint: 9114 ns, Total: 90482 ns
[2020-02-26T10:33:43.053+0000][1][safepoint    ] Safepoint "Cleanup", Time since last: 1000652445 ns, Reaching safepoint: 115676 ns, At safepoint: 11424 ns, Total: 127100 ns
[2020-02-26T10:33:43.568+0000][1][safepoint    ] Safepoint "RevokeBias", Time since last: 514592181 ns, Reaching safepoint: 190146 ns, At safepoint: 60924 ns, Total: 251070 ns
[2020-02-26T10:33:44.568+0000][1][safepoint    ] Safepoint "Cleanup", Time since last: 1000415736 ns, Reaching safepoint: 98430 ns, At safepoint: 10238 ns, Total: 108668 ns
[2020-02-26T10:33:45.569+0000][1][safepoint    ] Safepoint "Cleanup", Time since last: 1000496219 ns, Reaching safepoint: 76430 ns, At safepoint: 8559 ns, Total: 84989 ns
[2020-02-26T10:33:46.077+0000][1][safepoint    ] Safepoint "RevokeBias", Time since last: 507841380 ns, Reaching safepoint: 71360 ns, At safepoint: 98179 ns, Total: 169539 ns
[2020-02-26T10:33:47.077+0000][1][safepoint    ] Safepoint "Cleanup", Time since last: 1000401510 ns, Reaching safepoint: 113099 ns, At safepoint: 10563 ns, Total: 123662 ns
[2020-02-26T10:33:48.078+0000][1][safepoint    ] Safepoint "Cleanup", Time since last: 1000544767 ns, Reaching safepoint: 80817 ns, At safepoint: 10025 ns, Total: 90842 ns
[2020-02-26T10:33:48.599+0000][1][safepoint    ] Safepoint "RevokeBias", Time since last: 521425041 ns, Reaching safepoint: 56672 ns, At safepoint: 137823 ns, Total: 194495 ns
[2020-02-26T10:33:49.600+0000][1][safepoint    ] Safepoint "Cleanup", Time since last: 1000554068 ns, Reaching safepoint: 78091 ns, At safepoint: 10098 ns, Total: 88189 ns
[2020-02-26T10:33:50.600+0000][1][safepoint    ] Safepoint "Cleanup", Time since last: 1000246322 ns, Reaching safepoint: 91554 ns, At safepoint: 10074 ns, Total: 101628 ns
[2020-02-26T10:33:51.104+0000][1][gc,start     ] GC(83) Pause Young (Allocation Failure)
[2020-02-26T10:33:51.104+0000][1][gc,task      ] GC(83) Using 1 workers of 1 for evacuation
[2020-02-26T10:33:51.116+0000][1][gc,age       ] GC(83) Desired survivor size 4358144 bytes, new threshold 6 (max threshold 6)
[2020-02-26T10:33:51.116+0000][1][gc,age       ] GC(83) Age table with threshold 6 (max threshold 6)
[2020-02-26T10:33:51.116+0000][1][gc,age       ] GC(83) - age   1:      46408 bytes,      46408 total
[2020-02-26T10:33:51.116+0000][1][gc,age       ] GC(83) - age   2:       1000 bytes,      47408 total
[2020-02-26T10:33:51.116+0000][1][gc,age       ] GC(83) - age   3:        208 bytes,      47616 total
[2020-02-26T10:33:51.116+0000][1][gc,age       ] GC(83) - age   4:        312 bytes,      47928 total
[2020-02-26T10:33:51.116+0000][1][gc,age       ] GC(83) - age   5:        376 bytes,      48304 total
[2020-02-26T10:33:51.116+0000][1][gc,age       ] GC(83) - age   6:        424 bytes,      48728 total
[2020-02-26T10:33:51.116+0000][1][gc,heap      ] GC(83) ParNew: 68184K->48K(76672K)
[2020-02-26T10:33:51.116+0000][1][gc,heap      ] GC(83) CMS: 62665K->62666K(963392K)
[2020-02-26T10:33:51.116+0000][1][gc,metaspace ] GC(83) Metaspace: 79897K->79897K(1122304K)
[2020-02-26T10:33:51.116+0000][1][gc           ] GC(83) Pause Young (Allocation Failure) 127M->61M(1015M) 11.362ms
[2020-02-26T10:33:51.116+0000][1][gc,cpu       ] GC(83) User=0.01s Sys=0.00s Real=0.01s
[2020-02-26T10:33:51.116+0000][1][safepoint    ] Safepoint "GenCollectForAllocation", Time since last: 503774458 ns, Reaching safepoint: 141821 ns, At safepoint: 11417898 ns, Total: 11559719 ns
[2020-02-26T10:33:51.121+0000][1][safepoint    ] Safepoint "RevokeBias", Time since last: 5095479 ns, Reaching safepoint: 69767 ns, At safepoint: 18659 ns, Total: 88426 ns
[2020-02-26T10:33:52.122+0000][1][safepoint    ] Safepoint "Cleanup", Time since last: 1000666937 ns, Reaching safepoint: 82144 ns, At safepoint: 10028 ns, Total: 92172 ns
[2020-02-26T10:33:53.122+0000][1][safepoint    ] Safepoint "Cleanup", Time since last: 1000222257 ns, Reaching safepoint: 77325 ns, At safepoint: 7434 ns, Total: 84759 ns
[2020-02-26T10:33:53.631+0000][1][safepoint    ] Safepoint "RevokeBias", Time since last: 508800691 ns, Reaching safepoint: 131698 ns, At safepoint: 21173 ns, Total: 152871 ns
[2020-02-26T10:33:54.631+0000][1][safepoint    ] Safepoint "Cleanup", Time since last: 1000217860 ns, Reaching safepoint: 124000 ns, At safepoint: 11213 ns, Total: 135213 ns
[2020-02-26T10:33:55.633+0000][1][safepoint    ] Safepoint "Cleanup", Time since last: 1001335285 ns, Reaching safepoint: 78513 ns, At safepoint: 9845 ns, Total: 88358 ns
[2020-02-26T10:33:56.138+0000][1][safepoint    ] Safepoint "RevokeBias", Time since last: 504940761 ns, Reaching safepoint: 109333 ns, At safepoint: 31067 ns, Total: 140400 ns
[2020-02-26T10:33:57.139+0000][1][safepoint    ] Safepoint "Cleanup", Time since last: 1000634166 ns, Reaching safepoint: 89756 ns, At safepoint: 10312 ns, Total: 100068 ns
[2020-02-26T10:33:58.139+0000][1][safepoint    ] Safepoint "Cleanup", Time since last: 1000189843 ns, Reaching safepoint: 74033 ns, At safepoint: 8703 ns, Total: 82736 ns
[2020-02-26T10:33:58.642+0000][1][safepoint    ] Safepoint "RevokeBias", Time since last: 502873577 ns, Reaching safepoint: 106605 ns, At safepoint: 29821 ns, Total: 136426 ns
[2020-02-26T10:33:59.646+0000][1][safepoint    ] Safepoint "Cleanup", Time since last: 1004061513 ns, Reaching safepoint: 73594 ns, At safepoint: 7817 ns, Total: 81411 ns
[2020-02-26T10:34:00.646+0000][1][safepoint    ] Safepoint "Cleanup", Time since last: 1000410079 ns, Reaching safepoint: 75996 ns, At safepoint: 8859 ns, Total: 84855 ns
[2020-02-26T10:34:01.146+0000][1][safepoint    ] Safepoint "RevokeBias", Time since last: 499907747 ns, Reaching safepoint: 73862 ns, At safepoint: 20885 ns, Total: 94747 ns
[2020-02-26T10:34:02.147+0000][1][safepoint    ] Safepoint "Cleanup", Time since last: 1000621371 ns, Reaching safepoint: 103248 ns, At safepoint: 11287 ns, Total: 114535 ns
[2020-02-26T10:34:03.147+0000][1][safepoint    ] Safepoint "Cleanup", Time since last: 1000100698 ns, Reaching safepoint: 85618 ns, At safepoint: 11228 ns, Total: 96846 ns
[2020-02-26T10:34:03.653+0000][1][safepoint    ] Safepoint "RevokeBias", Time since last: 505699892 ns, Reaching safepoint: 76514 ns, At safepoint: 19407 ns, Total: 95921 ns
[2020-02-26T10:34:04.661+0000][1][safepoint    ] Safepoint "Cleanup", Time since last: 1008022677 ns, Reaching safepoint: 113520 ns, At safepoint: 9202 ns, Total: 122722 ns
[2020-02-26T10:34:05.662+0000][1][safepoint    ] Safepoint "Cleanup", Time since last: 1000172524 ns, Reaching safepoint: 79356 ns, At safepoint: 9114 ns, Total: 88470 ns
[2020-02-26T10:34:06.156+0000][1][safepoint    ] Safepoint "RevokeBias", Time since last: 494781840 ns, Reaching safepoint: 72154 ns, At safepoint: 19957 ns, Total: 92111 ns
[2020-02-26T10:34:07.157+0000][1][safepoint    ] Safepoint "Cleanup", Time since last: 1000749615 ns, Reaching safepoint: 81412 ns, At safepoint: 10565 ns, Total: 91977 ns
[2020-02-26T10:34:08.158+0000][1][safepoint    ] Safepoint "Cleanup", Time since last: 1000548048 ns, Reaching safepoint: 92598 ns, At safepoint: 10922 ns, Total: 103520 ns
[2020-02-26T10:34:08.669+0000][1][safepoint    ] Safepoint "RevokeBias", Time since last: 509510085 ns, Reaching safepoint: 1218703 ns, At safepoint: 25453 ns, Total: 1244156 ns
[2020-02-26T10:34:09.671+0000][1][safepoint    ] Safepoint "Cleanup", Time since last: 1001845955 ns, Reaching safepoint: 77467 ns, At safepoint: 8335 ns, Total: 85802 ns
[2020-02-26T10:34:10.672+0000][1][safepoint    ] Safepoint "Cleanup", Time since last: 1000820420 ns, Reaching safepoint: 95104 ns, At safepoint: 8711 ns, Total: 103815 ns
[2020-02-26T10:34:11.170+0000][1][safepoint    ] Safepoint "RevokeBias", Time since last: 498141843 ns, Reaching safepoint: 133999 ns, At safepoint: 33111 ns, Total: 167110 ns
[2020-02-26T10:34:12.171+0000][1][safepoint    ] Safepoint "Cleanup", Time since last: 1000638392 ns, Reaching safepoint: 80615 ns, At safepoint: 9754 ns, Total: 90369 ns
[2020-02-26T10:34:13.171+0000][1][safepoint    ] Safepoint "Cleanup", Time since last: 1000495265 ns, Reaching safepoint: 104259 ns, At safepoint: 67000 ns, Total: 171259 ns
[2020-02-26T10:34:13.675+0000][1][safepoint    ] Safepoint "RevokeBias", Time since last: 503611445 ns, Reaching safepoint: 77287 ns, At safepoint: 131150 ns, Total: 208437 ns
[2020-02-26T10:34:14.676+0000][1][safepoint    ] Safepoint "Cleanup", Time since last: 1000602766 ns, Reaching safepoint: 149263 ns, At safepoint: 14581 ns, Total: 163844 ns
[2020-02-26T10:34:15.683+0000][1][safepoint    ] Safepoint "Cleanup", Time since last: 1006560278 ns, Reaching safepoint: 99979 ns, At safepoint: 11358 ns, Total: 111337 ns
[2020-02-26T10:34:16.177+0000][1][safepoint    ] Safepoint "RevokeBias", Time since last: 494506415 ns, Reaching safepoint: 70474 ns, At safepoint: 35726 ns, Total: 106200 ns
[2020-02-26T10:34:17.178+0000][1][safepoint    ] Safepoint "Cleanup", Time since last: 1000699908 ns, Reaching safepoint: 79652 ns, At safepoint: 11160 ns, Total: 90812 ns
[2020-02-26T10:34:18.178+0000][1][safepoint    ] Safepoint "Cleanup", Time since last: 1000287744 ns, Reaching safepoint: 77537 ns, At safepoint: 8904 ns, Total: 86441 ns
[2020-02-26T10:34:18.684+0000][1][safepoint    ] Safepoint "RevokeBias", Time since last: 505257934 ns, Reaching safepoint: 75255 ns, At safepoint: 20294 ns, Total: 95549 ns
[2020-02-26T10:34:19.684+0000][1][safepoint    ] Safepoint "Cleanup", Time since last: 1000275920 ns, Reaching safepoint: 77909 ns, At safepoint: 9969 ns, Total: 87878 ns
[2020-02-26T10:34:20.687+0000][1][safepoint    ] Safepoint "Cleanup", Time since last: 1002448627 ns, Reaching safepoint: 77340 ns, At safepoint: 8890 ns, Total: 86230 ns
[2020-02-26T10:34:21.189+0000][1][safepoint    ] Safepoint "RevokeBias", Time since last: 502031142 ns, Reaching safepoint: 70104 ns, At safepoint: 18938 ns, Total: 89042 ns
[2020-02-26T10:34:22.189+0000][1][safepoint    ] Safepoint "Cleanup", Time since last: 1000455874 ns, Reaching safepoint: 78426 ns, At safepoint: 10550 ns, Total: 88976 ns
[2020-02-26T10:34:23.190+0000][1][safepoint    ] Safepoint "Cleanup", Time since last: 1000216194 ns, Reaching safepoint: 79558 ns, At safepoint: 9325 ns, Total: 88883 ns
[2020-02-26T10:34:23.695+0000][1][safepoint    ] Safepoint "RevokeBias", Time since last: 505671918 ns, Reaching safepoint: 61560 ns, At safepoint: 18993 ns, Total: 80553 ns
[2020-02-26T10:34:24.696+0000][1][safepoint    ] Safepoint "Cleanup", Time since last: 1000237749 ns, Reaching safepoint: 77244 ns, At safepoint: 10434 ns, Total: 87678 ns
[2020-02-26T10:34:25.698+0000][1][safepoint    ] Safepoint "Cleanup", Time since last: 1002536557 ns, Reaching safepoint: 75301 ns, At safepoint: 7335 ns, Total: 82636 ns
[2020-02-26T10:34:26.207+0000][1][safepoint    ] Safepoint "RevokeBias", Time since last: 508631774 ns, Reaching safepoint: 74675 ns, At safepoint: 20521 ns, Total: 95196 ns
[2020-02-26T10:34:27.207+0000][1][safepoint    ] Safepoint "Cleanup", Time since last: 1000170497 ns, Reaching safepoint: 75674 ns, At safepoint: 8029 ns, Total: 83703 ns
[2020-02-26T10:34:28.208+0000][1][safepoint    ] Safepoint "Cleanup", Time since last: 1000958021 ns, Reaching safepoint: 95139 ns, At safepoint: 12510 ns, Total: 107649 ns
[2020-02-26T10:34:28.717+0000][1][safepoint    ] Safepoint "RevokeBias", Time since last: 508984983 ns, Reaching safepoint: 111036 ns, At safepoint: 30556 ns, Total: 141592 ns
[2020-02-26T10:34:29.718+0000][1][safepoint    ] Safepoint "Cleanup", Time since last: 1000136534 ns, Reaching safepoint: 82979 ns, At safepoint: 9264 ns, Total: 92243 ns
[2020-02-26T10:34:30.718+0000][1][safepoint    ] Safepoint "Cleanup", Time since last: 1000532717 ns, Reaching safepoint: 76312 ns, At safepoint: 9594 ns, Total: 85906 ns
[2020-02-26T10:34:31.229+0000][1][safepoint    ] Safepoint "RevokeBias", Time since last: 511071038 ns, Reaching safepoint: 68574 ns, At safepoint: 19654 ns, Total: 88228 ns
[2020-02-26T10:34:32.230+0000][1][safepoint    ] Safepoint "Cleanup", Time since last: 1000168640 ns, Reaching safepoint: 76558 ns, At safepoint: 8723 ns, Total: 85281 ns
[2020-02-26T10:34:33.231+0000][1][safepoint    ] Safepoint "Cleanup", Time since last: 1000748259 ns, Reaching safepoint: 132569 ns, At safepoint: 10016 ns, Total: 142585 ns
[2020-02-26T10:34:33.746+0000][1][safepoint    ] Safepoint "RevokeBias", Time since last: 515029487 ns, Reaching safepoint: 90288 ns, At safepoint: 20355 ns, Total: 110643 ns
[2020-02-26T10:34:34.746+0000][1][safepoint    ] Safepoint "Cleanup", Time since last: 1000612038 ns, Reaching safepoint: 78693 ns, At safepoint: 9661 ns, Total: 88354 ns
[2020-02-26T10:34:35.747+0000][1][safepoint    ] Safepoint "Cleanup", Time since last: 1000240893 ns, Reaching safepoint: 77216 ns, At safepoint: 8740 ns, Total: 85956 ns
[2020-02-26T10:34:36.265+0000][1][safepoint    ] Safepoint "RevokeBias", Time since last: 517720423 ns, Reaching safepoint: 69532 ns, At safepoint: 20019 ns, Total: 89551 ns
[2020-02-26T10:34:38.120+0000][1][safepoint    ] Safepoint "Cleanup", Time since last: 1854863517 ns, Reaching safepoint: 165966 ns, At safepoint: 59464 ns, Total: 225430 ns
[2020-02-26T10:34:38.774+0000][1][safepoint    ] Safepoint "RevokeBias", Time since last: 654438338 ns, Reaching safepoint: 69584 ns, At safepoint: 19649 ns, Total: 89233 ns
[2020-02-26T10:34:39.775+0000][1][safepoint    ] Safepoint "Cleanup", Time since last: 1000683800 ns, Reaching safepoint: 76219 ns, At safepoint: 8189 ns, Total: 84408 ns
[2020-02-26T10:34:40.775+0000][1][safepoint    ] Safepoint "Cleanup", Time since last: 1000226772 ns, Reaching safepoint: 84449 ns, At safepoint: 8893 ns, Total: 93342 ns
[2020-02-26T10:34:41.277+0000][1][safepoint    ] Safepoint "RevokeBias", Time since last: 501590492 ns, Reaching safepoint: 76038 ns, At safepoint: 20038 ns, Total: 96076 ns
[2020-02-26T10:34:42.282+0000][1][safepoint    ] Safepoint "Cleanup", Time since last: 1005368724 ns, Reaching safepoint: 82618 ns, At safepoint: 9577 ns, Total: 92195 ns
[2020-02-26T10:34:43.283+0000][1][safepoint    ] Safepoint "Cleanup", Time since last: 1000769722 ns, Reaching safepoint: 82304 ns, At safepoint: 10101 ns, Total: 92405 ns
[2020-02-26T10:34:43.783+0000][1][safepoint    ] Safepoint "RevokeBias", Time since last: 499792991 ns, Reaching safepoint: 114976 ns, At safepoint: 20806 ns, Total: 135782 ns
[2020-02-26T10:34:44.783+0000][1][safepoint    ] Safepoint "Cleanup", Time since last: 1000136206 ns, Reaching safepoint: 99405 ns, At safepoint: 11120 ns, Total: 110525 ns
[2020-02-26T10:34:45.785+0000][1][safepoint    ] Safepoint "Cleanup", Time since last: 1001023193 ns, Reaching safepoint: 81116 ns, At safepoint: 9844 ns, Total: 90960 ns
[2020-02-26T10:34:46.327+0000][1][safepoint    ] Safepoint "RevokeBias", Time since last: 542221958 ns, Reaching safepoint: 95254 ns, At safepoint: 148941 ns, Total: 244195 ns
[2020-02-26T10:34:47.328+0000][1][safepoint    ] Safepoint "Cleanup", Time since last: 1001318973 ns, Reaching safepoint: 76013 ns, At safepoint: 7911 ns, Total: 83924 ns
[2020-02-26T10:34:48.329+0000][1][safepoint    ] Safepoint "Cleanup", Time since last: 1000697241 ns, Reaching safepoint: 107581 ns, At safepoint: 8909 ns, Total: 116490 ns
[2020-02-26T10:34:48.834+0000][1][safepoint    ] Safepoint "BulkRevokeBias", Time since last: 504465793 ns, Reaching safepoint: 115511 ns, At safepoint: 310765 ns, Total: 426276 ns
[2020-02-26T10:34:49.835+0000][1][safepoint    ] Safepoint "Cleanup", Time since last: 1000329540 ns, Reaching safepoint: 79534 ns, At safepoint: 9881 ns, Total: 89415 ns
[2020-02-26T10:34:50.835+0000][1][safepoint    ] Safepoint "Cleanup", Time since last: 1000204079 ns, Reaching safepoint: 107157 ns, At safepoint: 15391 ns, Total: 122548 ns
[2020-02-26T10:34:51.337+0000][1][safepoint    ] Safepoint "RevokeBias", Time since last: 501747137 ns, Reaching safepoint: 107168 ns, At safepoint: 32434 ns, Total: 139602 ns
[2020-02-26T10:34:52.339+0000][1][safepoint    ] Safepoint "Cleanup", Time since last: 1002358303 ns, Reaching safepoint: 88447 ns, At safepoint: 8259 ns, Total: 96706 ns
[2020-02-26T10:34:53.340+0000][1][safepoint    ] Safepoint "Cleanup", Time since last: 1000407401 ns, Reaching safepoint: 103167 ns, At safepoint: 32610 ns, Total: 135777 ns
[2020-02-26T10:34:53.843+0000][1][safepoint    ] Safepoint "RevokeBias", Time since last: 503370933 ns, Reaching safepoint: 94854 ns, At safepoint: 26592 ns, Total: 121446 ns
[2020-02-26T10:34:54.844+0000][1][safepoint    ] Safepoint "Cleanup", Time since last: 1000795735 ns, Reaching safepoint: 95652 ns, At safepoint: 8962 ns, Total: 104614 ns
[2020-02-26T10:34:55.845+0000][1][safepoint    ] Safepoint "Cleanup", Time since last: 1000378122 ns, Reaching safepoint: 102562 ns, At safepoint: 13202 ns, Total: 115764 ns
[2020-02-26T10:34:56.348+0000][1][safepoint    ] Safepoint "RevokeBias", Time since last: 502974871 ns, Reaching safepoint: 128090 ns, At safepoint: 37230 ns, Total: 165320 ns
[2020-02-26T10:34:57.348+0000][1][safepoint    ] Safepoint "Cleanup", Time since last: 1000457182 ns, Reaching safepoint: 90085 ns, At safepoint: 11581 ns, Total: 101666 ns
[2020-02-26T10:34:58.349+0000][1][safepoint    ] Safepoint "Cleanup", Time since last: 1000690100 ns, Reaching safepoint: 134580 ns, At safepoint: 30480 ns, Total: 165060 ns
[2020-02-26T10:34:58.854+0000][1][safepoint    ] Safepoint "RevokeBias", Time since last: 504289811 ns, Reaching safepoint: 71992 ns, At safepoint: 24338 ns, Total: 96330 ns
[2020-02-26T10:34:59.854+0000][1][safepoint    ] Safepoint "Cleanup", Time since last: 1000452563 ns, Reaching safepoint: 78359 ns, At safepoint: 9905 ns, Total: 88264 ns
[2020-02-26T10:35:00.855+0000][1][safepoint    ] Safepoint "Cleanup", Time since last: 1000488970 ns, Reaching safepoint: 92000 ns, At safepoint: 10098 ns, Total: 102098 ns
[2020-02-26T10:35:01.383+0000][1][safepoint    ] Safepoint "RevokeBias", Time since last: 527822749 ns, Reaching safepoint: 101108 ns, At safepoint: 27220 ns, Total: 128328 ns
[2020-02-26T10:35:02.403+0000][1][safepoint    ] Safepoint "Cleanup", Time since last: 1020055233 ns, Reaching safepoint: 105361 ns, At safepoint: 11941 ns, Total: 117302 ns
[2020-02-26T10:35:03.408+0000][1][safepoint    ] Safepoint "Cleanup", Time since last: 1005282971 ns, Reaching safepoint: 104923 ns, At safepoint: 13945 ns, Total: 118868 ns
[2020-02-26T10:35:03.900+0000][1][safepoint    ] Safepoint "RevokeBias", Time since last: 491285989 ns, Reaching safepoint: 58148 ns, At safepoint: 18889 ns, Total: 77037 ns
[2020-02-26T10:35:04.901+0000][1][safepoint    ] Safepoint "Cleanup", Time since last: 1000936826 ns, Reaching safepoint: 130595 ns, At safepoint: 9974 ns, Total: 140569 ns
[2020-02-26T10:35:05.901+0000][1][safepoint    ] Safepoint "Cleanup", Time since last: 1000482343 ns, Reaching safepoint: 173317 ns, At safepoint: 15202 ns, Total: 188519 ns
[2020-02-26T10:35:06.409+0000][1][safepoint    ] Safepoint "RevokeBias", Time since last: 507553194 ns, Reaching safepoint: 99329 ns, At safepoint: 21757 ns, Total: 121086 ns
[2020-02-26T10:35:07.409+0000][1][safepoint    ] Safepoint "Cleanup", Time since last: 1000214013 ns, Reaching safepoint: 84374 ns, At safepoint: 11235 ns, Total: 95609 ns
[2020-02-26T10:35:08.418+0000][1][safepoint    ] Safepoint "Cleanup", Time since last: 1008363430 ns, Reaching safepoint: 97856 ns, At safepoint: 13715 ns, Total: 111571 ns
[2020-02-26T10:35:08.925+0000][1][safepoint    ] Safepoint "RevokeBias", Time since last: 506553478 ns, Reaching safepoint: 181668 ns, At safepoint: 45348 ns, Total: 227016 ns
[2020-02-26T10:35:09.927+0000][1][safepoint    ] Safepoint "Cleanup", Time since last: 1002210087 ns, Reaching safepoint: 99999 ns, At safepoint: 13763 ns, Total: 113762 ns
[2020-02-26T10:35:10.927+0000][1][safepoint    ] Safepoint "Cleanup", Time since last: 1000124120 ns, Reaching safepoint: 83545 ns, At safepoint: 10420 ns, Total: 93965 ns
[2020-02-26T10:35:11.436+0000][1][safepoint    ] Safepoint "RevokeBias", Time since last: 508884539 ns, Reaching safepoint: 111770 ns, At safepoint: 30347 ns, Total: 142117 ns
[2020-02-26T10:35:12.437+0000][1][safepoint    ] Safepoint "Cleanup", Time since last: 1000820692 ns, Reaching safepoint: 92100 ns, At safepoint: 9757 ns, Total: 101857 ns
[2020-02-26T10:35:13.438+0000][1][safepoint    ] Safepoint "Cleanup", Time since last: 1001048283 ns, Reaching safepoint: 75031 ns, At safepoint: 8068 ns, Total: 83099 ns
[2020-02-26T10:35:13.954+0000][1][safepoint    ] Safepoint "RevokeBias", Time since last: 516187066 ns, Reaching safepoint: 55110 ns, At safepoint: 19372 ns, Total: 74482 ns
[2020-02-26T10:35:14.958+0000][1][safepoint    ] Safepoint "Cleanup", Time since last: 1003847777 ns, Reaching safepoint: 114387 ns, At safepoint: 12722 ns, Total: 127109 ns
[2020-02-26T10:35:15.959+0000][1][safepoint    ] Safepoint "Cleanup", Time since last: 1000789460 ns, Reaching safepoint: 80288 ns, At safepoint: 9960 ns, Total: 90248 ns
[2020-02-26T10:35:16.466+0000][1][safepoint    ] Safepoint "RevokeBias", Time since last: 506473360 ns, Reaching safepoint: 86371 ns, At safepoint: 24156 ns, Total: 110527 ns
[2020-02-26T10:35:17.466+0000][1][safepoint    ] Safepoint "Cleanup", Time since last: 1000425184 ns, Reaching safepoint: 101084 ns, At safepoint: 28606 ns, Total: 129690 ns
[2020-02-26T10:35:18.470+0000][1][safepoint    ] Safepoint "Cleanup", Time since last: 1003404343 ns, Reaching safepoint: 161830 ns, At safepoint: 7922 ns, Total: 169752 ns
[2020-02-26T10:35:18.973+0000][1][safepoint    ] Safepoint "RevokeBias", Time since last: 502729786 ns, Reaching safepoint: 56913 ns, At safepoint: 17862 ns, Total: 74775 ns
[2020-02-26T10:35:19.974+0000][1][safepoint    ] Safepoint "Cleanup", Time since last: 1001510566 ns, Reaching safepoint: 67738 ns, At safepoint: 8671 ns, Total: 76409 ns
[2020-02-26T10:35:20.975+0000][1][safepoint    ] Safepoint "Cleanup", Time since last: 1000693844 ns, Reaching safepoint: 81450 ns, At safepoint: 10853 ns, Total: 92303 ns
[2020-02-26T10:35:21.513+0000][1][safepoint    ] Safepoint "RevokeBias", Time since last: 537537962 ns, Reaching safepoint: 110346 ns, At safepoint: 32990 ns, Total: 143336 ns
[2020-02-26T10:35:22.515+0000][1][safepoint    ] Safepoint "Cleanup", Time since last: 1001559871 ns, Reaching safepoint: 105134 ns, At safepoint: 13687 ns, Total: 118821 ns
[2020-02-26T10:35:23.515+0000][1][safepoint    ] Safepoint "Cleanup", Time since last: 1000666484 ns, Reaching safepoint: 77514 ns, At safepoint: 9635 ns, Total: 87149 ns
[2020-02-26T10:35:24.021+0000][1][safepoint    ] Safepoint "RevokeBias", Time since last: 505673410 ns, Reaching safepoint: 84906 ns, At safepoint: 22660 ns, Total: 107566 ns
[2020-02-26T10:35:25.025+0000][1][safepoint    ] Safepoint "Cleanup", Time since last: 1003882918 ns, Reaching safepoint: 76174 ns, At safepoint: 8212 ns, Total: 84386 ns
[2020-02-26T10:35:26.026+0000][1][safepoint    ] Safepoint "Cleanup", Time since last: 1000887157 ns, Reaching safepoint: 92452 ns, At safepoint: 9591 ns, Total: 102043 ns
[2020-02-26T10:35:26.527+0000][1][safepoint    ] Safepoint "RevokeBias", Time since last: 500640565 ns, Reaching safepoint: 71948 ns, At safepoint: 20288 ns, Total: 92236 ns
[2020-02-26T10:35:27.527+0000][1][safepoint    ] Safepoint "Cleanup", Time since last: 1000303976 ns, Reaching safepoint: 91896 ns, At safepoint: 9943 ns, Total: 101839 ns
[2020-02-26T10:35:28.528+0000][1][safepoint    ] Safepoint "Cleanup", Time since last: 1000598473 ns, Reaching safepoint: 107090 ns, At safepoint: 9997 ns, Total: 117087 ns
[2020-02-26T10:35:29.032+0000][1][safepoint    ] Safepoint "RevokeBias", Time since last: 503604272 ns, Reaching safepoint: 81078 ns, At safepoint: 24526 ns, Total: 105604 ns
[2020-02-26T10:35:30.032+0000][1][safepoint    ] Safepoint "Cleanup", Time since last: 1000655176 ns, Reaching safepoint: 81393 ns, At safepoint: 9250 ns, Total: 90643 ns
[2020-02-26T10:35:31.033+0000][1][safepoint    ] Safepoint "Cleanup", Time since last: 1000159200 ns, Reaching safepoint: 91796 ns, At safepoint: 9181 ns, Total: 100977 ns
[2020-02-26T10:35:31.535+0000][1][safepoint    ] Safepoint "RevokeBias", Time since last: 502323614 ns, Reaching safepoint: 112247 ns, At safepoint: 22580 ns, Total: 134827 ns
[2020-02-26T10:35:32.536+0000][1][safepoint    ] Safepoint "Cleanup", Time since last: 1000465610 ns, Reaching safepoint: 76536 ns, At safepoint: 9121 ns, Total: 85657 ns
[2020-02-26T10:35:33.558+0000][1][safepoint    ] Safepoint "Cleanup", Time since last: 1022650616 ns, Reaching safepoint: 112544 ns, At safepoint: 14359 ns, Total: 126903 ns
[2020-02-26T10:35:34.042+0000][1][safepoint    ] Safepoint "RevokeBias", Time since last: 483476955 ns, Reaching safepoint: 86598 ns, At safepoint: 23021 ns, Total: 109619 ns
[2020-02-26T10:35:35.042+0000][1][safepoint    ] Safepoint "Cleanup", Time since last: 1000183555 ns, Reaching safepoint: 78780 ns, At safepoint: 10527 ns, Total: 89307 ns
[2020-02-26T10:35:36.054+0000][1][safepoint    ] Safepoint "Cleanup", Time since last: 1011124741 ns, Reaching safepoint: 111612 ns, At safepoint: 10378 ns, Total: 121990 ns
[2020-02-26T10:35:36.549+0000][1][safepoint    ] Safepoint "RevokeBias", Time since last: 495418763 ns, Reaching safepoint: 73714 ns, At safepoint: 22729 ns, Total: 96443 ns
[2020-02-26T10:35:37.550+0000][1][safepoint    ] Safepoint "Cleanup", Time since last: 1000444304 ns, Reaching safepoint: 107282 ns, At safepoint: 16602 ns, Total: 123884 ns
[2020-02-26T10:35:38.550+0000][1][safepoint    ] Safepoint "Cleanup", Time since last: 1000237689 ns, Reaching safepoint: 78223 ns, At safepoint: 10351 ns, Total: 88574 ns
[2020-02-26T10:35:39.055+0000][1][safepoint    ] Safepoint "RevokeBias", Time since last: 505017446 ns, Reaching safepoint: 71707 ns, At safepoint: 20214 ns, Total: 91921 ns
[2020-02-26T10:35:40.056+0000][1][safepoint    ] Safepoint "Cleanup", Time since last: 1000524476 ns, Reaching safepoint: 117536 ns, At safepoint: 11775 ns, Total: 129311 ns
[2020-02-26T10:35:41.064+0000][1][safepoint    ] Safepoint "Cleanup", Time since last: 1008503455 ns, Reaching safepoint: 110775 ns, At safepoint: 10386 ns, Total: 121161 ns
[2020-02-26T10:35:41.572+0000][1][safepoint    ] Safepoint "RevokeBias", Time since last: 507816939 ns, Reaching safepoint: 68778 ns, At safepoint: 19428 ns, Total: 88206 ns
[2020-02-26T10:35:42.573+0000][1][safepoint    ] Safepoint "Cleanup", Time since last: 1000259270 ns, Reaching safepoint: 89410 ns, At safepoint: 8747 ns, Total: 98157 ns
[2020-02-26T10:35:43.574+0000][1][safepoint    ] Safepoint "Cleanup", Time since last: 1000802054 ns, Reaching safepoint: 106981 ns, At safepoint: 10420 ns, Total: 117401 ns
[2020-02-26T10:35:44.086+0000][1][safepoint    ] Safepoint "RevokeBias", Time since last: 512009358 ns, Reaching safepoint: 132014 ns, At safepoint: 83823 ns, Total: 215837 ns
[2020-02-26T10:35:45.087+0000][1][safepoint    ] Safepoint "Cleanup", Time since last: 1000715545 ns, Reaching safepoint: 132965 ns, At safepoint: 13715 ns, Total: 146680 ns
[2020-02-26T10:35:46.087+0000][1][safepoint    ] Safepoint "Cleanup", Time since last: 1000435655 ns, Reaching safepoint: 123592 ns, At safepoint: 16385 ns, Total: 139977 ns
[2020-02-26T10:35:46.596+0000][1][safepoint    ] Safepoint "RevokeBias", Time since last: 508843966 ns, Reaching safepoint: 51366 ns, At safepoint: 18992 ns, Total: 70358 ns
[2020-02-26T10:35:47.596+0000][1][safepoint    ] Safepoint "Cleanup", Time since last: 1000312142 ns, Reaching safepoint: 79327 ns, At safepoint: 10062 ns, Total: 89389 ns
[2020-02-26T10:35:49.109+0000][1][safepoint    ] Safepoint "RevokeBias", Time since last: 1512324860 ns, Reaching safepoint: 208564 ns, At safepoint: 33440 ns, Total: 242004 ns
[2020-02-26T10:35:50.110+0000][1][safepoint    ] Safepoint "Cleanup", Time since last: 1000607753 ns, Reaching safepoint: 90956 ns, At safepoint: 9587 ns, Total: 100543 ns
[2020-02-26T10:35:51.110+0000][1][safepoint    ] Safepoint "Cleanup", Time since last: 1000541530 ns, Reaching safepoint: 80311 ns, At safepoint: 10074 ns, Total: 90385 ns
[2020-02-26T10:35:51.621+0000][1][safepoint    ] Safepoint "RevokeBias", Time since last: 510155553 ns, Reaching safepoint: 72944 ns, At safepoint: 21280 ns, Total: 94224 ns
[2020-02-26T10:35:52.621+0000][1][safepoint    ] Safepoint "Cleanup", Time since last: 1000357661 ns, Reaching safepoint: 127155 ns, At safepoint: 14460 ns, Total: 141615 ns
[2020-02-26T10:35:53.668+0000][1][safepoint    ] Safepoint "Cleanup", Time since last: 1045397637 ns, Reaching safepoint: 894059 ns, At safepoint: 160553 ns, Total: 1054612 ns
[2020-02-26T10:35:54.133+0000][1][safepoint    ] Safepoint "RevokeBias", Time since last: 464843370 ns, Reaching safepoint: 69078 ns, At safepoint: 19199 ns, Total: 88277 ns
[2020-02-26T10:35:55.133+0000][1][safepoint    ] Safepoint "Cleanup", Time since last: 1000528620 ns, Reaching safepoint: 114539 ns, At safepoint: 11203 ns, Total: 125742 ns
[2020-02-26T10:35:56.134+0000][1][safepoint    ] Safepoint "Cleanup", Time since last: 1001010091 ns, Reaching safepoint: 75741 ns, At safepoint: 8154 ns, Total: 83895 ns
[2020-02-26T10:35:56.637+0000][1][safepoint    ] Safepoint "RevokeBias", Time since last: 502588067 ns, Reaching safepoint: 68737 ns, At safepoint: 19346 ns, Total: 88083 ns
[2020-02-26T10:35:57.638+0000][1][safepoint    ] Safepoint "Cleanup", Time since last: 1001240554 ns, Reaching safepoint: 118777 ns, At safepoint: 12949 ns, Total: 131726 ns
[2020-02-26T10:35:58.640+0000][1][safepoint    ] Safepoint "Cleanup", Time since last: 1001371496 ns, Reaching safepoint: 91598 ns, At safepoint: 11127 ns, Total: 102725 ns
[2020-02-26T10:35:59.143+0000][1][safepoint    ] Safepoint "RevokeBias", Time since last: 503503386 ns, Reaching safepoint: 122525 ns, At safepoint: 34732 ns, Total: 157257 ns
[2020-02-26T10:36:00.144+0000][1][safepoint    ] Safepoint "Cleanup", Time since last: 1000376433 ns, Reaching safepoint: 81453 ns, At safepoint: 10550 ns, Total: 92003 ns
[2020-02-26T10:36:01.145+0000][1][safepoint    ] Safepoint "Cleanup", Time since last: 1000865460 ns, Reaching safepoint: 78385 ns, At safepoint: 9907 ns, Total: 88292 ns
[2020-02-26T10:36:01.649+0000][1][safepoint    ] Safepoint "BulkRevokeBias", Time since last: 503467751 ns, Reaching safepoint: 69970 ns, At safepoint: 373965 ns, Total: 443935 ns
[2020-02-26T10:36:02.652+0000][1][safepoint    ] Safepoint "Cleanup", Time since last: 1003236542 ns, Reaching safepoint: 143720 ns, At safepoint: 10375 ns, Total: 154095 ns
[2020-02-26T10:36:03.653+0000][1][safepoint    ] Safepoint "Cleanup", Time since last: 1000725519 ns, Reaching safepoint: 76789 ns, At safepoint: 8908 ns, Total: 85697 ns
[2020-02-26T10:36:04.155+0000][1][safepoint    ] Safepoint "RevokeBias", Time since last: 502040591 ns, Reaching safepoint: 124080 ns, At safepoint: 24076 ns, Total: 148156 ns
[2020-02-26T10:36:05.156+0000][1][safepoint    ] Safepoint "Cleanup", Time since last: 1000759236 ns, Reaching safepoint: 77471 ns, At safepoint: 10013 ns, Total: 87484 ns
[2020-02-26T10:36:06.157+0000][1][safepoint    ] Safepoint "Cleanup", Time since last: 1000820558 ns, Reaching safepoint: 77216 ns, At safepoint: 10145 ns, Total: 87361 ns
[2020-02-26T10:36:06.659+0000][1][safepoint    ] Safepoint "RevokeBias", Time since last: 502313147 ns, Reaching safepoint: 70737 ns, At safepoint: 19590 ns, Total: 90327 ns
[2020-02-26T10:36:07.213+0000][1][gc,start     ] GC(84) Pause Young (Allocation Failure)
[2020-02-26T10:36:07.213+0000][1][gc,task      ] GC(84) Using 1 workers of 1 for evacuation
[2020-02-26T10:36:07.225+0000][1][gc,age       ] GC(84) Desired survivor size 4358144 bytes, new threshold 6 (max threshold 6)
[2020-02-26T10:36:07.225+0000][1][gc,age       ] GC(84) Age table with threshold 6 (max threshold 6)
[2020-02-26T10:36:07.225+0000][1][gc,age       ] GC(84) - age   1:      13536 bytes,      13536 total
[2020-02-26T10:36:07.225+0000][1][gc,age       ] GC(84) - age   2:        232 bytes,      13768 total
[2020-02-26T10:36:07.225+0000][1][gc,age       ] GC(84) - age   3:       1000 bytes,      14768 total
[2020-02-26T10:36:07.225+0000][1][gc,age       ] GC(84) - age   4:        208 bytes,      14976 total
[2020-02-26T10:36:07.225+0000][1][gc,age       ] GC(84) - age   5:        312 bytes,      15288 total
[2020-02-26T10:36:07.225+0000][1][gc,age       ] GC(84) - age   6:        256 bytes,      15544 total
[2020-02-26T10:36:07.225+0000][1][gc,heap      ] GC(84) ParNew: 68208K->37K(76672K)
[2020-02-26T10:36:07.225+0000][1][gc,heap      ] GC(84) CMS: 62666K->62666K(963392K)
[2020-02-26T10:36:07.225+0000][1][gc,metaspace ] GC(84) Metaspace: 79934K->79934K(1122304K)
[2020-02-26T10:36:07.225+0000][1][gc           ] GC(84) Pause Young (Allocation Failure) 127M->61M(1015M) 12.295ms
[2020-02-26T10:36:07.225+0000][1][gc,cpu       ] GC(84) User=0.01s Sys=0.00s Real=0.01s
[2020-02-26T10:36:07.225+0000][1][safepoint    ] Safepoint "GenCollectForAllocation", Time since last: 553357613 ns, Reaching safepoint: 73056 ns, At safepoint: 12379100 ns, Total: 12452156 ns
[2020-02-26T10:36:08.229+0000][1][safepoint    ] Safepoint "Cleanup", Time since last: 1003327734 ns, Reaching safepoint: 117035 ns, At safepoint: 12960 ns, Total: 129995 ns
[2020-02-26T10:36:09.165+0000][1][safepoint    ] Safepoint "RevokeBias", Time since last: 936527810 ns, Reaching safepoint: 70697 ns, At safepoint: 19385 ns, Total: 90082 ns
[2020-02-26T10:36:10.166+0000][1][safepoint    ] Safepoint "Cleanup", Time since last: 1000402336 ns, Reaching safepoint: 77181 ns, At safepoint: 8849 ns, Total: 86030 ns
[2020-02-26T10:36:11.167+0000][1][safepoint    ] Safepoint "Cleanup", Time since last: 1000887370 ns, Reaching safepoint: 122714 ns, At safepoint: 14702 ns, Total: 137416 ns
[2020-02-26T10:36:11.667+0000][1][safepoint    ] Safepoint "RevokeBias", Time since last: 500071417 ns, Reaching safepoint: 70726 ns, At safepoint: 19453 ns, Total: 90179 ns
[2020-02-26T10:36:12.673+0000][1][safepoint    ] Safepoint "Cleanup", Time since last: 1005653832 ns, Reaching safepoint: 87985 ns, At safepoint: 8413 ns, Total: 96398 ns
[2020-02-26T10:36:13.673+0000][1][safepoint    ] Safepoint "Cleanup", Time since last: 1000189251 ns, Reaching safepoint: 78847 ns, At safepoint: 8943 ns, Total: 87790 ns
[2020-02-26T10:36:14.172+0000][1][safepoint    ] Safepoint "RevokeBias", Time since last: 499219534 ns, Reaching safepoint: 101837 ns, At safepoint: 29031 ns, Total: 130868 ns
[2020-02-26T10:36:15.173+0000][1][safepoint    ] Safepoint "Cleanup", Time since last: 1000165193 ns, Reaching safepoint: 94596 ns, At safepoint: 9225 ns, Total: 103821 ns
[2020-02-26T10:36:16.173+0000][1][safepoint    ] Safepoint "Cleanup", Time since last: 1000596346 ns, Reaching safepoint: 76524 ns, At safepoint: 8722 ns, Total: 85246 ns
[2020-02-26T10:36:16.676+0000][1][safepoint    ] Safepoint "RevokeBias", Time since last: 503168196 ns, Reaching safepoint: 69529 ns, At safepoint: 19011 ns, Total: 88540 ns
[2020-02-26T10:36:17.677+0000][1][safepoint    ] Safepoint "Cleanup", Time since last: 1000575491 ns, Reaching safepoint: 86436 ns, At safepoint: 11299 ns, Total: 97735 ns
[2020-02-26T10:36:18.682+0000][1][safepoint    ] Safepoint "Cleanup", Time since last: 1004953980 ns, Reaching safepoint: 174883 ns, At safepoint: 13657 ns, Total: 188540 ns
[2020-02-26T10:36:19.184+0000][1][safepoint    ] Safepoint "RevokeBias", Time since last: 502097614 ns, Reaching safepoint: 72261 ns, At safepoint: 19992 ns, Total: 92253 ns
[2020-02-26T10:36:20.185+0000][1][safepoint    ] Safepoint "Cleanup", Time since last: 1000181091 ns, Reaching safepoint: 80363 ns, At safepoint: 9907 ns, Total: 90270 ns
[2020-02-26T10:36:21.186+0000][1][safepoint    ] Safepoint "Cleanup", Time since last: 1000676627 ns, Reaching safepoint: 89357 ns, At safepoint: 8486 ns, Total: 97843 ns
[2020-02-26T10:36:21.689+0000][1][safepoint    ] Safepoint "RevokeBias", Time since last: 503294721 ns, Reaching safepoint: 73087 ns, At safepoint: 20199 ns, Total: 93286 ns
[2020-02-26T10:36:22.690+0000][1][safepoint    ] Safepoint "Cleanup", Time since last: 1000607775 ns, Reaching safepoint: 81265 ns, At safepoint: 8533 ns, Total: 89798 ns
[2020-02-26T10:36:23.690+0000][1][safepoint    ] Safepoint "Cleanup", Time since last: 1000435078 ns, Reaching safepoint: 130616 ns, At safepoint: 27629 ns, Total: 158245 ns
[2020-02-26T10:36:24.203+0000][1][safepoint    ] Safepoint "RevokeBias", Time since last: 513080819 ns, Reaching safepoint: 101746 ns, At safepoint: 55398 ns, Total: 157144 ns
[2020-02-26T10:36:25.204+0000][1][safepoint    ] Safepoint "Cleanup", Time since last: 1000641020 ns, Reaching safepoint: 76855 ns, At safepoint: 9490 ns, Total: 86345 ns
[2020-02-26T10:36:26.205+0000][1][safepoint    ] Safepoint "Cleanup", Time since last: 1000203213 ns, Reaching safepoint: 123295 ns, At safepoint: 11815 ns, Total: 135110 ns
[2020-02-26T10:36:26.714+0000][1][safepoint    ] Safepoint "RevokeBias", Time since last: 509759069 ns, Reaching safepoint: 70565 ns, At safepoint: 20084 ns, Total: 90649 ns
[2020-02-26T10:36:27.715+0000][1][safepoint    ] Safepoint "Cleanup", Time since last: 1000592419 ns, Reaching safepoint: 77431 ns, At safepoint: 9266 ns, Total: 86697 ns
[2020-02-26T10:36:28.717+0000][1][safepoint    ] Safepoint "Cleanup", Time since last: 1002221287 ns, Reaching safepoint: 97680 ns, At safepoint: 9138 ns, Total: 106818 ns
[2020-02-26T10:36:29.226+0000][1][safepoint    ] Safepoint "RevokeBias", Time since last: 508808335 ns, Reaching safepoint: 91306 ns, At safepoint: 23699 ns, Total: 115005 ns
[2020-02-26T10:36:30.227+0000][1][safepoint    ] Safepoint "Cleanup", Time since last: 1001058095 ns, Reaching safepoint: 129548 ns, At safepoint: 10546 ns, Total: 140094 ns
[2020-02-26T10:36:31.228+0000][1][safepoint    ] Safepoint "Cleanup", Time since last: 1000229876 ns, Reaching safepoint: 77909 ns, At safepoint: 9483 ns, Total: 87392 ns
[2020-02-26T10:36:31.733+0000][1][safepoint    ] Safepoint "RevokeBias", Time since last: 504680932 ns, Reaching safepoint: 106852 ns, At safepoint: 28805 ns, Total: 135657 ns
[2020-02-26T10:36:32.734+0000][1][safepoint    ] Safepoint "Cleanup", Time since last: 1001113704 ns, Reaching safepoint: 113165 ns, At safepoint: 12334 ns, Total: 125499 ns
[2020-02-26T10:36:33.734+0000][1][safepoint    ] Safepoint "Cleanup", Time since last: 1000196792 ns, Reaching safepoint: 77542 ns, At safepoint: 9960 ns, Total: 87502 ns
[2020-02-26T10:36:34.251+0000][1][safepoint    ] Safepoint "RevokeBias", Time since last: 517165329 ns, Reaching safepoint: 102024 ns, At safepoint: 29281 ns, Total: 131305 ns
[2020-02-26T10:36:35.252+0000][1][safepoint    ] Safepoint "Cleanup", Time since last: 1000756957 ns, Reaching safepoint: 77778 ns, At safepoint: 10415 ns, Total: 88193 ns
[2020-02-26T10:36:36.253+0000][1][safepoint    ] Safepoint "Cleanup", Time since last: 1000434645 ns, Reaching safepoint: 121051 ns, At safepoint: 13070 ns, Total: 134121 ns
[2020-02-26T10:36:36.764+0000][1][safepoint    ] Safepoint "RevokeBias", Time since last: 511061387 ns, Reaching safepoint: 69716 ns, At safepoint: 19929 ns, Total: 89645 ns
[2020-02-26T10:36:37.765+0000][1][safepoint    ] Safepoint "Cleanup", Time since last: 1000452211 ns, Reaching safepoint: 78672 ns, At safepoint: 9289 ns, Total: 87961 ns
[2020-02-26T10:36:38.765+0000][1][safepoint    ] Safepoint "Cleanup", Time since last: 1000695976 ns, Reaching safepoint: 80245 ns, At safepoint: 9191 ns, Total: 89436 ns
[2020-02-26T10:36:39.268+0000][1][safepoint    ] Safepoint "RevokeBias", Time since last: 502865653 ns, Reaching safepoint: 68619 ns, At safepoint: 19579 ns, Total: 88198 ns
[2020-02-26T10:36:40.269+0000][1][safepoint    ] Safepoint "Cleanup", Time since last: 1000751488 ns, Reaching safepoint: 76267 ns, At safepoint: 9990 ns, Total: 86257 ns
[2020-02-26T10:36:41.270+0000][1][safepoint    ] Safepoint "Cleanup", Time since last: 1000524724 ns, Reaching safepoint: 98558 ns, At safepoint: 14740 ns, Total: 113298 ns
[2020-02-26T10:36:41.770+0000][1][safepoint    ] Safepoint "RevokeBias", Time since last: 500334173 ns, Reaching safepoint: 80822 ns, At safepoint: 27500 ns, Total: 108322 ns
[2020-02-26T10:36:42.772+0000][1][safepoint    ] Safepoint "Cleanup", Time since last: 1001249370 ns, Reaching safepoint: 86688 ns, At safepoint: 9448 ns, Total: 96136 ns
[2020-02-26T10:36:43.773+0000][1][safepoint    ] Safepoint "Cleanup", Time since last: 1000930532 ns, Reaching safepoint: 83989 ns, At safepoint: 10703 ns, Total: 94692 ns
[2020-02-26T10:36:44.277+0000][1][safepoint    ] Safepoint "RevokeBias", Time since last: 503867649 ns, Reaching safepoint: 66859 ns, At safepoint: 19319 ns, Total: 86178 ns
[2020-02-26T10:36:45.281+0000][1][safepoint    ] Safepoint "Cleanup", Time since last: 1004397459 ns, Reaching safepoint: 158428 ns, At safepoint: 8565 ns, Total: 166993 ns
[2020-02-26T10:36:46.282+0000][1][safepoint    ] Safepoint "Cleanup", Time since last: 1000687309 ns, Reaching safepoint: 133420 ns, At safepoint: 12941 ns, Total: 146361 ns
[2020-02-26T10:36:46.781+0000][1][safepoint    ] Safepoint "RevokeBias", Time since last: 499050961 ns, Reaching safepoint: 126608 ns, At safepoint: 19666 ns, Total: 146274 ns
[2020-02-26T10:36:47.782+0000][1][safepoint    ] Safepoint "Cleanup", Time since last: 1000367230 ns, Reaching safepoint: 79048 ns, At safepoint: 8955 ns, Total: 88003 ns
[2020-02-26T10:36:49.291+0000][1][safepoint    ] Safepoint "RevokeBias", Time since last: 1509307603 ns, Reaching safepoint: 134838 ns, At safepoint: 22804 ns, Total: 157642 ns
[2020-02-26T10:36:50.300+0000][1][safepoint    ] Safepoint "Cleanup", Time since last: 1009261389 ns, Reaching safepoint: 109698 ns, At safepoint: 9253 ns, Total: 118951 ns
[2020-02-26T10:36:51.301+0000][1][safepoint    ] Safepoint "Cleanup", Time since last: 1000343286 ns, Reaching safepoint: 125903 ns, At safepoint: 9479 ns, Total: 135382 ns
[2020-02-26T10:36:51.820+0000][1][safepoint    ] Safepoint "RevokeBias", Time since last: 519344450 ns, Reaching safepoint: 104115 ns, At safepoint: 21592 ns, Total: 125707 ns
[2020-02-26T10:36:52.821+0000][1][safepoint    ] Safepoint "Cleanup", Time since last: 1000858615 ns, Reaching safepoint: 76774 ns, At safepoint: 9078 ns, Total: 85852 ns
[2020-02-26T10:36:53.822+0000][1][safepoint    ] Safepoint "Cleanup", Time since last: 1000290320 ns, Reaching safepoint: 77944 ns, At safepoint: 10072 ns, Total: 88016 ns
[2020-02-26T10:36:54.326+0000][1][safepoint    ] Safepoint "RevokeBias", Time since last: 504171590 ns, Reaching safepoint: 109277 ns, At safepoint: 30330 ns, Total: 139607 ns
[2020-02-26T10:36:55.327+0000][1][safepoint    ] Safepoint "Cleanup", Time since last: 1001284949 ns, Reaching safepoint: 180971 ns, At safepoint: 12673 ns, Total: 193644 ns
[2020-02-26T10:36:56.328+0000][1][safepoint    ] Safepoint "Cleanup", Time since last: 1000609269 ns, Reaching safepoint: 77291 ns, At safepoint: 9336 ns, Total: 86627 ns
[2020-02-26T10:36:56.832+0000][1][safepoint    ] Safepoint "RevokeBias", Time since last: 504147775 ns, Reaching safepoint: 71306 ns, At safepoint: 20182 ns, Total: 91488 ns
[2020-02-26T10:36:57.833+0000][1][safepoint    ] Safepoint "Cleanup", Time since last: 1000526293 ns, Reaching safepoint: 78127 ns, At safepoint: 10157 ns, Total: 88284 ns
[2020-02-26T10:36:58.835+0000][1][safepoint    ] Safepoint "Cleanup", Time since last: 1002337857 ns, Reaching safepoint: 65690 ns, At safepoint: 7984 ns, Total: 73674 ns
[2020-02-26T10:36:59.339+0000][1][safepoint    ] Safepoint "RevokeBias", Time since last: 503322695 ns, Reaching safepoint: 86323 ns, At safepoint: 23520 ns, Total: 109843 ns
[2020-02-26T10:37:00.339+0000][1][safepoint    ] Safepoint "Cleanup", Time since last: 1000192755 ns, Reaching safepoint: 95375 ns, At safepoint: 12549 ns, Total: 107924 ns
[2020-02-26T10:37:01.343+0000][1][safepoint    ] Safepoint "Cleanup", Time since last: 1003229144 ns, Reaching safepoint: 90810 ns, At safepoint: 9726 ns, Total: 100536 ns
[2020-02-26T10:37:01.841+0000][1][safepoint    ] Safepoint "RevokeBias", Time since last: 498713983 ns, Reaching safepoint: 71498 ns, At safepoint: 20011 ns, Total: 91509 ns
[2020-02-26T10:37:02.842+0000][1][safepoint    ] Safepoint "Cleanup", Time since last: 1000425419 ns, Reaching safepoint: 105107 ns, At safepoint: 10694 ns, Total: 115801 ns
[2020-02-26T10:37:03.843+0000][1][safepoint    ] Safepoint "Cleanup", Time since last: 1000593511 ns, Reaching safepoint: 89090 ns, At safepoint: 11330 ns, Total: 100420 ns
[2020-02-26T10:37:04.346+0000][1][safepoint    ] Safepoint "RevokeBias", Time since last: 503049516 ns, Reaching safepoint: 164365 ns, At safepoint: 23868 ns, Total: 188233 ns
[2020-02-26T10:37:05.347+0000][1][safepoint    ] Safepoint "Cleanup", Time since last: 1000699361 ns, Reaching safepoint: 74883 ns, At safepoint: 8606 ns, Total: 83489 ns
[2020-02-26T10:37:06.348+0000][1][safepoint    ] Safepoint "Cleanup", Time since last: 1001534494 ns, Reaching safepoint: 76784 ns, At safepoint: 8909 ns, Total: 85693 ns
[2020-02-26T10:37:06.850+0000][1][safepoint    ] Safepoint "RevokeBias", Time since last: 502171964 ns, Reaching safepoint: 71361 ns, At safepoint: 19574 ns, Total: 90935 ns
[2020-02-26T10:37:07.851+0000][1][safepoint    ] Safepoint "Cleanup", Time since last: 1000538932 ns, Reaching safepoint: 149641 ns, At safepoint: 27550 ns, Total: 177191 ns
[2020-02-26T10:37:08.852+0000][1][safepoint    ] Safepoint "Cleanup", Time since last: 1000611973 ns, Reaching safepoint: 88073 ns, At safepoint: 12032 ns, Total: 100105 ns
[2020-02-26T10:37:09.357+0000][1][safepoint    ] Safepoint "RevokeBias", Time since last: 505115136 ns, Reaching safepoint: 71737 ns, At safepoint: 20792 ns, Total: 92529 ns
[2020-02-26T10:37:10.358+0000][1][safepoint    ] Safepoint "Cleanup", Time since last: 1000391834 ns, Reaching safepoint: 77498 ns, At safepoint: 9628 ns, Total: 87126 ns
[2020-02-26T10:37:11.363+0000][1][safepoint    ] Safepoint "Cleanup", Time since last: 1005562229 ns, Reaching safepoint: 137838 ns, At safepoint: 14623 ns, Total: 152461 ns
[2020-02-26T10:37:11.872+0000][1][safepoint    ] Safepoint "RevokeBias", Time since last: 508238583 ns, Reaching safepoint: 69315 ns, At safepoint: 18986 ns, Total: 88301 ns
[2020-02-26T10:37:12.872+0000][1][safepoint    ] Safepoint "Cleanup", Time since last: 1000450931 ns, Reaching safepoint: 81429 ns, At safepoint: 9372 ns, Total: 90801 ns
[2020-02-26T10:37:13.873+0000][1][safepoint    ] Safepoint "Cleanup", Time since last: 1000710187 ns, Reaching safepoint: 96440 ns, At safepoint: 12563 ns, Total: 109003 ns
[2020-02-26T10:37:14.384+0000][1][safepoint    ] Safepoint "BulkRevokeBias", Time since last: 510997384 ns, Reaching safepoint: 71379 ns, At safepoint: 303383 ns, Total: 374762 ns
[2020-02-26T10:37:15.385+0000][1][safepoint    ] Safepoint "Cleanup", Time since last: 1000432372 ns, Reaching safepoint: 91119 ns, At safepoint: 11050 ns, Total: 102169 ns
[2020-02-26T10:37:16.385+0000][1][safepoint    ] Safepoint "Cleanup", Time since last: 1000479040 ns, Reaching safepoint: 77277 ns, At safepoint: 9230 ns, Total: 86507 ns
[2020-02-26T10:37:16.896+0000][1][safepoint    ] Safepoint "RevokeBias", Time since last: 510950324 ns, Reaching safepoint: 70518 ns, At safepoint: 19346 ns, Total: 89864 ns
[2020-02-26T10:37:17.897+0000][1][safepoint    ] Safepoint "Cleanup", Time since last: 1000239953 ns, Reaching safepoint: 90169 ns, At safepoint: 10380 ns, Total: 100549 ns
[2020-02-26T10:37:19.365+0000][1][safepoint    ] Safepoint "Cleanup", Time since last: 1467695972 ns, Reaching safepoint: 111774 ns, At safepoint: 14289 ns, Total: 126063 ns
[2020-02-26T10:37:19.410+0000][1][safepoint    ] Safepoint "RevokeBias", Time since last: 44839357 ns, Reaching safepoint: 184597 ns, At safepoint: 24382 ns, Total: 208979 ns
[2020-02-26T10:37:20.411+0000][1][safepoint    ] Safepoint "Cleanup", Time since last: 1000744549 ns, Reaching safepoint: 78820 ns, At safepoint: 9138 ns, Total: 87958 ns
[2020-02-26T10:37:21.411+0000][1][safepoint    ] Safepoint "Cleanup", Time since last: 1000357622 ns, Reaching safepoint: 93368 ns, At safepoint: 10821 ns, Total: 104189 ns
[2020-02-26T10:37:21.924+0000][1][safepoint    ] Safepoint "RevokeBias", Time since last: 512808057 ns, Reaching safepoint: 70208 ns, At safepoint: 19695 ns, Total: 89903 ns
[2020-02-26T10:37:22.924+0000][1][safepoint    ] Safepoint "Cleanup", Time since last: 1000405841 ns, Reaching safepoint: 101158 ns, At safepoint: 14179 ns, Total: 115337 ns
[2020-02-26T10:37:23.925+0000][1][safepoint    ] Safepoint "Cleanup", Time since last: 1000546416 ns, Reaching safepoint: 81823 ns, At safepoint: 12604 ns, Total: 94427 ns
[2020-02-26T10:37:24.433+0000][1][safepoint    ] Safepoint "RevokeBias", Time since last: 508037062 ns, Reaching safepoint: 71749 ns, At safepoint: 19168 ns, Total: 90917 ns
[2020-02-26T10:37:25.434+0000][1][safepoint    ] Safepoint "Cleanup", Time since last: 1000568740 ns, Reaching safepoint: 89848 ns, At safepoint: 11692 ns, Total: 101540 ns
[2020-02-26T10:37:26.435+0000][1][safepoint    ] Safepoint "Cleanup", Time since last: 1000707641 ns, Reaching safepoint: 78485 ns, At safepoint: 10540 ns, Total: 89025 ns
[2020-02-26T10:37:26.937+0000][1][safepoint    ] Safepoint "RevokeBias", Time since last: 502583395 ns, Reaching safepoint: 105639 ns, At safepoint: 22257 ns, Total: 127896 ns
[2020-02-26T10:37:27.940+0000][1][safepoint    ] Safepoint "Cleanup", Time since last: 1002708350 ns, Reaching safepoint: 91463 ns, At safepoint: 27143 ns, Total: 118606 ns
[2020-02-26T10:37:28.941+0000][1][safepoint    ] Safepoint "Cleanup", Time since last: 1000284220 ns, Reaching safepoint: 95802 ns, At safepoint: 12337 ns, Total: 108139 ns
[2020-02-26T10:37:29.444+0000][1][safepoint    ] Safepoint "RevokeBias", Time since last: 502849310 ns, Reaching safepoint: 84251 ns, At safepoint: 22168 ns, Total: 106419 ns
[2020-02-26T10:37:30.444+0000][1][safepoint    ] Safepoint "Cleanup", Time since last: 1000394696 ns, Reaching safepoint: 78788 ns, At safepoint: 9807 ns, Total: 88595 ns
[2020-02-26T10:37:31.445+0000][1][safepoint    ] Safepoint "Cleanup", Time since last: 1000578900 ns, Reaching safepoint: 117031 ns, At safepoint: 10689 ns, Total: 127720 ns
[2020-02-26T10:37:31.948+0000][1][safepoint    ] Safepoint "RevokeBias", Time since last: 503220398 ns, Reaching safepoint: 70825 ns, At safepoint: 20350 ns, Total: 91175 ns
[2020-02-26T10:37:32.955+0000][1][safepoint    ] Safepoint "Cleanup", Time since last: 1006467677 ns, Reaching safepoint: 77946 ns, At safepoint: 8469 ns, Total: 86415 ns
[2020-02-26T10:37:33.956+0000][1][safepoint    ] Safepoint "Cleanup", Time since last: 1000821427 ns, Reaching safepoint: 79778 ns, At safepoint: 9289 ns, Total: 89067 ns
[2020-02-26T10:37:34.454+0000][1][safepoint    ] Safepoint "RevokeBias", Time since last: 498202780 ns, Reaching safepoint: 167741 ns, At safepoint: 23787 ns, Total: 191528 ns
[2020-02-26T10:37:35.454+0000][1][safepoint    ] Safepoint "Cleanup", Time since last: 1000151973 ns, Reaching safepoint: 78508 ns, At safepoint: 9214 ns, Total: 87722 ns
[2020-02-26T10:37:36.455+0000][1][safepoint    ] Safepoint "Cleanup", Time since last: 1000773097 ns, Reaching safepoint: 88248 ns, At safepoint: 11264 ns, Total: 99512 ns
[2020-02-26T10:37:36.961+0000][1][safepoint    ] Safepoint "RevokeBias", Time since last: 506241379 ns, Reaching safepoint: 69764 ns, At safepoint: 19637 ns, Total: 89401 ns
[2020-02-26T10:37:37.967+0000][1][safepoint    ] Safepoint "Cleanup", Time since last: 1005974915 ns, Reaching safepoint: 89803 ns, At safepoint: 9017 ns, Total: 98820 ns
[2020-02-26T10:37:38.968+0000][1][safepoint    ] Safepoint "Cleanup", Time since last: 1000168696 ns, Reaching safepoint: 78479 ns, At safepoint: 8346 ns, Total: 86825 ns
[2020-02-26T10:37:39.467+0000][1][safepoint    ] Safepoint "RevokeBias", Time since last: 499550703 ns, Reaching safepoint: 69217 ns, At safepoint: 89656 ns, Total: 158873 ns
[2020-02-26T10:37:40.468+0000][1][safepoint    ] Safepoint "Cleanup", Time since last: 1000602929 ns, Reaching safepoint: 86813 ns, At safepoint: 10773 ns, Total: 97586 ns
[2020-02-26T10:37:41.469+0000][1][safepoint    ] Safepoint "Cleanup", Time since last: 1000745424 ns, Reaching safepoint: 101242 ns, At safepoint: 11904 ns, Total: 113146 ns
[2020-02-26T10:37:41.971+0000][1][safepoint    ] Safepoint "RevokeBias", Time since last: 501821707 ns, Reaching safepoint: 72029 ns, At safepoint: 19827 ns, Total: 91856 ns
[2020-02-26T10:37:42.972+0000][1][safepoint    ] Safepoint "Cleanup", Time since last: 1001429602 ns, Reaching safepoint: 179026 ns, At safepoint: 22437 ns, Total: 201463 ns
[2020-02-26T10:37:43.974+0000][1][safepoint    ] Safepoint "Cleanup", Time since last: 1001227418 ns, Reaching safepoint: 206300 ns, At safepoint: 23061 ns, Total: 229361 ns
[2020-02-26T10:37:44.474+0000][1][safepoint    ] Safepoint "RevokeBias", Time since last: 499959340 ns, Reaching safepoint: 69431 ns, At safepoint: 19961 ns, Total: 89392 ns
[2020-02-26T10:37:45.475+0000][1][safepoint    ] Safepoint "Cleanup", Time since last: 1000812181 ns, Reaching safepoint: 112485 ns, At safepoint: 17353 ns, Total: 129838 ns
[2020-02-26T10:37:46.476+0000][1][safepoint    ] Safepoint "Cleanup", Time since last: 1000656094 ns, Reaching safepoint: 75179 ns, At safepoint: 7447 ns, Total: 82626 ns
[2020-02-26T10:37:46.977+0000][1][safepoint    ] Safepoint "RevokeBias", Time since last: 501130688 ns, Reaching safepoint: 70488 ns, At safepoint: 19898 ns, Total: 90386 ns
[2020-02-26T10:37:47.977+0000][1][safepoint    ] Safepoint "Cleanup", Time since last: 1000336902 ns, Reaching safepoint: 87524 ns, At safepoint: 10506 ns, Total: 98030 ns
[2020-02-26T10:37:49.381+0000][1][safepoint    ] Safepoint "Cleanup", Time since last: 1404017520 ns, Reaching safepoint: 123462 ns, At safepoint: 9692 ns, Total: 133154 ns
[2020-02-26T10:37:49.483+0000][1][safepoint    ] Safepoint "RevokeBias", Time since last: 101166497 ns, Reaching safepoint: 128150 ns, At safepoint: 23874 ns, Total: 152024 ns
[2020-02-26T10:37:50.484+0000][1][safepoint    ] Safepoint "Cleanup", Time since last: 1000696857 ns, Reaching safepoint: 113905 ns, At safepoint: 11642 ns, Total: 125547 ns
[2020-02-26T10:37:51.484+0000][1][safepoint    ] Safepoint "Cleanup", Time since last: 1000166112 ns, Reaching safepoint: 79562 ns, At safepoint: 10937 ns, Total: 90499 ns
[2020-02-26T10:37:51.986+0000][1][safepoint    ] Safepoint "RevokeBias", Time since last: 501903750 ns, Reaching safepoint: 138196 ns, At safepoint: 22870 ns, Total: 161066 ns
[2020-02-26T10:37:52.987+0000][1][safepoint    ] Safepoint "Cleanup", Time since last: 1000574542 ns, Reaching safepoint: 119444 ns, At safepoint: 12114 ns, Total: 131558 ns
[2020-02-26T10:37:53.991+0000][1][safepoint    ] Safepoint "Cleanup", Time since last: 1004433923 ns, Reaching safepoint: 93031 ns, At safepoint: 8523 ns, Total: 101554 ns
[2020-02-26T10:37:54.506+0000][1][safepoint    ] Safepoint "RevokeBias", Time since last: 514890707 ns, Reaching safepoint: 71050 ns, At safepoint: 19108 ns, Total: 90158 ns
[2020-02-26T10:37:55.507+0000][1][safepoint    ] Safepoint "Cleanup", Time since last: 1000548754 ns, Reaching safepoint: 88698 ns, At safepoint: 10809 ns, Total: 99507 ns
[2020-02-26T10:37:56.507+0000][1][safepoint    ] Safepoint "Cleanup", Time since last: 1000463640 ns, Reaching safepoint: 79166 ns, At safepoint: 10496 ns, Total: 89662 ns
[2020-02-26T10:37:57.018+0000][1][safepoint    ] Safepoint "RevokeBias", Time since last: 510632040 ns, Reaching safepoint: 78522 ns, At safepoint: 25039 ns, Total: 103561 ns
[2020-02-26T10:37:58.019+0000][1][safepoint    ] Safepoint "Cleanup", Time since last: 1000705328 ns, Reaching safepoint: 83406 ns, At safepoint: 10121 ns, Total: 93527 ns
[2020-02-26T10:37:59.022+0000][1][safepoint    ] Safepoint "Cleanup", Time since last: 1002532962 ns, Reaching safepoint: 73620 ns, At safepoint: 8626 ns, Total: 82246 ns
[2020-02-26T10:37:59.528+0000][1][safepoint    ] Safepoint "RevokeBias", Time since last: 506867333 ns, Reaching safepoint: 69063 ns, At safepoint: 36989 ns, Total: 106052 ns
[2020-02-26T10:38:00.529+0000][1][safepoint    ] Safepoint "Cleanup", Time since last: 1000830580 ns, Reaching safepoint: 88177 ns, At safepoint: 11402 ns, Total: 99579 ns
[2020-02-26T10:38:01.530+0000][1][safepoint    ] Safepoint "Cleanup", Time since last: 1000430971 ns, Reaching safepoint: 76709 ns, At safepoint: 8871 ns, Total: 85580 ns
[2020-02-26T10:38:02.036+0000][1][safepoint    ] Safepoint "RevokeBias", Time since last: 506375970 ns, Reaching safepoint: 108794 ns, At safepoint: 22470 ns, Total: 131264 ns
[2020-02-26T10:38:03.037+0000][1][safepoint    ] Safepoint "Cleanup", Time since last: 1000246823 ns, Reaching safepoint: 81213 ns, At safepoint: 11312 ns, Total: 92525 ns
[2020-02-26T10:38:04.037+0000][1][safepoint    ] Safepoint "Cleanup", Time since last: 1000524302 ns, Reaching safepoint: 91735 ns, At safepoint: 10426 ns, Total: 102161 ns
[2020-02-26T10:38:04.549+0000][1][safepoint    ] Safepoint "RevokeBias", Time since last: 511449900 ns, Reaching safepoint: 71864 ns, At safepoint: 19723 ns, Total: 91587 ns
[2020-02-26T10:38:05.550+0000][1][safepoint    ] Safepoint "Cleanup", Time since last: 1000492206 ns, Reaching safepoint: 76886 ns, At safepoint: 10094 ns, Total: 86980 ns
[2020-02-26T10:38:06.550+0000][1][safepoint    ] Safepoint "Cleanup", Time since last: 1000525807 ns, Reaching safepoint: 78703 ns, At safepoint: 9611 ns, Total: 88314 ns
[2020-02-26T10:38:07.060+0000][1][safepoint    ] Safepoint "RevokeBias", Time since last: 509916834 ns, Reaching safepoint: 79036 ns, At safepoint: 21749 ns, Total: 100785 ns
[2020-02-26T10:38:08.060+0000][1][safepoint    ] Safepoint "Cleanup", Time since last: 1000229325 ns, Reaching safepoint: 81094 ns, At safepoint: 11899 ns, Total: 92993 ns
[2020-02-26T10:38:09.061+0000][1][safepoint    ] Safepoint "Cleanup", Time since last: 1000849665 ns, Reaching safepoint: 74802 ns, At safepoint: 8353 ns, Total: 83155 ns
[2020-02-26T10:38:09.565+0000][1][safepoint    ] Safepoint "RevokeBias", Time since last: 503306385 ns, Reaching safepoint: 87671 ns, At safepoint: 23244 ns, Total: 110915 ns
[2020-02-26T10:38:10.569+0000][1][safepoint    ] Safepoint "Cleanup", Time since last: 1004188884 ns, Reaching safepoint: 96870 ns, At safepoint: 10802 ns, Total: 107672 ns
[2020-02-26T10:38:11.570+0000][1][safepoint    ] Safepoint "Cleanup", Time since last: 1000561226 ns, Reaching safepoint: 79096 ns, At safepoint: 10324 ns, Total: 89420 ns
[2020-02-26T10:38:12.068+0000][1][safepoint    ] Safepoint "RevokeBias", Time since last: 498267466 ns, Reaching safepoint: 194354 ns, At safepoint: 30672 ns, Total: 225026 ns
[2020-02-26T10:38:13.069+0000][1][safepoint    ] Safepoint "Cleanup", Time since last: 1000666004 ns, Reaching safepoint: 99972 ns, At safepoint: 12980 ns, Total: 112952 ns
[2020-02-26T10:38:14.069+0000][1][safepoint    ] Safepoint "Cleanup", Time since last: 1000308795 ns, Reaching safepoint: 96309 ns, At safepoint: 11300 ns, Total: 107609 ns
[2020-02-26T10:38:14.575+0000][1][safepoint    ] Safepoint "RevokeBias", Time since last: 505511341 ns, Reaching safepoint: 103882 ns, At safepoint: 28113 ns, Total: 131995 ns
[2020-02-26T10:38:15.576+0000][1][safepoint    ] Safepoint "Cleanup", Time since last: 1000387076 ns, Reaching safepoint: 75782 ns, At safepoint: 8190 ns, Total: 83972 ns
[2020-02-26T10:38:16.577+0000][1][safepoint    ] Safepoint "Cleanup", Time since last: 1001271588 ns, Reaching safepoint: 91665 ns, At safepoint: 10831 ns, Total: 102496 ns
[2020-02-26T10:38:17.079+0000][1][safepoint    ] Safepoint "RevokeBias", Time since last: 501559865 ns, Reaching safepoint: 79518 ns, At safepoint: 22890 ns, Total: 102408 ns
[2020-02-26T10:38:18.079+0000][1][safepoint    ] Safepoint "Cleanup", Time since last: 1000702398 ns, Reaching safepoint: 86986 ns, At safepoint: 10981 ns, Total: 97967 ns
[2020-02-26T10:38:19.585+0000][1][safepoint    ] Safepoint "RevokeBias", Time since last: 1505559693 ns, Reaching safepoint: 56439 ns, At safepoint: 20168 ns, Total: 76607 ns
[2020-02-26T10:38:20.593+0000][1][safepoint    ] Safepoint "Cleanup", Time since last: 1008116034 ns, Reaching safepoint: 74992 ns, At safepoint: 8112 ns, Total: 83104 ns
[2020-02-26T10:38:21.594+0000][1][safepoint    ] Safepoint "Cleanup", Time since last: 1000411974 ns, Reaching safepoint: 75610 ns, At safepoint: 9370 ns, Total: 84980 ns
[2020-02-26T10:38:22.089+0000][1][safepoint    ] Safepoint "RevokeBias", Time since last: 494983832 ns, Reaching safepoint: 99240 ns, At safepoint: 30367 ns, Total: 129607 ns
[2020-02-26T10:38:22.329+0000][1][gc,start     ] GC(85) Pause Young (Allocation Failure)
[2020-02-26T10:38:22.329+0000][1][gc,task      ] GC(85) Using 1 workers of 1 for evacuation
[2020-02-26T10:38:22.343+0000][1][gc,age       ] GC(85) Desired survivor size 4358144 bytes, new threshold 6 (max threshold 6)
[2020-02-26T10:38:22.343+0000][1][gc,age       ] GC(85) Age table with threshold 6 (max threshold 6)
[2020-02-26T10:38:22.343+0000][1][gc,age       ] GC(85) - age   1:      12112 bytes,      12112 total
[2020-02-26T10:38:22.343+0000][1][gc,age       ] GC(85) - age   2:       1680 bytes,      13792 total
[2020-02-26T10:38:22.343+0000][1][gc,age       ] GC(85) - age   3:        232 bytes,      14024 total
[2020-02-26T10:38:22.343+0000][1][gc,age       ] GC(85) - age   4:       1000 bytes,      15024 total
[2020-02-26T10:38:22.343+0000][1][gc,age       ] GC(85) - age   5:        208 bytes,      15232 total
[2020-02-26T10:38:22.343+0000][1][gc,age       ] GC(85) - age   6:        312 bytes,      15544 total
[2020-02-26T10:38:22.343+0000][1][gc,heap      ] GC(85) ParNew: 68197K->30K(76672K)
[2020-02-26T10:38:22.343+0000][1][gc,heap      ] GC(85) CMS: 62666K->62666K(963392K)
[2020-02-26T10:38:22.343+0000][1][gc,metaspace ] GC(85) Metaspace: 80002K->80002K(1122304K)
[2020-02-26T10:38:22.343+0000][1][gc           ] GC(85) Pause Young (Allocation Failure) 127M->61M(1015M) 13.398ms
[2020-02-26T10:38:22.343+0000][1][gc,cpu       ] GC(85) User=0.01s Sys=0.00s Real=0.01s
[2020-02-26T10:38:22.343+0000][1][safepoint    ] Safepoint "GenCollectForAllocation", Time since last: 240460912 ns, Reaching safepoint: 67504 ns, At safepoint: 13454761 ns, Total: 13522265 ns
[2020-02-26T10:38:23.344+0000][1][safepoint    ] Safepoint "Cleanup", Time since last: 1000998215 ns, Reaching safepoint: 72175 ns, At safepoint: 8112 ns, Total: 80287 ns
[2020-02-26T10:38:24.344+0000][1][safepoint    ] Safepoint "Cleanup", Time since last: 1000388803 ns, Reaching safepoint: 94292 ns, At safepoint: 7909 ns, Total: 102201 ns
[2020-02-26T10:38:24.594+0000][1][safepoint    ] Safepoint "RevokeBias", Time since last: 249470897 ns, Reaching safepoint: 79099 ns, At safepoint: 23047 ns, Total: 102146 ns
[2020-02-26T10:38:25.596+0000][1][safepoint    ] Safepoint "Cleanup", Time since last: 1001704755 ns, Reaching safepoint: 71422 ns, At safepoint: 7359 ns, Total: 78781 ns
[2020-02-26T10:38:26.597+0000][1][safepoint    ] Safepoint "Cleanup", Time since last: 1000897067 ns, Reaching safepoint: 81463 ns, At safepoint: 8656 ns, Total: 90119 ns
[2020-02-26T10:38:27.100+0000][1][safepoint    ] Safepoint "BulkRevokeBias", Time since last: 503319362 ns, Reaching safepoint: 69676 ns, At safepoint: 247843 ns, Total: 317519 ns
[2020-02-26T10:38:28.101+0000][1][safepoint    ] Safepoint "Cleanup", Time since last: 1000386044 ns, Reaching safepoint: 78409 ns, At safepoint: 10401 ns, Total: 88810 ns
[2020-02-26T10:38:29.102+0000][1][safepoint    ] Safepoint "Cleanup", Time since last: 1000610826 ns, Reaching safepoint: 149463 ns, At safepoint: 10365 ns, Total: 159828 ns
[2020-02-26T10:38:29.606+0000][1][safepoint    ] Safepoint "RevokeBias", Time since last: 504159278 ns, Reaching safepoint: 70294 ns, At safepoint: 20164 ns, Total: 90458 ns
[2020-02-26T10:38:30.606+0000][1][safepoint    ] Safepoint "Cleanup", Time since last: 1000222124 ns, Reaching safepoint: 77155 ns, At safepoint: 7972 ns, Total: 85127 ns
[2020-02-26T10:38:31.607+0000][1][safepoint    ] Safepoint "Cleanup", Time since last: 1001163801 ns, Reaching safepoint: 74112 ns, At safepoint: 7912 ns, Total: 82024 ns
[2020-02-26T10:38:32.116+0000][1][safepoint    ] Safepoint "RevokeBias", Time since last: 508221272 ns, Reaching safepoint: 99151 ns, At safepoint: 27641 ns, Total: 126792 ns
[2020-02-26T10:38:33.117+0000][1][safepoint    ] Safepoint "Cleanup", Time since last: 1000950832 ns, Reaching safepoint: 90113 ns, At safepoint: 10288 ns, Total: 100401 ns
[2020-02-26T10:38:34.117+0000][1][safepoint    ] Safepoint "Cleanup", Time since last: 1000332351 ns, Reaching safepoint: 90386 ns, At safepoint: 9138 ns, Total: 99524 ns
[2020-02-26T10:38:34.623+0000][1][safepoint    ] Safepoint "RevokeBias", Time since last: 505289621 ns, Reaching safepoint: 69821 ns, At safepoint: 19445 ns, Total: 89266 ns
[2020-02-26T10:38:35.624+0000][1][safepoint    ] Safepoint "Cleanup", Time since last: 1000814101 ns, Reaching safepoint: 79668 ns, At safepoint: 9917 ns, Total: 89585 ns
[2020-02-26T10:38:36.633+0000][1][safepoint    ] Safepoint "Cleanup", Time since last: 1009519565 ns, Reaching safepoint: 94590 ns, At safepoint: 9692 ns, Total: 104282 ns
[2020-02-26T10:38:37.128+0000][1][safepoint    ] Safepoint "RevokeBias", Time since last: 494699615 ns, Reaching safepoint: 70693 ns, At safepoint: 19460 ns, Total: 90153 ns
[2020-02-26T10:38:38.129+0000][1][safepoint    ] Safepoint "Cleanup", Time since last: 1000490378 ns, Reaching safepoint: 219406 ns, At safepoint: 29645 ns, Total: 249051 ns
[2020-02-26T10:38:39.130+0000][1][safepoint    ] Safepoint "Cleanup", Time since last: 1000876480 ns, Reaching safepoint: 82000 ns, At safepoint: 10081 ns, Total: 92081 ns
[2020-02-26T10:38:39.634+0000][1][safepoint    ] Safepoint "RevokeBias", Time since last: 504190279 ns, Reaching safepoint: 85693 ns, At safepoint: 22906 ns, Total: 108599 ns
[2020-02-26T10:38:40.635+0000][1][safepoint    ] Safepoint "Cleanup", Time since last: 1000596895 ns, Reaching safepoint: 78866 ns, At safepoint: 9455 ns, Total: 88321 ns
[2020-02-26T10:38:41.641+0000][1][safepoint    ] Safepoint "Cleanup", Time since last: 1005965022 ns, Reaching safepoint: 115053 ns, At safepoint: 12265 ns, Total: 127318 ns
[2020-02-26T10:38:42.144+0000][1][safepoint    ] Safepoint "RevokeBias", Time since last: 502956448 ns, Reaching safepoint: 68634 ns, At safepoint: 18987 ns, Total: 87621 ns
[2020-02-26T10:38:43.144+0000][1][safepoint    ] Safepoint "Cleanup", Time since last: 1000117783 ns, Reaching safepoint: 82925 ns, At safepoint: 9235 ns, Total: 92160 ns
[2020-02-26T10:38:44.144+0000][1][safepoint    ] Safepoint "Cleanup", Time since last: 1000265227 ns, Reaching safepoint: 94362 ns, At safepoint: 28800 ns, Total: 123162 ns
[2020-02-26T10:38:44.658+0000][1][safepoint    ] Safepoint "RevokeBias", Time since last: 513436744 ns, Reaching safepoint: 69500 ns, At safepoint: 82768 ns, Total: 152268 ns
[2020-02-26T10:38:45.659+0000][1][safepoint    ] Safepoint "Cleanup", Time since last: 1000561464 ns, Reaching safepoint: 112536 ns, At safepoint: 12038 ns, Total: 124574 ns
[2020-02-26T10:38:46.659+0000][1][safepoint    ] Safepoint "Cleanup", Time since last: 1000314772 ns, Reaching safepoint: 112991 ns, At safepoint: 27289 ns, Total: 140280 ns
[2020-02-26T10:38:47.171+0000][1][safepoint    ] Safepoint "RevokeBias", Time since last: 511633537 ns, Reaching safepoint: 54195 ns, At safepoint: 18507 ns, Total: 72702 ns
[2020-02-26T10:38:48.172+0000][1][safepoint    ] Safepoint "Cleanup", Time since last: 1001362849 ns, Reaching safepoint: 107858 ns, At safepoint: 12966 ns, Total: 120824 ns
[2020-02-26T10:38:49.177+0000][1][safepoint    ] Safepoint "Cleanup", Time since last: 1004269412 ns, Reaching safepoint: 79321 ns, At safepoint: 10916 ns, Total: 90237 ns
[2020-02-26T10:38:49.683+0000][1][safepoint    ] Safepoint "RevokeBias", Time since last: 506331207 ns, Reaching safepoint: 95777 ns, At safepoint: 40530 ns, Total: 136307 ns
[2020-02-26T10:38:50.684+0000][1][safepoint    ] Safepoint "Cleanup", Time since last: 1000889733 ns, Reaching safepoint: 93413 ns, At safepoint: 11053 ns, Total: 104466 ns
[2020-02-26T10:38:51.684+0000][1][safepoint    ] Safepoint "Cleanup", Time since last: 1000205941 ns, Reaching safepoint: 90801 ns, At safepoint: 11574 ns, Total: 102375 ns
[2020-02-26T10:38:52.195+0000][1][safepoint    ] Safepoint "RevokeBias", Time since last: 510668950 ns, Reaching safepoint: 128194 ns, At safepoint: 25087 ns, Total: 153281 ns
[2020-02-26T10:38:53.196+0000][1][safepoint    ] Safepoint "Cleanup", Time since last: 1001103417 ns, Reaching safepoint: 82034 ns, At safepoint: 10641 ns, Total: 92675 ns
[2020-02-26T10:38:54.213+0000][1][safepoint    ] Safepoint "Cleanup", Time since last: 1016707682 ns, Reaching safepoint: 233253 ns, At safepoint: 17319 ns, Total: 250572 ns
[2020-02-26T10:38:54.706+0000][1][safepoint    ] Safepoint "RevokeBias", Time since last: 492043667 ns, Reaching safepoint: 106603 ns, At safepoint: 26089 ns, Total: 132692 ns
[2020-02-26T10:38:55.706+0000][1][safepoint    ] Safepoint "Cleanup", Time since last: 1000559482 ns, Reaching safepoint: 79179 ns, At safepoint: 8370 ns, Total: 87549 ns
[2020-02-26T10:38:56.707+0000][1][safepoint    ] Safepoint "Cleanup", Time since last: 1000689539 ns, Reaching safepoint: 78118 ns, At safepoint: 9412 ns, Total: 87530 ns
[2020-02-26T10:38:57.210+0000][1][safepoint    ] Safepoint "RevokeBias", Time since last: 502555412 ns, Reaching safepoint: 71404 ns, At safepoint: 20072 ns, Total: 91476 ns
[2020-02-26T10:38:58.217+0000][1][safepoint    ] Safepoint "Cleanup", Time since last: 1007396391 ns, Reaching safepoint: 62206 ns, At safepoint: 8542 ns, Total: 70748 ns
[2020-02-26T10:38:59.218+0000][1][safepoint    ] Safepoint "Cleanup", Time since last: 1000276376 ns, Reaching safepoint: 78321 ns, At safepoint: 8140 ns, Total: 86461 ns
[2020-02-26T10:38:59.715+0000][1][safepoint    ] Safepoint "RevokeBias", Time since last: 497682656 ns, Reaching safepoint: 79047 ns, At safepoint: 20308 ns, Total: 99355 ns
[2020-02-26T10:39:00.716+0000][1][safepoint    ] Safepoint "Cleanup", Time since last: 1000446237 ns, Reaching safepoint: 107835 ns, At safepoint: 15894 ns, Total: 123729 ns
[2020-02-26T10:39:01.716+0000][1][safepoint    ] Safepoint "Cleanup", Time since last: 1000251261 ns, Reaching safepoint: 79056 ns, At safepoint: 9731 ns, Total: 88787 ns
[2020-02-26T10:39:02.219+0000][1][safepoint    ] Safepoint "RevokeBias", Time since last: 502229487 ns, Reaching safepoint: 94841 ns, At safepoint: 27014 ns, Total: 121855 ns
[2020-02-26T10:39:03.221+0000][1][safepoint    ] Safepoint "Cleanup", Time since last: 1002148378 ns, Reaching safepoint: 77242 ns, At safepoint: 8488 ns, Total: 85730 ns
[2020-02-26T10:39:04.221+0000][1][safepoint    ] Safepoint "Cleanup", Time since last: 1000187687 ns, Reaching safepoint: 83190 ns, At safepoint: 8723 ns, Total: 91913 ns
[2020-02-26T10:39:04.724+0000][1][safepoint    ] Safepoint "RevokeBias", Time since last: 502918264 ns, Reaching safepoint: 88884 ns, At safepoint: 23144 ns, Total: 112028 ns
[2020-02-26T10:39:05.724+0000][1][safepoint    ] Safepoint "Cleanup", Time since last: 1000261689 ns, Reaching safepoint: 80132 ns, At safepoint: 8742 ns, Total: 88874 ns
[2020-02-26T10:39:06.725+0000][1][safepoint    ] Safepoint "Cleanup", Time since last: 1000762467 ns, Reaching safepoint: 79231 ns, At safepoint: 10272 ns, Total: 89503 ns
[2020-02-26T10:39:07.231+0000][1][safepoint    ] Safepoint "RevokeBias", Time since last: 505083124 ns, Reaching safepoint: 89090 ns, At safepoint: 36218 ns, Total: 125308 ns
[2020-02-26T10:39:08.241+0000][1][safepoint    ] Safepoint "Cleanup", Time since last: 1010576894 ns, Reaching safepoint: 75688 ns, At safepoint: 8628 ns, Total: 84316 ns
[2020-02-26T10:39:09.242+0000][1][safepoint    ] Safepoint "Cleanup", Time since last: 1000583185 ns, Reaching safepoint: 98842 ns, At safepoint: 13143 ns, Total: 111985 ns
[2020-02-26T10:39:09.736+0000][1][safepoint    ] Safepoint "RevokeBias", Time since last: 494095071 ns, Reaching safepoint: 70338 ns, At safepoint: 63393 ns, Total: 133731 ns
[2020-02-26T10:39:10.737+0000][1][safepoint    ] Safepoint "Cleanup", Time since last: 1000463991 ns, Reaching safepoint: 78907 ns, At safepoint: 10601 ns, Total: 89508 ns
[2020-02-26T10:39:11.737+0000][1][safepoint    ] Safepoint "Cleanup", Time since last: 1000373556 ns, Reaching safepoint: 77779 ns, At safepoint: 9754 ns, Total: 87533 ns
[2020-02-26T10:39:12.240+0000][1][safepoint    ] Safepoint "RevokeBias", Time since last: 502315788 ns, Reaching safepoint: 93289 ns, At safepoint: 21067 ns, Total: 114356 ns
[2020-02-26T10:39:13.240+0000][1][safepoint    ] Safepoint "Cleanup", Time since last: 1000742291 ns, Reaching safepoint: 78327 ns, At safepoint: 10314 ns, Total: 88641 ns
[2020-02-26T10:39:14.243+0000][1][safepoint    ] Safepoint "Cleanup", Time since last: 1002476956 ns, Reaching safepoint: 108447 ns, At safepoint: 9398 ns, Total: 117845 ns
[2020-02-26T10:39:14.747+0000][1][safepoint    ] Safepoint "RevokeBias", Time since last: 503506834 ns, Reaching safepoint: 117379 ns, At safepoint: 21485 ns, Total: 138864 ns
[2020-02-26T10:39:15.747+0000][1][safepoint    ] Safepoint "Cleanup", Time since last: 1000455139 ns, Reaching safepoint: 78532 ns, At safepoint: 9980 ns, Total: 88512 ns
[2020-02-26T10:39:16.748+0000][1][safepoint    ] Safepoint "Cleanup", Time since last: 1000732658 ns, Reaching safepoint: 78610 ns, At safepoint: 8901 ns, Total: 87511 ns
[2020-02-26T10:39:17.251+0000][1][safepoint    ] Safepoint "RevokeBias", Time since last: 502551178 ns, Reaching safepoint: 73063 ns, At safepoint: 21055 ns, Total: 94118 ns
[2020-02-26T10:39:18.251+0000][1][safepoint    ] Safepoint "Cleanup", Time since last: 1000766968 ns, Reaching safepoint: 80341 ns, At safepoint: 9450 ns, Total: 89791 ns
[2020-02-26T10:39:19.758+0000][1][safepoint    ] Safepoint "RevokeBias", Time since last: 1506602189 ns, Reaching safepoint: 89277 ns, At safepoint: 22973 ns, Total: 112250 ns
[2020-02-26T10:39:20.758+0000][1][safepoint    ] Safepoint "Cleanup", Time since last: 1000108137 ns, Reaching safepoint: 76913 ns, At safepoint: 9371 ns, Total: 86284 ns
[2020-02-26T10:39:21.759+0000][1][safepoint    ] Safepoint "Cleanup", Time since last: 1000708181 ns, Reaching safepoint: 78680 ns, At safepoint: 9047 ns, Total: 87727 ns
[2020-02-26T10:39:22.263+0000][1][safepoint    ] Safepoint "RevokeBias", Time since last: 503263576 ns, Reaching safepoint: 168557 ns, At safepoint: 23947 ns, Total: 192504 ns
[2020-02-26T10:39:23.263+0000][1][safepoint    ] Safepoint "Cleanup", Time since last: 1000238246 ns, Reaching safepoint: 90192 ns, At safepoint: 10291 ns, Total: 100483 ns
[2020-02-26T10:39:24.267+0000][1][safepoint    ] Safepoint "Cleanup", Time since last: 1004325537 ns, Reaching safepoint: 112120 ns, At safepoint: 7346 ns, Total: 119466 ns
[2020-02-26T10:39:24.777+0000][1][safepoint    ] Safepoint "RevokeBias", Time since last: 509541251 ns, Reaching safepoint: 107977 ns, At safepoint: 20835 ns, Total: 128812 ns
[2020-02-26T10:39:25.777+0000][1][safepoint    ] Safepoint "Cleanup", Time since last: 1000189087 ns, Reaching safepoint: 75749 ns, At safepoint: 8768 ns, Total: 84517 ns
[2020-02-26T10:39:26.778+0000][1][safepoint    ] Safepoint "Cleanup", Time since last: 1000467965 ns, Reaching safepoint: 80427 ns, At safepoint: 10114 ns, Total: 90541 ns
[2020-02-26T10:39:27.285+0000][1][safepoint    ] Safepoint "RevokeBias", Time since last: 507425845 ns, Reaching safepoint: 75151 ns, At safepoint: 21222 ns, Total: 96373 ns
[2020-02-26T10:39:28.286+0000][1][safepoint    ] Safepoint "Cleanup", Time since last: 1000688311 ns, Reaching safepoint: 136379 ns, At safepoint: 13662 ns, Total: 150041 ns
[2020-02-26T10:39:29.290+0000][1][safepoint    ] Safepoint "Cleanup", Time since last: 1003301045 ns, Reaching safepoint: 78151 ns, At safepoint: 8503 ns, Total: 86654 ns
[2020-02-26T10:39:29.797+0000][1][safepoint    ] Safepoint "RevokeBias", Time since last: 506830255 ns, Reaching safepoint: 82982 ns, At safepoint: 22396 ns, Total: 105378 ns
[2020-02-26T10:39:30.797+0000][1][safepoint    ] Safepoint "Cleanup", Time since last: 1000379085 ns, Reaching safepoint: 79642 ns, At safepoint: 11365 ns, Total: 91007 ns
[2020-02-26T10:39:31.797+0000][1][safepoint    ] Safepoint "Cleanup", Time since last: 1000298501 ns, Reaching safepoint: 93279 ns, At safepoint: 10010 ns, Total: 103289 ns
[2020-02-26T10:39:32.306+0000][1][safepoint    ] Safepoint "RevokeBias", Time since last: 508731935 ns, Reaching safepoint: 93004 ns, At safepoint: 26987 ns, Total: 119991 ns
[2020-02-26T10:39:33.307+0000][1][safepoint    ] Safepoint "Cleanup", Time since last: 1000319861 ns, Reaching safepoint: 93691 ns, At safepoint: 10712 ns, Total: 104403 ns
[2020-02-26T10:39:34.308+0000][1][safepoint    ] Safepoint "Cleanup", Time since last: 1000669860 ns, Reaching safepoint: 117443 ns, At safepoint: 26242 ns, Total: 143685 ns
[2020-02-26T10:39:34.828+0000][1][safepoint    ] Safepoint "RevokeBias", Time since last: 520325705 ns, Reaching safepoint: 52905 ns, At safepoint: 17698 ns, Total: 70603 ns
[2020-02-26T10:39:35.829+0000][1][safepoint    ] Safepoint "Cleanup", Time since last: 1000735707 ns, Reaching safepoint: 146395 ns, At safepoint: 12129 ns, Total: 158524 ns
[2020-02-26T10:39:36.829+0000][1][safepoint    ] Safepoint "Cleanup", Time since last: 1000345455 ns, Reaching safepoint: 78025 ns, At safepoint: 10101 ns, Total: 88126 ns
[2020-02-26T10:39:37.337+0000][1][safepoint    ] Safepoint "RevokeBias", Time since last: 507505122 ns, Reaching safepoint: 70661 ns, At safepoint: 20561 ns, Total: 91222 ns
[2020-02-26T10:39:38.337+0000][1][safepoint    ] Safepoint "Cleanup", Time since last: 1000181542 ns, Reaching safepoint: 82012 ns, At safepoint: 12759 ns, Total: 94771 ns
[2020-02-26T10:39:39.338+0000][1][safepoint    ] Safepoint "Cleanup", Time since last: 1000569173 ns, Reaching safepoint: 77514 ns, At safepoint: 8906 ns, Total: 86420 ns
[2020-02-26T10:39:39.854+0000][1][safepoint    ] Safepoint "BulkRevokeBias", Time since last: 515546224 ns, Reaching safepoint: 49840 ns, At safepoint: 290753 ns, Total: 340593 ns
[2020-02-26T10:39:40.854+0000][1][safepoint    ] Safepoint "Cleanup", Time since last: 1000373683 ns, Reaching safepoint: 87370 ns, At safepoint: 10375 ns, Total: 97745 ns
[2020-02-26T10:39:41.854+0000][1][safepoint    ] Safepoint "Cleanup", Time since last: 1000139966 ns, Reaching safepoint: 73951 ns, At safepoint: 8486 ns, Total: 82437 ns
[2020-02-26T10:39:42.362+0000][1][safepoint    ] Safepoint "RevokeBias", Time since last: 507711901 ns, Reaching safepoint: 52311 ns, At safepoint: 17626 ns, Total: 69937 ns
[2020-02-26T10:39:43.363+0000][1][safepoint    ] Safepoint "Cleanup", Time since last: 1000816625 ns, Reaching safepoint: 82041 ns, At safepoint: 16181 ns, Total: 98222 ns
[2020-02-26T10:39:44.364+0000][1][safepoint    ] Safepoint "Cleanup", Time since last: 1000948434 ns, Reaching safepoint: 159908 ns, At safepoint: 30660 ns, Total: 190568 ns
[2020-02-26T10:39:44.868+0000][1][safepoint    ] Safepoint "RevokeBias", Time since last: 504108571 ns, Reaching safepoint: 72054 ns, At safepoint: 19712 ns, Total: 91766 ns
[2020-02-26T10:39:45.875+0000][1][safepoint    ] Safepoint "Cleanup", Time since last: 1006501498 ns, Reaching safepoint: 81772 ns, At safepoint: 9546 ns, Total: 91318 ns
[2020-02-26T10:39:46.876+0000][1][safepoint    ] Safepoint "Cleanup", Time since last: 1000547701 ns, Reaching safepoint: 87896 ns, At safepoint: 12277 ns, Total: 100173 ns
[2020-02-26T10:39:47.372+0000][1][safepoint    ] Safepoint "RevokeBias", Time since last: 496522856 ns, Reaching safepoint: 68557 ns, At safepoint: 19081 ns, Total: 87638 ns
[2020-02-26T10:39:48.375+0000][1][safepoint    ] Safepoint "Cleanup", Time since last: 1001066221 ns, Reaching safepoint: 1177310 ns, At safepoint: 15231 ns, Total: 1192541 ns
[2020-02-26T10:39:49.375+0000][1][safepoint    ] Safepoint "Cleanup", Time since last: 1000304761 ns, Reaching safepoint: 79221 ns, At safepoint: 9768 ns, Total: 88989 ns
[2020-02-26T10:39:49.878+0000][1][safepoint    ] Safepoint "RevokeBias", Time since last: 502654310 ns, Reaching safepoint: 75667 ns, At safepoint: 21062 ns, Total: 96729 ns
[2020-02-26T10:39:50.878+0000][1][safepoint    ] Safepoint "Cleanup", Time since last: 1000632184 ns, Reaching safepoint: 140911 ns, At safepoint: 9694 ns, Total: 150605 ns
[2020-02-26T10:39:52.382+0000][1][safepoint    ] Safepoint "RevokeBias", Time since last: 1503477915 ns, Reaching safepoint: 108241 ns, At safepoint: 28265 ns, Total: 136506 ns
[2020-02-26T10:39:53.383+0000][1][safepoint    ] Safepoint "Cleanup", Time since last: 1000421573 ns, Reaching safepoint: 80114 ns, At safepoint: 9784 ns, Total: 89898 ns
[2020-02-26T10:39:54.383+0000][1][safepoint    ] Safepoint "Cleanup", Time since last: 1000735641 ns, Reaching safepoint: 103113 ns, At safepoint: 11278 ns, Total: 114391 ns
[2020-02-26T10:39:54.888+0000][1][safepoint    ] Safepoint "RevokeBias", Time since last: 504407437 ns, Reaching safepoint: 71713 ns, At safepoint: 20662 ns, Total: 92375 ns
[2020-02-26T10:39:55.890+0000][1][safepoint    ] Safepoint "Cleanup", Time since last: 1001640268 ns, Reaching safepoint: 77928 ns, At safepoint: 8504 ns, Total: 86432 ns
[2020-02-26T10:39:56.897+0000][1][safepoint    ] Safepoint "Cleanup", Time since last: 1006583841 ns, Reaching safepoint: 453868 ns, At safepoint: 27914 ns, Total: 481782 ns
[2020-02-26T10:39:57.397+0000][1][safepoint    ] Safepoint "RevokeBias", Time since last: 500043772 ns, Reaching safepoint: 87379 ns, At safepoint: 20741 ns, Total: 108120 ns
[2020-02-26T10:39:58.397+0000][1][safepoint    ] Safepoint "Cleanup", Time since last: 1000445892 ns, Reaching safepoint: 101746 ns, At safepoint: 11180 ns, Total: 112926 ns
[2020-02-26T10:39:59.399+0000][1][safepoint    ] Safepoint "Cleanup", Time since last: 1001676449 ns, Reaching safepoint: 101036 ns, At safepoint: 10738 ns, Total: 111774 ns
[2020-02-26T10:39:59.904+0000][1][safepoint    ] Safepoint "RevokeBias", Time since last: 504716304 ns, Reaching safepoint: 60770 ns, At safepoint: 17940 ns, Total: 78710 ns
[2020-02-26T10:40:00.916+0000][1][safepoint    ] Safepoint "Cleanup", Time since last: 1011556303 ns, Reaching safepoint: 137289 ns, At safepoint: 14653 ns, Total: 151942 ns
[2020-02-26T10:40:01.916+0000][1][safepoint    ] Safepoint "Cleanup", Time since last: 1000302890 ns, Reaching safepoint: 82975 ns, At safepoint: 24373 ns, Total: 107348 ns
[2020-02-26T10:40:02.408+0000][1][safepoint    ] Safepoint "RevokeBias", Time since last: 491812063 ns, Reaching safepoint: 82366 ns, At safepoint: 25688 ns, Total: 108054 ns
[2020-02-26T10:40:03.409+0000][1][safepoint    ] Safepoint "Cleanup", Time since last: 1000830846 ns, Reaching safepoint: 79314 ns, At safepoint: 11929 ns, Total: 91243 ns
[2020-02-26T10:40:04.410+0000][1][safepoint    ] Safepoint "Cleanup", Time since last: 1000773768 ns, Reaching safepoint: 99786 ns, At safepoint: 13606 ns, Total: 113392 ns
[2020-02-26T10:40:04.918+0000][1][safepoint    ] Safepoint "RevokeBias", Time since last: 507561742 ns, Reaching safepoint: 72758 ns, At safepoint: 19407 ns, Total: 92165 ns
[2020-02-26T10:40:05.918+0000][1][safepoint    ] Safepoint "Cleanup", Time since last: 1000738820 ns, Reaching safepoint: 74675 ns, At safepoint: 8884 ns, Total: 83559 ns
[2020-02-26T10:40:06.923+0000][1][safepoint    ] Safepoint "Cleanup", Time since last: 1004096720 ns, Reaching safepoint: 76895 ns, At safepoint: 8926 ns, Total: 85821 ns
[2020-02-26T10:40:07.427+0000][1][safepoint    ] Safepoint "RevokeBias", Time since last: 504189685 ns, Reaching safepoint: 72218 ns, At safepoint: 20602 ns, Total: 92820 ns
[2020-02-26T10:40:08.427+0000][1][safepoint    ] Safepoint "Cleanup", Time since last: 1000565890 ns, Reaching safepoint: 78090 ns, At safepoint: 10601 ns, Total: 88691 ns
[2020-02-26T10:40:09.428+0000][1][safepoint    ] Safepoint "Cleanup", Time since last: 1000705485 ns, Reaching safepoint: 96866 ns, At safepoint: 11870 ns, Total: 108736 ns
[2020-02-26T10:40:09.938+0000][1][safepoint    ] Safepoint "RevokeBias", Time since last: 509330879 ns, Reaching safepoint: 78577 ns, At safepoint: 22775 ns, Total: 101352 ns
[2020-02-26T10:40:10.938+0000][1][safepoint    ] Safepoint "Cleanup", Time since last: 1000611974 ns, Reaching safepoint: 110345 ns, At safepoint: 14335 ns, Total: 124680 ns
[2020-02-26T10:40:11.940+0000][1][safepoint    ] Safepoint "Cleanup", Time since last: 1001176373 ns, Reaching safepoint: 111849 ns, At safepoint: 26064 ns, Total: 137913 ns
[2020-02-26T10:40:12.457+0000][1][safepoint    ] Safepoint "RevokeBias", Time since last: 516644047 ns, Reaching safepoint: 68391 ns, At safepoint: 18917 ns, Total: 87308 ns
[2020-02-26T10:40:13.457+0000][1][safepoint    ] Safepoint "Cleanup", Time since last: 1000654151 ns, Reaching safepoint: 89897 ns, At safepoint: 10109 ns, Total: 100006 ns
[2020-02-26T10:40:14.458+0000][1][safepoint    ] Safepoint "Cleanup", Time since last: 1000674667 ns, Reaching safepoint: 91805 ns, At safepoint: 9551 ns, Total: 101356 ns
[2020-02-26T10:40:14.966+0000][1][safepoint    ] Safepoint "RevokeBias", Time since last: 507784182 ns, Reaching safepoint: 73479 ns, At safepoint: 20130 ns, Total: 93609 ns
[2020-02-26T10:40:15.966+0000][1][safepoint    ] Safepoint "Cleanup", Time since last: 1000381044 ns, Reaching safepoint: 85054 ns, At safepoint: 10319 ns, Total: 95373 ns
[2020-02-26T10:40:16.967+0000][1][safepoint    ] Safepoint "Cleanup", Time since last: 1000732702 ns, Reaching safepoint: 91726 ns, At safepoint: 11500 ns, Total: 103226 ns
[2020-02-26T10:40:17.482+0000][1][safepoint    ] Safepoint "RevokeBias", Time since last: 513964745 ns, Reaching safepoint: 601018 ns, At safepoint: 34577 ns, Total: 635595 ns
[2020-02-26T10:40:18.482+0000][1][safepoint    ] Safepoint "Cleanup", Time since last: 1000488716 ns, Reaching safepoint: 99155 ns, At safepoint: 11994 ns, Total: 111149 ns
[2020-02-26T10:40:19.483+0000][1][safepoint    ] Safepoint "Cleanup", Time since last: 1000686226 ns, Reaching safepoint: 78143 ns, At safepoint: 11544 ns, Total: 89687 ns
[2020-02-26T10:40:19.994+0000][1][safepoint    ] Safepoint "RevokeBias", Time since last: 510702130 ns, Reaching safepoint: 151481 ns, At safepoint: 26127 ns, Total: 177608 ns
[2020-02-26T10:40:20.995+0000][1][safepoint    ] Safepoint "Cleanup", Time since last: 1000753565 ns, Reaching safepoint: 77643 ns, At safepoint: 9035 ns, Total: 86678 ns
[2020-02-26T10:40:22.497+0000][1][safepoint    ] Safepoint "RevokeBias", Time since last: 1502021608 ns, Reaching safepoint: 106551 ns, At safepoint: 20089 ns, Total: 126640 ns
[2020-02-26T10:40:23.506+0000][1][safepoint    ] Safepoint "Cleanup", Time since last: 1008912226 ns, Reaching safepoint: 77902 ns, At safepoint: 9008 ns, Total: 86910 ns
[2020-02-26T10:40:24.506+0000][1][safepoint    ] Safepoint "Cleanup", Time since last: 1000305604 ns, Reaching safepoint: 90000 ns, At safepoint: 9524 ns, Total: 99524 ns
[2020-02-26T10:40:25.004+0000][1][safepoint    ] Safepoint "RevokeBias", Time since last: 497180658 ns, Reaching safepoint: 114361 ns, At safepoint: 31707 ns, Total: 146068 ns
[2020-02-26T10:40:26.004+0000][1][safepoint    ] Safepoint "Cleanup", Time since last: 1000591407 ns, Reaching safepoint: 78592 ns, At safepoint: 10202 ns, Total: 88794 ns
[2020-02-26T10:40:27.005+0000][1][safepoint    ] Safepoint "Cleanup", Time since last: 1000381048 ns, Reaching safepoint: 78045 ns, At safepoint: 8708 ns, Total: 86753 ns
[2020-02-26T10:40:27.508+0000][1][safepoint    ] Safepoint "RevokeBias", Time since last: 502708561 ns, Reaching safepoint: 69981 ns, At safepoint: 19375 ns, Total: 89356 ns
[2020-02-26T10:40:28.512+0000][1][safepoint    ] Safepoint "Cleanup", Time since last: 1003930799 ns, Reaching safepoint: 103568 ns, At safepoint: 10354 ns, Total: 113922 ns
[2020-02-26T10:40:29.512+0000][1][safepoint    ] Safepoint "Cleanup", Time since last: 1000215558 ns, Reaching safepoint: 79346 ns, At safepoint: 10717 ns, Total: 90063 ns
[2020-02-26T10:40:30.012+0000][1][safepoint    ] Safepoint "RevokeBias", Time since last: 499668860 ns, Reaching safepoint: 83363 ns, At safepoint: 22737 ns, Total: 106100 ns
[2020-02-26T10:40:31.012+0000][1][safepoint    ] Safepoint "Cleanup", Time since last: 1000492726 ns, Reaching safepoint: 91922 ns, At safepoint: 10746 ns, Total: 102668 ns
[2020-02-26T10:40:32.013+0000][1][safepoint    ] Safepoint "Cleanup", Time since last: 1000530556 ns, Reaching safepoint: 99701 ns, At safepoint: 11199 ns, Total: 110900 ns
[2020-02-26T10:40:32.515+0000][1][safepoint    ] Safepoint "RevokeBias", Time since last: 501952882 ns, Reaching safepoint: 69373 ns, At safepoint: 19979 ns, Total: 89352 ns
[2020-02-26T10:40:33.517+0000][1][safepoint    ] Safepoint "Cleanup", Time since last: 1002010382 ns, Reaching safepoint: 132065 ns, At safepoint: 31644 ns, Total: 163709 ns
[2020-02-26T10:40:34.518+0000][1][safepoint    ] Safepoint "Cleanup", Time since last: 1000664014 ns, Reaching safepoint: 79441 ns, At safepoint: 8962 ns, Total: 88403 ns
[2020-02-26T10:40:35.020+0000][1][safepoint    ] Safepoint "RevokeBias", Time since last: 502178226 ns, Reaching safepoint: 67734 ns, At safepoint: 19929 ns, Total: 87663 ns
[2020-02-26T10:40:36.021+0000][1][safepoint    ] Safepoint "Cleanup", Time since last: 1000738367 ns, Reaching safepoint: 78660 ns, At safepoint: 10089 ns, Total: 88749 ns
[2020-02-26T10:40:37.022+0000][1][safepoint    ] Safepoint "Cleanup", Time since last: 1000253700 ns, Reaching safepoint: 77357 ns, At safepoint: 9930 ns, Total: 87287 ns
[2020-02-26T10:40:37.526+0000][1][safepoint    ] Safepoint "RevokeBias", Time since last: 504760093 ns, Reaching safepoint: 101596 ns, At safepoint: 31901 ns, Total: 133497 ns
[2020-02-26T10:40:38.531+0000][1][safepoint    ] Safepoint "Cleanup", Time since last: 1004254447 ns, Reaching safepoint: 114166 ns, At safepoint: 11708 ns, Total: 125874 ns
[2020-02-26T10:40:39.531+0000][1][safepoint    ] Safepoint "Cleanup", Time since last: 1000513662 ns, Reaching safepoint: 90135 ns, At safepoint: 8788 ns, Total: 98923 ns
[2020-02-26T10:40:40.033+0000][1][safepoint    ] Safepoint "RevokeBias", Time since last: 501586014 ns, Reaching safepoint: 112969 ns, At safepoint: 22542 ns, Total: 135511 ns
[2020-02-26T10:40:41.033+0000][1][safepoint    ] Safepoint "Cleanup", Time since last: 1000086287 ns, Reaching safepoint: 77137 ns, At safepoint: 9079 ns, Total: 86216 ns
[2020-02-26T10:40:42.034+0000][1][safepoint    ] Safepoint "Cleanup", Time since last: 1001100551 ns, Reaching safepoint: 80345 ns, At safepoint: 12082 ns, Total: 92427 ns
[2020-02-26T10:40:42.427+0000][1][gc,start     ] GC(86) Pause Young (Allocation Failure)
[2020-02-26T10:40:42.427+0000][1][gc,task      ] GC(86) Using 1 workers of 1 for evacuation
[2020-02-26T10:40:42.438+0000][1][gc,age       ] GC(86) Desired survivor size 4358144 bytes, new threshold 6 (max threshold 6)
[2020-02-26T10:40:42.438+0000][1][gc,age       ] GC(86) Age table with threshold 6 (max threshold 6)
[2020-02-26T10:40:42.438+0000][1][gc,age       ] GC(86) - age   1:      12072 bytes,      12072 total
[2020-02-26T10:40:42.438+0000][1][gc,age       ] GC(86) - age   2:       1344 bytes,      13416 total
[2020-02-26T10:40:42.438+0000][1][gc,age       ] GC(86) - age   3:       1680 bytes,      15096 total
[2020-02-26T10:40:42.438+0000][1][gc,age       ] GC(86) - age   4:        232 bytes,      15328 total
[2020-02-26T10:40:42.438+0000][1][gc,age       ] GC(86) - age   5:        768 bytes,      16096 total
[2020-02-26T10:40:42.438+0000][1][gc,age       ] GC(86) - age   6:        208 bytes,      16304 total
[2020-02-26T10:40:42.438+0000][1][gc,heap      ] GC(86) ParNew: 68190K->18K(76672K)
[2020-02-26T10:40:42.438+0000][1][gc,heap      ] GC(86) CMS: 62666K->62667K(963392K)
[2020-02-26T10:40:42.438+0000][1][gc,metaspace ] GC(86) Metaspace: 80015K->80015K(1122304K)
[2020-02-26T10:40:42.438+0000][1][gc           ] GC(86) Pause Young (Allocation Failure) 127M->61M(1015M) 10.845ms
[2020-02-26T10:40:42.438+0000][1][gc,cpu       ] GC(86) User=0.01s Sys=0.00s Real=0.01s
[2020-02-26T10:40:42.438+0000][1][safepoint    ] Safepoint "GenCollectForAllocation", Time since last: 392668282 ns, Reaching safepoint: 74195 ns, At safepoint: 10986214 ns, Total: 11060409 ns
[2020-02-26T10:40:42.535+0000][1][safepoint    ] Safepoint "RevokeBias", Time since last: 96674411 ns, Reaching safepoint: 82292 ns, At safepoint: 22425 ns, Total: 104717 ns
[2020-02-26T10:40:43.536+0000][1][safepoint    ] Safepoint "Cleanup", Time since last: 1000589906 ns, Reaching safepoint: 80676 ns, At safepoint: 11623 ns, Total: 92299 ns
[2020-02-26T10:40:44.539+0000][1][safepoint    ] Safepoint "Cleanup", Time since last: 1003369065 ns, Reaching safepoint: 72758 ns, At safepoint: 8648 ns, Total: 81406 ns
[2020-02-26T10:40:45.038+0000][1][safepoint    ] Safepoint "RevokeBias", Time since last: 499093869 ns, Reaching safepoint: 69616 ns, At safepoint: 20197 ns, Total: 89813 ns
[2020-02-26T10:40:46.039+0000][1][safepoint    ] Safepoint "Cleanup", Time since last: 1000651998 ns, Reaching safepoint: 85799 ns, At safepoint: 9601 ns, Total: 95400 ns
[2020-02-26T10:40:47.040+0000][1][safepoint    ] Safepoint "Cleanup", Time since last: 1000991083 ns, Reaching safepoint: 74249 ns, At safepoint: 7870 ns, Total: 82119 ns
[2020-02-26T10:40:47.542+0000][1][safepoint    ] Safepoint "RevokeBias", Time since last: 502138617 ns, Reaching safepoint: 69572 ns, At safepoint: 19557 ns, Total: 89129 ns
[2020-02-26T10:40:48.543+0000][1][safepoint    ] Safepoint "Cleanup", Time since last: 1000812611 ns, Reaching safepoint: 80213 ns, At safepoint: 10113 ns, Total: 90326 ns
[2020-02-26T10:40:49.549+0000][1][safepoint    ] Safepoint "Cleanup", Time since last: 1006000088 ns, Reaching safepoint: 74308 ns, At safepoint: 8844 ns, Total: 83152 ns
[2020-02-26T10:40:50.046+0000][1][safepoint    ] Safepoint "RevokeBias", Time since last: 496396012 ns, Reaching safepoint: 69738 ns, At safepoint: 18892 ns, Total: 88630 ns
[2020-02-26T10:40:51.047+0000][1][safepoint    ] Safepoint "Cleanup", Time since last: 1000605290 ns, Reaching safepoint: 76404 ns, At safepoint: 8721 ns, Total: 85125 ns
[2020-02-26T10:40:52.047+0000][1][safepoint    ] Safepoint "Cleanup", Time since last: 1000688923 ns, Reaching safepoint: 81644 ns, At safepoint: 13203 ns, Total: 94847 ns
[2020-02-26T10:40:52.549+0000][1][safepoint    ] Safepoint "BulkRevokeBias", Time since last: 501043069 ns, Reaching safepoint: 70069 ns, At safepoint: 185727 ns, Total: 255796 ns
[2020-02-26T10:40:53.550+0000][1][safepoint    ] Safepoint "Cleanup", Time since last: 1001231992 ns, Reaching safepoint: 80210 ns, At safepoint: 10911 ns, Total: 91121 ns
[2020-02-26T10:40:54.551+0000][1][safepoint    ] Safepoint "Cleanup", Time since last: 1001158130 ns, Reaching safepoint: 115535 ns, At safepoint: 12882 ns, Total: 128417 ns
[2020-02-26T10:40:55.058+0000][1][safepoint    ] Safepoint "RevokeBias", Time since last: 507087640 ns, Reaching safepoint: 70543 ns, At safepoint: 20206 ns, Total: 90749 ns
[2020-02-26T10:40:56.059+0000][1][safepoint    ] Safepoint "Cleanup", Time since last: 1000970467 ns, Reaching safepoint: 79690 ns, At safepoint: 9827 ns, Total: 89517 ns
[2020-02-26T10:40:57.060+0000][1][safepoint    ] Safepoint "Cleanup", Time since last: 1000790138 ns, Reaching safepoint: 79991 ns, At safepoint: 10155 ns, Total: 90146 ns
[2020-02-26T10:40:57.569+0000][1][safepoint    ] Safepoint "RevokeBias", Time since last: 508679617 ns, Reaching safepoint: 68774 ns, At safepoint: 19044 ns, Total: 87818 ns
[2020-02-26T10:40:58.570+0000][1][safepoint    ] Safepoint "Cleanup", Time since last: 1000487077 ns, Reaching safepoint: 78016 ns, At safepoint: 9011 ns, Total: 87027 ns
[2020-02-26T10:40:59.571+0000][1][safepoint    ] Safepoint "Cleanup", Time since last: 1001339249 ns, Reaching safepoint: 113798 ns, At safepoint: 13997 ns, Total: 127795 ns
[2020-02-26T10:41:00.081+0000][1][safepoint    ] Safepoint "RevokeBias", Time since last: 509351631 ns, Reaching safepoint: 106017 ns, At safepoint: 29101 ns, Total: 135118 ns
[2020-02-26T10:41:01.081+0000][1][safepoint    ] Safepoint "Cleanup", Time since last: 1000580737 ns, Reaching safepoint: 79320 ns, At safepoint: 9157 ns, Total: 88477 ns
[2020-02-26T10:41:02.082+0000][1][safepoint    ] Safepoint "Cleanup", Time since last: 1000357708 ns, Reaching safepoint: 91618 ns, At safepoint: 10476 ns, Total: 102094 ns
[2020-02-26T10:41:02.590+0000][1][safepoint    ] Safepoint "RevokeBias", Time since last: 507963843 ns, Reaching safepoint: 151725 ns, At safepoint: 34274 ns, Total: 185999 ns
[2020-02-26T10:41:03.590+0000][1][safepoint    ] Safepoint "Cleanup", Time since last: 1000378795 ns, Reaching safepoint: 128480 ns, At safepoint: 10177 ns, Total: 138657 ns
[2020-02-26T10:41:04.591+0000][1][safepoint    ] Safepoint "Cleanup", Time since last: 1000288741 ns, Reaching safepoint: 87507 ns, At safepoint: 11863 ns, Total: 99370 ns
[2020-02-26T10:41:05.119+0000][1][safepoint    ] Safepoint "RevokeBias", Time since last: 527597156 ns, Reaching safepoint: 95121 ns, At safepoint: 27021 ns, Total: 122142 ns
[2020-02-26T10:41:06.123+0000][1][safepoint    ] Safepoint "Cleanup", Time since last: 1004708267 ns, Reaching safepoint: 118577 ns, At safepoint: 12685 ns, Total: 131262 ns
[2020-02-26T10:41:07.124+0000][1][safepoint    ] Safepoint "Cleanup", Time since last: 1000318776 ns, Reaching safepoint: 80094 ns, At safepoint: 9356 ns, Total: 89450 ns
[2020-02-26T10:41:07.628+0000][1][safepoint    ] Safepoint "RevokeBias", Time since last: 504425052 ns, Reaching safepoint: 163755 ns, At safepoint: 44266 ns, Total: 208021 ns
[2020-02-26T10:41:08.629+0000][1][safepoint    ] Safepoint "Cleanup", Time since last: 1000350328 ns, Reaching safepoint: 84204 ns, At safepoint: 12364 ns, Total: 96568 ns
[2020-02-26T10:41:09.629+0000][1][safepoint    ] Safepoint "Cleanup", Time since last: 1000396439 ns, Reaching safepoint: 77780 ns, At safepoint: 10302 ns, Total: 88082 ns
[2020-02-26T10:41:10.143+0000][1][safepoint    ] Safepoint "RevokeBias", Time since last: 513707773 ns, Reaching safepoint: 114445 ns, At safepoint: 31722 ns, Total: 146167 ns
[2020-02-26T10:41:11.149+0000][1][safepoint    ] Safepoint "Cleanup", Time since last: 1005867442 ns, Reaching safepoint: 99081 ns, At safepoint: 12284 ns, Total: 111365 ns
[2020-02-26T10:41:12.150+0000][1][safepoint    ] Safepoint "Cleanup", Time since last: 1000670751 ns, Reaching safepoint: 80385 ns, At safepoint: 25510 ns, Total: 105895 ns
[2020-02-26T10:41:12.648+0000][1][safepoint    ] Safepoint "RevokeBias", Time since last: 498246606 ns, Reaching safepoint: 73354 ns, At safepoint: 20725 ns, Total: 94079 ns
[2020-02-26T10:41:13.649+0000][1][safepoint    ] Safepoint "Cleanup", Time since last: 1001005416 ns, Reaching safepoint: 91063 ns, At safepoint: 11852 ns, Total: 102915 ns
[2020-02-26T10:41:14.650+0000][1][safepoint    ] Safepoint "Cleanup", Time since last: 1000201657 ns, Reaching safepoint: 126683 ns, At safepoint: 15922 ns, Total: 142605 ns
[2020-02-26T10:41:15.152+0000][1][safepoint    ] Safepoint "RevokeBias", Time since last: 502161396 ns, Reaching safepoint: 67963 ns, At safepoint: 19384 ns, Total: 87347 ns
[2020-02-26T10:41:16.154+0000][1][safepoint    ] Safepoint "Cleanup", Time since last: 1001548086 ns, Reaching safepoint: 108588 ns, At safepoint: 7962 ns, Total: 116550 ns
[2020-02-26T10:41:17.154+0000][1][safepoint    ] Safepoint "Cleanup", Time since last: 1000249454 ns, Reaching safepoint: 79686 ns, At safepoint: 10209 ns, Total: 89895 ns
[2020-02-26T10:41:17.657+0000][1][safepoint    ] Safepoint "RevokeBias", Time since last: 502610352 ns, Reaching safepoint: 61233 ns, At safepoint: 20136 ns, Total: 81369 ns
[2020-02-26T10:41:18.658+0000][1][safepoint    ] Safepoint "Cleanup", Time since last: 1001116743 ns, Reaching safepoint: 77873 ns, At safepoint: 10118 ns, Total: 87991 ns
[2020-02-26T10:41:19.658+0000][1][safepoint    ] Safepoint "Cleanup", Time since last: 1000347412 ns, Reaching safepoint: 111479 ns, At safepoint: 10102 ns, Total: 121581 ns
[2020-02-26T10:41:20.163+0000][1][safepoint    ] Safepoint "RevokeBias", Time since last: 504334938 ns, Reaching safepoint: 70834 ns, At safepoint: 34997 ns, Total: 105831 ns
[2020-02-26T10:41:21.163+0000][1][safepoint    ] Safepoint "Cleanup", Time since last: 1000563218 ns, Reaching safepoint: 108668 ns, At safepoint: 10104 ns, Total: 118772 ns
[2020-02-26T10:41:22.165+0000][1][safepoint    ] Safepoint "Cleanup", Time since last: 1001816648 ns, Reaching safepoint: 81308 ns, At safepoint: 9730 ns, Total: 91038 ns
[2020-02-26T10:41:22.666+0000][1][safepoint    ] Safepoint "RevokeBias", Time since last: 500777524 ns, Reaching safepoint: 71789 ns, At safepoint: 20802 ns, Total: 92591 ns
[2020-02-26T10:41:23.667+0000][1][safepoint    ] Safepoint "Cleanup", Time since last: 1000284933 ns, Reaching safepoint: 79652 ns, At safepoint: 9346 ns, Total: 88998 ns
[2020-02-26T10:41:24.667+0000][1][safepoint    ] Safepoint "Cleanup", Time since last: 1000326970 ns, Reaching safepoint: 136333 ns, At safepoint: 9427 ns, Total: 145760 ns
[2020-02-26T10:41:25.170+0000][1][safepoint    ] Safepoint "RevokeBias", Time since last: 502264001 ns, Reaching safepoint: 118478 ns, At safepoint: 26077 ns, Total: 144555 ns
[2020-02-26T10:41:26.170+0000][1][safepoint    ] Safepoint "Cleanup", Time since last: 1000272245 ns, Reaching safepoint: 92164 ns, At safepoint: 11441 ns, Total: 103605 ns
[2020-02-26T10:41:27.173+0000][1][safepoint    ] Safepoint "Cleanup", Time since last: 1003143996 ns, Reaching safepoint: 115409 ns, At safepoint: 8431 ns, Total: 123840 ns
[2020-02-26T10:41:27.676+0000][1][safepoint    ] Safepoint "RevokeBias", Time since last: 502989653 ns, Reaching safepoint: 74646 ns, At safepoint: 20705 ns, Total: 95351 ns
[2020-02-26T10:41:28.677+0000][1][safepoint    ] Safepoint "Cleanup", Time since last: 1000570710 ns, Reaching safepoint: 137110 ns, At safepoint: 11489 ns, Total: 148599 ns
[2020-02-26T10:41:29.678+0000][1][safepoint    ] Safepoint "Cleanup", Time since last: 1000874278 ns, Reaching safepoint: 76686 ns, At safepoint: 9014 ns, Total: 85700 ns
[2020-02-26T10:41:30.181+0000][1][safepoint    ] Safepoint "RevokeBias", Time since last: 503092510 ns, Reaching safepoint: 68595 ns, At safepoint: 19515 ns, Total: 88110 ns
[2020-02-26T10:41:31.182+0000][1][safepoint    ] Safepoint "Cleanup", Time since last: 1000315895 ns, Reaching safepoint: 96805 ns, At safepoint: 14056 ns, Total: 110861 ns
[2020-02-26T10:41:32.191+0000][1][safepoint    ] Safepoint "Cleanup", Time since last: 1009453727 ns, Reaching safepoint: 107900 ns, At safepoint: 9677 ns, Total: 117577 ns
[2020-02-26T10:41:32.692+0000][1][safepoint    ] Safepoint "RevokeBias", Time since last: 500619558 ns, Reaching safepoint: 89558 ns, At safepoint: 25010 ns, Total: 114568 ns
[2020-02-26T10:41:33.693+0000][1][safepoint    ] Safepoint "Cleanup", Time since last: 1000571269 ns, Reaching safepoint: 88408 ns, At safepoint: 11207 ns, Total: 99615 ns
[2020-02-26T10:41:34.693+0000][1][safepoint    ] Safepoint "Cleanup", Time since last: 1000808433 ns, Reaching safepoint: 93041 ns, At safepoint: 9565 ns, Total: 102606 ns
[2020-02-26T10:41:35.206+0000][1][safepoint    ] Safepoint "RevokeBias", Time since last: 512942886 ns, Reaching safepoint: 107740 ns, At safepoint: 28322 ns, Total: 136062 ns
[2020-02-26T10:41:36.207+0000][1][safepoint    ] Safepoint "Cleanup", Time since last: 1000687741 ns, Reaching safepoint: 90975 ns, At safepoint: 11953 ns, Total: 102928 ns
[2020-02-26T10:41:37.208+0000][1][safepoint    ] Safepoint "Cleanup", Time since last: 1000287599 ns, Reaching safepoint: 118311 ns, At safepoint: 15861 ns, Total: 134172 ns
[2020-02-26T10:41:37.721+0000][1][safepoint    ] Safepoint "RevokeBias", Time since last: 512973316 ns, Reaching safepoint: 78690 ns, At safepoint: 26000 ns, Total: 104690 ns
[2020-02-26T10:41:38.722+0000][1][safepoint    ] Safepoint "Cleanup", Time since last: 1000971050 ns, Reaching safepoint: 88035 ns, At safepoint: 11894 ns, Total: 99929 ns
[2020-02-26T10:41:39.723+0000][1][safepoint    ] Safepoint "Cleanup", Time since last: 1000767274 ns, Reaching safepoint: 104751 ns, At safepoint: 13433 ns, Total: 118184 ns
[2020-02-26T10:41:40.236+0000][1][safepoint    ] Safepoint "RevokeBias", Time since last: 513048608 ns, Reaching safepoint: 103474 ns, At safepoint: 31770 ns, Total: 135244 ns
[2020-02-26T10:41:41.237+0000][1][safepoint    ] Safepoint "Cleanup", Time since last: 1000622084 ns, Reaching safepoint: 114359 ns, At safepoint: 9709 ns, Total: 124068 ns
[2020-02-26T10:41:42.237+0000][1][safepoint    ] Safepoint "Cleanup", Time since last: 1000268975 ns, Reaching safepoint: 78725 ns, At safepoint: 9640 ns, Total: 88365 ns
[2020-02-26T10:41:42.768+0000][1][safepoint    ] Safepoint "RevokeBias", Time since last: 530517973 ns, Reaching safepoint: 70269 ns, At safepoint: 76524 ns, Total: 146793 ns
[2020-02-26T10:41:43.793+0000][1][safepoint    ] Safepoint "Cleanup", Time since last: 1025394153 ns, Reaching safepoint: 124915 ns, At safepoint: 16155 ns, Total: 141070 ns
[2020-02-26T10:41:44.794+0000][1][safepoint    ] Safepoint "Cleanup", Time since last: 1000548128 ns, Reaching safepoint: 129584 ns, At safepoint: 12192 ns, Total: 141776 ns
[2020-02-26T10:41:45.281+0000][1][safepoint    ] Safepoint "RevokeBias", Time since last: 486767746 ns, Reaching safepoint: 99789 ns, At safepoint: 30234 ns, Total: 130023 ns
[2020-02-26T10:41:46.282+0000][1][safepoint    ] Safepoint "Cleanup", Time since last: 1000834778 ns, Reaching safepoint: 85225 ns, At safepoint: 11553 ns, Total: 96778 ns
[2020-02-26T10:41:47.282+0000][1][safepoint    ] Safepoint "Cleanup", Time since last: 1000129007 ns, Reaching safepoint: 103456 ns, At safepoint: 11239 ns, Total: 114695 ns
[2020-02-26T10:41:47.785+0000][1][safepoint    ] Safepoint "RevokeBias", Time since last: 503354291 ns, Reaching safepoint: 94161 ns, At safepoint: 27250 ns, Total: 121411 ns
[2020-02-26T10:41:48.806+0000][1][safepoint    ] Safepoint "Cleanup", Time since last: 1010021210 ns, Reaching safepoint: 10826074 ns, At safepoint: 20115 ns, Total: 10846189 ns
[2020-02-26T10:41:49.820+0000][1][safepoint    ] Safepoint "Cleanup", Time since last: 1013746760 ns, Reaching safepoint: 64471 ns, At safepoint: 9068 ns, Total: 73539 ns
[2020-02-26T10:41:50.289+0000][1][safepoint    ] Safepoint "RevokeBias", Time since last: 468775161 ns, Reaching safepoint: 78854 ns, At safepoint: 25616 ns, Total: 104470 ns
[2020-02-26T10:41:51.290+0000][1][safepoint    ] Safepoint "Cleanup", Time since last: 1001030120 ns, Reaching safepoint: 77286 ns, At safepoint: 9216 ns, Total: 86502 ns
[2020-02-26T10:41:52.290+0000][1][safepoint    ] Safepoint "Cleanup", Time since last: 1000174992 ns, Reaching safepoint: 88700 ns, At safepoint: 8593 ns, Total: 97293 ns
[2020-02-26T10:41:52.793+0000][1][safepoint    ] Safepoint "RevokeBias", Time since last: 502219558 ns, Reaching safepoint: 70534 ns, At safepoint: 19385 ns, Total: 89919 ns
[2020-02-26T10:41:53.793+0000][1][safepoint    ] Safepoint "Cleanup", Time since last: 1000656926 ns, Reaching safepoint: 80450 ns, At safepoint: 10965 ns, Total: 91415 ns
[2020-02-26T10:41:54.795+0000][1][safepoint    ] Safepoint "Cleanup", Time since last: 1001094912 ns, Reaching safepoint: 119404 ns, At safepoint: 23967 ns, Total: 143371 ns
[2020-02-26T10:41:55.297+0000][1][safepoint    ] Safepoint "RevokeBias", Time since last: 501984621 ns, Reaching safepoint: 70277 ns, At safepoint: 19410 ns, Total: 89687 ns
[2020-02-26T10:41:56.298+0000][1][safepoint    ] Safepoint "Cleanup", Time since last: 1000823220 ns, Reaching safepoint: 78868 ns, At safepoint: 9890 ns, Total: 88758 ns
[2020-02-26T10:41:57.298+0000][1][safepoint    ] Safepoint "Cleanup", Time since last: 1000216650 ns, Reaching safepoint: 79905 ns, At safepoint: 9459 ns, Total: 89364 ns
[2020-02-26T10:41:57.807+0000][1][safepoint    ] Safepoint "RevokeBias", Time since last: 508894007 ns, Reaching safepoint: 163877 ns, At safepoint: 48531 ns, Total: 212408 ns
[2020-02-26T10:41:58.808+0000][1][safepoint    ] Safepoint "Cleanup", Time since last: 1000736066 ns, Reaching safepoint: 122593 ns, At safepoint: 15454 ns, Total: 138047 ns
[2020-02-26T10:41:59.808+0000][1][safepoint    ] Safepoint "Cleanup", Time since last: 1000235097 ns, Reaching safepoint: 88848 ns, At safepoint: 8300 ns, Total: 97148 ns
[2020-02-26T10:42:00.321+0000][1][safepoint    ] Safepoint "RevokeBias", Time since last: 512101471 ns, Reaching safepoint: 71083 ns, At safepoint: 19614 ns, Total: 90697 ns
[2020-02-26T10:42:01.322+0000][1][safepoint    ] Safepoint "Cleanup", Time since last: 1000909855 ns, Reaching safepoint: 78758 ns, At safepoint: 10394 ns, Total: 89152 ns
[2020-02-26T10:42:02.326+0000][1][safepoint    ] Safepoint "Cleanup", Time since last: 1004869608 ns, Reaching safepoint: 91701 ns, At safepoint: 8764 ns, Total: 100465 ns
[2020-02-26T10:42:02.831+0000][1][safepoint    ] Safepoint "RevokeBias", Time since last: 504100798 ns, Reaching safepoint: 70133 ns, At safepoint: 19571 ns, Total: 89704 ns
[2020-02-26T10:42:03.832+0000][1][safepoint    ] Safepoint "Cleanup", Time since last: 1000778152 ns, Reaching safepoint: 77951 ns, At safepoint: 9184 ns, Total: 87135 ns
[2020-02-26T10:42:04.832+0000][1][safepoint    ] Safepoint "Cleanup", Time since last: 1000549355 ns, Reaching safepoint: 77720 ns, At safepoint: 8933 ns, Total: 86653 ns
[2020-02-26T10:42:05.344+0000][1][safepoint    ] Safepoint "BulkRevokeBias", Time since last: 511648245 ns, Reaching safepoint: 87513 ns, At safepoint: 186493 ns, Total: 274006 ns
[2020-02-26T10:42:06.344+0000][1][safepoint    ] Safepoint "Cleanup", Time since last: 1000249117 ns, Reaching safepoint: 125166 ns, At safepoint: 8195 ns, Total: 133361 ns
[2020-02-26T10:42:07.345+0000][1][safepoint    ] Safepoint "Cleanup", Time since last: 1000170171 ns, Reaching safepoint: 75855 ns, At safepoint: 8977 ns, Total: 84832 ns
[2020-02-26T10:42:07.860+0000][1][safepoint    ] Safepoint "RevokeBias", Time since last: 515607523 ns, Reaching safepoint: 112029 ns, At safepoint: 37382 ns, Total: 149411 ns
[2020-02-26T10:42:08.861+0000][1][safepoint    ] Safepoint "Cleanup", Time since last: 1000395067 ns, Reaching safepoint: 99541 ns, At safepoint: 10297 ns, Total: 109838 ns
[2020-02-26T10:42:09.861+0000][1][safepoint    ] Safepoint "Cleanup", Time since last: 1000321643 ns, Reaching safepoint: 100200 ns, At safepoint: 13251 ns, Total: 113451 ns
[2020-02-26T10:42:10.378+0000][1][safepoint    ] Safepoint "RevokeBias", Time since last: 516632294 ns, Reaching safepoint: 107859 ns, At safepoint: 55539 ns, Total: 163398 ns
[2020-02-26T10:42:11.384+0000][1][safepoint    ] Safepoint "Cleanup", Time since last: 1005207691 ns, Reaching safepoint: 124382 ns, At safepoint: 17403 ns, Total: 141785 ns
[2020-02-26T10:42:12.384+0000][1][safepoint    ] Safepoint "Cleanup", Time since last: 1000369316 ns, Reaching safepoint: 78270 ns, At safepoint: 8738 ns, Total: 87008 ns
[2020-02-26T10:42:12.890+0000][1][safepoint    ] Safepoint "RevokeBias", Time since last: 506099982 ns, Reaching safepoint: 106024 ns, At safepoint: 22043 ns, Total: 128067 ns
[2020-02-26T10:42:13.898+0000][1][safepoint    ] Safepoint "Cleanup", Time since last: 1003012735 ns, Reaching safepoint: 5040316 ns, At safepoint: 24803 ns, Total: 5065119 ns
[2020-02-26T10:42:14.903+0000][1][safepoint    ] Safepoint "Cleanup", Time since last: 1004308926 ns, Reaching safepoint: 179576 ns, At safepoint: 15955 ns, Total: 195531 ns
[2020-02-26T10:42:15.395+0000][1][safepoint    ] Safepoint "RevokeBias", Time since last: 491591038 ns, Reaching safepoint: 175713 ns, At safepoint: 21188 ns, Total: 196901 ns
[2020-02-26T10:42:16.396+0000][1][safepoint    ] Safepoint "Cleanup", Time since last: 1001228618 ns, Reaching safepoint: 73793 ns, At safepoint: 7937 ns, Total: 81730 ns
[2020-02-26T10:42:17.397+0000][1][safepoint    ] Safepoint "Cleanup", Time since last: 1000677149 ns, Reaching safepoint: 91453 ns, At safepoint: 9901 ns, Total: 101354 ns
[2020-02-26T10:42:17.905+0000][1][safepoint    ] Safepoint "RevokeBias", Time since last: 507976253 ns, Reaching safepoint: 97243 ns, At safepoint: 28139 ns, Total: 125382 ns
[2020-02-26T10:42:19.362+0000][1][safepoint    ] Safepoint "Cleanup", Time since last: 1457251538 ns, Reaching safepoint: 78534 ns, At safepoint: 8099 ns, Total: 86633 ns
[2020-02-26T10:42:20.363+0000][1][safepoint    ] Safepoint "Cleanup", Time since last: 1000390914 ns, Reaching safepoint: 79192 ns, At safepoint: 10494 ns, Total: 89686 ns
[2020-02-26T10:42:20.410+0000][1][safepoint    ] Safepoint "RevokeBias", Time since last: 47258693 ns, Reaching safepoint: 82038 ns, At safepoint: 24155 ns, Total: 106193 ns
[2020-02-26T10:42:21.414+0000][1][safepoint    ] Safepoint "Cleanup", Time since last: 1004360262 ns, Reaching safepoint: 102111 ns, At safepoint: 13688 ns, Total: 115799 ns
[2020-02-26T10:42:22.415+0000][1][safepoint    ] Safepoint "Cleanup", Time since last: 1000541254 ns, Reaching safepoint: 78571 ns, At safepoint: 10446 ns, Total: 89017 ns
[2020-02-26T10:42:22.914+0000][1][safepoint    ] Safepoint "RevokeBias", Time since last: 498978633 ns, Reaching safepoint: 70981 ns, At safepoint: 19956 ns, Total: 90937 ns
[2020-02-26T10:42:23.915+0000][1][safepoint    ] Safepoint "Cleanup", Time since last: 1000315221 ns, Reaching safepoint: 95199 ns, At safepoint: 9608 ns, Total: 104807 ns
[2020-02-26T10:42:24.915+0000][1][safepoint    ] Safepoint "Cleanup", Time since last: 1000573366 ns, Reaching safepoint: 87190 ns, At safepoint: 11389 ns, Total: 98579 ns
[2020-02-26T10:42:25.417+0000][1][safepoint    ] Safepoint "RevokeBias", Time since last: 501558745 ns, Reaching safepoint: 74747 ns, At safepoint: 20290 ns, Total: 95037 ns
[2020-02-26T10:42:26.422+0000][1][safepoint    ] Safepoint "Cleanup", Time since last: 1004494681 ns, Reaching safepoint: 108135 ns, At safepoint: 8926 ns, Total: 117061 ns
[2020-02-26T10:42:27.422+0000][1][safepoint    ] Safepoint "Cleanup", Time since last: 1000386768 ns, Reaching safepoint: 80275 ns, At safepoint: 9752 ns, Total: 90027 ns
[2020-02-26T10:42:27.922+0000][1][safepoint    ] Safepoint "RevokeBias", Time since last: 499635557 ns, Reaching safepoint: 69799 ns, At safepoint: 19373 ns, Total: 89172 ns
[2020-02-26T10:42:28.922+0000][1][safepoint    ] Safepoint "Cleanup", Time since last: 1000511781 ns, Reaching safepoint: 80412 ns, At safepoint: 10068 ns, Total: 90480 ns
[2020-02-26T10:42:29.923+0000][1][safepoint    ] Safepoint "Cleanup", Time since last: 1000894399 ns, Reaching safepoint: 188273 ns, At safepoint: 38177 ns, Total: 226450 ns
[2020-02-26T10:42:30.426+0000][1][safepoint    ] Safepoint "RevokeBias", Time since last: 502511123 ns, Reaching safepoint: 69371 ns, At safepoint: 19613 ns, Total: 88984 ns
[2020-02-26T10:42:31.427+0000][1][safepoint    ] Safepoint "Cleanup", Time since last: 1000521455 ns, Reaching safepoint: 79445 ns, At safepoint: 9596 ns, Total: 89041 ns
[2020-02-26T10:42:32.432+0000][1][safepoint    ] Safepoint "Cleanup", Time since last: 1004862903 ns, Reaching safepoint: 114577 ns, At safepoint: 39857 ns, Total: 154434 ns
[2020-02-26T10:42:32.929+0000][1][safepoint    ] Safepoint "RevokeBias", Time since last: 497217781 ns, Reaching safepoint: 50239 ns, At safepoint: 17707 ns, Total: 67946 ns
[2020-02-26T10:42:33.934+0000][1][safepoint    ] Safepoint "Cleanup", Time since last: 1005180118 ns, Reaching safepoint: 75413 ns, At safepoint: 8788 ns, Total: 84201 ns
[2020-02-26T10:42:34.935+0000][1][safepoint    ] Safepoint "Cleanup", Time since last: 1000774395 ns, Reaching safepoint: 101893 ns, At safepoint: 10459 ns, Total: 112352 ns
[2020-02-26T10:42:35.433+0000][1][safepoint    ] Safepoint "RevokeBias", Time since last: 498146884 ns, Reaching safepoint: 72478 ns, At safepoint: 37198 ns, Total: 109676 ns
[2020-02-26T10:42:36.434+0000][1][safepoint    ] Safepoint "Cleanup", Time since last: 1000981289 ns, Reaching safepoint: 83095 ns, At safepoint: 9851 ns, Total: 92946 ns
[2020-02-26T10:42:37.436+0000][1][safepoint    ] Safepoint "Cleanup", Time since last: 1001091202 ns, Reaching safepoint: 107869 ns, At safepoint: 10590 ns, Total: 118459 ns
[2020-02-26T10:42:37.949+0000][1][safepoint    ] Safepoint "RevokeBias", Time since last: 512969890 ns, Reaching safepoint: 58101 ns, At safepoint: 19614 ns, Total: 77715 ns
[2020-02-26T10:42:38.950+0000][1][safepoint    ] Safepoint "Cleanup", Time since last: 1000771117 ns, Reaching safepoint: 79717 ns, At safepoint: 10164 ns, Total: 89881 ns
[2020-02-26T10:42:39.950+0000][1][safepoint    ] Safepoint "Cleanup", Time since last: 1000506132 ns, Reaching safepoint: 79412 ns, At safepoint: 56479 ns, Total: 135891 ns
[2020-02-26T10:42:40.454+0000][1][safepoint    ] Safepoint "RevokeBias", Time since last: 503838017 ns, Reaching safepoint: 66610 ns, At safepoint: 101630 ns, Total: 168240 ns
[2020-02-26T10:42:41.455+0000][1][safepoint    ] Safepoint "Cleanup", Time since last: 1000331163 ns, Reaching safepoint: 105038 ns, At safepoint: 8658 ns, Total: 113696 ns
[2020-02-26T10:42:42.459+0000][1][safepoint    ] Safepoint "Cleanup", Time since last: 1003973131 ns, Reaching safepoint: 109033 ns, At safepoint: 10437 ns, Total: 119470 ns
[2020-02-26T10:42:42.974+0000][1][safepoint    ] Safepoint "RevokeBias", Time since last: 514804977 ns, Reaching safepoint: 68160 ns, At safepoint: 20719 ns, Total: 88879 ns
[2020-02-26T10:42:43.975+0000][1][safepoint    ] Safepoint "Cleanup", Time since last: 1000936254 ns, Reaching safepoint: 77854 ns, At safepoint: 10441 ns, Total: 88295 ns
[2020-02-26T10:42:44.975+0000][1][safepoint    ] Safepoint "Cleanup", Time since last: 1000644207 ns, Reaching safepoint: 79371 ns, At safepoint: 9387 ns, Total: 88758 ns
[2020-02-26T10:42:45.490+0000][1][safepoint    ] Safepoint "RevokeBias", Time since last: 514041890 ns, Reaching safepoint: 243321 ns, At safepoint: 57937 ns, Total: 301258 ns
[2020-02-26T10:42:46.491+0000][1][safepoint    ] Safepoint "Cleanup", Time since last: 1000730113 ns, Reaching safepoint: 79474 ns, At safepoint: 8765 ns, Total: 88239 ns
[2020-02-26T10:42:47.491+0000][1][safepoint    ] Safepoint "Cleanup", Time since last: 1000319764 ns, Reaching safepoint: 539656 ns, At safepoint: 17080 ns, Total: 556736 ns
[2020-02-26T10:42:48.002+0000][1][safepoint    ] Safepoint "RevokeBias", Time since last: 510192576 ns, Reaching safepoint: 158536 ns, At safepoint: 32627 ns, Total: 191163 ns
[2020-02-26T10:42:49.002+0000][1][safepoint    ] Safepoint "Cleanup", Time since last: 1000234606 ns, Reaching safepoint: 125529 ns, At safepoint: 13202 ns, Total: 138731 ns
[2020-02-26T10:42:50.003+0000][1][safepoint    ] Safepoint "Cleanup", Time since last: 1000785377 ns, Reaching safepoint: 210530 ns, At safepoint: 25057 ns, Total: 235587 ns
[2020-02-26T10:42:50.514+0000][1][safepoint    ] Safepoint "RevokeBias", Time since last: 510442172 ns, Reaching safepoint: 67205 ns, At safepoint: 36683 ns, Total: 103888 ns
[2020-02-26T10:42:51.515+0000][1][safepoint    ] Safepoint "Cleanup", Time since last: 1000680203 ns, Reaching safepoint: 78274 ns, At safepoint: 9659 ns, Total: 87933 ns
[2020-02-26T10:42:52.515+0000][1][safepoint    ] Safepoint "Cleanup", Time since last: 1000779349 ns, Reaching safepoint: 77617 ns, At safepoint: 10486 ns, Total: 88103 ns
[2020-02-26T10:42:53.017+0000][1][safepoint    ] Safepoint "RevokeBias", Time since last: 501276901 ns, Reaching safepoint: 69990 ns, At safepoint: 19239 ns, Total: 89229 ns
[2020-02-26T10:42:54.018+0000][1][safepoint    ] Safepoint "Cleanup", Time since last: 1000781286 ns, Reaching safepoint: 149785 ns, At safepoint: 30694 ns, Total: 180479 ns
[2020-02-26T10:42:55.018+0000][1][safepoint    ] Safepoint "Cleanup", Time since last: 1000403596 ns, Reaching safepoint: 80139 ns, At safepoint: 10872 ns, Total: 91011 ns
[2020-02-26T10:42:55.521+0000][1][safepoint    ] Safepoint "RevokeBias", Time since last: 502455128 ns, Reaching safepoint: 66661 ns, At safepoint: 18951 ns, Total: 85612 ns
[2020-02-26T10:42:56.521+0000][1][safepoint    ] Safepoint "Cleanup", Time since last: 1000324891 ns, Reaching safepoint: 80269 ns, At safepoint: 9919 ns, Total: 90188 ns
[2020-02-26T10:42:57.522+0000][1][safepoint    ] Safepoint "Cleanup", Time since last: 1000353940 ns, Reaching safepoint: 75796 ns, At safepoint: 9093 ns, Total: 84889 ns
[2020-02-26T10:42:58.026+0000][1][gc,start     ] GC(87) Pause Young (Allocation Failure)
[2020-02-26T10:42:58.026+0000][1][gc,task      ] GC(87) Using 1 workers of 1 for evacuation
[2020-02-26T10:42:58.040+0000][1][gc,age       ] GC(87) Desired survivor size 4358144 bytes, new threshold 6 (max threshold 6)
[2020-02-26T10:42:58.040+0000][1][gc,age       ] GC(87) Age table with threshold 6 (max threshold 6)
[2020-02-26T10:42:58.040+0000][1][gc,age       ] GC(87) - age   1:      19064 bytes,      19064 total
[2020-02-26T10:42:58.040+0000][1][gc,age       ] GC(87) - age   2:        424 bytes,      19488 total
[2020-02-26T10:42:58.040+0000][1][gc,age       ] GC(87) - age   3:       1344 bytes,      20832 total
[2020-02-26T10:42:58.040+0000][1][gc,age       ] GC(87) - age   4:       1680 bytes,      22512 total
[2020-02-26T10:42:58.040+0000][1][gc,age       ] GC(87) - age   5:        232 bytes,      22744 total
[2020-02-26T10:42:58.040+0000][1][gc,age       ] GC(87) - age   6:        768 bytes,      23512 total
[2020-02-26T10:42:58.040+0000][1][gc,heap      ] GC(87) ParNew: 68178K->28K(76672K)
[2020-02-26T10:42:58.040+0000][1][gc,heap      ] GC(87) CMS: 62667K->62667K(963392K)
[2020-02-26T10:42:58.040+0000][1][gc,metaspace ] GC(87) Metaspace: 80017K->80017K(1122304K)
[2020-02-26T10:42:58.040+0000][1][gc           ] GC(87) Pause Young (Allocation Failure) 127M->61M(1015M) 13.512ms
[2020-02-26T10:42:58.040+0000][1][gc,cpu       ] GC(87) User=0.01s Sys=0.00s Real=0.02s
[2020-02-26T10:42:58.040+0000][1][safepoint    ] Safepoint "GenCollectForAllocation", Time since last: 504574261 ns, Reaching safepoint: 126449 ns, At safepoint: 13579701 ns, Total: 13706150 ns
[2020-02-26T10:42:58.041+0000][1][safepoint    ] Safepoint "RevokeBias", Time since last: 795751 ns, Reaching safepoint: 64174 ns, At safepoint: 18074 ns, Total: 82248 ns
[2020-02-26T10:42:59.048+0000][1][safepoint    ] Safepoint "Cleanup", Time since last: 1006640699 ns, Reaching safepoint: 187002 ns, At safepoint: 11752 ns, Total: 198754 ns
[2020-02-26T10:43:00.049+0000][1][safepoint    ] Safepoint "Cleanup", Time since last: 1000782130 ns, Reaching safepoint: 75632 ns, At safepoint: 8305 ns, Total: 83937 ns
[2020-02-26T10:43:00.545+0000][1][safepoint    ] Safepoint "RevokeBias", Time since last: 496148753 ns, Reaching safepoint: 87750 ns, At safepoint: 24488 ns, Total: 112238 ns
[2020-02-26T10:43:01.545+0000][1][safepoint    ] Safepoint "Cleanup", Time since last: 1000398185 ns, Reaching safepoint: 95863 ns, At safepoint: 13063 ns, Total: 108926 ns
[2020-02-26T10:43:02.547+0000][1][safepoint    ] Safepoint "Cleanup", Time since last: 1001353349 ns, Reaching safepoint: 67029 ns, At safepoint: 7893 ns, Total: 74922 ns
[2020-02-26T10:43:03.048+0000][1][safepoint    ] Safepoint "RevokeBias", Time since last: 500954912 ns, Reaching safepoint: 72666 ns, At safepoint: 21184 ns, Total: 93850 ns
[2020-02-26T10:43:04.050+0000][1][safepoint    ] Safepoint "Cleanup", Time since last: 1001800683 ns, Reaching safepoint: 71061 ns, At safepoint: 6849 ns, Total: 77910 ns
[2020-02-26T10:43:05.050+0000][1][safepoint    ] Safepoint "Cleanup", Time since last: 1000691761 ns, Reaching safepoint: 100287 ns, At safepoint: 11343 ns, Total: 111630 ns
[2020-02-26T10:43:05.553+0000][1][safepoint    ] Safepoint "RevokeBias", Time since last: 502806096 ns, Reaching safepoint: 107920 ns, At safepoint: 51773 ns, Total: 159693 ns
[2020-02-26T10:43:06.554+0000][1][safepoint    ] Safepoint "Cleanup", Time since last: 1000785022 ns, Reaching safepoint: 86820 ns, At safepoint: 9353 ns, Total: 96173 ns
[2020-02-26T10:43:07.555+0000][1][safepoint    ] Safepoint "Cleanup", Time since last: 1000162718 ns, Reaching safepoint: 79260 ns, At safepoint: 9071 ns, Total: 88331 ns
[2020-02-26T10:43:08.061+0000][1][safepoint    ] Safepoint "RevokeBias", Time since last: 506151240 ns, Reaching safepoint: 69317 ns, At safepoint: 20172 ns, Total: 89489 ns
[2020-02-26T10:43:09.062+0000][1][safepoint    ] Safepoint "Cleanup", Time since last: 1001450087 ns, Reaching safepoint: 128028 ns, At safepoint: 10865 ns, Total: 138893 ns
[2020-02-26T10:43:10.063+0000][1][safepoint    ] Safepoint "Cleanup", Time since last: 1000559480 ns, Reaching safepoint: 97116 ns, At safepoint: 10378 ns, Total: 107494 ns
[2020-02-26T10:43:10.566+0000][1][safepoint    ] Safepoint "RevokeBias", Time since last: 502339923 ns, Reaching safepoint: 142134 ns, At safepoint: 39252 ns, Total: 181386 ns
[2020-02-26T10:43:11.566+0000][1][safepoint    ] Safepoint "Cleanup", Time since last: 1000639401 ns, Reaching safepoint: 84976 ns, At safepoint: 12216 ns, Total: 97192 ns
[2020-02-26T10:43:12.567+0000][1][safepoint    ] Safepoint "Cleanup", Time since last: 1000214800 ns, Reaching safepoint: 82688 ns, At safepoint: 9557 ns, Total: 92245 ns
[2020-02-26T10:43:13.070+0000][1][safepoint    ] Safepoint "RevokeBias", Time since last: 503226469 ns, Reaching safepoint: 86047 ns, At safepoint: 21548 ns, Total: 107595 ns
[2020-02-26T10:43:14.071+0000][1][safepoint    ] Safepoint "Cleanup", Time since last: 1000593454 ns, Reaching safepoint: 77838 ns, At safepoint: 10351 ns, Total: 88189 ns
[2020-02-26T10:43:15.071+0000][1][safepoint    ] Safepoint "Cleanup", Time since last: 1000237739 ns, Reaching safepoint: 121495 ns, At safepoint: 10888 ns, Total: 132383 ns
[2020-02-26T10:43:15.575+0000][1][safepoint    ] Safepoint "RevokeBias", Time since last: 503547224 ns, Reaching safepoint: 71962 ns, At safepoint: 37055 ns, Total: 109017 ns
[2020-02-26T10:43:16.575+0000][1][safepoint    ] Safepoint "Cleanup", Time since last: 1000542230 ns, Reaching safepoint: 96844 ns, At safepoint: 9656 ns, Total: 106500 ns
[2020-02-26T10:43:17.576+0000][1][safepoint    ] Safepoint "Cleanup", Time since last: 1000212162 ns, Reaching safepoint: 78876 ns, At safepoint: 9704 ns, Total: 88580 ns
[2020-02-26T10:43:18.078+0000][1][safepoint    ] Safepoint "BulkRevokeBias", Time since last: 502094370 ns, Reaching safepoint: 70251 ns, At safepoint: 187458 ns, Total: 257709 ns
[2020-02-26T10:43:19.079+0000][1][safepoint    ] Safepoint "Cleanup", Time since last: 1000553062 ns, Reaching safepoint: 77311 ns, At safepoint: 8865 ns, Total: 86176 ns
[2020-02-26T10:43:20.079+0000][1][safepoint    ] Safepoint "Cleanup", Time since last: 1000596641 ns, Reaching safepoint: 77013 ns, At safepoint: 8781 ns, Total: 85794 ns
[2020-02-26T10:43:20.581+0000][1][safepoint    ] Safepoint "RevokeBias", Time since last: 501630568 ns, Reaching safepoint: 69785 ns, At safepoint: 19925 ns, Total: 89710 ns
[2020-02-26T10:43:21.581+0000][1][safepoint    ] Safepoint "Cleanup", Time since last: 1000398135 ns, Reaching safepoint: 78542 ns, At safepoint: 9506 ns, Total: 88048 ns
[2020-02-26T10:43:22.582+0000][1][safepoint    ] Safepoint "Cleanup", Time since last: 1000129338 ns, Reaching safepoint: 80196 ns, At safepoint: 10117 ns, Total: 90313 ns
[2020-02-26T10:43:23.083+0000][1][safepoint    ] Safepoint "RevokeBias", Time since last: 501644205 ns, Reaching safepoint: 71640 ns, At safepoint: 19564 ns, Total: 91204 ns
[2020-02-26T10:43:24.084+0000][1][safepoint    ] Safepoint "Cleanup", Time since last: 1000617413 ns, Reaching safepoint: 77209 ns, At safepoint: 9743 ns, Total: 86952 ns
[2020-02-26T10:43:25.087+0000][1][safepoint    ] Safepoint "Cleanup", Time since last: 1003174070 ns, Reaching safepoint: 81712 ns, At safepoint: 12832 ns, Total: 94544 ns
[2020-02-26T10:43:25.591+0000][1][safepoint    ] Safepoint "RevokeBias", Time since last: 503146027 ns, Reaching safepoint: 130742 ns, At safepoint: 35791 ns, Total: 166533 ns
[2020-02-26T10:43:26.591+0000][1][safepoint    ] Safepoint "Cleanup", Time since last: 1000421858 ns, Reaching safepoint: 80761 ns, At safepoint: 9218 ns, Total: 89979 ns
[2020-02-26T10:43:27.592+0000][1][safepoint    ] Safepoint "Cleanup", Time since last: 1000603943 ns, Reaching safepoint: 89472 ns, At safepoint: 9828 ns, Total: 99300 ns
[2020-02-26T10:43:28.102+0000][1][safepoint    ] Safepoint "RevokeBias", Time since last: 510302129 ns, Reaching safepoint: 123622 ns, At safepoint: 20435 ns, Total: 144057 ns
[2020-02-26T10:43:29.103+0000][1][safepoint    ] Safepoint "Cleanup", Time since last: 1000436122 ns, Reaching safepoint: 86403 ns, At safepoint: 10704 ns, Total: 97107 ns
[2020-02-26T10:43:30.103+0000][1][safepoint    ] Safepoint "Cleanup", Time since last: 1000369943 ns, Reaching safepoint: 78694 ns, At safepoint: 10379 ns, Total: 89073 ns
[2020-02-26T10:43:30.615+0000][1][safepoint    ] Safepoint "RevokeBias", Time since last: 511606386 ns, Reaching safepoint: 153247 ns, At safepoint: 21357 ns, Total: 174604 ns
[2020-02-26T10:43:31.616+0000][1][safepoint    ] Safepoint "Cleanup", Time since last: 1000644922 ns, Reaching safepoint: 77503 ns, At safepoint: 8982 ns, Total: 86485 ns
[2020-02-26T10:43:32.616+0000][1][safepoint    ] Safepoint "Cleanup", Time since last: 1000229563 ns, Reaching safepoint: 78969 ns, At safepoint: 9058 ns, Total: 88027 ns
[2020-02-26T10:43:33.124+0000][1][safepoint    ] Safepoint "RevokeBias", Time since last: 507881313 ns, Reaching safepoint: 69613 ns, At safepoint: 19660 ns, Total: 89273 ns
[2020-02-26T10:43:34.125+0000][1][safepoint    ] Safepoint "Cleanup", Time since last: 1000411805 ns, Reaching safepoint: 79412 ns, At safepoint: 10393 ns, Total: 89805 ns
[2020-02-26T10:43:35.125+0000][1][safepoint    ] Safepoint "Cleanup", Time since last: 1000229911 ns, Reaching safepoint: 110819 ns, At safepoint: 13432 ns, Total: 124251 ns
[2020-02-26T10:43:35.635+0000][1][safepoint    ] Safepoint "RevokeBias", Time since last: 509672533 ns, Reaching safepoint: 72084 ns, At safepoint: 20259 ns, Total: 92343 ns
[2020-02-26T10:43:36.636+0000][1][safepoint    ] Safepoint "Cleanup", Time since last: 1000879115 ns, Reaching safepoint: 78804 ns, At safepoint: 10250 ns, Total: 89054 ns
[2020-02-26T10:43:37.636+0000][1][safepoint    ] Safepoint "Cleanup", Time since last: 1000399199 ns, Reaching safepoint: 78427 ns, At safepoint: 10089 ns, Total: 88516 ns
[2020-02-26T10:43:38.144+0000][1][safepoint    ] Safepoint "RevokeBias", Time since last: 507837547 ns, Reaching safepoint: 69057 ns, At safepoint: 19372 ns, Total: 88429 ns
[2020-02-26T10:43:39.145+0000][1][safepoint    ] Safepoint "Cleanup", Time since last: 1000739795 ns, Reaching safepoint: 94254 ns, At safepoint: 10121 ns, Total: 104375 ns
[2020-02-26T10:43:40.145+0000][1][safepoint    ] Safepoint "Cleanup", Time since last: 1000325371 ns, Reaching safepoint: 81408 ns, At safepoint: 11082 ns, Total: 92490 ns
[2020-02-26T10:43:40.648+0000][1][safepoint    ] Safepoint "RevokeBias", Time since last: 502597970 ns, Reaching safepoint: 77383 ns, At safepoint: 21417 ns, Total: 98800 ns
[2020-02-26T10:43:41.652+0000][1][safepoint    ] Safepoint "Cleanup", Time since last: 1004185414 ns, Reaching safepoint: 76229 ns, At safepoint: 8758 ns, Total: 84987 ns
[2020-02-26T10:43:42.653+0000][1][safepoint    ] Safepoint "Cleanup", Time since last: 1000346505 ns, Reaching safepoint: 90676 ns, At safepoint: 9688 ns, Total: 100364 ns
[2020-02-26T10:43:43.152+0000][1][safepoint    ] Safepoint "RevokeBias", Time since last: 499253762 ns, Reaching safepoint: 76033 ns, At safepoint: 21347 ns, Total: 97380 ns
[2020-02-26T10:43:44.153+0000][1][safepoint    ] Safepoint "Cleanup", Time since last: 1000706248 ns, Reaching safepoint: 95656 ns, At safepoint: 11601 ns, Total: 107257 ns
[2020-02-26T10:43:45.157+0000][1][safepoint    ] Safepoint "Cleanup", Time since last: 1004218838 ns, Reaching safepoint: 142320 ns, At safepoint: 11993 ns, Total: 154313 ns
[2020-02-26T10:43:45.657+0000][1][safepoint    ] Safepoint "RevokeBias", Time since last: 499529239 ns, Reaching safepoint: 71174 ns, At safepoint: 37473 ns, Total: 108647 ns
[2020-02-26T10:43:46.667+0000][1][safepoint    ] Safepoint "Cleanup", Time since last: 1010233702 ns, Reaching safepoint: 173673 ns, At safepoint: 32677 ns, Total: 206350 ns
[2020-02-26T10:43:47.669+0000][1][safepoint    ] Safepoint "Cleanup", Time since last: 1001256627 ns, Reaching safepoint: 78191 ns, At safepoint: 10147 ns, Total: 88338 ns
[2020-02-26T10:43:48.162+0000][1][safepoint    ] Safepoint "RevokeBias", Time since last: 493343210 ns, Reaching safepoint: 74950 ns, At safepoint: 21050 ns, Total: 96000 ns
[2020-02-26T10:43:49.362+0000][1][safepoint    ] Safepoint "Cleanup", Time since last: 1199380212 ns, Reaching safepoint: 77974 ns, At safepoint: 10635 ns, Total: 88609 ns
[2020-02-26T10:43:50.362+0000][1][safepoint    ] Safepoint "Cleanup", Time since last: 1000324055 ns, Reaching safepoint: 78668 ns, At safepoint: 10363 ns, Total: 89031 ns
[2020-02-26T10:43:50.666+0000][1][safepoint    ] Safepoint "RevokeBias", Time since last: 303920495 ns, Reaching safepoint: 74464 ns, At safepoint: 24185 ns, Total: 98649 ns
[2020-02-26T10:43:51.670+0000][1][safepoint    ] Safepoint "Cleanup", Time since last: 1003630725 ns, Reaching safepoint: 77480 ns, At safepoint: 8745 ns, Total: 86225 ns
[2020-02-26T10:43:52.670+0000][1][safepoint    ] Safepoint "Cleanup", Time since last: 1000456184 ns, Reaching safepoint: 113519 ns, At safepoint: 10222 ns, Total: 123741 ns
[2020-02-26T10:43:53.169+0000][1][safepoint    ] Safepoint "RevokeBias", Time since last: 498793575 ns, Reaching safepoint: 69594 ns, At safepoint: 18848 ns, Total: 88442 ns
[2020-02-26T10:43:54.170+0000][1][safepoint    ] Safepoint "Cleanup", Time since last: 1000715349 ns, Reaching safepoint: 80533 ns, At safepoint: 9723 ns, Total: 90256 ns
[2020-02-26T10:43:55.171+0000][1][safepoint    ] Safepoint "Cleanup", Time since last: 1000637012 ns, Reaching safepoint: 77425 ns, At safepoint: 9230 ns, Total: 86655 ns
[2020-02-26T10:43:55.675+0000][1][safepoint    ] Safepoint "RevokeBias", Time since last: 503715297 ns, Reaching safepoint: 76431 ns, At safepoint: 20523 ns, Total: 96954 ns
[2020-02-26T10:43:56.677+0000][1][safepoint    ] Safepoint "Cleanup", Time since last: 1002239457 ns, Reaching safepoint: 87465 ns, At safepoint: 11599 ns, Total: 99064 ns
[2020-02-26T10:43:57.683+0000][1][safepoint    ] Safepoint "Cleanup", Time since last: 1006338338 ns, Reaching safepoint: 81875 ns, At safepoint: 9312 ns, Total: 91187 ns
[2020-02-26T10:43:58.180+0000][1][safepoint    ] Safepoint "RevokeBias", Time since last: 496428754 ns, Reaching safepoint: 70237 ns, At safepoint: 18959 ns, Total: 89196 ns
[2020-02-26T10:43:59.181+0000][1][safepoint    ] Safepoint "Cleanup", Time since last: 1000482665 ns, Reaching safepoint: 116077 ns, At safepoint: 12794 ns, Total: 128871 ns
[2020-02-26T10:44:00.181+0000][1][safepoint    ] Safepoint "Cleanup", Time since last: 1000841436 ns, Reaching safepoint: 95242 ns, At safepoint: 8910 ns, Total: 104152 ns
[2020-02-26T10:44:00.686+0000][1][safepoint    ] Safepoint "RevokeBias", Time since last: 504072831 ns, Reaching safepoint: 73932 ns, At safepoint: 39183 ns, Total: 113115 ns
[2020-02-26T10:44:01.686+0000][1][safepoint    ] Safepoint "Cleanup", Time since last: 1000609148 ns, Reaching safepoint: 74809 ns, At safepoint: 7687 ns, Total: 82496 ns
[2020-02-26T10:44:02.692+0000][1][safepoint    ] Safepoint "Cleanup", Time since last: 1005884338 ns, Reaching safepoint: 87873 ns, At safepoint: 6986 ns, Total: 94859 ns
[2020-02-26T10:44:03.188+0000][1][safepoint    ] Safepoint "RevokeBias", Time since last: 495608950 ns, Reaching safepoint: 52047 ns, At safepoint: 18672 ns, Total: 70719 ns
[2020-02-26T10:44:04.188+0000][1][safepoint    ] Safepoint "Cleanup", Time since last: 1000311430 ns, Reaching safepoint: 83948 ns, At safepoint: 10834 ns, Total: 94782 ns
[2020-02-26T10:44:05.189+0000][1][safepoint    ] Safepoint "Cleanup", Time since last: 1000329089 ns, Reaching safepoint: 81835 ns, At safepoint: 10333 ns, Total: 92168 ns
[2020-02-26T10:44:05.693+0000][1][safepoint    ] Safepoint "RevokeBias", Time since last: 503812669 ns, Reaching safepoint: 97188 ns, At safepoint: 20693 ns, Total: 117881 ns
[2020-02-26T10:44:06.694+0000][1][safepoint    ] Safepoint "Cleanup", Time since last: 1000790746 ns, Reaching safepoint: 77102 ns, At safepoint: 9588 ns, Total: 86690 ns
[2020-02-26T10:44:07.695+0000][1][safepoint    ] Safepoint "Cleanup", Time since last: 1001510692 ns, Reaching safepoint: 65701 ns, At safepoint: 9034 ns, Total: 74735 ns
[2020-02-26T10:44:08.217+0000][1][safepoint    ] Safepoint "RevokeBias", Time since last: 521512718 ns, Reaching safepoint: 74510 ns, At safepoint: 20820 ns, Total: 95330 ns
[2020-02-26T10:44:09.218+0000][1][safepoint    ] Safepoint "Cleanup", Time since last: 1001048457 ns, Reaching safepoint: 195089 ns, At safepoint: 11503 ns, Total: 206592 ns
[2020-02-26T10:44:10.218+0000][1][safepoint    ] Safepoint "Cleanup", Time since last: 1000169576 ns, Reaching safepoint: 100181 ns, At safepoint: 10929 ns, Total: 111110 ns
[2020-02-26T10:44:10.732+0000][1][safepoint    ] Safepoint "RevokeBias", Time since last: 513208145 ns, Reaching safepoint: 101471 ns, At safepoint: 84168 ns, Total: 185639 ns
[2020-02-26T10:44:11.732+0000][1][safepoint    ] Safepoint "Cleanup", Time since last: 1000310107 ns, Reaching safepoint: 102243 ns, At safepoint: 10192 ns, Total: 112435 ns
[2020-02-26T10:44:12.733+0000][1][safepoint    ] Safepoint "Cleanup", Time since last: 1000213720 ns, Reaching safepoint: 127205 ns, At safepoint: 11967 ns, Total: 139172 ns
[2020-02-26T10:44:13.243+0000][1][safepoint    ] Safepoint "RevokeBias", Time since last: 510656000 ns, Reaching safepoint: 69288 ns, At safepoint: 35566 ns, Total: 104854 ns
[2020-02-26T10:44:14.244+0000][1][safepoint    ] Safepoint "Cleanup", Time since last: 1000426238 ns, Reaching safepoint: 90407 ns, At safepoint: 9130 ns, Total: 99537 ns
[2020-02-26T10:44:15.244+0000][1][safepoint    ] Safepoint "Cleanup", Time since last: 1000225676 ns, Reaching safepoint: 80594 ns, At safepoint: 10873 ns, Total: 91467 ns
[2020-02-26T10:44:15.754+0000][1][safepoint    ] Safepoint "RevokeBias", Time since last: 509864603 ns, Reaching safepoint: 72118 ns, At safepoint: 20169 ns, Total: 92287 ns
[2020-02-26T10:44:16.755+0000][1][safepoint    ] Safepoint "Cleanup", Time since last: 1000446955 ns, Reaching safepoint: 94701 ns, At safepoint: 9225 ns, Total: 103926 ns
[2020-02-26T10:44:17.778+0000][1][safepoint    ] Safepoint "Cleanup", Time since last: 1023402352 ns, Reaching safepoint: 149540 ns, At safepoint: 71125 ns, Total: 220665 ns
[2020-02-26T10:44:18.266+0000][1][safepoint    ] Safepoint "RevokeBias", Time since last: 487110491 ns, Reaching safepoint: 103202 ns, At safepoint: 28016 ns, Total: 131218 ns
[2020-02-26T10:44:19.519+0000][1][safepoint    ] Safepoint "Cleanup", Time since last: 1253351572 ns, Reaching safepoint: 75374 ns, At safepoint: 8434 ns, Total: 83808 ns
[2020-02-26T10:44:20.520+0000][1][safepoint    ] Safepoint "Cleanup", Time since last: 1000658303 ns, Reaching safepoint: 76382 ns, At safepoint: 8984 ns, Total: 85366 ns
[2020-02-26T10:44:20.772+0000][1][safepoint    ] Safepoint "RevokeBias", Time since last: 252541852 ns, Reaching safepoint: 68511 ns, At safepoint: 20110 ns, Total: 88621 ns
[2020-02-26T10:44:21.773+0000][1][safepoint    ] Safepoint "Cleanup", Time since last: 1000482657 ns, Reaching safepoint: 178074 ns, At safepoint: 24830 ns, Total: 202904 ns
[2020-02-26T10:44:22.774+0000][1][safepoint    ] Safepoint "Cleanup", Time since last: 1000747851 ns, Reaching safepoint: 119435 ns, At safepoint: 21552 ns, Total: 140987 ns
[2020-02-26T10:44:23.278+0000][1][safepoint    ] Safepoint "RevokeBias", Time since last: 503576505 ns, Reaching safepoint: 67927 ns, At safepoint: 22383 ns, Total: 90310 ns
[2020-02-26T10:44:24.282+0000][1][safepoint    ] Safepoint "Cleanup", Time since last: 1004025391 ns, Reaching safepoint: 99993 ns, At safepoint: 12378 ns, Total: 112371 ns
[2020-02-26T10:44:25.283+0000][1][safepoint    ] Safepoint "Cleanup", Time since last: 1000705523 ns, Reaching safepoint: 79206 ns, At safepoint: 10388 ns, Total: 89594 ns
[2020-02-26T10:44:25.784+0000][1][safepoint    ] Safepoint "RevokeBias", Time since last: 501615545 ns, Reaching safepoint: 103185 ns, At safepoint: 30708 ns, Total: 133893 ns
[2020-02-26T10:44:26.785+0000][1][safepoint    ] Safepoint "Cleanup", Time since last: 1000259721 ns, Reaching safepoint: 110454 ns, At safepoint: 15237 ns, Total: 125691 ns
[2020-02-26T10:44:27.785+0000][1][safepoint    ] Safepoint "Cleanup", Time since last: 1000296563 ns, Reaching safepoint: 130451 ns, At safepoint: 10624 ns, Total: 141075 ns
[2020-02-26T10:44:28.288+0000][1][safepoint    ] Safepoint "RevokeBias", Time since last: 503218246 ns, Reaching safepoint: 77883 ns, At safepoint: 23002 ns, Total: 100885 ns
[2020-02-26T10:44:29.293+0000][1][safepoint    ] Safepoint "Cleanup", Time since last: 1004718715 ns, Reaching safepoint: 102618 ns, At safepoint: 12853 ns, Total: 115471 ns
[2020-02-26T10:44:30.294+0000][1][safepoint    ] Safepoint "Cleanup", Time since last: 1000728501 ns, Reaching safepoint: 81234 ns, At safepoint: 10947 ns, Total: 92181 ns
[2020-02-26T10:44:30.795+0000][1][safepoint    ] Safepoint "BulkRevokeBias", Time since last: 500356735 ns, Reaching safepoint: 97297 ns, At safepoint: 406627 ns, Total: 503924 ns
[2020-02-26T10:44:31.796+0000][1][safepoint    ] Safepoint "Cleanup", Time since last: 1000686960 ns, Reaching safepoint: 83501 ns, At safepoint: 10944 ns, Total: 94445 ns
[2020-02-26T10:44:32.796+0000][1][safepoint    ] Safepoint "Cleanup", Time since last: 1000369908 ns, Reaching safepoint: 98962 ns, At safepoint: 11259 ns, Total: 110221 ns
[2020-02-26T10:44:33.300+0000][1][safepoint    ] Safepoint "RevokeBias", Time since last: 503920720 ns, Reaching safepoint: 184139 ns, At safepoint: 30811 ns, Total: 214950 ns
[2020-02-26T10:44:34.301+0000][1][safepoint    ] Safepoint "Cleanup", Time since last: 1000502524 ns, Reaching safepoint: 102670 ns, At safepoint: 11267 ns, Total: 113937 ns
[2020-02-26T10:44:35.303+0000][1][safepoint    ] Safepoint "Cleanup", Time since last: 1001415951 ns, Reaching safepoint: 161476 ns, At safepoint: 15503 ns, Total: 176979 ns
[2020-02-26T10:44:35.806+0000][1][safepoint    ] Safepoint "RevokeBias", Time since last: 503624159 ns, Reaching safepoint: 78976 ns, At safepoint: 21074 ns, Total: 100050 ns
[2020-02-26T10:44:36.808+0000][1][safepoint    ] Safepoint "Cleanup", Time since last: 1001201341 ns, Reaching safepoint: 148280 ns, At safepoint: 13537 ns, Total: 161817 ns
[2020-02-26T10:44:37.809+0000][1][safepoint    ] Safepoint "Cleanup", Time since last: 1001114682 ns, Reaching safepoint: 112616 ns, At safepoint: 14484 ns, Total: 127100 ns
[2020-02-26T10:44:38.313+0000][1][safepoint    ] Safepoint "RevokeBias", Time since last: 503675606 ns, Reaching safepoint: 78846 ns, At safepoint: 21557 ns, Total: 100403 ns
[2020-02-26T10:44:39.314+0000][1][safepoint    ] Safepoint "Cleanup", Time since last: 1001046280 ns, Reaching safepoint: 112693 ns, At safepoint: 12269 ns, Total: 124962 ns
[2020-02-26T10:44:40.314+0000][1][safepoint    ] Safepoint "Cleanup", Time since last: 1000364875 ns, Reaching safepoint: 109125 ns, At safepoint: 11050 ns, Total: 120175 ns
[2020-02-26T10:44:40.832+0000][1][safepoint    ] Safepoint "RevokeBias", Time since last: 517632263 ns, Reaching safepoint: 105821 ns, At safepoint: 53599 ns, Total: 159420 ns
[2020-02-26T10:44:41.833+0000][1][safepoint    ] Safepoint "Cleanup", Time since last: 1000663933 ns, Reaching safepoint: 82261 ns, At safepoint: 25571 ns, Total: 107832 ns
[2020-02-26T10:44:42.833+0000][1][safepoint    ] Safepoint "Cleanup", Time since last: 1000221352 ns, Reaching safepoint: 79074 ns, At safepoint: 9037 ns, Total: 88111 ns
[2020-02-26T10:44:43.338+0000][1][safepoint    ] Safepoint "RevokeBias", Time since last: 504923110 ns, Reaching safepoint: 73145 ns, At safepoint: 19885 ns, Total: 93030 ns
[2020-02-26T10:44:44.339+0000][1][safepoint    ] Safepoint "Cleanup", Time since last: 1000610246 ns, Reaching safepoint: 149414 ns, At safepoint: 11548 ns, Total: 160962 ns
[2020-02-26T10:44:45.340+0000][1][safepoint    ] Safepoint "Cleanup", Time since last: 1000885678 ns, Reaching safepoint: 100772 ns, At safepoint: 12664 ns, Total: 113436 ns
[2020-02-26T10:44:45.848+0000][1][safepoint    ] Safepoint "RevokeBias", Time since last: 508288853 ns, Reaching safepoint: 78413 ns, At safepoint: 28274 ns, Total: 106687 ns
[2020-02-26T10:44:46.850+0000][1][safepoint    ] Safepoint "Cleanup", Time since last: 1001596541 ns, Reaching safepoint: 76760 ns, At safepoint: 7864 ns, Total: 84624 ns
[2020-02-26T10:44:47.851+0000][1][safepoint    ] Safepoint "Cleanup", Time since last: 1000587932 ns, Reaching safepoint: 145489 ns, At safepoint: 10492 ns, Total: 155981 ns
[2020-02-26T10:44:48.478+0000][1][safepoint    ] Safepoint "RevokeBias", Time since last: 626925581 ns, Reaching safepoint: 204612 ns, At safepoint: 26922 ns, Total: 231534 ns
[2020-02-26T10:44:49.478+0000][1][safepoint    ] Safepoint "Cleanup", Time since last: 1000415275 ns, Reaching safepoint: 78934 ns, At safepoint: 9638 ns, Total: 88572 ns
[2020-02-26T10:44:50.479+0000][1][safepoint    ] Safepoint "Cleanup", Time since last: 1000877729 ns, Reaching safepoint: 82826 ns, At safepoint: 10039 ns, Total: 92865 ns
[2020-02-26T10:44:50.983+0000][1][safepoint    ] Safepoint "RevokeBias", Time since last: 503262149 ns, Reaching safepoint: 69254 ns, At safepoint: 19021 ns, Total: 88275 ns
[2020-02-26T10:44:51.989+0000][1][safepoint    ] Safepoint "Cleanup", Time since last: 1005667847 ns, Reaching safepoint: 80963 ns, At safepoint: 9027 ns, Total: 89990 ns
[2020-02-26T10:44:52.989+0000][1][safepoint    ] Safepoint "Cleanup", Time since last: 1000238860 ns, Reaching safepoint: 137365 ns, At safepoint: 10734 ns, Total: 148099 ns
[2020-02-26T10:44:53.485+0000][1][safepoint    ] Safepoint "RevokeBias", Time since last: 496263147 ns, Reaching safepoint: 78613 ns, At safepoint: 20304 ns, Total: 98917 ns
[2020-02-26T10:44:54.486+0000][1][safepoint    ] Safepoint "Cleanup", Time since last: 1000476962 ns, Reaching safepoint: 78935 ns, At safepoint: 9180 ns, Total: 88115 ns
[2020-02-26T10:44:55.486+0000][1][safepoint    ] Safepoint "Cleanup", Time since last: 1000330926 ns, Reaching safepoint: 79782 ns, At safepoint: 9238 ns, Total: 89020 ns
[2020-02-26T10:44:55.988+0000][1][safepoint    ] Safepoint "RevokeBias", Time since last: 501560470 ns, Reaching safepoint: 70796 ns, At safepoint: 19671 ns, Total: 90467 ns
[2020-02-26T10:44:56.997+0000][1][safepoint    ] Safepoint "Cleanup", Time since last: 1008702868 ns, Reaching safepoint: 123736 ns, At safepoint: 14530 ns, Total: 138266 ns
[2020-02-26T10:44:57.997+0000][1][safepoint    ] Safepoint "Cleanup", Time since last: 1000539333 ns, Reaching safepoint: 141681 ns, At safepoint: 13946 ns, Total: 155627 ns
[2020-02-26T10:44:58.494+0000][1][safepoint    ] Safepoint "RevokeBias", Time since last: 496426687 ns, Reaching safepoint: 70547 ns, At safepoint: 19879 ns, Total: 90426 ns
[2020-02-26T10:44:59.495+0000][1][safepoint    ] Safepoint "Cleanup", Time since last: 1000619233 ns, Reaching safepoint: 78493 ns, At safepoint: 11697 ns, Total: 90190 ns
[2020-02-26T10:45:00.495+0000][1][safepoint    ] Safepoint "Cleanup", Time since last: 1000402056 ns, Reaching safepoint: 90884 ns, At safepoint: 11017 ns, Total: 101901 ns
[2020-02-26T10:45:00.999+0000][1][safepoint    ] Safepoint "RevokeBias", Time since last: 503478937 ns, Reaching safepoint: 78454 ns, At safepoint: 24490 ns, Total: 102944 ns
[2020-02-26T10:45:02.001+0000][1][safepoint    ] Safepoint "Cleanup", Time since last: 1001605743 ns, Reaching safepoint: 97049 ns, At safepoint: 17484 ns, Total: 114533 ns
[2020-02-26T10:45:03.001+0000][1][safepoint    ] Safepoint "Cleanup", Time since last: 1000638430 ns, Reaching safepoint: 81093 ns, At safepoint: 10024 ns, Total: 91117 ns
[2020-02-26T10:45:03.501+0000][1][safepoint    ] Safepoint "RevokeBias", Time since last: 499855007 ns, Reaching safepoint: 70056 ns, At safepoint: 20923 ns, Total: 90979 ns
[2020-02-26T10:45:04.501+0000][1][safepoint    ] Safepoint "Cleanup", Time since last: 1000193166 ns, Reaching safepoint: 79780 ns, At safepoint: 9862 ns, Total: 89642 ns
[2020-02-26T10:45:05.502+0000][1][safepoint    ] Safepoint "Cleanup", Time since last: 1000330498 ns, Reaching safepoint: 115301 ns, At safepoint: 12484 ns, Total: 127785 ns
[2020-02-26T10:45:06.006+0000][1][safepoint    ] Safepoint "RevokeBias", Time since last: 503822313 ns, Reaching safepoint: 75265 ns, At safepoint: 21913 ns, Total: 97178 ns
[2020-02-26T10:45:07.006+0000][1][safepoint    ] Safepoint "Cleanup", Time since last: 1000279157 ns, Reaching safepoint: 85520 ns, At safepoint: 9682 ns, Total: 95202 ns
[2020-02-26T10:45:08.007+0000][1][safepoint    ] Safepoint "Cleanup", Time since last: 1000839183 ns, Reaching safepoint: 106205 ns, At safepoint: 11613 ns, Total: 117818 ns
[2020-02-26T10:45:08.511+0000][1][safepoint    ] Safepoint "RevokeBias", Time since last: 504101120 ns, Reaching safepoint: 70453 ns, At safepoint: 20084 ns, Total: 90537 ns
[2020-02-26T10:45:09.512+0000][1][safepoint    ] Safepoint "Cleanup", Time since last: 1000792840 ns, Reaching safepoint: 78439 ns, At safepoint: 9806 ns, Total: 88245 ns
[2020-02-26T10:45:10.513+0000][1][safepoint    ] Safepoint "Cleanup", Time since last: 1001000937 ns, Reaching safepoint: 145515 ns, At safepoint: 13041 ns, Total: 158556 ns
[2020-02-26T10:45:11.016+0000][1][safepoint    ] Safepoint "RevokeBias", Time since last: 502322283 ns, Reaching safepoint: 177062 ns, At safepoint: 58793 ns, Total: 235855 ns
[2020-02-26T10:45:12.016+0000][1][safepoint    ] Safepoint "Cleanup", Time since last: 1000311418 ns, Reaching safepoint: 77824 ns, At safepoint: 9360 ns, Total: 87184 ns
[2020-02-26T10:45:13.023+0000][1][safepoint    ] Safepoint "Cleanup", Time since last: 1006428460 ns, Reaching safepoint: 75338 ns, At safepoint: 8364 ns, Total: 83702 ns
[2020-02-26T10:45:13.519+0000][1][safepoint    ] Safepoint "RevokeBias", Time since last: 496539482 ns, Reaching safepoint: 67220 ns, At safepoint: 19726 ns, Total: 86946 ns
[2020-02-26T10:45:14.520+0000][1][safepoint    ] Safepoint "Cleanup", Time since last: 1000499006 ns, Reaching safepoint: 78569 ns, At safepoint: 10150 ns, Total: 88719 ns
[2020-02-26T10:45:15.520+0000][1][safepoint    ] Safepoint "Cleanup", Time since last: 1000281351 ns, Reaching safepoint: 112349 ns, At safepoint: 9505 ns, Total: 121854 ns
[2020-02-26T10:45:16.025+0000][1][safepoint    ] Safepoint "RevokeBias", Time since last: 503989865 ns, Reaching safepoint: 85384 ns, At safepoint: 19806 ns, Total: 105190 ns
[2020-02-26T10:45:17.025+0000][1][safepoint    ] Safepoint "Cleanup", Time since last: 1000264362 ns, Reaching safepoint: 83553 ns, At safepoint: 11140 ns, Total: 94693 ns
[2020-02-26T10:45:17.759+0000][1][gc,start     ] GC(88) Pause Young (Allocation Failure)
[2020-02-26T10:45:17.759+0000][1][gc,task      ] GC(88) Using 1 workers of 1 for evacuation
[2020-02-26T10:45:17.789+0000][1][gc,age       ] GC(88) Desired survivor size 4358144 bytes, new threshold 6 (max threshold 6)
[2020-02-26T10:45:17.789+0000][1][gc,age       ] GC(88) Age table with threshold 6 (max threshold 6)
[2020-02-26T10:45:17.789+0000][1][gc,age       ] GC(88) - age   1:      11656 bytes,      11656 total
[2020-02-26T10:45:17.789+0000][1][gc,age       ] GC(88) - age   2:        120 bytes,      11776 total
[2020-02-26T10:45:17.789+0000][1][gc,age       ] GC(88) - age   3:        424 bytes,      12200 total
[2020-02-26T10:45:17.789+0000][1][gc,age       ] GC(88) - age   4:       1344 bytes,      13544 total
[2020-02-26T10:45:17.789+0000][1][gc,age       ] GC(88) - age   5:       1680 bytes,      15224 total
[2020-02-26T10:45:17.789+0000][1][gc,age       ] GC(88) - age   6:        232 bytes,      15456 total
[2020-02-26T10:45:17.789+0000][1][gc,heap      ] GC(88) ParNew: 68188K->20K(76672K)
[2020-02-26T10:45:17.789+0000][1][gc,heap      ] GC(88) CMS: 62667K->62668K(963392K)
[2020-02-26T10:45:17.789+0000][1][gc,metaspace ] GC(88) Metaspace: 80021K->80021K(1122304K)
[2020-02-26T10:45:17.789+0000][1][gc           ] GC(88) Pause Young (Allocation Failure) 127M->61M(1015M) 30.290ms
[2020-02-26T10:45:17.789+0000][1][gc,cpu       ] GC(88) User=0.01s Sys=0.00s Real=0.03s
[2020-02-26T10:45:17.789+0000][1][safepoint    ] Safepoint "GenCollectForAllocation", Time since last: 733996023 ns, Reaching safepoint: 74071 ns, At safepoint: 30462073 ns, Total: 30536144 ns
[2020-02-26T10:45:18.536+0000][1][safepoint    ] Safepoint "RevokeBias", Time since last: 746207552 ns, Reaching safepoint: 50537 ns, At safepoint: 20572 ns, Total: 71109 ns
[2020-02-26T10:45:19.547+0000][1][safepoint    ] Safepoint "Cleanup", Time since last: 1011577129 ns, Reaching safepoint: 95258 ns, At safepoint: 14726 ns, Total: 109984 ns
[2020-02-26T10:45:20.548+0000][1][safepoint    ] Safepoint "Cleanup", Time since last: 1000604244 ns, Reaching safepoint: 114674 ns, At safepoint: 11830 ns, Total: 126504 ns
[2020-02-26T10:45:21.044+0000][1][safepoint    ] Safepoint "RevokeBias", Time since last: 495791893 ns, Reaching safepoint: 74433 ns, At safepoint: 21027 ns, Total: 95460 ns
[2020-02-26T10:45:22.045+0000][1][safepoint    ] Safepoint "Cleanup", Time since last: 1000871435 ns, Reaching safepoint: 79570 ns, At safepoint: 9549 ns, Total: 89119 ns
[2020-02-26T10:45:23.046+0000][1][safepoint    ] Safepoint "Cleanup", Time since last: 1000625611 ns, Reaching safepoint: 100970 ns, At safepoint: 12633 ns, Total: 113603 ns
[2020-02-26T10:45:23.558+0000][1][safepoint    ] Safepoint "RevokeBias", Time since last: 512065381 ns, Reaching safepoint: 90791 ns, At safepoint: 24493 ns, Total: 115284 ns
[2020-02-26T10:45:24.558+0000][1][safepoint    ] Safepoint "Cleanup", Time since last: 1000352763 ns, Reaching safepoint: 93484 ns, At safepoint: 10707 ns, Total: 104191 ns
[2020-02-26T10:45:25.559+0000][1][safepoint    ] Safepoint "Cleanup", Time since last: 1000786533 ns, Reaching safepoint: 84356 ns, At safepoint: 11482 ns, Total: 95838 ns
[2020-02-26T10:45:26.067+0000][1][safepoint    ] Safepoint "RevokeBias", Time since last: 508062076 ns, Reaching safepoint: 69165 ns, At safepoint: 19609 ns, Total: 88774 ns
[2020-02-26T10:45:27.068+0000][1][safepoint    ] Safepoint "Cleanup", Time since last: 1000663054 ns, Reaching safepoint: 108336 ns, At safepoint: 14679 ns, Total: 123015 ns
[2020-02-26T10:45:28.068+0000][1][safepoint    ] Safepoint "Cleanup", Time since last: 1000151333 ns, Reaching safepoint: 80079 ns, At safepoint: 10512 ns, Total: 90591 ns
[2020-02-26T10:45:28.581+0000][1][safepoint    ] Safepoint "RevokeBias", Time since last: 512847703 ns, Reaching safepoint: 93851 ns, At safepoint: 37612 ns, Total: 131463 ns
[2020-02-26T10:45:29.587+0000][1][safepoint    ] Safepoint "Cleanup", Time since last: 1005663622 ns, Reaching safepoint: 194435 ns, At safepoint: 23772 ns, Total: 218207 ns
[2020-02-26T10:45:30.592+0000][1][safepoint    ] Safepoint "Cleanup", Time since last: 1004286576 ns, Reaching safepoint: 97328 ns, At safepoint: 14218 ns, Total: 111546 ns
[2020-02-26T10:45:31.092+0000][1][safepoint    ] Safepoint "RevokeBias", Time since last: 499837545 ns, Reaching safepoint: 74439 ns, At safepoint: 22054 ns, Total: 96493 ns
[2020-02-26T10:45:32.095+0000][1][safepoint    ] Safepoint "Cleanup", Time since last: 1002825469 ns, Reaching safepoint: 114947 ns, At safepoint: 13946 ns, Total: 128893 ns
[2020-02-26T10:45:33.096+0000][1][safepoint    ] Safepoint "Cleanup", Time since last: 1001048740 ns, Reaching safepoint: 120993 ns, At safepoint: 14405 ns, Total: 135398 ns
[2020-02-26T10:45:33.600+0000][1][safepoint    ] Safepoint "RevokeBias", Time since last: 503791439 ns, Reaching safepoint: 120267 ns, At safepoint: 24097 ns, Total: 144364 ns
[2020-02-26T10:45:34.601+0000][1][safepoint    ] Safepoint "Cleanup", Time since last: 1001271411 ns, Reaching safepoint: 79884 ns, At safepoint: 8830 ns, Total: 88714 ns
[2020-02-26T10:45:35.602+0000][1][safepoint    ] Safepoint "Cleanup", Time since last: 1001138338 ns, Reaching safepoint: 80337 ns, At safepoint: 10547 ns, Total: 90884 ns
[2020-02-26T10:45:36.111+0000][1][safepoint    ] Safepoint "RevokeBias", Time since last: 508858515 ns, Reaching safepoint: 110207 ns, At safepoint: 31217 ns, Total: 141424 ns
[2020-02-26T10:45:37.112+0000][1][safepoint    ] Safepoint "Cleanup", Time since last: 1000758699 ns, Reaching safepoint: 79839 ns, At safepoint: 9759 ns, Total: 89598 ns
[2020-02-26T10:45:38.113+0000][1][safepoint    ] Safepoint "Cleanup", Time since last: 1000664859 ns, Reaching safepoint: 77605 ns, At safepoint: 9858 ns, Total: 87463 ns
[2020-02-26T10:45:38.619+0000][1][safepoint    ] Safepoint "RevokeBias", Time since last: 505423023 ns, Reaching safepoint: 170536 ns, At safepoint: 54791 ns, Total: 225327 ns
[2020-02-26T10:45:39.621+0000][1][safepoint    ] Safepoint "Cleanup", Time since last: 1002350434 ns, Reaching safepoint: 61474 ns, At safepoint: 8632 ns, Total: 70106 ns
[2020-02-26T10:45:40.622+0000][1][safepoint    ] Safepoint "Cleanup", Time since last: 1000881848 ns, Reaching safepoint: 157848 ns, At safepoint: 11771 ns, Total: 169619 ns
[2020-02-26T10:45:41.124+0000][1][safepoint    ] Safepoint "RevokeBias", Time since last: 501471543 ns, Reaching safepoint: 83344 ns, At safepoint: 36039 ns, Total: 119383 ns
[2020-02-26T10:45:42.124+0000][1][safepoint    ] Safepoint "Cleanup", Time since last: 1000210820 ns, Reaching safepoint: 92406 ns, At safepoint: 10921 ns, Total: 103327 ns
[2020-02-26T10:45:43.125+0000][1][safepoint    ] Safepoint "Cleanup", Time since last: 1000922429 ns, Reaching safepoint: 80209 ns, At safepoint: 9293 ns, Total: 89502 ns
[2020-02-26T10:45:43.628+0000][1][safepoint    ] Safepoint "BulkRevokeBias", Time since last: 502522098 ns, Reaching safepoint: 70359 ns, At safepoint: 313670 ns, Total: 384029 ns
[2020-02-26T10:45:44.633+0000][1][safepoint    ] Safepoint "Cleanup", Time since last: 1005463189 ns, Reaching safepoint: 100244 ns, At safepoint: 12780 ns, Total: 113024 ns
[2020-02-26T10:45:45.635+0000][1][safepoint    ] Safepoint "Cleanup", Time since last: 1001287511 ns, Reaching safepoint: 96196 ns, At safepoint: 12148 ns, Total: 108344 ns
[2020-02-26T10:45:46.131+0000][1][safepoint    ] Safepoint "RevokeBias", Time since last: 496058271 ns, Reaching safepoint: 71054 ns, At safepoint: 19824 ns, Total: 90878 ns
[2020-02-26T10:45:47.132+0000][1][safepoint    ] Safepoint "Cleanup", Time since last: 1000925236 ns, Reaching safepoint: 93488 ns, At safepoint: 10338 ns, Total: 103826 ns
[2020-02-26T10:45:48.132+0000][1][safepoint    ] Safepoint "Cleanup", Time since last: 1000336899 ns, Reaching safepoint: 95155 ns, At safepoint: 12315 ns, Total: 107470 ns
[2020-02-26T10:45:48.633+0000][1][safepoint    ] Safepoint "RevokeBias", Time since last: 500128350 ns, Reaching safepoint: 70285 ns, At safepoint: 19339 ns, Total: 89624 ns
[2020-02-26T10:45:49.634+0000][1][safepoint    ] Safepoint "Cleanup", Time since last: 1000833005 ns, Reaching safepoint: 100733 ns, At safepoint: 29598 ns, Total: 130331 ns
[2020-02-26T10:45:50.639+0000][1][safepoint    ] Safepoint "Cleanup", Time since last: 1005074978 ns, Reaching safepoint: 79909 ns, At safepoint: 9530 ns, Total: 89439 ns
[2020-02-26T10:45:51.137+0000][1][safepoint    ] Safepoint "RevokeBias", Time since last: 498587771 ns, Reaching safepoint: 76923 ns, At safepoint: 21683 ns, Total: 98606 ns
[2020-02-26T10:45:52.895+0000][1][safepoint    ] Safepoint "Cleanup", Time since last: 1757179055 ns, Reaching safepoint: 79925 ns, At safepoint: 9886 ns, Total: 89811 ns
[2020-02-26T10:45:53.642+0000][1][safepoint    ] Safepoint "RevokeBias", Time since last: 747323177 ns, Reaching safepoint: 77068 ns, At safepoint: 21937 ns, Total: 99005 ns
[2020-02-26T10:45:54.643+0000][1][safepoint    ] Safepoint "Cleanup", Time since last: 1000567206 ns, Reaching safepoint: 77614 ns, At safepoint: 9443 ns, Total: 87057 ns
[2020-02-26T10:45:55.644+0000][1][safepoint    ] Safepoint "Cleanup", Time since last: 1001387081 ns, Reaching safepoint: 94277 ns, At safepoint: 12136 ns, Total: 106413 ns
[2020-02-26T10:45:56.163+0000][1][safepoint    ] Safepoint "RevokeBias", Time since last: 519103120 ns, Reaching safepoint: 67868 ns, At safepoint: 19757 ns, Total: 87625 ns
[2020-02-26T10:45:57.164+0000][1][safepoint    ] Safepoint "Cleanup", Time since last: 1000381563 ns, Reaching safepoint: 75264 ns, At safepoint: 9110 ns, Total: 84374 ns
[2020-02-26T10:45:58.165+0000][1][safepoint    ] Safepoint "Cleanup", Time since last: 1000687405 ns, Reaching safepoint: 78199 ns, At safepoint: 10215 ns, Total: 88414 ns
[2020-02-26T10:45:58.679+0000][1][safepoint    ] Safepoint "RevokeBias", Time since last: 513835386 ns, Reaching safepoint: 79846 ns, At safepoint: 21875 ns, Total: 101721 ns
[2020-02-26T10:45:59.680+0000][1][safepoint    ] Safepoint "Cleanup", Time since last: 1000888795 ns, Reaching safepoint: 88671 ns, At safepoint: 11070 ns, Total: 99741 ns
[2020-02-26T10:46:00.680+0000][1][safepoint    ] Safepoint "Cleanup", Time since last: 1000747948 ns, Reaching safepoint: 80184 ns, At safepoint: 10342 ns, Total: 90526 ns
[2020-02-26T10:46:01.190+0000][1][safepoint    ] Safepoint "RevokeBias", Time since last: 509046094 ns, Reaching safepoint: 84862 ns, At safepoint: 19072 ns, Total: 103934 ns
[2020-02-26T10:46:02.191+0000][1][safepoint    ] Safepoint "Cleanup", Time since last: 1000807045 ns, Reaching safepoint: 76477 ns, At safepoint: 9699 ns, Total: 86176 ns
[2020-02-26T10:46:03.191+0000][1][safepoint    ] Safepoint "Cleanup", Time since last: 1000214403 ns, Reaching safepoint: 82385 ns, At safepoint: 10388 ns, Total: 92773 ns
[2020-02-26T10:46:03.700+0000][1][safepoint    ] Safepoint "RevokeBias", Time since last: 508638541 ns, Reaching safepoint: 68858 ns, At safepoint: 18479 ns, Total: 87337 ns
[2020-02-26T10:46:04.700+0000][1][safepoint    ] Safepoint "Cleanup", Time since last: 1000703492 ns, Reaching safepoint: 80495 ns, At safepoint: 11408 ns, Total: 91903 ns
[2020-02-26T10:46:05.701+0000][1][safepoint    ] Safepoint "Cleanup", Time since last: 1000531238 ns, Reaching safepoint: 81496 ns, At safepoint: 10372 ns, Total: 91868 ns
[2020-02-26T10:46:06.214+0000][1][safepoint    ] Safepoint "RevokeBias", Time since last: 512583649 ns, Reaching safepoint: 70010 ns, At safepoint: 19450 ns, Total: 89460 ns
[2020-02-26T10:46:07.214+0000][1][safepoint    ] Safepoint "Cleanup", Time since last: 1000385074 ns, Reaching safepoint: 100623 ns, At safepoint: 13671 ns, Total: 114294 ns
[2020-02-26T10:46:08.215+0000][1][safepoint    ] Safepoint "Cleanup", Time since last: 1000342238 ns, Reaching safepoint: 76920 ns, At safepoint: 10090 ns, Total: 87010 ns
[2020-02-26T10:46:08.725+0000][1][safepoint    ] Safepoint "RevokeBias", Time since last: 509835638 ns, Reaching safepoint: 71295 ns, At safepoint: 19741 ns, Total: 91036 ns
[2020-02-26T10:46:09.725+0000][1][safepoint    ] Safepoint "Cleanup", Time since last: 1000482964 ns, Reaching safepoint: 126546 ns, At safepoint: 11656 ns, Total: 138202 ns
[2020-02-26T10:46:10.726+0000][1][safepoint    ] Safepoint "Cleanup", Time since last: 1000753607 ns, Reaching safepoint: 116571 ns, At safepoint: 11189 ns, Total: 127760 ns
[2020-02-26T10:46:11.232+0000][1][safepoint    ] Safepoint "RevokeBias", Time since last: 505477885 ns, Reaching safepoint: 51653 ns, At safepoint: 33709 ns, Total: 85362 ns
[2020-02-26T10:46:12.237+0000][1][safepoint    ] Safepoint "Cleanup", Time since last: 1005638600 ns, Reaching safepoint: 149325 ns, At safepoint: 16994 ns, Total: 166319 ns
[2020-02-26T10:46:13.238+0000][1][safepoint    ] Safepoint "Cleanup", Time since last: 1000778881 ns, Reaching safepoint: 205991 ns, At safepoint: 10596 ns, Total: 216587 ns
[2020-02-26T10:46:13.741+0000][1][safepoint    ] Safepoint "RevokeBias", Time since last: 502073282 ns, Reaching safepoint: 54422 ns, At safepoint: 18130 ns, Total: 72552 ns
[2020-02-26T10:46:14.742+0000][1][safepoint    ] Safepoint "Cleanup", Time since last: 1001130270 ns, Reaching safepoint: 79534 ns, At safepoint: 10463 ns, Total: 89997 ns
[2020-02-26T10:46:15.742+0000][1][safepoint    ] Safepoint "Cleanup", Time since last: 1000223534 ns, Reaching safepoint: 77193 ns, At safepoint: 8195 ns, Total: 85388 ns
[2020-02-26T10:46:16.246+0000][1][safepoint    ] Safepoint "RevokeBias", Time since last: 503350649 ns, Reaching safepoint: 179956 ns, At safepoint: 23578 ns, Total: 203534 ns
[2020-02-26T10:46:17.250+0000][1][safepoint    ] Safepoint "Cleanup", Time since last: 1004264975 ns, Reaching safepoint: 119580 ns, At safepoint: 10620 ns, Total: 130200 ns
[2020-02-26T10:46:18.250+0000][1][safepoint    ] Safepoint "Cleanup", Time since last: 1000184583 ns, Reaching safepoint: 85170 ns, At safepoint: 10514 ns, Total: 95684 ns
[2020-02-26T10:46:18.749+0000][1][safepoint    ] Safepoint "RevokeBias", Time since last: 498402081 ns, Reaching safepoint: 68734 ns, At safepoint: 112696 ns, Total: 181430 ns
[2020-02-26T10:46:19.749+0000][1][safepoint    ] Safepoint "Cleanup", Time since last: 1000333361 ns, Reaching safepoint: 84059 ns, At safepoint: 9060 ns, Total: 93119 ns
[2020-02-26T10:46:20.750+0000][1][safepoint    ] Safepoint "Cleanup", Time since last: 1000515289 ns, Reaching safepoint: 91757 ns, At safepoint: 10242 ns, Total: 101999 ns
[2020-02-26T10:46:21.254+0000][1][safepoint    ] Safepoint "RevokeBias", Time since last: 504384438 ns, Reaching safepoint: 71445 ns, At safepoint: 18881 ns, Total: 90326 ns
[2020-02-26T10:46:22.256+0000][1][safepoint    ] Safepoint "Cleanup", Time since last: 1001130064 ns, Reaching safepoint: 78335 ns, At safepoint: 9899 ns, Total: 88234 ns
[2020-02-26T10:46:23.261+0000][1][safepoint    ] Safepoint "Cleanup", Time since last: 1005171946 ns, Reaching safepoint: 62395 ns, At safepoint: 9749 ns, Total: 72144 ns
[2020-02-26T10:46:23.758+0000][1][safepoint    ] Safepoint "RevokeBias", Time since last: 497442026 ns, Reaching safepoint: 68148 ns, At safepoint: 19739 ns, Total: 87887 ns
[2020-02-26T10:46:24.759+0000][1][safepoint    ] Safepoint "Cleanup", Time since last: 1000360011 ns, Reaching safepoint: 66387 ns, At safepoint: 7067 ns, Total: 73454 ns
[2020-02-26T10:46:25.759+0000][1][safepoint    ] Safepoint "Cleanup", Time since last: 1000514266 ns, Reaching safepoint: 79529 ns, At safepoint: 10316 ns, Total: 89845 ns
[2020-02-26T10:46:26.264+0000][1][safepoint    ] Safepoint "RevokeBias", Time since last: 503993811 ns, Reaching safepoint: 71916 ns, At safepoint: 20346 ns, Total: 92262 ns
[2020-02-26T10:46:27.265+0000][1][safepoint    ] Safepoint "Cleanup", Time since last: 1001037122 ns, Reaching safepoint: 97204 ns, At safepoint: 10840 ns, Total: 108044 ns
[2020-02-26T10:46:28.273+0000][1][safepoint    ] Safepoint "Cleanup", Time since last: 1008444470 ns, Reaching safepoint: 79579 ns, At safepoint: 10101 ns, Total: 89680 ns
[2020-02-26T10:46:28.770+0000][1][safepoint    ] Safepoint "RevokeBias", Time since last: 496757251 ns, Reaching safepoint: 69999 ns, At safepoint: 19596 ns, Total: 89595 ns
[2020-02-26T10:46:29.771+0000][1][safepoint    ] Safepoint "Cleanup", Time since last: 1000787764 ns, Reaching safepoint: 94272 ns, At safepoint: 8561 ns, Total: 102833 ns
[2020-02-26T10:46:30.771+0000][1][safepoint    ] Safepoint "Cleanup", Time since last: 1000481371 ns, Reaching safepoint: 78043 ns, At safepoint: 9115 ns, Total: 87158 ns
[2020-02-26T10:46:31.275+0000][1][safepoint    ] Safepoint "RevokeBias", Time since last: 503819626 ns, Reaching safepoint: 74384 ns, At safepoint: 21478 ns, Total: 95862 ns
[2020-02-26T10:46:32.276+0000][1][safepoint    ] Safepoint "Cleanup", Time since last: 1000537123 ns, Reaching safepoint: 80287 ns, At safepoint: 10022 ns, Total: 90309 ns
[2020-02-26T10:46:33.279+0000][1][safepoint    ] Safepoint "Cleanup", Time since last: 1002716310 ns, Reaching safepoint: 75186 ns, At safepoint: 8257 ns, Total: 83443 ns
[2020-02-26T10:46:33.789+0000][1][safepoint    ] Safepoint "RevokeBias", Time since last: 509657352 ns, Reaching safepoint: 251363 ns, At safepoint: 90184 ns, Total: 341547 ns
[2020-02-26T10:46:34.790+0000][1][safepoint    ] Safepoint "Cleanup", Time since last: 1000857378 ns, Reaching safepoint: 76865 ns, At safepoint: 8742 ns, Total: 85607 ns
[2020-02-26T10:46:35.790+0000][1][safepoint    ] Safepoint "Cleanup", Time since last: 1000361723 ns, Reaching safepoint: 130443 ns, At safepoint: 8993 ns, Total: 139436 ns
[2020-02-26T10:46:36.299+0000][1][safepoint    ] Safepoint "RevokeBias", Time since last: 509029395 ns, Reaching safepoint: 126571 ns, At safepoint: 25051 ns, Total: 151622 ns
[2020-02-26T10:46:37.300+0000][1][safepoint    ] Safepoint "Cleanup", Time since last: 1000539481 ns, Reaching safepoint: 109564 ns, At safepoint: 11870 ns, Total: 121434 ns
[2020-02-26T10:46:38.301+0000][1][safepoint    ] Safepoint "Cleanup", Time since last: 1000954013 ns, Reaching safepoint: 99179 ns, At safepoint: 12405 ns, Total: 111584 ns
[2020-02-26T10:46:38.826+0000][1][safepoint    ] Safepoint "RevokeBias", Time since last: 524275188 ns, Reaching safepoint: 97155 ns, At safepoint: 28185 ns, Total: 125340 ns
[2020-02-26T10:46:39.835+0000][1][safepoint    ] Safepoint "Cleanup", Time since last: 1009176912 ns, Reaching safepoint: 87596 ns, At safepoint: 9041 ns, Total: 96637 ns
[2020-02-26T10:46:40.836+0000][1][safepoint    ] Safepoint "Cleanup", Time since last: 1000606145 ns, Reaching safepoint: 132521 ns, At safepoint: 14371 ns, Total: 146892 ns
[2020-02-26T10:46:41.334+0000][1][safepoint    ] Safepoint "RevokeBias", Time since last: 497749161 ns, Reaching safepoint: 95352 ns, At safepoint: 50220 ns, Total: 145572 ns
[2020-02-26T10:46:42.334+0000][1][safepoint    ] Safepoint "Cleanup", Time since last: 1000287589 ns, Reaching safepoint: 91982 ns, At safepoint: 8811 ns, Total: 100793 ns
[2020-02-26T10:46:43.335+0000][1][safepoint    ] Safepoint "Cleanup", Time since last: 1000550621 ns, Reaching safepoint: 77198 ns, At safepoint: 9145 ns, Total: 86343 ns
[2020-02-26T10:46:43.838+0000][1][safepoint    ] Safepoint "RevokeBias", Time since last: 502948309 ns, Reaching safepoint: 91147 ns, At safepoint: 26971 ns, Total: 118118 ns
[2020-02-26T10:46:44.847+0000][1][safepoint    ] Safepoint "Cleanup", Time since last: 1008970119 ns, Reaching safepoint: 106925 ns, At safepoint: 8535 ns, Total: 115460 ns
[2020-02-26T10:46:45.847+0000][1][safepoint    ] Safepoint "Cleanup", Time since last: 1000672267 ns, Reaching safepoint: 128806 ns, At safepoint: 8997 ns, Total: 137803 ns
[2020-02-26T10:46:46.344+0000][1][safepoint    ] Safepoint "RevokeBias", Time since last: 496048969 ns, Reaching safepoint: 70634 ns, At safepoint: 18535 ns, Total: 89169 ns
[2020-02-26T10:46:47.344+0000][1][safepoint    ] Safepoint "Cleanup", Time since last: 1000406774 ns, Reaching safepoint: 89361 ns, At safepoint: 9890 ns, Total: 99251 ns
[2020-02-26T10:46:48.349+0000][1][safepoint    ] Safepoint "Cleanup", Time since last: 1003842540 ns, Reaching safepoint: 732925 ns, At safepoint: 13479 ns, Total: 746404 ns
[2020-02-26T10:46:48.848+0000][1][safepoint    ] Safepoint "RevokeBias", Time since last: 498907587 ns, Reaching safepoint: 70262 ns, At safepoint: 20299 ns, Total: 90561 ns
[2020-02-26T10:46:49.848+0000][1][safepoint    ] Safepoint "Cleanup", Time since last: 1000207112 ns, Reaching safepoint: 91302 ns, At safepoint: 8615 ns, Total: 99917 ns
[2020-02-26T10:46:50.849+0000][1][safepoint    ] Safepoint "Cleanup", Time since last: 1000553215 ns, Reaching safepoint: 98792 ns, At safepoint: 10921 ns, Total: 109713 ns
[2020-02-26T10:46:51.353+0000][1][safepoint    ] Safepoint "RevokeBias", Time since last: 504662206 ns, Reaching safepoint: 71170 ns, At safepoint: 19752 ns, Total: 90922 ns
[2020-02-26T10:46:52.354+0000][1][safepoint    ] Safepoint "Cleanup", Time since last: 1000691499 ns, Reaching safepoint: 110832 ns, At safepoint: 14468 ns, Total: 125300 ns
[2020-02-26T10:46:53.364+0000][1][safepoint    ] Safepoint "Cleanup", Time since last: 1009518404 ns, Reaching safepoint: 130472 ns, At safepoint: 17833 ns, Total: 148305 ns
[2020-02-26T10:46:53.857+0000][1][safepoint    ] Safepoint "RevokeBias", Time since last: 493352370 ns, Reaching safepoint: 75369 ns, At safepoint: 20824 ns, Total: 96193 ns
[2020-02-26T10:46:55.761+0000][1][safepoint    ] Safepoint "Cleanup", Time since last: 1903884949 ns, Reaching safepoint: 129047 ns, At safepoint: 14235 ns, Total: 143282 ns
[2020-02-26T10:46:56.362+0000][1][safepoint    ] Safepoint "BulkRevokeBias", Time since last: 600080430 ns, Reaching safepoint: 78263 ns, At safepoint: 231584 ns, Total: 309847 ns
[2020-02-26T10:46:57.362+0000][1][safepoint    ] Safepoint "Cleanup", Time since last: 1000261626 ns, Reaching safepoint: 81835 ns, At safepoint: 9987 ns, Total: 91822 ns
[2020-02-26T10:46:58.363+0000][1][safepoint    ] Safepoint "Cleanup", Time since last: 1000492787 ns, Reaching safepoint: 79700 ns, At safepoint: 9773 ns, Total: 89473 ns
[2020-02-26T10:46:58.868+0000][1][safepoint    ] Safepoint "RevokeBias", Time since last: 505384714 ns, Reaching safepoint: 54711 ns, At safepoint: 18087 ns, Total: 72798 ns
[2020-02-26T10:46:59.869+0000][1][safepoint    ] Safepoint "Cleanup", Time since last: 1000736174 ns, Reaching safepoint: 102267 ns, At safepoint: 27527 ns, Total: 129794 ns
[2020-02-26T10:47:00.870+0000][1][safepoint    ] Safepoint "Cleanup", Time since last: 1000685297 ns, Reaching safepoint: 79230 ns, At safepoint: 9037 ns, Total: 88267 ns
[2020-02-26T10:47:01.374+0000][1][safepoint    ] Safepoint "RevokeBias", Time since last: 504574648 ns, Reaching safepoint: 71692 ns, At safepoint: 20249 ns, Total: 91941 ns
[2020-02-26T10:47:02.375+0000][1][safepoint    ] Safepoint "Cleanup", Time since last: 1000591349 ns, Reaching safepoint: 82265 ns, At safepoint: 9144 ns, Total: 91409 ns
[2020-02-26T10:47:03.376+0000][1][safepoint    ] Safepoint "Cleanup", Time since last: 1000537647 ns, Reaching safepoint: 77250 ns, At safepoint: 9602 ns, Total: 86852 ns
[2020-02-26T10:47:03.950+0000][1][safepoint    ] Safepoint "RevokeBias", Time since last: 573894433 ns, Reaching safepoint: 70452 ns, At safepoint: 19332 ns, Total: 89784 ns
[2020-02-26T10:47:04.950+0000][1][safepoint    ] Safepoint "Cleanup", Time since last: 1000252418 ns, Reaching safepoint: 80494 ns, At safepoint: 8972 ns, Total: 89466 ns
[2020-02-26T10:47:05.951+0000][1][safepoint    ] Safepoint "Cleanup", Time since last: 1000985827 ns, Reaching safepoint: 153435 ns, At safepoint: 8715 ns, Total: 162150 ns
[2020-02-26T10:47:06.455+0000][1][safepoint    ] Safepoint "RevokeBias", Time since last: 503980190 ns, Reaching safepoint: 53250 ns, At safepoint: 34038 ns, Total: 87288 ns
[2020-02-26T10:47:07.456+0000][1][safepoint    ] Safepoint "Cleanup", Time since last: 1000406582 ns, Reaching safepoint: 78048 ns, At safepoint: 9461 ns, Total: 87509 ns
[2020-02-26T10:47:08.457+0000][1][safepoint    ] Safepoint "Cleanup", Time since last: 1000597110 ns, Reaching safepoint: 77279 ns, At safepoint: 9834 ns, Total: 87113 ns
[2020-02-26T10:47:08.962+0000][1][safepoint    ] Safepoint "RevokeBias", Time since last: 505030303 ns, Reaching safepoint: 153960 ns, At safepoint: 34786 ns, Total: 188746 ns
[2020-02-26T10:47:09.962+0000][1][safepoint    ] Safepoint "Cleanup", Time since last: 1000637307 ns, Reaching safepoint: 78506 ns, At safepoint: 8691 ns, Total: 87197 ns
[2020-02-26T10:47:10.969+0000][1][safepoint    ] Safepoint "Cleanup", Time since last: 1005948522 ns, Reaching safepoint: 75709 ns, At safepoint: 8688 ns, Total: 84397 ns
[2020-02-26T10:47:11.477+0000][1][safepoint    ] Safepoint "RevokeBias", Time since last: 508775857 ns, Reaching safepoint: 52319 ns, At safepoint: 17239 ns, Total: 69558 ns
[2020-02-26T10:47:12.478+0000][1][safepoint    ] Safepoint "Cleanup", Time since last: 1000312677 ns, Reaching safepoint: 79011 ns, At safepoint: 9320 ns, Total: 88331 ns
[2020-02-26T10:47:13.479+0000][1][safepoint    ] Safepoint "Cleanup", Time since last: 1001030725 ns, Reaching safepoint: 176391 ns, At safepoint: 13941 ns, Total: 190332 ns
[2020-02-26T10:47:13.982+0000][1][safepoint    ] Safepoint "RevokeBias", Time since last: 502880984 ns, Reaching safepoint: 68576 ns, At safepoint: 19294 ns, Total: 87870 ns
[2020-02-26T10:47:14.983+0000][1][safepoint    ] Safepoint "Cleanup", Time since last: 1000521587 ns, Reaching safepoint: 267370 ns, At safepoint: 10280 ns, Total: 277650 ns
[2020-02-26T10:47:15.984+0000][1][safepoint    ] Safepoint "Cleanup", Time since last: 1001517987 ns, Reaching safepoint: 75089 ns, At safepoint: 7855 ns, Total: 82944 ns
[2020-02-26T10:47:16.490+0000][1][safepoint    ] Safepoint "RevokeBias", Time since last: 505875356 ns, Reaching safepoint: 73044 ns, At safepoint: 20470 ns, Total: 93514 ns
[2020-02-26T10:47:17.491+0000][1][safepoint    ] Safepoint "Cleanup", Time since last: 1000286788 ns, Reaching safepoint: 77026 ns, At safepoint: 9067 ns, Total: 86093 ns
[2020-02-26T10:47:18.491+0000][1][safepoint    ] Safepoint "Cleanup", Time since last: 1000450406 ns, Reaching safepoint: 79189 ns, At safepoint: 9257 ns, Total: 88446 ns
[2020-02-26T10:47:19.001+0000][1][safepoint    ] Safepoint "RevokeBias", Time since last: 509620615 ns, Reaching safepoint: 89186 ns, At safepoint: 22617 ns, Total: 111803 ns
[2020-02-26T10:47:20.002+0000][1][safepoint    ] Safepoint "Cleanup", Time since last: 1000696242 ns, Reaching safepoint: 80310 ns, At safepoint: 9214 ns, Total: 89524 ns
[2020-02-26T10:47:21.002+0000][1][safepoint    ] Safepoint "Cleanup", Time since last: 1000282055 ns, Reaching safepoint: 78177 ns, At safepoint: 9488 ns, Total: 87665 ns
[2020-02-26T10:47:21.525+0000][1][safepoint    ] Safepoint "RevokeBias", Time since last: 522407899 ns, Reaching safepoint: 99555 ns, At safepoint: 19322 ns, Total: 118877 ns
[2020-02-26T10:47:22.525+0000][1][safepoint    ] Safepoint "Cleanup", Time since last: 1000125924 ns, Reaching safepoint: 79603 ns, At safepoint: 9962 ns, Total: 89565 ns
[2020-02-26T10:47:23.526+0000][1][safepoint    ] Safepoint "Cleanup", Time since last: 1000681336 ns, Reaching safepoint: 80020 ns, At safepoint: 9502 ns, Total: 89522 ns
[2020-02-26T10:47:24.035+0000][1][safepoint    ] Safepoint "RevokeBias", Time since last: 509672866 ns, Reaching safepoint: 75874 ns, At safepoint: 21356 ns, Total: 97230 ns
[2020-02-26T10:47:25.036+0000][1][safepoint    ] Safepoint "Cleanup", Time since last: 1000290573 ns, Reaching safepoint: 110698 ns, At safepoint: 11555 ns, Total: 122253 ns
[2020-02-26T10:47:26.036+0000][1][safepoint    ] Safepoint "Cleanup", Time since last: 1000260261 ns, Reaching safepoint: 180202 ns, At safepoint: 11865 ns, Total: 192067 ns
[2020-02-26T10:47:26.553+0000][1][safepoint    ] Safepoint "RevokeBias", Time since last: 516179474 ns, Reaching safepoint: 67147 ns, At safepoint: 25048 ns, Total: 92195 ns
[2020-02-26T10:47:27.553+0000][1][safepoint    ] Safepoint "Cleanup", Time since last: 1000767583 ns, Reaching safepoint: 159821 ns, At safepoint: 22389 ns, Total: 182210 ns
[2020-02-26T10:47:28.554+0000][1][safepoint    ] Safepoint "Cleanup", Time since last: 1000483273 ns, Reaching safepoint: 96590 ns, At safepoint: 10157 ns, Total: 106747 ns
[2020-02-26T10:47:29.062+0000][1][safepoint    ] Safepoint "RevokeBias", Time since last: 507345646 ns, Reaching safepoint: 94292 ns, At safepoint: 28353 ns, Total: 122645 ns
[2020-02-26T10:47:30.062+0000][1][safepoint    ] Safepoint "Cleanup", Time since last: 1000325120 ns, Reaching safepoint: 86848 ns, At safepoint: 11344 ns, Total: 98192 ns
[2020-02-26T10:47:31.062+0000][1][safepoint    ] Safepoint "Cleanup", Time since last: 1000337338 ns, Reaching safepoint: 122301 ns, At safepoint: 10218 ns, Total: 132519 ns
[2020-02-26T10:47:31.567+0000][1][safepoint    ] Safepoint "RevokeBias", Time since last: 504682551 ns, Reaching safepoint: 53943 ns, At safepoint: 18309 ns, Total: 72252 ns
[2020-02-26T10:47:32.575+0000][1][safepoint    ] Safepoint "Cleanup", Time since last: 1008119763 ns, Reaching safepoint: 100391 ns, At safepoint: 14039 ns, Total: 114430 ns
[2020-02-26T10:47:33.151+0000][1][gc,start     ] GC(89) Pause Young (Allocation Failure)
[2020-02-26T10:47:33.151+0000][1][gc,task      ] GC(89) Using 1 workers of 1 for evacuation
[2020-02-26T10:47:33.165+0000][1][gc,age       ] GC(89) Desired survivor size 4358144 bytes, new threshold 6 (max threshold 6)
[2020-02-26T10:47:33.165+0000][1][gc,age       ] GC(89) Age table with threshold 6 (max threshold 6)
[2020-02-26T10:47:33.165+0000][1][gc,age       ] GC(89) - age   1:      10784 bytes,      10784 total
[2020-02-26T10:47:33.165+0000][1][gc,age       ] GC(89) - age   3:        120 bytes,      10904 total
[2020-02-26T10:47:33.165+0000][1][gc,age       ] GC(89) - age   4:        424 bytes,      11328 total
[2020-02-26T10:47:33.165+0000][1][gc,age       ] GC(89) - age   5:       1344 bytes,      12672 total
[2020-02-26T10:47:33.165+0000][1][gc,age       ] GC(89) - age   6:       1680 bytes,      14352 total
[2020-02-26T10:47:33.165+0000][1][gc,heap      ] GC(89) ParNew: 68180K->16K(76672K)
[2020-02-26T10:47:33.165+0000][1][gc,heap      ] GC(89) CMS: 62668K->62668K(963392K)
[2020-02-26T10:47:33.165+0000][1][gc,metaspace ] GC(89) Metaspace: 80021K->80021K(1122304K)
[2020-02-26T10:47:33.165+0000][1][gc           ] GC(89) Pause Young (Allocation Failure) 127M->61M(1015M) 14.019ms
[2020-02-26T10:47:33.165+0000][1][gc,cpu       ] GC(89) User=0.01s Sys=0.00s Real=0.01s
[2020-02-26T10:47:33.165+0000][1][safepoint    ] Safepoint "GenCollectForAllocation", Time since last: 575427973 ns, Reaching safepoint: 80707 ns, At safepoint: 14081229 ns, Total: 14161936 ns
[2020-02-26T10:47:34.071+0000][1][safepoint    ] Safepoint "RevokeBias", Time since last: 906035692 ns, Reaching safepoint: 73829 ns, At safepoint: 20470 ns, Total: 94299 ns
[2020-02-26T10:47:35.072+0000][1][safepoint    ] Safepoint "Cleanup", Time since last: 1001201240 ns, Reaching safepoint: 94024 ns, At safepoint: 9299 ns, Total: 103323 ns
[2020-02-26T10:47:36.073+0000][1][safepoint    ] Safepoint "Cleanup", Time since last: 1000721538 ns, Reaching safepoint: 95241 ns, At safepoint: 8097 ns, Total: 103338 ns
[2020-02-26T10:47:36.575+0000][1][safepoint    ] Safepoint "RevokeBias", Time since last: 502039329 ns, Reaching safepoint: 141708 ns, At safepoint: 38637 ns, Total: 180345 ns
[2020-02-26T10:47:37.581+0000][1][safepoint    ] Safepoint "Cleanup", Time since last: 1005089366 ns, Reaching safepoint: 101221 ns, At safepoint: 10302 ns, Total: 111523 ns
[2020-02-26T10:47:38.581+0000][1][safepoint    ] Safepoint "Cleanup", Time since last: 1000372604 ns, Reaching safepoint: 76430 ns, At safepoint: 8037 ns, Total: 84467 ns
[2020-02-26T10:47:39.089+0000][1][safepoint    ] Safepoint "RevokeBias", Time since last: 507713016 ns, Reaching safepoint: 90330 ns, At safepoint: 29204 ns, Total: 119534 ns
[2020-02-26T10:47:40.090+0000][1][safepoint    ] Safepoint "Cleanup", Time since last: 1000747852 ns, Reaching safepoint: 121052 ns, At safepoint: 14035 ns, Total: 135087 ns
[2020-02-26T10:47:41.091+0000][1][safepoint    ] Safepoint "Cleanup", Time since last: 1000871625 ns, Reaching safepoint: 76920 ns, At safepoint: 7908 ns, Total: 84828 ns
[2020-02-26T10:47:41.594+0000][1][safepoint    ] Safepoint "RevokeBias", Time since last: 503516495 ns, Reaching safepoint: 69043 ns, At safepoint: 19528 ns, Total: 88571 ns
[2020-02-26T10:47:42.595+0000][1][safepoint    ] Safepoint "Cleanup", Time since last: 1000383623 ns, Reaching safepoint: 110581 ns, At safepoint: 11680 ns, Total: 122261 ns
[2020-02-26T10:47:43.599+0000][1][safepoint    ] Safepoint "Cleanup", Time since last: 1003709638 ns, Reaching safepoint: 74655 ns, At safepoint: 8886 ns, Total: 83541 ns
[2020-02-26T10:47:44.097+0000][1][safepoint    ] Safepoint "RevokeBias", Time since last: 498285290 ns, Reaching safepoint: 69814 ns, At safepoint: 35940 ns, Total: 105754 ns
[2020-02-26T10:47:45.098+0000][1][safepoint    ] Safepoint "Cleanup", Time since last: 1000397162 ns, Reaching safepoint: 145299 ns, At safepoint: 28679 ns, Total: 173978 ns
[2020-02-26T10:47:46.098+0000][1][safepoint    ] Safepoint "Cleanup", Time since last: 1000355624 ns, Reaching safepoint: 146674 ns, At safepoint: 11319 ns, Total: 157993 ns
[2020-02-26T10:47:46.602+0000][1][safepoint    ] Safepoint "RevokeBias", Time since last: 503522350 ns, Reaching safepoint: 70859 ns, At safepoint: 19867 ns, Total: 90726 ns
[2020-02-26T10:47:47.603+0000][1][safepoint    ] Safepoint "Cleanup", Time since last: 1000849644 ns, Reaching safepoint: 74211 ns, At safepoint: 8134 ns, Total: 82345 ns
[2020-02-26T10:47:48.610+0000][1][safepoint    ] Safepoint "Cleanup", Time since last: 1007472383 ns, Reaching safepoint: 102561 ns, At safepoint: 31086 ns, Total: 133647 ns
[2020-02-26T10:47:49.105+0000][1][safepoint    ] Safepoint "RevokeBias", Time since last: 494956115 ns, Reaching safepoint: 143277 ns, At safepoint: 44034 ns, Total: 187311 ns
[2020-02-26T10:47:50.106+0000][1][safepoint    ] Safepoint "Cleanup", Time since last: 1000493844 ns, Reaching safepoint: 81341 ns, At safepoint: 10620 ns, Total: 91961 ns
[2020-02-26T10:47:51.107+0000][1][safepoint    ] Safepoint "Cleanup", Time since last: 1000536531 ns, Reaching safepoint: 95074 ns, At safepoint: 8471 ns, Total: 103545 ns
[2020-02-26T10:47:51.609+0000][1][safepoint    ] Safepoint "RevokeBias", Time since last: 501819514 ns, Reaching safepoint: 53471 ns, At safepoint: 35808 ns, Total: 89279 ns
[2020-02-26T10:47:52.609+0000][1][safepoint    ] Safepoint "Cleanup", Time since last: 1000265875 ns, Reaching safepoint: 82548 ns, At safepoint: 12956 ns, Total: 95504 ns
[2020-02-26T10:47:53.616+0000][1][safepoint    ] Safepoint "Cleanup", Time since last: 1007076912 ns, Reaching safepoint: 120990 ns, At safepoint: 14920 ns, Total: 135910 ns
[2020-02-26T10:47:54.125+0000][1][safepoint    ] Safepoint "RevokeBias", Time since last: 508842750 ns, Reaching safepoint: 82069 ns, At safepoint: 19510 ns, Total: 101579 ns
[2020-02-26T10:47:55.764+0000][1][safepoint    ] Safepoint "Cleanup", Time since last: 1639172105 ns, Reaching safepoint: 101858 ns, At safepoint: 14405 ns, Total: 116263 ns
[2020-02-26T10:47:56.636+0000][1][safepoint    ] Safepoint "RevokeBias", Time since last: 871110555 ns, Reaching safepoint: 116571 ns, At safepoint: 20561 ns, Total: 137132 ns
[2020-02-26T10:47:57.636+0000][1][safepoint    ] Safepoint "Cleanup", Time since last: 1000355231 ns, Reaching safepoint: 87643 ns, At safepoint: 11872 ns, Total: 99515 ns
[2020-02-26T10:47:58.637+0000][1][safepoint    ] Safepoint "Cleanup", Time since last: 1000350683 ns, Reaching safepoint: 90008 ns, At safepoint: 9128 ns, Total: 99136 ns
[2020-02-26T10:47:59.147+0000][1][safepoint    ] Safepoint "RevokeBias", Time since last: 510046130 ns, Reaching safepoint: 63798 ns, At safepoint: 19502 ns, Total: 83300 ns
[2020-02-26T10:48:00.147+0000][1][safepoint    ] Safepoint "Cleanup", Time since last: 1000681640 ns, Reaching safepoint: 90371 ns, At safepoint: 12801 ns, Total: 103172 ns
[2020-02-26T10:48:01.148+0000][1][safepoint    ] Safepoint "Cleanup", Time since last: 1000337512 ns, Reaching safepoint: 96850 ns, At safepoint: 8346 ns, Total: 105196 ns
[2020-02-26T10:48:01.657+0000][1][safepoint    ] Safepoint "RevokeBias", Time since last: 508887014 ns, Reaching safepoint: 68176 ns, At safepoint: 35326 ns, Total: 103502 ns
[2020-02-26T10:48:02.658+0000][1][safepoint    ] Safepoint "Cleanup", Time since last: 1000806500 ns, Reaching safepoint: 78965 ns, At safepoint: 10405 ns, Total: 89370 ns
[2020-02-26T10:48:03.658+0000][1][safepoint    ] Safepoint "Cleanup", Time since last: 1000162518 ns, Reaching safepoint: 88416 ns, At safepoint: 9848 ns, Total: 98264 ns
[2020-02-26T10:48:04.176+0000][1][safepoint    ] Safepoint "RevokeBias", Time since last: 517581972 ns, Reaching safepoint: 68192 ns, At safepoint: 19308 ns, Total: 87500 ns
[2020-02-26T10:48:05.177+0000][1][safepoint    ] Safepoint "Cleanup", Time since last: 1001075918 ns, Reaching safepoint: 78370 ns, At safepoint: 9357 ns, Total: 87727 ns
[2020-02-26T10:48:06.177+0000][1][safepoint    ] Safepoint "Cleanup", Time since last: 1000367131 ns, Reaching safepoint: 115078 ns, At safepoint: 9475 ns, Total: 124553 ns
[2020-02-26T10:48:06.693+0000][1][safepoint    ] Safepoint "RevokeBias", Time since last: 515253886 ns, Reaching safepoint: 74168 ns, At safepoint: 18949 ns, Total: 93117 ns
[2020-02-26T10:48:07.693+0000][1][safepoint    ] Safepoint "Cleanup", Time since last: 1000561586 ns, Reaching safepoint: 80645 ns, At safepoint: 10867 ns, Total: 91512 ns
[2020-02-26T10:48:08.694+0000][1][safepoint    ] Safepoint "Cleanup", Time since last: 1000579839 ns, Reaching safepoint: 118542 ns, At safepoint: 14515 ns, Total: 133057 ns
[2020-02-26T10:48:09.197+0000][1][safepoint    ] Safepoint "BulkRevokeBias", Time since last: 503001369 ns, Reaching safepoint: 70502 ns, At safepoint: 268322 ns, Total: 338824 ns
[2020-02-26T10:48:10.199+0000][1][safepoint    ] Safepoint "Cleanup", Time since last: 1001557895 ns, Reaching safepoint: 175987 ns, At safepoint: 9857 ns, Total: 185844 ns
[2020-02-26T10:48:11.199+0000][1][safepoint    ] Safepoint "Cleanup", Time since last: 1000113215 ns, Reaching safepoint: 70926 ns, At safepoint: 8825 ns, Total: 79751 ns
[2020-02-26T10:48:11.701+0000][1][safepoint    ] Safepoint "RevokeBias", Time since last: 501883255 ns, Reaching safepoint: 68340 ns, At safepoint: 19617 ns, Total: 87957 ns
[2020-02-26T10:48:12.702+0000][1][safepoint    ] Safepoint "Cleanup", Time since last: 1000794190 ns, Reaching safepoint: 80322 ns, At safepoint: 9509 ns, Total: 89831 ns
[2020-02-26T10:48:13.703+0000][1][safepoint    ] Safepoint "Cleanup", Time since last: 1000763039 ns, Reaching safepoint: 79992 ns, At safepoint: 9268 ns, Total: 89260 ns
[2020-02-26T10:48:14.203+0000][1][safepoint    ] Safepoint "RevokeBias", Time since last: 500084949 ns, Reaching safepoint: 69361 ns, At safepoint: 20289 ns, Total: 89650 ns
[2020-02-26T10:48:15.209+0000][1][safepoint    ] Safepoint "Cleanup", Time since last: 1005244827 ns, Reaching safepoint: 74903 ns, At safepoint: 8604 ns, Total: 83507 ns
[2020-02-26T10:48:16.209+0000][1][safepoint    ] Safepoint "Cleanup", Time since last: 1000405699 ns, Reaching safepoint: 119669 ns, At safepoint: 12304 ns, Total: 131973 ns
[2020-02-26T10:48:16.706+0000][1][safepoint    ] Safepoint "RevokeBias", Time since last: 496898331 ns, Reaching safepoint: 71960 ns, At safepoint: 65960 ns, Total: 137920 ns
[2020-02-26T10:48:17.707+0000][1][safepoint    ] Safepoint "Cleanup", Time since last: 1000330861 ns, Reaching safepoint: 78171 ns, At safepoint: 9284 ns, Total: 87455 ns
[2020-02-26T10:48:19.208+0000][1][safepoint    ] Safepoint "RevokeBias", Time since last: 1501618800 ns, Reaching safepoint: 109598 ns, At safepoint: 30624 ns, Total: 140222 ns
[2020-02-26T10:48:20.213+0000][1][safepoint    ] Safepoint "Cleanup", Time since last: 1004641395 ns, Reaching safepoint: 93819 ns, At safepoint: 8138 ns, Total: 101957 ns
[2020-02-26T10:48:21.214+0000][1][safepoint    ] Safepoint "Cleanup", Time since last: 1000445731 ns, Reaching safepoint: 144213 ns, At safepoint: 24366 ns, Total: 168579 ns
[2020-02-26T10:48:21.716+0000][1][safepoint    ] Safepoint "RevokeBias", Time since last: 502028488 ns, Reaching safepoint: 68397 ns, At safepoint: 19814 ns, Total: 88211 ns
[2020-02-26T10:48:22.717+0000][1][safepoint    ] Safepoint "Cleanup", Time since last: 1000686949 ns, Reaching safepoint: 79393 ns, At safepoint: 10338 ns, Total: 89731 ns
[2020-02-26T10:48:23.718+0000][1][safepoint    ] Safepoint "Cleanup", Time since last: 1000826092 ns, Reaching safepoint: 78703 ns, At safepoint: 9981 ns, Total: 88684 ns
[2020-02-26T10:48:24.218+0000][1][safepoint    ] Safepoint "RevokeBias", Time since last: 500345399 ns, Reaching safepoint: 70908 ns, At safepoint: 19651 ns, Total: 90559 ns
[2020-02-26T10:48:25.222+0000][1][safepoint    ] Safepoint "Cleanup", Time since last: 1004016404 ns, Reaching safepoint: 106128 ns, At safepoint: 9366 ns, Total: 115494 ns
[2020-02-26T10:48:26.223+0000][1][safepoint    ] Safepoint "Cleanup", Time since last: 1001023225 ns, Reaching safepoint: 184814 ns, At safepoint: 31351 ns, Total: 216165 ns
[2020-02-26T10:48:26.724+0000][1][safepoint    ] Safepoint "RevokeBias", Time since last: 500823856 ns, Reaching safepoint: 67371 ns, At safepoint: 19776 ns, Total: 87147 ns
[2020-02-26T10:48:27.725+0000][1][safepoint    ] Safepoint "Cleanup", Time since last: 1000220391 ns, Reaching safepoint: 121858 ns, At safepoint: 24294 ns, Total: 146152 ns
[2020-02-26T10:48:28.725+0000][1][safepoint    ] Safepoint "Cleanup", Time since last: 1000532586 ns, Reaching safepoint: 77955 ns, At safepoint: 9740 ns, Total: 87695 ns
[2020-02-26T10:48:29.229+0000][1][safepoint    ] Safepoint "RevokeBias", Time since last: 503581722 ns, Reaching safepoint: 95480 ns, At safepoint: 25258 ns, Total: 120738 ns
[2020-02-26T10:48:30.230+0000][1][safepoint    ] Safepoint "Cleanup", Time since last: 1000865638 ns, Reaching safepoint: 156690 ns, At safepoint: 14249 ns, Total: 170939 ns
[2020-02-26T10:48:31.233+0000][1][safepoint    ] Safepoint "Cleanup", Time since last: 1003117120 ns, Reaching safepoint: 98989 ns, At safepoint: 8276 ns, Total: 107265 ns
[2020-02-26T10:48:31.733+0000][1][safepoint    ] Safepoint "RevokeBias", Time since last: 499357833 ns, Reaching safepoint: 110568 ns, At safepoint: 55172 ns, Total: 165740 ns
[2020-02-26T10:48:32.733+0000][1][safepoint    ] Safepoint "Cleanup", Time since last: 1000588681 ns, Reaching safepoint: 80292 ns, At safepoint: 10233 ns, Total: 90525 ns
[2020-02-26T10:48:33.734+0000][1][safepoint    ] Safepoint "Cleanup", Time since last: 1000843841 ns, Reaching safepoint: 97863 ns, At safepoint: 11232 ns, Total: 109095 ns
[2020-02-26T10:48:34.240+0000][1][safepoint    ] Safepoint "RevokeBias", Time since last: 505478670 ns, Reaching safepoint: 69614 ns, At safepoint: 19139 ns, Total: 88753 ns
[2020-02-26T10:48:35.241+0000][1][safepoint    ] Safepoint "Cleanup", Time since last: 1000794037 ns, Reaching safepoint: 119193 ns, At safepoint: 14138 ns, Total: 133331 ns
[2020-02-26T10:48:36.243+0000][1][safepoint    ] Safepoint "Cleanup", Time since last: 1002096839 ns, Reaching safepoint: 116462 ns, At safepoint: 9798 ns, Total: 126260 ns
[2020-02-26T10:48:36.754+0000][1][safepoint    ] Safepoint "RevokeBias", Time since last: 510544346 ns, Reaching safepoint: 89625 ns, At safepoint: 21787 ns, Total: 111412 ns
[2020-02-26T10:48:37.754+0000][1][safepoint    ] Safepoint "Cleanup", Time since last: 1000289483 ns, Reaching safepoint: 91442 ns, At safepoint: 8122 ns, Total: 99564 ns
[2020-02-26T10:48:38.755+0000][1][safepoint    ] Safepoint "Cleanup", Time since last: 1000927075 ns, Reaching safepoint: 84530 ns, At safepoint: 10626 ns, Total: 95156 ns
[2020-02-26T10:48:39.264+0000][1][safepoint    ] Safepoint "RevokeBias", Time since last: 508313079 ns, Reaching safepoint: 69581 ns, At safepoint: 19798 ns, Total: 89379 ns
[2020-02-26T10:48:40.484+0000][1][safepoint    ] Safepoint "Cleanup", Time since last: 1220341610 ns, Reaching safepoint: 78376 ns, At safepoint: 9044 ns, Total: 87420 ns
[2020-02-26T10:48:41.489+0000][1][safepoint    ] Safepoint "Cleanup", Time since last: 1004887760 ns, Reaching safepoint: 84935 ns, At safepoint: 10642 ns, Total: 95577 ns
[2020-02-26T10:48:41.772+0000][1][safepoint    ] Safepoint "RevokeBias", Time since last: 282690473 ns, Reaching safepoint: 68811 ns, At safepoint: 20295 ns, Total: 89106 ns
[2020-02-26T10:48:42.772+0000][1][safepoint    ] Safepoint "Cleanup", Time since last: 1000439792 ns, Reaching safepoint: 89520 ns, At safepoint: 9138 ns, Total: 98658 ns
[2020-02-26T10:48:43.773+0000][1][safepoint    ] Safepoint "Cleanup", Time since last: 1000505301 ns, Reaching safepoint: 79089 ns, At safepoint: 10612 ns, Total: 89701 ns
[2020-02-26T10:48:44.279+0000][1][safepoint    ] Safepoint "RevokeBias", Time since last: 505635671 ns, Reaching safepoint: 68231 ns, At safepoint: 19341 ns, Total: 87572 ns
[2020-02-26T10:48:45.279+0000][1][safepoint    ] Safepoint "Cleanup", Time since last: 1000700202 ns, Reaching safepoint: 88953 ns, At safepoint: 10544 ns, Total: 99497 ns
[2020-02-26T10:48:46.280+0000][1][safepoint    ] Safepoint "Cleanup", Time since last: 1000372625 ns, Reaching safepoint: 83082 ns, At safepoint: 40720 ns, Total: 123802 ns
[2020-02-26T10:48:46.792+0000][1][safepoint    ] Safepoint "RevokeBias", Time since last: 512402462 ns, Reaching safepoint: 176452 ns, At safepoint: 23535 ns, Total: 199987 ns
[2020-02-26T10:48:47.793+0000][1][safepoint    ] Safepoint "Cleanup", Time since last: 1000629448 ns, Reaching safepoint: 92035 ns, At safepoint: 9914 ns, Total: 101949 ns
[2020-02-26T10:48:48.794+0000][1][safepoint    ] Safepoint "Cleanup", Time since last: 1000642908 ns, Reaching safepoint: 85864 ns, At safepoint: 11031 ns, Total: 96895 ns
[2020-02-26T10:48:49.306+0000][1][safepoint    ] Safepoint "RevokeBias", Time since last: 511872293 ns, Reaching safepoint: 70390 ns, At safepoint: 19768 ns, Total: 90158 ns
[2020-02-26T10:48:50.307+0000][1][safepoint    ] Safepoint "Cleanup", Time since last: 1000662326 ns, Reaching safepoint: 79559 ns, At safepoint: 9715 ns, Total: 89274 ns
[2020-02-26T10:48:51.307+0000][1][safepoint    ] Safepoint "Cleanup", Time since last: 1000298521 ns, Reaching safepoint: 133054 ns, At safepoint: 12977 ns, Total: 146031 ns
[2020-02-26T10:48:51.822+0000][1][safepoint    ] Safepoint "RevokeBias", Time since last: 514500888 ns, Reaching safepoint: 152440 ns, At safepoint: 25041 ns, Total: 177481 ns
[2020-02-26T10:48:52.823+0000][1][safepoint    ] Safepoint "Cleanup", Time since last: 1000643746 ns, Reaching safepoint: 80013 ns, At safepoint: 11114 ns, Total: 91127 ns
[2020-02-26T10:48:53.823+0000][1][safepoint    ] Safepoint "Cleanup", Time since last: 1000345658 ns, Reaching safepoint: 87044 ns, At safepoint: 11090 ns, Total: 98134 ns
[2020-02-26T10:48:54.329+0000][1][safepoint    ] Safepoint "RevokeBias", Time since last: 506108862 ns, Reaching safepoint: 232289 ns, At safepoint: 22748 ns, Total: 255037 ns
[2020-02-26T10:48:55.330+0000][1][safepoint    ] Safepoint "Cleanup", Time since last: 1000970666 ns, Reaching safepoint: 99184 ns, At safepoint: 9229 ns, Total: 108413 ns
[2020-02-26T10:48:56.332+0000][1][safepoint    ] Safepoint "Cleanup", Time since last: 1001003282 ns, Reaching safepoint: 79786 ns, At safepoint: 10179 ns, Total: 89965 ns
[2020-02-26T10:48:56.835+0000][1][safepoint    ] Safepoint "RevokeBias", Time since last: 503292252 ns, Reaching safepoint: 110306 ns, At safepoint: 20495 ns, Total: 130801 ns
[2020-02-26T10:48:57.845+0000][1][safepoint    ] Safepoint "Cleanup", Time since last: 1010299917 ns, Reaching safepoint: 79839 ns, At safepoint: 9919 ns, Total: 89758 ns
[2020-02-26T10:48:58.846+0000][1][safepoint    ] Safepoint "Cleanup", Time since last: 1000203565 ns, Reaching safepoint: 98431 ns, At safepoint: 9705 ns, Total: 108136 ns
[2020-02-26T10:48:59.341+0000][1][safepoint    ] Safepoint "RevokeBias", Time since last: 495515175 ns, Reaching safepoint: 76087 ns, At safepoint: 25037 ns, Total: 101124 ns
[2020-02-26T10:49:00.342+0000][1][safepoint    ] Safepoint "Cleanup", Time since last: 1000907689 ns, Reaching safepoint: 78391 ns, At safepoint: 8468 ns, Total: 86859 ns
[2020-02-26T10:49:01.343+0000][1][safepoint    ] Safepoint "Cleanup", Time since last: 1000591725 ns, Reaching safepoint: 104667 ns, At safepoint: 14784 ns, Total: 119451 ns
[2020-02-26T10:49:01.848+0000][1][safepoint    ] Safepoint "RevokeBias", Time since last: 504892374 ns, Reaching safepoint: 73608 ns, At safepoint: 38733 ns, Total: 112341 ns
[2020-02-26T10:49:02.856+0000][1][safepoint    ] Safepoint "Cleanup", Time since last: 1008275842 ns, Reaching safepoint: 63684 ns, At safepoint: 21952 ns, Total: 85636 ns
[2020-02-26T10:49:03.857+0000][1][safepoint    ] Safepoint "Cleanup", Time since last: 1000767515 ns, Reaching safepoint: 143951 ns, At safepoint: 13732 ns, Total: 157683 ns
[2020-02-26T10:49:04.353+0000][1][safepoint    ] Safepoint "RevokeBias", Time since last: 495238351 ns, Reaching safepoint: 72799 ns, At safepoint: 19825 ns, Total: 92624 ns
[2020-02-26T10:49:05.353+0000][1][safepoint    ] Safepoint "Cleanup", Time since last: 1000400891 ns, Reaching safepoint: 89215 ns, At safepoint: 11555 ns, Total: 100770 ns
[2020-02-26T10:49:06.353+0000][1][safepoint    ] Safepoint "Cleanup", Time since last: 1000179508 ns, Reaching safepoint: 96569 ns, At safepoint: 10383 ns, Total: 106952 ns
[2020-02-26T10:49:06.943+0000][1][safepoint    ] Safepoint "RevokeBias", Time since last: 589745422 ns, Reaching safepoint: 87178 ns, At safepoint: 20608 ns, Total: 107786 ns
[2020-02-26T10:49:07.951+0000][1][safepoint    ] Safepoint "Cleanup", Time since last: 1007953239 ns, Reaching safepoint: 73985 ns, At safepoint: 7740 ns, Total: 81725 ns
[2020-02-26T10:49:08.962+0000][1][safepoint    ] Safepoint "Cleanup", Time since last: 1010510506 ns, Reaching safepoint: 87165 ns, At safepoint: 12187 ns, Total: 99352 ns
[2020-02-26T10:49:09.450+0000][1][safepoint    ] Safepoint "RevokeBias", Time since last: 487842479 ns, Reaching safepoint: 72524 ns, At safepoint: 19241 ns, Total: 91765 ns
[2020-02-26T10:49:10.450+0000][1][safepoint    ] Safepoint "Cleanup", Time since last: 1000407312 ns, Reaching safepoint: 114524 ns, At safepoint: 13926 ns, Total: 128450 ns
[2020-02-26T10:49:11.451+0000][1][safepoint    ] Safepoint "Cleanup", Time since last: 1000260234 ns, Reaching safepoint: 79968 ns, At safepoint: 10160 ns, Total: 90128 ns
[2020-02-26T10:49:11.955+0000][1][safepoint    ] Safepoint "RevokeBias", Time since last: 503879828 ns, Reaching safepoint: 51224 ns, At safepoint: 18134 ns, Total: 69358 ns
[2020-02-26T10:49:12.956+0000][1][safepoint    ] Safepoint "Cleanup", Time since last: 1001392351 ns, Reaching safepoint: 115068 ns, At safepoint: 15325 ns, Total: 130393 ns
[2020-02-26T10:49:13.958+0000][1][safepoint    ] Safepoint "Cleanup", Time since last: 1002091279 ns, Reaching safepoint: 154138 ns, At safepoint: 12723 ns, Total: 166861 ns
[2020-02-26T10:49:14.459+0000][1][safepoint    ] Safepoint "RevokeBias", Time since last: 500329622 ns, Reaching safepoint: 71449 ns, At safepoint: 54519 ns, Total: 125968 ns
[2020-02-26T10:49:15.459+0000][1][safepoint    ] Safepoint "Cleanup", Time since last: 1000360413 ns, Reaching safepoint: 78726 ns, At safepoint: 9544 ns, Total: 88270 ns
[2020-02-26T10:49:16.460+0000][1][safepoint    ] Safepoint "Cleanup", Time since last: 1000375243 ns, Reaching safepoint: 77067 ns, At safepoint: 8909 ns, Total: 85976 ns
[2020-02-26T10:49:16.964+0000][1][safepoint    ] Safepoint "RevokeBias", Time since last: 504517679 ns, Reaching safepoint: 77289 ns, At safepoint: 21695 ns, Total: 98984 ns
[2020-02-26T10:49:17.965+0000][1][safepoint    ] Safepoint "Cleanup", Time since last: 1000609968 ns, Reaching safepoint: 81942 ns, At safepoint: 23841 ns, Total: 105783 ns
[2020-02-26T10:49:18.966+0000][1][safepoint    ] Safepoint "Cleanup", Time since last: 1000946878 ns, Reaching safepoint: 91011 ns, At safepoint: 8412 ns, Total: 99423 ns
[2020-02-26T10:49:19.477+0000][1][safepoint    ] Safepoint "RevokeBias", Time since last: 510262138 ns, Reaching safepoint: 67814 ns, At safepoint: 18895 ns, Total: 86709 ns
[2020-02-26T10:49:20.477+0000][1][safepoint    ] Safepoint "Cleanup", Time since last: 1000327755 ns, Reaching safepoint: 83365 ns, At safepoint: 10845 ns, Total: 94210 ns
[2020-02-26T10:49:21.477+0000][1][safepoint    ] Safepoint "Cleanup", Time since last: 1000393306 ns, Reaching safepoint: 81235 ns, At safepoint: 9585 ns, Total: 90820 ns
[2020-02-26T10:49:21.986+0000][1][safepoint    ] Safepoint "BulkRevokeBias", Time since last: 507623345 ns, Reaching safepoint: 172390 ns, At safepoint: 319026 ns, Total: 491416 ns
[2020-02-26T10:49:22.986+0000][1][safepoint    ] Safepoint "Cleanup", Time since last: 1000730420 ns, Reaching safepoint: 100986 ns, At safepoint: 13217 ns, Total: 114203 ns
[2020-02-26T10:49:23.987+0000][1][safepoint    ] Safepoint "Cleanup", Time since last: 1000203235 ns, Reaching safepoint: 77775 ns, At safepoint: 9430 ns, Total: 87205 ns
[2020-02-26T10:49:24.488+0000][1][safepoint    ] Safepoint "RevokeBias", Time since last: 501548415 ns, Reaching safepoint: 71338 ns, At safepoint: 20106 ns, Total: 91444 ns
[2020-02-26T10:49:25.489+0000][1][safepoint    ] Safepoint "Cleanup", Time since last: 1000442759 ns, Reaching safepoint: 79930 ns, At safepoint: 9358 ns, Total: 89288 ns
[2020-02-26T10:49:26.489+0000][1][safepoint    ] Safepoint "Cleanup", Time since last: 1000402630 ns, Reaching safepoint: 79205 ns, At safepoint: 10160 ns, Total: 89365 ns
[2020-02-26T10:49:26.994+0000][1][safepoint    ] Safepoint "RevokeBias", Time since last: 505059632 ns, Reaching safepoint: 70599 ns, At safepoint: 19051 ns, Total: 89650 ns
[2020-02-26T10:49:27.995+0000][1][safepoint    ] Safepoint "Cleanup", Time since last: 1000383626 ns, Reaching safepoint: 86583 ns, At safepoint: 11637 ns, Total: 98220 ns
[2020-02-26T10:49:28.996+0000][1][safepoint    ] Safepoint "Cleanup", Time since last: 1000450806 ns, Reaching safepoint: 78617 ns, At safepoint: 10321 ns, Total: 88938 ns
[2020-02-26T10:49:29.512+0000][1][safepoint    ] Safepoint "RevokeBias", Time since last: 516041540 ns, Reaching safepoint: 94324 ns, At safepoint: 78144 ns, Total: 172468 ns
[2020-02-26T10:49:30.513+0000][1][safepoint    ] Safepoint "Cleanup", Time since last: 1001156413 ns, Reaching safepoint: 89816 ns, At safepoint: 8749 ns, Total: 98565 ns
[2020-02-26T10:49:31.513+0000][1][safepoint    ] Safepoint "Cleanup", Time since last: 1000279680 ns, Reaching safepoint: 99668 ns, At safepoint: 9771 ns, Total: 109439 ns
[2020-02-26T10:49:32.021+0000][1][safepoint    ] Safepoint "RevokeBias", Time since last: 507165836 ns, Reaching safepoint: 75382 ns, At safepoint: 44486 ns, Total: 119868 ns
[2020-02-26T10:49:33.021+0000][1][safepoint    ] Safepoint "Cleanup", Time since last: 1000252266 ns, Reaching safepoint: 78920 ns, At safepoint: 10289 ns, Total: 89209 ns
[2020-02-26T10:49:34.022+0000][1][safepoint    ] Safepoint "Cleanup", Time since last: 1000579154 ns, Reaching safepoint: 126444 ns, At safepoint: 20177 ns, Total: 146621 ns
[2020-02-26T10:49:34.524+0000][1][safepoint    ] Safepoint "RevokeBias", Time since last: 502591030 ns, Reaching safepoint: 71460 ns, At safepoint: 20386 ns, Total: 91846 ns
[2020-02-26T10:49:35.526+0000][1][safepoint    ] Safepoint "Cleanup", Time since last: 1001055029 ns, Reaching safepoint: 93996 ns, At safepoint: 8095 ns, Total: 102091 ns
[2020-02-26T10:49:36.526+0000][1][safepoint    ] Safepoint "Cleanup", Time since last: 1000416836 ns, Reaching safepoint: 87154 ns, At safepoint: 10841 ns, Total: 97995 ns
[2020-02-26T10:49:37.031+0000][1][safepoint    ] Safepoint "RevokeBias", Time since last: 504674114 ns, Reaching safepoint: 108651 ns, At safepoint: 34503 ns, Total: 143154 ns
[2020-02-26T10:49:38.032+0000][1][safepoint    ] Safepoint "Cleanup", Time since last: 1000655410 ns, Reaching safepoint: 108296 ns, At safepoint: 15910 ns, Total: 124206 ns
[2020-02-26T10:49:39.032+0000][1][safepoint    ] Safepoint "Cleanup", Time since last: 1000300450 ns, Reaching safepoint: 98568 ns, At safepoint: 12619 ns, Total: 111187 ns
[2020-02-26T10:49:39.537+0000][1][safepoint    ] Safepoint "RevokeBias", Time since last: 505084396 ns, Reaching safepoint: 69306 ns, At safepoint: 19628 ns, Total: 88934 ns
[2020-02-26T10:49:40.538+0000][1][safepoint    ] Safepoint "Cleanup", Time since last: 1000352729 ns, Reaching safepoint: 108015 ns, At safepoint: 16533 ns, Total: 124548 ns
[2020-02-26T10:49:41.546+0000][1][safepoint    ] Safepoint "Cleanup", Time since last: 1007857937 ns, Reaching safepoint: 121527 ns, At safepoint: 29903 ns, Total: 151430 ns
[2020-02-26T10:49:42.042+0000][1][safepoint    ] Safepoint "RevokeBias", Time since last: 496263494 ns, Reaching safepoint: 169101 ns, At safepoint: 23602 ns, Total: 192703 ns
[2020-02-26T10:49:43.042+0000][1][safepoint    ] Safepoint "Cleanup", Time since last: 1000201749 ns, Reaching safepoint: 80341 ns, At safepoint: 10766 ns, Total: 91107 ns
[2020-02-26T10:49:44.043+0000][1][safepoint    ] Safepoint "Cleanup", Time since last: 1000731251 ns, Reaching safepoint: 98581 ns, At safepoint: 12249 ns, Total: 110830 ns
[2020-02-26T10:49:44.547+0000][1][safepoint    ] Safepoint "RevokeBias", Time since last: 503101776 ns, Reaching safepoint: 69709 ns, At safepoint: 19399 ns, Total: 89108 ns
[2020-02-26T10:49:45.547+0000][1][safepoint    ] Safepoint "Cleanup", Time since last: 1000295830 ns, Reaching safepoint: 114525 ns, At safepoint: 11459 ns, Total: 125984 ns
[2020-02-26T10:49:46.548+0000][1][safepoint    ] Safepoint "Cleanup", Time since last: 1001305355 ns, Reaching safepoint: 110243 ns, At safepoint: 8732 ns, Total: 118975 ns
[2020-02-26T10:49:47.060+0000][1][safepoint    ] Safepoint "RevokeBias", Time since last: 511654649 ns, Reaching safepoint: 74210 ns, At safepoint: 20544 ns, Total: 94754 ns
[2020-02-26T10:49:48.061+0000][1][safepoint    ] Safepoint "Cleanup", Time since last: 1000375497 ns, Reaching safepoint: 82509 ns, At safepoint: 12089 ns, Total: 94598 ns
[2020-02-26T10:49:49.061+0000][1][safepoint    ] Safepoint "Cleanup", Time since last: 1000294770 ns, Reaching safepoint: 93980 ns, At safepoint: 8518 ns, Total: 102498 ns
[2020-02-26T10:49:49.573+0000][1][safepoint    ] Safepoint "RevokeBias", Time since last: 511933588 ns, Reaching safepoint: 116171 ns, At safepoint: 27871 ns, Total: 144042 ns
[2020-02-26T10:49:50.574+0000][1][safepoint    ] Safepoint "Cleanup", Time since last: 1000509647 ns, Reaching safepoint: 116880 ns, At safepoint: 12590 ns, Total: 129470 ns
[2020-02-26T10:49:51.578+0000][1][safepoint    ] Safepoint "Cleanup", Time since last: 1004122171 ns, Reaching safepoint: 131182 ns, At safepoint: 11977 ns, Total: 143159 ns
[2020-02-26T10:49:52.088+0000][1][gc,start     ] GC(90) Pause Young (Allocation Failure)
[2020-02-26T10:49:52.088+0000][1][gc,task      ] GC(90) Using 1 workers of 1 for evacuation
[2020-02-26T10:49:52.114+0000][1][gc,age       ] GC(90) Desired survivor size 4358144 bytes, new threshold 6 (max threshold 6)
[2020-02-26T10:49:52.114+0000][1][gc,age       ] GC(90) Age table with threshold 6 (max threshold 6)
[2020-02-26T10:49:52.114+0000][1][gc,age       ] GC(90) - age   1:      19872 bytes,      19872 total
[2020-02-26T10:49:52.114+0000][1][gc,age       ] GC(90) - age   5:        424 bytes,      20296 total
[2020-02-26T10:49:52.114+0000][1][gc,age       ] GC(90) - age   6:       1344 bytes,      21640 total
[2020-02-26T10:49:52.114+0000][1][gc,heap      ] GC(90) ParNew: 68176K->29K(76672K)
[2020-02-26T10:49:52.114+0000][1][gc,heap      ] GC(90) CMS: 62668K->62669K(963392K)
[2020-02-26T10:49:52.114+0000][1][gc,metaspace ] GC(90) Metaspace: 80022K->80022K(1122304K)
[2020-02-26T10:49:52.114+0000][1][gc           ] GC(90) Pause Young (Allocation Failure) 127M->61M(1015M) 25.567ms
[2020-02-26T10:49:52.114+0000][1][gc,cpu       ] GC(90) User=0.01s Sys=0.00s Real=0.02s
[2020-02-26T10:49:52.114+0000][1][safepoint    ] Safepoint "GenCollectForAllocation", Time since last: 510128331 ns, Reaching safepoint: 115337 ns, At safepoint: 25629113 ns, Total: 25744450 ns
[2020-02-26T10:49:52.114+0000][1][safepoint    ] Safepoint "RevokeBias", Time since last: 389534 ns, Reaching safepoint: 165839 ns, At safepoint: 37047 ns, Total: 202886 ns
[2020-02-26T10:49:53.115+0000][1][safepoint    ] Safepoint "Cleanup", Time since last: 1000638237 ns, Reaching safepoint: 75119 ns, At safepoint: 9344 ns, Total: 84463 ns
[2020-02-26T10:49:54.116+0000][1][safepoint    ] Safepoint "Cleanup", Time since last: 1000347741 ns, Reaching safepoint: 75102 ns, At safepoint: 8012 ns, Total: 83114 ns
[2020-02-26T10:49:54.626+0000][1][safepoint    ] Safepoint "RevokeBias", Time since last: 510062918 ns, Reaching safepoint: 120282 ns, At safepoint: 32977 ns, Total: 153259 ns
[2020-02-26T10:49:55.773+0000][1][safepoint    ] Safepoint "Cleanup", Time since last: 1147110455 ns, Reaching safepoint: 133759 ns, At safepoint: 15362 ns, Total: 149121 ns
[2020-02-26T10:49:56.774+0000][1][safepoint    ] Safepoint "Cleanup", Time since last: 1000335545 ns, Reaching safepoint: 114930 ns, At safepoint: 14601 ns, Total: 129531 ns
[2020-02-26T10:49:57.145+0000][1][safepoint    ] Safepoint "RevokeBias", Time since last: 371418156 ns, Reaching safepoint: 87933 ns, At safepoint: 25563 ns, Total: 113496 ns
[2020-02-26T10:49:58.146+0000][1][safepoint    ] Safepoint "Cleanup", Time since last: 1000436025 ns, Reaching safepoint: 142578 ns, At safepoint: 16323 ns, Total: 158901 ns
[2020-02-26T10:49:59.146+0000][1][safepoint    ] Safepoint "Cleanup", Time since last: 1000257447 ns, Reaching safepoint: 78823 ns, At safepoint: 7643 ns, Total: 86466 ns
[2020-02-26T10:49:59.661+0000][1][safepoint    ] Safepoint "RevokeBias", Time since last: 515342896 ns, Reaching safepoint: 70674 ns, At safepoint: 19557 ns, Total: 90231 ns
[2020-02-26T10:50:00.662+0000][1][safepoint    ] Safepoint "Cleanup", Time since last: 1000396645 ns, Reaching safepoint: 94253 ns, At safepoint: 12871 ns, Total: 107124 ns
