[2020-02-21T01:19:30.881+0000][1][gc] Using Concurrent Mark Sweep
[2020-02-21T01:19:30.881+0000][1][gc,heap,coops] Heap address: 0x00000000c0000000, size: 1024 MB, Compressed Oops mode: 32-bit
[2020-02-21T01:19:30.986+0000][1][safepoint    ] Safepoint "EnableBiasedLocking", Time since last: 90670483 ns, Reaching safepoint: 173675 ns, At safepoint: 45337 ns, Total: 219012 ns
[2020-02-21T01:19:31.000+0000][1][safepoint    ] Safepoint "RevokeBias", Time since last: 14124926 ns, Reaching safepoint: 26509 ns, At safepoint: 76150 ns, Total: 102659 ns
[2020-02-21T01:19:31.058+0000][1][safepoint    ] Safepoint "Deoptimize", Time since last: 57711283 ns, Reaching safepoint: 16771 ns, At safepoint: 25532 ns, Total: 42303 ns
[2020-02-21T01:19:32.058+0000][1][safepoint    ] Safepoint "Cleanup", Time since last: 1000263271 ns, Reaching safepoint: 39096 ns, At safepoint: 5564 ns, Total: 44660 ns
[2020-02-21T01:19:33.066+0000][1][safepoint    ] Safepoint "Cleanup", Time since last: 1007141640 ns, Reaching safepoint: 36791 ns, At safepoint: 5923 ns, Total: 42714 ns
[2020-02-21T01:19:33.823+0000][1][safepoint    ] Safepoint "Deoptimize", Time since last: 757393472 ns, Reaching safepoint: 21451 ns, At safepoint: 86303 ns, Total: 107754 ns
[2020-02-21T01:19:34.386+0000][1][safepoint    ] Safepoint "Deoptimize", Time since last: 562740258 ns, Reaching safepoint: 36684 ns, At safepoint: 70655 ns, Total: 107339 ns
[2020-02-21T01:19:35.388+0000][1][safepoint    ] Safepoint "Cleanup", Time since last: 1002511406 ns, Reaching safepoint: 53811 ns, At safepoint: 3622 ns, Total: 57433 ns
[2020-02-21T01:19:36.390+0000][1][safepoint    ] Safepoint "Cleanup", Time since last: 1001261319 ns, Reaching safepoint: 37558 ns, At safepoint: 5564 ns, Total: 43122 ns
[2020-02-21T01:19:37.403+0000][1][safepoint    ] Safepoint "Cleanup", Time since last: 1012917571 ns, Reaching safepoint: 128033 ns, At safepoint: 5104 ns, Total: 133137 ns
[2020-02-21T01:19:38.403+0000][1][safepoint    ] Safepoint "Cleanup", Time since last: 1000374133 ns, Reaching safepoint: 145482 ns, At safepoint: 4018 ns, Total: 149500 ns
[2020-02-21T01:19:39.413+0000][1][safepoint    ] Safepoint "Cleanup", Time since last: 1009567961 ns, Reaching safepoint: 64802 ns, At safepoint: 4600 ns, Total: 69402 ns
[2020-02-21T01:19:40.421+0000][1][safepoint    ] Safepoint "Cleanup", Time since last: 1007925713 ns, Reaching safepoint: 42266 ns, At safepoint: 6359 ns, Total: 48625 ns
[2020-02-21T01:19:41.423+0000][1][safepoint    ] Safepoint "Cleanup", Time since last: 1001540095 ns, Reaching safepoint: 127371 ns, At safepoint: 22552 ns, Total: 149923 ns
[2020-02-21T01:19:42.424+0000][1][safepoint    ] Safepoint "Cleanup", Time since last: 1001224524 ns, Reaching safepoint: 50837 ns, At safepoint: 5330 ns, Total: 56167 ns
[2020-02-21T01:19:43.425+0000][1][safepoint    ] Safepoint "Cleanup", Time since last: 1000866020 ns, Reaching safepoint: 30204 ns, At safepoint: 5054 ns, Total: 35258 ns
[2020-02-21T01:19:44.143+0000][1][safepoint    ] Safepoint "Deoptimize", Time since last: 717997572 ns, Reaching safepoint: 22141 ns, At safepoint: 111688 ns, Total: 133829 ns
[2020-02-21T01:19:45.194+0000][1][safepoint    ] Safepoint "Cleanup", Time since last: 1000437411 ns, Reaching safepoint: 50376926 ns, At safepoint: 5450 ns, Total: 50382376 ns
[2020-02-21T01:19:46.222+0000][1][safepoint    ] Safepoint "Cleanup", Time since last: 1001728838 ns, Reaching safepoint: 26331294 ns, At safepoint: 7750 ns, Total: 26339044 ns
[2020-02-21T01:19:46.294+0000][1][safepoint    ] Safepoint "Deoptimize", Time since last: 71764939 ns, Reaching safepoint: 61527 ns, At safepoint: 219533 ns, Total: 281060 ns
[2020-02-21T01:19:47.296+0000][1][safepoint    ] Safepoint "Cleanup", Time since last: 1001706204 ns, Reaching safepoint: 32272 ns, At safepoint: 4185 ns, Total: 36457 ns
[2020-02-21T01:19:48.302+0000][1][safepoint    ] Safepoint "Cleanup", Time since last: 1004233829 ns, Reaching safepoint: 2207332 ns, At safepoint: 7969 ns, Total: 2215301 ns
[2020-02-21T01:19:49.317+0000][1][safepoint    ] Safepoint "Cleanup", Time since last: 1015357861 ns, Reaching safepoint: 39202 ns, At safepoint: 3288 ns, Total: 42490 ns
[2020-02-21T01:19:51.394+0000][1][safepoint    ] Safepoint "Cleanup", Time since last: 2011816181 ns, Reaching safepoint: 64658368 ns, At safepoint: 9606 ns, Total: 64667974 ns
[2020-02-21T01:19:52.451+0000][1][safepoint    ] Safepoint "Cleanup", Time since last: 1007444203 ns, Reaching safepoint: 49162143 ns, At safepoint: 7760 ns, Total: 49169903 ns
[2020-02-21T01:19:53.451+0000][1][safepoint    ] Safepoint "Cleanup", Time since last: 1000582724 ns, Reaching safepoint: 79397 ns, At safepoint: 7032 ns, Total: 86429 ns
[2020-02-21T01:19:55.494+0000][1][safepoint    ] Safepoint "Cleanup", Time since last: 2015222145 ns, Reaching safepoint: 27213713 ns, At safepoint: 6580 ns, Total: 27220293 ns
[2020-02-21T01:19:56.428+0000][1][safepoint    ] Safepoint "Deoptimize", Time since last: 933698965 ns, Reaching safepoint: 36552 ns, At safepoint: 146971 ns, Total: 183523 ns
[2020-02-21T01:19:57.433+0000][1][safepoint    ] Safepoint "Cleanup", Time since last: 1000719867 ns, Reaching safepoint: 4841785 ns, At safepoint: 6574 ns, Total: 4848359 ns
[2020-02-21T01:19:57.873+0000][1][safepoint    ] Safepoint "Deoptimize", Time since last: 439141270 ns, Reaching safepoint: 60018 ns, At safepoint: 198526 ns, Total: 258544 ns
[2020-02-21T01:19:58.876+0000][1][safepoint    ] Safepoint "Cleanup", Time since last: 1003314399 ns, Reaching safepoint: 34116 ns, At safepoint: 5210 ns, Total: 39326 ns
[2020-02-21T01:19:59.882+0000][1][safepoint    ] Safepoint "Cleanup", Time since last: 1005999686 ns, Reaching safepoint: 47788 ns, At safepoint: 5699 ns, Total: 53487 ns
[2020-02-21T01:20:00.107+0000][1][safepoint    ] Safepoint "Deoptimize", Time since last: 225133968 ns, Reaching safepoint: 29419 ns, At safepoint: 168282 ns, Total: 197701 ns
[2020-02-21T01:20:00.110+0000][1][safepoint    ] Safepoint "RevokeBias", Time since last: 2555474 ns, Reaching safepoint: 21464 ns, At safepoint: 54339 ns, Total: 75803 ns
[2020-02-21T01:20:01.110+0000][1][safepoint    ] Safepoint "Cleanup", Time since last: 1000525825 ns, Reaching safepoint: 35648 ns, At safepoint: 5899 ns, Total: 41547 ns
[2020-02-21T01:20:02.120+0000][1][safepoint    ] Safepoint "Cleanup", Time since last: 1007268529 ns, Reaching safepoint: 2144465 ns, At safepoint: 5730 ns, Total: 2150195 ns
[2020-02-21T01:20:03.155+0000][1][safepoint    ] Safepoint "Cleanup", Time since last: 1002675039 ns, Reaching safepoint: 32284162 ns, At safepoint: 6864 ns, Total: 32291026 ns
[2020-02-21T01:20:04.174+0000][1][safepoint    ] Safepoint "Cleanup", Time since last: 1013430923 ns, Reaching safepoint: 5539881 ns, At safepoint: 6314 ns, Total: 5546195 ns
[2020-02-21T01:20:05.184+0000][1][safepoint    ] Safepoint "Cleanup", Time since last: 1010475262 ns, Reaching safepoint: 49583 ns, At safepoint: 4030 ns, Total: 53613 ns
[2020-02-21T01:20:07.005+0000][1][safepoint    ] Safepoint "Deoptimize", Time since last: 1820897790 ns, Reaching safepoint: 23639 ns, At safepoint: 203161 ns, Total: 226800 ns
[2020-02-21T01:20:07.006+0000][1][safepoint    ] Safepoint "Deoptimize", Time since last: 127724 ns, Reaching safepoint: 10258 ns, At safepoint: 160531 ns, Total: 170789 ns
[2020-02-21T01:20:08.013+0000][1][safepoint    ] Safepoint "Cleanup", Time since last: 1007499343 ns, Reaching safepoint: 52637 ns, At safepoint: 3897 ns, Total: 56534 ns
[2020-02-21T01:20:09.021+0000][1][safepoint    ] Safepoint "Cleanup", Time since last: 1007820830 ns, Reaching safepoint: 70019 ns, At safepoint: 6104 ns, Total: 76123 ns
[2020-02-21T01:20:09.350+0000][1][safepoint    ] Safepoint "Deoptimize", Time since last: 328729110 ns, Reaching safepoint: 23436 ns, At safepoint: 205241 ns, Total: 228677 ns
[2020-02-21T01:20:09.353+0000][1][safepoint    ] Safepoint "Deoptimize", Time since last: 2934197 ns, Reaching safepoint: 19344 ns, At safepoint: 220333 ns, Total: 239677 ns
[2020-02-21T01:20:09.638+0000][1][safepoint    ] Safepoint "RevokeBias", Time since last: 273468835 ns, Reaching safepoint: 11252418 ns, At safepoint: 101116 ns, Total: 11353534 ns
[2020-02-21T01:20:09.648+0000][1][safepoint    ] Safepoint "RevokeBias", Time since last: 94308 ns, Reaching safepoint: 9800155 ns, At safepoint: 30563 ns, Total: 9830718 ns
[2020-02-21T01:20:09.650+0000][1][safepoint    ] Safepoint "RevokeBias", Time since last: 144433 ns, Reaching safepoint: 1588415 ns, At safepoint: 26386 ns, Total: 1614801 ns
[2020-02-21T01:20:09.657+0000][1][safepoint    ] Safepoint "RevokeBias", Time since last: 165263 ns, Reaching safepoint: 7153993 ns, At safepoint: 29520 ns, Total: 7183513 ns
[2020-02-21T01:20:10.717+0000][1][safepoint    ] Safepoint "Cleanup", Time since last: 1003469068 ns, Reaching safepoint: 56574834 ns, At safepoint: 7975 ns, Total: 56582809 ns
[2020-02-21T01:20:11.729+0000][1][safepoint    ] Safepoint "Cleanup", Time since last: 1011179524 ns, Reaching safepoint: 45225 ns, At safepoint: 6880 ns, Total: 52105 ns
[2020-02-21T01:20:12.729+0000][1][safepoint    ] Safepoint "Cleanup", Time since last: 1000523169 ns, Reaching safepoint: 47367 ns, At safepoint: 6628 ns, Total: 53995 ns
[2020-02-21T01:20:14.089+0000][1][gc,start     ] GC(0) Pause Young (Allocation Failure)
[2020-02-21T01:20:14.475+0000][1][gc,task      ] GC(0) Using 1 workers of 1 for evacuation
[2020-02-21T01:20:24.539+0000][1][gc,age       ] GC(0) Desired survivor size 4358144 bytes, new threshold 1 (max threshold 6)
[2020-02-21T01:20:24.539+0000][1][gc,age       ] GC(0) Age table with threshold 1 (max threshold 6)
[2020-02-21T01:20:24.539+0000][1][gc,age       ] GC(0) - age   1:    8078992 bytes,    8078992 total
[2020-02-21T01:20:24.539+0000][1][gc,heap      ] GC(0) ParNew: 68160K->7924K(76672K)
[2020-02-21T01:20:24.539+0000][1][gc,heap      ] GC(0) CMS: 0K->0K(963392K)
[2020-02-21T01:20:24.583+0000][1][gc,metaspace ] GC(0) Metaspace: 12513K->12513K(1060864K)
[2020-02-21T01:20:24.584+0000][1][gc           ] GC(0) Pause Young (Allocation Failure) 66M->7M(1015M) 10494.617ms
[2020-02-21T01:20:24.584+0000][1][gc,cpu       ] GC(0) User=0.02s Sys=0.09s Real=10.49s
[2020-02-21T01:20:24.584+0000][1][safepoint    ] Safepoint "GenCollectForAllocation", Time since last: 1359834563 ns, Reaching safepoint: 30585 ns, At safepoint: 10494714497 ns, Total: 10494745082 ns
[2020-02-21T01:20:24.684+0000][1][safepoint    ] Safepoint "RevokeBias", Time since last: 4241709 ns, Reaching safepoint: 95665004 ns, At safepoint: 116134 ns, Total: 95781138 ns
[2020-02-21T01:20:24.692+0000][1][safepoint    ] Safepoint "RevokeBias", Time since last: 8422755 ns, Reaching safepoint: 26937 ns, At safepoint: 38495 ns, Total: 65432 ns
[2020-02-21T01:20:24.692+0000][1][safepoint    ] Safepoint "RevokeBias", Time since last: 111645 ns, Reaching safepoint: 13462 ns, At safepoint: 18232 ns, Total: 31694 ns
[2020-02-21T01:20:24.692+0000][1][safepoint    ] Safepoint "RevokeBias", Time since last: 28243 ns, Reaching safepoint: 11390 ns, At safepoint: 16555 ns, Total: 27945 ns
[2020-02-21T01:20:24.692+0000][1][safepoint    ] Safepoint "RevokeBias", Time since last: 28805 ns, Reaching safepoint: 11558 ns, At safepoint: 16728 ns, Total: 28286 ns
[2020-02-21T01:20:24.692+0000][1][safepoint    ] Safepoint "RevokeBias", Time since last: 23847 ns, Reaching safepoint: 10869 ns, At safepoint: 16459 ns, Total: 27328 ns
[2020-02-21T01:20:24.693+0000][1][safepoint    ] Safepoint "RevokeBias", Time since last: 26721 ns, Reaching safepoint: 11226 ns, At safepoint: 16475 ns, Total: 27701 ns
[2020-02-21T01:20:24.693+0000][1][safepoint    ] Safepoint "RevokeBias", Time since last: 23193 ns, Reaching safepoint: 10807 ns, At safepoint: 93440 ns, Total: 104247 ns
[2020-02-21T01:20:24.693+0000][1][safepoint    ] Safepoint "RevokeBias", Time since last: 93231 ns, Reaching safepoint: 13965 ns, At safepoint: 34037 ns, Total: 48002 ns
[2020-02-21T01:20:24.693+0000][1][safepoint    ] Safepoint "RevokeBias", Time since last: 59828 ns, Reaching safepoint: 48233 ns, At safepoint: 20293 ns, Total: 68526 ns
[2020-02-21T01:20:24.693+0000][1][safepoint    ] Safepoint "RevokeBias", Time since last: 35032 ns, Reaching safepoint: 11748 ns, At safepoint: 16667 ns, Total: 28415 ns
[2020-02-21T01:20:24.693+0000][1][safepoint    ] Safepoint "RevokeBias", Time since last: 23622 ns, Reaching safepoint: 10817 ns, At safepoint: 16408 ns, Total: 27225 ns
[2020-02-21T01:20:24.693+0000][1][safepoint    ] Safepoint "RevokeBias", Time since last: 34028 ns, Reaching safepoint: 11243 ns, At safepoint: 16777 ns, Total: 28020 ns
[2020-02-21T01:20:24.693+0000][1][safepoint    ] Safepoint "RevokeBias", Time since last: 23540 ns, Reaching safepoint: 10842 ns, At safepoint: 16409 ns, Total: 27251 ns
[2020-02-21T01:20:24.693+0000][1][safepoint    ] Safepoint "RevokeBias", Time since last: 26757 ns, Reaching safepoint: 11196 ns, At safepoint: 16560 ns, Total: 27756 ns
[2020-02-21T01:20:24.693+0000][1][safepoint    ] Safepoint "RevokeBias", Time since last: 22923 ns, Reaching safepoint: 10885 ns, At safepoint: 16278 ns, Total: 27163 ns
[2020-02-21T01:20:24.693+0000][1][safepoint    ] Safepoint "RevokeBias", Time since last: 43400 ns, Reaching safepoint: 11430 ns, At safepoint: 16642 ns, Total: 28072 ns
[2020-02-21T01:20:24.693+0000][1][safepoint    ] Safepoint "RevokeBias", Time since last: 24092 ns, Reaching safepoint: 10824 ns, At safepoint: 16465 ns, Total: 27289 ns
[2020-02-21T01:20:24.693+0000][1][safepoint    ] Safepoint "RevokeBias", Time since last: 64480 ns, Reaching safepoint: 11353 ns, At safepoint: 16512 ns, Total: 27865 ns
[2020-02-21T01:20:24.694+0000][1][safepoint    ] Safepoint "RevokeBias", Time since last: 23064 ns, Reaching safepoint: 10795 ns, At safepoint: 16439 ns, Total: 27234 ns
[2020-02-21T01:20:24.694+0000][1][safepoint    ] Safepoint "RevokeBias", Time since last: 526188 ns, Reaching safepoint: 31102 ns, At safepoint: 54094 ns, Total: 85196 ns
[2020-02-21T01:20:24.694+0000][1][safepoint    ] Safepoint "RevokeBias", Time since last: 67576 ns, Reaching safepoint: 11225 ns, At safepoint: 16687 ns, Total: 27912 ns
[2020-02-21T01:20:24.694+0000][1][safepoint    ] Safepoint "RevokeBias", Time since last: 27816 ns, Reaching safepoint: 11354 ns, At safepoint: 16590 ns, Total: 27944 ns
[2020-02-21T01:20:24.694+0000][1][safepoint    ] Safepoint "RevokeBias", Time since last: 23401 ns, Reaching safepoint: 10740 ns, At safepoint: 16410 ns, Total: 27150 ns
[2020-02-21T01:20:24.694+0000][1][safepoint    ] Safepoint "RevokeBias", Time since last: 26549 ns, Reaching safepoint: 11058 ns, At safepoint: 16341 ns, Total: 27399 ns
[2020-02-21T01:20:24.694+0000][1][safepoint    ] Safepoint "RevokeBias", Time since last: 22943 ns, Reaching safepoint: 10786 ns, At safepoint: 16405 ns, Total: 27191 ns
[2020-02-21T01:20:24.695+0000][1][safepoint    ] Safepoint "RevokeBias", Time since last: 26612 ns, Reaching safepoint: 11089 ns, At safepoint: 16327 ns, Total: 27416 ns
[2020-02-21T01:20:24.695+0000][1][safepoint    ] Safepoint "RevokeBias", Time since last: 23094 ns, Reaching safepoint: 10858 ns, At safepoint: 16340 ns, Total: 27198 ns
[2020-02-21T01:20:26.356+0000][1][safepoint    ] Safepoint "Cleanup", Time since last: 1660939421 ns, Reaching safepoint: 113098 ns, At safepoint: 21260 ns, Total: 134358 ns
[2020-02-21T01:20:30.363+0000][1][safepoint    ] Safepoint "Cleanup", Time since last: 4006950489 ns, Reaching safepoint: 44519 ns, At safepoint: 7464 ns, Total: 51983 ns
[2020-02-21T01:20:32.366+0000][1][safepoint    ] Safepoint "Cleanup", Time since last: 2002952017 ns, Reaching safepoint: 59050 ns, At safepoint: 7807 ns, Total: 66857 ns
[2020-02-21T01:20:33.426+0000][1][safepoint    ] Safepoint "Cleanup", Time since last: 1005161784 ns, Reaching safepoint: 55102876 ns, At safepoint: 6208 ns, Total: 55109084 ns
[2020-02-21T01:20:34.499+0000][1][safepoint    ] Safepoint "Cleanup", Time since last: 1005071957 ns, Reaching safepoint: 67655033 ns, At safepoint: 7279 ns, Total: 67662312 ns
[2020-02-21T01:20:35.501+0000][1][safepoint    ] Safepoint "Cleanup", Time since last: 1002318425 ns, Reaching safepoint: 58133 ns, At safepoint: 8231 ns, Total: 66364 ns
[2020-02-21T01:20:36.512+0000][1][safepoint    ] Safepoint "Cleanup", Time since last: 1000273499 ns, Reaching safepoint: 11118097 ns, At safepoint: 7694 ns, Total: 11125791 ns
[2020-02-21T01:20:37.514+0000][1][safepoint    ] Safepoint "Cleanup", Time since last: 1001037110 ns, Reaching safepoint: 52335 ns, At safepoint: 6767 ns, Total: 59102 ns
[2020-02-21T01:20:37.779+0000][1][safepoint    ] Safepoint "Deoptimize", Time since last: 264544472 ns, Reaching safepoint: 35260 ns, At safepoint: 510390 ns, Total: 545650 ns
[2020-02-21T01:20:38.779+0000][1][safepoint    ] Safepoint "Cleanup", Time since last: 1000338746 ns, Reaching safepoint: 100768 ns, At safepoint: 21051 ns, Total: 121819 ns
[2020-02-21T01:20:40.787+0000][1][safepoint    ] Safepoint "Cleanup", Time since last: 2007880038 ns, Reaching safepoint: 56540 ns, At safepoint: 8104 ns, Total: 64644 ns
[2020-02-21T01:20:41.797+0000][1][safepoint    ] Safepoint "Cleanup", Time since last: 1003561212 ns, Reaching safepoint: 6027637 ns, At safepoint: 11997 ns, Total: 6039634 ns
[2020-02-21T01:20:42.798+0000][1][safepoint    ] Safepoint "Cleanup", Time since last: 1000875644 ns, Reaching safepoint: 51997 ns, At safepoint: 6680 ns, Total: 58677 ns
[2020-02-21T01:20:44.803+0000][1][safepoint    ] Safepoint "Cleanup", Time since last: 2005893759 ns, Reaching safepoint: 26452 ns, At safepoint: 5364 ns, Total: 31816 ns
[2020-02-21T01:20:45.805+0000][1][safepoint    ] Safepoint "Cleanup", Time since last: 1001108614 ns, Reaching safepoint: 57200 ns, At safepoint: 7543 ns, Total: 64743 ns
[2020-02-21T01:20:46.809+0000][1][safepoint    ] Safepoint "Cleanup", Time since last: 1004099228 ns, Reaching safepoint: 37404 ns, At safepoint: 6368 ns, Total: 43772 ns
[2020-02-21T01:20:47.828+0000][1][safepoint    ] Safepoint "Cleanup", Time since last: 1000712945 ns, Reaching safepoint: 18088921 ns, At safepoint: 8089 ns, Total: 18097010 ns
[2020-02-21T01:20:48.871+0000][1][safepoint    ] Safepoint "Cleanup", Time since last: 1002333824 ns, Reaching safepoint: 40760300 ns, At safepoint: 10250 ns, Total: 40770550 ns
[2020-02-21T01:20:49.573+0000][1][safepoint    ] Safepoint "RevokeBias", Time since last: 702098399 ns, Reaching safepoint: 45451 ns, At safepoint: 38548 ns, Total: 83999 ns
[2020-02-21T01:20:50.574+0000][1][safepoint    ] Safepoint "Cleanup", Time since last: 1000971085 ns, Reaching safepoint: 144126 ns, At safepoint: 7136 ns, Total: 151262 ns
[2020-02-21T01:20:51.576+0000][1][safepoint    ] Safepoint "Cleanup", Time since last: 1001534068 ns, Reaching safepoint: 50268 ns, At safepoint: 5372 ns, Total: 55640 ns
[2020-02-21T01:20:52.597+0000][1][safepoint    ] Safepoint "Cleanup", Time since last: 1012245592 ns, Reaching safepoint: 9053812 ns, At safepoint: 6986 ns, Total: 9060798 ns
[2020-02-21T01:20:53.608+0000][1][safepoint    ] Safepoint "Cleanup", Time since last: 1003760867 ns, Reaching safepoint: 7768679 ns, At safepoint: 7440 ns, Total: 7776119 ns
[2020-02-21T01:20:55.003+0000][1][safepoint    ] Safepoint "Cleanup", Time since last: 1000427548 ns, Reaching safepoint: 393691272 ns, At safepoint: 10187 ns, Total: 393701459 ns
[2020-02-21T01:20:56.052+0000][1][safepoint    ] Safepoint "Cleanup", Time since last: 1002970544 ns, Reaching safepoint: 46376938 ns, At safepoint: 8672 ns, Total: 46385610 ns
[2020-02-21T01:20:57.057+0000][1][safepoint    ] Safepoint "Cleanup", Time since last: 1001786926 ns, Reaching safepoint: 3497900 ns, At safepoint: 24039 ns, Total: 3521939 ns
[2020-02-21T01:20:58.077+0000][1][safepoint    ] Safepoint "Cleanup", Time since last: 1000179222 ns, Reaching safepoint: 19960217 ns, At safepoint: 15420 ns, Total: 19975637 ns
[2020-02-21T01:20:58.951+0000][1][safepoint    ] Safepoint "Deoptimize", Time since last: 873551754 ns, Reaching safepoint: 36148 ns, At safepoint: 319103 ns, Total: 355251 ns
[2020-02-21T01:20:58.952+0000][1][safepoint    ] Safepoint "Deoptimize", Time since last: 465933 ns, Reaching safepoint: 17347 ns, At safepoint: 293100 ns, Total: 310447 ns
[2020-02-21T01:20:59.739+0000][1][gc,start     ] GC(1) Pause Young (Allocation Failure)
[2020-02-21T01:20:59.739+0000][1][gc,task      ] GC(1) Using 1 workers of 1 for evacuation
[2020-02-21T01:21:09.809+0000][1][gc,age       ] GC(1) Desired survivor size 4358144 bytes, new threshold 6 (max threshold 6)
[2020-02-21T01:21:09.809+0000][1][gc,age       ] GC(1) Age table with threshold 6 (max threshold 6)
[2020-02-21T01:21:09.809+0000][1][gc,age       ] GC(1) - age   1:    3402984 bytes,    3402984 total
[2020-02-21T01:21:09.809+0000][1][gc,heap      ] GC(1) ParNew: 76084K->5580K(76672K)
[2020-02-21T01:21:09.809+0000][1][gc,heap      ] GC(1) CMS: 0K->6830K(963392K)
[2020-02-21T01:21:09.809+0000][1][gc,metaspace ] GC(1) Metaspace: 17378K->17378K(1064960K)
[2020-02-21T01:21:09.842+0000][1][gc           ] GC(1) Pause Young (Allocation Failure) 74M->12M(1015M) 10103.110ms
[2020-02-21T01:21:09.842+0000][1][gc,cpu       ] GC(1) User=0.03s Sys=0.12s Real=10.10s
[2020-02-21T01:21:09.842+0000][1][safepoint    ] Safepoint "GenCollectForAllocation", Time since last: 709514471 ns, Reaching safepoint: 53964 ns, At safepoint: 10180512952 ns, Total: 10180566916 ns
[2020-02-21T01:21:09.854+0000][1][safepoint    ] Safepoint "RevokeBias", Time since last: 9838350 ns, Reaching safepoint: 1891452 ns, At safepoint: 171611 ns, Total: 2063063 ns
[2020-02-21T01:21:09.858+0000][1][safepoint    ] Safepoint "RevokeBias", Time since last: 212519 ns, Reaching safepoint: 3542666 ns, At safepoint: 190478 ns, Total: 3733144 ns
[2020-02-21T01:21:09.878+0000][1][safepoint    ] Safepoint "RevokeBias", Time since last: 12435627 ns, Reaching safepoint: 7829734 ns, At safepoint: 89014 ns, Total: 7918748 ns
[2020-02-21T01:21:09.881+0000][1][safepoint    ] Safepoint "RevokeBias", Time since last: 96477 ns, Reaching safepoint: 2919612 ns, At safepoint: 65291 ns, Total: 2984903 ns
[2020-02-21T01:21:09.888+0000][1][safepoint    ] Safepoint "RevokeBias", Time since last: 62150 ns, Reaching safepoint: 6366788 ns, At safepoint: 70138 ns, Total: 6436926 ns
[2020-02-21T01:21:09.889+0000][1][safepoint    ] Safepoint "RevokeBias", Time since last: 97840 ns, Reaching safepoint: 953555 ns, At safepoint: 193596 ns, Total: 1147151 ns
[2020-02-21T01:21:09.896+0000][1][safepoint    ] Safepoint "RevokeBias", Time since last: 64307 ns, Reaching safepoint: 6388468 ns, At safepoint: 90315 ns, Total: 6478783 ns
[2020-02-21T01:21:09.896+0000][1][safepoint    ] Safepoint "RevokeBias", Time since last: 86919 ns, Reaching safepoint: 213349 ns, At safepoint: 83506 ns, Total: 296855 ns
[2020-02-21T01:21:09.897+0000][1][safepoint    ] Safepoint "RevokeBias", Time since last: 52604 ns, Reaching safepoint: 649503 ns, At safepoint: 173298 ns, Total: 822801 ns
[2020-02-21T01:21:09.901+0000][1][safepoint    ] Safepoint "RevokeBias", Time since last: 61945 ns, Reaching safepoint: 3843339 ns, At safepoint: 113640 ns, Total: 3956979 ns
[2020-02-21T01:21:09.908+0000][1][safepoint    ] Safepoint "RevokeBias", Time since last: 116822 ns, Reaching safepoint: 6309305 ns, At safepoint: 121301 ns, Total: 6430606 ns
[2020-02-21T01:21:09.914+0000][1][safepoint    ] Safepoint "RevokeBias", Time since last: 262069 ns, Reaching safepoint: 6181833 ns, At safepoint: 130010 ns, Total: 6311843 ns
[2020-02-21T01:21:09.924+0000][1][safepoint    ] Safepoint "RevokeBias", Time since last: 2412173 ns, Reaching safepoint: 7866517 ns, At safepoint: 68078 ns, Total: 7934595 ns
[2020-02-21T01:21:09.930+0000][1][safepoint    ] Safepoint "RevokeBias", Time since last: 87062 ns, Reaching safepoint: 5091175 ns, At safepoint: 56846 ns, Total: 5148021 ns
[2020-02-21T01:21:09.931+0000][1][safepoint    ] Safepoint "RevokeBias", Time since last: 55763 ns, Reaching safepoint: 796174 ns, At safepoint: 52157 ns, Total: 848331 ns
[2020-02-21T01:21:09.936+0000][1][safepoint    ] Safepoint "RevokeBias", Time since last: 51367 ns, Reaching safepoint: 5513821 ns, At safepoint: 62553 ns, Total: 5576374 ns
[2020-02-21T01:21:09.940+0000][1][safepoint    ] Safepoint "RevokeBias", Time since last: 72038 ns, Reaching safepoint: 3773646 ns, At safepoint: 69031 ns, Total: 3842677 ns
[2020-02-21T01:21:09.945+0000][1][safepoint    ] Safepoint "RevokeBias", Time since last: 57642 ns, Reaching safepoint: 5121406 ns, At safepoint: 104667 ns, Total: 5226073 ns
[2020-02-21T01:21:09.956+0000][1][safepoint    ] Safepoint "BulkRevokeBias", Time since last: 4932838 ns, Reaching safepoint: 5332824 ns, At safepoint: 86444 ns, Total: 5419268 ns
[2020-02-21T01:21:09.962+0000][1][safepoint    ] Safepoint "RevokeBias", Time since last: 281563 ns, Reaching safepoint: 6230653 ns, At safepoint: 57768 ns, Total: 6288421 ns
[2020-02-21T01:21:11.862+0000][1][safepoint    ] Safepoint "Cleanup", Time since last: 1835744431 ns, Reaching safepoint: 64109581 ns, At safepoint: 9416 ns, Total: 64118997 ns
[2020-02-21T01:21:12.050+0000][1][safepoint    ] Safepoint "Deoptimize", Time since last: 187012764 ns, Reaching safepoint: 27553 ns, At safepoint: 325614 ns, Total: 353167 ns
[2020-02-21T01:21:12.413+0000][1][safepoint    ] Safepoint "RevokeBias", Time since last: 363460240 ns, Reaching safepoint: 26665 ns, At safepoint: 6140 ns, Total: 32805 ns
[2020-02-21T01:21:13.414+0000][1][safepoint    ] Safepoint "Cleanup", Time since last: 1001183997 ns, Reaching safepoint: 40880 ns, At safepoint: 6994 ns, Total: 47874 ns
[2020-02-21T01:21:14.419+0000][1][safepoint    ] Safepoint "Cleanup", Time since last: 1004133369 ns, Reaching safepoint: 47725 ns, At safepoint: 6721 ns, Total: 54446 ns
[2020-02-21T01:21:15.444+0000][1][safepoint    ] Safepoint "Cleanup", Time since last: 1005886155 ns, Reaching safepoint: 19440552 ns, At safepoint: 31026 ns, Total: 19471578 ns
[2020-02-21T01:21:15.479+0000][1][gc,start     ] GC(2) Pause Young (Allocation Failure)
[2020-02-21T01:21:15.479+0000][1][gc,task      ] GC(2) Using 1 workers of 1 for evacuation
[2020-02-21T01:21:15.565+0000][1][gc,age       ] GC(2) Desired survivor size 4358144 bytes, new threshold 2 (max threshold 6)
[2020-02-21T01:21:15.565+0000][1][gc,age       ] GC(2) Age table with threshold 2 (max threshold 6)
[2020-02-21T01:21:15.565+0000][1][gc,age       ] GC(2) - age   1:    1625272 bytes,    1625272 total
[2020-02-21T01:21:15.565+0000][1][gc,age       ] GC(2) - age   2:    3205696 bytes,    4830968 total
[2020-02-21T01:21:15.565+0000][1][gc,heap      ] GC(2) ParNew: 73740K->5289K(76672K)
[2020-02-21T01:21:15.565+0000][1][gc,heap      ] GC(2) CMS: 6830K->6830K(963392K)
[2020-02-21T01:21:15.565+0000][1][gc,metaspace ] GC(2) Metaspace: 18614K->18614K(1067008K)
[2020-02-21T01:21:15.565+0000][1][gc           ] GC(2) Pause Young (Allocation Failure) 78M->11M(1015M) 86.049ms
[2020-02-21T01:21:15.565+0000][1][gc,cpu       ] GC(2) User=0.02s Sys=0.01s Real=0.08s
[2020-02-21T01:21:15.565+0000][1][safepoint    ] Safepoint "GenCollectForAllocation", Time since last: 25174826 ns, Reaching safepoint: 9531927 ns, At safepoint: 86101963 ns, Total: 95633890 ns
[2020-02-21T01:21:15.675+0000][1][safepoint    ] Safepoint "RevokeBias", Time since last: 45869218 ns, Reaching safepoint: 64024518 ns, At safepoint: 27789 ns, Total: 64052307 ns
[2020-02-21T01:21:15.738+0000][1][safepoint    ] Safepoint "RevokeBias", Time since last: 205020 ns, Reaching safepoint: 63216656 ns, At safepoint: 32290 ns, Total: 63248946 ns
[2020-02-21T01:21:15.820+0000][1][safepoint    ] Safepoint "RevokeBias", Time since last: 267611 ns, Reaching safepoint: 81675707 ns, At safepoint: 33659 ns, Total: 81709366 ns
[2020-02-21T01:21:15.879+0000][1][safepoint    ] Safepoint "RevokeBias", Time since last: 265429 ns, Reaching safepoint: 59023849 ns, At safepoint: 32578 ns, Total: 59056427 ns
[2020-02-21T01:21:15.930+0000][1][safepoint    ] Safepoint "RevokeBias", Time since last: 374667 ns, Reaching safepoint: 50456115 ns, At safepoint: 32704 ns, Total: 50488819 ns
[2020-02-21T01:21:15.965+0000][1][safepoint    ] Safepoint "RevokeBias", Time since last: 12186633 ns, Reaching safepoint: 22726245 ns, At safepoint: 50821 ns, Total: 22777066 ns
[2020-02-21T01:21:17.025+0000][1][safepoint    ] Safepoint "Cleanup", Time since last: 1009022960 ns, Reaching safepoint: 50331226 ns, At safepoint: 10525 ns, Total: 50341751 ns
[2020-02-21T01:21:18.032+0000][1][safepoint    ] Safepoint "Cleanup", Time since last: 1007435055 ns, Reaching safepoint: 41036 ns, At safepoint: 7020 ns, Total: 48056 ns
[2020-02-21T01:21:19.035+0000][1][safepoint    ] Safepoint "Cleanup", Time since last: 1002768540 ns, Reaching safepoint: 43471 ns, At safepoint: 6224 ns, Total: 49695 ns
[2020-02-21T01:21:20.255+0000][1][safepoint    ] Safepoint "Cleanup", Time since last: 1001321451 ns, Reaching safepoint: 218666326 ns, At safepoint: 10789 ns, Total: 218677115 ns
[2020-02-21T01:21:22.265+0000][1][gc,start     ] GC(3) Pause Young (Allocation Failure)
[2020-02-21T01:21:22.265+0000][1][gc,task      ] GC(3) Using 1 workers of 1 for evacuation
[2020-02-21T01:21:23.150+0000][1][gc,age       ] GC(3) Desired survivor size 4358144 bytes, new threshold 6 (max threshold 6)
[2020-02-21T01:21:23.150+0000][1][gc,age       ] GC(3) Age table with threshold 6 (max threshold 6)
[2020-02-21T01:21:23.150+0000][1][gc,age       ] GC(3) - age   1:    1692440 bytes,    1692440 total
[2020-02-21T01:21:23.151+0000][1][gc,age       ] GC(3) - age   2:     516104 bytes,    2208544 total
[2020-02-21T01:21:23.151+0000][1][gc,heap      ] GC(3) ParNew: 73449K->4193K(76672K)
[2020-02-21T01:21:23.151+0000][1][gc,heap      ] GC(3) CMS: 6830K->9992K(963392K)
[2020-02-21T01:21:23.151+0000][1][gc,metaspace ] GC(3) Metaspace: 18861K->18861K(1067008K)
[2020-02-21T01:21:23.179+0000][1][gc           ] GC(3) Pause Young (Allocation Failure) 78M->13M(1015M) 913.436ms
[2020-02-21T01:21:23.179+0000][1][gc,cpu       ] GC(3) User=0.03s Sys=0.02s Real=0.92s
[2020-02-21T01:21:23.179+0000][1][safepoint    ] Safepoint "GenCollectForAllocation", Time since last: 2010336203 ns, Reaching safepoint: 23456 ns, At safepoint: 913513935 ns, Total: 913537391 ns
[2020-02-21T01:21:23.179+0000][1][safepoint    ] Safepoint "RevokeBias", Time since last: 328787 ns, Reaching safepoint: 24832 ns, At safepoint: 40037 ns, Total: 64869 ns
[2020-02-21T01:21:23.179+0000][1][safepoint    ] Safepoint "RevokeBias", Time since last: 31449 ns, Reaching safepoint: 11396 ns, At safepoint: 19237 ns, Total: 30633 ns
[2020-02-21T01:21:23.237+0000][1][safepoint    ] Safepoint "RevokeBias", Time since last: 57553227 ns, Reaching safepoint: 28246 ns, At safepoint: 32246 ns, Total: 60492 ns
[2020-02-21T01:21:23.237+0000][1][safepoint    ] Safepoint "RevokeBias", Time since last: 55113 ns, Reaching safepoint: 12856 ns, At safepoint: 21249 ns, Total: 34105 ns
[2020-02-21T01:21:23.237+0000][1][safepoint    ] Safepoint "RevokeBias", Time since last: 31391 ns, Reaching safepoint: 10626 ns, At safepoint: 18435 ns, Total: 29061 ns
[2020-02-21T01:21:23.237+0000][1][safepoint    ] Safepoint "RevokeBias", Time since last: 23990 ns, Reaching safepoint: 9683 ns, At safepoint: 18087 ns, Total: 27770 ns
[2020-02-21T01:21:26.240+0000][1][safepoint    ] Safepoint "Cleanup", Time since last: 3002479326 ns, Reaching safepoint: 55257 ns, At safepoint: 6602 ns, Total: 61859 ns
[2020-02-21T01:21:27.262+0000][1][safepoint    ] Safepoint "Cleanup", Time since last: 1004285844 ns, Reaching safepoint: 18344955 ns, At safepoint: 33104 ns, Total: 18378059 ns
[2020-02-21T01:21:28.263+0000][1][safepoint    ] Safepoint "Cleanup", Time since last: 1000348413 ns, Reaching safepoint: 92487 ns, At safepoint: 6754 ns, Total: 99241 ns
[2020-02-21T01:21:30.265+0000][1][safepoint    ] Safepoint "Cleanup", Time since last: 2002168092 ns, Reaching safepoint: 45408 ns, At safepoint: 7248 ns, Total: 52656 ns
[2020-02-21T01:21:30.740+0000][1][gc,start     ] GC(4) Pause Young (Allocation Failure)
[2020-02-21T01:21:30.740+0000][1][gc,task      ] GC(4) Using 1 workers of 1 for evacuation
[2020-02-21T01:21:30.782+0000][1][gc,age       ] GC(4) Desired survivor size 4358144 bytes, new threshold 6 (max threshold 6)
[2020-02-21T01:21:30.782+0000][1][gc,age       ] GC(4) Age table with threshold 6 (max threshold 6)
[2020-02-21T01:21:30.782+0000][1][gc,age       ] GC(4) - age   1:    1478248 bytes,    1478248 total
[2020-02-21T01:21:30.782+0000][1][gc,age       ] GC(4) - age   2:     321064 bytes,    1799312 total
[2020-02-21T01:21:30.782+0000][1][gc,age       ] GC(4) - age   3:     515944 bytes,    2315256 total
[2020-02-21T01:21:30.782+0000][1][gc,heap      ] GC(4) ParNew: 72353K->3714K(76672K)
[2020-02-21T01:21:30.782+0000][1][gc,heap      ] GC(4) CMS: 9992K->9992K(963392K)
[2020-02-21T01:21:30.782+0000][1][gc,metaspace ] GC(4) Metaspace: 19460K->19460K(1067008K)
[2020-02-21T01:21:30.782+0000][1][gc           ] GC(4) Pause Young (Allocation Failure) 80M->13M(1015M) 41.957ms
[2020-02-21T01:21:30.782+0000][1][gc,cpu       ] GC(4) User=0.02s Sys=0.00s Real=0.04s
[2020-02-21T01:21:30.782+0000][1][safepoint    ] Safepoint "GenCollectForAllocation", Time since last: 474842897 ns, Reaching safepoint: 56740 ns, At safepoint: 42024019 ns, Total: 42080759 ns
[2020-02-21T01:21:30.858+0000][1][safepoint    ] Safepoint "BulkRevokeBias", Time since last: 70550928 ns, Reaching safepoint: 5633701 ns, At safepoint: 170284 ns, Total: 5803985 ns
[2020-02-21T01:21:30.859+0000][1][safepoint    ] Safepoint "RevokeBias", Time since last: 1279025 ns, Reaching safepoint: 38145 ns, At safepoint: 26140 ns, Total: 64285 ns
[2020-02-21T01:21:30.860+0000][1][safepoint    ] Safepoint "RevokeBias", Time since last: 53236 ns, Reaching safepoint: 11674 ns, At safepoint: 18168 ns, Total: 29842 ns
[2020-02-21T01:21:30.860+0000][1][safepoint    ] Safepoint "RevokeBias", Time since last: 25430 ns, Reaching safepoint: 10120 ns, At safepoint: 16349 ns, Total: 26469 ns
[2020-02-21T01:21:30.860+0000][1][safepoint    ] Safepoint "RevokeBias", Time since last: 49727 ns, Reaching safepoint: 10212 ns, At safepoint: 16538 ns, Total: 26750 ns
[2020-02-21T01:21:30.860+0000][1][safepoint    ] Safepoint "RevokeBias", Time since last: 23435 ns, Reaching safepoint: 9665 ns, At safepoint: 16230 ns, Total: 25895 ns
[2020-02-21T01:21:31.171+0000][1][safepoint    ] Safepoint "RevokeBias", Time since last: 310848787 ns, Reaching safepoint: 27280 ns, At safepoint: 10581 ns, Total: 37861 ns
[2020-02-21T01:21:31.171+0000][1][safepoint    ] Safepoint "RevokeBias", Time since last: 659928 ns, Reaching safepoint: 17020 ns, At safepoint: 8308 ns, Total: 25328 ns
[2020-02-21T01:21:31.186+0000][1][safepoint    ] Safepoint "Deoptimize", Time since last: 14215697 ns, Reaching safepoint: 37436 ns, At safepoint: 406115 ns, Total: 443551 ns
[2020-02-21T01:21:31.928+0000][1][safepoint    ] Safepoint "Deoptimize", Time since last: 741484076 ns, Reaching safepoint: 93052 ns, At safepoint: 377443 ns, Total: 470495 ns
[2020-02-21T01:21:32.955+0000][1][safepoint    ] Safepoint "Cleanup", Time since last: 1002510870 ns, Reaching safepoint: 24324670 ns, At safepoint: 10442 ns, Total: 24335112 ns
[2020-02-21T01:21:33.500+0000][1][gc,start     ] GC(5) Pause Young (Allocation Failure)
[2020-02-21T01:21:33.500+0000][1][gc,task      ] GC(5) Using 1 workers of 1 for evacuation
[2020-02-21T01:21:34.433+0000][1][gc,age       ] GC(5) Desired survivor size 4358144 bytes, new threshold 4 (max threshold 6)
[2020-02-21T01:21:34.433+0000][1][gc,age       ] GC(5) Age table with threshold 4 (max threshold 6)
[2020-02-21T01:21:34.433+0000][1][gc,age       ] GC(5) - age   1:    2321576 bytes,    2321576 total
[2020-02-21T01:21:34.433+0000][1][gc,age       ] GC(5) - age   2:    1273760 bytes,    3595336 total
[2020-02-21T01:21:34.433+0000][1][gc,age       ] GC(5) - age   3:     321064 bytes,    3916400 total
[2020-02-21T01:21:34.433+0000][1][gc,age       ] GC(5) - age   4:     515888 bytes,    4432288 total
[2020-02-21T01:21:34.433+0000][1][gc,heap      ] GC(5) ParNew: 71874K->6480K(76672K)
[2020-02-21T01:21:34.433+0000][1][gc,heap      ] GC(5) CMS: 9992K->9992K(963392K)
[2020-02-21T01:21:34.433+0000][1][gc,metaspace ] GC(5) Metaspace: 19697K->19697K(1067008K)
[2020-02-21T01:21:34.433+0000][1][gc           ] GC(5) Pause Young (Allocation Failure) 79M->16M(1015M) 932.607ms
[2020-02-21T01:21:34.433+0000][1][gc,cpu       ] GC(5) User=0.15s Sys=0.01s Real=0.93s
[2020-02-21T01:21:34.433+0000][1][safepoint    ] Safepoint "GenCollectForAllocation", Time since last: 545595274 ns, Reaching safepoint: 28871 ns, At safepoint: 932687385 ns, Total: 932716256 ns
[2020-02-21T01:21:34.444+0000][1][safepoint    ] Safepoint "RevokeBias", Time since last: 10911096 ns, Reaching safepoint: 38178 ns, At safepoint: 35897 ns, Total: 74075 ns
[2020-02-21T01:21:34.444+0000][1][safepoint    ] Safepoint "RevokeBias", Time since last: 58718 ns, Reaching safepoint: 13763 ns, At safepoint: 21994 ns, Total: 35757 ns
[2020-02-21T01:21:34.444+0000][1][safepoint    ] Safepoint "RevokeBias", Time since last: 51736 ns, Reaching safepoint: 11602 ns, At safepoint: 20038 ns, Total: 31640 ns
[2020-02-21T01:21:34.444+0000][1][safepoint    ] Safepoint "RevokeBias", Time since last: 24398 ns, Reaching safepoint: 10604 ns, At safepoint: 19289 ns, Total: 29893 ns
[2020-02-21T01:21:34.444+0000][1][safepoint    ] Safepoint "RevokeBias", Time since last: 36318 ns, Reaching safepoint: 10960 ns, At safepoint: 19399 ns, Total: 30359 ns
[2020-02-21T01:21:34.444+0000][1][safepoint    ] Safepoint "RevokeBias", Time since last: 23329 ns, Reaching safepoint: 10574 ns, At safepoint: 19148 ns, Total: 29722 ns
[2020-02-21T01:21:35.455+0000][1][safepoint    ] Safepoint "Cleanup", Time since last: 1010050573 ns, Reaching safepoint: 58007 ns, At safepoint: 6731 ns, Total: 64738 ns
[2020-02-21T01:21:36.511+0000][1][gc,start     ] GC(6) Pause Young (Allocation Failure)
[2020-02-21T01:21:36.511+0000][1][gc,task      ] GC(6) Using 1 workers of 1 for evacuation
[2020-02-21T01:21:36.692+0000][1][gc,age       ] GC(6) Desired survivor size 4358144 bytes, new threshold 6 (max threshold 6)
[2020-02-21T01:21:36.692+0000][1][gc,age       ] GC(6) Age table with threshold 6 (max threshold 6)
[2020-02-21T01:21:36.692+0000][1][gc,age       ] GC(6) - age   1:    1221192 bytes,    1221192 total
[2020-02-21T01:21:36.692+0000][1][gc,age       ] GC(6) - age   2:    1525832 bytes,    2747024 total
[2020-02-21T01:21:36.692+0000][1][gc,age       ] GC(6) - age   3:    1273416 bytes,    4020440 total
[2020-02-21T01:21:36.692+0000][1][gc,age       ] GC(6) - age   4:     321064 bytes,    4341504 total
[2020-02-21T01:21:36.692+0000][1][gc,heap      ] GC(6) ParNew: 74640K->7572K(76672K)
[2020-02-21T01:21:36.692+0000][1][gc,heap      ] GC(6) CMS: 9992K->10504K(963392K)
[2020-02-21T01:21:36.692+0000][1][gc,metaspace ] GC(6) Metaspace: 19782K->19782K(1067008K)
[2020-02-21T01:21:36.692+0000][1][gc           ] GC(6) Pause Young (Allocation Failure) 82M->17M(1015M) 181.158ms
[2020-02-21T01:21:36.693+0000][1][gc,cpu       ] GC(6) User=0.03s Sys=0.00s Real=0.18s
[2020-02-21T01:21:36.693+0000][1][safepoint    ] Safepoint "GenCollectForAllocation", Time since last: 1056742438 ns, Reaching safepoint: 23398 ns, At safepoint: 181204338 ns, Total: 181227736 ns
[2020-02-21T01:21:36.719+0000][1][safepoint    ] Safepoint "RevokeBias", Time since last: 26041805 ns, Reaching safepoint: 39110 ns, At safepoint: 36315 ns, Total: 75425 ns
[2020-02-21T01:21:36.719+0000][1][safepoint    ] Safepoint "RevokeBias", Time since last: 56733 ns, Reaching safepoint: 13520 ns, At safepoint: 22163 ns, Total: 35683 ns
[2020-02-21T01:21:36.719+0000][1][safepoint    ] Safepoint "RevokeBias", Time since last: 49299 ns, Reaching safepoint: 11769 ns, At safepoint: 20058 ns, Total: 31827 ns
[2020-02-21T01:21:36.719+0000][1][safepoint    ] Safepoint "RevokeBias", Time since last: 24609 ns, Reaching safepoint: 10755 ns, At safepoint: 19536 ns, Total: 30291 ns
[2020-02-21T01:21:38.741+0000][1][safepoint    ] Safepoint "Cleanup", Time since last: 2021780241 ns, Reaching safepoint: 48636 ns, At safepoint: 7006 ns, Total: 55642 ns
[2020-02-21T01:21:39.746+0000][1][safepoint    ] Safepoint "Cleanup", Time since last: 1005094395 ns, Reaching safepoint: 57320 ns, At safepoint: 10822 ns, Total: 68142 ns
[2020-02-21T01:21:40.563+0000][1][gc,start     ] GC(7) Pause Young (Allocation Failure)
[2020-02-21T01:21:40.563+0000][1][gc,task      ] GC(7) Using 1 workers of 1 for evacuation
[2020-02-21T01:21:40.737+0000][1][gc,age       ] GC(7) Desired survivor size 4358144 bytes, new threshold 4 (max threshold 6)
[2020-02-21T01:21:40.737+0000][1][gc,age       ] GC(7) Age table with threshold 4 (max threshold 6)
[2020-02-21T01:21:40.737+0000][1][gc,age       ] GC(7) - age   1:    1946280 bytes,    1946280 total
[2020-02-21T01:21:40.737+0000][1][gc,age       ] GC(7) - age   2:     414960 bytes,    2361240 total
[2020-02-21T01:21:40.737+0000][1][gc,age       ] GC(7) - age   3:    1523896 bytes,    3885136 total
[2020-02-21T01:21:40.737+0000][1][gc,age       ] GC(7) - age   4:    1272760 bytes,    5157896 total
[2020-02-21T01:21:40.737+0000][1][gc,age       ] GC(7) - age   5:     321064 bytes,    5478960 total
[2020-02-21T01:21:40.737+0000][1][gc,heap      ] GC(7) ParNew: 75732K->7609K(76672K)
[2020-02-21T01:21:40.737+0000][1][gc,heap      ] GC(7) CMS: 10504K->10504K(963392K)
[2020-02-21T01:21:40.737+0000][1][gc,metaspace ] GC(7) Metaspace: 20013K->20013K(1067008K)
[2020-02-21T01:21:40.737+0000][1][gc           ] GC(7) Pause Young (Allocation Failure) 84M->17M(1015M) 174.729ms
[2020-02-21T01:21:40.737+0000][1][gc,cpu       ] GC(7) User=0.01s Sys=0.00s Real=0.18s
[2020-02-21T01:21:40.737+0000][1][safepoint    ] Safepoint "GenCollectForAllocation", Time since last: 816765051 ns, Reaching safepoint: 27786 ns, At safepoint: 174772666 ns, Total: 174800452 ns
[2020-02-21T01:21:40.803+0000][1][safepoint    ] Safepoint "RevokeBias", Time since last: 62405717 ns, Reaching safepoint: 2919251 ns, At safepoint: 49887 ns, Total: 2969138 ns
[2020-02-21T01:21:40.805+0000][1][safepoint    ] Safepoint "RevokeBias", Time since last: 61585 ns, Reaching safepoint: 2021863 ns, At safepoint: 62800 ns, Total: 2084663 ns
[2020-02-21T01:21:40.807+0000][1][safepoint    ] Safepoint "RevokeBias", Time since last: 94142 ns, Reaching safepoint: 1840612 ns, At safepoint: 83686 ns, Total: 1924298 ns
[2020-02-21T01:21:40.810+0000][1][safepoint    ] Safepoint "RevokeBias", Time since last: 47892 ns, Reaching safepoint: 2824908 ns, At safepoint: 57295 ns, Total: 2882203 ns
[2020-02-21T01:21:41.673+0000][1][safepoint    ] Safepoint "RevokeBias", Time since last: 862726937 ns, Reaching safepoint: 41592 ns, At safepoint: 11604 ns, Total: 53196 ns
[2020-02-21T01:21:41.685+0000][1][safepoint    ] Safepoint "RevokeBias", Time since last: 12376912 ns, Reaching safepoint: 31153 ns, At safepoint: 12175 ns, Total: 43328 ns
[2020-02-21T01:21:41.719+0000][1][safepoint    ] Safepoint "CollectForMetadataAllocation", Time since last: 34105705 ns, Reaching safepoint: 28284 ns, At safepoint: 149907 ns, Total: 178191 ns
[2020-02-21T01:21:42.429+0000][1][gc,start     ] GC(8) Pause Young (Allocation Failure)
[2020-02-21T01:21:42.429+0000][1][gc,task      ] GC(8) Using 1 workers of 1 for evacuation
[2020-02-21T01:21:42.923+0000][1][gc,age       ] GC(8) Desired survivor size 4358144 bytes, new threshold 4 (max threshold 6)
[2020-02-21T01:21:42.923+0000][1][gc,age       ] GC(8) Age table with threshold 4 (max threshold 6)
[2020-02-21T01:21:42.923+0000][1][gc,age       ] GC(8) - age   1:    1947200 bytes,    1947200 total
[2020-02-21T01:21:42.923+0000][1][gc,age       ] GC(8) - age   2:     849688 bytes,    2796888 total
[2020-02-21T01:21:42.923+0000][1][gc,age       ] GC(8) - age   3:     414960 bytes,    3211848 total
[2020-02-21T01:21:42.923+0000][1][gc,age       ] GC(8) - age   4:    1523816 bytes,    4735664 total
[2020-02-21T01:21:42.923+0000][1][gc,heap      ] GC(8) ParNew: 75769K->4647K(76672K)
[2020-02-21T01:21:42.923+0000][1][gc,heap      ] GC(8) CMS: 10504K->12079K(963392K)
[2020-02-21T01:21:42.923+0000][1][gc,metaspace ] GC(8) Metaspace: 20364K->20364K(1069056K)
[2020-02-21T01:21:42.923+0000][1][gc           ] GC(8) Pause Young (Allocation Failure) 84M->16M(1015M) 493.794ms
[2020-02-21T01:21:42.923+0000][1][gc,cpu       ] GC(8) User=0.03s Sys=0.01s Real=0.49s
[2020-02-21T01:21:42.923+0000][1][safepoint    ] Safepoint "GenCollectForAllocation", Time since last: 709604831 ns, Reaching safepoint: 24617 ns, At safepoint: 493830255 ns, Total: 493854872 ns
[2020-02-21T01:21:42.959+0000][1][gc,start     ] GC(9) Pause Initial Mark
[2020-02-21T01:21:43.012+0000][1][gc           ] GC(9) Pause Initial Mark 24M->24M(1015M) 53.205ms
[2020-02-21T01:21:43.012+0000][1][gc,cpu       ] GC(9) User=0.01s Sys=0.00s Real=0.05s
[2020-02-21T01:21:43.012+0000][1][safepoint    ] Safepoint "RevokeBias", Time since last: 35669465 ns, Reaching safepoint: 86760 ns, At safepoint: 53320467 ns, Total: 53407227 ns
[2020-02-21T01:21:43.019+0000][1][gc           ] GC(9) Concurrent Mark
[2020-02-21T01:21:43.046+0000][1][safepoint    ] Safepoint "RevokeBias", Time since last: 26866894 ns, Reaching safepoint: 7631153 ns, At safepoint: 37705 ns, Total: 7668858 ns
[2020-02-21T01:21:43.047+0000][1][safepoint    ] Safepoint "RevokeBias", Time since last: 208036 ns, Reaching safepoint: 20015 ns, At safepoint: 24369 ns, Total: 44384 ns
[2020-02-21T01:21:43.047+0000][1][safepoint    ] Safepoint "RevokeBias", Time since last: 30369 ns, Reaching safepoint: 11170 ns, At safepoint: 18401 ns, Total: 29571 ns
[2020-02-21T01:21:43.047+0000][1][safepoint    ] Safepoint "RevokeBias", Time since last: 28416 ns, Reaching safepoint: 10880 ns, At safepoint: 17837 ns, Total: 28717 ns
[2020-02-21T01:21:43.047+0000][1][safepoint    ] Safepoint "RevokeBias", Time since last: 21666 ns, Reaching safepoint: 10014 ns, At safepoint: 17307 ns, Total: 27321 ns
[2020-02-21T01:21:43.082+0000][1][gc           ] GC(9) Concurrent Mark 63.273ms
[2020-02-21T01:21:43.082+0000][1][gc,cpu       ] GC(9) User=0.03s Sys=0.00s Real=0.06s
[2020-02-21T01:21:43.082+0000][1][gc           ] GC(9) Concurrent Preclean
[2020-02-21T01:21:43.083+0000][1][gc           ] GC(9) Concurrent Preclean 1.038ms
[2020-02-21T01:21:43.083+0000][1][gc,cpu       ] GC(9) User=0.00s Sys=0.00s Real=0.00s
[2020-02-21T01:21:43.083+0000][1][gc           ] GC(9) Concurrent Abortable Preclean
[2020-02-21T01:21:44.052+0000][1][safepoint    ] Safepoint "Cleanup", Time since last: 1004788614 ns, Reaching safepoint: 43113 ns, At safepoint: 6370 ns, Total: 49483 ns
[2020-02-21T01:21:44.766+0000][1][gc,start     ] GC(10) Pause Young (Allocation Failure)
[2020-02-21T01:21:44.766+0000][1][gc,task      ] GC(10) Using 1 workers of 1 for evacuation
[2020-02-21T01:21:45.218+0000][1][gc,age       ] GC(10) Desired survivor size 4358144 bytes, new threshold 4 (max threshold 6)
[2020-02-21T01:21:45.218+0000][1][gc,age       ] GC(10) Age table with threshold 4 (max threshold 6)
[2020-02-21T01:21:45.218+0000][1][gc,age       ] GC(10) - age   1:    2340128 bytes,    2340128 total
[2020-02-21T01:21:45.218+0000][1][gc,age       ] GC(10) - age   2:    1134288 bytes,    3474416 total
[2020-02-21T01:21:45.218+0000][1][gc,age       ] GC(10) - age   3:     849688 bytes,    4324104 total
[2020-02-21T01:21:45.219+0000][1][gc,age       ] GC(10) - age   4:     414960 bytes,    4739064 total
[2020-02-21T01:21:45.219+0000][1][gc,heap      ] GC(10) ParNew: 72807K->4630K(76672K)
[2020-02-21T01:21:45.219+0000][1][gc,heap      ] GC(10) CMS: 12079K->13578K(963392K)
[2020-02-21T01:21:45.219+0000][1][gc,metaspace ] GC(10) Metaspace: 20386K->20386K(1069056K)
[2020-02-21T01:21:45.219+0000][1][gc           ] GC(10) Pause Young (Allocation Failure) 82M->17M(1015M) 452.626ms
[2020-02-21T01:21:45.219+0000][1][gc,cpu       ] GC(10) User=0.03s Sys=0.01s Real=0.45s
[2020-02-21T01:21:45.219+0000][1][safepoint    ] Safepoint "GenCollectForAllocation", Time since last: 714176590 ns, Reaching safepoint: 41063 ns, At safepoint: 452671238 ns, Total: 452712301 ns
[2020-02-21T01:21:45.272+0000][1][safepoint    ] Safepoint "RevokeBias", Time since last: 34776844 ns, Reaching safepoint: 18482196 ns, At safepoint: 35891 ns, Total: 18518087 ns
[2020-02-21T01:21:45.377+0000][1][safepoint    ] Safepoint "RevokeBias", Time since last: 37491320 ns, Reaching safepoint: 67149395 ns, At safepoint: 39499 ns, Total: 67188894 ns
[2020-02-21T01:21:45.390+0000][1][safepoint    ] Safepoint "RevokeBias", Time since last: 10134679 ns, Reaching safepoint: 2817972 ns, At safepoint: 34517 ns, Total: 2852489 ns
[2020-02-21T01:21:45.394+0000][1][safepoint    ] Safepoint "RevokeBias", Time since last: 55010 ns, Reaching safepoint: 4101168 ns, At safepoint: 34250 ns, Total: 4135418 ns
[2020-02-21T01:21:45.397+0000][1][safepoint    ] Safepoint "RevokeBias", Time since last: 77629 ns, Reaching safepoint: 2806386 ns, At safepoint: 29934 ns, Total: 2836320 ns
[2020-02-21T01:21:45.400+0000][1][safepoint    ] Safepoint "RevokeBias", Time since last: 37829 ns, Reaching safepoint: 2943663 ns, At safepoint: 28842 ns, Total: 2972505 ns
[2020-02-21T01:21:45.404+0000][1][safepoint    ] Safepoint "RevokeBias", Time since last: 61479 ns, Reaching safepoint: 4090059 ns, At safepoint: 90135 ns, Total: 4180194 ns
[2020-02-21T01:21:45.459+0000][1][safepoint    ] Safepoint "RevokeBias", Time since last: 5724990 ns, Reaching safepoint: 49214345 ns, At safepoint: 38983 ns, Total: 49253328 ns
[2020-02-21T01:21:45.462+0000][1][safepoint    ] Safepoint "RevokeBias", Time since last: 120829 ns, Reaching safepoint: 2551621 ns, At safepoint: 35590 ns, Total: 2587211 ns
[2020-02-21T01:21:45.465+0000][1][safepoint    ] Safepoint "RevokeBias", Time since last: 98498 ns, Reaching safepoint: 2963232 ns, At safepoint: 35084 ns, Total: 2998316 ns
[2020-02-21T01:21:45.468+0000][1][safepoint    ] Safepoint "RevokeBias", Time since last: 64000 ns, Reaching safepoint: 2933207 ns, At safepoint: 34098 ns, Total: 2967305 ns
[2020-02-21T01:21:45.472+0000][1][safepoint    ] Safepoint "RevokeBias", Time since last: 47161 ns, Reaching safepoint: 4619117 ns, At safepoint: 34044 ns, Total: 4653161 ns
[2020-02-21T01:21:45.475+0000][1][safepoint    ] Safepoint "RevokeBias", Time since last: 64200 ns, Reaching safepoint: 2899772 ns, At safepoint: 35406 ns, Total: 2935178 ns
[2020-02-21T01:21:45.482+0000][1][safepoint    ] Safepoint "RevokeBias", Time since last: 2988688 ns, Reaching safepoint: 3507134 ns, At safepoint: 34098 ns, Total: 3541232 ns
[2020-02-21T01:21:45.488+0000][1][safepoint    ] Safepoint "RevokeBias", Time since last: 67389 ns, Reaching safepoint: 5878225 ns, At safepoint: 36971 ns, Total: 5915196 ns
[2020-02-21T01:21:45.491+0000][1][safepoint    ] Safepoint "RevokeBias", Time since last: 53837 ns, Reaching safepoint: 2814005 ns, At safepoint: 31702 ns, Total: 2845707 ns
[2020-02-21T01:21:45.700+0000][1][safepoint    ] Safepoint "CollectForMetadataAllocation", Time since last: 208939596 ns, Reaching safepoint: 37051 ns, At safepoint: 115961 ns, Total: 153012 ns
[2020-02-21T01:21:45.956+0000][1][safepoint    ] Safepoint "CollectForMetadataAllocation", Time since last: 255806730 ns, Reaching safepoint: 33736 ns, At safepoint: 119021 ns, Total: 152757 ns
[2020-02-21T01:21:46.264+0000][1][safepoint    ] Safepoint "CollectForMetadataAllocation", Time since last: 308187740 ns, Reaching safepoint: 42526 ns, At safepoint: 140288 ns, Total: 182814 ns
[2020-02-21T01:21:46.713+0000][1][gc           ] GC(9) Concurrent Abortable Preclean 3629.242ms
[2020-02-21T01:21:46.713+0000][1][gc,cpu       ] GC(9) User=0.93s Sys=0.04s Real=3.63s
[2020-02-21T01:21:46.716+0000][1][gc,start     ] GC(9) Pause Remark
[2020-02-21T01:21:47.502+0000][1][gc           ] GC(9) Pause Remark 69M->69M(1015M) 786.645ms
[2020-02-21T01:21:47.502+0000][1][gc,cpu       ] GC(9) User=0.07s Sys=0.01s Real=0.78s
[2020-02-21T01:21:47.502+0000][1][safepoint    ] Safepoint "CMS_Final_Remark", Time since last: 448515313 ns, Reaching safepoint: 2958241 ns, At safepoint: 786732853 ns, Total: 789691094 ns
[2020-02-21T01:21:47.528+0000][1][gc           ] GC(9) Concurrent Sweep
[2020-02-21T01:21:47.585+0000][1][gc           ] GC(9) Concurrent Sweep 56.661ms
[2020-02-21T01:21:47.585+0000][1][gc,cpu       ] GC(9) User=0.02s Sys=0.00s Real=0.05s
[2020-02-21T01:21:47.585+0000][1][gc           ] GC(9) Concurrent Reset
[2020-02-21T01:21:47.586+0000][1][gc           ] GC(9) Concurrent Reset 1.121ms
[2020-02-21T01:21:47.586+0000][1][gc,cpu       ] GC(9) User=0.00s Sys=0.00s Real=0.00s
[2020-02-21T01:21:47.984+0000][1][gc,heap      ] GC(9) Old: 12079K->13566K(963392K)
[2020-02-21T01:21:49.648+0000][1][gc,start     ] GC(11) Pause Young (Allocation Failure)
[2020-02-21T01:21:49.648+0000][1][gc,task      ] GC(11) Using 1 workers of 1 for evacuation
[2020-02-21T01:21:49.743+0000][1][gc,age       ] GC(11) Desired survivor size 4358144 bytes, new threshold 4 (max threshold 6)
[2020-02-21T01:21:49.743+0000][1][gc,age       ] GC(11) Age table with threshold 4 (max threshold 6)
[2020-02-21T01:21:49.743+0000][1][gc,age       ] GC(11) - age   1:    2108816 bytes,    2108816 total
[2020-02-21T01:21:49.743+0000][1][gc,age       ] GC(11) - age   2:     323496 bytes,    2432312 total
[2020-02-21T01:21:49.743+0000][1][gc,age       ] GC(11) - age   3:    1134056 bytes,    3566368 total
[2020-02-21T01:21:49.743+0000][1][gc,age       ] GC(11) - age   4:     849688 bytes,    4416056 total
[2020-02-21T01:21:49.743+0000][1][gc,heap      ] GC(11) ParNew: 72790K->4628K(76672K)
[2020-02-21T01:21:49.743+0000][1][gc,heap      ] GC(11) CMS: 13566K->13974K(963392K)
[2020-02-21T01:21:49.743+0000][1][gc,metaspace ] GC(11) Metaspace: 21183K->21183K(1069056K)
[2020-02-21T01:21:49.743+0000][1][gc           ] GC(11) Pause Young (Allocation Failure) 84M->18M(1015M) 94.876ms
[2020-02-21T01:21:49.743+0000][1][gc,cpu       ] GC(11) User=0.02s Sys=0.00s Real=0.09s
[2020-02-21T01:21:49.743+0000][1][safepoint    ] Safepoint "GenCollectForAllocation", Time since last: 2144953051 ns, Reaching safepoint: 433131 ns, At safepoint: 94923289 ns, Total: 95356420 ns
[2020-02-21T01:21:49.797+0000][1][safepoint    ] Safepoint "RevokeBias", Time since last: 51127503 ns, Reaching safepoint: 3021773 ns, At safepoint: 48693 ns, Total: 3070466 ns
[2020-02-21T01:21:49.810+0000][1][safepoint    ] Safepoint "RevokeBias", Time since last: 62178 ns, Reaching safepoint: 12889153 ns, At safepoint: 61199 ns, Total: 12950352 ns
[2020-02-21T01:21:49.822+0000][1][safepoint    ] Safepoint "RevokeBias", Time since last: 9533964 ns, Reaching safepoint: 2224050 ns, At safepoint: 37951 ns, Total: 2262001 ns
[2020-02-21T01:21:49.828+0000][1][safepoint    ] Safepoint "RevokeBias", Time since last: 61103 ns, Reaching safepoint: 5852710 ns, At safepoint: 38923 ns, Total: 5891633 ns
[2020-02-21T01:21:49.832+0000][1][safepoint    ] Safepoint "RevokeBias", Time since last: 87913 ns, Reaching safepoint: 4583231 ns, At safepoint: 40010 ns, Total: 4623241 ns
[2020-02-21T01:21:49.835+0000][1][safepoint    ] Safepoint "RevokeBias", Time since last: 62548 ns, Reaching safepoint: 2244529 ns, At safepoint: 35385 ns, Total: 2279914 ns
[2020-02-21T01:21:49.838+0000][1][safepoint    ] Safepoint "BulkRevokeBias", Time since last: 68773 ns, Reaching safepoint: 2915843 ns, At safepoint: 50445 ns, Total: 2966288 ns
[2020-02-21T01:21:49.850+0000][1][safepoint    ] Safepoint "BulkRevokeBias", Time since last: 50086 ns, Reaching safepoint: 11690477 ns, At safepoint: 59436 ns, Total: 11749913 ns
[2020-02-21T01:21:50.419+0000][1][gc,start     ] GC(12) Pause Young (Allocation Failure)
[2020-02-21T01:21:50.419+0000][1][gc,task      ] GC(12) Using 1 workers of 1 for evacuation
[2020-02-21T01:21:50.595+0000][1][gc,age       ] GC(12) Desired survivor size 4358144 bytes, new threshold 6 (max threshold 6)
[2020-02-21T01:21:50.595+0000][1][gc,age       ] GC(12) Age table with threshold 6 (max threshold 6)
[2020-02-21T01:21:50.595+0000][1][gc,age       ] GC(12) - age   1:    1089936 bytes,    1089936 total
[2020-02-21T01:21:50.595+0000][1][gc,age       ] GC(12) - age   2:     575328 bytes,    1665264 total
[2020-02-21T01:21:50.595+0000][1][gc,age       ] GC(12) - age   3:     323496 bytes,    1988760 total
[2020-02-21T01:21:50.595+0000][1][gc,age       ] GC(12) - age   4:    1134056 bytes,    3122816 total
[2020-02-21T01:21:50.595+0000][1][gc,heap      ] GC(12) ParNew: 72788K->4391K(76672K)
[2020-02-21T01:21:50.595+0000][1][gc,heap      ] GC(12) CMS: 13974K->14811K(963392K)
[2020-02-21T01:21:50.595+0000][1][gc,metaspace ] GC(12) Metaspace: 21201K->21201K(1069056K)
[2020-02-21T01:21:50.606+0000][1][gc           ] GC(12) Pause Young (Allocation Failure) 84M->18M(1015M) 176.006ms
[2020-02-21T01:21:50.606+0000][1][gc,cpu       ] GC(12) User=0.05s Sys=0.00s Real=0.19s
[2020-02-21T01:21:50.606+0000][1][safepoint    ] Safepoint "GenCollectForAllocation", Time since last: 569754077 ns, Reaching safepoint: 25171 ns, At safepoint: 186305973 ns, Total: 186331144 ns
[2020-02-21T01:21:50.652+0000][1][safepoint    ] Safepoint "RevokeBias", Time since last: 31220697 ns, Reaching safepoint: 14824242 ns, At safepoint: 40843 ns, Total: 14865085 ns
[2020-02-21T01:21:50.677+0000][1][safepoint    ] Safepoint "RevokeBias", Time since last: 70595 ns, Reaching safepoint: 25561925 ns, At safepoint: 34060 ns, Total: 25595985 ns
[2020-02-21T01:21:50.757+0000][1][safepoint    ] Safepoint "RevokeBias", Time since last: 19454353 ns, Reaching safepoint: 60002430 ns, At safepoint: 47737 ns, Total: 60050167 ns
[2020-02-21T01:21:50.772+0000][1][safepoint    ] Safepoint "RevokeBias", Time since last: 14480831 ns, Reaching safepoint: 36405 ns, At safepoint: 37033 ns, Total: 73438 ns
[2020-02-21T01:21:50.772+0000][1][safepoint    ] Safepoint "RevokeBias", Time since last: 71337 ns, Reaching safepoint: 14428 ns, At safepoint: 23581 ns, Total: 38009 ns
[2020-02-21T01:21:50.772+0000][1][safepoint    ] Safepoint "RevokeBias", Time since last: 26796 ns, Reaching safepoint: 10801 ns, At safepoint: 21081 ns, Total: 31882 ns
[2020-02-21T01:21:50.772+0000][1][safepoint    ] Safepoint "RevokeBias", Time since last: 29112 ns, Reaching safepoint: 10933 ns, At safepoint: 20291 ns, Total: 31224 ns
[2020-02-21T01:21:50.772+0000][1][safepoint    ] Safepoint "RevokeBias", Time since last: 24928 ns, Reaching safepoint: 10494 ns, At safepoint: 20158 ns, Total: 30652 ns
[2020-02-21T01:21:51.409+0000][1][gc,start     ] GC(13) Pause Young (Allocation Failure)
[2020-02-21T01:21:51.409+0000][1][gc,task      ] GC(13) Using 1 workers of 1 for evacuation
[2020-02-21T01:21:51.436+0000][1][gc,age       ] GC(13) Desired survivor size 4358144 bytes, new threshold 6 (max threshold 6)
[2020-02-21T01:21:51.436+0000][1][gc,age       ] GC(13) Age table with threshold 6 (max threshold 6)
[2020-02-21T01:21:51.436+0000][1][gc,age       ] GC(13) - age   1:    2080624 bytes,    2080624 total
[2020-02-21T01:21:51.436+0000][1][gc,age       ] GC(13) - age   2:     206832 bytes,    2287456 total
[2020-02-21T01:21:51.436+0000][1][gc,age       ] GC(13) - age   3:     575216 bytes,    2862672 total
[2020-02-21T01:21:51.436+0000][1][gc,age       ] GC(13) - age   4:     323496 bytes,    3186168 total
[2020-02-21T01:21:51.436+0000][1][gc,age       ] GC(13) - age   5:    1134056 bytes,    4320224 total
[2020-02-21T01:21:51.436+0000][1][gc,heap      ] GC(13) ParNew: 72551K->6770K(76672K)
[2020-02-21T01:21:51.436+0000][1][gc,heap      ] GC(13) CMS: 14811K->14811K(963392K)
[2020-02-21T01:21:51.436+0000][1][gc,metaspace ] GC(13) Metaspace: 21298K->21298K(1069056K)
[2020-02-21T01:21:51.436+0000][1][gc           ] GC(13) Pause Young (Allocation Failure) 85M->21M(1015M) 27.449ms
[2020-02-21T01:21:51.436+0000][1][gc,cpu       ] GC(13) User=0.01s Sys=0.00s Real=0.02s
[2020-02-21T01:21:51.436+0000][1][safepoint    ] Safepoint "GenCollectForAllocation", Time since last: 637156593 ns, Reaching safepoint: 19874 ns, At safepoint: 27487665 ns, Total: 27507539 ns
[2020-02-21T01:21:51.488+0000][1][safepoint    ] Safepoint "RevokeBias", Time since last: 51225452 ns, Reaching safepoint: 28924 ns, At safepoint: 32513 ns, Total: 61437 ns
[2020-02-21T01:21:51.488+0000][1][safepoint    ] Safepoint "RevokeBias", Time since last: 45881 ns, Reaching safepoint: 11827 ns, At safepoint: 22207 ns, Total: 34034 ns
[2020-02-21T01:21:51.488+0000][1][safepoint    ] Safepoint "RevokeBias", Time since last: 32735 ns, Reaching safepoint: 11055 ns, At safepoint: 21405 ns, Total: 32460 ns
[2020-02-21T01:21:51.488+0000][1][safepoint    ] Safepoint "RevokeBias", Time since last: 22929 ns, Reaching safepoint: 10277 ns, At safepoint: 20801 ns, Total: 31078 ns
[2020-02-21T01:21:52.497+0000][1][safepoint    ] Safepoint "Cleanup", Time since last: 1008904311 ns, Reaching safepoint: 78901 ns, At safepoint: 20775 ns, Total: 99676 ns
[2020-02-21T01:21:53.083+0000][1][gc,start     ] GC(14) Pause Young (Allocation Failure)
[2020-02-21T01:21:53.083+0000][1][gc,task      ] GC(14) Using 1 workers of 1 for evacuation
[2020-02-21T01:21:53.101+0000][1][gc,age       ] GC(14) Desired survivor size 4358144 bytes, new threshold 6 (max threshold 6)
[2020-02-21T01:21:53.101+0000][1][gc,age       ] GC(14) Age table with threshold 6 (max threshold 6)
[2020-02-21T01:21:53.101+0000][1][gc,age       ] GC(14) - age   1:    2060072 bytes,    2060072 total
[2020-02-21T01:21:53.101+0000][1][gc,age       ] GC(14) - age   2:      98088 bytes,    2158160 total
[2020-02-21T01:21:53.101+0000][1][gc,age       ] GC(14) - age   3:     206832 bytes,    2364992 total
[2020-02-21T01:21:53.101+0000][1][gc,age       ] GC(14) - age   4:     575216 bytes,    2940208 total
[2020-02-21T01:21:53.101+0000][1][gc,age       ] GC(14) - age   5:     323496 bytes,    3263704 total
[2020-02-21T01:21:53.101+0000][1][gc,age       ] GC(14) - age   6:    1134056 bytes,    4397760 total
[2020-02-21T01:21:53.101+0000][1][gc,heap      ] GC(14) ParNew: 74930K->8021K(76672K)
[2020-02-21T01:21:53.101+0000][1][gc,heap      ] GC(14) CMS: 14811K->14811K(963392K)
[2020-02-21T01:21:53.101+0000][1][gc,metaspace ] GC(14) Metaspace: 21358K->21358K(1069056K)
[2020-02-21T01:21:53.101+0000][1][gc           ] GC(14) Pause Young (Allocation Failure) 87M->22M(1015M) 17.654ms
[2020-02-21T01:21:53.101+0000][1][gc,cpu       ] GC(14) User=0.01s Sys=0.00s Real=0.02s
[2020-02-21T01:21:53.101+0000][1][safepoint    ] Safepoint "GenCollectForAllocation", Time since last: 585999642 ns, Reaching safepoint: 19015 ns, At safepoint: 17692752 ns, Total: 17711767 ns
[2020-02-21T01:21:53.147+0000][1][safepoint    ] Safepoint "RevokeBias", Time since last: 46349222 ns, Reaching safepoint: 97714 ns, At safepoint: 140905 ns, Total: 238619 ns
[2020-02-21T01:21:53.147+0000][1][safepoint    ] Safepoint "RevokeBias", Time since last: 74667 ns, Reaching safepoint: 15988 ns, At safepoint: 48292 ns, Total: 64280 ns
[2020-02-21T01:21:53.148+0000][1][safepoint    ] Safepoint "RevokeBias", Time since last: 88012 ns, Reaching safepoint: 30129 ns, At safepoint: 26864 ns, Total: 56993 ns
[2020-02-21T01:21:53.148+0000][1][safepoint    ] Safepoint "RevokeBias", Time since last: 44501 ns, Reaching safepoint: 9258 ns, At safepoint: 38945 ns, Total: 48203 ns
[2020-02-21T01:21:53.148+0000][1][safepoint    ] Safepoint "RevokeBias", Time since last: 105354 ns, Reaching safepoint: 13628 ns, At safepoint: 70669 ns, Total: 84297 ns
[2020-02-21T01:21:53.148+0000][1][safepoint    ] Safepoint "RevokeBias", Time since last: 36368 ns, Reaching safepoint: 11253 ns, At safepoint: 26936 ns, Total: 38189 ns
[2020-02-21T01:21:53.148+0000][1][safepoint    ] Safepoint "RevokeBias", Time since last: 47297 ns, Reaching safepoint: 15593 ns, At safepoint: 28317 ns, Total: 43910 ns
[2020-02-21T01:21:53.148+0000][1][safepoint    ] Safepoint "RevokeBias", Time since last: 35583 ns, Reaching safepoint: 9729 ns, At safepoint: 25031 ns, Total: 34760 ns
[2020-02-21T01:21:53.148+0000][1][safepoint    ] Safepoint "RevokeBias", Time since last: 29930 ns, Reaching safepoint: 7490 ns, At safepoint: 14658 ns, Total: 22148 ns
[2020-02-21T01:21:53.148+0000][1][safepoint    ] Safepoint "RevokeBias", Time since last: 19506 ns, Reaching safepoint: 5333 ns, At safepoint: 13279 ns, Total: 18612 ns
[2020-02-21T01:21:53.488+0000][1][gc,start     ] GC(15) Pause Young (Allocation Failure)
[2020-02-21T01:21:53.488+0000][1][gc,task      ] GC(15) Using 1 workers of 1 for evacuation
[2020-02-21T01:21:54.123+0000][1][gc,age       ] GC(15) Desired survivor size 4358144 bytes, new threshold 6 (max threshold 6)
[2020-02-21T01:21:54.123+0000][1][gc,age       ] GC(15) Age table with threshold 6 (max threshold 6)
[2020-02-21T01:21:54.123+0000][1][gc,age       ] GC(15) - age   1:    1322896 bytes,    1322896 total
[2020-02-21T01:21:54.123+0000][1][gc,age       ] GC(15) - age   2:     306568 bytes,    1629464 total
[2020-02-21T01:21:54.123+0000][1][gc,age       ] GC(15) - age   3:      98088 bytes,    1727552 total
[2020-02-21T01:21:54.135+0000][1][gc,age       ] GC(15) - age   4:     206832 bytes,    1934384 total
[2020-02-21T01:21:54.135+0000][1][gc,age       ] GC(15) - age   5:     575064 bytes,    2509448 total
[2020-02-21T01:21:54.135+0000][1][gc,age       ] GC(15) - age   6:     323496 bytes,    2832944 total
[2020-02-21T01:21:54.135+0000][1][gc,heap      ] GC(15) ParNew: 76181K->5226K(76672K)
[2020-02-21T01:21:54.135+0000][1][gc,heap      ] GC(15) CMS: 14811K->15924K(963392K)
[2020-02-21T01:21:54.136+0000][1][gc,metaspace ] GC(15) Metaspace: 21375K->21375K(1069056K)
[2020-02-21T01:21:54.136+0000][1][gc           ] GC(15) Pause Young (Allocation Failure) 88M->20M(1015M) 647.658ms
[2020-02-21T01:21:54.136+0000][1][gc,cpu       ] GC(15) User=0.02s Sys=0.01s Real=0.64s
[2020-02-21T01:21:54.136+0000][1][safepoint    ] Safepoint "GenCollectForAllocation", Time since last: 339739535 ns, Reaching safepoint: 26299 ns, At safepoint: 647771704 ns, Total: 647798003 ns
[2020-02-21T01:21:54.157+0000][1][safepoint    ] Safepoint "RevokeBias", Time since last: 15545561 ns, Reaching safepoint: 5557539 ns, At safepoint: 81684 ns, Total: 5639223 ns
[2020-02-21T01:21:54.163+0000][1][safepoint    ] Safepoint "RevokeBias", Time since last: 80790 ns, Reaching safepoint: 5526566 ns, At safepoint: 39129 ns, Total: 5565695 ns
[2020-02-21T01:21:54.174+0000][1][safepoint    ] Safepoint "RevokeBias", Time since last: 61263 ns, Reaching safepoint: 11122200 ns, At safepoint: 120150 ns, Total: 11242350 ns
[2020-02-21T01:21:54.186+0000][1][safepoint    ] Safepoint "RevokeBias", Time since last: 6084273 ns, Reaching safepoint: 5614242 ns, At safepoint: 84265 ns, Total: 5698507 ns
[2020-02-21T01:21:54.193+0000][1][safepoint    ] Safepoint "RevokeBias", Time since last: 2333417 ns, Reaching safepoint: 5364780 ns, At safepoint: 34425 ns, Total: 5399205 ns
[2020-02-21T01:21:54.199+0000][1][safepoint    ] Safepoint "RevokeBias", Time since last: 64756 ns, Reaching safepoint: 5553592 ns, At safepoint: 85656 ns, Total: 5639248 ns
[2020-02-21T01:21:55.229+0000][1][safepoint    ] Safepoint "Cleanup", Time since last: 1023827742 ns, Reaching safepoint: 5736260 ns, At safepoint: 27984 ns, Total: 5764244 ns
[2020-02-21T01:21:56.233+0000][1][safepoint    ] Safepoint "Cleanup", Time since last: 1004165303 ns, Reaching safepoint: 123281 ns, At safepoint: 25308 ns, Total: 148589 ns
[2020-02-21T01:21:57.234+0000][1][safepoint    ] Safepoint "Cleanup", Time since last: 1001311172 ns, Reaching safepoint: 43313 ns, At safepoint: 7140 ns, Total: 50453 ns
[2020-02-21T01:21:58.245+0000][1][safepoint    ] Safepoint "Cleanup", Time since last: 1010187774 ns, Reaching safepoint: 133341 ns, At safepoint: 7641 ns, Total: 140982 ns
[2020-02-21T01:22:00.256+0000][1][safepoint    ] Safepoint "Cleanup", Time since last: 2007030269 ns, Reaching safepoint: 4006218 ns, At safepoint: 11858 ns, Total: 4018076 ns
[2020-02-21T01:22:01.260+0000][1][safepoint    ] Safepoint "RevokeBias", Time since last: 1002622693 ns, Reaching safepoint: 1504451 ns, At safepoint: 11316 ns, Total: 1515767 ns
[2020-02-21T01:22:01.274+0000][1][safepoint    ] Safepoint "RevokeBias", Time since last: 3509963 ns, Reaching safepoint: 11003495 ns, At safepoint: 27442 ns, Total: 11030937 ns
[2020-02-21T01:22:02.276+0000][1][safepoint    ] Safepoint "Cleanup", Time since last: 1001784052 ns, Reaching safepoint: 167110 ns, At safepoint: 25416 ns, Total: 192526 ns
[2020-02-21T01:22:02.827+0000][1][safepoint    ] Safepoint "Deoptimize", Time since last: 550602258 ns, Reaching safepoint: 29076 ns, At safepoint: 246452 ns, Total: 275528 ns
[2020-02-21T01:22:03.176+0000][1][safepoint    ] Safepoint "Deoptimize", Time since last: 348777242 ns, Reaching safepoint: 34736 ns, At safepoint: 388634 ns, Total: 423370 ns
[2020-02-21T01:22:03.242+0000][1][safepoint    ] Safepoint "Deoptimize", Time since last: 65085935 ns, Reaching safepoint: 23890 ns, At safepoint: 383785 ns, Total: 407675 ns
[2020-02-21T01:22:03.338+0000][1][safepoint    ] Safepoint "RevokeBias", Time since last: 95906431 ns, Reaching safepoint: 22621 ns, At safepoint: 60463 ns, Total: 83084 ns
[2020-02-21T01:22:03.361+0000][1][safepoint    ] Safepoint "RevokeBias", Time since last: 22666223 ns, Reaching safepoint: 79101 ns, At safepoint: 23607 ns, Total: 102708 ns
[2020-02-21T01:22:03.361+0000][1][safepoint    ] Safepoint "RevokeBias", Time since last: 60909 ns, Reaching safepoint: 6025 ns, At safepoint: 28581 ns, Total: 34606 ns
[2020-02-21T01:22:03.361+0000][1][safepoint    ] Safepoint "RevokeBias", Time since last: 38554 ns, Reaching safepoint: 23565 ns, At safepoint: 3042 ns, Total: 26607 ns
[2020-02-21T01:22:04.374+0000][1][safepoint    ] Safepoint "Cleanup", Time since last: 1002550020 ns, Reaching safepoint: 10597944 ns, At safepoint: 20309 ns, Total: 10618253 ns
[2020-02-21T01:22:04.804+0000][1][gc,start     ] GC(16) Pause Young (Allocation Failure)
[2020-02-21T01:22:04.804+0000][1][gc,task      ] GC(16) Using 1 workers of 1 for evacuation
[2020-02-21T01:22:04.964+0000][1][gc,age       ] GC(16) Desired survivor size 4358144 bytes, new threshold 3 (max threshold 6)
[2020-02-21T01:22:04.964+0000][1][gc,age       ] GC(16) Age table with threshold 3 (max threshold 6)
[2020-02-21T01:22:04.964+0000][1][gc,age       ] GC(16) - age   1:    4137896 bytes,    4137896 total
[2020-02-21T01:22:04.964+0000][1][gc,age       ] GC(16) - age   2:     155464 bytes,    4293360 total
[2020-02-21T01:22:04.964+0000][1][gc,age       ] GC(16) - age   3:     306360 bytes,    4599720 total
[2020-02-21T01:22:04.964+0000][1][gc,age       ] GC(16) - age   4:      97904 bytes,    4697624 total
[2020-02-21T01:22:04.964+0000][1][gc,age       ] GC(16) - age   5:     206832 bytes,    4904456 total
[2020-02-21T01:22:04.964+0000][1][gc,age       ] GC(16) - age   6:     574312 bytes,    5478768 total
[2020-02-21T01:22:04.964+0000][1][gc,heap      ] GC(16) ParNew: 73386K->6762K(76672K)
[2020-02-21T01:22:04.964+0000][1][gc,heap      ] GC(16) CMS: 15924K->16241K(963392K)
[2020-02-21T01:22:04.964+0000][1][gc,metaspace ] GC(16) Metaspace: 27445K->27445K(1075200K)
[2020-02-21T01:22:04.964+0000][1][gc           ] GC(16) Pause Young (Allocation Failure) 87M->22M(1015M) 160.291ms
[2020-02-21T01:22:04.964+0000][1][gc,cpu       ] GC(16) User=0.02s Sys=0.01s Real=0.16s
[2020-02-21T01:22:04.964+0000][1][safepoint    ] Safepoint "GenCollectForAllocation", Time since last: 429920289 ns, Reaching safepoint: 84791 ns, At safepoint: 160340601 ns, Total: 160425392 ns
[2020-02-21T01:22:05.019+0000][1][safepoint    ] Safepoint "RevokeBias", Time since last: 41638590 ns, Reaching safepoint: 13337328 ns, At safepoint: 36418 ns, Total: 13373746 ns
[2020-02-21T01:22:05.022+0000][1][safepoint    ] Safepoint "RevokeBias", Time since last: 67153 ns, Reaching safepoint: 2439957 ns, At safepoint: 36216 ns, Total: 2476173 ns
[2020-02-21T01:22:05.050+0000][1][safepoint    ] Safepoint "RevokeBias", Time since last: 2120107 ns, Reaching safepoint: 25775226 ns, At safepoint: 35136 ns, Total: 25810362 ns
[2020-02-21T01:22:05.060+0000][1][safepoint    ] Safepoint "RevokeBias", Time since last: 7834420 ns, Reaching safepoint: 2735826 ns, At safepoint: 67909 ns, Total: 2803735 ns
[2020-02-21T01:22:05.067+0000][1][safepoint    ] Safepoint "RevokeBias", Time since last: 190304 ns, Reaching safepoint: 5748409 ns, At safepoint: 75744 ns, Total: 5824153 ns
[2020-02-21T01:22:05.070+0000][1][safepoint    ] Safepoint "RevokeBias", Time since last: 94573 ns, Reaching safepoint: 3108152 ns, At safepoint: 50317 ns, Total: 3158469 ns
[2020-02-21T01:22:05.074+0000][1][safepoint    ] Safepoint "RevokeBias", Time since last: 88316 ns, Reaching safepoint: 3798513 ns, At safepoint: 44752 ns, Total: 3843265 ns
[2020-02-21T01:22:05.076+0000][1][safepoint    ] Safepoint "RevokeBias", Time since last: 63488 ns, Reaching safepoint: 2666791 ns, At safepoint: 59455 ns, Total: 2726246 ns
[2020-02-21T01:22:05.082+0000][1][safepoint    ] Safepoint "RevokeBias", Time since last: 256475 ns, Reaching safepoint: 4932298 ns, At safepoint: 47397 ns, Total: 4979695 ns
[2020-02-21T01:22:05.087+0000][1][safepoint    ] Safepoint "RevokeBias", Time since last: 63900 ns, Reaching safepoint: 5172722 ns, At safepoint: 67932 ns, Total: 5240654 ns
[2020-02-21T01:22:05.094+0000][1][safepoint    ] Safepoint "BulkRevokeBias", Time since last: 81699 ns, Reaching safepoint: 6486652 ns, At safepoint: 69987 ns, Total: 6556639 ns
[2020-02-21T01:22:05.100+0000][1][safepoint    ] Safepoint "BulkRevokeBias", Time since last: 77022 ns, Reaching safepoint: 6501279 ns, At safepoint: 68909 ns, Total: 6570188 ns
[2020-02-21T01:22:06.104+0000][1][safepoint    ] Safepoint "Cleanup", Time since last: 1003070932 ns, Reaching safepoint: 628345 ns, At safepoint: 8652 ns, Total: 636997 ns
[2020-02-21T01:22:07.112+0000][1][safepoint    ] Safepoint "Cleanup", Time since last: 1000867223 ns, Reaching safepoint: 7403617 ns, At safepoint: 13909 ns, Total: 7417526 ns
[2020-02-21T01:22:08.112+0000][1][safepoint    ] Safepoint "Cleanup", Time since last: 1000105779 ns, Reaching safepoint: 54094 ns, At safepoint: 5491 ns, Total: 59585 ns
[2020-02-21T01:22:09.131+0000][1][safepoint    ] Safepoint "Cleanup", Time since last: 1014901163 ns, Reaching safepoint: 3688324 ns, At safepoint: 8943 ns, Total: 3697267 ns
[2020-02-21T01:22:09.674+0000][1][gc,start     ] GC(17) Pause Young (Allocation Failure)
[2020-02-21T01:22:09.674+0000][1][gc,task      ] GC(17) Using 1 workers of 1 for evacuation
[2020-02-21T01:22:11.790+0000][1][gc,age       ] GC(17) Desired survivor size 4358144 bytes, new threshold 1 (max threshold 6)
[2020-02-21T01:22:11.790+0000][1][gc,age       ] GC(17) Age table with threshold 1 (max threshold 6)
[2020-02-21T01:22:11.790+0000][1][gc,age       ] GC(17) - age   1:    5964072 bytes,    5964072 total
[2020-02-21T01:22:11.790+0000][1][gc,age       ] GC(17) - age   2:    2599896 bytes,    8563968 total
[2020-02-21T01:22:11.790+0000][1][gc,age       ] GC(17) - age   3:     152248 bytes,    8716216 total
[2020-02-21T01:22:11.790+0000][1][gc,heap      ] GC(17) ParNew: 74922K->8512K(76672K)
[2020-02-21T01:22:11.790+0000][1][gc,heap      ] GC(17) CMS: 16241K->21764K(963392K)
[2020-02-21T01:22:11.790+0000][1][gc,metaspace ] GC(17) Metaspace: 28267K->28267K(1075200K)
[2020-02-21T01:22:11.790+0000][1][gc           ] GC(17) Pause Young (Allocation Failure) 89M->29M(1015M) 2116.197ms
[2020-02-21T01:22:11.790+0000][1][gc,cpu       ] GC(17) User=0.05s Sys=0.13s Real=2.12s
[2020-02-21T01:22:11.790+0000][1][safepoint    ] Safepoint "GenCollectForAllocation", Time since last: 542810735 ns, Reaching safepoint: 44187 ns, At safepoint: 2116261062 ns, Total: 2116305249 ns
[2020-02-21T01:22:12.817+0000][1][safepoint    ] Safepoint "Cleanup", Time since last: 1010343524 ns, Reaching safepoint: 16227401 ns, At safepoint: 13095 ns, Total: 16240496 ns
[2020-02-21T01:22:15.904+0000][1][safepoint    ] Safepoint "Cleanup", Time since last: 3027938361 ns, Reaching safepoint: 58883761 ns, At safepoint: 28976 ns, Total: 58912737 ns
[2020-02-21T01:22:16.663+0000][1][safepoint    ] Safepoint "RevokeBias", Time since last: 759601367 ns, Reaching safepoint: 47212 ns, At safepoint: 53857 ns, Total: 101069 ns
[2020-02-21T01:22:17.756+0000][1][safepoint    ] Safepoint "Cleanup", Time since last: 1006773002 ns, Reaching safepoint: 86116583 ns, At safepoint: 14824 ns, Total: 86131407 ns
[2020-02-21T01:22:18.715+0000][1][gc,start     ] GC(18) Pause Young (Allocation Failure)
[2020-02-21T01:22:18.715+0000][1][gc,task      ] GC(18) Using 1 workers of 1 for evacuation
[2020-02-21T01:22:21.498+0000][1][gc,age       ] GC(18) Desired survivor size 4358144 bytes, new threshold 1 (max threshold 6)
[2020-02-21T01:22:21.498+0000][1][gc,age       ] GC(18) Age table with threshold 1 (max threshold 6)
[2020-02-21T01:22:21.498+0000][1][gc,age       ] GC(18) - age   1:    8716248 bytes,    8716248 total
[2020-02-21T01:22:21.498+0000][1][gc,heap      ] GC(18) ParNew: 76672K->8512K(76672K)
[2020-02-21T01:22:21.498+0000][1][gc,heap      ] GC(18) CMS: 21764K->30938K(963392K)
[2020-02-21T01:22:21.498+0000][1][gc,metaspace ] GC(18) Metaspace: 28326K->28326K(1075200K)
[2020-02-21T01:22:21.498+0000][1][gc           ] GC(18) Pause Young (Allocation Failure) 96M->38M(1015M) 2783.555ms
[2020-02-21T01:22:21.498+0000][1][gc,cpu       ] GC(18) User=0.06s Sys=0.19s Real=2.78s
[2020-02-21T01:22:21.498+0000][1][safepoint    ] Safepoint "GenCollectForAllocation", Time since last: 943793853 ns, Reaching safepoint: 14672640 ns, At safepoint: 2783601182 ns, Total: 2798273822 ns
[2020-02-21T01:22:23.543+0000][1][safepoint    ] Safepoint "Cleanup", Time since last: 2024361674 ns, Reaching safepoint: 20041817 ns, At safepoint: 17201 ns, Total: 20059018 ns
[2020-02-21T01:22:24.573+0000][1][safepoint    ] Safepoint "Cleanup", Time since last: 1029946753 ns, Reaching safepoint: 68277 ns, At safepoint: 6828 ns, Total: 75105 ns
[2020-02-21T01:22:25.003+0000][1][safepoint    ] Safepoint "RevokeBias", Time since last: 430501029 ns, Reaching safepoint: 36031 ns, At safepoint: 64040 ns, Total: 100071 ns
[2020-02-21T01:22:26.011+0000][1][safepoint    ] Safepoint "Cleanup", Time since last: 1001367707 ns, Reaching safepoint: 6113799 ns, At safepoint: 10667 ns, Total: 6124466 ns
[2020-02-21T01:22:27.023+0000][1][safepoint    ] Safepoint "Cleanup", Time since last: 1006932072 ns, Reaching safepoint: 5443115 ns, At safepoint: 15631 ns, Total: 5458746 ns
[2020-02-21T01:22:27.051+0000][1][gc,start     ] GC(19) Pause Young (Allocation Failure)
[2020-02-21T01:22:27.051+0000][1][gc,task      ] GC(19) Using 1 workers of 1 for evacuation
[2020-02-21T01:22:28.480+0000][1][gc,age       ] GC(19) Desired survivor size 4358144 bytes, new threshold 1 (max threshold 6)
[2020-02-21T01:22:28.480+0000][1][gc,age       ] GC(19) Age table with threshold 1 (max threshold 6)
[2020-02-21T01:22:28.480+0000][1][gc,age       ] GC(19) - age   1:    6893864 bytes,    6893864 total
[2020-02-21T01:22:28.481+0000][1][gc,heap      ] GC(19) ParNew: 76672K->8257K(76672K)
[2020-02-21T01:22:28.481+0000][1][gc,heap      ] GC(19) CMS: 30938K->39303K(963392K)
[2020-02-21T01:22:28.481+0000][1][gc,metaspace ] GC(19) Metaspace: 31021K->31021K(1079296K)
[2020-02-21T01:22:28.481+0000][1][gc           ] GC(19) Pause Young (Allocation Failure) 105M->46M(1015M) 1429.965ms
[2020-02-21T01:22:28.481+0000][1][gc,cpu       ] GC(19) User=0.03s Sys=0.11s Real=1.43s
[2020-02-21T01:22:28.481+0000][1][safepoint    ] Safepoint "GenCollectForAllocation", Time since last: 27353552 ns, Reaching safepoint: 26024 ns, At safepoint: 1430005986 ns, Total: 1430032010 ns
[2020-02-21T01:22:28.938+0000][1][safepoint    ] Safepoint "RevokeBias", Time since last: 457562161 ns, Reaching safepoint: 83541 ns, At safepoint: 56374 ns, Total: 139915 ns
[2020-02-21T01:22:29.382+0000][1][safepoint    ] Safepoint "RevokeBias", Time since last: 443830373 ns, Reaching safepoint: 30733 ns, At safepoint: 44906 ns, Total: 75639 ns
[2020-02-21T01:22:29.454+0000][1][safepoint    ] Safepoint "RevokeBias", Time since last: 71338903 ns, Reaching safepoint: 22663 ns, At safepoint: 24422 ns, Total: 47085 ns
[2020-02-21T01:22:29.565+0000][1][safepoint    ] Safepoint "RevokeBias", Time since last: 85977845 ns, Reaching safepoint: 24900664 ns, At safepoint: 37461 ns, Total: 24938125 ns
[2020-02-21T01:22:29.583+0000][1][safepoint    ] Safepoint "RevokeBias", Time since last: 18608295 ns, Reaching safepoint: 23836 ns, At safepoint: 68279 ns, Total: 92115 ns
[2020-02-21T01:22:30.589+0000][1][safepoint    ] Safepoint "Cleanup", Time since last: 1006019467 ns, Reaching safepoint: 72007 ns, At safepoint: 9426 ns, Total: 81433 ns
[2020-02-21T01:22:31.609+0000][1][safepoint    ] Safepoint "Cleanup", Time since last: 1003126149 ns, Reaching safepoint: 16863766 ns, At safepoint: 10010 ns, Total: 16873776 ns
[2020-02-21T01:22:31.996+0000][1][gc,start     ] GC(20) Pause Young (Allocation Failure)
[2020-02-21T01:22:31.996+0000][1][gc,task      ] GC(20) Using 1 workers of 1 for evacuation
[2020-02-21T01:22:33.140+0000][1][gc,age       ] GC(20) Desired survivor size 4358144 bytes, new threshold 6 (max threshold 6)
[2020-02-21T01:22:33.140+0000][1][gc,age       ] GC(20) Age table with threshold 6 (max threshold 6)
[2020-02-21T01:22:33.140+0000][1][gc,age       ] GC(20) - age   1:    1182016 bytes,    1182016 total
[2020-02-21T01:22:33.140+0000][1][gc,heap      ] GC(20) ParNew: 76417K->7113K(76672K)
[2020-02-21T01:22:33.140+0000][1][gc,heap      ] GC(20) CMS: 39303K->46039K(963392K)
[2020-02-21T01:22:33.140+0000][1][gc,metaspace ] GC(20) Metaspace: 34235K->34235K(1081344K)
[2020-02-21T01:22:33.140+0000][1][gc           ] GC(20) Pause Young (Allocation Failure) 113M->51M(1015M) 1143.674ms
[2020-02-21T01:22:33.140+0000][1][gc,cpu       ] GC(20) User=0.01s Sys=0.08s Real=1.14s
[2020-02-21T01:22:33.140+0000][1][safepoint    ] Safepoint "GenCollectForAllocation", Time since last: 387003189 ns, Reaching safepoint: 29638 ns, At safepoint: 1143713590 ns, Total: 1143743228 ns
[2020-02-21T01:22:34.150+0000][1][safepoint    ] Safepoint "Cleanup", Time since last: 1003800353 ns, Reaching safepoint: 6216529 ns, At safepoint: 12148 ns, Total: 6228677 ns
[2020-02-21T01:22:35.176+0000][1][safepoint    ] Safepoint "Cleanup", Time since last: 1024461745 ns, Reaching safepoint: 1386101 ns, At safepoint: 27602 ns, Total: 1413703 ns
[2020-02-21T01:22:36.244+0000][1][safepoint    ] Safepoint "Cleanup", Time since last: 1055499691 ns, Reaching safepoint: 12482402 ns, At safepoint: 263011 ns, Total: 12745413 ns
[2020-02-21T01:22:36.645+0000][1][safepoint    ] Safepoint "CollectForMetadataAllocation", Time since last: 400818408 ns, Reaching safepoint: 31934 ns, At safepoint: 283846 ns, Total: 315780 ns
[2020-02-21T01:22:36.944+0000][1][safepoint    ] Safepoint "CollectForMetadataAllocation", Time since last: 298938076 ns, Reaching safepoint: 35547 ns, At safepoint: 78490 ns, Total: 114037 ns
[2020-02-21T01:22:37.177+0000][1][gc,start     ] GC(21) Pause Initial Mark
[2020-02-21T01:22:37.416+0000][1][gc           ] GC(21) Pause Initial Mark 117M->117M(1015M) 238.491ms
[2020-02-21T01:22:37.416+0000][1][gc,cpu       ] GC(21) User=0.07s Sys=0.00s Real=0.23s
[2020-02-21T01:22:37.416+0000][1][safepoint    ] Safepoint "CMS_Initial_Mark", Time since last: 232655896 ns, Reaching safepoint: 40610 ns, At safepoint: 238575733 ns, Total: 238616343 ns
[2020-02-21T01:22:37.455+0000][1][gc           ] GC(21) Concurrent Mark
[2020-02-21T01:22:37.716+0000][1][safepoint    ] Safepoint "CollectForMetadataAllocation", Time since last: 299657560 ns, Reaching safepoint: 58795 ns, At safepoint: 320420 ns, Total: 379215 ns
[2020-02-21T01:22:38.030+0000][1][gc           ] GC(21) Concurrent Mark 574.808ms
[2020-02-21T01:22:38.030+0000][1][gc,cpu       ] GC(21) User=0.14s Sys=0.00s Real=0.58s
[2020-02-21T01:22:38.030+0000][1][gc           ] GC(21) Concurrent Preclean
[2020-02-21T01:22:38.303+0000][1][gc           ] GC(21) Concurrent Preclean 273.208ms
[2020-02-21T01:22:38.303+0000][1][gc,cpu       ] GC(21) User=0.05s Sys=0.01s Real=0.27s
[2020-02-21T01:22:38.303+0000][1][gc           ] GC(21) Concurrent Abortable Preclean
[2020-02-21T01:22:38.591+0000][1][safepoint    ] Safepoint "CollectForMetadataAllocation", Time since last: 875455152 ns, Reaching safepoint: 58171 ns, At safepoint: 214823 ns, Total: 272994 ns
[2020-02-21T01:22:38.618+0000][1][gc,start     ] GC(22) Pause Young (Allocation Failure)
[2020-02-21T01:22:38.618+0000][1][gc,task      ] GC(22) Using 1 workers of 1 for evacuation
[2020-02-21T01:22:38.718+0000][1][gc,age       ] GC(22) Desired survivor size 4358144 bytes, new threshold 6 (max threshold 6)
[2020-02-21T01:22:38.718+0000][1][gc,age       ] GC(22) Age table with threshold 6 (max threshold 6)
[2020-02-21T01:22:38.718+0000][1][gc,age       ] GC(22) - age   1:    1833080 bytes,    1833080 total
[2020-02-21T01:22:38.718+0000][1][gc,age       ] GC(22) - age   2:    1120704 bytes,    2953784 total
[2020-02-21T01:22:38.718+0000][1][gc,heap      ] GC(22) ParNew: 75273K->3989K(76672K)
[2020-02-21T01:22:38.718+0000][1][gc,heap      ] GC(22) CMS: 46039K->46039K(963392K)
[2020-02-21T01:22:38.718+0000][1][gc,metaspace ] GC(22) Metaspace: 35718K->35718K(1083392K)
[2020-02-21T01:22:38.718+0000][1][gc           ] GC(22) Pause Young (Allocation Failure) 118M->48M(1015M) 100.359ms
[2020-02-21T01:22:38.718+0000][1][gc,cpu       ] GC(22) User=0.03s Sys=0.00s Real=0.10s
[2020-02-21T01:22:38.718+0000][1][safepoint    ] Safepoint "GenCollectForAllocation", Time since last: 26364637 ns, Reaching safepoint: 50230 ns, At safepoint: 100443402 ns, Total: 100493632 ns
[2020-02-21T01:22:39.071+0000][1][safepoint    ] Safepoint "CollectForMetadataAllocation", Time since last: 338183356 ns, Reaching safepoint: 14618230 ns, At safepoint: 232501 ns, Total: 14850731 ns
[2020-02-21T01:22:39.539+0000][1][safepoint    ] Safepoint "CollectForMetadataAllocation", Time since last: 467256244 ns, Reaching safepoint: 37971 ns, At safepoint: 159412 ns, Total: 197383 ns
[2020-02-21T01:22:39.823+0000][1][safepoint    ] Safepoint "CollectForMetadataAllocation", Time since last: 284225854 ns, Reaching safepoint: 47535 ns, At safepoint: 249022 ns, Total: 296557 ns
[2020-02-21T01:22:40.067+0000][1][safepoint    ] Safepoint "CollectForMetadataAllocation", Time since last: 243133979 ns, Reaching safepoint: 25864 ns, At safepoint: 111627 ns, Total: 137491 ns
[2020-02-21T01:22:40.321+0000][1][safepoint    ] Safepoint "CollectForMetadataAllocation", Time since last: 253928168 ns, Reaching safepoint: 53554 ns, At safepoint: 301662 ns, Total: 355216 ns
[2020-02-21T01:22:40.522+0000][1][safepoint    ] Safepoint "CollectForMetadataAllocation", Time since last: 200639843 ns, Reaching safepoint: 65501 ns, At safepoint: 131106 ns, Total: 196607 ns
[2020-02-21T01:22:40.758+0000][1][safepoint    ] Safepoint "CollectForMetadataAllocation", Time since last: 235617897 ns, Reaching safepoint: 48784 ns, At safepoint: 218163 ns, Total: 266947 ns
[2020-02-21T01:22:40.917+0000][1][safepoint    ] Safepoint "RevokeBias", Time since last: 159041476 ns, Reaching safepoint: 40128 ns, At safepoint: 55993 ns, Total: 96121 ns
[2020-02-21T01:22:41.016+0000][1][safepoint    ] Safepoint "Deoptimize", Time since last: 98619736 ns, Reaching safepoint: 55348 ns, At safepoint: 1004791 ns, Total: 1060139 ns
[2020-02-21T01:22:41.198+0000][1][safepoint    ] Safepoint "CollectForMetadataAllocation", Time since last: 181085207 ns, Reaching safepoint: 42943 ns, At safepoint: 135208 ns, Total: 178151 ns
[2020-02-21T01:22:41.607+0000][1][safepoint    ] Safepoint "CollectForMetadataAllocation", Time since last: 409199221 ns, Reaching safepoint: 410106 ns, At safepoint: 114808 ns, Total: 524914 ns
[2020-02-21T01:22:41.760+0000][1][safepoint    ] Safepoint "CollectForMetadataAllocation", Time since last: 152531832 ns, Reaching safepoint: 41391 ns, At safepoint: 108840 ns, Total: 150231 ns
[2020-02-21T01:22:41.948+0000][1][safepoint    ] Safepoint "CollectForMetadataAllocation", Time since last: 187596786 ns, Reaching safepoint: 28738 ns, At safepoint: 111404 ns, Total: 140142 ns
[2020-02-21T01:22:42.058+0000][1][safepoint    ] Safepoint "CollectForMetadataAllocation", Time since last: 110294722 ns, Reaching safepoint: 35803 ns, At safepoint: 112031 ns, Total: 147834 ns
[2020-02-21T01:22:42.323+0000][1][safepoint    ] Safepoint "CollectForMetadataAllocation", Time since last: 248986704 ns, Reaching safepoint: 16040534 ns, At safepoint: 127028 ns, Total: 16167562 ns
[2020-02-21T01:22:42.565+0000][1][safepoint    ] Safepoint "CollectForMetadataAllocation", Time since last: 241018158 ns, Reaching safepoint: 28933 ns, At safepoint: 174410 ns, Total: 203343 ns
[2020-02-21T01:22:42.760+0000][1][safepoint    ] Safepoint "CollectForMetadataAllocation", Time since last: 174558771 ns, Reaching safepoint: 20798067 ns, At safepoint: 485280 ns, Total: 21283347 ns
[2020-02-21T01:22:43.049+0000][1][safepoint    ] Safepoint "CollectForMetadataAllocation", Time since last: 282292241 ns, Reaching safepoint: 5864420 ns, At safepoint: 179739 ns, Total: 6044159 ns
[2020-02-21T01:22:43.232+0000][1][safepoint    ] Safepoint "CollectForMetadataAllocation", Time since last: 182636030 ns, Reaching safepoint: 20181 ns, At safepoint: 141483 ns, Total: 161664 ns
[2020-02-21T01:22:43.361+0000][1][gc           ] GC(21) Concurrent Abortable Preclean 5058.051ms
[2020-02-21T01:22:43.361+0000][1][gc,cpu       ] GC(21) User=1.39s Sys=0.05s Real=5.06s
[2020-02-21T01:22:43.375+0000][1][gc,start     ] GC(21) Pause Remark
[2020-02-21T01:22:43.421+0000][1][gc           ] GC(21) Pause Remark 73M->73M(1015M) 45.760ms
[2020-02-21T01:22:43.421+0000][1][gc,cpu       ] GC(21) User=0.02s Sys=0.00s Real=0.05s
[2020-02-21T01:22:43.421+0000][1][safepoint    ] Safepoint "CMS_Final_Remark", Time since last: 129763061 ns, Reaching safepoint: 13606012 ns, At safepoint: 45852810 ns, Total: 59458822 ns
[2020-02-21T01:22:43.457+0000][1][gc           ] GC(21) Concurrent Sweep
[2020-02-21T01:22:43.605+0000][1][safepoint    ] Safepoint "CollectForMetadataAllocation", Time since last: 183753866 ns, Reaching safepoint: 614447 ns, At safepoint: 10962 ns, Total: 625409 ns
[2020-02-21T01:22:43.626+0000][1][safepoint    ] Safepoint "CollectForMetadataAllocation", Time since last: 20427206 ns, Reaching safepoint: 33504 ns, At safepoint: 113486 ns, Total: 146990 ns
[2020-02-21T01:22:43.662+0000][1][gc           ] GC(21) Concurrent Sweep 205.436ms
[2020-02-21T01:22:43.662+0000][1][gc,cpu       ] GC(21) User=0.07s Sys=0.00s Real=0.20s
[2020-02-21T01:22:43.663+0000][1][gc           ] GC(21) Concurrent Reset
[2020-02-21T01:22:43.664+0000][1][gc           ] GC(21) Concurrent Reset 1.075ms
[2020-02-21T01:22:43.664+0000][1][gc,cpu       ] GC(21) User=0.00s Sys=0.00s Real=0.00s
[2020-02-21T01:22:43.664+0000][1][gc,heap      ] GC(21) Old: 46039K->45830K(963392K)
[2020-02-21T01:22:44.636+0000][1][safepoint    ] Safepoint "Cleanup", Time since last: 1003487795 ns, Reaching safepoint: 6692019 ns, At safepoint: 25699 ns, Total: 6717718 ns
[2020-02-21T01:22:46.588+0000][1][safepoint    ] Safepoint "RevokeBias", Time since last: 1906369450 ns, Reaching safepoint: 45234069 ns, At safepoint: 70085 ns, Total: 45304154 ns
[2020-02-21T01:22:47.687+0000][1][safepoint    ] Safepoint "Cleanup", Time since last: 1090992271 ns, Reaching safepoint: 8572682 ns, At safepoint: 38288 ns, Total: 8610970 ns
[2020-02-21T01:22:48.728+0000][1][safepoint    ] Safepoint "Cleanup", Time since last: 1004018456 ns, Reaching safepoint: 37208548 ns, At safepoint: 11797 ns, Total: 37220345 ns
[2020-02-21T01:22:51.669+0000][1][safepoint    ] Safepoint "RevokeBias", Time since last: 2930174953 ns, Reaching safepoint: 10109810 ns, At safepoint: 50215 ns, Total: 10160025 ns
[2020-02-21T01:22:51.679+0000][1][safepoint    ] Safepoint "RevokeBias", Time since last: 268458 ns, Reaching safepoint: 9554601 ns, At safepoint: 45315 ns, Total: 9599916 ns
[2020-02-21T01:22:51.689+0000][1][safepoint    ] Safepoint "RevokeBias", Time since last: 228705 ns, Reaching safepoint: 9728850 ns, At safepoint: 114824 ns, Total: 9843674 ns
[2020-02-21T01:22:51.699+0000][1][safepoint    ] Safepoint "RevokeBias", Time since last: 304516 ns, Reaching safepoint: 9510930 ns, At safepoint: 46144 ns, Total: 9557074 ns
[2020-02-21T01:22:51.709+0000][1][safepoint    ] Safepoint "RevokeBias", Time since last: 271951 ns, Reaching safepoint: 9581133 ns, At safepoint: 46163 ns, Total: 9627296 ns
[2020-02-21T01:22:51.719+0000][1][safepoint    ] Safepoint "RevokeBias", Time since last: 212199 ns, Reaching safepoint: 9949391 ns, At safepoint: 114539 ns, Total: 10063930 ns
[2020-02-21T01:22:51.729+0000][1][safepoint    ] Safepoint "RevokeBias", Time since last: 218200 ns, Reaching safepoint: 9635137 ns, At safepoint: 111200 ns, Total: 9746337 ns
[2020-02-21T01:22:51.739+0000][1][safepoint    ] Safepoint "RevokeBias", Time since last: 116450 ns, Reaching safepoint: 9636858 ns, At safepoint: 36748 ns, Total: 9673606 ns
[2020-02-21T01:22:51.749+0000][1][safepoint    ] Safepoint "RevokeBias", Time since last: 93398 ns, Reaching safepoint: 9919175 ns, At safepoint: 45794 ns, Total: 9964969 ns
[2020-02-21T01:22:51.759+0000][1][safepoint    ] Safepoint "RevokeBias", Time since last: 79031 ns, Reaching safepoint: 9781512 ns, At safepoint: 48884 ns, Total: 9830396 ns
[2020-02-21T01:22:51.768+0000][1][safepoint    ] Safepoint "RevokeBias", Time since last: 108043 ns, Reaching safepoint: 9811750 ns, At safepoint: 41734 ns, Total: 9853484 ns
[2020-02-21T01:22:52.781+0000][1][safepoint    ] Safepoint "Cleanup", Time since last: 1005868522 ns, Reaching safepoint: 6673944 ns, At safepoint: 11509 ns, Total: 6685453 ns
[2020-02-21T01:22:53.003+0000][1][gc,start     ] GC(23) Pause Young (Allocation Failure)
[2020-02-21T01:22:53.003+0000][1][gc,task      ] GC(23) Using 1 workers of 1 for evacuation
[2020-02-21T01:22:53.084+0000][1][gc,age       ] GC(23) Desired survivor size 4358144 bytes, new threshold 2 (max threshold 6)
[2020-02-21T01:22:53.085+0000][1][gc,age       ] GC(23) Age table with threshold 2 (max threshold 6)
[2020-02-21T01:22:53.085+0000][1][gc,age       ] GC(23) - age   1:    2756976 bytes,    2756976 total
[2020-02-21T01:22:53.085+0000][1][gc,age       ] GC(23) - age   2:    1808736 bytes,    4565712 total
[2020-02-21T01:22:53.085+0000][1][gc,age       ] GC(23) - age   3:    1118392 bytes,    5684104 total
[2020-02-21T01:22:53.085+0000][1][gc,heap      ] GC(23) ParNew: 72149K->7986K(76672K)
[2020-02-21T01:22:53.085+0000][1][gc,heap      ] GC(23) CMS: 45830K->45830K(963392K)
[2020-02-21T01:22:53.085+0000][1][gc,metaspace ] GC(23) Metaspace: 44721K->44721K(1091584K)
[2020-02-21T01:22:53.085+0000][1][gc           ] GC(23) Pause Young (Allocation Failure) 115M->52M(1015M) 81.410ms
[2020-02-21T01:22:53.085+0000][1][gc,cpu       ] GC(23) User=0.04s Sys=0.01s Real=0.08s
[2020-02-21T01:22:53.085+0000][1][safepoint    ] Safepoint "GenCollectForAllocation", Time since last: 222110822 ns, Reaching safepoint: 35388 ns, At safepoint: 81458283 ns, Total: 81493671 ns
[2020-02-21T01:22:53.193+0000][1][safepoint    ] Safepoint "RevokeBias", Time since last: 108214259 ns, Reaching safepoint: 72758 ns, At safepoint: 20587 ns, Total: 93345 ns
[2020-02-21T01:22:53.193+0000][1][safepoint    ] Safepoint "RevokeBias", Time since last: 81429 ns, Reaching safepoint: 15756 ns, At safepoint: 10564 ns, Total: 26320 ns
[2020-02-21T01:22:53.193+0000][1][safepoint    ] Safepoint "RevokeBias", Time since last: 45605 ns, Reaching safepoint: 13703 ns, At safepoint: 23208 ns, Total: 36911 ns
[2020-02-21T01:22:53.193+0000][1][safepoint    ] Safepoint "RevokeBias", Time since last: 29554 ns, Reaching safepoint: 13391 ns, At safepoint: 8780 ns, Total: 22171 ns
[2020-02-21T01:22:54.367+0000][1][safepoint    ] Safepoint "Cleanup", Time since last: 1005568222 ns, Reaching safepoint: 168507136 ns, At safepoint: 8090 ns, Total: 168515226 ns
[2020-02-21T01:22:55.369+0000][1][safepoint    ] Safepoint "Cleanup", Time since last: 1001403417 ns, Reaching safepoint: 181477 ns, At safepoint: 15439 ns, Total: 196916 ns
[2020-02-21T01:22:56.370+0000][1][safepoint    ] Safepoint "Cleanup", Time since last: 1001167623 ns, Reaching safepoint: 77299 ns, At safepoint: 9331 ns, Total: 86630 ns
[2020-02-21T01:22:56.711+0000][1][safepoint    ] Safepoint "RevokeBias", Time since last: 340482362 ns, Reaching safepoint: 25074 ns, At safepoint: 24124 ns, Total: 49198 ns
[2020-02-21T01:22:56.824+0000][1][safepoint    ] Safepoint "RevokeBias", Time since last: 113347914 ns, Reaching safepoint: 29052 ns, At safepoint: 37171 ns, Total: 66223 ns
[2020-02-21T01:22:57.829+0000][1][safepoint    ] Safepoint "Cleanup", Time since last: 1004434115 ns, Reaching safepoint: 112861 ns, At safepoint: 32083 ns, Total: 144944 ns
[2020-02-21T01:22:59.090+0000][1][safepoint    ] Safepoint "RevokeBias", Time since last: 1261160650 ns, Reaching safepoint: 33268 ns, At safepoint: 15424 ns, Total: 48692 ns
[2020-02-21T01:22:59.879+0000][1][safepoint    ] Safepoint "RevokeBias", Time since last: 788307308 ns, Reaching safepoint: 429794 ns, At safepoint: 60170 ns, Total: 489964 ns
[2020-02-21T01:22:59.879+0000][1][safepoint    ] Safepoint "BulkRevokeBias", Time since last: 239275 ns, Reaching safepoint: 29549 ns, At safepoint: 81771 ns, Total: 111320 ns
[2020-02-21T01:22:59.879+0000][1][safepoint    ] Safepoint "RevokeBias", Time since last: 50119 ns, Reaching safepoint: 22255 ns, At safepoint: 37161 ns, Total: 59416 ns
[2020-02-21T01:23:00.781+0000][1][safepoint    ] Safepoint "RevokeBias", Time since last: 901316291 ns, Reaching safepoint: 395705 ns, At safepoint: 41216 ns, Total: 436921 ns
[2020-02-21T01:23:00.789+0000][1][safepoint    ] Safepoint "RevokeBias", Time since last: 85666 ns, Reaching safepoint: 7586589 ns, At safepoint: 42759 ns, Total: 7629348 ns
[2020-02-21T01:23:00.799+0000][1][safepoint    ] Safepoint "RevokeBias", Time since last: 138575 ns, Reaching safepoint: 9994371 ns, At safepoint: 108730 ns, Total: 10103101 ns
[2020-02-21T01:23:00.919+0000][1][safepoint    ] Safepoint "RevokeBias", Time since last: 60145455 ns, Reaching safepoint: 59718569 ns, At safepoint: 65999 ns, Total: 59784568 ns
[2020-02-21T01:23:00.950+0000][1][safepoint    ] Safepoint "RevokeBias", Time since last: 3205506 ns, Reaching safepoint: 27654387 ns, At safepoint: 48921 ns, Total: 27703308 ns
[2020-02-21T01:23:00.950+0000][1][safepoint    ] Safepoint "RevokeBias", Time since last: 444470 ns, Reaching safepoint: 29402 ns, At safepoint: 38625 ns, Total: 68027 ns
[2020-02-21T01:23:00.952+0000][1][safepoint    ] Safepoint "RevokeBias", Time since last: 1478587 ns, Reaching safepoint: 34942 ns, At safepoint: 38770 ns, Total: 73712 ns
[2020-02-21T01:23:00.952+0000][1][safepoint    ] Safepoint "RevokeBias", Time since last: 121160 ns, Reaching safepoint: 25381 ns, At safepoint: 33266 ns, Total: 58647 ns
[2020-02-21T01:23:00.952+0000][1][safepoint    ] Safepoint "RevokeBias", Time since last: 33709 ns, Reaching safepoint: 20231 ns, At safepoint: 29740 ns, Total: 49971 ns
[2020-02-21T01:23:00.952+0000][1][safepoint    ] Safepoint "RevokeBias", Time since last: 29375 ns, Reaching safepoint: 19803 ns, At safepoint: 29012 ns, Total: 48815 ns
[2020-02-21T01:23:00.952+0000][1][safepoint    ] Safepoint "RevokeBias", Time since last: 26557 ns, Reaching safepoint: 19493 ns, At safepoint: 28932 ns, Total: 48425 ns
[2020-02-21T01:23:00.952+0000][1][safepoint    ] Safepoint "RevokeBias", Time since last: 26329 ns, Reaching safepoint: 19379 ns, At safepoint: 28524 ns, Total: 47903 ns
[2020-02-21T01:23:00.952+0000][1][safepoint    ] Safepoint "RevokeBias", Time since last: 26275 ns, Reaching safepoint: 19451 ns, At safepoint: 28574 ns, Total: 48025 ns
[2020-02-21T01:23:00.952+0000][1][safepoint    ] Safepoint "RevokeBias", Time since last: 26177 ns, Reaching safepoint: 19453 ns, At safepoint: 28473 ns, Total: 47926 ns
[2020-02-21T01:23:00.952+0000][1][safepoint    ] Safepoint "RevokeBias", Time since last: 26346 ns, Reaching safepoint: 19575 ns, At safepoint: 28588 ns, Total: 48163 ns
[2020-02-21T01:23:00.953+0000][1][safepoint    ] Safepoint "RevokeBias", Time since last: 26296 ns, Reaching safepoint: 32635 ns, At safepoint: 26375 ns, Total: 59010 ns
[2020-02-21T01:23:00.953+0000][1][safepoint    ] Safepoint "RevokeBias", Time since last: 34393 ns, Reaching safepoint: 18649 ns, At safepoint: 26596 ns, Total: 45245 ns
[2020-02-21T01:23:00.953+0000][1][safepoint    ] Safepoint "RevokeBias", Time since last: 27151 ns, Reaching safepoint: 17931 ns, At safepoint: 25967 ns, Total: 43898 ns
[2020-02-21T01:23:00.953+0000][1][safepoint    ] Safepoint "RevokeBias", Time since last: 122491 ns, Reaching safepoint: 25122 ns, At safepoint: 10003 ns, Total: 35125 ns
[2020-02-21T01:23:01.005+0000][1][safepoint    ] Safepoint "RevokeBias", Time since last: 51899449 ns, Reaching safepoint: 40549 ns, At safepoint: 59030 ns, Total: 99579 ns
[2020-02-21T01:23:01.005+0000][1][safepoint    ] Safepoint "RevokeBias", Time since last: 234947 ns, Reaching safepoint: 26572 ns, At safepoint: 33186 ns, Total: 59758 ns
[2020-02-21T01:23:01.005+0000][1][safepoint    ] Safepoint "RevokeBias", Time since last: 51301 ns, Reaching safepoint: 32854 ns, At safepoint: 100448 ns, Total: 133302 ns
[2020-02-21T01:23:01.006+0000][1][safepoint    ] Safepoint "RevokeBias", Time since last: 336897 ns, Reaching safepoint: 22463 ns, At safepoint: 22984 ns, Total: 45447 ns
[2020-02-21T01:23:01.006+0000][1][safepoint    ] Safepoint "RevokeBias", Time since last: 29692 ns, Reaching safepoint: 17803 ns, At safepoint: 20383 ns, Total: 38186 ns
[2020-02-21T01:23:01.006+0000][1][safepoint    ] Safepoint "RevokeBias", Time since last: 24583 ns, Reaching safepoint: 17301 ns, At safepoint: 19912 ns, Total: 37213 ns
[2020-02-21T01:23:01.006+0000][1][safepoint    ] Safepoint "RevokeBias", Time since last: 24064 ns, Reaching safepoint: 17213 ns, At safepoint: 19865 ns, Total: 37078 ns
[2020-02-21T01:23:01.006+0000][1][safepoint    ] Safepoint "RevokeBias", Time since last: 23718 ns, Reaching safepoint: 17253 ns, At safepoint: 19785 ns, Total: 37038 ns
[2020-02-21T01:23:01.006+0000][1][safepoint    ] Safepoint "RevokeBias", Time since last: 23852 ns, Reaching safepoint: 17140 ns, At safepoint: 19797 ns, Total: 36937 ns
[2020-02-21T01:23:01.006+0000][1][safepoint    ] Safepoint "BulkRevokeBias", Time since last: 24012 ns, Reaching safepoint: 17174 ns, At safepoint: 69908 ns, Total: 87082 ns
[2020-02-21T01:23:01.006+0000][1][safepoint    ] Safepoint "RevokeBias", Time since last: 162954 ns, Reaching safepoint: 19995 ns, At safepoint: 23213 ns, Total: 43208 ns
[2020-02-21T01:23:01.006+0000][1][safepoint    ] Safepoint "RevokeBias", Time since last: 71875 ns, Reaching safepoint: 18875 ns, At safepoint: 41101 ns, Total: 59976 ns
[2020-02-21T01:23:01.007+0000][1][safepoint    ] Safepoint "RevokeBias", Time since last: 50174 ns, Reaching safepoint: 20661 ns, At safepoint: 43081 ns, Total: 63742 ns
[2020-02-21T01:23:01.007+0000][1][safepoint    ] Safepoint "RevokeBias", Time since last: 36449 ns, Reaching safepoint: 18688 ns, At safepoint: 41364 ns, Total: 60052 ns
[2020-02-21T01:23:01.007+0000][1][safepoint    ] Safepoint "RevokeBias", Time since last: 110186 ns, Reaching safepoint: 18842 ns, At safepoint: 39401 ns, Total: 58243 ns
[2020-02-21T01:23:01.007+0000][1][safepoint    ] Safepoint "RevokeBias", Time since last: 191761 ns, Reaching safepoint: 22738 ns, At safepoint: 21112 ns, Total: 43850 ns
[2020-02-21T01:23:01.007+0000][1][safepoint    ] Safepoint "RevokeBias", Time since last: 30280 ns, Reaching safepoint: 19203 ns, At safepoint: 19350 ns, Total: 38553 ns
[2020-02-21T01:23:01.007+0000][1][safepoint    ] Safepoint "RevokeBias", Time since last: 23921 ns, Reaching safepoint: 19150 ns, At safepoint: 18931 ns, Total: 38081 ns
[2020-02-21T01:23:01.007+0000][1][safepoint    ] Safepoint "RevokeBias", Time since last: 23714 ns, Reaching safepoint: 18936 ns, At safepoint: 18843 ns, Total: 37779 ns
[2020-02-21T01:23:01.007+0000][1][safepoint    ] Safepoint "RevokeBias", Time since last: 23575 ns, Reaching safepoint: 18923 ns, At safepoint: 18898 ns, Total: 37821 ns
[2020-02-21T01:23:01.007+0000][1][safepoint    ] Safepoint "RevokeBias", Time since last: 24800 ns, Reaching safepoint: 18965 ns, At safepoint: 18804 ns, Total: 37769 ns
[2020-02-21T01:23:01.007+0000][1][safepoint    ] Safepoint "RevokeBias", Time since last: 24870 ns, Reaching safepoint: 19170 ns, At safepoint: 18825 ns, Total: 37995 ns
[2020-02-21T01:23:01.008+0000][1][safepoint    ] Safepoint "RevokeBias", Time since last: 23713 ns, Reaching safepoint: 19051 ns, At safepoint: 18806 ns, Total: 37857 ns
[2020-02-21T01:23:01.008+0000][1][safepoint    ] Safepoint "RevokeBias", Time since last: 23854 ns, Reaching safepoint: 18918 ns, At safepoint: 18751 ns, Total: 37669 ns
[2020-02-21T01:23:01.008+0000][1][safepoint    ] Safepoint "RevokeBias", Time since last: 24980 ns, Reaching safepoint: 19055 ns, At safepoint: 18823 ns, Total: 37878 ns
[2020-02-21T01:23:01.008+0000][1][safepoint    ] Safepoint "RevokeBias", Time since last: 23561 ns, Reaching safepoint: 18898 ns, At safepoint: 18715 ns, Total: 37613 ns
[2020-02-21T01:23:01.008+0000][1][safepoint    ] Safepoint "RevokeBias", Time since last: 23481 ns, Reaching safepoint: 18881 ns, At safepoint: 18795 ns, Total: 37676 ns
[2020-02-21T01:23:01.008+0000][1][safepoint    ] Safepoint "RevokeBias", Time since last: 23389 ns, Reaching safepoint: 18956 ns, At safepoint: 18633 ns, Total: 37589 ns
[2020-02-21T01:23:01.008+0000][1][safepoint    ] Safepoint "RevokeBias", Time since last: 23473 ns, Reaching safepoint: 18923 ns, At safepoint: 18729 ns, Total: 37652 ns
[2020-02-21T01:23:01.008+0000][1][safepoint    ] Safepoint "RevokeBias", Time since last: 23579 ns, Reaching safepoint: 19013 ns, At safepoint: 18736 ns, Total: 37749 ns
[2020-02-21T01:23:01.008+0000][1][safepoint    ] Safepoint "BulkRevokeBias", Time since last: 23815 ns, Reaching safepoint: 18874 ns, At safepoint: 71567 ns, Total: 90441 ns
[2020-02-21T01:23:01.010+0000][1][safepoint    ] Safepoint "RevokeBias", Time since last: 1554879 ns, Reaching safepoint: 81801 ns, At safepoint: 144693 ns, Total: 226494 ns
[2020-02-21T01:23:01.011+0000][1][safepoint    ] Safepoint "RevokeBias", Time since last: 702229 ns, Reaching safepoint: 28721 ns, At safepoint: 26593 ns, Total: 55314 ns
[2020-02-21T01:23:01.011+0000][1][safepoint    ] Safepoint "RevokeBias", Time since last: 124270 ns, Reaching safepoint: 20244 ns, At safepoint: 22144 ns, Total: 42388 ns
[2020-02-21T01:23:01.014+0000][1][safepoint    ] Safepoint "RevokeBias", Time since last: 2714379 ns, Reaching safepoint: 29859 ns, At safepoint: 34763 ns, Total: 64622 ns
[2020-02-21T01:23:01.014+0000][1][safepoint    ] Safepoint "RevokeBias", Time since last: 40471 ns, Reaching safepoint: 18332 ns, At safepoint: 27621 ns, Total: 45953 ns
[2020-02-21T01:23:01.014+0000][1][safepoint    ] Safepoint "RevokeBias", Time since last: 25158 ns, Reaching safepoint: 17402 ns, At safepoint: 26183 ns, Total: 43585 ns
[2020-02-21T01:23:01.014+0000][1][safepoint    ] Safepoint "RevokeBias", Time since last: 209805 ns, Reaching safepoint: 20810 ns, At safepoint: 27507 ns, Total: 48317 ns
[2020-02-21T01:23:01.014+0000][1][safepoint    ] Safepoint "RevokeBias", Time since last: 87905 ns, Reaching safepoint: 19412 ns, At safepoint: 27124 ns, Total: 46536 ns
[2020-02-21T01:23:01.014+0000][1][safepoint    ] Safepoint "RevokeBias", Time since last: 277489 ns, Reaching safepoint: 21559 ns, At safepoint: 28882 ns, Total: 50441 ns
[2020-02-21T01:23:01.015+0000][1][safepoint    ] Safepoint "RevokeBias", Time since last: 373362 ns, Reaching safepoint: 42665 ns, At safepoint: 100711 ns, Total: 143376 ns
[2020-02-21T01:23:01.015+0000][1][safepoint    ] Safepoint "RevokeBias", Time since last: 77736 ns, Reaching safepoint: 21593 ns, At safepoint: 29274 ns, Total: 50867 ns
[2020-02-21T01:23:01.015+0000][1][safepoint    ] Safepoint "RevokeBias", Time since last: 176226 ns, Reaching safepoint: 21203 ns, At safepoint: 28253 ns, Total: 49456 ns
[2020-02-21T01:23:01.020+0000][1][safepoint    ] Safepoint "RevokeBias", Time since last: 5059571 ns, Reaching safepoint: 54337 ns, At safepoint: 39919 ns, Total: 94256 ns
[2020-02-21T01:23:01.021+0000][1][safepoint    ] Safepoint "RevokeBias", Time since last: 60536 ns, Reaching safepoint: 27280 ns, At safepoint: 29025 ns, Total: 56305 ns
[2020-02-21T01:23:01.021+0000][1][safepoint    ] Safepoint "RevokeBias", Time since last: 31946 ns, Reaching safepoint: 23696 ns, At safepoint: 27237 ns, Total: 50933 ns
[2020-02-21T01:23:01.021+0000][1][safepoint    ] Safepoint "RevokeBias", Time since last: 26665 ns, Reaching safepoint: 23240 ns, At safepoint: 26182 ns, Total: 49422 ns
[2020-02-21T01:23:01.021+0000][1][safepoint    ] Safepoint "RevokeBias", Time since last: 237662 ns, Reaching safepoint: 22273 ns, At safepoint: 27609 ns, Total: 49882 ns
[2020-02-21T01:23:01.957+0000][1][safepoint    ] Safepoint "RevokeBias", Time since last: 936128478 ns, Reaching safepoint: 109052 ns, At safepoint: 15300 ns, Total: 124352 ns
[2020-02-21T01:23:02.496+0000][1][gc,start     ] GC(24) Pause Young (Allocation Failure)
[2020-02-21T01:23:02.496+0000][1][gc,task      ] GC(24) Using 1 workers of 1 for evacuation
[2020-02-21T01:23:06.447+0000][1][gc,age       ] GC(24) Desired survivor size 4358144 bytes, new threshold 2 (max threshold 6)
[2020-02-21T01:23:06.447+0000][1][gc,age       ] GC(24) Age table with threshold 2 (max threshold 6)
[2020-02-21T01:23:06.447+0000][1][gc,age       ] GC(24) - age   1:    2727760 bytes,    2727760 total
[2020-02-21T01:23:06.447+0000][1][gc,age       ] GC(24) - age   2:    2590776 bytes,    5318536 total
[2020-02-21T01:23:06.447+0000][1][gc,heap      ] GC(24) ParNew: 76146K->8512K(76672K)
[2020-02-21T01:23:06.447+0000][1][gc,heap      ] GC(24) CMS: 45830K->48762K(963392K)
[2020-02-21T01:23:06.447+0000][1][gc,metaspace ] GC(24) Metaspace: 49856K->49856K(1095680K)
[2020-02-21T01:23:06.448+0000][1][gc           ] GC(24) Pause Young (Allocation Failure) 119M->55M(1015M) 3951.477ms
[2020-02-21T01:23:06.448+0000][1][gc,cpu       ] GC(24) User=0.03s Sys=0.05s Real=3.96s
[2020-02-21T01:23:06.448+0000][1][safepoint    ] Safepoint "GenCollectForAllocation", Time since last: 538722744 ns, Reaching safepoint: 52044 ns, At safepoint: 3951597879 ns, Total: 3951649923 ns
[2020-02-21T01:23:06.489+0000][1][safepoint    ] Safepoint "RevokeBias", Time since last: 38206097 ns, Reaching safepoint: 2832408 ns, At safepoint: 15528 ns, Total: 2847936 ns
[2020-02-21T01:23:06.512+0000][1][safepoint    ] Safepoint "RevokeBias", Time since last: 16742340 ns, Reaching safepoint: 6817413 ns, At safepoint: 21254 ns, Total: 6838667 ns
[2020-02-21T01:23:06.808+0000][1][safepoint    ] Safepoint "RevokeBias", Time since last: 296162983 ns, Reaching safepoint: 37120 ns, At safepoint: 11652 ns, Total: 48772 ns
[2020-02-21T01:23:06.809+0000][1][safepoint    ] Safepoint "RevokeBias", Time since last: 162240 ns, Reaching safepoint: 13108 ns, At safepoint: 6566 ns, Total: 19674 ns
[2020-02-21T01:23:06.809+0000][1][safepoint    ] Safepoint "RevokeBias", Time since last: 270937 ns, Reaching safepoint: 10458 ns, At safepoint: 5759 ns, Total: 16217 ns
[2020-02-21T01:23:06.809+0000][1][safepoint    ] Safepoint "RevokeBias", Time since last: 47455 ns, Reaching safepoint: 8340 ns, At safepoint: 5236 ns, Total: 13576 ns
[2020-02-21T01:23:07.264+0000][1][safepoint    ] Safepoint "RevokeBias", Time since last: 454643996 ns, Reaching safepoint: 399989 ns, At safepoint: 41031 ns, Total: 441020 ns
[2020-02-21T01:23:07.264+0000][1][safepoint    ] Safepoint "BulkRevokeBias", Time since last: 92799 ns, Reaching safepoint: 26561 ns, At safepoint: 82217 ns, Total: 108778 ns
[2020-02-21T01:23:07.264+0000][1][safepoint    ] Safepoint "RevokeBias", Time since last: 63673 ns, Reaching safepoint: 19763 ns, At safepoint: 23977 ns, Total: 43740 ns
[2020-02-21T01:23:07.429+0000][1][safepoint    ] Safepoint "RevokeBias", Time since last: 164905651 ns, Reaching safepoint: 112127 ns, At safepoint: 20111 ns, Total: 132238 ns
[2020-02-21T01:23:07.437+0000][1][safepoint    ] Safepoint "RevokeBias", Time since last: 5222371 ns, Reaching safepoint: 1921332 ns, At safepoint: 20636 ns, Total: 1941968 ns
[2020-02-21T01:23:07.443+0000][1][safepoint    ] Safepoint "RevokeBias", Time since last: 185680 ns, Reaching safepoint: 6570413 ns, At safepoint: 28156 ns, Total: 6598569 ns
[2020-02-21T01:23:07.665+0000][1][safepoint    ] Safepoint "RevokeBias", Time since last: 221863387 ns, Reaching safepoint: 55771 ns, At safepoint: 16367 ns, Total: 72138 ns
[2020-02-21T01:23:07.977+0000][1][safepoint    ] Safepoint "RevokeBias", Time since last: 312023600 ns, Reaching safepoint: 50813 ns, At safepoint: 40321 ns, Total: 91134 ns
[2020-02-21T01:23:08.978+0000][1][safepoint    ] Safepoint "Cleanup", Time since last: 1000756012 ns, Reaching safepoint: 148647 ns, At safepoint: 7649 ns, Total: 156296 ns
[2020-02-21T01:23:10.192+0000][1][safepoint    ] Safepoint "RevokeBias", Time since last: 1213978532 ns, Reaching safepoint: 47186 ns, At safepoint: 12629 ns, Total: 59815 ns
[2020-02-21T01:23:10.192+0000][1][safepoint    ] Safepoint "RevokeBias", Time since last: 64524 ns, Reaching safepoint: 24441 ns, At safepoint: 7841 ns, Total: 32282 ns
[2020-02-21T01:23:11.193+0000][1][safepoint    ] Safepoint "Cleanup", Time since last: 1000439371 ns, Reaching safepoint: 399799 ns, At safepoint: 14073 ns, Total: 413872 ns
[2020-02-21T01:23:12.262+0000][1][safepoint    ] Safepoint "Cleanup", Time since last: 1000556406 ns, Reaching safepoint: 68322653 ns, At safepoint: 9820 ns, Total: 68332473 ns
[2020-02-21T01:23:14.267+0000][1][safepoint    ] Safepoint "Cleanup", Time since last: 2005087254 ns, Reaching safepoint: 80152 ns, At safepoint: 6755 ns, Total: 86907 ns
[2020-02-21T01:23:15.278+0000][1][safepoint    ] Safepoint "Cleanup", Time since last: 1010923802 ns, Reaching safepoint: 80254 ns, At safepoint: 7592 ns, Total: 87846 ns
[2020-02-21T01:23:15.651+0000][1][gc,start     ] GC(25) Pause Young (Allocation Failure)
[2020-02-21T01:23:15.651+0000][1][gc,task      ] GC(25) Using 1 workers of 1 for evacuation
[2020-02-21T01:23:17.535+0000][1][gc,age       ] GC(25) Desired survivor size 4358144 bytes, new threshold 6 (max threshold 6)
[2020-02-21T01:23:17.535+0000][1][gc,age       ] GC(25) Age table with threshold 6 (max threshold 6)
[2020-02-21T01:23:17.535+0000][1][gc,age       ] GC(25) - age   1:    1542048 bytes,    1542048 total
[2020-02-21T01:23:17.535+0000][1][gc,age       ] GC(25) - age   2:    2669800 bytes,    4211848 total
[2020-02-21T01:23:17.536+0000][1][gc,heap      ] GC(25) ParNew: 76672K->5102K(76672K)
[2020-02-21T01:23:17.536+0000][1][gc,heap      ] GC(25) CMS: 48762K->51367K(963392K)
[2020-02-21T01:23:17.536+0000][1][gc,metaspace ] GC(25) Metaspace: 56949K->56949K(1101824K)
[2020-02-21T01:23:17.536+0000][1][gc           ] GC(25) Pause Young (Allocation Failure) 122M->55M(1015M) 1884.878ms
[2020-02-21T01:23:17.536+0000][1][gc,cpu       ] GC(25) User=0.02s Sys=0.05s Real=1.89s
[2020-02-21T01:23:17.536+0000][1][safepoint    ] Safepoint "GenCollectForAllocation", Time since last: 372315082 ns, Reaching safepoint: 41625 ns, At safepoint: 1884926992 ns, Total: 1884968617 ns
[2020-02-21T01:23:17.782+0000][1][safepoint    ] Safepoint "RevokeBias", Time since last: 246685272 ns, Reaching safepoint: 55432 ns, At safepoint: 14171 ns, Total: 69603 ns
[2020-02-21T01:23:17.786+0000][1][safepoint    ] Safepoint "Deoptimize", Time since last: 2672337 ns, Reaching safepoint: 41572 ns, At safepoint: 521821 ns, Total: 563393 ns
[2020-02-21T01:23:18.634+0000][1][safepoint    ] Safepoint "RevokeBias", Time since last: 848439982 ns, Reaching safepoint: 55281 ns, At safepoint: 14031 ns, Total: 69312 ns
[2020-02-21T01:23:19.641+0000][1][safepoint    ] Safepoint "Cleanup", Time since last: 1001710187 ns, Reaching safepoint: 5075083 ns, At safepoint: 15916 ns, Total: 5090999 ns
[2020-02-21T01:23:20.401+0000][1][safepoint    ] Safepoint "Deoptimize", Time since last: 758251717 ns, Reaching safepoint: 865584 ns, At safepoint: 418975 ns, Total: 1284559 ns
[2020-02-21T01:23:20.750+0000][1][safepoint    ] Safepoint "RevokeBias", Time since last: 349389093 ns, Reaching safepoint: 53591 ns, At safepoint: 31188 ns, Total: 84779 ns
[2020-02-21T01:23:20.757+0000][1][safepoint    ] Safepoint "RevokeBias", Time since last: 6686414 ns, Reaching safepoint: 37172 ns, At safepoint: 31183 ns, Total: 68355 ns
[2020-02-21T01:23:20.757+0000][1][safepoint    ] Safepoint "RevokeBias", Time since last: 137743 ns, Reaching safepoint: 21798 ns, At safepoint: 26627 ns, Total: 48425 ns
[2020-02-21T01:23:20.759+0000][1][safepoint    ] Safepoint "RevokeBias", Time since last: 2385549 ns, Reaching safepoint: 40448 ns, At safepoint: 13465 ns, Total: 53913 ns
[2020-02-21T01:23:20.770+0000][1][safepoint    ] Safepoint "RevokeBias", Time since last: 10891494 ns, Reaching safepoint: 53067 ns, At safepoint: 17102 ns, Total: 70169 ns
[2020-02-21T01:23:20.771+0000][1][safepoint    ] Safepoint "RevokeBias", Time since last: 188827 ns, Reaching safepoint: 61435 ns, At safepoint: 10574 ns, Total: 72009 ns
[2020-02-21T01:23:20.771+0000][1][safepoint    ] Safepoint "RevokeBias", Time since last: 30766 ns, Reaching safepoint: 35929 ns, At safepoint: 9694 ns, Total: 45623 ns
[2020-02-21T01:23:20.771+0000][1][safepoint    ] Safepoint "RevokeBias", Time since last: 230842 ns, Reaching safepoint: 30378 ns, At safepoint: 15047 ns, Total: 45425 ns
[2020-02-21T01:23:20.771+0000][1][safepoint    ] Safepoint "BulkRevokeBias", Time since last: 123754 ns, Reaching safepoint: 30901 ns, At safepoint: 97266 ns, Total: 128167 ns
[2020-02-21T01:23:20.772+0000][1][safepoint    ] Safepoint "RevokeBias", Time since last: 901915 ns, Reaching safepoint: 26912 ns, At safepoint: 76217 ns, Total: 103129 ns
[2020-02-21T01:23:21.783+0000][1][safepoint    ] Safepoint "Cleanup", Time since last: 1007316878 ns, Reaching safepoint: 3847222 ns, At safepoint: 10073 ns, Total: 3857295 ns
[2020-02-21T01:23:22.750+0000][1][safepoint    ] Safepoint "Deoptimize", Time since last: 965565482 ns, Reaching safepoint: 52696 ns, At safepoint: 630285 ns, Total: 682981 ns
[2020-02-21T01:23:23.764+0000][1][safepoint    ] Safepoint "Cleanup", Time since last: 1007434958 ns, Reaching safepoint: 7333491 ns, At safepoint: 30054 ns, Total: 7363545 ns
[2020-02-21T01:23:24.770+0000][1][safepoint    ] Safepoint "Cleanup", Time since last: 1005522352 ns, Reaching safepoint: 81168 ns, At safepoint: 8522 ns, Total: 89690 ns
[2020-02-21T01:23:24.831+0000][1][gc,start     ] GC(26) Pause Young (Allocation Failure)
[2020-02-21T01:23:24.831+0000][1][gc,task      ] GC(26) Using 1 workers of 1 for evacuation
[2020-02-21T01:23:24.880+0000][1][gc,age       ] GC(26) Desired survivor size 4358144 bytes, new threshold 2 (max threshold 6)
[2020-02-21T01:23:24.880+0000][1][gc,age       ] GC(26) Age table with threshold 2 (max threshold 6)
[2020-02-21T01:23:24.880+0000][1][gc,age       ] GC(26) - age   1:    3633992 bytes,    3633992 total
[2020-02-21T01:23:24.880+0000][1][gc,age       ] GC(26) - age   2:    1411568 bytes,    5045560 total
[2020-02-21T01:23:24.880+0000][1][gc,age       ] GC(26) - age   3:    2651408 bytes,    7696968 total
[2020-02-21T01:23:24.880+0000][1][gc,heap      ] GC(26) ParNew: 73262K->8512K(76672K)
[2020-02-21T01:23:24.880+0000][1][gc,heap      ] GC(26) CMS: 51367K->51367K(963392K)
[2020-02-21T01:23:24.880+0000][1][gc,metaspace ] GC(26) Metaspace: 64181K->64181K(1107968K)
[2020-02-21T01:23:24.880+0000][1][gc           ] GC(26) Pause Young (Allocation Failure) 121M->58M(1015M) 48.930ms
[2020-02-21T01:23:24.880+0000][1][gc,cpu       ] GC(26) User=0.04s Sys=0.00s Real=0.05s
[2020-02-21T01:23:24.880+0000][1][safepoint    ] Safepoint "GenCollectForAllocation", Time since last: 61262629 ns, Reaching safepoint: 38226 ns, At safepoint: 48986636 ns, Total: 49024862 ns
[2020-02-21T01:23:25.881+0000][1][safepoint    ] Safepoint "Cleanup", Time since last: 1000281135 ns, Reaching safepoint: 96434 ns, At safepoint: 7211 ns, Total: 103645 ns
[2020-02-21T01:23:26.622+0000][1][safepoint    ] Safepoint "RevokeBias", Time since last: 736441184 ns, Reaching safepoint: 4508582 ns, At safepoint: 97348 ns, Total: 4605930 ns
[2020-02-21T01:23:26.628+0000][1][safepoint    ] Safepoint "RevokeBias", Time since last: 187050 ns, Reaching safepoint: 5712610 ns, At safepoint: 71124 ns, Total: 5783734 ns
[2020-02-21T01:23:26.632+0000][1][safepoint    ] Safepoint "RevokeBias", Time since last: 155608 ns, Reaching safepoint: 3750520 ns, At safepoint: 29021 ns, Total: 3779541 ns
[2020-02-21T01:23:26.635+0000][1][safepoint    ] Safepoint "RevokeBias", Time since last: 251187 ns, Reaching safepoint: 2701960 ns, At safepoint: 33351 ns, Total: 2735311 ns
[2020-02-21T01:23:26.637+0000][1][safepoint    ] Safepoint "RevokeBias", Time since last: 90388 ns, Reaching safepoint: 1896266 ns, At safepoint: 46472 ns, Total: 1942738 ns
[2020-02-21T01:23:26.639+0000][1][safepoint    ] Safepoint "RevokeBias", Time since last: 79571 ns, Reaching safepoint: 1858433 ns, At safepoint: 30877 ns, Total: 1889310 ns
[2020-02-21T01:23:26.641+0000][1][safepoint    ] Safepoint "RevokeBias", Time since last: 88503 ns, Reaching safepoint: 1912570 ns, At safepoint: 23612 ns, Total: 1936182 ns
[2020-02-21T01:23:26.643+0000][1][safepoint    ] Safepoint "RevokeBias", Time since last: 69067 ns, Reaching safepoint: 1817568 ns, At safepoint: 23106 ns, Total: 1840674 ns
[2020-02-21T01:23:27.577+0000][1][safepoint    ] Safepoint "Deoptimize", Time since last: 933697040 ns, Reaching safepoint: 32789 ns, At safepoint: 343533 ns, Total: 376322 ns
[2020-02-21T01:23:28.414+0000][1][safepoint    ] Safepoint "RevokeBias", Time since last: 837400014 ns, Reaching safepoint: 34833 ns, At safepoint: 21079 ns, Total: 55912 ns
[2020-02-21T01:23:28.415+0000][1][safepoint    ] Safepoint "RevokeBias", Time since last: 365784 ns, Reaching safepoint: 14154 ns, At safepoint: 16184 ns, Total: 30338 ns
[2020-02-21T01:23:28.447+0000][1][safepoint    ] Safepoint "RevokeBias", Time since last: 32802304 ns, Reaching safepoint: 32645 ns, At safepoint: 58527 ns, Total: 91172 ns
[2020-02-21T01:23:28.448+0000][1][safepoint    ] Safepoint "RevokeBias", Time since last: 801475 ns, Reaching safepoint: 26266 ns, At safepoint: 21363 ns, Total: 47629 ns
[2020-02-21T01:23:28.448+0000][1][safepoint    ] Safepoint "RevokeBias", Time since last: 48584 ns, Reaching safepoint: 20291 ns, At safepoint: 21012 ns, Total: 41303 ns
[2020-02-21T01:23:28.449+0000][1][safepoint    ] Safepoint "RevokeBias", Time since last: 258248 ns, Reaching safepoint: 11689 ns, At safepoint: 14334 ns, Total: 26023 ns
[2020-02-21T01:23:28.449+0000][1][safepoint    ] Safepoint "RevokeBias", Time since last: 173493 ns, Reaching safepoint: 13616 ns, At safepoint: 13994 ns, Total: 27610 ns
[2020-02-21T01:23:28.449+0000][1][safepoint    ] Safepoint "RevokeBias", Time since last: 38568 ns, Reaching safepoint: 10343 ns, At safepoint: 11814 ns, Total: 22157 ns
[2020-02-21T01:23:28.449+0000][1][safepoint    ] Safepoint "RevokeBias", Time since last: 484103 ns, Reaching safepoint: 11818 ns, At safepoint: 14762 ns, Total: 26580 ns
[2020-02-21T01:23:28.450+0000][1][safepoint    ] Safepoint "RevokeBias", Time since last: 988262 ns, Reaching safepoint: 23044 ns, At safepoint: 20716 ns, Total: 43760 ns
[2020-02-21T01:23:28.451+0000][1][safepoint    ] Safepoint "RevokeBias", Time since last: 70847 ns, Reaching safepoint: 12432 ns, At safepoint: 14726 ns, Total: 27158 ns
[2020-02-21T01:23:28.598+0000][1][safepoint    ] Safepoint "Deoptimize", Time since last: 146641405 ns, Reaching safepoint: 26046 ns, At safepoint: 346022 ns, Total: 372068 ns
[2020-02-21T01:23:28.973+0000][1][safepoint    ] Safepoint "RevokeBias", Time since last: 375097773 ns, Reaching safepoint: 45425 ns, At safepoint: 16730 ns, Total: 62155 ns
[2020-02-21T01:23:28.994+0000][1][safepoint    ] Safepoint "RevokeBias", Time since last: 21192852 ns, Reaching safepoint: 34802 ns, At safepoint: 16232 ns, Total: 51034 ns
[2020-02-21T01:23:28.994+0000][1][safepoint    ] Safepoint "RevokeBias", Time since last: 169391 ns, Reaching safepoint: 20355 ns, At safepoint: 12159 ns, Total: 32514 ns
[2020-02-21T01:23:28.996+0000][1][safepoint    ] Safepoint "RevokeBias", Time since last: 1606084 ns, Reaching safepoint: 24676 ns, At safepoint: 13934 ns, Total: 38610 ns
[2020-02-21T01:23:28.996+0000][1][safepoint    ] Safepoint "RevokeBias", Time since last: 48995 ns, Reaching safepoint: 22023 ns, At safepoint: 11491 ns, Total: 33514 ns
[2020-02-21T01:23:28.996+0000][1][safepoint    ] Safepoint "RevokeBias", Time since last: 194823 ns, Reaching safepoint: 22283 ns, At safepoint: 11960 ns, Total: 34243 ns
[2020-02-21T01:23:28.996+0000][1][safepoint    ] Safepoint "RevokeBias", Time since last: 54096 ns, Reaching safepoint: 22156 ns, At safepoint: 10872 ns, Total: 33028 ns
[2020-02-21T01:23:28.996+0000][1][safepoint    ] Safepoint "RevokeBias", Time since last: 27506 ns, Reaching safepoint: 21646 ns, At safepoint: 10492 ns, Total: 32138 ns
[2020-02-21T01:23:28.997+0000][1][safepoint    ] Safepoint "RevokeBias", Time since last: 207450 ns, Reaching safepoint: 24286 ns, At safepoint: 11633 ns, Total: 35919 ns
[2020-02-21T01:23:28.997+0000][1][safepoint    ] Safepoint "RevokeBias", Time since last: 192277 ns, Reaching safepoint: 22996 ns, At safepoint: 12208 ns, Total: 35204 ns
[2020-02-21T01:23:28.997+0000][1][safepoint    ] Safepoint "RevokeBias", Time since last: 29883 ns, Reaching safepoint: 21046 ns, At safepoint: 10871 ns, Total: 31917 ns
[2020-02-21T01:23:28.997+0000][1][safepoint    ] Safepoint "RevokeBias", Time since last: 391744 ns, Reaching safepoint: 22576 ns, At safepoint: 11895 ns, Total: 34471 ns
[2020-02-21T01:23:29.000+0000][1][safepoint    ] Safepoint "RevokeBias", Time since last: 2532263 ns, Reaching safepoint: 27148 ns, At safepoint: 13175 ns, Total: 40323 ns
[2020-02-21T01:23:29.012+0000][1][safepoint    ] Safepoint "RevokeBias", Time since last: 11877117 ns, Reaching safepoint: 49579 ns, At safepoint: 32963 ns, Total: 82542 ns
[2020-02-21T01:23:29.022+0000][1][safepoint    ] Safepoint "RevokeBias", Time since last: 9835429 ns, Reaching safepoint: 114686 ns, At safepoint: 65292 ns, Total: 179978 ns
[2020-02-21T01:23:29.024+0000][1][safepoint    ] Safepoint "RevokeBias", Time since last: 2052731 ns, Reaching safepoint: 36994 ns, At safepoint: 17174 ns, Total: 54168 ns
[2020-02-21T01:23:29.046+0000][1][safepoint    ] Safepoint "RevokeBias", Time since last: 17457963 ns, Reaching safepoint: 4421525 ns, At safepoint: 22538 ns, Total: 4444063 ns
[2020-02-21T01:23:29.050+0000][1][safepoint    ] Safepoint "RevokeBias", Time since last: 3848485 ns, Reaching safepoint: 237983 ns, At safepoint: 15160 ns, Total: 253143 ns
[2020-02-21T01:23:29.051+0000][1][safepoint    ] Safepoint "RevokeBias", Time since last: 729006 ns, Reaching safepoint: 39016 ns, At safepoint: 11037 ns, Total: 50053 ns
[2020-02-21T01:23:29.052+0000][1][safepoint    ] Safepoint "RevokeBias", Time since last: 42279 ns, Reaching safepoint: 747976 ns, At safepoint: 42362 ns, Total: 790338 ns
[2020-02-21T01:23:29.120+0000][1][safepoint    ] Safepoint "RevokeBias", Time since last: 68113688 ns, Reaching safepoint: 36133 ns, At safepoint: 12858 ns, Total: 48991 ns
[2020-02-21T01:23:29.120+0000][1][safepoint    ] Safepoint "RevokeBias", Time since last: 126179 ns, Reaching safepoint: 18379 ns, At safepoint: 9148 ns, Total: 27527 ns
[2020-02-21T01:23:29.127+0000][1][safepoint    ] Safepoint "RevokeBias", Time since last: 7050846 ns, Reaching safepoint: 43266 ns, At safepoint: 20538 ns, Total: 63804 ns
[2020-02-21T01:23:29.145+0000][1][safepoint    ] Safepoint "RevokeBias", Time since last: 18480882 ns, Reaching safepoint: 54972 ns, At safepoint: 23904 ns, Total: 78876 ns
[2020-02-21T01:23:29.154+0000][1][safepoint    ] Safepoint "RevokeBias", Time since last: 8752330 ns, Reaching safepoint: 89160 ns, At safepoint: 47904 ns, Total: 137064 ns
[2020-02-21T01:23:29.155+0000][1][safepoint    ] Safepoint "RevokeBias", Time since last: 306968 ns, Reaching safepoint: 34970 ns, At safepoint: 43879 ns, Total: 78849 ns
[2020-02-21T01:23:29.166+0000][1][safepoint    ] Safepoint "RevokeBias", Time since last: 11463529 ns, Reaching safepoint: 45707 ns, At safepoint: 27045 ns, Total: 72752 ns
[2020-02-21T01:23:29.166+0000][1][safepoint    ] Safepoint "RevokeBias", Time since last: 101947 ns, Reaching safepoint: 51215 ns, At safepoint: 19884 ns, Total: 71099 ns
[2020-02-21T01:23:29.424+0000][1][safepoint    ] Safepoint "RevokeBias", Time since last: 257535925 ns, Reaching safepoint: 47393 ns, At safepoint: 44815 ns, Total: 92208 ns
[2020-02-21T01:23:29.427+0000][1][safepoint    ] Safepoint "RevokeBias", Time since last: 2944669 ns, Reaching safepoint: 48527 ns, At safepoint: 18698 ns, Total: 67225 ns
[2020-02-21T01:23:29.428+0000][1][safepoint    ] Safepoint "CollectForMetadataAllocation", Time since last: 491811 ns, Reaching safepoint: 29579 ns, At safepoint: 249293 ns, Total: 278872 ns
[2020-02-21T01:23:29.449+0000][1][safepoint    ] Safepoint "RevokeBias", Time since last: 21518905 ns, Reaching safepoint: 32204 ns, At safepoint: 17385 ns, Total: 49589 ns
[2020-02-21T01:23:29.465+0000][1][safepoint    ] Safepoint "RevokeBias", Time since last: 15336768 ns, Reaching safepoint: 39123 ns, At safepoint: 144810 ns, Total: 183933 ns
[2020-02-21T01:23:29.468+0000][1][safepoint    ] Safepoint "RevokeBias", Time since last: 3249026 ns, Reaching safepoint: 43979 ns, At safepoint: 17837 ns, Total: 61816 ns
[2020-02-21T01:23:29.468+0000][1][safepoint    ] Safepoint "RevokeBias", Time since last: 87586 ns, Reaching safepoint: 25986 ns, At safepoint: 13180 ns, Total: 39166 ns
[2020-02-21T01:23:29.487+0000][1][safepoint    ] Safepoint "BulkRevokeBias", Time since last: 18299363 ns, Reaching safepoint: 83561 ns, At safepoint: 141984 ns, Total: 225545 ns
[2020-02-21T01:23:29.590+0000][1][safepoint    ] Safepoint "RevokeBias", Time since last: 102503294 ns, Reaching safepoint: 136065 ns, At safepoint: 35997 ns, Total: 172062 ns
[2020-02-21T01:23:29.591+0000][1][safepoint    ] Safepoint "RevokeBias", Time since last: 1066196 ns, Reaching safepoint: 30774 ns, At safepoint: 30000 ns, Total: 60774 ns
[2020-02-21T01:23:29.591+0000][1][safepoint    ] Safepoint "RevokeBias", Time since last: 309746 ns, Reaching safepoint: 17914 ns, At safepoint: 11744 ns, Total: 29658 ns
[2020-02-21T01:23:29.614+0000][1][safepoint    ] Safepoint "CollectForMetadataAllocation", Time since last: 23044162 ns, Reaching safepoint: 43598 ns, At safepoint: 143882 ns, Total: 187480 ns
[2020-02-21T01:23:29.724+0000][1][safepoint    ] Safepoint "RevokeBias", Time since last: 110066424 ns, Reaching safepoint: 62902 ns, At safepoint: 19637 ns, Total: 82539 ns
[2020-02-21T01:23:29.737+0000][1][safepoint    ] Safepoint "RevokeBias", Time since last: 12606691 ns, Reaching safepoint: 47024 ns, At safepoint: 16517 ns, Total: 63541 ns
[2020-02-21T01:23:29.737+0000][1][safepoint    ] Safepoint "RevokeBias", Time since last: 56393 ns, Reaching safepoint: 14389 ns, At safepoint: 9827 ns, Total: 24216 ns
[2020-02-21T01:23:29.739+0000][1][safepoint    ] Safepoint "RevokeBias", Time since last: 1416135 ns, Reaching safepoint: 29918 ns, At safepoint: 13518 ns, Total: 43436 ns
[2020-02-21T01:23:29.739+0000][1][safepoint    ] Safepoint "RevokeBias", Time since last: 206196 ns, Reaching safepoint: 18785 ns, At safepoint: 10604 ns, Total: 29389 ns
[2020-02-21T01:23:29.739+0000][1][safepoint    ] Safepoint "RevokeBias", Time since last: 39221 ns, Reaching safepoint: 10366 ns, At safepoint: 8108 ns, Total: 18474 ns
[2020-02-21T01:23:29.866+0000][1][safepoint    ] Safepoint "RevokeBias", Time since last: 36429905 ns, Reaching safepoint: 90711088 ns, At safepoint: 27965 ns, Total: 90739053 ns
[2020-02-21T01:23:29.867+0000][1][safepoint    ] Safepoint "CollectForMetadataAllocation", Time since last: 642112 ns, Reaching safepoint: 21928 ns, At safepoint: 127048 ns, Total: 148976 ns
[2020-02-21T01:23:29.868+0000][1][safepoint    ] Safepoint "RevokeBias", Time since last: 547206 ns, Reaching safepoint: 17078 ns, At safepoint: 15322 ns, Total: 32400 ns
[2020-02-21T01:23:29.868+0000][1][safepoint    ] Safepoint "RevokeBias", Time since last: 190419 ns, Reaching safepoint: 17085 ns, At safepoint: 17894 ns, Total: 34979 ns
[2020-02-21T01:23:29.915+0000][1][safepoint    ] Safepoint "RevokeBias", Time since last: 7810675 ns, Reaching safepoint: 39385464 ns, At safepoint: 119367 ns, Total: 39504831 ns
[2020-02-21T01:23:29.926+0000][1][safepoint    ] Safepoint "RevokeBias", Time since last: 4091933 ns, Reaching safepoint: 6610330 ns, At safepoint: 51550 ns, Total: 6661880 ns
[2020-02-21T01:23:29.937+0000][1][safepoint    ] Safepoint "RevokeBias", Time since last: 3506936 ns, Reaching safepoint: 7264228 ns, At safepoint: 97366 ns, Total: 7361594 ns
[2020-02-21T01:23:29.944+0000][1][safepoint    ] Safepoint "RevokeBias", Time since last: 265274 ns, Reaching safepoint: 6889362 ns, At safepoint: 96658 ns, Total: 6986020 ns
[2020-02-21T01:23:30.024+0000][1][safepoint    ] Safepoint "CollectForMetadataAllocation", Time since last: 80057517 ns, Reaching safepoint: 77163 ns, At safepoint: 117122 ns, Total: 194285 ns
[2020-02-21T01:23:30.024+0000][1][safepoint    ] Safepoint "CollectForMetadataAllocation", Time since last: 203272 ns, Reaching safepoint: 42823 ns, At safepoint: 3292 ns, Total: 46115 ns
[2020-02-21T01:23:30.116+0000][1][safepoint    ] Safepoint "RevokeBias", Time since last: 83358080 ns, Reaching safepoint: 8477874 ns, At safepoint: 69416 ns, Total: 8547290 ns
[2020-02-21T01:23:30.181+0000][1][safepoint    ] Safepoint "RevokeBias", Time since last: 64242576 ns, Reaching safepoint: 65510 ns, At safepoint: 64128 ns, Total: 129638 ns
[2020-02-21T01:23:30.198+0000][1][safepoint    ] Safepoint "RevokeBias", Time since last: 17373460 ns, Reaching safepoint: 149966 ns, At safepoint: 156911 ns, Total: 306877 ns
[2020-02-21T01:23:30.199+0000][1][safepoint    ] Safepoint "RevokeBias", Time since last: 315807 ns, Reaching safepoint: 178862 ns, At safepoint: 84723 ns, Total: 263585 ns
[2020-02-21T01:23:30.323+0000][1][safepoint    ] Safepoint "RevokeBias", Time since last: 116413936 ns, Reaching safepoint: 7622273 ns, At safepoint: 80879 ns, Total: 7703152 ns
[2020-02-21T01:23:30.338+0000][1][safepoint    ] Safepoint "CollectForMetadataAllocation", Time since last: 5783010 ns, Reaching safepoint: 8917309 ns, At safepoint: 176158 ns, Total: 9093467 ns
[2020-02-21T01:23:30.347+0000][1][safepoint    ] Safepoint "CollectForMetadataAllocation", Time since last: 8976773 ns, Reaching safepoint: 55296 ns, At safepoint: 6335 ns, Total: 61631 ns
[2020-02-21T01:23:30.918+0000][1][gc,start     ] GC(27) Pause Initial Mark
[2020-02-21T01:23:31.072+0000][1][gc           ] GC(27) Pause Initial Mark 114M->114M(1015M) 153.608ms
[2020-02-21T01:23:31.072+0000][1][gc,cpu       ] GC(27) User=0.07s Sys=0.01s Real=0.15s
[2020-02-21T01:23:31.072+0000][1][safepoint    ] Safepoint "CMS_Initial_Mark", Time since last: 571349400 ns, Reaching safepoint: 82200 ns, At safepoint: 153695022 ns, Total: 153777222 ns
[2020-02-21T01:23:31.078+0000][1][gc           ] GC(27) Concurrent Mark
[2020-02-21T01:23:31.390+0000][1][safepoint    ] Safepoint "CollectForMetadataAllocation", Time since last: 265398890 ns, Reaching safepoint: 52422316 ns, At safepoint: 366340 ns, Total: 52788656 ns
[2020-02-21T01:23:31.412+0000][1][gc           ] GC(27) Concurrent Mark 334.732ms
[2020-02-21T01:23:31.412+0000][1][gc,cpu       ] GC(27) User=0.15s Sys=0.01s Real=0.33s
[2020-02-21T01:23:31.412+0000][1][gc           ] GC(27) Concurrent Preclean
[2020-02-21T01:23:31.420+0000][1][gc           ] GC(27) Concurrent Preclean 7.355ms
[2020-02-21T01:23:31.420+0000][1][gc,cpu       ] GC(27) User=0.00s Sys=0.00s Real=0.01s
[2020-02-21T01:23:31.420+0000][1][gc           ] GC(27) Concurrent Abortable Preclean
[2020-02-21T01:23:31.551+0000][1][safepoint    ] Safepoint "RevokeBias", Time since last: 144735229 ns, Reaching safepoint: 15491698 ns, At safepoint: 38010 ns, Total: 15529708 ns
[2020-02-21T01:23:31.568+0000][1][safepoint    ] Safepoint "RevokeBias", Time since last: 13868907 ns, Reaching safepoint: 4018847 ns, At safepoint: 30585 ns, Total: 4049432 ns
[2020-02-21T01:23:31.578+0000][1][safepoint    ] Safepoint "RevokeBias", Time since last: 4799776 ns, Reaching safepoint: 4256942 ns, At safepoint: 31437 ns, Total: 4288379 ns
[2020-02-21T01:23:31.594+0000][1][safepoint    ] Safepoint "RevokeBias", Time since last: 405452 ns, Reaching safepoint: 15959503 ns, At safepoint: 15969 ns, Total: 15975472 ns
[2020-02-21T01:23:31.601+0000][1][safepoint    ] Safepoint "RevokeBias", Time since last: 7160334 ns, Reaching safepoint: 44817 ns, At safepoint: 5048 ns, Total: 49865 ns
[2020-02-21T01:23:31.601+0000][1][safepoint    ] Safepoint "RevokeBias", Time since last: 175948 ns, Reaching safepoint: 18494 ns, At safepoint: 2713 ns, Total: 21207 ns
[2020-02-21T01:23:31.747+0000][1][safepoint    ] Safepoint "RevokeBias", Time since last: 145302728 ns, Reaching safepoint: 52568 ns, At safepoint: 6805 ns, Total: 59373 ns
[2020-02-21T01:23:31.750+0000][1][safepoint    ] Safepoint "RevokeBias", Time since last: 3222342 ns, Reaching safepoint: 51128 ns, At safepoint: 5251 ns, Total: 56379 ns
[2020-02-21T01:23:31.786+0000][1][safepoint    ] Safepoint "RevokeBias", Time since last: 36361990 ns, Reaching safepoint: 69682 ns, At safepoint: 6336 ns, Total: 76018 ns
[2020-02-21T01:23:31.787+0000][1][safepoint    ] Safepoint "RevokeBias", Time since last: 53543 ns, Reaching safepoint: 42376 ns, At safepoint: 2910 ns, Total: 45286 ns
[2020-02-21T01:23:31.912+0000][1][safepoint    ] Safepoint "CollectForMetadataAllocation", Time since last: 125325534 ns, Reaching safepoint: 63203 ns, At safepoint: 117381 ns, Total: 180584 ns
[2020-02-21T01:23:32.177+0000][1][safepoint    ] Safepoint "CollectForMetadataAllocation", Time since last: 264940705 ns, Reaching safepoint: 108645 ns, At safepoint: 133543 ns, Total: 242188 ns
[2020-02-21T01:23:32.281+0000][1][safepoint    ] Safepoint "CollectForMetadataAllocation", Time since last: 103776534 ns, Reaching safepoint: 73768 ns, At safepoint: 134515 ns, Total: 208283 ns
[2020-02-21T01:23:32.386+0000][1][safepoint    ] Safepoint "Deoptimize", Time since last: 102885037 ns, Reaching safepoint: 163383 ns, At safepoint: 1437070 ns, Total: 1600453 ns
[2020-02-21T01:23:32.395+0000][1][safepoint    ] Safepoint "CollectForMetadataAllocation", Time since last: 9467670 ns, Reaching safepoint: 68739 ns, At safepoint: 109616 ns, Total: 178355 ns
[2020-02-21T01:23:32.398+0000][1][gc,start     ] GC(28) Pause Young (Allocation Failure)
[2020-02-21T01:23:32.398+0000][1][gc,task      ] GC(28) Using 1 workers of 1 for evacuation
[2020-02-21T01:23:37.971+0000][1][gc,age       ] GC(28) Desired survivor size 4358144 bytes, new threshold 2 (max threshold 6)
[2020-02-21T01:23:37.971+0000][1][gc,age       ] GC(28) Age table with threshold 2 (max threshold 6)
[2020-02-21T01:23:37.971+0000][1][gc,age       ] GC(28) - age   1:    2378776 bytes,    2378776 total
[2020-02-21T01:23:37.971+0000][1][gc,age       ] GC(28) - age   2:    3524584 bytes,    5903360 total
[2020-02-21T01:23:37.971+0000][1][gc,heap      ] GC(28) ParNew: 76672K->6727K(76672K)
[2020-02-21T01:23:37.971+0000][1][gc,heap      ] GC(28) CMS: 51367K->55327K(963392K)
[2020-02-21T01:23:37.971+0000][1][gc,metaspace ] GC(28) Metaspace: 71467K->71467K(1116160K)
[2020-02-21T01:23:37.972+0000][1][gc           ] GC(28) Pause Young (Allocation Failure) 125M->60M(1015M) 5573.987ms
[2020-02-21T01:23:37.972+0000][1][gc,cpu       ] GC(28) User=0.02s Sys=0.07s Real=5.57s
[2020-02-21T01:23:37.972+0000][1][safepoint    ] Safepoint "GenCollectForAllocation", Time since last: 2103156 ns, Reaching safepoint: 49214 ns, At safepoint: 5574056991 ns, Total: 5574106205 ns
[2020-02-21T01:23:38.012+0000][1][safepoint    ] Safepoint "RevokeBias", Time since last: 40161424 ns, Reaching safepoint: 242593 ns, At safepoint: 12039 ns, Total: 254632 ns
[2020-02-21T01:23:38.018+0000][1][gc           ] GC(27) Concurrent Abortable Preclean 6597.962ms
[2020-02-21T01:23:38.018+0000][1][gc,cpu       ] GC(27) User=0.82s Sys=0.12s Real=6.60s
[2020-02-21T01:23:38.018+0000][1][safepoint    ] Safepoint "CollectForMetadataAllocation", Time since last: 5979054 ns, Reaching safepoint: 302697 ns, At safepoint: 238332 ns, Total: 541029 ns
[2020-02-21T01:23:38.022+0000][1][gc,start     ] GC(27) Pause Remark
[2020-02-21T01:23:38.047+0000][1][gc           ] GC(27) Pause Remark 64M->64M(1015M) 24.268ms
[2020-02-21T01:23:38.047+0000][1][gc,cpu       ] GC(27) User=0.02s Sys=0.00s Real=0.03s
[2020-02-21T01:23:38.047+0000][1][safepoint    ] Safepoint "RevokeBias", Time since last: 3563731 ns, Reaching safepoint: 152209 ns, At safepoint: 24402720 ns, Total: 24554929 ns
[2020-02-21T01:23:38.055+0000][1][gc           ] GC(27) Concurrent Sweep
[2020-02-21T01:23:38.071+0000][1][safepoint    ] Safepoint "RevokeBias", Time since last: 13918213 ns, Reaching safepoint: 10277615 ns, At safepoint: 25614 ns, Total: 10303229 ns
[2020-02-21T01:23:38.091+0000][1][safepoint    ] Safepoint "RevokeBias", Time since last: 19582135 ns, Reaching safepoint: 424564 ns, At safepoint: 44071 ns, Total: 468635 ns
[2020-02-21T01:23:38.091+0000][1][safepoint    ] Safepoint "RevokeBias", Time since last: 56879 ns, Reaching safepoint: 243047 ns, At safepoint: 13205 ns, Total: 256252 ns
[2020-02-21T01:23:38.093+0000][1][safepoint    ] Safepoint "RevokeBias", Time since last: 54840 ns, Reaching safepoint: 1675882 ns, At safepoint: 25861 ns, Total: 1701743 ns
[2020-02-21T01:23:38.132+0000][1][gc           ] GC(27) Concurrent Sweep 77.343ms
[2020-02-21T01:23:38.132+0000][1][gc,cpu       ] GC(27) User=0.07s Sys=0.01s Real=0.08s
[2020-02-21T01:23:38.132+0000][1][gc           ] GC(27) Concurrent Reset
[2020-02-21T01:23:38.140+0000][1][gc           ] GC(27) Concurrent Reset 7.381ms
[2020-02-21T01:23:38.140+0000][1][gc,cpu       ] GC(27) User=0.00s Sys=0.00s Real=0.01s
[2020-02-21T01:23:38.140+0000][1][gc,heap      ] GC(27) Old: 51367K->54995K(963392K)
[2020-02-21T01:23:38.199+0000][1][safepoint    ] Safepoint "RevokeBias", Time since last: 106272559 ns, Reaching safepoint: 146394 ns, At safepoint: 11139 ns, Total: 157533 ns
[2020-02-21T01:23:38.200+0000][1][safepoint    ] Safepoint "RevokeBias", Time since last: 66792 ns, Reaching safepoint: 56192 ns, At safepoint: 5076 ns, Total: 61268 ns
[2020-02-21T01:23:38.200+0000][1][safepoint    ] Safepoint "RevokeBias", Time since last: 34599 ns, Reaching safepoint: 43547 ns, At safepoint: 4774 ns, Total: 48321 ns
[2020-02-21T01:23:38.251+0000][1][safepoint    ] Safepoint "RevokeBias", Time since last: 51616169 ns, Reaching safepoint: 75133 ns, At safepoint: 8296 ns, Total: 83429 ns
[2020-02-21T01:23:38.251+0000][1][safepoint    ] Safepoint "RevokeBias", Time since last: 69325 ns, Reaching safepoint: 47618 ns, At safepoint: 4863 ns, Total: 52481 ns
[2020-02-21T01:23:38.367+0000][1][safepoint    ] Safepoint "RevokeBias", Time since last: 115289475 ns, Reaching safepoint: 80855 ns, At safepoint: 9274 ns, Total: 90129 ns
[2020-02-21T01:23:38.367+0000][1][safepoint    ] Safepoint "RevokeBias", Time since last: 79039 ns, Reaching safepoint: 55817 ns, At safepoint: 5558 ns, Total: 61375 ns
[2020-02-21T01:23:38.367+0000][1][safepoint    ] Safepoint "RevokeBias", Time since last: 45398 ns, Reaching safepoint: 44359 ns, At safepoint: 4946 ns, Total: 49305 ns
[2020-02-21T01:23:38.690+0000][1][safepoint    ] Safepoint "RevokeBias", Time since last: 322524250 ns, Reaching safepoint: 183292 ns, At safepoint: 10716 ns, Total: 194008 ns
[2020-02-21T01:23:38.691+0000][1][safepoint    ] Safepoint "BulkRevokeBias", Time since last: 69633 ns, Reaching safepoint: 972926 ns, At safepoint: 423121 ns, Total: 1396047 ns
[2020-02-21T01:23:38.693+0000][1][safepoint    ] Safepoint "RevokeBias", Time since last: 48293 ns, Reaching safepoint: 1371288 ns, At safepoint: 18372 ns, Total: 1389660 ns
[2020-02-21T01:23:38.748+0000][1][safepoint    ] Safepoint "RevokeBias", Time since last: 55256669 ns, Reaching safepoint: 52684 ns, At safepoint: 6985 ns, Total: 59669 ns
[2020-02-21T01:23:38.763+0000][1][safepoint    ] Safepoint "BulkRevokeBias", Time since last: 13882602 ns, Reaching safepoint: 63825 ns, At safepoint: 663982 ns, Total: 727807 ns
[2020-02-21T01:23:38.924+0000][1][safepoint    ] Safepoint "RevokeBias", Time since last: 157837733 ns, Reaching safepoint: 3351051 ns, At safepoint: 18295 ns, Total: 3369346 ns
[2020-02-21T01:23:38.938+0000][1][safepoint    ] Safepoint "RevokeBias", Time since last: 4735698 ns, Reaching safepoint: 9645479 ns, At safepoint: 19103 ns, Total: 9664582 ns
[2020-02-21T01:23:38.945+0000][1][safepoint    ] Safepoint "Deoptimize", Time since last: 6056482 ns, Reaching safepoint: 149444 ns, At safepoint: 791445 ns, Total: 940889 ns
[2020-02-21T01:23:39.366+0000][1][safepoint    ] Safepoint "RevokeBias", Time since last: 411512177 ns, Reaching safepoint: 9282791 ns, At safepoint: 44110 ns, Total: 9326901 ns
[2020-02-21T01:23:39.379+0000][1][safepoint    ] Safepoint "RevokeBias", Time since last: 8690146 ns, Reaching safepoint: 4398815 ns, At safepoint: 44723 ns, Total: 4443538 ns
[2020-02-21T01:23:39.391+0000][1][safepoint    ] Safepoint "RevokeBias", Time since last: 9160216 ns, Reaching safepoint: 2995149 ns, At safepoint: 81893 ns, Total: 3077042 ns
[2020-02-21T01:23:39.408+0000][1][safepoint    ] Safepoint "RevokeBias", Time since last: 6723053 ns, Reaching safepoint: 10199375 ns, At safepoint: 20746 ns, Total: 10220121 ns
[2020-02-21T01:23:39.425+0000][1][safepoint    ] Safepoint "RevokeBias", Time since last: 16106213 ns, Reaching safepoint: 68483 ns, At safepoint: 8983 ns, Total: 77466 ns
[2020-02-21T01:23:39.434+0000][1][safepoint    ] Safepoint "RevokeBias", Time since last: 6635412 ns, Reaching safepoint: 3037983 ns, At safepoint: 25490 ns, Total: 3063473 ns
[2020-02-21T01:23:39.439+0000][1][safepoint    ] Safepoint "RevokeBias", Time since last: 114128 ns, Reaching safepoint: 4768063 ns, At safepoint: 25086 ns, Total: 4793149 ns
[2020-02-21T01:23:39.450+0000][1][safepoint    ] Safepoint "RevokeBias", Time since last: 7213981 ns, Reaching safepoint: 3658238 ns, At safepoint: 21145 ns, Total: 3679383 ns
[2020-02-21T01:23:39.457+0000][1][safepoint    ] Safepoint "RevokeBias", Time since last: 172271 ns, Reaching safepoint: 6479015 ns, At safepoint: 18820 ns, Total: 6497835 ns
[2020-02-21T01:23:39.459+0000][1][safepoint    ] Safepoint "RevokeBias", Time since last: 2236979 ns, Reaching safepoint: 44810 ns, At safepoint: 8602 ns, Total: 53412 ns
[2020-02-21T01:23:39.460+0000][1][safepoint    ] Safepoint "RevokeBias", Time since last: 587610 ns, Reaching safepoint: 81193 ns, At safepoint: 13087 ns, Total: 94280 ns
[2020-02-21T01:23:39.464+0000][1][safepoint    ] Safepoint "RevokeBias", Time since last: 3563971 ns, Reaching safepoint: 259076 ns, At safepoint: 113158 ns, Total: 372234 ns
[2020-02-21T01:23:39.534+0000][1][safepoint    ] Safepoint "RevokeBias", Time since last: 67438184 ns, Reaching safepoint: 3358589 ns, At safepoint: 16531 ns, Total: 3375120 ns
[2020-02-21T01:23:39.620+0000][1][safepoint    ] Safepoint "RevokeBias", Time since last: 81583477 ns, Reaching safepoint: 3672958 ns, At safepoint: 49536 ns, Total: 3722494 ns
[2020-02-21T01:23:39.630+0000][1][safepoint    ] Safepoint "RevokeBias", Time since last: 6419608 ns, Reaching safepoint: 3521279 ns, At safepoint: 39041 ns, Total: 3560320 ns
[2020-02-21T01:23:39.767+0000][1][safepoint    ] Safepoint "RevokeBias", Time since last: 137673073 ns, Reaching safepoint: 48995 ns, At safepoint: 7959 ns, Total: 56954 ns
[2020-02-21T01:23:39.768+0000][1][safepoint    ] Safepoint "RevokeBias", Time since last: 479178 ns, Reaching safepoint: 41289 ns, At safepoint: 6110 ns, Total: 47399 ns
[2020-02-21T01:23:40.020+0000][1][safepoint    ] Safepoint "RevokeBias", Time since last: 240564588 ns, Reaching safepoint: 10951768 ns, At safepoint: 86865 ns, Total: 11038633 ns
[2020-02-21T01:23:40.022+0000][1][safepoint    ] Safepoint "Deoptimize", Time since last: 1998915 ns, Reaching safepoint: 48630 ns, At safepoint: 498506 ns, Total: 547136 ns
[2020-02-21T01:23:40.034+0000][1][safepoint    ] Safepoint "RevokeBias", Time since last: 8872310 ns, Reaching safepoint: 2763815 ns, At safepoint: 13767 ns, Total: 2777582 ns
[2020-02-21T01:23:40.040+0000][1][safepoint    ] Safepoint "RevokeBias", Time since last: 2120751 ns, Reaching safepoint: 4385488 ns, At safepoint: 17826 ns, Total: 4403314 ns
[2020-02-21T01:23:40.050+0000][1][safepoint    ] Safepoint "Deoptimize", Time since last: 8871717 ns, Reaching safepoint: 741957 ns, At safepoint: 479548 ns, Total: 1221505 ns
[2020-02-21T01:23:40.051+0000][1][safepoint    ] Safepoint "RevokeBias", Time since last: 514137 ns, Reaching safepoint: 144518 ns, At safepoint: 10522 ns, Total: 155040 ns
[2020-02-21T01:23:40.120+0000][1][safepoint    ] Safepoint "RevokeBias", Time since last: 69056297 ns, Reaching safepoint: 283509 ns, At safepoint: 19076 ns, Total: 302585 ns
[2020-02-21T01:23:40.124+0000][1][safepoint    ] Safepoint "RevokeBias", Time since last: 3425538 ns, Reaching safepoint: 192285 ns, At safepoint: 18473 ns, Total: 210758 ns
[2020-02-21T01:23:40.519+0000][1][safepoint    ] Safepoint "RevokeBias", Time since last: 394869075 ns, Reaching safepoint: 53066 ns, At safepoint: 9014 ns, Total: 62080 ns
[2020-02-21T01:23:40.602+0000][1][safepoint    ] Safepoint "RevokeBias", Time since last: 82667935 ns, Reaching safepoint: 41309 ns, At safepoint: 8035 ns, Total: 49344 ns
[2020-02-21T01:23:40.602+0000][1][safepoint    ] Safepoint "RevokeBias", Time since last: 532913 ns, Reaching safepoint: 54591 ns, At safepoint: 6415 ns, Total: 61006 ns
[2020-02-21T01:23:41.280+0000][1][safepoint    ] Safepoint "RevokeBias", Time since last: 677800610 ns, Reaching safepoint: 62450 ns, At safepoint: 6562 ns, Total: 69012 ns
[2020-02-21T01:23:41.298+0000][1][safepoint    ] Safepoint "RevokeBias", Time since last: 17933418 ns, Reaching safepoint: 57551 ns, At safepoint: 13067 ns, Total: 70618 ns
[2020-02-21T01:23:41.327+0000][1][safepoint    ] Safepoint "RevokeBias", Time since last: 28243604 ns, Reaching safepoint: 442278 ns, At safepoint: 32431 ns, Total: 474709 ns
[2020-02-21T01:23:41.728+0000][1][safepoint    ] Safepoint "RevokeBias", Time since last: 400844703 ns, Reaching safepoint: 71416 ns, At safepoint: 7835 ns, Total: 79251 ns
[2020-02-21T01:23:41.739+0000][1][safepoint    ] Safepoint "RevokeBias", Time since last: 10983066 ns, Reaching safepoint: 77019 ns, At safepoint: 9673 ns, Total: 86692 ns
[2020-02-21T01:23:41.852+0000][1][safepoint    ] Safepoint "RevokeBias", Time since last: 112686338 ns, Reaching safepoint: 71523 ns, At safepoint: 18655 ns, Total: 90178 ns
[2020-02-21T01:23:42.066+0000][1][safepoint    ] Safepoint "RevokeBias", Time since last: 214316212 ns, Reaching safepoint: 245813 ns, At safepoint: 34167 ns, Total: 279980 ns
[2020-02-21T01:23:42.077+0000][1][safepoint    ] Safepoint "RevokeBias", Time since last: 3577706 ns, Reaching safepoint: 7050127 ns, At safepoint: 57580 ns, Total: 7107707 ns
[2020-02-21T01:23:42.582+0000][1][safepoint    ] Safepoint "RevokeBias", Time since last: 496521095 ns, Reaching safepoint: 8713837 ns, At safepoint: 21961 ns, Total: 8735798 ns
[2020-02-21T01:23:42.624+0000][1][safepoint    ] Safepoint "RevokeBias", Time since last: 42175447 ns, Reaching safepoint: 47563 ns, At safepoint: 13194 ns, Total: 60757 ns
[2020-02-21T01:23:42.625+0000][1][safepoint    ] Safepoint "RevokeBias", Time since last: 66405 ns, Reaching safepoint: 16771 ns, At safepoint: 7764 ns, Total: 24535 ns
[2020-02-21T01:23:43.633+0000][1][safepoint    ] Safepoint "Cleanup", Time since last: 1008265070 ns, Reaching safepoint: 256974 ns, At safepoint: 18635 ns, Total: 275609 ns
[2020-02-21T01:23:44.635+0000][1][safepoint    ] Safepoint "Cleanup", Time since last: 1001374916 ns, Reaching safepoint: 116581 ns, At safepoint: 8978 ns, Total: 125559 ns
[2020-02-21T01:23:44.880+0000][1][safepoint    ] Safepoint "RevokeBias", Time since last: 245373039 ns, Reaching safepoint: 64777 ns, At safepoint: 8420 ns, Total: 73197 ns
[2020-02-21T01:23:44.981+0000][1][safepoint    ] Safepoint "RevokeBias", Time since last: 100659990 ns, Reaching safepoint: 112505 ns, At safepoint: 32126 ns, Total: 144631 ns
[2020-02-21T01:23:45.000+0000][1][safepoint    ] Safepoint "RevokeBias", Time since last: 19209776 ns, Reaching safepoint: 43531 ns, At safepoint: 12650 ns, Total: 56181 ns
[2020-02-21T01:23:45.639+0000][1][safepoint    ] Safepoint "RevokeBias", Time since last: 639259035 ns, Reaching safepoint: 135468 ns, At safepoint: 15879 ns, Total: 151347 ns
[2020-02-21T01:23:45.653+0000][1][safepoint    ] Safepoint "RevokeBias", Time since last: 7650429 ns, Reaching safepoint: 5417382 ns, At safepoint: 22966 ns, Total: 5440348 ns
[2020-02-21T01:23:45.859+0000][1][safepoint    ] Safepoint "RevokeBias", Time since last: 200881203 ns, Reaching safepoint: 5861632 ns, At safepoint: 92543 ns, Total: 5954175 ns
[2020-02-21T01:23:47.979+0000][1][safepoint    ] Safepoint "RevokeBias", Time since last: 2119389250 ns, Reaching safepoint: 58097 ns, At safepoint: 15755 ns, Total: 73852 ns
[2020-02-21T01:23:48.371+0000][1][safepoint    ] Safepoint "RevokeBias", Time since last: 391958826 ns, Reaching safepoint: 47005 ns, At safepoint: 15222 ns, Total: 62227 ns
[2020-02-21T01:23:50.377+0000][1][safepoint    ] Safepoint "Cleanup", Time since last: 2005968266 ns, Reaching safepoint: 74495 ns, At safepoint: 7665 ns, Total: 82160 ns
[2020-02-21T01:23:50.929+0000][1][safepoint    ] Safepoint "RevokeBias", Time since last: 552421565 ns, Reaching safepoint: 55599 ns, At safepoint: 19628 ns, Total: 75227 ns
[2020-02-21T01:23:52.931+0000][1][safepoint    ] Safepoint "Cleanup", Time since last: 2000991500 ns, Reaching safepoint: 89965 ns, At safepoint: 12740 ns, Total: 102705 ns
[2020-02-21T01:23:53.443+0000][1][safepoint    ] Safepoint "RevokeBias", Time since last: 512193355 ns, Reaching safepoint: 67464 ns, At safepoint: 19123 ns, Total: 86587 ns
[2020-02-21T01:23:54.444+0000][1][safepoint    ] Safepoint "Cleanup", Time since last: 1001021036 ns, Reaching safepoint: 154784 ns, At safepoint: 20907 ns, Total: 175691 ns
[2020-02-21T01:23:55.967+0000][1][safepoint    ] Safepoint "RevokeBias", Time since last: 1521485491 ns, Reaching safepoint: 1338703 ns, At safepoint: 24722 ns, Total: 1363425 ns
[2020-02-21T01:23:56.967+0000][1][safepoint    ] Safepoint "Cleanup", Time since last: 1000143015 ns, Reaching safepoint: 89087 ns, At safepoint: 8662 ns, Total: 97749 ns
[2020-02-21T01:23:58.500+0000][1][safepoint    ] Safepoint "RevokeBias", Time since last: 1532376332 ns, Reaching safepoint: 71090 ns, At safepoint: 15885 ns, Total: 86975 ns
[2020-02-21T01:23:59.938+0000][1][safepoint    ] Safepoint "RevokeBias", Time since last: 1438442390 ns, Reaching safepoint: 89724 ns, At safepoint: 17314 ns, Total: 107038 ns
[2020-02-21T01:24:00.940+0000][1][safepoint    ] Safepoint "Cleanup", Time since last: 1001920527 ns, Reaching safepoint: 77459 ns, At safepoint: 7237 ns, Total: 84696 ns
[2020-02-21T01:24:01.025+0000][1][safepoint    ] Safepoint "RevokeBias", Time since last: 84806935 ns, Reaching safepoint: 68770 ns, At safepoint: 19475 ns, Total: 88245 ns
[2020-02-21T01:24:02.031+0000][1][safepoint    ] Safepoint "Cleanup", Time since last: 1005969158 ns, Reaching safepoint: 76571 ns, At safepoint: 6871 ns, Total: 83442 ns
[2020-02-21T01:24:03.034+0000][1][safepoint    ] Safepoint "Cleanup", Time since last: 1002900245 ns, Reaching safepoint: 111519 ns, At safepoint: 25335 ns, Total: 136854 ns
[2020-02-21T01:24:03.537+0000][1][safepoint    ] Safepoint "RevokeBias", Time since last: 502527403 ns, Reaching safepoint: 65726 ns, At safepoint: 17265 ns, Total: 82991 ns
[2020-02-21T01:24:04.896+0000][1][gc,start     ] GC(29) Pause Young (Allocation Failure)
[2020-02-21T01:24:04.896+0000][1][gc,task      ] GC(29) Using 1 workers of 1 for evacuation
[2020-02-21T01:24:05.338+0000][1][gc,age       ] GC(29) Desired survivor size 4358144 bytes, new threshold 6 (max threshold 6)
[2020-02-21T01:24:05.338+0000][1][gc,age       ] GC(29) Age table with threshold 6 (max threshold 6)
[2020-02-21T01:24:05.338+0000][1][gc,age       ] GC(29) - age   1:    1641904 bytes,    1641904 total
[2020-02-21T01:24:05.338+0000][1][gc,age       ] GC(29) - age   2:    2167080 bytes,    3808984 total
[2020-02-21T01:24:05.338+0000][1][gc,heap      ] GC(29) ParNew: 74887K->6005K(76672K)
[2020-02-21T01:24:05.338+0000][1][gc,heap      ] GC(29) CMS: 54995K->58560K(963392K)
[2020-02-21T01:24:05.338+0000][1][gc,metaspace ] GC(29) Metaspace: 77171K->77171K(1120256K)
[2020-02-21T01:24:05.338+0000][1][gc           ] GC(29) Pause Young (Allocation Failure) 126M->63M(1015M) 442.627ms
[2020-02-21T01:24:05.338+0000][1][gc,cpu       ] GC(29) User=0.03s Sys=0.03s Real=0.45s
[2020-02-21T01:24:05.338+0000][1][safepoint    ] Safepoint "GenCollectForAllocation", Time since last: 1358974236 ns, Reaching safepoint: 88122 ns, At safepoint: 442685996 ns, Total: 442774118 ns
[2020-02-21T01:24:06.073+0000][1][safepoint    ] Safepoint "RevokeBias", Time since last: 734261021 ns, Reaching safepoint: 66624 ns, At safepoint: 19509 ns, Total: 86133 ns
[2020-02-21T01:24:08.634+0000][1][safepoint    ] Safepoint "RevokeBias", Time since last: 2560701232 ns, Reaching safepoint: 42411 ns, At safepoint: 13628 ns, Total: 56039 ns
[2020-02-21T01:24:11.189+0000][1][safepoint    ] Safepoint "RevokeBias", Time since last: 2555718712 ns, Reaching safepoint: 51341 ns, At safepoint: 16753 ns, Total: 68094 ns
[2020-02-21T01:24:11.628+0000][1][safepoint    ] Safepoint "RevokeBias", Time since last: 438295295 ns, Reaching safepoint: 73902 ns, At safepoint: 24506 ns, Total: 98408 ns
[2020-02-21T01:24:11.630+0000][1][safepoint    ] Safepoint "RevokeBias", Time since last: 2206781 ns, Reaching safepoint: 53244 ns, At safepoint: 30007 ns, Total: 83251 ns
[2020-02-21T01:24:12.638+0000][1][safepoint    ] Safepoint "Cleanup", Time since last: 1007445056 ns, Reaching safepoint: 97305 ns, At safepoint: 10098 ns, Total: 107403 ns
[2020-02-21T01:24:13.648+0000][1][safepoint    ] Safepoint "Cleanup", Time since last: 1009932473 ns, Reaching safepoint: 108414 ns, At safepoint: 10774 ns, Total: 119188 ns
[2020-02-21T01:24:13.725+0000][1][safepoint    ] Safepoint "RevokeBias", Time since last: 77330042 ns, Reaching safepoint: 62631 ns, At safepoint: 14974 ns, Total: 77605 ns
[2020-02-21T01:24:15.888+0000][1][safepoint    ] Safepoint "RevokeBias", Time since last: 2162530665 ns, Reaching safepoint: 114422 ns, At safepoint: 12287 ns, Total: 126709 ns
[2020-02-21T01:24:15.890+0000][1][safepoint    ] Safepoint "RevokeBias", Time since last: 1807879 ns, Reaching safepoint: 38593 ns, At safepoint: 9539 ns, Total: 48132 ns
[2020-02-21T01:24:16.249+0000][1][safepoint    ] Safepoint "BulkRevokeBias", Time since last: 359009953 ns, Reaching safepoint: 178037 ns, At safepoint: 378229 ns, Total: 556266 ns
[2020-02-21T01:24:18.268+0000][1][safepoint    ] Safepoint "Cleanup", Time since last: 2018409714 ns, Reaching safepoint: 87103 ns, At safepoint: 10484 ns, Total: 97587 ns
[2020-02-21T01:24:18.763+0000][1][safepoint    ] Safepoint "RevokeBias", Time since last: 495653596 ns, Reaching safepoint: 77505 ns, At safepoint: 20378 ns, Total: 97883 ns
[2020-02-21T01:24:21.299+0000][1][safepoint    ] Safepoint "RevokeBias", Time since last: 2535467758 ns, Reaching safepoint: 66763 ns, At safepoint: 16208 ns, Total: 82971 ns
[2020-02-21T01:24:23.308+0000][1][safepoint    ] Safepoint "Cleanup", Time since last: 2009023201 ns, Reaching safepoint: 90435 ns, At safepoint: 9837 ns, Total: 100272 ns
[2020-02-21T01:24:23.825+0000][1][safepoint    ] Safepoint "RevokeBias", Time since last: 516531078 ns, Reaching safepoint: 69883 ns, At safepoint: 18071 ns, Total: 87954 ns
[2020-02-21T01:24:24.828+0000][1][safepoint    ] Safepoint "Cleanup", Time since last: 1002779964 ns, Reaching safepoint: 92810 ns, At safepoint: 10674 ns, Total: 103484 ns
[2020-02-21T01:24:25.835+0000][1][safepoint    ] Safepoint "Cleanup", Time since last: 1006902825 ns, Reaching safepoint: 111780 ns, At safepoint: 23323 ns, Total: 135103 ns
[2020-02-21T01:24:26.343+0000][1][safepoint    ] Safepoint "RevokeBias", Time since last: 507906230 ns, Reaching safepoint: 43561 ns, At safepoint: 14094 ns, Total: 57655 ns
[2020-02-21T01:24:28.351+0000][1][safepoint    ] Safepoint "Cleanup", Time since last: 2007919901 ns, Reaching safepoint: 89201 ns, At safepoint: 9537 ns, Total: 98738 ns
[2020-02-21T01:24:28.860+0000][1][safepoint    ] Safepoint "RevokeBias", Time since last: 509775118 ns, Reaching safepoint: 66699 ns, At safepoint: 17219 ns, Total: 83918 ns
[2020-02-21T01:24:29.946+0000][1][safepoint    ] Safepoint "RevokeBias", Time since last: 1085474387 ns, Reaching safepoint: 74199 ns, At safepoint: 20930 ns, Total: 95129 ns
[2020-02-21T01:24:31.374+0000][1][safepoint    ] Safepoint "RevokeBias", Time since last: 1427491350 ns, Reaching safepoint: 76034 ns, At safepoint: 21141 ns, Total: 97175 ns
[2020-02-21T01:24:32.378+0000][1][safepoint    ] Safepoint "Cleanup", Time since last: 1004116220 ns, Reaching safepoint: 99959 ns, At safepoint: 7341 ns, Total: 107300 ns
[2020-02-21T01:24:33.378+0000][1][safepoint    ] Safepoint "Cleanup", Time since last: 1000274512 ns, Reaching safepoint: 90724 ns, At safepoint: 10206 ns, Total: 100930 ns
[2020-02-21T01:24:33.891+0000][1][safepoint    ] Safepoint "RevokeBias", Time since last: 512701490 ns, Reaching safepoint: 42410 ns, At safepoint: 15611 ns, Total: 58021 ns
[2020-02-21T01:24:35.893+0000][1][safepoint    ] Safepoint "Cleanup", Time since last: 2002263621 ns, Reaching safepoint: 94671 ns, At safepoint: 9565 ns, Total: 104236 ns
[2020-02-21T01:24:36.403+0000][1][safepoint    ] Safepoint "RevokeBias", Time since last: 509078930 ns, Reaching safepoint: 164549 ns, At safepoint: 19322 ns, Total: 183871 ns
[2020-02-21T01:24:37.404+0000][1][safepoint    ] Safepoint "Cleanup", Time since last: 1000887500 ns, Reaching safepoint: 97034 ns, At safepoint: 7429 ns, Total: 104463 ns
[2020-02-21T01:24:38.410+0000][1][safepoint    ] Safepoint "Cleanup", Time since last: 1005994708 ns, Reaching safepoint: 114529 ns, At safepoint: 8229 ns, Total: 122758 ns
[2020-02-21T01:24:38.925+0000][1][safepoint    ] Safepoint "RevokeBias", Time since last: 515436772 ns, Reaching safepoint: 46236 ns, At safepoint: 15727 ns, Total: 61963 ns
[2020-02-21T01:24:39.927+0000][1][safepoint    ] Safepoint "Cleanup", Time since last: 1002071125 ns, Reaching safepoint: 92368 ns, At safepoint: 10498 ns, Total: 102866 ns
[2020-02-21T01:24:41.438+0000][1][safepoint    ] Safepoint "RevokeBias", Time since last: 1510525917 ns, Reaching safepoint: 69779 ns, At safepoint: 18302 ns, Total: 88081 ns
[2020-02-21T01:24:43.951+0000][1][safepoint    ] Safepoint "RevokeBias", Time since last: 2512708303 ns, Reaching safepoint: 105916 ns, At safepoint: 20559 ns, Total: 126475 ns
[2020-02-21T01:24:46.464+0000][1][safepoint    ] Safepoint "RevokeBias", Time since last: 2512893454 ns, Reaching safepoint: 72974 ns, At safepoint: 17120 ns, Total: 90094 ns
[2020-02-21T01:24:48.975+0000][1][safepoint    ] Safepoint "RevokeBias", Time since last: 2511111042 ns, Reaching safepoint: 76240 ns, At safepoint: 20983 ns, Total: 97223 ns
[2020-02-21T01:24:49.975+0000][1][safepoint    ] Safepoint "Cleanup", Time since last: 1000383934 ns, Reaching safepoint: 92491 ns, At safepoint: 9378 ns, Total: 101869 ns
[2020-02-21T01:24:50.977+0000][1][safepoint    ] Safepoint "Cleanup", Time since last: 1001058494 ns, Reaching safepoint: 158941 ns, At safepoint: 8409 ns, Total: 167350 ns
[2020-02-21T01:24:51.485+0000][1][safepoint    ] Safepoint "RevokeBias", Time since last: 507965319 ns, Reaching safepoint: 89147 ns, At safepoint: 32755 ns, Total: 121902 ns
[2020-02-21T01:24:52.486+0000][1][safepoint    ] Safepoint "Cleanup", Time since last: 1001053355 ns, Reaching safepoint: 81665 ns, At safepoint: 9278 ns, Total: 90943 ns
[2020-02-21T01:24:53.487+0000][1][safepoint    ] Safepoint "Cleanup", Time since last: 1000694471 ns, Reaching safepoint: 84744 ns, At safepoint: 7470 ns, Total: 92214 ns
[2020-02-21T01:24:53.997+0000][1][safepoint    ] Safepoint "RevokeBias", Time since last: 510248271 ns, Reaching safepoint: 71289 ns, At safepoint: 18590 ns, Total: 89879 ns
[2020-02-21T01:24:56.522+0000][1][safepoint    ] Safepoint "RevokeBias", Time since last: 2525133754 ns, Reaching safepoint: 67001 ns, At safepoint: 16946 ns, Total: 83947 ns
[2020-02-21T01:24:57.523+0000][1][safepoint    ] Safepoint "Cleanup", Time since last: 1000920952 ns, Reaching safepoint: 79534 ns, At safepoint: 7462 ns, Total: 86996 ns
[2020-02-21T01:24:58.524+0000][1][safepoint    ] Safepoint "Cleanup", Time since last: 1000723470 ns, Reaching safepoint: 83117 ns, At safepoint: 10922 ns, Total: 94039 ns
[2020-02-21T01:24:59.043+0000][1][safepoint    ] Safepoint "RevokeBias", Time since last: 518394496 ns, Reaching safepoint: 67370 ns, At safepoint: 17602 ns, Total: 84972 ns
[2020-02-21T01:25:00.044+0000][1][safepoint    ] Safepoint "Cleanup", Time since last: 1000952016 ns, Reaching safepoint: 79230 ns, At safepoint: 7694 ns, Total: 86924 ns
[2020-02-21T01:25:01.554+0000][1][safepoint    ] Safepoint "RevokeBias", Time since last: 1510513303 ns, Reaching safepoint: 70668 ns, At safepoint: 18400 ns, Total: 89068 ns
[2020-02-21T01:25:02.558+0000][1][safepoint    ] Safepoint "Cleanup", Time since last: 1003656588 ns, Reaching safepoint: 495962 ns, At safepoint: 25996 ns, Total: 521958 ns
[2020-02-21T01:25:03.559+0000][1][safepoint    ] Safepoint "Cleanup", Time since last: 1000291422 ns, Reaching safepoint: 69355 ns, At safepoint: 8362 ns, Total: 77717 ns
[2020-02-21T01:25:04.067+0000][1][safepoint    ] Safepoint "RevokeBias", Time since last: 508325464 ns, Reaching safepoint: 56698 ns, At safepoint: 19135 ns, Total: 75833 ns
[2020-02-21T01:25:06.581+0000][1][safepoint    ] Safepoint "RevokeBias", Time since last: 2512348366 ns, Reaching safepoint: 1311240 ns, At safepoint: 51227 ns, Total: 1362467 ns
[2020-02-21T01:25:08.583+0000][1][safepoint    ] Safepoint "Cleanup", Time since last: 2002028689 ns, Reaching safepoint: 63794 ns, At safepoint: 6559 ns, Total: 70353 ns
[2020-02-21T01:25:09.088+0000][1][safepoint    ] Safepoint "RevokeBias", Time since last: 504437097 ns, Reaching safepoint: 72499 ns, At safepoint: 18593 ns, Total: 91092 ns
[2020-02-21T01:25:10.088+0000][1][safepoint    ] Safepoint "Cleanup", Time since last: 1000326242 ns, Reaching safepoint: 88935 ns, At safepoint: 21588 ns, Total: 110523 ns
[2020-02-21T01:25:11.602+0000][1][safepoint    ] Safepoint "RevokeBias", Time since last: 1513931851 ns, Reaching safepoint: 64987 ns, At safepoint: 17309 ns, Total: 82296 ns
[2020-02-21T01:25:14.124+0000][1][safepoint    ] Safepoint "RevokeBias", Time since last: 2521815799 ns, Reaching safepoint: 195927 ns, At safepoint: 20477 ns, Total: 216404 ns
[2020-02-21T01:25:15.126+0000][1][safepoint    ] Safepoint "Cleanup", Time since last: 1001793785 ns, Reaching safepoint: 86392 ns, At safepoint: 8096 ns, Total: 94488 ns
[2020-02-21T01:25:16.128+0000][1][safepoint    ] Safepoint "Cleanup", Time since last: 1001632781 ns, Reaching safepoint: 88423 ns, At safepoint: 8257 ns, Total: 96680 ns
[2020-02-21T01:25:16.633+0000][1][safepoint    ] Safepoint "RevokeBias", Time since last: 505474056 ns, Reaching safepoint: 70102 ns, At safepoint: 16211 ns, Total: 86313 ns
[2020-02-21T01:25:19.142+0000][1][safepoint    ] Safepoint "RevokeBias", Time since last: 2508400918 ns, Reaching safepoint: 67369 ns, At safepoint: 18869 ns, Total: 86238 ns
[2020-02-21T01:25:21.654+0000][1][safepoint    ] Safepoint "RevokeBias", Time since last: 2512000662 ns, Reaching safepoint: 49065 ns, At safepoint: 16459 ns, Total: 65524 ns
[2020-02-21T01:25:23.658+0000][1][safepoint    ] Safepoint "Cleanup", Time since last: 2003841193 ns, Reaching safepoint: 97857 ns, At safepoint: 7294 ns, Total: 105151 ns
[2020-02-21T01:25:24.171+0000][1][safepoint    ] Safepoint "RevokeBias", Time since last: 510399333 ns, Reaching safepoint: 2779067 ns, At safepoint: 23817 ns, Total: 2802884 ns
[2020-02-21T01:25:25.172+0000][1][safepoint    ] Safepoint "Cleanup", Time since last: 1000861256 ns, Reaching safepoint: 93977 ns, At safepoint: 7088 ns, Total: 101065 ns
[2020-02-21T01:25:26.684+0000][1][safepoint    ] Safepoint "RevokeBias", Time since last: 1512499523 ns, Reaching safepoint: 100568 ns, At safepoint: 16033 ns, Total: 116601 ns
[2020-02-21T01:25:28.686+0000][1][safepoint    ] Safepoint "Cleanup", Time since last: 2001135148 ns, Reaching safepoint: 81848 ns, At safepoint: 6909 ns, Total: 88757 ns
[2020-02-21T01:25:29.194+0000][1][safepoint    ] Safepoint "BulkRevokeBias", Time since last: 507522060 ns, Reaching safepoint: 79226 ns, At safepoint: 211283 ns, Total: 290509 ns
[2020-02-21T01:25:30.194+0000][1][safepoint    ] Safepoint "Cleanup", Time since last: 1000176086 ns, Reaching safepoint: 90422 ns, At safepoint: 7909 ns, Total: 98331 ns
[2020-02-21T01:25:31.706+0000][1][safepoint    ] Safepoint "RevokeBias", Time since last: 1511894855 ns, Reaching safepoint: 65147 ns, At safepoint: 18327 ns, Total: 83474 ns
[2020-02-21T01:25:34.213+0000][1][safepoint    ] Safepoint "RevokeBias", Time since last: 2506671981 ns, Reaching safepoint: 66283 ns, At safepoint: 16532 ns, Total: 82815 ns
[2020-02-21T01:25:36.214+0000][1][safepoint    ] Safepoint "Cleanup", Time since last: 2001165952 ns, Reaching safepoint: 96068 ns, At safepoint: 7981 ns, Total: 104049 ns
[2020-02-21T01:25:36.724+0000][1][safepoint    ] Safepoint "RevokeBias", Time since last: 509815629 ns, Reaching safepoint: 78184 ns, At safepoint: 21233 ns, Total: 99417 ns
[2020-02-21T01:25:38.727+0000][1][safepoint    ] Safepoint "Cleanup", Time since last: 2003623204 ns, Reaching safepoint: 104875 ns, At safepoint: 9079 ns, Total: 113954 ns
[2020-02-21T01:25:39.242+0000][1][safepoint    ] Safepoint "RevokeBias", Time since last: 514787978 ns, Reaching safepoint: 64381 ns, At safepoint: 16395 ns, Total: 80776 ns
[2020-02-21T01:25:40.247+0000][1][safepoint    ] Safepoint "Cleanup", Time since last: 1004751454 ns, Reaching safepoint: 97439 ns, At safepoint: 11938 ns, Total: 109377 ns
[2020-02-21T01:25:41.741+0000][1][safepoint    ] Safepoint "RevokeBias", Time since last: 1493618821 ns, Reaching safepoint: 63307 ns, At safepoint: 17412 ns, Total: 80719 ns
[2020-02-21T01:25:42.747+0000][1][safepoint    ] Safepoint "Cleanup", Time since last: 1006173856 ns, Reaching safepoint: 100351 ns, At safepoint: 8426 ns, Total: 108777 ns
[2020-02-21T01:25:44.271+0000][1][safepoint    ] Safepoint "RevokeBias", Time since last: 1523641473 ns, Reaching safepoint: 68379 ns, At safepoint: 18178 ns, Total: 86557 ns
[2020-02-21T01:25:46.287+0000][1][safepoint    ] Safepoint "Cleanup", Time since last: 2016195910 ns, Reaching safepoint: 103872 ns, At safepoint: 10027 ns, Total: 113899 ns
[2020-02-21T01:25:46.801+0000][1][safepoint    ] Safepoint "RevokeBias", Time since last: 514178290 ns, Reaching safepoint: 83522 ns, At safepoint: 20841 ns, Total: 104363 ns
[2020-02-21T01:25:49.303+0000][1][safepoint    ] Safepoint "RevokeBias", Time since last: 2501214924 ns, Reaching safepoint: 77626 ns, At safepoint: 20406 ns, Total: 98032 ns
[2020-02-21T01:25:51.817+0000][1][safepoint    ] Safepoint "RevokeBias", Time since last: 2514266315 ns, Reaching safepoint: 77866 ns, At safepoint: 20874 ns, Total: 98740 ns
[2020-02-21T01:25:54.330+0000][1][safepoint    ] Safepoint "RevokeBias", Time since last: 2512881332 ns, Reaching safepoint: 103096 ns, At safepoint: 24084 ns, Total: 127180 ns
[2020-02-21T01:25:56.836+0000][1][safepoint    ] Safepoint "RevokeBias", Time since last: 2505993859 ns, Reaching safepoint: 78832 ns, At safepoint: 20009 ns, Total: 98841 ns
[2020-02-21T01:25:59.347+0000][1][safepoint    ] Safepoint "RevokeBias", Time since last: 2510733893 ns, Reaching safepoint: 80663 ns, At safepoint: 18761 ns, Total: 99424 ns
[2020-02-21T01:26:00.348+0000][1][safepoint    ] Safepoint "Cleanup", Time since last: 1001168594 ns, Reaching safepoint: 100077 ns, At safepoint: 9077 ns, Total: 109154 ns
[2020-02-21T01:26:01.869+0000][1][safepoint    ] Safepoint "RevokeBias", Time since last: 1520788196 ns, Reaching safepoint: 143094 ns, At safepoint: 16120 ns, Total: 159214 ns
[2020-02-21T01:26:04.381+0000][1][safepoint    ] Safepoint "RevokeBias", Time since last: 2511872831 ns, Reaching safepoint: 72064 ns, At safepoint: 17829 ns, Total: 89893 ns
[2020-02-21T01:26:06.383+0000][1][safepoint    ] Safepoint "Cleanup", Time since last: 2002113216 ns, Reaching safepoint: 95439 ns, At safepoint: 10497 ns, Total: 105936 ns
[2020-02-21T01:26:06.893+0000][1][safepoint    ] Safepoint "RevokeBias", Time since last: 508967443 ns, Reaching safepoint: 72470 ns, At safepoint: 16442 ns, Total: 88912 ns
[2020-02-21T01:26:09.408+0000][1][safepoint    ] Safepoint "RevokeBias", Time since last: 2515189572 ns, Reaching safepoint: 86820 ns, At safepoint: 16670 ns, Total: 103490 ns
[2020-02-21T01:26:10.409+0000][1][safepoint    ] Safepoint "Cleanup", Time since last: 1000848097 ns, Reaching safepoint: 98251 ns, At safepoint: 10710 ns, Total: 108961 ns
[2020-02-21T01:26:11.912+0000][1][safepoint    ] Safepoint "RevokeBias", Time since last: 1503558817 ns, Reaching safepoint: 59736 ns, At safepoint: 18365 ns, Total: 78101 ns
[2020-02-21T01:26:14.423+0000][1][safepoint    ] Safepoint "RevokeBias", Time since last: 2510187940 ns, Reaching safepoint: 70042 ns, At safepoint: 17671 ns, Total: 87713 ns
[2020-02-21T01:26:16.425+0000][1][safepoint    ] Safepoint "Cleanup", Time since last: 2001896855 ns, Reaching safepoint: 83808 ns, At safepoint: 8470 ns, Total: 92278 ns
[2020-02-21T01:26:16.929+0000][1][safepoint    ] Safepoint "RevokeBias", Time since last: 504072551 ns, Reaching safepoint: 67997 ns, At safepoint: 17382 ns, Total: 85379 ns
[2020-02-21T01:26:18.143+0000][1][gc,start     ] GC(30) Pause Young (Allocation Failure)
[2020-02-21T01:26:18.143+0000][1][gc,task      ] GC(30) Using 1 workers of 1 for evacuation
[2020-02-21T01:26:18.170+0000][1][gc,age       ] GC(30) Desired survivor size 4358144 bytes, new threshold 6 (max threshold 6)
[2020-02-21T01:26:18.170+0000][1][gc,age       ] GC(30) Age table with threshold 6 (max threshold 6)
[2020-02-21T01:26:18.170+0000][1][gc,age       ] GC(30) - age   1:     220424 bytes,     220424 total
[2020-02-21T01:26:18.170+0000][1][gc,age       ] GC(30) - age   2:    1548864 bytes,    1769288 total
[2020-02-21T01:26:18.170+0000][1][gc,age       ] GC(30) - age   3:    2166728 bytes,    3936016 total
[2020-02-21T01:26:18.170+0000][1][gc,heap      ] GC(30) ParNew: 74165K->4291K(76672K)
[2020-02-21T01:26:18.170+0000][1][gc,heap      ] GC(30) CMS: 58560K->58560K(963392K)
[2020-02-21T01:26:18.170+0000][1][gc,metaspace ] GC(30) Metaspace: 77957K->77957K(1120256K)
[2020-02-21T01:26:18.171+0000][1][gc           ] GC(30) Pause Young (Allocation Failure) 129M->61M(1015M) 27.823ms
[2020-02-21T01:26:18.171+0000][1][gc,cpu       ] GC(30) User=0.02s Sys=0.00s Real=0.03s
[2020-02-21T01:26:18.171+0000][1][safepoint    ] Safepoint "GenCollectForAllocation", Time since last: 1213668043 ns, Reaching safepoint: 158811 ns, At safepoint: 27913987 ns, Total: 28072798 ns
[2020-02-21T01:26:19.441+0000][1][safepoint    ] Safepoint "RevokeBias", Time since last: 1269980803 ns, Reaching safepoint: 66816 ns, At safepoint: 17727 ns, Total: 84543 ns
[2020-02-21T01:26:21.442+0000][1][safepoint    ] Safepoint "Cleanup", Time since last: 2001537150 ns, Reaching safepoint: 90265 ns, At safepoint: 7510 ns, Total: 97775 ns
[2020-02-21T01:26:21.952+0000][1][safepoint    ] Safepoint "RevokeBias", Time since last: 509504517 ns, Reaching safepoint: 81729 ns, At safepoint: 33024 ns, Total: 114753 ns
[2020-02-21T01:26:24.468+0000][1][safepoint    ] Safepoint "RevokeBias", Time since last: 2515635763 ns, Reaching safepoint: 89431 ns, At safepoint: 21429 ns, Total: 110860 ns
[2020-02-21T01:26:26.473+0000][1][safepoint    ] Safepoint "Cleanup", Time since last: 2005361715 ns, Reaching safepoint: 95502 ns, At safepoint: 7024 ns, Total: 102526 ns
[2020-02-21T01:26:27.249+0000][1][safepoint    ] Safepoint "RevokeBias", Time since last: 775313111 ns, Reaching safepoint: 72941 ns, At safepoint: 18204 ns, Total: 91145 ns
[2020-02-21T01:26:29.757+0000][1][safepoint    ] Safepoint "RevokeBias", Time since last: 2508647088 ns, Reaching safepoint: 70453 ns, At safepoint: 18339 ns, Total: 88792 ns
[2020-02-21T01:26:30.758+0000][1][safepoint    ] Safepoint "Cleanup", Time since last: 1000698238 ns, Reaching safepoint: 85382 ns, At safepoint: 7369 ns, Total: 92751 ns
[2020-02-21T01:26:31.767+0000][1][safepoint    ] Safepoint "Cleanup", Time since last: 1002499329 ns, Reaching safepoint: 6354551 ns, At safepoint: 7451 ns, Total: 6362002 ns
[2020-02-21T01:26:32.265+0000][1][safepoint    ] Safepoint "RevokeBias", Time since last: 498061338 ns, Reaching safepoint: 67754 ns, At safepoint: 16500 ns, Total: 84254 ns
[2020-02-21T01:26:34.771+0000][1][safepoint    ] Safepoint "RevokeBias", Time since last: 2506274630 ns, Reaching safepoint: 76069 ns, At safepoint: 19731 ns, Total: 95800 ns
[2020-02-21T01:26:37.280+0000][1][safepoint    ] Safepoint "RevokeBias", Time since last: 2508482604 ns, Reaching safepoint: 110447 ns, At safepoint: 18923 ns, Total: 129370 ns
[2020-02-21T01:26:38.280+0000][1][safepoint    ] Safepoint "Cleanup", Time since last: 1000197293 ns, Reaching safepoint: 89399 ns, At safepoint: 18660 ns, Total: 108059 ns
[2020-02-21T01:26:39.788+0000][1][safepoint    ] Safepoint "RevokeBias", Time since last: 1507618079 ns, Reaching safepoint: 70407 ns, At safepoint: 17426 ns, Total: 87833 ns
[2020-02-21T01:26:42.300+0000][1][safepoint    ] Safepoint "BulkRevokeBias", Time since last: 2511577319 ns, Reaching safepoint: 73484 ns, At safepoint: 311653 ns, Total: 385137 ns
[2020-02-21T01:26:43.309+0000][1][safepoint    ] Safepoint "Cleanup", Time since last: 1008697630 ns, Reaching safepoint: 82273 ns, At safepoint: 6817 ns, Total: 89090 ns
[2020-02-21T01:26:44.819+0000][1][safepoint    ] Safepoint "RevokeBias", Time since last: 1509682729 ns, Reaching safepoint: 74977 ns, At safepoint: 17403 ns, Total: 92380 ns
[2020-02-21T01:26:46.827+0000][1][safepoint    ] Safepoint "Cleanup", Time since last: 2008394556 ns, Reaching safepoint: 208006 ns, At safepoint: 10081 ns, Total: 218087 ns
[2020-02-21T01:26:47.322+0000][1][safepoint    ] Safepoint "RevokeBias", Time since last: 494692230 ns, Reaching safepoint: 121553 ns, At safepoint: 33743 ns, Total: 155296 ns
[2020-02-21T01:26:48.328+0000][1][safepoint    ] Safepoint "Cleanup", Time since last: 1005199863 ns, Reaching safepoint: 157296 ns, At safepoint: 104052 ns, Total: 261348 ns
[2020-02-21T01:26:49.844+0000][1][safepoint    ] Safepoint "RevokeBias", Time since last: 1516370451 ns, Reaching safepoint: 73264 ns, At safepoint: 22975 ns, Total: 96239 ns
[2020-02-21T01:26:52.374+0000][1][safepoint    ] Safepoint "RevokeBias", Time since last: 2529497408 ns, Reaching safepoint: 96038 ns, At safepoint: 30161 ns, Total: 126199 ns
[2020-02-21T01:26:54.884+0000][1][safepoint    ] Safepoint "RevokeBias", Time since last: 2510020738 ns, Reaching safepoint: 81623 ns, At safepoint: 19738 ns, Total: 101361 ns
[2020-02-21T01:26:56.886+0000][1][safepoint    ] Safepoint "Cleanup", Time since last: 2002590349 ns, Reaching safepoint: 84049 ns, At safepoint: 8794 ns, Total: 92843 ns
[2020-02-21T01:26:57.388+0000][1][safepoint    ] Safepoint "RevokeBias", Time since last: 501398789 ns, Reaching safepoint: 68501 ns, At safepoint: 17530 ns, Total: 86031 ns
[2020-02-21T01:26:59.929+0000][1][safepoint    ] Safepoint "RevokeBias", Time since last: 2541131317 ns, Reaching safepoint: 80964 ns, At safepoint: 27707 ns, Total: 108671 ns
[2020-02-21T01:27:00.930+0000][1][safepoint    ] Safepoint "Cleanup", Time since last: 1000929211 ns, Reaching safepoint: 102194 ns, At safepoint: 11256 ns, Total: 113450 ns
[2020-02-21T01:27:02.495+0000][1][safepoint    ] Safepoint "RevokeBias", Time since last: 1564484615 ns, Reaching safepoint: 104393 ns, At safepoint: 28206 ns, Total: 132599 ns
[2020-02-21T01:27:05.009+0000][1][safepoint    ] Safepoint "RevokeBias", Time since last: 2514461332 ns, Reaching safepoint: 75474 ns, At safepoint: 18313 ns, Total: 93787 ns
[2020-02-21T01:27:07.012+0000][1][safepoint    ] Safepoint "Cleanup", Time since last: 2002482291 ns, Reaching safepoint: 178195 ns, At safepoint: 9607 ns, Total: 187802 ns
[2020-02-21T01:27:07.519+0000][1][safepoint    ] Safepoint "RevokeBias", Time since last: 506582374 ns, Reaching safepoint: 98402 ns, At safepoint: 27301 ns, Total: 125703 ns
[2020-02-21T01:27:10.132+0000][1][safepoint    ] Safepoint "RevokeBias", Time since last: 2613491590 ns, Reaching safepoint: 102764 ns, At safepoint: 26550 ns, Total: 129314 ns
[2020-02-21T01:27:12.643+0000][1][safepoint    ] Safepoint "RevokeBias", Time since last: 2510271918 ns, Reaching safepoint: 51025 ns, At safepoint: 17402 ns, Total: 68427 ns
[2020-02-21T01:27:15.172+0000][1][safepoint    ] Safepoint "RevokeBias", Time since last: 2529076231 ns, Reaching safepoint: 68742 ns, At safepoint: 17403 ns, Total: 86145 ns
[2020-02-21T01:27:17.190+0000][1][safepoint    ] Safepoint "Cleanup", Time since last: 2017624134 ns, Reaching safepoint: 85659 ns, At safepoint: 13865 ns, Total: 99524 ns
[2020-02-21T01:27:17.697+0000][1][safepoint    ] Safepoint "RevokeBias", Time since last: 507704524 ns, Reaching safepoint: 58885 ns, At safepoint: 18246 ns, Total: 77131 ns
[2020-02-21T01:27:20.205+0000][1][safepoint    ] Safepoint "RevokeBias", Time since last: 2507107635 ns, Reaching safepoint: 75287 ns, At safepoint: 19236 ns, Total: 94523 ns
[2020-02-21T01:27:22.723+0000][1][safepoint    ] Safepoint "RevokeBias", Time since last: 2518327166 ns, Reaching safepoint: 83322 ns, At safepoint: 19917 ns, Total: 103239 ns
[2020-02-21T01:27:25.235+0000][1][safepoint    ] Safepoint "RevokeBias", Time since last: 2511963338 ns, Reaching safepoint: 74939 ns, At safepoint: 17526 ns, Total: 92465 ns
[2020-02-21T01:27:26.237+0000][1][safepoint    ] Safepoint "Cleanup", Time since last: 1001679178 ns, Reaching safepoint: 95447 ns, At safepoint: 9323 ns, Total: 104770 ns
[2020-02-21T01:27:27.796+0000][1][safepoint    ] Safepoint "RevokeBias", Time since last: 1559174644 ns, Reaching safepoint: 79295 ns, At safepoint: 25214 ns, Total: 104509 ns
[2020-02-21T01:27:30.306+0000][1][safepoint    ] Safepoint "RevokeBias", Time since last: 2509309506 ns, Reaching safepoint: 84374 ns, At safepoint: 30112 ns, Total: 114486 ns
[2020-02-21T01:27:32.308+0000][1][safepoint    ] Safepoint "Cleanup", Time since last: 2002279636 ns, Reaching safepoint: 100186 ns, At safepoint: 10401 ns, Total: 110587 ns
[2020-02-21T01:27:32.830+0000][1][safepoint    ] Safepoint "RevokeBias", Time since last: 521825476 ns, Reaching safepoint: 72378 ns, At safepoint: 16491 ns, Total: 88869 ns
[2020-02-21T01:27:35.347+0000][1][safepoint    ] Safepoint "RevokeBias", Time since last: 2517226899 ns, Reaching safepoint: 71038 ns, At safepoint: 16512 ns, Total: 87550 ns
[2020-02-21T01:27:36.348+0000][1][safepoint    ] Safepoint "Cleanup", Time since last: 1000899324 ns, Reaching safepoint: 98212 ns, At safepoint: 10437 ns, Total: 108649 ns
[2020-02-21T01:27:37.853+0000][1][safepoint    ] Safepoint "RevokeBias", Time since last: 1504533019 ns, Reaching safepoint: 66909 ns, At safepoint: 16322 ns, Total: 83231 ns
[2020-02-21T01:27:40.363+0000][1][safepoint    ] Safepoint "RevokeBias", Time since last: 2510290677 ns, Reaching safepoint: 85767 ns, At safepoint: 21314 ns, Total: 107081 ns
[2020-02-21T01:27:42.365+0000][1][safepoint    ] Safepoint "Cleanup", Time since last: 2001768365 ns, Reaching safepoint: 99242 ns, At safepoint: 10548 ns, Total: 109790 ns
[2020-02-21T01:27:42.870+0000][1][safepoint    ] Safepoint "RevokeBias", Time since last: 505288252 ns, Reaching safepoint: 79168 ns, At safepoint: 18648 ns, Total: 97816 ns
[2020-02-21T01:27:43.872+0000][1][safepoint    ] Safepoint "Cleanup", Time since last: 1001105601 ns, Reaching safepoint: 97863 ns, At safepoint: 9565 ns, Total: 107428 ns
[2020-02-21T01:27:45.389+0000][1][safepoint    ] Safepoint "RevokeBias", Time since last: 1517724252 ns, Reaching safepoint: 68860 ns, At safepoint: 16449 ns, Total: 85309 ns
[2020-02-21T01:27:46.390+0000][1][safepoint    ] Safepoint "Cleanup", Time since last: 1000295474 ns, Reaching safepoint: 115866 ns, At safepoint: 12933 ns, Total: 128799 ns
[2020-02-21T01:27:47.910+0000][1][safepoint    ] Safepoint "RevokeBias", Time since last: 1519968824 ns, Reaching safepoint: 71308 ns, At safepoint: 17004 ns, Total: 88312 ns
[2020-02-21T01:27:50.419+0000][1][safepoint    ] Safepoint "RevokeBias", Time since last: 2508869799 ns, Reaching safepoint: 124431 ns, At safepoint: 52688 ns, Total: 177119 ns
[2020-02-21T01:27:52.937+0000][1][safepoint    ] Safepoint "RevokeBias", Time since last: 2518283453 ns, Reaching safepoint: 53100 ns, At safepoint: 16578 ns, Total: 69678 ns
[2020-02-21T01:27:55.452+0000][1][safepoint    ] Safepoint "BulkRevokeBias", Time since last: 2514307345 ns, Reaching safepoint: 76945 ns, At safepoint: 201871 ns, Total: 278816 ns
[2020-02-21T01:27:56.456+0000][1][safepoint    ] Safepoint "Cleanup", Time since last: 1003558713 ns, Reaching safepoint: 99024 ns, At safepoint: 6374 ns, Total: 105398 ns
[2020-02-21T01:27:57.955+0000][1][safepoint    ] Safepoint "RevokeBias", Time since last: 1499681534 ns, Reaching safepoint: 71428 ns, At safepoint: 17893 ns, Total: 89321 ns
[2020-02-21T01:27:59.959+0000][1][safepoint    ] Safepoint "Cleanup", Time since last: 2003293367 ns, Reaching safepoint: 163847 ns, At safepoint: 12277 ns, Total: 176124 ns
[2020-02-21T01:28:00.465+0000][1][safepoint    ] Safepoint "RevokeBias", Time since last: 505917537 ns, Reaching safepoint: 72990 ns, At safepoint: 17889 ns, Total: 90879 ns
[2020-02-21T01:28:01.465+0000][1][safepoint    ] Safepoint "Cleanup", Time since last: 1000133876 ns, Reaching safepoint: 89796 ns, At safepoint: 7164 ns, Total: 96960 ns
[2020-02-21T01:28:02.468+0000][1][safepoint    ] Safepoint "Cleanup", Time since last: 1002907012 ns, Reaching safepoint: 82107 ns, At safepoint: 6649 ns, Total: 88756 ns
[2020-02-21T01:28:02.979+0000][1][safepoint    ] Safepoint "RevokeBias", Time since last: 510967764 ns, Reaching safepoint: 54646 ns, At safepoint: 16109 ns, Total: 70755 ns
[2020-02-21T01:28:05.489+0000][1][safepoint    ] Safepoint "RevokeBias", Time since last: 2509560837 ns, Reaching safepoint: 50763 ns, At safepoint: 15464 ns, Total: 66227 ns
[2020-02-21T01:28:06.490+0000][1][safepoint    ] Safepoint "Cleanup", Time since last: 1001163558 ns, Reaching safepoint: 100214 ns, At safepoint: 10027 ns, Total: 110241 ns
[2020-02-21T01:28:07.998+0000][1][safepoint    ] Safepoint "RevokeBias", Time since last: 1508149545 ns, Reaching safepoint: 67210 ns, At safepoint: 16454 ns, Total: 83664 ns
[2020-02-21T01:28:10.506+0000][1][safepoint    ] Safepoint "RevokeBias", Time since last: 2508142928 ns, Reaching safepoint: 74771 ns, At safepoint: 16433 ns, Total: 91204 ns
[2020-02-21T01:28:12.508+0000][1][safepoint    ] Safepoint "Cleanup", Time since last: 2001121544 ns, Reaching safepoint: 91311 ns, At safepoint: 7779 ns, Total: 99090 ns
[2020-02-21T01:28:13.010+0000][1][safepoint    ] Safepoint "RevokeBias", Time since last: 502272596 ns, Reaching safepoint: 57081 ns, At safepoint: 18388 ns, Total: 75469 ns
[2020-02-21T01:28:15.518+0000][1][safepoint    ] Safepoint "RevokeBias", Time since last: 2507385150 ns, Reaching safepoint: 76291 ns, At safepoint: 18021 ns, Total: 94312 ns
[2020-02-21T01:28:16.518+0000][1][safepoint    ] Safepoint "Cleanup", Time since last: 1000370576 ns, Reaching safepoint: 102099 ns, At safepoint: 9289 ns, Total: 111388 ns
[2020-02-21T01:28:18.025+0000][1][safepoint    ] Safepoint "RevokeBias", Time since last: 1506993291 ns, Reaching safepoint: 93691 ns, At safepoint: 25595 ns, Total: 119286 ns
[2020-02-21T01:28:19.025+0000][1][safepoint    ] Safepoint "Cleanup", Time since last: 1000280438 ns, Reaching safepoint: 96886 ns, At safepoint: 8790 ns, Total: 105676 ns
[2020-02-21T01:28:20.543+0000][1][safepoint    ] Safepoint "RevokeBias", Time since last: 1517760051 ns, Reaching safepoint: 51350 ns, At safepoint: 14510 ns, Total: 65860 ns
[2020-02-21T01:28:21.544+0000][1][safepoint    ] Safepoint "Cleanup", Time since last: 1000651892 ns, Reaching safepoint: 100178 ns, At safepoint: 12160 ns, Total: 112338 ns
[2020-02-21T01:28:23.060+0000][1][safepoint    ] Safepoint "RevokeBias", Time since last: 1515776954 ns, Reaching safepoint: 71960 ns, At safepoint: 17128 ns, Total: 89088 ns
[2020-02-21T01:28:25.568+0000][1][safepoint    ] Safepoint "RevokeBias", Time since last: 2507766248 ns, Reaching safepoint: 95865 ns, At safepoint: 19973 ns, Total: 115838 ns
[2020-02-21T01:28:26.573+0000][1][safepoint    ] Safepoint "Cleanup", Time since last: 1005236329 ns, Reaching safepoint: 70645 ns, At safepoint: 7006 ns, Total: 77651 ns
[2020-02-21T01:28:28.081+0000][1][safepoint    ] Safepoint "RevokeBias", Time since last: 1507863243 ns, Reaching safepoint: 76361 ns, At safepoint: 19270 ns, Total: 95631 ns
[2020-02-21T01:28:30.592+0000][1][safepoint    ] Safepoint "RevokeBias", Time since last: 2510395778 ns, Reaching safepoint: 72501 ns, At safepoint: 17977 ns, Total: 90478 ns
[2020-02-21T01:28:33.107+0000][1][safepoint    ] Safepoint "RevokeBias", Time since last: 2515346368 ns, Reaching safepoint: 56602 ns, At safepoint: 17451 ns, Total: 74053 ns
[2020-02-21T01:28:35.111+0000][1][safepoint    ] Safepoint "Cleanup", Time since last: 2004195584 ns, Reaching safepoint: 82681 ns, At safepoint: 7466 ns, Total: 90147 ns
[2020-02-21T01:28:35.610+0000][1][safepoint    ] Safepoint "RevokeBias", Time since last: 498974552 ns, Reaching safepoint: 73520 ns, At safepoint: 18693 ns, Total: 92213 ns
[2020-02-21T01:28:38.136+0000][1][safepoint    ] Safepoint "RevokeBias", Time since last: 2526025651 ns, Reaching safepoint: 49843 ns, At safepoint: 15416 ns, Total: 65259 ns
[2020-02-21T01:28:38.324+0000][1][gc,start     ] GC(31) Pause Young (Allocation Failure)
[2020-02-21T01:28:38.324+0000][1][gc,task      ] GC(31) Using 1 workers of 1 for evacuation
[2020-02-21T01:28:38.359+0000][1][gc,age       ] GC(31) Desired survivor size 4358144 bytes, new threshold 6 (max threshold 6)
[2020-02-21T01:28:38.359+0000][1][gc,age       ] GC(31) Age table with threshold 6 (max threshold 6)
[2020-02-21T01:28:38.359+0000][1][gc,age       ] GC(31) - age   1:      30120 bytes,      30120 total
[2020-02-21T01:28:38.359+0000][1][gc,age       ] GC(31) - age   2:     204696 bytes,     234816 total
[2020-02-21T01:28:38.359+0000][1][gc,age       ] GC(31) - age   3:    1548680 bytes,    1783496 total
[2020-02-21T01:28:38.359+0000][1][gc,age       ] GC(31) - age   4:    2166696 bytes,    3950192 total
[2020-02-21T01:28:38.359+0000][1][gc,heap      ] GC(31) ParNew: 72451K->3955K(76672K)
[2020-02-21T01:28:38.359+0000][1][gc,heap      ] GC(31) CMS: 58560K->58560K(963392K)
[2020-02-21T01:28:38.359+0000][1][gc,metaspace ] GC(31) Metaspace: 78225K->78225K(1122304K)
[2020-02-21T01:28:38.359+0000][1][gc           ] GC(31) Pause Young (Allocation Failure) 127M->61M(1015M) 34.572ms
[2020-02-21T01:28:38.359+0000][1][gc,cpu       ] GC(31) User=0.03s Sys=0.00s Real=0.04s
[2020-02-21T01:28:38.359+0000][1][safepoint    ] Safepoint "GenCollectForAllocation", Time since last: 187643347 ns, Reaching safepoint: 160728 ns, At safepoint: 34680193 ns, Total: 34840921 ns
[2020-02-21T01:28:40.659+0000][1][safepoint    ] Safepoint "RevokeBias", Time since last: 2300377705 ns, Reaching safepoint: 72538 ns, At safepoint: 17594 ns, Total: 90132 ns
[2020-02-21T01:28:42.663+0000][1][safepoint    ] Safepoint "Cleanup", Time since last: 2003370468 ns, Reaching safepoint: 101793 ns, At safepoint: 10785 ns, Total: 112578 ns
[2020-02-21T01:28:43.176+0000][1][safepoint    ] Safepoint "RevokeBias", Time since last: 512566856 ns, Reaching safepoint: 80287 ns, At safepoint: 17100 ns, Total: 97387 ns
[2020-02-21T01:28:43.270+0000][1][safepoint    ] Safepoint "RevokeBias", Time since last: 94072229 ns, Reaching safepoint: 69091 ns, At safepoint: 6953 ns, Total: 76044 ns
[2020-02-21T01:28:43.273+0000][1][safepoint    ] Safepoint "RevokeBias", Time since last: 3341469 ns, Reaching safepoint: 64155 ns, At safepoint: 16236 ns, Total: 80391 ns
[2020-02-21T01:28:43.288+0000][1][safepoint    ] Safepoint "RevokeBias", Time since last: 15065628 ns, Reaching safepoint: 129608 ns, At safepoint: 24067 ns, Total: 153675 ns
[2020-02-21T01:28:43.289+0000][1][safepoint    ] Safepoint "RevokeBias", Time since last: 711859 ns, Reaching safepoint: 111727 ns, At safepoint: 19849 ns, Total: 131576 ns
[2020-02-21T01:28:45.686+0000][1][safepoint    ] Safepoint "RevokeBias", Time since last: 2396350708 ns, Reaching safepoint: 72166 ns, At safepoint: 16536 ns, Total: 88702 ns
[2020-02-21T01:28:46.688+0000][1][safepoint    ] Safepoint "Cleanup", Time since last: 1002702647 ns, Reaching safepoint: 114319 ns, At safepoint: 7335 ns, Total: 121654 ns
[2020-02-21T01:28:48.193+0000][1][safepoint    ] Safepoint "RevokeBias", Time since last: 1504219551 ns, Reaching safepoint: 90440 ns, At safepoint: 20454 ns, Total: 110894 ns
[2020-02-21T01:28:50.702+0000][1][safepoint    ] Safepoint "RevokeBias", Time since last: 2509039773 ns, Reaching safepoint: 73098 ns, At safepoint: 17077 ns, Total: 90175 ns
[2020-02-21T01:28:53.218+0000][1][safepoint    ] Safepoint "RevokeBias", Time since last: 2516061709 ns, Reaching safepoint: 80316 ns, At safepoint: 18980 ns, Total: 99296 ns
[2020-02-21T01:28:55.738+0000][1][safepoint    ] Safepoint "RevokeBias", Time since last: 2520312816 ns, Reaching safepoint: 91390 ns, At safepoint: 18541 ns, Total: 109931 ns
[2020-02-21T01:28:58.252+0000][1][safepoint    ] Safepoint "RevokeBias", Time since last: 2513453773 ns, Reaching safepoint: 146455 ns, At safepoint: 21666 ns, Total: 168121 ns
[2020-02-21T01:29:00.761+0000][1][safepoint    ] Safepoint "RevokeBias", Time since last: 2508669925 ns, Reaching safepoint: 88515 ns, At safepoint: 21588 ns, Total: 110103 ns
[2020-02-21T01:29:03.270+0000][1][safepoint    ] Safepoint "RevokeBias", Time since last: 2508761628 ns, Reaching safepoint: 58263 ns, At safepoint: 15594 ns, Total: 73857 ns
[2020-02-21T01:29:05.777+0000][1][safepoint    ] Safepoint "RevokeBias", Time since last: 2507023250 ns, Reaching safepoint: 77836 ns, At safepoint: 18138 ns, Total: 95974 ns
[2020-02-21T01:29:08.297+0000][1][safepoint    ] Safepoint "BulkRevokeBias", Time since last: 2519936054 ns, Reaching safepoint: 53470 ns, At safepoint: 146176 ns, Total: 199646 ns
[2020-02-21T01:29:10.820+0000][1][safepoint    ] Safepoint "RevokeBias", Time since last: 2522758035 ns, Reaching safepoint: 73844 ns, At safepoint: 43408 ns, Total: 117252 ns
[2020-02-21T01:29:13.333+0000][1][safepoint    ] Safepoint "RevokeBias", Time since last: 2512983112 ns, Reaching safepoint: 79006 ns, At safepoint: 19229 ns, Total: 98235 ns
[2020-02-21T01:29:15.844+0000][1][safepoint    ] Safepoint "RevokeBias", Time since last: 2510772011 ns, Reaching safepoint: 76028 ns, At safepoint: 17066 ns, Total: 93094 ns
[2020-02-21T01:29:18.355+0000][1][safepoint    ] Safepoint "RevokeBias", Time since last: 2511098902 ns, Reaching safepoint: 89205 ns, At safepoint: 22085 ns, Total: 111290 ns
[2020-02-21T01:29:20.861+0000][1][safepoint    ] Safepoint "RevokeBias", Time since last: 2505992603 ns, Reaching safepoint: 75248 ns, At safepoint: 18023 ns, Total: 93271 ns
[2020-02-21T01:29:23.370+0000][1][safepoint    ] Safepoint "RevokeBias", Time since last: 2508820906 ns, Reaching safepoint: 79584 ns, At safepoint: 19533 ns, Total: 99117 ns
[2020-02-21T01:29:25.893+0000][1][safepoint    ] Safepoint "RevokeBias", Time since last: 2523138683 ns, Reaching safepoint: 75167 ns, At safepoint: 18179 ns, Total: 93346 ns
[2020-02-21T01:29:26.894+0000][1][safepoint    ] Safepoint "Cleanup", Time since last: 1000181629 ns, Reaching safepoint: 133191 ns, At safepoint: 9604 ns, Total: 142795 ns
[2020-02-21T01:29:28.406+0000][1][safepoint    ] Safepoint "RevokeBias", Time since last: 1512266797 ns, Reaching safepoint: 72789 ns, At safepoint: 17455 ns, Total: 90244 ns
[2020-02-21T01:29:29.407+0000][1][safepoint    ] Safepoint "Cleanup", Time since last: 1000733450 ns, Reaching safepoint: 95592 ns, At safepoint: 8637 ns, Total: 104229 ns
[2020-02-21T01:29:30.407+0000][1][safepoint    ] Safepoint "Cleanup", Time since last: 1000400886 ns, Reaching safepoint: 86071 ns, At safepoint: 6060 ns, Total: 92131 ns
[2020-02-21T01:29:30.912+0000][1][safepoint    ] Safepoint "RevokeBias", Time since last: 504469951 ns, Reaching safepoint: 78353 ns, At safepoint: 18184 ns, Total: 96537 ns
[2020-02-21T01:29:31.916+0000][1][safepoint    ] Safepoint "Cleanup", Time since last: 1003879789 ns, Reaching safepoint: 110971 ns, At safepoint: 7424 ns, Total: 118395 ns
[2020-02-21T01:29:33.425+0000][1][safepoint    ] Safepoint "RevokeBias", Time since last: 1508803874 ns, Reaching safepoint: 61626 ns, At safepoint: 16174 ns, Total: 77800 ns
[2020-02-21T01:29:34.428+0000][1][safepoint    ] Safepoint "Cleanup", Time since last: 1003315263 ns, Reaching safepoint: 241271 ns, At safepoint: 28561 ns, Total: 269832 ns
[2020-02-21T01:29:36.019+0000][1][safepoint    ] Safepoint "RevokeBias", Time since last: 1590333647 ns, Reaching safepoint: 112716 ns, At safepoint: 35179 ns, Total: 147895 ns
[2020-02-21T01:29:37.021+0000][1][safepoint    ] Safepoint "Cleanup", Time since last: 1002273177 ns, Reaching safepoint: 107873 ns, At safepoint: 8389 ns, Total: 116262 ns
[2020-02-21T01:29:38.546+0000][1][safepoint    ] Safepoint "RevokeBias", Time since last: 1524661194 ns, Reaching safepoint: 77395 ns, At safepoint: 16326 ns, Total: 93721 ns
[2020-02-21T01:29:41.054+0000][1][safepoint    ] Safepoint "RevokeBias", Time since last: 2507636276 ns, Reaching safepoint: 85916 ns, At safepoint: 19325 ns, Total: 105241 ns
[2020-02-21T01:29:42.058+0000][1][safepoint    ] Safepoint "Cleanup", Time since last: 1003770781 ns, Reaching safepoint: 110751 ns, At safepoint: 13058 ns, Total: 123809 ns
[2020-02-21T01:29:43.580+0000][1][safepoint    ] Safepoint "RevokeBias", Time since last: 1522237355 ns, Reaching safepoint: 75108 ns, At safepoint: 17342 ns, Total: 92450 ns
[2020-02-21T01:29:46.095+0000][1][safepoint    ] Safepoint "RevokeBias", Time since last: 2515178937 ns, Reaching safepoint: 77364 ns, At safepoint: 18842 ns, Total: 96206 ns
[2020-02-21T01:29:47.097+0000][1][safepoint    ] Safepoint "Cleanup", Time since last: 1001475286 ns, Reaching safepoint: 135850 ns, At safepoint: 15051 ns, Total: 150901 ns
[2020-02-21T01:29:48.614+0000][1][safepoint    ] Safepoint "RevokeBias", Time since last: 1517224628 ns, Reaching safepoint: 84843 ns, At safepoint: 19499 ns, Total: 104342 ns
[2020-02-21T01:29:51.120+0000][1][safepoint    ] Safepoint "RevokeBias", Time since last: 2505519862 ns, Reaching safepoint: 99471 ns, At safepoint: 136460 ns, Total: 235931 ns
[2020-02-21T01:29:53.638+0000][1][safepoint    ] Safepoint "RevokeBias", Time since last: 2518351938 ns, Reaching safepoint: 59396 ns, At safepoint: 15673 ns, Total: 75069 ns
[2020-02-21T01:29:56.168+0000][1][safepoint    ] Safepoint "RevokeBias", Time since last: 2529531705 ns, Reaching safepoint: 90519 ns, At safepoint: 17711 ns, Total: 108230 ns
[2020-02-21T01:29:58.691+0000][1][safepoint    ] Safepoint "RevokeBias", Time since last: 2522563852 ns, Reaching safepoint: 53080 ns, At safepoint: 15736 ns, Total: 68816 ns
[2020-02-21T01:30:01.198+0000][1][safepoint    ] Safepoint "RevokeBias", Time since last: 2507338816 ns, Reaching safepoint: 96153 ns, At safepoint: 19992 ns, Total: 116145 ns
[2020-02-21T01:30:02.202+0000][1][safepoint    ] Safepoint "Cleanup", Time since last: 1003550126 ns, Reaching safepoint: 93614 ns, At safepoint: 8657 ns, Total: 102271 ns
[2020-02-21T01:30:03.709+0000][1][safepoint    ] Safepoint "RevokeBias", Time since last: 1506027149 ns, Reaching safepoint: 1178369 ns, At safepoint: 23814 ns, Total: 1202183 ns
[2020-02-21T01:30:06.211+0000][1][safepoint    ] Safepoint "RevokeBias", Time since last: 2502388142 ns, Reaching safepoint: 88907 ns, At safepoint: 20981 ns, Total: 109888 ns
[2020-02-21T01:30:08.214+0000][1][safepoint    ] Safepoint "Cleanup", Time since last: 2002658629 ns, Reaching safepoint: 186193 ns, At safepoint: 7375 ns, Total: 193568 ns
[2020-02-21T01:30:08.719+0000][1][safepoint    ] Safepoint "RevokeBias", Time since last: 505071559 ns, Reaching safepoint: 91928 ns, At safepoint: 20436 ns, Total: 112364 ns
[2020-02-21T01:30:09.721+0000][1][safepoint    ] Safepoint "Cleanup", Time since last: 1001196443 ns, Reaching safepoint: 97366 ns, At safepoint: 9058 ns, Total: 106424 ns
[2020-02-21T01:30:11.228+0000][1][safepoint    ] Safepoint "RevokeBias", Time since last: 1507598664 ns, Reaching safepoint: 81242 ns, At safepoint: 18222 ns, Total: 99464 ns
[2020-02-21T01:30:12.230+0000][1][safepoint    ] Safepoint "Cleanup", Time since last: 1001437800 ns, Reaching safepoint: 104128 ns, At safepoint: 9676 ns, Total: 113804 ns
[2020-02-21T01:30:13.761+0000][1][safepoint    ] Safepoint "RevokeBias", Time since last: 1524475203 ns, Reaching safepoint: 6323854 ns, At safepoint: 24091 ns, Total: 6347945 ns
[2020-02-21T01:30:14.762+0000][1][safepoint    ] Safepoint "Cleanup", Time since last: 1001395426 ns, Reaching safepoint: 98036 ns, At safepoint: 10021 ns, Total: 108057 ns
[2020-02-21T01:30:16.269+0000][1][safepoint    ] Safepoint "RevokeBias", Time since last: 1506925703 ns, Reaching safepoint: 81136 ns, At safepoint: 17199 ns, Total: 98335 ns
[2020-02-21T01:30:17.270+0000][1][safepoint    ] Safepoint "Cleanup", Time since last: 1000652658 ns, Reaching safepoint: 107973 ns, At safepoint: 12452 ns, Total: 120425 ns
[2020-02-21T01:30:18.777+0000][1][safepoint    ] Safepoint "RevokeBias", Time since last: 1506681858 ns, Reaching safepoint: 89904 ns, At safepoint: 25186 ns, Total: 115090 ns
[2020-02-21T01:30:21.291+0000][1][safepoint    ] Safepoint "BulkRevokeBias", Time since last: 2513596755 ns, Reaching safepoint: 60814 ns, At safepoint: 288604 ns, Total: 349418 ns
[2020-02-21T01:30:23.799+0000][1][safepoint    ] Safepoint "RevokeBias", Time since last: 2507924053 ns, Reaching safepoint: 92520 ns, At safepoint: 21547 ns, Total: 114067 ns
[2020-02-21T01:30:26.306+0000][1][safepoint    ] Safepoint "RevokeBias", Time since last: 2506895343 ns, Reaching safepoint: 97421 ns, At safepoint: 21368 ns, Total: 118789 ns
[2020-02-21T01:30:28.810+0000][1][safepoint    ] Safepoint "RevokeBias", Time since last: 2504201953 ns, Reaching safepoint: 77268 ns, At safepoint: 17981 ns, Total: 95249 ns
[2020-02-21T01:30:30.811+0000][1][safepoint    ] Safepoint "Cleanup", Time since last: 2000978800 ns, Reaching safepoint: 119340 ns, At safepoint: 7649 ns, Total: 126989 ns
[2020-02-21T01:30:31.328+0000][1][safepoint    ] Safepoint "RevokeBias", Time since last: 516628831 ns, Reaching safepoint: 75112 ns, At safepoint: 16116 ns, Total: 91228 ns
[2020-02-21T01:30:32.328+0000][1][safepoint    ] Safepoint "Cleanup", Time since last: 1000268423 ns, Reaching safepoint: 107560 ns, At safepoint: 12396 ns, Total: 119956 ns
[2020-02-21T01:30:33.842+0000][1][safepoint    ] Safepoint "RevokeBias", Time since last: 1513720222 ns, Reaching safepoint: 81194 ns, At safepoint: 20029 ns, Total: 101223 ns
[2020-02-21T01:30:36.346+0000][1][safepoint    ] Safepoint "RevokeBias", Time since last: 2503644488 ns, Reaching safepoint: 90086 ns, At safepoint: 21471 ns, Total: 111557 ns
[2020-02-21T01:30:38.857+0000][1][safepoint    ] Safepoint "RevokeBias", Time since last: 2510700559 ns, Reaching safepoint: 117334 ns, At safepoint: 23602 ns, Total: 140936 ns
[2020-02-21T01:30:41.365+0000][1][safepoint    ] Safepoint "RevokeBias", Time since last: 2508015600 ns, Reaching safepoint: 76782 ns, At safepoint: 18595 ns, Total: 95377 ns
[2020-02-21T01:30:43.894+0000][1][safepoint    ] Safepoint "RevokeBias", Time since last: 2529167424 ns, Reaching safepoint: 92530 ns, At safepoint: 16027 ns, Total: 108557 ns
[2020-02-21T01:30:46.413+0000][1][safepoint    ] Safepoint "RevokeBias", Time since last: 2519051058 ns, Reaching safepoint: 56569 ns, At safepoint: 15957 ns, Total: 72526 ns
[2020-02-21T01:30:47.414+0000][1][safepoint    ] Safepoint "Cleanup", Time since last: 1000689026 ns, Reaching safepoint: 89639 ns, At safepoint: 7409 ns, Total: 97048 ns
[2020-02-21T01:30:48.925+0000][1][safepoint    ] Safepoint "RevokeBias", Time since last: 1510278536 ns, Reaching safepoint: 75883 ns, At safepoint: 17480 ns, Total: 93363 ns
[2020-02-21T01:30:51.437+0000][1][safepoint    ] Safepoint "RevokeBias", Time since last: 2512585660 ns, Reaching safepoint: 84026 ns, At safepoint: 16817 ns, Total: 100843 ns
[2020-02-21T01:30:53.953+0000][1][safepoint    ] Safepoint "RevokeBias", Time since last: 2514158129 ns, Reaching safepoint: 1258090 ns, At safepoint: 23943 ns, Total: 1282033 ns
[2020-02-21T01:30:56.458+0000][1][safepoint    ] Safepoint "RevokeBias", Time since last: 2505168836 ns, Reaching safepoint: 102939 ns, At safepoint: 25662 ns, Total: 128601 ns
[2020-02-21T01:30:58.503+0000][1][gc,start     ] GC(32) Pause Young (Allocation Failure)
[2020-02-21T01:30:58.503+0000][1][gc,task      ] GC(32) Using 1 workers of 1 for evacuation
[2020-02-21T01:30:58.533+0000][1][gc,age       ] GC(32) Desired survivor size 4358144 bytes, new threshold 6 (max threshold 6)
[2020-02-21T01:30:58.533+0000][1][gc,age       ] GC(32) Age table with threshold 6 (max threshold 6)
[2020-02-21T01:30:58.533+0000][1][gc,age       ] GC(32) - age   1:      46176 bytes,      46176 total
[2020-02-21T01:30:58.533+0000][1][gc,age       ] GC(32) - age   2:      18080 bytes,      64256 total
[2020-02-21T01:30:58.533+0000][1][gc,age       ] GC(32) - age   3:     203000 bytes,     267256 total
[2020-02-21T01:30:58.533+0000][1][gc,age       ] GC(32) - age   4:    1548680 bytes,    1815936 total
[2020-02-21T01:30:58.533+0000][1][gc,age       ] GC(32) - age   5:    2166696 bytes,    3982632 total
[2020-02-21T01:30:58.533+0000][1][gc,heap      ] GC(32) ParNew: 72115K->7764K(76672K)
[2020-02-21T01:30:58.533+0000][1][gc,heap      ] GC(32) CMS: 58560K->58560K(963392K)
[2020-02-21T01:30:58.533+0000][1][gc,metaspace ] GC(32) Metaspace: 78492K->78492K(1122304K)
[2020-02-21T01:30:58.533+0000][1][gc           ] GC(32) Pause Young (Allocation Failure) 127M->64M(1015M) 30.307ms
[2020-02-21T01:30:58.533+0000][1][gc,cpu       ] GC(32) User=0.03s Sys=0.00s Real=0.03s
[2020-02-21T01:30:58.533+0000][1][safepoint    ] Safepoint "GenCollectForAllocation", Time since last: 2044493557 ns, Reaching safepoint: 97823 ns, At safepoint: 30564586 ns, Total: 30662409 ns
[2020-02-21T01:30:58.966+0000][1][safepoint    ] Safepoint "RevokeBias", Time since last: 433084820 ns, Reaching safepoint: 79999 ns, At safepoint: 18807 ns, Total: 98806 ns
[2020-02-21T01:31:01.548+0000][1][safepoint    ] Safepoint "RevokeBias", Time since last: 2581580073 ns, Reaching safepoint: 90673 ns, At safepoint: 19468 ns, Total: 110141 ns
[2020-02-21T01:31:02.548+0000][1][safepoint    ] Safepoint "Cleanup", Time since last: 1000115810 ns, Reaching safepoint: 90893 ns, At safepoint: 7415 ns, Total: 98308 ns
[2020-02-21T01:31:04.058+0000][1][safepoint    ] Safepoint "RevokeBias", Time since last: 1509472522 ns, Reaching safepoint: 201234 ns, At safepoint: 22857 ns, Total: 224091 ns
[2020-02-21T01:31:06.578+0000][1][safepoint    ] Safepoint "RevokeBias", Time since last: 2519766957 ns, Reaching safepoint: 98888 ns, At safepoint: 26420 ns, Total: 125308 ns
[2020-02-21T01:31:09.086+0000][1][safepoint    ] Safepoint "RevokeBias", Time since last: 2508159211 ns, Reaching safepoint: 122232 ns, At safepoint: 21767 ns, Total: 143999 ns
[2020-02-21T01:31:11.592+0000][1][safepoint    ] Safepoint "RevokeBias", Time since last: 2506117796 ns, Reaching safepoint: 82823 ns, At safepoint: 20013 ns, Total: 102836 ns
[2020-02-21T01:31:14.123+0000][1][safepoint    ] Safepoint "RevokeBias", Time since last: 2530751941 ns, Reaching safepoint: 83579 ns, At safepoint: 25979 ns, Total: 109558 ns
[2020-02-21T01:31:16.640+0000][1][safepoint    ] Safepoint "RevokeBias", Time since last: 2516667007 ns, Reaching safepoint: 91918 ns, At safepoint: 19887 ns, Total: 111805 ns
[2020-02-21T01:31:19.151+0000][1][safepoint    ] Safepoint "RevokeBias", Time since last: 2510880197 ns, Reaching safepoint: 134099 ns, At safepoint: 24826 ns, Total: 158925 ns
[2020-02-21T01:31:21.657+0000][1][safepoint    ] Safepoint "RevokeBias", Time since last: 2505497031 ns, Reaching safepoint: 80266 ns, At safepoint: 17116 ns, Total: 97382 ns
[2020-02-21T01:31:24.171+0000][1][safepoint    ] Safepoint "RevokeBias", Time since last: 2514663036 ns, Reaching safepoint: 111423 ns, At safepoint: 21857 ns, Total: 133280 ns
[2020-02-21T01:31:25.175+0000][1][safepoint    ] Safepoint "Cleanup", Time since last: 1003070144 ns, Reaching safepoint: 113287 ns, At safepoint: 5053 ns, Total: 118340 ns
[2020-02-21T01:31:26.694+0000][1][safepoint    ] Safepoint "RevokeBias", Time since last: 1519702666 ns, Reaching safepoint: 92597 ns, At safepoint: 17643 ns, Total: 110240 ns
[2020-02-21T01:31:29.207+0000][1][safepoint    ] Safepoint "RevokeBias", Time since last: 2512756200 ns, Reaching safepoint: 80917 ns, At safepoint: 19535 ns, Total: 100452 ns
[2020-02-21T01:31:31.718+0000][1][safepoint    ] Safepoint "RevokeBias", Time since last: 2511101578 ns, Reaching safepoint: 62527 ns, At safepoint: 20180 ns, Total: 82707 ns
[2020-02-21T01:31:33.720+0000][1][safepoint    ] Safepoint "Cleanup", Time since last: 2001727009 ns, Reaching safepoint: 96209 ns, At safepoint: 8554 ns, Total: 104763 ns
[2020-02-21T01:31:34.239+0000][1][safepoint    ] Safepoint "BulkRevokeBias", Time since last: 518466441 ns, Reaching safepoint: 195652 ns, At safepoint: 307672 ns, Total: 503324 ns
[2020-02-21T01:31:36.747+0000][1][safepoint    ] Safepoint "RevokeBias", Time since last: 2507779628 ns, Reaching safepoint: 104343 ns, At safepoint: 19271 ns, Total: 123614 ns
[2020-02-21T01:31:39.255+0000][1][safepoint    ] Safepoint "RevokeBias", Time since last: 2508047156 ns, Reaching safepoint: 78907 ns, At safepoint: 17759 ns, Total: 96666 ns
[2020-02-21T01:31:41.766+0000][1][safepoint    ] Safepoint "RevokeBias", Time since last: 2510976564 ns, Reaching safepoint: 103303 ns, At safepoint: 37314 ns, Total: 140617 ns
[2020-02-21T01:31:43.768+0000][1][safepoint    ] Safepoint "Cleanup", Time since last: 2001556080 ns, Reaching safepoint: 87454 ns, At safepoint: 7172 ns, Total: 94626 ns
[2020-02-21T01:31:44.281+0000][1][safepoint    ] Safepoint "RevokeBias", Time since last: 512934782 ns, Reaching safepoint: 60590 ns, At safepoint: 17313 ns, Total: 77903 ns
[2020-02-21T01:31:46.793+0000][1][safepoint    ] Safepoint "RevokeBias", Time since last: 2512189935 ns, Reaching safepoint: 89582 ns, At safepoint: 21057 ns, Total: 110639 ns
[2020-02-21T01:31:49.297+0000][1][safepoint    ] Safepoint "RevokeBias", Time since last: 2503422753 ns, Reaching safepoint: 77340 ns, At safepoint: 17942 ns, Total: 95282 ns
[2020-02-21T01:31:51.802+0000][1][safepoint    ] Safepoint "RevokeBias", Time since last: 2505441670 ns, Reaching safepoint: 75838 ns, At safepoint: 17324 ns, Total: 93162 ns
[2020-02-21T01:31:54.315+0000][1][safepoint    ] Safepoint "RevokeBias", Time since last: 2512240918 ns, Reaching safepoint: 212754 ns, At safepoint: 19669 ns, Total: 232423 ns
[2020-02-21T01:31:56.837+0000][1][safepoint    ] Safepoint "RevokeBias", Time since last: 2520864788 ns, Reaching safepoint: 824808 ns, At safepoint: 18192 ns, Total: 843000 ns
[2020-02-21T01:31:59.349+0000][1][safepoint    ] Safepoint "RevokeBias", Time since last: 2512552356 ns, Reaching safepoint: 95510 ns, At safepoint: 21176 ns, Total: 116686 ns
[2020-02-21T01:32:01.351+0000][1][safepoint    ] Safepoint "Cleanup", Time since last: 2001252874 ns, Reaching safepoint: 98234 ns, At safepoint: 8672 ns, Total: 106906 ns
[2020-02-21T01:32:01.856+0000][1][safepoint    ] Safepoint "RevokeBias", Time since last: 505679093 ns, Reaching safepoint: 78941 ns, At safepoint: 18110 ns, Total: 97051 ns
[2020-02-21T01:32:04.363+0000][1][safepoint    ] Safepoint "RevokeBias", Time since last: 2506761485 ns, Reaching safepoint: 87139 ns, At safepoint: 20669 ns, Total: 107808 ns
[2020-02-21T01:32:06.870+0000][1][safepoint    ] Safepoint "RevokeBias", Time since last: 2506553514 ns, Reaching safepoint: 105055 ns, At safepoint: 21830 ns, Total: 126885 ns
[2020-02-21T01:32:09.377+0000][1][safepoint    ] Safepoint "RevokeBias", Time since last: 2506826854 ns, Reaching safepoint: 78565 ns, At safepoint: 18420 ns, Total: 96985 ns
[2020-02-21T01:32:11.883+0000][1][safepoint    ] Safepoint "RevokeBias", Time since last: 2505886808 ns, Reaching safepoint: 133578 ns, At safepoint: 21968 ns, Total: 155546 ns
[2020-02-21T01:32:14.404+0000][1][safepoint    ] Safepoint "RevokeBias", Time since last: 2520959889 ns, Reaching safepoint: 76499 ns, At safepoint: 19282 ns, Total: 95781 ns
[2020-02-21T01:32:16.411+0000][1][safepoint    ] Safepoint "Cleanup", Time since last: 2006758411 ns, Reaching safepoint: 87719 ns, At safepoint: 6822 ns, Total: 94541 ns
[2020-02-21T01:32:16.930+0000][1][safepoint    ] Safepoint "RevokeBias", Time since last: 519007254 ns, Reaching safepoint: 76097 ns, At safepoint: 18463 ns, Total: 94560 ns
[2020-02-21T01:32:19.442+0000][1][safepoint    ] Safepoint "RevokeBias", Time since last: 2511819408 ns, Reaching safepoint: 96385 ns, At safepoint: 21322 ns, Total: 117707 ns
[2020-02-21T01:32:21.946+0000][1][safepoint    ] Safepoint "RevokeBias", Time since last: 2503956394 ns, Reaching safepoint: 91997 ns, At safepoint: 21727 ns, Total: 113724 ns
[2020-02-21T01:32:24.459+0000][1][safepoint    ] Safepoint "RevokeBias", Time since last: 2512966393 ns, Reaching safepoint: 76529 ns, At safepoint: 18793 ns, Total: 95322 ns
[2020-02-21T01:32:26.970+0000][1][safepoint    ] Safepoint "RevokeBias", Time since last: 2511251201 ns, Reaching safepoint: 78250 ns, At safepoint: 18267 ns, Total: 96517 ns
[2020-02-21T01:32:29.475+0000][1][safepoint    ] Safepoint "RevokeBias", Time since last: 2504625323 ns, Reaching safepoint: 91835 ns, At safepoint: 21216 ns, Total: 113051 ns
[2020-02-21T01:32:32.002+0000][1][safepoint    ] Safepoint "RevokeBias", Time since last: 2526390749 ns, Reaching safepoint: 223228 ns, At safepoint: 19676 ns, Total: 242904 ns
[2020-02-21T01:32:33.002+0000][1][safepoint    ] Safepoint "Cleanup", Time since last: 1000416946 ns, Reaching safepoint: 99384 ns, At safepoint: 10222 ns, Total: 109606 ns
[2020-02-21T01:32:34.003+0000][1][safepoint    ] Safepoint "Cleanup", Time since last: 1000708285 ns, Reaching safepoint: 102897 ns, At safepoint: 10292 ns, Total: 113189 ns
[2020-02-21T01:32:34.515+0000][1][safepoint    ] Safepoint "RevokeBias", Time since last: 511846190 ns, Reaching safepoint: 84292 ns, At safepoint: 17443 ns, Total: 101735 ns
[2020-02-21T01:32:37.021+0000][1][safepoint    ] Safepoint "RevokeBias", Time since last: 2505410339 ns, Reaching safepoint: 136980 ns, At safepoint: 22902 ns, Total: 159882 ns
[2020-02-21T01:32:39.532+0000][1][safepoint    ] Safepoint "RevokeBias", Time since last: 2511726925 ns, Reaching safepoint: 70360 ns, At safepoint: 15921 ns, Total: 86281 ns
[2020-02-21T01:32:42.040+0000][1][safepoint    ] Safepoint "RevokeBias", Time since last: 2507476140 ns, Reaching safepoint: 86197 ns, At safepoint: 20731 ns, Total: 106928 ns
[2020-02-21T01:32:44.546+0000][1][safepoint    ] Safepoint "RevokeBias", Time since last: 2505570669 ns, Reaching safepoint: 101304 ns, At safepoint: 21398 ns, Total: 122702 ns
[2020-02-21T01:32:47.054+0000][1][safepoint    ] Safepoint "BulkRevokeBias", Time since last: 2508047489 ns, Reaching safepoint: 102170 ns, At safepoint: 184211 ns, Total: 286381 ns
[2020-02-21T01:32:49.565+0000][1][safepoint    ] Safepoint "RevokeBias", Time since last: 2510469047 ns, Reaching safepoint: 103338 ns, At safepoint: 18342 ns, Total: 121680 ns
[2020-02-21T01:32:52.071+0000][1][safepoint    ] Safepoint "RevokeBias", Time since last: 2505894789 ns, Reaching safepoint: 82321 ns, At safepoint: 19308 ns, Total: 101629 ns
[2020-02-21T01:32:54.578+0000][1][safepoint    ] Safepoint "RevokeBias", Time since last: 2506887130 ns, Reaching safepoint: 87882 ns, At safepoint: 19956 ns, Total: 107838 ns
[2020-02-21T01:32:57.084+0000][1][safepoint    ] Safepoint "RevokeBias", Time since last: 2505995263 ns, Reaching safepoint: 98618 ns, At safepoint: 21073 ns, Total: 119691 ns
[2020-02-21T01:32:59.594+0000][1][safepoint    ] Safepoint "RevokeBias", Time since last: 2510612784 ns, Reaching safepoint: 79510 ns, At safepoint: 18709 ns, Total: 98219 ns
[2020-02-21T01:33:02.107+0000][1][safepoint    ] Safepoint "RevokeBias", Time since last: 2512676224 ns, Reaching safepoint: 76005 ns, At safepoint: 17936 ns, Total: 93941 ns
[2020-02-21T01:33:04.622+0000][1][safepoint    ] Safepoint "RevokeBias", Time since last: 2514487995 ns, Reaching safepoint: 78824 ns, At safepoint: 16605 ns, Total: 95429 ns
[2020-02-21T01:33:07.127+0000][1][safepoint    ] Safepoint "RevokeBias", Time since last: 2505597275 ns, Reaching safepoint: 124000 ns, At safepoint: 23808 ns, Total: 147808 ns
[2020-02-21T01:33:09.636+0000][1][safepoint    ] Safepoint "RevokeBias", Time since last: 2508064601 ns, Reaching safepoint: 92869 ns, At safepoint: 22155 ns, Total: 115024 ns
[2020-02-21T01:33:12.148+0000][1][safepoint    ] Safepoint "RevokeBias", Time since last: 2512453316 ns, Reaching safepoint: 95785 ns, At safepoint: 21655 ns, Total: 117440 ns
[2020-02-21T01:33:14.654+0000][1][safepoint    ] Safepoint "RevokeBias", Time since last: 2506030776 ns, Reaching safepoint: 83790 ns, At safepoint: 18827 ns, Total: 102617 ns
[2020-02-21T01:33:17.160+0000][1][safepoint    ] Safepoint "RevokeBias", Time since last: 2505135659 ns, Reaching safepoint: 79502 ns, At safepoint: 19560 ns, Total: 99062 ns
[2020-02-21T01:33:18.658+0000][1][gc,start     ] GC(33) Pause Young (Allocation Failure)
[2020-02-21T01:33:18.658+0000][1][gc,task      ] GC(33) Using 1 workers of 1 for evacuation
[2020-02-21T01:33:18.688+0000][1][gc,age       ] GC(33) Desired survivor size 4358144 bytes, new threshold 6 (max threshold 6)
[2020-02-21T01:33:18.688+0000][1][gc,age       ] GC(33) Age table with threshold 6 (max threshold 6)
[2020-02-21T01:33:18.688+0000][1][gc,age       ] GC(33) - age   1:      15328 bytes,      15328 total
[2020-02-21T01:33:18.688+0000][1][gc,age       ] GC(33) - age   2:      32880 bytes,      48208 total
[2020-02-21T01:33:18.688+0000][1][gc,age       ] GC(33) - age   3:      18080 bytes,      66288 total
[2020-02-21T01:33:18.688+0000][1][gc,age       ] GC(33) - age   4:     203000 bytes,     269288 total
[2020-02-21T01:33:18.688+0000][1][gc,age       ] GC(33) - age   5:    1548680 bytes,    1817968 total
[2020-02-21T01:33:18.688+0000][1][gc,age       ] GC(33) - age   6:    2166696 bytes,    3984664 total
[2020-02-21T01:33:18.688+0000][1][gc,heap      ] GC(33) ParNew: 75924K->4858K(76672K)
[2020-02-21T01:33:18.688+0000][1][gc,heap      ] GC(33) CMS: 58560K->58560K(963392K)
[2020-02-21T01:33:18.688+0000][1][gc,metaspace ] GC(33) Metaspace: 78644K->78644K(1122304K)
[2020-02-21T01:33:18.688+0000][1][gc           ] GC(33) Pause Young (Allocation Failure) 131M->61M(1015M) 29.883ms
[2020-02-21T01:33:18.688+0000][1][gc,cpu       ] GC(33) User=0.03s Sys=0.00s Real=0.03s
[2020-02-21T01:33:18.688+0000][1][safepoint    ] Safepoint "GenCollectForAllocation", Time since last: 1498638539 ns, Reaching safepoint: 97589 ns, At safepoint: 29937609 ns, Total: 30035198 ns
[2020-02-21T01:33:19.681+0000][1][safepoint    ] Safepoint "RevokeBias", Time since last: 993017068 ns, Reaching safepoint: 76023 ns, At safepoint: 17500 ns, Total: 93523 ns
[2020-02-21T01:33:22.192+0000][1][safepoint    ] Safepoint "RevokeBias", Time since last: 2510837490 ns, Reaching safepoint: 90358 ns, At safepoint: 21907 ns, Total: 112265 ns
[2020-02-21T01:33:24.703+0000][1][safepoint    ] Safepoint "RevokeBias", Time since last: 2510832735 ns, Reaching safepoint: 144540 ns, At safepoint: 26643 ns, Total: 171183 ns
[2020-02-21T01:33:27.211+0000][1][safepoint    ] Safepoint "RevokeBias", Time since last: 2507659619 ns, Reaching safepoint: 103277 ns, At safepoint: 21606 ns, Total: 124883 ns
[2020-02-21T01:33:29.717+0000][1][safepoint    ] Safepoint "RevokeBias", Time since last: 2505937991 ns, Reaching safepoint: 89887 ns, At safepoint: 21160 ns, Total: 111047 ns
[2020-02-21T01:33:30.718+0000][1][safepoint    ] Safepoint "Cleanup", Time since last: 1001018805 ns, Reaching safepoint: 174308 ns, At safepoint: 21464 ns, Total: 195772 ns
[2020-02-21T01:33:32.226+0000][1][safepoint    ] Safepoint "RevokeBias", Time since last: 1507648331 ns, Reaching safepoint: 131606 ns, At safepoint: 21716 ns, Total: 153322 ns
[2020-02-21T01:33:34.227+0000][1][safepoint    ] Safepoint "Cleanup", Time since last: 2000967240 ns, Reaching safepoint: 90899 ns, At safepoint: 7698 ns, Total: 98597 ns
[2020-02-21T01:33:34.734+0000][1][safepoint    ] Safepoint "RevokeBias", Time since last: 506884185 ns, Reaching safepoint: 111165 ns, At safepoint: 24370 ns, Total: 135535 ns
[2020-02-21T01:33:37.248+0000][1][safepoint    ] Safepoint "RevokeBias", Time since last: 2514118628 ns, Reaching safepoint: 76295 ns, At safepoint: 18418 ns, Total: 94713 ns
[2020-02-21T01:33:39.761+0000][1][safepoint    ] Safepoint "RevokeBias", Time since last: 2512505318 ns, Reaching safepoint: 90707 ns, At safepoint: 21570 ns, Total: 112277 ns
[2020-02-21T01:33:41.624+0000][1][safepoint    ] Safepoint "RevokeBias", Time since last: 1862760974 ns, Reaching safepoint: 78040 ns, At safepoint: 14820 ns, Total: 92860 ns
[2020-02-21T01:33:42.271+0000][1][safepoint    ] Safepoint "RevokeBias", Time since last: 647000251 ns, Reaching safepoint: 76102 ns, At safepoint: 17006 ns, Total: 93108 ns
[2020-02-21T01:33:44.782+0000][1][safepoint    ] Safepoint "RevokeBias", Time since last: 2511315135 ns, Reaching safepoint: 93693 ns, At safepoint: 21168 ns, Total: 114861 ns
[2020-02-21T01:33:46.784+0000][1][safepoint    ] Safepoint "Cleanup", Time since last: 2001702007 ns, Reaching safepoint: 93210 ns, At safepoint: 7848 ns, Total: 101058 ns
[2020-02-21T01:33:47.291+0000][1][safepoint    ] Safepoint "RevokeBias", Time since last: 506823808 ns, Reaching safepoint: 86354 ns, At safepoint: 19659 ns, Total: 106013 ns
[2020-02-21T01:33:49.799+0000][1][safepoint    ] Safepoint "RevokeBias", Time since last: 2507516987 ns, Reaching safepoint: 77363 ns, At safepoint: 17569 ns, Total: 94932 ns
[2020-02-21T01:33:52.305+0000][1][safepoint    ] Safepoint "RevokeBias", Time since last: 2505685650 ns, Reaching safepoint: 76906 ns, At safepoint: 17953 ns, Total: 94859 ns
[2020-02-21T01:33:54.306+0000][1][safepoint    ] Safepoint "Cleanup", Time since last: 2000971548 ns, Reaching safepoint: 94827 ns, At safepoint: 9096 ns, Total: 103923 ns
[2020-02-21T01:33:54.820+0000][1][safepoint    ] Safepoint "RevokeBias", Time since last: 514060646 ns, Reaching safepoint: 54509 ns, At safepoint: 15914 ns, Total: 70423 ns
[2020-02-21T01:33:57.333+0000][1][safepoint    ] Safepoint "RevokeBias", Time since last: 2513064531 ns, Reaching safepoint: 167982 ns, At safepoint: 34420 ns, Total: 202402 ns
[2020-02-21T01:33:59.844+0000][1][safepoint    ] Safepoint "BulkRevokeBias", Time since last: 2510863443 ns, Reaching safepoint: 73155 ns, At safepoint: 187793 ns, Total: 260948 ns
[2020-02-21T01:34:02.351+0000][1][safepoint    ] Safepoint "RevokeBias", Time since last: 2507058062 ns, Reaching safepoint: 77917 ns, At safepoint: 19160 ns, Total: 97077 ns
[2020-02-21T01:34:04.859+0000][1][safepoint    ] Safepoint "RevokeBias", Time since last: 2507407698 ns, Reaching safepoint: 91221 ns, At safepoint: 21220 ns, Total: 112441 ns
[2020-02-21T01:34:07.365+0000][1][safepoint    ] Safepoint "RevokeBias", Time since last: 2506228996 ns, Reaching safepoint: 89835 ns, At safepoint: 19610 ns, Total: 109445 ns
[2020-02-21T01:34:09.367+0000][1][safepoint    ] Safepoint "Cleanup", Time since last: 2001439782 ns, Reaching safepoint: 95334 ns, At safepoint: 10172 ns, Total: 105506 ns
[2020-02-21T01:34:09.873+0000][1][safepoint    ] Safepoint "RevokeBias", Time since last: 506427844 ns, Reaching safepoint: 72044 ns, At safepoint: 16825 ns, Total: 88869 ns
[2020-02-21T01:34:11.874+0000][1][safepoint    ] Safepoint "Cleanup", Time since last: 2000756390 ns, Reaching safepoint: 98132 ns, At safepoint: 10564 ns, Total: 108696 ns
[2020-02-21T01:34:12.383+0000][1][safepoint    ] Safepoint "RevokeBias", Time since last: 508444906 ns, Reaching safepoint: 123698 ns, At safepoint: 23666 ns, Total: 147364 ns
[2020-02-21T01:34:14.887+0000][1][safepoint    ] Safepoint "RevokeBias", Time since last: 2504402893 ns, Reaching safepoint: 94894 ns, At safepoint: 18436 ns, Total: 113330 ns
[2020-02-21T01:34:17.398+0000][1][safepoint    ] Safepoint "RevokeBias", Time since last: 2510320983 ns, Reaching safepoint: 92234 ns, At safepoint: 20689 ns, Total: 112923 ns
[2020-02-21T01:34:18.401+0000][1][safepoint    ] Safepoint "Cleanup", Time since last: 1003290450 ns, Reaching safepoint: 159631 ns, At safepoint: 7213 ns, Total: 166844 ns
[2020-02-21T01:34:19.908+0000][1][safepoint    ] Safepoint "RevokeBias", Time since last: 1506331673 ns, Reaching safepoint: 76474 ns, At safepoint: 17810 ns, Total: 94284 ns
[2020-02-21T01:34:22.414+0000][1][safepoint    ] Safepoint "RevokeBias", Time since last: 2506578689 ns, Reaching safepoint: 77727 ns, At safepoint: 19631 ns, Total: 97358 ns
[2020-02-21T01:34:24.942+0000][1][safepoint    ] Safepoint "RevokeBias", Time since last: 2527220907 ns, Reaching safepoint: 91835 ns, At safepoint: 20776 ns, Total: 112611 ns
[2020-02-21T01:34:27.457+0000][1][safepoint    ] Safepoint "RevokeBias", Time since last: 2515383061 ns, Reaching safepoint: 88364 ns, At safepoint: 21533 ns, Total: 109897 ns
[2020-02-21T01:34:29.961+0000][1][safepoint    ] Safepoint "RevokeBias", Time since last: 2503537900 ns, Reaching safepoint: 81082 ns, At safepoint: 18918 ns, Total: 100000 ns
[2020-02-21T01:34:32.473+0000][1][safepoint    ] Safepoint "RevokeBias", Time since last: 2512347680 ns, Reaching safepoint: 71921 ns, At safepoint: 16750 ns, Total: 88671 ns
[2020-02-21T01:34:34.980+0000][1][safepoint    ] Safepoint "RevokeBias", Time since last: 2506840332 ns, Reaching safepoint: 89711 ns, At safepoint: 21320 ns, Total: 111031 ns
[2020-02-21T01:34:37.728+0000][1][safepoint    ] Safepoint "RevokeBias", Time since last: 2747882460 ns, Reaching safepoint: 102543 ns, At safepoint: 20487 ns, Total: 123030 ns
[2020-02-21T01:34:40.240+0000][1][safepoint    ] Safepoint "RevokeBias", Time since last: 2511799670 ns, Reaching safepoint: 82418 ns, At safepoint: 16155 ns, Total: 98573 ns
[2020-02-21T01:34:42.756+0000][1][safepoint    ] Safepoint "RevokeBias", Time since last: 2515654717 ns, Reaching safepoint: 54878 ns, At safepoint: 15938 ns, Total: 70816 ns
[2020-02-21T01:34:45.268+0000][1][safepoint    ] Safepoint "RevokeBias", Time since last: 2512336011 ns, Reaching safepoint: 74389 ns, At safepoint: 18003 ns, Total: 92392 ns
[2020-02-21T01:34:47.269+0000][1][safepoint    ] Safepoint "Cleanup", Time since last: 2001189840 ns, Reaching safepoint: 96959 ns, At safepoint: 10001 ns, Total: 106960 ns
[2020-02-21T01:34:47.777+0000][1][safepoint    ] Safepoint "RevokeBias", Time since last: 507521775 ns, Reaching safepoint: 90062 ns, At safepoint: 20184 ns, Total: 110246 ns
[2020-02-21T01:34:50.281+0000][1][safepoint    ] Safepoint "RevokeBias", Time since last: 2504259579 ns, Reaching safepoint: 75606 ns, At safepoint: 19348 ns, Total: 94954 ns
[2020-02-21T01:34:52.902+0000][1][safepoint    ] Safepoint "RevokeBias", Time since last: 2505343311 ns, Reaching safepoint: 114911745 ns, At safepoint: 31719 ns, Total: 114943464 ns
[2020-02-21T01:34:55.292+0000][1][safepoint    ] Safepoint "RevokeBias", Time since last: 2390029500 ns, Reaching safepoint: 106160 ns, At safepoint: 25565 ns, Total: 131725 ns
[2020-02-21T01:34:57.799+0000][1][safepoint    ] Safepoint "RevokeBias", Time since last: 2507263125 ns, Reaching safepoint: 91098 ns, At safepoint: 21095 ns, Total: 112193 ns
[2020-02-21T01:35:00.321+0000][1][safepoint    ] Safepoint "RevokeBias", Time since last: 2522088756 ns, Reaching safepoint: 73445 ns, At safepoint: 16862 ns, Total: 90307 ns
[2020-02-21T01:35:01.322+0000][1][safepoint    ] Safepoint "Cleanup", Time since last: 1000164879 ns, Reaching safepoint: 99206 ns, At safepoint: 13496 ns, Total: 112702 ns
[2020-02-21T01:35:02.322+0000][1][safepoint    ] Safepoint "Cleanup", Time since last: 1000394798 ns, Reaching safepoint: 100324 ns, At safepoint: 9600 ns, Total: 109924 ns
[2020-02-21T01:35:02.833+0000][1][safepoint    ] Safepoint "RevokeBias", Time since last: 510893185 ns, Reaching safepoint: 75790 ns, At safepoint: 18027 ns, Total: 93817 ns
[2020-02-21T01:35:05.341+0000][1][safepoint    ] Safepoint "RevokeBias", Time since last: 2507146831 ns, Reaching safepoint: 122461 ns, At safepoint: 19924 ns, Total: 142385 ns
[2020-02-21T01:35:07.846+0000][1][safepoint    ] Safepoint "RevokeBias", Time since last: 2505875846 ns, Reaching safepoint: 78121 ns, At safepoint: 18010 ns, Total: 96131 ns
[2020-02-21T01:35:10.357+0000][1][safepoint    ] Safepoint "RevokeBias", Time since last: 2510522495 ns, Reaching safepoint: 208854 ns, At safepoint: 54749 ns, Total: 263603 ns
[2020-02-21T01:35:12.869+0000][1][safepoint    ] Safepoint "BulkRevokeBias", Time since last: 2510632364 ns, Reaching safepoint: 193496 ns, At safepoint: 515797 ns, Total: 709293 ns
[2020-02-21T01:35:15.373+0000][1][safepoint    ] Safepoint "RevokeBias", Time since last: 2504310225 ns, Reaching safepoint: 81732 ns, At safepoint: 18995 ns, Total: 100727 ns
[2020-02-21T01:35:17.894+0000][1][safepoint    ] Safepoint "RevokeBias", Time since last: 2520519555 ns, Reaching safepoint: 75002 ns, At safepoint: 18017 ns, Total: 93019 ns
[2020-02-21T01:35:20.412+0000][1][safepoint    ] Safepoint "RevokeBias", Time since last: 2518500395 ns, Reaching safepoint: 105187 ns, At safepoint: 19473 ns, Total: 124660 ns
[2020-02-21T01:35:22.918+0000][1][safepoint    ] Safepoint "RevokeBias", Time since last: 2505490493 ns, Reaching safepoint: 127014 ns, At safepoint: 22512 ns, Total: 149526 ns
[2020-02-21T01:35:25.426+0000][1][safepoint    ] Safepoint "RevokeBias", Time since last: 2508314051 ns, Reaching safepoint: 75196 ns, At safepoint: 18673 ns, Total: 93869 ns
[2020-02-21T01:35:27.427+0000][1][safepoint    ] Safepoint "Cleanup", Time since last: 2001035605 ns, Reaching safepoint: 99770 ns, At safepoint: 10336 ns, Total: 110106 ns
[2020-02-21T01:35:27.937+0000][1][safepoint    ] Safepoint "RevokeBias", Time since last: 509163297 ns, Reaching safepoint: 123432 ns, At safepoint: 23647 ns, Total: 147079 ns
[2020-02-21T01:35:30.441+0000][1][safepoint    ] Safepoint "RevokeBias", Time since last: 2504183144 ns, Reaching safepoint: 88548 ns, At safepoint: 20595 ns, Total: 109143 ns
[2020-02-21T01:35:32.442+0000][1][safepoint    ] Safepoint "Cleanup", Time since last: 2000961537 ns, Reaching safepoint: 95543 ns, At safepoint: 8305 ns, Total: 103848 ns
[2020-02-21T01:35:32.957+0000][1][safepoint    ] Safepoint "RevokeBias", Time since last: 514882299 ns, Reaching safepoint: 77104 ns, At safepoint: 19069 ns, Total: 96173 ns
[2020-02-21T01:35:35.483+0000][1][gc,start     ] GC(34) Pause Young (Allocation Failure)
[2020-02-21T01:35:35.483+0000][1][gc,task      ] GC(34) Using 1 workers of 1 for evacuation
[2020-02-21T01:35:36.066+0000][1][gc,age       ] GC(34) Desired survivor size 4358144 bytes, new threshold 6 (max threshold 6)
[2020-02-21T01:35:36.066+0000][1][gc,age       ] GC(34) Age table with threshold 6 (max threshold 6)
[2020-02-21T01:35:36.066+0000][1][gc,age       ] GC(34) - age   1:      14592 bytes,      14592 total
[2020-02-21T01:35:36.066+0000][1][gc,age       ] GC(34) - age   2:       3352 bytes,      17944 total
[2020-02-21T01:35:36.066+0000][1][gc,age       ] GC(34) - age   3:      32760 bytes,      50704 total
[2020-02-21T01:35:36.066+0000][1][gc,age       ] GC(34) - age   4:      18080 bytes,      68784 total
[2020-02-21T01:35:36.066+0000][1][gc,age       ] GC(34) - age   5:     203000 bytes,     271784 total
[2020-02-21T01:35:36.066+0000][1][gc,age       ] GC(34) - age   6:    1548544 bytes,    1820328 total
[2020-02-21T01:35:36.066+0000][1][gc,heap      ] GC(34) ParNew: 73018K->3525K(76672K)
[2020-02-21T01:35:36.066+0000][1][gc,heap      ] GC(34) CMS: 58560K->60721K(963392K)
[2020-02-21T01:35:36.066+0000][1][gc,metaspace ] GC(34) Metaspace: 78789K->78789K(1122304K)
[2020-02-21T01:35:36.066+0000][1][gc           ] GC(34) Pause Young (Allocation Failure) 128M->62M(1015M) 583.065ms
[2020-02-21T01:35:36.066+0000][1][gc,cpu       ] GC(34) User=0.02s Sys=0.02s Real=0.59s
[2020-02-21T01:35:36.066+0000][1][safepoint    ] Safepoint "GenCollectForAllocation", Time since last: 2525517957 ns, Reaching safepoint: 73714 ns, At safepoint: 583121102 ns, Total: 583194816 ns
[2020-02-21T01:35:36.068+0000][1][safepoint    ] Safepoint "RevokeBias", Time since last: 2384366 ns, Reaching safepoint: 76279 ns, At safepoint: 17077 ns, Total: 93356 ns
[2020-02-21T01:35:38.574+0000][1][safepoint    ] Safepoint "RevokeBias", Time since last: 2505283227 ns, Reaching safepoint: 93178 ns, At safepoint: 21507 ns, Total: 114685 ns
[2020-02-21T01:35:41.084+0000][1][safepoint    ] Safepoint "RevokeBias", Time since last: 2509872956 ns, Reaching safepoint: 75784 ns, At safepoint: 19569 ns, Total: 95353 ns
[2020-02-21T01:35:42.085+0000][1][safepoint    ] Safepoint "Cleanup", Time since last: 1000910327 ns, Reaching safepoint: 97776 ns, At safepoint: 9540 ns, Total: 107316 ns
[2020-02-21T01:35:43.594+0000][1][safepoint    ] Safepoint "RevokeBias", Time since last: 1509334220 ns, Reaching safepoint: 85700 ns, At safepoint: 21013 ns, Total: 106713 ns
[2020-02-21T01:35:46.102+0000][1][safepoint    ] Safepoint "RevokeBias", Time since last: 2507833519 ns, Reaching safepoint: 134092 ns, At safepoint: 23250 ns, Total: 157342 ns
[2020-02-21T01:35:48.611+0000][1][safepoint    ] Safepoint "RevokeBias", Time since last: 2508468595 ns, Reaching safepoint: 91462 ns, At safepoint: 20283 ns, Total: 111745 ns
[2020-02-21T01:35:51.117+0000][1][safepoint    ] Safepoint "RevokeBias", Time since last: 2506663572 ns, Reaching safepoint: 111393 ns, At safepoint: 21216 ns, Total: 132609 ns
[2020-02-21T01:35:53.629+0000][1][safepoint    ] Safepoint "RevokeBias", Time since last: 2511424475 ns, Reaching safepoint: 75762 ns, At safepoint: 17620 ns, Total: 93382 ns
[2020-02-21T01:35:56.140+0000][1][safepoint    ] Safepoint "RevokeBias", Time since last: 2511031549 ns, Reaching safepoint: 74201 ns, At safepoint: 16827 ns, Total: 91028 ns
[2020-02-21T01:35:58.648+0000][1][safepoint    ] Safepoint "RevokeBias", Time since last: 2508104453 ns, Reaching safepoint: 88770 ns, At safepoint: 20672 ns, Total: 109442 ns
[2020-02-21T01:36:00.650+0000][1][safepoint    ] Safepoint "Cleanup", Time since last: 2001264681 ns, Reaching safepoint: 94441 ns, At safepoint: 9993 ns, Total: 104434 ns
[2020-02-21T01:36:01.153+0000][1][safepoint    ] Safepoint "RevokeBias", Time since last: 503146158 ns, Reaching safepoint: 80281 ns, At safepoint: 20284 ns, Total: 100565 ns
[2020-02-21T01:36:02.153+0000][1][safepoint    ] Safepoint "Cleanup", Time since last: 1000238665 ns, Reaching safepoint: 92847 ns, At safepoint: 8656 ns, Total: 101503 ns
[2020-02-21T01:36:03.660+0000][1][safepoint    ] Safepoint "RevokeBias", Time since last: 1506844249 ns, Reaching safepoint: 107366 ns, At safepoint: 19570 ns, Total: 126936 ns
[2020-02-21T01:36:06.169+0000][1][safepoint    ] Safepoint "RevokeBias", Time since last: 2508120146 ns, Reaching safepoint: 100859 ns, At safepoint: 20723 ns, Total: 121582 ns
[2020-02-21T01:36:07.169+0000][1][safepoint    ] Safepoint "Cleanup", Time since last: 1000202179 ns, Reaching safepoint: 99851 ns, At safepoint: 10086 ns, Total: 109937 ns
[2020-02-21T01:36:08.673+0000][1][safepoint    ] Safepoint "RevokeBias", Time since last: 1504423717 ns, Reaching safepoint: 89950 ns, At safepoint: 21531 ns, Total: 111481 ns
[2020-02-21T01:36:11.194+0000][1][safepoint    ] Safepoint "RevokeBias", Time since last: 2520791408 ns, Reaching safepoint: 101761 ns, At safepoint: 18246 ns, Total: 120007 ns
[2020-02-21T01:36:13.709+0000][1][safepoint    ] Safepoint "RevokeBias", Time since last: 2514521453 ns, Reaching safepoint: 89466 ns, At safepoint: 20073 ns, Total: 109539 ns
[2020-02-21T01:36:16.217+0000][1][safepoint    ] Safepoint "RevokeBias", Time since last: 2508273052 ns, Reaching safepoint: 131748 ns, At safepoint: 22788 ns, Total: 154536 ns
[2020-02-21T01:36:18.723+0000][1][safepoint    ] Safepoint "RevokeBias", Time since last: 2506069562 ns, Reaching safepoint: 78841 ns, At safepoint: 18440 ns, Total: 97281 ns
[2020-02-21T01:36:21.228+0000][1][safepoint    ] Safepoint "RevokeBias", Time since last: 2504414629 ns, Reaching safepoint: 123645 ns, At safepoint: 22813 ns, Total: 146458 ns
[2020-02-21T01:36:23.736+0000][1][safepoint    ] Safepoint "RevokeBias", Time since last: 2507580781 ns, Reaching safepoint: 107660 ns, At safepoint: 17510 ns, Total: 125170 ns
[2020-02-21T01:36:26.243+0000][1][safepoint    ] Safepoint "BulkRevokeBias", Time since last: 2507024342 ns, Reaching safepoint: 106687 ns, At safepoint: 412377 ns, Total: 519064 ns
[2020-02-21T01:36:28.757+0000][1][safepoint    ] Safepoint "RevokeBias", Time since last: 2513368611 ns, Reaching safepoint: 77909 ns, At safepoint: 17854 ns, Total: 95763 ns
[2020-02-21T01:36:31.264+0000][1][safepoint    ] Safepoint "RevokeBias", Time since last: 2507630622 ns, Reaching safepoint: 77218 ns, At safepoint: 17747 ns, Total: 94965 ns
[2020-02-21T01:36:33.772+0000][1][safepoint    ] Safepoint "RevokeBias", Time since last: 2507404999 ns, Reaching safepoint: 103320 ns, At safepoint: 18611 ns, Total: 121931 ns
[2020-02-21T01:36:36.278+0000][1][safepoint    ] Safepoint "RevokeBias", Time since last: 2505780231 ns, Reaching safepoint: 74350 ns, At safepoint: 17700 ns, Total: 92050 ns
[2020-02-21T01:36:37.279+0000][1][safepoint    ] Safepoint "Cleanup", Time since last: 1000640773 ns, Reaching safepoint: 87174 ns, At safepoint: 7220 ns, Total: 94394 ns
[2020-02-21T01:36:38.782+0000][1][safepoint    ] Safepoint "RevokeBias", Time since last: 1503759412 ns, Reaching safepoint: 78444 ns, At safepoint: 18664 ns, Total: 97108 ns
[2020-02-21T01:36:41.292+0000][1][safepoint    ] Safepoint "RevokeBias", Time since last: 2509717934 ns, Reaching safepoint: 74325 ns, At safepoint: 17928 ns, Total: 92253 ns
[2020-02-21T01:36:43.802+0000][1][safepoint    ] Safepoint "RevokeBias", Time since last: 2510011700 ns, Reaching safepoint: 158918 ns, At safepoint: 19129 ns, Total: 178047 ns
[2020-02-21T01:36:46.321+0000][1][safepoint    ] Safepoint "RevokeBias", Time since last: 2518709612 ns, Reaching safepoint: 89304 ns, At safepoint: 17467 ns, Total: 106771 ns
[2020-02-21T01:36:47.322+0000][1][safepoint    ] Safepoint "Cleanup", Time since last: 1000609927 ns, Reaching safepoint: 96889 ns, At safepoint: 8413 ns, Total: 105302 ns
[2020-02-21T01:36:48.841+0000][1][safepoint    ] Safepoint "RevokeBias", Time since last: 1519150156 ns, Reaching safepoint: 191790 ns, At safepoint: 46737 ns, Total: 238527 ns
[2020-02-21T01:36:51.346+0000][1][safepoint    ] Safepoint "RevokeBias", Time since last: 2504616219 ns, Reaching safepoint: 75308 ns, At safepoint: 18296 ns, Total: 93604 ns
[2020-02-21T01:36:53.851+0000][1][safepoint    ] Safepoint "RevokeBias", Time since last: 2504789560 ns, Reaching safepoint: 147553 ns, At safepoint: 24346 ns, Total: 171899 ns
[2020-02-21T01:36:56.357+0000][1][safepoint    ] Safepoint "RevokeBias", Time since last: 2505449057 ns, Reaching safepoint: 72373 ns, At safepoint: 17707 ns, Total: 90080 ns
[2020-02-21T01:36:57.357+0000][1][safepoint    ] Safepoint "Cleanup", Time since last: 1000260073 ns, Reaching safepoint: 163984 ns, At safepoint: 6822 ns, Total: 170806 ns
[2020-02-21T01:36:58.868+0000][1][safepoint    ] Safepoint "RevokeBias", Time since last: 1510630364 ns, Reaching safepoint: 77189 ns, At safepoint: 18632 ns, Total: 95821 ns
[2020-02-21T01:37:01.378+0000][1][safepoint    ] Safepoint "RevokeBias", Time since last: 2509882077 ns, Reaching safepoint: 75240 ns, At safepoint: 18987 ns, Total: 94227 ns
[2020-02-21T01:37:03.884+0000][1][safepoint    ] Safepoint "RevokeBias", Time since last: 2506029616 ns, Reaching safepoint: 88540 ns, At safepoint: 21184 ns, Total: 109724 ns
[2020-02-21T01:37:06.391+0000][1][safepoint    ] Safepoint "RevokeBias", Time since last: 2506612874 ns, Reaching safepoint: 87611 ns, At safepoint: 20561 ns, Total: 108172 ns
[2020-02-21T01:37:08.897+0000][1][safepoint    ] Safepoint "RevokeBias", Time since last: 2505814837 ns, Reaching safepoint: 85814 ns, At safepoint: 20243 ns, Total: 106057 ns
[2020-02-21T01:37:11.403+0000][1][safepoint    ] Safepoint "RevokeBias", Time since last: 2506445764 ns, Reaching safepoint: 96231 ns, At safepoint: 21939 ns, Total: 118170 ns
[2020-02-21T01:37:13.910+0000][1][safepoint    ] Safepoint "RevokeBias", Time since last: 2507178172 ns, Reaching safepoint: 81012 ns, At safepoint: 19107 ns, Total: 100119 ns
[2020-02-21T01:37:16.425+0000][1][safepoint    ] Safepoint "RevokeBias", Time since last: 2514571648 ns, Reaching safepoint: 82954 ns, At safepoint: 17236 ns, Total: 100190 ns
[2020-02-21T01:37:18.936+0000][1][safepoint    ] Safepoint "RevokeBias", Time since last: 2511109540 ns, Reaching safepoint: 95138 ns, At safepoint: 22695 ns, Total: 117833 ns
[2020-02-21T01:37:21.440+0000][1][safepoint    ] Safepoint "RevokeBias", Time since last: 2503960090 ns, Reaching safepoint: 74005 ns, At safepoint: 17755 ns, Total: 91760 ns
[2020-02-21T01:37:23.944+0000][1][safepoint    ] Safepoint "RevokeBias", Time since last: 2503844982 ns, Reaching safepoint: 90212 ns, At safepoint: 21141 ns, Total: 111353 ns
[2020-02-21T01:37:26.451+0000][1][safepoint    ] Safepoint "RevokeBias", Time since last: 2506651033 ns, Reaching safepoint: 88850 ns, At safepoint: 21029 ns, Total: 109879 ns
[2020-02-21T01:37:27.451+0000][1][safepoint    ] Safepoint "Cleanup", Time since last: 1000351221 ns, Reaching safepoint: 84779 ns, At safepoint: 7028 ns, Total: 91807 ns
[2020-02-21T01:37:28.456+0000][1][safepoint    ] Safepoint "Cleanup", Time since last: 1004361786 ns, Reaching safepoint: 76816 ns, At safepoint: 6947 ns, Total: 83763 ns
[2020-02-21T01:37:28.958+0000][1][safepoint    ] Safepoint "RevokeBias", Time since last: 501802535 ns, Reaching safepoint: 88697 ns, At safepoint: 20810 ns, Total: 109507 ns
[2020-02-21T01:37:31.463+0000][1][safepoint    ] Safepoint "RevokeBias", Time since last: 2504977915 ns, Reaching safepoint: 89848 ns, At safepoint: 21810 ns, Total: 111658 ns
[2020-02-21T01:37:33.978+0000][1][safepoint    ] Safepoint "RevokeBias", Time since last: 2514829276 ns, Reaching safepoint: 76942 ns, At safepoint: 18549 ns, Total: 95491 ns
[2020-02-21T01:37:36.491+0000][1][safepoint    ] Safepoint "RevokeBias", Time since last: 2512780456 ns, Reaching safepoint: 79171 ns, At safepoint: 18517 ns, Total: 97688 ns
[2020-02-21T01:37:38.999+0000][1][safepoint    ] Safepoint "BulkRevokeBias", Time since last: 2508174438 ns, Reaching safepoint: 78051 ns, At safepoint: 233893 ns, Total: 311944 ns
[2020-02-21T01:37:40.004+0000][1][safepoint    ] Safepoint "Cleanup", Time since last: 1004748188 ns, Reaching safepoint: 128401 ns, At safepoint: 6925 ns, Total: 135326 ns
[2020-02-21T01:37:41.516+0000][1][safepoint    ] Safepoint "RevokeBias", Time since last: 1512068099 ns, Reaching safepoint: 74334 ns, At safepoint: 18547 ns, Total: 92881 ns
[2020-02-21T01:37:44.024+0000][1][safepoint    ] Safepoint "RevokeBias", Time since last: 2507510926 ns, Reaching safepoint: 88201 ns, At safepoint: 21580 ns, Total: 109781 ns
[2020-02-21T01:37:46.532+0000][1][safepoint    ] Safepoint "RevokeBias", Time since last: 2507654276 ns, Reaching safepoint: 138368 ns, At safepoint: 29960 ns, Total: 168328 ns
[2020-02-21T01:37:49.040+0000][1][safepoint    ] Safepoint "RevokeBias", Time since last: 2507800165 ns, Reaching safepoint: 86535 ns, At safepoint: 20278 ns, Total: 106813 ns
[2020-02-21T01:37:51.554+0000][1][safepoint    ] Safepoint "RevokeBias", Time since last: 2514549756 ns, Reaching safepoint: 75760 ns, At safepoint: 17423 ns, Total: 93183 ns
[2020-02-21T01:37:54.064+0000][1][gc,start     ] GC(35) Pause Young (Allocation Failure)
[2020-02-21T01:37:54.064+0000][1][gc,task      ] GC(35) Using 1 workers of 1 for evacuation
[2020-02-21T01:37:54.235+0000][1][gc,age       ] GC(35) Desired survivor size 4358144 bytes, new threshold 6 (max threshold 6)
[2020-02-21T01:37:54.235+0000][1][gc,age       ] GC(35) Age table with threshold 6 (max threshold 6)
[2020-02-21T01:37:54.235+0000][1][gc,age       ] GC(35) - age   1:      13216 bytes,      13216 total
[2020-02-21T01:37:54.235+0000][1][gc,age       ] GC(35) - age   2:       2608 bytes,      15824 total
[2020-02-21T01:37:54.235+0000][1][gc,age       ] GC(35) - age   3:       3352 bytes,      19176 total
[2020-02-21T01:37:54.235+0000][1][gc,age       ] GC(35) - age   4:      32760 bytes,      51936 total
[2020-02-21T01:37:54.235+0000][1][gc,age       ] GC(35) - age   5:      18080 bytes,      70016 total
[2020-02-21T01:37:54.235+0000][1][gc,age       ] GC(35) - age   6:     203000 bytes,     273016 total
[2020-02-21T01:37:54.235+0000][1][gc,heap      ] GC(35) ParNew: 71640K->1548K(76672K)
[2020-02-21T01:37:54.235+0000][1][gc,heap      ] GC(35) CMS: 60721K->62270K(963392K)
[2020-02-21T01:37:54.235+0000][1][gc,metaspace ] GC(35) Metaspace: 78829K->78829K(1122304K)
[2020-02-21T01:37:54.235+0000][1][gc           ] GC(35) Pause Young (Allocation Failure) 129M->62M(1015M) 171.411ms
[2020-02-21T01:37:54.235+0000][1][gc,cpu       ] GC(35) User=0.01s Sys=0.02s Real=0.17s
[2020-02-21T01:37:54.235+0000][1][safepoint    ] Safepoint "GenCollectForAllocation", Time since last: 2509520622 ns, Reaching safepoint: 89503 ns, At safepoint: 171485239 ns, Total: 171574742 ns
[2020-02-21T01:37:54.238+0000][1][safepoint    ] Safepoint "RevokeBias", Time since last: 2309308 ns, Reaching safepoint: 76888 ns, At safepoint: 18519 ns, Total: 95407 ns
[2020-02-21T01:37:56.742+0000][1][safepoint    ] Safepoint "RevokeBias", Time since last: 2504399991 ns, Reaching safepoint: 106413 ns, At safepoint: 24412 ns, Total: 130825 ns
[2020-02-21T01:37:59.254+0000][1][safepoint    ] Safepoint "RevokeBias", Time since last: 2510058340 ns, Reaching safepoint: 1154984 ns, At safepoint: 23379 ns, Total: 1178363 ns
[2020-02-21T01:38:01.776+0000][1][safepoint    ] Safepoint "RevokeBias", Time since last: 2521035743 ns, Reaching safepoint: 1517183 ns, At safepoint: 22059 ns, Total: 1539242 ns
[2020-02-21T01:38:04.281+0000][1][safepoint    ] Safepoint "RevokeBias", Time since last: 2505212925 ns, Reaching safepoint: 92926 ns, At safepoint: 21780 ns, Total: 114706 ns
[2020-02-21T01:38:06.785+0000][1][safepoint    ] Safepoint "RevokeBias", Time since last: 2503657539 ns, Reaching safepoint: 124707 ns, At safepoint: 23721 ns, Total: 148428 ns
[2020-02-21T01:38:07.786+0000][1][safepoint    ] Safepoint "Cleanup", Time since last: 1000449449 ns, Reaching safepoint: 98898 ns, At safepoint: 10015 ns, Total: 108913 ns
[2020-02-21T01:38:09.415+0000][1][safepoint    ] Safepoint "RevokeBias", Time since last: 1629373978 ns, Reaching safepoint: 107074 ns, At safepoint: 18805 ns, Total: 125879 ns
[2020-02-21T01:38:11.941+0000][1][safepoint    ] Safepoint "RevokeBias", Time since last: 2525243823 ns, Reaching safepoint: 72480 ns, At safepoint: 17036 ns, Total: 89516 ns
[2020-02-21T01:38:14.554+0000][1][safepoint    ] Safepoint "RevokeBias", Time since last: 2612866407 ns, Reaching safepoint: 89096 ns, At safepoint: 51276 ns, Total: 140372 ns
[2020-02-21T01:38:17.066+0000][1][safepoint    ] Safepoint "RevokeBias", Time since last: 2512128384 ns, Reaching safepoint: 74308 ns, At safepoint: 18187 ns, Total: 92495 ns
[2020-02-21T01:38:18.066+0000][1][safepoint    ] Safepoint "Cleanup", Time since last: 1000167578 ns, Reaching safepoint: 96652 ns, At safepoint: 10532 ns, Total: 107184 ns
[2020-02-21T01:38:19.573+0000][1][safepoint    ] Safepoint "RevokeBias", Time since last: 1507054707 ns, Reaching safepoint: 75824 ns, At safepoint: 17330 ns, Total: 93154 ns
[2020-02-21T01:38:22.079+0000][1][safepoint    ] Safepoint "RevokeBias", Time since last: 2505615916 ns, Reaching safepoint: 88682 ns, At safepoint: 20961 ns, Total: 109643 ns
[2020-02-21T01:38:23.897+0000][1][safepoint    ] Safepoint "RevokeBias", Time since last: 1817672620 ns, Reaching safepoint: 87796 ns, At safepoint: 39800 ns, Total: 127596 ns
[2020-02-21T01:38:24.583+0000][1][safepoint    ] Safepoint "RevokeBias", Time since last: 685792324 ns, Reaching safepoint: 79975 ns, At safepoint: 18545 ns, Total: 98520 ns
[2020-02-21T01:38:27.105+0000][1][safepoint    ] Safepoint "RevokeBias", Time since last: 2518133751 ns, Reaching safepoint: 3922884 ns, At safepoint: 20930 ns, Total: 3943814 ns
[2020-02-21T01:38:29.613+0000][1][safepoint    ] Safepoint "RevokeBias", Time since last: 2507682457 ns, Reaching safepoint: 76767 ns, At safepoint: 19102 ns, Total: 95869 ns
[2020-02-21T01:38:30.613+0000][1][safepoint    ] Safepoint "Cleanup", Time since last: 1000230120 ns, Reaching safepoint: 94597 ns, At safepoint: 9538 ns, Total: 104135 ns
[2020-02-21T01:38:32.117+0000][1][safepoint    ] Safepoint "RevokeBias", Time since last: 1503711653 ns, Reaching safepoint: 128657 ns, At safepoint: 23661 ns, Total: 152318 ns
[2020-02-21T01:38:34.622+0000][1][safepoint    ] Safepoint "RevokeBias", Time since last: 2505537145 ns, Reaching safepoint: 77391 ns, At safepoint: 18189 ns, Total: 95580 ns
[2020-02-21T01:38:37.127+0000][1][safepoint    ] Safepoint "RevokeBias", Time since last: 2504746846 ns, Reaching safepoint: 92835 ns, At safepoint: 21305 ns, Total: 114140 ns
[2020-02-21T01:38:39.631+0000][1][safepoint    ] Safepoint "RevokeBias", Time since last: 2504088498 ns, Reaching safepoint: 91055 ns, At safepoint: 20820 ns, Total: 111875 ns
[2020-02-21T01:38:42.140+0000][1][safepoint    ] Safepoint "RevokeBias", Time since last: 2508290899 ns, Reaching safepoint: 76522 ns, At safepoint: 17925 ns, Total: 94447 ns
[2020-02-21T01:38:44.655+0000][1][safepoint    ] Safepoint "RevokeBias", Time since last: 2514749012 ns, Reaching safepoint: 75797 ns, At safepoint: 18040 ns, Total: 93837 ns
[2020-02-21T01:38:47.162+0000][1][safepoint    ] Safepoint "RevokeBias", Time since last: 2507078278 ns, Reaching safepoint: 139974 ns, At safepoint: 26048 ns, Total: 166022 ns
[2020-02-21T01:38:49.668+0000][1][safepoint    ] Safepoint "RevokeBias", Time since last: 2506291274 ns, Reaching safepoint: 89472 ns, At safepoint: 23514 ns, Total: 112986 ns
[2020-02-21T01:38:52.173+0000][1][safepoint    ] Safepoint "BulkRevokeBias", Time since last: 2504739825 ns, Reaching safepoint: 106876 ns, At safepoint: 225664 ns, Total: 332540 ns
[2020-02-21T01:38:54.685+0000][1][safepoint    ] Safepoint "RevokeBias", Time since last: 2511683911 ns, Reaching safepoint: 75760 ns, At safepoint: 17675 ns, Total: 93435 ns
[2020-02-21T01:38:57.197+0000][1][safepoint    ] Safepoint "RevokeBias", Time since last: 2511311944 ns, Reaching safepoint: 202171 ns, At safepoint: 53389 ns, Total: 255560 ns
[2020-02-21T01:38:59.704+0000][1][safepoint    ] Safepoint "RevokeBias", Time since last: 2506761189 ns, Reaching safepoint: 75211 ns, At safepoint: 17918 ns, Total: 93129 ns
[2020-02-21T01:39:02.213+0000][1][safepoint    ] Safepoint "RevokeBias", Time since last: 2509071425 ns, Reaching safepoint: 89379 ns, At safepoint: 21140 ns, Total: 110519 ns
[2020-02-21T01:39:04.722+0000][1][safepoint    ] Safepoint "RevokeBias", Time since last: 2508649821 ns, Reaching safepoint: 83316 ns, At safepoint: 20143 ns, Total: 103459 ns
[2020-02-21T01:39:07.230+0000][1][safepoint    ] Safepoint "RevokeBias", Time since last: 2508472320 ns, Reaching safepoint: 85267 ns, At safepoint: 20841 ns, Total: 106108 ns
[2020-02-21T01:39:09.736+0000][1][safepoint    ] Safepoint "RevokeBias", Time since last: 2505847997 ns, Reaching safepoint: 73621 ns, At safepoint: 15793 ns, Total: 89414 ns
[2020-02-21T01:39:12.239+0000][1][safepoint    ] Safepoint "RevokeBias", Time since last: 2503113951 ns, Reaching safepoint: 80931 ns, At safepoint: 19252 ns, Total: 100183 ns
[2020-02-21T01:39:14.761+0000][1][safepoint    ] Safepoint "RevokeBias", Time since last: 2521125641 ns, Reaching safepoint: 146437 ns, At safepoint: 35691 ns, Total: 182128 ns
[2020-02-21T01:39:17.276+0000][1][safepoint    ] Safepoint "RevokeBias", Time since last: 2515060248 ns, Reaching safepoint: 317101 ns, At safepoint: 34681 ns, Total: 351782 ns
[2020-02-21T01:39:19.787+0000][1][safepoint    ] Safepoint "RevokeBias", Time since last: 2511346409 ns, Reaching safepoint: 89426 ns, At safepoint: 65699 ns, Total: 155125 ns
[2020-02-21T01:39:22.294+0000][1][safepoint    ] Safepoint "RevokeBias", Time since last: 2506026609 ns, Reaching safepoint: 73051 ns, At safepoint: 16836 ns, Total: 89887 ns
[2020-02-21T01:39:24.801+0000][1][safepoint    ] Safepoint "RevokeBias", Time since last: 2507272019 ns, Reaching safepoint: 123098 ns, At safepoint: 22473 ns, Total: 145571 ns
[2020-02-21T01:39:27.316+0000][1][safepoint    ] Safepoint "RevokeBias", Time since last: 2514446907 ns, Reaching safepoint: 100010 ns, At safepoint: 17853 ns, Total: 117863 ns
[2020-02-21T01:39:29.826+0000][1][safepoint    ] Safepoint "RevokeBias", Time since last: 2510350627 ns, Reaching safepoint: 103105 ns, At safepoint: 20113 ns, Total: 123218 ns
[2020-02-21T01:39:32.346+0000][1][safepoint    ] Safepoint "RevokeBias", Time since last: 2520359982 ns, Reaching safepoint: 55249 ns, At safepoint: 16123 ns, Total: 71372 ns
[2020-02-21T01:39:34.861+0000][1][safepoint    ] Safepoint "RevokeBias", Time since last: 2514131775 ns, Reaching safepoint: 78762 ns, At safepoint: 19333 ns, Total: 98095 ns
[2020-02-21T01:39:37.366+0000][1][safepoint    ] Safepoint "RevokeBias", Time since last: 2505305122 ns, Reaching safepoint: 118993 ns, At safepoint: 35197 ns, Total: 154190 ns
[2020-02-21T01:39:39.878+0000][1][safepoint    ] Safepoint "RevokeBias", Time since last: 2512153141 ns, Reaching safepoint: 74046 ns, At safepoint: 16621 ns, Total: 90667 ns
[2020-02-21T01:39:42.389+0000][1][safepoint    ] Safepoint "RevokeBias", Time since last: 2510809019 ns, Reaching safepoint: 97583 ns, At safepoint: 22081 ns, Total: 119664 ns
[2020-02-21T01:39:44.900+0000][1][safepoint    ] Safepoint "RevokeBias", Time since last: 2509983493 ns, Reaching safepoint: 197643 ns, At safepoint: 49422 ns, Total: 247065 ns
[2020-02-21T01:39:47.406+0000][1][safepoint    ] Safepoint "RevokeBias", Time since last: 2506456356 ns, Reaching safepoint: 95318 ns, At safepoint: 19632 ns, Total: 114950 ns
[2020-02-21T01:39:49.923+0000][1][safepoint    ] Safepoint "RevokeBias", Time since last: 2516302522 ns, Reaching safepoint: 75681 ns, At safepoint: 17592 ns, Total: 93273 ns
[2020-02-21T01:39:52.434+0000][1][safepoint    ] Safepoint "RevokeBias", Time since last: 2511649411 ns, Reaching safepoint: 81679 ns, At safepoint: 19216 ns, Total: 100895 ns
[2020-02-21T01:39:54.941+0000][1][safepoint    ] Safepoint "RevokeBias", Time since last: 2506345011 ns, Reaching safepoint: 80137 ns, At safepoint: 19127 ns, Total: 99264 ns
[2020-02-21T01:39:57.447+0000][1][safepoint    ] Safepoint "RevokeBias", Time since last: 2505633547 ns, Reaching safepoint: 145010 ns, At safepoint: 33115 ns, Total: 178125 ns
[2020-02-21T01:39:59.959+0000][1][safepoint    ] Safepoint "RevokeBias", Time since last: 2510173104 ns, Reaching safepoint: 1952420 ns, At safepoint: 28585 ns, Total: 1981005 ns
[2020-02-21T01:40:00.959+0000][1][safepoint    ] Safepoint "Cleanup", Time since last: 1000118406 ns, Reaching safepoint: 91359 ns, At safepoint: 7890 ns, Total: 99249 ns
[2020-02-21T01:40:02.462+0000][1][safepoint    ] Safepoint "RevokeBias", Time since last: 1502752659 ns, Reaching safepoint: 89032 ns, At safepoint: 59542 ns, Total: 148574 ns
[2020-02-21T01:40:04.981+0000][1][safepoint    ] Safepoint "BulkRevokeBias", Time since last: 2518881362 ns, Reaching safepoint: 77438 ns, At safepoint: 182346 ns, Total: 259784 ns
[2020-02-21T01:40:07.502+0000][1][safepoint    ] Safepoint "RevokeBias", Time since last: 2520604057 ns, Reaching safepoint: 105139 ns, At safepoint: 18168 ns, Total: 123307 ns
[2020-02-21T01:40:10.011+0000][1][safepoint    ] Safepoint "RevokeBias", Time since last: 2508928386 ns, Reaching safepoint: 89157 ns, At safepoint: 21666 ns, Total: 110823 ns
[2020-02-21T01:40:12.528+0000][1][safepoint    ] Safepoint "RevokeBias", Time since last: 2516664191 ns, Reaching safepoint: 63525 ns, At safepoint: 56388 ns, Total: 119913 ns
[2020-02-21T01:40:13.990+0000][1][gc,start     ] GC(36) Pause Young (Allocation Failure)
[2020-02-21T01:40:13.990+0000][1][gc,task      ] GC(36) Using 1 workers of 1 for evacuation
[2020-02-21T01:40:14.105+0000][1][gc,age       ] GC(36) Desired survivor size 4358144 bytes, new threshold 6 (max threshold 6)
[2020-02-21T01:40:14.106+0000][1][gc,age       ] GC(36) Age table with threshold 6 (max threshold 6)
[2020-02-21T01:40:14.106+0000][1][gc,age       ] GC(36) - age   1:      15008 bytes,      15008 total
[2020-02-21T01:40:14.106+0000][1][gc,age       ] GC(36) - age   2:       1464 bytes,      16472 total
[2020-02-21T01:40:14.106+0000][1][gc,age       ] GC(36) - age   3:       2608 bytes,      19080 total
[2020-02-21T01:40:14.106+0000][1][gc,age       ] GC(36) - age   4:       3352 bytes,      22432 total
[2020-02-21T01:40:14.106+0000][1][gc,age       ] GC(36) - age   5:      32760 bytes,      55192 total
[2020-02-21T01:40:14.106+0000][1][gc,age       ] GC(36) - age   6:      18080 bytes,      73272 total
[2020-02-21T01:40:14.106+0000][1][gc,heap      ] GC(36) ParNew: 69708K->436K(76672K)
[2020-02-21T01:40:14.106+0000][1][gc,heap      ] GC(36) CMS: 62270K->62469K(963392K)
[2020-02-21T01:40:14.106+0000][1][gc,metaspace ] GC(36) Metaspace: 79076K->79076K(1122304K)
[2020-02-21T01:40:14.106+0000][1][gc           ] GC(36) Pause Young (Allocation Failure) 128M->61M(1015M) 115.564ms
[2020-02-21T01:40:14.106+0000][1][gc,cpu       ] GC(36) User=0.01s Sys=0.01s Real=0.11s
[2020-02-21T01:40:14.106+0000][1][safepoint    ] Safepoint "GenCollectForAllocation", Time since last: 1462492950 ns, Reaching safepoint: 73957 ns, At safepoint: 115617450 ns, Total: 115691407 ns
[2020-02-21T01:40:15.031+0000][1][safepoint    ] Safepoint "RevokeBias", Time since last: 925347903 ns, Reaching safepoint: 77993 ns, At safepoint: 20116 ns, Total: 98109 ns
[2020-02-21T01:40:17.535+0000][1][safepoint    ] Safepoint "RevokeBias", Time since last: 2503549059 ns, Reaching safepoint: 80142 ns, At safepoint: 19542 ns, Total: 99684 ns
[2020-02-21T01:40:20.039+0000][1][safepoint    ] Safepoint "RevokeBias", Time since last: 2503871021 ns, Reaching safepoint: 90860 ns, At safepoint: 21605 ns, Total: 112465 ns
[2020-02-21T01:40:22.543+0000][1][safepoint    ] Safepoint "RevokeBias", Time since last: 2504467332 ns, Reaching safepoint: 88814 ns, At safepoint: 21074 ns, Total: 109888 ns
[2020-02-21T01:40:25.057+0000][1][safepoint    ] Safepoint "RevokeBias", Time since last: 2514017134 ns, Reaching safepoint: 93396 ns, At safepoint: 18164 ns, Total: 111560 ns
[2020-02-21T01:40:27.570+0000][1][safepoint    ] Safepoint "RevokeBias", Time since last: 2512309933 ns, Reaching safepoint: 107683 ns, At safepoint: 21898 ns, Total: 129581 ns
[2020-02-21T01:40:30.074+0000][1][safepoint    ] Safepoint "RevokeBias", Time since last: 2504153013 ns, Reaching safepoint: 87149 ns, At safepoint: 20060 ns, Total: 107209 ns
[2020-02-21T01:40:32.578+0000][1][safepoint    ] Safepoint "RevokeBias", Time since last: 2504148233 ns, Reaching safepoint: 77292 ns, At safepoint: 18281 ns, Total: 95573 ns
[2020-02-21T01:40:35.082+0000][1][safepoint    ] Safepoint "RevokeBias", Time since last: 2503837516 ns, Reaching safepoint: 117517 ns, At safepoint: 25756 ns, Total: 143273 ns
[2020-02-21T01:40:37.586+0000][1][safepoint    ] Safepoint "RevokeBias", Time since last: 2503843278 ns, Reaching safepoint: 76180 ns, At safepoint: 17877 ns, Total: 94057 ns
[2020-02-21T01:40:40.090+0000][1][safepoint    ] Safepoint "RevokeBias", Time since last: 2503867978 ns, Reaching safepoint: 100947 ns, At safepoint: 83841 ns, Total: 184788 ns
[2020-02-21T01:40:42.596+0000][1][safepoint    ] Safepoint "RevokeBias", Time since last: 2505689191 ns, Reaching safepoint: 80778 ns, At safepoint: 19174 ns, Total: 99952 ns
[2020-02-21T01:40:45.101+0000][1][safepoint    ] Safepoint "RevokeBias", Time since last: 2504631660 ns, Reaching safepoint: 87401 ns, At safepoint: 21526 ns, Total: 108927 ns
[2020-02-21T01:40:47.606+0000][1][safepoint    ] Safepoint "RevokeBias", Time since last: 2504744251 ns, Reaching safepoint: 94283 ns, At safepoint: 19002 ns, Total: 113285 ns
[2020-02-21T01:40:50.109+0000][1][safepoint    ] Safepoint "RevokeBias", Time since last: 2502886577 ns, Reaching safepoint: 77126 ns, At safepoint: 16881 ns, Total: 94007 ns
[2020-02-21T01:40:52.613+0000][1][safepoint    ] Safepoint "RevokeBias", Time since last: 2503846952 ns, Reaching safepoint: 89008 ns, At safepoint: 21358 ns, Total: 110366 ns
[2020-02-21T01:40:55.127+0000][1][safepoint    ] Safepoint "RevokeBias", Time since last: 2513873287 ns, Reaching safepoint: 74795 ns, At safepoint: 16990 ns, Total: 91785 ns
[2020-02-21T01:40:57.637+0000][1][safepoint    ] Safepoint "RevokeBias", Time since last: 2510050232 ns, Reaching safepoint: 97351 ns, At safepoint: 20888 ns, Total: 118239 ns
[2020-02-21T01:41:00.155+0000][1][safepoint    ] Safepoint "RevokeBias", Time since last: 2518440265 ns, Reaching safepoint: 76031 ns, At safepoint: 19487 ns, Total: 95518 ns
[2020-02-21T01:41:02.664+0000][1][safepoint    ] Safepoint "RevokeBias", Time since last: 2508478767 ns, Reaching safepoint: 88225 ns, At safepoint: 20768 ns, Total: 108993 ns
[2020-02-21T01:41:05.168+0000][1][safepoint    ] Safepoint "RevokeBias", Time since last: 2503883171 ns, Reaching safepoint: 109913 ns, At safepoint: 18109 ns, Total: 128022 ns
[2020-02-21T01:41:07.675+0000][1][safepoint    ] Safepoint "RevokeBias", Time since last: 2506764027 ns, Reaching safepoint: 89999 ns, At safepoint: 21363 ns, Total: 111362 ns
[2020-02-21T01:41:10.180+0000][1][safepoint    ] Safepoint "RevokeBias", Time since last: 2505522030 ns, Reaching safepoint: 85331 ns, At safepoint: 19845 ns, Total: 105176 ns
[2020-02-21T01:41:12.699+0000][1][safepoint    ] Safepoint "RevokeBias", Time since last: 2518513918 ns, Reaching safepoint: 75479 ns, At safepoint: 18693 ns, Total: 94172 ns
[2020-02-21T01:41:15.206+0000][1][safepoint    ] Safepoint "RevokeBias", Time since last: 2507207526 ns, Reaching safepoint: 75848 ns, At safepoint: 17870 ns, Total: 93718 ns
[2020-02-21T01:41:17.709+0000][1][safepoint    ] Safepoint "BulkRevokeBias", Time since last: 2502723331 ns, Reaching safepoint: 119294 ns, At safepoint: 226334 ns, Total: 345628 ns
[2020-02-21T01:41:20.215+0000][1][safepoint    ] Safepoint "RevokeBias", Time since last: 2505221779 ns, Reaching safepoint: 87186 ns, At safepoint: 20493 ns, Total: 107679 ns
[2020-02-21T01:41:22.719+0000][1][safepoint    ] Safepoint "RevokeBias", Time since last: 2503744937 ns, Reaching safepoint: 83193 ns, At safepoint: 18675 ns, Total: 101868 ns
[2020-02-21T01:41:25.222+0000][1][safepoint    ] Safepoint "RevokeBias", Time since last: 2502875281 ns, Reaching safepoint: 81698 ns, At safepoint: 18206 ns, Total: 99904 ns
[2020-02-21T01:41:27.726+0000][1][safepoint    ] Safepoint "RevokeBias", Time since last: 2504773920 ns, Reaching safepoint: 88770 ns, At safepoint: 21200 ns, Total: 109970 ns
[2020-02-21T01:41:30.239+0000][1][safepoint    ] Safepoint "RevokeBias", Time since last: 2512852382 ns, Reaching safepoint: 75817 ns, At safepoint: 17652 ns, Total: 93469 ns
[2020-02-21T01:41:32.750+0000][1][safepoint    ] Safepoint "RevokeBias", Time since last: 2510687692 ns, Reaching safepoint: 87877 ns, At safepoint: 20668 ns, Total: 108545 ns
[2020-02-21T01:41:35.256+0000][1][safepoint    ] Safepoint "RevokeBias", Time since last: 2505767513 ns, Reaching safepoint: 110412 ns, At safepoint: 24771 ns, Total: 135183 ns
[2020-02-21T01:41:37.768+0000][1][safepoint    ] Safepoint "RevokeBias", Time since last: 2510972906 ns, Reaching safepoint: 1234962 ns, At safepoint: 23111 ns, Total: 1258073 ns
[2020-02-21T01:41:40.270+0000][1][safepoint    ] Safepoint "RevokeBias", Time since last: 2501106663 ns, Reaching safepoint: 88372 ns, At safepoint: 21632 ns, Total: 110004 ns
[2020-02-21T01:41:42.272+0000][1][safepoint    ] Safepoint "Cleanup", Time since last: 2002026718 ns, Reaching safepoint: 114662 ns, At safepoint: 6401 ns, Total: 121063 ns
[2020-02-21T01:41:42.777+0000][1][safepoint    ] Safepoint "RevokeBias", Time since last: 504758883 ns, Reaching safepoint: 89955 ns, At safepoint: 23385 ns, Total: 113340 ns
[2020-02-21T01:41:45.283+0000][1][safepoint    ] Safepoint "RevokeBias", Time since last: 2506251760 ns, Reaching safepoint: 90552 ns, At safepoint: 18337 ns, Total: 108889 ns
[2020-02-21T01:41:47.794+0000][1][safepoint    ] Safepoint "RevokeBias", Time since last: 2510879861 ns, Reaching safepoint: 75298 ns, At safepoint: 16092 ns, Total: 91390 ns
[2020-02-21T01:41:50.304+0000][1][safepoint    ] Safepoint "RevokeBias", Time since last: 2510079753 ns, Reaching safepoint: 82354 ns, At safepoint: 19562 ns, Total: 101916 ns
[2020-02-21T01:41:52.808+0000][1][safepoint    ] Safepoint "RevokeBias", Time since last: 2503313982 ns, Reaching safepoint: 65359 ns, At safepoint: 19279 ns, Total: 84638 ns
[2020-02-21T01:41:55.311+0000][1][safepoint    ] Safepoint "RevokeBias", Time since last: 2503229579 ns, Reaching safepoint: 189610 ns, At safepoint: 20069 ns, Total: 209679 ns
[2020-02-21T01:41:57.817+0000][1][safepoint    ] Safepoint "RevokeBias", Time since last: 2505845953 ns, Reaching safepoint: 76206 ns, At safepoint: 18100 ns, Total: 94306 ns
[2020-02-21T01:41:58.817+0000][1][safepoint    ] Safepoint "Cleanup", Time since last: 1000353810 ns, Reaching safepoint: 95879 ns, At safepoint: 10347 ns, Total: 106226 ns
[2020-02-21T01:42:00.322+0000][1][safepoint    ] Safepoint "RevokeBias", Time since last: 1504744419 ns, Reaching safepoint: 87190 ns, At safepoint: 20882 ns, Total: 108072 ns
[2020-02-21T01:42:01.323+0000][1][safepoint    ] Safepoint "Cleanup", Time since last: 1000258914 ns, Reaching safepoint: 104416 ns, At safepoint: 12211 ns, Total: 116627 ns
[2020-02-21T01:42:02.825+0000][1][safepoint    ] Safepoint "RevokeBias", Time since last: 1502719730 ns, Reaching safepoint: 90898 ns, At safepoint: 20964 ns, Total: 111862 ns
[2020-02-21T01:42:05.339+0000][1][safepoint    ] Safepoint "RevokeBias", Time since last: 2513158262 ns, Reaching safepoint: 57388 ns, At safepoint: 16292 ns, Total: 73680 ns
[2020-02-21T01:42:07.854+0000][1][safepoint    ] Safepoint "RevokeBias", Time since last: 2515371799 ns, Reaching safepoint: 87580 ns, At safepoint: 21306 ns, Total: 108886 ns
[2020-02-21T01:42:10.359+0000][1][safepoint    ] Safepoint "RevokeBias", Time since last: 2504683218 ns, Reaching safepoint: 142756 ns, At safepoint: 35403 ns, Total: 178159 ns
[2020-02-21T01:42:12.864+0000][1][safepoint    ] Safepoint "RevokeBias", Time since last: 2505075366 ns, Reaching safepoint: 92589 ns, At safepoint: 21265 ns, Total: 113854 ns
[2020-02-21T01:42:15.369+0000][1][safepoint    ] Safepoint "RevokeBias", Time since last: 2504222028 ns, Reaching safepoint: 90859 ns, At safepoint: 21280 ns, Total: 112139 ns
[2020-02-21T01:42:17.883+0000][1][safepoint    ] Safepoint "RevokeBias", Time since last: 2514619491 ns, Reaching safepoint: 72176 ns, At safepoint: 16301 ns, Total: 88477 ns
[2020-02-21T01:42:20.393+0000][1][safepoint    ] Safepoint "RevokeBias", Time since last: 2509623684 ns, Reaching safepoint: 88804 ns, At safepoint: 21192 ns, Total: 109996 ns
[2020-02-21T01:42:22.898+0000][1][safepoint    ] Safepoint "RevokeBias", Time since last: 2504866470 ns, Reaching safepoint: 79661 ns, At safepoint: 19006 ns, Total: 98667 ns
[2020-02-21T01:42:25.400+0000][1][safepoint    ] Safepoint "RevokeBias", Time since last: 2501534667 ns, Reaching safepoint: 120139 ns, At safepoint: 23278 ns, Total: 143417 ns
[2020-02-21T01:42:27.907+0000][1][safepoint    ] Safepoint "RevokeBias", Time since last: 2506923285 ns, Reaching safepoint: 80225 ns, At safepoint: 19436 ns, Total: 99661 ns
[2020-02-21T01:42:30.413+0000][1][safepoint    ] Safepoint "BulkRevokeBias", Time since last: 2505966977 ns, Reaching safepoint: 78762 ns, At safepoint: 195165 ns, Total: 273927 ns
[2020-02-21T01:42:32.916+0000][1][safepoint    ] Safepoint "RevokeBias", Time since last: 2503102724 ns, Reaching safepoint: 138063 ns, At safepoint: 34366 ns, Total: 172429 ns
[2020-02-21T01:42:34.207+0000][1][gc,start     ] GC(37) Pause Young (Allocation Failure)
[2020-02-21T01:42:34.207+0000][1][gc,task      ] GC(37) Using 1 workers of 1 for evacuation
[2020-02-21T01:42:34.220+0000][1][gc,age       ] GC(37) Desired survivor size 4358144 bytes, new threshold 6 (max threshold 6)
[2020-02-21T01:42:34.220+0000][1][gc,age       ] GC(37) Age table with threshold 6 (max threshold 6)
[2020-02-21T01:42:34.220+0000][1][gc,age       ] GC(37) - age   1:      16200 bytes,      16200 total
[2020-02-21T01:42:34.220+0000][1][gc,age       ] GC(37) - age   2:       2120 bytes,      18320 total
[2020-02-21T01:42:34.220+0000][1][gc,age       ] GC(37) - age   3:       1464 bytes,      19784 total
[2020-02-21T01:42:34.220+0000][1][gc,age       ] GC(37) - age   4:       2608 bytes,      22392 total
[2020-02-21T01:42:34.220+0000][1][gc,age       ] GC(37) - age   5:       3352 bytes,      25744 total
[2020-02-21T01:42:34.220+0000][1][gc,age       ] GC(37) - age   6:      32760 bytes,      58504 total
[2020-02-21T01:42:34.220+0000][1][gc,heap      ] GC(37) ParNew: 68596K->122K(76672K)
[2020-02-21T01:42:34.220+0000][1][gc,heap      ] GC(37) CMS: 62469K->62487K(963392K)
[2020-02-21T01:42:34.220+0000][1][gc,metaspace ] GC(37) Metaspace: 79106K->79106K(1122304K)
[2020-02-21T01:42:34.221+0000][1][gc           ] GC(37) Pause Young (Allocation Failure) 127M->61M(1015M) 13.639ms
[2020-02-21T01:42:34.221+0000][1][gc,cpu       ] GC(37) User=0.01s Sys=0.00s Real=0.01s
[2020-02-21T01:42:34.221+0000][1][safepoint    ] Safepoint "GenCollectForAllocation", Time since last: 1290643666 ns, Reaching safepoint: 87942 ns, At safepoint: 13694020 ns, Total: 13781962 ns
[2020-02-21T01:42:35.430+0000][1][safepoint    ] Safepoint "RevokeBias", Time since last: 1209096893 ns, Reaching safepoint: 75706 ns, At safepoint: 18222 ns, Total: 93928 ns
[2020-02-21T01:42:37.431+0000][1][safepoint    ] Safepoint "Cleanup", Time since last: 2001576685 ns, Reaching safepoint: 84758 ns, At safepoint: 7583 ns, Total: 92341 ns
[2020-02-21T01:42:37.941+0000][1][safepoint    ] Safepoint "RevokeBias", Time since last: 509317324 ns, Reaching safepoint: 127062 ns, At safepoint: 23156 ns, Total: 150218 ns
[2020-02-21T01:42:38.941+0000][1][safepoint    ] Safepoint "Cleanup", Time since last: 1000330147 ns, Reaching safepoint: 93879 ns, At safepoint: 8244 ns, Total: 102123 ns
[2020-02-21T01:42:40.445+0000][1][safepoint    ] Safepoint "RevokeBias", Time since last: 1503666036 ns, Reaching safepoint: 90216 ns, At safepoint: 22206 ns, Total: 112422 ns
[2020-02-21T01:42:42.950+0000][1][safepoint    ] Safepoint "RevokeBias", Time since last: 2504524984 ns, Reaching safepoint: 78479 ns, At safepoint: 18596 ns, Total: 97075 ns
[2020-02-21T01:42:45.454+0000][1][safepoint    ] Safepoint "RevokeBias", Time since last: 2504516030 ns, Reaching safepoint: 87920 ns, At safepoint: 20931 ns, Total: 108851 ns
[2020-02-21T01:42:47.957+0000][1][safepoint    ] Safepoint "RevokeBias", Time since last: 2502668281 ns, Reaching safepoint: 105190 ns, At safepoint: 24561 ns, Total: 129751 ns
[2020-02-21T01:42:50.463+0000][1][safepoint    ] Safepoint "RevokeBias", Time since last: 2505485023 ns, Reaching safepoint: 151785 ns, At safepoint: 36772 ns, Total: 188557 ns
[2020-02-21T01:42:52.975+0000][1][safepoint    ] Safepoint "RevokeBias", Time since last: 2512430785 ns, Reaching safepoint: 76108 ns, At safepoint: 16898 ns, Total: 93006 ns
[2020-02-21T01:42:55.487+0000][1][safepoint    ] Safepoint "RevokeBias", Time since last: 2511573294 ns, Reaching safepoint: 80528 ns, At safepoint: 33382 ns, Total: 113910 ns
[2020-02-21T01:42:57.993+0000][1][safepoint    ] Safepoint "RevokeBias", Time since last: 2505877948 ns, Reaching safepoint: 70315 ns, At safepoint: 16366 ns, Total: 86681 ns
[2020-02-21T01:43:00.505+0000][1][safepoint    ] Safepoint "RevokeBias", Time since last: 2512266198 ns, Reaching safepoint: 95143 ns, At safepoint: 23498 ns, Total: 118641 ns
[2020-02-21T01:43:02.507+0000][1][safepoint    ] Safepoint "Cleanup", Time since last: 2001734272 ns, Reaching safepoint: 97688 ns, At safepoint: 9029 ns, Total: 106717 ns
[2020-02-21T01:43:03.008+0000][1][safepoint    ] Safepoint "RevokeBias", Time since last: 500928583 ns, Reaching safepoint: 85859 ns, At safepoint: 18924 ns, Total: 104783 ns
[2020-02-21T01:43:05.515+0000][1][safepoint    ] Safepoint "RevokeBias", Time since last: 2506484353 ns, Reaching safepoint: 70075 ns, At safepoint: 17800 ns, Total: 87875 ns
[2020-02-21T01:43:08.022+0000][1][safepoint    ] Safepoint "RevokeBias", Time since last: 2507104422 ns, Reaching safepoint: 96222 ns, At safepoint: 21028 ns, Total: 117250 ns
[2020-02-21T01:43:10.544+0000][1][safepoint    ] Safepoint "RevokeBias", Time since last: 2521364611 ns, Reaching safepoint: 76035 ns, At safepoint: 18304 ns, Total: 94339 ns
[2020-02-21T01:43:13.055+0000][1][safepoint    ] Safepoint "RevokeBias", Time since last: 2511224532 ns, Reaching safepoint: 139431 ns, At safepoint: 23439 ns, Total: 162870 ns
[2020-02-21T01:43:15.560+0000][1][safepoint    ] Safepoint "RevokeBias", Time since last: 2504518566 ns, Reaching safepoint: 89740 ns, At safepoint: 22092 ns, Total: 111832 ns
[2020-02-21T01:43:18.065+0000][1][safepoint    ] Safepoint "RevokeBias", Time since last: 2504985467 ns, Reaching safepoint: 129621 ns, At safepoint: 22311 ns, Total: 151932 ns
[2020-02-21T01:43:20.576+0000][1][safepoint    ] Safepoint "RevokeBias", Time since last: 2510917651 ns, Reaching safepoint: 90055 ns, At safepoint: 21465 ns, Total: 111520 ns
[2020-02-21T01:43:23.084+0000][1][safepoint    ] Safepoint "RevokeBias", Time since last: 2507176148 ns, Reaching safepoint: 1281763 ns, At safepoint: 27132 ns, Total: 1308895 ns
[2020-02-21T01:43:25.590+0000][1][safepoint    ] Safepoint "RevokeBias", Time since last: 2505727876 ns, Reaching safepoint: 85321 ns, At safepoint: 14921 ns, Total: 100242 ns
[2020-02-21T01:43:27.592+0000][1][safepoint    ] Safepoint "Cleanup", Time since last: 2001862960 ns, Reaching safepoint: 96439 ns, At safepoint: 6908 ns, Total: 103347 ns
[2020-02-21T01:43:28.111+0000][1][safepoint    ] Safepoint "RevokeBias", Time since last: 518488903 ns, Reaching safepoint: 75219 ns, At safepoint: 33692 ns, Total: 108911 ns
[2020-02-21T01:43:30.617+0000][1][safepoint    ] Safepoint "RevokeBias", Time since last: 2506265556 ns, Reaching safepoint: 95290 ns, At safepoint: 20528 ns, Total: 115818 ns
[2020-02-21T01:43:33.121+0000][1][safepoint    ] Safepoint "RevokeBias", Time since last: 2504035748 ns, Reaching safepoint: 78255 ns, At safepoint: 18171 ns, Total: 96426 ns
[2020-02-21T01:43:35.629+0000][1][safepoint    ] Safepoint "RevokeBias", Time since last: 2507913352 ns, Reaching safepoint: 79355 ns, At safepoint: 19170 ns, Total: 98525 ns
[2020-02-21T01:43:38.135+0000][1][safepoint    ] Safepoint "RevokeBias", Time since last: 2506198948 ns, Reaching safepoint: 107113 ns, At safepoint: 22054 ns, Total: 129167 ns
[2020-02-21T01:43:40.639+0000][1][safepoint    ] Safepoint "RevokeBias", Time since last: 2503734215 ns, Reaching safepoint: 75508 ns, At safepoint: 19265 ns, Total: 94773 ns
[2020-02-21T01:43:42.640+0000][1][safepoint    ] Safepoint "Cleanup", Time since last: 2000856939 ns, Reaching safepoint: 100060 ns, At safepoint: 11943 ns, Total: 112003 ns
[2020-02-21T01:43:43.146+0000][1][safepoint    ] Safepoint "BulkRevokeBias", Time since last: 504995384 ns, Reaching safepoint: 76384 ns, At safepoint: 364044 ns, Total: 440428 ns
[2020-02-21T01:43:45.665+0000][1][safepoint    ] Safepoint "RevokeBias", Time since last: 2518867571 ns, Reaching safepoint: 74906 ns, At safepoint: 16701 ns, Total: 91607 ns
[2020-02-21T01:43:48.176+0000][1][safepoint    ] Safepoint "RevokeBias", Time since last: 2511148198 ns, Reaching safepoint: 74090 ns, At safepoint: 17485 ns, Total: 91575 ns
[2020-02-21T01:43:50.686+0000][1][safepoint    ] Safepoint "RevokeBias", Time since last: 2509706092 ns, Reaching safepoint: 75527 ns, At safepoint: 17800 ns, Total: 93327 ns
[2020-02-21T01:43:53.190+0000][1][safepoint    ] Safepoint "RevokeBias", Time since last: 2504308892 ns, Reaching safepoint: 71017 ns, At safepoint: 16278 ns, Total: 87295 ns
[2020-02-21T01:43:55.700+0000][1][safepoint    ] Safepoint "RevokeBias", Time since last: 2509460418 ns, Reaching safepoint: 117750 ns, At safepoint: 22155 ns, Total: 139905 ns
[2020-02-21T01:43:58.221+0000][1][safepoint    ] Safepoint "RevokeBias", Time since last: 2521570988 ns, Reaching safepoint: 74146 ns, At safepoint: 18056 ns, Total: 92202 ns
[2020-02-21T01:44:00.732+0000][1][safepoint    ] Safepoint "RevokeBias", Time since last: 2510910708 ns, Reaching safepoint: 78647 ns, At safepoint: 18253 ns, Total: 96900 ns
[2020-02-21T01:44:03.236+0000][1][safepoint    ] Safepoint "RevokeBias", Time since last: 2503284434 ns, Reaching safepoint: 77399 ns, At safepoint: 19074 ns, Total: 96473 ns
[2020-02-21T01:44:05.237+0000][1][safepoint    ] Safepoint "Cleanup", Time since last: 2001291148 ns, Reaching safepoint: 93669 ns, At safepoint: 10530 ns, Total: 104199 ns
[2020-02-21T01:44:05.741+0000][1][safepoint    ] Safepoint "RevokeBias", Time since last: 503929091 ns, Reaching safepoint: 80426 ns, At safepoint: 19367 ns, Total: 99793 ns
[2020-02-21T01:44:06.741+0000][1][safepoint    ] Safepoint "Cleanup", Time since last: 1000240107 ns, Reaching safepoint: 115025 ns, At safepoint: 9401 ns, Total: 124426 ns
[2020-02-21T01:44:08.248+0000][1][safepoint    ] Safepoint "RevokeBias", Time since last: 1506023293 ns, Reaching safepoint: 86286 ns, At safepoint: 20101 ns, Total: 106387 ns
[2020-02-21T01:44:10.753+0000][1][safepoint    ] Safepoint "RevokeBias", Time since last: 2505442320 ns, Reaching safepoint: 220599 ns, At safepoint: 77460 ns, Total: 298059 ns
[2020-02-21T01:44:13.265+0000][1][safepoint    ] Safepoint "RevokeBias", Time since last: 2509850830 ns, Reaching safepoint: 1355928 ns, At safepoint: 25855 ns, Total: 1381783 ns
[2020-02-21T01:44:15.776+0000][1][safepoint    ] Safepoint "RevokeBias", Time since last: 2511521813 ns, Reaching safepoint: 76898 ns, At safepoint: 19696 ns, Total: 96594 ns
[2020-02-21T01:44:18.290+0000][1][safepoint    ] Safepoint "RevokeBias", Time since last: 2513893296 ns, Reaching safepoint: 104796 ns, At safepoint: 20742 ns, Total: 125538 ns
[2020-02-21T01:44:19.291+0000][1][safepoint    ] Safepoint "Cleanup", Time since last: 1000255125 ns, Reaching safepoint: 92113 ns, At safepoint: 8341 ns, Total: 100454 ns
[2020-02-21T01:44:20.796+0000][1][safepoint    ] Safepoint "RevokeBias", Time since last: 1505201526 ns, Reaching safepoint: 73911 ns, At safepoint: 17846 ns, Total: 91757 ns
[2020-02-21T01:44:23.299+0000][1][safepoint    ] Safepoint "RevokeBias", Time since last: 2503488045 ns, Reaching safepoint: 99944 ns, At safepoint: 18435 ns, Total: 118379 ns
[2020-02-21T01:44:25.802+0000][1][safepoint    ] Safepoint "RevokeBias", Time since last: 2502668558 ns, Reaching safepoint: 75864 ns, At safepoint: 17147 ns, Total: 93011 ns
[2020-02-21T01:44:28.308+0000][1][safepoint    ] Safepoint "RevokeBias", Time since last: 2505795655 ns, Reaching safepoint: 86968 ns, At safepoint: 20745 ns, Total: 107713 ns
[2020-02-21T01:44:30.814+0000][1][safepoint    ] Safepoint "RevokeBias", Time since last: 2505827323 ns, Reaching safepoint: 93344 ns, At safepoint: 20119 ns, Total: 113463 ns
[2020-02-21T01:44:33.323+0000][1][safepoint    ] Safepoint "RevokeBias", Time since last: 2508998527 ns, Reaching safepoint: 75441 ns, At safepoint: 16912 ns, Total: 92353 ns
[2020-02-21T01:44:35.832+0000][1][safepoint    ] Safepoint "RevokeBias", Time since last: 2509102601 ns, Reaching safepoint: 76521 ns, At safepoint: 17587 ns, Total: 94108 ns
[2020-02-21T01:44:38.339+0000][1][safepoint    ] Safepoint "RevokeBias", Time since last: 2506160667 ns, Reaching safepoint: 86467 ns, At safepoint: 20149 ns, Total: 106616 ns
[2020-02-21T01:44:40.843+0000][1][safepoint    ] Safepoint "RevokeBias", Time since last: 2503995302 ns, Reaching safepoint: 75604 ns, At safepoint: 65415 ns, Total: 141019 ns
[2020-02-21T01:44:43.351+0000][1][safepoint    ] Safepoint "RevokeBias", Time since last: 2507879797 ns, Reaching safepoint: 128409 ns, At safepoint: 23571 ns, Total: 151980 ns
[2020-02-21T01:44:45.856+0000][1][safepoint    ] Safepoint "RevokeBias", Time since last: 2505264894 ns, Reaching safepoint: 80684 ns, At safepoint: 17288 ns, Total: 97972 ns
[2020-02-21T01:44:48.360+0000][1][safepoint    ] Safepoint "RevokeBias", Time since last: 2503622584 ns, Reaching safepoint: 101595 ns, At safepoint: 18902 ns, Total: 120497 ns
[2020-02-21T01:44:50.873+0000][1][safepoint    ] Safepoint "RevokeBias", Time since last: 2512582797 ns, Reaching safepoint: 89075 ns, At safepoint: 18717 ns, Total: 107792 ns
[2020-02-21T01:44:53.387+0000][1][safepoint    ] Safepoint "RevokeBias", Time since last: 2512390109 ns, Reaching safepoint: 1869747 ns, At safepoint: 24595 ns, Total: 1894342 ns
[2020-02-21T01:44:54.330+0000][1][gc,start     ] GC(38) Pause Young (Allocation Failure)
[2020-02-21T01:44:54.330+0000][1][gc,task      ] GC(38) Using 1 workers of 1 for evacuation
[2020-02-21T01:44:54.342+0000][1][gc,age       ] GC(38) Desired survivor size 4358144 bytes, new threshold 6 (max threshold 6)
[2020-02-21T01:44:54.342+0000][1][gc,age       ] GC(38) Age table with threshold 6 (max threshold 6)
[2020-02-21T01:44:54.342+0000][1][gc,age       ] GC(38) - age   1:      17432 bytes,      17432 total
[2020-02-21T01:44:54.342+0000][1][gc,age       ] GC(38) - age   2:       3320 bytes,      20752 total
[2020-02-21T01:44:54.342+0000][1][gc,age       ] GC(38) - age   3:       2120 bytes,      22872 total
[2020-02-21T01:44:54.342+0000][1][gc,age       ] GC(38) - age   4:       1344 bytes,      24216 total
[2020-02-21T01:44:54.342+0000][1][gc,age       ] GC(38) - age   5:       2376 bytes,      26592 total
[2020-02-21T01:44:54.342+0000][1][gc,age       ] GC(38) - age   6:       3352 bytes,      29944 total
[2020-02-21T01:44:54.342+0000][1][gc,heap      ] GC(38) ParNew: 68282K->52K(76672K)
[2020-02-21T01:44:54.342+0000][1][gc,heap      ] GC(38) CMS: 62487K->62519K(963392K)
[2020-02-21T01:44:54.342+0000][1][gc,metaspace ] GC(38) Metaspace: 79164K->79164K(1122304K)
[2020-02-21T01:44:54.343+0000][1][gc           ] GC(38) Pause Young (Allocation Failure) 127M->61M(1015M) 12.874ms
[2020-02-21T01:44:54.343+0000][1][gc,cpu       ] GC(38) User=0.02s Sys=0.00s Real=0.01s
[2020-02-21T01:44:54.343+0000][1][safepoint    ] Safepoint "GenCollectForAllocation", Time since last: 942654702 ns, Reaching safepoint: 83449 ns, At safepoint: 12930481 ns, Total: 13013930 ns
[2020-02-21T01:44:55.889+0000][1][safepoint    ] Safepoint "BulkRevokeBias", Time since last: 1546573033 ns, Reaching safepoint: 84462 ns, At safepoint: 216992 ns, Total: 301454 ns
[2020-02-21T01:44:58.394+0000][1][safepoint    ] Safepoint "RevokeBias", Time since last: 2504190406 ns, Reaching safepoint: 77505 ns, At safepoint: 18711 ns, Total: 96216 ns
[2020-02-21T01:44:59.395+0000][1][safepoint    ] Safepoint "Cleanup", Time since last: 1000928391 ns, Reaching safepoint: 87422 ns, At safepoint: 7098 ns, Total: 94520 ns
[2020-02-21T01:45:00.899+0000][1][safepoint    ] Safepoint "RevokeBias", Time since last: 1503925857 ns, Reaching safepoint: 86853 ns, At safepoint: 20920 ns, Total: 107773 ns
[2020-02-21T01:45:03.404+0000][1][safepoint    ] Safepoint "RevokeBias", Time since last: 2504795361 ns, Reaching safepoint: 143622 ns, At safepoint: 19729 ns, Total: 163351 ns
[2020-02-21T01:45:05.912+0000][1][safepoint    ] Safepoint "RevokeBias", Time since last: 2508245745 ns, Reaching safepoint: 77386 ns, At safepoint: 16993 ns, Total: 94379 ns
[2020-02-21T01:45:08.424+0000][1][safepoint    ] Safepoint "RevokeBias", Time since last: 2512252697 ns, Reaching safepoint: 77453 ns, At safepoint: 17863 ns, Total: 95316 ns
[2020-02-21T01:45:09.426+0000][1][safepoint    ] Safepoint "Cleanup", Time since last: 1000987859 ns, Reaching safepoint: 92483 ns, At safepoint: 9884 ns, Total: 102367 ns
[2020-02-21T01:45:10.938+0000][1][safepoint    ] Safepoint "RevokeBias", Time since last: 1512212939 ns, Reaching safepoint: 91108 ns, At safepoint: 20412 ns, Total: 111520 ns
[2020-02-21T01:45:13.445+0000][1][safepoint    ] Safepoint "RevokeBias", Time since last: 2506761440 ns, Reaching safepoint: 90006 ns, At safepoint: 20325 ns, Total: 110331 ns
[2020-02-21T01:45:15.453+0000][1][safepoint    ] Safepoint "Cleanup", Time since last: 2007763458 ns, Reaching safepoint: 95682 ns, At safepoint: 8961 ns, Total: 104643 ns
[2020-02-21T01:45:15.952+0000][1][safepoint    ] Safepoint "RevokeBias", Time since last: 499736343 ns, Reaching safepoint: 90385 ns, At safepoint: 19806 ns, Total: 110191 ns
[2020-02-21T01:45:16.953+0000][1][safepoint    ] Safepoint "Cleanup", Time since last: 1000428168 ns, Reaching safepoint: 112459 ns, At safepoint: 8528 ns, Total: 120987 ns
[2020-02-21T01:45:17.953+0000][1][safepoint    ] Safepoint "Cleanup", Time since last: 1000295273 ns, Reaching safepoint: 90804 ns, At safepoint: 10000 ns, Total: 100804 ns
[2020-02-21T01:45:18.460+0000][1][safepoint    ] Safepoint "RevokeBias", Time since last: 506351617 ns, Reaching safepoint: 73073 ns, At safepoint: 15849 ns, Total: 88922 ns
[2020-02-21T01:45:20.963+0000][1][safepoint    ] Safepoint "RevokeBias", Time since last: 2502577984 ns, Reaching safepoint: 126197 ns, At safepoint: 23672 ns, Total: 149869 ns
[2020-02-21T01:45:23.470+0000][1][safepoint    ] Safepoint "RevokeBias", Time since last: 2506930707 ns, Reaching safepoint: 75095 ns, At safepoint: 16505 ns, Total: 91600 ns
[2020-02-21T01:45:25.981+0000][1][safepoint    ] Safepoint "RevokeBias", Time since last: 2511798116 ns, Reaching safepoint: 112775 ns, At safepoint: 20181 ns, Total: 132956 ns
[2020-02-21T01:45:28.490+0000][1][safepoint    ] Safepoint "RevokeBias", Time since last: 2508355758 ns, Reaching safepoint: 105242 ns, At safepoint: 20736 ns, Total: 125978 ns
[2020-02-21T01:45:30.996+0000][1][safepoint    ] Safepoint "RevokeBias", Time since last: 2505779077 ns, Reaching safepoint: 76684 ns, At safepoint: 18328 ns, Total: 95012 ns
[2020-02-21T01:45:32.004+0000][1][safepoint    ] Safepoint "Cleanup", Time since last: 1007998353 ns, Reaching safepoint: 85813 ns, At safepoint: 5699 ns, Total: 91512 ns
[2020-02-21T01:45:33.504+0000][1][safepoint    ] Safepoint "RevokeBias", Time since last: 1499741663 ns, Reaching safepoint: 88499 ns, At safepoint: 20164 ns, Total: 108663 ns
[2020-02-21T01:45:36.015+0000][1][safepoint    ] Safepoint "RevokeBias", Time since last: 2510472854 ns, Reaching safepoint: 276625 ns, At safepoint: 43037 ns, Total: 319662 ns
[2020-02-21T01:45:38.534+0000][1][safepoint    ] Safepoint "RevokeBias", Time since last: 2519324435 ns, Reaching safepoint: 73571 ns, At safepoint: 17861 ns, Total: 91432 ns
[2020-02-21T01:45:41.044+0000][1][safepoint    ] Safepoint "RevokeBias", Time since last: 2509455862 ns, Reaching safepoint: 73771 ns, At safepoint: 17521 ns, Total: 91292 ns
[2020-02-21T01:45:43.549+0000][1][safepoint    ] Safepoint "RevokeBias", Time since last: 2505587700 ns, Reaching safepoint: 105312 ns, At safepoint: 24331 ns, Total: 129643 ns
[2020-02-21T01:45:46.054+0000][1][safepoint    ] Safepoint "RevokeBias", Time since last: 2504545177 ns, Reaching safepoint: 87689 ns, At safepoint: 66286 ns, Total: 153975 ns
[2020-02-21T01:45:48.056+0000][1][safepoint    ] Safepoint "Cleanup", Time since last: 2001464373 ns, Reaching safepoint: 97389 ns, At safepoint: 11713 ns, Total: 109102 ns
[2020-02-21T01:45:48.559+0000][1][safepoint    ] Safepoint "RevokeBias", Time since last: 503659629 ns, Reaching safepoint: 75309 ns, At safepoint: 16888 ns, Total: 92197 ns
[2020-02-21T01:45:51.069+0000][1][safepoint    ] Safepoint "RevokeBias", Time since last: 2509526030 ns, Reaching safepoint: 75013 ns, At safepoint: 17294 ns, Total: 92307 ns
[2020-02-21T01:45:53.573+0000][1][safepoint    ] Safepoint "RevokeBias", Time since last: 2503459249 ns, Reaching safepoint: 87279 ns, At safepoint: 72150 ns, Total: 159429 ns
[2020-02-21T01:45:56.081+0000][1][safepoint    ] Safepoint "RevokeBias", Time since last: 2507890399 ns, Reaching safepoint: 74935 ns, At safepoint: 16844 ns, Total: 91779 ns
[2020-02-21T01:45:58.082+0000][1][safepoint    ] Safepoint "Cleanup", Time since last: 2001134280 ns, Reaching safepoint: 115789 ns, At safepoint: 10568 ns, Total: 126357 ns
[2020-02-21T01:45:58.591+0000][1][safepoint    ] Safepoint "RevokeBias", Time since last: 509132339 ns, Reaching safepoint: 72889 ns, At safepoint: 140676 ns, Total: 213565 ns
[2020-02-21T01:46:01.098+0000][1][safepoint    ] Safepoint "RevokeBias", Time since last: 2506324424 ns, Reaching safepoint: 82251 ns, At safepoint: 18187 ns, Total: 100438 ns
[2020-02-21T01:46:03.601+0000][1][safepoint    ] Safepoint "RevokeBias", Time since last: 2503078094 ns, Reaching safepoint: 83970 ns, At safepoint: 20059 ns, Total: 104029 ns
[2020-02-21T01:46:06.106+0000][1][safepoint    ] Safepoint "RevokeBias", Time since last: 2505613493 ns, Reaching safepoint: 88588 ns, At safepoint: 20682 ns, Total: 109270 ns
[2020-02-21T01:46:08.108+0000][1][safepoint    ] Safepoint "Cleanup", Time since last: 2001475857 ns, Reaching safepoint: 164325 ns, At safepoint: 22407 ns, Total: 186732 ns
[2020-02-21T01:46:08.614+0000][1][safepoint    ] Safepoint "BulkRevokeBias", Time since last: 505429131 ns, Reaching safepoint: 89087 ns, At safepoint: 271795 ns, Total: 360882 ns
[2020-02-21T01:46:11.122+0000][1][safepoint    ] Safepoint "RevokeBias", Time since last: 2508305033 ns, Reaching safepoint: 56443 ns, At safepoint: 15793 ns, Total: 72236 ns
[2020-02-21T01:46:13.639+0000][1][safepoint    ] Safepoint "RevokeBias", Time since last: 2516641171 ns, Reaching safepoint: 74337 ns, At safepoint: 17186 ns, Total: 91523 ns
[2020-02-21T01:46:16.149+0000][1][safepoint    ] Safepoint "RevokeBias", Time since last: 2509740564 ns, Reaching safepoint: 89321 ns, At safepoint: 20062 ns, Total: 109383 ns
[2020-02-21T01:46:18.652+0000][1][safepoint    ] Safepoint "RevokeBias", Time since last: 2503415351 ns, Reaching safepoint: 90111 ns, At safepoint: 20490 ns, Total: 110601 ns
[2020-02-21T01:46:21.158+0000][1][safepoint    ] Safepoint "RevokeBias", Time since last: 2505048463 ns, Reaching safepoint: 81518 ns, At safepoint: 18567 ns, Total: 100085 ns
[2020-02-21T01:46:23.661+0000][1][safepoint    ] Safepoint "RevokeBias", Time since last: 2503026668 ns, Reaching safepoint: 86781 ns, At safepoint: 20638 ns, Total: 107419 ns
[2020-02-21T01:46:26.166+0000][1][safepoint    ] Safepoint "RevokeBias", Time since last: 2504969797 ns, Reaching safepoint: 87089 ns, At safepoint: 20160 ns, Total: 107249 ns
[2020-02-21T01:46:28.672+0000][1][safepoint    ] Safepoint "RevokeBias", Time since last: 2505652457 ns, Reaching safepoint: 104616 ns, At safepoint: 20650 ns, Total: 125266 ns
[2020-02-21T01:46:30.673+0000][1][safepoint    ] Safepoint "Cleanup", Time since last: 2000970499 ns, Reaching safepoint: 97325 ns, At safepoint: 9018 ns, Total: 106343 ns
[2020-02-21T01:46:31.189+0000][1][safepoint    ] Safepoint "RevokeBias", Time since last: 516406767 ns, Reaching safepoint: 73861 ns, At safepoint: 17051 ns, Total: 90912 ns
[2020-02-21T01:46:33.696+0000][1][safepoint    ] Safepoint "RevokeBias", Time since last: 2506753339 ns, Reaching safepoint: 85166 ns, At safepoint: 20103 ns, Total: 105269 ns
[2020-02-21T01:46:36.202+0000][1][safepoint    ] Safepoint "RevokeBias", Time since last: 2505569548 ns, Reaching safepoint: 78757 ns, At safepoint: 18599 ns, Total: 97356 ns
[2020-02-21T01:46:38.708+0000][1][safepoint    ] Safepoint "RevokeBias", Time since last: 2506004599 ns, Reaching safepoint: 85666 ns, At safepoint: 20989 ns, Total: 106655 ns
[2020-02-21T01:46:39.709+0000][1][safepoint    ] Safepoint "Cleanup", Time since last: 1000752437 ns, Reaching safepoint: 94225 ns, At safepoint: 10084 ns, Total: 104309 ns
[2020-02-21T01:46:41.212+0000][1][safepoint    ] Safepoint "RevokeBias", Time since last: 1503380046 ns, Reaching safepoint: 88347 ns, At safepoint: 20581 ns, Total: 108928 ns
[2020-02-21T01:46:42.213+0000][1][safepoint    ] Safepoint "Cleanup", Time since last: 1000952754 ns, Reaching safepoint: 98439 ns, At safepoint: 10541 ns, Total: 108980 ns
[2020-02-21T01:46:43.720+0000][1][safepoint    ] Safepoint "RevokeBias", Time since last: 1507167315 ns, Reaching safepoint: 73840 ns, At safepoint: 43333 ns, Total: 117173 ns
[2020-02-21T01:46:46.225+0000][1][safepoint    ] Safepoint "RevokeBias", Time since last: 2504080599 ns, Reaching safepoint: 86196 ns, At safepoint: 20678 ns, Total: 106874 ns
[2020-02-21T01:46:48.733+0000][1][safepoint    ] Safepoint "RevokeBias", Time since last: 2508754015 ns, Reaching safepoint: 54526 ns, At safepoint: 15999 ns, Total: 70525 ns
[2020-02-21T01:46:51.247+0000][1][safepoint    ] Safepoint "RevokeBias", Time since last: 2513832436 ns, Reaching safepoint: 76215 ns, At safepoint: 17522 ns, Total: 93737 ns
[2020-02-21T01:46:53.751+0000][1][safepoint    ] Safepoint "RevokeBias", Time since last: 2503875619 ns, Reaching safepoint: 88824 ns, At safepoint: 20446 ns, Total: 109270 ns
[2020-02-21T01:46:56.256+0000][1][safepoint    ] Safepoint "RevokeBias", Time since last: 2504161177 ns, Reaching safepoint: 104095 ns, At safepoint: 24776 ns, Total: 128871 ns
[2020-02-21T01:46:58.762+0000][1][safepoint    ] Safepoint "RevokeBias", Time since last: 2506520482 ns, Reaching safepoint: 87469 ns, At safepoint: 59210 ns, Total: 146679 ns
[2020-02-21T01:47:01.279+0000][1][safepoint    ] Safepoint "RevokeBias", Time since last: 2516324594 ns, Reaching safepoint: 78814 ns, At safepoint: 18001 ns, Total: 96815 ns
[2020-02-21T01:47:03.788+0000][1][safepoint    ] Safepoint "RevokeBias", Time since last: 2509641286 ns, Reaching safepoint: 73018 ns, At safepoint: 17385 ns, Total: 90403 ns
[2020-02-21T01:47:06.293+0000][1][safepoint    ] Safepoint "RevokeBias", Time since last: 2504176300 ns, Reaching safepoint: 74831 ns, At safepoint: 17198 ns, Total: 92029 ns
[2020-02-21T01:47:08.294+0000][1][safepoint    ] Safepoint "Cleanup", Time since last: 2001470983 ns, Reaching safepoint: 92448 ns, At safepoint: 8632 ns, Total: 101080 ns
[2020-02-21T01:47:08.798+0000][1][safepoint    ] Safepoint "RevokeBias", Time since last: 503877839 ns, Reaching safepoint: 74905 ns, At safepoint: 17514 ns, Total: 92419 ns
[2020-02-21T01:47:11.302+0000][1][safepoint    ] Safepoint "RevokeBias", Time since last: 2503629880 ns, Reaching safepoint: 86630 ns, At safepoint: 20582 ns, Total: 107212 ns
[2020-02-21T01:47:13.809+0000][1][safepoint    ] Safepoint "RevokeBias", Time since last: 2506824578 ns, Reaching safepoint: 73729 ns, At safepoint: 17188 ns, Total: 90917 ns
[2020-02-21T01:47:14.440+0000][1][gc,start     ] GC(39) Pause Young (Allocation Failure)
[2020-02-21T01:47:14.440+0000][1][gc,task      ] GC(39) Using 1 workers of 1 for evacuation
[2020-02-21T01:47:14.451+0000][1][gc,age       ] GC(39) Desired survivor size 4358144 bytes, new threshold 6 (max threshold 6)
[2020-02-21T01:47:14.451+0000][1][gc,age       ] GC(39) Age table with threshold 6 (max threshold 6)
[2020-02-21T01:47:14.451+0000][1][gc,age       ] GC(39) - age   1:      13432 bytes,      13432 total
[2020-02-21T01:47:14.451+0000][1][gc,age       ] GC(39) - age   2:       4584 bytes,      18016 total
[2020-02-21T01:47:14.451+0000][1][gc,age       ] GC(39) - age   3:       3320 bytes,      21336 total
[2020-02-21T01:47:14.451+0000][1][gc,age       ] GC(39) - age   4:       2120 bytes,      23456 total
[2020-02-21T01:47:14.451+0000][1][gc,age       ] GC(39) - age   5:       1344 bytes,      24800 total
[2020-02-21T01:47:14.451+0000][1][gc,age       ] GC(39) - age   6:       2376 bytes,      27176 total
[2020-02-21T01:47:14.451+0000][1][gc,heap      ] GC(39) ParNew: 68212K->47K(76672K)
[2020-02-21T01:47:14.451+0000][1][gc,heap      ] GC(39) CMS: 62519K->62522K(963392K)
[2020-02-21T01:47:14.451+0000][1][gc,metaspace ] GC(39) Metaspace: 79214K->79214K(1122304K)
[2020-02-21T01:47:14.452+0000][1][gc           ] GC(39) Pause Young (Allocation Failure) 127M->61M(1015M) 12.009ms
[2020-02-21T01:47:14.452+0000][1][gc,cpu       ] GC(39) User=0.01s Sys=0.00s Real=0.01s
[2020-02-21T01:47:14.452+0000][1][safepoint    ] Safepoint "GenCollectForAllocation", Time since last: 630491441 ns, Reaching safepoint: 85496 ns, At safepoint: 12061326 ns, Total: 12146822 ns
[2020-02-21T01:47:16.315+0000][1][safepoint    ] Safepoint "RevokeBias", Time since last: 1862969505 ns, Reaching safepoint: 154541 ns, At safepoint: 18599 ns, Total: 173140 ns
[2020-02-21T01:47:18.835+0000][1][safepoint    ] Safepoint "RevokeBias", Time since last: 2520681916 ns, Reaching safepoint: 74329 ns, At safepoint: 16411 ns, Total: 90740 ns
[2020-02-21T01:47:21.350+0000][1][safepoint    ] Safepoint "BulkRevokeBias", Time since last: 2514149907 ns, Reaching safepoint: 88334 ns, At safepoint: 254858 ns, Total: 343192 ns
[2020-02-21T01:47:23.857+0000][1][safepoint    ] Safepoint "RevokeBias", Time since last: 2507007366 ns, Reaching safepoint: 73561 ns, At safepoint: 19686 ns, Total: 93247 ns
[2020-02-21T01:47:24.858+0000][1][safepoint    ] Safepoint "Cleanup", Time since last: 1000699291 ns, Reaching safepoint: 78961 ns, At safepoint: 6521 ns, Total: 85482 ns
[2020-02-21T01:47:26.365+0000][1][safepoint    ] Safepoint "RevokeBias", Time since last: 1507109271 ns, Reaching safepoint: 103345 ns, At safepoint: 21907 ns, Total: 125252 ns
[2020-02-21T01:47:28.366+0000][1][safepoint    ] Safepoint "Cleanup", Time since last: 2000686953 ns, Reaching safepoint: 93836 ns, At safepoint: 8881 ns, Total: 102717 ns
[2020-02-21T01:47:28.871+0000][1][safepoint    ] Safepoint "RevokeBias", Time since last: 504654405 ns, Reaching safepoint: 124563 ns, At safepoint: 23305 ns, Total: 147868 ns
[2020-02-21T01:47:31.375+0000][1][safepoint    ] Safepoint "RevokeBias", Time since last: 2504639207 ns, Reaching safepoint: 74717 ns, At safepoint: 17777 ns, Total: 92494 ns
[2020-02-21T01:47:33.880+0000][1][safepoint    ] Safepoint "RevokeBias", Time since last: 2504653259 ns, Reaching safepoint: 86789 ns, At safepoint: 19639 ns, Total: 106428 ns
[2020-02-21T01:47:36.399+0000][1][safepoint    ] Safepoint "RevokeBias", Time since last: 2519116746 ns, Reaching safepoint: 102371 ns, At safepoint: 15357 ns, Total: 117728 ns
[2020-02-21T01:47:38.911+0000][1][safepoint    ] Safepoint "RevokeBias", Time since last: 2511262895 ns, Reaching safepoint: 92040 ns, At safepoint: 18687 ns, Total: 110727 ns
[2020-02-21T01:47:41.415+0000][1][safepoint    ] Safepoint "RevokeBias", Time since last: 2504423163 ns, Reaching safepoint: 80719 ns, At safepoint: 19410 ns, Total: 100129 ns
[2020-02-21T01:47:43.922+0000][1][safepoint    ] Safepoint "RevokeBias", Time since last: 2506616220 ns, Reaching safepoint: 127468 ns, At safepoint: 23142 ns, Total: 150610 ns
[2020-02-21T01:47:46.428+0000][1][safepoint    ] Safepoint "RevokeBias", Time since last: 2505952050 ns, Reaching safepoint: 126780 ns, At safepoint: 22294 ns, Total: 149074 ns
[2020-02-21T01:47:48.932+0000][1][safepoint    ] Safepoint "RevokeBias", Time since last: 2503844221 ns, Reaching safepoint: 87466 ns, At safepoint: 20375 ns, Total: 107841 ns
[2020-02-21T01:47:51.436+0000][1][safepoint    ] Safepoint "RevokeBias", Time since last: 2503999222 ns, Reaching safepoint: 73798 ns, At safepoint: 16871 ns, Total: 90669 ns
[2020-02-21T01:47:53.948+0000][1][safepoint    ] Safepoint "RevokeBias", Time since last: 2511504896 ns, Reaching safepoint: 60136 ns, At safepoint: 16106 ns, Total: 76242 ns
[2020-02-21T01:47:56.458+0000][1][safepoint    ] Safepoint "RevokeBias", Time since last: 2509870854 ns, Reaching safepoint: 83371 ns, At safepoint: 17873 ns, Total: 101244 ns
[2020-02-21T01:47:58.965+0000][1][safepoint    ] Safepoint "RevokeBias", Time since last: 2506945968 ns, Reaching safepoint: 55226 ns, At safepoint: 15952 ns, Total: 71178 ns
[2020-02-21T01:48:01.472+0000][1][safepoint    ] Safepoint "RevokeBias", Time since last: 2507044471 ns, Reaching safepoint: 84581 ns, At safepoint: 19365 ns, Total: 103946 ns
[2020-02-21T01:48:03.976+0000][1][safepoint    ] Safepoint "RevokeBias", Time since last: 2504069958 ns, Reaching safepoint: 86566 ns, At safepoint: 19541 ns, Total: 106107 ns
[2020-02-21T01:48:06.481+0000][1][safepoint    ] Safepoint "RevokeBias", Time since last: 2505184597 ns, Reaching safepoint: 74336 ns, At safepoint: 16508 ns, Total: 90844 ns
[2020-02-21T01:48:08.988+0000][1][safepoint    ] Safepoint "RevokeBias", Time since last: 2506734069 ns, Reaching safepoint: 96911 ns, At safepoint: 20502 ns, Total: 117413 ns
[2020-02-21T01:48:11.499+0000][1][safepoint    ] Safepoint "RevokeBias", Time since last: 2510664179 ns, Reaching safepoint: 72093 ns, At safepoint: 16350 ns, Total: 88443 ns
[2020-02-21T01:48:12.499+0000][1][safepoint    ] Safepoint "Cleanup", Time since last: 1000303355 ns, Reaching safepoint: 93869 ns, At safepoint: 8642 ns, Total: 102511 ns
[2020-02-21T01:48:14.007+0000][1][safepoint    ] Safepoint "RevokeBias", Time since last: 1507777274 ns, Reaching safepoint: 86632 ns, At safepoint: 18389 ns, Total: 105021 ns
[2020-02-21T01:48:16.515+0000][1][safepoint    ] Safepoint "RevokeBias", Time since last: 2507846931 ns, Reaching safepoint: 75094 ns, At safepoint: 17281 ns, Total: 92375 ns
[2020-02-21T01:48:18.517+0000][1][safepoint    ] Safepoint "Cleanup", Time since last: 2001216883 ns, Reaching safepoint: 90964 ns, At safepoint: 8413 ns, Total: 99377 ns
[2020-02-21T01:48:19.026+0000][1][safepoint    ] Safepoint "RevokeBias", Time since last: 509264979 ns, Reaching safepoint: 85832 ns, At safepoint: 19193 ns, Total: 105025 ns
[2020-02-21T01:48:21.535+0000][1][safepoint    ] Safepoint "RevokeBias", Time since last: 2508804135 ns, Reaching safepoint: 85822 ns, At safepoint: 18911 ns, Total: 104733 ns
[2020-02-21T01:48:24.050+0000][1][safepoint    ] Safepoint "RevokeBias", Time since last: 2515244564 ns, Reaching safepoint: 55565 ns, At safepoint: 15783 ns, Total: 71348 ns
[2020-02-21T01:48:26.560+0000][1][safepoint    ] Safepoint "RevokeBias", Time since last: 2509878159 ns, Reaching safepoint: 96852 ns, At safepoint: 21427 ns, Total: 118279 ns
[2020-02-21T01:48:29.066+0000][1][safepoint    ] Safepoint "RevokeBias", Time since last: 2505371993 ns, Reaching safepoint: 81760 ns, At safepoint: 18973 ns, Total: 100733 ns
[2020-02-21T01:48:31.071+0000][1][safepoint    ] Safepoint "Cleanup", Time since last: 2005625910 ns, Reaching safepoint: 91077 ns, At safepoint: 9033 ns, Total: 100110 ns
[2020-02-21T01:48:31.572+0000][1][safepoint    ] Safepoint "RevokeBias", Time since last: 500903037 ns, Reaching safepoint: 92184 ns, At safepoint: 20833 ns, Total: 113017 ns
[2020-02-21T01:48:34.076+0000][1][safepoint    ] Safepoint "BulkRevokeBias", Time since last: 2503713452 ns, Reaching safepoint: 87273 ns, At safepoint: 305738 ns, Total: 393011 ns
[2020-02-21T01:48:36.584+0000][1][safepoint    ] Safepoint "RevokeBias", Time since last: 2507286253 ns, Reaching safepoint: 85857 ns, At safepoint: 20594 ns, Total: 106451 ns
[2020-02-21T01:48:39.090+0000][1][safepoint    ] Safepoint "RevokeBias", Time since last: 2506161698 ns, Reaching safepoint: 75094 ns, At safepoint: 16565 ns, Total: 91659 ns
[2020-02-21T01:48:41.609+0000][1][safepoint    ] Safepoint "RevokeBias", Time since last: 2514669425 ns, Reaching safepoint: 4538561 ns, At safepoint: 25502 ns, Total: 4564063 ns
[2020-02-21T01:48:44.115+0000][1][safepoint    ] Safepoint "RevokeBias", Time since last: 2505281944 ns, Reaching safepoint: 87108 ns, At safepoint: 19983 ns, Total: 107091 ns
[2020-02-21T01:48:46.620+0000][1][safepoint    ] Safepoint "RevokeBias", Time since last: 2504738824 ns, Reaching safepoint: 80147 ns, At safepoint: 18457 ns, Total: 98604 ns
[2020-02-21T01:48:49.123+0000][1][safepoint    ] Safepoint "RevokeBias", Time since last: 2503640809 ns, Reaching safepoint: 88993 ns, At safepoint: 21974 ns, Total: 110967 ns
[2020-02-21T01:48:51.627+0000][1][safepoint    ] Safepoint "RevokeBias", Time since last: 2503751609 ns, Reaching safepoint: 74208 ns, At safepoint: 17334 ns, Total: 91542 ns
[2020-02-21T01:48:54.131+0000][1][safepoint    ] Safepoint "RevokeBias", Time since last: 2503279217 ns, Reaching safepoint: 87254 ns, At safepoint: 52983 ns, Total: 140237 ns
[2020-02-21T01:48:56.634+0000][1][safepoint    ] Safepoint "RevokeBias", Time since last: 2503276355 ns, Reaching safepoint: 104033 ns, At safepoint: 23985 ns, Total: 128018 ns
[2020-02-21T01:48:59.152+0000][1][safepoint    ] Safepoint "RevokeBias", Time since last: 2517576011 ns, Reaching safepoint: 166637 ns, At safepoint: 33015 ns, Total: 199652 ns
[2020-02-21T01:49:01.662+0000][1][safepoint    ] Safepoint "RevokeBias", Time since last: 2510233568 ns, Reaching safepoint: 81490 ns, At safepoint: 18015 ns, Total: 99505 ns
[2020-02-21T01:49:04.166+0000][1][safepoint    ] Safepoint "RevokeBias", Time since last: 2504043852 ns, Reaching safepoint: 85829 ns, At safepoint: 19966 ns, Total: 105795 ns
[2020-02-21T01:49:06.672+0000][1][safepoint    ] Safepoint "RevokeBias", Time since last: 2505958904 ns, Reaching safepoint: 87627 ns, At safepoint: 20795 ns, Total: 108422 ns
[2020-02-21T01:49:09.183+0000][1][safepoint    ] Safepoint "RevokeBias", Time since last: 2511071887 ns, Reaching safepoint: 57021 ns, At safepoint: 17071 ns, Total: 74092 ns
[2020-02-21T01:49:11.696+0000][1][safepoint    ] Safepoint "RevokeBias", Time since last: 2512060407 ns, Reaching safepoint: 94252 ns, At safepoint: 17641 ns, Total: 111893 ns
[2020-02-21T01:49:12.696+0000][1][safepoint    ] Safepoint "Cleanup", Time since last: 1000240489 ns, Reaching safepoint: 92815 ns, At safepoint: 9544 ns, Total: 102359 ns
[2020-02-21T01:49:14.201+0000][1][safepoint    ] Safepoint "RevokeBias", Time since last: 1505343048 ns, Reaching safepoint: 90093 ns, At safepoint: 19882 ns, Total: 109975 ns
[2020-02-21T01:49:16.720+0000][1][safepoint    ] Safepoint "RevokeBias", Time since last: 2518591840 ns, Reaching safepoint: 74074 ns, At safepoint: 17989 ns, Total: 92063 ns
[2020-02-21T01:49:19.230+0000][1][safepoint    ] Safepoint "RevokeBias", Time since last: 2509340522 ns, Reaching safepoint: 89985 ns, At safepoint: 20284 ns, Total: 110269 ns
[2020-02-21T01:49:21.735+0000][1][safepoint    ] Safepoint "RevokeBias", Time since last: 2505197712 ns, Reaching safepoint: 87927 ns, At safepoint: 21262 ns, Total: 109189 ns
[2020-02-21T01:49:24.240+0000][1][safepoint    ] Safepoint "RevokeBias", Time since last: 2504608994 ns, Reaching safepoint: 88625 ns, At safepoint: 20843 ns, Total: 109468 ns
[2020-02-21T01:49:26.744+0000][1][safepoint    ] Safepoint "RevokeBias", Time since last: 2503846984 ns, Reaching safepoint: 104235 ns, At safepoint: 62731 ns, Total: 166966 ns
[2020-02-21T01:49:29.249+0000][1][safepoint    ] Safepoint "RevokeBias", Time since last: 2505108721 ns, Reaching safepoint: 88505 ns, At safepoint: 20841 ns, Total: 109346 ns
[2020-02-21T01:49:31.785+0000][1][safepoint    ] Safepoint "RevokeBias", Time since last: 2536439491 ns, Reaching safepoint: 74002 ns, At safepoint: 16297 ns, Total: 90299 ns
[2020-02-21T01:49:34.308+0000][1][safepoint    ] Safepoint "RevokeBias", Time since last: 2523006173 ns, Reaching safepoint: 57574 ns, At safepoint: 15851 ns, Total: 73425 ns
[2020-02-21T01:49:34.547+0000][1][gc,start     ] GC(40) Pause Young (Allocation Failure)
[2020-02-21T01:49:34.547+0000][1][gc,task      ] GC(40) Using 1 workers of 1 for evacuation
[2020-02-21T01:49:34.564+0000][1][gc,age       ] GC(40) Desired survivor size 4358144 bytes, new threshold 6 (max threshold 6)
[2020-02-21T01:49:34.564+0000][1][gc,age       ] GC(40) Age table with threshold 6 (max threshold 6)
[2020-02-21T01:49:34.564+0000][1][gc,age       ] GC(40) - age   1:      15040 bytes,      15040 total
[2020-02-21T01:49:34.564+0000][1][gc,age       ] GC(40) - age   2:        464 bytes,      15504 total
[2020-02-21T01:49:34.564+0000][1][gc,age       ] GC(40) - age   3:       4584 bytes,      20088 total
[2020-02-21T01:49:34.564+0000][1][gc,age       ] GC(40) - age   4:       3320 bytes,      23408 total
[2020-02-21T01:49:34.564+0000][1][gc,age       ] GC(40) - age   5:       2120 bytes,      25528 total
[2020-02-21T01:49:34.564+0000][1][gc,age       ] GC(40) - age   6:       1344 bytes,      26872 total
[2020-02-21T01:49:34.564+0000][1][gc,heap      ] GC(40) ParNew: 68207K->31K(76672K)
[2020-02-21T01:49:34.564+0000][1][gc,heap      ] GC(40) CMS: 62522K->62525K(963392K)
[2020-02-21T01:49:34.564+0000][1][gc,metaspace ] GC(40) Metaspace: 79252K->79252K(1122304K)
[2020-02-21T01:49:34.564+0000][1][gc           ] GC(40) Pause Young (Allocation Failure) 127M->61M(1015M) 17.308ms
[2020-02-21T01:49:34.564+0000][1][gc,cpu       ] GC(40) User=0.01s Sys=0.00s Real=0.01s
[2020-02-21T01:49:34.564+0000][1][safepoint    ] Safepoint "GenCollectForAllocation", Time since last: 238343137 ns, Reaching safepoint: 91118 ns, At safepoint: 17353860 ns, Total: 17444978 ns
[2020-02-21T01:49:36.818+0000][1][safepoint    ] Safepoint "RevokeBias", Time since last: 2253880587 ns, Reaching safepoint: 87937 ns, At safepoint: 20702 ns, Total: 108639 ns
[2020-02-21T01:49:39.325+0000][1][safepoint    ] Safepoint "RevokeBias", Time since last: 2506938119 ns, Reaching safepoint: 88302 ns, At safepoint: 19769 ns, Total: 108071 ns
[2020-02-21T01:49:41.829+0000][1][safepoint    ] Safepoint "RevokeBias", Time since last: 2503884345 ns, Reaching safepoint: 89153 ns, At safepoint: 20294 ns, Total: 109447 ns
[2020-02-21T01:49:42.831+0000][1][safepoint    ] Safepoint "Cleanup", Time since last: 1001285267 ns, Reaching safepoint: 87693 ns, At safepoint: 7327 ns, Total: 95020 ns
[2020-02-21T01:49:44.335+0000][1][safepoint    ] Safepoint "RevokeBias", Time since last: 1503984405 ns, Reaching safepoint: 80342 ns, At safepoint: 31939 ns, Total: 112281 ns
[2020-02-21T01:49:46.842+0000][1][safepoint    ] Safepoint "BulkRevokeBias", Time since last: 2506645520 ns, Reaching safepoint: 76594 ns, At safepoint: 259559 ns, Total: 336153 ns
[2020-02-21T01:49:49.347+0000][1][safepoint    ] Safepoint "RevokeBias", Time since last: 2505339836 ns, Reaching safepoint: 79189 ns, At safepoint: 18556 ns, Total: 97745 ns
[2020-02-21T01:49:51.862+0000][1][safepoint    ] Safepoint "RevokeBias", Time since last: 2514316544 ns, Reaching safepoint: 75537 ns, At safepoint: 16883 ns, Total: 92420 ns
[2020-02-21T01:49:53.863+0000][1][safepoint    ] Safepoint "Cleanup", Time since last: 2001695713 ns, Reaching safepoint: 100301 ns, At safepoint: 10155 ns, Total: 110456 ns
[2020-02-21T01:49:54.372+0000][1][safepoint    ] Safepoint "RevokeBias", Time since last: 508156674 ns, Reaching safepoint: 88080 ns, At safepoint: 20210 ns, Total: 108290 ns
[2020-02-21T01:49:56.875+0000][1][safepoint    ] Safepoint "RevokeBias", Time since last: 2503075409 ns, Reaching safepoint: 170326 ns, At safepoint: 40480 ns, Total: 210806 ns
[2020-02-21T01:49:59.381+0000][1][safepoint    ] Safepoint "RevokeBias", Time since last: 2506161150 ns, Reaching safepoint: 88967 ns, At safepoint: 20503 ns, Total: 109470 ns
[2020-02-21T01:50:01.382+0000][1][safepoint    ] Safepoint "Cleanup", Time since last: 2000989084 ns, Reaching safepoint: 97374 ns, At safepoint: 7790 ns, Total: 105164 ns
[2020-02-21T01:50:01.885+0000][1][safepoint    ] Safepoint "RevokeBias", Time since last: 503096819 ns, Reaching safepoint: 84928 ns, At safepoint: 20564 ns, Total: 105492 ns
[2020-02-21T01:50:04.398+0000][1][safepoint    ] Safepoint "RevokeBias", Time since last: 2512407482 ns, Reaching safepoint: 56517 ns, At safepoint: 16168 ns, Total: 72685 ns
[2020-02-21T01:50:06.910+0000][1][safepoint    ] Safepoint "RevokeBias", Time since last: 2511689771 ns, Reaching safepoint: 120872 ns, At safepoint: 22375 ns, Total: 143247 ns
[2020-02-21T01:50:09.415+0000][1][safepoint    ] Safepoint "RevokeBias", Time since last: 2505064141 ns, Reaching safepoint: 120359 ns, At safepoint: 75336 ns, Total: 195695 ns
[2020-02-21T01:50:11.919+0000][1][safepoint    ] Safepoint "RevokeBias", Time since last: 2503997629 ns, Reaching safepoint: 109309 ns, At safepoint: 16949 ns, Total: 126258 ns
[2020-02-21T01:50:14.426+0000][1][safepoint    ] Safepoint "RevokeBias", Time since last: 2506881835 ns, Reaching safepoint: 88479 ns, At safepoint: 20121 ns, Total: 108600 ns
[2020-02-21T01:50:16.933+0000][1][safepoint    ] Safepoint "RevokeBias", Time since last: 2506602090 ns, Reaching safepoint: 94343 ns, At safepoint: 66210 ns, Total: 160553 ns
[2020-02-21T01:50:19.437+0000][1][safepoint    ] Safepoint "RevokeBias", Time since last: 2504038420 ns, Reaching safepoint: 206648 ns, At safepoint: 18687 ns, Total: 225335 ns
[2020-02-21T01:50:21.950+0000][1][safepoint    ] Safepoint "RevokeBias", Time since last: 2513176910 ns, Reaching safepoint: 73628 ns, At safepoint: 17294 ns, Total: 90922 ns
[2020-02-21T01:50:24.465+0000][1][safepoint    ] Safepoint "RevokeBias", Time since last: 2513354325 ns, Reaching safepoint: 1142333 ns, At safepoint: 25026 ns, Total: 1167359 ns
[2020-02-21T01:50:26.969+0000][1][safepoint    ] Safepoint "RevokeBias", Time since last: 2503513685 ns, Reaching safepoint: 96909 ns, At safepoint: 21262 ns, Total: 118171 ns
[2020-02-21T01:50:29.477+0000][1][safepoint    ] Safepoint "RevokeBias", Time since last: 2508537796 ns, Reaching safepoint: 85091 ns, At safepoint: 19714 ns, Total: 104805 ns
[2020-02-21T01:50:31.982+0000][1][safepoint    ] Safepoint "RevokeBias", Time since last: 2505078737 ns, Reaching safepoint: 84525 ns, At safepoint: 19291 ns, Total: 103816 ns
[2020-02-21T01:50:34.486+0000][1][safepoint    ] Safepoint "RevokeBias", Time since last: 2503337466 ns, Reaching safepoint: 87721 ns, At safepoint: 19807 ns, Total: 107528 ns
[2020-02-21T01:50:36.992+0000][1][safepoint    ] Safepoint "RevokeBias", Time since last: 2506143195 ns, Reaching safepoint: 79446 ns, At safepoint: 17958 ns, Total: 97404 ns
[2020-02-21T01:50:37.993+0000][1][safepoint    ] Safepoint "Cleanup", Time since last: 1000548856 ns, Reaching safepoint: 82634 ns, At safepoint: 8829 ns, Total: 91463 ns
[2020-02-21T01:50:39.511+0000][1][safepoint    ] Safepoint "RevokeBias", Time since last: 1518480564 ns, Reaching safepoint: 89382 ns, At safepoint: 18767 ns, Total: 108149 ns
[2020-02-21T01:50:42.021+0000][1][safepoint    ] Safepoint "RevokeBias", Time since last: 2509394299 ns, Reaching safepoint: 86499 ns, At safepoint: 19916 ns, Total: 106415 ns
[2020-02-21T01:50:44.528+0000][1][safepoint    ] Safepoint "RevokeBias", Time since last: 2506758276 ns, Reaching safepoint: 85173 ns, At safepoint: 21027 ns, Total: 106200 ns
[2020-02-21T01:50:47.035+0000][1][safepoint    ] Safepoint "RevokeBias", Time since last: 2507414826 ns, Reaching safepoint: 85889 ns, At safepoint: 18821 ns, Total: 104710 ns
[2020-02-21T01:50:49.538+0000][1][safepoint    ] Safepoint "RevokeBias", Time since last: 2503151995 ns, Reaching safepoint: 92186 ns, At safepoint: 20485 ns, Total: 112671 ns
[2020-02-21T01:50:52.046+0000][1][safepoint    ] Safepoint "RevokeBias", Time since last: 2507178976 ns, Reaching safepoint: 87823 ns, At safepoint: 20279 ns, Total: 108102 ns
[2020-02-21T01:50:54.550+0000][1][safepoint    ] Safepoint "RevokeBias", Time since last: 2503897709 ns, Reaching safepoint: 79952 ns, At safepoint: 19076 ns, Total: 99028 ns
[2020-02-21T01:50:57.067+0000][1][safepoint    ] Safepoint "RevokeBias", Time since last: 2516760671 ns, Reaching safepoint: 93854 ns, At safepoint: 19654 ns, Total: 113508 ns
[2020-02-21T01:50:58.067+0000][1][safepoint    ] Safepoint "Cleanup", Time since last: 1000499407 ns, Reaching safepoint: 93625 ns, At safepoint: 10079 ns, Total: 103704 ns
[2020-02-21T01:50:59.585+0000][1][safepoint    ] Safepoint "BulkRevokeBias", Time since last: 1517377457 ns, Reaching safepoint: 78957 ns, At safepoint: 198061 ns, Total: 277018 ns
[2020-02-21T01:51:02.089+0000][1][safepoint    ] Safepoint "RevokeBias", Time since last: 2503511305 ns, Reaching safepoint: 84347 ns, At safepoint: 208028 ns, Total: 292375 ns
[2020-02-21T01:51:04.594+0000][1][safepoint    ] Safepoint "RevokeBias", Time since last: 2504923215 ns, Reaching safepoint: 121413 ns, At safepoint: 17511 ns, Total: 138924 ns
[2020-02-21T01:51:07.101+0000][1][safepoint    ] Safepoint "RevokeBias", Time since last: 2507545080 ns, Reaching safepoint: 87554 ns, At safepoint: 20213 ns, Total: 107767 ns
[2020-02-21T01:51:09.619+0000][1][safepoint    ] Safepoint "RevokeBias", Time since last: 2517416210 ns, Reaching safepoint: 91036 ns, At safepoint: 20170 ns, Total: 111206 ns
[2020-02-21T01:51:12.124+0000][1][safepoint    ] Safepoint "RevokeBias", Time since last: 2504615473 ns, Reaching safepoint: 110561 ns, At safepoint: 20681 ns, Total: 131242 ns
[2020-02-21T01:51:14.641+0000][1][safepoint    ] Safepoint "RevokeBias", Time since last: 2517210930 ns, Reaching safepoint: 172938 ns, At safepoint: 18096 ns, Total: 191034 ns
[2020-02-21T01:51:17.152+0000][1][safepoint    ] Safepoint "RevokeBias", Time since last: 2510331214 ns, Reaching safepoint: 65892 ns, At safepoint: 19082 ns, Total: 84974 ns
[2020-02-21T01:51:19.656+0000][1][safepoint    ] Safepoint "RevokeBias", Time since last: 2504192307 ns, Reaching safepoint: 77678 ns, At safepoint: 18019 ns, Total: 95697 ns
[2020-02-21T01:51:22.162+0000][1][safepoint    ] Safepoint "RevokeBias", Time since last: 2506169992 ns, Reaching safepoint: 87466 ns, At safepoint: 20490 ns, Total: 107956 ns
[2020-02-21T01:51:24.671+0000][1][safepoint    ] Safepoint "RevokeBias", Time since last: 2508422781 ns, Reaching safepoint: 190007 ns, At safepoint: 49912 ns, Total: 239919 ns
[2020-02-21T01:51:27.178+0000][1][safepoint    ] Safepoint "RevokeBias", Time since last: 2507102314 ns, Reaching safepoint: 103441 ns, At safepoint: 21033 ns, Total: 124474 ns
[2020-02-21T01:51:28.179+0000][1][safepoint    ] Safepoint "Cleanup", Time since last: 1000678816 ns, Reaching safepoint: 101769 ns, At safepoint: 8084 ns, Total: 109853 ns
[2020-02-21T01:51:29.684+0000][1][safepoint    ] Safepoint "RevokeBias", Time since last: 1505428136 ns, Reaching safepoint: 91450 ns, At safepoint: 21370 ns, Total: 112820 ns
[2020-02-21T01:51:32.206+0000][1][safepoint    ] Safepoint "RevokeBias", Time since last: 2521546208 ns, Reaching safepoint: 120533 ns, At safepoint: 37660 ns, Total: 158193 ns
[2020-02-21T01:51:34.720+0000][1][safepoint    ] Safepoint "RevokeBias", Time since last: 2513848301 ns, Reaching safepoint: 75984 ns, At safepoint: 17848 ns, Total: 93832 ns
[2020-02-21T01:51:37.227+0000][1][safepoint    ] Safepoint "RevokeBias", Time since last: 2506701326 ns, Reaching safepoint: 85017 ns, At safepoint: 19893 ns, Total: 104910 ns
[2020-02-21T01:51:38.228+0000][1][safepoint    ] Safepoint "Cleanup", Time since last: 1001239629 ns, Reaching safepoint: 74096 ns, At safepoint: 5190 ns, Total: 79286 ns
[2020-02-21T01:51:39.734+0000][1][safepoint    ] Safepoint "RevokeBias", Time since last: 1505934797 ns, Reaching safepoint: 86507 ns, At safepoint: 18146 ns, Total: 104653 ns
[2020-02-21T01:51:42.238+0000][1][safepoint    ] Safepoint "RevokeBias", Time since last: 2503769445 ns, Reaching safepoint: 92941 ns, At safepoint: 19950 ns, Total: 112891 ns
[2020-02-21T01:51:44.745+0000][1][safepoint    ] Safepoint "RevokeBias", Time since last: 2506578554 ns, Reaching safepoint: 65507 ns, At safepoint: 17522 ns, Total: 83029 ns
[2020-02-21T01:51:47.248+0000][1][safepoint    ] Safepoint "RevokeBias", Time since last: 2503683443 ns, Reaching safepoint: 88395 ns, At safepoint: 19974 ns, Total: 108369 ns
[2020-02-21T01:51:48.250+0000][1][safepoint    ] Safepoint "Cleanup", Time since last: 1001163586 ns, Reaching safepoint: 79247 ns, At safepoint: 6666 ns, Total: 85913 ns
[2020-02-21T01:51:49.763+0000][1][safepoint    ] Safepoint "RevokeBias", Time since last: 1513408302 ns, Reaching safepoint: 77182 ns, At safepoint: 17983 ns, Total: 95165 ns
[2020-02-21T01:51:52.275+0000][1][safepoint    ] Safepoint "RevokeBias", Time since last: 2511280243 ns, Reaching safepoint: 133596 ns, At safepoint: 22992 ns, Total: 156588 ns
[2020-02-21T01:51:54.665+0000][1][gc,start     ] GC(41) Pause Young (Allocation Failure)
[2020-02-21T01:51:54.665+0000][1][gc,task      ] GC(41) Using 1 workers of 1 for evacuation
[2020-02-21T01:51:54.676+0000][1][gc,age       ] GC(41) Desired survivor size 4358144 bytes, new threshold 6 (max threshold 6)
[2020-02-21T01:51:54.676+0000][1][gc,age       ] GC(41) Age table with threshold 6 (max threshold 6)
[2020-02-21T01:51:54.676+0000][1][gc,age       ] GC(41) - age   1:      14488 bytes,      14488 total
[2020-02-21T01:51:54.676+0000][1][gc,age       ] GC(41) - age   2:       3032 bytes,      17520 total
[2020-02-21T01:51:54.676+0000][1][gc,age       ] GC(41) - age   3:        464 bytes,      17984 total
[2020-02-21T01:51:54.676+0000][1][gc,age       ] GC(41) - age   4:       4584 bytes,      22568 total
[2020-02-21T01:51:54.676+0000][1][gc,age       ] GC(41) - age   5:       3320 bytes,      25888 total
[2020-02-21T01:51:54.676+0000][1][gc,age       ] GC(41) - age   6:       2120 bytes,      28008 total
[2020-02-21T01:51:54.676+0000][1][gc,heap      ] GC(41) ParNew: 68191K->47K(76672K)
[2020-02-21T01:51:54.676+0000][1][gc,heap      ] GC(41) CMS: 62525K->62526K(963392K)
[2020-02-21T01:51:54.677+0000][1][gc,metaspace ] GC(41) Metaspace: 79278K->79278K(1122304K)
[2020-02-21T01:51:54.677+0000][1][gc           ] GC(41) Pause Young (Allocation Failure) 127M->61M(1015M) 11.219ms
[2020-02-21T01:51:54.677+0000][1][gc,cpu       ] GC(41) User=0.01s Sys=0.00s Real=0.02s
[2020-02-21T01:51:54.677+0000][1][safepoint    ] Safepoint "GenCollectForAllocation", Time since last: 2390593824 ns, Reaching safepoint: 82852 ns, At safepoint: 11334458 ns, Total: 11417310 ns
[2020-02-21T01:51:54.779+0000][1][safepoint    ] Safepoint "RevokeBias", Time since last: 101722231 ns, Reaching safepoint: 165317 ns, At safepoint: 47887 ns, Total: 213204 ns
[2020-02-21T01:51:57.282+0000][1][safepoint    ] Safepoint "RevokeBias", Time since last: 2502956439 ns, Reaching safepoint: 95529 ns, At safepoint: 20131 ns, Total: 115660 ns
[2020-02-21T01:51:59.788+0000][1][safepoint    ] Safepoint "RevokeBias", Time since last: 2506368894 ns, Reaching safepoint: 84054 ns, At safepoint: 18645 ns, Total: 102699 ns
[2020-02-21T01:52:02.307+0000][1][safepoint    ] Safepoint "RevokeBias", Time since last: 2519193547 ns, Reaching safepoint: 80239 ns, At safepoint: 17458 ns, Total: 97697 ns
[2020-02-21T01:52:04.820+0000][1][safepoint    ] Safepoint "RevokeBias", Time since last: 2512495743 ns, Reaching safepoint: 74524 ns, At safepoint: 17524 ns, Total: 92048 ns
[2020-02-21T01:52:07.330+0000][1][safepoint    ] Safepoint "RevokeBias", Time since last: 2510140168 ns, Reaching safepoint: 87210 ns, At safepoint: 19848 ns, Total: 107058 ns
[2020-02-21T01:52:09.835+0000][1][safepoint    ] Safepoint "RevokeBias", Time since last: 2504784909 ns, Reaching safepoint: 89877 ns, At safepoint: 20282 ns, Total: 110159 ns
[2020-02-21T01:52:12.340+0000][1][safepoint    ] Safepoint "BulkRevokeBias", Time since last: 2504089563 ns, Reaching safepoint: 126424 ns, At safepoint: 221409 ns, Total: 347833 ns
[2020-02-21T01:52:14.849+0000][1][safepoint    ] Safepoint "RevokeBias", Time since last: 2509761273 ns, Reaching safepoint: 74815 ns, At safepoint: 16774 ns, Total: 91589 ns
[2020-02-21T01:52:17.362+0000][1][safepoint    ] Safepoint "RevokeBias", Time since last: 2512148870 ns, Reaching safepoint: 89821 ns, At safepoint: 20260 ns, Total: 110081 ns
[2020-02-21T01:52:18.362+0000][1][safepoint    ] Safepoint "Cleanup", Time since last: 1000175541 ns, Reaching safepoint: 85485 ns, At safepoint: 7331 ns, Total: 92816 ns
[2020-02-21T01:52:19.875+0000][1][safepoint    ] Safepoint "RevokeBias", Time since last: 1513315194 ns, Reaching safepoint: 73381 ns, At safepoint: 16676 ns, Total: 90057 ns
[2020-02-21T01:52:22.383+0000][1][safepoint    ] Safepoint "RevokeBias", Time since last: 2507786432 ns, Reaching safepoint: 82395 ns, At safepoint: 18979 ns, Total: 101374 ns
[2020-02-21T01:52:24.887+0000][1][safepoint    ] Safepoint "RevokeBias", Time since last: 2503890296 ns, Reaching safepoint: 87875 ns, At safepoint: 20618 ns, Total: 108493 ns
[2020-02-21T01:52:27.394+0000][1][safepoint    ] Safepoint "RevokeBias", Time since last: 2506146020 ns, Reaching safepoint: 90811 ns, At safepoint: 20490 ns, Total: 111301 ns
[2020-02-21T01:52:29.900+0000][1][safepoint    ] Safepoint "RevokeBias", Time since last: 2506560487 ns, Reaching safepoint: 97012 ns, At safepoint: 16938 ns, Total: 113950 ns
[2020-02-21T01:52:30.901+0000][1][safepoint    ] Safepoint "Cleanup", Time since last: 1000782411 ns, Reaching safepoint: 86156 ns, At safepoint: 8296 ns, Total: 94452 ns
[2020-02-21T01:52:32.418+0000][1][safepoint    ] Safepoint "RevokeBias", Time since last: 1517212736 ns, Reaching safepoint: 75926 ns, At safepoint: 16716 ns, Total: 92642 ns
[2020-02-21T01:52:34.922+0000][1][safepoint    ] Safepoint "RevokeBias", Time since last: 2503496998 ns, Reaching safepoint: 91581 ns, At safepoint: 20707 ns, Total: 112288 ns
[2020-02-21T01:52:37.440+0000][1][safepoint    ] Safepoint "RevokeBias", Time since last: 2518303640 ns, Reaching safepoint: 74432 ns, At safepoint: 17081 ns, Total: 91513 ns
[2020-02-21T01:52:38.441+0000][1][safepoint    ] Safepoint "Cleanup", Time since last: 1000924808 ns, Reaching safepoint: 92892 ns, At safepoint: 8790 ns, Total: 101682 ns
[2020-02-21T01:52:39.949+0000][1][safepoint    ] Safepoint "RevokeBias", Time since last: 1507497631 ns, Reaching safepoint: 89288 ns, At safepoint: 20739 ns, Total: 110027 ns
[2020-02-21T01:52:42.453+0000][1][safepoint    ] Safepoint "RevokeBias", Time since last: 2503894789 ns, Reaching safepoint: 86538 ns, At safepoint: 21037 ns, Total: 107575 ns
[2020-02-21T01:52:44.461+0000][1][safepoint    ] Safepoint "Cleanup", Time since last: 2008206617 ns, Reaching safepoint: 91908 ns, At safepoint: 9701 ns, Total: 101609 ns
[2020-02-21T01:52:44.958+0000][1][safepoint    ] Safepoint "RevokeBias", Time since last: 496583859 ns, Reaching safepoint: 86676 ns, At safepoint: 20487 ns, Total: 107163 ns
[2020-02-21T01:52:47.464+0000][1][safepoint    ] Safepoint "RevokeBias", Time since last: 2505940937 ns, Reaching safepoint: 56768 ns, At safepoint: 15736 ns, Total: 72504 ns
[2020-02-21T01:52:49.471+0000][1][safepoint    ] Safepoint "Cleanup", Time since last: 2006411830 ns, Reaching safepoint: 76128 ns, At safepoint: 6200 ns, Total: 82328 ns
[2020-02-21T01:52:49.972+0000][1][safepoint    ] Safepoint "RevokeBias", Time since last: 501261486 ns, Reaching safepoint: 85483 ns, At safepoint: 19980 ns, Total: 105463 ns
[2020-02-21T01:52:52.477+0000][1][safepoint    ] Safepoint "RevokeBias", Time since last: 2505021160 ns, Reaching safepoint: 86267 ns, At safepoint: 20363 ns, Total: 106630 ns
[2020-02-21T01:52:54.991+0000][1][safepoint    ] Safepoint "RevokeBias", Time since last: 2513735518 ns, Reaching safepoint: 76083 ns, At safepoint: 17923 ns, Total: 94006 ns
[2020-02-21T01:52:57.499+0000][1][safepoint    ] Safepoint "RevokeBias", Time since last: 2507784374 ns, Reaching safepoint: 106827 ns, At safepoint: 24025 ns, Total: 130852 ns
[2020-02-21T01:53:00.005+0000][1][safepoint    ] Safepoint "RevokeBias", Time since last: 2505928898 ns, Reaching safepoint: 149081 ns, At safepoint: 19235 ns, Total: 168316 ns
[2020-02-21T01:53:01.010+0000][1][safepoint    ] Safepoint "Cleanup", Time since last: 1005351955 ns, Reaching safepoint: 152529 ns, At safepoint: 23268 ns, Total: 175797 ns
[2020-02-21T01:53:02.011+0000][1][safepoint    ] Safepoint "Cleanup", Time since last: 1000862113 ns, Reaching safepoint: 95865 ns, At safepoint: 11131 ns, Total: 106996 ns
[2020-02-21T01:53:02.510+0000][1][safepoint    ] Safepoint "RevokeBias", Time since last: 498667236 ns, Reaching safepoint: 218141 ns, At safepoint: 46921 ns, Total: 265062 ns
[2020-02-21T01:53:05.014+0000][1][safepoint    ] Safepoint "RevokeBias", Time since last: 2503392137 ns, Reaching safepoint: 89271 ns, At safepoint: 19978 ns, Total: 109249 ns
[2020-02-21T01:53:07.520+0000][1][safepoint    ] Safepoint "RevokeBias", Time since last: 2505758780 ns, Reaching safepoint: 127114 ns, At safepoint: 16352 ns, Total: 143466 ns
[2020-02-21T01:53:08.521+0000][1][safepoint    ] Safepoint "Cleanup", Time since last: 1000795976 ns, Reaching safepoint: 78830 ns, At safepoint: 7292 ns, Total: 86122 ns
[2020-02-21T01:53:10.024+0000][1][safepoint    ] Safepoint "RevokeBias", Time since last: 1503771985 ns, Reaching safepoint: 88192 ns, At safepoint: 20205 ns, Total: 108397 ns
[2020-02-21T01:53:12.542+0000][1][safepoint    ] Safepoint "RevokeBias", Time since last: 2517849496 ns, Reaching safepoint: 104201 ns, At safepoint: 18661 ns, Total: 122862 ns
[2020-02-21T01:53:14.543+0000][1][safepoint    ] Safepoint "Cleanup", Time since last: 2000853643 ns, Reaching safepoint: 91179 ns, At safepoint: 8483 ns, Total: 99662 ns
[2020-02-21T01:53:15.060+0000][1][safepoint    ] Safepoint "RevokeBias", Time since last: 516791687 ns, Reaching safepoint: 76217 ns, At safepoint: 16328 ns, Total: 92545 ns
[2020-02-21T01:53:17.570+0000][1][safepoint    ] Safepoint "RevokeBias", Time since last: 2509434796 ns, Reaching safepoint: 89094 ns, At safepoint: 21116 ns, Total: 110210 ns
[2020-02-21T01:53:20.073+0000][1][safepoint    ] Safepoint "RevokeBias", Time since last: 2502749798 ns, Reaching safepoint: 88596 ns, At safepoint: 21146 ns, Total: 109742 ns
[2020-02-21T01:53:22.579+0000][1][safepoint    ] Safepoint "RevokeBias", Time since last: 2506431275 ns, Reaching safepoint: 86205 ns, At safepoint: 20310 ns, Total: 106515 ns
[2020-02-21T01:53:25.082+0000][1][safepoint    ] Safepoint "BulkRevokeBias", Time since last: 2502274355 ns, Reaching safepoint: 74926 ns, At safepoint: 226151 ns, Total: 301077 ns
[2020-02-21T01:53:27.588+0000][1][safepoint    ] Safepoint "RevokeBias", Time since last: 2505660440 ns, Reaching safepoint: 97179 ns, At safepoint: 20000 ns, Total: 117179 ns
[2020-02-21T01:53:30.092+0000][1][safepoint    ] Safepoint "RevokeBias", Time since last: 2504376266 ns, Reaching safepoint: 89599 ns, At safepoint: 20936 ns, Total: 110535 ns
[2020-02-21T01:53:32.597+0000][1][safepoint    ] Safepoint "RevokeBias", Time since last: 2504584090 ns, Reaching safepoint: 78305 ns, At safepoint: 16676 ns, Total: 94981 ns
[2020-02-21T01:53:35.099+0000][1][safepoint    ] Safepoint "RevokeBias", Time since last: 2502308859 ns, Reaching safepoint: 91128 ns, At safepoint: 19750 ns, Total: 110878 ns
[2020-02-21T01:53:37.609+0000][1][safepoint    ] Safepoint "RevokeBias", Time since last: 2509494687 ns, Reaching safepoint: 134978 ns, At safepoint: 54984 ns, Total: 189962 ns
[2020-02-21T01:53:40.119+0000][1][safepoint    ] Safepoint "RevokeBias", Time since last: 2509975398 ns, Reaching safepoint: 88833 ns, At safepoint: 20971 ns, Total: 109804 ns
[2020-02-21T01:53:42.632+0000][1][safepoint    ] Safepoint "RevokeBias", Time since last: 2512857026 ns, Reaching safepoint: 58349 ns, At safepoint: 16052 ns, Total: 74401 ns
[2020-02-21T01:53:44.633+0000][1][safepoint    ] Safepoint "Cleanup", Time since last: 2000610656 ns, Reaching safepoint: 102808 ns, At safepoint: 10502 ns, Total: 113310 ns
[2020-02-21T01:53:45.142+0000][1][safepoint    ] Safepoint "RevokeBias", Time since last: 509495285 ns, Reaching safepoint: 81354 ns, At safepoint: 18102 ns, Total: 99456 ns
[2020-02-21T01:53:47.647+0000][1][safepoint    ] Safepoint "RevokeBias", Time since last: 2505050743 ns, Reaching safepoint: 90428 ns, At safepoint: 19511 ns, Total: 109939 ns
[2020-02-21T01:53:50.151+0000][1][safepoint    ] Safepoint "RevokeBias", Time since last: 2503858897 ns, Reaching safepoint: 87355 ns, At safepoint: 18779 ns, Total: 106134 ns
[2020-02-21T01:53:52.657+0000][1][safepoint    ] Safepoint "RevokeBias", Time since last: 2505402760 ns, Reaching safepoint: 89876 ns, At safepoint: 19757 ns, Total: 109633 ns
[2020-02-21T01:53:55.162+0000][1][safepoint    ] Safepoint "RevokeBias", Time since last: 2504671169 ns, Reaching safepoint: 127963 ns, At safepoint: 23434 ns, Total: 151397 ns
[2020-02-21T01:53:57.665+0000][1][safepoint    ] Safepoint "RevokeBias", Time since last: 2503292832 ns, Reaching safepoint: 115072 ns, At safepoint: 24452 ns, Total: 139524 ns
[2020-02-21T01:54:00.180+0000][1][safepoint    ] Safepoint "RevokeBias", Time since last: 2515299586 ns, Reaching safepoint: 79342 ns, At safepoint: 17273 ns, Total: 96615 ns
[2020-02-21T01:54:02.839+0000][1][safepoint    ] Safepoint "RevokeBias", Time since last: 2658062426 ns, Reaching safepoint: 96968 ns, At safepoint: 21211 ns, Total: 118179 ns
[2020-02-21T01:54:05.342+0000][1][safepoint    ] Safepoint "RevokeBias", Time since last: 2503247070 ns, Reaching safepoint: 78968 ns, At safepoint: 17109 ns, Total: 96077 ns
[2020-02-21T01:54:07.853+0000][1][safepoint    ] Safepoint "RevokeBias", Time since last: 2511204378 ns, Reaching safepoint: 93729 ns, At safepoint: 21038 ns, Total: 114767 ns
[2020-02-21T01:54:10.357+0000][1][safepoint    ] Safepoint "RevokeBias", Time since last: 2503771610 ns, Reaching safepoint: 95076 ns, At safepoint: 21279 ns, Total: 116355 ns
[2020-02-21T01:54:12.861+0000][1][safepoint    ] Safepoint "RevokeBias", Time since last: 2503403554 ns, Reaching safepoint: 81907 ns, At safepoint: 18568 ns, Total: 100475 ns
[2020-02-21T01:54:14.759+0000][1][gc,start     ] GC(42) Pause Young (Allocation Failure)
[2020-02-21T01:54:14.759+0000][1][gc,task      ] GC(42) Using 1 workers of 1 for evacuation
[2020-02-21T01:54:14.770+0000][1][gc,age       ] GC(42) Desired survivor size 4358144 bytes, new threshold 6 (max threshold 6)
[2020-02-21T01:54:14.770+0000][1][gc,age       ] GC(42) Age table with threshold 6 (max threshold 6)
[2020-02-21T01:54:14.770+0000][1][gc,age       ] GC(42) - age   1:      14960 bytes,      14960 total
[2020-02-21T01:54:14.770+0000][1][gc,age       ] GC(42) - age   2:       1928 bytes,      16888 total
[2020-02-21T01:54:14.770+0000][1][gc,age       ] GC(42) - age   3:       3032 bytes,      19920 total
[2020-02-21T01:54:14.770+0000][1][gc,age       ] GC(42) - age   4:        464 bytes,      20384 total
[2020-02-21T01:54:14.770+0000][1][gc,age       ] GC(42) - age   5:       4352 bytes,      24736 total
[2020-02-21T01:54:14.770+0000][1][gc,age       ] GC(42) - age   6:       3320 bytes,      28056 total
[2020-02-21T01:54:14.770+0000][1][gc,heap      ] GC(42) ParNew: 68207K->32K(76672K)
[2020-02-21T01:54:14.770+0000][1][gc,heap      ] GC(42) CMS: 62526K->62528K(963392K)
[2020-02-21T01:54:14.770+0000][1][gc,metaspace ] GC(42) Metaspace: 79292K->79292K(1122304K)
[2020-02-21T01:54:14.771+0000][1][gc           ] GC(42) Pause Young (Allocation Failure) 127M->61M(1015M) 11.177ms
[2020-02-21T01:54:14.771+0000][1][gc,cpu       ] GC(42) User=0.01s Sys=0.00s Real=0.01s
[2020-02-21T01:54:14.771+0000][1][safepoint    ] Safepoint "GenCollectForAllocation", Time since last: 1898563774 ns, Reaching safepoint: 91531 ns, At safepoint: 11367362 ns, Total: 11458893 ns
[2020-02-21T01:54:15.367+0000][1][safepoint    ] Safepoint "RevokeBias", Time since last: 596176879 ns, Reaching safepoint: 84053 ns, At safepoint: 18793 ns, Total: 102846 ns
[2020-02-21T01:54:17.880+0000][1][safepoint    ] Safepoint "RevokeBias", Time since last: 2512965320 ns, Reaching safepoint: 59922 ns, At safepoint: 16427 ns, Total: 76349 ns
[2020-02-21T01:54:18.881+0000][1][safepoint    ] Safepoint "Cleanup", Time since last: 1000742482 ns, Reaching safepoint: 93173 ns, At safepoint: 7530 ns, Total: 100703 ns
[2020-02-21T01:54:20.387+0000][1][safepoint    ] Safepoint "RevokeBias", Time since last: 1505866226 ns, Reaching safepoint: 79798 ns, At safepoint: 18327 ns, Total: 98125 ns
[2020-02-21T01:54:22.893+0000][1][safepoint    ] Safepoint "RevokeBias", Time since last: 2506384925 ns, Reaching safepoint: 94421 ns, At safepoint: 21320 ns, Total: 115741 ns
[2020-02-21T01:54:25.397+0000][1][safepoint    ] Safepoint "RevokeBias", Time since last: 2503642562 ns, Reaching safepoint: 99915 ns, At safepoint: 21526 ns, Total: 121441 ns
[2020-02-21T01:54:27.901+0000][1][safepoint    ] Safepoint "RevokeBias", Time since last: 2504221148 ns, Reaching safepoint: 112380 ns, At safepoint: 24810 ns, Total: 137190 ns
[2020-02-21T01:54:28.902+0000][1][safepoint    ] Safepoint "Cleanup", Time since last: 1000442786 ns, Reaching safepoint: 101567 ns, At safepoint: 8323 ns, Total: 109890 ns
[2020-02-21T01:54:30.407+0000][1][safepoint    ] Safepoint "RevokeBias", Time since last: 1504929916 ns, Reaching safepoint: 136919 ns, At safepoint: 24618 ns, Total: 161537 ns
[2020-02-21T01:54:32.911+0000][1][safepoint    ] Safepoint "RevokeBias", Time since last: 2504271861 ns, Reaching safepoint: 92718 ns, At safepoint: 21366 ns, Total: 114084 ns
[2020-02-21T01:54:35.424+0000][1][safepoint    ] Safepoint "RevokeBias", Time since last: 2512751924 ns, Reaching safepoint: 78906 ns, At safepoint: 78958 ns, Total: 157864 ns
[2020-02-21T01:54:37.939+0000][1][safepoint    ] Safepoint "BulkRevokeBias", Time since last: 2513798418 ns, Reaching safepoint: 92730 ns, At safepoint: 227729 ns, Total: 320459 ns
[2020-02-21T01:54:40.442+0000][1][safepoint    ] Safepoint "RevokeBias", Time since last: 2503564720 ns, Reaching safepoint: 92364 ns, At safepoint: 19729 ns, Total: 112093 ns
[2020-02-21T01:54:42.947+0000][1][safepoint    ] Safepoint "RevokeBias", Time since last: 2504330244 ns, Reaching safepoint: 92841 ns, At safepoint: 20837 ns, Total: 113678 ns
[2020-02-21T01:54:45.452+0000][1][safepoint    ] Safepoint "RevokeBias", Time since last: 2504926542 ns, Reaching safepoint: 94436 ns, At safepoint: 20231 ns, Total: 114667 ns
[2020-02-21T01:54:47.959+0000][1][safepoint    ] Safepoint "RevokeBias", Time since last: 2507074249 ns, Reaching safepoint: 104899 ns, At safepoint: 18706 ns, Total: 123605 ns
[2020-02-21T01:54:50.463+0000][1][safepoint    ] Safepoint "RevokeBias", Time since last: 2503911990 ns, Reaching safepoint: 66124 ns, At safepoint: 18052 ns, Total: 84176 ns
[2020-02-21T01:54:52.987+0000][1][safepoint    ] Safepoint "RevokeBias", Time since last: 2524071073 ns, Reaching safepoint: 60636 ns, At safepoint: 15801 ns, Total: 76437 ns
[2020-02-21T01:54:55.501+0000][1][safepoint    ] Safepoint "RevokeBias", Time since last: 2513412290 ns, Reaching safepoint: 79312 ns, At safepoint: 18145 ns, Total: 97457 ns
[2020-02-21T01:54:58.004+0000][1][safepoint    ] Safepoint "RevokeBias", Time since last: 2503256220 ns, Reaching safepoint: 94436 ns, At safepoint: 20902 ns, Total: 115338 ns
[2020-02-21T01:55:00.508+0000][1][safepoint    ] Safepoint "RevokeBias", Time since last: 2503571205 ns, Reaching safepoint: 91857 ns, At safepoint: 21080 ns, Total: 112937 ns
[2020-02-21T01:55:03.014+0000][1][safepoint    ] Safepoint "RevokeBias", Time since last: 2506392853 ns, Reaching safepoint: 90949 ns, At safepoint: 21672 ns, Total: 112621 ns
[2020-02-21T01:55:05.519+0000][1][safepoint    ] Safepoint "RevokeBias", Time since last: 2504780617 ns, Reaching safepoint: 92386 ns, At safepoint: 20989 ns, Total: 113375 ns
[2020-02-21T01:55:07.520+0000][1][safepoint    ] Safepoint "Cleanup", Time since last: 2000479262 ns, Reaching safepoint: 96566 ns, At safepoint: 8482 ns, Total: 105048 ns
[2020-02-21T01:55:08.026+0000][1][safepoint    ] Safepoint "RevokeBias", Time since last: 505845642 ns, Reaching safepoint: 78836 ns, At safepoint: 18378 ns, Total: 97214 ns
[2020-02-21T01:55:09.026+0000][1][safepoint    ] Safepoint "Cleanup", Time since last: 1000503272 ns, Reaching safepoint: 99160 ns, At safepoint: 9078 ns, Total: 108238 ns
[2020-02-21T01:55:10.537+0000][1][safepoint    ] Safepoint "RevokeBias", Time since last: 1511008462 ns, Reaching safepoint: 57269 ns, At safepoint: 15459 ns, Total: 72728 ns
[2020-02-21T01:55:13.048+0000][1][safepoint    ] Safepoint "RevokeBias", Time since last: 2510512100 ns, Reaching safepoint: 117491 ns, At safepoint: 20724 ns, Total: 138215 ns
[2020-02-21T01:55:15.553+0000][1][safepoint    ] Safepoint "RevokeBias", Time since last: 2504568433 ns, Reaching safepoint: 91628 ns, At safepoint: 20596 ns, Total: 112224 ns
[2020-02-21T01:55:18.058+0000][1][safepoint    ] Safepoint "RevokeBias", Time since last: 2505820030 ns, Reaching safepoint: 111936 ns, At safepoint: 24483 ns, Total: 136419 ns
[2020-02-21T01:55:20.562+0000][1][safepoint    ] Safepoint "RevokeBias", Time since last: 2502955464 ns, Reaching safepoint: 84042 ns, At safepoint: 17674 ns, Total: 101716 ns
[2020-02-21T01:55:23.076+0000][1][safepoint    ] Safepoint "RevokeBias", Time since last: 2513898563 ns, Reaching safepoint: 58235 ns, At safepoint: 16025 ns, Total: 74260 ns
[2020-02-21T01:55:25.594+0000][1][safepoint    ] Safepoint "RevokeBias", Time since last: 2516976242 ns, Reaching safepoint: 1209804 ns, At safepoint: 21378 ns, Total: 1231182 ns
[2020-02-21T01:55:28.094+0000][1][safepoint    ] Safepoint "RevokeBias", Time since last: 2500311941 ns, Reaching safepoint: 163110 ns, At safepoint: 21075 ns, Total: 184185 ns
[2020-02-21T01:55:29.095+0000][1][safepoint    ] Safepoint "Cleanup", Time since last: 1000834132 ns, Reaching safepoint: 101100 ns, At safepoint: 9377 ns, Total: 110477 ns
[2020-02-21T01:55:30.601+0000][1][safepoint    ] Safepoint "RevokeBias", Time since last: 1506059336 ns, Reaching safepoint: 90194 ns, At safepoint: 20064 ns, Total: 110258 ns
[2020-02-21T01:55:33.108+0000][1][safepoint    ] Safepoint "RevokeBias", Time since last: 2506452201 ns, Reaching safepoint: 90807 ns, At safepoint: 20528 ns, Total: 111335 ns
[2020-02-21T01:55:35.611+0000][1][safepoint    ] Safepoint "RevokeBias", Time since last: 2502724170 ns, Reaching safepoint: 90350 ns, At safepoint: 21390 ns, Total: 111740 ns
[2020-02-21T01:55:38.116+0000][1][safepoint    ] Safepoint "RevokeBias", Time since last: 2505361720 ns, Reaching safepoint: 90883 ns, At safepoint: 20977 ns, Total: 111860 ns
[2020-02-21T01:55:40.631+0000][1][safepoint    ] Safepoint "RevokeBias", Time since last: 2514806907 ns, Reaching safepoint: 107645 ns, At safepoint: 20435 ns, Total: 128080 ns
[2020-02-21T01:55:43.139+0000][1][safepoint    ] Safepoint "RevokeBias", Time since last: 2507724838 ns, Reaching safepoint: 80437 ns, At safepoint: 105740 ns, Total: 186177 ns
[2020-02-21T01:55:45.643+0000][1][safepoint    ] Safepoint "RevokeBias", Time since last: 2503605871 ns, Reaching safepoint: 91543 ns, At safepoint: 20882 ns, Total: 112425 ns
[2020-02-21T01:55:48.156+0000][1][safepoint    ] Safepoint "RevokeBias", Time since last: 2513040429 ns, Reaching safepoint: 97979 ns, At safepoint: 20122 ns, Total: 118101 ns
[2020-02-21T01:55:49.157+0000][1][safepoint    ] Safepoint "Cleanup", Time since last: 1000733645 ns, Reaching safepoint: 89334 ns, At safepoint: 8448 ns, Total: 97782 ns
[2020-02-21T01:55:50.669+0000][1][safepoint    ] Safepoint "BulkRevokeBias", Time since last: 1511645549 ns, Reaching safepoint: 80523 ns, At safepoint: 270264 ns, Total: 350787 ns
[2020-02-21T01:55:53.182+0000][1][safepoint    ] Safepoint "RevokeBias", Time since last: 2512956859 ns, Reaching safepoint: 134154 ns, At safepoint: 25622 ns, Total: 159776 ns
[2020-02-21T01:55:55.686+0000][1][safepoint    ] Safepoint "RevokeBias", Time since last: 2503650101 ns, Reaching safepoint: 94514 ns, At safepoint: 20692 ns, Total: 115206 ns
[2020-02-21T01:55:58.195+0000][1][safepoint    ] Safepoint "RevokeBias", Time since last: 2509369445 ns, Reaching safepoint: 108983 ns, At safepoint: 20534 ns, Total: 129517 ns
[2020-02-21T01:56:00.705+0000][1][safepoint    ] Safepoint "RevokeBias", Time since last: 2509488673 ns, Reaching safepoint: 102048 ns, At safepoint: 20728 ns, Total: 122776 ns
[2020-02-21T01:56:02.706+0000][1][safepoint    ] Safepoint "Cleanup", Time since last: 2001132623 ns, Reaching safepoint: 91292 ns, At safepoint: 8964 ns, Total: 100256 ns
[2020-02-21T01:56:03.209+0000][1][safepoint    ] Safepoint "RevokeBias", Time since last: 503291712 ns, Reaching safepoint: 93110 ns, At safepoint: 20688 ns, Total: 113798 ns
[2020-02-21T01:56:05.713+0000][1][safepoint    ] Safepoint "RevokeBias", Time since last: 2503055069 ns, Reaching safepoint: 90401 ns, At safepoint: 24731 ns, Total: 115132 ns
[2020-02-21T01:56:08.229+0000][1][safepoint    ] Safepoint "RevokeBias", Time since last: 2516243625 ns, Reaching safepoint: 79625 ns, At safepoint: 18146 ns, Total: 97771 ns
[2020-02-21T01:56:10.740+0000][1][safepoint    ] Safepoint "RevokeBias", Time since last: 2510722692 ns, Reaching safepoint: 139012 ns, At safepoint: 25805 ns, Total: 164817 ns
[2020-02-21T01:56:13.246+0000][1][safepoint    ] Safepoint "RevokeBias", Time since last: 2505635148 ns, Reaching safepoint: 80533 ns, At safepoint: 17170 ns, Total: 97703 ns
[2020-02-21T01:56:15.757+0000][1][safepoint    ] Safepoint "RevokeBias", Time since last: 2511414789 ns, Reaching safepoint: 74440 ns, At safepoint: 20559 ns, Total: 94999 ns
[2020-02-21T01:56:18.274+0000][1][safepoint    ] Safepoint "RevokeBias", Time since last: 2516437266 ns, Reaching safepoint: 78182 ns, At safepoint: 18867 ns, Total: 97049 ns
[2020-02-21T01:56:20.784+0000][1][safepoint    ] Safepoint "RevokeBias", Time since last: 2509949672 ns, Reaching safepoint: 83171 ns, At safepoint: 18179 ns, Total: 101350 ns
[2020-02-21T01:56:23.291+0000][1][safepoint    ] Safepoint "RevokeBias", Time since last: 2506963421 ns, Reaching safepoint: 90985 ns, At safepoint: 21582 ns, Total: 112567 ns
[2020-02-21T01:56:25.795+0000][1][safepoint    ] Safepoint "RevokeBias", Time since last: 2504507404 ns, Reaching safepoint: 80524 ns, At safepoint: 18695 ns, Total: 99219 ns
[2020-02-21T01:56:28.299+0000][1][safepoint    ] Safepoint "RevokeBias", Time since last: 2503702950 ns, Reaching safepoint: 95366 ns, At safepoint: 17804 ns, Total: 113170 ns
[2020-02-21T01:56:30.803+0000][1][safepoint    ] Safepoint "RevokeBias", Time since last: 2503809995 ns, Reaching safepoint: 80409 ns, At safepoint: 17928 ns, Total: 98337 ns
[2020-02-21T01:56:33.318+0000][1][gc,start     ] GC(43) Pause Young (Allocation Failure)
[2020-02-21T01:56:33.318+0000][1][gc,task      ] GC(43) Using 1 workers of 1 for evacuation
[2020-02-21T01:56:33.330+0000][1][gc,age       ] GC(43) Desired survivor size 4358144 bytes, new threshold 6 (max threshold 6)
[2020-02-21T01:56:33.330+0000][1][gc,age       ] GC(43) Age table with threshold 6 (max threshold 6)
[2020-02-21T01:56:33.330+0000][1][gc,age       ] GC(43) - age   1:      14264 bytes,      14264 total
[2020-02-21T01:56:33.330+0000][1][gc,age       ] GC(43) - age   2:       2120 bytes,      16384 total
[2020-02-21T01:56:33.330+0000][1][gc,age       ] GC(43) - age   3:       1808 bytes,      18192 total
[2020-02-21T01:56:33.330+0000][1][gc,age       ] GC(43) - age   4:       2912 bytes,      21104 total
[2020-02-21T01:56:33.330+0000][1][gc,age       ] GC(43) - age   5:        464 bytes,      21568 total
[2020-02-21T01:56:33.330+0000][1][gc,age       ] GC(43) - age   6:       4352 bytes,      25920 total
[2020-02-21T01:56:33.330+0000][1][gc,heap      ] GC(43) ParNew: 68128K->49K(76672K)
[2020-02-21T01:56:33.330+0000][1][gc,heap      ] GC(43) CMS: 62528K->62531K(963392K)
[2020-02-21T01:56:33.330+0000][1][gc,metaspace ] GC(43) Metaspace: 79346K->79346K(1122304K)
[2020-02-21T01:56:33.330+0000][1][gc           ] GC(43) Pause Young (Allocation Failure) 127M->61M(1015M) 11.676ms
[2020-02-21T01:56:33.330+0000][1][gc,cpu       ] GC(43) User=0.01s Sys=0.00s Real=0.01s
[2020-02-21T01:56:33.330+0000][1][safepoint    ] Safepoint "GenCollectForAllocation", Time since last: 2515127732 ns, Reaching safepoint: 60407 ns, At safepoint: 11752752 ns, Total: 11813159 ns
[2020-02-21T01:56:33.331+0000][1][safepoint    ] Safepoint "RevokeBias", Time since last: 1398765 ns, Reaching safepoint: 73572 ns, At safepoint: 16667 ns, Total: 90239 ns
[2020-02-21T01:56:35.841+0000][1][safepoint    ] Safepoint "RevokeBias", Time since last: 2509048207 ns, Reaching safepoint: 79465 ns, At safepoint: 17658 ns, Total: 97123 ns
[2020-02-21T01:56:38.347+0000][1][safepoint    ] Safepoint "RevokeBias", Time since last: 2506281936 ns, Reaching safepoint: 94164 ns, At safepoint: 20623 ns, Total: 114787 ns
[2020-02-21T01:56:40.854+0000][1][safepoint    ] Safepoint "RevokeBias", Time since last: 2506672905 ns, Reaching safepoint: 190511 ns, At safepoint: 20330 ns, Total: 210841 ns
[2020-02-21T01:56:43.361+0000][1][safepoint    ] Safepoint "RevokeBias", Time since last: 2506784703 ns, Reaching safepoint: 96283 ns, At safepoint: 21376 ns, Total: 117659 ns
[2020-02-21T01:56:45.864+0000][1][safepoint    ] Safepoint "RevokeBias", Time since last: 2503400074 ns, Reaching safepoint: 93802 ns, At safepoint: 21925 ns, Total: 115727 ns
[2020-02-21T01:56:48.371+0000][1][safepoint    ] Safepoint "RevokeBias", Time since last: 2506250570 ns, Reaching safepoint: 91397 ns, At safepoint: 20514 ns, Total: 111911 ns
[2020-02-21T01:56:50.881+0000][1][safepoint    ] Safepoint "RevokeBias", Time since last: 2510021738 ns, Reaching safepoint: 121257 ns, At safepoint: 51271 ns, Total: 172528 ns
[2020-02-21T01:56:53.397+0000][1][safepoint    ] Safepoint "RevokeBias", Time since last: 2515646290 ns, Reaching safepoint: 83760 ns, At safepoint: 19946 ns, Total: 103706 ns
[2020-02-21T01:56:55.898+0000][1][safepoint    ] Safepoint "RevokeBias", Time since last: 2501132103 ns, Reaching safepoint: 191105 ns, At safepoint: 20468 ns, Total: 211573 ns
[2020-02-21T01:56:58.402+0000][1][safepoint    ] Safepoint "RevokeBias", Time since last: 2504012862 ns, Reaching safepoint: 94463 ns, At safepoint: 17217 ns, Total: 111680 ns
[2020-02-21T01:57:00.906+0000][1][safepoint    ] Safepoint "RevokeBias", Time since last: 2504227790 ns, Reaching safepoint: 79868 ns, At safepoint: 46721 ns, Total: 126589 ns
[2020-02-21T01:57:03.413+0000][1][safepoint    ] Safepoint "BulkRevokeBias", Time since last: 2506290443 ns, Reaching safepoint: 92734 ns, At safepoint: 228270 ns, Total: 321004 ns
[2020-02-21T01:57:05.917+0000][1][safepoint    ] Safepoint "RevokeBias", Time since last: 2503858163 ns, Reaching safepoint: 90434 ns, At safepoint: 19956 ns, Total: 110390 ns
[2020-02-21T01:57:08.435+0000][1][safepoint    ] Safepoint "RevokeBias", Time since last: 2517361936 ns, Reaching safepoint: 212799 ns, At safepoint: 38627 ns, Total: 251426 ns
[2020-02-21T01:57:10.950+0000][1][safepoint    ] Safepoint "RevokeBias", Time since last: 2515726933 ns, Reaching safepoint: 81376 ns, At safepoint: 16651 ns, Total: 98027 ns
[2020-02-21T01:57:11.951+0000][1][safepoint    ] Safepoint "Cleanup", Time since last: 1000272643 ns, Reaching safepoint: 98952 ns, At safepoint: 9852 ns, Total: 108804 ns
[2020-02-21T01:57:13.456+0000][1][safepoint    ] Safepoint "RevokeBias", Time since last: 1505379013 ns, Reaching safepoint: 92896 ns, At safepoint: 21292 ns, Total: 114188 ns
[2020-02-21T01:57:15.962+0000][1][safepoint    ] Safepoint "RevokeBias", Time since last: 2505352987 ns, Reaching safepoint: 92370 ns, At safepoint: 21150 ns, Total: 113520 ns
[2020-02-21T01:57:18.468+0000][1][safepoint    ] Safepoint "RevokeBias", Time since last: 2506534846 ns, Reaching safepoint: 93411 ns, At safepoint: 21370 ns, Total: 114781 ns
[2020-02-21T01:57:20.972+0000][1][safepoint    ] Safepoint "RevokeBias", Time since last: 2503490270 ns, Reaching safepoint: 109143 ns, At safepoint: 20031 ns, Total: 129174 ns
[2020-02-21T01:57:23.477+0000][1][safepoint    ] Safepoint "RevokeBias", Time since last: 2505104698 ns, Reaching safepoint: 112016 ns, At safepoint: 23433 ns, Total: 135449 ns
[2020-02-21T01:57:24.478+0000][1][safepoint    ] Safepoint "Cleanup", Time since last: 1000259181 ns, Reaching safepoint: 94845 ns, At safepoint: 8765 ns, Total: 103610 ns
[2020-02-21T01:57:25.996+0000][1][safepoint    ] Safepoint "RevokeBias", Time since last: 1517878675 ns, Reaching safepoint: 75918 ns, At safepoint: 17044 ns, Total: 92962 ns
[2020-02-21T01:57:28.507+0000][1][safepoint    ] Safepoint "RevokeBias", Time since last: 2511424275 ns, Reaching safepoint: 93125 ns, At safepoint: 19590 ns, Total: 112715 ns
[2020-02-21T01:57:31.011+0000][1][safepoint    ] Safepoint "RevokeBias", Time since last: 2503421913 ns, Reaching safepoint: 99801 ns, At safepoint: 21252 ns, Total: 121053 ns
[2020-02-21T01:57:32.015+0000][1][safepoint    ] Safepoint "Cleanup", Time since last: 1004055375 ns, Reaching safepoint: 158791 ns, At safepoint: 21229 ns, Total: 180020 ns
[2020-02-21T01:57:33.518+0000][1][safepoint    ] Safepoint "RevokeBias", Time since last: 1502517634 ns, Reaching safepoint: 132999 ns, At safepoint: 23394 ns, Total: 156393 ns
[2020-02-21T01:57:36.021+0000][1][safepoint    ] Safepoint "RevokeBias", Time since last: 2503156089 ns, Reaching safepoint: 92372 ns, At safepoint: 21133 ns, Total: 113505 ns
[2020-02-21T01:57:38.539+0000][1][safepoint    ] Safepoint "RevokeBias", Time since last: 2518147975 ns, Reaching safepoint: 100593 ns, At safepoint: 21515 ns, Total: 122108 ns
[2020-02-21T01:57:41.043+0000][1][safepoint    ] Safepoint "RevokeBias", Time since last: 2503560568 ns, Reaching safepoint: 111833 ns, At safepoint: 24432 ns, Total: 136265 ns
[2020-02-21T01:57:43.547+0000][1][safepoint    ] Safepoint "RevokeBias", Time since last: 2503867192 ns, Reaching safepoint: 126829 ns, At safepoint: 40169 ns, Total: 166998 ns
[2020-02-21T01:57:46.051+0000][1][safepoint    ] Safepoint "RevokeBias", Time since last: 2504363720 ns, Reaching safepoint: 73971 ns, At safepoint: 16385 ns, Total: 90356 ns
[2020-02-21T01:57:48.558+0000][1][safepoint    ] Safepoint "RevokeBias", Time since last: 2506472755 ns, Reaching safepoint: 92989 ns, At safepoint: 21987 ns, Total: 114976 ns
[2020-02-21T01:57:49.561+0000][1][safepoint    ] Safepoint "Cleanup", Time since last: 1002914430 ns, Reaching safepoint: 67909 ns, At safepoint: 6622 ns, Total: 74531 ns
[2020-02-21T01:57:51.068+0000][1][safepoint    ] Safepoint "RevokeBias", Time since last: 1507094740 ns, Reaching safepoint: 97501 ns, At safepoint: 20689 ns, Total: 118190 ns
[2020-02-21T01:57:53.576+0000][1][safepoint    ] Safepoint "RevokeBias", Time since last: 2507562594 ns, Reaching safepoint: 94395 ns, At safepoint: 20506 ns, Total: 114901 ns
[2020-02-21T01:57:56.087+0000][1][safepoint    ] Safepoint "RevokeBias", Time since last: 2511191963 ns, Reaching safepoint: 59056 ns, At safepoint: 15008 ns, Total: 74064 ns
[2020-02-21T01:57:58.599+0000][1][safepoint    ] Safepoint "RevokeBias", Time since last: 2511874252 ns, Reaching safepoint: 92156 ns, At safepoint: 18924 ns, Total: 111080 ns
[2020-02-21T01:58:01.104+0000][1][safepoint    ] Safepoint "RevokeBias", Time since last: 2505222301 ns, Reaching safepoint: 91714 ns, At safepoint: 20556 ns, Total: 112270 ns
[2020-02-21T01:58:03.610+0000][1][safepoint    ] Safepoint "RevokeBias", Time since last: 2505438527 ns, Reaching safepoint: 151589 ns, At safepoint: 20943 ns, Total: 172532 ns
[2020-02-21T01:58:06.114+0000][1][safepoint    ] Safepoint "RevokeBias", Time since last: 2503470137 ns, Reaching safepoint: 80090 ns, At safepoint: 17146 ns, Total: 97236 ns
[2020-02-21T01:58:08.620+0000][1][safepoint    ] Safepoint "RevokeBias", Time since last: 2506184588 ns, Reaching safepoint: 126747 ns, At safepoint: 20700 ns, Total: 147447 ns
[2020-02-21T01:58:11.125+0000][1][safepoint    ] Safepoint "RevokeBias", Time since last: 2505364928 ns, Reaching safepoint: 91629 ns, At safepoint: 21196 ns, Total: 112825 ns
[2020-02-21T01:58:13.657+0000][1][safepoint    ] Safepoint "RevokeBias", Time since last: 2526490951 ns, Reaching safepoint: 5426878 ns, At safepoint: 22270 ns, Total: 5449148 ns
[2020-02-21T01:58:16.168+0000][1][safepoint    ] Safepoint "BulkRevokeBias", Time since last: 2509902918 ns, Reaching safepoint: 92572 ns, At safepoint: 225978 ns, Total: 318550 ns
[2020-02-21T01:58:18.674+0000][1][safepoint    ] Safepoint "RevokeBias", Time since last: 2506480045 ns, Reaching safepoint: 109223 ns, At safepoint: 24068 ns, Total: 133291 ns
[2020-02-21T01:58:21.178+0000][1][safepoint    ] Safepoint "RevokeBias", Time since last: 2503905651 ns, Reaching safepoint: 123530 ns, At safepoint: 22999 ns, Total: 146529 ns
[2020-02-21T01:58:23.685+0000][1][safepoint    ] Safepoint "RevokeBias", Time since last: 2506260545 ns, Reaching safepoint: 100104 ns, At safepoint: 17855 ns, Total: 117959 ns
[2020-02-21T01:58:26.187+0000][1][safepoint    ] Safepoint "RevokeBias", Time since last: 2501907380 ns, Reaching safepoint: 92013 ns, At safepoint: 20310 ns, Total: 112323 ns
[2020-02-21T01:58:28.691+0000][1][safepoint    ] Safepoint "RevokeBias", Time since last: 2503966722 ns, Reaching safepoint: 95616 ns, At safepoint: 21319 ns, Total: 116935 ns
[2020-02-21T01:58:31.199+0000][1][safepoint    ] Safepoint "RevokeBias", Time since last: 2508558541 ns, Reaching safepoint: 83064 ns, At safepoint: 18226 ns, Total: 101290 ns
[2020-02-21T01:58:33.708+0000][1][safepoint    ] Safepoint "RevokeBias", Time since last: 2508742662 ns, Reaching safepoint: 93856 ns, At safepoint: 21046 ns, Total: 114902 ns
[2020-02-21T01:58:36.211+0000][1][safepoint    ] Safepoint "RevokeBias", Time since last: 2502619189 ns, Reaching safepoint: 94415 ns, At safepoint: 19875 ns, Total: 114290 ns
[2020-02-21T01:58:38.715+0000][1][safepoint    ] Safepoint "RevokeBias", Time since last: 2504229703 ns, Reaching safepoint: 66003 ns, At safepoint: 17905 ns, Total: 83908 ns
[2020-02-21T01:58:41.221+0000][1][safepoint    ] Safepoint "RevokeBias", Time since last: 2505242917 ns, Reaching safepoint: 96226 ns, At safepoint: 21589 ns, Total: 117815 ns
[2020-02-21T01:58:43.724+0000][1][safepoint    ] Safepoint "RevokeBias", Time since last: 2503363960 ns, Reaching safepoint: 92861 ns, At safepoint: 20903 ns, Total: 113764 ns
[2020-02-21T01:58:46.228+0000][1][safepoint    ] Safepoint "RevokeBias", Time since last: 2503776753 ns, Reaching safepoint: 91826 ns, At safepoint: 19960 ns, Total: 111786 ns
[2020-02-21T01:58:48.742+0000][1][safepoint    ] Safepoint "RevokeBias", Time since last: 2514308551 ns, Reaching safepoint: 97182 ns, At safepoint: 17371 ns, Total: 114553 ns
[2020-02-21T01:58:51.252+0000][1][safepoint    ] Safepoint "RevokeBias", Time since last: 2509286273 ns, Reaching safepoint: 81694 ns, At safepoint: 18721 ns, Total: 100415 ns
[2020-02-21T01:58:53.758+0000][1][safepoint    ] Safepoint "RevokeBias", Time since last: 2506268092 ns, Reaching safepoint: 94425 ns, At safepoint: 20438 ns, Total: 114863 ns
[2020-02-21T01:58:54.952+0000][1][gc,start     ] GC(44) Pause Young (Allocation Failure)
[2020-02-21T01:58:54.952+0000][1][gc,task      ] GC(44) Using 1 workers of 1 for evacuation
[2020-02-21T01:58:54.962+0000][1][gc,age       ] GC(44) Desired survivor size 4358144 bytes, new threshold 6 (max threshold 6)
[2020-02-21T01:58:54.962+0000][1][gc,age       ] GC(44) Age table with threshold 6 (max threshold 6)
[2020-02-21T01:58:54.962+0000][1][gc,age       ] GC(44) - age   1:      14064 bytes,      14064 total
[2020-02-21T01:58:54.962+0000][1][gc,age       ] GC(44) - age   2:       2280 bytes,      16344 total
[2020-02-21T01:58:54.962+0000][1][gc,age       ] GC(44) - age   3:       2120 bytes,      18464 total
[2020-02-21T01:58:54.962+0000][1][gc,age       ] GC(44) - age   4:       1808 bytes,      20272 total
[2020-02-21T01:58:54.962+0000][1][gc,age       ] GC(44) - age   5:       2912 bytes,      23184 total
[2020-02-21T01:58:54.962+0000][1][gc,age       ] GC(44) - age   6:        464 bytes,      23648 total
[2020-02-21T01:58:54.962+0000][1][gc,heap      ] GC(44) ParNew: 68209K->31K(76672K)
[2020-02-21T01:58:54.962+0000][1][gc,heap      ] GC(44) CMS: 62531K->62536K(963392K)
[2020-02-21T01:58:54.962+0000][1][gc,metaspace ] GC(44) Metaspace: 79351K->79351K(1122304K)
[2020-02-21T01:58:54.962+0000][1][gc           ] GC(44) Pause Young (Allocation Failure) 127M->61M(1015M) 10.180ms
[2020-02-21T01:58:54.962+0000][1][gc,cpu       ] GC(44) User=0.01s Sys=0.00s Real=0.01s
[2020-02-21T01:58:54.963+0000][1][safepoint    ] Safepoint "GenCollectForAllocation", Time since last: 1193938219 ns, Reaching safepoint: 76156 ns, At safepoint: 10327728 ns, Total: 10403884 ns
[2020-02-21T01:58:56.262+0000][1][safepoint    ] Safepoint "RevokeBias", Time since last: 1299176771 ns, Reaching safepoint: 94054 ns, At safepoint: 20578 ns, Total: 114632 ns
[2020-02-21T01:58:58.767+0000][1][safepoint    ] Safepoint "RevokeBias", Time since last: 2505312147 ns, Reaching safepoint: 83802 ns, At safepoint: 17861 ns, Total: 101663 ns
[2020-02-21T01:59:01.272+0000][1][safepoint    ] Safepoint "RevokeBias", Time since last: 2504223661 ns, Reaching safepoint: 81278 ns, At safepoint: 17517 ns, Total: 98795 ns
[2020-02-21T01:59:03.776+0000][1][safepoint    ] Safepoint "RevokeBias", Time since last: 2504307201 ns, Reaching safepoint: 62703 ns, At safepoint: 18123 ns, Total: 80826 ns
[2020-02-21T01:59:06.287+0000][1][safepoint    ] Safepoint "RevokeBias", Time since last: 2510614338 ns, Reaching safepoint: 57482 ns, At safepoint: 15582 ns, Total: 73064 ns
[2020-02-21T01:59:08.801+0000][1][safepoint    ] Safepoint "RevokeBias", Time since last: 2513986474 ns, Reaching safepoint: 92834 ns, At safepoint: 57016 ns, Total: 149850 ns
[2020-02-21T01:59:11.307+0000][1][safepoint    ] Safepoint "RevokeBias", Time since last: 2505807721 ns, Reaching safepoint: 94525 ns, At safepoint: 20771 ns, Total: 115296 ns
[2020-02-21T01:59:13.810+0000][1][safepoint    ] Safepoint "RevokeBias", Time since last: 2503272820 ns, Reaching safepoint: 87187 ns, At safepoint: 19581 ns, Total: 106768 ns
[2020-02-21T01:59:16.315+0000][1][safepoint    ] Safepoint "RevokeBias", Time since last: 2504731756 ns, Reaching safepoint: 94477 ns, At safepoint: 20585 ns, Total: 115062 ns
[2020-02-21T01:59:18.823+0000][1][safepoint    ] Safepoint "RevokeBias", Time since last: 2507722318 ns, Reaching safepoint: 108903 ns, At safepoint: 22827 ns, Total: 131730 ns
[2020-02-21T01:59:21.328+0000][1][safepoint    ] Safepoint "RevokeBias", Time since last: 2505156350 ns, Reaching safepoint: 91646 ns, At safepoint: 20699 ns, Total: 112345 ns
[2020-02-21T01:59:23.846+0000][1][safepoint    ] Safepoint "RevokeBias", Time since last: 2517767542 ns, Reaching safepoint: 58455 ns, At safepoint: 15843 ns, Total: 74298 ns
[2020-02-21T01:59:26.360+0000][1][safepoint    ] Safepoint "RevokeBias", Time since last: 2513469360 ns, Reaching safepoint: 1117836 ns, At safepoint: 21869 ns, Total: 1139705 ns
[2020-02-21T01:59:28.863+0000][1][safepoint    ] Safepoint "BulkRevokeBias", Time since last: 2501963514 ns, Reaching safepoint: 108925 ns, At safepoint: 222739 ns, Total: 331664 ns
[2020-02-21T01:59:31.367+0000][1][safepoint    ] Safepoint "RevokeBias", Time since last: 2503841101 ns, Reaching safepoint: 85182 ns, At safepoint: 19151 ns, Total: 104333 ns
[2020-02-21T01:59:33.870+0000][1][safepoint    ] Safepoint "RevokeBias", Time since last: 2503521802 ns, Reaching safepoint: 92722 ns, At safepoint: 20971 ns, Total: 113693 ns
[2020-02-21T01:59:36.375+0000][1][safepoint    ] Safepoint "RevokeBias", Time since last: 2504744794 ns, Reaching safepoint: 85261 ns, At safepoint: 18767 ns, Total: 104028 ns
[2020-02-21T01:59:38.880+0000][1][safepoint    ] Safepoint "RevokeBias", Time since last: 2504904746 ns, Reaching safepoint: 88618 ns, At safepoint: 20364 ns, Total: 108982 ns
[2020-02-21T01:59:39.881+0000][1][safepoint    ] Safepoint "Cleanup", Time since last: 1000654241 ns, Reaching safepoint: 98252 ns, At safepoint: 9537 ns, Total: 107789 ns
[2020-02-21T01:59:41.400+0000][1][safepoint    ] Safepoint "RevokeBias", Time since last: 1518506801 ns, Reaching safepoint: 77168 ns, At safepoint: 17565 ns, Total: 94733 ns
[2020-02-21T01:59:43.908+0000][1][safepoint    ] Safepoint "RevokeBias", Time since last: 2508305394 ns, Reaching safepoint: 81288 ns, At safepoint: 18777 ns, Total: 100065 ns
[2020-02-21T01:59:46.413+0000][1][safepoint    ] Safepoint "RevokeBias", Time since last: 2504665650 ns, Reaching safepoint: 89679 ns, At safepoint: 20898 ns, Total: 110577 ns
[2020-02-21T01:59:48.416+0000][1][safepoint    ] Safepoint "Cleanup", Time since last: 2002730828 ns, Reaching safepoint: 118642 ns, At safepoint: 9894 ns, Total: 128536 ns
[2020-02-21T01:59:48.919+0000][1][safepoint    ] Safepoint "RevokeBias", Time since last: 503706506 ns, Reaching safepoint: 94750 ns, At safepoint: 40084 ns, Total: 134834 ns
[2020-02-21T01:59:51.424+0000][1][safepoint    ] Safepoint "RevokeBias", Time since last: 2504169283 ns, Reaching safepoint: 93809 ns, At safepoint: 20868 ns, Total: 114677 ns
[2020-02-21T01:59:53.930+0000][1][safepoint    ] Safepoint "RevokeBias", Time since last: 2506296724 ns, Reaching safepoint: 90460 ns, At safepoint: 20681 ns, Total: 111141 ns
[2020-02-21T01:59:56.435+0000][1][safepoint    ] Safepoint "RevokeBias", Time since last: 2505180684 ns, Reaching safepoint: 88893 ns, At safepoint: 20555 ns, Total: 109448 ns
[2020-02-21T01:59:58.950+0000][1][safepoint    ] Safepoint "RevokeBias", Time since last: 2514909090 ns, Reaching safepoint: 59000 ns, At safepoint: 16682 ns, Total: 75682 ns
[2020-02-21T02:00:01.466+0000][1][safepoint    ] Safepoint "RevokeBias", Time since last: 2515627505 ns, Reaching safepoint: 77457 ns, At safepoint: 17896 ns, Total: 95353 ns
[2020-02-21T02:00:03.971+0000][1][safepoint    ] Safepoint "RevokeBias", Time since last: 2504259639 ns, Reaching safepoint: 78062 ns, At safepoint: 16674 ns, Total: 94736 ns
[2020-02-21T02:00:06.476+0000][1][safepoint    ] Safepoint "RevokeBias", Time since last: 2505595939 ns, Reaching safepoint: 93601 ns, At safepoint: 20789 ns, Total: 114390 ns
[2020-02-21T02:00:08.980+0000][1][safepoint    ] Safepoint "RevokeBias", Time since last: 2503865954 ns, Reaching safepoint: 92291 ns, At safepoint: 20962 ns, Total: 113253 ns
[2020-02-21T02:00:11.484+0000][1][safepoint    ] Safepoint "RevokeBias", Time since last: 2504130927 ns, Reaching safepoint: 82762 ns, At safepoint: 19195 ns, Total: 101957 ns
[2020-02-21T02:00:13.987+0000][1][safepoint    ] Safepoint "RevokeBias", Time since last: 2502892791 ns, Reaching safepoint: 82763 ns, At safepoint: 17944 ns, Total: 100707 ns
[2020-02-21T02:00:16.501+0000][1][safepoint    ] Safepoint "RevokeBias", Time since last: 2513314559 ns, Reaching safepoint: 73487 ns, At safepoint: 16874 ns, Total: 90361 ns
[2020-02-21T02:00:19.012+0000][1][safepoint    ] Safepoint "RevokeBias", Time since last: 2511142450 ns, Reaching safepoint: 102049 ns, At safepoint: 19331 ns, Total: 121380 ns
[2020-02-21T02:00:21.516+0000][1][safepoint    ] Safepoint "RevokeBias", Time since last: 2503701501 ns, Reaching safepoint: 93051 ns, At safepoint: 56247 ns, Total: 149298 ns
[2020-02-21T02:00:24.022+0000][1][safepoint    ] Safepoint "RevokeBias", Time since last: 2506174614 ns, Reaching safepoint: 92986 ns, At safepoint: 20641 ns, Total: 113627 ns
[2020-02-21T02:00:26.526+0000][1][safepoint    ] Safepoint "RevokeBias", Time since last: 2503332749 ns, Reaching safepoint: 89954 ns, At safepoint: 19913 ns, Total: 109867 ns
[2020-02-21T02:00:29.030+0000][1][safepoint    ] Safepoint "RevokeBias", Time since last: 2504037050 ns, Reaching safepoint: 123442 ns, At safepoint: 23149 ns, Total: 146591 ns
[2020-02-21T02:00:31.534+0000][1][safepoint    ] Safepoint "RevokeBias", Time since last: 2504398319 ns, Reaching safepoint: 80100 ns, At safepoint: 18172 ns, Total: 98272 ns
[2020-02-21T02:00:34.043+0000][1][safepoint    ] Safepoint "RevokeBias", Time since last: 2508559934 ns, Reaching safepoint: 56117 ns, At safepoint: 15639 ns, Total: 71756 ns
[2020-02-21T02:00:36.551+0000][1][safepoint    ] Safepoint "RevokeBias", Time since last: 2508225275 ns, Reaching safepoint: 89906 ns, At safepoint: 20179 ns, Total: 110085 ns
[2020-02-21T02:00:39.056+0000][1][safepoint    ] Safepoint "RevokeBias", Time since last: 2505025006 ns, Reaching safepoint: 91794 ns, At safepoint: 20477 ns, Total: 112271 ns
[2020-02-21T02:00:41.562+0000][1][safepoint    ] Safepoint "BulkRevokeBias", Time since last: 2504752259 ns, Reaching safepoint: 105876 ns, At safepoint: 195516 ns, Total: 301392 ns
[2020-02-21T02:00:44.064+0000][1][safepoint    ] Safepoint "RevokeBias", Time since last: 2502582765 ns, Reaching safepoint: 91429 ns, At safepoint: 21199 ns, Total: 112628 ns
[2020-02-21T02:00:46.569+0000][1][safepoint    ] Safepoint "RevokeBias", Time since last: 2504402499 ns, Reaching safepoint: 89708 ns, At safepoint: 20578 ns, Total: 110286 ns
[2020-02-21T02:00:49.076+0000][1][safepoint    ] Safepoint "RevokeBias", Time since last: 2507531738 ns, Reaching safepoint: 102683 ns, At safepoint: 23388 ns, Total: 126071 ns
[2020-02-21T02:00:51.594+0000][1][safepoint    ] Safepoint "RevokeBias", Time since last: 2517638937 ns, Reaching safepoint: 54314 ns, At safepoint: 15365 ns, Total: 69679 ns
[2020-02-21T02:00:54.103+0000][1][safepoint    ] Safepoint "RevokeBias", Time since last: 2508365198 ns, Reaching safepoint: 82958 ns, At safepoint: 18869 ns, Total: 101827 ns
[2020-02-21T02:00:56.606+0000][1][safepoint    ] Safepoint "RevokeBias", Time since last: 2503483528 ns, Reaching safepoint: 91955 ns, At safepoint: 20908 ns, Total: 112863 ns
[2020-02-21T02:00:59.110+0000][1][safepoint    ] Safepoint "RevokeBias", Time since last: 2504004684 ns, Reaching safepoint: 81313 ns, At safepoint: 18597 ns, Total: 99910 ns
[2020-02-21T02:01:01.614+0000][1][safepoint    ] Safepoint "RevokeBias", Time since last: 2503496511 ns, Reaching safepoint: 110639 ns, At safepoint: 18243 ns, Total: 128882 ns
[2020-02-21T02:01:02.614+0000][1][safepoint    ] Safepoint "Cleanup", Time since last: 1000106414 ns, Reaching safepoint: 104902 ns, At safepoint: 9863 ns, Total: 114765 ns
[2020-02-21T02:01:04.121+0000][1][safepoint    ] Safepoint "RevokeBias", Time since last: 1506651725 ns, Reaching safepoint: 90785 ns, At safepoint: 21215 ns, Total: 112000 ns
[2020-02-21T02:01:06.622+0000][1][safepoint    ] Safepoint "RevokeBias", Time since last: 2501232741 ns, Reaching safepoint: 93302 ns, At safepoint: 20794 ns, Total: 114096 ns
[2020-02-21T02:01:09.138+0000][1][safepoint    ] Safepoint "RevokeBias", Time since last: 2516028494 ns, Reaching safepoint: 139868 ns, At safepoint: 19203 ns, Total: 159071 ns
[2020-02-21T02:01:11.649+0000][1][gc,start     ] GC(45) Pause Young (Allocation Failure)
[2020-02-21T02:01:11.649+0000][1][gc,task      ] GC(45) Using 1 workers of 1 for evacuation
[2020-02-21T02:01:11.660+0000][1][gc,age       ] GC(45) Desired survivor size 4358144 bytes, new threshold 6 (max threshold 6)
[2020-02-21T02:01:11.660+0000][1][gc,age       ] GC(45) Age table with threshold 6 (max threshold 6)
[2020-02-21T02:01:11.660+0000][1][gc,age       ] GC(45) - age   1:      20464 bytes,      20464 total
[2020-02-21T02:01:11.660+0000][1][gc,age       ] GC(45) - age   2:       1280 bytes,      21744 total
[2020-02-21T02:01:11.660+0000][1][gc,age       ] GC(45) - age   3:       2280 bytes,      24024 total
[2020-02-21T02:01:11.660+0000][1][gc,age       ] GC(45) - age   4:       2120 bytes,      26144 total
[2020-02-21T02:01:11.660+0000][1][gc,age       ] GC(45) - age   5:       1808 bytes,      27952 total
[2020-02-21T02:01:11.660+0000][1][gc,age       ] GC(45) - age   6:       2912 bytes,      30864 total
[2020-02-21T02:01:11.660+0000][1][gc,heap      ] GC(45) ParNew: 68191K->42K(76672K)
[2020-02-21T02:01:11.660+0000][1][gc,heap      ] GC(45) CMS: 62536K->62536K(963392K)
[2020-02-21T02:01:11.660+0000][1][gc,metaspace ] GC(45) Metaspace: 79381K->79381K(1122304K)
[2020-02-21T02:01:11.660+0000][1][gc           ] GC(45) Pause Young (Allocation Failure) 127M->61M(1015M) 10.794ms
[2020-02-21T02:01:11.660+0000][1][gc,cpu       ] GC(45) User=0.01s Sys=0.00s Real=0.01s
[2020-02-21T02:01:11.660+0000][1][safepoint    ] Safepoint "GenCollectForAllocation", Time since last: 2510471838 ns, Reaching safepoint: 95614 ns, At safepoint: 10845935 ns, Total: 10941549 ns
[2020-02-21T02:01:11.660+0000][1][safepoint    ] Safepoint "RevokeBias", Time since last: 466841 ns, Reaching safepoint: 69612 ns, At safepoint: 16897 ns, Total: 86509 ns
[2020-02-21T02:01:14.163+0000][1][safepoint    ] Safepoint "RevokeBias", Time since last: 2502732679 ns, Reaching safepoint: 93135 ns, At safepoint: 20230 ns, Total: 113365 ns
[2020-02-21T02:01:16.668+0000][1][safepoint    ] Safepoint "RevokeBias", Time since last: 2504327606 ns, Reaching safepoint: 76116 ns, At safepoint: 18030 ns, Total: 94146 ns
[2020-02-21T02:01:18.669+0000][1][safepoint    ] Safepoint "Cleanup", Time since last: 2000748198 ns, Reaching safepoint: 121763 ns, At safepoint: 10270 ns, Total: 132033 ns
[2020-02-21T02:01:19.175+0000][1][safepoint    ] Safepoint "RevokeBias", Time since last: 506445125 ns, Reaching safepoint: 75365 ns, At safepoint: 16363 ns, Total: 91728 ns
[2020-02-21T02:01:21.679+0000][1][safepoint    ] Safepoint "RevokeBias", Time since last: 2503570643 ns, Reaching safepoint: 95426 ns, At safepoint: 20619 ns, Total: 116045 ns
[2020-02-21T02:01:24.184+0000][1][safepoint    ] Safepoint "RevokeBias", Time since last: 2505339732 ns, Reaching safepoint: 77375 ns, At safepoint: 17812 ns, Total: 95187 ns
[2020-02-21T02:01:26.695+0000][1][safepoint    ] Safepoint "RevokeBias", Time since last: 2510407997 ns, Reaching safepoint: 74597 ns, At safepoint: 16786 ns, Total: 91383 ns
[2020-02-21T02:01:29.206+0000][1][safepoint    ] Safepoint "RevokeBias", Time since last: 2510903481 ns, Reaching safepoint: 91676 ns, At safepoint: 20712 ns, Total: 112388 ns
[2020-02-21T02:01:31.207+0000][1][safepoint    ] Safepoint "Cleanup", Time since last: 2001652559 ns, Reaching safepoint: 99454 ns, At safepoint: 9181 ns, Total: 108635 ns
[2020-02-21T02:01:31.710+0000][1][safepoint    ] Safepoint "RevokeBias", Time since last: 502883736 ns, Reaching safepoint: 91797 ns, At safepoint: 20857 ns, Total: 112654 ns
[2020-02-21T02:01:34.217+0000][1][safepoint    ] Safepoint "RevokeBias", Time since last: 2506629669 ns, Reaching safepoint: 78237 ns, At safepoint: 18056 ns, Total: 96293 ns
[2020-02-21T02:01:36.728+0000][1][safepoint    ] Safepoint "RevokeBias", Time since last: 2510196583 ns, Reaching safepoint: 125331 ns, At safepoint: 22133 ns, Total: 147464 ns
[2020-02-21T02:01:39.233+0000][1][safepoint    ] Safepoint "RevokeBias", Time since last: 2505075113 ns, Reaching safepoint: 95677 ns, At safepoint: 34422 ns, Total: 130099 ns
[2020-02-21T02:01:41.738+0000][1][safepoint    ] Safepoint "RevokeBias", Time since last: 2504877531 ns, Reaching safepoint: 90595 ns, At safepoint: 20717 ns, Total: 111312 ns
[2020-02-21T02:01:42.738+0000][1][safepoint    ] Safepoint "Cleanup", Time since last: 1000192681 ns, Reaching safepoint: 100022 ns, At safepoint: 10678 ns, Total: 110700 ns
[2020-02-21T02:01:44.248+0000][1][safepoint    ] Safepoint "RevokeBias", Time since last: 1509789844 ns, Reaching safepoint: 56033 ns, At safepoint: 15530 ns, Total: 71563 ns
[2020-02-21T02:01:46.764+0000][1][safepoint    ] Safepoint "RevokeBias", Time since last: 2515834753 ns, Reaching safepoint: 81659 ns, At safepoint: 19713 ns, Total: 101372 ns
[2020-02-21T02:01:49.269+0000][1][safepoint    ] Safepoint "RevokeBias", Time since last: 2504611567 ns, Reaching safepoint: 101173 ns, At safepoint: 52416 ns, Total: 153589 ns
[2020-02-21T02:01:51.771+0000][1][safepoint    ] Safepoint "RevokeBias", Time since last: 2502577553 ns, Reaching safepoint: 91162 ns, At safepoint: 21202 ns, Total: 112364 ns
[2020-02-21T02:01:54.277+0000][1][safepoint    ] Safepoint "BulkRevokeBias", Time since last: 2505291637 ns, Reaching safepoint: 110226 ns, At safepoint: 241342 ns, Total: 351568 ns
[2020-02-21T02:01:56.780+0000][1][safepoint    ] Safepoint "RevokeBias", Time since last: 2502529360 ns, Reaching safepoint: 75581 ns, At safepoint: 17100 ns, Total: 92681 ns
[2020-02-21T02:01:59.284+0000][1][safepoint    ] Safepoint "RevokeBias", Time since last: 2504151692 ns, Reaching safepoint: 89120 ns, At safepoint: 21332 ns, Total: 110452 ns
[2020-02-21T02:02:01.808+0000][1][safepoint    ] Safepoint "RevokeBias", Time since last: 2523623751 ns, Reaching safepoint: 83187 ns, At safepoint: 18050 ns, Total: 101237 ns
[2020-02-21T02:02:04.316+0000][1][safepoint    ] Safepoint "RevokeBias", Time since last: 2508664468 ns, Reaching safepoint: 90835 ns, At safepoint: 19747 ns, Total: 110582 ns
[2020-02-21T02:02:06.820+0000][1][safepoint    ] Safepoint "RevokeBias", Time since last: 2503683260 ns, Reaching safepoint: 86080 ns, At safepoint: 18903 ns, Total: 104983 ns
[2020-02-21T02:02:09.333+0000][1][safepoint    ] Safepoint "RevokeBias", Time since last: 2512760236 ns, Reaching safepoint: 90045 ns, At safepoint: 23774 ns, Total: 113819 ns
[2020-02-21T02:02:11.841+0000][1][safepoint    ] Safepoint "RevokeBias", Time since last: 2507876089 ns, Reaching safepoint: 76386 ns, At safepoint: 18193 ns, Total: 94579 ns
[2020-02-21T02:02:14.355+0000][1][safepoint    ] Safepoint "RevokeBias", Time since last: 2513895211 ns, Reaching safepoint: 56541 ns, At safepoint: 15838 ns, Total: 72379 ns
[2020-02-21T02:02:16.866+0000][1][safepoint    ] Safepoint "RevokeBias", Time since last: 2510946619 ns, Reaching safepoint: 90649 ns, At safepoint: 20474 ns, Total: 111123 ns
[2020-02-21T02:02:19.370+0000][1][safepoint    ] Safepoint "RevokeBias", Time since last: 2504115022 ns, Reaching safepoint: 109510 ns, At safepoint: 25327 ns, Total: 134837 ns
[2020-02-21T02:02:21.874+0000][1][safepoint    ] Safepoint "RevokeBias", Time since last: 2503860349 ns, Reaching safepoint: 91892 ns, At safepoint: 21201 ns, Total: 113093 ns
[2020-02-21T02:02:24.381+0000][1][safepoint    ] Safepoint "RevokeBias", Time since last: 2506489020 ns, Reaching safepoint: 99188 ns, At safepoint: 18806 ns, Total: 117994 ns
[2020-02-21T02:02:26.888+0000][1][safepoint    ] Safepoint "RevokeBias", Time since last: 2506623102 ns, Reaching safepoint: 73563 ns, At safepoint: 17038 ns, Total: 90601 ns
[2020-02-21T02:02:29.392+0000][1][safepoint    ] Safepoint "RevokeBias", Time since last: 2504409052 ns, Reaching safepoint: 134057 ns, At safepoint: 23989 ns, Total: 158046 ns
[2020-02-21T02:02:31.909+0000][1][safepoint    ] Safepoint "RevokeBias", Time since last: 2516873722 ns, Reaching safepoint: 78413 ns, At safepoint: 17928 ns, Total: 96341 ns
[2020-02-21T02:02:34.419+0000][1][safepoint    ] Safepoint "RevokeBias", Time since last: 2509624043 ns, Reaching safepoint: 92053 ns, At safepoint: 20311 ns, Total: 112364 ns
[2020-02-21T02:02:36.923+0000][1][safepoint    ] Safepoint "RevokeBias", Time since last: 2504448308 ns, Reaching safepoint: 80830 ns, At safepoint: 18040 ns, Total: 98870 ns
[2020-02-21T02:02:38.924+0000][1][safepoint    ] Safepoint "Cleanup", Time since last: 2000358741 ns, Reaching safepoint: 98238 ns, At safepoint: 8383 ns, Total: 106621 ns
[2020-02-21T02:02:39.427+0000][1][safepoint    ] Safepoint "RevokeBias", Time since last: 503401361 ns, Reaching safepoint: 92003 ns, At safepoint: 19663 ns, Total: 111666 ns
[2020-02-21T02:02:41.932+0000][1][safepoint    ] Safepoint "RevokeBias", Time since last: 2504253737 ns, Reaching safepoint: 89893 ns, At safepoint: 19873 ns, Total: 109766 ns
[2020-02-21T02:02:44.436+0000][1][safepoint    ] Safepoint "RevokeBias", Time since last: 2504091148 ns, Reaching safepoint: 79495 ns, At safepoint: 18633 ns, Total: 98128 ns
[2020-02-21T02:02:46.941+0000][1][safepoint    ] Safepoint "RevokeBias", Time since last: 2505107667 ns, Reaching safepoint: 89885 ns, At safepoint: 20613 ns, Total: 110498 ns
[2020-02-21T02:02:49.455+0000][1][safepoint    ] Safepoint "RevokeBias", Time since last: 2513926211 ns, Reaching safepoint: 93679 ns, At safepoint: 20507 ns, Total: 114186 ns
[2020-02-21T02:02:51.969+0000][1][safepoint    ] Safepoint "RevokeBias", Time since last: 2514199345 ns, Reaching safepoint: 82714 ns, At safepoint: 18945 ns, Total: 101659 ns
[2020-02-21T02:02:54.475+0000][1][safepoint    ] Safepoint "RevokeBias", Time since last: 2505928463 ns, Reaching safepoint: 91378 ns, At safepoint: 20358 ns, Total: 111736 ns
[2020-02-21T02:02:56.979+0000][1][safepoint    ] Safepoint "RevokeBias", Time since last: 2503269417 ns, Reaching safepoint: 80431 ns, At safepoint: 18805 ns, Total: 99236 ns
[2020-02-21T02:02:59.481+0000][1][safepoint    ] Safepoint "RevokeBias", Time since last: 2501734873 ns, Reaching safepoint: 86218 ns, At safepoint: 19747 ns, Total: 105965 ns
[2020-02-21T02:03:01.985+0000][1][safepoint    ] Safepoint "RevokeBias", Time since last: 2504047787 ns, Reaching safepoint: 89465 ns, At safepoint: 20044 ns, Total: 109509 ns
[2020-02-21T02:03:04.492+0000][1][safepoint    ] Safepoint "RevokeBias", Time since last: 2506776927 ns, Reaching safepoint: 91350 ns, At safepoint: 20976 ns, Total: 112326 ns
[2020-02-21T02:03:07.007+0000][1][safepoint    ] Safepoint "BulkRevokeBias", Time since last: 2514799938 ns, Reaching safepoint: 75495 ns, At safepoint: 183187 ns, Total: 258682 ns
[2020-02-21T02:03:09.008+0000][1][safepoint    ] Safepoint "Cleanup", Time since last: 2000741639 ns, Reaching safepoint: 98350 ns, At safepoint: 9510 ns, Total: 107860 ns
[2020-02-21T02:03:09.522+0000][1][safepoint    ] Safepoint "RevokeBias", Time since last: 514277806 ns, Reaching safepoint: 91061 ns, At safepoint: 20673 ns, Total: 111734 ns
[2020-02-21T02:03:12.026+0000][1][safepoint    ] Safepoint "RevokeBias", Time since last: 2503619213 ns, Reaching safepoint: 82693 ns, At safepoint: 19171 ns, Total: 101864 ns
[2020-02-21T02:03:14.530+0000][1][safepoint    ] Safepoint "RevokeBias", Time since last: 2504417301 ns, Reaching safepoint: 89780 ns, At safepoint: 21007 ns, Total: 110787 ns
[2020-02-21T02:03:17.037+0000][1][safepoint    ] Safepoint "RevokeBias", Time since last: 2506590630 ns, Reaching safepoint: 82427 ns, At safepoint: 18333 ns, Total: 100760 ns
[2020-02-21T02:03:19.542+0000][1][safepoint    ] Safepoint "RevokeBias", Time since last: 2504594687 ns, Reaching safepoint: 101599 ns, At safepoint: 22620 ns, Total: 124219 ns
[2020-02-21T02:03:22.046+0000][1][safepoint    ] Safepoint "RevokeBias", Time since last: 2504158216 ns, Reaching safepoint: 90267 ns, At safepoint: 20864 ns, Total: 111131 ns
[2020-02-21T02:03:24.567+0000][1][safepoint    ] Safepoint "RevokeBias", Time since last: 2521100845 ns, Reaching safepoint: 74114 ns, At safepoint: 17170 ns, Total: 91284 ns
[2020-02-21T02:03:27.079+0000][1][safepoint    ] Safepoint "RevokeBias", Time since last: 2511765229 ns, Reaching safepoint: 89267 ns, At safepoint: 19993 ns, Total: 109260 ns
[2020-02-21T02:03:29.080+0000][1][safepoint    ] Safepoint "Cleanup", Time since last: 2000635236 ns, Reaching safepoint: 175006 ns, At safepoint: 9685 ns, Total: 184691 ns
[2020-02-21T02:03:29.584+0000][1][safepoint    ] Safepoint "RevokeBias", Time since last: 504412616 ns, Reaching safepoint: 94119 ns, At safepoint: 20438 ns, Total: 114557 ns
[2020-02-21T02:03:31.735+0000][1][gc,start     ] GC(46) Pause Young (Allocation Failure)
[2020-02-21T02:03:31.735+0000][1][gc,task      ] GC(46) Using 1 workers of 1 for evacuation
[2020-02-21T02:03:31.747+0000][1][gc,age       ] GC(46) Desired survivor size 4358144 bytes, new threshold 6 (max threshold 6)
[2020-02-21T02:03:31.747+0000][1][gc,age       ] GC(46) Age table with threshold 6 (max threshold 6)
[2020-02-21T02:03:31.747+0000][1][gc,age       ] GC(46) - age   1:      16488 bytes,      16488 total
[2020-02-21T02:03:31.747+0000][1][gc,age       ] GC(46) - age   2:        968 bytes,      17456 total
[2020-02-21T02:03:31.747+0000][1][gc,age       ] GC(46) - age   3:       1280 bytes,      18736 total
[2020-02-21T02:03:31.747+0000][1][gc,age       ] GC(46) - age   4:       2280 bytes,      21016 total
[2020-02-21T02:03:31.747+0000][1][gc,age       ] GC(46) - age   5:       2024 bytes,      23040 total
[2020-02-21T02:03:31.747+0000][1][gc,age       ] GC(46) - age   6:       1808 bytes,      24848 total
[2020-02-21T02:03:31.747+0000][1][gc,heap      ] GC(46) ParNew: 68202K->27K(76672K)
[2020-02-21T02:03:31.747+0000][1][gc,heap      ] GC(46) CMS: 62536K->62539K(963392K)
[2020-02-21T02:03:31.747+0000][1][gc,metaspace ] GC(46) Metaspace: 79416K->79416K(1122304K)
[2020-02-21T02:03:31.747+0000][1][gc           ] GC(46) Pause Young (Allocation Failure) 127M->61M(1015M) 11.850ms
[2020-02-21T02:03:31.747+0000][1][gc,cpu       ] GC(46) User=0.01s Sys=0.00s Real=0.02s
[2020-02-21T02:03:31.747+0000][1][safepoint    ] Safepoint "GenCollectForAllocation", Time since last: 2150452869 ns, Reaching safepoint: 90207 ns, At safepoint: 11959942 ns, Total: 12050149 ns
[2020-02-21T02:03:32.091+0000][1][safepoint    ] Safepoint "RevokeBias", Time since last: 344315083 ns, Reaching safepoint: 80094 ns, At safepoint: 18313 ns, Total: 98407 ns
[2020-02-21T02:03:34.597+0000][1][safepoint    ] Safepoint "RevokeBias", Time since last: 2505880885 ns, Reaching safepoint: 82115 ns, At safepoint: 18800 ns, Total: 100915 ns
[2020-02-21T02:03:37.101+0000][1][safepoint    ] Safepoint "RevokeBias", Time since last: 2503675772 ns, Reaching safepoint: 88243 ns, At safepoint: 20802 ns, Total: 109045 ns
[2020-02-21T02:03:39.605+0000][1][safepoint    ] Safepoint "RevokeBias", Time since last: 2504258854 ns, Reaching safepoint: 91701 ns, At safepoint: 20163 ns, Total: 111864 ns
[2020-02-21T02:03:41.627+0000][1][safepoint    ] Safepoint "RevokeBias", Time since last: 2021138942 ns, Reaching safepoint: 71864 ns, At safepoint: 17640 ns, Total: 89504 ns
[2020-02-21T02:03:42.120+0000][1][safepoint    ] Safepoint "RevokeBias", Time since last: 493457055 ns, Reaching safepoint: 76146 ns, At safepoint: 17863 ns, Total: 94009 ns
[2020-02-21T02:03:44.122+0000][1][safepoint    ] Safepoint "Cleanup", Time since last: 2001297450 ns, Reaching safepoint: 94859 ns, At safepoint: 9468 ns, Total: 104327 ns
[2020-02-21T02:03:44.629+0000][1][safepoint    ] Safepoint "RevokeBias", Time since last: 507679536 ns, Reaching safepoint: 89503 ns, At safepoint: 20647 ns, Total: 110150 ns
[2020-02-21T02:03:47.137+0000][1][safepoint    ] Safepoint "RevokeBias", Time since last: 2507807546 ns, Reaching safepoint: 201917 ns, At safepoint: 54084 ns, Total: 256001 ns
[2020-02-21T02:03:49.646+0000][1][safepoint    ] Safepoint "RevokeBias", Time since last: 2508247238 ns, Reaching safepoint: 79308 ns, At safepoint: 17789 ns, Total: 97097 ns
[2020-02-21T02:03:52.147+0000][1][safepoint    ] Safepoint "RevokeBias", Time since last: 2501356762 ns, Reaching safepoint: 90779 ns, At safepoint: 21182 ns, Total: 111961 ns
[2020-02-21T02:03:54.654+0000][1][safepoint    ] Safepoint "RevokeBias", Time since last: 2506530097 ns, Reaching safepoint: 151258 ns, At safepoint: 18681 ns, Total: 169939 ns
[2020-02-21T02:03:57.160+0000][1][safepoint    ] Safepoint "RevokeBias", Time since last: 2506001297 ns, Reaching safepoint: 97557 ns, At safepoint: 20660 ns, Total: 118217 ns
[2020-02-21T02:03:59.676+0000][1][safepoint    ] Safepoint "RevokeBias", Time since last: 2515949689 ns, Reaching safepoint: 71382 ns, At safepoint: 17197 ns, Total: 88579 ns
[2020-02-21T02:04:02.185+0000][1][safepoint    ] Safepoint "RevokeBias", Time since last: 2509184034 ns, Reaching safepoint: 141675 ns, At safepoint: 20289 ns, Total: 161964 ns
[2020-02-21T02:04:04.692+0000][1][safepoint    ] Safepoint "RevokeBias", Time since last: 2506067836 ns, Reaching safepoint: 87043 ns, At safepoint: 20471 ns, Total: 107514 ns
[2020-02-21T02:04:07.196+0000][1][safepoint    ] Safepoint "RevokeBias", Time since last: 2504567323 ns, Reaching safepoint: 85073 ns, At safepoint: 20438 ns, Total: 105511 ns
[2020-02-21T02:04:09.701+0000][1][safepoint    ] Safepoint "RevokeBias", Time since last: 2504272734 ns, Reaching safepoint: 76449 ns, At safepoint: 18623 ns, Total: 95072 ns
[2020-02-21T02:04:12.207+0000][1][safepoint    ] Safepoint "RevokeBias", Time since last: 2506034680 ns, Reaching safepoint: 89105 ns, At safepoint: 20627 ns, Total: 109732 ns
[2020-02-21T02:04:14.711+0000][1][safepoint    ] Safepoint "RevokeBias", Time since last: 2504089533 ns, Reaching safepoint: 86892 ns, At safepoint: 20732 ns, Total: 107624 ns
[2020-02-21T02:04:17.224+0000][1][safepoint    ] Safepoint "RevokeBias", Time since last: 2513129146 ns, Reaching safepoint: 75044 ns, At safepoint: 18107 ns, Total: 93151 ns
[2020-02-21T02:04:19.741+0000][1][safepoint    ] Safepoint "BulkRevokeBias", Time since last: 2516204510 ns, Reaching safepoint: 88211 ns, At safepoint: 314273 ns, Total: 402484 ns
[2020-02-21T02:04:22.245+0000][1][safepoint    ] Safepoint "RevokeBias", Time since last: 2503789795 ns, Reaching safepoint: 88721 ns, At safepoint: 20085 ns, Total: 108806 ns
[2020-02-21T02:04:24.750+0000][1][safepoint    ] Safepoint "RevokeBias", Time since last: 2504964462 ns, Reaching safepoint: 91771 ns, At safepoint: 19796 ns, Total: 111567 ns
[2020-02-21T02:04:27.254+0000][1][safepoint    ] Safepoint "RevokeBias", Time since last: 2503648410 ns, Reaching safepoint: 88085 ns, At safepoint: 21296 ns, Total: 109381 ns
[2020-02-21T02:04:29.757+0000][1][safepoint    ] Safepoint "RevokeBias", Time since last: 2503722189 ns, Reaching safepoint: 110277 ns, At safepoint: 20389 ns, Total: 130666 ns
[2020-02-21T02:04:32.265+0000][1][safepoint    ] Safepoint "RevokeBias", Time since last: 2507019834 ns, Reaching safepoint: 87094 ns, At safepoint: 18396 ns, Total: 105490 ns
[2020-02-21T02:04:34.778+0000][1][safepoint    ] Safepoint "RevokeBias", Time since last: 2513213795 ns, Reaching safepoint: 55444 ns, At safepoint: 15599 ns, Total: 71043 ns
[2020-02-21T02:04:37.287+0000][1][safepoint    ] Safepoint "RevokeBias", Time since last: 2508729599 ns, Reaching safepoint: 88726 ns, At safepoint: 20039 ns, Total: 108765 ns
[2020-02-21T02:04:39.793+0000][1][safepoint    ] Safepoint "RevokeBias", Time since last: 2505976070 ns, Reaching safepoint: 89778 ns, At safepoint: 19895 ns, Total: 109673 ns
[2020-02-21T02:04:42.298+0000][1][safepoint    ] Safepoint "RevokeBias", Time since last: 2505505822 ns, Reaching safepoint: 113828 ns, At safepoint: 19044 ns, Total: 132872 ns
[2020-02-21T02:04:44.802+0000][1][safepoint    ] Safepoint "RevokeBias", Time since last: 2503581508 ns, Reaching safepoint: 89262 ns, At safepoint: 20855 ns, Total: 110117 ns
[2020-02-21T02:04:47.309+0000][1][safepoint    ] Safepoint "RevokeBias", Time since last: 2506550003 ns, Reaching safepoint: 118256 ns, At safepoint: 58770 ns, Total: 177026 ns
[2020-02-21T02:04:49.818+0000][1][safepoint    ] Safepoint "RevokeBias", Time since last: 2509157696 ns, Reaching safepoint: 89020 ns, At safepoint: 19350 ns, Total: 108370 ns
[2020-02-21T02:04:52.333+0000][1][safepoint    ] Safepoint "RevokeBias", Time since last: 2515136255 ns, Reaching safepoint: 54219 ns, At safepoint: 14825 ns, Total: 69044 ns
[2020-02-21T02:04:54.845+0000][1][safepoint    ] Safepoint "RevokeBias", Time since last: 2511602921 ns, Reaching safepoint: 75631 ns, At safepoint: 17322 ns, Total: 92953 ns
[2020-02-21T02:04:57.348+0000][1][safepoint    ] Safepoint "RevokeBias", Time since last: 2503024601 ns, Reaching safepoint: 108564 ns, At safepoint: 25165 ns, Total: 133729 ns
[2020-02-21T02:04:59.851+0000][1][safepoint    ] Safepoint "RevokeBias", Time since last: 2502905389 ns, Reaching safepoint: 101968 ns, At safepoint: 23582 ns, Total: 125550 ns
[2020-02-21T02:05:02.364+0000][1][safepoint    ] Safepoint "RevokeBias", Time since last: 2511557821 ns, Reaching safepoint: 1224792 ns, At safepoint: 19822 ns, Total: 1244614 ns
[2020-02-21T02:05:03.365+0000][1][safepoint    ] Safepoint "Cleanup", Time since last: 1001008949 ns, Reaching safepoint: 93605 ns, At safepoint: 8004 ns, Total: 101609 ns
[2020-02-21T02:05:04.870+0000][1][safepoint    ] Safepoint "RevokeBias", Time since last: 1504381715 ns, Reaching safepoint: 88294 ns, At safepoint: 20229 ns, Total: 108523 ns
[2020-02-21T02:05:07.372+0000][1][safepoint    ] Safepoint "RevokeBias", Time since last: 2502202770 ns, Reaching safepoint: 86918 ns, At safepoint: 20135 ns, Total: 107053 ns
[2020-02-21T02:05:09.891+0000][1][safepoint    ] Safepoint "RevokeBias", Time since last: 2518555020 ns, Reaching safepoint: 56414 ns, At safepoint: 14969 ns, Total: 71383 ns
[2020-02-21T02:05:12.404+0000][1][safepoint    ] Safepoint "RevokeBias", Time since last: 2513037652 ns, Reaching safepoint: 85721 ns, At safepoint: 18996 ns, Total: 104717 ns
[2020-02-21T02:05:14.906+0000][1][safepoint    ] Safepoint "RevokeBias", Time since last: 2502619761 ns, Reaching safepoint: 94205 ns, At safepoint: 36610 ns, Total: 130815 ns
[2020-02-21T02:05:17.409+0000][1][safepoint    ] Safepoint "RevokeBias", Time since last: 2502752616 ns, Reaching safepoint: 77458 ns, At safepoint: 17617 ns, Total: 95075 ns
[2020-02-21T02:05:19.913+0000][1][safepoint    ] Safepoint "RevokeBias", Time since last: 2503613608 ns, Reaching safepoint: 86259 ns, At safepoint: 19639 ns, Total: 105898 ns
[2020-02-21T02:05:22.417+0000][1][safepoint    ] Safepoint "RevokeBias", Time since last: 2503885819 ns, Reaching safepoint: 89220 ns, At safepoint: 20646 ns, Total: 109866 ns
[2020-02-21T02:05:24.924+0000][1][safepoint    ] Safepoint "RevokeBias", Time since last: 2507332644 ns, Reaching safepoint: 94330 ns, At safepoint: 20307 ns, Total: 114637 ns
[2020-02-21T02:05:27.438+0000][1][safepoint    ] Safepoint "RevokeBias", Time since last: 2513484017 ns, Reaching safepoint: 78361 ns, At safepoint: 15950 ns, Total: 94311 ns
[2020-02-21T02:05:29.439+0000][1][safepoint    ] Safepoint "Cleanup", Time since last: 2000646473 ns, Reaching safepoint: 89991 ns, At safepoint: 8216 ns, Total: 98207 ns
[2020-02-21T02:05:29.946+0000][1][safepoint    ] Safepoint "RevokeBias", Time since last: 506849878 ns, Reaching safepoint: 87180 ns, At safepoint: 21244 ns, Total: 108424 ns
[2020-02-21T02:05:32.452+0000][1][safepoint    ] Safepoint "BulkRevokeBias", Time since last: 2506082132 ns, Reaching safepoint: 87738 ns, At safepoint: 213751 ns, Total: 301489 ns
[2020-02-21T02:05:34.957+0000][1][safepoint    ] Safepoint "RevokeBias", Time since last: 2504876835 ns, Reaching safepoint: 85456 ns, At safepoint: 19363 ns, Total: 104819 ns
[2020-02-21T02:05:37.462+0000][1][safepoint    ] Safepoint "RevokeBias", Time since last: 2504415477 ns, Reaching safepoint: 81496 ns, At safepoint: 18474 ns, Total: 99970 ns
[2020-02-21T02:05:39.966+0000][1][safepoint    ] Safepoint "RevokeBias", Time since last: 2504674843 ns, Reaching safepoint: 86590 ns, At safepoint: 20085 ns, Total: 106675 ns
[2020-02-21T02:05:42.476+0000][1][safepoint    ] Safepoint "RevokeBias", Time since last: 2509553610 ns, Reaching safepoint: 89839 ns, At safepoint: 21001 ns, Total: 110840 ns
[2020-02-21T02:05:44.992+0000][1][safepoint    ] Safepoint "RevokeBias", Time since last: 2515884773 ns, Reaching safepoint: 91383 ns, At safepoint: 19921 ns, Total: 111304 ns
[2020-02-21T02:05:47.501+0000][1][safepoint    ] Safepoint "RevokeBias", Time since last: 2508649638 ns, Reaching safepoint: 78558 ns, At safepoint: 17954 ns, Total: 96512 ns
[2020-02-21T02:05:50.006+0000][1][safepoint    ] Safepoint "RevokeBias", Time since last: 2505554628 ns, Reaching safepoint: 89250 ns, At safepoint: 20397 ns, Total: 109647 ns
[2020-02-21T02:05:52.290+0000][1][gc,start     ] GC(47) Pause Young (Allocation Failure)
[2020-02-21T02:05:52.290+0000][1][gc,task      ] GC(47) Using 1 workers of 1 for evacuation
[2020-02-21T02:05:52.300+0000][1][gc,age       ] GC(47) Desired survivor size 4358144 bytes, new threshold 6 (max threshold 6)
[2020-02-21T02:05:52.300+0000][1][gc,age       ] GC(47) Age table with threshold 6 (max threshold 6)
[2020-02-21T02:05:52.300+0000][1][gc,age       ] GC(47) - age   1:      17416 bytes,      17416 total
[2020-02-21T02:05:52.300+0000][1][gc,age       ] GC(47) - age   2:        952 bytes,      18368 total
[2020-02-21T02:05:52.300+0000][1][gc,age       ] GC(47) - age   3:        968 bytes,      19336 total
[2020-02-21T02:05:52.300+0000][1][gc,age       ] GC(47) - age   4:       1280 bytes,      20616 total
[2020-02-21T02:05:52.300+0000][1][gc,age       ] GC(47) - age   5:       2280 bytes,      22896 total
[2020-02-21T02:05:52.300+0000][1][gc,age       ] GC(47) - age   6:       1888 bytes,      24784 total
[2020-02-21T02:05:52.300+0000][1][gc,heap      ] GC(47) ParNew: 68187K->25K(76672K)
[2020-02-21T02:05:52.300+0000][1][gc,heap      ] GC(47) CMS: 62539K->62541K(963392K)
[2020-02-21T02:05:52.300+0000][1][gc,metaspace ] GC(47) Metaspace: 79438K->79438K(1122304K)
[2020-02-21T02:05:52.300+0000][1][gc           ] GC(47) Pause Young (Allocation Failure) 127M->61M(1015M) 10.550ms
[2020-02-21T02:05:52.300+0000][1][gc,cpu       ] GC(47) User=0.01s Sys=0.00s Real=0.01s
[2020-02-21T02:05:52.300+0000][1][safepoint    ] Safepoint "GenCollectForAllocation", Time since last: 2283196829 ns, Reaching safepoint: 94212 ns, At safepoint: 10604169 ns, Total: 10698381 ns
[2020-02-21T02:05:52.511+0000][1][safepoint    ] Safepoint "RevokeBias", Time since last: 210300569 ns, Reaching safepoint: 120671 ns, At safepoint: 23749 ns, Total: 144420 ns
[2020-02-21T02:05:55.017+0000][1][safepoint    ] Safepoint "RevokeBias", Time since last: 2506356206 ns, Reaching safepoint: 84557 ns, At safepoint: 19272 ns, Total: 103829 ns
[2020-02-21T02:05:57.520+0000][1][safepoint    ] Safepoint "RevokeBias", Time since last: 2502673455 ns, Reaching safepoint: 89513 ns, At safepoint: 20956 ns, Total: 110469 ns
[2020-02-21T02:06:00.023+0000][1][safepoint    ] Safepoint "RevokeBias", Time since last: 2502934126 ns, Reaching safepoint: 80438 ns, At safepoint: 37563 ns, Total: 118001 ns
[2020-02-21T02:06:02.535+0000][1][safepoint    ] Safepoint "RevokeBias", Time since last: 2511714260 ns, Reaching safepoint: 78169 ns, At safepoint: 17422 ns, Total: 95591 ns
[2020-02-21T02:06:05.045+0000][1][safepoint    ] Safepoint "RevokeBias", Time since last: 2509678350 ns, Reaching safepoint: 89741 ns, At safepoint: 20201 ns, Total: 109942 ns
[2020-02-21T02:06:07.552+0000][1][safepoint    ] Safepoint "RevokeBias", Time since last: 2506973445 ns, Reaching safepoint: 89870 ns, At safepoint: 20177 ns, Total: 110047 ns
[2020-02-21T02:06:10.058+0000][1][safepoint    ] Safepoint "RevokeBias", Time since last: 2506330912 ns, Reaching safepoint: 87369 ns, At safepoint: 20938 ns, Total: 108307 ns
[2020-02-21T02:06:12.563+0000][1][safepoint    ] Safepoint "RevokeBias", Time since last: 2504621715 ns, Reaching safepoint: 89438 ns, At safepoint: 20055 ns, Total: 109493 ns
[2020-02-21T02:06:15.067+0000][1][safepoint    ] Safepoint "RevokeBias", Time since last: 2503542820 ns, Reaching safepoint: 105085 ns, At safepoint: 24097 ns, Total: 129182 ns
[2020-02-21T02:06:17.573+0000][1][safepoint    ] Safepoint "RevokeBias", Time since last: 2506302151 ns, Reaching safepoint: 146839 ns, At safepoint: 24079 ns, Total: 170918 ns
[2020-02-21T02:06:19.574+0000][1][safepoint    ] Safepoint "Cleanup", Time since last: 2000961309 ns, Reaching safepoint: 99428 ns, At safepoint: 8341 ns, Total: 107769 ns
[2020-02-21T02:06:20.084+0000][1][safepoint    ] Safepoint "RevokeBias", Time since last: 509511210 ns, Reaching safepoint: 56695 ns, At safepoint: 15607 ns, Total: 72302 ns
[2020-02-21T02:06:22.592+0000][1][safepoint    ] Safepoint "RevokeBias", Time since last: 2508338673 ns, Reaching safepoint: 87974 ns, At safepoint: 18934 ns, Total: 106908 ns
[2020-02-21T02:06:25.099+0000][1][safepoint    ] Safepoint "RevokeBias", Time since last: 2506569097 ns, Reaching safepoint: 87318 ns, At safepoint: 20640 ns, Total: 107958 ns
[2020-02-21T02:06:27.605+0000][1][safepoint    ] Safepoint "RevokeBias", Time since last: 2505582294 ns, Reaching safepoint: 88274 ns, At safepoint: 20092 ns, Total: 108366 ns
[2020-02-21T02:06:30.108+0000][1][safepoint    ] Safepoint "RevokeBias", Time since last: 2503207399 ns, Reaching safepoint: 80145 ns, At safepoint: 18864 ns, Total: 99009 ns
[2020-02-21T02:06:32.612+0000][1][safepoint    ] Safepoint "RevokeBias", Time since last: 2504351623 ns, Reaching safepoint: 89295 ns, At safepoint: 20408 ns, Total: 109703 ns
[2020-02-21T02:06:35.118+0000][1][safepoint    ] Safepoint "RevokeBias", Time since last: 2506021240 ns, Reaching safepoint: 83381 ns, At safepoint: 18253 ns, Total: 101634 ns
[2020-02-21T02:06:37.632+0000][1][safepoint    ] Safepoint "RevokeBias", Time since last: 2513710703 ns, Reaching safepoint: 55468 ns, At safepoint: 14916 ns, Total: 70384 ns
[2020-02-21T02:06:40.141+0000][1][safepoint    ] Safepoint "RevokeBias", Time since last: 2509088189 ns, Reaching safepoint: 74055 ns, At safepoint: 17458 ns, Total: 91513 ns
[2020-02-21T02:06:42.647+0000][1][safepoint    ] Safepoint "RevokeBias", Time since last: 2505463327 ns, Reaching safepoint: 87120 ns, At safepoint: 20809 ns, Total: 107929 ns
[2020-02-21T02:06:45.151+0000][1][safepoint    ] Safepoint "BulkRevokeBias", Time since last: 2503583176 ns, Reaching safepoint: 104156 ns, At safepoint: 213935 ns, Total: 318091 ns
[2020-02-21T02:06:47.654+0000][1][safepoint    ] Safepoint "RevokeBias", Time since last: 2503084411 ns, Reaching safepoint: 80652 ns, At safepoint: 55300 ns, Total: 135952 ns
[2020-02-21T02:06:49.657+0000][1][safepoint    ] Safepoint "Cleanup", Time since last: 2002433985 ns, Reaching safepoint: 86038 ns, At safepoint: 6041 ns, Total: 92079 ns
[2020-02-21T02:06:50.162+0000][1][safepoint    ] Safepoint "RevokeBias", Time since last: 505115771 ns, Reaching safepoint: 80993 ns, At safepoint: 18852 ns, Total: 99845 ns
[2020-02-21T02:06:52.688+0000][1][safepoint    ] Safepoint "RevokeBias", Time since last: 2526077073 ns, Reaching safepoint: 70169 ns, At safepoint: 16283 ns, Total: 86452 ns
[2020-02-21T02:06:55.206+0000][1][safepoint    ] Safepoint "RevokeBias", Time since last: 2518156662 ns, Reaching safepoint: 72531 ns, At safepoint: 16991 ns, Total: 89522 ns
[2020-02-21T02:06:58.094+0000][1][safepoint    ] Safepoint "RevokeBias", Time since last: 2887357884 ns, Reaching safepoint: 77158 ns, At safepoint: 17842 ns, Total: 95000 ns
[2020-02-21T02:07:00.615+0000][1][safepoint    ] Safepoint "RevokeBias", Time since last: 2520942231 ns, Reaching safepoint: 88182 ns, At safepoint: 20374 ns, Total: 108556 ns
[2020-02-21T02:07:03.121+0000][1][safepoint    ] Safepoint "RevokeBias", Time since last: 2506358088 ns, Reaching safepoint: 113381 ns, At safepoint: 23241 ns, Total: 136622 ns
[2020-02-21T02:07:05.628+0000][1][safepoint    ] Safepoint "RevokeBias", Time since last: 2506495710 ns, Reaching safepoint: 78488 ns, At safepoint: 19426 ns, Total: 97914 ns
[2020-02-21T02:07:08.130+0000][1][safepoint    ] Safepoint "RevokeBias", Time since last: 2501811408 ns, Reaching safepoint: 89657 ns, At safepoint: 19803 ns, Total: 109460 ns
[2020-02-21T02:07:10.636+0000][1][safepoint    ] Safepoint "RevokeBias", Time since last: 2505870424 ns, Reaching safepoint: 88053 ns, At safepoint: 20902 ns, Total: 108955 ns
[2020-02-21T02:07:13.198+0000][1][safepoint    ] Safepoint "RevokeBias", Time since last: 2562472095 ns, Reaching safepoint: 74892 ns, At safepoint: 17013 ns, Total: 91905 ns
[2020-02-21T02:07:15.707+0000][1][safepoint    ] Safepoint "RevokeBias", Time since last: 2508596531 ns, Reaching safepoint: 105396 ns, At safepoint: 24068 ns, Total: 129464 ns
[2020-02-21T02:07:18.237+0000][1][safepoint    ] Safepoint "RevokeBias", Time since last: 2529691612 ns, Reaching safepoint: 75113 ns, At safepoint: 16894 ns, Total: 92007 ns
[2020-02-21T02:07:20.793+0000][1][safepoint    ] Safepoint "RevokeBias", Time since last: 2556121254 ns, Reaching safepoint: 83664 ns, At safepoint: 20006 ns, Total: 103670 ns
[2020-02-21T02:07:23.342+0000][1][safepoint    ] Safepoint "RevokeBias", Time since last: 2549236413 ns, Reaching safepoint: 74289 ns, At safepoint: 17510 ns, Total: 91799 ns
[2020-02-21T02:07:25.858+0000][1][safepoint    ] Safepoint "RevokeBias", Time since last: 2515608567 ns, Reaching safepoint: 80157 ns, At safepoint: 18001 ns, Total: 98158 ns
[2020-02-21T02:07:28.362+0000][1][safepoint    ] Safepoint "RevokeBias", Time since last: 2503640718 ns, Reaching safepoint: 96848 ns, At safepoint: 23030 ns, Total: 119878 ns
[2020-02-21T02:07:29.363+0000][1][safepoint    ] Safepoint "Cleanup", Time since last: 1000741728 ns, Reaching safepoint: 98948 ns, At safepoint: 9407 ns, Total: 108355 ns
[2020-02-21T02:07:30.874+0000][1][safepoint    ] Safepoint "RevokeBias", Time since last: 1511336187 ns, Reaching safepoint: 59432 ns, At safepoint: 15456 ns, Total: 74888 ns
[2020-02-21T02:07:33.383+0000][1][safepoint    ] Safepoint "RevokeBias", Time since last: 2508273475 ns, Reaching safepoint: 165118 ns, At safepoint: 23077 ns, Total: 188195 ns
[2020-02-21T02:07:35.887+0000][1][safepoint    ] Safepoint "RevokeBias", Time since last: 2504250925 ns, Reaching safepoint: 91516 ns, At safepoint: 20895 ns, Total: 112411 ns
[2020-02-21T02:07:36.888+0000][1][safepoint    ] Safepoint "Cleanup", Time since last: 1001328326 ns, Reaching safepoint: 80751 ns, At safepoint: 7221 ns, Total: 87972 ns
[2020-02-21T02:07:38.392+0000][1][safepoint    ] Safepoint "RevokeBias", Time since last: 1503513684 ns, Reaching safepoint: 92121 ns, At safepoint: 20548 ns, Total: 112669 ns
[2020-02-21T02:07:40.896+0000][1][safepoint    ] Safepoint "RevokeBias", Time since last: 2504167620 ns, Reaching safepoint: 92470 ns, At safepoint: 20166 ns, Total: 112636 ns
[2020-02-21T02:07:43.404+0000][1][safepoint    ] Safepoint "RevokeBias", Time since last: 2507203674 ns, Reaching safepoint: 90993 ns, At safepoint: 20070 ns, Total: 111063 ns
[2020-02-21T02:07:45.907+0000][1][safepoint    ] Safepoint "RevokeBias", Time since last: 2503054508 ns, Reaching safepoint: 114869 ns, At safepoint: 23654 ns, Total: 138523 ns
[2020-02-21T02:07:48.424+0000][1][safepoint    ] Safepoint "RevokeBias", Time since last: 2517313387 ns, Reaching safepoint: 57909 ns, At safepoint: 15109 ns, Total: 73018 ns
[2020-02-21T02:07:50.938+0000][1][safepoint    ] Safepoint "RevokeBias", Time since last: 2513940296 ns, Reaching safepoint: 92141 ns, At safepoint: 20369 ns, Total: 112510 ns
[2020-02-21T02:07:53.442+0000][1][safepoint    ] Safepoint "RevokeBias", Time since last: 2503790180 ns, Reaching safepoint: 91222 ns, At safepoint: 20025 ns, Total: 111247 ns
[2020-02-21T02:07:55.945+0000][1][safepoint    ] Safepoint "RevokeBias", Time since last: 2503103302 ns, Reaching safepoint: 139087 ns, At safepoint: 27080 ns, Total: 166167 ns
[2020-02-21T02:07:58.450+0000][1][safepoint    ] Safepoint "BulkRevokeBias", Time since last: 2503998822 ns, Reaching safepoint: 82645 ns, At safepoint: 273801 ns, Total: 356446 ns
[2020-02-21T02:08:00.952+0000][1][safepoint    ] Safepoint "RevokeBias", Time since last: 2502020138 ns, Reaching safepoint: 91912 ns, At safepoint: 20644 ns, Total: 112556 ns
[2020-02-21T02:08:01.953+0000][1][safepoint    ] Safepoint "Cleanup", Time since last: 1000570400 ns, Reaching safepoint: 96920 ns, At safepoint: 8351 ns, Total: 105271 ns
[2020-02-21T02:08:03.458+0000][1][safepoint    ] Safepoint "RevokeBias", Time since last: 1505510676 ns, Reaching safepoint: 91334 ns, At safepoint: 19746 ns, Total: 111080 ns
[2020-02-21T02:08:05.970+0000][1][safepoint    ] Safepoint "RevokeBias", Time since last: 2511977869 ns, Reaching safepoint: 75856 ns, At safepoint: 17273 ns, Total: 93129 ns
[2020-02-21T02:08:08.477+0000][1][safepoint    ] Safepoint "RevokeBias", Time since last: 2506595195 ns, Reaching safepoint: 91474 ns, At safepoint: 20318 ns, Total: 111792 ns
[2020-02-21T02:08:09.478+0000][1][safepoint    ] Safepoint "Cleanup", Time since last: 1000802781 ns, Reaching safepoint: 97588 ns, At safepoint: 11226 ns, Total: 108814 ns
[2020-02-21T02:08:10.348+0000][1][gc,start     ] GC(48) Pause Young (Allocation Failure)
[2020-02-21T02:08:10.348+0000][1][gc,task      ] GC(48) Using 1 workers of 1 for evacuation
[2020-02-21T02:08:10.360+0000][1][gc,age       ] GC(48) Desired survivor size 4358144 bytes, new threshold 6 (max threshold 6)
[2020-02-21T02:08:10.360+0000][1][gc,age       ] GC(48) Age table with threshold 6 (max threshold 6)
[2020-02-21T02:08:10.360+0000][1][gc,age       ] GC(48) - age   1:      17560 bytes,      17560 total
[2020-02-21T02:08:10.360+0000][1][gc,age       ] GC(48) - age   2:       4688 bytes,      22248 total
[2020-02-21T02:08:10.360+0000][1][gc,age       ] GC(48) - age   3:        856 bytes,      23104 total
[2020-02-21T02:08:10.360+0000][1][gc,age       ] GC(48) - age   4:        968 bytes,      24072 total
[2020-02-21T02:08:10.360+0000][1][gc,age       ] GC(48) - age   5:       1280 bytes,      25352 total
[2020-02-21T02:08:10.360+0000][1][gc,age       ] GC(48) - age   6:       2280 bytes,      27632 total
[2020-02-21T02:08:10.360+0000][1][gc,heap      ] GC(48) ParNew: 68185K->48K(76672K)
[2020-02-21T02:08:10.360+0000][1][gc,heap      ] GC(48) CMS: 62541K->62542K(963392K)
[2020-02-21T02:08:10.360+0000][1][gc,metaspace ] GC(48) Metaspace: 79472K->79472K(1122304K)
[2020-02-21T02:08:10.360+0000][1][gc           ] GC(48) Pause Young (Allocation Failure) 127M->61M(1015M) 11.639ms
[2020-02-21T02:08:10.360+0000][1][gc,cpu       ] GC(48) User=0.01s Sys=0.00s Real=0.01s
[2020-02-21T02:08:10.360+0000][1][safepoint    ] Safepoint "GenCollectForAllocation", Time since last: 870413389 ns, Reaching safepoint: 92055 ns, At safepoint: 11692868 ns, Total: 11784923 ns
[2020-02-21T02:08:10.986+0000][1][safepoint    ] Safepoint "RevokeBias", Time since last: 626112684 ns, Reaching safepoint: 78123 ns, At safepoint: 17874 ns, Total: 95997 ns
[2020-02-21T02:08:13.492+0000][1][safepoint    ] Safepoint "RevokeBias", Time since last: 2506002197 ns, Reaching safepoint: 91719 ns, At safepoint: 21095 ns, Total: 112814 ns
[2020-02-21T02:08:15.995+0000][1][safepoint    ] Safepoint "RevokeBias", Time since last: 2502759683 ns, Reaching safepoint: 108928 ns, At safepoint: 54391 ns, Total: 163319 ns
[2020-02-21T02:08:18.501+0000][1][safepoint    ] Safepoint "RevokeBias", Time since last: 2505888126 ns, Reaching safepoint: 150189 ns, At safepoint: 25178 ns, Total: 175367 ns
[2020-02-21T02:08:21.006+0000][1][safepoint    ] Safepoint "RevokeBias", Time since last: 2504740588 ns, Reaching safepoint: 105677 ns, At safepoint: 23153 ns, Total: 128830 ns
[2020-02-21T02:08:22.007+0000][1][safepoint    ] Safepoint "Cleanup", Time since last: 1000276907 ns, Reaching safepoint: 96846 ns, At safepoint: 10362 ns, Total: 107208 ns
[2020-02-21T02:08:23.522+0000][1][safepoint    ] Safepoint "RevokeBias", Time since last: 1515149270 ns, Reaching safepoint: 73588 ns, At safepoint: 16795 ns, Total: 90383 ns
[2020-02-21T02:08:26.033+0000][1][safepoint    ] Safepoint "RevokeBias", Time since last: 2511443564 ns, Reaching safepoint: 109271 ns, At safepoint: 21342 ns, Total: 130613 ns
[2020-02-21T02:08:27.034+0000][1][safepoint    ] Safepoint "Cleanup", Time since last: 1000993004 ns, Reaching safepoint: 88220 ns, At safepoint: 8966 ns, Total: 97186 ns
[2020-02-21T02:08:28.537+0000][1][safepoint    ] Safepoint "RevokeBias", Time since last: 1502153153 ns, Reaching safepoint: 85659 ns, At safepoint: 48692 ns, Total: 134351 ns
[2020-02-21T02:08:31.041+0000][1][safepoint    ] Safepoint "RevokeBias", Time since last: 2503896073 ns, Reaching safepoint: 84439 ns, At safepoint: 19929 ns, Total: 104368 ns
[2020-02-21T02:08:33.547+0000][1][safepoint    ] Safepoint "RevokeBias", Time since last: 2506282251 ns, Reaching safepoint: 92019 ns, At safepoint: 21318 ns, Total: 113337 ns
[2020-02-21T02:08:36.058+0000][1][safepoint    ] Safepoint "RevokeBias", Time since last: 2510763887 ns, Reaching safepoint: 108276 ns, At safepoint: 22338 ns, Total: 130614 ns
[2020-02-21T02:08:38.561+0000][1][safepoint    ] Safepoint "RevokeBias", Time since last: 2502734159 ns, Reaching safepoint: 90039 ns, At safepoint: 20776 ns, Total: 110815 ns
[2020-02-21T02:08:41.079+0000][1][safepoint    ] Safepoint "RevokeBias", Time since last: 2517475398 ns, Reaching safepoint: 90291 ns, At safepoint: 78283 ns, Total: 168574 ns
[2020-02-21T02:08:43.588+0000][1][safepoint    ] Safepoint "RevokeBias", Time since last: 2508953063 ns, Reaching safepoint: 90439 ns, At safepoint: 20063 ns, Total: 110502 ns
[2020-02-21T02:08:46.094+0000][1][safepoint    ] Safepoint "RevokeBias", Time since last: 2506038266 ns, Reaching safepoint: 82601 ns, At safepoint: 18570 ns, Total: 101171 ns
[2020-02-21T02:08:48.600+0000][1][safepoint    ] Safepoint "RevokeBias", Time since last: 2505896575 ns, Reaching safepoint: 82704 ns, At safepoint: 19116 ns, Total: 101820 ns
[2020-02-21T02:08:51.104+0000][1][safepoint    ] Safepoint "RevokeBias", Time since last: 2504078457 ns, Reaching safepoint: 110314 ns, At safepoint: 24914 ns, Total: 135228 ns
[2020-02-21T02:08:53.608+0000][1][safepoint    ] Safepoint "RevokeBias", Time since last: 2503754991 ns, Reaching safepoint: 82282 ns, At safepoint: 18979 ns, Total: 101261 ns
[2020-02-21T02:08:56.112+0000][1][safepoint    ] Safepoint "RevokeBias", Time since last: 2503983117 ns, Reaching safepoint: 91834 ns, At safepoint: 16546 ns, Total: 108380 ns
[2020-02-21T02:08:58.625+0000][1][safepoint    ] Safepoint "RevokeBias", Time since last: 2512658552 ns, Reaching safepoint: 55463 ns, At safepoint: 15206 ns, Total: 70669 ns
[2020-02-21T02:09:01.133+0000][1][safepoint    ] Safepoint "RevokeBias", Time since last: 2508323932 ns, Reaching safepoint: 85895 ns, At safepoint: 20953 ns, Total: 106848 ns
[2020-02-21T02:09:03.639+0000][1][safepoint    ] Safepoint "RevokeBias", Time since last: 2505601109 ns, Reaching safepoint: 87538 ns, At safepoint: 19247 ns, Total: 106785 ns
[2020-02-21T02:09:06.142+0000][1][safepoint    ] Safepoint "RevokeBias", Time since last: 2502727213 ns, Reaching safepoint: 90784 ns, At safepoint: 19815 ns, Total: 110599 ns
[2020-02-21T02:09:08.646+0000][1][safepoint    ] Safepoint "RevokeBias", Time since last: 2504659410 ns, Reaching safepoint: 86081 ns, At safepoint: 19113 ns, Total: 105194 ns
[2020-02-21T02:09:11.151+0000][1][safepoint    ] Safepoint "BulkRevokeBias", Time since last: 2504294810 ns, Reaching safepoint: 64523 ns, At safepoint: 151280 ns, Total: 215803 ns
[2020-02-21T02:09:13.657+0000][1][safepoint    ] Safepoint "RevokeBias", Time since last: 2506385310 ns, Reaching safepoint: 180235 ns, At safepoint: 17906 ns, Total: 198141 ns
[2020-02-21T02:09:16.175+0000][1][safepoint    ] Safepoint "RevokeBias", Time since last: 2517870451 ns, Reaching safepoint: 57343 ns, At safepoint: 15382 ns, Total: 72725 ns
[2020-02-21T02:09:18.688+0000][1][safepoint    ] Safepoint "RevokeBias", Time since last: 2512105981 ns, Reaching safepoint: 91777 ns, At safepoint: 20612 ns, Total: 112389 ns
[2020-02-21T02:09:21.195+0000][1][safepoint    ] Safepoint "RevokeBias", Time since last: 2507340764 ns, Reaching safepoint: 206632 ns, At safepoint: 19628 ns, Total: 226260 ns
[2020-02-21T02:09:23.698+0000][1][safepoint    ] Safepoint "RevokeBias", Time since last: 2502508869 ns, Reaching safepoint: 122750 ns, At safepoint: 22668 ns, Total: 145418 ns
[2020-02-21T02:09:26.202+0000][1][safepoint    ] Safepoint "RevokeBias", Time since last: 2504374322 ns, Reaching safepoint: 88404 ns, At safepoint: 19980 ns, Total: 108384 ns
[2020-02-21T02:09:27.203+0000][1][safepoint    ] Safepoint "Cleanup", Time since last: 1000307571 ns, Reaching safepoint: 98230 ns, At safepoint: 9553 ns, Total: 107783 ns
[2020-02-21T02:09:28.708+0000][1][safepoint    ] Safepoint "RevokeBias", Time since last: 1505036395 ns, Reaching safepoint: 87058 ns, At safepoint: 20689 ns, Total: 107747 ns
[2020-02-21T02:09:31.211+0000][1][safepoint    ] Safepoint "RevokeBias", Time since last: 2503424201 ns, Reaching safepoint: 80837 ns, At safepoint: 18691 ns, Total: 99528 ns
[2020-02-21T02:09:33.730+0000][1][safepoint    ] Safepoint "RevokeBias", Time since last: 2518567032 ns, Reaching safepoint: 93862 ns, At safepoint: 18528 ns, Total: 112390 ns
[2020-02-21T02:09:36.244+0000][1][safepoint    ] Safepoint "RevokeBias", Time since last: 2513793698 ns, Reaching safepoint: 92425 ns, At safepoint: 20044 ns, Total: 112469 ns
[2020-02-21T02:09:38.876+0000][1][safepoint    ] Safepoint "RevokeBias", Time since last: 2631853802 ns, Reaching safepoint: 91379 ns, At safepoint: 21813 ns, Total: 113192 ns
[2020-02-21T02:09:41.380+0000][1][safepoint    ] Safepoint "RevokeBias", Time since last: 2504401863 ns, Reaching safepoint: 88334 ns, At safepoint: 20136 ns, Total: 108470 ns
[2020-02-21T02:09:43.885+0000][1][safepoint    ] Safepoint "RevokeBias", Time since last: 2504122371 ns, Reaching safepoint: 89731 ns, At safepoint: 20770 ns, Total: 110501 ns
[2020-02-21T02:09:46.395+0000][1][safepoint    ] Safepoint "RevokeBias", Time since last: 2509719544 ns, Reaching safepoint: 90592 ns, At safepoint: 20634 ns, Total: 111226 ns
[2020-02-21T02:09:48.899+0000][1][safepoint    ] Safepoint "RevokeBias", Time since last: 2503970188 ns, Reaching safepoint: 105712 ns, At safepoint: 24171 ns, Total: 129883 ns
[2020-02-21T02:09:51.409+0000][1][safepoint    ] Safepoint "RevokeBias", Time since last: 2510656347 ns, Reaching safepoint: 106973 ns, At safepoint: 21062 ns, Total: 128035 ns
[2020-02-21T02:09:53.920+0000][1][safepoint    ] Safepoint "RevokeBias", Time since last: 2510848162 ns, Reaching safepoint: 123872 ns, At safepoint: 22255 ns, Total: 146127 ns
[2020-02-21T02:09:56.424+0000][1][safepoint    ] Safepoint "RevokeBias", Time since last: 2503675340 ns, Reaching safepoint: 77154 ns, At safepoint: 16952 ns, Total: 94106 ns
[2020-02-21T02:09:58.928+0000][1][safepoint    ] Safepoint "RevokeBias", Time since last: 2503290577 ns, Reaching safepoint: 122164 ns, At safepoint: 19866 ns, Total: 142030 ns
[2020-02-21T02:10:01.430+0000][1][safepoint    ] Safepoint "RevokeBias", Time since last: 2502656144 ns, Reaching safepoint: 75285 ns, At safepoint: 17825 ns, Total: 93110 ns
[2020-02-21T02:10:03.941+0000][1][safepoint    ] Safepoint "RevokeBias", Time since last: 2510498975 ns, Reaching safepoint: 92097 ns, At safepoint: 20192 ns, Total: 112289 ns
[2020-02-21T02:10:06.454+0000][1][safepoint    ] Safepoint "RevokeBias", Time since last: 2513247794 ns, Reaching safepoint: 123300 ns, At safepoint: 23179 ns, Total: 146479 ns
[2020-02-21T02:10:08.972+0000][1][safepoint    ] Safepoint "RevokeBias", Time since last: 2517509665 ns, Reaching safepoint: 76773 ns, At safepoint: 16804 ns, Total: 93577 ns
[2020-02-21T02:10:11.480+0000][1][safepoint    ] Safepoint "RevokeBias", Time since last: 2508385774 ns, Reaching safepoint: 77637 ns, At safepoint: 17119 ns, Total: 94756 ns
[2020-02-21T02:10:13.992+0000][1][safepoint    ] Safepoint "RevokeBias", Time since last: 2511504911 ns, Reaching safepoint: 79869 ns, At safepoint: 17283 ns, Total: 97152 ns
[2020-02-21T02:10:16.506+0000][1][safepoint    ] Safepoint "RevokeBias", Time since last: 2513420764 ns, Reaching safepoint: 124688 ns, At safepoint: 23307 ns, Total: 147995 ns
[2020-02-21T02:10:19.012+0000][1][safepoint    ] Safepoint "RevokeBias", Time since last: 2506057578 ns, Reaching safepoint: 89314 ns, At safepoint: 19733 ns, Total: 109047 ns
[2020-02-21T02:10:21.516+0000][1][safepoint    ] Safepoint "RevokeBias", Time since last: 2504134263 ns, Reaching safepoint: 88808 ns, At safepoint: 20195 ns, Total: 109003 ns
[2020-02-21T02:10:24.019+0000][1][safepoint    ] Safepoint "BulkRevokeBias", Time since last: 2502740767 ns, Reaching safepoint: 90175 ns, At safepoint: 216549 ns, Total: 306724 ns
[2020-02-21T02:10:26.540+0000][1][safepoint    ] Safepoint "RevokeBias", Time since last: 2520792067 ns, Reaching safepoint: 57883 ns, At safepoint: 14697 ns, Total: 72580 ns
[2020-02-21T02:10:29.049+0000][1][safepoint    ] Safepoint "RevokeBias", Time since last: 2508837375 ns, Reaching safepoint: 97743 ns, At safepoint: 20693 ns, Total: 118436 ns
[2020-02-21T02:10:30.685+0000][1][gc,start     ] GC(49) Pause Young (Allocation Failure)
[2020-02-21T02:10:30.685+0000][1][gc,task      ] GC(49) Using 1 workers of 1 for evacuation
[2020-02-21T02:10:30.696+0000][1][gc,age       ] GC(49) Desired survivor size 4358144 bytes, new threshold 6 (max threshold 6)
[2020-02-21T02:10:30.696+0000][1][gc,age       ] GC(49) Age table with threshold 6 (max threshold 6)
[2020-02-21T02:10:30.696+0000][1][gc,age       ] GC(49) - age   1:      15520 bytes,      15520 total
[2020-02-21T02:10:30.696+0000][1][gc,age       ] GC(49) - age   2:       4592 bytes,      20112 total
[2020-02-21T02:10:30.696+0000][1][gc,age       ] GC(49) - age   3:       4688 bytes,      24800 total
[2020-02-21T02:10:30.696+0000][1][gc,age       ] GC(49) - age   4:        856 bytes,      25656 total
[2020-02-21T02:10:30.696+0000][1][gc,age       ] GC(49) - age   5:        968 bytes,      26624 total
[2020-02-21T02:10:30.696+0000][1][gc,age       ] GC(49) - age   6:       1280 bytes,      27904 total
[2020-02-21T02:10:30.696+0000][1][gc,heap      ] GC(49) ParNew: 68208K->32K(76672K)
[2020-02-21T02:10:30.696+0000][1][gc,heap      ] GC(49) CMS: 62542K->62545K(963392K)
[2020-02-21T02:10:30.696+0000][1][gc,metaspace ] GC(49) Metaspace: 79480K->79480K(1122304K)
[2020-02-21T02:10:30.696+0000][1][gc           ] GC(49) Pause Young (Allocation Failure) 127M->61M(1015M) 10.737ms
[2020-02-21T02:10:30.696+0000][1][gc,cpu       ] GC(49) User=0.01s Sys=0.00s Real=0.02s
[2020-02-21T02:10:30.696+0000][1][safepoint    ] Safepoint "GenCollectForAllocation", Time since last: 1636051646 ns, Reaching safepoint: 95234 ns, At safepoint: 10795553 ns, Total: 10890787 ns
[2020-02-21T02:10:31.553+0000][1][safepoint    ] Safepoint "RevokeBias", Time since last: 856606627 ns, Reaching safepoint: 88568 ns, At safepoint: 20510 ns, Total: 109078 ns
[2020-02-21T02:10:34.058+0000][1][safepoint    ] Safepoint "RevokeBias", Time since last: 2505013480 ns, Reaching safepoint: 106198 ns, At safepoint: 24298 ns, Total: 130496 ns
[2020-02-21T02:10:36.562+0000][1][safepoint    ] Safepoint "RevokeBias", Time since last: 2504108910 ns, Reaching safepoint: 90619 ns, At safepoint: 20154 ns, Total: 110773 ns
[2020-02-21T02:10:39.065+0000][1][safepoint    ] Safepoint "RevokeBias", Time since last: 2502814457 ns, Reaching safepoint: 95065 ns, At safepoint: 19657 ns, Total: 114722 ns
[2020-02-21T02:10:41.570+0000][1][safepoint    ] Safepoint "RevokeBias", Time since last: 2504703876 ns, Reaching safepoint: 91261 ns, At safepoint: 20104 ns, Total: 111365 ns
[2020-02-21T02:10:42.571+0000][1][safepoint    ] Safepoint "Cleanup", Time since last: 1000816963 ns, Reaching safepoint: 98407 ns, At safepoint: 9826 ns, Total: 108233 ns
[2020-02-21T02:10:44.086+0000][1][safepoint    ] Safepoint "RevokeBias", Time since last: 1515694339 ns, Reaching safepoint: 75819 ns, At safepoint: 17522 ns, Total: 93341 ns
[2020-02-21T02:10:46.596+0000][1][safepoint    ] Safepoint "RevokeBias", Time since last: 2509859797 ns, Reaching safepoint: 90141 ns, At safepoint: 20083 ns, Total: 110224 ns
[2020-02-21T02:10:49.103+0000][1][safepoint    ] Safepoint "RevokeBias", Time since last: 2506256212 ns, Reaching safepoint: 88705 ns, At safepoint: 19781 ns, Total: 108486 ns
[2020-02-21T02:10:51.609+0000][1][safepoint    ] Safepoint "RevokeBias", Time since last: 2505950775 ns, Reaching safepoint: 89781 ns, At safepoint: 20668 ns, Total: 110449 ns
[2020-02-21T02:10:54.112+0000][1][safepoint    ] Safepoint "RevokeBias", Time since last: 2503556868 ns, Reaching safepoint: 92086 ns, At safepoint: 20298 ns, Total: 112384 ns
[2020-02-21T02:10:56.617+0000][1][safepoint    ] Safepoint "RevokeBias", Time since last: 2504215729 ns, Reaching safepoint: 77867 ns, At safepoint: 17455 ns, Total: 95322 ns
[2020-02-21T02:10:59.121+0000][1][safepoint    ] Safepoint "RevokeBias", Time since last: 2503645020 ns, Reaching safepoint: 88322 ns, At safepoint: 19686 ns, Total: 108008 ns
[2020-02-21T02:11:01.636+0000][1][safepoint    ] Safepoint "RevokeBias", Time since last: 2515135562 ns, Reaching safepoint: 57240 ns, At safepoint: 15389 ns, Total: 72629 ns
[2020-02-21T02:11:02.637+0000][1][safepoint    ] Safepoint "Cleanup", Time since last: 1000997558 ns, Reaching safepoint: 96270 ns, At safepoint: 8361 ns, Total: 104631 ns
[2020-02-21T02:11:04.146+0000][1][safepoint    ] Safepoint "RevokeBias", Time since last: 1508838104 ns, Reaching safepoint: 109282 ns, At safepoint: 23346 ns, Total: 132628 ns
[2020-02-21T02:11:06.650+0000][1][safepoint    ] Safepoint "RevokeBias", Time since last: 2504366321 ns, Reaching safepoint: 91125 ns, At safepoint: 21597 ns, Total: 112722 ns
[2020-02-21T02:11:09.155+0000][1][safepoint    ] Safepoint "RevokeBias", Time since last: 2504404572 ns, Reaching safepoint: 79532 ns, At safepoint: 17907 ns, Total: 97439 ns
[2020-02-21T02:11:11.659+0000][1][safepoint    ] Safepoint "RevokeBias", Time since last: 2503842061 ns, Reaching safepoint: 90306 ns, At safepoint: 19581 ns, Total: 109887 ns
[2020-02-21T02:11:14.171+0000][1][safepoint    ] Safepoint "RevokeBias", Time since last: 2512269688 ns, Reaching safepoint: 92269 ns, At safepoint: 20772 ns, Total: 113041 ns
[2020-02-21T02:11:16.675+0000][1][safepoint    ] Safepoint "RevokeBias", Time since last: 2503723286 ns, Reaching safepoint: 83219 ns, At safepoint: 18591 ns, Total: 101810 ns
[2020-02-21T02:11:19.194+0000][1][safepoint    ] Safepoint "RevokeBias", Time since last: 2519029994 ns, Reaching safepoint: 89135 ns, At safepoint: 19616 ns, Total: 108751 ns
[2020-02-21T02:11:21.704+0000][1][safepoint    ] Safepoint "RevokeBias", Time since last: 2510252875 ns, Reaching safepoint: 88571 ns, At safepoint: 19989 ns, Total: 108560 ns
[2020-02-21T02:11:24.207+0000][1][safepoint    ] Safepoint "RevokeBias", Time since last: 2502919983 ns, Reaching safepoint: 88790 ns, At safepoint: 20085 ns, Total: 108875 ns
[2020-02-21T02:11:26.714+0000][1][safepoint    ] Safepoint "RevokeBias", Time since last: 2506290863 ns, Reaching safepoint: 85304 ns, At safepoint: 19104 ns, Total: 104408 ns
[2020-02-21T02:11:29.218+0000][1][safepoint    ] Safepoint "RevokeBias", Time since last: 2504038621 ns, Reaching safepoint: 84702 ns, At safepoint: 18371 ns, Total: 103073 ns
[2020-02-21T02:11:31.732+0000][1][safepoint    ] Safepoint "RevokeBias", Time since last: 2513160701 ns, Reaching safepoint: 593333 ns, At safepoint: 20825 ns, Total: 614158 ns
[2020-02-21T02:11:34.234+0000][1][safepoint    ] Safepoint "RevokeBias", Time since last: 2502158579 ns, Reaching safepoint: 77224 ns, At safepoint: 17212 ns, Total: 94436 ns
[2020-02-21T02:11:36.749+0000][1][safepoint    ] Safepoint "BulkRevokeBias", Time since last: 2515052290 ns, Reaching safepoint: 124941 ns, At safepoint: 177729 ns, Total: 302670 ns
[2020-02-21T02:11:39.258+0000][1][safepoint    ] Safepoint "RevokeBias", Time since last: 2508565696 ns, Reaching safepoint: 90936 ns, At safepoint: 20461 ns, Total: 111397 ns
[2020-02-21T02:11:41.762+0000][1][safepoint    ] Safepoint "RevokeBias", Time since last: 2504211552 ns, Reaching safepoint: 88595 ns, At safepoint: 20652 ns, Total: 109247 ns
[2020-02-21T02:11:44.267+0000][1][safepoint    ] Safepoint "RevokeBias", Time since last: 2504400093 ns, Reaching safepoint: 148881 ns, At safepoint: 20245 ns, Total: 169126 ns
[2020-02-21T02:11:46.771+0000][1][safepoint    ] Safepoint "RevokeBias", Time since last: 2503489432 ns, Reaching safepoint: 90894 ns, At safepoint: 20237 ns, Total: 111131 ns
[2020-02-21T02:11:49.282+0000][1][safepoint    ] Safepoint "RevokeBias", Time since last: 2511312878 ns, Reaching safepoint: 93826 ns, At safepoint: 15446 ns, Total: 109272 ns
[2020-02-21T02:11:51.786+0000][1][safepoint    ] Safepoint "RevokeBias", Time since last: 2503788668 ns, Reaching safepoint: 92030 ns, At safepoint: 20176 ns, Total: 112206 ns
[2020-02-21T02:11:54.304+0000][1][safepoint    ] Safepoint "RevokeBias", Time since last: 2517751369 ns, Reaching safepoint: 74933 ns, At safepoint: 17777 ns, Total: 92710 ns
[2020-02-21T02:11:56.815+0000][1][safepoint    ] Safepoint "RevokeBias", Time since last: 2511221719 ns, Reaching safepoint: 91406 ns, At safepoint: 20507 ns, Total: 111913 ns
[2020-02-21T02:11:59.319+0000][1][safepoint    ] Safepoint "RevokeBias", Time since last: 2503415051 ns, Reaching safepoint: 98578 ns, At safepoint: 19552 ns, Total: 118130 ns
[2020-02-21T02:12:01.821+0000][1][safepoint    ] Safepoint "RevokeBias", Time since last: 2502681630 ns, Reaching safepoint: 83010 ns, At safepoint: 17763 ns, Total: 100773 ns
[2020-02-21T02:12:04.327+0000][1][safepoint    ] Safepoint "RevokeBias", Time since last: 2505556276 ns, Reaching safepoint: 92584 ns, At safepoint: 20139 ns, Total: 112723 ns
[2020-02-21T02:12:06.833+0000][1][safepoint    ] Safepoint "RevokeBias", Time since last: 2505700490 ns, Reaching safepoint: 93436 ns, At safepoint: 20794 ns, Total: 114230 ns
[2020-02-21T02:12:09.337+0000][1][safepoint    ] Safepoint "RevokeBias", Time since last: 2504433384 ns, Reaching safepoint: 115645 ns, At safepoint: 34465 ns, Total: 150110 ns
[2020-02-21T02:12:11.852+0000][1][safepoint    ] Safepoint "RevokeBias", Time since last: 2514331934 ns, Reaching safepoint: 53875 ns, At safepoint: 13868 ns, Total: 67743 ns
[2020-02-21T02:12:14.360+0000][1][safepoint    ] Safepoint "RevokeBias", Time since last: 2508116666 ns, Reaching safepoint: 80357 ns, At safepoint: 18127 ns, Total: 98484 ns
[2020-02-21T02:12:16.864+0000][1][safepoint    ] Safepoint "RevokeBias", Time since last: 2503518059 ns, Reaching safepoint: 89498 ns, At safepoint: 20588 ns, Total: 110086 ns
[2020-02-21T02:12:19.369+0000][1][safepoint    ] Safepoint "RevokeBias", Time since last: 2505207948 ns, Reaching safepoint: 106645 ns, At safepoint: 23951 ns, Total: 130596 ns
[2020-02-21T02:12:21.874+0000][1][safepoint    ] Safepoint "RevokeBias", Time since last: 2504788179 ns, Reaching safepoint: 76631 ns, At safepoint: 17369 ns, Total: 94000 ns
[2020-02-21T02:12:24.378+0000][1][safepoint    ] Safepoint "RevokeBias", Time since last: 2503884029 ns, Reaching safepoint: 89924 ns, At safepoint: 20696 ns, Total: 110620 ns
[2020-02-21T02:12:26.883+0000][1][safepoint    ] Safepoint "RevokeBias", Time since last: 2504790196 ns, Reaching safepoint: 91408 ns, At safepoint: 20064 ns, Total: 111472 ns
[2020-02-21T02:12:29.392+0000][1][safepoint    ] Safepoint "RevokeBias", Time since last: 2509069756 ns, Reaching safepoint: 87614 ns, At safepoint: 19141 ns, Total: 106755 ns
[2020-02-21T02:12:31.900+0000][1][safepoint    ] Safepoint "RevokeBias", Time since last: 2508328573 ns, Reaching safepoint: 93976 ns, At safepoint: 20563 ns, Total: 114539 ns
[2020-02-21T02:12:34.407+0000][1][safepoint    ] Safepoint "RevokeBias", Time since last: 2506347293 ns, Reaching safepoint: 89079 ns, At safepoint: 20267 ns, Total: 109346 ns
[2020-02-21T02:12:36.913+0000][1][safepoint    ] Safepoint "RevokeBias", Time since last: 2505712408 ns, Reaching safepoint: 92003 ns, At safepoint: 20360 ns, Total: 112363 ns
[2020-02-21T02:12:39.417+0000][1][safepoint    ] Safepoint "RevokeBias", Time since last: 2503982146 ns, Reaching safepoint: 88493 ns, At safepoint: 21541 ns, Total: 110034 ns
[2020-02-21T02:12:41.921+0000][1][safepoint    ] Safepoint "RevokeBias", Time since last: 2504154439 ns, Reaching safepoint: 89376 ns, At safepoint: 20306 ns, Total: 109682 ns
[2020-02-21T02:12:44.427+0000][1][safepoint    ] Safepoint "RevokeBias", Time since last: 2505603562 ns, Reaching safepoint: 84335 ns, At safepoint: 18554 ns, Total: 102889 ns
[2020-02-21T02:12:46.940+0000][1][safepoint    ] Safepoint "RevokeBias", Time since last: 2512920961 ns, Reaching safepoint: 77584 ns, At safepoint: 18159 ns, Total: 95743 ns
[2020-02-21T02:12:49.458+0000][1][safepoint    ] Safepoint "BulkRevokeBias", Time since last: 2517445436 ns, Reaching safepoint: 88097 ns, At safepoint: 260159 ns, Total: 348256 ns
[2020-02-21T02:12:50.545+0000][1][gc,start     ] GC(50) Pause Young (Allocation Failure)
[2020-02-21T02:12:50.545+0000][1][gc,task      ] GC(50) Using 1 workers of 1 for evacuation
[2020-02-21T02:12:50.555+0000][1][gc,age       ] GC(50) Desired survivor size 4358144 bytes, new threshold 6 (max threshold 6)
[2020-02-21T02:12:50.555+0000][1][gc,age       ] GC(50) Age table with threshold 6 (max threshold 6)
[2020-02-21T02:12:50.555+0000][1][gc,age       ] GC(50) - age   1:      13352 bytes,      13352 total
[2020-02-21T02:12:50.555+0000][1][gc,age       ] GC(50) - age   2:        784 bytes,      14136 total
[2020-02-21T02:12:50.555+0000][1][gc,age       ] GC(50) - age   3:       4592 bytes,      18728 total
[2020-02-21T02:12:50.555+0000][1][gc,age       ] GC(50) - age   4:       4688 bytes,      23416 total
[2020-02-21T02:12:50.555+0000][1][gc,age       ] GC(50) - age   5:        856 bytes,      24272 total
[2020-02-21T02:12:50.555+0000][1][gc,age       ] GC(50) - age   6:        968 bytes,      25240 total
[2020-02-21T02:12:50.555+0000][1][gc,heap      ] GC(50) ParNew: 68192K->48K(76672K)
[2020-02-21T02:12:50.555+0000][1][gc,heap      ] GC(50) CMS: 62545K->62546K(963392K)
[2020-02-21T02:12:50.555+0000][1][gc,metaspace ] GC(50) Metaspace: 79507K->79507K(1122304K)
[2020-02-21T02:12:50.555+0000][1][gc           ] GC(50) Pause Young (Allocation Failure) 127M->61M(1015M) 9.868ms
[2020-02-21T02:12:50.555+0000][1][gc,cpu       ] GC(50) User=0.00s Sys=0.00s Real=0.01s
[2020-02-21T02:12:50.555+0000][1][safepoint    ] Safepoint "GenCollectForAllocation", Time since last: 1087695525 ns, Reaching safepoint: 76045 ns, At safepoint: 9919135 ns, Total: 9995180 ns
[2020-02-21T02:12:51.962+0000][1][safepoint    ] Safepoint "RevokeBias", Time since last: 1406943490 ns, Reaching safepoint: 89834 ns, At safepoint: 20748 ns, Total: 110582 ns
[2020-02-21T02:12:54.467+0000][1][safepoint    ] Safepoint "RevokeBias", Time since last: 2504115970 ns, Reaching safepoint: 110164 ns, At safepoint: 18180 ns, Total: 128344 ns
[2020-02-21T02:12:56.971+0000][1][safepoint    ] Safepoint "RevokeBias", Time since last: 2504336046 ns, Reaching safepoint: 124171 ns, At safepoint: 21309 ns, Total: 145480 ns
[2020-02-21T02:12:59.476+0000][1][safepoint    ] Safepoint "RevokeBias", Time since last: 2504530623 ns, Reaching safepoint: 107403 ns, At safepoint: 23521 ns, Total: 130924 ns
[2020-02-21T02:13:01.979+0000][1][safepoint    ] Safepoint "RevokeBias", Time since last: 2503048488 ns, Reaching safepoint: 90988 ns, At safepoint: 20167 ns, Total: 111155 ns
[2020-02-21T02:13:04.492+0000][1][safepoint    ] Safepoint "RevokeBias", Time since last: 2513377586 ns, Reaching safepoint: 58615 ns, At safepoint: 15282 ns, Total: 73897 ns
[2020-02-21T02:13:07.003+0000][1][safepoint    ] Safepoint "RevokeBias", Time since last: 2510959147 ns, Reaching safepoint: 91613 ns, At safepoint: 20080 ns, Total: 111693 ns
[2020-02-21T02:13:09.508+0000][1][safepoint    ] Safepoint "RevokeBias", Time since last: 2504524937 ns, Reaching safepoint: 126129 ns, At safepoint: 20140 ns, Total: 146269 ns
[2020-02-21T02:13:12.012+0000][1][safepoint    ] Safepoint "RevokeBias", Time since last: 2503808132 ns, Reaching safepoint: 89370 ns, At safepoint: 19761 ns, Total: 109131 ns
[2020-02-21T02:13:14.518+0000][1][safepoint    ] Safepoint "RevokeBias", Time since last: 2505515643 ns, Reaching safepoint: 92016 ns, At safepoint: 20335 ns, Total: 112351 ns
[2020-02-21T02:13:17.021+0000][1][safepoint    ] Safepoint "RevokeBias", Time since last: 2502209582 ns, Reaching safepoint: 673632 ns, At safepoint: 19704 ns, Total: 693336 ns
[2020-02-21T02:13:19.526+0000][1][safepoint    ] Safepoint "RevokeBias", Time since last: 2505881979 ns, Reaching safepoint: 64093 ns, At safepoint: 18590 ns, Total: 82683 ns
[2020-02-21T02:13:22.045+0000][1][safepoint    ] Safepoint "RevokeBias", Time since last: 2518030609 ns, Reaching safepoint: 76239 ns, At safepoint: 16322 ns, Total: 92561 ns
[2020-02-21T02:13:24.552+0000][1][safepoint    ] Safepoint "RevokeBias", Time since last: 2507663087 ns, Reaching safepoint: 89022 ns, At safepoint: 20195 ns, Total: 109217 ns
[2020-02-21T02:13:27.061+0000][1][safepoint    ] Safepoint "RevokeBias", Time since last: 2508499304 ns, Reaching safepoint: 75061 ns, At safepoint: 17357 ns, Total: 92418 ns
[2020-02-21T02:13:29.571+0000][1][safepoint    ] Safepoint "RevokeBias", Time since last: 2509463660 ns, Reaching safepoint: 134356 ns, At safepoint: 26211 ns, Total: 160567 ns
[2020-02-21T02:13:32.073+0000][1][safepoint    ] Safepoint "RevokeBias", Time since last: 2502516520 ns, Reaching safepoint: 116838 ns, At safepoint: 32029 ns, Total: 148867 ns
[2020-02-21T02:13:34.580+0000][1][safepoint    ] Safepoint "RevokeBias", Time since last: 2506523528 ns, Reaching safepoint: 131910 ns, At safepoint: 22179 ns, Total: 154089 ns
[2020-02-21T02:13:37.084+0000][1][safepoint    ] Safepoint "RevokeBias", Time since last: 2504105149 ns, Reaching safepoint: 77433 ns, At safepoint: 18169 ns, Total: 95602 ns
[2020-02-21T02:13:39.596+0000][1][safepoint    ] Safepoint "RevokeBias", Time since last: 2511719133 ns, Reaching safepoint: 54194 ns, At safepoint: 15316 ns, Total: 69510 ns
[2020-02-21T02:13:42.111+0000][1][safepoint    ] Safepoint "RevokeBias", Time since last: 2514734038 ns, Reaching safepoint: 74362 ns, At safepoint: 16922 ns, Total: 91284 ns
[2020-02-21T02:13:44.615+0000][1][safepoint    ] Safepoint "RevokeBias", Time since last: 2504000088 ns, Reaching safepoint: 80643 ns, At safepoint: 18760 ns, Total: 99403 ns
[2020-02-21T02:13:47.119+0000][1][safepoint    ] Safepoint "RevokeBias", Time since last: 2504007433 ns, Reaching safepoint: 87530 ns, At safepoint: 20043 ns, Total: 107573 ns
[2020-02-21T02:13:49.626+0000][1][safepoint    ] Safepoint "RevokeBias", Time since last: 2506432806 ns, Reaching safepoint: 115370 ns, At safepoint: 21038 ns, Total: 136408 ns
[2020-02-21T02:13:52.131+0000][1][safepoint    ] Safepoint "RevokeBias", Time since last: 2505202815 ns, Reaching safepoint: 75765 ns, At safepoint: 17696 ns, Total: 93461 ns
[2020-02-21T02:13:54.635+0000][1][safepoint    ] Safepoint "RevokeBias", Time since last: 2504195615 ns, Reaching safepoint: 85701 ns, At safepoint: 20307 ns, Total: 106008 ns
[2020-02-21T02:13:57.145+0000][1][safepoint    ] Safepoint "RevokeBias", Time since last: 2509891803 ns, Reaching safepoint: 119814 ns, At safepoint: 52016 ns, Total: 171830 ns
[2020-02-21T02:13:59.661+0000][1][safepoint    ] Safepoint "RevokeBias", Time since last: 2515422335 ns, Reaching safepoint: 91496 ns, At safepoint: 20362 ns, Total: 111858 ns
[2020-02-21T02:14:01.662+0000][1][safepoint    ] Safepoint "Cleanup", Time since last: 2000918593 ns, Reaching safepoint: 88883 ns, At safepoint: 8734 ns, Total: 97617 ns
[2020-02-21T02:14:02.166+0000][1][safepoint    ] Safepoint "BulkRevokeBias", Time since last: 503811227 ns, Reaching safepoint: 75237 ns, At safepoint: 231629 ns, Total: 306866 ns
[2020-02-21T02:14:04.673+0000][1][safepoint    ] Safepoint "RevokeBias", Time since last: 2507446301 ns, Reaching safepoint: 88795 ns, At safepoint: 20142 ns, Total: 108937 ns
[2020-02-21T02:14:07.178+0000][1][safepoint    ] Safepoint "RevokeBias", Time since last: 2504691545 ns, Reaching safepoint: 86317 ns, At safepoint: 20237 ns, Total: 106554 ns
[2020-02-21T02:14:09.681+0000][1][safepoint    ] Safepoint "RevokeBias", Time since last: 2503033987 ns, Reaching safepoint: 113504 ns, At safepoint: 24468 ns, Total: 137972 ns
[2020-02-21T02:14:12.187+0000][1][safepoint    ] Safepoint "RevokeBias", Time since last: 2505793423 ns, Reaching safepoint: 89000 ns, At safepoint: 51922 ns, Total: 140922 ns
[2020-02-21T02:14:14.708+0000][1][safepoint    ] Safepoint "RevokeBias", Time since last: 2520151949 ns, Reaching safepoint: 55029 ns, At safepoint: 14216 ns, Total: 69245 ns
[2020-02-21T02:14:17.215+0000][1][safepoint    ] Safepoint "RevokeBias", Time since last: 2507060118 ns, Reaching safepoint: 81750 ns, At safepoint: 19091 ns, Total: 100841 ns
[2020-02-21T02:14:19.718+0000][1][safepoint    ] Safepoint "RevokeBias", Time since last: 2503425122 ns, Reaching safepoint: 89235 ns, At safepoint: 19948 ns, Total: 109183 ns
[2020-02-21T02:14:22.222+0000][1][safepoint    ] Safepoint "RevokeBias", Time since last: 2504003539 ns, Reaching safepoint: 73842 ns, At safepoint: 15922 ns, Total: 89764 ns
[2020-02-21T02:14:24.726+0000][1][safepoint    ] Safepoint "RevokeBias", Time since last: 2503765393 ns, Reaching safepoint: 83835 ns, At safepoint: 19442 ns, Total: 103277 ns
[2020-02-21T02:14:27.230+0000][1][safepoint    ] Safepoint "RevokeBias", Time since last: 2503925798 ns, Reaching safepoint: 76193 ns, At safepoint: 17248 ns, Total: 93441 ns
[2020-02-21T02:14:29.733+0000][1][safepoint    ] Safepoint "RevokeBias", Time since last: 2503134639 ns, Reaching safepoint: 82634 ns, At safepoint: 57398 ns, Total: 140032 ns
[2020-02-21T02:14:32.240+0000][1][safepoint    ] Safepoint "RevokeBias", Time since last: 2506389134 ns, Reaching safepoint: 73420 ns, At safepoint: 16675 ns, Total: 90095 ns
[2020-02-21T02:14:34.752+0000][1][safepoint    ] Safepoint "RevokeBias", Time since last: 2511428874 ns, Reaching safepoint: 88441 ns, At safepoint: 20517 ns, Total: 108958 ns
[2020-02-21T02:14:37.257+0000][1][safepoint    ] Safepoint "RevokeBias", Time since last: 2505294431 ns, Reaching safepoint: 120023 ns, At safepoint: 22465 ns, Total: 142488 ns
[2020-02-21T02:14:39.264+0000][1][safepoint    ] Safepoint "Cleanup", Time since last: 2007319875 ns, Reaching safepoint: 95039 ns, At safepoint: 8642 ns, Total: 103681 ns
[2020-02-21T02:14:39.761+0000][1][safepoint    ] Safepoint "RevokeBias", Time since last: 496878310 ns, Reaching safepoint: 105643 ns, At safepoint: 23646 ns, Total: 129289 ns
[2020-02-21T02:14:42.268+0000][1][safepoint    ] Safepoint "RevokeBias", Time since last: 2506828842 ns, Reaching safepoint: 85704 ns, At safepoint: 20864 ns, Total: 106568 ns
[2020-02-21T02:14:44.779+0000][1][safepoint    ] Safepoint "RevokeBias", Time since last: 2510296412 ns, Reaching safepoint: 75356 ns, At safepoint: 17297 ns, Total: 92653 ns
[2020-02-21T02:14:47.282+0000][1][safepoint    ] Safepoint "RevokeBias", Time since last: 2503506808 ns, Reaching safepoint: 116683 ns, At safepoint: 22823 ns, Total: 139506 ns
[2020-02-21T02:14:49.804+0000][1][safepoint    ] Safepoint "RevokeBias", Time since last: 2521692495 ns, Reaching safepoint: 55875 ns, At safepoint: 16057 ns, Total: 71932 ns
[2020-02-21T02:14:52.318+0000][1][safepoint    ] Safepoint "RevokeBias", Time since last: 2513551289 ns, Reaching safepoint: 121694 ns, At safepoint: 22650 ns, Total: 144344 ns
[2020-02-21T02:14:54.822+0000][1][safepoint    ] Safepoint "RevokeBias", Time since last: 2504020944 ns, Reaching safepoint: 133822 ns, At safepoint: 18205 ns, Total: 152027 ns
[2020-02-21T02:14:57.325+0000][1][safepoint    ] Safepoint "RevokeBias", Time since last: 2503126691 ns, Reaching safepoint: 85151 ns, At safepoint: 19824 ns, Total: 104975 ns
[2020-02-21T02:14:59.828+0000][1][safepoint    ] Safepoint "RevokeBias", Time since last: 2503056277 ns, Reaching safepoint: 88524 ns, At safepoint: 20663 ns, Total: 109187 ns
[2020-02-21T02:15:02.332+0000][1][safepoint    ] Safepoint "RevokeBias", Time since last: 2503041050 ns, Reaching safepoint: 90632 ns, At safepoint: 20901 ns, Total: 111533 ns
[2020-02-21T02:15:04.836+0000][1][safepoint    ] Safepoint "RevokeBias", Time since last: 2504684075 ns, Reaching safepoint: 88135 ns, At safepoint: 20186 ns, Total: 108321 ns
[2020-02-21T02:15:07.356+0000][1][safepoint    ] Safepoint "RevokeBias", Time since last: 2519112459 ns, Reaching safepoint: 72552 ns, At safepoint: 16088 ns, Total: 88640 ns
[2020-02-21T02:15:09.863+0000][1][safepoint    ] Safepoint "RevokeBias", Time since last: 2507496089 ns, Reaching safepoint: 104052 ns, At safepoint: 24419 ns, Total: 128471 ns
[2020-02-21T02:15:10.649+0000][1][gc,start     ] GC(51) Pause Young (Allocation Failure)
[2020-02-21T02:15:10.649+0000][1][gc,task      ] GC(51) Using 1 workers of 1 for evacuation
[2020-02-21T02:15:10.658+0000][1][gc,age       ] GC(51) Desired survivor size 4358144 bytes, new threshold 6 (max threshold 6)
[2020-02-21T02:15:10.658+0000][1][gc,age       ] GC(51) Age table with threshold 6 (max threshold 6)
[2020-02-21T02:15:10.658+0000][1][gc,age       ] GC(51) - age   1:      12304 bytes,      12304 total
[2020-02-21T02:15:10.658+0000][1][gc,age       ] GC(51) - age   2:        352 bytes,      12656 total
[2020-02-21T02:15:10.658+0000][1][gc,age       ] GC(51) - age   3:        784 bytes,      13440 total
[2020-02-21T02:15:10.658+0000][1][gc,age       ] GC(51) - age   4:       4592 bytes,      18032 total
[2020-02-21T02:15:10.658+0000][1][gc,age       ] GC(51) - age   5:       4552 bytes,      22584 total
[2020-02-21T02:15:10.658+0000][1][gc,age       ] GC(51) - age   6:        760 bytes,      23344 total
[2020-02-21T02:15:10.658+0000][1][gc,heap      ] GC(51) ParNew: 68208K->30K(76672K)
[2020-02-21T02:15:10.658+0000][1][gc,heap      ] GC(51) CMS: 62546K->62547K(963392K)
[2020-02-21T02:15:10.658+0000][1][gc,metaspace ] GC(51) Metaspace: 79516K->79516K(1122304K)
[2020-02-21T02:15:10.658+0000][1][gc           ] GC(51) Pause Young (Allocation Failure) 127M->61M(1015M) 8.946ms
[2020-02-21T02:15:10.658+0000][1][gc,cpu       ] GC(51) User=0.01s Sys=0.00s Real=0.01s
[2020-02-21T02:15:10.658+0000][1][safepoint    ] Safepoint "GenCollectForAllocation", Time since last: 785581371 ns, Reaching safepoint: 86591 ns, At safepoint: 8990897 ns, Total: 9077488 ns
[2020-02-21T02:15:12.368+0000][1][safepoint    ] Safepoint "RevokeBias", Time since last: 1709896271 ns, Reaching safepoint: 88865 ns, At safepoint: 21098 ns, Total: 109963 ns
[2020-02-21T02:15:14.874+0000][1][safepoint    ] Safepoint "BulkRevokeBias", Time since last: 2505858263 ns, Reaching safepoint: 89413 ns, At safepoint: 216952 ns, Total: 306365 ns
[2020-02-21T02:15:17.378+0000][1][safepoint    ] Safepoint "RevokeBias", Time since last: 2503697534 ns, Reaching safepoint: 77325 ns, At safepoint: 16628 ns, Total: 93953 ns
[2020-02-21T02:15:19.882+0000][1][safepoint    ] Safepoint "RevokeBias", Time since last: 2504306643 ns, Reaching safepoint: 77424 ns, At safepoint: 16999 ns, Total: 94423 ns
[2020-02-21T02:15:22.387+0000][1][safepoint    ] Safepoint "RevokeBias", Time since last: 2504825659 ns, Reaching safepoint: 88234 ns, At safepoint: 20311 ns, Total: 108545 ns
[2020-02-21T02:15:24.897+0000][1][safepoint    ] Safepoint "RevokeBias", Time since last: 2509890712 ns, Reaching safepoint: 56088 ns, At safepoint: 15132 ns, Total: 71220 ns
[2020-02-21T02:15:27.408+0000][1][safepoint    ] Safepoint "RevokeBias", Time since last: 2511216599 ns, Reaching safepoint: 87259 ns, At safepoint: 20302 ns, Total: 107561 ns
[2020-02-21T02:15:29.911+0000][1][safepoint    ] Safepoint "RevokeBias", Time since last: 2502525501 ns, Reaching safepoint: 87973 ns, At safepoint: 19951 ns, Total: 107924 ns
[2020-02-21T02:15:32.422+0000][1][safepoint    ] Safepoint "RevokeBias", Time since last: 2510828060 ns, Reaching safepoint: 75359 ns, At safepoint: 17459 ns, Total: 92818 ns
[2020-02-21T02:15:34.929+0000][1][safepoint    ] Safepoint "RevokeBias", Time since last: 2506464993 ns, Reaching safepoint: 85413 ns, At safepoint: 20593 ns, Total: 106006 ns
[2020-02-21T02:15:37.433+0000][1][safepoint    ] Safepoint "RevokeBias", Time since last: 2504230483 ns, Reaching safepoint: 88663 ns, At safepoint: 21078 ns, Total: 109741 ns
[2020-02-21T02:15:39.936+0000][1][safepoint    ] Safepoint "RevokeBias", Time since last: 2503203999 ns, Reaching safepoint: 104730 ns, At safepoint: 22926 ns, Total: 127656 ns
[2020-02-21T02:15:42.446+0000][1][safepoint    ] Safepoint "RevokeBias", Time since last: 2509771614 ns, Reaching safepoint: 112270 ns, At safepoint: 23614 ns, Total: 135884 ns
[2020-02-21T02:15:44.956+0000][1][safepoint    ] Safepoint "RevokeBias", Time since last: 2509547798 ns, Reaching safepoint: 85114 ns, At safepoint: 20614 ns, Total: 105728 ns
[2020-02-21T02:15:47.460+0000][1][safepoint    ] Safepoint "RevokeBias", Time since last: 2504065387 ns, Reaching safepoint: 88159 ns, At safepoint: 19504 ns, Total: 107663 ns
[2020-02-21T02:15:49.966+0000][1][safepoint    ] Safepoint "RevokeBias", Time since last: 2505897640 ns, Reaching safepoint: 73581 ns, At safepoint: 17645 ns, Total: 91226 ns
[2020-02-21T02:15:52.471+0000][1][safepoint    ] Safepoint "RevokeBias", Time since last: 2504634000 ns, Reaching safepoint: 87574 ns, At safepoint: 20118 ns, Total: 107692 ns
[2020-02-21T02:15:54.981+0000][1][safepoint    ] Safepoint "RevokeBias", Time since last: 2509849912 ns, Reaching safepoint: 72630 ns, At safepoint: 16340 ns, Total: 88970 ns
[2020-02-21T02:15:57.490+0000][1][safepoint    ] Safepoint "RevokeBias", Time since last: 2508127448 ns, Reaching safepoint: 1278657 ns, At safepoint: 21838 ns, Total: 1300495 ns
[2020-02-21T02:15:58.491+0000][1][safepoint    ] Safepoint "Cleanup", Time since last: 1001115993 ns, Reaching safepoint: 113598 ns, At safepoint: 9315 ns, Total: 122913 ns
[2020-02-21T02:15:59.993+0000][1][safepoint    ] Safepoint "RevokeBias", Time since last: 1501652648 ns, Reaching safepoint: 144229 ns, At safepoint: 24220 ns, Total: 168449 ns
[2020-02-21T02:16:00.994+0000][1][safepoint    ] Safepoint "Cleanup", Time since last: 1000500520 ns, Reaching safepoint: 99038 ns, At safepoint: 13951 ns, Total: 112989 ns
[2020-02-21T02:16:02.500+0000][1][safepoint    ] Safepoint "RevokeBias", Time since last: 1506093119 ns, Reaching safepoint: 75495 ns, At safepoint: 16124 ns, Total: 91619 ns
[2020-02-21T02:16:03.510+0000][1][safepoint    ] Safepoint "Cleanup", Time since last: 1009762548 ns, Reaching safepoint: 96340 ns, At safepoint: 9238 ns, Total: 105578 ns
[2020-02-21T02:16:05.009+0000][1][safepoint    ] Safepoint "RevokeBias", Time since last: 1499246011 ns, Reaching safepoint: 88875 ns, At safepoint: 20316 ns, Total: 109191 ns
[2020-02-21T02:16:07.514+0000][1][safepoint    ] Safepoint "RevokeBias", Time since last: 2504724894 ns, Reaching safepoint: 86429 ns, At safepoint: 21004 ns, Total: 107433 ns
[2020-02-21T02:16:10.017+0000][1][safepoint    ] Safepoint "RevokeBias", Time since last: 2502807900 ns, Reaching safepoint: 105196 ns, At safepoint: 24635 ns, Total: 129831 ns
[2020-02-21T02:16:12.530+0000][1][safepoint    ] Safepoint "RevokeBias", Time since last: 2513308163 ns, Reaching safepoint: 53152 ns, At safepoint: 14958 ns, Total: 68110 ns
[2020-02-21T02:16:15.039+0000][1][safepoint    ] Safepoint "RevokeBias", Time since last: 2508829170 ns, Reaching safepoint: 87234 ns, At safepoint: 20348 ns, Total: 107582 ns
[2020-02-21T02:16:17.542+0000][1][safepoint    ] Safepoint "RevokeBias", Time since last: 2503086449 ns, Reaching safepoint: 92894 ns, At safepoint: 22221 ns, Total: 115115 ns
[2020-02-21T02:16:20.048+0000][1][safepoint    ] Safepoint "RevokeBias", Time since last: 2505920106 ns, Reaching safepoint: 80392 ns, At safepoint: 18308 ns, Total: 98700 ns
[2020-02-21T02:16:22.554+0000][1][safepoint    ] Safepoint "RevokeBias", Time since last: 2505936674 ns, Reaching safepoint: 87438 ns, At safepoint: 20524 ns, Total: 107962 ns
[2020-02-21T02:16:25.059+0000][1][safepoint    ] Safepoint "RevokeBias", Time since last: 2504489763 ns, Reaching safepoint: 131722 ns, At safepoint: 25130 ns, Total: 156852 ns
[2020-02-21T02:16:27.563+0000][1][safepoint    ] Safepoint "BulkRevokeBias", Time since last: 2503759825 ns, Reaching safepoint: 87940 ns, At safepoint: 301828 ns, Total: 389768 ns
[2020-02-21T02:16:30.079+0000][1][safepoint    ] Safepoint "RevokeBias", Time since last: 2515551690 ns, Reaching safepoint: 79884 ns, At safepoint: 18778 ns, Total: 98662 ns
[2020-02-21T02:16:32.585+0000][1][safepoint    ] Safepoint "RevokeBias", Time since last: 2505582003 ns, Reaching safepoint: 89626 ns, At safepoint: 20811 ns, Total: 110437 ns
[2020-02-21T02:16:35.090+0000][1][safepoint    ] Safepoint "RevokeBias", Time since last: 2505755758 ns, Reaching safepoint: 74978 ns, At safepoint: 17035 ns, Total: 92013 ns
[2020-02-21T02:16:37.594+0000][1][safepoint    ] Safepoint "RevokeBias", Time since last: 2503508807 ns, Reaching safepoint: 88542 ns, At safepoint: 20545 ns, Total: 109087 ns
[2020-02-21T02:16:40.097+0000][1][safepoint    ] Safepoint "RevokeBias", Time since last: 2503023642 ns, Reaching safepoint: 77805 ns, At safepoint: 18192 ns, Total: 95997 ns
[2020-02-21T02:16:42.602+0000][1][safepoint    ] Safepoint "RevokeBias", Time since last: 2504951278 ns, Reaching safepoint: 79117 ns, At safepoint: 18256 ns, Total: 97373 ns
[2020-02-21T02:16:45.108+0000][1][safepoint    ] Safepoint "RevokeBias", Time since last: 2505975744 ns, Reaching safepoint: 103335 ns, At safepoint: 24717 ns, Total: 128052 ns
[2020-02-21T02:16:47.619+0000][1][safepoint    ] Safepoint "RevokeBias", Time since last: 2510865714 ns, Reaching safepoint: 54746 ns, At safepoint: 14333 ns, Total: 69079 ns
[2020-02-21T02:16:50.135+0000][1][safepoint    ] Safepoint "RevokeBias", Time since last: 2515696258 ns, Reaching safepoint: 116231 ns, At safepoint: 22808 ns, Total: 139039 ns
[2020-02-21T02:16:52.641+0000][1][safepoint    ] Safepoint "RevokeBias", Time since last: 2505332790 ns, Reaching safepoint: 75281 ns, At safepoint: 18118 ns, Total: 93399 ns
[2020-02-21T02:16:55.145+0000][1][safepoint    ] Safepoint "RevokeBias", Time since last: 2503901217 ns, Reaching safepoint: 85759 ns, At safepoint: 20315 ns, Total: 106074 ns
[2020-02-21T02:16:57.648+0000][1][safepoint    ] Safepoint "RevokeBias", Time since last: 2503750760 ns, Reaching safepoint: 126204 ns, At safepoint: 22155 ns, Total: 148359 ns
[2020-02-21T02:17:00.152+0000][1][safepoint    ] Safepoint "RevokeBias", Time since last: 2503818639 ns, Reaching safepoint: 86466 ns, At safepoint: 20305 ns, Total: 106771 ns
[2020-02-21T02:17:02.154+0000][1][safepoint    ] Safepoint "Cleanup", Time since last: 2001459252 ns, Reaching safepoint: 81968 ns, At safepoint: 7854 ns, Total: 89822 ns
[2020-02-21T02:17:02.656+0000][1][safepoint    ] Safepoint "RevokeBias", Time since last: 501607563 ns, Reaching safepoint: 89950 ns, At safepoint: 20774 ns, Total: 110724 ns
[2020-02-21T02:17:05.168+0000][1][safepoint    ] Safepoint "RevokeBias", Time since last: 2512474148 ns, Reaching safepoint: 57279 ns, At safepoint: 16471 ns, Total: 73750 ns
[2020-02-21T02:17:07.682+0000][1][safepoint    ] Safepoint "RevokeBias", Time since last: 2513999755 ns, Reaching safepoint: 59785 ns, At safepoint: 17567 ns, Total: 77352 ns
[2020-02-21T02:17:10.185+0000][1][safepoint    ] Safepoint "RevokeBias", Time since last: 2502907290 ns, Reaching safepoint: 86822 ns, At safepoint: 20923 ns, Total: 107745 ns
[2020-02-21T02:17:12.690+0000][1][safepoint    ] Safepoint "RevokeBias", Time since last: 2504488845 ns, Reaching safepoint: 124918 ns, At safepoint: 21451 ns, Total: 146369 ns
[2020-02-21T02:17:15.194+0000][1][safepoint    ] Safepoint "RevokeBias", Time since last: 2503941560 ns, Reaching safepoint: 97536 ns, At safepoint: 21945 ns, Total: 119481 ns
[2020-02-21T02:17:17.697+0000][1][safepoint    ] Safepoint "RevokeBias", Time since last: 2503419268 ns, Reaching safepoint: 84261 ns, At safepoint: 20227 ns, Total: 104488 ns
[2020-02-21T02:17:20.205+0000][1][safepoint    ] Safepoint "RevokeBias", Time since last: 2506962604 ns, Reaching safepoint: 87840 ns, At safepoint: 20493 ns, Total: 108333 ns
[2020-02-21T02:17:22.724+0000][1][safepoint    ] Safepoint "RevokeBias", Time since last: 2519240662 ns, Reaching safepoint: 73280 ns, At safepoint: 17274 ns, Total: 90554 ns
[2020-02-21T02:17:25.234+0000][1][safepoint    ] Safepoint "RevokeBias", Time since last: 2509685095 ns, Reaching safepoint: 76539 ns, At safepoint: 16920 ns, Total: 93459 ns
[2020-02-21T02:17:27.738+0000][1][safepoint    ] Safepoint "RevokeBias", Time since last: 2504654161 ns, Reaching safepoint: 88155 ns, At safepoint: 19831 ns, Total: 107986 ns
[2020-02-21T02:17:30.243+0000][1][safepoint    ] Safepoint "RevokeBias", Time since last: 2504110382 ns, Reaching safepoint: 85313 ns, At safepoint: 18719 ns, Total: 104032 ns
[2020-02-21T02:17:30.753+0000][1][gc,start     ] GC(52) Pause Young (Allocation Failure)
[2020-02-21T02:17:30.753+0000][1][gc,task      ] GC(52) Using 1 workers of 1 for evacuation
[2020-02-21T02:17:30.764+0000][1][gc,age       ] GC(52) Desired survivor size 4358144 bytes, new threshold 6 (max threshold 6)
[2020-02-21T02:17:30.764+0000][1][gc,age       ] GC(52) Age table with threshold 6 (max threshold 6)
[2020-02-21T02:17:30.764+0000][1][gc,age       ] GC(52) - age   1:      13016 bytes,      13016 total
[2020-02-21T02:17:30.764+0000][1][gc,age       ] GC(52) - age   2:        264 bytes,      13280 total
[2020-02-21T02:17:30.764+0000][1][gc,age       ] GC(52) - age   3:        352 bytes,      13632 total
[2020-02-21T02:17:30.764+0000][1][gc,age       ] GC(52) - age   4:        784 bytes,      14416 total
[2020-02-21T02:17:30.764+0000][1][gc,age       ] GC(52) - age   5:       4592 bytes,      19008 total
[2020-02-21T02:17:30.764+0000][1][gc,age       ] GC(52) - age   6:       4552 bytes,      23560 total
[2020-02-21T02:17:30.764+0000][1][gc,heap      ] GC(52) ParNew: 68190K->41K(76672K)
[2020-02-21T02:17:30.764+0000][1][gc,heap      ] GC(52) CMS: 62547K->62548K(963392K)
[2020-02-21T02:17:30.764+0000][1][gc,metaspace ] GC(52) Metaspace: 79521K->79521K(1122304K)
[2020-02-21T02:17:30.764+0000][1][gc           ] GC(52) Pause Young (Allocation Failure) 127M->61M(1015M) 11.756ms
[2020-02-21T02:17:30.764+0000][1][gc,cpu       ] GC(52) User=0.01s Sys=0.00s Real=0.01s
[2020-02-21T02:17:30.765+0000][1][safepoint    ] Safepoint "GenCollectForAllocation", Time since last: 509944312 ns, Reaching safepoint: 119191 ns, At safepoint: 11813311 ns, Total: 11932502 ns
[2020-02-21T02:17:32.746+0000][1][safepoint    ] Safepoint "RevokeBias", Time since last: 1981766690 ns, Reaching safepoint: 75208 ns, At safepoint: 17500 ns, Total: 92708 ns
[2020-02-21T02:17:35.253+0000][1][safepoint    ] Safepoint "RevokeBias", Time since last: 2506036007 ns, Reaching safepoint: 81170 ns, At safepoint: 18495 ns, Total: 99665 ns
[2020-02-21T02:17:37.758+0000][1][safepoint    ] Safepoint "RevokeBias", Time since last: 2505572017 ns, Reaching safepoint: 86016 ns, At safepoint: 20525 ns, Total: 106541 ns
[2020-02-21T02:17:40.276+0000][1][safepoint    ] Safepoint "BulkRevokeBias", Time since last: 2517565180 ns, Reaching safepoint: 73680 ns, At safepoint: 211983 ns, Total: 285663 ns
[2020-02-21T02:17:42.787+0000][1][safepoint    ] Safepoint "RevokeBias", Time since last: 2511041976 ns, Reaching safepoint: 89280 ns, At safepoint: 20922 ns, Total: 110202 ns
[2020-02-21T02:17:45.294+0000][1][safepoint    ] Safepoint "RevokeBias", Time since last: 2506405538 ns, Reaching safepoint: 138557 ns, At safepoint: 20979 ns, Total: 159536 ns
[2020-02-21T02:17:47.797+0000][1][safepoint    ] Safepoint "RevokeBias", Time since last: 2503459273 ns, Reaching safepoint: 76037 ns, At safepoint: 17608 ns, Total: 93645 ns
[2020-02-21T02:17:50.301+0000][1][safepoint    ] Safepoint "RevokeBias", Time since last: 2503938030 ns, Reaching safepoint: 87309 ns, At safepoint: 20274 ns, Total: 107583 ns
[2020-02-21T02:17:52.807+0000][1][safepoint    ] Safepoint "RevokeBias", Time since last: 2505615785 ns, Reaching safepoint: 87395 ns, At safepoint: 20206 ns, Total: 107601 ns
[2020-02-21T02:17:55.310+0000][1][safepoint    ] Safepoint "RevokeBias", Time since last: 2502482898 ns, Reaching safepoint: 105007 ns, At safepoint: 24739 ns, Total: 129746 ns
[2020-02-21T02:17:57.822+0000][1][safepoint    ] Safepoint "RevokeBias", Time since last: 2511876670 ns, Reaching safepoint: 73103 ns, At safepoint: 16850 ns, Total: 89953 ns
[2020-02-21T02:18:00.330+0000][1][safepoint    ] Safepoint "RevokeBias", Time since last: 2507918808 ns, Reaching safepoint: 76287 ns, At safepoint: 17003 ns, Total: 93290 ns
[2020-02-21T02:18:02.833+0000][1][safepoint    ] Safepoint "RevokeBias", Time since last: 2503075944 ns, Reaching safepoint: 122611 ns, At safepoint: 24122 ns, Total: 146733 ns
[2020-02-21T02:18:05.339+0000][1][safepoint    ] Safepoint "RevokeBias", Time since last: 2505747881 ns, Reaching safepoint: 105060 ns, At safepoint: 22988 ns, Total: 128048 ns
[2020-02-21T02:18:07.844+0000][1][safepoint    ] Safepoint "RevokeBias", Time since last: 2505028570 ns, Reaching safepoint: 77007 ns, At safepoint: 18012 ns, Total: 95019 ns
[2020-02-21T02:18:10.348+0000][1][safepoint    ] Safepoint "RevokeBias", Time since last: 2503843426 ns, Reaching safepoint: 77137 ns, At safepoint: 18582 ns, Total: 95719 ns
[2020-02-21T02:18:12.854+0000][1][safepoint    ] Safepoint "RevokeBias", Time since last: 2505601769 ns, Reaching safepoint: 89239 ns, At safepoint: 20486 ns, Total: 109725 ns
[2020-02-21T02:18:15.371+0000][1][safepoint    ] Safepoint "RevokeBias", Time since last: 2517583121 ns, Reaching safepoint: 219168 ns, At safepoint: 31723 ns, Total: 250891 ns
[2020-02-21T02:18:17.880+0000][1][safepoint    ] Safepoint "RevokeBias", Time since last: 2508018952 ns, Reaching safepoint: 88991 ns, At safepoint: 20218 ns, Total: 109209 ns
[2020-02-21T02:18:20.386+0000][1][safepoint    ] Safepoint "RevokeBias", Time since last: 2505906229 ns, Reaching safepoint: 86795 ns, At safepoint: 19898 ns, Total: 106693 ns
[2020-02-21T02:18:22.890+0000][1][safepoint    ] Safepoint "RevokeBias", Time since last: 2504032232 ns, Reaching safepoint: 86775 ns, At safepoint: 20269 ns, Total: 107044 ns
[2020-02-21T02:18:25.393+0000][1][safepoint    ] Safepoint "RevokeBias", Time since last: 2502897684 ns, Reaching safepoint: 87241 ns, At safepoint: 20422 ns, Total: 107663 ns
[2020-02-21T02:18:27.897+0000][1][safepoint    ] Safepoint "RevokeBias", Time since last: 2503895183 ns, Reaching safepoint: 86426 ns, At safepoint: 19903 ns, Total: 106329 ns
[2020-02-21T02:18:30.400+0000][1][safepoint    ] Safepoint "RevokeBias", Time since last: 2503152166 ns, Reaching safepoint: 87945 ns, At safepoint: 20418 ns, Total: 108363 ns
[2020-02-21T02:18:32.917+0000][1][safepoint    ] Safepoint "RevokeBias", Time since last: 2517080135 ns, Reaching safepoint: 53712 ns, At safepoint: 14412 ns, Total: 68124 ns
[2020-02-21T02:18:35.433+0000][1][safepoint    ] Safepoint "RevokeBias", Time since last: 2515908834 ns, Reaching safepoint: 102575 ns, At safepoint: 24856 ns, Total: 127431 ns
[2020-02-21T02:18:37.939+0000][1][safepoint    ] Safepoint "RevokeBias", Time since last: 2506210584 ns, Reaching safepoint: 86068 ns, At safepoint: 20251 ns, Total: 106319 ns
[2020-02-21T02:18:40.443+0000][1][safepoint    ] Safepoint "RevokeBias", Time since last: 2503716748 ns, Reaching safepoint: 83622 ns, At safepoint: 19969 ns, Total: 103591 ns
[2020-02-21T02:18:42.949+0000][1][safepoint    ] Safepoint "RevokeBias", Time since last: 2505957143 ns, Reaching safepoint: 86119 ns, At safepoint: 19995 ns, Total: 106114 ns
[2020-02-21T02:18:45.456+0000][1][safepoint    ] Safepoint "RevokeBias", Time since last: 2506091871 ns, Reaching safepoint: 87465 ns, At safepoint: 66420 ns, Total: 153885 ns
[2020-02-21T02:18:47.959+0000][1][safepoint    ] Safepoint "RevokeBias", Time since last: 2503049767 ns, Reaching safepoint: 88148 ns, At safepoint: 20498 ns, Total: 108646 ns
[2020-02-21T02:18:50.479+0000][1][safepoint    ] Safepoint "RevokeBias", Time since last: 2520296901 ns, Reaching safepoint: 75161 ns, At safepoint: 17128 ns, Total: 92289 ns
[2020-02-21T02:18:52.993+0000][1][safepoint    ] Safepoint "BulkRevokeBias", Time since last: 2513157663 ns, Reaching safepoint: 89557 ns, At safepoint: 212706 ns, Total: 302263 ns
[2020-02-21T02:18:55.497+0000][1][safepoint    ] Safepoint "RevokeBias", Time since last: 2504003967 ns, Reaching safepoint: 89167 ns, At safepoint: 20687 ns, Total: 109854 ns
[2020-02-21T02:18:58.002+0000][1][safepoint    ] Safepoint "RevokeBias", Time since last: 2504863604 ns, Reaching safepoint: 86392 ns, At safepoint: 20066 ns, Total: 106458 ns
[2020-02-21T02:19:00.505+0000][1][safepoint    ] Safepoint "RevokeBias", Time since last: 2503007620 ns, Reaching safepoint: 89099 ns, At safepoint: 20078 ns, Total: 109177 ns
[2020-02-21T02:19:03.007+0000][1][safepoint    ] Safepoint "RevokeBias", Time since last: 2502489787 ns, Reaching safepoint: 84961 ns, At safepoint: 20256 ns, Total: 105217 ns
[2020-02-21T02:19:05.510+0000][1][safepoint    ] Safepoint "RevokeBias", Time since last: 2502793893 ns, Reaching safepoint: 104793 ns, At safepoint: 23772 ns, Total: 128565 ns
[2020-02-21T02:19:08.022+0000][1][safepoint    ] Safepoint "RevokeBias", Time since last: 2511187496 ns, Reaching safepoint: 72722 ns, At safepoint: 16980 ns, Total: 89702 ns
[2020-02-21T02:19:10.532+0000][1][safepoint    ] Safepoint "RevokeBias", Time since last: 2510780625 ns, Reaching safepoint: 88125 ns, At safepoint: 20104 ns, Total: 108229 ns
[2020-02-21T02:19:13.039+0000][1][safepoint    ] Safepoint "RevokeBias", Time since last: 2506323643 ns, Reaching safepoint: 88140 ns, At safepoint: 20270 ns, Total: 108410 ns
[2020-02-21T02:19:15.551+0000][1][safepoint    ] Safepoint "RevokeBias", Time since last: 2511591610 ns, Reaching safepoint: 73089 ns, At safepoint: 15752 ns, Total: 88841 ns
[2020-02-21T02:19:18.060+0000][1][safepoint    ] Safepoint "RevokeBias", Time since last: 2509855530 ns, Reaching safepoint: 58580 ns, At safepoint: 16897 ns, Total: 75477 ns
[2020-02-21T02:19:20.565+0000][1][safepoint    ] Safepoint "RevokeBias", Time since last: 2504234510 ns, Reaching safepoint: 77293 ns, At safepoint: 18250 ns, Total: 95543 ns
[2020-02-21T02:19:23.071+0000][1][safepoint    ] Safepoint "RevokeBias", Time since last: 2506388090 ns, Reaching safepoint: 87113 ns, At safepoint: 20173 ns, Total: 107286 ns
[2020-02-21T02:19:25.581+0000][1][safepoint    ] Safepoint "RevokeBias", Time since last: 2509470126 ns, Reaching safepoint: 54242 ns, At safepoint: 14899 ns, Total: 69141 ns
[2020-02-21T02:19:28.095+0000][1][safepoint    ] Safepoint "RevokeBias", Time since last: 2514515724 ns, Reaching safepoint: 84933 ns, At safepoint: 19668 ns, Total: 104601 ns
[2020-02-21T02:19:30.097+0000][1][safepoint    ] Safepoint "Cleanup", Time since last: 2000971087 ns, Reaching safepoint: 143036 ns, At safepoint: 13374 ns, Total: 156410 ns
[2020-02-21T02:19:30.599+0000][1][safepoint    ] Safepoint "RevokeBias", Time since last: 502409443 ns, Reaching safepoint: 88198 ns, At safepoint: 20244 ns, Total: 108442 ns
[2020-02-21T02:19:32.607+0000][1][safepoint    ] Safepoint "Cleanup", Time since last: 2008077311 ns, Reaching safepoint: 102622 ns, At safepoint: 7910 ns, Total: 110532 ns
[2020-02-21T02:19:33.106+0000][1][safepoint    ] Safepoint "RevokeBias", Time since last: 498813886 ns, Reaching safepoint: 76294 ns, At safepoint: 17970 ns, Total: 94264 ns
[2020-02-21T02:19:35.612+0000][1][safepoint    ] Safepoint "RevokeBias", Time since last: 2505768252 ns, Reaching safepoint: 106544 ns, At safepoint: 23558 ns, Total: 130102 ns
[2020-02-21T02:19:38.117+0000][1][safepoint    ] Safepoint "RevokeBias", Time since last: 2504462416 ns, Reaching safepoint: 89163 ns, At safepoint: 20507 ns, Total: 109670 ns
[2020-02-21T02:19:40.119+0000][1][safepoint    ] Safepoint "Cleanup", Time since last: 2001719064 ns, Reaching safepoint: 92106 ns, At safepoint: 10769 ns, Total: 102875 ns
[2020-02-21T02:19:40.622+0000][1][safepoint    ] Safepoint "RevokeBias", Time since last: 503109682 ns, Reaching safepoint: 72789 ns, At safepoint: 16194 ns, Total: 88983 ns
[2020-02-21T02:19:43.137+0000][1][safepoint    ] Safepoint "RevokeBias", Time since last: 2514771704 ns, Reaching safepoint: 71414 ns, At safepoint: 16029 ns, Total: 87443 ns
[2020-02-21T02:19:45.649+0000][1][safepoint    ] Safepoint "RevokeBias", Time since last: 2512746319 ns, Reaching safepoint: 85820 ns, At safepoint: 20270 ns, Total: 106090 ns
[2020-02-21T02:19:48.156+0000][1][safepoint    ] Safepoint "RevokeBias", Time since last: 2506283715 ns, Reaching safepoint: 75562 ns, At safepoint: 18608 ns, Total: 94170 ns
[2020-02-21T02:19:50.666+0000][1][safepoint    ] Safepoint "RevokeBias", Time since last: 2510049303 ns, Reaching safepoint: 87179 ns, At safepoint: 19538 ns, Total: 106717 ns
[2020-02-21T02:19:50.854+0000][1][gc,start     ] GC(53) Pause Young (Allocation Failure)
[2020-02-21T02:19:50.854+0000][1][gc,task      ] GC(53) Using 1 workers of 1 for evacuation
[2020-02-21T02:19:50.864+0000][1][gc,age       ] GC(53) Desired survivor size 4358144 bytes, new threshold 6 (max threshold 6)
[2020-02-21T02:19:50.864+0000][1][gc,age       ] GC(53) Age table with threshold 6 (max threshold 6)
[2020-02-21T02:19:50.864+0000][1][gc,age       ] GC(53) - age   1:      13936 bytes,      13936 total
[2020-02-21T02:19:50.864+0000][1][gc,age       ] GC(53) - age   2:        376 bytes,      14312 total
[2020-02-21T02:19:50.864+0000][1][gc,age       ] GC(53) - age   3:        264 bytes,      14576 total
[2020-02-21T02:19:50.864+0000][1][gc,age       ] GC(53) - age   4:        352 bytes,      14928 total
[2020-02-21T02:19:50.864+0000][1][gc,age       ] GC(53) - age   5:        784 bytes,      15712 total
[2020-02-21T02:19:50.864+0000][1][gc,age       ] GC(53) - age   6:       4592 bytes,      20304 total
[2020-02-21T02:19:50.864+0000][1][gc,heap      ] GC(53) ParNew: 68201K->27K(76672K)
[2020-02-21T02:19:50.864+0000][1][gc,heap      ] GC(53) CMS: 62548K->62552K(963392K)
[2020-02-21T02:19:50.864+0000][1][gc,metaspace ] GC(53) Metaspace: 79546K->79546K(1122304K)
[2020-02-21T02:19:50.864+0000][1][gc           ] GC(53) Pause Young (Allocation Failure) 127M->61M(1015M) 9.565ms
[2020-02-21T02:19:50.864+0000][1][gc,cpu       ] GC(53) User=0.01s Sys=0.00s Real=0.01s
[2020-02-21T02:19:50.864+0000][1][safepoint    ] Safepoint "GenCollectForAllocation", Time since last: 188241828 ns, Reaching safepoint: 74713 ns, At safepoint: 9615643 ns, Total: 9690356 ns
[2020-02-21T02:19:53.172+0000][1][safepoint    ] Safepoint "RevokeBias", Time since last: 2308055399 ns, Reaching safepoint: 130430 ns, At safepoint: 19093 ns, Total: 149523 ns
[2020-02-21T02:19:55.675+0000][1][safepoint    ] Safepoint "RevokeBias", Time since last: 2502505591 ns, Reaching safepoint: 106790 ns, At safepoint: 23757 ns, Total: 130547 ns
[2020-02-21T02:19:58.181+0000][1][safepoint    ] Safepoint "RevokeBias", Time since last: 2505983357 ns, Reaching safepoint: 88467 ns, At safepoint: 20602 ns, Total: 109069 ns
[2020-02-21T02:20:00.698+0000][1][safepoint    ] Safepoint "RevokeBias", Time since last: 2516870522 ns, Reaching safepoint: 74106 ns, At safepoint: 17254 ns, Total: 91360 ns
[2020-02-21T02:20:02.698+0000][1][safepoint    ] Safepoint "Cleanup", Time since last: 2000437227 ns, Reaching safepoint: 93005 ns, At safepoint: 11000 ns, Total: 104005 ns
[2020-02-21T02:20:03.207+0000][1][safepoint    ] Safepoint "RevokeBias", Time since last: 508101540 ns, Reaching safepoint: 88470 ns, At safepoint: 20672 ns, Total: 109142 ns
[2020-02-21T02:20:05.712+0000][1][safepoint    ] Safepoint "BulkRevokeBias", Time since last: 2504678762 ns, Reaching safepoint: 86573 ns, At safepoint: 323052 ns, Total: 409625 ns
[2020-02-21T02:20:08.218+0000][1][safepoint    ] Safepoint "RevokeBias", Time since last: 2506644333 ns, Reaching safepoint: 85745 ns, At safepoint: 102604 ns, Total: 188349 ns
[2020-02-21T02:20:10.723+0000][1][safepoint    ] Safepoint "RevokeBias", Time since last: 2504060715 ns, Reaching safepoint: 78799 ns, At safepoint: 17602 ns, Total: 96401 ns
[2020-02-21T02:20:13.226+0000][1][safepoint    ] Safepoint "RevokeBias", Time since last: 2503402657 ns, Reaching safepoint: 106245 ns, At safepoint: 23572 ns, Total: 129817 ns
[2020-02-21T02:20:15.733+0000][1][safepoint    ] Safepoint "RevokeBias", Time since last: 2506408069 ns, Reaching safepoint: 84085 ns, At safepoint: 18246 ns, Total: 102331 ns
[2020-02-21T02:20:18.244+0000][1][safepoint    ] Safepoint "RevokeBias", Time since last: 2510851381 ns, Reaching safepoint: 71874 ns, At safepoint: 16809 ns, Total: 88683 ns
[2020-02-21T02:20:20.760+0000][1][safepoint    ] Safepoint "RevokeBias", Time since last: 2516605181 ns, Reaching safepoint: 74870 ns, At safepoint: 17682 ns, Total: 92552 ns
[2020-02-21T02:20:23.266+0000][1][safepoint    ] Safepoint "RevokeBias", Time since last: 2505577368 ns, Reaching safepoint: 86029 ns, At safepoint: 20538 ns, Total: 106567 ns
[2020-02-21T02:20:25.768+0000][1][safepoint    ] Safepoint "RevokeBias", Time since last: 2501681091 ns, Reaching safepoint: 110336 ns, At safepoint: 20495 ns, Total: 130831 ns
[2020-02-21T02:20:28.274+0000][1][safepoint    ] Safepoint "RevokeBias", Time since last: 2505784866 ns, Reaching safepoint: 73576 ns, At safepoint: 23458 ns, Total: 97034 ns
[2020-02-21T02:20:30.778+0000][1][safepoint    ] Safepoint "RevokeBias", Time since last: 2504413305 ns, Reaching safepoint: 73738 ns, At safepoint: 17553 ns, Total: 91291 ns
[2020-02-21T02:20:33.282+0000][1][safepoint    ] Safepoint "RevokeBias", Time since last: 2503298034 ns, Reaching safepoint: 74491 ns, At safepoint: 18005 ns, Total: 92496 ns
[2020-02-21T02:20:35.797+0000][1][safepoint    ] Safepoint "RevokeBias", Time since last: 2515791305 ns, Reaching safepoint: 76477 ns, At safepoint: 18425 ns, Total: 94902 ns
[2020-02-21T02:20:38.313+0000][1][safepoint    ] Safepoint "RevokeBias", Time since last: 2515907711 ns, Reaching safepoint: 80682 ns, At safepoint: 18639 ns, Total: 99321 ns
[2020-02-21T02:20:40.817+0000][1][safepoint    ] Safepoint "RevokeBias", Time since last: 2503022055 ns, Reaching safepoint: 86660 ns, At safepoint: 17420 ns, Total: 104080 ns
[2020-02-21T02:20:43.319+0000][1][safepoint    ] Safepoint "RevokeBias", Time since last: 2502511982 ns, Reaching safepoint: 85154 ns, At safepoint: 19982 ns, Total: 105136 ns
[2020-02-21T02:20:45.827+0000][1][safepoint    ] Safepoint "RevokeBias", Time since last: 2507753146 ns, Reaching safepoint: 74844 ns, At safepoint: 17473 ns, Total: 92317 ns
[2020-02-21T02:20:48.330+0000][1][safepoint    ] Safepoint "RevokeBias", Time since last: 2503150915 ns, Reaching safepoint: 88609 ns, At safepoint: 20439 ns, Total: 109048 ns
[2020-02-21T02:20:50.836+0000][1][safepoint    ] Safepoint "RevokeBias", Time since last: 2506050958 ns, Reaching safepoint: 71852 ns, At safepoint: 16624 ns, Total: 88476 ns
[2020-02-21T02:20:53.357+0000][1][safepoint    ] Safepoint "RevokeBias", Time since last: 2519996666 ns, Reaching safepoint: 55355 ns, At safepoint: 14718 ns, Total: 70073 ns
[2020-02-21T02:20:55.871+0000][1][safepoint    ] Safepoint "RevokeBias", Time since last: 2514323349 ns, Reaching safepoint: 107246 ns, At safepoint: 25163 ns, Total: 132409 ns
[2020-02-21T02:20:58.378+0000][1][safepoint    ] Safepoint "RevokeBias", Time since last: 2506439524 ns, Reaching safepoint: 86465 ns, At safepoint: 19955 ns, Total: 106420 ns
[2020-02-21T02:21:00.881+0000][1][safepoint    ] Safepoint "RevokeBias", Time since last: 2503724399 ns, Reaching safepoint: 88773 ns, At safepoint: 21478 ns, Total: 110251 ns
[2020-02-21T02:21:03.384+0000][1][safepoint    ] Safepoint "RevokeBias", Time since last: 2502503282 ns, Reaching safepoint: 87629 ns, At safepoint: 19976 ns, Total: 107605 ns
[2020-02-21T02:21:05.888+0000][1][safepoint    ] Safepoint "RevokeBias", Time since last: 2503937829 ns, Reaching safepoint: 107328 ns, At safepoint: 24993 ns, Total: 132321 ns
[2020-02-21T02:21:08.395+0000][1][safepoint    ] Safepoint "RevokeBias", Time since last: 2507293160 ns, Reaching safepoint: 84790 ns, At safepoint: 20481 ns, Total: 105271 ns
[2020-02-21T02:21:10.914+0000][1][safepoint    ] Safepoint "RevokeBias", Time since last: 2518411753 ns, Reaching safepoint: 54177 ns, At safepoint: 14786 ns, Total: 68963 ns
[2020-02-21T02:21:13.427+0000][1][safepoint    ] Safepoint "RevokeBias", Time since last: 2513115016 ns, Reaching safepoint: 88849 ns, At safepoint: 20604 ns, Total: 109453 ns
[2020-02-21T02:21:15.934+0000][1][safepoint    ] Safepoint "RevokeBias", Time since last: 2506618811 ns, Reaching safepoint: 84522 ns, At safepoint: 19852 ns, Total: 104374 ns
[2020-02-21T02:21:18.438+0000][1][safepoint    ] Safepoint "BulkRevokeBias", Time since last: 2504320721 ns, Reaching safepoint: 89685 ns, At safepoint: 214700 ns, Total: 304385 ns
[2020-02-21T02:21:20.944+0000][1][safepoint    ] Safepoint "RevokeBias", Time since last: 2504923391 ns, Reaching safepoint: 87648 ns, At safepoint: 20323 ns, Total: 107971 ns
[2020-02-21T02:21:23.451+0000][1][safepoint    ] Safepoint "RevokeBias", Time since last: 2507552050 ns, Reaching safepoint: 71839 ns, At safepoint: 16536 ns, Total: 88375 ns
[2020-02-21T02:21:25.955+0000][1][safepoint    ] Safepoint "RevokeBias", Time since last: 2503365954 ns, Reaching safepoint: 125823 ns, At safepoint: 22908 ns, Total: 148731 ns
[2020-02-21T02:21:28.472+0000][1][safepoint    ] Safepoint "RevokeBias", Time since last: 2517514944 ns, Reaching safepoint: 70100 ns, At safepoint: 16660 ns, Total: 86760 ns
[2020-02-21T02:21:30.980+0000][1][safepoint    ] Safepoint "RevokeBias", Time since last: 2507677685 ns, Reaching safepoint: 75830 ns, At safepoint: 18426 ns, Total: 94256 ns
[2020-02-21T02:21:33.483+0000][1][safepoint    ] Safepoint "RevokeBias", Time since last: 2502892954 ns, Reaching safepoint: 104124 ns, At safepoint: 26622 ns, Total: 130746 ns
[2020-02-21T02:21:35.986+0000][1][safepoint    ] Safepoint "RevokeBias", Time since last: 2503162634 ns, Reaching safepoint: 89933 ns, At safepoint: 20518 ns, Total: 110451 ns
[2020-02-21T02:21:38.492+0000][1][safepoint    ] Safepoint "RevokeBias", Time since last: 2505778138 ns, Reaching safepoint: 86562 ns, At safepoint: 20881 ns, Total: 107443 ns
[2020-02-21T02:21:40.996+0000][1][safepoint    ] Safepoint "RevokeBias", Time since last: 2503759381 ns, Reaching safepoint: 86536 ns, At safepoint: 20464 ns, Total: 107000 ns
[2020-02-21T02:21:43.501+0000][1][safepoint    ] Safepoint "RevokeBias", Time since last: 2505073819 ns, Reaching safepoint: 85178 ns, At safepoint: 20286 ns, Total: 105464 ns
[2020-02-21T02:21:46.023+0000][1][safepoint    ] Safepoint "RevokeBias", Time since last: 2521957406 ns, Reaching safepoint: 74050 ns, At safepoint: 18000 ns, Total: 92050 ns
[2020-02-21T02:21:48.537+0000][1][safepoint    ] Safepoint "RevokeBias", Time since last: 2513095504 ns, Reaching safepoint: 87888 ns, At safepoint: 49865 ns, Total: 137753 ns
[2020-02-21T02:21:51.042+0000][1][safepoint    ] Safepoint "RevokeBias", Time since last: 2505762161 ns, Reaching safepoint: 85346 ns, At safepoint: 21208 ns, Total: 106554 ns
[2020-02-21T02:21:53.548+0000][1][safepoint    ] Safepoint "RevokeBias", Time since last: 2505584299 ns, Reaching safepoint: 86400 ns, At safepoint: 20701 ns, Total: 107101 ns
[2020-02-21T02:21:56.051+0000][1][safepoint    ] Safepoint "RevokeBias", Time since last: 2503074185 ns, Reaching safepoint: 87137 ns, At safepoint: 20522 ns, Total: 107659 ns
[2020-02-21T02:21:58.558+0000][1][safepoint    ] Safepoint "RevokeBias", Time since last: 2506726763 ns, Reaching safepoint: 75657 ns, At safepoint: 16674 ns, Total: 92331 ns
[2020-02-21T02:21:59.559+0000][1][safepoint    ] Safepoint "Cleanup", Time since last: 1000283033 ns, Reaching safepoint: 129638 ns, At safepoint: 7609 ns, Total: 137247 ns
[2020-02-21T02:22:01.061+0000][1][safepoint    ] Safepoint "RevokeBias", Time since last: 1502000234 ns, Reaching safepoint: 93277 ns, At safepoint: 47711 ns, Total: 140988 ns
[2020-02-21T02:22:03.570+0000][1][safepoint    ] Safepoint "RevokeBias", Time since last: 2509297059 ns, Reaching safepoint: 71975 ns, At safepoint: 16421 ns, Total: 88396 ns
[2020-02-21T02:22:06.083+0000][1][safepoint    ] Safepoint "RevokeBias", Time since last: 2512659385 ns, Reaching safepoint: 104305 ns, At safepoint: 24032 ns, Total: 128337 ns
[2020-02-21T02:22:08.590+0000][1][safepoint    ] Safepoint "RevokeBias", Time since last: 2506831885 ns, Reaching safepoint: 58963 ns, At safepoint: 17953 ns, Total: 76916 ns
[2020-02-21T02:22:09.592+0000][1][safepoint    ] Safepoint "Cleanup", Time since last: 1002133783 ns, Reaching safepoint: 62286 ns, At safepoint: 6392 ns, Total: 68678 ns
[2020-02-21T02:22:10.963+0000][1][gc,start     ] GC(54) Pause Young (Allocation Failure)
[2020-02-21T02:22:10.963+0000][1][gc,task      ] GC(54) Using 1 workers of 1 for evacuation
[2020-02-21T02:22:10.975+0000][1][gc,age       ] GC(54) Desired survivor size 4358144 bytes, new threshold 6 (max threshold 6)
[2020-02-21T02:22:10.975+0000][1][gc,age       ] GC(54) Age table with threshold 6 (max threshold 6)
[2020-02-21T02:22:10.975+0000][1][gc,age       ] GC(54) - age   1:      13032 bytes,      13032 total
[2020-02-21T02:22:10.975+0000][1][gc,age       ] GC(54) - age   2:       1032 bytes,      14064 total
[2020-02-21T02:22:10.975+0000][1][gc,age       ] GC(54) - age   3:        136 bytes,      14200 total
[2020-02-21T02:22:10.975+0000][1][gc,age       ] GC(54) - age   4:        264 bytes,      14464 total
[2020-02-21T02:22:10.975+0000][1][gc,age       ] GC(54) - age   5:        352 bytes,      14816 total
[2020-02-21T02:22:10.975+0000][1][gc,age       ] GC(54) - age   6:        784 bytes,      15600 total
[2020-02-21T02:22:10.975+0000][1][gc,heap      ] GC(54) ParNew: 68187K->18K(76672K)
[2020-02-21T02:22:10.975+0000][1][gc,heap      ] GC(54) CMS: 62552K->62557K(963392K)
[2020-02-21T02:22:10.975+0000][1][gc,metaspace ] GC(54) Metaspace: 79553K->79553K(1122304K)
[2020-02-21T02:22:10.975+0000][1][gc           ] GC(54) Pause Young (Allocation Failure) 127M->61M(1015M) 12.035ms
[2020-02-21T02:22:10.975+0000][1][gc,cpu       ] GC(54) User=0.01s Sys=0.00s Real=0.01s
[2020-02-21T02:22:10.975+0000][1][safepoint    ] Safepoint "GenCollectForAllocation", Time since last: 1370987862 ns, Reaching safepoint: 150394 ns, At safepoint: 12097303 ns, Total: 12247697 ns
[2020-02-21T02:22:11.097+0000][1][safepoint    ] Safepoint "RevokeBias", Time since last: 121671820 ns, Reaching safepoint: 88089 ns, At safepoint: 67297 ns, Total: 155386 ns
[2020-02-21T02:22:13.603+0000][1][safepoint    ] Safepoint "RevokeBias", Time since last: 2505616474 ns, Reaching safepoint: 86187 ns, At safepoint: 19614 ns, Total: 105801 ns
[2020-02-21T02:22:16.109+0000][1][safepoint    ] Safepoint "RevokeBias", Time since last: 2506174396 ns, Reaching safepoint: 77425 ns, At safepoint: 18526 ns, Total: 95951 ns
[2020-02-21T02:22:18.613+0000][1][safepoint    ] Safepoint "RevokeBias", Time since last: 2503717378 ns, Reaching safepoint: 87703 ns, At safepoint: 19915 ns, Total: 107618 ns
[2020-02-21T02:22:21.132+0000][1][safepoint    ] Safepoint "RevokeBias", Time since last: 2519547930 ns, Reaching safepoint: 83650 ns, At safepoint: 16179 ns, Total: 99829 ns
[2020-02-21T02:22:23.644+0000][1][safepoint    ] Safepoint "RevokeBias", Time since last: 2510900553 ns, Reaching safepoint: 85780 ns, At safepoint: 20220 ns, Total: 106000 ns
[2020-02-21T02:22:26.147+0000][1][safepoint    ] Safepoint "RevokeBias", Time since last: 2503721311 ns, Reaching safepoint: 84544 ns, At safepoint: 20428 ns, Total: 104972 ns
[2020-02-21T02:22:28.652+0000][1][safepoint    ] Safepoint "RevokeBias", Time since last: 2504740878 ns, Reaching safepoint: 74199 ns, At safepoint: 17496 ns, Total: 91695 ns
[2020-02-21T02:22:31.155+0000][1][safepoint    ] Safepoint "BulkRevokeBias", Time since last: 2502834353 ns, Reaching safepoint: 74112 ns, At safepoint: 188633 ns, Total: 262745 ns
[2020-02-21T02:22:33.658+0000][1][safepoint    ] Safepoint "RevokeBias", Time since last: 2503013109 ns, Reaching safepoint: 85271 ns, At safepoint: 20719 ns, Total: 105990 ns
[2020-02-21T02:22:36.163+0000][1][safepoint    ] Safepoint "RevokeBias", Time since last: 2504804175 ns, Reaching safepoint: 106739 ns, At safepoint: 24123 ns, Total: 130862 ns
[2020-02-21T02:22:38.679+0000][1][safepoint    ] Safepoint "RevokeBias", Time since last: 2515550462 ns, Reaching safepoint: 71782 ns, At safepoint: 16900 ns, Total: 88682 ns
[2020-02-21T02:22:39.680+0000][1][safepoint    ] Safepoint "Cleanup", Time since last: 1001094758 ns, Reaching safepoint: 100227 ns, At safepoint: 10286 ns, Total: 110513 ns
[2020-02-21T02:22:40.681+0000][1][safepoint    ] Safepoint "Cleanup", Time since last: 1000708687 ns, Reaching safepoint: 92986 ns, At safepoint: 9925 ns, Total: 102911 ns
[2020-02-21T02:22:41.189+0000][1][safepoint    ] Safepoint "RevokeBias", Time since last: 507717054 ns, Reaching safepoint: 86098 ns, At safepoint: 20151 ns, Total: 106249 ns
[2020-02-21T02:22:43.693+0000][1][safepoint    ] Safepoint "RevokeBias", Time since last: 2503930310 ns, Reaching safepoint: 77118 ns, At safepoint: 17437 ns, Total: 94555 ns
[2020-02-21T02:22:44.695+0000][1][safepoint    ] Safepoint "Cleanup", Time since last: 1002214565 ns, Reaching safepoint: 79640 ns, At safepoint: 6483 ns, Total: 86123 ns
[2020-02-21T02:22:46.199+0000][1][safepoint    ] Safepoint "RevokeBias", Time since last: 1504088349 ns, Reaching safepoint: 85598 ns, At safepoint: 20023 ns, Total: 105621 ns
[2020-02-21T02:22:48.704+0000][1][safepoint    ] Safepoint "RevokeBias", Time since last: 2504404045 ns, Reaching safepoint: 72453 ns, At safepoint: 17311 ns, Total: 89764 ns
[2020-02-21T02:22:51.211+0000][1][safepoint    ] Safepoint "RevokeBias", Time since last: 2507085471 ns, Reaching safepoint: 85538 ns, At safepoint: 19535 ns, Total: 105073 ns
[2020-02-21T02:22:53.717+0000][1][safepoint    ] Safepoint "RevokeBias", Time since last: 2506359546 ns, Reaching safepoint: 83906 ns, At safepoint: 20270 ns, Total: 104176 ns
[2020-02-21T02:22:56.231+0000][1][safepoint    ] Safepoint "RevokeBias", Time since last: 2513671809 ns, Reaching safepoint: 74869 ns, At safepoint: 18088 ns, Total: 92957 ns
[2020-02-21T02:22:58.741+0000][1][safepoint    ] Safepoint "RevokeBias", Time since last: 2509907725 ns, Reaching safepoint: 87688 ns, At safepoint: 20475 ns, Total: 108163 ns
[2020-02-21T02:23:01.245+0000][1][safepoint    ] Safepoint "RevokeBias", Time since last: 2503219592 ns, Reaching safepoint: 86185 ns, At safepoint: 21403 ns, Total: 107588 ns
[2020-02-21T02:23:03.747+0000][1][safepoint    ] Safepoint "RevokeBias", Time since last: 2502418355 ns, Reaching safepoint: 77379 ns, At safepoint: 17881 ns, Total: 95260 ns
[2020-02-21T02:23:06.252+0000][1][safepoint    ] Safepoint "RevokeBias", Time since last: 2504314516 ns, Reaching safepoint: 104132 ns, At safepoint: 22655 ns, Total: 126787 ns
[2020-02-21T02:23:08.758+0000][1][safepoint    ] Safepoint "RevokeBias", Time since last: 2506030649 ns, Reaching safepoint: 85445 ns, At safepoint: 20565 ns, Total: 106010 ns
[2020-02-21T02:23:11.259+0000][1][safepoint    ] Safepoint "RevokeBias", Time since last: 2501151567 ns, Reaching safepoint: 74114 ns, At safepoint: 17312 ns, Total: 91426 ns
[2020-02-21T02:23:12.260+0000][1][safepoint    ] Safepoint "Cleanup", Time since last: 1000765698 ns, Reaching safepoint: 94014 ns, At safepoint: 8893 ns, Total: 102907 ns
[2020-02-21T02:23:13.776+0000][1][safepoint    ] Safepoint "RevokeBias", Time since last: 1516374201 ns, Reaching safepoint: 191547 ns, At safepoint: 19299 ns, Total: 210846 ns
[2020-02-21T02:23:16.289+0000][1][safepoint    ] Safepoint "RevokeBias", Time since last: 2512059420 ns, Reaching safepoint: 84089 ns, At safepoint: 19509 ns, Total: 103598 ns
[2020-02-21T02:23:18.793+0000][1][safepoint    ] Safepoint "RevokeBias", Time since last: 2504037999 ns, Reaching safepoint: 86332 ns, At safepoint: 19794 ns, Total: 106126 ns
[2020-02-21T02:23:21.297+0000][1][safepoint    ] Safepoint "RevokeBias", Time since last: 2503962771 ns, Reaching safepoint: 86626 ns, At safepoint: 20705 ns, Total: 107331 ns
[2020-02-21T02:23:23.803+0000][1][safepoint    ] Safepoint "RevokeBias", Time since last: 2505948910 ns, Reaching safepoint: 83361 ns, At safepoint: 19976 ns, Total: 103337 ns
[2020-02-21T02:23:26.307+0000][1][safepoint    ] Safepoint "RevokeBias", Time since last: 2503698600 ns, Reaching safepoint: 84254 ns, At safepoint: 19302 ns, Total: 103556 ns
[2020-02-21T02:23:28.811+0000][1][safepoint    ] Safepoint "RevokeBias", Time since last: 2504318996 ns, Reaching safepoint: 84568 ns, At safepoint: 20376 ns, Total: 104944 ns
[2020-02-21T02:23:31.327+0000][1][safepoint    ] Safepoint "RevokeBias", Time since last: 2515698747 ns, Reaching safepoint: 54059 ns, At safepoint: 15936 ns, Total: 69995 ns
[2020-02-21T02:23:33.835+0000][1][safepoint    ] Safepoint "RevokeBias", Time since last: 2508253967 ns, Reaching safepoint: 86016 ns, At safepoint: 20926 ns, Total: 106942 ns
[2020-02-21T02:23:36.340+0000][1][safepoint    ] Safepoint "RevokeBias", Time since last: 2504750617 ns, Reaching safepoint: 80395 ns, At safepoint: 16401 ns, Total: 96796 ns
[2020-02-21T02:23:38.846+0000][1][safepoint    ] Safepoint "RevokeBias", Time since last: 2506257433 ns, Reaching safepoint: 87381 ns, At safepoint: 20459 ns, Total: 107840 ns
[2020-02-21T02:23:39.848+0000][1][safepoint    ] Safepoint "Cleanup", Time since last: 1001116522 ns, Reaching safepoint: 93262 ns, At safepoint: 9465 ns, Total: 102727 ns
[2020-02-21T02:23:41.349+0000][1][safepoint    ] Safepoint "RevokeBias", Time since last: 1501480339 ns, Reaching safepoint: 85220 ns, At safepoint: 20121 ns, Total: 105341 ns
[2020-02-21T02:23:43.865+0000][1][safepoint    ] Safepoint "BulkRevokeBias", Time since last: 2515963894 ns, Reaching safepoint: 88080 ns, At safepoint: 215895 ns, Total: 303975 ns
[2020-02-21T02:23:46.384+0000][1][safepoint    ] Safepoint "RevokeBias", Time since last: 2518850431 ns, Reaching safepoint: 166782 ns, At safepoint: 31436 ns, Total: 198218 ns
[2020-02-21T02:23:48.895+0000][1][safepoint    ] Safepoint "RevokeBias", Time since last: 2510917126 ns, Reaching safepoint: 55734 ns, At safepoint: 15013 ns, Total: 70747 ns
[2020-02-21T02:23:51.402+0000][1][safepoint    ] Safepoint "RevokeBias", Time since last: 2506764736 ns, Reaching safepoint: 85696 ns, At safepoint: 19803 ns, Total: 105499 ns
[2020-02-21T02:23:53.909+0000][1][safepoint    ] Safepoint "RevokeBias", Time since last: 2506128480 ns, Reaching safepoint: 74794 ns, At safepoint: 16518 ns, Total: 91312 ns
[2020-02-21T02:23:56.411+0000][1][safepoint    ] Safepoint "RevokeBias", Time since last: 2502575931 ns, Reaching safepoint: 97161 ns, At safepoint: 21364 ns, Total: 118525 ns
[2020-02-21T02:23:58.918+0000][1][safepoint    ] Safepoint "RevokeBias", Time since last: 2506375868 ns, Reaching safepoint: 72254 ns, At safepoint: 16608 ns, Total: 88862 ns
[2020-02-21T02:24:00.926+0000][1][safepoint    ] Safepoint "Cleanup", Time since last: 2008158240 ns, Reaching safepoint: 99287 ns, At safepoint: 5841 ns, Total: 105128 ns
[2020-02-21T02:24:01.422+0000][1][safepoint    ] Safepoint "RevokeBias", Time since last: 495679726 ns, Reaching safepoint: 86972 ns, At safepoint: 20666 ns, Total: 107638 ns
[2020-02-21T02:24:03.926+0000][1][safepoint    ] Safepoint "RevokeBias", Time since last: 2503795015 ns, Reaching safepoint: 74229 ns, At safepoint: 17630 ns, Total: 91859 ns
[2020-02-21T02:24:06.435+0000][1][safepoint    ] Safepoint "RevokeBias", Time since last: 2509438105 ns, Reaching safepoint: 70404 ns, At safepoint: 16961 ns, Total: 87365 ns
[2020-02-21T02:24:08.945+0000][1][safepoint    ] Safepoint "RevokeBias", Time since last: 2509846838 ns, Reaching safepoint: 86685 ns, At safepoint: 20793 ns, Total: 107478 ns
[2020-02-21T02:24:11.449+0000][1][safepoint    ] Safepoint "RevokeBias", Time since last: 2503678624 ns, Reaching safepoint: 80125 ns, At safepoint: 18670 ns, Total: 98795 ns
[2020-02-21T02:24:13.953+0000][1][safepoint    ] Safepoint "RevokeBias", Time since last: 2503961956 ns, Reaching safepoint: 84971 ns, At safepoint: 20796 ns, Total: 105767 ns
[2020-02-21T02:24:16.458+0000][1][safepoint    ] Safepoint "RevokeBias", Time since last: 2504513949 ns, Reaching safepoint: 105046 ns, At safepoint: 24031 ns, Total: 129077 ns
[2020-02-21T02:24:18.960+0000][1][safepoint    ] Safepoint "RevokeBias", Time since last: 2502727464 ns, Reaching safepoint: 75473 ns, At safepoint: 17148 ns, Total: 92621 ns
[2020-02-21T02:24:21.463+0000][1][safepoint    ] Safepoint "RevokeBias", Time since last: 2502885801 ns, Reaching safepoint: 60991 ns, At safepoint: 17918 ns, Total: 78909 ns
[2020-02-21T02:24:23.974+0000][1][safepoint    ] Safepoint "RevokeBias", Time since last: 2510241012 ns, Reaching safepoint: 71782 ns, At safepoint: 17366 ns, Total: 89148 ns
[2020-02-21T02:24:26.487+0000][1][safepoint    ] Safepoint "RevokeBias", Time since last: 2513343914 ns, Reaching safepoint: 85098 ns, At safepoint: 18843 ns, Total: 103941 ns
[2020-02-21T02:24:28.994+0000][1][safepoint    ] Safepoint "RevokeBias", Time since last: 2506229614 ns, Reaching safepoint: 87967 ns, At safepoint: 19981 ns, Total: 107948 ns
[2020-02-21T02:24:31.075+0000][1][gc,start     ] GC(55) Pause Young (Allocation Failure)
[2020-02-21T02:24:31.076+0000][1][gc,task      ] GC(55) Using 1 workers of 1 for evacuation
[2020-02-21T02:24:31.088+0000][1][gc,age       ] GC(55) Desired survivor size 4358144 bytes, new threshold 6 (max threshold 6)
[2020-02-21T02:24:31.088+0000][1][gc,age       ] GC(55) Age table with threshold 6 (max threshold 6)
[2020-02-21T02:24:31.088+0000][1][gc,age       ] GC(55) - age   1:      25768 bytes,      25768 total
[2020-02-21T02:24:31.088+0000][1][gc,age       ] GC(55) - age   2:         56 bytes,      25824 total
[2020-02-21T02:24:31.088+0000][1][gc,age       ] GC(55) - age   3:       1032 bytes,      26856 total
[2020-02-21T02:24:31.088+0000][1][gc,age       ] GC(55) - age   4:        136 bytes,      26992 total
[2020-02-21T02:24:31.088+0000][1][gc,age       ] GC(55) - age   5:         32 bytes,      27024 total
[2020-02-21T02:24:31.088+0000][1][gc,age       ] GC(55) - age   6:        352 bytes,      27376 total
[2020-02-21T02:24:31.088+0000][1][gc,heap      ] GC(55) ParNew: 68178K->32K(76672K)
[2020-02-21T02:24:31.088+0000][1][gc,heap      ] GC(55) CMS: 62557K->62557K(963392K)
[2020-02-21T02:24:31.088+0000][1][gc,metaspace ] GC(55) Metaspace: 79580K->79580K(1122304K)
[2020-02-21T02:24:31.088+0000][1][gc           ] GC(55) Pause Young (Allocation Failure) 127M->61M(1015M) 12.580ms
[2020-02-21T02:24:31.088+0000][1][gc,cpu       ] GC(55) User=0.01s Sys=0.00s Real=0.02s
[2020-02-21T02:24:31.088+0000][1][safepoint    ] Safepoint "GenCollectForAllocation", Time since last: 2081822728 ns, Reaching safepoint: 83939 ns, At safepoint: 12640309 ns, Total: 12724248 ns
[2020-02-21T02:24:31.496+0000][1][safepoint    ] Safepoint "RevokeBias", Time since last: 408195209 ns, Reaching safepoint: 85682 ns, At safepoint: 20362 ns, Total: 106044 ns
[2020-02-21T02:24:34.001+0000][1][safepoint    ] Safepoint "RevokeBias", Time since last: 2504719050 ns, Reaching safepoint: 86723 ns, At safepoint: 20573 ns, Total: 107296 ns
[2020-02-21T02:24:36.505+0000][1][safepoint    ] Safepoint "RevokeBias", Time since last: 2503469227 ns, Reaching safepoint: 78519 ns, At safepoint: 18129 ns, Total: 96648 ns
[2020-02-21T02:24:39.011+0000][1][safepoint    ] Safepoint "RevokeBias", Time since last: 2506339884 ns, Reaching safepoint: 104265 ns, At safepoint: 23864 ns, Total: 128129 ns
[2020-02-21T02:24:41.521+0000][1][safepoint    ] Safepoint "RevokeBias", Time since last: 2509803096 ns, Reaching safepoint: 75517 ns, At safepoint: 17412 ns, Total: 92929 ns
[2020-02-21T02:24:44.033+0000][1][safepoint    ] Safepoint "RevokeBias", Time since last: 2511834449 ns, Reaching safepoint: 88359 ns, At safepoint: 19629 ns, Total: 107988 ns
[2020-02-21T02:24:46.536+0000][1][safepoint    ] Safepoint "RevokeBias", Time since last: 2503253826 ns, Reaching safepoint: 102723 ns, At safepoint: 23169 ns, Total: 125892 ns
[2020-02-21T02:24:49.040+0000][1][safepoint    ] Safepoint "RevokeBias", Time since last: 2503076460 ns, Reaching safepoint: 86459 ns, At safepoint: 19981 ns, Total: 106440 ns
[2020-02-21T02:24:51.544+0000][1][safepoint    ] Safepoint "RevokeBias", Time since last: 2504489325 ns, Reaching safepoint: 77978 ns, At safepoint: 18071 ns, Total: 96049 ns
[2020-02-21T02:24:54.050+0000][1][safepoint    ] Safepoint "RevokeBias", Time since last: 2505313887 ns, Reaching safepoint: 71984 ns, At safepoint: 16533 ns, Total: 88517 ns
[2020-02-21T02:24:56.554+0000][1][safepoint    ] Safepoint "BulkRevokeBias", Time since last: 2503888792 ns, Reaching safepoint: 87378 ns, At safepoint: 299883 ns, Total: 387261 ns
[2020-02-21T02:24:59.071+0000][1][safepoint    ] Safepoint "RevokeBias", Time since last: 2517210738 ns, Reaching safepoint: 53781 ns, At safepoint: 15095 ns, Total: 68876 ns
[2020-02-21T02:25:01.072+0000][1][safepoint    ] Safepoint "Cleanup", Time since last: 2000589698 ns, Reaching safepoint: 95078 ns, At safepoint: 10018 ns, Total: 105096 ns
[2020-02-21T02:25:01.580+0000][1][safepoint    ] Safepoint "RevokeBias", Time since last: 508223329 ns, Reaching safepoint: 85458 ns, At safepoint: 19060 ns, Total: 104518 ns
[2020-02-21T02:25:02.582+0000][1][safepoint    ] Safepoint "Cleanup", Time since last: 1001223941 ns, Reaching safepoint: 78093 ns, At safepoint: 6431 ns, Total: 84524 ns
[2020-02-21T02:25:04.083+0000][1][safepoint    ] Safepoint "RevokeBias", Time since last: 1501623651 ns, Reaching safepoint: 86713 ns, At safepoint: 20634 ns, Total: 107347 ns
[2020-02-21T02:25:06.587+0000][1][safepoint    ] Safepoint "RevokeBias", Time since last: 2503783737 ns, Reaching safepoint: 81063 ns, At safepoint: 17936 ns, Total: 98999 ns
[2020-02-21T02:25:09.094+0000][1][safepoint    ] Safepoint "RevokeBias", Time since last: 2506415023 ns, Reaching safepoint: 84614 ns, At safepoint: 20445 ns, Total: 105059 ns
[2020-02-21T02:25:11.597+0000][1][safepoint    ] Safepoint "RevokeBias", Time since last: 2503168781 ns, Reaching safepoint: 86692 ns, At safepoint: 20279 ns, Total: 106971 ns
[2020-02-21T02:25:14.111+0000][1][safepoint    ] Safepoint "RevokeBias", Time since last: 2514329412 ns, Reaching safepoint: 70983 ns, At safepoint: 17023 ns, Total: 88006 ns
[2020-02-21T02:25:16.627+0000][1][safepoint    ] Safepoint "RevokeBias", Time since last: 2515322624 ns, Reaching safepoint: 71787 ns, At safepoint: 18234 ns, Total: 90021 ns
[2020-02-21T02:25:19.138+0000][1][safepoint    ] Safepoint "RevokeBias", Time since last: 2511571746 ns, Reaching safepoint: 75917 ns, At safepoint: 19763 ns, Total: 95680 ns
[2020-02-21T02:25:21.646+0000][1][safepoint    ] Safepoint "RevokeBias", Time since last: 2507043575 ns, Reaching safepoint: 86483 ns, At safepoint: 20492 ns, Total: 106975 ns
[2020-02-21T02:25:24.150+0000][1][safepoint    ] Safepoint "RevokeBias", Time since last: 2503962805 ns, Reaching safepoint: 85625 ns, At safepoint: 20623 ns, Total: 106248 ns
[2020-02-21T02:25:26.654+0000][1][safepoint    ] Safepoint "RevokeBias", Time since last: 2503846187 ns, Reaching safepoint: 72575 ns, At safepoint: 17774 ns, Total: 90349 ns
[2020-02-21T02:25:29.159+0000][1][safepoint    ] Safepoint "RevokeBias", Time since last: 2505729951 ns, Reaching safepoint: 85955 ns, At safepoint: 20259 ns, Total: 106214 ns
[2020-02-21T02:25:31.663+0000][1][safepoint    ] Safepoint "RevokeBias", Time since last: 2503104763 ns, Reaching safepoint: 87734 ns, At safepoint: 20812 ns, Total: 108546 ns
[2020-02-21T02:25:34.175+0000][1][safepoint    ] Safepoint "RevokeBias", Time since last: 2512621739 ns, Reaching safepoint: 72886 ns, At safepoint: 17762 ns, Total: 90648 ns
[2020-02-21T02:25:36.685+0000][1][safepoint    ] Safepoint "RevokeBias", Time since last: 2509074187 ns, Reaching safepoint: 84420 ns, At safepoint: 20520 ns, Total: 104940 ns
[2020-02-21T02:25:39.191+0000][1][safepoint    ] Safepoint "RevokeBias", Time since last: 2506774492 ns, Reaching safepoint: 79905 ns, At safepoint: 18642 ns, Total: 98547 ns
[2020-02-21T02:25:41.695+0000][1][safepoint    ] Safepoint "RevokeBias", Time since last: 2503218022 ns, Reaching safepoint: 87984 ns, At safepoint: 20752 ns, Total: 108736 ns
[2020-02-21T02:25:44.201+0000][1][safepoint    ] Safepoint "RevokeBias", Time since last: 2506572722 ns, Reaching safepoint: 84178 ns, At safepoint: 20568 ns, Total: 104746 ns
[2020-02-21T02:25:46.706+0000][1][safepoint    ] Safepoint "RevokeBias", Time since last: 2504076620 ns, Reaching safepoint: 93111 ns, At safepoint: 20742 ns, Total: 113853 ns
[2020-02-21T02:25:49.209+0000][1][safepoint    ] Safepoint "RevokeBias", Time since last: 2503133919 ns, Reaching safepoint: 86613 ns, At safepoint: 52559 ns, Total: 139172 ns
[2020-02-21T02:25:51.727+0000][1][safepoint    ] Safepoint "RevokeBias", Time since last: 2517830842 ns, Reaching safepoint: 72481 ns, At safepoint: 17258 ns, Total: 89739 ns
[2020-02-21T02:25:54.237+0000][1][safepoint    ] Safepoint "RevokeBias", Time since last: 2509936056 ns, Reaching safepoint: 120457 ns, At safepoint: 22148 ns, Total: 142605 ns
[2020-02-21T02:25:56.741+0000][1][safepoint    ] Safepoint "RevokeBias", Time since last: 2504527101 ns, Reaching safepoint: 85603 ns, At safepoint: 20119 ns, Total: 105722 ns
[2020-02-21T02:25:59.245+0000][1][safepoint    ] Safepoint "RevokeBias", Time since last: 2503778225 ns, Reaching safepoint: 72146 ns, At safepoint: 17600 ns, Total: 89746 ns
[2020-02-21T02:26:00.246+0000][1][safepoint    ] Safepoint "Cleanup", Time since last: 1000144447 ns, Reaching safepoint: 89715 ns, At safepoint: 8378 ns, Total: 98093 ns
[2020-02-21T02:26:01.802+0000][1][safepoint    ] Safepoint "RevokeBias", Time since last: 1555015245 ns, Reaching safepoint: 1102429 ns, At safepoint: 20019 ns, Total: 1122448 ns
[2020-02-21T02:26:04.304+0000][1][safepoint    ] Safepoint "RevokeBias", Time since last: 2502259048 ns, Reaching safepoint: 88343 ns, At safepoint: 20572 ns, Total: 108915 ns
[2020-02-21T02:26:06.809+0000][1][safepoint    ] Safepoint "RevokeBias", Time since last: 2504363070 ns, Reaching safepoint: 85256 ns, At safepoint: 20631 ns, Total: 105887 ns
[2020-02-21T02:26:09.323+0000][1][safepoint    ] Safepoint "BulkRevokeBias", Time since last: 2514490823 ns, Reaching safepoint: 74140 ns, At safepoint: 180538 ns, Total: 254678 ns
[2020-02-21T02:26:10.324+0000][1][safepoint    ] Safepoint "Cleanup", Time since last: 1000271184 ns, Reaching safepoint: 98398 ns, At safepoint: 10454 ns, Total: 108852 ns
[2020-02-21T02:26:11.833+0000][1][safepoint    ] Safepoint "RevokeBias", Time since last: 1509602723 ns, Reaching safepoint: 88319 ns, At safepoint: 20539 ns, Total: 108858 ns
[2020-02-21T02:26:14.337+0000][1][safepoint    ] Safepoint "RevokeBias", Time since last: 2503852038 ns, Reaching safepoint: 79673 ns, At safepoint: 18769 ns, Total: 98442 ns
[2020-02-21T02:26:16.841+0000][1][safepoint    ] Safepoint "RevokeBias", Time since last: 2503878043 ns, Reaching safepoint: 105082 ns, At safepoint: 24030 ns, Total: 129112 ns
[2020-02-21T02:26:19.345+0000][1][safepoint    ] Safepoint "RevokeBias", Time since last: 2503375097 ns, Reaching safepoint: 70074 ns, At safepoint: 17113 ns, Total: 87187 ns
[2020-02-21T02:26:21.851+0000][1][safepoint    ] Safepoint "RevokeBias", Time since last: 2506121887 ns, Reaching safepoint: 78737 ns, At safepoint: 18513 ns, Total: 97250 ns
[2020-02-21T02:26:24.357+0000][1][safepoint    ] Safepoint "RevokeBias", Time since last: 2505592849 ns, Reaching safepoint: 77596 ns, At safepoint: 18586 ns, Total: 96182 ns
[2020-02-21T02:26:26.874+0000][1][safepoint    ] Safepoint "RevokeBias", Time since last: 2516714539 ns, Reaching safepoint: 74465 ns, At safepoint: 17863 ns, Total: 92328 ns
[2020-02-21T02:26:29.381+0000][1][safepoint    ] Safepoint "RevokeBias", Time since last: 2507147186 ns, Reaching safepoint: 73507 ns, At safepoint: 17176 ns, Total: 90683 ns
[2020-02-21T02:26:31.884+0000][1][safepoint    ] Safepoint "RevokeBias", Time since last: 2503414658 ns, Reaching safepoint: 149978 ns, At safepoint: 25009 ns, Total: 174987 ns
[2020-02-21T02:26:34.387+0000][1][safepoint    ] Safepoint "RevokeBias", Time since last: 2502532516 ns, Reaching safepoint: 143561 ns, At safepoint: 33665 ns, Total: 177226 ns
[2020-02-21T02:26:36.891+0000][1][safepoint    ] Safepoint "RevokeBias", Time since last: 2503515209 ns, Reaching safepoint: 84292 ns, At safepoint: 20973 ns, Total: 105265 ns
[2020-02-21T02:26:39.395+0000][1][safepoint    ] Safepoint "RevokeBias", Time since last: 2503960936 ns, Reaching safepoint: 78227 ns, At safepoint: 16957 ns, Total: 95184 ns
[2020-02-21T02:26:41.898+0000][1][safepoint    ] Safepoint "RevokeBias", Time since last: 2503406216 ns, Reaching safepoint: 83018 ns, At safepoint: 20618 ns, Total: 103636 ns
[2020-02-21T02:26:44.410+0000][1][safepoint    ] Safepoint "RevokeBias", Time since last: 2512082424 ns, Reaching safepoint: 54462 ns, At safepoint: 15837 ns, Total: 70299 ns
[2020-02-21T02:26:46.923+0000][1][safepoint    ] Safepoint "RevokeBias", Time since last: 2512209398 ns, Reaching safepoint: 92082 ns, At safepoint: 21597 ns, Total: 113679 ns
[2020-02-21T02:26:49.426+0000][1][safepoint    ] Safepoint "RevokeBias", Time since last: 2503525690 ns, Reaching safepoint: 76513 ns, At safepoint: 18711 ns, Total: 95224 ns
[2020-02-21T02:26:51.184+0000][1][gc,start     ] GC(56) Pause Young (Allocation Failure)
[2020-02-21T02:26:51.184+0000][1][gc,task      ] GC(56) Using 1 workers of 1 for evacuation
[2020-02-21T02:26:51.193+0000][1][gc,age       ] GC(56) Desired survivor size 4358144 bytes, new threshold 6 (max threshold 6)
[2020-02-21T02:26:51.193+0000][1][gc,age       ] GC(56) Age table with threshold 6 (max threshold 6)
[2020-02-21T02:26:51.193+0000][1][gc,age       ] GC(56) - age   1:      12456 bytes,      12456 total
[2020-02-21T02:26:51.193+0000][1][gc,age       ] GC(56) - age   2:      12904 bytes,      25360 total
[2020-02-21T02:26:51.193+0000][1][gc,age       ] GC(56) - age   3:         56 bytes,      25416 total
[2020-02-21T02:26:51.193+0000][1][gc,age       ] GC(56) - age   4:       1032 bytes,      26448 total
[2020-02-21T02:26:51.193+0000][1][gc,age       ] GC(56) - age   5:        136 bytes,      26584 total
[2020-02-21T02:26:51.193+0000][1][gc,age       ] GC(56) - age   6:         32 bytes,      26616 total
[2020-02-21T02:26:51.193+0000][1][gc,heap      ] GC(56) ParNew: 68192K->48K(76672K)
[2020-02-21T02:26:51.193+0000][1][gc,heap      ] GC(56) CMS: 62557K->62558K(963392K)
[2020-02-21T02:26:51.193+0000][1][gc,metaspace ] GC(56) Metaspace: 79607K->79607K(1122304K)
[2020-02-21T02:26:51.193+0000][1][gc           ] GC(56) Pause Young (Allocation Failure) 127M->61M(1015M) 9.700ms
[2020-02-21T02:26:51.193+0000][1][gc,cpu       ] GC(56) User=0.01s Sys=0.00s Real=0.01s
[2020-02-21T02:26:51.193+0000][1][safepoint    ] Safepoint "GenCollectForAllocation", Time since last: 1757054659 ns, Reaching safepoint: 85539 ns, At safepoint: 9752487 ns, Total: 9838026 ns
[2020-02-21T02:26:51.930+0000][1][safepoint    ] Safepoint "RevokeBias", Time since last: 736861989 ns, Reaching safepoint: 86055 ns, At safepoint: 20394 ns, Total: 106449 ns
[2020-02-21T02:26:54.434+0000][1][safepoint    ] Safepoint "RevokeBias", Time since last: 2503614453 ns, Reaching safepoint: 86991 ns, At safepoint: 21483 ns, Total: 108474 ns
[2020-02-21T02:26:56.939+0000][1][safepoint    ] Safepoint "RevokeBias", Time since last: 2504404873 ns, Reaching safepoint: 94366 ns, At safepoint: 98354 ns, Total: 192720 ns
[2020-02-21T02:26:59.444+0000][1][safepoint    ] Safepoint "RevokeBias", Time since last: 2505710303 ns, Reaching safepoint: 110104 ns, At safepoint: 18503 ns, Total: 128607 ns
[2020-02-21T02:27:01.954+0000][1][safepoint    ] Safepoint "RevokeBias", Time since last: 2509201318 ns, Reaching safepoint: 70437 ns, At safepoint: 16355 ns, Total: 86792 ns
[2020-02-21T02:27:04.467+0000][1][safepoint    ] Safepoint "RevokeBias", Time since last: 2513307157 ns, Reaching safepoint: 85246 ns, At safepoint: 20508 ns, Total: 105754 ns
[2020-02-21T02:27:06.970+0000][1][safepoint    ] Safepoint "RevokeBias", Time since last: 2503133205 ns, Reaching safepoint: 86840 ns, At safepoint: 20114 ns, Total: 106954 ns
[2020-02-21T02:27:09.476+0000][1][safepoint    ] Safepoint "RevokeBias", Time since last: 2505855123 ns, Reaching safepoint: 104144 ns, At safepoint: 21093 ns, Total: 125237 ns
[2020-02-21T02:27:11.981+0000][1][safepoint    ] Safepoint "RevokeBias", Time since last: 2504168622 ns, Reaching safepoint: 140670 ns, At safepoint: 17002 ns, Total: 157672 ns
[2020-02-21T02:27:14.487+0000][1][safepoint    ] Safepoint "RevokeBias", Time since last: 2505913078 ns, Reaching safepoint: 80815 ns, At safepoint: 17863 ns, Total: 98678 ns
[2020-02-21T02:27:16.989+0000][1][safepoint    ] Safepoint "RevokeBias", Time since last: 2502591025 ns, Reaching safepoint: 95077 ns, At safepoint: 20999 ns, Total: 116076 ns
[2020-02-21T02:27:19.508+0000][1][safepoint    ] Safepoint "RevokeBias", Time since last: 2518750984 ns, Reaching safepoint: 71827 ns, At safepoint: 16823 ns, Total: 88650 ns
[2020-02-21T02:27:22.018+0000][1][safepoint    ] Safepoint "BulkRevokeBias", Time since last: 2509605991 ns, Reaching safepoint: 88915 ns, At safepoint: 277235 ns, Total: 366150 ns
[2020-02-21T02:27:24.524+0000][1][safepoint    ] Safepoint "RevokeBias", Time since last: 2505796727 ns, Reaching safepoint: 85463 ns, At safepoint: 21155 ns, Total: 106618 ns
[2020-02-21T02:27:27.033+0000][1][safepoint    ] Safepoint "RevokeBias", Time since last: 2508689153 ns, Reaching safepoint: 120254 ns, At safepoint: 26966 ns, Total: 147220 ns
[2020-02-21T02:27:29.539+0000][1][safepoint    ] Safepoint "RevokeBias", Time since last: 2506173499 ns, Reaching safepoint: 104483 ns, At safepoint: 21164 ns, Total: 125647 ns
[2020-02-21T02:27:32.042+0000][1][safepoint    ] Safepoint "RevokeBias", Time since last: 2503104374 ns, Reaching safepoint: 88273 ns, At safepoint: 20232 ns, Total: 108505 ns
[2020-02-21T02:27:34.545+0000][1][safepoint    ] Safepoint "RevokeBias", Time since last: 2502164807 ns, Reaching safepoint: 75176 ns, At safepoint: 17367 ns, Total: 92543 ns
[2020-02-21T02:27:37.051+0000][1][safepoint    ] Safepoint "RevokeBias", Time since last: 2506547410 ns, Reaching safepoint: 70722 ns, At safepoint: 17385 ns, Total: 88107 ns
[2020-02-21T02:27:39.563+0000][1][safepoint    ] Safepoint "RevokeBias", Time since last: 2512048223 ns, Reaching safepoint: 84164 ns, At safepoint: 20423 ns, Total: 104587 ns
[2020-02-21T02:27:42.066+0000][1][safepoint    ] Safepoint "RevokeBias", Time since last: 2502594775 ns, Reaching safepoint: 86932 ns, At safepoint: 20441 ns, Total: 107373 ns
[2020-02-21T02:27:44.573+0000][1][safepoint    ] Safepoint "RevokeBias", Time since last: 2506987186 ns, Reaching safepoint: 74968 ns, At safepoint: 17562 ns, Total: 92530 ns
[2020-02-21T02:27:47.078+0000][1][safepoint    ] Safepoint "RevokeBias", Time since last: 2504318554 ns, Reaching safepoint: 122608 ns, At safepoint: 22465 ns, Total: 145073 ns
[2020-02-21T02:27:49.582+0000][1][safepoint    ] Safepoint "RevokeBias", Time since last: 2503727059 ns, Reaching safepoint: 80051 ns, At safepoint: 17947 ns, Total: 97998 ns
[2020-02-21T02:27:52.086+0000][1][safepoint    ] Safepoint "RevokeBias", Time since last: 2503940167 ns, Reaching safepoint: 87228 ns, At safepoint: 20498 ns, Total: 107726 ns
[2020-02-21T02:27:54.596+0000][1][safepoint    ] Safepoint "RevokeBias", Time since last: 2510618582 ns, Reaching safepoint: 69446 ns, At safepoint: 15791 ns, Total: 85237 ns
[2020-02-21T02:27:57.106+0000][1][safepoint    ] Safepoint "RevokeBias", Time since last: 2509517325 ns, Reaching safepoint: 111572 ns, At safepoint: 21577 ns, Total: 133149 ns
[2020-02-21T02:27:59.611+0000][1][safepoint    ] Safepoint "RevokeBias", Time since last: 2505456346 ns, Reaching safepoint: 92598 ns, At safepoint: 20457 ns, Total: 113055 ns
[2020-02-21T02:28:02.115+0000][1][safepoint    ] Safepoint "RevokeBias", Time since last: 2503238531 ns, Reaching safepoint: 86389 ns, At safepoint: 20115 ns, Total: 106504 ns
[2020-02-21T02:28:04.618+0000][1][safepoint    ] Safepoint "RevokeBias", Time since last: 2503527798 ns, Reaching safepoint: 86466 ns, At safepoint: 20288 ns, Total: 106754 ns
[2020-02-21T02:28:07.123+0000][1][safepoint    ] Safepoint "RevokeBias", Time since last: 2504457016 ns, Reaching safepoint: 74232 ns, At safepoint: 49242 ns, Total: 123474 ns
[2020-02-21T02:28:09.627+0000][1][safepoint    ] Safepoint "RevokeBias", Time since last: 2503974601 ns, Reaching safepoint: 76375 ns, At safepoint: 17004 ns, Total: 93379 ns
[2020-02-21T02:28:12.139+0000][1][safepoint    ] Safepoint "RevokeBias", Time since last: 2511608828 ns, Reaching safepoint: 56606 ns, At safepoint: 16101 ns, Total: 72707 ns
[2020-02-21T02:28:14.648+0000][1][safepoint    ] Safepoint "RevokeBias", Time since last: 2509021130 ns, Reaching safepoint: 87471 ns, At safepoint: 20877 ns, Total: 108348 ns
[2020-02-21T02:28:17.153+0000][1][safepoint    ] Safepoint "RevokeBias", Time since last: 2504877457 ns, Reaching safepoint: 88635 ns, At safepoint: 21473 ns, Total: 110108 ns
[2020-02-21T02:28:19.657+0000][1][safepoint    ] Safepoint "RevokeBias", Time since last: 2504046493 ns, Reaching safepoint: 78081 ns, At safepoint: 18986 ns, Total: 97067 ns
[2020-02-21T02:28:22.163+0000][1][safepoint    ] Safepoint "RevokeBias", Time since last: 2505410770 ns, Reaching safepoint: 86691 ns, At safepoint: 20208 ns, Total: 106899 ns
[2020-02-21T02:28:24.669+0000][1][safepoint    ] Safepoint "RevokeBias", Time since last: 2505989097 ns, Reaching safepoint: 74870 ns, At safepoint: 18228 ns, Total: 93098 ns
[2020-02-21T02:28:27.173+0000][1][safepoint    ] Safepoint "RevokeBias", Time since last: 2503955129 ns, Reaching safepoint: 77572 ns, At safepoint: 15851 ns, Total: 93423 ns
[2020-02-21T02:28:29.686+0000][1][safepoint    ] Safepoint "RevokeBias", Time since last: 2513425182 ns, Reaching safepoint: 56863 ns, At safepoint: 15293 ns, Total: 72156 ns
[2020-02-21T02:28:31.687+0000][1][safepoint    ] Safepoint "Cleanup", Time since last: 2000951788 ns, Reaching safepoint: 86307 ns, At safepoint: 8880 ns, Total: 95187 ns
[2020-02-21T02:28:32.201+0000][1][safepoint    ] Safepoint "RevokeBias", Time since last: 513595970 ns, Reaching safepoint: 78107 ns, At safepoint: 17888 ns, Total: 95995 ns
[2020-02-21T02:28:34.705+0000][1][safepoint    ] Safepoint "BulkRevokeBias", Time since last: 2503228271 ns, Reaching safepoint: 87090 ns, At safepoint: 308732 ns, Total: 395822 ns
[2020-02-21T02:28:37.208+0000][1][safepoint    ] Safepoint "RevokeBias", Time since last: 2503075935 ns, Reaching safepoint: 105137 ns, At safepoint: 24124 ns, Total: 129261 ns
[2020-02-21T02:28:39.712+0000][1][safepoint    ] Safepoint "RevokeBias", Time since last: 2503669947 ns, Reaching safepoint: 83806 ns, At safepoint: 19994 ns, Total: 103800 ns
[2020-02-21T02:28:42.215+0000][1][safepoint    ] Safepoint "RevokeBias", Time since last: 2503218341 ns, Reaching safepoint: 74164 ns, At safepoint: 16812 ns, Total: 90976 ns
[2020-02-21T02:28:44.720+0000][1][safepoint    ] Safepoint "RevokeBias", Time since last: 2505111087 ns, Reaching safepoint: 105012 ns, At safepoint: 19396 ns, Total: 124408 ns
[2020-02-21T02:28:47.231+0000][1][safepoint    ] Safepoint "RevokeBias", Time since last: 2510540244 ns, Reaching safepoint: 75102 ns, At safepoint: 17872 ns, Total: 92974 ns
[2020-02-21T02:28:49.745+0000][1][safepoint    ] Safepoint "RevokeBias", Time since last: 2514355503 ns, Reaching safepoint: 97354 ns, At safepoint: 17953 ns, Total: 115307 ns
[2020-02-21T02:28:52.250+0000][1][safepoint    ] Safepoint "RevokeBias", Time since last: 2504700194 ns, Reaching safepoint: 88715 ns, At safepoint: 20552 ns, Total: 109267 ns
[2020-02-21T02:28:54.754+0000][1][safepoint    ] Safepoint "RevokeBias", Time since last: 2504262767 ns, Reaching safepoint: 78682 ns, At safepoint: 18148 ns, Total: 96830 ns
[2020-02-21T02:28:57.258+0000][1][safepoint    ] Safepoint "RevokeBias", Time since last: 2503376441 ns, Reaching safepoint: 112327 ns, At safepoint: 18400 ns, Total: 130727 ns
[2020-02-21T02:28:59.763+0000][1][safepoint    ] Safepoint "RevokeBias", Time since last: 2505113691 ns, Reaching safepoint: 71093 ns, At safepoint: 16165 ns, Total: 87258 ns
[2020-02-21T02:29:01.766+0000][1][safepoint    ] Safepoint "Cleanup", Time since last: 2002231998 ns, Reaching safepoint: 961456 ns, At safepoint: 16255 ns, Total: 977711 ns
[2020-02-21T02:29:02.266+0000][1][safepoint    ] Safepoint "RevokeBias", Time since last: 500085787 ns, Reaching safepoint: 77078 ns, At safepoint: 17743 ns, Total: 94821 ns
[2020-02-21T02:29:04.770+0000][1][safepoint    ] Safepoint "RevokeBias", Time since last: 2503158461 ns, Reaching safepoint: 117006 ns, At safepoint: 22633 ns, Total: 139639 ns
[2020-02-21T02:29:07.276+0000][1][safepoint    ] Safepoint "RevokeBias", Time since last: 2505947590 ns, Reaching safepoint: 104870 ns, At safepoint: 24013 ns, Total: 128883 ns
[2020-02-21T02:29:09.782+0000][1][safepoint    ] Safepoint "RevokeBias", Time since last: 2506287375 ns, Reaching safepoint: 79077 ns, At safepoint: 17283 ns, Total: 96360 ns
[2020-02-21T02:29:11.289+0000][1][gc,start     ] GC(57) Pause Young (Allocation Failure)
[2020-02-21T02:29:11.289+0000][1][gc,task      ] GC(57) Using 1 workers of 1 for evacuation
[2020-02-21T02:29:11.304+0000][1][gc,age       ] GC(57) Desired survivor size 4358144 bytes, new threshold 6 (max threshold 6)
[2020-02-21T02:29:11.304+0000][1][gc,age       ] GC(57) Age table with threshold 6 (max threshold 6)
[2020-02-21T02:29:11.304+0000][1][gc,age       ] GC(57) - age   1:      30040 bytes,      30040 total
[2020-02-21T02:29:11.304+0000][1][gc,age       ] GC(57) - age   2:        352 bytes,      30392 total
[2020-02-21T02:29:11.304+0000][1][gc,age       ] GC(57) - age   3:      12904 bytes,      43296 total
[2020-02-21T02:29:11.304+0000][1][gc,age       ] GC(57) - age   4:         56 bytes,      43352 total
[2020-02-21T02:29:11.304+0000][1][gc,age       ] GC(57) - age   5:       1032 bytes,      44384 total
[2020-02-21T02:29:11.304+0000][1][gc,age       ] GC(57) - age   6:        136 bytes,      44520 total
[2020-02-21T02:29:11.304+0000][1][gc,heap      ] GC(57) ParNew: 68208K->47K(76672K)
[2020-02-21T02:29:11.304+0000][1][gc,heap      ] GC(57) CMS: 62558K->62558K(963392K)
[2020-02-21T02:29:11.304+0000][1][gc,metaspace ] GC(57) Metaspace: 79691K->79691K(1122304K)
[2020-02-21T02:29:11.304+0000][1][gc           ] GC(57) Pause Young (Allocation Failure) 127M->61M(1015M) 15.204ms
[2020-02-21T02:29:11.304+0000][1][gc,cpu       ] GC(57) User=0.02s Sys=0.00s Real=0.01s
[2020-02-21T02:29:11.304+0000][1][safepoint    ] Safepoint "GenCollectForAllocation", Time since last: 1506375925 ns, Reaching safepoint: 73080 ns, At safepoint: 15253097 ns, Total: 15326177 ns
[2020-02-21T02:29:12.285+0000][1][safepoint    ] Safepoint "RevokeBias", Time since last: 981408926 ns, Reaching safepoint: 88549 ns, At safepoint: 21669 ns, Total: 110218 ns
[2020-02-21T02:29:14.792+0000][1][safepoint    ] Safepoint "RevokeBias", Time since last: 2506792022 ns, Reaching safepoint: 62964 ns, At safepoint: 17277 ns, Total: 80241 ns
[2020-02-21T02:29:17.310+0000][1][safepoint    ] Safepoint "RevokeBias", Time since last: 2517975639 ns, Reaching safepoint: 73249 ns, At safepoint: 17098 ns, Total: 90347 ns
[2020-02-21T02:29:19.820+0000][1][safepoint    ] Safepoint "RevokeBias", Time since last: 2509650487 ns, Reaching safepoint: 103633 ns, At safepoint: 22999 ns, Total: 126632 ns
[2020-02-21T02:29:22.327+0000][1][safepoint    ] Safepoint "RevokeBias", Time since last: 2506443174 ns, Reaching safepoint: 105596 ns, At safepoint: 59938 ns, Total: 165534 ns
[2020-02-21T02:29:24.833+0000][1][safepoint    ] Safepoint "RevokeBias", Time since last: 2505852225 ns, Reaching safepoint: 86850 ns, At safepoint: 20171 ns, Total: 107021 ns
[2020-02-21T02:29:27.338+0000][1][safepoint    ] Safepoint "RevokeBias", Time since last: 2504928467 ns, Reaching safepoint: 88126 ns, At safepoint: 20685 ns, Total: 108811 ns
[2020-02-21T02:29:29.846+0000][1][safepoint    ] Safepoint "RevokeBias", Time since last: 2508211766 ns, Reaching safepoint: 75108 ns, At safepoint: 17233 ns, Total: 92341 ns
[2020-02-21T02:29:32.350+0000][1][safepoint    ] Safepoint "RevokeBias", Time since last: 2503483461 ns, Reaching safepoint: 90447 ns, At safepoint: 20137 ns, Total: 110584 ns
[2020-02-21T02:29:34.863+0000][1][safepoint    ] Safepoint "RevokeBias", Time since last: 2513623890 ns, Reaching safepoint: 97141 ns, At safepoint: 19307 ns, Total: 116448 ns
[2020-02-21T02:29:37.372+0000][1][safepoint    ] Safepoint "RevokeBias", Time since last: 2508616813 ns, Reaching safepoint: 83228 ns, At safepoint: 20881 ns, Total: 104109 ns
[2020-02-21T02:29:39.878+0000][1][safepoint    ] Safepoint "RevokeBias", Time since last: 2505959537 ns, Reaching safepoint: 86751 ns, At safepoint: 19890 ns, Total: 106641 ns
[2020-02-21T02:29:42.381+0000][1][safepoint    ] Safepoint "RevokeBias", Time since last: 2502970096 ns, Reaching safepoint: 75760 ns, At safepoint: 17294 ns, Total: 93054 ns
[2020-02-21T02:29:44.887+0000][1][safepoint    ] Safepoint "RevokeBias", Time since last: 2505686977 ns, Reaching safepoint: 89873 ns, At safepoint: 20520 ns, Total: 110393 ns
[2020-02-21T02:29:47.392+0000][1][safepoint    ] Safepoint "BulkRevokeBias", Time since last: 2504176513 ns, Reaching safepoint: 87545 ns, At safepoint: 318311 ns, Total: 405856 ns
[2020-02-21T02:29:49.896+0000][1][safepoint    ] Safepoint "RevokeBias", Time since last: 2503988101 ns, Reaching safepoint: 87816 ns, At safepoint: 20447 ns, Total: 108263 ns
[2020-02-21T02:29:52.401+0000][1][safepoint    ] Safepoint "RevokeBias", Time since last: 2504828159 ns, Reaching safepoint: 247339 ns, At safepoint: 78753 ns, Total: 326092 ns
[2020-02-21T02:29:54.907+0000][1][safepoint    ] Safepoint "RevokeBias", Time since last: 2506404535 ns, Reaching safepoint: 85360 ns, At safepoint: 20409 ns, Total: 105769 ns
[2020-02-21T02:29:57.413+0000][1][safepoint    ] Safepoint "RevokeBias", Time since last: 2505082949 ns, Reaching safepoint: 74183 ns, At safepoint: 16434 ns, Total: 90617 ns
[2020-02-21T02:29:59.917+0000][1][safepoint    ] Safepoint "RevokeBias", Time since last: 2504440966 ns, Reaching safepoint: 84077 ns, At safepoint: 20788 ns, Total: 104865 ns
[2020-02-21T02:30:02.421+0000][1][safepoint    ] Safepoint "RevokeBias", Time since last: 2503317973 ns, Reaching safepoint: 77406 ns, At safepoint: 18048 ns, Total: 95454 ns
[2020-02-21T02:30:04.923+0000][1][safepoint    ] Safepoint "RevokeBias", Time since last: 2502607967 ns, Reaching safepoint: 76645 ns, At safepoint: 17447 ns, Total: 94092 ns
[2020-02-21T02:30:07.428+0000][1][safepoint    ] Safepoint "RevokeBias", Time since last: 2504233314 ns, Reaching safepoint: 77619 ns, At safepoint: 18007 ns, Total: 95626 ns
[2020-02-21T02:30:09.932+0000][1][safepoint    ] Safepoint "RevokeBias", Time since last: 2503950811 ns, Reaching safepoint: 99088 ns, At safepoint: 18282 ns, Total: 117370 ns
[2020-02-21T02:30:12.435+0000][1][safepoint    ] Safepoint "RevokeBias", Time since last: 2503534307 ns, Reaching safepoint: 77043 ns, At safepoint: 17686 ns, Total: 94729 ns
[2020-02-21T02:30:14.955+0000][1][safepoint    ] Safepoint "RevokeBias", Time since last: 2519438136 ns, Reaching safepoint: 73005 ns, At safepoint: 16948 ns, Total: 89953 ns
[2020-02-21T02:30:17.467+0000][1][safepoint    ] Safepoint "RevokeBias", Time since last: 2512618040 ns, Reaching safepoint: 76075 ns, At safepoint: 18406 ns, Total: 94481 ns
[2020-02-21T02:30:19.970+0000][1][safepoint    ] Safepoint "RevokeBias", Time since last: 2502675308 ns, Reaching safepoint: 80748 ns, At safepoint: 18587 ns, Total: 99335 ns
[2020-02-21T02:30:22.475+0000][1][safepoint    ] Safepoint "RevokeBias", Time since last: 2504165220 ns, Reaching safepoint: 130665 ns, At safepoint: 28745 ns, Total: 159410 ns
[2020-02-21T02:30:24.979+0000][1][safepoint    ] Safepoint "RevokeBias", Time since last: 2504052493 ns, Reaching safepoint: 115649 ns, At safepoint: 22157 ns, Total: 137806 ns
[2020-02-21T02:30:27.482+0000][1][safepoint    ] Safepoint "RevokeBias", Time since last: 2503592743 ns, Reaching safepoint: 75752 ns, At safepoint: 17682 ns, Total: 93434 ns
[2020-02-21T02:30:29.987+0000][1][safepoint    ] Safepoint "RevokeBias", Time since last: 2504897056 ns, Reaching safepoint: 88094 ns, At safepoint: 21239 ns, Total: 109333 ns
[2020-02-21T02:30:30.988+0000][1][safepoint    ] Safepoint "Cleanup", Time since last: 1000330242 ns, Reaching safepoint: 95338 ns, At safepoint: 10020 ns, Total: 105358 ns
[2020-02-21T02:30:32.498+0000][1][safepoint    ] Safepoint "RevokeBias", Time since last: 1509898081 ns, Reaching safepoint: 92089 ns, At safepoint: 34248 ns, Total: 126337 ns
[2020-02-21T02:30:35.005+0000][1][safepoint    ] Safepoint "RevokeBias", Time since last: 2506815309 ns, Reaching safepoint: 87984 ns, At safepoint: 19835 ns, Total: 107819 ns
[2020-02-21T02:30:37.510+0000][1][safepoint    ] Safepoint "RevokeBias", Time since last: 2505242357 ns, Reaching safepoint: 81066 ns, At safepoint: 18560 ns, Total: 99626 ns
[2020-02-21T02:30:40.014+0000][1][safepoint    ] Safepoint "RevokeBias", Time since last: 2503300293 ns, Reaching safepoint: 62549 ns, At safepoint: 18110 ns, Total: 80659 ns
[2020-02-21T02:30:42.516+0000][1][safepoint    ] Safepoint "RevokeBias", Time since last: 2502750084 ns, Reaching safepoint: 85050 ns, At safepoint: 20542 ns, Total: 105592 ns
[2020-02-21T02:30:45.020+0000][1][safepoint    ] Safepoint "RevokeBias", Time since last: 2503636000 ns, Reaching safepoint: 75265 ns, At safepoint: 17289 ns, Total: 92554 ns
[2020-02-21T02:30:47.525+0000][1][safepoint    ] Safepoint "RevokeBias", Time since last: 2504675872 ns, Reaching safepoint: 61921 ns, At safepoint: 18460 ns, Total: 80381 ns
[2020-02-21T02:30:50.028+0000][1][safepoint    ] Safepoint "RevokeBias", Time since last: 2503254194 ns, Reaching safepoint: 86205 ns, At safepoint: 21023 ns, Total: 107228 ns
[2020-02-21T02:30:52.533+0000][1][safepoint    ] Safepoint "RevokeBias", Time since last: 2504685869 ns, Reaching safepoint: 104365 ns, At safepoint: 23811 ns, Total: 128176 ns
[2020-02-21T02:30:55.038+0000][1][safepoint    ] Safepoint "RevokeBias", Time since last: 2505121585 ns, Reaching safepoint: 87075 ns, At safepoint: 20638 ns, Total: 107713 ns
[2020-02-21T02:30:57.542+0000][1][safepoint    ] Safepoint "RevokeBias", Time since last: 2503430313 ns, Reaching safepoint: 87276 ns, At safepoint: 20241 ns, Total: 107517 ns
[2020-02-21T02:31:00.048+0000][1][safepoint    ] Safepoint "BulkRevokeBias", Time since last: 2505942043 ns, Reaching safepoint: 112386 ns, At safepoint: 266967 ns, Total: 379353 ns
[2020-02-21T02:31:02.566+0000][1][safepoint    ] Safepoint "RevokeBias", Time since last: 2517847335 ns, Reaching safepoint: 72183 ns, At safepoint: 17347 ns, Total: 89530 ns
[2020-02-21T02:31:05.074+0000][1][safepoint    ] Safepoint "RevokeBias", Time since last: 2507609939 ns, Reaching safepoint: 119506 ns, At safepoint: 22386 ns, Total: 141892 ns
[2020-02-21T02:31:07.578+0000][1][safepoint    ] Safepoint "RevokeBias", Time since last: 2504395703 ns, Reaching safepoint: 76632 ns, At safepoint: 17946 ns, Total: 94578 ns
[2020-02-21T02:31:10.084+0000][1][safepoint    ] Safepoint "RevokeBias", Time since last: 2505105056 ns, Reaching safepoint: 75033 ns, At safepoint: 17467 ns, Total: 92500 ns
[2020-02-21T02:31:12.587+0000][1][safepoint    ] Safepoint "RevokeBias", Time since last: 2503297067 ns, Reaching safepoint: 61541 ns, At safepoint: 18467 ns, Total: 80008 ns
[2020-02-21T02:31:15.091+0000][1][safepoint    ] Safepoint "RevokeBias", Time since last: 2504080489 ns, Reaching safepoint: 74875 ns, At safepoint: 17056 ns, Total: 91931 ns
[2020-02-21T02:31:17.596+0000][1][safepoint    ] Safepoint "RevokeBias", Time since last: 2505189683 ns, Reaching safepoint: 76191 ns, At safepoint: 17430 ns, Total: 93621 ns
[2020-02-21T02:31:20.110+0000][1][safepoint    ] Safepoint "RevokeBias", Time since last: 2513481166 ns, Reaching safepoint: 71213 ns, At safepoint: 16305 ns, Total: 87518 ns
[2020-02-21T02:31:21.111+0000][1][safepoint    ] Safepoint "Cleanup", Time since last: 1000517262 ns, Reaching safepoint: 92396 ns, At safepoint: 10122 ns, Total: 102518 ns
[2020-02-21T02:31:22.617+0000][1][safepoint    ] Safepoint "RevokeBias", Time since last: 1506468401 ns, Reaching safepoint: 104743 ns, At safepoint: 23513 ns, Total: 128256 ns
[2020-02-21T02:31:25.122+0000][1][safepoint    ] Safepoint "RevokeBias", Time since last: 2504289960 ns, Reaching safepoint: 74912 ns, At safepoint: 17560 ns, Total: 92472 ns
[2020-02-21T02:31:27.625+0000][1][safepoint    ] Safepoint "RevokeBias", Time since last: 2503464970 ns, Reaching safepoint: 77782 ns, At safepoint: 18451 ns, Total: 96233 ns
[2020-02-21T02:31:30.130+0000][1][safepoint    ] Safepoint "RevokeBias", Time since last: 2504692518 ns, Reaching safepoint: 87937 ns, At safepoint: 20689 ns, Total: 108626 ns
[2020-02-21T02:31:31.399+0000][1][gc,start     ] GC(58) Pause Young (Allocation Failure)
[2020-02-21T02:31:31.399+0000][1][gc,task      ] GC(58) Using 1 workers of 1 for evacuation
[2020-02-21T02:31:31.413+0000][1][gc,age       ] GC(58) Desired survivor size 4358144 bytes, new threshold 6 (max threshold 6)
[2020-02-21T02:31:31.413+0000][1][gc,age       ] GC(58) Age table with threshold 6 (max threshold 6)
[2020-02-21T02:31:31.413+0000][1][gc,age       ] GC(58) - age   1:      13072 bytes,      13072 total
[2020-02-21T02:31:31.413+0000][1][gc,age       ] GC(58) - age   2:      17192 bytes,      30264 total
[2020-02-21T02:31:31.413+0000][1][gc,age       ] GC(58) - age   3:        352 bytes,      30616 total
[2020-02-21T02:31:31.413+0000][1][gc,age       ] GC(58) - age   4:      12904 bytes,      43520 total
[2020-02-21T02:31:31.413+0000][1][gc,age       ] GC(58) - age   5:         56 bytes,      43576 total
[2020-02-21T02:31:31.413+0000][1][gc,age       ] GC(58) - age   6:       1032 bytes,      44608 total
[2020-02-21T02:31:31.413+0000][1][gc,heap      ] GC(58) ParNew: 68207K->73K(76672K)
[2020-02-21T02:31:31.413+0000][1][gc,heap      ] GC(58) CMS: 62558K->62558K(963392K)
[2020-02-21T02:31:31.413+0000][1][gc,metaspace ] GC(58) Metaspace: 79708K->79708K(1122304K)
[2020-02-21T02:31:31.413+0000][1][gc           ] GC(58) Pause Young (Allocation Failure) 127M->61M(1015M) 14.310ms
[2020-02-21T02:31:31.413+0000][1][gc,cpu       ] GC(58) User=0.01s Sys=0.00s Real=0.01s
[2020-02-21T02:31:31.413+0000][1][safepoint    ] Safepoint "GenCollectForAllocation", Time since last: 1268515048 ns, Reaching safepoint: 68556 ns, At safepoint: 14360299 ns, Total: 14428855 ns
[2020-02-21T02:31:32.636+0000][1][safepoint    ] Safepoint "RevokeBias", Time since last: 1223398578 ns, Reaching safepoint: 79932 ns, At safepoint: 17517 ns, Total: 97449 ns
[2020-02-21T02:31:35.140+0000][1][safepoint    ] Safepoint "RevokeBias", Time since last: 2503102003 ns, Reaching safepoint: 108061 ns, At safepoint: 19951 ns, Total: 128012 ns
[2020-02-21T02:31:37.657+0000][1][safepoint    ] Safepoint "RevokeBias", Time since last: 2517392607 ns, Reaching safepoint: 56225 ns, At safepoint: 16690 ns, Total: 72915 ns
[2020-02-21T02:31:39.658+0000][1][safepoint    ] Safepoint "Cleanup", Time since last: 2001036431 ns, Reaching safepoint: 92114 ns, At safepoint: 10918 ns, Total: 103032 ns
[2020-02-21T02:31:40.167+0000][1][safepoint    ] Safepoint "RevokeBias", Time since last: 508329680 ns, Reaching safepoint: 74380 ns, At safepoint: 17860 ns, Total: 92240 ns
[2020-02-21T02:31:42.670+0000][1][safepoint    ] Safepoint "RevokeBias", Time since last: 2503428591 ns, Reaching safepoint: 91116 ns, At safepoint: 18866 ns, Total: 109982 ns
[2020-02-21T02:31:45.176+0000][1][safepoint    ] Safepoint "RevokeBias", Time since last: 2506127756 ns, Reaching safepoint: 82200 ns, At safepoint: 18883 ns, Total: 101083 ns
[2020-02-21T02:31:47.682+0000][1][safepoint    ] Safepoint "RevokeBias", Time since last: 2505358477 ns, Reaching safepoint: 87307 ns, At safepoint: 20391 ns, Total: 107698 ns
[2020-02-21T02:31:50.186+0000][1][safepoint    ] Safepoint "RevokeBias", Time since last: 2503768801 ns, Reaching safepoint: 74292 ns, At safepoint: 18908 ns, Total: 93200 ns
[2020-02-21T02:31:52.690+0000][1][safepoint    ] Safepoint "RevokeBias", Time since last: 2504014535 ns, Reaching safepoint: 108870 ns, At safepoint: 20191 ns, Total: 129061 ns
[2020-02-21T02:31:55.203+0000][1][safepoint    ] Safepoint "RevokeBias", Time since last: 2512673232 ns, Reaching safepoint: 54875 ns, At safepoint: 15818 ns, Total: 70693 ns
[2020-02-21T02:31:57.712+0000][1][safepoint    ] Safepoint "RevokeBias", Time since last: 2509314425 ns, Reaching safepoint: 85481 ns, At safepoint: 20262 ns, Total: 105743 ns
[2020-02-21T02:32:00.218+0000][1][safepoint    ] Safepoint "RevokeBias", Time since last: 2505445134 ns, Reaching safepoint: 86155 ns, At safepoint: 20720 ns, Total: 106875 ns
[2020-02-21T02:32:02.721+0000][1][safepoint    ] Safepoint "RevokeBias", Time since last: 2503184724 ns, Reaching safepoint: 87136 ns, At safepoint: 20783 ns, Total: 107919 ns
[2020-02-21T02:32:05.225+0000][1][safepoint    ] Safepoint "RevokeBias", Time since last: 2503757434 ns, Reaching safepoint: 84560 ns, At safepoint: 19774 ns, Total: 104334 ns
[2020-02-21T02:32:07.728+0000][1][safepoint    ] Safepoint "RevokeBias", Time since last: 2503660952 ns, Reaching safepoint: 58245 ns, At safepoint: 17469 ns, Total: 75714 ns
[2020-02-21T02:32:10.235+0000][1][safepoint    ] Safepoint "RevokeBias", Time since last: 2506707902 ns, Reaching safepoint: 85812 ns, At safepoint: 19878 ns, Total: 105690 ns
[2020-02-21T02:32:12.749+0000][1][safepoint    ] Safepoint "BulkRevokeBias", Time since last: 2513194748 ns, Reaching safepoint: 59878 ns, At safepoint: 196987 ns, Total: 256865 ns
[2020-02-21T02:32:15.265+0000][1][safepoint    ] Safepoint "RevokeBias", Time since last: 2516523013 ns, Reaching safepoint: 72826 ns, At safepoint: 15487 ns, Total: 88313 ns
[2020-02-21T02:32:17.772+0000][1][safepoint    ] Safepoint "RevokeBias", Time since last: 2506141416 ns, Reaching safepoint: 85888 ns, At safepoint: 19642 ns, Total: 105530 ns
[2020-02-21T02:32:20.274+0000][1][safepoint    ] Safepoint "RevokeBias", Time since last: 2502743516 ns, Reaching safepoint: 84045 ns, At safepoint: 20505 ns, Total: 104550 ns
[2020-02-21T02:32:22.781+0000][1][safepoint    ] Safepoint "RevokeBias", Time since last: 2506563996 ns, Reaching safepoint: 101206 ns, At safepoint: 23988 ns, Total: 125194 ns
[2020-02-21T02:32:25.287+0000][1][safepoint    ] Safepoint "RevokeBias", Time since last: 2505888726 ns, Reaching safepoint: 104156 ns, At safepoint: 23430 ns, Total: 127586 ns
[2020-02-21T02:32:27.791+0000][1][safepoint    ] Safepoint "RevokeBias", Time since last: 2503310007 ns, Reaching safepoint: 122426 ns, At safepoint: 22957 ns, Total: 145383 ns
[2020-02-21T02:32:30.305+0000][1][safepoint    ] Safepoint "RevokeBias", Time since last: 2514027840 ns, Reaching safepoint: 68489 ns, At safepoint: 78818 ns, Total: 147307 ns
[2020-02-21T02:32:32.815+0000][1][safepoint    ] Safepoint "RevokeBias", Time since last: 2509721608 ns, Reaching safepoint: 121358 ns, At safepoint: 22509 ns, Total: 143867 ns
[2020-02-21T02:32:35.318+0000][1][safepoint    ] Safepoint "RevokeBias", Time since last: 2503234461 ns, Reaching safepoint: 117065 ns, At safepoint: 22105 ns, Total: 139170 ns
[2020-02-21T02:32:37.822+0000][1][safepoint    ] Safepoint "RevokeBias", Time since last: 2504168272 ns, Reaching safepoint: 85563 ns, At safepoint: 20503 ns, Total: 106066 ns
[2020-02-21T02:32:40.328+0000][1][safepoint    ] Safepoint "RevokeBias", Time since last: 2505404648 ns, Reaching safepoint: 70154 ns, At safepoint: 17369 ns, Total: 87523 ns
[2020-02-21T02:32:42.832+0000][1][safepoint    ] Safepoint "RevokeBias", Time since last: 2503738618 ns, Reaching safepoint: 86038 ns, At safepoint: 20607 ns, Total: 106645 ns
[2020-02-21T02:32:45.335+0000][1][safepoint    ] Safepoint "RevokeBias", Time since last: 2503669554 ns, Reaching safepoint: 84201 ns, At safepoint: 20426 ns, Total: 104627 ns
[2020-02-21T02:32:47.855+0000][1][safepoint    ] Safepoint "RevokeBias", Time since last: 2519879092 ns, Reaching safepoint: 50324 ns, At safepoint: 15119 ns, Total: 65443 ns
[2020-02-21T02:32:50.364+0000][1][safepoint    ] Safepoint "RevokeBias", Time since last: 2508710542 ns, Reaching safepoint: 73415 ns, At safepoint: 17155 ns, Total: 90570 ns
[2020-02-21T02:32:52.869+0000][1][safepoint    ] Safepoint "RevokeBias", Time since last: 2504728293 ns, Reaching safepoint: 91969 ns, At safepoint: 20587 ns, Total: 112556 ns
[2020-02-21T02:32:55.373+0000][1][safepoint    ] Safepoint "RevokeBias", Time since last: 2504112146 ns, Reaching safepoint: 72719 ns, At safepoint: 17396 ns, Total: 90115 ns
[2020-02-21T02:32:57.876+0000][1][safepoint    ] Safepoint "RevokeBias", Time since last: 2503150678 ns, Reaching safepoint: 82604 ns, At safepoint: 19466 ns, Total: 102070 ns
[2020-02-21T02:33:00.382+0000][1][safepoint    ] Safepoint "RevokeBias", Time since last: 2504965141 ns, Reaching safepoint: 112446 ns, At safepoint: 24568 ns, Total: 137014 ns
[2020-02-21T02:33:02.886+0000][1][safepoint    ] Safepoint "RevokeBias", Time since last: 2503946351 ns, Reaching safepoint: 120760 ns, At safepoint: 22379 ns, Total: 143139 ns
[2020-02-21T02:33:05.395+0000][1][safepoint    ] Safepoint "RevokeBias", Time since last: 2509444473 ns, Reaching safepoint: 71869 ns, At safepoint: 17077 ns, Total: 88946 ns
[2020-02-21T02:33:07.906+0000][1][safepoint    ] Safepoint "RevokeBias", Time since last: 2510823715 ns, Reaching safepoint: 76382 ns, At safepoint: 18408 ns, Total: 94790 ns
[2020-02-21T02:33:10.412+0000][1][safepoint    ] Safepoint "RevokeBias", Time since last: 2506195579 ns, Reaching safepoint: 112669 ns, At safepoint: 21417 ns, Total: 134086 ns
[2020-02-21T02:33:12.916+0000][1][safepoint    ] Safepoint "RevokeBias", Time since last: 2503346330 ns, Reaching safepoint: 84896 ns, At safepoint: 19968 ns, Total: 104864 ns
[2020-02-21T02:33:15.422+0000][1][safepoint    ] Safepoint "RevokeBias", Time since last: 2505997581 ns, Reaching safepoint: 86113 ns, At safepoint: 20519 ns, Total: 106632 ns
[2020-02-21T02:33:17.927+0000][1][safepoint    ] Safepoint "RevokeBias", Time since last: 2505094285 ns, Reaching safepoint: 85061 ns, At safepoint: 19563 ns, Total: 104624 ns
[2020-02-21T02:33:20.430+0000][1][safepoint    ] Safepoint "RevokeBias", Time since last: 2503140890 ns, Reaching safepoint: 85141 ns, At safepoint: 20182 ns, Total: 105323 ns
[2020-02-21T02:33:22.940+0000][1][safepoint    ] Safepoint "RevokeBias", Time since last: 2509089813 ns, Reaching safepoint: 88034 ns, At safepoint: 19966 ns, Total: 108000 ns
[2020-02-21T02:33:25.456+0000][1][safepoint    ] Safepoint "BulkRevokeBias", Time since last: 2516384149 ns, Reaching safepoint: 130540 ns, At safepoint: 222336 ns, Total: 352876 ns
[2020-02-21T02:33:27.960+0000][1][safepoint    ] Safepoint "RevokeBias", Time since last: 2503972757 ns, Reaching safepoint: 67734 ns, At safepoint: 29925 ns, Total: 97659 ns
[2020-02-21T02:33:30.464+0000][1][safepoint    ] Safepoint "RevokeBias", Time since last: 2503595512 ns, Reaching safepoint: 86113 ns, At safepoint: 20582 ns, Total: 106695 ns
[2020-02-21T02:33:31.465+0000][1][safepoint    ] Safepoint "Cleanup", Time since last: 1000377529 ns, Reaching safepoint: 93743 ns, At safepoint: 8452 ns, Total: 102195 ns
[2020-02-21T02:33:32.968+0000][1][safepoint    ] Safepoint "RevokeBias", Time since last: 1503355176 ns, Reaching safepoint: 103903 ns, At safepoint: 23996 ns, Total: 127899 ns
[2020-02-21T02:33:35.471+0000][1][safepoint    ] Safepoint "RevokeBias", Time since last: 2502918331 ns, Reaching safepoint: 67112 ns, At safepoint: 16195 ns, Total: 83307 ns
[2020-02-21T02:33:37.975+0000][1][safepoint    ] Safepoint "RevokeBias", Time since last: 2503412479 ns, Reaching safepoint: 82963 ns, At safepoint: 20370 ns, Total: 103333 ns
[2020-02-21T02:33:40.496+0000][1][safepoint    ] Safepoint "RevokeBias", Time since last: 2521657290 ns, Reaching safepoint: 71041 ns, At safepoint: 17078 ns, Total: 88119 ns
[2020-02-21T02:33:43.004+0000][1][safepoint    ] Safepoint "RevokeBias", Time since last: 2507399348 ns, Reaching safepoint: 83145 ns, At safepoint: 18916 ns, Total: 102061 ns
[2020-02-21T02:33:45.510+0000][1][safepoint    ] Safepoint "RevokeBias", Time since last: 2506429994 ns, Reaching safepoint: 85127 ns, At safepoint: 20038 ns, Total: 105165 ns
[2020-02-21T02:33:48.016+0000][1][safepoint    ] Safepoint "RevokeBias", Time since last: 2505933522 ns, Reaching safepoint: 83618 ns, At safepoint: 20809 ns, Total: 104427 ns
[2020-02-21T02:33:50.521+0000][1][safepoint    ] Safepoint "RevokeBias", Time since last: 2504148558 ns, Reaching safepoint: 84263 ns, At safepoint: 20448 ns, Total: 104711 ns
[2020-02-21T02:33:51.503+0000][1][gc,start     ] GC(59) Pause Young (Allocation Failure)
[2020-02-21T02:33:51.503+0000][1][gc,task      ] GC(59) Using 1 workers of 1 for evacuation
[2020-02-21T02:33:51.513+0000][1][gc,age       ] GC(59) Desired survivor size 4358144 bytes, new threshold 6 (max threshold 6)
[2020-02-21T02:33:51.513+0000][1][gc,age       ] GC(59) Age table with threshold 6 (max threshold 6)
[2020-02-21T02:33:51.513+0000][1][gc,age       ] GC(59) - age   1:      12312 bytes,      12312 total
[2020-02-21T02:33:51.513+0000][1][gc,age       ] GC(59) - age   2:        448 bytes,      12760 total
[2020-02-21T02:33:51.513+0000][1][gc,age       ] GC(59) - age   3:      17192 bytes,      29952 total
[2020-02-21T02:33:51.513+0000][1][gc,age       ] GC(59) - age   4:        352 bytes,      30304 total
[2020-02-21T02:33:51.513+0000][1][gc,age       ] GC(59) - age   5:      12672 bytes,      42976 total
[2020-02-21T02:33:51.514+0000][1][gc,age       ] GC(59) - age   6:         56 bytes,      43032 total
[2020-02-21T02:33:51.514+0000][1][gc,heap      ] GC(59) ParNew: 68233K->50K(76672K)
[2020-02-21T02:33:51.514+0000][1][gc,heap      ] GC(59) CMS: 62558K->62559K(963392K)
[2020-02-21T02:33:51.514+0000][1][gc,metaspace ] GC(59) Metaspace: 79710K->79710K(1122304K)
[2020-02-21T02:33:51.514+0000][1][gc           ] GC(59) Pause Young (Allocation Failure) 127M->61M(1015M) 10.556ms
[2020-02-21T02:33:51.514+0000][1][gc,cpu       ] GC(59) User=0.01s Sys=0.00s Real=0.01s
[2020-02-21T02:33:51.514+0000][1][safepoint    ] Safepoint "GenCollectForAllocation", Time since last: 982368187 ns, Reaching safepoint: 86680 ns, At safepoint: 10660977 ns, Total: 10747657 ns
[2020-02-21T02:33:53.024+0000][1][safepoint    ] Safepoint "RevokeBias", Time since last: 1510028208 ns, Reaching safepoint: 85554 ns, At safepoint: 20370 ns, Total: 105924 ns
[2020-02-21T02:33:55.530+0000][1][safepoint    ] Safepoint "RevokeBias", Time since last: 2506293640 ns, Reaching safepoint: 84012 ns, At safepoint: 20814 ns, Total: 104826 ns
[2020-02-21T02:33:58.047+0000][1][safepoint    ] Safepoint "RevokeBias", Time since last: 2516512323 ns, Reaching safepoint: 52029 ns, At safepoint: 14769 ns, Total: 66798 ns
[2020-02-21T02:34:00.558+0000][1][safepoint    ] Safepoint "RevokeBias", Time since last: 2511167068 ns, Reaching safepoint: 76022 ns, At safepoint: 18202 ns, Total: 94224 ns
[2020-02-21T02:34:03.061+0000][1][safepoint    ] Safepoint "RevokeBias", Time since last: 2502565026 ns, Reaching safepoint: 102817 ns, At safepoint: 24009 ns, Total: 126826 ns
[2020-02-21T02:34:05.565+0000][1][safepoint    ] Safepoint "RevokeBias", Time since last: 2504123507 ns, Reaching safepoint: 84965 ns, At safepoint: 20346 ns, Total: 105311 ns
[2020-02-21T02:34:08.070+0000][1][safepoint    ] Safepoint "RevokeBias", Time since last: 2504611074 ns, Reaching safepoint: 165671 ns, At safepoint: 20327 ns, Total: 185998 ns
[2020-02-21T02:34:10.574+0000][1][safepoint    ] Safepoint "RevokeBias", Time since last: 2504329587 ns, Reaching safepoint: 84947 ns, At safepoint: 20473 ns, Total: 105420 ns
[2020-02-21T02:34:13.079+0000][1][safepoint    ] Safepoint "RevokeBias", Time since last: 2504190924 ns, Reaching safepoint: 73837 ns, At safepoint: 17821 ns, Total: 91658 ns
[2020-02-21T02:34:15.589+0000][1][safepoint    ] Safepoint "RevokeBias", Time since last: 2509995770 ns, Reaching safepoint: 51715 ns, At safepoint: 15415 ns, Total: 67130 ns
[2020-02-21T02:34:18.098+0000][1][safepoint    ] Safepoint "RevokeBias", Time since last: 2509551915 ns, Reaching safepoint: 89845 ns, At safepoint: 20159 ns, Total: 110004 ns
[2020-02-21T02:34:20.100+0000][1][safepoint    ] Safepoint "Cleanup", Time since last: 2001105558 ns, Reaching safepoint: 94779 ns, At safepoint: 9633 ns, Total: 104412 ns
[2020-02-21T02:34:20.601+0000][1][safepoint    ] Safepoint "RevokeBias", Time since last: 501328302 ns, Reaching safepoint: 71785 ns, At safepoint: 17714 ns, Total: 89499 ns
[2020-02-21T02:34:23.106+0000][1][safepoint    ] Safepoint "RevokeBias", Time since last: 2504882248 ns, Reaching safepoint: 84601 ns, At safepoint: 20366 ns, Total: 104967 ns
[2020-02-21T02:34:25.612+0000][1][safepoint    ] Safepoint "RevokeBias", Time since last: 2506320148 ns, Reaching safepoint: 85443 ns, At safepoint: 20060 ns, Total: 105503 ns
[2020-02-21T02:34:28.116+0000][1][safepoint    ] Safepoint "RevokeBias", Time since last: 2503260300 ns, Reaching safepoint: 81671 ns, At safepoint: 20228 ns, Total: 101899 ns
[2020-02-21T02:34:30.621+0000][1][safepoint    ] Safepoint "RevokeBias", Time since last: 2504971790 ns, Reaching safepoint: 72689 ns, At safepoint: 17936 ns, Total: 90625 ns
[2020-02-21T02:34:33.138+0000][1][safepoint    ] Safepoint "RevokeBias", Time since last: 2517469881 ns, Reaching safepoint: 141112 ns, At safepoint: 46904 ns, Total: 188016 ns
[2020-02-21T02:34:35.647+0000][1][safepoint    ] Safepoint "RevokeBias", Time since last: 2508812938 ns, Reaching safepoint: 85601 ns, At safepoint: 20639 ns, Total: 106240 ns
[2020-02-21T02:34:38.155+0000][1][safepoint    ] Safepoint "BulkRevokeBias", Time since last: 2507556140 ns, Reaching safepoint: 69505 ns, At safepoint: 171528 ns, Total: 241033 ns
[2020-02-21T02:34:40.662+0000][1][safepoint    ] Safepoint "RevokeBias", Time since last: 2506601680 ns, Reaching safepoint: 116730 ns, At safepoint: 23220 ns, Total: 139950 ns
[2020-02-21T02:34:43.165+0000][1][safepoint    ] Safepoint "RevokeBias", Time since last: 2502900467 ns, Reaching safepoint: 84119 ns, At safepoint: 20882 ns, Total: 105001 ns
[2020-02-21T02:34:45.671+0000][1][safepoint    ] Safepoint "RevokeBias", Time since last: 2505800901 ns, Reaching safepoint: 86987 ns, At safepoint: 20360 ns, Total: 107347 ns
[2020-02-21T02:34:48.176+0000][1][safepoint    ] Safepoint "RevokeBias", Time since last: 2504957268 ns, Reaching safepoint: 98860 ns, At safepoint: 23771 ns, Total: 122631 ns
[2020-02-21T02:34:50.698+0000][1][safepoint    ] Safepoint "RevokeBias", Time since last: 2522349053 ns, Reaching safepoint: 53584 ns, At safepoint: 15830 ns, Total: 69414 ns
[2020-02-21T02:34:53.208+0000][1][safepoint    ] Safepoint "RevokeBias", Time since last: 2509441024 ns, Reaching safepoint: 72290 ns, At safepoint: 16945 ns, Total: 89235 ns
[2020-02-21T02:34:55.714+0000][1][safepoint    ] Safepoint "RevokeBias", Time since last: 2506012278 ns, Reaching safepoint: 85391 ns, At safepoint: 20676 ns, Total: 106067 ns
[2020-02-21T02:34:58.217+0000][1][safepoint    ] Safepoint "RevokeBias", Time since last: 2503264469 ns, Reaching safepoint: 85358 ns, At safepoint: 20010 ns, Total: 105368 ns
[2020-02-21T02:35:00.723+0000][1][safepoint    ] Safepoint "RevokeBias", Time since last: 2505459333 ns, Reaching safepoint: 104231 ns, At safepoint: 20077 ns, Total: 124308 ns
[2020-02-21T02:35:03.227+0000][1][safepoint    ] Safepoint "RevokeBias", Time since last: 2503528328 ns, Reaching safepoint: 73225 ns, At safepoint: 17451 ns, Total: 90676 ns
[2020-02-21T02:35:05.730+0000][1][safepoint    ] Safepoint "RevokeBias", Time since last: 2503764959 ns, Reaching safepoint: 134722 ns, At safepoint: 19577 ns, Total: 154299 ns
[2020-02-21T02:35:08.250+0000][1][safepoint    ] Safepoint "RevokeBias", Time since last: 2519800828 ns, Reaching safepoint: 68421 ns, At safepoint: 16365 ns, Total: 84786 ns
[2020-02-21T02:35:10.252+0000][1][safepoint    ] Safepoint "Cleanup", Time since last: 2001562485 ns, Reaching safepoint: 93874 ns, At safepoint: 10799 ns, Total: 104673 ns
[2020-02-21T02:35:10.761+0000][1][safepoint    ] Safepoint "RevokeBias", Time since last: 509126921 ns, Reaching safepoint: 71964 ns, At safepoint: 17213 ns, Total: 89177 ns
[2020-02-21T02:35:13.265+0000][1][safepoint    ] Safepoint "RevokeBias", Time since last: 2503719662 ns, Reaching safepoint: 73334 ns, At safepoint: 17877 ns, Total: 91211 ns
[2020-02-21T02:35:15.769+0000][1][safepoint    ] Safepoint "RevokeBias", Time since last: 2504210635 ns, Reaching safepoint: 89800 ns, At safepoint: 18995 ns, Total: 108795 ns
[2020-02-21T02:35:18.274+0000][1][safepoint    ] Safepoint "RevokeBias", Time since last: 2504611294 ns, Reaching safepoint: 101815 ns, At safepoint: 23510 ns, Total: 125325 ns
[2020-02-21T02:35:20.777+0000][1][safepoint    ] Safepoint "RevokeBias", Time since last: 2502996993 ns, Reaching safepoint: 141296 ns, At safepoint: 28251 ns, Total: 169547 ns
[2020-02-21T02:35:23.283+0000][1][safepoint    ] Safepoint "RevokeBias", Time since last: 2505245351 ns, Reaching safepoint: 70675 ns, At safepoint: 17080 ns, Total: 87755 ns
[2020-02-21T02:35:25.799+0000][1][safepoint    ] Safepoint "RevokeBias", Time since last: 2516525043 ns, Reaching safepoint: 71183 ns, At safepoint: 16794 ns, Total: 87977 ns
[2020-02-21T02:35:28.312+0000][1][safepoint    ] Safepoint "RevokeBias", Time since last: 2512796794 ns, Reaching safepoint: 75402 ns, At safepoint: 17671 ns, Total: 93073 ns
[2020-02-21T02:35:30.818+0000][1][safepoint    ] Safepoint "RevokeBias", Time since last: 2505454609 ns, Reaching safepoint: 71959 ns, At safepoint: 17277 ns, Total: 89236 ns
[2020-02-21T02:35:33.321+0000][1][safepoint    ] Safepoint "RevokeBias", Time since last: 2503104844 ns, Reaching safepoint: 85279 ns, At safepoint: 20445 ns, Total: 105724 ns
[2020-02-21T02:35:35.824+0000][1][safepoint    ] Safepoint "RevokeBias", Time since last: 2503157261 ns, Reaching safepoint: 74176 ns, At safepoint: 17684 ns, Total: 91860 ns
[2020-02-21T02:35:38.330+0000][1][safepoint    ] Safepoint "RevokeBias", Time since last: 2505336085 ns, Reaching safepoint: 85713 ns, At safepoint: 20923 ns, Total: 106636 ns
[2020-02-21T02:35:40.836+0000][1][safepoint    ] Safepoint "RevokeBias", Time since last: 2506538360 ns, Reaching safepoint: 115943 ns, At safepoint: 29999 ns, Total: 145942 ns
[2020-02-21T02:35:43.354+0000][1][safepoint    ] Safepoint "RevokeBias", Time since last: 2517911726 ns, Reaching safepoint: 75057 ns, At safepoint: 16962 ns, Total: 92019 ns
[2020-02-21T02:35:45.871+0000][1][safepoint    ] Safepoint "RevokeBias", Time since last: 2516604100 ns, Reaching safepoint: 77117 ns, At safepoint: 18591 ns, Total: 95708 ns
[2020-02-21T02:35:48.377+0000][1][safepoint    ] Safepoint "RevokeBias", Time since last: 2505966243 ns, Reaching safepoint: 96550 ns, At safepoint: 21925 ns, Total: 118475 ns
[2020-02-21T02:35:50.880+0000][1][safepoint    ] Safepoint "BulkRevokeBias", Time since last: 2503161139 ns, Reaching safepoint: 89650 ns, At safepoint: 215780 ns, Total: 305430 ns
[2020-02-21T02:35:53.387+0000][1][safepoint    ] Safepoint "RevokeBias", Time since last: 2506139795 ns, Reaching safepoint: 86248 ns, At safepoint: 20032 ns, Total: 106280 ns
[2020-02-21T02:35:54.514+0000][1][safepoint    ] Safepoint "Cleanup", Time since last: 1127550239 ns, Reaching safepoint: 96411 ns, At safepoint: 8893 ns, Total: 105304 ns
[2020-02-21T02:35:55.892+0000][1][safepoint    ] Safepoint "RevokeBias", Time since last: 1377883131 ns, Reaching safepoint: 88185 ns, At safepoint: 20422 ns, Total: 108607 ns
[2020-02-21T02:35:58.396+0000][1][safepoint    ] Safepoint "RevokeBias", Time since last: 2503023685 ns, Reaching safepoint: 90073 ns, At safepoint: 20399 ns, Total: 110472 ns
[2020-02-21T02:36:00.905+0000][1][safepoint    ] Safepoint "RevokeBias", Time since last: 2509830967 ns, Reaching safepoint: 76396 ns, At safepoint: 17274 ns, Total: 93670 ns
[2020-02-21T02:36:03.413+0000][1][safepoint    ] Safepoint "RevokeBias", Time since last: 2507865153 ns, Reaching safepoint: 91178 ns, At safepoint: 20501 ns, Total: 111679 ns
[2020-02-21T02:36:05.920+0000][1][safepoint    ] Safepoint "RevokeBias", Time since last: 2506508544 ns, Reaching safepoint: 79355 ns, At safepoint: 17959 ns, Total: 97314 ns
[2020-02-21T02:36:08.424+0000][1][safepoint    ] Safepoint "RevokeBias", Time since last: 2503932393 ns, Reaching safepoint: 74858 ns, At safepoint: 18330 ns, Total: 93188 ns
[2020-02-21T02:36:10.930+0000][1][safepoint    ] Safepoint "RevokeBias", Time since last: 2506144084 ns, Reaching safepoint: 88005 ns, At safepoint: 21655 ns, Total: 109660 ns
[2020-02-21T02:36:11.611+0000][1][gc,start     ] GC(60) Pause Young (Allocation Failure)
[2020-02-21T02:36:11.611+0000][1][gc,task      ] GC(60) Using 1 workers of 1 for evacuation
[2020-02-21T02:36:11.622+0000][1][gc,age       ] GC(60) Desired survivor size 4358144 bytes, new threshold 6 (max threshold 6)
[2020-02-21T02:36:11.622+0000][1][gc,age       ] GC(60) Age table with threshold 6 (max threshold 6)
[2020-02-21T02:36:11.622+0000][1][gc,age       ] GC(60) - age   1:      13200 bytes,      13200 total
[2020-02-21T02:36:11.622+0000][1][gc,age       ] GC(60) - age   2:        376 bytes,      13576 total
[2020-02-21T02:36:11.622+0000][1][gc,age       ] GC(60) - age   3:        328 bytes,      13904 total
[2020-02-21T02:36:11.623+0000][1][gc,age       ] GC(60) - age   4:      17192 bytes,      31096 total
[2020-02-21T02:36:11.623+0000][1][gc,age       ] GC(60) - age   5:        352 bytes,      31448 total
[2020-02-21T02:36:11.623+0000][1][gc,age       ] GC(60) - age   6:      12672 bytes,      44120 total
[2020-02-21T02:36:11.623+0000][1][gc,heap      ] GC(60) ParNew: 68210K->75K(76672K)
[2020-02-21T02:36:11.623+0000][1][gc,heap      ] GC(60) CMS: 62559K->62559K(963392K)
[2020-02-21T02:36:11.623+0000][1][gc,metaspace ] GC(60) Metaspace: 79711K->79711K(1122304K)
[2020-02-21T02:36:11.623+0000][1][gc           ] GC(60) Pause Young (Allocation Failure) 127M->61M(1015M) 11.424ms
[2020-02-21T02:36:11.623+0000][1][gc,cpu       ] GC(60) User=0.01s Sys=0.00s Real=0.01s
[2020-02-21T02:36:11.623+0000][1][safepoint    ] Safepoint "GenCollectForAllocation", Time since last: 680918789 ns, Reaching safepoint: 87305 ns, At safepoint: 11475943 ns, Total: 11563248 ns
[2020-02-21T02:36:12.633+0000][1][safepoint    ] Safepoint "Cleanup", Time since last: 1009728273 ns, Reaching safepoint: 76234 ns, At safepoint: 5516 ns, Total: 81750 ns
[2020-02-21T02:36:13.433+0000][1][safepoint    ] Safepoint "RevokeBias", Time since last: 800787853 ns, Reaching safepoint: 89642 ns, At safepoint: 21052 ns, Total: 110694 ns
[2020-02-21T02:36:15.938+0000][1][safepoint    ] Safepoint "RevokeBias", Time since last: 2504404571 ns, Reaching safepoint: 78326 ns, At safepoint: 18834 ns, Total: 97160 ns
[2020-02-21T02:36:18.449+0000][1][safepoint    ] Safepoint "RevokeBias", Time since last: 2510664484 ns, Reaching safepoint: 73053 ns, At safepoint: 18014 ns, Total: 91067 ns
[2020-02-21T02:36:20.957+0000][1][safepoint    ] Safepoint "RevokeBias", Time since last: 2508310449 ns, Reaching safepoint: 89130 ns, At safepoint: 21408 ns, Total: 110538 ns
[2020-02-21T02:36:23.462+0000][1][safepoint    ] Safepoint "RevokeBias", Time since last: 2504514428 ns, Reaching safepoint: 76950 ns, At safepoint: 75751 ns, Total: 152701 ns
[2020-02-21T02:36:25.968+0000][1][safepoint    ] Safepoint "RevokeBias", Time since last: 2505661987 ns, Reaching safepoint: 123057 ns, At safepoint: 22945 ns, Total: 146002 ns
[2020-02-21T02:36:28.476+0000][1][safepoint    ] Safepoint "RevokeBias", Time since last: 2507783779 ns, Reaching safepoint: 82721 ns, At safepoint: 18288 ns, Total: 101009 ns
[2020-02-21T02:36:30.477+0000][1][safepoint    ] Safepoint "Cleanup", Time since last: 2001556684 ns, Reaching safepoint: 83782 ns, At safepoint: 6323 ns, Total: 90105 ns
[2020-02-21T02:36:30.979+0000][1][safepoint    ] Safepoint "RevokeBias", Time since last: 501739671 ns, Reaching safepoint: 86849 ns, At safepoint: 18858 ns, Total: 105707 ns
[2020-02-21T02:36:33.483+0000][1][safepoint    ] Safepoint "RevokeBias", Time since last: 2503413371 ns, Reaching safepoint: 88910 ns, At safepoint: 21297 ns, Total: 110207 ns
[2020-02-21T02:36:35.998+0000][1][safepoint    ] Safepoint "RevokeBias", Time since last: 2515330983 ns, Reaching safepoint: 74219 ns, At safepoint: 16647 ns, Total: 90866 ns
[2020-02-21T02:36:38.507+0000][1][safepoint    ] Safepoint "RevokeBias", Time since last: 2509385352 ns, Reaching safepoint: 89213 ns, At safepoint: 21009 ns, Total: 110222 ns
[2020-02-21T02:36:41.011+0000][1][safepoint    ] Safepoint "RevokeBias", Time since last: 2503711577 ns, Reaching safepoint: 90025 ns, At safepoint: 20449 ns, Total: 110474 ns
[2020-02-21T02:36:43.515+0000][1][safepoint    ] Safepoint "RevokeBias", Time since last: 2503239947 ns, Reaching safepoint: 79528 ns, At safepoint: 17977 ns, Total: 97505 ns
[2020-02-21T02:36:46.021+0000][1][safepoint    ] Safepoint "RevokeBias", Time since last: 2506377189 ns, Reaching safepoint: 89805 ns, At safepoint: 20968 ns, Total: 110773 ns
[2020-02-21T02:36:48.526+0000][1][safepoint    ] Safepoint "RevokeBias", Time since last: 2505049121 ns, Reaching safepoint: 104748 ns, At safepoint: 24525 ns, Total: 129273 ns
[2020-02-21T02:36:51.030+0000][1][safepoint    ] Safepoint "RevokeBias", Time since last: 2503775563 ns, Reaching safepoint: 88865 ns, At safepoint: 20563 ns, Total: 109428 ns
[2020-02-21T02:36:53.541+0000][1][safepoint    ] Safepoint "RevokeBias", Time since last: 2510933154 ns, Reaching safepoint: 57491 ns, At safepoint: 15955 ns, Total: 73446 ns
[2020-02-21T02:36:56.049+0000][1][safepoint    ] Safepoint "RevokeBias", Time since last: 2507741569 ns, Reaching safepoint: 84003 ns, At safepoint: 18823 ns, Total: 102826 ns
[2020-02-21T02:36:58.552+0000][1][safepoint    ] Safepoint "RevokeBias", Time since last: 2502741791 ns, Reaching safepoint: 119530 ns, At safepoint: 23650 ns, Total: 143180 ns
[2020-02-21T02:37:01.057+0000][1][safepoint    ] Safepoint "RevokeBias", Time since last: 2505127521 ns, Reaching safepoint: 89414 ns, At safepoint: 20501 ns, Total: 109915 ns
[2020-02-21T02:37:03.561+0000][1][safepoint    ] Safepoint "BulkRevokeBias", Time since last: 2503790538 ns, Reaching safepoint: 79720 ns, At safepoint: 235823 ns, Total: 315543 ns
[2020-02-21T02:37:06.065+0000][1][safepoint    ] Safepoint "RevokeBias", Time since last: 2503392372 ns, Reaching safepoint: 90187 ns, At safepoint: 84144 ns, Total: 174331 ns
[2020-02-21T02:37:08.570+0000][1][safepoint    ] Safepoint "RevokeBias", Time since last: 2505458488 ns, Reaching safepoint: 90495 ns, At safepoint: 20910 ns, Total: 111405 ns
[2020-02-21T02:37:10.662+0000][1][safepoint    ] Safepoint "Cleanup", Time since last: 2091297815 ns, Reaching safepoint: 98640 ns, At safepoint: 9036 ns, Total: 107676 ns
[2020-02-21T02:37:11.082+0000][1][safepoint    ] Safepoint "RevokeBias", Time since last: 419700560 ns, Reaching safepoint: 72267 ns, At safepoint: 17112 ns, Total: 89379 ns
[2020-02-21T02:37:13.590+0000][1][safepoint    ] Safepoint "RevokeBias", Time since last: 2508304620 ns, Reaching safepoint: 62405 ns, At safepoint: 18688 ns, Total: 81093 ns
[2020-02-21T02:37:16.096+0000][1][safepoint    ] Safepoint "RevokeBias", Time since last: 2505751035 ns, Reaching safepoint: 89304 ns, At safepoint: 21654 ns, Total: 110958 ns
[2020-02-21T02:37:18.602+0000][1][safepoint    ] Safepoint "RevokeBias", Time since last: 2505685096 ns, Reaching safepoint: 108365 ns, At safepoint: 24806 ns, Total: 133171 ns
[2020-02-21T02:37:21.105+0000][1][safepoint    ] Safepoint "RevokeBias", Time since last: 2503080450 ns, Reaching safepoint: 89143 ns, At safepoint: 21033 ns, Total: 110176 ns
[2020-02-21T02:37:23.611+0000][1][safepoint    ] Safepoint "RevokeBias", Time since last: 2506046271 ns, Reaching safepoint: 91094 ns, At safepoint: 20854 ns, Total: 111948 ns
[2020-02-21T02:37:26.119+0000][1][safepoint    ] Safepoint "RevokeBias", Time since last: 2507466431 ns, Reaching safepoint: 88770 ns, At safepoint: 21153 ns, Total: 109923 ns
[2020-02-21T02:37:28.624+0000][1][safepoint    ] Safepoint "RevokeBias", Time since last: 2505375870 ns, Reaching safepoint: 75326 ns, At safepoint: 18016 ns, Total: 93342 ns
[2020-02-21T02:37:31.132+0000][1][safepoint    ] Safepoint "RevokeBias", Time since last: 2508172978 ns, Reaching safepoint: 89757 ns, At safepoint: 20997 ns, Total: 110754 ns
[2020-02-21T02:37:33.640+0000][1][safepoint    ] Safepoint "RevokeBias", Time since last: 2507547388 ns, Reaching safepoint: 57653 ns, At safepoint: 16927 ns, Total: 74580 ns
[2020-02-21T02:37:36.143+0000][1][safepoint    ] Safepoint "RevokeBias", Time since last: 2503135630 ns, Reaching safepoint: 87969 ns, At safepoint: 20993 ns, Total: 108962 ns
[2020-02-21T02:37:38.647+0000][1][safepoint    ] Safepoint "RevokeBias", Time since last: 2504054591 ns, Reaching safepoint: 87693 ns, At safepoint: 20433 ns, Total: 108126 ns
[2020-02-21T02:37:41.155+0000][1][safepoint    ] Safepoint "RevokeBias", Time since last: 2507510953 ns, Reaching safepoint: 79858 ns, At safepoint: 18456 ns, Total: 98314 ns
[2020-02-21T02:37:42.156+0000][1][safepoint    ] Safepoint "Cleanup", Time since last: 1001081261 ns, Reaching safepoint: 103948 ns, At safepoint: 8286 ns, Total: 112234 ns
[2020-02-21T02:37:43.659+0000][1][safepoint    ] Safepoint "RevokeBias", Time since last: 1502293351 ns, Reaching safepoint: 89319 ns, At safepoint: 20892 ns, Total: 110211 ns
[2020-02-21T02:37:46.173+0000][1][safepoint    ] Safepoint "RevokeBias", Time since last: 2514558729 ns, Reaching safepoint: 124776 ns, At safepoint: 22295 ns, Total: 147071 ns
[2020-02-21T02:37:48.689+0000][1][safepoint    ] Safepoint "RevokeBias", Time since last: 2515801108 ns, Reaching safepoint: 112307 ns, At safepoint: 24312 ns, Total: 136619 ns
[2020-02-21T02:37:51.194+0000][1][safepoint    ] Safepoint "RevokeBias", Time since last: 2504323708 ns, Reaching safepoint: 87596 ns, At safepoint: 20429 ns, Total: 108025 ns
[2020-02-21T02:37:53.705+0000][1][safepoint    ] Safepoint "RevokeBias", Time since last: 2511616434 ns, Reaching safepoint: 92062 ns, At safepoint: 21035 ns, Total: 113097 ns
[2020-02-21T02:37:56.211+0000][1][safepoint    ] Safepoint "RevokeBias", Time since last: 2505965540 ns, Reaching safepoint: 87882 ns, At safepoint: 20481 ns, Total: 108363 ns
[2020-02-21T02:37:58.715+0000][1][safepoint    ] Safepoint "RevokeBias", Time since last: 2503826261 ns, Reaching safepoint: 92483 ns, At safepoint: 21178 ns, Total: 113661 ns
[2020-02-21T02:37:59.716+0000][1][safepoint    ] Safepoint "Cleanup", Time since last: 1001006563 ns, Reaching safepoint: 79588 ns, At safepoint: 6541 ns, Total: 86129 ns
[2020-02-21T02:38:01.220+0000][1][safepoint    ] Safepoint "RevokeBias", Time since last: 1503749913 ns, Reaching safepoint: 88736 ns, At safepoint: 21332 ns, Total: 110068 ns
[2020-02-21T02:38:03.733+0000][1][safepoint    ] Safepoint "RevokeBias", Time since last: 2512413744 ns, Reaching safepoint: 75219 ns, At safepoint: 17813 ns, Total: 93032 ns
[2020-02-21T02:38:06.243+0000][1][safepoint    ] Safepoint "RevokeBias", Time since last: 2509607000 ns, Reaching safepoint: 87242 ns, At safepoint: 20485 ns, Total: 107727 ns
[2020-02-21T02:38:08.749+0000][1][safepoint    ] Safepoint "RevokeBias", Time since last: 2505843832 ns, Reaching safepoint: 107082 ns, At safepoint: 24308 ns, Total: 131390 ns
[2020-02-21T02:38:09.752+0000][1][safepoint    ] Safepoint "Cleanup", Time since last: 1003829018 ns, Reaching safepoint: 64587 ns, At safepoint: 6174 ns, Total: 70761 ns
[2020-02-21T02:38:11.259+0000][1][safepoint    ] Safepoint "RevokeBias", Time since last: 1506389128 ns, Reaching safepoint: 88835 ns, At safepoint: 20771 ns, Total: 109606 ns
[2020-02-21T02:38:13.763+0000][1][safepoint    ] Safepoint "RevokeBias", Time since last: 2503791916 ns, Reaching safepoint: 90278 ns, At safepoint: 21565 ns, Total: 111843 ns
[2020-02-21T02:38:16.267+0000][1][safepoint    ] Safepoint "BulkRevokeBias", Time since last: 2504312537 ns, Reaching safepoint: 106786 ns, At safepoint: 220493 ns, Total: 327279 ns
[2020-02-21T02:38:18.772+0000][1][safepoint    ] Safepoint "RevokeBias", Time since last: 2504889475 ns, Reaching safepoint: 89943 ns, At safepoint: 21386 ns, Total: 111329 ns
[2020-02-21T02:38:19.773+0000][1][safepoint    ] Safepoint "Cleanup", Time since last: 1000617698 ns, Reaching safepoint: 99736 ns, At safepoint: 10167 ns, Total: 109903 ns
[2020-02-21T02:38:21.288+0000][1][safepoint    ] Safepoint "RevokeBias", Time since last: 1514924206 ns, Reaching safepoint: 76236 ns, At safepoint: 18039 ns, Total: 94275 ns
[2020-02-21T02:38:23.799+0000][1][safepoint    ] Safepoint "RevokeBias", Time since last: 2510270064 ns, Reaching safepoint: 75508 ns, At safepoint: 17165 ns, Total: 92673 ns
[2020-02-21T02:38:26.305+0000][1][safepoint    ] Safepoint "RevokeBias", Time since last: 2505867211 ns, Reaching safepoint: 90419 ns, At safepoint: 20649 ns, Total: 111068 ns
[2020-02-21T02:38:28.809+0000][1][safepoint    ] Safepoint "RevokeBias", Time since last: 2504457951 ns, Reaching safepoint: 88514 ns, At safepoint: 20668 ns, Total: 109182 ns
[2020-02-21T02:38:31.313+0000][1][safepoint    ] Safepoint "RevokeBias", Time since last: 2503508668 ns, Reaching safepoint: 77323 ns, At safepoint: 87853 ns, Total: 165176 ns
[2020-02-21T02:38:31.716+0000][1][gc,start     ] GC(61) Pause Young (Allocation Failure)
[2020-02-21T02:38:31.716+0000][1][gc,task      ] GC(61) Using 1 workers of 1 for evacuation
[2020-02-21T02:38:31.726+0000][1][gc,age       ] GC(61) Desired survivor size 4358144 bytes, new threshold 6 (max threshold 6)
[2020-02-21T02:38:31.726+0000][1][gc,age       ] GC(61) Age table with threshold 6 (max threshold 6)
[2020-02-21T02:38:31.726+0000][1][gc,age       ] GC(61) - age   1:      14976 bytes,      14976 total
[2020-02-21T02:38:31.727+0000][1][gc,age       ] GC(61) - age   2:        104 bytes,      15080 total
[2020-02-21T02:38:31.727+0000][1][gc,age       ] GC(61) - age   3:        376 bytes,      15456 total
[2020-02-21T02:38:31.727+0000][1][gc,age       ] GC(61) - age   4:        328 bytes,      15784 total
[2020-02-21T02:38:31.727+0000][1][gc,age       ] GC(61) - age   5:      17072 bytes,      32856 total
[2020-02-21T02:38:31.727+0000][1][gc,age       ] GC(61) - age   6:        352 bytes,      33208 total
[2020-02-21T02:38:31.727+0000][1][gc,heap      ] GC(61) ParNew: 68235K->51K(76672K)
[2020-02-21T02:38:31.727+0000][1][gc,heap      ] GC(61) CMS: 62559K->62571K(963392K)
[2020-02-21T02:38:31.727+0000][1][gc,metaspace ] GC(61) Metaspace: 79713K->79713K(1122304K)
[2020-02-21T02:38:31.727+0000][1][gc           ] GC(61) Pause Young (Allocation Failure) 127M->61M(1015M) 10.829ms
[2020-02-21T02:38:31.727+0000][1][gc,cpu       ] GC(61) User=0.01s Sys=0.00s Real=0.01s
[2020-02-21T02:38:31.727+0000][1][safepoint    ] Safepoint "GenCollectForAllocation", Time since last: 402876969 ns, Reaching safepoint: 77731 ns, At safepoint: 10881386 ns, Total: 10959117 ns
[2020-02-21T02:38:33.817+0000][1][safepoint    ] Safepoint "RevokeBias", Time since last: 2090012792 ns, Reaching safepoint: 86753 ns, At safepoint: 20521 ns, Total: 107274 ns
[2020-02-21T02:38:36.323+0000][1][safepoint    ] Safepoint "RevokeBias", Time since last: 2505675969 ns, Reaching safepoint: 87059 ns, At safepoint: 22125 ns, Total: 109184 ns
[2020-02-21T02:38:38.855+0000][1][safepoint    ] Safepoint "RevokeBias", Time since last: 2532216080 ns, Reaching safepoint: 70462 ns, At safepoint: 18413 ns, Total: 88875 ns
[2020-02-21T02:38:41.367+0000][1][safepoint    ] Safepoint "RevokeBias", Time since last: 2512055978 ns, Reaching safepoint: 89413 ns, At safepoint: 20911 ns, Total: 110324 ns
[2020-02-21T02:38:43.870+0000][1][safepoint    ] Safepoint "RevokeBias", Time since last: 2503108237 ns, Reaching safepoint: 88746 ns, At safepoint: 20985 ns, Total: 109731 ns
[2020-02-21T02:38:46.375+0000][1][safepoint    ] Safepoint "RevokeBias", Time since last: 2505115470 ns, Reaching safepoint: 77321 ns, At safepoint: 18100 ns, Total: 95421 ns
[2020-02-21T02:38:48.881+0000][1][safepoint    ] Safepoint "RevokeBias", Time since last: 2505526220 ns, Reaching safepoint: 88949 ns, At safepoint: 61154 ns, Total: 150103 ns
[2020-02-21T02:38:51.383+0000][1][safepoint    ] Safepoint "RevokeBias", Time since last: 2502173860 ns, Reaching safepoint: 82495 ns, At safepoint: 18980 ns, Total: 101475 ns
[2020-02-21T02:38:53.887+0000][1][safepoint    ] Safepoint "RevokeBias", Time since last: 2503644801 ns, Reaching safepoint: 88728 ns, At safepoint: 20776 ns, Total: 109504 ns
[2020-02-21T02:38:56.404+0000][1][safepoint    ] Safepoint "RevokeBias", Time since last: 2516805958 ns, Reaching safepoint: 74949 ns, At safepoint: 18552 ns, Total: 93501 ns
[2020-02-21T02:38:58.912+0000][1][safepoint    ] Safepoint "RevokeBias", Time since last: 2508310790 ns, Reaching safepoint: 89181 ns, At safepoint: 21048 ns, Total: 110229 ns
[2020-02-21T02:39:01.418+0000][1][safepoint    ] Safepoint "RevokeBias", Time since last: 2505213342 ns, Reaching safepoint: 76093 ns, At safepoint: 17595 ns, Total: 93688 ns
[2020-02-21T02:39:03.921+0000][1][safepoint    ] Safepoint "RevokeBias", Time since last: 2503567338 ns, Reaching safepoint: 85373 ns, At safepoint: 17459 ns, Total: 102832 ns
[2020-02-21T02:39:06.425+0000][1][safepoint    ] Safepoint "RevokeBias", Time since last: 2503282186 ns, Reaching safepoint: 87247 ns, At safepoint: 58213 ns, Total: 145460 ns
[2020-02-21T02:39:08.931+0000][1][safepoint    ] Safepoint "RevokeBias", Time since last: 2505519752 ns, Reaching safepoint: 107523 ns, At safepoint: 24725 ns, Total: 132248 ns
[2020-02-21T02:39:11.437+0000][1][safepoint    ] Safepoint "RevokeBias", Time since last: 2506274652 ns, Reaching safepoint: 111797 ns, At safepoint: 21039 ns, Total: 132836 ns
[2020-02-21T02:39:13.944+0000][1][safepoint    ] Safepoint "RevokeBias", Time since last: 2507132479 ns, Reaching safepoint: 84756 ns, At safepoint: 17002 ns, Total: 101758 ns
[2020-02-21T02:39:16.455+0000][1][safepoint    ] Safepoint "RevokeBias", Time since last: 2510910430 ns, Reaching safepoint: 90757 ns, At safepoint: 21098 ns, Total: 111855 ns
[2020-02-21T02:39:18.960+0000][1][safepoint    ] Safepoint "RevokeBias", Time since last: 2505130753 ns, Reaching safepoint: 76841 ns, At safepoint: 18060 ns, Total: 94901 ns
[2020-02-21T02:39:19.972+0000][1][safepoint    ] Safepoint "Cleanup", Time since last: 1011571741 ns, Reaching safepoint: 99971 ns, At safepoint: 6318 ns, Total: 106289 ns
[2020-02-21T02:39:21.471+0000][1][safepoint    ] Safepoint "RevokeBias", Time since last: 1498786216 ns, Reaching safepoint: 90453 ns, At safepoint: 21456 ns, Total: 111909 ns
[2020-02-21T02:39:23.977+0000][1][safepoint    ] Safepoint "RevokeBias", Time since last: 2505454999 ns, Reaching safepoint: 88131 ns, At safepoint: 20682 ns, Total: 108813 ns
[2020-02-21T02:39:26.482+0000][1][safepoint    ] Safepoint "RevokeBias", Time since last: 2504942637 ns, Reaching safepoint: 86029 ns, At safepoint: 20541 ns, Total: 106570 ns
[2020-02-21T02:39:28.986+0000][1][safepoint    ] Safepoint "BulkRevokeBias", Time since last: 2504109871 ns, Reaching safepoint: 89608 ns, At safepoint: 304194 ns, Total: 393802 ns
[2020-02-21T02:39:31.499+0000][1][safepoint    ] Safepoint "RevokeBias", Time since last: 2512821965 ns, Reaching safepoint: 72337 ns, At safepoint: 17294 ns, Total: 89631 ns
[2020-02-21T02:39:34.009+0000][1][safepoint    ] Safepoint "RevokeBias", Time since last: 2509562493 ns, Reaching safepoint: 90880 ns, At safepoint: 20212 ns, Total: 111092 ns
[2020-02-21T02:39:36.511+0000][1][safepoint    ] Safepoint "RevokeBias", Time since last: 2502043036 ns, Reaching safepoint: 87848 ns, At safepoint: 20596 ns, Total: 108444 ns
[2020-02-21T02:39:39.015+0000][1][safepoint    ] Safepoint "RevokeBias", Time since last: 2504435755 ns, Reaching safepoint: 89455 ns, At safepoint: 20548 ns, Total: 110003 ns
[2020-02-21T02:39:41.519+0000][1][safepoint    ] Safepoint "RevokeBias", Time since last: 2503704273 ns, Reaching safepoint: 90535 ns, At safepoint: 20905 ns, Total: 111440 ns
[2020-02-21T02:39:44.023+0000][1][safepoint    ] Safepoint "RevokeBias", Time since last: 2503578470 ns, Reaching safepoint: 89745 ns, At safepoint: 20752 ns, Total: 110497 ns
[2020-02-21T02:39:46.529+0000][1][safepoint    ] Safepoint "RevokeBias", Time since last: 2505982683 ns, Reaching safepoint: 90337 ns, At safepoint: 20323 ns, Total: 110660 ns
[2020-02-21T02:39:49.040+0000][1][safepoint    ] Safepoint "RevokeBias", Time since last: 2511233076 ns, Reaching safepoint: 75022 ns, At safepoint: 17208 ns, Total: 92230 ns
[2020-02-21T02:39:51.549+0000][1][safepoint    ] Safepoint "RevokeBias", Time since last: 2508245580 ns, Reaching safepoint: 92397 ns, At safepoint: 20917 ns, Total: 113314 ns
[2020-02-21T02:39:54.054+0000][1][safepoint    ] Safepoint "RevokeBias", Time since last: 2504988530 ns, Reaching safepoint: 92060 ns, At safepoint: 20706 ns, Total: 112766 ns
[2020-02-21T02:39:56.558+0000][1][safepoint    ] Safepoint "RevokeBias", Time since last: 2503973589 ns, Reaching safepoint: 87282 ns, At safepoint: 20412 ns, Total: 107694 ns
[2020-02-21T02:39:59.067+0000][1][safepoint    ] Safepoint "RevokeBias", Time since last: 2509150509 ns, Reaching safepoint: 83692 ns, At safepoint: 19342 ns, Total: 103034 ns
[2020-02-21T02:40:01.573+0000][1][safepoint    ] Safepoint "RevokeBias", Time since last: 2505955483 ns, Reaching safepoint: 108645 ns, At safepoint: 21355 ns, Total: 130000 ns
[2020-02-21T02:40:04.077+0000][1][safepoint    ] Safepoint "RevokeBias", Time since last: 2503722646 ns, Reaching safepoint: 87681 ns, At safepoint: 20855 ns, Total: 108536 ns
[2020-02-21T02:40:06.589+0000][1][safepoint    ] Safepoint "RevokeBias", Time since last: 2511462613 ns, Reaching safepoint: 78628 ns, At safepoint: 19857 ns, Total: 98485 ns
[2020-02-21T02:40:09.100+0000][1][safepoint    ] Safepoint "RevokeBias", Time since last: 2510950977 ns, Reaching safepoint: 107486 ns, At safepoint: 21287 ns, Total: 128773 ns
[2020-02-21T02:40:11.606+0000][1][safepoint    ] Safepoint "RevokeBias", Time since last: 2505850814 ns, Reaching safepoint: 77471 ns, At safepoint: 18490 ns, Total: 95961 ns
[2020-02-21T02:40:14.109+0000][1][safepoint    ] Safepoint "RevokeBias", Time since last: 2503119542 ns, Reaching safepoint: 78819 ns, At safepoint: 19840 ns, Total: 98659 ns
[2020-02-21T02:40:16.613+0000][1][safepoint    ] Safepoint "RevokeBias", Time since last: 2504272639 ns, Reaching safepoint: 115544 ns, At safepoint: 24751 ns, Total: 140295 ns
[2020-02-21T02:40:19.116+0000][1][safepoint    ] Safepoint "RevokeBias", Time since last: 2502862008 ns, Reaching safepoint: 89143 ns, At safepoint: 20703 ns, Total: 109846 ns
[2020-02-21T02:40:21.620+0000][1][safepoint    ] Safepoint "RevokeBias", Time since last: 2503203046 ns, Reaching safepoint: 62600 ns, At safepoint: 17934 ns, Total: 80534 ns
[2020-02-21T02:40:24.129+0000][1][safepoint    ] Safepoint "RevokeBias", Time since last: 2509526734 ns, Reaching safepoint: 71389 ns, At safepoint: 18077 ns, Total: 89466 ns
[2020-02-21T02:40:26.648+0000][1][safepoint    ] Safepoint "RevokeBias", Time since last: 2518454901 ns, Reaching safepoint: 74275 ns, At safepoint: 15898 ns, Total: 90173 ns
[2020-02-21T02:40:29.156+0000][1][safepoint    ] Safepoint "RevokeBias", Time since last: 2508619238 ns, Reaching safepoint: 75949 ns, At safepoint: 17732 ns, Total: 93681 ns
[2020-02-21T02:40:31.662+0000][1][safepoint    ] Safepoint "RevokeBias", Time since last: 2505184456 ns, Reaching safepoint: 90386 ns, At safepoint: 21387 ns, Total: 111773 ns
[2020-02-21T02:40:34.165+0000][1][safepoint    ] Safepoint "RevokeBias", Time since last: 2503563830 ns, Reaching safepoint: 78263 ns, At safepoint: 17660 ns, Total: 95923 ns
[2020-02-21T02:40:36.669+0000][1][safepoint    ] Safepoint "RevokeBias", Time since last: 2503868964 ns, Reaching safepoint: 87888 ns, At safepoint: 21038 ns, Total: 108926 ns
[2020-02-21T02:40:39.175+0000][1][safepoint    ] Safepoint "RevokeBias", Time since last: 2506012189 ns, Reaching safepoint: 96385 ns, At safepoint: 22923 ns, Total: 119308 ns
[2020-02-21T02:40:41.687+0000][1][safepoint    ] Safepoint "BulkRevokeBias", Time since last: 2511286078 ns, Reaching safepoint: 75375 ns, At safepoint: 183884 ns, Total: 259259 ns
[2020-02-21T02:40:44.196+0000][1][safepoint    ] Safepoint "RevokeBias", Time since last: 2509298537 ns, Reaching safepoint: 87093 ns, At safepoint: 20894 ns, Total: 107987 ns
[2020-02-21T02:40:46.703+0000][1][safepoint    ] Safepoint "RevokeBias", Time since last: 2506341592 ns, Reaching safepoint: 76132 ns, At safepoint: 17744 ns, Total: 93876 ns
[2020-02-21T02:40:49.210+0000][1][safepoint    ] Safepoint "RevokeBias", Time since last: 2506808995 ns, Reaching safepoint: 106714 ns, At safepoint: 25663 ns, Total: 132377 ns
[2020-02-21T02:40:51.712+0000][1][safepoint    ] Safepoint "RevokeBias", Time since last: 2502087167 ns, Reaching safepoint: 89258 ns, At safepoint: 20237 ns, Total: 109495 ns
[2020-02-21T02:40:51.824+0000][1][gc,start     ] GC(62) Pause Young (Allocation Failure)
[2020-02-21T02:40:51.824+0000][1][gc,task      ] GC(62) Using 1 workers of 1 for evacuation
[2020-02-21T02:40:51.833+0000][1][gc,age       ] GC(62) Desired survivor size 4358144 bytes, new threshold 6 (max threshold 6)
[2020-02-21T02:40:51.833+0000][1][gc,age       ] GC(62) Age table with threshold 6 (max threshold 6)
[2020-02-21T02:40:51.833+0000][1][gc,age       ] GC(62) - age   1:      12024 bytes,      12024 total
[2020-02-21T02:40:51.833+0000][1][gc,age       ] GC(62) - age   2:       2168 bytes,      14192 total
[2020-02-21T02:40:51.833+0000][1][gc,age       ] GC(62) - age   3:        104 bytes,      14296 total
[2020-02-21T02:40:51.833+0000][1][gc,age       ] GC(62) - age   4:        376 bytes,      14672 total
[2020-02-21T02:40:51.833+0000][1][gc,age       ] GC(62) - age   5:        328 bytes,      15000 total
[2020-02-21T02:40:51.833+0000][1][gc,age       ] GC(62) - age   6:      17072 bytes,      32072 total
[2020-02-21T02:40:51.833+0000][1][gc,heap      ] GC(62) ParNew: 68211K->61K(76672K)
[2020-02-21T02:40:51.834+0000][1][gc,heap      ] GC(62) CMS: 62571K->62572K(963392K)
[2020-02-21T02:40:51.834+0000][1][gc,metaspace ] GC(62) Metaspace: 79714K->79714K(1122304K)
[2020-02-21T02:40:51.834+0000][1][gc           ] GC(62) Pause Young (Allocation Failure) 127M->61M(1015M) 9.518ms
[2020-02-21T02:40:51.834+0000][1][gc,cpu       ] GC(62) User=0.01s Sys=0.00s Real=0.01s
[2020-02-21T02:40:51.834+0000][1][safepoint    ] Safepoint "GenCollectForAllocation", Time since last: 111904541 ns, Reaching safepoint: 136189 ns, At safepoint: 9574842 ns, Total: 9711031 ns
[2020-02-21T02:40:54.218+0000][1][safepoint    ] Safepoint "RevokeBias", Time since last: 2383944628 ns, Reaching safepoint: 78369 ns, At safepoint: 18973 ns, Total: 97342 ns
[2020-02-21T02:40:56.723+0000][1][safepoint    ] Safepoint "RevokeBias", Time since last: 2505510693 ns, Reaching safepoint: 138825 ns, At safepoint: 24827 ns, Total: 163652 ns
[2020-02-21T02:40:59.241+0000][1][safepoint    ] Safepoint "RevokeBias", Time since last: 2517255004 ns, Reaching safepoint: 75749 ns, At safepoint: 17317 ns, Total: 93066 ns
[2020-02-21T02:41:01.756+0000][1][safepoint    ] Safepoint "RevokeBias", Time since last: 2513936248 ns, Reaching safepoint: 1549388 ns, At safepoint: 24581 ns, Total: 1573969 ns
[2020-02-21T02:41:04.259+0000][1][safepoint    ] Safepoint "RevokeBias", Time since last: 2502915892 ns, Reaching safepoint: 108148 ns, At safepoint: 24243 ns, Total: 132391 ns
[2020-02-21T02:41:06.763+0000][1][safepoint    ] Safepoint "RevokeBias", Time since last: 2504052744 ns, Reaching safepoint: 88333 ns, At safepoint: 21227 ns, Total: 109560 ns
[2020-02-21T02:41:09.268+0000][1][safepoint    ] Safepoint "RevokeBias", Time since last: 2504484744 ns, Reaching safepoint: 88719 ns, At safepoint: 57232 ns, Total: 145951 ns
[2020-02-21T02:41:11.772+0000][1][safepoint    ] Safepoint "RevokeBias", Time since last: 2503535472 ns, Reaching safepoint: 89296 ns, At safepoint: 20641 ns, Total: 109937 ns
[2020-02-21T02:41:14.275+0000][1][safepoint    ] Safepoint "RevokeBias", Time since last: 2503118348 ns, Reaching safepoint: 90255 ns, At safepoint: 20905 ns, Total: 111160 ns
[2020-02-21T02:41:16.788+0000][1][safepoint    ] Safepoint "RevokeBias", Time since last: 2513046161 ns, Reaching safepoint: 57539 ns, At safepoint: 16005 ns, Total: 73544 ns
[2020-02-21T02:41:19.300+0000][1][safepoint    ] Safepoint "RevokeBias", Time since last: 2511416585 ns, Reaching safepoint: 90480 ns, At safepoint: 20513 ns, Total: 110993 ns
[2020-02-21T02:41:21.804+0000][1][safepoint    ] Safepoint "RevokeBias", Time since last: 2503897134 ns, Reaching safepoint: 90052 ns, At safepoint: 21326 ns, Total: 111378 ns
[2020-02-21T02:41:24.309+0000][1][safepoint    ] Safepoint "RevokeBias", Time since last: 2505087177 ns, Reaching safepoint: 90172 ns, At safepoint: 21425 ns, Total: 111597 ns
[2020-02-21T02:41:26.818+0000][1][safepoint    ] Safepoint "RevokeBias", Time since last: 2507983170 ns, Reaching safepoint: 1380571 ns, At safepoint: 20754 ns, Total: 1401325 ns
[2020-02-21T02:41:29.323+0000][1][safepoint    ] Safepoint "RevokeBias", Time since last: 2504731803 ns, Reaching safepoint: 76835 ns, At safepoint: 17081 ns, Total: 93916 ns
[2020-02-21T02:41:31.827+0000][1][safepoint    ] Safepoint "RevokeBias", Time since last: 2503474220 ns, Reaching safepoint: 76138 ns, At safepoint: 17250 ns, Total: 93388 ns
[2020-02-21T02:41:34.335+0000][1][safepoint    ] Safepoint "RevokeBias", Time since last: 2508611424 ns, Reaching safepoint: 71074 ns, At safepoint: 18223 ns, Total: 89297 ns
[2020-02-21T02:41:36.844+0000][1][safepoint    ] Safepoint "RevokeBias", Time since last: 2508694010 ns, Reaching safepoint: 93359 ns, At safepoint: 22245 ns, Total: 115604 ns
[2020-02-21T02:41:39.350+0000][1][safepoint    ] Safepoint "RevokeBias", Time since last: 2505398057 ns, Reaching safepoint: 88160 ns, At safepoint: 20257 ns, Total: 108417 ns
[2020-02-21T02:41:40.352+0000][1][safepoint    ] Safepoint "Cleanup", Time since last: 1002493613 ns, Reaching safepoint: 64577 ns, At safepoint: 6627 ns, Total: 71204 ns
[2020-02-21T02:41:41.852+0000][1][safepoint    ] Safepoint "RevokeBias", Time since last: 1499891003 ns, Reaching safepoint: 119751 ns, At safepoint: 23235 ns, Total: 142986 ns
[2020-02-21T02:41:44.355+0000][1][safepoint    ] Safepoint "RevokeBias", Time since last: 2503172620 ns, Reaching safepoint: 152853 ns, At safepoint: 25132 ns, Total: 177985 ns
[2020-02-21T02:41:46.859+0000][1][safepoint    ] Safepoint "RevokeBias", Time since last: 2503397333 ns, Reaching safepoint: 86958 ns, At safepoint: 20369 ns, Total: 107327 ns
[2020-02-21T02:41:49.363+0000][1][safepoint    ] Safepoint "RevokeBias", Time since last: 2503861885 ns, Reaching safepoint: 90106 ns, At safepoint: 21071 ns, Total: 111177 ns
[2020-02-21T02:41:51.873+0000][1][safepoint    ] Safepoint "RevokeBias", Time since last: 2510426780 ns, Reaching safepoint: 78387 ns, At safepoint: 18829 ns, Total: 97216 ns
[2020-02-21T02:41:54.383+0000][1][safepoint    ] Safepoint "BulkRevokeBias", Time since last: 2509001893 ns, Reaching safepoint: 81512 ns, At safepoint: 196414 ns, Total: 277926 ns
[2020-02-21T02:41:56.887+0000][1][safepoint    ] Safepoint "RevokeBias", Time since last: 2504265125 ns, Reaching safepoint: 89308 ns, At safepoint: 21146 ns, Total: 110454 ns
[2020-02-21T02:41:59.391+0000][1][safepoint    ] Safepoint "RevokeBias", Time since last: 2503580391 ns, Reaching safepoint: 91563 ns, At safepoint: 20846 ns, Total: 112409 ns
[2020-02-21T02:42:01.894+0000][1][safepoint    ] Safepoint "RevokeBias", Time since last: 2503085482 ns, Reaching safepoint: 90510 ns, At safepoint: 21360 ns, Total: 111870 ns
[2020-02-21T02:42:04.398+0000][1][safepoint    ] Safepoint "RevokeBias", Time since last: 2503752182 ns, Reaching safepoint: 107905 ns, At safepoint: 25267 ns, Total: 133172 ns
[2020-02-21T02:42:06.901+0000][1][safepoint    ] Safepoint "RevokeBias", Time since last: 2503447602 ns, Reaching safepoint: 81524 ns, At safepoint: 52186 ns, Total: 133710 ns
[2020-02-21T02:42:09.416+0000][1][safepoint    ] Safepoint "RevokeBias", Time since last: 2514383762 ns, Reaching safepoint: 72185 ns, At safepoint: 17007 ns, Total: 89192 ns
[2020-02-21T02:42:11.923+0000][1][safepoint    ] Safepoint "RevokeBias", Time since last: 2507375104 ns, Reaching safepoint: 75318 ns, At safepoint: 18142 ns, Total: 93460 ns
[2020-02-21T02:42:14.427+0000][1][safepoint    ] Safepoint "RevokeBias", Time since last: 2503418332 ns, Reaching safepoint: 91296 ns, At safepoint: 20960 ns, Total: 112256 ns
[2020-02-21T02:42:16.932+0000][1][safepoint    ] Safepoint "RevokeBias", Time since last: 2504498988 ns, Reaching safepoint: 88909 ns, At safepoint: 20693 ns, Total: 109602 ns
[2020-02-21T02:42:19.437+0000][1][safepoint    ] Safepoint "RevokeBias", Time since last: 2504990871 ns, Reaching safepoint: 137701 ns, At safepoint: 30040 ns, Total: 167741 ns
[2020-02-21T02:42:21.940+0000][1][safepoint    ] Safepoint "RevokeBias", Time since last: 2503291020 ns, Reaching safepoint: 90745 ns, At safepoint: 20364 ns, Total: 111109 ns
[2020-02-21T02:42:24.445+0000][1][safepoint    ] Safepoint "RevokeBias", Time since last: 2504269513 ns, Reaching safepoint: 90182 ns, At safepoint: 22063 ns, Total: 112245 ns
[2020-02-21T02:42:26.959+0000][1][safepoint    ] Safepoint "RevokeBias", Time since last: 2514064324 ns, Reaching safepoint: 55976 ns, At safepoint: 15519 ns, Total: 71495 ns
[2020-02-21T02:42:29.469+0000][1][safepoint    ] Safepoint "RevokeBias", Time since last: 2510208106 ns, Reaching safepoint: 88354 ns, At safepoint: 20874 ns, Total: 109228 ns
[2020-02-21T02:42:31.975+0000][1][safepoint    ] Safepoint "RevokeBias", Time since last: 2505488410 ns, Reaching safepoint: 76947 ns, At safepoint: 17750 ns, Total: 94697 ns
[2020-02-21T02:42:34.478+0000][1][safepoint    ] Safepoint "RevokeBias", Time since last: 2503352293 ns, Reaching safepoint: 120819 ns, At safepoint: 23663 ns, Total: 144482 ns
[2020-02-21T02:42:36.982+0000][1][safepoint    ] Safepoint "RevokeBias", Time since last: 2503377530 ns, Reaching safepoint: 87876 ns, At safepoint: 21010 ns, Total: 108886 ns
[2020-02-21T02:42:39.486+0000][1][safepoint    ] Safepoint "RevokeBias", Time since last: 2503935271 ns, Reaching safepoint: 75428 ns, At safepoint: 18216 ns, Total: 93644 ns
[2020-02-21T02:42:41.990+0000][1][safepoint    ] Safepoint "RevokeBias", Time since last: 2504031659 ns, Reaching safepoint: 124424 ns, At safepoint: 22708 ns, Total: 147132 ns
[2020-02-21T02:42:44.503+0000][1][safepoint    ] Safepoint "RevokeBias", Time since last: 2513539942 ns, Reaching safepoint: 73326 ns, At safepoint: 17260 ns, Total: 90586 ns
[2020-02-21T02:42:47.013+0000][1][safepoint    ] Safepoint "RevokeBias", Time since last: 2509460086 ns, Reaching safepoint: 87647 ns, At safepoint: 20257 ns, Total: 107904 ns
[2020-02-21T02:42:49.519+0000][1][safepoint    ] Safepoint "RevokeBias", Time since last: 2505523146 ns, Reaching safepoint: 137210 ns, At safepoint: 31732 ns, Total: 168942 ns
[2020-02-21T02:42:52.023+0000][1][safepoint    ] Safepoint "RevokeBias", Time since last: 2503964393 ns, Reaching safepoint: 89005 ns, At safepoint: 20826 ns, Total: 109831 ns
[2020-02-21T02:42:54.530+0000][1][safepoint    ] Safepoint "RevokeBias", Time since last: 2506851982 ns, Reaching safepoint: 178029 ns, At safepoint: 26992 ns, Total: 205021 ns
[2020-02-21T02:42:57.034+0000][1][safepoint    ] Safepoint "RevokeBias", Time since last: 2504096287 ns, Reaching safepoint: 90322 ns, At safepoint: 21709 ns, Total: 112031 ns
[2020-02-21T02:42:59.537+0000][1][safepoint    ] Safepoint "RevokeBias", Time since last: 2503382414 ns, Reaching safepoint: 90804 ns, At safepoint: 20447 ns, Total: 111251 ns
[2020-02-21T02:43:02.054+0000][1][safepoint    ] Safepoint "RevokeBias", Time since last: 2516248357 ns, Reaching safepoint: 94944 ns, At safepoint: 17823 ns, Total: 112767 ns
[2020-02-21T02:43:04.563+0000][1][safepoint    ] Safepoint "RevokeBias", Time since last: 2509129066 ns, Reaching safepoint: 92640 ns, At safepoint: 21119 ns, Total: 113759 ns
[2020-02-21T02:43:07.066+0000][1][safepoint    ] Safepoint "BulkRevokeBias", Time since last: 2502255529 ns, Reaching safepoint: 76861 ns, At safepoint: 264308 ns, Total: 341169 ns
[2020-02-21T02:43:09.570+0000][1][safepoint    ] Safepoint "RevokeBias", Time since last: 2504685249 ns, Reaching safepoint: 86677 ns, At safepoint: 20274 ns, Total: 106951 ns
[2020-02-21T02:43:11.930+0000][1][gc,start     ] GC(63) Pause Young (Allocation Failure)
[2020-02-21T02:43:11.930+0000][1][gc,task      ] GC(63) Using 1 workers of 1 for evacuation
[2020-02-21T02:43:11.940+0000][1][gc,age       ] GC(63) Desired survivor size 4358144 bytes, new threshold 6 (max threshold 6)
[2020-02-21T02:43:11.940+0000][1][gc,age       ] GC(63) Age table with threshold 6 (max threshold 6)
[2020-02-21T02:43:11.940+0000][1][gc,age       ] GC(63) - age   1:      12144 bytes,      12144 total
[2020-02-21T02:43:11.940+0000][1][gc,age       ] GC(63) - age   2:         80 bytes,      12224 total
[2020-02-21T02:43:11.940+0000][1][gc,age       ] GC(63) - age   3:       2168 bytes,      14392 total
[2020-02-21T02:43:11.940+0000][1][gc,age       ] GC(63) - age   4:        104 bytes,      14496 total
[2020-02-21T02:43:11.940+0000][1][gc,age       ] GC(63) - age   5:        376 bytes,      14872 total
[2020-02-21T02:43:11.940+0000][1][gc,age       ] GC(63) - age   6:        328 bytes,      15200 total
[2020-02-21T02:43:11.940+0000][1][gc,heap      ] GC(63) ParNew: 68221K->19K(76672K)
[2020-02-21T02:43:11.941+0000][1][gc,heap      ] GC(63) CMS: 62572K->62588K(963392K)
[2020-02-21T02:43:11.941+0000][1][gc,metaspace ] GC(63) Metaspace: 79721K->79721K(1122304K)
[2020-02-21T02:43:11.941+0000][1][gc           ] GC(63) Pause Young (Allocation Failure) 127M->61M(1015M) 11.023ms
[2020-02-21T02:43:11.941+0000][1][gc,cpu       ] GC(63) User=0.01s Sys=0.00s Real=0.01s
[2020-02-21T02:43:11.941+0000][1][safepoint    ] Safepoint "GenCollectForAllocation", Time since last: 2358963887 ns, Reaching safepoint: 88403 ns, At safepoint: 11078842 ns, Total: 11167245 ns
[2020-02-21T02:43:12.074+0000][1][safepoint    ] Safepoint "RevokeBias", Time since last: 133203230 ns, Reaching safepoint: 74963 ns, At safepoint: 17302 ns, Total: 92265 ns
[2020-02-21T02:43:14.577+0000][1][safepoint    ] Safepoint "RevokeBias", Time since last: 2503323239 ns, Reaching safepoint: 78849 ns, At safepoint: 19584 ns, Total: 98433 ns
[2020-02-21T02:43:17.082+0000][1][safepoint    ] Safepoint "RevokeBias", Time since last: 2504612140 ns, Reaching safepoint: 127698 ns, At safepoint: 23522 ns, Total: 151220 ns
[2020-02-21T02:43:19.592+0000][1][safepoint    ] Safepoint "RevokeBias", Time since last: 2509955440 ns, Reaching safepoint: 72354 ns, At safepoint: 17022 ns, Total: 89376 ns
[2020-02-21T02:43:22.099+0000][1][safepoint    ] Safepoint "RevokeBias", Time since last: 2506628606 ns, Reaching safepoint: 124296 ns, At safepoint: 23009 ns, Total: 147305 ns
[2020-02-21T02:43:24.605+0000][1][safepoint    ] Safepoint "RevokeBias", Time since last: 2505801659 ns, Reaching safepoint: 89472 ns, At safepoint: 52619 ns, Total: 142091 ns
[2020-02-21T02:43:27.110+0000][1][safepoint    ] Safepoint "RevokeBias", Time since last: 2504638137 ns, Reaching safepoint: 77327 ns, At safepoint: 18146 ns, Total: 95473 ns
[2020-02-21T02:43:29.613+0000][1][safepoint    ] Safepoint "RevokeBias", Time since last: 2503244529 ns, Reaching safepoint: 83651 ns, At safepoint: 19123 ns, Total: 102774 ns
[2020-02-21T02:43:32.117+0000][1][safepoint    ] Safepoint "RevokeBias", Time since last: 2504083305 ns, Reaching safepoint: 90656 ns, At safepoint: 20793 ns, Total: 111449 ns
[2020-02-21T02:43:34.621+0000][1][safepoint    ] Safepoint "RevokeBias", Time since last: 2503784770 ns, Reaching safepoint: 81829 ns, At safepoint: 22203 ns, Total: 104032 ns
[2020-02-21T02:43:37.132+0000][1][safepoint    ] Safepoint "RevokeBias", Time since last: 2511246634 ns, Reaching safepoint: 76893 ns, At safepoint: 30746 ns, Total: 107639 ns
[2020-02-21T02:43:39.644+0000][1][safepoint    ] Safepoint "RevokeBias", Time since last: 2511916814 ns, Reaching safepoint: 93001 ns, At safepoint: 21608 ns, Total: 114609 ns
[2020-02-21T02:43:42.148+0000][1][safepoint    ] Safepoint "RevokeBias", Time since last: 2503950586 ns, Reaching safepoint: 94395 ns, At safepoint: 24640 ns, Total: 119035 ns
[2020-02-21T02:43:44.652+0000][1][safepoint    ] Safepoint "RevokeBias", Time since last: 2503843516 ns, Reaching safepoint: 83643 ns, At safepoint: 19839 ns, Total: 103482 ns
[2020-02-21T02:43:47.156+0000][1][safepoint    ] Safepoint "RevokeBias", Time since last: 2503128748 ns, Reaching safepoint: 130406 ns, At safepoint: 21524 ns, Total: 151930 ns
[2020-02-21T02:43:49.662+0000][1][safepoint    ] Safepoint "RevokeBias", Time since last: 2506428149 ns, Reaching safepoint: 90452 ns, At safepoint: 21290 ns, Total: 111742 ns
[2020-02-21T02:43:52.165+0000][1][safepoint    ] Safepoint "RevokeBias", Time since last: 2502644348 ns, Reaching safepoint: 88419 ns, At safepoint: 20881 ns, Total: 109300 ns
[2020-02-21T02:43:54.677+0000][1][safepoint    ] Safepoint "RevokeBias", Time since last: 2511860838 ns, Reaching safepoint: 75401 ns, At safepoint: 17972 ns, Total: 93373 ns
[2020-02-21T02:43:57.188+0000][1][safepoint    ] Safepoint "RevokeBias", Time since last: 2511086015 ns, Reaching safepoint: 91335 ns, At safepoint: 21512 ns, Total: 112847 ns
[2020-02-21T02:43:59.692+0000][1][safepoint    ] Safepoint "RevokeBias", Time since last: 2503587828 ns, Reaching safepoint: 88985 ns, At safepoint: 21291 ns, Total: 110276 ns
[2020-02-21T02:44:02.196+0000][1][safepoint    ] Safepoint "RevokeBias", Time since last: 2503745960 ns, Reaching safepoint: 95304 ns, At safepoint: 21000 ns, Total: 116304 ns
[2020-02-21T02:44:04.700+0000][1][safepoint    ] Safepoint "RevokeBias", Time since last: 2503834707 ns, Reaching safepoint: 97550 ns, At safepoint: 23194 ns, Total: 120744 ns
[2020-02-21T02:44:07.204+0000][1][safepoint    ] Safepoint "RevokeBias", Time since last: 2504031800 ns, Reaching safepoint: 89801 ns, At safepoint: 21416 ns, Total: 111217 ns
[2020-02-21T02:44:09.706+0000][1][safepoint    ] Safepoint "RevokeBias", Time since last: 2502530431 ns, Reaching safepoint: 85817 ns, At safepoint: 20426 ns, Total: 106243 ns
[2020-02-21T02:44:12.226+0000][1][safepoint    ] Safepoint "RevokeBias", Time since last: 2519473067 ns, Reaching safepoint: 75907 ns, At safepoint: 17440 ns, Total: 93347 ns
[2020-02-21T02:44:14.743+0000][1][safepoint    ] Safepoint "RevokeBias", Time since last: 2515512502 ns, Reaching safepoint: 1323435 ns, At safepoint: 26980 ns, Total: 1350415 ns
[2020-02-21T02:44:17.246+0000][1][safepoint    ] Safepoint "RevokeBias", Time since last: 2503048004 ns, Reaching safepoint: 91894 ns, At safepoint: 22646 ns, Total: 114540 ns
[2020-02-21T02:44:19.752+0000][1][safepoint    ] Safepoint "BulkRevokeBias", Time since last: 2506023624 ns, Reaching safepoint: 91916 ns, At safepoint: 258195 ns, Total: 350111 ns
[2020-02-21T02:44:22.256+0000][1][safepoint    ] Safepoint "RevokeBias", Time since last: 2503530726 ns, Reaching safepoint: 89992 ns, At safepoint: 20563 ns, Total: 110555 ns
[2020-02-21T02:44:24.761+0000][1][safepoint    ] Safepoint "RevokeBias", Time since last: 2504785416 ns, Reaching safepoint: 89655 ns, At safepoint: 20096 ns, Total: 109751 ns
[2020-02-21T02:44:27.266+0000][1][safepoint    ] Safepoint "RevokeBias", Time since last: 2504815935 ns, Reaching safepoint: 89935 ns, At safepoint: 20758 ns, Total: 110693 ns
[2020-02-21T02:44:29.777+0000][1][safepoint    ] Safepoint "RevokeBias", Time since last: 2511059093 ns, Reaching safepoint: 77737 ns, At safepoint: 17801 ns, Total: 95538 ns
[2020-02-21T02:44:32.284+0000][1][safepoint    ] Safepoint "RevokeBias", Time since last: 2507357043 ns, Reaching safepoint: 89194 ns, At safepoint: 21391 ns, Total: 110585 ns
[2020-02-21T02:44:34.787+0000][1][safepoint    ] Safepoint "RevokeBias", Time since last: 2502703111 ns, Reaching safepoint: 105320 ns, At safepoint: 24413 ns, Total: 129733 ns
[2020-02-21T02:44:37.291+0000][1][safepoint    ] Safepoint "RevokeBias", Time since last: 2503806668 ns, Reaching safepoint: 87447 ns, At safepoint: 20926 ns, Total: 108373 ns
[2020-02-21T02:44:39.797+0000][1][safepoint    ] Safepoint "RevokeBias", Time since last: 2505830391 ns, Reaching safepoint: 83103 ns, At safepoint: 19089 ns, Total: 102192 ns
[2020-02-21T02:44:42.302+0000][1][safepoint    ] Safepoint "RevokeBias", Time since last: 2505058493 ns, Reaching safepoint: 90694 ns, At safepoint: 21972 ns, Total: 112666 ns
[2020-02-21T02:44:44.805+0000][1][safepoint    ] Safepoint "RevokeBias", Time since last: 2502817477 ns, Reaching safepoint: 108761 ns, At safepoint: 24470 ns, Total: 133231 ns
[2020-02-21T02:44:47.323+0000][1][safepoint    ] Safepoint "RevokeBias", Time since last: 2517960600 ns, Reaching safepoint: 75789 ns, At safepoint: 17743 ns, Total: 93532 ns
[2020-02-21T02:44:49.835+0000][1][safepoint    ] Safepoint "RevokeBias", Time since last: 2511230083 ns, Reaching safepoint: 91983 ns, At safepoint: 20981 ns, Total: 112964 ns
[2020-02-21T02:44:52.338+0000][1][safepoint    ] Safepoint "RevokeBias", Time since last: 2503485861 ns, Reaching safepoint: 83565 ns, At safepoint: 19991 ns, Total: 103556 ns
[2020-02-21T02:44:54.844+0000][1][safepoint    ] Safepoint "RevokeBias", Time since last: 2505518365 ns, Reaching safepoint: 90883 ns, At safepoint: 20188 ns, Total: 111071 ns
[2020-02-21T02:44:57.348+0000][1][safepoint    ] Safepoint "RevokeBias", Time since last: 2503727789 ns, Reaching safepoint: 90931 ns, At safepoint: 21143 ns, Total: 112074 ns
[2020-02-21T02:44:59.851+0000][1][safepoint    ] Safepoint "RevokeBias", Time since last: 2503625659 ns, Reaching safepoint: 87521 ns, At safepoint: 20224 ns, Total: 107745 ns
[2020-02-21T02:45:02.355+0000][1][safepoint    ] Safepoint "RevokeBias", Time since last: 2503737207 ns, Reaching safepoint: 95607 ns, At safepoint: 19507 ns, Total: 115114 ns
[2020-02-21T02:45:04.864+0000][1][safepoint    ] Safepoint "RevokeBias", Time since last: 2508862981 ns, Reaching safepoint: 75670 ns, At safepoint: 18192 ns, Total: 93862 ns
[2020-02-21T02:45:07.374+0000][1][safepoint    ] Safepoint "RevokeBias", Time since last: 2509449720 ns, Reaching safepoint: 84275 ns, At safepoint: 20581 ns, Total: 104856 ns
[2020-02-21T02:45:09.878+0000][1][safepoint    ] Safepoint "RevokeBias", Time since last: 2503659459 ns, Reaching safepoint: 74925 ns, At safepoint: 18026 ns, Total: 92951 ns
[2020-02-21T02:45:12.382+0000][1][safepoint    ] Safepoint "RevokeBias", Time since last: 2503843693 ns, Reaching safepoint: 79056 ns, At safepoint: 19856 ns, Total: 98912 ns
[2020-02-21T02:45:14.886+0000][1][safepoint    ] Safepoint "RevokeBias", Time since last: 2504165009 ns, Reaching safepoint: 103948 ns, At safepoint: 24038 ns, Total: 127986 ns
[2020-02-21T02:45:17.390+0000][1][safepoint    ] Safepoint "RevokeBias", Time since last: 2504122496 ns, Reaching safepoint: 89828 ns, At safepoint: 20745 ns, Total: 110573 ns
[2020-02-21T02:45:19.897+0000][1][safepoint    ] Safepoint "RevokeBias", Time since last: 2506437576 ns, Reaching safepoint: 78992 ns, At safepoint: 18026 ns, Total: 97018 ns
[2020-02-21T02:45:22.415+0000][1][safepoint    ] Safepoint "RevokeBias", Time since last: 2517945646 ns, Reaching safepoint: 55708 ns, At safepoint: 15702 ns, Total: 71410 ns
[2020-02-21T02:45:24.927+0000][1][safepoint    ] Safepoint "RevokeBias", Time since last: 2512735105 ns, Reaching safepoint: 90095 ns, At safepoint: 21153 ns, Total: 111248 ns
[2020-02-21T02:45:27.436+0000][1][safepoint    ] Safepoint "RevokeBias", Time since last: 2508096305 ns, Reaching safepoint: 76923 ns, At safepoint: 19476 ns, Total: 96399 ns
[2020-02-21T02:45:29.958+0000][1][safepoint    ] Safepoint "RevokeBias", Time since last: 2522244629 ns, Reaching safepoint: 89850 ns, At safepoint: 19408 ns, Total: 109258 ns
[2020-02-21T02:45:31.960+0000][1][safepoint    ] Safepoint "Cleanup", Time since last: 2001560315 ns, Reaching safepoint: 101350 ns, At safepoint: 8306 ns, Total: 109656 ns
[2020-02-21T02:45:32.033+0000][1][gc,start     ] GC(64) Pause Young (Allocation Failure)
[2020-02-21T02:45:32.033+0000][1][gc,task      ] GC(64) Using 1 workers of 1 for evacuation
[2020-02-21T02:45:32.045+0000][1][gc,age       ] GC(64) Desired survivor size 4358144 bytes, new threshold 6 (max threshold 6)
[2020-02-21T02:45:32.045+0000][1][gc,age       ] GC(64) Age table with threshold 6 (max threshold 6)
[2020-02-21T02:45:32.045+0000][1][gc,age       ] GC(64) - age   1:      14496 bytes,      14496 total
[2020-02-21T02:45:32.045+0000][1][gc,age       ] GC(64) - age   2:        232 bytes,      14728 total
[2020-02-21T02:45:32.045+0000][1][gc,age       ] GC(64) - age   3:         80 bytes,      14808 total
[2020-02-21T02:45:32.045+0000][1][gc,age       ] GC(64) - age   4:       2048 bytes,      16856 total
[2020-02-21T02:45:32.045+0000][1][gc,age       ] GC(64) - age   5:        104 bytes,      16960 total
[2020-02-21T02:45:32.046+0000][1][gc,age       ] GC(64) - age   6:        144 bytes,      17104 total
[2020-02-21T02:45:32.046+0000][1][gc,heap      ] GC(64) ParNew: 68179K->31K(76672K)
[2020-02-21T02:45:32.046+0000][1][gc,heap      ] GC(64) CMS: 62588K->62589K(963392K)
[2020-02-21T02:45:32.046+0000][1][gc,metaspace ] GC(64) Metaspace: 79726K->79726K(1122304K)
[2020-02-21T02:45:32.046+0000][1][gc           ] GC(64) Pause Young (Allocation Failure) 127M->61M(1015M) 12.404ms
[2020-02-21T02:45:32.046+0000][1][gc,cpu       ] GC(64) User=0.01s Sys=0.01s Real=0.02s
[2020-02-21T02:45:32.046+0000][1][safepoint    ] Safepoint "GenCollectForAllocation", Time since last: 73478751 ns, Reaching safepoint: 90144 ns, At safepoint: 12465995 ns, Total: 12556139 ns
[2020-02-21T02:45:32.471+0000][1][safepoint    ] Safepoint "BulkRevokeBias", Time since last: 424797342 ns, Reaching safepoint: 91866 ns, At safepoint: 277093 ns, Total: 368959 ns
[2020-02-21T02:45:34.975+0000][1][safepoint    ] Safepoint "RevokeBias", Time since last: 2503526793 ns, Reaching safepoint: 90203 ns, At safepoint: 20935 ns, Total: 111138 ns
[2020-02-21T02:45:37.478+0000][1][safepoint    ] Safepoint "RevokeBias", Time since last: 2503000264 ns, Reaching safepoint: 97784 ns, At safepoint: 20012 ns, Total: 117796 ns
[2020-02-21T02:45:39.992+0000][1][safepoint    ] Safepoint "RevokeBias", Time since last: 2514246674 ns, Reaching safepoint: 76969 ns, At safepoint: 17825 ns, Total: 94794 ns
[2020-02-21T02:45:42.501+0000][1][safepoint    ] Safepoint "RevokeBias", Time since last: 2509169465 ns, Reaching safepoint: 135682 ns, At safepoint: 21755 ns, Total: 157437 ns
[2020-02-21T02:45:45.004+0000][1][safepoint    ] Safepoint "RevokeBias", Time since last: 2503038014 ns, Reaching safepoint: 90067 ns, At safepoint: 20906 ns, Total: 110973 ns
[2020-02-21T02:45:47.510+0000][1][safepoint    ] Safepoint "RevokeBias", Time since last: 2505544734 ns, Reaching safepoint: 86842 ns, At safepoint: 19921 ns, Total: 106763 ns
[2020-02-21T02:45:50.013+0000][1][safepoint    ] Safepoint "RevokeBias", Time since last: 2503201775 ns, Reaching safepoint: 64064 ns, At safepoint: 18124 ns, Total: 82188 ns
[2020-02-21T02:45:52.518+0000][1][safepoint    ] Safepoint "RevokeBias", Time since last: 2504207781 ns, Reaching safepoint: 86408 ns, At safepoint: 20860 ns, Total: 107268 ns
[2020-02-21T02:45:55.024+0000][1][safepoint    ] Safepoint "RevokeBias", Time since last: 2506563694 ns, Reaching safepoint: 88801 ns, At safepoint: 20351 ns, Total: 109152 ns
[2020-02-21T02:45:57.535+0000][1][safepoint    ] Safepoint "RevokeBias", Time since last: 2510979277 ns, Reaching safepoint: 73767 ns, At safepoint: 17213 ns, Total: 90980 ns
[2020-02-21T02:46:00.050+0000][1][safepoint    ] Safepoint "RevokeBias", Time since last: 2514320562 ns, Reaching safepoint: 134053 ns, At safepoint: 28143 ns, Total: 162196 ns
[2020-02-21T02:46:02.555+0000][1][safepoint    ] Safepoint "RevokeBias", Time since last: 2504655143 ns, Reaching safepoint: 85574 ns, At safepoint: 20988 ns, Total: 106562 ns
[2020-02-21T02:46:05.057+0000][1][safepoint    ] Safepoint "RevokeBias", Time since last: 2502031579 ns, Reaching safepoint: 77108 ns, At safepoint: 18202 ns, Total: 95310 ns
[2020-02-21T02:46:07.561+0000][1][safepoint    ] Safepoint "RevokeBias", Time since last: 2503797462 ns, Reaching safepoint: 75399 ns, At safepoint: 17774 ns, Total: 93173 ns
[2020-02-21T02:46:10.065+0000][1][safepoint    ] Safepoint "RevokeBias", Time since last: 2504674649 ns, Reaching safepoint: 88098 ns, At safepoint: 20782 ns, Total: 108880 ns
[2020-02-21T02:46:12.570+0000][1][safepoint    ] Safepoint "RevokeBias", Time since last: 2504267682 ns, Reaching safepoint: 89355 ns, At safepoint: 20203 ns, Total: 109558 ns
[2020-02-21T02:46:15.086+0000][1][safepoint    ] Safepoint "RevokeBias", Time since last: 2516276562 ns, Reaching safepoint: 110962 ns, At safepoint: 19161 ns, Total: 130123 ns
[2020-02-21T02:46:17.595+0000][1][safepoint    ] Safepoint "RevokeBias", Time since last: 2508739553 ns, Reaching safepoint: 136614 ns, At safepoint: 19165 ns, Total: 155779 ns
[2020-02-21T02:46:20.099+0000][1][safepoint    ] Safepoint "RevokeBias", Time since last: 2503804011 ns, Reaching safepoint: 88920 ns, At safepoint: 20640 ns, Total: 109560 ns
[2020-02-21T02:46:22.603+0000][1][safepoint    ] Safepoint "RevokeBias", Time since last: 2503852057 ns, Reaching safepoint: 88066 ns, At safepoint: 21527 ns, Total: 109593 ns
[2020-02-21T02:46:25.109+0000][1][safepoint    ] Safepoint "RevokeBias", Time since last: 2505951874 ns, Reaching safepoint: 73539 ns, At safepoint: 16899 ns, Total: 90438 ns
[2020-02-21T02:46:27.613+0000][1][safepoint    ] Safepoint "RevokeBias", Time since last: 2504295740 ns, Reaching safepoint: 77482 ns, At safepoint: 18480 ns, Total: 95962 ns
[2020-02-21T02:46:30.117+0000][1][safepoint    ] Safepoint "RevokeBias", Time since last: 2503031874 ns, Reaching safepoint: 86193 ns, At safepoint: 20196 ns, Total: 106389 ns
[2020-02-21T02:46:32.629+0000][1][safepoint    ] Safepoint "RevokeBias", Time since last: 2512669220 ns, Reaching safepoint: 73652 ns, At safepoint: 17886 ns, Total: 91538 ns
[2020-02-21T02:46:35.139+0000][1][safepoint    ] Safepoint "RevokeBias", Time since last: 2509686134 ns, Reaching safepoint: 88390 ns, At safepoint: 20726 ns, Total: 109116 ns
[2020-02-21T02:46:37.643+0000][1][safepoint    ] Safepoint "RevokeBias", Time since last: 2503858410 ns, Reaching safepoint: 85582 ns, At safepoint: 20557 ns, Total: 106139 ns
[2020-02-21T02:46:39.651+0000][1][safepoint    ] Safepoint "Cleanup", Time since last: 2007574518 ns, Reaching safepoint: 116966 ns, At safepoint: 12781 ns, Total: 129747 ns
[2020-02-21T02:46:40.149+0000][1][safepoint    ] Safepoint "RevokeBias", Time since last: 498332906 ns, Reaching safepoint: 104375 ns, At safepoint: 24087 ns, Total: 128462 ns
[2020-02-21T02:46:42.653+0000][1][safepoint    ] Safepoint "RevokeBias", Time since last: 2503926107 ns, Reaching safepoint: 86164 ns, At safepoint: 20314 ns, Total: 106478 ns
[2020-02-21T02:46:45.157+0000][1][safepoint    ] Safepoint "BulkRevokeBias", Time since last: 2503430105 ns, Reaching safepoint: 97013 ns, At safepoint: 225980 ns, Total: 322993 ns
[2020-02-21T02:46:47.661+0000][1][safepoint    ] Safepoint "RevokeBias", Time since last: 2503475406 ns, Reaching safepoint: 70830 ns, At safepoint: 17323 ns, Total: 88153 ns
[2020-02-21T02:46:50.177+0000][1][safepoint    ] Safepoint "RevokeBias", Time since last: 2516695585 ns, Reaching safepoint: 55206 ns, At safepoint: 15856 ns, Total: 71062 ns
[2020-02-21T02:46:52.688+0000][1][safepoint    ] Safepoint "RevokeBias", Time since last: 2509979408 ns, Reaching safepoint: 106127 ns, At safepoint: 17747 ns, Total: 123874 ns
[2020-02-21T02:46:55.193+0000][1][safepoint    ] Safepoint "RevokeBias", Time since last: 2505398681 ns, Reaching safepoint: 103264 ns, At safepoint: 18800 ns, Total: 122064 ns
[2020-02-21T02:46:57.698+0000][1][safepoint    ] Safepoint "RevokeBias", Time since last: 2504585573 ns, Reaching safepoint: 74588 ns, At safepoint: 17695 ns, Total: 92283 ns
[2020-02-21T02:47:00.201+0000][1][safepoint    ] Safepoint "RevokeBias", Time since last: 2503382227 ns, Reaching safepoint: 90598 ns, At safepoint: 20012 ns, Total: 110610 ns
[2020-02-21T02:47:01.202+0000][1][safepoint    ] Safepoint "Cleanup", Time since last: 1000726361 ns, Reaching safepoint: 93282 ns, At safepoint: 8489 ns, Total: 101771 ns
[2020-02-21T02:47:02.705+0000][1][safepoint    ] Safepoint "RevokeBias", Time since last: 1503188139 ns, Reaching safepoint: 86258 ns, At safepoint: 20663 ns, Total: 106921 ns
[2020-02-21T02:47:05.208+0000][1][safepoint    ] Safepoint "RevokeBias", Time since last: 2502984589 ns, Reaching safepoint: 88069 ns, At safepoint: 20761 ns, Total: 108830 ns
[2020-02-21T02:47:07.718+0000][1][safepoint    ] Safepoint "RevokeBias", Time since last: 2509726164 ns, Reaching safepoint: 72866 ns, At safepoint: 17644 ns, Total: 90510 ns
[2020-02-21T02:47:10.234+0000][1][safepoint    ] Safepoint "RevokeBias", Time since last: 2515268672 ns, Reaching safepoint: 89002 ns, At safepoint: 20247 ns, Total: 109249 ns
[2020-02-21T02:47:12.738+0000][1][safepoint    ] Safepoint "RevokeBias", Time since last: 2504540304 ns, Reaching safepoint: 80315 ns, At safepoint: 18522 ns, Total: 98837 ns
[2020-02-21T02:47:15.242+0000][1][safepoint    ] Safepoint "RevokeBias", Time since last: 2503675556 ns, Reaching safepoint: 87388 ns, At safepoint: 21109 ns, Total: 108497 ns
[2020-02-21T02:47:17.747+0000][1][safepoint    ] Safepoint "RevokeBias", Time since last: 2505025094 ns, Reaching safepoint: 86817 ns, At safepoint: 20601 ns, Total: 107418 ns
[2020-02-21T02:47:20.258+0000][1][safepoint    ] Safepoint "RevokeBias", Time since last: 2510495742 ns, Reaching safepoint: 81343 ns, At safepoint: 17843 ns, Total: 99186 ns
[2020-02-21T02:47:22.761+0000][1][safepoint    ] Safepoint "RevokeBias", Time since last: 2502800051 ns, Reaching safepoint: 76599 ns, At safepoint: 18176 ns, Total: 94775 ns
[2020-02-21T02:47:25.271+0000][1][safepoint    ] Safepoint "RevokeBias", Time since last: 2510386270 ns, Reaching safepoint: 120011 ns, At safepoint: 17215 ns, Total: 137226 ns
[2020-02-21T02:47:27.785+0000][1][safepoint    ] Safepoint "RevokeBias", Time since last: 2513605413 ns, Reaching safepoint: 78007 ns, At safepoint: 18155 ns, Total: 96162 ns
[2020-02-21T02:47:30.288+0000][1][safepoint    ] Safepoint "RevokeBias", Time since last: 2502976649 ns, Reaching safepoint: 101758 ns, At safepoint: 24608 ns, Total: 126366 ns
[2020-02-21T02:47:32.792+0000][1][safepoint    ] Safepoint "RevokeBias", Time since last: 2503775752 ns, Reaching safepoint: 75510 ns, At safepoint: 16642 ns, Total: 92152 ns
[2020-02-21T02:47:35.295+0000][1][safepoint    ] Safepoint "RevokeBias", Time since last: 2502550956 ns, Reaching safepoint: 87464 ns, At safepoint: 20370 ns, Total: 107834 ns
[2020-02-21T02:47:37.798+0000][1][safepoint    ] Safepoint "RevokeBias", Time since last: 2503557655 ns, Reaching safepoint: 87829 ns, At safepoint: 19954 ns, Total: 107783 ns
[2020-02-21T02:47:40.304+0000][1][safepoint    ] Safepoint "RevokeBias", Time since last: 2505366338 ns, Reaching safepoint: 89547 ns, At safepoint: 20322 ns, Total: 109869 ns
[2020-02-21T02:47:42.305+0000][1][safepoint    ] Safepoint "Cleanup", Time since last: 2001021440 ns, Reaching safepoint: 93562 ns, At safepoint: 7692 ns, Total: 101254 ns
[2020-02-21T02:47:42.811+0000][1][safepoint    ] Safepoint "RevokeBias", Time since last: 505864545 ns, Reaching safepoint: 74002 ns, At safepoint: 16634 ns, Total: 90636 ns
[2020-02-21T02:47:45.322+0000][1][safepoint    ] Safepoint "RevokeBias", Time since last: 2510696612 ns, Reaching safepoint: 88350 ns, At safepoint: 19651 ns, Total: 108001 ns
[2020-02-21T02:47:47.826+0000][1][safepoint    ] Safepoint "RevokeBias", Time since last: 2504226865 ns, Reaching safepoint: 75360 ns, At safepoint: 16984 ns, Total: 92344 ns
[2020-02-21T02:47:50.332+0000][1][safepoint    ] Safepoint "RevokeBias", Time since last: 2505946435 ns, Reaching safepoint: 78219 ns, At safepoint: 17610 ns, Total: 95829 ns
[2020-02-21T02:47:52.151+0000][1][gc,start     ] GC(65) Pause Young (Allocation Failure)
[2020-02-21T02:47:52.151+0000][1][gc,task      ] GC(65) Using 1 workers of 1 for evacuation
[2020-02-21T02:47:52.161+0000][1][gc,age       ] GC(65) Desired survivor size 4358144 bytes, new threshold 6 (max threshold 6)
[2020-02-21T02:47:52.161+0000][1][gc,age       ] GC(65) Age table with threshold 6 (max threshold 6)
[2020-02-21T02:47:52.161+0000][1][gc,age       ] GC(65) - age   1:      12056 bytes,      12056 total
[2020-02-21T02:47:52.161+0000][1][gc,age       ] GC(65) - age   2:       1672 bytes,      13728 total
[2020-02-21T02:47:52.161+0000][1][gc,age       ] GC(65) - age   3:        232 bytes,      13960 total
[2020-02-21T02:47:52.161+0000][1][gc,age       ] GC(65) - age   4:         80 bytes,      14040 total
[2020-02-21T02:47:52.161+0000][1][gc,age       ] GC(65) - age   5:       2048 bytes,      16088 total
[2020-02-21T02:47:52.161+0000][1][gc,age       ] GC(65) - age   6:        104 bytes,      16192 total
[2020-02-21T02:47:52.161+0000][1][gc,heap      ] GC(65) ParNew: 68191K->20K(76672K)
[2020-02-21T02:47:52.161+0000][1][gc,heap      ] GC(65) CMS: 62589K->62589K(963392K)
[2020-02-21T02:47:52.161+0000][1][gc,metaspace ] GC(65) Metaspace: 79746K->79746K(1122304K)
[2020-02-21T02:47:52.161+0000][1][gc           ] GC(65) Pause Young (Allocation Failure) 127M->61M(1015M) 10.149ms
[2020-02-21T02:47:52.161+0000][1][gc,cpu       ] GC(65) User=0.01s Sys=0.00s Real=0.01s
[2020-02-21T02:47:52.161+0000][1][safepoint    ] Safepoint "GenCollectForAllocation", Time since last: 1819213799 ns, Reaching safepoint: 86983 ns, At safepoint: 10229173 ns, Total: 10316156 ns
[2020-02-21T02:47:52.835+0000][1][safepoint    ] Safepoint "RevokeBias", Time since last: 673874069 ns, Reaching safepoint: 80077 ns, At safepoint: 18375 ns, Total: 98452 ns
[2020-02-21T02:47:55.342+0000][1][safepoint    ] Safepoint "RevokeBias", Time since last: 2506573357 ns, Reaching safepoint: 77181 ns, At safepoint: 18593 ns, Total: 95774 ns
[2020-02-21T02:47:57.856+0000][1][safepoint    ] Safepoint "BulkRevokeBias", Time since last: 2513749589 ns, Reaching safepoint: 71917 ns, At safepoint: 318973 ns, Total: 390890 ns
[2020-02-21T02:48:00.374+0000][1][safepoint    ] Safepoint "RevokeBias", Time since last: 2517474090 ns, Reaching safepoint: 89421 ns, At safepoint: 53466 ns, Total: 142887 ns
[2020-02-21T02:48:02.885+0000][1][safepoint    ] Safepoint "RevokeBias", Time since last: 2510852298 ns, Reaching safepoint: 86666 ns, At safepoint: 20279 ns, Total: 106945 ns
[2020-02-21T02:48:05.388+0000][1][safepoint    ] Safepoint "RevokeBias", Time since last: 2503577104 ns, Reaching safepoint: 87012 ns, At safepoint: 20734 ns, Total: 107746 ns
[2020-02-21T02:48:07.892+0000][1][safepoint    ] Safepoint "RevokeBias", Time since last: 2503613270 ns, Reaching safepoint: 74914 ns, At safepoint: 17985 ns, Total: 92899 ns
[2020-02-21T02:48:10.398+0000][1][safepoint    ] Safepoint "RevokeBias", Time since last: 2505533087 ns, Reaching safepoint: 102088 ns, At safepoint: 23911 ns, Total: 125999 ns
[2020-02-21T02:48:12.402+0000][1][safepoint    ] Safepoint "Cleanup", Time since last: 2004325389 ns, Reaching safepoint: 85416 ns, At safepoint: 7303 ns, Total: 92719 ns
[2020-02-21T02:48:12.903+0000][1][safepoint    ] Safepoint "RevokeBias", Time since last: 500506291 ns, Reaching safepoint: 85473 ns, At safepoint: 20258 ns, Total: 105731 ns
[2020-02-21T02:48:15.406+0000][1][safepoint    ] Safepoint "RevokeBias", Time since last: 2503076609 ns, Reaching safepoint: 76010 ns, At safepoint: 17545 ns, Total: 93555 ns
[2020-02-21T02:48:17.918+0000][1][safepoint    ] Safepoint "RevokeBias", Time since last: 2511923632 ns, Reaching safepoint: 71750 ns, At safepoint: 16958 ns, Total: 88708 ns
[2020-02-21T02:48:20.428+0000][1][safepoint    ] Safepoint "RevokeBias", Time since last: 2509425413 ns, Reaching safepoint: 86813 ns, At safepoint: 19639 ns, Total: 106452 ns
[2020-02-21T02:48:22.929+0000][1][safepoint    ] Safepoint "RevokeBias", Time since last: 2501818340 ns, Reaching safepoint: 76017 ns, At safepoint: 17698 ns, Total: 93715 ns
[2020-02-21T02:48:25.437+0000][1][safepoint    ] Safepoint "RevokeBias", Time since last: 2507025885 ns, Reaching safepoint: 77936 ns, At safepoint: 19820 ns, Total: 97756 ns
[2020-02-21T02:48:27.945+0000][1][safepoint    ] Safepoint "RevokeBias", Time since last: 2507995821 ns, Reaching safepoint: 77342 ns, At safepoint: 17522 ns, Total: 94864 ns
[2020-02-21T02:48:30.447+0000][1][safepoint    ] Safepoint "RevokeBias", Time since last: 2502378384 ns, Reaching safepoint: 63667 ns, At safepoint: 19456 ns, Total: 83123 ns
[2020-02-21T02:48:32.952+0000][1][safepoint    ] Safepoint "RevokeBias", Time since last: 2505203843 ns, Reaching safepoint: 87547 ns, At safepoint: 20471 ns, Total: 108018 ns
[2020-02-21T02:48:35.471+0000][1][safepoint    ] Safepoint "RevokeBias", Time since last: 2518059979 ns, Reaching safepoint: 71521 ns, At safepoint: 17155 ns, Total: 88676 ns
[2020-02-21T02:48:37.979+0000][1][safepoint    ] Safepoint "RevokeBias", Time since last: 2508074193 ns, Reaching safepoint: 85457 ns, At safepoint: 19620 ns, Total: 105077 ns
[2020-02-21T02:48:40.486+0000][1][safepoint    ] Safepoint "RevokeBias", Time since last: 2506569995 ns, Reaching safepoint: 105121 ns, At safepoint: 24309 ns, Total: 129430 ns
[2020-02-21T02:48:42.991+0000][1][safepoint    ] Safepoint "RevokeBias", Time since last: 2505644394 ns, Reaching safepoint: 88659 ns, At safepoint: 21064 ns, Total: 109723 ns
[2020-02-21T02:48:45.496+0000][1][safepoint    ] Safepoint "RevokeBias", Time since last: 2504345740 ns, Reaching safepoint: 85811 ns, At safepoint: 21009 ns, Total: 106820 ns
[2020-02-21T02:48:48.000+0000][1][safepoint    ] Safepoint "RevokeBias", Time since last: 2503765121 ns, Reaching safepoint: 78151 ns, At safepoint: 17572 ns, Total: 95723 ns
[2020-02-21T02:48:50.506+0000][1][safepoint    ] Safepoint "RevokeBias", Time since last: 2506405969 ns, Reaching safepoint: 86803 ns, At safepoint: 20789 ns, Total: 107592 ns
[2020-02-21T02:48:53.020+0000][1][safepoint    ] Safepoint "RevokeBias", Time since last: 2513927086 ns, Reaching safepoint: 54679 ns, At safepoint: 15847 ns, Total: 70526 ns
[2020-02-21T02:48:55.536+0000][1][safepoint    ] Safepoint "RevokeBias", Time since last: 2515785802 ns, Reaching safepoint: 83258 ns, At safepoint: 20104 ns, Total: 103362 ns
[2020-02-21T02:48:58.041+0000][1][safepoint    ] Safepoint "RevokeBias", Time since last: 2505206647 ns, Reaching safepoint: 87129 ns, At safepoint: 20843 ns, Total: 107972 ns
[2020-02-21T02:48:59.046+0000][1][safepoint    ] Safepoint "Cleanup", Time since last: 1005058682 ns, Reaching safepoint: 65564 ns, At safepoint: 7218 ns, Total: 72782 ns
[2020-02-21T02:49:00.544+0000][1][safepoint    ] Safepoint "RevokeBias", Time since last: 1497977253 ns, Reaching safepoint: 78595 ns, At safepoint: 19040 ns, Total: 97635 ns
[2020-02-21T02:49:03.049+0000][1][safepoint    ] Safepoint "RevokeBias", Time since last: 2504419568 ns, Reaching safepoint: 90413 ns, At safepoint: 20977 ns, Total: 111390 ns
[2020-02-21T02:49:05.552+0000][1][safepoint    ] Safepoint "RevokeBias", Time since last: 2503205858 ns, Reaching safepoint: 87350 ns, At safepoint: 20046 ns, Total: 107396 ns
[2020-02-21T02:49:08.055+0000][1][safepoint    ] Safepoint "RevokeBias", Time since last: 2502870068 ns, Reaching safepoint: 75637 ns, At safepoint: 18930 ns, Total: 94567 ns
[2020-02-21T02:49:10.573+0000][1][safepoint    ] Safepoint "BulkRevokeBias", Time since last: 2517004321 ns, Reaching safepoint: 232852 ns, At safepoint: 559223 ns, Total: 792075 ns
[2020-02-21T02:49:13.080+0000][1][safepoint    ] Safepoint "RevokeBias", Time since last: 2507246020 ns, Reaching safepoint: 88989 ns, At safepoint: 20060 ns, Total: 109049 ns
[2020-02-21T02:49:14.081+0000][1][safepoint    ] Safepoint "Cleanup", Time since last: 1000540704 ns, Reaching safepoint: 90355 ns, At safepoint: 8883 ns, Total: 99238 ns
[2020-02-21T02:49:15.585+0000][1][safepoint    ] Safepoint "RevokeBias", Time since last: 1503319357 ns, Reaching safepoint: 86708 ns, At safepoint: 21005 ns, Total: 107713 ns
[2020-02-21T02:49:18.090+0000][1][safepoint    ] Safepoint "RevokeBias", Time since last: 2505134612 ns, Reaching safepoint: 87196 ns, At safepoint: 20581 ns, Total: 107777 ns
[2020-02-21T02:49:20.598+0000][1][safepoint    ] Safepoint "RevokeBias", Time since last: 2508085575 ns, Reaching safepoint: 84222 ns, At safepoint: 22242 ns, Total: 106464 ns
[2020-02-21T02:49:23.107+0000][1][safepoint    ] Safepoint "RevokeBias", Time since last: 2509393358 ns, Reaching safepoint: 85024 ns, At safepoint: 19882 ns, Total: 104906 ns
[2020-02-21T02:49:25.612+0000][1][safepoint    ] Safepoint "RevokeBias", Time since last: 2504826143 ns, Reaching safepoint: 124087 ns, At safepoint: 22268 ns, Total: 146355 ns
[2020-02-21T02:49:28.136+0000][1][safepoint    ] Safepoint "RevokeBias", Time since last: 2523785782 ns, Reaching safepoint: 72127 ns, At safepoint: 16165 ns, Total: 88292 ns
[2020-02-21T02:49:30.645+0000][1][safepoint    ] Safepoint "RevokeBias", Time since last: 2508894410 ns, Reaching safepoint: 86297 ns, At safepoint: 21195 ns, Total: 107492 ns
[2020-02-21T02:49:33.152+0000][1][safepoint    ] Safepoint "RevokeBias", Time since last: 2506447607 ns, Reaching safepoint: 88232 ns, At safepoint: 21138 ns, Total: 109370 ns
[2020-02-21T02:49:35.655+0000][1][safepoint    ] Safepoint "RevokeBias", Time since last: 2502891318 ns, Reaching safepoint: 81433 ns, At safepoint: 19091 ns, Total: 100524 ns
[2020-02-21T02:49:38.157+0000][1][safepoint    ] Safepoint "RevokeBias", Time since last: 2502499711 ns, Reaching safepoint: 80359 ns, At safepoint: 18309 ns, Total: 98668 ns
[2020-02-21T02:49:40.664+0000][1][safepoint    ] Safepoint "RevokeBias", Time since last: 2506587440 ns, Reaching safepoint: 106029 ns, At safepoint: 24371 ns, Total: 130400 ns
[2020-02-21T02:49:43.169+0000][1][safepoint    ] Safepoint "RevokeBias", Time since last: 2504712929 ns, Reaching safepoint: 84320 ns, At safepoint: 20586 ns, Total: 104906 ns
[2020-02-21T02:49:45.679+0000][1][safepoint    ] Safepoint "RevokeBias", Time since last: 2510061321 ns, Reaching safepoint: 71672 ns, At safepoint: 16926 ns, Total: 88598 ns
[2020-02-21T02:49:48.193+0000][1][safepoint    ] Safepoint "RevokeBias", Time since last: 2513828706 ns, Reaching safepoint: 86962 ns, At safepoint: 20811 ns, Total: 107773 ns
[2020-02-21T02:49:50.697+0000][1][safepoint    ] Safepoint "RevokeBias", Time since last: 2503766888 ns, Reaching safepoint: 88700 ns, At safepoint: 21343 ns, Total: 110043 ns
[2020-02-21T02:49:53.200+0000][1][safepoint    ] Safepoint "RevokeBias", Time since last: 2503070755 ns, Reaching safepoint: 174827 ns, At safepoint: 19088 ns, Total: 193915 ns
[2020-02-21T02:49:55.706+0000][1][safepoint    ] Safepoint "RevokeBias", Time since last: 2505317783 ns, Reaching safepoint: 79945 ns, At safepoint: 18653 ns, Total: 98598 ns
[2020-02-21T02:49:58.210+0000][1][safepoint    ] Safepoint "RevokeBias", Time since last: 2504286384 ns, Reaching safepoint: 86585 ns, At safepoint: 20391 ns, Total: 106976 ns
[2020-02-21T02:50:00.713+0000][1][safepoint    ] Safepoint "RevokeBias", Time since last: 2502774294 ns, Reaching safepoint: 81249 ns, At safepoint: 19104 ns, Total: 100353 ns
[2020-02-21T02:50:03.228+0000][1][safepoint    ] Safepoint "RevokeBias", Time since last: 2514873572 ns, Reaching safepoint: 73383 ns, At safepoint: 16954 ns, Total: 90337 ns
[2020-02-21T02:50:05.738+0000][1][safepoint    ] Safepoint "RevokeBias", Time since last: 2510314894 ns, Reaching safepoint: 89685 ns, At safepoint: 16932 ns, Total: 106617 ns
[2020-02-21T02:50:08.242+0000][1][safepoint    ] Safepoint "RevokeBias", Time since last: 2503360247 ns, Reaching safepoint: 87041 ns, At safepoint: 20824 ns, Total: 107865 ns
[2020-02-21T02:50:10.243+0000][1][safepoint    ] Safepoint "Cleanup", Time since last: 2000747329 ns, Reaching safepoint: 118596 ns, At safepoint: 10556 ns, Total: 129152 ns
[2020-02-21T02:50:10.747+0000][1][safepoint    ] Safepoint "RevokeBias", Time since last: 503921663 ns, Reaching safepoint: 95191 ns, At safepoint: 17885 ns, Total: 113076 ns
[2020-02-21T02:50:12.256+0000][1][gc,start     ] GC(66) Pause Young (Allocation Failure)
[2020-02-21T02:50:12.256+0000][1][gc,task      ] GC(66) Using 1 workers of 1 for evacuation
[2020-02-21T02:50:12.268+0000][1][gc,age       ] GC(66) Desired survivor size 4358144 bytes, new threshold 6 (max threshold 6)
[2020-02-21T02:50:12.268+0000][1][gc,age       ] GC(66) Age table with threshold 6 (max threshold 6)
[2020-02-21T02:50:12.268+0000][1][gc,age       ] GC(66) - age   1:      13688 bytes,      13688 total
[2020-02-21T02:50:12.268+0000][1][gc,age       ] GC(66) - age   2:        312 bytes,      14000 total
[2020-02-21T02:50:12.268+0000][1][gc,age       ] GC(66) - age   3:       1672 bytes,      15672 total
[2020-02-21T02:50:12.268+0000][1][gc,age       ] GC(66) - age   4:        232 bytes,      15904 total
[2020-02-21T02:50:12.268+0000][1][gc,age       ] GC(66) - age   5:         80 bytes,      15984 total
[2020-02-21T02:50:12.268+0000][1][gc,age       ] GC(66) - age   6:       2048 bytes,      18032 total
[2020-02-21T02:50:12.268+0000][1][gc,heap      ] GC(66) ParNew: 68180K->28K(76672K)
[2020-02-21T02:50:12.268+0000][1][gc,heap      ] GC(66) CMS: 62589K->62589K(963392K)
[2020-02-21T02:50:12.268+0000][1][gc,metaspace ] GC(66) Metaspace: 79782K->79782K(1122304K)
[2020-02-21T02:50:12.268+0000][1][gc           ] GC(66) Pause Young (Allocation Failure) 127M->61M(1015M) 12.104ms
[2020-02-21T02:50:12.268+0000][1][gc,cpu       ] GC(66) User=0.01s Sys=0.00s Real=0.02s
[2020-02-21T02:50:12.268+0000][1][safepoint    ] Safepoint "GenCollectForAllocation", Time since last: 1509194389 ns, Reaching safepoint: 82516 ns, At safepoint: 12158045 ns, Total: 12240561 ns
[2020-02-21T02:50:13.251+0000][1][safepoint    ] Safepoint "RevokeBias", Time since last: 982660181 ns, Reaching safepoint: 87892 ns, At safepoint: 20637 ns, Total: 108529 ns
[2020-02-21T02:50:15.755+0000][1][safepoint    ] Safepoint "RevokeBias", Time since last: 2504063703 ns, Reaching safepoint: 77901 ns, At safepoint: 18741 ns, Total: 96642 ns
[2020-02-21T02:50:18.259+0000][1][safepoint    ] Safepoint "RevokeBias", Time since last: 2503788049 ns, Reaching safepoint: 88325 ns, At safepoint: 20160 ns, Total: 108485 ns
[2020-02-21T02:50:20.260+0000][1][safepoint    ] Safepoint "Cleanup", Time since last: 2000680761 ns, Reaching safepoint: 97266 ns, At safepoint: 7633 ns, Total: 104899 ns
[2020-02-21T02:50:20.777+0000][1][safepoint    ] Safepoint "RevokeBias", Time since last: 517329414 ns, Reaching safepoint: 73510 ns, At safepoint: 36810 ns, Total: 110320 ns
[2020-02-21T02:50:23.287+0000][1][safepoint    ] Safepoint "BulkRevokeBias", Time since last: 2509490826 ns, Reaching safepoint: 80596 ns, At safepoint: 191985 ns, Total: 272581 ns
[2020-02-21T02:50:25.792+0000][1][safepoint    ] Safepoint "RevokeBias", Time since last: 2505434699 ns, Reaching safepoint: 73712 ns, At safepoint: 17113 ns, Total: 90825 ns
[2020-02-21T02:50:28.296+0000][1][safepoint    ] Safepoint "RevokeBias", Time since last: 2503270053 ns, Reaching safepoint: 77902 ns, At safepoint: 17259 ns, Total: 95161 ns
[2020-02-21T02:50:30.799+0000][1][safepoint    ] Safepoint "RevokeBias", Time since last: 2502924177 ns, Reaching safepoint: 74213 ns, At safepoint: 16680 ns, Total: 90893 ns
[2020-02-21T02:50:33.304+0000][1][safepoint    ] Safepoint "RevokeBias", Time since last: 2504714931 ns, Reaching safepoint: 117854 ns, At safepoint: 23056 ns, Total: 140910 ns
[2020-02-21T02:50:35.807+0000][1][safepoint    ] Safepoint "RevokeBias", Time since last: 2503179094 ns, Reaching safepoint: 75451 ns, At safepoint: 17005 ns, Total: 92456 ns
[2020-02-21T02:50:38.320+0000][1][safepoint    ] Safepoint "RevokeBias", Time since last: 2513034572 ns, Reaching safepoint: 73186 ns, At safepoint: 16813 ns, Total: 89999 ns
[2020-02-21T02:50:40.831+0000][1][safepoint    ] Safepoint "RevokeBias", Time since last: 2511032097 ns, Reaching safepoint: 90646 ns, At safepoint: 19871 ns, Total: 110517 ns
[2020-02-21T02:50:43.335+0000][1][safepoint    ] Safepoint "RevokeBias", Time since last: 2503775623 ns, Reaching safepoint: 78131 ns, At safepoint: 17366 ns, Total: 95497 ns
[2020-02-21T02:50:45.838+0000][1][safepoint    ] Safepoint "RevokeBias", Time since last: 2503100090 ns, Reaching safepoint: 75686 ns, At safepoint: 16841 ns, Total: 92527 ns
[2020-02-21T02:50:48.344+0000][1][safepoint    ] Safepoint "RevokeBias", Time since last: 2506100461 ns, Reaching safepoint: 86270 ns, At safepoint: 19882 ns, Total: 106152 ns
[2020-02-21T02:50:50.850+0000][1][safepoint    ] Safepoint "RevokeBias", Time since last: 2505109042 ns, Reaching safepoint: 73927 ns, At safepoint: 17624 ns, Total: 91551 ns
[2020-02-21T02:50:53.354+0000][1][safepoint    ] Safepoint "RevokeBias", Time since last: 2503805082 ns, Reaching safepoint: 84243 ns, At safepoint: 19729 ns, Total: 103972 ns
[2020-02-21T02:50:55.870+0000][1][safepoint    ] Safepoint "RevokeBias", Time since last: 2516463407 ns, Reaching safepoint: 54175 ns, At safepoint: 14942 ns, Total: 69117 ns
[2020-02-21T02:50:58.380+0000][1][safepoint    ] Safepoint "RevokeBias", Time since last: 2510018424 ns, Reaching safepoint: 78194 ns, At safepoint: 17621 ns, Total: 95815 ns
[2020-02-21T02:51:00.883+0000][1][safepoint    ] Safepoint "RevokeBias", Time since last: 2503069008 ns, Reaching safepoint: 86430 ns, At safepoint: 20335 ns, Total: 106765 ns
[2020-02-21T02:51:01.965+0000][1][safepoint    ] Safepoint "Cleanup", Time since last: 1081485459 ns, Reaching safepoint: 80304 ns, At safepoint: 6466 ns, Total: 86770 ns
[2020-02-21T02:51:03.388+0000][1][safepoint    ] Safepoint "RevokeBias", Time since last: 1422796576 ns, Reaching safepoint: 87551 ns, At safepoint: 20573 ns, Total: 108124 ns
[2020-02-21T02:51:05.892+0000][1][safepoint    ] Safepoint "RevokeBias", Time since last: 2504069341 ns, Reaching safepoint: 126182 ns, At safepoint: 21802 ns, Total: 147984 ns
[2020-02-21T02:51:08.396+0000][1][safepoint    ] Safepoint "RevokeBias", Time since last: 2504136875 ns, Reaching safepoint: 82138 ns, At safepoint: 18491 ns, Total: 100629 ns
[2020-02-21T02:51:10.903+0000][1][safepoint    ] Safepoint "RevokeBias", Time since last: 2506212359 ns, Reaching safepoint: 111307 ns, At safepoint: 21399 ns, Total: 132706 ns
[2020-02-21T02:51:13.412+0000][1][safepoint    ] Safepoint "RevokeBias", Time since last: 2508985215 ns, Reaching safepoint: 73822 ns, At safepoint: 17289 ns, Total: 91111 ns
[2020-02-21T02:51:15.926+0000][1][safepoint    ] Safepoint "RevokeBias", Time since last: 2514221512 ns, Reaching safepoint: 104147 ns, At safepoint: 22173 ns, Total: 126320 ns
[2020-02-21T02:51:18.431+0000][1][safepoint    ] Safepoint "RevokeBias", Time since last: 2505061321 ns, Reaching safepoint: 78047 ns, At safepoint: 17941 ns, Total: 95988 ns
[2020-02-21T02:51:20.935+0000][1][safepoint    ] Safepoint "RevokeBias", Time since last: 2504019911 ns, Reaching safepoint: 104006 ns, At safepoint: 24501 ns, Total: 128507 ns
[2020-02-21T02:51:23.440+0000][1][safepoint    ] Safepoint "RevokeBias", Time since last: 2504024484 ns, Reaching safepoint: 107074 ns, At safepoint: 20555 ns, Total: 127629 ns
[2020-02-21T02:51:25.947+0000][1][safepoint    ] Safepoint "RevokeBias", Time since last: 2507042606 ns, Reaching safepoint: 110030 ns, At safepoint: 18138 ns, Total: 128168 ns
[2020-02-21T02:51:28.453+0000][1][safepoint    ] Safepoint "RevokeBias", Time since last: 2505717288 ns, Reaching safepoint: 86103 ns, At safepoint: 20778 ns, Total: 106881 ns
[2020-02-21T02:51:30.963+0000][1][safepoint    ] Safepoint "RevokeBias", Time since last: 2510706095 ns, Reaching safepoint: 74871 ns, At safepoint: 17686 ns, Total: 92557 ns
[2020-02-21T02:51:33.476+0000][1][safepoint    ] Safepoint "RevokeBias", Time since last: 2512084329 ns, Reaching safepoint: 91247 ns, At safepoint: 20309 ns, Total: 111556 ns
[2020-02-21T02:51:35.979+0000][1][safepoint    ] Safepoint "BulkRevokeBias", Time since last: 2503312089 ns, Reaching safepoint: 84784 ns, At safepoint: 222521 ns, Total: 307305 ns
[2020-02-21T02:51:38.483+0000][1][safepoint    ] Safepoint "RevokeBias", Time since last: 2504119453 ns, Reaching safepoint: 76965 ns, At safepoint: 17446 ns, Total: 94411 ns
[2020-02-21T02:51:40.990+0000][1][safepoint    ] Safepoint "RevokeBias", Time since last: 2506051192 ns, Reaching safepoint: 95206 ns, At safepoint: 20009 ns, Total: 115215 ns
[2020-02-21T02:51:43.495+0000][1][safepoint    ] Safepoint "RevokeBias", Time since last: 2505268315 ns, Reaching safepoint: 86642 ns, At safepoint: 20415 ns, Total: 107057 ns
[2020-02-21T02:51:45.998+0000][1][safepoint    ] Safepoint "RevokeBias", Time since last: 2502909864 ns, Reaching safepoint: 87450 ns, At safepoint: 20101 ns, Total: 107551 ns
[2020-02-21T02:51:48.518+0000][1][safepoint    ] Safepoint "RevokeBias", Time since last: 2519474964 ns, Reaching safepoint: 54184 ns, At safepoint: 16176 ns, Total: 70360 ns
[2020-02-21T02:51:51.033+0000][1][safepoint    ] Safepoint "RevokeBias", Time since last: 2515230025 ns, Reaching safepoint: 106408 ns, At safepoint: 24242 ns, Total: 130650 ns
[2020-02-21T02:51:53.536+0000][1][safepoint    ] Safepoint "RevokeBias", Time since last: 2503517984 ns, Reaching safepoint: 88884 ns, At safepoint: 20939 ns, Total: 109823 ns
[2020-02-21T02:51:56.043+0000][1][safepoint    ] Safepoint "RevokeBias", Time since last: 2506625608 ns, Reaching safepoint: 86493 ns, At safepoint: 20465 ns, Total: 106958 ns
[2020-02-21T02:51:58.548+0000][1][safepoint    ] Safepoint "RevokeBias", Time since last: 2504324408 ns, Reaching safepoint: 79500 ns, At safepoint: 18927 ns, Total: 98427 ns
[2020-02-21T02:52:01.052+0000][1][safepoint    ] Safepoint "RevokeBias", Time since last: 2503773244 ns, Reaching safepoint: 88913 ns, At safepoint: 20970 ns, Total: 109883 ns
[2020-02-21T02:52:03.556+0000][1][safepoint    ] Safepoint "RevokeBias", Time since last: 2504511221 ns, Reaching safepoint: 87581 ns, At safepoint: 20598 ns, Total: 108179 ns
[2020-02-21T02:52:06.067+0000][1][safepoint    ] Safepoint "RevokeBias", Time since last: 2510482768 ns, Reaching safepoint: 73972 ns, At safepoint: 84841 ns, Total: 158813 ns
[2020-02-21T02:52:08.574+0000][1][safepoint    ] Safepoint "RevokeBias", Time since last: 2506715447 ns, Reaching safepoint: 84883 ns, At safepoint: 20282 ns, Total: 105165 ns
[2020-02-21T02:52:11.077+0000][1][safepoint    ] Safepoint "RevokeBias", Time since last: 2503559102 ns, Reaching safepoint: 75213 ns, At safepoint: 63246 ns, Total: 138459 ns
[2020-02-21T02:52:13.082+0000][1][safepoint    ] Safepoint "Cleanup", Time since last: 2004833283 ns, Reaching safepoint: 86105 ns, At safepoint: 8245 ns, Total: 94350 ns
[2020-02-21T02:52:13.584+0000][1][safepoint    ] Safepoint "RevokeBias", Time since last: 501495184 ns, Reaching safepoint: 84701 ns, At safepoint: 20585 ns, Total: 105286 ns
[2020-02-21T02:52:16.088+0000][1][safepoint    ] Safepoint "RevokeBias", Time since last: 2504046679 ns, Reaching safepoint: 76068 ns, At safepoint: 17926 ns, Total: 93994 ns
[2020-02-21T02:52:18.594+0000][1][safepoint    ] Safepoint "RevokeBias", Time since last: 2505596034 ns, Reaching safepoint: 77296 ns, At safepoint: 17708 ns, Total: 95004 ns
[2020-02-21T02:52:21.098+0000][1][safepoint    ] Safepoint "RevokeBias", Time since last: 2504048571 ns, Reaching safepoint: 104109 ns, At safepoint: 24531 ns, Total: 128640 ns
[2020-02-21T02:52:23.606+0000][1][safepoint    ] Safepoint "RevokeBias", Time since last: 2508095896 ns, Reaching safepoint: 70532 ns, At safepoint: 16704 ns, Total: 87236 ns
[2020-02-21T02:52:26.117+0000][1][safepoint    ] Safepoint "RevokeBias", Time since last: 2511116835 ns, Reaching safepoint: 88086 ns, At safepoint: 21924 ns, Total: 110010 ns
[2020-02-21T02:52:28.622+0000][1][safepoint    ] Safepoint "RevokeBias", Time since last: 2504995046 ns, Reaching safepoint: 87833 ns, At safepoint: 21930 ns, Total: 109763 ns
[2020-02-21T02:52:31.127+0000][1][safepoint    ] Safepoint "RevokeBias", Time since last: 2504118746 ns, Reaching safepoint: 104326 ns, At safepoint: 23990 ns, Total: 128316 ns
[2020-02-21T02:52:31.780+0000][1][gc,start     ] GC(67) Pause Young (Allocation Failure)
[2020-02-21T02:52:31.780+0000][1][gc,task      ] GC(67) Using 1 workers of 1 for evacuation
[2020-02-21T02:52:31.790+0000][1][gc,age       ] GC(67) Desired survivor size 4358144 bytes, new threshold 6 (max threshold 6)
[2020-02-21T02:52:31.790+0000][1][gc,age       ] GC(67) Age table with threshold 6 (max threshold 6)
[2020-02-21T02:52:31.790+0000][1][gc,age       ] GC(67) - age   1:      15544 bytes,      15544 total
[2020-02-21T02:52:31.790+0000][1][gc,age       ] GC(67) - age   2:        904 bytes,      16448 total
[2020-02-21T02:52:31.790+0000][1][gc,age       ] GC(67) - age   3:        312 bytes,      16760 total
[2020-02-21T02:52:31.790+0000][1][gc,age       ] GC(67) - age   4:       1552 bytes,      18312 total
[2020-02-21T02:52:31.790+0000][1][gc,age       ] GC(67) - age   5:        232 bytes,      18544 total
[2020-02-21T02:52:31.790+0000][1][gc,age       ] GC(67) - age   6:         80 bytes,      18624 total
[2020-02-21T02:52:31.790+0000][1][gc,heap      ] GC(67) ParNew: 68188K->33K(76672K)
[2020-02-21T02:52:31.790+0000][1][gc,heap      ] GC(67) CMS: 62589K->62591K(963392K)
[2020-02-21T02:52:31.790+0000][1][gc,metaspace ] GC(67) Metaspace: 79784K->79784K(1122304K)
[2020-02-21T02:52:31.790+0000][1][gc           ] GC(67) Pause Young (Allocation Failure) 127M->61M(1015M) 9.804ms
[2020-02-21T02:52:31.790+0000][1][gc,cpu       ] GC(67) User=0.01s Sys=0.00s Real=0.01s
[2020-02-21T02:52:31.790+0000][1][safepoint    ] Safepoint "GenCollectForAllocation", Time since last: 653479624 ns, Reaching safepoint: 138821 ns, At safepoint: 9855959 ns, Total: 9994780 ns
[2020-02-21T02:52:33.632+0000][1][safepoint    ] Safepoint "RevokeBias", Time since last: 1841776611 ns, Reaching safepoint: 84813 ns, At safepoint: 19660 ns, Total: 104473 ns
[2020-02-21T02:52:36.136+0000][1][safepoint    ] Safepoint "RevokeBias", Time since last: 2503679920 ns, Reaching safepoint: 121853 ns, At safepoint: 22313 ns, Total: 144166 ns
[2020-02-21T02:52:38.639+0000][1][safepoint    ] Safepoint "RevokeBias", Time since last: 2503539952 ns, Reaching safepoint: 77597 ns, At safepoint: 17065 ns, Total: 94662 ns
[2020-02-21T02:52:41.153+0000][1][safepoint    ] Safepoint "RevokeBias", Time since last: 2513520920 ns, Reaching safepoint: 74800 ns, At safepoint: 20215 ns, Total: 95015 ns
[2020-02-21T02:52:43.669+0000][1][safepoint    ] Safepoint "RevokeBias", Time since last: 2516214135 ns, Reaching safepoint: 61703 ns, At safepoint: 18255 ns, Total: 79958 ns
[2020-02-21T02:52:46.173+0000][1][safepoint    ] Safepoint "RevokeBias", Time since last: 2503512393 ns, Reaching safepoint: 83948 ns, At safepoint: 18899 ns, Total: 102847 ns
[2020-02-21T02:52:48.678+0000][1][safepoint    ] Safepoint "BulkRevokeBias", Time since last: 2504939651 ns, Reaching safepoint: 87191 ns, At safepoint: 274435 ns, Total: 361626 ns
[2020-02-21T02:52:51.183+0000][1][safepoint    ] Safepoint "RevokeBias", Time since last: 2504180732 ns, Reaching safepoint: 62393 ns, At safepoint: 18763 ns, Total: 81156 ns
[2020-02-21T02:52:53.686+0000][1][safepoint    ] Safepoint "RevokeBias", Time since last: 2503359655 ns, Reaching safepoint: 75198 ns, At safepoint: 17477 ns, Total: 92675 ns
[2020-02-21T02:52:56.192+0000][1][safepoint    ] Safepoint "RevokeBias", Time since last: 2506155818 ns, Reaching safepoint: 77419 ns, At safepoint: 18286 ns, Total: 95705 ns
[2020-02-21T02:52:58.703+0000][1][safepoint    ] Safepoint "RevokeBias", Time since last: 2510731301 ns, Reaching safepoint: 62622 ns, At safepoint: 18267 ns, Total: 80889 ns
[2020-02-21T02:53:01.212+0000][1][safepoint    ] Safepoint "RevokeBias", Time since last: 2508921004 ns, Reaching safepoint: 85499 ns, At safepoint: 19666 ns, Total: 105165 ns
[2020-02-21T02:53:03.718+0000][1][safepoint    ] Safepoint "RevokeBias", Time since last: 2506009604 ns, Reaching safepoint: 106886 ns, At safepoint: 23573 ns, Total: 130459 ns
[2020-02-21T02:53:06.222+0000][1][safepoint    ] Safepoint "RevokeBias", Time since last: 2503809966 ns, Reaching safepoint: 86357 ns, At safepoint: 20178 ns, Total: 106535 ns
[2020-02-21T02:53:08.725+0000][1][safepoint    ] Safepoint "RevokeBias", Time since last: 2502822236 ns, Reaching safepoint: 78038 ns, At safepoint: 16751 ns, Total: 94789 ns
[2020-02-21T02:53:11.230+0000][1][safepoint    ] Safepoint "RevokeBias", Time since last: 2504891280 ns, Reaching safepoint: 91518 ns, At safepoint: 20912 ns, Total: 112430 ns
[2020-02-21T02:53:13.734+0000][1][safepoint    ] Safepoint "RevokeBias", Time since last: 2504155142 ns, Reaching safepoint: 76702 ns, At safepoint: 18361 ns, Total: 95063 ns
[2020-02-21T02:53:16.245+0000][1][safepoint    ] Safepoint "RevokeBias", Time since last: 2510199213 ns, Reaching safepoint: 73690 ns, At safepoint: 17279 ns, Total: 90969 ns
[2020-02-21T02:53:18.756+0000][1][safepoint    ] Safepoint "RevokeBias", Time since last: 2511746260 ns, Reaching safepoint: 128281 ns, At safepoint: 22038 ns, Total: 150319 ns
[2020-02-21T02:53:21.263+0000][1][safepoint    ] Safepoint "RevokeBias", Time since last: 2505933152 ns, Reaching safepoint: 120821 ns, At safepoint: 22916 ns, Total: 143737 ns
[2020-02-21T02:53:23.766+0000][1][safepoint    ] Safepoint "RevokeBias", Time since last: 2503197452 ns, Reaching safepoint: 89547 ns, At safepoint: 20835 ns, Total: 110382 ns
[2020-02-21T02:53:26.270+0000][1][safepoint    ] Safepoint "RevokeBias", Time since last: 2504498623 ns, Reaching safepoint: 82060 ns, At safepoint: 18113 ns, Total: 100173 ns
[2020-02-21T02:53:28.776+0000][1][safepoint    ] Safepoint "RevokeBias", Time since last: 2505878401 ns, Reaching safepoint: 86745 ns, At safepoint: 21306 ns, Total: 108051 ns
[2020-02-21T02:53:31.279+0000][1][safepoint    ] Safepoint "RevokeBias", Time since last: 2502433939 ns, Reaching safepoint: 123122 ns, At safepoint: 22278 ns, Total: 145400 ns
[2020-02-21T02:53:32.280+0000][1][safepoint    ] Safepoint "Cleanup", Time since last: 1000700187 ns, Reaching safepoint: 80454 ns, At safepoint: 6938 ns, Total: 87392 ns
[2020-02-21T02:53:33.789+0000][1][safepoint    ] Safepoint "RevokeBias", Time since last: 1509564503 ns, Reaching safepoint: 52978 ns, At safepoint: 15901 ns, Total: 68879 ns
[2020-02-21T02:53:36.299+0000][1][safepoint    ] Safepoint "RevokeBias", Time since last: 2509237626 ns, Reaching safepoint: 83890 ns, At safepoint: 19628 ns, Total: 103518 ns
[2020-02-21T02:53:38.802+0000][1][safepoint    ] Safepoint "RevokeBias", Time since last: 2503227736 ns, Reaching safepoint: 85442 ns, At safepoint: 20627 ns, Total: 106069 ns
[2020-02-21T02:53:41.308+0000][1][safepoint    ] Safepoint "RevokeBias", Time since last: 2505577560 ns, Reaching safepoint: 102633 ns, At safepoint: 23898 ns, Total: 126531 ns
[2020-02-21T02:53:42.308+0000][1][safepoint    ] Safepoint "Cleanup", Time since last: 1000413322 ns, Reaching safepoint: 88585 ns, At safepoint: 8491 ns, Total: 97076 ns
[2020-02-21T02:53:43.814+0000][1][safepoint    ] Safepoint "RevokeBias", Time since last: 1505072713 ns, Reaching safepoint: 87228 ns, At safepoint: 20750 ns, Total: 107978 ns
[2020-02-21T02:53:46.318+0000][1][safepoint    ] Safepoint "RevokeBias", Time since last: 2504222598 ns, Reaching safepoint: 84751 ns, At safepoint: 20194 ns, Total: 104945 ns
[2020-02-21T02:53:48.823+0000][1][safepoint    ] Safepoint "RevokeBias", Time since last: 2504994391 ns, Reaching safepoint: 86338 ns, At safepoint: 20242 ns, Total: 106580 ns
[2020-02-21T02:53:51.338+0000][1][safepoint    ] Safepoint "RevokeBias", Time since last: 2515285052 ns, Reaching safepoint: 163522 ns, At safepoint: 32261 ns, Total: 195783 ns
[2020-02-21T02:53:53.848+0000][1][safepoint    ] Safepoint "RevokeBias", Time since last: 2509442852 ns, Reaching safepoint: 86094 ns, At safepoint: 19964 ns, Total: 106058 ns
[2020-02-21T02:53:56.353+0000][1][safepoint    ] Safepoint "RevokeBias", Time since last: 2504977835 ns, Reaching safepoint: 84136 ns, At safepoint: 20443 ns, Total: 104579 ns
[2020-02-21T02:53:58.858+0000][1][safepoint    ] Safepoint "RevokeBias", Time since last: 2505102379 ns, Reaching safepoint: 82743 ns, At safepoint: 20020 ns, Total: 102763 ns
[2020-02-21T02:54:01.362+0000][1][safepoint    ] Safepoint "BulkRevokeBias", Time since last: 2503110111 ns, Reaching safepoint: 74005 ns, At safepoint: 341719 ns, Total: 415724 ns
[2020-02-21T02:54:03.867+0000][1][safepoint    ] Safepoint "RevokeBias", Time since last: 2505257803 ns, Reaching safepoint: 85058 ns, At safepoint: 20887 ns, Total: 105945 ns
[2020-02-21T02:54:06.372+0000][1][safepoint    ] Safepoint "RevokeBias", Time since last: 2504627468 ns, Reaching safepoint: 113973 ns, At safepoint: 21111 ns, Total: 135084 ns
[2020-02-21T02:54:08.886+0000][1][safepoint    ] Safepoint "RevokeBias", Time since last: 2514349626 ns, Reaching safepoint: 51357 ns, At safepoint: 15137 ns, Total: 66494 ns
[2020-02-21T02:54:11.399+0000][1][safepoint    ] Safepoint "RevokeBias", Time since last: 2512506233 ns, Reaching safepoint: 94957 ns, At safepoint: 21106 ns, Total: 116063 ns
[2020-02-21T02:54:13.904+0000][1][safepoint    ] Safepoint "RevokeBias", Time since last: 2505065767 ns, Reaching safepoint: 73530 ns, At safepoint: 17280 ns, Total: 90810 ns
[2020-02-21T02:54:16.407+0000][1][safepoint    ] Safepoint "RevokeBias", Time since last: 2502379674 ns, Reaching safepoint: 76010 ns, At safepoint: 18562 ns, Total: 94572 ns
[2020-02-21T02:54:18.911+0000][1][safepoint    ] Safepoint "RevokeBias", Time since last: 2504678448 ns, Reaching safepoint: 73510 ns, At safepoint: 17272 ns, Total: 90782 ns
[2020-02-21T02:54:21.418+0000][1][safepoint    ] Safepoint "RevokeBias", Time since last: 2506688076 ns, Reaching safepoint: 117479 ns, At safepoint: 23459 ns, Total: 140938 ns
[2020-02-21T02:54:23.921+0000][1][safepoint    ] Safepoint "RevokeBias", Time since last: 2503194187 ns, Reaching safepoint: 81095 ns, At safepoint: 20188 ns, Total: 101283 ns
[2020-02-21T02:54:26.434+0000][1][safepoint    ] Safepoint "RevokeBias", Time since last: 2512730616 ns, Reaching safepoint: 67674 ns, At safepoint: 61458 ns, Total: 129132 ns
[2020-02-21T02:54:28.946+0000][1][safepoint    ] Safepoint "RevokeBias", Time since last: 2511289403 ns, Reaching safepoint: 59179 ns, At safepoint: 17943 ns, Total: 77122 ns
[2020-02-21T02:54:31.449+0000][1][safepoint    ] Safepoint "RevokeBias", Time since last: 2502961457 ns, Reaching safepoint: 101463 ns, At safepoint: 19834 ns, Total: 121297 ns
[2020-02-21T02:54:33.954+0000][1][safepoint    ] Safepoint "RevokeBias", Time since last: 2505255589 ns, Reaching safepoint: 86463 ns, At safepoint: 20518 ns, Total: 106981 ns
[2020-02-21T02:54:36.459+0000][1][safepoint    ] Safepoint "RevokeBias", Time since last: 2504700167 ns, Reaching safepoint: 102688 ns, At safepoint: 24584 ns, Total: 127272 ns
[2020-02-21T02:54:38.962+0000][1][safepoint    ] Safepoint "RevokeBias", Time since last: 2503110805 ns, Reaching safepoint: 76505 ns, At safepoint: 17945 ns, Total: 94450 ns
[2020-02-21T02:54:40.963+0000][1][safepoint    ] Safepoint "Cleanup", Time since last: 2000501371 ns, Reaching safepoint: 93772 ns, At safepoint: 7668 ns, Total: 101440 ns
[2020-02-21T02:54:41.468+0000][1][safepoint    ] Safepoint "RevokeBias", Time since last: 505102345 ns, Reaching safepoint: 73189 ns, At safepoint: 17574 ns, Total: 90763 ns
[2020-02-21T02:54:42.469+0000][1][safepoint    ] Safepoint "Cleanup", Time since last: 1000715020 ns, Reaching safepoint: 92907 ns, At safepoint: 8412 ns, Total: 101319 ns
[2020-02-21T02:54:43.982+0000][1][safepoint    ] Safepoint "RevokeBias", Time since last: 1513599705 ns, Reaching safepoint: 71236 ns, At safepoint: 17192 ns, Total: 88428 ns
[2020-02-21T02:54:46.489+0000][1][safepoint    ] Safepoint "RevokeBias", Time since last: 2506472590 ns, Reaching safepoint: 102115 ns, At safepoint: 24209 ns, Total: 126324 ns
[2020-02-21T02:54:48.994+0000][1][safepoint    ] Safepoint "RevokeBias", Time since last: 2505079650 ns, Reaching safepoint: 82322 ns, At safepoint: 21018 ns, Total: 103340 ns
[2020-02-21T02:54:51.499+0000][1][gc,start     ] GC(68) Pause Young (Allocation Failure)
[2020-02-21T02:54:51.499+0000][1][gc,task      ] GC(68) Using 1 workers of 1 for evacuation
[2020-02-21T02:54:51.509+0000][1][gc,age       ] GC(68) Desired survivor size 4358144 bytes, new threshold 6 (max threshold 6)
[2020-02-21T02:54:51.509+0000][1][gc,age       ] GC(68) Age table with threshold 6 (max threshold 6)
[2020-02-21T02:54:51.509+0000][1][gc,age       ] GC(68) - age   1:      48560 bytes,      48560 total
[2020-02-21T02:54:51.509+0000][1][gc,age       ] GC(68) - age   2:        272 bytes,      48832 total
[2020-02-21T02:54:51.509+0000][1][gc,age       ] GC(68) - age   3:        904 bytes,      49736 total
[2020-02-21T02:54:51.509+0000][1][gc,age       ] GC(68) - age   4:        312 bytes,      50048 total
[2020-02-21T02:54:51.509+0000][1][gc,age       ] GC(68) - age   5:       1320 bytes,      51368 total
[2020-02-21T02:54:51.509+0000][1][gc,age       ] GC(68) - age   6:        112 bytes,      51480 total
[2020-02-21T02:54:51.509+0000][1][gc,heap      ] GC(68) ParNew: 68193K->55K(76672K)
[2020-02-21T02:54:51.509+0000][1][gc,heap      ] GC(68) CMS: 62591K->62591K(963392K)
[2020-02-21T02:54:51.509+0000][1][gc,metaspace ] GC(68) Metaspace: 79796K->79796K(1122304K)
[2020-02-21T02:54:51.509+0000][1][gc           ] GC(68) Pause Young (Allocation Failure) 127M->61M(1015M) 10.616ms
[2020-02-21T02:54:51.509+0000][1][gc,cpu       ] GC(68) User=0.01s Sys=0.00s Real=0.01s
[2020-02-21T02:54:51.509+0000][1][safepoint    ] Safepoint "GenCollectForAllocation", Time since last: 2504217578 ns, Reaching safepoint: 94960 ns, At safepoint: 10738564 ns, Total: 10833524 ns
[2020-02-21T02:54:51.510+0000][1][safepoint    ] Safepoint "RevokeBias", Time since last: 831553 ns, Reaching safepoint: 67119 ns, At safepoint: 16904 ns, Total: 84023 ns
[2020-02-21T02:54:54.014+0000][1][safepoint    ] Safepoint "RevokeBias", Time since last: 2503772743 ns, Reaching safepoint: 117696 ns, At safepoint: 25386 ns, Total: 143082 ns
[2020-02-21T02:54:56.520+0000][1][safepoint    ] Safepoint "RevokeBias", Time since last: 2506123836 ns, Reaching safepoint: 82130 ns, At safepoint: 20762 ns, Total: 102892 ns
[2020-02-21T02:54:59.026+0000][1][safepoint    ] Safepoint "RevokeBias", Time since last: 2505656872 ns, Reaching safepoint: 82757 ns, At safepoint: 19779 ns, Total: 102536 ns
[2020-02-21T02:55:01.533+0000][1][safepoint    ] Safepoint "RevokeBias", Time since last: 2506350131 ns, Reaching safepoint: 54638 ns, At safepoint: 15395 ns, Total: 70033 ns
[2020-02-21T02:55:04.044+0000][1][safepoint    ] Safepoint "RevokeBias", Time since last: 2511584119 ns, Reaching safepoint: 83051 ns, At safepoint: 20774 ns, Total: 103825 ns
[2020-02-21T02:55:06.547+0000][1][safepoint    ] Safepoint "RevokeBias", Time since last: 2502599889 ns, Reaching safepoint: 85378 ns, At safepoint: 20657 ns, Total: 106035 ns
[2020-02-21T02:55:09.051+0000][1][safepoint    ] Safepoint "RevokeBias", Time since last: 2504276661 ns, Reaching safepoint: 82057 ns, At safepoint: 19110 ns, Total: 101167 ns
[2020-02-21T02:55:11.557+0000][1][safepoint    ] Safepoint "RevokeBias", Time since last: 2505638159 ns, Reaching safepoint: 86264 ns, At safepoint: 20528 ns, Total: 106792 ns
[2020-02-21T02:55:12.558+0000][1][safepoint    ] Safepoint "Cleanup", Time since last: 1000593034 ns, Reaching safepoint: 95514 ns, At safepoint: 10085 ns, Total: 105599 ns
[2020-02-21T02:55:14.063+0000][1][safepoint    ] Safepoint "BulkRevokeBias", Time since last: 1504809942 ns, Reaching safepoint: 78152 ns, At safepoint: 254882 ns, Total: 333034 ns
[2020-02-21T02:55:16.566+0000][1][safepoint    ] Safepoint "RevokeBias", Time since last: 2503451842 ns, Reaching safepoint: 101498 ns, At safepoint: 23335 ns, Total: 124833 ns
[2020-02-21T02:55:19.082+0000][1][safepoint    ] Safepoint "RevokeBias", Time since last: 2515242266 ns, Reaching safepoint: 70834 ns, At safepoint: 17458 ns, Total: 88292 ns
[2020-02-21T02:55:21.593+0000][1][safepoint    ] Safepoint "RevokeBias", Time since last: 2511090023 ns, Reaching safepoint: 75778 ns, At safepoint: 18696 ns, Total: 94474 ns
[2020-02-21T02:55:24.095+0000][1][safepoint    ] Safepoint "RevokeBias", Time since last: 2502258105 ns, Reaching safepoint: 82449 ns, At safepoint: 19828 ns, Total: 102277 ns
[2020-02-21T02:55:26.600+0000][1][safepoint    ] Safepoint "RevokeBias", Time since last: 2504757062 ns, Reaching safepoint: 86122 ns, At safepoint: 19672 ns, Total: 105794 ns
[2020-02-21T02:55:29.103+0000][1][safepoint    ] Safepoint "RevokeBias", Time since last: 2503145228 ns, Reaching safepoint: 84588 ns, At safepoint: 20226 ns, Total: 104814 ns
[2020-02-21T02:55:31.607+0000][1][safepoint    ] Safepoint "RevokeBias", Time since last: 2503470194 ns, Reaching safepoint: 83308 ns, At safepoint: 20388 ns, Total: 103696 ns
[2020-02-21T02:55:32.608+0000][1][safepoint    ] Safepoint "Cleanup", Time since last: 1000548578 ns, Reaching safepoint: 94381 ns, At safepoint: 9690 ns, Total: 104071 ns
[2020-02-21T02:55:34.112+0000][1][safepoint    ] Safepoint "RevokeBias", Time since last: 1504539174 ns, Reaching safepoint: 86280 ns, At safepoint: 21894 ns, Total: 108174 ns
[2020-02-21T02:55:36.627+0000][1][safepoint    ] Safepoint "RevokeBias", Time since last: 2514427769 ns, Reaching safepoint: 71927 ns, At safepoint: 17129 ns, Total: 89056 ns
[2020-02-21T02:55:39.137+0000][1][safepoint    ] Safepoint "RevokeBias", Time since last: 2509580787 ns, Reaching safepoint: 84930 ns, At safepoint: 20262 ns, Total: 105192 ns
[2020-02-21T02:55:41.642+0000][1][safepoint    ] Safepoint "RevokeBias", Time since last: 2505548009 ns, Reaching safepoint: 85439 ns, At safepoint: 20353 ns, Total: 105792 ns
[2020-02-21T02:55:44.147+0000][1][safepoint    ] Safepoint "RevokeBias", Time since last: 2505017544 ns, Reaching safepoint: 78362 ns, At safepoint: 18918 ns, Total: 97280 ns
[2020-02-21T02:55:46.652+0000][1][safepoint    ] Safepoint "RevokeBias", Time since last: 2504620216 ns, Reaching safepoint: 78780 ns, At safepoint: 21402 ns, Total: 100182 ns
[2020-02-21T02:55:49.157+0000][1][safepoint    ] Safepoint "RevokeBias", Time since last: 2504756026 ns, Reaching safepoint: 85427 ns, At safepoint: 20692 ns, Total: 106119 ns
[2020-02-21T02:55:51.660+0000][1][safepoint    ] Safepoint "RevokeBias", Time since last: 2503268969 ns, Reaching safepoint: 85346 ns, At safepoint: 20485 ns, Total: 105831 ns
[2020-02-21T02:55:54.175+0000][1][safepoint    ] Safepoint "RevokeBias", Time since last: 2514645312 ns, Reaching safepoint: 69569 ns, At safepoint: 16872 ns, Total: 86441 ns
[2020-02-21T02:55:56.683+0000][1][safepoint    ] Safepoint "RevokeBias", Time since last: 2508236390 ns, Reaching safepoint: 71442 ns, At safepoint: 57626 ns, Total: 129068 ns
[2020-02-21T02:55:59.190+0000][1][safepoint    ] Safepoint "RevokeBias", Time since last: 2506783582 ns, Reaching safepoint: 71694 ns, At safepoint: 17814 ns, Total: 89508 ns
[2020-02-21T02:56:01.196+0000][1][safepoint    ] Safepoint "Cleanup", Time since last: 2005178918 ns, Reaching safepoint: 93443 ns, At safepoint: 10464 ns, Total: 103907 ns
[2020-02-21T02:56:01.694+0000][1][safepoint    ] Safepoint "RevokeBias", Time since last: 497954164 ns, Reaching safepoint: 81773 ns, At safepoint: 18178 ns, Total: 99951 ns
[2020-02-21T02:56:04.198+0000][1][safepoint    ] Safepoint "RevokeBias", Time since last: 2504748851 ns, Reaching safepoint: 81723 ns, At safepoint: 20237 ns, Total: 101960 ns
[2020-02-21T02:56:06.702+0000][1][safepoint    ] Safepoint "RevokeBias", Time since last: 2503163810 ns, Reaching safepoint: 74060 ns, At safepoint: 18024 ns, Total: 92084 ns
[2020-02-21T02:56:09.206+0000][1][safepoint    ] Safepoint "RevokeBias", Time since last: 2503795264 ns, Reaching safepoint: 85395 ns, At safepoint: 19767 ns, Total: 105162 ns
[2020-02-21T02:56:11.718+0000][1][safepoint    ] Safepoint "RevokeBias", Time since last: 2512199238 ns, Reaching safepoint: 67678 ns, At safepoint: 16910 ns, Total: 84588 ns
[2020-02-21T02:56:14.227+0000][1][safepoint    ] Safepoint "RevokeBias", Time since last: 2508978678 ns, Reaching safepoint: 74591 ns, At safepoint: 17865 ns, Total: 92456 ns
[2020-02-21T02:56:16.731+0000][1][safepoint    ] Safepoint "RevokeBias", Time since last: 2503599208 ns, Reaching safepoint: 143270 ns, At safepoint: 31069 ns, Total: 174339 ns
[2020-02-21T02:56:19.237+0000][1][safepoint    ] Safepoint "RevokeBias", Time since last: 2505976538 ns, Reaching safepoint: 84779 ns, At safepoint: 20341 ns, Total: 105120 ns
[2020-02-21T02:56:21.744+0000][1][safepoint    ] Safepoint "RevokeBias", Time since last: 2507077401 ns, Reaching safepoint: 74150 ns, At safepoint: 17967 ns, Total: 92117 ns
[2020-02-21T02:56:24.248+0000][1][safepoint    ] Safepoint "RevokeBias", Time since last: 2503676369 ns, Reaching safepoint: 151641 ns, At safepoint: 23075 ns, Total: 174716 ns
[2020-02-21T02:56:26.752+0000][1][safepoint    ] Safepoint "BulkRevokeBias", Time since last: 2503371132 ns, Reaching safepoint: 102216 ns, At safepoint: 289313 ns, Total: 391529 ns
[2020-02-21T02:56:29.259+0000][1][safepoint    ] Safepoint "RevokeBias", Time since last: 2507035419 ns, Reaching safepoint: 71733 ns, At safepoint: 17200 ns, Total: 88933 ns
[2020-02-21T02:56:31.259+0000][1][safepoint    ] Safepoint "Cleanup", Time since last: 2000679715 ns, Reaching safepoint: 94400 ns, At safepoint: 10211 ns, Total: 104611 ns
[2020-02-21T02:56:31.780+0000][1][safepoint    ] Safepoint "RevokeBias", Time since last: 519103139 ns, Reaching safepoint: 1102687 ns, At safepoint: 22123 ns, Total: 1124810 ns
[2020-02-21T02:56:34.283+0000][1][safepoint    ] Safepoint "RevokeBias", Time since last: 2502894508 ns, Reaching safepoint: 75361 ns, At safepoint: 81430 ns, Total: 156791 ns
[2020-02-21T02:56:36.786+0000][1][safepoint    ] Safepoint "RevokeBias", Time since last: 2503051488 ns, Reaching safepoint: 85713 ns, At safepoint: 19938 ns, Total: 105651 ns
[2020-02-21T02:56:39.289+0000][1][safepoint    ] Safepoint "RevokeBias", Time since last: 2503304363 ns, Reaching safepoint: 81054 ns, At safepoint: 20190 ns, Total: 101244 ns
[2020-02-21T02:56:41.793+0000][1][safepoint    ] Safepoint "RevokeBias", Time since last: 2503791102 ns, Reaching safepoint: 82981 ns, At safepoint: 20355 ns, Total: 103336 ns
[2020-02-21T02:56:44.298+0000][1][safepoint    ] Safepoint "RevokeBias", Time since last: 2504889905 ns, Reaching safepoint: 77555 ns, At safepoint: 17961 ns, Total: 95516 ns
[2020-02-21T02:56:46.836+0000][1][safepoint    ] Safepoint "RevokeBias", Time since last: 2538173006 ns, Reaching safepoint: 69949 ns, At safepoint: 16061 ns, Total: 86010 ns
[2020-02-21T02:56:49.347+0000][1][safepoint    ] Safepoint "RevokeBias", Time since last: 2510516934 ns, Reaching safepoint: 108284 ns, At safepoint: 24700 ns, Total: 132984 ns
[2020-02-21T02:56:51.852+0000][1][safepoint    ] Safepoint "RevokeBias", Time since last: 2505136131 ns, Reaching safepoint: 58206 ns, At safepoint: 18068 ns, Total: 76274 ns
[2020-02-21T02:56:54.355+0000][1][safepoint    ] Safepoint "RevokeBias", Time since last: 2502583452 ns, Reaching safepoint: 82453 ns, At safepoint: 20126 ns, Total: 102579 ns
[2020-02-21T02:56:56.859+0000][1][safepoint    ] Safepoint "RevokeBias", Time since last: 2503914785 ns, Reaching safepoint: 154177 ns, At safepoint: 29748 ns, Total: 183925 ns
[2020-02-21T02:56:59.364+0000][1][safepoint    ] Safepoint "RevokeBias", Time since last: 2504313200 ns, Reaching safepoint: 75035 ns, At safepoint: 16967 ns, Total: 92002 ns
[2020-02-21T02:57:01.364+0000][1][safepoint    ] Safepoint "Cleanup", Time since last: 2000649081 ns, Reaching safepoint: 88674 ns, At safepoint: 7993 ns, Total: 96667 ns
[2020-02-21T02:57:01.867+0000][1][safepoint    ] Safepoint "RevokeBias", Time since last: 502730530 ns, Reaching safepoint: 74064 ns, At safepoint: 18760 ns, Total: 92824 ns
[2020-02-21T02:57:04.379+0000][1][safepoint    ] Safepoint "RevokeBias", Time since last: 2512241852 ns, Reaching safepoint: 72435 ns, At safepoint: 17102 ns, Total: 89537 ns
[2020-02-21T02:57:06.890+0000][1][safepoint    ] Safepoint "RevokeBias", Time since last: 2510485527 ns, Reaching safepoint: 83263 ns, At safepoint: 20637 ns, Total: 103900 ns
[2020-02-21T02:57:08.061+0000][1][gc,start     ] GC(69) Pause Young (Allocation Failure)
[2020-02-21T02:57:08.061+0000][1][gc,task      ] GC(69) Using 1 workers of 1 for evacuation
[2020-02-21T02:57:08.071+0000][1][gc,age       ] GC(69) Desired survivor size 4358144 bytes, new threshold 6 (max threshold 6)
[2020-02-21T02:57:08.071+0000][1][gc,age       ] GC(69) Age table with threshold 6 (max threshold 6)
[2020-02-21T02:57:08.071+0000][1][gc,age       ] GC(69) - age   1:      11744 bytes,      11744 total
[2020-02-21T02:57:08.071+0000][1][gc,age       ] GC(69) - age   2:       1704 bytes,      13448 total
[2020-02-21T02:57:08.071+0000][1][gc,age       ] GC(69) - age   3:        176 bytes,      13624 total
[2020-02-21T02:57:08.071+0000][1][gc,age       ] GC(69) - age   4:        904 bytes,      14528 total
[2020-02-21T02:57:08.071+0000][1][gc,age       ] GC(69) - age   5:        312 bytes,      14840 total
[2020-02-21T02:57:08.071+0000][1][gc,age       ] GC(69) - age   6:       1320 bytes,      16160 total
[2020-02-21T02:57:08.071+0000][1][gc,heap      ] GC(69) ParNew: 68215K->40K(76672K)
[2020-02-21T02:57:08.071+0000][1][gc,heap      ] GC(69) CMS: 62591K->62591K(963392K)
[2020-02-21T02:57:08.071+0000][1][gc,metaspace ] GC(69) Metaspace: 79818K->79818K(1122304K)
[2020-02-21T02:57:08.071+0000][1][gc           ] GC(69) Pause Young (Allocation Failure) 127M->61M(1015M) 10.120ms
[2020-02-21T02:57:08.071+0000][1][gc,cpu       ] GC(69) User=0.01s Sys=0.00s Real=0.01s
[2020-02-21T02:57:08.071+0000][1][safepoint    ] Safepoint "GenCollectForAllocation", Time since last: 1170584990 ns, Reaching safepoint: 77171 ns, At safepoint: 10173424 ns, Total: 10250595 ns
[2020-02-21T02:57:09.395+0000][1][safepoint    ] Safepoint "RevokeBias", Time since last: 1323991250 ns, Reaching safepoint: 83283 ns, At safepoint: 20738 ns, Total: 104021 ns
[2020-02-21T02:57:11.901+0000][1][safepoint    ] Safepoint "RevokeBias", Time since last: 2505812122 ns, Reaching safepoint: 85580 ns, At safepoint: 20315 ns, Total: 105895 ns
[2020-02-21T02:57:14.407+0000][1][safepoint    ] Safepoint "RevokeBias", Time since last: 2506098246 ns, Reaching safepoint: 85301 ns, At safepoint: 21440 ns, Total: 106741 ns
[2020-02-21T02:57:16.910+0000][1][safepoint    ] Safepoint "RevokeBias", Time since last: 2502922645 ns, Reaching safepoint: 84881 ns, At safepoint: 45084 ns, Total: 129965 ns
[2020-02-21T02:57:19.415+0000][1][safepoint    ] Safepoint "RevokeBias", Time since last: 2504343496 ns, Reaching safepoint: 73088 ns, At safepoint: 17104 ns, Total: 90192 ns
[2020-02-21T02:57:21.930+0000][1][safepoint    ] Safepoint "RevokeBias", Time since last: 2515139884 ns, Reaching safepoint: 99995 ns, At safepoint: 20946 ns, Total: 120941 ns
[2020-02-21T02:57:24.439+0000][1][safepoint    ] Safepoint "RevokeBias", Time since last: 2508644146 ns, Reaching safepoint: 76088 ns, At safepoint: 18240 ns, Total: 94328 ns
[2020-02-21T02:57:26.943+0000][1][safepoint    ] Safepoint "RevokeBias", Time since last: 2504129920 ns, Reaching safepoint: 115397 ns, At safepoint: 23454 ns, Total: 138851 ns
[2020-02-21T02:57:29.448+0000][1][safepoint    ] Safepoint "RevokeBias", Time since last: 2504888435 ns, Reaching safepoint: 86069 ns, At safepoint: 20097 ns, Total: 106166 ns
[2020-02-21T02:57:31.951+0000][1][safepoint    ] Safepoint "RevokeBias", Time since last: 2503063873 ns, Reaching safepoint: 88400 ns, At safepoint: 51827 ns, Total: 140227 ns
[2020-02-21T02:57:34.455+0000][1][safepoint    ] Safepoint "RevokeBias", Time since last: 2504387436 ns, Reaching safepoint: 75448 ns, At safepoint: 17875 ns, Total: 93323 ns
[2020-02-21T02:57:36.959+0000][1][safepoint    ] Safepoint "RevokeBias", Time since last: 2503216911 ns, Reaching safepoint: 86064 ns, At safepoint: 20059 ns, Total: 106123 ns
[2020-02-21T02:57:39.482+0000][1][safepoint    ] Safepoint "BulkRevokeBias", Time since last: 2522927812 ns, Reaching safepoint: 68798 ns, At safepoint: 168481 ns, Total: 237279 ns
[2020-02-21T02:57:41.994+0000][1][safepoint    ] Safepoint "RevokeBias", Time since last: 2512328187 ns, Reaching safepoint: 83288 ns, At safepoint: 20340 ns, Total: 103628 ns
[2020-02-21T02:57:44.498+0000][1][safepoint    ] Safepoint "RevokeBias", Time since last: 2503010752 ns, Reaching safepoint: 81343 ns, At safepoint: 20103 ns, Total: 101446 ns
[2020-02-21T02:57:47.000+0000][1][safepoint    ] Safepoint "RevokeBias", Time since last: 2502296801 ns, Reaching safepoint: 70872 ns, At safepoint: 16509 ns, Total: 87381 ns
[2020-02-21T02:57:49.503+0000][1][safepoint    ] Safepoint "RevokeBias", Time since last: 2503147683 ns, Reaching safepoint: 85308 ns, At safepoint: 20685 ns, Total: 105993 ns
[2020-02-21T02:57:52.009+0000][1][safepoint    ] Safepoint "RevokeBias", Time since last: 2505491136 ns, Reaching safepoint: 126430 ns, At safepoint: 73141 ns, Total: 199571 ns
[2020-02-21T02:57:54.512+0000][1][safepoint    ] Safepoint "RevokeBias", Time since last: 2503463179 ns, Reaching safepoint: 136713 ns, At safepoint: 20239 ns, Total: 156952 ns
[2020-02-21T02:57:57.028+0000][1][safepoint    ] Safepoint "RevokeBias", Time since last: 2515866649 ns, Reaching safepoint: 69243 ns, At safepoint: 17795 ns, Total: 87038 ns
[2020-02-21T02:57:59.538+0000][1][safepoint    ] Safepoint "RevokeBias", Time since last: 2509837833 ns, Reaching safepoint: 79519 ns, At safepoint: 19018 ns, Total: 98537 ns
[2020-02-21T02:58:02.041+0000][1][safepoint    ] Safepoint "RevokeBias", Time since last: 2502879424 ns, Reaching safepoint: 82524 ns, At safepoint: 20025 ns, Total: 102549 ns
[2020-02-21T02:58:04.546+0000][1][safepoint    ] Safepoint "RevokeBias", Time since last: 2504645135 ns, Reaching safepoint: 84737 ns, At safepoint: 20369 ns, Total: 105106 ns
[2020-02-21T02:58:07.050+0000][1][safepoint    ] Safepoint "RevokeBias", Time since last: 2503307447 ns, Reaching safepoint: 84522 ns, At safepoint: 20513 ns, Total: 105035 ns
[2020-02-21T02:58:09.553+0000][1][safepoint    ] Safepoint "RevokeBias", Time since last: 2503697321 ns, Reaching safepoint: 113727 ns, At safepoint: 19761 ns, Total: 133488 ns
[2020-02-21T02:58:12.057+0000][1][safepoint    ] Safepoint "RevokeBias", Time since last: 2503402822 ns, Reaching safepoint: 84967 ns, At safepoint: 20017 ns, Total: 104984 ns
[2020-02-21T02:58:14.577+0000][1][safepoint    ] Safepoint "RevokeBias", Time since last: 2519755582 ns, Reaching safepoint: 51433 ns, At safepoint: 14721 ns, Total: 66154 ns
[2020-02-21T02:58:17.083+0000][1][safepoint    ] Safepoint "RevokeBias", Time since last: 2506455484 ns, Reaching safepoint: 122440 ns, At safepoint: 21346 ns, Total: 143786 ns
[2020-02-21T02:58:19.589+0000][1][safepoint    ] Safepoint "RevokeBias", Time since last: 2506102780 ns, Reaching safepoint: 82226 ns, At safepoint: 19831 ns, Total: 102057 ns
[2020-02-21T02:58:22.095+0000][1][safepoint    ] Safepoint "RevokeBias", Time since last: 2505867566 ns, Reaching safepoint: 84878 ns, At safepoint: 20626 ns, Total: 105504 ns
[2020-02-21T02:58:24.604+0000][1][safepoint    ] Safepoint "RevokeBias", Time since last: 2508894405 ns, Reaching safepoint: 70327 ns, At safepoint: 16950 ns, Total: 87277 ns
[2020-02-21T02:58:27.115+0000][1][safepoint    ] Safepoint "RevokeBias", Time since last: 2510035585 ns, Reaching safepoint: 94528 ns, At safepoint: 21680 ns, Total: 116208 ns
[2020-02-21T02:58:29.620+0000][1][safepoint    ] Safepoint "RevokeBias", Time since last: 2505252790 ns, Reaching safepoint: 103163 ns, At safepoint: 17659 ns, Total: 120822 ns
[2020-02-21T02:58:31.624+0000][1][safepoint    ] Safepoint "Cleanup", Time since last: 2003628356 ns, Reaching safepoint: 213791 ns, At safepoint: 6612 ns, Total: 220403 ns
[2020-02-21T02:58:32.127+0000][1][safepoint    ] Safepoint "RevokeBias", Time since last: 502736631 ns, Reaching safepoint: 53415 ns, At safepoint: 15656 ns, Total: 69071 ns
[2020-02-21T02:58:34.641+0000][1][safepoint    ] Safepoint "RevokeBias", Time since last: 2514681254 ns, Reaching safepoint: 72290 ns, At safepoint: 17747 ns, Total: 90037 ns
[2020-02-21T02:58:37.145+0000][1][safepoint    ] Safepoint "RevokeBias", Time since last: 2503680073 ns, Reaching safepoint: 84766 ns, At safepoint: 20481 ns, Total: 105247 ns
[2020-02-21T02:58:39.649+0000][1][safepoint    ] Safepoint "RevokeBias", Time since last: 2503391597 ns, Reaching safepoint: 82759 ns, At safepoint: 20247 ns, Total: 103006 ns
[2020-02-21T02:58:42.155+0000][1][safepoint    ] Safepoint "RevokeBias", Time since last: 2506347224 ns, Reaching safepoint: 102418 ns, At safepoint: 23709 ns, Total: 126127 ns
[2020-02-21T02:58:44.662+0000][1][safepoint    ] Safepoint "RevokeBias", Time since last: 2506428381 ns, Reaching safepoint: 84813 ns, At safepoint: 20678 ns, Total: 105491 ns
[2020-02-21T02:58:47.166+0000][1][safepoint    ] Safepoint "RevokeBias", Time since last: 2503996659 ns, Reaching safepoint: 101809 ns, At safepoint: 24414 ns, Total: 126223 ns
[2020-02-21T02:58:49.682+0000][1][safepoint    ] Safepoint "RevokeBias", Time since last: 2516613592 ns, Reaching safepoint: 71911 ns, At safepoint: 17618 ns, Total: 89529 ns
[2020-02-21T02:58:50.684+0000][1][safepoint    ] Safepoint "Cleanup", Time since last: 1000930302 ns, Reaching safepoint: 93746 ns, At safepoint: 11269 ns, Total: 105015 ns
[2020-02-21T02:58:52.194+0000][1][safepoint    ] Safepoint "BulkRevokeBias", Time since last: 1510130280 ns, Reaching safepoint: 84500 ns, At safepoint: 210343 ns, Total: 294843 ns
[2020-02-21T02:58:54.697+0000][1][safepoint    ] Safepoint "RevokeBias", Time since last: 2502663114 ns, Reaching safepoint: 83603 ns, At safepoint: 19364 ns, Total: 102967 ns
[2020-02-21T02:58:57.203+0000][1][safepoint    ] Safepoint "RevokeBias", Time since last: 2506553335 ns, Reaching safepoint: 83877 ns, At safepoint: 20343 ns, Total: 104220 ns
[2020-02-21T02:58:59.707+0000][1][safepoint    ] Safepoint "RevokeBias", Time since last: 2503740763 ns, Reaching safepoint: 78194 ns, At safepoint: 18324 ns, Total: 96518 ns
[2020-02-21T02:59:01.710+0000][1][safepoint    ] Safepoint "Cleanup", Time since last: 2003150879 ns, Reaching safepoint: 90782 ns, At safepoint: 10688 ns, Total: 101470 ns
[2020-02-21T02:59:02.216+0000][1][safepoint    ] Safepoint "RevokeBias", Time since last: 505278257 ns, Reaching safepoint: 72720 ns, At safepoint: 19684 ns, Total: 92404 ns
[2020-02-21T02:59:04.728+0000][1][safepoint    ] Safepoint "RevokeBias", Time since last: 2512361518 ns, Reaching safepoint: 119973 ns, At safepoint: 25798 ns, Total: 145771 ns
[2020-02-21T02:59:07.246+0000][1][safepoint    ] Safepoint "RevokeBias", Time since last: 2517697574 ns, Reaching safepoint: 71239 ns, At safepoint: 17114 ns, Total: 88353 ns
[2020-02-21T02:59:09.753+0000][1][safepoint    ] Safepoint "RevokeBias", Time since last: 2507249624 ns, Reaching safepoint: 95472 ns, At safepoint: 20598 ns, Total: 116070 ns
[2020-02-21T02:59:10.754+0000][1][safepoint    ] Safepoint "Cleanup", Time since last: 1000298620 ns, Reaching safepoint: 92081 ns, At safepoint: 7881 ns, Total: 99962 ns
[2020-02-21T02:59:12.260+0000][1][safepoint    ] Safepoint "RevokeBias", Time since last: 1506152274 ns, Reaching safepoint: 121012 ns, At safepoint: 26415 ns, Total: 147427 ns
[2020-02-21T02:59:14.766+0000][1][safepoint    ] Safepoint "RevokeBias", Time since last: 2505624707 ns, Reaching safepoint: 87451 ns, At safepoint: 19739 ns, Total: 107190 ns
[2020-02-21T02:59:17.270+0000][1][safepoint    ] Safepoint "RevokeBias", Time since last: 2504387864 ns, Reaching safepoint: 103035 ns, At safepoint: 24339 ns, Total: 127374 ns
[2020-02-21T02:59:19.775+0000][1][safepoint    ] Safepoint "RevokeBias", Time since last: 2504164594 ns, Reaching safepoint: 98368 ns, At safepoint: 19305 ns, Total: 117673 ns
[2020-02-21T02:59:22.281+0000][1][safepoint    ] Safepoint "RevokeBias", Time since last: 2505740398 ns, Reaching safepoint: 82273 ns, At safepoint: 20730 ns, Total: 103003 ns
[2020-02-21T02:59:24.788+0000][1][safepoint    ] Safepoint "RevokeBias", Time since last: 2507743637 ns, Reaching safepoint: 55297 ns, At safepoint: 17240 ns, Total: 72537 ns
[2020-02-21T02:59:27.300+0000][1][safepoint    ] Safepoint "RevokeBias", Time since last: 2511246054 ns, Reaching safepoint: 85452 ns, At safepoint: 19842 ns, Total: 105294 ns
[2020-02-21T02:59:29.803+0000][1][gc,start     ] GC(70) Pause Young (Allocation Failure)
[2020-02-21T02:59:29.803+0000][1][gc,task      ] GC(70) Using 1 workers of 1 for evacuation
[2020-02-21T02:59:29.815+0000][1][gc,age       ] GC(70) Desired survivor size 4358144 bytes, new threshold 6 (max threshold 6)
[2020-02-21T02:59:29.815+0000][1][gc,age       ] GC(70) Age table with threshold 6 (max threshold 6)
[2020-02-21T02:59:29.815+0000][1][gc,age       ] GC(70) - age   1:      11880 bytes,      11880 total
[2020-02-21T02:59:29.815+0000][1][gc,age       ] GC(70) - age   3:       1704 bytes,      13584 total
[2020-02-21T02:59:29.815+0000][1][gc,age       ] GC(70) - age   4:         56 bytes,      13640 total
[2020-02-21T02:59:29.815+0000][1][gc,age       ] GC(70) - age   5:        904 bytes,      14544 total
[2020-02-21T02:59:29.815+0000][1][gc,age       ] GC(70) - age   6:        312 bytes,      14856 total
[2020-02-21T02:59:29.815+0000][1][gc,heap      ] GC(70) ParNew: 68200K->28K(76672K)
[2020-02-21T02:59:29.815+0000][1][gc,heap      ] GC(70) CMS: 62591K->62592K(963392K)
[2020-02-21T02:59:29.815+0000][1][gc,metaspace ] GC(70) Metaspace: 79835K->79835K(1122304K)
[2020-02-21T02:59:29.815+0000][1][gc           ] GC(70) Pause Young (Allocation Failure) 127M->61M(1015M) 11.304ms
[2020-02-21T02:59:29.815+0000][1][gc,cpu       ] GC(70) User=0.01s Sys=0.00s Real=0.01s
[2020-02-21T02:59:29.815+0000][1][safepoint    ] Safepoint "GenCollectForAllocation", Time since last: 2503458758 ns, Reaching safepoint: 128407 ns, At safepoint: 11360634 ns, Total: 11489041 ns
[2020-02-21T02:59:29.816+0000][1][safepoint    ] Safepoint "RevokeBias", Time since last: 1096238 ns, Reaching safepoint: 63423 ns, At safepoint: 15964 ns, Total: 79387 ns
[2020-02-21T02:59:32.320+0000][1][safepoint    ] Safepoint "RevokeBias", Time since last: 2503759785 ns, Reaching safepoint: 84974 ns, At safepoint: 20889 ns, Total: 105863 ns
[2020-02-21T02:59:34.825+0000][1][safepoint    ] Safepoint "RevokeBias", Time since last: 2505630887 ns, Reaching safepoint: 85800 ns, At safepoint: 20704 ns, Total: 106504 ns
[2020-02-21T02:59:37.334+0000][1][safepoint    ] Safepoint "RevokeBias", Time since last: 2508660171 ns, Reaching safepoint: 92219 ns, At safepoint: 22023 ns, Total: 114242 ns
[2020-02-21T02:59:39.836+0000][1][safepoint    ] Safepoint "RevokeBias", Time since last: 2501383039 ns, Reaching safepoint: 85540 ns, At safepoint: 20348 ns, Total: 105888 ns
[2020-02-21T02:59:42.348+0000][1][safepoint    ] Safepoint "RevokeBias", Time since last: 2511838889 ns, Reaching safepoint: 77692 ns, At safepoint: 17524 ns, Total: 95216 ns
[2020-02-21T02:59:44.859+0000][1][safepoint    ] Safepoint "RevokeBias", Time since last: 2511661264 ns, Reaching safepoint: 71105 ns, At safepoint: 18196 ns, Total: 89301 ns
[2020-02-21T02:59:47.363+0000][1][safepoint    ] Safepoint "RevokeBias", Time since last: 2503262743 ns, Reaching safepoint: 77440 ns, At safepoint: 17875 ns, Total: 95315 ns
[2020-02-21T02:59:49.869+0000][1][safepoint    ] Safepoint "RevokeBias", Time since last: 2506538356 ns, Reaching safepoint: 85079 ns, At safepoint: 21362 ns, Total: 106441 ns
[2020-02-21T02:59:52.373+0000][1][safepoint    ] Safepoint "RevokeBias", Time since last: 2503794249 ns, Reaching safepoint: 73960 ns, At safepoint: 20863 ns, Total: 94823 ns
[2020-02-21T02:59:54.877+0000][1][safepoint    ] Safepoint "RevokeBias", Time since last: 2503138246 ns, Reaching safepoint: 77416 ns, At safepoint: 19203 ns, Total: 96619 ns
[2020-02-21T02:59:57.385+0000][1][safepoint    ] Safepoint "RevokeBias", Time since last: 2508492442 ns, Reaching safepoint: 243525 ns, At safepoint: 38474 ns, Total: 281999 ns
[2020-02-21T02:59:59.904+0000][1][safepoint    ] Safepoint "RevokeBias", Time since last: 2518634028 ns, Reaching safepoint: 268177 ns, At safepoint: 39827 ns, Total: 308004 ns
[2020-02-21T03:00:01.905+0000][1][safepoint    ] Safepoint "Cleanup", Time since last: 2000828632 ns, Reaching safepoint: 103442 ns, At safepoint: 8962 ns, Total: 112404 ns
[2020-02-21T03:00:02.410+0000][1][safepoint    ] Safepoint "RevokeBias", Time since last: 504619978 ns, Reaching safepoint: 84345 ns, At safepoint: 20872 ns, Total: 105217 ns
[2020-02-21T03:00:04.916+0000][1][safepoint    ] Safepoint "BulkRevokeBias", Time since last: 2505748774 ns, Reaching safepoint: 82541 ns, At safepoint: 302973 ns, Total: 385514 ns
[2020-02-21T03:00:07.420+0000][1][safepoint    ] Safepoint "RevokeBias", Time since last: 2503501657 ns, Reaching safepoint: 102936 ns, At safepoint: 23193 ns, Total: 126129 ns
[2020-02-21T03:00:09.923+0000][1][safepoint    ] Safepoint "RevokeBias", Time since last: 2503108499 ns, Reaching safepoint: 84859 ns, At safepoint: 20501 ns, Total: 105360 ns
[2020-02-21T03:00:12.427+0000][1][safepoint    ] Safepoint "RevokeBias", Time since last: 2503746767 ns, Reaching safepoint: 84979 ns, At safepoint: 20316 ns, Total: 105295 ns
[2020-02-21T03:00:14.931+0000][1][safepoint    ] Safepoint "RevokeBias", Time since last: 2504526614 ns, Reaching safepoint: 87014 ns, At safepoint: 20315 ns, Total: 107329 ns
[2020-02-21T03:00:17.447+0000][1][safepoint    ] Safepoint "RevokeBias", Time since last: 2515593568 ns, Reaching safepoint: 69320 ns, At safepoint: 16679 ns, Total: 85999 ns
[2020-02-21T03:00:19.958+0000][1][safepoint    ] Safepoint "RevokeBias", Time since last: 2510663226 ns, Reaching safepoint: 73933 ns, At safepoint: 17114 ns, Total: 91047 ns
[2020-02-21T03:00:20.958+0000][1][safepoint    ] Safepoint "Cleanup", Time since last: 1000507807 ns, Reaching safepoint: 112633 ns, At safepoint: 10096 ns, Total: 122729 ns
[2020-02-21T03:00:22.461+0000][1][safepoint    ] Safepoint "RevokeBias", Time since last: 1502071439 ns, Reaching safepoint: 85876 ns, At safepoint: 37174 ns, Total: 123050 ns
[2020-02-21T03:00:24.964+0000][1][safepoint    ] Safepoint "RevokeBias", Time since last: 2503671053 ns, Reaching safepoint: 86627 ns, At safepoint: 19918 ns, Total: 106545 ns
[2020-02-21T03:00:27.468+0000][1][safepoint    ] Safepoint "RevokeBias", Time since last: 2503882839 ns, Reaching safepoint: 77225 ns, At safepoint: 18100 ns, Total: 95325 ns
[2020-02-21T03:00:29.974+0000][1][safepoint    ] Safepoint "RevokeBias", Time since last: 2505431836 ns, Reaching safepoint: 82721 ns, At safepoint: 19950 ns, Total: 102671 ns
[2020-02-21T03:00:31.976+0000][1][safepoint    ] Safepoint "Cleanup", Time since last: 2002013958 ns, Reaching safepoint: 94339 ns, At safepoint: 10431 ns, Total: 104770 ns
[2020-02-21T03:00:32.478+0000][1][safepoint    ] Safepoint "RevokeBias", Time since last: 501367553 ns, Reaching safepoint: 85761 ns, At safepoint: 20432 ns, Total: 106193 ns
[2020-02-21T03:00:34.983+0000][1][safepoint    ] Safepoint "RevokeBias", Time since last: 2505076784 ns, Reaching safepoint: 72883 ns, At safepoint: 16748 ns, Total: 89631 ns
[2020-02-21T03:00:37.485+0000][1][safepoint    ] Safepoint "RevokeBias", Time since last: 2502565769 ns, Reaching safepoint: 72492 ns, At safepoint: 17393 ns, Total: 89885 ns
[2020-02-21T03:00:39.989+0000][1][safepoint    ] Safepoint "RevokeBias", Time since last: 2503936184 ns, Reaching safepoint: 86021 ns, At safepoint: 21380 ns, Total: 107401 ns
[2020-02-21T03:00:42.493+0000][1][safepoint    ] Safepoint "RevokeBias", Time since last: 2503562364 ns, Reaching safepoint: 60694 ns, At safepoint: 18740 ns, Total: 79434 ns
[2020-02-21T03:00:44.999+0000][1][safepoint    ] Safepoint "RevokeBias", Time since last: 2505701287 ns, Reaching safepoint: 76782 ns, At safepoint: 17191 ns, Total: 93973 ns
[2020-02-21T03:00:47.502+0000][1][safepoint    ] Safepoint "RevokeBias", Time since last: 2502663045 ns, Reaching safepoint: 84479 ns, At safepoint: 20622 ns, Total: 105101 ns
[2020-02-21T03:00:50.006+0000][1][safepoint    ] Safepoint "RevokeBias", Time since last: 2504192961 ns, Reaching safepoint: 78102 ns, At safepoint: 18949 ns, Total: 97051 ns
[2020-02-21T03:00:52.510+0000][1][safepoint    ] Safepoint "RevokeBias", Time since last: 2503861593 ns, Reaching safepoint: 229878 ns, At safepoint: 57283 ns, Total: 287161 ns
[2020-02-21T03:00:55.015+0000][1][safepoint    ] Safepoint "RevokeBias", Time since last: 2504584157 ns, Reaching safepoint: 83808 ns, At safepoint: 20117 ns, Total: 103925 ns
[2020-02-21T03:00:57.532+0000][1][safepoint    ] Safepoint "RevokeBias", Time since last: 2516925361 ns, Reaching safepoint: 69616 ns, At safepoint: 16530 ns, Total: 86146 ns
[2020-02-21T03:01:00.042+0000][1][safepoint    ] Safepoint "RevokeBias", Time since last: 2510649935 ns, Reaching safepoint: 72953 ns, At safepoint: 17157 ns, Total: 90110 ns
[2020-02-21T03:01:02.546+0000][1][safepoint    ] Safepoint "RevokeBias", Time since last: 2503610448 ns, Reaching safepoint: 86021 ns, At safepoint: 20438 ns, Total: 106459 ns
[2020-02-21T03:01:05.049+0000][1][safepoint    ] Safepoint "RevokeBias", Time since last: 2503023643 ns, Reaching safepoint: 76727 ns, At safepoint: 44681 ns, Total: 121408 ns
[2020-02-21T03:01:07.553+0000][1][safepoint    ] Safepoint "RevokeBias", Time since last: 2503151679 ns, Reaching safepoint: 103480 ns, At safepoint: 23817 ns, Total: 127297 ns
[2020-02-21T03:01:09.991+0000][1][safepoint    ] Safepoint "Cleanup", Time since last: 2438262615 ns, Reaching safepoint: 101138 ns, At safepoint: 6060 ns, Total: 107198 ns
[2020-02-21T03:01:10.055+0000][1][safepoint    ] Safepoint "RevokeBias", Time since last: 63888737 ns, Reaching safepoint: 72794 ns, At safepoint: 16969 ns, Total: 89763 ns
[2020-02-21T03:01:12.560+0000][1][safepoint    ] Safepoint "RevokeBias", Time since last: 2504441526 ns, Reaching safepoint: 78959 ns, At safepoint: 17690 ns, Total: 96649 ns
[2020-02-21T03:01:15.066+0000][1][safepoint    ] Safepoint "RevokeBias", Time since last: 2506596235 ns, Reaching safepoint: 85572 ns, At safepoint: 19520 ns, Total: 105092 ns
[2020-02-21T03:01:17.570+0000][1][safepoint    ] Safepoint "BulkRevokeBias", Time since last: 2503630460 ns, Reaching safepoint: 83776 ns, At safepoint: 273969 ns, Total: 357745 ns
[2020-02-21T03:01:20.076+0000][1][safepoint    ] Safepoint "RevokeBias", Time since last: 2505521072 ns, Reaching safepoint: 75713 ns, At safepoint: 19256 ns, Total: 94969 ns
[2020-02-21T03:01:22.580+0000][1][safepoint    ] Safepoint "RevokeBias", Time since last: 2504429577 ns, Reaching safepoint: 121482 ns, At safepoint: 27130 ns, Total: 148612 ns
[2020-02-21T03:01:25.084+0000][1][safepoint    ] Safepoint "RevokeBias", Time since last: 2503690756 ns, Reaching safepoint: 85536 ns, At safepoint: 20318 ns, Total: 105854 ns
[2020-02-21T03:01:27.589+0000][1][safepoint    ] Safepoint "RevokeBias", Time since last: 2504397434 ns, Reaching safepoint: 76834 ns, At safepoint: 50870 ns, Total: 127704 ns
[2020-02-21T03:01:29.590+0000][1][safepoint    ] Safepoint "Cleanup", Time since last: 2001443574 ns, Reaching safepoint: 91509 ns, At safepoint: 8536 ns, Total: 100045 ns
[2020-02-21T03:01:30.095+0000][1][safepoint    ] Safepoint "RevokeBias", Time since last: 504609357 ns, Reaching safepoint: 82847 ns, At safepoint: 20919 ns, Total: 103766 ns
[2020-02-21T03:01:31.095+0000][1][safepoint    ] Safepoint "Cleanup", Time since last: 1000185049 ns, Reaching safepoint: 85375 ns, At safepoint: 7881 ns, Total: 93256 ns
[2020-02-21T03:01:32.606+0000][1][safepoint    ] Safepoint "RevokeBias", Time since last: 1510253489 ns, Reaching safepoint: 72995 ns, At safepoint: 17481 ns, Total: 90476 ns
[2020-02-21T03:01:33.606+0000][1][safepoint    ] Safepoint "Cleanup", Time since last: 1000466353 ns, Reaching safepoint: 94726 ns, At safepoint: 12525 ns, Total: 107251 ns
[2020-02-21T03:01:35.121+0000][1][safepoint    ] Safepoint "RevokeBias", Time since last: 1514607937 ns, Reaching safepoint: 78281 ns, At safepoint: 18305 ns, Total: 96586 ns
[2020-02-21T03:01:37.624+0000][1][safepoint    ] Safepoint "RevokeBias", Time since last: 2503515664 ns, Reaching safepoint: 85098 ns, At safepoint: 21012 ns, Total: 106110 ns
[2020-02-21T03:01:40.128+0000][1][safepoint    ] Safepoint "RevokeBias", Time since last: 2503150031 ns, Reaching safepoint: 82427 ns, At safepoint: 20949 ns, Total: 103376 ns
[2020-02-21T03:01:42.631+0000][1][safepoint    ] Safepoint "RevokeBias", Time since last: 2503562153 ns, Reaching safepoint: 75193 ns, At safepoint: 18044 ns, Total: 93237 ns
[2020-02-21T03:01:45.138+0000][1][safepoint    ] Safepoint "RevokeBias", Time since last: 2506331319 ns, Reaching safepoint: 110745 ns, At safepoint: 22086 ns, Total: 132831 ns
[2020-02-21T03:01:47.641+0000][1][safepoint    ] Safepoint "RevokeBias", Time since last: 2503375722 ns, Reaching safepoint: 124240 ns, At safepoint: 23236 ns, Total: 147476 ns
[2020-02-21T03:01:47.739+0000][1][gc,start     ] GC(71) Pause Young (Allocation Failure)
[2020-02-21T03:01:47.739+0000][1][gc,task      ] GC(71) Using 1 workers of 1 for evacuation
[2020-02-21T03:01:47.751+0000][1][gc,age       ] GC(71) Desired survivor size 4358144 bytes, new threshold 6 (max threshold 6)
[2020-02-21T03:01:47.751+0000][1][gc,age       ] GC(71) Age table with threshold 6 (max threshold 6)
[2020-02-21T03:01:47.751+0000][1][gc,age       ] GC(71) - age   1:      12960 bytes,      12960 total
[2020-02-21T03:01:47.751+0000][1][gc,age       ] GC(71) - age   2:        304 bytes,      13264 total
[2020-02-21T03:01:47.751+0000][1][gc,age       ] GC(71) - age   4:       1584 bytes,      14848 total
[2020-02-21T03:01:47.751+0000][1][gc,age       ] GC(71) - age   5:         56 bytes,      14904 total
[2020-02-21T03:01:47.751+0000][1][gc,age       ] GC(71) - age   6:        904 bytes,      15808 total
[2020-02-21T03:01:47.751+0000][1][gc,heap      ] GC(71) ParNew: 68188K->17K(76672K)
[2020-02-21T03:01:47.751+0000][1][gc,heap      ] GC(71) CMS: 62592K->62593K(963392K)
[2020-02-21T03:01:47.751+0000][1][gc,metaspace ] GC(71) Metaspace: 79875K->79875K(1122304K)
[2020-02-21T03:01:47.751+0000][1][gc           ] GC(71) Pause Young (Allocation Failure) 127M->61M(1015M) 11.366ms
[2020-02-21T03:01:47.751+0000][1][gc,cpu       ] GC(71) User=0.01s Sys=0.00s Real=0.01s
[2020-02-21T03:01:47.751+0000][1][safepoint    ] Safepoint "GenCollectForAllocation", Time since last: 97914918 ns, Reaching safepoint: 83166 ns, At safepoint: 11420410 ns, Total: 11503576 ns
[2020-02-21T03:01:50.158+0000][1][safepoint    ] Safepoint "RevokeBias", Time since last: 2407512463 ns, Reaching safepoint: 54982 ns, At safepoint: 16773 ns, Total: 71755 ns
[2020-02-21T03:01:51.160+0000][1][safepoint    ] Safepoint "Cleanup", Time since last: 1001132625 ns, Reaching safepoint: 109239 ns, At safepoint: 8391 ns, Total: 117630 ns
[2020-02-21T03:01:52.666+0000][1][safepoint    ] Safepoint "RevokeBias", Time since last: 1506029816 ns, Reaching safepoint: 70855 ns, At safepoint: 33146 ns, Total: 104001 ns
[2020-02-21T03:01:55.171+0000][1][safepoint    ] Safepoint "RevokeBias", Time since last: 2505295290 ns, Reaching safepoint: 83101 ns, At safepoint: 20657 ns, Total: 103758 ns
[2020-02-21T03:01:57.676+0000][1][safepoint    ] Safepoint "RevokeBias", Time since last: 2505217990 ns, Reaching safepoint: 82378 ns, At safepoint: 20096 ns, Total: 102474 ns
[2020-02-21T03:02:00.183+0000][1][safepoint    ] Safepoint "RevokeBias", Time since last: 2506654635 ns, Reaching safepoint: 75038 ns, At safepoint: 18672 ns, Total: 93710 ns
[2020-02-21T03:02:02.692+0000][1][safepoint    ] Safepoint "RevokeBias", Time since last: 2508472134 ns, Reaching safepoint: 69188 ns, At safepoint: 17133 ns, Total: 86321 ns
[2020-02-21T03:02:05.205+0000][1][safepoint    ] Safepoint "RevokeBias", Time since last: 2513518358 ns, Reaching safepoint: 86724 ns, At safepoint: 21788 ns, Total: 108512 ns
[2020-02-21T03:02:07.714+0000][1][safepoint    ] Safepoint "RevokeBias", Time since last: 2508666749 ns, Reaching safepoint: 87412 ns, At safepoint: 20484 ns, Total: 107896 ns
[2020-02-21T03:02:10.222+0000][1][safepoint    ] Safepoint "RevokeBias", Time since last: 2507662631 ns, Reaching safepoint: 85013 ns, At safepoint: 20269 ns, Total: 105282 ns
[2020-02-21T03:02:12.725+0000][1][safepoint    ] Safepoint "RevokeBias", Time since last: 2503177791 ns, Reaching safepoint: 101353 ns, At safepoint: 22751 ns, Total: 124104 ns
[2020-02-21T03:02:15.232+0000][1][safepoint    ] Safepoint "RevokeBias", Time since last: 2506689410 ns, Reaching safepoint: 82631 ns, At safepoint: 20708 ns, Total: 103339 ns
[2020-02-21T03:02:17.753+0000][1][safepoint    ] Safepoint "RevokeBias", Time since last: 2521071904 ns, Reaching safepoint: 93854 ns, At safepoint: 19339 ns, Total: 113193 ns
[2020-02-21T03:02:20.261+0000][1][safepoint    ] Safepoint "RevokeBias", Time since last: 2507510456 ns, Reaching safepoint: 76374 ns, At safepoint: 18099 ns, Total: 94473 ns
[2020-02-21T03:02:22.814+0000][1][safepoint    ] Safepoint "RevokeBias", Time since last: 2553067556 ns, Reaching safepoint: 71018 ns, At safepoint: 16774 ns, Total: 87792 ns
[2020-02-21T03:02:25.338+0000][1][safepoint    ] Safepoint "RevokeBias", Time since last: 2524031507 ns, Reaching safepoint: 54685 ns, At safepoint: 15736 ns, Total: 70421 ns
[2020-02-21T03:02:27.849+0000][1][safepoint    ] Safepoint "RevokeBias", Time since last: 2510823229 ns, Reaching safepoint: 82637 ns, At safepoint: 20103 ns, Total: 102740 ns
[2020-02-21T03:02:30.356+0000][1][safepoint    ] Safepoint "BulkRevokeBias", Time since last: 2506629854 ns, Reaching safepoint: 73808 ns, At safepoint: 187266 ns, Total: 261074 ns
[2020-02-21T03:02:32.860+0000][1][safepoint    ] Safepoint "RevokeBias", Time since last: 2503635178 ns, Reaching safepoint: 84953 ns, At safepoint: 20365 ns, Total: 105318 ns
[2020-02-21T03:02:35.366+0000][1][safepoint    ] Safepoint "RevokeBias", Time since last: 2506352226 ns, Reaching safepoint: 84492 ns, At safepoint: 19393 ns, Total: 103885 ns
[2020-02-21T03:02:37.876+0000][1][safepoint    ] Safepoint "RevokeBias", Time since last: 2509839616 ns, Reaching safepoint: 168089 ns, At safepoint: 19689 ns, Total: 187778 ns
[2020-02-21T03:02:40.386+0000][1][safepoint    ] Safepoint "RevokeBias", Time since last: 2510113888 ns, Reaching safepoint: 94336 ns, At safepoint: 16389 ns, Total: 110725 ns
[2020-02-21T03:02:42.890+0000][1][safepoint    ] Safepoint "RevokeBias", Time since last: 2503492356 ns, Reaching safepoint: 70993 ns, At safepoint: 17443 ns, Total: 88436 ns
[2020-02-21T03:02:45.394+0000][1][safepoint    ] Safepoint "RevokeBias", Time since last: 2503515240 ns, Reaching safepoint: 79164 ns, At safepoint: 18863 ns, Total: 98027 ns
[2020-02-21T03:02:47.897+0000][1][safepoint    ] Safepoint "RevokeBias", Time since last: 2503536435 ns, Reaching safepoint: 153907 ns, At safepoint: 19455 ns, Total: 173362 ns
[2020-02-21T03:02:50.403+0000][1][safepoint    ] Safepoint "RevokeBias", Time since last: 2505449014 ns, Reaching safepoint: 81723 ns, At safepoint: 20426 ns, Total: 102149 ns
[2020-02-21T03:02:52.908+0000][1][safepoint    ] Safepoint "RevokeBias", Time since last: 2505332697 ns, Reaching safepoint: 81457 ns, At safepoint: 20210 ns, Total: 101667 ns
[2020-02-21T03:02:55.420+0000][1][safepoint    ] Safepoint "RevokeBias", Time since last: 2511434511 ns, Reaching safepoint: 53082 ns, At safepoint: 15141 ns, Total: 68223 ns
[2020-02-21T03:02:57.928+0000][1][safepoint    ] Safepoint "RevokeBias", Time since last: 2508223050 ns, Reaching safepoint: 77194 ns, At safepoint: 17689 ns, Total: 94883 ns
[2020-02-21T03:03:00.435+0000][1][safepoint    ] Safepoint "RevokeBias", Time since last: 2506703746 ns, Reaching safepoint: 74604 ns, At safepoint: 17245 ns, Total: 91849 ns
[2020-02-21T03:03:02.052+0000][1][safepoint    ] Safepoint "Cleanup", Time since last: 1617231489 ns, Reaching safepoint: 89375 ns, At safepoint: 8983 ns, Total: 98358 ns
[2020-02-21T03:03:02.938+0000][1][safepoint    ] Safepoint "RevokeBias", Time since last: 885986956 ns, Reaching safepoint: 82011 ns, At safepoint: 20952 ns, Total: 102963 ns
[2020-02-21T03:03:05.445+0000][1][safepoint    ] Safepoint "RevokeBias", Time since last: 2506310847 ns, Reaching safepoint: 85541 ns, At safepoint: 20746 ns, Total: 106287 ns
[2020-02-21T03:03:07.951+0000][1][safepoint    ] Safepoint "RevokeBias", Time since last: 2506326589 ns, Reaching safepoint: 99456 ns, At safepoint: 23557 ns, Total: 123013 ns
[2020-02-21T03:03:10.455+0000][1][safepoint    ] Safepoint "RevokeBias", Time since last: 2503626437 ns, Reaching safepoint: 72551 ns, At safepoint: 17160 ns, Total: 89711 ns
[2020-02-21T03:03:12.968+0000][1][safepoint    ] Safepoint "RevokeBias", Time since last: 2512769841 ns, Reaching safepoint: 68079 ns, At safepoint: 16881 ns, Total: 84960 ns
[2020-02-21T03:03:15.477+0000][1][safepoint    ] Safepoint "RevokeBias", Time since last: 2509503493 ns, Reaching safepoint: 85721 ns, At safepoint: 20813 ns, Total: 106534 ns
[2020-02-21T03:03:17.980+0000][1][safepoint    ] Safepoint "RevokeBias", Time since last: 2502719187 ns, Reaching safepoint: 102289 ns, At safepoint: 23894 ns, Total: 126183 ns
[2020-02-21T03:03:20.485+0000][1][safepoint    ] Safepoint "RevokeBias", Time since last: 2504325324 ns, Reaching safepoint: 84972 ns, At safepoint: 20528 ns, Total: 105500 ns
[2020-02-21T03:03:22.997+0000][1][safepoint    ] Safepoint "RevokeBias", Time since last: 2511761198 ns, Reaching safepoint: 115346 ns, At safepoint: 20179 ns, Total: 135525 ns
[2020-02-21T03:03:25.499+0000][1][safepoint    ] Safepoint "RevokeBias", Time since last: 2502392757 ns, Reaching safepoint: 87800 ns, At safepoint: 20443 ns, Total: 108243 ns
[2020-02-21T03:03:28.004+0000][1][safepoint    ] Safepoint "RevokeBias", Time since last: 2504623689 ns, Reaching safepoint: 78073 ns, At safepoint: 18866 ns, Total: 96939 ns
[2020-02-21T03:03:30.513+0000][1][safepoint    ] Safepoint "RevokeBias", Time since last: 2508983529 ns, Reaching safepoint: 70068 ns, At safepoint: 16900 ns, Total: 86968 ns
[2020-02-21T03:03:33.021+0000][1][safepoint    ] Safepoint "RevokeBias", Time since last: 2508287659 ns, Reaching safepoint: 72352 ns, At safepoint: 16988 ns, Total: 89340 ns
[2020-02-21T03:03:35.527+0000][1][safepoint    ] Safepoint "RevokeBias", Time since last: 2505356749 ns, Reaching safepoint: 117035 ns, At safepoint: 24885 ns, Total: 141920 ns
[2020-02-21T03:03:38.031+0000][1][safepoint    ] Safepoint "RevokeBias", Time since last: 2504291751 ns, Reaching safepoint: 84991 ns, At safepoint: 20801 ns, Total: 105792 ns
[2020-02-21T03:03:40.536+0000][1][safepoint    ] Safepoint "RevokeBias", Time since last: 2504947613 ns, Reaching safepoint: 91247 ns, At safepoint: 22240 ns, Total: 113487 ns
[2020-02-21T03:03:43.041+0000][1][safepoint    ] Safepoint "BulkRevokeBias", Time since last: 2504266821 ns, Reaching safepoint: 84858 ns, At safepoint: 211632 ns, Total: 296490 ns
[2020-02-21T03:03:45.547+0000][1][safepoint    ] Safepoint "RevokeBias", Time since last: 2505765347 ns, Reaching safepoint: 72081 ns, At safepoint: 17211 ns, Total: 89292 ns
[2020-02-21T03:03:48.054+0000][1][safepoint    ] Safepoint "RevokeBias", Time since last: 2507118823 ns, Reaching safepoint: 147007 ns, At safepoint: 25378 ns, Total: 172385 ns
[2020-02-21T03:03:50.559+0000][1][safepoint    ] Safepoint "RevokeBias", Time since last: 2505462110 ns, Reaching safepoint: 85992 ns, At safepoint: 20226 ns, Total: 106218 ns
[2020-02-21T03:03:53.063+0000][1][safepoint    ] Safepoint "RevokeBias", Time since last: 2503841186 ns, Reaching safepoint: 80984 ns, At safepoint: 19068 ns, Total: 100052 ns
[2020-02-21T03:03:55.567+0000][1][safepoint    ] Safepoint "RevokeBias", Time since last: 2503851133 ns, Reaching safepoint: 77871 ns, At safepoint: 18406 ns, Total: 96277 ns
[2020-02-21T03:03:58.071+0000][1][safepoint    ] Safepoint "RevokeBias", Time since last: 2503571350 ns, Reaching safepoint: 100519 ns, At safepoint: 19718 ns, Total: 120237 ns
[2020-02-21T03:04:00.575+0000][1][safepoint    ] Safepoint "RevokeBias", Time since last: 2503750379 ns, Reaching safepoint: 71165 ns, At safepoint: 17064 ns, Total: 88229 ns
[2020-02-21T03:04:03.078+0000][1][safepoint    ] Safepoint "RevokeBias", Time since last: 2503264663 ns, Reaching safepoint: 67734 ns, At safepoint: 16966 ns, Total: 84700 ns
[2020-02-21T03:04:05.584+0000][1][safepoint    ] Safepoint "RevokeBias", Time since last: 2506218156 ns, Reaching safepoint: 70499 ns, At safepoint: 15543 ns, Total: 86042 ns
[2020-02-21T03:04:07.851+0000][1][gc,start     ] GC(72) Pause Young (Allocation Failure)
[2020-02-21T03:04:07.851+0000][1][gc,task      ] GC(72) Using 1 workers of 1 for evacuation
[2020-02-21T03:04:07.862+0000][1][gc,age       ] GC(72) Desired survivor size 4358144 bytes, new threshold 6 (max threshold 6)
[2020-02-21T03:04:07.862+0000][1][gc,age       ] GC(72) Age table with threshold 6 (max threshold 6)
[2020-02-21T03:04:07.863+0000][1][gc,age       ] GC(72) - age   1:      13024 bytes,      13024 total
[2020-02-21T03:04:07.863+0000][1][gc,age       ] GC(72) - age   2:       1048 bytes,      14072 total
[2020-02-21T03:04:07.863+0000][1][gc,age       ] GC(72) - age   3:        304 bytes,      14376 total
[2020-02-21T03:04:07.863+0000][1][gc,age       ] GC(72) - age   5:       1352 bytes,      15728 total
[2020-02-21T03:04:07.863+0000][1][gc,age       ] GC(72) - age   6:         56 bytes,      15784 total
[2020-02-21T03:04:07.863+0000][1][gc,heap      ] GC(72) ParNew: 68177K->27K(76672K)
[2020-02-21T03:04:07.863+0000][1][gc,heap      ] GC(72) CMS: 62593K->62593K(963392K)
[2020-02-21T03:04:07.863+0000][1][gc,metaspace ] GC(72) Metaspace: 79885K->79885K(1122304K)
[2020-02-21T03:04:07.863+0000][1][gc           ] GC(72) Pause Young (Allocation Failure) 127M->61M(1015M) 11.631ms
[2020-02-21T03:04:07.863+0000][1][gc,cpu       ] GC(72) User=0.01s Sys=0.00s Real=0.01s
[2020-02-21T03:04:07.863+0000][1][safepoint    ] Safepoint "GenCollectForAllocation", Time since last: 2266383809 ns, Reaching safepoint: 87705 ns, At safepoint: 11685501 ns, Total: 11773206 ns
[2020-02-21T03:04:08.089+0000][1][safepoint    ] Safepoint "RevokeBias", Time since last: 226352371 ns, Reaching safepoint: 119000 ns, At safepoint: 25183 ns, Total: 144183 ns
[2020-02-21T03:04:10.599+0000][1][safepoint    ] Safepoint "RevokeBias", Time since last: 2509851986 ns, Reaching safepoint: 71402 ns, At safepoint: 17476 ns, Total: 88878 ns
[2020-02-21T03:04:13.110+0000][1][safepoint    ] Safepoint "RevokeBias", Time since last: 2510475124 ns, Reaching safepoint: 123435 ns, At safepoint: 23584 ns, Total: 147019 ns
[2020-02-21T03:04:15.616+0000][1][safepoint    ] Safepoint "RevokeBias", Time since last: 2506216155 ns, Reaching safepoint: 70450 ns, At safepoint: 16625 ns, Total: 87075 ns
[2020-02-21T03:04:18.121+0000][1][safepoint    ] Safepoint "RevokeBias", Time since last: 2504481007 ns, Reaching safepoint: 89630 ns, At safepoint: 19933 ns, Total: 109563 ns
[2020-02-21T03:04:20.625+0000][1][safepoint    ] Safepoint "RevokeBias", Time since last: 2504045825 ns, Reaching safepoint: 84356 ns, At safepoint: 20191 ns, Total: 104547 ns
[2020-02-21T03:04:23.132+0000][1][safepoint    ] Safepoint "RevokeBias", Time since last: 2507246592 ns, Reaching safepoint: 74577 ns, At safepoint: 16815 ns, Total: 91392 ns
[2020-02-21T03:04:25.636+0000][1][safepoint    ] Safepoint "RevokeBias", Time since last: 2503430156 ns, Reaching safepoint: 74431 ns, At safepoint: 22690 ns, Total: 97121 ns
[2020-02-21T03:04:28.145+0000][1][safepoint    ] Safepoint "RevokeBias", Time since last: 2509340443 ns, Reaching safepoint: 92785 ns, At safepoint: 20652 ns, Total: 113437 ns
[2020-02-21T03:04:30.653+0000][1][safepoint    ] Safepoint "RevokeBias", Time since last: 2508261261 ns, Reaching safepoint: 77592 ns, At safepoint: 18544 ns, Total: 96136 ns
[2020-02-21T03:04:32.655+0000][1][safepoint    ] Safepoint "Cleanup", Time since last: 2001468696 ns, Reaching safepoint: 84379 ns, At safepoint: 9663 ns, Total: 94042 ns
[2020-02-21T03:04:33.157+0000][1][safepoint    ] Safepoint "RevokeBias", Time since last: 501636746 ns, Reaching safepoint: 70892 ns, At safepoint: 17156 ns, Total: 88048 ns
[2020-02-21T03:04:35.660+0000][1][safepoint    ] Safepoint "RevokeBias", Time since last: 2503206879 ns, Reaching safepoint: 85067 ns, At safepoint: 20974 ns, Total: 106041 ns
[2020-02-21T03:04:38.163+0000][1][safepoint    ] Safepoint "RevokeBias", Time since last: 2503144253 ns, Reaching safepoint: 84177 ns, At safepoint: 19844 ns, Total: 104021 ns
[2020-02-21T03:04:40.672+0000][1][safepoint    ] Safepoint "RevokeBias", Time since last: 2508038027 ns, Reaching safepoint: 193899 ns, At safepoint: 112396 ns, Total: 306295 ns
[2020-02-21T03:04:43.183+0000][1][safepoint    ] Safepoint "RevokeBias", Time since last: 2511722148 ns, Reaching safepoint: 87917 ns, At safepoint: 18502 ns, Total: 106419 ns
[2020-02-21T03:04:45.689+0000][1][safepoint    ] Safepoint "RevokeBias", Time since last: 2505612916 ns, Reaching safepoint: 68176 ns, At safepoint: 16382 ns, Total: 84558 ns
[2020-02-21T03:04:48.193+0000][1][safepoint    ] Safepoint "RevokeBias", Time since last: 2503329401 ns, Reaching safepoint: 82813 ns, At safepoint: 19709 ns, Total: 102522 ns
[2020-02-21T03:04:50.697+0000][1][safepoint    ] Safepoint "RevokeBias", Time since last: 2504526981 ns, Reaching safepoint: 82972 ns, At safepoint: 20751 ns, Total: 103723 ns
[2020-02-21T03:04:53.204+0000][1][safepoint    ] Safepoint "RevokeBias", Time since last: 2506184357 ns, Reaching safepoint: 85888 ns, At safepoint: 16139 ns, Total: 102027 ns
[2020-02-21T03:04:55.707+0000][1][safepoint    ] Safepoint "BulkRevokeBias", Time since last: 2503298429 ns, Reaching safepoint: 73409 ns, At safepoint: 268095 ns, Total: 341504 ns
[2020-02-21T03:04:58.226+0000][1][safepoint    ] Safepoint "RevokeBias", Time since last: 2518878504 ns, Reaching safepoint: 83327 ns, At safepoint: 18976 ns, Total: 102303 ns
[2020-02-21T03:05:00.743+0000][1][safepoint    ] Safepoint "RevokeBias", Time since last: 2516312681 ns, Reaching safepoint: 72755 ns, At safepoint: 17487 ns, Total: 90242 ns
[2020-02-21T03:05:03.248+0000][1][safepoint    ] Safepoint "RevokeBias", Time since last: 2504928864 ns, Reaching safepoint: 75580 ns, At safepoint: 18610 ns, Total: 94190 ns
[2020-02-21T03:05:05.753+0000][1][safepoint    ] Safepoint "RevokeBias", Time since last: 2505792119 ns, Reaching safepoint: 74380 ns, At safepoint: 18710 ns, Total: 93090 ns
[2020-02-21T03:05:08.257+0000][1][safepoint    ] Safepoint "RevokeBias", Time since last: 2503517929 ns, Reaching safepoint: 84962 ns, At safepoint: 21220 ns, Total: 106182 ns
[2020-02-21T03:05:10.760+0000][1][safepoint    ] Safepoint "RevokeBias", Time since last: 2503150995 ns, Reaching safepoint: 96425 ns, At safepoint: 19643 ns, Total: 116068 ns
[2020-02-21T03:05:13.264+0000][1][safepoint    ] Safepoint "RevokeBias", Time since last: 2504068722 ns, Reaching safepoint: 74099 ns, At safepoint: 18212 ns, Total: 92311 ns
[2020-02-21T03:05:15.775+0000][1][safepoint    ] Safepoint "RevokeBias", Time since last: 2510300126 ns, Reaching safepoint: 99164 ns, At safepoint: 36846 ns, Total: 136010 ns
[2020-02-21T03:05:18.284+0000][1][safepoint    ] Safepoint "RevokeBias", Time since last: 2508900280 ns, Reaching safepoint: 109441 ns, At safepoint: 17417 ns, Total: 126858 ns
[2020-02-21T03:05:20.789+0000][1][safepoint    ] Safepoint "RevokeBias", Time since last: 2505101972 ns, Reaching safepoint: 88327 ns, At safepoint: 17419 ns, Total: 105746 ns
[2020-02-21T03:05:23.296+0000][1][safepoint    ] Safepoint "RevokeBias", Time since last: 2507059812 ns, Reaching safepoint: 71092 ns, At safepoint: 16593 ns, Total: 87685 ns
[2020-02-21T03:05:25.800+0000][1][safepoint    ] Safepoint "RevokeBias", Time since last: 2503329600 ns, Reaching safepoint: 106677 ns, At safepoint: 17294 ns, Total: 123971 ns
[2020-02-21T03:05:28.304+0000][1][safepoint    ] Safepoint "RevokeBias", Time since last: 2504469853 ns, Reaching safepoint: 92567 ns, At safepoint: 22546 ns, Total: 115113 ns
[2020-02-21T03:05:30.809+0000][1][safepoint    ] Safepoint "RevokeBias", Time since last: 2504728940 ns, Reaching safepoint: 72589 ns, At safepoint: 17062 ns, Total: 89651 ns
[2020-02-21T03:05:33.343+0000][1][safepoint    ] Safepoint "RevokeBias", Time since last: 2528900918 ns, Reaching safepoint: 4925407 ns, At safepoint: 23555 ns, Total: 4948962 ns
[2020-02-21T03:05:35.851+0000][1][safepoint    ] Safepoint "RevokeBias", Time since last: 2508106657 ns, Reaching safepoint: 102539 ns, At safepoint: 20046 ns, Total: 122585 ns
[2020-02-21T03:05:38.354+0000][1][safepoint    ] Safepoint "RevokeBias", Time since last: 2502342030 ns, Reaching safepoint: 72439 ns, At safepoint: 42924 ns, Total: 115363 ns
[2020-02-21T03:05:40.858+0000][1][safepoint    ] Safepoint "RevokeBias", Time since last: 2504001422 ns, Reaching safepoint: 83784 ns, At safepoint: 21430 ns, Total: 105214 ns
[2020-02-21T03:05:43.361+0000][1][safepoint    ] Safepoint "RevokeBias", Time since last: 2503554895 ns, Reaching safepoint: 73999 ns, At safepoint: 18209 ns, Total: 92208 ns
[2020-02-21T03:05:45.867+0000][1][safepoint    ] Safepoint "RevokeBias", Time since last: 2505835215 ns, Reaching safepoint: 114121 ns, At safepoint: 24298 ns, Total: 138419 ns
[2020-02-21T03:05:48.371+0000][1][safepoint    ] Safepoint "RevokeBias", Time since last: 2503223230 ns, Reaching safepoint: 107294 ns, At safepoint: 33918 ns, Total: 141212 ns
[2020-02-21T03:05:50.883+0000][1][safepoint    ] Safepoint "RevokeBias", Time since last: 2512391528 ns, Reaching safepoint: 70383 ns, At safepoint: 17680 ns, Total: 88063 ns
[2020-02-21T03:05:53.395+0000][1][safepoint    ] Safepoint "RevokeBias", Time since last: 2511380191 ns, Reaching safepoint: 81325 ns, At safepoint: 19410 ns, Total: 100735 ns
[2020-02-21T03:05:55.899+0000][1][safepoint    ] Safepoint "RevokeBias", Time since last: 2503847934 ns, Reaching safepoint: 115250 ns, At safepoint: 26839 ns, Total: 142089 ns
[2020-02-21T03:05:58.404+0000][1][safepoint    ] Safepoint "RevokeBias", Time since last: 2505242901 ns, Reaching safepoint: 74211 ns, At safepoint: 19099 ns, Total: 93310 ns
[2020-02-21T03:06:00.910+0000][1][safepoint    ] Safepoint "RevokeBias", Time since last: 2506286483 ns, Reaching safepoint: 71554 ns, At safepoint: 16536 ns, Total: 88090 ns
[2020-02-21T03:06:01.911+0000][1][safepoint    ] Safepoint "Cleanup", Time since last: 1000228972 ns, Reaching safepoint: 94220 ns, At safepoint: 10815 ns, Total: 105035 ns
[2020-02-21T03:06:03.414+0000][1][safepoint    ] Safepoint "RevokeBias", Time since last: 1502925353 ns, Reaching safepoint: 83446 ns, At safepoint: 19874 ns, Total: 103320 ns
[2020-02-21T03:06:05.918+0000][1][safepoint    ] Safepoint "RevokeBias", Time since last: 2504382318 ns, Reaching safepoint: 100144 ns, At safepoint: 22665 ns, Total: 122809 ns
[2020-02-21T03:06:08.440+0000][1][safepoint    ] Safepoint "BulkRevokeBias", Time since last: 2521081910 ns, Reaching safepoint: 70589 ns, At safepoint: 267855 ns, Total: 338444 ns
[2020-02-21T03:06:10.953+0000][1][safepoint    ] Safepoint "RevokeBias", Time since last: 2513474874 ns, Reaching safepoint: 114528 ns, At safepoint: 27532 ns, Total: 142060 ns
[2020-02-21T03:06:13.459+0000][1][safepoint    ] Safepoint "RevokeBias", Time since last: 2505129324 ns, Reaching safepoint: 223478 ns, At safepoint: 19807 ns, Total: 243285 ns
[2020-02-21T03:06:15.965+0000][1][safepoint    ] Safepoint "RevokeBias", Time since last: 2505743814 ns, Reaching safepoint: 82260 ns, At safepoint: 19383 ns, Total: 101643 ns
[2020-02-21T03:06:18.470+0000][1][safepoint    ] Safepoint "RevokeBias", Time since last: 2505593491 ns, Reaching safepoint: 73184 ns, At safepoint: 16833 ns, Total: 90017 ns
[2020-02-21T03:06:20.975+0000][1][safepoint    ] Safepoint "RevokeBias", Time since last: 2504182798 ns, Reaching safepoint: 82874 ns, At safepoint: 20098 ns, Total: 102972 ns
[2020-02-21T03:06:23.478+0000][1][safepoint    ] Safepoint "RevokeBias", Time since last: 2503338149 ns, Reaching safepoint: 85252 ns, At safepoint: 20093 ns, Total: 105345 ns
[2020-02-21T03:06:25.992+0000][1][safepoint    ] Safepoint "RevokeBias", Time since last: 2513471596 ns, Reaching safepoint: 72538 ns, At safepoint: 17457 ns, Total: 89995 ns
[2020-02-21T03:06:28.500+0000][1][gc,start     ] GC(73) Pause Young (Allocation Failure)
[2020-02-21T03:06:28.500+0000][1][gc,task      ] GC(73) Using 1 workers of 1 for evacuation
[2020-02-21T03:06:28.510+0000][1][gc,age       ] GC(73) Desired survivor size 4358144 bytes, new threshold 6 (max threshold 6)
[2020-02-21T03:06:28.510+0000][1][gc,age       ] GC(73) Age table with threshold 6 (max threshold 6)
[2020-02-21T03:06:28.510+0000][1][gc,age       ] GC(73) - age   1:      11936 bytes,      11936 total
[2020-02-21T03:06:28.510+0000][1][gc,age       ] GC(73) - age   2:        264 bytes,      12200 total
[2020-02-21T03:06:28.510+0000][1][gc,age       ] GC(73) - age   3:       1048 bytes,      13248 total
[2020-02-21T03:06:28.510+0000][1][gc,age       ] GC(73) - age   4:        304 bytes,      13552 total
[2020-02-21T03:06:28.510+0000][1][gc,age       ] GC(73) - age   6:       1352 bytes,      14904 total
[2020-02-21T03:06:28.510+0000][1][gc,heap      ] GC(73) ParNew: 68129K->18K(76672K)
[2020-02-21T03:06:28.510+0000][1][gc,heap      ] GC(73) CMS: 62593K->62594K(963392K)
[2020-02-21T03:06:28.510+0000][1][gc,metaspace ] GC(73) Metaspace: 79890K->79890K(1122304K)
[2020-02-21T03:06:28.510+0000][1][gc           ] GC(73) Pause Young (Allocation Failure) 127M->61M(1015M) 9.679ms
[2020-02-21T03:06:28.510+0000][1][gc,cpu       ] GC(73) User=0.01s Sys=0.00s Real=0.01s
[2020-02-21T03:06:28.510+0000][1][safepoint    ] Safepoint "GenCollectForAllocation", Time since last: 2508605742 ns, Reaching safepoint: 103932 ns, At safepoint: 9732941 ns, Total: 9836873 ns
[2020-02-21T03:06:28.511+0000][1][safepoint    ] Safepoint "RevokeBias", Time since last: 1119659 ns, Reaching safepoint: 62243 ns, At safepoint: 15697 ns, Total: 77940 ns
[2020-02-21T03:06:31.018+0000][1][safepoint    ] Safepoint "RevokeBias", Time since last: 2506496348 ns, Reaching safepoint: 109893 ns, At safepoint: 22698 ns, Total: 132591 ns
[2020-02-21T03:06:32.083+0000][1][safepoint    ] Safepoint "Cleanup", Time since last: 1065091816 ns, Reaching safepoint: 83199 ns, At safepoint: 6575 ns, Total: 89774 ns
[2020-02-21T03:06:33.521+0000][1][safepoint    ] Safepoint "RevokeBias", Time since last: 1437946510 ns, Reaching safepoint: 72319 ns, At safepoint: 16939 ns, Total: 89258 ns
[2020-02-21T03:06:36.028+0000][1][safepoint    ] Safepoint "RevokeBias", Time since last: 2506941018 ns, Reaching safepoint: 105245 ns, At safepoint: 21013 ns, Total: 126258 ns
[2020-02-21T03:06:38.542+0000][1][safepoint    ] Safepoint "RevokeBias", Time since last: 2513425732 ns, Reaching safepoint: 77412 ns, At safepoint: 51887 ns, Total: 129299 ns
[2020-02-21T03:06:41.054+0000][1][safepoint    ] Safepoint "RevokeBias", Time since last: 2512069027 ns, Reaching safepoint: 73087 ns, At safepoint: 17438 ns, Total: 90525 ns
[2020-02-21T03:06:43.559+0000][1][safepoint    ] Safepoint "RevokeBias", Time since last: 2505140015 ns, Reaching safepoint: 59235 ns, At safepoint: 17806 ns, Total: 77041 ns
[2020-02-21T03:06:46.065+0000][1][safepoint    ] Safepoint "RevokeBias", Time since last: 2506068610 ns, Reaching safepoint: 75380 ns, At safepoint: 18194 ns, Total: 93574 ns
[2020-02-21T03:06:48.571+0000][1][safepoint    ] Safepoint "RevokeBias", Time since last: 2505465002 ns, Reaching safepoint: 81759 ns, At safepoint: 19962 ns, Total: 101721 ns
[2020-02-21T03:06:51.077+0000][1][safepoint    ] Safepoint "RevokeBias", Time since last: 2506419637 ns, Reaching safepoint: 74802 ns, At safepoint: 16974 ns, Total: 91776 ns
[2020-02-21T03:06:53.582+0000][1][safepoint    ] Safepoint "RevokeBias", Time since last: 2504700916 ns, Reaching safepoint: 141951 ns, At safepoint: 38176 ns, Total: 180127 ns
[2020-02-21T03:06:56.092+0000][1][safepoint    ] Safepoint "RevokeBias", Time since last: 2509288616 ns, Reaching safepoint: 75811 ns, At safepoint: 17877 ns, Total: 93688 ns
[2020-02-21T03:06:58.602+0000][1][safepoint    ] Safepoint "RevokeBias", Time since last: 2509970464 ns, Reaching safepoint: 106602 ns, At safepoint: 20676 ns, Total: 127278 ns
[2020-02-21T03:07:01.108+0000][1][safepoint    ] Safepoint "RevokeBias", Time since last: 2506569306 ns, Reaching safepoint: 87737 ns, At safepoint: 20324 ns, Total: 108061 ns
[2020-02-21T03:07:03.611+0000][1][safepoint    ] Safepoint "RevokeBias", Time since last: 2502600092 ns, Reaching safepoint: 71896 ns, At safepoint: 17876 ns, Total: 89772 ns
[2020-02-21T03:07:06.117+0000][1][safepoint    ] Safepoint "RevokeBias", Time since last: 2506176822 ns, Reaching safepoint: 104642 ns, At safepoint: 24137 ns, Total: 128779 ns
[2020-02-21T03:07:08.621+0000][1][safepoint    ] Safepoint "RevokeBias", Time since last: 2503987621 ns, Reaching safepoint: 78249 ns, At safepoint: 19670 ns, Total: 97919 ns
[2020-02-21T03:07:10.623+0000][1][safepoint    ] Safepoint "Cleanup", Time since last: 2001119743 ns, Reaching safepoint: 154151 ns, At safepoint: 8486 ns, Total: 162637 ns
[2020-02-21T03:07:11.127+0000][1][safepoint    ] Safepoint "RevokeBias", Time since last: 504355946 ns, Reaching safepoint: 107664 ns, At safepoint: 18594 ns, Total: 126258 ns
[2020-02-21T03:07:13.637+0000][1][safepoint    ] Safepoint "RevokeBias", Time since last: 2509589662 ns, Reaching safepoint: 78333 ns, At safepoint: 16612 ns, Total: 94945 ns
[2020-02-21T03:07:16.146+0000][1][safepoint    ] Safepoint "RevokeBias", Time since last: 2509369439 ns, Reaching safepoint: 84481 ns, At safepoint: 19829 ns, Total: 104310 ns
[2020-02-21T03:07:18.650+0000][1][safepoint    ] Safepoint "RevokeBias", Time since last: 2503519914 ns, Reaching safepoint: 119963 ns, At safepoint: 18352 ns, Total: 138315 ns
[2020-02-21T03:07:21.155+0000][1][safepoint    ] Safepoint "BulkRevokeBias", Time since last: 2504424922 ns, Reaching safepoint: 69998 ns, At safepoint: 176172 ns, Total: 246170 ns
[2020-02-21T03:07:23.659+0000][1][safepoint    ] Safepoint "RevokeBias", Time since last: 2504466862 ns, Reaching safepoint: 74285 ns, At safepoint: 17584 ns, Total: 91869 ns
[2020-02-21T03:07:26.163+0000][1][safepoint    ] Safepoint "RevokeBias", Time since last: 2503487859 ns, Reaching safepoint: 146687 ns, At safepoint: 55431 ns, Total: 202118 ns
[2020-02-21T03:07:28.669+0000][1][safepoint    ] Safepoint "RevokeBias", Time since last: 2505541147 ns, Reaching safepoint: 84090 ns, At safepoint: 20256 ns, Total: 104346 ns
[2020-02-21T03:07:31.185+0000][1][safepoint    ] Safepoint "RevokeBias", Time since last: 2515973673 ns, Reaching safepoint: 84848 ns, At safepoint: 45078 ns, Total: 129926 ns
[2020-02-21T03:07:33.696+0000][1][safepoint    ] Safepoint "RevokeBias", Time since last: 2511294199 ns, Reaching safepoint: 68951 ns, At safepoint: 15759 ns, Total: 84710 ns
[2020-02-21T03:07:36.202+0000][1][safepoint    ] Safepoint "RevokeBias", Time since last: 2506004367 ns, Reaching safepoint: 125732 ns, At safepoint: 42652 ns, Total: 168384 ns
[2020-02-21T03:07:38.707+0000][1][safepoint    ] Safepoint "RevokeBias", Time since last: 2504520268 ns, Reaching safepoint: 150546 ns, At safepoint: 36690 ns, Total: 187236 ns
[2020-02-21T03:07:41.210+0000][1][safepoint    ] Safepoint "RevokeBias", Time since last: 2503022937 ns, Reaching safepoint: 76438 ns, At safepoint: 18170 ns, Total: 94608 ns
[2020-02-21T03:07:43.725+0000][1][safepoint    ] Safepoint "RevokeBias", Time since last: 2514435965 ns, Reaching safepoint: 74382 ns, At safepoint: 18473 ns, Total: 92855 ns
[2020-02-21T03:07:46.283+0000][1][safepoint    ] Safepoint "RevokeBias", Time since last: 2558113601 ns, Reaching safepoint: 75195 ns, At safepoint: 18164 ns, Total: 93359 ns
[2020-02-21T03:07:48.787+0000][1][safepoint    ] Safepoint "RevokeBias", Time since last: 2504235162 ns, Reaching safepoint: 84406 ns, At safepoint: 21038 ns, Total: 105444 ns
[2020-02-21T03:07:51.293+0000][1][safepoint    ] Safepoint "RevokeBias", Time since last: 2505489229 ns, Reaching safepoint: 88098 ns, At safepoint: 20241 ns, Total: 108339 ns
[2020-02-21T03:07:53.796+0000][1][safepoint    ] Safepoint "RevokeBias", Time since last: 2502771391 ns, Reaching safepoint: 84374 ns, At safepoint: 20813 ns, Total: 105187 ns
[2020-02-21T03:07:56.300+0000][1][safepoint    ] Safepoint "RevokeBias", Time since last: 2504110486 ns, Reaching safepoint: 82627 ns, At safepoint: 19876 ns, Total: 102503 ns
[2020-02-21T03:07:58.805+0000][1][safepoint    ] Safepoint "RevokeBias", Time since last: 2505282927 ns, Reaching safepoint: 84826 ns, At safepoint: 20634 ns, Total: 105460 ns
[2020-02-21T03:08:01.322+0000][1][safepoint    ] Safepoint "RevokeBias", Time since last: 2516878966 ns, Reaching safepoint: 142982 ns, At safepoint: 36527 ns, Total: 179509 ns
[2020-02-21T03:08:03.829+0000][1][safepoint    ] Safepoint "RevokeBias", Time since last: 2506923045 ns, Reaching safepoint: 70832 ns, At safepoint: 16453 ns, Total: 87285 ns
[2020-02-21T03:08:06.334+0000][1][safepoint    ] Safepoint "RevokeBias", Time since last: 2504520111 ns, Reaching safepoint: 81439 ns, At safepoint: 20168 ns, Total: 101607 ns
[2020-02-21T03:08:08.837+0000][1][safepoint    ] Safepoint "RevokeBias", Time since last: 2503017402 ns, Reaching safepoint: 72793 ns, At safepoint: 16456 ns, Total: 89249 ns
[2020-02-21T03:08:11.341+0000][1][safepoint    ] Safepoint "RevokeBias", Time since last: 2503519336 ns, Reaching safepoint: 112319 ns, At safepoint: 22181 ns, Total: 134500 ns
[2020-02-21T03:08:13.864+0000][1][safepoint    ] Safepoint "RevokeBias", Time since last: 2522891980 ns, Reaching safepoint: 99314 ns, At safepoint: 22856 ns, Total: 122170 ns
[2020-02-21T03:08:16.374+0000][1][safepoint    ] Safepoint "RevokeBias", Time since last: 2509823277 ns, Reaching safepoint: 86201 ns, At safepoint: 20178 ns, Total: 106379 ns
[2020-02-21T03:08:19.252+0000][1][safepoint    ] Safepoint "RevokeBias", Time since last: 2505789014 ns, Reaching safepoint: 372484709 ns, At safepoint: 28497 ns, Total: 372513206 ns
[2020-02-21T03:08:21.384+0000][1][safepoint    ] Safepoint "RevokeBias", Time since last: 2132086614 ns, Reaching safepoint: 83714 ns, At safepoint: 20807 ns, Total: 104521 ns
[2020-02-21T03:08:23.890+0000][1][safepoint    ] Safepoint "RevokeBias", Time since last: 2505784507 ns, Reaching safepoint: 82948 ns, At safepoint: 38092 ns, Total: 121040 ns
[2020-02-21T03:08:26.393+0000][1][safepoint    ] Safepoint "RevokeBias", Time since last: 2503105517 ns, Reaching safepoint: 78837 ns, At safepoint: 18784 ns, Total: 97621 ns
[2020-02-21T03:08:28.897+0000][1][safepoint    ] Safepoint "RevokeBias", Time since last: 2503951788 ns, Reaching safepoint: 99906 ns, At safepoint: 27501 ns, Total: 127407 ns
[2020-02-21T03:08:31.415+0000][1][safepoint    ] Safepoint "RevokeBias", Time since last: 2517423442 ns, Reaching safepoint: 77309 ns, At safepoint: 26497 ns, Total: 103806 ns
[2020-02-21T03:08:33.927+0000][1][safepoint    ] Safepoint "BulkRevokeBias", Time since last: 2512062111 ns, Reaching safepoint: 96442 ns, At safepoint: 394907 ns, Total: 491349 ns
[2020-02-21T03:08:36.435+0000][1][safepoint    ] Safepoint "RevokeBias", Time since last: 2507780254 ns, Reaching safepoint: 104835 ns, At safepoint: 27855 ns, Total: 132690 ns
[2020-02-21T03:08:38.940+0000][1][safepoint    ] Safepoint "RevokeBias", Time since last: 2504127522 ns, Reaching safepoint: 183368 ns, At safepoint: 40442 ns, Total: 223810 ns
[2020-02-21T03:08:39.940+0000][1][safepoint    ] Safepoint "Cleanup", Time since last: 1000577252 ns, Reaching safepoint: 110641 ns, At safepoint: 13822 ns, Total: 124463 ns
[2020-02-21T03:08:40.941+0000][1][safepoint    ] Safepoint "Cleanup", Time since last: 1000250872 ns, Reaching safepoint: 81589 ns, At safepoint: 8319 ns, Total: 89908 ns
[2020-02-21T03:08:41.446+0000][1][safepoint    ] Safepoint "RevokeBias", Time since last: 505280115 ns, Reaching safepoint: 97405 ns, At safepoint: 24915 ns, Total: 122320 ns
[2020-02-21T03:08:43.965+0000][1][safepoint    ] Safepoint "RevokeBias", Time since last: 2519337905 ns, Reaching safepoint: 58896 ns, At safepoint: 18352 ns, Total: 77248 ns
[2020-02-21T03:08:46.474+0000][1][safepoint    ] Safepoint "RevokeBias", Time since last: 2508273931 ns, Reaching safepoint: 97531 ns, At safepoint: 21990 ns, Total: 119521 ns
[2020-02-21T03:08:48.101+0000][1][gc,start     ] GC(74) Pause Young (Allocation Failure)
[2020-02-21T03:08:48.102+0000][1][gc,task      ] GC(74) Using 1 workers of 1 for evacuation
[2020-02-21T03:08:48.119+0000][1][gc,age       ] GC(74) Desired survivor size 4358144 bytes, new threshold 6 (max threshold 6)
[2020-02-21T03:08:48.119+0000][1][gc,age       ] GC(74) Age table with threshold 6 (max threshold 6)
[2020-02-21T03:08:48.119+0000][1][gc,age       ] GC(74) - age   1:      13080 bytes,      13080 total
[2020-02-21T03:08:48.119+0000][1][gc,age       ] GC(74) - age   2:        304 bytes,      13384 total
[2020-02-21T03:08:48.119+0000][1][gc,age       ] GC(74) - age   3:        264 bytes,      13648 total
[2020-02-21T03:08:48.119+0000][1][gc,age       ] GC(74) - age   4:       1048 bytes,      14696 total
[2020-02-21T03:08:48.119+0000][1][gc,age       ] GC(74) - age   5:        184 bytes,      14880 total
[2020-02-21T03:08:48.119+0000][1][gc,heap      ] GC(74) ParNew: 68178K->26K(76672K)
[2020-02-21T03:08:48.119+0000][1][gc,heap      ] GC(74) CMS: 62594K->62595K(963392K)
[2020-02-21T03:08:48.119+0000][1][gc,metaspace ] GC(74) Metaspace: 79895K->79895K(1122304K)
[2020-02-21T03:08:48.119+0000][1][gc           ] GC(74) Pause Young (Allocation Failure) 127M->61M(1015M) 18.011ms
[2020-02-21T03:08:48.119+0000][1][gc,cpu       ] GC(74) User=0.02s Sys=0.00s Real=0.02s
[2020-02-21T03:08:48.120+0000][1][safepoint    ] Safepoint "GenCollectForAllocation", Time since last: 1627431046 ns, Reaching safepoint: 96207 ns, At safepoint: 18532208 ns, Total: 18628415 ns
[2020-02-21T03:08:48.980+0000][1][safepoint    ] Safepoint "RevokeBias", Time since last: 859759711 ns, Reaching safepoint: 94699 ns, At safepoint: 24256 ns, Total: 118955 ns
[2020-02-21T03:08:51.487+0000][1][safepoint    ] Safepoint "RevokeBias", Time since last: 2507072463 ns, Reaching safepoint: 87020 ns, At safepoint: 24225 ns, Total: 111245 ns
[2020-02-21T03:08:54.001+0000][1][safepoint    ] Safepoint "RevokeBias", Time since last: 2513645790 ns, Reaching safepoint: 96991 ns, At safepoint: 25851 ns, Total: 122842 ns
[2020-02-21T03:08:56.518+0000][1][safepoint    ] Safepoint "RevokeBias", Time since last: 2516785540 ns, Reaching safepoint: 107855 ns, At safepoint: 30300 ns, Total: 138155 ns
[2020-02-21T03:08:59.031+0000][1][safepoint    ] Safepoint "RevokeBias", Time since last: 2513391305 ns, Reaching safepoint: 113132 ns, At safepoint: 26625 ns, Total: 139757 ns
[2020-02-21T03:09:01.542+0000][1][safepoint    ] Safepoint "RevokeBias", Time since last: 2510665093 ns, Reaching safepoint: 104037 ns, At safepoint: 25031 ns, Total: 129068 ns
[2020-02-21T03:09:04.279+0000][1][safepoint    ] Safepoint "RevokeBias", Time since last: 2737360560 ns, Reaching safepoint: 101577 ns, At safepoint: 47460 ns, Total: 149037 ns
[2020-02-21T03:09:06.812+0000][1][safepoint    ] Safepoint "RevokeBias", Time since last: 2532062761 ns, Reaching safepoint: 91740 ns, At safepoint: 23350 ns, Total: 115090 ns
[2020-02-21T03:09:09.330+0000][1][safepoint    ] Safepoint "RevokeBias", Time since last: 2518622014 ns, Reaching safepoint: 162488 ns, At safepoint: 31880 ns, Total: 194368 ns
[2020-02-21T03:09:11.846+0000][1][safepoint    ] Safepoint "RevokeBias", Time since last: 2515085074 ns, Reaching safepoint: 141455 ns, At safepoint: 28518 ns, Total: 169973 ns
[2020-02-21T03:09:14.359+0000][1][safepoint    ] Safepoint "RevokeBias", Time since last: 2512880345 ns, Reaching safepoint: 113049 ns, At safepoint: 32238 ns, Total: 145287 ns
[2020-02-21T03:09:16.877+0000][1][safepoint    ] Safepoint "RevokeBias", Time since last: 2517848784 ns, Reaching safepoint: 142530 ns, At safepoint: 37125 ns, Total: 179655 ns
[2020-02-21T03:09:19.396+0000][1][safepoint    ] Safepoint "RevokeBias", Time since last: 2518760245 ns, Reaching safepoint: 106498 ns, At safepoint: 30196 ns, Total: 136694 ns
[2020-02-21T03:09:21.905+0000][1][safepoint    ] Safepoint "RevokeBias", Time since last: 2509181353 ns, Reaching safepoint: 102040 ns, At safepoint: 21693 ns, Total: 123733 ns
[2020-02-21T03:09:24.412+0000][1][safepoint    ] Safepoint "RevokeBias", Time since last: 2506631111 ns, Reaching safepoint: 77536 ns, At safepoint: 19141 ns, Total: 96677 ns
[2020-02-21T03:09:26.917+0000][1][safepoint    ] Safepoint "RevokeBias", Time since last: 2505274829 ns, Reaching safepoint: 99337 ns, At safepoint: 28459 ns, Total: 127796 ns
[2020-02-21T03:09:29.425+0000][1][safepoint    ] Safepoint "RevokeBias", Time since last: 2507296136 ns, Reaching safepoint: 136616 ns, At safepoint: 96832 ns, Total: 233448 ns
[2020-02-21T03:09:32.217+0000][1][safepoint    ] Safepoint "RevokeBias", Time since last: 2792314070 ns, Reaching safepoint: 320016 ns, At safepoint: 38413 ns, Total: 358429 ns
[2020-02-21T03:09:34.732+0000][1][safepoint    ] Safepoint "RevokeBias", Time since last: 2515045394 ns, Reaching safepoint: 95028 ns, At safepoint: 23380 ns, Total: 118408 ns
[2020-02-21T03:09:37.240+0000][1][safepoint    ] Safepoint "RevokeBias", Time since last: 2507068008 ns, Reaching safepoint: 118668 ns, At safepoint: 30835 ns, Total: 149503 ns
[2020-02-21T03:09:39.744+0000][1][safepoint    ] Safepoint "RevokeBias", Time since last: 2503837139 ns, Reaching safepoint: 100739 ns, At safepoint: 24910 ns, Total: 125649 ns
[2020-02-21T03:09:42.248+0000][1][safepoint    ] Safepoint "RevokeBias", Time since last: 2504213358 ns, Reaching safepoint: 96484 ns, At safepoint: 24079 ns, Total: 120563 ns
[2020-02-21T03:09:44.760+0000][1][safepoint    ] Safepoint "RevokeBias", Time since last: 2512230159 ns, Reaching safepoint: 76212 ns, At safepoint: 18178 ns, Total: 94390 ns
[2020-02-21T03:09:47.274+0000][1][safepoint    ] Safepoint "BulkRevokeBias", Time since last: 2513621894 ns, Reaching safepoint: 144440 ns, At safepoint: 260609 ns, Total: 405049 ns
[2020-02-21T03:09:49.779+0000][1][safepoint    ] Safepoint "RevokeBias", Time since last: 2504250298 ns, Reaching safepoint: 93283 ns, At safepoint: 24999 ns, Total: 118282 ns
[2020-02-21T03:09:52.291+0000][1][safepoint    ] Safepoint "RevokeBias", Time since last: 2512401832 ns, Reaching safepoint: 105348 ns, At safepoint: 25679 ns, Total: 131027 ns
[2020-02-21T03:09:54.803+0000][1][safepoint    ] Safepoint "RevokeBias", Time since last: 2511603054 ns, Reaching safepoint: 113831 ns, At safepoint: 33396 ns, Total: 147227 ns
[2020-02-21T03:09:57.318+0000][1][safepoint    ] Safepoint "RevokeBias", Time since last: 2514780850 ns, Reaching safepoint: 104300 ns, At safepoint: 26255 ns, Total: 130555 ns
[2020-02-21T03:09:59.832+0000][1][safepoint    ] Safepoint "RevokeBias", Time since last: 2514097549 ns, Reaching safepoint: 86068 ns, At safepoint: 21273 ns, Total: 107341 ns
[2020-02-21T03:10:01.833+0000][1][safepoint    ] Safepoint "Cleanup", Time since last: 2000732101 ns, Reaching safepoint: 81395 ns, At safepoint: 6932 ns, Total: 88327 ns
[2020-02-21T03:10:02.371+0000][1][safepoint    ] Safepoint "RevokeBias", Time since last: 537775025 ns, Reaching safepoint: 75543 ns, At safepoint: 19091 ns, Total: 94634 ns
[2020-02-21T03:10:04.892+0000][1][safepoint    ] Safepoint "RevokeBias", Time since last: 2520764771 ns, Reaching safepoint: 155170 ns, At safepoint: 20565 ns, Total: 175735 ns
[2020-02-21T03:10:07.398+0000][1][safepoint    ] Safepoint "RevokeBias", Time since last: 2506504174 ns, Reaching safepoint: 144491 ns, At safepoint: 31620 ns, Total: 176111 ns
[2020-02-21T03:10:09.920+0000][1][safepoint    ] Safepoint "RevokeBias", Time since last: 2521796998 ns, Reaching safepoint: 75391 ns, At safepoint: 19659 ns, Total: 95050 ns
[2020-02-21T03:10:12.426+0000][1][safepoint    ] Safepoint "RevokeBias", Time since last: 2505257061 ns, Reaching safepoint: 78111 ns, At safepoint: 18500 ns, Total: 96611 ns
[2020-02-21T03:10:14.932+0000][1][safepoint    ] Safepoint "RevokeBias", Time since last: 2506193476 ns, Reaching safepoint: 117478 ns, At safepoint: 38453 ns, Total: 155931 ns
[2020-02-21T03:10:17.439+0000][1][safepoint    ] Safepoint "RevokeBias", Time since last: 2506592749 ns, Reaching safepoint: 71131 ns, At safepoint: 17199 ns, Total: 88330 ns
[2020-02-21T03:10:19.942+0000][1][safepoint    ] Safepoint "RevokeBias", Time since last: 2503495109 ns, Reaching safepoint: 76181 ns, At safepoint: 18424 ns, Total: 94605 ns
[2020-02-21T03:10:22.447+0000][1][safepoint    ] Safepoint "RevokeBias", Time since last: 2504900516 ns, Reaching safepoint: 60373 ns, At safepoint: 17172 ns, Total: 77545 ns
[2020-02-21T03:10:24.951+0000][1][safepoint    ] Safepoint "RevokeBias", Time since last: 2503274348 ns, Reaching safepoint: 71453 ns, At safepoint: 17040 ns, Total: 88493 ns
[2020-02-21T03:10:27.460+0000][1][safepoint    ] Safepoint "RevokeBias", Time since last: 2509626538 ns, Reaching safepoint: 88586 ns, At safepoint: 20560 ns, Total: 109146 ns
[2020-02-21T03:10:29.976+0000][1][safepoint    ] Safepoint "RevokeBias", Time since last: 2515634306 ns, Reaching safepoint: 117161 ns, At safepoint: 22409 ns, Total: 139570 ns
[2020-02-21T03:10:32.487+0000][1][safepoint    ] Safepoint "RevokeBias", Time since last: 2510354661 ns, Reaching safepoint: 81224 ns, At safepoint: 19637 ns, Total: 100861 ns
[2020-02-21T03:10:34.990+0000][1][safepoint    ] Safepoint "RevokeBias", Time since last: 2503746181 ns, Reaching safepoint: 100561 ns, At safepoint: 25645 ns, Total: 126206 ns
[2020-02-21T03:10:37.496+0000][1][safepoint    ] Safepoint "RevokeBias", Time since last: 2505553829 ns, Reaching safepoint: 74382 ns, At safepoint: 17883 ns, Total: 92265 ns
[2020-02-21T03:10:40.024+0000][1][safepoint    ] Safepoint "RevokeBias", Time since last: 2522461503 ns, Reaching safepoint: 5780846 ns, At safepoint: 64734 ns, Total: 5845580 ns
[2020-02-21T03:10:42.529+0000][1][safepoint    ] Safepoint "RevokeBias", Time since last: 2504408546 ns, Reaching safepoint: 73509 ns, At safepoint: 16487 ns, Total: 89996 ns
[2020-02-21T03:10:45.036+0000][1][safepoint    ] Safepoint "RevokeBias", Time since last: 2507100329 ns, Reaching safepoint: 125250 ns, At safepoint: 66933 ns, Total: 192183 ns
[2020-02-21T03:10:47.541+0000][1][safepoint    ] Safepoint "RevokeBias", Time since last: 2504993543 ns, Reaching safepoint: 74698 ns, At safepoint: 18112 ns, Total: 92810 ns
[2020-02-21T03:10:50.071+0000][1][safepoint    ] Safepoint "RevokeBias", Time since last: 2527624134 ns, Reaching safepoint: 1903437 ns, At safepoint: 24747 ns, Total: 1928184 ns
[2020-02-21T03:10:52.575+0000][1][safepoint    ] Safepoint "RevokeBias", Time since last: 2504306116 ns, Reaching safepoint: 74676 ns, At safepoint: 18006 ns, Total: 92682 ns
[2020-02-21T03:10:55.082+0000][1][safepoint    ] Safepoint "RevokeBias", Time since last: 2506983000 ns, Reaching safepoint: 75513 ns, At safepoint: 18511 ns, Total: 94024 ns
[2020-02-21T03:10:57.591+0000][1][safepoint    ] Safepoint "RevokeBias", Time since last: 2508821434 ns, Reaching safepoint: 189365 ns, At safepoint: 43697 ns, Total: 233062 ns
[2020-02-21T03:11:00.101+0000][1][safepoint    ] Safepoint "BulkRevokeBias", Time since last: 2509661762 ns, Reaching safepoint: 106749 ns, At safepoint: 186381 ns, Total: 293130 ns
[2020-02-21T03:11:01.102+0000][1][safepoint    ] Safepoint "Cleanup", Time since last: 1000190703 ns, Reaching safepoint: 91167 ns, At safepoint: 8843 ns, Total: 100010 ns
[2020-02-21T03:11:02.606+0000][1][safepoint    ] Safepoint "RevokeBias", Time since last: 1504122357 ns, Reaching safepoint: 74526 ns, At safepoint: 17064 ns, Total: 91590 ns
[2020-02-21T03:11:05.113+0000][1][safepoint    ] Safepoint "RevokeBias", Time since last: 2506789382 ns, Reaching safepoint: 74417 ns, At safepoint: 17830 ns, Total: 92247 ns
[2020-02-21T03:11:07.621+0000][1][safepoint    ] Safepoint "RevokeBias", Time since last: 2507773402 ns, Reaching safepoint: 73131 ns, At safepoint: 17282 ns, Total: 90413 ns
[2020-02-21T03:11:08.336+0000][1][gc,start     ] GC(75) Pause Young (Allocation Failure)
[2020-02-21T03:11:08.336+0000][1][gc,task      ] GC(75) Using 1 workers of 1 for evacuation
[2020-02-21T03:11:08.354+0000][1][gc,age       ] GC(75) Desired survivor size 4358144 bytes, new threshold 6 (max threshold 6)
[2020-02-21T03:11:08.354+0000][1][gc,age       ] GC(75) Age table with threshold 6 (max threshold 6)
[2020-02-21T03:11:08.354+0000][1][gc,age       ] GC(75) - age   1:      13016 bytes,      13016 total
[2020-02-21T03:11:08.354+0000][1][gc,age       ] GC(75) - age   2:        112 bytes,      13128 total
[2020-02-21T03:11:08.354+0000][1][gc,age       ] GC(75) - age   3:        304 bytes,      13432 total
[2020-02-21T03:11:08.354+0000][1][gc,age       ] GC(75) - age   4:        264 bytes,      13696 total
[2020-02-21T03:11:08.354+0000][1][gc,age       ] GC(75) - age   5:        928 bytes,      14624 total
[2020-02-21T03:11:08.354+0000][1][gc,age       ] GC(75) - age   6:        184 bytes,      14808 total
[2020-02-21T03:11:08.354+0000][1][gc,heap      ] GC(75) ParNew: 68186K->17K(76672K)
[2020-02-21T03:11:08.354+0000][1][gc,heap      ] GC(75) CMS: 62595K->62595K(963392K)
[2020-02-21T03:11:08.354+0000][1][gc,metaspace ] GC(75) Metaspace: 79897K->79897K(1122304K)
[2020-02-21T03:11:08.354+0000][1][gc           ] GC(75) Pause Young (Allocation Failure) 127M->61M(1015M) 17.960ms
[2020-02-21T03:11:08.354+0000][1][gc,cpu       ] GC(75) User=0.02s Sys=0.00s Real=0.01s
[2020-02-21T03:11:08.354+0000][1][safepoint    ] Safepoint "GenCollectForAllocation", Time since last: 715698665 ns, Reaching safepoint: 71342 ns, At safepoint: 18013717 ns, Total: 18085059 ns
[2020-02-21T03:11:10.126+0000][1][safepoint    ] Safepoint "RevokeBias", Time since last: 1771348486 ns, Reaching safepoint: 71940 ns, At safepoint: 16823 ns, Total: 88763 ns
[2020-02-21T03:11:12.632+0000][1][safepoint    ] Safepoint "RevokeBias", Time since last: 2505926457 ns, Reaching safepoint: 76096 ns, At safepoint: 17906 ns, Total: 94002 ns
[2020-02-21T03:11:15.137+0000][1][safepoint    ] Safepoint "RevokeBias", Time since last: 2505214524 ns, Reaching safepoint: 71137 ns, At safepoint: 16777 ns, Total: 87914 ns
[2020-02-21T03:11:17.645+0000][1][safepoint    ] Safepoint "RevokeBias", Time since last: 2507623646 ns, Reaching safepoint: 79540 ns, At safepoint: 18432 ns, Total: 97972 ns
[2020-02-21T03:11:20.148+0000][1][safepoint    ] Safepoint "RevokeBias", Time since last: 2502826233 ns, Reaching safepoint: 75252 ns, At safepoint: 17479 ns, Total: 92731 ns
[2020-02-21T03:11:22.654+0000][1][safepoint    ] Safepoint "RevokeBias", Time since last: 2506564161 ns, Reaching safepoint: 86616 ns, At safepoint: 20628 ns, Total: 107244 ns
[2020-02-21T03:11:25.159+0000][1][safepoint    ] Safepoint "RevokeBias", Time since last: 2504902847 ns, Reaching safepoint: 71138 ns, At safepoint: 17115 ns, Total: 88253 ns
[2020-02-21T03:11:27.679+0000][1][safepoint    ] Safepoint "RevokeBias", Time since last: 2519874363 ns, Reaching safepoint: 85672 ns, At safepoint: 20366 ns, Total: 106038 ns
[2020-02-21T03:11:30.191+0000][1][safepoint    ] Safepoint "RevokeBias", Time since last: 2511555889 ns, Reaching safepoint: 73410 ns, At safepoint: 17382 ns, Total: 90792 ns
[2020-02-21T03:11:32.698+0000][1][safepoint    ] Safepoint "RevokeBias", Time since last: 2506860396 ns, Reaching safepoint: 73936 ns, At safepoint: 17582 ns, Total: 91518 ns
[2020-02-21T03:11:35.202+0000][1][safepoint    ] Safepoint "RevokeBias", Time since last: 2503658939 ns, Reaching safepoint: 128805 ns, At safepoint: 20610 ns, Total: 149415 ns
[2020-02-21T03:11:37.708+0000][1][safepoint    ] Safepoint "RevokeBias", Time since last: 2506280614 ns, Reaching safepoint: 82880 ns, At safepoint: 20154 ns, Total: 103034 ns
[2020-02-21T03:11:40.215+0000][1][safepoint    ] Safepoint "RevokeBias", Time since last: 2506384278 ns, Reaching safepoint: 56569 ns, At safepoint: 15595 ns, Total: 72164 ns
[2020-02-21T03:11:42.718+0000][1][safepoint    ] Safepoint "RevokeBias", Time since last: 2503327907 ns, Reaching safepoint: 76314 ns, At safepoint: 17225 ns, Total: 93539 ns
[2020-02-21T03:11:45.228+0000][1][safepoint    ] Safepoint "RevokeBias", Time since last: 2510173488 ns, Reaching safepoint: 74183 ns, At safepoint: 17000 ns, Total: 91183 ns
[2020-02-21T03:11:47.739+0000][1][safepoint    ] Safepoint "RevokeBias", Time since last: 2510783111 ns, Reaching safepoint: 75583 ns, At safepoint: 18465 ns, Total: 94048 ns
[2020-02-21T03:11:50.245+0000][1][safepoint    ] Safepoint "RevokeBias", Time since last: 2505905582 ns, Reaching safepoint: 108849 ns, At safepoint: 21224 ns, Total: 130073 ns
[2020-02-21T03:11:52.750+0000][1][safepoint    ] Safepoint "RevokeBias", Time since last: 2504921880 ns, Reaching safepoint: 72480 ns, At safepoint: 17135 ns, Total: 89615 ns
[2020-02-21T03:11:55.256+0000][1][safepoint    ] Safepoint "RevokeBias", Time since last: 2506007414 ns, Reaching safepoint: 77301 ns, At safepoint: 18517 ns, Total: 95818 ns
[2020-02-21T03:11:57.776+0000][1][safepoint    ] Safepoint "RevokeBias", Time since last: 2519308584 ns, Reaching safepoint: 93086 ns, At safepoint: 20775 ns, Total: 113861 ns
[2020-02-21T03:12:00.287+0000][1][safepoint    ] Safepoint "RevokeBias", Time since last: 2510568967 ns, Reaching safepoint: 166594 ns, At safepoint: 19979 ns, Total: 186573 ns
[2020-02-21T03:12:02.793+0000][1][safepoint    ] Safepoint "RevokeBias", Time since last: 2506426542 ns, Reaching safepoint: 72767 ns, At safepoint: 18572 ns, Total: 91339 ns
[2020-02-21T03:12:05.296+0000][1][safepoint    ] Safepoint "RevokeBias", Time since last: 2502668173 ns, Reaching safepoint: 78757 ns, At safepoint: 18292 ns, Total: 97049 ns
[2020-02-21T03:12:07.803+0000][1][safepoint    ] Safepoint "RevokeBias", Time since last: 2506869078 ns, Reaching safepoint: 128651 ns, At safepoint: 32908 ns, Total: 161559 ns
[2020-02-21T03:12:10.308+0000][1][safepoint    ] Safepoint "RevokeBias", Time since last: 2505224323 ns, Reaching safepoint: 77975 ns, At safepoint: 18036 ns, Total: 96011 ns
[2020-02-21T03:12:12.812+0000][1][safepoint    ] Safepoint "BulkRevokeBias", Time since last: 2503604519 ns, Reaching safepoint: 55909 ns, At safepoint: 138666 ns, Total: 194575 ns
[2020-02-21T03:12:15.330+0000][1][safepoint    ] Safepoint "RevokeBias", Time since last: 2517747489 ns, Reaching safepoint: 70472 ns, At safepoint: 17227 ns, Total: 87699 ns
[2020-02-21T03:12:17.841+0000][1][safepoint    ] Safepoint "RevokeBias", Time since last: 2511051311 ns, Reaching safepoint: 105535 ns, At safepoint: 36655 ns, Total: 142190 ns
[2020-02-21T03:12:20.345+0000][1][safepoint    ] Safepoint "RevokeBias", Time since last: 2504226093 ns, Reaching safepoint: 86598 ns, At safepoint: 17364 ns, Total: 103962 ns
[2020-02-21T03:12:22.853+0000][1][safepoint    ] Safepoint "RevokeBias", Time since last: 2507774234 ns, Reaching safepoint: 131192 ns, At safepoint: 26299 ns, Total: 157491 ns
[2020-02-21T03:12:25.359+0000][1][safepoint    ] Safepoint "RevokeBias", Time since last: 2506009448 ns, Reaching safepoint: 97352 ns, At safepoint: 18480 ns, Total: 115832 ns
[2020-02-21T03:12:27.878+0000][1][safepoint    ] Safepoint "RevokeBias", Time since last: 2518418306 ns, Reaching safepoint: 86270 ns, At safepoint: 20091 ns, Total: 106361 ns
[2020-02-21T03:12:30.390+0000][1][safepoint    ] Safepoint "RevokeBias", Time since last: 2511878797 ns, Reaching safepoint: 78495 ns, At safepoint: 18071 ns, Total: 96566 ns
[2020-02-21T03:12:32.896+0000][1][safepoint    ] Safepoint "RevokeBias", Time since last: 2505979917 ns, Reaching safepoint: 75167 ns, At safepoint: 18556 ns, Total: 93723 ns
[2020-02-21T03:12:35.399+0000][1][safepoint    ] Safepoint "RevokeBias", Time since last: 2503034622 ns, Reaching safepoint: 75036 ns, At safepoint: 16913 ns, Total: 91949 ns
[2020-02-21T03:12:37.905+0000][1][safepoint    ] Safepoint "RevokeBias", Time since last: 2505557528 ns, Reaching safepoint: 73341 ns, At safepoint: 17024 ns, Total: 90365 ns
[2020-02-21T03:12:40.409+0000][1][safepoint    ] Safepoint "RevokeBias", Time since last: 2504158850 ns, Reaching safepoint: 77442 ns, At safepoint: 18288 ns, Total: 95730 ns
[2020-02-21T03:12:42.914+0000][1][safepoint    ] Safepoint "RevokeBias", Time since last: 2504809671 ns, Reaching safepoint: 73662 ns, At safepoint: 17264 ns, Total: 90926 ns
[2020-02-21T03:12:45.430+0000][1][safepoint    ] Safepoint "RevokeBias", Time since last: 2515627836 ns, Reaching safepoint: 92856 ns, At safepoint: 22768 ns, Total: 115624 ns
[2020-02-21T03:12:47.944+0000][1][safepoint    ] Safepoint "RevokeBias", Time since last: 2513943699 ns, Reaching safepoint: 81188 ns, At safepoint: 19833 ns, Total: 101021 ns
[2020-02-21T03:12:50.449+0000][1][safepoint    ] Safepoint "RevokeBias", Time since last: 2505535268 ns, Reaching safepoint: 71189 ns, At safepoint: 17241 ns, Total: 88430 ns
[2020-02-21T03:12:52.955+0000][1][safepoint    ] Safepoint "RevokeBias", Time since last: 2505977895 ns, Reaching safepoint: 72884 ns, At safepoint: 16838 ns, Total: 89722 ns
[2020-02-21T03:12:55.463+0000][1][safepoint    ] Safepoint "RevokeBias", Time since last: 2507882921 ns, Reaching safepoint: 73139 ns, At safepoint: 17298 ns, Total: 90437 ns
[2020-02-21T03:12:57.975+0000][1][safepoint    ] Safepoint "RevokeBias", Time since last: 2511382479 ns, Reaching safepoint: 148070 ns, At safepoint: 24220 ns, Total: 172290 ns
[2020-02-21T03:13:00.487+0000][1][safepoint    ] Safepoint "RevokeBias", Time since last: 2511704010 ns, Reaching safepoint: 168191 ns, At safepoint: 32438 ns, Total: 200629 ns
[2020-02-21T03:13:02.488+0000][1][safepoint    ] Safepoint "Cleanup", Time since last: 2000823575 ns, Reaching safepoint: 82028 ns, At safepoint: 6936 ns, Total: 88964 ns
[2020-02-21T03:13:02.993+0000][1][safepoint    ] Safepoint "RevokeBias", Time since last: 505476229 ns, Reaching safepoint: 84116 ns, At safepoint: 20926 ns, Total: 105042 ns
[2020-02-21T03:13:05.497+0000][1][safepoint    ] Safepoint "RevokeBias", Time since last: 2503841210 ns, Reaching safepoint: 73856 ns, At safepoint: 16772 ns, Total: 90628 ns
[2020-02-21T03:13:08.004+0000][1][safepoint    ] Safepoint "RevokeBias", Time since last: 2506741267 ns, Reaching safepoint: 134858 ns, At safepoint: 61814 ns, Total: 196672 ns
[2020-02-21T03:13:10.507+0000][1][safepoint    ] Safepoint "RevokeBias", Time since last: 2503199715 ns, Reaching safepoint: 73427 ns, At safepoint: 17336 ns, Total: 90763 ns
[2020-02-21T03:13:13.013+0000][1][safepoint    ] Safepoint "RevokeBias", Time since last: 2504827433 ns, Reaching safepoint: 137090 ns, At safepoint: 58180 ns, Total: 195270 ns
[2020-02-21T03:13:15.532+0000][1][safepoint    ] Safepoint "RevokeBias", Time since last: 2519256281 ns, Reaching safepoint: 99897 ns, At safepoint: 45866 ns, Total: 145763 ns
[2020-02-21T03:13:18.045+0000][1][safepoint    ] Safepoint "RevokeBias", Time since last: 2512739653 ns, Reaching safepoint: 94635 ns, At safepoint: 526584 ns, Total: 621219 ns
[2020-02-21T03:13:20.552+0000][1][safepoint    ] Safepoint "RevokeBias", Time since last: 2506452011 ns, Reaching safepoint: 79332 ns, At safepoint: 18603 ns, Total: 97935 ns
[2020-02-21T03:13:23.055+0000][1][safepoint    ] Safepoint "RevokeBias", Time since last: 2502703716 ns, Reaching safepoint: 113890 ns, At safepoint: 25767 ns, Total: 139657 ns
[2020-02-21T03:13:25.560+0000][1][safepoint    ] Safepoint "BulkRevokeBias", Time since last: 2504901144 ns, Reaching safepoint: 70857 ns, At safepoint: 182196 ns, Total: 253053 ns
[2020-02-21T03:13:28.074+0000][1][safepoint    ] Safepoint "RevokeBias", Time since last: 2513629810 ns, Reaching safepoint: 134582 ns, At safepoint: 25868 ns, Total: 160450 ns
[2020-02-21T03:13:28.469+0000][1][gc,start     ] GC(76) Pause Young (Allocation Failure)
[2020-02-21T03:13:28.469+0000][1][gc,task      ] GC(76) Using 1 workers of 1 for evacuation
[2020-02-21T03:13:28.587+0000][1][gc,age       ] GC(76) Desired survivor size 4358144 bytes, new threshold 6 (max threshold 6)
[2020-02-21T03:13:28.587+0000][1][gc,age       ] GC(76) Age table with threshold 6 (max threshold 6)
[2020-02-21T03:13:28.587+0000][1][gc,age       ] GC(76) - age   1:      11952 bytes,      11952 total
[2020-02-21T03:13:28.587+0000][1][gc,age       ] GC(76) - age   2:       1016 bytes,      12968 total
[2020-02-21T03:13:28.587+0000][1][gc,age       ] GC(76) - age   3:        112 bytes,      13080 total
[2020-02-21T03:13:28.587+0000][1][gc,age       ] GC(76) - age   4:        304 bytes,      13384 total
[2020-02-21T03:13:28.587+0000][1][gc,age       ] GC(76) - age   5:        264 bytes,      13648 total
[2020-02-21T03:13:28.587+0000][1][gc,age       ] GC(76) - age   6:        928 bytes,      14576 total
[2020-02-21T03:13:28.588+0000][1][gc,heap      ] GC(76) ParNew: 68177K->26K(76672K)
[2020-02-21T03:13:28.588+0000][1][gc,heap      ] GC(76) CMS: 62595K->62595K(963392K)
[2020-02-21T03:13:28.588+0000][1][gc,metaspace ] GC(76) Metaspace: 79897K->79897K(1122304K)
[2020-02-21T03:13:28.588+0000][1][gc           ] GC(76) Pause Young (Allocation Failure) 127M->61M(1015M) 118.393ms
[2020-02-21T03:13:28.588+0000][1][gc,cpu       ] GC(76) User=0.02s Sys=0.00s Real=0.12s
[2020-02-21T03:13:28.588+0000][1][safepoint    ] Safepoint "GenCollectForAllocation", Time since last: 395508082 ns, Reaching safepoint: 126060 ns, At safepoint: 118470587 ns, Total: 118596647 ns
[2020-02-21T03:13:30.586+0000][1][safepoint    ] Safepoint "RevokeBias", Time since last: 1998364801 ns, Reaching safepoint: 74502 ns, At safepoint: 17631 ns, Total: 92133 ns
[2020-02-21T03:13:33.091+0000][1][safepoint    ] Safepoint "RevokeBias", Time since last: 2504322141 ns, Reaching safepoint: 91467 ns, At safepoint: 18292 ns, Total: 109759 ns
[2020-02-21T03:13:35.594+0000][1][safepoint    ] Safepoint "RevokeBias", Time since last: 2503358339 ns, Reaching safepoint: 94493 ns, At safepoint: 19618 ns, Total: 114111 ns
[2020-02-21T03:13:38.098+0000][1][safepoint    ] Safepoint "RevokeBias", Time since last: 2503542177 ns, Reaching safepoint: 86170 ns, At safepoint: 19838 ns, Total: 106008 ns
[2020-02-21T03:13:40.601+0000][1][safepoint    ] Safepoint "RevokeBias", Time since last: 2503673339 ns, Reaching safepoint: 72060 ns, At safepoint: 16736 ns, Total: 88796 ns
[2020-02-21T03:13:43.106+0000][1][safepoint    ] Safepoint "RevokeBias", Time since last: 2504376157 ns, Reaching safepoint: 111651 ns, At safepoint: 38550 ns, Total: 150201 ns
[2020-02-21T03:13:45.620+0000][1][safepoint    ] Safepoint "RevokeBias", Time since last: 2513604487 ns, Reaching safepoint: 117292 ns, At safepoint: 19592 ns, Total: 136884 ns
[2020-02-21T03:13:48.128+0000][1][safepoint    ] Safepoint "RevokeBias", Time since last: 2508338988 ns, Reaching safepoint: 94801 ns, At safepoint: 21792 ns, Total: 116593 ns
[2020-02-21T03:13:50.632+0000][1][safepoint    ] Safepoint "RevokeBias", Time since last: 2503434332 ns, Reaching safepoint: 87019 ns, At safepoint: 20635 ns, Total: 107654 ns
[2020-02-21T03:13:53.135+0000][1][safepoint    ] Safepoint "RevokeBias", Time since last: 2503217894 ns, Reaching safepoint: 74207 ns, At safepoint: 17016 ns, Total: 91223 ns
[2020-02-21T03:13:55.639+0000][1][safepoint    ] Safepoint "RevokeBias", Time since last: 2504159798 ns, Reaching safepoint: 72240 ns, At safepoint: 16504 ns, Total: 88744 ns
[2020-02-21T03:13:58.166+0000][1][safepoint    ] Safepoint "RevokeBias", Time since last: 2526343386 ns, Reaching safepoint: 109952 ns, At safepoint: 25068 ns, Total: 135020 ns
[2020-02-21T03:14:00.694+0000][1][safepoint    ] Safepoint "RevokeBias", Time since last: 2527812754 ns, Reaching safepoint: 69991 ns, At safepoint: 16775 ns, Total: 86766 ns
[2020-02-21T03:14:03.198+0000][1][safepoint    ] Safepoint "RevokeBias", Time since last: 2504301397 ns, Reaching safepoint: 81183 ns, At safepoint: 19175 ns, Total: 100358 ns
[2020-02-21T03:14:05.703+0000][1][safepoint    ] Safepoint "RevokeBias", Time since last: 2504369821 ns, Reaching safepoint: 102654 ns, At safepoint: 26626 ns, Total: 129280 ns
[2020-02-21T03:14:08.208+0000][1][safepoint    ] Safepoint "RevokeBias", Time since last: 2504948816 ns, Reaching safepoint: 116428 ns, At safepoint: 78041 ns, Total: 194469 ns
[2020-02-21T03:14:10.713+0000][1][safepoint    ] Safepoint "RevokeBias", Time since last: 2504859901 ns, Reaching safepoint: 95273 ns, At safepoint: 23901 ns, Total: 119174 ns
[2020-02-21T03:14:13.217+0000][1][safepoint    ] Safepoint "RevokeBias", Time since last: 2504075069 ns, Reaching safepoint: 142805 ns, At safepoint: 19993 ns, Total: 162798 ns
[2020-02-21T03:14:15.741+0000][1][safepoint    ] Safepoint "RevokeBias", Time since last: 2523583032 ns, Reaching safepoint: 140880 ns, At safepoint: 26546 ns, Total: 167426 ns
[2020-02-21T03:14:18.252+0000][1][safepoint    ] Safepoint "RevokeBias", Time since last: 2510955001 ns, Reaching safepoint: 126536 ns, At safepoint: 23450 ns, Total: 149986 ns
[2020-02-21T03:14:20.756+0000][1][safepoint    ] Safepoint "RevokeBias", Time since last: 2504449105 ns, Reaching safepoint: 122259 ns, At safepoint: 38531 ns, Total: 160790 ns
[2020-02-21T03:14:23.262+0000][1][safepoint    ] Safepoint "RevokeBias", Time since last: 2505753426 ns, Reaching safepoint: 87113 ns, At safepoint: 18037 ns, Total: 105150 ns
[2020-02-21T03:14:25.776+0000][1][safepoint    ] Safepoint "RevokeBias", Time since last: 2513874093 ns, Reaching safepoint: 86173 ns, At safepoint: 19779 ns, Total: 105952 ns
[2020-02-21T03:14:28.293+0000][1][safepoint    ] Safepoint "RevokeBias", Time since last: 2516157120 ns, Reaching safepoint: 72721 ns, At safepoint: 17495 ns, Total: 90216 ns
[2020-02-21T03:14:30.804+0000][1][safepoint    ] Safepoint "RevokeBias", Time since last: 2511679861 ns, Reaching safepoint: 76421 ns, At safepoint: 17662 ns, Total: 94083 ns
[2020-02-21T03:14:33.308+0000][1][safepoint    ] Safepoint "RevokeBias", Time since last: 2503756777 ns, Reaching safepoint: 160622 ns, At safepoint: 40727 ns, Total: 201349 ns
[2020-02-21T03:14:35.811+0000][1][safepoint    ] Safepoint "RevokeBias", Time since last: 2502414398 ns, Reaching safepoint: 73765 ns, At safepoint: 16996 ns, Total: 90761 ns
[2020-02-21T03:14:38.314+0000][1][safepoint    ] Safepoint "BulkRevokeBias", Time since last: 2503220424 ns, Reaching safepoint: 74236 ns, At safepoint: 289926 ns, Total: 364162 ns
[2020-02-21T03:14:40.819+0000][1][safepoint    ] Safepoint "RevokeBias", Time since last: 2504856917 ns, Reaching safepoint: 82278 ns, At safepoint: 24251 ns, Total: 106529 ns
[2020-02-21T03:14:43.325+0000][1][safepoint    ] Safepoint "RevokeBias", Time since last: 2506059286 ns, Reaching safepoint: 94065 ns, At safepoint: 24849 ns, Total: 118914 ns
[2020-02-21T03:14:45.838+0000][1][safepoint    ] Safepoint "RevokeBias", Time since last: 2512050446 ns, Reaching safepoint: 89297 ns, At safepoint: 29185 ns, Total: 118482 ns
[2020-02-21T03:14:48.346+0000][1][safepoint    ] Safepoint "RevokeBias", Time since last: 2508466170 ns, Reaching safepoint: 72466 ns, At safepoint: 17543 ns, Total: 90009 ns
[2020-02-21T03:14:50.850+0000][1][safepoint    ] Safepoint "RevokeBias", Time since last: 2503238103 ns, Reaching safepoint: 77936 ns, At safepoint: 17972 ns, Total: 95908 ns
[2020-02-21T03:14:53.354+0000][1][safepoint    ] Safepoint "RevokeBias", Time since last: 2504202180 ns, Reaching safepoint: 140435 ns, At safepoint: 19367 ns, Total: 159802 ns
[2020-02-21T03:14:55.859+0000][1][safepoint    ] Safepoint "RevokeBias", Time since last: 2504751222 ns, Reaching safepoint: 71166 ns, At safepoint: 17653 ns, Total: 88819 ns
[2020-02-21T03:14:58.368+0000][1][safepoint    ] Safepoint "RevokeBias", Time since last: 2509645876 ns, Reaching safepoint: 94085 ns, At safepoint: 24137 ns, Total: 118222 ns
[2020-02-21T03:15:00.881+0000][1][safepoint    ] Safepoint "RevokeBias", Time since last: 2512633886 ns, Reaching safepoint: 72696 ns, At safepoint: 18135 ns, Total: 90831 ns
[2020-02-21T03:15:01.907+0000][1][safepoint    ] Safepoint "Cleanup", Time since last: 1025409891 ns, Reaching safepoint: 86113 ns, At safepoint: 9186 ns, Total: 95299 ns
[2020-02-21T03:15:03.390+0000][1][safepoint    ] Safepoint "RevokeBias", Time since last: 1483544314 ns, Reaching safepoint: 86285 ns, At safepoint: 20322 ns, Total: 106607 ns
[2020-02-21T03:15:05.893+0000][1][safepoint    ] Safepoint "RevokeBias", Time since last: 2502970428 ns, Reaching safepoint: 71857 ns, At safepoint: 17896 ns, Total: 89753 ns
[2020-02-21T03:15:08.398+0000][1][safepoint    ] Safepoint "RevokeBias", Time since last: 2504832856 ns, Reaching safepoint: 180903 ns, At safepoint: 29986 ns, Total: 210889 ns
[2020-02-21T03:15:10.902+0000][1][safepoint    ] Safepoint "RevokeBias", Time since last: 2503068442 ns, Reaching safepoint: 80233 ns, At safepoint: 17869 ns, Total: 98102 ns
[2020-02-21T03:15:13.406+0000][1][safepoint    ] Safepoint "RevokeBias", Time since last: 2504132406 ns, Reaching safepoint: 76316 ns, At safepoint: 17713 ns, Total: 94029 ns
[2020-02-21T03:15:15.407+0000][1][safepoint    ] Safepoint "Cleanup", Time since last: 2000916779 ns, Reaching safepoint: 97128 ns, At safepoint: 7313 ns, Total: 104441 ns
[2020-02-21T03:15:15.921+0000][1][safepoint    ] Safepoint "RevokeBias", Time since last: 514251338 ns, Reaching safepoint: 70100 ns, At safepoint: 17355 ns, Total: 87455 ns
[2020-02-21T03:15:18.432+0000][1][safepoint    ] Safepoint "RevokeBias", Time since last: 2511039584 ns, Reaching safepoint: 72835 ns, At safepoint: 17666 ns, Total: 90501 ns
[2020-02-21T03:15:20.937+0000][1][safepoint    ] Safepoint "RevokeBias", Time since last: 2504335061 ns, Reaching safepoint: 78341 ns, At safepoint: 17813 ns, Total: 96154 ns
[2020-02-21T03:15:23.440+0000][1][safepoint    ] Safepoint "RevokeBias", Time since last: 2502892782 ns, Reaching safepoint: 86824 ns, At safepoint: 19588 ns, Total: 106412 ns
[2020-02-21T03:15:25.946+0000][1][safepoint    ] Safepoint "RevokeBias", Time since last: 2505910121 ns, Reaching safepoint: 70784 ns, At safepoint: 16415 ns, Total: 87199 ns
[2020-02-21T03:15:28.464+0000][1][safepoint    ] Safepoint "RevokeBias", Time since last: 2518221482 ns, Reaching safepoint: 163595 ns, At safepoint: 31970 ns, Total: 195565 ns
[2020-02-21T03:15:30.973+0000][1][safepoint    ] Safepoint "RevokeBias", Time since last: 2508640111 ns, Reaching safepoint: 89230 ns, At safepoint: 20658 ns, Total: 109888 ns
[2020-02-21T03:15:33.476+0000][1][safepoint    ] Safepoint "RevokeBias", Time since last: 2503359433 ns, Reaching safepoint: 73299 ns, At safepoint: 18154 ns, Total: 91453 ns
[2020-02-21T03:15:35.983+0000][1][safepoint    ] Safepoint "RevokeBias", Time since last: 2506913567 ns, Reaching safepoint: 109077 ns, At safepoint: 18240 ns, Total: 127317 ns
[2020-02-21T03:15:38.487+0000][1][safepoint    ] Safepoint "RevokeBias", Time since last: 2503069741 ns, Reaching safepoint: 71342 ns, At safepoint: 17075 ns, Total: 88417 ns
[2020-02-21T03:15:40.990+0000][1][safepoint    ] Safepoint "RevokeBias", Time since last: 2503344680 ns, Reaching safepoint: 71820 ns, At safepoint: 68947 ns, Total: 140767 ns
[2020-02-21T03:15:43.494+0000][1][safepoint    ] Safepoint "RevokeBias", Time since last: 2504200676 ns, Reaching safepoint: 89923 ns, At safepoint: 20516 ns, Total: 110439 ns
[2020-02-21T03:15:46.008+0000][1][safepoint    ] Safepoint "RevokeBias", Time since last: 2513709400 ns, Reaching safepoint: 73917 ns, At safepoint: 17397 ns, Total: 91314 ns
[2020-02-21T03:15:48.518+0000][1][safepoint    ] Safepoint "RevokeBias", Time since last: 2509314949 ns, Reaching safepoint: 73743 ns, At safepoint: 17232 ns, Total: 90975 ns
[2020-02-21T03:15:48.555+0000][1][gc,start     ] GC(77) Pause Young (Allocation Failure)
[2020-02-21T03:15:48.555+0000][1][gc,task      ] GC(77) Using 1 workers of 1 for evacuation
[2020-02-21T03:15:48.565+0000][1][gc,age       ] GC(77) Desired survivor size 4358144 bytes, new threshold 6 (max threshold 6)
[2020-02-21T03:15:48.566+0000][1][gc,age       ] GC(77) Age table with threshold 6 (max threshold 6)
[2020-02-21T03:15:48.566+0000][1][gc,age       ] GC(77) - age   1:      13280 bytes,      13280 total
[2020-02-21T03:15:48.566+0000][1][gc,age       ] GC(77) - age   2:        408 bytes,      13688 total
[2020-02-21T03:15:48.566+0000][1][gc,age       ] GC(77) - age   3:        896 bytes,      14584 total
[2020-02-21T03:15:48.566+0000][1][gc,age       ] GC(77) - age   4:        112 bytes,      14696 total
[2020-02-21T03:15:48.566+0000][1][gc,age       ] GC(77) - age   5:        304 bytes,      15000 total
[2020-02-21T03:15:48.566+0000][1][gc,age       ] GC(77) - age   6:         32 bytes,      15032 total
[2020-02-21T03:15:48.566+0000][1][gc,heap      ] GC(77) ParNew: 68186K->17K(76672K)
[2020-02-21T03:15:48.566+0000][1][gc,heap      ] GC(77) CMS: 62595K->62596K(963392K)
[2020-02-21T03:15:48.566+0000][1][gc,metaspace ] GC(77) Metaspace: 79898K->79898K(1122304K)
[2020-02-21T03:15:48.566+0000][1][gc           ] GC(77) Pause Young (Allocation Failure) 127M->61M(1015M) 10.472ms
[2020-02-21T03:15:48.566+0000][1][gc,cpu       ] GC(77) User=0.01s Sys=0.00s Real=0.02s
[2020-02-21T03:15:48.566+0000][1][safepoint    ] Safepoint "GenCollectForAllocation", Time since last: 37495849 ns, Reaching safepoint: 89563 ns, At safepoint: 10532441 ns, Total: 10622004 ns
[2020-02-21T03:15:51.021+0000][1][safepoint    ] Safepoint "BulkRevokeBias", Time since last: 2454574427 ns, Reaching safepoint: 73180 ns, At safepoint: 179012 ns, Total: 252192 ns
[2020-02-21T03:15:53.526+0000][1][safepoint    ] Safepoint "RevokeBias", Time since last: 2505286985 ns, Reaching safepoint: 76424 ns, At safepoint: 16624 ns, Total: 93048 ns
[2020-02-21T03:15:56.033+0000][1][safepoint    ] Safepoint "RevokeBias", Time since last: 2506962639 ns, Reaching safepoint: 109654 ns, At safepoint: 26819 ns, Total: 136473 ns
[2020-02-21T03:15:58.538+0000][1][safepoint    ] Safepoint "RevokeBias", Time since last: 2504605888 ns, Reaching safepoint: 71192 ns, At safepoint: 16986 ns, Total: 88178 ns
[2020-02-21T03:16:01.043+0000][1][safepoint    ] Safepoint "RevokeBias", Time since last: 2504967179 ns, Reaching safepoint: 105749 ns, At safepoint: 43700 ns, Total: 149449 ns
[2020-02-21T03:16:03.557+0000][1][safepoint    ] Safepoint "RevokeBias", Time since last: 2514521954 ns, Reaching safepoint: 75448 ns, At safepoint: 18177 ns, Total: 93625 ns
[2020-02-21T03:16:06.064+0000][1][safepoint    ] Safepoint "RevokeBias", Time since last: 2506329264 ns, Reaching safepoint: 59838 ns, At safepoint: 18112 ns, Total: 77950 ns
[2020-02-21T03:16:08.569+0000][1][safepoint    ] Safepoint "RevokeBias", Time since last: 2504817883 ns, Reaching safepoint: 104362 ns, At safepoint: 25526 ns, Total: 129888 ns
[2020-02-21T03:16:11.073+0000][1][safepoint    ] Safepoint "RevokeBias", Time since last: 2504064634 ns, Reaching safepoint: 74137 ns, At safepoint: 17689 ns, Total: 91826 ns
[2020-02-21T03:16:13.576+0000][1][safepoint    ] Safepoint "RevokeBias", Time since last: 2502899122 ns, Reaching safepoint: 70281 ns, At safepoint: 47056 ns, Total: 117337 ns
[2020-02-21T03:16:16.091+0000][1][safepoint    ] Safepoint "RevokeBias", Time since last: 2515281173 ns, Reaching safepoint: 75104 ns, At safepoint: 17622 ns, Total: 92726 ns
[2020-02-21T03:16:18.597+0000][1][safepoint    ] Safepoint "RevokeBias", Time since last: 2505595535 ns, Reaching safepoint: 73241 ns, At safepoint: 17037 ns, Total: 90278 ns
[2020-02-21T03:16:21.100+0000][1][safepoint    ] Safepoint "RevokeBias", Time since last: 2503065912 ns, Reaching safepoint: 75399 ns, At safepoint: 17148 ns, Total: 92547 ns
[2020-02-21T03:16:23.604+0000][1][safepoint    ] Safepoint "RevokeBias", Time since last: 2503525787 ns, Reaching safepoint: 89634 ns, At safepoint: 20695 ns, Total: 110329 ns
[2020-02-21T03:16:26.110+0000][1][safepoint    ] Safepoint "RevokeBias", Time since last: 2505912939 ns, Reaching safepoint: 70728 ns, At safepoint: 15934 ns, Total: 86662 ns
[2020-02-21T03:16:28.615+0000][1][safepoint    ] Safepoint "RevokeBias", Time since last: 2504902591 ns, Reaching safepoint: 132427 ns, At safepoint: 28011 ns, Total: 160438 ns
[2020-02-21T03:16:31.122+0000][1][safepoint    ] Safepoint "RevokeBias", Time since last: 2507105405 ns, Reaching safepoint: 74200 ns, At safepoint: 30962 ns, Total: 105162 ns
[2020-02-21T03:16:33.637+0000][1][safepoint    ] Safepoint "RevokeBias", Time since last: 2514792183 ns, Reaching safepoint: 59740 ns, At safepoint: 18156 ns, Total: 77896 ns
[2020-02-21T03:16:36.146+0000][1][safepoint    ] Safepoint "RevokeBias", Time since last: 2508488714 ns, Reaching safepoint: 122090 ns, At safepoint: 17923 ns, Total: 140013 ns
[2020-02-21T03:16:38.650+0000][1][safepoint    ] Safepoint "RevokeBias", Time since last: 2504161262 ns, Reaching safepoint: 79377 ns, At safepoint: 18802 ns, Total: 98179 ns
[2020-02-21T03:16:41.153+0000][1][safepoint    ] Safepoint "RevokeBias", Time since last: 2502746791 ns, Reaching safepoint: 72036 ns, At safepoint: 16459 ns, Total: 88495 ns
[2020-02-21T03:16:42.153+0000][1][safepoint    ] Safepoint "Cleanup", Time since last: 1000404452 ns, Reaching safepoint: 75817 ns, At safepoint: 6237 ns, Total: 82054 ns
[2020-02-21T03:16:43.664+0000][1][safepoint    ] Safepoint "RevokeBias", Time since last: 1510296460 ns, Reaching safepoint: 267250 ns, At safepoint: 55689 ns, Total: 322939 ns
[2020-02-21T03:16:46.174+0000][1][safepoint    ] Safepoint "RevokeBias", Time since last: 2510393608 ns, Reaching safepoint: 97610 ns, At safepoint: 20250 ns, Total: 117860 ns
[2020-02-21T03:16:48.680+0000][1][safepoint    ] Safepoint "RevokeBias", Time since last: 2505755216 ns, Reaching safepoint: 75149 ns, At safepoint: 17923 ns, Total: 93072 ns
[2020-02-21T03:16:51.193+0000][1][safepoint    ] Safepoint "RevokeBias", Time since last: 2512778405 ns, Reaching safepoint: 73289 ns, At safepoint: 16988 ns, Total: 90277 ns
[2020-02-21T03:16:53.703+0000][1][safepoint    ] Safepoint "RevokeBias", Time since last: 2509755301 ns, Reaching safepoint: 90806 ns, At safepoint: 21591 ns, Total: 112397 ns
[2020-02-21T03:16:56.209+0000][1][safepoint    ] Safepoint "RevokeBias", Time since last: 2505403160 ns, Reaching safepoint: 257204 ns, At safepoint: 20538 ns, Total: 277742 ns
[2020-02-21T03:16:58.712+0000][1][safepoint    ] Safepoint "RevokeBias", Time since last: 2503010747 ns, Reaching safepoint: 72989 ns, At safepoint: 17513 ns, Total: 90502 ns
[2020-02-21T03:17:01.218+0000][1][safepoint    ] Safepoint "RevokeBias", Time since last: 2506332254 ns, Reaching safepoint: 106457 ns, At safepoint: 19662 ns, Total: 126119 ns
[2020-02-21T03:17:03.735+0000][1][safepoint    ] Safepoint "BulkRevokeBias", Time since last: 2516669525 ns, Reaching safepoint: 98355 ns, At safepoint: 280441 ns, Total: 378796 ns
[2020-02-21T03:17:06.239+0000][1][safepoint    ] Safepoint "RevokeBias", Time since last: 2504117793 ns, Reaching safepoint: 72831 ns, At safepoint: 88802 ns, Total: 161633 ns
[2020-02-21T03:17:08.745+0000][1][safepoint    ] Safepoint "RevokeBias", Time since last: 2505235602 ns, Reaching safepoint: 104216 ns, At safepoint: 20920 ns, Total: 125136 ns
[2020-02-21T03:17:11.249+0000][1][safepoint    ] Safepoint "RevokeBias", Time since last: 2503836971 ns, Reaching safepoint: 76714 ns, At safepoint: 18368 ns, Total: 95082 ns
[2020-02-21T03:17:13.752+0000][1][safepoint    ] Safepoint "RevokeBias", Time since last: 2503441855 ns, Reaching safepoint: 74591 ns, At safepoint: 17301 ns, Total: 91892 ns
[2020-02-21T03:17:16.266+0000][1][safepoint    ] Safepoint "RevokeBias", Time since last: 2513599764 ns, Reaching safepoint: 71353 ns, At safepoint: 17471 ns, Total: 88824 ns
[2020-02-21T03:17:18.775+0000][1][safepoint    ] Safepoint "RevokeBias", Time since last: 2508425786 ns, Reaching safepoint: 73312 ns, At safepoint: 17699 ns, Total: 91011 ns
[2020-02-21T03:17:21.278+0000][1][safepoint    ] Safepoint "RevokeBias", Time since last: 2503670832 ns, Reaching safepoint: 71598 ns, At safepoint: 16779 ns, Total: 88377 ns
[2020-02-21T03:17:23.781+0000][1][safepoint    ] Safepoint "RevokeBias", Time since last: 2503018918 ns, Reaching safepoint: 76971 ns, At safepoint: 18485 ns, Total: 95456 ns
[2020-02-21T03:17:26.288+0000][1][safepoint    ] Safepoint "RevokeBias", Time since last: 2506146023 ns, Reaching safepoint: 73833 ns, At safepoint: 16944 ns, Total: 90777 ns
[2020-02-21T03:17:28.792+0000][1][safepoint    ] Safepoint "RevokeBias", Time since last: 2503781135 ns, Reaching safepoint: 137032 ns, At safepoint: 19237 ns, Total: 156269 ns
[2020-02-21T03:17:31.298+0000][1][safepoint    ] Safepoint "RevokeBias", Time since last: 2506492484 ns, Reaching safepoint: 79631 ns, At safepoint: 19260 ns, Total: 98891 ns
[2020-02-21T03:17:33.810+0000][1][safepoint    ] Safepoint "RevokeBias", Time since last: 2511229342 ns, Reaching safepoint: 170283 ns, At safepoint: 32799 ns, Total: 203082 ns
[2020-02-21T03:17:36.319+0000][1][safepoint    ] Safepoint "RevokeBias", Time since last: 2508831572 ns, Reaching safepoint: 79899 ns, At safepoint: 22739 ns, Total: 102638 ns
[2020-02-21T03:17:38.824+0000][1][safepoint    ] Safepoint "RevokeBias", Time since last: 2505327128 ns, Reaching safepoint: 74648 ns, At safepoint: 17669 ns, Total: 92317 ns
[2020-02-21T03:17:41.327+0000][1][safepoint    ] Safepoint "RevokeBias", Time since last: 2502673544 ns, Reaching safepoint: 137927 ns, At safepoint: 17836 ns, Total: 155763 ns
[2020-02-21T03:17:43.830+0000][1][safepoint    ] Safepoint "RevokeBias", Time since last: 2503493186 ns, Reaching safepoint: 73146 ns, At safepoint: 17731 ns, Total: 90877 ns
[2020-02-21T03:17:46.344+0000][1][safepoint    ] Safepoint "RevokeBias", Time since last: 2513750869 ns, Reaching safepoint: 72324 ns, At safepoint: 64123 ns, Total: 136447 ns
[2020-02-21T03:17:48.855+0000][1][safepoint    ] Safepoint "RevokeBias", Time since last: 2510371563 ns, Reaching safepoint: 74416 ns, At safepoint: 17592 ns, Total: 92008 ns
[2020-02-21T03:17:51.358+0000][1][safepoint    ] Safepoint "RevokeBias", Time since last: 2503434090 ns, Reaching safepoint: 72414 ns, At safepoint: 17838 ns, Total: 90252 ns
[2020-02-21T03:17:53.864+0000][1][safepoint    ] Safepoint "RevokeBias", Time since last: 2505350550 ns, Reaching safepoint: 88585 ns, At safepoint: 20585 ns, Total: 109170 ns
[2020-02-21T03:17:56.367+0000][1][safepoint    ] Safepoint "RevokeBias", Time since last: 2503689461 ns, Reaching safepoint: 92874 ns, At safepoint: 18445 ns, Total: 111319 ns
[2020-02-21T03:17:58.870+0000][1][safepoint    ] Safepoint "RevokeBias", Time since last: 2502546796 ns, Reaching safepoint: 73152 ns, At safepoint: 18659 ns, Total: 91811 ns
[2020-02-21T03:18:01.376+0000][1][safepoint    ] Safepoint "RevokeBias", Time since last: 2506252708 ns, Reaching safepoint: 73284 ns, At safepoint: 17880 ns, Total: 91164 ns
[2020-02-21T03:18:03.888+0000][1][safepoint    ] Safepoint "RevokeBias", Time since last: 2511935715 ns, Reaching safepoint: 71441 ns, At safepoint: 16879 ns, Total: 88320 ns
[2020-02-21T03:18:06.401+0000][1][safepoint    ] Safepoint "RevokeBias", Time since last: 2512589172 ns, Reaching safepoint: 214328 ns, At safepoint: 40083 ns, Total: 254411 ns
[2020-02-21T03:18:08.663+0000][1][gc,start     ] GC(78) Pause Young (Allocation Failure)
[2020-02-21T03:18:08.664+0000][1][gc,task      ] GC(78) Using 1 workers of 1 for evacuation
[2020-02-21T03:18:08.675+0000][1][gc,age       ] GC(78) Desired survivor size 4358144 bytes, new threshold 6 (max threshold 6)
[2020-02-21T03:18:08.675+0000][1][gc,age       ] GC(78) Age table with threshold 6 (max threshold 6)
[2020-02-21T03:18:08.675+0000][1][gc,age       ] GC(78) - age   1:      13144 bytes,      13144 total
[2020-02-21T03:18:08.675+0000][1][gc,age       ] GC(78) - age   2:        400 bytes,      13544 total
[2020-02-21T03:18:08.675+0000][1][gc,age       ] GC(78) - age   3:        288 bytes,      13832 total
[2020-02-21T03:18:08.675+0000][1][gc,age       ] GC(78) - age   4:        896 bytes,      14728 total
[2020-02-21T03:18:08.675+0000][1][gc,age       ] GC(78) - age   5:        112 bytes,      14840 total
[2020-02-21T03:18:08.675+0000][1][gc,age       ] GC(78) - age   6:        304 bytes,      15144 total
[2020-02-21T03:18:08.675+0000][1][gc,heap      ] GC(78) ParNew: 68177K->26K(76672K)
[2020-02-21T03:18:08.675+0000][1][gc,heap      ] GC(78) CMS: 62596K->62596K(963392K)
[2020-02-21T03:18:08.675+0000][1][gc,metaspace ] GC(78) Metaspace: 79902K->79902K(1122304K)
[2020-02-21T03:18:08.675+0000][1][gc           ] GC(78) Pause Young (Allocation Failure) 127M->61M(1015M) 11.531ms
[2020-02-21T03:18:08.675+0000][1][gc,cpu       ] GC(78) User=0.01s Sys=0.00s Real=0.01s
[2020-02-21T03:18:08.675+0000][1][safepoint    ] Safepoint "GenCollectForAllocation", Time since last: 2262012373 ns, Reaching safepoint: 114023 ns, At safepoint: 11585652 ns, Total: 11699675 ns
[2020-02-21T03:18:08.908+0000][1][safepoint    ] Safepoint "RevokeBias", Time since last: 233217237 ns, Reaching safepoint: 72208 ns, At safepoint: 17465 ns, Total: 89673 ns
[2020-02-21T03:18:11.425+0000][1][safepoint    ] Safepoint "RevokeBias", Time since last: 2516521660 ns, Reaching safepoint: 71124 ns, At safepoint: 17458 ns, Total: 88582 ns
[2020-02-21T03:18:13.934+0000][1][safepoint    ] Safepoint "RevokeBias", Time since last: 2508587188 ns, Reaching safepoint: 189762 ns, At safepoint: 19934 ns, Total: 209696 ns
[2020-02-21T03:18:16.440+0000][1][safepoint    ] Safepoint "BulkRevokeBias", Time since last: 2506246319 ns, Reaching safepoint: 84281 ns, At safepoint: 207685 ns, Total: 291966 ns
[2020-02-21T03:18:18.968+0000][1][safepoint    ] Safepoint "RevokeBias", Time since last: 2527840160 ns, Reaching safepoint: 97939 ns, At safepoint: 24738 ns, Total: 122677 ns
[2020-02-21T03:18:21.481+0000][1][safepoint    ] Safepoint "RevokeBias", Time since last: 2512764009 ns, Reaching safepoint: 130492 ns, At safepoint: 25679 ns, Total: 156171 ns
[2020-02-21T03:18:23.989+0000][1][safepoint    ] Safepoint "RevokeBias", Time since last: 2507452849 ns, Reaching safepoint: 88011 ns, At safepoint: 19462 ns, Total: 107473 ns
[2020-02-21T03:18:26.494+0000][1][safepoint    ] Safepoint "RevokeBias", Time since last: 2504649204 ns, Reaching safepoint: 132242 ns, At safepoint: 23062 ns, Total: 155304 ns
[2020-02-21T03:18:28.997+0000][1][safepoint    ] Safepoint "RevokeBias", Time since last: 2503344975 ns, Reaching safepoint: 72895 ns, At safepoint: 18099 ns, Total: 90994 ns
[2020-02-21T03:18:31.503+0000][1][safepoint    ] Safepoint "RevokeBias", Time since last: 2505560458 ns, Reaching safepoint: 75401 ns, At safepoint: 18326 ns, Total: 93727 ns
[2020-02-21T03:18:34.024+0000][1][safepoint    ] Safepoint "RevokeBias", Time since last: 2521571939 ns, Reaching safepoint: 114137 ns, At safepoint: 23926 ns, Total: 138063 ns
[2020-02-21T03:18:36.541+0000][1][safepoint    ] Safepoint "RevokeBias", Time since last: 2516302882 ns, Reaching safepoint: 97720 ns, At safepoint: 20753 ns, Total: 118473 ns
[2020-02-21T03:18:39.050+0000][1][safepoint    ] Safepoint "RevokeBias", Time since last: 2509556200 ns, Reaching safepoint: 69914 ns, At safepoint: 17423 ns, Total: 87337 ns
[2020-02-21T03:18:41.554+0000][1][safepoint    ] Safepoint "RevokeBias", Time since last: 2503054451 ns, Reaching safepoint: 77171 ns, At safepoint: 19016 ns, Total: 96187 ns
[2020-02-21T03:18:44.100+0000][1][safepoint    ] Safepoint "RevokeBias", Time since last: 2546369104 ns, Reaching safepoint: 87538 ns, At safepoint: 21912 ns, Total: 109450 ns
[2020-02-21T03:18:46.610+0000][1][safepoint    ] Safepoint "RevokeBias", Time since last: 2510162591 ns, Reaching safepoint: 69690 ns, At safepoint: 17361 ns, Total: 87051 ns
[2020-02-21T03:18:49.115+0000][1][safepoint    ] Safepoint "RevokeBias", Time since last: 2504361093 ns, Reaching safepoint: 72490 ns, At safepoint: 17900 ns, Total: 90390 ns
[2020-02-21T03:18:51.622+0000][1][safepoint    ] Safepoint "RevokeBias", Time since last: 2507025618 ns, Reaching safepoint: 72044 ns, At safepoint: 17835 ns, Total: 89879 ns
[2020-02-21T03:18:54.130+0000][1][safepoint    ] Safepoint "RevokeBias", Time since last: 2508135599 ns, Reaching safepoint: 74549 ns, At safepoint: 17576 ns, Total: 92125 ns
[2020-02-21T03:18:56.634+0000][1][safepoint    ] Safepoint "RevokeBias", Time since last: 2504182071 ns, Reaching safepoint: 55753 ns, At safepoint: 16681 ns, Total: 72434 ns
[2020-02-21T03:18:59.137+0000][1][safepoint    ] Safepoint "RevokeBias", Time since last: 2502716693 ns, Reaching safepoint: 72125 ns, At safepoint: 16882 ns, Total: 89007 ns
[2020-02-21T03:19:01.643+0000][1][safepoint    ] Safepoint "RevokeBias", Time since last: 2505963959 ns, Reaching safepoint: 70613 ns, At safepoint: 18146 ns, Total: 88759 ns
[2020-02-21T03:19:04.153+0000][1][safepoint    ] Safepoint "RevokeBias", Time since last: 2509547285 ns, Reaching safepoint: 51216 ns, At safepoint: 15393 ns, Total: 66609 ns
[2020-02-21T03:19:06.667+0000][1][safepoint    ] Safepoint "RevokeBias", Time since last: 2513665641 ns, Reaching safepoint: 83092 ns, At safepoint: 20286 ns, Total: 103378 ns
[2020-02-21T03:19:09.172+0000][1][safepoint    ] Safepoint "RevokeBias", Time since last: 2505150065 ns, Reaching safepoint: 70479 ns, At safepoint: 17717 ns, Total: 88196 ns
[2020-02-21T03:19:11.769+0000][1][safepoint    ] Safepoint "RevokeBias", Time since last: 2597237541 ns, Reaching safepoint: 84130 ns, At safepoint: 20350 ns, Total: 104480 ns
[2020-02-21T03:19:14.272+0000][1][safepoint    ] Safepoint "RevokeBias", Time since last: 2502485210 ns, Reaching safepoint: 85591 ns, At safepoint: 20681 ns, Total: 106272 ns
[2020-02-21T03:19:16.777+0000][1][safepoint    ] Safepoint "RevokeBias", Time since last: 2504727514 ns, Reaching safepoint: 77025 ns, At safepoint: 18993 ns, Total: 96018 ns
[2020-02-21T03:19:19.281+0000][1][safepoint    ] Safepoint "RevokeBias", Time since last: 2504766938 ns, Reaching safepoint: 72207 ns, At safepoint: 17409 ns, Total: 89616 ns
[2020-02-21T03:19:21.792+0000][1][safepoint    ] Safepoint "RevokeBias", Time since last: 2510330197 ns, Reaching safepoint: 71043 ns, At safepoint: 17536 ns, Total: 88579 ns
[2020-02-21T03:19:24.302+0000][1][safepoint    ] Safepoint "RevokeBias", Time since last: 2510457887 ns, Reaching safepoint: 72506 ns, At safepoint: 17670 ns, Total: 90176 ns
[2020-02-21T03:19:26.808+0000][1][safepoint    ] Safepoint "RevokeBias", Time since last: 2505402105 ns, Reaching safepoint: 73771 ns, At safepoint: 93300 ns, Total: 167071 ns
[2020-02-21T03:19:29.313+0000][1][safepoint    ] Safepoint "BulkRevokeBias", Time since last: 2504691037 ns, Reaching safepoint: 115198 ns, At safepoint: 439702 ns, Total: 554900 ns
[2020-02-21T03:19:31.821+0000][1][safepoint    ] Safepoint "RevokeBias", Time since last: 2507944673 ns, Reaching safepoint: 96308 ns, At safepoint: 26264 ns, Total: 122572 ns
[2020-02-21T03:19:34.334+0000][1][safepoint    ] Safepoint "RevokeBias", Time since last: 2512579116 ns, Reaching safepoint: 72552 ns, At safepoint: 17643 ns, Total: 90195 ns
[2020-02-21T03:19:36.843+0000][1][safepoint    ] Safepoint "RevokeBias", Time since last: 2508624419 ns, Reaching safepoint: 77195 ns, At safepoint: 18897 ns, Total: 96092 ns
[2020-02-21T03:19:39.348+0000][1][safepoint    ] Safepoint "RevokeBias", Time since last: 2505404551 ns, Reaching safepoint: 98238 ns, At safepoint: 25294 ns, Total: 123532 ns
[2020-02-21T03:19:41.852+0000][1][safepoint    ] Safepoint "RevokeBias", Time since last: 2503583490 ns, Reaching safepoint: 111706 ns, At safepoint: 19124 ns, Total: 130830 ns
[2020-02-21T03:19:44.356+0000][1][safepoint    ] Safepoint "RevokeBias", Time since last: 2504036092 ns, Reaching safepoint: 134241 ns, At safepoint: 29570 ns, Total: 163811 ns
[2020-02-21T03:19:46.861+0000][1][safepoint    ] Safepoint "RevokeBias", Time since last: 2505249042 ns, Reaching safepoint: 72042 ns, At safepoint: 18197 ns, Total: 90239 ns
[2020-02-21T03:19:49.367+0000][1][safepoint    ] Safepoint "RevokeBias", Time since last: 2505335179 ns, Reaching safepoint: 149809 ns, At safepoint: 26564 ns, Total: 176373 ns
[2020-02-21T03:19:51.885+0000][1][safepoint    ] Safepoint "RevokeBias", Time since last: 2518214584 ns, Reaching safepoint: 54071 ns, At safepoint: 15884 ns, Total: 69955 ns
[2020-02-21T03:19:54.397+0000][1][safepoint    ] Safepoint "RevokeBias", Time since last: 2511480249 ns, Reaching safepoint: 71995 ns, At safepoint: 17699 ns, Total: 89694 ns
[2020-02-21T03:19:56.903+0000][1][safepoint    ] Safepoint "RevokeBias", Time since last: 2506397085 ns, Reaching safepoint: 173990 ns, At safepoint: 43750 ns, Total: 217740 ns
[2020-02-21T03:19:59.406+0000][1][safepoint    ] Safepoint "RevokeBias", Time since last: 2502974033 ns, Reaching safepoint: 72054 ns, At safepoint: 17504 ns, Total: 89558 ns
[2020-02-21T03:20:01.408+0000][1][safepoint    ] Safepoint "Cleanup", Time since last: 2000922462 ns, Reaching safepoint: 79358 ns, At safepoint: 6703 ns, Total: 86061 ns
[2020-02-21T03:20:01.913+0000][1][safepoint    ] Safepoint "RevokeBias", Time since last: 505198199 ns, Reaching safepoint: 70617 ns, At safepoint: 16461 ns, Total: 87078 ns
[2020-02-21T03:20:04.416+0000][1][safepoint    ] Safepoint "RevokeBias", Time since last: 2503182708 ns, Reaching safepoint: 202396 ns, At safepoint: 52270 ns, Total: 254666 ns
[2020-02-21T03:20:06.921+0000][1][safepoint    ] Safepoint "RevokeBias", Time since last: 2504777697 ns, Reaching safepoint: 71147 ns, At safepoint: 16950 ns, Total: 88097 ns
[2020-02-21T03:20:09.436+0000][1][safepoint    ] Safepoint "RevokeBias", Time since last: 2514723533 ns, Reaching safepoint: 67063 ns, At safepoint: 16965 ns, Total: 84028 ns
[2020-02-21T03:20:11.944+0000][1][safepoint    ] Safepoint "RevokeBias", Time since last: 2508480037 ns, Reaching safepoint: 69815 ns, At safepoint: 16886 ns, Total: 86701 ns
[2020-02-21T03:20:14.458+0000][1][safepoint    ] Safepoint "RevokeBias", Time since last: 2513411259 ns, Reaching safepoint: 75482 ns, At safepoint: 17945 ns, Total: 93427 ns
[2020-02-21T03:20:16.973+0000][1][safepoint    ] Safepoint "RevokeBias", Time since last: 2514413284 ns, Reaching safepoint: 103264 ns, At safepoint: 26563 ns, Total: 129827 ns
[2020-02-21T03:20:19.479+0000][1][safepoint    ] Safepoint "RevokeBias", Time since last: 2506777421 ns, Reaching safepoint: 116259 ns, At safepoint: 31509 ns, Total: 147768 ns
[2020-02-21T03:20:21.998+0000][1][safepoint    ] Safepoint "RevokeBias", Time since last: 2518788215 ns, Reaching safepoint: 90210 ns, At safepoint: 23940 ns, Total: 114150 ns
[2020-02-21T03:20:24.505+0000][1][safepoint    ] Safepoint "RevokeBias", Time since last: 2506843230 ns, Reaching safepoint: 74012 ns, At safepoint: 17836 ns, Total: 91848 ns
[2020-02-21T03:20:27.011+0000][1][safepoint    ] Safepoint "RevokeBias", Time since last: 2505474360 ns, Reaching safepoint: 79592 ns, At safepoint: 21420 ns, Total: 101012 ns
[2020-02-21T03:20:29.343+0000][1][gc,start     ] GC(79) Pause Young (Allocation Failure)
[2020-02-21T03:20:29.343+0000][1][gc,task      ] GC(79) Using 1 workers of 1 for evacuation
[2020-02-21T03:20:29.355+0000][1][gc,age       ] GC(79) Desired survivor size 4358144 bytes, new threshold 6 (max threshold 6)
[2020-02-21T03:20:29.355+0000][1][gc,age       ] GC(79) Age table with threshold 6 (max threshold 6)
[2020-02-21T03:20:29.355+0000][1][gc,age       ] GC(79) - age   1:      12504 bytes,      12504 total
[2020-02-21T03:20:29.355+0000][1][gc,age       ] GC(79) - age   2:        136 bytes,      12640 total
[2020-02-21T03:20:29.355+0000][1][gc,age       ] GC(79) - age   3:        400 bytes,      13040 total
[2020-02-21T03:20:29.355+0000][1][gc,age       ] GC(79) - age   4:        288 bytes,      13328 total
[2020-02-21T03:20:29.355+0000][1][gc,age       ] GC(79) - age   5:        896 bytes,      14224 total
[2020-02-21T03:20:29.355+0000][1][gc,age       ] GC(79) - age   6:        112 bytes,      14336 total
[2020-02-21T03:20:29.355+0000][1][gc,heap      ] GC(79) ParNew: 68186K->17K(76672K)
[2020-02-21T03:20:29.355+0000][1][gc,heap      ] GC(79) CMS: 62596K->62596K(963392K)
[2020-02-21T03:20:29.355+0000][1][gc,metaspace ] GC(79) Metaspace: 79919K->79919K(1122304K)
[2020-02-21T03:20:29.355+0000][1][gc           ] GC(79) Pause Young (Allocation Failure) 127M->61M(1015M) 12.504ms
[2020-02-21T03:20:29.355+0000][1][gc,cpu       ] GC(79) User=0.01s Sys=0.00s Real=0.01s
[2020-02-21T03:20:29.355+0000][1][safepoint    ] Safepoint "GenCollectForAllocation", Time since last: 2331764781 ns, Reaching safepoint: 93755 ns, At safepoint: 12566878 ns, Total: 12660633 ns
[2020-02-21T03:20:29.514+0000][1][safepoint    ] Safepoint "RevokeBias", Time since last: 158851945 ns, Reaching safepoint: 79955 ns, At safepoint: 20765 ns, Total: 100720 ns
[2020-02-21T03:20:32.020+0000][1][safepoint    ] Safepoint "RevokeBias", Time since last: 2505847770 ns, Reaching safepoint: 80308 ns, At safepoint: 17677 ns, Total: 97985 ns
[2020-02-21T03:20:34.548+0000][1][safepoint    ] Safepoint "RevokeBias", Time since last: 2527653234 ns, Reaching safepoint: 55157 ns, At safepoint: 15539 ns, Total: 70696 ns
[2020-02-21T03:20:37.056+0000][1][safepoint    ] Safepoint "RevokeBias", Time since last: 2508287553 ns, Reaching safepoint: 84481 ns, At safepoint: 20398 ns, Total: 104879 ns
[2020-02-21T03:20:39.561+0000][1][safepoint    ] Safepoint "RevokeBias", Time since last: 2504352171 ns, Reaching safepoint: 119031 ns, At safepoint: 29412 ns, Total: 148443 ns
[2020-02-21T03:20:41.564+0000][1][safepoint    ] Safepoint "Cleanup", Time since last: 2003422991 ns, Reaching safepoint: 90487 ns, At safepoint: 8865 ns, Total: 99352 ns
[2020-02-21T03:20:42.066+0000][1][safepoint    ] Safepoint "BulkRevokeBias", Time since last: 501048867 ns, Reaching safepoint: 80118 ns, At safepoint: 247859 ns, Total: 327977 ns
[2020-02-21T03:20:44.569+0000][1][safepoint    ] Safepoint "RevokeBias", Time since last: 2503538514 ns, Reaching safepoint: 71581 ns, At safepoint: 18381 ns, Total: 89962 ns
[2020-02-21T03:20:47.073+0000][1][safepoint    ] Safepoint "RevokeBias", Time since last: 2503488900 ns, Reaching safepoint: 72696 ns, At safepoint: 17733 ns, Total: 90429 ns
[2020-02-21T03:20:49.577+0000][1][safepoint    ] Safepoint "RevokeBias", Time since last: 2504438782 ns, Reaching safepoint: 85059 ns, At safepoint: 20129 ns, Total: 105188 ns
[2020-02-21T03:20:52.090+0000][1][safepoint    ] Safepoint "RevokeBias", Time since last: 2512347896 ns, Reaching safepoint: 73296 ns, At safepoint: 30801 ns, Total: 104097 ns
[2020-02-21T03:20:54.598+0000][1][safepoint    ] Safepoint "RevokeBias", Time since last: 2507696658 ns, Reaching safepoint: 100969 ns, At safepoint: 20807 ns, Total: 121776 ns
[2020-02-21T03:20:57.103+0000][1][safepoint    ] Safepoint "RevokeBias", Time since last: 2505639437 ns, Reaching safepoint: 82084 ns, At safepoint: 20641 ns, Total: 102725 ns
[2020-02-21T03:20:59.610+0000][1][safepoint    ] Safepoint "RevokeBias", Time since last: 2505505660 ns, Reaching safepoint: 1230330 ns, At safepoint: 21702 ns, Total: 1252032 ns
[2020-02-21T03:21:02.114+0000][1][safepoint    ] Safepoint "RevokeBias", Time since last: 2503662651 ns, Reaching safepoint: 158955 ns, At safepoint: 18321 ns, Total: 177276 ns
[2020-02-21T03:21:04.633+0000][1][safepoint    ] Safepoint "RevokeBias", Time since last: 2518625711 ns, Reaching safepoint: 93666 ns, At safepoint: 19113 ns, Total: 112779 ns
[2020-02-21T03:21:07.144+0000][1][safepoint    ] Safepoint "RevokeBias", Time since last: 2510707683 ns, Reaching safepoint: 133301 ns, At safepoint: 20534 ns, Total: 153835 ns
[2020-02-21T03:21:09.648+0000][1][safepoint    ] Safepoint "RevokeBias", Time since last: 2504385784 ns, Reaching safepoint: 80030 ns, At safepoint: 20081 ns, Total: 100111 ns
[2020-02-21T03:21:12.153+0000][1][safepoint    ] Safepoint "RevokeBias", Time since last: 2505055832 ns, Reaching safepoint: 78488 ns, At safepoint: 18319 ns, Total: 96807 ns
[2020-02-21T03:21:14.659+0000][1][safepoint    ] Safepoint "RevokeBias", Time since last: 2505347075 ns, Reaching safepoint: 70895 ns, At safepoint: 17104 ns, Total: 87999 ns
[2020-02-21T03:21:17.164+0000][1][safepoint    ] Safepoint "RevokeBias", Time since last: 2504860162 ns, Reaching safepoint: 185523 ns, At safepoint: 23024 ns, Total: 208547 ns
[2020-02-21T03:21:19.668+0000][1][safepoint    ] Safepoint "RevokeBias", Time since last: 2504418140 ns, Reaching safepoint: 94816 ns, At safepoint: 22499 ns, Total: 117315 ns
[2020-02-21T03:21:21.670+0000][1][safepoint    ] Safepoint "Cleanup", Time since last: 2001315513 ns, Reaching safepoint: 86209 ns, At safepoint: 7956 ns, Total: 94165 ns
[2020-02-21T03:21:22.180+0000][1][safepoint    ] Safepoint "RevokeBias", Time since last: 510140440 ns, Reaching safepoint: 70682 ns, At safepoint: 17408 ns, Total: 88090 ns
[2020-02-21T03:21:24.692+0000][1][safepoint    ] Safepoint "RevokeBias", Time since last: 2512005824 ns, Reaching safepoint: 72000 ns, At safepoint: 17185 ns, Total: 89185 ns
[2020-02-21T03:21:27.198+0000][1][safepoint    ] Safepoint "RevokeBias", Time since last: 2506090621 ns, Reaching safepoint: 71496 ns, At safepoint: 17987 ns, Total: 89483 ns
[2020-02-21T03:21:29.701+0000][1][safepoint    ] Safepoint "RevokeBias", Time since last: 2502860600 ns, Reaching safepoint: 73459 ns, At safepoint: 18510 ns, Total: 91969 ns
[2020-02-21T03:21:31.704+0000][1][safepoint    ] Safepoint "Cleanup", Time since last: 2002464484 ns, Reaching safepoint: 120093 ns, At safepoint: 11134 ns, Total: 131227 ns
[2020-02-21T03:21:32.208+0000][1][safepoint    ] Safepoint "RevokeBias", Time since last: 503623595 ns, Reaching safepoint: 74226 ns, At safepoint: 17773 ns, Total: 91999 ns
[2020-02-21T03:21:34.718+0000][1][safepoint    ] Safepoint "RevokeBias", Time since last: 2509940987 ns, Reaching safepoint: 71743 ns, At safepoint: 17230 ns, Total: 88973 ns
[2020-02-21T03:21:37.224+0000][1][safepoint    ] Safepoint "RevokeBias", Time since last: 2506035698 ns, Reaching safepoint: 78382 ns, At safepoint: 18697 ns, Total: 97079 ns
[2020-02-21T03:21:39.730+0000][1][safepoint    ] Safepoint "RevokeBias", Time since last: 2506435818 ns, Reaching safepoint: 107989 ns, At safepoint: 25516 ns, Total: 133505 ns
[2020-02-21T03:21:42.234+0000][1][safepoint    ] Safepoint "RevokeBias", Time since last: 2503688394 ns, Reaching safepoint: 82510 ns, At safepoint: 19622 ns, Total: 102132 ns
[2020-02-21T03:21:44.737+0000][1][safepoint    ] Safepoint "RevokeBias", Time since last: 2502425502 ns, Reaching safepoint: 112404 ns, At safepoint: 21346 ns, Total: 133750 ns
[2020-02-21T03:21:47.242+0000][1][safepoint    ] Safepoint "RevokeBias", Time since last: 2505745590 ns, Reaching safepoint: 79450 ns, At safepoint: 19795 ns, Total: 99245 ns
[2020-02-21T03:21:49.748+0000][1][safepoint    ] Safepoint "RevokeBias", Time since last: 2504962502 ns, Reaching safepoint: 88366 ns, At safepoint: 20513 ns, Total: 108879 ns
[2020-02-21T03:21:52.256+0000][1][safepoint    ] Safepoint "RevokeBias", Time since last: 2508372589 ns, Reaching safepoint: 73758 ns, At safepoint: 17832 ns, Total: 91590 ns
[2020-02-21T03:21:54.767+0000][1][safepoint    ] Safepoint "BulkRevokeBias", Time since last: 2510650079 ns, Reaching safepoint: 72754 ns, At safepoint: 179204 ns, Total: 251958 ns
[2020-02-21T03:21:57.272+0000][1][safepoint    ] Safepoint "RevokeBias", Time since last: 2505531145 ns, Reaching safepoint: 73648 ns, At safepoint: 17621 ns, Total: 91269 ns
[2020-02-21T03:21:59.776+0000][1][safepoint    ] Safepoint "RevokeBias", Time since last: 2503815956 ns, Reaching safepoint: 85424 ns, At safepoint: 17326 ns, Total: 102750 ns
[2020-02-21T03:22:02.180+0000][1][safepoint    ] Safepoint "Cleanup", Time since last: 2403369745 ns, Reaching safepoint: 81330 ns, At safepoint: 8852 ns, Total: 90182 ns
[2020-02-21T03:22:02.283+0000][1][safepoint    ] Safepoint "RevokeBias", Time since last: 102788959 ns, Reaching safepoint: 142120 ns, At safepoint: 35544 ns, Total: 177664 ns
[2020-02-21T03:22:04.803+0000][1][safepoint    ] Safepoint "RevokeBias", Time since last: 2520022553 ns, Reaching safepoint: 101684 ns, At safepoint: 16413 ns, Total: 118097 ns
[2020-02-21T03:22:07.313+0000][1][safepoint    ] Safepoint "RevokeBias", Time since last: 2509484217 ns, Reaching safepoint: 139216 ns, At safepoint: 19687 ns, Total: 158903 ns
[2020-02-21T03:22:09.818+0000][1][safepoint    ] Safepoint "RevokeBias", Time since last: 2505609197 ns, Reaching safepoint: 80679 ns, At safepoint: 20284 ns, Total: 100963 ns
[2020-02-21T03:22:12.322+0000][1][safepoint    ] Safepoint "RevokeBias", Time since last: 2503469169 ns, Reaching safepoint: 73037 ns, At safepoint: 18153 ns, Total: 91190 ns
[2020-02-21T03:22:14.825+0000][1][safepoint    ] Safepoint "RevokeBias", Time since last: 2503195786 ns, Reaching safepoint: 74203 ns, At safepoint: 39358 ns, Total: 113561 ns
[2020-02-21T03:22:17.350+0000][1][safepoint    ] Safepoint "RevokeBias", Time since last: 2524875985 ns, Reaching safepoint: 73645 ns, At safepoint: 18446 ns, Total: 92091 ns
[2020-02-21T03:22:19.862+0000][1][safepoint    ] Safepoint "RevokeBias", Time since last: 2511609324 ns, Reaching safepoint: 90064 ns, At safepoint: 20570 ns, Total: 110634 ns
[2020-02-21T03:22:22.365+0000][1][safepoint    ] Safepoint "RevokeBias", Time since last: 2502681879 ns, Reaching safepoint: 73598 ns, At safepoint: 17822 ns, Total: 91420 ns
[2020-02-21T03:22:24.870+0000][1][safepoint    ] Safepoint "RevokeBias", Time since last: 2505106312 ns, Reaching safepoint: 109723 ns, At safepoint: 18674 ns, Total: 128397 ns
[2020-02-21T03:22:27.374+0000][1][safepoint    ] Safepoint "RevokeBias", Time since last: 2503710492 ns, Reaching safepoint: 89503 ns, At safepoint: 20381 ns, Total: 109884 ns
[2020-02-21T03:22:29.879+0000][1][safepoint    ] Safepoint "RevokeBias", Time since last: 2505416799 ns, Reaching safepoint: 93271 ns, At safepoint: 25685 ns, Total: 118956 ns
[2020-02-21T03:22:32.386+0000][1][safepoint    ] Safepoint "RevokeBias", Time since last: 2506663706 ns, Reaching safepoint: 60519 ns, At safepoint: 16445 ns, Total: 76964 ns
[2020-02-21T03:22:34.902+0000][1][safepoint    ] Safepoint "RevokeBias", Time since last: 2515523797 ns, Reaching safepoint: 74236 ns, At safepoint: 17821 ns, Total: 92057 ns
[2020-02-21T03:22:37.408+0000][1][safepoint    ] Safepoint "RevokeBias", Time since last: 2506484983 ns, Reaching safepoint: 179937 ns, At safepoint: 20764 ns, Total: 200701 ns
[2020-02-21T03:22:39.913+0000][1][safepoint    ] Safepoint "RevokeBias", Time since last: 2504578057 ns, Reaching safepoint: 76552 ns, At safepoint: 18173 ns, Total: 94725 ns
[2020-02-21T03:22:42.417+0000][1][safepoint    ] Safepoint "RevokeBias", Time since last: 2504139466 ns, Reaching safepoint: 71528 ns, At safepoint: 17983 ns, Total: 89511 ns
[2020-02-21T03:22:44.920+0000][1][safepoint    ] Safepoint "RevokeBias", Time since last: 2502232065 ns, Reaching safepoint: 129306 ns, At safepoint: 40845 ns, Total: 170151 ns
[2020-02-21T03:22:47.426+0000][1][safepoint    ] Safepoint "RevokeBias", Time since last: 2506091702 ns, Reaching safepoint: 81283 ns, At safepoint: 20196 ns, Total: 101479 ns
[2020-02-21T03:22:48.995+0000][1][gc,start     ] GC(80) Pause Young (Allocation Failure)
[2020-02-21T03:22:48.996+0000][1][gc,task      ] GC(80) Using 1 workers of 1 for evacuation
[2020-02-21T03:22:49.006+0000][1][gc,age       ] GC(80) Desired survivor size 4358144 bytes, new threshold 6 (max threshold 6)
[2020-02-21T03:22:49.006+0000][1][gc,age       ] GC(80) Age table with threshold 6 (max threshold 6)
[2020-02-21T03:22:49.006+0000][1][gc,age       ] GC(80) - age   1:      13184 bytes,      13184 total
[2020-02-21T03:22:49.006+0000][1][gc,age       ] GC(80) - age   2:        704 bytes,      13888 total
[2020-02-21T03:22:49.006+0000][1][gc,age       ] GC(80) - age   3:        136 bytes,      14024 total
[2020-02-21T03:22:49.006+0000][1][gc,age       ] GC(80) - age   4:        400 bytes,      14424 total
[2020-02-21T03:22:49.006+0000][1][gc,age       ] GC(80) - age   5:        288 bytes,      14712 total
[2020-02-21T03:22:49.006+0000][1][gc,age       ] GC(80) - age   6:        896 bytes,      15608 total
[2020-02-21T03:22:49.006+0000][1][gc,heap      ] GC(80) ParNew: 68177K->25K(76672K)
[2020-02-21T03:22:49.006+0000][1][gc,heap      ] GC(80) CMS: 62596K->62596K(963392K)
[2020-02-21T03:22:49.006+0000][1][gc,metaspace ] GC(80) Metaspace: 79932K->79932K(1122304K)
[2020-02-21T03:22:49.006+0000][1][gc           ] GC(80) Pause Young (Allocation Failure) 127M->61M(1015M) 10.780ms
[2020-02-21T03:22:49.006+0000][1][gc,cpu       ] GC(80) User=0.01s Sys=0.00s Real=0.02s
[2020-02-21T03:22:49.006+0000][1][safepoint    ] Safepoint "GenCollectForAllocation", Time since last: 1569560232 ns, Reaching safepoint: 92225 ns, At safepoint: 10833345 ns, Total: 10925570 ns
[2020-02-21T03:22:49.930+0000][1][safepoint    ] Safepoint "RevokeBias", Time since last: 923683000 ns, Reaching safepoint: 69202 ns, At safepoint: 16709 ns, Total: 85911 ns
[2020-02-21T03:22:52.441+0000][1][safepoint    ] Safepoint "RevokeBias", Time since last: 2510108470 ns, Reaching safepoint: 331344 ns, At safepoint: 60254 ns, Total: 391598 ns
[2020-02-21T03:22:54.951+0000][1][safepoint    ] Safepoint "RevokeBias", Time since last: 2510329271 ns, Reaching safepoint: 119543 ns, At safepoint: 23402 ns, Total: 142945 ns
[2020-02-21T03:22:57.456+0000][1][safepoint    ] Safepoint "RevokeBias", Time since last: 2505163688 ns, Reaching safepoint: 76736 ns, At safepoint: 18285 ns, Total: 95021 ns
[2020-02-21T03:22:59.960+0000][1][safepoint    ] Safepoint "RevokeBias", Time since last: 2503808146 ns, Reaching safepoint: 117263 ns, At safepoint: 28224 ns, Total: 145487 ns
[2020-02-21T03:23:01.962+0000][1][safepoint    ] Safepoint "Cleanup", Time since last: 2001228572 ns, Reaching safepoint: 93435 ns, At safepoint: 8263 ns, Total: 101698 ns
[2020-02-21T03:23:02.466+0000][1][safepoint    ] Safepoint "RevokeBias", Time since last: 504225936 ns, Reaching safepoint: 72953 ns, At safepoint: 17611 ns, Total: 90564 ns
[2020-02-21T03:23:04.985+0000][1][safepoint    ] Safepoint "RevokeBias", Time since last: 2518841511 ns, Reaching safepoint: 73711 ns, At safepoint: 17970 ns, Total: 91681 ns
[2020-02-21T03:23:07.493+0000][1][safepoint    ] Safepoint "BulkRevokeBias", Time since last: 2507425700 ns, Reaching safepoint: 145069 ns, At safepoint: 231262 ns, Total: 376331 ns
[2020-02-21T03:23:10.000+0000][1][safepoint    ] Safepoint "RevokeBias", Time since last: 2507462540 ns, Reaching safepoint: 72073 ns, At safepoint: 17782 ns, Total: 89855 ns
[2020-02-21T03:23:12.503+0000][1][safepoint    ] Safepoint "RevokeBias", Time since last: 2502659270 ns, Reaching safepoint: 139233 ns, At safepoint: 21319 ns, Total: 160552 ns
[2020-02-21T03:23:15.007+0000][1][safepoint    ] Safepoint "RevokeBias", Time since last: 2503679548 ns, Reaching safepoint: 95967 ns, At safepoint: 21197 ns, Total: 117164 ns
[2020-02-21T03:23:17.522+0000][1][safepoint    ] Safepoint "RevokeBias", Time since last: 2515517030 ns, Reaching safepoint: 71936 ns, At safepoint: 17539 ns, Total: 89475 ns
[2020-02-21T03:23:20.037+0000][1][safepoint    ] Safepoint "RevokeBias", Time since last: 2514343749 ns, Reaching safepoint: 86897 ns, At safepoint: 19838 ns, Total: 106735 ns
[2020-02-21T03:23:22.540+0000][1][safepoint    ] Safepoint "RevokeBias", Time since last: 2503257428 ns, Reaching safepoint: 80251 ns, At safepoint: 19638 ns, Total: 99889 ns
[2020-02-21T03:23:25.044+0000][1][safepoint    ] Safepoint "RevokeBias", Time since last: 2503673206 ns, Reaching safepoint: 70003 ns, At safepoint: 16729 ns, Total: 86732 ns
[2020-02-21T03:23:27.549+0000][1][safepoint    ] Safepoint "RevokeBias", Time since last: 2504987817 ns, Reaching safepoint: 69264 ns, At safepoint: 16869 ns, Total: 86133 ns
[2020-02-21T03:23:30.053+0000][1][safepoint    ] Safepoint "RevokeBias", Time since last: 2503532415 ns, Reaching safepoint: 72162 ns, At safepoint: 16988 ns, Total: 89150 ns
[2020-02-21T03:23:32.054+0000][1][safepoint    ] Safepoint "Cleanup", Time since last: 2000887952 ns, Reaching safepoint: 83724 ns, At safepoint: 7608 ns, Total: 91332 ns
[2020-02-21T03:23:32.558+0000][1][safepoint    ] Safepoint "RevokeBias", Time since last: 503865284 ns, Reaching safepoint: 123619 ns, At safepoint: 18241 ns, Total: 141860 ns
[2020-02-21T03:23:35.074+0000][1][safepoint    ] Safepoint "RevokeBias", Time since last: 2516360847 ns, Reaching safepoint: 69002 ns, At safepoint: 17554 ns, Total: 86556 ns
[2020-02-21T03:23:36.075+0000][1][safepoint    ] Safepoint "Cleanup", Time since last: 1000730499 ns, Reaching safepoint: 111683 ns, At safepoint: 7312 ns, Total: 118995 ns
[2020-02-21T03:23:37.583+0000][1][safepoint    ] Safepoint "RevokeBias", Time since last: 1508254966 ns, Reaching safepoint: 69701 ns, At safepoint: 17990 ns, Total: 87691 ns
[2020-02-21T03:23:40.094+0000][1][safepoint    ] Safepoint "RevokeBias", Time since last: 2510812553 ns, Reaching safepoint: 73611 ns, At safepoint: 16976 ns, Total: 90587 ns
[2020-02-21T03:23:42.597+0000][1][safepoint    ] Safepoint "RevokeBias", Time since last: 2502546031 ns, Reaching safepoint: 91568 ns, At safepoint: 18516 ns, Total: 110084 ns
[2020-02-21T03:23:45.100+0000][1][safepoint    ] Safepoint "RevokeBias", Time since last: 2503103888 ns, Reaching safepoint: 81495 ns, At safepoint: 20227 ns, Total: 101722 ns
[2020-02-21T03:23:47.606+0000][1][safepoint    ] Safepoint "RevokeBias", Time since last: 2506320223 ns, Reaching safepoint: 99543 ns, At safepoint: 27973 ns, Total: 127516 ns
[2020-02-21T03:23:50.114+0000][1][safepoint    ] Safepoint "RevokeBias", Time since last: 2507096890 ns, Reaching safepoint: 114342 ns, At safepoint: 28577 ns, Total: 142919 ns
[2020-02-21T03:23:52.633+0000][1][safepoint    ] Safepoint "RevokeBias", Time since last: 2519172596 ns, Reaching safepoint: 71503 ns, At safepoint: 17889 ns, Total: 89392 ns
[2020-02-21T03:23:55.143+0000][1][safepoint    ] Safepoint "RevokeBias", Time since last: 2510220256 ns, Reaching safepoint: 71604 ns, At safepoint: 16897 ns, Total: 88501 ns
[2020-02-21T03:23:57.650+0000][1][safepoint    ] Safepoint "RevokeBias", Time since last: 2506763524 ns, Reaching safepoint: 100720 ns, At safepoint: 18486 ns, Total: 119206 ns
[2020-02-21T03:24:00.153+0000][1][safepoint    ] Safepoint "RevokeBias", Time since last: 2502481218 ns, Reaching safepoint: 71020 ns, At safepoint: 17459 ns, Total: 88479 ns
[2020-02-21T03:24:02.159+0000][1][safepoint    ] Safepoint "Cleanup", Time since last: 2006034594 ns, Reaching safepoint: 109702 ns, At safepoint: 13328 ns, Total: 123030 ns
[2020-02-21T03:24:02.659+0000][1][safepoint    ] Safepoint "RevokeBias", Time since last: 499733070 ns, Reaching safepoint: 164303 ns, At safepoint: 35429 ns, Total: 199732 ns
[2020-02-21T03:24:05.172+0000][1][safepoint    ] Safepoint "RevokeBias", Time since last: 2512958391 ns, Reaching safepoint: 99879 ns, At safepoint: 17913 ns, Total: 117792 ns
[2020-02-21T03:24:07.681+0000][1][safepoint    ] Safepoint "RevokeBias", Time since last: 2508426811 ns, Reaching safepoint: 120985 ns, At safepoint: 31876 ns, Total: 152861 ns
[2020-02-21T03:24:10.186+0000][1][safepoint    ] Safepoint "RevokeBias", Time since last: 2505560968 ns, Reaching safepoint: 71792 ns, At safepoint: 17632 ns, Total: 89424 ns
[2020-02-21T03:24:12.690+0000][1][safepoint    ] Safepoint "RevokeBias", Time since last: 2503384137 ns, Reaching safepoint: 72559 ns, At safepoint: 16649 ns, Total: 89208 ns
[2020-02-21T03:24:15.193+0000][1][safepoint    ] Safepoint "RevokeBias", Time since last: 2503072373 ns, Reaching safepoint: 70934 ns, At safepoint: 17189 ns, Total: 88123 ns
[2020-02-21T03:24:17.714+0000][1][safepoint    ] Safepoint "RevokeBias", Time since last: 2521290485 ns, Reaching safepoint: 74040 ns, At safepoint: 17351 ns, Total: 91391 ns
[2020-02-21T03:24:20.230+0000][1][safepoint    ] Safepoint "BulkRevokeBias", Time since last: 2515909403 ns, Reaching safepoint: 110392 ns, At safepoint: 191019 ns, Total: 301411 ns
[2020-02-21T03:24:22.733+0000][1][safepoint    ] Safepoint "RevokeBias", Time since last: 2502528497 ns, Reaching safepoint: 75921 ns, At safepoint: 17985 ns, Total: 93906 ns
[2020-02-21T03:24:25.238+0000][1][safepoint    ] Safepoint "RevokeBias", Time since last: 2505207973 ns, Reaching safepoint: 63535 ns, At safepoint: 17481 ns, Total: 81016 ns
[2020-02-21T03:24:27.743+0000][1][safepoint    ] Safepoint "RevokeBias", Time since last: 2504766433 ns, Reaching safepoint: 101618 ns, At safepoint: 29368 ns, Total: 130986 ns
[2020-02-21T03:24:30.248+0000][1][safepoint    ] Safepoint "RevokeBias", Time since last: 2504986310 ns, Reaching safepoint: 76770 ns, At safepoint: 19021 ns, Total: 95791 ns
[2020-02-21T03:24:32.754+0000][1][safepoint    ] Safepoint "RevokeBias", Time since last: 2505330527 ns, Reaching safepoint: 95790 ns, At safepoint: 25237 ns, Total: 121027 ns
[2020-02-21T03:24:35.275+0000][1][safepoint    ] Safepoint "RevokeBias", Time since last: 2521604646 ns, Reaching safepoint: 126489 ns, At safepoint: 26490 ns, Total: 152979 ns
[2020-02-21T03:24:37.784+0000][1][safepoint    ] Safepoint "RevokeBias", Time since last: 2508074415 ns, Reaching safepoint: 141996 ns, At safepoint: 20408 ns, Total: 162404 ns
[2020-02-21T03:24:40.294+0000][1][safepoint    ] Safepoint "RevokeBias", Time since last: 2510532123 ns, Reaching safepoint: 72115 ns, At safepoint: 17258 ns, Total: 89373 ns
[2020-02-21T03:24:42.803+0000][1][safepoint    ] Safepoint "RevokeBias", Time since last: 2508777268 ns, Reaching safepoint: 111420 ns, At safepoint: 22509 ns, Total: 133929 ns
[2020-02-21T03:24:45.307+0000][1][safepoint    ] Safepoint "RevokeBias", Time since last: 2503788122 ns, Reaching safepoint: 87252 ns, At safepoint: 22091 ns, Total: 109343 ns
[2020-02-21T03:24:47.820+0000][1][safepoint    ] Safepoint "RevokeBias", Time since last: 2512385958 ns, Reaching safepoint: 52156 ns, At safepoint: 15566 ns, Total: 67722 ns
[2020-02-21T03:24:50.330+0000][1][safepoint    ] Safepoint "RevokeBias", Time since last: 2510403629 ns, Reaching safepoint: 88648 ns, At safepoint: 20912 ns, Total: 109560 ns
[2020-02-21T03:24:52.835+0000][1][safepoint    ] Safepoint "RevokeBias", Time since last: 2504587229 ns, Reaching safepoint: 109921 ns, At safepoint: 25029 ns, Total: 134950 ns
[2020-02-21T03:24:55.342+0000][1][safepoint    ] Safepoint "RevokeBias", Time since last: 2506895603 ns, Reaching safepoint: 107805 ns, At safepoint: 23511 ns, Total: 131316 ns
[2020-02-21T03:24:57.846+0000][1][safepoint    ] Safepoint "RevokeBias", Time since last: 2504512437 ns, Reaching safepoint: 72784 ns, At safepoint: 17725 ns, Total: 90509 ns
[2020-02-21T03:25:00.351+0000][1][safepoint    ] Safepoint "RevokeBias", Time since last: 2504434540 ns, Reaching safepoint: 98438 ns, At safepoint: 23738 ns, Total: 122176 ns
[2020-02-21T03:25:02.857+0000][1][safepoint    ] Safepoint "RevokeBias", Time since last: 2506077209 ns, Reaching safepoint: 70510 ns, At safepoint: 16644 ns, Total: 87154 ns
[2020-02-21T03:25:05.369+0000][1][safepoint    ] Safepoint "RevokeBias", Time since last: 2511378996 ns, Reaching safepoint: 143679 ns, At safepoint: 18639 ns, Total: 162318 ns
[2020-02-21T03:25:07.877+0000][1][safepoint    ] Safepoint "RevokeBias", Time since last: 2508588405 ns, Reaching safepoint: 82850 ns, At safepoint: 20946 ns, Total: 103796 ns
[2020-02-21T03:25:09.125+0000][1][gc,start     ] GC(81) Pause Young (Allocation Failure)
[2020-02-21T03:25:09.125+0000][1][gc,task      ] GC(81) Using 1 workers of 1 for evacuation
[2020-02-21T03:25:09.135+0000][1][gc,age       ] GC(81) Desired survivor size 4358144 bytes, new threshold 6 (max threshold 6)
[2020-02-21T03:25:09.135+0000][1][gc,age       ] GC(81) Age table with threshold 6 (max threshold 6)
[2020-02-21T03:25:09.135+0000][1][gc,age       ] GC(81) - age   1:      13136 bytes,      13136 total
[2020-02-21T03:25:09.135+0000][1][gc,age       ] GC(81) - age   2:        216 bytes,      13352 total
[2020-02-21T03:25:09.135+0000][1][gc,age       ] GC(81) - age   3:        704 bytes,      14056 total
[2020-02-21T03:25:09.135+0000][1][gc,age       ] GC(81) - age   4:        136 bytes,      14192 total
[2020-02-21T03:25:09.135+0000][1][gc,age       ] GC(81) - age   5:        168 bytes,      14360 total
[2020-02-21T03:25:09.135+0000][1][gc,age       ] GC(81) - age   6:        288 bytes,      14648 total
[2020-02-21T03:25:09.135+0000][1][gc,heap      ] GC(81) ParNew: 68185K->14K(76672K)
[2020-02-21T03:25:09.135+0000][1][gc,heap      ] GC(81) CMS: 62596K->62597K(963392K)
[2020-02-21T03:25:09.135+0000][1][gc,metaspace ] GC(81) Metaspace: 79938K->79938K(1122304K)
[2020-02-21T03:25:09.135+0000][1][gc           ] GC(81) Pause Young (Allocation Failure) 127M->61M(1015M) 10.454ms
[2020-02-21T03:25:09.135+0000][1][gc,cpu       ] GC(81) User=0.01s Sys=0.00s Real=0.01s
[2020-02-21T03:25:09.135+0000][1][safepoint    ] Safepoint "GenCollectForAllocation", Time since last: 1247250199 ns, Reaching safepoint: 73315 ns, At safepoint: 10504697 ns, Total: 10578012 ns
[2020-02-21T03:25:10.384+0000][1][safepoint    ] Safepoint "RevokeBias", Time since last: 1248342002 ns, Reaching safepoint: 72406 ns, At safepoint: 17254 ns, Total: 89660 ns
[2020-02-21T03:25:12.887+0000][1][safepoint    ] Safepoint "RevokeBias", Time since last: 2503200306 ns, Reaching safepoint: 115212 ns, At safepoint: 69542 ns, Total: 184754 ns
[2020-02-21T03:25:15.390+0000][1][safepoint    ] Safepoint "RevokeBias", Time since last: 2502720588 ns, Reaching safepoint: 101499 ns, At safepoint: 19100 ns, Total: 120599 ns
[2020-02-21T03:25:18.019+0000][1][safepoint    ] Safepoint "RevokeBias", Time since last: 2629013780 ns, Reaching safepoint: 70473 ns, At safepoint: 16582 ns, Total: 87055 ns
[2020-02-21T03:25:20.527+0000][1][safepoint    ] Safepoint "RevokeBias", Time since last: 2507992351 ns, Reaching safepoint: 74013 ns, At safepoint: 17457 ns, Total: 91470 ns
[2020-02-21T03:25:23.030+0000][1][safepoint    ] Safepoint "RevokeBias", Time since last: 2503054835 ns, Reaching safepoint: 103355 ns, At safepoint: 24144 ns, Total: 127499 ns
[2020-02-21T03:25:25.535+0000][1][safepoint    ] Safepoint "RevokeBias", Time since last: 2504394512 ns, Reaching safepoint: 150123 ns, At safepoint: 19628 ns, Total: 169751 ns
[2020-02-21T03:25:28.039+0000][1][safepoint    ] Safepoint "RevokeBias", Time since last: 2504275245 ns, Reaching safepoint: 74517 ns, At safepoint: 17015 ns, Total: 91532 ns
[2020-02-21T03:25:30.544+0000][1][safepoint    ] Safepoint "RevokeBias", Time since last: 2504591261 ns, Reaching safepoint: 79328 ns, At safepoint: 18065 ns, Total: 97393 ns
[2020-02-21T03:25:31.545+0000][1][safepoint    ] Safepoint "Cleanup", Time since last: 1000627698 ns, Reaching safepoint: 82464 ns, At safepoint: 7664 ns, Total: 90128 ns
[2020-02-21T03:25:33.050+0000][1][safepoint    ] Safepoint "BulkRevokeBias", Time since last: 1505099870 ns, Reaching safepoint: 73615 ns, At safepoint: 229362 ns, Total: 302977 ns
[2020-02-21T03:25:35.572+0000][1][safepoint    ] Safepoint "RevokeBias", Time since last: 2521602887 ns, Reaching safepoint: 131233 ns, At safepoint: 52469 ns, Total: 183702 ns
[2020-02-21T03:25:38.080+0000][1][safepoint    ] Safepoint "RevokeBias", Time since last: 2508545010 ns, Reaching safepoint: 73358 ns, At safepoint: 17340 ns, Total: 90698 ns
[2020-02-21T03:25:40.585+0000][1][safepoint    ] Safepoint "RevokeBias", Time since last: 2504926887 ns, Reaching safepoint: 82625 ns, At safepoint: 19788 ns, Total: 102413 ns
[2020-02-21T03:25:43.089+0000][1][safepoint    ] Safepoint "RevokeBias", Time since last: 2503465229 ns, Reaching safepoint: 91311 ns, At safepoint: 17693 ns, Total: 109004 ns
[2020-02-21T03:25:45.593+0000][1][safepoint    ] Safepoint "RevokeBias", Time since last: 2503442188 ns, Reaching safepoint: 70941 ns, At safepoint: 17043 ns, Total: 87984 ns
[2020-02-21T03:25:48.112+0000][1][safepoint    ] Safepoint "RevokeBias", Time since last: 2519701599 ns, Reaching safepoint: 70044 ns, At safepoint: 17684 ns, Total: 87728 ns
[2020-02-21T03:25:50.617+0000][1][safepoint    ] Safepoint "RevokeBias", Time since last: 2504721014 ns, Reaching safepoint: 73323 ns, At safepoint: 17316 ns, Total: 90639 ns
[2020-02-21T03:25:53.121+0000][1][safepoint    ] Safepoint "RevokeBias", Time since last: 2503398602 ns, Reaching safepoint: 72118 ns, At safepoint: 16988 ns, Total: 89106 ns
[2020-02-21T03:25:55.626+0000][1][safepoint    ] Safepoint "RevokeBias", Time since last: 2505443913 ns, Reaching safepoint: 72403 ns, At safepoint: 17723 ns, Total: 90126 ns
[2020-02-21T03:25:58.131+0000][1][safepoint    ] Safepoint "RevokeBias", Time since last: 2504319872 ns, Reaching safepoint: 117046 ns, At safepoint: 18604 ns, Total: 135650 ns
[2020-02-21T03:26:00.635+0000][1][safepoint    ] Safepoint "RevokeBias", Time since last: 2503921490 ns, Reaching safepoint: 114409 ns, At safepoint: 20200 ns, Total: 134609 ns
[2020-02-21T03:26:03.141+0000][1][safepoint    ] Safepoint "RevokeBias", Time since last: 2506050567 ns, Reaching safepoint: 71969 ns, At safepoint: 16904 ns, Total: 88873 ns
[2020-02-21T03:26:05.660+0000][1][safepoint    ] Safepoint "RevokeBias", Time since last: 2519277706 ns, Reaching safepoint: 128417 ns, At safepoint: 34087 ns, Total: 162504 ns
[2020-02-21T03:26:08.170+0000][1][safepoint    ] Safepoint "RevokeBias", Time since last: 2509796597 ns, Reaching safepoint: 89219 ns, At safepoint: 16887 ns, Total: 106106 ns
[2020-02-21T03:26:10.675+0000][1][safepoint    ] Safepoint "RevokeBias", Time since last: 2504605056 ns, Reaching safepoint: 88176 ns, At safepoint: 21011 ns, Total: 109187 ns
[2020-02-21T03:26:13.178+0000][1][safepoint    ] Safepoint "RevokeBias", Time since last: 2503086996 ns, Reaching safepoint: 149944 ns, At safepoint: 26530 ns, Total: 176474 ns
[2020-02-21T03:26:15.683+0000][1][safepoint    ] Safepoint "RevokeBias", Time since last: 2504725012 ns, Reaching safepoint: 75469 ns, At safepoint: 19074 ns, Total: 94543 ns
[2020-02-21T03:26:18.189+0000][1][safepoint    ] Safepoint "RevokeBias", Time since last: 2506252825 ns, Reaching safepoint: 69428 ns, At safepoint: 16576 ns, Total: 86004 ns
[2020-02-21T03:26:20.695+0000][1][safepoint    ] Safepoint "RevokeBias", Time since last: 2505384141 ns, Reaching safepoint: 71390 ns, At safepoint: 17428 ns, Total: 88818 ns
[2020-02-21T03:26:23.200+0000][1][safepoint    ] Safepoint "RevokeBias", Time since last: 2505226065 ns, Reaching safepoint: 71890 ns, At safepoint: 16807 ns, Total: 88697 ns
[2020-02-21T03:26:25.705+0000][1][safepoint    ] Safepoint "RevokeBias", Time since last: 2504834900 ns, Reaching safepoint: 70825 ns, At safepoint: 17354 ns, Total: 88179 ns
[2020-02-21T03:26:28.211+0000][1][safepoint    ] Safepoint "RevokeBias", Time since last: 2505493202 ns, Reaching safepoint: 74413 ns, At safepoint: 85749 ns, Total: 160162 ns
[2020-02-21T03:26:30.714+0000][1][safepoint    ] Safepoint "RevokeBias", Time since last: 2502790007 ns, Reaching safepoint: 140430 ns, At safepoint: 34721 ns, Total: 175151 ns
[2020-02-21T03:26:32.715+0000][1][safepoint    ] Safepoint "Cleanup", Time since last: 2000966164 ns, Reaching safepoint: 167539 ns, At safepoint: 25394 ns, Total: 192933 ns
[2020-02-21T03:26:33.218+0000][1][safepoint    ] Safepoint "RevokeBias", Time since last: 502613200 ns, Reaching safepoint: 69113 ns, At safepoint: 16933 ns, Total: 86046 ns
[2020-02-21T03:26:35.730+0000][1][safepoint    ] Safepoint "RevokeBias", Time since last: 2512577584 ns, Reaching safepoint: 93867 ns, At safepoint: 18876 ns, Total: 112743 ns
[2020-02-21T03:26:38.239+0000][1][safepoint    ] Safepoint "RevokeBias", Time since last: 2508316187 ns, Reaching safepoint: 71459 ns, At safepoint: 16679 ns, Total: 88138 ns
[2020-02-21T03:26:40.745+0000][1][safepoint    ] Safepoint "RevokeBias", Time since last: 2506313090 ns, Reaching safepoint: 116418 ns, At safepoint: 24135 ns, Total: 140553 ns
[2020-02-21T03:26:43.247+0000][1][safepoint    ] Safepoint "RevokeBias", Time since last: 2501994163 ns, Reaching safepoint: 73732 ns, At safepoint: 17747 ns, Total: 91479 ns
[2020-02-21T03:26:45.751+0000][1][safepoint    ] Safepoint "BulkRevokeBias", Time since last: 2503480626 ns, Reaching safepoint: 72092 ns, At safepoint: 178735 ns, Total: 250827 ns
[2020-02-21T03:26:48.256+0000][1][safepoint    ] Safepoint "RevokeBias", Time since last: 2504603270 ns, Reaching safepoint: 71496 ns, At safepoint: 17156 ns, Total: 88652 ns
[2020-02-21T03:26:50.762+0000][1][safepoint    ] Safepoint "RevokeBias", Time since last: 2506390111 ns, Reaching safepoint: 198646 ns, At safepoint: 27006 ns, Total: 225652 ns
[2020-02-21T03:26:53.270+0000][1][safepoint    ] Safepoint "RevokeBias", Time since last: 2507469929 ns, Reaching safepoint: 55631 ns, At safepoint: 31753 ns, Total: 87384 ns
[2020-02-21T03:26:55.782+0000][1][safepoint    ] Safepoint "RevokeBias", Time since last: 2512378385 ns, Reaching safepoint: 81252 ns, At safepoint: 19078 ns, Total: 100330 ns
[2020-02-21T03:26:58.289+0000][1][safepoint    ] Safepoint "RevokeBias", Time since last: 2506383857 ns, Reaching safepoint: 72175 ns, At safepoint: 17540 ns, Total: 89715 ns
[2020-02-21T03:27:00.793+0000][1][safepoint    ] Safepoint "RevokeBias", Time since last: 2504598732 ns, Reaching safepoint: 74424 ns, At safepoint: 17600 ns, Total: 92024 ns
[2020-02-21T03:27:03.300+0000][1][safepoint    ] Safepoint "RevokeBias", Time since last: 2506174537 ns, Reaching safepoint: 83096 ns, At safepoint: 20421 ns, Total: 103517 ns
[2020-02-21T03:27:05.819+0000][1][safepoint    ] Safepoint "RevokeBias", Time since last: 2518952825 ns, Reaching safepoint: 115284 ns, At safepoint: 28510 ns, Total: 143794 ns
[2020-02-21T03:27:08.328+0000][1][safepoint    ] Safepoint "RevokeBias", Time since last: 2509143685 ns, Reaching safepoint: 165354 ns, At safepoint: 19028 ns, Total: 184382 ns
[2020-02-21T03:27:10.833+0000][1][safepoint    ] Safepoint "RevokeBias", Time since last: 2504655077 ns, Reaching safepoint: 90331 ns, At safepoint: 21425 ns, Total: 111756 ns
[2020-02-21T03:27:13.337+0000][1][safepoint    ] Safepoint "RevokeBias", Time since last: 2503859349 ns, Reaching safepoint: 101366 ns, At safepoint: 26456 ns, Total: 127822 ns
[2020-02-21T03:27:15.841+0000][1][safepoint    ] Safepoint "RevokeBias", Time since last: 2504129361 ns, Reaching safepoint: 111762 ns, At safepoint: 27838 ns, Total: 139600 ns
[2020-02-21T03:27:18.349+0000][1][safepoint    ] Safepoint "RevokeBias", Time since last: 2507452854 ns, Reaching safepoint: 93040 ns, At safepoint: 39237 ns, Total: 132277 ns
[2020-02-21T03:27:20.858+0000][1][safepoint    ] Safepoint "RevokeBias", Time since last: 2509010299 ns, Reaching safepoint: 77144 ns, At safepoint: 72672 ns, Total: 149816 ns
[2020-02-21T03:27:23.375+0000][1][safepoint    ] Safepoint "RevokeBias", Time since last: 2517050045 ns, Reaching safepoint: 125231 ns, At safepoint: 25188 ns, Total: 150419 ns
[2020-02-21T03:27:25.887+0000][1][safepoint    ] Safepoint "RevokeBias", Time since last: 2512150121 ns, Reaching safepoint: 110827 ns, At safepoint: 29744 ns, Total: 140571 ns
[2020-02-21T03:27:28.395+0000][1][safepoint    ] Safepoint "RevokeBias", Time since last: 2507384164 ns, Reaching safepoint: 81838 ns, At safepoint: 20718 ns, Total: 102556 ns
[2020-02-21T03:27:29.405+0000][1][gc,start     ] GC(82) Pause Young (Allocation Failure)
[2020-02-21T03:27:29.405+0000][1][gc,task      ] GC(82) Using 1 workers of 1 for evacuation
[2020-02-21T03:27:29.424+0000][1][gc,age       ] GC(82) Desired survivor size 4358144 bytes, new threshold 6 (max threshold 6)
[2020-02-21T03:27:29.424+0000][1][gc,age       ] GC(82) Age table with threshold 6 (max threshold 6)
[2020-02-21T03:27:29.424+0000][1][gc,age       ] GC(82) - age   1:      11944 bytes,      11944 total
[2020-02-21T03:27:29.424+0000][1][gc,age       ] GC(82) - age   2:       1256 bytes,      13200 total
[2020-02-21T03:27:29.424+0000][1][gc,age       ] GC(82) - age   3:        216 bytes,      13416 total
[2020-02-21T03:27:29.424+0000][1][gc,age       ] GC(82) - age   4:        704 bytes,      14120 total
[2020-02-21T03:27:29.424+0000][1][gc,age       ] GC(82) - age   5:        136 bytes,      14256 total
[2020-02-21T03:27:29.424+0000][1][gc,age       ] GC(82) - age   6:        168 bytes,      14424 total
[2020-02-21T03:27:29.424+0000][1][gc,heap      ] GC(82) ParNew: 68174K->14K(76672K)
[2020-02-21T03:27:29.424+0000][1][gc,heap      ] GC(82) CMS: 62597K->62598K(963392K)
[2020-02-21T03:27:29.424+0000][1][gc,metaspace ] GC(82) Metaspace: 79952K->79952K(1122304K)
[2020-02-21T03:27:29.424+0000][1][gc           ] GC(82) Pause Young (Allocation Failure) 127M->61M(1015M) 18.624ms
[2020-02-21T03:27:29.424+0000][1][gc,cpu       ] GC(82) User=0.01s Sys=0.00s Real=0.02s
[2020-02-21T03:27:29.424+0000][1][safepoint    ] Safepoint "GenCollectForAllocation", Time since last: 1010203558 ns, Reaching safepoint: 95339 ns, At safepoint: 18728379 ns, Total: 18823718 ns
[2020-02-21T03:27:30.898+0000][1][safepoint    ] Safepoint "RevokeBias", Time since last: 1473935669 ns, Reaching safepoint: 71814 ns, At safepoint: 17426 ns, Total: 89240 ns
[2020-02-21T03:27:31.898+0000][1][safepoint    ] Safepoint "Cleanup", Time since last: 1000396538 ns, Reaching safepoint: 84607 ns, At safepoint: 9116 ns, Total: 93723 ns
[2020-02-21T03:27:33.401+0000][1][safepoint    ] Safepoint "RevokeBias", Time since last: 1502783326 ns, Reaching safepoint: 75271 ns, At safepoint: 18060 ns, Total: 93331 ns
[2020-02-21T03:27:35.918+0000][1][safepoint    ] Safepoint "RevokeBias", Time since last: 2516971583 ns, Reaching safepoint: 106746 ns, At safepoint: 21005 ns, Total: 127751 ns
[2020-02-21T03:27:38.431+0000][1][safepoint    ] Safepoint "RevokeBias", Time since last: 2512900590 ns, Reaching safepoint: 179416 ns, At safepoint: 31202 ns, Total: 210618 ns
[2020-02-21T03:27:40.939+0000][1][safepoint    ] Safepoint "RevokeBias", Time since last: 2507143383 ns, Reaching safepoint: 119244 ns, At safepoint: 25504 ns, Total: 144748 ns
[2020-02-21T03:27:42.949+0000][1][safepoint    ] Safepoint "Cleanup", Time since last: 2009821245 ns, Reaching safepoint: 81044 ns, At safepoint: 9062 ns, Total: 90106 ns
[2020-02-21T03:27:43.444+0000][1][safepoint    ] Safepoint "RevokeBias", Time since last: 495447880 ns, Reaching safepoint: 68011 ns, At safepoint: 15964 ns, Total: 83975 ns
[2020-02-21T03:27:45.949+0000][1][safepoint    ] Safepoint "RevokeBias", Time since last: 2505081504 ns, Reaching safepoint: 71222 ns, At safepoint: 17569 ns, Total: 88791 ns
[2020-02-21T03:27:48.454+0000][1][safepoint    ] Safepoint "RevokeBias", Time since last: 2504167354 ns, Reaching safepoint: 139674 ns, At safepoint: 18493 ns, Total: 158167 ns
[2020-02-21T03:27:50.960+0000][1][safepoint    ] Safepoint "RevokeBias", Time since last: 2505778178 ns, Reaching safepoint: 99945 ns, At safepoint: 25873 ns, Total: 125818 ns
[2020-02-21T03:27:53.479+0000][1][safepoint    ] Safepoint "RevokeBias", Time since last: 2519727220 ns, Reaching safepoint: 100245 ns, At safepoint: 28097 ns, Total: 128342 ns
[2020-02-21T03:27:55.991+0000][1][safepoint    ] Safepoint "RevokeBias", Time since last: 2511900216 ns, Reaching safepoint: 71605 ns, At safepoint: 17821 ns, Total: 89426 ns
[2020-02-21T03:27:58.496+0000][1][safepoint    ] Safepoint "BulkRevokeBias", Time since last: 2504751366 ns, Reaching safepoint: 79314 ns, At safepoint: 211647 ns, Total: 290961 ns
[2020-02-21T03:28:01.006+0000][1][safepoint    ] Safepoint "RevokeBias", Time since last: 2509683468 ns, Reaching safepoint: 71948 ns, At safepoint: 17665 ns, Total: 89613 ns
[2020-02-21T03:28:02.007+0000][1][safepoint    ] Safepoint "Cleanup", Time since last: 1000638474 ns, Reaching safepoint: 134302 ns, At safepoint: 15605 ns, Total: 149907 ns
[2020-02-21T03:28:03.510+0000][1][safepoint    ] Safepoint "RevokeBias", Time since last: 1502796798 ns, Reaching safepoint: 72195 ns, At safepoint: 18021 ns, Total: 90216 ns
[2020-02-21T03:28:06.030+0000][1][safepoint    ] Safepoint "RevokeBias", Time since last: 2519761531 ns, Reaching safepoint: 66527 ns, At safepoint: 20406 ns, Total: 86933 ns
[2020-02-21T03:28:08.538+0000][1][safepoint    ] Safepoint "RevokeBias", Time since last: 2508145413 ns, Reaching safepoint: 80774 ns, At safepoint: 23326 ns, Total: 104100 ns
[2020-02-21T03:28:11.043+0000][1][safepoint    ] Safepoint "RevokeBias", Time since last: 2504962803 ns, Reaching safepoint: 90062 ns, At safepoint: 21328 ns, Total: 111390 ns
[2020-02-21T03:28:13.548+0000][1][safepoint    ] Safepoint "RevokeBias", Time since last: 2504376014 ns, Reaching safepoint: 131996 ns, At safepoint: 33244 ns, Total: 165240 ns
[2020-02-21T03:28:16.052+0000][1][safepoint    ] Safepoint "RevokeBias", Time since last: 2503751643 ns, Reaching safepoint: 89827 ns, At safepoint: 26852 ns, Total: 116679 ns
[2020-02-21T03:28:18.564+0000][1][safepoint    ] Safepoint "RevokeBias", Time since last: 2512150705 ns, Reaching safepoint: 71067 ns, At safepoint: 17808 ns, Total: 88875 ns
[2020-02-21T03:28:21.077+0000][1][safepoint    ] Safepoint "RevokeBias", Time since last: 2512649373 ns, Reaching safepoint: 168267 ns, At safepoint: 39847 ns, Total: 208114 ns
[2020-02-21T03:28:23.581+0000][1][safepoint    ] Safepoint "RevokeBias", Time since last: 2503803277 ns, Reaching safepoint: 143624 ns, At safepoint: 23046 ns, Total: 166670 ns
[2020-02-21T03:28:26.087+0000][1][safepoint    ] Safepoint "RevokeBias", Time since last: 2505999689 ns, Reaching safepoint: 74121 ns, At safepoint: 18026 ns, Total: 92147 ns
[2020-02-21T03:28:28.591+0000][1][safepoint    ] Safepoint "RevokeBias", Time since last: 2504451769 ns, Reaching safepoint: 72643 ns, At safepoint: 17963 ns, Total: 90606 ns
[2020-02-21T03:28:31.094+0000][1][safepoint    ] Safepoint "RevokeBias", Time since last: 2502459218 ns, Reaching safepoint: 75105 ns, At safepoint: 18173 ns, Total: 93278 ns
[2020-02-21T03:28:33.597+0000][1][safepoint    ] Safepoint "RevokeBias", Time since last: 2503083741 ns, Reaching safepoint: 70108 ns, At safepoint: 16753 ns, Total: 86861 ns
[2020-02-21T03:28:36.109+0000][1][safepoint    ] Safepoint "RevokeBias", Time since last: 2512304738 ns, Reaching safepoint: 70870 ns, At safepoint: 17171 ns, Total: 88041 ns
[2020-02-21T03:28:38.615+0000][1][safepoint    ] Safepoint "RevokeBias", Time since last: 2505784109 ns, Reaching safepoint: 73396 ns, At safepoint: 17273 ns, Total: 90669 ns
[2020-02-21T03:28:41.120+0000][1][safepoint    ] Safepoint "RevokeBias", Time since last: 2505076091 ns, Reaching safepoint: 73969 ns, At safepoint: 18433 ns, Total: 92402 ns
[2020-02-21T03:28:43.624+0000][1][safepoint    ] Safepoint "RevokeBias", Time since last: 2503048756 ns, Reaching safepoint: 71373 ns, At safepoint: 17549 ns, Total: 88922 ns
[2020-02-21T03:28:46.127+0000][1][safepoint    ] Safepoint "RevokeBias", Time since last: 2503221732 ns, Reaching safepoint: 73229 ns, At safepoint: 16932 ns, Total: 90161 ns
[2020-02-21T03:28:48.630+0000][1][safepoint    ] Safepoint "RevokeBias", Time since last: 2503379975 ns, Reaching safepoint: 74544 ns, At safepoint: 17598 ns, Total: 92142 ns
[2020-02-21T03:28:51.136+0000][1][safepoint    ] Safepoint "RevokeBias", Time since last: 2505999965 ns, Reaching safepoint: 131254 ns, At safepoint: 29642 ns, Total: 160896 ns
[2020-02-21T03:28:53.645+0000][1][safepoint    ] Safepoint "RevokeBias", Time since last: 2508490575 ns, Reaching safepoint: 52478 ns, At safepoint: 15606 ns, Total: 68084 ns
[2020-02-21T03:28:56.156+0000][1][safepoint    ] Safepoint "RevokeBias", Time since last: 2511293810 ns, Reaching safepoint: 91899 ns, At safepoint: 19167 ns, Total: 111066 ns
[2020-02-21T03:28:58.660+0000][1][safepoint    ] Safepoint "RevokeBias", Time since last: 2503519001 ns, Reaching safepoint: 74405 ns, At safepoint: 18202 ns, Total: 92607 ns
[2020-02-21T03:29:01.167+0000][1][safepoint    ] Safepoint "RevokeBias", Time since last: 2506397737 ns, Reaching safepoint: 91170 ns, At safepoint: 19291 ns, Total: 110461 ns
[2020-02-21T03:29:02.168+0000][1][safepoint    ] Safepoint "Cleanup", Time since last: 1001180119 ns, Reaching safepoint: 110976 ns, At safepoint: 10656 ns, Total: 121632 ns
[2020-02-21T03:29:03.680+0000][1][safepoint    ] Safepoint "RevokeBias", Time since last: 1512301009 ns, Reaching safepoint: 72891 ns, At safepoint: 17766 ns, Total: 90657 ns
[2020-02-21T03:29:06.199+0000][1][safepoint    ] Safepoint "RevokeBias", Time since last: 2518758800 ns, Reaching safepoint: 85231 ns, At safepoint: 17558 ns, Total: 102789 ns
[2020-02-21T03:29:08.708+0000][1][safepoint    ] Safepoint "RevokeBias", Time since last: 2508320340 ns, Reaching safepoint: 75978 ns, At safepoint: 18452 ns, Total: 94430 ns
[2020-02-21T03:29:10.708+0000][1][safepoint    ] Safepoint "Cleanup", Time since last: 2000809091 ns, Reaching safepoint: 137036 ns, At safepoint: 10530 ns, Total: 147566 ns
[2020-02-21T03:29:11.213+0000][1][safepoint    ] Safepoint "BulkRevokeBias", Time since last: 503673955 ns, Reaching safepoint: 75652 ns, At safepoint: 305796 ns, Total: 381448 ns
[2020-02-21T03:29:13.717+0000][1][safepoint    ] Safepoint "RevokeBias", Time since last: 2504419795 ns, Reaching safepoint: 74555 ns, At safepoint: 18477 ns, Total: 93032 ns
[2020-02-21T03:29:16.220+0000][1][safepoint    ] Safepoint "RevokeBias", Time since last: 2502943566 ns, Reaching safepoint: 77125 ns, At safepoint: 18680 ns, Total: 95805 ns
[2020-02-21T03:29:18.724+0000][1][safepoint    ] Safepoint "RevokeBias", Time since last: 2504056334 ns, Reaching safepoint: 92226 ns, At safepoint: 20446 ns, Total: 112672 ns
[2020-02-21T03:29:21.231+0000][1][safepoint    ] Safepoint "RevokeBias", Time since last: 2506311896 ns, Reaching safepoint: 77205 ns, At safepoint: 18540 ns, Total: 95745 ns
[2020-02-21T03:29:23.754+0000][1][safepoint    ] Safepoint "RevokeBias", Time since last: 2523302794 ns, Reaching safepoint: 72752 ns, At safepoint: 17831 ns, Total: 90583 ns
[2020-02-21T03:29:26.268+0000][1][safepoint    ] Safepoint "RevokeBias", Time since last: 2514187494 ns, Reaching safepoint: 69315 ns, At safepoint: 16978 ns, Total: 86293 ns
[2020-02-21T03:29:28.772+0000][1][safepoint    ] Safepoint "RevokeBias", Time since last: 2503099579 ns, Reaching safepoint: 226008 ns, At safepoint: 20548 ns, Total: 246556 ns
[2020-02-21T03:29:31.275+0000][1][safepoint    ] Safepoint "RevokeBias", Time since last: 2503063186 ns, Reaching safepoint: 191949 ns, At safepoint: 40480 ns, Total: 232429 ns
[2020-02-21T03:29:32.276+0000][1][safepoint    ] Safepoint "Cleanup", Time since last: 1000797757 ns, Reaching safepoint: 114370 ns, At safepoint: 8798 ns, Total: 123168 ns
[2020-02-21T03:29:33.780+0000][1][safepoint    ] Safepoint "RevokeBias", Time since last: 1504048787 ns, Reaching safepoint: 73224 ns, At safepoint: 17302 ns, Total: 90526 ns
[2020-02-21T03:29:36.285+0000][1][safepoint    ] Safepoint "RevokeBias", Time since last: 2504468508 ns, Reaching safepoint: 71634 ns, At safepoint: 17113 ns, Total: 88747 ns
[2020-02-21T03:29:38.788+0000][1][safepoint    ] Safepoint "RevokeBias", Time since last: 2503690018 ns, Reaching safepoint: 73690 ns, At safepoint: 17567 ns, Total: 91257 ns
[2020-02-21T03:29:41.311+0000][1][safepoint    ] Safepoint "RevokeBias", Time since last: 2521999892 ns, Reaching safepoint: 317550 ns, At safepoint: 63658 ns, Total: 381208 ns
[2020-02-21T03:29:43.890+0000][1][safepoint    ] Safepoint "RevokeBias", Time since last: 2578881302 ns, Reaching safepoint: 149345 ns, At safepoint: 29818 ns, Total: 179163 ns
[2020-02-21T03:29:46.393+0000][1][safepoint    ] Safepoint "RevokeBias", Time since last: 2503586803 ns, Reaching safepoint: 73567 ns, At safepoint: 17229 ns, Total: 90796 ns
[2020-02-21T03:29:48.898+0000][1][safepoint    ] Safepoint "RevokeBias", Time since last: 2504370109 ns, Reaching safepoint: 111317 ns, At safepoint: 17825 ns, Total: 129142 ns
[2020-02-21T03:29:49.359+0000][1][gc,start     ] GC(83) Pause Young (Allocation Failure)
[2020-02-21T03:29:49.359+0000][1][gc,task      ] GC(83) Using 1 workers of 1 for evacuation
[2020-02-21T03:29:49.369+0000][1][gc,age       ] GC(83) Desired survivor size 4358144 bytes, new threshold 6 (max threshold 6)
[2020-02-21T03:29:49.369+0000][1][gc,age       ] GC(83) Age table with threshold 6 (max threshold 6)
[2020-02-21T03:29:49.369+0000][1][gc,age       ] GC(83) - age   1:      14560 bytes,      14560 total
[2020-02-21T03:29:49.369+0000][1][gc,age       ] GC(83) - age   2:         72 bytes,      14632 total
[2020-02-21T03:29:49.369+0000][1][gc,age       ] GC(83) - age   3:       1136 bytes,      15768 total
[2020-02-21T03:29:49.369+0000][1][gc,age       ] GC(83) - age   4:        216 bytes,      15984 total
[2020-02-21T03:29:49.369+0000][1][gc,age       ] GC(83) - age   5:        704 bytes,      16688 total
[2020-02-21T03:29:49.369+0000][1][gc,age       ] GC(83) - age   6:        136 bytes,      16824 total
[2020-02-21T03:29:49.369+0000][1][gc,heap      ] GC(83) ParNew: 68174K->28K(76672K)
[2020-02-21T03:29:49.369+0000][1][gc,heap      ] GC(83) CMS: 62598K->62598K(963392K)
[2020-02-21T03:29:49.369+0000][1][gc,metaspace ] GC(83) Metaspace: 79993K->79993K(1122304K)
[2020-02-21T03:29:49.369+0000][1][gc           ] GC(83) Pause Young (Allocation Failure) 127M->61M(1015M) 9.891ms
[2020-02-21T03:29:49.369+0000][1][gc,cpu       ] GC(83) User=0.01s Sys=0.00s Real=0.01s
[2020-02-21T03:29:49.369+0000][1][safepoint    ] Safepoint "GenCollectForAllocation", Time since last: 460814684 ns, Reaching safepoint: 139664 ns, At safepoint: 10025289 ns, Total: 10164953 ns
[2020-02-21T03:29:51.403+0000][1][safepoint    ] Safepoint "RevokeBias", Time since last: 2034167763 ns, Reaching safepoint: 84537 ns, At safepoint: 18486 ns, Total: 103023 ns
[2020-02-21T03:29:53.920+0000][1][safepoint    ] Safepoint "RevokeBias", Time since last: 2517067198 ns, Reaching safepoint: 75434 ns, At safepoint: 18102 ns, Total: 93536 ns
[2020-02-21T03:29:56.435+0000][1][safepoint    ] Safepoint "RevokeBias", Time since last: 2514301773 ns, Reaching safepoint: 70229 ns, At safepoint: 16801 ns, Total: 87030 ns
[2020-02-21T03:29:58.939+0000][1][safepoint    ] Safepoint "RevokeBias", Time since last: 2504457284 ns, Reaching safepoint: 115428 ns, At safepoint: 27675 ns, Total: 143103 ns
[2020-02-21T03:30:01.444+0000][1][safepoint    ] Safepoint "RevokeBias", Time since last: 2504912866 ns, Reaching safepoint: 81199 ns, At safepoint: 20421 ns, Total: 101620 ns
[2020-02-21T03:30:03.949+0000][1][safepoint    ] Safepoint "RevokeBias", Time since last: 2504025848 ns, Reaching safepoint: 73799 ns, At safepoint: 17879 ns, Total: 91678 ns
[2020-02-21T03:30:06.465+0000][1][safepoint    ] Safepoint "RevokeBias", Time since last: 2516716533 ns, Reaching safepoint: 72668 ns, At safepoint: 17476 ns, Total: 90144 ns
[2020-02-21T03:30:08.974+0000][1][safepoint    ] Safepoint "RevokeBias", Time since last: 2508506769 ns, Reaching safepoint: 90775 ns, At safepoint: 21087 ns, Total: 111862 ns
[2020-02-21T03:30:11.482+0000][1][safepoint    ] Safepoint "RevokeBias", Time since last: 2508052405 ns, Reaching safepoint: 72294 ns, At safepoint: 17967 ns, Total: 90261 ns
[2020-02-21T03:30:13.985+0000][1][safepoint    ] Safepoint "RevokeBias", Time since last: 2502397490 ns, Reaching safepoint: 71594 ns, At safepoint: 17121 ns, Total: 88715 ns
[2020-02-21T03:30:16.488+0000][1][safepoint    ] Safepoint "RevokeBias", Time since last: 2503385312 ns, Reaching safepoint: 74885 ns, At safepoint: 17683 ns, Total: 92568 ns
[2020-02-21T03:30:18.991+0000][1][safepoint    ] Safepoint "RevokeBias", Time since last: 2503075629 ns, Reaching safepoint: 93856 ns, At safepoint: 21634 ns, Total: 115490 ns
[2020-02-21T03:30:21.497+0000][1][safepoint    ] Safepoint "RevokeBias", Time since last: 2505781319 ns, Reaching safepoint: 117705 ns, At safepoint: 19068 ns, Total: 136773 ns
[2020-02-21T03:30:24.005+0000][1][safepoint    ] Safepoint "BulkRevokeBias", Time since last: 2507810294 ns, Reaching safepoint: 70047 ns, At safepoint: 303377 ns, Total: 373424 ns
[2020-02-21T03:30:26.520+0000][1][safepoint    ] Safepoint "RevokeBias", Time since last: 2514809035 ns, Reaching safepoint: 73064 ns, At safepoint: 16544 ns, Total: 89608 ns
[2020-02-21T03:30:29.024+0000][1][safepoint    ] Safepoint "RevokeBias", Time since last: 2504042941 ns, Reaching safepoint: 73710 ns, At safepoint: 17986 ns, Total: 91696 ns
[2020-02-21T03:30:31.530+0000][1][safepoint    ] Safepoint "RevokeBias", Time since last: 2505494098 ns, Reaching safepoint: 173278 ns, At safepoint: 20463 ns, Total: 193741 ns
[2020-02-21T03:30:34.034+0000][1][safepoint    ] Safepoint "RevokeBias", Time since last: 2504293995 ns, Reaching safepoint: 70279 ns, At safepoint: 16753 ns, Total: 87032 ns
[2020-02-21T03:30:36.551+0000][1][safepoint    ] Safepoint "RevokeBias", Time since last: 2516772767 ns, Reaching safepoint: 71731 ns, At safepoint: 16037 ns, Total: 87768 ns
[2020-02-21T03:30:39.058+0000][1][safepoint    ] Safepoint "RevokeBias", Time since last: 2506538277 ns, Reaching safepoint: 127186 ns, At safepoint: 131719 ns, Total: 258905 ns
[2020-02-21T03:30:41.564+0000][1][safepoint    ] Safepoint "RevokeBias", Time since last: 2505755618 ns, Reaching safepoint: 69495 ns, At safepoint: 17040 ns, Total: 86535 ns
[2020-02-21T03:30:44.067+0000][1][safepoint    ] Safepoint "RevokeBias", Time since last: 2502727232 ns, Reaching safepoint: 72757 ns, At safepoint: 16704 ns, Total: 89461 ns
[2020-02-21T03:30:46.570+0000][1][safepoint    ] Safepoint "RevokeBias", Time since last: 2502663158 ns, Reaching safepoint: 95476 ns, At safepoint: 19695 ns, Total: 115171 ns
[2020-02-21T03:30:49.073+0000][1][safepoint    ] Safepoint "RevokeBias", Time since last: 2503780140 ns, Reaching safepoint: 94712 ns, At safepoint: 21895 ns, Total: 116607 ns
[2020-02-21T03:30:51.580+0000][1][safepoint    ] Safepoint "RevokeBias", Time since last: 2506416400 ns, Reaching safepoint: 73084 ns, At safepoint: 17727 ns, Total: 90811 ns
[2020-02-21T03:30:54.099+0000][1][safepoint    ] Safepoint "RevokeBias", Time since last: 2518744369 ns, Reaching safepoint: 52854 ns, At safepoint: 14541 ns, Total: 67395 ns
[2020-02-21T03:30:56.610+0000][1][safepoint    ] Safepoint "RevokeBias", Time since last: 2511549252 ns, Reaching safepoint: 73664 ns, At safepoint: 18163 ns, Total: 91827 ns
[2020-02-21T03:30:59.115+0000][1][safepoint    ] Safepoint "RevokeBias", Time since last: 2504352738 ns, Reaching safepoint: 69437 ns, At safepoint: 16492 ns, Total: 85929 ns
[2020-02-21T03:31:01.620+0000][1][safepoint    ] Safepoint "RevokeBias", Time since last: 2505126261 ns, Reaching safepoint: 90141 ns, At safepoint: 38007 ns, Total: 128148 ns
[2020-02-21T03:31:04.127+0000][1][safepoint    ] Safepoint "RevokeBias", Time since last: 2507068014 ns, Reaching safepoint: 70065 ns, At safepoint: 17497 ns, Total: 87562 ns
[2020-02-21T03:31:06.633+0000][1][safepoint    ] Safepoint "RevokeBias", Time since last: 2505603281 ns, Reaching safepoint: 122147 ns, At safepoint: 21337 ns, Total: 143484 ns
[2020-02-21T03:31:09.136+0000][1][safepoint    ] Safepoint "RevokeBias", Time since last: 2503105090 ns, Reaching safepoint: 108327 ns, At safepoint: 63744 ns, Total: 172071 ns
[2020-02-21T03:31:11.650+0000][1][safepoint    ] Safepoint "RevokeBias", Time since last: 2513846387 ns, Reaching safepoint: 152381 ns, At safepoint: 47393 ns, Total: 199774 ns
[2020-02-21T03:31:14.159+0000][1][safepoint    ] Safepoint "RevokeBias", Time since last: 2508975328 ns, Reaching safepoint: 82276 ns, At safepoint: 20647 ns, Total: 102923 ns
[2020-02-21T03:31:16.664+0000][1][safepoint    ] Safepoint "RevokeBias", Time since last: 2504053548 ns, Reaching safepoint: 140783 ns, At safepoint: 53081 ns, Total: 193864 ns
[2020-02-21T03:31:19.169+0000][1][safepoint    ] Safepoint "RevokeBias", Time since last: 2504443427 ns, Reaching safepoint: 519246 ns, At safepoint: 28787 ns, Total: 548033 ns
[2020-02-21T03:31:21.679+0000][1][safepoint    ] Safepoint "RevokeBias", Time since last: 2510507384 ns, Reaching safepoint: 115720 ns, At safepoint: 28349 ns, Total: 144069 ns
[2020-02-21T03:31:24.190+0000][1][safepoint    ] Safepoint "RevokeBias", Time since last: 2510467133 ns, Reaching safepoint: 72059 ns, At safepoint: 17293 ns, Total: 89352 ns
[2020-02-21T03:31:26.699+0000][1][safepoint    ] Safepoint "RevokeBias", Time since last: 2509574625 ns, Reaching safepoint: 71457 ns, At safepoint: 16867 ns, Total: 88324 ns
[2020-02-21T03:31:29.204+0000][1][safepoint    ] Safepoint "RevokeBias", Time since last: 2504624523 ns, Reaching safepoint: 72088 ns, At safepoint: 16826 ns, Total: 88914 ns
[2020-02-21T03:31:31.709+0000][1][safepoint    ] Safepoint "RevokeBias", Time since last: 2504218557 ns, Reaching safepoint: 118391 ns, At safepoint: 20611 ns, Total: 139002 ns
[2020-02-21T03:31:34.212+0000][1][safepoint    ] Safepoint "RevokeBias", Time since last: 2503755883 ns, Reaching safepoint: 110243 ns, At safepoint: 39125 ns, Total: 149368 ns
[2020-02-21T03:31:36.719+0000][1][safepoint    ] Safepoint "BulkRevokeBias", Time since last: 2505879286 ns, Reaching safepoint: 151307 ns, At safepoint: 195753 ns, Total: 347060 ns
[2020-02-21T03:31:39.221+0000][1][safepoint    ] Safepoint "RevokeBias", Time since last: 2502416826 ns, Reaching safepoint: 84558 ns, At safepoint: 19737 ns, Total: 104295 ns
[2020-02-21T03:31:41.749+0000][1][safepoint    ] Safepoint "RevokeBias", Time since last: 2527266447 ns, Reaching safepoint: 95871 ns, At safepoint: 27231 ns, Total: 123102 ns
[2020-02-21T03:31:44.256+0000][1][safepoint    ] Safepoint "RevokeBias", Time since last: 2507538605 ns, Reaching safepoint: 74791 ns, At safepoint: 16628 ns, Total: 91419 ns
[2020-02-21T03:31:46.759+0000][1][safepoint    ] Safepoint "RevokeBias", Time since last: 2502827043 ns, Reaching safepoint: 74350 ns, At safepoint: 17429 ns, Total: 91779 ns
[2020-02-21T03:31:49.263+0000][1][safepoint    ] Safepoint "RevokeBias", Time since last: 2504082061 ns, Reaching safepoint: 193852 ns, At safepoint: 45303 ns, Total: 239155 ns
[2020-02-21T03:31:50.264+0000][1][safepoint    ] Safepoint "Cleanup", Time since last: 1000811035 ns, Reaching safepoint: 94880 ns, At safepoint: 9264 ns, Total: 104144 ns
[2020-02-21T03:31:51.768+0000][1][safepoint    ] Safepoint "RevokeBias", Time since last: 1503065001 ns, Reaching safepoint: 86702 ns, At safepoint: 31575 ns, Total: 118277 ns
[2020-02-21T03:31:54.282+0000][1][safepoint    ] Safepoint "RevokeBias", Time since last: 2514118320 ns, Reaching safepoint: 70587 ns, At safepoint: 17371 ns, Total: 87958 ns
[2020-02-21T03:31:56.793+0000][1][safepoint    ] Safepoint "RevokeBias", Time since last: 2511376095 ns, Reaching safepoint: 70194 ns, At safepoint: 17360 ns, Total: 87554 ns
[2020-02-21T03:31:59.298+0000][1][safepoint    ] Safepoint "RevokeBias", Time since last: 2504885336 ns, Reaching safepoint: 73270 ns, At safepoint: 17308 ns, Total: 90578 ns
[2020-02-21T03:32:01.812+0000][1][safepoint    ] Safepoint "RevokeBias", Time since last: 2513401044 ns, Reaching safepoint: 316041 ns, At safepoint: 30483 ns, Total: 346524 ns
[2020-02-21T03:32:04.320+0000][1][safepoint    ] Safepoint "RevokeBias", Time since last: 2508344837 ns, Reaching safepoint: 75023 ns, At safepoint: 17534 ns, Total: 92557 ns
[2020-02-21T03:32:06.827+0000][1][safepoint    ] Safepoint "RevokeBias", Time since last: 2506015299 ns, Reaching safepoint: 76518 ns, At safepoint: 22850 ns, Total: 99368 ns
[2020-02-21T03:32:09.334+0000][1][safepoint    ] Safepoint "RevokeBias", Time since last: 2507209623 ns, Reaching safepoint: 99257 ns, At safepoint: 18927 ns, Total: 118184 ns
[2020-02-21T03:32:09.505+0000][1][gc,start     ] GC(84) Pause Young (Allocation Failure)
[2020-02-21T03:32:09.505+0000][1][gc,task      ] GC(84) Using 1 workers of 1 for evacuation
[2020-02-21T03:32:09.517+0000][1][gc,age       ] GC(84) Desired survivor size 4358144 bytes, new threshold 6 (max threshold 6)
[2020-02-21T03:32:09.517+0000][1][gc,age       ] GC(84) Age table with threshold 6 (max threshold 6)
[2020-02-21T03:32:09.517+0000][1][gc,age       ] GC(84) - age   1:      13200 bytes,      13200 total
[2020-02-21T03:32:09.517+0000][1][gc,age       ] GC(84) - age   2:       1672 bytes,      14872 total
[2020-02-21T03:32:09.517+0000][1][gc,age       ] GC(84) - age   3:         72 bytes,      14944 total
[2020-02-21T03:32:09.517+0000][1][gc,age       ] GC(84) - age   4:       1016 bytes,      15960 total
[2020-02-21T03:32:09.517+0000][1][gc,age       ] GC(84) - age   5:        216 bytes,      16176 total
[2020-02-21T03:32:09.517+0000][1][gc,age       ] GC(84) - age   6:        704 bytes,      16880 total
[2020-02-21T03:32:09.517+0000][1][gc,heap      ] GC(84) ParNew: 68188K->19K(76672K)
[2020-02-21T03:32:09.517+0000][1][gc,heap      ] GC(84) CMS: 62598K->62598K(963392K)
[2020-02-21T03:32:09.517+0000][1][gc,metaspace ] GC(84) Metaspace: 80053K->80053K(1122304K)
[2020-02-21T03:32:09.517+0000][1][gc           ] GC(84) Pause Young (Allocation Failure) 127M->61M(1015M) 11.937ms
[2020-02-21T03:32:09.517+0000][1][gc,cpu       ] GC(84) User=0.01s Sys=0.00s Real=0.02s
[2020-02-21T03:32:09.517+0000][1][safepoint    ] Safepoint "GenCollectForAllocation", Time since last: 171289519 ns, Reaching safepoint: 77125 ns, At safepoint: 11992699 ns, Total: 12069824 ns
[2020-02-21T03:32:11.840+0000][1][safepoint    ] Safepoint "RevokeBias", Time since last: 2322564151 ns, Reaching safepoint: 83553 ns, At safepoint: 20534 ns, Total: 104087 ns
[2020-02-21T03:32:12.847+0000][1][safepoint    ] Safepoint "Cleanup", Time since last: 1006952565 ns, Reaching safepoint: 240386 ns, At safepoint: 35722 ns, Total: 276108 ns
[2020-02-21T03:32:14.343+0000][1][safepoint    ] Safepoint "RevokeBias", Time since last: 1495767792 ns, Reaching safepoint: 87345 ns, At safepoint: 20375 ns, Total: 107720 ns
[2020-02-21T03:32:16.846+0000][1][safepoint    ] Safepoint "RevokeBias", Time since last: 2502665264 ns, Reaching safepoint: 73630 ns, At safepoint: 17475 ns, Total: 91105 ns
[2020-02-21T03:32:19.349+0000][1][safepoint    ] Safepoint "RevokeBias", Time since last: 2503245169 ns, Reaching safepoint: 71614 ns, At safepoint: 17634 ns, Total: 89248 ns
[2020-02-21T03:32:21.856+0000][1][safepoint    ] Safepoint "RevokeBias", Time since last: 2506975627 ns, Reaching safepoint: 85726 ns, At safepoint: 21632 ns, Total: 107358 ns
[2020-02-21T03:32:24.364+0000][1][safepoint    ] Safepoint "RevokeBias", Time since last: 2508210791 ns, Reaching safepoint: 84175 ns, At safepoint: 18310 ns, Total: 102485 ns
[2020-02-21T03:32:26.880+0000][1][safepoint    ] Safepoint "RevokeBias", Time since last: 2515134808 ns, Reaching safepoint: 129345 ns, At safepoint: 27710 ns, Total: 157055 ns
[2020-02-21T03:32:29.384+0000][1][safepoint    ] Safepoint "RevokeBias", Time since last: 2504572060 ns, Reaching safepoint: 71095 ns, At safepoint: 17432 ns, Total: 88527 ns
[2020-02-21T03:32:31.255+0000][1][safepoint    ] Safepoint "Cleanup", Time since last: 1870180750 ns, Reaching safepoint: 46100 ns, At safepoint: 4325 ns, Total: 50425 ns
[2020-02-21T03:32:31.888+0000][1][safepoint    ] Safepoint "RevokeBias", Time since last: 633426164 ns, Reaching safepoint: 158280 ns, At safepoint: 33613 ns, Total: 191893 ns
[2020-02-21T03:32:34.394+0000][1][safepoint    ] Safepoint "RevokeBias", Time since last: 2505321021 ns, Reaching safepoint: 121420 ns, At safepoint: 27609 ns, Total: 149029 ns
[2020-02-21T03:32:36.900+0000][1][safepoint    ] Safepoint "RevokeBias", Time since last: 2506235608 ns, Reaching safepoint: 198934 ns, At safepoint: 19568 ns, Total: 218502 ns
[2020-02-21T03:32:39.405+0000][1][safepoint    ] Safepoint "RevokeBias", Time since last: 2504335145 ns, Reaching safepoint: 86412 ns, At safepoint: 20415 ns, Total: 106827 ns
[2020-02-21T03:32:41.917+0000][1][safepoint    ] Safepoint "RevokeBias", Time since last: 2511877882 ns, Reaching safepoint: 98375 ns, At safepoint: 36261 ns, Total: 134636 ns
[2020-02-21T03:32:44.426+0000][1][safepoint    ] Safepoint "RevokeBias", Time since last: 2509131754 ns, Reaching safepoint: 76205 ns, At safepoint: 18242 ns, Total: 94447 ns
[2020-02-21T03:32:46.929+0000][1][safepoint    ] Safepoint "RevokeBias", Time since last: 2503309879 ns, Reaching safepoint: 73200 ns, At safepoint: 16999 ns, Total: 90199 ns
[2020-02-21T03:32:49.433+0000][1][safepoint    ] Safepoint "BulkRevokeBias", Time since last: 2502978714 ns, Reaching safepoint: 92751 ns, At safepoint: 259817 ns, Total: 352568 ns
[2020-02-21T03:32:51.939+0000][1][safepoint    ] Safepoint "RevokeBias", Time since last: 2505973755 ns, Reaching safepoint: 78397 ns, At safepoint: 18962 ns, Total: 97359 ns
[2020-02-21T03:32:54.452+0000][1][safepoint    ] Safepoint "RevokeBias", Time since last: 2513728216 ns, Reaching safepoint: 72463 ns, At safepoint: 17187 ns, Total: 89650 ns
[2020-02-21T03:32:56.964+0000][1][safepoint    ] Safepoint "RevokeBias", Time since last: 2511547096 ns, Reaching safepoint: 243623 ns, At safepoint: 49739 ns, Total: 293362 ns
[2020-02-21T03:32:59.467+0000][1][safepoint    ] Safepoint "RevokeBias", Time since last: 2502972740 ns, Reaching safepoint: 77490 ns, At safepoint: 19017 ns, Total: 96507 ns
[2020-02-21T03:33:01.469+0000][1][safepoint    ] Safepoint "Cleanup", Time since last: 2001278246 ns, Reaching safepoint: 84768 ns, At safepoint: 7312 ns, Total: 92080 ns
[2020-02-21T03:33:01.971+0000][1][safepoint    ] Safepoint "RevokeBias", Time since last: 502077336 ns, Reaching safepoint: 112655 ns, At safepoint: 40619 ns, Total: 153274 ns
[2020-02-21T03:33:04.476+0000][1][safepoint    ] Safepoint "RevokeBias", Time since last: 2504712932 ns, Reaching safepoint: 93838 ns, At safepoint: 24194 ns, Total: 118032 ns
[2020-02-21T03:33:06.980+0000][1][safepoint    ] Safepoint "RevokeBias", Time since last: 2503955851 ns, Reaching safepoint: 117982 ns, At safepoint: 29743 ns, Total: 147725 ns
[2020-02-21T03:33:09.484+0000][1][safepoint    ] Safepoint "RevokeBias", Time since last: 2503486301 ns, Reaching safepoint: 70452 ns, At safepoint: 17124 ns, Total: 87576 ns
[2020-02-21T03:33:11.995+0000][1][safepoint    ] Safepoint "RevokeBias", Time since last: 2511477123 ns, Reaching safepoint: 82571 ns, At safepoint: 19862 ns, Total: 102433 ns
[2020-02-21T03:33:14.509+0000][1][safepoint    ] Safepoint "RevokeBias", Time since last: 2513412023 ns, Reaching safepoint: 122938 ns, At safepoint: 31126 ns, Total: 154064 ns
[2020-02-21T03:33:17.013+0000][1][safepoint    ] Safepoint "RevokeBias", Time since last: 2504707101 ns, Reaching safepoint: 69545 ns, At safepoint: 17099 ns, Total: 86644 ns
[2020-02-21T03:33:19.518+0000][1][safepoint    ] Safepoint "RevokeBias", Time since last: 2504710354 ns, Reaching safepoint: 88763 ns, At safepoint: 21389 ns, Total: 110152 ns
[2020-02-21T03:33:22.024+0000][1][safepoint    ] Safepoint "RevokeBias", Time since last: 2505961952 ns, Reaching safepoint: 64726 ns, At safepoint: 16908 ns, Total: 81634 ns
[2020-02-21T03:33:24.538+0000][1][safepoint    ] Safepoint "RevokeBias", Time since last: 2513445686 ns, Reaching safepoint: 72009 ns, At safepoint: 17317 ns, Total: 89326 ns
[2020-02-21T03:33:27.047+0000][1][safepoint    ] Safepoint "RevokeBias", Time since last: 2509383403 ns, Reaching safepoint: 74002 ns, At safepoint: 17014 ns, Total: 91016 ns
[2020-02-21T03:33:29.553+0000][1][safepoint    ] Safepoint "RevokeBias", Time since last: 2505309394 ns, Reaching safepoint: 117344 ns, At safepoint: 23021 ns, Total: 140365 ns
[2020-02-21T03:33:32.058+0000][1][safepoint    ] Safepoint "RevokeBias", Time since last: 2505438326 ns, Reaching safepoint: 86590 ns, At safepoint: 19366 ns, Total: 105956 ns
[2020-02-21T03:33:34.568+0000][1][safepoint    ] Safepoint "RevokeBias", Time since last: 2509198853 ns, Reaching safepoint: 81586 ns, At safepoint: 19754 ns, Total: 101340 ns
[2020-02-21T03:33:37.073+0000][1][safepoint    ] Safepoint "RevokeBias", Time since last: 2505225616 ns, Reaching safepoint: 89627 ns, At safepoint: 21521 ns, Total: 111148 ns
[2020-02-21T03:33:39.578+0000][1][safepoint    ] Safepoint "RevokeBias", Time since last: 2504502904 ns, Reaching safepoint: 81769 ns, At safepoint: 20544 ns, Total: 102313 ns
[2020-02-21T03:33:42.089+0000][1][safepoint    ] Safepoint "RevokeBias", Time since last: 2511217365 ns, Reaching safepoint: 102286 ns, At safepoint: 25564 ns, Total: 127850 ns
[2020-02-21T03:33:44.595+0000][1][safepoint    ] Safepoint "RevokeBias", Time since last: 2505804611 ns, Reaching safepoint: 100757 ns, At safepoint: 19398 ns, Total: 120155 ns
[2020-02-21T03:33:47.098+0000][1][safepoint    ] Safepoint "RevokeBias", Time since last: 2503274974 ns, Reaching safepoint: 74589 ns, At safepoint: 18460 ns, Total: 93049 ns
[2020-02-21T03:33:49.603+0000][1][safepoint    ] Safepoint "RevokeBias", Time since last: 2504604943 ns, Reaching safepoint: 95542 ns, At safepoint: 21812 ns, Total: 117354 ns
[2020-02-21T03:33:52.107+0000][1][safepoint    ] Safepoint "RevokeBias", Time since last: 2503984975 ns, Reaching safepoint: 125914 ns, At safepoint: 22849 ns, Total: 148763 ns
[2020-02-21T03:33:54.615+0000][1][safepoint    ] Safepoint "RevokeBias", Time since last: 2508195690 ns, Reaching safepoint: 83824 ns, At safepoint: 27254 ns, Total: 111078 ns
[2020-02-21T03:33:57.131+0000][1][safepoint    ] Safepoint "RevokeBias", Time since last: 2515057238 ns, Reaching safepoint: 106650 ns, At safepoint: 18379 ns, Total: 125029 ns
[2020-02-21T03:33:59.636+0000][1][safepoint    ] Safepoint "RevokeBias", Time since last: 2505841606 ns, Reaching safepoint: 89423 ns, At safepoint: 20765 ns, Total: 110188 ns
[2020-02-21T03:34:02.150+0000][1][safepoint    ] Safepoint "BulkRevokeBias", Time since last: 2513253170 ns, Reaching safepoint: 106419 ns, At safepoint: 368604 ns, Total: 475023 ns
[2020-02-21T03:34:04.655+0000][1][safepoint    ] Safepoint "RevokeBias", Time since last: 2504934613 ns, Reaching safepoint: 72276 ns, At safepoint: 17043 ns, Total: 89319 ns
[2020-02-21T03:34:07.162+0000][1][safepoint    ] Safepoint "RevokeBias", Time since last: 2506518711 ns, Reaching safepoint: 101076 ns, At safepoint: 30757 ns, Total: 131833 ns
[2020-02-21T03:34:09.667+0000][1][safepoint    ] Safepoint "RevokeBias", Time since last: 2505316999 ns, Reaching safepoint: 97054 ns, At safepoint: 26749 ns, Total: 123803 ns
[2020-02-21T03:34:12.179+0000][1][safepoint    ] Safepoint "RevokeBias", Time since last: 2511833819 ns, Reaching safepoint: 75287 ns, At safepoint: 18876 ns, Total: 94163 ns
[2020-02-21T03:34:14.688+0000][1][safepoint    ] Safepoint "RevokeBias", Time since last: 2508732487 ns, Reaching safepoint: 69941 ns, At safepoint: 18447 ns, Total: 88388 ns
[2020-02-21T03:34:17.194+0000][1][safepoint    ] Safepoint "RevokeBias", Time since last: 2505958498 ns, Reaching safepoint: 72185 ns, At safepoint: 17485 ns, Total: 89670 ns
[2020-02-21T03:34:19.711+0000][1][safepoint    ] Safepoint "RevokeBias", Time since last: 2516420913 ns, Reaching safepoint: 72586 ns, At safepoint: 18574 ns, Total: 91160 ns
[2020-02-21T03:34:22.221+0000][1][safepoint    ] Safepoint "RevokeBias", Time since last: 2510180128 ns, Reaching safepoint: 155825 ns, At safepoint: 43647 ns, Total: 199472 ns
[2020-02-21T03:34:24.732+0000][1][safepoint    ] Safepoint "RevokeBias", Time since last: 2510287237 ns, Reaching safepoint: 162538 ns, At safepoint: 45222 ns, Total: 207760 ns
[2020-02-21T03:34:27.241+0000][1][safepoint    ] Safepoint "RevokeBias", Time since last: 2509447233 ns, Reaching safepoint: 147305 ns, At safepoint: 23663 ns, Total: 170968 ns
[2020-02-21T03:34:29.744+0000][1][gc,start     ] GC(85) Pause Young (Allocation Failure)
[2020-02-21T03:34:29.745+0000][1][gc,task      ] GC(85) Using 1 workers of 1 for evacuation
[2020-02-21T03:34:29.757+0000][1][gc,age       ] GC(85) Desired survivor size 4358144 bytes, new threshold 6 (max threshold 6)
[2020-02-21T03:34:29.757+0000][1][gc,age       ] GC(85) Age table with threshold 6 (max threshold 6)
[2020-02-21T03:34:29.757+0000][1][gc,age       ] GC(85) - age   1:      12320 bytes,      12320 total
[2020-02-21T03:34:29.757+0000][1][gc,age       ] GC(85) - age   2:       1160 bytes,      13480 total
[2020-02-21T03:34:29.757+0000][1][gc,age       ] GC(85) - age   3:       1672 bytes,      15152 total
[2020-02-21T03:34:29.757+0000][1][gc,age       ] GC(85) - age   4:         72 bytes,      15224 total
[2020-02-21T03:34:29.757+0000][1][gc,age       ] GC(85) - age   5:        784 bytes,      16008 total
[2020-02-21T03:34:29.757+0000][1][gc,age       ] GC(85) - age   6:        216 bytes,      16224 total
[2020-02-21T03:34:29.757+0000][1][gc,heap      ] GC(85) ParNew: 68179K->29K(76672K)
[2020-02-21T03:34:29.757+0000][1][gc,heap      ] GC(85) CMS: 62598K->62599K(963392K)
[2020-02-21T03:34:29.757+0000][1][gc,metaspace ] GC(85) Metaspace: 80054K->80054K(1122304K)
[2020-02-21T03:34:29.757+0000][1][gc           ] GC(85) Pause Young (Allocation Failure) 127M->61M(1015M) 13.013ms
[2020-02-21T03:34:29.757+0000][1][gc,cpu       ] GC(85) User=0.01s Sys=0.00s Real=0.02s
[2020-02-21T03:34:29.758+0000][1][safepoint    ] Safepoint "GenCollectForAllocation", Time since last: 2503168357 ns, Reaching safepoint: 115231 ns, At safepoint: 13076390 ns, Total: 13191621 ns
[2020-02-21T03:34:29.760+0000][1][safepoint    ] Safepoint "RevokeBias", Time since last: 1874021 ns, Reaching safepoint: 195357 ns, At safepoint: 43567 ns, Total: 238924 ns
[2020-02-21T03:34:32.264+0000][1][safepoint    ] Safepoint "RevokeBias", Time since last: 2504506122 ns, Reaching safepoint: 78809 ns, At safepoint: 19015 ns, Total: 97824 ns
[2020-02-21T03:34:34.770+0000][1][safepoint    ] Safepoint "RevokeBias", Time since last: 2506112112 ns, Reaching safepoint: 97191 ns, At safepoint: 23522 ns, Total: 120713 ns
[2020-02-21T03:34:37.288+0000][1][safepoint    ] Safepoint "RevokeBias", Time since last: 2517156834 ns, Reaching safepoint: 138341 ns, At safepoint: 43253 ns, Total: 181594 ns
[2020-02-21T03:34:39.797+0000][1][safepoint    ] Safepoint "RevokeBias", Time since last: 2508975289 ns, Reaching safepoint: 76249 ns, At safepoint: 18566 ns, Total: 94815 ns
[2020-02-21T03:34:42.303+0000][1][safepoint    ] Safepoint "RevokeBias", Time since last: 2505764703 ns, Reaching safepoint: 74822 ns, At safepoint: 18079 ns, Total: 92901 ns
[2020-02-21T03:34:44.808+0000][1][safepoint    ] Safepoint "RevokeBias", Time since last: 2505652572 ns, Reaching safepoint: 71460 ns, At safepoint: 16991 ns, Total: 88451 ns
[2020-02-21T03:34:47.312+0000][1][safepoint    ] Safepoint "RevokeBias", Time since last: 2503408948 ns, Reaching safepoint: 55316 ns, At safepoint: 16174 ns, Total: 71490 ns
[2020-02-21T03:34:49.824+0000][1][safepoint    ] Safepoint "RevokeBias", Time since last: 2511871627 ns, Reaching safepoint: 128645 ns, At safepoint: 31413 ns, Total: 160058 ns
[2020-02-21T03:34:52.333+0000][1][safepoint    ] Safepoint "RevokeBias", Time since last: 2509326974 ns, Reaching safepoint: 101034 ns, At safepoint: 28987 ns, Total: 130021 ns
[2020-02-21T03:34:54.837+0000][1][safepoint    ] Safepoint "RevokeBias", Time since last: 2503414222 ns, Reaching safepoint: 164880 ns, At safepoint: 22822 ns, Total: 187702 ns
[2020-02-21T03:34:57.343+0000][1][safepoint    ] Safepoint "RevokeBias", Time since last: 2505891697 ns, Reaching safepoint: 79156 ns, At safepoint: 20301 ns, Total: 99457 ns
[2020-02-21T03:34:59.847+0000][1][safepoint    ] Safepoint "RevokeBias", Time since last: 2503812542 ns, Reaching safepoint: 74095 ns, At safepoint: 18109 ns, Total: 92204 ns
[2020-02-21T03:35:02.358+0000][1][safepoint    ] Safepoint "RevokeBias", Time since last: 2510910692 ns, Reaching safepoint: 70608 ns, At safepoint: 16633 ns, Total: 87241 ns
[2020-02-21T03:35:04.869+0000][1][safepoint    ] Safepoint "RevokeBias", Time since last: 2510914607 ns, Reaching safepoint: 117739 ns, At safepoint: 27106 ns, Total: 144845 ns
[2020-02-21T03:35:07.373+0000][1][safepoint    ] Safepoint "RevokeBias", Time since last: 2504132097 ns, Reaching safepoint: 96005 ns, At safepoint: 28057 ns, Total: 124062 ns
[2020-02-21T03:35:09.877+0000][1][safepoint    ] Safepoint "RevokeBias", Time since last: 2503514616 ns, Reaching safepoint: 72128 ns, At safepoint: 17166 ns, Total: 89294 ns
[2020-02-21T03:35:12.382+0000][1][safepoint    ] Safepoint "RevokeBias", Time since last: 2505101286 ns, Reaching safepoint: 71644 ns, At safepoint: 16995 ns, Total: 88639 ns
[2020-02-21T03:35:14.886+0000][1][safepoint    ] Safepoint "BulkRevokeBias", Time since last: 2503227218 ns, Reaching safepoint: 170933 ns, At safepoint: 196182 ns, Total: 367115 ns
[2020-02-21T03:35:17.388+0000][1][safepoint    ] Safepoint "RevokeBias", Time since last: 2502318221 ns, Reaching safepoint: 89200 ns, At safepoint: 22351 ns, Total: 111551 ns
[2020-02-21T03:35:19.899+0000][1][safepoint    ] Safepoint "RevokeBias", Time since last: 2511147332 ns, Reaching safepoint: 63716 ns, At safepoint: 17815 ns, Total: 81531 ns
[2020-02-21T03:35:22.412+0000][1][safepoint    ] Safepoint "RevokeBias", Time since last: 2512780309 ns, Reaching safepoint: 79511 ns, At safepoint: 19458 ns, Total: 98969 ns
[2020-02-21T03:35:24.915+0000][1][safepoint    ] Safepoint "RevokeBias", Time since last: 2502622744 ns, Reaching safepoint: 74041 ns, At safepoint: 17787 ns, Total: 91828 ns
[2020-02-21T03:35:27.422+0000][1][safepoint    ] Safepoint "RevokeBias", Time since last: 2507032460 ns, Reaching safepoint: 63963 ns, At safepoint: 17959 ns, Total: 81922 ns
[2020-02-21T03:35:29.928+0000][1][safepoint    ] Safepoint "RevokeBias", Time since last: 2505444075 ns, Reaching safepoint: 82950 ns, At safepoint: 50908 ns, Total: 133858 ns
[2020-02-21T03:35:32.444+0000][1][safepoint    ] Safepoint "RevokeBias", Time since last: 2516327405 ns, Reaching safepoint: 211306 ns, At safepoint: 31849 ns, Total: 243155 ns
[2020-02-21T03:35:34.956+0000][1][safepoint    ] Safepoint "RevokeBias", Time since last: 2511026750 ns, Reaching safepoint: 311232 ns, At safepoint: 47405 ns, Total: 358637 ns
[2020-02-21T03:35:37.464+0000][1][safepoint    ] Safepoint "RevokeBias", Time since last: 2508522904 ns, Reaching safepoint: 77807 ns, At safepoint: 51989 ns, Total: 129796 ns
[2020-02-21T03:35:39.968+0000][1][safepoint    ] Safepoint "RevokeBias", Time since last: 2504051003 ns, Reaching safepoint: 69125 ns, At safepoint: 16739 ns, Total: 85864 ns
[2020-02-21T03:35:42.497+0000][1][safepoint    ] Safepoint "RevokeBias", Time since last: 2528636112 ns, Reaching safepoint: 82564 ns, At safepoint: 23752 ns, Total: 106316 ns
[2020-02-21T03:35:45.006+0000][1][safepoint    ] Safepoint "RevokeBias", Time since last: 2509067933 ns, Reaching safepoint: 90388 ns, At safepoint: 22121 ns, Total: 112509 ns
[2020-02-21T03:35:47.514+0000][1][safepoint    ] Safepoint "RevokeBias", Time since last: 2507910800 ns, Reaching safepoint: 73855 ns, At safepoint: 18186 ns, Total: 92041 ns
[2020-02-21T03:35:50.019+0000][1][safepoint    ] Safepoint "RevokeBias", Time since last: 2504912803 ns, Reaching safepoint: 81754 ns, At safepoint: 20470 ns, Total: 102224 ns
[2020-02-21T03:35:52.024+0000][1][safepoint    ] Safepoint "Cleanup", Time since last: 2004787563 ns, Reaching safepoint: 83289 ns, At safepoint: 7905 ns, Total: 91194 ns
[2020-02-21T03:35:52.526+0000][1][safepoint    ] Safepoint "RevokeBias", Time since last: 502006382 ns, Reaching safepoint: 72036 ns, At safepoint: 16996 ns, Total: 89032 ns
[2020-02-21T03:35:55.029+0000][1][safepoint    ] Safepoint "RevokeBias", Time since last: 2502526048 ns, Reaching safepoint: 74607 ns, At safepoint: 17400 ns, Total: 92007 ns
[2020-02-21T03:35:57.533+0000][1][safepoint    ] Safepoint "RevokeBias", Time since last: 2504038888 ns, Reaching safepoint: 73700 ns, At safepoint: 62133 ns, Total: 135833 ns
[2020-02-21T03:36:00.038+0000][1][safepoint    ] Safepoint "RevokeBias", Time since last: 2504781446 ns, Reaching safepoint: 95274 ns, At safepoint: 24718 ns, Total: 119992 ns
[2020-02-21T03:36:02.548+0000][1][safepoint    ] Safepoint "RevokeBias", Time since last: 2509694686 ns, Reaching safepoint: 53472 ns, At safepoint: 15337 ns, Total: 68809 ns
[2020-02-21T03:36:05.060+0000][1][safepoint    ] Safepoint "RevokeBias", Time since last: 2511738275 ns, Reaching safepoint: 71514 ns, At safepoint: 17587 ns, Total: 89101 ns
[2020-02-21T03:36:07.572+0000][1][safepoint    ] Safepoint "RevokeBias", Time since last: 2512010593 ns, Reaching safepoint: 108055 ns, At safepoint: 27905 ns, Total: 135960 ns
[2020-02-21T03:36:10.079+0000][1][safepoint    ] Safepoint "RevokeBias", Time since last: 2507478468 ns, Reaching safepoint: 95645 ns, At safepoint: 48768 ns, Total: 144413 ns
[2020-02-21T03:36:12.586+0000][1][safepoint    ] Safepoint "RevokeBias", Time since last: 2506414296 ns, Reaching safepoint: 73574 ns, At safepoint: 17691 ns, Total: 91265 ns
[2020-02-21T03:36:15.107+0000][1][safepoint    ] Safepoint "RevokeBias", Time since last: 2521373746 ns, Reaching safepoint: 70935 ns, At safepoint: 18563 ns, Total: 89498 ns
[2020-02-21T03:36:17.620+0000][1][safepoint    ] Safepoint "RevokeBias", Time since last: 2512427023 ns, Reaching safepoint: 71287 ns, At safepoint: 17351 ns, Total: 88638 ns
[2020-02-21T03:36:20.125+0000][1][safepoint    ] Safepoint "RevokeBias", Time since last: 2504704766 ns, Reaching safepoint: 73039 ns, At safepoint: 17508 ns, Total: 90547 ns
[2020-02-21T03:36:22.631+0000][1][safepoint    ] Safepoint "RevokeBias", Time since last: 2506281002 ns, Reaching safepoint: 74478 ns, At safepoint: 17712 ns, Total: 92190 ns
[2020-02-21T03:36:25.134+0000][1][safepoint    ] Safepoint "RevokeBias", Time since last: 2503389124 ns, Reaching safepoint: 76574 ns, At safepoint: 18226 ns, Total: 94800 ns
[2020-02-21T03:36:27.642+0000][1][safepoint    ] Safepoint "BulkRevokeBias", Time since last: 2507031396 ns, Reaching safepoint: 70634 ns, At safepoint: 175346 ns, Total: 245980 ns
[2020-02-21T03:36:30.147+0000][1][safepoint    ] Safepoint "RevokeBias", Time since last: 2505398705 ns, Reaching safepoint: 71197 ns, At safepoint: 16647 ns, Total: 87844 ns
[2020-02-21T03:36:32.657+0000][1][safepoint    ] Safepoint "RevokeBias", Time since last: 2509882496 ns, Reaching safepoint: 70527 ns, At safepoint: 17867 ns, Total: 88394 ns
[2020-02-21T03:36:35.169+0000][1][safepoint    ] Safepoint "RevokeBias", Time since last: 2511440463 ns, Reaching safepoint: 70630 ns, At safepoint: 17209 ns, Total: 87839 ns
[2020-02-21T03:36:37.675+0000][1][safepoint    ] Safepoint "RevokeBias", Time since last: 2506353368 ns, Reaching safepoint: 70762 ns, At safepoint: 17309 ns, Total: 88071 ns
[2020-02-21T03:36:40.178+0000][1][safepoint    ] Safepoint "RevokeBias", Time since last: 2502649813 ns, Reaching safepoint: 72158 ns, At safepoint: 17231 ns, Total: 89389 ns
[2020-02-21T03:36:42.685+0000][1][safepoint    ] Safepoint "RevokeBias", Time since last: 2506870612 ns, Reaching safepoint: 159571 ns, At safepoint: 22645 ns, Total: 182216 ns
[2020-02-21T03:36:45.203+0000][1][safepoint    ] Safepoint "RevokeBias", Time since last: 2517990611 ns, Reaching safepoint: 117966 ns, At safepoint: 29263 ns, Total: 147229 ns
[2020-02-21T03:36:47.715+0000][1][safepoint    ] Safepoint "RevokeBias", Time since last: 2512251001 ns, Reaching safepoint: 94375 ns, At safepoint: 29209 ns, Total: 123584 ns
[2020-02-21T03:36:49.777+0000][1][gc,start     ] GC(86) Pause Young (Allocation Failure)
[2020-02-21T03:36:49.777+0000][1][gc,task      ] GC(86) Using 1 workers of 1 for evacuation
[2020-02-21T03:36:49.787+0000][1][gc,age       ] GC(86) Desired survivor size 4358144 bytes, new threshold 6 (max threshold 6)
[2020-02-21T03:36:49.787+0000][1][gc,age       ] GC(86) Age table with threshold 6 (max threshold 6)
[2020-02-21T03:36:49.787+0000][1][gc,age       ] GC(86) - age   1:      14464 bytes,      14464 total
[2020-02-21T03:36:49.787+0000][1][gc,age       ] GC(86) - age   2:        544 bytes,      15008 total
[2020-02-21T03:36:49.787+0000][1][gc,age       ] GC(86) - age   3:       1160 bytes,      16168 total
[2020-02-21T03:36:49.787+0000][1][gc,age       ] GC(86) - age   4:       1672 bytes,      17840 total
[2020-02-21T03:36:49.787+0000][1][gc,age       ] GC(86) - age   5:         72 bytes,      17912 total
[2020-02-21T03:36:49.787+0000][1][gc,age       ] GC(86) - age   6:        784 bytes,      18696 total
[2020-02-21T03:36:49.787+0000][1][gc,heap      ] GC(86) ParNew: 68189K->19K(76672K)
[2020-02-21T03:36:49.787+0000][1][gc,heap      ] GC(86) CMS: 62599K->62599K(963392K)
[2020-02-21T03:36:49.787+0000][1][gc,metaspace ] GC(86) Metaspace: 80062K->80062K(1122304K)
[2020-02-21T03:36:49.787+0000][1][gc           ] GC(86) Pause Young (Allocation Failure) 127M->61M(1015M) 10.208ms
[2020-02-21T03:36:49.787+0000][1][gc,cpu       ] GC(86) User=0.01s Sys=0.00s Real=0.01s
[2020-02-21T03:36:49.787+0000][1][safepoint    ] Safepoint "GenCollectForAllocation", Time since last: 2061294442 ns, Reaching safepoint: 105663 ns, At safepoint: 10260827 ns, Total: 10366490 ns
[2020-02-21T03:36:50.221+0000][1][safepoint    ] Safepoint "RevokeBias", Time since last: 433303539 ns, Reaching safepoint: 95301 ns, At safepoint: 24758 ns, Total: 120059 ns
[2020-02-21T03:36:52.728+0000][1][safepoint    ] Safepoint "RevokeBias", Time since last: 2507148885 ns, Reaching safepoint: 122210 ns, At safepoint: 57149 ns, Total: 179359 ns
[2020-02-21T03:36:55.231+0000][1][safepoint    ] Safepoint "RevokeBias", Time since last: 2503286673 ns, Reaching safepoint: 75852 ns, At safepoint: 18138 ns, Total: 93990 ns
[2020-02-21T03:36:57.738+0000][1][safepoint    ] Safepoint "RevokeBias", Time since last: 2506478937 ns, Reaching safepoint: 73412 ns, At safepoint: 17840 ns, Total: 91252 ns
[2020-02-21T03:37:00.242+0000][1][safepoint    ] Safepoint "RevokeBias", Time since last: 2504234643 ns, Reaching safepoint: 72363 ns, At safepoint: 17466 ns, Total: 89829 ns
[2020-02-21T03:37:02.246+0000][1][safepoint    ] Safepoint "Cleanup", Time since last: 2003997702 ns, Reaching safepoint: 99607 ns, At safepoint: 22493 ns, Total: 122100 ns
[2020-02-21T03:37:02.760+0000][1][safepoint    ] Safepoint "RevokeBias", Time since last: 513815460 ns, Reaching safepoint: 95942 ns, At safepoint: 128598 ns, Total: 224540 ns
[2020-02-21T03:37:05.270+0000][1][safepoint    ] Safepoint "RevokeBias", Time since last: 2509678772 ns, Reaching safepoint: 110149 ns, At safepoint: 17387 ns, Total: 127536 ns
[2020-02-21T03:37:07.777+0000][1][safepoint    ] Safepoint "RevokeBias", Time since last: 2506707762 ns, Reaching safepoint: 106278 ns, At safepoint: 20218 ns, Total: 126496 ns
[2020-02-21T03:37:10.279+0000][1][safepoint    ] Safepoint "RevokeBias", Time since last: 2502473294 ns, Reaching safepoint: 71013 ns, At safepoint: 16986 ns, Total: 87999 ns
[2020-02-21T03:37:12.784+0000][1][safepoint    ] Safepoint "RevokeBias", Time since last: 2504837494 ns, Reaching safepoint: 110929 ns, At safepoint: 17477 ns, Total: 128406 ns
[2020-02-21T03:37:15.294+0000][1][safepoint    ] Safepoint "RevokeBias", Time since last: 2509033845 ns, Reaching safepoint: 84767 ns, At safepoint: 24312 ns, Total: 109079 ns
[2020-02-21T03:37:17.800+0000][1][safepoint    ] Safepoint "RevokeBias", Time since last: 2506369281 ns, Reaching safepoint: 71017 ns, At safepoint: 17355 ns, Total: 88372 ns
[2020-02-21T03:37:20.304+0000][1][safepoint    ] Safepoint "RevokeBias", Time since last: 2503925617 ns, Reaching safepoint: 143063 ns, At safepoint: 20313 ns, Total: 163376 ns
[2020-02-21T03:37:22.810+0000][1][safepoint    ] Safepoint "RevokeBias", Time since last: 2505926973 ns, Reaching safepoint: 72920 ns, At safepoint: 36494 ns, Total: 109414 ns
[2020-02-21T03:37:25.314+0000][1][safepoint    ] Safepoint "RevokeBias", Time since last: 2503985042 ns, Reaching safepoint: 73860 ns, At safepoint: 17148 ns, Total: 91008 ns
[2020-02-21T03:37:27.821+0000][1][safepoint    ] Safepoint "RevokeBias", Time since last: 2506424525 ns, Reaching safepoint: 74032 ns, At safepoint: 18042 ns, Total: 92074 ns
[2020-02-21T03:37:30.326+0000][1][safepoint    ] Safepoint "RevokeBias", Time since last: 2504994216 ns, Reaching safepoint: 73103 ns, At safepoint: 84962 ns, Total: 158065 ns
[2020-02-21T03:37:32.836+0000][1][safepoint    ] Safepoint "RevokeBias", Time since last: 2510478836 ns, Reaching safepoint: 70053 ns, At safepoint: 17196 ns, Total: 87249 ns
[2020-02-21T03:37:35.346+0000][1][safepoint    ] Safepoint "RevokeBias", Time since last: 2509748084 ns, Reaching safepoint: 69904 ns, At safepoint: 16837 ns, Total: 86741 ns
[2020-02-21T03:37:37.852+0000][1][safepoint    ] Safepoint "RevokeBias", Time since last: 2505195144 ns, Reaching safepoint: 75618 ns, At safepoint: 17800 ns, Total: 93418 ns
[2020-02-21T03:37:40.354+0000][1][safepoint    ] Safepoint "BulkRevokeBias", Time since last: 2502018884 ns, Reaching safepoint: 72380 ns, At safepoint: 230387 ns, Total: 302767 ns
[2020-02-21T03:37:42.859+0000][1][safepoint    ] Safepoint "RevokeBias", Time since last: 2504691630 ns, Reaching safepoint: 156650 ns, At safepoint: 19271 ns, Total: 175921 ns
[2020-02-21T03:37:45.363+0000][1][safepoint    ] Safepoint "RevokeBias", Time since last: 2503651970 ns, Reaching safepoint: 87158 ns, At safepoint: 17867 ns, Total: 105025 ns
[2020-02-21T03:37:47.873+0000][1][safepoint    ] Safepoint "RevokeBias", Time since last: 2509170263 ns, Reaching safepoint: 1138689 ns, At safepoint: 22298 ns, Total: 1160987 ns
[2020-02-21T03:37:48.873+0000][1][safepoint    ] Safepoint "Cleanup", Time since last: 1000276655 ns, Reaching safepoint: 116199 ns, At safepoint: 8834 ns, Total: 125033 ns
[2020-02-21T03:37:50.382+0000][1][safepoint    ] Safepoint "RevokeBias", Time since last: 1508319577 ns, Reaching safepoint: 87251 ns, At safepoint: 20528 ns, Total: 107779 ns
[2020-02-21T03:37:52.892+0000][1][safepoint    ] Safepoint "RevokeBias", Time since last: 2510214278 ns, Reaching safepoint: 82556 ns, At safepoint: 20687 ns, Total: 103243 ns
[2020-02-21T03:37:55.395+0000][1][safepoint    ] Safepoint "RevokeBias", Time since last: 2502772340 ns, Reaching safepoint: 68827 ns, At safepoint: 17168 ns, Total: 85995 ns
[2020-02-21T03:37:57.902+0000][1][safepoint    ] Safepoint "RevokeBias", Time since last: 2506578917 ns, Reaching safepoint: 108646 ns, At safepoint: 28122 ns, Total: 136768 ns
[2020-02-21T03:37:59.902+0000][1][safepoint    ] Safepoint "Cleanup", Time since last: 2000687453 ns, Reaching safepoint: 120678 ns, At safepoint: 12599 ns, Total: 133277 ns
[2020-02-21T03:38:00.407+0000][1][safepoint    ] Safepoint "RevokeBias", Time since last: 504592632 ns, Reaching safepoint: 71804 ns, At safepoint: 17967 ns, Total: 89771 ns
[2020-02-21T03:38:02.930+0000][1][safepoint    ] Safepoint "RevokeBias", Time since last: 2522780946 ns, Reaching safepoint: 71705 ns, At safepoint: 17438 ns, Total: 89143 ns
[2020-02-21T03:38:05.440+0000][1][safepoint    ] Safepoint "RevokeBias", Time since last: 2510014928 ns, Reaching safepoint: 87087 ns, At safepoint: 21322 ns, Total: 108409 ns
[2020-02-21T03:38:07.946+0000][1][safepoint    ] Safepoint "RevokeBias", Time since last: 2506132581 ns, Reaching safepoint: 154487 ns, At safepoint: 18881 ns, Total: 173368 ns
[2020-02-21T03:38:10.450+0000][1][safepoint    ] Safepoint "RevokeBias", Time since last: 2503234706 ns, Reaching safepoint: 90379 ns, At safepoint: 21374 ns, Total: 111753 ns
[2020-02-21T03:38:12.956+0000][1][safepoint    ] Safepoint "RevokeBias", Time since last: 2505679155 ns, Reaching safepoint: 70020 ns, At safepoint: 16778 ns, Total: 86798 ns
[2020-02-21T03:38:15.459+0000][1][safepoint    ] Safepoint "RevokeBias", Time since last: 2502905835 ns, Reaching safepoint: 115066 ns, At safepoint: 22427 ns, Total: 137493 ns
[2020-02-21T03:38:17.961+0000][1][safepoint    ] Safepoint "RevokeBias", Time since last: 2502057292 ns, Reaching safepoint: 71335 ns, At safepoint: 90702 ns, Total: 162037 ns
[2020-02-21T03:38:20.473+0000][1][safepoint    ] Safepoint "RevokeBias", Time since last: 2511963573 ns, Reaching safepoint: 72238 ns, At safepoint: 17888 ns, Total: 90126 ns
[2020-02-21T03:38:22.987+0000][1][safepoint    ] Safepoint "RevokeBias", Time since last: 2514224686 ns, Reaching safepoint: 98813 ns, At safepoint: 25884 ns, Total: 124697 ns
[2020-02-21T03:38:25.491+0000][1][safepoint    ] Safepoint "RevokeBias", Time since last: 2503403855 ns, Reaching safepoint: 124937 ns, At safepoint: 24382 ns, Total: 149319 ns
[2020-02-21T03:38:27.996+0000][1][safepoint    ] Safepoint "RevokeBias", Time since last: 2504585385 ns, Reaching safepoint: 178792 ns, At safepoint: 30061 ns, Total: 208853 ns
[2020-02-21T03:38:30.501+0000][1][safepoint    ] Safepoint "RevokeBias", Time since last: 2505110426 ns, Reaching safepoint: 68848 ns, At safepoint: 17045 ns, Total: 85893 ns
[2020-02-21T03:38:33.013+0000][1][safepoint    ] Safepoint "RevokeBias", Time since last: 2512054673 ns, Reaching safepoint: 69584 ns, At safepoint: 16640 ns, Total: 86224 ns
[2020-02-21T03:38:35.522+0000][1][safepoint    ] Safepoint "RevokeBias", Time since last: 2509136725 ns, Reaching safepoint: 73785 ns, At safepoint: 18189 ns, Total: 91974 ns
[2020-02-21T03:38:38.026+0000][1][safepoint    ] Safepoint "RevokeBias", Time since last: 2504234840 ns, Reaching safepoint: 73241 ns, At safepoint: 17211 ns, Total: 90452 ns
[2020-02-21T03:38:40.529+0000][1][safepoint    ] Safepoint "RevokeBias", Time since last: 2502324761 ns, Reaching safepoint: 101533 ns, At safepoint: 23848 ns, Total: 125381 ns
[2020-02-21T03:38:43.034+0000][1][safepoint    ] Safepoint "RevokeBias", Time since last: 2505035675 ns, Reaching safepoint: 70461 ns, At safepoint: 17188 ns, Total: 87649 ns
[2020-02-21T03:38:45.537+0000][1][safepoint    ] Safepoint "RevokeBias", Time since last: 2502801122 ns, Reaching safepoint: 81581 ns, At safepoint: 20101 ns, Total: 101682 ns
[2020-02-21T03:38:48.041+0000][1][safepoint    ] Safepoint "RevokeBias", Time since last: 2503546549 ns, Reaching safepoint: 106968 ns, At safepoint: 24931 ns, Total: 131899 ns
[2020-02-21T03:38:50.551+0000][1][safepoint    ] Safepoint "RevokeBias", Time since last: 2510724015 ns, Reaching safepoint: 156754 ns, At safepoint: 21320 ns, Total: 178074 ns
[2020-02-21T03:38:53.061+0000][1][safepoint    ] Safepoint "BulkRevokeBias", Time since last: 2509638834 ns, Reaching safepoint: 119011 ns, At safepoint: 184590 ns, Total: 303601 ns
[2020-02-21T03:38:55.564+0000][1][safepoint    ] Safepoint "RevokeBias", Time since last: 2502755133 ns, Reaching safepoint: 73782 ns, At safepoint: 18292 ns, Total: 92074 ns
[2020-02-21T03:38:58.070+0000][1][safepoint    ] Safepoint "RevokeBias", Time since last: 2505800952 ns, Reaching safepoint: 73168 ns, At safepoint: 17403 ns, Total: 90571 ns
[2020-02-21T03:39:00.573+0000][1][safepoint    ] Safepoint "RevokeBias", Time since last: 2502794278 ns, Reaching safepoint: 74243 ns, At safepoint: 17833 ns, Total: 92076 ns
[2020-02-21T03:39:03.076+0000][1][safepoint    ] Safepoint "RevokeBias", Time since last: 2503173563 ns, Reaching safepoint: 200942 ns, At safepoint: 20400 ns, Total: 221342 ns
[2020-02-21T03:39:05.583+0000][1][safepoint    ] Safepoint "RevokeBias", Time since last: 2506329107 ns, Reaching safepoint: 79315 ns, At safepoint: 20767 ns, Total: 100082 ns
[2020-02-21T03:39:08.098+0000][1][safepoint    ] Safepoint "RevokeBias", Time since last: 2514927906 ns, Reaching safepoint: 72500 ns, At safepoint: 18395 ns, Total: 90895 ns
[2020-02-21T03:39:09.898+0000][1][gc,start     ] GC(87) Pause Young (Allocation Failure)
[2020-02-21T03:39:09.898+0000][1][gc,task      ] GC(87) Using 1 workers of 1 for evacuation
[2020-02-21T03:39:09.908+0000][1][gc,age       ] GC(87) Desired survivor size 4358144 bytes, new threshold 6 (max threshold 6)
[2020-02-21T03:39:09.908+0000][1][gc,age       ] GC(87) Age table with threshold 6 (max threshold 6)
[2020-02-21T03:39:09.908+0000][1][gc,age       ] GC(87) - age   1:      12896 bytes,      12896 total
[2020-02-21T03:39:09.908+0000][1][gc,age       ] GC(87) - age   2:       1704 bytes,      14600 total
[2020-02-21T03:39:09.908+0000][1][gc,age       ] GC(87) - age   3:        424 bytes,      15024 total
[2020-02-21T03:39:09.908+0000][1][gc,age       ] GC(87) - age   4:       1160 bytes,      16184 total
[2020-02-21T03:39:09.908+0000][1][gc,age       ] GC(87) - age   5:       1672 bytes,      17856 total
[2020-02-21T03:39:09.908+0000][1][gc,age       ] GC(87) - age   6:         72 bytes,      17928 total
[2020-02-21T03:39:09.908+0000][1][gc,heap      ] GC(87) ParNew: 68179K->32K(76672K)
[2020-02-21T03:39:09.908+0000][1][gc,heap      ] GC(87) CMS: 62599K->62600K(963392K)
[2020-02-21T03:39:09.908+0000][1][gc,metaspace ] GC(87) Metaspace: 80064K->80064K(1122304K)
[2020-02-21T03:39:09.908+0000][1][gc           ] GC(87) Pause Young (Allocation Failure) 127M->61M(1015M) 10.495ms
[2020-02-21T03:39:09.908+0000][1][gc,cpu       ] GC(87) User=0.01s Sys=0.00s Real=0.01s
[2020-02-21T03:39:09.908+0000][1][safepoint    ] Safepoint "GenCollectForAllocation", Time since last: 1799906387 ns, Reaching safepoint: 74098 ns, At safepoint: 10545494 ns, Total: 10619592 ns
[2020-02-21T03:39:10.613+0000][1][safepoint    ] Safepoint "RevokeBias", Time since last: 703999282 ns, Reaching safepoint: 75463 ns, At safepoint: 16762 ns, Total: 92225 ns
[2020-02-21T03:39:13.126+0000][1][safepoint    ] Safepoint "RevokeBias", Time since last: 2513317519 ns, Reaching safepoint: 72807 ns, At safepoint: 17265 ns, Total: 90072 ns
[2020-02-21T03:39:15.646+0000][1][safepoint    ] Safepoint "RevokeBias", Time since last: 2513888973 ns, Reaching safepoint: 5936610 ns, At safepoint: 34105 ns, Total: 5970715 ns
[2020-02-21T03:39:18.147+0000][1][safepoint    ] Safepoint "RevokeBias", Time since last: 2501396496 ns, Reaching safepoint: 99581 ns, At safepoint: 24909 ns, Total: 124490 ns
[2020-02-21T03:39:20.655+0000][1][safepoint    ] Safepoint "RevokeBias", Time since last: 2506881834 ns, Reaching safepoint: 384022 ns, At safepoint: 132988 ns, Total: 517010 ns
[2020-02-21T03:39:22.656+0000][1][safepoint    ] Safepoint "Cleanup", Time since last: 2001483677 ns, Reaching safepoint: 87557 ns, At safepoint: 7917 ns, Total: 95474 ns
[2020-02-21T03:39:23.160+0000][1][safepoint    ] Safepoint "RevokeBias", Time since last: 503921218 ns, Reaching safepoint: 70581 ns, At safepoint: 17962 ns, Total: 88543 ns
[2020-02-21T03:39:25.663+0000][1][safepoint    ] Safepoint "RevokeBias", Time since last: 2502870298 ns, Reaching safepoint: 74109 ns, At safepoint: 18129 ns, Total: 92238 ns
[2020-02-21T03:39:28.170+0000][1][safepoint    ] Safepoint "RevokeBias", Time since last: 2506447946 ns, Reaching safepoint: 101372 ns, At safepoint: 32067 ns, Total: 133439 ns
[2020-02-21T03:39:30.676+0000][1][safepoint    ] Safepoint "RevokeBias", Time since last: 2505970446 ns, Reaching safepoint: 140990 ns, At safepoint: 19841 ns, Total: 160831 ns
[2020-02-21T03:39:32.676+0000][1][safepoint    ] Safepoint "Cleanup", Time since last: 2000305858 ns, Reaching safepoint: 85227 ns, At safepoint: 7147 ns, Total: 92374 ns
[2020-02-21T03:39:33.190+0000][1][safepoint    ] Safepoint "RevokeBias", Time since last: 513684228 ns, Reaching safepoint: 91916 ns, At safepoint: 24152 ns, Total: 116068 ns
[2020-02-21T03:39:35.704+0000][1][safepoint    ] Safepoint "RevokeBias", Time since last: 2513174445 ns, Reaching safepoint: 169374 ns, At safepoint: 37976 ns, Total: 207350 ns
[2020-02-21T03:39:38.209+0000][1][safepoint    ] Safepoint "RevokeBias", Time since last: 2505195233 ns, Reaching safepoint: 118825 ns, At safepoint: 18068 ns, Total: 136893 ns
[2020-02-21T03:39:40.727+0000][1][safepoint    ] Safepoint "RevokeBias", Time since last: 2517917657 ns, Reaching safepoint: 174331 ns, At safepoint: 32367 ns, Total: 206698 ns
[2020-02-21T03:39:41.727+0000][1][safepoint    ] Safepoint "Cleanup", Time since last: 1000220088 ns, Reaching safepoint: 94455 ns, At safepoint: 8790 ns, Total: 103245 ns
[2020-02-21T03:39:43.235+0000][1][safepoint    ] Safepoint "RevokeBias", Time since last: 1507689159 ns, Reaching safepoint: 90419 ns, At safepoint: 16978 ns, Total: 107397 ns
[2020-02-21T03:39:45.755+0000][1][safepoint    ] Safepoint "RevokeBias", Time since last: 2519304126 ns, Reaching safepoint: 72930 ns, At safepoint: 17339 ns, Total: 90269 ns
[2020-02-21T03:39:48.263+0000][1][safepoint    ] Safepoint "RevokeBias", Time since last: 2508666718 ns, Reaching safepoint: 70862 ns, At safepoint: 17633 ns, Total: 88495 ns
[2020-02-21T03:39:50.768+0000][1][safepoint    ] Safepoint "RevokeBias", Time since last: 2504715669 ns, Reaching safepoint: 87498 ns, At safepoint: 20571 ns, Total: 108069 ns
[2020-02-21T03:39:53.274+0000][1][safepoint    ] Safepoint "RevokeBias", Time since last: 2505616610 ns, Reaching safepoint: 124885 ns, At safepoint: 54192 ns, Total: 179077 ns
[2020-02-21T03:39:55.779+0000][1][safepoint    ] Safepoint "RevokeBias", Time since last: 2505123233 ns, Reaching safepoint: 73046 ns, At safepoint: 17876 ns, Total: 90922 ns
[2020-02-21T03:39:58.285+0000][1][safepoint    ] Safepoint "RevokeBias", Time since last: 2506157991 ns, Reaching safepoint: 68962 ns, At safepoint: 17613 ns, Total: 86575 ns
[2020-02-21T03:40:00.791+0000][1][safepoint    ] Safepoint "RevokeBias", Time since last: 2505324730 ns, Reaching safepoint: 122849 ns, At safepoint: 21606 ns, Total: 144455 ns
[2020-02-21T03:40:03.303+0000][1][safepoint    ] Safepoint "RevokeBias", Time since last: 2512220194 ns, Reaching safepoint: 76771 ns, At safepoint: 17549 ns, Total: 94320 ns
[2020-02-21T03:40:05.814+0000][1][safepoint    ] Safepoint "BulkRevokeBias", Time since last: 2510073700 ns, Reaching safepoint: 137329 ns, At safepoint: 202982 ns, Total: 340311 ns
[2020-02-21T03:40:08.320+0000][1][safepoint    ] Safepoint "RevokeBias", Time since last: 2506718282 ns, Reaching safepoint: 123786 ns, At safepoint: 16801 ns, Total: 140587 ns
[2020-02-21T03:40:10.825+0000][1][safepoint    ] Safepoint "RevokeBias", Time since last: 2504283470 ns, Reaching safepoint: 86302 ns, At safepoint: 19593 ns, Total: 105895 ns
[2020-02-21T03:40:13.331+0000][1][safepoint    ] Safepoint "RevokeBias", Time since last: 2506419211 ns, Reaching safepoint: 71045 ns, At safepoint: 17220 ns, Total: 88265 ns
[2020-02-21T03:40:15.841+0000][1][safepoint    ] Safepoint "RevokeBias", Time since last: 2509476222 ns, Reaching safepoint: 54067 ns, At safepoint: 28828 ns, Total: 82895 ns
[2020-02-21T03:40:18.349+0000][1][safepoint    ] Safepoint "RevokeBias", Time since last: 2507732157 ns, Reaching safepoint: 75050 ns, At safepoint: 17033 ns, Total: 92083 ns
[2020-02-21T03:40:20.853+0000][1][safepoint    ] Safepoint "RevokeBias", Time since last: 2503717407 ns, Reaching safepoint: 110528 ns, At safepoint: 18772 ns, Total: 129300 ns
[2020-02-21T03:40:23.358+0000][1][safepoint    ] Safepoint "RevokeBias", Time since last: 2505184645 ns, Reaching safepoint: 169989 ns, At safepoint: 19901 ns, Total: 189890 ns
[2020-02-21T03:40:25.861+0000][1][safepoint    ] Safepoint "RevokeBias", Time since last: 2503246242 ns, Reaching safepoint: 71939 ns, At safepoint: 17414 ns, Total: 89353 ns
[2020-02-21T03:40:28.364+0000][1][safepoint    ] Safepoint "RevokeBias", Time since last: 2502965036 ns, Reaching safepoint: 70410 ns, At safepoint: 16835 ns, Total: 87245 ns
[2020-02-21T03:40:30.869+0000][1][safepoint    ] Safepoint "RevokeBias", Time since last: 2504467591 ns, Reaching safepoint: 114441 ns, At safepoint: 25916 ns, Total: 140357 ns
[2020-02-21T03:40:33.382+0000][1][safepoint    ] Safepoint "RevokeBias", Time since last: 2512876302 ns, Reaching safepoint: 137168 ns, At safepoint: 20634 ns, Total: 157802 ns
[2020-02-21T03:40:35.891+0000][1][safepoint    ] Safepoint "RevokeBias", Time since last: 2508621183 ns, Reaching safepoint: 70997 ns, At safepoint: 17622 ns, Total: 88619 ns
[2020-02-21T03:40:38.395+0000][1][safepoint    ] Safepoint "RevokeBias", Time since last: 2504073823 ns, Reaching safepoint: 70334 ns, At safepoint: 47266 ns, Total: 117600 ns
[2020-02-21T03:40:40.900+0000][1][safepoint    ] Safepoint "RevokeBias", Time since last: 2504886822 ns, Reaching safepoint: 121216 ns, At safepoint: 21748 ns, Total: 142964 ns
[2020-02-21T03:40:43.405+0000][1][safepoint    ] Safepoint "RevokeBias", Time since last: 2505427920 ns, Reaching safepoint: 165806 ns, At safepoint: 20062 ns, Total: 185868 ns
[2020-02-21T03:40:45.921+0000][1][safepoint    ] Safepoint "RevokeBias", Time since last: 2515762845 ns, Reaching safepoint: 106569 ns, At safepoint: 65914 ns, Total: 172483 ns
[2020-02-21T03:40:48.430+0000][1][safepoint    ] Safepoint "RevokeBias", Time since last: 2508570971 ns, Reaching safepoint: 71291 ns, At safepoint: 17342 ns, Total: 88633 ns
[2020-02-21T03:40:50.933+0000][1][safepoint    ] Safepoint "RevokeBias", Time since last: 2502858264 ns, Reaching safepoint: 83487 ns, At safepoint: 20886 ns, Total: 104373 ns
[2020-02-21T03:40:53.439+0000][1][safepoint    ] Safepoint "RevokeBias", Time since last: 2505835873 ns, Reaching safepoint: 70277 ns, At safepoint: 17085 ns, Total: 87362 ns
[2020-02-21T03:40:55.943+0000][1][safepoint    ] Safepoint "RevokeBias", Time since last: 2504415195 ns, Reaching safepoint: 69084 ns, At safepoint: 16309 ns, Total: 85393 ns
[2020-02-21T03:40:58.449+0000][1][safepoint    ] Safepoint "RevokeBias", Time since last: 2505870095 ns, Reaching safepoint: 77542 ns, At safepoint: 19424 ns, Total: 96966 ns
[2020-02-21T03:41:00.955+0000][1][safepoint    ] Safepoint "RevokeBias", Time since last: 2505272642 ns, Reaching safepoint: 125285 ns, At safepoint: 21334 ns, Total: 146619 ns
[2020-02-21T03:41:02.849+0000][1][safepoint    ] Safepoint "Cleanup", Time since last: 1894115510 ns, Reaching safepoint: 113185 ns, At safepoint: 7889 ns, Total: 121074 ns
[2020-02-21T03:41:03.466+0000][1][safepoint    ] Safepoint "RevokeBias", Time since last: 617015465 ns, Reaching safepoint: 89007 ns, At safepoint: 18647 ns, Total: 107654 ns
[2020-02-21T03:41:05.978+0000][1][safepoint    ] Safepoint "RevokeBias", Time since last: 2511691407 ns, Reaching safepoint: 124726 ns, At safepoint: 35016 ns, Total: 159742 ns
[2020-02-21T03:41:08.482+0000][1][safepoint    ] Safepoint "RevokeBias", Time since last: 2504326654 ns, Reaching safepoint: 71355 ns, At safepoint: 17460 ns, Total: 88815 ns
[2020-02-21T03:41:11.122+0000][1][safepoint    ] Safepoint "RevokeBias", Time since last: 2639796067 ns, Reaching safepoint: 72661 ns, At safepoint: 18077 ns, Total: 90738 ns
[2020-02-21T03:41:13.630+0000][1][safepoint    ] Safepoint "RevokeBias", Time since last: 2507817432 ns, Reaching safepoint: 107347 ns, At safepoint: 16890 ns, Total: 124237 ns
[2020-02-21T03:41:16.133+0000][1][safepoint    ] Safepoint "RevokeBias", Time since last: 2502728039 ns, Reaching safepoint: 140214 ns, At safepoint: 24072 ns, Total: 164286 ns
[2020-02-21T03:41:18.640+0000][1][safepoint    ] Safepoint "BulkRevokeBias", Time since last: 2506006996 ns, Reaching safepoint: 72344 ns, At safepoint: 313102 ns, Total: 385446 ns
[2020-02-21T03:41:21.151+0000][1][safepoint    ] Safepoint "RevokeBias", Time since last: 2511661103 ns, Reaching safepoint: 144421 ns, At safepoint: 60275 ns, Total: 204696 ns
[2020-02-21T03:41:23.662+0000][1][safepoint    ] Safepoint "RevokeBias", Time since last: 2510779110 ns, Reaching safepoint: 175939 ns, At safepoint: 65938 ns, Total: 241877 ns
[2020-02-21T03:41:26.166+0000][1][safepoint    ] Safepoint "RevokeBias", Time since last: 2503223604 ns, Reaching safepoint: 69551 ns, At safepoint: 17004 ns, Total: 86555 ns
[2020-02-21T03:41:28.671+0000][1][safepoint    ] Safepoint "RevokeBias", Time since last: 2505335762 ns, Reaching safepoint: 73499 ns, At safepoint: 17603 ns, Total: 91102 ns
[2020-02-21T03:41:30.017+0000][1][gc,start     ] GC(88) Pause Young (Allocation Failure)
[2020-02-21T03:41:30.017+0000][1][gc,task      ] GC(88) Using 1 workers of 1 for evacuation
[2020-02-21T03:41:30.027+0000][1][gc,age       ] GC(88) Desired survivor size 4358144 bytes, new threshold 6 (max threshold 6)
[2020-02-21T03:41:30.027+0000][1][gc,age       ] GC(88) Age table with threshold 6 (max threshold 6)
[2020-02-21T03:41:30.027+0000][1][gc,age       ] GC(88) - age   1:      11752 bytes,      11752 total
[2020-02-21T03:41:30.027+0000][1][gc,age       ] GC(88) - age   2:        120 bytes,      11872 total
[2020-02-21T03:41:30.027+0000][1][gc,age       ] GC(88) - age   3:       1704 bytes,      13576 total
[2020-02-21T03:41:30.027+0000][1][gc,age       ] GC(88) - age   4:        424 bytes,      14000 total
[2020-02-21T03:41:30.027+0000][1][gc,age       ] GC(88) - age   5:       1160 bytes,      15160 total
[2020-02-21T03:41:30.027+0000][1][gc,age       ] GC(88) - age   6:       1672 bytes,      16832 total
[2020-02-21T03:41:30.027+0000][1][gc,heap      ] GC(88) ParNew: 68192K->21K(76672K)
[2020-02-21T03:41:30.027+0000][1][gc,heap      ] GC(88) CMS: 62600K->62600K(963392K)
[2020-02-21T03:41:30.027+0000][1][gc,metaspace ] GC(88) Metaspace: 80064K->80064K(1122304K)
[2020-02-21T03:41:30.027+0000][1][gc           ] GC(88) Pause Young (Allocation Failure) 127M->61M(1015M) 10.275ms
[2020-02-21T03:41:30.027+0000][1][gc,cpu       ] GC(88) User=0.01s Sys=0.00s Real=0.01s
[2020-02-21T03:41:30.027+0000][1][safepoint    ] Safepoint "GenCollectForAllocation", Time since last: 1345780210 ns, Reaching safepoint: 74959 ns, At safepoint: 10342807 ns, Total: 10417766 ns
[2020-02-21T03:41:31.178+0000][1][safepoint    ] Safepoint "RevokeBias", Time since last: 1150650126 ns, Reaching safepoint: 86440 ns, At safepoint: 20356 ns, Total: 106796 ns
[2020-02-21T03:41:33.692+0000][1][safepoint    ] Safepoint "RevokeBias", Time since last: 2513670547 ns, Reaching safepoint: 72110 ns, At safepoint: 17611 ns, Total: 89721 ns
[2020-02-21T03:41:36.203+0000][1][safepoint    ] Safepoint "RevokeBias", Time since last: 2511388831 ns, Reaching safepoint: 79769 ns, At safepoint: 19908 ns, Total: 99677 ns
[2020-02-21T03:41:38.707+0000][1][safepoint    ] Safepoint "RevokeBias", Time since last: 2503402221 ns, Reaching safepoint: 81735 ns, At safepoint: 20095 ns, Total: 101830 ns
[2020-02-21T03:41:41.210+0000][1][safepoint    ] Safepoint "RevokeBias", Time since last: 2503000322 ns, Reaching safepoint: 68729 ns, At safepoint: 16520 ns, Total: 85249 ns
[2020-02-21T03:41:43.717+0000][1][safepoint    ] Safepoint "RevokeBias", Time since last: 2506937805 ns, Reaching safepoint: 69208 ns, At safepoint: 17324 ns, Total: 86532 ns
[2020-02-21T03:41:46.221+0000][1][safepoint    ] Safepoint "RevokeBias", Time since last: 2503480703 ns, Reaching safepoint: 70390 ns, At safepoint: 16733 ns, Total: 87123 ns
[2020-02-21T03:41:48.725+0000][1][safepoint    ] Safepoint "RevokeBias", Time since last: 2504051257 ns, Reaching safepoint: 141156 ns, At safepoint: 33503 ns, Total: 174659 ns
[2020-02-21T03:41:51.237+0000][1][safepoint    ] Safepoint "RevokeBias", Time since last: 2512432871 ns, Reaching safepoint: 72449 ns, At safepoint: 17571 ns, Total: 90020 ns
[2020-02-21T03:41:52.239+0000][1][safepoint    ] Safepoint "Cleanup", Time since last: 1001134802 ns, Reaching safepoint: 99675 ns, At safepoint: 8946 ns, Total: 108621 ns
[2020-02-21T03:41:53.752+0000][1][safepoint    ] Safepoint "RevokeBias", Time since last: 1513727868 ns, Reaching safepoint: 102337 ns, At safepoint: 18467 ns, Total: 120804 ns
[2020-02-21T03:41:55.753+0000][1][safepoint    ] Safepoint "Cleanup", Time since last: 2000736094 ns, Reaching safepoint: 111771 ns, At safepoint: 28965 ns, Total: 140736 ns
[2020-02-21T03:41:56.257+0000][1][safepoint    ] Safepoint "RevokeBias", Time since last: 503170910 ns, Reaching safepoint: 72448 ns, At safepoint: 17671 ns, Total: 90119 ns
[2020-02-21T03:41:58.762+0000][1][safepoint    ] Safepoint "RevokeBias", Time since last: 2505156166 ns, Reaching safepoint: 85042 ns, At safepoint: 23061 ns, Total: 108103 ns
[2020-02-21T03:42:01.269+0000][1][safepoint    ] Safepoint "RevokeBias", Time since last: 2507288768 ns, Reaching safepoint: 86883 ns, At safepoint: 20774 ns, Total: 107657 ns
[2020-02-21T03:42:03.774+0000][1][safepoint    ] Safepoint "RevokeBias", Time since last: 2504238661 ns, Reaching safepoint: 150374 ns, At safepoint: 75914 ns, Total: 226288 ns
[2020-02-21T03:42:06.278+0000][1][safepoint    ] Safepoint "RevokeBias", Time since last: 2503927766 ns, Reaching safepoint: 70206 ns, At safepoint: 16869 ns, Total: 87075 ns
[2020-02-21T03:42:08.797+0000][1][safepoint    ] Safepoint "RevokeBias", Time since last: 2518802072 ns, Reaching safepoint: 73637 ns, At safepoint: 17305 ns, Total: 90942 ns
[2020-02-21T03:42:11.311+0000][1][safepoint    ] Safepoint "RevokeBias", Time since last: 2514708344 ns, Reaching safepoint: 89649 ns, At safepoint: 20891 ns, Total: 110540 ns
[2020-02-21T03:42:12.312+0000][1][safepoint    ] Safepoint "Cleanup", Time since last: 1000554693 ns, Reaching safepoint: 175570 ns, At safepoint: 19475 ns, Total: 195045 ns
[2020-02-21T03:42:13.818+0000][1][safepoint    ] Safepoint "RevokeBias", Time since last: 1505568920 ns, Reaching safepoint: 133740 ns, At safepoint: 22081 ns, Total: 155821 ns
[2020-02-21T03:42:16.322+0000][1][safepoint    ] Safepoint "RevokeBias", Time since last: 2504166145 ns, Reaching safepoint: 93022 ns, At safepoint: 19362 ns, Total: 112384 ns
[2020-02-21T03:42:18.825+0000][1][safepoint    ] Safepoint "RevokeBias", Time since last: 2502366044 ns, Reaching safepoint: 70672 ns, At safepoint: 17058 ns, Total: 87730 ns
[2020-02-21T03:42:21.337+0000][1][safepoint    ] Safepoint "RevokeBias", Time since last: 2511858392 ns, Reaching safepoint: 169378 ns, At safepoint: 72434 ns, Total: 241812 ns
[2020-02-21T03:42:23.847+0000][1][safepoint    ] Safepoint "RevokeBias", Time since last: 2509998245 ns, Reaching safepoint: 140335 ns, At safepoint: 27860 ns, Total: 168195 ns
[2020-02-21T03:42:26.350+0000][1][safepoint    ] Safepoint "RevokeBias", Time since last: 2502973137 ns, Reaching safepoint: 75413 ns, At safepoint: 19202 ns, Total: 94615 ns
[2020-02-21T03:42:28.856+0000][1][safepoint    ] Safepoint "RevokeBias", Time since last: 2505588871 ns, Reaching safepoint: 72553 ns, At safepoint: 17195 ns, Total: 89748 ns
[2020-02-21T03:42:31.360+0000][1][safepoint    ] Safepoint "BulkRevokeBias", Time since last: 2504451147 ns, Reaching safepoint: 56596 ns, At safepoint: 155273 ns, Total: 211869 ns
[2020-02-21T03:42:33.864+0000][1][safepoint    ] Safepoint "RevokeBias", Time since last: 2503088950 ns, Reaching safepoint: 111883 ns, At safepoint: 28033 ns, Total: 139916 ns
[2020-02-21T03:42:36.369+0000][1][safepoint    ] Safepoint "RevokeBias", Time since last: 2504987502 ns, Reaching safepoint: 77716 ns, At safepoint: 28760 ns, Total: 106476 ns
[2020-02-21T03:42:38.883+0000][1][safepoint    ] Safepoint "RevokeBias", Time since last: 2514582141 ns, Reaching safepoint: 71506 ns, At safepoint: 17402 ns, Total: 88908 ns
[2020-02-21T03:42:41.394+0000][1][safepoint    ] Safepoint "RevokeBias", Time since last: 2510020750 ns, Reaching safepoint: 172623 ns, At safepoint: 26928 ns, Total: 199551 ns
[2020-02-21T03:42:43.897+0000][1][safepoint    ] Safepoint "RevokeBias", Time since last: 2503692579 ns, Reaching safepoint: 71119 ns, At safepoint: 16584 ns, Total: 87703 ns
[2020-02-21T03:42:46.404+0000][1][safepoint    ] Safepoint "RevokeBias", Time since last: 2506624309 ns, Reaching safepoint: 93733 ns, At safepoint: 20034 ns, Total: 113767 ns
[2020-02-21T03:42:48.909+0000][1][safepoint    ] Safepoint "RevokeBias", Time since last: 2504745997 ns, Reaching safepoint: 71988 ns, At safepoint: 17631 ns, Total: 89619 ns
[2020-02-21T03:42:51.427+0000][1][safepoint    ] Safepoint "RevokeBias", Time since last: 2518124655 ns, Reaching safepoint: 69616 ns, At safepoint: 16668 ns, Total: 86284 ns
[2020-02-21T03:42:53.936+0000][1][safepoint    ] Safepoint "RevokeBias", Time since last: 2508284898 ns, Reaching safepoint: 107654 ns, At safepoint: 32237 ns, Total: 139891 ns
[2020-02-21T03:42:56.449+0000][1][safepoint    ] Safepoint "RevokeBias", Time since last: 2513482802 ns, Reaching safepoint: 73229 ns, At safepoint: 17383 ns, Total: 90612 ns
[2020-02-21T03:42:58.958+0000][1][safepoint    ] Safepoint "RevokeBias", Time since last: 2508643429 ns, Reaching safepoint: 235439 ns, At safepoint: 47415 ns, Total: 282854 ns
[2020-02-21T03:43:01.463+0000][1][safepoint    ] Safepoint "RevokeBias", Time since last: 2505196192 ns, Reaching safepoint: 82113 ns, At safepoint: 20130 ns, Total: 102243 ns
[2020-02-21T03:43:03.979+0000][1][safepoint    ] Safepoint "RevokeBias", Time since last: 2515679588 ns, Reaching safepoint: 74146 ns, At safepoint: 17911 ns, Total: 92057 ns
[2020-02-21T03:43:05.555+0000][1][safepoint    ] Safepoint "Cleanup", Time since last: 1576135269 ns, Reaching safepoint: 207312 ns, At safepoint: 6462 ns, Total: 213774 ns
[2020-02-21T03:43:06.491+0000][1][safepoint    ] Safepoint "RevokeBias", Time since last: 935527251 ns, Reaching safepoint: 70587 ns, At safepoint: 17140 ns, Total: 87727 ns
[2020-02-21T03:43:08.996+0000][1][safepoint    ] Safepoint "RevokeBias", Time since last: 2505205471 ns, Reaching safepoint: 78929 ns, At safepoint: 87315 ns, Total: 166244 ns
[2020-02-21T03:43:11.501+0000][1][safepoint    ] Safepoint "RevokeBias", Time since last: 2504187083 ns, Reaching safepoint: 68449 ns, At safepoint: 17093 ns, Total: 85542 ns
[2020-02-21T03:43:14.005+0000][1][safepoint    ] Safepoint "RevokeBias", Time since last: 2504103983 ns, Reaching safepoint: 73447 ns, At safepoint: 17702 ns, Total: 91149 ns
[2020-02-21T03:43:16.524+0000][1][safepoint    ] Safepoint "RevokeBias", Time since last: 2518991896 ns, Reaching safepoint: 93878 ns, At safepoint: 81901 ns, Total: 175779 ns
[2020-02-21T03:43:19.035+0000][1][safepoint    ] Safepoint "RevokeBias", Time since last: 2511334026 ns, Reaching safepoint: 70814 ns, At safepoint: 17310 ns, Total: 88124 ns
[2020-02-21T03:43:21.539+0000][1][safepoint    ] Safepoint "RevokeBias", Time since last: 2503819535 ns, Reaching safepoint: 85225 ns, At safepoint: 20561 ns, Total: 105786 ns
[2020-02-21T03:43:24.045+0000][1][safepoint    ] Safepoint "RevokeBias", Time since last: 2505883339 ns, Reaching safepoint: 77653 ns, At safepoint: 19198 ns, Total: 96851 ns
[2020-02-21T03:43:26.550+0000][1][safepoint    ] Safepoint "RevokeBias", Time since last: 2504282907 ns, Reaching safepoint: 100937 ns, At safepoint: 26552 ns, Total: 127489 ns
[2020-02-21T03:43:29.060+0000][1][safepoint    ] Safepoint "RevokeBias", Time since last: 2509634323 ns, Reaching safepoint: 75950 ns, At safepoint: 19228 ns, Total: 95178 ns
[2020-02-21T03:43:31.570+0000][1][safepoint    ] Safepoint "RevokeBias", Time since last: 2510815330 ns, Reaching safepoint: 72506 ns, At safepoint: 17188 ns, Total: 89694 ns
[2020-02-21T03:43:34.073+0000][1][safepoint    ] Safepoint "RevokeBias", Time since last: 2502703538 ns, Reaching safepoint: 72423 ns, At safepoint: 17840 ns, Total: 90263 ns
[2020-02-21T03:43:36.579+0000][1][safepoint    ] Safepoint "RevokeBias", Time since last: 2505814301 ns, Reaching safepoint: 71489 ns, At safepoint: 17431 ns, Total: 88920 ns
[2020-02-21T03:43:39.083+0000][1][safepoint    ] Safepoint "RevokeBias", Time since last: 2503685049 ns, Reaching safepoint: 69041 ns, At safepoint: 16583 ns, Total: 85624 ns
[2020-02-21T03:43:41.587+0000][1][safepoint    ] Safepoint "RevokeBias", Time since last: 2504080173 ns, Reaching safepoint: 120084 ns, At safepoint: 17898 ns, Total: 137982 ns
[2020-02-21T03:43:44.092+0000][1][safepoint    ] Safepoint "BulkRevokeBias", Time since last: 2504442574 ns, Reaching safepoint: 118219 ns, At safepoint: 297879 ns, Total: 416098 ns
[2020-02-21T03:43:46.604+0000][1][safepoint    ] Safepoint "RevokeBias", Time since last: 2512203492 ns, Reaching safepoint: 130152 ns, At safepoint: 22488 ns, Total: 152640 ns
[2020-02-21T03:43:49.112+0000][1][safepoint    ] Safepoint "RevokeBias", Time since last: 2507717357 ns, Reaching safepoint: 70111 ns, At safepoint: 16970 ns, Total: 87081 ns
[2020-02-21T03:43:50.110+0000][1][gc,start     ] GC(89) Pause Young (Allocation Failure)
[2020-02-21T03:43:50.110+0000][1][gc,task      ] GC(89) Using 1 workers of 1 for evacuation
[2020-02-21T03:43:50.121+0000][1][gc,age       ] GC(89) Desired survivor size 4358144 bytes, new threshold 6 (max threshold 6)
[2020-02-21T03:43:50.121+0000][1][gc,age       ] GC(89) Age table with threshold 6 (max threshold 6)
[2020-02-21T03:43:50.121+0000][1][gc,age       ] GC(89) - age   1:      13512 bytes,      13512 total
[2020-02-21T03:43:50.121+0000][1][gc,age       ] GC(89) - age   2:        208 bytes,      13720 total
[2020-02-21T03:43:50.121+0000][1][gc,age       ] GC(89) - age   4:       1584 bytes,      15304 total
[2020-02-21T03:43:50.121+0000][1][gc,age       ] GC(89) - age   5:        192 bytes,      15496 total
[2020-02-21T03:43:50.121+0000][1][gc,age       ] GC(89) - age   6:       1160 bytes,      16656 total
[2020-02-21T03:43:50.121+0000][1][gc,heap      ] GC(89) ParNew: 68181K->29K(76672K)
[2020-02-21T03:43:50.121+0000][1][gc,heap      ] GC(89) CMS: 62600K->62601K(963392K)
[2020-02-21T03:43:50.121+0000][1][gc,metaspace ] GC(89) Metaspace: 80065K->80065K(1122304K)
[2020-02-21T03:43:50.122+0000][1][gc           ] GC(89) Pause Young (Allocation Failure) 127M->61M(1015M) 11.867ms
[2020-02-21T03:43:50.122+0000][1][gc,cpu       ] GC(89) User=0.01s Sys=0.00s Real=0.01s
[2020-02-21T03:43:50.122+0000][1][safepoint    ] Safepoint "GenCollectForAllocation", Time since last: 997365458 ns, Reaching safepoint: 73159 ns, At safepoint: 11975139 ns, Total: 12048298 ns
[2020-02-21T03:43:51.617+0000][1][safepoint    ] Safepoint "RevokeBias", Time since last: 1495801703 ns, Reaching safepoint: 69420 ns, At safepoint: 16868 ns, Total: 86288 ns
[2020-02-21T03:43:54.121+0000][1][safepoint    ] Safepoint "RevokeBias", Time since last: 2503229755 ns, Reaching safepoint: 73912 ns, At safepoint: 17000 ns, Total: 90912 ns
[2020-02-21T03:43:56.624+0000][1][safepoint    ] Safepoint "RevokeBias", Time since last: 2502679231 ns, Reaching safepoint: 83258 ns, At safepoint: 20129 ns, Total: 103387 ns
[2020-02-21T03:43:59.129+0000][1][safepoint    ] Safepoint "RevokeBias", Time since last: 2505148104 ns, Reaching safepoint: 71170 ns, At safepoint: 18691 ns, Total: 89861 ns
[2020-02-21T03:44:01.633+0000][1][safepoint    ] Safepoint "RevokeBias", Time since last: 2503808288 ns, Reaching safepoint: 71948 ns, At safepoint: 17239 ns, Total: 89187 ns
[2020-02-21T03:44:04.149+0000][1][safepoint    ] Safepoint "RevokeBias", Time since last: 2515879539 ns, Reaching safepoint: 123221 ns, At safepoint: 38971 ns, Total: 162192 ns
[2020-02-21T03:44:06.659+0000][1][safepoint    ] Safepoint "RevokeBias", Time since last: 2510415808 ns, Reaching safepoint: 74422 ns, At safepoint: 18827 ns, Total: 93249 ns
[2020-02-21T03:44:09.164+0000][1][safepoint    ] Safepoint "RevokeBias", Time since last: 2504526277 ns, Reaching safepoint: 85942 ns, At safepoint: 19730 ns, Total: 105672 ns
[2020-02-21T03:44:11.668+0000][1][safepoint    ] Safepoint "RevokeBias", Time since last: 2503615143 ns, Reaching safepoint: 127778 ns, At safepoint: 22359 ns, Total: 150137 ns
[2020-02-21T03:44:14.172+0000][1][safepoint    ] Safepoint "RevokeBias", Time since last: 2504196089 ns, Reaching safepoint: 72197 ns, At safepoint: 126329 ns, Total: 198526 ns
[2020-02-21T03:44:16.687+0000][1][safepoint    ] Safepoint "RevokeBias", Time since last: 2514408894 ns, Reaching safepoint: 87301 ns, At safepoint: 20700 ns, Total: 108001 ns
[2020-02-21T03:44:19.200+0000][1][safepoint    ] Safepoint "RevokeBias", Time since last: 2513403080 ns, Reaching safepoint: 166486 ns, At safepoint: 20625 ns, Total: 187111 ns
[2020-02-21T03:44:21.705+0000][1][safepoint    ] Safepoint "RevokeBias", Time since last: 2504778573 ns, Reaching safepoint: 70543 ns, At safepoint: 17450 ns, Total: 87993 ns
[2020-02-21T03:44:24.210+0000][1][safepoint    ] Safepoint "RevokeBias", Time since last: 2505308591 ns, Reaching safepoint: 73106 ns, At safepoint: 17090 ns, Total: 90196 ns
[2020-02-21T03:44:26.713+0000][1][safepoint    ] Safepoint "RevokeBias", Time since last: 2502419985 ns, Reaching safepoint: 72513 ns, At safepoint: 18156 ns, Total: 90669 ns
[2020-02-21T03:44:29.217+0000][1][safepoint    ] Safepoint "RevokeBias", Time since last: 2504424899 ns, Reaching safepoint: 71884 ns, At safepoint: 16999 ns, Total: 88883 ns
[2020-02-21T03:44:31.801+0000][1][safepoint    ] Safepoint "RevokeBias", Time since last: 2583335910 ns, Reaching safepoint: 231105 ns, At safepoint: 114210 ns, Total: 345315 ns
[2020-02-21T03:44:34.316+0000][1][safepoint    ] Safepoint "RevokeBias", Time since last: 2515223668 ns, Reaching safepoint: 70760 ns, At safepoint: 18093 ns, Total: 88853 ns
[2020-02-21T03:44:36.827+0000][1][safepoint    ] Safepoint "RevokeBias", Time since last: 2510825539 ns, Reaching safepoint: 122404 ns, At safepoint: 27651 ns, Total: 150055 ns
[2020-02-21T03:44:39.333+0000][1][safepoint    ] Safepoint "RevokeBias", Time since last: 2505109931 ns, Reaching safepoint: 56820 ns, At safepoint: 16163 ns, Total: 72983 ns
[2020-02-21T03:44:41.837+0000][1][safepoint    ] Safepoint "RevokeBias", Time since last: 2504547768 ns, Reaching safepoint: 155545 ns, At safepoint: 25743 ns, Total: 181288 ns
[2020-02-21T03:44:44.341+0000][1][safepoint    ] Safepoint "RevokeBias", Time since last: 2503264951 ns, Reaching safepoint: 108376 ns, At safepoint: 18374 ns, Total: 126750 ns
[2020-02-21T03:44:46.858+0000][1][safepoint    ] Safepoint "RevokeBias", Time since last: 2517074796 ns, Reaching safepoint: 86804 ns, At safepoint: 20787 ns, Total: 107591 ns
[2020-02-21T03:44:49.367+0000][1][safepoint    ] Safepoint "RevokeBias", Time since last: 2509180940 ns, Reaching safepoint: 72637 ns, At safepoint: 17925 ns, Total: 90562 ns
[2020-02-21T03:44:51.871+0000][1][safepoint    ] Safepoint "RevokeBias", Time since last: 2504101547 ns, Reaching safepoint: 73606 ns, At safepoint: 18926 ns, Total: 92532 ns
[2020-02-21T03:44:54.376+0000][1][safepoint    ] Safepoint "RevokeBias", Time since last: 2504191919 ns, Reaching safepoint: 153050 ns, At safepoint: 21768 ns, Total: 174818 ns
[2020-02-21T03:44:56.880+0000][1][safepoint    ] Safepoint "BulkRevokeBias", Time since last: 2503446043 ns, Reaching safepoint: 87791 ns, At safepoint: 374239 ns, Total: 462030 ns
[2020-02-21T03:44:59.385+0000][1][safepoint    ] Safepoint "RevokeBias", Time since last: 2504831035 ns, Reaching safepoint: 72790 ns, At safepoint: 18130 ns, Total: 90920 ns
[2020-02-21T03:45:01.891+0000][1][safepoint    ] Safepoint "RevokeBias", Time since last: 2506305369 ns, Reaching safepoint: 83510 ns, At safepoint: 20560 ns, Total: 104070 ns
[2020-02-21T03:45:04.403+0000][1][safepoint    ] Safepoint "RevokeBias", Time since last: 2512203929 ns, Reaching safepoint: 70852 ns, At safepoint: 18426 ns, Total: 89278 ns
[2020-02-21T03:45:06.914+0000][1][safepoint    ] Safepoint "RevokeBias", Time since last: 2510588303 ns, Reaching safepoint: 73744 ns, At safepoint: 18053 ns, Total: 91797 ns
[2020-02-21T03:45:09.420+0000][1][safepoint    ] Safepoint "RevokeBias", Time since last: 2505794952 ns, Reaching safepoint: 75910 ns, At safepoint: 18947 ns, Total: 94857 ns
[2020-02-21T03:45:11.924+0000][1][safepoint    ] Safepoint "RevokeBias", Time since last: 2503826372 ns, Reaching safepoint: 208297 ns, At safepoint: 25797 ns, Total: 234094 ns
[2020-02-21T03:45:12.924+0000][1][safepoint    ] Safepoint "Cleanup", Time since last: 1000300930 ns, Reaching safepoint: 84522 ns, At safepoint: 8381 ns, Total: 92903 ns
[2020-02-21T03:45:14.427+0000][1][safepoint    ] Safepoint "RevokeBias", Time since last: 1502839154 ns, Reaching safepoint: 84321 ns, At safepoint: 17760 ns, Total: 102081 ns
[2020-02-21T03:45:16.940+0000][1][safepoint    ] Safepoint "RevokeBias", Time since last: 2512462153 ns, Reaching safepoint: 72797 ns, At safepoint: 17991 ns, Total: 90788 ns
[2020-02-21T03:45:19.454+0000][1][safepoint    ] Safepoint "RevokeBias", Time since last: 2513700465 ns, Reaching safepoint: 71777 ns, At safepoint: 51643 ns, Total: 123420 ns
[2020-02-21T03:45:21.960+0000][1][safepoint    ] Safepoint "RevokeBias", Time since last: 2506038821 ns, Reaching safepoint: 72182 ns, At safepoint: 17101 ns, Total: 89283 ns
[2020-02-21T03:45:24.463+0000][1][safepoint    ] Safepoint "RevokeBias", Time since last: 2503127163 ns, Reaching safepoint: 195777 ns, At safepoint: 32217 ns, Total: 227994 ns
[2020-02-21T03:45:26.967+0000][1][safepoint    ] Safepoint "RevokeBias", Time since last: 2504053019 ns, Reaching safepoint: 88321 ns, At safepoint: 20312 ns, Total: 108633 ns
[2020-02-21T03:45:29.470+0000][1][safepoint    ] Safepoint "RevokeBias", Time since last: 2502727199 ns, Reaching safepoint: 69360 ns, At safepoint: 94293 ns, Total: 163653 ns
[2020-02-21T03:45:31.976+0000][1][safepoint    ] Safepoint "RevokeBias", Time since last: 2506139794 ns, Reaching safepoint: 72520 ns, At safepoint: 16848 ns, Total: 89368 ns
[2020-02-21T03:45:34.484+0000][1][safepoint    ] Safepoint "RevokeBias", Time since last: 2508018026 ns, Reaching safepoint: 72035 ns, At safepoint: 17008 ns, Total: 89043 ns
[2020-02-21T03:45:36.999+0000][1][safepoint    ] Safepoint "RevokeBias", Time since last: 2514300130 ns, Reaching safepoint: 140730 ns, At safepoint: 22568 ns, Total: 163298 ns
[2020-02-21T03:45:39.503+0000][1][safepoint    ] Safepoint "RevokeBias", Time since last: 2504397268 ns, Reaching safepoint: 84059 ns, At safepoint: 17665 ns, Total: 101724 ns
[2020-02-21T03:45:42.008+0000][1][safepoint    ] Safepoint "RevokeBias", Time since last: 2504832284 ns, Reaching safepoint: 142590 ns, At safepoint: 25941 ns, Total: 168531 ns
[2020-02-21T03:45:44.515+0000][1][safepoint    ] Safepoint "RevokeBias", Time since last: 2506575537 ns, Reaching safepoint: 73120 ns, At safepoint: 17682 ns, Total: 90802 ns
[2020-02-21T03:45:47.028+0000][1][safepoint    ] Safepoint "RevokeBias", Time since last: 2512442656 ns, Reaching safepoint: 89035 ns, At safepoint: 20009 ns, Total: 109044 ns
[2020-02-21T03:45:49.536+0000][1][safepoint    ] Safepoint "RevokeBias", Time since last: 2508162445 ns, Reaching safepoint: 81975 ns, At safepoint: 19261 ns, Total: 101236 ns
[2020-02-21T03:45:52.042+0000][1][safepoint    ] Safepoint "RevokeBias", Time since last: 2506146402 ns, Reaching safepoint: 129297 ns, At safepoint: 29016 ns, Total: 158313 ns
[2020-02-21T03:45:54.548+0000][1][safepoint    ] Safepoint "RevokeBias", Time since last: 2505719482 ns, Reaching safepoint: 73011 ns, At safepoint: 17739 ns, Total: 90750 ns
[2020-02-21T03:45:57.051+0000][1][safepoint    ] Safepoint "RevokeBias", Time since last: 2502838108 ns, Reaching safepoint: 189067 ns, At safepoint: 32165 ns, Total: 221232 ns
[2020-02-21T03:45:59.555+0000][1][safepoint    ] Safepoint "RevokeBias", Time since last: 2503770763 ns, Reaching safepoint: 54064 ns, At safepoint: 15594 ns, Total: 69658 ns
[2020-02-21T03:46:02.065+0000][1][safepoint    ] Safepoint "RevokeBias", Time since last: 2509965769 ns, Reaching safepoint: 64163 ns, At safepoint: 17167 ns, Total: 81330 ns
[2020-02-21T03:46:04.588+0000][1][safepoint    ] Safepoint "RevokeBias", Time since last: 2523105128 ns, Reaching safepoint: 93583 ns, At safepoint: 25526 ns, Total: 119109 ns
[2020-02-21T03:46:07.103+0000][1][safepoint    ] Safepoint "RevokeBias", Time since last: 2514828034 ns, Reaching safepoint: 92893 ns, At safepoint: 23163 ns, Total: 116056 ns
[2020-02-21T03:46:09.608+0000][1][safepoint    ] Safepoint "BulkRevokeBias", Time since last: 2504282214 ns, Reaching safepoint: 94094 ns, At safepoint: 281870 ns, Total: 375964 ns
[2020-02-21T03:46:10.225+0000][1][gc,start     ] GC(90) Pause Young (Allocation Failure)
[2020-02-21T03:46:10.225+0000][1][gc,task      ] GC(90) Using 1 workers of 1 for evacuation
[2020-02-21T03:46:10.244+0000][1][gc,age       ] GC(90) Desired survivor size 4358144 bytes, new threshold 6 (max threshold 6)
[2020-02-21T03:46:10.244+0000][1][gc,age       ] GC(90) Age table with threshold 6 (max threshold 6)
[2020-02-21T03:46:10.244+0000][1][gc,age       ] GC(90) - age   1:      13176 bytes,      13176 total
[2020-02-21T03:46:10.244+0000][1][gc,age       ] GC(90) - age   2:       1416 bytes,      14592 total
[2020-02-21T03:46:10.244+0000][1][gc,age       ] GC(90) - age   3:        208 bytes,      14800 total
[2020-02-21T03:46:10.244+0000][1][gc,age       ] GC(90) - age   5:       1584 bytes,      16384 total
[2020-02-21T03:46:10.244+0000][1][gc,age       ] GC(90) - age   6:        192 bytes,      16576 total
[2020-02-21T03:46:10.244+0000][1][gc,heap      ] GC(90) ParNew: 68189K->19K(76672K)
[2020-02-21T03:46:10.244+0000][1][gc,heap      ] GC(90) CMS: 62601K->62602K(963392K)
[2020-02-21T03:46:10.244+0000][1][gc,metaspace ] GC(90) Metaspace: 80065K->80065K(1122304K)
[2020-02-21T03:46:10.244+0000][1][gc           ] GC(90) Pause Young (Allocation Failure) 127M->61M(1015M) 19.547ms
[2020-02-21T03:46:10.244+0000][1][gc,cpu       ] GC(90) User=0.01s Sys=0.00s Real=0.02s
[2020-02-21T03:46:10.244+0000][1][safepoint    ] Safepoint "GenCollectForAllocation", Time since last: 616613730 ns, Reaching safepoint: 95191 ns, At safepoint: 19603655 ns, Total: 19698846 ns
[2020-02-21T03:46:12.112+0000][1][safepoint    ] Safepoint "RevokeBias", Time since last: 1867858881 ns, Reaching safepoint: 78249 ns, At safepoint: 18910 ns, Total: 97159 ns
[2020-02-21T03:46:14.617+0000][1][safepoint    ] Safepoint "RevokeBias", Time since last: 2505099178 ns, Reaching safepoint: 150905 ns, At safepoint: 21679 ns, Total: 172584 ns
[2020-02-21T03:46:17.127+0000][1][safepoint    ] Safepoint "RevokeBias", Time since last: 2509652045 ns, Reaching safepoint: 88207 ns, At safepoint: 21020 ns, Total: 109227 ns
[2020-02-21T03:46:19.636+0000][1][safepoint    ] Safepoint "RevokeBias", Time since last: 2509025490 ns, Reaching safepoint: 134943 ns, At safepoint: 17395 ns, Total: 152338 ns
[2020-02-21T03:46:22.140+0000][1][safepoint    ] Safepoint "RevokeBias", Time since last: 2503703505 ns, Reaching safepoint: 73321 ns, At safepoint: 18642 ns, Total: 91963 ns
[2020-02-21T03:46:24.644+0000][1][safepoint    ] Safepoint "RevokeBias", Time since last: 2503610470 ns, Reaching safepoint: 69881 ns, At safepoint: 19500 ns, Total: 89381 ns
[2020-02-21T03:46:27.148+0000][1][safepoint    ] Safepoint "RevokeBias", Time since last: 2503768183 ns, Reaching safepoint: 75972 ns, At safepoint: 24828 ns, Total: 100800 ns
[2020-02-21T03:46:29.662+0000][1][safepoint    ] Safepoint "RevokeBias", Time since last: 2514092053 ns, Reaching safepoint: 94020 ns, At safepoint: 22231 ns, Total: 116251 ns
[2020-02-21T03:46:32.172+0000][1][safepoint    ] Safepoint "RevokeBias", Time since last: 2509780195 ns, Reaching safepoint: 55452 ns, At safepoint: 15982 ns, Total: 71434 ns
[2020-02-21T03:46:34.689+0000][1][safepoint    ] Safepoint "RevokeBias", Time since last: 2517053045 ns, Reaching safepoint: 94827 ns, At safepoint: 26550 ns, Total: 121377 ns
[2020-02-21T03:46:37.198+0000][1][safepoint    ] Safepoint "RevokeBias", Time since last: 2509280512 ns, Reaching safepoint: 72295 ns, At safepoint: 18453 ns, Total: 90748 ns
[2020-02-21T03:46:39.703+0000][1][safepoint    ] Safepoint "RevokeBias", Time since last: 2504304950 ns, Reaching safepoint: 180934 ns, At safepoint: 29281 ns, Total: 210215 ns
[2020-02-21T03:46:42.206+0000][1][safepoint    ] Safepoint "RevokeBias", Time since last: 2503095267 ns, Reaching safepoint: 92407 ns, At safepoint: 33527 ns, Total: 125934 ns
[2020-02-21T03:46:44.712+0000][1][safepoint    ] Safepoint "RevokeBias", Time since last: 2505724549 ns, Reaching safepoint: 88919 ns, At safepoint: 88593 ns, Total: 177512 ns
[2020-02-21T03:46:47.229+0000][1][safepoint    ] Safepoint "RevokeBias", Time since last: 2516712649 ns, Reaching safepoint: 93137 ns, At safepoint: 20679 ns, Total: 113816 ns
[2020-02-21T03:46:49.737+0000][1][safepoint    ] Safepoint "RevokeBias", Time since last: 2508201543 ns, Reaching safepoint: 465132 ns, At safepoint: 44778 ns, Total: 509910 ns
[2020-02-21T03:46:52.242+0000][1][safepoint    ] Safepoint "RevokeBias", Time since last: 2504241321 ns, Reaching safepoint: 212118 ns, At safepoint: 30509 ns, Total: 242627 ns
[2020-02-21T03:46:54.748+0000][1][safepoint    ] Safepoint "RevokeBias", Time since last: 2506245918 ns, Reaching safepoint: 112415 ns, At safepoint: 29233 ns, Total: 141648 ns
[2020-02-21T03:46:57.254+0000][1][safepoint    ] Safepoint "RevokeBias", Time since last: 2505149228 ns, Reaching safepoint: 86239 ns, At safepoint: 47910 ns, Total: 134149 ns
[2020-02-21T03:46:59.760+0000][1][safepoint    ] Safepoint "RevokeBias", Time since last: 2506141077 ns, Reaching safepoint: 92385 ns, At safepoint: 24065 ns, Total: 116450 ns
[2020-02-21T03:47:02.266+0000][1][safepoint    ] Safepoint "RevokeBias", Time since last: 2506142093 ns, Reaching safepoint: 133812 ns, At safepoint: 23547 ns, Total: 157359 ns
[2020-02-21T03:47:04.777+0000][1][safepoint    ] Safepoint "RevokeBias", Time since last: 2510428655 ns, Reaching safepoint: 131306 ns, At safepoint: 18194 ns, Total: 149500 ns
[2020-02-21T03:47:07.292+0000][1][safepoint    ] Safepoint "RevokeBias", Time since last: 2514896178 ns, Reaching safepoint: 85909 ns, At safepoint: 21176 ns, Total: 107085 ns
[2020-02-21T03:47:09.797+0000][1][safepoint    ] Safepoint "RevokeBias", Time since last: 2504618063 ns, Reaching safepoint: 90429 ns, At safepoint: 103085 ns, Total: 193514 ns
[2020-02-21T03:47:12.301+0000][1][safepoint    ] Safepoint "RevokeBias", Time since last: 2504487363 ns, Reaching safepoint: 73600 ns, At safepoint: 17349 ns, Total: 90949 ns
[2020-02-21T03:47:14.807+0000][1][safepoint    ] Safepoint "RevokeBias", Time since last: 2505442687 ns, Reaching safepoint: 79089 ns, At safepoint: 19321 ns, Total: 98410 ns
[2020-02-21T03:47:17.328+0000][1][safepoint    ] Safepoint "RevokeBias", Time since last: 2521335396 ns, Reaching safepoint: 71142 ns, At safepoint: 16840 ns, Total: 87982 ns
[2020-02-21T03:47:19.838+0000][1][safepoint    ] Safepoint "RevokeBias", Time since last: 2509404045 ns, Reaching safepoint: 87029 ns, At safepoint: 20179 ns, Total: 107208 ns
[2020-02-21T03:47:22.344+0000][1][safepoint    ] Safepoint "BulkRevokeBias", Time since last: 2506489846 ns, Reaching safepoint: 71335 ns, At safepoint: 328906 ns, Total: 400241 ns
[2020-02-21T03:47:24.848+0000][1][safepoint    ] Safepoint "RevokeBias", Time since last: 2503243694 ns, Reaching safepoint: 76727 ns, At safepoint: 19534 ns, Total: 96261 ns
[2020-02-21T03:47:27.351+0000][1][safepoint    ] Safepoint "RevokeBias", Time since last: 2503509595 ns, Reaching safepoint: 96084 ns, At safepoint: 21795 ns, Total: 117879 ns
[2020-02-21T03:47:29.856+0000][1][safepoint    ] Safepoint "RevokeBias", Time since last: 2504826071 ns, Reaching safepoint: 64193 ns, At safepoint: 39158 ns, Total: 103351 ns
[2020-02-21T03:47:31.858+0000][1][safepoint    ] Safepoint "Cleanup", Time since last: 2001267910 ns, Reaching safepoint: 81755 ns, At safepoint: 7129 ns, Total: 88884 ns
[2020-02-21T03:47:32.363+0000][1][safepoint    ] Safepoint "RevokeBias", Time since last: 504843819 ns, Reaching safepoint: 145078 ns, At safepoint: 21537 ns, Total: 166615 ns
[2020-02-21T03:47:34.874+0000][1][safepoint    ] Safepoint "RevokeBias", Time since last: 2511032279 ns, Reaching safepoint: 53223 ns, At safepoint: 15289 ns, Total: 68512 ns
[2020-02-21T03:47:37.385+0000][1][safepoint    ] Safepoint "RevokeBias", Time since last: 2511290803 ns, Reaching safepoint: 110401 ns, At safepoint: 27525 ns, Total: 137926 ns
[2020-02-21T03:47:39.890+0000][1][safepoint    ] Safepoint "RevokeBias", Time since last: 2504273927 ns, Reaching safepoint: 73930 ns, At safepoint: 17151 ns, Total: 91081 ns
[2020-02-21T03:47:42.393+0000][1][safepoint    ] Safepoint "RevokeBias", Time since last: 2503421248 ns, Reaching safepoint: 113441 ns, At safepoint: 28658 ns, Total: 142099 ns
[2020-02-21T03:47:44.898+0000][1][safepoint    ] Safepoint "RevokeBias", Time since last: 2505016724 ns, Reaching safepoint: 73378 ns, At safepoint: 16794 ns, Total: 90172 ns
[2020-02-21T03:47:47.413+0000][1][safepoint    ] Safepoint "RevokeBias", Time since last: 2514423169 ns, Reaching safepoint: 70175 ns, At safepoint: 16738 ns, Total: 86913 ns
[2020-02-21T03:47:49.922+0000][1][safepoint    ] Safepoint "RevokeBias", Time since last: 2509398327 ns, Reaching safepoint: 69680 ns, At safepoint: 21671 ns, Total: 91351 ns
[2020-02-21T03:47:52.427+0000][1][safepoint    ] Safepoint "RevokeBias", Time since last: 2504509289 ns, Reaching safepoint: 77918 ns, At safepoint: 19548 ns, Total: 97466 ns
[2020-02-21T03:47:54.930+0000][1][safepoint    ] Safepoint "RevokeBias", Time since last: 2502819355 ns, Reaching safepoint: 71764 ns, At safepoint: 17358 ns, Total: 89122 ns
[2020-02-21T03:47:57.433+0000][1][safepoint    ] Safepoint "RevokeBias", Time since last: 2503300019 ns, Reaching safepoint: 78673 ns, At safepoint: 22168 ns, Total: 100841 ns
[2020-02-21T03:47:59.938+0000][1][safepoint    ] Safepoint "RevokeBias", Time since last: 2504208100 ns, Reaching safepoint: 93030 ns, At safepoint: 25817 ns, Total: 118847 ns
[2020-02-21T03:48:02.444+0000][1][safepoint    ] Safepoint "RevokeBias", Time since last: 2506252035 ns, Reaching safepoint: 75235 ns, At safepoint: 18757 ns, Total: 93992 ns
[2020-02-21T03:48:04.960+0000][1][safepoint    ] Safepoint "RevokeBias", Time since last: 2516472443 ns, Reaching safepoint: 71140 ns, At safepoint: 16567 ns, Total: 87707 ns
[2020-02-21T03:48:07.472+0000][1][safepoint    ] Safepoint "RevokeBias", Time since last: 2511119283 ns, Reaching safepoint: 111383 ns, At safepoint: 20465 ns, Total: 131848 ns
[2020-02-21T03:48:09.976+0000][1][safepoint    ] Safepoint "RevokeBias", Time since last: 2504610725 ns, Reaching safepoint: 68594 ns, At safepoint: 16011 ns, Total: 84605 ns
[2020-02-21T03:48:12.479+0000][1][safepoint    ] Safepoint "RevokeBias", Time since last: 2502895695 ns, Reaching safepoint: 115160 ns, At safepoint: 18020 ns, Total: 133180 ns
[2020-02-21T03:48:14.983+0000][1][safepoint    ] Safepoint "RevokeBias", Time since last: 2503750698 ns, Reaching safepoint: 144954 ns, At safepoint: 32263 ns, Total: 177217 ns
[2020-02-21T03:48:17.488+0000][1][safepoint    ] Safepoint "RevokeBias", Time since last: 2504089374 ns, Reaching safepoint: 78146 ns, At safepoint: 19833 ns, Total: 97979 ns
[2020-02-21T03:48:19.992+0000][1][safepoint    ] Safepoint "RevokeBias", Time since last: 2503898160 ns, Reaching safepoint: 118794 ns, At safepoint: 18200 ns, Total: 136994 ns
[2020-02-21T03:48:22.509+0000][1][safepoint    ] Safepoint "RevokeBias", Time since last: 2517319439 ns, Reaching safepoint: 74165 ns, At safepoint: 18390 ns, Total: 92555 ns
[2020-02-21T03:48:25.022+0000][1][safepoint    ] Safepoint "RevokeBias", Time since last: 2513167918 ns, Reaching safepoint: 105328 ns, At safepoint: 56135 ns, Total: 161463 ns
[2020-02-21T03:48:27.526+0000][1][safepoint    ] Safepoint "RevokeBias", Time since last: 2503618919 ns, Reaching safepoint: 88044 ns, At safepoint: 20984 ns, Total: 109028 ns
[2020-02-21T03:48:30.030+0000][1][safepoint    ] Safepoint "RevokeBias", Time since last: 2504051891 ns, Reaching safepoint: 73120 ns, At safepoint: 17934 ns, Total: 91054 ns
[2020-02-21T03:48:30.347+0000][1][gc,start     ] GC(91) Pause Young (Allocation Failure)
[2020-02-21T03:48:30.347+0000][1][gc,task      ] GC(91) Using 1 workers of 1 for evacuation
[2020-02-21T03:48:30.358+0000][1][gc,age       ] GC(91) Desired survivor size 4358144 bytes, new threshold 6 (max threshold 6)
[2020-02-21T03:48:30.359+0000][1][gc,age       ] GC(91) Age table with threshold 6 (max threshold 6)
[2020-02-21T03:48:30.359+0000][1][gc,age       ] GC(91) - age   1:      13184 bytes,      13184 total
[2020-02-21T03:48:30.359+0000][1][gc,age       ] GC(91) - age   2:        232 bytes,      13416 total
[2020-02-21T03:48:30.359+0000][1][gc,age       ] GC(91) - age   3:       1416 bytes,      14832 total
[2020-02-21T03:48:30.359+0000][1][gc,age       ] GC(91) - age   4:        208 bytes,      15040 total
[2020-02-21T03:48:30.359+0000][1][gc,age       ] GC(91) - age   6:       1584 bytes,      16624 total
[2020-02-21T03:48:30.359+0000][1][gc,heap      ] GC(91) ParNew: 68179K->29K(76672K)
[2020-02-21T03:48:30.359+0000][1][gc,heap      ] GC(91) CMS: 62602K->62603K(963392K)
[2020-02-21T03:48:30.359+0000][1][gc,metaspace ] GC(91) Metaspace: 80077K->80077K(1122304K)
[2020-02-21T03:48:30.359+0000][1][gc           ] GC(91) Pause Young (Allocation Failure) 127M->61M(1015M) 11.594ms
[2020-02-21T03:48:30.359+0000][1][gc,cpu       ] GC(91) User=0.01s Sys=0.00s Real=0.01s
[2020-02-21T03:48:30.359+0000][1][safepoint    ] Safepoint "GenCollectForAllocation", Time since last: 316786920 ns, Reaching safepoint: 91351 ns, At safepoint: 11729165 ns, Total: 11820516 ns
[2020-02-21T03:48:32.536+0000][1][safepoint    ] Safepoint "RevokeBias", Time since last: 2177041935 ns, Reaching safepoint: 73104 ns, At safepoint: 17731 ns, Total: 90835 ns
[2020-02-21T03:48:35.045+0000][1][safepoint    ] Safepoint "BulkRevokeBias", Time since last: 2508394206 ns, Reaching safepoint: 176156 ns, At safepoint: 250841 ns, Total: 426997 ns
[2020-02-21T03:48:37.554+0000][1][safepoint    ] Safepoint "RevokeBias", Time since last: 2509318615 ns, Reaching safepoint: 68424 ns, At safepoint: 15684 ns, Total: 84108 ns
[2020-02-21T03:48:40.059+0000][1][safepoint    ] Safepoint "RevokeBias", Time since last: 2504735635 ns, Reaching safepoint: 90732 ns, At safepoint: 20273 ns, Total: 111005 ns
[2020-02-21T03:48:42.063+0000][1][safepoint    ] Safepoint "Cleanup", Time since last: 2003574410 ns, Reaching safepoint: 120603 ns, At safepoint: 6862 ns, Total: 127465 ns
[2020-02-21T03:48:42.563+0000][1][safepoint    ] Safepoint "RevokeBias", Time since last: 499868559 ns, Reaching safepoint: 85990 ns, At safepoint: 21241 ns, Total: 107231 ns
[2020-02-21T03:48:45.068+0000][1][safepoint    ] Safepoint "RevokeBias", Time since last: 2504821203 ns, Reaching safepoint: 145411 ns, At safepoint: 20944 ns, Total: 166355 ns
[2020-02-21T03:48:47.571+0000][1][safepoint    ] Safepoint "RevokeBias", Time since last: 2503146875 ns, Reaching safepoint: 89785 ns, At safepoint: 16949 ns, Total: 106734 ns
[2020-02-21T03:48:50.074+0000][1][safepoint    ] Safepoint "RevokeBias", Time since last: 2503288453 ns, Reaching safepoint: 70918 ns, At safepoint: 16318 ns, Total: 87236 ns
[2020-02-21T03:48:52.596+0000][1][safepoint    ] Safepoint "RevokeBias", Time since last: 2521618984 ns, Reaching safepoint: 52698 ns, At safepoint: 16333 ns, Total: 69031 ns
[2020-02-21T03:48:55.107+0000][1][safepoint    ] Safepoint "RevokeBias", Time since last: 2510805145 ns, Reaching safepoint: 73136 ns, At safepoint: 17714 ns, Total: 90850 ns
[2020-02-21T03:48:57.609+0000][1][safepoint    ] Safepoint "RevokeBias", Time since last: 2502417195 ns, Reaching safepoint: 173372 ns, At safepoint: 22146 ns, Total: 195518 ns
[2020-02-21T03:49:00.115+0000][1][safepoint    ] Safepoint "RevokeBias", Time since last: 2505152365 ns, Reaching safepoint: 87369 ns, At safepoint: 19635 ns, Total: 107004 ns
[2020-02-21T03:49:02.619+0000][1][safepoint    ] Safepoint "RevokeBias", Time since last: 2504213707 ns, Reaching safepoint: 89955 ns, At safepoint: 18362 ns, Total: 108317 ns
[2020-02-21T03:49:05.129+0000][1][safepoint    ] Safepoint "RevokeBias", Time since last: 2509552268 ns, Reaching safepoint: 69659 ns, At safepoint: 17406 ns, Total: 87065 ns
[2020-02-21T03:49:07.641+0000][1][safepoint    ] Safepoint "RevokeBias", Time since last: 2511999066 ns, Reaching safepoint: 92645 ns, At safepoint: 49346 ns, Total: 141991 ns
[2020-02-21T03:49:10.148+0000][1][safepoint    ] Safepoint "RevokeBias", Time since last: 2507077818 ns, Reaching safepoint: 204293 ns, At safepoint: 73401 ns, Total: 277694 ns
[2020-02-21T03:49:12.655+0000][1][safepoint    ] Safepoint "RevokeBias", Time since last: 2506403641 ns, Reaching safepoint: 74137 ns, At safepoint: 18141 ns, Total: 92278 ns
[2020-02-21T03:49:15.160+0000][1][safepoint    ] Safepoint "RevokeBias", Time since last: 2504725763 ns, Reaching safepoint: 76353 ns, At safepoint: 18324 ns, Total: 94677 ns
[2020-02-21T03:49:17.664+0000][1][safepoint    ] Safepoint "RevokeBias", Time since last: 2504128441 ns, Reaching safepoint: 183621 ns, At safepoint: 30592 ns, Total: 214213 ns
[2020-02-21T03:49:20.168+0000][1][safepoint    ] Safepoint "RevokeBias", Time since last: 2503741071 ns, Reaching safepoint: 73011 ns, At safepoint: 18303 ns, Total: 91314 ns
[2020-02-21T03:49:22.687+0000][1][safepoint    ] Safepoint "RevokeBias", Time since last: 2519539466 ns, Reaching safepoint: 85927 ns, At safepoint: 21409 ns, Total: 107336 ns
[2020-02-21T03:49:25.196+0000][1][safepoint    ] Safepoint "RevokeBias", Time since last: 2508473081 ns, Reaching safepoint: 70019 ns, At safepoint: 16764 ns, Total: 86783 ns
[2020-02-21T03:49:27.701+0000][1][safepoint    ] Safepoint "RevokeBias", Time since last: 2505232101 ns, Reaching safepoint: 98940 ns, At safepoint: 33854 ns, Total: 132794 ns
[2020-02-21T03:49:30.207+0000][1][safepoint    ] Safepoint "RevokeBias", Time since last: 2505352301 ns, Reaching safepoint: 216238 ns, At safepoint: 133881 ns, Total: 350119 ns
[2020-02-21T03:49:32.712+0000][1][safepoint    ] Safepoint "RevokeBias", Time since last: 2505156299 ns, Reaching safepoint: 151950 ns, At safepoint: 41450 ns, Total: 193400 ns
[2020-02-21T03:49:35.218+0000][1][safepoint    ] Safepoint "RevokeBias", Time since last: 2505478748 ns, Reaching safepoint: 69369 ns, At safepoint: 17049 ns, Total: 86418 ns
[2020-02-21T03:49:37.721+0000][1][safepoint    ] Safepoint "RevokeBias", Time since last: 2502709899 ns, Reaching safepoint: 69930 ns, At safepoint: 17738 ns, Total: 87668 ns
[2020-02-21T03:49:40.234+0000][1][safepoint    ] Safepoint "RevokeBias", Time since last: 2512988909 ns, Reaching safepoint: 71789 ns, At safepoint: 17557 ns, Total: 89346 ns
[2020-02-21T03:49:41.234+0000][1][safepoint    ] Safepoint "Cleanup", Time since last: 1000365473 ns, Reaching safepoint: 79218 ns, At safepoint: 7416 ns, Total: 86634 ns
[2020-02-21T03:49:42.746+0000][1][safepoint    ] Safepoint "RevokeBias", Time since last: 1511876734 ns, Reaching safepoint: 73861 ns, At safepoint: 18172 ns, Total: 92033 ns
[2020-02-21T03:49:45.252+0000][1][safepoint    ] Safepoint "RevokeBias", Time since last: 2505290001 ns, Reaching safepoint: 72575 ns, At safepoint: 17337 ns, Total: 89912 ns
[2020-02-21T03:49:47.755+0000][1][safepoint    ] Safepoint "BulkRevokeBias", Time since last: 2503507049 ns, Reaching safepoint: 100006 ns, At safepoint: 307510 ns, Total: 407516 ns
[2020-02-21T03:49:50.258+0000][1][safepoint    ] Safepoint "RevokeBias", Time since last: 2502611566 ns, Reaching safepoint: 71389 ns, At safepoint: 16994 ns, Total: 88383 ns
[2020-02-21T03:49:52.769+0000][1][safepoint    ] Safepoint "RevokeBias", Time since last: 2510575837 ns, Reaching safepoint: 70210 ns, At safepoint: 16911 ns, Total: 87121 ns
[2020-02-21T03:49:55.277+0000][1][safepoint    ] Safepoint "RevokeBias", Time since last: 2508213242 ns, Reaching safepoint: 77293 ns, At safepoint: 18378 ns, Total: 95671 ns
[2020-02-21T03:49:57.780+0000][1][safepoint    ] Safepoint "RevokeBias", Time since last: 2502440868 ns, Reaching safepoint: 72721 ns, At safepoint: 16624 ns, Total: 89345 ns
[2020-02-21T03:50:00.285+0000][1][safepoint    ] Safepoint "RevokeBias", Time since last: 2505597321 ns, Reaching safepoint: 71561 ns, At safepoint: 17587 ns, Total: 89148 ns
[2020-02-21T03:50:02.790+0000][1][safepoint    ] Safepoint "RevokeBias", Time since last: 2504100095 ns, Reaching safepoint: 71548 ns, At safepoint: 17276 ns, Total: 88824 ns
[2020-02-21T03:50:05.292+0000][1][safepoint    ] Safepoint "RevokeBias", Time since last: 2502863928 ns, Reaching safepoint: 72810 ns, At safepoint: 17914 ns, Total: 90724 ns
[2020-02-21T03:50:07.796+0000][1][safepoint    ] Safepoint "RevokeBias", Time since last: 2503404825 ns, Reaching safepoint: 70738 ns, At safepoint: 16531 ns, Total: 87269 ns
[2020-02-21T03:50:08.797+0000][1][safepoint    ] Safepoint "Cleanup", Time since last: 1001193771 ns, Reaching safepoint: 85932 ns, At safepoint: 7936 ns, Total: 93868 ns
[2020-02-21T03:50:10.312+0000][1][safepoint    ] Safepoint "RevokeBias", Time since last: 1514736535 ns, Reaching safepoint: 153226 ns, At safepoint: 21022 ns, Total: 174248 ns
[2020-02-21T03:50:12.822+0000][1][safepoint    ] Safepoint "RevokeBias", Time since last: 2509231677 ns, Reaching safepoint: 74310 ns, At safepoint: 18169 ns, Total: 92479 ns
[2020-02-21T03:50:15.326+0000][1][safepoint    ] Safepoint "RevokeBias", Time since last: 2504502738 ns, Reaching safepoint: 139353 ns, At safepoint: 20276 ns, Total: 159629 ns
[2020-02-21T03:50:17.829+0000][1][safepoint    ] Safepoint "RevokeBias", Time since last: 2502771348 ns, Reaching safepoint: 88385 ns, At safepoint: 20676 ns, Total: 109061 ns
[2020-02-21T03:50:20.331+0000][1][safepoint    ] Safepoint "RevokeBias", Time since last: 2501947468 ns, Reaching safepoint: 143522 ns, At safepoint: 24129 ns, Total: 167651 ns
[2020-02-21T03:50:22.842+0000][1][safepoint    ] Safepoint "RevokeBias", Time since last: 2510709239 ns, Reaching safepoint: 147988 ns, At safepoint: 18159 ns, Total: 166147 ns
[2020-02-21T03:50:25.353+0000][1][safepoint    ] Safepoint "RevokeBias", Time since last: 2511280752 ns, Reaching safepoint: 74807 ns, At safepoint: 18441 ns, Total: 93248 ns
[2020-02-21T03:50:27.856+0000][1][safepoint    ] Safepoint "RevokeBias", Time since last: 2502671287 ns, Reaching safepoint: 79505 ns, At safepoint: 19629 ns, Total: 99134 ns
[2020-02-21T03:50:30.361+0000][1][safepoint    ] Safepoint "RevokeBias", Time since last: 2504585880 ns, Reaching safepoint: 72659 ns, At safepoint: 18253 ns, Total: 90912 ns
[2020-02-21T03:50:32.866+0000][1][safepoint    ] Safepoint "RevokeBias", Time since last: 2505230482 ns, Reaching safepoint: 115818 ns, At safepoint: 24313 ns, Total: 140131 ns
[2020-02-21T03:50:35.372+0000][1][safepoint    ] Safepoint "RevokeBias", Time since last: 2505127638 ns, Reaching safepoint: 111189 ns, At safepoint: 138402 ns, Total: 249591 ns
[2020-02-21T03:50:37.878+0000][1][safepoint    ] Safepoint "RevokeBias", Time since last: 2506382067 ns, Reaching safepoint: 72620 ns, At safepoint: 17524 ns, Total: 90144 ns
[2020-02-21T03:50:40.394+0000][1][safepoint    ] Safepoint "RevokeBias", Time since last: 2515639146 ns, Reaching safepoint: 71572 ns, At safepoint: 56906 ns, Total: 128478 ns
[2020-02-21T03:50:42.902+0000][1][safepoint    ] Safepoint "RevokeBias", Time since last: 2508083554 ns, Reaching safepoint: 77326 ns, At safepoint: 17198 ns, Total: 94524 ns
[2020-02-21T03:50:45.407+0000][1][safepoint    ] Safepoint "RevokeBias", Time since last: 2504471649 ns, Reaching safepoint: 70666 ns, At safepoint: 17404 ns, Total: 88070 ns
[2020-02-21T03:50:47.910+0000][1][safepoint    ] Safepoint "RevokeBias", Time since last: 2503426278 ns, Reaching safepoint: 85975 ns, At safepoint: 19736 ns, Total: 105711 ns
[2020-02-21T03:50:50.413+0000][1][safepoint    ] Safepoint "RevokeBias", Time since last: 2502924968 ns, Reaching safepoint: 72101 ns, At safepoint: 17541 ns, Total: 89642 ns
[2020-02-21T03:50:50.456+0000][1][gc,start     ] GC(92) Pause Young (Allocation Failure)
[2020-02-21T03:50:50.456+0000][1][gc,task      ] GC(92) Using 1 workers of 1 for evacuation
[2020-02-21T03:50:50.467+0000][1][gc,age       ] GC(92) Desired survivor size 4358144 bytes, new threshold 6 (max threshold 6)
[2020-02-21T03:50:50.467+0000][1][gc,age       ] GC(92) Age table with threshold 6 (max threshold 6)
[2020-02-21T03:50:50.467+0000][1][gc,age       ] GC(92) - age   1:      13984 bytes,      13984 total
[2020-02-21T03:50:50.467+0000][1][gc,age       ] GC(92) - age   2:        328 bytes,      14312 total
[2020-02-21T03:50:50.467+0000][1][gc,age       ] GC(92) - age   3:        232 bytes,      14544 total
[2020-02-21T03:50:50.467+0000][1][gc,age       ] GC(92) - age   4:       1416 bytes,      15960 total
[2020-02-21T03:50:50.467+0000][1][gc,age       ] GC(92) - age   5:        208 bytes,      16168 total
[2020-02-21T03:50:50.467+0000][1][gc,heap      ] GC(92) ParNew: 68189K->19K(76672K)
[2020-02-21T03:50:50.467+0000][1][gc,heap      ] GC(92) CMS: 62603K->62604K(963392K)
[2020-02-21T03:50:50.467+0000][1][gc,metaspace ] GC(92) Metaspace: 80083K->80083K(1122304K)
[2020-02-21T03:50:50.467+0000][1][gc           ] GC(92) Pause Young (Allocation Failure) 127M->61M(1015M) 11.136ms
[2020-02-21T03:50:50.467+0000][1][gc,cpu       ] GC(92) User=0.01s Sys=0.00s Real=0.01s
[2020-02-21T03:50:50.467+0000][1][safepoint    ] Safepoint "GenCollectForAllocation", Time since last: 42808592 ns, Reaching safepoint: 73500 ns, At safepoint: 11190736 ns, Total: 11264236 ns
[2020-02-21T03:50:51.468+0000][1][safepoint    ] Safepoint "Cleanup", Time since last: 1000286018 ns, Reaching safepoint: 93824 ns, At safepoint: 8567 ns, Total: 102391 ns
[2020-02-21T03:50:52.929+0000][1][safepoint    ] Safepoint "RevokeBias", Time since last: 1461476423 ns, Reaching safepoint: 71267 ns, At safepoint: 17056 ns, Total: 88323 ns
[2020-02-21T03:50:55.439+0000][1][safepoint    ] Safepoint "RevokeBias", Time since last: 2509327023 ns, Reaching safepoint: 73073 ns, At safepoint: 17192 ns, Total: 90265 ns
[2020-02-21T03:50:57.942+0000][1][safepoint    ] Safepoint "RevokeBias", Time since last: 2503327696 ns, Reaching safepoint: 92392 ns, At safepoint: 50818 ns, Total: 143210 ns
[2020-02-21T03:51:00.445+0000][1][safepoint    ] Safepoint "BulkRevokeBias", Time since last: 2503024192 ns, Reaching safepoint: 73453 ns, At safepoint: 186429 ns, Total: 259882 ns
[2020-02-21T03:51:02.951+0000][1][safepoint    ] Safepoint "RevokeBias", Time since last: 2505256093 ns, Reaching safepoint: 184074 ns, At safepoint: 20967 ns, Total: 205041 ns
[2020-02-21T03:51:05.454+0000][1][safepoint    ] Safepoint "RevokeBias", Time since last: 2502904489 ns, Reaching safepoint: 72182 ns, At safepoint: 17183 ns, Total: 89365 ns
[2020-02-21T03:51:07.959+0000][1][safepoint    ] Safepoint "RevokeBias", Time since last: 2505367462 ns, Reaching safepoint: 163054 ns, At safepoint: 19041 ns, Total: 182095 ns
[2020-02-21T03:51:10.470+0000][1][safepoint    ] Safepoint "RevokeBias", Time since last: 2510429646 ns, Reaching safepoint: 86014 ns, At safepoint: 17048 ns, Total: 103062 ns
[2020-02-21T03:51:12.980+0000][1][safepoint    ] Safepoint "RevokeBias", Time since last: 2509822429 ns, Reaching safepoint: 97711 ns, At safepoint: 19348 ns, Total: 117059 ns
[2020-02-21T03:51:15.486+0000][1][safepoint    ] Safepoint "RevokeBias", Time since last: 2505614108 ns, Reaching safepoint: 81369 ns, At safepoint: 20749 ns, Total: 102118 ns
[2020-02-21T03:51:17.988+0000][1][safepoint    ] Safepoint "RevokeBias", Time since last: 2502491678 ns, Reaching safepoint: 99504 ns, At safepoint: 24528 ns, Total: 124032 ns
[2020-02-21T03:51:20.491+0000][1][safepoint    ] Safepoint "RevokeBias", Time since last: 2502403231 ns, Reaching safepoint: 156941 ns, At safepoint: 19896 ns, Total: 176837 ns
[2020-02-21T03:51:23.004+0000][1][safepoint    ] Safepoint "RevokeBias", Time since last: 2513047589 ns, Reaching safepoint: 72040 ns, At safepoint: 17490 ns, Total: 89530 ns
[2020-02-21T03:51:25.520+0000][1][safepoint    ] Safepoint "RevokeBias", Time since last: 2516264414 ns, Reaching safepoint: 70161 ns, At safepoint: 80046 ns, Total: 150207 ns
[2020-02-21T03:51:28.025+0000][1][safepoint    ] Safepoint "RevokeBias", Time since last: 2504574473 ns, Reaching safepoint: 73438 ns, At safepoint: 17832 ns, Total: 91270 ns
[2020-02-21T03:51:30.529+0000][1][safepoint    ] Safepoint "RevokeBias", Time since last: 2504090333 ns, Reaching safepoint: 81120 ns, At safepoint: 19123 ns, Total: 100243 ns
[2020-02-21T03:51:33.033+0000][1][safepoint    ] Safepoint "RevokeBias", Time since last: 2503456422 ns, Reaching safepoint: 72727 ns, At safepoint: 17413 ns, Total: 90140 ns
[2020-02-21T03:51:35.537+0000][1][safepoint    ] Safepoint "RevokeBias", Time since last: 2504269492 ns, Reaching safepoint: 75727 ns, At safepoint: 18215 ns, Total: 93942 ns
[2020-02-21T03:51:38.043+0000][1][safepoint    ] Safepoint "RevokeBias", Time since last: 2505982707 ns, Reaching safepoint: 159737 ns, At safepoint: 47056 ns, Total: 206793 ns
[2020-02-21T03:51:40.553+0000][1][safepoint    ] Safepoint "RevokeBias", Time since last: 2509509066 ns, Reaching safepoint: 70697 ns, At safepoint: 17640 ns, Total: 88337 ns
[2020-02-21T03:51:43.062+0000][1][safepoint    ] Safepoint "RevokeBias", Time since last: 2509152668 ns, Reaching safepoint: 69618 ns, At safepoint: 33212 ns, Total: 102830 ns
[2020-02-21T03:51:45.566+0000][1][safepoint    ] Safepoint "RevokeBias", Time since last: 2503417439 ns, Reaching safepoint: 135883 ns, At safepoint: 39159 ns, Total: 175042 ns
[2020-02-21T03:51:48.067+0000][1][safepoint    ] Safepoint "RevokeBias", Time since last: 2501673461 ns, Reaching safepoint: 89450 ns, At safepoint: 22912 ns, Total: 112362 ns
[2020-02-21T03:51:50.571+0000][1][safepoint    ] Safepoint "RevokeBias", Time since last: 2503038668 ns, Reaching safepoint: 81792 ns, At safepoint: 20512 ns, Total: 102304 ns
[2020-02-21T03:51:53.085+0000][1][safepoint    ] Safepoint "RevokeBias", Time since last: 2513977158 ns, Reaching safepoint: 72201 ns, At safepoint: 17499 ns, Total: 89700 ns
[2020-02-21T03:51:55.600+0000][1][safepoint    ] Safepoint "RevokeBias", Time since last: 2515541341 ns, Reaching safepoint: 58367 ns, At safepoint: 18350 ns, Total: 76717 ns
[2020-02-21T03:51:58.104+0000][1][safepoint    ] Safepoint "RevokeBias", Time since last: 2503431802 ns, Reaching safepoint: 78898 ns, At safepoint: 19470 ns, Total: 98368 ns
[2020-02-21T03:52:00.609+0000][1][safepoint    ] Safepoint "RevokeBias", Time since last: 2505273968 ns, Reaching safepoint: 72849 ns, At safepoint: 18015 ns, Total: 90864 ns
[2020-02-21T03:52:01.609+0000][1][safepoint    ] Safepoint "Cleanup", Time since last: 1000123210 ns, Reaching safepoint: 82587 ns, At safepoint: 6475 ns, Total: 89062 ns
[2020-02-21T03:52:02.610+0000][1][safepoint    ] Safepoint "Cleanup", Time since last: 1000299010 ns, Reaching safepoint: 88309 ns, At safepoint: 7960 ns, Total: 96269 ns
[2020-02-21T03:52:03.114+0000][1][safepoint    ] Safepoint "RevokeBias", Time since last: 504337750 ns, Reaching safepoint: 70958 ns, At safepoint: 17929 ns, Total: 88887 ns
[2020-02-21T03:52:05.617+0000][1][safepoint    ] Safepoint "RevokeBias", Time since last: 2502430086 ns, Reaching safepoint: 74185 ns, At safepoint: 17746 ns, Total: 91931 ns
[2020-02-21T03:52:08.123+0000][1][safepoint    ] Safepoint "RevokeBias", Time since last: 2506459212 ns, Reaching safepoint: 79598 ns, At safepoint: 19132 ns, Total: 98730 ns
[2020-02-21T03:52:10.644+0000][1][safepoint    ] Safepoint "RevokeBias", Time since last: 2520774905 ns, Reaching safepoint: 70335 ns, At safepoint: 17349 ns, Total: 87684 ns
[2020-02-21T03:52:13.159+0000][1][safepoint    ] Safepoint "BulkRevokeBias", Time since last: 2514122622 ns, Reaching safepoint: 93058 ns, At safepoint: 341979 ns, Total: 435037 ns
[2020-02-21T03:52:15.664+0000][1][safepoint    ] Safepoint "RevokeBias", Time since last: 2505527413 ns, Reaching safepoint: 72078 ns, At safepoint: 17255 ns, Total: 89333 ns
[2020-02-21T03:52:18.168+0000][1][safepoint    ] Safepoint "RevokeBias", Time since last: 2503781876 ns, Reaching safepoint: 137550 ns, At safepoint: 52223 ns, Total: 189773 ns
[2020-02-21T03:52:20.671+0000][1][safepoint    ] Safepoint "RevokeBias", Time since last: 2502738950 ns, Reaching safepoint: 71346 ns, At safepoint: 17726 ns, Total: 89072 ns
[2020-02-21T03:52:23.184+0000][1][safepoint    ] Safepoint "RevokeBias", Time since last: 2513086238 ns, Reaching safepoint: 173174 ns, At safepoint: 20022 ns, Total: 193196 ns
[2020-02-21T03:52:25.695+0000][1][safepoint    ] Safepoint "RevokeBias", Time since last: 2509900429 ns, Reaching safepoint: 265105 ns, At safepoint: 20300 ns, Total: 285405 ns
[2020-02-21T03:52:28.197+0000][1][safepoint    ] Safepoint "RevokeBias", Time since last: 2502121610 ns, Reaching safepoint: 133785 ns, At safepoint: 30006 ns, Total: 163791 ns
[2020-02-21T03:52:30.703+0000][1][safepoint    ] Safepoint "RevokeBias", Time since last: 2506350531 ns, Reaching safepoint: 75107 ns, At safepoint: 17468 ns, Total: 92575 ns
[2020-02-21T03:52:33.209+0000][1][safepoint    ] Safepoint "RevokeBias", Time since last: 2505288513 ns, Reaching safepoint: 112243 ns, At safepoint: 29622 ns, Total: 141865 ns
[2020-02-21T03:52:35.712+0000][1][safepoint    ] Safepoint "RevokeBias", Time since last: 2503344691 ns, Reaching safepoint: 216720 ns, At safepoint: 59759 ns, Total: 276479 ns
[2020-02-21T03:52:38.218+0000][1][safepoint    ] Safepoint "RevokeBias", Time since last: 2505734941 ns, Reaching safepoint: 124258 ns, At safepoint: 18635 ns, Total: 142893 ns
[2020-02-21T03:52:40.729+0000][1][safepoint    ] Safepoint "RevokeBias", Time since last: 2510667004 ns, Reaching safepoint: 92451 ns, At safepoint: 17217 ns, Total: 109668 ns
[2020-02-21T03:52:43.238+0000][1][safepoint    ] Safepoint "RevokeBias", Time since last: 2509085041 ns, Reaching safepoint: 110083 ns, At safepoint: 26933 ns, Total: 137016 ns
[2020-02-21T03:52:45.743+0000][1][safepoint    ] Safepoint "RevokeBias", Time since last: 2504669026 ns, Reaching safepoint: 73579 ns, At safepoint: 89141 ns, Total: 162720 ns
[2020-02-21T03:52:48.247+0000][1][safepoint    ] Safepoint "RevokeBias", Time since last: 2503852061 ns, Reaching safepoint: 89854 ns, At safepoint: 20604 ns, Total: 110458 ns
[2020-02-21T03:52:50.751+0000][1][safepoint    ] Safepoint "RevokeBias", Time since last: 2503765816 ns, Reaching safepoint: 115125 ns, At safepoint: 22723 ns, Total: 137848 ns
[2020-02-21T03:52:53.271+0000][1][safepoint    ] Safepoint "RevokeBias", Time since last: 2520204999 ns, Reaching safepoint: 73422 ns, At safepoint: 17570 ns, Total: 90992 ns
[2020-02-21T03:52:55.780+0000][1][safepoint    ] Safepoint "RevokeBias", Time since last: 2508432787 ns, Reaching safepoint: 70854 ns, At safepoint: 102422 ns, Total: 173276 ns
[2020-02-21T03:52:58.283+0000][1][safepoint    ] Safepoint "RevokeBias", Time since last: 2503054865 ns, Reaching safepoint: 71811 ns, At safepoint: 17097 ns, Total: 88908 ns
[2020-02-21T03:53:00.789+0000][1][safepoint    ] Safepoint "RevokeBias", Time since last: 2505601452 ns, Reaching safepoint: 95516 ns, At safepoint: 25709 ns, Total: 121225 ns
[2020-02-21T03:53:02.790+0000][1][safepoint    ] Safepoint "Cleanup", Time since last: 2001629364 ns, Reaching safepoint: 128438 ns, At safepoint: 12147 ns, Total: 140585 ns
[2020-02-21T03:53:03.295+0000][1][safepoint    ] Safepoint "RevokeBias", Time since last: 504063614 ns, Reaching safepoint: 72095 ns, At safepoint: 20332 ns, Total: 92427 ns
[2020-02-21T03:53:05.799+0000][1][safepoint    ] Safepoint "RevokeBias", Time since last: 2504248884 ns, Reaching safepoint: 121067 ns, At safepoint: 41376 ns, Total: 162443 ns
[2020-02-21T03:53:08.307+0000][1][safepoint    ] Safepoint "RevokeBias", Time since last: 2507457754 ns, Reaching safepoint: 62901 ns, At safepoint: 16989 ns, Total: 79890 ns
[2020-02-21T03:53:10.580+0000][1][gc,start     ] GC(93) Pause Young (Allocation Failure)
[2020-02-21T03:53:10.580+0000][1][gc,task      ] GC(93) Using 1 workers of 1 for evacuation
[2020-02-21T03:53:10.591+0000][1][gc,age       ] GC(93) Desired survivor size 4358144 bytes, new threshold 6 (max threshold 6)
[2020-02-21T03:53:10.591+0000][1][gc,age       ] GC(93) Age table with threshold 6 (max threshold 6)
[2020-02-21T03:53:10.591+0000][1][gc,age       ] GC(93) - age   1:      13760 bytes,      13760 total
[2020-02-21T03:53:10.591+0000][1][gc,age       ] GC(93) - age   2:       1104 bytes,      14864 total
[2020-02-21T03:53:10.591+0000][1][gc,age       ] GC(93) - age   3:        328 bytes,      15192 total
[2020-02-21T03:53:10.591+0000][1][gc,age       ] GC(93) - age   4:        232 bytes,      15424 total
[2020-02-21T03:53:10.591+0000][1][gc,age       ] GC(93) - age   5:       1416 bytes,      16840 total
[2020-02-21T03:53:10.591+0000][1][gc,age       ] GC(93) - age   6:        208 bytes,      17048 total
[2020-02-21T03:53:10.591+0000][1][gc,heap      ] GC(93) ParNew: 68179K->28K(76672K)
[2020-02-21T03:53:10.591+0000][1][gc,heap      ] GC(93) CMS: 62604K->62604K(963392K)
[2020-02-21T03:53:10.591+0000][1][gc,metaspace ] GC(93) Metaspace: 80097K->80097K(1122304K)
[2020-02-21T03:53:10.591+0000][1][gc           ] GC(93) Pause Young (Allocation Failure) 127M->61M(1015M) 11.053ms
[2020-02-21T03:53:10.591+0000][1][gc,cpu       ] GC(93) User=0.01s Sys=0.00s Real=0.01s
[2020-02-21T03:53:10.591+0000][1][safepoint    ] Safepoint "GenCollectForAllocation", Time since last: 2273428122 ns, Reaching safepoint: 90077 ns, At safepoint: 11107268 ns, Total: 11197345 ns
[2020-02-21T03:53:10.818+0000][1][safepoint    ] Safepoint "RevokeBias", Time since last: 226696014 ns, Reaching safepoint: 81571 ns, At safepoint: 20446 ns, Total: 102017 ns
[2020-02-21T03:53:13.329+0000][1][safepoint    ] Safepoint "RevokeBias", Time since last: 2511053398 ns, Reaching safepoint: 88095 ns, At safepoint: 20827 ns, Total: 108922 ns
[2020-02-21T03:53:15.834+0000][1][safepoint    ] Safepoint "RevokeBias", Time since last: 2505134174 ns, Reaching safepoint: 71894 ns, At safepoint: 16992 ns, Total: 88886 ns
[2020-02-21T03:53:18.337+0000][1][safepoint    ] Safepoint "RevokeBias", Time since last: 2502222211 ns, Reaching safepoint: 169706 ns, At safepoint: 24377 ns, Total: 194083 ns
[2020-02-21T03:53:20.841+0000][1][safepoint    ] Safepoint "RevokeBias", Time since last: 2503642838 ns, Reaching safepoint: 73108 ns, At safepoint: 18153 ns, Total: 91261 ns
[2020-02-21T03:53:23.356+0000][1][safepoint    ] Safepoint "RevokeBias", Time since last: 2515301695 ns, Reaching safepoint: 73469 ns, At safepoint: 17778 ns, Total: 91247 ns
[2020-02-21T03:53:25.867+0000][1][safepoint    ] Safepoint "BulkRevokeBias", Time since last: 2511150719 ns, Reaching safepoint: 56053 ns, At safepoint: 197769 ns, Total: 253822 ns
[2020-02-21T03:53:28.372+0000][1][safepoint    ] Safepoint "RevokeBias", Time since last: 2504218633 ns, Reaching safepoint: 91568 ns, At safepoint: 18307 ns, Total: 109875 ns
[2020-02-21T03:53:30.878+0000][1][safepoint    ] Safepoint "RevokeBias", Time since last: 2505870954 ns, Reaching safepoint: 72414 ns, At safepoint: 17617 ns, Total: 90031 ns
[2020-02-21T03:53:31.878+0000][1][safepoint    ] Safepoint "Cleanup", Time since last: 1000598121 ns, Reaching safepoint: 101277 ns, At safepoint: 7172 ns, Total: 108449 ns
[2020-02-21T03:53:32.879+0000][1][safepoint    ] Safepoint "Cleanup", Time since last: 1000244783 ns, Reaching safepoint: 90838 ns, At safepoint: 8273 ns, Total: 99111 ns
[2020-02-21T03:53:33.383+0000][1][safepoint    ] Safepoint "RevokeBias", Time since last: 504665202 ns, Reaching safepoint: 70439 ns, At safepoint: 17365 ns, Total: 87804 ns
[2020-02-21T03:53:35.893+0000][1][safepoint    ] Safepoint "RevokeBias", Time since last: 2509104725 ns, Reaching safepoint: 71612 ns, At safepoint: 17347 ns, Total: 88959 ns
[2020-02-21T03:53:38.405+0000][1][safepoint    ] Safepoint "RevokeBias", Time since last: 2512243410 ns, Reaching safepoint: 74789 ns, At safepoint: 18273 ns, Total: 93062 ns
[2020-02-21T03:53:40.916+0000][1][safepoint    ] Safepoint "RevokeBias", Time since last: 2511229829 ns, Reaching safepoint: 70359 ns, At safepoint: 17060 ns, Total: 87419 ns
[2020-02-21T03:53:43.424+0000][1][safepoint    ] Safepoint "RevokeBias", Time since last: 2507869930 ns, Reaching safepoint: 87460 ns, At safepoint: 20371 ns, Total: 107831 ns
[2020-02-21T03:53:45.931+0000][1][safepoint    ] Safepoint "RevokeBias", Time since last: 2506057643 ns, Reaching safepoint: 154844 ns, At safepoint: 67003 ns, Total: 221847 ns
[2020-02-21T03:53:48.433+0000][1][safepoint    ] Safepoint "RevokeBias", Time since last: 2502805803 ns, Reaching safepoint: 71582 ns, At safepoint: 17466 ns, Total: 89048 ns
[2020-02-21T03:53:50.937+0000][1][safepoint    ] Safepoint "RevokeBias", Time since last: 2503776114 ns, Reaching safepoint: 72110 ns, At safepoint: 17002 ns, Total: 89112 ns
[2020-02-21T03:53:53.451+0000][1][safepoint    ] Safepoint "RevokeBias", Time since last: 2513320022 ns, Reaching safepoint: 70820 ns, At safepoint: 16686 ns, Total: 87506 ns
[2020-02-21T03:53:55.960+0000][1][safepoint    ] Safepoint "RevokeBias", Time since last: 2509561564 ns, Reaching safepoint: 76606 ns, At safepoint: 17918 ns, Total: 94524 ns
[2020-02-21T03:53:58.465+0000][1][safepoint    ] Safepoint "RevokeBias", Time since last: 2504622642 ns, Reaching safepoint: 162765 ns, At safepoint: 20966 ns, Total: 183731 ns
[2020-02-21T03:54:00.969+0000][1][safepoint    ] Safepoint "RevokeBias", Time since last: 2503884207 ns, Reaching safepoint: 73796 ns, At safepoint: 17503 ns, Total: 91299 ns
[2020-02-21T03:54:03.474+0000][1][safepoint    ] Safepoint "RevokeBias", Time since last: 2504290485 ns, Reaching safepoint: 141726 ns, At safepoint: 19108 ns, Total: 160834 ns
[2020-02-21T03:54:05.977+0000][1][safepoint    ] Safepoint "RevokeBias", Time since last: 2503381675 ns, Reaching safepoint: 95859 ns, At safepoint: 22508 ns, Total: 118367 ns
[2020-02-21T03:54:08.483+0000][1][safepoint    ] Safepoint "RevokeBias", Time since last: 2505603827 ns, Reaching safepoint: 73396 ns, At safepoint: 17995 ns, Total: 91391 ns
[2020-02-21T03:54:10.999+0000][1][safepoint    ] Safepoint "RevokeBias", Time since last: 2516514364 ns, Reaching safepoint: 70575 ns, At safepoint: 17150 ns, Total: 87725 ns
[2020-02-21T03:54:13.508+0000][1][safepoint    ] Safepoint "RevokeBias", Time since last: 2508357696 ns, Reaching safepoint: 91115 ns, At safepoint: 21246 ns, Total: 112361 ns
[2020-02-21T03:54:16.013+0000][1][safepoint    ] Safepoint "RevokeBias", Time since last: 2504645256 ns, Reaching safepoint: 74007 ns, At safepoint: 17578 ns, Total: 91585 ns
[2020-02-21T03:54:18.516+0000][1][safepoint    ] Safepoint "RevokeBias", Time since last: 2502940108 ns, Reaching safepoint: 111609 ns, At safepoint: 27464 ns, Total: 139073 ns
[2020-02-21T03:54:21.019+0000][1][safepoint    ] Safepoint "RevokeBias", Time since last: 2502859560 ns, Reaching safepoint: 71688 ns, At safepoint: 17299 ns, Total: 88987 ns
[2020-02-21T03:54:23.533+0000][1][safepoint    ] Safepoint "RevokeBias", Time since last: 2514168810 ns, Reaching safepoint: 69399 ns, At safepoint: 19364 ns, Total: 88763 ns
[2020-02-21T03:54:26.043+0000][1][safepoint    ] Safepoint "RevokeBias", Time since last: 2510209867 ns, Reaching safepoint: 117992 ns, At safepoint: 29356 ns, Total: 147348 ns
[2020-02-21T03:54:28.548+0000][1][safepoint    ] Safepoint "RevokeBias", Time since last: 2504410965 ns, Reaching safepoint: 158105 ns, At safepoint: 20776 ns, Total: 178881 ns
[2020-02-21T03:54:31.054+0000][1][safepoint    ] Safepoint "RevokeBias", Time since last: 2506142020 ns, Reaching safepoint: 74798 ns, At safepoint: 33982 ns, Total: 108780 ns
[2020-02-21T03:54:32.381+0000][1][safepoint    ] Safepoint "Cleanup", Time since last: 1326778435 ns, Reaching safepoint: 100516 ns, At safepoint: 7149 ns, Total: 107665 ns
[2020-02-21T03:54:33.559+0000][1][safepoint    ] Safepoint "RevokeBias", Time since last: 1178277436 ns, Reaching safepoint: 74160 ns, At safepoint: 18064 ns, Total: 92224 ns
[2020-02-21T03:54:36.069+0000][1][safepoint    ] Safepoint "RevokeBias", Time since last: 2509061893 ns, Reaching safepoint: 72596 ns, At safepoint: 17074 ns, Total: 89670 ns
[2020-02-21T03:54:38.575+0000][1][safepoint    ] Safepoint "BulkRevokeBias", Time since last: 2506442757 ns, Reaching safepoint: 70952 ns, At safepoint: 276558 ns, Total: 347510 ns
[2020-02-21T03:54:41.140+0000][1][safepoint    ] Safepoint "RevokeBias", Time since last: 2564832223 ns, Reaching safepoint: 71722 ns, At safepoint: 17518 ns, Total: 89240 ns
[2020-02-21T03:54:43.649+0000][1][safepoint    ] Safepoint "RevokeBias", Time since last: 2509130641 ns, Reaching safepoint: 71681 ns, At safepoint: 16931 ns, Total: 88612 ns
[2020-02-21T03:54:46.194+0000][1][safepoint    ] Safepoint "RevokeBias", Time since last: 2544848301 ns, Reaching safepoint: 54531 ns, At safepoint: 15581 ns, Total: 70112 ns
[2020-02-21T03:54:48.714+0000][1][safepoint    ] Safepoint "RevokeBias", Time since last: 2519242874 ns, Reaching safepoint: 58188 ns, At safepoint: 15767 ns, Total: 73955 ns
[2020-02-21T03:54:51.218+0000][1][safepoint    ] Safepoint "RevokeBias", Time since last: 2504069418 ns, Reaching safepoint: 71130 ns, At safepoint: 17192 ns, Total: 88322 ns
[2020-02-21T03:54:53.730+0000][1][safepoint    ] Safepoint "RevokeBias", Time since last: 2511783981 ns, Reaching safepoint: 71330 ns, At safepoint: 18246 ns, Total: 89576 ns
[2020-02-21T03:54:56.240+0000][1][safepoint    ] Safepoint "RevokeBias", Time since last: 2509760255 ns, Reaching safepoint: 83111 ns, At safepoint: 20653 ns, Total: 103764 ns
[2020-02-21T03:54:58.744+0000][1][safepoint    ] Safepoint "RevokeBias", Time since last: 2503886948 ns, Reaching safepoint: 64422 ns, At safepoint: 18391 ns, Total: 82813 ns
[2020-02-21T03:55:01.295+0000][1][safepoint    ] Safepoint "RevokeBias", Time since last: 2550926565 ns, Reaching safepoint: 71746 ns, At safepoint: 17009 ns, Total: 88755 ns
[2020-02-21T03:55:03.818+0000][1][safepoint    ] Safepoint "RevokeBias", Time since last: 2523112480 ns, Reaching safepoint: 109771 ns, At safepoint: 26967 ns, Total: 136738 ns
[2020-02-21T03:55:06.364+0000][1][safepoint    ] Safepoint "RevokeBias", Time since last: 2545912166 ns, Reaching safepoint: 83330 ns, At safepoint: 20797 ns, Total: 104127 ns
[2020-02-21T03:55:08.881+0000][1][safepoint    ] Safepoint "RevokeBias", Time since last: 2516864117 ns, Reaching safepoint: 82688 ns, At safepoint: 20246 ns, Total: 102934 ns
[2020-02-21T03:55:11.392+0000][1][safepoint    ] Safepoint "RevokeBias", Time since last: 2511031035 ns, Reaching safepoint: 73821 ns, At safepoint: 15970 ns, Total: 89791 ns
[2020-02-21T03:55:13.908+0000][1][safepoint    ] Safepoint "RevokeBias", Time since last: 2515732070 ns, Reaching safepoint: 72640 ns, At safepoint: 17273 ns, Total: 89913 ns
[2020-02-21T03:55:16.414+0000][1][safepoint    ] Safepoint "RevokeBias", Time since last: 2506075522 ns, Reaching safepoint: 137712 ns, At safepoint: 20213 ns, Total: 157925 ns
[2020-02-21T03:55:18.917+0000][1][safepoint    ] Safepoint "RevokeBias", Time since last: 2502572483 ns, Reaching safepoint: 60749 ns, At safepoint: 17257 ns, Total: 78006 ns
[2020-02-21T03:55:21.419+0000][1][safepoint    ] Safepoint "RevokeBias", Time since last: 2502343208 ns, Reaching safepoint: 107149 ns, At safepoint: 27440 ns, Total: 134589 ns
[2020-02-21T03:55:23.925+0000][1][safepoint    ] Safepoint "RevokeBias", Time since last: 2506193509 ns, Reaching safepoint: 132685 ns, At safepoint: 20587 ns, Total: 153272 ns
[2020-02-21T03:55:26.431+0000][1][safepoint    ] Safepoint "RevokeBias", Time since last: 2505853019 ns, Reaching safepoint: 110828 ns, At safepoint: 20361 ns, Total: 131189 ns
[2020-02-21T03:55:28.944+0000][1][safepoint    ] Safepoint "RevokeBias", Time since last: 2512281617 ns, Reaching safepoint: 112322 ns, At safepoint: 57095 ns, Total: 169417 ns
[2020-02-21T03:55:31.369+0000][1][gc,start     ] GC(94) Pause Young (Allocation Failure)
[2020-02-21T03:55:31.369+0000][1][gc,task      ] GC(94) Using 1 workers of 1 for evacuation
[2020-02-21T03:55:31.381+0000][1][gc,age       ] GC(94) Desired survivor size 4358144 bytes, new threshold 6 (max threshold 6)
[2020-02-21T03:55:31.381+0000][1][gc,age       ] GC(94) Age table with threshold 6 (max threshold 6)
[2020-02-21T03:55:31.381+0000][1][gc,age       ] GC(94) - age   1:      16184 bytes,      16184 total
[2020-02-21T03:55:31.381+0000][1][gc,age       ] GC(94) - age   2:        936 bytes,      17120 total
[2020-02-21T03:55:31.381+0000][1][gc,age       ] GC(94) - age   3:       1104 bytes,      18224 total
[2020-02-21T03:55:31.381+0000][1][gc,age       ] GC(94) - age   4:        328 bytes,      18552 total
[2020-02-21T03:55:31.381+0000][1][gc,age       ] GC(94) - age   5:        232 bytes,      18784 total
[2020-02-21T03:55:31.381+0000][1][gc,age       ] GC(94) - age   6:       1184 bytes,      19968 total
[2020-02-21T03:55:31.382+0000][1][gc,heap      ] GC(94) ParNew: 68188K->19K(76672K)
[2020-02-21T03:55:31.382+0000][1][gc,heap      ] GC(94) CMS: 62604K->62604K(963392K)
[2020-02-21T03:55:31.382+0000][1][gc,metaspace ] GC(94) Metaspace: 80097K->80097K(1122304K)
[2020-02-21T03:55:31.382+0000][1][gc           ] GC(94) Pause Young (Allocation Failure) 127M->61M(1015M) 12.846ms
[2020-02-21T03:55:31.382+0000][1][gc,cpu       ] GC(94) User=0.01s Sys=0.00s Real=0.01s
[2020-02-21T03:55:31.382+0000][1][safepoint    ] Safepoint "GenCollectForAllocation", Time since last: 2424749569 ns, Reaching safepoint: 96987 ns, At safepoint: 12901646 ns, Total: 12998633 ns
[2020-02-21T03:55:31.455+0000][1][safepoint    ] Safepoint "RevokeBias", Time since last: 73128887 ns, Reaching safepoint: 90669 ns, At safepoint: 19064 ns, Total: 109733 ns
[2020-02-21T03:55:33.967+0000][1][safepoint    ] Safepoint "RevokeBias", Time since last: 2512169235 ns, Reaching safepoint: 85857 ns, At safepoint: 21076 ns, Total: 106933 ns
[2020-02-21T03:55:36.477+0000][1][safepoint    ] Safepoint "RevokeBias", Time since last: 2509318447 ns, Reaching safepoint: 111845 ns, At safepoint: 26946 ns, Total: 138791 ns
[2020-02-21T03:55:38.984+0000][1][safepoint    ] Safepoint "RevokeBias", Time since last: 2507758537 ns, Reaching safepoint: 72764 ns, At safepoint: 18384 ns, Total: 91148 ns
[2020-02-21T03:55:41.502+0000][1][safepoint    ] Safepoint "RevokeBias", Time since last: 2517057072 ns, Reaching safepoint: 175508 ns, At safepoint: 85661 ns, Total: 261169 ns
[2020-02-21T03:55:44.015+0000][1][safepoint    ] Safepoint "RevokeBias", Time since last: 2512685952 ns, Reaching safepoint: 110610 ns, At safepoint: 27642 ns, Total: 138252 ns
[2020-02-21T03:55:46.521+0000][1][safepoint    ] Safepoint "RevokeBias", Time since last: 2506605635 ns, Reaching safepoint: 80360 ns, At safepoint: 19252 ns, Total: 99612 ns
[2020-02-21T03:55:49.025+0000][1][safepoint    ] Safepoint "RevokeBias", Time since last: 2503607794 ns, Reaching safepoint: 72485 ns, At safepoint: 17493 ns, Total: 89978 ns
[2020-02-21T03:55:51.529+0000][1][safepoint    ] Safepoint "BulkRevokeBias", Time since last: 2503873211 ns, Reaching safepoint: 60199 ns, At safepoint: 307564 ns, Total: 367763 ns
[2020-02-21T03:55:54.037+0000][1][safepoint    ] Safepoint "RevokeBias", Time since last: 2507634196 ns, Reaching safepoint: 88414 ns, At safepoint: 80903 ns, Total: 169317 ns
[2020-02-21T03:55:56.543+0000][1][safepoint    ] Safepoint "RevokeBias", Time since last: 2505532410 ns, Reaching safepoint: 72367 ns, At safepoint: 17552 ns, Total: 89919 ns
[2020-02-21T03:55:59.058+0000][1][safepoint    ] Safepoint "RevokeBias", Time since last: 2515311856 ns, Reaching safepoint: 76971 ns, At safepoint: 17239 ns, Total: 94210 ns
[2020-02-21T03:56:01.568+0000][1][safepoint    ] Safepoint "RevokeBias", Time since last: 2510243238 ns, Reaching safepoint: 72449 ns, At safepoint: 18388 ns, Total: 90837 ns
[2020-02-21T03:56:04.074+0000][1][safepoint    ] Safepoint "RevokeBias", Time since last: 2506005584 ns, Reaching safepoint: 71600 ns, At safepoint: 17825 ns, Total: 89425 ns
[2020-02-21T03:56:06.577+0000][1][safepoint    ] Safepoint "RevokeBias", Time since last: 2502540444 ns, Reaching safepoint: 53840 ns, At safepoint: 15726 ns, Total: 69566 ns
[2020-02-21T03:56:09.084+0000][1][safepoint    ] Safepoint "RevokeBias", Time since last: 2506851930 ns, Reaching safepoint: 86288 ns, At safepoint: 22412 ns, Total: 108700 ns
[2020-02-21T03:56:11.602+0000][1][safepoint    ] Safepoint "RevokeBias", Time since last: 2517413503 ns, Reaching safepoint: 76187 ns, At safepoint: 19157 ns, Total: 95344 ns
[2020-02-21T03:56:14.109+0000][1][safepoint    ] Safepoint "RevokeBias", Time since last: 2507567374 ns, Reaching safepoint: 57768 ns, At safepoint: 16851 ns, Total: 74619 ns
[2020-02-21T03:56:16.614+0000][1][safepoint    ] Safepoint "RevokeBias", Time since last: 2505031740 ns, Reaching safepoint: 62466 ns, At safepoint: 18042 ns, Total: 80508 ns
[2020-02-21T03:56:19.118+0000][1][safepoint    ] Safepoint "RevokeBias", Time since last: 2503868624 ns, Reaching safepoint: 128133 ns, At safepoint: 35675 ns, Total: 163808 ns
[2020-02-21T03:56:21.119+0000][1][safepoint    ] Safepoint "Cleanup", Time since last: 2000572570 ns, Reaching safepoint: 123575 ns, At safepoint: 11633 ns, Total: 135208 ns
[2020-02-21T03:56:21.621+0000][1][safepoint    ] Safepoint "RevokeBias", Time since last: 502175175 ns, Reaching safepoint: 73207 ns, At safepoint: 18358 ns, Total: 91565 ns
[2020-02-21T03:56:24.142+0000][1][safepoint    ] Safepoint "RevokeBias", Time since last: 2520395881 ns, Reaching safepoint: 193545 ns, At safepoint: 47104 ns, Total: 240649 ns
[2020-02-21T03:56:26.652+0000][1][safepoint    ] Safepoint "RevokeBias", Time since last: 2509609146 ns, Reaching safepoint: 71519 ns, At safepoint: 18796 ns, Total: 90315 ns
[2020-02-21T03:56:29.155+0000][1][safepoint    ] Safepoint "RevokeBias", Time since last: 2502985351 ns, Reaching safepoint: 178473 ns, At safepoint: 21768 ns, Total: 200241 ns
[2020-02-21T03:56:31.661+0000][1][safepoint    ] Safepoint "RevokeBias", Time since last: 2506314569 ns, Reaching safepoint: 106503 ns, At safepoint: 19537 ns, Total: 126040 ns
[2020-02-21T03:56:34.168+0000][1][safepoint    ] Safepoint "RevokeBias", Time since last: 2506657584 ns, Reaching safepoint: 71922 ns, At safepoint: 17357 ns, Total: 89279 ns
[2020-02-21T03:56:36.672+0000][1][safepoint    ] Safepoint "RevokeBias", Time since last: 2503887093 ns, Reaching safepoint: 89045 ns, At safepoint: 17781 ns, Total: 106826 ns
[2020-02-21T03:56:39.179+0000][1][safepoint    ] Safepoint "RevokeBias", Time since last: 2506821099 ns, Reaching safepoint: 71613 ns, At safepoint: 18672 ns, Total: 90285 ns
[2020-02-21T03:56:41.693+0000][1][safepoint    ] Safepoint "RevokeBias", Time since last: 2513876481 ns, Reaching safepoint: 70831 ns, At safepoint: 17308 ns, Total: 88139 ns
[2020-02-21T03:56:44.202+0000][1][safepoint    ] Safepoint "RevokeBias", Time since last: 2508866267 ns, Reaching safepoint: 130242 ns, At safepoint: 17994 ns, Total: 148236 ns
[2020-02-21T03:56:46.708+0000][1][safepoint    ] Safepoint "RevokeBias", Time since last: 2506209845 ns, Reaching safepoint: 58743 ns, At safepoint: 16574 ns, Total: 75317 ns
[2020-02-21T03:56:49.210+0000][1][safepoint    ] Safepoint "RevokeBias", Time since last: 2502007549 ns, Reaching safepoint: 112163 ns, At safepoint: 27955 ns, Total: 140118 ns
[2020-02-21T03:56:51.714+0000][1][safepoint    ] Safepoint "RevokeBias", Time since last: 2503434366 ns, Reaching safepoint: 107363 ns, At safepoint: 17406 ns, Total: 124769 ns
[2020-02-21T03:56:54.227+0000][1][safepoint    ] Safepoint "RevokeBias", Time since last: 2513082348 ns, Reaching safepoint: 134348 ns, At safepoint: 55603 ns, Total: 189951 ns
[2020-02-21T03:56:56.737+0000][1][safepoint    ] Safepoint "RevokeBias", Time since last: 2509458635 ns, Reaching safepoint: 73865 ns, At safepoint: 18233 ns, Total: 92098 ns
[2020-02-21T03:56:59.240+0000][1][safepoint    ] Safepoint "RevokeBias", Time since last: 2503068264 ns, Reaching safepoint: 74820 ns, At safepoint: 19305 ns, Total: 94125 ns
[2020-02-21T03:57:01.753+0000][1][safepoint    ] Safepoint "RevokeBias", Time since last: 2510720306 ns, Reaching safepoint: 1954698 ns, At safepoint: 23525 ns, Total: 1978223 ns
[2020-02-21T03:57:04.258+0000][1][safepoint    ] Safepoint "BulkRevokeBias", Time since last: 2504884204 ns, Reaching safepoint: 111006 ns, At safepoint: 489446 ns, Total: 600452 ns
[2020-02-21T03:57:06.763+0000][1][safepoint    ] Safepoint "RevokeBias", Time since last: 2505196296 ns, Reaching safepoint: 72340 ns, At safepoint: 17507 ns, Total: 89847 ns
[2020-02-21T03:57:09.270+0000][1][safepoint    ] Safepoint "RevokeBias", Time since last: 2506279778 ns, Reaching safepoint: 82795 ns, At safepoint: 18643 ns, Total: 101438 ns
[2020-02-21T03:57:11.784+0000][1][safepoint    ] Safepoint "RevokeBias", Time since last: 2514001090 ns, Reaching safepoint: 51883 ns, At safepoint: 15771 ns, Total: 67654 ns
[2020-02-21T03:57:14.292+0000][1][safepoint    ] Safepoint "RevokeBias", Time since last: 2508122445 ns, Reaching safepoint: 72912 ns, At safepoint: 17392 ns, Total: 90304 ns
[2020-02-21T03:57:16.798+0000][1][safepoint    ] Safepoint "RevokeBias", Time since last: 2506042046 ns, Reaching safepoint: 72872 ns, At safepoint: 17698 ns, Total: 90570 ns
[2020-02-21T03:57:19.301+0000][1][safepoint    ] Safepoint "RevokeBias", Time since last: 2502778907 ns, Reaching safepoint: 71865 ns, At safepoint: 16996 ns, Total: 88861 ns
[2020-02-21T03:57:21.803+0000][1][safepoint    ] Safepoint "RevokeBias", Time since last: 2502182656 ns, Reaching safepoint: 123429 ns, At safepoint: 23780 ns, Total: 147209 ns
[2020-02-21T03:57:24.326+0000][1][safepoint    ] Safepoint "RevokeBias", Time since last: 2522327463 ns, Reaching safepoint: 94059 ns, At safepoint: 20946 ns, Total: 115005 ns
[2020-02-21T03:57:26.836+0000][1][safepoint    ] Safepoint "RevokeBias", Time since last: 2510479668 ns, Reaching safepoint: 71913 ns, At safepoint: 17233 ns, Total: 89146 ns
[2020-02-21T03:57:29.342+0000][1][safepoint    ] Safepoint "RevokeBias", Time since last: 2504847882 ns, Reaching safepoint: 175148 ns, At safepoint: 111251 ns, Total: 286399 ns
[2020-02-21T03:57:31.853+0000][1][safepoint    ] Safepoint "RevokeBias", Time since last: 2510268415 ns, Reaching safepoint: 1292809 ns, At safepoint: 22491 ns, Total: 1315300 ns
[2020-02-21T03:57:34.359+0000][1][safepoint    ] Safepoint "RevokeBias", Time since last: 2505699851 ns, Reaching safepoint: 115150 ns, At safepoint: 123501 ns, Total: 238651 ns
[2020-02-21T03:57:36.863+0000][1][safepoint    ] Safepoint "RevokeBias", Time since last: 2503399660 ns, Reaching safepoint: 73259 ns, At safepoint: 16924 ns, Total: 90183 ns
[2020-02-21T03:57:39.367+0000][1][safepoint    ] Safepoint "RevokeBias", Time since last: 2503993474 ns, Reaching safepoint: 169052 ns, At safepoint: 58157 ns, Total: 227209 ns
[2020-02-21T03:57:41.884+0000][1][safepoint    ] Safepoint "RevokeBias", Time since last: 2517399805 ns, Reaching safepoint: 96314 ns, At safepoint: 27460 ns, Total: 123774 ns
[2020-02-21T03:57:44.398+0000][1][safepoint    ] Safepoint "RevokeBias", Time since last: 2513453626 ns, Reaching safepoint: 71682 ns, At safepoint: 17437 ns, Total: 89119 ns
[2020-02-21T03:57:46.913+0000][1][safepoint    ] Safepoint "RevokeBias", Time since last: 2515177968 ns, Reaching safepoint: 70601 ns, At safepoint: 17238 ns, Total: 87839 ns
[2020-02-21T03:57:49.426+0000][1][safepoint    ] Safepoint "RevokeBias", Time since last: 2512601461 ns, Reaching safepoint: 69870 ns, At safepoint: 16814 ns, Total: 86684 ns
[2020-02-21T03:57:50.883+0000][1][gc,start     ] GC(95) Pause Young (Allocation Failure)
[2020-02-21T03:57:50.883+0000][1][gc,task      ] GC(95) Using 1 workers of 1 for evacuation
[2020-02-21T03:57:50.906+0000][1][gc,age       ] GC(95) Desired survivor size 4358144 bytes, new threshold 6 (max threshold 6)
[2020-02-21T03:57:50.906+0000][1][gc,age       ] GC(95) Age table with threshold 6 (max threshold 6)
[2020-02-21T03:57:50.906+0000][1][gc,age       ] GC(95) - age   1:      13000 bytes,      13000 total
[2020-02-21T03:57:50.906+0000][1][gc,age       ] GC(95) - age   2:        264 bytes,      13264 total
[2020-02-21T03:57:50.906+0000][1][gc,age       ] GC(95) - age   3:        816 bytes,      14080 total
[2020-02-21T03:57:50.906+0000][1][gc,age       ] GC(95) - age   4:        984 bytes,      15064 total
[2020-02-21T03:57:50.906+0000][1][gc,age       ] GC(95) - age   5:        328 bytes,      15392 total
[2020-02-21T03:57:50.906+0000][1][gc,age       ] GC(95) - age   6:        232 bytes,      15624 total
[2020-02-21T03:57:50.906+0000][1][gc,heap      ] GC(95) ParNew: 68179K->17K(76672K)
[2020-02-21T03:57:50.906+0000][1][gc,heap      ] GC(95) CMS: 62604K->62605K(963392K)
[2020-02-21T03:57:50.906+0000][1][gc,metaspace ] GC(95) Metaspace: 80097K->80097K(1122304K)
[2020-02-21T03:57:50.906+0000][1][gc           ] GC(95) Pause Young (Allocation Failure) 127M->61M(1015M) 23.136ms
[2020-02-21T03:57:50.906+0000][1][gc,cpu       ] GC(95) User=0.01s Sys=0.00s Real=0.03s
[2020-02-21T03:57:50.906+0000][1][safepoint    ] Safepoint "GenCollectForAllocation", Time since last: 1456803458 ns, Reaching safepoint: 73571 ns, At safepoint: 23190825 ns, Total: 23264396 ns
[2020-02-21T03:57:51.930+0000][1][safepoint    ] Safepoint "RevokeBias", Time since last: 1023597433 ns, Reaching safepoint: 127436 ns, At safepoint: 32153 ns, Total: 159589 ns
[2020-02-21T03:57:54.438+0000][1][safepoint    ] Safepoint "RevokeBias", Time since last: 2508116772 ns, Reaching safepoint: 86964 ns, At safepoint: 20344 ns, Total: 107308 ns
[2020-02-21T03:57:56.948+0000][1][safepoint    ] Safepoint "RevokeBias", Time since last: 2509953312 ns, Reaching safepoint: 72871 ns, At safepoint: 17822 ns, Total: 90693 ns
[2020-02-21T03:57:59.452+0000][1][safepoint    ] Safepoint "RevokeBias", Time since last: 2503674220 ns, Reaching safepoint: 106149 ns, At safepoint: 17116 ns, Total: 123265 ns
[2020-02-21T03:58:01.958+0000][1][safepoint    ] Safepoint "RevokeBias", Time since last: 2505795801 ns, Reaching safepoint: 72568 ns, At safepoint: 17409 ns, Total: 89977 ns
[2020-02-21T03:58:04.460+0000][1][safepoint    ] Safepoint "RevokeBias", Time since last: 2502681492 ns, Reaching safepoint: 89105 ns, At safepoint: 20545 ns, Total: 109650 ns
[2020-02-21T03:58:06.964+0000][1][safepoint    ] Safepoint "RevokeBias", Time since last: 2503948661 ns, Reaching safepoint: 93842 ns, At safepoint: 20380 ns, Total: 114222 ns
[2020-02-21T03:58:09.469+0000][1][safepoint    ] Safepoint "RevokeBias", Time since last: 2504111998 ns, Reaching safepoint: 69254 ns, At safepoint: 17159 ns, Total: 86413 ns
[2020-02-21T03:58:11.984+0000][1][safepoint    ] Safepoint "RevokeBias", Time since last: 2515684546 ns, Reaching safepoint: 69542 ns, At safepoint: 16895 ns, Total: 86437 ns
[2020-02-21T03:58:14.494+0000][1][safepoint    ] Safepoint "RevokeBias", Time since last: 2509619549 ns, Reaching safepoint: 81579 ns, At safepoint: 19930 ns, Total: 101509 ns
[2020-02-21T03:58:17.000+0000][1][safepoint    ] Safepoint "BulkRevokeBias", Time since last: 2506001731 ns, Reaching safepoint: 79944 ns, At safepoint: 244980 ns, Total: 324924 ns
[2020-02-21T03:58:19.503+0000][1][safepoint    ] Safepoint "RevokeBias", Time since last: 2502560939 ns, Reaching safepoint: 71038 ns, At safepoint: 17079 ns, Total: 88117 ns
[2020-02-21T03:58:22.006+0000][1][safepoint    ] Safepoint "RevokeBias", Time since last: 2503014316 ns, Reaching safepoint: 82762 ns, At safepoint: 20665 ns, Total: 103427 ns
[2020-02-21T03:58:24.515+0000][1][safepoint    ] Safepoint "RevokeBias", Time since last: 2508586543 ns, Reaching safepoint: 59290 ns, At safepoint: 16036 ns, Total: 75326 ns
[2020-02-21T03:58:27.027+0000][1][safepoint    ] Safepoint "RevokeBias", Time since last: 2512161980 ns, Reaching safepoint: 74346 ns, At safepoint: 17671 ns, Total: 92017 ns
[2020-02-21T03:58:29.530+0000][1][safepoint    ] Safepoint "RevokeBias", Time since last: 2502944711 ns, Reaching safepoint: 70945 ns, At safepoint: 16769 ns, Total: 87714 ns
[2020-02-21T03:58:32.035+0000][1][safepoint    ] Safepoint "RevokeBias", Time since last: 2505035608 ns, Reaching safepoint: 74338 ns, At safepoint: 18339 ns, Total: 92677 ns
[2020-02-21T03:58:34.538+0000][1][safepoint    ] Safepoint "RevokeBias", Time since last: 2502652045 ns, Reaching safepoint: 89103 ns, At safepoint: 20506 ns, Total: 109609 ns
[2020-02-21T03:58:37.041+0000][1][safepoint    ] Safepoint "RevokeBias", Time since last: 2503219915 ns, Reaching safepoint: 72451 ns, At safepoint: 16925 ns, Total: 89376 ns
[2020-02-21T03:58:39.546+0000][1][safepoint    ] Safepoint "RevokeBias", Time since last: 2504184972 ns, Reaching safepoint: 70734 ns, At safepoint: 17581 ns, Total: 88315 ns
[2020-02-21T03:58:42.067+0000][1][safepoint    ] Safepoint "RevokeBias", Time since last: 2521050926 ns, Reaching safepoint: 95987 ns, At safepoint: 26706 ns, Total: 122693 ns
[2020-02-21T03:58:44.577+0000][1][safepoint    ] Safepoint "RevokeBias", Time since last: 2509737941 ns, Reaching safepoint: 427070 ns, At safepoint: 21393 ns, Total: 448463 ns
[2020-02-21T03:58:47.082+0000][1][safepoint    ] Safepoint "RevokeBias", Time since last: 2505165210 ns, Reaching safepoint: 70726 ns, At safepoint: 17378 ns, Total: 88104 ns
[2020-02-21T03:58:49.584+0000][1][safepoint    ] Safepoint "RevokeBias", Time since last: 2502161472 ns, Reaching safepoint: 70184 ns, At safepoint: 17011 ns, Total: 87195 ns
[2020-02-21T03:58:52.089+0000][1][safepoint    ] Safepoint "RevokeBias", Time since last: 2504381864 ns, Reaching safepoint: 55949 ns, At safepoint: 15972 ns, Total: 71921 ns
[2020-02-21T03:58:54.593+0000][1][safepoint    ] Safepoint "RevokeBias", Time since last: 2503597227 ns, Reaching safepoint: 70756 ns, At safepoint: 48628 ns, Total: 119384 ns
[2020-02-21T03:58:57.101+0000][1][safepoint    ] Safepoint "RevokeBias", Time since last: 2508096300 ns, Reaching safepoint: 68862 ns, At safepoint: 16903 ns, Total: 85765 ns
[2020-02-21T03:58:59.610+0000][1][safepoint    ] Safepoint "RevokeBias", Time since last: 2508721652 ns, Reaching safepoint: 72339 ns, At safepoint: 17360 ns, Total: 89699 ns
[2020-02-21T03:59:02.122+0000][1][safepoint    ] Safepoint "RevokeBias", Time since last: 2511817565 ns, Reaching safepoint: 168659 ns, At safepoint: 17427 ns, Total: 186086 ns
[2020-02-21T03:59:04.626+0000][1][safepoint    ] Safepoint "RevokeBias", Time since last: 2503705192 ns, Reaching safepoint: 231902 ns, At safepoint: 66455 ns, Total: 298357 ns
[2020-02-21T03:59:07.129+0000][1][safepoint    ] Safepoint "RevokeBias", Time since last: 2503391387 ns, Reaching safepoint: 72311 ns, At safepoint: 17688 ns, Total: 89999 ns
[2020-02-21T03:59:09.632+0000][1][safepoint    ] Safepoint "RevokeBias", Time since last: 2502995516 ns, Reaching safepoint: 73262 ns, At safepoint: 17723 ns, Total: 90985 ns
[2020-02-21T03:59:12.145+0000][1][safepoint    ] Safepoint "RevokeBias", Time since last: 2512671663 ns, Reaching safepoint: 52027 ns, At safepoint: 15458 ns, Total: 67485 ns
[2020-02-21T03:59:14.654+0000][1][safepoint    ] Safepoint "RevokeBias", Time since last: 2509027628 ns, Reaching safepoint: 132904 ns, At safepoint: 30358 ns, Total: 163262 ns
[2020-02-21T03:59:17.163+0000][1][safepoint    ] Safepoint "RevokeBias", Time since last: 2508293145 ns, Reaching safepoint: 81664 ns, At safepoint: 18808 ns, Total: 100472 ns
[2020-02-21T03:59:19.665+0000][1][safepoint    ] Safepoint "RevokeBias", Time since last: 2502388678 ns, Reaching safepoint: 81693 ns, At safepoint: 20190 ns, Total: 101883 ns
[2020-02-21T03:59:22.168+0000][1][safepoint    ] Safepoint "RevokeBias", Time since last: 2503116072 ns, Reaching safepoint: 70570 ns, At safepoint: 16789 ns, Total: 87359 ns
[2020-02-21T03:59:24.672+0000][1][safepoint    ] Safepoint "RevokeBias", Time since last: 2503481687 ns, Reaching safepoint: 74557 ns, At safepoint: 18675 ns, Total: 93232 ns
[2020-02-21T03:59:27.178+0000][1][safepoint    ] Safepoint "RevokeBias", Time since last: 2506541908 ns, Reaching safepoint: 113243 ns, At safepoint: 26078 ns, Total: 139321 ns
[2020-02-21T03:59:29.689+0000][1][safepoint    ] Safepoint "BulkRevokeBias", Time since last: 2510403378 ns, Reaching safepoint: 87356 ns, At safepoint: 360611 ns, Total: 447967 ns
[2020-02-21T03:59:32.203+0000][1][safepoint    ] Safepoint "RevokeBias", Time since last: 2513880606 ns, Reaching safepoint: 76550 ns, At safepoint: 17780 ns, Total: 94330 ns
[2020-02-21T03:59:34.709+0000][1][safepoint    ] Safepoint "RevokeBias", Time since last: 2505524169 ns, Reaching safepoint: 127964 ns, At safepoint: 24707 ns, Total: 152671 ns
[2020-02-21T03:59:37.212+0000][1][safepoint    ] Safepoint "RevokeBias", Time since last: 2502996173 ns, Reaching safepoint: 73445 ns, At safepoint: 17104 ns, Total: 90549 ns
[2020-02-21T03:59:39.718+0000][1][safepoint    ] Safepoint "RevokeBias", Time since last: 2505597520 ns, Reaching safepoint: 75518 ns, At safepoint: 18827 ns, Total: 94345 ns
[2020-02-21T03:59:42.233+0000][1][safepoint    ] Safepoint "RevokeBias", Time since last: 2515062940 ns, Reaching safepoint: 88114 ns, At safepoint: 22131 ns, Total: 110245 ns
[2020-02-21T03:59:44.740+0000][1][safepoint    ] Safepoint "RevokeBias", Time since last: 2506498380 ns, Reaching safepoint: 83578 ns, At safepoint: 20323 ns, Total: 103901 ns
[2020-02-21T03:59:47.245+0000][1][safepoint    ] Safepoint "RevokeBias", Time since last: 2504901999 ns, Reaching safepoint: 91060 ns, At safepoint: 22368 ns, Total: 113428 ns
[2020-02-21T03:59:49.748+0000][1][safepoint    ] Safepoint "RevokeBias", Time since last: 2503780573 ns, Reaching safepoint: 82451 ns, At safepoint: 20287 ns, Total: 102738 ns
[2020-02-21T03:59:52.253+0000][1][safepoint    ] Safepoint "RevokeBias", Time since last: 2504681032 ns, Reaching safepoint: 143609 ns, At safepoint: 33477 ns, Total: 177086 ns
[2020-02-21T03:59:54.758+0000][1][safepoint    ] Safepoint "RevokeBias", Time since last: 2504560996 ns, Reaching safepoint: 161733 ns, At safepoint: 20193 ns, Total: 181926 ns
[2020-02-21T03:59:57.261+0000][1][safepoint    ] Safepoint "RevokeBias", Time since last: 2503206445 ns, Reaching safepoint: 187242 ns, At safepoint: 20077 ns, Total: 207319 ns
[2020-02-21T03:59:59.769+0000][1][safepoint    ] Safepoint "RevokeBias", Time since last: 2507070208 ns, Reaching safepoint: 71129 ns, At safepoint: 16864 ns, Total: 87993 ns
[2020-02-21T04:00:02.284+0000][1][safepoint    ] Safepoint "RevokeBias", Time since last: 2515061088 ns, Reaching safepoint: 173312 ns, At safepoint: 32324 ns, Total: 205636 ns
[2020-02-21T04:00:04.787+0000][1][safepoint    ] Safepoint "RevokeBias", Time since last: 2503359142 ns, Reaching safepoint: 70518 ns, At safepoint: 18632 ns, Total: 89150 ns
[2020-02-21T04:00:07.290+0000][1][safepoint    ] Safepoint "RevokeBias", Time since last: 2502869399 ns, Reaching safepoint: 246632 ns, At safepoint: 34981 ns, Total: 281613 ns
[2020-02-21T04:00:09.794+0000][1][safepoint    ] Safepoint "RevokeBias", Time since last: 2503285151 ns, Reaching safepoint: 72485 ns, At safepoint: 17514 ns, Total: 89999 ns
[2020-02-21T04:00:11.000+0000][1][gc,start     ] GC(96) Pause Young (Allocation Failure)
[2020-02-21T04:00:11.000+0000][1][gc,task      ] GC(96) Using 1 workers of 1 for evacuation
[2020-02-21T04:00:11.010+0000][1][gc,age       ] GC(96) Desired survivor size 4358144 bytes, new threshold 6 (max threshold 6)
[2020-02-21T04:00:11.010+0000][1][gc,age       ] GC(96) Age table with threshold 6 (max threshold 6)
[2020-02-21T04:00:11.010+0000][1][gc,age       ] GC(96) - age   1:      13328 bytes,      13328 total
[2020-02-21T04:00:11.010+0000][1][gc,age       ] GC(96) - age   3:        264 bytes,      13592 total
[2020-02-21T04:00:11.010+0000][1][gc,age       ] GC(96) - age   4:        816 bytes,      14408 total
[2020-02-21T04:00:11.010+0000][1][gc,age       ] GC(96) - age   5:        984 bytes,      15392 total
[2020-02-21T04:00:11.010+0000][1][gc,age       ] GC(96) - age   6:        328 bytes,      15720 total
[2020-02-21T04:00:11.010+0000][1][gc,heap      ] GC(96) ParNew: 68177K->15K(76672K)
[2020-02-21T04:00:11.010+0000][1][gc,heap      ] GC(96) CMS: 62605K->62606K(963392K)
[2020-02-21T04:00:11.010+0000][1][gc,metaspace ] GC(96) Metaspace: 80108K->80108K(1122304K)
[2020-02-21T04:00:11.010+0000][1][gc           ] GC(96) Pause Young (Allocation Failure) 127M->61M(1015M) 10.465ms
[2020-02-21T04:00:11.010+0000][1][gc,cpu       ] GC(96) User=0.01s Sys=0.00s Real=0.01s
[2020-02-21T04:00:11.010+0000][1][safepoint    ] Safepoint "GenCollectForAllocation", Time since last: 1206003802 ns, Reaching safepoint: 73933 ns, At safepoint: 10518286 ns, Total: 10592219 ns
[2020-02-21T04:00:12.315+0000][1][safepoint    ] Safepoint "RevokeBias", Time since last: 1304094792 ns, Reaching safepoint: 72269 ns, At safepoint: 17550 ns, Total: 89819 ns
[2020-02-21T04:00:14.825+0000][1][safepoint    ] Safepoint "RevokeBias", Time since last: 2510579386 ns, Reaching safepoint: 72403 ns, At safepoint: 18376 ns, Total: 90779 ns
[2020-02-21T04:00:17.329+0000][1][safepoint    ] Safepoint "RevokeBias", Time since last: 2503778845 ns, Reaching safepoint: 113412 ns, At safepoint: 20344 ns, Total: 133756 ns
[2020-02-21T04:00:19.832+0000][1][safepoint    ] Safepoint "RevokeBias", Time since last: 2502726366 ns, Reaching safepoint: 109151 ns, At safepoint: 24767 ns, Total: 133918 ns
[2020-02-21T04:00:22.335+0000][1][safepoint    ] Safepoint "RevokeBias", Time since last: 2502989569 ns, Reaching safepoint: 78676 ns, At safepoint: 20233 ns, Total: 98909 ns
[2020-02-21T04:00:24.838+0000][1][safepoint    ] Safepoint "RevokeBias", Time since last: 2502978182 ns, Reaching safepoint: 80669 ns, At safepoint: 19713 ns, Total: 100382 ns
[2020-02-21T04:00:27.344+0000][1][safepoint    ] Safepoint "RevokeBias", Time since last: 2505501400 ns, Reaching safepoint: 87407 ns, At safepoint: 17476 ns, Total: 104883 ns
[2020-02-21T04:00:29.856+0000][1][safepoint    ] Safepoint "RevokeBias", Time since last: 2511675046 ns, Reaching safepoint: 210834 ns, At safepoint: 45101 ns, Total: 255935 ns
[2020-02-21T04:00:32.379+0000][1][safepoint    ] Safepoint "RevokeBias", Time since last: 2522916408 ns, Reaching safepoint: 69330 ns, At safepoint: 16291 ns, Total: 85621 ns
[2020-02-21T04:00:34.883+0000][1][safepoint    ] Safepoint "RevokeBias", Time since last: 2504305047 ns, Reaching safepoint: 71837 ns, At safepoint: 17262 ns, Total: 89099 ns
[2020-02-21T04:00:37.386+0000][1][safepoint    ] Safepoint "RevokeBias", Time since last: 2503192338 ns, Reaching safepoint: 72042 ns, At safepoint: 17006 ns, Total: 89048 ns
[2020-02-21T04:00:39.891+0000][1][safepoint    ] Safepoint "RevokeBias", Time since last: 2504805861 ns, Reaching safepoint: 71255 ns, At safepoint: 17074 ns, Total: 88329 ns
[2020-02-21T04:00:42.396+0000][1][safepoint    ] Safepoint "BulkRevokeBias", Time since last: 2504135401 ns, Reaching safepoint: 58418 ns, At safepoint: 137850 ns, Total: 196268 ns
[2020-02-21T04:00:44.898+0000][1][safepoint    ] Safepoint "RevokeBias", Time since last: 2502306195 ns, Reaching safepoint: 82827 ns, At safepoint: 19590 ns, Total: 102417 ns
[2020-02-21T04:00:47.422+0000][1][safepoint    ] Safepoint "RevokeBias", Time since last: 2524278707 ns, Reaching safepoint: 103945 ns, At safepoint: 20137 ns, Total: 124082 ns
[2020-02-21T04:00:49.934+0000][1][safepoint    ] Safepoint "RevokeBias", Time since last: 2511201406 ns, Reaching safepoint: 72903 ns, At safepoint: 18314 ns, Total: 91217 ns
[2020-02-21T04:00:52.436+0000][1][safepoint    ] Safepoint "RevokeBias", Time since last: 2502462223 ns, Reaching safepoint: 58612 ns, At safepoint: 17076 ns, Total: 75688 ns
[2020-02-21T04:00:55.041+0000][1][safepoint    ] Safepoint "RevokeBias", Time since last: 2604192076 ns, Reaching safepoint: 72305 ns, At safepoint: 17414 ns, Total: 89719 ns
[2020-02-21T04:00:57.547+0000][1][safepoint    ] Safepoint "RevokeBias", Time since last: 2505892552 ns, Reaching safepoint: 70017 ns, At safepoint: 18508 ns, Total: 88525 ns
[2020-02-21T04:01:00.059+0000][1][safepoint    ] Safepoint "RevokeBias", Time since last: 2511883734 ns, Reaching safepoint: 71876 ns, At safepoint: 16868 ns, Total: 88744 ns
[2020-02-21T04:01:02.059+0000][1][safepoint    ] Safepoint "Cleanup", Time since last: 2000568792 ns, Reaching safepoint: 83860 ns, At safepoint: 6945 ns, Total: 90805 ns
[2020-02-21T04:01:02.568+0000][1][safepoint    ] Safepoint "RevokeBias", Time since last: 509164380 ns, Reaching safepoint: 70214 ns, At safepoint: 17027 ns, Total: 87241 ns
[2020-02-21T04:01:05.073+0000][1][safepoint    ] Safepoint "RevokeBias", Time since last: 2504602682 ns, Reaching safepoint: 77136 ns, At safepoint: 19499 ns, Total: 96635 ns
[2020-02-21T04:01:07.576+0000][1][safepoint    ] Safepoint "RevokeBias", Time since last: 2502261180 ns, Reaching safepoint: 72465 ns, At safepoint: 17379 ns, Total: 89844 ns
[2020-02-21T04:01:10.080+0000][1][safepoint    ] Safepoint "RevokeBias", Time since last: 2504334050 ns, Reaching safepoint: 75573 ns, At safepoint: 17884 ns, Total: 93457 ns
[2020-02-21T04:01:12.586+0000][1][safepoint    ] Safepoint "RevokeBias", Time since last: 2506003081 ns, Reaching safepoint: 71360 ns, At safepoint: 17138 ns, Total: 88498 ns
[2020-02-21T04:01:15.089+0000][1][safepoint    ] Safepoint "RevokeBias", Time since last: 2503239173 ns, Reaching safepoint: 71864 ns, At safepoint: 17663 ns, Total: 89527 ns
[2020-02-21T04:01:17.604+0000][1][safepoint    ] Safepoint "RevokeBias", Time since last: 2514766108 ns, Reaching safepoint: 174877 ns, At safepoint: 28968 ns, Total: 203845 ns
[2020-02-21T04:01:20.114+0000][1][safepoint    ] Safepoint "RevokeBias", Time since last: 2508530688 ns, Reaching safepoint: 1322327 ns, At safepoint: 28113 ns, Total: 1350440 ns
[2020-02-21T04:01:22.615+0000][1][safepoint    ] Safepoint "RevokeBias", Time since last: 2501112438 ns, Reaching safepoint: 112130 ns, At safepoint: 24317 ns, Total: 136447 ns
[2020-02-21T04:01:25.119+0000][1][safepoint    ] Safepoint "RevokeBias", Time since last: 2503956256 ns, Reaching safepoint: 69354 ns, At safepoint: 17142 ns, Total: 86496 ns
[2020-02-21T04:01:27.626+0000][1][safepoint    ] Safepoint "RevokeBias", Time since last: 2506507235 ns, Reaching safepoint: 203484 ns, At safepoint: 25840 ns, Total: 229324 ns
[2020-02-21T04:01:30.130+0000][1][safepoint    ] Safepoint "RevokeBias", Time since last: 2503892163 ns, Reaching safepoint: 73687 ns, At safepoint: 17484 ns, Total: 91171 ns
[2020-02-21T04:01:32.636+0000][1][safepoint    ] Safepoint "RevokeBias", Time since last: 2506122171 ns, Reaching safepoint: 79260 ns, At safepoint: 18668 ns, Total: 97928 ns
[2020-02-21T04:01:35.149+0000][1][safepoint    ] Safepoint "RevokeBias", Time since last: 2512774080 ns, Reaching safepoint: 71320 ns, At safepoint: 17407 ns, Total: 88727 ns
[2020-02-21T04:01:37.658+0000][1][safepoint    ] Safepoint "RevokeBias", Time since last: 2508277068 ns, Reaching safepoint: 72154 ns, At safepoint: 16736 ns, Total: 88890 ns
[2020-02-21T04:01:40.163+0000][1][safepoint    ] Safepoint "RevokeBias", Time since last: 2504849035 ns, Reaching safepoint: 153871 ns, At safepoint: 18335 ns, Total: 172206 ns
[2020-02-21T04:01:42.669+0000][1][safepoint    ] Safepoint "RevokeBias", Time since last: 2506254298 ns, Reaching safepoint: 148953 ns, At safepoint: 28784 ns, Total: 177737 ns
[2020-02-21T04:01:45.173+0000][1][safepoint    ] Safepoint "RevokeBias", Time since last: 2503606593 ns, Reaching safepoint: 72342 ns, At safepoint: 18241 ns, Total: 90583 ns
[2020-02-21T04:01:47.693+0000][1][safepoint    ] Safepoint "RevokeBias", Time since last: 2519919902 ns, Reaching safepoint: 67655 ns, At safepoint: 17474 ns, Total: 85129 ns
[2020-02-21T04:01:50.203+0000][1][safepoint    ] Safepoint "RevokeBias", Time since last: 2509964562 ns, Reaching safepoint: 72891 ns, At safepoint: 17690 ns, Total: 90581 ns
[2020-02-21T04:01:52.706+0000][1][safepoint    ] Safepoint "RevokeBias", Time since last: 2503348918 ns, Reaching safepoint: 72634 ns, At safepoint: 17906 ns, Total: 90540 ns
[2020-02-21T04:01:55.210+0000][1][safepoint    ] Safepoint "BulkRevokeBias", Time since last: 2503027403 ns, Reaching safepoint: 126333 ns, At safepoint: 213380 ns, Total: 339713 ns
[2020-02-21T04:01:57.716+0000][1][safepoint    ] Safepoint "RevokeBias", Time since last: 2506158175 ns, Reaching safepoint: 102046 ns, At safepoint: 23816 ns, Total: 125862 ns
[2020-02-21T04:02:00.220+0000][1][safepoint    ] Safepoint "RevokeBias", Time since last: 2503669747 ns, Reaching safepoint: 69928 ns, At safepoint: 17391 ns, Total: 87319 ns
[2020-02-21T04:02:02.221+0000][1][safepoint    ] Safepoint "Cleanup", Time since last: 2000884775 ns, Reaching safepoint: 102680 ns, At safepoint: 7884 ns, Total: 110564 ns
[2020-02-21T04:02:02.725+0000][1][safepoint    ] Safepoint "RevokeBias", Time since last: 504418151 ns, Reaching safepoint: 70355 ns, At safepoint: 16761 ns, Total: 87116 ns
[2020-02-21T04:02:05.241+0000][1][safepoint    ] Safepoint "RevokeBias", Time since last: 2515628970 ns, Reaching safepoint: 69971 ns, At safepoint: 17452 ns, Total: 87423 ns
[2020-02-21T04:02:07.749+0000][1][safepoint    ] Safepoint "RevokeBias", Time since last: 2507626596 ns, Reaching safepoint: 72890 ns, At safepoint: 16904 ns, Total: 89794 ns
[2020-02-21T04:02:10.252+0000][1][safepoint    ] Safepoint "RevokeBias", Time since last: 2503102717 ns, Reaching safepoint: 122125 ns, At safepoint: 17863 ns, Total: 139988 ns
[2020-02-21T04:02:12.758+0000][1][safepoint    ] Safepoint "RevokeBias", Time since last: 2505936133 ns, Reaching safepoint: 51604 ns, At safepoint: 15350 ns, Total: 66954 ns
[2020-02-21T04:02:15.259+0000][1][safepoint    ] Safepoint "RevokeBias", Time since last: 2501358562 ns, Reaching safepoint: 72357 ns, At safepoint: 17099 ns, Total: 89456 ns
[2020-02-21T04:02:17.767+0000][1][safepoint    ] Safepoint "RevokeBias", Time since last: 2507114706 ns, Reaching safepoint: 72360 ns, At safepoint: 17443 ns, Total: 89803 ns
[2020-02-21T04:02:20.269+0000][1][safepoint    ] Safepoint "RevokeBias", Time since last: 2502611525 ns, Reaching safepoint: 80352 ns, At safepoint: 19859 ns, Total: 100211 ns
[2020-02-21T04:02:22.773+0000][1][safepoint    ] Safepoint "RevokeBias", Time since last: 2504138377 ns, Reaching safepoint: 71532 ns, At safepoint: 17727 ns, Total: 89259 ns
[2020-02-21T04:02:25.281+0000][1][safepoint    ] Safepoint "RevokeBias", Time since last: 2507571867 ns, Reaching safepoint: 71973 ns, At safepoint: 17733 ns, Total: 89706 ns
[2020-02-21T04:02:27.787+0000][1][safepoint    ] Safepoint "RevokeBias", Time since last: 2506167621 ns, Reaching safepoint: 99553 ns, At safepoint: 23437 ns, Total: 122990 ns
[2020-02-21T04:02:30.291+0000][1][safepoint    ] Safepoint "RevokeBias", Time since last: 2503543198 ns, Reaching safepoint: 71817 ns, At safepoint: 87343 ns, Total: 159160 ns
[2020-02-21T04:02:31.149+0000][1][gc,start     ] GC(97) Pause Young (Allocation Failure)
[2020-02-21T04:02:31.149+0000][1][gc,task      ] GC(97) Using 1 workers of 1 for evacuation
[2020-02-21T04:02:31.159+0000][1][gc,age       ] GC(97) Desired survivor size 4358144 bytes, new threshold 6 (max threshold 6)
[2020-02-21T04:02:31.159+0000][1][gc,age       ] GC(97) Age table with threshold 6 (max threshold 6)
[2020-02-21T04:02:31.159+0000][1][gc,age       ] GC(97) - age   1:      11784 bytes,      11784 total
[2020-02-21T04:02:31.159+0000][1][gc,age       ] GC(97) - age   2:        360 bytes,      12144 total
[2020-02-21T04:02:31.159+0000][1][gc,age       ] GC(97) - age   4:        264 bytes,      12408 total
[2020-02-21T04:02:31.159+0000][1][gc,age       ] GC(97) - age   5:        816 bytes,      13224 total
[2020-02-21T04:02:31.159+0000][1][gc,age       ] GC(97) - age   6:        984 bytes,      14208 total
[2020-02-21T04:02:31.159+0000][1][gc,heap      ] GC(97) ParNew: 68175K->15K(76672K)
[2020-02-21T04:02:31.159+0000][1][gc,heap      ] GC(97) CMS: 62606K->62606K(963392K)
[2020-02-21T04:02:31.159+0000][1][gc,metaspace ] GC(97) Metaspace: 80121K->80121K(1122304K)
[2020-02-21T04:02:31.159+0000][1][gc           ] GC(97) Pause Young (Allocation Failure) 127M->61M(1015M) 10.152ms
[2020-02-21T04:02:31.159+0000][1][gc,cpu       ] GC(97) User=0.01s Sys=0.00s Real=0.01s
[2020-02-21T04:02:31.159+0000][1][safepoint    ] Safepoint "GenCollectForAllocation", Time since last: 857939221 ns, Reaching safepoint: 69970 ns, At safepoint: 10204975 ns, Total: 10274945 ns
[2020-02-21T04:02:32.160+0000][1][safepoint    ] Safepoint "Cleanup", Time since last: 1000912307 ns, Reaching safepoint: 82029 ns, At safepoint: 6971 ns, Total: 89000 ns
[2020-02-21T04:02:32.798+0000][1][safepoint    ] Safepoint "RevokeBias", Time since last: 637283554 ns, Reaching safepoint: 112108 ns, At safepoint: 28256 ns, Total: 140364 ns
[2020-02-21T04:02:35.307+0000][1][safepoint    ] Safepoint "RevokeBias", Time since last: 2508808639 ns, Reaching safepoint: 176471 ns, At safepoint: 21112 ns, Total: 197583 ns
[2020-02-21T04:02:37.819+0000][1][safepoint    ] Safepoint "RevokeBias", Time since last: 2512018839 ns, Reaching safepoint: 71897 ns, At safepoint: 17333 ns, Total: 89230 ns
[2020-02-21T04:02:40.322+0000][1][safepoint    ] Safepoint "RevokeBias", Time since last: 2503362269 ns, Reaching safepoint: 85777 ns, At safepoint: 20084 ns, Total: 105861 ns
[2020-02-21T04:02:42.827+0000][1][safepoint    ] Safepoint "RevokeBias", Time since last: 2504361231 ns, Reaching safepoint: 84860 ns, At safepoint: 20823 ns, Total: 105683 ns
[2020-02-21T04:02:45.330+0000][1][safepoint    ] Safepoint "RevokeBias", Time since last: 2503060385 ns, Reaching safepoint: 72414 ns, At safepoint: 17855 ns, Total: 90269 ns
[2020-02-21T04:02:47.836+0000][1][safepoint    ] Safepoint "RevokeBias", Time since last: 2505743472 ns, Reaching safepoint: 74564 ns, At safepoint: 18301 ns, Total: 92865 ns
[2020-02-21T04:02:50.339+0000][1][safepoint    ] Safepoint "RevokeBias", Time since last: 2503134433 ns, Reaching safepoint: 70796 ns, At safepoint: 17363 ns, Total: 88159 ns
[2020-02-21T04:02:52.849+0000][1][safepoint    ] Safepoint "RevokeBias", Time since last: 2509968117 ns, Reaching safepoint: 53483 ns, At safepoint: 16332 ns, Total: 69815 ns
[2020-02-21T04:02:55.357+0000][1][safepoint    ] Safepoint "RevokeBias", Time since last: 2507968036 ns, Reaching safepoint: 69740 ns, At safepoint: 18002 ns, Total: 87742 ns
[2020-02-21T04:02:57.863+0000][1][safepoint    ] Safepoint "RevokeBias", Time since last: 2506118359 ns, Reaching safepoint: 176928 ns, At safepoint: 22231 ns, Total: 199159 ns
[2020-02-21T04:03:00.367+0000][1][safepoint    ] Safepoint "RevokeBias", Time since last: 2503331719 ns, Reaching safepoint: 82057 ns, At safepoint: 18339 ns, Total: 100396 ns
[2020-02-21T04:03:02.873+0000][1][safepoint    ] Safepoint "RevokeBias", Time since last: 2506490635 ns, Reaching safepoint: 77392 ns, At safepoint: 18902 ns, Total: 96294 ns
[2020-02-21T04:03:05.398+0000][1][safepoint    ] Safepoint "RevokeBias", Time since last: 2524116036 ns, Reaching safepoint: 55132 ns, At safepoint: 16240 ns, Total: 71372 ns
[2020-02-21T04:03:07.911+0000][1][safepoint    ] Safepoint "BulkRevokeBias", Time since last: 2512820699 ns, Reaching safepoint: 82665 ns, At safepoint: 301829 ns, Total: 384494 ns
[2020-02-21T04:03:10.415+0000][1][safepoint    ] Safepoint "RevokeBias", Time since last: 2503910571 ns, Reaching safepoint: 77928 ns, At safepoint: 21829 ns, Total: 99757 ns
[2020-02-21T04:03:12.921+0000][1][safepoint    ] Safepoint "RevokeBias", Time since last: 2506090407 ns, Reaching safepoint: 70232 ns, At safepoint: 16905 ns, Total: 87137 ns
[2020-02-21T04:03:15.433+0000][1][safepoint    ] Safepoint "RevokeBias", Time since last: 2511669194 ns, Reaching safepoint: 71399 ns, At safepoint: 17408 ns, Total: 88807 ns
[2020-02-21T04:03:17.940+0000][1][safepoint    ] Safepoint "RevokeBias", Time since last: 2506905755 ns, Reaching safepoint: 72964 ns, At safepoint: 17502 ns, Total: 90466 ns
[2020-02-21T04:03:20.444+0000][1][safepoint    ] Safepoint "RevokeBias", Time since last: 2504050337 ns, Reaching safepoint: 74855 ns, At safepoint: 17508 ns, Total: 92363 ns
[2020-02-21T04:03:22.954+0000][1][safepoint    ] Safepoint "RevokeBias", Time since last: 2509980700 ns, Reaching safepoint: 53807 ns, At safepoint: 16094 ns, Total: 69901 ns
[2020-02-21T04:03:25.462+0000][1][safepoint    ] Safepoint "RevokeBias", Time since last: 2507686687 ns, Reaching safepoint: 55456 ns, At safepoint: 16839 ns, Total: 72295 ns
[2020-02-21T04:03:27.967+0000][1][safepoint    ] Safepoint "RevokeBias", Time since last: 2505368179 ns, Reaching safepoint: 87934 ns, At safepoint: 21015 ns, Total: 108949 ns
[2020-02-21T04:03:30.470+0000][1][safepoint    ] Safepoint "RevokeBias", Time since last: 2502441100 ns, Reaching safepoint: 74031 ns, At safepoint: 18196 ns, Total: 92227 ns
[2020-02-21T04:03:32.976+0000][1][safepoint    ] Safepoint "RevokeBias", Time since last: 2506028673 ns, Reaching safepoint: 71770 ns, At safepoint: 17016 ns, Total: 88786 ns
[2020-02-21T04:03:35.480+0000][1][safepoint    ] Safepoint "RevokeBias", Time since last: 2503974488 ns, Reaching safepoint: 70723 ns, At safepoint: 17376 ns, Total: 88099 ns
[2020-02-21T04:03:37.984+0000][1][safepoint    ] Safepoint "RevokeBias", Time since last: 2503576583 ns, Reaching safepoint: 73108 ns, At safepoint: 17414 ns, Total: 90522 ns
[2020-02-21T04:03:40.504+0000][1][safepoint    ] Safepoint "RevokeBias", Time since last: 2519944539 ns, Reaching safepoint: 85452 ns, At safepoint: 21865 ns, Total: 107317 ns
[2020-02-21T04:03:43.016+0000][1][safepoint    ] Safepoint "RevokeBias", Time since last: 2511948867 ns, Reaching safepoint: 181877 ns, At safepoint: 20004 ns, Total: 201881 ns
[2020-02-21T04:03:45.519+0000][1][safepoint    ] Safepoint "RevokeBias", Time since last: 2503217049 ns, Reaching safepoint: 148497 ns, At safepoint: 20149 ns, Total: 168646 ns
[2020-02-21T04:03:48.026+0000][1][safepoint    ] Safepoint "RevokeBias", Time since last: 2506399247 ns, Reaching safepoint: 74758 ns, At safepoint: 17579 ns, Total: 92337 ns
[2020-02-21T04:03:50.530+0000][1][safepoint    ] Safepoint "RevokeBias", Time since last: 2503967381 ns, Reaching safepoint: 72861 ns, At safepoint: 18655 ns, Total: 91516 ns
[2020-02-21T04:03:53.049+0000][1][safepoint    ] Safepoint "RevokeBias", Time since last: 2518987159 ns, Reaching safepoint: 100900 ns, At safepoint: 17619 ns, Total: 118519 ns
[2020-02-21T04:03:55.554+0000][1][safepoint    ] Safepoint "RevokeBias", Time since last: 2504832769 ns, Reaching safepoint: 71558 ns, At safepoint: 17707 ns, Total: 89265 ns
[2020-02-21T04:03:58.064+0000][1][safepoint    ] Safepoint "RevokeBias", Time since last: 2509623848 ns, Reaching safepoint: 84205 ns, At safepoint: 20109 ns, Total: 104314 ns
[2020-02-21T04:04:00.578+0000][1][safepoint    ] Safepoint "RevokeBias", Time since last: 2514714255 ns, Reaching safepoint: 73207 ns, At safepoint: 17935 ns, Total: 91142 ns
[2020-02-21T04:04:01.579+0000][1][safepoint    ] Safepoint "Cleanup", Time since last: 1000557693 ns, Reaching safepoint: 85499 ns, At safepoint: 7913 ns, Total: 93412 ns
[2020-02-21T04:04:03.084+0000][1][safepoint    ] Safepoint "RevokeBias", Time since last: 1504706358 ns, Reaching safepoint: 133051 ns, At safepoint: 25248 ns, Total: 158299 ns
[2020-02-21T04:04:05.589+0000][1][safepoint    ] Safepoint "RevokeBias", Time since last: 2504764140 ns, Reaching safepoint: 72172 ns, At safepoint: 17216 ns, Total: 89388 ns
[2020-02-21T04:04:08.092+0000][1][safepoint    ] Safepoint "RevokeBias", Time since last: 2502769201 ns, Reaching safepoint: 76546 ns, At safepoint: 19082 ns, Total: 95628 ns
[2020-02-21T04:04:10.600+0000][1][safepoint    ] Safepoint "RevokeBias", Time since last: 2508808935 ns, Reaching safepoint: 55169 ns, At safepoint: 16329 ns, Total: 71498 ns
[2020-02-21T04:04:12.602+0000][1][safepoint    ] Safepoint "Cleanup", Time since last: 2001203012 ns, Reaching safepoint: 102611 ns, At safepoint: 7365 ns, Total: 109976 ns
[2020-02-21T04:04:13.111+0000][1][safepoint    ] Safepoint "RevokeBias", Time since last: 509184819 ns, Reaching safepoint: 71375 ns, At safepoint: 17564 ns, Total: 88939 ns
[2020-02-21T04:04:15.614+0000][1][safepoint    ] Safepoint "RevokeBias", Time since last: 2502933137 ns, Reaching safepoint: 71869 ns, At safepoint: 17465 ns, Total: 89334 ns
[2020-02-21T04:04:18.117+0000][1][safepoint    ] Safepoint "RevokeBias", Time since last: 2503191885 ns, Reaching safepoint: 81280 ns, At safepoint: 21166 ns, Total: 102446 ns
[2020-02-21T04:04:20.621+0000][1][safepoint    ] Safepoint "BulkRevokeBias", Time since last: 2502987368 ns, Reaching safepoint: 73892 ns, At safepoint: 190429 ns, Total: 264321 ns
[2020-02-21T04:04:23.123+0000][1][safepoint    ] Safepoint "RevokeBias", Time since last: 2502026722 ns, Reaching safepoint: 53165 ns, At safepoint: 15708 ns, Total: 68873 ns
[2020-02-21T04:04:25.627+0000][1][safepoint    ] Safepoint "RevokeBias", Time since last: 2504288679 ns, Reaching safepoint: 70116 ns, At safepoint: 17518 ns, Total: 87634 ns
[2020-02-21T04:04:28.141+0000][1][safepoint    ] Safepoint "RevokeBias", Time since last: 2513906152 ns, Reaching safepoint: 87868 ns, At safepoint: 20359 ns, Total: 108227 ns
[2020-02-21T04:04:30.649+0000][1][safepoint    ] Safepoint "RevokeBias", Time since last: 2507687688 ns, Reaching safepoint: 72506 ns, At safepoint: 99421 ns, Total: 171927 ns
[2020-02-21T04:04:31.650+0000][1][safepoint    ] Safepoint "Cleanup", Time since last: 1000356167 ns, Reaching safepoint: 164063 ns, At safepoint: 30895 ns, Total: 194958 ns
[2020-02-21T04:04:33.155+0000][1][safepoint    ] Safepoint "RevokeBias", Time since last: 1505452843 ns, Reaching safepoint: 72297 ns, At safepoint: 17838 ns, Total: 90135 ns
[2020-02-21T04:04:35.660+0000][1][safepoint    ] Safepoint "RevokeBias", Time since last: 2504508708 ns, Reaching safepoint: 83274 ns, At safepoint: 20473 ns, Total: 103747 ns
[2020-02-21T04:04:38.163+0000][1][safepoint    ] Safepoint "RevokeBias", Time since last: 2503259518 ns, Reaching safepoint: 72652 ns, At safepoint: 17642 ns, Total: 90294 ns
[2020-02-21T04:04:40.669+0000][1][safepoint    ] Safepoint "RevokeBias", Time since last: 2505878330 ns, Reaching safepoint: 70261 ns, At safepoint: 16794 ns, Total: 87055 ns
[2020-02-21T04:04:42.670+0000][1][safepoint    ] Safepoint "Cleanup", Time since last: 2001137546 ns, Reaching safepoint: 93666 ns, At safepoint: 8788 ns, Total: 102454 ns
[2020-02-21T04:04:43.177+0000][1][safepoint    ] Safepoint "RevokeBias", Time since last: 506524487 ns, Reaching safepoint: 90490 ns, At safepoint: 18635 ns, Total: 109125 ns
[2020-02-21T04:04:45.697+0000][1][safepoint    ] Safepoint "RevokeBias", Time since last: 2519611283 ns, Reaching safepoint: 69395 ns, At safepoint: 16816 ns, Total: 86211 ns
[2020-02-21T04:04:48.207+0000][1][safepoint    ] Safepoint "RevokeBias", Time since last: 2510460564 ns, Reaching safepoint: 109000 ns, At safepoint: 26752 ns, Total: 135752 ns
[2020-02-21T04:04:50.710+0000][1][safepoint    ] Safepoint "RevokeBias", Time since last: 2503003925 ns, Reaching safepoint: 75819 ns, At safepoint: 18023 ns, Total: 93842 ns
[2020-02-21T04:04:51.203+0000][1][gc,start     ] GC(98) Pause Young (Allocation Failure)
[2020-02-21T04:04:51.203+0000][1][gc,task      ] GC(98) Using 1 workers of 1 for evacuation
[2020-02-21T04:04:51.214+0000][1][gc,age       ] GC(98) Desired survivor size 4358144 bytes, new threshold 6 (max threshold 6)
[2020-02-21T04:04:51.215+0000][1][gc,age       ] GC(98) Age table with threshold 6 (max threshold 6)
[2020-02-21T04:04:51.215+0000][1][gc,age       ] GC(98) - age   1:      13360 bytes,      13360 total
[2020-02-21T04:04:51.215+0000][1][gc,age       ] GC(98) - age   2:        128 bytes,      13488 total
[2020-02-21T04:04:51.215+0000][1][gc,age       ] GC(98) - age   3:        240 bytes,      13728 total
[2020-02-21T04:04:51.215+0000][1][gc,age       ] GC(98) - age   5:         32 bytes,      13760 total
[2020-02-21T04:04:51.215+0000][1][gc,age       ] GC(98) - age   6:        816 bytes,      14576 total
[2020-02-21T04:04:51.215+0000][1][gc,heap      ] GC(98) ParNew: 68175K->14K(76672K)
[2020-02-21T04:04:51.215+0000][1][gc,heap      ] GC(98) CMS: 62606K->62607K(963392K)
[2020-02-21T04:04:51.215+0000][1][gc,metaspace ] GC(98) Metaspace: 80123K->80123K(1122304K)
[2020-02-21T04:04:51.215+0000][1][gc           ] GC(98) Pause Young (Allocation Failure) 127M->61M(1015M) 11.711ms
[2020-02-21T04:04:51.215+0000][1][gc,cpu       ] GC(98) User=0.01s Sys=0.00s Real=0.01s
[2020-02-21T04:04:51.215+0000][1][safepoint    ] Safepoint "GenCollectForAllocation", Time since last: 492713791 ns, Reaching safepoint: 76804 ns, At safepoint: 11784956 ns, Total: 11861760 ns
[2020-02-21T04:04:53.214+0000][1][safepoint    ] Safepoint "RevokeBias", Time since last: 1999327821 ns, Reaching safepoint: 73611 ns, At safepoint: 18245 ns, Total: 91856 ns
[2020-02-21T04:04:55.718+0000][1][safepoint    ] Safepoint "RevokeBias", Time since last: 2503710090 ns, Reaching safepoint: 93115 ns, At safepoint: 24546 ns, Total: 117661 ns
[2020-02-21T04:04:58.244+0000][1][safepoint    ] Safepoint "RevokeBias", Time since last: 2525480496 ns, Reaching safepoint: 85715 ns, At safepoint: 19849 ns, Total: 105564 ns
[2020-02-21T04:05:00.759+0000][1][safepoint    ] Safepoint "RevokeBias", Time since last: 2515105646 ns, Reaching safepoint: 93523 ns, At safepoint: 24733 ns, Total: 118256 ns
[2020-02-21T04:05:03.266+0000][1][safepoint    ] Safepoint "RevokeBias", Time since last: 2506893606 ns, Reaching safepoint: 74429 ns, At safepoint: 18149 ns, Total: 92578 ns
[2020-02-21T04:05:05.771+0000][1][safepoint    ] Safepoint "RevokeBias", Time since last: 2504682320 ns, Reaching safepoint: 72237 ns, At safepoint: 17141 ns, Total: 89378 ns
[2020-02-21T04:05:08.274+0000][1][safepoint    ] Safepoint "RevokeBias", Time since last: 2502964688 ns, Reaching safepoint: 55906 ns, At safepoint: 16289 ns, Total: 72195 ns
[2020-02-21T04:05:10.780+0000][1][safepoint    ] Safepoint "RevokeBias", Time since last: 2506081378 ns, Reaching safepoint: 109815 ns, At safepoint: 16253 ns, Total: 126068 ns
[2020-02-21T04:05:13.285+0000][1][safepoint    ] Safepoint "RevokeBias", Time since last: 2505200550 ns, Reaching safepoint: 71824 ns, At safepoint: 17419 ns, Total: 89243 ns
[2020-02-21T04:05:15.793+0000][1][safepoint    ] Safepoint "RevokeBias", Time since last: 2508038944 ns, Reaching safepoint: 76581 ns, At safepoint: 18508 ns, Total: 95089 ns
[2020-02-21T04:05:18.305+0000][1][safepoint    ] Safepoint "RevokeBias", Time since last: 2511190407 ns, Reaching safepoint: 81872 ns, At safepoint: 20581 ns, Total: 102453 ns
[2020-02-21T04:05:20.808+0000][1][safepoint    ] Safepoint "RevokeBias", Time since last: 2503289205 ns, Reaching safepoint: 54230 ns, At safepoint: 15423 ns, Total: 69653 ns
[2020-02-21T04:05:23.311+0000][1][safepoint    ] Safepoint "RevokeBias", Time since last: 2503087975 ns, Reaching safepoint: 72313 ns, At safepoint: 17589 ns, Total: 89902 ns
[2020-02-21T04:05:25.815+0000][1][safepoint    ] Safepoint "RevokeBias", Time since last: 2503858166 ns, Reaching safepoint: 70217 ns, At safepoint: 17851 ns, Total: 88068 ns
[2020-02-21T04:05:28.334+0000][1][safepoint    ] Safepoint "RevokeBias", Time since last: 2518848165 ns, Reaching safepoint: 87788 ns, At safepoint: 115458 ns, Total: 203246 ns
[2020-02-21T04:05:30.842+0000][1][safepoint    ] Safepoint "RevokeBias", Time since last: 2508172712 ns, Reaching safepoint: 172022 ns, At safepoint: 24829 ns, Total: 196851 ns
[2020-02-21T04:05:31.843+0000][1][safepoint    ] Safepoint "Cleanup", Time since last: 1000302412 ns, Reaching safepoint: 85483 ns, At safepoint: 8063 ns, Total: 93546 ns
[2020-02-21T04:05:33.346+0000][1][safepoint    ] Safepoint "BulkRevokeBias", Time since last: 1502495052 ns, Reaching safepoint: 71730 ns, At safepoint: 287196 ns, Total: 358926 ns
[2020-02-21T04:05:35.850+0000][1][safepoint    ] Safepoint "RevokeBias", Time since last: 2504157413 ns, Reaching safepoint: 71685 ns, At safepoint: 17311 ns, Total: 88996 ns
[2020-02-21T04:05:38.353+0000][1][safepoint    ] Safepoint "RevokeBias", Time since last: 2502769233 ns, Reaching safepoint: 72980 ns, At safepoint: 17371 ns, Total: 90351 ns
[2020-02-21T04:05:40.856+0000][1][safepoint    ] Safepoint "RevokeBias", Time since last: 2503526101 ns, Reaching safepoint: 89462 ns, At safepoint: 16018 ns, Total: 105480 ns
[2020-02-21T04:05:43.362+0000][1][safepoint    ] Safepoint "RevokeBias", Time since last: 2505462834 ns, Reaching safepoint: 106506 ns, At safepoint: 36523 ns, Total: 143029 ns
[2020-02-21T04:05:45.874+0000][1][safepoint    ] Safepoint "RevokeBias", Time since last: 2511317494 ns, Reaching safepoint: 123326 ns, At safepoint: 30163 ns, Total: 153489 ns
[2020-02-21T04:05:48.383+0000][1][safepoint    ] Safepoint "RevokeBias", Time since last: 2509583989 ns, Reaching safepoint: 56036 ns, At safepoint: 16016 ns, Total: 72052 ns
[2020-02-21T04:05:50.887+0000][1][safepoint    ] Safepoint "RevokeBias", Time since last: 2503725233 ns, Reaching safepoint: 72289 ns, At safepoint: 17960 ns, Total: 90249 ns
[2020-02-21T04:05:53.390+0000][1][safepoint    ] Safepoint "RevokeBias", Time since last: 2502616760 ns, Reaching safepoint: 72485 ns, At safepoint: 17709 ns, Total: 90194 ns
[2020-02-21T04:05:55.895+0000][1][safepoint    ] Safepoint "RevokeBias", Time since last: 2505355074 ns, Reaching safepoint: 76711 ns, At safepoint: 19682 ns, Total: 96393 ns
[2020-02-21T04:05:58.402+0000][1][safepoint    ] Safepoint "RevokeBias", Time since last: 2506682600 ns, Reaching safepoint: 105943 ns, At safepoint: 20590 ns, Total: 126533 ns
[2020-02-21T04:06:00.906+0000][1][safepoint    ] Safepoint "RevokeBias", Time since last: 2503506989 ns, Reaching safepoint: 111065 ns, At safepoint: 28604 ns, Total: 139669 ns
[2020-02-21T04:06:03.428+0000][1][safepoint    ] Safepoint "RevokeBias", Time since last: 2521834970 ns, Reaching safepoint: 108766 ns, At safepoint: 26433 ns, Total: 135199 ns
[2020-02-21T04:06:05.938+0000][1][safepoint    ] Safepoint "RevokeBias", Time since last: 2510547611 ns, Reaching safepoint: 70024 ns, At safepoint: 17584 ns, Total: 87608 ns
[2020-02-21T04:06:08.443+0000][1][safepoint    ] Safepoint "RevokeBias", Time since last: 2504887884 ns, Reaching safepoint: 86456 ns, At safepoint: 19899 ns, Total: 106355 ns
[2020-02-21T04:06:10.948+0000][1][safepoint    ] Safepoint "RevokeBias", Time since last: 2505028330 ns, Reaching safepoint: 126758 ns, At safepoint: 27518 ns, Total: 154276 ns
[2020-02-21T04:06:13.454+0000][1][safepoint    ] Safepoint "RevokeBias", Time since last: 2505988290 ns, Reaching safepoint: 70169 ns, At safepoint: 17095 ns, Total: 87264 ns
[2020-02-21T04:06:15.974+0000][1][safepoint    ] Safepoint "RevokeBias", Time since last: 2519088979 ns, Reaching safepoint: 52224 ns, At safepoint: 15896 ns, Total: 68120 ns
[2020-02-21T04:06:18.485+0000][1][safepoint    ] Safepoint "RevokeBias", Time since last: 2511167300 ns, Reaching safepoint: 82905 ns, At safepoint: 20520 ns, Total: 103425 ns
[2020-02-21T04:06:20.988+0000][1][safepoint    ] Safepoint "RevokeBias", Time since last: 2503327875 ns, Reaching safepoint: 83200 ns, At safepoint: 20331 ns, Total: 103531 ns
[2020-02-21T04:06:23.492+0000][1][safepoint    ] Safepoint "RevokeBias", Time since last: 2503093594 ns, Reaching safepoint: 211188 ns, At safepoint: 42476 ns, Total: 253664 ns
[2020-02-21T04:06:25.997+0000][1][safepoint    ] Safepoint "RevokeBias", Time since last: 2505232782 ns, Reaching safepoint: 84260 ns, At safepoint: 20717 ns, Total: 104977 ns
[2020-02-21T04:06:28.502+0000][1][safepoint    ] Safepoint "RevokeBias", Time since last: 2504498973 ns, Reaching safepoint: 78549 ns, At safepoint: 18499 ns, Total: 97048 ns
[2020-02-21T04:06:31.012+0000][1][safepoint    ] Safepoint "RevokeBias", Time since last: 2510547010 ns, Reaching safepoint: 75492 ns, At safepoint: 16840 ns, Total: 92332 ns
[2020-02-21T04:06:33.531+0000][1][safepoint    ] Safepoint "RevokeBias", Time since last: 2518301272 ns, Reaching safepoint: 70573 ns, At safepoint: 129985 ns, Total: 200558 ns
[2020-02-21T04:06:36.041+0000][1][safepoint    ] Safepoint "RevokeBias", Time since last: 2509785132 ns, Reaching safepoint: 75372 ns, At safepoint: 18238 ns, Total: 93610 ns
[2020-02-21T04:06:38.544+0000][1][safepoint    ] Safepoint "RevokeBias", Time since last: 2503538226 ns, Reaching safepoint: 186452 ns, At safepoint: 44393 ns, Total: 230845 ns
[2020-02-21T04:06:41.050+0000][1][safepoint    ] Safepoint "RevokeBias", Time since last: 2505019165 ns, Reaching safepoint: 71355 ns, At safepoint: 18020 ns, Total: 89375 ns
[2020-02-21T04:06:43.554+0000][1][safepoint    ] Safepoint "RevokeBias", Time since last: 2503968530 ns, Reaching safepoint: 73119 ns, At safepoint: 17306 ns, Total: 90425 ns
[2020-02-21T04:06:46.058+0000][1][safepoint    ] Safepoint "BulkRevokeBias", Time since last: 2504147444 ns, Reaching safepoint: 71525 ns, At safepoint: 370901 ns, Total: 442426 ns
[2020-02-21T04:06:48.562+0000][1][safepoint    ] Safepoint "RevokeBias", Time since last: 2503599118 ns, Reaching safepoint: 73098 ns, At safepoint: 17597 ns, Total: 90695 ns
[2020-02-21T04:06:51.069+0000][1][safepoint    ] Safepoint "RevokeBias", Time since last: 2507134413 ns, Reaching safepoint: 89913 ns, At safepoint: 51143 ns, Total: 141056 ns
[2020-02-21T04:06:53.579+0000][1][safepoint    ] Safepoint "RevokeBias", Time since last: 2509681221 ns, Reaching safepoint: 169163 ns, At safepoint: 17759 ns, Total: 186922 ns
[2020-02-21T04:06:56.083+0000][1][safepoint    ] Safepoint "RevokeBias", Time since last: 2503754165 ns, Reaching safepoint: 71592 ns, At safepoint: 17312 ns, Total: 88904 ns
[2020-02-21T04:06:58.589+0000][1][safepoint    ] Safepoint "RevokeBias", Time since last: 2506184483 ns, Reaching safepoint: 139487 ns, At safepoint: 20935 ns, Total: 160422 ns
[2020-02-21T04:07:01.091+0000][1][safepoint    ] Safepoint "RevokeBias", Time since last: 2502034009 ns, Reaching safepoint: 74096 ns, At safepoint: 17505 ns, Total: 91601 ns
[2020-02-21T04:07:03.613+0000][1][safepoint    ] Safepoint "RevokeBias", Time since last: 2521515262 ns, Reaching safepoint: 213651 ns, At safepoint: 18371 ns, Total: 232022 ns
[2020-02-21T04:07:06.122+0000][1][safepoint    ] Safepoint "RevokeBias", Time since last: 2509299164 ns, Reaching safepoint: 56726 ns, At safepoint: 16942 ns, Total: 73668 ns
[2020-02-21T04:07:08.626+0000][1][safepoint    ] Safepoint "RevokeBias", Time since last: 2503755757 ns, Reaching safepoint: 88981 ns, At safepoint: 21137 ns, Total: 110118 ns
[2020-02-21T04:07:11.131+0000][1][safepoint    ] Safepoint "RevokeBias", Time since last: 2504628001 ns, Reaching safepoint: 83696 ns, At safepoint: 20923 ns, Total: 104619 ns
[2020-02-21T04:07:11.304+0000][1][gc,start     ] GC(99) Pause Young (Allocation Failure)
[2020-02-21T04:07:11.304+0000][1][gc,task      ] GC(99) Using 1 workers of 1 for evacuation
[2020-02-21T04:07:11.315+0000][1][gc,age       ] GC(99) Desired survivor size 4358144 bytes, new threshold 6 (max threshold 6)
[2020-02-21T04:07:11.315+0000][1][gc,age       ] GC(99) Age table with threshold 6 (max threshold 6)
[2020-02-21T04:07:11.315+0000][1][gc,age       ] GC(99) - age   1:      13368 bytes,      13368 total
[2020-02-21T04:07:11.315+0000][1][gc,age       ] GC(99) - age   2:        264 bytes,      13632 total
[2020-02-21T04:07:11.315+0000][1][gc,age       ] GC(99) - age   3:        128 bytes,      13760 total
[2020-02-21T04:07:11.315+0000][1][gc,age       ] GC(99) - age   4:        240 bytes,      14000 total
[2020-02-21T04:07:11.315+0000][1][gc,age       ] GC(99) - age   6:         32 bytes,      14032 total
[2020-02-21T04:07:11.315+0000][1][gc,heap      ] GC(99) ParNew: 68174K->14K(76672K)
[2020-02-21T04:07:11.315+0000][1][gc,heap      ] GC(99) CMS: 62607K->62608K(963392K)
[2020-02-21T04:07:11.315+0000][1][gc,metaspace ] GC(99) Metaspace: 80123K->80123K(1122304K)
[2020-02-21T04:07:11.315+0000][1][gc           ] GC(99) Pause Young (Allocation Failure) 127M->61M(1015M) 11.244ms
[2020-02-21T04:07:11.315+0000][1][gc,cpu       ] GC(99) User=0.01s Sys=0.00s Real=0.01s
[2020-02-21T04:07:11.315+0000][1][safepoint    ] Safepoint "GenCollectForAllocation", Time since last: 172543456 ns, Reaching safepoint: 129265 ns, At safepoint: 11305728 ns, Total: 11434993 ns
[2020-02-21T04:07:13.638+0000][1][safepoint    ] Safepoint "RevokeBias", Time since last: 2322479225 ns, Reaching safepoint: 72295 ns, At safepoint: 17123 ns, Total: 89418 ns
[2020-02-21T04:07:16.142+0000][1][safepoint    ] Safepoint "RevokeBias", Time since last: 2504410332 ns, Reaching safepoint: 129809 ns, At safepoint: 28608 ns, Total: 158417 ns
[2020-02-21T04:07:18.647+0000][1][safepoint    ] Safepoint "RevokeBias", Time since last: 2504419837 ns, Reaching safepoint: 150063 ns, At safepoint: 19855 ns, Total: 169918 ns
[2020-02-21T04:07:21.155+0000][1][safepoint    ] Safepoint "RevokeBias", Time since last: 2508263032 ns, Reaching safepoint: 288622 ns, At safepoint: 113742 ns, Total: 402364 ns
[2020-02-21T04:07:23.663+0000][1][safepoint    ] Safepoint "RevokeBias", Time since last: 2507384398 ns, Reaching safepoint: 72355 ns, At safepoint: 85999 ns, Total: 158354 ns
[2020-02-21T04:07:26.168+0000][1][safepoint    ] Safepoint "RevokeBias", Time since last: 2504862365 ns, Reaching safepoint: 72087 ns, At safepoint: 18058 ns, Total: 90145 ns
[2020-02-21T04:07:28.675+0000][1][safepoint    ] Safepoint "RevokeBias", Time since last: 2506639367 ns, Reaching safepoint: 71404 ns, At safepoint: 17231 ns, Total: 88635 ns
[2020-02-21T04:07:31.179+0000][1][safepoint    ] Safepoint "RevokeBias", Time since last: 2504026676 ns, Reaching safepoint: 71797 ns, At safepoint: 16408 ns, Total: 88205 ns
[2020-02-21T04:07:33.694+0000][1][safepoint    ] Safepoint "RevokeBias", Time since last: 2514691536 ns, Reaching safepoint: 87001 ns, At safepoint: 34588 ns, Total: 121589 ns
[2020-02-21T04:07:36.205+0000][1][safepoint    ] Safepoint "RevokeBias", Time since last: 2511411267 ns, Reaching safepoint: 82570 ns, At safepoint: 20339 ns, Total: 102909 ns
[2020-02-21T04:07:38.709+0000][1][safepoint    ] Safepoint "RevokeBias", Time since last: 2503314149 ns, Reaching safepoint: 87680 ns, At safepoint: 20865 ns, Total: 108545 ns
[2020-02-21T04:07:41.211+0000][1][safepoint    ] Safepoint "RevokeBias", Time since last: 2502757817 ns, Reaching safepoint: 82152 ns, At safepoint: 20688 ns, Total: 102840 ns
[2020-02-21T04:07:43.718+0000][1][safepoint    ] Safepoint "RevokeBias", Time since last: 2506156475 ns, Reaching safepoint: 105686 ns, At safepoint: 35526 ns, Total: 141212 ns
[2020-02-21T04:07:46.221+0000][1][safepoint    ] Safepoint "RevokeBias", Time since last: 2502870759 ns, Reaching safepoint: 54871 ns, At safepoint: 17112 ns, Total: 71983 ns
[2020-02-21T04:07:48.724+0000][1][safepoint    ] Safepoint "RevokeBias", Time since last: 2503524321 ns, Reaching safepoint: 111540 ns, At safepoint: 29511 ns, Total: 141051 ns
[2020-02-21T04:07:51.233+0000][1][safepoint    ] Safepoint "RevokeBias", Time since last: 2508662259 ns, Reaching safepoint: 72510 ns, At safepoint: 17661 ns, Total: 90171 ns
[2020-02-21T04:07:53.742+0000][1][safepoint    ] Safepoint "RevokeBias", Time since last: 2508569529 ns, Reaching safepoint: 71384 ns, At safepoint: 18227 ns, Total: 89611 ns
[2020-02-21T04:07:56.246+0000][1][safepoint    ] Safepoint "RevokeBias", Time since last: 2503849544 ns, Reaching safepoint: 111005 ns, At safepoint: 27801 ns, Total: 138806 ns
[2020-02-21T04:07:58.749+0000][1][safepoint    ] Safepoint "BulkRevokeBias", Time since last: 2503278672 ns, Reaching safepoint: 69981 ns, At safepoint: 232731 ns, Total: 302712 ns
[2020-02-21T04:08:01.253+0000][1][safepoint    ] Safepoint "RevokeBias", Time since last: 2503353548 ns, Reaching safepoint: 71357 ns, At safepoint: 18402 ns, Total: 89759 ns
[2020-02-21T04:08:03.757+0000][1][safepoint    ] Safepoint "RevokeBias", Time since last: 2504517209 ns, Reaching safepoint: 71235 ns, At safepoint: 18054 ns, Total: 89289 ns
[2020-02-21T04:08:06.262+0000][1][safepoint    ] Safepoint "RevokeBias", Time since last: 2504605600 ns, Reaching safepoint: 57232 ns, At safepoint: 15844 ns, Total: 73076 ns
[2020-02-21T04:08:08.771+0000][1][safepoint    ] Safepoint "RevokeBias", Time since last: 2509173097 ns, Reaching safepoint: 86904 ns, At safepoint: 19753 ns, Total: 106657 ns
[2020-02-21T04:08:11.281+0000][1][safepoint    ] Safepoint "RevokeBias", Time since last: 2510042220 ns, Reaching safepoint: 107859 ns, At safepoint: 23091 ns, Total: 130950 ns
[2020-02-21T04:08:13.785+0000][1][safepoint    ] Safepoint "RevokeBias", Time since last: 2503555803 ns, Reaching safepoint: 73309 ns, At safepoint: 18035 ns, Total: 91344 ns
[2020-02-21T04:08:16.289+0000][1][safepoint    ] Safepoint "RevokeBias", Time since last: 2503573044 ns, Reaching safepoint: 56119 ns, At safepoint: 15952 ns, Total: 72071 ns
[2020-02-21T04:08:18.794+0000][1][safepoint    ] Safepoint "RevokeBias", Time since last: 2505412273 ns, Reaching safepoint: 69235 ns, At safepoint: 16812 ns, Total: 86047 ns
[2020-02-21T04:08:21.307+0000][1][safepoint    ] Safepoint "RevokeBias", Time since last: 2512938817 ns, Reaching safepoint: 69648 ns, At safepoint: 17926 ns, Total: 87574 ns
[2020-02-21T04:08:23.816+0000][1][safepoint    ] Safepoint "RevokeBias", Time since last: 2508317441 ns, Reaching safepoint: 53785 ns, At safepoint: 15636 ns, Total: 69421 ns
[2020-02-21T04:08:26.320+0000][1][safepoint    ] Safepoint "RevokeBias", Time since last: 2504267302 ns, Reaching safepoint: 71861 ns, At safepoint: 17409 ns, Total: 89270 ns
[2020-02-21T04:08:28.826+0000][1][safepoint    ] Safepoint "RevokeBias", Time since last: 2505600157 ns, Reaching safepoint: 111885 ns, At safepoint: 21492 ns, Total: 133377 ns
[2020-02-21T04:08:31.329+0000][1][safepoint    ] Safepoint "RevokeBias", Time since last: 2503410046 ns, Reaching safepoint: 72075 ns, At safepoint: 18027 ns, Total: 90102 ns
[2020-02-21T04:08:33.832+0000][1][safepoint    ] Safepoint "RevokeBias", Time since last: 2503045402 ns, Reaching safepoint: 70698 ns, At safepoint: 16961 ns, Total: 87659 ns
[2020-02-21T04:08:36.338+0000][1][safepoint    ] Safepoint "RevokeBias", Time since last: 2506006205 ns, Reaching safepoint: 72004 ns, At safepoint: 18134 ns, Total: 90138 ns
[2020-02-21T04:08:38.859+0000][1][safepoint    ] Safepoint "RevokeBias", Time since last: 2520777716 ns, Reaching safepoint: 138475 ns, At safepoint: 24328 ns, Total: 162803 ns
[2020-02-21T04:08:41.366+0000][1][safepoint    ] Safepoint "RevokeBias", Time since last: 2506125261 ns, Reaching safepoint: 74299 ns, At safepoint: 18051 ns, Total: 92350 ns
[2020-02-21T04:08:43.873+0000][1][safepoint    ] Safepoint "RevokeBias", Time since last: 2506808999 ns, Reaching safepoint: 163265 ns, At safepoint: 18598 ns, Total: 181863 ns
[2020-02-21T04:08:46.376+0000][1][safepoint    ] Safepoint "RevokeBias", Time since last: 2503523642 ns, Reaching safepoint: 164999 ns, At safepoint: 30359 ns, Total: 195358 ns
[2020-02-21T04:08:48.882+0000][1][safepoint    ] Safepoint "RevokeBias", Time since last: 2505116848 ns, Reaching safepoint: 73973 ns, At safepoint: 18987 ns, Total: 92960 ns
[2020-02-21T04:08:51.393+0000][1][safepoint    ] Safepoint "RevokeBias", Time since last: 2510347444 ns, Reaching safepoint: 1168062 ns, At safepoint: 22227 ns, Total: 1190289 ns
[2020-02-21T04:08:52.394+0000][1][safepoint    ] Safepoint "Cleanup", Time since last: 1000752062 ns, Reaching safepoint: 84564 ns, At safepoint: 7036 ns, Total: 91600 ns
[2020-02-21T04:08:53.895+0000][1][safepoint    ] Safepoint "RevokeBias", Time since last: 1500594183 ns, Reaching safepoint: 56001 ns, At safepoint: 16636 ns, Total: 72637 ns
[2020-02-21T04:08:56.407+0000][1][safepoint    ] Safepoint "RevokeBias", Time since last: 2512171811 ns, Reaching safepoint: 91479 ns, At safepoint: 29511 ns, Total: 120990 ns
[2020-02-21T04:08:58.922+0000][1][safepoint    ] Safepoint "RevokeBias", Time since last: 2515410293 ns, Reaching safepoint: 86640 ns, At safepoint: 21385 ns, Total: 108025 ns
[2020-02-21T04:09:01.425+0000][1][safepoint    ] Safepoint "RevokeBias", Time since last: 2502585151 ns, Reaching safepoint: 72471 ns, At safepoint: 16996 ns, Total: 89467 ns
[2020-02-21T04:09:03.931+0000][1][safepoint    ] Safepoint "RevokeBias", Time since last: 2505890863 ns, Reaching safepoint: 79178 ns, At safepoint: 20531 ns, Total: 99709 ns
[2020-02-21T04:09:06.435+0000][1][safepoint    ] Safepoint "RevokeBias", Time since last: 2504352167 ns, Reaching safepoint: 73365 ns, At safepoint: 17675 ns, Total: 91040 ns
[2020-02-21T04:09:08.948+0000][1][safepoint    ] Safepoint "RevokeBias", Time since last: 2511730383 ns, Reaching safepoint: 293592 ns, At safepoint: 28573 ns, Total: 322165 ns
[2020-02-21T04:09:11.459+0000][1][safepoint    ] Safepoint "BulkRevokeBias", Time since last: 2511587572 ns, Reaching safepoint: 73609 ns, At safepoint: 264812 ns, Total: 338421 ns
[2020-02-21T04:09:13.966+0000][1][safepoint    ] Safepoint "RevokeBias", Time since last: 2506010176 ns, Reaching safepoint: 72314 ns, At safepoint: 20199 ns, Total: 92513 ns
[2020-02-21T04:09:16.468+0000][1][safepoint    ] Safepoint "RevokeBias", Time since last: 2501874168 ns, Reaching safepoint: 77162 ns, At safepoint: 17957 ns, Total: 95119 ns
[2020-02-21T04:09:18.974+0000][1][safepoint    ] Safepoint "RevokeBias", Time since last: 2505905538 ns, Reaching safepoint: 72441 ns, At safepoint: 18142 ns, Total: 90583 ns
[2020-02-21T04:09:21.477+0000][1][safepoint    ] Safepoint "RevokeBias", Time since last: 2502945248 ns, Reaching safepoint: 72344 ns, At safepoint: 18957 ns, Total: 91301 ns
[2020-02-21T04:09:23.980+0000][1][safepoint    ] Safepoint "RevokeBias", Time since last: 2502857301 ns, Reaching safepoint: 73186 ns, At safepoint: 17112 ns, Total: 90298 ns
[2020-02-21T04:09:26.490+0000][1][safepoint    ] Safepoint "RevokeBias", Time since last: 2510811553 ns, Reaching safepoint: 74211 ns, At safepoint: 17639 ns, Total: 91850 ns
[2020-02-21T04:09:29.004+0000][1][safepoint    ] Safepoint "RevokeBias", Time since last: 2512948792 ns, Reaching safepoint: 104838 ns, At safepoint: 20351 ns, Total: 125189 ns
[2020-02-21T04:09:31.450+0000][1][gc,start     ] GC(100) Pause Young (Allocation Failure)
[2020-02-21T04:09:31.450+0000][1][gc,task      ] GC(100) Using 1 workers of 1 for evacuation
[2020-02-21T04:09:31.459+0000][1][gc,age       ] GC(100) Desired survivor size 4358144 bytes, new threshold 6 (max threshold 6)
[2020-02-21T04:09:31.459+0000][1][gc,age       ] GC(100) Age table with threshold 6 (max threshold 6)
[2020-02-21T04:09:31.459+0000][1][gc,age       ] GC(100) - age   1:      18104 bytes,      18104 total
[2020-02-21T04:09:31.459+0000][1][gc,age       ] GC(100) - age   2:        336 bytes,      18440 total
[2020-02-21T04:09:31.459+0000][1][gc,age       ] GC(100) - age   3:        264 bytes,      18704 total
[2020-02-21T04:09:31.459+0000][1][gc,age       ] GC(100) - age   4:        128 bytes,      18832 total
[2020-02-21T04:09:31.459+0000][1][gc,age       ] GC(100) - age   5:        240 bytes,      19072 total
[2020-02-21T04:09:31.459+0000][1][gc,heap      ] GC(100) ParNew: 68174K->27K(76672K)
[2020-02-21T04:09:31.459+0000][1][gc,heap      ] GC(100) CMS: 62608K->62608K(963392K)
[2020-02-21T04:09:31.459+0000][1][gc,metaspace ] GC(100) Metaspace: 80123K->80123K(1122304K)
[2020-02-21T04:09:31.460+0000][1][gc           ] GC(100) Pause Young (Allocation Failure) 127M->61M(1015M) 10.002ms
[2020-02-21T04:09:31.460+0000][1][gc,cpu       ] GC(100) User=0.01s Sys=0.00s Real=0.01s
[2020-02-21T04:09:31.460+0000][1][safepoint    ] Safepoint "GenCollectForAllocation", Time since last: 2445918766 ns, Reaching safepoint: 77082 ns, At safepoint: 10061711 ns, Total: 10138793 ns
[2020-02-21T04:09:31.507+0000][1][safepoint    ] Safepoint "RevokeBias", Time since last: 47247064 ns, Reaching safepoint: 71272 ns, At safepoint: 18914 ns, Total: 90186 ns
[2020-02-21T04:09:34.013+0000][1][safepoint    ] Safepoint "RevokeBias", Time since last: 2505883583 ns, Reaching safepoint: 87757 ns, At safepoint: 21960 ns, Total: 109717 ns
[2020-02-21T04:09:36.519+0000][1][safepoint    ] Safepoint "RevokeBias", Time since last: 2505965970 ns, Reaching safepoint: 84898 ns, At safepoint: 20105 ns, Total: 105003 ns
[2020-02-21T04:09:39.031+0000][1][safepoint    ] Safepoint "RevokeBias", Time since last: 2512220844 ns, Reaching safepoint: 84190 ns, At safepoint: 19332 ns, Total: 103522 ns
[2020-02-21T04:09:41.544+0000][1][safepoint    ] Safepoint "RevokeBias", Time since last: 2512138672 ns, Reaching safepoint: 143222 ns, At safepoint: 24213 ns, Total: 167435 ns
[2020-02-21T04:09:44.049+0000][1][safepoint    ] Safepoint "RevokeBias", Time since last: 2505778369 ns, Reaching safepoint: 70085 ns, At safepoint: 17823 ns, Total: 87908 ns
[2020-02-21T04:09:46.551+0000][1][safepoint    ] Safepoint "RevokeBias", Time since last: 2501707888 ns, Reaching safepoint: 90780 ns, At safepoint: 23000 ns, Total: 113780 ns
[2020-02-21T04:09:49.054+0000][1][safepoint    ] Safepoint "RevokeBias", Time since last: 2502773744 ns, Reaching safepoint: 54316 ns, At safepoint: 15895 ns, Total: 70211 ns
[2020-02-21T04:09:51.557+0000][1][safepoint    ] Safepoint "RevokeBias", Time since last: 2502405125 ns, Reaching safepoint: 88787 ns, At safepoint: 18521 ns, Total: 107308 ns
[2020-02-21T04:09:54.060+0000][1][safepoint    ] Safepoint "RevokeBias", Time since last: 2503238975 ns, Reaching safepoint: 85106 ns, At safepoint: 20459 ns, Total: 105565 ns
[2020-02-21T04:09:56.571+0000][1][safepoint    ] Safepoint "RevokeBias", Time since last: 2510749935 ns, Reaching safepoint: 69764 ns, At safepoint: 17961 ns, Total: 87725 ns
[2020-02-21T04:09:57.585+0000][1][safepoint    ] Safepoint "Cleanup", Time since last: 1013757955 ns, Reaching safepoint: 84955 ns, At safepoint: 7874 ns, Total: 92829 ns
[2020-02-21T04:09:59.083+0000][1][safepoint    ] Safepoint "RevokeBias", Time since last: 1497968963 ns, Reaching safepoint: 70439 ns, At safepoint: 18544 ns, Total: 88983 ns
[2020-02-21T04:10:01.588+0000][1][safepoint    ] Safepoint "RevokeBias", Time since last: 2505141206 ns, Reaching safepoint: 173108 ns, At safepoint: 32095 ns, Total: 205203 ns
[2020-02-21T04:10:04.094+0000][1][safepoint    ] Safepoint "RevokeBias", Time since last: 2505697292 ns, Reaching safepoint: 70158 ns, At safepoint: 17517 ns, Total: 87675 ns
[2020-02-21T04:10:06.602+0000][1][safepoint    ] Safepoint "RevokeBias", Time since last: 2507563537 ns, Reaching safepoint: 77861 ns, At safepoint: 18365 ns, Total: 96226 ns
[2020-02-21T04:10:09.111+0000][1][safepoint    ] Safepoint "RevokeBias", Time since last: 2509266380 ns, Reaching safepoint: 93315 ns, At safepoint: 22603 ns, Total: 115918 ns
[2020-02-21T04:10:11.623+0000][1][safepoint    ] Safepoint "RevokeBias", Time since last: 2512204839 ns, Reaching safepoint: 72355 ns, At safepoint: 17746 ns, Total: 90101 ns
[2020-02-21T04:10:14.129+0000][1][safepoint    ] Safepoint "RevokeBias", Time since last: 2505257096 ns, Reaching safepoint: 181117 ns, At safepoint: 18272 ns, Total: 199389 ns
[2020-02-21T04:10:16.633+0000][1][safepoint    ] Safepoint "RevokeBias", Time since last: 2504062300 ns, Reaching safepoint: 72919 ns, At safepoint: 17664 ns, Total: 90583 ns
[2020-02-21T04:10:19.139+0000][1][safepoint    ] Safepoint "RevokeBias", Time since last: 2506277890 ns, Reaching safepoint: 73416 ns, At safepoint: 19415 ns, Total: 92831 ns
[2020-02-21T04:10:21.642+0000][1][safepoint    ] Safepoint "RevokeBias", Time since last: 2503193015 ns, Reaching safepoint: 90556 ns, At safepoint: 25804 ns, Total: 116360 ns
[2020-02-21T04:10:24.147+0000][1][safepoint    ] Safepoint "BulkRevokeBias", Time since last: 2504195998 ns, Reaching safepoint: 75974 ns, At safepoint: 246931 ns, Total: 322905 ns
[2020-02-21T04:10:26.659+0000][1][safepoint    ] Safepoint "RevokeBias", Time since last: 2511570776 ns, Reaching safepoint: 68622 ns, At safepoint: 17938 ns, Total: 86560 ns
[2020-02-21T04:10:29.173+0000][1][safepoint    ] Safepoint "RevokeBias", Time since last: 2514436904 ns, Reaching safepoint: 71680 ns, At safepoint: 17054 ns, Total: 88734 ns
[2020-02-21T04:10:31.677+0000][1][safepoint    ] Safepoint "RevokeBias", Time since last: 2503256378 ns, Reaching safepoint: 73116 ns, At safepoint: 17412 ns, Total: 90528 ns
[2020-02-21T04:10:34.183+0000][1][safepoint    ] Safepoint "RevokeBias", Time since last: 2505845590 ns, Reaching safepoint: 143022 ns, At safepoint: 18999 ns, Total: 162021 ns
[2020-02-21T04:10:36.691+0000][1][safepoint    ] Safepoint "RevokeBias", Time since last: 2508300425 ns, Reaching safepoint: 59469 ns, At safepoint: 17297 ns, Total: 76766 ns
[2020-02-21T04:10:39.202+0000][1][safepoint    ] Safepoint "RevokeBias", Time since last: 2510844841 ns, Reaching safepoint: 94273 ns, At safepoint: 21284 ns, Total: 115557 ns
[2020-02-21T04:10:41.712+0000][1][safepoint    ] Safepoint "RevokeBias", Time since last: 2510473844 ns, Reaching safepoint: 75114 ns, At safepoint: 18240 ns, Total: 93354 ns
[2020-02-21T04:10:42.713+0000][1][safepoint    ] Safepoint "Cleanup", Time since last: 1000229127 ns, Reaching safepoint: 82366 ns, At safepoint: 7138 ns, Total: 89504 ns
[2020-02-21T04:10:44.218+0000][1][safepoint    ] Safepoint "RevokeBias", Time since last: 1504578324 ns, Reaching safepoint: 121004 ns, At safepoint: 32042 ns, Total: 153046 ns
[2020-02-21T04:10:46.721+0000][1][safepoint    ] Safepoint "RevokeBias", Time since last: 2503213162 ns, Reaching safepoint: 70829 ns, At safepoint: 18528 ns, Total: 89357 ns
[2020-02-21T04:10:49.226+0000][1][safepoint    ] Safepoint "RevokeBias", Time since last: 2505259615 ns, Reaching safepoint: 76039 ns, At safepoint: 18502 ns, Total: 94541 ns
[2020-02-21T04:10:51.730+0000][1][safepoint    ] Safepoint "RevokeBias", Time since last: 2503464440 ns, Reaching safepoint: 73803 ns, At safepoint: 17519 ns, Total: 91322 ns
[2020-02-21T04:10:54.233+0000][1][safepoint    ] Safepoint "RevokeBias", Time since last: 2502795954 ns, Reaching safepoint: 72206 ns, At safepoint: 18905 ns, Total: 91111 ns
[2020-02-21T04:10:56.758+0000][1][safepoint    ] Safepoint "RevokeBias", Time since last: 2525020660 ns, Reaching safepoint: 117273 ns, At safepoint: 24304 ns, Total: 141577 ns
[2020-02-21T04:10:59.269+0000][1][safepoint    ] Safepoint "RevokeBias", Time since last: 2511311762 ns, Reaching safepoint: 70274 ns, At safepoint: 17793 ns, Total: 88067 ns
[2020-02-21T04:11:01.781+0000][1][safepoint    ] Safepoint "RevokeBias", Time since last: 2511013468 ns, Reaching safepoint: 968069 ns, At safepoint: 116563 ns, Total: 1084632 ns
[2020-02-21T04:11:04.295+0000][1][safepoint    ] Safepoint "RevokeBias", Time since last: 2513478021 ns, Reaching safepoint: 55841 ns, At safepoint: 16472 ns, Total: 72313 ns
[2020-02-21T04:11:06.812+0000][1][safepoint    ] Safepoint "RevokeBias", Time since last: 2516538547 ns, Reaching safepoint: 145407 ns, At safepoint: 65745 ns, Total: 211152 ns
[2020-02-21T04:11:09.322+0000][1][safepoint    ] Safepoint "RevokeBias", Time since last: 2510485831 ns, Reaching safepoint: 223616 ns, At safepoint: 39972 ns, Total: 263588 ns
[2020-02-21T04:11:11.832+0000][1][safepoint    ] Safepoint "RevokeBias", Time since last: 2509888015 ns, Reaching safepoint: 72815 ns, At safepoint: 18411 ns, Total: 91226 ns
[2020-02-21T04:11:13.359+0000][1][safepoint    ] Safepoint "Cleanup", Time since last: 1526204751 ns, Reaching safepoint: 202501 ns, At safepoint: 10655 ns, Total: 213156 ns
[2020-02-21T04:11:14.338+0000][1][safepoint    ] Safepoint "RevokeBias", Time since last: 978797958 ns, Reaching safepoint: 73642 ns, At safepoint: 18811 ns, Total: 92453 ns
[2020-02-21T04:11:16.845+0000][1][safepoint    ] Safepoint "RevokeBias", Time since last: 2507217202 ns, Reaching safepoint: 158322 ns, At safepoint: 23759 ns, Total: 182081 ns
[2020-02-21T04:11:19.358+0000][1][safepoint    ] Safepoint "RevokeBias", Time since last: 2512609343 ns, Reaching safepoint: 73933 ns, At safepoint: 17601 ns, Total: 91534 ns
[2020-02-21T04:11:21.862+0000][1][safepoint    ] Safepoint "RevokeBias", Time since last: 2504652531 ns, Reaching safepoint: 73254 ns, At safepoint: 19349 ns, Total: 92603 ns
[2020-02-21T04:11:24.365+0000][1][safepoint    ] Safepoint "RevokeBias", Time since last: 2502665103 ns, Reaching safepoint: 70497 ns, At safepoint: 17382 ns, Total: 87879 ns
[2020-02-21T04:11:26.887+0000][1][safepoint    ] Safepoint "RevokeBias", Time since last: 2521564553 ns, Reaching safepoint: 69387 ns, At safepoint: 16637 ns, Total: 86024 ns
[2020-02-21T04:11:29.429+0000][1][safepoint    ] Safepoint "RevokeBias", Time since last: 2541887536 ns, Reaching safepoint: 70876 ns, At safepoint: 18590 ns, Total: 89466 ns
[2020-02-21T04:11:30.430+0000][1][safepoint    ] Safepoint "Cleanup", Time since last: 1000724949 ns, Reaching safepoint: 79487 ns, At safepoint: 6739 ns, Total: 86226 ns
[2020-02-21T04:11:31.931+0000][1][safepoint    ] Safepoint "RevokeBias", Time since last: 1501552717 ns, Reaching safepoint: 72737 ns, At safepoint: 18516 ns, Total: 91253 ns
[2020-02-21T04:11:34.435+0000][1][safepoint    ] Safepoint "RevokeBias", Time since last: 2503584638 ns, Reaching safepoint: 72885 ns, At safepoint: 17703 ns, Total: 90588 ns
[2020-02-21T04:11:36.940+0000][1][safepoint    ] Safepoint "BulkRevokeBias", Time since last: 2504919871 ns, Reaching safepoint: 70000 ns, At safepoint: 176325 ns, Total: 246325 ns
[2020-02-21T04:11:39.464+0000][1][safepoint    ] Safepoint "RevokeBias", Time since last: 2523766021 ns, Reaching safepoint: 67394 ns, At safepoint: 18231 ns, Total: 85625 ns
[2020-02-21T04:11:41.975+0000][1][safepoint    ] Safepoint "RevokeBias", Time since last: 2511155683 ns, Reaching safepoint: 107121 ns, At safepoint: 47342 ns, Total: 154463 ns
[2020-02-21T04:11:44.481+0000][1][safepoint    ] Safepoint "RevokeBias", Time since last: 2505921547 ns, Reaching safepoint: 71755 ns, At safepoint: 18395 ns, Total: 90150 ns
[2020-02-21T04:11:46.984+0000][1][safepoint    ] Safepoint "RevokeBias", Time since last: 2502247531 ns, Reaching safepoint: 71423 ns, At safepoint: 17300 ns, Total: 88723 ns
[2020-02-21T04:11:49.487+0000][1][safepoint    ] Safepoint "RevokeBias", Time since last: 2503229653 ns, Reaching safepoint: 70106 ns, At safepoint: 17761 ns, Total: 87867 ns
[2020-02-21T04:11:51.507+0000][1][gc,start     ] GC(101) Pause Young (Allocation Failure)
[2020-02-21T04:11:51.507+0000][1][gc,task      ] GC(101) Using 1 workers of 1 for evacuation
[2020-02-21T04:11:51.518+0000][1][gc,age       ] GC(101) Desired survivor size 4358144 bytes, new threshold 6 (max threshold 6)
[2020-02-21T04:11:51.518+0000][1][gc,age       ] GC(101) Age table with threshold 6 (max threshold 6)
[2020-02-21T04:11:51.518+0000][1][gc,age       ] GC(101) - age   1:      13056 bytes,      13056 total
[2020-02-21T04:11:51.518+0000][1][gc,age       ] GC(101) - age   3:        336 bytes,      13392 total
[2020-02-21T04:11:51.518+0000][1][gc,age       ] GC(101) - age   4:        264 bytes,      13656 total
[2020-02-21T04:11:51.518+0000][1][gc,age       ] GC(101) - age   5:        128 bytes,      13784 total
[2020-02-21T04:11:51.518+0000][1][gc,age       ] GC(101) - age   6:        240 bytes,      14024 total
[2020-02-21T04:11:51.518+0000][1][gc,heap      ] GC(101) ParNew: 68187K->17K(76672K)
[2020-02-21T04:11:51.518+0000][1][gc,heap      ] GC(101) CMS: 62608K->62608K(963392K)
[2020-02-21T04:11:51.518+0000][1][gc,metaspace ] GC(101) Metaspace: 80123K->80123K(1122304K)
[2020-02-21T04:11:51.518+0000][1][gc           ] GC(101) Pause Young (Allocation Failure) 127M->61M(1015M) 11.386ms
[2020-02-21T04:11:51.518+0000][1][gc,cpu       ] GC(101) User=0.01s Sys=0.00s Real=0.01s
[2020-02-21T04:11:51.518+0000][1][safepoint    ] Safepoint "GenCollectForAllocation", Time since last: 2019732537 ns, Reaching safepoint: 77585 ns, At safepoint: 11439542 ns, Total: 11517127 ns
[2020-02-21T04:11:51.991+0000][1][safepoint    ] Safepoint "RevokeBias", Time since last: 472927514 ns, Reaching safepoint: 71534 ns, At safepoint: 17364 ns, Total: 88898 ns
[2020-02-21T04:11:54.495+0000][1][safepoint    ] Safepoint "RevokeBias", Time since last: 2503806081 ns, Reaching safepoint: 75730 ns, At safepoint: 17752 ns, Total: 93482 ns
[2020-02-21T04:11:57.012+0000][1][safepoint    ] Safepoint "RevokeBias", Time since last: 2516509645 ns, Reaching safepoint: 70481 ns, At safepoint: 18192 ns, Total: 88673 ns
[2020-02-21T04:11:59.526+0000][1][safepoint    ] Safepoint "RevokeBias", Time since last: 2513845010 ns, Reaching safepoint: 708953 ns, At safepoint: 23022 ns, Total: 731975 ns
[2020-02-21T04:12:02.028+0000][1][safepoint    ] Safepoint "RevokeBias", Time since last: 2501193303 ns, Reaching safepoint: 85284 ns, At safepoint: 20354 ns, Total: 105638 ns
[2020-02-21T04:12:04.532+0000][1][safepoint    ] Safepoint "RevokeBias", Time since last: 2504276881 ns, Reaching safepoint: 73066 ns, At safepoint: 17954 ns, Total: 91020 ns
[2020-02-21T04:12:07.038+0000][1][safepoint    ] Safepoint "RevokeBias", Time since last: 2505796729 ns, Reaching safepoint: 72946 ns, At safepoint: 19122 ns, Total: 92068 ns
[2020-02-21T04:12:09.540+0000][1][safepoint    ] Safepoint "RevokeBias", Time since last: 2502382007 ns, Reaching safepoint: 91495 ns, At safepoint: 20600 ns, Total: 112095 ns
[2020-02-21T04:12:12.044+0000][1][safepoint    ] Safepoint "RevokeBias", Time since last: 2503744485 ns, Reaching safepoint: 79826 ns, At safepoint: 20174 ns, Total: 100000 ns
[2020-02-21T04:12:14.566+0000][1][safepoint    ] Safepoint "RevokeBias", Time since last: 2521599111 ns, Reaching safepoint: 53839 ns, At safepoint: 15371 ns, Total: 69210 ns
[2020-02-21T04:12:17.076+0000][1][safepoint    ] Safepoint "RevokeBias", Time since last: 2510108726 ns, Reaching safepoint: 70046 ns, At safepoint: 17725 ns, Total: 87771 ns
[2020-02-21T04:12:19.581+0000][1][safepoint    ] Safepoint "RevokeBias", Time since last: 2504998976 ns, Reaching safepoint: 126629 ns, At safepoint: 23123 ns, Total: 149752 ns
[2020-02-21T04:12:22.084+0000][1][safepoint    ] Safepoint "RevokeBias", Time since last: 2502754306 ns, Reaching safepoint: 73198 ns, At safepoint: 17806 ns, Total: 91004 ns
[2020-02-21T04:12:24.586+0000][1][safepoint    ] Safepoint "RevokeBias", Time since last: 2501786955 ns, Reaching safepoint: 68716 ns, At safepoint: 17431 ns, Total: 86147 ns
[2020-02-21T04:12:27.104+0000][1][safepoint    ] Safepoint "RevokeBias", Time since last: 2518328790 ns, Reaching safepoint: 72413 ns, At safepoint: 17584 ns, Total: 89997 ns
[2020-02-21T04:12:29.614+0000][1][safepoint    ] Safepoint "RevokeBias", Time since last: 2509688025 ns, Reaching safepoint: 114843 ns, At safepoint: 28571 ns, Total: 143414 ns
[2020-02-21T04:12:32.118+0000][1][safepoint    ] Safepoint "RevokeBias", Time since last: 2503760655 ns, Reaching safepoint: 111655 ns, At safepoint: 28317 ns, Total: 139972 ns
[2020-02-21T04:12:34.625+0000][1][safepoint    ] Safepoint "RevokeBias", Time since last: 2506671578 ns, Reaching safepoint: 101324 ns, At safepoint: 28826 ns, Total: 130150 ns
[2020-02-21T04:12:37.131+0000][1][safepoint    ] Safepoint "RevokeBias", Time since last: 2506291616 ns, Reaching safepoint: 71193 ns, At safepoint: 17169 ns, Total: 88362 ns
[2020-02-21T04:12:39.635+0000][1][safepoint    ] Safepoint "RevokeBias", Time since last: 2503062057 ns, Reaching safepoint: 87505 ns, At safepoint: 107484 ns, Total: 194989 ns
[2020-02-21T04:12:42.140+0000][1][safepoint    ] Safepoint "RevokeBias", Time since last: 2504965451 ns, Reaching safepoint: 73402 ns, At safepoint: 18818 ns, Total: 92220 ns
[2020-02-21T04:12:44.664+0000][1][safepoint    ] Safepoint "RevokeBias", Time since last: 2524264551 ns, Reaching safepoint: 51891 ns, At safepoint: 16117 ns, Total: 68008 ns
[2020-02-21T04:12:47.176+0000][1][safepoint    ] Safepoint "RevokeBias", Time since last: 2512077393 ns, Reaching safepoint: 71499 ns, At safepoint: 17441 ns, Total: 88940 ns
[2020-02-21T04:12:49.682+0000][1][safepoint    ] Safepoint "BulkRevokeBias", Time since last: 2505569545 ns, Reaching safepoint: 86792 ns, At safepoint: 320144 ns, Total: 406936 ns
[2020-02-21T04:12:52.185+0000][1][safepoint    ] Safepoint "RevokeBias", Time since last: 2502733264 ns, Reaching safepoint: 73547 ns, At safepoint: 17890 ns, Total: 91437 ns
[2020-02-21T04:12:54.688+0000][1][safepoint    ] Safepoint "RevokeBias", Time since last: 2503022370 ns, Reaching safepoint: 70530 ns, At safepoint: 16933 ns, Total: 87463 ns
[2020-02-21T04:12:57.199+0000][1][safepoint    ] Safepoint "RevokeBias", Time since last: 2511193946 ns, Reaching safepoint: 171427 ns, At safepoint: 21119 ns, Total: 192546 ns
[2020-02-21T04:12:59.710+0000][1][safepoint    ] Safepoint "RevokeBias", Time since last: 2510349870 ns, Reaching safepoint: 130527 ns, At safepoint: 40732 ns, Total: 171259 ns
[2020-02-21T04:13:02.224+0000][1][safepoint    ] Safepoint "RevokeBias", Time since last: 2513851310 ns, Reaching safepoint: 76248 ns, At safepoint: 19767 ns, Total: 96015 ns
[2020-02-21T04:13:04.765+0000][1][safepoint    ] Safepoint "RevokeBias", Time since last: 2541341996 ns, Reaching safepoint: 132519 ns, At safepoint: 32257 ns, Total: 164776 ns
[2020-02-21T04:13:07.270+0000][1][safepoint    ] Safepoint "RevokeBias", Time since last: 2504762262 ns, Reaching safepoint: 149607 ns, At safepoint: 21800 ns, Total: 171407 ns
[2020-02-21T04:13:09.772+0000][1][safepoint    ] Safepoint "RevokeBias", Time since last: 2501811649 ns, Reaching safepoint: 72096 ns, At safepoint: 18614 ns, Total: 90710 ns
[2020-02-21T04:13:12.278+0000][1][safepoint    ] Safepoint "RevokeBias", Time since last: 2505783498 ns, Reaching safepoint: 100066 ns, At safepoint: 24655 ns, Total: 124721 ns
[2020-02-21T04:13:14.789+0000][1][safepoint    ] Safepoint "RevokeBias", Time since last: 2510608763 ns, Reaching safepoint: 68129 ns, At safepoint: 20776 ns, Total: 88905 ns
[2020-02-21T04:13:17.300+0000][1][safepoint    ] Safepoint "RevokeBias", Time since last: 2510672090 ns, Reaching safepoint: 97520 ns, At safepoint: 26791 ns, Total: 124311 ns
[2020-02-21T04:13:19.806+0000][1][safepoint    ] Safepoint "RevokeBias", Time since last: 2506511662 ns, Reaching safepoint: 102632 ns, At safepoint: 52409 ns, Total: 155041 ns
[2020-02-21T04:13:22.310+0000][1][safepoint    ] Safepoint "RevokeBias", Time since last: 2503396936 ns, Reaching safepoint: 71154 ns, At safepoint: 18432 ns, Total: 89586 ns
[2020-02-21T04:13:24.817+0000][1][safepoint    ] Safepoint "RevokeBias", Time since last: 2507132296 ns, Reaching safepoint: 169729 ns, At safepoint: 28771 ns, Total: 198500 ns
[2020-02-21T04:13:27.327+0000][1][safepoint    ] Safepoint "RevokeBias", Time since last: 2508187065 ns, Reaching safepoint: 1236827 ns, At safepoint: 22105 ns, Total: 1258932 ns
[2020-02-21T04:13:29.829+0000][1][safepoint    ] Safepoint "RevokeBias", Time since last: 2501869785 ns, Reaching safepoint: 70097 ns, At safepoint: 106851 ns, Total: 176948 ns
[2020-02-21T04:13:32.344+0000][1][safepoint    ] Safepoint "RevokeBias", Time since last: 2514800037 ns, Reaching safepoint: 189582 ns, At safepoint: 30822 ns, Total: 220404 ns
[2020-02-21T04:13:34.855+0000][1][safepoint    ] Safepoint "RevokeBias", Time since last: 2510888810 ns, Reaching safepoint: 81034 ns, At safepoint: 16786 ns, Total: 97820 ns
[2020-02-21T04:13:37.360+0000][1][safepoint    ] Safepoint "RevokeBias", Time since last: 2505244162 ns, Reaching safepoint: 131285 ns, At safepoint: 26778 ns, Total: 158063 ns
[2020-02-21T04:13:39.863+0000][1][safepoint    ] Safepoint "RevokeBias", Time since last: 2502601920 ns, Reaching safepoint: 70250 ns, At safepoint: 17515 ns, Total: 87765 ns
[2020-02-21T04:13:42.370+0000][1][safepoint    ] Safepoint "RevokeBias", Time since last: 2507075130 ns, Reaching safepoint: 90697 ns, At safepoint: 24158 ns, Total: 114855 ns
[2020-02-21T04:13:44.881+0000][1][safepoint    ] Safepoint "RevokeBias", Time since last: 2511217782 ns, Reaching safepoint: 86917 ns, At safepoint: 20057 ns, Total: 106974 ns
[2020-02-21T04:13:47.394+0000][1][safepoint    ] Safepoint "RevokeBias", Time since last: 2512597790 ns, Reaching safepoint: 71254 ns, At safepoint: 18183 ns, Total: 89437 ns
[2020-02-21T04:13:49.897+0000][1][safepoint    ] Safepoint "RevokeBias", Time since last: 2503184467 ns, Reaching safepoint: 70710 ns, At safepoint: 17498 ns, Total: 88208 ns
[2020-02-21T04:13:52.400+0000][1][safepoint    ] Safepoint "RevokeBias", Time since last: 2502794100 ns, Reaching safepoint: 77051 ns, At safepoint: 46409 ns, Total: 123460 ns
[2020-02-21T04:13:54.903+0000][1][safepoint    ] Safepoint "RevokeBias", Time since last: 2502778749 ns, Reaching safepoint: 109250 ns, At safepoint: 21281 ns, Total: 130531 ns
[2020-02-21T04:13:57.409+0000][1][safepoint    ] Safepoint "RevokeBias", Time since last: 2505967536 ns, Reaching safepoint: 73107 ns, At safepoint: 17199 ns, Total: 90306 ns
[2020-02-21T04:13:59.913+0000][1][safepoint    ] Safepoint "RevokeBias", Time since last: 2504076198 ns, Reaching safepoint: 71082 ns, At safepoint: 17833 ns, Total: 88915 ns
[2020-02-21T04:14:02.425+0000][1][safepoint    ] Safepoint "BulkRevokeBias", Time since last: 2511173613 ns, Reaching safepoint: 91806 ns, At safepoint: 201754 ns, Total: 293560 ns
[2020-02-21T04:14:04.937+0000][1][safepoint    ] Safepoint "RevokeBias", Time since last: 2511982181 ns, Reaching safepoint: 73129 ns, At safepoint: 18176 ns, Total: 91305 ns
[2020-02-21T04:14:07.440+0000][1][safepoint    ] Safepoint "RevokeBias", Time since last: 2503019168 ns, Reaching safepoint: 72140 ns, At safepoint: 17770 ns, Total: 89910 ns
[2020-02-21T04:14:09.944+0000][1][safepoint    ] Safepoint "RevokeBias", Time since last: 2503971552 ns, Reaching safepoint: 74135 ns, At safepoint: 18351 ns, Total: 92486 ns
[2020-02-21T04:14:11.619+0000][1][gc,start     ] GC(102) Pause Young (Allocation Failure)
[2020-02-21T04:14:11.620+0000][1][gc,task      ] GC(102) Using 1 workers of 1 for evacuation
[2020-02-21T04:14:11.630+0000][1][gc,age       ] GC(102) Desired survivor size 4358144 bytes, new threshold 6 (max threshold 6)
[2020-02-21T04:14:11.630+0000][1][gc,age       ] GC(102) Age table with threshold 6 (max threshold 6)
[2020-02-21T04:14:11.630+0000][1][gc,age       ] GC(102) - age   1:      14960 bytes,      14960 total
[2020-02-21T04:14:11.630+0000][1][gc,age       ] GC(102) - age   4:        336 bytes,      15296 total
[2020-02-21T04:14:11.630+0000][1][gc,age       ] GC(102) - age   5:         32 bytes,      15328 total
[2020-02-21T04:14:11.630+0000][1][gc,age       ] GC(102) - age   6:        128 bytes,      15456 total
[2020-02-21T04:14:11.630+0000][1][gc,heap      ] GC(102) ParNew: 68177K->29K(76672K)
[2020-02-21T04:14:11.630+0000][1][gc,heap      ] GC(102) CMS: 62608K->62608K(963392K)
[2020-02-21T04:14:11.630+0000][1][gc,metaspace ] GC(102) Metaspace: 80124K->80124K(1122304K)
[2020-02-21T04:14:11.630+0000][1][gc           ] GC(102) Pause Young (Allocation Failure) 127M->61M(1015M) 10.677ms
[2020-02-21T04:14:11.630+0000][1][gc,cpu       ] GC(102) User=0.01s Sys=0.00s Real=0.01s
[2020-02-21T04:14:11.630+0000][1][safepoint    ] Safepoint "GenCollectForAllocation", Time since last: 1675463762 ns, Reaching safepoint: 75246 ns, At safepoint: 10744116 ns, Total: 10819362 ns
[2020-02-21T04:14:12.448+0000][1][safepoint    ] Safepoint "RevokeBias", Time since last: 817941674 ns, Reaching safepoint: 82819 ns, At safepoint: 20165 ns, Total: 102984 ns
[2020-02-21T04:14:14.970+0000][1][safepoint    ] Safepoint "RevokeBias", Time since last: 2522009232 ns, Reaching safepoint: 93354 ns, At safepoint: 35382 ns, Total: 128736 ns
[2020-02-21T04:14:17.478+0000][1][safepoint    ] Safepoint "RevokeBias", Time since last: 2507284081 ns, Reaching safepoint: 77690 ns, At safepoint: 18436 ns, Total: 96126 ns
[2020-02-21T04:14:19.981+0000][1][safepoint    ] Safepoint "RevokeBias", Time since last: 2503420796 ns, Reaching safepoint: 71552 ns, At safepoint: 17752 ns, Total: 89304 ns
[2020-02-21T04:14:22.484+0000][1][safepoint    ] Safepoint "RevokeBias", Time since last: 2502406571 ns, Reaching safepoint: 172619 ns, At safepoint: 19465 ns, Total: 192084 ns
[2020-02-21T04:14:24.987+0000][1][safepoint    ] Safepoint "RevokeBias", Time since last: 2503475434 ns, Reaching safepoint: 86201 ns, At safepoint: 20926 ns, Total: 107127 ns
[2020-02-21T04:14:27.499+0000][1][safepoint    ] Safepoint "RevokeBias", Time since last: 2511385859 ns, Reaching safepoint: 77239 ns, At safepoint: 16613 ns, Total: 93852 ns
[2020-02-21T04:14:30.005+0000][1][safepoint    ] Safepoint "RevokeBias", Time since last: 2506466775 ns, Reaching safepoint: 75430 ns, At safepoint: 19730 ns, Total: 95160 ns
[2020-02-21T04:14:32.006+0000][1][safepoint    ] Safepoint "Cleanup", Time since last: 2000772930 ns, Reaching safepoint: 86822 ns, At safepoint: 9266 ns, Total: 96088 ns
[2020-02-21T04:14:32.521+0000][1][safepoint    ] Safepoint "RevokeBias", Time since last: 514690152 ns, Reaching safepoint: 71623 ns, At safepoint: 18235 ns, Total: 89858 ns
[2020-02-21T04:14:35.031+0000][1][safepoint    ] Safepoint "RevokeBias", Time since last: 2510112758 ns, Reaching safepoint: 90528 ns, At safepoint: 20677 ns, Total: 111205 ns
[2020-02-21T04:14:37.538+0000][1][safepoint    ] Safepoint "RevokeBias", Time since last: 2506363653 ns, Reaching safepoint: 74943 ns, At safepoint: 18489 ns, Total: 93432 ns
[2020-02-21T04:14:40.046+0000][1][safepoint    ] Safepoint "RevokeBias", Time since last: 2508075005 ns, Reaching safepoint: 132711 ns, At safepoint: 21348 ns, Total: 154059 ns
[2020-02-21T04:14:42.551+0000][1][safepoint    ] Safepoint "RevokeBias", Time since last: 2504373890 ns, Reaching safepoint: 98523 ns, At safepoint: 25801 ns, Total: 124324 ns
[2020-02-21T04:14:45.061+0000][1][safepoint    ] Safepoint "RevokeBias", Time since last: 2510533211 ns, Reaching safepoint: 94365 ns, At safepoint: 22445 ns, Total: 116810 ns
[2020-02-21T04:14:47.569+0000][1][safepoint    ] Safepoint "RevokeBias", Time since last: 2507794589 ns, Reaching safepoint: 70935 ns, At safepoint: 17833 ns, Total: 88768 ns
[2020-02-21T04:14:50.073+0000][1][safepoint    ] Safepoint "RevokeBias", Time since last: 2504100009 ns, Reaching safepoint: 106796 ns, At safepoint: 37841 ns, Total: 144637 ns
[2020-02-21T04:14:52.577+0000][1][safepoint    ] Safepoint "RevokeBias", Time since last: 2503203786 ns, Reaching safepoint: 74306 ns, At safepoint: 20261 ns, Total: 94567 ns
[2020-02-21T04:14:55.081+0000][1][safepoint    ] Safepoint "RevokeBias", Time since last: 2504117532 ns, Reaching safepoint: 100834 ns, At safepoint: 27236 ns, Total: 128070 ns
[2020-02-21T04:14:57.588+0000][1][safepoint    ] Safepoint "RevokeBias", Time since last: 2507156326 ns, Reaching safepoint: 92251 ns, At safepoint: 25614 ns, Total: 117865 ns
[2020-02-21T04:15:00.130+0000][1][safepoint    ] Safepoint "RevokeBias", Time since last: 2541936749 ns, Reaching safepoint: 95524 ns, At safepoint: 26026 ns, Total: 121550 ns
[2020-02-21T04:15:02.659+0000][1][safepoint    ] Safepoint "RevokeBias", Time since last: 2528788255 ns, Reaching safepoint: 70575 ns, At safepoint: 22353 ns, Total: 92928 ns
[2020-02-21T04:15:05.173+0000][1][safepoint    ] Safepoint "RevokeBias", Time since last: 2513849989 ns, Reaching safepoint: 70655 ns, At safepoint: 17377 ns, Total: 88032 ns
[2020-02-21T04:15:07.780+0000][1][safepoint    ] Safepoint "RevokeBias", Time since last: 2606796948 ns, Reaching safepoint: 54896 ns, At safepoint: 16381 ns, Total: 71277 ns
[2020-02-21T04:15:10.284+0000][1][safepoint    ] Safepoint "RevokeBias", Time since last: 2504148482 ns, Reaching safepoint: 142829 ns, At safepoint: 27997 ns, Total: 170826 ns
[2020-02-21T04:15:12.788+0000][1][safepoint    ] Safepoint "RevokeBias", Time since last: 2504108062 ns, Reaching safepoint: 56677 ns, At safepoint: 15700 ns, Total: 72377 ns
[2020-02-21T04:15:15.307+0000][1][safepoint    ] Safepoint "BulkRevokeBias", Time since last: 2517784453 ns, Reaching safepoint: 95013 ns, At safepoint: 307057 ns, Total: 402070 ns
[2020-02-21T04:15:17.816+0000][1][safepoint    ] Safepoint "RevokeBias", Time since last: 2509275724 ns, Reaching safepoint: 173124 ns, At safepoint: 22308 ns, Total: 195432 ns
[2020-02-21T04:15:20.320+0000][1][safepoint    ] Safepoint "RevokeBias", Time since last: 2503828676 ns, Reaching safepoint: 70123 ns, At safepoint: 17147 ns, Total: 87270 ns
[2020-02-21T04:15:22.823+0000][1][safepoint    ] Safepoint "RevokeBias", Time since last: 2503231644 ns, Reaching safepoint: 131744 ns, At safepoint: 74963 ns, Total: 206707 ns
[2020-02-21T04:15:25.328+0000][1][safepoint    ] Safepoint "RevokeBias", Time since last: 2504316806 ns, Reaching safepoint: 81334 ns, At safepoint: 18673 ns, Total: 100007 ns
[2020-02-21T04:15:27.835+0000][1][safepoint    ] Safepoint "RevokeBias", Time since last: 2506612762 ns, Reaching safepoint: 147615 ns, At safepoint: 25293 ns, Total: 172908 ns
[2020-02-21T04:15:30.340+0000][1][safepoint    ] Safepoint "RevokeBias", Time since last: 2505118276 ns, Reaching safepoint: 93564 ns, At safepoint: 24097 ns, Total: 117661 ns
[2020-02-21T04:15:32.855+0000][1][safepoint    ] Safepoint "RevokeBias", Time since last: 2514920157 ns, Reaching safepoint: 76892 ns, At safepoint: 41815 ns, Total: 118707 ns
[2020-02-21T04:15:35.364+0000][1][safepoint    ] Safepoint "RevokeBias", Time since last: 2509134655 ns, Reaching safepoint: 71902 ns, At safepoint: 18007 ns, Total: 89909 ns
[2020-02-21T04:15:37.871+0000][1][safepoint    ] Safepoint "RevokeBias", Time since last: 2506842293 ns, Reaching safepoint: 76011 ns, At safepoint: 19484 ns, Total: 95495 ns
[2020-02-21T04:15:40.376+0000][1][safepoint    ] Safepoint "RevokeBias", Time since last: 2504362041 ns, Reaching safepoint: 111508 ns, At safepoint: 28830 ns, Total: 140338 ns
[2020-02-21T04:15:42.881+0000][1][safepoint    ] Safepoint "RevokeBias", Time since last: 2505439818 ns, Reaching safepoint: 84821 ns, At safepoint: 21010 ns, Total: 105831 ns
[2020-02-21T04:15:45.413+0000][1][safepoint    ] Safepoint "RevokeBias", Time since last: 2526179335 ns, Reaching safepoint: 6013850 ns, At safepoint: 62949 ns, Total: 6076799 ns
[2020-02-21T04:15:47.916+0000][1][safepoint    ] Safepoint "RevokeBias", Time since last: 2502060757 ns, Reaching safepoint: 100421 ns, At safepoint: 28342 ns, Total: 128763 ns
[2020-02-21T04:15:50.421+0000][1][safepoint    ] Safepoint "RevokeBias", Time since last: 2505713394 ns, Reaching safepoint: 76766 ns, At safepoint: 19130 ns, Total: 95896 ns
[2020-02-21T04:15:52.926+0000][1][safepoint    ] Safepoint "RevokeBias", Time since last: 2504121530 ns, Reaching safepoint: 96594 ns, At safepoint: 18249 ns, Total: 114843 ns
[2020-02-21T04:15:55.429+0000][1][safepoint    ] Safepoint "RevokeBias", Time since last: 2503303108 ns, Reaching safepoint: 88837 ns, At safepoint: 20337 ns, Total: 109174 ns
[2020-02-21T04:15:57.936+0000][1][safepoint    ] Safepoint "RevokeBias", Time since last: 2506782258 ns, Reaching safepoint: 205859 ns, At safepoint: 36748 ns, Total: 242607 ns
[2020-02-21T04:16:00.443+0000][1][safepoint    ] Safepoint "RevokeBias", Time since last: 2507020015 ns, Reaching safepoint: 86502 ns, At safepoint: 20368 ns, Total: 106870 ns
[2020-02-21T04:16:02.952+0000][1][safepoint    ] Safepoint "RevokeBias", Time since last: 2508731543 ns, Reaching safepoint: 112440 ns, At safepoint: 19840 ns, Total: 132280 ns
[2020-02-21T04:16:05.458+0000][1][safepoint    ] Safepoint "RevokeBias", Time since last: 2505476018 ns, Reaching safepoint: 73064 ns, At safepoint: 18735 ns, Total: 91799 ns
[2020-02-21T04:16:07.964+0000][1][safepoint    ] Safepoint "RevokeBias", Time since last: 2506289373 ns, Reaching safepoint: 72186 ns, At safepoint: 17829 ns, Total: 90015 ns
[2020-02-21T04:16:10.469+0000][1][safepoint    ] Safepoint "RevokeBias", Time since last: 2504517343 ns, Reaching safepoint: 71980 ns, At safepoint: 16221 ns, Total: 88201 ns
[2020-02-21T04:16:12.974+0000][1][safepoint    ] Safepoint "RevokeBias", Time since last: 2505133741 ns, Reaching safepoint: 70341 ns, At safepoint: 17224 ns, Total: 87565 ns
[2020-02-21T04:16:15.484+0000][1][safepoint    ] Safepoint "RevokeBias", Time since last: 2509804552 ns, Reaching safepoint: 73729 ns, At safepoint: 18484 ns, Total: 92213 ns
[2020-02-21T04:16:17.990+0000][1][safepoint    ] Safepoint "RevokeBias", Time since last: 2505966001 ns, Reaching safepoint: 154145 ns, At safepoint: 19975 ns, Total: 174120 ns
[2020-02-21T04:16:20.494+0000][1][safepoint    ] Safepoint "RevokeBias", Time since last: 2503709089 ns, Reaching safepoint: 83926 ns, At safepoint: 21216 ns, Total: 105142 ns
[2020-02-21T04:16:22.997+0000][1][safepoint    ] Safepoint "RevokeBias", Time since last: 2502775033 ns, Reaching safepoint: 206069 ns, At safepoint: 24013 ns, Total: 230082 ns
[2020-02-21T04:16:25.501+0000][1][safepoint    ] Safepoint "RevokeBias", Time since last: 2504613551 ns, Reaching safepoint: 130729 ns, At safepoint: 32372 ns, Total: 163101 ns
[2020-02-21T04:16:28.008+0000][1][safepoint    ] Safepoint "BulkRevokeBias", Time since last: 2506250761 ns, Reaching safepoint: 148700 ns, At safepoint: 186922 ns, Total: 335622 ns
[2020-02-21T04:16:30.513+0000][1][safepoint    ] Safepoint "RevokeBias", Time since last: 2504792848 ns, Reaching safepoint: 159403 ns, At safepoint: 44377 ns, Total: 203780 ns
[2020-02-21T04:16:31.757+0000][1][gc,start     ] GC(103) Pause Young (Allocation Failure)
[2020-02-21T04:16:31.758+0000][1][gc,task      ] GC(103) Using 1 workers of 1 for evacuation
[2020-02-21T04:16:31.766+0000][1][gc,age       ] GC(103) Desired survivor size 4358144 bytes, new threshold 6 (max threshold 6)
[2020-02-21T04:16:31.766+0000][1][gc,age       ] GC(103) Age table with threshold 6 (max threshold 6)
[2020-02-21T04:16:31.766+0000][1][gc,age       ] GC(103) - age   1:      16984 bytes,      16984 total
[2020-02-21T04:16:31.766+0000][1][gc,age       ] GC(103) - age   2:       2192 bytes,      19176 total
[2020-02-21T04:16:31.766+0000][1][gc,age       ] GC(103) - age   5:        336 bytes,      19512 total
[2020-02-21T04:16:31.766+0000][1][gc,age       ] GC(103) - age   6:         32 bytes,      19544 total
[2020-02-21T04:16:31.767+0000][1][gc,heap      ] GC(103) ParNew: 68189K->27K(76672K)
[2020-02-21T04:16:31.767+0000][1][gc,heap      ] GC(103) CMS: 62608K->62608K(963392K)
[2020-02-21T04:16:31.767+0000][1][gc,metaspace ] GC(103) Metaspace: 80125K->80125K(1122304K)
[2020-02-21T04:16:31.767+0000][1][gc           ] GC(103) Pause Young (Allocation Failure) 127M->61M(1015M) 9.104ms
[2020-02-21T04:16:31.767+0000][1][gc,cpu       ] GC(103) User=0.00s Sys=0.00s Real=0.01s
[2020-02-21T04:16:31.767+0000][1][safepoint    ] Safepoint "GenCollectForAllocation", Time since last: 1244192716 ns, Reaching safepoint: 297827 ns, At safepoint: 9206232 ns, Total: 9504059 ns
[2020-02-21T04:16:33.025+0000][1][safepoint    ] Safepoint "RevokeBias", Time since last: 1258123192 ns, Reaching safepoint: 70146 ns, At safepoint: 16624 ns, Total: 86770 ns
[2020-02-21T04:16:35.534+0000][1][safepoint    ] Safepoint "RevokeBias", Time since last: 2508926386 ns, Reaching safepoint: 89772 ns, At safepoint: 21137 ns, Total: 110909 ns
[2020-02-21T04:16:38.039+0000][1][safepoint    ] Safepoint "RevokeBias", Time since last: 2505287485 ns, Reaching safepoint: 110795 ns, At safepoint: 28354 ns, Total: 139149 ns
[2020-02-21T04:16:40.548+0000][1][safepoint    ] Safepoint "RevokeBias", Time since last: 2508183722 ns, Reaching safepoint: 75240 ns, At safepoint: 18218 ns, Total: 93458 ns
[2020-02-21T04:16:43.052+0000][1][safepoint    ] Safepoint "RevokeBias", Time since last: 2504728296 ns, Reaching safepoint: 75884 ns, At safepoint: 18446 ns, Total: 94330 ns
[2020-02-21T04:16:45.570+0000][1][safepoint    ] Safepoint "RevokeBias", Time since last: 2517533179 ns, Reaching safepoint: 71540 ns, At safepoint: 17737 ns, Total: 89277 ns
[2020-02-21T04:16:48.083+0000][1][safepoint    ] Safepoint "RevokeBias", Time since last: 2512276010 ns, Reaching safepoint: 222109 ns, At safepoint: 39863 ns, Total: 261972 ns
[2020-02-21T04:16:50.587+0000][1][safepoint    ] Safepoint "RevokeBias", Time since last: 2504386287 ns, Reaching safepoint: 143200 ns, At safepoint: 50759 ns, Total: 193959 ns
[2020-02-21T04:16:53.090+0000][1][safepoint    ] Safepoint "RevokeBias", Time since last: 2502483780 ns, Reaching safepoint: 116541 ns, At safepoint: 19569 ns, Total: 136110 ns
[2020-02-21T04:16:55.593+0000][1][safepoint    ] Safepoint "RevokeBias", Time since last: 2502966211 ns, Reaching safepoint: 89038 ns, At safepoint: 19312 ns, Total: 108350 ns
[2020-02-21T04:16:58.098+0000][1][safepoint    ] Safepoint "RevokeBias", Time since last: 2505261400 ns, Reaching safepoint: 72100 ns, At safepoint: 18154 ns, Total: 90254 ns
[2020-02-21T04:17:00.604+0000][1][safepoint    ] Safepoint "RevokeBias", Time since last: 2505462304 ns, Reaching safepoint: 85095 ns, At safepoint: 21999 ns, Total: 107094 ns
[2020-02-21T04:17:03.119+0000][1][safepoint    ] Safepoint "RevokeBias", Time since last: 2515378054 ns, Reaching safepoint: 91975 ns, At safepoint: 27914 ns, Total: 119889 ns
[2020-02-21T04:17:05.626+0000][1][safepoint    ] Safepoint "RevokeBias", Time since last: 2506489146 ns, Reaching safepoint: 88905 ns, At safepoint: 20600 ns, Total: 109505 ns
[2020-02-21T04:17:08.131+0000][1][safepoint    ] Safepoint "RevokeBias", Time since last: 2505453010 ns, Reaching safepoint: 71921 ns, At safepoint: 18196 ns, Total: 90117 ns
[2020-02-21T04:17:10.635+0000][1][safepoint    ] Safepoint "RevokeBias", Time since last: 2503040027 ns, Reaching safepoint: 143648 ns, At safepoint: 30314 ns, Total: 173962 ns
[2020-02-21T04:17:13.141+0000][1][safepoint    ] Safepoint "RevokeBias", Time since last: 2506498022 ns, Reaching safepoint: 114761 ns, At safepoint: 21585 ns, Total: 136346 ns
[2020-02-21T04:17:15.645+0000][1][safepoint    ] Safepoint "RevokeBias", Time since last: 2503844452 ns, Reaching safepoint: 71513 ns, At safepoint: 17332 ns, Total: 88845 ns
[2020-02-21T04:17:18.149+0000][1][safepoint    ] Safepoint "RevokeBias", Time since last: 2503181444 ns, Reaching safepoint: 80501 ns, At safepoint: 20475 ns, Total: 100976 ns
[2020-02-21T04:17:20.660+0000][1][safepoint    ] Safepoint "RevokeBias", Time since last: 2511563946 ns, Reaching safepoint: 70783 ns, At safepoint: 18131 ns, Total: 88914 ns
[2020-02-21T04:17:23.170+0000][1][safepoint    ] Safepoint "RevokeBias", Time since last: 2509298311 ns, Reaching safepoint: 104313 ns, At safepoint: 29521 ns, Total: 133834 ns
[2020-02-21T04:17:25.672+0000][1][safepoint    ] Safepoint "RevokeBias", Time since last: 2502579538 ns, Reaching safepoint: 71428 ns, At safepoint: 17504 ns, Total: 88932 ns
[2020-02-21T04:17:28.179+0000][1][safepoint    ] Safepoint "RevokeBias", Time since last: 2506619702 ns, Reaching safepoint: 80523 ns, At safepoint: 19798 ns, Total: 100321 ns
[2020-02-21T04:17:30.686+0000][1][safepoint    ] Safepoint "RevokeBias", Time since last: 2506550771 ns, Reaching safepoint: 72833 ns, At safepoint: 18173 ns, Total: 91006 ns
[2020-02-21T04:17:33.207+0000][1][safepoint    ] Safepoint "RevokeBias", Time since last: 2520937909 ns, Reaching safepoint: 125508 ns, At safepoint: 60271 ns, Total: 185779 ns
[2020-02-21T04:17:35.718+0000][1][safepoint    ] Safepoint "RevokeBias", Time since last: 2511105668 ns, Reaching safepoint: 115057 ns, At safepoint: 23553 ns, Total: 138610 ns
[2020-02-21T04:17:38.247+0000][1][safepoint    ] Safepoint "RevokeBias", Time since last: 2528988584 ns, Reaching safepoint: 105520 ns, At safepoint: 29829 ns, Total: 135349 ns
[2020-02-21T04:17:40.753+0000][1][safepoint    ] Safepoint "BulkRevokeBias", Time since last: 2505616289 ns, Reaching safepoint: 96743 ns, At safepoint: 371400 ns, Total: 468143 ns
[2020-02-21T04:17:43.259+0000][1][safepoint    ] Safepoint "RevokeBias", Time since last: 2505726024 ns, Reaching safepoint: 99775 ns, At safepoint: 25449 ns, Total: 125224 ns
[2020-02-21T04:17:45.771+0000][1][safepoint    ] Safepoint "RevokeBias", Time since last: 2512186454 ns, Reaching safepoint: 95722 ns, At safepoint: 18726 ns, Total: 114448 ns
[2020-02-21T04:17:48.279+0000][1][safepoint    ] Safepoint "RevokeBias", Time since last: 2507399285 ns, Reaching safepoint: 100635 ns, At safepoint: 27567 ns, Total: 128202 ns
[2020-02-21T04:17:50.783+0000][1][safepoint    ] Safepoint "RevokeBias", Time since last: 2504369590 ns, Reaching safepoint: 72959 ns, At safepoint: 18118 ns, Total: 91077 ns
[2020-02-21T04:17:53.287+0000][1][safepoint    ] Safepoint "RevokeBias", Time since last: 2503536473 ns, Reaching safepoint: 78477 ns, At safepoint: 18814 ns, Total: 97291 ns
[2020-02-21T04:17:55.789+0000][1][safepoint    ] Safepoint "RevokeBias", Time since last: 2502284470 ns, Reaching safepoint: 70634 ns, At safepoint: 17931 ns, Total: 88565 ns
[2020-02-21T04:17:58.295+0000][1][safepoint    ] Safepoint "RevokeBias", Time since last: 2505773925 ns, Reaching safepoint: 70520 ns, At safepoint: 18531 ns, Total: 89051 ns
[2020-02-21T04:18:00.813+0000][1][safepoint    ] Safepoint "RevokeBias", Time since last: 2517854899 ns, Reaching safepoint: 64909 ns, At safepoint: 17767 ns, Total: 82676 ns
[2020-02-21T04:18:03.326+0000][1][safepoint    ] Safepoint "RevokeBias", Time since last: 2512978335 ns, Reaching safepoint: 87968 ns, At safepoint: 18876 ns, Total: 106844 ns
[2020-02-21T04:18:05.838+0000][1][safepoint    ] Safepoint "RevokeBias", Time since last: 2511669239 ns, Reaching safepoint: 139029 ns, At safepoint: 22108 ns, Total: 161137 ns
[2020-02-21T04:18:06.848+0000][1][safepoint    ] Safepoint "Cleanup", Time since last: 1009494929 ns, Reaching safepoint: 75826 ns, At safepoint: 7064 ns, Total: 82890 ns
[2020-02-21T04:18:08.348+0000][1][safepoint    ] Safepoint "RevokeBias", Time since last: 1499829759 ns, Reaching safepoint: 74227 ns, At safepoint: 17730 ns, Total: 91957 ns
[2020-02-21T04:18:10.853+0000][1][safepoint    ] Safepoint "RevokeBias", Time since last: 2505428030 ns, Reaching safepoint: 132167 ns, At safepoint: 33131 ns, Total: 165298 ns
[2020-02-21T04:18:13.360+0000][1][safepoint    ] Safepoint "RevokeBias", Time since last: 2507015893 ns, Reaching safepoint: 80971 ns, At safepoint: 21641 ns, Total: 102612 ns
[2020-02-21T04:18:15.906+0000][1][safepoint    ] Safepoint "RevokeBias", Time since last: 2545517235 ns, Reaching safepoint: 148764 ns, At safepoint: 56384 ns, Total: 205148 ns
[2020-02-21T04:18:18.420+0000][1][safepoint    ] Safepoint "RevokeBias", Time since last: 2514312904 ns, Reaching safepoint: 71808 ns, At safepoint: 17226 ns, Total: 89034 ns
[2020-02-21T04:18:20.925+0000][1][safepoint    ] Safepoint "RevokeBias", Time since last: 2504810705 ns, Reaching safepoint: 180742 ns, At safepoint: 32993 ns, Total: 213735 ns
[2020-02-21T04:18:23.429+0000][1][safepoint    ] Safepoint "RevokeBias", Time since last: 2503518295 ns, Reaching safepoint: 79462 ns, At safepoint: 19306 ns, Total: 98768 ns
[2020-02-21T04:18:25.932+0000][1][safepoint    ] Safepoint "RevokeBias", Time since last: 2502468186 ns, Reaching safepoint: 83542 ns, At safepoint: 20290 ns, Total: 103832 ns
[2020-02-21T04:18:28.441+0000][1][safepoint    ] Safepoint "RevokeBias", Time since last: 2508937516 ns, Reaching safepoint: 53922 ns, At safepoint: 16810 ns, Total: 70732 ns
[2020-02-21T04:18:30.951+0000][1][safepoint    ] Safepoint "RevokeBias", Time since last: 2510746113 ns, Reaching safepoint: 88911 ns, At safepoint: 20060 ns, Total: 108971 ns
[2020-02-21T04:18:33.463+0000][1][safepoint    ] Safepoint "RevokeBias", Time since last: 2511912925 ns, Reaching safepoint: 73457 ns, At safepoint: 18200 ns, Total: 91657 ns
[2020-02-21T04:18:35.972+0000][1][safepoint    ] Safepoint "RevokeBias", Time since last: 2508558149 ns, Reaching safepoint: 71525 ns, At safepoint: 17580 ns, Total: 89105 ns
[2020-02-21T04:18:38.479+0000][1][safepoint    ] Safepoint "RevokeBias", Time since last: 2506718114 ns, Reaching safepoint: 77987 ns, At safepoint: 19827 ns, Total: 97814 ns
[2020-02-21T04:18:40.986+0000][1][safepoint    ] Safepoint "RevokeBias", Time since last: 2507414778 ns, Reaching safepoint: 74746 ns, At safepoint: 17947 ns, Total: 92693 ns
[2020-02-21T04:18:43.493+0000][1][safepoint    ] Safepoint "RevokeBias", Time since last: 2505878287 ns, Reaching safepoint: 160548 ns, At safepoint: 28206 ns, Total: 188754 ns
[2020-02-21T04:18:46.019+0000][1][safepoint    ] Safepoint "RevokeBias", Time since last: 2526622694 ns, Reaching safepoint: 89023 ns, At safepoint: 55659 ns, Total: 144682 ns
[2020-02-21T04:18:48.532+0000][1][safepoint    ] Safepoint "RevokeBias", Time since last: 2512210240 ns, Reaching safepoint: 71557 ns, At safepoint: 18622 ns, Total: 90179 ns
[2020-02-21T04:18:51.037+0000][1][safepoint    ] Safepoint "RevokeBias", Time since last: 2504900797 ns, Reaching safepoint: 73058 ns, At safepoint: 17162 ns, Total: 90220 ns
[2020-02-21T04:18:53.541+0000][1][safepoint    ] Safepoint "BulkRevokeBias", Time since last: 2504525814 ns, Reaching safepoint: 83258 ns, At safepoint: 208671 ns, Total: 291929 ns
[2020-02-21T04:18:55.427+0000][1][gc,start     ] GC(104) Pause Young (Allocation Failure)
[2020-02-21T04:18:55.427+0000][1][gc,task      ] GC(104) Using 1 workers of 1 for evacuation
[2020-02-21T04:18:55.438+0000][1][gc,age       ] GC(104) Desired survivor size 4358144 bytes, new threshold 6 (max threshold 6)
[2020-02-21T04:18:55.438+0000][1][gc,age       ] GC(104) Age table with threshold 6 (max threshold 6)
[2020-02-21T04:18:55.438+0000][1][gc,age       ] GC(104) - age   1:      11752 bytes,      11752 total
[2020-02-21T04:18:55.438+0000][1][gc,age       ] GC(104) - age   2:        448 bytes,      12200 total
[2020-02-21T04:18:55.438+0000][1][gc,age       ] GC(104) - age   3:       2072 bytes,      14272 total
[2020-02-21T04:18:55.438+0000][1][gc,age       ] GC(104) - age   6:        336 bytes,      14608 total
[2020-02-21T04:18:55.438+0000][1][gc,heap      ] GC(104) ParNew: 68187K->16K(76672K)
[2020-02-21T04:18:55.438+0000][1][gc,heap      ] GC(104) CMS: 62608K->62608K(963392K)
[2020-02-21T04:18:55.438+0000][1][gc,metaspace ] GC(104) Metaspace: 80125K->80125K(1122304K)
[2020-02-21T04:18:55.438+0000][1][gc           ] GC(104) Pause Young (Allocation Failure) 127M->61M(1015M) 11.018ms
[2020-02-21T04:18:55.438+0000][1][gc,cpu       ] GC(104) User=0.01s Sys=0.00s Real=0.01s
[2020-02-21T04:18:55.438+0000][1][safepoint    ] Safepoint "GenCollectForAllocation", Time since last: 1885323612 ns, Reaching safepoint: 146805 ns, At safepoint: 11127922 ns, Total: 11274727 ns
[2020-02-21T04:18:56.045+0000][1][safepoint    ] Safepoint "RevokeBias", Time since last: 607140776 ns, Reaching safepoint: 70926 ns, At safepoint: 18216 ns, Total: 89142 ns
[2020-02-21T04:18:58.550+0000][1][safepoint    ] Safepoint "RevokeBias", Time since last: 2504923226 ns, Reaching safepoint: 72190 ns, At safepoint: 17480 ns, Total: 89670 ns
[2020-02-21T04:19:01.054+0000][1][safepoint    ] Safepoint "RevokeBias", Time since last: 2503962835 ns, Reaching safepoint: 76877 ns, At safepoint: 18802 ns, Total: 95679 ns
[2020-02-21T04:19:03.563+0000][1][safepoint    ] Safepoint "RevokeBias", Time since last: 2508417971 ns, Reaching safepoint: 71062 ns, At safepoint: 18330 ns, Total: 89392 ns
[2020-02-21T04:19:06.076+0000][1][safepoint    ] Safepoint "RevokeBias", Time since last: 2512646805 ns, Reaching safepoint: 91153 ns, At safepoint: 132101 ns, Total: 223254 ns
[2020-02-21T04:19:08.580+0000][1][safepoint    ] Safepoint "RevokeBias", Time since last: 2504674559 ns, Reaching safepoint: 98736 ns, At safepoint: 31419 ns, Total: 130155 ns
[2020-02-21T04:19:11.084+0000][1][safepoint    ] Safepoint "RevokeBias", Time since last: 2503604867 ns, Reaching safepoint: 72805 ns, At safepoint: 18217 ns, Total: 91022 ns
[2020-02-21T04:19:13.086+0000][1][safepoint    ] Safepoint "Cleanup", Time since last: 2001793404 ns, Reaching safepoint: 134905 ns, At safepoint: 11969 ns, Total: 146874 ns
[2020-02-21T04:19:13.599+0000][1][safepoint    ] Safepoint "RevokeBias", Time since last: 512584743 ns, Reaching safepoint: 98421 ns, At safepoint: 28070 ns, Total: 126491 ns
[2020-02-21T04:19:16.108+0000][1][safepoint    ] Safepoint "RevokeBias", Time since last: 2509081925 ns, Reaching safepoint: 70376 ns, At safepoint: 17425 ns, Total: 87801 ns
[2020-02-21T04:19:18.617+0000][1][safepoint    ] Safepoint "RevokeBias", Time since last: 2508654999 ns, Reaching safepoint: 104322 ns, At safepoint: 32549 ns, Total: 136871 ns
[2020-02-21T04:19:21.125+0000][1][safepoint    ] Safepoint "RevokeBias", Time since last: 2507625806 ns, Reaching safepoint: 97234 ns, At safepoint: 25174 ns, Total: 122408 ns
[2020-02-21T04:19:23.628+0000][1][safepoint    ] Safepoint "RevokeBias", Time since last: 2503583935 ns, Reaching safepoint: 69579 ns, At safepoint: 17399 ns, Total: 86978 ns
[2020-02-21T04:19:26.131+0000][1][safepoint    ] Safepoint "RevokeBias", Time since last: 2502711381 ns, Reaching safepoint: 78664 ns, At safepoint: 19301 ns, Total: 97965 ns
[2020-02-21T04:19:28.634+0000][1][safepoint    ] Safepoint "RevokeBias", Time since last: 2503095004 ns, Reaching safepoint: 86698 ns, At safepoint: 19132 ns, Total: 105830 ns
[2020-02-21T04:19:31.139+0000][1][safepoint    ] Safepoint "RevokeBias", Time since last: 2504494725 ns, Reaching safepoint: 72121 ns, At safepoint: 17492 ns, Total: 89613 ns
[2020-02-21T04:19:33.650+0000][1][safepoint    ] Safepoint "RevokeBias", Time since last: 2510735002 ns, Reaching safepoint: 54668 ns, At safepoint: 15762 ns, Total: 70430 ns
[2020-02-21T04:19:36.158+0000][1][safepoint    ] Safepoint "RevokeBias", Time since last: 2508162090 ns, Reaching safepoint: 112712 ns, At safepoint: 27580 ns, Total: 140292 ns
[2020-02-21T04:19:38.662+0000][1][safepoint    ] Safepoint "RevokeBias", Time since last: 2503940203 ns, Reaching safepoint: 120593 ns, At safepoint: 28541 ns, Total: 149134 ns
[2020-02-21T04:19:41.166+0000][1][safepoint    ] Safepoint "RevokeBias", Time since last: 2503744404 ns, Reaching safepoint: 153033 ns, At safepoint: 40821 ns, Total: 193854 ns
[2020-02-21T04:19:43.672+0000][1][safepoint    ] Safepoint "RevokeBias", Time since last: 2505985168 ns, Reaching safepoint: 96364 ns, At safepoint: 19259 ns, Total: 115623 ns
[2020-02-21T04:19:46.184+0000][1][safepoint    ] Safepoint "RevokeBias", Time since last: 2511911189 ns, Reaching safepoint: 69793 ns, At safepoint: 18980 ns, Total: 88773 ns
[2020-02-21T04:19:48.692+0000][1][safepoint    ] Safepoint "RevokeBias", Time since last: 2508250979 ns, Reaching safepoint: 70534 ns, At safepoint: 20077 ns, Total: 90611 ns
[2020-02-21T04:19:51.197+0000][1][safepoint    ] Safepoint "RevokeBias", Time since last: 2504252650 ns, Reaching safepoint: 107649 ns, At safepoint: 22358 ns, Total: 130007 ns
[2020-02-21T04:19:53.701+0000][1][safepoint    ] Safepoint "RevokeBias", Time since last: 2503801761 ns, Reaching safepoint: 182032 ns, At safepoint: 43880 ns, Total: 225912 ns
[2020-02-21T04:19:56.204+0000][1][safepoint    ] Safepoint "RevokeBias", Time since last: 2503495428 ns, Reaching safepoint: 74884 ns, At safepoint: 19414 ns, Total: 94298 ns
[2020-02-21T04:19:58.711+0000][1][safepoint    ] Safepoint "RevokeBias", Time since last: 2506094825 ns, Reaching safepoint: 71058 ns, At safepoint: 129344 ns, Total: 200402 ns
[2020-02-21T04:20:01.216+0000][1][safepoint    ] Safepoint "RevokeBias", Time since last: 2505379097 ns, Reaching safepoint: 73316 ns, At safepoint: 17735 ns, Total: 91051 ns
[2020-02-21T04:20:03.727+0000][1][safepoint    ] Safepoint "RevokeBias", Time since last: 2511194366 ns, Reaching safepoint: 56921 ns, At safepoint: 17565 ns, Total: 74486 ns
[2020-02-21T04:20:06.236+0000][1][safepoint    ] Safepoint "BulkRevokeBias", Time since last: 2508055489 ns, Reaching safepoint: 89259 ns, At safepoint: 186935 ns, Total: 276194 ns
[2020-02-21T04:20:08.742+0000][1][safepoint    ] Safepoint "RevokeBias", Time since last: 2506299720 ns, Reaching safepoint: 88295 ns, At safepoint: 22250 ns, Total: 110545 ns
[2020-02-21T04:20:11.246+0000][1][safepoint    ] Safepoint "RevokeBias", Time since last: 2503621234 ns, Reaching safepoint: 154487 ns, At safepoint: 27700 ns, Total: 182187 ns
[2020-02-21T04:20:13.752+0000][1][safepoint    ] Safepoint "RevokeBias", Time since last: 2506018558 ns, Reaching safepoint: 73757 ns, At safepoint: 19340 ns, Total: 93097 ns
[2020-02-21T04:20:16.263+0000][1][safepoint    ] Safepoint "RevokeBias", Time since last: 2510671642 ns, Reaching safepoint: 69450 ns, At safepoint: 18743 ns, Total: 88193 ns
[2020-02-21T04:20:18.773+0000][1][safepoint    ] Safepoint "RevokeBias", Time since last: 2510471353 ns, Reaching safepoint: 93394 ns, At safepoint: 18627 ns, Total: 112021 ns
[2020-02-21T04:20:21.283+0000][1][safepoint    ] Safepoint "RevokeBias", Time since last: 2509588782 ns, Reaching safepoint: 72444 ns, At safepoint: 18982 ns, Total: 91426 ns
[2020-02-21T04:20:23.790+0000][1][safepoint    ] Safepoint "RevokeBias", Time since last: 2506548036 ns, Reaching safepoint: 94810 ns, At safepoint: 25421 ns, Total: 120231 ns
[2020-02-21T04:20:26.294+0000][1][safepoint    ] Safepoint "RevokeBias", Time since last: 2504185160 ns, Reaching safepoint: 76340 ns, At safepoint: 19124 ns, Total: 95464 ns
[2020-02-21T04:20:28.800+0000][1][safepoint    ] Safepoint "RevokeBias", Time since last: 2506348131 ns, Reaching safepoint: 88699 ns, At safepoint: 20186 ns, Total: 108885 ns
[2020-02-21T04:20:31.306+0000][1][safepoint    ] Safepoint "RevokeBias", Time since last: 2505439327 ns, Reaching safepoint: 103542 ns, At safepoint: 24412 ns, Total: 127954 ns
[2020-02-21T04:20:33.821+0000][1][safepoint    ] Safepoint "RevokeBias", Time since last: 2514574813 ns, Reaching safepoint: 74717 ns, At safepoint: 17892 ns, Total: 92609 ns
[2020-02-21T04:20:36.331+0000][1][safepoint    ] Safepoint "RevokeBias", Time since last: 2510357632 ns, Reaching safepoint: 89801 ns, At safepoint: 23950 ns, Total: 113751 ns
[2020-02-21T04:20:38.838+0000][1][safepoint    ] Safepoint "RevokeBias", Time since last: 2506939829 ns, Reaching safepoint: 214593 ns, At safepoint: 33887 ns, Total: 248480 ns
[2020-02-21T04:20:41.341+0000][1][safepoint    ] Safepoint "RevokeBias", Time since last: 2502870261 ns, Reaching safepoint: 85601 ns, At safepoint: 17411 ns, Total: 103012 ns
[2020-02-21T04:20:43.847+0000][1][safepoint    ] Safepoint "RevokeBias", Time since last: 2505975643 ns, Reaching safepoint: 74280 ns, At safepoint: 18673 ns, Total: 92953 ns
[2020-02-21T04:20:46.373+0000][1][safepoint    ] Safepoint "RevokeBias", Time since last: 2525379616 ns, Reaching safepoint: 72005 ns, At safepoint: 18776 ns, Total: 90781 ns
[2020-02-21T04:20:48.880+0000][1][safepoint    ] Safepoint "RevokeBias", Time since last: 2507274343 ns, Reaching safepoint: 73277 ns, At safepoint: 18168 ns, Total: 91445 ns
[2020-02-21T04:20:51.385+0000][1][safepoint    ] Safepoint "RevokeBias", Time since last: 2504761040 ns, Reaching safepoint: 73244 ns, At safepoint: 18151 ns, Total: 91395 ns
[2020-02-21T04:20:53.889+0000][1][safepoint    ] Safepoint "RevokeBias", Time since last: 2503851798 ns, Reaching safepoint: 87477 ns, At safepoint: 22243 ns, Total: 109720 ns
[2020-02-21T04:20:56.393+0000][1][safepoint    ] Safepoint "RevokeBias", Time since last: 2503658307 ns, Reaching safepoint: 75619 ns, At safepoint: 19029 ns, Total: 94648 ns
[2020-02-21T04:20:58.898+0000][1][safepoint    ] Safepoint "RevokeBias", Time since last: 2505265170 ns, Reaching safepoint: 71430 ns, At safepoint: 16917 ns, Total: 88347 ns
[2020-02-21T04:21:01.402+0000][1][safepoint    ] Safepoint "RevokeBias", Time since last: 2503784590 ns, Reaching safepoint: 82510 ns, At safepoint: 18533 ns, Total: 101043 ns
[2020-02-21T04:21:03.919+0000][1][safepoint    ] Safepoint "RevokeBias", Time since last: 2516699870 ns, Reaching safepoint: 69052 ns, At safepoint: 17599 ns, Total: 86651 ns
[2020-02-21T04:21:06.437+0000][1][safepoint    ] Safepoint "RevokeBias", Time since last: 2518510348 ns, Reaching safepoint: 77273 ns, At safepoint: 19021 ns, Total: 96294 ns
[2020-02-21T04:21:07.971+0000][1][safepoint    ] Safepoint "Cleanup", Time since last: 1533141263 ns, Reaching safepoint: 145225 ns, At safepoint: 10723 ns, Total: 155948 ns
[2020-02-21T04:21:08.948+0000][1][safepoint    ] Safepoint "RevokeBias", Time since last: 976898771 ns, Reaching safepoint: 264027 ns, At safepoint: 34667 ns, Total: 298694 ns
[2020-02-21T04:21:11.452+0000][1][safepoint    ] Safepoint "RevokeBias", Time since last: 2503652535 ns, Reaching safepoint: 82047 ns, At safepoint: 20248 ns, Total: 102295 ns
[2020-02-21T04:21:12.966+0000][1][gc,start     ] GC(105) Pause Young (Allocation Failure)
[2020-02-21T04:21:12.966+0000][1][gc,task      ] GC(105) Using 1 workers of 1 for evacuation
[2020-02-21T04:21:12.981+0000][1][gc,age       ] GC(105) Desired survivor size 4358144 bytes, new threshold 6 (max threshold 6)
[2020-02-21T04:21:12.981+0000][1][gc,age       ] GC(105) Age table with threshold 6 (max threshold 6)
[2020-02-21T04:21:12.981+0000][1][gc,age       ] GC(105) - age   1:      13648 bytes,      13648 total
[2020-02-21T04:21:12.981+0000][1][gc,age       ] GC(105) - age   2:        192 bytes,      13840 total
[2020-02-21T04:21:12.981+0000][1][gc,age       ] GC(105) - age   3:        352 bytes,      14192 total
[2020-02-21T04:21:12.981+0000][1][gc,age       ] GC(105) - age   4:       2072 bytes,      16264 total
[2020-02-21T04:21:12.981+0000][1][gc,heap      ] GC(105) ParNew: 68143K->29K(76672K)
[2020-02-21T04:21:12.981+0000][1][gc,heap      ] GC(105) CMS: 62608K->62609K(963392K)
[2020-02-21T04:21:12.981+0000][1][gc,metaspace ] GC(105) Metaspace: 80125K->80125K(1122304K)
[2020-02-21T04:21:12.981+0000][1][gc           ] GC(105) Pause Young (Allocation Failure) 127M->61M(1015M) 15.599ms
[2020-02-21T04:21:12.981+0000][1][gc,cpu       ] GC(105) User=0.02s Sys=0.00s Real=0.01s
[2020-02-21T04:21:12.981+0000][1][safepoint    ] Safepoint "GenCollectForAllocation", Time since last: 1513969897 ns, Reaching safepoint: 111500 ns, At safepoint: 15689570 ns, Total: 15801070 ns
[2020-02-21T04:21:13.956+0000][1][safepoint    ] Safepoint "RevokeBias", Time since last: 974315876 ns, Reaching safepoint: 119737 ns, At safepoint: 23181 ns, Total: 142918 ns
[2020-02-21T04:21:16.472+0000][1][safepoint    ] Safepoint "RevokeBias", Time since last: 2515798942 ns, Reaching safepoint: 91626 ns, At safepoint: 20773 ns, Total: 112399 ns
[2020-02-21T04:21:18.981+0000][1][safepoint    ] Safepoint "BulkRevokeBias", Time since last: 2509147567 ns, Reaching safepoint: 55437 ns, At safepoint: 296832 ns, Total: 352269 ns
[2020-02-21T04:21:21.485+0000][1][safepoint    ] Safepoint "RevokeBias", Time since last: 2503840161 ns, Reaching safepoint: 74339 ns, At safepoint: 19389 ns, Total: 93728 ns
[2020-02-21T04:21:23.988+0000][1][safepoint    ] Safepoint "RevokeBias", Time since last: 2502852823 ns, Reaching safepoint: 100970 ns, At safepoint: 17477 ns, Total: 118447 ns
[2020-02-21T04:21:26.491+0000][1][safepoint    ] Safepoint "RevokeBias", Time since last: 2502905228 ns, Reaching safepoint: 53105 ns, At safepoint: 15426 ns, Total: 68531 ns
[2020-02-21T04:21:28.996+0000][1][safepoint    ] Safepoint "RevokeBias", Time since last: 2504644936 ns, Reaching safepoint: 69346 ns, At safepoint: 17833 ns, Total: 87179 ns
[2020-02-21T04:21:31.503+0000][1][safepoint    ] Safepoint "RevokeBias", Time since last: 2506719121 ns, Reaching safepoint: 74223 ns, At safepoint: 17570 ns, Total: 91793 ns
[2020-02-21T04:21:34.023+0000][1][safepoint    ] Safepoint "RevokeBias", Time since last: 2520137924 ns, Reaching safepoint: 70340 ns, At safepoint: 17325 ns, Total: 87665 ns
[2020-02-21T04:21:36.532+0000][1][safepoint    ] Safepoint "RevokeBias", Time since last: 2509138998 ns, Reaching safepoint: 100525 ns, At safepoint: 26900 ns, Total: 127425 ns
[2020-02-21T04:21:39.036+0000][1][safepoint    ] Safepoint "RevokeBias", Time since last: 2503645006 ns, Reaching safepoint: 100488 ns, At safepoint: 19998 ns, Total: 120486 ns
[2020-02-21T04:21:41.545+0000][1][safepoint    ] Safepoint "RevokeBias", Time since last: 2506619101 ns, Reaching safepoint: 1831891 ns, At safepoint: 36385 ns, Total: 1868276 ns
[2020-02-21T04:21:42.545+0000][1][safepoint    ] Safepoint "Cleanup", Time since last: 1000534291 ns, Reaching safepoint: 88472 ns, At safepoint: 8779 ns, Total: 97251 ns
[2020-02-21T04:21:44.049+0000][1][safepoint    ] Safepoint "RevokeBias", Time since last: 1503654602 ns, Reaching safepoint: 71358 ns, At safepoint: 142781 ns, Total: 214139 ns
[2020-02-21T04:21:46.562+0000][1][safepoint    ] Safepoint "RevokeBias", Time since last: 2512903894 ns, Reaching safepoint: 161005 ns, At safepoint: 28470 ns, Total: 189475 ns
[2020-02-21T04:21:49.069+0000][1][safepoint    ] Safepoint "RevokeBias", Time since last: 2506157039 ns, Reaching safepoint: 77886 ns, At safepoint: 153950 ns, Total: 231836 ns
[2020-02-21T04:21:51.575+0000][1][safepoint    ] Safepoint "RevokeBias", Time since last: 2506070983 ns, Reaching safepoint: 75896 ns, At safepoint: 18644 ns, Total: 94540 ns
[2020-02-21T04:21:54.078+0000][1][safepoint    ] Safepoint "RevokeBias", Time since last: 2503006433 ns, Reaching safepoint: 77386 ns, At safepoint: 17932 ns, Total: 95318 ns
[2020-02-21T04:21:56.581+0000][1][safepoint    ] Safepoint "RevokeBias", Time since last: 2502661786 ns, Reaching safepoint: 73072 ns, At safepoint: 18510 ns, Total: 91582 ns
[2020-02-21T04:21:59.087+0000][1][safepoint    ] Safepoint "RevokeBias", Time since last: 2506126378 ns, Reaching safepoint: 130470 ns, At safepoint: 56353 ns, Total: 186823 ns
[2020-02-21T04:22:01.592+0000][1][safepoint    ] Safepoint "RevokeBias", Time since last: 2505256630 ns, Reaching safepoint: 72809 ns, At safepoint: 17956 ns, Total: 90765 ns
[2020-02-21T04:22:04.110+0000][1][safepoint    ] Safepoint "RevokeBias", Time since last: 2517438796 ns, Reaching safepoint: 69504 ns, At safepoint: 17289 ns, Total: 86793 ns
[2020-02-21T04:22:06.617+0000][1][safepoint    ] Safepoint "RevokeBias", Time since last: 2506854152 ns, Reaching safepoint: 102346 ns, At safepoint: 21085 ns, Total: 123431 ns
[2020-02-21T04:22:09.123+0000][1][safepoint    ] Safepoint "RevokeBias", Time since last: 2506382437 ns, Reaching safepoint: 150362 ns, At safepoint: 30107 ns, Total: 180469 ns
[2020-02-21T04:22:11.626+0000][1][safepoint    ] Safepoint "RevokeBias", Time since last: 2502223466 ns, Reaching safepoint: 98887 ns, At safepoint: 19513 ns, Total: 118400 ns
[2020-02-21T04:22:13.626+0000][1][safepoint    ] Safepoint "Cleanup", Time since last: 2000518956 ns, Reaching safepoint: 91299 ns, At safepoint: 8351 ns, Total: 99650 ns
[2020-02-21T04:22:14.131+0000][1][safepoint    ] Safepoint "RevokeBias", Time since last: 504642754 ns, Reaching safepoint: 76118 ns, At safepoint: 18565 ns, Total: 94683 ns
[2020-02-21T04:22:16.657+0000][1][safepoint    ] Safepoint "RevokeBias", Time since last: 2525999271 ns, Reaching safepoint: 158114 ns, At safepoint: 25673 ns, Total: 183787 ns
[2020-02-21T04:22:19.278+0000][1][safepoint    ] Safepoint "RevokeBias", Time since last: 2621230403 ns, Reaching safepoint: 58361 ns, At safepoint: 16581 ns, Total: 74942 ns
[2020-02-21T04:22:21.785+0000][1][safepoint    ] Safepoint "RevokeBias", Time since last: 2506048899 ns, Reaching safepoint: 72398 ns, At safepoint: 18164 ns, Total: 90562 ns
[2020-02-21T04:22:24.288+0000][1][safepoint    ] Safepoint "RevokeBias", Time since last: 2503527423 ns, Reaching safepoint: 75696 ns, At safepoint: 18943 ns, Total: 94639 ns
[2020-02-21T04:22:26.792+0000][1][safepoint    ] Safepoint "RevokeBias", Time since last: 2503753301 ns, Reaching safepoint: 141855 ns, At safepoint: 32403 ns, Total: 174258 ns
[2020-02-21T04:22:29.298+0000][1][safepoint    ] Safepoint "RevokeBias", Time since last: 2505370768 ns, Reaching safepoint: 90594 ns, At safepoint: 21076 ns, Total: 111670 ns
[2020-02-21T04:22:31.803+0000][1][safepoint    ] Safepoint "BulkRevokeBias", Time since last: 2505056106 ns, Reaching safepoint: 71894 ns, At safepoint: 271108 ns, Total: 343002 ns
[2020-02-21T04:22:34.315+0000][1][safepoint    ] Safepoint "RevokeBias", Time since last: 2512047938 ns, Reaching safepoint: 71629 ns, At safepoint: 18003 ns, Total: 89632 ns
[2020-02-21T04:22:36.824+0000][1][safepoint    ] Safepoint "RevokeBias", Time since last: 2509146597 ns, Reaching safepoint: 75608 ns, At safepoint: 20399 ns, Total: 96007 ns
[2020-02-21T04:22:39.338+0000][1][safepoint    ] Safepoint "RevokeBias", Time since last: 2510368393 ns, Reaching safepoint: 2773298 ns, At safepoint: 73223 ns, Total: 2846521 ns
[2020-02-21T04:22:40.341+0000][1][safepoint    ] Safepoint "Cleanup", Time since last: 1003000543 ns, Reaching safepoint: 155295 ns, At safepoint: 7574 ns, Total: 162869 ns
[2020-02-21T04:22:41.839+0000][1][safepoint    ] Safepoint "RevokeBias", Time since last: 1497961940 ns, Reaching safepoint: 72212 ns, At safepoint: 19086 ns, Total: 91298 ns
[2020-02-21T04:22:44.346+0000][1][safepoint    ] Safepoint "RevokeBias", Time since last: 2507136001 ns, Reaching safepoint: 118444 ns, At safepoint: 29095 ns, Total: 147539 ns
[2020-02-21T04:22:46.889+0000][1][safepoint    ] Safepoint "RevokeBias", Time since last: 2543222438 ns, Reaching safepoint: 123280 ns, At safepoint: 30953 ns, Total: 154233 ns
[2020-02-21T04:22:49.400+0000][1][safepoint    ] Safepoint "RevokeBias", Time since last: 2510153206 ns, Reaching safepoint: 55575 ns, At safepoint: 17224 ns, Total: 72799 ns
[2020-02-21T04:22:51.905+0000][1][safepoint    ] Safepoint "RevokeBias", Time since last: 2505351347 ns, Reaching safepoint: 71608 ns, At safepoint: 17468 ns, Total: 89076 ns
[2020-02-21T04:22:54.409+0000][1][safepoint    ] Safepoint "RevokeBias", Time since last: 2504065825 ns, Reaching safepoint: 86154 ns, At safepoint: 18813 ns, Total: 104967 ns
[2020-02-21T04:22:56.915+0000][1][safepoint    ] Safepoint "RevokeBias", Time since last: 2504988165 ns, Reaching safepoint: 198598 ns, At safepoint: 52692 ns, Total: 251290 ns
[2020-02-21T04:22:59.419+0000][1][safepoint    ] Safepoint "RevokeBias", Time since last: 2504797061 ns, Reaching safepoint: 73338 ns, At safepoint: 17762 ns, Total: 91100 ns
[2020-02-21T04:23:01.926+0000][1][safepoint    ] Safepoint "RevokeBias", Time since last: 2506589172 ns, Reaching safepoint: 165259 ns, At safepoint: 48895 ns, Total: 214154 ns
[2020-02-21T04:23:04.448+0000][1][safepoint    ] Safepoint "RevokeBias", Time since last: 2521764533 ns, Reaching safepoint: 140575 ns, At safepoint: 21079 ns, Total: 161654 ns
[2020-02-21T04:23:06.959+0000][1][safepoint    ] Safepoint "RevokeBias", Time since last: 2510192329 ns, Reaching safepoint: 188921 ns, At safepoint: 34087 ns, Total: 223008 ns
[2020-02-21T04:23:09.463+0000][1][safepoint    ] Safepoint "RevokeBias", Time since last: 2504355952 ns, Reaching safepoint: 75750 ns, At safepoint: 30339 ns, Total: 106089 ns
[2020-02-21T04:23:11.966+0000][1][safepoint    ] Safepoint "RevokeBias", Time since last: 2502490206 ns, Reaching safepoint: 189865 ns, At safepoint: 19477 ns, Total: 209342 ns
[2020-02-21T04:23:14.473+0000][1][safepoint    ] Safepoint "RevokeBias", Time since last: 2507373030 ns, Reaching safepoint: 172966 ns, At safepoint: 24944 ns, Total: 197910 ns
[2020-02-21T04:23:16.985+0000][1][safepoint    ] Safepoint "RevokeBias", Time since last: 2511107503 ns, Reaching safepoint: 86013 ns, At safepoint: 19507 ns, Total: 105520 ns
[2020-02-21T04:23:19.496+0000][1][safepoint    ] Safepoint "RevokeBias", Time since last: 2510958631 ns, Reaching safepoint: 54234 ns, At safepoint: 17468 ns, Total: 71702 ns
[2020-02-21T04:23:22.005+0000][1][safepoint    ] Safepoint "RevokeBias", Time since last: 2509523913 ns, Reaching safepoint: 85385 ns, At safepoint: 32696 ns, Total: 118081 ns
[2020-02-21T04:23:24.513+0000][1][safepoint    ] Safepoint "RevokeBias", Time since last: 2508114200 ns, Reaching safepoint: 72226 ns, At safepoint: 17874 ns, Total: 90100 ns
[2020-02-21T04:23:27.017+0000][1][safepoint    ] Safepoint "RevokeBias", Time since last: 2503691482 ns, Reaching safepoint: 77225 ns, At safepoint: 20472 ns, Total: 97697 ns
[2020-02-21T04:23:29.523+0000][1][safepoint    ] Safepoint "RevokeBias", Time since last: 2505890496 ns, Reaching safepoint: 70487 ns, At safepoint: 18542 ns, Total: 89029 ns
[2020-02-21T04:23:32.029+0000][1][safepoint    ] Safepoint "RevokeBias", Time since last: 2505763204 ns, Reaching safepoint: 76563 ns, At safepoint: 17604 ns, Total: 94167 ns
[2020-02-21T04:23:32.081+0000][1][gc,start     ] GC(106) Pause Young (Allocation Failure)
[2020-02-21T04:23:32.081+0000][1][gc,task      ] GC(106) Using 1 workers of 1 for evacuation
[2020-02-21T04:23:32.091+0000][1][gc,age       ] GC(106) Desired survivor size 4358144 bytes, new threshold 6 (max threshold 6)
[2020-02-21T04:23:32.091+0000][1][gc,age       ] GC(106) Age table with threshold 6 (max threshold 6)
[2020-02-21T04:23:32.091+0000][1][gc,age       ] GC(106) - age   1:      12512 bytes,      12512 total
[2020-02-21T04:23:32.091+0000][1][gc,age       ] GC(106) - age   2:       1848 bytes,      14360 total
[2020-02-21T04:23:32.091+0000][1][gc,age       ] GC(106) - age   3:         72 bytes,      14432 total
[2020-02-21T04:23:32.091+0000][1][gc,age       ] GC(106) - age   4:        352 bytes,      14784 total
[2020-02-21T04:23:32.091+0000][1][gc,age       ] GC(106) - age   5:       1856 bytes,      16640 total
[2020-02-21T04:23:32.091+0000][1][gc,heap      ] GC(106) ParNew: 68189K->19K(76672K)
[2020-02-21T04:23:32.091+0000][1][gc,heap      ] GC(106) CMS: 62609K->62609K(963392K)
[2020-02-21T04:23:32.091+0000][1][gc,metaspace ] GC(106) Metaspace: 80133K->80133K(1124352K)
[2020-02-21T04:23:32.091+0000][1][gc           ] GC(106) Pause Young (Allocation Failure) 127M->61M(1015M) 10.038ms
[2020-02-21T04:23:32.091+0000][1][gc,cpu       ] GC(106) User=0.01s Sys=0.00s Real=0.01s
[2020-02-21T04:23:32.091+0000][1][safepoint    ] Safepoint "GenCollectForAllocation", Time since last: 52080625 ns, Reaching safepoint: 75202 ns, At safepoint: 10190863 ns, Total: 10266065 ns
[2020-02-21T04:23:34.539+0000][1][safepoint    ] Safepoint "RevokeBias", Time since last: 2447345282 ns, Reaching safepoint: 72625 ns, At safepoint: 17272 ns, Total: 89897 ns
[2020-02-21T04:23:37.053+0000][1][safepoint    ] Safepoint "RevokeBias", Time since last: 2514359561 ns, Reaching safepoint: 72434 ns, At safepoint: 19156 ns, Total: 91590 ns
[2020-02-21T04:23:39.559+0000][1][safepoint    ] Safepoint "RevokeBias", Time since last: 2505953957 ns, Reaching safepoint: 58349 ns, At safepoint: 17198 ns, Total: 75547 ns
[2020-02-21T04:23:42.063+0000][1][safepoint    ] Safepoint "RevokeBias", Time since last: 2503209485 ns, Reaching safepoint: 76123 ns, At safepoint: 18725 ns, Total: 94848 ns
[2020-02-21T04:23:44.569+0000][1][safepoint    ] Safepoint "BulkRevokeBias", Time since last: 2505763599 ns, Reaching safepoint: 73997 ns, At safepoint: 365253 ns, Total: 439250 ns
[2020-02-21T04:23:47.193+0000][1][safepoint    ] Safepoint "RevokeBias", Time since last: 2624025880 ns, Reaching safepoint: 63633 ns, At safepoint: 18316 ns, Total: 81949 ns
[2020-02-21T04:23:49.702+0000][1][safepoint    ] Safepoint "RevokeBias", Time since last: 2509111524 ns, Reaching safepoint: 73799 ns, At safepoint: 17660 ns, Total: 91459 ns
[2020-02-21T04:23:52.207+0000][1][safepoint    ] Safepoint "RevokeBias", Time since last: 2504555059 ns, Reaching safepoint: 107250 ns, At safepoint: 34428 ns, Total: 141678 ns
[2020-02-21T04:23:54.710+0000][1][safepoint    ] Safepoint "RevokeBias", Time since last: 2503068378 ns, Reaching safepoint: 73506 ns, At safepoint: 19039 ns, Total: 92545 ns
[2020-02-21T04:23:57.214+0000][1][safepoint    ] Safepoint "RevokeBias", Time since last: 2504267432 ns, Reaching safepoint: 113353 ns, At safepoint: 28630 ns, Total: 141983 ns
[2020-02-21T04:23:59.720+0000][1][safepoint    ] Safepoint "RevokeBias", Time since last: 2505976438 ns, Reaching safepoint: 52137 ns, At safepoint: 14747 ns, Total: 66884 ns
[2020-02-21T04:24:01.728+0000][1][safepoint    ] Safepoint "Cleanup", Time since last: 2001170822 ns, Reaching safepoint: 6348547 ns, At safepoint: 12080 ns, Total: 6360627 ns
[2020-02-21T04:24:02.229+0000][1][safepoint    ] Safepoint "RevokeBias", Time since last: 501283281 ns, Reaching safepoint: 92744 ns, At safepoint: 18102 ns, Total: 110846 ns
[2020-02-21T04:24:04.742+0000][1][safepoint    ] Safepoint "RevokeBias", Time since last: 2512258349 ns, Reaching safepoint: 70781 ns, At safepoint: 16740 ns, Total: 87521 ns
[2020-02-21T04:24:07.251+0000][1][safepoint    ] Safepoint "RevokeBias", Time since last: 2509494188 ns, Reaching safepoint: 74609 ns, At safepoint: 18026 ns, Total: 92635 ns
[2020-02-21T04:24:09.757+0000][1][safepoint    ] Safepoint "RevokeBias", Time since last: 2505890160 ns, Reaching safepoint: 71734 ns, At safepoint: 17303 ns, Total: 89037 ns
[2020-02-21T04:24:12.261+0000][1][safepoint    ] Safepoint "RevokeBias", Time since last: 2503949951 ns, Reaching safepoint: 75345 ns, At safepoint: 20221 ns, Total: 95566 ns
[2020-02-21T04:24:14.768+0000][1][safepoint    ] Safepoint "RevokeBias", Time since last: 2506349738 ns, Reaching safepoint: 71499 ns, At safepoint: 18482 ns, Total: 89981 ns
[2020-02-21T04:24:17.288+0000][1][safepoint    ] Safepoint "RevokeBias", Time since last: 2520033781 ns, Reaching safepoint: 88949 ns, At safepoint: 104451 ns, Total: 193400 ns
[2020-02-21T04:24:19.803+0000][1][safepoint    ] Safepoint "RevokeBias", Time since last: 2515247313 ns, Reaching safepoint: 79006 ns, At safepoint: 47735 ns, Total: 126741 ns
[2020-02-21T04:24:22.311+0000][1][safepoint    ] Safepoint "RevokeBias", Time since last: 2507760831 ns, Reaching safepoint: 76398 ns, At safepoint: 20293 ns, Total: 96691 ns
[2020-02-21T04:24:24.814+0000][1][safepoint    ] Safepoint "RevokeBias", Time since last: 2502468453 ns, Reaching safepoint: 71267 ns, At safepoint: 18043 ns, Total: 89310 ns
[2020-02-21T04:24:27.317+0000][1][safepoint    ] Safepoint "RevokeBias", Time since last: 2503188011 ns, Reaching safepoint: 86392 ns, At safepoint: 20363 ns, Total: 106755 ns
[2020-02-21T04:24:29.824+0000][1][safepoint    ] Safepoint "RevokeBias", Time since last: 2506423385 ns, Reaching safepoint: 71767 ns, At safepoint: 17876 ns, Total: 89643 ns
[2020-02-21T04:24:32.328+0000][1][safepoint    ] Safepoint "RevokeBias", Time since last: 2504020731 ns, Reaching safepoint: 73330 ns, At safepoint: 18848 ns, Total: 92178 ns
[2020-02-21T04:24:34.850+0000][1][safepoint    ] Safepoint "RevokeBias", Time since last: 2522205428 ns, Reaching safepoint: 50413 ns, At safepoint: 15706 ns, Total: 66119 ns
[2020-02-21T04:24:37.359+0000][1][safepoint    ] Safepoint "RevokeBias", Time since last: 2508631014 ns, Reaching safepoint: 110219 ns, At safepoint: 21227 ns, Total: 131446 ns
[2020-02-21T04:24:39.865+0000][1][safepoint    ] Safepoint "RevokeBias", Time since last: 2505889181 ns, Reaching safepoint: 73315 ns, At safepoint: 18507 ns, Total: 91822 ns
[2020-02-21T04:24:42.368+0000][1][safepoint    ] Safepoint "RevokeBias", Time since last: 2502845711 ns, Reaching safepoint: 161580 ns, At safepoint: 18940 ns, Total: 180520 ns
[2020-02-21T04:24:44.875+0000][1][safepoint    ] Safepoint "RevokeBias", Time since last: 2506716404 ns, Reaching safepoint: 90248 ns, At safepoint: 23457 ns, Total: 113705 ns
[2020-02-21T04:24:47.391+0000][1][safepoint    ] Safepoint "RevokeBias", Time since last: 2516271601 ns, Reaching safepoint: 144775 ns, At safepoint: 19648 ns, Total: 164423 ns
[2020-02-21T04:24:49.900+0000][1][safepoint    ] Safepoint "RevokeBias", Time since last: 2508892002 ns, Reaching safepoint: 69741 ns, At safepoint: 17868 ns, Total: 87609 ns
[2020-02-21T04:24:52.405+0000][1][safepoint    ] Safepoint "RevokeBias", Time since last: 2505014631 ns, Reaching safepoint: 86057 ns, At safepoint: 73874 ns, Total: 159931 ns
[2020-02-21T04:24:54.908+0000][1][safepoint    ] Safepoint "RevokeBias", Time since last: 2503234880 ns, Reaching safepoint: 74051 ns, At safepoint: 17496 ns, Total: 91547 ns
[2020-02-21T04:24:57.412+0000][1][safepoint    ] Safepoint "BulkRevokeBias", Time since last: 2502785388 ns, Reaching safepoint: 70544 ns, At safepoint: 287125 ns, Total: 357669 ns
[2020-02-21T04:24:59.918+0000][1][safepoint    ] Safepoint "RevokeBias", Time since last: 2506092915 ns, Reaching safepoint: 56176 ns, At safepoint: 16179 ns, Total: 72355 ns
[2020-02-21T04:25:02.423+0000][1][safepoint    ] Safepoint "RevokeBias", Time since last: 2504952034 ns, Reaching safepoint: 71014 ns, At safepoint: 17468 ns, Total: 88482 ns
[2020-02-21T04:25:04.932+0000][1][safepoint    ] Safepoint "RevokeBias", Time since last: 2509342040 ns, Reaching safepoint: 77069 ns, At safepoint: 17853 ns, Total: 94922 ns
[2020-02-21T04:25:07.440+0000][1][safepoint    ] Safepoint "RevokeBias", Time since last: 2507399725 ns, Reaching safepoint: 225132 ns, At safepoint: 26230 ns, Total: 251362 ns
[2020-02-21T04:25:09.946+0000][1][safepoint    ] Safepoint "RevokeBias", Time since last: 2505654446 ns, Reaching safepoint: 153517 ns, At safepoint: 23639 ns, Total: 177156 ns
[2020-02-21T04:25:12.450+0000][1][safepoint    ] Safepoint "RevokeBias", Time since last: 2503805177 ns, Reaching safepoint: 70163 ns, At safepoint: 17895 ns, Total: 88058 ns
[2020-02-21T04:25:14.955+0000][1][safepoint    ] Safepoint "RevokeBias", Time since last: 2505750516 ns, Reaching safepoint: 71083 ns, At safepoint: 17967 ns, Total: 89050 ns
[2020-02-21T04:25:17.471+0000][1][safepoint    ] Safepoint "RevokeBias", Time since last: 2515325210 ns, Reaching safepoint: 73846 ns, At safepoint: 114378 ns, Total: 188224 ns
[2020-02-21T04:25:19.985+0000][1][safepoint    ] Safepoint "RevokeBias", Time since last: 2513487748 ns, Reaching safepoint: 70753 ns, At safepoint: 17748 ns, Total: 88501 ns
[2020-02-21T04:25:22.490+0000][1][safepoint    ] Safepoint "RevokeBias", Time since last: 2505224342 ns, Reaching safepoint: 68993 ns, At safepoint: 16834 ns, Total: 85827 ns
[2020-02-21T04:25:24.994+0000][1][safepoint    ] Safepoint "RevokeBias", Time since last: 2504088787 ns, Reaching safepoint: 128351 ns, At safepoint: 24438 ns, Total: 152789 ns
[2020-02-21T04:25:27.498+0000][1][safepoint    ] Safepoint "RevokeBias", Time since last: 2503984454 ns, Reaching safepoint: 71173 ns, At safepoint: 16978 ns, Total: 88151 ns
[2020-02-21T04:25:30.002+0000][1][safepoint    ] Safepoint "RevokeBias", Time since last: 2504171520 ns, Reaching safepoint: 75652 ns, At safepoint: 18372 ns, Total: 94024 ns
[2020-02-21T04:25:32.004+0000][1][safepoint    ] Safepoint "Cleanup", Time since last: 2001143081 ns, Reaching safepoint: 98998 ns, At safepoint: 8152 ns, Total: 107150 ns
[2020-02-21T04:25:32.508+0000][1][safepoint    ] Safepoint "RevokeBias", Time since last: 504387939 ns, Reaching safepoint: 55579 ns, At safepoint: 74437 ns, Total: 130016 ns
[2020-02-21T04:25:35.020+0000][1][safepoint    ] Safepoint "RevokeBias", Time since last: 2511805611 ns, Reaching safepoint: 70114 ns, At safepoint: 17524 ns, Total: 87638 ns
[2020-02-21T04:25:37.532+0000][1][safepoint    ] Safepoint "RevokeBias", Time since last: 2511643973 ns, Reaching safepoint: 91176 ns, At safepoint: 21991 ns, Total: 113167 ns
[2020-02-21T04:25:40.037+0000][1][safepoint    ] Safepoint "RevokeBias", Time since last: 2505140728 ns, Reaching safepoint: 73090 ns, At safepoint: 17211 ns, Total: 90301 ns
[2020-02-21T04:25:42.541+0000][1][safepoint    ] Safepoint "RevokeBias", Time since last: 2503313028 ns, Reaching safepoint: 233696 ns, At safepoint: 59588 ns, Total: 293284 ns
[2020-02-21T04:25:45.045+0000][1][safepoint    ] Safepoint "RevokeBias", Time since last: 2504550189 ns, Reaching safepoint: 72539 ns, At safepoint: 18618 ns, Total: 91157 ns
[2020-02-21T04:25:47.567+0000][1][safepoint    ] Safepoint "RevokeBias", Time since last: 2521742403 ns, Reaching safepoint: 52872 ns, At safepoint: 15064 ns, Total: 67936 ns
[2020-02-21T04:25:50.080+0000][1][safepoint    ] Safepoint "RevokeBias", Time since last: 2513145052 ns, Reaching safepoint: 73212 ns, At safepoint: 18118 ns, Total: 91330 ns
[2020-02-21T04:25:52.582+0000][1][gc,start     ] GC(107) Pause Young (Allocation Failure)
[2020-02-21T04:25:52.582+0000][1][gc,task      ] GC(107) Using 1 workers of 1 for evacuation
[2020-02-21T04:25:52.596+0000][1][gc,age       ] GC(107) Desired survivor size 4358144 bytes, new threshold 6 (max threshold 6)
[2020-02-21T04:25:52.596+0000][1][gc,age       ] GC(107) Age table with threshold 6 (max threshold 6)
[2020-02-21T04:25:52.596+0000][1][gc,age       ] GC(107) - age   1:      12696 bytes,      12696 total
[2020-02-21T04:25:52.596+0000][1][gc,age       ] GC(107) - age   2:        392 bytes,      13088 total
[2020-02-21T04:25:52.596+0000][1][gc,age       ] GC(107) - age   3:       1848 bytes,      14936 total
[2020-02-21T04:25:52.596+0000][1][gc,age       ] GC(107) - age   4:         72 bytes,      15008 total
[2020-02-21T04:25:52.596+0000][1][gc,age       ] GC(107) - age   5:        352 bytes,      15360 total
[2020-02-21T04:25:52.596+0000][1][gc,age       ] GC(107) - age   6:       1720 bytes,      17080 total
[2020-02-21T04:25:52.597+0000][1][gc,heap      ] GC(107) ParNew: 68179K->29K(76672K)
[2020-02-21T04:25:52.597+0000][1][gc,heap      ] GC(107) CMS: 62609K->62609K(963392K)
[2020-02-21T04:25:52.597+0000][1][gc,metaspace ] GC(107) Metaspace: 80134K->80134K(1124352K)
[2020-02-21T04:25:52.597+0000][1][gc           ] GC(107) Pause Young (Allocation Failure) 127M->61M(1015M) 14.229ms
[2020-02-21T04:25:52.597+0000][1][gc,cpu       ] GC(107) User=0.02s Sys=0.00s Real=0.02s
[2020-02-21T04:25:52.597+0000][1][safepoint    ] Safepoint "GenCollectForAllocation", Time since last: 2501842855 ns, Reaching safepoint: 105489 ns, At safepoint: 14325675 ns, Total: 14431164 ns
[2020-02-21T04:25:52.599+0000][1][safepoint    ] Safepoint "RevokeBias", Time since last: 1663605 ns, Reaching safepoint: 257127 ns, At safepoint: 60322 ns, Total: 317449 ns
[2020-02-21T04:25:55.102+0000][1][safepoint    ] Safepoint "RevokeBias", Time since last: 2502871789 ns, Reaching safepoint: 70437 ns, At safepoint: 17346 ns, Total: 87783 ns
[2020-02-21T04:25:57.606+0000][1][safepoint    ] Safepoint "RevokeBias", Time since last: 2503813038 ns, Reaching safepoint: 139233 ns, At safepoint: 34389 ns, Total: 173622 ns
[2020-02-21T04:26:00.112+0000][1][safepoint    ] Safepoint "RevokeBias", Time since last: 2506192985 ns, Reaching safepoint: 71728 ns, At safepoint: 18360 ns, Total: 90088 ns
[2020-02-21T04:26:02.618+0000][1][safepoint    ] Safepoint "RevokeBias", Time since last: 2505707492 ns, Reaching safepoint: 72454 ns, At safepoint: 18240 ns, Total: 90694 ns
[2020-02-21T04:26:05.132+0000][1][safepoint    ] Safepoint "RevokeBias", Time since last: 2514278248 ns, Reaching safepoint: 149399 ns, At safepoint: 41556 ns, Total: 190955 ns
[2020-02-21T04:26:07.643+0000][1][safepoint    ] Safepoint "RevokeBias", Time since last: 2510786007 ns, Reaching safepoint: 117395 ns, At safepoint: 31204 ns, Total: 148599 ns
[2020-02-21T04:26:10.150+0000][1][safepoint    ] Safepoint "BulkRevokeBias", Time since last: 2506213773 ns, Reaching safepoint: 90516 ns, At safepoint: 277220 ns, Total: 367736 ns
[2020-02-21T04:26:12.654+0000][1][safepoint    ] Safepoint "RevokeBias", Time since last: 2504564054 ns, Reaching safepoint: 69725 ns, At safepoint: 17727 ns, Total: 87452 ns
[2020-02-21T04:26:15.162+0000][1][safepoint    ] Safepoint "RevokeBias", Time since last: 2507801989 ns, Reaching safepoint: 106117 ns, At safepoint: 28418 ns, Total: 134535 ns
[2020-02-21T04:26:17.676+0000][1][safepoint    ] Safepoint "RevokeBias", Time since last: 2514055765 ns, Reaching safepoint: 90957 ns, At safepoint: 34730 ns, Total: 125687 ns
[2020-02-21T04:26:20.184+0000][1][safepoint    ] Safepoint "RevokeBias", Time since last: 2507389849 ns, Reaching safepoint: 74903 ns, At safepoint: 18957 ns, Total: 93860 ns
[2020-02-21T04:26:22.786+0000][1][safepoint    ] Safepoint "RevokeBias", Time since last: 2602200158 ns, Reaching safepoint: 91127 ns, At safepoint: 18657 ns, Total: 109784 ns
[2020-02-21T04:26:25.294+0000][1][safepoint    ] Safepoint "RevokeBias", Time since last: 2507489461 ns, Reaching safepoint: 101768 ns, At safepoint: 28761 ns, Total: 130529 ns
[2020-02-21T04:26:27.799+0000][1][safepoint    ] Safepoint "RevokeBias", Time since last: 2505384732 ns, Reaching safepoint: 80552 ns, At safepoint: 21623 ns, Total: 102175 ns
[2020-02-21T04:26:30.304+0000][1][safepoint    ] Safepoint "RevokeBias", Time since last: 2504980762 ns, Reaching safepoint: 67943 ns, At safepoint: 16040 ns, Total: 83983 ns
[2020-02-21T04:26:32.811+0000][1][safepoint    ] Safepoint "RevokeBias", Time since last: 2506231041 ns, Reaching safepoint: 102117 ns, At safepoint: 154195 ns, Total: 256312 ns
[2020-02-21T04:26:35.319+0000][1][safepoint    ] Safepoint "RevokeBias", Time since last: 2507505926 ns, Reaching safepoint: 99362 ns, At safepoint: 29406 ns, Total: 128768 ns
[2020-02-21T04:26:37.839+0000][1][safepoint    ] Safepoint "RevokeBias", Time since last: 2520305784 ns, Reaching safepoint: 73352 ns, At safepoint: 18673 ns, Total: 92025 ns
[2020-02-21T04:26:40.345+0000][1][safepoint    ] Safepoint "RevokeBias", Time since last: 2506251804 ns, Reaching safepoint: 188572 ns, At safepoint: 25009 ns, Total: 213581 ns
[2020-02-21T04:26:42.849+0000][1][safepoint    ] Safepoint "RevokeBias", Time since last: 2503558966 ns, Reaching safepoint: 72428 ns, At safepoint: 17380 ns, Total: 89808 ns
[2020-02-21T04:26:45.355+0000][1][safepoint    ] Safepoint "RevokeBias", Time since last: 2505804528 ns, Reaching safepoint: 73694 ns, At safepoint: 17910 ns, Total: 91604 ns
[2020-02-21T04:26:47.887+0000][1][safepoint    ] Safepoint "RevokeBias", Time since last: 2526782205 ns, Reaching safepoint: 5633096 ns, At safepoint: 73320 ns, Total: 5706416 ns
[2020-02-21T04:26:50.398+0000][1][safepoint    ] Safepoint "RevokeBias", Time since last: 2510519520 ns, Reaching safepoint: 99933 ns, At safepoint: 26475 ns, Total: 126408 ns
[2020-02-21T04:26:52.904+0000][1][safepoint    ] Safepoint "RevokeBias", Time since last: 2506118571 ns, Reaching safepoint: 52430 ns, At safepoint: 15839 ns, Total: 68269 ns
[2020-02-21T04:26:55.407+0000][1][safepoint    ] Safepoint "RevokeBias", Time since last: 2502688862 ns, Reaching safepoint: 73136 ns, At safepoint: 18275 ns, Total: 91411 ns
[2020-02-21T04:26:57.909+0000][1][safepoint    ] Safepoint "RevokeBias", Time since last: 2502304707 ns, Reaching safepoint: 73334 ns, At safepoint: 17893 ns, Total: 91227 ns
[2020-02-21T04:27:00.425+0000][1][safepoint    ] Safepoint "RevokeBias", Time since last: 2515478287 ns, Reaching safepoint: 72656 ns, At safepoint: 17289 ns, Total: 89945 ns
[2020-02-21T04:27:02.426+0000][1][safepoint    ] Safepoint "Cleanup", Time since last: 2001198052 ns, Reaching safepoint: 118411 ns, At safepoint: 10205 ns, Total: 128616 ns
[2020-02-21T04:27:02.937+0000][1][safepoint    ] Safepoint "RevokeBias", Time since last: 510383943 ns, Reaching safepoint: 73024 ns, At safepoint: 18367 ns, Total: 91391 ns
[2020-02-21T04:27:05.440+0000][1][safepoint    ] Safepoint "RevokeBias", Time since last: 2503269485 ns, Reaching safepoint: 69397 ns, At safepoint: 17625 ns, Total: 87022 ns
[2020-02-21T04:27:07.944+0000][1][safepoint    ] Safepoint "RevokeBias", Time since last: 2503436889 ns, Reaching safepoint: 112547 ns, At safepoint: 21915 ns, Total: 134462 ns
[2020-02-21T04:27:10.448+0000][1][safepoint    ] Safepoint "RevokeBias", Time since last: 2504264157 ns, Reaching safepoint: 69327 ns, At safepoint: 71090 ns, Total: 140417 ns
[2020-02-21T04:27:12.450+0000][1][safepoint    ] Safepoint "Cleanup", Time since last: 2001328998 ns, Reaching safepoint: 83568 ns, At safepoint: 6428 ns, Total: 89996 ns
[2020-02-21T04:27:12.952+0000][1][safepoint    ] Safepoint "RevokeBias", Time since last: 502365842 ns, Reaching safepoint: 75850 ns, At safepoint: 19286 ns, Total: 95136 ns
[2020-02-21T04:27:15.457+0000][1][safepoint    ] Safepoint "RevokeBias", Time since last: 2504355625 ns, Reaching safepoint: 144314 ns, At safepoint: 39686 ns, Total: 184000 ns
[2020-02-21T04:27:17.970+0000][1][safepoint    ] Safepoint "RevokeBias", Time since last: 2513175103 ns, Reaching safepoint: 75570 ns, At safepoint: 18433 ns, Total: 94003 ns
[2020-02-21T04:27:20.478+0000][1][safepoint    ] Safepoint "RevokeBias", Time since last: 2507588687 ns, Reaching safepoint: 74913 ns, At safepoint: 20931 ns, Total: 95844 ns
[2020-02-21T04:27:22.983+0000][1][safepoint    ] Safepoint "BulkRevokeBias", Time since last: 2504999284 ns, Reaching safepoint: 90265 ns, At safepoint: 222923 ns, Total: 313188 ns
[2020-02-21T04:27:25.487+0000][1][safepoint    ] Safepoint "RevokeBias", Time since last: 2503627249 ns, Reaching safepoint: 52480 ns, At safepoint: 15247 ns, Total: 67727 ns
[2020-02-21T04:27:27.991+0000][1][safepoint    ] Safepoint "RevokeBias", Time since last: 2504327901 ns, Reaching safepoint: 202518 ns, At safepoint: 46407 ns, Total: 248925 ns
[2020-02-21T04:27:30.502+0000][1][safepoint    ] Safepoint "RevokeBias", Time since last: 2510762969 ns, Reaching safepoint: 68634 ns, At safepoint: 17677 ns, Total: 86311 ns
[2020-02-21T04:27:33.012+0000][1][safepoint    ] Safepoint "RevokeBias", Time since last: 2509646443 ns, Reaching safepoint: 87531 ns, At safepoint: 20183 ns, Total: 107714 ns
[2020-02-21T04:27:35.516+0000][1][safepoint    ] Safepoint "RevokeBias", Time since last: 2504225836 ns, Reaching safepoint: 71822 ns, At safepoint: 17296 ns, Total: 89118 ns
[2020-02-21T04:27:38.022+0000][1][safepoint    ] Safepoint "RevokeBias", Time since last: 2506128266 ns, Reaching safepoint: 81591 ns, At safepoint: 19473 ns, Total: 101064 ns
[2020-02-21T04:27:40.526+0000][1][safepoint    ] Safepoint "RevokeBias", Time since last: 2503894146 ns, Reaching safepoint: 93309 ns, At safepoint: 24067 ns, Total: 117376 ns
[2020-02-21T04:27:43.033+0000][1][safepoint    ] Safepoint "RevokeBias", Time since last: 2506844988 ns, Reaching safepoint: 76198 ns, At safepoint: 19142 ns, Total: 95340 ns
[2020-02-21T04:27:45.537+0000][1][safepoint    ] Safepoint "RevokeBias", Time since last: 2503846272 ns, Reaching safepoint: 86649 ns, At safepoint: 21875 ns, Total: 108524 ns
[2020-02-21T04:27:48.055+0000][1][safepoint    ] Safepoint "RevokeBias", Time since last: 2518076579 ns, Reaching safepoint: 71652 ns, At safepoint: 16323 ns, Total: 87975 ns
[2020-02-21T04:27:49.057+0000][1][safepoint    ] Safepoint "Cleanup", Time since last: 1001614867 ns, Reaching safepoint: 97203 ns, At safepoint: 8780 ns, Total: 105983 ns
[2020-02-21T04:27:50.563+0000][1][safepoint    ] Safepoint "RevokeBias", Time since last: 1505531146 ns, Reaching safepoint: 71285 ns, At safepoint: 18211 ns, Total: 89496 ns
[2020-02-21T04:27:53.068+0000][1][safepoint    ] Safepoint "RevokeBias", Time since last: 2504899821 ns, Reaching safepoint: 69981 ns, At safepoint: 17907 ns, Total: 87888 ns
[2020-02-21T04:27:55.572+0000][1][safepoint    ] Safepoint "RevokeBias", Time since last: 2503641299 ns, Reaching safepoint: 205450 ns, At safepoint: 33482 ns, Total: 238932 ns
[2020-02-21T04:27:58.076+0000][1][safepoint    ] Safepoint "RevokeBias", Time since last: 2504696592 ns, Reaching safepoint: 104172 ns, At safepoint: 21505 ns, Total: 125677 ns
[2020-02-21T04:28:00.582+0000][1][safepoint    ] Safepoint "RevokeBias", Time since last: 2505841293 ns, Reaching safepoint: 50571 ns, At safepoint: 15268 ns, Total: 65839 ns
[2020-02-21T04:28:03.089+0000][1][safepoint    ] Safepoint "RevokeBias", Time since last: 2506922394 ns, Reaching safepoint: 190587 ns, At safepoint: 30040 ns, Total: 220627 ns
[2020-02-21T04:28:05.598+0000][1][safepoint    ] Safepoint "RevokeBias", Time since last: 2506966517 ns, Reaching safepoint: 1627287 ns, At safepoint: 45490 ns, Total: 1672777 ns
[2020-02-21T04:28:08.103+0000][1][safepoint    ] Safepoint "RevokeBias", Time since last: 2504935106 ns, Reaching safepoint: 87263 ns, At safepoint: 18853 ns, Total: 106116 ns
[2020-02-21T04:28:10.607+0000][1][safepoint    ] Safepoint "RevokeBias", Time since last: 2504031619 ns, Reaching safepoint: 55548 ns, At safepoint: 15608 ns, Total: 71156 ns
[2020-02-21T04:28:12.346+0000][1][gc,start     ] GC(108) Pause Young (Allocation Failure)
[2020-02-21T04:28:12.346+0000][1][gc,task      ] GC(108) Using 1 workers of 1 for evacuation
[2020-02-21T04:28:12.360+0000][1][gc,age       ] GC(108) Desired survivor size 4358144 bytes, new threshold 6 (max threshold 6)
[2020-02-21T04:28:12.360+0000][1][gc,age       ] GC(108) Age table with threshold 6 (max threshold 6)
[2020-02-21T04:28:12.360+0000][1][gc,age       ] GC(108) - age   1:      13176 bytes,      13176 total
[2020-02-21T04:28:12.360+0000][1][gc,age       ] GC(108) - age   2:        880 bytes,      14056 total
[2020-02-21T04:28:12.360+0000][1][gc,age       ] GC(108) - age   3:        392 bytes,      14448 total
[2020-02-21T04:28:12.371+0000][1][gc,age       ] GC(108) - age   4:       1848 bytes,      16296 total
[2020-02-21T04:28:12.371+0000][1][gc,age       ] GC(108) - age   5:         72 bytes,      16368 total
[2020-02-21T04:28:12.371+0000][1][gc,age       ] GC(108) - age   6:        352 bytes,      16720 total
[2020-02-21T04:28:12.371+0000][1][gc,heap      ] GC(108) ParNew: 68189K->19K(76672K)
[2020-02-21T04:28:12.371+0000][1][gc,heap      ] GC(108) CMS: 62609K->62610K(963392K)
[2020-02-21T04:28:12.371+0000][1][gc,metaspace ] GC(108) Metaspace: 80136K->80136K(1124352K)
[2020-02-21T04:28:12.371+0000][1][gc           ] GC(108) Pause Young (Allocation Failure) 127M->61M(1015M) 24.622ms
[2020-02-21T04:28:12.371+0000][1][gc,cpu       ] GC(108) User=0.01s Sys=0.00s Real=0.02s
[2020-02-21T04:28:12.371+0000][1][safepoint    ] Safepoint "GenCollectForAllocation", Time since last: 1739036602 ns, Reaching safepoint: 125912 ns, At safepoint: 24687896 ns, Total: 24813808 ns
[2020-02-21T04:28:13.112+0000][1][safepoint    ] Safepoint "RevokeBias", Time since last: 740807218 ns, Reaching safepoint: 114587 ns, At safepoint: 28137 ns, Total: 142724 ns
[2020-02-21T04:28:15.616+0000][1][safepoint    ] Safepoint "RevokeBias", Time since last: 2503543419 ns, Reaching safepoint: 72012 ns, At safepoint: 16979 ns, Total: 88991 ns
[2020-02-21T04:28:18.127+0000][1][safepoint    ] Safepoint "RevokeBias", Time since last: 2511503895 ns, Reaching safepoint: 71332 ns, At safepoint: 17415 ns, Total: 88747 ns
[2020-02-21T04:28:20.636+0000][1][safepoint    ] Safepoint "RevokeBias", Time since last: 2508869555 ns, Reaching safepoint: 74669 ns, At safepoint: 18233 ns, Total: 92902 ns
[2020-02-21T04:28:23.142+0000][1][safepoint    ] Safepoint "RevokeBias", Time since last: 2505375434 ns, Reaching safepoint: 71476 ns, At safepoint: 16968 ns, Total: 88444 ns
[2020-02-21T04:28:25.647+0000][1][safepoint    ] Safepoint "RevokeBias", Time since last: 2504921766 ns, Reaching safepoint: 58948 ns, At safepoint: 19105 ns, Total: 78053 ns
[2020-02-21T04:28:28.150+0000][1][safepoint    ] Safepoint "RevokeBias", Time since last: 2503662400 ns, Reaching safepoint: 143675 ns, At safepoint: 20945 ns, Total: 164620 ns
[2020-02-21T04:28:30.666+0000][1][safepoint    ] Safepoint "RevokeBias", Time since last: 2515929611 ns, Reaching safepoint: 69820 ns, At safepoint: 17161 ns, Total: 86981 ns
[2020-02-21T04:28:32.667+0000][1][safepoint    ] Safepoint "Cleanup", Time since last: 2000669440 ns, Reaching safepoint: 105206 ns, At safepoint: 8459 ns, Total: 113665 ns
[2020-02-21T04:28:33.176+0000][1][safepoint    ] Safepoint "RevokeBias", Time since last: 508938600 ns, Reaching safepoint: 150218 ns, At safepoint: 46587 ns, Total: 196805 ns
[2020-02-21T04:28:35.681+0000][1][safepoint    ] Safepoint "BulkRevokeBias", Time since last: 2503818629 ns, Reaching safepoint: 103855 ns, At safepoint: 385496 ns, Total: 489351 ns
[2020-02-21T04:28:38.185+0000][1][safepoint    ] Safepoint "RevokeBias", Time since last: 2504447836 ns, Reaching safepoint: 85588 ns, At safepoint: 26544 ns, Total: 112132 ns
[2020-02-21T04:28:40.689+0000][1][safepoint    ] Safepoint "RevokeBias", Time since last: 2503231956 ns, Reaching safepoint: 75131 ns, At safepoint: 18735 ns, Total: 93866 ns
[2020-02-21T04:28:43.192+0000][1][safepoint    ] Safepoint "RevokeBias", Time since last: 2503081999 ns, Reaching safepoint: 97230 ns, At safepoint: 39833 ns, Total: 137063 ns
[2020-02-21T04:28:45.697+0000][1][safepoint    ] Safepoint "RevokeBias", Time since last: 2505282864 ns, Reaching safepoint: 74092 ns, At safepoint: 21471 ns, Total: 95563 ns
[2020-02-21T04:28:48.215+0000][1][safepoint    ] Safepoint "RevokeBias", Time since last: 2517493045 ns, Reaching safepoint: 206996 ns, At safepoint: 93645 ns, Total: 300641 ns
[2020-02-21T04:28:50.725+0000][1][safepoint    ] Safepoint "RevokeBias", Time since last: 2509557238 ns, Reaching safepoint: 91985 ns, At safepoint: 21387 ns, Total: 113372 ns
[2020-02-21T04:28:53.231+0000][1][safepoint    ] Safepoint "RevokeBias", Time since last: 2506301044 ns, Reaching safepoint: 75779 ns, At safepoint: 18139 ns, Total: 93918 ns
[2020-02-21T04:28:55.734+0000][1][safepoint    ] Safepoint "RevokeBias", Time since last: 2503340916 ns, Reaching safepoint: 73923 ns, At safepoint: 17513 ns, Total: 91436 ns
[2020-02-21T04:28:58.237+0000][1][safepoint    ] Safepoint "RevokeBias", Time since last: 2502892753 ns, Reaching safepoint: 55208 ns, At safepoint: 15903 ns, Total: 71111 ns
[2020-02-21T04:29:00.750+0000][1][safepoint    ] Safepoint "RevokeBias", Time since last: 2512797821 ns, Reaching safepoint: 82855 ns, At safepoint: 19424 ns, Total: 102279 ns
[2020-02-21T04:29:03.260+0000][1][safepoint    ] Safepoint "RevokeBias", Time since last: 2509051209 ns, Reaching safepoint: 97706 ns, At safepoint: 19736 ns, Total: 117442 ns
[2020-02-21T04:29:05.764+0000][1][safepoint    ] Safepoint "RevokeBias", Time since last: 2504215436 ns, Reaching safepoint: 74817 ns, At safepoint: 18519 ns, Total: 93336 ns
[2020-02-21T04:29:08.269+0000][1][safepoint    ] Safepoint "RevokeBias", Time since last: 2505313057 ns, Reaching safepoint: 70342 ns, At safepoint: 33121 ns, Total: 103463 ns
[2020-02-21T04:29:10.774+0000][1][safepoint    ] Safepoint "RevokeBias", Time since last: 2504958821 ns, Reaching safepoint: 154141 ns, At safepoint: 22486 ns, Total: 176627 ns
[2020-02-21T04:29:13.278+0000][1][safepoint    ] Safepoint "RevokeBias", Time since last: 2503712597 ns, Reaching safepoint: 70814 ns, At safepoint: 16787 ns, Total: 87601 ns
[2020-02-21T04:29:15.781+0000][1][safepoint    ] Safepoint "RevokeBias", Time since last: 2503201644 ns, Reaching safepoint: 70726 ns, At safepoint: 17199 ns, Total: 87925 ns
[2020-02-21T04:29:18.295+0000][1][safepoint    ] Safepoint "RevokeBias", Time since last: 2513529349 ns, Reaching safepoint: 115661 ns, At safepoint: 27849 ns, Total: 143510 ns
[2020-02-21T04:29:20.805+0000][1][safepoint    ] Safepoint "RevokeBias", Time since last: 2510061563 ns, Reaching safepoint: 171624 ns, At safepoint: 30520 ns, Total: 202144 ns
[2020-02-21T04:29:23.311+0000][1][safepoint    ] Safepoint "RevokeBias", Time since last: 2505360738 ns, Reaching safepoint: 74033 ns, At safepoint: 73692 ns, Total: 147725 ns
[2020-02-21T04:29:25.815+0000][1][safepoint    ] Safepoint "RevokeBias", Time since last: 2503924513 ns, Reaching safepoint: 145333 ns, At safepoint: 46937 ns, Total: 192270 ns
[2020-02-21T04:29:28.320+0000][1][safepoint    ] Safepoint "RevokeBias", Time since last: 2504489363 ns, Reaching safepoint: 130082 ns, At safepoint: 37180 ns, Total: 167262 ns
[2020-02-21T04:29:30.834+0000][1][safepoint    ] Safepoint "RevokeBias", Time since last: 2513681095 ns, Reaching safepoint: 221472 ns, At safepoint: 33296 ns, Total: 254768 ns
[2020-02-21T04:29:33.345+0000][1][safepoint    ] Safepoint "RevokeBias", Time since last: 2511255733 ns, Reaching safepoint: 238630 ns, At safepoint: 31541 ns, Total: 270171 ns
[2020-02-21T04:29:35.850+0000][1][safepoint    ] Safepoint "RevokeBias", Time since last: 2504563285 ns, Reaching safepoint: 74606 ns, At safepoint: 18715 ns, Total: 93321 ns
[2020-02-21T04:29:38.357+0000][1][safepoint    ] Safepoint "RevokeBias", Time since last: 2507168792 ns, Reaching safepoint: 95205 ns, At safepoint: 20663 ns, Total: 115868 ns
[2020-02-21T04:29:40.862+0000][1][safepoint    ] Safepoint "RevokeBias", Time since last: 2504382396 ns, Reaching safepoint: 123642 ns, At safepoint: 32199 ns, Total: 155841 ns
[2020-02-21T04:29:43.366+0000][1][safepoint    ] Safepoint "RevokeBias", Time since last: 2503774650 ns, Reaching safepoint: 71086 ns, At safepoint: 112988 ns, Total: 184074 ns
[2020-02-21T04:29:45.869+0000][1][safepoint    ] Safepoint "RevokeBias", Time since last: 2503302234 ns, Reaching safepoint: 80541 ns, At safepoint: 19773 ns, Total: 100314 ns
[2020-02-21T04:29:48.381+0000][1][safepoint    ] Safepoint "BulkRevokeBias", Time since last: 2511309952 ns, Reaching safepoint: 139118 ns, At safepoint: 337447 ns, Total: 476565 ns
[2020-02-21T04:29:50.889+0000][1][safepoint    ] Safepoint "RevokeBias", Time since last: 2508184713 ns, Reaching safepoint: 71825 ns, At safepoint: 18311 ns, Total: 90136 ns
[2020-02-21T04:29:53.396+0000][1][safepoint    ] Safepoint "RevokeBias", Time since last: 2506308327 ns, Reaching safepoint: 151302 ns, At safepoint: 20600 ns, Total: 171902 ns
[2020-02-21T04:29:55.899+0000][1][safepoint    ] Safepoint "RevokeBias", Time since last: 2503582379 ns, Reaching safepoint: 204860 ns, At safepoint: 53538 ns, Total: 258398 ns
[2020-02-21T04:29:58.404+0000][1][safepoint    ] Safepoint "RevokeBias", Time since last: 2504259672 ns, Reaching safepoint: 105225 ns, At safepoint: 22091 ns, Total: 127316 ns
[2020-02-21T04:30:00.917+0000][1][safepoint    ] Safepoint "RevokeBias", Time since last: 2513157383 ns, Reaching safepoint: 158172 ns, At safepoint: 63817 ns, Total: 221989 ns
[2020-02-21T04:30:03.430+0000][1][safepoint    ] Safepoint "RevokeBias", Time since last: 2512482156 ns, Reaching safepoint: 72714 ns, At safepoint: 17507 ns, Total: 90221 ns
[2020-02-21T04:30:05.934+0000][1][safepoint    ] Safepoint "RevokeBias", Time since last: 2503930072 ns, Reaching safepoint: 72083 ns, At safepoint: 17208 ns, Total: 89291 ns
[2020-02-21T04:30:08.438+0000][1][safepoint    ] Safepoint "RevokeBias", Time since last: 2504262885 ns, Reaching safepoint: 76529 ns, At safepoint: 18420 ns, Total: 94949 ns
[2020-02-21T04:30:10.942+0000][1][safepoint    ] Safepoint "RevokeBias", Time since last: 2503602982 ns, Reaching safepoint: 73063 ns, At safepoint: 18528 ns, Total: 91591 ns
[2020-02-21T04:30:13.444+0000][1][safepoint    ] Safepoint "RevokeBias", Time since last: 2501784650 ns, Reaching safepoint: 111283 ns, At safepoint: 18095 ns, Total: 129378 ns
[2020-02-21T04:30:15.949+0000][1][safepoint    ] Safepoint "RevokeBias", Time since last: 2504815370 ns, Reaching safepoint: 72773 ns, At safepoint: 17428 ns, Total: 90201 ns
[2020-02-21T04:30:18.464+0000][1][safepoint    ] Safepoint "RevokeBias", Time since last: 2515338042 ns, Reaching safepoint: 71396 ns, At safepoint: 17950 ns, Total: 89346 ns
[2020-02-21T04:30:20.972+0000][1][safepoint    ] Safepoint "RevokeBias", Time since last: 2507805820 ns, Reaching safepoint: 81767 ns, At safepoint: 19098 ns, Total: 100865 ns
[2020-02-21T04:30:23.479+0000][1][safepoint    ] Safepoint "RevokeBias", Time since last: 2507222814 ns, Reaching safepoint: 110184 ns, At safepoint: 19261 ns, Total: 129445 ns
[2020-02-21T04:30:25.983+0000][1][safepoint    ] Safepoint "RevokeBias", Time since last: 2503819243 ns, Reaching safepoint: 81185 ns, At safepoint: 21284 ns, Total: 102469 ns
[2020-02-21T04:30:28.488+0000][1][safepoint    ] Safepoint "RevokeBias", Time since last: 2504742060 ns, Reaching safepoint: 119652 ns, At safepoint: 32948 ns, Total: 152600 ns
[2020-02-21T04:30:31.001+0000][1][safepoint    ] Safepoint "RevokeBias", Time since last: 2512931142 ns, Reaching safepoint: 70510 ns, At safepoint: 16760 ns, Total: 87270 ns
[2020-02-21T04:30:32.475+0000][1][gc,start     ] GC(109) Pause Young (Allocation Failure)
[2020-02-21T04:30:32.475+0000][1][gc,task      ] GC(109) Using 1 workers of 1 for evacuation
[2020-02-21T04:30:32.486+0000][1][gc,age       ] GC(109) Desired survivor size 4358144 bytes, new threshold 6 (max threshold 6)
[2020-02-21T04:30:32.486+0000][1][gc,age       ] GC(109) Age table with threshold 6 (max threshold 6)
[2020-02-21T04:30:32.486+0000][1][gc,age       ] GC(109) - age   1:      11920 bytes,      11920 total
[2020-02-21T04:30:32.486+0000][1][gc,age       ] GC(109) - age   2:        408 bytes,      12328 total
[2020-02-21T04:30:32.486+0000][1][gc,age       ] GC(109) - age   3:        880 bytes,      13208 total
[2020-02-21T04:30:32.486+0000][1][gc,age       ] GC(109) - age   4:        392 bytes,      13600 total
[2020-02-21T04:30:32.486+0000][1][gc,age       ] GC(109) - age   5:       1848 bytes,      15448 total
[2020-02-21T04:30:32.486+0000][1][gc,age       ] GC(109) - age   6:         72 bytes,      15520 total
[2020-02-21T04:30:32.486+0000][1][gc,heap      ] GC(109) ParNew: 68179K->29K(76672K)
[2020-02-21T04:30:32.486+0000][1][gc,heap      ] GC(109) CMS: 62610K->62611K(963392K)
[2020-02-21T04:30:32.486+0000][1][gc,metaspace ] GC(109) Metaspace: 80137K->80137K(1124352K)
[2020-02-21T04:30:32.486+0000][1][gc           ] GC(109) Pause Young (Allocation Failure) 127M->61M(1015M) 11.287ms
[2020-02-21T04:30:32.487+0000][1][gc,cpu       ] GC(109) User=0.01s Sys=0.00s Real=0.02s
[2020-02-21T04:30:32.487+0000][1][safepoint    ] Safepoint "GenCollectForAllocation", Time since last: 1474001544 ns, Reaching safepoint: 73943 ns, At safepoint: 11344797 ns, Total: 11418740 ns
[2020-02-21T04:30:33.509+0000][1][safepoint    ] Safepoint "RevokeBias", Time since last: 1022228293 ns, Reaching safepoint: 90171 ns, At safepoint: 79047 ns, Total: 169218 ns
[2020-02-21T04:30:36.013+0000][1][safepoint    ] Safepoint "RevokeBias", Time since last: 2503555316 ns, Reaching safepoint: 54667 ns, At safepoint: 16348 ns, Total: 71015 ns
[2020-02-21T04:30:38.518+0000][1][safepoint    ] Safepoint "RevokeBias", Time since last: 2505080706 ns, Reaching safepoint: 70160 ns, At safepoint: 16803 ns, Total: 86963 ns
[2020-02-21T04:30:41.021+0000][1][safepoint    ] Safepoint "RevokeBias", Time since last: 2503193578 ns, Reaching safepoint: 71324 ns, At safepoint: 18222 ns, Total: 89546 ns
[2020-02-21T04:30:43.524+0000][1][safepoint    ] Safepoint "RevokeBias", Time since last: 2503035723 ns, Reaching safepoint: 75951 ns, At safepoint: 19279 ns, Total: 95230 ns
[2020-02-21T04:30:46.028+0000][1][safepoint    ] Safepoint "RevokeBias", Time since last: 2503446754 ns, Reaching safepoint: 74767 ns, At safepoint: 18118 ns, Total: 92885 ns
[2020-02-21T04:30:48.539+0000][1][safepoint    ] Safepoint "RevokeBias", Time since last: 2511662634 ns, Reaching safepoint: 105801 ns, At safepoint: 27169 ns, Total: 132970 ns
[2020-02-21T04:30:51.047+0000][1][safepoint    ] Safepoint "RevokeBias", Time since last: 2506864567 ns, Reaching safepoint: 69710 ns, At safepoint: 114171 ns, Total: 183881 ns
[2020-02-21T04:30:53.552+0000][1][safepoint    ] Safepoint "RevokeBias", Time since last: 2505831021 ns, Reaching safepoint: 73087 ns, At safepoint: 17507 ns, Total: 90594 ns
[2020-02-21T04:30:56.056+0000][1][safepoint    ] Safepoint "RevokeBias", Time since last: 2503040067 ns, Reaching safepoint: 124205 ns, At safepoint: 19951 ns, Total: 144156 ns
[2020-02-21T04:30:58.558+0000][1][safepoint    ] Safepoint "RevokeBias", Time since last: 2502326320 ns, Reaching safepoint: 121648 ns, At safepoint: 21617 ns, Total: 143265 ns
[2020-02-21T04:31:01.063+0000][1][safepoint    ] Safepoint "BulkRevokeBias", Time since last: 2503988447 ns, Reaching safepoint: 111457 ns, At safepoint: 446526 ns, Total: 557983 ns
[2020-02-21T04:31:03.574+0000][1][safepoint    ] Safepoint "RevokeBias", Time since last: 2511358643 ns, Reaching safepoint: 77597 ns, At safepoint: 18339 ns, Total: 95936 ns
[2020-02-21T04:31:06.089+0000][1][safepoint    ] Safepoint "RevokeBias", Time since last: 2515076877 ns, Reaching safepoint: 72074 ns, At safepoint: 17629 ns, Total: 89703 ns
[2020-02-21T04:31:08.597+0000][1][safepoint    ] Safepoint "RevokeBias", Time since last: 2507153571 ns, Reaching safepoint: 80247 ns, At safepoint: 19401 ns, Total: 99648 ns
[2020-02-21T04:31:11.101+0000][1][safepoint    ] Safepoint "RevokeBias", Time since last: 2503962523 ns, Reaching safepoint: 133500 ns, At safepoint: 20095 ns, Total: 153595 ns
[2020-02-21T04:31:13.108+0000][1][safepoint    ] Safepoint "Cleanup", Time since last: 2007730321 ns, Reaching safepoint: 87200 ns, At safepoint: 7884 ns, Total: 95084 ns
[2020-02-21T04:31:13.605+0000][1][safepoint    ] Safepoint "RevokeBias", Time since last: 496349220 ns, Reaching safepoint: 171285 ns, At safepoint: 52805 ns, Total: 224090 ns
[2020-02-21T04:31:16.111+0000][1][safepoint    ] Safepoint "RevokeBias", Time since last: 2505831286 ns, Reaching safepoint: 68915 ns, At safepoint: 16423 ns, Total: 85338 ns
[2020-02-21T04:31:18.633+0000][1][safepoint    ] Safepoint "RevokeBias", Time since last: 2521486603 ns, Reaching safepoint: 108775 ns, At safepoint: 27658 ns, Total: 136433 ns
[2020-02-21T04:31:21.141+0000][1][safepoint    ] Safepoint "RevokeBias", Time since last: 2508844909 ns, Reaching safepoint: 65269 ns, At safepoint: 18424 ns, Total: 83693 ns
[2020-02-21T04:31:23.649+0000][1][safepoint    ] Safepoint "RevokeBias", Time since last: 2506813937 ns, Reaching safepoint: 158988 ns, At safepoint: 27342 ns, Total: 186330 ns
[2020-02-21T04:31:26.151+0000][1][safepoint    ] Safepoint "RevokeBias", Time since last: 2502901797 ns, Reaching safepoint: 52729 ns, At safepoint: 16751 ns, Total: 69480 ns
[2020-02-21T04:31:28.654+0000][1][safepoint    ] Safepoint "RevokeBias", Time since last: 2502795331 ns, Reaching safepoint: 129513 ns, At safepoint: 25876 ns, Total: 155389 ns
[2020-02-21T04:31:31.158+0000][1][safepoint    ] Safepoint "RevokeBias", Time since last: 2503541579 ns, Reaching safepoint: 69951 ns, At safepoint: 17197 ns, Total: 87148 ns
[2020-02-21T04:31:33.663+0000][1][safepoint    ] Safepoint "RevokeBias", Time since last: 2504724663 ns, Reaching safepoint: 69403 ns, At safepoint: 17539 ns, Total: 86942 ns
[2020-02-21T04:31:36.180+0000][1][safepoint    ] Safepoint "RevokeBias", Time since last: 2517173154 ns, Reaching safepoint: 108951 ns, At safepoint: 39637 ns, Total: 148588 ns
[2020-02-21T04:31:38.697+0000][1][safepoint    ] Safepoint "RevokeBias", Time since last: 2516230848 ns, Reaching safepoint: 146067 ns, At safepoint: 22186 ns, Total: 168253 ns
[2020-02-21T04:31:41.201+0000][1][safepoint    ] Safepoint "RevokeBias", Time since last: 2504733902 ns, Reaching safepoint: 77585 ns, At safepoint: 19366 ns, Total: 96951 ns
[2020-02-21T04:31:43.704+0000][1][safepoint    ] Safepoint "RevokeBias", Time since last: 2502751208 ns, Reaching safepoint: 131258 ns, At safepoint: 18044 ns, Total: 149302 ns
[2020-02-21T04:31:46.209+0000][1][safepoint    ] Safepoint "RevokeBias", Time since last: 2504110936 ns, Reaching safepoint: 102612 ns, At safepoint: 26162 ns, Total: 128774 ns
[2020-02-21T04:31:48.714+0000][1][safepoint    ] Safepoint "RevokeBias", Time since last: 2505663870 ns, Reaching safepoint: 82750 ns, At safepoint: 20371 ns, Total: 103121 ns
[2020-02-21T04:31:51.217+0000][1][safepoint    ] Safepoint "RevokeBias", Time since last: 2502130754 ns, Reaching safepoint: 54520 ns, At safepoint: 16680 ns, Total: 71200 ns
[2020-02-21T04:31:53.735+0000][1][safepoint    ] Safepoint "RevokeBias", Time since last: 2518186314 ns, Reaching safepoint: 75600 ns, At safepoint: 18297 ns, Total: 93897 ns
[2020-02-21T04:31:56.242+0000][1][safepoint    ] Safepoint "RevokeBias", Time since last: 2507075166 ns, Reaching safepoint: 70559 ns, At safepoint: 16698 ns, Total: 87257 ns
[2020-02-21T04:31:58.745+0000][1][safepoint    ] Safepoint "RevokeBias", Time since last: 2503095267 ns, Reaching safepoint: 89926 ns, At safepoint: 22129 ns, Total: 112055 ns
[2020-02-21T04:32:01.248+0000][1][safepoint    ] Safepoint "RevokeBias", Time since last: 2502974766 ns, Reaching safepoint: 157966 ns, At safepoint: 32169 ns, Total: 190135 ns
[2020-02-21T04:32:03.755+0000][1][safepoint    ] Safepoint "RevokeBias", Time since last: 2506719250 ns, Reaching safepoint: 96679 ns, At safepoint: 40954 ns, Total: 137633 ns
[2020-02-21T04:32:06.267+0000][1][safepoint    ] Safepoint "RevokeBias", Time since last: 2512032274 ns, Reaching safepoint: 75797 ns, At safepoint: 18267 ns, Total: 94064 ns
[2020-02-21T04:32:08.783+0000][1][safepoint    ] Safepoint "RevokeBias", Time since last: 2515214746 ns, Reaching safepoint: 73960 ns, At safepoint: 18650 ns, Total: 92610 ns
[2020-02-21T04:32:11.286+0000][1][safepoint    ] Safepoint "RevokeBias", Time since last: 2502905688 ns, Reaching safepoint: 72762 ns, At safepoint: 17180 ns, Total: 89942 ns
[2020-02-21T04:32:13.788+0000][1][safepoint    ] Safepoint "BulkRevokeBias", Time since last: 2502045020 ns, Reaching safepoint: 72764 ns, At safepoint: 233169 ns, Total: 305933 ns
[2020-02-21T04:32:16.292+0000][1][safepoint    ] Safepoint "RevokeBias", Time since last: 2503942747 ns, Reaching safepoint: 73483 ns, At safepoint: 17605 ns, Total: 91088 ns
[2020-02-21T04:32:18.798+0000][1][safepoint    ] Safepoint "RevokeBias", Time since last: 2506047984 ns, Reaching safepoint: 165968 ns, At safepoint: 27386 ns, Total: 193354 ns
[2020-02-21T04:32:21.302+0000][1][safepoint    ] Safepoint "RevokeBias", Time since last: 2503324960 ns, Reaching safepoint: 120657 ns, At safepoint: 28156 ns, Total: 148813 ns
[2020-02-21T04:32:23.813+0000][1][safepoint    ] Safepoint "RevokeBias", Time since last: 2511215903 ns, Reaching safepoint: 76154 ns, At safepoint: 17929 ns, Total: 94083 ns
[2020-02-21T04:32:26.326+0000][1][safepoint    ] Safepoint "RevokeBias", Time since last: 2513254134 ns, Reaching safepoint: 153145 ns, At safepoint: 19994 ns, Total: 173139 ns
[2020-02-21T04:32:28.830+0000][1][safepoint    ] Safepoint "RevokeBias", Time since last: 2503293241 ns, Reaching safepoint: 89308 ns, At safepoint: 19987 ns, Total: 109295 ns
[2020-02-21T04:32:31.334+0000][1][safepoint    ] Safepoint "RevokeBias", Time since last: 2504135727 ns, Reaching safepoint: 87469 ns, At safepoint: 21695 ns, Total: 109164 ns
[2020-02-21T04:32:33.841+0000][1][safepoint    ] Safepoint "RevokeBias", Time since last: 2506651912 ns, Reaching safepoint: 91817 ns, At safepoint: 90901 ns, Total: 182718 ns
[2020-02-21T04:32:36.352+0000][1][safepoint    ] Safepoint "RevokeBias", Time since last: 2510722921 ns, Reaching safepoint: 181917 ns, At safepoint: 20336 ns, Total: 202253 ns
[2020-02-21T04:32:38.861+0000][1][safepoint    ] Safepoint "RevokeBias", Time since last: 2509170503 ns, Reaching safepoint: 72548 ns, At safepoint: 17302 ns, Total: 89850 ns
[2020-02-21T04:32:41.365+0000][1][safepoint    ] Safepoint "RevokeBias", Time since last: 2504095690 ns, Reaching safepoint: 87876 ns, At safepoint: 20976 ns, Total: 108852 ns
[2020-02-21T04:32:43.371+0000][1][safepoint    ] Safepoint "Cleanup", Time since last: 2005435344 ns, Reaching safepoint: 83944 ns, At safepoint: 8105 ns, Total: 92049 ns
[2020-02-21T04:32:43.869+0000][1][safepoint    ] Safepoint "RevokeBias", Time since last: 498105198 ns, Reaching safepoint: 54767 ns, At safepoint: 15996 ns, Total: 70763 ns
[2020-02-21T04:32:46.373+0000][1][safepoint    ] Safepoint "RevokeBias", Time since last: 2503544006 ns, Reaching safepoint: 71429 ns, At safepoint: 16683 ns, Total: 88112 ns
[2020-02-21T04:32:48.879+0000][1][safepoint    ] Safepoint "RevokeBias", Time since last: 2506133046 ns, Reaching safepoint: 72619 ns, At safepoint: 17838 ns, Total: 90457 ns
[2020-02-21T04:32:51.383+0000][1][safepoint    ] Safepoint "RevokeBias", Time since last: 2503544845 ns, Reaching safepoint: 75171 ns, At safepoint: 19031 ns, Total: 94202 ns
[2020-02-21T04:32:52.632+0000][1][gc,start     ] GC(110) Pause Young (Allocation Failure)
[2020-02-21T04:32:52.632+0000][1][gc,task      ] GC(110) Using 1 workers of 1 for evacuation
[2020-02-21T04:32:52.644+0000][1][gc,age       ] GC(110) Desired survivor size 4358144 bytes, new threshold 6 (max threshold 6)
[2020-02-21T04:32:52.645+0000][1][gc,age       ] GC(110) Age table with threshold 6 (max threshold 6)
[2020-02-21T04:32:52.645+0000][1][gc,age       ] GC(110) - age   1:      12336 bytes,      12336 total
[2020-02-21T04:32:52.645+0000][1][gc,age       ] GC(110) - age   2:         64 bytes,      12400 total
[2020-02-21T04:32:52.645+0000][1][gc,age       ] GC(110) - age   3:        408 bytes,      12808 total
[2020-02-21T04:32:52.645+0000][1][gc,age       ] GC(110) - age   4:        880 bytes,      13688 total
[2020-02-21T04:32:52.645+0000][1][gc,age       ] GC(110) - age   5:        392 bytes,      14080 total
[2020-02-21T04:32:52.645+0000][1][gc,age       ] GC(110) - age   6:       1848 bytes,      15928 total
[2020-02-21T04:32:52.645+0000][1][gc,heap      ] GC(110) ParNew: 68189K->18K(76672K)
[2020-02-21T04:32:52.645+0000][1][gc,heap      ] GC(110) CMS: 62611K->62611K(963392K)
[2020-02-21T04:32:52.645+0000][1][gc,metaspace ] GC(110) Metaspace: 80153K->80153K(1124352K)
[2020-02-21T04:32:52.645+0000][1][gc           ] GC(110) Pause Young (Allocation Failure) 127M->61M(1015M) 12.701ms
[2020-02-21T04:32:52.645+0000][1][gc,cpu       ] GC(110) User=0.02s Sys=0.00s Real=0.01s
[2020-02-21T04:32:52.645+0000][1][safepoint    ] Safepoint "GenCollectForAllocation", Time since last: 1249312566 ns, Reaching safepoint: 72568 ns, At safepoint: 12753702 ns, Total: 12826270 ns
[2020-02-21T04:32:53.903+0000][1][safepoint    ] Safepoint "RevokeBias", Time since last: 1258222009 ns, Reaching safepoint: 114230 ns, At safepoint: 20938 ns, Total: 135168 ns
[2020-02-21T04:32:56.416+0000][1][safepoint    ] Safepoint "RevokeBias", Time since last: 2512614276 ns, Reaching safepoint: 57381 ns, At safepoint: 15908 ns, Total: 73289 ns
[2020-02-21T04:32:58.920+0000][1][safepoint    ] Safepoint "RevokeBias", Time since last: 2504091718 ns, Reaching safepoint: 133577 ns, At safepoint: 33813 ns, Total: 167390 ns
[2020-02-21T04:33:01.430+0000][1][safepoint    ] Safepoint "RevokeBias", Time since last: 2509453565 ns, Reaching safepoint: 143783 ns, At safepoint: 20291 ns, Total: 164074 ns
[2020-02-21T04:33:02.595+0000][1][safepoint    ] Safepoint "Cleanup", Time since last: 1164826034 ns, Reaching safepoint: 83574 ns, At safepoint: 7140 ns, Total: 90714 ns
[2020-02-21T04:33:03.937+0000][1][safepoint    ] Safepoint "RevokeBias", Time since last: 1342207544 ns, Reaching safepoint: 153401 ns, At safepoint: 31733 ns, Total: 185134 ns
[2020-02-21T04:33:06.440+0000][1][safepoint    ] Safepoint "RevokeBias", Time since last: 2502518044 ns, Reaching safepoint: 69665 ns, At safepoint: 17233 ns, Total: 86898 ns
[2020-02-21T04:33:08.945+0000][1][safepoint    ] Safepoint "RevokeBias", Time since last: 2505618066 ns, Reaching safepoint: 71012 ns, At safepoint: 18436 ns, Total: 89448 ns
[2020-02-21T04:33:11.463+0000][1][safepoint    ] Safepoint "RevokeBias", Time since last: 2517484679 ns, Reaching safepoint: 95272 ns, At safepoint: 18201 ns, Total: 113473 ns
[2020-02-21T04:33:13.972+0000][1][safepoint    ] Safepoint "RevokeBias", Time since last: 2508819971 ns, Reaching safepoint: 69784 ns, At safepoint: 16969 ns, Total: 86753 ns
[2020-02-21T04:33:16.476+0000][1][safepoint    ] Safepoint "RevokeBias", Time since last: 2504433901 ns, Reaching safepoint: 84478 ns, At safepoint: 18160 ns, Total: 102638 ns
[2020-02-21T04:33:18.980+0000][1][safepoint    ] Safepoint "RevokeBias", Time since last: 2503294414 ns, Reaching safepoint: 154713 ns, At safepoint: 21118 ns, Total: 175831 ns
[2020-02-21T04:33:21.482+0000][1][safepoint    ] Safepoint "RevokeBias", Time since last: 2502373024 ns, Reaching safepoint: 92170 ns, At safepoint: 20598 ns, Total: 112768 ns
[2020-02-21T04:33:23.996+0000][1][safepoint    ] Safepoint "RevokeBias", Time since last: 2513768187 ns, Reaching safepoint: 53905 ns, At safepoint: 105675 ns, Total: 159580 ns
[2020-02-21T04:33:26.506+0000][1][safepoint    ] Safepoint "BulkRevokeBias", Time since last: 2509108773 ns, Reaching safepoint: 117866 ns, At safepoint: 198322 ns, Total: 316188 ns
[2020-02-21T04:33:29.009+0000][1][safepoint    ] Safepoint "RevokeBias", Time since last: 2503726496 ns, Reaching safepoint: 88899 ns, At safepoint: 21018 ns, Total: 109917 ns
[2020-02-21T04:33:31.513+0000][1][safepoint    ] Safepoint "RevokeBias", Time since last: 2503715794 ns, Reaching safepoint: 88564 ns, At safepoint: 20958 ns, Total: 109522 ns
[2020-02-21T04:33:34.017+0000][1][safepoint    ] Safepoint "RevokeBias", Time since last: 2503885275 ns, Reaching safepoint: 169662 ns, At safepoint: 19901 ns, Total: 189563 ns
[2020-02-21T04:33:36.521+0000][1][safepoint    ] Safepoint "RevokeBias", Time since last: 2503923799 ns, Reaching safepoint: 75775 ns, At safepoint: 18675 ns, Total: 94450 ns
[2020-02-21T04:33:39.027+0000][1][safepoint    ] Safepoint "RevokeBias", Time since last: 2505945796 ns, Reaching safepoint: 76326 ns, At safepoint: 19469 ns, Total: 95795 ns
[2020-02-21T04:33:41.548+0000][1][safepoint    ] Safepoint "RevokeBias", Time since last: 2520544111 ns, Reaching safepoint: 108260 ns, At safepoint: 28291 ns, Total: 136551 ns
[2020-02-21T04:33:44.059+0000][1][safepoint    ] Safepoint "RevokeBias", Time since last: 2511296436 ns, Reaching safepoint: 70709 ns, At safepoint: 17313 ns, Total: 88022 ns
[2020-02-21T04:33:46.563+0000][1][safepoint    ] Safepoint "RevokeBias", Time since last: 2503056233 ns, Reaching safepoint: 71710 ns, At safepoint: 17399 ns, Total: 89109 ns
[2020-02-21T04:33:49.068+0000][1][safepoint    ] Safepoint "RevokeBias", Time since last: 2505538988 ns, Reaching safepoint: 86128 ns, At safepoint: 17349 ns, Total: 103477 ns
[2020-02-21T04:33:51.571+0000][1][safepoint    ] Safepoint "RevokeBias", Time since last: 2502359393 ns, Reaching safepoint: 56296 ns, At safepoint: 16799 ns, Total: 73095 ns
[2020-02-21T04:33:54.084+0000][1][safepoint    ] Safepoint "RevokeBias", Time since last: 2512870525 ns, Reaching safepoint: 135258 ns, At safepoint: 53842 ns, Total: 189100 ns
[2020-02-21T04:33:56.594+0000][1][safepoint    ] Safepoint "RevokeBias", Time since last: 2509973599 ns, Reaching safepoint: 72401 ns, At safepoint: 17482 ns, Total: 89883 ns
[2020-02-21T04:33:59.097+0000][1][safepoint    ] Safepoint "RevokeBias", Time since last: 2502930173 ns, Reaching safepoint: 88741 ns, At safepoint: 21755 ns, Total: 110496 ns
[2020-02-21T04:34:01.601+0000][1][safepoint    ] Safepoint "RevokeBias", Time since last: 2503546637 ns, Reaching safepoint: 143398 ns, At safepoint: 22674 ns, Total: 166072 ns
[2020-02-21T04:34:02.601+0000][1][safepoint    ] Safepoint "Cleanup", Time since last: 1000413784 ns, Reaching safepoint: 85604 ns, At safepoint: 8287 ns, Total: 93891 ns
[2020-02-21T04:34:04.106+0000][1][safepoint    ] Safepoint "RevokeBias", Time since last: 1504684970 ns, Reaching safepoint: 90970 ns, At safepoint: 17812 ns, Total: 108782 ns
[2020-02-21T04:34:06.608+0000][1][safepoint    ] Safepoint "RevokeBias", Time since last: 2502561699 ns, Reaching safepoint: 71849 ns, At safepoint: 16847 ns, Total: 88696 ns
[2020-02-21T04:34:09.114+0000][1][safepoint    ] Safepoint "RevokeBias", Time since last: 2505632230 ns, Reaching safepoint: 70409 ns, At safepoint: 17901 ns, Total: 88310 ns
[2020-02-21T04:34:11.621+0000][1][safepoint    ] Safepoint "RevokeBias", Time since last: 2506531086 ns, Reaching safepoint: 71936 ns, At safepoint: 17336 ns, Total: 89272 ns
[2020-02-21T04:34:14.127+0000][1][safepoint    ] Safepoint "RevokeBias", Time since last: 2506366678 ns, Reaching safepoint: 69230 ns, At safepoint: 16921 ns, Total: 86151 ns
[2020-02-21T04:34:16.630+0000][1][safepoint    ] Safepoint "RevokeBias", Time since last: 2503141682 ns, Reaching safepoint: 53771 ns, At safepoint: 16194 ns, Total: 69965 ns
[2020-02-21T04:34:19.135+0000][1][safepoint    ] Safepoint "RevokeBias", Time since last: 2504171487 ns, Reaching safepoint: 72758 ns, At safepoint: 19006 ns, Total: 91764 ns
[2020-02-21T04:34:21.637+0000][1][safepoint    ] Safepoint "RevokeBias", Time since last: 2502349235 ns, Reaching safepoint: 151276 ns, At safepoint: 39269 ns, Total: 190545 ns
[2020-02-21T04:34:24.143+0000][1][safepoint    ] Safepoint "RevokeBias", Time since last: 2506004095 ns, Reaching safepoint: 82251 ns, At safepoint: 20074 ns, Total: 102325 ns
[2020-02-21T04:34:26.648+0000][1][safepoint    ] Safepoint "RevokeBias", Time since last: 2504209999 ns, Reaching safepoint: 68793 ns, At safepoint: 17595 ns, Total: 86388 ns
[2020-02-21T04:34:29.163+0000][1][safepoint    ] Safepoint "RevokeBias", Time since last: 2515269136 ns, Reaching safepoint: 237591 ns, At safepoint: 45994 ns, Total: 283585 ns
[2020-02-21T04:34:31.674+0000][1][safepoint    ] Safepoint "RevokeBias", Time since last: 2510945402 ns, Reaching safepoint: 69556 ns, At safepoint: 16072 ns, Total: 85628 ns
[2020-02-21T04:34:34.181+0000][1][safepoint    ] Safepoint "RevokeBias", Time since last: 2506393166 ns, Reaching safepoint: 69739 ns, At safepoint: 17118 ns, Total: 86857 ns
[2020-02-21T04:34:36.683+0000][1][safepoint    ] Safepoint "RevokeBias", Time since last: 2502080189 ns, Reaching safepoint: 73577 ns, At safepoint: 18479 ns, Total: 92056 ns
[2020-02-21T04:34:39.189+0000][1][safepoint    ] Safepoint "BulkRevokeBias", Time since last: 2505790206 ns, Reaching safepoint: 88739 ns, At safepoint: 326071 ns, Total: 414810 ns
[2020-02-21T04:34:41.709+0000][1][safepoint    ] Safepoint "RevokeBias", Time since last: 2519317383 ns, Reaching safepoint: 88298 ns, At safepoint: 23428 ns, Total: 111726 ns
[2020-02-21T04:34:42.709+0000][1][safepoint    ] Safepoint "Cleanup", Time since last: 1000183848 ns, Reaching safepoint: 86613 ns, At safepoint: 7332 ns, Total: 93945 ns
[2020-02-21T04:34:44.219+0000][1][safepoint    ] Safepoint "RevokeBias", Time since last: 1510536527 ns, Reaching safepoint: 73190 ns, At safepoint: 17634 ns, Total: 90824 ns
[2020-02-21T04:34:46.723+0000][1][safepoint    ] Safepoint "RevokeBias", Time since last: 2503723556 ns, Reaching safepoint: 69345 ns, At safepoint: 17972 ns, Total: 87317 ns
[2020-02-21T04:34:49.228+0000][1][safepoint    ] Safepoint "RevokeBias", Time since last: 2504530200 ns, Reaching safepoint: 99402 ns, At safepoint: 19880 ns, Total: 119282 ns
[2020-02-21T04:34:51.731+0000][1][safepoint    ] Safepoint "RevokeBias", Time since last: 2502949004 ns, Reaching safepoint: 69398 ns, At safepoint: 17333 ns, Total: 86731 ns
[2020-02-21T04:34:54.237+0000][1][safepoint    ] Safepoint "RevokeBias", Time since last: 2506068850 ns, Reaching safepoint: 69058 ns, At safepoint: 17160 ns, Total: 86218 ns
[2020-02-21T04:34:56.741+0000][1][safepoint    ] Safepoint "RevokeBias", Time since last: 2503689418 ns, Reaching safepoint: 94162 ns, At safepoint: 21606 ns, Total: 115768 ns
[2020-02-21T04:34:59.251+0000][1][safepoint    ] Safepoint "RevokeBias", Time since last: 2509992429 ns, Reaching safepoint: 67835 ns, At safepoint: 17452 ns, Total: 85287 ns
[2020-02-21T04:35:01.777+0000][1][safepoint    ] Safepoint "RevokeBias", Time since last: 2524854470 ns, Reaching safepoint: 1242904 ns, At safepoint: 22209 ns, Total: 1265113 ns
[2020-02-21T04:35:04.283+0000][1][safepoint    ] Safepoint "RevokeBias", Time since last: 2505841217 ns, Reaching safepoint: 73518 ns, At safepoint: 18644 ns, Total: 92162 ns
[2020-02-21T04:35:06.786+0000][1][safepoint    ] Safepoint "RevokeBias", Time since last: 2502994582 ns, Reaching safepoint: 82104 ns, At safepoint: 19979 ns, Total: 102083 ns
[2020-02-21T04:35:09.291+0000][1][safepoint    ] Safepoint "RevokeBias", Time since last: 2504772573 ns, Reaching safepoint: 72496 ns, At safepoint: 17314 ns, Total: 89810 ns
[2020-02-21T04:35:11.796+0000][1][safepoint    ] Safepoint "RevokeBias", Time since last: 2504397246 ns, Reaching safepoint: 86282 ns, At safepoint: 18227 ns, Total: 104509 ns
[2020-02-21T04:35:12.679+0000][1][gc,start     ] GC(111) Pause Young (Allocation Failure)
[2020-02-21T04:35:12.679+0000][1][gc,task      ] GC(111) Using 1 workers of 1 for evacuation
[2020-02-21T04:35:12.691+0000][1][gc,age       ] GC(111) Desired survivor size 4358144 bytes, new threshold 6 (max threshold 6)
[2020-02-21T04:35:12.691+0000][1][gc,age       ] GC(111) Age table with threshold 6 (max threshold 6)
[2020-02-21T04:35:12.691+0000][1][gc,age       ] GC(111) - age   1:      14072 bytes,      14072 total
[2020-02-21T04:35:12.691+0000][1][gc,age       ] GC(111) - age   2:        864 bytes,      14936 total
[2020-02-21T04:35:12.692+0000][1][gc,age       ] GC(111) - age   3:         64 bytes,      15000 total
[2020-02-21T04:35:12.692+0000][1][gc,age       ] GC(111) - age   4:        168 bytes,      15168 total
[2020-02-21T04:35:12.692+0000][1][gc,age       ] GC(111) - age   5:        744 bytes,      15912 total
[2020-02-21T04:35:12.692+0000][1][gc,age       ] GC(111) - age   6:        296 bytes,      16208 total
[2020-02-21T04:35:12.692+0000][1][gc,heap      ] GC(111) ParNew: 68178K->28K(76672K)
[2020-02-21T04:35:12.692+0000][1][gc,heap      ] GC(111) CMS: 62611K->62612K(963392K)
[2020-02-21T04:35:12.692+0000][1][gc,metaspace ] GC(111) Metaspace: 80225K->80225K(1124352K)
[2020-02-21T04:35:12.692+0000][1][gc           ] GC(111) Pause Young (Allocation Failure) 127M->61M(1015M) 12.228ms
[2020-02-21T04:35:12.692+0000][1][gc,cpu       ] GC(111) User=0.01s Sys=0.00s Real=0.01s
[2020-02-21T04:35:12.692+0000][1][safepoint    ] Safepoint "GenCollectForAllocation", Time since last: 883797955 ns, Reaching safepoint: 95417 ns, At safepoint: 12294719 ns, Total: 12390136 ns
[2020-02-21T04:35:13.692+0000][1][safepoint    ] Safepoint "Cleanup", Time since last: 1000099119 ns, Reaching safepoint: 86868 ns, At safepoint: 7539 ns, Total: 94407 ns
[2020-02-21T04:35:14.299+0000][1][safepoint    ] Safepoint "RevokeBias", Time since last: 606766373 ns, Reaching safepoint: 89606 ns, At safepoint: 18018 ns, Total: 107624 ns
[2020-02-21T04:35:16.814+0000][1][safepoint    ] Safepoint "RevokeBias", Time since last: 2515485589 ns, Reaching safepoint: 71254 ns, At safepoint: 17341 ns, Total: 88595 ns
[2020-02-21T04:35:19.325+0000][1][safepoint    ] Safepoint "RevokeBias", Time since last: 2510164285 ns, Reaching safepoint: 74131 ns, At safepoint: 17767 ns, Total: 91898 ns
[2020-02-21T04:35:21.828+0000][1][safepoint    ] Safepoint "RevokeBias", Time since last: 2503713647 ns, Reaching safepoint: 71980 ns, At safepoint: 19433 ns, Total: 91413 ns
[2020-02-21T04:35:24.333+0000][1][safepoint    ] Safepoint "RevokeBias", Time since last: 2504984402 ns, Reaching safepoint: 70509 ns, At safepoint: 17859 ns, Total: 88368 ns
[2020-02-21T04:35:26.838+0000][1][safepoint    ] Safepoint "RevokeBias", Time since last: 2504314046 ns, Reaching safepoint: 100701 ns, At safepoint: 23830 ns, Total: 124531 ns
[2020-02-21T04:35:29.342+0000][1][safepoint    ] Safepoint "RevokeBias", Time since last: 2504001135 ns, Reaching safepoint: 75195 ns, At safepoint: 18708 ns, Total: 93903 ns
[2020-02-21T04:35:31.869+0000][1][safepoint    ] Safepoint "RevokeBias", Time since last: 2526042990 ns, Reaching safepoint: 561924 ns, At safepoint: 58198 ns, Total: 620122 ns
[2020-02-21T04:35:32.870+0000][1][safepoint    ] Safepoint "Cleanup", Time since last: 1000864597 ns, Reaching safepoint: 85592 ns, At safepoint: 9017 ns, Total: 94609 ns
[2020-02-21T04:35:34.383+0000][1][safepoint    ] Safepoint "RevokeBias", Time since last: 1513090826 ns, Reaching safepoint: 74030 ns, At safepoint: 16492 ns, Total: 90522 ns
[2020-02-21T04:35:36.892+0000][1][safepoint    ] Safepoint "RevokeBias", Time since last: 2508644036 ns, Reaching safepoint: 71411 ns, At safepoint: 17625 ns, Total: 89036 ns
[2020-02-21T04:35:39.395+0000][1][safepoint    ] Safepoint "RevokeBias", Time since last: 2503149744 ns, Reaching safepoint: 76696 ns, At safepoint: 19832 ns, Total: 96528 ns
[2020-02-21T04:35:41.900+0000][1][safepoint    ] Safepoint "RevokeBias", Time since last: 2504719185 ns, Reaching safepoint: 69852 ns, At safepoint: 15306 ns, Total: 85158 ns
[2020-02-21T04:35:44.403+0000][1][safepoint    ] Safepoint "RevokeBias", Time since last: 2503693167 ns, Reaching safepoint: 70491 ns, At safepoint: 17445 ns, Total: 87936 ns
[2020-02-21T04:35:46.923+0000][1][safepoint    ] Safepoint "RevokeBias", Time since last: 2519517255 ns, Reaching safepoint: 126836 ns, At safepoint: 17950 ns, Total: 144786 ns
[2020-02-21T04:35:49.435+0000][1][safepoint    ] Safepoint "RevokeBias", Time since last: 2511608888 ns, Reaching safepoint: 69306 ns, At safepoint: 17604 ns, Total: 86910 ns
[2020-02-21T04:35:51.939+0000][1][safepoint    ] Safepoint "BulkRevokeBias", Time since last: 2504348419 ns, Reaching safepoint: 72251 ns, At safepoint: 314380 ns, Total: 386631 ns
[2020-02-21T04:35:54.446+0000][1][safepoint    ] Safepoint "RevokeBias", Time since last: 2506093945 ns, Reaching safepoint: 111727 ns, At safepoint: 27566 ns, Total: 139293 ns
[2020-02-21T04:35:56.949+0000][1][safepoint    ] Safepoint "RevokeBias", Time since last: 2502972346 ns, Reaching safepoint: 87818 ns, At safepoint: 21154 ns, Total: 108972 ns
[2020-02-21T04:35:59.451+0000][1][safepoint    ] Safepoint "RevokeBias", Time since last: 2502504212 ns, Reaching safepoint: 78327 ns, At safepoint: 18230 ns, Total: 96557 ns
[2020-02-21T04:36:01.956+0000][1][safepoint    ] Safepoint "RevokeBias", Time since last: 2504240092 ns, Reaching safepoint: 194100 ns, At safepoint: 35117 ns, Total: 229217 ns
[2020-02-21T04:36:04.468+0000][1][safepoint    ] Safepoint "RevokeBias", Time since last: 2511771731 ns, Reaching safepoint: 111793 ns, At safepoint: 28950 ns, Total: 140743 ns
[2020-02-21T04:36:06.982+0000][1][safepoint    ] Safepoint "RevokeBias", Time since last: 2514492567 ns, Reaching safepoint: 73491 ns, At safepoint: 19088 ns, Total: 92579 ns
[2020-02-21T04:36:09.488+0000][1][safepoint    ] Safepoint "RevokeBias", Time since last: 2505695734 ns, Reaching safepoint: 72561 ns, At safepoint: 17632 ns, Total: 90193 ns
[2020-02-21T04:36:11.992+0000][1][safepoint    ] Safepoint "RevokeBias", Time since last: 2503460322 ns, Reaching safepoint: 71302 ns, At safepoint: 16942 ns, Total: 88244 ns
[2020-02-21T04:36:14.496+0000][1][safepoint    ] Safepoint "RevokeBias", Time since last: 2503960701 ns, Reaching safepoint: 89260 ns, At safepoint: 23335 ns, Total: 112595 ns
[2020-02-21T04:36:17.000+0000][1][safepoint    ] Safepoint "RevokeBias", Time since last: 2503815517 ns, Reaching safepoint: 92957 ns, At safepoint: 26870 ns, Total: 119827 ns
[2020-02-21T04:36:19.505+0000][1][safepoint    ] Safepoint "RevokeBias", Time since last: 2504884709 ns, Reaching safepoint: 71896 ns, At safepoint: 17344 ns, Total: 89240 ns
[2020-02-21T04:36:22.017+0000][1][safepoint    ] Safepoint "RevokeBias", Time since last: 2511819071 ns, Reaching safepoint: 70967 ns, At safepoint: 16548 ns, Total: 87515 ns
[2020-02-21T04:36:24.530+0000][1][safepoint    ] Safepoint "RevokeBias", Time since last: 2513092221 ns, Reaching safepoint: 96314 ns, At safepoint: 19535 ns, Total: 115849 ns
[2020-02-21T04:36:27.033+0000][1][safepoint    ] Safepoint "RevokeBias", Time since last: 2502637058 ns, Reaching safepoint: 71417 ns, At safepoint: 17928 ns, Total: 89345 ns
[2020-02-21T04:36:29.536+0000][1][safepoint    ] Safepoint "RevokeBias", Time since last: 2502909137 ns, Reaching safepoint: 70880 ns, At safepoint: 17443 ns, Total: 88323 ns
[2020-02-21T04:36:32.041+0000][1][safepoint    ] Safepoint "RevokeBias", Time since last: 2505060121 ns, Reaching safepoint: 77543 ns, At safepoint: 20686 ns, Total: 98229 ns
[2020-02-21T04:36:34.544+0000][1][safepoint    ] Safepoint "RevokeBias", Time since last: 2503672361 ns, Reaching safepoint: 87270 ns, At safepoint: 18313 ns, Total: 105583 ns
[2020-02-21T04:36:37.047+0000][1][safepoint    ] Safepoint "RevokeBias", Time since last: 2502671639 ns, Reaching safepoint: 82928 ns, At safepoint: 20213 ns, Total: 103141 ns
[2020-02-21T04:36:39.563+0000][1][safepoint    ] Safepoint "RevokeBias", Time since last: 2515989131 ns, Reaching safepoint: 71295 ns, At safepoint: 16610 ns, Total: 87905 ns
[2020-02-21T04:36:42.076+0000][1][safepoint    ] Safepoint "RevokeBias", Time since last: 2512411716 ns, Reaching safepoint: 86514 ns, At safepoint: 17148 ns, Total: 103662 ns
[2020-02-21T04:36:44.579+0000][1][safepoint    ] Safepoint "RevokeBias", Time since last: 2502996584 ns, Reaching safepoint: 72935 ns, At safepoint: 18986 ns, Total: 91921 ns
[2020-02-21T04:36:47.084+0000][1][safepoint    ] Safepoint "RevokeBias", Time since last: 2504843511 ns, Reaching safepoint: 125962 ns, At safepoint: 31882 ns, Total: 157844 ns
[2020-02-21T04:36:49.590+0000][1][safepoint    ] Safepoint "RevokeBias", Time since last: 2505519367 ns, Reaching safepoint: 197446 ns, At safepoint: 68872 ns, Total: 266318 ns
[2020-02-21T04:36:52.113+0000][1][safepoint    ] Safepoint "RevokeBias", Time since last: 2523699476 ns, Reaching safepoint: 70849 ns, At safepoint: 18318 ns, Total: 89167 ns
[2020-02-21T04:36:54.630+0000][1][safepoint    ] Safepoint "RevokeBias", Time since last: 2516195712 ns, Reaching safepoint: 116244 ns, At safepoint: 27627 ns, Total: 143871 ns
[2020-02-21T04:36:57.136+0000][1][safepoint    ] Safepoint "RevokeBias", Time since last: 2505636462 ns, Reaching safepoint: 73022 ns, At safepoint: 17054 ns, Total: 90076 ns
[2020-02-21T04:36:59.641+0000][1][safepoint    ] Safepoint "RevokeBias", Time since last: 2504973136 ns, Reaching safepoint: 71263 ns, At safepoint: 17991 ns, Total: 89254 ns
[2020-02-21T04:37:02.148+0000][1][safepoint    ] Safepoint "RevokeBias", Time since last: 2507681963 ns, Reaching safepoint: 133643 ns, At safepoint: 34827 ns, Total: 168470 ns
[2020-02-21T04:37:04.655+0000][1][safepoint    ] Safepoint "BulkRevokeBias", Time since last: 2506324390 ns, Reaching safepoint: 139569 ns, At safepoint: 202894 ns, Total: 342463 ns
[2020-02-21T04:37:07.158+0000][1][safepoint    ] Safepoint "RevokeBias", Time since last: 2503063313 ns, Reaching safepoint: 129050 ns, At safepoint: 18426 ns, Total: 147476 ns
[2020-02-21T04:37:09.669+0000][1][safepoint    ] Safepoint "RevokeBias", Time since last: 2510374496 ns, Reaching safepoint: 70135 ns, At safepoint: 17396 ns, Total: 87531 ns
[2020-02-21T04:37:12.178+0000][1][safepoint    ] Safepoint "RevokeBias", Time since last: 2508721759 ns, Reaching safepoint: 87058 ns, At safepoint: 19962 ns, Total: 107020 ns
[2020-02-21T04:37:14.680+0000][1][safepoint    ] Safepoint "RevokeBias", Time since last: 2502238430 ns, Reaching safepoint: 82674 ns, At safepoint: 20683 ns, Total: 103357 ns
[2020-02-21T04:37:17.186+0000][1][safepoint    ] Safepoint "RevokeBias", Time since last: 2505953236 ns, Reaching safepoint: 72758 ns, At safepoint: 16907 ns, Total: 89665 ns
[2020-02-21T04:37:19.692+0000][1][safepoint    ] Safepoint "RevokeBias", Time since last: 2505709477 ns, Reaching safepoint: 79763 ns, At safepoint: 20169 ns, Total: 99932 ns
[2020-02-21T04:37:22.195+0000][1][safepoint    ] Safepoint "RevokeBias", Time since last: 2503487499 ns, Reaching safepoint: 85901 ns, At safepoint: 21014 ns, Total: 106915 ns
[2020-02-21T04:37:24.702+0000][1][safepoint    ] Safepoint "RevokeBias", Time since last: 2506596228 ns, Reaching safepoint: 109529 ns, At safepoint: 26889 ns, Total: 136418 ns
[2020-02-21T04:37:27.221+0000][1][safepoint    ] Safepoint "RevokeBias", Time since last: 2518936370 ns, Reaching safepoint: 69086 ns, At safepoint: 17546 ns, Total: 86632 ns
[2020-02-21T04:37:29.730+0000][1][safepoint    ] Safepoint "RevokeBias", Time since last: 2508502595 ns, Reaching safepoint: 71133 ns, At safepoint: 17320 ns, Total: 88453 ns
[2020-02-21T04:37:32.234+0000][1][safepoint    ] Safepoint "RevokeBias", Time since last: 2504483247 ns, Reaching safepoint: 72297 ns, At safepoint: 17140 ns, Total: 89437 ns
[2020-02-21T04:37:32.813+0000][1][gc,start     ] GC(112) Pause Young (Allocation Failure)
[2020-02-21T04:37:32.813+0000][1][gc,task      ] GC(112) Using 1 workers of 1 for evacuation
[2020-02-21T04:37:32.822+0000][1][gc,age       ] GC(112) Desired survivor size 4358144 bytes, new threshold 6 (max threshold 6)
[2020-02-21T04:37:32.823+0000][1][gc,age       ] GC(112) Age table with threshold 6 (max threshold 6)
[2020-02-21T04:37:32.823+0000][1][gc,age       ] GC(112) - age   1:      13080 bytes,      13080 total
[2020-02-21T04:37:32.823+0000][1][gc,age       ] GC(112) - age   2:       1072 bytes,      14152 total
[2020-02-21T04:37:32.823+0000][1][gc,age       ] GC(112) - age   3:        864 bytes,      15016 total
[2020-02-21T04:37:32.823+0000][1][gc,age       ] GC(112) - age   4:         64 bytes,      15080 total
[2020-02-21T04:37:32.823+0000][1][gc,age       ] GC(112) - age   5:        168 bytes,      15248 total
[2020-02-21T04:37:32.823+0000][1][gc,age       ] GC(112) - age   6:        744 bytes,      15992 total
[2020-02-21T04:37:32.823+0000][1][gc,heap      ] GC(112) ParNew: 68188K->18K(76672K)
[2020-02-21T04:37:32.823+0000][1][gc,heap      ] GC(112) CMS: 62612K->62613K(963392K)
[2020-02-21T04:37:32.823+0000][1][gc,metaspace ] GC(112) Metaspace: 80255K->80255K(1124352K)
[2020-02-21T04:37:32.823+0000][1][gc           ] GC(112) Pause Young (Allocation Failure) 127M->61M(1015M) 10.001ms
[2020-02-21T04:37:32.823+0000][1][gc,cpu       ] GC(112) User=0.01s Sys=0.00s Real=0.01s
[2020-02-21T04:37:32.823+0000][1][safepoint    ] Safepoint "GenCollectForAllocation", Time since last: 578167544 ns, Reaching safepoint: 130089 ns, At safepoint: 10066400 ns, Total: 10196489 ns
[2020-02-21T04:37:35.420+0000][1][safepoint    ] Safepoint "RevokeBias", Time since last: 2597100344 ns, Reaching safepoint: 71216 ns, At safepoint: 16706 ns, Total: 87922 ns
[2020-02-21T04:37:37.927+0000][1][safepoint    ] Safepoint "RevokeBias", Time since last: 2506880136 ns, Reaching safepoint: 82675 ns, At safepoint: 21178 ns, Total: 103853 ns
[2020-02-21T04:37:40.432+0000][1][safepoint    ] Safepoint "RevokeBias", Time since last: 2505241043 ns, Reaching safepoint: 74862 ns, At safepoint: 18112 ns, Total: 92974 ns
[2020-02-21T04:37:42.938+0000][1][safepoint    ] Safepoint "RevokeBias", Time since last: 2505619026 ns, Reaching safepoint: 91281 ns, At safepoint: 20753 ns, Total: 112034 ns
[2020-02-21T04:37:45.444+0000][1][safepoint    ] Safepoint "RevokeBias", Time since last: 2505532360 ns, Reaching safepoint: 98991 ns, At safepoint: 23880 ns, Total: 122871 ns
[2020-02-21T04:37:47.952+0000][1][safepoint    ] Safepoint "RevokeBias", Time since last: 2508065652 ns, Reaching safepoint: 158366 ns, At safepoint: 26618 ns, Total: 184984 ns
[2020-02-21T04:37:50.458+0000][1][safepoint    ] Safepoint "RevokeBias", Time since last: 2506123701 ns, Reaching safepoint: 75932 ns, At safepoint: 18160 ns, Total: 94092 ns
[2020-02-21T04:37:52.975+0000][1][safepoint    ] Safepoint "RevokeBias", Time since last: 2517094857 ns, Reaching safepoint: 59442 ns, At safepoint: 33014 ns, Total: 92456 ns
[2020-02-21T04:37:55.492+0000][1][safepoint    ] Safepoint "RevokeBias", Time since last: 2516819854 ns, Reaching safepoint: 96213 ns, At safepoint: 50119 ns, Total: 146332 ns
[2020-02-21T04:37:57.996+0000][1][safepoint    ] Safepoint "RevokeBias", Time since last: 2503512581 ns, Reaching safepoint: 73595 ns, At safepoint: 17603 ns, Total: 91198 ns
[2020-02-21T04:38:00.500+0000][1][safepoint    ] Safepoint "RevokeBias", Time since last: 2503802132 ns, Reaching safepoint: 73099 ns, At safepoint: 17297 ns, Total: 90396 ns
[2020-02-21T04:38:03.004+0000][1][safepoint    ] Safepoint "RevokeBias", Time since last: 2504455322 ns, Reaching safepoint: 52692 ns, At safepoint: 15632 ns, Total: 68324 ns
[2020-02-21T04:38:05.514+0000][1][safepoint    ] Safepoint "RevokeBias", Time since last: 2509823063 ns, Reaching safepoint: 70187 ns, At safepoint: 17927 ns, Total: 88114 ns
[2020-02-21T04:38:08.020+0000][1][safepoint    ] Safepoint "RevokeBias", Time since last: 2506003145 ns, Reaching safepoint: 85622 ns, At safepoint: 18342 ns, Total: 103964 ns
[2020-02-21T04:38:10.526+0000][1][safepoint    ] Safepoint "RevokeBias", Time since last: 2505546418 ns, Reaching safepoint: 71241 ns, At safepoint: 17865 ns, Total: 89106 ns
[2020-02-21T04:38:13.030+0000][1][safepoint    ] Safepoint "RevokeBias", Time since last: 2503946296 ns, Reaching safepoint: 86532 ns, At safepoint: 20131 ns, Total: 106663 ns
[2020-02-21T04:38:15.534+0000][1][safepoint    ] Safepoint "RevokeBias", Time since last: 2503776162 ns, Reaching safepoint: 151444 ns, At safepoint: 21467 ns, Total: 172911 ns
[2020-02-21T04:38:18.041+0000][1][safepoint    ] Safepoint "BulkRevokeBias", Time since last: 2506710499 ns, Reaching safepoint: 74786 ns, At safepoint: 182951 ns, Total: 257737 ns
[2020-02-21T04:38:20.546+0000][1][safepoint    ] Safepoint "RevokeBias", Time since last: 2504700322 ns, Reaching safepoint: 76898 ns, At safepoint: 18180 ns, Total: 95078 ns
[2020-02-21T04:38:23.064+0000][1][safepoint    ] Safepoint "RevokeBias", Time since last: 2518147843 ns, Reaching safepoint: 57233 ns, At safepoint: 17278 ns, Total: 74511 ns
[2020-02-21T04:38:25.578+0000][1][safepoint    ] Safepoint "RevokeBias", Time since last: 2513547362 ns, Reaching safepoint: 76032 ns, At safepoint: 51950 ns, Total: 127982 ns
[2020-02-21T04:38:28.080+0000][1][safepoint    ] Safepoint "RevokeBias", Time since last: 2502534183 ns, Reaching safepoint: 83675 ns, At safepoint: 20640 ns, Total: 104315 ns
[2020-02-21T04:38:30.583+0000][1][safepoint    ] Safepoint "RevokeBias", Time since last: 2502872513 ns, Reaching safepoint: 70799 ns, At safepoint: 18008 ns, Total: 88807 ns
[2020-02-21T04:38:33.090+0000][1][safepoint    ] Safepoint "RevokeBias", Time since last: 2506683176 ns, Reaching safepoint: 154815 ns, At safepoint: 29567 ns, Total: 184382 ns
[2020-02-21T04:38:35.601+0000][1][safepoint    ] Safepoint "RevokeBias", Time since last: 2511280106 ns, Reaching safepoint: 125739 ns, At safepoint: 38605 ns, Total: 164344 ns
[2020-02-21T04:38:38.109+0000][1][safepoint    ] Safepoint "RevokeBias", Time since last: 2507134598 ns, Reaching safepoint: 73370 ns, At safepoint: 16976 ns, Total: 90346 ns
[2020-02-21T04:38:40.618+0000][1][safepoint    ] Safepoint "RevokeBias", Time since last: 2508749155 ns, Reaching safepoint: 71717 ns, At safepoint: 18652 ns, Total: 90369 ns
[2020-02-21T04:38:43.128+0000][1][safepoint    ] Safepoint "RevokeBias", Time since last: 2510589264 ns, Reaching safepoint: 106248 ns, At safepoint: 32241 ns, Total: 138489 ns
[2020-02-21T04:38:45.633+0000][1][safepoint    ] Safepoint "RevokeBias", Time since last: 2504698066 ns, Reaching safepoint: 76477 ns, At safepoint: 18475 ns, Total: 94952 ns
[2020-02-21T04:38:48.140+0000][1][safepoint    ] Safepoint "RevokeBias", Time since last: 2506625442 ns, Reaching safepoint: 70574 ns, At safepoint: 16706 ns, Total: 87280 ns
[2020-02-21T04:38:50.646+0000][1][safepoint    ] Safepoint "RevokeBias", Time since last: 2505871786 ns, Reaching safepoint: 55129 ns, At safepoint: 16312 ns, Total: 71441 ns
[2020-02-21T04:38:53.160+0000][1][safepoint    ] Safepoint "RevokeBias", Time since last: 2514322281 ns, Reaching safepoint: 70048 ns, At safepoint: 16956 ns, Total: 87004 ns
[2020-02-21T04:38:55.672+0000][1][safepoint    ] Safepoint "RevokeBias", Time since last: 2511932218 ns, Reaching safepoint: 73655 ns, At safepoint: 17966 ns, Total: 91621 ns
[2020-02-21T04:38:58.176+0000][1][safepoint    ] Safepoint "RevokeBias", Time since last: 2503744645 ns, Reaching safepoint: 72465 ns, At safepoint: 18558 ns, Total: 91023 ns
[2020-02-21T04:39:00.679+0000][1][safepoint    ] Safepoint "RevokeBias", Time since last: 2503093102 ns, Reaching safepoint: 71718 ns, At safepoint: 16863 ns, Total: 88581 ns
[2020-02-21T04:39:03.185+0000][1][safepoint    ] Safepoint "RevokeBias", Time since last: 2505360296 ns, Reaching safepoint: 142020 ns, At safepoint: 21343 ns, Total: 163363 ns
[2020-02-21T04:39:05.689+0000][1][safepoint    ] Safepoint "RevokeBias", Time since last: 2503808137 ns, Reaching safepoint: 73294 ns, At safepoint: 17978 ns, Total: 91272 ns
[2020-02-21T04:39:08.192+0000][1][safepoint    ] Safepoint "RevokeBias", Time since last: 2503365185 ns, Reaching safepoint: 89274 ns, At safepoint: 21279 ns, Total: 110553 ns
[2020-02-21T04:39:10.705+0000][1][safepoint    ] Safepoint "RevokeBias", Time since last: 2512953762 ns, Reaching safepoint: 186368 ns, At safepoint: 22667 ns, Total: 209035 ns
[2020-02-21T04:39:13.218+0000][1][safepoint    ] Safepoint "RevokeBias", Time since last: 2512405777 ns, Reaching safepoint: 70388 ns, At safepoint: 17428 ns, Total: 87816 ns
[2020-02-21T04:39:15.720+0000][1][safepoint    ] Safepoint "RevokeBias", Time since last: 2502447895 ns, Reaching safepoint: 75621 ns, At safepoint: 18479 ns, Total: 94100 ns
[2020-02-21T04:39:18.224+0000][1][safepoint    ] Safepoint "RevokeBias", Time since last: 2504113651 ns, Reaching safepoint: 71097 ns, At safepoint: 18302 ns, Total: 89399 ns
[2020-02-21T04:39:20.731+0000][1][safepoint    ] Safepoint "RevokeBias", Time since last: 2506135176 ns, Reaching safepoint: 74369 ns, At safepoint: 18156 ns, Total: 92525 ns
[2020-02-21T04:39:23.249+0000][1][safepoint    ] Safepoint "RevokeBias", Time since last: 2517730997 ns, Reaching safepoint: 92509 ns, At safepoint: 22799 ns, Total: 115308 ns
[2020-02-21T04:39:25.759+0000][1][safepoint    ] Safepoint "RevokeBias", Time since last: 2510735365 ns, Reaching safepoint: 74062 ns, At safepoint: 18143 ns, Total: 92205 ns
[2020-02-21T04:39:28.263+0000][1][safepoint    ] Safepoint "RevokeBias", Time since last: 2503898915 ns, Reaching safepoint: 72803 ns, At safepoint: 17499 ns, Total: 90302 ns
[2020-02-21T04:39:30.767+0000][1][safepoint    ] Safepoint "BulkRevokeBias", Time since last: 2503532714 ns, Reaching safepoint: 89163 ns, At safepoint: 219422 ns, Total: 308585 ns
[2020-02-21T04:39:33.272+0000][1][safepoint    ] Safepoint "RevokeBias", Time since last: 2505215232 ns, Reaching safepoint: 70358 ns, At safepoint: 18234 ns, Total: 88592 ns
[2020-02-21T04:39:35.779+0000][1][safepoint    ] Safepoint "RevokeBias", Time since last: 2506477371 ns, Reaching safepoint: 186342 ns, At safepoint: 24213 ns, Total: 210555 ns
[2020-02-21T04:39:38.713+0000][1][safepoint    ] Safepoint "RevokeBias", Time since last: 2932388614 ns, Reaching safepoint: 1493452 ns, At safepoint: 37802 ns, Total: 1531254 ns
[2020-02-21T04:39:41.223+0000][1][safepoint    ] Safepoint "RevokeBias", Time since last: 2509928127 ns, Reaching safepoint: 72070 ns, At safepoint: 17951 ns, Total: 90021 ns
[2020-02-21T04:39:43.728+0000][1][safepoint    ] Safepoint "RevokeBias", Time since last: 2504906148 ns, Reaching safepoint: 111024 ns, At safepoint: 50101 ns, Total: 161125 ns
[2020-02-21T04:39:46.237+0000][1][safepoint    ] Safepoint "RevokeBias", Time since last: 2508949323 ns, Reaching safepoint: 73528 ns, At safepoint: 17879 ns, Total: 91407 ns
[2020-02-21T04:39:48.750+0000][1][safepoint    ] Safepoint "RevokeBias", Time since last: 2512330094 ns, Reaching safepoint: 90591 ns, At safepoint: 21428 ns, Total: 112019 ns
[2020-02-21T04:39:51.255+0000][1][safepoint    ] Safepoint "RevokeBias", Time since last: 2504730886 ns, Reaching safepoint: 149982 ns, At safepoint: 23269 ns, Total: 173251 ns
[2020-02-21T04:39:53.730+0000][1][gc,start     ] GC(113) Pause Young (Allocation Failure)
[2020-02-21T04:39:53.730+0000][1][gc,task      ] GC(113) Using 1 workers of 1 for evacuation
[2020-02-21T04:39:53.743+0000][1][gc,age       ] GC(113) Desired survivor size 4358144 bytes, new threshold 6 (max threshold 6)
[2020-02-21T04:39:53.743+0000][1][gc,age       ] GC(113) Age table with threshold 6 (max threshold 6)
[2020-02-21T04:39:53.743+0000][1][gc,age       ] GC(113) - age   1:      11656 bytes,      11656 total
[2020-02-21T04:39:53.743+0000][1][gc,age       ] GC(113) - age   2:         96 bytes,      11752 total
[2020-02-21T04:39:53.743+0000][1][gc,age       ] GC(113) - age   3:       1072 bytes,      12824 total
[2020-02-21T04:39:53.743+0000][1][gc,age       ] GC(113) - age   4:        864 bytes,      13688 total
[2020-02-21T04:39:53.743+0000][1][gc,age       ] GC(113) - age   5:         64 bytes,      13752 total
[2020-02-21T04:39:53.743+0000][1][gc,age       ] GC(113) - age   6:        168 bytes,      13920 total
[2020-02-21T04:39:53.743+0000][1][gc,heap      ] GC(113) ParNew: 68178K->14K(76672K)
[2020-02-21T04:39:53.743+0000][1][gc,heap      ] GC(113) CMS: 62613K->62613K(963392K)
[2020-02-21T04:39:53.743+0000][1][gc,metaspace ] GC(113) Metaspace: 80255K->80255K(1124352K)
[2020-02-21T04:39:53.743+0000][1][gc           ] GC(113) Pause Young (Allocation Failure) 127M->61M(1015M) 13.371ms
[2020-02-21T04:39:53.743+0000][1][gc,cpu       ] GC(113) User=0.01s Sys=0.00s Real=0.01s
[2020-02-21T04:39:53.743+0000][1][safepoint    ] Safepoint "GenCollectForAllocation", Time since last: 2474966983 ns, Reaching safepoint: 73843 ns, At safepoint: 13429787 ns, Total: 13503630 ns
[2020-02-21T04:39:53.759+0000][1][safepoint    ] Safepoint "RevokeBias", Time since last: 16057586 ns, Reaching safepoint: 86113 ns, At safepoint: 17269 ns, Total: 103382 ns
[2020-02-21T04:39:56.265+0000][1][safepoint    ] Safepoint "RevokeBias", Time since last: 2505445388 ns, Reaching safepoint: 72802 ns, At safepoint: 17546 ns, Total: 90348 ns
[2020-02-21T04:39:58.774+0000][1][safepoint    ] Safepoint "RevokeBias", Time since last: 2509433429 ns, Reaching safepoint: 74370 ns, At safepoint: 18497 ns, Total: 92867 ns
[2020-02-21T04:40:01.287+0000][1][safepoint    ] Safepoint "RevokeBias", Time since last: 2512222550 ns, Reaching safepoint: 70441 ns, At safepoint: 17672 ns, Total: 88113 ns
[2020-02-21T04:40:03.797+0000][1][safepoint    ] Safepoint "RevokeBias", Time since last: 2509931513 ns, Reaching safepoint: 72008 ns, At safepoint: 17303 ns, Total: 89311 ns
[2020-02-21T04:40:06.303+0000][1][safepoint    ] Safepoint "RevokeBias", Time since last: 2506241418 ns, Reaching safepoint: 107425 ns, At safepoint: 32391 ns, Total: 139816 ns
[2020-02-21T04:40:08.808+0000][1][safepoint    ] Safepoint "RevokeBias", Time since last: 2504974911 ns, Reaching safepoint: 70405 ns, At safepoint: 18485 ns, Total: 88890 ns
[2020-02-21T04:40:11.314+0000][1][safepoint    ] Safepoint "RevokeBias", Time since last: 2506195991 ns, Reaching safepoint: 70864 ns, At safepoint: 16767 ns, Total: 87631 ns
[2020-02-21T04:40:13.827+0000][1][safepoint    ] Safepoint "RevokeBias", Time since last: 2512809474 ns, Reaching safepoint: 117169 ns, At safepoint: 30195 ns, Total: 147364 ns
[2020-02-21T04:40:16.340+0000][1][safepoint    ] Safepoint "RevokeBias", Time since last: 2513132008 ns, Reaching safepoint: 54974 ns, At safepoint: 15712 ns, Total: 70686 ns
[2020-02-21T04:40:18.849+0000][1][safepoint    ] Safepoint "RevokeBias", Time since last: 2507948295 ns, Reaching safepoint: 87577 ns, At safepoint: 20901 ns, Total: 108478 ns
[2020-02-21T04:40:21.352+0000][1][safepoint    ] Safepoint "RevokeBias", Time since last: 2503555897 ns, Reaching safepoint: 71303 ns, At safepoint: 16989 ns, Total: 88292 ns
[2020-02-21T04:40:23.855+0000][1][safepoint    ] Safepoint "RevokeBias", Time since last: 2502742224 ns, Reaching safepoint: 72609 ns, At safepoint: 17696 ns, Total: 90305 ns
[2020-02-21T04:40:26.360+0000][1][safepoint    ] Safepoint "RevokeBias", Time since last: 2505179656 ns, Reaching safepoint: 87403 ns, At safepoint: 18108 ns, Total: 105511 ns
[2020-02-21T04:40:28.873+0000][1][safepoint    ] Safepoint "RevokeBias", Time since last: 2512147865 ns, Reaching safepoint: 91613 ns, At safepoint: 22622 ns, Total: 114235 ns
[2020-02-21T04:40:31.380+0000][1][safepoint    ] Safepoint "RevokeBias", Time since last: 2507037507 ns, Reaching safepoint: 72554 ns, At safepoint: 81025 ns, Total: 153579 ns
[2020-02-21T04:40:33.887+0000][1][safepoint    ] Safepoint "RevokeBias", Time since last: 2507370444 ns, Reaching safepoint: 107881 ns, At safepoint: 52218 ns, Total: 160099 ns
[2020-02-21T04:40:36.391+0000][1][safepoint    ] Safepoint "RevokeBias", Time since last: 2503716220 ns, Reaching safepoint: 73637 ns, At safepoint: 26321 ns, Total: 99958 ns
[2020-02-21T04:40:38.895+0000][1][safepoint    ] Safepoint "RevokeBias", Time since last: 2503459225 ns, Reaching safepoint: 73456 ns, At safepoint: 17675 ns, Total: 91131 ns
[2020-02-21T04:40:41.400+0000][1][safepoint    ] Safepoint "RevokeBias", Time since last: 2504677458 ns, Reaching safepoint: 215846 ns, At safepoint: 31431 ns, Total: 247277 ns
[2020-02-21T04:40:43.906+0000][1][safepoint    ] Safepoint "BulkRevokeBias", Time since last: 2506315756 ns, Reaching safepoint: 72392 ns, At safepoint: 259082 ns, Total: 331474 ns
[2020-02-21T04:40:46.418+0000][1][safepoint    ] Safepoint "RevokeBias", Time since last: 2511551672 ns, Reaching safepoint: 83448 ns, At safepoint: 16922 ns, Total: 100370 ns
[2020-02-21T04:40:48.926+0000][1][safepoint    ] Safepoint "RevokeBias", Time since last: 2507825686 ns, Reaching safepoint: 88340 ns, At safepoint: 20531 ns, Total: 108871 ns
[2020-02-21T04:40:51.431+0000][1][safepoint    ] Safepoint "RevokeBias", Time since last: 2505518470 ns, Reaching safepoint: 132270 ns, At safepoint: 34896 ns, Total: 167166 ns
[2020-02-21T04:40:53.936+0000][1][safepoint    ] Safepoint "RevokeBias", Time since last: 2504719160 ns, Reaching safepoint: 73699 ns, At safepoint: 18456 ns, Total: 92155 ns
[2020-02-21T04:40:56.440+0000][1][safepoint    ] Safepoint "RevokeBias", Time since last: 2503433961 ns, Reaching safepoint: 207617 ns, At safepoint: 20254 ns, Total: 227871 ns
[2020-02-21T04:40:58.945+0000][1][safepoint    ] Safepoint "RevokeBias", Time since last: 2504508175 ns, Reaching safepoint: 70088 ns, At safepoint: 46006 ns, Total: 116094 ns
[2020-02-21T04:41:01.447+0000][1][safepoint    ] Safepoint "RevokeBias", Time since last: 2502775279 ns, Reaching safepoint: 77509 ns, At safepoint: 18673 ns, Total: 96182 ns
[2020-02-21T04:41:03.964+0000][1][safepoint    ] Safepoint "RevokeBias", Time since last: 2516502683 ns, Reaching safepoint: 173597 ns, At safepoint: 23471 ns, Total: 197068 ns
[2020-02-21T04:41:06.473+0000][1][safepoint    ] Safepoint "RevokeBias", Time since last: 2508373237 ns, Reaching safepoint: 142860 ns, At safepoint: 19201 ns, Total: 162061 ns
[2020-02-21T04:41:08.974+0000][1][safepoint    ] Safepoint "RevokeBias", Time since last: 2501481317 ns, Reaching safepoint: 89998 ns, At safepoint: 21482 ns, Total: 111480 ns
[2020-02-21T04:41:11.479+0000][1][safepoint    ] Safepoint "RevokeBias", Time since last: 2504315548 ns, Reaching safepoint: 70726 ns, At safepoint: 17829 ns, Total: 88555 ns
[2020-02-21T04:41:13.985+0000][1][safepoint    ] Safepoint "RevokeBias", Time since last: 2505954799 ns, Reaching safepoint: 90323 ns, At safepoint: 20197 ns, Total: 110520 ns
[2020-02-21T04:41:16.508+0000][1][safepoint    ] Safepoint "RevokeBias", Time since last: 2522983673 ns, Reaching safepoint: 53117 ns, At safepoint: 15878 ns, Total: 68995 ns
[2020-02-21T04:41:19.023+0000][1][safepoint    ] Safepoint "RevokeBias", Time since last: 2515590240 ns, Reaching safepoint: 73198 ns, At safepoint: 18304 ns, Total: 91502 ns
[2020-02-21T04:41:21.528+0000][1][safepoint    ] Safepoint "RevokeBias", Time since last: 2504044083 ns, Reaching safepoint: 82134 ns, At safepoint: 20470 ns, Total: 102604 ns
[2020-02-21T04:41:24.031+0000][1][safepoint    ] Safepoint "RevokeBias", Time since last: 2503636658 ns, Reaching safepoint: 81561 ns, At safepoint: 20650 ns, Total: 102211 ns
[2020-02-21T04:41:26.536+0000][1][safepoint    ] Safepoint "RevokeBias", Time since last: 2504305803 ns, Reaching safepoint: 70532 ns, At safepoint: 18295 ns, Total: 88827 ns
[2020-02-21T04:41:29.038+0000][1][safepoint    ] Safepoint "RevokeBias", Time since last: 2501938252 ns, Reaching safepoint: 98502 ns, At safepoint: 18792 ns, Total: 117294 ns
[2020-02-21T04:41:31.541+0000][1][safepoint    ] Safepoint "RevokeBias", Time since last: 2503050483 ns, Reaching safepoint: 74928 ns, At safepoint: 18914 ns, Total: 93842 ns
[2020-02-21T04:41:34.053+0000][1][safepoint    ] Safepoint "RevokeBias", Time since last: 2511926057 ns, Reaching safepoint: 84641 ns, At safepoint: 21140 ns, Total: 105781 ns
[2020-02-21T04:41:36.565+0000][1][safepoint    ] Safepoint "RevokeBias", Time since last: 2511943688 ns, Reaching safepoint: 72681 ns, At safepoint: 17929 ns, Total: 90610 ns
[2020-02-21T04:41:39.068+0000][1][safepoint    ] Safepoint "RevokeBias", Time since last: 2502545413 ns, Reaching safepoint: 71845 ns, At safepoint: 87538 ns, Total: 159383 ns
[2020-02-21T04:41:41.572+0000][1][safepoint    ] Safepoint "RevokeBias", Time since last: 2503363501 ns, Reaching safepoint: 363097 ns, At safepoint: 57943 ns, Total: 421040 ns
[2020-02-21T04:41:43.486+0000][1][safepoint    ] Safepoint "Cleanup", Time since last: 1914582033 ns, Reaching safepoint: 85642 ns, At safepoint: 7621 ns, Total: 93263 ns
[2020-02-21T04:41:44.079+0000][1][safepoint    ] Safepoint "RevokeBias", Time since last: 592942823 ns, Reaching safepoint: 89679 ns, At safepoint: 18427 ns, Total: 108106 ns
[2020-02-21T04:41:46.583+0000][1][safepoint    ] Safepoint "RevokeBias", Time since last: 2503874910 ns, Reaching safepoint: 152858 ns, At safepoint: 19078 ns, Total: 171936 ns
[2020-02-21T04:41:49.089+0000][1][safepoint    ] Safepoint "RevokeBias", Time since last: 2505761325 ns, Reaching safepoint: 172821 ns, At safepoint: 21244 ns, Total: 194065 ns
[2020-02-21T04:41:51.596+0000][1][safepoint    ] Safepoint "RevokeBias", Time since last: 2507062109 ns, Reaching safepoint: 154369 ns, At safepoint: 20468 ns, Total: 174837 ns
[2020-02-21T04:41:54.107+0000][1][safepoint    ] Safepoint "RevokeBias", Time since last: 2510554797 ns, Reaching safepoint: 138674 ns, At safepoint: 51702 ns, Total: 190376 ns
[2020-02-21T04:41:56.611+0000][1][safepoint    ] Safepoint "BulkRevokeBias", Time since last: 2503963399 ns, Reaching safepoint: 75682 ns, At safepoint: 190086 ns, Total: 265768 ns
[2020-02-21T04:41:59.114+0000][1][safepoint    ] Safepoint "RevokeBias", Time since last: 2501987612 ns, Reaching safepoint: 90060 ns, At safepoint: 18589 ns, Total: 108649 ns
[2020-02-21T04:42:01.617+0000][1][safepoint    ] Safepoint "RevokeBias", Time since last: 2503315180 ns, Reaching safepoint: 73623 ns, At safepoint: 17783 ns, Total: 91406 ns
[2020-02-21T04:42:04.136+0000][1][safepoint    ] Safepoint "RevokeBias", Time since last: 2518909385 ns, Reaching safepoint: 87779 ns, At safepoint: 19943 ns, Total: 107722 ns
[2020-02-21T04:42:06.647+0000][1][safepoint    ] Safepoint "RevokeBias", Time since last: 2510368577 ns, Reaching safepoint: 164874 ns, At safepoint: 25572 ns, Total: 190446 ns
[2020-02-21T04:42:09.159+0000][1][safepoint    ] Safepoint "RevokeBias", Time since last: 2512585923 ns, Reaching safepoint: 86649 ns, At safepoint: 22297 ns, Total: 108946 ns
[2020-02-21T04:42:11.850+0000][1][safepoint    ] Safepoint "RevokeBias", Time since last: 2690446000 ns, Reaching safepoint: 72114 ns, At safepoint: 17391 ns, Total: 89505 ns
[2020-02-21T04:42:13.827+0000][1][gc,start     ] GC(114) Pause Young (Allocation Failure)
[2020-02-21T04:42:13.827+0000][1][gc,task      ] GC(114) Using 1 workers of 1 for evacuation
[2020-02-21T04:42:13.841+0000][1][gc,age       ] GC(114) Desired survivor size 4358144 bytes, new threshold 6 (max threshold 6)
[2020-02-21T04:42:13.841+0000][1][gc,age       ] GC(114) Age table with threshold 6 (max threshold 6)
[2020-02-21T04:42:13.841+0000][1][gc,age       ] GC(114) - age   1:      13664 bytes,      13664 total
[2020-02-21T04:42:13.841+0000][1][gc,age       ] GC(114) - age   2:        240 bytes,      13904 total
[2020-02-21T04:42:13.841+0000][1][gc,age       ] GC(114) - age   3:         96 bytes,      14000 total
[2020-02-21T04:42:13.841+0000][1][gc,age       ] GC(114) - age   4:       1072 bytes,      15072 total
[2020-02-21T04:42:13.841+0000][1][gc,age       ] GC(114) - age   5:        864 bytes,      15936 total
[2020-02-21T04:42:13.841+0000][1][gc,age       ] GC(114) - age   6:         64 bytes,      16000 total
[2020-02-21T04:42:13.841+0000][1][gc,heap      ] GC(114) ParNew: 68174K->27K(76672K)
[2020-02-21T04:42:13.841+0000][1][gc,heap      ] GC(114) CMS: 62613K->62614K(963392K)
[2020-02-21T04:42:13.841+0000][1][gc,metaspace ] GC(114) Metaspace: 80263K->80263K(1124352K)
[2020-02-21T04:42:13.841+0000][1][gc           ] GC(114) Pause Young (Allocation Failure) 127M->61M(1015M) 13.997ms
[2020-02-21T04:42:13.841+0000][1][gc,cpu       ] GC(114) User=0.01s Sys=0.00s Real=0.01s
[2020-02-21T04:42:13.841+0000][1][safepoint    ] Safepoint "GenCollectForAllocation", Time since last: 1976942726 ns, Reaching safepoint: 126008 ns, At safepoint: 14118362 ns, Total: 14244370 ns
[2020-02-21T04:42:14.356+0000][1][safepoint    ] Safepoint "RevokeBias", Time since last: 515090403 ns, Reaching safepoint: 82876 ns, At safepoint: 20033 ns, Total: 102909 ns
[2020-02-21T04:42:16.860+0000][1][safepoint    ] Safepoint "RevokeBias", Time since last: 2504101943 ns, Reaching safepoint: 75281 ns, At safepoint: 17792 ns, Total: 93073 ns
[2020-02-21T04:42:19.367+0000][1][safepoint    ] Safepoint "RevokeBias", Time since last: 2506536863 ns, Reaching safepoint: 112629 ns, At safepoint: 31068 ns, Total: 143697 ns
[2020-02-21T04:42:21.878+0000][1][safepoint    ] Safepoint "RevokeBias", Time since last: 2511204344 ns, Reaching safepoint: 71623 ns, At safepoint: 17214 ns, Total: 88837 ns
[2020-02-21T04:42:24.390+0000][1][safepoint    ] Safepoint "RevokeBias", Time since last: 2511711789 ns, Reaching safepoint: 83596 ns, At safepoint: 17644 ns, Total: 101240 ns
[2020-02-21T04:42:26.894+0000][1][safepoint    ] Safepoint "RevokeBias", Time since last: 2503662725 ns, Reaching safepoint: 75599 ns, At safepoint: 18893 ns, Total: 94492 ns
[2020-02-21T04:42:29.397+0000][1][safepoint    ] Safepoint "RevokeBias", Time since last: 2503174409 ns, Reaching safepoint: 71701 ns, At safepoint: 16478 ns, Total: 88179 ns
[2020-02-21T04:42:31.901+0000][1][safepoint    ] Safepoint "RevokeBias", Time since last: 2503384879 ns, Reaching safepoint: 75091 ns, At safepoint: 18035 ns, Total: 93126 ns
[2020-02-21T04:42:32.912+0000][1][safepoint    ] Safepoint "Cleanup", Time since last: 1011708884 ns, Reaching safepoint: 85820 ns, At safepoint: 8984 ns, Total: 94804 ns
[2020-02-21T04:42:34.410+0000][1][safepoint    ] Safepoint "RevokeBias", Time since last: 1497478828 ns, Reaching safepoint: 136785 ns, At safepoint: 33766 ns, Total: 170551 ns
[2020-02-21T04:42:36.915+0000][1][safepoint    ] Safepoint "RevokeBias", Time since last: 2504370175 ns, Reaching safepoint: 69760 ns, At safepoint: 17671 ns, Total: 87431 ns
[2020-02-21T04:42:39.429+0000][1][safepoint    ] Safepoint "RevokeBias", Time since last: 2514344056 ns, Reaching safepoint: 70396 ns, At safepoint: 17105 ns, Total: 87501 ns
[2020-02-21T04:42:41.939+0000][1][safepoint    ] Safepoint "RevokeBias", Time since last: 2510176528 ns, Reaching safepoint: 84199 ns, At safepoint: 20306 ns, Total: 104505 ns
[2020-02-21T04:42:44.445+0000][1][safepoint    ] Safepoint "RevokeBias", Time since last: 2505860957 ns, Reaching safepoint: 90283 ns, At safepoint: 21427 ns, Total: 111710 ns
[2020-02-21T04:42:46.948+0000][1][safepoint    ] Safepoint "RevokeBias", Time since last: 2503140500 ns, Reaching safepoint: 52714 ns, At safepoint: 15691 ns, Total: 68405 ns
[2020-02-21T04:42:49.454+0000][1][safepoint    ] Safepoint "RevokeBias", Time since last: 2505918603 ns, Reaching safepoint: 71356 ns, At safepoint: 17106 ns, Total: 88462 ns
[2020-02-21T04:42:51.969+0000][1][safepoint    ] Safepoint "RevokeBias", Time since last: 2514315578 ns, Reaching safepoint: 54343 ns, At safepoint: 15501 ns, Total: 69844 ns
[2020-02-21T04:42:54.480+0000][1][safepoint    ] Safepoint "RevokeBias", Time since last: 2510428562 ns, Reaching safepoint: 234347 ns, At safepoint: 133328 ns, Total: 367675 ns
[2020-02-21T04:42:56.985+0000][1][safepoint    ] Safepoint "RevokeBias", Time since last: 2505393266 ns, Reaching safepoint: 75521 ns, At safepoint: 18118 ns, Total: 93639 ns
[2020-02-21T04:42:59.489+0000][1][safepoint    ] Safepoint "RevokeBias", Time since last: 2504125304 ns, Reaching safepoint: 88496 ns, At safepoint: 26793 ns, Total: 115289 ns
[2020-02-21T04:43:01.993+0000][1][safepoint    ] Safepoint "RevokeBias", Time since last: 2503646371 ns, Reaching safepoint: 94757 ns, At safepoint: 18268 ns, Total: 113025 ns
[2020-02-21T04:43:04.496+0000][1][safepoint    ] Safepoint "RevokeBias", Time since last: 2503083666 ns, Reaching safepoint: 51851 ns, At safepoint: 16872 ns, Total: 68723 ns
[2020-02-21T04:43:07.012+0000][1][safepoint    ] Safepoint "RevokeBias", Time since last: 2515498820 ns, Reaching safepoint: 152176 ns, At safepoint: 22631 ns, Total: 174807 ns
[2020-02-21T04:43:09.523+0000][1][safepoint    ] Safepoint "BulkRevokeBias", Time since last: 2510756291 ns, Reaching safepoint: 86741 ns, At safepoint: 226584 ns, Total: 313325 ns
[2020-02-21T04:43:12.035+0000][1][safepoint    ] Safepoint "RevokeBias", Time since last: 2511468326 ns, Reaching safepoint: 103206 ns, At safepoint: 19546 ns, Total: 122752 ns
[2020-02-21T04:43:14.541+0000][1][safepoint    ] Safepoint "RevokeBias", Time since last: 2506201867 ns, Reaching safepoint: 68195 ns, At safepoint: 76313 ns, Total: 144508 ns
[2020-02-21T04:43:17.043+0000][1][safepoint    ] Safepoint "RevokeBias", Time since last: 2502015642 ns, Reaching safepoint: 71970 ns, At safepoint: 17057 ns, Total: 89027 ns
[2020-02-21T04:43:19.548+0000][1][safepoint    ] Safepoint "RevokeBias", Time since last: 2504494849 ns, Reaching safepoint: 71656 ns, At safepoint: 17693 ns, Total: 89349 ns
[2020-02-21T04:43:22.069+0000][1][safepoint    ] Safepoint "RevokeBias", Time since last: 2521260189 ns, Reaching safepoint: 71150 ns, At safepoint: 18575 ns, Total: 89725 ns
[2020-02-21T04:43:24.583+0000][1][safepoint    ] Safepoint "RevokeBias", Time since last: 2513548655 ns, Reaching safepoint: 94150 ns, At safepoint: 22334 ns, Total: 116484 ns
[2020-02-21T04:43:27.087+0000][1][safepoint    ] Safepoint "RevokeBias", Time since last: 2504705909 ns, Reaching safepoint: 71334 ns, At safepoint: 17387 ns, Total: 88721 ns
[2020-02-21T04:43:29.591+0000][1][safepoint    ] Safepoint "RevokeBias", Time since last: 2503181303 ns, Reaching safepoint: 93724 ns, At safepoint: 23090 ns, Total: 116814 ns
[2020-02-21T04:43:32.095+0000][1][safepoint    ] Safepoint "RevokeBias", Time since last: 2503879317 ns, Reaching safepoint: 70897 ns, At safepoint: 18521 ns, Total: 89418 ns
[2020-02-21T04:43:34.599+0000][1][safepoint    ] Safepoint "RevokeBias", Time since last: 2504172824 ns, Reaching safepoint: 73168 ns, At safepoint: 18183 ns, Total: 91351 ns
[2020-02-21T04:43:37.105+0000][1][safepoint    ] Safepoint "RevokeBias", Time since last: 2505657145 ns, Reaching safepoint: 74922 ns, At safepoint: 18513 ns, Total: 93435 ns
[2020-02-21T04:43:39.621+0000][1][safepoint    ] Safepoint "RevokeBias", Time since last: 2516682430 ns, Reaching safepoint: 69107 ns, At safepoint: 18521 ns, Total: 87628 ns
[2020-02-21T04:43:42.129+0000][1][safepoint    ] Safepoint "RevokeBias", Time since last: 2507776020 ns, Reaching safepoint: 58829 ns, At safepoint: 16286 ns, Total: 75115 ns
[2020-02-21T04:43:44.635+0000][1][safepoint    ] Safepoint "RevokeBias", Time since last: 2505749602 ns, Reaching safepoint: 121362 ns, At safepoint: 32582 ns, Total: 153944 ns
[2020-02-21T04:43:47.139+0000][1][safepoint    ] Safepoint "RevokeBias", Time since last: 2503774616 ns, Reaching safepoint: 69584 ns, At safepoint: 16842 ns, Total: 86426 ns
[2020-02-21T04:43:49.644+0000][1][safepoint    ] Safepoint "RevokeBias", Time since last: 2504286303 ns, Reaching safepoint: 90527 ns, At safepoint: 23818 ns, Total: 114345 ns
[2020-02-21T04:43:52.159+0000][1][safepoint    ] Safepoint "RevokeBias", Time since last: 2515008127 ns, Reaching safepoint: 165077 ns, At safepoint: 32350 ns, Total: 197427 ns
[2020-02-21T04:43:54.665+0000][1][safepoint    ] Safepoint "RevokeBias", Time since last: 2505683299 ns, Reaching safepoint: 77282 ns, At safepoint: 20129 ns, Total: 97411 ns
[2020-02-21T04:43:57.177+0000][1][safepoint    ] Safepoint "RevokeBias", Time since last: 2512352827 ns, Reaching safepoint: 81223 ns, At safepoint: 18990 ns, Total: 100213 ns
[2020-02-21T04:43:59.683+0000][1][safepoint    ] Safepoint "RevokeBias", Time since last: 2506326662 ns, Reaching safepoint: 72327 ns, At safepoint: 18372 ns, Total: 90699 ns
[2020-02-21T04:44:02.187+0000][1][safepoint    ] Safepoint "RevokeBias", Time since last: 2503633103 ns, Reaching safepoint: 53381 ns, At safepoint: 16199 ns, Total: 69580 ns
[2020-02-21T04:44:04.693+0000][1][safepoint    ] Safepoint "RevokeBias", Time since last: 2505389203 ns, Reaching safepoint: 53380 ns, At safepoint: 15131 ns, Total: 68511 ns
[2020-02-21T04:44:07.197+0000][1][safepoint    ] Safepoint "RevokeBias", Time since last: 2504709829 ns, Reaching safepoint: 94099 ns, At safepoint: 21063 ns, Total: 115162 ns
[2020-02-21T04:44:09.717+0000][1][safepoint    ] Safepoint "RevokeBias", Time since last: 2519550627 ns, Reaching safepoint: 112899 ns, At safepoint: 106147 ns, Total: 219046 ns
[2020-02-21T04:44:12.228+0000][1][safepoint    ] Safepoint "RevokeBias", Time since last: 2510038601 ns, Reaching safepoint: 527014 ns, At safepoint: 36580 ns, Total: 563594 ns
[2020-02-21T04:44:14.734+0000][1][safepoint    ] Safepoint "RevokeBias", Time since last: 2506135215 ns, Reaching safepoint: 87002 ns, At safepoint: 19982 ns, Total: 106984 ns
[2020-02-21T04:44:17.238+0000][1][safepoint    ] Safepoint "RevokeBias", Time since last: 2504145638 ns, Reaching safepoint: 77063 ns, At safepoint: 20541 ns, Total: 97604 ns
[2020-02-21T04:44:19.745+0000][1][safepoint    ] Safepoint "RevokeBias", Time since last: 2506229412 ns, Reaching safepoint: 180757 ns, At safepoint: 18810 ns, Total: 199567 ns
[2020-02-21T04:44:22.249+0000][1][safepoint    ] Safepoint "BulkRevokeBias", Time since last: 2504089802 ns, Reaching safepoint: 69104 ns, At safepoint: 220529 ns, Total: 289633 ns
[2020-02-21T04:44:24.752+0000][1][safepoint    ] Safepoint "RevokeBias", Time since last: 2502879255 ns, Reaching safepoint: 74669 ns, At safepoint: 19178 ns, Total: 93847 ns
[2020-02-21T04:44:27.271+0000][1][safepoint    ] Safepoint "RevokeBias", Time since last: 2518786230 ns, Reaching safepoint: 129652 ns, At safepoint: 35891 ns, Total: 165543 ns
[2020-02-21T04:44:29.779+0000][1][safepoint    ] Safepoint "RevokeBias", Time since last: 2508263358 ns, Reaching safepoint: 75166 ns, At safepoint: 17779 ns, Total: 92945 ns
[2020-02-21T04:44:32.283+0000][1][safepoint    ] Safepoint "RevokeBias", Time since last: 2504013314 ns, Reaching safepoint: 70176 ns, At safepoint: 16995 ns, Total: 87171 ns
[2020-02-21T04:44:33.962+0000][1][gc,start     ] GC(115) Pause Young (Allocation Failure)
[2020-02-21T04:44:33.962+0000][1][gc,task      ] GC(115) Using 1 workers of 1 for evacuation
[2020-02-21T04:44:33.980+0000][1][gc,age       ] GC(115) Desired survivor size 4358144 bytes, new threshold 6 (max threshold 6)
[2020-02-21T04:44:33.980+0000][1][gc,age       ] GC(115) Age table with threshold 6 (max threshold 6)
[2020-02-21T04:44:33.980+0000][1][gc,age       ] GC(115) - age   1:      12936 bytes,      12936 total
[2020-02-21T04:44:33.980+0000][1][gc,age       ] GC(115) - age   2:        856 bytes,      13792 total
[2020-02-21T04:44:33.980+0000][1][gc,age       ] GC(115) - age   4:         96 bytes,      13888 total
[2020-02-21T04:44:33.980+0000][1][gc,age       ] GC(115) - age   5:        840 bytes,      14728 total
[2020-02-21T04:44:33.980+0000][1][gc,age       ] GC(115) - age   6:        864 bytes,      15592 total
[2020-02-21T04:44:33.980+0000][1][gc,heap      ] GC(115) ParNew: 68187K->18K(76672K)
[2020-02-21T04:44:33.980+0000][1][gc,heap      ] GC(115) CMS: 62614K->62614K(963392K)
[2020-02-21T04:44:33.980+0000][1][gc,metaspace ] GC(115) Metaspace: 80263K->80263K(1124352K)
[2020-02-21T04:44:33.980+0000][1][gc           ] GC(115) Pause Young (Allocation Failure) 127M->61M(1015M) 18.269ms
[2020-02-21T04:44:33.980+0000][1][gc,cpu       ] GC(115) User=0.02s Sys=0.00s Real=0.02s
[2020-02-21T04:44:33.980+0000][1][safepoint    ] Safepoint "GenCollectForAllocation", Time since last: 1678058356 ns, Reaching safepoint: 78129 ns, At safepoint: 18420566 ns, Total: 18498695 ns
[2020-02-21T04:44:34.790+0000][1][safepoint    ] Safepoint "RevokeBias", Time since last: 810292983 ns, Reaching safepoint: 77434 ns, At safepoint: 19373 ns, Total: 96807 ns
[2020-02-21T04:44:37.296+0000][1][safepoint    ] Safepoint "RevokeBias", Time since last: 2505891515 ns, Reaching safepoint: 72703 ns, At safepoint: 17640 ns, Total: 90343 ns
[2020-02-21T04:44:39.809+0000][1][safepoint    ] Safepoint "RevokeBias", Time since last: 2512888415 ns, Reaching safepoint: 193900 ns, At safepoint: 52964 ns, Total: 246864 ns
[2020-02-21T04:44:42.319+0000][1][safepoint    ] Safepoint "RevokeBias", Time since last: 2509701539 ns, Reaching safepoint: 57998 ns, At safepoint: 16997 ns, Total: 74995 ns
[2020-02-21T04:44:44.825+0000][1][safepoint    ] Safepoint "RevokeBias", Time since last: 2505832067 ns, Reaching safepoint: 89857 ns, At safepoint: 21891 ns, Total: 111748 ns
[2020-02-21T04:44:47.327+0000][1][safepoint    ] Safepoint "RevokeBias", Time since last: 2502166852 ns, Reaching safepoint: 69550 ns, At safepoint: 17150 ns, Total: 86700 ns
[2020-02-21T04:44:49.833+0000][1][safepoint    ] Safepoint "RevokeBias", Time since last: 2505068478 ns, Reaching safepoint: 72226 ns, At safepoint: 17328 ns, Total: 89554 ns
[2020-02-21T04:44:52.338+0000][1][safepoint    ] Safepoint "RevokeBias", Time since last: 2505297424 ns, Reaching safepoint: 74076 ns, At safepoint: 18436 ns, Total: 92512 ns
[2020-02-21T04:44:54.842+0000][1][safepoint    ] Safepoint "RevokeBias", Time since last: 2503486625 ns, Reaching safepoint: 80292 ns, At safepoint: 19634 ns, Total: 99926 ns
[2020-02-21T04:44:57.349+0000][1][safepoint    ] Safepoint "RevokeBias", Time since last: 2507744551 ns, Reaching safepoint: 69757 ns, At safepoint: 16780 ns, Total: 86537 ns
[2020-02-21T04:44:59.865+0000][1][safepoint    ] Safepoint "RevokeBias", Time since last: 2515297604 ns, Reaching safepoint: 91902 ns, At safepoint: 24599 ns, Total: 116501 ns
[2020-02-21T04:45:02.373+0000][1][safepoint    ] Safepoint "RevokeBias", Time since last: 2508040886 ns, Reaching safepoint: 114850 ns, At safepoint: 109320 ns, Total: 224170 ns
[2020-02-21T04:45:04.880+0000][1][safepoint    ] Safepoint "RevokeBias", Time since last: 2507108088 ns, Reaching safepoint: 54855 ns, At safepoint: 15726 ns, Total: 70581 ns
[2020-02-21T04:45:07.384+0000][1][safepoint    ] Safepoint "RevokeBias", Time since last: 2504100678 ns, Reaching safepoint: 71416 ns, At safepoint: 17855 ns, Total: 89271 ns
[2020-02-21T04:45:09.892+0000][1][safepoint    ] Safepoint "RevokeBias", Time since last: 2507912051 ns, Reaching safepoint: 55804 ns, At safepoint: 16614 ns, Total: 72418 ns
[2020-02-21T04:45:12.404+0000][1][safepoint    ] Safepoint "RevokeBias", Time since last: 2511699957 ns, Reaching safepoint: 80715 ns, At safepoint: 20718 ns, Total: 101433 ns
[2020-02-21T04:45:14.911+0000][1][safepoint    ] Safepoint "RevokeBias", Time since last: 2506712750 ns, Reaching safepoint: 93141 ns, At safepoint: 20609 ns, Total: 113750 ns
[2020-02-21T04:45:17.413+0000][1][safepoint    ] Safepoint "RevokeBias", Time since last: 2502305116 ns, Reaching safepoint: 69877 ns, At safepoint: 17094 ns, Total: 86971 ns
[2020-02-21T04:45:19.919+0000][1][safepoint    ] Safepoint "RevokeBias", Time since last: 2505511012 ns, Reaching safepoint: 154679 ns, At safepoint: 19686 ns, Total: 174365 ns
[2020-02-21T04:45:22.422+0000][1][safepoint    ] Safepoint "RevokeBias", Time since last: 2503133242 ns, Reaching safepoint: 55823 ns, At safepoint: 15939 ns, Total: 71762 ns
[2020-02-21T04:45:24.927+0000][1][safepoint    ] Safepoint "RevokeBias", Time since last: 2504289643 ns, Reaching safepoint: 73098 ns, At safepoint: 17661 ns, Total: 90759 ns
[2020-02-21T04:45:27.439+0000][1][safepoint    ] Safepoint "RevokeBias", Time since last: 2512479720 ns, Reaching safepoint: 76960 ns, At safepoint: 19815 ns, Total: 96775 ns
[2020-02-21T04:45:29.948+0000][1][safepoint    ] Safepoint "RevokeBias", Time since last: 2508570860 ns, Reaching safepoint: 73624 ns, At safepoint: 17693 ns, Total: 91317 ns
[2020-02-21T04:45:32.452+0000][1][safepoint    ] Safepoint "RevokeBias", Time since last: 2503661024 ns, Reaching safepoint: 72266 ns, At safepoint: 17293 ns, Total: 89559 ns
[2020-02-21T04:45:34.958+0000][1][safepoint    ] Safepoint "BulkRevokeBias", Time since last: 2505848852 ns, Reaching safepoint: 69988 ns, At safepoint: 176872 ns, Total: 246860 ns
[2020-02-21T04:45:37.462+0000][1][safepoint    ] Safepoint "RevokeBias", Time since last: 2504551093 ns, Reaching safepoint: 69783 ns, At safepoint: 18628 ns, Total: 88411 ns
[2020-02-21T04:45:39.978+0000][1][safepoint    ] Safepoint "RevokeBias", Time since last: 2515820649 ns, Reaching safepoint: 98599 ns, At safepoint: 22858 ns, Total: 121457 ns
[2020-02-21T04:45:42.488+0000][1][safepoint    ] Safepoint "RevokeBias", Time since last: 2509538181 ns, Reaching safepoint: 123781 ns, At safepoint: 21915 ns, Total: 145696 ns
[2020-02-21T04:45:44.994+0000][1][safepoint    ] Safepoint "RevokeBias", Time since last: 2506033147 ns, Reaching safepoint: 93845 ns, At safepoint: 21367 ns, Total: 115212 ns
[2020-02-21T04:45:47.498+0000][1][safepoint    ] Safepoint "RevokeBias", Time since last: 2503615838 ns, Reaching safepoint: 72453 ns, At safepoint: 18981 ns, Total: 91434 ns
[2020-02-21T04:45:50.003+0000][1][safepoint    ] Safepoint "RevokeBias", Time since last: 2505017218 ns, Reaching safepoint: 71853 ns, At safepoint: 17743 ns, Total: 89596 ns
[2020-02-21T04:45:52.508+0000][1][safepoint    ] Safepoint "RevokeBias", Time since last: 2505257319 ns, Reaching safepoint: 77635 ns, At safepoint: 18514 ns, Total: 96149 ns
[2020-02-21T04:45:55.014+0000][1][safepoint    ] Safepoint "RevokeBias", Time since last: 2505432167 ns, Reaching safepoint: 118824 ns, At safepoint: 30514 ns, Total: 149338 ns
[2020-02-21T04:45:57.533+0000][1][safepoint    ] Safepoint "RevokeBias", Time since last: 2518567285 ns, Reaching safepoint: 68806 ns, At safepoint: 16680 ns, Total: 85486 ns
[2020-02-21T04:46:00.042+0000][1][safepoint    ] Safepoint "RevokeBias", Time since last: 2509698877 ns, Reaching safepoint: 113208 ns, At safepoint: 27933 ns, Total: 141141 ns
[2020-02-21T04:46:02.546+0000][1][safepoint    ] Safepoint "RevokeBias", Time since last: 2503126613 ns, Reaching safepoint: 189608 ns, At safepoint: 20193 ns, Total: 209801 ns
[2020-02-21T04:46:05.052+0000][1][safepoint    ] Safepoint "RevokeBias", Time since last: 2506452131 ns, Reaching safepoint: 74735 ns, At safepoint: 19334 ns, Total: 94069 ns
[2020-02-21T04:46:07.557+0000][1][safepoint    ] Safepoint "RevokeBias", Time since last: 2504988471 ns, Reaching safepoint: 106616 ns, At safepoint: 26779 ns, Total: 133395 ns
[2020-02-21T04:46:10.068+0000][1][safepoint    ] Safepoint "RevokeBias", Time since last: 2510523670 ns, Reaching safepoint: 72183 ns, At safepoint: 17318 ns, Total: 89501 ns
[2020-02-21T04:46:12.579+0000][1][safepoint    ] Safepoint "RevokeBias", Time since last: 2511064121 ns, Reaching safepoint: 83668 ns, At safepoint: 21220 ns, Total: 104888 ns
[2020-02-21T04:46:15.085+0000][1][safepoint    ] Safepoint "RevokeBias", Time since last: 2505852734 ns, Reaching safepoint: 89415 ns, At safepoint: 22218 ns, Total: 111633 ns
[2020-02-21T04:46:17.588+0000][1][safepoint    ] Safepoint "RevokeBias", Time since last: 2502294386 ns, Reaching safepoint: 74163 ns, At safepoint: 19180 ns, Total: 93343 ns
[2020-02-21T04:46:20.097+0000][1][safepoint    ] Safepoint "RevokeBias", Time since last: 2508626318 ns, Reaching safepoint: 1213576 ns, At safepoint: 22939 ns, Total: 1236515 ns
[2020-02-21T04:46:22.603+0000][1][safepoint    ] Safepoint "RevokeBias", Time since last: 2505048539 ns, Reaching safepoint: 99333 ns, At safepoint: 26071 ns, Total: 125404 ns
[2020-02-21T04:46:25.105+0000][1][safepoint    ] Safepoint "RevokeBias", Time since last: 2502498056 ns, Reaching safepoint: 119703 ns, At safepoint: 33942 ns, Total: 153645 ns
[2020-02-21T04:46:27.625+0000][1][safepoint    ] Safepoint "RevokeBias", Time since last: 2519744070 ns, Reaching safepoint: 71154 ns, At safepoint: 17025 ns, Total: 88179 ns
[2020-02-21T04:46:30.134+0000][1][safepoint    ] Safepoint "RevokeBias", Time since last: 2508362799 ns, Reaching safepoint: 261970 ns, At safepoint: 48811 ns, Total: 310781 ns
[2020-02-21T04:46:32.638+0000][1][safepoint    ] Safepoint "RevokeBias", Time since last: 2504110716 ns, Reaching safepoint: 74278 ns, At safepoint: 19833 ns, Total: 94111 ns
[2020-02-21T04:46:35.144+0000][1][safepoint    ] Safepoint "RevokeBias", Time since last: 2506134986 ns, Reaching safepoint: 71356 ns, At safepoint: 17676 ns, Total: 89032 ns
[2020-02-21T04:46:37.650+0000][1][safepoint    ] Safepoint "RevokeBias", Time since last: 2505749137 ns, Reaching safepoint: 76472 ns, At safepoint: 18149 ns, Total: 94621 ns
[2020-02-21T04:46:40.159+0000][1][safepoint    ] Safepoint "RevokeBias", Time since last: 2508499270 ns, Reaching safepoint: 98298 ns, At safepoint: 29633 ns, Total: 127931 ns
[2020-02-21T04:46:42.669+0000][1][safepoint    ] Safepoint "RevokeBias", Time since last: 2509965006 ns, Reaching safepoint: 53923 ns, At safepoint: 16316 ns, Total: 70239 ns
[2020-02-21T04:46:45.175+0000][1][safepoint    ] Safepoint "RevokeBias", Time since last: 2505696585 ns, Reaching safepoint: 98094 ns, At safepoint: 22132 ns, Total: 120226 ns
[2020-02-21T04:46:47.678+0000][1][safepoint    ] Safepoint "BulkRevokeBias", Time since last: 2503078355 ns, Reaching safepoint: 73317 ns, At safepoint: 311269 ns, Total: 384586 ns
[2020-02-21T04:46:50.184+0000][1][safepoint    ] Safepoint "RevokeBias", Time since last: 2505416168 ns, Reaching safepoint: 192820 ns, At safepoint: 53410 ns, Total: 246230 ns
[2020-02-21T04:46:52.689+0000][1][safepoint    ] Safepoint "RevokeBias", Time since last: 2505656867 ns, Reaching safepoint: 69900 ns, At safepoint: 16690 ns, Total: 86590 ns
[2020-02-21T04:46:54.269+0000][1][gc,start     ] GC(116) Pause Young (Allocation Failure)
[2020-02-21T04:46:54.269+0000][1][gc,task      ] GC(116) Using 1 workers of 1 for evacuation
[2020-02-21T04:46:54.281+0000][1][gc,age       ] GC(116) Desired survivor size 4358144 bytes, new threshold 6 (max threshold 6)
[2020-02-21T04:46:54.281+0000][1][gc,age       ] GC(116) Age table with threshold 6 (max threshold 6)
[2020-02-21T04:46:54.281+0000][1][gc,age       ] GC(116) - age   1:      11816 bytes,      11816 total
[2020-02-21T04:46:54.281+0000][1][gc,age       ] GC(116) - age   2:        840 bytes,      12656 total
[2020-02-21T04:46:54.281+0000][1][gc,age       ] GC(116) - age   3:        856 bytes,      13512 total
[2020-02-21T04:46:54.281+0000][1][gc,age       ] GC(116) - age   5:         96 bytes,      13608 total
[2020-02-21T04:46:54.281+0000][1][gc,age       ] GC(116) - age   6:        840 bytes,      14448 total
[2020-02-21T04:46:54.281+0000][1][gc,heap      ] GC(116) ParNew: 68178K->27K(76672K)
[2020-02-21T04:46:54.281+0000][1][gc,heap      ] GC(116) CMS: 62614K->62615K(963392K)
[2020-02-21T04:46:54.281+0000][1][gc,metaspace ] GC(116) Metaspace: 80263K->80263K(1124352K)
[2020-02-21T04:46:54.281+0000][1][gc           ] GC(116) Pause Young (Allocation Failure) 127M->61M(1015M) 12.115ms
[2020-02-21T04:46:54.281+0000][1][gc,cpu       ] GC(116) User=0.01s Sys=0.00s Real=0.01s
[2020-02-21T04:46:54.281+0000][1][safepoint    ] Safepoint "GenCollectForAllocation", Time since last: 1579173717 ns, Reaching safepoint: 71094 ns, At safepoint: 12174559 ns, Total: 12245653 ns
[2020-02-21T04:46:55.193+0000][1][safepoint    ] Safepoint "RevokeBias", Time since last: 911923611 ns, Reaching safepoint: 180180 ns, At safepoint: 38737 ns, Total: 218917 ns
[2020-02-21T04:46:57.707+0000][1][safepoint    ] Safepoint "RevokeBias", Time since last: 2513571340 ns, Reaching safepoint: 58188 ns, At safepoint: 17778 ns, Total: 75966 ns
[2020-02-21T04:47:00.215+0000][1][safepoint    ] Safepoint "RevokeBias", Time since last: 2508074676 ns, Reaching safepoint: 70283 ns, At safepoint: 16980 ns, Total: 87263 ns
[2020-02-21T04:47:02.720+0000][1][safepoint    ] Safepoint "RevokeBias", Time since last: 2505175581 ns, Reaching safepoint: 70263 ns, At safepoint: 17463 ns, Total: 87726 ns
[2020-02-21T04:47:05.225+0000][1][safepoint    ] Safepoint "RevokeBias", Time since last: 2504437282 ns, Reaching safepoint: 75757 ns, At safepoint: 18831 ns, Total: 94588 ns
[2020-02-21T04:47:07.730+0000][1][safepoint    ] Safepoint "RevokeBias", Time since last: 2504944449 ns, Reaching safepoint: 62013 ns, At safepoint: 18498 ns, Total: 80511 ns
[2020-02-21T04:47:10.233+0000][1][safepoint    ] Safepoint "RevokeBias", Time since last: 2502916921 ns, Reaching safepoint: 74593 ns, At safepoint: 17652 ns, Total: 92245 ns
[2020-02-21T04:47:12.736+0000][1][safepoint    ] Safepoint "RevokeBias", Time since last: 2503464630 ns, Reaching safepoint: 104941 ns, At safepoint: 21212 ns, Total: 126153 ns
[2020-02-21T04:47:15.251+0000][1][safepoint    ] Safepoint "RevokeBias", Time since last: 2514454089 ns, Reaching safepoint: 86935 ns, At safepoint: 19561 ns, Total: 106496 ns
[2020-02-21T04:47:17.759+0000][1][safepoint    ] Safepoint "RevokeBias", Time since last: 2508322484 ns, Reaching safepoint: 73916 ns, At safepoint: 17994 ns, Total: 91910 ns
[2020-02-21T04:47:20.265+0000][1][safepoint    ] Safepoint "RevokeBias", Time since last: 2505322123 ns, Reaching safepoint: 76818 ns, At safepoint: 18923 ns, Total: 95741 ns
[2020-02-21T04:47:22.770+0000][1][safepoint    ] Safepoint "RevokeBias", Time since last: 2505354414 ns, Reaching safepoint: 98190 ns, At safepoint: 25905 ns, Total: 124095 ns
[2020-02-21T04:47:25.273+0000][1][safepoint    ] Safepoint "RevokeBias", Time since last: 2502875628 ns, Reaching safepoint: 78662 ns, At safepoint: 20599 ns, Total: 99261 ns
[2020-02-21T04:47:27.787+0000][1][safepoint    ] Safepoint "RevokeBias", Time since last: 2513476450 ns, Reaching safepoint: 97321 ns, At safepoint: 24880 ns, Total: 122201 ns
[2020-02-21T04:47:30.294+0000][1][safepoint    ] Safepoint "RevokeBias", Time since last: 2507625310 ns, Reaching safepoint: 70915 ns, At safepoint: 17326 ns, Total: 88241 ns
[2020-02-21T04:47:32.797+0000][1][safepoint    ] Safepoint "RevokeBias", Time since last: 2502492529 ns, Reaching safepoint: 158440 ns, At safepoint: 21409 ns, Total: 179849 ns
[2020-02-21T04:47:35.303+0000][1][safepoint    ] Safepoint "RevokeBias", Time since last: 2505757785 ns, Reaching safepoint: 70495 ns, At safepoint: 18214 ns, Total: 88709 ns
[2020-02-21T04:47:37.808+0000][1][safepoint    ] Safepoint "RevokeBias", Time since last: 2504725302 ns, Reaching safepoint: 93510 ns, At safepoint: 25074 ns, Total: 118584 ns
[2020-02-21T04:47:40.313+0000][1][safepoint    ] Safepoint "RevokeBias", Time since last: 2505035562 ns, Reaching safepoint: 82835 ns, At safepoint: 20655 ns, Total: 103490 ns
[2020-02-21T04:47:42.817+0000][1][safepoint    ] Safepoint "RevokeBias", Time since last: 2504281095 ns, Reaching safepoint: 76410 ns, At safepoint: 65074 ns, Total: 141484 ns
[2020-02-21T04:47:45.332+0000][1][safepoint    ] Safepoint "RevokeBias", Time since last: 2514516987 ns, Reaching safepoint: 99319 ns, At safepoint: 21186 ns, Total: 120505 ns
[2020-02-21T04:47:47.842+0000][1][safepoint    ] Safepoint "RevokeBias", Time since last: 2510209946 ns, Reaching safepoint: 171125 ns, At safepoint: 22996 ns, Total: 194121 ns
[2020-02-21T04:47:50.348+0000][1][safepoint    ] Safepoint "RevokeBias", Time since last: 2505372172 ns, Reaching safepoint: 143536 ns, At safepoint: 36763 ns, Total: 180299 ns
[2020-02-21T04:47:52.857+0000][1][safepoint    ] Safepoint "RevokeBias", Time since last: 2507757286 ns, Reaching safepoint: 1123318 ns, At safepoint: 25314 ns, Total: 1148632 ns
[2020-02-21T04:47:55.358+0000][1][safepoint    ] Safepoint "RevokeBias", Time since last: 2501500662 ns, Reaching safepoint: 84859 ns, At safepoint: 19978 ns, Total: 104837 ns
[2020-02-21T04:47:57.870+0000][1][safepoint    ] Safepoint "RevokeBias", Time since last: 2511316083 ns, Reaching safepoint: 53375 ns, At safepoint: 15974 ns, Total: 69349 ns
[2020-02-21T04:48:00.376+0000][1][safepoint    ] Safepoint "BulkRevokeBias", Time since last: 2505468531 ns, Reaching safepoint: 71465 ns, At safepoint: 270289 ns, Total: 341754 ns
[2020-02-21T04:48:02.881+0000][1][safepoint    ] Safepoint "RevokeBias", Time since last: 2505706392 ns, Reaching safepoint: 71854 ns, At safepoint: 15836 ns, Total: 87690 ns
[2020-02-21T04:48:05.505+0000][1][safepoint    ] Safepoint "RevokeBias", Time since last: 2623127709 ns, Reaching safepoint: 81950 ns, At safepoint: 18340 ns, Total: 100290 ns
[2020-02-21T04:48:08.010+0000][1][safepoint    ] Safepoint "RevokeBias", Time since last: 2505083861 ns, Reaching safepoint: 54275 ns, At safepoint: 16193 ns, Total: 70468 ns
[2020-02-21T04:48:10.513+0000][1][safepoint    ] Safepoint "RevokeBias", Time since last: 2502797244 ns, Reaching safepoint: 88596 ns, At safepoint: 21394 ns, Total: 109990 ns
[2020-02-21T04:48:13.019+0000][1][safepoint    ] Safepoint "RevokeBias", Time since last: 2505875065 ns, Reaching safepoint: 76840 ns, At safepoint: 18782 ns, Total: 95622 ns
[2020-02-21T04:48:15.532+0000][1][safepoint    ] Safepoint "RevokeBias", Time since last: 2513353498 ns, Reaching safepoint: 204216 ns, At safepoint: 70556 ns, Total: 274772 ns
[2020-02-21T04:48:18.041+0000][1][safepoint    ] Safepoint "RevokeBias", Time since last: 2508933719 ns, Reaching safepoint: 77583 ns, At safepoint: 25155 ns, Total: 102738 ns
[2020-02-21T04:48:20.548+0000][1][safepoint    ] Safepoint "RevokeBias", Time since last: 2506737869 ns, Reaching safepoint: 89608 ns, At safepoint: 23419 ns, Total: 113027 ns
[2020-02-21T04:48:23.053+0000][1][safepoint    ] Safepoint "RevokeBias", Time since last: 2504986849 ns, Reaching safepoint: 64432 ns, At safepoint: 19939 ns, Total: 84371 ns
[2020-02-21T04:48:25.555+0000][1][safepoint    ] Safepoint "RevokeBias", Time since last: 2501669823 ns, Reaching safepoint: 71581 ns, At safepoint: 17145 ns, Total: 88726 ns
[2020-02-21T04:48:28.074+0000][1][safepoint    ] Safepoint "RevokeBias", Time since last: 2518699404 ns, Reaching safepoint: 163832 ns, At safepoint: 73080 ns, Total: 236912 ns
[2020-02-21T04:48:30.586+0000][1][safepoint    ] Safepoint "RevokeBias", Time since last: 2512320832 ns, Reaching safepoint: 134770 ns, At safepoint: 25740 ns, Total: 160510 ns
[2020-02-21T04:48:33.090+0000][1][safepoint    ] Safepoint "RevokeBias", Time since last: 2503505930 ns, Reaching safepoint: 76823 ns, At safepoint: 18038 ns, Total: 94861 ns
[2020-02-21T04:48:35.597+0000][1][safepoint    ] Safepoint "RevokeBias", Time since last: 2507096854 ns, Reaching safepoint: 145259 ns, At safepoint: 35156 ns, Total: 180415 ns
[2020-02-21T04:48:38.101+0000][1][safepoint    ] Safepoint "RevokeBias", Time since last: 2503430248 ns, Reaching safepoint: 77691 ns, At safepoint: 18952 ns, Total: 96643 ns
[2020-02-21T04:48:40.606+0000][1][safepoint    ] Safepoint "RevokeBias", Time since last: 2504657795 ns, Reaching safepoint: 116780 ns, At safepoint: 31220 ns, Total: 148000 ns
[2020-02-21T04:48:43.112+0000][1][safepoint    ] Safepoint "RevokeBias", Time since last: 2506354797 ns, Reaching safepoint: 74414 ns, At safepoint: 18442 ns, Total: 92856 ns
[2020-02-21T04:48:45.630+0000][1][safepoint    ] Safepoint "RevokeBias", Time since last: 2517536762 ns, Reaching safepoint: 89294 ns, At safepoint: 21382 ns, Total: 110676 ns
[2020-02-21T04:48:48.137+0000][1][safepoint    ] Safepoint "RevokeBias", Time since last: 2507290750 ns, Reaching safepoint: 144633 ns, At safepoint: 23916 ns, Total: 168549 ns
[2020-02-21T04:48:50.641+0000][1][safepoint    ] Safepoint "RevokeBias", Time since last: 2503299372 ns, Reaching safepoint: 89287 ns, At safepoint: 18639 ns, Total: 107926 ns
[2020-02-21T04:48:53.146+0000][1][safepoint    ] Safepoint "RevokeBias", Time since last: 2505481522 ns, Reaching safepoint: 72233 ns, At safepoint: 18163 ns, Total: 90396 ns
[2020-02-21T04:48:55.649+0000][1][safepoint    ] Safepoint "RevokeBias", Time since last: 2502546766 ns, Reaching safepoint: 55438 ns, At safepoint: 16190 ns, Total: 71628 ns
[2020-02-21T04:48:58.169+0000][1][safepoint    ] Safepoint "RevokeBias", Time since last: 2520207979 ns, Reaching safepoint: 56551 ns, At safepoint: 16911 ns, Total: 73462 ns
[2020-02-21T04:49:00.679+0000][1][safepoint    ] Safepoint "RevokeBias", Time since last: 2510021431 ns, Reaching safepoint: 75422 ns, At safepoint: 18475 ns, Total: 93897 ns
[2020-02-21T04:49:02.680+0000][1][safepoint    ] Safepoint "Cleanup", Time since last: 2000885273 ns, Reaching safepoint: 86475 ns, At safepoint: 9240 ns, Total: 95715 ns
[2020-02-21T04:49:03.182+0000][1][safepoint    ] Safepoint "RevokeBias", Time since last: 501898228 ns, Reaching safepoint: 84141 ns, At safepoint: 20565 ns, Total: 104706 ns
[2020-02-21T04:49:05.688+0000][1][safepoint    ] Safepoint "RevokeBias", Time since last: 2505485669 ns, Reaching safepoint: 70393 ns, At safepoint: 33267 ns, Total: 103660 ns
[2020-02-21T04:49:08.192+0000][1][safepoint    ] Safepoint "RevokeBias", Time since last: 2503870578 ns, Reaching safepoint: 122382 ns, At safepoint: 18375 ns, Total: 140757 ns
[2020-02-21T04:49:10.695+0000][1][safepoint    ] Safepoint "RevokeBias", Time since last: 2503031199 ns, Reaching safepoint: 52959 ns, At safepoint: 16241 ns, Total: 69200 ns
[2020-02-21T04:49:13.200+0000][1][safepoint    ] Safepoint "BulkRevokeBias", Time since last: 2505104599 ns, Reaching safepoint: 73168 ns, At safepoint: 262567 ns, Total: 335735 ns
[2020-02-21T04:49:14.187+0000][1][gc,start     ] GC(117) Pause Young (Allocation Failure)
[2020-02-21T04:49:14.187+0000][1][gc,task      ] GC(117) Using 1 workers of 1 for evacuation
[2020-02-21T04:49:14.198+0000][1][gc,age       ] GC(117) Desired survivor size 4358144 bytes, new threshold 6 (max threshold 6)
[2020-02-21T04:49:14.198+0000][1][gc,age       ] GC(117) Age table with threshold 6 (max threshold 6)
[2020-02-21T04:49:14.198+0000][1][gc,age       ] GC(117) - age   1:      13000 bytes,      13000 total
[2020-02-21T04:49:14.198+0000][1][gc,age       ] GC(117) - age   2:        120 bytes,      13120 total
[2020-02-21T04:49:14.198+0000][1][gc,age       ] GC(117) - age   3:        840 bytes,      13960 total
[2020-02-21T04:49:14.198+0000][1][gc,age       ] GC(117) - age   4:        856 bytes,      14816 total
[2020-02-21T04:49:14.198+0000][1][gc,age       ] GC(117) - age   6:         96 bytes,      14912 total
[2020-02-21T04:49:14.198+0000][1][gc,heap      ] GC(117) ParNew: 68187K->17K(76672K)
[2020-02-21T04:49:14.198+0000][1][gc,heap      ] GC(117) CMS: 62615K->62615K(963392K)
[2020-02-21T04:49:14.198+0000][1][gc,metaspace ] GC(117) Metaspace: 80263K->80263K(1124352K)
[2020-02-21T04:49:14.198+0000][1][gc           ] GC(117) Pause Young (Allocation Failure) 127M->61M(1015M) 11.729ms
[2020-02-21T04:49:14.198+0000][1][gc,cpu       ] GC(117) User=0.01s Sys=0.00s Real=0.01s
[2020-02-21T04:49:14.198+0000][1][safepoint    ] Safepoint "GenCollectForAllocation", Time since last: 986072006 ns, Reaching safepoint: 75898 ns, At safepoint: 11841452 ns, Total: 11917350 ns
[2020-02-21T04:49:15.720+0000][1][safepoint    ] Safepoint "RevokeBias", Time since last: 1521125187 ns, Reaching safepoint: 270203 ns, At safepoint: 32053 ns, Total: 302256 ns
[2020-02-21T04:49:18.229+0000][1][safepoint    ] Safepoint "RevokeBias", Time since last: 2509163501 ns, Reaching safepoint: 73353 ns, At safepoint: 18236 ns, Total: 91589 ns
[2020-02-21T04:49:20.735+0000][1][safepoint    ] Safepoint "RevokeBias", Time since last: 2506294918 ns, Reaching safepoint: 73605 ns, At safepoint: 18194 ns, Total: 91799 ns
[2020-02-21T04:49:23.239+0000][1][safepoint    ] Safepoint "RevokeBias", Time since last: 2504022815 ns, Reaching safepoint: 82696 ns, At safepoint: 21004 ns, Total: 103700 ns
[2020-02-21T04:49:25.743+0000][1][safepoint    ] Safepoint "RevokeBias", Time since last: 2503059677 ns, Reaching safepoint: 96925 ns, At safepoint: 16731 ns, Total: 113656 ns
[2020-02-21T04:49:28.266+0000][1][safepoint    ] Safepoint "RevokeBias", Time since last: 2523029762 ns, Reaching safepoint: 72304 ns, At safepoint: 17715 ns, Total: 90019 ns
[2020-02-21T04:49:30.777+0000][1][safepoint    ] Safepoint "RevokeBias", Time since last: 2511423122 ns, Reaching safepoint: 62114 ns, At safepoint: 20584 ns, Total: 82698 ns
[2020-02-21T04:49:32.819+0000][1][safepoint    ] Safepoint "Cleanup", Time since last: 2042001834 ns, Reaching safepoint: 99739 ns, At safepoint: 6691 ns, Total: 106430 ns
[2020-02-21T04:49:33.286+0000][1][safepoint    ] Safepoint "RevokeBias", Time since last: 466274422 ns, Reaching safepoint: 91038 ns, At safepoint: 22473 ns, Total: 113511 ns
[2020-02-21T04:49:35.790+0000][1][safepoint    ] Safepoint "RevokeBias", Time since last: 2504075618 ns, Reaching safepoint: 203256 ns, At safepoint: 55314 ns, Total: 258570 ns
[2020-02-21T04:49:38.296+0000][1][safepoint    ] Safepoint "RevokeBias", Time since last: 2505444079 ns, Reaching safepoint: 72011 ns, At safepoint: 84199 ns, Total: 156210 ns
[2020-02-21T04:49:40.799+0000][1][safepoint    ] Safepoint "RevokeBias", Time since last: 2502897473 ns, Reaching safepoint: 147690 ns, At safepoint: 21284 ns, Total: 168974 ns
[2020-02-21T04:49:43.304+0000][1][safepoint    ] Safepoint "RevokeBias", Time since last: 2504989923 ns, Reaching safepoint: 115129 ns, At safepoint: 21630 ns, Total: 136759 ns
[2020-02-21T04:49:45.814+0000][1][safepoint    ] Safepoint "RevokeBias", Time since last: 2509620002 ns, Reaching safepoint: 174396 ns, At safepoint: 33944 ns, Total: 208340 ns
[2020-02-21T04:49:48.323+0000][1][safepoint    ] Safepoint "RevokeBias", Time since last: 2508804509 ns, Reaching safepoint: 122736 ns, At safepoint: 36683 ns, Total: 159419 ns
[2020-02-21T04:49:50.827+0000][1][safepoint    ] Safepoint "RevokeBias", Time since last: 2504327385 ns, Reaching safepoint: 84283 ns, At safepoint: 21401 ns, Total: 105684 ns
[2020-02-21T04:49:53.332+0000][1][safepoint    ] Safepoint "RevokeBias", Time since last: 2505223272 ns, Reaching safepoint: 76857 ns, At safepoint: 17837 ns, Total: 94694 ns
[2020-02-21T04:49:55.836+0000][1][safepoint    ] Safepoint "RevokeBias", Time since last: 2503770528 ns, Reaching safepoint: 139136 ns, At safepoint: 33651 ns, Total: 172787 ns
[2020-02-21T04:49:58.354+0000][1][safepoint    ] Safepoint "RevokeBias", Time since last: 2517266922 ns, Reaching safepoint: 65258 ns, At safepoint: 20165 ns, Total: 85423 ns
[2020-02-21T04:50:00.861+0000][1][safepoint    ] Safepoint "RevokeBias", Time since last: 2507409225 ns, Reaching safepoint: 73850 ns, At safepoint: 17116 ns, Total: 90966 ns
[2020-02-21T04:50:03.383+0000][1][safepoint    ] Safepoint "RevokeBias", Time since last: 2521339442 ns, Reaching safepoint: 109211 ns, At safepoint: 31761 ns, Total: 140972 ns
[2020-02-21T04:50:05.888+0000][1][safepoint    ] Safepoint "RevokeBias", Time since last: 2504729794 ns, Reaching safepoint: 72331 ns, At safepoint: 17850 ns, Total: 90181 ns
[2020-02-21T04:50:08.393+0000][1][safepoint    ] Safepoint "RevokeBias", Time since last: 2505426315 ns, Reaching safepoint: 70412 ns, At safepoint: 18146 ns, Total: 88558 ns
[2020-02-21T04:50:10.897+0000][1][safepoint    ] Safepoint "RevokeBias", Time since last: 2503336079 ns, Reaching safepoint: 111803 ns, At safepoint: 19197 ns, Total: 131000 ns
[2020-02-21T04:50:13.400+0000][1][safepoint    ] Safepoint "RevokeBias", Time since last: 2503813959 ns, Reaching safepoint: 77897 ns, At safepoint: 19631 ns, Total: 97528 ns
[2020-02-21T04:50:15.923+0000][1][safepoint    ] Safepoint "RevokeBias", Time since last: 2515913294 ns, Reaching safepoint: 7082647 ns, At safepoint: 28334 ns, Total: 7110981 ns
[2020-02-21T04:50:18.428+0000][1][safepoint    ] Safepoint "RevokeBias", Time since last: 2504602365 ns, Reaching safepoint: 75647 ns, At safepoint: 21695 ns, Total: 97342 ns
[2020-02-21T04:50:20.939+0000][1][safepoint    ] Safepoint "RevokeBias", Time since last: 2510861719 ns, Reaching safepoint: 71598 ns, At safepoint: 17488 ns, Total: 89086 ns
[2020-02-21T04:50:23.446+0000][1][safepoint    ] Safepoint "RevokeBias", Time since last: 2506922455 ns, Reaching safepoint: 102590 ns, At safepoint: 21411 ns, Total: 124001 ns
[2020-02-21T04:50:25.951+0000][1][safepoint    ] Safepoint "BulkRevokeBias", Time since last: 2504038732 ns, Reaching safepoint: 108241 ns, At safepoint: 297015 ns, Total: 405256 ns
[2020-02-21T04:50:28.468+0000][1][safepoint    ] Safepoint "RevokeBias", Time since last: 2517223673 ns, Reaching safepoint: 75321 ns, At safepoint: 17138 ns, Total: 92459 ns
[2020-02-21T04:50:30.981+0000][1][safepoint    ] Safepoint "RevokeBias", Time since last: 2512725983 ns, Reaching safepoint: 102347 ns, At safepoint: 25529 ns, Total: 127876 ns
[2020-02-21T04:50:33.485+0000][1][safepoint    ] Safepoint "RevokeBias", Time since last: 2503649550 ns, Reaching safepoint: 202509 ns, At safepoint: 28200 ns, Total: 230709 ns
[2020-02-21T04:50:34.493+0000][1][safepoint    ] Safepoint "Cleanup", Time since last: 1008410409 ns, Reaching safepoint: 105452 ns, At safepoint: 8761 ns, Total: 114213 ns
[2020-02-21T04:50:35.990+0000][1][safepoint    ] Safepoint "RevokeBias", Time since last: 1496935650 ns, Reaching safepoint: 146128 ns, At safepoint: 20823 ns, Total: 166951 ns
[2020-02-21T04:50:38.495+0000][1][safepoint    ] Safepoint "RevokeBias", Time since last: 2505117170 ns, Reaching safepoint: 55578 ns, At safepoint: 15239 ns, Total: 70817 ns
[2020-02-21T04:50:41.004+0000][1][safepoint    ] Safepoint "RevokeBias", Time since last: 2508434055 ns, Reaching safepoint: 75084 ns, At safepoint: 52072 ns, Total: 127156 ns
[2020-02-21T04:50:43.514+0000][1][safepoint    ] Safepoint "RevokeBias", Time since last: 2509576937 ns, Reaching safepoint: 145512 ns, At safepoint: 44673 ns, Total: 190185 ns
[2020-02-21T04:50:46.030+0000][1][safepoint    ] Safepoint "RevokeBias", Time since last: 2516549349 ns, Reaching safepoint: 89847 ns, At safepoint: 20861 ns, Total: 110708 ns
[2020-02-21T04:50:48.543+0000][1][safepoint    ] Safepoint "RevokeBias", Time since last: 2512854128 ns, Reaching safepoint: 70390 ns, At safepoint: 23614 ns, Total: 94004 ns
[2020-02-21T04:50:51.053+0000][1][safepoint    ] Safepoint "RevokeBias", Time since last: 2509173190 ns, Reaching safepoint: 77587 ns, At safepoint: 19487 ns, Total: 97074 ns
[2020-02-21T04:50:53.556+0000][1][safepoint    ] Safepoint "RevokeBias", Time since last: 2503657168 ns, Reaching safepoint: 76825 ns, At safepoint: 18709 ns, Total: 95534 ns
[2020-02-21T04:50:56.068+0000][1][safepoint    ] Safepoint "RevokeBias", Time since last: 2511213425 ns, Reaching safepoint: 167605 ns, At safepoint: 44485 ns, Total: 212090 ns
[2020-02-21T04:50:58.584+0000][1][safepoint    ] Safepoint "RevokeBias", Time since last: 2516341600 ns, Reaching safepoint: 73015 ns, At safepoint: 17759 ns, Total: 90774 ns
[2020-02-21T04:51:01.097+0000][1][safepoint    ] Safepoint "RevokeBias", Time since last: 2512802089 ns, Reaching safepoint: 109061 ns, At safepoint: 18290 ns, Total: 127351 ns
[2020-02-21T04:51:03.601+0000][1][safepoint    ] Safepoint "RevokeBias", Time since last: 2503875467 ns, Reaching safepoint: 77434 ns, At safepoint: 22888 ns, Total: 100322 ns
[2020-02-21T04:51:06.109+0000][1][safepoint    ] Safepoint "RevokeBias", Time since last: 2507581464 ns, Reaching safepoint: 53683 ns, At safepoint: 15817 ns, Total: 69500 ns
[2020-02-21T04:51:08.617+0000][1][safepoint    ] Safepoint "RevokeBias", Time since last: 2507382692 ns, Reaching safepoint: 264936 ns, At safepoint: 48815 ns, Total: 313751 ns
[2020-02-21T04:51:11.121+0000][1][safepoint    ] Safepoint "RevokeBias", Time since last: 2504780728 ns, Reaching safepoint: 82897 ns, At safepoint: 20360 ns, Total: 103257 ns
[2020-02-21T04:51:13.626+0000][1][safepoint    ] Safepoint "RevokeBias", Time since last: 2504612839 ns, Reaching safepoint: 88550 ns, At safepoint: 17394 ns, Total: 105944 ns
[2020-02-21T04:51:16.141+0000][1][safepoint    ] Safepoint "RevokeBias", Time since last: 2515075908 ns, Reaching safepoint: 72401 ns, At safepoint: 17763 ns, Total: 90164 ns
[2020-02-21T04:51:18.649+0000][1][safepoint    ] Safepoint "RevokeBias", Time since last: 2507287705 ns, Reaching safepoint: 71970 ns, At safepoint: 18307 ns, Total: 90277 ns
[2020-02-21T04:51:21.155+0000][1][safepoint    ] Safepoint "RevokeBias", Time since last: 2505995578 ns, Reaching safepoint: 244942 ns, At safepoint: 30997 ns, Total: 275939 ns
[2020-02-21T04:51:23.662+0000][1][safepoint    ] Safepoint "RevokeBias", Time since last: 2507159187 ns, Reaching safepoint: 144043 ns, At safepoint: 34826 ns, Total: 178869 ns
[2020-02-21T04:51:26.166+0000][1][safepoint    ] Safepoint "RevokeBias", Time since last: 2504010970 ns, Reaching safepoint: 116649 ns, At safepoint: 30099 ns, Total: 146748 ns
[2020-02-21T04:51:28.682+0000][1][safepoint    ] Safepoint "RevokeBias", Time since last: 2515770803 ns, Reaching safepoint: 125563 ns, At safepoint: 30890 ns, Total: 156453 ns
[2020-02-21T04:51:31.196+0000][1][safepoint    ] Safepoint "RevokeBias", Time since last: 2513526788 ns, Reaching safepoint: 55394 ns, At safepoint: 16668 ns, Total: 72062 ns
[2020-02-21T04:51:33.698+0000][1][safepoint    ] Safepoint "RevokeBias", Time since last: 2502401404 ns, Reaching safepoint: 72929 ns, At safepoint: 17618 ns, Total: 90547 ns
[2020-02-21T04:51:34.312+0000][1][gc,start     ] GC(118) Pause Young (Allocation Failure)
[2020-02-21T04:51:34.312+0000][1][gc,task      ] GC(118) Using 1 workers of 1 for evacuation
[2020-02-21T04:51:34.323+0000][1][gc,age       ] GC(118) Desired survivor size 4358144 bytes, new threshold 6 (max threshold 6)
[2020-02-21T04:51:34.323+0000][1][gc,age       ] GC(118) Age table with threshold 6 (max threshold 6)
[2020-02-21T04:51:34.323+0000][1][gc,age       ] GC(118) - age   1:      13096 bytes,      13096 total
[2020-02-21T04:51:34.323+0000][1][gc,age       ] GC(118) - age   3:        120 bytes,      13216 total
[2020-02-21T04:51:34.323+0000][1][gc,age       ] GC(118) - age   4:        840 bytes,      14056 total
[2020-02-21T04:51:34.323+0000][1][gc,age       ] GC(118) - age   5:        856 bytes,      14912 total
[2020-02-21T04:51:34.323+0000][1][gc,heap      ] GC(118) ParNew: 68177K->26K(76672K)
[2020-02-21T04:51:34.323+0000][1][gc,heap      ] GC(118) CMS: 62615K->62615K(963392K)
[2020-02-21T04:51:34.323+0000][1][gc,metaspace ] GC(118) Metaspace: 80265K->80265K(1124352K)
[2020-02-21T04:51:34.323+0000][1][gc           ] GC(118) Pause Young (Allocation Failure) 127M->61M(1015M) 10.902ms
[2020-02-21T04:51:34.323+0000][1][gc,cpu       ] GC(118) User=0.01s Sys=0.00s Real=0.01s
[2020-02-21T04:51:34.323+0000][1][safepoint    ] Safepoint "GenCollectForAllocation", Time since last: 613319711 ns, Reaching safepoint: 77373 ns, At safepoint: 10982401 ns, Total: 11059774 ns
[2020-02-21T04:51:36.203+0000][1][safepoint    ] Safepoint "RevokeBias", Time since last: 1879798800 ns, Reaching safepoint: 98188 ns, At safepoint: 22264 ns, Total: 120452 ns
[2020-02-21T04:51:38.709+0000][1][safepoint    ] Safepoint "BulkRevokeBias", Time since last: 2506100194 ns, Reaching safepoint: 74583 ns, At safepoint: 179495 ns, Total: 254078 ns
[2020-02-21T04:51:41.213+0000][1][safepoint    ] Safepoint "RevokeBias", Time since last: 2503534160 ns, Reaching safepoint: 87185 ns, At safepoint: 16903 ns, Total: 104088 ns
[2020-02-21T04:51:43.719+0000][1][safepoint    ] Safepoint "RevokeBias", Time since last: 2505914938 ns, Reaching safepoint: 69774 ns, At safepoint: 16684 ns, Total: 86458 ns
[2020-02-21T04:51:46.233+0000][1][safepoint    ] Safepoint "RevokeBias", Time since last: 2513638464 ns, Reaching safepoint: 91602 ns, At safepoint: 19129 ns, Total: 110731 ns
[2020-02-21T04:51:48.744+0000][1][safepoint    ] Safepoint "RevokeBias", Time since last: 2511493149 ns, Reaching safepoint: 161120 ns, At safepoint: 52951 ns, Total: 214071 ns
[2020-02-21T04:51:51.249+0000][1][safepoint    ] Safepoint "RevokeBias", Time since last: 2504557828 ns, Reaching safepoint: 114137 ns, At safepoint: 64139 ns, Total: 178276 ns
[2020-02-21T04:51:53.767+0000][1][safepoint    ] Safepoint "RevokeBias", Time since last: 2517944327 ns, Reaching safepoint: 118948 ns, At safepoint: 25391 ns, Total: 144339 ns
[2020-02-21T04:51:54.768+0000][1][safepoint    ] Safepoint "Cleanup", Time since last: 1000449841 ns, Reaching safepoint: 108460 ns, At safepoint: 13014 ns, Total: 121474 ns
[2020-02-21T04:51:56.302+0000][1][safepoint    ] Safepoint "RevokeBias", Time since last: 1534376389 ns, Reaching safepoint: 71662 ns, At safepoint: 16979 ns, Total: 88641 ns
[2020-02-21T04:51:58.825+0000][1][safepoint    ] Safepoint "RevokeBias", Time since last: 2522497406 ns, Reaching safepoint: 74892 ns, At safepoint: 18273 ns, Total: 93165 ns
[2020-02-21T04:52:01.328+0000][1][safepoint    ] Safepoint "RevokeBias", Time since last: 2502993491 ns, Reaching safepoint: 70600 ns, At safepoint: 17462 ns, Total: 88062 ns
[2020-02-21T04:52:03.837+0000][1][safepoint    ] Safepoint "RevokeBias", Time since last: 2509227359 ns, Reaching safepoint: 166680 ns, At safepoint: 18431 ns, Total: 185111 ns
[2020-02-21T04:52:06.352+0000][1][safepoint    ] Safepoint "RevokeBias", Time since last: 2514354222 ns, Reaching safepoint: 104563 ns, At safepoint: 29684 ns, Total: 134247 ns
[2020-02-21T04:52:08.858+0000][1][safepoint    ] Safepoint "RevokeBias", Time since last: 2506739426 ns, Reaching safepoint: 75717 ns, At safepoint: 17927 ns, Total: 93644 ns
[2020-02-21T04:52:11.370+0000][1][safepoint    ] Safepoint "RevokeBias", Time since last: 2511651372 ns, Reaching safepoint: 103135 ns, At safepoint: 17634 ns, Total: 120769 ns
[2020-02-21T04:52:13.886+0000][1][safepoint    ] Safepoint "RevokeBias", Time since last: 2516062124 ns, Reaching safepoint: 89962 ns, At safepoint: 19150 ns, Total: 109112 ns
[2020-02-21T04:52:16.464+0000][1][safepoint    ] Safepoint "RevokeBias", Time since last: 2577416849 ns, Reaching safepoint: 76778 ns, At safepoint: 25198 ns, Total: 101976 ns
[2020-02-21T04:52:18.977+0000][1][safepoint    ] Safepoint "RevokeBias", Time since last: 2512548327 ns, Reaching safepoint: 208243 ns, At safepoint: 25953 ns, Total: 234196 ns
[2020-02-21T04:52:21.501+0000][1][safepoint    ] Safepoint "RevokeBias", Time since last: 2524234764 ns, Reaching safepoint: 91871 ns, At safepoint: 20449 ns, Total: 112320 ns
[2020-02-21T04:52:24.033+0000][1][safepoint    ] Safepoint "RevokeBias", Time since last: 2531394198 ns, Reaching safepoint: 99378 ns, At safepoint: 26982 ns, Total: 126360 ns
[2020-02-21T04:52:26.546+0000][1][safepoint    ] Safepoint "RevokeBias", Time since last: 2513269521 ns, Reaching safepoint: 62596 ns, At safepoint: 16982 ns, Total: 79578 ns
[2020-02-21T04:52:29.052+0000][1][safepoint    ] Safepoint "RevokeBias", Time since last: 2505681046 ns, Reaching safepoint: 77088 ns, At safepoint: 19450 ns, Total: 96538 ns
[2020-02-21T04:52:31.554+0000][1][safepoint    ] Safepoint "RevokeBias", Time since last: 2502521201 ns, Reaching safepoint: 71517 ns, At safepoint: 17463 ns, Total: 88980 ns
[2020-02-21T04:52:34.063+0000][1][safepoint    ] Safepoint "RevokeBias", Time since last: 2508408428 ns, Reaching safepoint: 133343 ns, At safepoint: 22734 ns, Total: 156077 ns
[2020-02-21T04:52:36.577+0000][1][safepoint    ] Safepoint "RevokeBias", Time since last: 2514132713 ns, Reaching safepoint: 77577 ns, At safepoint: 19047 ns, Total: 96624 ns
[2020-02-21T04:52:39.082+0000][1][safepoint    ] Safepoint "RevokeBias", Time since last: 2505143752 ns, Reaching safepoint: 73817 ns, At safepoint: 17610 ns, Total: 91427 ns
[2020-02-21T04:52:41.586+0000][1][safepoint    ] Safepoint "RevokeBias", Time since last: 2503723553 ns, Reaching safepoint: 70060 ns, At safepoint: 16556 ns, Total: 86616 ns
[2020-02-21T04:52:44.093+0000][1][safepoint    ] Safepoint "RevokeBias", Time since last: 2506993692 ns, Reaching safepoint: 76752 ns, At safepoint: 18552 ns, Total: 95304 ns
[2020-02-21T04:52:46.607+0000][1][safepoint    ] Safepoint "RevokeBias", Time since last: 2513536137 ns, Reaching safepoint: 56443 ns, At safepoint: 16843 ns, Total: 73286 ns
[2020-02-21T04:52:49.117+0000][1][safepoint    ] Safepoint "RevokeBias", Time since last: 2509797565 ns, Reaching safepoint: 73770 ns, At safepoint: 17853 ns, Total: 91623 ns
[2020-02-21T04:52:51.621+0000][1][safepoint    ] Safepoint "BulkRevokeBias", Time since last: 2504261583 ns, Reaching safepoint: 89822 ns, At safepoint: 240972 ns, Total: 330794 ns
[2020-02-21T04:52:54.128+0000][1][safepoint    ] Safepoint "RevokeBias", Time since last: 2506139465 ns, Reaching safepoint: 72358 ns, At safepoint: 18531 ns, Total: 90889 ns
[2020-02-21T04:52:56.630+0000][1][safepoint    ] Safepoint "RevokeBias", Time since last: 2502445472 ns, Reaching safepoint: 72709 ns, At safepoint: 17410 ns, Total: 90119 ns
[2020-02-21T04:52:59.137+0000][1][safepoint    ] Safepoint "RevokeBias", Time since last: 2507068115 ns, Reaching safepoint: 169538 ns, At safepoint: 62850 ns, Total: 232388 ns
[2020-02-21T04:53:01.642+0000][1][safepoint    ] Safepoint "RevokeBias", Time since last: 2504720954 ns, Reaching safepoint: 73810 ns, At safepoint: 18369 ns, Total: 92179 ns
[2020-02-21T04:53:04.159+0000][1][safepoint    ] Safepoint "RevokeBias", Time since last: 2516819741 ns, Reaching safepoint: 118619 ns, At safepoint: 56738 ns, Total: 175357 ns
[2020-02-21T04:53:06.670+0000][1][safepoint    ] Safepoint "RevokeBias", Time since last: 2510216975 ns, Reaching safepoint: 76189 ns, At safepoint: 19352 ns, Total: 95541 ns
[2020-02-21T04:53:09.177+0000][1][safepoint    ] Safepoint "RevokeBias", Time since last: 2506939387 ns, Reaching safepoint: 72802 ns, At safepoint: 17270 ns, Total: 90072 ns
[2020-02-21T04:53:11.681+0000][1][safepoint    ] Safepoint "RevokeBias", Time since last: 2503837524 ns, Reaching safepoint: 84358 ns, At safepoint: 20791 ns, Total: 105149 ns
[2020-02-21T04:53:14.187+0000][1][safepoint    ] Safepoint "RevokeBias", Time since last: 2506569398 ns, Reaching safepoint: 75445 ns, At safepoint: 18935 ns, Total: 94380 ns
[2020-02-21T04:53:16.694+0000][1][safepoint    ] Safepoint "RevokeBias", Time since last: 2507158830 ns, Reaching safepoint: 53838 ns, At safepoint: 16363 ns, Total: 70201 ns
[2020-02-21T04:53:19.201+0000][1][safepoint    ] Safepoint "RevokeBias", Time since last: 2506934001 ns, Reaching safepoint: 72590 ns, At safepoint: 16762 ns, Total: 89352 ns
[2020-02-21T04:53:21.707+0000][1][safepoint    ] Safepoint "RevokeBias", Time since last: 2505137345 ns, Reaching safepoint: 147646 ns, At safepoint: 34749 ns, Total: 182395 ns
[2020-02-21T04:53:24.213+0000][1][safepoint    ] Safepoint "RevokeBias", Time since last: 2506457059 ns, Reaching safepoint: 75258 ns, At safepoint: 17412 ns, Total: 92670 ns
[2020-02-21T04:53:26.718+0000][1][safepoint    ] Safepoint "RevokeBias", Time since last: 2505006033 ns, Reaching safepoint: 75990 ns, At safepoint: 17933 ns, Total: 93923 ns
[2020-02-21T04:53:29.224+0000][1][safepoint    ] Safepoint "RevokeBias", Time since last: 2505969026 ns, Reaching safepoint: 72776 ns, At safepoint: 16670 ns, Total: 89446 ns
[2020-02-21T04:53:31.804+0000][1][safepoint    ] Safepoint "RevokeBias", Time since last: 2579425523 ns, Reaching safepoint: 70679 ns, At safepoint: 17174 ns, Total: 87853 ns
[2020-02-21T04:53:34.324+0000][1][safepoint    ] Safepoint "RevokeBias", Time since last: 2519834330 ns, Reaching safepoint: 93882 ns, At safepoint: 18837 ns, Total: 112719 ns
[2020-02-21T04:53:36.832+0000][1][safepoint    ] Safepoint "RevokeBias", Time since last: 2507729387 ns, Reaching safepoint: 72498 ns, At safepoint: 17750 ns, Total: 90248 ns
[2020-02-21T04:53:39.335+0000][1][safepoint    ] Safepoint "RevokeBias", Time since last: 2503530193 ns, Reaching safepoint: 72373 ns, At safepoint: 17141 ns, Total: 89514 ns
[2020-02-21T04:53:41.838+0000][1][safepoint    ] Safepoint "RevokeBias", Time since last: 2502820285 ns, Reaching safepoint: 71939 ns, At safepoint: 17773 ns, Total: 89712 ns
[2020-02-21T04:53:44.343+0000][1][safepoint    ] Safepoint "RevokeBias", Time since last: 2504374385 ns, Reaching safepoint: 84423 ns, At safepoint: 20645 ns, Total: 105068 ns
[2020-02-21T04:53:46.847+0000][1][safepoint    ] Safepoint "RevokeBias", Time since last: 2503906398 ns, Reaching safepoint: 73437 ns, At safepoint: 17346 ns, Total: 90783 ns
[2020-02-21T04:53:49.349+0000][1][safepoint    ] Safepoint "RevokeBias", Time since last: 2502517189 ns, Reaching safepoint: 76686 ns, At safepoint: 18449 ns, Total: 95135 ns
[2020-02-21T04:53:51.860+0000][1][safepoint    ] Safepoint "RevokeBias", Time since last: 2510127637 ns, Reaching safepoint: 86293 ns, At safepoint: 20903 ns, Total: 107196 ns
[2020-02-21T04:53:54.370+0000][1][safepoint    ] Safepoint "RevokeBias", Time since last: 2510191664 ns, Reaching safepoint: 59010 ns, At safepoint: 16476 ns, Total: 75486 ns
[2020-02-21T04:53:55.953+0000][1][gc,start     ] GC(119) Pause Young (Allocation Failure)
[2020-02-21T04:53:55.953+0000][1][gc,task      ] GC(119) Using 1 workers of 1 for evacuation
[2020-02-21T04:53:55.963+0000][1][gc,age       ] GC(119) Desired survivor size 4358144 bytes, new threshold 6 (max threshold 6)
[2020-02-21T04:53:55.963+0000][1][gc,age       ] GC(119) Age table with threshold 6 (max threshold 6)
[2020-02-21T04:53:55.963+0000][1][gc,age       ] GC(119) - age   1:      11976 bytes,      11976 total
[2020-02-21T04:53:55.963+0000][1][gc,age       ] GC(119) - age   2:        184 bytes,      12160 total
[2020-02-21T04:53:55.963+0000][1][gc,age       ] GC(119) - age   4:        120 bytes,      12280 total
[2020-02-21T04:53:55.963+0000][1][gc,age       ] GC(119) - age   5:        608 bytes,      12888 total
[2020-02-21T04:53:55.963+0000][1][gc,age       ] GC(119) - age   6:        856 bytes,      13744 total
[2020-02-21T04:53:55.964+0000][1][gc,heap      ] GC(119) ParNew: 68186K->17K(76672K)
[2020-02-21T04:53:55.964+0000][1][gc,heap      ] GC(119) CMS: 62615K->62615K(963392K)
[2020-02-21T04:53:55.964+0000][1][gc,metaspace ] GC(119) Metaspace: 80265K->80265K(1124352K)
[2020-02-21T04:53:55.964+0000][1][gc           ] GC(119) Pause Young (Allocation Failure) 127M->61M(1015M) 10.764ms
[2020-02-21T04:53:55.964+0000][1][gc,cpu       ] GC(119) User=0.01s Sys=0.00s Real=0.01s
[2020-02-21T04:53:55.964+0000][1][safepoint    ] Safepoint "GenCollectForAllocation", Time since last: 1583149863 ns, Reaching safepoint: 71375 ns, At safepoint: 10817446 ns, Total: 10888821 ns
[2020-02-21T04:53:56.874+0000][1][safepoint    ] Safepoint "RevokeBias", Time since last: 910409579 ns, Reaching safepoint: 99710 ns, At safepoint: 26925 ns, Total: 126635 ns
[2020-02-21T04:53:59.378+0000][1][safepoint    ] Safepoint "RevokeBias", Time since last: 2503582001 ns, Reaching safepoint: 76021 ns, At safepoint: 18773 ns, Total: 94794 ns
[2020-02-21T04:54:01.882+0000][1][safepoint    ] Safepoint "RevokeBias", Time since last: 2503891595 ns, Reaching safepoint: 85548 ns, At safepoint: 20532 ns, Total: 106080 ns
[2020-02-21T04:54:04.398+0000][1][safepoint    ] Safepoint "BulkRevokeBias", Time since last: 2515424020 ns, Reaching safepoint: 72091 ns, At safepoint: 321175 ns, Total: 393266 ns
[2020-02-21T04:54:06.910+0000][1][safepoint    ] Safepoint "RevokeBias", Time since last: 2512405309 ns, Reaching safepoint: 73468 ns, At safepoint: 17615 ns, Total: 91083 ns
[2020-02-21T04:54:09.417+0000][1][safepoint    ] Safepoint "RevokeBias", Time since last: 2506828448 ns, Reaching safepoint: 89124 ns, At safepoint: 26843 ns, Total: 115967 ns
[2020-02-21T04:54:11.922+0000][1][safepoint    ] Safepoint "RevokeBias", Time since last: 2504391836 ns, Reaching safepoint: 75925 ns, At safepoint: 18356 ns, Total: 94281 ns
[2020-02-21T04:54:14.428+0000][1][safepoint    ] Safepoint "RevokeBias", Time since last: 2505868006 ns, Reaching safepoint: 76436 ns, At safepoint: 18587 ns, Total: 95023 ns
[2020-02-21T04:54:16.932+0000][1][safepoint    ] Safepoint "RevokeBias", Time since last: 2503974002 ns, Reaching safepoint: 128969 ns, At safepoint: 69003 ns, Total: 197972 ns
[2020-02-21T04:54:19.436+0000][1][safepoint    ] Safepoint "RevokeBias", Time since last: 2503862727 ns, Reaching safepoint: 72053 ns, At safepoint: 18357 ns, Total: 90410 ns
[2020-02-21T04:54:21.951+0000][1][safepoint    ] Safepoint "RevokeBias", Time since last: 2515043077 ns, Reaching safepoint: 149584 ns, At safepoint: 25364 ns, Total: 174948 ns
[2020-02-21T04:54:24.463+0000][1][safepoint    ] Safepoint "RevokeBias", Time since last: 2511787473 ns, Reaching safepoint: 115642 ns, At safepoint: 72371 ns, Total: 188013 ns
[2020-02-21T04:54:26.968+0000][1][safepoint    ] Safepoint "RevokeBias", Time since last: 2505119750 ns, Reaching safepoint: 89374 ns, At safepoint: 24182 ns, Total: 113556 ns
[2020-02-21T04:54:29.475+0000][1][safepoint    ] Safepoint "RevokeBias", Time since last: 2506403895 ns, Reaching safepoint: 192917 ns, At safepoint: 32666 ns, Total: 225583 ns
[2020-02-21T04:54:31.979+0000][1][safepoint    ] Safepoint "RevokeBias", Time since last: 2503688938 ns, Reaching safepoint: 189795 ns, At safepoint: 21340 ns, Total: 211135 ns
[2020-02-21T04:54:34.487+0000][1][safepoint    ] Safepoint "RevokeBias", Time since last: 2508468692 ns, Reaching safepoint: 75271 ns, At safepoint: 20433 ns, Total: 95704 ns
[2020-02-21T04:54:36.998+0000][1][safepoint    ] Safepoint "RevokeBias", Time since last: 2510670617 ns, Reaching safepoint: 90234 ns, At safepoint: 21177 ns, Total: 111411 ns
[2020-02-21T04:54:39.505+0000][1][safepoint    ] Safepoint "RevokeBias", Time since last: 2506102852 ns, Reaching safepoint: 157541 ns, At safepoint: 18919 ns, Total: 176460 ns
[2020-02-21T04:54:42.007+0000][1][safepoint    ] Safepoint "RevokeBias", Time since last: 2502744663 ns, Reaching safepoint: 75298 ns, At safepoint: 19263 ns, Total: 94561 ns
[2020-02-21T04:54:44.516+0000][1][safepoint    ] Safepoint "RevokeBias", Time since last: 2508058521 ns, Reaching safepoint: 110364 ns, At safepoint: 30074 ns, Total: 140438 ns
[2020-02-21T04:54:47.020+0000][1][safepoint    ] Safepoint "RevokeBias", Time since last: 2504371623 ns, Reaching safepoint: 78333 ns, At safepoint: 19922 ns, Total: 98255 ns
[2020-02-21T04:54:49.524+0000][1][safepoint    ] Safepoint "RevokeBias", Time since last: 2504082421 ns, Reaching safepoint: 177401 ns, At safepoint: 26994 ns, Total: 204395 ns
[2020-02-21T04:54:52.035+0000][1][safepoint    ] Safepoint "RevokeBias", Time since last: 2510695514 ns, Reaching safepoint: 72466 ns, At safepoint: 18483 ns, Total: 90949 ns
[2020-02-21T04:54:54.548+0000][1][safepoint    ] Safepoint "RevokeBias", Time since last: 2512813406 ns, Reaching safepoint: 78089 ns, At safepoint: 20219 ns, Total: 98308 ns
[2020-02-21T04:54:57.070+0000][1][safepoint    ] Safepoint "RevokeBias", Time since last: 2521730290 ns, Reaching safepoint: 73528 ns, At safepoint: 17609 ns, Total: 91137 ns
[2020-02-21T04:54:59.576+0000][1][safepoint    ] Safepoint "RevokeBias", Time since last: 2506245576 ns, Reaching safepoint: 71640 ns, At safepoint: 17304 ns, Total: 88944 ns
[2020-02-21T04:55:02.080+0000][1][safepoint    ] Safepoint "RevokeBias", Time since last: 2503253152 ns, Reaching safepoint: 78134 ns, At safepoint: 18791 ns, Total: 96925 ns
[2020-02-21T04:55:04.588+0000][1][safepoint    ] Safepoint "RevokeBias", Time since last: 2507941553 ns, Reaching safepoint: 128691 ns, At safepoint: 28439 ns, Total: 157130 ns
[2020-02-21T04:55:07.098+0000][1][safepoint    ] Safepoint "RevokeBias", Time since last: 2510166705 ns, Reaching safepoint: 108639 ns, At safepoint: 38250 ns, Total: 146889 ns
[2020-02-21T04:55:09.606+0000][1][safepoint    ] Safepoint "RevokeBias", Time since last: 2507555005 ns, Reaching safepoint: 69683 ns, At safepoint: 16646 ns, Total: 86329 ns
[2020-02-21T04:55:12.109+0000][1][safepoint    ] Safepoint "RevokeBias", Time since last: 2502959053 ns, Reaching safepoint: 73044 ns, At safepoint: 18501 ns, Total: 91545 ns
[2020-02-21T04:55:14.615+0000][1][safepoint    ] Safepoint "RevokeBias", Time since last: 2505875398 ns, Reaching safepoint: 71854 ns, At safepoint: 17827 ns, Total: 89681 ns
[2020-02-21T04:55:17.121+0000][1][safepoint    ] Safepoint "BulkRevokeBias", Time since last: 2505705666 ns, Reaching safepoint: 183774 ns, At safepoint: 302089 ns, Total: 485863 ns
[2020-02-21T04:55:19.625+0000][1][safepoint    ] Safepoint "RevokeBias", Time since last: 2503682895 ns, Reaching safepoint: 94762 ns, At safepoint: 41329 ns, Total: 136091 ns
[2020-02-21T04:55:22.145+0000][1][safepoint    ] Safepoint "RevokeBias", Time since last: 2519749290 ns, Reaching safepoint: 126828 ns, At safepoint: 31546 ns, Total: 158374 ns
[2020-02-21T04:55:24.660+0000][1][safepoint    ] Safepoint "RevokeBias", Time since last: 2515031619 ns, Reaching safepoint: 161802 ns, At safepoint: 27255 ns, Total: 189057 ns
[2020-02-21T04:55:27.174+0000][1][safepoint    ] Safepoint "RevokeBias", Time since last: 2512571768 ns, Reaching safepoint: 1752798 ns, At safepoint: 36437 ns, Total: 1789235 ns
[2020-02-21T04:55:29.679+0000][1][safepoint    ] Safepoint "RevokeBias", Time since last: 2504408270 ns, Reaching safepoint: 99614 ns, At safepoint: 27546 ns, Total: 127160 ns
[2020-02-21T04:55:32.183+0000][1][safepoint    ] Safepoint "RevokeBias", Time since last: 2504701796 ns, Reaching safepoint: 67010 ns, At safepoint: 24592 ns, Total: 91602 ns
[2020-02-21T04:55:34.702+0000][1][safepoint    ] Safepoint "RevokeBias", Time since last: 2518072713 ns, Reaching safepoint: 99261 ns, At safepoint: 43088 ns, Total: 142349 ns
[2020-02-21T04:55:37.214+0000][1][safepoint    ] Safepoint "RevokeBias", Time since last: 2511844170 ns, Reaching safepoint: 375805 ns, At safepoint: 27790 ns, Total: 403595 ns
[2020-02-21T04:55:39.721+0000][1][safepoint    ] Safepoint "RevokeBias", Time since last: 2506769870 ns, Reaching safepoint: 126049 ns, At safepoint: 32609 ns, Total: 158658 ns
[2020-02-21T04:55:42.225+0000][1][safepoint    ] Safepoint "RevokeBias", Time since last: 2504465441 ns, Reaching safepoint: 77516 ns, At safepoint: 19443 ns, Total: 96959 ns
[2020-02-21T04:55:44.733+0000][1][safepoint    ] Safepoint "RevokeBias", Time since last: 2507770915 ns, Reaching safepoint: 76038 ns, At safepoint: 19754 ns, Total: 95792 ns
[2020-02-21T04:55:47.239+0000][1][safepoint    ] Safepoint "RevokeBias", Time since last: 2505222597 ns, Reaching safepoint: 73880 ns, At safepoint: 18733 ns, Total: 92613 ns
[2020-02-21T04:55:49.741+0000][1][safepoint    ] Safepoint "RevokeBias", Time since last: 2502014270 ns, Reaching safepoint: 54687 ns, At safepoint: 15842 ns, Total: 70529 ns
[2020-02-21T04:55:52.252+0000][1][safepoint    ] Safepoint "RevokeBias", Time since last: 2511213376 ns, Reaching safepoint: 184569 ns, At safepoint: 49370 ns, Total: 233939 ns
[2020-02-21T04:55:54.765+0000][1][safepoint    ] Safepoint "RevokeBias", Time since last: 2512590165 ns, Reaching safepoint: 200312 ns, At safepoint: 50259 ns, Total: 250571 ns
[2020-02-21T04:55:57.269+0000][1][safepoint    ] Safepoint "RevokeBias", Time since last: 2504013695 ns, Reaching safepoint: 97592 ns, At safepoint: 35203 ns, Total: 132795 ns
[2020-02-21T04:55:59.778+0000][1][safepoint    ] Safepoint "RevokeBias", Time since last: 2507781210 ns, Reaching safepoint: 1199474 ns, At safepoint: 29219 ns, Total: 1228693 ns
[2020-02-21T04:56:02.285+0000][1][safepoint    ] Safepoint "RevokeBias", Time since last: 2506988517 ns, Reaching safepoint: 154278 ns, At safepoint: 32462 ns, Total: 186740 ns
[2020-02-21T04:56:04.811+0000][1][safepoint    ] Safepoint "RevokeBias", Time since last: 2525775925 ns, Reaching safepoint: 65820 ns, At safepoint: 18825 ns, Total: 84645 ns
[2020-02-21T04:56:07.326+0000][1][safepoint    ] Safepoint "RevokeBias", Time since last: 2514317589 ns, Reaching safepoint: 100121 ns, At safepoint: 17625 ns, Total: 117746 ns
[2020-02-21T04:56:09.829+0000][1][safepoint    ] Safepoint "RevokeBias", Time since last: 2502903754 ns, Reaching safepoint: 134388 ns, At safepoint: 29360 ns, Total: 163748 ns
[2020-02-21T04:56:12.332+0000][1][safepoint    ] Safepoint "RevokeBias", Time since last: 2502917548 ns, Reaching safepoint: 71468 ns, At safepoint: 17181 ns, Total: 88649 ns
[2020-02-21T04:56:14.333+0000][1][safepoint    ] Safepoint "Cleanup", Time since last: 2001261524 ns, Reaching safepoint: 87605 ns, At safepoint: 8624 ns, Total: 96229 ns
[2020-02-21T04:56:14.836+0000][1][gc,start     ] GC(120) Pause Young (Allocation Failure)
[2020-02-21T04:56:14.836+0000][1][gc,task      ] GC(120) Using 1 workers of 1 for evacuation
[2020-02-21T04:56:14.847+0000][1][gc,age       ] GC(120) Desired survivor size 4358144 bytes, new threshold 6 (max threshold 6)
[2020-02-21T04:56:14.847+0000][1][gc,age       ] GC(120) Age table with threshold 6 (max threshold 6)
[2020-02-21T04:56:14.847+0000][1][gc,age       ] GC(120) - age   1:      77904 bytes,      77904 total
[2020-02-21T04:56:14.847+0000][1][gc,age       ] GC(120) - age   2:        384 bytes,      78288 total
[2020-02-21T04:56:14.847+0000][1][gc,age       ] GC(120) - age   3:         64 bytes,      78352 total
[2020-02-21T04:56:14.847+0000][1][gc,age       ] GC(120) - age   5:        120 bytes,      78472 total
[2020-02-21T04:56:14.847+0000][1][gc,age       ] GC(120) - age   6:        608 bytes,      79080 total
[2020-02-21T04:56:14.847+0000][1][gc,heap      ] GC(120) ParNew: 68177K->88K(76672K)
[2020-02-21T04:56:14.847+0000][1][gc,heap      ] GC(120) CMS: 62615K->62616K(963392K)
[2020-02-21T04:56:14.847+0000][1][gc,metaspace ] GC(120) Metaspace: 80265K->80265K(1124352K)
[2020-02-21T04:56:14.847+0000][1][gc           ] GC(120) Pause Young (Allocation Failure) 127M->61M(1015M) 10.695ms
[2020-02-21T04:56:14.847+0000][1][gc,cpu       ] GC(120) User=0.01s Sys=0.00s Real=0.01s
[2020-02-21T04:56:14.847+0000][1][safepoint    ] Safepoint "GenCollectForAllocation", Time since last: 503320191 ns, Reaching safepoint: 78456 ns, At safepoint: 10741659 ns, Total: 10820115 ns
[2020-02-21T04:56:14.848+0000][1][safepoint    ] Safepoint "RevokeBias", Time since last: 859305 ns, Reaching safepoint: 47685 ns, At safepoint: 13993 ns, Total: 61678 ns
[2020-02-21T04:56:17.355+0000][1][safepoint    ] Safepoint "RevokeBias", Time since last: 2507142866 ns, Reaching safepoint: 93538 ns, At safepoint: 23659 ns, Total: 117197 ns
[2020-02-21T04:56:19.860+0000][1][safepoint    ] Safepoint "RevokeBias", Time since last: 2504399193 ns, Reaching safepoint: 94586 ns, At safepoint: 25732 ns, Total: 120318 ns
[2020-02-21T04:56:22.374+0000][1][safepoint    ] Safepoint "RevokeBias", Time since last: 2514088675 ns, Reaching safepoint: 108890 ns, At safepoint: 27780 ns, Total: 136670 ns
[2020-02-21T04:56:24.883+0000][1][safepoint    ] Safepoint "RevokeBias", Time since last: 2509341094 ns, Reaching safepoint: 72344 ns, At safepoint: 17354 ns, Total: 89698 ns
[2020-02-21T04:56:27.388+0000][1][safepoint    ] Safepoint "RevokeBias", Time since last: 2504114026 ns, Reaching safepoint: 164218 ns, At safepoint: 25622 ns, Total: 189840 ns
[2020-02-21T04:56:29.894+0000][1][safepoint    ] Safepoint "BulkRevokeBias", Time since last: 2506154263 ns, Reaching safepoint: 53507 ns, At safepoint: 156249 ns, Total: 209756 ns
[2020-02-21T04:56:31.895+0000][1][safepoint    ] Safepoint "Cleanup", Time since last: 2000846876 ns, Reaching safepoint: 125174 ns, At safepoint: 11256 ns, Total: 136430 ns
[2020-02-21T04:56:32.397+0000][1][safepoint    ] Safepoint "RevokeBias", Time since last: 502019328 ns, Reaching safepoint: 54277 ns, At safepoint: 16058 ns, Total: 70335 ns
[2020-02-21T04:56:34.914+0000][1][safepoint    ] Safepoint "RevokeBias", Time since last: 2516399922 ns, Reaching safepoint: 89197 ns, At safepoint: 24779 ns, Total: 113976 ns
[2020-02-21T04:56:37.424+0000][1][safepoint    ] Safepoint "RevokeBias", Time since last: 2509873365 ns, Reaching safepoint: 75405 ns, At safepoint: 18960 ns, Total: 94365 ns
[2020-02-21T04:56:39.929+0000][1][safepoint    ] Safepoint "RevokeBias", Time since last: 2504665242 ns, Reaching safepoint: 167260 ns, At safepoint: 20562 ns, Total: 187822 ns
[2020-02-21T04:56:42.433+0000][1][safepoint    ] Safepoint "RevokeBias", Time since last: 2504264266 ns, Reaching safepoint: 92089 ns, At safepoint: 19550 ns, Total: 111639 ns
[2020-02-21T04:56:44.938+0000][1][safepoint    ] Safepoint "RevokeBias", Time since last: 2504597023 ns, Reaching safepoint: 76310 ns, At safepoint: 19095 ns, Total: 95405 ns
[2020-02-21T04:56:47.443+0000][1][safepoint    ] Safepoint "RevokeBias", Time since last: 2505447357 ns, Reaching safepoint: 89712 ns, At safepoint: 22515 ns, Total: 112227 ns
[2020-02-21T04:56:49.946+0000][1][safepoint    ] Safepoint "RevokeBias", Time since last: 2502361412 ns, Reaching safepoint: 130160 ns, At safepoint: 31180 ns, Total: 161340 ns
[2020-02-21T04:56:52.461+0000][1][safepoint    ] Safepoint "RevokeBias", Time since last: 2515099509 ns, Reaching safepoint: 51348 ns, At safepoint: 16602 ns, Total: 67950 ns
[2020-02-21T04:56:54.975+0000][1][safepoint    ] Safepoint "RevokeBias", Time since last: 2513750859 ns, Reaching safepoint: 73860 ns, At safepoint: 17702 ns, Total: 91562 ns
[2020-02-21T04:56:57.481+0000][1][safepoint    ] Safepoint "RevokeBias", Time since last: 2505715408 ns, Reaching safepoint: 330409 ns, At safepoint: 84228 ns, Total: 414637 ns
[2020-02-21T04:56:59.987+0000][1][safepoint    ] Safepoint "RevokeBias", Time since last: 2506452802 ns, Reaching safepoint: 72987 ns, At safepoint: 17602 ns, Total: 90589 ns
[2020-02-21T04:57:02.491+0000][1][safepoint    ] Safepoint "RevokeBias", Time since last: 2503284323 ns, Reaching safepoint: 77042 ns, At safepoint: 18338 ns, Total: 95380 ns
[2020-02-21T04:57:04.995+0000][1][safepoint    ] Safepoint "RevokeBias", Time since last: 2503844562 ns, Reaching safepoint: 71269 ns, At safepoint: 17524 ns, Total: 88793 ns
[2020-02-21T04:57:07.501+0000][1][safepoint    ] Safepoint "RevokeBias", Time since last: 2506143847 ns, Reaching safepoint: 72625 ns, At safepoint: 17588 ns, Total: 90213 ns
[2020-02-21T04:57:10.014+0000][1][safepoint    ] Safepoint "RevokeBias", Time since last: 2513283034 ns, Reaching safepoint: 71786 ns, At safepoint: 17992 ns, Total: 89778 ns
[2020-02-21T04:57:12.524+0000][1][safepoint    ] Safepoint "RevokeBias", Time since last: 2509379214 ns, Reaching safepoint: 72382 ns, At safepoint: 17809 ns, Total: 90191 ns
[2020-02-21T04:57:15.030+0000][1][safepoint    ] Safepoint "RevokeBias", Time since last: 2505969676 ns, Reaching safepoint: 137806 ns, At safepoint: 30191 ns, Total: 167997 ns
[2020-02-21T04:57:17.537+0000][1][safepoint    ] Safepoint "RevokeBias", Time since last: 2506425880 ns, Reaching safepoint: 132241 ns, At safepoint: 25025 ns, Total: 157266 ns
[2020-02-21T04:57:20.040+0000][1][safepoint    ] Safepoint "RevokeBias", Time since last: 2502964326 ns, Reaching safepoint: 143813 ns, At safepoint: 23196 ns, Total: 167009 ns
[2020-02-21T04:57:22.555+0000][1][safepoint    ] Safepoint "RevokeBias", Time since last: 2514974616 ns, Reaching safepoint: 57680 ns, At safepoint: 17131 ns, Total: 74811 ns
[2020-02-21T04:57:25.068+0000][1][safepoint    ] Safepoint "RevokeBias", Time since last: 2513143107 ns, Reaching safepoint: 74036 ns, At safepoint: 18165 ns, Total: 92201 ns
[2020-02-21T04:57:27.572+0000][1][safepoint    ] Safepoint "RevokeBias", Time since last: 2504172362 ns, Reaching safepoint: 189644 ns, At safepoint: 74281 ns, Total: 263925 ns
[2020-02-21T04:57:30.078+0000][1][safepoint    ] Safepoint "RevokeBias", Time since last: 2505122023 ns, Reaching safepoint: 75147 ns, At safepoint: 18714 ns, Total: 93861 ns
[2020-02-21T04:57:32.580+0000][1][safepoint    ] Safepoint "RevokeBias", Time since last: 2502652588 ns, Reaching safepoint: 73166 ns, At safepoint: 18673 ns, Total: 91839 ns
[2020-02-21T04:57:35.083+0000][1][safepoint    ] Safepoint "RevokeBias", Time since last: 2502736655 ns, Reaching safepoint: 87449 ns, At safepoint: 20609 ns, Total: 108058 ns
[2020-02-21T04:57:37.589+0000][1][safepoint    ] Safepoint "RevokeBias", Time since last: 2505877852 ns, Reaching safepoint: 72865 ns, At safepoint: 17639 ns, Total: 90504 ns
[2020-02-21T04:57:40.114+0000][1][safepoint    ] Safepoint "RevokeBias", Time since last: 2524759824 ns, Reaching safepoint: 108463 ns, At safepoint: 37500 ns, Total: 145963 ns
[2020-02-21T04:57:42.623+0000][1][safepoint    ] Safepoint "BulkRevokeBias", Time since last: 2508317361 ns, Reaching safepoint: 73773 ns, At safepoint: 260456 ns, Total: 334229 ns
[2020-02-21T04:57:45.129+0000][1][safepoint    ] Safepoint "RevokeBias", Time since last: 2506103927 ns, Reaching safepoint: 70881 ns, At safepoint: 17450 ns, Total: 88331 ns
[2020-02-21T04:57:47.632+0000][1][safepoint    ] Safepoint "RevokeBias", Time since last: 2502770644 ns, Reaching safepoint: 56285 ns, At safepoint: 15362 ns, Total: 71647 ns
[2020-02-21T04:57:50.136+0000][1][safepoint    ] Safepoint "RevokeBias", Time since last: 2504157682 ns, Reaching safepoint: 80557 ns, At safepoint: 21482 ns, Total: 102039 ns
[2020-02-21T04:57:52.656+0000][1][safepoint    ] Safepoint "RevokeBias", Time since last: 2520088519 ns, Reaching safepoint: 136491 ns, At safepoint: 40843 ns, Total: 177334 ns
[2020-02-21T04:57:55.167+0000][1][safepoint    ] Safepoint "RevokeBias", Time since last: 2510538917 ns, Reaching safepoint: 74211 ns, At safepoint: 17684 ns, Total: 91895 ns
[2020-02-21T04:57:57.671+0000][1][safepoint    ] Safepoint "RevokeBias", Time since last: 2504457699 ns, Reaching safepoint: 95807 ns, At safepoint: 42196 ns, Total: 138003 ns
[2020-02-21T04:58:00.176+0000][1][safepoint    ] Safepoint "RevokeBias", Time since last: 2504606734 ns, Reaching safepoint: 71354 ns, At safepoint: 17381 ns, Total: 88735 ns
[2020-02-21T04:58:02.679+0000][1][safepoint    ] Safepoint "RevokeBias", Time since last: 2502609114 ns, Reaching safepoint: 110668 ns, At safepoint: 23079 ns, Total: 133747 ns
[2020-02-21T04:58:05.183+0000][1][safepoint    ] Safepoint "RevokeBias", Time since last: 2504438846 ns, Reaching safepoint: 108116 ns, At safepoint: 18692 ns, Total: 126808 ns
[2020-02-21T04:58:07.689+0000][1][safepoint    ] Safepoint "RevokeBias", Time since last: 2505652145 ns, Reaching safepoint: 109825 ns, At safepoint: 18363 ns, Total: 128188 ns
[2020-02-21T04:58:10.209+0000][1][safepoint    ] Safepoint "RevokeBias", Time since last: 2514270141 ns, Reaching safepoint: 5386729 ns, At safepoint: 27799 ns, Total: 5414528 ns
[2020-02-21T04:58:12.720+0000][1][safepoint    ] Safepoint "RevokeBias", Time since last: 2510494865 ns, Reaching safepoint: 136883 ns, At safepoint: 20438 ns, Total: 157321 ns
[2020-02-21T04:58:15.223+0000][1][safepoint    ] Safepoint "RevokeBias", Time since last: 2503423294 ns, Reaching safepoint: 73799 ns, At safepoint: 17013 ns, Total: 90812 ns
[2020-02-21T04:58:17.729+0000][1][safepoint    ] Safepoint "RevokeBias", Time since last: 2505561967 ns, Reaching safepoint: 128850 ns, At safepoint: 33942 ns, Total: 162792 ns
[2020-02-21T04:58:20.233+0000][1][safepoint    ] Safepoint "RevokeBias", Time since last: 2503981018 ns, Reaching safepoint: 74734 ns, At safepoint: 17323 ns, Total: 92057 ns
[2020-02-21T04:58:22.749+0000][1][safepoint    ] Safepoint "RevokeBias", Time since last: 2515946217 ns, Reaching safepoint: 57709 ns, At safepoint: 16760 ns, Total: 74469 ns
[2020-02-21T04:58:25.258+0000][1][safepoint    ] Safepoint "RevokeBias", Time since last: 2508549011 ns, Reaching safepoint: 56335 ns, At safepoint: 16611 ns, Total: 72946 ns
[2020-02-21T04:58:27.769+0000][1][safepoint    ] Safepoint "RevokeBias", Time since last: 2510877617 ns, Reaching safepoint: 89162 ns, At safepoint: 19622 ns, Total: 108784 ns
[2020-02-21T04:58:30.277+0000][1][safepoint    ] Safepoint "RevokeBias", Time since last: 2508401455 ns, Reaching safepoint: 92834 ns, At safepoint: 19328 ns, Total: 112162 ns
[2020-02-21T04:58:32.779+0000][1][safepoint    ] Safepoint "RevokeBias", Time since last: 2502254883 ns, Reaching safepoint: 69580 ns, At safepoint: 16879 ns, Total: 86459 ns
[2020-02-21T04:58:34.723+0000][1][gc,start     ] GC(121) Pause Young (Allocation Failure)
[2020-02-21T04:58:34.723+0000][1][gc,task      ] GC(121) Using 1 workers of 1 for evacuation
[2020-02-21T04:58:34.732+0000][1][gc,age       ] GC(121) Desired survivor size 4358144 bytes, new threshold 6 (max threshold 6)
[2020-02-21T04:58:34.732+0000][1][gc,age       ] GC(121) Age table with threshold 6 (max threshold 6)
[2020-02-21T04:58:34.732+0000][1][gc,age       ] GC(121) - age   1:      13072 bytes,      13072 total
[2020-02-21T04:58:34.732+0000][1][gc,age       ] GC(121) - age   2:        144 bytes,      13216 total
[2020-02-21T04:58:34.732+0000][1][gc,age       ] GC(121) - age   3:        264 bytes,      13480 total
[2020-02-21T04:58:34.732+0000][1][gc,age       ] GC(121) - age   4:         64 bytes,      13544 total
[2020-02-21T04:58:34.732+0000][1][gc,age       ] GC(121) - age   6:        120 bytes,      13664 total
[2020-02-21T04:58:34.732+0000][1][gc,heap      ] GC(121) ParNew: 68248K->16K(76672K)
[2020-02-21T04:58:34.732+0000][1][gc,heap      ] GC(121) CMS: 62616K->62617K(963392K)
[2020-02-21T04:58:34.732+0000][1][gc,metaspace ] GC(121) Metaspace: 80265K->80265K(1124352K)
[2020-02-21T04:58:34.732+0000][1][gc           ] GC(121) Pause Young (Allocation Failure) 127M->61M(1015M) 9.425ms
[2020-02-21T04:58:34.732+0000][1][gc,cpu       ] GC(121) User=0.01s Sys=0.00s Real=0.01s
[2020-02-21T04:58:34.732+0000][1][safepoint    ] Safepoint "GenCollectForAllocation", Time since last: 1943204018 ns, Reaching safepoint: 75513 ns, At safepoint: 9517994 ns, Total: 9593507 ns
[2020-02-21T04:58:35.282+0000][1][safepoint    ] Safepoint "RevokeBias", Time since last: 549983822 ns, Reaching safepoint: 71796 ns, At safepoint: 18110 ns, Total: 89906 ns
[2020-02-21T04:58:37.787+0000][1][safepoint    ] Safepoint "RevokeBias", Time since last: 2504289592 ns, Reaching safepoint: 90847 ns, At safepoint: 20649 ns, Total: 111496 ns
[2020-02-21T04:58:40.298+0000][1][safepoint    ] Safepoint "RevokeBias", Time since last: 2511407142 ns, Reaching safepoint: 88378 ns, At safepoint: 21055 ns, Total: 109433 ns
[2020-02-21T04:58:42.812+0000][1][safepoint    ] Safepoint "RevokeBias", Time since last: 2513921152 ns, Reaching safepoint: 56387 ns, At safepoint: 15430 ns, Total: 71817 ns
[2020-02-21T04:58:45.318+0000][1][safepoint    ] Safepoint "RevokeBias", Time since last: 2505463939 ns, Reaching safepoint: 144321 ns, At safepoint: 20584 ns, Total: 164905 ns
[2020-02-21T04:58:47.822+0000][1][safepoint    ] Safepoint "RevokeBias", Time since last: 2504423623 ns, Reaching safepoint: 168658 ns, At safepoint: 32583 ns, Total: 201241 ns
[2020-02-21T04:58:50.326+0000][1][safepoint    ] Safepoint "RevokeBias", Time since last: 2503739842 ns, Reaching safepoint: 111231 ns, At safepoint: 26353 ns, Total: 137584 ns
[2020-02-21T04:58:52.832+0000][1][safepoint    ] Safepoint "RevokeBias", Time since last: 2505128663 ns, Reaching safepoint: 69465 ns, At safepoint: 17756 ns, Total: 87221 ns
[2020-02-21T04:58:55.343+0000][1][safepoint    ] Safepoint "BulkRevokeBias", Time since last: 2509659862 ns, Reaching safepoint: 1657952 ns, At safepoint: 197738 ns, Total: 1855690 ns
[2020-02-21T04:58:57.860+0000][1][safepoint    ] Safepoint "RevokeBias", Time since last: 2517165050 ns, Reaching safepoint: 71049 ns, At safepoint: 17189 ns, Total: 88238 ns
[2020-02-21T04:59:00.371+0000][1][safepoint    ] Safepoint "RevokeBias", Time since last: 2510704233 ns, Reaching safepoint: 135552 ns, At safepoint: 27197 ns, Total: 162749 ns
[2020-02-21T04:59:02.875+0000][1][safepoint    ] Safepoint "RevokeBias", Time since last: 2503663326 ns, Reaching safepoint: 72605 ns, At safepoint: 18263 ns, Total: 90868 ns
[2020-02-21T04:59:05.378+0000][1][safepoint    ] Safepoint "RevokeBias", Time since last: 2502657975 ns, Reaching safepoint: 72850 ns, At safepoint: 17796 ns, Total: 90646 ns
[2020-02-21T04:59:07.884+0000][1][safepoint    ] Safepoint "RevokeBias", Time since last: 2506008644 ns, Reaching safepoint: 90665 ns, At safepoint: 20510 ns, Total: 111175 ns
[2020-02-21T04:59:10.389+0000][1][safepoint    ] Safepoint "RevokeBias", Time since last: 2505382678 ns, Reaching safepoint: 70393 ns, At safepoint: 19819 ns, Total: 90212 ns
[2020-02-21T04:59:12.893+0000][1][safepoint    ] Safepoint "RevokeBias", Time since last: 2504124641 ns, Reaching safepoint: 73215 ns, At safepoint: 18558 ns, Total: 91773 ns
[2020-02-21T04:59:15.408+0000][1][safepoint    ] Safepoint "RevokeBias", Time since last: 2514112499 ns, Reaching safepoint: 152419 ns, At safepoint: 16677 ns, Total: 169096 ns
[2020-02-21T04:59:17.918+0000][1][safepoint    ] Safepoint "RevokeBias", Time since last: 2509991587 ns, Reaching safepoint: 70347 ns, At safepoint: 16858 ns, Total: 87205 ns
[2020-02-21T04:59:20.421+0000][1][safepoint    ] Safepoint "RevokeBias", Time since last: 2502580988 ns, Reaching safepoint: 151880 ns, At safepoint: 19319 ns, Total: 171199 ns
[2020-02-21T04:59:22.926+0000][1][safepoint    ] Safepoint "RevokeBias", Time since last: 2505145376 ns, Reaching safepoint: 181921 ns, At safepoint: 27871 ns, Total: 209792 ns
[2020-02-21T04:59:25.430+0000][1][safepoint    ] Safepoint "RevokeBias", Time since last: 2504395118 ns, Reaching safepoint: 71237 ns, At safepoint: 18172 ns, Total: 89409 ns
[2020-02-21T04:59:27.943+0000][1][safepoint    ] Safepoint "RevokeBias", Time since last: 2512742532 ns, Reaching safepoint: 69840 ns, At safepoint: 17588 ns, Total: 87428 ns
[2020-02-21T04:59:30.460+0000][1][safepoint    ] Safepoint "RevokeBias", Time since last: 2516885297 ns, Reaching safepoint: 92608 ns, At safepoint: 22531 ns, Total: 115139 ns
[2020-02-21T04:59:32.965+0000][1][safepoint    ] Safepoint "RevokeBias", Time since last: 2504784423 ns, Reaching safepoint: 88031 ns, At safepoint: 17665 ns, Total: 105696 ns
[2020-02-21T04:59:35.469+0000][1][safepoint    ] Safepoint "RevokeBias", Time since last: 2504069306 ns, Reaching safepoint: 115283 ns, At safepoint: 31068 ns, Total: 146351 ns
[2020-02-21T04:59:37.974+0000][1][safepoint    ] Safepoint "RevokeBias", Time since last: 2504784016 ns, Reaching safepoint: 86342 ns, At safepoint: 20849 ns, Total: 107191 ns
[2020-02-21T04:59:40.481+0000][1][safepoint    ] Safepoint "RevokeBias", Time since last: 2506618823 ns, Reaching safepoint: 77720 ns, At safepoint: 18773 ns, Total: 96493 ns
[2020-02-21T04:59:42.984+0000][1][safepoint    ] Safepoint "RevokeBias", Time since last: 2502573472 ns, Reaching safepoint: 71237 ns, At safepoint: 17012 ns, Total: 88249 ns
[2020-02-21T04:59:45.507+0000][1][safepoint    ] Safepoint "RevokeBias", Time since last: 2523359509 ns, Reaching safepoint: 75314 ns, At safepoint: 19595 ns, Total: 94909 ns
[2020-02-21T04:59:46.526+0000][1][safepoint    ] Safepoint "Cleanup", Time since last: 1018368614 ns, Reaching safepoint: 118784 ns, At safepoint: 11060 ns, Total: 129844 ns
[2020-02-21T04:59:48.016+0000][1][safepoint    ] Safepoint "RevokeBias", Time since last: 1490194537 ns, Reaching safepoint: 80919 ns, At safepoint: 38560 ns, Total: 119479 ns
[2020-02-21T04:59:50.518+0000][1][safepoint    ] Safepoint "RevokeBias", Time since last: 2502209127 ns, Reaching safepoint: 71658 ns, At safepoint: 17359 ns, Total: 89017 ns
[2020-02-21T04:59:53.023+0000][1][safepoint    ] Safepoint "RevokeBias", Time since last: 2504983905 ns, Reaching safepoint: 68862 ns, At safepoint: 17293 ns, Total: 86155 ns
[2020-02-21T04:59:55.527+0000][1][safepoint    ] Safepoint "RevokeBias", Time since last: 2503913456 ns, Reaching safepoint: 76882 ns, At safepoint: 20382 ns, Total: 97264 ns
[2020-02-21T04:59:58.029+0000][1][safepoint    ] Safepoint "RevokeBias", Time since last: 2501440095 ns, Reaching safepoint: 70325 ns, At safepoint: 17384 ns, Total: 87709 ns
[2020-02-21T05:00:00.532+0000][1][safepoint    ] Safepoint "RevokeBias", Time since last: 2503317174 ns, Reaching safepoint: 123458 ns, At safepoint: 17789 ns, Total: 141247 ns
[2020-02-21T05:00:03.043+0000][1][safepoint    ] Safepoint "RevokeBias", Time since last: 2510263587 ns, Reaching safepoint: 73449 ns, At safepoint: 17143 ns, Total: 90592 ns
[2020-02-21T05:00:05.550+0000][1][safepoint    ] Safepoint "RevokeBias", Time since last: 2507513547 ns, Reaching safepoint: 72628 ns, At safepoint: 17919 ns, Total: 90547 ns
[2020-02-21T05:00:08.054+0000][1][safepoint    ] Safepoint "BulkRevokeBias", Time since last: 2503138095 ns, Reaching safepoint: 71871 ns, At safepoint: 178168 ns, Total: 250039 ns
[2020-02-21T05:00:10.559+0000][1][safepoint    ] Safepoint "RevokeBias", Time since last: 2505187959 ns, Reaching safepoint: 172738 ns, At safepoint: 37819 ns, Total: 210557 ns
[2020-02-21T05:00:13.063+0000][1][safepoint    ] Safepoint "RevokeBias", Time since last: 2503508729 ns, Reaching safepoint: 158191 ns, At safepoint: 46468 ns, Total: 204659 ns
[2020-02-21T05:00:15.580+0000][1][safepoint    ] Safepoint "RevokeBias", Time since last: 2517628540 ns, Reaching safepoint: 53897 ns, At safepoint: 16334 ns, Total: 70231 ns
[2020-02-21T05:00:18.091+0000][1][safepoint    ] Safepoint "RevokeBias", Time since last: 2510285727 ns, Reaching safepoint: 126906 ns, At safepoint: 22840 ns, Total: 149746 ns
[2020-02-21T05:00:20.593+0000][1][safepoint    ] Safepoint "RevokeBias", Time since last: 2502288615 ns, Reaching safepoint: 71899 ns, At safepoint: 17059 ns, Total: 88958 ns
[2020-02-21T05:00:23.098+0000][1][safepoint    ] Safepoint "RevokeBias", Time since last: 2504314815 ns, Reaching safepoint: 149919 ns, At safepoint: 31640 ns, Total: 181559 ns
[2020-02-21T05:00:25.610+0000][1][safepoint    ] Safepoint "RevokeBias", Time since last: 2511880341 ns, Reaching safepoint: 72584 ns, At safepoint: 16912 ns, Total: 89496 ns
[2020-02-21T05:00:28.114+0000][1][safepoint    ] Safepoint "RevokeBias", Time since last: 2503809350 ns, Reaching safepoint: 71254 ns, At safepoint: 16826 ns, Total: 88080 ns
[2020-02-21T05:00:30.619+0000][1][safepoint    ] Safepoint "RevokeBias", Time since last: 2504979680 ns, Reaching safepoint: 53289 ns, At safepoint: 16212 ns, Total: 69501 ns
[2020-02-21T05:00:33.128+0000][1][safepoint    ] Safepoint "RevokeBias", Time since last: 2509362699 ns, Reaching safepoint: 71574 ns, At safepoint: 17604 ns, Total: 89178 ns
[2020-02-21T05:00:35.637+0000][1][safepoint    ] Safepoint "RevokeBias", Time since last: 2509028795 ns, Reaching safepoint: 73696 ns, At safepoint: 17993 ns, Total: 91689 ns
[2020-02-21T05:00:38.142+0000][1][safepoint    ] Safepoint "RevokeBias", Time since last: 2504695233 ns, Reaching safepoint: 133596 ns, At safepoint: 18724 ns, Total: 152320 ns
[2020-02-21T05:00:40.647+0000][1][safepoint    ] Safepoint "RevokeBias", Time since last: 2504487429 ns, Reaching safepoint: 72442 ns, At safepoint: 18498 ns, Total: 90940 ns
[2020-02-21T05:00:43.151+0000][1][safepoint    ] Safepoint "RevokeBias", Time since last: 2504071689 ns, Reaching safepoint: 72412 ns, At safepoint: 18161 ns, Total: 90573 ns
[2020-02-21T05:00:45.657+0000][1][safepoint    ] Safepoint "RevokeBias", Time since last: 2505757352 ns, Reaching safepoint: 116586 ns, At safepoint: 28089 ns, Total: 144675 ns
[2020-02-21T05:00:48.161+0000][1][safepoint    ] Safepoint "RevokeBias", Time since last: 2504303634 ns, Reaching safepoint: 85840 ns, At safepoint: 19673 ns, Total: 105513 ns
[2020-02-21T05:00:50.674+0000][1][safepoint    ] Safepoint "RevokeBias", Time since last: 2513285120 ns, Reaching safepoint: 70238 ns, At safepoint: 17654 ns, Total: 87892 ns
[2020-02-21T05:00:53.188+0000][1][safepoint    ] Safepoint "RevokeBias", Time since last: 2513518081 ns, Reaching safepoint: 71209 ns, At safepoint: 16556 ns, Total: 87765 ns
[2020-02-21T05:00:54.899+0000][1][gc,start     ] GC(122) Pause Young (Allocation Failure)
[2020-02-21T05:00:54.899+0000][1][gc,task      ] GC(122) Using 1 workers of 1 for evacuation
[2020-02-21T05:00:54.909+0000][1][gc,age       ] GC(122) Desired survivor size 4358144 bytes, new threshold 6 (max threshold 6)
[2020-02-21T05:00:54.909+0000][1][gc,age       ] GC(122) Age table with threshold 6 (max threshold 6)
[2020-02-21T05:00:54.909+0000][1][gc,age       ] GC(122) - age   1:      12224 bytes,      12224 total
[2020-02-21T05:00:54.909+0000][1][gc,age       ] GC(122) - age   2:         96 bytes,      12320 total
[2020-02-21T05:00:54.909+0000][1][gc,age       ] GC(122) - age   3:        144 bytes,      12464 total
[2020-02-21T05:00:54.909+0000][1][gc,age       ] GC(122) - age   4:        264 bytes,      12728 total
[2020-02-21T05:00:54.909+0000][1][gc,age       ] GC(122) - age   5:         64 bytes,      12792 total
[2020-02-21T05:00:54.909+0000][1][gc,heap      ] GC(122) ParNew: 68176K->24K(76672K)
[2020-02-21T05:00:54.909+0000][1][gc,heap      ] GC(122) CMS: 62617K->62617K(963392K)
[2020-02-21T05:00:54.909+0000][1][gc,metaspace ] GC(122) Metaspace: 80266K->80266K(1124352K)
[2020-02-21T05:00:54.910+0000][1][gc           ] GC(122) Pause Young (Allocation Failure) 127M->61M(1015M) 10.404ms
[2020-02-21T05:00:54.910+0000][1][gc,cpu       ] GC(122) User=0.02s Sys=0.00s Real=0.01s
[2020-02-21T05:00:54.910+0000][1][safepoint    ] Safepoint "GenCollectForAllocation", Time since last: 1711002577 ns, Reaching safepoint: 77353 ns, At safepoint: 10468159 ns, Total: 10545512 ns
[2020-02-21T05:00:55.703+0000][1][safepoint    ] Safepoint "RevokeBias", Time since last: 792379425 ns, Reaching safepoint: 538655 ns, At safepoint: 40808 ns, Total: 579463 ns
[2020-02-21T05:00:58.205+0000][1][safepoint    ] Safepoint "RevokeBias", Time since last: 2502244597 ns, Reaching safepoint: 88146 ns, At safepoint: 21365 ns, Total: 109511 ns
[2020-02-21T05:01:00.715+0000][1][safepoint    ] Safepoint "RevokeBias", Time since last: 2510223384 ns, Reaching safepoint: 97556 ns, At safepoint: 26191 ns, Total: 123747 ns
[2020-02-21T05:01:02.819+0000][1][safepoint    ] Safepoint "Cleanup", Time since last: 2103679505 ns, Reaching safepoint: 129612 ns, At safepoint: 10869 ns, Total: 140481 ns
[2020-02-21T05:01:03.224+0000][1][safepoint    ] Safepoint "RevokeBias", Time since last: 404462817 ns, Reaching safepoint: 92233 ns, At safepoint: 22735 ns, Total: 114968 ns
[2020-02-21T05:01:05.729+0000][1][safepoint    ] Safepoint "RevokeBias", Time since last: 2505232014 ns, Reaching safepoint: 84606 ns, At safepoint: 72953 ns, Total: 157559 ns
[2020-02-21T05:01:08.242+0000][1][safepoint    ] Safepoint "RevokeBias", Time since last: 2512738988 ns, Reaching safepoint: 84697 ns, At safepoint: 18447 ns, Total: 103144 ns
[2020-02-21T05:01:10.754+0000][1][safepoint    ] Safepoint "RevokeBias", Time since last: 2511726483 ns, Reaching safepoint: 71221 ns, At safepoint: 17269 ns, Total: 88490 ns
[2020-02-21T05:01:13.256+0000][1][safepoint    ] Safepoint "RevokeBias", Time since last: 2502414212 ns, Reaching safepoint: 73945 ns, At safepoint: 17768 ns, Total: 91713 ns
[2020-02-21T05:01:15.762+0000][1][safepoint    ] Safepoint "RevokeBias", Time since last: 2505955092 ns, Reaching safepoint: 205700 ns, At safepoint: 20002 ns, Total: 225702 ns
[2020-02-21T05:01:18.267+0000][1][safepoint    ] Safepoint "RevokeBias", Time since last: 2504440785 ns, Reaching safepoint: 119258 ns, At safepoint: 30981 ns, Total: 150239 ns
[2020-02-21T05:01:20.777+0000][1][safepoint    ] Safepoint "BulkRevokeBias", Time since last: 2509549084 ns, Reaching safepoint: 183715 ns, At safepoint: 185561 ns, Total: 369276 ns
[2020-02-21T05:01:23.286+0000][1][safepoint    ] Safepoint "RevokeBias", Time since last: 2509023524 ns, Reaching safepoint: 102738 ns, At safepoint: 22795 ns, Total: 125533 ns
[2020-02-21T05:01:25.791+0000][1][safepoint    ] Safepoint "RevokeBias", Time since last: 2505093612 ns, Reaching safepoint: 146635 ns, At safepoint: 26002 ns, Total: 172637 ns
[2020-02-21T05:01:28.296+0000][1][safepoint    ] Safepoint "RevokeBias", Time since last: 2504250634 ns, Reaching safepoint: 87235 ns, At safepoint: 19628 ns, Total: 106863 ns
[2020-02-21T05:01:30.801+0000][1][safepoint    ] Safepoint "RevokeBias", Time since last: 2504890746 ns, Reaching safepoint: 158476 ns, At safepoint: 19630 ns, Total: 178106 ns
[2020-02-21T05:01:33.304+0000][1][safepoint    ] Safepoint "RevokeBias", Time since last: 2502834177 ns, Reaching safepoint: 77440 ns, At safepoint: 18582 ns, Total: 96022 ns
[2020-02-21T05:01:35.807+0000][1][safepoint    ] Safepoint "RevokeBias", Time since last: 2503410353 ns, Reaching safepoint: 72196 ns, At safepoint: 17255 ns, Total: 89451 ns
[2020-02-21T05:01:38.331+0000][1][safepoint    ] Safepoint "RevokeBias", Time since last: 2523609235 ns, Reaching safepoint: 117922 ns, At safepoint: 32102 ns, Total: 150024 ns
[2020-02-21T05:01:40.845+0000][1][safepoint    ] Safepoint "RevokeBias", Time since last: 2514173143 ns, Reaching safepoint: 55036 ns, At safepoint: 14982 ns, Total: 70018 ns
[2020-02-21T05:01:43.349+0000][1][safepoint    ] Safepoint "RevokeBias", Time since last: 2503454362 ns, Reaching safepoint: 54078 ns, At safepoint: 16270 ns, Total: 70348 ns
[2020-02-21T05:01:45.855+0000][1][safepoint    ] Safepoint "RevokeBias", Time since last: 2506559779 ns, Reaching safepoint: 71918 ns, At safepoint: 17368 ns, Total: 89286 ns
[2020-02-21T05:01:48.361+0000][1][safepoint    ] Safepoint "RevokeBias", Time since last: 2505410341 ns, Reaching safepoint: 136189 ns, At safepoint: 35090 ns, Total: 171279 ns
[2020-02-21T05:01:50.865+0000][1][safepoint    ] Safepoint "RevokeBias", Time since last: 2504195025 ns, Reaching safepoint: 160735 ns, At safepoint: 19912 ns, Total: 180647 ns
[2020-02-21T05:01:53.372+0000][1][safepoint    ] Safepoint "RevokeBias", Time since last: 2506233463 ns, Reaching safepoint: 93590 ns, At safepoint: 21499 ns, Total: 115089 ns
[2020-02-21T05:01:55.899+0000][1][safepoint    ] Safepoint "RevokeBias", Time since last: 2526888167 ns, Reaching safepoint: 54592 ns, At safepoint: 16282 ns, Total: 70874 ns
[2020-02-21T05:01:58.412+0000][1][safepoint    ] Safepoint "RevokeBias", Time since last: 2512863037 ns, Reaching safepoint: 172123 ns, At safepoint: 61283 ns, Total: 233406 ns
[2020-02-21T05:02:00.918+0000][1][safepoint    ] Safepoint "RevokeBias", Time since last: 2506295362 ns, Reaching safepoint: 164828 ns, At safepoint: 23346 ns, Total: 188174 ns
[2020-02-21T05:02:03.422+0000][1][safepoint    ] Safepoint "RevokeBias", Time since last: 2503706002 ns, Reaching safepoint: 130426 ns, At safepoint: 21628 ns, Total: 152054 ns
[2020-02-21T05:02:05.926+0000][1][safepoint    ] Safepoint "RevokeBias", Time since last: 2503826036 ns, Reaching safepoint: 71564 ns, At safepoint: 16671 ns, Total: 88235 ns
[2020-02-21T05:02:08.430+0000][1][safepoint    ] Safepoint "RevokeBias", Time since last: 2503729851 ns, Reaching safepoint: 227107 ns, At safepoint: 31692 ns, Total: 258799 ns
[2020-02-21T05:02:10.935+0000][1][safepoint    ] Safepoint "RevokeBias", Time since last: 2505180235 ns, Reaching safepoint: 73197 ns, At safepoint: 18390 ns, Total: 91587 ns
[2020-02-21T05:02:13.446+0000][1][safepoint    ] Safepoint "RevokeBias", Time since last: 2510741205 ns, Reaching safepoint: 87382 ns, At safepoint: 20424 ns, Total: 107806 ns
[2020-02-21T05:02:15.954+0000][1][safepoint    ] Safepoint "RevokeBias", Time since last: 2507906974 ns, Reaching safepoint: 69704 ns, At safepoint: 16502 ns, Total: 86206 ns
[2020-02-21T05:02:18.459+0000][1][safepoint    ] Safepoint "RevokeBias", Time since last: 2504563561 ns, Reaching safepoint: 72808 ns, At safepoint: 17902 ns, Total: 90710 ns
[2020-02-21T05:02:20.961+0000][1][safepoint    ] Safepoint "RevokeBias", Time since last: 2502587159 ns, Reaching safepoint: 70321 ns, At safepoint: 16737 ns, Total: 87058 ns
[2020-02-21T05:02:23.468+0000][1][safepoint    ] Safepoint "RevokeBias", Time since last: 2506479028 ns, Reaching safepoint: 80285 ns, At safepoint: 19273 ns, Total: 99558 ns
[2020-02-21T05:02:25.980+0000][1][safepoint    ] Safepoint "RevokeBias", Time since last: 2511668383 ns, Reaching safepoint: 72418 ns, At safepoint: 18158 ns, Total: 90576 ns
[2020-02-21T05:02:28.494+0000][1][safepoint    ] Safepoint "RevokeBias", Time since last: 2512683305 ns, Reaching safepoint: 1508939 ns, At safepoint: 24306 ns, Total: 1533245 ns
[2020-02-21T05:02:29.495+0000][1][safepoint    ] Safepoint "Cleanup", Time since last: 1000504517 ns, Reaching safepoint: 95926 ns, At safepoint: 8665 ns, Total: 104591 ns
[2020-02-21T05:02:30.996+0000][1][safepoint    ] Safepoint "RevokeBias", Time since last: 1501739244 ns, Reaching safepoint: 70931 ns, At safepoint: 17351 ns, Total: 88282 ns
[2020-02-21T05:02:31.999+0000][1][safepoint    ] Safepoint "Cleanup", Time since last: 1001942246 ns, Reaching safepoint: 128103 ns, At safepoint: 7662 ns, Total: 135765 ns
[2020-02-21T05:02:33.500+0000][1][safepoint    ] Safepoint "BulkRevokeBias", Time since last: 1501575642 ns, Reaching safepoint: 75324 ns, At safepoint: 183966 ns, Total: 259290 ns
[2020-02-21T05:02:36.003+0000][1][safepoint    ] Safepoint "RevokeBias", Time since last: 2503020963 ns, Reaching safepoint: 74682 ns, At safepoint: 18195 ns, Total: 92877 ns
[2020-02-21T05:02:38.510+0000][1][safepoint    ] Safepoint "RevokeBias", Time since last: 2506261733 ns, Reaching safepoint: 104100 ns, At safepoint: 21190 ns, Total: 125290 ns
[2020-02-21T05:02:41.017+0000][1][safepoint    ] Safepoint "RevokeBias", Time since last: 2507357239 ns, Reaching safepoint: 132682 ns, At safepoint: 28946 ns, Total: 161628 ns
[2020-02-21T05:02:43.526+0000][1][safepoint    ] Safepoint "RevokeBias", Time since last: 2508596439 ns, Reaching safepoint: 72399 ns, At safepoint: 16931 ns, Total: 89330 ns
[2020-02-21T05:02:46.035+0000][1][safepoint    ] Safepoint "RevokeBias", Time since last: 2509278776 ns, Reaching safepoint: 73534 ns, At safepoint: 17984 ns, Total: 91518 ns
[2020-02-21T05:02:48.540+0000][1][safepoint    ] Safepoint "RevokeBias", Time since last: 2504266382 ns, Reaching safepoint: 150214 ns, At safepoint: 77114 ns, Total: 227328 ns
[2020-02-21T05:02:51.044+0000][1][safepoint    ] Safepoint "RevokeBias", Time since last: 2503985452 ns, Reaching safepoint: 195336 ns, At safepoint: 20131 ns, Total: 215467 ns
[2020-02-21T05:02:53.550+0000][1][safepoint    ] Safepoint "RevokeBias", Time since last: 2505439400 ns, Reaching safepoint: 74830 ns, At safepoint: 18802 ns, Total: 93632 ns
[2020-02-21T05:02:56.055+0000][1][safepoint    ] Safepoint "RevokeBias", Time since last: 2505429053 ns, Reaching safepoint: 205959 ns, At safepoint: 34677 ns, Total: 240636 ns
[2020-02-21T05:02:58.559+0000][1][safepoint    ] Safepoint "RevokeBias", Time since last: 2503122891 ns, Reaching safepoint: 93658 ns, At safepoint: 33526 ns, Total: 127184 ns
[2020-02-21T05:03:01.078+0000][1][safepoint    ] Safepoint "RevokeBias", Time since last: 2519653208 ns, Reaching safepoint: 115111 ns, At safepoint: 29983 ns, Total: 145094 ns
[2020-02-21T05:03:03.587+0000][1][safepoint    ] Safepoint "RevokeBias", Time since last: 2508490700 ns, Reaching safepoint: 83227 ns, At safepoint: 19779 ns, Total: 103006 ns
[2020-02-21T05:03:06.091+0000][1][safepoint    ] Safepoint "RevokeBias", Time since last: 2503886731 ns, Reaching safepoint: 73665 ns, At safepoint: 17531 ns, Total: 91196 ns
[2020-02-21T05:03:08.597+0000][1][safepoint    ] Safepoint "RevokeBias", Time since last: 2505744495 ns, Reaching safepoint: 78217 ns, At safepoint: 18025 ns, Total: 96242 ns
[2020-02-21T05:03:11.103+0000][1][safepoint    ] Safepoint "RevokeBias", Time since last: 2506178101 ns, Reaching safepoint: 57125 ns, At safepoint: 16124 ns, Total: 73249 ns
[2020-02-21T05:03:13.618+0000][1][safepoint    ] Safepoint "RevokeBias", Time since last: 2514736069 ns, Reaching safepoint: 72722 ns, At safepoint: 17503 ns, Total: 90225 ns
[2020-02-21T05:03:14.951+0000][1][gc,start     ] GC(123) Pause Young (Allocation Failure)
[2020-02-21T05:03:14.951+0000][1][gc,task      ] GC(123) Using 1 workers of 1 for evacuation
[2020-02-21T05:03:14.961+0000][1][gc,age       ] GC(123) Desired survivor size 4358144 bytes, new threshold 6 (max threshold 6)
[2020-02-21T05:03:14.961+0000][1][gc,age       ] GC(123) Age table with threshold 6 (max threshold 6)
[2020-02-21T05:03:14.961+0000][1][gc,age       ] GC(123) - age   1:      13024 bytes,      13024 total
[2020-02-21T05:03:14.961+0000][1][gc,age       ] GC(123) - age   2:        496 bytes,      13520 total
[2020-02-21T05:03:14.961+0000][1][gc,age       ] GC(123) - age   3:         96 bytes,      13616 total
[2020-02-21T05:03:14.961+0000][1][gc,age       ] GC(123) - age   4:        144 bytes,      13760 total
[2020-02-21T05:03:14.961+0000][1][gc,age       ] GC(123) - age   5:        264 bytes,      14024 total
[2020-02-21T05:03:14.961+0000][1][gc,age       ] GC(123) - age   6:         64 bytes,      14088 total
[2020-02-21T05:03:14.961+0000][1][gc,heap      ] GC(123) ParNew: 68184K->15K(76672K)
[2020-02-21T05:03:14.961+0000][1][gc,heap      ] GC(123) CMS: 62617K->62617K(963392K)
[2020-02-21T05:03:14.961+0000][1][gc,metaspace ] GC(123) Metaspace: 80266K->80266K(1124352K)
[2020-02-21T05:03:14.961+0000][1][gc           ] GC(123) Pause Young (Allocation Failure) 127M->61M(1015M) 10.292ms
[2020-02-21T05:03:14.961+0000][1][gc,cpu       ] GC(123) User=0.01s Sys=0.00s Real=0.01s
[2020-02-21T05:03:14.961+0000][1][safepoint    ] Safepoint "GenCollectForAllocation", Time since last: 1332730361 ns, Reaching safepoint: 73941 ns, At safepoint: 10417711 ns, Total: 10491652 ns
[2020-02-21T05:03:16.136+0000][1][safepoint    ] Safepoint "RevokeBias", Time since last: 1174672883 ns, Reaching safepoint: 74470 ns, At safepoint: 19095 ns, Total: 93565 ns
[2020-02-21T05:03:18.641+0000][1][safepoint    ] Safepoint "RevokeBias", Time since last: 2505411703 ns, Reaching safepoint: 101445 ns, At safepoint: 23985 ns, Total: 125430 ns
[2020-02-21T05:03:21.144+0000][1][safepoint    ] Safepoint "RevokeBias", Time since last: 2502322744 ns, Reaching safepoint: 88136 ns, At safepoint: 17675 ns, Total: 105811 ns
[2020-02-21T05:03:23.652+0000][1][safepoint    ] Safepoint "RevokeBias", Time since last: 2508309577 ns, Reaching safepoint: 82211 ns, At safepoint: 20290 ns, Total: 102501 ns
[2020-02-21T05:03:26.162+0000][1][safepoint    ] Safepoint "RevokeBias", Time since last: 2509296118 ns, Reaching safepoint: 102525 ns, At safepoint: 20501 ns, Total: 123026 ns
[2020-02-21T05:03:28.664+0000][1][safepoint    ] Safepoint "RevokeBias", Time since last: 2502727510 ns, Reaching safepoint: 71752 ns, At safepoint: 17606 ns, Total: 89358 ns
[2020-02-21T05:03:30.666+0000][1][safepoint    ] Safepoint "Cleanup", Time since last: 2001855951 ns, Reaching safepoint: 90766 ns, At safepoint: 7880 ns, Total: 98646 ns
[2020-02-21T05:03:31.182+0000][1][safepoint    ] Safepoint "RevokeBias", Time since last: 515431661 ns, Reaching safepoint: 124614 ns, At safepoint: 29908 ns, Total: 154522 ns
[2020-02-21T05:03:33.692+0000][1][safepoint    ] Safepoint "RevokeBias", Time since last: 2509836170 ns, Reaching safepoint: 83375 ns, At safepoint: 20869 ns, Total: 104244 ns
[2020-02-21T05:03:36.197+0000][1][safepoint    ] Safepoint "RevokeBias", Time since last: 2504513066 ns, Reaching safepoint: 74222 ns, At safepoint: 18160 ns, Total: 92382 ns
[2020-02-21T05:03:38.703+0000][1][safepoint    ] Safepoint "RevokeBias", Time since last: 2506195074 ns, Reaching safepoint: 72849 ns, At safepoint: 18132 ns, Total: 90981 ns
[2020-02-21T05:03:41.209+0000][1][safepoint    ] Safepoint "RevokeBias", Time since last: 2506311642 ns, Reaching safepoint: 72719 ns, At safepoint: 18043 ns, Total: 90762 ns
[2020-02-21T05:03:43.714+0000][1][safepoint    ] Safepoint "RevokeBias", Time since last: 2504208895 ns, Reaching safepoint: 623420 ns, At safepoint: 23865 ns, Total: 647285 ns
[2020-02-21T05:03:46.220+0000][1][safepoint    ] Safepoint "BulkRevokeBias", Time since last: 2505356420 ns, Reaching safepoint: 72069 ns, At safepoint: 238004 ns, Total: 310073 ns
[2020-02-21T05:03:48.738+0000][1][safepoint    ] Safepoint "RevokeBias", Time since last: 2518616069 ns, Reaching safepoint: 89628 ns, At safepoint: 21236 ns, Total: 110864 ns
[2020-02-21T05:03:51.247+0000][1][safepoint    ] Safepoint "RevokeBias", Time since last: 2508092948 ns, Reaching safepoint: 177009 ns, At safepoint: 17499 ns, Total: 194508 ns
[2020-02-21T05:03:53.752+0000][1][safepoint    ] Safepoint "RevokeBias", Time since last: 2504670606 ns, Reaching safepoint: 72129 ns, At safepoint: 16760 ns, Total: 88889 ns
[2020-02-21T05:03:54.760+0000][1][safepoint    ] Safepoint "Cleanup", Time since last: 1007942464 ns, Reaching safepoint: 103477 ns, At safepoint: 8904 ns, Total: 112381 ns
[2020-02-21T05:03:56.258+0000][1][safepoint    ] Safepoint "RevokeBias", Time since last: 1498522250 ns, Reaching safepoint: 71663 ns, At safepoint: 16901 ns, Total: 88564 ns
[2020-02-21T05:03:58.760+0000][1][safepoint    ] Safepoint "RevokeBias", Time since last: 2502108583 ns, Reaching safepoint: 73034 ns, At safepoint: 17602 ns, Total: 90636 ns
[2020-02-21T05:04:01.266+0000][1][safepoint    ] Safepoint "RevokeBias", Time since last: 2505712554 ns, Reaching safepoint: 73742 ns, At safepoint: 16751 ns, Total: 90493 ns
[2020-02-21T05:04:04.071+0000][1][safepoint    ] Safepoint "RevokeBias", Time since last: 2804982353 ns, Reaching safepoint: 84543 ns, At safepoint: 26775 ns, Total: 111318 ns
[2020-02-21T05:04:06.581+0000][1][safepoint    ] Safepoint "RevokeBias", Time since last: 2509181386 ns, Reaching safepoint: 77491 ns, At safepoint: 18807 ns, Total: 96298 ns
[2020-02-21T05:04:09.093+0000][1][safepoint    ] Safepoint "RevokeBias", Time since last: 2512670220 ns, Reaching safepoint: 94762 ns, At safepoint: 29137 ns, Total: 123899 ns
[2020-02-21T05:04:11.597+0000][1][safepoint    ] Safepoint "RevokeBias", Time since last: 2503480325 ns, Reaching safepoint: 80916 ns, At safepoint: 63596 ns, Total: 144512 ns
[2020-02-21T05:04:14.100+0000][1][safepoint    ] Safepoint "RevokeBias", Time since last: 2503254788 ns, Reaching safepoint: 73324 ns, At safepoint: 17756 ns, Total: 91080 ns
[2020-02-21T05:04:16.603+0000][1][safepoint    ] Safepoint "RevokeBias", Time since last: 2502733705 ns, Reaching safepoint: 82207 ns, At safepoint: 20379 ns, Total: 102586 ns
[2020-02-21T05:04:19.109+0000][1][safepoint    ] Safepoint "RevokeBias", Time since last: 2505608715 ns, Reaching safepoint: 99999 ns, At safepoint: 25064 ns, Total: 125063 ns
[2020-02-21T05:04:21.612+0000][1][safepoint    ] Safepoint "RevokeBias", Time since last: 2502542558 ns, Reaching safepoint: 119606 ns, At safepoint: 19561 ns, Total: 139167 ns
[2020-02-21T05:04:24.122+0000][1][safepoint    ] Safepoint "RevokeBias", Time since last: 2510303798 ns, Reaching safepoint: 122729 ns, At safepoint: 17821 ns, Total: 140550 ns
[2020-02-21T05:04:26.631+0000][1][safepoint    ] Safepoint "RevokeBias", Time since last: 2508746022 ns, Reaching safepoint: 75404 ns, At safepoint: 18477 ns, Total: 93881 ns
[2020-02-21T05:04:29.134+0000][1][safepoint    ] Safepoint "RevokeBias", Time since last: 2502579413 ns, Reaching safepoint: 95161 ns, At safepoint: 18476 ns, Total: 113637 ns
[2020-02-21T05:04:31.638+0000][1][safepoint    ] Safepoint "RevokeBias", Time since last: 2504309405 ns, Reaching safepoint: 55775 ns, At safepoint: 15853 ns, Total: 71628 ns
[2020-02-21T05:04:32.638+0000][1][safepoint    ] Safepoint "Cleanup", Time since last: 1000390767 ns, Reaching safepoint: 116837 ns, At safepoint: 9895 ns, Total: 126732 ns
[2020-02-21T05:04:34.142+0000][1][safepoint    ] Safepoint "RevokeBias", Time since last: 1503005102 ns, Reaching safepoint: 191546 ns, At safepoint: 20331 ns, Total: 211877 ns
[2020-02-21T05:04:36.651+0000][1][safepoint    ] Safepoint "RevokeBias", Time since last: 2509306715 ns, Reaching safepoint: 75706 ns, At safepoint: 19417 ns, Total: 95123 ns
[2020-02-21T05:04:39.161+0000][1][safepoint    ] Safepoint "RevokeBias", Time since last: 2509846837 ns, Reaching safepoint: 71921 ns, At safepoint: 17113 ns, Total: 89034 ns
[2020-02-21T05:04:41.666+0000][1][safepoint    ] Safepoint "RevokeBias", Time since last: 2505288172 ns, Reaching safepoint: 99649 ns, At safepoint: 26675 ns, Total: 126324 ns
[2020-02-21T05:04:44.170+0000][1][safepoint    ] Safepoint "RevokeBias", Time since last: 2503432703 ns, Reaching safepoint: 71011 ns, At safepoint: 17299 ns, Total: 88310 ns
[2020-02-21T05:04:46.673+0000][1][safepoint    ] Safepoint "RevokeBias", Time since last: 2503418772 ns, Reaching safepoint: 83689 ns, At safepoint: 19001 ns, Total: 102690 ns
[2020-02-21T05:04:49.178+0000][1][safepoint    ] Safepoint "RevokeBias", Time since last: 2504637472 ns, Reaching safepoint: 78037 ns, At safepoint: 18186 ns, Total: 96223 ns
[2020-02-21T05:04:51.681+0000][1][safepoint    ] Safepoint "RevokeBias", Time since last: 2502800342 ns, Reaching safepoint: 72426 ns, At safepoint: 18042 ns, Total: 90468 ns
[2020-02-21T05:04:54.198+0000][1][safepoint    ] Safepoint "RevokeBias", Time since last: 2516568416 ns, Reaching safepoint: 92765 ns, At safepoint: 25497 ns, Total: 118262 ns
[2020-02-21T05:04:56.706+0000][1][safepoint    ] Safepoint "RevokeBias", Time since last: 2508071925 ns, Reaching safepoint: 73480 ns, At safepoint: 17520 ns, Total: 91000 ns
[2020-02-21T05:04:59.210+0000][1][safepoint    ] Safepoint "BulkRevokeBias", Time since last: 2504022447 ns, Reaching safepoint: 70820 ns, At safepoint: 183509 ns, Total: 254329 ns
[2020-02-21T05:05:01.713+0000][1][safepoint    ] Safepoint "RevokeBias", Time since last: 2502490260 ns, Reaching safepoint: 72813 ns, At safepoint: 17212 ns, Total: 90025 ns
[2020-02-21T05:05:02.713+0000][1][safepoint    ] Safepoint "Cleanup", Time since last: 1000485779 ns, Reaching safepoint: 118517 ns, At safepoint: 7412 ns, Total: 125929 ns
[2020-02-21T05:05:04.217+0000][1][safepoint    ] Safepoint "RevokeBias", Time since last: 1503835513 ns, Reaching safepoint: 75430 ns, At safepoint: 33431 ns, Total: 108861 ns
[2020-02-21T05:05:06.720+0000][1][safepoint    ] Safepoint "RevokeBias", Time since last: 2502761102 ns, Reaching safepoint: 124238 ns, At safepoint: 18740 ns, Total: 142978 ns
[2020-02-21T05:05:09.226+0000][1][safepoint    ] Safepoint "RevokeBias", Time since last: 2505378229 ns, Reaching safepoint: 71283 ns, At safepoint: 17178 ns, Total: 88461 ns
[2020-02-21T05:05:11.734+0000][1][safepoint    ] Safepoint "RevokeBias", Time since last: 2508233009 ns, Reaching safepoint: 76066 ns, At safepoint: 18154 ns, Total: 94220 ns
[2020-02-21T05:05:14.242+0000][1][safepoint    ] Safepoint "RevokeBias", Time since last: 2508331035 ns, Reaching safepoint: 73731 ns, At safepoint: 18234 ns, Total: 91965 ns
[2020-02-21T05:05:16.745+0000][1][safepoint    ] Safepoint "RevokeBias", Time since last: 2502751536 ns, Reaching safepoint: 73538 ns, At safepoint: 17334 ns, Total: 90872 ns
[2020-02-21T05:05:19.254+0000][1][safepoint    ] Safepoint "RevokeBias", Time since last: 2507866890 ns, Reaching safepoint: 1059406 ns, At safepoint: 88250 ns, Total: 1147656 ns
[2020-02-21T05:05:20.276+0000][1][safepoint    ] Safepoint "Cleanup", Time since last: 1021443100 ns, Reaching safepoint: 83376 ns, At safepoint: 7263 ns, Total: 90639 ns
[2020-02-21T05:05:21.756+0000][1][safepoint    ] Safepoint "RevokeBias", Time since last: 1479974618 ns, Reaching safepoint: 72256 ns, At safepoint: 63678 ns, Total: 135934 ns
[2020-02-21T05:05:24.262+0000][1][safepoint    ] Safepoint "RevokeBias", Time since last: 2506053317 ns, Reaching safepoint: 71824 ns, At safepoint: 16736 ns, Total: 88560 ns
[2020-02-21T05:05:26.765+0000][1][safepoint    ] Safepoint "RevokeBias", Time since last: 2503077070 ns, Reaching safepoint: 72098 ns, At safepoint: 18512 ns, Total: 90610 ns
[2020-02-21T05:05:29.278+0000][1][safepoint    ] Safepoint "RevokeBias", Time since last: 2512757963 ns, Reaching safepoint: 196270 ns, At safepoint: 53734 ns, Total: 250004 ns
[2020-02-21T05:05:31.803+0000][1][safepoint    ] Safepoint "RevokeBias", Time since last: 2524275767 ns, Reaching safepoint: 182460 ns, At safepoint: 33177 ns, Total: 215637 ns
[2020-02-21T05:05:32.803+0000][1][safepoint    ] Safepoint "Cleanup", Time since last: 1000336653 ns, Reaching safepoint: 121183 ns, At safepoint: 7331 ns, Total: 128514 ns
[2020-02-21T05:05:34.308+0000][1][safepoint    ] Safepoint "RevokeBias", Time since last: 1504929167 ns, Reaching safepoint: 73929 ns, At safepoint: 35676 ns, Total: 109605 ns
[2020-02-21T05:05:35.067+0000][1][gc,start     ] GC(124) Pause Young (Allocation Failure)
[2020-02-21T05:05:35.067+0000][1][gc,task      ] GC(124) Using 1 workers of 1 for evacuation
[2020-02-21T05:05:35.085+0000][1][gc,age       ] GC(124) Desired survivor size 4358144 bytes, new threshold 6 (max threshold 6)
[2020-02-21T05:05:35.085+0000][1][gc,age       ] GC(124) Age table with threshold 6 (max threshold 6)
[2020-02-21T05:05:35.085+0000][1][gc,age       ] GC(124) - age   1:      13640 bytes,      13640 total
[2020-02-21T05:05:35.085+0000][1][gc,age       ] GC(124) - age   3:        496 bytes,      14136 total
[2020-02-21T05:05:35.085+0000][1][gc,age       ] GC(124) - age   4:         96 bytes,      14232 total
[2020-02-21T05:05:35.085+0000][1][gc,age       ] GC(124) - age   5:        144 bytes,      14376 total
[2020-02-21T05:05:35.085+0000][1][gc,age       ] GC(124) - age   6:         32 bytes,      14408 total
[2020-02-21T05:05:35.085+0000][1][gc,heap      ] GC(124) ParNew: 68175K->24K(76672K)
[2020-02-21T05:05:35.085+0000][1][gc,heap      ] GC(124) CMS: 62617K->62617K(963392K)
[2020-02-21T05:05:35.085+0000][1][gc,metaspace ] GC(124) Metaspace: 80303K->80303K(1124352K)
[2020-02-21T05:05:35.085+0000][1][gc           ] GC(124) Pause Young (Allocation Failure) 127M->61M(1015M) 18.326ms
[2020-02-21T05:05:35.085+0000][1][gc,cpu       ] GC(124) User=0.01s Sys=0.00s Real=0.01s
[2020-02-21T05:05:35.085+0000][1][safepoint    ] Safepoint "GenCollectForAllocation", Time since last: 758169613 ns, Reaching safepoint: 82092 ns, At safepoint: 18379461 ns, Total: 18461553 ns
[2020-02-21T05:05:36.811+0000][1][safepoint    ] Safepoint "RevokeBias", Time since last: 1726400294 ns, Reaching safepoint: 77776 ns, At safepoint: 18656 ns, Total: 96432 ns
[2020-02-21T05:05:39.317+0000][1][safepoint    ] Safepoint "RevokeBias", Time since last: 2505807758 ns, Reaching safepoint: 155137 ns, At safepoint: 20468 ns, Total: 175605 ns
[2020-02-21T05:05:41.827+0000][1][safepoint    ] Safepoint "RevokeBias", Time since last: 2509450813 ns, Reaching safepoint: 71773 ns, At safepoint: 17702 ns, Total: 89475 ns
[2020-02-21T05:05:44.334+0000][1][safepoint    ] Safepoint "RevokeBias", Time since last: 2507201658 ns, Reaching safepoint: 92090 ns, At safepoint: 24140 ns, Total: 116230 ns
[2020-02-21T05:05:46.838+0000][1][safepoint    ] Safepoint "RevokeBias", Time since last: 2503822342 ns, Reaching safepoint: 170366 ns, At safepoint: 21883 ns, Total: 192249 ns
[2020-02-21T05:05:49.343+0000][1][safepoint    ] Safepoint "RevokeBias", Time since last: 2504836799 ns, Reaching safepoint: 72826 ns, At safepoint: 17801 ns, Total: 90627 ns
[2020-02-21T05:05:51.848+0000][1][safepoint    ] Safepoint "RevokeBias", Time since last: 2504221946 ns, Reaching safepoint: 72957 ns, At safepoint: 18245 ns, Total: 91202 ns
[2020-02-21T05:05:54.354+0000][1][safepoint    ] Safepoint "RevokeBias", Time since last: 2506338881 ns, Reaching safepoint: 73647 ns, At safepoint: 16781 ns, Total: 90428 ns
[2020-02-21T05:05:56.858+0000][1][safepoint    ] Safepoint "RevokeBias", Time since last: 2503774380 ns, Reaching safepoint: 71439 ns, At safepoint: 48246 ns, Total: 119685 ns
[2020-02-21T05:05:59.373+0000][1][safepoint    ] Safepoint "RevokeBias", Time since last: 2514934001 ns, Reaching safepoint: 73430 ns, At safepoint: 17924 ns, Total: 91354 ns
[2020-02-21T05:06:01.882+0000][1][safepoint    ] Safepoint "RevokeBias", Time since last: 2509139036 ns, Reaching safepoint: 84394 ns, At safepoint: 19977 ns, Total: 104371 ns
[2020-02-21T05:06:04.385+0000][1][safepoint    ] Safepoint "RevokeBias", Time since last: 2502316636 ns, Reaching safepoint: 200241 ns, At safepoint: 91899 ns, Total: 292140 ns
[2020-02-21T05:06:06.888+0000][1][safepoint    ] Safepoint "RevokeBias", Time since last: 2503133562 ns, Reaching safepoint: 70957 ns, At safepoint: 17189 ns, Total: 88146 ns
[2020-02-21T05:06:09.394+0000][1][safepoint    ] Safepoint "RevokeBias", Time since last: 2505790018 ns, Reaching safepoint: 73380 ns, At safepoint: 18121 ns, Total: 91501 ns
[2020-02-21T05:06:11.898+0000][1][safepoint    ] Safepoint "BulkRevokeBias", Time since last: 2504370513 ns, Reaching safepoint: 71308 ns, At safepoint: 211041 ns, Total: 282349 ns
[2020-02-21T05:06:14.401+0000][1][safepoint    ] Safepoint "RevokeBias", Time since last: 2502173725 ns, Reaching safepoint: 75603 ns, At safepoint: 19078 ns, Total: 94681 ns
[2020-02-21T05:06:16.911+0000][1][safepoint    ] Safepoint "RevokeBias", Time since last: 2509666451 ns, Reaching safepoint: 87860 ns, At safepoint: 19713 ns, Total: 107573 ns
[2020-02-21T05:06:19.422+0000][1][safepoint    ] Safepoint "RevokeBias", Time since last: 2511767473 ns, Reaching safepoint: 138735 ns, At safepoint: 34390 ns, Total: 173125 ns
[2020-02-21T05:06:21.925+0000][1][safepoint    ] Safepoint "RevokeBias", Time since last: 2502731430 ns, Reaching safepoint: 108660 ns, At safepoint: 28271 ns, Total: 136931 ns
[2020-02-21T05:06:24.432+0000][1][safepoint    ] Safepoint "RevokeBias", Time since last: 2506187352 ns, Reaching safepoint: 54671 ns, At safepoint: 15150 ns, Total: 69821 ns
[2020-02-21T05:06:26.936+0000][1][safepoint    ] Safepoint "RevokeBias", Time since last: 2504086399 ns, Reaching safepoint: 73098 ns, At safepoint: 18171 ns, Total: 91269 ns
[2020-02-21T05:06:29.439+0000][1][safepoint    ] Safepoint "RevokeBias", Time since last: 2503152223 ns, Reaching safepoint: 72004 ns, At safepoint: 18222 ns, Total: 90226 ns
[2020-02-21T05:06:31.942+0000][1][safepoint    ] Safepoint "RevokeBias", Time since last: 2503219514 ns, Reaching safepoint: 89098 ns, At safepoint: 20980 ns, Total: 110078 ns
[2020-02-21T05:06:34.459+0000][1][safepoint    ] Safepoint "RevokeBias", Time since last: 2516417095 ns, Reaching safepoint: 73755 ns, At safepoint: 17704 ns, Total: 91459 ns
[2020-02-21T05:06:36.965+0000][1][safepoint    ] Safepoint "RevokeBias", Time since last: 2505523038 ns, Reaching safepoint: 135156 ns, At safepoint: 19261 ns, Total: 154417 ns
[2020-02-21T05:06:39.472+0000][1][safepoint    ] Safepoint "RevokeBias", Time since last: 2507062233 ns, Reaching safepoint: 109392 ns, At safepoint: 28152 ns, Total: 137544 ns
[2020-02-21T05:06:41.975+0000][1][safepoint    ] Safepoint "RevokeBias", Time since last: 2503575358 ns, Reaching safepoint: 73361 ns, At safepoint: 17478 ns, Total: 90839 ns
[2020-02-21T05:06:44.479+0000][1][safepoint    ] Safepoint "RevokeBias", Time since last: 2503301873 ns, Reaching safepoint: 75984 ns, At safepoint: 18131 ns, Total: 94115 ns
[2020-02-21T05:06:47.003+0000][1][safepoint    ] Safepoint "RevokeBias", Time since last: 2524110595 ns, Reaching safepoint: 88258 ns, At safepoint: 20733 ns, Total: 108991 ns
[2020-02-21T05:06:49.519+0000][1][safepoint    ] Safepoint "RevokeBias", Time since last: 2515900019 ns, Reaching safepoint: 73061 ns, At safepoint: 18019 ns, Total: 91080 ns
[2020-02-21T05:06:52.023+0000][1][safepoint    ] Safepoint "RevokeBias", Time since last: 2503992758 ns, Reaching safepoint: 72589 ns, At safepoint: 18083 ns, Total: 90672 ns
[2020-02-21T05:06:54.529+0000][1][safepoint    ] Safepoint "RevokeBias", Time since last: 2505553371 ns, Reaching safepoint: 70001 ns, At safepoint: 17295 ns, Total: 87296 ns
[2020-02-21T05:06:57.034+0000][1][safepoint    ] Safepoint "RevokeBias", Time since last: 2505059903 ns, Reaching safepoint: 72213 ns, At safepoint: 17326 ns, Total: 89539 ns
[2020-02-21T05:06:59.536+0000][1][safepoint    ] Safepoint "RevokeBias", Time since last: 2502452130 ns, Reaching safepoint: 74946 ns, At safepoint: 17758 ns, Total: 92704 ns
[2020-02-21T05:07:02.039+0000][1][safepoint    ] Safepoint "RevokeBias", Time since last: 2502959025 ns, Reaching safepoint: 75032 ns, At safepoint: 17884 ns, Total: 92916 ns
[2020-02-21T05:07:04.549+0000][1][safepoint    ] Safepoint "RevokeBias", Time since last: 2509581404 ns, Reaching safepoint: 56478 ns, At safepoint: 47008 ns, Total: 103486 ns
[2020-02-21T05:07:07.058+0000][1][safepoint    ] Safepoint "RevokeBias", Time since last: 2508345363 ns, Reaching safepoint: 72444 ns, At safepoint: 17728 ns, Total: 90172 ns
[2020-02-21T05:07:09.563+0000][1][safepoint    ] Safepoint "RevokeBias", Time since last: 2504923025 ns, Reaching safepoint: 55320 ns, At safepoint: 16178 ns, Total: 71498 ns
[2020-02-21T05:07:12.066+0000][1][safepoint    ] Safepoint "RevokeBias", Time since last: 2503273523 ns, Reaching safepoint: 72526 ns, At safepoint: 17204 ns, Total: 89730 ns
[2020-02-21T05:07:14.570+0000][1][safepoint    ] Safepoint "RevokeBias", Time since last: 2504111524 ns, Reaching safepoint: 83406 ns, At safepoint: 17878 ns, Total: 101284 ns
[2020-02-21T05:07:17.073+0000][1][safepoint    ] Safepoint "RevokeBias", Time since last: 2503215366 ns, Reaching safepoint: 95928 ns, At safepoint: 22895 ns, Total: 118823 ns
[2020-02-21T05:07:19.579+0000][1][safepoint    ] Safepoint "RevokeBias", Time since last: 2505571424 ns, Reaching safepoint: 71961 ns, At safepoint: 18006 ns, Total: 89967 ns
[2020-02-21T05:07:22.099+0000][1][safepoint    ] Safepoint "RevokeBias", Time since last: 2519314496 ns, Reaching safepoint: 56382 ns, At safepoint: 15514 ns, Total: 71896 ns
[2020-02-21T05:07:24.615+0000][1][safepoint    ] Safepoint "BulkRevokeBias", Time since last: 2516400983 ns, Reaching safepoint: 70115 ns, At safepoint: 315268 ns, Total: 385383 ns
[2020-02-21T05:07:27.120+0000][1][safepoint    ] Safepoint "RevokeBias", Time since last: 2504421622 ns, Reaching safepoint: 76297 ns, At safepoint: 18590 ns, Total: 94887 ns
[2020-02-21T05:07:29.625+0000][1][safepoint    ] Safepoint "RevokeBias", Time since last: 2504646012 ns, Reaching safepoint: 85529 ns, At safepoint: 20753 ns, Total: 106282 ns
[2020-02-21T05:07:32.131+0000][1][safepoint    ] Safepoint "RevokeBias", Time since last: 2506451680 ns, Reaching safepoint: 118888 ns, At safepoint: 29948 ns, Total: 148836 ns
[2020-02-21T05:07:34.636+0000][1][safepoint    ] Safepoint "RevokeBias", Time since last: 2504419917 ns, Reaching safepoint: 71559 ns, At safepoint: 18206 ns, Total: 89765 ns
[2020-02-21T05:07:37.139+0000][1][safepoint    ] Safepoint "RevokeBias", Time since last: 2503295095 ns, Reaching safepoint: 73060 ns, At safepoint: 18093 ns, Total: 91153 ns
[2020-02-21T05:07:39.653+0000][1][safepoint    ] Safepoint "RevokeBias", Time since last: 2513416361 ns, Reaching safepoint: 110129 ns, At safepoint: 17066 ns, Total: 127195 ns
[2020-02-21T05:07:42.167+0000][1][safepoint    ] Safepoint "RevokeBias", Time since last: 2514742624 ns, Reaching safepoint: 75881 ns, At safepoint: 18106 ns, Total: 93987 ns
[2020-02-21T05:07:44.672+0000][1][safepoint    ] Safepoint "RevokeBias", Time since last: 2504044497 ns, Reaching safepoint: 67793 ns, At safepoint: 18722 ns, Total: 86515 ns
[2020-02-21T05:07:47.176+0000][1][safepoint    ] Safepoint "RevokeBias", Time since last: 2504054258 ns, Reaching safepoint: 205116 ns, At safepoint: 28977 ns, Total: 234093 ns
[2020-02-21T05:07:49.681+0000][1][safepoint    ] Safepoint "RevokeBias", Time since last: 2505344056 ns, Reaching safepoint: 72271 ns, At safepoint: 17666 ns, Total: 89937 ns
[2020-02-21T05:07:52.186+0000][1][safepoint    ] Safepoint "RevokeBias", Time since last: 2504579072 ns, Reaching safepoint: 70348 ns, At safepoint: 17666 ns, Total: 88014 ns
[2020-02-21T05:07:54.693+0000][1][safepoint    ] Safepoint "RevokeBias", Time since last: 2506441151 ns, Reaching safepoint: 71189 ns, At safepoint: 17364 ns, Total: 88553 ns
[2020-02-21T05:07:57.200+0000][1][gc,start     ] GC(125) Pause Young (Allocation Failure)
[2020-02-21T05:07:57.200+0000][1][gc,task      ] GC(125) Using 1 workers of 1 for evacuation
[2020-02-21T05:07:57.214+0000][1][gc,age       ] GC(125) Desired survivor size 4358144 bytes, new threshold 6 (max threshold 6)
[2020-02-21T05:07:57.214+0000][1][gc,age       ] GC(125) Age table with threshold 6 (max threshold 6)
[2020-02-21T05:07:57.214+0000][1][gc,age       ] GC(125) - age   1:      11816 bytes,      11816 total
[2020-02-21T05:07:57.214+0000][1][gc,age       ] GC(125) - age   2:        608 bytes,      12424 total
[2020-02-21T05:07:57.214+0000][1][gc,age       ] GC(125) - age   4:        496 bytes,      12920 total
[2020-02-21T05:07:57.214+0000][1][gc,age       ] GC(125) - age   5:         96 bytes,      13016 total
[2020-02-21T05:07:57.214+0000][1][gc,age       ] GC(125) - age   6:        144 bytes,      13160 total
[2020-02-21T05:07:57.215+0000][1][gc,heap      ] GC(125) ParNew: 68181K->16K(76672K)
[2020-02-21T05:07:57.215+0000][1][gc,heap      ] GC(125) CMS: 62617K->62617K(963392K)
[2020-02-21T05:07:57.215+0000][1][gc,metaspace ] GC(125) Metaspace: 80303K->80303K(1124352K)
[2020-02-21T05:07:57.215+0000][1][gc           ] GC(125) Pause Young (Allocation Failure) 127M->61M(1015M) 14.271ms
[2020-02-21T05:07:57.215+0000][1][gc,cpu       ] GC(125) User=0.01s Sys=0.00s Real=0.01s
[2020-02-21T05:07:57.215+0000][1][safepoint    ] Safepoint "GenCollectForAllocation", Time since last: 2507654079 ns, Reaching safepoint: 58843 ns, At safepoint: 14374495 ns, Total: 14433338 ns
[2020-02-21T05:07:57.216+0000][1][safepoint    ] Safepoint "RevokeBias", Time since last: 903900 ns, Reaching safepoint: 48944 ns, At safepoint: 14137 ns, Total: 63081 ns
[2020-02-21T05:07:59.724+0000][1][safepoint    ] Safepoint "RevokeBias", Time since last: 2508692160 ns, Reaching safepoint: 190773 ns, At safepoint: 35346 ns, Total: 226119 ns
[2020-02-21T05:08:02.229+0000][1][safepoint    ] Safepoint "RevokeBias", Time since last: 2504334441 ns, Reaching safepoint: 97441 ns, At safepoint: 19239 ns, Total: 116680 ns
[2020-02-21T05:08:04.732+0000][1][safepoint    ] Safepoint "RevokeBias", Time since last: 2502693942 ns, Reaching safepoint: 72889 ns, At safepoint: 17827 ns, Total: 90716 ns
[2020-02-21T05:08:07.234+0000][1][safepoint    ] Safepoint "RevokeBias", Time since last: 2502429626 ns, Reaching safepoint: 178931 ns, At safepoint: 21375 ns, Total: 200306 ns
[2020-02-21T05:08:09.745+0000][1][safepoint    ] Safepoint "RevokeBias", Time since last: 2510694902 ns, Reaching safepoint: 88451 ns, At safepoint: 18212 ns, Total: 106663 ns
[2020-02-21T05:08:12.265+0000][1][safepoint    ] Safepoint "RevokeBias", Time since last: 2519298079 ns, Reaching safepoint: 91582 ns, At safepoint: 20160 ns, Total: 111742 ns
[2020-02-21T05:08:14.772+0000][1][safepoint    ] Safepoint "RevokeBias", Time since last: 2507003936 ns, Reaching safepoint: 74903 ns, At safepoint: 18965 ns, Total: 93868 ns
[2020-02-21T05:08:17.277+0000][1][safepoint    ] Safepoint "RevokeBias", Time since last: 2504784317 ns, Reaching safepoint: 71696 ns, At safepoint: 17454 ns, Total: 89150 ns
[2020-02-21T05:08:19.784+0000][1][safepoint    ] Safepoint "RevokeBias", Time since last: 2507412464 ns, Reaching safepoint: 70638 ns, At safepoint: 17720 ns, Total: 88358 ns
[2020-02-21T05:08:22.287+0000][1][safepoint    ] Safepoint "RevokeBias", Time since last: 2503137235 ns, Reaching safepoint: 74324 ns, At safepoint: 19635 ns, Total: 93959 ns
[2020-02-21T05:08:24.791+0000][1][safepoint    ] Safepoint "RevokeBias", Time since last: 2503420271 ns, Reaching safepoint: 53813 ns, At safepoint: 16266 ns, Total: 70079 ns
[2020-02-21T05:08:27.323+0000][1][safepoint    ] Safepoint "RevokeBias", Time since last: 2525595210 ns, Reaching safepoint: 6616662 ns, At safepoint: 27045 ns, Total: 6643707 ns
[2020-02-21T05:08:29.825+0000][1][safepoint    ] Safepoint "RevokeBias", Time since last: 2502189519 ns, Reaching safepoint: 74147 ns, At safepoint: 18155 ns, Total: 92302 ns
[2020-02-21T05:08:32.330+0000][1][safepoint    ] Safepoint "RevokeBias", Time since last: 2504498802 ns, Reaching safepoint: 75979 ns, At safepoint: 19024 ns, Total: 95003 ns
[2020-02-21T05:08:34.836+0000][1][safepoint    ] Safepoint "RevokeBias", Time since last: 2505945996 ns, Reaching safepoint: 74654 ns, At safepoint: 17014 ns, Total: 91668 ns
[2020-02-21T05:08:37.374+0000][1][safepoint    ] Safepoint "BulkRevokeBias", Time since last: 2538070405 ns, Reaching safepoint: 73851 ns, At safepoint: 183320 ns, Total: 257171 ns
[2020-02-21T05:08:39.885+0000][1][safepoint    ] Safepoint "RevokeBias", Time since last: 2510162879 ns, Reaching safepoint: 77993 ns, At safepoint: 21247 ns, Total: 99240 ns
[2020-02-21T05:08:42.389+0000][1][safepoint    ] Safepoint "RevokeBias", Time since last: 2503886555 ns, Reaching safepoint: 218244 ns, At safepoint: 40234 ns, Total: 258478 ns
[2020-02-21T05:08:44.897+0000][1][safepoint    ] Safepoint "RevokeBias", Time since last: 2508327976 ns, Reaching safepoint: 73332 ns, At safepoint: 17658 ns, Total: 90990 ns
[2020-02-21T05:08:47.407+0000][1][safepoint    ] Safepoint "RevokeBias", Time since last: 2509936831 ns, Reaching safepoint: 133296 ns, At safepoint: 18795 ns, Total: 152091 ns
[2020-02-21T05:08:49.910+0000][1][safepoint    ] Safepoint "RevokeBias", Time since last: 2503110938 ns, Reaching safepoint: 115242 ns, At safepoint: 29138 ns, Total: 144380 ns
[2020-02-21T05:08:52.414+0000][1][safepoint    ] Safepoint "RevokeBias", Time since last: 2503383602 ns, Reaching safepoint: 73556 ns, At safepoint: 17755 ns, Total: 91311 ns
[2020-02-21T05:08:54.917+0000][1][safepoint    ] Safepoint "RevokeBias", Time since last: 2502985828 ns, Reaching safepoint: 74386 ns, At safepoint: 18671 ns, Total: 93057 ns
[2020-02-21T05:08:57.433+0000][1][safepoint    ] Safepoint "RevokeBias", Time since last: 2516180504 ns, Reaching safepoint: 76404 ns, At safepoint: 20212 ns, Total: 96616 ns
[2020-02-21T05:08:59.940+0000][1][safepoint    ] Safepoint "RevokeBias", Time since last: 2506647461 ns, Reaching safepoint: 73352 ns, At safepoint: 18114 ns, Total: 91466 ns
[2020-02-21T05:09:02.442+0000][1][safepoint    ] Safepoint "RevokeBias", Time since last: 2502319054 ns, Reaching safepoint: 72645 ns, At safepoint: 18607 ns, Total: 91252 ns
[2020-02-21T05:09:04.946+0000][1][safepoint    ] Safepoint "RevokeBias", Time since last: 2503475770 ns, Reaching safepoint: 55396 ns, At safepoint: 17613 ns, Total: 73009 ns
[2020-02-21T05:09:07.450+0000][1][safepoint    ] Safepoint "RevokeBias", Time since last: 2503815567 ns, Reaching safepoint: 71923 ns, At safepoint: 17725 ns, Total: 89648 ns
[2020-02-21T05:09:09.954+0000][1][safepoint    ] Safepoint "RevokeBias", Time since last: 2504083770 ns, Reaching safepoint: 147724 ns, At safepoint: 21282 ns, Total: 169006 ns
[2020-02-21T05:09:12.458+0000][1][safepoint    ] Safepoint "RevokeBias", Time since last: 2503706361 ns, Reaching safepoint: 107631 ns, At safepoint: 72290 ns, Total: 179921 ns
[2020-02-21T05:09:14.972+0000][1][safepoint    ] Safepoint "RevokeBias", Time since last: 2513823830 ns, Reaching safepoint: 71816 ns, At safepoint: 18303 ns, Total: 90119 ns
[2020-02-21T05:09:17.481+0000][1][safepoint    ] Safepoint "RevokeBias", Time since last: 2509363865 ns, Reaching safepoint: 73469 ns, At safepoint: 18792 ns, Total: 92261 ns
[2020-02-21T05:09:19.986+0000][1][safepoint    ] Safepoint "RevokeBias", Time since last: 2504853769 ns, Reaching safepoint: 72809 ns, At safepoint: 18686 ns, Total: 91495 ns
[2020-02-21T05:09:22.489+0000][1][safepoint    ] Safepoint "RevokeBias", Time since last: 2502888299 ns, Reaching safepoint: 71208 ns, At safepoint: 17911 ns, Total: 89119 ns
[2020-02-21T05:09:24.994+0000][1][safepoint    ] Safepoint "RevokeBias", Time since last: 2504539127 ns, Reaching safepoint: 83480 ns, At safepoint: 20726 ns, Total: 104206 ns
[2020-02-21T05:09:27.507+0000][1][safepoint    ] Safepoint "RevokeBias", Time since last: 2512902019 ns, Reaching safepoint: 70848 ns, At safepoint: 17383 ns, Total: 88231 ns
[2020-02-21T05:09:30.013+0000][1][safepoint    ] Safepoint "RevokeBias", Time since last: 2506129281 ns, Reaching safepoint: 73286 ns, At safepoint: 18753 ns, Total: 92039 ns
[2020-02-21T05:09:32.516+0000][1][safepoint    ] Safepoint "RevokeBias", Time since last: 2503194064 ns, Reaching safepoint: 71118 ns, At safepoint: 18598 ns, Total: 89716 ns
[2020-02-21T05:09:33.517+0000][1][safepoint    ] Safepoint "Cleanup", Time since last: 1000207786 ns, Reaching safepoint: 85125 ns, At safepoint: 9065 ns, Total: 94190 ns
[2020-02-21T05:09:35.019+0000][1][safepoint    ] Safepoint "RevokeBias", Time since last: 1501875022 ns, Reaching safepoint: 71953 ns, At safepoint: 17554 ns, Total: 89507 ns
[2020-02-21T05:09:37.523+0000][1][safepoint    ] Safepoint "RevokeBias", Time since last: 2503711294 ns, Reaching safepoint: 84374 ns, At safepoint: 20774 ns, Total: 105148 ns
[2020-02-21T05:09:40.026+0000][1][safepoint    ] Safepoint "RevokeBias", Time since last: 2503690311 ns, Reaching safepoint: 82271 ns, At safepoint: 20824 ns, Total: 103095 ns
[2020-02-21T05:09:42.530+0000][1][safepoint    ] Safepoint "RevokeBias", Time since last: 2503417900 ns, Reaching safepoint: 79427 ns, At safepoint: 20797 ns, Total: 100224 ns
[2020-02-21T05:09:45.055+0000][1][safepoint    ] Safepoint "RevokeBias", Time since last: 2524681238 ns, Reaching safepoint: 72448 ns, At safepoint: 17646 ns, Total: 90094 ns
[2020-02-21T05:09:47.564+0000][1][safepoint    ] Safepoint "RevokeBias", Time since last: 2509423919 ns, Reaching safepoint: 55585 ns, At safepoint: 15666 ns, Total: 71251 ns
[2020-02-21T05:09:50.068+0000][1][safepoint    ] Safepoint "BulkRevokeBias", Time since last: 2504027269 ns, Reaching safepoint: 72618 ns, At safepoint: 228020 ns, Total: 300638 ns
[2020-02-21T05:09:52.572+0000][1][safepoint    ] Safepoint "RevokeBias", Time since last: 2503736095 ns, Reaching safepoint: 130145 ns, At safepoint: 91893 ns, Total: 222038 ns
[2020-02-21T05:09:55.077+0000][1][safepoint    ] Safepoint "RevokeBias", Time since last: 2504956266 ns, Reaching safepoint: 71891 ns, At safepoint: 17125 ns, Total: 89016 ns
[2020-02-21T05:09:57.582+0000][1][safepoint    ] Safepoint "RevokeBias", Time since last: 2504664403 ns, Reaching safepoint: 86247 ns, At safepoint: 113397 ns, Total: 199644 ns
[2020-02-21T05:10:00.087+0000][1][safepoint    ] Safepoint "RevokeBias", Time since last: 2504103287 ns, Reaching safepoint: 151538 ns, At safepoint: 33007 ns, Total: 184545 ns
[2020-02-21T05:10:02.595+0000][1][safepoint    ] Safepoint "RevokeBias", Time since last: 2508261475 ns, Reaching safepoint: 83681 ns, At safepoint: 18380 ns, Total: 102061 ns
[2020-02-21T05:10:05.099+0000][1][safepoint    ] Safepoint "RevokeBias", Time since last: 2504335224 ns, Reaching safepoint: 72936 ns, At safepoint: 18182 ns, Total: 91118 ns
[2020-02-21T05:10:07.609+0000][1][safepoint    ] Safepoint "RevokeBias", Time since last: 2509470735 ns, Reaching safepoint: 72176 ns, At safepoint: 17415 ns, Total: 89591 ns
[2020-02-21T05:10:10.120+0000][1][safepoint    ] Safepoint "RevokeBias", Time since last: 2511084963 ns, Reaching safepoint: 74818 ns, At safepoint: 18829 ns, Total: 93647 ns
[2020-02-21T05:10:12.624+0000][1][safepoint    ] Safepoint "RevokeBias", Time since last: 2504129457 ns, Reaching safepoint: 82276 ns, At safepoint: 20457 ns, Total: 102733 ns
[2020-02-21T05:10:15.127+0000][1][safepoint    ] Safepoint "RevokeBias", Time since last: 2502398172 ns, Reaching safepoint: 157858 ns, At safepoint: 36838 ns, Total: 194696 ns
[2020-02-21T05:10:15.262+0000][1][gc,start     ] GC(126) Pause Young (Allocation Failure)
[2020-02-21T05:10:15.263+0000][1][gc,task      ] GC(126) Using 1 workers of 1 for evacuation
[2020-02-21T05:10:15.272+0000][1][gc,age       ] GC(126) Desired survivor size 4358144 bytes, new threshold 6 (max threshold 6)
[2020-02-21T05:10:15.272+0000][1][gc,age       ] GC(126) Age table with threshold 6 (max threshold 6)
[2020-02-21T05:10:15.272+0000][1][gc,age       ] GC(126) - age   1:      12936 bytes,      12936 total
[2020-02-21T05:10:15.272+0000][1][gc,age       ] GC(126) - age   3:        608 bytes,      13544 total
[2020-02-21T05:10:15.272+0000][1][gc,age       ] GC(126) - age   5:        496 bytes,      14040 total
[2020-02-21T05:10:15.272+0000][1][gc,age       ] GC(126) - age   6:         96 bytes,      14136 total
[2020-02-21T05:10:15.273+0000][1][gc,heap      ] GC(126) ParNew: 68176K->23K(76672K)
[2020-02-21T05:10:15.273+0000][1][gc,heap      ] GC(126) CMS: 62617K->62617K(963392K)
[2020-02-21T05:10:15.273+0000][1][gc,metaspace ] GC(126) Metaspace: 80303K->80303K(1124352K)
[2020-02-21T05:10:15.273+0000][1][gc           ] GC(126) Pause Young (Allocation Failure) 127M->61M(1015M) 10.077ms
[2020-02-21T05:10:15.273+0000][1][gc,cpu       ] GC(126) User=0.01s Sys=0.00s Real=0.01s
[2020-02-21T05:10:15.273+0000][1][safepoint    ] Safepoint "GenCollectForAllocation", Time since last: 135469462 ns, Reaching safepoint: 90209 ns, At safepoint: 10128805 ns, Total: 10219014 ns
[2020-02-21T05:10:17.630+0000][1][safepoint    ] Safepoint "RevokeBias", Time since last: 2357445948 ns, Reaching safepoint: 73366 ns, At safepoint: 18229 ns, Total: 91595 ns
[2020-02-21T05:10:20.154+0000][1][safepoint    ] Safepoint "RevokeBias", Time since last: 2523351840 ns, Reaching safepoint: 74541 ns, At safepoint: 17607 ns, Total: 92148 ns
[2020-02-21T05:10:22.662+0000][1][safepoint    ] Safepoint "RevokeBias", Time since last: 2508590190 ns, Reaching safepoint: 101729 ns, At safepoint: 23393 ns, Total: 125122 ns
[2020-02-21T05:10:25.167+0000][1][safepoint    ] Safepoint "RevokeBias", Time since last: 2504823697 ns, Reaching safepoint: 72485 ns, At safepoint: 17872 ns, Total: 90357 ns
[2020-02-21T05:10:27.672+0000][1][safepoint    ] Safepoint "RevokeBias", Time since last: 2504559836 ns, Reaching safepoint: 100670 ns, At safepoint: 20411 ns, Total: 121081 ns
[2020-02-21T05:10:30.175+0000][1][safepoint    ] Safepoint "RevokeBias", Time since last: 2502676305 ns, Reaching safepoint: 73314 ns, At safepoint: 17585 ns, Total: 90899 ns
[2020-02-21T05:10:32.686+0000][1][safepoint    ] Safepoint "RevokeBias", Time since last: 2511115430 ns, Reaching safepoint: 72052 ns, At safepoint: 17301 ns, Total: 89353 ns
[2020-02-21T05:10:35.200+0000][1][safepoint    ] Safepoint "RevokeBias", Time since last: 2513914920 ns, Reaching safepoint: 73697 ns, At safepoint: 17866 ns, Total: 91563 ns
[2020-02-21T05:10:37.703+0000][1][safepoint    ] Safepoint "RevokeBias", Time since last: 2502487972 ns, Reaching safepoint: 160502 ns, At safepoint: 18101 ns, Total: 178603 ns
[2020-02-21T05:10:40.207+0000][1][safepoint    ] Safepoint "RevokeBias", Time since last: 2503980107 ns, Reaching safepoint: 73656 ns, At safepoint: 17086 ns, Total: 90742 ns
[2020-02-21T05:10:42.711+0000][1][safepoint    ] Safepoint "RevokeBias", Time since last: 2504343011 ns, Reaching safepoint: 74357 ns, At safepoint: 18825 ns, Total: 93182 ns
[2020-02-21T05:10:45.214+0000][1][safepoint    ] Safepoint "RevokeBias", Time since last: 2503288578 ns, Reaching safepoint: 85954 ns, At safepoint: 17910 ns, Total: 103864 ns
[2020-02-21T05:10:47.720+0000][1][safepoint    ] Safepoint "RevokeBias", Time since last: 2505007848 ns, Reaching safepoint: 70969 ns, At safepoint: 17718 ns, Total: 88687 ns
[2020-02-21T05:10:50.232+0000][1][safepoint    ] Safepoint "RevokeBias", Time since last: 2512394814 ns, Reaching safepoint: 70134 ns, At safepoint: 17336 ns, Total: 87470 ns
[2020-02-21T05:10:52.740+0000][1][safepoint    ] Safepoint "RevokeBias", Time since last: 2507857254 ns, Reaching safepoint: 108005 ns, At safepoint: 25126 ns, Total: 133131 ns
[2020-02-21T05:10:55.246+0000][1][safepoint    ] Safepoint "RevokeBias", Time since last: 2506146048 ns, Reaching safepoint: 71066 ns, At safepoint: 17018 ns, Total: 88084 ns
[2020-02-21T05:10:57.751+0000][1][safepoint    ] Safepoint "RevokeBias", Time since last: 2504716516 ns, Reaching safepoint: 87172 ns, At safepoint: 19463 ns, Total: 106635 ns
[2020-02-21T05:11:00.254+0000][1][safepoint    ] Safepoint "RevokeBias", Time since last: 2503028680 ns, Reaching safepoint: 83029 ns, At safepoint: 21056 ns, Total: 104085 ns
[2020-02-21T05:11:02.760+0000][1][safepoint    ] Safepoint "BulkRevokeBias", Time since last: 2505676488 ns, Reaching safepoint: 96044 ns, At safepoint: 334763 ns, Total: 430807 ns
[2020-02-21T05:11:05.263+0000][1][safepoint    ] Safepoint "RevokeBias", Time since last: 2502674042 ns, Reaching safepoint: 72656 ns, At safepoint: 17223 ns, Total: 89879 ns
[2020-02-21T05:11:07.777+0000][1][safepoint    ] Safepoint "RevokeBias", Time since last: 2513685415 ns, Reaching safepoint: 72521 ns, At safepoint: 17714 ns, Total: 90235 ns
[2020-02-21T05:11:10.288+0000][1][safepoint    ] Safepoint "RevokeBias", Time since last: 2510952697 ns, Reaching safepoint: 73723 ns, At safepoint: 18262 ns, Total: 91985 ns
[2020-02-21T05:11:12.792+0000][1][safepoint    ] Safepoint "RevokeBias", Time since last: 2503653607 ns, Reaching safepoint: 76266 ns, At safepoint: 77649 ns, Total: 153915 ns
[2020-02-21T05:11:15.295+0000][1][safepoint    ] Safepoint "RevokeBias", Time since last: 2502974612 ns, Reaching safepoint: 148032 ns, At safepoint: 32637 ns, Total: 180669 ns
[2020-02-21T05:11:17.799+0000][1][safepoint    ] Safepoint "RevokeBias", Time since last: 2504324496 ns, Reaching safepoint: 75817 ns, At safepoint: 18001 ns, Total: 93818 ns
[2020-02-21T05:11:20.303+0000][1][safepoint    ] Safepoint "RevokeBias", Time since last: 2503748731 ns, Reaching safepoint: 71541 ns, At safepoint: 17602 ns, Total: 89143 ns
[2020-02-21T05:11:22.805+0000][1][safepoint    ] Safepoint "RevokeBias", Time since last: 2501308228 ns, Reaching safepoint: 83622 ns, At safepoint: 21033 ns, Total: 104655 ns
[2020-02-21T05:11:25.327+0000][1][safepoint    ] Safepoint "RevokeBias", Time since last: 2518536610 ns, Reaching safepoint: 4204098 ns, At safepoint: 20450 ns, Total: 4224548 ns
[2020-02-21T05:11:27.832+0000][1][safepoint    ] Safepoint "RevokeBias", Time since last: 2504677755 ns, Reaching safepoint: 103527 ns, At safepoint: 24342 ns, Total: 127869 ns
[2020-02-21T05:11:30.337+0000][1][safepoint    ] Safepoint "RevokeBias", Time since last: 2504554419 ns, Reaching safepoint: 151192 ns, At safepoint: 21073 ns, Total: 172265 ns
[2020-02-21T05:11:32.842+0000][1][safepoint    ] Safepoint "RevokeBias", Time since last: 2504884943 ns, Reaching safepoint: 120213 ns, At safepoint: 30661 ns, Total: 150874 ns
[2020-02-21T05:11:35.344+0000][1][safepoint    ] Safepoint "RevokeBias", Time since last: 2502365029 ns, Reaching safepoint: 73690 ns, At safepoint: 17714 ns, Total: 91404 ns
[2020-02-21T05:11:37.855+0000][1][safepoint    ] Safepoint "RevokeBias", Time since last: 2510599448 ns, Reaching safepoint: 72397 ns, At safepoint: 17532 ns, Total: 89929 ns
[2020-02-21T05:11:40.366+0000][1][safepoint    ] Safepoint "RevokeBias", Time since last: 2510935857 ns, Reaching safepoint: 172442 ns, At safepoint: 20156 ns, Total: 192598 ns
[2020-02-21T05:11:42.871+0000][1][safepoint    ] Safepoint "RevokeBias", Time since last: 2505202791 ns, Reaching safepoint: 126280 ns, At safepoint: 27836 ns, Total: 154116 ns
[2020-02-21T05:11:45.375+0000][1][safepoint    ] Safepoint "RevokeBias", Time since last: 2503019103 ns, Reaching safepoint: 161823 ns, At safepoint: 35073 ns, Total: 196896 ns
[2020-02-21T05:11:47.879+0000][1][safepoint    ] Safepoint "RevokeBias", Time since last: 2504299351 ns, Reaching safepoint: 83351 ns, At safepoint: 20544 ns, Total: 103895 ns
[2020-02-21T05:11:50.386+0000][1][safepoint    ] Safepoint "RevokeBias", Time since last: 2507292951 ns, Reaching safepoint: 70406 ns, At safepoint: 16667 ns, Total: 87073 ns
[2020-02-21T05:11:52.890+0000][1][safepoint    ] Safepoint "RevokeBias", Time since last: 2503618755 ns, Reaching safepoint: 71840 ns, At safepoint: 17506 ns, Total: 89346 ns
[2020-02-21T05:11:55.412+0000][1][safepoint    ] Safepoint "RevokeBias", Time since last: 2521194262 ns, Reaching safepoint: 109466 ns, At safepoint: 28466 ns, Total: 137932 ns
[2020-02-21T05:11:57.920+0000][1][safepoint    ] Safepoint "RevokeBias", Time since last: 2508076480 ns, Reaching safepoint: 90119 ns, At safepoint: 20996 ns, Total: 111115 ns
[2020-02-21T05:12:00.423+0000][1][safepoint    ] Safepoint "RevokeBias", Time since last: 2503446699 ns, Reaching safepoint: 73665 ns, At safepoint: 17697 ns, Total: 91362 ns
[2020-02-21T05:12:02.928+0000][1][safepoint    ] Safepoint "RevokeBias", Time since last: 2504894635 ns, Reaching safepoint: 71634 ns, At safepoint: 17574 ns, Total: 89208 ns
[2020-02-21T05:12:05.431+0000][1][safepoint    ] Safepoint "RevokeBias", Time since last: 2502992694 ns, Reaching safepoint: 74676 ns, At safepoint: 18108 ns, Total: 92784 ns
[2020-02-21T05:12:07.933+0000][1][safepoint    ] Safepoint "RevokeBias", Time since last: 2502048868 ns, Reaching safepoint: 73396 ns, At safepoint: 17741 ns, Total: 91137 ns
[2020-02-21T05:12:10.438+0000][1][safepoint    ] Safepoint "RevokeBias", Time since last: 2504197191 ns, Reaching safepoint: 74399 ns, At safepoint: 18232 ns, Total: 92631 ns
[2020-02-21T05:12:12.949+0000][1][safepoint    ] Safepoint "RevokeBias", Time since last: 2511037272 ns, Reaching safepoint: 53753 ns, At safepoint: 15010 ns, Total: 68763 ns
[2020-02-21T05:12:15.458+0000][1][safepoint    ] Safepoint "BulkRevokeBias", Time since last: 2508963301 ns, Reaching safepoint: 86593 ns, At safepoint: 213281 ns, Total: 299874 ns
[2020-02-21T05:12:17.963+0000][1][safepoint    ] Safepoint "RevokeBias", Time since last: 2504428111 ns, Reaching safepoint: 78259 ns, At safepoint: 19195 ns, Total: 97454 ns
[2020-02-21T05:12:20.469+0000][1][safepoint    ] Safepoint "RevokeBias", Time since last: 2506139545 ns, Reaching safepoint: 74194 ns, At safepoint: 17757 ns, Total: 91951 ns
[2020-02-21T05:12:22.972+0000][1][safepoint    ] Safepoint "RevokeBias", Time since last: 2502535266 ns, Reaching safepoint: 82606 ns, At safepoint: 20877 ns, Total: 103483 ns
[2020-02-21T05:12:25.491+0000][1][safepoint    ] Safepoint "RevokeBias", Time since last: 2519327020 ns, Reaching safepoint: 71089 ns, At safepoint: 17466 ns, Total: 88555 ns
[2020-02-21T05:12:28.004+0000][1][safepoint    ] Safepoint "RevokeBias", Time since last: 2512945047 ns, Reaching safepoint: 135144 ns, At safepoint: 28972 ns, Total: 164116 ns
[2020-02-21T05:12:30.507+0000][1][safepoint    ] Safepoint "RevokeBias", Time since last: 2502808802 ns, Reaching safepoint: 75032 ns, At safepoint: 18302 ns, Total: 93334 ns
[2020-02-21T05:12:33.011+0000][1][safepoint    ] Safepoint "RevokeBias", Time since last: 2503830993 ns, Reaching safepoint: 72754 ns, At safepoint: 17606 ns, Total: 90360 ns
[2020-02-21T05:12:35.362+0000][1][gc,start     ] GC(127) Pause Young (Allocation Failure)
[2020-02-21T05:12:35.362+0000][1][gc,task      ] GC(127) Using 1 workers of 1 for evacuation
[2020-02-21T05:12:35.372+0000][1][gc,age       ] GC(127) Desired survivor size 4358144 bytes, new threshold 6 (max threshold 6)
[2020-02-21T05:12:35.372+0000][1][gc,age       ] GC(127) Age table with threshold 6 (max threshold 6)
[2020-02-21T05:12:35.372+0000][1][gc,age       ] GC(127) - age   1:      13024 bytes,      13024 total
[2020-02-21T05:12:35.372+0000][1][gc,age       ] GC(127) - age   4:        608 bytes,      13632 total
[2020-02-21T05:12:35.372+0000][1][gc,age       ] GC(127) - age   6:        496 bytes,      14128 total
[2020-02-21T05:12:35.372+0000][1][gc,heap      ] GC(127) ParNew: 68183K->16K(76672K)
[2020-02-21T05:12:35.372+0000][1][gc,heap      ] GC(127) CMS: 62617K->62617K(963392K)
[2020-02-21T05:12:35.372+0000][1][gc,metaspace ] GC(127) Metaspace: 80303K->80303K(1124352K)
[2020-02-21T05:12:35.372+0000][1][gc           ] GC(127) Pause Young (Allocation Failure) 127M->61M(1015M) 10.600ms
[2020-02-21T05:12:35.372+0000][1][gc,cpu       ] GC(127) User=0.01s Sys=0.00s Real=0.01s
[2020-02-21T05:12:35.372+0000][1][safepoint    ] Safepoint "GenCollectForAllocation", Time since last: 2350688045 ns, Reaching safepoint: 116427 ns, At safepoint: 10655540 ns, Total: 10771967 ns
[2020-02-21T05:12:35.513+0000][1][safepoint    ] Safepoint "RevokeBias", Time since last: 140229876 ns, Reaching safepoint: 75081 ns, At safepoint: 18753 ns, Total: 93834 ns
[2020-02-21T05:12:38.015+0000][1][safepoint    ] Safepoint "RevokeBias", Time since last: 2502163256 ns, Reaching safepoint: 73422 ns, At safepoint: 18762 ns, Total: 92184 ns
[2020-02-21T05:12:40.520+0000][1][safepoint    ] Safepoint "RevokeBias", Time since last: 2504491242 ns, Reaching safepoint: 182736 ns, At safepoint: 33946 ns, Total: 216682 ns
[2020-02-21T05:12:43.032+0000][1][safepoint    ] Safepoint "RevokeBias", Time since last: 2512671414 ns, Reaching safepoint: 88049 ns, At safepoint: 21110 ns, Total: 109159 ns
[2020-02-21T05:12:45.539+0000][1][safepoint    ] Safepoint "RevokeBias", Time since last: 2506916690 ns, Reaching safepoint: 93095 ns, At safepoint: 20788 ns, Total: 113883 ns
[2020-02-21T05:12:48.044+0000][1][safepoint    ] Safepoint "RevokeBias", Time since last: 2504865587 ns, Reaching safepoint: 72511 ns, At safepoint: 17530 ns, Total: 90041 ns
[2020-02-21T05:12:50.551+0000][1][safepoint    ] Safepoint "RevokeBias", Time since last: 2506037083 ns, Reaching safepoint: 81663 ns, At safepoint: 20989 ns, Total: 102652 ns
[2020-02-21T05:12:53.054+0000][1][safepoint    ] Safepoint "RevokeBias", Time since last: 2503732171 ns, Reaching safepoint: 86651 ns, At safepoint: 20153 ns, Total: 106804 ns
[2020-02-21T05:12:55.558+0000][1][safepoint    ] Safepoint "RevokeBias", Time since last: 2503298323 ns, Reaching safepoint: 62655 ns, At safepoint: 18520 ns, Total: 81175 ns
[2020-02-21T05:12:58.063+0000][1][safepoint    ] Safepoint "RevokeBias", Time since last: 2504680732 ns, Reaching safepoint: 71267 ns, At safepoint: 17132 ns, Total: 88399 ns
[2020-02-21T05:13:00.583+0000][1][safepoint    ] Safepoint "RevokeBias", Time since last: 2520346419 ns, Reaching safepoint: 72284 ns, At safepoint: 16875 ns, Total: 89159 ns
[2020-02-21T05:13:03.098+0000][1][safepoint    ] Safepoint "RevokeBias", Time since last: 2514887174 ns, Reaching safepoint: 80954 ns, At safepoint: 20199 ns, Total: 101153 ns
[2020-02-21T05:13:05.602+0000][1][safepoint    ] Safepoint "RevokeBias", Time since last: 2503606186 ns, Reaching safepoint: 71034 ns, At safepoint: 17476 ns, Total: 88510 ns
[2020-02-21T05:13:08.104+0000][1][safepoint    ] Safepoint "RevokeBias", Time since last: 2502489788 ns, Reaching safepoint: 78260 ns, At safepoint: 19119 ns, Total: 97379 ns
[2020-02-21T05:13:10.609+0000][1][safepoint    ] Safepoint "RevokeBias", Time since last: 2504721134 ns, Reaching safepoint: 149122 ns, At safepoint: 56057 ns, Total: 205179 ns
[2020-02-21T05:13:13.114+0000][1][safepoint    ] Safepoint "RevokeBias", Time since last: 2504682565 ns, Reaching safepoint: 74670 ns, At safepoint: 18409 ns, Total: 93079 ns
[2020-02-21T05:13:15.616+0000][1][safepoint    ] Safepoint "RevokeBias", Time since last: 2502187105 ns, Reaching safepoint: 94841 ns, At safepoint: 18695 ns, Total: 113536 ns
[2020-02-21T05:13:18.132+0000][1][safepoint    ] Safepoint "RevokeBias", Time since last: 2516038066 ns, Reaching safepoint: 71932 ns, At safepoint: 18085 ns, Total: 90017 ns
[2020-02-21T05:13:20.645+0000][1][safepoint    ] Safepoint "RevokeBias", Time since last: 2512788973 ns, Reaching safepoint: 71092 ns, At safepoint: 17442 ns, Total: 88534 ns
[2020-02-21T05:13:23.147+0000][1][safepoint    ] Safepoint "RevokeBias", Time since last: 2502141576 ns, Reaching safepoint: 91912 ns, At safepoint: 21967 ns, Total: 113879 ns
[2020-02-21T05:13:25.653+0000][1][safepoint    ] Safepoint "RevokeBias", Time since last: 2505089059 ns, Reaching safepoint: 80863 ns, At safepoint: 20771 ns, Total: 101634 ns
[2020-02-21T05:13:28.161+0000][1][safepoint    ] Safepoint "BulkRevokeBias", Time since last: 2507809503 ns, Reaching safepoint: 85179 ns, At safepoint: 227532 ns, Total: 312711 ns
[2020-02-21T05:13:30.679+0000][1][safepoint    ] Safepoint "RevokeBias", Time since last: 2517675267 ns, Reaching safepoint: 108000 ns, At safepoint: 29580 ns, Total: 137580 ns
[2020-02-21T05:13:33.194+0000][1][safepoint    ] Safepoint "RevokeBias", Time since last: 2515337735 ns, Reaching safepoint: 74544 ns, At safepoint: 18249 ns, Total: 92793 ns
[2020-02-21T05:13:35.697+0000][1][safepoint    ] Safepoint "RevokeBias", Time since last: 2502802678 ns, Reaching safepoint: 72296 ns, At safepoint: 18922 ns, Total: 91218 ns
[2020-02-21T05:13:38.200+0000][1][safepoint    ] Safepoint "RevokeBias", Time since last: 2503395526 ns, Reaching safepoint: 98687 ns, At safepoint: 19495 ns, Total: 118182 ns
[2020-02-21T05:13:40.708+0000][1][safepoint    ] Safepoint "RevokeBias", Time since last: 2507237496 ns, Reaching safepoint: 201528 ns, At safepoint: 44111 ns, Total: 245639 ns
[2020-02-21T05:13:43.213+0000][1][safepoint    ] Safepoint "RevokeBias", Time since last: 2504956075 ns, Reaching safepoint: 93919 ns, At safepoint: 22502 ns, Total: 116421 ns
[2020-02-21T05:13:45.715+0000][1][safepoint    ] Safepoint "RevokeBias", Time since last: 2502048833 ns, Reaching safepoint: 102411 ns, At safepoint: 24046 ns, Total: 126457 ns
[2020-02-21T05:13:48.231+0000][1][safepoint    ] Safepoint "RevokeBias", Time since last: 2515665521 ns, Reaching safepoint: 70746 ns, At safepoint: 17266 ns, Total: 88012 ns
[2020-02-21T05:13:50.744+0000][1][safepoint    ] Safepoint "RevokeBias", Time since last: 2512475859 ns, Reaching safepoint: 82595 ns, At safepoint: 61000 ns, Total: 143595 ns
[2020-02-21T05:13:53.245+0000][1][safepoint    ] Safepoint "RevokeBias", Time since last: 2501385127 ns, Reaching safepoint: 110204 ns, At safepoint: 33587 ns, Total: 143791 ns
[2020-02-21T05:13:55.750+0000][1][safepoint    ] Safepoint "RevokeBias", Time since last: 2505072599 ns, Reaching safepoint: 70209 ns, At safepoint: 17925 ns, Total: 88134 ns
[2020-02-21T05:13:58.253+0000][1][safepoint    ] Safepoint "RevokeBias", Time since last: 2503009077 ns, Reaching safepoint: 75640 ns, At safepoint: 18487 ns, Total: 94127 ns
[2020-02-21T05:14:00.756+0000][1][safepoint    ] Safepoint "RevokeBias", Time since last: 2503074214 ns, Reaching safepoint: 73778 ns, At safepoint: 18767 ns, Total: 92545 ns
[2020-02-21T05:14:03.263+0000][1][safepoint    ] Safepoint "RevokeBias", Time since last: 2506792554 ns, Reaching safepoint: 77863 ns, At safepoint: 19298 ns, Total: 97161 ns
[2020-02-21T05:14:05.776+0000][1][safepoint    ] Safepoint "RevokeBias", Time since last: 2512784681 ns, Reaching safepoint: 157544 ns, At safepoint: 23707 ns, Total: 181251 ns
[2020-02-21T05:14:08.287+0000][1][safepoint    ] Safepoint "RevokeBias", Time since last: 2510955267 ns, Reaching safepoint: 76507 ns, At safepoint: 19435 ns, Total: 95942 ns
[2020-02-21T05:14:10.793+0000][1][safepoint    ] Safepoint "RevokeBias", Time since last: 2505418482 ns, Reaching safepoint: 72857 ns, At safepoint: 18332 ns, Total: 91189 ns
[2020-02-21T05:14:13.299+0000][1][safepoint    ] Safepoint "RevokeBias", Time since last: 2506200177 ns, Reaching safepoint: 88754 ns, At safepoint: 22088 ns, Total: 110842 ns
[2020-02-21T05:14:15.807+0000][1][safepoint    ] Safepoint "RevokeBias", Time since last: 2507763870 ns, Reaching safepoint: 108092 ns, At safepoint: 25476 ns, Total: 133568 ns
[2020-02-21T05:14:18.314+0000][1][safepoint    ] Safepoint "RevokeBias", Time since last: 2507215264 ns, Reaching safepoint: 69895 ns, At safepoint: 18298 ns, Total: 88193 ns
[2020-02-21T05:14:20.820+0000][1][safepoint    ] Safepoint "RevokeBias", Time since last: 2505297086 ns, Reaching safepoint: 73348 ns, At safepoint: 19630 ns, Total: 92978 ns
[2020-02-21T05:14:23.327+0000][1][safepoint    ] Safepoint "RevokeBias", Time since last: 2507076447 ns, Reaching safepoint: 86873 ns, At safepoint: 20216 ns, Total: 107089 ns
[2020-02-21T05:14:25.837+0000][1][safepoint    ] Safepoint "RevokeBias", Time since last: 2509505052 ns, Reaching safepoint: 179274 ns, At safepoint: 20190 ns, Total: 199464 ns
[2020-02-21T05:14:28.341+0000][1][safepoint    ] Safepoint "RevokeBias", Time since last: 2504423617 ns, Reaching safepoint: 71902 ns, At safepoint: 18156 ns, Total: 90058 ns
[2020-02-21T05:14:30.843+0000][1][safepoint    ] Safepoint "RevokeBias", Time since last: 2501961482 ns, Reaching safepoint: 71686 ns, At safepoint: 17550 ns, Total: 89236 ns
[2020-02-21T05:14:33.347+0000][1][safepoint    ] Safepoint "RevokeBias", Time since last: 2503791787 ns, Reaching safepoint: 101270 ns, At safepoint: 23406 ns, Total: 124676 ns
[2020-02-21T05:14:35.862+0000][1][safepoint    ] Safepoint "RevokeBias", Time since last: 2514450430 ns, Reaching safepoint: 69875 ns, At safepoint: 17990 ns, Total: 87865 ns
[2020-02-21T05:14:38.370+0000][1][safepoint    ] Safepoint "RevokeBias", Time since last: 2508065320 ns, Reaching safepoint: 86132 ns, At safepoint: 20471 ns, Total: 106603 ns
[2020-02-21T05:14:40.876+0000][1][safepoint    ] Safepoint "BulkRevokeBias", Time since last: 2505566992 ns, Reaching safepoint: 72030 ns, At safepoint: 180120 ns, Total: 252150 ns
[2020-02-21T05:14:43.381+0000][1][safepoint    ] Safepoint "RevokeBias", Time since last: 2505049885 ns, Reaching safepoint: 70217 ns, At safepoint: 17245 ns, Total: 87462 ns
[2020-02-21T05:14:45.884+0000][1][safepoint    ] Safepoint "RevokeBias", Time since last: 2502942817 ns, Reaching safepoint: 73515 ns, At safepoint: 18102 ns, Total: 91617 ns
[2020-02-21T05:14:48.390+0000][1][safepoint    ] Safepoint "RevokeBias", Time since last: 2505722365 ns, Reaching safepoint: 86599 ns, At safepoint: 20364 ns, Total: 106963 ns
[2020-02-21T05:14:50.894+0000][1][safepoint    ] Safepoint "RevokeBias", Time since last: 2504566986 ns, Reaching safepoint: 71779 ns, At safepoint: 17831 ns, Total: 89610 ns
[2020-02-21T05:14:53.401+0000][1][safepoint    ] Safepoint "RevokeBias", Time since last: 2506645519 ns, Reaching safepoint: 88419 ns, At safepoint: 19049 ns, Total: 107468 ns
[2020-02-21T05:14:55.602+0000][1][gc,start     ] GC(128) Pause Young (Allocation Failure)
[2020-02-21T05:14:55.602+0000][1][gc,task      ] GC(128) Using 1 workers of 1 for evacuation
[2020-02-21T05:14:55.612+0000][1][gc,age       ] GC(128) Desired survivor size 4358144 bytes, new threshold 6 (max threshold 6)
[2020-02-21T05:14:55.612+0000][1][gc,age       ] GC(128) Age table with threshold 6 (max threshold 6)
[2020-02-21T05:14:55.612+0000][1][gc,age       ] GC(128) - age   1:      11992 bytes,      11992 total
[2020-02-21T05:14:55.612+0000][1][gc,age       ] GC(128) - age   5:        376 bytes,      12368 total
[2020-02-21T05:14:55.612+0000][1][gc,heap      ] GC(128) ParNew: 68176K->12K(76672K)
[2020-02-21T05:14:55.612+0000][1][gc,heap      ] GC(128) CMS: 62617K->62618K(963392K)
[2020-02-21T05:14:55.612+0000][1][gc,metaspace ] GC(128) Metaspace: 80303K->80303K(1124352K)
[2020-02-21T05:14:55.612+0000][1][gc           ] GC(128) Pause Young (Allocation Failure) 127M->61M(1015M) 9.712ms
[2020-02-21T05:14:55.612+0000][1][gc,cpu       ] GC(128) User=0.01s Sys=0.00s Real=0.01s
[2020-02-21T05:14:55.612+0000][1][safepoint    ] Safepoint "GenCollectForAllocation", Time since last: 2200892215 ns, Reaching safepoint: 78011 ns, At safepoint: 9767497 ns, Total: 9845508 ns
[2020-02-21T05:14:55.914+0000][1][safepoint    ] Safepoint "RevokeBias", Time since last: 301725287 ns, Reaching safepoint: 69870 ns, At safepoint: 17869 ns, Total: 87739 ns
[2020-02-21T05:14:58.418+0000][1][safepoint    ] Safepoint "RevokeBias", Time since last: 2503892757 ns, Reaching safepoint: 87050 ns, At safepoint: 20192 ns, Total: 107242 ns
[2020-02-21T05:15:00.920+0000][1][safepoint    ] Safepoint "RevokeBias", Time since last: 2502509908 ns, Reaching safepoint: 69932 ns, At safepoint: 17449 ns, Total: 87381 ns
[2020-02-21T05:15:03.425+0000][1][safepoint    ] Safepoint "RevokeBias", Time since last: 2504111808 ns, Reaching safepoint: 205381 ns, At safepoint: 20932 ns, Total: 226313 ns
[2020-02-21T05:15:05.928+0000][1][safepoint    ] Safepoint "RevokeBias", Time since last: 2502990594 ns, Reaching safepoint: 157250 ns, At safepoint: 19749 ns, Total: 176999 ns
[2020-02-21T05:15:08.431+0000][1][safepoint    ] Safepoint "RevokeBias", Time since last: 2503016480 ns, Reaching safepoint: 70226 ns, At safepoint: 17198 ns, Total: 87424 ns
[2020-02-21T05:15:10.953+0000][1][safepoint    ] Safepoint "RevokeBias", Time since last: 2522014669 ns, Reaching safepoint: 72003 ns, At safepoint: 17433 ns, Total: 89436 ns
[2020-02-21T05:15:13.461+0000][1][safepoint    ] Safepoint "RevokeBias", Time since last: 2507999317 ns, Reaching safepoint: 74576 ns, At safepoint: 18229 ns, Total: 92805 ns
[2020-02-21T05:15:15.964+0000][1][safepoint    ] Safepoint "RevokeBias", Time since last: 2502437448 ns, Reaching safepoint: 78859 ns, At safepoint: 19759 ns, Total: 98618 ns
[2020-02-21T05:15:18.469+0000][1][safepoint    ] Safepoint "RevokeBias", Time since last: 2505063912 ns, Reaching safepoint: 55292 ns, At safepoint: 15295 ns, Total: 70587 ns
[2020-02-21T05:15:20.974+0000][1][safepoint    ] Safepoint "RevokeBias", Time since last: 2505465908 ns, Reaching safepoint: 70961 ns, At safepoint: 17691 ns, Total: 88652 ns
[2020-02-21T05:15:23.476+0000][1][safepoint    ] Safepoint "RevokeBias", Time since last: 2501964992 ns, Reaching safepoint: 72621 ns, At safepoint: 18908 ns, Total: 91529 ns
[2020-02-21T05:15:25.981+0000][1][safepoint    ] Safepoint "RevokeBias", Time since last: 2504949989 ns, Reaching safepoint: 70777 ns, At safepoint: 17605 ns, Total: 88382 ns
[2020-02-21T05:15:28.491+0000][1][safepoint    ] Safepoint "RevokeBias", Time since last: 2509351893 ns, Reaching safepoint: 87882 ns, At safepoint: 20133 ns, Total: 108015 ns
[2020-02-21T05:15:30.998+0000][1][safepoint    ] Safepoint "RevokeBias", Time since last: 2506840793 ns, Reaching safepoint: 76228 ns, At safepoint: 18622 ns, Total: 94850 ns
[2020-02-21T05:15:33.503+0000][1][safepoint    ] Safepoint "RevokeBias", Time since last: 2504929921 ns, Reaching safepoint: 112488 ns, At safepoint: 28360 ns, Total: 140848 ns
[2020-02-21T05:15:36.007+0000][1][safepoint    ] Safepoint "RevokeBias", Time since last: 2503793972 ns, Reaching safepoint: 61139 ns, At safepoint: 19044 ns, Total: 80183 ns
[2020-02-21T05:15:38.511+0000][1][safepoint    ] Safepoint "RevokeBias", Time since last: 2503724212 ns, Reaching safepoint: 72073 ns, At safepoint: 17770 ns, Total: 89843 ns
[2020-02-21T05:15:41.032+0000][1][safepoint    ] Safepoint "RevokeBias", Time since last: 2521486168 ns, Reaching safepoint: 73780 ns, At safepoint: 18122 ns, Total: 91902 ns
[2020-02-21T05:15:43.544+0000][1][safepoint    ] Safepoint "RevokeBias", Time since last: 2511946082 ns, Reaching safepoint: 71219 ns, At safepoint: 17800 ns, Total: 89019 ns
[2020-02-21T05:15:46.048+0000][1][safepoint    ] Safepoint "RevokeBias", Time since last: 2503267125 ns, Reaching safepoint: 73230 ns, At safepoint: 17776 ns, Total: 91006 ns
[2020-02-21T05:15:48.558+0000][1][safepoint    ] Safepoint "RevokeBias", Time since last: 2509076949 ns, Reaching safepoint: 1169257 ns, At safepoint: 26344 ns, Total: 1195601 ns
[2020-02-21T05:15:51.063+0000][1][safepoint    ] Safepoint "RevokeBias", Time since last: 2504725353 ns, Reaching safepoint: 83116 ns, At safepoint: 21178 ns, Total: 104294 ns
[2020-02-21T05:15:53.566+0000][1][safepoint    ] Safepoint "BulkRevokeBias", Time since last: 2502910282 ns, Reaching safepoint: 132974 ns, At safepoint: 203472 ns, Total: 336446 ns
[2020-02-21T05:15:56.073+0000][1][safepoint    ] Safepoint "RevokeBias", Time since last: 2506649138 ns, Reaching safepoint: 99214 ns, At safepoint: 40151 ns, Total: 139365 ns
[2020-02-21T05:15:58.582+0000][1][safepoint    ] Safepoint "RevokeBias", Time since last: 2508983760 ns, Reaching safepoint: 87556 ns, At safepoint: 20997 ns, Total: 108553 ns
[2020-02-21T05:16:01.091+0000][1][safepoint    ] Safepoint "RevokeBias", Time since last: 2508860425 ns, Reaching safepoint: 71299 ns, At safepoint: 17323 ns, Total: 88622 ns
[2020-02-21T05:16:03.596+0000][1][safepoint    ] Safepoint "RevokeBias", Time since last: 2505555333 ns, Reaching safepoint: 71988 ns, At safepoint: 17545 ns, Total: 89533 ns
[2020-02-21T05:16:06.099+0000][1][safepoint    ] Safepoint "RevokeBias", Time since last: 2502157658 ns, Reaching safepoint: 178131 ns, At safepoint: 17466 ns, Total: 195597 ns
[2020-02-21T05:16:08.602+0000][1][safepoint    ] Safepoint "RevokeBias", Time since last: 2502864341 ns, Reaching safepoint: 88574 ns, At safepoint: 21375 ns, Total: 109949 ns
[2020-02-21T05:16:11.105+0000][1][safepoint    ] Safepoint "RevokeBias", Time since last: 2503606458 ns, Reaching safepoint: 72975 ns, At safepoint: 18226 ns, Total: 91201 ns
[2020-02-21T05:16:13.608+0000][1][safepoint    ] Safepoint "RevokeBias", Time since last: 2502541979 ns, Reaching safepoint: 100501 ns, At safepoint: 21886 ns, Total: 122387 ns
[2020-02-21T05:16:16.122+0000][1][safepoint    ] Safepoint "RevokeBias", Time since last: 2514189194 ns, Reaching safepoint: 108604 ns, At safepoint: 16474 ns, Total: 125078 ns
[2020-02-21T05:16:18.633+0000][1][safepoint    ] Safepoint "RevokeBias", Time since last: 2510600417 ns, Reaching safepoint: 70739 ns, At safepoint: 19698 ns, Total: 90437 ns
[2020-02-21T05:16:21.139+0000][1][safepoint    ] Safepoint "RevokeBias", Time since last: 2506147823 ns, Reaching safepoint: 69578 ns, At safepoint: 16905 ns, Total: 86483 ns
[2020-02-21T05:16:23.642+0000][1][safepoint    ] Safepoint "RevokeBias", Time since last: 2502842711 ns, Reaching safepoint: 77597 ns, At safepoint: 24536 ns, Total: 102133 ns
[2020-02-21T05:16:26.146+0000][1][safepoint    ] Safepoint "RevokeBias", Time since last: 2503808075 ns, Reaching safepoint: 158052 ns, At safepoint: 37561 ns, Total: 195613 ns
[2020-02-21T05:16:28.652+0000][1][safepoint    ] Safepoint "RevokeBias", Time since last: 2505436341 ns, Reaching safepoint: 71152 ns, At safepoint: 17407 ns, Total: 88559 ns
[2020-02-21T05:16:31.156+0000][1][safepoint    ] Safepoint "RevokeBias", Time since last: 2504429588 ns, Reaching safepoint: 71687 ns, At safepoint: 17412 ns, Total: 89099 ns
[2020-02-21T05:16:33.674+0000][1][safepoint    ] Safepoint "RevokeBias", Time since last: 2517407443 ns, Reaching safepoint: 57919 ns, At safepoint: 16563 ns, Total: 74482 ns
[2020-02-21T05:16:36.182+0000][1][safepoint    ] Safepoint "RevokeBias", Time since last: 2508433140 ns, Reaching safepoint: 81334 ns, At safepoint: 19201 ns, Total: 100535 ns
[2020-02-21T05:16:38.686+0000][1][safepoint    ] Safepoint "RevokeBias", Time since last: 2503257847 ns, Reaching safepoint: 52105 ns, At safepoint: 15509 ns, Total: 67614 ns
[2020-02-21T05:16:41.191+0000][1][safepoint    ] Safepoint "RevokeBias", Time since last: 2505298884 ns, Reaching safepoint: 134413 ns, At safepoint: 20233 ns, Total: 154646 ns
[2020-02-21T05:16:43.696+0000][1][safepoint    ] Safepoint "RevokeBias", Time since last: 2504827023 ns, Reaching safepoint: 181805 ns, At safepoint: 19016 ns, Total: 200821 ns
[2020-02-21T05:16:46.202+0000][1][safepoint    ] Safepoint "RevokeBias", Time since last: 2505539630 ns, Reaching safepoint: 112568 ns, At safepoint: 29253 ns, Total: 141821 ns
[2020-02-21T05:16:48.705+0000][1][safepoint    ] Safepoint "RevokeBias", Time since last: 2503150154 ns, Reaching safepoint: 86618 ns, At safepoint: 20460 ns, Total: 107078 ns
[2020-02-21T05:16:51.219+0000][1][safepoint    ] Safepoint "RevokeBias", Time since last: 2514168826 ns, Reaching safepoint: 86450 ns, At safepoint: 17352 ns, Total: 103802 ns
[2020-02-21T05:16:53.728+0000][1][safepoint    ] Safepoint "RevokeBias", Time since last: 2508905552 ns, Reaching safepoint: 74013 ns, At safepoint: 18971 ns, Total: 92984 ns
[2020-02-21T05:16:56.234+0000][1][safepoint    ] Safepoint "RevokeBias", Time since last: 2505931411 ns, Reaching safepoint: 70629 ns, At safepoint: 17741 ns, Total: 88370 ns
[2020-02-21T05:16:58.740+0000][1][safepoint    ] Safepoint "RevokeBias", Time since last: 2505728817 ns, Reaching safepoint: 113318 ns, At safepoint: 28276 ns, Total: 141594 ns
[2020-02-21T05:17:01.243+0000][1][safepoint    ] Safepoint "RevokeBias", Time since last: 2503081331 ns, Reaching safepoint: 55111 ns, At safepoint: 16646 ns, Total: 71757 ns
[2020-02-21T05:17:03.758+0000][1][safepoint    ] Safepoint "RevokeBias", Time since last: 2514610296 ns, Reaching safepoint: 71243 ns, At safepoint: 17944 ns, Total: 89187 ns
[2020-02-21T05:17:06.267+0000][1][safepoint    ] Safepoint "BulkRevokeBias", Time since last: 2508570313 ns, Reaching safepoint: 75104 ns, At safepoint: 183721 ns, Total: 258825 ns
[2020-02-21T05:17:08.770+0000][1][safepoint    ] Safepoint "RevokeBias", Time since last: 2503090799 ns, Reaching safepoint: 145133 ns, At safepoint: 21362 ns, Total: 166495 ns
[2020-02-21T05:17:11.277+0000][1][safepoint    ] Safepoint "RevokeBias", Time since last: 2506292817 ns, Reaching safepoint: 69143 ns, At safepoint: 17287 ns, Total: 86430 ns
[2020-02-21T05:17:13.782+0000][1][safepoint    ] Safepoint "RevokeBias", Time since last: 2505114808 ns, Reaching safepoint: 71014 ns, At safepoint: 17203 ns, Total: 88217 ns
[2020-02-21T05:17:15.565+0000][1][gc,start     ] GC(129) Pause Young (Allocation Failure)
[2020-02-21T05:17:15.565+0000][1][gc,task      ] GC(129) Using 1 workers of 1 for evacuation
[2020-02-21T05:17:15.575+0000][1][gc,age       ] GC(129) Desired survivor size 4358144 bytes, new threshold 6 (max threshold 6)
[2020-02-21T05:17:15.575+0000][1][gc,age       ] GC(129) Age table with threshold 6 (max threshold 6)
[2020-02-21T05:17:15.575+0000][1][gc,age       ] GC(129) - age   1:      13008 bytes,      13008 total
[2020-02-21T05:17:15.575+0000][1][gc,age       ] GC(129) - age   2:        264 bytes,      13272 total
[2020-02-21T05:17:15.575+0000][1][gc,age       ] GC(129) - age   6:        376 bytes,      13648 total
[2020-02-21T05:17:15.575+0000][1][gc,heap      ] GC(129) ParNew: 68172K->24K(76672K)
[2020-02-21T05:17:15.575+0000][1][gc,heap      ] GC(129) CMS: 62618K->62618K(963392K)
[2020-02-21T05:17:15.575+0000][1][gc,metaspace ] GC(129) Metaspace: 80305K->80305K(1124352K)
[2020-02-21T05:17:15.576+0000][1][gc           ] GC(129) Pause Young (Allocation Failure) 127M->61M(1015M) 10.592ms
[2020-02-21T05:17:15.576+0000][1][gc,cpu       ] GC(129) User=0.01s Sys=0.00s Real=0.01s
[2020-02-21T05:17:15.576+0000][1][safepoint    ] Safepoint "GenCollectForAllocation", Time since last: 1783111229 ns, Reaching safepoint: 73477 ns, At safepoint: 10643523 ns, Total: 10717000 ns
[2020-02-21T05:17:16.300+0000][1][safepoint    ] Safepoint "RevokeBias", Time since last: 724287820 ns, Reaching safepoint: 73661 ns, At safepoint: 17562 ns, Total: 91223 ns
[2020-02-21T05:17:18.809+0000][1][safepoint    ] Safepoint "RevokeBias", Time since last: 2508788895 ns, Reaching safepoint: 235013 ns, At safepoint: 55769 ns, Total: 290782 ns
[2020-02-21T05:17:21.323+0000][1][safepoint    ] Safepoint "RevokeBias", Time since last: 2514212112 ns, Reaching safepoint: 72034 ns, At safepoint: 17015 ns, Total: 89049 ns
[2020-02-21T05:17:23.834+0000][1][safepoint    ] Safepoint "RevokeBias", Time since last: 2510756622 ns, Reaching safepoint: 159337 ns, At safepoint: 55667 ns, Total: 215004 ns
[2020-02-21T05:17:26.340+0000][1][safepoint    ] Safepoint "RevokeBias", Time since last: 2505240692 ns, Reaching safepoint: 82429 ns, At safepoint: 19490 ns, Total: 101919 ns
[2020-02-21T05:17:28.846+0000][1][safepoint    ] Safepoint "RevokeBias", Time since last: 2505900055 ns, Reaching safepoint: 71101 ns, At safepoint: 17176 ns, Total: 88277 ns
[2020-02-21T05:17:31.348+0000][1][safepoint    ] Safepoint "RevokeBias", Time since last: 2502347259 ns, Reaching safepoint: 74922 ns, At safepoint: 18504 ns, Total: 93426 ns
[2020-02-21T05:17:33.855+0000][1][safepoint    ] Safepoint "RevokeBias", Time since last: 2507201028 ns, Reaching safepoint: 71308 ns, At safepoint: 17151 ns, Total: 88459 ns
[2020-02-21T05:17:36.358+0000][1][safepoint    ] Safepoint "RevokeBias", Time since last: 2503060171 ns, Reaching safepoint: 71690 ns, At safepoint: 17100 ns, Total: 88790 ns
[2020-02-21T05:17:38.876+0000][1][safepoint    ] Safepoint "RevokeBias", Time since last: 2517102882 ns, Reaching safepoint: 75020 ns, At safepoint: 38151 ns, Total: 113171 ns
[2020-02-21T05:17:41.388+0000][1][safepoint    ] Safepoint "RevokeBias", Time since last: 2511898018 ns, Reaching safepoint: 75341 ns, At safepoint: 17975 ns, Total: 93316 ns
[2020-02-21T05:17:43.892+0000][1][safepoint    ] Safepoint "RevokeBias", Time since last: 2504257185 ns, Reaching safepoint: 86763 ns, At safepoint: 20978 ns, Total: 107741 ns
[2020-02-21T05:17:46.394+0000][1][safepoint    ] Safepoint "RevokeBias", Time since last: 2501992297 ns, Reaching safepoint: 73066 ns, At safepoint: 17272 ns, Total: 90338 ns
[2020-02-21T05:17:48.898+0000][1][safepoint    ] Safepoint "RevokeBias", Time since last: 2503844073 ns, Reaching safepoint: 117797 ns, At safepoint: 23467 ns, Total: 141264 ns
[2020-02-21T05:17:51.405+0000][1][safepoint    ] Safepoint "RevokeBias", Time since last: 2506746942 ns, Reaching safepoint: 86419 ns, At safepoint: 108301 ns, Total: 194720 ns
[2020-02-21T05:17:53.908+0000][1][safepoint    ] Safepoint "RevokeBias", Time since last: 2502938122 ns, Reaching safepoint: 71874 ns, At safepoint: 17929 ns, Total: 89803 ns
[2020-02-21T05:17:56.421+0000][1][safepoint    ] Safepoint "RevokeBias", Time since last: 2513140613 ns, Reaching safepoint: 110531 ns, At safepoint: 27758 ns, Total: 138289 ns
[2020-02-21T05:17:58.937+0000][1][safepoint    ] Safepoint "RevokeBias", Time since last: 2515057774 ns, Reaching safepoint: 156391 ns, At safepoint: 20657 ns, Total: 177048 ns
[2020-02-21T05:18:01.439+0000][1][safepoint    ] Safepoint "RevokeBias", Time since last: 2502405413 ns, Reaching safepoint: 148330 ns, At safepoint: 20298 ns, Total: 168628 ns
[2020-02-21T05:18:03.945+0000][1][safepoint    ] Safepoint "RevokeBias", Time since last: 2505873770 ns, Reaching safepoint: 169621 ns, At safepoint: 56152 ns, Total: 225773 ns
[2020-02-21T05:18:06.449+0000][1][safepoint    ] Safepoint "RevokeBias", Time since last: 2503541029 ns, Reaching safepoint: 73095 ns, At safepoint: 17441 ns, Total: 90536 ns
[2020-02-21T05:18:08.964+0000][1][safepoint    ] Safepoint "RevokeBias", Time since last: 2514736399 ns, Reaching safepoint: 71470 ns, At safepoint: 17009 ns, Total: 88479 ns
[2020-02-21T05:18:11.474+0000][1][safepoint    ] Safepoint "RevokeBias", Time since last: 2510222135 ns, Reaching safepoint: 71172 ns, At safepoint: 17754 ns, Total: 88926 ns
[2020-02-21T05:18:13.980+0000][1][safepoint    ] Safepoint "RevokeBias", Time since last: 2505740620 ns, Reaching safepoint: 134076 ns, At safepoint: 27448 ns, Total: 161524 ns
[2020-02-21T05:18:16.483+0000][1][safepoint    ] Safepoint "RevokeBias", Time since last: 2503221396 ns, Reaching safepoint: 88261 ns, At safepoint: 21211 ns, Total: 109472 ns
[2020-02-21T05:18:18.989+0000][1][safepoint    ] Safepoint "BulkRevokeBias", Time since last: 2505502225 ns, Reaching safepoint: 72282 ns, At safepoint: 233664 ns, Total: 305946 ns
[2020-02-21T05:18:21.496+0000][1][safepoint    ] Safepoint "RevokeBias", Time since last: 2506363466 ns, Reaching safepoint: 73641 ns, At safepoint: 17329 ns, Total: 90970 ns
[2020-02-21T05:18:24.000+0000][1][safepoint    ] Safepoint "RevokeBias", Time since last: 2503933811 ns, Reaching safepoint: 71030 ns, At safepoint: 17286 ns, Total: 88316 ns
[2020-02-21T05:18:26.523+0000][1][safepoint    ] Safepoint "RevokeBias", Time since last: 2523511793 ns, Reaching safepoint: 72257 ns, At safepoint: 17145 ns, Total: 89402 ns
[2020-02-21T05:18:29.036+0000][1][safepoint    ] Safepoint "RevokeBias", Time since last: 2513125324 ns, Reaching safepoint: 73338 ns, At safepoint: 16856 ns, Total: 90194 ns
[2020-02-21T05:18:31.539+0000][1][safepoint    ] Safepoint "RevokeBias", Time since last: 2502162389 ns, Reaching safepoint: 75362 ns, At safepoint: 18175 ns, Total: 93537 ns
[2020-02-21T05:18:34.042+0000][1][safepoint    ] Safepoint "RevokeBias", Time since last: 2503243854 ns, Reaching safepoint: 75157 ns, At safepoint: 18393 ns, Total: 93550 ns
[2020-02-21T05:18:36.546+0000][1][safepoint    ] Safepoint "RevokeBias", Time since last: 2503599005 ns, Reaching safepoint: 127436 ns, At safepoint: 65648 ns, Total: 193084 ns
[2020-02-21T05:18:39.049+0000][1][safepoint    ] Safepoint "RevokeBias", Time since last: 2503198928 ns, Reaching safepoint: 72309 ns, At safepoint: 17917 ns, Total: 90226 ns
[2020-02-21T05:18:41.553+0000][1][safepoint    ] Safepoint "RevokeBias", Time since last: 2504269921 ns, Reaching safepoint: 71735 ns, At safepoint: 17630 ns, Total: 89365 ns
[2020-02-21T05:18:44.067+0000][1][safepoint    ] Safepoint "RevokeBias", Time since last: 2513189761 ns, Reaching safepoint: 299656 ns, At safepoint: 39458 ns, Total: 339114 ns
[2020-02-21T05:18:46.577+0000][1][safepoint    ] Safepoint "RevokeBias", Time since last: 2510092574 ns, Reaching safepoint: 83357 ns, At safepoint: 20133 ns, Total: 103490 ns
[2020-02-21T05:18:49.081+0000][1][safepoint    ] Safepoint "RevokeBias", Time since last: 2504222025 ns, Reaching safepoint: 86535 ns, At safepoint: 17335 ns, Total: 103870 ns
[2020-02-21T05:18:51.587+0000][1][safepoint    ] Safepoint "RevokeBias", Time since last: 2505750533 ns, Reaching safepoint: 84008 ns, At safepoint: 21837 ns, Total: 105845 ns
[2020-02-21T05:18:54.091+0000][1][safepoint    ] Safepoint "RevokeBias", Time since last: 2503401404 ns, Reaching safepoint: 65332 ns, At safepoint: 16411 ns, Total: 81743 ns
[2020-02-21T05:18:56.595+0000][1][safepoint    ] Safepoint "RevokeBias", Time since last: 2504335122 ns, Reaching safepoint: 76069 ns, At safepoint: 18964 ns, Total: 95033 ns
[2020-02-21T05:18:59.101+0000][1][safepoint    ] Safepoint "RevokeBias", Time since last: 2506097717 ns, Reaching safepoint: 71662 ns, At safepoint: 17906 ns, Total: 89568 ns
[2020-02-21T05:19:01.611+0000][1][safepoint    ] Safepoint "RevokeBias", Time since last: 2509804063 ns, Reaching safepoint: 86213 ns, At safepoint: 17328 ns, Total: 103541 ns
[2020-02-21T05:19:04.120+0000][1][safepoint    ] Safepoint "RevokeBias", Time since last: 2508635998 ns, Reaching safepoint: 76535 ns, At safepoint: 18348 ns, Total: 94883 ns
[2020-02-21T05:19:06.622+0000][1][safepoint    ] Safepoint "RevokeBias", Time since last: 2501472371 ns, Reaching safepoint: 73663 ns, At safepoint: 17860 ns, Total: 91523 ns
[2020-02-21T05:19:09.126+0000][1][safepoint    ] Safepoint "RevokeBias", Time since last: 2504389218 ns, Reaching safepoint: 73090 ns, At safepoint: 19028 ns, Total: 92118 ns
[2020-02-21T05:19:11.637+0000][1][safepoint    ] Safepoint "RevokeBias", Time since last: 2510393551 ns, Reaching safepoint: 54998 ns, At safepoint: 16799 ns, Total: 71797 ns
[2020-02-21T05:19:14.163+0000][1][safepoint    ] Safepoint "RevokeBias", Time since last: 2526692479 ns, Reaching safepoint: 163971 ns, At safepoint: 48529 ns, Total: 212500 ns
[2020-02-21T05:19:16.794+0000][1][safepoint    ] Safepoint "RevokeBias", Time since last: 2630092937 ns, Reaching safepoint: 74741 ns, At safepoint: 17993 ns, Total: 92734 ns
[2020-02-21T05:19:19.300+0000][1][safepoint    ] Safepoint "RevokeBias", Time since last: 2506562710 ns, Reaching safepoint: 73920 ns, At safepoint: 18267 ns, Total: 92187 ns
[2020-02-21T05:19:21.806+0000][1][safepoint    ] Safepoint "RevokeBias", Time since last: 2505848750 ns, Reaching safepoint: 71094 ns, At safepoint: 18208 ns, Total: 89302 ns
[2020-02-21T05:19:24.310+0000][1][safepoint    ] Safepoint "RevokeBias", Time since last: 2503943245 ns, Reaching safepoint: 76418 ns, At safepoint: 18525 ns, Total: 94943 ns
[2020-02-21T05:19:26.814+0000][1][safepoint    ] Safepoint "RevokeBias", Time since last: 2503330935 ns, Reaching safepoint: 73071 ns, At safepoint: 18354 ns, Total: 91425 ns
[2020-02-21T05:19:29.317+0000][1][safepoint    ] Safepoint "RevokeBias", Time since last: 2503126562 ns, Reaching safepoint: 76769 ns, At safepoint: 19152 ns, Total: 95921 ns
[2020-02-21T05:19:31.836+0000][1][safepoint    ] Safepoint "BulkRevokeBias", Time since last: 2512142913 ns, Reaching safepoint: 6778855 ns, At safepoint: 618644 ns, Total: 7397499 ns
[2020-02-21T05:19:34.338+0000][1][safepoint    ] Safepoint "RevokeBias", Time since last: 2501545191 ns, Reaching safepoint: 71881 ns, At safepoint: 86376 ns, Total: 158257 ns
[2020-02-21T05:19:35.662+0000][1][gc,start     ] GC(130) Pause Young (Allocation Failure)
[2020-02-21T05:19:35.662+0000][1][gc,task      ] GC(130) Using 1 workers of 1 for evacuation
[2020-02-21T05:19:35.676+0000][1][gc,age       ] GC(130) Desired survivor size 4358144 bytes, new threshold 6 (max threshold 6)
[2020-02-21T05:19:35.676+0000][1][gc,age       ] GC(130) Age table with threshold 6 (max threshold 6)
[2020-02-21T05:19:35.676+0000][1][gc,age       ] GC(130) - age   1:      12072 bytes,      12072 total
[2020-02-21T05:19:35.676+0000][1][gc,age       ] GC(130) - age   3:        264 bytes,      12336 total
[2020-02-21T05:19:35.676+0000][1][gc,heap      ] GC(130) ParNew: 68184K->16K(76672K)
[2020-02-21T05:19:35.676+0000][1][gc,heap      ] GC(130) CMS: 62618K->62618K(963392K)
[2020-02-21T05:19:35.676+0000][1][gc,metaspace ] GC(130) Metaspace: 80305K->80305K(1124352K)
[2020-02-21T05:19:35.676+0000][1][gc           ] GC(130) Pause Young (Allocation Failure) 127M->61M(1015M) 13.872ms
[2020-02-21T05:19:35.676+0000][1][gc,cpu       ] GC(130) User=0.01s Sys=0.00s Real=0.02s
[2020-02-21T05:19:35.676+0000][1][safepoint    ] Safepoint "GenCollectForAllocation", Time since last: 1323777070 ns, Reaching safepoint: 86810 ns, At safepoint: 13972492 ns, Total: 14059302 ns
[2020-02-21T05:19:36.841+0000][1][safepoint    ] Safepoint "RevokeBias", Time since last: 1164622873 ns, Reaching safepoint: 65887 ns, At safepoint: 19292 ns, Total: 85179 ns
[2020-02-21T05:19:39.342+0000][1][safepoint    ] Safepoint "RevokeBias", Time since last: 2501331217 ns, Reaching safepoint: 73294 ns, At safepoint: 18015 ns, Total: 91309 ns
[2020-02-21T05:19:41.846+0000][1][safepoint    ] Safepoint "RevokeBias", Time since last: 2503485535 ns, Reaching safepoint: 73236 ns, At safepoint: 18367 ns, Total: 91603 ns
[2020-02-21T05:19:44.350+0000][1][safepoint    ] Safepoint "RevokeBias", Time since last: 2503893191 ns, Reaching safepoint: 89643 ns, At safepoint: 110858 ns, Total: 200501 ns
[2020-02-21T05:19:46.853+0000][1][safepoint    ] Safepoint "RevokeBias", Time since last: 2503251422 ns, Reaching safepoint: 192164 ns, At safepoint: 58292 ns, Total: 250456 ns
[2020-02-21T05:19:49.369+0000][1][safepoint    ] Safepoint "RevokeBias", Time since last: 2515192611 ns, Reaching safepoint: 70354 ns, At safepoint: 17213 ns, Total: 87567 ns
[2020-02-21T05:19:51.884+0000][1][safepoint    ] Safepoint "RevokeBias", Time since last: 2515255102 ns, Reaching safepoint: 193683 ns, At safepoint: 38626 ns, Total: 232309 ns
[2020-02-21T05:19:54.387+0000][1][safepoint    ] Safepoint "RevokeBias", Time since last: 2502986000 ns, Reaching safepoint: 70585 ns, At safepoint: 20485 ns, Total: 91070 ns
[2020-02-21T05:19:56.894+0000][1][safepoint    ] Safepoint "RevokeBias", Time since last: 2507098193 ns, Reaching safepoint: 72626 ns, At safepoint: 17150 ns, Total: 89776 ns
[2020-02-21T05:19:59.406+0000][1][safepoint    ] Safepoint "RevokeBias", Time since last: 2511429313 ns, Reaching safepoint: 83122 ns, At safepoint: 20144 ns, Total: 103266 ns
[2020-02-21T05:20:01.915+0000][1][safepoint    ] Safepoint "RevokeBias", Time since last: 2509285609 ns, Reaching safepoint: 56977 ns, At safepoint: 16645 ns, Total: 73622 ns
[2020-02-21T05:20:04.428+0000][1][safepoint    ] Safepoint "RevokeBias", Time since last: 2512806131 ns, Reaching safepoint: 73156 ns, At safepoint: 18018 ns, Total: 91174 ns
[2020-02-21T05:20:06.932+0000][1][safepoint    ] Safepoint "RevokeBias", Time since last: 2503486610 ns, Reaching safepoint: 113772 ns, At safepoint: 29005 ns, Total: 142777 ns
[2020-02-21T05:20:09.434+0000][1][safepoint    ] Safepoint "RevokeBias", Time since last: 2502438506 ns, Reaching safepoint: 74199 ns, At safepoint: 18507 ns, Total: 92706 ns
[2020-02-21T05:20:11.940+0000][1][safepoint    ] Safepoint "RevokeBias", Time since last: 2505310109 ns, Reaching safepoint: 75264 ns, At safepoint: 17402 ns, Total: 92666 ns
[2020-02-21T05:20:14.445+0000][1][safepoint    ] Safepoint "RevokeBias", Time since last: 2504891489 ns, Reaching safepoint: 72890 ns, At safepoint: 19715 ns, Total: 92605 ns
[2020-02-21T05:20:16.948+0000][1][safepoint    ] Safepoint "RevokeBias", Time since last: 2503268314 ns, Reaching safepoint: 73622 ns, At safepoint: 18223 ns, Total: 91845 ns
[2020-02-21T05:20:19.459+0000][1][safepoint    ] Safepoint "RevokeBias", Time since last: 2510615153 ns, Reaching safepoint: 103920 ns, At safepoint: 19114 ns, Total: 123034 ns
[2020-02-21T05:20:21.970+0000][1][safepoint    ] Safepoint "RevokeBias", Time since last: 2510796325 ns, Reaching safepoint: 71964 ns, At safepoint: 18276 ns, Total: 90240 ns
[2020-02-21T05:20:24.473+0000][1][safepoint    ] Safepoint "RevokeBias", Time since last: 2503488482 ns, Reaching safepoint: 181685 ns, At safepoint: 21507 ns, Total: 203192 ns
[2020-02-21T05:20:26.979+0000][1][safepoint    ] Safepoint "RevokeBias", Time since last: 2505485591 ns, Reaching safepoint: 122836 ns, At safepoint: 25720 ns, Total: 148556 ns
[2020-02-21T05:20:29.484+0000][1][safepoint    ] Safepoint "RevokeBias", Time since last: 2504923545 ns, Reaching safepoint: 97759 ns, At safepoint: 19324 ns, Total: 117083 ns
[2020-02-21T05:20:31.987+0000][1][safepoint    ] Safepoint "RevokeBias", Time since last: 2503236788 ns, Reaching safepoint: 73876 ns, At safepoint: 119433 ns, Total: 193309 ns
[2020-02-21T05:20:34.491+0000][1][safepoint    ] Safepoint "RevokeBias", Time since last: 2503106431 ns, Reaching safepoint: 82200 ns, At safepoint: 21763 ns, Total: 103963 ns
[2020-02-21T05:20:37.001+0000][1][safepoint    ] Safepoint "RevokeBias", Time since last: 2510094924 ns, Reaching safepoint: 166246 ns, At safepoint: 18972 ns, Total: 185218 ns
[2020-02-21T05:20:39.509+0000][1][safepoint    ] Safepoint "RevokeBias", Time since last: 2507650873 ns, Reaching safepoint: 103838 ns, At safepoint: 21371 ns, Total: 125209 ns
[2020-02-21T05:20:42.012+0000][1][safepoint    ] Safepoint "RevokeBias", Time since last: 2502919149 ns, Reaching safepoint: 72819 ns, At safepoint: 18528 ns, Total: 91347 ns
[2020-02-21T05:20:44.517+0000][1][safepoint    ] Safepoint "BulkRevokeBias", Time since last: 2505360428 ns, Reaching safepoint: 90221 ns, At safepoint: 244259 ns, Total: 334480 ns
[2020-02-21T05:20:47.022+0000][1][safepoint    ] Safepoint "RevokeBias", Time since last: 2504218876 ns, Reaching safepoint: 85085 ns, At safepoint: 21058 ns, Total: 106143 ns
[2020-02-21T05:20:49.526+0000][1][safepoint    ] Safepoint "RevokeBias", Time since last: 2503916813 ns, Reaching safepoint: 69243 ns, At safepoint: 17052 ns, Total: 86295 ns
[2020-02-21T05:20:52.029+0000][1][safepoint    ] Safepoint "RevokeBias", Time since last: 2503153134 ns, Reaching safepoint: 74626 ns, At safepoint: 19437 ns, Total: 94063 ns
[2020-02-21T05:20:54.541+0000][1][safepoint    ] Safepoint "RevokeBias", Time since last: 2512131165 ns, Reaching safepoint: 75887 ns, At safepoint: 17716 ns, Total: 93603 ns
[2020-02-21T05:20:57.049+0000][1][safepoint    ] Safepoint "RevokeBias", Time since last: 2507217865 ns, Reaching safepoint: 131729 ns, At safepoint: 20252 ns, Total: 151981 ns
[2020-02-21T05:20:59.552+0000][1][safepoint    ] Safepoint "RevokeBias", Time since last: 2503493083 ns, Reaching safepoint: 73696 ns, At safepoint: 17977 ns, Total: 91673 ns
[2020-02-21T05:21:02.056+0000][1][safepoint    ] Safepoint "RevokeBias", Time since last: 2503153347 ns, Reaching safepoint: 218951 ns, At safepoint: 21108 ns, Total: 240059 ns
[2020-02-21T05:21:04.559+0000][1][safepoint    ] Safepoint "RevokeBias", Time since last: 2503675987 ns, Reaching safepoint: 158882 ns, At safepoint: 18414 ns, Total: 177296 ns
[2020-02-21T05:21:07.062+0000][1][safepoint    ] Safepoint "RevokeBias", Time since last: 2502331997 ns, Reaching safepoint: 74055 ns, At safepoint: 49228 ns, Total: 123283 ns
[2020-02-21T05:21:09.565+0000][1][safepoint    ] Safepoint "RevokeBias", Time since last: 2503270638 ns, Reaching safepoint: 72435 ns, At safepoint: 74351 ns, Total: 146786 ns
[2020-02-21T05:21:12.074+0000][1][safepoint    ] Safepoint "RevokeBias", Time since last: 2508480146 ns, Reaching safepoint: 68944 ns, At safepoint: 16029 ns, Total: 84973 ns
[2020-02-21T05:21:14.587+0000][1][safepoint    ] Safepoint "RevokeBias", Time since last: 2512850209 ns, Reaching safepoint: 89785 ns, At safepoint: 20340 ns, Total: 110125 ns
[2020-02-21T05:21:17.089+0000][1][safepoint    ] Safepoint "RevokeBias", Time since last: 2502138018 ns, Reaching safepoint: 72601 ns, At safepoint: 17512 ns, Total: 90113 ns
[2020-02-21T05:21:19.595+0000][1][safepoint    ] Safepoint "RevokeBias", Time since last: 2506257987 ns, Reaching safepoint: 72386 ns, At safepoint: 18686 ns, Total: 91072 ns
[2020-02-21T05:21:22.099+0000][1][safepoint    ] Safepoint "RevokeBias", Time since last: 2503384900 ns, Reaching safepoint: 71531 ns, At safepoint: 17647 ns, Total: 89178 ns
[2020-02-21T05:21:24.609+0000][1][safepoint    ] Safepoint "RevokeBias", Time since last: 2510477079 ns, Reaching safepoint: 85291 ns, At safepoint: 17151 ns, Total: 102442 ns
[2020-02-21T05:21:27.119+0000][1][safepoint    ] Safepoint "RevokeBias", Time since last: 2509845051 ns, Reaching safepoint: 72710 ns, At safepoint: 18358 ns, Total: 91068 ns
[2020-02-21T05:21:29.623+0000][1][safepoint    ] Safepoint "RevokeBias", Time since last: 2503796210 ns, Reaching safepoint: 70052 ns, At safepoint: 17569 ns, Total: 87621 ns
[2020-02-21T05:21:32.127+0000][1][safepoint    ] Safepoint "RevokeBias", Time since last: 2503526803 ns, Reaching safepoint: 54313 ns, At safepoint: 16097 ns, Total: 70410 ns
[2020-02-21T05:21:34.634+0000][1][safepoint    ] Safepoint "RevokeBias", Time since last: 2507012963 ns, Reaching safepoint: 226456 ns, At safepoint: 50308 ns, Total: 276764 ns
[2020-02-21T05:21:37.138+0000][1][safepoint    ] Safepoint "RevokeBias", Time since last: 2503468379 ns, Reaching safepoint: 124298 ns, At safepoint: 24253 ns, Total: 148551 ns
[2020-02-21T05:21:39.642+0000][1][safepoint    ] Safepoint "RevokeBias", Time since last: 2504481479 ns, Reaching safepoint: 143801 ns, At safepoint: 16930 ns, Total: 160731 ns
[2020-02-21T05:21:42.155+0000][1][safepoint    ] Safepoint "RevokeBias", Time since last: 2512823605 ns, Reaching safepoint: 173057 ns, At safepoint: 34457 ns, Total: 207514 ns
[2020-02-21T05:21:44.663+0000][1][safepoint    ] Safepoint "RevokeBias", Time since last: 2507030426 ns, Reaching safepoint: 88540 ns, At safepoint: 21083 ns, Total: 109623 ns
[2020-02-21T05:21:47.165+0000][1][safepoint    ] Safepoint "RevokeBias", Time since last: 2502571240 ns, Reaching safepoint: 157903 ns, At safepoint: 34013 ns, Total: 191916 ns
[2020-02-21T05:21:49.672+0000][1][safepoint    ] Safepoint "RevokeBias", Time since last: 2506373473 ns, Reaching safepoint: 144350 ns, At safepoint: 40370 ns, Total: 184720 ns
[2020-02-21T05:21:52.176+0000][1][safepoint    ] Safepoint "RevokeBias", Time since last: 2503588023 ns, Reaching safepoint: 113620 ns, At safepoint: 27956 ns, Total: 141576 ns
[2020-02-21T05:21:54.679+0000][1][safepoint    ] Safepoint "RevokeBias", Time since last: 2503601887 ns, Reaching safepoint: 73813 ns, At safepoint: 18570 ns, Total: 92383 ns
[2020-02-21T05:21:57.183+0000][1][gc,start     ] GC(131) Pause Young (Allocation Failure)
[2020-02-21T05:21:57.183+0000][1][gc,task      ] GC(131) Using 1 workers of 1 for evacuation
[2020-02-21T05:21:57.193+0000][1][gc,age       ] GC(131) Desired survivor size 4358144 bytes, new threshold 6 (max threshold 6)
[2020-02-21T05:21:57.193+0000][1][gc,age       ] GC(131) Age table with threshold 6 (max threshold 6)
[2020-02-21T05:21:57.193+0000][1][gc,age       ] GC(131) - age   1:      11944 bytes,      11944 total
[2020-02-21T05:21:57.193+0000][1][gc,age       ] GC(131) - age   4:        264 bytes,      12208 total
[2020-02-21T05:21:57.193+0000][1][gc,heap      ] GC(131) ParNew: 68176K->22K(76672K)
[2020-02-21T05:21:57.193+0000][1][gc,heap      ] GC(131) CMS: 62618K->62618K(963392K)
[2020-02-21T05:21:57.193+0000][1][gc,metaspace ] GC(131) Metaspace: 80305K->80305K(1124352K)
[2020-02-21T05:21:57.193+0000][1][gc           ] GC(131) Pause Young (Allocation Failure) 127M->61M(1015M) 10.444ms
[2020-02-21T05:21:57.193+0000][1][gc,cpu       ] GC(131) User=0.01s Sys=0.00s Real=0.01s
[2020-02-21T05:21:57.194+0000][1][safepoint    ] Safepoint "GenCollectForAllocation", Time since last: 2503582550 ns, Reaching safepoint: 77821 ns, At safepoint: 10498073 ns, Total: 10575894 ns
[2020-02-21T05:21:57.195+0000][1][safepoint    ] Safepoint "BulkRevokeBias", Time since last: 1002953 ns, Reaching safepoint: 147809 ns, At safepoint: 219191 ns, Total: 367000 ns
[2020-02-21T05:21:59.719+0000][1][safepoint    ] Safepoint "RevokeBias", Time since last: 2523550924 ns, Reaching safepoint: 57062 ns, At safepoint: 16778 ns, Total: 73840 ns
[2020-02-21T05:22:02.225+0000][1][safepoint    ] Safepoint "RevokeBias", Time since last: 2506516305 ns, Reaching safepoint: 95983 ns, At safepoint: 20664 ns, Total: 116647 ns
[2020-02-21T05:22:04.730+0000][1][safepoint    ] Safepoint "RevokeBias", Time since last: 2505013917 ns, Reaching safepoint: 71840 ns, At safepoint: 18149 ns, Total: 89989 ns
[2020-02-21T05:22:07.232+0000][1][safepoint    ] Safepoint "RevokeBias", Time since last: 2502154758 ns, Reaching safepoint: 73256 ns, At safepoint: 18012 ns, Total: 91268 ns
[2020-02-21T05:22:09.736+0000][1][safepoint    ] Safepoint "RevokeBias", Time since last: 2503058070 ns, Reaching safepoint: 134499 ns, At safepoint: 23971 ns, Total: 158470 ns
[2020-02-21T05:22:12.244+0000][1][safepoint    ] Safepoint "RevokeBias", Time since last: 2508006917 ns, Reaching safepoint: 129040 ns, At safepoint: 33232 ns, Total: 162272 ns
[2020-02-21T05:22:14.755+0000][1][safepoint    ] Safepoint "RevokeBias", Time since last: 2511396838 ns, Reaching safepoint: 88740 ns, At safepoint: 21047 ns, Total: 109787 ns
[2020-02-21T05:22:17.260+0000][1][safepoint    ] Safepoint "RevokeBias", Time since last: 2504090869 ns, Reaching safepoint: 74650 ns, At safepoint: 18641 ns, Total: 93291 ns
[2020-02-21T05:22:19.765+0000][1][safepoint    ] Safepoint "RevokeBias", Time since last: 2504960294 ns, Reaching safepoint: 72460 ns, At safepoint: 17389 ns, Total: 89849 ns
[2020-02-21T05:22:22.269+0000][1][safepoint    ] Safepoint "RevokeBias", Time since last: 2504172535 ns, Reaching safepoint: 72445 ns, At safepoint: 18458 ns, Total: 90903 ns
[2020-02-21T05:22:24.772+0000][1][safepoint    ] Safepoint "RevokeBias", Time since last: 2502766477 ns, Reaching safepoint: 71743 ns, At safepoint: 17409 ns, Total: 89152 ns
[2020-02-21T05:22:27.279+0000][1][safepoint    ] Safepoint "RevokeBias", Time since last: 2507385578 ns, Reaching safepoint: 74117 ns, At safepoint: 19323 ns, Total: 93440 ns
[2020-02-21T05:22:28.285+0000][1][safepoint    ] Safepoint "Cleanup", Time since last: 1006171185 ns, Reaching safepoint: 87471 ns, At safepoint: 8722 ns, Total: 96193 ns
[2020-02-21T05:22:29.794+0000][1][safepoint    ] Safepoint "RevokeBias", Time since last: 1508508965 ns, Reaching safepoint: 71195 ns, At safepoint: 17777 ns, Total: 88972 ns
[2020-02-21T05:22:32.303+0000][1][safepoint    ] Safepoint "RevokeBias", Time since last: 2508882073 ns, Reaching safepoint: 84164 ns, At safepoint: 20996 ns, Total: 105160 ns
[2020-02-21T05:22:34.809+0000][1][safepoint    ] Safepoint "RevokeBias", Time since last: 2506210174 ns, Reaching safepoint: 106916 ns, At safepoint: 30001 ns, Total: 136917 ns
[2020-02-21T05:22:37.313+0000][1][safepoint    ] Safepoint "RevokeBias", Time since last: 2502999724 ns, Reaching safepoint: 143790 ns, At safepoint: 26257 ns, Total: 170047 ns
[2020-02-21T05:22:39.816+0000][1][safepoint    ] Safepoint "RevokeBias", Time since last: 2503440860 ns, Reaching safepoint: 73749 ns, At safepoint: 18037 ns, Total: 91786 ns
[2020-02-21T05:22:42.319+0000][1][safepoint    ] Safepoint "RevokeBias", Time since last: 2502940614 ns, Reaching safepoint: 87692 ns, At safepoint: 19945 ns, Total: 107637 ns
[2020-02-21T05:22:44.823+0000][1][safepoint    ] Safepoint "RevokeBias", Time since last: 2503788045 ns, Reaching safepoint: 92112 ns, At safepoint: 22196 ns, Total: 114308 ns
[2020-02-21T05:22:47.337+0000][1][safepoint    ] Safepoint "RevokeBias", Time since last: 2513873199 ns, Reaching safepoint: 72740 ns, At safepoint: 17441 ns, Total: 90181 ns
[2020-02-21T05:22:49.849+0000][1][safepoint    ] Safepoint "RevokeBias", Time since last: 2511824975 ns, Reaching safepoint: 102027 ns, At safepoint: 25819 ns, Total: 127846 ns
[2020-02-21T05:22:52.353+0000][1][safepoint    ] Safepoint "RevokeBias", Time since last: 2504069311 ns, Reaching safepoint: 76554 ns, At safepoint: 18794 ns, Total: 95348 ns
[2020-02-21T05:22:54.856+0000][1][safepoint    ] Safepoint "RevokeBias", Time since last: 2502804621 ns, Reaching safepoint: 109147 ns, At safepoint: 19871 ns, Total: 129018 ns
[2020-02-21T05:22:57.360+0000][1][safepoint    ] Safepoint "RevokeBias", Time since last: 2503383534 ns, Reaching safepoint: 109171 ns, At safepoint: 22125 ns, Total: 131296 ns
[2020-02-21T05:22:59.864+0000][1][safepoint    ] Safepoint "RevokeBias", Time since last: 2504692084 ns, Reaching safepoint: 73015 ns, At safepoint: 17811 ns, Total: 90826 ns
[2020-02-21T05:23:02.367+0000][1][safepoint    ] Safepoint "RevokeBias", Time since last: 2502218250 ns, Reaching safepoint: 80916 ns, At safepoint: 21000 ns, Total: 101916 ns
[2020-02-21T05:23:04.889+0000][1][safepoint    ] Safepoint "RevokeBias", Time since last: 2521687201 ns, Reaching safepoint: 128983 ns, At safepoint: 19061 ns, Total: 148044 ns
[2020-02-21T05:23:07.397+0000][1][safepoint    ] Safepoint "RevokeBias", Time since last: 2508490170 ns, Reaching safepoint: 70296 ns, At safepoint: 18130 ns, Total: 88426 ns
[2020-02-21T05:23:09.901+0000][1][safepoint    ] Safepoint "BulkRevokeBias", Time since last: 2503214596 ns, Reaching safepoint: 99600 ns, At safepoint: 227891 ns, Total: 327491 ns
[2020-02-21T05:23:12.408+0000][1][safepoint    ] Safepoint "RevokeBias", Time since last: 2506048008 ns, Reaching safepoint: 1354110 ns, At safepoint: 26672 ns, Total: 1380782 ns
[2020-02-21T05:23:14.912+0000][1][safepoint    ] Safepoint "RevokeBias", Time since last: 2503753239 ns, Reaching safepoint: 70591 ns, At safepoint: 18608 ns, Total: 89199 ns
[2020-02-21T05:23:17.416+0000][1][safepoint    ] Safepoint "RevokeBias", Time since last: 2503857888 ns, Reaching safepoint: 198414 ns, At safepoint: 22019 ns, Total: 220433 ns
[2020-02-21T05:23:19.922+0000][1][safepoint    ] Safepoint "RevokeBias", Time since last: 2505557820 ns, Reaching safepoint: 74766 ns, At safepoint: 17800 ns, Total: 92566 ns
[2020-02-21T05:23:22.431+0000][1][safepoint    ] Safepoint "RevokeBias", Time since last: 2509005810 ns, Reaching safepoint: 72052 ns, At safepoint: 17416 ns, Total: 89468 ns
[2020-02-21T05:23:24.939+0000][1][safepoint    ] Safepoint "RevokeBias", Time since last: 2508089679 ns, Reaching safepoint: 75970 ns, At safepoint: 19099 ns, Total: 95069 ns
[2020-02-21T05:23:27.443+0000][1][safepoint    ] Safepoint "RevokeBias", Time since last: 2503511470 ns, Reaching safepoint: 72240 ns, At safepoint: 18063 ns, Total: 90303 ns
[2020-02-21T05:23:29.946+0000][1][safepoint    ] Safepoint "RevokeBias", Time since last: 2503032226 ns, Reaching safepoint: 73414 ns, At safepoint: 18101 ns, Total: 91515 ns
[2020-02-21T05:23:32.449+0000][1][safepoint    ] Safepoint "RevokeBias", Time since last: 2502999302 ns, Reaching safepoint: 55993 ns, At safepoint: 15879 ns, Total: 71872 ns
[2020-02-21T05:23:34.963+0000][1][safepoint    ] Safepoint "RevokeBias", Time since last: 2514493165 ns, Reaching safepoint: 71433 ns, At safepoint: 17738 ns, Total: 89171 ns
[2020-02-21T05:23:37.472+0000][1][safepoint    ] Safepoint "RevokeBias", Time since last: 2508439885 ns, Reaching safepoint: 71413 ns, At safepoint: 17611 ns, Total: 89024 ns
[2020-02-21T05:23:39.974+0000][1][safepoint    ] Safepoint "RevokeBias", Time since last: 2502123713 ns, Reaching safepoint: 75363 ns, At safepoint: 18865 ns, Total: 94228 ns
[2020-02-21T05:23:42.477+0000][1][safepoint    ] Safepoint "RevokeBias", Time since last: 2502555462 ns, Reaching safepoint: 147071 ns, At safepoint: 22030 ns, Total: 169101 ns
[2020-02-21T05:23:44.980+0000][1][safepoint    ] Safepoint "RevokeBias", Time since last: 2503315919 ns, Reaching safepoint: 90300 ns, At safepoint: 21477 ns, Total: 111777 ns
[2020-02-21T05:23:47.484+0000][1][safepoint    ] Safepoint "RevokeBias", Time since last: 2503705742 ns, Reaching safepoint: 72236 ns, At safepoint: 17926 ns, Total: 90162 ns
[2020-02-21T05:23:49.988+0000][1][safepoint    ] Safepoint "RevokeBias", Time since last: 2504187011 ns, Reaching safepoint: 73372 ns, At safepoint: 17774 ns, Total: 91146 ns
[2020-02-21T05:23:52.497+0000][1][safepoint    ] Safepoint "RevokeBias", Time since last: 2508724347 ns, Reaching safepoint: 111672 ns, At safepoint: 27514 ns, Total: 139186 ns
[2020-02-21T05:23:55.012+0000][1][safepoint    ] Safepoint "RevokeBias", Time since last: 2514573864 ns, Reaching safepoint: 106604 ns, At safepoint: 44504 ns, Total: 151108 ns
[2020-02-21T05:23:57.528+0000][1][safepoint    ] Safepoint "RevokeBias", Time since last: 2514956636 ns, Reaching safepoint: 1227591 ns, At safepoint: 23070 ns, Total: 1250661 ns
[2020-02-21T05:24:00.033+0000][1][safepoint    ] Safepoint "RevokeBias", Time since last: 2505077577 ns, Reaching safepoint: 70196 ns, At safepoint: 17911 ns, Total: 88107 ns
[2020-02-21T05:24:02.536+0000][1][safepoint    ] Safepoint "RevokeBias", Time since last: 2502654912 ns, Reaching safepoint: 108086 ns, At safepoint: 27281 ns, Total: 135367 ns
[2020-02-21T05:24:05.042+0000][1][safepoint    ] Safepoint "RevokeBias", Time since last: 2506329895 ns, Reaching safepoint: 73934 ns, At safepoint: 18494 ns, Total: 92428 ns
[2020-02-21T05:24:07.546+0000][1][safepoint    ] Safepoint "RevokeBias", Time since last: 2503267395 ns, Reaching safepoint: 72910 ns, At safepoint: 17161 ns, Total: 90071 ns
[2020-02-21T05:24:10.055+0000][1][safepoint    ] Safepoint "RevokeBias", Time since last: 2508622404 ns, Reaching safepoint: 71279 ns, At safepoint: 17805 ns, Total: 89084 ns
[2020-02-21T05:24:12.565+0000][1][safepoint    ] Safepoint "RevokeBias", Time since last: 2510641298 ns, Reaching safepoint: 73231 ns, At safepoint: 17208 ns, Total: 90439 ns
[2020-02-21T05:24:15.071+0000][1][safepoint    ] Safepoint "RevokeBias", Time since last: 2506041756 ns, Reaching safepoint: 147854 ns, At safepoint: 28803 ns, Total: 176657 ns
[2020-02-21T05:24:15.888+0000][1][gc,start     ] GC(132) Pause Young (Allocation Failure)
[2020-02-21T05:24:15.888+0000][1][gc,task      ] GC(132) Using 1 workers of 1 for evacuation
[2020-02-21T05:24:15.898+0000][1][gc,age       ] GC(132) Desired survivor size 4358144 bytes, new threshold 6 (max threshold 6)
[2020-02-21T05:24:15.898+0000][1][gc,age       ] GC(132) Age table with threshold 6 (max threshold 6)
[2020-02-21T05:24:15.898+0000][1][gc,age       ] GC(132) - age   1:      13184 bytes,      13184 total
[2020-02-21T05:24:15.898+0000][1][gc,age       ] GC(132) - age   2:        128 bytes,      13312 total
[2020-02-21T05:24:15.898+0000][1][gc,age       ] GC(132) - age   5:         32 bytes,      13344 total
[2020-02-21T05:24:15.898+0000][1][gc,heap      ] GC(132) ParNew: 68182K->14K(76672K)
[2020-02-21T05:24:15.898+0000][1][gc,heap      ] GC(132) CMS: 62618K->62618K(963392K)
[2020-02-21T05:24:15.898+0000][1][gc,metaspace ] GC(132) Metaspace: 80305K->80305K(1124352K)
[2020-02-21T05:24:15.898+0000][1][gc           ] GC(132) Pause Young (Allocation Failure) 127M->61M(1015M) 10.421ms
[2020-02-21T05:24:15.898+0000][1][gc,cpu       ] GC(132) User=0.01s Sys=0.00s Real=0.01s
[2020-02-21T05:24:15.898+0000][1][safepoint    ] Safepoint "GenCollectForAllocation", Time since last: 816027989 ns, Reaching safepoint: 134857 ns, At safepoint: 10490160 ns, Total: 10625017 ns
[2020-02-21T05:24:17.574+0000][1][safepoint    ] Safepoint "RevokeBias", Time since last: 1675522425 ns, Reaching safepoint: 88109 ns, At safepoint: 21936 ns, Total: 110045 ns
[2020-02-21T05:24:20.080+0000][1][safepoint    ] Safepoint "RevokeBias", Time since last: 2505812512 ns, Reaching safepoint: 72223 ns, At safepoint: 18024 ns, Total: 90247 ns
[2020-02-21T05:24:22.584+0000][1][safepoint    ] Safepoint "BulkRevokeBias", Time since last: 2504105732 ns, Reaching safepoint: 73011 ns, At safepoint: 225019 ns, Total: 298030 ns
[2020-02-21T05:24:25.088+0000][1][safepoint    ] Safepoint "RevokeBias", Time since last: 2503658796 ns, Reaching safepoint: 73858 ns, At safepoint: 18267 ns, Total: 92125 ns
[2020-02-21T05:24:27.596+0000][1][safepoint    ] Safepoint "RevokeBias", Time since last: 2508049050 ns, Reaching safepoint: 73648 ns, At safepoint: 17920 ns, Total: 91568 ns
[2020-02-21T05:24:30.109+0000][1][safepoint    ] Safepoint "RevokeBias", Time since last: 2512438986 ns, Reaching safepoint: 73406 ns, At safepoint: 18559 ns, Total: 91965 ns
[2020-02-21T05:24:32.611+0000][1][safepoint    ] Safepoint "RevokeBias", Time since last: 2502792045 ns, Reaching safepoint: 76444 ns, At safepoint: 18882 ns, Total: 95326 ns
[2020-02-21T05:24:35.116+0000][1][safepoint    ] Safepoint "RevokeBias", Time since last: 2504344069 ns, Reaching safepoint: 74798 ns, At safepoint: 18507 ns, Total: 93305 ns
[2020-02-21T05:24:37.619+0000][1][safepoint    ] Safepoint "RevokeBias", Time since last: 2503368564 ns, Reaching safepoint: 87968 ns, At safepoint: 20435 ns, Total: 108403 ns
[2020-02-21T05:24:40.131+0000][1][safepoint    ] Safepoint "RevokeBias", Time since last: 2511607295 ns, Reaching safepoint: 72531 ns, At safepoint: 17641 ns, Total: 90172 ns
[2020-02-21T05:24:42.641+0000][1][safepoint    ] Safepoint "RevokeBias", Time since last: 2510321390 ns, Reaching safepoint: 79068 ns, At safepoint: 19034 ns, Total: 98102 ns
[2020-02-21T05:24:45.156+0000][1][safepoint    ] Safepoint "RevokeBias", Time since last: 2514638847 ns, Reaching safepoint: 89186 ns, At safepoint: 20617 ns, Total: 109803 ns
[2020-02-21T05:24:47.669+0000][1][safepoint    ] Safepoint "RevokeBias", Time since last: 2513118103 ns, Reaching safepoint: 71521 ns, At safepoint: 17479 ns, Total: 89000 ns
[2020-02-21T05:24:50.175+0000][1][safepoint    ] Safepoint "RevokeBias", Time since last: 2505542297 ns, Reaching safepoint: 175659 ns, At safepoint: 43931 ns, Total: 219590 ns
[2020-02-21T05:24:52.679+0000][1][safepoint    ] Safepoint "RevokeBias", Time since last: 2503927489 ns, Reaching safepoint: 72715 ns, At safepoint: 17403 ns, Total: 90118 ns
[2020-02-21T05:24:55.181+0000][1][safepoint    ] Safepoint "RevokeBias", Time since last: 2501599315 ns, Reaching safepoint: 88256 ns, At safepoint: 20648 ns, Total: 108904 ns
[2020-02-21T05:24:57.698+0000][1][safepoint    ] Safepoint "RevokeBias", Time since last: 2517423240 ns, Reaching safepoint: 115050 ns, At safepoint: 20035 ns, Total: 135085 ns
[2020-02-21T05:25:00.212+0000][1][safepoint    ] Safepoint "RevokeBias", Time since last: 2513976612 ns, Reaching safepoint: 75493 ns, At safepoint: 18300 ns, Total: 93793 ns
[2020-02-21T05:25:02.716+0000][1][safepoint    ] Safepoint "RevokeBias", Time since last: 2503275094 ns, Reaching safepoint: 72808 ns, At safepoint: 17171 ns, Total: 89979 ns
[2020-02-21T05:25:05.220+0000][1][safepoint    ] Safepoint "RevokeBias", Time since last: 2504486699 ns, Reaching safepoint: 71942 ns, At safepoint: 17872 ns, Total: 89814 ns
[2020-02-21T05:25:07.724+0000][1][safepoint    ] Safepoint "RevokeBias", Time since last: 2503569368 ns, Reaching safepoint: 188888 ns, At safepoint: 20917 ns, Total: 209805 ns
[2020-02-21T05:25:10.227+0000][1][safepoint    ] Safepoint "RevokeBias", Time since last: 2503033230 ns, Reaching safepoint: 140369 ns, At safepoint: 32175 ns, Total: 172544 ns
[2020-02-21T05:25:12.733+0000][1][safepoint    ] Safepoint "RevokeBias", Time since last: 2505339233 ns, Reaching safepoint: 85024 ns, At safepoint: 16853 ns, Total: 101877 ns
[2020-02-21T05:25:15.254+0000][1][safepoint    ] Safepoint "RevokeBias", Time since last: 2520897296 ns, Reaching safepoint: 53977 ns, At safepoint: 16270 ns, Total: 70247 ns
[2020-02-21T05:25:17.764+0000][1][safepoint    ] Safepoint "RevokeBias", Time since last: 2509730249 ns, Reaching safepoint: 72880 ns, At safepoint: 17441 ns, Total: 90321 ns
[2020-02-21T05:25:20.269+0000][1][safepoint    ] Safepoint "RevokeBias", Time since last: 2505507973 ns, Reaching safepoint: 72178 ns, At safepoint: 17528 ns, Total: 89706 ns
[2020-02-21T05:25:22.773+0000][1][safepoint    ] Safepoint "RevokeBias", Time since last: 2503301032 ns, Reaching safepoint: 71121 ns, At safepoint: 17628 ns, Total: 88749 ns
[2020-02-21T05:25:25.275+0000][1][safepoint    ] Safepoint "RevokeBias", Time since last: 2502352755 ns, Reaching safepoint: 92038 ns, At safepoint: 21583 ns, Total: 113621 ns
[2020-02-21T05:25:27.780+0000][1][safepoint    ] Safepoint "RevokeBias", Time since last: 2504419348 ns, Reaching safepoint: 73960 ns, At safepoint: 18182 ns, Total: 92142 ns
[2020-02-21T05:25:30.286+0000][1][safepoint    ] Safepoint "RevokeBias", Time since last: 2506250918 ns, Reaching safepoint: 100588 ns, At safepoint: 23371 ns, Total: 123959 ns
[2020-02-21T05:25:32.808+0000][1][safepoint    ] Safepoint "RevokeBias", Time since last: 2522063940 ns, Reaching safepoint: 70877 ns, At safepoint: 17312 ns, Total: 88189 ns
[2020-02-21T05:25:35.320+0000][1][safepoint    ] Safepoint "BulkRevokeBias", Time since last: 2510964324 ns, Reaching safepoint: 82547 ns, At safepoint: 335364 ns, Total: 417911 ns
[2020-02-21T05:25:37.824+0000][1][safepoint    ] Safepoint "RevokeBias", Time since last: 2504260507 ns, Reaching safepoint: 117451 ns, At safepoint: 24343 ns, Total: 141794 ns
[2020-02-21T05:25:40.327+0000][1][safepoint    ] Safepoint "RevokeBias", Time since last: 2502542173 ns, Reaching safepoint: 69330 ns, At safepoint: 18192 ns, Total: 87522 ns
[2020-02-21T05:25:42.831+0000][1][safepoint    ] Safepoint "RevokeBias", Time since last: 2504631795 ns, Reaching safepoint: 75920 ns, At safepoint: 18408 ns, Total: 94328 ns
[2020-02-21T05:25:45.337+0000][1][safepoint    ] Safepoint "RevokeBias", Time since last: 2505517283 ns, Reaching safepoint: 77790 ns, At safepoint: 19150 ns, Total: 96940 ns
[2020-02-21T05:25:47.841+0000][1][safepoint    ] Safepoint "RevokeBias", Time since last: 2503898224 ns, Reaching safepoint: 109270 ns, At safepoint: 17403 ns, Total: 126673 ns
[2020-02-21T05:25:50.353+0000][1][safepoint    ] Safepoint "RevokeBias", Time since last: 2511174333 ns, Reaching safepoint: 436184 ns, At safepoint: 22744 ns, Total: 458928 ns
[2020-02-21T05:25:52.863+0000][1][safepoint    ] Safepoint "RevokeBias", Time since last: 2509891125 ns, Reaching safepoint: 71813 ns, At safepoint: 17824 ns, Total: 89637 ns
[2020-02-21T05:25:55.365+0000][1][safepoint    ] Safepoint "RevokeBias", Time since last: 2502113948 ns, Reaching safepoint: 85237 ns, At safepoint: 20034 ns, Total: 105271 ns
[2020-02-21T05:25:57.868+0000][1][safepoint    ] Safepoint "RevokeBias", Time since last: 2503208813 ns, Reaching safepoint: 103459 ns, At safepoint: 27192 ns, Total: 130651 ns
[2020-02-21T05:26:00.374+0000][1][safepoint    ] Safepoint "RevokeBias", Time since last: 2505912244 ns, Reaching safepoint: 70911 ns, At safepoint: 17728 ns, Total: 88639 ns
[2020-02-21T05:26:02.885+0000][1][safepoint    ] Safepoint "RevokeBias", Time since last: 2510950687 ns, Reaching safepoint: 83080 ns, At safepoint: 50185 ns, Total: 133265 ns
[2020-02-21T05:26:05.401+0000][1][safepoint    ] Safepoint "RevokeBias", Time since last: 2515826464 ns, Reaching safepoint: 110161 ns, At safepoint: 20982 ns, Total: 131143 ns
[2020-02-21T05:26:07.905+0000][1][safepoint    ] Safepoint "RevokeBias", Time since last: 2503789443 ns, Reaching safepoint: 117468 ns, At safepoint: 36456 ns, Total: 153924 ns
[2020-02-21T05:26:10.409+0000][1][safepoint    ] Safepoint "RevokeBias", Time since last: 2503887818 ns, Reaching safepoint: 77921 ns, At safepoint: 19318 ns, Total: 97239 ns
[2020-02-21T05:26:12.914+0000][1][safepoint    ] Safepoint "RevokeBias", Time since last: 2504518263 ns, Reaching safepoint: 208279 ns, At safepoint: 18457 ns, Total: 226736 ns
[2020-02-21T05:26:15.420+0000][1][safepoint    ] Safepoint "RevokeBias", Time since last: 2506023512 ns, Reaching safepoint: 253663 ns, At safepoint: 31655 ns, Total: 285318 ns
[2020-02-21T05:26:17.924+0000][1][safepoint    ] Safepoint "RevokeBias", Time since last: 2503823265 ns, Reaching safepoint: 79162 ns, At safepoint: 19507 ns, Total: 98669 ns
[2020-02-21T05:26:20.434+0000][1][safepoint    ] Safepoint "RevokeBias", Time since last: 2509681522 ns, Reaching safepoint: 88197 ns, At safepoint: 20020 ns, Total: 108217 ns
[2020-02-21T05:26:22.944+0000][1][safepoint    ] Safepoint "RevokeBias", Time since last: 2510395642 ns, Reaching safepoint: 103455 ns, At safepoint: 74913 ns, Total: 178368 ns
[2020-02-21T05:26:25.448+0000][1][safepoint    ] Safepoint "RevokeBias", Time since last: 2503551772 ns, Reaching safepoint: 74401 ns, At safepoint: 18615 ns, Total: 93016 ns
[2020-02-21T05:26:27.951+0000][1][safepoint    ] Safepoint "RevokeBias", Time since last: 2503263146 ns, Reaching safepoint: 73566 ns, At safepoint: 17711 ns, Total: 91277 ns
[2020-02-21T05:26:30.457+0000][1][safepoint    ] Safepoint "RevokeBias", Time since last: 2505331290 ns, Reaching safepoint: 73094 ns, At safepoint: 18230 ns, Total: 91324 ns
[2020-02-21T05:26:32.959+0000][1][safepoint    ] Safepoint "RevokeBias", Time since last: 2502370446 ns, Reaching safepoint: 73166 ns, At safepoint: 17201 ns, Total: 90367 ns
[2020-02-21T05:26:35.462+0000][1][safepoint    ] Safepoint "RevokeBias", Time since last: 2503081911 ns, Reaching safepoint: 71498 ns, At safepoint: 17815 ns, Total: 89313 ns
[2020-02-21T05:26:35.985+0000][1][gc,start     ] GC(133) Pause Young (Allocation Failure)
[2020-02-21T05:26:35.985+0000][1][gc,task      ] GC(133) Using 1 workers of 1 for evacuation
[2020-02-21T05:26:35.995+0000][1][gc,age       ] GC(133) Desired survivor size 4358144 bytes, new threshold 6 (max threshold 6)
[2020-02-21T05:26:35.995+0000][1][gc,age       ] GC(133) Age table with threshold 6 (max threshold 6)
[2020-02-21T05:26:35.995+0000][1][gc,age       ] GC(133) - age   1:      13000 bytes,      13000 total
[2020-02-21T05:26:35.995+0000][1][gc,age       ] GC(133) - age   2:        264 bytes,      13264 total
[2020-02-21T05:26:35.995+0000][1][gc,age       ] GC(133) - age   3:        128 bytes,      13392 total
[2020-02-21T05:26:35.995+0000][1][gc,age       ] GC(133) - age   6:         32 bytes,      13424 total
[2020-02-21T05:26:35.995+0000][1][gc,heap      ] GC(133) ParNew: 68174K->23K(76672K)
[2020-02-21T05:26:35.995+0000][1][gc,heap      ] GC(133) CMS: 62618K->62618K(963392K)
[2020-02-21T05:26:35.995+0000][1][gc,metaspace ] GC(133) Metaspace: 80305K->80305K(1124352K)
[2020-02-21T05:26:35.995+0000][1][gc           ] GC(133) Pause Young (Allocation Failure) 127M->61M(1015M) 10.175ms
[2020-02-21T05:26:35.995+0000][1][gc,cpu       ] GC(133) User=0.01s Sys=0.00s Real=0.01s
[2020-02-21T05:26:35.995+0000][1][safepoint    ] Safepoint "GenCollectForAllocation", Time since last: 522220137 ns, Reaching safepoint: 75957 ns, At safepoint: 10221529 ns, Total: 10297486 ns
[2020-02-21T05:26:37.985+0000][1][safepoint    ] Safepoint "RevokeBias", Time since last: 1989612538 ns, Reaching safepoint: 73315 ns, At safepoint: 17703 ns, Total: 91018 ns
[2020-02-21T05:26:40.492+0000][1][safepoint    ] Safepoint "RevokeBias", Time since last: 2507679662 ns, Reaching safepoint: 75504 ns, At safepoint: 18150 ns, Total: 93654 ns
[2020-02-21T05:26:42.996+0000][1][safepoint    ] Safepoint "RevokeBias", Time since last: 2503089805 ns, Reaching safepoint: 130665 ns, At safepoint: 22426 ns, Total: 153091 ns
[2020-02-21T05:26:45.501+0000][1][safepoint    ] Safepoint "RevokeBias", Time since last: 2505168288 ns, Reaching safepoint: 176182 ns, At safepoint: 21049 ns, Total: 197231 ns
[2020-02-21T05:26:48.004+0000][1][safepoint    ] Safepoint "BulkRevokeBias", Time since last: 2503130822 ns, Reaching safepoint: 91544 ns, At safepoint: 189470 ns, Total: 281014 ns
[2020-02-21T05:26:50.510+0000][1][safepoint    ] Safepoint "RevokeBias", Time since last: 2505603486 ns, Reaching safepoint: 142603 ns, At safepoint: 25551 ns, Total: 168154 ns
[2020-02-21T05:26:53.013+0000][1][safepoint    ] Safepoint "RevokeBias", Time since last: 2503025483 ns, Reaching safepoint: 72845 ns, At safepoint: 17817 ns, Total: 90662 ns
[2020-02-21T05:26:55.523+0000][1][safepoint    ] Safepoint "RevokeBias", Time since last: 2509540207 ns, Reaching safepoint: 71886 ns, At safepoint: 17377 ns, Total: 89263 ns
[2020-02-21T05:26:58.034+0000][1][safepoint    ] Safepoint "RevokeBias", Time since last: 2510829582 ns, Reaching safepoint: 71349 ns, At safepoint: 17819 ns, Total: 89168 ns
[2020-02-21T05:27:00.539+0000][1][safepoint    ] Safepoint "RevokeBias", Time since last: 2505443379 ns, Reaching safepoint: 77890 ns, At safepoint: 20053 ns, Total: 97943 ns
[2020-02-21T05:27:03.043+0000][1][safepoint    ] Safepoint "RevokeBias", Time since last: 2503609536 ns, Reaching safepoint: 58886 ns, At safepoint: 16615 ns, Total: 75501 ns
[2020-02-21T05:27:05.548+0000][1][safepoint    ] Safepoint "RevokeBias", Time since last: 2505166887 ns, Reaching safepoint: 61602 ns, At safepoint: 17762 ns, Total: 79364 ns
[2020-02-21T05:27:08.060+0000][1][safepoint    ] Safepoint "RevokeBias", Time since last: 2511302771 ns, Reaching safepoint: 72397 ns, At safepoint: 17201 ns, Total: 89598 ns
[2020-02-21T05:27:10.574+0000][1][safepoint    ] Safepoint "RevokeBias", Time since last: 2513887932 ns, Reaching safepoint: 85979 ns, At safepoint: 21237 ns, Total: 107216 ns
[2020-02-21T05:27:13.078+0000][1][safepoint    ] Safepoint "RevokeBias", Time since last: 2503620545 ns, Reaching safepoint: 84451 ns, At safepoint: 71211 ns, Total: 155662 ns
[2020-02-21T05:27:15.584+0000][1][safepoint    ] Safepoint "RevokeBias", Time since last: 2506319069 ns, Reaching safepoint: 83849 ns, At safepoint: 20689 ns, Total: 104538 ns
[2020-02-21T05:27:16.585+0000][1][safepoint    ] Safepoint "Cleanup", Time since last: 1000696772 ns, Reaching safepoint: 90699 ns, At safepoint: 9378 ns, Total: 100077 ns
[2020-02-21T05:27:18.088+0000][1][safepoint    ] Safepoint "RevokeBias", Time since last: 1503480537 ns, Reaching safepoint: 83122 ns, At safepoint: 20975 ns, Total: 104097 ns
[2020-02-21T05:27:20.594+0000][1][safepoint    ] Safepoint "RevokeBias", Time since last: 2505058983 ns, Reaching safepoint: 92275 ns, At safepoint: 22158 ns, Total: 114433 ns
[2020-02-21T05:27:23.098+0000][1][safepoint    ] Safepoint "RevokeBias", Time since last: 2504425995 ns, Reaching safepoint: 71222 ns, At safepoint: 17525 ns, Total: 88747 ns
[2020-02-21T05:27:25.611+0000][1][safepoint    ] Safepoint "RevokeBias", Time since last: 2512692176 ns, Reaching safepoint: 54745 ns, At safepoint: 15916 ns, Total: 70661 ns
[2020-02-21T05:27:28.121+0000][1][safepoint    ] Safepoint "RevokeBias", Time since last: 2509840786 ns, Reaching safepoint: 71889 ns, At safepoint: 17931 ns, Total: 89820 ns
[2020-02-21T05:27:30.627+0000][1][safepoint    ] Safepoint "RevokeBias", Time since last: 2506263334 ns, Reaching safepoint: 83270 ns, At safepoint: 21231 ns, Total: 104501 ns
[2020-02-21T05:27:33.130+0000][1][safepoint    ] Safepoint "RevokeBias", Time since last: 2502908969 ns, Reaching safepoint: 140345 ns, At safepoint: 20484 ns, Total: 160829 ns
[2020-02-21T05:27:35.637+0000][1][safepoint    ] Safepoint "RevokeBias", Time since last: 2506803652 ns, Reaching safepoint: 73948 ns, At safepoint: 18359 ns, Total: 92307 ns
[2020-02-21T05:27:38.140+0000][1][safepoint    ] Safepoint "RevokeBias", Time since last: 2502719065 ns, Reaching safepoint: 72827 ns, At safepoint: 18297 ns, Total: 91124 ns
[2020-02-21T05:27:40.641+0000][1][safepoint    ] Safepoint "RevokeBias", Time since last: 2500792916 ns, Reaching safepoint: 75226 ns, At safepoint: 18159 ns, Total: 93385 ns
[2020-02-21T05:27:42.642+0000][1][safepoint    ] Safepoint "Cleanup", Time since last: 2001221159 ns, Reaching safepoint: 126292 ns, At safepoint: 7574 ns, Total: 133866 ns
[2020-02-21T05:27:43.154+0000][1][safepoint    ] Safepoint "RevokeBias", Time since last: 511868695 ns, Reaching safepoint: 70816 ns, At safepoint: 48981 ns, Total: 119797 ns
[2020-02-21T05:27:45.666+0000][1][safepoint    ] Safepoint "RevokeBias", Time since last: 2511384887 ns, Reaching safepoint: 113357 ns, At safepoint: 29772 ns, Total: 143129 ns
[2020-02-21T05:27:48.169+0000][1][safepoint    ] Safepoint "RevokeBias", Time since last: 2502958842 ns, Reaching safepoint: 72334 ns, At safepoint: 17755 ns, Total: 90089 ns
[2020-02-21T05:27:50.674+0000][1][safepoint    ] Safepoint "RevokeBias", Time since last: 2505249363 ns, Reaching safepoint: 88375 ns, At safepoint: 20635 ns, Total: 109010 ns
[2020-02-21T05:27:53.178+0000][1][safepoint    ] Safepoint "RevokeBias", Time since last: 2504331233 ns, Reaching safepoint: 71814 ns, At safepoint: 17372 ns, Total: 89186 ns
[2020-02-21T05:27:55.681+0000][1][safepoint    ] Safepoint "RevokeBias", Time since last: 2502014294 ns, Reaching safepoint: 87341 ns, At safepoint: 18955 ns, Total: 106296 ns
[2020-02-21T05:27:58.185+0000][1][safepoint    ] Safepoint "RevokeBias", Time since last: 2504574515 ns, Reaching safepoint: 71182 ns, At safepoint: 17390 ns, Total: 88572 ns
[2020-02-21T05:28:00.701+0000][1][safepoint    ] Safepoint "BulkRevokeBias", Time since last: 2515544011 ns, Reaching safepoint: 58821 ns, At safepoint: 146166 ns, Total: 204987 ns
[2020-02-21T05:28:02.702+0000][1][safepoint    ] Safepoint "Cleanup", Time since last: 2000898309 ns, Reaching safepoint: 172880 ns, At safepoint: 11208 ns, Total: 184088 ns
[2020-02-21T05:28:03.209+0000][1][safepoint    ] Safepoint "RevokeBias", Time since last: 507271317 ns, Reaching safepoint: 74916 ns, At safepoint: 18030 ns, Total: 92946 ns
[2020-02-21T05:28:05.716+0000][1][safepoint    ] Safepoint "RevokeBias", Time since last: 2506103441 ns, Reaching safepoint: 76208 ns, At safepoint: 19213 ns, Total: 95421 ns
[2020-02-21T05:28:08.218+0000][1][safepoint    ] Safepoint "RevokeBias", Time since last: 2502422279 ns, Reaching safepoint: 72061 ns, At safepoint: 17942 ns, Total: 90003 ns
[2020-02-21T05:28:10.721+0000][1][safepoint    ] Safepoint "RevokeBias", Time since last: 2502544156 ns, Reaching safepoint: 86200 ns, At safepoint: 22363 ns, Total: 108563 ns
[2020-02-21T05:28:13.230+0000][1][safepoint    ] Safepoint "RevokeBias", Time since last: 2509264075 ns, Reaching safepoint: 71665 ns, At safepoint: 17199 ns, Total: 88864 ns
[2020-02-21T05:28:15.744+0000][1][safepoint    ] Safepoint "RevokeBias", Time since last: 2514249070 ns, Reaching safepoint: 72731 ns, At safepoint: 18939 ns, Total: 91670 ns
[2020-02-21T05:28:18.248+0000][1][safepoint    ] Safepoint "RevokeBias", Time since last: 2503198758 ns, Reaching safepoint: 72958 ns, At safepoint: 17989 ns, Total: 90947 ns
[2020-02-21T05:28:20.753+0000][1][safepoint    ] Safepoint "RevokeBias", Time since last: 2504693302 ns, Reaching safepoint: 159085 ns, At safepoint: 35424 ns, Total: 194509 ns
[2020-02-21T05:28:23.257+0000][1][safepoint    ] Safepoint "RevokeBias", Time since last: 2504620711 ns, Reaching safepoint: 72147 ns, At safepoint: 18608 ns, Total: 90755 ns
[2020-02-21T05:28:25.762+0000][1][safepoint    ] Safepoint "RevokeBias", Time since last: 2504407703 ns, Reaching safepoint: 72501 ns, At safepoint: 18307 ns, Total: 90808 ns
[2020-02-21T05:28:28.266+0000][1][safepoint    ] Safepoint "RevokeBias", Time since last: 2503976932 ns, Reaching safepoint: 73094 ns, At safepoint: 17699 ns, Total: 90793 ns
[2020-02-21T05:28:30.780+0000][1][safepoint    ] Safepoint "RevokeBias", Time since last: 2513516367 ns, Reaching safepoint: 236557 ns, At safepoint: 75642 ns, Total: 312199 ns
[2020-02-21T05:28:32.772+0000][1][safepoint    ] Safepoint "Cleanup", Time since last: 1992527835 ns, Reaching safepoint: 170843 ns, At safepoint: 8114 ns, Total: 178957 ns
[2020-02-21T05:28:33.292+0000][1][safepoint    ] Safepoint "RevokeBias", Time since last: 519309952 ns, Reaching safepoint: 191102 ns, At safepoint: 22265 ns, Total: 213367 ns
[2020-02-21T05:28:35.796+0000][1][safepoint    ] Safepoint "RevokeBias", Time since last: 2504237236 ns, Reaching safepoint: 197282 ns, At safepoint: 36791 ns, Total: 234073 ns
[2020-02-21T05:28:38.301+0000][1][safepoint    ] Safepoint "RevokeBias", Time since last: 2504341086 ns, Reaching safepoint: 106985 ns, At safepoint: 17221 ns, Total: 124206 ns
[2020-02-21T05:28:40.803+0000][1][safepoint    ] Safepoint "RevokeBias", Time since last: 2502312576 ns, Reaching safepoint: 73823 ns, At safepoint: 18356 ns, Total: 92179 ns
[2020-02-21T05:28:43.308+0000][1][safepoint    ] Safepoint "RevokeBias", Time since last: 2504453142 ns, Reaching safepoint: 74755 ns, At safepoint: 17981 ns, Total: 92736 ns
[2020-02-21T05:28:45.814+0000][1][safepoint    ] Safepoint "RevokeBias", Time since last: 2505726989 ns, Reaching safepoint: 72342 ns, At safepoint: 17967 ns, Total: 90309 ns
[2020-02-21T05:28:48.328+0000][1][safepoint    ] Safepoint "RevokeBias", Time since last: 2514162315 ns, Reaching safepoint: 74310 ns, At safepoint: 17770 ns, Total: 92080 ns
[2020-02-21T05:28:50.840+0000][1][safepoint    ] Safepoint "RevokeBias", Time since last: 2512103067 ns, Reaching safepoint: 88378 ns, At safepoint: 20900 ns, Total: 109278 ns
[2020-02-21T05:28:53.345+0000][1][safepoint    ] Safepoint "RevokeBias", Time since last: 2505043089 ns, Reaching safepoint: 72492 ns, At safepoint: 17885 ns, Total: 90377 ns
[2020-02-21T05:28:55.848+0000][1][safepoint    ] Safepoint "RevokeBias", Time since last: 2502821384 ns, Reaching safepoint: 71776 ns, At safepoint: 17856 ns, Total: 89632 ns
[2020-02-21T05:28:58.352+0000][1][gc,start     ] GC(134) Pause Young (Allocation Failure)
[2020-02-21T05:28:58.352+0000][1][gc,task      ] GC(134) Using 1 workers of 1 for evacuation
[2020-02-21T05:28:58.362+0000][1][gc,age       ] GC(134) Desired survivor size 4358144 bytes, new threshold 6 (max threshold 6)
[2020-02-21T05:28:58.362+0000][1][gc,age       ] GC(134) Age table with threshold 6 (max threshold 6)
[2020-02-21T05:28:58.362+0000][1][gc,age       ] GC(134) - age   1:      11816 bytes,      11816 total
[2020-02-21T05:28:58.362+0000][1][gc,age       ] GC(134) - age   3:        264 bytes,      12080 total
[2020-02-21T05:28:58.362+0000][1][gc,age       ] GC(134) - age   4:        128 bytes,      12208 total
[2020-02-21T05:28:58.362+0000][1][gc,heap      ] GC(134) ParNew: 68159K->15K(76672K)
[2020-02-21T05:28:58.362+0000][1][gc,heap      ] GC(134) CMS: 62618K->62618K(963392K)
[2020-02-21T05:28:58.362+0000][1][gc,metaspace ] GC(134) Metaspace: 80308K->80308K(1124352K)
[2020-02-21T05:28:58.362+0000][1][gc           ] GC(134) Pause Young (Allocation Failure) 127M->61M(1015M) 10.441ms
[2020-02-21T05:28:58.362+0000][1][gc,cpu       ] GC(134) User=0.01s Sys=0.00s Real=0.01s
[2020-02-21T05:28:58.362+0000][1][safepoint    ] Safepoint "GenCollectForAllocation", Time since last: 2503687892 ns, Reaching safepoint: 80224 ns, At safepoint: 10491996 ns, Total: 10572220 ns
[2020-02-21T05:28:58.363+0000][1][safepoint    ] Safepoint "RevokeBias", Time since last: 856843 ns, Reaching safepoint: 47495 ns, At safepoint: 14771 ns, Total: 62266 ns
[2020-02-21T05:29:00.880+0000][1][safepoint    ] Safepoint "RevokeBias", Time since last: 2516036278 ns, Reaching safepoint: 167905 ns, At safepoint: 26621 ns, Total: 194526 ns
[2020-02-21T05:29:03.386+0000][1][safepoint    ] Safepoint "RevokeBias", Time since last: 2505982372 ns, Reaching safepoint: 77031 ns, At safepoint: 18543 ns, Total: 95574 ns
[2020-02-21T05:29:05.896+0000][1][safepoint    ] Safepoint "RevokeBias", Time since last: 2510570962 ns, Reaching safepoint: 73549 ns, At safepoint: 18189 ns, Total: 91738 ns
[2020-02-21T05:29:08.402+0000][1][safepoint    ] Safepoint "RevokeBias", Time since last: 2505286488 ns, Reaching safepoint: 71194 ns, At safepoint: 103925 ns, Total: 175119 ns
[2020-02-21T05:29:10.904+0000][1][safepoint    ] Safepoint "RevokeBias", Time since last: 2502562222 ns, Reaching safepoint: 68662 ns, At safepoint: 15905 ns, Total: 84567 ns
[2020-02-21T05:29:13.408+0000][1][safepoint    ] Safepoint "BulkRevokeBias", Time since last: 2502949145 ns, Reaching safepoint: 73560 ns, At safepoint: 223257 ns, Total: 296817 ns
[2020-02-21T05:29:15.915+0000][1][safepoint    ] Safepoint "RevokeBias", Time since last: 2506888871 ns, Reaching safepoint: 88490 ns, At safepoint: 119024 ns, Total: 207514 ns
[2020-02-21T05:29:18.433+0000][1][safepoint    ] Safepoint "RevokeBias", Time since last: 2517569002 ns, Reaching safepoint: 150556 ns, At safepoint: 34290 ns, Total: 184846 ns
[2020-02-21T05:29:20.945+0000][1][safepoint    ] Safepoint "RevokeBias", Time since last: 2512172271 ns, Reaching safepoint: 150251 ns, At safepoint: 34437 ns, Total: 184688 ns
[2020-02-21T05:29:23.449+0000][1][safepoint    ] Safepoint "RevokeBias", Time since last: 2504136731 ns, Reaching safepoint: 75697 ns, At safepoint: 18789 ns, Total: 94486 ns
[2020-02-21T05:29:25.953+0000][1][safepoint    ] Safepoint "RevokeBias", Time since last: 2503365296 ns, Reaching safepoint: 53605 ns, At safepoint: 16278 ns, Total: 69883 ns
[2020-02-21T05:29:28.457+0000][1][safepoint    ] Safepoint "RevokeBias", Time since last: 2504082542 ns, Reaching safepoint: 92220 ns, At safepoint: 19135 ns, Total: 111355 ns
[2020-02-21T05:29:30.962+0000][1][safepoint    ] Safepoint "RevokeBias", Time since last: 2505352622 ns, Reaching safepoint: 74287 ns, At safepoint: 18627 ns, Total: 92914 ns
[2020-02-21T05:29:33.464+0000][1][safepoint    ] Safepoint "RevokeBias", Time since last: 2501623035 ns, Reaching safepoint: 85008 ns, At safepoint: 20986 ns, Total: 105994 ns
[2020-02-21T05:29:35.983+0000][1][safepoint    ] Safepoint "RevokeBias", Time since last: 2518681407 ns, Reaching safepoint: 53641 ns, At safepoint: 15948 ns, Total: 69589 ns
[2020-02-21T05:29:38.491+0000][1][safepoint    ] Safepoint "RevokeBias", Time since last: 2507936197 ns, Reaching safepoint: 109919 ns, At safepoint: 27841 ns, Total: 137760 ns
[2020-02-21T05:29:40.994+0000][1][safepoint    ] Safepoint "RevokeBias", Time since last: 2502954767 ns, Reaching safepoint: 72561 ns, At safepoint: 18531 ns, Total: 91092 ns
[2020-02-21T05:29:43.497+0000][1][safepoint    ] Safepoint "RevokeBias", Time since last: 2503498813 ns, Reaching safepoint: 73153 ns, At safepoint: 17858 ns, Total: 91011 ns
[2020-02-21T05:29:46.004+0000][1][safepoint    ] Safepoint "RevokeBias", Time since last: 2506140482 ns, Reaching safepoint: 71801 ns, At safepoint: 17964 ns, Total: 89765 ns
[2020-02-21T05:29:48.507+0000][1][safepoint    ] Safepoint "RevokeBias", Time since last: 2503055925 ns, Reaching safepoint: 57104 ns, At safepoint: 16078 ns, Total: 73182 ns
[2020-02-21T05:29:51.013+0000][1][safepoint    ] Safepoint "RevokeBias", Time since last: 2505676763 ns, Reaching safepoint: 94484 ns, At safepoint: 22080 ns, Total: 116564 ns
[2020-02-21T05:29:53.523+0000][1][safepoint    ] Safepoint "RevokeBias", Time since last: 2509969480 ns, Reaching safepoint: 109237 ns, At safepoint: 28557 ns, Total: 137794 ns
[2020-02-21T05:29:56.033+0000][1][safepoint    ] Safepoint "RevokeBias", Time since last: 2510530862 ns, Reaching safepoint: 74272 ns, At safepoint: 18675 ns, Total: 92947 ns
[2020-02-21T05:29:58.537+0000][1][safepoint    ] Safepoint "RevokeBias", Time since last: 2503692615 ns, Reaching safepoint: 73588 ns, At safepoint: 17632 ns, Total: 91220 ns
[2020-02-21T05:30:01.043+0000][1][safepoint    ] Safepoint "RevokeBias", Time since last: 2505444452 ns, Reaching safepoint: 74837 ns, At safepoint: 17759 ns, Total: 92596 ns
[2020-02-21T05:30:03.545+0000][1][safepoint    ] Safepoint "RevokeBias", Time since last: 2501960312 ns, Reaching safepoint: 72012 ns, At safepoint: 18434 ns, Total: 90446 ns
[2020-02-21T05:30:06.051+0000][1][safepoint    ] Safepoint "RevokeBias", Time since last: 2506006690 ns, Reaching safepoint: 72285 ns, At safepoint: 17570 ns, Total: 89855 ns
[2020-02-21T05:30:08.562+0000][1][safepoint    ] Safepoint "RevokeBias", Time since last: 2508943271 ns, Reaching safepoint: 1830731 ns, At safepoint: 23937 ns, Total: 1854668 ns
[2020-02-21T05:30:11.073+0000][1][safepoint    ] Safepoint "RevokeBias", Time since last: 2511404705 ns, Reaching safepoint: 90845 ns, At safepoint: 20945 ns, Total: 111790 ns
[2020-02-21T05:30:13.588+0000][1][safepoint    ] Safepoint "RevokeBias", Time since last: 2514478650 ns, Reaching safepoint: 56295 ns, At safepoint: 16544 ns, Total: 72839 ns
[2020-02-21T05:30:16.092+0000][1][safepoint    ] Safepoint "RevokeBias", Time since last: 2504349564 ns, Reaching safepoint: 75418 ns, At safepoint: 17611 ns, Total: 93029 ns
[2020-02-21T05:30:18.595+0000][1][safepoint    ] Safepoint "RevokeBias", Time since last: 2502784101 ns, Reaching safepoint: 72779 ns, At safepoint: 18298 ns, Total: 91077 ns
[2020-02-21T05:30:21.101+0000][1][safepoint    ] Safepoint "RevokeBias", Time since last: 2505589630 ns, Reaching safepoint: 87813 ns, At safepoint: 20907 ns, Total: 108720 ns
[2020-02-21T05:30:23.732+0000][1][safepoint    ] Safepoint "RevokeBias", Time since last: 2631632408 ns, Reaching safepoint: 109599 ns, At safepoint: 28323 ns, Total: 137922 ns
[2020-02-21T05:30:26.241+0000][1][safepoint    ] Safepoint "BulkRevokeBias", Time since last: 2508387271 ns, Reaching safepoint: 74712 ns, At safepoint: 291158 ns, Total: 365870 ns
[2020-02-21T05:30:28.748+0000][1][safepoint    ] Safepoint "RevokeBias", Time since last: 2506729798 ns, Reaching safepoint: 71803 ns, At safepoint: 17771 ns, Total: 89574 ns
[2020-02-21T05:30:31.254+0000][1][safepoint    ] Safepoint "RevokeBias", Time since last: 2505646806 ns, Reaching safepoint: 149486 ns, At safepoint: 75447 ns, Total: 224933 ns
[2020-02-21T05:30:33.756+0000][1][safepoint    ] Safepoint "RevokeBias", Time since last: 2502524373 ns, Reaching safepoint: 52141 ns, At safepoint: 15657 ns, Total: 67798 ns
[2020-02-21T05:30:36.262+0000][1][safepoint    ] Safepoint "RevokeBias", Time since last: 2505788678 ns, Reaching safepoint: 74008 ns, At safepoint: 17411 ns, Total: 91419 ns
[2020-02-21T05:30:38.766+0000][1][safepoint    ] Safepoint "RevokeBias", Time since last: 2503358603 ns, Reaching safepoint: 72611 ns, At safepoint: 17829 ns, Total: 90440 ns
[2020-02-21T05:30:41.275+0000][1][safepoint    ] Safepoint "RevokeBias", Time since last: 2508927069 ns, Reaching safepoint: 189514 ns, At safepoint: 19773 ns, Total: 209287 ns
[2020-02-21T05:30:43.785+0000][1][safepoint    ] Safepoint "RevokeBias", Time since last: 2510301791 ns, Reaching safepoint: 83949 ns, At safepoint: 20340 ns, Total: 104289 ns
[2020-02-21T05:30:46.291+0000][1][safepoint    ] Safepoint "RevokeBias", Time since last: 2505898269 ns, Reaching safepoint: 212456 ns, At safepoint: 33921 ns, Total: 246377 ns
[2020-02-21T05:30:48.796+0000][1][safepoint    ] Safepoint "RevokeBias", Time since last: 2503933295 ns, Reaching safepoint: 148846 ns, At safepoint: 34424 ns, Total: 183270 ns
[2020-02-21T05:30:51.301+0000][1][safepoint    ] Safepoint "RevokeBias", Time since last: 2505305069 ns, Reaching safepoint: 94124 ns, At safepoint: 23105 ns, Total: 117229 ns
[2020-02-21T05:30:53.806+0000][1][safepoint    ] Safepoint "RevokeBias", Time since last: 2505383472 ns, Reaching safepoint: 51414 ns, At safepoint: 15537 ns, Total: 66951 ns
[2020-02-21T05:30:56.309+0000][1][safepoint    ] Safepoint "RevokeBias", Time since last: 2502198045 ns, Reaching safepoint: 72252 ns, At safepoint: 18464 ns, Total: 90716 ns
[2020-02-21T05:30:58.830+0000][1][safepoint    ] Safepoint "RevokeBias", Time since last: 2521132875 ns, Reaching safepoint: 140607 ns, At safepoint: 19105 ns, Total: 159712 ns
[2020-02-21T05:31:01.341+0000][1][safepoint    ] Safepoint "RevokeBias", Time since last: 2511162004 ns, Reaching safepoint: 71599 ns, At safepoint: 17884 ns, Total: 89483 ns
[2020-02-21T05:31:02.343+0000][1][safepoint    ] Safepoint "Cleanup", Time since last: 1001179502 ns, Reaching safepoint: 107950 ns, At safepoint: 9682 ns, Total: 117632 ns
[2020-02-21T05:31:03.845+0000][1][safepoint    ] Safepoint "RevokeBias", Time since last: 1502507473 ns, Reaching safepoint: 73516 ns, At safepoint: 18086 ns, Total: 91602 ns
[2020-02-21T05:31:06.351+0000][1][safepoint    ] Safepoint "RevokeBias", Time since last: 2505710949 ns, Reaching safepoint: 71865 ns, At safepoint: 18766 ns, Total: 90631 ns
[2020-02-21T05:31:08.853+0000][1][safepoint    ] Safepoint "RevokeBias", Time since last: 2501750067 ns, Reaching safepoint: 123644 ns, At safepoint: 32047 ns, Total: 155691 ns
[2020-02-21T05:31:11.356+0000][1][safepoint    ] Safepoint "RevokeBias", Time since last: 2502953048 ns, Reaching safepoint: 129294 ns, At safepoint: 36768 ns, Total: 166062 ns
[2020-02-21T05:31:13.357+0000][1][safepoint    ] Safepoint "Cleanup", Time since last: 2000895365 ns, Reaching safepoint: 87271 ns, At safepoint: 8984 ns, Total: 96255 ns
[2020-02-21T05:31:13.861+0000][1][safepoint    ] Safepoint "RevokeBias", Time since last: 504057620 ns, Reaching safepoint: 72670 ns, At safepoint: 17175 ns, Total: 89845 ns
[2020-02-21T05:31:16.191+0000][1][gc,start     ] GC(135) Pause Young (Allocation Failure)
[2020-02-21T05:31:16.192+0000][1][gc,task      ] GC(135) Using 1 workers of 1 for evacuation
[2020-02-21T05:31:16.208+0000][1][gc,age       ] GC(135) Desired survivor size 4358144 bytes, new threshold 6 (max threshold 6)
[2020-02-21T05:31:16.208+0000][1][gc,age       ] GC(135) Age table with threshold 6 (max threshold 6)
[2020-02-21T05:31:16.208+0000][1][gc,age       ] GC(135) - age   1:      13544 bytes,      13544 total
[2020-02-21T05:31:16.208+0000][1][gc,age       ] GC(135) - age   4:        264 bytes,      13808 total
[2020-02-21T05:31:16.208+0000][1][gc,age       ] GC(135) - age   5:        128 bytes,      13936 total
[2020-02-21T05:31:16.209+0000][1][gc,heap      ] GC(135) ParNew: 68175K->21K(76672K)
[2020-02-21T05:31:16.209+0000][1][gc,heap      ] GC(135) CMS: 62618K->62618K(963392K)
[2020-02-21T05:31:16.209+0000][1][gc,metaspace ] GC(135) Metaspace: 80315K->80315K(1124352K)
[2020-02-21T05:31:16.209+0000][1][gc           ] GC(135) Pause Young (Allocation Failure) 127M->61M(1015M) 17.125ms
[2020-02-21T05:31:16.209+0000][1][gc,cpu       ] GC(135) User=0.01s Sys=0.00s Real=0.02s
[2020-02-21T05:31:16.209+0000][1][safepoint    ] Safepoint "GenCollectForAllocation", Time since last: 2330180907 ns, Reaching safepoint: 73820 ns, At safepoint: 17172474 ns, Total: 17246294 ns
[2020-02-21T05:31:16.375+0000][1][safepoint    ] Safepoint "RevokeBias", Time since last: 166164852 ns, Reaching safepoint: 108672 ns, At safepoint: 51639 ns, Total: 160311 ns
[2020-02-21T05:31:18.886+0000][1][safepoint    ] Safepoint "RevokeBias", Time since last: 2510556028 ns, Reaching safepoint: 74624 ns, At safepoint: 18452 ns, Total: 93076 ns
[2020-02-21T05:31:21.391+0000][1][safepoint    ] Safepoint "RevokeBias", Time since last: 2505426507 ns, Reaching safepoint: 93908 ns, At safepoint: 22171 ns, Total: 116079 ns
[2020-02-21T05:31:23.896+0000][1][safepoint    ] Safepoint "RevokeBias", Time since last: 2504788240 ns, Reaching safepoint: 90617 ns, At safepoint: 18236 ns, Total: 108853 ns
[2020-02-21T05:31:26.399+0000][1][safepoint    ] Safepoint "RevokeBias", Time since last: 2502733554 ns, Reaching safepoint: 84342 ns, At safepoint: 17477 ns, Total: 101819 ns
[2020-02-21T05:31:28.912+0000][1][safepoint    ] Safepoint "RevokeBias", Time since last: 2512778208 ns, Reaching safepoint: 73852 ns, At safepoint: 17650 ns, Total: 91502 ns
[2020-02-21T05:31:31.423+0000][1][safepoint    ] Safepoint "RevokeBias", Time since last: 2510809129 ns, Reaching safepoint: 71863 ns, At safepoint: 18670 ns, Total: 90533 ns
[2020-02-21T05:31:32.423+0000][1][safepoint    ] Safepoint "Cleanup", Time since last: 1000187780 ns, Reaching safepoint: 85911 ns, At safepoint: 7624 ns, Total: 93535 ns
[2020-02-21T05:31:33.925+0000][1][safepoint    ] Safepoint "RevokeBias", Time since last: 1502488665 ns, Reaching safepoint: 57858 ns, At safepoint: 17890 ns, Total: 75748 ns
[2020-02-21T05:31:36.432+0000][1][safepoint    ] Safepoint "RevokeBias", Time since last: 2506196695 ns, Reaching safepoint: 74234 ns, At safepoint: 18324 ns, Total: 92558 ns
[2020-02-21T05:31:38.935+0000][1][safepoint    ] Safepoint "BulkRevokeBias", Time since last: 2502619348 ns, Reaching safepoint: 144850 ns, At safepoint: 248542 ns, Total: 393392 ns
[2020-02-21T05:31:41.438+0000][1][safepoint    ] Safepoint "RevokeBias", Time since last: 2503566865 ns, Reaching safepoint: 71290 ns, At safepoint: 17531 ns, Total: 88821 ns
[2020-02-21T05:31:43.943+0000][1][safepoint    ] Safepoint "RevokeBias", Time since last: 2504539054 ns, Reaching safepoint: 72958 ns, At safepoint: 17581 ns, Total: 90539 ns
[2020-02-21T05:31:46.456+0000][1][safepoint    ] Safepoint "RevokeBias", Time since last: 2512485789 ns, Reaching safepoint: 56487 ns, At safepoint: 16143 ns, Total: 72630 ns
[2020-02-21T05:31:48.966+0000][1][safepoint    ] Safepoint "RevokeBias", Time since last: 2510210915 ns, Reaching safepoint: 105177 ns, At safepoint: 17665 ns, Total: 122842 ns
[2020-02-21T05:31:51.471+0000][1][safepoint    ] Safepoint "RevokeBias", Time since last: 2504782941 ns, Reaching safepoint: 88885 ns, At safepoint: 21310 ns, Total: 110195 ns
[2020-02-21T05:31:53.977+0000][1][safepoint    ] Safepoint "RevokeBias", Time since last: 2506058190 ns, Reaching safepoint: 81349 ns, At safepoint: 19801 ns, Total: 101150 ns
[2020-02-21T05:31:56.481+0000][1][safepoint    ] Safepoint "RevokeBias", Time since last: 2503829315 ns, Reaching safepoint: 72691 ns, At safepoint: 17579 ns, Total: 90270 ns
[2020-02-21T05:31:58.985+0000][1][safepoint    ] Safepoint "RevokeBias", Time since last: 2503983031 ns, Reaching safepoint: 71217 ns, At safepoint: 17774 ns, Total: 88991 ns
[2020-02-21T05:32:01.491+0000][1][safepoint    ] Safepoint "RevokeBias", Time since last: 2506159875 ns, Reaching safepoint: 104793 ns, At safepoint: 23221 ns, Total: 128014 ns
[2020-02-21T05:32:04.006+0000][1][safepoint    ] Safepoint "RevokeBias", Time since last: 2515075111 ns, Reaching safepoint: 74648 ns, At safepoint: 18180 ns, Total: 92828 ns
[2020-02-21T05:32:06.518+0000][1][safepoint    ] Safepoint "RevokeBias", Time since last: 2511713040 ns, Reaching safepoint: 74933 ns, At safepoint: 18325 ns, Total: 93258 ns
[2020-02-21T05:32:09.020+0000][1][safepoint    ] Safepoint "RevokeBias", Time since last: 2502113981 ns, Reaching safepoint: 75016 ns, At safepoint: 18770 ns, Total: 93786 ns
[2020-02-21T05:32:11.523+0000][1][safepoint    ] Safepoint "RevokeBias", Time since last: 2502874282 ns, Reaching safepoint: 73112 ns, At safepoint: 17934 ns, Total: 91046 ns
[2020-02-21T05:32:14.027+0000][1][safepoint    ] Safepoint "RevokeBias", Time since last: 2503658040 ns, Reaching safepoint: 77789 ns, At safepoint: 19340 ns, Total: 97129 ns
[2020-02-21T05:32:16.533+0000][1][safepoint    ] Safepoint "RevokeBias", Time since last: 2505769623 ns, Reaching safepoint: 71982 ns, At safepoint: 17714 ns, Total: 89696 ns
[2020-02-21T05:32:19.035+0000][1][safepoint    ] Safepoint "RevokeBias", Time since last: 2501839104 ns, Reaching safepoint: 120181 ns, At safepoint: 17893 ns, Total: 138074 ns
[2020-02-21T05:32:21.555+0000][1][safepoint    ] Safepoint "RevokeBias", Time since last: 2519985371 ns, Reaching safepoint: 102290 ns, At safepoint: 20875 ns, Total: 123165 ns
[2020-02-21T05:32:24.064+0000][1][safepoint    ] Safepoint "RevokeBias", Time since last: 2508416454 ns, Reaching safepoint: 73596 ns, At safepoint: 17706 ns, Total: 91302 ns
[2020-02-21T05:32:26.567+0000][1][safepoint    ] Safepoint "RevokeBias", Time since last: 2502866796 ns, Reaching safepoint: 72294 ns, At safepoint: 18412 ns, Total: 90706 ns
[2020-02-21T05:32:29.072+0000][1][safepoint    ] Safepoint "RevokeBias", Time since last: 2505679061 ns, Reaching safepoint: 85785 ns, At safepoint: 20426 ns, Total: 106211 ns
[2020-02-21T05:32:31.578+0000][1][safepoint    ] Safepoint "RevokeBias", Time since last: 2505988526 ns, Reaching safepoint: 74698 ns, At safepoint: 17617 ns, Total: 92315 ns
[2020-02-21T05:32:34.083+0000][1][safepoint    ] Safepoint "RevokeBias", Time since last: 2504201092 ns, Reaching safepoint: 110966 ns, At safepoint: 28181 ns, Total: 139147 ns
[2020-02-21T05:32:36.589+0000][1][safepoint    ] Safepoint "RevokeBias", Time since last: 2506253570 ns, Reaching safepoint: 74411 ns, At safepoint: 18396 ns, Total: 92807 ns
[2020-02-21T05:32:39.102+0000][1][safepoint    ] Safepoint "RevokeBias", Time since last: 2512732959 ns, Reaching safepoint: 72088 ns, At safepoint: 17815 ns, Total: 89903 ns
[2020-02-21T05:32:41.611+0000][1][safepoint    ] Safepoint "RevokeBias", Time since last: 2508524202 ns, Reaching safepoint: 73692 ns, At safepoint: 81556 ns, Total: 155248 ns
[2020-02-21T05:32:44.114+0000][1][safepoint    ] Safepoint "RevokeBias", Time since last: 2503597482 ns, Reaching safepoint: 71600 ns, At safepoint: 17457 ns, Total: 89057 ns
[2020-02-21T05:32:46.619+0000][1][safepoint    ] Safepoint "RevokeBias", Time since last: 2504820297 ns, Reaching safepoint: 73387 ns, At safepoint: 18934 ns, Total: 92321 ns
[2020-02-21T05:32:49.122+0000][1][safepoint    ] Safepoint "RevokeBias", Time since last: 2502149525 ns, Reaching safepoint: 73342 ns, At safepoint: 44012 ns, Total: 117354 ns
[2020-02-21T05:32:51.632+0000][1][safepoint    ] Safepoint "BulkRevokeBias", Time since last: 2510180488 ns, Reaching safepoint: 318044 ns, At safepoint: 302361 ns, Total: 620405 ns
[2020-02-21T05:32:54.146+0000][1][safepoint    ] Safepoint "RevokeBias", Time since last: 2513263480 ns, Reaching safepoint: 124854 ns, At safepoint: 18735 ns, Total: 143589 ns
[2020-02-21T05:32:56.649+0000][1][safepoint    ] Safepoint "RevokeBias", Time since last: 2503024499 ns, Reaching safepoint: 122644 ns, At safepoint: 20970 ns, Total: 143614 ns
[2020-02-21T05:32:59.154+0000][1][safepoint    ] Safepoint "RevokeBias", Time since last: 2505320159 ns, Reaching safepoint: 73279 ns, At safepoint: 17882 ns, Total: 91161 ns
[2020-02-21T05:33:01.660+0000][1][safepoint    ] Safepoint "RevokeBias", Time since last: 2506080928 ns, Reaching safepoint: 72351 ns, At safepoint: 17713 ns, Total: 90064 ns
[2020-02-21T05:33:02.661+0000][1][safepoint    ] Safepoint "Cleanup", Time since last: 1000645449 ns, Reaching safepoint: 97438 ns, At safepoint: 10163 ns, Total: 107601 ns
[2020-02-21T05:33:04.164+0000][1][safepoint    ] Safepoint "RevokeBias", Time since last: 1502203347 ns, Reaching safepoint: 118432 ns, At safepoint: 23235 ns, Total: 141667 ns
[2020-02-21T05:33:06.668+0000][1][safepoint    ] Safepoint "RevokeBias", Time since last: 2504329651 ns, Reaching safepoint: 111390 ns, At safepoint: 17983 ns, Total: 129373 ns
[2020-02-21T05:33:09.179+0000][1][safepoint    ] Safepoint "RevokeBias", Time since last: 2510715963 ns, Reaching safepoint: 112286 ns, At safepoint: 18892 ns, Total: 131178 ns
[2020-02-21T05:33:11.687+0000][1][safepoint    ] Safepoint "RevokeBias", Time since last: 2508354768 ns, Reaching safepoint: 83830 ns, At safepoint: 21368 ns, Total: 105198 ns
[2020-02-21T05:33:14.193+0000][1][safepoint    ] Safepoint "RevokeBias", Time since last: 2505453747 ns, Reaching safepoint: 74768 ns, At safepoint: 17588 ns, Total: 92356 ns
[2020-02-21T05:33:16.699+0000][1][safepoint    ] Safepoint "RevokeBias", Time since last: 2505888626 ns, Reaching safepoint: 90103 ns, At safepoint: 17606 ns, Total: 107709 ns
[2020-02-21T05:33:19.201+0000][1][safepoint    ] Safepoint "RevokeBias", Time since last: 2502071713 ns, Reaching safepoint: 84168 ns, At safepoint: 73516 ns, Total: 157684 ns
[2020-02-21T05:33:21.706+0000][1][safepoint    ] Safepoint "RevokeBias", Time since last: 2504780264 ns, Reaching safepoint: 89091 ns, At safepoint: 21224 ns, Total: 110315 ns
[2020-02-21T05:33:24.210+0000][1][safepoint    ] Safepoint "RevokeBias", Time since last: 2504300870 ns, Reaching safepoint: 70594 ns, At safepoint: 16582 ns, Total: 87176 ns
[2020-02-21T05:33:26.721+0000][1][safepoint    ] Safepoint "RevokeBias", Time since last: 2510976825 ns, Reaching safepoint: 70509 ns, At safepoint: 17550 ns, Total: 88059 ns
[2020-02-21T05:33:29.233+0000][1][safepoint    ] Safepoint "RevokeBias", Time since last: 2511223998 ns, Reaching safepoint: 115733 ns, At safepoint: 20939 ns, Total: 136672 ns
[2020-02-21T05:33:31.811+0000][1][safepoint    ] Safepoint "RevokeBias", Time since last: 2577840960 ns, Reaching safepoint: 109298 ns, At safepoint: 27661 ns, Total: 136959 ns
[2020-02-21T05:33:34.315+0000][1][safepoint    ] Safepoint "RevokeBias", Time since last: 2504141397 ns, Reaching safepoint: 83706 ns, At safepoint: 21705 ns, Total: 105411 ns
[2020-02-21T05:33:36.302+0000][1][gc,start     ] GC(136) Pause Young (Allocation Failure)
[2020-02-21T05:33:36.302+0000][1][gc,task      ] GC(136) Using 1 workers of 1 for evacuation
[2020-02-21T05:33:36.312+0000][1][gc,age       ] GC(136) Desired survivor size 4358144 bytes, new threshold 6 (max threshold 6)
[2020-02-21T05:33:36.312+0000][1][gc,age       ] GC(136) Age table with threshold 6 (max threshold 6)
[2020-02-21T05:33:36.312+0000][1][gc,age       ] GC(136) - age   1:      13040 bytes,      13040 total
[2020-02-21T05:33:36.312+0000][1][gc,age       ] GC(136) - age   2:        520 bytes,      13560 total
[2020-02-21T05:33:36.312+0000][1][gc,age       ] GC(136) - age   5:        168 bytes,      13728 total
[2020-02-21T05:33:36.312+0000][1][gc,age       ] GC(136) - age   6:        128 bytes,      13856 total
[2020-02-21T05:33:36.312+0000][1][gc,heap      ] GC(136) ParNew: 68181K->25K(76672K)
[2020-02-21T05:33:36.312+0000][1][gc,heap      ] GC(136) CMS: 62618K->62618K(963392K)
[2020-02-21T05:33:36.312+0000][1][gc,metaspace ] GC(136) Metaspace: 80315K->80315K(1124352K)
[2020-02-21T05:33:36.312+0000][1][gc           ] GC(136) Pause Young (Allocation Failure) 127M->61M(1015M) 10.681ms
[2020-02-21T05:33:36.312+0000][1][gc,cpu       ] GC(136) User=0.01s Sys=0.00s Real=0.01s
[2020-02-21T05:33:36.312+0000][1][safepoint    ] Safepoint "GenCollectForAllocation", Time since last: 1986529380 ns, Reaching safepoint: 80682 ns, At safepoint: 10739015 ns, Total: 10819697 ns
[2020-02-21T05:33:36.821+0000][1][safepoint    ] Safepoint "RevokeBias", Time since last: 508909223 ns, Reaching safepoint: 85831 ns, At safepoint: 20294 ns, Total: 106125 ns
[2020-02-21T05:33:39.324+0000][1][safepoint    ] Safepoint "RevokeBias", Time since last: 2502393121 ns, Reaching safepoint: 71804 ns, At safepoint: 18047 ns, Total: 89851 ns
[2020-02-21T05:33:41.827+0000][1][safepoint    ] Safepoint "RevokeBias", Time since last: 2502937198 ns, Reaching safepoint: 174220 ns, At safepoint: 22354 ns, Total: 196574 ns
[2020-02-21T05:33:44.348+0000][1][safepoint    ] Safepoint "RevokeBias", Time since last: 2521384929 ns, Reaching safepoint: 71708 ns, At safepoint: 17867 ns, Total: 89575 ns
[2020-02-21T05:33:46.860+0000][1][safepoint    ] Safepoint "RevokeBias", Time since last: 2511363607 ns, Reaching safepoint: 73327 ns, At safepoint: 17608 ns, Total: 90935 ns
[2020-02-21T05:33:49.363+0000][1][safepoint    ] Safepoint "RevokeBias", Time since last: 2503204592 ns, Reaching safepoint: 83816 ns, At safepoint: 20596 ns, Total: 104412 ns
[2020-02-21T05:33:51.869+0000][1][safepoint    ] Safepoint "RevokeBias", Time since last: 2505946388 ns, Reaching safepoint: 139924 ns, At safepoint: 33087 ns, Total: 173011 ns
[2020-02-21T05:33:54.376+0000][1][safepoint    ] Safepoint "RevokeBias", Time since last: 2506479660 ns, Reaching safepoint: 98646 ns, At safepoint: 22709 ns, Total: 121355 ns
[2020-02-21T05:33:56.892+0000][1][safepoint    ] Safepoint "RevokeBias", Time since last: 2515089189 ns, Reaching safepoint: 719440 ns, At safepoint: 25593 ns, Total: 745033 ns
[2020-02-21T05:33:59.402+0000][1][safepoint    ] Safepoint "RevokeBias", Time since last: 2510155935 ns, Reaching safepoint: 74922 ns, At safepoint: 17811 ns, Total: 92733 ns
[2020-02-21T05:34:01.908+0000][1][safepoint    ] Safepoint "RevokeBias", Time since last: 2505402252 ns, Reaching safepoint: 73744 ns, At safepoint: 17664 ns, Total: 91408 ns
[2020-02-21T05:34:04.410+0000][1][safepoint    ] Safepoint "BulkRevokeBias", Time since last: 2502106461 ns, Reaching safepoint: 70679 ns, At safepoint: 280014 ns, Total: 350693 ns
[2020-02-21T05:34:06.915+0000][1][safepoint    ] Safepoint "RevokeBias", Time since last: 2504782356 ns, Reaching safepoint: 74550 ns, At safepoint: 18131 ns, Total: 92681 ns
[2020-02-21T05:34:09.421+0000][1][safepoint    ] Safepoint "RevokeBias", Time since last: 2506316503 ns, Reaching safepoint: 72839 ns, At safepoint: 17960 ns, Total: 90799 ns
[2020-02-21T05:34:11.924+0000][1][safepoint    ] Safepoint "RevokeBias", Time since last: 2502934472 ns, Reaching safepoint: 72040 ns, At safepoint: 17992 ns, Total: 90032 ns
[2020-02-21T05:34:14.439+0000][1][safepoint    ] Safepoint "RevokeBias", Time since last: 2515072036 ns, Reaching safepoint: 84721 ns, At safepoint: 21875 ns, Total: 106596 ns
[2020-02-21T05:34:16.949+0000][1][safepoint    ] Safepoint "RevokeBias", Time since last: 2509565596 ns, Reaching safepoint: 71336 ns, At safepoint: 17073 ns, Total: 88409 ns
[2020-02-21T05:34:19.453+0000][1][safepoint    ] Safepoint "RevokeBias", Time since last: 2503961834 ns, Reaching safepoint: 72958 ns, At safepoint: 17760 ns, Total: 90718 ns
[2020-02-21T05:34:21.958+0000][1][safepoint    ] Safepoint "RevokeBias", Time since last: 2504648656 ns, Reaching safepoint: 88199 ns, At safepoint: 20568 ns, Total: 108767 ns
[2020-02-21T05:34:24.465+0000][1][safepoint    ] Safepoint "RevokeBias", Time since last: 2506900370 ns, Reaching safepoint: 71098 ns, At safepoint: 17134 ns, Total: 88232 ns
[2020-02-21T05:34:26.969+0000][1][safepoint    ] Safepoint "RevokeBias", Time since last: 2503943331 ns, Reaching safepoint: 117311 ns, At safepoint: 23281 ns, Total: 140592 ns
[2020-02-21T05:34:29.476+0000][1][safepoint    ] Safepoint "RevokeBias", Time since last: 2506750429 ns, Reaching safepoint: 77525 ns, At safepoint: 17811 ns, Total: 95336 ns
[2020-02-21T05:34:31.989+0000][1][safepoint    ] Safepoint "RevokeBias", Time since last: 2512808393 ns, Reaching safepoint: 72103 ns, At safepoint: 17163 ns, Total: 89266 ns
[2020-02-21T05:34:34.496+0000][1][safepoint    ] Safepoint "RevokeBias", Time since last: 2506801743 ns, Reaching safepoint: 135312 ns, At safepoint: 19491 ns, Total: 154803 ns
[2020-02-21T05:34:37.002+0000][1][safepoint    ] Safepoint "RevokeBias", Time since last: 2505864229 ns, Reaching safepoint: 72017 ns, At safepoint: 18152 ns, Total: 90169 ns
[2020-02-21T05:34:39.504+0000][1][safepoint    ] Safepoint "RevokeBias", Time since last: 2502357226 ns, Reaching safepoint: 72347 ns, At safepoint: 18410 ns, Total: 90757 ns
[2020-02-21T05:34:42.007+0000][1][safepoint    ] Safepoint "RevokeBias", Time since last: 2502411877 ns, Reaching safepoint: 84980 ns, At safepoint: 21013 ns, Total: 105993 ns
[2020-02-21T05:34:44.513+0000][1][safepoint    ] Safepoint "RevokeBias", Time since last: 2506351899 ns, Reaching safepoint: 109038 ns, At safepoint: 19180 ns, Total: 128218 ns
[2020-02-21T05:34:47.018+0000][1][safepoint    ] Safepoint "RevokeBias", Time since last: 2505152206 ns, Reaching safepoint: 71532 ns, At safepoint: 17627 ns, Total: 89159 ns
[2020-02-21T05:34:49.526+0000][1][safepoint    ] Safepoint "RevokeBias", Time since last: 2507983691 ns, Reaching safepoint: 73405 ns, At safepoint: 18107 ns, Total: 91512 ns
[2020-02-21T05:34:52.039+0000][1][safepoint    ] Safepoint "RevokeBias", Time since last: 2512727244 ns, Reaching safepoint: 85537 ns, At safepoint: 19695 ns, Total: 105232 ns
[2020-02-21T05:34:54.543+0000][1][safepoint    ] Safepoint "RevokeBias", Time since last: 2503761537 ns, Reaching safepoint: 73190 ns, At safepoint: 18368 ns, Total: 91558 ns
[2020-02-21T05:34:57.046+0000][1][safepoint    ] Safepoint "RevokeBias", Time since last: 2502387935 ns, Reaching safepoint: 72981 ns, At safepoint: 18040 ns, Total: 91021 ns
[2020-02-21T05:34:59.549+0000][1][safepoint    ] Safepoint "RevokeBias", Time since last: 2502980799 ns, Reaching safepoint: 132517 ns, At safepoint: 33905 ns, Total: 166422 ns
[2020-02-21T05:35:02.061+0000][1][safepoint    ] Safepoint "RevokeBias", Time since last: 2511661877 ns, Reaching safepoint: 111878 ns, At safepoint: 27768 ns, Total: 139646 ns
[2020-02-21T05:35:04.568+0000][1][safepoint    ] Safepoint "RevokeBias", Time since last: 2507098558 ns, Reaching safepoint: 75942 ns, At safepoint: 19088 ns, Total: 95030 ns
[2020-02-21T05:35:07.073+0000][1][safepoint    ] Safepoint "RevokeBias", Time since last: 2505533956 ns, Reaching safepoint: 162371 ns, At safepoint: 34111 ns, Total: 196482 ns
[2020-02-21T05:35:09.575+0000][1][safepoint    ] Safepoint "RevokeBias", Time since last: 2501389510 ns, Reaching safepoint: 151086 ns, At safepoint: 35928 ns, Total: 187014 ns
[2020-02-21T05:35:12.077+0000][1][safepoint    ] Safepoint "RevokeBias", Time since last: 2502104707 ns, Reaching safepoint: 110421 ns, At safepoint: 23014 ns, Total: 133435 ns
[2020-02-21T05:35:14.582+0000][1][safepoint    ] Safepoint "RevokeBias", Time since last: 2504390496 ns, Reaching safepoint: 71281 ns, At safepoint: 17559 ns, Total: 88840 ns
[2020-02-21T05:35:17.086+0000][1][safepoint    ] Safepoint "BulkRevokeBias", Time since last: 2504334131 ns, Reaching safepoint: 74030 ns, At safepoint: 293695 ns, Total: 367725 ns
[2020-02-21T05:35:19.599+0000][1][safepoint    ] Safepoint "RevokeBias", Time since last: 2511998819 ns, Reaching safepoint: 104027 ns, At safepoint: 18620 ns, Total: 122647 ns
[2020-02-21T05:35:22.108+0000][1][safepoint    ] Safepoint "RevokeBias", Time since last: 2509523569 ns, Reaching safepoint: 134859 ns, At safepoint: 26954 ns, Total: 161813 ns
[2020-02-21T05:35:24.614+0000][1][safepoint    ] Safepoint "RevokeBias", Time since last: 2505903846 ns, Reaching safepoint: 75211 ns, At safepoint: 18464 ns, Total: 93675 ns
[2020-02-21T05:35:27.118+0000][1][safepoint    ] Safepoint "RevokeBias", Time since last: 2503642521 ns, Reaching safepoint: 77199 ns, At safepoint: 18351 ns, Total: 95550 ns
[2020-02-21T05:35:29.627+0000][1][safepoint    ] Safepoint "RevokeBias", Time since last: 2508458002 ns, Reaching safepoint: 85999 ns, At safepoint: 22230 ns, Total: 108229 ns
[2020-02-21T05:35:32.137+0000][1][safepoint    ] Safepoint "RevokeBias", Time since last: 2509873757 ns, Reaching safepoint: 84889 ns, At safepoint: 21161 ns, Total: 106050 ns
[2020-02-21T05:35:34.641+0000][1][safepoint    ] Safepoint "RevokeBias", Time since last: 2504025411 ns, Reaching safepoint: 84980 ns, At safepoint: 21284 ns, Total: 106264 ns
[2020-02-21T05:35:37.158+0000][1][safepoint    ] Safepoint "RevokeBias", Time since last: 2517063287 ns, Reaching safepoint: 72760 ns, At safepoint: 17271 ns, Total: 90031 ns
[2020-02-21T05:35:39.671+0000][1][safepoint    ] Safepoint "RevokeBias", Time since last: 2513427268 ns, Reaching safepoint: 71124 ns, At safepoint: 17354 ns, Total: 88478 ns
[2020-02-21T05:35:42.175+0000][1][safepoint    ] Safepoint "RevokeBias", Time since last: 2503234271 ns, Reaching safepoint: 72241 ns, At safepoint: 17887 ns, Total: 90128 ns
[2020-02-21T05:35:44.679+0000][1][safepoint    ] Safepoint "RevokeBias", Time since last: 2504357807 ns, Reaching safepoint: 70881 ns, At safepoint: 17607 ns, Total: 88488 ns
[2020-02-21T05:35:47.186+0000][1][safepoint    ] Safepoint "RevokeBias", Time since last: 2506265861 ns, Reaching safepoint: 111621 ns, At safepoint: 27594 ns, Total: 139215 ns
[2020-02-21T05:35:49.698+0000][1][safepoint    ] Safepoint "RevokeBias", Time since last: 2512066164 ns, Reaching safepoint: 133794 ns, At safepoint: 22601 ns, Total: 156395 ns
[2020-02-21T05:35:52.212+0000][1][safepoint    ] Safepoint "RevokeBias", Time since last: 2514336332 ns, Reaching safepoint: 145569 ns, At safepoint: 20293 ns, Total: 165862 ns
[2020-02-21T05:35:54.718+0000][1][safepoint    ] Safepoint "RevokeBias", Time since last: 2505226209 ns, Reaching safepoint: 75253 ns, At safepoint: 18108 ns, Total: 93361 ns
[2020-02-21T05:35:57.220+0000][1][gc,start     ] GC(137) Pause Young (Allocation Failure)
[2020-02-21T05:35:57.221+0000][1][gc,task      ] GC(137) Using 1 workers of 1 for evacuation
[2020-02-21T05:35:57.230+0000][1][gc,age       ] GC(137) Desired survivor size 4358144 bytes, new threshold 6 (max threshold 6)
[2020-02-21T05:35:57.230+0000][1][gc,age       ] GC(137) Age table with threshold 6 (max threshold 6)
[2020-02-21T05:35:57.230+0000][1][gc,age       ] GC(137) - age   1:      11832 bytes,      11832 total
[2020-02-21T05:35:57.230+0000][1][gc,age       ] GC(137) - age   2:        248 bytes,      12080 total
[2020-02-21T05:35:57.230+0000][1][gc,age       ] GC(137) - age   3:        520 bytes,      12600 total
[2020-02-21T05:35:57.230+0000][1][gc,age       ] GC(137) - age   6:         32 bytes,      12632 total
[2020-02-21T05:35:57.230+0000][1][gc,heap      ] GC(137) ParNew: 68185K->16K(76672K)
[2020-02-21T05:35:57.230+0000][1][gc,heap      ] GC(137) CMS: 62618K->62618K(963392K)
[2020-02-21T05:35:57.230+0000][1][gc,metaspace ] GC(137) Metaspace: 80315K->80315K(1124352K)
[2020-02-21T05:35:57.230+0000][1][gc           ] GC(137) Pause Young (Allocation Failure) 127M->61M(1015M) 9.878ms
[2020-02-21T05:35:57.230+0000][1][gc,cpu       ] GC(137) User=0.01s Sys=0.00s Real=0.01s
[2020-02-21T05:35:57.230+0000][1][safepoint    ] Safepoint "GenCollectForAllocation", Time since last: 2502756328 ns, Reaching safepoint: 78028 ns, At safepoint: 9933809 ns, Total: 10011837 ns
[2020-02-21T05:35:57.231+0000][1][safepoint    ] Safepoint "RevokeBias", Time since last: 991231 ns, Reaching safepoint: 69803 ns, At safepoint: 16755 ns, Total: 86558 ns
[2020-02-21T05:35:59.737+0000][1][safepoint    ] Safepoint "RevokeBias", Time since last: 2505620265 ns, Reaching safepoint: 76437 ns, At safepoint: 19283 ns, Total: 95720 ns
[2020-02-21T05:36:02.246+0000][1][safepoint    ] Safepoint "RevokeBias", Time since last: 2508603334 ns, Reaching safepoint: 72952 ns, At safepoint: 18385 ns, Total: 91337 ns
[2020-02-21T05:36:04.753+0000][1][safepoint    ] Safepoint "RevokeBias", Time since last: 2507506689 ns, Reaching safepoint: 77467 ns, At safepoint: 18685 ns, Total: 96152 ns
[2020-02-21T05:36:07.277+0000][1][safepoint    ] Safepoint "RevokeBias", Time since last: 2523105896 ns, Reaching safepoint: 74509 ns, At safepoint: 17559 ns, Total: 92068 ns
[2020-02-21T05:36:09.783+0000][1][safepoint    ] Safepoint "RevokeBias", Time since last: 2505772771 ns, Reaching safepoint: 119750 ns, At safepoint: 21416 ns, Total: 141166 ns
[2020-02-21T05:36:12.285+0000][1][safepoint    ] Safepoint "RevokeBias", Time since last: 2502489233 ns, Reaching safepoint: 76216 ns, At safepoint: 17965 ns, Total: 94181 ns
[2020-02-21T05:36:14.791+0000][1][safepoint    ] Safepoint "RevokeBias", Time since last: 2505287932 ns, Reaching safepoint: 83704 ns, At safepoint: 20490 ns, Total: 104194 ns
[2020-02-21T05:36:16.210+0000][1][safepoint    ] Safepoint "Cleanup", Time since last: 1419041609 ns, Reaching safepoint: 99687 ns, At safepoint: 9128 ns, Total: 108815 ns
[2020-02-21T05:36:17.296+0000][1][safepoint    ] Safepoint "RevokeBias", Time since last: 1086552623 ns, Reaching safepoint: 72013 ns, At safepoint: 17853 ns, Total: 89866 ns
[2020-02-21T05:36:19.799+0000][1][safepoint    ] Safepoint "RevokeBias", Time since last: 2502293439 ns, Reaching safepoint: 74305 ns, At safepoint: 18442 ns, Total: 92747 ns
[2020-02-21T05:36:22.302+0000][1][safepoint    ] Safepoint "RevokeBias", Time since last: 2503227726 ns, Reaching safepoint: 90796 ns, At safepoint: 53977 ns, Total: 144773 ns
[2020-02-21T05:36:24.817+0000][1][safepoint    ] Safepoint "RevokeBias", Time since last: 2514599069 ns, Reaching safepoint: 70903 ns, At safepoint: 17725 ns, Total: 88628 ns
[2020-02-21T05:36:27.328+0000][1][safepoint    ] Safepoint "RevokeBias", Time since last: 2510678659 ns, Reaching safepoint: 160128 ns, At safepoint: 21058 ns, Total: 181186 ns
[2020-02-21T05:36:29.832+0000][1][safepoint    ] Safepoint "BulkRevokeBias", Time since last: 2503869952 ns, Reaching safepoint: 77257 ns, At safepoint: 393341 ns, Total: 470598 ns
[2020-02-21T05:36:32.338+0000][1][safepoint    ] Safepoint "RevokeBias", Time since last: 2505730509 ns, Reaching safepoint: 74058 ns, At safepoint: 18268 ns, Total: 92326 ns
[2020-02-21T05:36:34.841+0000][1][safepoint    ] Safepoint "RevokeBias", Time since last: 2502610037 ns, Reaching safepoint: 78697 ns, At safepoint: 19092 ns, Total: 97789 ns
[2020-02-21T05:36:37.347+0000][1][safepoint    ] Safepoint "RevokeBias", Time since last: 2506139332 ns, Reaching safepoint: 72941 ns, At safepoint: 18265 ns, Total: 91206 ns
[2020-02-21T05:36:39.849+0000][1][safepoint    ] Safepoint "RevokeBias", Time since last: 2502004377 ns, Reaching safepoint: 79593 ns, At safepoint: 17688 ns, Total: 97281 ns
[2020-02-21T05:36:42.367+0000][1][safepoint    ] Safepoint "RevokeBias", Time since last: 2517842072 ns, Reaching safepoint: 131915 ns, At safepoint: 20363 ns, Total: 152278 ns
[2020-02-21T05:36:44.882+0000][1][safepoint    ] Safepoint "RevokeBias", Time since last: 2515420513 ns, Reaching safepoint: 75345 ns, At safepoint: 18493 ns, Total: 93838 ns
[2020-02-21T05:36:47.388+0000][1][safepoint    ] Safepoint "RevokeBias", Time since last: 2505812972 ns, Reaching safepoint: 89141 ns, At safepoint: 21436 ns, Total: 110577 ns
[2020-02-21T05:36:49.891+0000][1][safepoint    ] Safepoint "RevokeBias", Time since last: 2502301305 ns, Reaching safepoint: 74141 ns, At safepoint: 18077 ns, Total: 92218 ns
[2020-02-21T05:36:52.396+0000][1][safepoint    ] Safepoint "RevokeBias", Time since last: 2505246335 ns, Reaching safepoint: 73273 ns, At safepoint: 17900 ns, Total: 91173 ns
[2020-02-21T05:36:54.911+0000][1][safepoint    ] Safepoint "RevokeBias", Time since last: 2514435582 ns, Reaching safepoint: 71289 ns, At safepoint: 18212 ns, Total: 89501 ns
[2020-02-21T05:36:57.421+0000][1][safepoint    ] Safepoint "RevokeBias", Time since last: 2510426646 ns, Reaching safepoint: 89066 ns, At safepoint: 21055 ns, Total: 110121 ns
[2020-02-21T05:36:59.925+0000][1][safepoint    ] Safepoint "RevokeBias", Time since last: 2504292972 ns, Reaching safepoint: 73861 ns, At safepoint: 18854 ns, Total: 92715 ns
[2020-02-21T05:37:02.431+0000][1][safepoint    ] Safepoint "RevokeBias", Time since last: 2505498553 ns, Reaching safepoint: 95672 ns, At safepoint: 18516 ns, Total: 114188 ns
[2020-02-21T05:37:04.935+0000][1][safepoint    ] Safepoint "RevokeBias", Time since last: 2504248350 ns, Reaching safepoint: 78251 ns, At safepoint: 19112 ns, Total: 97363 ns
[2020-02-21T05:37:07.440+0000][1][safepoint    ] Safepoint "RevokeBias", Time since last: 2504713792 ns, Reaching safepoint: 72601 ns, At safepoint: 17283 ns, Total: 89884 ns
[2020-02-21T05:37:09.944+0000][1][safepoint    ] Safepoint "RevokeBias", Time since last: 2503427972 ns, Reaching safepoint: 146935 ns, At safepoint: 22151 ns, Total: 169086 ns
[2020-02-21T05:37:12.452+0000][1][safepoint    ] Safepoint "RevokeBias", Time since last: 2507729782 ns, Reaching safepoint: 54991 ns, At safepoint: 15686 ns, Total: 70677 ns
[2020-02-21T05:37:14.963+0000][1][safepoint    ] Safepoint "RevokeBias", Time since last: 2511233399 ns, Reaching safepoint: 75199 ns, At safepoint: 18266 ns, Total: 93465 ns
[2020-02-21T05:37:17.468+0000][1][safepoint    ] Safepoint "RevokeBias", Time since last: 2505469803 ns, Reaching safepoint: 72205 ns, At safepoint: 17685 ns, Total: 89890 ns
[2020-02-21T05:37:19.971+0000][1][safepoint    ] Safepoint "RevokeBias", Time since last: 2502472134 ns, Reaching safepoint: 75057 ns, At safepoint: 18406 ns, Total: 93463 ns
[2020-02-21T05:37:22.476+0000][1][safepoint    ] Safepoint "RevokeBias", Time since last: 2505187210 ns, Reaching safepoint: 56063 ns, At safepoint: 16030 ns, Total: 72093 ns
[2020-02-21T05:37:24.983+0000][1][safepoint    ] Safepoint "RevokeBias", Time since last: 2506595970 ns, Reaching safepoint: 113952 ns, At safepoint: 29608 ns, Total: 143560 ns
[2020-02-21T05:37:27.486+0000][1][safepoint    ] Safepoint "RevokeBias", Time since last: 2503025038 ns, Reaching safepoint: 102203 ns, At safepoint: 24886 ns, Total: 127089 ns
[2020-02-21T05:37:30.001+0000][1][safepoint    ] Safepoint "RevokeBias", Time since last: 2515012759 ns, Reaching safepoint: 72113 ns, At safepoint: 17884 ns, Total: 89997 ns
[2020-02-21T05:37:32.002+0000][1][safepoint    ] Safepoint "Cleanup", Time since last: 2000643798 ns, Reaching safepoint: 122641 ns, At safepoint: 10737 ns, Total: 133378 ns
[2020-02-21T05:37:32.513+0000][1][safepoint    ] Safepoint "RevokeBias", Time since last: 510321311 ns, Reaching safepoint: 73202 ns, At safepoint: 17628 ns, Total: 90830 ns
[2020-02-21T05:37:35.016+0000][1][safepoint    ] Safepoint "RevokeBias", Time since last: 2503102877 ns, Reaching safepoint: 73524 ns, At safepoint: 17851 ns, Total: 91375 ns
[2020-02-21T05:37:37.517+0000][1][safepoint    ] Safepoint "RevokeBias", Time since last: 2501443987 ns, Reaching safepoint: 80119 ns, At safepoint: 21662 ns, Total: 101781 ns
[2020-02-21T05:37:40.019+0000][1][safepoint    ] Safepoint "RevokeBias", Time since last: 2501288034 ns, Reaching safepoint: 85680 ns, At safepoint: 19984 ns, Total: 105664 ns
[2020-02-21T05:37:42.523+0000][1][safepoint    ] Safepoint "BulkRevokeBias", Time since last: 2504192460 ns, Reaching safepoint: 72474 ns, At safepoint: 179265 ns, Total: 251739 ns
[2020-02-21T05:37:45.028+0000][1][safepoint    ] Safepoint "RevokeBias", Time since last: 2505281070 ns, Reaching safepoint: 84428 ns, At safepoint: 21363 ns, Total: 105791 ns
[2020-02-21T05:37:47.541+0000][1][safepoint    ] Safepoint "RevokeBias", Time since last: 2512914574 ns, Reaching safepoint: 57822 ns, At safepoint: 15815 ns, Total: 73637 ns
[2020-02-21T05:37:50.054+0000][1][safepoint    ] Safepoint "RevokeBias", Time since last: 2512272861 ns, Reaching safepoint: 72759 ns, At safepoint: 17863 ns, Total: 90622 ns
[2020-02-21T05:37:52.559+0000][1][safepoint    ] Safepoint "RevokeBias", Time since last: 2504727333 ns, Reaching safepoint: 101626 ns, At safepoint: 25835 ns, Total: 127461 ns
[2020-02-21T05:37:55.064+0000][1][safepoint    ] Safepoint "RevokeBias", Time since last: 2505422303 ns, Reaching safepoint: 74499 ns, At safepoint: 17516 ns, Total: 92015 ns
[2020-02-21T05:37:57.568+0000][1][safepoint    ] Safepoint "RevokeBias", Time since last: 2503953482 ns, Reaching safepoint: 83800 ns, At safepoint: 20658 ns, Total: 104458 ns
[2020-02-21T05:38:00.074+0000][1][safepoint    ] Safepoint "RevokeBias", Time since last: 2505649134 ns, Reaching safepoint: 71665 ns, At safepoint: 17012 ns, Total: 88677 ns
[2020-02-21T05:38:02.075+0000][1][safepoint    ] Safepoint "Cleanup", Time since last: 2001322792 ns, Reaching safepoint: 96421 ns, At safepoint: 8997 ns, Total: 105418 ns
[2020-02-21T05:38:02.578+0000][1][safepoint    ] Safepoint "RevokeBias", Time since last: 502473942 ns, Reaching safepoint: 72520 ns, At safepoint: 17800 ns, Total: 90320 ns
[2020-02-21T05:38:05.086+0000][1][safepoint    ] Safepoint "RevokeBias", Time since last: 2507701724 ns, Reaching safepoint: 74698 ns, At safepoint: 17529 ns, Total: 92227 ns
[2020-02-21T05:38:07.595+0000][1][safepoint    ] Safepoint "RevokeBias", Time since last: 2509389778 ns, Reaching safepoint: 85804 ns, At safepoint: 20762 ns, Total: 106566 ns
[2020-02-21T05:38:10.099+0000][1][safepoint    ] Safepoint "RevokeBias", Time since last: 2503854020 ns, Reaching safepoint: 74762 ns, At safepoint: 18689 ns, Total: 93451 ns
[2020-02-21T05:38:12.602+0000][1][safepoint    ] Safepoint "RevokeBias", Time since last: 2502352208 ns, Reaching safepoint: 87290 ns, At safepoint: 18155 ns, Total: 105445 ns
[2020-02-21T05:38:15.111+0000][1][safepoint    ] Safepoint "RevokeBias", Time since last: 2509017025 ns, Reaching safepoint: 86370 ns, At safepoint: 20962 ns, Total: 107332 ns
[2020-02-21T05:38:16.507+0000][1][gc,start     ] GC(138) Pause Young (Allocation Failure)
[2020-02-21T05:38:16.507+0000][1][gc,task      ] GC(138) Using 1 workers of 1 for evacuation
[2020-02-21T05:38:16.520+0000][1][gc,age       ] GC(138) Desired survivor size 4358144 bytes, new threshold 6 (max threshold 6)
[2020-02-21T05:38:16.520+0000][1][gc,age       ] GC(138) Age table with threshold 6 (max threshold 6)
[2020-02-21T05:38:16.520+0000][1][gc,age       ] GC(138) - age   1:      14016 bytes,      14016 total
[2020-02-21T05:38:16.520+0000][1][gc,age       ] GC(138) - age   2:        136 bytes,      14152 total
[2020-02-21T05:38:16.520+0000][1][gc,age       ] GC(138) - age   3:        128 bytes,      14280 total
[2020-02-21T05:38:16.520+0000][1][gc,age       ] GC(138) - age   4:        520 bytes,      14800 total
[2020-02-21T05:38:16.520+0000][1][gc,heap      ] GC(138) ParNew: 68176K->22K(76672K)
[2020-02-21T05:38:16.520+0000][1][gc,heap      ] GC(138) CMS: 62618K->62618K(963392K)
[2020-02-21T05:38:16.520+0000][1][gc,metaspace ] GC(138) Metaspace: 80337K->80337K(1124352K)
[2020-02-21T05:38:16.520+0000][1][gc           ] GC(138) Pause Young (Allocation Failure) 127M->61M(1015M) 13.319ms
[2020-02-21T05:38:16.520+0000][1][gc,cpu       ] GC(138) User=0.01s Sys=0.00s Real=0.01s
[2020-02-21T05:38:16.520+0000][1][safepoint    ] Safepoint "GenCollectForAllocation", Time since last: 1396128458 ns, Reaching safepoint: 86200 ns, At safepoint: 13407251 ns, Total: 13493451 ns
[2020-02-21T05:38:17.626+0000][1][safepoint    ] Safepoint "RevokeBias", Time since last: 1105002758 ns, Reaching safepoint: 88087 ns, At safepoint: 18902 ns, Total: 106989 ns
[2020-02-21T05:38:20.133+0000][1][safepoint    ] Safepoint "RevokeBias", Time since last: 2507409493 ns, Reaching safepoint: 76410 ns, At safepoint: 18474 ns, Total: 94884 ns
[2020-02-21T05:38:22.638+0000][1][safepoint    ] Safepoint "RevokeBias", Time since last: 2504720230 ns, Reaching safepoint: 89261 ns, At safepoint: 20842 ns, Total: 110103 ns
[2020-02-21T05:38:25.141+0000][1][safepoint    ] Safepoint "RevokeBias", Time since last: 2503472806 ns, Reaching safepoint: 75462 ns, At safepoint: 18442 ns, Total: 93904 ns
[2020-02-21T05:38:27.645+0000][1][safepoint    ] Safepoint "RevokeBias", Time since last: 2503169644 ns, Reaching safepoint: 77626 ns, At safepoint: 18131 ns, Total: 95757 ns
[2020-02-21T05:38:30.148+0000][1][safepoint    ] Safepoint "RevokeBias", Time since last: 2502738723 ns, Reaching safepoint: 104323 ns, At safepoint: 20311 ns, Total: 124634 ns
[2020-02-21T05:38:32.652+0000][1][safepoint    ] Safepoint "RevokeBias", Time since last: 2504282412 ns, Reaching safepoint: 65229 ns, At safepoint: 20088 ns, Total: 85317 ns
[2020-02-21T05:38:35.163+0000][1][safepoint    ] Safepoint "RevokeBias", Time since last: 2511455226 ns, Reaching safepoint: 72137 ns, At safepoint: 17953 ns, Total: 90090 ns
[2020-02-21T05:38:37.674+0000][1][safepoint    ] Safepoint "RevokeBias", Time since last: 2510268204 ns, Reaching safepoint: 75415 ns, At safepoint: 18056 ns, Total: 93471 ns
[2020-02-21T05:38:40.178+0000][1][safepoint    ] Safepoint "RevokeBias", Time since last: 2503703979 ns, Reaching safepoint: 77289 ns, At safepoint: 19308 ns, Total: 96597 ns
[2020-02-21T05:38:42.680+0000][1][safepoint    ] Safepoint "RevokeBias", Time since last: 2502652130 ns, Reaching safepoint: 72333 ns, At safepoint: 117992 ns, Total: 190325 ns
[2020-02-21T05:38:45.186+0000][1][safepoint    ] Safepoint "RevokeBias", Time since last: 2505848426 ns, Reaching safepoint: 73559 ns, At safepoint: 18389 ns, Total: 91948 ns
[2020-02-21T05:38:47.690+0000][1][safepoint    ] Safepoint "RevokeBias", Time since last: 2503797041 ns, Reaching safepoint: 83096 ns, At safepoint: 20863 ns, Total: 103959 ns
[2020-02-21T05:38:50.193+0000][1][safepoint    ] Safepoint "RevokeBias", Time since last: 2502544930 ns, Reaching safepoint: 114209 ns, At safepoint: 18691 ns, Total: 132900 ns
[2020-02-21T05:38:52.704+0000][1][safepoint    ] Safepoint "RevokeBias", Time since last: 2510850177 ns, Reaching safepoint: 89553 ns, At safepoint: 20949 ns, Total: 110502 ns
[2020-02-21T05:38:55.218+0000][1][safepoint    ] Safepoint "BulkRevokeBias", Time since last: 2513356656 ns, Reaching safepoint: 77878 ns, At safepoint: 253900 ns, Total: 331778 ns
[2020-02-21T05:38:57.720+0000][1][safepoint    ] Safepoint "RevokeBias", Time since last: 2502364924 ns, Reaching safepoint: 73169 ns, At safepoint: 17541 ns, Total: 90710 ns
[2020-02-21T05:39:00.225+0000][1][safepoint    ] Safepoint "RevokeBias", Time since last: 2504947336 ns, Reaching safepoint: 73595 ns, At safepoint: 17764 ns, Total: 91359 ns
[2020-02-21T05:39:02.227+0000][1][safepoint    ] Safepoint "Cleanup", Time since last: 2001252002 ns, Reaching safepoint: 128655 ns, At safepoint: 11355 ns, Total: 140010 ns
[2020-02-21T05:39:02.729+0000][1][safepoint    ] Safepoint "RevokeBias", Time since last: 502483395 ns, Reaching safepoint: 57996 ns, At safepoint: 17311 ns, Total: 75307 ns
[2020-02-21T05:39:05.247+0000][1][safepoint    ] Safepoint "RevokeBias", Time since last: 2517429995 ns, Reaching safepoint: 77440 ns, At safepoint: 17691 ns, Total: 95131 ns
[2020-02-21T05:39:07.759+0000][1][safepoint    ] Safepoint "RevokeBias", Time since last: 2512656759 ns, Reaching safepoint: 159833 ns, At safepoint: 39434 ns, Total: 199267 ns
[2020-02-21T05:39:10.272+0000][1][safepoint    ] Safepoint "RevokeBias", Time since last: 2512925207 ns, Reaching safepoint: 72562 ns, At safepoint: 18658 ns, Total: 91220 ns
[2020-02-21T05:39:12.781+0000][1][safepoint    ] Safepoint "RevokeBias", Time since last: 2508005644 ns, Reaching safepoint: 72876 ns, At safepoint: 18570 ns, Total: 91446 ns
[2020-02-21T05:39:15.286+0000][1][safepoint    ] Safepoint "RevokeBias", Time since last: 2505706930 ns, Reaching safepoint: 72705 ns, At safepoint: 48125 ns, Total: 120830 ns
[2020-02-21T05:39:17.789+0000][1][safepoint    ] Safepoint "RevokeBias", Time since last: 2502430766 ns, Reaching safepoint: 76601 ns, At safepoint: 18759 ns, Total: 95360 ns
[2020-02-21T05:39:20.292+0000][1][safepoint    ] Safepoint "RevokeBias", Time since last: 2502986205 ns, Reaching safepoint: 93500 ns, At safepoint: 25728 ns, Total: 119228 ns
[2020-02-21T05:39:22.805+0000][1][safepoint    ] Safepoint "RevokeBias", Time since last: 2513097493 ns, Reaching safepoint: 90998 ns, At safepoint: 20990 ns, Total: 111988 ns
[2020-02-21T05:39:25.316+0000][1][safepoint    ] Safepoint "RevokeBias", Time since last: 2510766668 ns, Reaching safepoint: 73788 ns, At safepoint: 18539 ns, Total: 92327 ns
[2020-02-21T05:39:27.819+0000][1][safepoint    ] Safepoint "RevokeBias", Time since last: 2502651394 ns, Reaching safepoint: 73648 ns, At safepoint: 18519 ns, Total: 92167 ns
[2020-02-21T05:39:30.324+0000][1][safepoint    ] Safepoint "RevokeBias", Time since last: 2505474287 ns, Reaching safepoint: 74174 ns, At safepoint: 18551 ns, Total: 92725 ns
[2020-02-21T05:39:32.828+0000][1][safepoint    ] Safepoint "RevokeBias", Time since last: 2502921879 ns, Reaching safepoint: 143451 ns, At safepoint: 20191 ns, Total: 163642 ns
[2020-02-21T05:39:35.330+0000][1][safepoint    ] Safepoint "RevokeBias", Time since last: 2502810701 ns, Reaching safepoint: 72099 ns, At safepoint: 17736 ns, Total: 89835 ns
[2020-02-21T05:39:37.836+0000][1][safepoint    ] Safepoint "RevokeBias", Time since last: 2505212225 ns, Reaching safepoint: 78717 ns, At safepoint: 19738 ns, Total: 98455 ns
[2020-02-21T05:39:40.354+0000][1][safepoint    ] Safepoint "RevokeBias", Time since last: 2518575053 ns, Reaching safepoint: 110149 ns, At safepoint: 33651 ns, Total: 143800 ns
[2020-02-21T05:39:42.869+0000][1][safepoint    ] Safepoint "RevokeBias", Time since last: 2514689699 ns, Reaching safepoint: 123153 ns, At safepoint: 31606 ns, Total: 154759 ns
[2020-02-21T05:39:45.377+0000][1][safepoint    ] Safepoint "RevokeBias", Time since last: 2507016274 ns, Reaching safepoint: 182450 ns, At safepoint: 69887 ns, Total: 252337 ns
[2020-02-21T05:39:47.880+0000][1][safepoint    ] Safepoint "RevokeBias", Time since last: 2503439220 ns, Reaching safepoint: 78061 ns, At safepoint: 19620 ns, Total: 97681 ns
[2020-02-21T05:39:50.385+0000][1][safepoint    ] Safepoint "RevokeBias", Time since last: 2504430497 ns, Reaching safepoint: 92004 ns, At safepoint: 18391 ns, Total: 110395 ns
[2020-02-21T05:39:52.890+0000][1][safepoint    ] Safepoint "RevokeBias", Time since last: 2505090268 ns, Reaching safepoint: 135487 ns, At safepoint: 32521 ns, Total: 168008 ns
[2020-02-21T05:39:55.396+0000][1][safepoint    ] Safepoint "RevokeBias", Time since last: 2506250565 ns, Reaching safepoint: 91138 ns, At safepoint: 20614 ns, Total: 111752 ns
[2020-02-21T05:39:57.905+0000][1][safepoint    ] Safepoint "RevokeBias", Time since last: 2508435388 ns, Reaching safepoint: 71811 ns, At safepoint: 17795 ns, Total: 89606 ns
[2020-02-21T05:40:00.414+0000][1][safepoint    ] Safepoint "RevokeBias", Time since last: 2509473317 ns, Reaching safepoint: 57019 ns, At safepoint: 16077 ns, Total: 73096 ns
[2020-02-21T05:40:02.415+0000][1][safepoint    ] Safepoint "Cleanup", Time since last: 2000442281 ns, Reaching safepoint: 95857 ns, At safepoint: 9475 ns, Total: 105332 ns
[2020-02-21T05:40:02.918+0000][1][safepoint    ] Safepoint "RevokeBias", Time since last: 503230442 ns, Reaching safepoint: 73367 ns, At safepoint: 18327 ns, Total: 91694 ns
[2020-02-21T05:40:05.420+0000][1][safepoint    ] Safepoint "RevokeBias", Time since last: 2501761341 ns, Reaching safepoint: 117950 ns, At safepoint: 20479 ns, Total: 138429 ns
[2020-02-21T05:40:07.924+0000][1][safepoint    ] Safepoint "BulkRevokeBias", Time since last: 2504032439 ns, Reaching safepoint: 73347 ns, At safepoint: 267793 ns, Total: 341140 ns
[2020-02-21T05:40:10.427+0000][1][safepoint    ] Safepoint "RevokeBias", Time since last: 2502853341 ns, Reaching safepoint: 83230 ns, At safepoint: 21374 ns, Total: 104604 ns
[2020-02-21T05:40:12.932+0000][1][safepoint    ] Safepoint "RevokeBias", Time since last: 2504194267 ns, Reaching safepoint: 79792 ns, At safepoint: 17772 ns, Total: 97564 ns
[2020-02-21T05:40:15.455+0000][1][safepoint    ] Safepoint "RevokeBias", Time since last: 2522912980 ns, Reaching safepoint: 71619 ns, At safepoint: 17623 ns, Total: 89242 ns
[2020-02-21T05:40:17.965+0000][1][safepoint    ] Safepoint "RevokeBias", Time since last: 2510527170 ns, Reaching safepoint: 75256 ns, At safepoint: 17138 ns, Total: 92394 ns
[2020-02-21T05:40:20.469+0000][1][safepoint    ] Safepoint "RevokeBias", Time since last: 2503654888 ns, Reaching safepoint: 71182 ns, At safepoint: 17060 ns, Total: 88242 ns
[2020-02-21T05:40:22.973+0000][1][safepoint    ] Safepoint "RevokeBias", Time since last: 2504031028 ns, Reaching safepoint: 101470 ns, At safepoint: 24773 ns, Total: 126243 ns
[2020-02-21T05:40:25.479+0000][1][safepoint    ] Safepoint "RevokeBias", Time since last: 2505654458 ns, Reaching safepoint: 74078 ns, At safepoint: 17738 ns, Total: 91816 ns
[2020-02-21T05:40:27.993+0000][1][safepoint    ] Safepoint "RevokeBias", Time since last: 2513870135 ns, Reaching safepoint: 71638 ns, At safepoint: 17328 ns, Total: 88966 ns
[2020-02-21T05:40:30.503+0000][1][safepoint    ] Safepoint "RevokeBias", Time since last: 2510258238 ns, Reaching safepoint: 74235 ns, At safepoint: 18066 ns, Total: 92301 ns
[2020-02-21T05:40:33.007+0000][1][safepoint    ] Safepoint "RevokeBias", Time since last: 2503470426 ns, Reaching safepoint: 132973 ns, At safepoint: 25342 ns, Total: 158315 ns
[2020-02-21T05:40:35.511+0000][1][safepoint    ] Safepoint "RevokeBias", Time since last: 2503956441 ns, Reaching safepoint: 71722 ns, At safepoint: 16719 ns, Total: 88441 ns
[2020-02-21T05:40:36.614+0000][1][gc,start     ] GC(139) Pause Young (Allocation Failure)
[2020-02-21T05:40:36.614+0000][1][gc,task      ] GC(139) Using 1 workers of 1 for evacuation
[2020-02-21T05:40:36.625+0000][1][gc,age       ] GC(139) Desired survivor size 4358144 bytes, new threshold 6 (max threshold 6)
[2020-02-21T05:40:36.625+0000][1][gc,age       ] GC(139) Age table with threshold 6 (max threshold 6)
[2020-02-21T05:40:36.625+0000][1][gc,age       ] GC(139) - age   1:      14496 bytes,      14496 total
[2020-02-21T05:40:36.625+0000][1][gc,age       ] GC(139) - age   2:       1176 bytes,      15672 total
[2020-02-21T05:40:36.625+0000][1][gc,age       ] GC(139) - age   3:        136 bytes,      15808 total
[2020-02-21T05:40:36.625+0000][1][gc,age       ] GC(139) - age   4:        128 bytes,      15936 total
[2020-02-21T05:40:36.625+0000][1][gc,age       ] GC(139) - age   5:        520 bytes,      16456 total
[2020-02-21T05:40:36.625+0000][1][gc,heap      ] GC(139) ParNew: 68182K->27K(76672K)
[2020-02-21T05:40:36.625+0000][1][gc,heap      ] GC(139) CMS: 62618K->62618K(963392K)
[2020-02-21T05:40:36.625+0000][1][gc,metaspace ] GC(139) Metaspace: 80608K->80608K(1124352K)
[2020-02-21T05:40:36.625+0000][1][gc           ] GC(139) Pause Young (Allocation Failure) 127M->61M(1015M) 10.811ms
[2020-02-21T05:40:36.625+0000][1][gc,cpu       ] GC(139) User=0.01s Sys=0.00s Real=0.01s
[2020-02-21T05:40:36.625+0000][1][safepoint    ] Safepoint "GenCollectForAllocation", Time since last: 1103176813 ns, Reaching safepoint: 79474 ns, At safepoint: 10867398 ns, Total: 10946872 ns
[2020-02-21T05:40:38.016+0000][1][safepoint    ] Safepoint "RevokeBias", Time since last: 1390834896 ns, Reaching safepoint: 73717 ns, At safepoint: 17832 ns, Total: 91549 ns
[2020-02-21T05:40:40.520+0000][1][safepoint    ] Safepoint "RevokeBias", Time since last: 2503779560 ns, Reaching safepoint: 114129 ns, At safepoint: 29668 ns, Total: 143797 ns
[2020-02-21T05:40:43.023+0000][1][safepoint    ] Safepoint "RevokeBias", Time since last: 2503407160 ns, Reaching safepoint: 110196 ns, At safepoint: 29231 ns, Total: 139427 ns
[2020-02-21T05:40:45.540+0000][1][safepoint    ] Safepoint "RevokeBias", Time since last: 2516310910 ns, Reaching safepoint: 154058 ns, At safepoint: 49182 ns, Total: 203240 ns
[2020-02-21T05:40:48.054+0000][1][safepoint    ] Safepoint "RevokeBias", Time since last: 2513556292 ns, Reaching safepoint: 83850 ns, At safepoint: 21292 ns, Total: 105142 ns
[2020-02-21T05:40:50.557+0000][1][safepoint    ] Safepoint "RevokeBias", Time since last: 2503713954 ns, Reaching safepoint: 74257 ns, At safepoint: 18882 ns, Total: 93139 ns
[2020-02-21T05:40:53.062+0000][1][safepoint    ] Safepoint "RevokeBias", Time since last: 2504594557 ns, Reaching safepoint: 141068 ns, At safepoint: 80746 ns, Total: 221814 ns
[2020-02-21T05:40:55.568+0000][1][safepoint    ] Safepoint "RevokeBias", Time since last: 2505653042 ns, Reaching safepoint: 74071 ns, At safepoint: 18026 ns, Total: 92097 ns
[2020-02-21T05:40:58.071+0000][1][safepoint    ] Safepoint "RevokeBias", Time since last: 2503018325 ns, Reaching safepoint: 73685 ns, At safepoint: 18939 ns, Total: 92624 ns
[2020-02-21T05:41:00.578+0000][1][safepoint    ] Safepoint "RevokeBias", Time since last: 2506742754 ns, Reaching safepoint: 105552 ns, At safepoint: 20071 ns, Total: 125623 ns
[2020-02-21T05:41:03.091+0000][1][safepoint    ] Safepoint "RevokeBias", Time since last: 2512602906 ns, Reaching safepoint: 69949 ns, At safepoint: 17775 ns, Total: 87724 ns
[2020-02-21T05:41:05.604+0000][1][safepoint    ] Safepoint "RevokeBias", Time since last: 2513376436 ns, Reaching safepoint: 63350 ns, At safepoint: 18054 ns, Total: 81404 ns
[2020-02-21T05:41:08.107+0000][1][safepoint    ] Safepoint "RevokeBias", Time since last: 2502668898 ns, Reaching safepoint: 78641 ns, At safepoint: 19696 ns, Total: 98337 ns
[2020-02-21T05:41:10.611+0000][1][safepoint    ] Safepoint "RevokeBias", Time since last: 2503488910 ns, Reaching safepoint: 72163 ns, At safepoint: 17690 ns, Total: 89853 ns
[2020-02-21T05:41:13.114+0000][1][safepoint    ] Safepoint "RevokeBias", Time since last: 2503304197 ns, Reaching safepoint: 73307 ns, At safepoint: 17645 ns, Total: 90952 ns
[2020-02-21T05:41:15.620+0000][1][safepoint    ] Safepoint "RevokeBias", Time since last: 2506076573 ns, Reaching safepoint: 58868 ns, At safepoint: 16652 ns, Total: 75520 ns
[2020-02-21T05:41:18.123+0000][1][safepoint    ] Safepoint "RevokeBias", Time since last: 2502598134 ns, Reaching safepoint: 73012 ns, At safepoint: 17787 ns, Total: 90799 ns
[2020-02-21T05:41:20.635+0000][1][safepoint    ] Safepoint "BulkRevokeBias", Time since last: 2512279961 ns, Reaching safepoint: 72932 ns, At safepoint: 178609 ns, Total: 251541 ns
[2020-02-21T05:41:23.149+0000][1][safepoint    ] Safepoint "RevokeBias", Time since last: 2514032466 ns, Reaching safepoint: 88498 ns, At safepoint: 21043 ns, Total: 109541 ns
[2020-02-21T05:41:25.656+0000][1][safepoint    ] Safepoint "RevokeBias", Time since last: 2506167628 ns, Reaching safepoint: 61679 ns, At safepoint: 19516 ns, Total: 81195 ns
[2020-02-21T05:41:28.157+0000][1][safepoint    ] Safepoint "RevokeBias", Time since last: 2501450352 ns, Reaching safepoint: 73392 ns, At safepoint: 17882 ns, Total: 91274 ns
[2020-02-21T05:41:30.663+0000][1][safepoint    ] Safepoint "RevokeBias", Time since last: 2505358795 ns, Reaching safepoint: 80021 ns, At safepoint: 18883 ns, Total: 98904 ns
[2020-02-21T05:41:33.168+0000][1][safepoint    ] Safepoint "RevokeBias", Time since last: 2505003620 ns, Reaching safepoint: 75804 ns, At safepoint: 16871 ns, Total: 92675 ns
[2020-02-21T05:41:35.670+0000][1][safepoint    ] Safepoint "RevokeBias", Time since last: 2502641697 ns, Reaching safepoint: 73647 ns, At safepoint: 19651 ns, Total: 93298 ns
[2020-02-21T05:41:38.181+0000][1][safepoint    ] Safepoint "RevokeBias", Time since last: 2510526570 ns, Reaching safepoint: 74177 ns, At safepoint: 17136 ns, Total: 91313 ns
[2020-02-21T05:41:40.693+0000][1][safepoint    ] Safepoint "RevokeBias", Time since last: 2511945244 ns, Reaching safepoint: 71342 ns, At safepoint: 18076 ns, Total: 89418 ns
[2020-02-21T05:41:43.196+0000][1][safepoint    ] Safepoint "RevokeBias", Time since last: 2502704037 ns, Reaching safepoint: 111351 ns, At safepoint: 28669 ns, Total: 140020 ns
[2020-02-21T05:41:45.702+0000][1][safepoint    ] Safepoint "RevokeBias", Time since last: 2505803429 ns, Reaching safepoint: 72915 ns, At safepoint: 128727 ns, Total: 201642 ns
[2020-02-21T05:41:48.206+0000][1][safepoint    ] Safepoint "RevokeBias", Time since last: 2503855190 ns, Reaching safepoint: 89755 ns, At safepoint: 20376 ns, Total: 110131 ns
[2020-02-21T05:41:50.719+0000][1][safepoint    ] Safepoint "RevokeBias", Time since last: 2512555405 ns, Reaching safepoint: 120113 ns, At safepoint: 22768 ns, Total: 142881 ns
[2020-02-21T05:41:53.233+0000][1][safepoint    ] Safepoint "RevokeBias", Time since last: 2513926927 ns, Reaching safepoint: 71184 ns, At safepoint: 17774 ns, Total: 88958 ns
[2020-02-21T05:41:55.738+0000][1][safepoint    ] Safepoint "RevokeBias", Time since last: 2504862950 ns, Reaching safepoint: 81001 ns, At safepoint: 19963 ns, Total: 100964 ns
[2020-02-21T05:41:58.240+0000][1][safepoint    ] Safepoint "RevokeBias", Time since last: 2502551040 ns, Reaching safepoint: 71964 ns, At safepoint: 17762 ns, Total: 89726 ns
[2020-02-21T05:42:00.746+0000][1][safepoint    ] Safepoint "RevokeBias", Time since last: 2505352029 ns, Reaching safepoint: 107523 ns, At safepoint: 24175 ns, Total: 131698 ns
[2020-02-21T05:42:03.250+0000][1][safepoint    ] Safepoint "RevokeBias", Time since last: 2504039525 ns, Reaching safepoint: 72772 ns, At safepoint: 17676 ns, Total: 90448 ns
[2020-02-21T05:42:05.754+0000][1][safepoint    ] Safepoint "RevokeBias", Time since last: 2503716763 ns, Reaching safepoint: 70927 ns, At safepoint: 18408 ns, Total: 89335 ns
[2020-02-21T05:42:08.268+0000][1][safepoint    ] Safepoint "RevokeBias", Time since last: 2514071089 ns, Reaching safepoint: 80869 ns, At safepoint: 17563 ns, Total: 98432 ns
[2020-02-21T05:42:10.777+0000][1][safepoint    ] Safepoint "RevokeBias", Time since last: 2508775474 ns, Reaching safepoint: 72284 ns, At safepoint: 18438 ns, Total: 90722 ns
[2020-02-21T05:42:13.280+0000][1][safepoint    ] Safepoint "RevokeBias", Time since last: 2503593981 ns, Reaching safepoint: 72222 ns, At safepoint: 18018 ns, Total: 90240 ns
[2020-02-21T05:42:15.785+0000][1][safepoint    ] Safepoint "RevokeBias", Time since last: 2503944842 ns, Reaching safepoint: 134360 ns, At safepoint: 38206 ns, Total: 172566 ns
[2020-02-21T05:42:18.288+0000][1][safepoint    ] Safepoint "RevokeBias", Time since last: 2503263949 ns, Reaching safepoint: 100707 ns, At safepoint: 23651 ns, Total: 124358 ns
[2020-02-21T05:42:20.791+0000][1][safepoint    ] Safepoint "RevokeBias", Time since last: 2503392102 ns, Reaching safepoint: 72106 ns, At safepoint: 18423 ns, Total: 90529 ns
[2020-02-21T05:42:23.294+0000][1][safepoint    ] Safepoint "RevokeBias", Time since last: 2502441770 ns, Reaching safepoint: 105541 ns, At safepoint: 40780 ns, Total: 146321 ns
[2020-02-21T05:42:25.809+0000][1][safepoint    ] Safepoint "RevokeBias", Time since last: 2514844787 ns, Reaching safepoint: 89684 ns, At safepoint: 17523 ns, Total: 107207 ns
[2020-02-21T05:42:28.323+0000][1][safepoint    ] Safepoint "RevokeBias", Time since last: 2513611055 ns, Reaching safepoint: 73007 ns, At safepoint: 18180 ns, Total: 91187 ns
[2020-02-21T05:42:30.829+0000][1][safepoint    ] Safepoint "RevokeBias", Time since last: 2505766880 ns, Reaching safepoint: 70233 ns, At safepoint: 17777 ns, Total: 88010 ns
[2020-02-21T05:42:33.333+0000][1][safepoint    ] Safepoint "BulkRevokeBias", Time since last: 2504219958 ns, Reaching safepoint: 143497 ns, At safepoint: 206400 ns, Total: 349897 ns
[2020-02-21T05:42:36.033+0000][1][safepoint    ] Safepoint "RevokeBias", Time since last: 2699505530 ns, Reaching safepoint: 75129 ns, At safepoint: 18378 ns, Total: 93507 ns
[2020-02-21T05:42:38.537+0000][1][safepoint    ] Safepoint "RevokeBias", Time since last: 2503730138 ns, Reaching safepoint: 78275 ns, At safepoint: 19386 ns, Total: 97661 ns
[2020-02-21T05:42:41.042+0000][1][safepoint    ] Safepoint "RevokeBias", Time since last: 2504950743 ns, Reaching safepoint: 70930 ns, At safepoint: 17172 ns, Total: 88102 ns
[2020-02-21T05:42:43.551+0000][1][safepoint    ] Safepoint "RevokeBias", Time since last: 2509656070 ns, Reaching safepoint: 71399 ns, At safepoint: 16952 ns, Total: 88351 ns
[2020-02-21T05:42:46.064+0000][1][safepoint    ] Safepoint "RevokeBias", Time since last: 2512601793 ns, Reaching safepoint: 75852 ns, At safepoint: 18919 ns, Total: 94771 ns
[2020-02-21T05:42:48.569+0000][1][safepoint    ] Safepoint "RevokeBias", Time since last: 2505233448 ns, Reaching safepoint: 133909 ns, At safepoint: 37029 ns, Total: 170938 ns
[2020-02-21T05:42:51.072+0000][1][safepoint    ] Safepoint "RevokeBias", Time since last: 2502751711 ns, Reaching safepoint: 74035 ns, At safepoint: 69623 ns, Total: 143658 ns
[2020-02-21T05:42:53.577+0000][1][safepoint    ] Safepoint "RevokeBias", Time since last: 2505024402 ns, Reaching safepoint: 85759 ns, At safepoint: 20471 ns, Total: 106230 ns
[2020-02-21T05:42:56.084+0000][1][safepoint    ] Safepoint "RevokeBias", Time since last: 2506159368 ns, Reaching safepoint: 72744 ns, At safepoint: 18132 ns, Total: 90876 ns
[2020-02-21T05:42:57.075+0000][1][gc,start     ] GC(140) Pause Young (Allocation Failure)
[2020-02-21T05:42:57.075+0000][1][gc,task      ] GC(140) Using 1 workers of 1 for evacuation
[2020-02-21T05:42:57.085+0000][1][gc,age       ] GC(140) Desired survivor size 4358144 bytes, new threshold 6 (max threshold 6)
[2020-02-21T05:42:57.085+0000][1][gc,age       ] GC(140) Age table with threshold 6 (max threshold 6)
[2020-02-21T05:42:57.085+0000][1][gc,age       ] GC(140) - age   1:      11728 bytes,      11728 total
[2020-02-21T05:42:57.085+0000][1][gc,age       ] GC(140) - age   2:       1552 bytes,      13280 total
[2020-02-21T05:42:57.085+0000][1][gc,age       ] GC(140) - age   3:       1176 bytes,      14456 total
[2020-02-21T05:42:57.085+0000][1][gc,age       ] GC(140) - age   4:        136 bytes,      14592 total
[2020-02-21T05:42:57.085+0000][1][gc,age       ] GC(140) - age   5:        128 bytes,      14720 total
[2020-02-21T05:42:57.085+0000][1][gc,age       ] GC(140) - age   6:        520 bytes,      15240 total
[2020-02-21T05:42:57.085+0000][1][gc,heap      ] GC(140) ParNew: 68187K->18K(76672K)
[2020-02-21T05:42:57.085+0000][1][gc,heap      ] GC(140) CMS: 62618K->62618K(963392K)
[2020-02-21T05:42:57.085+0000][1][gc,metaspace ] GC(140) Metaspace: 80608K->80608K(1124352K)
[2020-02-21T05:42:57.085+0000][1][gc           ] GC(140) Pause Young (Allocation Failure) 127M->61M(1015M) 10.119ms
[2020-02-21T05:42:57.085+0000][1][gc,cpu       ] GC(140) User=0.01s Sys=0.00s Real=0.01s
[2020-02-21T05:42:57.085+0000][1][safepoint    ] Safepoint "GenCollectForAllocation", Time since last: 990932175 ns, Reaching safepoint: 76863 ns, At safepoint: 10173198 ns, Total: 10250061 ns
[2020-02-21T05:42:58.587+0000][1][safepoint    ] Safepoint "RevokeBias", Time since last: 1502433084 ns, Reaching safepoint: 77859 ns, At safepoint: 18919 ns, Total: 96778 ns
[2020-02-21T05:43:01.104+0000][1][safepoint    ] Safepoint "RevokeBias", Time since last: 2516257920 ns, Reaching safepoint: 72528 ns, At safepoint: 17354 ns, Total: 89882 ns
[2020-02-21T05:43:03.612+0000][1][safepoint    ] Safepoint "RevokeBias", Time since last: 2508068439 ns, Reaching safepoint: 73615 ns, At safepoint: 17393 ns, Total: 91008 ns
[2020-02-21T05:43:06.115+0000][1][safepoint    ] Safepoint "RevokeBias", Time since last: 2503037110 ns, Reaching safepoint: 90581 ns, At safepoint: 18086 ns, Total: 108667 ns
[2020-02-21T05:43:08.619+0000][1][safepoint    ] Safepoint "RevokeBias", Time since last: 2504113961 ns, Reaching safepoint: 79246 ns, At safepoint: 19689 ns, Total: 98935 ns
[2020-02-21T05:43:11.121+0000][1][safepoint    ] Safepoint "RevokeBias", Time since last: 2501931536 ns, Reaching safepoint: 75311 ns, At safepoint: 18554 ns, Total: 93865 ns
[2020-02-21T05:43:13.633+0000][1][safepoint    ] Safepoint "RevokeBias", Time since last: 2511670080 ns, Reaching safepoint: 71957 ns, At safepoint: 17525 ns, Total: 89482 ns
[2020-02-21T05:43:16.142+0000][1][safepoint    ] Safepoint "RevokeBias", Time since last: 2508546656 ns, Reaching safepoint: 83147 ns, At safepoint: 20960 ns, Total: 104107 ns
[2020-02-21T05:43:18.646+0000][1][safepoint    ] Safepoint "RevokeBias", Time since last: 2504102510 ns, Reaching safepoint: 92553 ns, At safepoint: 21689 ns, Total: 114242 ns
[2020-02-21T05:43:21.150+0000][1][safepoint    ] Safepoint "RevokeBias", Time since last: 2504256005 ns, Reaching safepoint: 118886 ns, At safepoint: 29052 ns, Total: 147938 ns
[2020-02-21T05:43:23.655+0000][1][safepoint    ] Safepoint "RevokeBias", Time since last: 2505001917 ns, Reaching safepoint: 74197 ns, At safepoint: 18472 ns, Total: 92669 ns
[2020-02-21T05:43:26.161+0000][1][safepoint    ] Safepoint "RevokeBias", Time since last: 2505724118 ns, Reaching safepoint: 72801 ns, At safepoint: 17289 ns, Total: 90090 ns
[2020-02-21T05:43:28.664+0000][1][safepoint    ] Safepoint "RevokeBias", Time since last: 2502169982 ns, Reaching safepoint: 202937 ns, At safepoint: 25911 ns, Total: 228848 ns
[2020-02-21T05:43:31.180+0000][1][safepoint    ] Safepoint "RevokeBias", Time since last: 2516309048 ns, Reaching safepoint: 79970 ns, At safepoint: 19029 ns, Total: 98999 ns
[2020-02-21T05:43:33.688+0000][1][safepoint    ] Safepoint "RevokeBias", Time since last: 2507552943 ns, Reaching safepoint: 72814 ns, At safepoint: 17710 ns, Total: 90524 ns
[2020-02-21T05:43:36.192+0000][1][safepoint    ] Safepoint "RevokeBias", Time since last: 2504142144 ns, Reaching safepoint: 74660 ns, At safepoint: 17809 ns, Total: 92469 ns
[2020-02-21T05:43:38.696+0000][1][safepoint    ] Safepoint "RevokeBias", Time since last: 2503639606 ns, Reaching safepoint: 76631 ns, At safepoint: 18826 ns, Total: 95457 ns
[2020-02-21T05:43:41.199+0000][1][safepoint    ] Safepoint "RevokeBias", Time since last: 2502900021 ns, Reaching safepoint: 96525 ns, At safepoint: 23862 ns, Total: 120387 ns
[2020-02-21T05:43:43.716+0000][1][safepoint    ] Safepoint "RevokeBias", Time since last: 2517513984 ns, Reaching safepoint: 72534 ns, At safepoint: 17335 ns, Total: 89869 ns
[2020-02-21T05:43:46.225+0000][1][safepoint    ] Safepoint "BulkRevokeBias", Time since last: 2508320361 ns, Reaching safepoint: 129676 ns, At safepoint: 313409 ns, Total: 443085 ns
[2020-02-21T05:43:48.729+0000][1][safepoint    ] Safepoint "RevokeBias", Time since last: 2503739700 ns, Reaching safepoint: 77601 ns, At safepoint: 18568 ns, Total: 96169 ns
[2020-02-21T05:43:51.230+0000][1][safepoint    ] Safepoint "RevokeBias", Time since last: 2500767341 ns, Reaching safepoint: 119493 ns, At safepoint: 24772 ns, Total: 144265 ns
[2020-02-21T05:43:53.734+0000][1][safepoint    ] Safepoint "RevokeBias", Time since last: 2504409642 ns, Reaching safepoint: 75070 ns, At safepoint: 17898 ns, Total: 92968 ns
[2020-02-21T05:43:56.238+0000][1][safepoint    ] Safepoint "RevokeBias", Time since last: 2503941524 ns, Reaching safepoint: 74243 ns, At safepoint: 18385 ns, Total: 92628 ns
[2020-02-21T05:43:58.741+0000][1][safepoint    ] Safepoint "RevokeBias", Time since last: 2502793280 ns, Reaching safepoint: 101389 ns, At safepoint: 20576 ns, Total: 121965 ns
[2020-02-21T05:44:01.274+0000][1][safepoint    ] Safepoint "RevokeBias", Time since last: 2528573351 ns, Reaching safepoint: 3933720 ns, At safepoint: 75468 ns, Total: 4009188 ns
[2020-02-21T05:44:03.772+0000][1][safepoint    ] Safepoint "RevokeBias", Time since last: 2497616933 ns, Reaching safepoint: 83288 ns, At safepoint: 20726 ns, Total: 104014 ns
[2020-02-21T05:44:06.275+0000][1][safepoint    ] Safepoint "RevokeBias", Time since last: 2503122327 ns, Reaching safepoint: 76729 ns, At safepoint: 17651 ns, Total: 94380 ns
[2020-02-21T05:44:08.779+0000][1][safepoint    ] Safepoint "RevokeBias", Time since last: 2504249295 ns, Reaching safepoint: 213566 ns, At safepoint: 22615 ns, Total: 236181 ns
[2020-02-21T05:44:11.281+0000][1][safepoint    ] Safepoint "RevokeBias", Time since last: 2502097759 ns, Reaching safepoint: 72030 ns, At safepoint: 17081 ns, Total: 89111 ns
[2020-02-21T05:44:13.786+0000][1][safepoint    ] Safepoint "RevokeBias", Time since last: 2504383312 ns, Reaching safepoint: 71426 ns, At safepoint: 17024 ns, Total: 88450 ns
[2020-02-21T05:44:16.293+0000][1][safepoint    ] Safepoint "RevokeBias", Time since last: 2506633810 ns, Reaching safepoint: 74602 ns, At safepoint: 17722 ns, Total: 92324 ns
[2020-02-21T05:44:18.803+0000][1][safepoint    ] Safepoint "RevokeBias", Time since last: 2510562814 ns, Reaching safepoint: 161191 ns, At safepoint: 54543 ns, Total: 215734 ns
[2020-02-21T05:44:21.313+0000][1][safepoint    ] Safepoint "RevokeBias", Time since last: 2509055495 ns, Reaching safepoint: 79551 ns, At safepoint: 19099 ns, Total: 98650 ns
[2020-02-21T05:44:23.818+0000][1][safepoint    ] Safepoint "RevokeBias", Time since last: 2505304202 ns, Reaching safepoint: 74220 ns, At safepoint: 17698 ns, Total: 91918 ns
[2020-02-21T05:44:26.324+0000][1][safepoint    ] Safepoint "RevokeBias", Time since last: 2505630305 ns, Reaching safepoint: 72882 ns, At safepoint: 18662 ns, Total: 91544 ns
[2020-02-21T05:44:28.826+0000][1][safepoint    ] Safepoint "RevokeBias", Time since last: 2501928387 ns, Reaching safepoint: 75995 ns, At safepoint: 18532 ns, Total: 94527 ns
[2020-02-21T05:44:31.344+0000][1][safepoint    ] Safepoint "RevokeBias", Time since last: 2517893876 ns, Reaching safepoint: 73073 ns, At safepoint: 17337 ns, Total: 90410 ns
[2020-02-21T05:44:33.849+0000][1][safepoint    ] Safepoint "RevokeBias", Time since last: 2504961135 ns, Reaching safepoint: 74089 ns, At safepoint: 17892 ns, Total: 91981 ns
[2020-02-21T05:44:36.356+0000][1][safepoint    ] Safepoint "RevokeBias", Time since last: 2506674338 ns, Reaching safepoint: 56431 ns, At safepoint: 89413 ns, Total: 145844 ns
[2020-02-21T05:44:38.866+0000][1][safepoint    ] Safepoint "RevokeBias", Time since last: 2510551944 ns, Reaching safepoint: 86687 ns, At safepoint: 19841 ns, Total: 106528 ns
[2020-02-21T05:44:41.370+0000][1][safepoint    ] Safepoint "RevokeBias", Time since last: 2503420265 ns, Reaching safepoint: 79225 ns, At safepoint: 19290 ns, Total: 98515 ns
[2020-02-21T05:44:43.872+0000][1][safepoint    ] Safepoint "RevokeBias", Time since last: 2502633253 ns, Reaching safepoint: 88953 ns, At safepoint: 18930 ns, Total: 107883 ns
[2020-02-21T05:44:46.378+0000][1][safepoint    ] Safepoint "RevokeBias", Time since last: 2505905592 ns, Reaching safepoint: 75001 ns, At safepoint: 18749 ns, Total: 93750 ns
[2020-02-21T05:44:48.896+0000][1][safepoint    ] Safepoint "RevokeBias", Time since last: 2517171210 ns, Reaching safepoint: 71952 ns, At safepoint: 17345 ns, Total: 89297 ns
[2020-02-21T05:44:51.411+0000][1][safepoint    ] Safepoint "RevokeBias", Time since last: 2514863637 ns, Reaching safepoint: 76339 ns, At safepoint: 18706 ns, Total: 95045 ns
[2020-02-21T05:44:53.915+0000][1][safepoint    ] Safepoint "RevokeBias", Time since last: 2504265270 ns, Reaching safepoint: 74058 ns, At safepoint: 18209 ns, Total: 92267 ns
[2020-02-21T05:44:56.419+0000][1][safepoint    ] Safepoint "RevokeBias", Time since last: 2503695927 ns, Reaching safepoint: 75361 ns, At safepoint: 18145 ns, Total: 93506 ns
[2020-02-21T05:44:58.922+0000][1][safepoint    ] Safepoint "BulkRevokeBias", Time since last: 2502422623 ns, Reaching safepoint: 94241 ns, At safepoint: 242640 ns, Total: 336881 ns
[2020-02-21T05:45:01.428+0000][1][safepoint    ] Safepoint "RevokeBias", Time since last: 2506129304 ns, Reaching safepoint: 152145 ns, At safepoint: 31130 ns, Total: 183275 ns
[2020-02-21T05:45:03.934+0000][1][safepoint    ] Safepoint "RevokeBias", Time since last: 2505535901 ns, Reaching safepoint: 84769 ns, At safepoint: 18513 ns, Total: 103282 ns
[2020-02-21T05:45:06.447+0000][1][safepoint    ] Safepoint "RevokeBias", Time since last: 2513117333 ns, Reaching safepoint: 204210 ns, At safepoint: 33132 ns, Total: 237342 ns
[2020-02-21T05:45:08.957+0000][1][safepoint    ] Safepoint "RevokeBias", Time since last: 2509662927 ns, Reaching safepoint: 89893 ns, At safepoint: 57586 ns, Total: 147479 ns
[2020-02-21T05:45:11.461+0000][1][safepoint    ] Safepoint "RevokeBias", Time since last: 2504150321 ns, Reaching safepoint: 74671 ns, At safepoint: 18666 ns, Total: 93337 ns
[2020-02-21T05:45:13.964+0000][1][safepoint    ] Safepoint "RevokeBias", Time since last: 2503026882 ns, Reaching safepoint: 73185 ns, At safepoint: 18423 ns, Total: 91608 ns
[2020-02-21T05:45:16.470+0000][1][safepoint    ] Safepoint "RevokeBias", Time since last: 2505583823 ns, Reaching safepoint: 72741 ns, At safepoint: 17459 ns, Total: 90200 ns
[2020-02-21T05:45:17.153+0000][1][gc,start     ] GC(141) Pause Young (Allocation Failure)
[2020-02-21T05:45:17.153+0000][1][gc,task      ] GC(141) Using 1 workers of 1 for evacuation
[2020-02-21T05:45:17.163+0000][1][gc,age       ] GC(141) Desired survivor size 4358144 bytes, new threshold 6 (max threshold 6)
[2020-02-21T05:45:17.163+0000][1][gc,age       ] GC(141) Age table with threshold 6 (max threshold 6)
[2020-02-21T05:45:17.163+0000][1][gc,age       ] GC(141) - age   1:      13248 bytes,      13248 total
[2020-02-21T05:45:17.163+0000][1][gc,age       ] GC(141) - age   3:       1552 bytes,      14800 total
[2020-02-21T05:45:17.163+0000][1][gc,age       ] GC(141) - age   4:       1176 bytes,      15976 total
[2020-02-21T05:45:17.163+0000][1][gc,age       ] GC(141) - age   6:         32 bytes,      16008 total
[2020-02-21T05:45:17.163+0000][1][gc,heap      ] GC(141) ParNew: 68178K->27K(76672K)
[2020-02-21T05:45:17.163+0000][1][gc,heap      ] GC(141) CMS: 62618K->62619K(963392K)
[2020-02-21T05:45:17.163+0000][1][gc,metaspace ] GC(141) Metaspace: 80608K->80608K(1124352K)
[2020-02-21T05:45:17.163+0000][1][gc           ] GC(141) Pause Young (Allocation Failure) 127M->61M(1015M) 10.570ms
[2020-02-21T05:45:17.164+0000][1][gc,cpu       ] GC(141) User=0.01s Sys=0.00s Real=0.01s
[2020-02-21T05:45:17.164+0000][1][safepoint    ] Safepoint "GenCollectForAllocation", Time since last: 683090208 ns, Reaching safepoint: 76257 ns, At safepoint: 10622658 ns, Total: 10698915 ns
[2020-02-21T05:45:18.974+0000][1][safepoint    ] Safepoint "RevokeBias", Time since last: 1810323674 ns, Reaching safepoint: 76305 ns, At safepoint: 18925 ns, Total: 95230 ns
[2020-02-21T05:45:21.477+0000][1][safepoint    ] Safepoint "RevokeBias", Time since last: 2502658880 ns, Reaching safepoint: 184165 ns, At safepoint: 36195 ns, Total: 220360 ns
[2020-02-21T05:45:23.986+0000][1][safepoint    ] Safepoint "RevokeBias", Time since last: 2509039379 ns, Reaching safepoint: 90197 ns, At safepoint: 20334 ns, Total: 110531 ns
[2020-02-21T05:45:26.497+0000][1][safepoint    ] Safepoint "RevokeBias", Time since last: 2510455288 ns, Reaching safepoint: 145820 ns, At safepoint: 48130 ns, Total: 193950 ns
[2020-02-21T05:45:29.000+0000][1][safepoint    ] Safepoint "RevokeBias", Time since last: 2502913831 ns, Reaching safepoint: 73389 ns, At safepoint: 17966 ns, Total: 91355 ns
[2020-02-21T05:45:31.505+0000][1][safepoint    ] Safepoint "RevokeBias", Time since last: 2505482266 ns, Reaching safepoint: 209465 ns, At safepoint: 21635 ns, Total: 231100 ns
[2020-02-21T05:45:34.009+0000][1][safepoint    ] Safepoint "RevokeBias", Time since last: 2503092157 ns, Reaching safepoint: 118299 ns, At safepoint: 19789 ns, Total: 138088 ns
[2020-02-21T05:45:36.512+0000][1][safepoint    ] Safepoint "RevokeBias", Time since last: 2503168980 ns, Reaching safepoint: 77557 ns, At safepoint: 19467 ns, Total: 97024 ns
[2020-02-21T05:45:39.026+0000][1][safepoint    ] Safepoint "RevokeBias", Time since last: 2513602875 ns, Reaching safepoint: 74953 ns, At safepoint: 18572 ns, Total: 93525 ns
[2020-02-21T05:45:41.539+0000][1][safepoint    ] Safepoint "RevokeBias", Time since last: 2513477556 ns, Reaching safepoint: 111072 ns, At safepoint: 27083 ns, Total: 138155 ns
[2020-02-21T05:45:44.049+0000][1][safepoint    ] Safepoint "RevokeBias", Time since last: 2510110844 ns, Reaching safepoint: 72324 ns, At safepoint: 17165 ns, Total: 89489 ns
[2020-02-21T05:45:46.553+0000][1][safepoint    ] Safepoint "RevokeBias", Time since last: 2503467473 ns, Reaching safepoint: 74920 ns, At safepoint: 17431 ns, Total: 92351 ns
[2020-02-21T05:45:49.058+0000][1][safepoint    ] Safepoint "RevokeBias", Time since last: 2504533969 ns, Reaching safepoint: 75097 ns, At safepoint: 17646 ns, Total: 92743 ns
[2020-02-21T05:45:51.560+0000][1][safepoint    ] Safepoint "RevokeBias", Time since last: 2502042157 ns, Reaching safepoint: 83860 ns, At safepoint: 20827 ns, Total: 104687 ns
[2020-02-21T05:45:54.073+0000][1][safepoint    ] Safepoint "RevokeBias", Time since last: 2513507897 ns, Reaching safepoint: 187668 ns, At safepoint: 58239 ns, Total: 245907 ns
[2020-02-21T05:45:56.582+0000][1][safepoint    ] Safepoint "RevokeBias", Time since last: 2508358443 ns, Reaching safepoint: 82882 ns, At safepoint: 20371 ns, Total: 103253 ns
[2020-02-21T05:45:59.086+0000][1][safepoint    ] Safepoint "RevokeBias", Time since last: 2504199803 ns, Reaching safepoint: 74023 ns, At safepoint: 18078 ns, Total: 92101 ns
[2020-02-21T05:46:01.591+0000][1][safepoint    ] Safepoint "RevokeBias", Time since last: 2505183292 ns, Reaching safepoint: 75065 ns, At safepoint: 18156 ns, Total: 93221 ns
[2020-02-21T05:46:04.097+0000][1][safepoint    ] Safepoint "RevokeBias", Time since last: 2504979007 ns, Reaching safepoint: 74479 ns, At safepoint: 17362 ns, Total: 91841 ns
[2020-02-21T05:46:06.600+0000][1][safepoint    ] Safepoint "RevokeBias", Time since last: 2503449545 ns, Reaching safepoint: 76590 ns, At safepoint: 17461 ns, Total: 94051 ns
[2020-02-21T05:46:09.105+0000][1][safepoint    ] Safepoint "RevokeBias", Time since last: 2505280500 ns, Reaching safepoint: 76221 ns, At safepoint: 17748 ns, Total: 93969 ns
[2020-02-21T05:46:11.620+0000][1][safepoint    ] Safepoint "BulkRevokeBias", Time since last: 2514413316 ns, Reaching safepoint: 129631 ns, At safepoint: 501157 ns, Total: 630788 ns
[2020-02-21T05:46:14.129+0000][1][safepoint    ] Safepoint "RevokeBias", Time since last: 2508784960 ns, Reaching safepoint: 73748 ns, At safepoint: 17585 ns, Total: 91333 ns
[2020-02-21T05:46:16.633+0000][1][safepoint    ] Safepoint "RevokeBias", Time since last: 2503462096 ns, Reaching safepoint: 74869 ns, At safepoint: 17558 ns, Total: 92427 ns
[2020-02-21T05:46:19.139+0000][1][safepoint    ] Safepoint "RevokeBias", Time since last: 2506003890 ns, Reaching safepoint: 200617 ns, At safepoint: 21926 ns, Total: 222543 ns
[2020-02-21T05:46:21.643+0000][1][safepoint    ] Safepoint "RevokeBias", Time since last: 2503562961 ns, Reaching safepoint: 71693 ns, At safepoint: 19110 ns, Total: 90803 ns
[2020-02-21T05:46:24.146+0000][1][safepoint    ] Safepoint "RevokeBias", Time since last: 2502887473 ns, Reaching safepoint: 77390 ns, At safepoint: 18986 ns, Total: 96376 ns
[2020-02-21T05:46:26.652+0000][1][safepoint    ] Safepoint "RevokeBias", Time since last: 2505727257 ns, Reaching safepoint: 76148 ns, At safepoint: 17946 ns, Total: 94094 ns
[2020-02-21T05:46:29.161+0000][1][safepoint    ] Safepoint "RevokeBias", Time since last: 2509354280 ns, Reaching safepoint: 73157 ns, At safepoint: 18308 ns, Total: 91465 ns
[2020-02-21T05:46:31.672+0000][1][safepoint    ] Safepoint "RevokeBias", Time since last: 2510910354 ns, Reaching safepoint: 118522 ns, At safepoint: 36895 ns, Total: 155417 ns
[2020-02-21T05:46:34.176+0000][1][safepoint    ] Safepoint "RevokeBias", Time since last: 2504221494 ns, Reaching safepoint: 72414 ns, At safepoint: 18244 ns, Total: 90658 ns
[2020-02-21T05:46:36.679+0000][1][safepoint    ] Safepoint "RevokeBias", Time since last: 2502641670 ns, Reaching safepoint: 72975 ns, At safepoint: 16866 ns, Total: 89841 ns
[2020-02-21T05:46:39.184+0000][1][safepoint    ] Safepoint "RevokeBias", Time since last: 2504727432 ns, Reaching safepoint: 73172 ns, At safepoint: 17783 ns, Total: 90955 ns
[2020-02-21T05:46:41.687+0000][1][safepoint    ] Safepoint "RevokeBias", Time since last: 2503263918 ns, Reaching safepoint: 54773 ns, At safepoint: 15777 ns, Total: 70550 ns
[2020-02-21T05:46:44.191+0000][1][safepoint    ] Safepoint "RevokeBias", Time since last: 2503252294 ns, Reaching safepoint: 75330 ns, At safepoint: 18004 ns, Total: 93334 ns
[2020-02-21T05:46:46.704+0000][1][safepoint    ] Safepoint "RevokeBias", Time since last: 2512975436 ns, Reaching safepoint: 76525 ns, At safepoint: 18048 ns, Total: 94573 ns
[2020-02-21T05:46:49.214+0000][1][safepoint    ] Safepoint "RevokeBias", Time since last: 2509702853 ns, Reaching safepoint: 84510 ns, At safepoint: 21325 ns, Total: 105835 ns
[2020-02-21T05:46:51.716+0000][1][safepoint    ] Safepoint "RevokeBias", Time since last: 2501921045 ns, Reaching safepoint: 87108 ns, At safepoint: 20438 ns, Total: 107546 ns
[2020-02-21T05:46:54.220+0000][1][safepoint    ] Safepoint "RevokeBias", Time since last: 2503945183 ns, Reaching safepoint: 74457 ns, At safepoint: 18403 ns, Total: 92860 ns
[2020-02-21T05:46:56.723+0000][1][safepoint    ] Safepoint "RevokeBias", Time since last: 2502917513 ns, Reaching safepoint: 99509 ns, At safepoint: 19406 ns, Total: 118915 ns
[2020-02-21T05:46:59.231+0000][1][safepoint    ] Safepoint "RevokeBias", Time since last: 2507739684 ns, Reaching safepoint: 119300 ns, At safepoint: 37070 ns, Total: 156370 ns
[2020-02-21T05:47:01.757+0000][1][safepoint    ] Safepoint "RevokeBias", Time since last: 2525012307 ns, Reaching safepoint: 1310044 ns, At safepoint: 24814 ns, Total: 1334858 ns
[2020-02-21T05:47:04.269+0000][1][safepoint    ] Safepoint "RevokeBias", Time since last: 2511806000 ns, Reaching safepoint: 178670 ns, At safepoint: 33181 ns, Total: 211851 ns
[2020-02-21T05:47:06.776+0000][1][safepoint    ] Safepoint "RevokeBias", Time since last: 2507375128 ns, Reaching safepoint: 74034 ns, At safepoint: 17259 ns, Total: 91293 ns
[2020-02-21T05:47:09.280+0000][1][safepoint    ] Safepoint "RevokeBias", Time since last: 2503092077 ns, Reaching safepoint: 72219 ns, At safepoint: 68918 ns, Total: 141137 ns
[2020-02-21T05:47:11.781+0000][1][safepoint    ] Safepoint "RevokeBias", Time since last: 2501525387 ns, Reaching safepoint: 72865 ns, At safepoint: 17816 ns, Total: 90681 ns
[2020-02-21T05:47:14.284+0000][1][safepoint    ] Safepoint "RevokeBias", Time since last: 2502236397 ns, Reaching safepoint: 74757 ns, At safepoint: 17615 ns, Total: 92372 ns
[2020-02-21T05:47:16.801+0000][1][safepoint    ] Safepoint "RevokeBias", Time since last: 2517598170 ns, Reaching safepoint: 115292 ns, At safepoint: 28807 ns, Total: 144099 ns
[2020-02-21T05:47:19.310+0000][1][safepoint    ] Safepoint "RevokeBias", Time since last: 2509043835 ns, Reaching safepoint: 71753 ns, At safepoint: 17900 ns, Total: 89653 ns
[2020-02-21T05:47:21.814+0000][1][safepoint    ] Safepoint "RevokeBias", Time since last: 2503135868 ns, Reaching safepoint: 89373 ns, At safepoint: 20845 ns, Total: 110218 ns
[2020-02-21T05:47:24.319+0000][1][safepoint    ] Safepoint "BulkRevokeBias", Time since last: 2504697757 ns, Reaching safepoint: 82729 ns, At safepoint: 204352 ns, Total: 287081 ns
[2020-02-21T05:47:26.823+0000][1][safepoint    ] Safepoint "RevokeBias", Time since last: 2504550615 ns, Reaching safepoint: 74043 ns, At safepoint: 17418 ns, Total: 91461 ns
[2020-02-21T05:47:29.327+0000][1][safepoint    ] Safepoint "RevokeBias", Time since last: 2503298633 ns, Reaching safepoint: 75894 ns, At safepoint: 17552 ns, Total: 93446 ns
[2020-02-21T05:47:31.839+0000][1][safepoint    ] Safepoint "RevokeBias", Time since last: 2512597895 ns, Reaching safepoint: 73105 ns, At safepoint: 18094 ns, Total: 91199 ns
[2020-02-21T05:47:34.365+0000][1][safepoint    ] Safepoint "RevokeBias", Time since last: 2525055220 ns, Reaching safepoint: 73637 ns, At safepoint: 17748 ns, Total: 91385 ns
[2020-02-21T05:47:36.878+0000][1][safepoint    ] Safepoint "RevokeBias", Time since last: 2513703757 ns, Reaching safepoint: 125154 ns, At safepoint: 20624 ns, Total: 145778 ns
[2020-02-21T05:47:37.257+0000][1][gc,start     ] GC(142) Pause Young (Allocation Failure)
[2020-02-21T05:47:37.257+0000][1][gc,task      ] GC(142) Using 1 workers of 1 for evacuation
[2020-02-21T05:47:37.267+0000][1][gc,age       ] GC(142) Desired survivor size 4358144 bytes, new threshold 6 (max threshold 6)
[2020-02-21T05:47:37.267+0000][1][gc,age       ] GC(142) Age table with threshold 6 (max threshold 6)
[2020-02-21T05:47:37.267+0000][1][gc,age       ] GC(142) - age   1:      12952 bytes,      12952 total
[2020-02-21T05:47:37.267+0000][1][gc,age       ] GC(142) - age   2:        264 bytes,      13216 total
[2020-02-21T05:47:37.267+0000][1][gc,age       ] GC(142) - age   4:       1552 bytes,      14768 total
[2020-02-21T05:47:37.267+0000][1][gc,age       ] GC(142) - age   5:       1176 bytes,      15944 total
[2020-02-21T05:47:37.267+0000][1][gc,heap      ] GC(142) ParNew: 68187K->18K(76672K)
[2020-02-21T05:47:37.267+0000][1][gc,heap      ] GC(142) CMS: 62619K->62619K(963392K)
[2020-02-21T05:47:37.268+0000][1][gc,metaspace ] GC(142) Metaspace: 80608K->80608K(1124352K)
[2020-02-21T05:47:37.268+0000][1][gc           ] GC(142) Pause Young (Allocation Failure) 127M->61M(1015M) 10.903ms
[2020-02-21T05:47:37.268+0000][1][gc,cpu       ] GC(142) User=0.01s Sys=0.00s Real=0.01s
[2020-02-21T05:47:37.268+0000][1][safepoint    ] Safepoint "GenCollectForAllocation", Time since last: 378235833 ns, Reaching safepoint: 77203 ns, At safepoint: 10955596 ns, Total: 11032799 ns
[2020-02-21T05:47:39.382+0000][1][safepoint    ] Safepoint "RevokeBias", Time since last: 2114562475 ns, Reaching safepoint: 89668 ns, At safepoint: 18539 ns, Total: 108207 ns
[2020-02-21T05:47:41.886+0000][1][safepoint    ] Safepoint "RevokeBias", Time since last: 2503904289 ns, Reaching safepoint: 73525 ns, At safepoint: 17719 ns, Total: 91244 ns
[2020-02-21T05:47:44.388+0000][1][safepoint    ] Safepoint "RevokeBias", Time since last: 2501998712 ns, Reaching safepoint: 74856 ns, At safepoint: 17939 ns, Total: 92795 ns
[2020-02-21T05:47:46.894+0000][1][safepoint    ] Safepoint "RevokeBias", Time since last: 2505428986 ns, Reaching safepoint: 74284 ns, At safepoint: 18343 ns, Total: 92627 ns
[2020-02-21T05:47:49.399+0000][1][safepoint    ] Safepoint "RevokeBias", Time since last: 2504826403 ns, Reaching safepoint: 73969 ns, At safepoint: 18065 ns, Total: 92034 ns
[2020-02-21T05:47:51.920+0000][1][safepoint    ] Safepoint "RevokeBias", Time since last: 2521179742 ns, Reaching safepoint: 138562 ns, At safepoint: 102588 ns, Total: 241150 ns
[2020-02-21T05:47:54.433+0000][1][safepoint    ] Safepoint "RevokeBias", Time since last: 2512328710 ns, Reaching safepoint: 75362 ns, At safepoint: 18293 ns, Total: 93655 ns
[2020-02-21T05:47:56.938+0000][1][safepoint    ] Safepoint "RevokeBias", Time since last: 2505578100 ns, Reaching safepoint: 57604 ns, At safepoint: 16070 ns, Total: 73674 ns
[2020-02-21T05:47:59.441+0000][1][safepoint    ] Safepoint "RevokeBias", Time since last: 2502975694 ns, Reaching safepoint: 73313 ns, At safepoint: 17545 ns, Total: 90858 ns
[2020-02-21T05:48:01.947+0000][1][safepoint    ] Safepoint "RevokeBias", Time since last: 2505959986 ns, Reaching safepoint: 89848 ns, At safepoint: 18388 ns, Total: 108236 ns
[2020-02-21T05:48:04.452+0000][1][safepoint    ] Safepoint "RevokeBias", Time since last: 2504112723 ns, Reaching safepoint: 74213 ns, At safepoint: 17893 ns, Total: 92106 ns
[2020-02-21T05:48:06.956+0000][1][safepoint    ] Safepoint "RevokeBias", Time since last: 2504080982 ns, Reaching safepoint: 111569 ns, At safepoint: 31897 ns, Total: 143466 ns
[2020-02-21T05:48:09.474+0000][1][safepoint    ] Safepoint "RevokeBias", Time since last: 2517784068 ns, Reaching safepoint: 56116 ns, At safepoint: 16820 ns, Total: 72936 ns
[2020-02-21T05:48:11.981+0000][1][safepoint    ] Safepoint "RevokeBias", Time since last: 2506867325 ns, Reaching safepoint: 148603 ns, At safepoint: 35226 ns, Total: 183829 ns
[2020-02-21T05:48:14.483+0000][1][safepoint    ] Safepoint "RevokeBias", Time since last: 2502552911 ns, Reaching safepoint: 74419 ns, At safepoint: 18571 ns, Total: 92990 ns
[2020-02-21T05:48:16.986+0000][1][safepoint    ] Safepoint "RevokeBias", Time since last: 2502583817 ns, Reaching safepoint: 74859 ns, At safepoint: 18755 ns, Total: 93614 ns
[2020-02-21T05:48:19.491+0000][1][safepoint    ] Safepoint "RevokeBias", Time since last: 2505143755 ns, Reaching safepoint: 72676 ns, At safepoint: 17905 ns, Total: 90581 ns
[2020-02-21T05:48:22.008+0000][1][safepoint    ] Safepoint "RevokeBias", Time since last: 2516544185 ns, Reaching safepoint: 90298 ns, At safepoint: 21211 ns, Total: 111509 ns
[2020-02-21T05:48:24.518+0000][1][safepoint    ] Safepoint "RevokeBias", Time since last: 2509816277 ns, Reaching safepoint: 74018 ns, At safepoint: 18194 ns, Total: 92212 ns
[2020-02-21T05:48:27.030+0000][1][safepoint    ] Safepoint "RevokeBias", Time since last: 2511811378 ns, Reaching safepoint: 104231 ns, At safepoint: 36404 ns, Total: 140635 ns
[2020-02-21T05:48:29.540+0000][1][safepoint    ] Safepoint "RevokeBias", Time since last: 2509966411 ns, Reaching safepoint: 73012 ns, At safepoint: 20032 ns, Total: 93044 ns
[2020-02-21T05:48:32.044+0000][1][safepoint    ] Safepoint "RevokeBias", Time since last: 2503997378 ns, Reaching safepoint: 72436 ns, At safepoint: 18343 ns, Total: 90779 ns
[2020-02-21T05:48:34.549+0000][1][safepoint    ] Safepoint "RevokeBias", Time since last: 2504812128 ns, Reaching safepoint: 77481 ns, At safepoint: 18421 ns, Total: 95902 ns
[2020-02-21T05:48:37.053+0000][1][safepoint    ] Safepoint "BulkRevokeBias", Time since last: 2503941566 ns, Reaching safepoint: 83450 ns, At safepoint: 267648 ns, Total: 351098 ns
[2020-02-21T05:48:39.571+0000][1][safepoint    ] Safepoint "RevokeBias", Time since last: 2517762811 ns, Reaching safepoint: 143993 ns, At safepoint: 35233 ns, Total: 179226 ns
[2020-02-21T05:48:42.081+0000][1][safepoint    ] Safepoint "RevokeBias", Time since last: 2509402264 ns, Reaching safepoint: 136865 ns, At safepoint: 18611 ns, Total: 155476 ns
[2020-02-21T05:48:44.585+0000][1][safepoint    ] Safepoint "RevokeBias", Time since last: 2503764784 ns, Reaching safepoint: 74646 ns, At safepoint: 18131 ns, Total: 92777 ns
[2020-02-21T05:48:47.091+0000][1][safepoint    ] Safepoint "RevokeBias", Time since last: 2506029078 ns, Reaching safepoint: 74862 ns, At safepoint: 18317 ns, Total: 93179 ns
[2020-02-21T05:48:49.595+0000][1][safepoint    ] Safepoint "RevokeBias", Time since last: 2504573298 ns, Reaching safepoint: 74299 ns, At safepoint: 17851 ns, Total: 92150 ns
[2020-02-21T05:48:52.097+0000][1][safepoint    ] Safepoint "RevokeBias", Time since last: 2501906707 ns, Reaching safepoint: 99387 ns, At safepoint: 23311 ns, Total: 122698 ns
[2020-02-21T05:48:54.603+0000][1][safepoint    ] Safepoint "RevokeBias", Time since last: 2505198522 ns, Reaching safepoint: 83843 ns, At safepoint: 20948 ns, Total: 104791 ns
[2020-02-21T05:48:57.119+0000][1][safepoint    ] Safepoint "RevokeBias", Time since last: 2516414735 ns, Reaching safepoint: 96759 ns, At safepoint: 25961 ns, Total: 122720 ns
[2020-02-21T05:48:59.631+0000][1][safepoint    ] Safepoint "RevokeBias", Time since last: 2511781279 ns, Reaching safepoint: 113425 ns, At safepoint: 27646 ns, Total: 141071 ns
[2020-02-21T05:49:02.137+0000][1][safepoint    ] Safepoint "RevokeBias", Time since last: 2505419776 ns, Reaching safepoint: 120919 ns, At safepoint: 25918 ns, Total: 146837 ns
[2020-02-21T05:49:04.640+0000][1][safepoint    ] Safepoint "RevokeBias", Time since last: 2503480705 ns, Reaching safepoint: 73788 ns, At safepoint: 18141 ns, Total: 91929 ns
[2020-02-21T05:49:07.143+0000][1][safepoint    ] Safepoint "RevokeBias", Time since last: 2502844363 ns, Reaching safepoint: 73658 ns, At safepoint: 17057 ns, Total: 90715 ns
[2020-02-21T05:49:09.646+0000][1][safepoint    ] Safepoint "RevokeBias", Time since last: 2502658447 ns, Reaching safepoint: 85910 ns, At safepoint: 20939 ns, Total: 106849 ns
[2020-02-21T05:49:12.149+0000][1][safepoint    ] Safepoint "RevokeBias", Time since last: 2502571039 ns, Reaching safepoint: 72615 ns, At safepoint: 50524 ns, Total: 123139 ns
[2020-02-21T05:49:14.666+0000][1][safepoint    ] Safepoint "RevokeBias", Time since last: 2516885577 ns, Reaching safepoint: 74315 ns, At safepoint: 18856 ns, Total: 93171 ns
[2020-02-21T05:49:17.179+0000][1][safepoint    ] Safepoint "RevokeBias", Time since last: 2512918253 ns, Reaching safepoint: 73083 ns, At safepoint: 16985 ns, Total: 90068 ns
[2020-02-21T05:49:19.681+0000][1][safepoint    ] Safepoint "RevokeBias", Time since last: 2502047557 ns, Reaching safepoint: 72607 ns, At safepoint: 17225 ns, Total: 89832 ns
[2020-02-21T05:49:22.182+0000][1][safepoint    ] Safepoint "RevokeBias", Time since last: 2500729318 ns, Reaching safepoint: 84848 ns, At safepoint: 21078 ns, Total: 105926 ns
[2020-02-21T05:49:24.688+0000][1][safepoint    ] Safepoint "RevokeBias", Time since last: 2506393481 ns, Reaching safepoint: 113420 ns, At safepoint: 27912 ns, Total: 141332 ns
[2020-02-21T05:49:26.518+0000][1][safepoint    ] Safepoint "Cleanup", Time since last: 1829713981 ns, Reaching safepoint: 122114 ns, At safepoint: 6224 ns, Total: 128338 ns
[2020-02-21T05:49:27.195+0000][1][safepoint    ] Safepoint "RevokeBias", Time since last: 677213900 ns, Reaching safepoint: 80754 ns, At safepoint: 19871 ns, Total: 100625 ns
[2020-02-21T05:49:29.699+0000][1][safepoint    ] Safepoint "RevokeBias", Time since last: 2503373719 ns, Reaching safepoint: 77027 ns, At safepoint: 18367 ns, Total: 95394 ns
[2020-02-21T05:49:32.217+0000][1][safepoint    ] Safepoint "RevokeBias", Time since last: 2518312394 ns, Reaching safepoint: 91529 ns, At safepoint: 21809 ns, Total: 113338 ns
[2020-02-21T05:49:34.727+0000][1][safepoint    ] Safepoint "RevokeBias", Time since last: 2509660249 ns, Reaching safepoint: 75390 ns, At safepoint: 17873 ns, Total: 93263 ns
[2020-02-21T05:49:37.230+0000][1][safepoint    ] Safepoint "RevokeBias", Time since last: 2503157535 ns, Reaching safepoint: 72547 ns, At safepoint: 17614 ns, Total: 90161 ns
[2020-02-21T05:49:39.735+0000][1][safepoint    ] Safepoint "RevokeBias", Time since last: 2504290532 ns, Reaching safepoint: 71228 ns, At safepoint: 17427 ns, Total: 88655 ns
[2020-02-21T05:49:42.238+0000][1][safepoint    ] Safepoint "RevokeBias", Time since last: 2503644393 ns, Reaching safepoint: 75647 ns, At safepoint: 17465 ns, Total: 93112 ns
[2020-02-21T05:49:44.742+0000][1][safepoint    ] Safepoint "RevokeBias", Time since last: 2503054391 ns, Reaching safepoint: 131552 ns, At safepoint: 27528 ns, Total: 159080 ns
[2020-02-21T05:49:47.248+0000][1][safepoint    ] Safepoint "RevokeBias", Time since last: 2506394124 ns, Reaching safepoint: 114537 ns, At safepoint: 28932 ns, Total: 143469 ns
[2020-02-21T05:49:49.762+0000][1][safepoint    ] Safepoint "BulkRevokeBias", Time since last: 2513095999 ns, Reaching safepoint: 56008 ns, At safepoint: 238135 ns, Total: 294143 ns
[2020-02-21T05:49:52.275+0000][1][safepoint    ] Safepoint "RevokeBias", Time since last: 2513668798 ns, Reaching safepoint: 74833 ns, At safepoint: 18008 ns, Total: 92841 ns
[2020-02-21T05:49:54.781+0000][1][safepoint    ] Safepoint "RevokeBias", Time since last: 2505946306 ns, Reaching safepoint: 136190 ns, At safepoint: 37073 ns, Total: 173263 ns
[2020-02-21T05:49:57.286+0000][1][safepoint    ] Safepoint "RevokeBias", Time since last: 2504600256 ns, Reaching safepoint: 74271 ns, At safepoint: 18640 ns, Total: 92911 ns
[2020-02-21T05:49:58.807+0000][1][gc,start     ] GC(143) Pause Young (Allocation Failure)
[2020-02-21T05:49:58.808+0000][1][gc,task      ] GC(143) Using 1 workers of 1 for evacuation
[2020-02-21T05:49:58.818+0000][1][gc,age       ] GC(143) Desired survivor size 4358144 bytes, new threshold 6 (max threshold 6)
[2020-02-21T05:49:58.819+0000][1][gc,age       ] GC(143) Age table with threshold 6 (max threshold 6)
[2020-02-21T05:49:58.819+0000][1][gc,age       ] GC(143) - age   1:      11536 bytes,      11536 total
[2020-02-21T05:49:58.819+0000][1][gc,age       ] GC(143) - age   2:        120 bytes,      11656 total
[2020-02-21T05:49:58.819+0000][1][gc,age       ] GC(143) - age   3:        264 bytes,      11920 total
[2020-02-21T05:49:58.819+0000][1][gc,age       ] GC(143) - age   5:       1552 bytes,      13472 total
[2020-02-21T05:49:58.819+0000][1][gc,age       ] GC(143) - age   6:       1176 bytes,      14648 total
[2020-02-21T05:49:58.819+0000][1][gc,heap      ] GC(143) ParNew: 68178K->27K(76672K)
[2020-02-21T05:49:58.819+0000][1][gc,heap      ] GC(143) CMS: 62619K->62619K(963392K)
[2020-02-21T05:49:58.819+0000][1][gc,metaspace ] GC(143) Metaspace: 80608K->80608K(1124352K)
[2020-02-21T05:49:58.819+0000][1][gc           ] GC(143) Pause Young (Allocation Failure) 127M->61M(1015M) 11.357ms
[2020-02-21T05:49:58.819+0000][1][gc,cpu       ] GC(143) User=0.02s Sys=0.00s Real=0.01s
[2020-02-21T05:49:58.819+0000][1][safepoint    ] Safepoint "GenCollectForAllocation", Time since last: 1521126393 ns, Reaching safepoint: 73876 ns, At safepoint: 11408782 ns, Total: 11482658 ns
[2020-02-21T05:49:59.790+0000][1][safepoint    ] Safepoint "RevokeBias", Time since last: 970932368 ns, Reaching safepoint: 167820 ns, At safepoint: 21714 ns, Total: 189534 ns
[2020-02-21T05:50:02.305+0000][1][safepoint    ] Safepoint "RevokeBias", Time since last: 2514968533 ns, Reaching safepoint: 88817 ns, At safepoint: 19835 ns, Total: 108652 ns
[2020-02-21T05:50:04.816+0000][1][safepoint    ] Safepoint "RevokeBias", Time since last: 2510763693 ns, Reaching safepoint: 74205 ns, At safepoint: 17798 ns, Total: 92003 ns
[2020-02-21T05:50:07.318+0000][1][safepoint    ] Safepoint "RevokeBias", Time since last: 2502147672 ns, Reaching safepoint: 74691 ns, At safepoint: 19216 ns, Total: 93907 ns
[2020-02-21T05:50:09.823+0000][1][safepoint    ] Safepoint "RevokeBias", Time since last: 2504810762 ns, Reaching safepoint: 94079 ns, At safepoint: 23262 ns, Total: 117341 ns
[2020-02-21T05:50:12.326+0000][1][safepoint    ] Safepoint "RevokeBias", Time since last: 2503218455 ns, Reaching safepoint: 90446 ns, At safepoint: 20868 ns, Total: 111314 ns
[2020-02-21T05:50:14.828+0000][1][safepoint    ] Safepoint "RevokeBias", Time since last: 2501368784 ns, Reaching safepoint: 75820 ns, At safepoint: 18155 ns, Total: 93975 ns
[2020-02-21T05:50:17.333+0000][1][safepoint    ] Safepoint "RevokeBias", Time since last: 2505083811 ns, Reaching safepoint: 75194 ns, At safepoint: 18546 ns, Total: 93740 ns
[2020-02-21T05:50:19.846+0000][1][safepoint    ] Safepoint "RevokeBias", Time since last: 2512547508 ns, Reaching safepoint: 73092 ns, At safepoint: 16925 ns, Total: 90017 ns
[2020-02-21T05:50:22.353+0000][1][safepoint    ] Safepoint "RevokeBias", Time since last: 2507496492 ns, Reaching safepoint: 77890 ns, At safepoint: 18680 ns, Total: 96570 ns
[2020-02-21T05:50:24.858+0000][1][safepoint    ] Safepoint "RevokeBias", Time since last: 2504472106 ns, Reaching safepoint: 226182 ns, At safepoint: 29665 ns, Total: 255847 ns
[2020-02-21T05:50:27.364+0000][1][safepoint    ] Safepoint "RevokeBias", Time since last: 2506449623 ns, Reaching safepoint: 81919 ns, At safepoint: 19766 ns, Total: 101685 ns
[2020-02-21T05:50:29.867+0000][1][safepoint    ] Safepoint "RevokeBias", Time since last: 2502397617 ns, Reaching safepoint: 73377 ns, At safepoint: 17588 ns, Total: 90965 ns
[2020-02-21T05:50:32.372+0000][1][safepoint    ] Safepoint "RevokeBias", Time since last: 2505389758 ns, Reaching safepoint: 74735 ns, At safepoint: 18169 ns, Total: 92904 ns
[2020-02-21T05:50:34.877+0000][1][safepoint    ] Safepoint "RevokeBias", Time since last: 2504453365 ns, Reaching safepoint: 161814 ns, At safepoint: 21298 ns, Total: 183112 ns
[2020-02-21T05:50:37.387+0000][1][safepoint    ] Safepoint "RevokeBias", Time since last: 2509715593 ns, Reaching safepoint: 78727 ns, At safepoint: 18436 ns, Total: 97163 ns
[2020-02-21T05:50:39.900+0000][1][safepoint    ] Safepoint "RevokeBias", Time since last: 2513079515 ns, Reaching safepoint: 75777 ns, At safepoint: 18811 ns, Total: 94588 ns
[2020-02-21T05:50:42.404+0000][1][safepoint    ] Safepoint "RevokeBias", Time since last: 2503569983 ns, Reaching safepoint: 104979 ns, At safepoint: 22382 ns, Total: 127361 ns
[2020-02-21T05:50:44.906+0000][1][safepoint    ] Safepoint "RevokeBias", Time since last: 2502531425 ns, Reaching safepoint: 72938 ns, At safepoint: 17262 ns, Total: 90200 ns
[2020-02-21T05:50:47.411+0000][1][safepoint    ] Safepoint "RevokeBias", Time since last: 2504474827 ns, Reaching safepoint: 71343 ns, At safepoint: 17246 ns, Total: 88589 ns
[2020-02-21T05:50:49.924+0000][1][safepoint    ] Safepoint "RevokeBias", Time since last: 2512717263 ns, Reaching safepoint: 72568 ns, At safepoint: 17229 ns, Total: 89797 ns
[2020-02-21T05:50:52.431+0000][1][safepoint    ] Safepoint "RevokeBias", Time since last: 2507114660 ns, Reaching safepoint: 71228 ns, At safepoint: 17057 ns, Total: 88285 ns
[2020-02-21T05:50:54.937+0000][1][safepoint    ] Safepoint "RevokeBias", Time since last: 2506043881 ns, Reaching safepoint: 127183 ns, At safepoint: 59434 ns, Total: 186617 ns
[2020-02-21T05:50:57.443+0000][1][safepoint    ] Safepoint "RevokeBias", Time since last: 2506132209 ns, Reaching safepoint: 89135 ns, At safepoint: 20544 ns, Total: 109679 ns
[2020-02-21T05:50:59.944+0000][1][safepoint    ] Safepoint "RevokeBias", Time since last: 2501003934 ns, Reaching safepoint: 73945 ns, At safepoint: 18362 ns, Total: 92307 ns
[2020-02-21T05:51:02.463+0000][1][safepoint    ] Safepoint "BulkRevokeBias", Time since last: 2518634580 ns, Reaching safepoint: 72281 ns, At safepoint: 232703 ns, Total: 304984 ns
[2020-02-21T05:51:04.976+0000][1][safepoint    ] Safepoint "RevokeBias", Time since last: 2512223406 ns, Reaching safepoint: 74793 ns, At safepoint: 18103 ns, Total: 92896 ns
[2020-02-21T05:51:07.533+0000][1][safepoint    ] Safepoint "RevokeBias", Time since last: 2557050357 ns, Reaching safepoint: 77587 ns, At safepoint: 18747 ns, Total: 96334 ns
[2020-02-21T05:51:10.038+0000][1][safepoint    ] Safepoint "RevokeBias", Time since last: 2505037649 ns, Reaching safepoint: 72964 ns, At safepoint: 17624 ns, Total: 90588 ns
[2020-02-21T05:51:12.553+0000][1][safepoint    ] Safepoint "RevokeBias", Time since last: 2515330755 ns, Reaching safepoint: 74862 ns, At safepoint: 17845 ns, Total: 92707 ns
[2020-02-21T05:51:15.072+0000][1][safepoint    ] Safepoint "RevokeBias", Time since last: 2518531574 ns, Reaching safepoint: 74124 ns, At safepoint: 17928 ns, Total: 92052 ns
[2020-02-21T05:51:16.106+0000][1][safepoint    ] Safepoint "Cleanup", Time since last: 1034151479 ns, Reaching safepoint: 98658 ns, At safepoint: 10081 ns, Total: 108739 ns
[2020-02-21T05:51:17.581+0000][1][safepoint    ] Safepoint "RevokeBias", Time since last: 1475019104 ns, Reaching safepoint: 55385 ns, At safepoint: 16607 ns, Total: 71992 ns
[2020-02-21T05:51:20.096+0000][1][safepoint    ] Safepoint "RevokeBias", Time since last: 2514530903 ns, Reaching safepoint: 71906 ns, At safepoint: 17815 ns, Total: 89721 ns
[2020-02-21T05:51:22.602+0000][1][safepoint    ] Safepoint "RevokeBias", Time since last: 2505789852 ns, Reaching safepoint: 126170 ns, At safepoint: 21230 ns, Total: 147400 ns
[2020-02-21T05:51:25.106+0000][1][safepoint    ] Safepoint "RevokeBias", Time since last: 2503670739 ns, Reaching safepoint: 73882 ns, At safepoint: 18648 ns, Total: 92530 ns
[2020-02-21T05:51:27.662+0000][1][safepoint    ] Safepoint "RevokeBias", Time since last: 2555963585 ns, Reaching safepoint: 196541 ns, At safepoint: 62104 ns, Total: 258645 ns
[2020-02-21T05:51:30.187+0000][1][safepoint    ] Safepoint "RevokeBias", Time since last: 2524706393 ns, Reaching safepoint: 73011 ns, At safepoint: 17755 ns, Total: 90766 ns
[2020-02-21T05:51:32.739+0000][1][safepoint    ] Safepoint "RevokeBias", Time since last: 2552049836 ns, Reaching safepoint: 69553 ns, At safepoint: 17141 ns, Total: 86694 ns
[2020-02-21T05:51:35.256+0000][1][safepoint    ] Safepoint "RevokeBias", Time since last: 2516781965 ns, Reaching safepoint: 74485 ns, At safepoint: 17547 ns, Total: 92032 ns
[2020-02-21T05:51:37.771+0000][1][safepoint    ] Safepoint "RevokeBias", Time since last: 2515088990 ns, Reaching safepoint: 98747 ns, At safepoint: 27619 ns, Total: 126366 ns
[2020-02-21T05:51:40.281+0000][1][safepoint    ] Safepoint "RevokeBias", Time since last: 2509503057 ns, Reaching safepoint: 71265 ns, At safepoint: 17284 ns, Total: 88549 ns
[2020-02-21T05:51:42.784+0000][1][safepoint    ] Safepoint "RevokeBias", Time since last: 2502901550 ns, Reaching safepoint: 90091 ns, At safepoint: 18353 ns, Total: 108444 ns
[2020-02-21T05:51:45.286+0000][1][safepoint    ] Safepoint "RevokeBias", Time since last: 2502808858 ns, Reaching safepoint: 75572 ns, At safepoint: 18734 ns, Total: 94306 ns
[2020-02-21T05:51:47.791+0000][1][safepoint    ] Safepoint "RevokeBias", Time since last: 2504158542 ns, Reaching safepoint: 134896 ns, At safepoint: 27933 ns, Total: 162829 ns
[2020-02-21T05:51:50.294+0000][1][safepoint    ] Safepoint "RevokeBias", Time since last: 2503488426 ns, Reaching safepoint: 85024 ns, At safepoint: 20593 ns, Total: 105617 ns
[2020-02-21T05:51:52.797+0000][1][safepoint    ] Safepoint "RevokeBias", Time since last: 2502588770 ns, Reaching safepoint: 110575 ns, At safepoint: 18971 ns, Total: 129546 ns
[2020-02-21T05:51:55.307+0000][1][safepoint    ] Safepoint "RevokeBias", Time since last: 2509816063 ns, Reaching safepoint: 55503 ns, At safepoint: 15865 ns, Total: 71368 ns
[2020-02-21T05:51:57.819+0000][1][safepoint    ] Safepoint "RevokeBias", Time since last: 2512133554 ns, Reaching safepoint: 89311 ns, At safepoint: 20112 ns, Total: 109423 ns
[2020-02-21T05:52:00.322+0000][1][safepoint    ] Safepoint "RevokeBias", Time since last: 2502636021 ns, Reaching safepoint: 76059 ns, At safepoint: 18845 ns, Total: 94904 ns
[2020-02-21T05:52:02.828+0000][1][safepoint    ] Safepoint "RevokeBias", Time since last: 2505679735 ns, Reaching safepoint: 75407 ns, At safepoint: 18336 ns, Total: 93743 ns
[2020-02-21T05:52:05.332+0000][1][safepoint    ] Safepoint "RevokeBias", Time since last: 2504236109 ns, Reaching safepoint: 74232 ns, At safepoint: 18127 ns, Total: 92359 ns
[2020-02-21T05:52:07.850+0000][1][safepoint    ] Safepoint "RevokeBias", Time since last: 2517840167 ns, Reaching safepoint: 100820 ns, At safepoint: 18950 ns, Total: 119770 ns
[2020-02-21T05:52:10.358+0000][1][safepoint    ] Safepoint "RevokeBias", Time since last: 2508196804 ns, Reaching safepoint: 73531 ns, At safepoint: 18272 ns, Total: 91803 ns
[2020-02-21T05:52:12.860+0000][1][safepoint    ] Safepoint "RevokeBias", Time since last: 2501759208 ns, Reaching safepoint: 71595 ns, At safepoint: 18130 ns, Total: 89725 ns
[2020-02-21T05:52:15.362+0000][1][safepoint    ] Safepoint "BulkRevokeBias", Time since last: 2501699669 ns, Reaching safepoint: 209174 ns, At safepoint: 264744 ns, Total: 473918 ns
[2020-02-21T05:52:17.868+0000][1][gc,start     ] GC(144) Pause Young (Allocation Failure)
[2020-02-21T05:52:17.868+0000][1][gc,task      ] GC(144) Using 1 workers of 1 for evacuation
[2020-02-21T05:52:17.879+0000][1][gc,age       ] GC(144) Desired survivor size 4358144 bytes, new threshold 6 (max threshold 6)
[2020-02-21T05:52:17.879+0000][1][gc,age       ] GC(144) Age table with threshold 6 (max threshold 6)
[2020-02-21T05:52:17.879+0000][1][gc,age       ] GC(144) - age   1:      11984 bytes,      11984 total
[2020-02-21T05:52:17.879+0000][1][gc,age       ] GC(144) - age   4:        264 bytes,      12248 total
[2020-02-21T05:52:17.879+0000][1][gc,age       ] GC(144) - age   6:       1552 bytes,      13800 total
[2020-02-21T05:52:17.879+0000][1][gc,heap      ] GC(144) ParNew: 68187K->17K(76672K)
[2020-02-21T05:52:17.879+0000][1][gc,heap      ] GC(144) CMS: 62619K->62620K(963392K)
[2020-02-21T05:52:17.879+0000][1][gc,metaspace ] GC(144) Metaspace: 80608K->80608K(1124352K)
[2020-02-21T05:52:17.879+0000][1][gc           ] GC(144) Pause Young (Allocation Failure) 127M->61M(1015M) 11.300ms
[2020-02-21T05:52:17.879+0000][1][gc,cpu       ] GC(144) User=0.01s Sys=0.00s Real=0.01s
[2020-02-21T05:52:17.879+0000][1][safepoint    ] Safepoint "GenCollectForAllocation", Time since last: 2505326112 ns, Reaching safepoint: 77115 ns, At safepoint: 11354146 ns, Total: 11431261 ns
[2020-02-21T05:52:17.880+0000][1][safepoint    ] Safepoint "RevokeBias", Time since last: 1045326 ns, Reaching safepoint: 66117 ns, At safepoint: 16233 ns, Total: 82350 ns
[2020-02-21T05:52:20.384+0000][1][safepoint    ] Safepoint "RevokeBias", Time since last: 2503950194 ns, Reaching safepoint: 75316 ns, At safepoint: 17922 ns, Total: 93238 ns
[2020-02-21T05:52:22.888+0000][1][safepoint    ] Safepoint "RevokeBias", Time since last: 2503453926 ns, Reaching safepoint: 74428 ns, At safepoint: 18591 ns, Total: 93019 ns
[2020-02-21T05:52:25.403+0000][1][safepoint    ] Safepoint "RevokeBias", Time since last: 2514890636 ns, Reaching safepoint: 72423 ns, At safepoint: 17494 ns, Total: 89917 ns
[2020-02-21T05:52:27.912+0000][1][safepoint    ] Safepoint "RevokeBias", Time since last: 2509082851 ns, Reaching safepoint: 90685 ns, At safepoint: 20887 ns, Total: 111572 ns
[2020-02-21T05:52:30.416+0000][1][safepoint    ] Safepoint "RevokeBias", Time since last: 2503420114 ns, Reaching safepoint: 126026 ns, At safepoint: 37727 ns, Total: 163753 ns
[2020-02-21T05:52:32.920+0000][1][safepoint    ] Safepoint "RevokeBias", Time since last: 2504019941 ns, Reaching safepoint: 74176 ns, At safepoint: 18092 ns, Total: 92268 ns
[2020-02-21T05:52:35.423+0000][1][safepoint    ] Safepoint "RevokeBias", Time since last: 2503535306 ns, Reaching safepoint: 71171 ns, At safepoint: 17374 ns, Total: 88545 ns
[2020-02-21T05:52:37.927+0000][1][safepoint    ] Safepoint "RevokeBias", Time since last: 2503436215 ns, Reaching safepoint: 85655 ns, At safepoint: 20711 ns, Total: 106366 ns
[2020-02-21T05:52:40.433+0000][1][safepoint    ] Safepoint "RevokeBias", Time since last: 2506096341 ns, Reaching safepoint: 109456 ns, At safepoint: 27774 ns, Total: 137230 ns
[2020-02-21T05:52:42.945+0000][1][safepoint    ] Safepoint "RevokeBias", Time since last: 2511624768 ns, Reaching safepoint: 70364 ns, At safepoint: 17052 ns, Total: 87416 ns
[2020-02-21T05:52:45.458+0000][1][safepoint    ] Safepoint "RevokeBias", Time since last: 2513369092 ns, Reaching safepoint: 72057 ns, At safepoint: 18015 ns, Total: 90072 ns
[2020-02-21T05:52:47.964+0000][1][safepoint    ] Safepoint "RevokeBias", Time since last: 2505624401 ns, Reaching safepoint: 73079 ns, At safepoint: 17871 ns, Total: 90950 ns
[2020-02-21T05:52:50.467+0000][1][safepoint    ] Safepoint "RevokeBias", Time since last: 2503146993 ns, Reaching safepoint: 84539 ns, At safepoint: 20936 ns, Total: 105475 ns
[2020-02-21T05:52:52.970+0000][1][safepoint    ] Safepoint "RevokeBias", Time since last: 2503022704 ns, Reaching safepoint: 175762 ns, At safepoint: 25457 ns, Total: 201219 ns
[2020-02-21T05:52:55.474+0000][1][safepoint    ] Safepoint "RevokeBias", Time since last: 2503846311 ns, Reaching safepoint: 131035 ns, At safepoint: 28381 ns, Total: 159416 ns
[2020-02-21T05:52:57.980+0000][1][safepoint    ] Safepoint "RevokeBias", Time since last: 2505614449 ns, Reaching safepoint: 89014 ns, At safepoint: 20814 ns, Total: 109828 ns
[2020-02-21T05:53:00.494+0000][1][safepoint    ] Safepoint "RevokeBias", Time since last: 2514151356 ns, Reaching safepoint: 72495 ns, At safepoint: 17731 ns, Total: 90226 ns
[2020-02-21T05:53:03.007+0000][1][safepoint    ] Safepoint "RevokeBias", Time since last: 2511979062 ns, Reaching safepoint: 128227 ns, At safepoint: 42162 ns, Total: 170389 ns
[2020-02-21T05:53:05.512+0000][1][safepoint    ] Safepoint "RevokeBias", Time since last: 2505668271 ns, Reaching safepoint: 114045 ns, At safepoint: 30275 ns, Total: 144320 ns
[2020-02-21T05:53:08.017+0000][1][safepoint    ] Safepoint "RevokeBias", Time since last: 2504499110 ns, Reaching safepoint: 89339 ns, At safepoint: 21240 ns, Total: 110579 ns
[2020-02-21T05:53:10.521+0000][1][safepoint    ] Safepoint "RevokeBias", Time since last: 2504219469 ns, Reaching safepoint: 74534 ns, At safepoint: 17470 ns, Total: 92004 ns
[2020-02-21T05:53:13.032+0000][1][safepoint    ] Safepoint "RevokeBias", Time since last: 2510459908 ns, Reaching safepoint: 71636 ns, At safepoint: 17624 ns, Total: 89260 ns
[2020-02-21T05:53:15.541+0000][1][safepoint    ] Safepoint "RevokeBias", Time since last: 2509455310 ns, Reaching safepoint: 73139 ns, At safepoint: 17877 ns, Total: 91016 ns
[2020-02-21T05:53:18.049+0000][1][safepoint    ] Safepoint "RevokeBias", Time since last: 2507573813 ns, Reaching safepoint: 70846 ns, At safepoint: 17567 ns, Total: 88413 ns
[2020-02-21T05:53:20.563+0000][1][safepoint    ] Safepoint "RevokeBias", Time since last: 2513823028 ns, Reaching safepoint: 92281 ns, At safepoint: 19430 ns, Total: 111711 ns
[2020-02-21T05:53:23.065+0000][1][safepoint    ] Safepoint "RevokeBias", Time since last: 2502039674 ns, Reaching safepoint: 96327 ns, At safepoint: 21946 ns, Total: 118273 ns
[2020-02-21T05:53:25.570+0000][1][safepoint    ] Safepoint "RevokeBias", Time since last: 2504308009 ns, Reaching safepoint: 73937 ns, At safepoint: 51621 ns, Total: 125558 ns
[2020-02-21T05:53:28.076+0000][1][safepoint    ] Safepoint "BulkRevokeBias", Time since last: 2506370243 ns, Reaching safepoint: 72024 ns, At safepoint: 181544 ns, Total: 253568 ns
[2020-02-21T05:53:30.587+0000][1][safepoint    ] Safepoint "RevokeBias", Time since last: 2511109319 ns, Reaching safepoint: 77001 ns, At safepoint: 18327 ns, Total: 95328 ns
[2020-02-21T05:53:33.096+0000][1][safepoint    ] Safepoint "RevokeBias", Time since last: 2508270441 ns, Reaching safepoint: 75088 ns, At safepoint: 17692 ns, Total: 92780 ns
[2020-02-21T05:53:35.600+0000][1][safepoint    ] Safepoint "RevokeBias", Time since last: 2503691098 ns, Reaching safepoint: 73607 ns, At safepoint: 18419 ns, Total: 92026 ns
[2020-02-21T05:53:38.104+0000][1][safepoint    ] Safepoint "RevokeBias", Time since last: 2504007923 ns, Reaching safepoint: 113118 ns, At safepoint: 28324 ns, Total: 141442 ns
[2020-02-21T05:53:40.609+0000][1][safepoint    ] Safepoint "RevokeBias", Time since last: 2505313274 ns, Reaching safepoint: 64796 ns, At safepoint: 18461 ns, Total: 83257 ns
[2020-02-21T05:53:43.113+0000][1][safepoint    ] Safepoint "RevokeBias", Time since last: 2503718246 ns, Reaching safepoint: 223972 ns, At safepoint: 20098 ns, Total: 244070 ns
[2020-02-21T05:53:45.618+0000][1][safepoint    ] Safepoint "RevokeBias", Time since last: 2504890480 ns, Reaching safepoint: 74254 ns, At safepoint: 18479 ns, Total: 92733 ns
[2020-02-21T05:53:48.804+0000][1][safepoint    ] Safepoint "RevokeBias", Time since last: 3182367801 ns, Reaching safepoint: 4047301 ns, At safepoint: 25646 ns, Total: 4072947 ns
[2020-02-21T05:53:51.308+0000][1][safepoint    ] Safepoint "RevokeBias", Time since last: 2503135967 ns, Reaching safepoint: 71224 ns, At safepoint: 16989 ns, Total: 88213 ns
[2020-02-21T05:53:53.811+0000][1][safepoint    ] Safepoint "RevokeBias", Time since last: 2503406056 ns, Reaching safepoint: 74861 ns, At safepoint: 19517 ns, Total: 94378 ns
[2020-02-21T05:53:56.317+0000][1][safepoint    ] Safepoint "RevokeBias", Time since last: 2505453860 ns, Reaching safepoint: 85440 ns, At safepoint: 21117 ns, Total: 106557 ns
[2020-02-21T05:53:58.824+0000][1][safepoint    ] Safepoint "RevokeBias", Time since last: 2507253489 ns, Reaching safepoint: 87446 ns, At safepoint: 21544 ns, Total: 108990 ns
[2020-02-21T05:54:01.347+0000][1][safepoint    ] Safepoint "RevokeBias", Time since last: 2522988795 ns, Reaching safepoint: 74835 ns, At safepoint: 19136 ns, Total: 93971 ns
[2020-02-21T05:54:03.863+0000][1][safepoint    ] Safepoint "RevokeBias", Time since last: 2516170750 ns, Reaching safepoint: 88779 ns, At safepoint: 21238 ns, Total: 110017 ns
[2020-02-21T05:54:06.370+0000][1][safepoint    ] Safepoint "RevokeBias", Time since last: 2506356388 ns, Reaching safepoint: 71394 ns, At safepoint: 18261 ns, Total: 89655 ns
[2020-02-21T05:54:08.874+0000][1][safepoint    ] Safepoint "RevokeBias", Time since last: 2504314838 ns, Reaching safepoint: 74657 ns, At safepoint: 18458 ns, Total: 93115 ns
[2020-02-21T05:54:11.378+0000][1][safepoint    ] Safepoint "RevokeBias", Time since last: 2503872919 ns, Reaching safepoint: 71016 ns, At safepoint: 18325 ns, Total: 89341 ns
[2020-02-21T05:54:13.891+0000][1][safepoint    ] Safepoint "RevokeBias", Time since last: 2512174526 ns, Reaching safepoint: 175602 ns, At safepoint: 19642 ns, Total: 195244 ns
[2020-02-21T05:54:16.406+0000][1][safepoint    ] Safepoint "RevokeBias", Time since last: 2514855722 ns, Reaching safepoint: 74693 ns, At safepoint: 17900 ns, Total: 92593 ns
[2020-02-21T05:54:18.931+0000][1][safepoint    ] Safepoint "RevokeBias", Time since last: 2524972279 ns, Reaching safepoint: 74459 ns, At safepoint: 18006 ns, Total: 92465 ns
[2020-02-21T05:54:21.446+0000][1][safepoint    ] Safepoint "RevokeBias", Time since last: 2515609003 ns, Reaching safepoint: 82716 ns, At safepoint: 19088 ns, Total: 101804 ns
[2020-02-21T05:54:23.952+0000][1][safepoint    ] Safepoint "RevokeBias", Time since last: 2505283464 ns, Reaching safepoint: 131802 ns, At safepoint: 19828 ns, Total: 151630 ns
[2020-02-21T05:54:26.458+0000][1][safepoint    ] Safepoint "RevokeBias", Time since last: 2505707371 ns, Reaching safepoint: 99742 ns, At safepoint: 28111 ns, Total: 127853 ns
[2020-02-21T05:54:28.964+0000][1][safepoint    ] Safepoint "RevokeBias", Time since last: 2505897286 ns, Reaching safepoint: 81123 ns, At safepoint: 20109 ns, Total: 101232 ns
[2020-02-21T05:54:31.467+0000][1][safepoint    ] Safepoint "RevokeBias", Time since last: 2503470750 ns, Reaching safepoint: 73965 ns, At safepoint: 18529 ns, Total: 92494 ns
[2020-02-21T05:54:33.973+0000][1][safepoint    ] Safepoint "RevokeBias", Time since last: 2505830745 ns, Reaching safepoint: 90637 ns, At safepoint: 20497 ns, Total: 111134 ns
[2020-02-21T05:54:36.494+0000][1][safepoint    ] Safepoint "RevokeBias", Time since last: 2521141573 ns, Reaching safepoint: 142424 ns, At safepoint: 18103 ns, Total: 160527 ns
[2020-02-21T05:54:38.834+0000][1][gc,start     ] GC(145) Pause Young (Allocation Failure)
[2020-02-21T05:54:38.834+0000][1][gc,task      ] GC(145) Using 1 workers of 1 for evacuation
[2020-02-21T05:54:38.848+0000][1][gc,age       ] GC(145) Desired survivor size 4358144 bytes, new threshold 6 (max threshold 6)
[2020-02-21T05:54:38.848+0000][1][gc,age       ] GC(145) Age table with threshold 6 (max threshold 6)
[2020-02-21T05:54:38.848+0000][1][gc,age       ] GC(145) - age   1:      13264 bytes,      13264 total
[2020-02-21T05:54:38.848+0000][1][gc,age       ] GC(145) - age   5:         32 bytes,      13296 total
[2020-02-21T05:54:38.848+0000][1][gc,heap      ] GC(145) ParNew: 68177K->24K(76672K)
[2020-02-21T05:54:38.848+0000][1][gc,heap      ] GC(145) CMS: 62620K->62622K(963392K)
[2020-02-21T05:54:38.848+0000][1][gc,metaspace ] GC(145) Metaspace: 80608K->80608K(1124352K)
[2020-02-21T05:54:38.848+0000][1][gc           ] GC(145) Pause Young (Allocation Failure) 127M->61M(1015M) 13.445ms
[2020-02-21T05:54:38.848+0000][1][gc,cpu       ] GC(145) User=0.01s Sys=0.00s Real=0.02s
[2020-02-21T05:54:38.848+0000][1][safepoint    ] Safepoint "GenCollectForAllocation", Time since last: 2339853207 ns, Reaching safepoint: 78626 ns, At safepoint: 13497272 ns, Total: 13575898 ns
[2020-02-21T05:54:39.003+0000][1][safepoint    ] Safepoint "RevokeBias", Time since last: 154843978 ns, Reaching safepoint: 156366 ns, At safepoint: 21417 ns, Total: 177783 ns
[2020-02-21T05:54:41.509+0000][1][safepoint    ] Safepoint "BulkRevokeBias", Time since last: 2505928408 ns, Reaching safepoint: 89566 ns, At safepoint: 277933 ns, Total: 367499 ns
[2020-02-21T05:54:44.013+0000][1][safepoint    ] Safepoint "RevokeBias", Time since last: 2503656456 ns, Reaching safepoint: 91270 ns, At safepoint: 20853 ns, Total: 112123 ns
[2020-02-21T05:54:46.518+0000][1][safepoint    ] Safepoint "RevokeBias", Time since last: 2504687998 ns, Reaching safepoint: 126855 ns, At safepoint: 33757 ns, Total: 160612 ns
[2020-02-21T05:54:49.029+0000][1][safepoint    ] Safepoint "RevokeBias", Time since last: 2511060469 ns, Reaching safepoint: 73131 ns, At safepoint: 18407 ns, Total: 91538 ns
[2020-02-21T05:54:51.542+0000][1][safepoint    ] Safepoint "RevokeBias", Time since last: 2513136197 ns, Reaching safepoint: 121897 ns, At safepoint: 19334 ns, Total: 141231 ns
[2020-02-21T05:54:54.054+0000][1][safepoint    ] Safepoint "RevokeBias", Time since last: 2511605242 ns, Reaching safepoint: 91383 ns, At safepoint: 21209 ns, Total: 112592 ns
[2020-02-21T05:54:56.564+0000][1][safepoint    ] Safepoint "RevokeBias", Time since last: 2509935914 ns, Reaching safepoint: 81805 ns, At safepoint: 59418 ns, Total: 141223 ns
[2020-02-21T05:54:59.068+0000][1][safepoint    ] Safepoint "RevokeBias", Time since last: 2504203784 ns, Reaching safepoint: 78455 ns, At safepoint: 21046 ns, Total: 99501 ns
[2020-02-21T05:55:01.572+0000][1][safepoint    ] Safepoint "RevokeBias", Time since last: 2503069003 ns, Reaching safepoint: 86949 ns, At safepoint: 21427 ns, Total: 108376 ns
[2020-02-21T05:55:02.572+0000][1][safepoint    ] Safepoint "Cleanup", Time since last: 1000231017 ns, Reaching safepoint: 87101 ns, At safepoint: 7343 ns, Total: 94444 ns
[2020-02-21T05:55:04.076+0000][1][safepoint    ] Safepoint "RevokeBias", Time since last: 1503653829 ns, Reaching safepoint: 84500 ns, At safepoint: 20290 ns, Total: 104790 ns
[2020-02-21T05:55:06.595+0000][1][safepoint    ] Safepoint "RevokeBias", Time since last: 2519251098 ns, Reaching safepoint: 72129 ns, At safepoint: 17717 ns, Total: 89846 ns
[2020-02-21T05:55:09.103+0000][1][safepoint    ] Safepoint "RevokeBias", Time since last: 2508294534 ns, Reaching safepoint: 145922 ns, At safepoint: 21204 ns, Total: 167126 ns
[2020-02-21T05:55:11.609+0000][1][safepoint    ] Safepoint "RevokeBias", Time since last: 2505451455 ns, Reaching safepoint: 71642 ns, At safepoint: 17397 ns, Total: 89039 ns
[2020-02-21T05:55:14.113+0000][1][safepoint    ] Safepoint "RevokeBias", Time since last: 2503965880 ns, Reaching safepoint: 73364 ns, At safepoint: 17883 ns, Total: 91247 ns
[2020-02-21T05:55:16.616+0000][1][safepoint    ] Safepoint "RevokeBias", Time since last: 2502994303 ns, Reaching safepoint: 93233 ns, At safepoint: 18469 ns, Total: 111702 ns
[2020-02-21T05:55:19.121+0000][1][safepoint    ] Safepoint "RevokeBias", Time since last: 2505050736 ns, Reaching safepoint: 86564 ns, At safepoint: 21348 ns, Total: 107912 ns
[2020-02-21T05:55:21.625+0000][1][safepoint    ] Safepoint "RevokeBias", Time since last: 2503784228 ns, Reaching safepoint: 74268 ns, At safepoint: 17472 ns, Total: 91740 ns
[2020-02-21T05:55:24.138+0000][1][safepoint    ] Safepoint "RevokeBias", Time since last: 2512388444 ns, Reaching safepoint: 91593 ns, At safepoint: 20405 ns, Total: 111998 ns
[2020-02-21T05:55:26.648+0000][1][safepoint    ] Safepoint "RevokeBias", Time since last: 2509918886 ns, Reaching safepoint: 75031 ns, At safepoint: 17823 ns, Total: 92854 ns
[2020-02-21T05:55:29.151+0000][1][safepoint    ] Safepoint "RevokeBias", Time since last: 2502920181 ns, Reaching safepoint: 73284 ns, At safepoint: 17491 ns, Total: 90775 ns
[2020-02-21T05:55:31.653+0000][1][safepoint    ] Safepoint "RevokeBias", Time since last: 2502713668 ns, Reaching safepoint: 74006 ns, At safepoint: 18115 ns, Total: 92121 ns
[2020-02-21T05:55:34.157+0000][1][safepoint    ] Safepoint "RevokeBias", Time since last: 2503053532 ns, Reaching safepoint: 174414 ns, At safepoint: 24813 ns, Total: 199227 ns
[2020-02-21T05:55:36.661+0000][1][safepoint    ] Safepoint "RevokeBias", Time since last: 2504065148 ns, Reaching safepoint: 231908 ns, At safepoint: 31008 ns, Total: 262916 ns
[2020-02-21T05:55:39.165+0000][1][safepoint    ] Safepoint "RevokeBias", Time since last: 2504230918 ns, Reaching safepoint: 89503 ns, At safepoint: 18782 ns, Total: 108285 ns
[2020-02-21T05:55:41.684+0000][1][safepoint    ] Safepoint "RevokeBias", Time since last: 2518004119 ns, Reaching safepoint: 174118 ns, At safepoint: 21329 ns, Total: 195447 ns
[2020-02-21T05:55:44.197+0000][1][safepoint    ] Safepoint "RevokeBias", Time since last: 2513525828 ns, Reaching safepoint: 72152 ns, At safepoint: 17304 ns, Total: 89456 ns
[2020-02-21T05:55:46.702+0000][1][safepoint    ] Safepoint "RevokeBias", Time since last: 2504588859 ns, Reaching safepoint: 71132 ns, At safepoint: 16775 ns, Total: 87907 ns
[2020-02-21T05:55:49.206+0000][1][safepoint    ] Safepoint "RevokeBias", Time since last: 2504099021 ns, Reaching safepoint: 133113 ns, At safepoint: 32605 ns, Total: 165718 ns
[2020-02-21T05:55:51.712+0000][1][safepoint    ] Safepoint "RevokeBias", Time since last: 2505343640 ns, Reaching safepoint: 75649 ns, At safepoint: 18384 ns, Total: 94033 ns
[2020-02-21T05:55:54.215+0000][1][safepoint    ] Safepoint "BulkRevokeBias", Time since last: 2502674310 ns, Reaching safepoint: 72065 ns, At safepoint: 332066 ns, Total: 404131 ns
[2020-02-21T05:55:56.719+0000][1][safepoint    ] Safepoint "RevokeBias", Time since last: 2504447768 ns, Reaching safepoint: 74153 ns, At safepoint: 18029 ns, Total: 92182 ns
[2020-02-21T05:55:59.230+0000][1][safepoint    ] Safepoint "RevokeBias", Time since last: 2510318772 ns, Reaching safepoint: 204580 ns, At safepoint: 56121 ns, Total: 260701 ns
[2020-02-21T05:56:01.750+0000][1][safepoint    ] Safepoint "RevokeBias", Time since last: 2518849076 ns, Reaching safepoint: 1323766 ns, At safepoint: 26120 ns, Total: 1349886 ns
[2020-02-21T05:56:04.251+0000][1][safepoint    ] Safepoint "RevokeBias", Time since last: 2500672297 ns, Reaching safepoint: 77561 ns, At safepoint: 19095 ns, Total: 96656 ns
[2020-02-21T05:56:06.757+0000][1][safepoint    ] Safepoint "RevokeBias", Time since last: 2505710809 ns, Reaching safepoint: 77577 ns, At safepoint: 47476 ns, Total: 125053 ns
[2020-02-21T05:56:09.259+0000][1][safepoint    ] Safepoint "RevokeBias", Time since last: 2502252881 ns, Reaching safepoint: 74318 ns, At safepoint: 17867 ns, Total: 92185 ns
[2020-02-21T05:56:11.775+0000][1][safepoint    ] Safepoint "RevokeBias", Time since last: 2515838672 ns, Reaching safepoint: 106378 ns, At safepoint: 20874 ns, Total: 127252 ns
[2020-02-21T05:56:14.288+0000][1][safepoint    ] Safepoint "RevokeBias", Time since last: 2512965684 ns, Reaching safepoint: 74724 ns, At safepoint: 17980 ns, Total: 92704 ns
[2020-02-21T05:56:16.793+0000][1][safepoint    ] Safepoint "RevokeBias", Time since last: 2504637998 ns, Reaching safepoint: 73979 ns, At safepoint: 18318 ns, Total: 92297 ns
[2020-02-21T05:56:19.298+0000][1][safepoint    ] Safepoint "RevokeBias", Time since last: 2504989730 ns, Reaching safepoint: 99149 ns, At safepoint: 25056 ns, Total: 124205 ns
[2020-02-21T05:56:21.804+0000][1][safepoint    ] Safepoint "RevokeBias", Time since last: 2505612611 ns, Reaching safepoint: 76316 ns, At safepoint: 19025 ns, Total: 95341 ns
[2020-02-21T05:56:24.307+0000][1][safepoint    ] Safepoint "RevokeBias", Time since last: 2503421059 ns, Reaching safepoint: 106227 ns, At safepoint: 54577 ns, Total: 160804 ns
[2020-02-21T05:56:26.815+0000][1][safepoint    ] Safepoint "RevokeBias", Time since last: 2507507327 ns, Reaching safepoint: 84935 ns, At safepoint: 20989 ns, Total: 105924 ns
[2020-02-21T05:56:29.330+0000][1][safepoint    ] Safepoint "RevokeBias", Time since last: 2514980960 ns, Reaching safepoint: 70878 ns, At safepoint: 16690 ns, Total: 87568 ns
[2020-02-21T05:56:31.837+0000][1][safepoint    ] Safepoint "RevokeBias", Time since last: 2506846250 ns, Reaching safepoint: 89660 ns, At safepoint: 23919 ns, Total: 113579 ns
[2020-02-21T05:56:34.341+0000][1][safepoint    ] Safepoint "RevokeBias", Time since last: 2504446332 ns, Reaching safepoint: 106663 ns, At safepoint: 20858 ns, Total: 127521 ns
[2020-02-21T05:56:36.848+0000][1][safepoint    ] Safepoint "RevokeBias", Time since last: 2506063219 ns, Reaching safepoint: 83140 ns, At safepoint: 21204 ns, Total: 104344 ns
[2020-02-21T05:56:39.350+0000][1][safepoint    ] Safepoint "RevokeBias", Time since last: 2502903051 ns, Reaching safepoint: 73441 ns, At safepoint: 18139 ns, Total: 91580 ns
[2020-02-21T05:56:41.856+0000][1][safepoint    ] Safepoint "RevokeBias", Time since last: 2505437148 ns, Reaching safepoint: 63773 ns, At safepoint: 18625 ns, Total: 82398 ns
[2020-02-21T05:56:44.358+0000][1][safepoint    ] Safepoint "RevokeBias", Time since last: 2502331346 ns, Reaching safepoint: 71054 ns, At safepoint: 17767 ns, Total: 88821 ns
[2020-02-21T05:56:46.869+0000][1][safepoint    ] Safepoint "RevokeBias", Time since last: 2510535970 ns, Reaching safepoint: 73270 ns, At safepoint: 17487 ns, Total: 90757 ns
[2020-02-21T05:56:49.379+0000][1][safepoint    ] Safepoint "RevokeBias", Time since last: 2509618848 ns, Reaching safepoint: 89932 ns, At safepoint: 20780 ns, Total: 110712 ns
[2020-02-21T05:56:51.885+0000][1][safepoint    ] Safepoint "RevokeBias", Time since last: 2505663850 ns, Reaching safepoint: 92721 ns, At safepoint: 19369 ns, Total: 112090 ns
[2020-02-21T05:56:54.388+0000][1][safepoint    ] Safepoint "RevokeBias", Time since last: 2503516270 ns, Reaching safepoint: 181498 ns, At safepoint: 59886 ns, Total: 241384 ns
[2020-02-21T05:56:56.894+0000][1][safepoint    ] Safepoint "RevokeBias", Time since last: 2505657382 ns, Reaching safepoint: 72975 ns, At safepoint: 17421 ns, Total: 90396 ns
[2020-02-21T05:56:59.005+0000][1][gc,start     ] GC(146) Pause Young (Allocation Failure)
[2020-02-21T05:56:59.005+0000][1][gc,task      ] GC(146) Using 1 workers of 1 for evacuation
[2020-02-21T05:56:59.026+0000][1][gc,age       ] GC(146) Desired survivor size 4358144 bytes, new threshold 6 (max threshold 6)
[2020-02-21T05:56:59.026+0000][1][gc,age       ] GC(146) Age table with threshold 6 (max threshold 6)
[2020-02-21T05:56:59.026+0000][1][gc,age       ] GC(146) - age   1:      11992 bytes,      11992 total
[2020-02-21T05:56:59.026+0000][1][gc,age       ] GC(146) - age   2:        264 bytes,      12256 total
[2020-02-21T05:56:59.026+0000][1][gc,age       ] GC(146) - age   6:         32 bytes,      12288 total
[2020-02-21T05:56:59.026+0000][1][gc,heap      ] GC(146) ParNew: 68184K->15K(76672K)
[2020-02-21T05:56:59.026+0000][1][gc,heap      ] GC(146) CMS: 62622K->62622K(963392K)
[2020-02-21T05:56:59.026+0000][1][gc,metaspace ] GC(146) Metaspace: 80608K->80608K(1124352K)
[2020-02-21T05:56:59.026+0000][1][gc           ] GC(146) Pause Young (Allocation Failure) 127M->61M(1015M) 20.751ms
[2020-02-21T05:56:59.026+0000][1][gc,cpu       ] GC(146) User=0.01s Sys=0.00s Real=0.03s
[2020-02-21T05:56:59.026+0000][1][safepoint    ] Safepoint "GenCollectForAllocation", Time since last: 2110913412 ns, Reaching safepoint: 73715 ns, At safepoint: 20801151 ns, Total: 20874866 ns
[2020-02-21T05:56:59.399+0000][1][safepoint    ] Safepoint "RevokeBias", Time since last: 373126396 ns, Reaching safepoint: 72545 ns, At safepoint: 18455 ns, Total: 91000 ns
[2020-02-21T05:57:01.901+0000][1][safepoint    ] Safepoint "RevokeBias", Time since last: 2501672079 ns, Reaching safepoint: 84377 ns, At safepoint: 20372 ns, Total: 104749 ns
[2020-02-21T05:57:04.415+0000][1][safepoint    ] Safepoint "RevokeBias", Time since last: 2514431422 ns, Reaching safepoint: 115030 ns, At safepoint: 18971 ns, Total: 134001 ns
[2020-02-21T05:57:06.931+0000][1][safepoint    ] Safepoint "BulkRevokeBias", Time since last: 2515565096 ns, Reaching safepoint: 117125 ns, At safepoint: 281033 ns, Total: 398158 ns
[2020-02-21T05:57:09.435+0000][1][safepoint    ] Safepoint "RevokeBias", Time since last: 2503049660 ns, Reaching safepoint: 71766 ns, At safepoint: 17891 ns, Total: 89657 ns
[2020-02-21T05:57:11.940+0000][1][safepoint    ] Safepoint "RevokeBias", Time since last: 2505020466 ns, Reaching safepoint: 138096 ns, At safepoint: 37906 ns, Total: 176002 ns
[2020-02-21T05:57:14.442+0000][1][safepoint    ] Safepoint "RevokeBias", Time since last: 2502523452 ns, Reaching safepoint: 72081 ns, At safepoint: 17997 ns, Total: 90078 ns
[2020-02-21T05:57:16.944+0000][1][safepoint    ] Safepoint "RevokeBias", Time since last: 2501743037 ns, Reaching safepoint: 72912 ns, At safepoint: 18150 ns, Total: 91062 ns
[2020-02-21T05:57:19.448+0000][1][safepoint    ] Safepoint "RevokeBias", Time since last: 2503229984 ns, Reaching safepoint: 92426 ns, At safepoint: 21966 ns, Total: 114392 ns
[2020-02-21T05:57:21.957+0000][1][safepoint    ] Safepoint "RevokeBias", Time since last: 2508815781 ns, Reaching safepoint: 206102 ns, At safepoint: 22153 ns, Total: 228255 ns
[2020-02-21T05:57:24.466+0000][1][safepoint    ] Safepoint "RevokeBias", Time since last: 2508930465 ns, Reaching safepoint: 72075 ns, At safepoint: 17934 ns, Total: 90009 ns
[2020-02-21T05:57:26.972+0000][1][safepoint    ] Safepoint "RevokeBias", Time since last: 2505836451 ns, Reaching safepoint: 75084 ns, At safepoint: 19404 ns, Total: 94488 ns
[2020-02-21T05:57:29.477+0000][1][safepoint    ] Safepoint "RevokeBias", Time since last: 2505847951 ns, Reaching safepoint: 98888 ns, At safepoint: 26513 ns, Total: 125401 ns
[2020-02-21T05:57:31.981+0000][1][safepoint    ] Safepoint "RevokeBias", Time since last: 2503725843 ns, Reaching safepoint: 74497 ns, At safepoint: 17723 ns, Total: 92220 ns
[2020-02-21T05:57:34.498+0000][1][safepoint    ] Safepoint "RevokeBias", Time since last: 2516777615 ns, Reaching safepoint: 71559 ns, At safepoint: 17785 ns, Total: 89344 ns
[2020-02-21T05:57:37.010+0000][1][safepoint    ] Safepoint "RevokeBias", Time since last: 2511355183 ns, Reaching safepoint: 75199 ns, At safepoint: 17500 ns, Total: 92699 ns
[2020-02-21T05:57:39.512+0000][1][safepoint    ] Safepoint "RevokeBias", Time since last: 2502372677 ns, Reaching safepoint: 164771 ns, At safepoint: 23505 ns, Total: 188276 ns
[2020-02-21T05:57:42.017+0000][1][safepoint    ] Safepoint "RevokeBias", Time since last: 2504850674 ns, Reaching safepoint: 72922 ns, At safepoint: 17604 ns, Total: 90526 ns
[2020-02-21T05:57:44.520+0000][1][safepoint    ] Safepoint "RevokeBias", Time since last: 2503109399 ns, Reaching safepoint: 198948 ns, At safepoint: 21745 ns, Total: 220693 ns
[2020-02-21T05:57:47.024+0000][1][safepoint    ] Safepoint "RevokeBias", Time since last: 2503119033 ns, Reaching safepoint: 72398 ns, At safepoint: 17311 ns, Total: 89709 ns
[2020-02-21T05:57:49.526+0000][1][safepoint    ] Safepoint "RevokeBias", Time since last: 2502655267 ns, Reaching safepoint: 87481 ns, At safepoint: 20509 ns, Total: 107990 ns
[2020-02-21T05:57:52.036+0000][1][safepoint    ] Safepoint "RevokeBias", Time since last: 2509467532 ns, Reaching safepoint: 74225 ns, At safepoint: 18259 ns, Total: 92484 ns
[2020-02-21T05:57:54.545+0000][1][safepoint    ] Safepoint "RevokeBias", Time since last: 2508751199 ns, Reaching safepoint: 73130 ns, At safepoint: 17584 ns, Total: 90714 ns
[2020-02-21T05:57:57.048+0000][1][safepoint    ] Safepoint "RevokeBias", Time since last: 2503260301 ns, Reaching safepoint: 72943 ns, At safepoint: 17181 ns, Total: 90124 ns
[2020-02-21T05:57:59.553+0000][1][safepoint    ] Safepoint "RevokeBias", Time since last: 2504751365 ns, Reaching safepoint: 87352 ns, At safepoint: 18760 ns, Total: 106112 ns
[2020-02-21T05:58:02.056+0000][1][safepoint    ] Safepoint "RevokeBias", Time since last: 2503203513 ns, Reaching safepoint: 73723 ns, At safepoint: 18123 ns, Total: 91846 ns
[2020-02-21T05:58:04.561+0000][1][safepoint    ] Safepoint "RevokeBias", Time since last: 2504682576 ns, Reaching safepoint: 81946 ns, At safepoint: 19957 ns, Total: 101903 ns
[2020-02-21T05:58:07.066+0000][1][safepoint    ] Safepoint "RevokeBias", Time since last: 2504962215 ns, Reaching safepoint: 83161 ns, At safepoint: 20454 ns, Total: 103615 ns
[2020-02-21T05:58:09.580+0000][1][safepoint    ] Safepoint "RevokeBias", Time since last: 2513266810 ns, Reaching safepoint: 71939 ns, At safepoint: 17623 ns, Total: 89562 ns
[2020-02-21T05:58:12.095+0000][1][safepoint    ] Safepoint "RevokeBias", Time since last: 2515102236 ns, Reaching safepoint: 72726 ns, At safepoint: 17899 ns, Total: 90625 ns
[2020-02-21T05:58:14.599+0000][1][safepoint    ] Safepoint "RevokeBias", Time since last: 2504458169 ns, Reaching safepoint: 163133 ns, At safepoint: 46349 ns, Total: 209482 ns
[2020-02-21T05:58:17.103+0000][1][safepoint    ] Safepoint "RevokeBias", Time since last: 2503737302 ns, Reaching safepoint: 116859 ns, At safepoint: 25745 ns, Total: 142604 ns
[2020-02-21T05:58:19.607+0000][1][safepoint    ] Safepoint "BulkRevokeBias", Time since last: 2503060507 ns, Reaching safepoint: 145964 ns, At safepoint: 209362 ns, Total: 355326 ns
[2020-02-21T05:58:22.112+0000][1][safepoint    ] Safepoint "RevokeBias", Time since last: 2505602950 ns, Reaching safepoint: 72843 ns, At safepoint: 79046 ns, Total: 151889 ns
[2020-02-21T05:58:24.618+0000][1][safepoint    ] Safepoint "RevokeBias", Time since last: 2505225828 ns, Reaching safepoint: 73616 ns, At safepoint: 17699 ns, Total: 91315 ns
[2020-02-21T05:58:27.128+0000][1][safepoint    ] Safepoint "RevokeBias", Time since last: 2509888886 ns, Reaching safepoint: 74182 ns, At safepoint: 18120 ns, Total: 92302 ns
[2020-02-21T05:58:29.638+0000][1][safepoint    ] Safepoint "RevokeBias", Time since last: 2509799205 ns, Reaching safepoint: 71831 ns, At safepoint: 17565 ns, Total: 89396 ns
[2020-02-21T05:58:32.141+0000][1][safepoint    ] Safepoint "RevokeBias", Time since last: 2503433751 ns, Reaching safepoint: 72841 ns, At safepoint: 17092 ns, Total: 89933 ns
[2020-02-21T05:58:34.644+0000][1][safepoint    ] Safepoint "RevokeBias", Time since last: 2502901514 ns, Reaching safepoint: 53356 ns, At safepoint: 16492 ns, Total: 69848 ns
[2020-02-21T05:58:37.149+0000][1][safepoint    ] Safepoint "RevokeBias", Time since last: 2504899979 ns, Reaching safepoint: 73488 ns, At safepoint: 17862 ns, Total: 91350 ns
[2020-02-21T05:58:39.659+0000][1][safepoint    ] Safepoint "RevokeBias", Time since last: 2509471439 ns, Reaching safepoint: 71168 ns, At safepoint: 17658 ns, Total: 88826 ns
[2020-02-21T05:58:42.174+0000][1][safepoint    ] Safepoint "RevokeBias", Time since last: 2515438482 ns, Reaching safepoint: 78252 ns, At safepoint: 19373 ns, Total: 97625 ns
[2020-02-21T05:58:44.689+0000][1][safepoint    ] Safepoint "RevokeBias", Time since last: 2514973882 ns, Reaching safepoint: 71364 ns, At safepoint: 17235 ns, Total: 88599 ns
[2020-02-21T05:58:47.198+0000][1][safepoint    ] Safepoint "RevokeBias", Time since last: 2509054034 ns, Reaching safepoint: 72966 ns, At safepoint: 17726 ns, Total: 90692 ns
[2020-02-21T05:58:49.703+0000][1][safepoint    ] Safepoint "RevokeBias", Time since last: 2504628632 ns, Reaching safepoint: 135089 ns, At safepoint: 32315 ns, Total: 167404 ns
[2020-02-21T05:58:52.208+0000][1][safepoint    ] Safepoint "RevokeBias", Time since last: 2504713443 ns, Reaching safepoint: 109031 ns, At safepoint: 21105 ns, Total: 130136 ns
[2020-02-21T05:58:54.712+0000][1][safepoint    ] Safepoint "RevokeBias", Time since last: 2503739153 ns, Reaching safepoint: 218366 ns, At safepoint: 24665 ns, Total: 243031 ns
[2020-02-21T05:58:57.225+0000][1][safepoint    ] Safepoint "RevokeBias", Time since last: 2512493913 ns, Reaching safepoint: 73346 ns, At safepoint: 17553 ns, Total: 90899 ns
[2020-02-21T05:58:59.734+0000][1][safepoint    ] Safepoint "RevokeBias", Time since last: 2509595131 ns, Reaching safepoint: 70976 ns, At safepoint: 17877 ns, Total: 88853 ns
[2020-02-21T05:59:02.236+0000][1][safepoint    ] Safepoint "RevokeBias", Time since last: 2501864998 ns, Reaching safepoint: 53367 ns, At safepoint: 15819 ns, Total: 69186 ns
[2020-02-21T05:59:04.740+0000][1][safepoint    ] Safepoint "RevokeBias", Time since last: 2503299191 ns, Reaching safepoint: 74689 ns, At safepoint: 17908 ns, Total: 92597 ns
[2020-02-21T05:59:07.246+0000][1][safepoint    ] Safepoint "RevokeBias", Time since last: 2505784428 ns, Reaching safepoint: 102974 ns, At safepoint: 20130 ns, Total: 123104 ns
[2020-02-21T05:59:09.747+0000][1][safepoint    ] Safepoint "RevokeBias", Time since last: 2501768634 ns, Reaching safepoint: 72715 ns, At safepoint: 18148 ns, Total: 90863 ns
[2020-02-21T05:59:12.253+0000][1][safepoint    ] Safepoint "RevokeBias", Time since last: 2505840919 ns, Reaching safepoint: 72542 ns, At safepoint: 62042 ns, Total: 134584 ns
[2020-02-21T05:59:14.766+0000][1][safepoint    ] Safepoint "RevokeBias", Time since last: 2512634816 ns, Reaching safepoint: 72715 ns, At safepoint: 17447 ns, Total: 90162 ns
[2020-02-21T05:59:17.277+0000][1][safepoint    ] Safepoint "RevokeBias", Time since last: 2510834489 ns, Reaching safepoint: 75287 ns, At safepoint: 18724 ns, Total: 94011 ns
[2020-02-21T05:59:19.024+0000][1][gc,start     ] GC(147) Pause Young (Allocation Failure)
[2020-02-21T05:59:19.024+0000][1][gc,task      ] GC(147) Using 1 workers of 1 for evacuation
[2020-02-21T05:59:19.039+0000][1][gc,age       ] GC(147) Desired survivor size 4358144 bytes, new threshold 6 (max threshold 6)
[2020-02-21T05:59:19.039+0000][1][gc,age       ] GC(147) Age table with threshold 6 (max threshold 6)
[2020-02-21T05:59:19.039+0000][1][gc,age       ] GC(147) - age   1:      12904 bytes,      12904 total
[2020-02-21T05:59:19.039+0000][1][gc,age       ] GC(147) - age   2:        480 bytes,      13384 total
[2020-02-21T05:59:19.039+0000][1][gc,age       ] GC(147) - age   3:        264 bytes,      13648 total
[2020-02-21T05:59:19.039+0000][1][gc,heap      ] GC(147) ParNew: 68175K->21K(76672K)
[2020-02-21T05:59:19.040+0000][1][gc,heap      ] GC(147) CMS: 62622K->62622K(963392K)
[2020-02-21T05:59:19.040+0000][1][gc,metaspace ] GC(147) Metaspace: 80608K->80608K(1124352K)
[2020-02-21T05:59:19.040+0000][1][gc           ] GC(147) Pause Young (Allocation Failure) 127M->61M(1015M) 15.608ms
[2020-02-21T05:59:19.040+0000][1][gc,cpu       ] GC(147) User=0.01s Sys=0.00s Real=0.02s
[2020-02-21T05:59:19.040+0000][1][safepoint    ] Safepoint "GenCollectForAllocation", Time since last: 1747142644 ns, Reaching safepoint: 78710 ns, At safepoint: 15736306 ns, Total: 15815016 ns
[2020-02-21T05:59:19.781+0000][1][safepoint    ] Safepoint "RevokeBias", Time since last: 740398842 ns, Reaching safepoint: 87883 ns, At safepoint: 69279 ns, Total: 157162 ns
[2020-02-21T05:59:22.286+0000][1][safepoint    ] Safepoint "RevokeBias", Time since last: 2505675912 ns, Reaching safepoint: 73593 ns, At safepoint: 17828 ns, Total: 91421 ns
[2020-02-21T05:59:24.791+0000][1][safepoint    ] Safepoint "RevokeBias", Time since last: 2504479858 ns, Reaching safepoint: 144984 ns, At safepoint: 19644 ns, Total: 164628 ns
[2020-02-21T05:59:27.295+0000][1][safepoint    ] Safepoint "RevokeBias", Time since last: 2504321334 ns, Reaching safepoint: 72867 ns, At safepoint: 17775 ns, Total: 90642 ns
[2020-02-21T05:59:29.799+0000][1][safepoint    ] Safepoint "RevokeBias", Time since last: 2503208444 ns, Reaching safepoint: 86917 ns, At safepoint: 20554 ns, Total: 107471 ns
[2020-02-21T05:59:32.317+0000][1][safepoint    ] Safepoint "BulkRevokeBias", Time since last: 2517902029 ns, Reaching safepoint: 72976 ns, At safepoint: 180453 ns, Total: 253429 ns
[2020-02-21T05:59:34.827+0000][1][safepoint    ] Safepoint "RevokeBias", Time since last: 2510033761 ns, Reaching safepoint: 71039 ns, At safepoint: 17035 ns, Total: 88074 ns
[2020-02-21T05:59:37.333+0000][1][safepoint    ] Safepoint "RevokeBias", Time since last: 2505492208 ns, Reaching safepoint: 74340 ns, At safepoint: 18248 ns, Total: 92588 ns
[2020-02-21T05:59:39.836+0000][1][safepoint    ] Safepoint "RevokeBias", Time since last: 2503080888 ns, Reaching safepoint: 117164 ns, At safepoint: 29050 ns, Total: 146214 ns
[2020-02-21T05:59:42.349+0000][1][safepoint    ] Safepoint "RevokeBias", Time since last: 2513057669 ns, Reaching safepoint: 71966 ns, At safepoint: 17084 ns, Total: 89050 ns
[2020-02-21T05:59:44.852+0000][1][safepoint    ] Safepoint "RevokeBias", Time since last: 2503083876 ns, Reaching safepoint: 77137 ns, At safepoint: 18816 ns, Total: 95953 ns
[2020-02-21T05:59:47.354+0000][1][safepoint    ] Safepoint "RevokeBias", Time since last: 2501971954 ns, Reaching safepoint: 75543 ns, At safepoint: 18615 ns, Total: 94158 ns
[2020-02-21T05:59:49.863+0000][1][safepoint    ] Safepoint "RevokeBias", Time since last: 2508484972 ns, Reaching safepoint: 75392 ns, At safepoint: 18065 ns, Total: 93457 ns
[2020-02-21T05:59:52.373+0000][1][safepoint    ] Safepoint "RevokeBias", Time since last: 2510605305 ns, Reaching safepoint: 72400 ns, At safepoint: 17192 ns, Total: 89592 ns
[2020-02-21T05:59:54.878+0000][1][safepoint    ] Safepoint "RevokeBias", Time since last: 2504240963 ns, Reaching safepoint: 72931 ns, At safepoint: 17366 ns, Total: 90297 ns
[2020-02-21T05:59:57.382+0000][1][safepoint    ] Safepoint "RevokeBias", Time since last: 2504584757 ns, Reaching safepoint: 74606 ns, At safepoint: 18829 ns, Total: 93435 ns
[2020-02-21T05:59:59.887+0000][1][safepoint    ] Safepoint "RevokeBias", Time since last: 2504227819 ns, Reaching safepoint: 89503 ns, At safepoint: 21159 ns, Total: 110662 ns
[2020-02-21T06:00:02.409+0000][1][safepoint    ] Safepoint "RevokeBias", Time since last: 2522098569 ns, Reaching safepoint: 70422 ns, At safepoint: 17724 ns, Total: 88146 ns
[2020-02-21T06:00:04.921+0000][1][safepoint    ] Safepoint "RevokeBias", Time since last: 2511993131 ns, Reaching safepoint: 112427 ns, At safepoint: 27200 ns, Total: 139627 ns
[2020-02-21T06:00:07.436+0000][1][safepoint    ] Safepoint "RevokeBias", Time since last: 2514561758 ns, Reaching safepoint: 112828 ns, At safepoint: 29125 ns, Total: 141953 ns
[2020-02-21T06:00:09.950+0000][1][safepoint    ] Safepoint "RevokeBias", Time since last: 2513801483 ns, Reaching safepoint: 70898 ns, At safepoint: 17249 ns, Total: 88147 ns
[2020-02-21T06:00:12.462+0000][1][safepoint    ] Safepoint "RevokeBias", Time since last: 2511863226 ns, Reaching safepoint: 84861 ns, At safepoint: 22072 ns, Total: 106933 ns
[2020-02-21T06:00:14.964+0000][1][safepoint    ] Safepoint "RevokeBias", Time since last: 2502277964 ns, Reaching safepoint: 86108 ns, At safepoint: 20719 ns, Total: 106827 ns
[2020-02-21T06:00:17.467+0000][1][safepoint    ] Safepoint "RevokeBias", Time since last: 2502785205 ns, Reaching safepoint: 211750 ns, At safepoint: 56724 ns, Total: 268474 ns
[2020-02-21T06:00:19.986+0000][1][safepoint    ] Safepoint "RevokeBias", Time since last: 2518996907 ns, Reaching safepoint: 72084 ns, At safepoint: 18083 ns, Total: 90167 ns
[2020-02-21T06:00:22.496+0000][1][safepoint    ] Safepoint "RevokeBias", Time since last: 2509748143 ns, Reaching safepoint: 70989 ns, At safepoint: 18005 ns, Total: 88994 ns
[2020-02-21T06:00:24.999+0000][1][safepoint    ] Safepoint "RevokeBias", Time since last: 2502947502 ns, Reaching safepoint: 85354 ns, At safepoint: 20611 ns, Total: 105965 ns
[2020-02-21T06:00:27.503+0000][1][safepoint    ] Safepoint "RevokeBias", Time since last: 2503483822 ns, Reaching safepoint: 85606 ns, At safepoint: 19666 ns, Total: 105272 ns
[2020-02-21T06:00:30.007+0000][1][safepoint    ] Safepoint "RevokeBias", Time since last: 2503994146 ns, Reaching safepoint: 161130 ns, At safepoint: 21399 ns, Total: 182529 ns
[2020-02-21T06:00:32.510+0000][1][safepoint    ] Safepoint "RevokeBias", Time since last: 2502974440 ns, Reaching safepoint: 70529 ns, At safepoint: 113359 ns, Total: 183888 ns
[2020-02-21T06:00:35.014+0000][1][safepoint    ] Safepoint "RevokeBias", Time since last: 2503877687 ns, Reaching safepoint: 74111 ns, At safepoint: 17777 ns, Total: 91888 ns
[2020-02-21T06:00:37.533+0000][1][safepoint    ] Safepoint "RevokeBias", Time since last: 2518824485 ns, Reaching safepoint: 71758 ns, At safepoint: 17514 ns, Total: 89272 ns
[2020-02-21T06:00:40.042+0000][1][safepoint    ] Safepoint "RevokeBias", Time since last: 2509071938 ns, Reaching safepoint: 61487 ns, At safepoint: 19069 ns, Total: 80556 ns
[2020-02-21T06:00:42.547+0000][1][safepoint    ] Safepoint "RevokeBias", Time since last: 2505030573 ns, Reaching safepoint: 141078 ns, At safepoint: 19802 ns, Total: 160880 ns
[2020-02-21T06:00:45.051+0000][1][safepoint    ] Safepoint "BulkRevokeBias", Time since last: 2503625062 ns, Reaching safepoint: 100068 ns, At safepoint: 260482 ns, Total: 360550 ns
[2020-02-21T06:00:47.555+0000][1][safepoint    ] Safepoint "RevokeBias", Time since last: 2503505657 ns, Reaching safepoint: 71687 ns, At safepoint: 16845 ns, Total: 88532 ns
[2020-02-21T06:00:50.059+0000][1][safepoint    ] Safepoint "RevokeBias", Time since last: 2504212014 ns, Reaching safepoint: 192225 ns, At safepoint: 35480 ns, Total: 227705 ns
[2020-02-21T06:00:52.564+0000][1][safepoint    ] Safepoint "RevokeBias", Time since last: 2504229080 ns, Reaching safepoint: 71343 ns, At safepoint: 16974 ns, Total: 88317 ns
[2020-02-21T06:00:55.075+0000][1][safepoint    ] Safepoint "RevokeBias", Time since last: 2511537727 ns, Reaching safepoint: 76595 ns, At safepoint: 18372 ns, Total: 94967 ns
[2020-02-21T06:00:57.591+0000][1][safepoint    ] Safepoint "RevokeBias", Time since last: 2515629369 ns, Reaching safepoint: 72195 ns, At safepoint: 17600 ns, Total: 89795 ns
[2020-02-21T06:01:00.095+0000][1][safepoint    ] Safepoint "RevokeBias", Time since last: 2504275952 ns, Reaching safepoint: 71991 ns, At safepoint: 17357 ns, Total: 89348 ns
[2020-02-21T06:01:02.597+0000][1][safepoint    ] Safepoint "RevokeBias", Time since last: 2501712388 ns, Reaching safepoint: 56695 ns, At safepoint: 16893 ns, Total: 73588 ns
[2020-02-21T06:01:05.099+0000][1][safepoint    ] Safepoint "RevokeBias", Time since last: 2502134942 ns, Reaching safepoint: 85730 ns, At safepoint: 80952 ns, Total: 166682 ns
[2020-02-21T06:01:07.623+0000][1][safepoint    ] Safepoint "RevokeBias", Time since last: 2523961233 ns, Reaching safepoint: 55211 ns, At safepoint: 41104 ns, Total: 96315 ns
[2020-02-21T06:01:10.131+0000][1][safepoint    ] Safepoint "RevokeBias", Time since last: 2507344304 ns, Reaching safepoint: 83551 ns, At safepoint: 20472 ns, Total: 104023 ns
[2020-02-21T06:01:12.638+0000][1][safepoint    ] Safepoint "RevokeBias", Time since last: 2506940182 ns, Reaching safepoint: 93108 ns, At safepoint: 24788 ns, Total: 117896 ns
[2020-02-21T06:01:15.140+0000][1][safepoint    ] Safepoint "RevokeBias", Time since last: 2502243743 ns, Reaching safepoint: 87754 ns, At safepoint: 20014 ns, Total: 107768 ns
[2020-02-21T06:01:17.645+0000][1][safepoint    ] Safepoint "RevokeBias", Time since last: 2504538766 ns, Reaching safepoint: 167625 ns, At safepoint: 22182 ns, Total: 189807 ns
[2020-02-21T06:01:20.150+0000][1][safepoint    ] Safepoint "RevokeBias", Time since last: 2504875859 ns, Reaching safepoint: 75339 ns, At safepoint: 17493 ns, Total: 92832 ns
[2020-02-21T06:01:22.656+0000][1][safepoint    ] Safepoint "RevokeBias", Time since last: 2505552468 ns, Reaching safepoint: 74779 ns, At safepoint: 18116 ns, Total: 92895 ns
[2020-02-21T06:01:25.168+0000][1][safepoint    ] Safepoint "RevokeBias", Time since last: 2512154047 ns, Reaching safepoint: 109576 ns, At safepoint: 27848 ns, Total: 137424 ns
[2020-02-21T06:01:27.679+0000][1][safepoint    ] Safepoint "RevokeBias", Time since last: 2510804588 ns, Reaching safepoint: 70809 ns, At safepoint: 71144 ns, Total: 141953 ns
[2020-02-21T06:01:30.183+0000][1][safepoint    ] Safepoint "RevokeBias", Time since last: 2503726137 ns, Reaching safepoint: 126680 ns, At safepoint: 19646 ns, Total: 146326 ns
[2020-02-21T06:01:32.686+0000][1][safepoint    ] Safepoint "RevokeBias", Time since last: 2502920516 ns, Reaching safepoint: 74446 ns, At safepoint: 18395 ns, Total: 92841 ns
[2020-02-21T06:01:35.190+0000][1][safepoint    ] Safepoint "RevokeBias", Time since last: 2504102470 ns, Reaching safepoint: 58499 ns, At safepoint: 17511 ns, Total: 76010 ns
[2020-02-21T06:01:37.695+0000][1][safepoint    ] Safepoint "RevokeBias", Time since last: 2505456960 ns, Reaching safepoint: 75276 ns, At safepoint: 18391 ns, Total: 93667 ns
[2020-02-21T06:01:39.132+0000][1][gc,start     ] GC(148) Pause Young (Allocation Failure)
[2020-02-21T06:01:39.132+0000][1][gc,task      ] GC(148) Using 1 workers of 1 for evacuation
[2020-02-21T06:01:39.141+0000][1][gc,age       ] GC(148) Desired survivor size 4358144 bytes, new threshold 6 (max threshold 6)
[2020-02-21T06:01:39.141+0000][1][gc,age       ] GC(148) Age table with threshold 6 (max threshold 6)
[2020-02-21T06:01:39.141+0000][1][gc,age       ] GC(148) - age   1:      13032 bytes,      13032 total
[2020-02-21T06:01:39.141+0000][1][gc,age       ] GC(148) - age   3:        360 bytes,      13392 total
[2020-02-21T06:01:39.141+0000][1][gc,age       ] GC(148) - age   4:        264 bytes,      13656 total
[2020-02-21T06:01:39.141+0000][1][gc,heap      ] GC(148) ParNew: 68181K->25K(76672K)
[2020-02-21T06:01:39.141+0000][1][gc,heap      ] GC(148) CMS: 62622K->62622K(963392K)
[2020-02-21T06:01:39.141+0000][1][gc,metaspace ] GC(148) Metaspace: 80608K->80608K(1124352K)
[2020-02-21T06:01:39.141+0000][1][gc           ] GC(148) Pause Young (Allocation Failure) 127M->61M(1015M) 9.204ms
[2020-02-21T06:01:39.141+0000][1][gc,cpu       ] GC(148) User=0.01s Sys=0.00s Real=0.01s
[2020-02-21T06:01:39.141+0000][1][safepoint    ] Safepoint "GenCollectForAllocation", Time since last: 1435938301 ns, Reaching safepoint: 79760 ns, At safepoint: 9258150 ns, Total: 9337910 ns
[2020-02-21T06:01:40.199+0000][1][safepoint    ] Safepoint "RevokeBias", Time since last: 1058184093 ns, Reaching safepoint: 75022 ns, At safepoint: 17949 ns, Total: 92971 ns
[2020-02-21T06:01:42.714+0000][1][safepoint    ] Safepoint "RevokeBias", Time since last: 2514412616 ns, Reaching safepoint: 72518 ns, At safepoint: 17928 ns, Total: 90446 ns
[2020-02-21T06:01:45.222+0000][1][safepoint    ] Safepoint "RevokeBias", Time since last: 2508524288 ns, Reaching safepoint: 89535 ns, At safepoint: 21375 ns, Total: 110910 ns
[2020-02-21T06:01:47.725+0000][1][safepoint    ] Safepoint "RevokeBias", Time since last: 2502328648 ns, Reaching safepoint: 70603 ns, At safepoint: 16866 ns, Total: 87469 ns
[2020-02-21T06:01:50.228+0000][1][safepoint    ] Safepoint "RevokeBias", Time since last: 2503033292 ns, Reaching safepoint: 72596 ns, At safepoint: 17743 ns, Total: 90339 ns
[2020-02-21T06:01:52.732+0000][1][safepoint    ] Safepoint "RevokeBias", Time since last: 2504453847 ns, Reaching safepoint: 98895 ns, At safepoint: 55202 ns, Total: 154097 ns
[2020-02-21T06:01:55.235+0000][1][safepoint    ] Safepoint "RevokeBias", Time since last: 2502950804 ns, Reaching safepoint: 75087 ns, At safepoint: 18137 ns, Total: 93224 ns
[2020-02-21T06:01:57.745+0000][1][safepoint    ] Safepoint "BulkRevokeBias", Time since last: 2509322869 ns, Reaching safepoint: 116619 ns, At safepoint: 352219 ns, Total: 468838 ns
[2020-02-21T06:02:00.259+0000][1][safepoint    ] Safepoint "RevokeBias", Time since last: 2513473676 ns, Reaching safepoint: 70270 ns, At safepoint: 17613 ns, Total: 87883 ns
[2020-02-21T06:02:02.771+0000][1][safepoint    ] Safepoint "RevokeBias", Time since last: 2512653097 ns, Reaching safepoint: 72962 ns, At safepoint: 17507 ns, Total: 90469 ns
[2020-02-21T06:02:05.277+0000][1][safepoint    ] Safepoint "RevokeBias", Time since last: 2505124771 ns, Reaching safepoint: 72058 ns, At safepoint: 17416 ns, Total: 89474 ns
[2020-02-21T06:02:07.783+0000][1][safepoint    ] Safepoint "RevokeBias", Time since last: 2506114530 ns, Reaching safepoint: 72712 ns, At safepoint: 17664 ns, Total: 90376 ns
[2020-02-21T06:02:10.286+0000][1][safepoint    ] Safepoint "RevokeBias", Time since last: 2503001545 ns, Reaching safepoint: 99740 ns, At safepoint: 23635 ns, Total: 123375 ns
[2020-02-21T06:02:12.791+0000][1][safepoint    ] Safepoint "RevokeBias", Time since last: 2505386948 ns, Reaching safepoint: 72435 ns, At safepoint: 17834 ns, Total: 90269 ns
[2020-02-21T06:02:15.295+0000][1][safepoint    ] Safepoint "RevokeBias", Time since last: 2503229724 ns, Reaching safepoint: 73697 ns, At safepoint: 18108 ns, Total: 91805 ns
[2020-02-21T06:02:17.808+0000][1][safepoint    ] Safepoint "RevokeBias", Time since last: 2512975751 ns, Reaching safepoint: 71716 ns, At safepoint: 16763 ns, Total: 88479 ns
[2020-02-21T06:02:20.324+0000][1][safepoint    ] Safepoint "RevokeBias", Time since last: 2516423875 ns, Reaching safepoint: 74959 ns, At safepoint: 18484 ns, Total: 93443 ns
[2020-02-21T06:02:22.830+0000][1][safepoint    ] Safepoint "RevokeBias", Time since last: 2505756598 ns, Reaching safepoint: 72889 ns, At safepoint: 17771 ns, Total: 90660 ns
[2020-02-21T06:02:25.334+0000][1][safepoint    ] Safepoint "RevokeBias", Time since last: 2503496216 ns, Reaching safepoint: 82567 ns, At safepoint: 20468 ns, Total: 103035 ns
[2020-02-21T06:02:27.839+0000][1][safepoint    ] Safepoint "RevokeBias", Time since last: 2504620502 ns, Reaching safepoint: 73496 ns, At safepoint: 17804 ns, Total: 91300 ns
[2020-02-21T06:02:30.356+0000][1][safepoint    ] Safepoint "RevokeBias", Time since last: 2517532266 ns, Reaching safepoint: 105994 ns, At safepoint: 17301 ns, Total: 123295 ns
[2020-02-21T06:02:32.866+0000][1][safepoint    ] Safepoint "RevokeBias", Time since last: 2510038235 ns, Reaching safepoint: 71120 ns, At safepoint: 17190 ns, Total: 88310 ns
[2020-02-21T06:02:35.371+0000][1][safepoint    ] Safepoint "RevokeBias", Time since last: 2504635060 ns, Reaching safepoint: 70282 ns, At safepoint: 17404 ns, Total: 87686 ns
[2020-02-21T06:02:37.877+0000][1][safepoint    ] Safepoint "RevokeBias", Time since last: 2506186082 ns, Reaching safepoint: 87108 ns, At safepoint: 18089 ns, Total: 105197 ns
[2020-02-21T06:02:40.381+0000][1][safepoint    ] Safepoint "RevokeBias", Time since last: 2503032522 ns, Reaching safepoint: 97794 ns, At safepoint: 22796 ns, Total: 120590 ns
[2020-02-21T06:02:42.885+0000][1][safepoint    ] Safepoint "RevokeBias", Time since last: 2504182349 ns, Reaching safepoint: 87981 ns, At safepoint: 22096 ns, Total: 110077 ns
[2020-02-21T06:02:45.388+0000][1][safepoint    ] Safepoint "RevokeBias", Time since last: 2502919321 ns, Reaching safepoint: 177835 ns, At safepoint: 21306 ns, Total: 199141 ns
[2020-02-21T06:02:47.898+0000][1][safepoint    ] Safepoint "RevokeBias", Time since last: 2509783212 ns, Reaching safepoint: 73452 ns, At safepoint: 17812 ns, Total: 91264 ns
[2020-02-21T06:02:50.406+0000][1][safepoint    ] Safepoint "RevokeBias", Time since last: 2508346701 ns, Reaching safepoint: 177232 ns, At safepoint: 23286 ns, Total: 200518 ns
[2020-02-21T06:02:52.911+0000][1][safepoint    ] Safepoint "RevokeBias", Time since last: 2504667023 ns, Reaching safepoint: 109822 ns, At safepoint: 20232 ns, Total: 130054 ns
[2020-02-21T06:02:55.415+0000][1][safepoint    ] Safepoint "RevokeBias", Time since last: 2504231082 ns, Reaching safepoint: 77533 ns, At safepoint: 18729 ns, Total: 96262 ns
[2020-02-21T06:02:57.921+0000][1][safepoint    ] Safepoint "RevokeBias", Time since last: 2504971390 ns, Reaching safepoint: 73287 ns, At safepoint: 17430 ns, Total: 90717 ns
[2020-02-21T06:03:00.425+0000][1][safepoint    ] Safepoint "RevokeBias", Time since last: 2504274044 ns, Reaching safepoint: 71446 ns, At safepoint: 143049 ns, Total: 214495 ns
[2020-02-21T06:03:02.928+0000][1][safepoint    ] Safepoint "RevokeBias", Time since last: 2503185277 ns, Reaching safepoint: 143126 ns, At safepoint: 23828 ns, Total: 166954 ns
[2020-02-21T06:03:05.439+0000][1][safepoint    ] Safepoint "RevokeBias", Time since last: 2510489684 ns, Reaching safepoint: 71849 ns, At safepoint: 17867 ns, Total: 89716 ns
[2020-02-21T06:03:07.948+0000][1][safepoint    ] Safepoint "RevokeBias", Time since last: 2508481421 ns, Reaching safepoint: 73883 ns, At safepoint: 18860 ns, Total: 92743 ns
[2020-02-21T06:03:10.451+0000][1][safepoint    ] Safepoint "BulkRevokeBias", Time since last: 2503226487 ns, Reaching safepoint: 86754 ns, At safepoint: 318053 ns, Total: 404807 ns
[2020-02-21T06:03:12.957+0000][1][safepoint    ] Safepoint "RevokeBias", Time since last: 2506126195 ns, Reaching safepoint: 72664 ns, At safepoint: 70128 ns, Total: 142792 ns
[2020-02-21T06:03:15.460+0000][1][safepoint    ] Safepoint "RevokeBias", Time since last: 2502193434 ns, Reaching safepoint: 73378 ns, At safepoint: 17650 ns, Total: 91028 ns
[2020-02-21T06:03:17.965+0000][1][safepoint    ] Safepoint "RevokeBias", Time since last: 2504737860 ns, Reaching safepoint: 71444 ns, At safepoint: 17750 ns, Total: 89194 ns
[2020-02-21T06:03:20.470+0000][1][safepoint    ] Safepoint "RevokeBias", Time since last: 2504871608 ns, Reaching safepoint: 91581 ns, At safepoint: 21386 ns, Total: 112967 ns
[2020-02-21T06:03:22.986+0000][1][safepoint    ] Safepoint "RevokeBias", Time since last: 2516559735 ns, Reaching safepoint: 79337 ns, At safepoint: 20119 ns, Total: 99456 ns
[2020-02-21T06:03:25.496+0000][1][safepoint    ] Safepoint "RevokeBias", Time since last: 2509616248 ns, Reaching safepoint: 73266 ns, At safepoint: 18575 ns, Total: 91841 ns
[2020-02-21T06:03:28.002+0000][1][safepoint    ] Safepoint "RevokeBias", Time since last: 2505799287 ns, Reaching safepoint: 110524 ns, At safepoint: 33024 ns, Total: 143548 ns
[2020-02-21T06:03:30.507+0000][1][safepoint    ] Safepoint "RevokeBias", Time since last: 2505106255 ns, Reaching safepoint: 71150 ns, At safepoint: 20518 ns, Total: 91668 ns
[2020-02-21T06:03:33.011+0000][1][safepoint    ] Safepoint "RevokeBias", Time since last: 2503520781 ns, Reaching safepoint: 75613 ns, At safepoint: 19787 ns, Total: 95400 ns
[2020-02-21T06:03:35.515+0000][1][safepoint    ] Safepoint "RevokeBias", Time since last: 2504641390 ns, Reaching safepoint: 72840 ns, At safepoint: 17383 ns, Total: 90223 ns
[2020-02-21T06:03:38.020+0000][1][safepoint    ] Safepoint "RevokeBias", Time since last: 2504921438 ns, Reaching safepoint: 54369 ns, At safepoint: 15436 ns, Total: 69805 ns
[2020-02-21T06:03:40.531+0000][1][safepoint    ] Safepoint "RevokeBias", Time since last: 2510640180 ns, Reaching safepoint: 73179 ns, At safepoint: 17904 ns, Total: 91083 ns
[2020-02-21T06:03:43.044+0000][1][safepoint    ] Safepoint "RevokeBias", Time since last: 2512614679 ns, Reaching safepoint: 72543 ns, At safepoint: 17478 ns, Total: 90021 ns
[2020-02-21T06:03:45.545+0000][1][safepoint    ] Safepoint "RevokeBias", Time since last: 2501334343 ns, Reaching safepoint: 71936 ns, At safepoint: 17037 ns, Total: 88973 ns
[2020-02-21T06:03:48.048+0000][1][safepoint    ] Safepoint "RevokeBias", Time since last: 2502268322 ns, Reaching safepoint: 73372 ns, At safepoint: 18229 ns, Total: 91601 ns
[2020-02-21T06:03:50.552+0000][1][safepoint    ] Safepoint "RevokeBias", Time since last: 2504524243 ns, Reaching safepoint: 89964 ns, At safepoint: 67247 ns, Total: 157211 ns
[2020-02-21T06:03:53.077+0000][1][safepoint    ] Safepoint "RevokeBias", Time since last: 2524546945 ns, Reaching safepoint: 71834 ns, At safepoint: 17663 ns, Total: 89497 ns
[2020-02-21T06:03:55.581+0000][1][safepoint    ] Safepoint "RevokeBias", Time since last: 2504257692 ns, Reaching safepoint: 153619 ns, At safepoint: 28647 ns, Total: 182266 ns
[2020-02-21T06:03:58.097+0000][1][safepoint    ] Safepoint "RevokeBias", Time since last: 2515280763 ns, Reaching safepoint: 72830 ns, At safepoint: 17933 ns, Total: 90763 ns
[2020-02-21T06:03:59.699+0000][1][gc,start     ] GC(149) Pause Young (Allocation Failure)
[2020-02-21T06:03:59.699+0000][1][gc,task      ] GC(149) Using 1 workers of 1 for evacuation
[2020-02-21T06:03:59.708+0000][1][gc,age       ] GC(149) Desired survivor size 4358144 bytes, new threshold 6 (max threshold 6)
[2020-02-21T06:03:59.708+0000][1][gc,age       ] GC(149) Age table with threshold 6 (max threshold 6)
[2020-02-21T06:03:59.708+0000][1][gc,age       ] GC(149) - age   1:      12040 bytes,      12040 total
[2020-02-21T06:03:59.708+0000][1][gc,age       ] GC(149) - age   4:        360 bytes,      12400 total
[2020-02-21T06:03:59.708+0000][1][gc,age       ] GC(149) - age   5:         32 bytes,      12432 total
[2020-02-21T06:03:59.708+0000][1][gc,heap      ] GC(149) ParNew: 68185K->16K(76672K)
[2020-02-21T06:03:59.708+0000][1][gc,heap      ] GC(149) CMS: 62622K->62622K(963392K)
[2020-02-21T06:03:59.708+0000][1][gc,metaspace ] GC(149) Metaspace: 80608K->80608K(1124352K)
[2020-02-21T06:03:59.708+0000][1][gc           ] GC(149) Pause Young (Allocation Failure) 127M->61M(1015M) 9.655ms
[2020-02-21T06:03:59.708+0000][1][gc,cpu       ] GC(149) User=0.01s Sys=0.00s Real=0.01s
[2020-02-21T06:03:59.708+0000][1][safepoint    ] Safepoint "GenCollectForAllocation", Time since last: 1601701815 ns, Reaching safepoint: 97422 ns, At safepoint: 9707390 ns, Total: 9804812 ns
[2020-02-21T06:04:00.607+0000][1][safepoint    ] Safepoint "RevokeBias", Time since last: 898253362 ns, Reaching safepoint: 72583 ns, At safepoint: 17290 ns, Total: 89873 ns
[2020-02-21T06:04:03.110+0000][1][safepoint    ] Safepoint "RevokeBias", Time since last: 2502964012 ns, Reaching safepoint: 78571 ns, At safepoint: 19309 ns, Total: 97880 ns
[2020-02-21T06:04:05.614+0000][1][safepoint    ] Safepoint "RevokeBias", Time since last: 2504131737 ns, Reaching safepoint: 75165 ns, At safepoint: 18831 ns, Total: 93996 ns
[2020-02-21T06:04:08.120+0000][1][safepoint    ] Safepoint "RevokeBias", Time since last: 2506163801 ns, Reaching safepoint: 93340 ns, At safepoint: 26652 ns, Total: 119992 ns
[2020-02-21T06:04:10.635+0000][1][safepoint    ] Safepoint "RevokeBias", Time since last: 2514629491 ns, Reaching safepoint: 102758 ns, At safepoint: 19803 ns, Total: 122561 ns
[2020-02-21T06:04:13.146+0000][1][safepoint    ] Safepoint "RevokeBias", Time since last: 2511405103 ns, Reaching safepoint: 71325 ns, At safepoint: 17157 ns, Total: 88482 ns
[2020-02-21T06:04:15.649+0000][1][safepoint    ] Safepoint "RevokeBias", Time since last: 2502681800 ns, Reaching safepoint: 74295 ns, At safepoint: 17985 ns, Total: 92280 ns
[2020-02-21T06:04:18.153+0000][1][safepoint    ] Safepoint "RevokeBias", Time since last: 2503969014 ns, Reaching safepoint: 85965 ns, At safepoint: 21345 ns, Total: 107310 ns
[2020-02-21T06:04:20.657+0000][1][safepoint    ] Safepoint "RevokeBias", Time since last: 2503239268 ns, Reaching safepoint: 86774 ns, At safepoint: 20334 ns, Total: 107108 ns
[2020-02-21T06:04:23.163+0000][1][safepoint    ] Safepoint "BulkRevokeBias", Time since last: 2506064296 ns, Reaching safepoint: 72355 ns, At safepoint: 182688 ns, Total: 255043 ns
[2020-02-21T06:04:25.667+0000][1][safepoint    ] Safepoint "RevokeBias", Time since last: 2503812921 ns, Reaching safepoint: 56355 ns, At safepoint: 16709 ns, Total: 73064 ns
[2020-02-21T06:04:28.178+0000][1][safepoint    ] Safepoint "RevokeBias", Time since last: 2511057357 ns, Reaching safepoint: 73599 ns, At safepoint: 17539 ns, Total: 91138 ns
[2020-02-21T06:04:30.689+0000][1][safepoint    ] Safepoint "RevokeBias", Time since last: 2510570510 ns, Reaching safepoint: 86839 ns, At safepoint: 19994 ns, Total: 106833 ns
[2020-02-21T06:04:33.191+0000][1][safepoint    ] Safepoint "RevokeBias", Time since last: 2502769982 ns, Reaching safepoint: 100474 ns, At safepoint: 20041 ns, Total: 120515 ns
[2020-02-21T06:04:35.696+0000][1][safepoint    ] Safepoint "RevokeBias", Time since last: 2504484218 ns, Reaching safepoint: 83704 ns, At safepoint: 20535 ns, Total: 104239 ns
[2020-02-21T06:04:38.203+0000][1][safepoint    ] Safepoint "RevokeBias", Time since last: 2506411190 ns, Reaching safepoint: 75402 ns, At safepoint: 18735 ns, Total: 94137 ns
[2020-02-21T06:04:40.706+0000][1][safepoint    ] Safepoint "RevokeBias", Time since last: 2503345669 ns, Reaching safepoint: 115526 ns, At safepoint: 18479 ns, Total: 134005 ns
[2020-02-21T06:04:43.212+0000][1][safepoint    ] Safepoint "RevokeBias", Time since last: 2505537223 ns, Reaching safepoint: 82134 ns, At safepoint: 20379 ns, Total: 102513 ns
[2020-02-21T06:04:45.722+0000][1][safepoint    ] Safepoint "RevokeBias", Time since last: 2510317276 ns, Reaching safepoint: 76702 ns, At safepoint: 18518 ns, Total: 95220 ns
[2020-02-21T06:04:48.231+0000][1][safepoint    ] Safepoint "RevokeBias", Time since last: 2508296927 ns, Reaching safepoint: 203423 ns, At safepoint: 21208 ns, Total: 224631 ns
[2020-02-21T06:04:50.737+0000][1][safepoint    ] Safepoint "RevokeBias", Time since last: 2505840299 ns, Reaching safepoint: 58667 ns, At safepoint: 16421 ns, Total: 75088 ns
[2020-02-21T06:04:53.241+0000][1][safepoint    ] Safepoint "RevokeBias", Time since last: 2504029908 ns, Reaching safepoint: 55876 ns, At safepoint: 24147 ns, Total: 80023 ns
[2020-02-21T06:04:55.745+0000][1][safepoint    ] Safepoint "RevokeBias", Time since last: 2503660946 ns, Reaching safepoint: 174533 ns, At safepoint: 37698 ns, Total: 212231 ns
[2020-02-21T06:04:58.253+0000][1][safepoint    ] Safepoint "RevokeBias", Time since last: 2507436395 ns, Reaching safepoint: 1038233 ns, At safepoint: 21900 ns, Total: 1060133 ns
[2020-02-21T06:05:00.757+0000][1][safepoint    ] Safepoint "RevokeBias", Time since last: 2504033426 ns, Reaching safepoint: 168648 ns, At safepoint: 39223 ns, Total: 207871 ns
[2020-02-21T06:05:03.271+0000][1][safepoint    ] Safepoint "RevokeBias", Time since last: 2513855749 ns, Reaching safepoint: 75793 ns, At safepoint: 18474 ns, Total: 94267 ns
[2020-02-21T06:05:05.782+0000][1][safepoint    ] Safepoint "RevokeBias", Time since last: 2510486935 ns, Reaching safepoint: 138184 ns, At safepoint: 45282 ns, Total: 183466 ns
[2020-02-21T06:05:08.288+0000][1][safepoint    ] Safepoint "RevokeBias", Time since last: 2505644870 ns, Reaching safepoint: 73094 ns, At safepoint: 18339 ns, Total: 91433 ns
[2020-02-21T06:05:10.791+0000][1][safepoint    ] Safepoint "RevokeBias", Time since last: 2503488386 ns, Reaching safepoint: 82304 ns, At safepoint: 20880 ns, Total: 103184 ns
[2020-02-21T06:05:13.296+0000][1][safepoint    ] Safepoint "RevokeBias", Time since last: 2504684255 ns, Reaching safepoint: 73094 ns, At safepoint: 17406 ns, Total: 90500 ns
[2020-02-21T06:05:15.801+0000][1][safepoint    ] Safepoint "RevokeBias", Time since last: 2504803699 ns, Reaching safepoint: 86553 ns, At safepoint: 20005 ns, Total: 106558 ns
[2020-02-21T06:05:18.304+0000][1][safepoint    ] Safepoint "RevokeBias", Time since last: 2502936956 ns, Reaching safepoint: 70668 ns, At safepoint: 17251 ns, Total: 87919 ns
[2020-02-21T06:05:20.815+0000][1][safepoint    ] Safepoint "RevokeBias", Time since last: 2511131974 ns, Reaching safepoint: 111558 ns, At safepoint: 28520 ns, Total: 140078 ns
[2020-02-21T06:05:23.327+0000][1][safepoint    ] Safepoint "RevokeBias", Time since last: 2511400927 ns, Reaching safepoint: 72956 ns, At safepoint: 17706 ns, Total: 90662 ns
[2020-02-21T06:05:25.830+0000][1][safepoint    ] Safepoint "RevokeBias", Time since last: 2503024140 ns, Reaching safepoint: 78031 ns, At safepoint: 18639 ns, Total: 96670 ns
[2020-02-21T06:05:28.336+0000][1][safepoint    ] Safepoint "RevokeBias", Time since last: 2505694306 ns, Reaching safepoint: 197795 ns, At safepoint: 30160 ns, Total: 227955 ns
[2020-02-21T06:05:30.840+0000][1][safepoint    ] Safepoint "RevokeBias", Time since last: 2504479044 ns, Reaching safepoint: 73676 ns, At safepoint: 17903 ns, Total: 91579 ns
[2020-02-21T06:05:33.359+0000][1][safepoint    ] Safepoint "RevokeBias", Time since last: 2518220043 ns, Reaching safepoint: 54270 ns, At safepoint: 15632 ns, Total: 69902 ns
[2020-02-21T06:05:35.867+0000][1][safepoint    ] Safepoint "BulkRevokeBias", Time since last: 2508272357 ns, Reaching safepoint: 73751 ns, At safepoint: 232426 ns, Total: 306177 ns
[2020-02-21T06:05:38.373+0000][1][safepoint    ] Safepoint "RevokeBias", Time since last: 2505446272 ns, Reaching safepoint: 86611 ns, At safepoint: 18895 ns, Total: 105506 ns
[2020-02-21T06:05:40.875+0000][1][safepoint    ] Safepoint "RevokeBias", Time since last: 2502612539 ns, Reaching safepoint: 76238 ns, At safepoint: 17884 ns, Total: 94122 ns
[2020-02-21T06:05:43.382+0000][1][safepoint    ] Safepoint "RevokeBias", Time since last: 2506276158 ns, Reaching safepoint: 71327 ns, At safepoint: 18212 ns, Total: 89539 ns
[2020-02-21T06:05:45.885+0000][1][safepoint    ] Safepoint "RevokeBias", Time since last: 2502862715 ns, Reaching safepoint: 74612 ns, At safepoint: 18998 ns, Total: 93610 ns
[2020-02-21T06:05:48.389+0000][1][safepoint    ] Safepoint "RevokeBias", Time since last: 2503719493 ns, Reaching safepoint: 203772 ns, At safepoint: 19821 ns, Total: 223593 ns
[2020-02-21T06:05:50.903+0000][1][safepoint    ] Safepoint "RevokeBias", Time since last: 2514545069 ns, Reaching safepoint: 111923 ns, At safepoint: 27532 ns, Total: 139455 ns
[2020-02-21T06:05:53.416+0000][1][safepoint    ] Safepoint "RevokeBias", Time since last: 2511965490 ns, Reaching safepoint: 175921 ns, At safepoint: 47589 ns, Total: 223510 ns
[2020-02-21T06:05:55.919+0000][1][safepoint    ] Safepoint "RevokeBias", Time since last: 2503535075 ns, Reaching safepoint: 74855 ns, At safepoint: 18243 ns, Total: 93098 ns
[2020-02-21T06:05:58.423+0000][1][safepoint    ] Safepoint "RevokeBias", Time since last: 2503984852 ns, Reaching safepoint: 71933 ns, At safepoint: 18583 ns, Total: 90516 ns
[2020-02-21T06:06:00.929+0000][1][safepoint    ] Safepoint "RevokeBias", Time since last: 2505599495 ns, Reaching safepoint: 112724 ns, At safepoint: 27118 ns, Total: 139842 ns
[2020-02-21T06:06:03.433+0000][1][safepoint    ] Safepoint "RevokeBias", Time since last: 2504283288 ns, Reaching safepoint: 73223 ns, At safepoint: 17766 ns, Total: 90989 ns
[2020-02-21T06:06:05.938+0000][1][safepoint    ] Safepoint "RevokeBias", Time since last: 2504988493 ns, Reaching safepoint: 54363 ns, At safepoint: 15576 ns, Total: 69939 ns
[2020-02-21T06:06:08.455+0000][1][safepoint    ] Safepoint "RevokeBias", Time since last: 2516269494 ns, Reaching safepoint: 155587 ns, At safepoint: 20387 ns, Total: 175974 ns
[2020-02-21T06:06:10.968+0000][1][safepoint    ] Safepoint "RevokeBias", Time since last: 2513367668 ns, Reaching safepoint: 75106 ns, At safepoint: 54767 ns, Total: 129873 ns
[2020-02-21T06:06:13.472+0000][1][safepoint    ] Safepoint "RevokeBias", Time since last: 2503395085 ns, Reaching safepoint: 205708 ns, At safepoint: 46833 ns, Total: 252541 ns
[2020-02-21T06:06:15.975+0000][1][safepoint    ] Safepoint "RevokeBias", Time since last: 2503170218 ns, Reaching safepoint: 86749 ns, At safepoint: 20971 ns, Total: 107720 ns
[2020-02-21T06:06:18.479+0000][1][safepoint    ] Safepoint "RevokeBias", Time since last: 2503125324 ns, Reaching safepoint: 204833 ns, At safepoint: 55011 ns, Total: 259844 ns
[2020-02-21T06:06:19.340+0000][1][gc,start     ] GC(150) Pause Young (Allocation Failure)
[2020-02-21T06:06:19.340+0000][1][gc,task      ] GC(150) Using 1 workers of 1 for evacuation
[2020-02-21T06:06:19.355+0000][1][gc,age       ] GC(150) Desired survivor size 4358144 bytes, new threshold 6 (max threshold 6)
[2020-02-21T06:06:19.355+0000][1][gc,age       ] GC(150) Age table with threshold 6 (max threshold 6)
[2020-02-21T06:06:19.355+0000][1][gc,age       ] GC(150) - age   1:      12984 bytes,      12984 total
[2020-02-21T06:06:19.355+0000][1][gc,age       ] GC(150) - age   2:        264 bytes,      13248 total
[2020-02-21T06:06:19.355+0000][1][gc,age       ] GC(150) - age   5:        360 bytes,      13608 total
[2020-02-21T06:06:19.355+0000][1][gc,age       ] GC(150) - age   6:         32 bytes,      13640 total
[2020-02-21T06:06:19.355+0000][1][gc,heap      ] GC(150) ParNew: 68176K->22K(76672K)
[2020-02-21T06:06:19.355+0000][1][gc,heap      ] GC(150) CMS: 62622K->62622K(963392K)
[2020-02-21T06:06:19.355+0000][1][gc,metaspace ] GC(150) Metaspace: 80609K->80609K(1124352K)
[2020-02-21T06:06:19.355+0000][1][gc           ] GC(150) Pause Young (Allocation Failure) 127M->61M(1015M) 14.721ms
[2020-02-21T06:06:19.355+0000][1][gc,cpu       ] GC(150) User=0.01s Sys=0.00s Real=0.01s
[2020-02-21T06:06:19.355+0000][1][safepoint    ] Safepoint "GenCollectForAllocation", Time since last: 861445064 ns, Reaching safepoint: 78630 ns, At safepoint: 14770506 ns, Total: 14849136 ns
[2020-02-21T06:06:20.983+0000][1][safepoint    ] Safepoint "RevokeBias", Time since last: 1628114343 ns, Reaching safepoint: 72282 ns, At safepoint: 17858 ns, Total: 90140 ns
[2020-02-21T06:06:23.489+0000][1][safepoint    ] Safepoint "RevokeBias", Time since last: 2505348822 ns, Reaching safepoint: 73286 ns, At safepoint: 18337 ns, Total: 91623 ns
[2020-02-21T06:06:25.999+0000][1][safepoint    ] Safepoint "RevokeBias", Time since last: 2510181872 ns, Reaching safepoint: 57812 ns, At safepoint: 15957 ns, Total: 73769 ns
[2020-02-21T06:06:28.512+0000][1][safepoint    ] Safepoint "RevokeBias", Time since last: 2512697412 ns, Reaching safepoint: 85331 ns, At safepoint: 18319 ns, Total: 103650 ns
[2020-02-21T06:06:31.016+0000][1][safepoint    ] Safepoint "RevokeBias", Time since last: 2504649346 ns, Reaching safepoint: 73950 ns, At safepoint: 18587 ns, Total: 92537 ns
[2020-02-21T06:06:33.519+0000][1][safepoint    ] Safepoint "RevokeBias", Time since last: 2502738483 ns, Reaching safepoint: 84364 ns, At safepoint: 21446 ns, Total: 105810 ns
[2020-02-21T06:06:36.025+0000][1][safepoint    ] Safepoint "RevokeBias", Time since last: 2505349694 ns, Reaching safepoint: 115179 ns, At safepoint: 37203 ns, Total: 152382 ns
[2020-02-21T06:06:38.536+0000][1][safepoint    ] Safepoint "RevokeBias", Time since last: 2511323080 ns, Reaching safepoint: 212381 ns, At safepoint: 20935 ns, Total: 233316 ns
[2020-02-21T06:06:41.045+0000][1][safepoint    ] Safepoint "RevokeBias", Time since last: 2508414536 ns, Reaching safepoint: 72531 ns, At safepoint: 18034 ns, Total: 90565 ns
[2020-02-21T06:06:43.551+0000][1][safepoint    ] Safepoint "RevokeBias", Time since last: 2505890548 ns, Reaching safepoint: 194922 ns, At safepoint: 20592 ns, Total: 215514 ns
[2020-02-21T06:06:46.054+0000][1][safepoint    ] Safepoint "RevokeBias", Time since last: 2503191772 ns, Reaching safepoint: 87626 ns, At safepoint: 21310 ns, Total: 108936 ns
[2020-02-21T06:06:48.558+0000][1][safepoint    ] Safepoint "BulkRevokeBias", Time since last: 2503468313 ns, Reaching safepoint: 83110 ns, At safepoint: 293299 ns, Total: 376409 ns
[2020-02-21T06:06:51.063+0000][1][safepoint    ] Safepoint "RevokeBias", Time since last: 2505194457 ns, Reaching safepoint: 72590 ns, At safepoint: 17807 ns, Total: 90397 ns
[2020-02-21T06:06:53.569+0000][1][safepoint    ] Safepoint "RevokeBias", Time since last: 2505233082 ns, Reaching safepoint: 74173 ns, At safepoint: 17658 ns, Total: 91831 ns
[2020-02-21T06:06:56.080+0000][1][safepoint    ] Safepoint "RevokeBias", Time since last: 2511388348 ns, Reaching safepoint: 76266 ns, At safepoint: 17988 ns, Total: 94254 ns
[2020-02-21T06:06:58.595+0000][1][safepoint    ] Safepoint "RevokeBias", Time since last: 2515025357 ns, Reaching safepoint: 72124 ns, At safepoint: 17997 ns, Total: 90121 ns
[2020-02-21T06:07:01.100+0000][1][safepoint    ] Safepoint "RevokeBias", Time since last: 2504335818 ns, Reaching safepoint: 71458 ns, At safepoint: 16918 ns, Total: 88376 ns
[2020-02-21T06:07:03.602+0000][1][safepoint    ] Safepoint "RevokeBias", Time since last: 2502111477 ns, Reaching safepoint: 75140 ns, At safepoint: 46367 ns, Total: 121507 ns
[2020-02-21T06:07:06.109+0000][1][safepoint    ] Safepoint "RevokeBias", Time since last: 2506774641 ns, Reaching safepoint: 72527 ns, At safepoint: 17120 ns, Total: 89647 ns
[2020-02-21T06:07:08.614+0000][1][safepoint    ] Safepoint "RevokeBias", Time since last: 2505222599 ns, Reaching safepoint: 119607 ns, At safepoint: 21961 ns, Total: 141568 ns
[2020-02-21T06:07:11.117+0000][1][safepoint    ] Safepoint "RevokeBias", Time since last: 2502360610 ns, Reaching safepoint: 56959 ns, At safepoint: 17219 ns, Total: 74178 ns
[2020-02-21T06:07:13.635+0000][1][safepoint    ] Safepoint "RevokeBias", Time since last: 2518332338 ns, Reaching safepoint: 147200 ns, At safepoint: 19039 ns, Total: 166239 ns
[2020-02-21T06:07:16.143+0000][1][safepoint    ] Safepoint "RevokeBias", Time since last: 2507801103 ns, Reaching safepoint: 72756 ns, At safepoint: 18592 ns, Total: 91348 ns
[2020-02-21T06:07:18.647+0000][1][safepoint    ] Safepoint "RevokeBias", Time since last: 2503936455 ns, Reaching safepoint: 165850 ns, At safepoint: 22026 ns, Total: 187876 ns
[2020-02-21T06:07:21.153+0000][1][safepoint    ] Safepoint "RevokeBias", Time since last: 2506005556 ns, Reaching safepoint: 70139 ns, At safepoint: 17516 ns, Total: 87655 ns
[2020-02-21T06:07:23.660+0000][1][safepoint    ] Safepoint "RevokeBias", Time since last: 2506261067 ns, Reaching safepoint: 74657 ns, At safepoint: 18185 ns, Total: 92842 ns
[2020-02-21T06:07:26.163+0000][1][safepoint    ] Safepoint "RevokeBias", Time since last: 2503237614 ns, Reaching safepoint: 85827 ns, At safepoint: 20516 ns, Total: 106343 ns
[2020-02-21T06:07:28.667+0000][1][safepoint    ] Safepoint "RevokeBias", Time since last: 2503875106 ns, Reaching safepoint: 150256 ns, At safepoint: 21213 ns, Total: 171469 ns
[2020-02-21T06:07:31.187+0000][1][safepoint    ] Safepoint "RevokeBias", Time since last: 2520418734 ns, Reaching safepoint: 70145 ns, At safepoint: 16828 ns, Total: 86973 ns
[2020-02-21T06:07:33.702+0000][1][safepoint    ] Safepoint "RevokeBias", Time since last: 2514234875 ns, Reaching safepoint: 207050 ns, At safepoint: 35033 ns, Total: 242083 ns
[2020-02-21T06:07:36.207+0000][1][safepoint    ] Safepoint "RevokeBias", Time since last: 2504648794 ns, Reaching safepoint: 104767 ns, At safepoint: 18316 ns, Total: 123083 ns
[2020-02-21T06:07:38.710+0000][1][safepoint    ] Safepoint "RevokeBias", Time since last: 2503310897 ns, Reaching safepoint: 73059 ns, At safepoint: 18149 ns, Total: 91208 ns
[2020-02-21T06:07:41.214+0000][1][safepoint    ] Safepoint "RevokeBias", Time since last: 2503541538 ns, Reaching safepoint: 118123 ns, At safepoint: 29342 ns, Total: 147465 ns
[2020-02-21T06:07:43.723+0000][1][safepoint    ] Safepoint "RevokeBias", Time since last: 2509548034 ns, Reaching safepoint: 71014 ns, At safepoint: 18081 ns, Total: 89095 ns
[2020-02-21T06:07:46.234+0000][1][safepoint    ] Safepoint "RevokeBias", Time since last: 2510097738 ns, Reaching safepoint: 73089 ns, At safepoint: 18135 ns, Total: 91224 ns
[2020-02-21T06:07:48.735+0000][1][safepoint    ] Safepoint "RevokeBias", Time since last: 2501580689 ns, Reaching safepoint: 71787 ns, At safepoint: 16540 ns, Total: 88327 ns
[2020-02-21T06:07:51.242+0000][1][safepoint    ] Safepoint "RevokeBias", Time since last: 2506824442 ns, Reaching safepoint: 114467 ns, At safepoint: 18415 ns, Total: 132882 ns
[2020-02-21T06:07:53.759+0000][1][safepoint    ] Safepoint "RevokeBias", Time since last: 2516537266 ns, Reaching safepoint: 71579 ns, At safepoint: 17741 ns, Total: 89320 ns
[2020-02-21T06:07:56.268+0000][1][safepoint    ] Safepoint "RevokeBias", Time since last: 2508901878 ns, Reaching safepoint: 88192 ns, At safepoint: 20559 ns, Total: 108751 ns
[2020-02-21T06:07:58.772+0000][1][safepoint    ] Safepoint "RevokeBias", Time since last: 2503602502 ns, Reaching safepoint: 155011 ns, At safepoint: 33118 ns, Total: 188129 ns
[2020-02-21T06:08:01.288+0000][1][safepoint    ] Safepoint "BulkRevokeBias", Time since last: 2515687042 ns, Reaching safepoint: 54521 ns, At safepoint: 138448 ns, Total: 192969 ns
[2020-02-21T06:08:03.796+0000][1][safepoint    ] Safepoint "RevokeBias", Time since last: 2507838915 ns, Reaching safepoint: 72774 ns, At safepoint: 17743 ns, Total: 90517 ns
[2020-02-21T06:08:06.300+0000][1][safepoint    ] Safepoint "RevokeBias", Time since last: 2504405759 ns, Reaching safepoint: 103840 ns, At safepoint: 19867 ns, Total: 123707 ns
[2020-02-21T06:08:08.805+0000][1][safepoint    ] Safepoint "RevokeBias", Time since last: 2505060477 ns, Reaching safepoint: 71212 ns, At safepoint: 16603 ns, Total: 87815 ns
[2020-02-21T06:08:11.308+0000][1][safepoint    ] Safepoint "RevokeBias", Time since last: 2503076606 ns, Reaching safepoint: 71449 ns, At safepoint: 18380 ns, Total: 89829 ns
[2020-02-21T06:08:13.813+0000][1][safepoint    ] Safepoint "RevokeBias", Time since last: 2504307562 ns, Reaching safepoint: 72099 ns, At safepoint: 17789 ns, Total: 89888 ns
[2020-02-21T06:08:16.316+0000][1][safepoint    ] Safepoint "RevokeBias", Time since last: 2502862138 ns, Reaching safepoint: 141440 ns, At safepoint: 18904 ns, Total: 160344 ns
[2020-02-21T06:08:18.836+0000][1][safepoint    ] Safepoint "RevokeBias", Time since last: 2519868804 ns, Reaching safepoint: 55305 ns, At safepoint: 15288 ns, Total: 70593 ns
[2020-02-21T06:08:21.347+0000][1][safepoint    ] Safepoint "RevokeBias", Time since last: 2511148111 ns, Reaching safepoint: 74383 ns, At safepoint: 18770 ns, Total: 93153 ns
[2020-02-21T06:08:23.851+0000][1][safepoint    ] Safepoint "RevokeBias", Time since last: 2503464701 ns, Reaching safepoint: 74098 ns, At safepoint: 18321 ns, Total: 92419 ns
[2020-02-21T06:08:26.354+0000][1][safepoint    ] Safepoint "RevokeBias", Time since last: 2503278841 ns, Reaching safepoint: 90165 ns, At safepoint: 20696 ns, Total: 110861 ns
[2020-02-21T06:08:28.860+0000][1][safepoint    ] Safepoint "RevokeBias", Time since last: 2505587443 ns, Reaching safepoint: 62445 ns, At safepoint: 19272 ns, Total: 81717 ns
[2020-02-21T06:08:31.364+0000][1][safepoint    ] Safepoint "RevokeBias", Time since last: 2504301802 ns, Reaching safepoint: 83296 ns, At safepoint: 20889 ns, Total: 104185 ns
[2020-02-21T06:08:33.867+0000][1][safepoint    ] Safepoint "RevokeBias", Time since last: 2503056720 ns, Reaching safepoint: 72552 ns, At safepoint: 17554 ns, Total: 90106 ns
[2020-02-21T06:08:36.380+0000][1][safepoint    ] Safepoint "RevokeBias", Time since last: 2512349646 ns, Reaching safepoint: 73541 ns, At safepoint: 17865 ns, Total: 91406 ns
[2020-02-21T06:08:38.896+0000][1][safepoint    ] Safepoint "RevokeBias", Time since last: 2516465753 ns, Reaching safepoint: 106056 ns, At safepoint: 22704 ns, Total: 128760 ns
[2020-02-21T06:08:39.449+0000][1][gc,start     ] GC(151) Pause Young (Allocation Failure)
[2020-02-21T06:08:39.449+0000][1][gc,task      ] GC(151) Using 1 workers of 1 for evacuation
[2020-02-21T06:08:39.464+0000][1][gc,age       ] GC(151) Desired survivor size 4358144 bytes, new threshold 6 (max threshold 6)
[2020-02-21T06:08:39.464+0000][1][gc,age       ] GC(151) Age table with threshold 6 (max threshold 6)
[2020-02-21T06:08:39.464+0000][1][gc,age       ] GC(151) - age   1:      13024 bytes,      13024 total
[2020-02-21T06:08:39.464+0000][1][gc,age       ] GC(151) - age   3:        264 bytes,      13288 total
[2020-02-21T06:08:39.464+0000][1][gc,age       ] GC(151) - age   6:        360 bytes,      13648 total
[2020-02-21T06:08:39.464+0000][1][gc,heap      ] GC(151) ParNew: 68182K->15K(76672K)
[2020-02-21T06:08:39.464+0000][1][gc,heap      ] GC(151) CMS: 62622K->62622K(963392K)
[2020-02-21T06:08:39.465+0000][1][gc,metaspace ] GC(151) Metaspace: 80620K->80620K(1124352K)
[2020-02-21T06:08:39.465+0000][1][gc           ] GC(151) Pause Young (Allocation Failure) 127M->61M(1015M) 15.181ms
[2020-02-21T06:08:39.465+0000][1][gc,cpu       ] GC(151) User=0.01s Sys=0.00s Real=0.01s
[2020-02-21T06:08:39.465+0000][1][safepoint    ] Safepoint "GenCollectForAllocation", Time since last: 553048006 ns, Reaching safepoint: 121146 ns, At safepoint: 15245314 ns, Total: 15366460 ns
[2020-02-21T06:08:41.401+0000][1][safepoint    ] Safepoint "RevokeBias", Time since last: 1936056299 ns, Reaching safepoint: 108632 ns, At safepoint: 20366 ns, Total: 128998 ns
[2020-02-21T06:08:43.905+0000][1][safepoint    ] Safepoint "RevokeBias", Time since last: 2503877499 ns, Reaching safepoint: 60247 ns, At safepoint: 17990 ns, Total: 78237 ns
[2020-02-21T06:08:46.409+0000][1][safepoint    ] Safepoint "RevokeBias", Time since last: 2504152913 ns, Reaching safepoint: 72774 ns, At safepoint: 29503 ns, Total: 102277 ns
[2020-02-21T06:08:48.911+0000][1][safepoint    ] Safepoint "RevokeBias", Time since last: 2502161943 ns, Reaching safepoint: 83967 ns, At safepoint: 21515 ns, Total: 105482 ns
[2020-02-21T06:08:51.416+0000][1][safepoint    ] Safepoint "RevokeBias", Time since last: 2504962419 ns, Reaching safepoint: 87086 ns, At safepoint: 20437 ns, Total: 107523 ns
[2020-02-21T06:08:53.930+0000][1][safepoint    ] Safepoint "RevokeBias", Time since last: 2513389013 ns, Reaching safepoint: 166469 ns, At safepoint: 19177 ns, Total: 185646 ns
[2020-02-21T06:08:56.437+0000][1][safepoint    ] Safepoint "RevokeBias", Time since last: 2506937554 ns, Reaching safepoint: 70349 ns, At safepoint: 17878 ns, Total: 88227 ns
[2020-02-21T06:08:58.942+0000][1][safepoint    ] Safepoint "RevokeBias", Time since last: 2505288101 ns, Reaching safepoint: 73539 ns, At safepoint: 18278 ns, Total: 91817 ns
[2020-02-21T06:09:01.447+0000][1][safepoint    ] Safepoint "RevokeBias", Time since last: 2504607283 ns, Reaching safepoint: 150544 ns, At safepoint: 56438 ns, Total: 206982 ns
[2020-02-21T06:09:02.448+0000][1][safepoint    ] Safepoint "Cleanup", Time since last: 1000924117 ns, Reaching safepoint: 85580 ns, At safepoint: 7664 ns, Total: 93244 ns
[2020-02-21T06:09:03.950+0000][1][safepoint    ] Safepoint "RevokeBias", Time since last: 1501617515 ns, Reaching safepoint: 73536 ns, At safepoint: 17693 ns, Total: 91229 ns
[2020-02-21T06:09:06.475+0000][1][safepoint    ] Safepoint "RevokeBias", Time since last: 2525520476 ns, Reaching safepoint: 70683 ns, At safepoint: 18039 ns, Total: 88722 ns
[2020-02-21T06:09:08.989+0000][1][safepoint    ] Safepoint "RevokeBias", Time since last: 2513062714 ns, Reaching safepoint: 72932 ns, At safepoint: 17535 ns, Total: 90467 ns
[2020-02-21T06:09:11.492+0000][1][safepoint    ] Safepoint "RevokeBias", Time since last: 2502802462 ns, Reaching safepoint: 100726 ns, At safepoint: 17833 ns, Total: 118559 ns
[2020-02-21T06:09:13.996+0000][1][safepoint    ] Safepoint "BulkRevokeBias", Time since last: 2504086727 ns, Reaching safepoint: 93909 ns, At safepoint: 176883 ns, Total: 270792 ns
[2020-02-21T06:09:16.499+0000][1][safepoint    ] Safepoint "RevokeBias", Time since last: 2503135046 ns, Reaching safepoint: 81478 ns, At safepoint: 18148 ns, Total: 99626 ns
[2020-02-21T06:09:19.003+0000][1][safepoint    ] Safepoint "RevokeBias", Time since last: 2503628069 ns, Reaching safepoint: 83168 ns, At safepoint: 20741 ns, Total: 103909 ns
[2020-02-21T06:09:21.507+0000][1][safepoint    ] Safepoint "RevokeBias", Time since last: 2504237242 ns, Reaching safepoint: 88018 ns, At safepoint: 20566 ns, Total: 108584 ns
[2020-02-21T06:09:24.030+0000][1][safepoint    ] Safepoint "RevokeBias", Time since last: 2522307674 ns, Reaching safepoint: 53697 ns, At safepoint: 16145 ns, Total: 69842 ns
[2020-02-21T06:09:26.543+0000][1][safepoint    ] Safepoint "RevokeBias", Time since last: 2513590035 ns, Reaching safepoint: 83074 ns, At safepoint: 20458 ns, Total: 103532 ns
[2020-02-21T06:09:29.048+0000][1][safepoint    ] Safepoint "RevokeBias", Time since last: 2504938028 ns, Reaching safepoint: 80340 ns, At safepoint: 19589 ns, Total: 99929 ns
[2020-02-21T06:09:31.557+0000][1][safepoint    ] Safepoint "RevokeBias", Time since last: 2508490912 ns, Reaching safepoint: 307356 ns, At safepoint: 28287 ns, Total: 335643 ns
[2020-02-21T06:09:32.558+0000][1][safepoint    ] Safepoint "Cleanup", Time since last: 1000878204 ns, Reaching safepoint: 98803 ns, At safepoint: 9345 ns, Total: 108148 ns
[2020-02-21T06:09:34.061+0000][1][safepoint    ] Safepoint "RevokeBias", Time since last: 1503108200 ns, Reaching safepoint: 68624 ns, At safepoint: 17816 ns, Total: 86440 ns
[2020-02-21T06:09:36.566+0000][1][safepoint    ] Safepoint "RevokeBias", Time since last: 2504768742 ns, Reaching safepoint: 72950 ns, At safepoint: 17831 ns, Total: 90781 ns
[2020-02-21T06:09:39.071+0000][1][safepoint    ] Safepoint "RevokeBias", Time since last: 2504352188 ns, Reaching safepoint: 70960 ns, At safepoint: 17029 ns, Total: 87989 ns
[2020-02-21T06:09:41.584+0000][1][safepoint    ] Safepoint "RevokeBias", Time since last: 2513656397 ns, Reaching safepoint: 93526 ns, At safepoint: 24596 ns, Total: 118122 ns
[2020-02-21T06:09:44.096+0000][1][safepoint    ] Safepoint "RevokeBias", Time since last: 2511449450 ns, Reaching safepoint: 73502 ns, At safepoint: 18040 ns, Total: 91542 ns
[2020-02-21T06:09:46.600+0000][1][safepoint    ] Safepoint "RevokeBias", Time since last: 2503546531 ns, Reaching safepoint: 74343 ns, At safepoint: 17844 ns, Total: 92187 ns
[2020-02-21T06:09:49.102+0000][1][safepoint    ] Safepoint "RevokeBias", Time since last: 2502346120 ns, Reaching safepoint: 71484 ns, At safepoint: 19653 ns, Total: 91137 ns
[2020-02-21T06:09:51.609+0000][1][safepoint    ] Safepoint "RevokeBias", Time since last: 2506632305 ns, Reaching safepoint: 87604 ns, At safepoint: 21145 ns, Total: 108749 ns
[2020-02-21T06:09:54.120+0000][1][safepoint    ] Safepoint "RevokeBias", Time since last: 2510266604 ns, Reaching safepoint: 1122584 ns, At safepoint: 23863 ns, Total: 1146447 ns
[2020-02-21T06:09:56.622+0000][1][safepoint    ] Safepoint "RevokeBias", Time since last: 2502107951 ns, Reaching safepoint: 92814 ns, At safepoint: 17968 ns, Total: 110782 ns
[2020-02-21T06:09:59.139+0000][1][safepoint    ] Safepoint "RevokeBias", Time since last: 2516068947 ns, Reaching safepoint: 73531 ns, At safepoint: 19026 ns, Total: 92557 ns
[2020-02-21T06:10:01.649+0000][1][safepoint    ] Safepoint "RevokeBias", Time since last: 2510759428 ns, Reaching safepoint: 82414 ns, At safepoint: 21164 ns, Total: 103578 ns
[2020-02-21T06:10:04.153+0000][1][safepoint    ] Safepoint "RevokeBias", Time since last: 2503109452 ns, Reaching safepoint: 71837 ns, At safepoint: 17429 ns, Total: 89266 ns
[2020-02-21T06:10:06.658+0000][1][safepoint    ] Safepoint "RevokeBias", Time since last: 2505349163 ns, Reaching safepoint: 70023 ns, At safepoint: 17396 ns, Total: 87419 ns
[2020-02-21T06:10:09.162+0000][1][safepoint    ] Safepoint "RevokeBias", Time since last: 2503620276 ns, Reaching safepoint: 82603 ns, At safepoint: 20587 ns, Total: 103190 ns
[2020-02-21T06:10:11.665+0000][1][safepoint    ] Safepoint "RevokeBias", Time since last: 2502771045 ns, Reaching safepoint: 81166 ns, At safepoint: 20269 ns, Total: 101435 ns
[2020-02-21T06:10:14.171+0000][1][safepoint    ] Safepoint "RevokeBias", Time since last: 2506060231 ns, Reaching safepoint: 71444 ns, At safepoint: 17521 ns, Total: 88965 ns
[2020-02-21T06:10:16.683+0000][1][safepoint    ] Safepoint "RevokeBias", Time since last: 2512018507 ns, Reaching safepoint: 198169 ns, At safepoint: 36415 ns, Total: 234584 ns
[2020-02-21T06:10:19.192+0000][1][safepoint    ] Safepoint "RevokeBias", Time since last: 2508897930 ns, Reaching safepoint: 72976 ns, At safepoint: 38757 ns, Total: 111733 ns
[2020-02-21T06:10:21.697+0000][1][safepoint    ] Safepoint "RevokeBias", Time since last: 2504736528 ns, Reaching safepoint: 110693 ns, At safepoint: 21524 ns, Total: 132217 ns
[2020-02-21T06:10:24.201+0000][1][safepoint    ] Safepoint "RevokeBias", Time since last: 2504097356 ns, Reaching safepoint: 166747 ns, At safepoint: 21274 ns, Total: 188021 ns
[2020-02-21T06:10:26.704+0000][1][safepoint    ] Safepoint "BulkRevokeBias", Time since last: 2502883485 ns, Reaching safepoint: 85746 ns, At safepoint: 212061 ns, Total: 297807 ns
[2020-02-21T06:10:29.209+0000][1][safepoint    ] Safepoint "RevokeBias", Time since last: 2504758107 ns, Reaching safepoint: 109367 ns, At safepoint: 101586 ns, Total: 210953 ns
[2020-02-21T06:10:31.714+0000][1][safepoint    ] Safepoint "RevokeBias", Time since last: 2504753820 ns, Reaching safepoint: 78263 ns, At safepoint: 19253 ns, Total: 97516 ns
[2020-02-21T06:10:34.228+0000][1][safepoint    ] Safepoint "RevokeBias", Time since last: 2513479159 ns, Reaching safepoint: 71672 ns, At safepoint: 17774 ns, Total: 89446 ns
[2020-02-21T06:10:36.739+0000][1][safepoint    ] Safepoint "RevokeBias", Time since last: 2511123391 ns, Reaching safepoint: 82557 ns, At safepoint: 21304 ns, Total: 103861 ns
[2020-02-21T06:10:39.245+0000][1][safepoint    ] Safepoint "RevokeBias", Time since last: 2505664188 ns, Reaching safepoint: 73106 ns, At safepoint: 17979 ns, Total: 91085 ns
[2020-02-21T06:10:41.747+0000][1][safepoint    ] Safepoint "RevokeBias", Time since last: 2502562326 ns, Reaching safepoint: 77083 ns, At safepoint: 18770 ns, Total: 95853 ns
[2020-02-21T06:10:44.254+0000][1][safepoint    ] Safepoint "RevokeBias", Time since last: 2506665350 ns, Reaching safepoint: 86000 ns, At safepoint: 17107 ns, Total: 103107 ns
[2020-02-21T06:10:46.767+0000][1][safepoint    ] Safepoint "RevokeBias", Time since last: 2512992968 ns, Reaching safepoint: 113259 ns, At safepoint: 28818 ns, Total: 142077 ns
[2020-02-21T06:10:49.275+0000][1][safepoint    ] Safepoint "RevokeBias", Time since last: 2507715835 ns, Reaching safepoint: 82907 ns, At safepoint: 20938 ns, Total: 103845 ns
[2020-02-21T06:10:51.780+0000][1][safepoint    ] Safepoint "RevokeBias", Time since last: 2504774263 ns, Reaching safepoint: 203415 ns, At safepoint: 26641 ns, Total: 230056 ns
[2020-02-21T06:10:54.284+0000][1][safepoint    ] Safepoint "RevokeBias", Time since last: 2503935348 ns, Reaching safepoint: 73261 ns, At safepoint: 18118 ns, Total: 91379 ns
[2020-02-21T06:10:56.788+0000][1][safepoint    ] Safepoint "RevokeBias", Time since last: 2503597561 ns, Reaching safepoint: 75402 ns, At safepoint: 17818 ns, Total: 93220 ns
[2020-02-21T06:10:59.293+0000][1][safepoint    ] Safepoint "RevokeBias", Time since last: 2505439591 ns, Reaching safepoint: 84514 ns, At safepoint: 20185 ns, Total: 104699 ns
[2020-02-21T06:11:01.150+0000][1][gc,start     ] GC(152) Pause Young (Allocation Failure)
[2020-02-21T06:11:01.150+0000][1][gc,task      ] GC(152) Using 1 workers of 1 for evacuation
[2020-02-21T06:11:01.160+0000][1][gc,age       ] GC(152) Desired survivor size 4358144 bytes, new threshold 6 (max threshold 6)
[2020-02-21T06:11:01.160+0000][1][gc,age       ] GC(152) Age table with threshold 6 (max threshold 6)
[2020-02-21T06:11:01.160+0000][1][gc,age       ] GC(152) - age   1:      11656 bytes,      11656 total
[2020-02-21T06:11:01.160+0000][1][gc,age       ] GC(152) - age   4:        264 bytes,      11920 total
[2020-02-21T06:11:01.160+0000][1][gc,heap      ] GC(152) ParNew: 68175K->11K(76672K)
[2020-02-21T06:11:01.160+0000][1][gc,heap      ] GC(152) CMS: 62622K->62622K(963392K)
[2020-02-21T06:11:01.160+0000][1][gc,metaspace ] GC(152) Metaspace: 80620K->80620K(1124352K)
[2020-02-21T06:11:01.160+0000][1][gc           ] GC(152) Pause Young (Allocation Failure) 127M->61M(1015M) 10.243ms
[2020-02-21T06:11:01.160+0000][1][gc,cpu       ] GC(152) User=0.01s Sys=0.00s Real=0.01s
[2020-02-21T06:11:01.160+0000][1][safepoint    ] Safepoint "GenCollectForAllocation", Time since last: 1856530746 ns, Reaching safepoint: 71583 ns, At safepoint: 10292424 ns, Total: 10364007 ns
[2020-02-21T06:11:01.805+0000][1][safepoint    ] Safepoint "RevokeBias", Time since last: 644903519 ns, Reaching safepoint: 69958 ns, At safepoint: 17177 ns, Total: 87135 ns
[2020-02-21T06:11:04.315+0000][1][safepoint    ] Safepoint "RevokeBias", Time since last: 2510084055 ns, Reaching safepoint: 72571 ns, At safepoint: 17071 ns, Total: 89642 ns
[2020-02-21T06:11:06.825+0000][1][safepoint    ] Safepoint "RevokeBias", Time since last: 2509404815 ns, Reaching safepoint: 75274 ns, At safepoint: 18958 ns, Total: 94232 ns
[2020-02-21T06:11:09.329+0000][1][safepoint    ] Safepoint "RevokeBias", Time since last: 2503456658 ns, Reaching safepoint: 110655 ns, At safepoint: 18547 ns, Total: 129202 ns
[2020-02-21T06:11:11.832+0000][1][safepoint    ] Safepoint "RevokeBias", Time since last: 2503841498 ns, Reaching safepoint: 57020 ns, At safepoint: 17080 ns, Total: 74100 ns
[2020-02-21T06:11:14.337+0000][1][safepoint    ] Safepoint "RevokeBias", Time since last: 2504508861 ns, Reaching safepoint: 86226 ns, At safepoint: 21700 ns, Total: 107926 ns
[2020-02-21T06:11:16.841+0000][1][safepoint    ] Safepoint "RevokeBias", Time since last: 2503731109 ns, Reaching safepoint: 87506 ns, At safepoint: 18465 ns, Total: 105971 ns
[2020-02-21T06:11:19.345+0000][1][safepoint    ] Safepoint "RevokeBias", Time since last: 2503668872 ns, Reaching safepoint: 73141 ns, At safepoint: 17328 ns, Total: 90469 ns
[2020-02-21T06:11:21.856+0000][1][safepoint    ] Safepoint "RevokeBias", Time since last: 2511341446 ns, Reaching safepoint: 89003 ns, At safepoint: 21028 ns, Total: 110031 ns
[2020-02-21T06:11:24.368+0000][1][safepoint    ] Safepoint "RevokeBias", Time since last: 2511206923 ns, Reaching safepoint: 230954 ns, At safepoint: 22621 ns, Total: 253575 ns
[2020-02-21T06:11:26.871+0000][1][safepoint    ] Safepoint "RevokeBias", Time since last: 2503387843 ns, Reaching safepoint: 76457 ns, At safepoint: 18684 ns, Total: 95141 ns
[2020-02-21T06:11:29.377+0000][1][safepoint    ] Safepoint "RevokeBias", Time since last: 2505446143 ns, Reaching safepoint: 78972 ns, At safepoint: 19368 ns, Total: 98340 ns
[2020-02-21T06:11:31.882+0000][1][safepoint    ] Safepoint "RevokeBias", Time since last: 2505543909 ns, Reaching safepoint: 73252 ns, At safepoint: 18497 ns, Total: 91749 ns
[2020-02-21T06:11:34.385+0000][1][safepoint    ] Safepoint "RevokeBias", Time since last: 2502344819 ns, Reaching safepoint: 56987 ns, At safepoint: 16483 ns, Total: 73470 ns
[2020-02-21T06:11:36.890+0000][1][safepoint    ] Safepoint "RevokeBias", Time since last: 2505490048 ns, Reaching safepoint: 77879 ns, At safepoint: 19484 ns, Total: 97363 ns
[2020-02-21T06:11:39.401+0000][1][safepoint    ] Safepoint "BulkRevokeBias", Time since last: 2510408077 ns, Reaching safepoint: 56192 ns, At safepoint: 259948 ns, Total: 316140 ns
[2020-02-21T06:11:41.909+0000][1][safepoint    ] Safepoint "RevokeBias", Time since last: 2508186035 ns, Reaching safepoint: 78570 ns, At safepoint: 19531 ns, Total: 98101 ns
[2020-02-21T06:11:44.415+0000][1][safepoint    ] Safepoint "RevokeBias", Time since last: 2505539782 ns, Reaching safepoint: 74070 ns, At safepoint: 94823 ns, Total: 168893 ns
[2020-02-21T06:11:46.918+0000][1][safepoint    ] Safepoint "RevokeBias", Time since last: 2502930404 ns, Reaching safepoint: 120741 ns, At safepoint: 35663 ns, Total: 156404 ns
[2020-02-21T06:11:49.421+0000][1][safepoint    ] Safepoint "RevokeBias", Time since last: 2503266467 ns, Reaching safepoint: 73293 ns, At safepoint: 17913 ns, Total: 91206 ns
[2020-02-21T06:11:51.926+0000][1][safepoint    ] Safepoint "RevokeBias", Time since last: 2504508579 ns, Reaching safepoint: 90007 ns, At safepoint: 20033 ns, Total: 110040 ns
[2020-02-21T06:11:54.433+0000][1][safepoint    ] Safepoint "RevokeBias", Time since last: 2506789752 ns, Reaching safepoint: 73898 ns, At safepoint: 18136 ns, Total: 92034 ns
[2020-02-21T06:11:56.953+0000][1][safepoint    ] Safepoint "RevokeBias", Time since last: 2519969137 ns, Reaching safepoint: 72083 ns, At safepoint: 17753 ns, Total: 89836 ns
[2020-02-21T06:11:59.464+0000][1][safepoint    ] Safepoint "RevokeBias", Time since last: 2511087332 ns, Reaching safepoint: 73562 ns, At safepoint: 17812 ns, Total: 91374 ns
[2020-02-21T06:12:01.968+0000][1][safepoint    ] Safepoint "RevokeBias", Time since last: 2503594691 ns, Reaching safepoint: 55382 ns, At safepoint: 15774 ns, Total: 71156 ns
[2020-02-21T06:12:04.470+0000][1][safepoint    ] Safepoint "RevokeBias", Time since last: 2501824548 ns, Reaching safepoint: 74236 ns, At safepoint: 17408 ns, Total: 91644 ns
[2020-02-21T06:12:06.975+0000][1][safepoint    ] Safepoint "RevokeBias", Time since last: 2505295997 ns, Reaching safepoint: 144057 ns, At safepoint: 22245 ns, Total: 166302 ns
[2020-02-21T06:12:09.489+0000][1][safepoint    ] Safepoint "RevokeBias", Time since last: 2513543362 ns, Reaching safepoint: 204144 ns, At safepoint: 42333 ns, Total: 246477 ns
[2020-02-21T06:12:11.997+0000][1][safepoint    ] Safepoint "RevokeBias", Time since last: 2507501849 ns, Reaching safepoint: 73274 ns, At safepoint: 18174 ns, Total: 91448 ns
[2020-02-21T06:12:14.502+0000][1][safepoint    ] Safepoint "RevokeBias", Time since last: 2505518065 ns, Reaching safepoint: 70829 ns, At safepoint: 17151 ns, Total: 87980 ns
[2020-02-21T06:12:17.006+0000][1][safepoint    ] Safepoint "RevokeBias", Time since last: 2504149263 ns, Reaching safepoint: 74803 ns, At safepoint: 31996 ns, Total: 106799 ns
[2020-02-21T06:12:19.508+0000][1][safepoint    ] Safepoint "RevokeBias", Time since last: 2501782886 ns, Reaching safepoint: 73203 ns, At safepoint: 17070 ns, Total: 90273 ns
[2020-02-21T06:12:22.014+0000][1][safepoint    ] Safepoint "RevokeBias", Time since last: 2505504149 ns, Reaching safepoint: 96604 ns, At safepoint: 22288 ns, Total: 118892 ns
[2020-02-21T06:12:24.518+0000][1][safepoint    ] Safepoint "RevokeBias", Time since last: 2503898199 ns, Reaching safepoint: 91581 ns, At safepoint: 19063 ns, Total: 110644 ns
[2020-02-21T06:12:27.033+0000][1][safepoint    ] Safepoint "RevokeBias", Time since last: 2514911205 ns, Reaching safepoint: 73939 ns, At safepoint: 17753 ns, Total: 91692 ns
[2020-02-21T06:12:29.542+0000][1][safepoint    ] Safepoint "RevokeBias", Time since last: 2509185014 ns, Reaching safepoint: 73767 ns, At safepoint: 17716 ns, Total: 91483 ns
[2020-02-21T06:12:32.048+0000][1][safepoint    ] Safepoint "RevokeBias", Time since last: 2505814089 ns, Reaching safepoint: 56433 ns, At safepoint: 16127 ns, Total: 72560 ns
[2020-02-21T06:12:34.553+0000][1][safepoint    ] Safepoint "RevokeBias", Time since last: 2504326680 ns, Reaching safepoint: 73780 ns, At safepoint: 17651 ns, Total: 91431 ns
[2020-02-21T06:12:37.058+0000][1][safepoint    ] Safepoint "RevokeBias", Time since last: 2505531751 ns, Reaching safepoint: 72571 ns, At safepoint: 17713 ns, Total: 90284 ns
[2020-02-21T06:12:39.563+0000][1][safepoint    ] Safepoint "RevokeBias", Time since last: 2504261801 ns, Reaching safepoint: 74920 ns, At safepoint: 17945 ns, Total: 92865 ns
[2020-02-21T06:12:42.065+0000][1][safepoint    ] Safepoint "RevokeBias", Time since last: 2502903368 ns, Reaching safepoint: 74001 ns, At safepoint: 17725 ns, Total: 91726 ns
[2020-02-21T06:12:44.580+0000][1][safepoint    ] Safepoint "RevokeBias", Time since last: 2514373268 ns, Reaching safepoint: 80995 ns, At safepoint: 17388 ns, Total: 98383 ns
[2020-02-21T06:12:47.088+0000][1][safepoint    ] Safepoint "RevokeBias", Time since last: 2507728729 ns, Reaching safepoint: 113675 ns, At safepoint: 20518 ns, Total: 134193 ns
[2020-02-21T06:12:49.591+0000][1][safepoint    ] Safepoint "RevokeBias", Time since last: 2502949620 ns, Reaching safepoint: 98335 ns, At safepoint: 19046 ns, Total: 117381 ns
[2020-02-21T06:12:52.097+0000][1][safepoint    ] Safepoint "BulkRevokeBias", Time since last: 2506073975 ns, Reaching safepoint: 93688 ns, At safepoint: 186291 ns, Total: 279979 ns
[2020-02-21T06:12:54.600+0000][1][safepoint    ] Safepoint "RevokeBias", Time since last: 2502277468 ns, Reaching safepoint: 70184 ns, At safepoint: 46514 ns, Total: 116698 ns
[2020-02-21T06:12:57.103+0000][1][safepoint    ] Safepoint "RevokeBias", Time since last: 2503373685 ns, Reaching safepoint: 71860 ns, At safepoint: 15970 ns, Total: 87830 ns
[2020-02-21T06:12:59.608+0000][1][safepoint    ] Safepoint "RevokeBias", Time since last: 2504359528 ns, Reaching safepoint: 73401 ns, At safepoint: 17752 ns, Total: 91153 ns
[2020-02-21T06:13:02.124+0000][1][safepoint    ] Safepoint "RevokeBias", Time since last: 2515862393 ns, Reaching safepoint: 235103 ns, At safepoint: 30285 ns, Total: 265388 ns
[2020-02-21T06:13:04.631+0000][1][safepoint    ] Safepoint "RevokeBias", Time since last: 2507637938 ns, Reaching safepoint: 116673 ns, At safepoint: 20220 ns, Total: 136893 ns
[2020-02-21T06:13:07.136+0000][1][safepoint    ] Safepoint "RevokeBias", Time since last: 2504183843 ns, Reaching safepoint: 152394 ns, At safepoint: 26232 ns, Total: 178626 ns
[2020-02-21T06:13:09.639+0000][1][safepoint    ] Safepoint "RevokeBias", Time since last: 2502988839 ns, Reaching safepoint: 75747 ns, At safepoint: 17812 ns, Total: 93559 ns
[2020-02-21T06:13:12.142+0000][1][safepoint    ] Safepoint "RevokeBias", Time since last: 2502627299 ns, Reaching safepoint: 82714 ns, At safepoint: 19925 ns, Total: 102639 ns
[2020-02-21T06:13:14.646+0000][1][safepoint    ] Safepoint "RevokeBias", Time since last: 2504355795 ns, Reaching safepoint: 55386 ns, At safepoint: 15344 ns, Total: 70730 ns
[2020-02-21T06:13:17.149+0000][1][safepoint    ] Safepoint "RevokeBias", Time since last: 2503185069 ns, Reaching safepoint: 70481 ns, At safepoint: 17142 ns, Total: 87623 ns
[2020-02-21T06:13:19.660+0000][1][gc,start     ] GC(153) Pause Young (Allocation Failure)
[2020-02-21T06:13:19.660+0000][1][gc,task      ] GC(153) Using 1 workers of 1 for evacuation
[2020-02-21T06:13:19.684+0000][1][gc,age       ] GC(153) Desired survivor size 4358144 bytes, new threshold 6 (max threshold 6)
[2020-02-21T06:13:19.684+0000][1][gc,age       ] GC(153) Age table with threshold 6 (max threshold 6)
[2020-02-21T06:13:19.684+0000][1][gc,age       ] GC(153) - age   1:      11800 bytes,      11800 total
[2020-02-21T06:13:19.684+0000][1][gc,age       ] GC(153) - age   2:        240 bytes,      12040 total
[2020-02-21T06:13:19.684+0000][1][gc,age       ] GC(153) - age   5:        264 bytes,      12304 total
[2020-02-21T06:13:19.684+0000][1][gc,heap      ] GC(153) ParNew: 68171K->23K(76672K)
[2020-02-21T06:13:19.684+0000][1][gc,heap      ] GC(153) CMS: 62622K->62622K(963392K)
[2020-02-21T06:13:19.684+0000][1][gc,metaspace ] GC(153) Metaspace: 80620K->80620K(1124352K)
[2020-02-21T06:13:19.684+0000][1][gc           ] GC(153) Pause Young (Allocation Failure) 127M->61M(1015M) 23.571ms
[2020-02-21T06:13:19.684+0000][1][gc,cpu       ] GC(153) User=0.02s Sys=0.00s Real=0.02s
[2020-02-21T06:13:19.684+0000][1][safepoint    ] Safepoint "GenCollectForAllocation", Time since last: 2510768958 ns, Reaching safepoint: 59259 ns, At safepoint: 23651758 ns, Total: 23711017 ns
[2020-02-21T06:13:19.685+0000][1][safepoint    ] Safepoint "RevokeBias", Time since last: 990483 ns, Reaching safepoint: 74797 ns, At safepoint: 25697 ns, Total: 100494 ns
[2020-02-21T06:13:22.194+0000][1][safepoint    ] Safepoint "RevokeBias", Time since last: 2509286262 ns, Reaching safepoint: 87991 ns, At safepoint: 20056 ns, Total: 108047 ns
[2020-02-21T06:13:24.697+0000][1][safepoint    ] Safepoint "RevokeBias", Time since last: 2502676438 ns, Reaching safepoint: 77350 ns, At safepoint: 18462 ns, Total: 95812 ns
[2020-02-21T06:13:27.201+0000][1][safepoint    ] Safepoint "RevokeBias", Time since last: 2504218714 ns, Reaching safepoint: 74371 ns, At safepoint: 17755 ns, Total: 92126 ns
[2020-02-21T06:13:29.704+0000][1][safepoint    ] Safepoint "RevokeBias", Time since last: 2502620456 ns, Reaching safepoint: 72475 ns, At safepoint: 18572 ns, Total: 91047 ns
[2020-02-21T06:13:32.219+0000][1][safepoint    ] Safepoint "RevokeBias", Time since last: 2514679707 ns, Reaching safepoint: 72150 ns, At safepoint: 17744 ns, Total: 89894 ns
[2020-02-21T06:13:34.727+0000][1][safepoint    ] Safepoint "RevokeBias", Time since last: 2508515224 ns, Reaching safepoint: 80634 ns, At safepoint: 19151 ns, Total: 99785 ns
[2020-02-21T06:13:37.232+0000][1][safepoint    ] Safepoint "RevokeBias", Time since last: 2504653943 ns, Reaching safepoint: 74629 ns, At safepoint: 18334 ns, Total: 92963 ns
[2020-02-21T06:13:39.735+0000][1][safepoint    ] Safepoint "RevokeBias", Time since last: 2502990059 ns, Reaching safepoint: 71336 ns, At safepoint: 17328 ns, Total: 88664 ns
[2020-02-21T06:13:42.237+0000][1][safepoint    ] Safepoint "RevokeBias", Time since last: 2501421117 ns, Reaching safepoint: 74752 ns, At safepoint: 17903 ns, Total: 92655 ns
[2020-02-21T06:13:44.740+0000][1][safepoint    ] Safepoint "RevokeBias", Time since last: 2502854395 ns, Reaching safepoint: 70476 ns, At safepoint: 16936 ns, Total: 87412 ns
[2020-02-21T06:13:47.242+0000][1][safepoint    ] Safepoint "RevokeBias", Time since last: 2502469187 ns, Reaching safepoint: 80643 ns, At safepoint: 20760 ns, Total: 101403 ns
[2020-02-21T06:13:49.752+0000][1][safepoint    ] Safepoint "RevokeBias", Time since last: 2509469009 ns, Reaching safepoint: 89628 ns, At safepoint: 17793 ns, Total: 107421 ns
[2020-02-21T06:13:52.262+0000][1][safepoint    ] Safepoint "RevokeBias", Time since last: 2509594424 ns, Reaching safepoint: 90635 ns, At safepoint: 110098 ns, Total: 200733 ns
[2020-02-21T06:13:54.765+0000][1][safepoint    ] Safepoint "RevokeBias", Time since last: 2503017658 ns, Reaching safepoint: 73388 ns, At safepoint: 17841 ns, Total: 91229 ns
[2020-02-21T06:13:57.269+0000][1][safepoint    ] Safepoint "RevokeBias", Time since last: 2503957381 ns, Reaching safepoint: 74266 ns, At safepoint: 17830 ns, Total: 92096 ns
[2020-02-21T06:13:59.773+0000][1][safepoint    ] Safepoint "RevokeBias", Time since last: 2504027316 ns, Reaching safepoint: 113910 ns, At safepoint: 27320 ns, Total: 141230 ns
[2020-02-21T06:14:02.279+0000][1][safepoint    ] Safepoint "RevokeBias", Time since last: 2505866885 ns, Reaching safepoint: 86399 ns, At safepoint: 21341 ns, Total: 107740 ns
[2020-02-21T06:14:05.292+0000][1][safepoint    ] Safepoint "BulkRevokeBias", Time since last: 3012967623 ns, Reaching safepoint: 76646 ns, At safepoint: 201150 ns, Total: 277796 ns
[2020-02-21T06:14:07.812+0000][1][safepoint    ] Safepoint "RevokeBias", Time since last: 2519850161 ns, Reaching safepoint: 71748 ns, At safepoint: 17188 ns, Total: 88936 ns
[2020-02-21T06:14:10.320+0000][1][safepoint    ] Safepoint "RevokeBias", Time since last: 2507376959 ns, Reaching safepoint: 214485 ns, At safepoint: 18632 ns, Total: 233117 ns
[2020-02-21T06:14:12.824+0000][1][safepoint    ] Safepoint "RevokeBias", Time since last: 2503875145 ns, Reaching safepoint: 83605 ns, At safepoint: 20766 ns, Total: 104371 ns
[2020-02-21T06:14:15.329+0000][1][safepoint    ] Safepoint "RevokeBias", Time since last: 2504742698 ns, Reaching safepoint: 70905 ns, At safepoint: 16927 ns, Total: 87832 ns
[2020-02-21T06:14:17.832+0000][1][safepoint    ] Safepoint "RevokeBias", Time since last: 2503237701 ns, Reaching safepoint: 87172 ns, At safepoint: 20807 ns, Total: 107979 ns
[2020-02-21T06:14:20.335+0000][1][safepoint    ] Safepoint "RevokeBias", Time since last: 2503243700 ns, Reaching safepoint: 105909 ns, At safepoint: 31089 ns, Total: 136998 ns
[2020-02-21T06:14:22.842+0000][1][safepoint    ] Safepoint "RevokeBias", Time since last: 2506187096 ns, Reaching safepoint: 91434 ns, At safepoint: 20985 ns, Total: 112419 ns
[2020-02-21T06:14:25.355+0000][1][safepoint    ] Safepoint "RevokeBias", Time since last: 2512984308 ns, Reaching safepoint: 88511 ns, At safepoint: 18404 ns, Total: 106915 ns
[2020-02-21T06:14:27.864+0000][1][safepoint    ] Safepoint "RevokeBias", Time since last: 2509478516 ns, Reaching safepoint: 185791 ns, At safepoint: 20852 ns, Total: 206643 ns
[2020-02-21T06:14:30.368+0000][1][safepoint    ] Safepoint "RevokeBias", Time since last: 2503401491 ns, Reaching safepoint: 97564 ns, At safepoint: 24874 ns, Total: 122438 ns
[2020-02-21T06:14:32.874+0000][1][safepoint    ] Safepoint "RevokeBias", Time since last: 2505748762 ns, Reaching safepoint: 128675 ns, At safepoint: 44358 ns, Total: 173033 ns
[2020-02-21T06:14:35.377+0000][1][safepoint    ] Safepoint "RevokeBias", Time since last: 2502509018 ns, Reaching safepoint: 114934 ns, At safepoint: 27537 ns, Total: 142471 ns
[2020-02-21T06:14:37.882+0000][1][safepoint    ] Safepoint "RevokeBias", Time since last: 2505763243 ns, Reaching safepoint: 73452 ns, At safepoint: 18047 ns, Total: 91499 ns
[2020-02-21T06:14:40.386+0000][1][safepoint    ] Safepoint "RevokeBias", Time since last: 2504029613 ns, Reaching safepoint: 73890 ns, At safepoint: 18754 ns, Total: 92644 ns
[2020-02-21T06:14:42.901+0000][1][safepoint    ] Safepoint "RevokeBias", Time since last: 2514001060 ns, Reaching safepoint: 74174 ns, At safepoint: 86191 ns, Total: 160365 ns
[2020-02-21T06:14:45.408+0000][1][safepoint    ] Safepoint "RevokeBias", Time since last: 2507310446 ns, Reaching safepoint: 74190 ns, At safepoint: 17831 ns, Total: 92021 ns
[2020-02-21T06:14:47.910+0000][1][safepoint    ] Safepoint "RevokeBias", Time since last: 2502265505 ns, Reaching safepoint: 73165 ns, At safepoint: 16950 ns, Total: 90115 ns
[2020-02-21T06:14:50.412+0000][1][safepoint    ] Safepoint "RevokeBias", Time since last: 2501836348 ns, Reaching safepoint: 159157 ns, At safepoint: 21223 ns, Total: 180380 ns
[2020-02-21T06:14:52.918+0000][1][safepoint    ] Safepoint "RevokeBias", Time since last: 2505719708 ns, Reaching safepoint: 99971 ns, At safepoint: 58345 ns, Total: 158316 ns
[2020-02-21T06:14:55.422+0000][1][safepoint    ] Safepoint "RevokeBias", Time since last: 2503161651 ns, Reaching safepoint: 72052 ns, At safepoint: 17575 ns, Total: 89627 ns
[2020-02-21T06:14:57.925+0000][1][safepoint    ] Safepoint "RevokeBias", Time since last: 2503234731 ns, Reaching safepoint: 87946 ns, At safepoint: 22847 ns, Total: 110793 ns
[2020-02-21T06:15:00.435+0000][1][safepoint    ] Safepoint "RevokeBias", Time since last: 2510175732 ns, Reaching safepoint: 71983 ns, At safepoint: 17900 ns, Total: 89883 ns
[2020-02-21T06:15:02.945+0000][1][safepoint    ] Safepoint "RevokeBias", Time since last: 2509917607 ns, Reaching safepoint: 219081 ns, At safepoint: 53253 ns, Total: 272334 ns
[2020-02-21T06:15:05.448+0000][1][safepoint    ] Safepoint "RevokeBias", Time since last: 2502618814 ns, Reaching safepoint: 131043 ns, At safepoint: 62707 ns, Total: 193750 ns
[2020-02-21T06:15:07.952+0000][1][safepoint    ] Safepoint "RevokeBias", Time since last: 2504182931 ns, Reaching safepoint: 55704 ns, At safepoint: 16355 ns, Total: 72059 ns
[2020-02-21T06:15:10.457+0000][1][safepoint    ] Safepoint "RevokeBias", Time since last: 2504271085 ns, Reaching safepoint: 111524 ns, At safepoint: 27625 ns, Total: 139149 ns
[2020-02-21T06:15:12.961+0000][1][safepoint    ] Safepoint "RevokeBias", Time since last: 2503869161 ns, Reaching safepoint: 157028 ns, At safepoint: 47964 ns, Total: 204992 ns
[2020-02-21T06:15:15.465+0000][1][safepoint    ] Safepoint "RevokeBias", Time since last: 2503778473 ns, Reaching safepoint: 70311 ns, At safepoint: 17466 ns, Total: 87777 ns
[2020-02-21T06:15:17.977+0000][1][safepoint    ] Safepoint "BulkRevokeBias", Time since last: 2512075600 ns, Reaching safepoint: 53815 ns, At safepoint: 262853 ns, Total: 316668 ns
[2020-02-21T06:15:20.484+0000][1][safepoint    ] Safepoint "RevokeBias", Time since last: 2507074969 ns, Reaching safepoint: 83091 ns, At safepoint: 20740 ns, Total: 103831 ns
[2020-02-21T06:15:22.991+0000][1][safepoint    ] Safepoint "RevokeBias", Time since last: 2506177632 ns, Reaching safepoint: 88251 ns, At safepoint: 19943 ns, Total: 108194 ns
[2020-02-21T06:15:25.497+0000][1][safepoint    ] Safepoint "RevokeBias", Time since last: 2505987131 ns, Reaching safepoint: 80917 ns, At safepoint: 19782 ns, Total: 100699 ns
[2020-02-21T06:15:27.998+0000][1][safepoint    ] Safepoint "RevokeBias", Time since last: 2501326214 ns, Reaching safepoint: 70830 ns, At safepoint: 17815 ns, Total: 88645 ns
[2020-02-21T06:15:30.507+0000][1][safepoint    ] Safepoint "RevokeBias", Time since last: 2508726968 ns, Reaching safepoint: 75028 ns, At safepoint: 18241 ns, Total: 93269 ns
[2020-02-21T06:15:33.019+0000][1][safepoint    ] Safepoint "RevokeBias", Time since last: 2512127895 ns, Reaching safepoint: 78840 ns, At safepoint: 18935 ns, Total: 97775 ns
[2020-02-21T06:15:35.529+0000][1][safepoint    ] Safepoint "RevokeBias", Time since last: 2509848151 ns, Reaching safepoint: 74265 ns, At safepoint: 18125 ns, Total: 92390 ns
[2020-02-21T06:15:38.036+0000][1][safepoint    ] Safepoint "RevokeBias", Time since last: 2507047139 ns, Reaching safepoint: 71413 ns, At safepoint: 17976 ns, Total: 89389 ns
[2020-02-21T06:15:39.729+0000][1][gc,start     ] GC(154) Pause Young (Allocation Failure)
[2020-02-21T06:15:39.729+0000][1][gc,task      ] GC(154) Using 1 workers of 1 for evacuation
[2020-02-21T06:15:39.744+0000][1][gc,age       ] GC(154) Desired survivor size 4358144 bytes, new threshold 6 (max threshold 6)
[2020-02-21T06:15:39.744+0000][1][gc,age       ] GC(154) Age table with threshold 6 (max threshold 6)
[2020-02-21T06:15:39.744+0000][1][gc,age       ] GC(154) - age   1:      13216 bytes,      13216 total
[2020-02-21T06:15:39.744+0000][1][gc,age       ] GC(154) - age   6:         32 bytes,      13248 total
[2020-02-21T06:15:39.744+0000][1][gc,heap      ] GC(154) ParNew: 68183K->14K(76672K)
[2020-02-21T06:15:39.744+0000][1][gc,heap      ] GC(154) CMS: 62622K->62622K(963392K)
[2020-02-21T06:15:39.744+0000][1][gc,metaspace ] GC(154) Metaspace: 80620K->80620K(1124352K)
[2020-02-21T06:15:39.744+0000][1][gc           ] GC(154) Pause Young (Allocation Failure) 127M->61M(1015M) 14.806ms
[2020-02-21T06:15:39.744+0000][1][gc,cpu       ] GC(154) User=0.01s Sys=0.00s Real=0.01s
[2020-02-21T06:15:39.744+0000][1][safepoint    ] Safepoint "GenCollectForAllocation", Time since last: 1692805022 ns, Reaching safepoint: 92104 ns, At safepoint: 14867561 ns, Total: 14959665 ns
[2020-02-21T06:15:40.539+0000][1][safepoint    ] Safepoint "RevokeBias", Time since last: 795136246 ns, Reaching safepoint: 73662 ns, At safepoint: 18054 ns, Total: 91716 ns
[2020-02-21T06:15:43.042+0000][1][safepoint    ] Safepoint "RevokeBias", Time since last: 2502235936 ns, Reaching safepoint: 57889 ns, At safepoint: 16704 ns, Total: 74593 ns
[2020-02-21T06:15:45.545+0000][1][safepoint    ] Safepoint "RevokeBias", Time since last: 2503656797 ns, Reaching safepoint: 74322 ns, At safepoint: 18198 ns, Total: 92520 ns
[2020-02-21T06:15:48.069+0000][1][safepoint    ] Safepoint "RevokeBias", Time since last: 2523391771 ns, Reaching safepoint: 73301 ns, At safepoint: 59887 ns, Total: 133188 ns
[2020-02-21T06:15:50.582+0000][1][safepoint    ] Safepoint "RevokeBias", Time since last: 2512963174 ns, Reaching safepoint: 73113 ns, At safepoint: 18184 ns, Total: 91297 ns
[2020-02-21T06:15:53.087+0000][1][safepoint    ] Safepoint "RevokeBias", Time since last: 2504579072 ns, Reaching safepoint: 84880 ns, At safepoint: 68556 ns, Total: 153436 ns
[2020-02-21T06:15:55.591+0000][1][safepoint    ] Safepoint "RevokeBias", Time since last: 2504783069 ns, Reaching safepoint: 72825 ns, At safepoint: 17888 ns, Total: 90713 ns
[2020-02-21T06:15:58.096+0000][1][safepoint    ] Safepoint "RevokeBias", Time since last: 2504562045 ns, Reaching safepoint: 73969 ns, At safepoint: 18082 ns, Total: 92051 ns
[2020-02-21T06:16:00.602+0000][1][safepoint    ] Safepoint "RevokeBias", Time since last: 2505546390 ns, Reaching safepoint: 73604 ns, At safepoint: 18259 ns, Total: 91863 ns
[2020-02-21T06:16:03.104+0000][1][safepoint    ] Safepoint "RevokeBias", Time since last: 2502596770 ns, Reaching safepoint: 72496 ns, At safepoint: 18037 ns, Total: 90533 ns
[2020-02-21T06:16:05.620+0000][1][safepoint    ] Safepoint "RevokeBias", Time since last: 2514958597 ns, Reaching safepoint: 70365 ns, At safepoint: 17113 ns, Total: 87478 ns
[2020-02-21T06:16:08.133+0000][1][safepoint    ] Safepoint "RevokeBias", Time since last: 2513714256 ns, Reaching safepoint: 73320 ns, At safepoint: 17614 ns, Total: 90934 ns
[2020-02-21T06:16:10.638+0000][1][safepoint    ] Safepoint "RevokeBias", Time since last: 2504681721 ns, Reaching safepoint: 71885 ns, At safepoint: 17782 ns, Total: 89667 ns
[2020-02-21T06:16:13.141+0000][1][safepoint    ] Safepoint "RevokeBias", Time since last: 2503060421 ns, Reaching safepoint: 72984 ns, At safepoint: 17057 ns, Total: 90041 ns
[2020-02-21T06:16:15.646+0000][1][safepoint    ] Safepoint "RevokeBias", Time since last: 2504813710 ns, Reaching safepoint: 129964 ns, At safepoint: 32050 ns, Total: 162014 ns
[2020-02-21T06:16:18.150+0000][1][safepoint    ] Safepoint "RevokeBias", Time since last: 2503764659 ns, Reaching safepoint: 71630 ns, At safepoint: 17137 ns, Total: 88767 ns
[2020-02-21T06:16:20.653+0000][1][safepoint    ] Safepoint "RevokeBias", Time since last: 2502584057 ns, Reaching safepoint: 75368 ns, At safepoint: 18040 ns, Total: 93408 ns
[2020-02-21T06:16:23.170+0000][1][safepoint    ] Safepoint "RevokeBias", Time since last: 2516818857 ns, Reaching safepoint: 94248 ns, At safepoint: 21604 ns, Total: 115852 ns
[2020-02-21T06:16:25.680+0000][1][safepoint    ] Safepoint "RevokeBias", Time since last: 2509847671 ns, Reaching safepoint: 75334 ns, At safepoint: 17952 ns, Total: 93286 ns
[2020-02-21T06:16:28.182+0000][1][safepoint    ] Safepoint "RevokeBias", Time since last: 2502261621 ns, Reaching safepoint: 85967 ns, At safepoint: 27728 ns, Total: 113695 ns
[2020-02-21T06:16:30.687+0000][1][safepoint    ] Safepoint "BulkRevokeBias", Time since last: 2504802520 ns, Reaching safepoint: 78692 ns, At safepoint: 249304 ns, Total: 327996 ns
[2020-02-21T06:16:33.190+0000][1][safepoint    ] Safepoint "RevokeBias", Time since last: 2503200511 ns, Reaching safepoint: 71861 ns, At safepoint: 17310 ns, Total: 89171 ns
[2020-02-21T06:16:35.695+0000][1][safepoint    ] Safepoint "RevokeBias", Time since last: 2504014667 ns, Reaching safepoint: 73576 ns, At safepoint: 17403 ns, Total: 90979 ns
[2020-02-21T06:16:38.201+0000][1][safepoint    ] Safepoint "RevokeBias", Time since last: 2506586298 ns, Reaching safepoint: 71877 ns, At safepoint: 17732 ns, Total: 89609 ns
[2020-02-21T06:16:40.718+0000][1][safepoint    ] Safepoint "RevokeBias", Time since last: 2516319649 ns, Reaching safepoint: 73726 ns, At safepoint: 17345 ns, Total: 91071 ns
[2020-02-21T06:16:43.223+0000][1][safepoint    ] Safepoint "RevokeBias", Time since last: 2505022129 ns, Reaching safepoint: 72540 ns, At safepoint: 17526 ns, Total: 90066 ns
[2020-02-21T06:16:45.727+0000][1][safepoint    ] Safepoint "RevokeBias", Time since last: 2504368740 ns, Reaching safepoint: 73552 ns, At safepoint: 17762 ns, Total: 91314 ns
[2020-02-21T06:16:48.232+0000][1][safepoint    ] Safepoint "RevokeBias", Time since last: 2504574806 ns, Reaching safepoint: 115411 ns, At safepoint: 49933 ns, Total: 165344 ns
[2020-02-21T06:16:50.735+0000][1][safepoint    ] Safepoint "RevokeBias", Time since last: 2502572830 ns, Reaching safepoint: 73022 ns, At safepoint: 17735 ns, Total: 90757 ns
[2020-02-21T06:16:53.240+0000][1][safepoint    ] Safepoint "RevokeBias", Time since last: 2505439965 ns, Reaching safepoint: 86558 ns, At safepoint: 120211 ns, Total: 206769 ns
[2020-02-21T06:16:55.745+0000][1][safepoint    ] Safepoint "RevokeBias", Time since last: 2504211568 ns, Reaching safepoint: 75929 ns, At safepoint: 18931 ns, Total: 94860 ns
[2020-02-21T06:16:58.263+0000][1][safepoint    ] Safepoint "RevokeBias", Time since last: 2518194513 ns, Reaching safepoint: 72598 ns, At safepoint: 17515 ns, Total: 90113 ns
[2020-02-21T06:17:00.778+0000][1][safepoint    ] Safepoint "RevokeBias", Time since last: 2515334606 ns, Reaching safepoint: 142130 ns, At safepoint: 94278 ns, Total: 236408 ns
[2020-02-21T06:17:03.285+0000][1][safepoint    ] Safepoint "RevokeBias", Time since last: 2506935674 ns, Reaching safepoint: 73086 ns, At safepoint: 17355 ns, Total: 90441 ns
[2020-02-21T06:17:05.789+0000][1][safepoint    ] Safepoint "RevokeBias", Time since last: 2502916646 ns, Reaching safepoint: 206911 ns, At safepoint: 46455 ns, Total: 253366 ns
[2020-02-21T06:17:08.295+0000][1][safepoint    ] Safepoint "RevokeBias", Time since last: 2506321708 ns, Reaching safepoint: 125377 ns, At safepoint: 19778 ns, Total: 145155 ns
[2020-02-21T06:17:10.808+0000][1][safepoint    ] Safepoint "RevokeBias", Time since last: 2512464295 ns, Reaching safepoint: 57518 ns, At safepoint: 15709 ns, Total: 73227 ns
[2020-02-21T06:17:13.316+0000][1][safepoint    ] Safepoint "RevokeBias", Time since last: 2507845969 ns, Reaching safepoint: 71849 ns, At safepoint: 17658 ns, Total: 89507 ns
[2020-02-21T06:17:15.819+0000][1][safepoint    ] Safepoint "RevokeBias", Time since last: 2503673282 ns, Reaching safepoint: 56093 ns, At safepoint: 16356 ns, Total: 72449 ns
[2020-02-21T06:17:18.324+0000][1][safepoint    ] Safepoint "RevokeBias", Time since last: 2504306039 ns, Reaching safepoint: 118534 ns, At safepoint: 20692 ns, Total: 139226 ns
[2020-02-21T06:17:20.826+0000][1][safepoint    ] Safepoint "RevokeBias", Time since last: 2502247599 ns, Reaching safepoint: 73000 ns, At safepoint: 17373 ns, Total: 90373 ns
[2020-02-21T06:17:23.333+0000][1][safepoint    ] Safepoint "RevokeBias", Time since last: 2506340616 ns, Reaching safepoint: 74818 ns, At safepoint: 19256 ns, Total: 94074 ns
[2020-02-21T06:17:25.837+0000][1][safepoint    ] Safepoint "RevokeBias", Time since last: 2504780794 ns, Reaching safepoint: 115871 ns, At safepoint: 28590 ns, Total: 144461 ns
[2020-02-21T06:17:28.348+0000][1][safepoint    ] Safepoint "RevokeBias", Time since last: 2510755193 ns, Reaching safepoint: 73645 ns, At safepoint: 141320 ns, Total: 214965 ns
[2020-02-21T06:17:30.861+0000][1][safepoint    ] Safepoint "RevokeBias", Time since last: 2512061262 ns, Reaching safepoint: 55230 ns, At safepoint: 15775 ns, Total: 71005 ns
[2020-02-21T06:17:33.365+0000][1][safepoint    ] Safepoint "RevokeBias", Time since last: 2504096652 ns, Reaching safepoint: 142502 ns, At safepoint: 20937 ns, Total: 163439 ns
[2020-02-21T06:17:35.867+0000][1][safepoint    ] Safepoint "RevokeBias", Time since last: 2502561961 ns, Reaching safepoint: 75331 ns, At safepoint: 18305 ns, Total: 93636 ns
[2020-02-21T06:17:38.373+0000][1][safepoint    ] Safepoint "RevokeBias", Time since last: 2505781726 ns, Reaching safepoint: 123698 ns, At safepoint: 23664 ns, Total: 147362 ns
[2020-02-21T06:17:40.875+0000][1][safepoint    ] Safepoint "RevokeBias", Time since last: 2501500810 ns, Reaching safepoint: 73902 ns, At safepoint: 17801 ns, Total: 91703 ns
[2020-02-21T06:17:43.378+0000][1][safepoint    ] Safepoint "BulkRevokeBias", Time since last: 2502522721 ns, Reaching safepoint: 73177 ns, At safepoint: 237263 ns, Total: 310440 ns
[2020-02-21T06:17:45.896+0000][1][safepoint    ] Safepoint "RevokeBias", Time since last: 2518238995 ns, Reaching safepoint: 55095 ns, At safepoint: 16084 ns, Total: 71179 ns
[2020-02-21T06:17:48.406+0000][1][safepoint    ] Safepoint "RevokeBias", Time since last: 2509450674 ns, Reaching safepoint: 73565 ns, At safepoint: 17375 ns, Total: 90940 ns
[2020-02-21T06:17:50.909+0000][1][safepoint    ] Safepoint "RevokeBias", Time since last: 2503583510 ns, Reaching safepoint: 71672 ns, At safepoint: 17622 ns, Total: 89294 ns
[2020-02-21T06:17:53.415+0000][1][safepoint    ] Safepoint "RevokeBias", Time since last: 2505644915 ns, Reaching safepoint: 71987 ns, At safepoint: 18602 ns, Total: 90589 ns
[2020-02-21T06:17:55.920+0000][1][safepoint    ] Safepoint "RevokeBias", Time since last: 2504379389 ns, Reaching safepoint: 151049 ns, At safepoint: 20314 ns, Total: 171363 ns
[2020-02-21T06:17:58.421+0000][1][safepoint    ] Safepoint "RevokeBias", Time since last: 2501743965 ns, Reaching safepoint: 70774 ns, At safepoint: 17779 ns, Total: 88553 ns
[2020-02-21T06:17:59.936+0000][1][gc,start     ] GC(155) Pause Young (Allocation Failure)
[2020-02-21T06:17:59.936+0000][1][gc,task      ] GC(155) Using 1 workers of 1 for evacuation
[2020-02-21T06:17:59.945+0000][1][gc,age       ] GC(155) Desired survivor size 4358144 bytes, new threshold 6 (max threshold 6)
[2020-02-21T06:17:59.945+0000][1][gc,age       ] GC(155) Age table with threshold 6 (max threshold 6)
[2020-02-21T06:17:59.945+0000][1][gc,age       ] GC(155) - age   1:      11728 bytes,      11728 total
[2020-02-21T06:17:59.945+0000][1][gc,age       ] GC(155) - age   2:        264 bytes,      11992 total
[2020-02-21T06:17:59.945+0000][1][gc,heap      ] GC(155) ParNew: 68174K->23K(76672K)
[2020-02-21T06:17:59.945+0000][1][gc,heap      ] GC(155) CMS: 62622K->62622K(963392K)
[2020-02-21T06:17:59.945+0000][1][gc,metaspace ] GC(155) Metaspace: 80620K->80620K(1124352K)
[2020-02-21T06:17:59.945+0000][1][gc           ] GC(155) Pause Young (Allocation Failure) 127M->61M(1015M) 9.694ms
[2020-02-21T06:17:59.945+0000][1][gc,cpu       ] GC(155) User=0.00s Sys=0.00s Real=0.00s
[2020-02-21T06:17:59.946+0000][1][safepoint    ] Safepoint "GenCollectForAllocation", Time since last: 1514207678 ns, Reaching safepoint: 81026 ns, At safepoint: 9782608 ns, Total: 9863634 ns
[2020-02-21T06:18:00.925+0000][1][safepoint    ] Safepoint "RevokeBias", Time since last: 979815514 ns, Reaching safepoint: 76311 ns, At safepoint: 18558 ns, Total: 94869 ns
[2020-02-21T06:18:03.440+0000][1][safepoint    ] Safepoint "RevokeBias", Time since last: 2514638916 ns, Reaching safepoint: 72675 ns, At safepoint: 18032 ns, Total: 90707 ns
[2020-02-21T06:18:05.949+0000][1][safepoint    ] Safepoint "RevokeBias", Time since last: 2509056453 ns, Reaching safepoint: 75189 ns, At safepoint: 17959 ns, Total: 93148 ns
[2020-02-21T06:18:08.454+0000][1][safepoint    ] Safepoint "RevokeBias", Time since last: 2504141154 ns, Reaching safepoint: 57262 ns, At safepoint: 16299 ns, Total: 73561 ns
[2020-02-21T06:18:10.958+0000][1][safepoint    ] Safepoint "RevokeBias", Time since last: 2504622527 ns, Reaching safepoint: 73226 ns, At safepoint: 17898 ns, Total: 91124 ns
[2020-02-21T06:18:13.461+0000][1][safepoint    ] Safepoint "RevokeBias", Time since last: 2502348838 ns, Reaching safepoint: 80621 ns, At safepoint: 17424 ns, Total: 98045 ns
[2020-02-21T06:18:15.967+0000][1][safepoint    ] Safepoint "RevokeBias", Time since last: 2506039462 ns, Reaching safepoint: 74715 ns, At safepoint: 17543 ns, Total: 92258 ns
[2020-02-21T06:18:18.469+0000][1][safepoint    ] Safepoint "RevokeBias", Time since last: 2502257687 ns, Reaching safepoint: 71850 ns, At safepoint: 17793 ns, Total: 89643 ns
[2020-02-21T06:18:20.986+0000][1][safepoint    ] Safepoint "RevokeBias", Time since last: 2516674629 ns, Reaching safepoint: 54858 ns, At safepoint: 15793 ns, Total: 70651 ns
[2020-02-21T06:18:23.499+0000][1][safepoint    ] Safepoint "RevokeBias", Time since last: 2513371708 ns, Reaching safepoint: 90352 ns, At safepoint: 21494 ns, Total: 111846 ns
[2020-02-21T06:18:26.003+0000][1][safepoint    ] Safepoint "RevokeBias", Time since last: 2503786798 ns, Reaching safepoint: 158836 ns, At safepoint: 21416 ns, Total: 180252 ns
[2020-02-21T06:18:28.505+0000][1][safepoint    ] Safepoint "RevokeBias", Time since last: 2501672065 ns, Reaching safepoint: 73505 ns, At safepoint: 17442 ns, Total: 90947 ns
[2020-02-21T06:18:31.009+0000][1][safepoint    ] Safepoint "RevokeBias", Time since last: 2504164858 ns, Reaching safepoint: 77479 ns, At safepoint: 19195 ns, Total: 96674 ns
[2020-02-21T06:18:33.532+0000][1][safepoint    ] Safepoint "RevokeBias", Time since last: 2522468816 ns, Reaching safepoint: 54281 ns, At safepoint: 15710 ns, Total: 69991 ns
[2020-02-21T06:18:36.045+0000][1][safepoint    ] Safepoint "RevokeBias", Time since last: 2512746760 ns, Reaching safepoint: 83377 ns, At safepoint: 21585 ns, Total: 104962 ns
[2020-02-21T06:18:38.556+0000][1][safepoint    ] Safepoint "RevokeBias", Time since last: 2510699236 ns, Reaching safepoint: 74474 ns, At safepoint: 18208 ns, Total: 92682 ns
[2020-02-21T06:18:41.068+0000][1][safepoint    ] Safepoint "RevokeBias", Time since last: 2512011756 ns, Reaching safepoint: 75185 ns, At safepoint: 17676 ns, Total: 92861 ns
[2020-02-21T06:18:43.570+0000][1][safepoint    ] Safepoint "RevokeBias", Time since last: 2501770384 ns, Reaching safepoint: 82894 ns, At safepoint: 20915 ns, Total: 103809 ns
[2020-02-21T06:18:46.074+0000][1][safepoint    ] Safepoint "RevokeBias", Time since last: 2504863583 ns, Reaching safepoint: 71905 ns, At safepoint: 18146 ns, Total: 90051 ns
[2020-02-21T06:18:48.577+0000][1][safepoint    ] Safepoint "RevokeBias", Time since last: 2502878076 ns, Reaching safepoint: 72687 ns, At safepoint: 17341 ns, Total: 90028 ns
[2020-02-21T06:18:51.095+0000][1][safepoint    ] Safepoint "RevokeBias", Time since last: 2517031105 ns, Reaching safepoint: 54695 ns, At safepoint: 15942 ns, Total: 70637 ns
[2020-02-21T06:18:53.606+0000][1][safepoint    ] Safepoint "RevokeBias", Time since last: 2511724992 ns, Reaching safepoint: 140051 ns, At safepoint: 35026 ns, Total: 175077 ns
[2020-02-21T06:18:56.111+0000][1][safepoint    ] Safepoint "BulkRevokeBias", Time since last: 2504158784 ns, Reaching safepoint: 73765 ns, At safepoint: 331495 ns, Total: 405260 ns
[2020-02-21T06:18:58.614+0000][1][safepoint    ] Safepoint "RevokeBias", Time since last: 2502404005 ns, Reaching safepoint: 110293 ns, At safepoint: 19643 ns, Total: 129936 ns
[2020-02-21T06:19:01.117+0000][1][safepoint    ] Safepoint "RevokeBias", Time since last: 2503822486 ns, Reaching safepoint: 71786 ns, At safepoint: 17809 ns, Total: 89595 ns
[2020-02-21T06:19:03.624+0000][1][safepoint    ] Safepoint "RevokeBias", Time since last: 2506007885 ns, Reaching safepoint: 72134 ns, At safepoint: 18105 ns, Total: 90239 ns
[2020-02-21T06:19:06.129+0000][1][safepoint    ] Safepoint "RevokeBias", Time since last: 2505109393 ns, Reaching safepoint: 137887 ns, At safepoint: 17841 ns, Total: 155728 ns
[2020-02-21T06:19:08.641+0000][1][safepoint    ] Safepoint "RevokeBias", Time since last: 2511550814 ns, Reaching safepoint: 160121 ns, At safepoint: 19821 ns, Total: 179942 ns
[2020-02-21T06:19:11.151+0000][1][safepoint    ] Safepoint "RevokeBias", Time since last: 2509959127 ns, Reaching safepoint: 73845 ns, At safepoint: 18117 ns, Total: 91962 ns
[2020-02-21T06:19:13.656+0000][1][safepoint    ] Safepoint "RevokeBias", Time since last: 2505012484 ns, Reaching safepoint: 76020 ns, At safepoint: 18590 ns, Total: 94610 ns
[2020-02-21T06:19:16.161+0000][1][safepoint    ] Safepoint "RevokeBias", Time since last: 2505368704 ns, Reaching safepoint: 76202 ns, At safepoint: 18639 ns, Total: 94841 ns
[2020-02-21T06:19:18.665+0000][1][safepoint    ] Safepoint "RevokeBias", Time since last: 2503630571 ns, Reaching safepoint: 82651 ns, At safepoint: 19813 ns, Total: 102464 ns
[2020-02-21T06:19:21.169+0000][1][safepoint    ] Safepoint "RevokeBias", Time since last: 2503785433 ns, Reaching safepoint: 62841 ns, At safepoint: 18544 ns, Total: 81385 ns
[2020-02-21T06:19:23.675+0000][1][safepoint    ] Safepoint "RevokeBias", Time since last: 2505656238 ns, Reaching safepoint: 88936 ns, At safepoint: 19642 ns, Total: 108578 ns
[2020-02-21T06:19:26.193+0000][1][safepoint    ] Safepoint "RevokeBias", Time since last: 2518760884 ns, Reaching safepoint: 71646 ns, At safepoint: 16697 ns, Total: 88343 ns
[2020-02-21T06:19:28.701+0000][1][safepoint    ] Safepoint "RevokeBias", Time since last: 2507423276 ns, Reaching safepoint: 74375 ns, At safepoint: 18958 ns, Total: 93333 ns
[2020-02-21T06:19:31.206+0000][1][safepoint    ] Safepoint "RevokeBias", Time since last: 2504472753 ns, Reaching safepoint: 219130 ns, At safepoint: 25274 ns, Total: 244404 ns
[2020-02-21T06:19:33.708+0000][1][safepoint    ] Safepoint "RevokeBias", Time since last: 2502724682 ns, Reaching safepoint: 73291 ns, At safepoint: 17561 ns, Total: 90852 ns
[2020-02-21T06:19:36.211+0000][1][safepoint    ] Safepoint "RevokeBias", Time since last: 2502700423 ns, Reaching safepoint: 167438 ns, At safepoint: 25600 ns, Total: 193038 ns
[2020-02-21T06:19:38.719+0000][1][safepoint    ] Safepoint "RevokeBias", Time since last: 2507159131 ns, Reaching safepoint: 130152 ns, At safepoint: 33814 ns, Total: 163966 ns
[2020-02-21T06:19:41.224+0000][1][safepoint    ] Safepoint "RevokeBias", Time since last: 2505253654 ns, Reaching safepoint: 72554 ns, At safepoint: 16879 ns, Total: 89433 ns
[2020-02-21T06:19:43.736+0000][1][safepoint    ] Safepoint "RevokeBias", Time since last: 2511928987 ns, Reaching safepoint: 52354 ns, At safepoint: 15927 ns, Total: 68281 ns
[2020-02-21T06:19:46.245+0000][1][safepoint    ] Safepoint "RevokeBias", Time since last: 2508373213 ns, Reaching safepoint: 98326 ns, At safepoint: 22154 ns, Total: 120480 ns
[2020-02-21T06:19:48.747+0000][1][safepoint    ] Safepoint "RevokeBias", Time since last: 2502492755 ns, Reaching safepoint: 76134 ns, At safepoint: 18311 ns, Total: 94445 ns
[2020-02-21T06:19:51.250+0000][1][safepoint    ] Safepoint "RevokeBias", Time since last: 2503132507 ns, Reaching safepoint: 76609 ns, At safepoint: 18512 ns, Total: 95121 ns
[2020-02-21T06:19:53.755+0000][1][safepoint    ] Safepoint "RevokeBias", Time since last: 2504883072 ns, Reaching safepoint: 91702 ns, At safepoint: 21302 ns, Total: 113004 ns
[2020-02-21T06:19:56.265+0000][1][safepoint    ] Safepoint "RevokeBias", Time since last: 2509769282 ns, Reaching safepoint: 87295 ns, At safepoint: 23652 ns, Total: 110947 ns
[2020-02-21T06:19:58.778+0000][1][safepoint    ] Safepoint "RevokeBias", Time since last: 2512428747 ns, Reaching safepoint: 191860 ns, At safepoint: 29553 ns, Total: 221413 ns
[2020-02-21T06:20:01.285+0000][1][safepoint    ] Safepoint "RevokeBias", Time since last: 2506809064 ns, Reaching safepoint: 55318 ns, At safepoint: 15319 ns, Total: 70637 ns
[2020-02-21T06:20:03.795+0000][1][safepoint    ] Safepoint "RevokeBias", Time since last: 2510304227 ns, Reaching safepoint: 164300 ns, At safepoint: 22656 ns, Total: 186956 ns
[2020-02-21T06:20:06.298+0000][1][safepoint    ] Safepoint "RevokeBias", Time since last: 2502710963 ns, Reaching safepoint: 73388 ns, At safepoint: 17935 ns, Total: 91323 ns
[2020-02-21T06:20:08.804+0000][1][safepoint    ] Safepoint "BulkRevokeBias", Time since last: 2505767270 ns, Reaching safepoint: 133063 ns, At safepoint: 189212 ns, Total: 322275 ns
[2020-02-21T06:20:11.308+0000][1][safepoint    ] Safepoint "RevokeBias", Time since last: 2503804295 ns, Reaching safepoint: 154623 ns, At safepoint: 21398 ns, Total: 176021 ns
[2020-02-21T06:20:13.816+0000][1][safepoint    ] Safepoint "RevokeBias", Time since last: 2508178171 ns, Reaching safepoint: 96869 ns, At safepoint: 17683 ns, Total: 114552 ns
[2020-02-21T06:20:16.328+0000][1][safepoint    ] Safepoint "RevokeBias", Time since last: 2511374755 ns, Reaching safepoint: 73917 ns, At safepoint: 17919 ns, Total: 91836 ns
[2020-02-21T06:20:18.831+0000][1][safepoint    ] Safepoint "RevokeBias", Time since last: 2503139373 ns, Reaching safepoint: 76202 ns, At safepoint: 20713 ns, Total: 96915 ns
[2020-02-21T06:20:19.917+0000][1][gc,start     ] GC(156) Pause Young (Allocation Failure)
[2020-02-21T06:20:19.918+0000][1][gc,task      ] GC(156) Using 1 workers of 1 for evacuation
[2020-02-21T06:20:19.930+0000][1][gc,age       ] GC(156) Desired survivor size 4358144 bytes, new threshold 6 (max threshold 6)
[2020-02-21T06:20:19.930+0000][1][gc,age       ] GC(156) Age table with threshold 6 (max threshold 6)
[2020-02-21T06:20:19.931+0000][1][gc,age       ] GC(156) - age   1:      12840 bytes,      12840 total
[2020-02-21T06:20:19.931+0000][1][gc,age       ] GC(156) - age   3:        264 bytes,      13104 total
[2020-02-21T06:20:19.931+0000][1][gc,heap      ] GC(156) ParNew: 68183K->14K(76672K)
[2020-02-21T06:20:19.931+0000][1][gc,heap      ] GC(156) CMS: 62622K->62622K(963392K)
[2020-02-21T06:20:19.931+0000][1][gc,metaspace ] GC(156) Metaspace: 80620K->80620K(1124352K)
[2020-02-21T06:20:19.931+0000][1][gc           ] GC(156) Pause Young (Allocation Failure) 127M->61M(1015M) 13.192ms
[2020-02-21T06:20:19.931+0000][1][gc,cpu       ] GC(156) User=0.01s Sys=0.00s Real=0.01s
[2020-02-21T06:20:19.931+0000][1][safepoint    ] Safepoint "GenCollectForAllocation", Time since last: 1086259871 ns, Reaching safepoint: 114047 ns, At safepoint: 13254875 ns, Total: 13368922 ns
[2020-02-21T06:20:21.335+0000][1][safepoint    ] Safepoint "RevokeBias", Time since last: 1404112644 ns, Reaching safepoint: 79655 ns, At safepoint: 18596 ns, Total: 98251 ns
[2020-02-21T06:20:23.840+0000][1][safepoint    ] Safepoint "RevokeBias", Time since last: 2504793862 ns, Reaching safepoint: 88518 ns, At safepoint: 20942 ns, Total: 109460 ns
[2020-02-21T06:20:26.346+0000][1][safepoint    ] Safepoint "RevokeBias", Time since last: 2505723326 ns, Reaching safepoint: 54334 ns, At safepoint: 16148 ns, Total: 70482 ns
[2020-02-21T06:20:28.849+0000][1][safepoint    ] Safepoint "RevokeBias", Time since last: 2503177542 ns, Reaching safepoint: 73942 ns, At safepoint: 17868 ns, Total: 91810 ns
[2020-02-21T06:20:31.366+0000][1][safepoint    ] Safepoint "RevokeBias", Time since last: 2516641725 ns, Reaching safepoint: 133945 ns, At safepoint: 19496 ns, Total: 153441 ns
[2020-02-21T06:20:33.878+0000][1][safepoint    ] Safepoint "RevokeBias", Time since last: 2511937588 ns, Reaching safepoint: 72121 ns, At safepoint: 17545 ns, Total: 89666 ns
[2020-02-21T06:20:36.380+0000][1][safepoint    ] Safepoint "RevokeBias", Time since last: 2502254136 ns, Reaching safepoint: 75382 ns, At safepoint: 17826 ns, Total: 93208 ns
[2020-02-21T06:20:38.885+0000][1][safepoint    ] Safepoint "RevokeBias", Time since last: 2504375306 ns, Reaching safepoint: 75599 ns, At safepoint: 18814 ns, Total: 94413 ns
[2020-02-21T06:20:41.389+0000][1][safepoint    ] Safepoint "RevokeBias", Time since last: 2504201064 ns, Reaching safepoint: 156301 ns, At safepoint: 20793 ns, Total: 177094 ns
[2020-02-21T06:20:43.890+0000][1][safepoint    ] Safepoint "RevokeBias", Time since last: 2501400172 ns, Reaching safepoint: 73490 ns, At safepoint: 17978 ns, Total: 91468 ns
[2020-02-21T06:20:46.395+0000][1][safepoint    ] Safepoint "RevokeBias", Time since last: 2504495287 ns, Reaching safepoint: 134102 ns, At safepoint: 21393 ns, Total: 155495 ns
[2020-02-21T06:20:48.907+0000][1][safepoint    ] Safepoint "RevokeBias", Time since last: 2511646616 ns, Reaching safepoint: 72022 ns, At safepoint: 16813 ns, Total: 88835 ns
[2020-02-21T06:20:51.412+0000][1][safepoint    ] Safepoint "RevokeBias", Time since last: 2505110846 ns, Reaching safepoint: 79516 ns, At safepoint: 19781 ns, Total: 99297 ns
[2020-02-21T06:20:53.917+0000][1][safepoint    ] Safepoint "RevokeBias", Time since last: 2505256264 ns, Reaching safepoint: 82722 ns, At safepoint: 21474 ns, Total: 104196 ns
[2020-02-21T06:20:56.422+0000][1][safepoint    ] Safepoint "RevokeBias", Time since last: 2504512688 ns, Reaching safepoint: 152040 ns, At safepoint: 19660 ns, Total: 171700 ns
[2020-02-21T06:20:58.925+0000][1][safepoint    ] Safepoint "RevokeBias", Time since last: 2503234564 ns, Reaching safepoint: 73736 ns, At safepoint: 18470 ns, Total: 92206 ns
[2020-02-21T06:21:01.431+0000][1][safepoint    ] Safepoint "RevokeBias", Time since last: 2505294046 ns, Reaching safepoint: 73119 ns, At safepoint: 17310 ns, Total: 90429 ns
[2020-02-21T06:21:03.933+0000][1][safepoint    ] Safepoint "RevokeBias", Time since last: 2502546330 ns, Reaching safepoint: 55573 ns, At safepoint: 16870 ns, Total: 72443 ns
[2020-02-21T06:21:06.447+0000][1][safepoint    ] Safepoint "RevokeBias", Time since last: 2513395223 ns, Reaching safepoint: 196533 ns, At safepoint: 33651 ns, Total: 230184 ns
[2020-02-21T06:21:08.958+0000][1][safepoint    ] Safepoint "RevokeBias", Time since last: 2511188040 ns, Reaching safepoint: 69802 ns, At safepoint: 17262 ns, Total: 87064 ns
[2020-02-21T06:21:11.462+0000][1][safepoint    ] Safepoint "RevokeBias", Time since last: 2504059155 ns, Reaching safepoint: 75127 ns, At safepoint: 18195 ns, Total: 93322 ns
[2020-02-21T06:21:13.967+0000][1][safepoint    ] Safepoint "RevokeBias", Time since last: 2504469804 ns, Reaching safepoint: 73066 ns, At safepoint: 21860 ns, Total: 94926 ns
[2020-02-21T06:21:16.481+0000][1][safepoint    ] Safepoint "RevokeBias", Time since last: 2514186650 ns, Reaching safepoint: 74112 ns, At safepoint: 18026 ns, Total: 92138 ns
[2020-02-21T06:21:18.987+0000][1][safepoint    ] Safepoint "RevokeBias", Time since last: 2505369268 ns, Reaching safepoint: 146666 ns, At safepoint: 33948 ns, Total: 180614 ns
[2020-02-21T06:21:21.491+0000][1][safepoint    ] Safepoint "BulkRevokeBias", Time since last: 2503765985 ns, Reaching safepoint: 73533 ns, At safepoint: 270402 ns, Total: 343935 ns
[2020-02-21T06:21:24.014+0000][1][safepoint    ] Safepoint "RevokeBias", Time since last: 2522557526 ns, Reaching safepoint: 87806 ns, At safepoint: 20727 ns, Total: 108533 ns
[2020-02-21T06:21:26.529+0000][1][safepoint    ] Safepoint "RevokeBias", Time since last: 2514906798 ns, Reaching safepoint: 135511 ns, At safepoint: 20131 ns, Total: 155642 ns
[2020-02-21T06:21:29.033+0000][1][safepoint    ] Safepoint "RevokeBias", Time since last: 2503888950 ns, Reaching safepoint: 74687 ns, At safepoint: 17822 ns, Total: 92509 ns
[2020-02-21T06:21:31.537+0000][1][safepoint    ] Safepoint "RevokeBias", Time since last: 2504412331 ns, Reaching safepoint: 108866 ns, At safepoint: 19542 ns, Total: 128408 ns
[2020-02-21T06:21:34.043+0000][1][safepoint    ] Safepoint "RevokeBias", Time since last: 2505898173 ns, Reaching safepoint: 72894 ns, At safepoint: 17622 ns, Total: 90516 ns
[2020-02-21T06:21:36.554+0000][1][safepoint    ] Safepoint "RevokeBias", Time since last: 2510629288 ns, Reaching safepoint: 75945 ns, At safepoint: 19173 ns, Total: 95118 ns
[2020-02-21T06:21:39.066+0000][1][safepoint    ] Safepoint "RevokeBias", Time since last: 2512000679 ns, Reaching safepoint: 71368 ns, At safepoint: 18895 ns, Total: 90263 ns
[2020-02-21T06:21:41.576+0000][1][safepoint    ] Safepoint "RevokeBias", Time since last: 2509421484 ns, Reaching safepoint: 87031 ns, At safepoint: 16967 ns, Total: 103998 ns
[2020-02-21T06:21:44.086+0000][1][safepoint    ] Safepoint "RevokeBias", Time since last: 2510157151 ns, Reaching safepoint: 71793 ns, At safepoint: 16867 ns, Total: 88660 ns
[2020-02-21T06:21:46.590+0000][1][safepoint    ] Safepoint "RevokeBias", Time since last: 2504429415 ns, Reaching safepoint: 75188 ns, At safepoint: 18557 ns, Total: 93745 ns
[2020-02-21T06:21:49.094+0000][1][safepoint    ] Safepoint "RevokeBias", Time since last: 2503137261 ns, Reaching safepoint: 89665 ns, At safepoint: 22451 ns, Total: 112116 ns
[2020-02-21T06:21:51.598+0000][1][safepoint    ] Safepoint "RevokeBias", Time since last: 2504549931 ns, Reaching safepoint: 74157 ns, At safepoint: 17906 ns, Total: 92063 ns
[2020-02-21T06:21:54.119+0000][1][safepoint    ] Safepoint "RevokeBias", Time since last: 2521072737 ns, Reaching safepoint: 137001 ns, At safepoint: 34107 ns, Total: 171108 ns
[2020-02-21T06:21:56.632+0000][1][safepoint    ] Safepoint "RevokeBias", Time since last: 2512114285 ns, Reaching safepoint: 72855 ns, At safepoint: 17926 ns, Total: 90781 ns
[2020-02-21T06:21:59.135+0000][1][safepoint    ] Safepoint "RevokeBias", Time since last: 2503784467 ns, Reaching safepoint: 74605 ns, At safepoint: 18184 ns, Total: 92789 ns
[2020-02-21T06:22:01.639+0000][1][safepoint    ] Safepoint "RevokeBias", Time since last: 2503655528 ns, Reaching safepoint: 98491 ns, At safepoint: 20508 ns, Total: 118999 ns
[2020-02-21T06:22:04.145+0000][1][safepoint    ] Safepoint "RevokeBias", Time since last: 2506027066 ns, Reaching safepoint: 116993 ns, At safepoint: 29307 ns, Total: 146300 ns
[2020-02-21T06:22:06.648+0000][1][safepoint    ] Safepoint "RevokeBias", Time since last: 2502222572 ns, Reaching safepoint: 73435 ns, At safepoint: 17407 ns, Total: 90842 ns
[2020-02-21T06:22:09.152+0000][1][safepoint    ] Safepoint "RevokeBias", Time since last: 2503665900 ns, Reaching safepoint: 72661 ns, At safepoint: 17031 ns, Total: 89692 ns
[2020-02-21T06:22:12.361+0000][1][safepoint    ] Safepoint "RevokeBias", Time since last: 3209135448 ns, Reaching safepoint: 71034 ns, At safepoint: 16968 ns, Total: 88002 ns
[2020-02-21T06:22:14.509+0000][1][safepoint    ] Safepoint "RevokeBias", Time since last: 2148025286 ns, Reaching safepoint: 77025 ns, At safepoint: 19249 ns, Total: 96274 ns
[2020-02-21T06:22:17.013+0000][1][safepoint    ] Safepoint "RevokeBias", Time since last: 2504150013 ns, Reaching safepoint: 74377 ns, At safepoint: 17565 ns, Total: 91942 ns
[2020-02-21T06:22:19.517+0000][1][safepoint    ] Safepoint "RevokeBias", Time since last: 2503245167 ns, Reaching safepoint: 191688 ns, At safepoint: 21715 ns, Total: 213403 ns
[2020-02-21T06:22:22.020+0000][1][safepoint    ] Safepoint "RevokeBias", Time since last: 2503724120 ns, Reaching safepoint: 83103 ns, At safepoint: 20914 ns, Total: 104017 ns
[2020-02-21T06:22:24.525+0000][1][safepoint    ] Safepoint "RevokeBias", Time since last: 2504875212 ns, Reaching safepoint: 86509 ns, At safepoint: 20110 ns, Total: 106619 ns
[2020-02-21T06:22:27.032+0000][1][safepoint    ] Safepoint "RevokeBias", Time since last: 2506187595 ns, Reaching safepoint: 159558 ns, At safepoint: 35220 ns, Total: 194778 ns
[2020-02-21T06:22:29.543+0000][1][safepoint    ] Safepoint "RevokeBias", Time since last: 2511456584 ns, Reaching safepoint: 70628 ns, At safepoint: 17996 ns, Total: 88624 ns
[2020-02-21T06:22:32.056+0000][1][safepoint    ] Safepoint "RevokeBias", Time since last: 2512170722 ns, Reaching safepoint: 100176 ns, At safepoint: 20152 ns, Total: 120328 ns
[2020-02-21T06:22:34.562+0000][1][safepoint    ] Safepoint "BulkRevokeBias", Time since last: 2505666719 ns, Reaching safepoint: 74811 ns, At safepoint: 186076 ns, Total: 260887 ns
[2020-02-21T06:22:37.064+0000][1][safepoint    ] Safepoint "RevokeBias", Time since last: 2502421595 ns, Reaching safepoint: 71453 ns, At safepoint: 17175 ns, Total: 88628 ns
[2020-02-21T06:22:39.569+0000][1][safepoint    ] Safepoint "RevokeBias", Time since last: 2504352931 ns, Reaching safepoint: 108408 ns, At safepoint: 20705 ns, Total: 129113 ns
[2020-02-21T06:22:40.029+0000][1][gc,start     ] GC(157) Pause Young (Allocation Failure)
[2020-02-21T06:22:40.029+0000][1][gc,task      ] GC(157) Using 1 workers of 1 for evacuation
[2020-02-21T06:22:40.039+0000][1][gc,age       ] GC(157) Desired survivor size 4358144 bytes, new threshold 6 (max threshold 6)
[2020-02-21T06:22:40.039+0000][1][gc,age       ] GC(157) Age table with threshold 6 (max threshold 6)
[2020-02-21T06:22:40.039+0000][1][gc,age       ] GC(157) - age   1:      13064 bytes,      13064 total
[2020-02-21T06:22:40.039+0000][1][gc,age       ] GC(157) - age   4:        264 bytes,      13328 total
[2020-02-21T06:22:40.039+0000][1][gc,heap      ] GC(157) ParNew: 68174K->22K(76672K)
[2020-02-21T06:22:40.039+0000][1][gc,heap      ] GC(157) CMS: 62622K->62622K(963392K)
[2020-02-21T06:22:40.039+0000][1][gc,metaspace ] GC(157) Metaspace: 80620K->80620K(1124352K)
[2020-02-21T06:22:40.039+0000][1][gc           ] GC(157) Pause Young (Allocation Failure) 127M->61M(1015M) 10.572ms
[2020-02-21T06:22:40.039+0000][1][gc,cpu       ] GC(157) User=0.01s Sys=0.00s Real=0.01s
[2020-02-21T06:22:40.039+0000][1][safepoint    ] Safepoint "GenCollectForAllocation", Time since last: 459787933 ns, Reaching safepoint: 188025 ns, At safepoint: 10631804 ns, Total: 10819829 ns
[2020-02-21T06:22:42.074+0000][1][safepoint    ] Safepoint "RevokeBias", Time since last: 2034683979 ns, Reaching safepoint: 166679 ns, At safepoint: 19641 ns, Total: 186320 ns
[2020-02-21T06:22:44.576+0000][1][safepoint    ] Safepoint "RevokeBias", Time since last: 2501819365 ns, Reaching safepoint: 73777 ns, At safepoint: 18276 ns, Total: 92053 ns
[2020-02-21T06:22:47.092+0000][1][safepoint    ] Safepoint "RevokeBias", Time since last: 2515891857 ns, Reaching safepoint: 148433 ns, At safepoint: 85698 ns, Total: 234131 ns
[2020-02-21T06:22:49.599+0000][1][safepoint    ] Safepoint "RevokeBias", Time since last: 2507161825 ns, Reaching safepoint: 76334 ns, At safepoint: 18720 ns, Total: 95054 ns
[2020-02-21T06:22:52.102+0000][1][safepoint    ] Safepoint "RevokeBias", Time since last: 2502758444 ns, Reaching safepoint: 99856 ns, At safepoint: 24757 ns, Total: 124613 ns
[2020-02-21T06:22:54.608+0000][1][safepoint    ] Safepoint "RevokeBias", Time since last: 2505627265 ns, Reaching safepoint: 84209 ns, At safepoint: 20410 ns, Total: 104619 ns
[2020-02-21T06:22:57.114+0000][1][safepoint    ] Safepoint "RevokeBias", Time since last: 2505632803 ns, Reaching safepoint: 79380 ns, At safepoint: 19983 ns, Total: 99363 ns
[2020-02-21T06:22:59.616+0000][1][safepoint    ] Safepoint "RevokeBias", Time since last: 2502454629 ns, Reaching safepoint: 71730 ns, At safepoint: 17500 ns, Total: 89230 ns
[2020-02-21T06:23:02.123+0000][1][safepoint    ] Safepoint "RevokeBias", Time since last: 2506212004 ns, Reaching safepoint: 140497 ns, At safepoint: 21556 ns, Total: 162053 ns
[2020-02-21T06:23:04.634+0000][1][safepoint    ] Safepoint "RevokeBias", Time since last: 2510918465 ns, Reaching safepoint: 55759 ns, At safepoint: 62852 ns, Total: 118611 ns
[2020-02-21T06:23:07.142+0000][1][safepoint    ] Safepoint "RevokeBias", Time since last: 2508621897 ns, Reaching safepoint: 72948 ns, At safepoint: 95697 ns, Total: 168645 ns
[2020-02-21T06:23:09.648+0000][1][safepoint    ] Safepoint "RevokeBias", Time since last: 2505188026 ns, Reaching safepoint: 72871 ns, At safepoint: 17215 ns, Total: 90086 ns
[2020-02-21T06:23:12.152+0000][1][safepoint    ] Safepoint "RevokeBias", Time since last: 2503754731 ns, Reaching safepoint: 72634 ns, At safepoint: 107294 ns, Total: 179928 ns
[2020-02-21T06:23:14.656+0000][1][safepoint    ] Safepoint "RevokeBias", Time since last: 2503907132 ns, Reaching safepoint: 71590 ns, At safepoint: 17820 ns, Total: 89410 ns
[2020-02-21T06:23:17.172+0000][1][safepoint    ] Safepoint "RevokeBias", Time since last: 2516490619 ns, Reaching safepoint: 55684 ns, At safepoint: 15886 ns, Total: 71570 ns
[2020-02-21T06:23:19.681+0000][1][safepoint    ] Safepoint "RevokeBias", Time since last: 2509065017 ns, Reaching safepoint: 86092 ns, At safepoint: 20635 ns, Total: 106727 ns
[2020-02-21T06:23:22.185+0000][1][safepoint    ] Safepoint "RevokeBias", Time since last: 2503773055 ns, Reaching safepoint: 70309 ns, At safepoint: 17697 ns, Total: 88006 ns
[2020-02-21T06:23:24.691+0000][1][safepoint    ] Safepoint "RevokeBias", Time since last: 2505939758 ns, Reaching safepoint: 72885 ns, At safepoint: 17839 ns, Total: 90724 ns
[2020-02-21T06:23:27.197+0000][1][safepoint    ] Safepoint "RevokeBias", Time since last: 2505586287 ns, Reaching safepoint: 56910 ns, At safepoint: 16468 ns, Total: 73378 ns
[2020-02-21T06:23:29.699+0000][1][safepoint    ] Safepoint "RevokeBias", Time since last: 2502259560 ns, Reaching safepoint: 73557 ns, At safepoint: 18104 ns, Total: 91661 ns
[2020-02-21T06:23:32.203+0000][1][safepoint    ] Safepoint "RevokeBias", Time since last: 2503856369 ns, Reaching safepoint: 88565 ns, At safepoint: 20647 ns, Total: 109212 ns
[2020-02-21T06:23:34.720+0000][1][safepoint    ] Safepoint "RevokeBias", Time since last: 2516746890 ns, Reaching safepoint: 55895 ns, At safepoint: 15499 ns, Total: 71394 ns
[2020-02-21T06:23:37.228+0000][1][safepoint    ] Safepoint "RevokeBias", Time since last: 2508327789 ns, Reaching safepoint: 78000 ns, At safepoint: 19282 ns, Total: 97282 ns
[2020-02-21T06:23:39.732+0000][1][safepoint    ] Safepoint "RevokeBias", Time since last: 2503729181 ns, Reaching safepoint: 141303 ns, At safepoint: 21334 ns, Total: 162637 ns
[2020-02-21T06:23:42.237+0000][1][safepoint    ] Safepoint "RevokeBias", Time since last: 2504546626 ns, Reaching safepoint: 103449 ns, At safepoint: 19909 ns, Total: 123358 ns
[2020-02-21T06:23:44.739+0000][1][safepoint    ] Safepoint "RevokeBias", Time since last: 2502415055 ns, Reaching safepoint: 71575 ns, At safepoint: 17418 ns, Total: 88993 ns
[2020-02-21T06:23:47.246+0000][1][safepoint    ] Safepoint "BulkRevokeBias", Time since last: 2506141656 ns, Reaching safepoint: 113071 ns, At safepoint: 441206 ns, Total: 554277 ns
[2020-02-21T06:23:49.750+0000][1][safepoint    ] Safepoint "RevokeBias", Time since last: 2503491288 ns, Reaching safepoint: 110995 ns, At safepoint: 29123 ns, Total: 140118 ns
[2020-02-21T06:23:52.267+0000][1][safepoint    ] Safepoint "RevokeBias", Time since last: 2517132286 ns, Reaching safepoint: 212362 ns, At safepoint: 26692 ns, Total: 239054 ns
[2020-02-21T06:23:54.777+0000][1][safepoint    ] Safepoint "RevokeBias", Time since last: 2509499171 ns, Reaching safepoint: 70912 ns, At safepoint: 16835 ns, Total: 87747 ns
[2020-02-21T06:23:57.280+0000][1][safepoint    ] Safepoint "RevokeBias", Time since last: 2502668086 ns, Reaching safepoint: 113475 ns, At safepoint: 26847 ns, Total: 140322 ns
[2020-02-21T06:23:59.782+0000][1][safepoint    ] Safepoint "RevokeBias", Time since last: 2502109769 ns, Reaching safepoint: 75664 ns, At safepoint: 17620 ns, Total: 93284 ns
[2020-02-21T06:24:02.284+0000][1][safepoint    ] Safepoint "RevokeBias", Time since last: 2502584864 ns, Reaching safepoint: 70862 ns, At safepoint: 16956 ns, Total: 87818 ns
[2020-02-21T06:24:04.789+0000][1][safepoint    ] Safepoint "RevokeBias", Time since last: 2504467746 ns, Reaching safepoint: 72244 ns, At safepoint: 17839 ns, Total: 90083 ns
[2020-02-21T06:24:07.293+0000][1][safepoint    ] Safepoint "RevokeBias", Time since last: 2503723420 ns, Reaching safepoint: 137608 ns, At safepoint: 20845 ns, Total: 158453 ns
[2020-02-21T06:24:09.810+0000][1][safepoint    ] Safepoint "RevokeBias", Time since last: 2516393921 ns, Reaching safepoint: 216635 ns, At safepoint: 34322 ns, Total: 250957 ns
[2020-02-21T06:24:12.322+0000][1][safepoint    ] Safepoint "RevokeBias", Time since last: 2512603777 ns, Reaching safepoint: 91360 ns, At safepoint: 18983 ns, Total: 110343 ns
[2020-02-21T06:24:14.825+0000][1][safepoint    ] Safepoint "RevokeBias", Time since last: 2502376271 ns, Reaching safepoint: 87454 ns, At safepoint: 17673 ns, Total: 105127 ns
[2020-02-21T06:24:17.327+0000][1][safepoint    ] Safepoint "RevokeBias", Time since last: 2502441121 ns, Reaching safepoint: 79554 ns, At safepoint: 19652 ns, Total: 99206 ns
[2020-02-21T06:24:19.831+0000][1][safepoint    ] Safepoint "RevokeBias", Time since last: 2503217293 ns, Reaching safepoint: 170750 ns, At safepoint: 31759 ns, Total: 202509 ns
[2020-02-21T06:24:22.334+0000][1][safepoint    ] Safepoint "RevokeBias", Time since last: 2503035405 ns, Reaching safepoint: 95650 ns, At safepoint: 22918 ns, Total: 118568 ns
[2020-02-21T06:24:24.840+0000][1][safepoint    ] Safepoint "RevokeBias", Time since last: 2505747567 ns, Reaching safepoint: 130938 ns, At safepoint: 102131 ns, Total: 233069 ns
[2020-02-21T06:24:27.349+0000][1][safepoint    ] Safepoint "RevokeBias", Time since last: 2508740966 ns, Reaching safepoint: 71930 ns, At safepoint: 17689 ns, Total: 89619 ns
[2020-02-21T06:24:29.856+0000][1][safepoint    ] Safepoint "RevokeBias", Time since last: 2507680958 ns, Reaching safepoint: 72551 ns, At safepoint: 17554 ns, Total: 90105 ns
[2020-02-21T06:24:32.362+0000][1][safepoint    ] Safepoint "RevokeBias", Time since last: 2505625450 ns, Reaching safepoint: 106139 ns, At safepoint: 64369 ns, Total: 170508 ns
[2020-02-21T06:24:34.869+0000][1][safepoint    ] Safepoint "RevokeBias", Time since last: 2506550998 ns, Reaching safepoint: 93212 ns, At safepoint: 49929 ns, Total: 143141 ns
[2020-02-21T06:24:37.371+0000][1][safepoint    ] Safepoint "RevokeBias", Time since last: 2502180624 ns, Reaching safepoint: 72506 ns, At safepoint: 17566 ns, Total: 90072 ns
[2020-02-21T06:24:39.878+0000][1][safepoint    ] Safepoint "RevokeBias", Time since last: 2506278961 ns, Reaching safepoint: 76707 ns, At safepoint: 19349 ns, Total: 96056 ns
[2020-02-21T06:24:42.382+0000][1][safepoint    ] Safepoint "RevokeBias", Time since last: 2504625881 ns, Reaching safepoint: 86970 ns, At safepoint: 20502 ns, Total: 107472 ns
[2020-02-21T06:24:44.891+0000][1][safepoint    ] Safepoint "RevokeBias", Time since last: 2508698974 ns, Reaching safepoint: 72596 ns, At safepoint: 17055 ns, Total: 89651 ns
[2020-02-21T06:24:47.406+0000][1][safepoint    ] Safepoint "RevokeBias", Time since last: 2514834641 ns, Reaching safepoint: 71249 ns, At safepoint: 17369 ns, Total: 88618 ns
[2020-02-21T06:24:49.909+0000][1][safepoint    ] Safepoint "RevokeBias", Time since last: 2502913886 ns, Reaching safepoint: 70328 ns, At safepoint: 17886 ns, Total: 88214 ns
[2020-02-21T06:24:52.413+0000][1][safepoint    ] Safepoint "RevokeBias", Time since last: 2504241076 ns, Reaching safepoint: 129602 ns, At safepoint: 33531 ns, Total: 163133 ns
[2020-02-21T06:24:54.917+0000][1][safepoint    ] Safepoint "RevokeBias", Time since last: 2503676409 ns, Reaching safepoint: 76171 ns, At safepoint: 18279 ns, Total: 94450 ns
[2020-02-21T06:24:57.431+0000][1][safepoint    ] Safepoint "RevokeBias", Time since last: 2513265870 ns, Reaching safepoint: 73593 ns, At safepoint: 17567 ns, Total: 91160 ns
[2020-02-21T06:24:59.937+0000][1][safepoint    ] Safepoint "BulkRevokeBias", Time since last: 2506096530 ns, Reaching safepoint: 81334 ns, At safepoint: 251968 ns, Total: 333302 ns
[2020-02-21T06:25:00.636+0000][1][gc,start     ] GC(158) Pause Young (Allocation Failure)
[2020-02-21T06:25:00.636+0000][1][gc,task      ] GC(158) Using 1 workers of 1 for evacuation
[2020-02-21T06:25:00.646+0000][1][gc,age       ] GC(158) Desired survivor size 4358144 bytes, new threshold 6 (max threshold 6)
[2020-02-21T06:25:00.646+0000][1][gc,age       ] GC(158) Age table with threshold 6 (max threshold 6)
[2020-02-21T06:25:00.646+0000][1][gc,age       ] GC(158) - age   1:      11928 bytes,      11928 total
[2020-02-21T06:25:00.646+0000][1][gc,age       ] GC(158) - age   2:        224 bytes,      12152 total
[2020-02-21T06:25:00.646+0000][1][gc,age       ] GC(158) - age   5:         32 bytes,      12184 total
[2020-02-21T06:25:00.646+0000][1][gc,heap      ] GC(158) ParNew: 68182K->15K(76672K)
[2020-02-21T06:25:00.646+0000][1][gc,heap      ] GC(158) CMS: 62622K->62622K(963392K)
[2020-02-21T06:25:00.646+0000][1][gc,metaspace ] GC(158) Metaspace: 80620K->80620K(1124352K)
[2020-02-21T06:25:00.646+0000][1][gc           ] GC(158) Pause Young (Allocation Failure) 127M->61M(1015M) 9.601ms
[2020-02-21T06:25:00.646+0000][1][gc,cpu       ] GC(158) User=0.01s Sys=0.00s Real=0.01s
[2020-02-21T06:25:00.646+0000][1][safepoint    ] Safepoint "GenCollectForAllocation", Time since last: 699031619 ns, Reaching safepoint: 91805 ns, At safepoint: 9659526 ns, Total: 9751331 ns
[2020-02-21T06:25:02.443+0000][1][safepoint    ] Safepoint "RevokeBias", Time since last: 1797148018 ns, Reaching safepoint: 70936 ns, At safepoint: 17272 ns, Total: 88208 ns
[2020-02-21T06:25:04.948+0000][1][safepoint    ] Safepoint "RevokeBias", Time since last: 2504477302 ns, Reaching safepoint: 94016 ns, At safepoint: 19505 ns, Total: 113521 ns
[2020-02-21T06:25:07.449+0000][1][safepoint    ] Safepoint "RevokeBias", Time since last: 2501536573 ns, Reaching safepoint: 73576 ns, At safepoint: 18380 ns, Total: 91956 ns
[2020-02-21T06:25:09.953+0000][1][safepoint    ] Safepoint "RevokeBias", Time since last: 2503743995 ns, Reaching safepoint: 190973 ns, At safepoint: 58814 ns, Total: 249787 ns
[2020-02-21T06:25:12.460+0000][1][safepoint    ] Safepoint "RevokeBias", Time since last: 2506853284 ns, Reaching safepoint: 165704 ns, At safepoint: 32772 ns, Total: 198476 ns
[2020-02-21T06:25:14.975+0000][1][safepoint    ] Safepoint "RevokeBias", Time since last: 2514300582 ns, Reaching safepoint: 70771 ns, At safepoint: 17965 ns, Total: 88736 ns
[2020-02-21T06:25:17.487+0000][1][safepoint    ] Safepoint "RevokeBias", Time since last: 2512046861 ns, Reaching safepoint: 72574 ns, At safepoint: 24783 ns, Total: 97357 ns
[2020-02-21T06:25:19.989+0000][1][safepoint    ] Safepoint "RevokeBias", Time since last: 2501766271 ns, Reaching safepoint: 74915 ns, At safepoint: 17760 ns, Total: 92675 ns
[2020-02-21T06:25:22.490+0000][1][safepoint    ] Safepoint "RevokeBias", Time since last: 2501573731 ns, Reaching safepoint: 76204 ns, At safepoint: 19175 ns, Total: 95379 ns
[2020-02-21T06:25:24.994+0000][1][safepoint    ] Safepoint "RevokeBias", Time since last: 2503892998 ns, Reaching safepoint: 100368 ns, At safepoint: 19727 ns, Total: 120095 ns
[2020-02-21T06:25:27.499+0000][1][safepoint    ] Safepoint "RevokeBias", Time since last: 2504178732 ns, Reaching safepoint: 73633 ns, At safepoint: 17875 ns, Total: 91508 ns
[2020-02-21T06:25:30.003+0000][1][safepoint    ] Safepoint "RevokeBias", Time since last: 2504679419 ns, Reaching safepoint: 74676 ns, At safepoint: 18200 ns, Total: 92876 ns
[2020-02-21T06:25:32.524+0000][1][safepoint    ] Safepoint "RevokeBias", Time since last: 2520953465 ns, Reaching safepoint: 76074 ns, At safepoint: 17692 ns, Total: 93766 ns
[2020-02-21T06:25:35.031+0000][1][safepoint    ] Safepoint "RevokeBias", Time since last: 2506575467 ns, Reaching safepoint: 75238 ns, At safepoint: 18261 ns, Total: 93499 ns
[2020-02-21T06:25:37.535+0000][1][safepoint    ] Safepoint "RevokeBias", Time since last: 2503332789 ns, Reaching safepoint: 83373 ns, At safepoint: 20475 ns, Total: 103848 ns
[2020-02-21T06:25:40.039+0000][1][safepoint    ] Safepoint "RevokeBias", Time since last: 2504227886 ns, Reaching safepoint: 72267 ns, At safepoint: 17704 ns, Total: 89971 ns
[2020-02-21T06:25:42.545+0000][1][safepoint    ] Safepoint "RevokeBias", Time since last: 2506366669 ns, Reaching safepoint: 88182 ns, At safepoint: 21182 ns, Total: 109364 ns
[2020-02-21T06:25:45.048+0000][1][safepoint    ] Safepoint "RevokeBias", Time since last: 2502719499 ns, Reaching safepoint: 71899 ns, At safepoint: 17555 ns, Total: 89454 ns
[2020-02-21T06:25:47.554+0000][1][safepoint    ] Safepoint "RevokeBias", Time since last: 2505369802 ns, Reaching safepoint: 73507 ns, At safepoint: 17746 ns, Total: 91253 ns
[2020-02-21T06:25:50.064+0000][1][safepoint    ] Safepoint "RevokeBias", Time since last: 2510518449 ns, Reaching safepoint: 72955 ns, At safepoint: 17751 ns, Total: 90706 ns
[2020-02-21T06:25:52.573+0000][1][safepoint    ] Safepoint "RevokeBias", Time since last: 2508250516 ns, Reaching safepoint: 77725 ns, At safepoint: 20174 ns, Total: 97899 ns
[2020-02-21T06:25:55.077+0000][1][safepoint    ] Safepoint "RevokeBias", Time since last: 2503932704 ns, Reaching safepoint: 116639 ns, At safepoint: 21593 ns, Total: 138232 ns
[2020-02-21T06:25:57.583+0000][1][safepoint    ] Safepoint "RevokeBias", Time since last: 2506562945 ns, Reaching safepoint: 77461 ns, At safepoint: 18668 ns, Total: 96129 ns
[2020-02-21T06:26:00.086+0000][1][safepoint    ] Safepoint "RevokeBias", Time since last: 2502743601 ns, Reaching safepoint: 73213 ns, At safepoint: 46398 ns, Total: 119611 ns
[2020-02-21T06:26:02.592+0000][1][safepoint    ] Safepoint "RevokeBias", Time since last: 2505381766 ns, Reaching safepoint: 92817 ns, At safepoint: 18654 ns, Total: 111471 ns
[2020-02-21T06:26:05.095+0000][1][safepoint    ] Safepoint "RevokeBias", Time since last: 2503280625 ns, Reaching safepoint: 75902 ns, At safepoint: 18431 ns, Total: 94333 ns
[2020-02-21T06:26:07.611+0000][1][safepoint    ] Safepoint "RevokeBias", Time since last: 2515890470 ns, Reaching safepoint: 72153 ns, At safepoint: 17487 ns, Total: 89640 ns
[2020-02-21T06:26:10.121+0000][1][safepoint    ] Safepoint "RevokeBias", Time since last: 2509908118 ns, Reaching safepoint: 156907 ns, At safepoint: 44969 ns, Total: 201876 ns
[2020-02-21T06:26:12.626+0000][1][safepoint    ] Safepoint "BulkRevokeBias", Time since last: 2505056624 ns, Reaching safepoint: 92910 ns, At safepoint: 197546 ns, Total: 290456 ns
[2020-02-21T06:26:15.129+0000][1][safepoint    ] Safepoint "RevokeBias", Time since last: 2502177650 ns, Reaching safepoint: 157251 ns, At safepoint: 19930 ns, Total: 177181 ns
[2020-02-21T06:26:17.633+0000][1][safepoint    ] Safepoint "RevokeBias", Time since last: 2504011687 ns, Reaching safepoint: 71886 ns, At safepoint: 16731 ns, Total: 88617 ns
[2020-02-21T06:26:20.147+0000][1][safepoint    ] Safepoint "RevokeBias", Time since last: 2514367872 ns, Reaching safepoint: 71413 ns, At safepoint: 18110 ns, Total: 89523 ns
[2020-02-21T06:26:22.654+0000][1][safepoint    ] Safepoint "RevokeBias", Time since last: 2506210441 ns, Reaching safepoint: 99383 ns, At safepoint: 27597 ns, Total: 126980 ns
[2020-02-21T06:26:25.159+0000][1][safepoint    ] Safepoint "RevokeBias", Time since last: 2504678183 ns, Reaching safepoint: 203056 ns, At safepoint: 41526 ns, Total: 244582 ns
[2020-02-21T06:26:27.663+0000][1][safepoint    ] Safepoint "RevokeBias", Time since last: 2504291948 ns, Reaching safepoint: 112013 ns, At safepoint: 28860 ns, Total: 140873 ns
[2020-02-21T06:26:30.167+0000][1][safepoint    ] Safepoint "RevokeBias", Time since last: 2504135211 ns, Reaching safepoint: 75053 ns, At safepoint: 17526 ns, Total: 92579 ns
[2020-02-21T06:26:32.673+0000][1][safepoint    ] Safepoint "RevokeBias", Time since last: 2505548833 ns, Reaching safepoint: 74160 ns, At safepoint: 17794 ns, Total: 91954 ns
[2020-02-21T06:26:35.178+0000][1][safepoint    ] Safepoint "RevokeBias", Time since last: 2504592524 ns, Reaching safepoint: 84562 ns, At safepoint: 19987 ns, Total: 104549 ns
[2020-02-21T06:26:37.688+0000][1][safepoint    ] Safepoint "RevokeBias", Time since last: 2510117105 ns, Reaching safepoint: 153356 ns, At safepoint: 20357 ns, Total: 173713 ns
[2020-02-21T06:26:40.201+0000][1][safepoint    ] Safepoint "RevokeBias", Time since last: 2513479800 ns, Reaching safepoint: 72842 ns, At safepoint: 18052 ns, Total: 90894 ns
[2020-02-21T06:26:42.707+0000][1][safepoint    ] Safepoint "RevokeBias", Time since last: 2505590003 ns, Reaching safepoint: 86613 ns, At safepoint: 20929 ns, Total: 107542 ns
[2020-02-21T06:26:45.209+0000][1][safepoint    ] Safepoint "RevokeBias", Time since last: 2501948907 ns, Reaching safepoint: 75182 ns, At safepoint: 17873 ns, Total: 93055 ns
[2020-02-21T06:26:47.715+0000][1][safepoint    ] Safepoint "RevokeBias", Time since last: 2505456113 ns, Reaching safepoint: 71845 ns, At safepoint: 18080 ns, Total: 89925 ns
[2020-02-21T06:26:50.221+0000][1][safepoint    ] Safepoint "RevokeBias", Time since last: 2506233002 ns, Reaching safepoint: 70671 ns, At safepoint: 17421 ns, Total: 88092 ns
[2020-02-21T06:26:52.724+0000][1][safepoint    ] Safepoint "RevokeBias", Time since last: 2503219296 ns, Reaching safepoint: 71181 ns, At safepoint: 17172 ns, Total: 88353 ns
[2020-02-21T06:26:55.238+0000][1][safepoint    ] Safepoint "RevokeBias", Time since last: 2513675156 ns, Reaching safepoint: 71562 ns, At safepoint: 17563 ns, Total: 89125 ns
[2020-02-21T06:26:57.748+0000][1][safepoint    ] Safepoint "RevokeBias", Time since last: 2510121608 ns, Reaching safepoint: 73561 ns, At safepoint: 17717 ns, Total: 91278 ns
[2020-02-21T06:27:00.251+0000][1][safepoint    ] Safepoint "RevokeBias", Time since last: 2502964504 ns, Reaching safepoint: 74931 ns, At safepoint: 17282 ns, Total: 92213 ns
[2020-02-21T06:27:02.757+0000][1][safepoint    ] Safepoint "RevokeBias", Time since last: 2505437282 ns, Reaching safepoint: 169750 ns, At safepoint: 38409 ns, Total: 208159 ns
[2020-02-21T06:27:05.262+0000][1][safepoint    ] Safepoint "RevokeBias", Time since last: 2505113075 ns, Reaching safepoint: 188260 ns, At safepoint: 22411 ns, Total: 210671 ns
[2020-02-21T06:27:07.765+0000][1][safepoint    ] Safepoint "RevokeBias", Time since last: 2502512841 ns, Reaching safepoint: 155330 ns, At safepoint: 19948 ns, Total: 175278 ns
[2020-02-21T06:27:10.268+0000][1][safepoint    ] Safepoint "RevokeBias", Time since last: 2503251724 ns, Reaching safepoint: 72950 ns, At safepoint: 17539 ns, Total: 90489 ns
[2020-02-21T06:27:12.780+0000][1][safepoint    ] Safepoint "RevokeBias", Time since last: 2511423634 ns, Reaching safepoint: 356439 ns, At safepoint: 78875 ns, Total: 435314 ns
[2020-02-21T06:27:15.289+0000][1][safepoint    ] Safepoint "RevokeBias", Time since last: 2508711843 ns, Reaching safepoint: 72329 ns, At safepoint: 17936 ns, Total: 90265 ns
[2020-02-21T06:27:17.796+0000][1][safepoint    ] Safepoint "RevokeBias", Time since last: 2506664708 ns, Reaching safepoint: 85628 ns, At safepoint: 20219 ns, Total: 105847 ns
[2020-02-21T06:27:20.240+0000][1][gc,start     ] GC(159) Pause Young (Allocation Failure)
[2020-02-21T06:27:20.240+0000][1][gc,task      ] GC(159) Using 1 workers of 1 for evacuation
[2020-02-21T06:27:20.253+0000][1][gc,age       ] GC(159) Desired survivor size 4358144 bytes, new threshold 6 (max threshold 6)
[2020-02-21T06:27:20.253+0000][1][gc,age       ] GC(159) Age table with threshold 6 (max threshold 6)
[2020-02-21T06:27:20.253+0000][1][gc,age       ] GC(159) - age   1:      12944 bytes,      12944 total
[2020-02-21T06:27:20.254+0000][1][gc,age       ] GC(159) - age   2:        264 bytes,      13208 total
[2020-02-21T06:27:20.254+0000][1][gc,age       ] GC(159) - age   3:        104 bytes,      13312 total
[2020-02-21T06:27:20.254+0000][1][gc,age       ] GC(159) - age   6:         32 bytes,      13344 total
[2020-02-21T06:27:20.254+0000][1][gc,heap      ] GC(159) ParNew: 68175K->21K(76672K)
[2020-02-21T06:27:20.254+0000][1][gc,heap      ] GC(159) CMS: 62622K->62622K(963392K)
[2020-02-21T06:27:20.254+0000][1][gc,metaspace ] GC(159) Metaspace: 80620K->80620K(1124352K)
[2020-02-21T06:27:20.254+0000][1][gc           ] GC(159) Pause Young (Allocation Failure) 127M->61M(1015M) 13.888ms
[2020-02-21T06:27:20.254+0000][1][gc,cpu       ] GC(159) User=0.01s Sys=0.00s Real=0.01s
[2020-02-21T06:27:20.254+0000][1][safepoint    ] Safepoint "GenCollectForAllocation", Time since last: 2443713156 ns, Reaching safepoint: 120407 ns, At safepoint: 13947612 ns, Total: 14068019 ns
[2020-02-21T06:27:20.299+0000][1][safepoint    ] Safepoint "RevokeBias", Time since last: 45207999 ns, Reaching safepoint: 74104 ns, At safepoint: 17903 ns, Total: 92007 ns
[2020-02-21T06:27:22.800+0000][1][safepoint    ] Safepoint "RevokeBias", Time since last: 2500772027 ns, Reaching safepoint: 75869 ns, At safepoint: 19105 ns, Total: 94974 ns
[2020-02-21T06:27:25.304+0000][1][safepoint    ] Safepoint "BulkRevokeBias", Time since last: 2503980915 ns, Reaching safepoint: 124667 ns, At safepoint: 193699 ns, Total: 318366 ns
[2020-02-21T06:27:27.807+0000][1][safepoint    ] Safepoint "RevokeBias", Time since last: 2503295766 ns, Reaching safepoint: 71268 ns, At safepoint: 16629 ns, Total: 87897 ns
[2020-02-21T06:27:30.325+0000][1][safepoint    ] Safepoint "RevokeBias", Time since last: 2517849558 ns, Reaching safepoint: 70639 ns, At safepoint: 17598 ns, Total: 88237 ns
[2020-02-21T06:27:32.836+0000][1][safepoint    ] Safepoint "RevokeBias", Time since last: 2510581374 ns, Reaching safepoint: 125321 ns, At safepoint: 69149 ns, Total: 194470 ns
[2020-02-21T06:27:35.340+0000][1][safepoint    ] Safepoint "RevokeBias", Time since last: 2504044800 ns, Reaching safepoint: 70621 ns, At safepoint: 16926 ns, Total: 87547 ns
[2020-02-21T06:27:37.843+0000][1][safepoint    ] Safepoint "RevokeBias", Time since last: 2502851209 ns, Reaching safepoint: 72531 ns, At safepoint: 17583 ns, Total: 90114 ns
[2020-02-21T06:27:40.347+0000][1][safepoint    ] Safepoint "RevokeBias", Time since last: 2503665836 ns, Reaching safepoint: 74005 ns, At safepoint: 17760 ns, Total: 91765 ns
[2020-02-21T06:27:42.861+0000][1][safepoint    ] Safepoint "RevokeBias", Time since last: 2513654490 ns, Reaching safepoint: 89059 ns, At safepoint: 20986 ns, Total: 110045 ns
[2020-02-21T06:27:45.368+0000][1][safepoint    ] Safepoint "RevokeBias", Time since last: 2507076068 ns, Reaching safepoint: 131193 ns, At safepoint: 29019 ns, Total: 160212 ns
[2020-02-21T06:27:47.874+0000][1][safepoint    ] Safepoint "RevokeBias", Time since last: 2505823812 ns, Reaching safepoint: 72407 ns, At safepoint: 17192 ns, Total: 89599 ns
[2020-02-21T06:27:50.377+0000][1][safepoint    ] Safepoint "RevokeBias", Time since last: 2502781400 ns, Reaching safepoint: 71715 ns, At safepoint: 17990 ns, Total: 89705 ns
[2020-02-21T06:27:52.880+0000][1][safepoint    ] Safepoint "RevokeBias", Time since last: 2502740339 ns, Reaching safepoint: 71506 ns, At safepoint: 18276 ns, Total: 89782 ns
[2020-02-21T06:27:55.382+0000][1][safepoint    ] Safepoint "RevokeBias", Time since last: 2502613673 ns, Reaching safepoint: 112609 ns, At safepoint: 27238 ns, Total: 139847 ns
[2020-02-21T06:27:57.889+0000][1][safepoint    ] Safepoint "RevokeBias", Time since last: 2506568731 ns, Reaching safepoint: 73161 ns, At safepoint: 18256 ns, Total: 91417 ns
[2020-02-21T06:28:00.401+0000][1][safepoint    ] Safepoint "RevokeBias", Time since last: 2511530909 ns, Reaching safepoint: 73655 ns, At safepoint: 17031 ns, Total: 90686 ns
[2020-02-21T06:28:02.913+0000][1][safepoint    ] Safepoint "RevokeBias", Time since last: 2511826052 ns, Reaching safepoint: 74780 ns, At safepoint: 18531 ns, Total: 93311 ns
[2020-02-21T06:28:05.417+0000][1][safepoint    ] Safepoint "RevokeBias", Time since last: 2504234808 ns, Reaching safepoint: 154940 ns, At safepoint: 34321 ns, Total: 189261 ns
[2020-02-21T06:28:07.509+0000][1][safepoint    ] Safepoint "Cleanup", Time since last: 2091711654 ns, Reaching safepoint: 90109 ns, At safepoint: 8567 ns, Total: 98676 ns
[2020-02-21T06:28:07.921+0000][1][safepoint    ] Safepoint "RevokeBias", Time since last: 412517036 ns, Reaching safepoint: 71381 ns, At safepoint: 18991 ns, Total: 90372 ns
[2020-02-21T06:28:10.426+0000][1][safepoint    ] Safepoint "RevokeBias", Time since last: 2504182867 ns, Reaching safepoint: 98381 ns, At safepoint: 19007 ns, Total: 117388 ns
[2020-02-21T06:28:12.930+0000][1][safepoint    ] Safepoint "RevokeBias", Time since last: 2503905614 ns, Reaching safepoint: 92570 ns, At safepoint: 21592 ns, Total: 114162 ns
[2020-02-21T06:28:15.433+0000][1][safepoint    ] Safepoint "RevokeBias", Time since last: 2503314445 ns, Reaching safepoint: 71533 ns, At safepoint: 17839 ns, Total: 89372 ns
[2020-02-21T06:28:17.954+0000][1][safepoint    ] Safepoint "RevokeBias", Time since last: 2520403697 ns, Reaching safepoint: 87120 ns, At safepoint: 18031 ns, Total: 105151 ns
[2020-02-21T06:28:20.467+0000][1][safepoint    ] Safepoint "RevokeBias", Time since last: 2512987418 ns, Reaching safepoint: 72065 ns, At safepoint: 72647 ns, Total: 144712 ns
[2020-02-21T06:28:22.971+0000][1][safepoint    ] Safepoint "RevokeBias", Time since last: 2504137257 ns, Reaching safepoint: 70169 ns, At safepoint: 17469 ns, Total: 87638 ns
[2020-02-21T06:28:25.475+0000][1][safepoint    ] Safepoint "RevokeBias", Time since last: 2504040344 ns, Reaching safepoint: 122409 ns, At safepoint: 22996 ns, Total: 145405 ns
[2020-02-21T06:28:27.981+0000][1][safepoint    ] Safepoint "RevokeBias", Time since last: 2505182207 ns, Reaching safepoint: 134765 ns, At safepoint: 24813 ns, Total: 159578 ns
[2020-02-21T06:28:30.484+0000][1][safepoint    ] Safepoint "RevokeBias", Time since last: 2503241465 ns, Reaching safepoint: 73128 ns, At safepoint: 17715 ns, Total: 90843 ns
[2020-02-21T06:28:32.989+0000][1][safepoint    ] Safepoint "RevokeBias", Time since last: 2505282647 ns, Reaching safepoint: 73553 ns, At safepoint: 18577 ns, Total: 92130 ns
[2020-02-21T06:28:35.498+0000][1][safepoint    ] Safepoint "RevokeBias", Time since last: 2509070459 ns, Reaching safepoint: 70288 ns, At safepoint: 18643 ns, Total: 88931 ns
[2020-02-21T06:28:38.007+0000][1][safepoint    ] Safepoint "BulkRevokeBias", Time since last: 2508340824 ns, Reaching safepoint: 78745 ns, At safepoint: 187258 ns, Total: 266003 ns
[2020-02-21T06:28:40.510+0000][1][safepoint    ] Safepoint "RevokeBias", Time since last: 2502932312 ns, Reaching safepoint: 72334 ns, At safepoint: 17668 ns, Total: 90002 ns
[2020-02-21T06:28:43.017+0000][1][safepoint    ] Safepoint "RevokeBias", Time since last: 2506613159 ns, Reaching safepoint: 136934 ns, At safepoint: 32494 ns, Total: 169428 ns
[2020-02-21T06:28:45.520+0000][1][safepoint    ] Safepoint "RevokeBias", Time since last: 2503532581 ns, Reaching safepoint: 72718 ns, At safepoint: 17805 ns, Total: 90523 ns
[2020-02-21T06:28:48.024+0000][1][safepoint    ] Safepoint "RevokeBias", Time since last: 2503309324 ns, Reaching safepoint: 72111 ns, At safepoint: 17010 ns, Total: 89121 ns
[2020-02-21T06:28:50.526+0000][1][safepoint    ] Safepoint "RevokeBias", Time since last: 2502259331 ns, Reaching safepoint: 85922 ns, At safepoint: 19026 ns, Total: 104948 ns
[2020-02-21T06:28:53.035+0000][1][safepoint    ] Safepoint "RevokeBias", Time since last: 2508493385 ns, Reaching safepoint: 73460 ns, At safepoint: 19857 ns, Total: 93317 ns
[2020-02-21T06:28:55.546+0000][1][safepoint    ] Safepoint "RevokeBias", Time since last: 2511102943 ns, Reaching safepoint: 55448 ns, At safepoint: 15948 ns, Total: 71396 ns
[2020-02-21T06:28:58.052+0000][1][safepoint    ] Safepoint "RevokeBias", Time since last: 2505780667 ns, Reaching safepoint: 73143 ns, At safepoint: 17553 ns, Total: 90696 ns
[2020-02-21T06:29:00.555+0000][1][safepoint    ] Safepoint "RevokeBias", Time since last: 2503234253 ns, Reaching safepoint: 102625 ns, At safepoint: 22936 ns, Total: 125561 ns
[2020-02-21T06:29:03.058+0000][1][safepoint    ] Safepoint "RevokeBias", Time since last: 2502982655 ns, Reaching safepoint: 71907 ns, At safepoint: 18027 ns, Total: 89934 ns
[2020-02-21T06:29:05.573+0000][1][safepoint    ] Safepoint "RevokeBias", Time since last: 2514484960 ns, Reaching safepoint: 107349 ns, At safepoint: 19379 ns, Total: 126728 ns
[2020-02-21T06:29:08.080+0000][1][safepoint    ] Safepoint "RevokeBias", Time since last: 2507160912 ns, Reaching safepoint: 73826 ns, At safepoint: 17608 ns, Total: 91434 ns
[2020-02-21T06:29:10.583+0000][1][safepoint    ] Safepoint "RevokeBias", Time since last: 2502942454 ns, Reaching safepoint: 72122 ns, At safepoint: 17683 ns, Total: 89805 ns
[2020-02-21T06:29:13.086+0000][1][safepoint    ] Safepoint "RevokeBias", Time since last: 2502690235 ns, Reaching safepoint: 89337 ns, At safepoint: 20466 ns, Total: 109803 ns
[2020-02-21T06:29:15.589+0000][1][safepoint    ] Safepoint "RevokeBias", Time since last: 2502974930 ns, Reaching safepoint: 71575 ns, At safepoint: 17479 ns, Total: 89054 ns
[2020-02-21T06:29:18.095+0000][1][safepoint    ] Safepoint "RevokeBias", Time since last: 2506004050 ns, Reaching safepoint: 76418 ns, At safepoint: 17354 ns, Total: 93772 ns
[2020-02-21T06:29:20.599+0000][1][safepoint    ] Safepoint "RevokeBias", Time since last: 2503932755 ns, Reaching safepoint: 72812 ns, At safepoint: 17840 ns, Total: 90652 ns
[2020-02-21T06:29:23.117+0000][1][safepoint    ] Safepoint "RevokeBias", Time since last: 2517447878 ns, Reaching safepoint: 85550 ns, At safepoint: 20278 ns, Total: 105828 ns
[2020-02-21T06:29:25.626+0000][1][safepoint    ] Safepoint "RevokeBias", Time since last: 2509038447 ns, Reaching safepoint: 73165 ns, At safepoint: 18109 ns, Total: 91274 ns
[2020-02-21T06:29:28.131+0000][1][safepoint    ] Safepoint "RevokeBias", Time since last: 2505311093 ns, Reaching safepoint: 71571 ns, At safepoint: 17860 ns, Total: 89431 ns
[2020-02-21T06:29:30.634+0000][1][safepoint    ] Safepoint "RevokeBias", Time since last: 2502313190 ns, Reaching safepoint: 74096 ns, At safepoint: 18102 ns, Total: 92198 ns
[2020-02-21T06:29:33.139+0000][1][safepoint    ] Safepoint "RevokeBias", Time since last: 2504836383 ns, Reaching safepoint: 111415 ns, At safepoint: 20284 ns, Total: 131699 ns
[2020-02-21T06:29:35.643+0000][1][safepoint    ] Safepoint "RevokeBias", Time since last: 2504170412 ns, Reaching safepoint: 73355 ns, At safepoint: 17839 ns, Total: 91194 ns
[2020-02-21T06:29:38.145+0000][1][safepoint    ] Safepoint "RevokeBias", Time since last: 2501893685 ns, Reaching safepoint: 72563 ns, At safepoint: 17906 ns, Total: 90469 ns
[2020-02-21T06:29:40.346+0000][1][gc,start     ] GC(160) Pause Young (Allocation Failure)
[2020-02-21T06:29:40.346+0000][1][gc,task      ] GC(160) Using 1 workers of 1 for evacuation
[2020-02-21T06:29:40.365+0000][1][gc,age       ] GC(160) Desired survivor size 4358144 bytes, new threshold 6 (max threshold 6)
[2020-02-21T06:29:40.365+0000][1][gc,age       ] GC(160) Age table with threshold 6 (max threshold 6)
[2020-02-21T06:29:40.365+0000][1][gc,age       ] GC(160) - age   1:      13000 bytes,      13000 total
[2020-02-21T06:29:40.365+0000][1][gc,age       ] GC(160) - age   3:        264 bytes,      13264 total
[2020-02-21T06:29:40.365+0000][1][gc,age       ] GC(160) - age   4:        104 bytes,      13368 total
[2020-02-21T06:29:40.365+0000][1][gc,heap      ] GC(160) ParNew: 68181K->24K(76672K)
[2020-02-21T06:29:40.365+0000][1][gc,heap      ] GC(160) CMS: 62622K->62622K(963392K)
[2020-02-21T06:29:40.365+0000][1][gc,metaspace ] GC(160) Metaspace: 80620K->80620K(1124352K)
[2020-02-21T06:29:40.365+0000][1][gc           ] GC(160) Pause Young (Allocation Failure) 127M->61M(1015M) 18.982ms
[2020-02-21T06:29:40.365+0000][1][gc,cpu       ] GC(160) User=0.01s Sys=0.00s Real=0.01s
[2020-02-21T06:29:40.365+0000][1][safepoint    ] Safepoint "GenCollectForAllocation", Time since last: 2200925896 ns, Reaching safepoint: 58174 ns, At safepoint: 19045654 ns, Total: 19103828 ns
[2020-02-21T06:29:40.659+0000][1][safepoint    ] Safepoint "RevokeBias", Time since last: 293625777 ns, Reaching safepoint: 72429 ns, At safepoint: 17206 ns, Total: 89635 ns
[2020-02-21T06:29:43.176+0000][1][safepoint    ] Safepoint "RevokeBias", Time since last: 2517555913 ns, Reaching safepoint: 74976 ns, At safepoint: 18212 ns, Total: 93188 ns
[2020-02-21T06:29:45.678+0000][1][safepoint    ] Safepoint "RevokeBias", Time since last: 2501969673 ns, Reaching safepoint: 73023 ns, At safepoint: 17771 ns, Total: 90794 ns
[2020-02-21T06:29:48.184+0000][1][safepoint    ] Safepoint "RevokeBias", Time since last: 2505483200 ns, Reaching safepoint: 72054 ns, At safepoint: 17376 ns, Total: 89430 ns
[2020-02-21T06:29:50.687+0000][1][safepoint    ] Safepoint "BulkRevokeBias", Time since last: 2502806759 ns, Reaching safepoint: 70388 ns, At safepoint: 270537 ns, Total: 340925 ns
[2020-02-21T06:29:53.191+0000][1][safepoint    ] Safepoint "RevokeBias", Time since last: 2503339317 ns, Reaching safepoint: 89127 ns, At safepoint: 20642 ns, Total: 109769 ns
[2020-02-21T06:29:55.694+0000][1][safepoint    ] Safepoint "RevokeBias", Time since last: 2503323780 ns, Reaching safepoint: 160349 ns, At safepoint: 19384 ns, Total: 179733 ns
[2020-02-21T06:29:58.212+0000][1][safepoint    ] Safepoint "RevokeBias", Time since last: 2518324234 ns, Reaching safepoint: 142261 ns, At safepoint: 17423 ns, Total: 159684 ns
[2020-02-21T06:30:00.725+0000][1][safepoint    ] Safepoint "RevokeBias", Time since last: 2512674311 ns, Reaching safepoint: 84540 ns, At safepoint: 21048 ns, Total: 105588 ns
[2020-02-21T06:30:03.231+0000][1][safepoint    ] Safepoint "RevokeBias", Time since last: 2505262645 ns, Reaching safepoint: 73072 ns, At safepoint: 17961 ns, Total: 91033 ns
[2020-02-21T06:30:05.734+0000][1][safepoint    ] Safepoint "RevokeBias", Time since last: 2502834613 ns, Reaching safepoint: 70705 ns, At safepoint: 17364 ns, Total: 88069 ns
[2020-02-21T06:30:08.236+0000][1][safepoint    ] Safepoint "RevokeBias", Time since last: 2502830359 ns, Reaching safepoint: 53808 ns, At safepoint: 15468 ns, Total: 69276 ns
[2020-02-21T06:30:10.741+0000][1][safepoint    ] Safepoint "RevokeBias", Time since last: 2504435481 ns, Reaching safepoint: 78895 ns, At safepoint: 18998 ns, Total: 97893 ns
[2020-02-21T06:30:13.247+0000][1][safepoint    ] Safepoint "RevokeBias", Time since last: 2506011072 ns, Reaching safepoint: 73953 ns, At safepoint: 18634 ns, Total: 92587 ns
[2020-02-21T06:30:15.762+0000][1][safepoint    ] Safepoint "RevokeBias", Time since last: 2514681038 ns, Reaching safepoint: 195171 ns, At safepoint: 58272 ns, Total: 253443 ns
[2020-02-21T06:30:18.272+0000][1][safepoint    ] Safepoint "RevokeBias", Time since last: 2510014398 ns, Reaching safepoint: 72107 ns, At safepoint: 17807 ns, Total: 89914 ns
[2020-02-21T06:30:20.775+0000][1][safepoint    ] Safepoint "RevokeBias", Time since last: 2502372199 ns, Reaching safepoint: 72910 ns, At safepoint: 17145 ns, Total: 90055 ns
[2020-02-21T06:30:23.278+0000][1][safepoint    ] Safepoint "RevokeBias", Time since last: 2503124926 ns, Reaching safepoint: 90232 ns, At safepoint: 21142 ns, Total: 111374 ns
[2020-02-21T06:30:25.782+0000][1][safepoint    ] Safepoint "RevokeBias", Time since last: 2504510032 ns, Reaching safepoint: 72984 ns, At safepoint: 17379 ns, Total: 90363 ns
[2020-02-21T06:30:28.288+0000][1][safepoint    ] Safepoint "RevokeBias", Time since last: 2505863397 ns, Reaching safepoint: 70993 ns, At safepoint: 16939 ns, Total: 87932 ns
[2020-02-21T06:30:30.791+0000][1][safepoint    ] Safepoint "RevokeBias", Time since last: 2502749722 ns, Reaching safepoint: 73835 ns, At safepoint: 18107 ns, Total: 91942 ns
[2020-02-21T06:30:33.303+0000][1][safepoint    ] Safepoint "RevokeBias", Time since last: 2512080103 ns, Reaching safepoint: 53291 ns, At safepoint: 15637 ns, Total: 68928 ns
[2020-02-21T06:30:35.811+0000][1][safepoint    ] Safepoint "RevokeBias", Time since last: 2507796317 ns, Reaching safepoint: 97860 ns, At safepoint: 21743 ns, Total: 119603 ns
[2020-02-21T06:30:38.314+0000][1][safepoint    ] Safepoint "RevokeBias", Time since last: 2502131358 ns, Reaching safepoint: 73054 ns, At safepoint: 17514 ns, Total: 90568 ns
[2020-02-21T06:30:40.817+0000][1][safepoint    ] Safepoint "RevokeBias", Time since last: 2503179843 ns, Reaching safepoint: 73437 ns, At safepoint: 18576 ns, Total: 92013 ns
[2020-02-21T06:30:43.320+0000][1][safepoint    ] Safepoint "RevokeBias", Time since last: 2503476805 ns, Reaching safepoint: 71717 ns, At safepoint: 17355 ns, Total: 89072 ns
[2020-02-21T06:30:45.829+0000][1][safepoint    ] Safepoint "RevokeBias", Time since last: 2508552950 ns, Reaching safepoint: 73091 ns, At safepoint: 16955 ns, Total: 90046 ns
[2020-02-21T06:30:48.339+0000][1][safepoint    ] Safepoint "RevokeBias", Time since last: 2509582150 ns, Reaching safepoint: 71626 ns, At safepoint: 50854 ns, Total: 122480 ns
[2020-02-21T06:30:50.843+0000][1][safepoint    ] Safepoint "RevokeBias", Time since last: 2503837294 ns, Reaching safepoint: 56258 ns, At safepoint: 16206 ns, Total: 72464 ns
[2020-02-21T06:30:53.346+0000][1][safepoint    ] Safepoint "RevokeBias", Time since last: 2502945610 ns, Reaching safepoint: 128038 ns, At safepoint: 21541 ns, Total: 149579 ns
[2020-02-21T06:30:55.850+0000][1][safepoint    ] Safepoint "RevokeBias", Time since last: 2504342108 ns, Reaching safepoint: 86585 ns, At safepoint: 17889 ns, Total: 104474 ns
[2020-02-21T06:30:58.355+0000][1][safepoint    ] Safepoint "RevokeBias", Time since last: 2504694749 ns, Reaching safepoint: 118582 ns, At safepoint: 33243 ns, Total: 151825 ns
[2020-02-21T06:31:00.857+0000][1][safepoint    ] Safepoint "RevokeBias", Time since last: 2501983371 ns, Reaching safepoint: 91419 ns, At safepoint: 23150 ns, Total: 114569 ns
[2020-02-21T06:31:03.370+0000][1][safepoint    ] Safepoint "BulkRevokeBias", Time since last: 2512100967 ns, Reaching safepoint: 151168 ns, At safepoint: 316296 ns, Total: 467464 ns
[2020-02-21T06:31:05.879+0000][1][safepoint    ] Safepoint "RevokeBias", Time since last: 2509665809 ns, Reaching safepoint: 69611 ns, At safepoint: 16768 ns, Total: 86379 ns
[2020-02-21T06:31:08.384+0000][1][safepoint    ] Safepoint "RevokeBias", Time since last: 2504466105 ns, Reaching safepoint: 101348 ns, At safepoint: 20411 ns, Total: 121759 ns
[2020-02-21T06:31:10.889+0000][1][safepoint    ] Safepoint "RevokeBias", Time since last: 2504568409 ns, Reaching safepoint: 72107 ns, At safepoint: 17289 ns, Total: 89396 ns
[2020-02-21T06:31:13.395+0000][1][safepoint    ] Safepoint "RevokeBias", Time since last: 2506342442 ns, Reaching safepoint: 74496 ns, At safepoint: 17746 ns, Total: 92242 ns
[2020-02-21T06:31:15.898+0000][1][safepoint    ] Safepoint "RevokeBias", Time since last: 2503198826 ns, Reaching safepoint: 74059 ns, At safepoint: 17099 ns, Total: 91158 ns
[2020-02-21T06:31:18.405+0000][1][safepoint    ] Safepoint "RevokeBias", Time since last: 2506439939 ns, Reaching safepoint: 70036 ns, At safepoint: 18114 ns, Total: 88150 ns
[2020-02-21T06:31:20.917+0000][1][safepoint    ] Safepoint "RevokeBias", Time since last: 2512214379 ns, Reaching safepoint: 89882 ns, At safepoint: 21933 ns, Total: 111815 ns
[2020-02-21T06:31:23.425+0000][1][safepoint    ] Safepoint "RevokeBias", Time since last: 2507662964 ns, Reaching safepoint: 92326 ns, At safepoint: 18218 ns, Total: 110544 ns
[2020-02-21T06:31:25.930+0000][1][safepoint    ] Safepoint "RevokeBias", Time since last: 2504516932 ns, Reaching safepoint: 71779 ns, At safepoint: 17717 ns, Total: 89496 ns
[2020-02-21T06:31:28.435+0000][1][safepoint    ] Safepoint "RevokeBias", Time since last: 2505766693 ns, Reaching safepoint: 80625 ns, At safepoint: 19922 ns, Total: 100547 ns
[2020-02-21T06:31:30.938+0000][1][safepoint    ] Safepoint "RevokeBias", Time since last: 2502565700 ns, Reaching safepoint: 72528 ns, At safepoint: 17376 ns, Total: 89904 ns
[2020-02-21T06:31:33.442+0000][1][safepoint    ] Safepoint "RevokeBias", Time since last: 2504037609 ns, Reaching safepoint: 128048 ns, At safepoint: 36150 ns, Total: 164198 ns
[2020-02-21T06:31:35.947+0000][1][safepoint    ] Safepoint "RevokeBias", Time since last: 2504189297 ns, Reaching safepoint: 56209 ns, At safepoint: 17204 ns, Total: 73413 ns
[2020-02-21T06:31:38.460+0000][1][safepoint    ] Safepoint "RevokeBias", Time since last: 2513083840 ns, Reaching safepoint: 73037 ns, At safepoint: 17547 ns, Total: 90584 ns
[2020-02-21T06:31:40.969+0000][1][safepoint    ] Safepoint "RevokeBias", Time since last: 2509339695 ns, Reaching safepoint: 159501 ns, At safepoint: 20765 ns, Total: 180266 ns
[2020-02-21T06:31:43.475+0000][1][safepoint    ] Safepoint "RevokeBias", Time since last: 2505765138 ns, Reaching safepoint: 104803 ns, At safepoint: 24368 ns, Total: 129171 ns
[2020-02-21T06:31:45.980+0000][1][safepoint    ] Safepoint "RevokeBias", Time since last: 2504681278 ns, Reaching safepoint: 73354 ns, At safepoint: 89744 ns, Total: 163098 ns
[2020-02-21T06:31:48.484+0000][1][safepoint    ] Safepoint "RevokeBias", Time since last: 2503864143 ns, Reaching safepoint: 89147 ns, At safepoint: 20557 ns, Total: 109704 ns
[2020-02-21T06:31:50.987+0000][1][safepoint    ] Safepoint "RevokeBias", Time since last: 2502443109 ns, Reaching safepoint: 72587 ns, At safepoint: 17215 ns, Total: 89802 ns
[2020-02-21T06:31:53.489+0000][1][safepoint    ] Safepoint "RevokeBias", Time since last: 2502128911 ns, Reaching safepoint: 70541 ns, At safepoint: 18153 ns, Total: 88694 ns
[2020-02-21T06:31:55.996+0000][1][safepoint    ] Safepoint "RevokeBias", Time since last: 2507614148 ns, Reaching safepoint: 74037 ns, At safepoint: 17723 ns, Total: 91760 ns
[2020-02-21T06:31:58.508+0000][1][safepoint    ] Safepoint "RevokeBias", Time since last: 2510951274 ns, Reaching safepoint: 105923 ns, At safepoint: 20777 ns, Total: 126700 ns
[2020-02-21T06:32:00.755+0000][1][gc,start     ] GC(161) Pause Young (Allocation Failure)
[2020-02-21T06:32:00.755+0000][1][gc,task      ] GC(161) Using 1 workers of 1 for evacuation
[2020-02-21T06:32:00.765+0000][1][gc,age       ] GC(161) Desired survivor size 4358144 bytes, new threshold 6 (max threshold 6)
[2020-02-21T06:32:00.765+0000][1][gc,age       ] GC(161) Age table with threshold 6 (max threshold 6)
[2020-02-21T06:32:00.765+0000][1][gc,age       ] GC(161) - age   1:      11728 bytes,      11728 total
[2020-02-21T06:32:00.765+0000][1][gc,age       ] GC(161) - age   4:        264 bytes,      11992 total
[2020-02-21T06:32:00.765+0000][1][gc,age       ] GC(161) - age   5:        104 bytes,      12096 total
[2020-02-21T06:32:00.766+0000][1][gc,heap      ] GC(161) ParNew: 68184K->16K(76672K)
[2020-02-21T06:32:00.766+0000][1][gc,heap      ] GC(161) CMS: 62622K->62622K(963392K)
[2020-02-21T06:32:00.766+0000][1][gc,metaspace ] GC(161) Metaspace: 80620K->80620K(1124352K)
[2020-02-21T06:32:00.766+0000][1][gc           ] GC(161) Pause Young (Allocation Failure) 127M->61M(1015M) 10.900ms
[2020-02-21T06:32:00.766+0000][1][gc,cpu       ] GC(161) User=0.01s Sys=0.00s Real=0.02s
[2020-02-21T06:32:00.766+0000][1][safepoint    ] Safepoint "GenCollectForAllocation", Time since last: 2247045319 ns, Reaching safepoint: 92011 ns, At safepoint: 10956091 ns, Total: 11048102 ns
[2020-02-21T06:32:01.012+0000][1][safepoint    ] Safepoint "RevokeBias", Time since last: 246055024 ns, Reaching safepoint: 179447 ns, At safepoint: 29660 ns, Total: 209107 ns
[2020-02-21T06:32:03.516+0000][1][safepoint    ] Safepoint "RevokeBias", Time since last: 2504296612 ns, Reaching safepoint: 73708 ns, At safepoint: 17416 ns, Total: 91124 ns
[2020-02-21T06:32:06.020+0000][1][safepoint    ] Safepoint "RevokeBias", Time since last: 2503776425 ns, Reaching safepoint: 73739 ns, At safepoint: 16844 ns, Total: 90583 ns
[2020-02-21T06:32:08.538+0000][1][safepoint    ] Safepoint "RevokeBias", Time since last: 2517654802 ns, Reaching safepoint: 72952 ns, At safepoint: 17821 ns, Total: 90773 ns
[2020-02-21T06:32:11.045+0000][1][safepoint    ] Safepoint "RevokeBias", Time since last: 2507325371 ns, Reaching safepoint: 77734 ns, At safepoint: 20087 ns, Total: 97821 ns
[2020-02-21T06:32:13.549+0000][1][safepoint    ] Safepoint "RevokeBias", Time since last: 2503710544 ns, Reaching safepoint: 77118 ns, At safepoint: 19581 ns, Total: 96699 ns
[2020-02-21T06:32:16.052+0000][1][safepoint    ] Safepoint "BulkRevokeBias", Time since last: 2502556602 ns, Reaching safepoint: 72875 ns, At safepoint: 325172 ns, Total: 398047 ns
[2020-02-21T06:32:18.557+0000][1][safepoint    ] Safepoint "RevokeBias", Time since last: 2504543255 ns, Reaching safepoint: 80616 ns, At safepoint: 17523 ns, Total: 98139 ns
[2020-02-21T06:32:21.060+0000][1][safepoint    ] Safepoint "RevokeBias", Time since last: 2503040739 ns, Reaching safepoint: 73800 ns, At safepoint: 17815 ns, Total: 91615 ns
[2020-02-21T06:32:23.563+0000][1][safepoint    ] Safepoint "RevokeBias", Time since last: 2502894125 ns, Reaching safepoint: 75549 ns, At safepoint: 18462 ns, Total: 94011 ns
[2020-02-21T06:32:26.078+0000][1][safepoint    ] Safepoint "RevokeBias", Time since last: 2514855323 ns, Reaching safepoint: 72716 ns, At safepoint: 18026 ns, Total: 90742 ns
[2020-02-21T06:32:28.587+0000][1][safepoint    ] Safepoint "RevokeBias", Time since last: 2509176886 ns, Reaching safepoint: 70984 ns, At safepoint: 17363 ns, Total: 88347 ns
[2020-02-21T06:32:31.089+0000][1][safepoint    ] Safepoint "RevokeBias", Time since last: 2501296071 ns, Reaching safepoint: 173107 ns, At safepoint: 33864 ns, Total: 206971 ns
[2020-02-21T06:32:33.595+0000][1][safepoint    ] Safepoint "RevokeBias", Time since last: 2506502072 ns, Reaching safepoint: 88748 ns, At safepoint: 18101 ns, Total: 106849 ns
[2020-02-21T06:32:36.099+0000][1][safepoint    ] Safepoint "RevokeBias", Time since last: 2503672812 ns, Reaching safepoint: 54115 ns, At safepoint: 14862 ns, Total: 68977 ns
[2020-02-21T06:32:38.602+0000][1][safepoint    ] Safepoint "RevokeBias", Time since last: 2502837135 ns, Reaching safepoint: 153067 ns, At safepoint: 27404 ns, Total: 180471 ns
[2020-02-21T06:32:41.108+0000][1][safepoint    ] Safepoint "RevokeBias", Time since last: 2505632576 ns, Reaching safepoint: 54290 ns, At safepoint: 15954 ns, Total: 70244 ns
[2020-02-21T06:32:43.620+0000][1][safepoint    ] Safepoint "RevokeBias", Time since last: 2512179778 ns, Reaching safepoint: 76589 ns, At safepoint: 18387 ns, Total: 94976 ns
[2020-02-21T06:32:46.130+0000][1][safepoint    ] Safepoint "RevokeBias", Time since last: 2509583068 ns, Reaching safepoint: 72505 ns, At safepoint: 106717 ns, Total: 179222 ns
[2020-02-21T06:32:48.636+0000][1][safepoint    ] Safepoint "RevokeBias", Time since last: 2506079144 ns, Reaching safepoint: 109268 ns, At safepoint: 26813 ns, Total: 136081 ns
[2020-02-21T06:32:51.139+0000][1][safepoint    ] Safepoint "RevokeBias", Time since last: 2502931849 ns, Reaching safepoint: 84821 ns, At safepoint: 17670 ns, Total: 102491 ns
[2020-02-21T06:32:53.643+0000][1][safepoint    ] Safepoint "RevokeBias", Time since last: 2504099174 ns, Reaching safepoint: 84204 ns, At safepoint: 20417 ns, Total: 104621 ns
[2020-02-21T06:32:56.147+0000][1][safepoint    ] Safepoint "RevokeBias", Time since last: 2503777169 ns, Reaching safepoint: 72993 ns, At safepoint: 18525 ns, Total: 91518 ns
[2020-02-21T06:32:58.651+0000][1][safepoint    ] Safepoint "RevokeBias", Time since last: 2504195231 ns, Reaching safepoint: 84608 ns, At safepoint: 20740 ns, Total: 105348 ns
[2020-02-21T06:33:01.162+0000][1][safepoint    ] Safepoint "RevokeBias", Time since last: 2511109813 ns, Reaching safepoint: 73085 ns, At safepoint: 17807 ns, Total: 90892 ns
[2020-02-21T06:33:03.671+0000][1][safepoint    ] Safepoint "RevokeBias", Time since last: 2508277561 ns, Reaching safepoint: 72925 ns, At safepoint: 17305 ns, Total: 90230 ns
[2020-02-21T06:33:06.175+0000][1][safepoint    ] Safepoint "RevokeBias", Time since last: 2504261129 ns, Reaching safepoint: 84331 ns, At safepoint: 21500 ns, Total: 105831 ns
[2020-02-21T06:33:08.678+0000][1][safepoint    ] Safepoint "RevokeBias", Time since last: 2502994513 ns, Reaching safepoint: 77419 ns, At safepoint: 18048 ns, Total: 95467 ns
[2020-02-21T06:33:11.183+0000][1][safepoint    ] Safepoint "RevokeBias", Time since last: 2504526158 ns, Reaching safepoint: 71997 ns, At safepoint: 17398 ns, Total: 89395 ns
[2020-02-21T06:33:13.689+0000][1][safepoint    ] Safepoint "RevokeBias", Time since last: 2505528220 ns, Reaching safepoint: 72013 ns, At safepoint: 17612 ns, Total: 89625 ns
[2020-02-21T06:33:16.192+0000][1][safepoint    ] Safepoint "RevokeBias", Time since last: 2502971596 ns, Reaching safepoint: 125131 ns, At safepoint: 18217 ns, Total: 143348 ns
[2020-02-21T06:33:18.705+0000][1][safepoint    ] Safepoint "RevokeBias", Time since last: 2513572317 ns, Reaching safepoint: 88294 ns, At safepoint: 19725 ns, Total: 108019 ns
[2020-02-21T06:33:21.217+0000][1][safepoint    ] Safepoint "RevokeBias", Time since last: 2511323243 ns, Reaching safepoint: 165183 ns, At safepoint: 51940 ns, Total: 217123 ns
[2020-02-21T06:33:23.720+0000][1][safepoint    ] Safepoint "RevokeBias", Time since last: 2503019266 ns, Reaching safepoint: 72390 ns, At safepoint: 17525 ns, Total: 89915 ns
[2020-02-21T06:33:26.224+0000][1][safepoint    ] Safepoint "RevokeBias", Time since last: 2503596257 ns, Reaching safepoint: 72667 ns, At safepoint: 17104 ns, Total: 89771 ns
[2020-02-21T06:33:28.729+0000][1][safepoint    ] Safepoint "BulkRevokeBias", Time since last: 2505375973 ns, Reaching safepoint: 72646 ns, At safepoint: 225659 ns, Total: 298305 ns
[2020-02-21T06:33:31.240+0000][1][safepoint    ] Safepoint "RevokeBias", Time since last: 2510604092 ns, Reaching safepoint: 71672 ns, At safepoint: 17393 ns, Total: 89065 ns
[2020-02-21T06:33:33.754+0000][1][safepoint    ] Safepoint "RevokeBias", Time since last: 2513512876 ns, Reaching safepoint: 73730 ns, At safepoint: 47451 ns, Total: 121181 ns
[2020-02-21T06:33:36.259+0000][1][safepoint    ] Safepoint "RevokeBias", Time since last: 2505288422 ns, Reaching safepoint: 120379 ns, At safepoint: 27451 ns, Total: 147830 ns
[2020-02-21T06:33:38.763+0000][1][safepoint    ] Safepoint "RevokeBias", Time since last: 2503717528 ns, Reaching safepoint: 74086 ns, At safepoint: 17812 ns, Total: 91898 ns
[2020-02-21T06:33:41.266+0000][1][safepoint    ] Safepoint "RevokeBias", Time since last: 2503364416 ns, Reaching safepoint: 77087 ns, At safepoint: 18328 ns, Total: 95415 ns
[2020-02-21T06:33:43.773+0000][1][safepoint    ] Safepoint "RevokeBias", Time since last: 2506867932 ns, Reaching safepoint: 177178 ns, At safepoint: 37934 ns, Total: 215112 ns
[2020-02-21T06:33:46.277+0000][1][safepoint    ] Safepoint "RevokeBias", Time since last: 2503759876 ns, Reaching safepoint: 91740 ns, At safepoint: 22552 ns, Total: 114292 ns
[2020-02-21T06:33:48.787+0000][1][safepoint    ] Safepoint "RevokeBias", Time since last: 2509701272 ns, Reaching safepoint: 71431 ns, At safepoint: 17595 ns, Total: 89026 ns
[2020-02-21T06:33:51.294+0000][1][safepoint    ] Safepoint "RevokeBias", Time since last: 2507033515 ns, Reaching safepoint: 71192 ns, At safepoint: 17420 ns, Total: 88612 ns
[2020-02-21T06:33:53.797+0000][1][safepoint    ] Safepoint "RevokeBias", Time since last: 2502421188 ns, Reaching safepoint: 72227 ns, At safepoint: 17353 ns, Total: 89580 ns
[2020-02-21T06:33:56.301+0000][1][safepoint    ] Safepoint "RevokeBias", Time since last: 2504224653 ns, Reaching safepoint: 73343 ns, At safepoint: 18637 ns, Total: 91980 ns
[2020-02-21T06:33:58.806+0000][1][safepoint    ] Safepoint "RevokeBias", Time since last: 2505282919 ns, Reaching safepoint: 83438 ns, At safepoint: 20964 ns, Total: 104402 ns
[2020-02-21T06:34:01.312+0000][1][safepoint    ] Safepoint "RevokeBias", Time since last: 2505460464 ns, Reaching safepoint: 72787 ns, At safepoint: 17881 ns, Total: 90668 ns
[2020-02-21T06:34:03.818+0000][1][safepoint    ] Safepoint "RevokeBias", Time since last: 2505957581 ns, Reaching safepoint: 72068 ns, At safepoint: 17095 ns, Total: 89163 ns
[2020-02-21T06:34:06.330+0000][1][safepoint    ] Safepoint "RevokeBias", Time since last: 2511558289 ns, Reaching safepoint: 124201 ns, At safepoint: 96272 ns, Total: 220473 ns
[2020-02-21T06:34:08.838+0000][1][safepoint    ] Safepoint "RevokeBias", Time since last: 2507647905 ns, Reaching safepoint: 84881 ns, At safepoint: 21286 ns, Total: 106167 ns
[2020-02-21T06:34:11.343+0000][1][safepoint    ] Safepoint "RevokeBias", Time since last: 2504805206 ns, Reaching safepoint: 75276 ns, At safepoint: 18229 ns, Total: 93505 ns
[2020-02-21T06:34:13.846+0000][1][safepoint    ] Safepoint "RevokeBias", Time since last: 2502985591 ns, Reaching safepoint: 75442 ns, At safepoint: 17730 ns, Total: 93172 ns
[2020-02-21T06:34:16.348+0000][1][safepoint    ] Safepoint "RevokeBias", Time since last: 2502611754 ns, Reaching safepoint: 74521 ns, At safepoint: 17837 ns, Total: 92358 ns
[2020-02-21T06:34:18.851+0000][1][safepoint    ] Safepoint "RevokeBias", Time since last: 2502966660 ns, Reaching safepoint: 94795 ns, At safepoint: 97257 ns, Total: 192052 ns
[2020-02-21T06:34:20.544+0000][1][gc,start     ] GC(162) Pause Young (Allocation Failure)
[2020-02-21T06:34:20.544+0000][1][gc,task      ] GC(162) Using 1 workers of 1 for evacuation
[2020-02-21T06:34:20.553+0000][1][gc,age       ] GC(162) Desired survivor size 4358144 bytes, new threshold 6 (max threshold 6)
[2020-02-21T06:34:20.553+0000][1][gc,age       ] GC(162) Age table with threshold 6 (max threshold 6)
[2020-02-21T06:34:20.553+0000][1][gc,age       ] GC(162) - age   1:      13288 bytes,      13288 total
[2020-02-21T06:34:20.553+0000][1][gc,age       ] GC(162) - age   5:         32 bytes,      13320 total
[2020-02-21T06:34:20.553+0000][1][gc,age       ] GC(162) - age   6:        104 bytes,      13424 total
[2020-02-21T06:34:20.553+0000][1][gc,heap      ] GC(162) ParNew: 68176K->21K(76672K)
[2020-02-21T06:34:20.553+0000][1][gc,heap      ] GC(162) CMS: 62622K->62622K(963392K)
[2020-02-21T06:34:20.553+0000][1][gc,metaspace ] GC(162) Metaspace: 80620K->80620K(1124352K)
[2020-02-21T06:34:20.554+0000][1][gc           ] GC(162) Pause Young (Allocation Failure) 127M->61M(1015M) 9.942ms
[2020-02-21T06:34:20.554+0000][1][gc,cpu       ] GC(162) User=0.01s Sys=0.00s Real=0.01s
[2020-02-21T06:34:20.554+0000][1][safepoint    ] Safepoint "GenCollectForAllocation", Time since last: 1692028656 ns, Reaching safepoint: 79313 ns, At safepoint: 10095167 ns, Total: 10174480 ns
[2020-02-21T06:34:21.353+0000][1][safepoint    ] Safepoint "RevokeBias", Time since last: 799361569 ns, Reaching safepoint: 73613 ns, At safepoint: 18346 ns, Total: 91959 ns
[2020-02-21T06:34:23.861+0000][1][safepoint    ] Safepoint "RevokeBias", Time since last: 2508031380 ns, Reaching safepoint: 98502 ns, At safepoint: 18506 ns, Total: 117008 ns
[2020-02-21T06:34:26.376+0000][1][safepoint    ] Safepoint "RevokeBias", Time since last: 2514804407 ns, Reaching safepoint: 72609 ns, At safepoint: 18022 ns, Total: 90631 ns
[2020-02-21T06:34:28.882+0000][1][safepoint    ] Safepoint "RevokeBias", Time since last: 2505464848 ns, Reaching safepoint: 82218 ns, At safepoint: 20543 ns, Total: 102761 ns
[2020-02-21T06:34:31.385+0000][1][safepoint    ] Safepoint "RevokeBias", Time since last: 2503533456 ns, Reaching safepoint: 73931 ns, At safepoint: 17811 ns, Total: 91742 ns
[2020-02-21T06:34:33.892+0000][1][safepoint    ] Safepoint "RevokeBias", Time since last: 2506444305 ns, Reaching safepoint: 71341 ns, At safepoint: 17024 ns, Total: 88365 ns
[2020-02-21T06:34:36.396+0000][1][safepoint    ] Safepoint "RevokeBias", Time since last: 2504287477 ns, Reaching safepoint: 150176 ns, At safepoint: 22674 ns, Total: 172850 ns
[2020-02-21T06:34:38.901+0000][1][safepoint    ] Safepoint "RevokeBias", Time since last: 2504435474 ns, Reaching safepoint: 73717 ns, At safepoint: 18089 ns, Total: 91806 ns
[2020-02-21T06:34:41.414+0000][1][safepoint    ] Safepoint "BulkRevokeBias", Time since last: 2512456528 ns, Reaching safepoint: 54863 ns, At safepoint: 247409 ns, Total: 302272 ns
[2020-02-21T06:34:43.931+0000][1][safepoint    ] Safepoint "RevokeBias", Time since last: 2517337527 ns, Reaching safepoint: 73025 ns, At safepoint: 17400 ns, Total: 90425 ns
[2020-02-21T06:34:46.434+0000][1][safepoint    ] Safepoint "RevokeBias", Time since last: 2503113411 ns, Reaching safepoint: 83930 ns, At safepoint: 20293 ns, Total: 104223 ns
[2020-02-21T06:34:48.940+0000][1][safepoint    ] Safepoint "RevokeBias", Time since last: 2505793439 ns, Reaching safepoint: 87346 ns, At safepoint: 20770 ns, Total: 108116 ns
[2020-02-21T06:34:51.443+0000][1][safepoint    ] Safepoint "RevokeBias", Time since last: 2502864577 ns, Reaching safepoint: 85538 ns, At safepoint: 20517 ns, Total: 106055 ns
[2020-02-21T06:34:53.946+0000][1][safepoint    ] Safepoint "RevokeBias", Time since last: 2503093719 ns, Reaching safepoint: 114087 ns, At safepoint: 28617 ns, Total: 142704 ns
[2020-02-21T06:34:56.450+0000][1][safepoint    ] Safepoint "RevokeBias", Time since last: 2503390785 ns, Reaching safepoint: 109107 ns, At safepoint: 18932 ns, Total: 128039 ns
[2020-02-21T06:34:58.967+0000][1][safepoint    ] Safepoint "RevokeBias", Time since last: 2516697081 ns, Reaching safepoint: 87443 ns, At safepoint: 20006 ns, Total: 107449 ns
[2020-02-21T06:35:01.478+0000][1][safepoint    ] Safepoint "RevokeBias", Time since last: 2511045990 ns, Reaching safepoint: 71763 ns, At safepoint: 17137 ns, Total: 88900 ns
[2020-02-21T06:35:03.984+0000][1][safepoint    ] Safepoint "RevokeBias", Time since last: 2505847792 ns, Reaching safepoint: 83620 ns, At safepoint: 20613 ns, Total: 104233 ns
[2020-02-21T06:35:06.488+0000][1][safepoint    ] Safepoint "RevokeBias", Time since last: 2504232099 ns, Reaching safepoint: 73730 ns, At safepoint: 18355 ns, Total: 92085 ns
[2020-02-21T06:35:08.990+0000][1][safepoint    ] Safepoint "RevokeBias", Time since last: 2502114673 ns, Reaching safepoint: 74151 ns, At safepoint: 17842 ns, Total: 91993 ns
[2020-02-21T06:35:11.506+0000][1][safepoint    ] Safepoint "RevokeBias", Time since last: 2515344892 ns, Reaching safepoint: 71809 ns, At safepoint: 17734 ns, Total: 89543 ns
[2020-02-21T06:35:14.022+0000][1][safepoint    ] Safepoint "RevokeBias", Time since last: 2515812411 ns, Reaching safepoint: 147724 ns, At safepoint: 48360 ns, Total: 196084 ns
[2020-02-21T06:35:16.532+0000][1][safepoint    ] Safepoint "RevokeBias", Time since last: 2510173606 ns, Reaching safepoint: 60280 ns, At safepoint: 17737 ns, Total: 78017 ns
[2020-02-21T06:35:19.044+0000][1][safepoint    ] Safepoint "RevokeBias", Time since last: 2511635693 ns, Reaching safepoint: 74851 ns, At safepoint: 17911 ns, Total: 92762 ns
[2020-02-21T06:35:21.548+0000][1][safepoint    ] Safepoint "RevokeBias", Time since last: 2503895815 ns, Reaching safepoint: 71967 ns, At safepoint: 18067 ns, Total: 90034 ns
[2020-02-21T06:35:24.760+0000][1][safepoint    ] Safepoint "RevokeBias", Time since last: 3211737197 ns, Reaching safepoint: 72862 ns, At safepoint: 18103 ns, Total: 90965 ns
[2020-02-21T06:35:27.267+0000][1][safepoint    ] Safepoint "RevokeBias", Time since last: 2506975217 ns, Reaching safepoint: 71309 ns, At safepoint: 17181 ns, Total: 88490 ns
[2020-02-21T06:35:29.772+0000][1][safepoint    ] Safepoint "RevokeBias", Time since last: 2504936245 ns, Reaching safepoint: 185936 ns, At safepoint: 46893 ns, Total: 232829 ns
[2020-02-21T06:35:32.276+0000][1][safepoint    ] Safepoint "RevokeBias", Time since last: 2504438661 ns, Reaching safepoint: 72819 ns, At safepoint: 17397 ns, Total: 90216 ns
[2020-02-21T06:35:34.782+0000][1][safepoint    ] Safepoint "RevokeBias", Time since last: 2505421423 ns, Reaching safepoint: 72203 ns, At safepoint: 17617 ns, Total: 89820 ns
[2020-02-21T06:35:37.292+0000][1][safepoint    ] Safepoint "RevokeBias", Time since last: 2510058211 ns, Reaching safepoint: 157830 ns, At safepoint: 28911 ns, Total: 186741 ns
[2020-02-21T06:35:39.797+0000][1][safepoint    ] Safepoint "RevokeBias", Time since last: 2504526698 ns, Reaching safepoint: 78423 ns, At safepoint: 18732 ns, Total: 97155 ns
[2020-02-21T06:35:42.309+0000][1][safepoint    ] Safepoint "RevokeBias", Time since last: 2512175584 ns, Reaching safepoint: 71592 ns, At safepoint: 17063 ns, Total: 88655 ns
[2020-02-21T06:35:44.820+0000][1][safepoint    ] Safepoint "RevokeBias", Time since last: 2511358327 ns, Reaching safepoint: 72536 ns, At safepoint: 17489 ns, Total: 90025 ns
[2020-02-21T06:35:47.323+0000][1][safepoint    ] Safepoint "RevokeBias", Time since last: 2502040010 ns, Reaching safepoint: 75238 ns, At safepoint: 17438 ns, Total: 92676 ns
[2020-02-21T06:35:49.828+0000][1][safepoint    ] Safepoint "RevokeBias", Time since last: 2505424252 ns, Reaching safepoint: 72571 ns, At safepoint: 17196 ns, Total: 89767 ns
[2020-02-21T06:35:52.333+0000][1][safepoint    ] Safepoint "RevokeBias", Time since last: 2504360415 ns, Reaching safepoint: 85352 ns, At safepoint: 20881 ns, Total: 106233 ns
[2020-02-21T06:35:54.842+0000][1][safepoint    ] Safepoint "BulkRevokeBias", Time since last: 2509220742 ns, Reaching safepoint: 73800 ns, At safepoint: 299168 ns, Total: 372968 ns
[2020-02-21T06:35:57.356+0000][1][safepoint    ] Safepoint "RevokeBias", Time since last: 2513921691 ns, Reaching safepoint: 73076 ns, At safepoint: 18131 ns, Total: 91207 ns
[2020-02-21T06:35:59.862+0000][1][safepoint    ] Safepoint "RevokeBias", Time since last: 2505867569 ns, Reaching safepoint: 97434 ns, At safepoint: 21207 ns, Total: 118641 ns
[2020-02-21T06:36:02.367+0000][1][safepoint    ] Safepoint "RevokeBias", Time since last: 2504727582 ns, Reaching safepoint: 102994 ns, At safepoint: 27663 ns, Total: 130657 ns
[2020-02-21T06:36:04.872+0000][1][safepoint    ] Safepoint "RevokeBias", Time since last: 2505236075 ns, Reaching safepoint: 120370 ns, At safepoint: 18298 ns, Total: 138668 ns
[2020-02-21T06:36:07.377+0000][1][safepoint    ] Safepoint "RevokeBias", Time since last: 2504944869 ns, Reaching safepoint: 73229 ns, At safepoint: 18166 ns, Total: 91395 ns
[2020-02-21T06:36:09.881+0000][1][safepoint    ] Safepoint "RevokeBias", Time since last: 2503148129 ns, Reaching safepoint: 70060 ns, At safepoint: 17414 ns, Total: 87474 ns
[2020-02-21T06:36:12.395+0000][1][safepoint    ] Safepoint "RevokeBias", Time since last: 2513943563 ns, Reaching safepoint: 70708 ns, At safepoint: 18152 ns, Total: 88860 ns
[2020-02-21T06:36:14.901+0000][1][safepoint    ] Safepoint "RevokeBias", Time since last: 2506389531 ns, Reaching safepoint: 71269 ns, At safepoint: 18212 ns, Total: 89481 ns
[2020-02-21T06:36:17.402+0000][1][safepoint    ] Safepoint "RevokeBias", Time since last: 2501041416 ns, Reaching safepoint: 75191 ns, At safepoint: 18344 ns, Total: 93535 ns
[2020-02-21T06:36:19.908+0000][1][safepoint    ] Safepoint "RevokeBias", Time since last: 2505916142 ns, Reaching safepoint: 118219 ns, At safepoint: 21145 ns, Total: 139364 ns
[2020-02-21T06:36:22.410+0000][1][safepoint    ] Safepoint "RevokeBias", Time since last: 2501439779 ns, Reaching safepoint: 82428 ns, At safepoint: 21186 ns, Total: 103614 ns
[2020-02-21T06:36:24.914+0000][1][safepoint    ] Safepoint "RevokeBias", Time since last: 2504097174 ns, Reaching safepoint: 73080 ns, At safepoint: 18143 ns, Total: 91223 ns
[2020-02-21T06:36:27.419+0000][1][safepoint    ] Safepoint "RevokeBias", Time since last: 2505217375 ns, Reaching safepoint: 54470 ns, At safepoint: 15498 ns, Total: 69968 ns
[2020-02-21T06:36:29.935+0000][1][safepoint    ] Safepoint "RevokeBias", Time since last: 2515941431 ns, Reaching safepoint: 75130 ns, At safepoint: 18502 ns, Total: 93632 ns
[2020-02-21T06:36:32.441+0000][1][safepoint    ] Safepoint "RevokeBias", Time since last: 2505490140 ns, Reaching safepoint: 70076 ns, At safepoint: 17209 ns, Total: 87285 ns
[2020-02-21T06:36:34.947+0000][1][safepoint    ] Safepoint "RevokeBias", Time since last: 2506035675 ns, Reaching safepoint: 84319 ns, At safepoint: 20946 ns, Total: 105265 ns
[2020-02-21T06:36:37.451+0000][1][safepoint    ] Safepoint "RevokeBias", Time since last: 2503906637 ns, Reaching safepoint: 73044 ns, At safepoint: 17956 ns, Total: 91000 ns
[2020-02-21T06:36:39.954+0000][1][safepoint    ] Safepoint "RevokeBias", Time since last: 2503012086 ns, Reaching safepoint: 72189 ns, At safepoint: 17598 ns, Total: 89787 ns
[2020-02-21T06:36:40.644+0000][1][gc,start     ] GC(163) Pause Young (Allocation Failure)
[2020-02-21T06:36:40.644+0000][1][gc,task      ] GC(163) Using 1 workers of 1 for evacuation
[2020-02-21T06:36:40.657+0000][1][gc,age       ] GC(163) Desired survivor size 4358144 bytes, new threshold 6 (max threshold 6)
[2020-02-21T06:36:40.657+0000][1][gc,age       ] GC(163) Age table with threshold 6 (max threshold 6)
[2020-02-21T06:36:40.657+0000][1][gc,age       ] GC(163) - age   1:      13032 bytes,      13032 total
[2020-02-21T06:36:40.657+0000][1][gc,age       ] GC(163) - age   2:        264 bytes,      13296 total
[2020-02-21T06:36:40.657+0000][1][gc,age       ] GC(163) - age   6:         32 bytes,      13328 total
[2020-02-21T06:36:40.657+0000][1][gc,heap      ] GC(163) ParNew: 68181K->25K(76672K)
[2020-02-21T06:36:40.657+0000][1][gc,heap      ] GC(163) CMS: 62622K->62622K(963392K)
[2020-02-21T06:36:40.657+0000][1][gc,metaspace ] GC(163) Metaspace: 80620K->80620K(1124352K)
[2020-02-21T06:36:40.657+0000][1][gc           ] GC(163) Pause Young (Allocation Failure) 127M->61M(1015M) 13.202ms
[2020-02-21T06:36:40.657+0000][1][gc,cpu       ] GC(163) User=0.02s Sys=0.00s Real=0.02s
[2020-02-21T06:36:40.657+0000][1][safepoint    ] Safepoint "GenCollectForAllocation", Time since last: 689966887 ns, Reaching safepoint: 60513 ns, At safepoint: 13257629 ns, Total: 13318142 ns
[2020-02-21T06:36:42.459+0000][1][safepoint    ] Safepoint "RevokeBias", Time since last: 1801111551 ns, Reaching safepoint: 185110 ns, At safepoint: 24247 ns, Total: 209357 ns
[2020-02-21T06:36:44.965+0000][1][safepoint    ] Safepoint "RevokeBias", Time since last: 2505760754 ns, Reaching safepoint: 72988 ns, At safepoint: 17479 ns, Total: 90467 ns
[2020-02-21T06:36:47.476+0000][1][safepoint    ] Safepoint "RevokeBias", Time since last: 2510814303 ns, Reaching safepoint: 72822 ns, At safepoint: 18110 ns, Total: 90932 ns
[2020-02-21T06:36:49.992+0000][1][safepoint    ] Safepoint "RevokeBias", Time since last: 2516501325 ns, Reaching safepoint: 72599 ns, At safepoint: 18103 ns, Total: 90702 ns
[2020-02-21T06:36:52.494+0000][1][safepoint    ] Safepoint "RevokeBias", Time since last: 2501857091 ns, Reaching safepoint: 74856 ns, At safepoint: 18161 ns, Total: 93017 ns
[2020-02-21T06:36:54.997+0000][1][safepoint    ] Safepoint "RevokeBias", Time since last: 2502534264 ns, Reaching safepoint: 116087 ns, At safepoint: 28227 ns, Total: 144314 ns
[2020-02-21T06:36:57.503+0000][1][safepoint    ] Safepoint "RevokeBias", Time since last: 2505847673 ns, Reaching safepoint: 73603 ns, At safepoint: 18737 ns, Total: 92340 ns
[2020-02-21T06:37:00.010+0000][1][safepoint    ] Safepoint "RevokeBias", Time since last: 2506848368 ns, Reaching safepoint: 114399 ns, At safepoint: 27710 ns, Total: 142109 ns
[2020-02-21T06:37:02.514+0000][1][safepoint    ] Safepoint "RevokeBias", Time since last: 2504636532 ns, Reaching safepoint: 75951 ns, At safepoint: 17486 ns, Total: 93437 ns
[2020-02-21T06:37:05.025+0000][1][safepoint    ] Safepoint "RevokeBias", Time since last: 2510130663 ns, Reaching safepoint: 89865 ns, At safepoint: 16534 ns, Total: 106399 ns
[2020-02-21T06:37:07.535+0000][1][safepoint    ] Safepoint "BulkRevokeBias", Time since last: 2509981136 ns, Reaching safepoint: 73323 ns, At safepoint: 185388 ns, Total: 258711 ns
[2020-02-21T06:37:10.039+0000][1][safepoint    ] Safepoint "RevokeBias", Time since last: 2504131735 ns, Reaching safepoint: 160257 ns, At safepoint: 29919 ns, Total: 190176 ns
[2020-02-21T06:37:12.543+0000][1][safepoint    ] Safepoint "RevokeBias", Time since last: 2503969017 ns, Reaching safepoint: 73382 ns, At safepoint: 17980 ns, Total: 91362 ns
[2020-02-21T06:37:15.049+0000][1][safepoint    ] Safepoint "RevokeBias", Time since last: 2505935479 ns, Reaching safepoint: 73301 ns, At safepoint: 18053 ns, Total: 91354 ns
[2020-02-21T06:37:17.564+0000][1][safepoint    ] Safepoint "RevokeBias", Time since last: 2514416455 ns, Reaching safepoint: 71239 ns, At safepoint: 17793 ns, Total: 89032 ns
[2020-02-21T06:37:20.074+0000][1][safepoint    ] Safepoint "RevokeBias", Time since last: 2510425254 ns, Reaching safepoint: 73818 ns, At safepoint: 18551 ns, Total: 92369 ns
[2020-02-21T06:37:22.577+0000][1][safepoint    ] Safepoint "RevokeBias", Time since last: 2502810108 ns, Reaching safepoint: 85638 ns, At safepoint: 51818 ns, Total: 137456 ns
[2020-02-21T06:37:25.082+0000][1][safepoint    ] Safepoint "RevokeBias", Time since last: 2504488883 ns, Reaching safepoint: 70431 ns, At safepoint: 17305 ns, Total: 87736 ns
[2020-02-21T06:37:27.585+0000][1][safepoint    ] Safepoint "RevokeBias", Time since last: 2502677681 ns, Reaching safepoint: 73863 ns, At safepoint: 18514 ns, Total: 92377 ns
[2020-02-21T06:37:30.089+0000][1][safepoint    ] Safepoint "RevokeBias", Time since last: 2504237149 ns, Reaching safepoint: 97432 ns, At safepoint: 22705 ns, Total: 120137 ns
[2020-02-21T06:37:32.593+0000][1][safepoint    ] Safepoint "RevokeBias", Time since last: 2503460495 ns, Reaching safepoint: 107802 ns, At safepoint: 31237 ns, Total: 139039 ns
[2020-02-21T06:37:35.106+0000][1][safepoint    ] Safepoint "RevokeBias", Time since last: 2512916364 ns, Reaching safepoint: 90231 ns, At safepoint: 56106 ns, Total: 146337 ns
[2020-02-21T06:37:37.614+0000][1][safepoint    ] Safepoint "RevokeBias", Time since last: 2508223420 ns, Reaching safepoint: 128468 ns, At safepoint: 28209 ns, Total: 156677 ns
[2020-02-21T06:37:40.117+0000][1][safepoint    ] Safepoint "RevokeBias", Time since last: 2502777476 ns, Reaching safepoint: 72539 ns, At safepoint: 17895 ns, Total: 90434 ns
[2020-02-21T06:37:42.623+0000][1][safepoint    ] Safepoint "RevokeBias", Time since last: 2505849113 ns, Reaching safepoint: 154983 ns, At safepoint: 23758 ns, Total: 178741 ns
[2020-02-21T06:37:45.127+0000][1][safepoint    ] Safepoint "RevokeBias", Time since last: 2504220751 ns, Reaching safepoint: 71717 ns, At safepoint: 17560 ns, Total: 89277 ns
[2020-02-21T06:37:47.629+0000][1][safepoint    ] Safepoint "RevokeBias", Time since last: 2501491538 ns, Reaching safepoint: 74219 ns, At safepoint: 17405 ns, Total: 91624 ns
[2020-02-21T06:37:50.134+0000][1][safepoint    ] Safepoint "RevokeBias", Time since last: 2504853790 ns, Reaching safepoint: 188503 ns, At safepoint: 18700 ns, Total: 207203 ns
[2020-02-21T06:37:52.655+0000][1][safepoint    ] Safepoint "RevokeBias", Time since last: 2521099310 ns, Reaching safepoint: 69745 ns, At safepoint: 17249 ns, Total: 86994 ns
[2020-02-21T06:37:55.164+0000][1][safepoint    ] Safepoint "RevokeBias", Time since last: 2508612285 ns, Reaching safepoint: 147569 ns, At safepoint: 25071 ns, Total: 172640 ns
[2020-02-21T06:37:57.669+0000][1][safepoint    ] Safepoint "RevokeBias", Time since last: 2504836790 ns, Reaching safepoint: 76358 ns, At safepoint: 18216 ns, Total: 94574 ns
[2020-02-21T06:38:00.173+0000][1][safepoint    ] Safepoint "RevokeBias", Time since last: 2504159618 ns, Reaching safepoint: 92042 ns, At safepoint: 21231 ns, Total: 113273 ns
[2020-02-21T06:38:02.675+0000][1][safepoint    ] Safepoint "RevokeBias", Time since last: 2501722365 ns, Reaching safepoint: 72032 ns, At safepoint: 17642 ns, Total: 89674 ns
[2020-02-21T06:38:05.180+0000][1][safepoint    ] Safepoint "RevokeBias", Time since last: 2505179289 ns, Reaching safepoint: 75120 ns, At safepoint: 17275 ns, Total: 92395 ns
[2020-02-21T06:38:07.686+0000][1][safepoint    ] Safepoint "RevokeBias", Time since last: 2505885234 ns, Reaching safepoint: 74588 ns, At safepoint: 17762 ns, Total: 92350 ns
[2020-02-21T06:38:10.198+0000][1][safepoint    ] Safepoint "RevokeBias", Time since last: 2511525339 ns, Reaching safepoint: 99150 ns, At safepoint: 53894 ns, Total: 153044 ns
[2020-02-21T06:38:12.710+0000][1][safepoint    ] Safepoint "RevokeBias", Time since last: 2512111560 ns, Reaching safepoint: 71128 ns, At safepoint: 17785 ns, Total: 88913 ns
[2020-02-21T06:38:15.216+0000][1][safepoint    ] Safepoint "RevokeBias", Time since last: 2505346513 ns, Reaching safepoint: 91142 ns, At safepoint: 53981 ns, Total: 145123 ns
[2020-02-21T06:38:17.719+0000][1][safepoint    ] Safepoint "RevokeBias", Time since last: 2503192677 ns, Reaching safepoint: 74007 ns, At safepoint: 17881 ns, Total: 91888 ns
[2020-02-21T06:38:20.224+0000][1][safepoint    ] Safepoint "BulkRevokeBias", Time since last: 2504821340 ns, Reaching safepoint: 73892 ns, At safepoint: 243052 ns, Total: 316944 ns
[2020-02-21T06:38:22.727+0000][1][safepoint    ] Safepoint "RevokeBias", Time since last: 2502937259 ns, Reaching safepoint: 169552 ns, At safepoint: 28246 ns, Total: 197798 ns
[2020-02-21T06:38:25.231+0000][1][safepoint    ] Safepoint "RevokeBias", Time since last: 2503389620 ns, Reaching safepoint: 73449 ns, At safepoint: 17227 ns, Total: 90676 ns
[2020-02-21T06:38:27.794+0000][1][safepoint    ] Safepoint "RevokeBias", Time since last: 2563054212 ns, Reaching safepoint: 72587 ns, At safepoint: 17405 ns, Total: 89992 ns
[2020-02-21T06:38:30.312+0000][1][safepoint    ] Safepoint "RevokeBias", Time since last: 2517945166 ns, Reaching safepoint: 220852 ns, At safepoint: 41621 ns, Total: 262473 ns
[2020-02-21T06:38:32.815+0000][1][safepoint    ] Safepoint "RevokeBias", Time since last: 2502666519 ns, Reaching safepoint: 54760 ns, At safepoint: 15649 ns, Total: 70409 ns
[2020-02-21T06:38:35.318+0000][1][safepoint    ] Safepoint "RevokeBias", Time since last: 2503079624 ns, Reaching safepoint: 74186 ns, At safepoint: 18285 ns, Total: 92471 ns
[2020-02-21T06:38:37.824+0000][1][safepoint    ] Safepoint "RevokeBias", Time since last: 2506360106 ns, Reaching safepoint: 75033 ns, At safepoint: 18300 ns, Total: 93333 ns
[2020-02-21T06:38:40.329+0000][1][safepoint    ] Safepoint "RevokeBias", Time since last: 2504457850 ns, Reaching safepoint: 73255 ns, At safepoint: 17125 ns, Total: 90380 ns
[2020-02-21T06:38:42.834+0000][1][safepoint    ] Safepoint "RevokeBias", Time since last: 2504952345 ns, Reaching safepoint: 75254 ns, At safepoint: 18901 ns, Total: 94155 ns
[2020-02-21T06:38:45.343+0000][1][safepoint    ] Safepoint "RevokeBias", Time since last: 2509519793 ns, Reaching safepoint: 72099 ns, At safepoint: 17190 ns, Total: 89289 ns
[2020-02-21T06:38:47.851+0000][1][safepoint    ] Safepoint "RevokeBias", Time since last: 2507495824 ns, Reaching safepoint: 73576 ns, At safepoint: 17866 ns, Total: 91442 ns
[2020-02-21T06:38:50.353+0000][1][safepoint    ] Safepoint "RevokeBias", Time since last: 2502284696 ns, Reaching safepoint: 87652 ns, At safepoint: 21665 ns, Total: 109317 ns
[2020-02-21T06:38:52.856+0000][1][safepoint    ] Safepoint "RevokeBias", Time since last: 2502459807 ns, Reaching safepoint: 75294 ns, At safepoint: 18438 ns, Total: 93732 ns
[2020-02-21T06:38:55.359+0000][1][safepoint    ] Safepoint "RevokeBias", Time since last: 2502526150 ns, Reaching safepoint: 84098 ns, At safepoint: 20092 ns, Total: 104190 ns
[2020-02-21T06:38:57.876+0000][1][safepoint    ] Safepoint "RevokeBias", Time since last: 2517269999 ns, Reaching safepoint: 71607 ns, At safepoint: 17736 ns, Total: 89343 ns
[2020-02-21T06:39:00.386+0000][1][safepoint    ] Safepoint "RevokeBias", Time since last: 2509803495 ns, Reaching safepoint: 123111 ns, At safepoint: 32423 ns, Total: 155534 ns
[2020-02-21T06:39:01.715+0000][1][gc,start     ] GC(164) Pause Young (Allocation Failure)
[2020-02-21T06:39:01.715+0000][1][gc,task      ] GC(164) Using 1 workers of 1 for evacuation
[2020-02-21T06:39:01.725+0000][1][gc,age       ] GC(164) Desired survivor size 4358144 bytes, new threshold 6 (max threshold 6)
[2020-02-21T06:39:01.725+0000][1][gc,age       ] GC(164) Age table with threshold 6 (max threshold 6)
[2020-02-21T06:39:01.725+0000][1][gc,age       ] GC(164) - age   1:      11816 bytes,      11816 total
[2020-02-21T06:39:01.725+0000][1][gc,age       ] GC(164) - age   3:        264 bytes,      12080 total
[2020-02-21T06:39:01.725+0000][1][gc,heap      ] GC(164) ParNew: 68185K->16K(76672K)
[2020-02-21T06:39:01.725+0000][1][gc,heap      ] GC(164) CMS: 62622K->62622K(963392K)
[2020-02-21T06:39:01.725+0000][1][gc,metaspace ] GC(164) Metaspace: 80620K->80620K(1124352K)
[2020-02-21T06:39:01.725+0000][1][gc           ] GC(164) Pause Young (Allocation Failure) 127M->61M(1015M) 9.759ms
[2020-02-21T06:39:01.725+0000][1][gc,cpu       ] GC(164) User=0.01s Sys=0.00s Real=0.01s
[2020-02-21T06:39:01.725+0000][1][safepoint    ] Safepoint "GenCollectForAllocation", Time since last: 1329298979 ns, Reaching safepoint: 75709 ns, At safepoint: 9811192 ns, Total: 9886901 ns
[2020-02-21T06:39:02.901+0000][1][safepoint    ] Safepoint "RevokeBias", Time since last: 1176234185 ns, Reaching safepoint: 72232 ns, At safepoint: 17690 ns, Total: 89922 ns
[2020-02-21T06:39:05.410+0000][1][safepoint    ] Safepoint "RevokeBias", Time since last: 2508219838 ns, Reaching safepoint: 71999 ns, At safepoint: 17525 ns, Total: 89524 ns
[2020-02-21T06:39:07.916+0000][1][safepoint    ] Safepoint "RevokeBias", Time since last: 2506407102 ns, Reaching safepoint: 75624 ns, At safepoint: 18773 ns, Total: 94397 ns
[2020-02-21T06:39:10.419+0000][1][safepoint    ] Safepoint "RevokeBias", Time since last: 2502458482 ns, Reaching safepoint: 73005 ns, At safepoint: 18548 ns, Total: 91553 ns
[2020-02-21T06:39:12.923+0000][1][safepoint    ] Safepoint "RevokeBias", Time since last: 2504575304 ns, Reaching safepoint: 73637 ns, At safepoint: 17996 ns, Total: 91633 ns
[2020-02-21T06:39:15.441+0000][1][safepoint    ] Safepoint "RevokeBias", Time since last: 2516956440 ns, Reaching safepoint: 89557 ns, At safepoint: 23182 ns, Total: 112739 ns
[2020-02-21T06:39:17.948+0000][1][safepoint    ] Safepoint "RevokeBias", Time since last: 2507135059 ns, Reaching safepoint: 75469 ns, At safepoint: 18148 ns, Total: 93617 ns
[2020-02-21T06:39:20.450+0000][1][safepoint    ] Safepoint "RevokeBias", Time since last: 2502330503 ns, Reaching safepoint: 141115 ns, At safepoint: 50953 ns, Total: 192068 ns
[2020-02-21T06:39:22.955+0000][1][safepoint    ] Safepoint "RevokeBias", Time since last: 2503999892 ns, Reaching safepoint: 230369 ns, At safepoint: 53273 ns, Total: 283642 ns
[2020-02-21T06:39:25.457+0000][1][safepoint    ] Safepoint "RevokeBias", Time since last: 2502204660 ns, Reaching safepoint: 72194 ns, At safepoint: 17593 ns, Total: 89787 ns
[2020-02-21T06:39:27.963+0000][1][safepoint    ] Safepoint "RevokeBias", Time since last: 2505752287 ns, Reaching safepoint: 76269 ns, At safepoint: 18235 ns, Total: 94504 ns
[2020-02-21T06:39:30.468+0000][1][safepoint    ] Safepoint "RevokeBias", Time since last: 2504749821 ns, Reaching safepoint: 87318 ns, At safepoint: 21134 ns, Total: 108452 ns
[2020-02-21T06:39:32.982+0000][1][safepoint    ] Safepoint "BulkRevokeBias", Time since last: 2514126668 ns, Reaching safepoint: 179627 ns, At safepoint: 341500 ns, Total: 521127 ns
[2020-02-21T06:39:35.493+0000][1][safepoint    ] Safepoint "RevokeBias", Time since last: 2510540681 ns, Reaching safepoint: 73626 ns, At safepoint: 18232 ns, Total: 91858 ns
[2020-02-21T06:39:38.000+0000][1][safepoint    ] Safepoint "RevokeBias", Time since last: 2506897600 ns, Reaching safepoint: 135752 ns, At safepoint: 21214 ns, Total: 156966 ns
[2020-02-21T06:39:40.504+0000][1][safepoint    ] Safepoint "RevokeBias", Time since last: 2503531585 ns, Reaching safepoint: 72581 ns, At safepoint: 101757 ns, Total: 174338 ns
[2020-02-21T06:39:43.010+0000][1][safepoint    ] Safepoint "RevokeBias", Time since last: 2506406115 ns, Reaching safepoint: 80041 ns, At safepoint: 19574 ns, Total: 99615 ns
[2020-02-21T06:39:45.514+0000][1][safepoint    ] Safepoint "RevokeBias", Time since last: 2503902880 ns, Reaching safepoint: 88335 ns, At safepoint: 20154 ns, Total: 108489 ns
[2020-02-21T06:39:48.017+0000][1][safepoint    ] Safepoint "RevokeBias", Time since last: 2502924382 ns, Reaching safepoint: 74982 ns, At safepoint: 18233 ns, Total: 93215 ns
[2020-02-21T06:39:50.532+0000][1][safepoint    ] Safepoint "RevokeBias", Time since last: 2514533784 ns, Reaching safepoint: 73643 ns, At safepoint: 17513 ns, Total: 91156 ns
[2020-02-21T06:39:53.040+0000][1][safepoint    ] Safepoint "RevokeBias", Time since last: 2507771307 ns, Reaching safepoint: 74164 ns, At safepoint: 17343 ns, Total: 91507 ns
[2020-02-21T06:39:55.543+0000][1][safepoint    ] Safepoint "RevokeBias", Time since last: 2502779564 ns, Reaching safepoint: 72625 ns, At safepoint: 17599 ns, Total: 90224 ns
[2020-02-21T06:39:58.047+0000][1][safepoint    ] Safepoint "RevokeBias", Time since last: 2504340037 ns, Reaching safepoint: 72085 ns, At safepoint: 17980 ns, Total: 90065 ns
[2020-02-21T06:40:00.550+0000][1][safepoint    ] Safepoint "RevokeBias", Time since last: 2502962136 ns, Reaching safepoint: 148552 ns, At safepoint: 41164 ns, Total: 189716 ns
[2020-02-21T06:40:03.053+0000][1][safepoint    ] Safepoint "RevokeBias", Time since last: 2503186964 ns, Reaching safepoint: 134123 ns, At safepoint: 19345 ns, Total: 153468 ns
[2020-02-21T06:40:05.556+0000][1][safepoint    ] Safepoint "RevokeBias", Time since last: 2502981725 ns, Reaching safepoint: 70575 ns, At safepoint: 17394 ns, Total: 87969 ns
[2020-02-21T06:40:08.076+0000][1][safepoint    ] Safepoint "RevokeBias", Time since last: 2519354350 ns, Reaching safepoint: 70548 ns, At safepoint: 17610 ns, Total: 88158 ns
[2020-02-21T06:40:10.586+0000][1][safepoint    ] Safepoint "RevokeBias", Time since last: 2509503010 ns, Reaching safepoint: 89794 ns, At safepoint: 23651 ns, Total: 113445 ns
[2020-02-21T06:40:13.090+0000][1][safepoint    ] Safepoint "RevokeBias", Time since last: 2504564968 ns, Reaching safepoint: 72031 ns, At safepoint: 18066 ns, Total: 90097 ns
[2020-02-21T06:40:15.594+0000][1][safepoint    ] Safepoint "RevokeBias", Time since last: 2503388436 ns, Reaching safepoint: 154482 ns, At safepoint: 33254 ns, Total: 187736 ns
[2020-02-21T06:40:18.097+0000][1][safepoint    ] Safepoint "RevokeBias", Time since last: 2503103588 ns, Reaching safepoint: 72847 ns, At safepoint: 75705 ns, Total: 148552 ns
[2020-02-21T06:40:20.601+0000][1][safepoint    ] Safepoint "RevokeBias", Time since last: 2503772188 ns, Reaching safepoint: 95026 ns, At safepoint: 17743 ns, Total: 112769 ns
[2020-02-21T06:40:23.104+0000][1][safepoint    ] Safepoint "RevokeBias", Time since last: 2503287211 ns, Reaching safepoint: 53909 ns, At safepoint: 15703 ns, Total: 69612 ns
[2020-02-21T06:40:25.613+0000][1][safepoint    ] Safepoint "RevokeBias", Time since last: 2508838411 ns, Reaching safepoint: 72534 ns, At safepoint: 17609 ns, Total: 90143 ns
[2020-02-21T06:40:28.123+0000][1][safepoint    ] Safepoint "RevokeBias", Time since last: 2509613443 ns, Reaching safepoint: 72848 ns, At safepoint: 17972 ns, Total: 90820 ns
[2020-02-21T06:40:30.626+0000][1][safepoint    ] Safepoint "RevokeBias", Time since last: 2503398565 ns, Reaching safepoint: 71334 ns, At safepoint: 75290 ns, Total: 146624 ns
[2020-02-21T06:40:33.130+0000][1][safepoint    ] Safepoint "RevokeBias", Time since last: 2502910669 ns, Reaching safepoint: 180007 ns, At safepoint: 18840 ns, Total: 198847 ns
[2020-02-21T06:40:35.633+0000][1][safepoint    ] Safepoint "RevokeBias", Time since last: 2502989584 ns, Reaching safepoint: 77862 ns, At safepoint: 18920 ns, Total: 96782 ns
[2020-02-21T06:40:38.149+0000][1][safepoint    ] Safepoint "RevokeBias", Time since last: 2516611238 ns, Reaching safepoint: 55986 ns, At safepoint: 16227 ns, Total: 72213 ns
[2020-02-21T06:40:40.663+0000][1][safepoint    ] Safepoint "RevokeBias", Time since last: 2513106049 ns, Reaching safepoint: 76177 ns, At safepoint: 18259 ns, Total: 94436 ns
[2020-02-21T06:40:43.168+0000][1][safepoint    ] Safepoint "RevokeBias", Time since last: 2505749987 ns, Reaching safepoint: 71746 ns, At safepoint: 17190 ns, Total: 88936 ns
[2020-02-21T06:40:45.672+0000][1][safepoint    ] Safepoint "BulkRevokeBias", Time since last: 2503446862 ns, Reaching safepoint: 142859 ns, At safepoint: 296503 ns, Total: 439362 ns
[2020-02-21T06:40:48.176+0000][1][safepoint    ] Safepoint "RevokeBias", Time since last: 2503742534 ns, Reaching safepoint: 73964 ns, At safepoint: 17839 ns, Total: 91803 ns
[2020-02-21T06:40:50.679+0000][1][safepoint    ] Safepoint "RevokeBias", Time since last: 2502649938 ns, Reaching safepoint: 71087 ns, At safepoint: 16871 ns, Total: 87958 ns
[2020-02-21T06:40:53.183+0000][1][safepoint    ] Safepoint "RevokeBias", Time since last: 2503576633 ns, Reaching safepoint: 82142 ns, At safepoint: 20592 ns, Total: 102734 ns
[2020-02-21T06:40:55.692+0000][1][safepoint    ] Safepoint "RevokeBias", Time since last: 2509236798 ns, Reaching safepoint: 73747 ns, At safepoint: 17542 ns, Total: 91289 ns
[2020-02-21T06:40:58.202+0000][1][safepoint    ] Safepoint "RevokeBias", Time since last: 2510559257 ns, Reaching safepoint: 74005 ns, At safepoint: 17521 ns, Total: 91526 ns
[2020-02-21T06:41:00.709+0000][1][safepoint    ] Safepoint "RevokeBias", Time since last: 2505959522 ns, Reaching safepoint: 94260 ns, At safepoint: 25560 ns, Total: 119820 ns
[2020-02-21T06:41:03.212+0000][1][safepoint    ] Safepoint "RevokeBias", Time since last: 2503795747 ns, Reaching safepoint: 72766 ns, At safepoint: 18284 ns, Total: 91050 ns
[2020-02-21T06:41:05.716+0000][1][safepoint    ] Safepoint "RevokeBias", Time since last: 2503113029 ns, Reaching safepoint: 325211 ns, At safepoint: 57907 ns, Total: 383118 ns
[2020-02-21T06:41:08.220+0000][1][safepoint    ] Safepoint "RevokeBias", Time since last: 2504034716 ns, Reaching safepoint: 142244 ns, At safepoint: 34060 ns, Total: 176304 ns
[2020-02-21T06:41:10.724+0000][1][safepoint    ] Safepoint "RevokeBias", Time since last: 2503512899 ns, Reaching safepoint: 186438 ns, At safepoint: 41848 ns, Total: 228286 ns
[2020-02-21T06:41:13.234+0000][1][safepoint    ] Safepoint "RevokeBias", Time since last: 2509903453 ns, Reaching safepoint: 72610 ns, At safepoint: 17691 ns, Total: 90301 ns
[2020-02-21T06:41:15.744+0000][1][safepoint    ] Safepoint "RevokeBias", Time since last: 2509814573 ns, Reaching safepoint: 113874 ns, At safepoint: 18975 ns, Total: 132849 ns
[2020-02-21T06:41:18.246+0000][1][safepoint    ] Safepoint "RevokeBias", Time since last: 2502428617 ns, Reaching safepoint: 73512 ns, At safepoint: 18102 ns, Total: 91614 ns
[2020-02-21T06:41:20.750+0000][1][safepoint    ] Safepoint "RevokeBias", Time since last: 2503778413 ns, Reaching safepoint: 89895 ns, At safepoint: 21474 ns, Total: 111369 ns
[2020-02-21T06:41:20.862+0000][1][gc,start     ] GC(165) Pause Young (Allocation Failure)
[2020-02-21T06:41:20.862+0000][1][gc,task      ] GC(165) Using 1 workers of 1 for evacuation
[2020-02-21T06:41:20.874+0000][1][gc,age       ] GC(165) Desired survivor size 4358144 bytes, new threshold 6 (max threshold 6)
[2020-02-21T06:41:20.874+0000][1][gc,age       ] GC(165) Age table with threshold 6 (max threshold 6)
[2020-02-21T06:41:20.874+0000][1][gc,age       ] GC(165) - age   1:      13432 bytes,      13432 total
[2020-02-21T06:41:20.874+0000][1][gc,age       ] GC(165) - age   4:        264 bytes,      13696 total
[2020-02-21T06:41:20.874+0000][1][gc,heap      ] GC(165) ParNew: 68176K->21K(76672K)
[2020-02-21T06:41:20.874+0000][1][gc,heap      ] GC(165) CMS: 62622K->62622K(963392K)
[2020-02-21T06:41:20.874+0000][1][gc,metaspace ] GC(165) Metaspace: 80620K->80620K(1124352K)
[2020-02-21T06:41:20.874+0000][1][gc           ] GC(165) Pause Young (Allocation Failure) 127M->61M(1015M) 11.613ms
[2020-02-21T06:41:20.874+0000][1][gc,cpu       ] GC(165) User=0.01s Sys=0.00s Real=0.01s
[2020-02-21T06:41:20.874+0000][1][safepoint    ] Safepoint "GenCollectForAllocation", Time since last: 111985289 ns, Reaching safepoint: 78843 ns, At safepoint: 11667365 ns, Total: 11746208 ns
[2020-02-21T06:41:23.255+0000][1][safepoint    ] Safepoint "RevokeBias", Time since last: 2380454408 ns, Reaching safepoint: 74057 ns, At safepoint: 18261 ns, Total: 92318 ns
[2020-02-21T06:41:25.759+0000][1][safepoint    ] Safepoint "RevokeBias", Time since last: 2504518063 ns, Reaching safepoint: 74812 ns, At safepoint: 19003 ns, Total: 93815 ns
[2020-02-21T06:41:28.265+0000][1][safepoint    ] Safepoint "RevokeBias", Time since last: 2506033503 ns, Reaching safepoint: 72632 ns, At safepoint: 18764 ns, Total: 91396 ns
[2020-02-21T06:41:30.775+0000][1][safepoint    ] Safepoint "RevokeBias", Time since last: 2509762337 ns, Reaching safepoint: 91529 ns, At safepoint: 19283 ns, Total: 110812 ns
[2020-02-21T06:41:33.283+0000][1][safepoint    ] Safepoint "RevokeBias", Time since last: 2508192379 ns, Reaching safepoint: 55784 ns, At safepoint: 16838 ns, Total: 72622 ns
[2020-02-21T06:41:35.786+0000][1][safepoint    ] Safepoint "RevokeBias", Time since last: 2502798443 ns, Reaching safepoint: 74867 ns, At safepoint: 18403 ns, Total: 93270 ns
[2020-02-21T06:41:38.293+0000][1][safepoint    ] Safepoint "RevokeBias", Time since last: 2506106285 ns, Reaching safepoint: 74979 ns, At safepoint: 18913 ns, Total: 93892 ns
[2020-02-21T06:41:40.795+0000][1][safepoint    ] Safepoint "RevokeBias", Time since last: 2502158434 ns, Reaching safepoint: 74782 ns, At safepoint: 18750 ns, Total: 93532 ns
[2020-02-21T06:41:43.318+0000][1][safepoint    ] Safepoint "RevokeBias", Time since last: 2523482843 ns, Reaching safepoint: 163880 ns, At safepoint: 22040 ns, Total: 185920 ns
[2020-02-21T06:41:45.833+0000][1][safepoint    ] Safepoint "RevokeBias", Time since last: 2514594589 ns, Reaching safepoint: 116471 ns, At safepoint: 29474 ns, Total: 145945 ns
[2020-02-21T06:41:48.349+0000][1][safepoint    ] Safepoint "RevokeBias", Time since last: 2516151935 ns, Reaching safepoint: 72327 ns, At safepoint: 17812 ns, Total: 90139 ns
[2020-02-21T06:41:50.858+0000][1][safepoint    ] Safepoint "RevokeBias", Time since last: 2508958372 ns, Reaching safepoint: 90429 ns, At safepoint: 21205 ns, Total: 111634 ns
[2020-02-21T06:41:53.361+0000][1][safepoint    ] Safepoint "RevokeBias", Time since last: 2502547101 ns, Reaching safepoint: 72838 ns, At safepoint: 18052 ns, Total: 90890 ns
[2020-02-21T06:41:55.864+0000][1][safepoint    ] Safepoint "RevokeBias", Time since last: 2502417135 ns, Reaching safepoint: 73765 ns, At safepoint: 18532 ns, Total: 92297 ns
[2020-02-21T06:41:58.370+0000][1][safepoint    ] Safepoint "BulkRevokeBias", Time since last: 2505738596 ns, Reaching safepoint: 71299 ns, At safepoint: 242856 ns, Total: 314155 ns
[2020-02-21T06:42:00.885+0000][1][safepoint    ] Safepoint "RevokeBias", Time since last: 2514896849 ns, Reaching safepoint: 71642 ns, At safepoint: 16947 ns, Total: 88589 ns
[2020-02-21T06:42:03.392+0000][1][safepoint    ] Safepoint "RevokeBias", Time since last: 2507646349 ns, Reaching safepoint: 74535 ns, At safepoint: 17806 ns, Total: 92341 ns
[2020-02-21T06:42:05.895+0000][1][safepoint    ] Safepoint "RevokeBias", Time since last: 2502622405 ns, Reaching safepoint: 70320 ns, At safepoint: 17520 ns, Total: 87840 ns
[2020-02-21T06:42:08.401+0000][1][safepoint    ] Safepoint "RevokeBias", Time since last: 2505700767 ns, Reaching safepoint: 74642 ns, At safepoint: 18266 ns, Total: 92908 ns
[2020-02-21T06:42:10.904+0000][1][safepoint    ] Safepoint "RevokeBias", Time since last: 2503318121 ns, Reaching safepoint: 73660 ns, At safepoint: 18249 ns, Total: 91909 ns
[2020-02-21T06:42:13.409+0000][1][safepoint    ] Safepoint "RevokeBias", Time since last: 2504067025 ns, Reaching safepoint: 163141 ns, At safepoint: 146052 ns, Total: 309193 ns
[2020-02-21T06:42:15.913+0000][1][safepoint    ] Safepoint "RevokeBias", Time since last: 2504038497 ns, Reaching safepoint: 75802 ns, At safepoint: 18732 ns, Total: 94534 ns
[2020-02-21T06:42:18.423+0000][1][safepoint    ] Safepoint "RevokeBias", Time since last: 2509940634 ns, Reaching safepoint: 71895 ns, At safepoint: 17788 ns, Total: 89683 ns
[2020-02-21T06:42:20.933+0000][1][safepoint    ] Safepoint "RevokeBias", Time since last: 2509698481 ns, Reaching safepoint: 78693 ns, At safepoint: 18703 ns, Total: 97396 ns
[2020-02-21T06:42:23.436+0000][1][safepoint    ] Safepoint "RevokeBias", Time since last: 2503186702 ns, Reaching safepoint: 72625 ns, At safepoint: 18119 ns, Total: 90744 ns
[2020-02-21T06:42:25.938+0000][1][safepoint    ] Safepoint "RevokeBias", Time since last: 2501720916 ns, Reaching safepoint: 138461 ns, At safepoint: 30816 ns, Total: 169277 ns
[2020-02-21T06:42:28.442+0000][1][safepoint    ] Safepoint "RevokeBias", Time since last: 2504026076 ns, Reaching safepoint: 166089 ns, At safepoint: 37345 ns, Total: 203434 ns
[2020-02-21T06:42:30.946+0000][1][safepoint    ] Safepoint "RevokeBias", Time since last: 2503957703 ns, Reaching safepoint: 56134 ns, At safepoint: 16502 ns, Total: 72636 ns
[2020-02-21T06:42:33.451+0000][1][safepoint    ] Safepoint "RevokeBias", Time since last: 2504684276 ns, Reaching safepoint: 85765 ns, At safepoint: 21065 ns, Total: 106830 ns
[2020-02-21T06:42:35.961+0000][1][safepoint    ] Safepoint "RevokeBias", Time since last: 2510323545 ns, Reaching safepoint: 114123 ns, At safepoint: 29959 ns, Total: 144082 ns
[2020-02-21T06:42:38.472+0000][1][safepoint    ] Safepoint "RevokeBias", Time since last: 2510695642 ns, Reaching safepoint: 72752 ns, At safepoint: 17481 ns, Total: 90233 ns
[2020-02-21T06:42:40.975+0000][1][safepoint    ] Safepoint "RevokeBias", Time since last: 2502704048 ns, Reaching safepoint: 111941 ns, At safepoint: 30273 ns, Total: 142214 ns
[2020-02-21T06:42:43.478+0000][1][safepoint    ] Safepoint "RevokeBias", Time since last: 2503352883 ns, Reaching safepoint: 77034 ns, At safepoint: 17873 ns, Total: 94907 ns
[2020-02-21T06:42:45.982+0000][1][safepoint    ] Safepoint "RevokeBias", Time since last: 2503875270 ns, Reaching safepoint: 75465 ns, At safepoint: 18875 ns, Total: 94340 ns
[2020-02-21T06:42:48.485+0000][1][safepoint    ] Safepoint "RevokeBias", Time since last: 2502093080 ns, Reaching safepoint: 71617 ns, At safepoint: 17352 ns, Total: 88969 ns
[2020-02-21T06:42:50.988+0000][1][safepoint    ] Safepoint "RevokeBias", Time since last: 2503440952 ns, Reaching safepoint: 118262 ns, At safepoint: 38258 ns, Total: 156520 ns
[2020-02-21T06:42:53.499+0000][1][safepoint    ] Safepoint "RevokeBias", Time since last: 2510549452 ns, Reaching safepoint: 72059 ns, At safepoint: 16681 ns, Total: 88740 ns
[2020-02-21T06:42:56.007+0000][1][safepoint    ] Safepoint "RevokeBias", Time since last: 2508085782 ns, Reaching safepoint: 90940 ns, At safepoint: 21169 ns, Total: 112109 ns
[2020-02-21T06:42:58.513+0000][1][safepoint    ] Safepoint "RevokeBias", Time since last: 2505964011 ns, Reaching safepoint: 73864 ns, At safepoint: 17424 ns, Total: 91288 ns
[2020-02-21T06:43:01.017+0000][1][safepoint    ] Safepoint "RevokeBias", Time since last: 2504110190 ns, Reaching safepoint: 77106 ns, At safepoint: 19110 ns, Total: 96216 ns
[2020-02-21T06:43:03.018+0000][1][safepoint    ] Safepoint "Cleanup", Time since last: 2000375275 ns, Reaching safepoint: 107472 ns, At safepoint: 8593 ns, Total: 116065 ns
[2020-02-21T06:43:03.521+0000][1][safepoint    ] Safepoint "RevokeBias", Time since last: 503267107 ns, Reaching safepoint: 151369 ns, At safepoint: 21894 ns, Total: 173263 ns
[2020-02-21T06:43:06.025+0000][1][safepoint    ] Safepoint "RevokeBias", Time since last: 2504087064 ns, Reaching safepoint: 72959 ns, At safepoint: 17162 ns, Total: 90121 ns
[2020-02-21T06:43:08.530+0000][1][safepoint    ] Safepoint "RevokeBias", Time since last: 2504496785 ns, Reaching safepoint: 84634 ns, At safepoint: 21248 ns, Total: 105882 ns
[2020-02-21T06:43:11.040+0000][1][safepoint    ] Safepoint "BulkRevokeBias", Time since last: 2509869326 ns, Reaching safepoint: 127089 ns, At safepoint: 257246 ns, Total: 384335 ns
[2020-02-21T06:43:13.549+0000][1][safepoint    ] Safepoint "RevokeBias", Time since last: 2508398947 ns, Reaching safepoint: 76687 ns, At safepoint: 18878 ns, Total: 95565 ns
[2020-02-21T06:43:16.051+0000][1][safepoint    ] Safepoint "RevokeBias", Time since last: 2501919655 ns, Reaching safepoint: 134954 ns, At safepoint: 19880 ns, Total: 154834 ns
[2020-02-21T06:43:18.553+0000][1][safepoint    ] Safepoint "RevokeBias", Time since last: 2502449544 ns, Reaching safepoint: 186726 ns, At safepoint: 33919 ns, Total: 220645 ns
[2020-02-21T06:43:21.058+0000][1][safepoint    ] Safepoint "RevokeBias", Time since last: 2504531895 ns, Reaching safepoint: 73785 ns, At safepoint: 17658 ns, Total: 91443 ns
[2020-02-21T06:43:23.564+0000][1][safepoint    ] Safepoint "RevokeBias", Time since last: 2506072431 ns, Reaching safepoint: 122931 ns, At safepoint: 17562 ns, Total: 140493 ns
[2020-02-21T06:43:26.078+0000][1][safepoint    ] Safepoint "RevokeBias", Time since last: 2513111416 ns, Reaching safepoint: 87671 ns, At safepoint: 20980 ns, Total: 108651 ns
[2020-02-21T06:43:28.594+0000][1][safepoint    ] Safepoint "RevokeBias", Time since last: 2516549861 ns, Reaching safepoint: 113579 ns, At safepoint: 28427 ns, Total: 142006 ns
[2020-02-21T06:43:31.104+0000][1][safepoint    ] Safepoint "RevokeBias", Time since last: 2509560460 ns, Reaching safepoint: 72543 ns, At safepoint: 17274 ns, Total: 89817 ns
[2020-02-21T06:43:33.606+0000][1][safepoint    ] Safepoint "RevokeBias", Time since last: 2502264380 ns, Reaching safepoint: 74034 ns, At safepoint: 18247 ns, Total: 92281 ns
[2020-02-21T06:43:36.110+0000][1][safepoint    ] Safepoint "RevokeBias", Time since last: 2503275209 ns, Reaching safepoint: 77512 ns, At safepoint: 19501 ns, Total: 97013 ns
[2020-02-21T06:43:38.615+0000][1][safepoint    ] Safepoint "RevokeBias", Time since last: 2505180283 ns, Reaching safepoint: 183751 ns, At safepoint: 20038 ns, Total: 203789 ns
[2020-02-21T06:43:40.980+0000][1][gc,start     ] GC(166) Pause Young (Allocation Failure)
[2020-02-21T06:43:40.980+0000][1][gc,task      ] GC(166) Using 1 workers of 1 for evacuation
[2020-02-21T06:43:40.989+0000][1][gc,age       ] GC(166) Desired survivor size 4358144 bytes, new threshold 6 (max threshold 6)
[2020-02-21T06:43:40.990+0000][1][gc,age       ] GC(166) Age table with threshold 6 (max threshold 6)
[2020-02-21T06:43:40.990+0000][1][gc,age       ] GC(166) - age   1:      14128 bytes,      14128 total
[2020-02-21T06:43:40.990+0000][1][gc,age       ] GC(166) - age   2:        456 bytes,      14584 total
[2020-02-21T06:43:40.990+0000][1][gc,age       ] GC(166) - age   5:        168 bytes,      14752 total
[2020-02-21T06:43:40.990+0000][1][gc,heap      ] GC(166) ParNew: 68181K->25K(76672K)
[2020-02-21T06:43:40.990+0000][1][gc,heap      ] GC(166) CMS: 62622K->62622K(963392K)
[2020-02-21T06:43:40.990+0000][1][gc,metaspace ] GC(166) Metaspace: 80634K->80634K(1124352K)
[2020-02-21T06:43:40.990+0000][1][gc           ] GC(166) Pause Young (Allocation Failure) 127M->61M(1015M) 9.969ms
[2020-02-21T06:43:40.990+0000][1][gc,cpu       ] GC(166) User=0.01s Sys=0.00s Real=0.01s
[2020-02-21T06:43:40.990+0000][1][safepoint    ] Safepoint "GenCollectForAllocation", Time since last: 2364480270 ns, Reaching safepoint: 177630 ns, At safepoint: 10024143 ns, Total: 10201773 ns
[2020-02-21T06:43:41.132+0000][1][safepoint    ] Safepoint "RevokeBias", Time since last: 142592506 ns, Reaching safepoint: 183247 ns, At safepoint: 19545 ns, Total: 202792 ns
[2020-02-21T06:43:43.648+0000][1][safepoint    ] Safepoint "RevokeBias", Time since last: 2515206173 ns, Reaching safepoint: 72724 ns, At safepoint: 18473 ns, Total: 91197 ns
[2020-02-21T06:43:44.648+0000][1][safepoint    ] Safepoint "Cleanup", Time since last: 1000367300 ns, Reaching safepoint: 100564 ns, At safepoint: 7937 ns, Total: 108501 ns
[2020-02-21T06:43:46.150+0000][1][safepoint    ] Safepoint "RevokeBias", Time since last: 1502153709 ns, Reaching safepoint: 72112 ns, At safepoint: 17510 ns, Total: 89622 ns
[2020-02-21T06:43:48.653+0000][1][safepoint    ] Safepoint "RevokeBias", Time since last: 2502771411 ns, Reaching safepoint: 75815 ns, At safepoint: 18039 ns, Total: 93854 ns
[2020-02-21T06:43:51.158+0000][1][safepoint    ] Safepoint "RevokeBias", Time since last: 2504136256 ns, Reaching safepoint: 108666 ns, At safepoint: 25999 ns, Total: 134665 ns
[2020-02-21T06:43:53.661+0000][1][safepoint    ] Safepoint "RevokeBias", Time since last: 2503757534 ns, Reaching safepoint: 72771 ns, At safepoint: 18489 ns, Total: 91260 ns
[2020-02-21T06:43:56.165+0000][1][safepoint    ] Safepoint "RevokeBias", Time since last: 2503107823 ns, Reaching safepoint: 91385 ns, At safepoint: 21625 ns, Total: 113010 ns
[2020-02-21T06:43:58.678+0000][1][safepoint    ] Safepoint "RevokeBias", Time since last: 2513165341 ns, Reaching safepoint: 73540 ns, At safepoint: 17603 ns, Total: 91143 ns
[2020-02-21T06:44:01.188+0000][1][safepoint    ] Safepoint "RevokeBias", Time since last: 2509827470 ns, Reaching safepoint: 70403 ns, At safepoint: 18494 ns, Total: 88897 ns
[2020-02-21T06:44:03.189+0000][1][safepoint    ] Safepoint "Cleanup", Time since last: 2001105740 ns, Reaching safepoint: 159163 ns, At safepoint: 10134 ns, Total: 169297 ns
[2020-02-21T06:44:03.694+0000][1][safepoint    ] Safepoint "RevokeBias", Time since last: 504337330 ns, Reaching safepoint: 85085 ns, At safepoint: 21781 ns, Total: 106866 ns
[2020-02-21T06:44:06.197+0000][1][safepoint    ] Safepoint "RevokeBias", Time since last: 2503219521 ns, Reaching safepoint: 131031 ns, At safepoint: 80587 ns, Total: 211618 ns
[2020-02-21T06:44:08.701+0000][1][safepoint    ] Safepoint "RevokeBias", Time since last: 2504398760 ns, Reaching safepoint: 71301 ns, At safepoint: 17099 ns, Total: 88400 ns
[2020-02-21T06:44:11.204+0000][1][safepoint    ] Safepoint "RevokeBias", Time since last: 2502700693 ns, Reaching safepoint: 144313 ns, At safepoint: 22051 ns, Total: 166364 ns
[2020-02-21T06:44:13.710+0000][1][safepoint    ] Safepoint "RevokeBias", Time since last: 2505918302 ns, Reaching safepoint: 72440 ns, At safepoint: 17507 ns, Total: 89947 ns
[2020-02-21T06:44:16.223+0000][1][safepoint    ] Safepoint "RevokeBias", Time since last: 2512456232 ns, Reaching safepoint: 71453 ns, At safepoint: 17849 ns, Total: 89302 ns
[2020-02-21T06:44:18.729+0000][1][safepoint    ] Safepoint "RevokeBias", Time since last: 2506225512 ns, Reaching safepoint: 72704 ns, At safepoint: 17816 ns, Total: 90520 ns
[2020-02-21T06:44:21.233+0000][1][safepoint    ] Safepoint "RevokeBias", Time since last: 2503724955 ns, Reaching safepoint: 145369 ns, At safepoint: 21656 ns, Total: 167025 ns
[2020-02-21T06:44:23.737+0000][1][safepoint    ] Safepoint "BulkRevokeBias", Time since last: 2503339693 ns, Reaching safepoint: 72703 ns, At safepoint: 231553 ns, Total: 304256 ns
[2020-02-21T06:44:26.240+0000][1][safepoint    ] Safepoint "RevokeBias", Time since last: 2502859894 ns, Reaching safepoint: 88750 ns, At safepoint: 20328 ns, Total: 109078 ns
[2020-02-21T06:44:28.744+0000][1][safepoint    ] Safepoint "RevokeBias", Time since last: 2504250458 ns, Reaching safepoint: 58033 ns, At safepoint: 16491 ns, Total: 74524 ns
[2020-02-21T06:44:31.249+0000][1][safepoint    ] Safepoint "RevokeBias", Time since last: 2504633899 ns, Reaching safepoint: 86216 ns, At safepoint: 18153 ns, Total: 104369 ns
[2020-02-21T06:44:33.772+0000][1][safepoint    ] Safepoint "RevokeBias", Time since last: 2522992756 ns, Reaching safepoint: 107991 ns, At safepoint: 27940 ns, Total: 135931 ns
[2020-02-21T06:44:36.281+0000][1][safepoint    ] Safepoint "RevokeBias", Time since last: 2509375494 ns, Reaching safepoint: 88696 ns, At safepoint: 20606 ns, Total: 109302 ns
[2020-02-21T06:44:38.787+0000][1][safepoint    ] Safepoint "RevokeBias", Time since last: 2505041725 ns, Reaching safepoint: 54492 ns, At safepoint: 16008 ns, Total: 70500 ns
[2020-02-21T06:44:41.290+0000][1][safepoint    ] Safepoint "RevokeBias", Time since last: 2503502417 ns, Reaching safepoint: 104419 ns, At safepoint: 20331 ns, Total: 124750 ns
[2020-02-21T06:44:43.796+0000][1][safepoint    ] Safepoint "RevokeBias", Time since last: 2505925409 ns, Reaching safepoint: 84221 ns, At safepoint: 20683 ns, Total: 104904 ns
[2020-02-21T06:44:46.305+0000][1][safepoint    ] Safepoint "RevokeBias", Time since last: 2508276998 ns, Reaching safepoint: 72581 ns, At safepoint: 19507 ns, Total: 92088 ns
[2020-02-21T06:44:47.331+0000][1][safepoint    ] Safepoint "Cleanup", Time since last: 1026584730 ns, Reaching safepoint: 99742 ns, At safepoint: 10597 ns, Total: 110339 ns
[2020-02-21T06:44:48.814+0000][1][safepoint    ] Safepoint "RevokeBias", Time since last: 1482899894 ns, Reaching safepoint: 72073 ns, At safepoint: 17897 ns, Total: 89970 ns
[2020-02-21T06:44:51.320+0000][1][safepoint    ] Safepoint "RevokeBias", Time since last: 2505818869 ns, Reaching safepoint: 72189 ns, At safepoint: 17882 ns, Total: 90071 ns
[2020-02-21T06:44:53.829+0000][1][safepoint    ] Safepoint "RevokeBias", Time since last: 2508662782 ns, Reaching safepoint: 57823 ns, At safepoint: 17375 ns, Total: 75198 ns
[2020-02-21T06:44:56.332+0000][1][safepoint    ] Safepoint "RevokeBias", Time since last: 2503204617 ns, Reaching safepoint: 88798 ns, At safepoint: 19656 ns, Total: 108454 ns
[2020-02-21T06:44:58.836+0000][1][safepoint    ] Safepoint "RevokeBias", Time since last: 2503601965 ns, Reaching safepoint: 218021 ns, At safepoint: 31297 ns, Total: 249318 ns
[2020-02-21T06:45:01.342+0000][1][safepoint    ] Safepoint "RevokeBias", Time since last: 2505608275 ns, Reaching safepoint: 73921 ns, At safepoint: 18310 ns, Total: 92231 ns
[2020-02-21T06:45:03.845+0000][1][safepoint    ] Safepoint "RevokeBias", Time since last: 2503550220 ns, Reaching safepoint: 153450 ns, At safepoint: 20055 ns, Total: 173505 ns
[2020-02-21T06:45:06.351+0000][1][safepoint    ] Safepoint "RevokeBias", Time since last: 2505276866 ns, Reaching safepoint: 150812 ns, At safepoint: 25756 ns, Total: 176568 ns
[2020-02-21T06:45:08.863+0000][1][safepoint    ] Safepoint "RevokeBias", Time since last: 2511862668 ns, Reaching safepoint: 75402 ns, At safepoint: 18153 ns, Total: 93555 ns
[2020-02-21T06:45:11.376+0000][1][safepoint    ] Safepoint "RevokeBias", Time since last: 2513253108 ns, Reaching safepoint: 75217 ns, At safepoint: 18437 ns, Total: 93654 ns
[2020-02-21T06:45:13.882+0000][1][safepoint    ] Safepoint "RevokeBias", Time since last: 2505238803 ns, Reaching safepoint: 73275 ns, At safepoint: 17833 ns, Total: 91108 ns
[2020-02-21T06:45:16.387+0000][1][safepoint    ] Safepoint "RevokeBias", Time since last: 2505285406 ns, Reaching safepoint: 170979 ns, At safepoint: 26278 ns, Total: 197257 ns
[2020-02-21T06:45:18.890+0000][1][safepoint    ] Safepoint "RevokeBias", Time since last: 2503277901 ns, Reaching safepoint: 73841 ns, At safepoint: 19922 ns, Total: 93763 ns
[2020-02-21T06:45:21.405+0000][1][safepoint    ] Safepoint "RevokeBias", Time since last: 2514366298 ns, Reaching safepoint: 112017 ns, At safepoint: 18268 ns, Total: 130285 ns
[2020-02-21T06:45:23.913+0000][1][safepoint    ] Safepoint "RevokeBias", Time since last: 2508345140 ns, Reaching safepoint: 182976 ns, At safepoint: 23523 ns, Total: 206499 ns
[2020-02-21T06:45:26.416+0000][1][safepoint    ] Safepoint "RevokeBias", Time since last: 2502217843 ns, Reaching safepoint: 84854 ns, At safepoint: 33649 ns, Total: 118503 ns
[2020-02-21T06:45:28.922+0000][1][safepoint    ] Safepoint "RevokeBias", Time since last: 2505887075 ns, Reaching safepoint: 124808 ns, At safepoint: 24808 ns, Total: 149616 ns
[2020-02-21T06:45:31.428+0000][1][safepoint    ] Safepoint "RevokeBias", Time since last: 2506330997 ns, Reaching safepoint: 76152 ns, At safepoint: 18732 ns, Total: 94884 ns
[2020-02-21T06:45:33.932+0000][1][safepoint    ] Safepoint "RevokeBias", Time since last: 2503172165 ns, Reaching safepoint: 70124 ns, At safepoint: 17555 ns, Total: 87679 ns
[2020-02-21T06:45:36.436+0000][1][safepoint    ] Safepoint "BulkRevokeBias", Time since last: 2504384945 ns, Reaching safepoint: 92318 ns, At safepoint: 326213 ns, Total: 418531 ns
[2020-02-21T06:45:38.953+0000][1][safepoint    ] Safepoint "RevokeBias", Time since last: 2516879474 ns, Reaching safepoint: 73621 ns, At safepoint: 34148 ns, Total: 107769 ns
[2020-02-21T06:45:41.462+0000][1][safepoint    ] Safepoint "RevokeBias", Time since last: 2508561576 ns, Reaching safepoint: 84690 ns, At safepoint: 21160 ns, Total: 105850 ns
[2020-02-21T06:45:43.967+0000][1][safepoint    ] Safepoint "RevokeBias", Time since last: 2505137659 ns, Reaching safepoint: 74051 ns, At safepoint: 18364 ns, Total: 92415 ns
[2020-02-21T06:45:46.471+0000][1][safepoint    ] Safepoint "RevokeBias", Time since last: 2503901208 ns, Reaching safepoint: 85264 ns, At safepoint: 20207 ns, Total: 105471 ns
[2020-02-21T06:45:48.974+0000][1][safepoint    ] Safepoint "RevokeBias", Time since last: 2502786258 ns, Reaching safepoint: 74534 ns, At safepoint: 17757 ns, Total: 92291 ns
[2020-02-21T06:45:51.479+0000][1][safepoint    ] Safepoint "RevokeBias", Time since last: 2504988678 ns, Reaching safepoint: 148676 ns, At safepoint: 26690 ns, Total: 175366 ns
[2020-02-21T06:45:53.984+0000][1][safepoint    ] Safepoint "RevokeBias", Time since last: 2504301077 ns, Reaching safepoint: 75164 ns, At safepoint: 18694 ns, Total: 93858 ns
[2020-02-21T06:45:56.501+0000][1][safepoint    ] Safepoint "RevokeBias", Time since last: 2516904520 ns, Reaching safepoint: 95565 ns, At safepoint: 67158 ns, Total: 162723 ns
[2020-02-21T06:45:59.013+0000][1][safepoint    ] Safepoint "RevokeBias", Time since last: 2512461152 ns, Reaching safepoint: 114009 ns, At safepoint: 102393 ns, Total: 216402 ns
[2020-02-21T06:46:01.181+0000][1][gc,start     ] GC(167) Pause Young (Allocation Failure)
[2020-02-21T06:46:01.182+0000][1][gc,task      ] GC(167) Using 1 workers of 1 for evacuation
[2020-02-21T06:46:01.192+0000][1][gc,age       ] GC(167) Desired survivor size 4358144 bytes, new threshold 6 (max threshold 6)
[2020-02-21T06:46:01.192+0000][1][gc,age       ] GC(167) Age table with threshold 6 (max threshold 6)
[2020-02-21T06:46:01.192+0000][1][gc,age       ] GC(167) - age   1:      11864 bytes,      11864 total
[2020-02-21T06:46:01.192+0000][1][gc,age       ] GC(167) - age   2:       1168 bytes,      13032 total
[2020-02-21T06:46:01.192+0000][1][gc,age       ] GC(167) - age   3:        456 bytes,      13488 total
[2020-02-21T06:46:01.192+0000][1][gc,age       ] GC(167) - age   6:         32 bytes,      13520 total
[2020-02-21T06:46:01.192+0000][1][gc,heap      ] GC(167) ParNew: 68185K->17K(76672K)
[2020-02-21T06:46:01.192+0000][1][gc,heap      ] GC(167) CMS: 62622K->62622K(963392K)
[2020-02-21T06:46:01.192+0000][1][gc,metaspace ] GC(167) Metaspace: 80635K->80635K(1124352K)
[2020-02-21T06:46:01.192+0000][1][gc           ] GC(167) Pause Young (Allocation Failure) 127M->61M(1015M) 10.959ms
[2020-02-21T06:46:01.192+0000][1][gc,cpu       ] GC(167) User=0.01s Sys=0.00s Real=0.01s
[2020-02-21T06:46:01.192+0000][1][safepoint    ] Safepoint "GenCollectForAllocation", Time since last: 2167944488 ns, Reaching safepoint: 79057 ns, At safepoint: 11034698 ns, Total: 11113755 ns
[2020-02-21T06:46:01.518+0000][1][safepoint    ] Safepoint "RevokeBias", Time since last: 325761946 ns, Reaching safepoint: 68307 ns, At safepoint: 17901 ns, Total: 86208 ns
[2020-02-21T06:46:04.021+0000][1][safepoint    ] Safepoint "RevokeBias", Time since last: 2502949940 ns, Reaching safepoint: 74892 ns, At safepoint: 17263 ns, Total: 92155 ns
[2020-02-21T06:46:06.526+0000][1][safepoint    ] Safepoint "RevokeBias", Time since last: 2504980778 ns, Reaching safepoint: 121525 ns, At safepoint: 21132 ns, Total: 142657 ns
[2020-02-21T06:46:09.032+0000][1][safepoint    ] Safepoint "RevokeBias", Time since last: 2505317746 ns, Reaching safepoint: 75436 ns, At safepoint: 20167 ns, Total: 95603 ns
[2020-02-21T06:46:11.535+0000][1][safepoint    ] Safepoint "RevokeBias", Time since last: 2502985899 ns, Reaching safepoint: 103840 ns, At safepoint: 19116 ns, Total: 122956 ns
[2020-02-21T06:46:14.051+0000][1][safepoint    ] Safepoint "RevokeBias", Time since last: 2515740543 ns, Reaching safepoint: 77181 ns, At safepoint: 18187 ns, Total: 95368 ns
[2020-02-21T06:46:16.565+0000][1][safepoint    ] Safepoint "RevokeBias", Time since last: 2513540535 ns, Reaching safepoint: 173976 ns, At safepoint: 24237 ns, Total: 198213 ns
[2020-02-21T06:46:19.066+0000][1][safepoint    ] Safepoint "RevokeBias", Time since last: 2501453407 ns, Reaching safepoint: 87843 ns, At safepoint: 20844 ns, Total: 108687 ns
[2020-02-21T06:46:21.571+0000][1][safepoint    ] Safepoint "RevokeBias", Time since last: 2504337087 ns, Reaching safepoint: 62891 ns, At safepoint: 18559 ns, Total: 81450 ns
[2020-02-21T06:46:24.073+0000][1][safepoint    ] Safepoint "RevokeBias", Time since last: 2502145194 ns, Reaching safepoint: 72826 ns, At safepoint: 17801 ns, Total: 90627 ns
[2020-02-21T06:46:26.581+0000][1][safepoint    ] Safepoint "RevokeBias", Time since last: 2508442046 ns, Reaching safepoint: 73092 ns, At safepoint: 17833 ns, Total: 90925 ns
[2020-02-21T06:46:29.093+0000][1][safepoint    ] Safepoint "RevokeBias", Time since last: 2511743115 ns, Reaching safepoint: 141581 ns, At safepoint: 18862 ns, Total: 160443 ns
[2020-02-21T06:46:31.601+0000][1][safepoint    ] Safepoint "RevokeBias", Time since last: 2507771772 ns, Reaching safepoint: 76246 ns, At safepoint: 18001 ns, Total: 94247 ns
[2020-02-21T06:46:34.116+0000][1][safepoint    ] Safepoint "RevokeBias", Time since last: 2514613114 ns, Reaching safepoint: 129331 ns, At safepoint: 32081 ns, Total: 161412 ns
[2020-02-21T06:46:36.621+0000][1][safepoint    ] Safepoint "RevokeBias", Time since last: 2505363348 ns, Reaching safepoint: 73993 ns, At safepoint: 18755 ns, Total: 92748 ns
[2020-02-21T06:46:39.127+0000][1][safepoint    ] Safepoint "RevokeBias", Time since last: 2505353301 ns, Reaching safepoint: 96948 ns, At safepoint: 18443 ns, Total: 115391 ns
[2020-02-21T06:46:41.629+0000][1][safepoint    ] Safepoint "RevokeBias", Time since last: 2502599894 ns, Reaching safepoint: 72303 ns, At safepoint: 17451 ns, Total: 89754 ns
[2020-02-21T06:46:44.142+0000][1][safepoint    ] Safepoint "RevokeBias", Time since last: 2512428262 ns, Reaching safepoint: 71175 ns, At safepoint: 17454 ns, Total: 88629 ns
[2020-02-21T06:46:46.654+0000][1][safepoint    ] Safepoint "RevokeBias", Time since last: 2511485420 ns, Reaching safepoint: 88638 ns, At safepoint: 97183 ns, Total: 185821 ns
[2020-02-21T06:46:49.157+0000][1][safepoint    ] Safepoint "BulkRevokeBias", Time since last: 2502567107 ns, Reaching safepoint: 72853 ns, At safepoint: 327129 ns, Total: 399982 ns
[2020-02-21T06:46:51.661+0000][1][safepoint    ] Safepoint "RevokeBias", Time since last: 2504378292 ns, Reaching safepoint: 71260 ns, At safepoint: 17160 ns, Total: 88420 ns
[2020-02-21T06:46:54.163+0000][1][safepoint    ] Safepoint "RevokeBias", Time since last: 2501397370 ns, Reaching safepoint: 130486 ns, At safepoint: 22869 ns, Total: 153355 ns
[2020-02-21T06:46:56.665+0000][1][safepoint    ] Safepoint "RevokeBias", Time since last: 2502090623 ns, Reaching safepoint: 79302 ns, At safepoint: 18410 ns, Total: 97712 ns
[2020-02-21T06:46:59.170+0000][1][safepoint    ] Safepoint "RevokeBias", Time since last: 2505431171 ns, Reaching safepoint: 72644 ns, At safepoint: 17044 ns, Total: 89688 ns
[2020-02-21T06:47:01.681+0000][1][safepoint    ] Safepoint "RevokeBias", Time since last: 2510352796 ns, Reaching safepoint: 85839 ns, At safepoint: 17408 ns, Total: 103247 ns
[2020-02-21T06:47:04.191+0000][1][safepoint    ] Safepoint "RevokeBias", Time since last: 2509659104 ns, Reaching safepoint: 69756 ns, At safepoint: 17470 ns, Total: 87226 ns
[2020-02-21T06:47:06.695+0000][1][safepoint    ] Safepoint "RevokeBias", Time since last: 2504190540 ns, Reaching safepoint: 82718 ns, At safepoint: 18652 ns, Total: 101370 ns
[2020-02-21T06:47:09.201+0000][1][safepoint    ] Safepoint "RevokeBias", Time since last: 2505618374 ns, Reaching safepoint: 71839 ns, At safepoint: 17235 ns, Total: 89074 ns
[2020-02-21T06:47:11.703+0000][1][safepoint    ] Safepoint "RevokeBias", Time since last: 2502748485 ns, Reaching safepoint: 82932 ns, At safepoint: 21122 ns, Total: 104054 ns
[2020-02-21T06:47:14.208+0000][1][safepoint    ] Safepoint "RevokeBias", Time since last: 2504809813 ns, Reaching safepoint: 70354 ns, At safepoint: 17747 ns, Total: 88101 ns
[2020-02-21T06:47:16.711+0000][1][safepoint    ] Safepoint "RevokeBias", Time since last: 2502358838 ns, Reaching safepoint: 85940 ns, At safepoint: 19580 ns, Total: 105520 ns
[2020-02-21T06:47:19.218+0000][1][safepoint    ] Safepoint "RevokeBias", Time since last: 2506767754 ns, Reaching safepoint: 70311 ns, At safepoint: 17369 ns, Total: 87680 ns
[2020-02-21T06:47:21.726+0000][1][safepoint    ] Safepoint "RevokeBias", Time since last: 2507999783 ns, Reaching safepoint: 73727 ns, At safepoint: 17696 ns, Total: 91423 ns
[2020-02-21T06:47:24.229+0000][1][safepoint    ] Safepoint "RevokeBias", Time since last: 2503418623 ns, Reaching safepoint: 74169 ns, At safepoint: 18145 ns, Total: 92314 ns
[2020-02-21T06:47:26.732+0000][1][safepoint    ] Safepoint "RevokeBias", Time since last: 2502561744 ns, Reaching safepoint: 57095 ns, At safepoint: 16625 ns, Total: 73720 ns
[2020-02-21T06:47:29.237+0000][1][safepoint    ] Safepoint "RevokeBias", Time since last: 2504614477 ns, Reaching safepoint: 72342 ns, At safepoint: 127912 ns, Total: 200254 ns
[2020-02-21T06:47:31.815+0000][1][safepoint    ] Safepoint "RevokeBias", Time since last: 2578258796 ns, Reaching safepoint: 70667 ns, At safepoint: 17075 ns, Total: 87742 ns
[2020-02-21T06:47:34.319+0000][1][safepoint    ] Safepoint "RevokeBias", Time since last: 2503246331 ns, Reaching safepoint: 227797 ns, At safepoint: 21629 ns, Total: 249426 ns
[2020-02-21T06:47:36.830+0000][1][safepoint    ] Safepoint "RevokeBias", Time since last: 2511408715 ns, Reaching safepoint: 55119 ns, At safepoint: 15468 ns, Total: 70587 ns
[2020-02-21T06:47:39.341+0000][1][safepoint    ] Safepoint "RevokeBias", Time since last: 2511297407 ns, Reaching safepoint: 159845 ns, At safepoint: 31671 ns, Total: 191516 ns
[2020-02-21T06:47:41.843+0000][1][safepoint    ] Safepoint "RevokeBias", Time since last: 2501565921 ns, Reaching safepoint: 73935 ns, At safepoint: 18831 ns, Total: 92766 ns
[2020-02-21T06:47:44.349+0000][1][safepoint    ] Safepoint "RevokeBias", Time since last: 2505736542 ns, Reaching safepoint: 75985 ns, At safepoint: 18349 ns, Total: 94334 ns
[2020-02-21T06:47:46.853+0000][1][safepoint    ] Safepoint "RevokeBias", Time since last: 2503931282 ns, Reaching safepoint: 93668 ns, At safepoint: 21657 ns, Total: 115325 ns
[2020-02-21T06:47:49.359+0000][1][safepoint    ] Safepoint "RevokeBias", Time since last: 2505758800 ns, Reaching safepoint: 76150 ns, At safepoint: 34782 ns, Total: 110932 ns
[2020-02-21T06:47:51.864+0000][1][safepoint    ] Safepoint "RevokeBias", Time since last: 2505442328 ns, Reaching safepoint: 74349 ns, At safepoint: 60130 ns, Total: 134479 ns
[2020-02-21T06:47:54.376+0000][1][safepoint    ] Safepoint "RevokeBias", Time since last: 2511172190 ns, Reaching safepoint: 72241 ns, At safepoint: 17684 ns, Total: 89925 ns
[2020-02-21T06:47:56.889+0000][1][safepoint    ] Safepoint "RevokeBias", Time since last: 2513470525 ns, Reaching safepoint: 74096 ns, At safepoint: 18634 ns, Total: 92730 ns
[2020-02-21T06:47:59.396+0000][1][safepoint    ] Safepoint "RevokeBias", Time since last: 2506145152 ns, Reaching safepoint: 98306 ns, At safepoint: 25138 ns, Total: 123444 ns
[2020-02-21T06:48:01.901+0000][1][safepoint    ] Safepoint "BulkRevokeBias", Time since last: 2504793400 ns, Reaching safepoint: 142172 ns, At safepoint: 249248 ns, Total: 391420 ns
[2020-02-21T06:48:04.404+0000][1][safepoint    ] Safepoint "RevokeBias", Time since last: 2503484511 ns, Reaching safepoint: 73370 ns, At safepoint: 18542 ns, Total: 91912 ns
[2020-02-21T06:48:06.921+0000][1][safepoint    ] Safepoint "RevokeBias", Time since last: 2516549044 ns, Reaching safepoint: 55451 ns, At safepoint: 16387 ns, Total: 71838 ns
[2020-02-21T06:48:09.437+0000][1][safepoint    ] Safepoint "RevokeBias", Time since last: 2516212117 ns, Reaching safepoint: 160670 ns, At safepoint: 20253 ns, Total: 180923 ns
[2020-02-21T06:48:11.941+0000][1][safepoint    ] Safepoint "RevokeBias", Time since last: 2503824990 ns, Reaching safepoint: 71642 ns, At safepoint: 17494 ns, Total: 89136 ns
[2020-02-21T06:48:14.445+0000][1][safepoint    ] Safepoint "RevokeBias", Time since last: 2503484647 ns, Reaching safepoint: 75674 ns, At safepoint: 18165 ns, Total: 93839 ns
[2020-02-21T06:48:16.949+0000][1][safepoint    ] Safepoint "RevokeBias", Time since last: 2503902760 ns, Reaching safepoint: 191340 ns, At safepoint: 41930 ns, Total: 233270 ns
[2020-02-21T06:48:19.454+0000][1][safepoint    ] Safepoint "RevokeBias", Time since last: 2504894965 ns, Reaching safepoint: 71011 ns, At safepoint: 16862 ns, Total: 87873 ns
[2020-02-21T06:48:21.162+0000][1][gc,start     ] GC(168) Pause Young (Allocation Failure)
[2020-02-21T06:48:21.162+0000][1][gc,task      ] GC(168) Using 1 workers of 1 for evacuation
[2020-02-21T06:48:21.173+0000][1][gc,age       ] GC(168) Desired survivor size 4358144 bytes, new threshold 6 (max threshold 6)
[2020-02-21T06:48:21.173+0000][1][gc,age       ] GC(168) Age table with threshold 6 (max threshold 6)
[2020-02-21T06:48:21.173+0000][1][gc,age       ] GC(168) - age   1:      13104 bytes,      13104 total
[2020-02-21T06:48:21.173+0000][1][gc,age       ] GC(168) - age   2:        136 bytes,      13240 total
[2020-02-21T06:48:21.173+0000][1][gc,age       ] GC(168) - age   3:       1168 bytes,      14408 total
[2020-02-21T06:48:21.173+0000][1][gc,age       ] GC(168) - age   4:        456 bytes,      14864 total
[2020-02-21T06:48:21.173+0000][1][gc,heap      ] GC(168) ParNew: 68177K->24K(76672K)
[2020-02-21T06:48:21.173+0000][1][gc,heap      ] GC(168) CMS: 62622K->62622K(963392K)
[2020-02-21T06:48:21.173+0000][1][gc,metaspace ] GC(168) Metaspace: 80635K->80635K(1124352K)
[2020-02-21T06:48:21.173+0000][1][gc           ] GC(168) Pause Young (Allocation Failure) 127M->61M(1015M) 11.213ms
[2020-02-21T06:48:21.173+0000][1][gc,cpu       ] GC(168) User=0.01s Sys=0.00s Real=0.01s
[2020-02-21T06:48:21.173+0000][1][safepoint    ] Safepoint "GenCollectForAllocation", Time since last: 1707661771 ns, Reaching safepoint: 76332 ns, At safepoint: 11265208 ns, Total: 11341540 ns
[2020-02-21T06:48:21.957+0000][1][safepoint    ] Safepoint "RevokeBias", Time since last: 783586180 ns, Reaching safepoint: 128853 ns, At safepoint: 17202 ns, Total: 146055 ns
[2020-02-21T06:48:24.466+0000][1][safepoint    ] Safepoint "RevokeBias", Time since last: 2509474500 ns, Reaching safepoint: 55886 ns, At safepoint: 15200 ns, Total: 71086 ns
[2020-02-21T06:48:26.975+0000][1][safepoint    ] Safepoint "RevokeBias", Time since last: 2508816363 ns, Reaching safepoint: 72505 ns, At safepoint: 18394 ns, Total: 90899 ns
[2020-02-21T06:48:29.481+0000][1][safepoint    ] Safepoint "RevokeBias", Time since last: 2505548070 ns, Reaching safepoint: 70162 ns, At safepoint: 17814 ns, Total: 87976 ns
[2020-02-21T06:48:31.985+0000][1][safepoint    ] Safepoint "RevokeBias", Time since last: 2504552061 ns, Reaching safepoint: 85812 ns, At safepoint: 20669 ns, Total: 106481 ns
[2020-02-21T06:48:34.488+0000][1][safepoint    ] Safepoint "RevokeBias", Time since last: 2502348754 ns, Reaching safepoint: 74361 ns, At safepoint: 17800 ns, Total: 92161 ns
[2020-02-21T06:48:36.992+0000][1][safepoint    ] Safepoint "RevokeBias", Time since last: 2504106192 ns, Reaching safepoint: 85935 ns, At safepoint: 21274 ns, Total: 107209 ns
[2020-02-21T06:48:39.498+0000][1][safepoint    ] Safepoint "RevokeBias", Time since last: 2505504607 ns, Reaching safepoint: 75299 ns, At safepoint: 18972 ns, Total: 94271 ns
[2020-02-21T06:48:42.006+0000][1][safepoint    ] Safepoint "RevokeBias", Time since last: 2508103055 ns, Reaching safepoint: 72530 ns, At safepoint: 17535 ns, Total: 90065 ns
[2020-02-21T06:48:44.518+0000][1][safepoint    ] Safepoint "RevokeBias", Time since last: 2512287137 ns, Reaching safepoint: 70688 ns, At safepoint: 16850 ns, Total: 87538 ns
[2020-02-21T06:48:47.020+0000][1][safepoint    ] Safepoint "RevokeBias", Time since last: 2501778527 ns, Reaching safepoint: 89363 ns, At safepoint: 20578 ns, Total: 109941 ns
[2020-02-21T06:48:49.522+0000][1][safepoint    ] Safepoint "RevokeBias", Time since last: 2502174416 ns, Reaching safepoint: 74130 ns, At safepoint: 19245 ns, Total: 93375 ns
[2020-02-21T06:48:52.027+0000][1][safepoint    ] Safepoint "RevokeBias", Time since last: 2504136927 ns, Reaching safepoint: 73201 ns, At safepoint: 18257 ns, Total: 91458 ns
[2020-02-21T06:48:54.530+0000][1][safepoint    ] Safepoint "RevokeBias", Time since last: 2503636323 ns, Reaching safepoint: 74489 ns, At safepoint: 32056 ns, Total: 106545 ns
[2020-02-21T06:48:57.033+0000][1][safepoint    ] Safepoint "RevokeBias", Time since last: 2502262969 ns, Reaching safepoint: 75488 ns, At safepoint: 18619 ns, Total: 94107 ns
[2020-02-21T06:48:59.550+0000][1][safepoint    ] Safepoint "RevokeBias", Time since last: 2516971089 ns, Reaching safepoint: 74635 ns, At safepoint: 17145 ns, Total: 91780 ns
[2020-02-21T06:49:02.063+0000][1][safepoint    ] Safepoint "RevokeBias", Time since last: 2513502668 ns, Reaching safepoint: 72167 ns, At safepoint: 17535 ns, Total: 89702 ns
[2020-02-21T06:49:04.567+0000][1][safepoint    ] Safepoint "RevokeBias", Time since last: 2503052101 ns, Reaching safepoint: 73645 ns, At safepoint: 18113 ns, Total: 91758 ns
[2020-02-21T06:49:07.072+0000][1][safepoint    ] Safepoint "RevokeBias", Time since last: 2505242531 ns, Reaching safepoint: 140596 ns, At safepoint: 49738 ns, Total: 190334 ns
[2020-02-21T06:49:09.578+0000][1][safepoint    ] Safepoint "RevokeBias", Time since last: 2505761577 ns, Reaching safepoint: 73024 ns, At safepoint: 17953 ns, Total: 90977 ns
[2020-02-21T06:49:12.080+0000][1][safepoint    ] Safepoint "RevokeBias", Time since last: 2502405519 ns, Reaching safepoint: 136029 ns, At safepoint: 25901 ns, Total: 161930 ns
[2020-02-21T06:49:14.584+0000][1][safepoint    ] Safepoint "BulkRevokeBias", Time since last: 2503117189 ns, Reaching safepoint: 76990 ns, At safepoint: 314147 ns, Total: 391137 ns
[2020-02-21T06:49:17.102+0000][1][safepoint    ] Safepoint "RevokeBias", Time since last: 2517704477 ns, Reaching safepoint: 85994 ns, At safepoint: 20605 ns, Total: 106599 ns
[2020-02-21T06:49:19.612+0000][1][safepoint    ] Safepoint "RevokeBias", Time since last: 2509957698 ns, Reaching safepoint: 73658 ns, At safepoint: 18323 ns, Total: 91981 ns
[2020-02-21T06:49:22.116+0000][1][safepoint    ] Safepoint "RevokeBias", Time since last: 2503794563 ns, Reaching safepoint: 84804 ns, At safepoint: 20715 ns, Total: 105519 ns
[2020-02-21T06:49:24.620+0000][1][safepoint    ] Safepoint "RevokeBias", Time since last: 2503959296 ns, Reaching safepoint: 76264 ns, At safepoint: 18110 ns, Total: 94374 ns
[2020-02-21T06:49:27.123+0000][1][safepoint    ] Safepoint "RevokeBias", Time since last: 2503005919 ns, Reaching safepoint: 73084 ns, At safepoint: 17945 ns, Total: 91029 ns
[2020-02-21T06:49:29.628+0000][1][safepoint    ] Safepoint "RevokeBias", Time since last: 2505348797 ns, Reaching safepoint: 73239 ns, At safepoint: 18564 ns, Total: 91803 ns
[2020-02-21T06:49:32.133+0000][1][safepoint    ] Safepoint "RevokeBias", Time since last: 2504441040 ns, Reaching safepoint: 88512 ns, At safepoint: 49074 ns, Total: 137586 ns
[2020-02-21T06:49:34.644+0000][1][safepoint    ] Safepoint "RevokeBias", Time since last: 2511480773 ns, Reaching safepoint: 72927 ns, At safepoint: 17038 ns, Total: 89965 ns
[2020-02-21T06:49:37.154+0000][1][safepoint    ] Safepoint "RevokeBias", Time since last: 2509698185 ns, Reaching safepoint: 56667 ns, At safepoint: 16012 ns, Total: 72679 ns
[2020-02-21T06:49:39.657+0000][1][safepoint    ] Safepoint "RevokeBias", Time since last: 2502823180 ns, Reaching safepoint: 83446 ns, At safepoint: 20926 ns, Total: 104372 ns
[2020-02-21T06:49:42.160+0000][1][safepoint    ] Safepoint "RevokeBias", Time since last: 2502532713 ns, Reaching safepoint: 131730 ns, At safepoint: 23811 ns, Total: 155541 ns
[2020-02-21T06:49:44.666+0000][1][safepoint    ] Safepoint "RevokeBias", Time since last: 2506413598 ns, Reaching safepoint: 75608 ns, At safepoint: 19065 ns, Total: 94673 ns
[2020-02-21T06:49:47.182+0000][1][safepoint    ] Safepoint "RevokeBias", Time since last: 2515316728 ns, Reaching safepoint: 88290 ns, At safepoint: 20869 ns, Total: 109159 ns
[2020-02-21T06:49:49.688+0000][1][safepoint    ] Safepoint "RevokeBias", Time since last: 2506622188 ns, Reaching safepoint: 78766 ns, At safepoint: 19445 ns, Total: 98211 ns
[2020-02-21T06:49:52.193+0000][1][safepoint    ] Safepoint "RevokeBias", Time since last: 2504417337 ns, Reaching safepoint: 71628 ns, At safepoint: 16707 ns, Total: 88335 ns
[2020-02-21T06:49:54.697+0000][1][safepoint    ] Safepoint "RevokeBias", Time since last: 2503529648 ns, Reaching safepoint: 184506 ns, At safepoint: 48303 ns, Total: 232809 ns
[2020-02-21T06:49:57.218+0000][1][safepoint    ] Safepoint "RevokeBias", Time since last: 2520882178 ns, Reaching safepoint: 151742 ns, At safepoint: 49407 ns, Total: 201149 ns
[2020-02-21T06:49:59.725+0000][1][safepoint    ] Safepoint "RevokeBias", Time since last: 2506649339 ns, Reaching safepoint: 53088 ns, At safepoint: 15304 ns, Total: 68392 ns
[2020-02-21T06:50:02.229+0000][1][safepoint    ] Safepoint "RevokeBias", Time since last: 2504040869 ns, Reaching safepoint: 72733 ns, At safepoint: 18370 ns, Total: 91103 ns
[2020-02-21T06:50:04.733+0000][1][safepoint    ] Safepoint "RevokeBias", Time since last: 2504077863 ns, Reaching safepoint: 54723 ns, At safepoint: 16173 ns, Total: 70896 ns
[2020-02-21T06:50:07.245+0000][1][safepoint    ] Safepoint "RevokeBias", Time since last: 2512556934 ns, Reaching safepoint: 74215 ns, At safepoint: 17808 ns, Total: 92023 ns
[2020-02-21T06:50:09.750+0000][1][safepoint    ] Safepoint "RevokeBias", Time since last: 2504489776 ns, Reaching safepoint: 112260 ns, At safepoint: 28031 ns, Total: 140291 ns
[2020-02-21T06:50:12.255+0000][1][safepoint    ] Safepoint "RevokeBias", Time since last: 2504572817 ns, Reaching safepoint: 74758 ns, At safepoint: 18832 ns, Total: 93590 ns
[2020-02-21T06:50:14.758+0000][1][safepoint    ] Safepoint "RevokeBias", Time since last: 2502816971 ns, Reaching safepoint: 88799 ns, At safepoint: 53485 ns, Total: 142284 ns
[2020-02-21T06:50:17.302+0000][1][safepoint    ] Safepoint "RevokeBias", Time since last: 2544013334 ns, Reaching safepoint: 124614 ns, At safepoint: 21089 ns, Total: 145703 ns
[2020-02-21T06:50:19.807+0000][1][safepoint    ] Safepoint "RevokeBias", Time since last: 2504657914 ns, Reaching safepoint: 71402 ns, At safepoint: 17133 ns, Total: 88535 ns
[2020-02-21T06:50:22.393+0000][1][safepoint    ] Safepoint "RevokeBias", Time since last: 2586588378 ns, Reaching safepoint: 114763 ns, At safepoint: 21479 ns, Total: 136242 ns
[2020-02-21T06:50:24.904+0000][1][safepoint    ] Safepoint "RevokeBias", Time since last: 2511066428 ns, Reaching safepoint: 84456 ns, At safepoint: 20355 ns, Total: 104811 ns
[2020-02-21T06:50:27.421+0000][1][safepoint    ] Safepoint "BulkRevokeBias", Time since last: 2515749657 ns, Reaching safepoint: 74451 ns, At safepoint: 285273 ns, Total: 359724 ns
[2020-02-21T06:50:29.939+0000][1][safepoint    ] Safepoint "RevokeBias", Time since last: 2518292053 ns, Reaching safepoint: 104188 ns, At safepoint: 18440 ns, Total: 122628 ns
[2020-02-21T06:50:32.445+0000][1][safepoint    ] Safepoint "RevokeBias", Time since last: 2505790354 ns, Reaching safepoint: 89847 ns, At safepoint: 23301 ns, Total: 113148 ns
[2020-02-21T06:50:34.948+0000][1][safepoint    ] Safepoint "RevokeBias", Time since last: 2503166730 ns, Reaching safepoint: 72141 ns, At safepoint: 17685 ns, Total: 89826 ns
[2020-02-21T06:50:37.453+0000][1][safepoint    ] Safepoint "RevokeBias", Time since last: 2504509152 ns, Reaching safepoint: 76449 ns, At safepoint: 18161 ns, Total: 94610 ns
[2020-02-21T06:50:39.968+0000][1][safepoint    ] Safepoint "RevokeBias", Time since last: 2515550715 ns, Reaching safepoint: 75401 ns, At safepoint: 18997 ns, Total: 94398 ns
[2020-02-21T06:50:41.277+0000][1][gc,start     ] GC(169) Pause Young (Allocation Failure)
[2020-02-21T06:50:41.277+0000][1][gc,task      ] GC(169) Using 1 workers of 1 for evacuation
[2020-02-21T06:50:41.287+0000][1][gc,age       ] GC(169) Desired survivor size 4358144 bytes, new threshold 6 (max threshold 6)
[2020-02-21T06:50:41.287+0000][1][gc,age       ] GC(169) Age table with threshold 6 (max threshold 6)
[2020-02-21T06:50:41.287+0000][1][gc,age       ] GC(169) - age   1:      11856 bytes,      11856 total
[2020-02-21T06:50:41.287+0000][1][gc,age       ] GC(169) - age   2:        240 bytes,      12096 total
[2020-02-21T06:50:41.287+0000][1][gc,age       ] GC(169) - age   3:        136 bytes,      12232 total
[2020-02-21T06:50:41.287+0000][1][gc,age       ] GC(169) - age   4:       1168 bytes,      13400 total
[2020-02-21T06:50:41.287+0000][1][gc,age       ] GC(169) - age   5:        456 bytes,      13856 total
[2020-02-21T06:50:41.287+0000][1][gc,heap      ] GC(169) ParNew: 68184K->13K(76672K)
[2020-02-21T06:50:41.287+0000][1][gc,heap      ] GC(169) CMS: 62622K->62622K(963392K)
[2020-02-21T06:50:41.287+0000][1][gc,metaspace ] GC(169) Metaspace: 80635K->80635K(1124352K)
[2020-02-21T06:50:41.287+0000][1][gc           ] GC(169) Pause Young (Allocation Failure) 127M->61M(1015M) 10.422ms
[2020-02-21T06:50:41.287+0000][1][gc,cpu       ] GC(169) User=0.01s Sys=0.00s Real=0.01s
[2020-02-21T06:50:41.287+0000][1][safepoint    ] Safepoint "GenCollectForAllocation", Time since last: 1308113334 ns, Reaching safepoint: 79571 ns, At safepoint: 10490365 ns, Total: 10569936 ns
[2020-02-21T06:50:42.475+0000][1][safepoint    ] Safepoint "RevokeBias", Time since last: 1187773964 ns, Reaching safepoint: 74769 ns, At safepoint: 17511 ns, Total: 92280 ns
[2020-02-21T06:50:44.979+0000][1][safepoint    ] Safepoint "RevokeBias", Time since last: 2503889573 ns, Reaching safepoint: 72649 ns, At safepoint: 17947 ns, Total: 90596 ns
[2020-02-21T06:50:47.484+0000][1][safepoint    ] Safepoint "RevokeBias", Time since last: 2504705950 ns, Reaching safepoint: 151384 ns, At safepoint: 30198 ns, Total: 181582 ns
[2020-02-21T06:50:49.987+0000][1][safepoint    ] Safepoint "RevokeBias", Time since last: 2502941494 ns, Reaching safepoint: 75115 ns, At safepoint: 17822 ns, Total: 92937 ns
[2020-02-21T06:50:52.492+0000][1][safepoint    ] Safepoint "RevokeBias", Time since last: 2504795154 ns, Reaching safepoint: 87676 ns, At safepoint: 21015 ns, Total: 108691 ns
[2020-02-21T06:50:54.995+0000][1][safepoint    ] Safepoint "RevokeBias", Time since last: 2503507281 ns, Reaching safepoint: 73524 ns, At safepoint: 17481 ns, Total: 91005 ns
[2020-02-21T06:50:57.504+0000][1][safepoint    ] Safepoint "RevokeBias", Time since last: 2508518438 ns, Reaching safepoint: 71837 ns, At safepoint: 17936 ns, Total: 89773 ns
[2020-02-21T06:51:00.013+0000][1][safepoint    ] Safepoint "RevokeBias", Time since last: 2509131423 ns, Reaching safepoint: 76276 ns, At safepoint: 18237 ns, Total: 94513 ns
[2020-02-21T06:51:02.519+0000][1][safepoint    ] Safepoint "RevokeBias", Time since last: 2505749064 ns, Reaching safepoint: 74741 ns, At safepoint: 17625 ns, Total: 92366 ns
[2020-02-21T06:51:05.023+0000][1][safepoint    ] Safepoint "RevokeBias", Time since last: 2504107234 ns, Reaching safepoint: 56433 ns, At safepoint: 15724 ns, Total: 72157 ns
[2020-02-21T06:51:07.529+0000][1][safepoint    ] Safepoint "RevokeBias", Time since last: 2505598024 ns, Reaching safepoint: 75383 ns, At safepoint: 18501 ns, Total: 93884 ns
[2020-02-21T06:51:10.043+0000][1][safepoint    ] Safepoint "RevokeBias", Time since last: 2514090750 ns, Reaching safepoint: 73377 ns, At safepoint: 16995 ns, Total: 90372 ns
[2020-02-21T06:51:12.552+0000][1][safepoint    ] Safepoint "RevokeBias", Time since last: 2508849326 ns, Reaching safepoint: 84214 ns, At safepoint: 20231 ns, Total: 104445 ns
[2020-02-21T06:51:15.066+0000][1][safepoint    ] Safepoint "RevokeBias", Time since last: 2513443010 ns, Reaching safepoint: 74149 ns, At safepoint: 17116 ns, Total: 91265 ns
[2020-02-21T06:51:17.574+0000][1][safepoint    ] Safepoint "RevokeBias", Time since last: 2507959855 ns, Reaching safepoint: 139567 ns, At safepoint: 33402 ns, Total: 172969 ns
[2020-02-21T06:51:20.077+0000][1][safepoint    ] Safepoint "RevokeBias", Time since last: 2502769589 ns, Reaching safepoint: 82391 ns, At safepoint: 20318 ns, Total: 102709 ns
[2020-02-21T06:51:22.581+0000][1][safepoint    ] Safepoint "RevokeBias", Time since last: 2504357442 ns, Reaching safepoint: 93856 ns, At safepoint: 19068 ns, Total: 112924 ns
[2020-02-21T06:51:25.084+0000][1][safepoint    ] Safepoint "RevokeBias", Time since last: 2503206768 ns, Reaching safepoint: 81778 ns, At safepoint: 20625 ns, Total: 102403 ns
[2020-02-21T06:51:27.588+0000][1][safepoint    ] Safepoint "RevokeBias", Time since last: 2503267206 ns, Reaching safepoint: 74010 ns, At safepoint: 18111 ns, Total: 92121 ns
[2020-02-21T06:51:30.091+0000][1][safepoint    ] Safepoint "RevokeBias", Time since last: 2503228402 ns, Reaching safepoint: 74360 ns, At safepoint: 17840 ns, Total: 92200 ns
[2020-02-21T06:51:32.606+0000][1][safepoint    ] Safepoint "RevokeBias", Time since last: 2514847917 ns, Reaching safepoint: 72614 ns, At safepoint: 17761 ns, Total: 90375 ns
[2020-02-21T06:51:35.115+0000][1][safepoint    ] Safepoint "RevokeBias", Time since last: 2509069911 ns, Reaching safepoint: 71052 ns, At safepoint: 17248 ns, Total: 88300 ns
[2020-02-21T06:51:37.624+0000][1][safepoint    ] Safepoint "RevokeBias", Time since last: 2509056875 ns, Reaching safepoint: 73564 ns, At safepoint: 17821 ns, Total: 91385 ns
[2020-02-21T06:51:40.129+0000][1][safepoint    ] Safepoint "BulkRevokeBias", Time since last: 2504570532 ns, Reaching safepoint: 72335 ns, At safepoint: 178339 ns, Total: 250674 ns
[2020-02-21T06:51:42.632+0000][1][safepoint    ] Safepoint "RevokeBias", Time since last: 2502726994 ns, Reaching safepoint: 75504 ns, At safepoint: 18539 ns, Total: 94043 ns
[2020-02-21T06:51:45.144+0000][1][safepoint    ] Safepoint "RevokeBias", Time since last: 2512197806 ns, Reaching safepoint: 106054 ns, At safepoint: 18196 ns, Total: 124250 ns
[2020-02-21T06:51:47.660+0000][1][safepoint    ] Safepoint "RevokeBias", Time since last: 2515111240 ns, Reaching safepoint: 98205 ns, At safepoint: 23472 ns, Total: 121677 ns
[2020-02-21T06:51:50.161+0000][1][safepoint    ] Safepoint "RevokeBias", Time since last: 2501862720 ns, Reaching safepoint: 72757 ns, At safepoint: 17724 ns, Total: 90481 ns
[2020-02-21T06:51:52.667+0000][1][safepoint    ] Safepoint "RevokeBias", Time since last: 2505164292 ns, Reaching safepoint: 138616 ns, At safepoint: 45068 ns, Total: 183684 ns
[2020-02-21T06:51:55.170+0000][1][safepoint    ] Safepoint "RevokeBias", Time since last: 2503304542 ns, Reaching safepoint: 73211 ns, At safepoint: 17207 ns, Total: 90418 ns
[2020-02-21T06:51:57.673+0000][1][safepoint    ] Safepoint "RevokeBias", Time since last: 2502901483 ns, Reaching safepoint: 118977 ns, At safepoint: 23300 ns, Total: 142277 ns
[2020-02-21T06:52:00.183+0000][1][safepoint    ] Safepoint "RevokeBias", Time since last: 2510072223 ns, Reaching safepoint: 71607 ns, At safepoint: 17229 ns, Total: 88836 ns
[2020-02-21T06:52:02.704+0000][1][safepoint    ] Safepoint "RevokeBias", Time since last: 2520777611 ns, Reaching safepoint: 71344 ns, At safepoint: 17854 ns, Total: 89198 ns
[2020-02-21T06:52:05.215+0000][1][safepoint    ] Safepoint "RevokeBias", Time since last: 2510918258 ns, Reaching safepoint: 110105 ns, At safepoint: 27767 ns, Total: 137872 ns
[2020-02-21T06:52:07.723+0000][1][safepoint    ] Safepoint "RevokeBias", Time since last: 2507176337 ns, Reaching safepoint: 72136 ns, At safepoint: 17392 ns, Total: 89528 ns
[2020-02-21T06:52:10.226+0000][1][safepoint    ] Safepoint "RevokeBias", Time since last: 2503570880 ns, Reaching safepoint: 82436 ns, At safepoint: 20601 ns, Total: 103037 ns
[2020-02-21T06:52:12.730+0000][1][safepoint    ] Safepoint "RevokeBias", Time since last: 2503486139 ns, Reaching safepoint: 163422 ns, At safepoint: 19787 ns, Total: 183209 ns
[2020-02-21T06:52:15.236+0000][1][safepoint    ] Safepoint "RevokeBias", Time since last: 2505625484 ns, Reaching safepoint: 74957 ns, At safepoint: 17904 ns, Total: 92861 ns
[2020-02-21T06:52:17.741+0000][1][safepoint    ] Safepoint "RevokeBias", Time since last: 2505024576 ns, Reaching safepoint: 100505 ns, At safepoint: 24339 ns, Total: 124844 ns
[2020-02-21T06:52:20.255+0000][1][safepoint    ] Safepoint "RevokeBias", Time since last: 2514231853 ns, Reaching safepoint: 72219 ns, At safepoint: 18034 ns, Total: 90253 ns
[2020-02-21T06:52:22.766+0000][1][safepoint    ] Safepoint "RevokeBias", Time since last: 2510864888 ns, Reaching safepoint: 71069 ns, At safepoint: 17385 ns, Total: 88454 ns
[2020-02-21T06:52:25.269+0000][1][safepoint    ] Safepoint "RevokeBias", Time since last: 2502769565 ns, Reaching safepoint: 84080 ns, At safepoint: 19953 ns, Total: 104033 ns
[2020-02-21T06:52:27.773+0000][1][safepoint    ] Safepoint "RevokeBias", Time since last: 2504329014 ns, Reaching safepoint: 73506 ns, At safepoint: 17221 ns, Total: 90727 ns
[2020-02-21T06:52:30.279+0000][1][safepoint    ] Safepoint "RevokeBias", Time since last: 2505286466 ns, Reaching safepoint: 72660 ns, At safepoint: 17574 ns, Total: 90234 ns
[2020-02-21T06:52:32.785+0000][1][safepoint    ] Safepoint "RevokeBias", Time since last: 2505851385 ns, Reaching safepoint: 86154 ns, At safepoint: 21354 ns, Total: 107508 ns
[2020-02-21T06:52:35.288+0000][1][safepoint    ] Safepoint "RevokeBias", Time since last: 2503556776 ns, Reaching safepoint: 73910 ns, At safepoint: 17152 ns, Total: 91062 ns
[2020-02-21T06:52:37.806+0000][1][safepoint    ] Safepoint "RevokeBias", Time since last: 2517207659 ns, Reaching safepoint: 74208 ns, At safepoint: 18276 ns, Total: 92484 ns
[2020-02-21T06:52:40.318+0000][1][safepoint    ] Safepoint "RevokeBias", Time since last: 2512583376 ns, Reaching safepoint: 112655 ns, At safepoint: 29052 ns, Total: 141707 ns
[2020-02-21T06:52:42.821+0000][1][safepoint    ] Safepoint "RevokeBias", Time since last: 2502093239 ns, Reaching safepoint: 56878 ns, At safepoint: 15686 ns, Total: 72564 ns
[2020-02-21T06:52:45.327+0000][1][safepoint    ] Safepoint "RevokeBias", Time since last: 2506183412 ns, Reaching safepoint: 115987 ns, At safepoint: 22866 ns, Total: 138853 ns
[2020-02-21T06:52:47.832+0000][1][safepoint    ] Safepoint "RevokeBias", Time since last: 2504643376 ns, Reaching safepoint: 99447 ns, At safepoint: 25060 ns, Total: 124507 ns
[2020-02-21T06:52:50.336+0000][1][safepoint    ] Safepoint "RevokeBias", Time since last: 2504234935 ns, Reaching safepoint: 81687 ns, At safepoint: 20738 ns, Total: 102425 ns
[2020-02-21T06:52:52.843+0000][1][safepoint    ] Safepoint "BulkRevokeBias", Time since last: 2506326656 ns, Reaching safepoint: 75276 ns, At safepoint: 184985 ns, Total: 260261 ns
[2020-02-21T06:52:55.359+0000][1][safepoint    ] Safepoint "RevokeBias", Time since last: 2515910201 ns, Reaching safepoint: 71631 ns, At safepoint: 17886 ns, Total: 89517 ns
[2020-02-21T06:52:57.867+0000][1][safepoint    ] Safepoint "RevokeBias", Time since last: 2507893228 ns, Reaching safepoint: 73837 ns, At safepoint: 17316 ns, Total: 91153 ns
[2020-02-21T06:53:00.378+0000][1][safepoint    ] Safepoint "RevokeBias", Time since last: 2511382236 ns, Reaching safepoint: 75603 ns, At safepoint: 18380 ns, Total: 93983 ns
[2020-02-21T06:53:01.719+0000][1][gc,start     ] GC(170) Pause Young (Allocation Failure)
[2020-02-21T06:53:01.719+0000][1][gc,task      ] GC(170) Using 1 workers of 1 for evacuation
[2020-02-21T06:53:01.730+0000][1][gc,age       ] GC(170) Desired survivor size 4358144 bytes, new threshold 6 (max threshold 6)
[2020-02-21T06:53:01.730+0000][1][gc,age       ] GC(170) Age table with threshold 6 (max threshold 6)
[2020-02-21T06:53:01.730+0000][1][gc,age       ] GC(170) - age   1:      11816 bytes,      11816 total
[2020-02-21T06:53:01.730+0000][1][gc,age       ] GC(170) - age   4:        136 bytes,      11952 total
[2020-02-21T06:53:01.730+0000][1][gc,age       ] GC(170) - age   5:       1168 bytes,      13120 total
[2020-02-21T06:53:01.730+0000][1][gc,age       ] GC(170) - age   6:        456 bytes,      13576 total
[2020-02-21T06:53:01.730+0000][1][gc,heap      ] GC(170) ParNew: 68173K->13K(76672K)
[2020-02-21T06:53:01.730+0000][1][gc,heap      ] GC(170) CMS: 62622K->62622K(963392K)
[2020-02-21T06:53:01.730+0000][1][gc,metaspace ] GC(170) Metaspace: 80635K->80635K(1124352K)
[2020-02-21T06:53:01.730+0000][1][gc           ] GC(170) Pause Young (Allocation Failure) 127M->61M(1015M) 11.244ms
[2020-02-21T06:53:01.730+0000][1][gc,cpu       ] GC(170) User=0.01s Sys=0.00s Real=0.01s
[2020-02-21T06:53:01.730+0000][1][safepoint    ] Safepoint "GenCollectForAllocation", Time since last: 1340766493 ns, Reaching safepoint: 75915 ns, At safepoint: 11298952 ns, Total: 11374867 ns
[2020-02-21T06:53:02.887+0000][1][safepoint    ] Safepoint "RevokeBias", Time since last: 1156882680 ns, Reaching safepoint: 71945 ns, At safepoint: 17431 ns, Total: 89376 ns
[2020-02-21T06:53:05.391+0000][1][safepoint    ] Safepoint "RevokeBias", Time since last: 2503351359 ns, Reaching safepoint: 108273 ns, At safepoint: 19827 ns, Total: 128100 ns
[2020-02-21T06:53:07.901+0000][1][safepoint    ] Safepoint "RevokeBias", Time since last: 2510374098 ns, Reaching safepoint: 73622 ns, At safepoint: 17723 ns, Total: 91345 ns
[2020-02-21T06:53:10.411+0000][1][safepoint    ] Safepoint "RevokeBias", Time since last: 2509410875 ns, Reaching safepoint: 72183 ns, At safepoint: 17474 ns, Total: 89657 ns
[2020-02-21T06:53:12.918+0000][1][safepoint    ] Safepoint "RevokeBias", Time since last: 2507303613 ns, Reaching safepoint: 55631 ns, At safepoint: 16102 ns, Total: 71733 ns
[2020-02-21T06:53:15.431+0000][1][safepoint    ] Safepoint "RevokeBias", Time since last: 2512891217 ns, Reaching safepoint: 76325 ns, At safepoint: 18649 ns, Total: 94974 ns
[2020-02-21T06:53:17.936+0000][1][safepoint    ] Safepoint "RevokeBias", Time since last: 2504556488 ns, Reaching safepoint: 156823 ns, At safepoint: 25696 ns, Total: 182519 ns
[2020-02-21T06:53:20.440+0000][1][safepoint    ] Safepoint "RevokeBias", Time since last: 2503896313 ns, Reaching safepoint: 74902 ns, At safepoint: 18103 ns, Total: 93005 ns
[2020-02-21T06:53:22.945+0000][1][safepoint    ] Safepoint "RevokeBias", Time since last: 2504999304 ns, Reaching safepoint: 78605 ns, At safepoint: 19887 ns, Total: 98492 ns
[2020-02-21T06:53:25.454+0000][1][safepoint    ] Safepoint "RevokeBias", Time since last: 2508902002 ns, Reaching safepoint: 439160 ns, At safepoint: 22807 ns, Total: 461967 ns
[2020-02-21T06:53:27.961+0000][1][safepoint    ] Safepoint "RevokeBias", Time since last: 2507155952 ns, Reaching safepoint: 72000 ns, At safepoint: 18063 ns, Total: 90063 ns
[2020-02-21T06:53:30.467+0000][1][safepoint    ] Safepoint "RevokeBias", Time since last: 2505716979 ns, Reaching safepoint: 72372 ns, At safepoint: 17478 ns, Total: 89850 ns
[2020-02-21T06:53:32.972+0000][1][safepoint    ] Safepoint "RevokeBias", Time since last: 2504642035 ns, Reaching safepoint: 74443 ns, At safepoint: 18103 ns, Total: 92546 ns
[2020-02-21T06:53:35.475+0000][1][safepoint    ] Safepoint "RevokeBias", Time since last: 2503309103 ns, Reaching safepoint: 72526 ns, At safepoint: 17384 ns, Total: 89910 ns
[2020-02-21T06:53:37.980+0000][1][safepoint    ] Safepoint "RevokeBias", Time since last: 2504163474 ns, Reaching safepoint: 84529 ns, At safepoint: 20582 ns, Total: 105111 ns
[2020-02-21T06:53:40.485+0000][1][safepoint    ] Safepoint "RevokeBias", Time since last: 2505482410 ns, Reaching safepoint: 111894 ns, At safepoint: 28747 ns, Total: 140641 ns
[2020-02-21T06:53:42.992+0000][1][safepoint    ] Safepoint "RevokeBias", Time since last: 2506635338 ns, Reaching safepoint: 56381 ns, At safepoint: 155718 ns, Total: 212099 ns
[2020-02-21T06:53:45.508+0000][1][safepoint    ] Safepoint "RevokeBias", Time since last: 2516049502 ns, Reaching safepoint: 73422 ns, At safepoint: 17347 ns, Total: 90769 ns
[2020-02-21T06:53:48.014+0000][1][safepoint    ] Safepoint "RevokeBias", Time since last: 2505874773 ns, Reaching safepoint: 88285 ns, At safepoint: 20311 ns, Total: 108596 ns
[2020-02-21T06:53:50.516+0000][1][safepoint    ] Safepoint "RevokeBias", Time since last: 2501603758 ns, Reaching safepoint: 73378 ns, At safepoint: 18568 ns, Total: 91946 ns
[2020-02-21T06:53:53.021+0000][1][safepoint    ] Safepoint "RevokeBias", Time since last: 2504771481 ns, Reaching safepoint: 71534 ns, At safepoint: 17188 ns, Total: 88722 ns
[2020-02-21T06:53:55.524+0000][1][safepoint    ] Safepoint "RevokeBias", Time since last: 2503105504 ns, Reaching safepoint: 93168 ns, At safepoint: 65349 ns, Total: 158517 ns
[2020-02-21T06:53:58.027+0000][1][safepoint    ] Safepoint "RevokeBias", Time since last: 2503086839 ns, Reaching safepoint: 74094 ns, At safepoint: 18202 ns, Total: 92296 ns
[2020-02-21T06:54:00.542+0000][1][safepoint    ] Safepoint "RevokeBias", Time since last: 2514614785 ns, Reaching safepoint: 89201 ns, At safepoint: 33024 ns, Total: 122225 ns
[2020-02-21T06:54:03.056+0000][1][safepoint    ] Safepoint "RevokeBias", Time since last: 2513916340 ns, Reaching safepoint: 72732 ns, At safepoint: 16952 ns, Total: 89684 ns
[2020-02-21T06:54:05.559+0000][1][safepoint    ] Safepoint "BulkRevokeBias", Time since last: 2503137763 ns, Reaching safepoint: 112438 ns, At safepoint: 213674 ns, Total: 326112 ns
[2020-02-21T06:54:08.063+0000][1][safepoint    ] Safepoint "RevokeBias", Time since last: 2503675938 ns, Reaching safepoint: 73272 ns, At safepoint: 17882 ns, Total: 91154 ns
[2020-02-21T06:54:10.569+0000][1][safepoint    ] Safepoint "RevokeBias", Time since last: 2505655025 ns, Reaching safepoint: 76107 ns, At safepoint: 58705 ns, Total: 134812 ns
[2020-02-21T06:54:13.072+0000][1][safepoint    ] Safepoint "RevokeBias", Time since last: 2502873667 ns, Reaching safepoint: 77827 ns, At safepoint: 34777 ns, Total: 112604 ns
[2020-02-21T06:54:15.578+0000][1][safepoint    ] Safepoint "RevokeBias", Time since last: 2505682030 ns, Reaching safepoint: 74003 ns, At safepoint: 17916 ns, Total: 91919 ns
[2020-02-21T06:54:18.092+0000][1][safepoint    ] Safepoint "RevokeBias", Time since last: 2514248124 ns, Reaching safepoint: 135132 ns, At safepoint: 24021 ns, Total: 159153 ns
[2020-02-21T06:54:20.599+0000][1][safepoint    ] Safepoint "RevokeBias", Time since last: 2507096386 ns, Reaching safepoint: 76187 ns, At safepoint: 59480 ns, Total: 135667 ns
[2020-02-21T06:54:23.104+0000][1][safepoint    ] Safepoint "RevokeBias", Time since last: 2504668239 ns, Reaching safepoint: 92309 ns, At safepoint: 20641 ns, Total: 112950 ns
[2020-02-21T06:54:25.608+0000][1][safepoint    ] Safepoint "RevokeBias", Time since last: 2504083367 ns, Reaching safepoint: 72598 ns, At safepoint: 17663 ns, Total: 90261 ns
[2020-02-21T06:54:28.111+0000][1][safepoint    ] Safepoint "RevokeBias", Time since last: 2502955696 ns, Reaching safepoint: 71083 ns, At safepoint: 16640 ns, Total: 87723 ns
[2020-02-21T06:54:30.616+0000][1][safepoint    ] Safepoint "RevokeBias", Time since last: 2504715512 ns, Reaching safepoint: 83233 ns, At safepoint: 50913 ns, Total: 134146 ns
[2020-02-21T06:54:33.121+0000][1][safepoint    ] Safepoint "RevokeBias", Time since last: 2504704352 ns, Reaching safepoint: 142303 ns, At safepoint: 24301 ns, Total: 166604 ns
[2020-02-21T06:54:35.632+0000][1][safepoint    ] Safepoint "RevokeBias", Time since last: 2511135094 ns, Reaching safepoint: 73466 ns, At safepoint: 17468 ns, Total: 90934 ns
[2020-02-21T06:54:38.146+0000][1][safepoint    ] Safepoint "RevokeBias", Time since last: 2513352630 ns, Reaching safepoint: 71854 ns, At safepoint: 17022 ns, Total: 88876 ns
[2020-02-21T06:54:40.652+0000][1][safepoint    ] Safepoint "RevokeBias", Time since last: 2505941383 ns, Reaching safepoint: 75861 ns, At safepoint: 18600 ns, Total: 94461 ns
[2020-02-21T06:54:43.155+0000][1][safepoint    ] Safepoint "RevokeBias", Time since last: 2503013526 ns, Reaching safepoint: 82015 ns, At safepoint: 19185 ns, Total: 101200 ns
[2020-02-21T06:54:45.659+0000][1][safepoint    ] Safepoint "RevokeBias", Time since last: 2503736694 ns, Reaching safepoint: 71945 ns, At safepoint: 17858 ns, Total: 89803 ns
[2020-02-21T06:54:48.163+0000][1][safepoint    ] Safepoint "RevokeBias", Time since last: 2504082454 ns, Reaching safepoint: 90368 ns, At safepoint: 21009 ns, Total: 111377 ns
[2020-02-21T06:54:50.666+0000][1][safepoint    ] Safepoint "RevokeBias", Time since last: 2503383318 ns, Reaching safepoint: 70035 ns, At safepoint: 16550 ns, Total: 86585 ns
[2020-02-21T06:54:53.183+0000][1][safepoint    ] Safepoint "RevokeBias", Time since last: 2516110077 ns, Reaching safepoint: 73054 ns, At safepoint: 101547 ns, Total: 174601 ns
[2020-02-21T06:54:55.690+0000][1][safepoint    ] Safepoint "RevokeBias", Time since last: 2507739190 ns, Reaching safepoint: 79531 ns, At safepoint: 19804 ns, Total: 99335 ns
[2020-02-21T06:54:58.193+0000][1][safepoint    ] Safepoint "RevokeBias", Time since last: 2502651767 ns, Reaching safepoint: 85129 ns, At safepoint: 20398 ns, Total: 105527 ns
[2020-02-21T06:55:00.700+0000][1][safepoint    ] Safepoint "RevokeBias", Time since last: 2506138864 ns, Reaching safepoint: 86730 ns, At safepoint: 21928 ns, Total: 108658 ns
[2020-02-21T06:55:03.206+0000][1][safepoint    ] Safepoint "RevokeBias", Time since last: 2506186849 ns, Reaching safepoint: 70626 ns, At safepoint: 17422 ns, Total: 88048 ns
[2020-02-21T06:55:05.709+0000][1][safepoint    ] Safepoint "RevokeBias", Time since last: 2503451183 ns, Reaching safepoint: 72870 ns, At safepoint: 21574 ns, Total: 94444 ns
[2020-02-21T06:55:08.213+0000][1][safepoint    ] Safepoint "RevokeBias", Time since last: 2503220056 ns, Reaching safepoint: 72808 ns, At safepoint: 17984 ns, Total: 90792 ns
[2020-02-21T06:55:10.721+0000][1][safepoint    ] Safepoint "RevokeBias", Time since last: 2508278879 ns, Reaching safepoint: 73895 ns, At safepoint: 18201 ns, Total: 92096 ns
[2020-02-21T06:55:13.228+0000][1][safepoint    ] Safepoint "RevokeBias", Time since last: 2507275170 ns, Reaching safepoint: 75754 ns, At safepoint: 19114 ns, Total: 94868 ns
[2020-02-21T06:55:15.732+0000][1][safepoint    ] Safepoint "RevokeBias", Time since last: 2503086496 ns, Reaching safepoint: 74178 ns, At safepoint: 18515 ns, Total: 92693 ns
[2020-02-21T06:55:18.237+0000][1][safepoint    ] Safepoint "BulkRevokeBias", Time since last: 2505422340 ns, Reaching safepoint: 89268 ns, At safepoint: 185053 ns, Total: 274321 ns
[2020-02-21T06:55:20.741+0000][1][safepoint    ] Safepoint "RevokeBias", Time since last: 2503363669 ns, Reaching safepoint: 205437 ns, At safepoint: 31901 ns, Total: 237338 ns
[2020-02-21T06:55:21.477+0000][1][gc,start     ] GC(171) Pause Young (Allocation Failure)
[2020-02-21T06:55:21.477+0000][1][gc,task      ] GC(171) Using 1 workers of 1 for evacuation
[2020-02-21T06:55:21.487+0000][1][gc,age       ] GC(171) Desired survivor size 4358144 bytes, new threshold 6 (max threshold 6)
[2020-02-21T06:55:21.487+0000][1][gc,age       ] GC(171) Age table with threshold 6 (max threshold 6)
[2020-02-21T06:55:21.487+0000][1][gc,age       ] GC(171) - age   1:      13336 bytes,      13336 total
[2020-02-21T06:55:21.487+0000][1][gc,age       ] GC(171) - age   6:       1072 bytes,      14408 total
[2020-02-21T06:55:21.487+0000][1][gc,heap      ] GC(171) ParNew: 68173K->26K(76672K)
[2020-02-21T06:55:21.487+0000][1][gc,heap      ] GC(171) CMS: 62622K->62623K(963392K)
[2020-02-21T06:55:21.487+0000][1][gc,metaspace ] GC(171) Metaspace: 80635K->80635K(1124352K)
[2020-02-21T06:55:21.488+0000][1][gc           ] GC(171) Pause Young (Allocation Failure) 127M->61M(1015M) 10.492ms
[2020-02-21T06:55:21.488+0000][1][gc,cpu       ] GC(171) User=0.02s Sys=0.00s Real=0.01s
[2020-02-21T06:55:21.488+0000][1][safepoint    ] Safepoint "GenCollectForAllocation", Time since last: 736060239 ns, Reaching safepoint: 104284 ns, At safepoint: 10548457 ns, Total: 10652741 ns
[2020-02-21T06:55:23.253+0000][1][safepoint    ] Safepoint "RevokeBias", Time since last: 1765756169 ns, Reaching safepoint: 72727 ns, At safepoint: 17900 ns, Total: 90627 ns
[2020-02-21T06:55:25.767+0000][1][safepoint    ] Safepoint "RevokeBias", Time since last: 2513476206 ns, Reaching safepoint: 224413 ns, At safepoint: 27663 ns, Total: 252076 ns
[2020-02-21T06:55:28.271+0000][1][safepoint    ] Safepoint "RevokeBias", Time since last: 2503787331 ns, Reaching safepoint: 70575 ns, At safepoint: 17007 ns, Total: 87582 ns
[2020-02-21T06:55:30.777+0000][1][safepoint    ] Safepoint "RevokeBias", Time since last: 2505468056 ns, Reaching safepoint: 73041 ns, At safepoint: 17863 ns, Total: 90904 ns
[2020-02-21T06:55:33.281+0000][1][safepoint    ] Safepoint "RevokeBias", Time since last: 2504453943 ns, Reaching safepoint: 180263 ns, At safepoint: 25872 ns, Total: 206135 ns
[2020-02-21T06:55:35.786+0000][1][safepoint    ] Safepoint "RevokeBias", Time since last: 2504345480 ns, Reaching safepoint: 88997 ns, At safepoint: 23620 ns, Total: 112617 ns
[2020-02-21T06:55:38.293+0000][1][safepoint    ] Safepoint "RevokeBias", Time since last: 2507167888 ns, Reaching safepoint: 71493 ns, At safepoint: 17587 ns, Total: 89080 ns
[2020-02-21T06:55:40.806+0000][1][safepoint    ] Safepoint "RevokeBias", Time since last: 2512910503 ns, Reaching safepoint: 76511 ns, At safepoint: 18626 ns, Total: 95137 ns
[2020-02-21T06:55:43.315+0000][1][safepoint    ] Safepoint "RevokeBias", Time since last: 2509300331 ns, Reaching safepoint: 84092 ns, At safepoint: 20247 ns, Total: 104339 ns
[2020-02-21T06:55:45.819+0000][1][safepoint    ] Safepoint "RevokeBias", Time since last: 2503947239 ns, Reaching safepoint: 73093 ns, At safepoint: 17863 ns, Total: 90956 ns
[2020-02-21T06:55:48.325+0000][1][safepoint    ] Safepoint "RevokeBias", Time since last: 2505680290 ns, Reaching safepoint: 89624 ns, At safepoint: 21304 ns, Total: 110928 ns
[2020-02-21T06:55:50.829+0000][1][safepoint    ] Safepoint "RevokeBias", Time since last: 2503672041 ns, Reaching safepoint: 74559 ns, At safepoint: 17645 ns, Total: 92204 ns
[2020-02-21T06:55:53.332+0000][1][safepoint    ] Safepoint "RevokeBias", Time since last: 2503047694 ns, Reaching safepoint: 74872 ns, At safepoint: 17938 ns, Total: 92810 ns
[2020-02-21T06:55:55.834+0000][1][safepoint    ] Safepoint "RevokeBias", Time since last: 2501605482 ns, Reaching safepoint: 75016 ns, At safepoint: 18890 ns, Total: 93906 ns
[2020-02-21T06:55:58.344+0000][1][safepoint    ] Safepoint "RevokeBias", Time since last: 2509874674 ns, Reaching safepoint: 72076 ns, At safepoint: 17119 ns, Total: 89195 ns
[2020-02-21T06:56:00.854+0000][1][safepoint    ] Safepoint "RevokeBias", Time since last: 2509957020 ns, Reaching safepoint: 75598 ns, At safepoint: 17880 ns, Total: 93478 ns
[2020-02-21T06:56:03.360+0000][1][safepoint    ] Safepoint "RevokeBias", Time since last: 2506189833 ns, Reaching safepoint: 76234 ns, At safepoint: 19179 ns, Total: 95413 ns
[2020-02-21T06:56:05.863+0000][1][safepoint    ] Safepoint "RevokeBias", Time since last: 2503041520 ns, Reaching safepoint: 76069 ns, At safepoint: 18577 ns, Total: 94646 ns
[2020-02-21T06:56:08.366+0000][1][safepoint    ] Safepoint "RevokeBias", Time since last: 2503052506 ns, Reaching safepoint: 75398 ns, At safepoint: 16778 ns, Total: 92176 ns
[2020-02-21T06:56:10.870+0000][1][safepoint    ] Safepoint "RevokeBias", Time since last: 2503458178 ns, Reaching safepoint: 74615 ns, At safepoint: 17372 ns, Total: 91987 ns
[2020-02-21T06:56:13.372+0000][1][safepoint    ] Safepoint "RevokeBias", Time since last: 2502362310 ns, Reaching safepoint: 75252 ns, At safepoint: 18978 ns, Total: 94230 ns
[2020-02-21T06:56:15.889+0000][1][safepoint    ] Safepoint "RevokeBias", Time since last: 2516821699 ns, Reaching safepoint: 73055 ns, At safepoint: 17494 ns, Total: 90549 ns
[2020-02-21T06:56:18.398+0000][1][safepoint    ] Safepoint "RevokeBias", Time since last: 2508716135 ns, Reaching safepoint: 73736 ns, At safepoint: 18530 ns, Total: 92266 ns
[2020-02-21T06:56:20.901+0000][1][safepoint    ] Safepoint "RevokeBias", Time since last: 2502935855 ns, Reaching safepoint: 57125 ns, At safepoint: 15685 ns, Total: 72810 ns
[2020-02-21T06:56:23.405+0000][1][safepoint    ] Safepoint "RevokeBias", Time since last: 2503717860 ns, Reaching safepoint: 141136 ns, At safepoint: 19770 ns, Total: 160906 ns
[2020-02-21T06:56:25.908+0000][1][safepoint    ] Safepoint "RevokeBias", Time since last: 2502740325 ns, Reaching safepoint: 73093 ns, At safepoint: 18158 ns, Total: 91251 ns
[2020-02-21T06:56:28.411+0000][1][safepoint    ] Safepoint "RevokeBias", Time since last: 2503370806 ns, Reaching safepoint: 76124 ns, At safepoint: 21779 ns, Total: 97903 ns
[2020-02-21T06:56:30.916+0000][1][safepoint    ] Safepoint "BulkRevokeBias", Time since last: 2504391239 ns, Reaching safepoint: 72795 ns, At safepoint: 296642 ns, Total: 369437 ns
[2020-02-21T06:56:33.435+0000][1][safepoint    ] Safepoint "RevokeBias", Time since last: 2519318286 ns, Reaching safepoint: 72505 ns, At safepoint: 17655 ns, Total: 90160 ns
[2020-02-21T06:56:35.943+0000][1][safepoint    ] Safepoint "RevokeBias", Time since last: 2507218030 ns, Reaching safepoint: 71967 ns, At safepoint: 17885 ns, Total: 89852 ns
[2020-02-21T06:56:38.447+0000][1][safepoint    ] Safepoint "RevokeBias", Time since last: 2504132550 ns, Reaching safepoint: 128792 ns, At safepoint: 32683 ns, Total: 161475 ns
[2020-02-21T06:56:40.951+0000][1][safepoint    ] Safepoint "RevokeBias", Time since last: 2503440723 ns, Reaching safepoint: 73520 ns, At safepoint: 17852 ns, Total: 91372 ns
[2020-02-21T06:56:43.455+0000][1][safepoint    ] Safepoint "RevokeBias", Time since last: 2503859850 ns, Reaching safepoint: 72630 ns, At safepoint: 17509 ns, Total: 90139 ns
[2020-02-21T06:56:45.958+0000][1][safepoint    ] Safepoint "RevokeBias", Time since last: 2503475076 ns, Reaching safepoint: 90891 ns, At safepoint: 18633 ns, Total: 109524 ns
[2020-02-21T06:56:48.464+0000][1][safepoint    ] Safepoint "RevokeBias", Time since last: 2505621049 ns, Reaching safepoint: 87609 ns, At safepoint: 20325 ns, Total: 107934 ns
[2020-02-21T06:56:50.974+0000][1][safepoint    ] Safepoint "RevokeBias", Time since last: 2509632943 ns, Reaching safepoint: 72787 ns, At safepoint: 19544 ns, Total: 92331 ns
[2020-02-21T06:56:53.484+0000][1][safepoint    ] Safepoint "RevokeBias", Time since last: 2510170686 ns, Reaching safepoint: 139088 ns, At safepoint: 35195 ns, Total: 174283 ns
[2020-02-21T06:56:55.987+0000][1][safepoint    ] Safepoint "RevokeBias", Time since last: 2503136115 ns, Reaching safepoint: 103024 ns, At safepoint: 25010 ns, Total: 128034 ns
[2020-02-21T06:56:58.491+0000][1][safepoint    ] Safepoint "RevokeBias", Time since last: 2503851294 ns, Reaching safepoint: 70072 ns, At safepoint: 17640 ns, Total: 87712 ns
[2020-02-21T06:57:00.993+0000][1][safepoint    ] Safepoint "RevokeBias", Time since last: 2501968049 ns, Reaching safepoint: 57686 ns, At safepoint: 15676 ns, Total: 73362 ns
[2020-02-21T06:57:03.499+0000][1][safepoint    ] Safepoint "RevokeBias", Time since last: 2505827245 ns, Reaching safepoint: 70646 ns, At safepoint: 16777 ns, Total: 87423 ns
[2020-02-21T06:57:06.002+0000][1][safepoint    ] Safepoint "RevokeBias", Time since last: 2503174578 ns, Reaching safepoint: 75192 ns, At safepoint: 18123 ns, Total: 93315 ns
[2020-02-21T06:57:08.524+0000][1][safepoint    ] Safepoint "RevokeBias", Time since last: 2521176124 ns, Reaching safepoint: 70053 ns, At safepoint: 17504 ns, Total: 87557 ns
[2020-02-21T06:57:11.034+0000][1][safepoint    ] Safepoint "RevokeBias", Time since last: 2510720217 ns, Reaching safepoint: 73439 ns, At safepoint: 18071 ns, Total: 91510 ns
[2020-02-21T06:57:13.539+0000][1][safepoint    ] Safepoint "RevokeBias", Time since last: 2504316356 ns, Reaching safepoint: 149455 ns, At safepoint: 57009 ns, Total: 206464 ns
[2020-02-21T06:57:16.043+0000][1][safepoint    ] Safepoint "RevokeBias", Time since last: 2503804536 ns, Reaching safepoint: 78661 ns, At safepoint: 19340 ns, Total: 98001 ns
[2020-02-21T06:57:18.549+0000][1][safepoint    ] Safepoint "RevokeBias", Time since last: 2505526266 ns, Reaching safepoint: 88994 ns, At safepoint: 107423 ns, Total: 196417 ns
[2020-02-21T06:57:21.057+0000][1][safepoint    ] Safepoint "RevokeBias", Time since last: 2508567396 ns, Reaching safepoint: 69917 ns, At safepoint: 17224 ns, Total: 87141 ns
[2020-02-21T06:57:23.570+0000][1][safepoint    ] Safepoint "RevokeBias", Time since last: 2512532398 ns, Reaching safepoint: 76080 ns, At safepoint: 18703 ns, Total: 94783 ns
[2020-02-21T06:57:26.073+0000][1][safepoint    ] Safepoint "RevokeBias", Time since last: 2503423480 ns, Reaching safepoint: 92985 ns, At safepoint: 18473 ns, Total: 111458 ns
[2020-02-21T06:57:28.576+0000][1][safepoint    ] Safepoint "RevokeBias", Time since last: 2502659106 ns, Reaching safepoint: 67011 ns, At safepoint: 18632 ns, Total: 85643 ns
[2020-02-21T06:57:31.080+0000][1][safepoint    ] Safepoint "RevokeBias", Time since last: 2503907872 ns, Reaching safepoint: 76837 ns, At safepoint: 18453 ns, Total: 95290 ns
[2020-02-21T06:57:33.586+0000][1][safepoint    ] Safepoint "RevokeBias", Time since last: 2505500893 ns, Reaching safepoint: 123114 ns, At safepoint: 20545 ns, Total: 143659 ns
[2020-02-21T06:57:36.090+0000][1][safepoint    ] Safepoint "RevokeBias", Time since last: 2504025669 ns, Reaching safepoint: 101039 ns, At safepoint: 29809 ns, Total: 130848 ns
[2020-02-21T06:57:38.606+0000][1][safepoint    ] Safepoint "RevokeBias", Time since last: 2515569286 ns, Reaching safepoint: 298429 ns, At safepoint: 70645 ns, Total: 369074 ns
[2020-02-21T06:57:41.116+0000][1][safepoint    ] Safepoint "RevokeBias", Time since last: 2509901992 ns, Reaching safepoint: 72283 ns, At safepoint: 17217 ns, Total: 89500 ns
[2020-02-21T06:57:41.583+0000][1][gc,start     ] GC(172) Pause Young (Allocation Failure)
[2020-02-21T06:57:41.583+0000][1][gc,task      ] GC(172) Using 1 workers of 1 for evacuation
[2020-02-21T06:57:41.594+0000][1][gc,age       ] GC(172) Desired survivor size 4358144 bytes, new threshold 6 (max threshold 6)
[2020-02-21T06:57:41.594+0000][1][gc,age       ] GC(172) Age table with threshold 6 (max threshold 6)
[2020-02-21T06:57:41.594+0000][1][gc,age       ] GC(172) - age   1:      13008 bytes,      13008 total
[2020-02-21T06:57:41.594+0000][1][gc,age       ] GC(172) - age   2:        328 bytes,      13336 total
[2020-02-21T06:57:41.594+0000][1][gc,heap      ] GC(172) ParNew: 68186K->17K(76672K)
[2020-02-21T06:57:41.594+0000][1][gc,heap      ] GC(172) CMS: 62623K->62624K(963392K)
[2020-02-21T06:57:41.594+0000][1][gc,metaspace ] GC(172) Metaspace: 80635K->80635K(1124352K)
[2020-02-21T06:57:41.594+0000][1][gc           ] GC(172) Pause Young (Allocation Failure) 127M->61M(1015M) 11.683ms
[2020-02-21T06:57:41.594+0000][1][gc,cpu       ] GC(172) User=0.01s Sys=0.00s Real=0.01s
[2020-02-21T06:57:41.594+0000][1][safepoint    ] Safepoint "GenCollectForAllocation", Time since last: 466751980 ns, Reaching safepoint: 84236 ns, At safepoint: 11773538 ns, Total: 11857774 ns
[2020-02-21T06:57:43.620+0000][1][safepoint    ] Safepoint "BulkRevokeBias", Time since last: 2024944175 ns, Reaching safepoint: 59895 ns, At safepoint: 213673 ns, Total: 273568 ns
[2020-02-21T06:57:46.124+0000][1][safepoint    ] Safepoint "RevokeBias", Time since last: 2504556193 ns, Reaching safepoint: 103831 ns, At safepoint: 19156 ns, Total: 122987 ns
[2020-02-21T06:57:48.628+0000][1][safepoint    ] Safepoint "RevokeBias", Time since last: 2503553292 ns, Reaching safepoint: 146650 ns, At safepoint: 19162 ns, Total: 165812 ns
[2020-02-21T06:57:51.131+0000][1][safepoint    ] Safepoint "RevokeBias", Time since last: 2502905335 ns, Reaching safepoint: 75807 ns, At safepoint: 19224 ns, Total: 95031 ns
[2020-02-21T06:57:53.635+0000][1][safepoint    ] Safepoint "RevokeBias", Time since last: 2503954491 ns, Reaching safepoint: 186148 ns, At safepoint: 42979 ns, Total: 229127 ns
[2020-02-21T06:57:56.144+0000][1][safepoint    ] Safepoint "RevokeBias", Time since last: 2508400545 ns, Reaching safepoint: 74406 ns, At safepoint: 17582 ns, Total: 91988 ns
[2020-02-21T06:57:58.651+0000][1][safepoint    ] Safepoint "RevokeBias", Time since last: 2507612506 ns, Reaching safepoint: 76982 ns, At safepoint: 18408 ns, Total: 95390 ns
[2020-02-21T06:58:01.155+0000][1][safepoint    ] Safepoint "RevokeBias", Time since last: 2503178837 ns, Reaching safepoint: 75249 ns, At safepoint: 51002 ns, Total: 126251 ns
[2020-02-21T06:58:03.661+0000][1][safepoint    ] Safepoint "RevokeBias", Time since last: 2505856877 ns, Reaching safepoint: 84322 ns, At safepoint: 21917 ns, Total: 106239 ns
[2020-02-21T06:58:06.164+0000][1][safepoint    ] Safepoint "RevokeBias", Time since last: 2503462012 ns, Reaching safepoint: 80156 ns, At safepoint: 31137 ns, Total: 111293 ns
[2020-02-21T06:58:08.671+0000][1][safepoint    ] Safepoint "RevokeBias", Time since last: 2506271198 ns, Reaching safepoint: 72406 ns, At safepoint: 16962 ns, Total: 89368 ns
[2020-02-21T06:58:11.174+0000][1][safepoint    ] Safepoint "RevokeBias", Time since last: 2502755335 ns, Reaching safepoint: 72439 ns, At safepoint: 18176 ns, Total: 90615 ns
[2020-02-21T06:58:13.690+0000][1][safepoint    ] Safepoint "RevokeBias", Time since last: 2516351233 ns, Reaching safepoint: 73768 ns, At safepoint: 18230 ns, Total: 91998 ns
[2020-02-21T06:58:16.199+0000][1][safepoint    ] Safepoint "RevokeBias", Time since last: 2508805295 ns, Reaching safepoint: 79662 ns, At safepoint: 19174 ns, Total: 98836 ns
[2020-02-21T06:58:18.702+0000][1][safepoint    ] Safepoint "RevokeBias", Time since last: 2503180969 ns, Reaching safepoint: 89828 ns, At safepoint: 21759 ns, Total: 111587 ns
[2020-02-21T06:58:21.206+0000][1][safepoint    ] Safepoint "RevokeBias", Time since last: 2503397079 ns, Reaching safepoint: 74426 ns, At safepoint: 19865 ns, Total: 94291 ns
[2020-02-21T06:58:23.712+0000][1][safepoint    ] Safepoint "RevokeBias", Time since last: 2506352761 ns, Reaching safepoint: 79694 ns, At safepoint: 20440 ns, Total: 100134 ns
[2020-02-21T06:58:26.226+0000][1][safepoint    ] Safepoint "RevokeBias", Time since last: 2513883053 ns, Reaching safepoint: 74308 ns, At safepoint: 17601 ns, Total: 91909 ns
[2020-02-21T06:58:28.741+0000][1][safepoint    ] Safepoint "RevokeBias", Time since last: 2514788313 ns, Reaching safepoint: 78277 ns, At safepoint: 20080 ns, Total: 98357 ns
[2020-02-21T06:58:31.251+0000][1][safepoint    ] Safepoint "RevokeBias", Time since last: 2510005629 ns, Reaching safepoint: 150026 ns, At safepoint: 36499 ns, Total: 186525 ns
[2020-02-21T06:58:33.757+0000][1][safepoint    ] Safepoint "RevokeBias", Time since last: 2505490597 ns, Reaching safepoint: 73438 ns, At safepoint: 18224 ns, Total: 91662 ns
[2020-02-21T06:58:36.260+0000][1][safepoint    ] Safepoint "RevokeBias", Time since last: 2503597878 ns, Reaching safepoint: 79027 ns, At safepoint: 49790 ns, Total: 128817 ns
[2020-02-21T06:58:38.767+0000][1][safepoint    ] Safepoint "RevokeBias", Time since last: 2506136957 ns, Reaching safepoint: 71535 ns, At safepoint: 18437 ns, Total: 89972 ns
[2020-02-21T06:58:41.271+0000][1][safepoint    ] Safepoint "RevokeBias", Time since last: 2503916357 ns, Reaching safepoint: 73250 ns, At safepoint: 18111 ns, Total: 91361 ns
[2020-02-21T06:58:43.785+0000][1][safepoint    ] Safepoint "RevokeBias", Time since last: 2514468248 ns, Reaching safepoint: 56745 ns, At safepoint: 16790 ns, Total: 73535 ns
[2020-02-21T06:58:46.293+0000][1][safepoint    ] Safepoint "RevokeBias", Time since last: 2507919488 ns, Reaching safepoint: 156762 ns, At safepoint: 22643 ns, Total: 179405 ns
[2020-02-21T06:58:48.798+0000][1][safepoint    ] Safepoint "RevokeBias", Time since last: 2504377326 ns, Reaching safepoint: 101696 ns, At safepoint: 24840 ns, Total: 126536 ns
[2020-02-21T06:58:51.304+0000][1][safepoint    ] Safepoint "RevokeBias", Time since last: 2505715153 ns, Reaching safepoint: 116204 ns, At safepoint: 30339 ns, Total: 146543 ns
[2020-02-21T06:58:53.810+0000][1][safepoint    ] Safepoint "RevokeBias", Time since last: 2506153911 ns, Reaching safepoint: 81825 ns, At safepoint: 21315 ns, Total: 103140 ns
[2020-02-21T06:58:56.314+0000][1][safepoint    ] Safepoint "BulkRevokeBias", Time since last: 2503434708 ns, Reaching safepoint: 169407 ns, At safepoint: 282873 ns, Total: 452280 ns
[2020-02-21T06:58:58.817+0000][1][safepoint    ] Safepoint "RevokeBias", Time since last: 2503439419 ns, Reaching safepoint: 73927 ns, At safepoint: 18296 ns, Total: 92223 ns
[2020-02-21T06:59:01.324+0000][1][safepoint    ] Safepoint "RevokeBias", Time since last: 2507010409 ns, Reaching safepoint: 72844 ns, At safepoint: 17561 ns, Total: 90405 ns
[2020-02-21T06:59:03.832+0000][1][safepoint    ] Safepoint "RevokeBias", Time since last: 2507823937 ns, Reaching safepoint: 85217 ns, At safepoint: 20608 ns, Total: 105825 ns
[2020-02-21T06:59:06.334+0000][1][safepoint    ] Safepoint "RevokeBias", Time since last: 2501640196 ns, Reaching safepoint: 73735 ns, At safepoint: 18664 ns, Total: 92399 ns
[2020-02-21T06:59:08.840+0000][1][safepoint    ] Safepoint "RevokeBias", Time since last: 2505888866 ns, Reaching safepoint: 134444 ns, At safepoint: 21964 ns, Total: 156408 ns
[2020-02-21T06:59:11.344+0000][1][safepoint    ] Safepoint "RevokeBias", Time since last: 2503677057 ns, Reaching safepoint: 74327 ns, At safepoint: 18532 ns, Total: 92859 ns
[2020-02-21T06:59:13.860+0000][1][safepoint    ] Safepoint "RevokeBias", Time since last: 2515993807 ns, Reaching safepoint: 71623 ns, At safepoint: 18662 ns, Total: 90285 ns
[2020-02-21T06:59:16.375+0000][1][safepoint    ] Safepoint "RevokeBias", Time since last: 2514389079 ns, Reaching safepoint: 71644 ns, At safepoint: 17926 ns, Total: 89570 ns
[2020-02-21T06:59:18.880+0000][1][safepoint    ] Safepoint "RevokeBias", Time since last: 2505637190 ns, Reaching safepoint: 89592 ns, At safepoint: 20488 ns, Total: 110080 ns
[2020-02-21T06:59:21.384+0000][1][safepoint    ] Safepoint "RevokeBias", Time since last: 2503714159 ns, Reaching safepoint: 112487 ns, At safepoint: 27863 ns, Total: 140350 ns
[2020-02-21T06:59:23.890+0000][1][safepoint    ] Safepoint "RevokeBias", Time since last: 2505721510 ns, Reaching safepoint: 92969 ns, At safepoint: 26409 ns, Total: 119378 ns
[2020-02-21T06:59:26.397+0000][1][safepoint    ] Safepoint "RevokeBias", Time since last: 2507221572 ns, Reaching safepoint: 112165 ns, At safepoint: 20040 ns, Total: 132205 ns
[2020-02-21T06:59:28.900+0000][1][safepoint    ] Safepoint "RevokeBias", Time since last: 2502890801 ns, Reaching safepoint: 75539 ns, At safepoint: 18411 ns, Total: 93950 ns
[2020-02-21T06:59:31.413+0000][1][safepoint    ] Safepoint "RevokeBias", Time since last: 2512254355 ns, Reaching safepoint: 78053 ns, At safepoint: 20207 ns, Total: 98260 ns
[2020-02-21T06:59:33.922+0000][1][safepoint    ] Safepoint "RevokeBias", Time since last: 2509231741 ns, Reaching safepoint: 93460 ns, At safepoint: 36203 ns, Total: 129663 ns
[2020-02-21T06:59:36.425+0000][1][safepoint    ] Safepoint "RevokeBias", Time since last: 2503211075 ns, Reaching safepoint: 74138 ns, At safepoint: 17990 ns, Total: 92128 ns
[2020-02-21T06:59:38.932+0000][1][safepoint    ] Safepoint "RevokeBias", Time since last: 2506821730 ns, Reaching safepoint: 64609 ns, At safepoint: 18888 ns, Total: 83497 ns
[2020-02-21T06:59:41.436+0000][1][safepoint    ] Safepoint "RevokeBias", Time since last: 2503467849 ns, Reaching safepoint: 145762 ns, At safepoint: 50181 ns, Total: 195943 ns
[2020-02-21T06:59:43.950+0000][1][safepoint    ] Safepoint "RevokeBias", Time since last: 2513979317 ns, Reaching safepoint: 131643 ns, At safepoint: 34293 ns, Total: 165936 ns
[2020-02-21T06:59:46.462+0000][1][safepoint    ] Safepoint "RevokeBias", Time since last: 2511387706 ns, Reaching safepoint: 124999 ns, At safepoint: 18335 ns, Total: 143334 ns
[2020-02-21T06:59:48.968+0000][1][safepoint    ] Safepoint "RevokeBias", Time since last: 2505974680 ns, Reaching safepoint: 88745 ns, At safepoint: 20445 ns, Total: 109190 ns
[2020-02-21T06:59:51.470+0000][1][safepoint    ] Safepoint "RevokeBias", Time since last: 2502286796 ns, Reaching safepoint: 56140 ns, At safepoint: 16562 ns, Total: 72702 ns
[2020-02-21T06:59:53.976+0000][1][safepoint    ] Safepoint "RevokeBias", Time since last: 2505524545 ns, Reaching safepoint: 73318 ns, At safepoint: 17287 ns, Total: 90605 ns
[2020-02-21T06:59:56.479+0000][1][safepoint    ] Safepoint "RevokeBias", Time since last: 2503435087 ns, Reaching safepoint: 77790 ns, At safepoint: 17402 ns, Total: 95192 ns
[2020-02-21T06:59:58.981+0000][1][safepoint    ] Safepoint "RevokeBias", Time since last: 2501962538 ns, Reaching safepoint: 71324 ns, At safepoint: 17895 ns, Total: 89219 ns
[2020-02-21T07:00:01.496+0000][1][safepoint    ] Safepoint "RevokeBias", Time since last: 2514866582 ns, Reaching safepoint: 74243 ns, At safepoint: 17732 ns, Total: 91975 ns
[2020-02-21T07:00:01.721+0000][1][gc,start     ] GC(173) Pause Young (Allocation Failure)
[2020-02-21T07:00:01.721+0000][1][gc,task      ] GC(173) Using 1 workers of 1 for evacuation
[2020-02-21T07:00:01.730+0000][1][gc,age       ] GC(173) Desired survivor size 4358144 bytes, new threshold 6 (max threshold 6)
[2020-02-21T07:00:01.730+0000][1][gc,age       ] GC(173) Age table with threshold 6 (max threshold 6)
[2020-02-21T07:00:01.730+0000][1][gc,age       ] GC(173) - age   1:      11816 bytes,      11816 total
[2020-02-21T07:00:01.730+0000][1][gc,age       ] GC(173) - age   3:        328 bytes,      12144 total
[2020-02-21T07:00:01.730+0000][1][gc,heap      ] GC(173) ParNew: 68177K->11K(76672K)
[2020-02-21T07:00:01.730+0000][1][gc,heap      ] GC(173) CMS: 62624K->62624K(963392K)
[2020-02-21T07:00:01.730+0000][1][gc,metaspace ] GC(173) Metaspace: 80635K->80635K(1124352K)
[2020-02-21T07:00:01.731+0000][1][gc           ] GC(173) Pause Young (Allocation Failure) 127M->61M(1015M) 9.259ms
[2020-02-21T07:00:01.731+0000][1][gc,cpu       ] GC(173) User=0.01s Sys=0.00s Real=0.01s
[2020-02-21T07:00:01.731+0000][1][safepoint    ] Safepoint "GenCollectForAllocation", Time since last: 224975453 ns, Reaching safepoint: 78983 ns, At safepoint: 9316863 ns, Total: 9395846 ns
[2020-02-21T07:00:04.006+0000][1][safepoint    ] Safepoint "RevokeBias", Time since last: 2275680459 ns, Reaching safepoint: 76119 ns, At safepoint: 17889 ns, Total: 94008 ns
[2020-02-21T07:00:06.509+0000][1][safepoint    ] Safepoint "RevokeBias", Time since last: 2502558975 ns, Reaching safepoint: 74297 ns, At safepoint: 17421 ns, Total: 91718 ns
[2020-02-21T07:00:09.014+0000][1][safepoint    ] Safepoint "BulkRevokeBias", Time since last: 2504834193 ns, Reaching safepoint: 195370 ns, At safepoint: 204991 ns, Total: 400361 ns
[2020-02-21T07:00:11.655+0000][1][safepoint    ] Safepoint "RevokeBias", Time since last: 2640839444 ns, Reaching safepoint: 72758 ns, At safepoint: 16892 ns, Total: 89650 ns
[2020-02-21T07:00:12.666+0000][1][safepoint    ] Safepoint "Cleanup", Time since last: 1010734094 ns, Reaching safepoint: 214373 ns, At safepoint: 23317 ns, Total: 237690 ns
[2020-02-21T07:00:14.163+0000][1][safepoint    ] Safepoint "RevokeBias", Time since last: 1496876935 ns, Reaching safepoint: 88223 ns, At safepoint: 22325 ns, Total: 110548 ns
[2020-02-21T07:00:16.667+0000][1][safepoint    ] Safepoint "RevokeBias", Time since last: 2504009923 ns, Reaching safepoint: 80181 ns, At safepoint: 20100 ns, Total: 100281 ns
[2020-02-21T07:00:17.669+0000][1][safepoint    ] Safepoint "Cleanup", Time since last: 1001810486 ns, Reaching safepoint: 108695 ns, At safepoint: 7993 ns, Total: 116688 ns
[2020-02-21T07:00:19.190+0000][1][safepoint    ] Safepoint "RevokeBias", Time since last: 1520609290 ns, Reaching safepoint: 70328 ns, At safepoint: 32849 ns, Total: 103177 ns
[2020-02-21T07:00:21.698+0000][1][safepoint    ] Safepoint "RevokeBias", Time since last: 2508388429 ns, Reaching safepoint: 73117 ns, At safepoint: 18601 ns, Total: 91718 ns
[2020-02-21T07:00:24.202+0000][1][safepoint    ] Safepoint "RevokeBias", Time since last: 2503366177 ns, Reaching safepoint: 75854 ns, At safepoint: 18208 ns, Total: 94062 ns
[2020-02-21T07:00:26.709+0000][1][safepoint    ] Safepoint "RevokeBias", Time since last: 2506553468 ns, Reaching safepoint: 183860 ns, At safepoint: 34745 ns, Total: 218605 ns
[2020-02-21T07:00:29.211+0000][1][safepoint    ] Safepoint "RevokeBias", Time since last: 2502129354 ns, Reaching safepoint: 70911 ns, At safepoint: 16774 ns, Total: 87685 ns
[2020-02-21T07:00:31.716+0000][1][safepoint    ] Safepoint "RevokeBias", Time since last: 2505577480 ns, Reaching safepoint: 71879 ns, At safepoint: 17350 ns, Total: 89229 ns
[2020-02-21T07:00:34.223+0000][1][safepoint    ] Safepoint "RevokeBias", Time since last: 2505851104 ns, Reaching safepoint: 86417 ns, At safepoint: 147001 ns, Total: 233418 ns
[2020-02-21T07:00:36.732+0000][1][safepoint    ] Safepoint "RevokeBias", Time since last: 2509498630 ns, Reaching safepoint: 73010 ns, At safepoint: 18104 ns, Total: 91114 ns
[2020-02-21T07:00:39.245+0000][1][safepoint    ] Safepoint "RevokeBias", Time since last: 2513030898 ns, Reaching safepoint: 77378 ns, At safepoint: 19868 ns, Total: 97246 ns
[2020-02-21T07:00:41.749+0000][1][safepoint    ] Safepoint "RevokeBias", Time since last: 2503636159 ns, Reaching safepoint: 75523 ns, At safepoint: 17950 ns, Total: 93473 ns
[2020-02-21T07:00:44.253+0000][1][safepoint    ] Safepoint "RevokeBias", Time since last: 2503703775 ns, Reaching safepoint: 151116 ns, At safepoint: 43387 ns, Total: 194503 ns
[2020-02-21T07:00:46.757+0000][1][safepoint    ] Safepoint "RevokeBias", Time since last: 2503874100 ns, Reaching safepoint: 88428 ns, At safepoint: 22186 ns, Total: 110614 ns
[2020-02-21T07:00:49.277+0000][1][safepoint    ] Safepoint "RevokeBias", Time since last: 2519624840 ns, Reaching safepoint: 86711 ns, At safepoint: 21277 ns, Total: 107988 ns
[2020-02-21T07:00:51.785+0000][1][safepoint    ] Safepoint "RevokeBias", Time since last: 2508493243 ns, Reaching safepoint: 70228 ns, At safepoint: 17545 ns, Total: 87773 ns
[2020-02-21T07:00:54.290+0000][1][safepoint    ] Safepoint "RevokeBias", Time since last: 2504709762 ns, Reaching safepoint: 267457 ns, At safepoint: 33307 ns, Total: 300764 ns
[2020-02-21T07:00:56.793+0000][1][safepoint    ] Safepoint "RevokeBias", Time since last: 2503032686 ns, Reaching safepoint: 76413 ns, At safepoint: 19118 ns, Total: 95531 ns
[2020-02-21T07:00:59.297+0000][1][safepoint    ] Safepoint "RevokeBias", Time since last: 2503388050 ns, Reaching safepoint: 72886 ns, At safepoint: 16753 ns, Total: 89639 ns
[2020-02-21T07:01:01.807+0000][1][safepoint    ] Safepoint "RevokeBias", Time since last: 2507849960 ns, Reaching safepoint: 1824454 ns, At safepoint: 52685 ns, Total: 1877139 ns
[2020-02-21T07:01:04.317+0000][1][safepoint    ] Safepoint "RevokeBias", Time since last: 2510068325 ns, Reaching safepoint: 75866 ns, At safepoint: 18794 ns, Total: 94660 ns
[2020-02-21T07:01:06.829+0000][1][safepoint    ] Safepoint "RevokeBias", Time since last: 2511884409 ns, Reaching safepoint: 75925 ns, At safepoint: 19223 ns, Total: 95148 ns
[2020-02-21T07:01:09.341+0000][1][safepoint    ] Safepoint "RevokeBias", Time since last: 2512223346 ns, Reaching safepoint: 54785 ns, At safepoint: 15484 ns, Total: 70269 ns
[2020-02-21T07:01:11.846+0000][1][safepoint    ] Safepoint "RevokeBias", Time since last: 2504677516 ns, Reaching safepoint: 73206 ns, At safepoint: 18258 ns, Total: 91464 ns
[2020-02-21T07:01:14.350+0000][1][safepoint    ] Safepoint "RevokeBias", Time since last: 2504027205 ns, Reaching safepoint: 91757 ns, At safepoint: 19150 ns, Total: 110907 ns
[2020-02-21T07:01:16.853+0000][1][safepoint    ] Safepoint "RevokeBias", Time since last: 2503083644 ns, Reaching safepoint: 75724 ns, At safepoint: 18016 ns, Total: 93740 ns
[2020-02-21T07:01:19.359+0000][1][safepoint    ] Safepoint "RevokeBias", Time since last: 2505674112 ns, Reaching safepoint: 87880 ns, At safepoint: 19783 ns, Total: 107663 ns
[2020-02-21T07:01:21.862+0000][1][safepoint    ] Safepoint "BulkRevokeBias", Time since last: 2502660291 ns, Reaching safepoint: 75464 ns, At safepoint: 348598 ns, Total: 424062 ns
[2020-02-21T07:01:24.379+0000][1][safepoint    ] Safepoint "RevokeBias", Time since last: 2517187870 ns, Reaching safepoint: 146560 ns, At safepoint: 22624 ns, Total: 169184 ns
[2020-02-21T07:01:26.888+0000][1][safepoint    ] Safepoint "RevokeBias", Time since last: 2508823249 ns, Reaching safepoint: 74448 ns, At safepoint: 17361 ns, Total: 91809 ns
[2020-02-21T07:01:29.390+0000][1][safepoint    ] Safepoint "RevokeBias", Time since last: 2502056698 ns, Reaching safepoint: 71382 ns, At safepoint: 18234 ns, Total: 89616 ns
[2020-02-21T07:01:31.892+0000][1][safepoint    ] Safepoint "RevokeBias", Time since last: 2501708883 ns, Reaching safepoint: 126659 ns, At safepoint: 45206 ns, Total: 171865 ns
[2020-02-21T07:01:34.398+0000][1][safepoint    ] Safepoint "RevokeBias", Time since last: 2505933578 ns, Reaching safepoint: 56778 ns, At safepoint: 16372 ns, Total: 73150 ns
[2020-02-21T07:01:36.902+0000][1][safepoint    ] Safepoint "RevokeBias", Time since last: 2503502631 ns, Reaching safepoint: 114779 ns, At safepoint: 18989 ns, Total: 133768 ns
[2020-02-21T07:01:39.408+0000][1][safepoint    ] Safepoint "RevokeBias", Time since last: 2505930076 ns, Reaching safepoint: 72321 ns, At safepoint: 18020 ns, Total: 90341 ns
[2020-02-21T07:01:41.919+0000][1][safepoint    ] Safepoint "RevokeBias", Time since last: 2511264564 ns, Reaching safepoint: 84877 ns, At safepoint: 17926 ns, Total: 102803 ns
[2020-02-21T07:01:44.426+0000][1][safepoint    ] Safepoint "RevokeBias", Time since last: 2507160835 ns, Reaching safepoint: 72363 ns, At safepoint: 17847 ns, Total: 90210 ns
[2020-02-21T07:01:47.041+0000][1][safepoint    ] Safepoint "RevokeBias", Time since last: 2609755846 ns, Reaching safepoint: 4451810 ns, At safepoint: 27342 ns, Total: 4479152 ns
[2020-02-21T07:01:49.545+0000][1][safepoint    ] Safepoint "RevokeBias", Time since last: 2504301558 ns, Reaching safepoint: 88394 ns, At safepoint: 109404 ns, Total: 197798 ns
[2020-02-21T07:01:52.052+0000][1][safepoint    ] Safepoint "RevokeBias", Time since last: 2506924664 ns, Reaching safepoint: 98481 ns, At safepoint: 24374 ns, Total: 122855 ns
[2020-02-21T07:01:54.560+0000][1][safepoint    ] Safepoint "RevokeBias", Time since last: 2507066630 ns, Reaching safepoint: 152424 ns, At safepoint: 22362 ns, Total: 174786 ns
[2020-02-21T07:01:57.063+0000][1][safepoint    ] Safepoint "RevokeBias", Time since last: 2503790378 ns, Reaching safepoint: 73625 ns, At safepoint: 55071 ns, Total: 128696 ns
[2020-02-21T07:01:59.573+0000][1][safepoint    ] Safepoint "RevokeBias", Time since last: 2509386750 ns, Reaching safepoint: 74588 ns, At safepoint: 17926 ns, Total: 92514 ns
[2020-02-21T07:02:02.080+0000][1][safepoint    ] Safepoint "RevokeBias", Time since last: 2507154705 ns, Reaching safepoint: 117357 ns, At safepoint: 18622 ns, Total: 135979 ns
[2020-02-21T07:02:04.584+0000][1][safepoint    ] Safepoint "RevokeBias", Time since last: 2503215798 ns, Reaching safepoint: 74153 ns, At safepoint: 19150 ns, Total: 93303 ns
[2020-02-21T07:02:07.089+0000][1][safepoint    ] Safepoint "RevokeBias", Time since last: 2505793040 ns, Reaching safepoint: 107186 ns, At safepoint: 23637 ns, Total: 130823 ns
[2020-02-21T07:02:09.593+0000][1][safepoint    ] Safepoint "RevokeBias", Time since last: 2503340273 ns, Reaching safepoint: 78548 ns, At safepoint: 19023 ns, Total: 97571 ns
[2020-02-21T07:02:12.105+0000][1][safepoint    ] Safepoint "RevokeBias", Time since last: 2512232594 ns, Reaching safepoint: 73699 ns, At safepoint: 18245 ns, Total: 91944 ns
[2020-02-21T07:02:14.612+0000][1][safepoint    ] Safepoint "RevokeBias", Time since last: 2506583367 ns, Reaching safepoint: 82972 ns, At safepoint: 21702 ns, Total: 104674 ns
[2020-02-21T07:02:17.118+0000][1][safepoint    ] Safepoint "RevokeBias", Time since last: 2506289856 ns, Reaching safepoint: 75563 ns, At safepoint: 18011 ns, Total: 93574 ns
[2020-02-21T07:02:19.622+0000][1][safepoint    ] Safepoint "RevokeBias", Time since last: 2503862496 ns, Reaching safepoint: 131102 ns, At safepoint: 32437 ns, Total: 163539 ns
[2020-02-21T07:02:22.073+0000][1][gc,start     ] GC(174) Pause Young (Allocation Failure)
[2020-02-21T07:02:22.073+0000][1][gc,task      ] GC(174) Using 1 workers of 1 for evacuation
[2020-02-21T07:02:22.085+0000][1][gc,age       ] GC(174) Desired survivor size 4358144 bytes, new threshold 6 (max threshold 6)
[2020-02-21T07:02:22.085+0000][1][gc,age       ] GC(174) Age table with threshold 6 (max threshold 6)
[2020-02-21T07:02:22.085+0000][1][gc,age       ] GC(174) - age   1:      15984 bytes,      15984 total
[2020-02-21T07:02:22.085+0000][1][gc,age       ] GC(174) - age   4:        328 bytes,      16312 total
[2020-02-21T07:02:22.085+0000][1][gc,heap      ] GC(174) ParNew: 68171K->23K(76672K)
[2020-02-21T07:02:22.085+0000][1][gc,heap      ] GC(174) CMS: 62624K->62624K(963392K)
[2020-02-21T07:02:22.085+0000][1][gc,metaspace ] GC(174) Metaspace: 80637K->80637K(1124352K)
[2020-02-21T07:02:22.085+0000][1][gc           ] GC(174) Pause Young (Allocation Failure) 127M->61M(1015M) 11.948ms
[2020-02-21T07:02:22.085+0000][1][gc,cpu       ] GC(174) User=0.01s Sys=0.00s Real=0.01s
[2020-02-21T07:02:22.085+0000][1][safepoint    ] Safepoint "GenCollectForAllocation", Time since last: 2450679153 ns, Reaching safepoint: 78239 ns, At safepoint: 12002389 ns, Total: 12080628 ns
[2020-02-21T07:02:22.127+0000][1][safepoint    ] Safepoint "RevokeBias", Time since last: 41635522 ns, Reaching safepoint: 73422 ns, At safepoint: 18481 ns, Total: 91903 ns
[2020-02-21T07:02:24.633+0000][1][safepoint    ] Safepoint "RevokeBias", Time since last: 2505721738 ns, Reaching safepoint: 108664 ns, At safepoint: 27542 ns, Total: 136206 ns
[2020-02-21T07:02:27.136+0000][1][safepoint    ] Safepoint "RevokeBias", Time since last: 2503677311 ns, Reaching safepoint: 81750 ns, At safepoint: 19051 ns, Total: 100801 ns
[2020-02-21T07:02:29.648+0000][1][safepoint    ] Safepoint "RevokeBias", Time since last: 2511290635 ns, Reaching safepoint: 132706 ns, At safepoint: 155630 ns, Total: 288336 ns
[2020-02-21T07:02:32.158+0000][1][safepoint    ] Safepoint "RevokeBias", Time since last: 2509533982 ns, Reaching safepoint: 74290 ns, At safepoint: 17628 ns, Total: 91918 ns
[2020-02-21T07:02:34.663+0000][1][safepoint    ] Safepoint "BulkRevokeBias", Time since last: 2505178604 ns, Reaching safepoint: 82805 ns, At safepoint: 318400 ns, Total: 401205 ns
[2020-02-21T07:02:37.167+0000][1][safepoint    ] Safepoint "RevokeBias", Time since last: 2503230786 ns, Reaching safepoint: 74558 ns, At safepoint: 18331 ns, Total: 92889 ns
[2020-02-21T07:02:39.673+0000][1][safepoint    ] Safepoint "RevokeBias", Time since last: 2506502070 ns, Reaching safepoint: 75249 ns, At safepoint: 18192 ns, Total: 93441 ns
[2020-02-21T07:02:42.178+0000][1][safepoint    ] Safepoint "RevokeBias", Time since last: 2505047285 ns, Reaching safepoint: 75158 ns, At safepoint: 17980 ns, Total: 93138 ns
[2020-02-21T07:02:44.683+0000][1][safepoint    ] Safepoint "RevokeBias", Time since last: 2504615375 ns, Reaching safepoint: 189321 ns, At safepoint: 22178 ns, Total: 211499 ns
[2020-02-21T07:02:47.192+0000][1][safepoint    ] Safepoint "RevokeBias", Time since last: 2508617392 ns, Reaching safepoint: 73799 ns, At safepoint: 18108 ns, Total: 91907 ns
[2020-02-21T07:02:49.702+0000][1][safepoint    ] Safepoint "RevokeBias", Time since last: 2510396270 ns, Reaching safepoint: 115246 ns, At safepoint: 28573 ns, Total: 143819 ns
[2020-02-21T07:02:52.206+0000][1][safepoint    ] Safepoint "RevokeBias", Time since last: 2503171175 ns, Reaching safepoint: 101696 ns, At safepoint: 20060 ns, Total: 121756 ns
[2020-02-21T07:02:54.710+0000][1][safepoint    ] Safepoint "RevokeBias", Time since last: 2504347328 ns, Reaching safepoint: 73720 ns, At safepoint: 17594 ns, Total: 91314 ns
[2020-02-21T07:02:57.215+0000][1][safepoint    ] Safepoint "RevokeBias", Time since last: 2504405188 ns, Reaching safepoint: 75133 ns, At safepoint: 72249 ns, Total: 147382 ns
[2020-02-21T07:02:59.726+0000][1][safepoint    ] Safepoint "RevokeBias", Time since last: 2510874807 ns, Reaching safepoint: 71808 ns, At safepoint: 17296 ns, Total: 89104 ns
[2020-02-21T07:03:02.236+0000][1][safepoint    ] Safepoint "RevokeBias", Time since last: 2510420099 ns, Reaching safepoint: 74484 ns, At safepoint: 18328 ns, Total: 92812 ns
[2020-02-21T07:03:04.759+0000][1][safepoint    ] Safepoint "RevokeBias", Time since last: 2523074646 ns, Reaching safepoint: 56527 ns, At safepoint: 15951 ns, Total: 72478 ns
[2020-02-21T07:03:07.268+0000][1][safepoint    ] Safepoint "RevokeBias", Time since last: 2508944537 ns, Reaching safepoint: 71372 ns, At safepoint: 16822 ns, Total: 88194 ns
[2020-02-21T07:03:09.773+0000][1][safepoint    ] Safepoint "RevokeBias", Time since last: 2504808208 ns, Reaching safepoint: 71764 ns, At safepoint: 17399 ns, Total: 89163 ns
[2020-02-21T07:03:12.278+0000][1][safepoint    ] Safepoint "RevokeBias", Time since last: 2505012935 ns, Reaching safepoint: 72407 ns, At safepoint: 17948 ns, Total: 90355 ns
[2020-02-21T07:03:14.782+0000][1][safepoint    ] Safepoint "RevokeBias", Time since last: 2504047607 ns, Reaching safepoint: 55629 ns, At safepoint: 16052 ns, Total: 71681 ns
[2020-02-21T07:03:17.293+0000][1][safepoint    ] Safepoint "RevokeBias", Time since last: 2510319048 ns, Reaching safepoint: 53865 ns, At safepoint: 15254 ns, Total: 69119 ns
[2020-02-21T07:03:19.803+0000][1][safepoint    ] Safepoint "RevokeBias", Time since last: 2510255584 ns, Reaching safepoint: 91245 ns, At safepoint: 21521 ns, Total: 112766 ns
[2020-02-21T07:03:22.307+0000][1][safepoint    ] Safepoint "RevokeBias", Time since last: 2503918754 ns, Reaching safepoint: 110006 ns, At safepoint: 19784 ns, Total: 129790 ns
[2020-02-21T07:03:24.814+0000][1][safepoint    ] Safepoint "RevokeBias", Time since last: 2506937264 ns, Reaching safepoint: 74572 ns, At safepoint: 18383 ns, Total: 92955 ns
[2020-02-21T07:03:27.317+0000][1][safepoint    ] Safepoint "RevokeBias", Time since last: 2502701574 ns, Reaching safepoint: 72558 ns, At safepoint: 17345 ns, Total: 89903 ns
[2020-02-21T07:03:29.820+0000][1][safepoint    ] Safepoint "RevokeBias", Time since last: 2502774833 ns, Reaching safepoint: 76318 ns, At safepoint: 18363 ns, Total: 94681 ns
[2020-02-21T07:03:32.324+0000][1][safepoint    ] Safepoint "RevokeBias", Time since last: 2504303847 ns, Reaching safepoint: 89423 ns, At safepoint: 24395 ns, Total: 113818 ns
[2020-02-21T07:03:34.845+0000][1][safepoint    ] Safepoint "RevokeBias", Time since last: 2520808211 ns, Reaching safepoint: 70807 ns, At safepoint: 16784 ns, Total: 87591 ns
[2020-02-21T07:03:37.359+0000][1][safepoint    ] Safepoint "RevokeBias", Time since last: 2513217674 ns, Reaching safepoint: 108349 ns, At safepoint: 22868 ns, Total: 131217 ns
[2020-02-21T07:03:39.865+0000][1][safepoint    ] Safepoint "RevokeBias", Time since last: 2506229311 ns, Reaching safepoint: 74398 ns, At safepoint: 18365 ns, Total: 92763 ns
[2020-02-21T07:03:42.370+0000][1][safepoint    ] Safepoint "RevokeBias", Time since last: 2504767155 ns, Reaching safepoint: 80846 ns, At safepoint: 20306 ns, Total: 101152 ns
[2020-02-21T07:03:44.874+0000][1][safepoint    ] Safepoint "RevokeBias", Time since last: 2504482932 ns, Reaching safepoint: 179729 ns, At safepoint: 48295 ns, Total: 228024 ns
[2020-02-21T07:03:47.380+0000][1][safepoint    ] Safepoint "BulkRevokeBias", Time since last: 2505085557 ns, Reaching safepoint: 78762 ns, At safepoint: 474579 ns, Total: 553341 ns
[2020-02-21T07:03:49.886+0000][1][safepoint    ] Safepoint "RevokeBias", Time since last: 2505990302 ns, Reaching safepoint: 88813 ns, At safepoint: 21774 ns, Total: 110587 ns
[2020-02-21T07:03:52.400+0000][1][safepoint    ] Safepoint "RevokeBias", Time since last: 2513428273 ns, Reaching safepoint: 56094 ns, At safepoint: 16259 ns, Total: 72353 ns
[2020-02-21T07:03:54.912+0000][1][safepoint    ] Safepoint "RevokeBias", Time since last: 2511848966 ns, Reaching safepoint: 75467 ns, At safepoint: 17813 ns, Total: 93280 ns
[2020-02-21T07:03:57.416+0000][1][safepoint    ] Safepoint "RevokeBias", Time since last: 2504453154 ns, Reaching safepoint: 148023 ns, At safepoint: 24841 ns, Total: 172864 ns
[2020-02-21T07:03:59.921+0000][1][safepoint    ] Safepoint "RevokeBias", Time since last: 2504300519 ns, Reaching safepoint: 72072 ns, At safepoint: 17264 ns, Total: 89336 ns
[2020-02-21T07:04:02.425+0000][1][safepoint    ] Safepoint "RevokeBias", Time since last: 2504034171 ns, Reaching safepoint: 74087 ns, At safepoint: 17600 ns, Total: 91687 ns
[2020-02-21T07:04:04.930+0000][1][safepoint    ] Safepoint "RevokeBias", Time since last: 2505214865 ns, Reaching safepoint: 102576 ns, At safepoint: 36180 ns, Total: 138756 ns
[2020-02-21T07:04:07.434+0000][1][safepoint    ] Safepoint "RevokeBias", Time since last: 2503729999 ns, Reaching safepoint: 75327 ns, At safepoint: 17455 ns, Total: 92782 ns
[2020-02-21T07:04:09.957+0000][1][safepoint    ] Safepoint "RevokeBias", Time since last: 2522800773 ns, Reaching safepoint: 505730 ns, At safepoint: 44031 ns, Total: 549761 ns
[2020-02-21T07:04:12.470+0000][1][safepoint    ] Safepoint "RevokeBias", Time since last: 2512404715 ns, Reaching safepoint: 76355 ns, At safepoint: 18423 ns, Total: 94778 ns
[2020-02-21T07:04:14.973+0000][1][safepoint    ] Safepoint "RevokeBias", Time since last: 2502896408 ns, Reaching safepoint: 72505 ns, At safepoint: 18593 ns, Total: 91098 ns
[2020-02-21T07:04:17.477+0000][1][safepoint    ] Safepoint "RevokeBias", Time since last: 2503985878 ns, Reaching safepoint: 137753 ns, At safepoint: 37310 ns, Total: 175063 ns
[2020-02-21T07:04:19.983+0000][1][safepoint    ] Safepoint "RevokeBias", Time since last: 2506096968 ns, Reaching safepoint: 90117 ns, At safepoint: 20996 ns, Total: 111113 ns
[2020-02-21T07:04:22.486+0000][1][safepoint    ] Safepoint "RevokeBias", Time since last: 2502504565 ns, Reaching safepoint: 53873 ns, At safepoint: 15131 ns, Total: 69004 ns
[2020-02-21T07:04:24.990+0000][1][safepoint    ] Safepoint "RevokeBias", Time since last: 2503824075 ns, Reaching safepoint: 105486 ns, At safepoint: 18197 ns, Total: 123683 ns
[2020-02-21T07:04:27.501+0000][1][safepoint    ] Safepoint "RevokeBias", Time since last: 2510989071 ns, Reaching safepoint: 54347 ns, At safepoint: 15647 ns, Total: 69994 ns
[2020-02-21T07:04:30.014+0000][1][safepoint    ] Safepoint "RevokeBias", Time since last: 2513058667 ns, Reaching safepoint: 85986 ns, At safepoint: 20723 ns, Total: 106709 ns
[2020-02-21T07:04:32.516+0000][1][safepoint    ] Safepoint "RevokeBias", Time since last: 2502361674 ns, Reaching safepoint: 71855 ns, At safepoint: 18114 ns, Total: 89969 ns
[2020-02-21T07:04:35.022+0000][1][safepoint    ] Safepoint "RevokeBias", Time since last: 2505723955 ns, Reaching safepoint: 159751 ns, At safepoint: 35042 ns, Total: 194793 ns
[2020-02-21T07:04:37.525+0000][1][safepoint    ] Safepoint "RevokeBias", Time since last: 2502846312 ns, Reaching safepoint: 71221 ns, At safepoint: 16826 ns, Total: 88047 ns
[2020-02-21T07:04:40.047+0000][1][safepoint    ] Safepoint "RevokeBias", Time since last: 2521517351 ns, Reaching safepoint: 181479 ns, At safepoint: 21033 ns, Total: 202512 ns
[2020-02-21T07:04:42.181+0000][1][gc,start     ] GC(175) Pause Young (Allocation Failure)
[2020-02-21T07:04:42.181+0000][1][gc,task      ] GC(175) Using 1 workers of 1 for evacuation
[2020-02-21T07:04:42.194+0000][1][gc,age       ] GC(175) Desired survivor size 4358144 bytes, new threshold 6 (max threshold 6)
[2020-02-21T07:04:42.194+0000][1][gc,age       ] GC(175) Age table with threshold 6 (max threshold 6)
[2020-02-21T07:04:42.194+0000][1][gc,age       ] GC(175) - age   1:      13152 bytes,      13152 total
[2020-02-21T07:04:42.194+0000][1][gc,age       ] GC(175) - age   2:       3208 bytes,      16360 total
[2020-02-21T07:04:42.194+0000][1][gc,age       ] GC(175) - age   5:         96 bytes,      16456 total
[2020-02-21T07:04:42.194+0000][1][gc,heap      ] GC(175) ParNew: 68183K->29K(76672K)
[2020-02-21T07:04:42.194+0000][1][gc,heap      ] GC(175) CMS: 62624K->62624K(963392K)
[2020-02-21T07:04:42.194+0000][1][gc,metaspace ] GC(175) Metaspace: 80637K->80637K(1124352K)
[2020-02-21T07:04:42.194+0000][1][gc           ] GC(175) Pause Young (Allocation Failure) 127M->61M(1015M) 12.831ms
[2020-02-21T07:04:42.194+0000][1][gc,cpu       ] GC(175) User=0.01s Sys=0.00s Real=0.01s
[2020-02-21T07:04:42.194+0000][1][safepoint    ] Safepoint "GenCollectForAllocation", Time since last: 2134037877 ns, Reaching safepoint: 81709 ns, At safepoint: 12939786 ns, Total: 13021495 ns
[2020-02-21T07:04:42.558+0000][1][safepoint    ] Safepoint "RevokeBias", Time since last: 363993746 ns, Reaching safepoint: 76959 ns, At safepoint: 18297 ns, Total: 95256 ns
[2020-02-21T07:04:45.062+0000][1][safepoint    ] Safepoint "RevokeBias", Time since last: 2503551742 ns, Reaching safepoint: 177253 ns, At safepoint: 30445 ns, Total: 207698 ns
[2020-02-21T07:04:47.567+0000][1][safepoint    ] Safepoint "RevokeBias", Time since last: 2505436206 ns, Reaching safepoint: 144866 ns, At safepoint: 19340 ns, Total: 164206 ns
[2020-02-21T07:04:50.073+0000][1][safepoint    ] Safepoint "RevokeBias", Time since last: 2505484825 ns, Reaching safepoint: 73008 ns, At safepoint: 18390 ns, Total: 91398 ns
[2020-02-21T07:04:52.577+0000][1][safepoint    ] Safepoint "RevokeBias", Time since last: 2503750190 ns, Reaching safepoint: 92602 ns, At safepoint: 33068 ns, Total: 125670 ns
[2020-02-21T07:04:55.083+0000][1][safepoint    ] Safepoint "RevokeBias", Time since last: 2505572474 ns, Reaching safepoint: 72670 ns, At safepoint: 18143 ns, Total: 90813 ns
[2020-02-21T07:04:57.596+0000][1][safepoint    ] Safepoint "RevokeBias", Time since last: 2513049400 ns, Reaching safepoint: 72283 ns, At safepoint: 18005 ns, Total: 90288 ns
[2020-02-21T07:05:00.103+0000][1][safepoint    ] Safepoint "BulkRevokeBias", Time since last: 2506450467 ns, Reaching safepoint: 77088 ns, At safepoint: 328888 ns, Total: 405976 ns
[2020-02-21T07:05:02.609+0000][1][safepoint    ] Safepoint "RevokeBias", Time since last: 2505886277 ns, Reaching safepoint: 55627 ns, At safepoint: 16089 ns, Total: 71716 ns
[2020-02-21T07:05:05.114+0000][1][safepoint    ] Safepoint "RevokeBias", Time since last: 2505500367 ns, Reaching safepoint: 71071 ns, At safepoint: 17249 ns, Total: 88320 ns
[2020-02-21T07:05:07.617+0000][1][safepoint    ] Safepoint "RevokeBias", Time since last: 2502352115 ns, Reaching safepoint: 118948 ns, At safepoint: 21043 ns, Total: 139991 ns
[2020-02-21T07:05:10.122+0000][1][safepoint    ] Safepoint "RevokeBias", Time since last: 2505793460 ns, Reaching safepoint: 73789 ns, At safepoint: 17401 ns, Total: 91190 ns
[2020-02-21T07:05:12.626+0000][1][safepoint    ] Safepoint "RevokeBias", Time since last: 2503022168 ns, Reaching safepoint: 71544 ns, At safepoint: 17407 ns, Total: 88951 ns
[2020-02-21T07:05:15.137+0000][1][safepoint    ] Safepoint "RevokeBias", Time since last: 2511253737 ns, Reaching safepoint: 87947 ns, At safepoint: 20731 ns, Total: 108678 ns
[2020-02-21T07:05:17.647+0000][1][safepoint    ] Safepoint "RevokeBias", Time since last: 2509710718 ns, Reaching safepoint: 70874 ns, At safepoint: 17326 ns, Total: 88200 ns
[2020-02-21T07:05:20.154+0000][1][safepoint    ] Safepoint "RevokeBias", Time since last: 2506796355 ns, Reaching safepoint: 108030 ns, At safepoint: 27525 ns, Total: 135555 ns
[2020-02-21T07:05:22.657+0000][1][safepoint    ] Safepoint "RevokeBias", Time since last: 2502919409 ns, Reaching safepoint: 177568 ns, At safepoint: 20001 ns, Total: 197569 ns
[2020-02-21T07:05:25.161+0000][1][safepoint    ] Safepoint "RevokeBias", Time since last: 2504471640 ns, Reaching safepoint: 71547 ns, At safepoint: 17155 ns, Total: 88702 ns
[2020-02-21T07:05:27.663+0000][1][safepoint    ] Safepoint "RevokeBias", Time since last: 2501814826 ns, Reaching safepoint: 123784 ns, At safepoint: 19507 ns, Total: 143291 ns
[2020-02-21T07:05:30.166+0000][1][safepoint    ] Safepoint "RevokeBias", Time since last: 2502553679 ns, Reaching safepoint: 78796 ns, At safepoint: 19343 ns, Total: 98139 ns
[2020-02-21T07:05:32.677+0000][1][safepoint    ] Safepoint "RevokeBias", Time since last: 2510937231 ns, Reaching safepoint: 155712 ns, At safepoint: 18131 ns, Total: 173843 ns
[2020-02-21T07:05:35.194+0000][1][safepoint    ] Safepoint "RevokeBias", Time since last: 2517130957 ns, Reaching safepoint: 74129 ns, At safepoint: 18326 ns, Total: 92455 ns
[2020-02-21T07:05:37.698+0000][1][safepoint    ] Safepoint "RevokeBias", Time since last: 2503459008 ns, Reaching safepoint: 143132 ns, At safepoint: 18920 ns, Total: 162052 ns
[2020-02-21T07:05:40.204+0000][1][safepoint    ] Safepoint "RevokeBias", Time since last: 2505628674 ns, Reaching safepoint: 75194 ns, At safepoint: 18090 ns, Total: 93284 ns
[2020-02-21T07:05:42.709+0000][1][safepoint    ] Safepoint "RevokeBias", Time since last: 2505606260 ns, Reaching safepoint: 72733 ns, At safepoint: 18069 ns, Total: 90802 ns
[2020-02-21T07:05:45.212+0000][1][safepoint    ] Safepoint "RevokeBias", Time since last: 2502373297 ns, Reaching safepoint: 87627 ns, At safepoint: 21223 ns, Total: 108850 ns
[2020-02-21T07:05:47.715+0000][1][safepoint    ] Safepoint "RevokeBias", Time since last: 2503400239 ns, Reaching safepoint: 71304 ns, At safepoint: 17519 ns, Total: 88823 ns
[2020-02-21T07:05:50.229+0000][1][safepoint    ] Safepoint "RevokeBias", Time since last: 2513722855 ns, Reaching safepoint: 71311 ns, At safepoint: 16724 ns, Total: 88035 ns
[2020-02-21T07:05:52.735+0000][1][safepoint    ] Safepoint "RevokeBias", Time since last: 2505934549 ns, Reaching safepoint: 138558 ns, At safepoint: 21368 ns, Total: 159926 ns
[2020-02-21T07:05:55.240+0000][1][safepoint    ] Safepoint "RevokeBias", Time since last: 2504935993 ns, Reaching safepoint: 85906 ns, At safepoint: 19694 ns, Total: 105600 ns
[2020-02-21T07:05:57.743+0000][1][safepoint    ] Safepoint "RevokeBias", Time since last: 2502543256 ns, Reaching safepoint: 56900 ns, At safepoint: 16344 ns, Total: 73244 ns
[2020-02-21T07:06:00.247+0000][1][safepoint    ] Safepoint "RevokeBias", Time since last: 2504125025 ns, Reaching safepoint: 89708 ns, At safepoint: 17944 ns, Total: 107652 ns
[2020-02-21T07:06:02.762+0000][1][safepoint    ] Safepoint "RevokeBias", Time since last: 2514924906 ns, Reaching safepoint: 70956 ns, At safepoint: 17321 ns, Total: 88277 ns
[2020-02-21T07:06:05.277+0000][1][safepoint    ] Safepoint "RevokeBias", Time since last: 2514443998 ns, Reaching safepoint: 145274 ns, At safepoint: 35137 ns, Total: 180411 ns
[2020-02-21T07:06:07.793+0000][1][safepoint    ] Safepoint "RevokeBias", Time since last: 2516052597 ns, Reaching safepoint: 140953 ns, At safepoint: 18378 ns, Total: 159331 ns
[2020-02-21T07:06:10.303+0000][1][safepoint    ] Safepoint "RevokeBias", Time since last: 2509803524 ns, Reaching safepoint: 76527 ns, At safepoint: 17747 ns, Total: 94274 ns
[2020-02-21T07:06:12.809+0000][1][safepoint    ] Safepoint "BulkRevokeBias", Time since last: 2506322254 ns, Reaching safepoint: 75335 ns, At safepoint: 190459 ns, Total: 265794 ns
[2020-02-21T07:06:15.313+0000][1][safepoint    ] Safepoint "RevokeBias", Time since last: 2502990087 ns, Reaching safepoint: 56196 ns, At safepoint: 15939 ns, Total: 72135 ns
[2020-02-21T07:06:17.817+0000][1][safepoint    ] Safepoint "RevokeBias", Time since last: 2503905271 ns, Reaching safepoint: 129720 ns, At safepoint: 22583 ns, Total: 152303 ns
[2020-02-21T07:06:20.333+0000][1][safepoint    ] Safepoint "RevokeBias", Time since last: 2516653137 ns, Reaching safepoint: 70733 ns, At safepoint: 17649 ns, Total: 88382 ns
[2020-02-21T07:06:22.839+0000][1][safepoint    ] Safepoint "RevokeBias", Time since last: 2505598024 ns, Reaching safepoint: 71487 ns, At safepoint: 17432 ns, Total: 88919 ns
[2020-02-21T07:06:25.353+0000][1][safepoint    ] Safepoint "RevokeBias", Time since last: 2513826153 ns, Reaching safepoint: 70636 ns, At safepoint: 17371 ns, Total: 88007 ns
[2020-02-21T07:06:27.867+0000][1][safepoint    ] Safepoint "RevokeBias", Time since last: 2514401605 ns, Reaching safepoint: 98293 ns, At safepoint: 17958 ns, Total: 116251 ns
[2020-02-21T07:06:30.371+0000][1][safepoint    ] Safepoint "RevokeBias", Time since last: 2503399475 ns, Reaching safepoint: 70629 ns, At safepoint: 17070 ns, Total: 87699 ns
[2020-02-21T07:06:32.874+0000][1][safepoint    ] Safepoint "RevokeBias", Time since last: 2503174575 ns, Reaching safepoint: 72454 ns, At safepoint: 17523 ns, Total: 89977 ns
[2020-02-21T07:06:35.380+0000][1][safepoint    ] Safepoint "RevokeBias", Time since last: 2505493581 ns, Reaching safepoint: 192984 ns, At safepoint: 25417 ns, Total: 218401 ns
[2020-02-21T07:06:37.888+0000][1][safepoint    ] Safepoint "RevokeBias", Time since last: 2508189828 ns, Reaching safepoint: 73544 ns, At safepoint: 18688 ns, Total: 92232 ns
[2020-02-21T07:06:40.405+0000][1][safepoint    ] Safepoint "RevokeBias", Time since last: 2516568435 ns, Reaching safepoint: 72387 ns, At safepoint: 32154 ns, Total: 104541 ns
[2020-02-21T07:06:42.926+0000][1][safepoint    ] Safepoint "RevokeBias", Time since last: 2521068231 ns, Reaching safepoint: 72785 ns, At safepoint: 17397 ns, Total: 90182 ns
[2020-02-21T07:06:45.430+0000][1][safepoint    ] Safepoint "RevokeBias", Time since last: 2503404710 ns, Reaching safepoint: 117662 ns, At safepoint: 34585 ns, Total: 152247 ns
[2020-02-21T07:06:47.934+0000][1][safepoint    ] Safepoint "RevokeBias", Time since last: 2504060057 ns, Reaching safepoint: 81434 ns, At safepoint: 21541 ns, Total: 102975 ns
[2020-02-21T07:06:50.441+0000][1][safepoint    ] Safepoint "RevokeBias", Time since last: 2506909466 ns, Reaching safepoint: 112797 ns, At safepoint: 21834 ns, Total: 134631 ns
[2020-02-21T07:06:52.943+0000][1][safepoint    ] Safepoint "RevokeBias", Time since last: 2502617510 ns, Reaching safepoint: 72684 ns, At safepoint: 16950 ns, Total: 89634 ns
[2020-02-21T07:06:55.464+0000][1][safepoint    ] Safepoint "RevokeBias", Time since last: 2520133087 ns, Reaching safepoint: 70897 ns, At safepoint: 17269 ns, Total: 88166 ns
[2020-02-21T07:06:57.977+0000][1][safepoint    ] Safepoint "RevokeBias", Time since last: 2512999778 ns, Reaching safepoint: 71135 ns, At safepoint: 17201 ns, Total: 88336 ns
[2020-02-21T07:07:00.481+0000][1][safepoint    ] Safepoint "RevokeBias", Time since last: 2503780197 ns, Reaching safepoint: 107829 ns, At safepoint: 21927 ns, Total: 129756 ns
[2020-02-21T07:07:02.294+0000][1][gc,start     ] GC(176) Pause Young (Allocation Failure)
[2020-02-21T07:07:02.294+0000][1][gc,task      ] GC(176) Using 1 workers of 1 for evacuation
[2020-02-21T07:07:02.303+0000][1][gc,age       ] GC(176) Desired survivor size 4358144 bytes, new threshold 6 (max threshold 6)
[2020-02-21T07:07:02.303+0000][1][gc,age       ] GC(176) Age table with threshold 6 (max threshold 6)
[2020-02-21T07:07:02.303+0000][1][gc,age       ] GC(176) - age   1:      12976 bytes,      12976 total
[2020-02-21T07:07:02.303+0000][1][gc,age       ] GC(176) - age   2:        384 bytes,      13360 total
[2020-02-21T07:07:02.303+0000][1][gc,age       ] GC(176) - age   3:       2968 bytes,      16328 total
[2020-02-21T07:07:02.303+0000][1][gc,age       ] GC(176) - age   6:         96 bytes,      16424 total
[2020-02-21T07:07:02.303+0000][1][gc,heap      ] GC(176) ParNew: 68189K->19K(76672K)
[2020-02-21T07:07:02.303+0000][1][gc,heap      ] GC(176) CMS: 62624K->62624K(963392K)
[2020-02-21T07:07:02.303+0000][1][gc,metaspace ] GC(176) Metaspace: 80637K->80637K(1124352K)
[2020-02-21T07:07:02.303+0000][1][gc           ] GC(176) Pause Young (Allocation Failure) 127M->61M(1015M) 8.825ms
[2020-02-21T07:07:02.303+0000][1][gc,cpu       ] GC(176) User=0.01s Sys=0.00s Real=0.01s
[2020-02-21T07:07:02.303+0000][1][safepoint    ] Safepoint "GenCollectForAllocation", Time since last: 1813538684 ns, Reaching safepoint: 77348 ns, At safepoint: 8871732 ns, Total: 8949080 ns
[2020-02-21T07:07:02.984+0000][1][safepoint    ] Safepoint "RevokeBias", Time since last: 680726010 ns, Reaching safepoint: 73572 ns, At safepoint: 17680 ns, Total: 91252 ns
[2020-02-21T07:07:05.488+0000][1][safepoint    ] Safepoint "RevokeBias", Time since last: 2503618244 ns, Reaching safepoint: 100399 ns, At safepoint: 24047 ns, Total: 124446 ns
[2020-02-21T07:07:07.992+0000][1][safepoint    ] Safepoint "RevokeBias", Time since last: 2503704245 ns, Reaching safepoint: 80861 ns, At safepoint: 17348 ns, Total: 98209 ns
[2020-02-21T07:07:10.495+0000][1][safepoint    ] Safepoint "RevokeBias", Time since last: 2503756533 ns, Reaching safepoint: 73243 ns, At safepoint: 18638 ns, Total: 91881 ns
[2020-02-21T07:07:13.010+0000][1][safepoint    ] Safepoint "RevokeBias", Time since last: 2514043033 ns, Reaching safepoint: 73169 ns, At safepoint: 17929 ns, Total: 91098 ns
[2020-02-21T07:07:15.521+0000][1][safepoint    ] Safepoint "RevokeBias", Time since last: 2511025596 ns, Reaching safepoint: 87389 ns, At safepoint: 21008 ns, Total: 108397 ns
[2020-02-21T07:07:18.028+0000][1][safepoint    ] Safepoint "RevokeBias", Time since last: 2507038197 ns, Reaching safepoint: 115016 ns, At safepoint: 29802 ns, Total: 144818 ns
[2020-02-21T07:07:20.532+0000][1][safepoint    ] Safepoint "RevokeBias", Time since last: 2504284948 ns, Reaching safepoint: 84716 ns, At safepoint: 20714 ns, Total: 105430 ns
[2020-02-21T07:07:23.036+0000][1][safepoint    ] Safepoint "RevokeBias", Time since last: 2504024788 ns, Reaching safepoint: 82744 ns, At safepoint: 21695 ns, Total: 104439 ns
[2020-02-21T07:07:25.543+0000][1][safepoint    ] Safepoint "BulkRevokeBias", Time since last: 2506255973 ns, Reaching safepoint: 110523 ns, At safepoint: 179680 ns, Total: 290203 ns
[2020-02-21T07:07:28.045+0000][1][safepoint    ] Safepoint "RevokeBias", Time since last: 2502210203 ns, Reaching safepoint: 78025 ns, At safepoint: 18790 ns, Total: 96815 ns
[2020-02-21T07:07:30.565+0000][1][safepoint    ] Safepoint "RevokeBias", Time since last: 2519591779 ns, Reaching safepoint: 112528 ns, At safepoint: 18250 ns, Total: 130778 ns
[2020-02-21T07:07:33.075+0000][1][safepoint    ] Safepoint "RevokeBias", Time since last: 2509828089 ns, Reaching safepoint: 73652 ns, At safepoint: 18311 ns, Total: 91963 ns
[2020-02-21T07:07:35.581+0000][1][safepoint    ] Safepoint "RevokeBias", Time since last: 2505746034 ns, Reaching safepoint: 79599 ns, At safepoint: 17493 ns, Total: 97092 ns
[2020-02-21T07:07:38.085+0000][1][safepoint    ] Safepoint "RevokeBias", Time since last: 2504245066 ns, Reaching safepoint: 73221 ns, At safepoint: 18354 ns, Total: 91575 ns
[2020-02-21T07:07:40.591+0000][1][safepoint    ] Safepoint "RevokeBias", Time since last: 2506168493 ns, Reaching safepoint: 71008 ns, At safepoint: 17049 ns, Total: 88057 ns
[2020-02-21T07:07:43.108+0000][1][safepoint    ] Safepoint "RevokeBias", Time since last: 2516941812 ns, Reaching safepoint: 70389 ns, At safepoint: 16938 ns, Total: 87327 ns
[2020-02-21T07:07:45.621+0000][1][safepoint    ] Safepoint "RevokeBias", Time since last: 2512384098 ns, Reaching safepoint: 89320 ns, At safepoint: 20286 ns, Total: 109606 ns
[2020-02-21T07:07:48.132+0000][1][safepoint    ] Safepoint "RevokeBias", Time since last: 2510682455 ns, Reaching safepoint: 71615 ns, At safepoint: 17824 ns, Total: 89439 ns
[2020-02-21T07:07:50.642+0000][1][safepoint    ] Safepoint "RevokeBias", Time since last: 2510385648 ns, Reaching safepoint: 107511 ns, At safepoint: 17990 ns, Total: 125501 ns
[2020-02-21T07:07:53.145+0000][1][safepoint    ] Safepoint "RevokeBias", Time since last: 2502522663 ns, Reaching safepoint: 71829 ns, At safepoint: 18889 ns, Total: 90718 ns
[2020-02-21T07:07:55.649+0000][1][safepoint    ] Safepoint "RevokeBias", Time since last: 2504273534 ns, Reaching safepoint: 77915 ns, At safepoint: 19245 ns, Total: 97160 ns
[2020-02-21T07:07:58.152+0000][1][safepoint    ] Safepoint "RevokeBias", Time since last: 2502345027 ns, Reaching safepoint: 72809 ns, At safepoint: 18152 ns, Total: 90961 ns
[2020-02-21T07:08:00.669+0000][1][safepoint    ] Safepoint "RevokeBias", Time since last: 2517738469 ns, Reaching safepoint: 85590 ns, At safepoint: 17514 ns, Total: 103104 ns
[2020-02-21T07:08:03.179+0000][1][safepoint    ] Safepoint "RevokeBias", Time since last: 2509800900 ns, Reaching safepoint: 102134 ns, At safepoint: 32203 ns, Total: 134337 ns
[2020-02-21T07:08:05.683+0000][1][safepoint    ] Safepoint "RevokeBias", Time since last: 2503887458 ns, Reaching safepoint: 73904 ns, At safepoint: 31177 ns, Total: 105081 ns
[2020-02-21T07:08:08.187+0000][1][safepoint    ] Safepoint "RevokeBias", Time since last: 2503329970 ns, Reaching safepoint: 73104 ns, At safepoint: 17666 ns, Total: 90770 ns
[2020-02-21T07:08:10.701+0000][1][safepoint    ] Safepoint "RevokeBias", Time since last: 2514383574 ns, Reaching safepoint: 106432 ns, At safepoint: 21380 ns, Total: 127812 ns
[2020-02-21T07:08:13.212+0000][1][safepoint    ] Safepoint "RevokeBias", Time since last: 2510906663 ns, Reaching safepoint: 109366 ns, At safepoint: 19559 ns, Total: 128925 ns
[2020-02-21T07:08:15.715+0000][1][safepoint    ] Safepoint "RevokeBias", Time since last: 2502584672 ns, Reaching safepoint: 158858 ns, At safepoint: 27776 ns, Total: 186634 ns
[2020-02-21T07:08:18.232+0000][1][safepoint    ] Safepoint "RevokeBias", Time since last: 2516827404 ns, Reaching safepoint: 88097 ns, At safepoint: 22727 ns, Total: 110824 ns
[2020-02-21T07:08:20.749+0000][1][safepoint    ] Safepoint "RevokeBias", Time since last: 2516699565 ns, Reaching safepoint: 169545 ns, At safepoint: 52465 ns, Total: 222010 ns
[2020-02-21T07:08:23.252+0000][1][safepoint    ] Safepoint "RevokeBias", Time since last: 2503065254 ns, Reaching safepoint: 73986 ns, At safepoint: 17951 ns, Total: 91937 ns
[2020-02-21T07:08:25.756+0000][1][safepoint    ] Safepoint "RevokeBias", Time since last: 2504164064 ns, Reaching safepoint: 89611 ns, At safepoint: 23615 ns, Total: 113226 ns
[2020-02-21T07:08:28.261+0000][1][safepoint    ] Safepoint "RevokeBias", Time since last: 2504216106 ns, Reaching safepoint: 74732 ns, At safepoint: 17863 ns, Total: 92595 ns
[2020-02-21T07:08:30.764+0000][1][safepoint    ] Safepoint "RevokeBias", Time since last: 2503021803 ns, Reaching safepoint: 76006 ns, At safepoint: 19114 ns, Total: 95120 ns
[2020-02-21T07:08:33.267+0000][1][safepoint    ] Safepoint "RevokeBias", Time since last: 2503391990 ns, Reaching safepoint: 177505 ns, At safepoint: 39844 ns, Total: 217349 ns
[2020-02-21T07:08:35.783+0000][1][safepoint    ] Safepoint "RevokeBias", Time since last: 2515394260 ns, Reaching safepoint: 72382 ns, At safepoint: 17195 ns, Total: 89577 ns
[2020-02-21T07:08:38.293+0000][1][safepoint    ] Safepoint "BulkRevokeBias", Time since last: 2509875385 ns, Reaching safepoint: 168493 ns, At safepoint: 186066 ns, Total: 354559 ns
[2020-02-21T07:08:40.799+0000][1][safepoint    ] Safepoint "RevokeBias", Time since last: 2505418985 ns, Reaching safepoint: 75708 ns, At safepoint: 17958 ns, Total: 93666 ns
[2020-02-21T07:08:43.304+0000][1][safepoint    ] Safepoint "RevokeBias", Time since last: 2505122920 ns, Reaching safepoint: 70913 ns, At safepoint: 17200 ns, Total: 88113 ns
[2020-02-21T07:08:45.807+0000][1][safepoint    ] Safepoint "RevokeBias", Time since last: 2503027492 ns, Reaching safepoint: 73078 ns, At safepoint: 17167 ns, Total: 90245 ns
[2020-02-21T07:08:48.312+0000][1][safepoint    ] Safepoint "RevokeBias", Time since last: 2504593857 ns, Reaching safepoint: 73020 ns, At safepoint: 17545 ns, Total: 90565 ns
[2020-02-21T07:08:50.817+0000][1][safepoint    ] Safepoint "RevokeBias", Time since last: 2504815714 ns, Reaching safepoint: 88752 ns, At safepoint: 20617 ns, Total: 109369 ns
[2020-02-21T07:08:53.334+0000][1][safepoint    ] Safepoint "RevokeBias", Time since last: 2517054002 ns, Reaching safepoint: 186005 ns, At safepoint: 92207 ns, Total: 278212 ns
[2020-02-21T07:08:55.845+0000][1][safepoint    ] Safepoint "RevokeBias", Time since last: 2510652290 ns, Reaching safepoint: 71218 ns, At safepoint: 35551 ns, Total: 106769 ns
[2020-02-21T07:08:58.349+0000][1][safepoint    ] Safepoint "RevokeBias", Time since last: 2503940334 ns, Reaching safepoint: 83504 ns, At safepoint: 19959 ns, Total: 103463 ns
[2020-02-21T07:09:00.852+0000][1][safepoint    ] Safepoint "RevokeBias", Time since last: 2502861636 ns, Reaching safepoint: 70473 ns, At safepoint: 17181 ns, Total: 87654 ns
[2020-02-21T07:09:03.357+0000][1][safepoint    ] Safepoint "RevokeBias", Time since last: 2505622679 ns, Reaching safepoint: 89536 ns, At safepoint: 19140 ns, Total: 108676 ns
[2020-02-21T07:09:05.862+0000][1][safepoint    ] Safepoint "RevokeBias", Time since last: 2505044666 ns, Reaching safepoint: 74763 ns, At safepoint: 18286 ns, Total: 93049 ns
[2020-02-21T07:09:08.363+0000][1][safepoint    ] Safepoint "RevokeBias", Time since last: 2500836180 ns, Reaching safepoint: 74208 ns, At safepoint: 17551 ns, Total: 91759 ns
[2020-02-21T07:09:10.878+0000][1][safepoint    ] Safepoint "RevokeBias", Time since last: 2514790810 ns, Reaching safepoint: 71626 ns, At safepoint: 16952 ns, Total: 88578 ns
[2020-02-21T07:09:13.390+0000][1][safepoint    ] Safepoint "RevokeBias", Time since last: 2511141513 ns, Reaching safepoint: 83616 ns, At safepoint: 20736 ns, Total: 104352 ns
[2020-02-21T07:09:15.893+0000][1][safepoint    ] Safepoint "RevokeBias", Time since last: 2503756723 ns, Reaching safepoint: 119496 ns, At safepoint: 22255 ns, Total: 141751 ns
[2020-02-21T07:09:18.397+0000][1][safepoint    ] Safepoint "RevokeBias", Time since last: 2503310383 ns, Reaching safepoint: 86311 ns, At safepoint: 21774 ns, Total: 108085 ns
[2020-02-21T07:09:20.903+0000][1][safepoint    ] Safepoint "RevokeBias", Time since last: 2505669193 ns, Reaching safepoint: 93304 ns, At safepoint: 22357 ns, Total: 115661 ns
[2020-02-21T07:09:23.405+0000][1][gc,start     ] GC(177) Pause Young (Allocation Failure)
[2020-02-21T07:09:23.406+0000][1][gc,task      ] GC(177) Using 1 workers of 1 for evacuation
[2020-02-21T07:09:23.417+0000][1][gc,age       ] GC(177) Desired survivor size 4358144 bytes, new threshold 6 (max threshold 6)
[2020-02-21T07:09:23.417+0000][1][gc,age       ] GC(177) Age table with threshold 6 (max threshold 6)
[2020-02-21T07:09:23.417+0000][1][gc,age       ] GC(177) - age   1:      24472 bytes,      24472 total
[2020-02-21T07:09:23.417+0000][1][gc,age       ] GC(177) - age   3:        384 bytes,      24856 total
[2020-02-21T07:09:23.417+0000][1][gc,age       ] GC(177) - age   4:       2968 bytes,      27824 total
[2020-02-21T07:09:23.417+0000][1][gc,heap      ] GC(177) ParNew: 68179K->28K(76672K)
[2020-02-21T07:09:23.417+0000][1][gc,heap      ] GC(177) CMS: 62624K->62624K(963392K)
[2020-02-21T07:09:23.417+0000][1][gc,metaspace ] GC(177) Metaspace: 80637K->80637K(1124352K)
[2020-02-21T07:09:23.417+0000][1][gc           ] GC(177) Pause Young (Allocation Failure) 127M->61M(1015M) 11.169ms
[2020-02-21T07:09:23.417+0000][1][gc,cpu       ] GC(177) User=0.01s Sys=0.00s Real=0.01s
[2020-02-21T07:09:23.417+0000][1][safepoint    ] Safepoint "GenCollectForAllocation", Time since last: 2502567129 ns, Reaching safepoint: 220116 ns, At safepoint: 11269424 ns, Total: 11489540 ns
[2020-02-21T07:09:23.417+0000][1][safepoint    ] Safepoint "RevokeBias", Time since last: 719771 ns, Reaching safepoint: 64822 ns, At safepoint: 16370 ns, Total: 81192 ns
[2020-02-21T07:09:25.924+0000][1][safepoint    ] Safepoint "RevokeBias", Time since last: 2506114207 ns, Reaching safepoint: 74267 ns, At safepoint: 17847 ns, Total: 92114 ns
[2020-02-21T07:09:28.431+0000][1][safepoint    ] Safepoint "RevokeBias", Time since last: 2507054481 ns, Reaching safepoint: 71945 ns, At safepoint: 17852 ns, Total: 89797 ns
[2020-02-21T07:09:30.938+0000][1][safepoint    ] Safepoint "RevokeBias", Time since last: 2507376457 ns, Reaching safepoint: 72092 ns, At safepoint: 17005 ns, Total: 89097 ns
[2020-02-21T07:09:33.443+0000][1][safepoint    ] Safepoint "RevokeBias", Time since last: 2505000187 ns, Reaching safepoint: 73545 ns, At safepoint: 17545 ns, Total: 91090 ns
[2020-02-21T07:09:35.949+0000][1][safepoint    ] Safepoint "RevokeBias", Time since last: 2505260285 ns, Reaching safepoint: 108083 ns, At safepoint: 19007 ns, Total: 127090 ns
[2020-02-21T07:09:38.451+0000][1][safepoint    ] Safepoint "RevokeBias", Time since last: 2501675726 ns, Reaching safepoint: 73956 ns, At safepoint: 18285 ns, Total: 92241 ns
[2020-02-21T07:09:40.955+0000][1][safepoint    ] Safepoint "RevokeBias", Time since last: 2504092295 ns, Reaching safepoint: 73529 ns, At safepoint: 18341 ns, Total: 91870 ns
[2020-02-21T07:09:43.459+0000][1][safepoint    ] Safepoint "RevokeBias", Time since last: 2504129516 ns, Reaching safepoint: 72599 ns, At safepoint: 17497 ns, Total: 90096 ns
[2020-02-21T07:09:45.973+0000][1][safepoint    ] Safepoint "RevokeBias", Time since last: 2513402100 ns, Reaching safepoint: 148967 ns, At safepoint: 21023 ns, Total: 169990 ns
[2020-02-21T07:09:48.484+0000][1][safepoint    ] Safepoint "RevokeBias", Time since last: 2511228446 ns, Reaching safepoint: 91103 ns, At safepoint: 21287 ns, Total: 112390 ns
[2020-02-21T07:09:50.989+0000][1][safepoint    ] Safepoint "BulkRevokeBias", Time since last: 2504789952 ns, Reaching safepoint: 80476 ns, At safepoint: 252863 ns, Total: 333339 ns
[2020-02-21T07:09:53.492+0000][1][safepoint    ] Safepoint "RevokeBias", Time since last: 2502591192 ns, Reaching safepoint: 72726 ns, At safepoint: 18095 ns, Total: 90821 ns
[2020-02-21T07:09:55.998+0000][1][safepoint    ] Safepoint "RevokeBias", Time since last: 2505761073 ns, Reaching safepoint: 86224 ns, At safepoint: 19798 ns, Total: 106022 ns
[2020-02-21T07:09:58.517+0000][1][safepoint    ] Safepoint "RevokeBias", Time since last: 2519349610 ns, Reaching safepoint: 87029 ns, At safepoint: 19940 ns, Total: 106969 ns
[2020-02-21T07:10:01.026+0000][1][safepoint    ] Safepoint "RevokeBias", Time since last: 2509148643 ns, Reaching safepoint: 123404 ns, At safepoint: 36665 ns, Total: 160069 ns
[2020-02-21T07:10:03.533+0000][1][safepoint    ] Safepoint "RevokeBias", Time since last: 2506293216 ns, Reaching safepoint: 186362 ns, At safepoint: 20932 ns, Total: 207294 ns
[2020-02-21T07:10:06.038+0000][1][safepoint    ] Safepoint "RevokeBias", Time since last: 2505517621 ns, Reaching safepoint: 71049 ns, At safepoint: 18314 ns, Total: 89363 ns
[2020-02-21T07:10:08.542+0000][1][safepoint    ] Safepoint "RevokeBias", Time since last: 2503182610 ns, Reaching safepoint: 89130 ns, At safepoint: 20983 ns, Total: 110113 ns
[2020-02-21T07:10:11.046+0000][1][safepoint    ] Safepoint "RevokeBias", Time since last: 2504084622 ns, Reaching safepoint: 74484 ns, At safepoint: 18537 ns, Total: 93021 ns
[2020-02-21T07:10:13.550+0000][1][safepoint    ] Safepoint "RevokeBias", Time since last: 2504405816 ns, Reaching safepoint: 72579 ns, At safepoint: 17232 ns, Total: 89811 ns
[2020-02-21T07:10:16.069+0000][1][safepoint    ] Safepoint "RevokeBias", Time since last: 2518411887 ns, Reaching safepoint: 126945 ns, At safepoint: 18251 ns, Total: 145196 ns
[2020-02-21T07:10:18.579+0000][1][safepoint    ] Safepoint "RevokeBias", Time since last: 2509519080 ns, Reaching safepoint: 70613 ns, At safepoint: 17179 ns, Total: 87792 ns
[2020-02-21T07:10:21.084+0000][1][safepoint    ] Safepoint "RevokeBias", Time since last: 2505462178 ns, Reaching safepoint: 85435 ns, At safepoint: 20852 ns, Total: 106287 ns
[2020-02-21T07:10:23.588+0000][1][safepoint    ] Safepoint "RevokeBias", Time since last: 2503531812 ns, Reaching safepoint: 73279 ns, At safepoint: 18155 ns, Total: 91434 ns
[2020-02-21T07:10:26.092+0000][1][safepoint    ] Safepoint "RevokeBias", Time since last: 2503995973 ns, Reaching safepoint: 76848 ns, At safepoint: 18640 ns, Total: 95488 ns
[2020-02-21T07:10:28.594+0000][1][safepoint    ] Safepoint "RevokeBias", Time since last: 2501698695 ns, Reaching safepoint: 75135 ns, At safepoint: 17402 ns, Total: 92537 ns
[2020-02-21T07:10:31.096+0000][1][safepoint    ] Safepoint "RevokeBias", Time since last: 2502050008 ns, Reaching safepoint: 72000 ns, At safepoint: 17664 ns, Total: 89664 ns
[2020-02-21T07:10:33.616+0000][1][safepoint    ] Safepoint "RevokeBias", Time since last: 2519679658 ns, Reaching safepoint: 72620 ns, At safepoint: 18058 ns, Total: 90678 ns
[2020-02-21T07:10:36.127+0000][1][safepoint    ] Safepoint "RevokeBias", Time since last: 2511060976 ns, Reaching safepoint: 71288 ns, At safepoint: 17135 ns, Total: 88423 ns
[2020-02-21T07:10:38.630+0000][1][safepoint    ] Safepoint "RevokeBias", Time since last: 2503154150 ns, Reaching safepoint: 88036 ns, At safepoint: 19651 ns, Total: 107687 ns
[2020-02-21T07:10:41.136+0000][1][safepoint    ] Safepoint "RevokeBias", Time since last: 2505954613 ns, Reaching safepoint: 71671 ns, At safepoint: 17464 ns, Total: 89135 ns
[2020-02-21T07:10:43.642+0000][1][safepoint    ] Safepoint "RevokeBias", Time since last: 2505597093 ns, Reaching safepoint: 71400 ns, At safepoint: 16868 ns, Total: 88268 ns
[2020-02-21T07:10:46.145+0000][1][safepoint    ] Safepoint "RevokeBias", Time since last: 2503575868 ns, Reaching safepoint: 85586 ns, At safepoint: 20481 ns, Total: 106067 ns
[2020-02-21T07:10:48.651+0000][1][safepoint    ] Safepoint "RevokeBias", Time since last: 2505109495 ns, Reaching safepoint: 84281 ns, At safepoint: 19809 ns, Total: 104090 ns
[2020-02-21T07:10:51.164+0000][1][safepoint    ] Safepoint "RevokeBias", Time since last: 2513362269 ns, Reaching safepoint: 204679 ns, At safepoint: 53352 ns, Total: 258031 ns
[2020-02-21T07:10:53.677+0000][1][safepoint    ] Safepoint "RevokeBias", Time since last: 2512957839 ns, Reaching safepoint: 73045 ns, At safepoint: 17865 ns, Total: 90910 ns
[2020-02-21T07:10:56.183+0000][1][safepoint    ] Safepoint "RevokeBias", Time since last: 2506084646 ns, Reaching safepoint: 86267 ns, At safepoint: 20948 ns, Total: 107215 ns
[2020-02-21T07:10:58.686+0000][1][safepoint    ] Safepoint "RevokeBias", Time since last: 2502720829 ns, Reaching safepoint: 88149 ns, At safepoint: 21945 ns, Total: 110094 ns
[2020-02-21T07:11:01.190+0000][1][safepoint    ] Safepoint "RevokeBias", Time since last: 2503638175 ns, Reaching safepoint: 73753 ns, At safepoint: 63646 ns, Total: 137399 ns
[2020-02-21T07:11:03.695+0000][1][safepoint    ] Safepoint "BulkRevokeBias", Time since last: 2505058617 ns, Reaching safepoint: 74367 ns, At safepoint: 329946 ns, Total: 404313 ns
[2020-02-21T07:11:06.202+0000][1][safepoint    ] Safepoint "RevokeBias", Time since last: 2506498594 ns, Reaching safepoint: 131627 ns, At safepoint: 23968 ns, Total: 155595 ns
[2020-02-21T07:11:08.713+0000][1][safepoint    ] Safepoint "RevokeBias", Time since last: 2510788270 ns, Reaching safepoint: 234170 ns, At safepoint: 40523 ns, Total: 274693 ns
[2020-02-21T07:11:11.222+0000][1][safepoint    ] Safepoint "RevokeBias", Time since last: 2508591706 ns, Reaching safepoint: 76208 ns, At safepoint: 18349 ns, Total: 94557 ns
[2020-02-21T07:11:13.728+0000][1][safepoint    ] Safepoint "RevokeBias", Time since last: 2506478596 ns, Reaching safepoint: 72898 ns, At safepoint: 17150 ns, Total: 90048 ns
[2020-02-21T07:11:16.232+0000][1][safepoint    ] Safepoint "RevokeBias", Time since last: 2503398490 ns, Reaching safepoint: 76032 ns, At safepoint: 17770 ns, Total: 93802 ns
[2020-02-21T07:11:18.738+0000][1][safepoint    ] Safepoint "RevokeBias", Time since last: 2506029642 ns, Reaching safepoint: 72251 ns, At safepoint: 17407 ns, Total: 89658 ns
[2020-02-21T07:11:21.246+0000][1][safepoint    ] Safepoint "RevokeBias", Time since last: 2507305422 ns, Reaching safepoint: 188775 ns, At safepoint: 18388 ns, Total: 207163 ns
[2020-02-21T07:11:23.749+0000][1][safepoint    ] Safepoint "RevokeBias", Time since last: 2503790185 ns, Reaching safepoint: 75642 ns, At safepoint: 17839 ns, Total: 93481 ns
[2020-02-21T07:11:26.263+0000][1][safepoint    ] Safepoint "RevokeBias", Time since last: 2512958957 ns, Reaching safepoint: 77131 ns, At safepoint: 18947 ns, Total: 96078 ns
[2020-02-21T07:11:28.769+0000][1][safepoint    ] Safepoint "RevokeBias", Time since last: 2505998545 ns, Reaching safepoint: 214111 ns, At safepoint: 23729 ns, Total: 237840 ns
[2020-02-21T07:11:31.273+0000][1][safepoint    ] Safepoint "RevokeBias", Time since last: 2503944681 ns, Reaching safepoint: 84750 ns, At safepoint: 19980 ns, Total: 104730 ns
[2020-02-21T07:11:33.778+0000][1][safepoint    ] Safepoint "RevokeBias", Time since last: 2505066962 ns, Reaching safepoint: 75352 ns, At safepoint: 17382 ns, Total: 92734 ns
[2020-02-21T07:11:36.280+0000][1][safepoint    ] Safepoint "RevokeBias", Time since last: 2502199683 ns, Reaching safepoint: 82991 ns, At safepoint: 20890 ns, Total: 103881 ns
[2020-02-21T07:11:38.784+0000][1][safepoint    ] Safepoint "RevokeBias", Time since last: 2503690567 ns, Reaching safepoint: 86893 ns, At safepoint: 20821 ns, Total: 107714 ns
[2020-02-21T07:11:41.288+0000][1][safepoint    ] Safepoint "RevokeBias", Time since last: 2503640993 ns, Reaching safepoint: 70913 ns, At safepoint: 16726 ns, Total: 87639 ns
[2020-02-21T07:11:42.949+0000][1][gc,start     ] GC(178) Pause Young (Allocation Failure)
[2020-02-21T07:11:42.949+0000][1][gc,task      ] GC(178) Using 1 workers of 1 for evacuation
[2020-02-21T07:11:42.960+0000][1][gc,age       ] GC(178) Desired survivor size 4358144 bytes, new threshold 6 (max threshold 6)
[2020-02-21T07:11:42.960+0000][1][gc,age       ] GC(178) Age table with threshold 6 (max threshold 6)
[2020-02-21T07:11:42.960+0000][1][gc,age       ] GC(178) - age   1:      11872 bytes,      11872 total
[2020-02-21T07:11:42.960+0000][1][gc,age       ] GC(178) - age   4:        384 bytes,      12256 total
[2020-02-21T07:11:42.960+0000][1][gc,age       ] GC(178) - age   5:       2968 bytes,      15224 total
[2020-02-21T07:11:42.960+0000][1][gc,heap      ] GC(178) ParNew: 68188K->23K(76672K)
[2020-02-21T07:11:42.960+0000][1][gc,heap      ] GC(178) CMS: 62624K->62624K(963392K)
[2020-02-21T07:11:42.961+0000][1][gc,metaspace ] GC(178) Metaspace: 80637K->80637K(1124352K)
[2020-02-21T07:11:42.961+0000][1][gc           ] GC(178) Pause Young (Allocation Failure) 127M->61M(1015M) 11.436ms
[2020-02-21T07:11:42.961+0000][1][gc,cpu       ] GC(178) User=0.01s Sys=0.00s Real=0.01s
[2020-02-21T07:11:42.961+0000][1][safepoint    ] Safepoint "GenCollectForAllocation", Time since last: 1661514363 ns, Reaching safepoint: 71338 ns, At safepoint: 11512058 ns, Total: 11583396 ns
[2020-02-21T07:11:43.803+0000][1][safepoint    ] Safepoint "RevokeBias", Time since last: 842508997 ns, Reaching safepoint: 54906 ns, At safepoint: 16387 ns, Total: 71293 ns
[2020-02-21T07:11:46.317+0000][1][safepoint    ] Safepoint "RevokeBias", Time since last: 2513216911 ns, Reaching safepoint: 75492 ns, At safepoint: 20360 ns, Total: 95852 ns
[2020-02-21T07:11:48.823+0000][1][safepoint    ] Safepoint "RevokeBias", Time since last: 2505668693 ns, Reaching safepoint: 73962 ns, At safepoint: 18696 ns, Total: 92658 ns
[2020-02-21T07:11:51.327+0000][1][safepoint    ] Safepoint "RevokeBias", Time since last: 2503816818 ns, Reaching safepoint: 109540 ns, At safepoint: 19518 ns, Total: 129058 ns
[2020-02-21T07:11:53.830+0000][1][safepoint    ] Safepoint "RevokeBias", Time since last: 2503900591 ns, Reaching safepoint: 74627 ns, At safepoint: 18959 ns, Total: 93586 ns
[2020-02-21T07:11:56.341+0000][1][safepoint    ] Safepoint "RevokeBias", Time since last: 2510580911 ns, Reaching safepoint: 86004 ns, At safepoint: 17435 ns, Total: 103439 ns
[2020-02-21T07:11:58.854+0000][1][safepoint    ] Safepoint "RevokeBias", Time since last: 2512972475 ns, Reaching safepoint: 72510 ns, At safepoint: 18117 ns, Total: 90627 ns
[2020-02-21T07:12:01.357+0000][1][safepoint    ] Safepoint "RevokeBias", Time since last: 2502248237 ns, Reaching safepoint: 114839 ns, At safepoint: 29735 ns, Total: 144574 ns
[2020-02-21T07:12:03.862+0000][1][safepoint    ] Safepoint "RevokeBias", Time since last: 2505534302 ns, Reaching safepoint: 71528 ns, At safepoint: 17490 ns, Total: 89018 ns
[2020-02-21T07:12:06.365+0000][1][safepoint    ] Safepoint "RevokeBias", Time since last: 2502834676 ns, Reaching safepoint: 135321 ns, At safepoint: 20404 ns, Total: 155725 ns
[2020-02-21T07:12:08.870+0000][1][safepoint    ] Safepoint "RevokeBias", Time since last: 2504858529 ns, Reaching safepoint: 73213 ns, At safepoint: 19197 ns, Total: 92410 ns
[2020-02-21T07:12:11.374+0000][1][safepoint    ] Safepoint "RevokeBias", Time since last: 2504182334 ns, Reaching safepoint: 72286 ns, At safepoint: 17889 ns, Total: 90175 ns
[2020-02-21T07:12:13.890+0000][1][safepoint    ] Safepoint "RevokeBias", Time since last: 2514970041 ns, Reaching safepoint: 118398 ns, At safepoint: 29673 ns, Total: 148071 ns
[2020-02-21T07:12:16.398+0000][1][safepoint    ] Safepoint "BulkRevokeBias", Time since last: 2508112219 ns, Reaching safepoint: 72171 ns, At safepoint: 176500 ns, Total: 248671 ns
[2020-02-21T07:12:18.904+0000][1][safepoint    ] Safepoint "RevokeBias", Time since last: 2505891031 ns, Reaching safepoint: 71394 ns, At safepoint: 17042 ns, Total: 88436 ns
[2020-02-21T07:12:21.408+0000][1][safepoint    ] Safepoint "RevokeBias", Time since last: 2503616625 ns, Reaching safepoint: 81548 ns, At safepoint: 20371 ns, Total: 101919 ns
[2020-02-21T07:12:23.912+0000][1][safepoint    ] Safepoint "RevokeBias", Time since last: 2503842740 ns, Reaching safepoint: 79067 ns, At safepoint: 18985 ns, Total: 98052 ns
[2020-02-21T07:12:26.415+0000][1][safepoint    ] Safepoint "RevokeBias", Time since last: 2502882766 ns, Reaching safepoint: 73442 ns, At safepoint: 17160 ns, Total: 90602 ns
[2020-02-21T07:12:28.918+0000][1][safepoint    ] Safepoint "RevokeBias", Time since last: 2503513154 ns, Reaching safepoint: 76279 ns, At safepoint: 18380 ns, Total: 94659 ns
[2020-02-21T07:12:31.425+0000][1][safepoint    ] Safepoint "RevokeBias", Time since last: 2506839243 ns, Reaching safepoint: 158431 ns, At safepoint: 34650 ns, Total: 193081 ns
[2020-02-21T07:12:33.935+0000][1][safepoint    ] Safepoint "RevokeBias", Time since last: 2509602659 ns, Reaching safepoint: 78183 ns, At safepoint: 19775 ns, Total: 97958 ns
[2020-02-21T07:12:36.438+0000][1][safepoint    ] Safepoint "RevokeBias", Time since last: 2503187814 ns, Reaching safepoint: 73854 ns, At safepoint: 17250 ns, Total: 91104 ns
[2020-02-21T07:12:38.942+0000][1][safepoint    ] Safepoint "RevokeBias", Time since last: 2503598230 ns, Reaching safepoint: 91450 ns, At safepoint: 21798 ns, Total: 113248 ns
[2020-02-21T07:12:41.445+0000][1][safepoint    ] Safepoint "RevokeBias", Time since last: 2502755802 ns, Reaching safepoint: 131319 ns, At safepoint: 21326 ns, Total: 152645 ns
[2020-02-21T07:12:43.950+0000][1][safepoint    ] Safepoint "RevokeBias", Time since last: 2505152560 ns, Reaching safepoint: 105282 ns, At safepoint: 20220 ns, Total: 125502 ns
[2020-02-21T07:12:46.453+0000][1][safepoint    ] Safepoint "RevokeBias", Time since last: 2502852892 ns, Reaching safepoint: 73732 ns, At safepoint: 17822 ns, Total: 91554 ns
[2020-02-21T07:12:48.963+0000][1][safepoint    ] Safepoint "RevokeBias", Time since last: 2510007282 ns, Reaching safepoint: 72436 ns, At safepoint: 18161 ns, Total: 90597 ns
[2020-02-21T07:12:51.470+0000][1][safepoint    ] Safepoint "RevokeBias", Time since last: 2506816416 ns, Reaching safepoint: 70761 ns, At safepoint: 17442 ns, Total: 88203 ns
[2020-02-21T07:12:53.973+0000][1][safepoint    ] Safepoint "RevokeBias", Time since last: 2503257844 ns, Reaching safepoint: 139013 ns, At safepoint: 34127 ns, Total: 173140 ns
[2020-02-21T07:12:56.476+0000][1][safepoint    ] Safepoint "RevokeBias", Time since last: 2502785907 ns, Reaching safepoint: 71076 ns, At safepoint: 17719 ns, Total: 88795 ns
[2020-02-21T07:12:58.978+0000][1][safepoint    ] Safepoint "RevokeBias", Time since last: 2501960526 ns, Reaching safepoint: 70647 ns, At safepoint: 18171 ns, Total: 88818 ns
[2020-02-21T07:13:01.482+0000][1][safepoint    ] Safepoint "RevokeBias", Time since last: 2503424025 ns, Reaching safepoint: 72165 ns, At safepoint: 17372 ns, Total: 89537 ns
[2020-02-21T07:13:03.483+0000][1][safepoint    ] Safepoint "Cleanup", Time since last: 2000791062 ns, Reaching safepoint: 92251 ns, At safepoint: 7340 ns, Total: 99591 ns
[2020-02-21T07:13:03.985+0000][1][safepoint    ] Safepoint "RevokeBias", Time since last: 501956656 ns, Reaching safepoint: 72978 ns, At safepoint: 18742 ns, Total: 91720 ns
[2020-02-21T07:13:06.498+0000][1][safepoint    ] Safepoint "RevokeBias", Time since last: 2512684579 ns, Reaching safepoint: 53952 ns, At safepoint: 15876 ns, Total: 69828 ns
[2020-02-21T07:13:09.007+0000][1][safepoint    ] Safepoint "RevokeBias", Time since last: 2509486767 ns, Reaching safepoint: 75369 ns, At safepoint: 18337 ns, Total: 93706 ns
[2020-02-21T07:13:11.511+0000][1][safepoint    ] Safepoint "RevokeBias", Time since last: 2503407355 ns, Reaching safepoint: 72144 ns, At safepoint: 17369 ns, Total: 89513 ns
[2020-02-21T07:13:14.016+0000][1][safepoint    ] Safepoint "RevokeBias", Time since last: 2505534505 ns, Reaching safepoint: 71367 ns, At safepoint: 17273 ns, Total: 88640 ns
[2020-02-21T07:13:16.521+0000][1][safepoint    ] Safepoint "RevokeBias", Time since last: 2504461047 ns, Reaching safepoint: 71926 ns, At safepoint: 17993 ns, Total: 89919 ns
[2020-02-21T07:13:19.028+0000][1][safepoint    ] Safepoint "RevokeBias", Time since last: 2506996111 ns, Reaching safepoint: 70743 ns, At safepoint: 17665 ns, Total: 88408 ns
[2020-02-21T07:13:21.533+0000][1][safepoint    ] Safepoint "RevokeBias", Time since last: 2504750338 ns, Reaching safepoint: 74240 ns, At safepoint: 17860 ns, Total: 92100 ns
[2020-02-21T07:13:24.050+0000][1][safepoint    ] Safepoint "RevokeBias", Time since last: 2517179058 ns, Reaching safepoint: 70949 ns, At safepoint: 17200 ns, Total: 88149 ns
[2020-02-21T07:13:26.560+0000][1][safepoint    ] Safepoint "RevokeBias", Time since last: 2509381932 ns, Reaching safepoint: 74405 ns, At safepoint: 17825 ns, Total: 92230 ns
[2020-02-21T07:13:29.062+0000][1][safepoint    ] Safepoint "BulkRevokeBias", Time since last: 2502623367 ns, Reaching safepoint: 73058 ns, At safepoint: 176845 ns, Total: 249903 ns
[2020-02-21T07:13:31.567+0000][1][safepoint    ] Safepoint "RevokeBias", Time since last: 2504441756 ns, Reaching safepoint: 72943 ns, At safepoint: 17573 ns, Total: 90516 ns
[2020-02-21T07:13:32.568+0000][1][safepoint    ] Safepoint "Cleanup", Time since last: 1001167887 ns, Reaching safepoint: 76718 ns, At safepoint: 6240 ns, Total: 82958 ns
[2020-02-21T07:13:34.072+0000][1][safepoint    ] Safepoint "RevokeBias", Time since last: 1503914369 ns, Reaching safepoint: 95809 ns, At safepoint: 22533 ns, Total: 118342 ns
[2020-02-21T07:13:36.583+0000][1][safepoint    ] Safepoint "RevokeBias", Time since last: 2510537056 ns, Reaching safepoint: 54735 ns, At safepoint: 15207 ns, Total: 69942 ns
[2020-02-21T07:13:39.093+0000][1][safepoint    ] Safepoint "RevokeBias", Time since last: 2509969127 ns, Reaching safepoint: 79618 ns, At safepoint: 17769 ns, Total: 97387 ns
[2020-02-21T07:13:41.601+0000][1][safepoint    ] Safepoint "RevokeBias", Time since last: 2507549672 ns, Reaching safepoint: 72056 ns, At safepoint: 17943 ns, Total: 89999 ns
[2020-02-21T07:13:44.112+0000][1][safepoint    ] Safepoint "RevokeBias", Time since last: 2510960395 ns, Reaching safepoint: 83970 ns, At safepoint: 20031 ns, Total: 104001 ns
[2020-02-21T07:13:46.615+0000][1][safepoint    ] Safepoint "RevokeBias", Time since last: 2503080208 ns, Reaching safepoint: 85749 ns, At safepoint: 20693 ns, Total: 106442 ns
[2020-02-21T07:13:49.121+0000][1][safepoint    ] Safepoint "RevokeBias", Time since last: 2506172090 ns, Reaching safepoint: 71997 ns, At safepoint: 17208 ns, Total: 89205 ns
[2020-02-21T07:13:51.624+0000][1][safepoint    ] Safepoint "RevokeBias", Time since last: 2502430211 ns, Reaching safepoint: 82124 ns, At safepoint: 20983 ns, Total: 103107 ns
[2020-02-21T07:13:54.141+0000][1][safepoint    ] Safepoint "RevokeBias", Time since last: 2516934337 ns, Reaching safepoint: 68183 ns, At safepoint: 15298 ns, Total: 83481 ns
[2020-02-21T07:13:56.650+0000][1][safepoint    ] Safepoint "RevokeBias", Time since last: 2509160918 ns, Reaching safepoint: 85921 ns, At safepoint: 20458 ns, Total: 106379 ns
[2020-02-21T07:13:59.155+0000][1][safepoint    ] Safepoint "RevokeBias", Time since last: 2504786990 ns, Reaching safepoint: 127064 ns, At safepoint: 90324 ns, Total: 217388 ns
[2020-02-21T07:14:01.658+0000][1][safepoint    ] Safepoint "RevokeBias", Time since last: 2503005449 ns, Reaching safepoint: 121237 ns, At safepoint: 25146 ns, Total: 146383 ns
[2020-02-21T07:14:02.586+0000][1][gc,start     ] GC(179) Pause Young (Allocation Failure)
[2020-02-21T07:14:02.586+0000][1][gc,task      ] GC(179) Using 1 workers of 1 for evacuation
[2020-02-21T07:14:02.599+0000][1][gc,age       ] GC(179) Desired survivor size 4358144 bytes, new threshold 6 (max threshold 6)
[2020-02-21T07:14:02.599+0000][1][gc,age       ] GC(179) Age table with threshold 6 (max threshold 6)
[2020-02-21T07:14:02.599+0000][1][gc,age       ] GC(179) - age   1:      13656 bytes,      13656 total
[2020-02-21T07:14:02.599+0000][1][gc,age       ] GC(179) - age   5:        152 bytes,      13808 total
[2020-02-21T07:14:02.599+0000][1][gc,age       ] GC(179) - age   6:       2968 bytes,      16776 total
[2020-02-21T07:14:02.599+0000][1][gc,heap      ] GC(179) ParNew: 68183K->17K(76672K)
[2020-02-21T07:14:02.599+0000][1][gc,heap      ] GC(179) CMS: 62624K->62624K(963392K)
[2020-02-21T07:14:02.599+0000][1][gc,metaspace ] GC(179) Metaspace: 80645K->80645K(1124352K)
[2020-02-21T07:14:02.599+0000][1][gc           ] GC(179) Pause Young (Allocation Failure) 127M->61M(1015M) 12.814ms
[2020-02-21T07:14:02.599+0000][1][gc,cpu       ] GC(179) User=0.02s Sys=0.00s Real=0.01s
[2020-02-21T07:14:02.599+0000][1][safepoint    ] Safepoint "GenCollectForAllocation", Time since last: 928017599 ns, Reaching safepoint: 82195 ns, At safepoint: 12870051 ns, Total: 12952246 ns
[2020-02-21T07:14:04.164+0000][1][safepoint    ] Safepoint "RevokeBias", Time since last: 1565277735 ns, Reaching safepoint: 163215 ns, At safepoint: 58685 ns, Total: 221900 ns
[2020-02-21T07:14:06.670+0000][1][safepoint    ] Safepoint "RevokeBias", Time since last: 2505214066 ns, Reaching safepoint: 73815 ns, At safepoint: 17396 ns, Total: 91211 ns
[2020-02-21T07:14:09.173+0000][1][safepoint    ] Safepoint "RevokeBias", Time since last: 2502580586 ns, Reaching safepoint: 153433 ns, At safepoint: 32699 ns, Total: 186132 ns
[2020-02-21T07:14:11.682+0000][1][safepoint    ] Safepoint "RevokeBias", Time since last: 2509785574 ns, Reaching safepoint: 79602 ns, At safepoint: 18679 ns, Total: 98281 ns
[2020-02-21T07:14:14.204+0000][1][safepoint    ] Safepoint "RevokeBias", Time since last: 2521882620 ns, Reaching safepoint: 101002 ns, At safepoint: 22923 ns, Total: 123925 ns
[2020-02-21T07:14:16.707+0000][1][safepoint    ] Safepoint "RevokeBias", Time since last: 2501982661 ns, Reaching safepoint: 72383 ns, At safepoint: 18050 ns, Total: 90433 ns
[2020-02-21T07:14:19.212+0000][1][safepoint    ] Safepoint "RevokeBias", Time since last: 2505522876 ns, Reaching safepoint: 72641 ns, At safepoint: 17853 ns, Total: 90494 ns
[2020-02-21T07:14:21.715+0000][1][safepoint    ] Safepoint "RevokeBias", Time since last: 2502403831 ns, Reaching safepoint: 74126 ns, At safepoint: 18190 ns, Total: 92316 ns
[2020-02-21T07:14:24.217+0000][1][safepoint    ] Safepoint "RevokeBias", Time since last: 2502466370 ns, Reaching safepoint: 72222 ns, At safepoint: 17238 ns, Total: 89460 ns
[2020-02-21T07:14:26.720+0000][1][safepoint    ] Safepoint "RevokeBias", Time since last: 2503211382 ns, Reaching safepoint: 73119 ns, At safepoint: 18042 ns, Total: 91161 ns
[2020-02-21T07:14:29.233+0000][1][safepoint    ] Safepoint "RevokeBias", Time since last: 2512838361 ns, Reaching safepoint: 105041 ns, At safepoint: 22028 ns, Total: 127069 ns
[2020-02-21T07:14:31.757+0000][1][safepoint    ] Safepoint "RevokeBias", Time since last: 2522485743 ns, Reaching safepoint: 1347885 ns, At safepoint: 27763 ns, Total: 1375648 ns
[2020-02-21T07:14:34.262+0000][1][safepoint    ] Safepoint "RevokeBias", Time since last: 2504201189 ns, Reaching safepoint: 118565 ns, At safepoint: 30546 ns, Total: 149111 ns
[2020-02-21T07:14:36.767+0000][1][safepoint    ] Safepoint "RevokeBias", Time since last: 2504790036 ns, Reaching safepoint: 73367 ns, At safepoint: 17364 ns, Total: 90731 ns
[2020-02-21T07:14:39.269+0000][1][safepoint    ] Safepoint "RevokeBias", Time since last: 2502070769 ns, Reaching safepoint: 179273 ns, At safepoint: 28226 ns, Total: 207499 ns
[2020-02-21T07:14:41.775+0000][1][safepoint    ] Safepoint "BulkRevokeBias", Time since last: 2505464779 ns, Reaching safepoint: 126871 ns, At safepoint: 521560 ns, Total: 648431 ns
[2020-02-21T07:14:44.353+0000][1][safepoint    ] Safepoint "RevokeBias", Time since last: 2506721051 ns, Reaching safepoint: 71812867 ns, At safepoint: 31181 ns, Total: 71844048 ns
[2020-02-21T07:14:45.355+0000][1][safepoint    ] Safepoint "Cleanup", Time since last: 1001075249 ns, Reaching safepoint: 102857 ns, At safepoint: 8968 ns, Total: 111825 ns
[2020-02-21T07:14:46.797+0000][1][safepoint    ] Safepoint "RevokeBias", Time since last: 1441960566 ns, Reaching safepoint: 73740 ns, At safepoint: 17118 ns, Total: 90858 ns
[2020-02-21T07:14:47.798+0000][1][safepoint    ] Safepoint "Cleanup", Time since last: 1000967884 ns, Reaching safepoint: 88890 ns, At safepoint: 7799 ns, Total: 96689 ns
[2020-02-21T07:14:49.313+0000][1][safepoint    ] Safepoint "RevokeBias", Time since last: 1514633420 ns, Reaching safepoint: 168122 ns, At safepoint: 29991 ns, Total: 198113 ns
[2020-02-21T07:14:51.816+0000][1][safepoint    ] Safepoint "RevokeBias", Time since last: 2503783051 ns, Reaching safepoint: 58066 ns, At safepoint: 16710 ns, Total: 74776 ns
[2020-02-21T07:14:52.822+0000][1][safepoint    ] Safepoint "Cleanup", Time since last: 1005584969 ns, Reaching safepoint: 86904 ns, At safepoint: 7579 ns, Total: 94483 ns
[2020-02-21T07:14:54.320+0000][1][safepoint    ] Safepoint "RevokeBias", Time since last: 1497282131 ns, Reaching safepoint: 87527 ns, At safepoint: 17989 ns, Total: 105516 ns
[2020-02-21T07:14:56.824+0000][1][safepoint    ] Safepoint "RevokeBias", Time since last: 2504401446 ns, Reaching safepoint: 73767 ns, At safepoint: 18650 ns, Total: 92417 ns
[2020-02-21T07:14:59.327+0000][1][safepoint    ] Safepoint "RevokeBias", Time since last: 2502978572 ns, Reaching safepoint: 75279 ns, At safepoint: 25573 ns, Total: 100852 ns
[2020-02-21T07:15:01.830+0000][1][safepoint    ] Safepoint "RevokeBias", Time since last: 2502971490 ns, Reaching safepoint: 70957 ns, At safepoint: 17026 ns, Total: 87983 ns
[2020-02-21T07:15:04.348+0000][1][safepoint    ] Safepoint "RevokeBias", Time since last: 2517589834 ns, Reaching safepoint: 73137 ns, At safepoint: 17552 ns, Total: 90689 ns
[2020-02-21T07:15:06.854+0000][1][safepoint    ] Safepoint "RevokeBias", Time since last: 2505772027 ns, Reaching safepoint: 71583 ns, At safepoint: 17175 ns, Total: 88758 ns
[2020-02-21T07:15:08.817+0000][1][safepoint    ] Safepoint "Cleanup", Time since last: 1963145464 ns, Reaching safepoint: 112861 ns, At safepoint: 7089 ns, Total: 119950 ns
[2020-02-21T07:15:09.357+0000][1][safepoint    ] Safepoint "RevokeBias", Time since last: 539839898 ns, Reaching safepoint: 108424 ns, At safepoint: 23310 ns, Total: 131734 ns
[2020-02-21T07:15:11.861+0000][1][safepoint    ] Safepoint "RevokeBias", Time since last: 2504303917 ns, Reaching safepoint: 80225 ns, At safepoint: 20352 ns, Total: 100577 ns
[2020-02-21T07:15:14.364+0000][1][safepoint    ] Safepoint "RevokeBias", Time since last: 2502743020 ns, Reaching safepoint: 80077 ns, At safepoint: 18711 ns, Total: 98788 ns
[2020-02-21T07:15:16.868+0000][1][safepoint    ] Safepoint "RevokeBias", Time since last: 2503948885 ns, Reaching safepoint: 99166 ns, At safepoint: 46526 ns, Total: 145692 ns
[2020-02-21T07:15:19.375+0000][1][safepoint    ] Safepoint "RevokeBias", Time since last: 2506329856 ns, Reaching safepoint: 89586 ns, At safepoint: 20349 ns, Total: 109935 ns
[2020-02-21T07:15:21.890+0000][1][safepoint    ] Safepoint "RevokeBias", Time since last: 2514965424 ns, Reaching safepoint: 70311 ns, At safepoint: 17674 ns, Total: 87985 ns
[2020-02-21T07:15:24.400+0000][1][safepoint    ] Safepoint "RevokeBias", Time since last: 2509750501 ns, Reaching safepoint: 72325 ns, At safepoint: 17320 ns, Total: 89645 ns
[2020-02-21T07:15:26.903+0000][1][safepoint    ] Safepoint "RevokeBias", Time since last: 2502874132 ns, Reaching safepoint: 93684 ns, At safepoint: 22630 ns, Total: 116314 ns
[2020-02-21T07:15:29.406+0000][1][safepoint    ] Safepoint "RevokeBias", Time since last: 2503632798 ns, Reaching safepoint: 72558 ns, At safepoint: 18146 ns, Total: 90704 ns
[2020-02-21T07:15:31.910+0000][1][safepoint    ] Safepoint "RevokeBias", Time since last: 2503161189 ns, Reaching safepoint: 87100 ns, At safepoint: 22221 ns, Total: 109321 ns
[2020-02-21T07:15:34.416+0000][1][safepoint    ] Safepoint "RevokeBias", Time since last: 2506555200 ns, Reaching safepoint: 130974 ns, At safepoint: 22794 ns, Total: 153768 ns
[2020-02-21T07:15:36.920+0000][1][safepoint    ] Safepoint "RevokeBias", Time since last: 2503484557 ns, Reaching safepoint: 72219 ns, At safepoint: 17445 ns, Total: 89664 ns
[2020-02-21T07:15:39.426+0000][1][safepoint    ] Safepoint "RevokeBias", Time since last: 2505536687 ns, Reaching safepoint: 89811 ns, At safepoint: 19770 ns, Total: 109581 ns
[2020-02-21T07:15:41.934+0000][1][safepoint    ] Safepoint "RevokeBias", Time since last: 2507956142 ns, Reaching safepoint: 72581 ns, At safepoint: 18101 ns, Total: 90682 ns
[2020-02-21T07:15:44.439+0000][1][safepoint    ] Safepoint "RevokeBias", Time since last: 2505288103 ns, Reaching safepoint: 182536 ns, At safepoint: 20134 ns, Total: 202670 ns
[2020-02-21T07:15:46.941+0000][1][safepoint    ] Safepoint "RevokeBias", Time since last: 2502175601 ns, Reaching safepoint: 74340 ns, At safepoint: 17969 ns, Total: 92309 ns
[2020-02-21T07:15:49.446+0000][1][safepoint    ] Safepoint "RevokeBias", Time since last: 2504867790 ns, Reaching safepoint: 74427 ns, At safepoint: 18178 ns, Total: 92605 ns
[2020-02-21T07:15:51.950+0000][1][safepoint    ] Safepoint "RevokeBias", Time since last: 2503330859 ns, Reaching safepoint: 72736 ns, At safepoint: 17543 ns, Total: 90279 ns
[2020-02-21T07:15:54.454+0000][1][safepoint    ] Safepoint "BulkRevokeBias", Time since last: 2503479392 ns, Reaching safepoint: 89153 ns, At safepoint: 249145 ns, Total: 338298 ns
[2020-02-21T07:15:56.976+0000][1][safepoint    ] Safepoint "RevokeBias", Time since last: 2522348692 ns, Reaching safepoint: 70087 ns, At safepoint: 17501 ns, Total: 87588 ns
[2020-02-21T07:16:00.734+0000][1][safepoint    ] Safepoint "RevokeBias", Time since last: 3758015480 ns, Reaching safepoint: 109648 ns, At safepoint: 26573 ns, Total: 136221 ns
[2020-02-21T07:16:01.736+0000][1][safepoint    ] Safepoint "Cleanup", Time since last: 1001295930 ns, Reaching safepoint: 265597 ns, At safepoint: 15612 ns, Total: 281209 ns
[2020-02-21T07:16:03.251+0000][1][safepoint    ] Safepoint "RevokeBias", Time since last: 1515625203 ns, Reaching safepoint: 111195 ns, At safepoint: 17774 ns, Total: 128969 ns
[2020-02-21T07:16:05.764+0000][1][safepoint    ] Safepoint "RevokeBias", Time since last: 2512557011 ns, Reaching safepoint: 135313 ns, At safepoint: 34446 ns, Total: 169759 ns
[2020-02-21T07:16:08.268+0000][1][safepoint    ] Safepoint "RevokeBias", Time since last: 2504140221 ns, Reaching safepoint: 123482 ns, At safepoint: 21872 ns, Total: 145354 ns
[2020-02-21T07:16:10.772+0000][1][safepoint    ] Safepoint "RevokeBias", Time since last: 2503382842 ns, Reaching safepoint: 73765 ns, At safepoint: 17857 ns, Total: 91622 ns
[2020-02-21T07:16:13.276+0000][1][safepoint    ] Safepoint "RevokeBias", Time since last: 2504128013 ns, Reaching safepoint: 73274 ns, At safepoint: 17739 ns, Total: 91013 ns
[2020-02-21T07:16:15.783+0000][1][safepoint    ] Safepoint "RevokeBias", Time since last: 2506188757 ns, Reaching safepoint: 125379 ns, At safepoint: 21215 ns, Total: 146594 ns
[2020-02-21T07:16:18.287+0000][1][safepoint    ] Safepoint "RevokeBias", Time since last: 2504133573 ns, Reaching safepoint: 73236 ns, At safepoint: 18249 ns, Total: 91485 ns
[2020-02-21T07:16:20.798+0000][1][safepoint    ] Safepoint "RevokeBias", Time since last: 2511152685 ns, Reaching safepoint: 113380 ns, At safepoint: 29029 ns, Total: 142409 ns
[2020-02-21T07:16:23.310+0000][1][gc,start     ] GC(180) Pause Young (Allocation Failure)
[2020-02-21T07:16:23.310+0000][1][gc,task      ] GC(180) Using 1 workers of 1 for evacuation
[2020-02-21T07:16:23.320+0000][1][gc,age       ] GC(180) Desired survivor size 4358144 bytes, new threshold 6 (max threshold 6)
[2020-02-21T07:16:23.320+0000][1][gc,age       ] GC(180) Age table with threshold 6 (max threshold 6)
[2020-02-21T07:16:23.320+0000][1][gc,age       ] GC(180) - age   1:      14040 bytes,      14040 total
[2020-02-21T07:16:23.320+0000][1][gc,age       ] GC(180) - age   2:        808 bytes,      14848 total
[2020-02-21T07:16:23.320+0000][1][gc,age       ] GC(180) - age   6:        152 bytes,      15000 total
[2020-02-21T07:16:23.320+0000][1][gc,heap      ] GC(180) ParNew: 68177K->16K(76672K)
[2020-02-21T07:16:23.320+0000][1][gc,heap      ] GC(180) CMS: 62624K->62627K(963392K)
[2020-02-21T07:16:23.320+0000][1][gc,metaspace ] GC(180) Metaspace: 80647K->80647K(1124352K)
[2020-02-21T07:16:23.320+0000][1][gc           ] GC(180) Pause Young (Allocation Failure) 127M->61M(1015M) 10.360ms
[2020-02-21T07:16:23.320+0000][1][gc,cpu       ] GC(180) User=0.01s Sys=0.00s Real=0.01s
[2020-02-21T07:16:23.320+0000][1][safepoint    ] Safepoint "GenCollectForAllocation", Time since last: 2511859911 ns, Reaching safepoint: 77058 ns, At safepoint: 10413237 ns, Total: 10490295 ns
[2020-02-21T07:16:23.322+0000][1][safepoint    ] Safepoint "RevokeBias", Time since last: 1230986 ns, Reaching safepoint: 182496 ns, At safepoint: 21066 ns, Total: 203562 ns
[2020-02-21T07:16:25.825+0000][1][safepoint    ] Safepoint "RevokeBias", Time since last: 2503024008 ns, Reaching safepoint: 70240 ns, At safepoint: 17736 ns, Total: 87976 ns
[2020-02-21T07:16:28.331+0000][1][safepoint    ] Safepoint "RevokeBias", Time since last: 2505901487 ns, Reaching safepoint: 76026 ns, At safepoint: 18704 ns, Total: 94730 ns
[2020-02-21T07:16:30.834+0000][1][safepoint    ] Safepoint "RevokeBias", Time since last: 2503043267 ns, Reaching safepoint: 72453 ns, At safepoint: 17489 ns, Total: 89942 ns
[2020-02-21T07:16:33.338+0000][1][safepoint    ] Safepoint "RevokeBias", Time since last: 2503388091 ns, Reaching safepoint: 54093 ns, At safepoint: 16038 ns, Total: 70131 ns
[2020-02-21T07:16:35.844+0000][1][safepoint    ] Safepoint "RevokeBias", Time since last: 2506229723 ns, Reaching safepoint: 108232 ns, At safepoint: 28646 ns, Total: 136878 ns
[2020-02-21T07:16:38.353+0000][1][safepoint    ] Safepoint "RevokeBias", Time since last: 2509018170 ns, Reaching safepoint: 72529 ns, At safepoint: 17409 ns, Total: 89938 ns
[2020-02-21T07:16:40.861+0000][1][safepoint    ] Safepoint "RevokeBias", Time since last: 2508059195 ns, Reaching safepoint: 72798 ns, At safepoint: 17811 ns, Total: 90609 ns
[2020-02-21T07:16:43.365+0000][1][safepoint    ] Safepoint "RevokeBias", Time since last: 2503863110 ns, Reaching safepoint: 73082 ns, At safepoint: 18260 ns, Total: 91342 ns
[2020-02-21T07:16:45.871+0000][1][safepoint    ] Safepoint "RevokeBias", Time since last: 2505532251 ns, Reaching safepoint: 88085 ns, At safepoint: 20614 ns, Total: 108699 ns
[2020-02-21T07:16:48.374+0000][1][safepoint    ] Safepoint "RevokeBias", Time since last: 2502878632 ns, Reaching safepoint: 75028 ns, At safepoint: 18378 ns, Total: 93406 ns
[2020-02-21T07:16:50.880+0000][1][safepoint    ] Safepoint "RevokeBias", Time since last: 2506158853 ns, Reaching safepoint: 73951 ns, At safepoint: 17861 ns, Total: 91812 ns
[2020-02-21T07:16:53.384+0000][1][safepoint    ] Safepoint "RevokeBias", Time since last: 2503731518 ns, Reaching safepoint: 72848 ns, At safepoint: 18059 ns, Total: 90907 ns
[2020-02-21T07:16:55.896+0000][1][safepoint    ] Safepoint "RevokeBias", Time since last: 2511974718 ns, Reaching safepoint: 160309 ns, At safepoint: 20503 ns, Total: 180812 ns
[2020-02-21T07:16:58.411+0000][1][safepoint    ] Safepoint "RevokeBias", Time since last: 2514606113 ns, Reaching safepoint: 71988 ns, At safepoint: 81810 ns, Total: 153798 ns
[2020-02-21T07:17:00.914+0000][1][safepoint    ] Safepoint "RevokeBias", Time since last: 2503714626 ns, Reaching safepoint: 69993 ns, At safepoint: 18052 ns, Total: 88045 ns
[2020-02-21T07:17:02.797+0000][1][safepoint    ] Safepoint "Cleanup", Time since last: 1882077117 ns, Reaching safepoint: 146288 ns, At safepoint: 10291 ns, Total: 156579 ns
[2020-02-21T07:17:03.420+0000][1][safepoint    ] Safepoint "RevokeBias", Time since last: 622677664 ns, Reaching safepoint: 82402 ns, At safepoint: 17936 ns, Total: 100338 ns
[2020-02-21T07:17:05.923+0000][1][safepoint    ] Safepoint "RevokeBias", Time since last: 2503338899 ns, Reaching safepoint: 74021 ns, At safepoint: 17238 ns, Total: 91259 ns
[2020-02-21T07:17:08.437+0000][1][safepoint    ] Safepoint "BulkRevokeBias", Time since last: 2513916936 ns, Reaching safepoint: 74000 ns, At safepoint: 295280 ns, Total: 369280 ns
[2020-02-21T07:17:10.945+0000][1][safepoint    ] Safepoint "RevokeBias", Time since last: 2507369163 ns, Reaching safepoint: 83245 ns, At safepoint: 21617 ns, Total: 104862 ns
[2020-02-21T07:17:13.449+0000][1][safepoint    ] Safepoint "RevokeBias", Time since last: 2504634968 ns, Reaching safepoint: 84771 ns, At safepoint: 20731 ns, Total: 105502 ns
[2020-02-21T07:17:15.954+0000][1][safepoint    ] Safepoint "RevokeBias", Time since last: 2504456298 ns, Reaching safepoint: 87946 ns, At safepoint: 21039 ns, Total: 108985 ns
[2020-02-21T07:17:18.457+0000][1][safepoint    ] Safepoint "RevokeBias", Time since last: 2502978213 ns, Reaching safepoint: 81444 ns, At safepoint: 19768 ns, Total: 101212 ns
[2020-02-21T07:17:20.962+0000][1][safepoint    ] Safepoint "RevokeBias", Time since last: 2504952999 ns, Reaching safepoint: 74241 ns, At safepoint: 18562 ns, Total: 92803 ns
[2020-02-21T07:17:23.468+0000][1][safepoint    ] Safepoint "RevokeBias", Time since last: 2506094059 ns, Reaching safepoint: 73861 ns, At safepoint: 17754 ns, Total: 91615 ns
[2020-02-21T07:17:25.982+0000][1][safepoint    ] Safepoint "RevokeBias", Time since last: 2513747799 ns, Reaching safepoint: 87814 ns, At safepoint: 20931 ns, Total: 108745 ns
[2020-02-21T07:17:28.496+0000][1][safepoint    ] Safepoint "RevokeBias", Time since last: 2513789301 ns, Reaching safepoint: 73573 ns, At safepoint: 17892 ns, Total: 91465 ns
[2020-02-21T07:17:30.999+0000][1][safepoint    ] Safepoint "RevokeBias", Time since last: 2503298950 ns, Reaching safepoint: 71997 ns, At safepoint: 17663 ns, Total: 89660 ns
[2020-02-21T07:17:33.503+0000][1][safepoint    ] Safepoint "RevokeBias", Time since last: 2503006907 ns, Reaching safepoint: 77798 ns, At safepoint: 19111 ns, Total: 96909 ns
[2020-02-21T07:17:36.008+0000][1][safepoint    ] Safepoint "RevokeBias", Time since last: 2505642779 ns, Reaching safepoint: 74555 ns, At safepoint: 33509 ns, Total: 108064 ns
[2020-02-21T07:17:38.515+0000][1][safepoint    ] Safepoint "RevokeBias", Time since last: 2506346187 ns, Reaching safepoint: 55990 ns, At safepoint: 16340 ns, Total: 72330 ns
[2020-02-21T07:17:41.017+0000][1][safepoint    ] Safepoint "RevokeBias", Time since last: 2502156524 ns, Reaching safepoint: 83987 ns, At safepoint: 20830 ns, Total: 104817 ns
[2020-02-21T07:17:43.532+0000][1][safepoint    ] Safepoint "RevokeBias", Time since last: 2514707411 ns, Reaching safepoint: 73879 ns, At safepoint: 17400 ns, Total: 91279 ns
[2020-02-21T07:17:46.049+0000][1][safepoint    ] Safepoint "RevokeBias", Time since last: 2517157274 ns, Reaching safepoint: 109163 ns, At safepoint: 18211 ns, Total: 127374 ns
[2020-02-21T07:17:48.551+0000][1][safepoint    ] Safepoint "RevokeBias", Time since last: 2501640584 ns, Reaching safepoint: 85547 ns, At safepoint: 18255 ns, Total: 103802 ns
[2020-02-21T07:17:51.058+0000][1][safepoint    ] Safepoint "RevokeBias", Time since last: 2506763618 ns, Reaching safepoint: 74801 ns, At safepoint: 18498 ns, Total: 93299 ns
[2020-02-21T07:17:53.563+0000][1][safepoint    ] Safepoint "RevokeBias", Time since last: 2505435260 ns, Reaching safepoint: 73198 ns, At safepoint: 115671 ns, Total: 188869 ns
[2020-02-21T07:17:56.066+0000][1][safepoint    ] Safepoint "RevokeBias", Time since last: 2503006014 ns, Reaching safepoint: 87946 ns, At safepoint: 20464 ns, Total: 108410 ns
[2020-02-21T07:17:58.572+0000][1][safepoint    ] Safepoint "RevokeBias", Time since last: 2505433350 ns, Reaching safepoint: 73103 ns, At safepoint: 18069 ns, Total: 91172 ns
[2020-02-21T07:18:01.092+0000][1][safepoint    ] Safepoint "RevokeBias", Time since last: 2520307300 ns, Reaching safepoint: 150071 ns, At safepoint: 39569 ns, Total: 189640 ns
[2020-02-21T07:18:03.601+0000][1][safepoint    ] Safepoint "RevokeBias", Time since last: 2508498564 ns, Reaching safepoint: 71734 ns, At safepoint: 17766 ns, Total: 89500 ns
[2020-02-21T07:18:06.105+0000][1][safepoint    ] Safepoint "RevokeBias", Time since last: 2503590151 ns, Reaching safepoint: 72674 ns, At safepoint: 18026 ns, Total: 90700 ns
[2020-02-21T07:18:08.609+0000][1][safepoint    ] Safepoint "RevokeBias", Time since last: 2504299273 ns, Reaching safepoint: 74811 ns, At safepoint: 17530 ns, Total: 92341 ns
[2020-02-21T07:18:11.114+0000][1][safepoint    ] Safepoint "RevokeBias", Time since last: 2504366277 ns, Reaching safepoint: 72561 ns, At safepoint: 17786 ns, Total: 90347 ns
[2020-02-21T07:18:13.633+0000][1][safepoint    ] Safepoint "RevokeBias", Time since last: 2519136269 ns, Reaching safepoint: 72128 ns, At safepoint: 17772 ns, Total: 89900 ns
[2020-02-21T07:18:16.143+0000][1][safepoint    ] Safepoint "RevokeBias", Time since last: 2510574201 ns, Reaching safepoint: 72451 ns, At safepoint: 17654 ns, Total: 90105 ns
[2020-02-21T07:18:18.646+0000][1][safepoint    ] Safepoint "RevokeBias", Time since last: 2502853106 ns, Reaching safepoint: 73758 ns, At safepoint: 18003 ns, Total: 91761 ns
[2020-02-21T07:18:21.151+0000][1][safepoint    ] Safepoint "BulkRevokeBias", Time since last: 2504302928 ns, Reaching safepoint: 72600 ns, At safepoint: 176146 ns, Total: 248746 ns
[2020-02-21T07:18:23.656+0000][1][safepoint    ] Safepoint "RevokeBias", Time since last: 2504608542 ns, Reaching safepoint: 121939 ns, At safepoint: 31226 ns, Total: 153165 ns
[2020-02-21T07:18:26.158+0000][1][safepoint    ] Safepoint "RevokeBias", Time since last: 2502370351 ns, Reaching safepoint: 89755 ns, At safepoint: 20382 ns, Total: 110137 ns
[2020-02-21T07:18:28.662+0000][1][safepoint    ] Safepoint "RevokeBias", Time since last: 2504221262 ns, Reaching safepoint: 71269 ns, At safepoint: 17031 ns, Total: 88300 ns
[2020-02-21T07:18:31.174+0000][1][safepoint    ] Safepoint "RevokeBias", Time since last: 2511477821 ns, Reaching safepoint: 226156 ns, At safepoint: 21623 ns, Total: 247779 ns
[2020-02-21T07:18:33.683+0000][1][safepoint    ] Safepoint "RevokeBias", Time since last: 2508990142 ns, Reaching safepoint: 77182 ns, At safepoint: 18682 ns, Total: 95864 ns
[2020-02-21T07:18:36.188+0000][1][safepoint    ] Safepoint "RevokeBias", Time since last: 2504899039 ns, Reaching safepoint: 90402 ns, At safepoint: 21838 ns, Total: 112240 ns
[2020-02-21T07:18:38.694+0000][1][safepoint    ] Safepoint "RevokeBias", Time since last: 2505415060 ns, Reaching safepoint: 95799 ns, At safepoint: 24936 ns, Total: 120735 ns
[2020-02-21T07:18:41.198+0000][1][safepoint    ] Safepoint "RevokeBias", Time since last: 2504157754 ns, Reaching safepoint: 73025 ns, At safepoint: 17674 ns, Total: 90699 ns
[2020-02-21T07:18:42.776+0000][1][gc,start     ] GC(181) Pause Young (Allocation Failure)
[2020-02-21T07:18:42.776+0000][1][gc,task      ] GC(181) Using 1 workers of 1 for evacuation
[2020-02-21T07:18:42.803+0000][1][gc,age       ] GC(181) Desired survivor size 4358144 bytes, new threshold 6 (max threshold 6)
[2020-02-21T07:18:42.803+0000][1][gc,age       ] GC(181) Age table with threshold 6 (max threshold 6)
[2020-02-21T07:18:42.803+0000][1][gc,age       ] GC(181) - age   1:      12944 bytes,      12944 total
[2020-02-21T07:18:42.803+0000][1][gc,age       ] GC(181) - age   2:       2208 bytes,      15152 total
[2020-02-21T07:18:42.803+0000][1][gc,age       ] GC(181) - age   3:        688 bytes,      15840 total
[2020-02-21T07:18:42.803+0000][1][gc,heap      ] GC(181) ParNew: 68176K->30K(76672K)
[2020-02-21T07:18:42.803+0000][1][gc,heap      ] GC(181) CMS: 62627K->62627K(963392K)
[2020-02-21T07:18:42.803+0000][1][gc,metaspace ] GC(181) Metaspace: 80647K->80647K(1124352K)
[2020-02-21T07:18:42.803+0000][1][gc           ] GC(181) Pause Young (Allocation Failure) 127M->61M(1015M) 26.888ms
[2020-02-21T07:18:42.803+0000][1][gc,cpu       ] GC(181) User=0.01s Sys=0.00s Real=0.02s
[2020-02-21T07:18:42.803+0000][1][safepoint    ] Safepoint "GenCollectForAllocation", Time since last: 1577713506 ns, Reaching safepoint: 119130 ns, At safepoint: 26946215 ns, Total: 27065345 ns
[2020-02-21T07:18:43.702+0000][1][safepoint    ] Safepoint "RevokeBias", Time since last: 899180176 ns, Reaching safepoint: 113893 ns, At safepoint: 27824 ns, Total: 141717 ns
[2020-02-21T07:18:46.205+0000][1][safepoint    ] Safepoint "RevokeBias", Time since last: 2503062296 ns, Reaching safepoint: 55472 ns, At safepoint: 15583 ns, Total: 71055 ns
[2020-02-21T07:18:48.718+0000][1][safepoint    ] Safepoint "RevokeBias", Time since last: 2512336824 ns, Reaching safepoint: 71525 ns, At safepoint: 17264 ns, Total: 88789 ns
[2020-02-21T07:18:51.228+0000][1][safepoint    ] Safepoint "RevokeBias", Time since last: 2509742353 ns, Reaching safepoint: 84542 ns, At safepoint: 17377 ns, Total: 101919 ns
[2020-02-21T07:18:53.732+0000][1][safepoint    ] Safepoint "RevokeBias", Time since last: 2504792656 ns, Reaching safepoint: 75188 ns, At safepoint: 17569 ns, Total: 92757 ns
[2020-02-21T07:18:56.235+0000][1][safepoint    ] Safepoint "RevokeBias", Time since last: 2502609846 ns, Reaching safepoint: 89118 ns, At safepoint: 18482 ns, Total: 107600 ns
[2020-02-21T07:18:58.740+0000][1][safepoint    ] Safepoint "RevokeBias", Time since last: 2504397301 ns, Reaching safepoint: 74912 ns, At safepoint: 18625 ns, Total: 93537 ns
[2020-02-21T07:19:01.243+0000][1][safepoint    ] Safepoint "RevokeBias", Time since last: 2503062565 ns, Reaching safepoint: 92370 ns, At safepoint: 24291 ns, Total: 116661 ns
[2020-02-21T07:19:03.746+0000][1][safepoint    ] Safepoint "RevokeBias", Time since last: 2502893790 ns, Reaching safepoint: 78053 ns, At safepoint: 19222 ns, Total: 97275 ns
[2020-02-21T07:19:06.261+0000][1][safepoint    ] Safepoint "RevokeBias", Time since last: 2515025689 ns, Reaching safepoint: 88023 ns, At safepoint: 20039 ns, Total: 108062 ns
[2020-02-21T07:19:08.262+0000][1][safepoint    ] Safepoint "Cleanup", Time since last: 2000864309 ns, Reaching safepoint: 103980 ns, At safepoint: 8623 ns, Total: 112603 ns
[2020-02-21T07:19:08.776+0000][1][safepoint    ] Safepoint "RevokeBias", Time since last: 513816177 ns, Reaching safepoint: 74373 ns, At safepoint: 18835 ns, Total: 93208 ns
[2020-02-21T07:19:11.278+0000][1][safepoint    ] Safepoint "RevokeBias", Time since last: 2501924868 ns, Reaching safepoint: 72972 ns, At safepoint: 17923 ns, Total: 90895 ns
[2020-02-21T07:19:13.783+0000][1][safepoint    ] Safepoint "RevokeBias", Time since last: 2505478429 ns, Reaching safepoint: 72893 ns, At safepoint: 18045 ns, Total: 90938 ns
[2020-02-21T07:19:14.784+0000][1][safepoint    ] Safepoint "Cleanup", Time since last: 1000579839 ns, Reaching safepoint: 90532 ns, At safepoint: 8798 ns, Total: 99330 ns
[2020-02-21T07:19:16.286+0000][1][safepoint    ] Safepoint "RevokeBias", Time since last: 1502147438 ns, Reaching safepoint: 143738 ns, At safepoint: 20098 ns, Total: 163836 ns
[2020-02-21T07:19:18.789+0000][1][safepoint    ] Safepoint "RevokeBias", Time since last: 2502749895 ns, Reaching safepoint: 73980 ns, At safepoint: 18860 ns, Total: 92840 ns
[2020-02-21T07:19:21.295+0000][1][safepoint    ] Safepoint "RevokeBias", Time since last: 2506005053 ns, Reaching safepoint: 107110 ns, At safepoint: 20123 ns, Total: 127233 ns
[2020-02-21T07:19:23.820+0000][1][safepoint    ] Safepoint "RevokeBias", Time since last: 2524606336 ns, Reaching safepoint: 101185 ns, At safepoint: 20515 ns, Total: 121700 ns
[2020-02-21T07:19:26.329+0000][1][safepoint    ] Safepoint "RevokeBias", Time since last: 2508771448 ns, Reaching safepoint: 81456 ns, At safepoint: 20286 ns, Total: 101742 ns
[2020-02-21T07:19:28.834+0000][1][safepoint    ] Safepoint "RevokeBias", Time since last: 2504338386 ns, Reaching safepoint: 131184 ns, At safepoint: 34221 ns, Total: 165405 ns
[2020-02-21T07:19:31.337+0000][1][safepoint    ] Safepoint "RevokeBias", Time since last: 2503558413 ns, Reaching safepoint: 135377 ns, At safepoint: 20470 ns, Total: 155847 ns
[2020-02-21T07:19:33.842+0000][1][safepoint    ] Safepoint "BulkRevokeBias", Time since last: 2504166872 ns, Reaching safepoint: 156495 ns, At safepoint: 255138 ns, Total: 411633 ns
[2020-02-21T07:19:36.348+0000][1][safepoint    ] Safepoint "RevokeBias", Time since last: 2505767955 ns, Reaching safepoint: 86866 ns, At safepoint: 19969 ns, Total: 106835 ns
[2020-02-21T07:19:38.854+0000][1][safepoint    ] Safepoint "RevokeBias", Time since last: 2505975775 ns, Reaching safepoint: 74166 ns, At safepoint: 17622 ns, Total: 91788 ns
[2020-02-21T07:19:41.370+0000][1][safepoint    ] Safepoint "RevokeBias", Time since last: 2516548457 ns, Reaching safepoint: 53942 ns, At safepoint: 15439 ns, Total: 69381 ns
[2020-02-21T07:19:43.883+0000][1][safepoint    ] Safepoint "RevokeBias", Time since last: 2512804266 ns, Reaching safepoint: 71027 ns, At safepoint: 17635 ns, Total: 88662 ns
[2020-02-21T07:19:46.388+0000][1][safepoint    ] Safepoint "RevokeBias", Time since last: 2504706543 ns, Reaching safepoint: 74042 ns, At safepoint: 18373 ns, Total: 92415 ns
[2020-02-21T07:19:48.890+0000][1][safepoint    ] Safepoint "RevokeBias", Time since last: 2502332823 ns, Reaching safepoint: 73268 ns, At safepoint: 18243 ns, Total: 91511 ns
[2020-02-21T07:19:51.396+0000][1][safepoint    ] Safepoint "RevokeBias", Time since last: 2505463803 ns, Reaching safepoint: 131900 ns, At safepoint: 23571 ns, Total: 155471 ns
[2020-02-21T07:19:53.902+0000][1][safepoint    ] Safepoint "RevokeBias", Time since last: 2505459876 ns, Reaching safepoint: 130694 ns, At safepoint: 37156 ns, Total: 167850 ns
[2020-02-21T07:19:56.405+0000][1][safepoint    ] Safepoint "RevokeBias", Time since last: 2503012022 ns, Reaching safepoint: 130135 ns, At safepoint: 22238 ns, Total: 152373 ns
[2020-02-21T07:19:58.921+0000][1][safepoint    ] Safepoint "RevokeBias", Time since last: 2516486532 ns, Reaching safepoint: 74579 ns, At safepoint: 18096 ns, Total: 92675 ns
[2020-02-21T07:20:01.431+0000][1][safepoint    ] Safepoint "RevokeBias", Time since last: 2509691844 ns, Reaching safepoint: 74523 ns, At safepoint: 18977 ns, Total: 93500 ns
[2020-02-21T07:20:03.935+0000][1][safepoint    ] Safepoint "RevokeBias", Time since last: 2503222252 ns, Reaching safepoint: 73821 ns, At safepoint: 66550 ns, Total: 140371 ns
[2020-02-21T07:20:06.440+0000][1][safepoint    ] Safepoint "RevokeBias", Time since last: 2505184375 ns, Reaching safepoint: 87808 ns, At safepoint: 20548 ns, Total: 108356 ns
[2020-02-21T07:20:08.946+0000][1][safepoint    ] Safepoint "RevokeBias", Time since last: 2505526591 ns, Reaching safepoint: 81748 ns, At safepoint: 22162 ns, Total: 103910 ns
[2020-02-21T07:20:11.451+0000][1][safepoint    ] Safepoint "RevokeBias", Time since last: 2504919303 ns, Reaching safepoint: 71389 ns, At safepoint: 17595 ns, Total: 88984 ns
[2020-02-21T07:20:13.955+0000][1][safepoint    ] Safepoint "RevokeBias", Time since last: 2504067646 ns, Reaching safepoint: 105606 ns, At safepoint: 17824 ns, Total: 123430 ns
[2020-02-21T07:20:16.465+0000][1][safepoint    ] Safepoint "RevokeBias", Time since last: 2509882390 ns, Reaching safepoint: 145537 ns, At safepoint: 51812 ns, Total: 197349 ns
[2020-02-21T07:20:18.973+0000][1][safepoint    ] Safepoint "RevokeBias", Time since last: 2508019367 ns, Reaching safepoint: 86818 ns, At safepoint: 17636 ns, Total: 104454 ns
[2020-02-21T07:20:21.479+0000][1][safepoint    ] Safepoint "RevokeBias", Time since last: 2505666439 ns, Reaching safepoint: 74796 ns, At safepoint: 18001 ns, Total: 92797 ns
[2020-02-21T07:20:23.985+0000][1][safepoint    ] Safepoint "RevokeBias", Time since last: 2506425854 ns, Reaching safepoint: 72165 ns, At safepoint: 68880 ns, Total: 141045 ns
[2020-02-21T07:20:26.488+0000][1][safepoint    ] Safepoint "RevokeBias", Time since last: 2502918392 ns, Reaching safepoint: 112913 ns, At safepoint: 27292 ns, Total: 140205 ns
[2020-02-21T07:20:29.002+0000][1][safepoint    ] Safepoint "RevokeBias", Time since last: 2513714375 ns, Reaching safepoint: 141348 ns, At safepoint: 21196 ns, Total: 162544 ns
[2020-02-21T07:20:31.509+0000][1][safepoint    ] Safepoint "RevokeBias", Time since last: 2506785631 ns, Reaching safepoint: 75161 ns, At safepoint: 17898 ns, Total: 93059 ns
[2020-02-21T07:20:34.011+0000][1][safepoint    ] Safepoint "RevokeBias", Time since last: 2501392104 ns, Reaching safepoint: 85066 ns, At safepoint: 20183 ns, Total: 105249 ns
[2020-02-21T07:20:36.514+0000][1][safepoint    ] Safepoint "RevokeBias", Time since last: 2503231197 ns, Reaching safepoint: 90312 ns, At safepoint: 20036 ns, Total: 110348 ns
[2020-02-21T07:20:39.020+0000][1][safepoint    ] Safepoint "RevokeBias", Time since last: 2505899885 ns, Reaching safepoint: 72949 ns, At safepoint: 18309 ns, Total: 91258 ns
[2020-02-21T07:20:41.524+0000][1][safepoint    ] Safepoint "RevokeBias", Time since last: 2504032114 ns, Reaching safepoint: 75705 ns, At safepoint: 18691 ns, Total: 94396 ns
[2020-02-21T07:20:44.030+0000][1][safepoint    ] Safepoint "RevokeBias", Time since last: 2505966224 ns, Reaching safepoint: 72519 ns, At safepoint: 17387 ns, Total: 89906 ns
[2020-02-21T07:20:46.540+0000][1][safepoint    ] Safepoint "BulkRevokeBias", Time since last: 2508881753 ns, Reaching safepoint: 116942 ns, At safepoint: 409804 ns, Total: 526746 ns
[2020-02-21T07:20:49.047+0000][1][safepoint    ] Safepoint "RevokeBias", Time since last: 2506953758 ns, Reaching safepoint: 72169 ns, At safepoint: 18029 ns, Total: 90198 ns
[2020-02-21T07:20:51.550+0000][1][safepoint    ] Safepoint "RevokeBias", Time since last: 2503495899 ns, Reaching safepoint: 76675 ns, At safepoint: 18643 ns, Total: 95318 ns
[2020-02-21T07:20:54.056+0000][1][safepoint    ] Safepoint "RevokeBias", Time since last: 2505611986 ns, Reaching safepoint: 81206 ns, At safepoint: 19751 ns, Total: 100957 ns
[2020-02-21T07:20:56.560+0000][1][safepoint    ] Safepoint "RevokeBias", Time since last: 2503954223 ns, Reaching safepoint: 83415 ns, At safepoint: 21218 ns, Total: 104633 ns
[2020-02-21T07:20:59.064+0000][1][safepoint    ] Safepoint "RevokeBias", Time since last: 2504406137 ns, Reaching safepoint: 74385 ns, At safepoint: 17665 ns, Total: 92050 ns
[2020-02-21T07:21:01.569+0000][1][safepoint    ] Safepoint "RevokeBias", Time since last: 2504081825 ns, Reaching safepoint: 81997 ns, At safepoint: 19664 ns, Total: 101661 ns
[2020-02-21T07:21:02.887+0000][1][gc,start     ] GC(182) Pause Young (Allocation Failure)
[2020-02-21T07:21:02.887+0000][1][gc,task      ] GC(182) Using 1 workers of 1 for evacuation
[2020-02-21T07:21:02.895+0000][1][gc,age       ] GC(182) Desired survivor size 4358144 bytes, new threshold 6 (max threshold 6)
[2020-02-21T07:21:02.895+0000][1][gc,age       ] GC(182) Age table with threshold 6 (max threshold 6)
[2020-02-21T07:21:02.895+0000][1][gc,age       ] GC(182) - age   1:      13048 bytes,      13048 total
[2020-02-21T07:21:02.895+0000][1][gc,age       ] GC(182) - age   3:       2208 bytes,      15256 total
[2020-02-21T07:21:02.895+0000][1][gc,age       ] GC(182) - age   4:        688 bytes,      15944 total
[2020-02-21T07:21:02.895+0000][1][gc,heap      ] GC(182) ParNew: 68190K->19K(76672K)
[2020-02-21T07:21:02.895+0000][1][gc,heap      ] GC(182) CMS: 62627K->62627K(963392K)
[2020-02-21T07:21:02.895+0000][1][gc,metaspace ] GC(182) Metaspace: 80647K->80647K(1124352K)
[2020-02-21T07:21:02.895+0000][1][gc           ] GC(182) Pause Young (Allocation Failure) 127M->61M(1015M) 8.571ms
[2020-02-21T07:21:02.895+0000][1][gc,cpu       ] GC(182) User=0.01s Sys=0.00s Real=0.00s
[2020-02-21T07:21:02.895+0000][1][safepoint    ] Safepoint "GenCollectForAllocation", Time since last: 1318048438 ns, Reaching safepoint: 78246 ns, At safepoint: 8615628 ns, Total: 8693874 ns
[2020-02-21T07:21:04.086+0000][1][safepoint    ] Safepoint "RevokeBias", Time since last: 1190512949 ns, Reaching safepoint: 84409 ns, At safepoint: 21400 ns, Total: 105809 ns
[2020-02-21T07:21:06.595+0000][1][safepoint    ] Safepoint "RevokeBias", Time since last: 2509255962 ns, Reaching safepoint: 71678 ns, At safepoint: 18013 ns, Total: 89691 ns
[2020-02-21T07:21:09.101+0000][1][safepoint    ] Safepoint "RevokeBias", Time since last: 2505715901 ns, Reaching safepoint: 73402 ns, At safepoint: 17409 ns, Total: 90811 ns
[2020-02-21T07:21:11.604+0000][1][safepoint    ] Safepoint "RevokeBias", Time since last: 2502680192 ns, Reaching safepoint: 72583 ns, At safepoint: 17408 ns, Total: 89991 ns
[2020-02-21T07:21:14.110+0000][1][safepoint    ] Safepoint "RevokeBias", Time since last: 2506076191 ns, Reaching safepoint: 56596 ns, At safepoint: 16248 ns, Total: 72844 ns
[2020-02-21T07:21:16.614+0000][1][safepoint    ] Safepoint "RevokeBias", Time since last: 2503593888 ns, Reaching safepoint: 87273 ns, At safepoint: 20649 ns, Total: 107922 ns
[2020-02-21T07:21:19.117+0000][1][safepoint    ] Safepoint "RevokeBias", Time since last: 2502737569 ns, Reaching safepoint: 51820 ns, At safepoint: 15234 ns, Total: 67054 ns
[2020-02-21T07:21:21.632+0000][1][safepoint    ] Safepoint "RevokeBias", Time since last: 2515059612 ns, Reaching safepoint: 72901 ns, At safepoint: 17217 ns, Total: 90118 ns
[2020-02-21T07:21:24.146+0000][1][safepoint    ] Safepoint "RevokeBias", Time since last: 2513869175 ns, Reaching safepoint: 73706 ns, At safepoint: 17392 ns, Total: 91098 ns
[2020-02-21T07:21:26.649+0000][1][safepoint    ] Safepoint "RevokeBias", Time since last: 2503685861 ns, Reaching safepoint: 79514 ns, At safepoint: 18825 ns, Total: 98339 ns
[2020-02-21T07:21:29.155+0000][1][safepoint    ] Safepoint "RevokeBias", Time since last: 2505562779 ns, Reaching safepoint: 74557 ns, At safepoint: 18497 ns, Total: 93054 ns
[2020-02-21T07:21:31.658+0000][1][safepoint    ] Safepoint "RevokeBias", Time since last: 2502690457 ns, Reaching safepoint: 111057 ns, At safepoint: 28975 ns, Total: 140032 ns
[2020-02-21T07:21:34.162+0000][1][safepoint    ] Safepoint "RevokeBias", Time since last: 2504242650 ns, Reaching safepoint: 105413 ns, At safepoint: 22169 ns, Total: 127582 ns
[2020-02-21T07:21:36.666+0000][1][safepoint    ] Safepoint "RevokeBias", Time since last: 2504071167 ns, Reaching safepoint: 73393 ns, At safepoint: 17821 ns, Total: 91214 ns
[2020-02-21T07:21:39.185+0000][1][safepoint    ] Safepoint "RevokeBias", Time since last: 2518537965 ns, Reaching safepoint: 72459 ns, At safepoint: 73715 ns, Total: 146174 ns
[2020-02-21T07:21:41.695+0000][1][safepoint    ] Safepoint "RevokeBias", Time since last: 2509787278 ns, Reaching safepoint: 139953 ns, At safepoint: 21671 ns, Total: 161624 ns
[2020-02-21T07:21:44.199+0000][1][safepoint    ] Safepoint "RevokeBias", Time since last: 2504103680 ns, Reaching safepoint: 128878 ns, At safepoint: 20326 ns, Total: 149204 ns
[2020-02-21T07:21:46.704+0000][1][safepoint    ] Safepoint "RevokeBias", Time since last: 2504163367 ns, Reaching safepoint: 260577 ns, At safepoint: 26071 ns, Total: 286648 ns
[2020-02-21T07:21:49.207+0000][1][safepoint    ] Safepoint "RevokeBias", Time since last: 2503502931 ns, Reaching safepoint: 73472 ns, At safepoint: 17667 ns, Total: 91139 ns
[2020-02-21T07:21:51.710+0000][1][safepoint    ] Safepoint "RevokeBias", Time since last: 2502688267 ns, Reaching safepoint: 70175 ns, At safepoint: 17399 ns, Total: 87574 ns
[2020-02-21T07:21:54.215+0000][1][safepoint    ] Safepoint "RevokeBias", Time since last: 2505232963 ns, Reaching safepoint: 73693 ns, At safepoint: 17865 ns, Total: 91558 ns
[2020-02-21T07:21:56.731+0000][1][safepoint    ] Safepoint "RevokeBias", Time since last: 2515523138 ns, Reaching safepoint: 109035 ns, At safepoint: 27923 ns, Total: 136958 ns
[2020-02-21T07:21:59.243+0000][1][safepoint    ] Safepoint "BulkRevokeBias", Time since last: 2511190564 ns, Reaching safepoint: 205419 ns, At safepoint: 211057 ns, Total: 416476 ns
[2020-02-21T07:22:01.817+0000][1][safepoint    ] Safepoint "RevokeBias", Time since last: 2574578101 ns, Reaching safepoint: 52708 ns, At safepoint: 15251 ns, Total: 67959 ns
[2020-02-21T07:22:03.946+0000][1][safepoint    ] Safepoint "Cleanup", Time since last: 2128606295 ns, Reaching safepoint: 184547 ns, At safepoint: 12821 ns, Total: 197368 ns
[2020-02-21T07:22:04.322+0000][1][safepoint    ] Safepoint "RevokeBias", Time since last: 375251294 ns, Reaching safepoint: 73410 ns, At safepoint: 17703 ns, Total: 91113 ns
[2020-02-21T07:22:06.825+0000][1][safepoint    ] Safepoint "RevokeBias", Time since last: 2503189340 ns, Reaching safepoint: 71493 ns, At safepoint: 16973 ns, Total: 88466 ns
[2020-02-21T07:22:09.330+0000][1][safepoint    ] Safepoint "RevokeBias", Time since last: 2505459536 ns, Reaching safepoint: 75148 ns, At safepoint: 19165 ns, Total: 94313 ns
[2020-02-21T07:22:11.833+0000][1][safepoint    ] Safepoint "RevokeBias", Time since last: 2502601734 ns, Reaching safepoint: 72595 ns, At safepoint: 17144 ns, Total: 89739 ns
[2020-02-21T07:22:14.348+0000][1][safepoint    ] Safepoint "RevokeBias", Time since last: 2514957920 ns, Reaching safepoint: 157798 ns, At safepoint: 48334 ns, Total: 206132 ns
[2020-02-21T07:22:16.858+0000][1][safepoint    ] Safepoint "RevokeBias", Time since last: 2509563480 ns, Reaching safepoint: 160253 ns, At safepoint: 27509 ns, Total: 187762 ns
[2020-02-21T07:22:19.362+0000][1][safepoint    ] Safepoint "RevokeBias", Time since last: 2503499134 ns, Reaching safepoint: 82893 ns, At safepoint: 20676 ns, Total: 103569 ns
[2020-02-21T07:22:21.866+0000][1][safepoint    ] Safepoint "RevokeBias", Time since last: 2503970465 ns, Reaching safepoint: 91937 ns, At safepoint: 28209 ns, Total: 120146 ns
[2020-02-21T07:22:24.372+0000][1][safepoint    ] Safepoint "RevokeBias", Time since last: 2505824925 ns, Reaching safepoint: 75087 ns, At safepoint: 49661 ns, Total: 124748 ns
[2020-02-21T07:22:26.884+0000][1][safepoint    ] Safepoint "RevokeBias", Time since last: 2512039198 ns, Reaching safepoint: 72866 ns, At safepoint: 17330 ns, Total: 90196 ns
[2020-02-21T07:22:29.394+0000][1][safepoint    ] Safepoint "RevokeBias", Time since last: 2510221251 ns, Reaching safepoint: 72607 ns, At safepoint: 17484 ns, Total: 90091 ns
[2020-02-21T07:22:31.904+0000][1][safepoint    ] Safepoint "RevokeBias", Time since last: 2509590432 ns, Reaching safepoint: 55221 ns, At safepoint: 15786 ns, Total: 71007 ns
[2020-02-21T07:22:34.413+0000][1][safepoint    ] Safepoint "RevokeBias", Time since last: 2508783459 ns, Reaching safepoint: 75105 ns, At safepoint: 17902 ns, Total: 93007 ns
[2020-02-21T07:22:36.915+0000][1][safepoint    ] Safepoint "RevokeBias", Time since last: 2502357244 ns, Reaching safepoint: 74881 ns, At safepoint: 17885 ns, Total: 92766 ns
[2020-02-21T07:22:39.421+0000][1][safepoint    ] Safepoint "RevokeBias", Time since last: 2506270136 ns, Reaching safepoint: 96295 ns, At safepoint: 27910 ns, Total: 124205 ns
[2020-02-21T07:22:41.925+0000][1][safepoint    ] Safepoint "RevokeBias", Time since last: 2503701869 ns, Reaching safepoint: 72153 ns, At safepoint: 18392 ns, Total: 90545 ns
[2020-02-21T07:22:44.440+0000][1][safepoint    ] Safepoint "RevokeBias", Time since last: 2514790140 ns, Reaching safepoint: 70913 ns, At safepoint: 17542 ns, Total: 88455 ns
[2020-02-21T07:22:46.951+0000][1][safepoint    ] Safepoint "RevokeBias", Time since last: 2510353495 ns, Reaching safepoint: 86718 ns, At safepoint: 20682 ns, Total: 107400 ns
[2020-02-21T07:22:49.454+0000][1][safepoint    ] Safepoint "RevokeBias", Time since last: 2503013295 ns, Reaching safepoint: 73081 ns, At safepoint: 17981 ns, Total: 91062 ns
[2020-02-21T07:22:51.957+0000][1][safepoint    ] Safepoint "RevokeBias", Time since last: 2503297278 ns, Reaching safepoint: 72603 ns, At safepoint: 18227 ns, Total: 90830 ns
[2020-02-21T07:22:54.460+0000][1][safepoint    ] Safepoint "RevokeBias", Time since last: 2502745880 ns, Reaching safepoint: 86549 ns, At safepoint: 18162 ns, Total: 104711 ns
[2020-02-21T07:22:56.962+0000][1][safepoint    ] Safepoint "RevokeBias", Time since last: 2501658632 ns, Reaching safepoint: 218071 ns, At safepoint: 60912 ns, Total: 278983 ns
[2020-02-21T07:22:59.467+0000][1][safepoint    ] Safepoint "RevokeBias", Time since last: 2505275592 ns, Reaching safepoint: 54397 ns, At safepoint: 15713 ns, Total: 70110 ns
[2020-02-21T07:23:01.983+0000][1][safepoint    ] Safepoint "RevokeBias", Time since last: 2516119660 ns, Reaching safepoint: 70079 ns, At safepoint: 17311 ns, Total: 87390 ns
[2020-02-21T07:23:04.491+0000][1][safepoint    ] Safepoint "RevokeBias", Time since last: 2507490984 ns, Reaching safepoint: 73799 ns, At safepoint: 17966 ns, Total: 91765 ns
[2020-02-21T07:23:06.995+0000][1][safepoint    ] Safepoint "RevokeBias", Time since last: 2503681187 ns, Reaching safepoint: 180141 ns, At safepoint: 25331 ns, Total: 205472 ns
[2020-02-21T07:23:09.501+0000][1][safepoint    ] Safepoint "RevokeBias", Time since last: 2505694126 ns, Reaching safepoint: 72025 ns, At safepoint: 17983 ns, Total: 90008 ns
[2020-02-21T07:23:12.004+0000][1][safepoint    ] Safepoint "BulkRevokeBias", Time since last: 2503476231 ns, Reaching safepoint: 75611 ns, At safepoint: 235943 ns, Total: 311554 ns
[2020-02-21T07:23:14.510+0000][1][safepoint    ] Safepoint "RevokeBias", Time since last: 2504933011 ns, Reaching safepoint: 83221 ns, At safepoint: 20772 ns, Total: 103993 ns
[2020-02-21T07:23:17.014+0000][1][safepoint    ] Safepoint "RevokeBias", Time since last: 2504763137 ns, Reaching safepoint: 106144 ns, At safepoint: 19206 ns, Total: 125350 ns
[2020-02-21T07:23:19.526+0000][1][safepoint    ] Safepoint "RevokeBias", Time since last: 2511912526 ns, Reaching safepoint: 56067 ns, At safepoint: 15744 ns, Total: 71811 ns
[2020-02-21T07:23:22.035+0000][1][safepoint    ] Safepoint "RevokeBias", Time since last: 2508098820 ns, Reaching safepoint: 74376 ns, At safepoint: 17186 ns, Total: 91562 ns
[2020-02-21T07:23:23.204+0000][1][gc,start     ] GC(183) Pause Young (Allocation Failure)
[2020-02-21T07:23:23.204+0000][1][gc,task      ] GC(183) Using 1 workers of 1 for evacuation
[2020-02-21T07:23:23.214+0000][1][gc,age       ] GC(183) Desired survivor size 4358144 bytes, new threshold 6 (max threshold 6)
[2020-02-21T07:23:23.214+0000][1][gc,age       ] GC(183) Age table with threshold 6 (max threshold 6)
[2020-02-21T07:23:23.214+0000][1][gc,age       ] GC(183) - age   1:      11632 bytes,      11632 total
[2020-02-21T07:23:23.214+0000][1][gc,age       ] GC(183) - age   2:        120 bytes,      11752 total
[2020-02-21T07:23:23.214+0000][1][gc,age       ] GC(183) - age   4:       2208 bytes,      13960 total
[2020-02-21T07:23:23.214+0000][1][gc,age       ] GC(183) - age   5:        688 bytes,      14648 total
[2020-02-21T07:23:23.214+0000][1][gc,heap      ] GC(183) ParNew: 68179K->28K(76672K)
[2020-02-21T07:23:23.214+0000][1][gc,heap      ] GC(183) CMS: 62627K->62627K(963392K)
[2020-02-21T07:23:23.214+0000][1][gc,metaspace ] GC(183) Metaspace: 80647K->80647K(1124352K)
[2020-02-21T07:23:23.215+0000][1][gc           ] GC(183) Pause Young (Allocation Failure) 127M->61M(1015M) 10.437ms
[2020-02-21T07:23:23.215+0000][1][gc,cpu       ] GC(183) User=0.01s Sys=0.00s Real=0.01s
[2020-02-21T07:23:23.215+0000][1][safepoint    ] Safepoint "GenCollectForAllocation", Time since last: 1169413014 ns, Reaching safepoint: 73131 ns, At safepoint: 10492439 ns, Total: 10565570 ns
[2020-02-21T07:23:24.538+0000][1][safepoint    ] Safepoint "RevokeBias", Time since last: 1323022318 ns, Reaching safepoint: 73872 ns, At safepoint: 86288 ns, Total: 160160 ns
[2020-02-21T07:23:27.041+0000][1][safepoint    ] Safepoint "RevokeBias", Time since last: 2503202714 ns, Reaching safepoint: 83854 ns, At safepoint: 21011 ns, Total: 104865 ns
[2020-02-21T07:23:29.547+0000][1][safepoint    ] Safepoint "RevokeBias", Time since last: 2506193574 ns, Reaching safepoint: 83132 ns, At safepoint: 20274 ns, Total: 103406 ns
[2020-02-21T07:23:32.051+0000][1][safepoint    ] Safepoint "RevokeBias", Time since last: 2503265308 ns, Reaching safepoint: 73296 ns, At safepoint: 17783 ns, Total: 91079 ns
[2020-02-21T07:23:34.553+0000][1][safepoint    ] Safepoint "RevokeBias", Time since last: 2501725806 ns, Reaching safepoint: 178273 ns, At safepoint: 33057 ns, Total: 211330 ns
[2020-02-21T07:23:37.073+0000][1][safepoint    ] Safepoint "RevokeBias", Time since last: 2520195030 ns, Reaching safepoint: 92085 ns, At safepoint: 21564 ns, Total: 113649 ns
[2020-02-21T07:23:39.588+0000][1][safepoint    ] Safepoint "RevokeBias", Time since last: 2514669114 ns, Reaching safepoint: 57987 ns, At safepoint: 16374 ns, Total: 74361 ns
[2020-02-21T07:23:42.090+0000][1][safepoint    ] Safepoint "RevokeBias", Time since last: 2502140911 ns, Reaching safepoint: 74270 ns, At safepoint: 17370 ns, Total: 91640 ns
[2020-02-21T07:23:44.595+0000][1][safepoint    ] Safepoint "RevokeBias", Time since last: 2505219029 ns, Reaching safepoint: 73877 ns, At safepoint: 17861 ns, Total: 91738 ns
[2020-02-21T07:23:47.098+0000][1][safepoint    ] Safepoint "RevokeBias", Time since last: 2503105789 ns, Reaching safepoint: 113267 ns, At safepoint: 28146 ns, Total: 141413 ns
[2020-02-21T07:23:49.614+0000][1][safepoint    ] Safepoint "RevokeBias", Time since last: 2515167876 ns, Reaching safepoint: 71043 ns, At safepoint: 17225 ns, Total: 88268 ns
[2020-02-21T07:23:52.124+0000][1][safepoint    ] Safepoint "RevokeBias", Time since last: 2509870353 ns, Reaching safepoint: 73555 ns, At safepoint: 18614 ns, Total: 92169 ns
[2020-02-21T07:23:54.638+0000][1][safepoint    ] Safepoint "RevokeBias", Time since last: 2514309951 ns, Reaching safepoint: 201771 ns, At safepoint: 52292 ns, Total: 254063 ns
[2020-02-21T07:23:57.147+0000][1][safepoint    ] Safepoint "RevokeBias", Time since last: 2508410116 ns, Reaching safepoint: 72946 ns, At safepoint: 17332 ns, Total: 90278 ns
[2020-02-21T07:23:59.650+0000][1][safepoint    ] Safepoint "RevokeBias", Time since last: 2503183898 ns, Reaching safepoint: 71953 ns, At safepoint: 17495 ns, Total: 89448 ns
[2020-02-21T07:24:02.153+0000][1][safepoint    ] Safepoint "RevokeBias", Time since last: 2503248318 ns, Reaching safepoint: 108091 ns, At safepoint: 27099 ns, Total: 135190 ns
[2020-02-21T07:24:04.655+0000][1][safepoint    ] Safepoint "RevokeBias", Time since last: 2501866057 ns, Reaching safepoint: 73716 ns, At safepoint: 17222 ns, Total: 90938 ns
[2020-02-21T07:24:07.170+0000][1][safepoint    ] Safepoint "RevokeBias", Time since last: 2514577705 ns, Reaching safepoint: 88208 ns, At safepoint: 19807 ns, Total: 108015 ns
[2020-02-21T07:24:09.686+0000][1][safepoint    ] Safepoint "RevokeBias", Time since last: 2515337557 ns, Reaching safepoint: 184089 ns, At safepoint: 21125 ns, Total: 205214 ns
[2020-02-21T07:24:12.189+0000][1][safepoint    ] Safepoint "RevokeBias", Time since last: 2503663778 ns, Reaching safepoint: 91909 ns, At safepoint: 22123 ns, Total: 114032 ns
[2020-02-21T07:24:14.695+0000][1][safepoint    ] Safepoint "RevokeBias", Time since last: 2505506445 ns, Reaching safepoint: 73001 ns, At safepoint: 17591 ns, Total: 90592 ns
[2020-02-21T07:24:17.199+0000][1][safepoint    ] Safepoint "RevokeBias", Time since last: 2503778667 ns, Reaching safepoint: 118685 ns, At safepoint: 20867 ns, Total: 139552 ns
[2020-02-21T07:24:19.702+0000][1][safepoint    ] Safepoint "RevokeBias", Time since last: 2503321225 ns, Reaching safepoint: 100718 ns, At safepoint: 20106 ns, Total: 120824 ns
[2020-02-21T07:24:22.206+0000][1][safepoint    ] Safepoint "RevokeBias", Time since last: 2503345456 ns, Reaching safepoint: 75706 ns, At safepoint: 17806 ns, Total: 93512 ns
[2020-02-21T07:24:24.728+0000][1][safepoint    ] Safepoint "BulkRevokeBias", Time since last: 2522186128 ns, Reaching safepoint: 89025 ns, At safepoint: 297344 ns, Total: 386369 ns
[2020-02-21T07:24:27.238+0000][1][safepoint    ] Safepoint "RevokeBias", Time since last: 2509329374 ns, Reaching safepoint: 78035 ns, At safepoint: 18824 ns, Total: 96859 ns
[2020-02-21T07:24:29.742+0000][1][safepoint    ] Safepoint "RevokeBias", Time since last: 2504349207 ns, Reaching safepoint: 70973 ns, At safepoint: 17438 ns, Total: 88411 ns
[2020-02-21T07:24:32.248+0000][1][safepoint    ] Safepoint "RevokeBias", Time since last: 2505205616 ns, Reaching safepoint: 88871 ns, At safepoint: 20862 ns, Total: 109733 ns
[2020-02-21T07:24:34.754+0000][1][safepoint    ] Safepoint "RevokeBias", Time since last: 2506096669 ns, Reaching safepoint: 74350 ns, At safepoint: 17459 ns, Total: 91809 ns
[2020-02-21T07:24:37.258+0000][1][safepoint    ] Safepoint "RevokeBias", Time since last: 2503917304 ns, Reaching safepoint: 113078 ns, At safepoint: 29112 ns, Total: 142190 ns
[2020-02-21T07:24:39.762+0000][1][safepoint    ] Safepoint "RevokeBias", Time since last: 2504173693 ns, Reaching safepoint: 73673 ns, At safepoint: 18455 ns, Total: 92128 ns
[2020-02-21T07:24:42.273+0000][1][safepoint    ] Safepoint "RevokeBias", Time since last: 2511035464 ns, Reaching safepoint: 74981 ns, At safepoint: 18320 ns, Total: 93301 ns
[2020-02-21T07:24:44.783+0000][1][safepoint    ] Safepoint "RevokeBias", Time since last: 2509763924 ns, Reaching safepoint: 107882 ns, At safepoint: 27257 ns, Total: 135139 ns
[2020-02-21T07:24:47.288+0000][1][safepoint    ] Safepoint "RevokeBias", Time since last: 2504968652 ns, Reaching safepoint: 232247 ns, At safepoint: 28151 ns, Total: 260398 ns
[2020-02-21T07:24:49.792+0000][1][safepoint    ] Safepoint "RevokeBias", Time since last: 2503764985 ns, Reaching safepoint: 74683 ns, At safepoint: 17554 ns, Total: 92237 ns
[2020-02-21T07:24:52.295+0000][1][safepoint    ] Safepoint "RevokeBias", Time since last: 2502898087 ns, Reaching safepoint: 70125 ns, At safepoint: 17372 ns, Total: 87497 ns
[2020-02-21T07:24:54.800+0000][1][safepoint    ] Safepoint "RevokeBias", Time since last: 2505083969 ns, Reaching safepoint: 73356 ns, At safepoint: 17211 ns, Total: 90567 ns
[2020-02-21T07:24:57.304+0000][1][safepoint    ] Safepoint "RevokeBias", Time since last: 2503836173 ns, Reaching safepoint: 138643 ns, At safepoint: 28999 ns, Total: 167642 ns
[2020-02-21T07:24:59.816+0000][1][safepoint    ] Safepoint "RevokeBias", Time since last: 2512058878 ns, Reaching safepoint: 71606 ns, At safepoint: 17123 ns, Total: 88729 ns
[2020-02-21T07:25:02.326+0000][1][safepoint    ] Safepoint "RevokeBias", Time since last: 2509836850 ns, Reaching safepoint: 73129 ns, At safepoint: 17686 ns, Total: 90815 ns
[2020-02-21T07:25:04.830+0000][1][safepoint    ] Safepoint "RevokeBias", Time since last: 2503159710 ns, Reaching safepoint: 75839 ns, At safepoint: 18671 ns, Total: 94510 ns
[2020-02-21T07:25:07.333+0000][1][safepoint    ] Safepoint "RevokeBias", Time since last: 2503340679 ns, Reaching safepoint: 73746 ns, At safepoint: 17543 ns, Total: 91289 ns
[2020-02-21T07:25:09.839+0000][1][safepoint    ] Safepoint "RevokeBias", Time since last: 2506080252 ns, Reaching safepoint: 72714 ns, At safepoint: 18329 ns, Total: 91043 ns
[2020-02-21T07:25:12.342+0000][1][safepoint    ] Safepoint "RevokeBias", Time since last: 2502313854 ns, Reaching safepoint: 72446 ns, At safepoint: 17208 ns, Total: 89654 ns
[2020-02-21T07:25:14.845+0000][1][safepoint    ] Safepoint "RevokeBias", Time since last: 2503413407 ns, Reaching safepoint: 71323 ns, At safepoint: 17501 ns, Total: 88824 ns
[2020-02-21T07:25:17.362+0000][1][safepoint    ] Safepoint "RevokeBias", Time since last: 2517211074 ns, Reaching safepoint: 72934 ns, At safepoint: 17714 ns, Total: 90648 ns
[2020-02-21T07:25:19.877+0000][1][safepoint    ] Safepoint "RevokeBias", Time since last: 2514659115 ns, Reaching safepoint: 75966 ns, At safepoint: 18772 ns, Total: 94738 ns
[2020-02-21T07:25:22.380+0000][1][safepoint    ] Safepoint "RevokeBias", Time since last: 2503145849 ns, Reaching safepoint: 55943 ns, At safepoint: 15396 ns, Total: 71339 ns
[2020-02-21T07:25:24.886+0000][1][safepoint    ] Safepoint "RevokeBias", Time since last: 2505459785 ns, Reaching safepoint: 98608 ns, At safepoint: 26710 ns, Total: 125318 ns
[2020-02-21T07:25:27.389+0000][1][safepoint    ] Safepoint "RevokeBias", Time since last: 2502986571 ns, Reaching safepoint: 84797 ns, At safepoint: 20390 ns, Total: 105187 ns
[2020-02-21T07:25:29.894+0000][1][safepoint    ] Safepoint "RevokeBias", Time since last: 2505257778 ns, Reaching safepoint: 70561 ns, At safepoint: 16921 ns, Total: 87482 ns
[2020-02-21T07:25:32.398+0000][1][safepoint    ] Safepoint "RevokeBias", Time since last: 2503087769 ns, Reaching safepoint: 75260 ns, At safepoint: 18294 ns, Total: 93554 ns
[2020-02-21T07:25:34.907+0000][1][safepoint    ] Safepoint "RevokeBias", Time since last: 2509595497 ns, Reaching safepoint: 70591 ns, At safepoint: 17336 ns, Total: 87927 ns
[2020-02-21T07:25:37.417+0000][1][safepoint    ] Safepoint "BulkRevokeBias", Time since last: 2509416852 ns, Reaching safepoint: 81493 ns, At safepoint: 236189 ns, Total: 317682 ns
[2020-02-21T07:25:39.921+0000][1][safepoint    ] Safepoint "RevokeBias", Time since last: 2504263296 ns, Reaching safepoint: 71846 ns, At safepoint: 17279 ns, Total: 89125 ns
[2020-02-21T07:25:42.425+0000][1][safepoint    ] Safepoint "RevokeBias", Time since last: 2503515893 ns, Reaching safepoint: 74184 ns, At safepoint: 17917 ns, Total: 92101 ns
[2020-02-21T07:25:43.094+0000][1][gc,start     ] GC(184) Pause Young (Allocation Failure)
[2020-02-21T07:25:43.094+0000][1][gc,task      ] GC(184) Using 1 workers of 1 for evacuation
[2020-02-21T07:25:43.104+0000][1][gc,age       ] GC(184) Desired survivor size 4358144 bytes, new threshold 6 (max threshold 6)
[2020-02-21T07:25:43.104+0000][1][gc,age       ] GC(184) Age table with threshold 6 (max threshold 6)
[2020-02-21T07:25:43.104+0000][1][gc,age       ] GC(184) - age   1:      13440 bytes,      13440 total
[2020-02-21T07:25:43.104+0000][1][gc,age       ] GC(184) - age   2:        120 bytes,      13560 total
[2020-02-21T07:25:43.104+0000][1][gc,age       ] GC(184) - age   3:        120 bytes,      13680 total
[2020-02-21T07:25:43.104+0000][1][gc,age       ] GC(184) - age   5:       2208 bytes,      15888 total
[2020-02-21T07:25:43.104+0000][1][gc,age       ] GC(184) - age   6:        456 bytes,      16344 total
[2020-02-21T07:25:43.105+0000][1][gc,heap      ] GC(184) ParNew: 68188K->17K(76672K)
[2020-02-21T07:25:43.105+0000][1][gc,heap      ] GC(184) CMS: 62627K->62627K(963392K)
[2020-02-21T07:25:43.105+0000][1][gc,metaspace ] GC(184) Metaspace: 80647K->80647K(1124352K)
[2020-02-21T07:25:43.105+0000][1][gc           ] GC(184) Pause Young (Allocation Failure) 127M->61M(1015M) 10.553ms
[2020-02-21T07:25:43.105+0000][1][gc,cpu       ] GC(184) User=0.01s Sys=0.00s Real=0.01s
[2020-02-21T07:25:43.105+0000][1][safepoint    ] Safepoint "GenCollectForAllocation", Time since last: 668970975 ns, Reaching safepoint: 90616 ns, At safepoint: 10608315 ns, Total: 10698931 ns
[2020-02-21T07:25:44.931+0000][1][safepoint    ] Safepoint "RevokeBias", Time since last: 1826648977 ns, Reaching safepoint: 85484 ns, At safepoint: 21172 ns, Total: 106656 ns
[2020-02-21T07:25:47.436+0000][1][safepoint    ] Safepoint "RevokeBias", Time since last: 2504186504 ns, Reaching safepoint: 89512 ns, At safepoint: 20610 ns, Total: 110122 ns
[2020-02-21T07:25:49.939+0000][1][safepoint    ] Safepoint "RevokeBias", Time since last: 2503522067 ns, Reaching safepoint: 170987 ns, At safepoint: 19256 ns, Total: 190243 ns
[2020-02-21T07:25:52.450+0000][1][safepoint    ] Safepoint "RevokeBias", Time since last: 2510445689 ns, Reaching safepoint: 73605 ns, At safepoint: 17660 ns, Total: 91265 ns
[2020-02-21T07:25:54.960+0000][1][safepoint    ] Safepoint "RevokeBias", Time since last: 2510179550 ns, Reaching safepoint: 107593 ns, At safepoint: 21128 ns, Total: 128721 ns
[2020-02-21T07:25:57.463+0000][1][safepoint    ] Safepoint "RevokeBias", Time since last: 2502516746 ns, Reaching safepoint: 108254 ns, At safepoint: 30885 ns, Total: 139139 ns
[2020-02-21T07:25:59.968+0000][1][safepoint    ] Safepoint "RevokeBias", Time since last: 2504828766 ns, Reaching safepoint: 74897 ns, At safepoint: 18208 ns, Total: 93105 ns
[2020-02-21T07:26:02.472+0000][1][safepoint    ] Safepoint "RevokeBias", Time since last: 2503683387 ns, Reaching safepoint: 75887 ns, At safepoint: 17958 ns, Total: 93845 ns
[2020-02-21T07:26:04.974+0000][1][safepoint    ] Safepoint "RevokeBias", Time since last: 2502729425 ns, Reaching safepoint: 88130 ns, At safepoint: 22748 ns, Total: 110878 ns
[2020-02-21T07:26:07.481+0000][1][safepoint    ] Safepoint "RevokeBias", Time since last: 2505966220 ns, Reaching safepoint: 112896 ns, At safepoint: 27263 ns, Total: 140159 ns
[2020-02-21T07:26:09.993+0000][1][safepoint    ] Safepoint "RevokeBias", Time since last: 2511750793 ns, Reaching safepoint: 144941 ns, At safepoint: 114121 ns, Total: 259062 ns
[2020-02-21T07:26:12.502+0000][1][safepoint    ] Safepoint "RevokeBias", Time since last: 2509482013 ns, Reaching safepoint: 128946 ns, At safepoint: 58726 ns, Total: 187672 ns
[2020-02-21T07:26:15.009+0000][1][safepoint    ] Safepoint "RevokeBias", Time since last: 2506635565 ns, Reaching safepoint: 73224 ns, At safepoint: 17727 ns, Total: 90951 ns
[2020-02-21T07:26:17.514+0000][1][safepoint    ] Safepoint "RevokeBias", Time since last: 2504786465 ns, Reaching safepoint: 154556 ns, At safepoint: 57712 ns, Total: 212268 ns
[2020-02-21T07:26:20.016+0000][1][safepoint    ] Safepoint "RevokeBias", Time since last: 2502380968 ns, Reaching safepoint: 70607 ns, At safepoint: 17698 ns, Total: 88305 ns
[2020-02-21T07:26:22.521+0000][1][safepoint    ] Safepoint "RevokeBias", Time since last: 2504870828 ns, Reaching safepoint: 74224 ns, At safepoint: 17470 ns, Total: 91694 ns
[2020-02-21T07:26:25.027+0000][1][safepoint    ] Safepoint "RevokeBias", Time since last: 2505641860 ns, Reaching safepoint: 73584 ns, At safepoint: 18136 ns, Total: 91720 ns
[2020-02-21T07:26:27.538+0000][1][safepoint    ] Safepoint "RevokeBias", Time since last: 2510770827 ns, Reaching safepoint: 74469 ns, At safepoint: 17740 ns, Total: 92209 ns
[2020-02-21T07:26:30.050+0000][1][safepoint    ] Safepoint "RevokeBias", Time since last: 2511699402 ns, Reaching safepoint: 73816 ns, At safepoint: 17840 ns, Total: 91656 ns
[2020-02-21T07:26:32.553+0000][1][safepoint    ] Safepoint "RevokeBias", Time since last: 2503047978 ns, Reaching safepoint: 103006 ns, At safepoint: 20088 ns, Total: 123094 ns
[2020-02-21T07:26:35.056+0000][1][safepoint    ] Safepoint "RevokeBias", Time since last: 2503156335 ns, Reaching safepoint: 61317 ns, At safepoint: 19003 ns, Total: 80320 ns
[2020-02-21T07:26:37.560+0000][1][safepoint    ] Safepoint "RevokeBias", Time since last: 2504123376 ns, Reaching safepoint: 74175 ns, At safepoint: 17456 ns, Total: 91631 ns
[2020-02-21T07:26:40.067+0000][1][safepoint    ] Safepoint "RevokeBias", Time since last: 2506607247 ns, Reaching safepoint: 76182 ns, At safepoint: 18614 ns, Total: 94796 ns
[2020-02-21T07:26:42.572+0000][1][safepoint    ] Safepoint "RevokeBias", Time since last: 2504250950 ns, Reaching safepoint: 174863 ns, At safepoint: 44885 ns, Total: 219748 ns
[2020-02-21T07:26:45.086+0000][1][safepoint    ] Safepoint "RevokeBias", Time since last: 2514083079 ns, Reaching safepoint: 171425 ns, At safepoint: 20418 ns, Total: 191843 ns
[2020-02-21T07:26:47.596+0000][1][safepoint    ] Safepoint "RevokeBias", Time since last: 2509538112 ns, Reaching safepoint: 91917 ns, At safepoint: 21312 ns, Total: 113229 ns
[2020-02-21T07:26:50.098+0000][1][safepoint    ] Safepoint "BulkRevokeBias", Time since last: 2502094080 ns, Reaching safepoint: 71858 ns, At safepoint: 233076 ns, Total: 304934 ns
[2020-02-21T07:26:52.602+0000][1][safepoint    ] Safepoint "RevokeBias", Time since last: 2504127088 ns, Reaching safepoint: 80741 ns, At safepoint: 20385 ns, Total: 101126 ns
[2020-02-21T07:26:55.109+0000][1][safepoint    ] Safepoint "RevokeBias", Time since last: 2506318951 ns, Reaching safepoint: 182315 ns, At safepoint: 24751 ns, Total: 207066 ns
[2020-02-21T07:26:57.613+0000][1][safepoint    ] Safepoint "RevokeBias", Time since last: 2504072245 ns, Reaching safepoint: 444151 ns, At safepoint: 27743 ns, Total: 471894 ns
[2020-02-21T07:27:00.118+0000][1][safepoint    ] Safepoint "RevokeBias", Time since last: 2504931937 ns, Reaching safepoint: 59075 ns, At safepoint: 17070 ns, Total: 76145 ns
[2020-02-21T07:27:02.628+0000][1][safepoint    ] Safepoint "RevokeBias", Time since last: 2510078716 ns, Reaching safepoint: 76841 ns, At safepoint: 18328 ns, Total: 95169 ns
[2020-02-21T07:27:05.138+0000][1][safepoint    ] Safepoint "RevokeBias", Time since last: 2509340631 ns, Reaching safepoint: 75096 ns, At safepoint: 18226 ns, Total: 93322 ns
[2020-02-21T07:27:07.643+0000][1][safepoint    ] Safepoint "RevokeBias", Time since last: 2505393214 ns, Reaching safepoint: 71664 ns, At safepoint: 17160 ns, Total: 88824 ns
[2020-02-21T07:27:10.149+0000][1][safepoint    ] Safepoint "RevokeBias", Time since last: 2505995101 ns, Reaching safepoint: 74006 ns, At safepoint: 18848 ns, Total: 92854 ns
