[2020-02-27T04:25:18.101+0000][1][gc] Using Concurrent Mark Sweep
[2020-02-27T04:25:18.101+0000][1][gc,heap,coops] Heap address: 0x00000000c0000000, size: 1024 MB, Compressed Oops mode: 32-bit
[2020-02-27T04:25:18.535+0000][1][safepoint    ] Safepoint "EnableBiasedLocking", Time since last: 359095441 ns, Reaching safepoint: 4359793 ns, At safepoint: 55281 ns, Total: 4415074 ns
[2020-02-27T04:25:18.573+0000][1][safepoint    ] Safepoint "RevokeBias", Time since last: 19073327 ns, Reaching safepoint: 18126254 ns, At safepoint: 91077 ns, Total: 18217331 ns
[2020-02-27T04:25:18.782+0000][1][safepoint    ] Safepoint "Deoptimize", Time since last: 209833740 ns, Reaching safepoint: 27396 ns, At safepoint: 40052 ns, Total: 67448 ns
[2020-02-27T04:25:19.783+0000][1][safepoint    ] Safepoint "Cleanup", Time since last: 1000207663 ns, Reaching safepoint: 44784 ns, At safepoint: 10130 ns, Total: 54914 ns
[2020-02-27T04:25:22.784+0000][1][safepoint    ] Safepoint "Cleanup", Time since last: 3001447790 ns, Reaching safepoint: 35868 ns, At safepoint: 6554 ns, Total: 42422 ns
[2020-02-27T04:25:31.787+0000][1][safepoint    ] Safepoint "Cleanup", Time since last: 9003216107 ns, Reaching safepoint: 34151 ns, At safepoint: 5639 ns, Total: 39790 ns
[2020-02-27T04:25:38.905+0000][1][safepoint    ] Safepoint "Cleanup", Time since last: 7008216436 ns, Reaching safepoint: 108855585 ns, At safepoint: 7487 ns, Total: 108863072 ns
[2020-02-27T04:25:42.880+0000][1][safepoint    ] Safepoint "Deoptimize", Time since last: 3975041620 ns, Reaching safepoint: 28508 ns, At safepoint: 112717 ns, Total: 141225 ns
[2020-02-27T04:25:43.880+0000][1][safepoint    ] Safepoint "Cleanup", Time since last: 1000306939 ns, Reaching safepoint: 49443 ns, At safepoint: 4558 ns, Total: 54001 ns
[2020-02-27T04:25:44.880+0000][1][safepoint    ] Safepoint "Cleanup", Time since last: 1000339587 ns, Reaching safepoint: 46279 ns, At safepoint: 8431 ns, Total: 54710 ns
[2020-02-27T04:25:50.890+0000][1][safepoint    ] Safepoint "Cleanup", Time since last: 6009907472 ns, Reaching safepoint: 42642 ns, At safepoint: 6709 ns, Total: 49351 ns
[2020-02-27T04:25:51.891+0000][1][safepoint    ] Safepoint "Cleanup", Time since last: 1000385630 ns, Reaching safepoint: 62408 ns, At safepoint: 7568 ns, Total: 69976 ns
[2020-02-27T04:25:52.892+0000][1][safepoint    ] Safepoint "Cleanup", Time since last: 1001139784 ns, Reaching safepoint: 50823 ns, At safepoint: 7913 ns, Total: 58736 ns
[2020-02-27T04:25:53.892+0000][1][safepoint    ] Safepoint "Cleanup", Time since last: 1000274488 ns, Reaching safepoint: 49098 ns, At safepoint: 7939 ns, Total: 57037 ns
[2020-02-27T04:25:54.893+0000][1][safepoint    ] Safepoint "Cleanup", Time since last: 1000248032 ns, Reaching safepoint: 44297 ns, At safepoint: 6704 ns, Total: 51001 ns
[2020-02-27T04:25:55.893+0000][1][safepoint    ] Safepoint "Cleanup", Time since last: 1000189544 ns, Reaching safepoint: 48556 ns, At safepoint: 6675 ns, Total: 55231 ns
[2020-02-27T04:25:58.894+0000][1][safepoint    ] Safepoint "Cleanup", Time since last: 3001136162 ns, Reaching safepoint: 51074 ns, At safepoint: 4764 ns, Total: 55838 ns
[2020-02-27T04:26:00.906+0000][1][safepoint    ] Safepoint "Cleanup", Time since last: 2012171331 ns, Reaching safepoint: 46324 ns, At safepoint: 3698 ns, Total: 50022 ns
[2020-02-27T04:26:04.910+0000][1][safepoint    ] Safepoint "Cleanup", Time since last: 4003492171 ns, Reaching safepoint: 38600 ns, At safepoint: 6447 ns, Total: 45047 ns
[2020-02-27T04:26:05.910+0000][1][safepoint    ] Safepoint "Cleanup", Time since last: 1000237004 ns, Reaching safepoint: 41549 ns, At safepoint: 6090 ns, Total: 47639 ns
[2020-02-27T04:26:06.911+0000][1][safepoint    ] Safepoint "Cleanup", Time since last: 1000342363 ns, Reaching safepoint: 135158 ns, At safepoint: 25049 ns, Total: 160207 ns
[2020-02-27T04:26:14.926+0000][1][safepoint    ] Safepoint "Cleanup", Time since last: 8015551103 ns, Reaching safepoint: 41118 ns, At safepoint: 6417 ns, Total: 47535 ns
[2020-02-27T04:26:15.927+0000][1][safepoint    ] Safepoint "Cleanup", Time since last: 1000276772 ns, Reaching safepoint: 42278 ns, At safepoint: 8307 ns, Total: 50585 ns
[2020-02-27T04:26:16.635+0000][1][safepoint    ] Safepoint "Deoptimize", Time since last: 708605687 ns, Reaching safepoint: 16513 ns, At safepoint: 96111 ns, Total: 112624 ns
[2020-02-27T04:26:17.636+0000][1][safepoint    ] Safepoint "Cleanup", Time since last: 1000514222 ns, Reaching safepoint: 46935 ns, At safepoint: 4793 ns, Total: 51728 ns
[2020-02-27T04:26:18.715+0000][1][safepoint    ] Safepoint "Cleanup", Time since last: 1000257638 ns, Reaching safepoint: 78758563 ns, At safepoint: 8070 ns, Total: 78766633 ns
[2020-02-27T04:26:19.715+0000][1][safepoint    ] Safepoint "Cleanup", Time since last: 1000336380 ns, Reaching safepoint: 50614 ns, At safepoint: 4429 ns, Total: 55043 ns
[2020-02-27T04:26:20.614+0000][1][safepoint    ] Safepoint "Deoptimize", Time since last: 898706083 ns, Reaching safepoint: 30228 ns, At safepoint: 124942 ns, Total: 155170 ns
[2020-02-27T04:26:21.861+0000][1][safepoint    ] Safepoint "Cleanup", Time since last: 1001028344 ns, Reaching safepoint: 245367775 ns, At safepoint: 7025 ns, Total: 245374800 ns
[2020-02-27T04:26:23.619+0000][1][safepoint    ] Safepoint "Cleanup", Time since last: 1000275051 ns, Reaching safepoint: 757972143 ns, At safepoint: 8461 ns, Total: 757980604 ns
[2020-02-27T04:26:25.376+0000][1][safepoint    ] Safepoint "Deoptimize", Time since last: 1756641981 ns, Reaching safepoint: 18714 ns, At safepoint: 120805 ns, Total: 139519 ns
[2020-02-27T04:26:26.376+0000][1][safepoint    ] Safepoint "Cleanup", Time since last: 1000444963 ns, Reaching safepoint: 49279 ns, At safepoint: 3927 ns, Total: 53206 ns
[2020-02-27T04:26:31.379+0000][1][safepoint    ] Safepoint "Cleanup", Time since last: 5003239638 ns, Reaching safepoint: 46036 ns, At safepoint: 7332 ns, Total: 53368 ns
[2020-02-27T04:26:32.380+0000][1][safepoint    ] Safepoint "Cleanup", Time since last: 1000363152 ns, Reaching safepoint: 58216 ns, At safepoint: 5583 ns, Total: 63799 ns
[2020-02-27T04:26:33.442+0000][1][safepoint    ] Safepoint "Cleanup", Time since last: 1000938687 ns, Reaching safepoint: 61082602 ns, At safepoint: 23474 ns, Total: 61106076 ns
[2020-02-27T04:26:38.444+0000][1][safepoint    ] Safepoint "Cleanup", Time since last: 5002409566 ns, Reaching safepoint: 52937 ns, At safepoint: 6016 ns, Total: 58953 ns
[2020-02-27T04:26:39.474+0000][1][safepoint    ] Safepoint "Cleanup", Time since last: 1010150344 ns, Reaching safepoint: 19168798 ns, At safepoint: 10463 ns, Total: 19179261 ns
[2020-02-27T04:26:40.543+0000][1][safepoint    ] Safepoint "Cleanup", Time since last: 1006722681 ns, Reaching safepoint: 63067940 ns, At safepoint: 6083 ns, Total: 63074023 ns
[2020-02-27T04:26:41.575+0000][1][safepoint    ] Safepoint "Cleanup", Time since last: 1001507626 ns, Reaching safepoint: 29537524 ns, At safepoint: 11084 ns, Total: 29548608 ns
[2020-02-27T04:26:43.549+0000][1][safepoint    ] Safepoint "Deoptimize", Time since last: 1974651362 ns, Reaching safepoint: 22528 ns, At safepoint: 139069 ns, Total: 161597 ns
[2020-02-27T04:26:44.559+0000][1][safepoint    ] Safepoint "Cleanup", Time since last: 1006596485 ns, Reaching safepoint: 3305501 ns, At safepoint: 8632 ns, Total: 3314133 ns
[2020-02-27T04:26:45.601+0000][1][safepoint    ] Safepoint "Cleanup", Time since last: 1006365895 ns, Reaching safepoint: 35266336 ns, At safepoint: 11492 ns, Total: 35277828 ns
[2020-02-27T04:26:45.973+0000][1][safepoint    ] Safepoint "Deoptimize", Time since last: 372032411 ns, Reaching safepoint: 39633 ns, At safepoint: 140107 ns, Total: 179740 ns
[2020-02-27T04:26:46.976+0000][1][safepoint    ] Safepoint "Cleanup", Time since last: 1002690812 ns, Reaching safepoint: 31182 ns, At safepoint: 5305 ns, Total: 36487 ns
[2020-02-27T04:26:47.980+0000][1][safepoint    ] Safepoint "Cleanup", Time since last: 1004285510 ns, Reaching safepoint: 46318 ns, At safepoint: 6903 ns, Total: 53221 ns
[2020-02-27T04:26:48.532+0000][1][safepoint    ] Safepoint "Deoptimize", Time since last: 551341265 ns, Reaching safepoint: 31914 ns, At safepoint: 193907 ns, Total: 225821 ns
[2020-02-27T04:26:48.536+0000][1][safepoint    ] Safepoint "RevokeBias", Time since last: 4034212 ns, Reaching safepoint: 40545 ns, At safepoint: 130215 ns, Total: 170760 ns
[2020-02-27T04:26:49.559+0000][1][safepoint    ] Safepoint "Cleanup", Time since last: 1003337970 ns, Reaching safepoint: 19849006 ns, At safepoint: 9805 ns, Total: 19858811 ns
[2020-02-27T04:26:50.861+0000][1][safepoint    ] Safepoint "Cleanup", Time since last: 1002159412 ns, Reaching safepoint: 300011925 ns, At safepoint: 15689 ns, Total: 300027614 ns
[2020-02-27T04:26:51.864+0000][1][safepoint    ] Safepoint "Cleanup", Time since last: 1002849472 ns, Reaching safepoint: 54157 ns, At safepoint: 4487 ns, Total: 58644 ns
[2020-02-27T04:26:53.002+0000][1][safepoint    ] Safepoint "Cleanup", Time since last: 1002769546 ns, Reaching safepoint: 134894430 ns, At safepoint: 6483 ns, Total: 134900913 ns
[2020-02-27T04:26:54.034+0000][1][safepoint    ] Safepoint "Cleanup", Time since last: 1020226924 ns, Reaching safepoint: 12065781 ns, At safepoint: 5553 ns, Total: 12071334 ns
[2020-02-27T04:26:55.035+0000][1][safepoint    ] Safepoint "Cleanup", Time since last: 1000569907 ns, Reaching safepoint: 56139 ns, At safepoint: 5053 ns, Total: 61192 ns
[2020-02-27T04:26:56.035+0000][1][safepoint    ] Safepoint "Cleanup", Time since last: 1000412200 ns, Reaching safepoint: 46595 ns, At safepoint: 10365 ns, Total: 56960 ns
[2020-02-27T04:26:57.036+0000][1][safepoint    ] Safepoint "Cleanup", Time since last: 1000568856 ns, Reaching safepoint: 57121 ns, At safepoint: 4351 ns, Total: 61472 ns
[2020-02-27T04:26:59.158+0000][1][safepoint    ] Safepoint "Deoptimize", Time since last: 2121973498 ns, Reaching safepoint: 16135 ns, At safepoint: 221694 ns, Total: 237829 ns
[2020-02-27T04:26:59.159+0000][1][safepoint    ] Safepoint "Deoptimize", Time since last: 201563 ns, Reaching safepoint: 13211 ns, At safepoint: 229041 ns, Total: 242252 ns
[2020-02-27T04:27:00.193+0000][1][safepoint    ] Safepoint "Cleanup", Time since last: 1005900408 ns, Reaching safepoint: 29005381 ns, At safepoint: 8168 ns, Total: 29013549 ns
[2020-02-27T04:27:02.210+0000][1][safepoint    ] Safepoint "Cleanup", Time since last: 2000997267 ns, Reaching safepoint: 15979095 ns, At safepoint: 8907 ns, Total: 15988002 ns
[2020-02-27T04:27:02.381+0000][1][safepoint    ] Safepoint "Deoptimize", Time since last: 170144210 ns, Reaching safepoint: 31565 ns, At safepoint: 318246 ns, Total: 349811 ns
[2020-02-27T04:27:02.426+0000][1][safepoint    ] Safepoint "Deoptimize", Time since last: 44448367 ns, Reaching safepoint: 23574 ns, At safepoint: 202454 ns, Total: 226028 ns
[2020-02-27T04:27:02.571+0000][1][safepoint    ] Safepoint "RevokeBias", Time since last: 134913537 ns, Reaching safepoint: 9968533 ns, At safepoint: 35329 ns, Total: 10003862 ns
[2020-02-27T04:27:02.609+0000][1][safepoint    ] Safepoint "RevokeBias", Time since last: 2213386 ns, Reaching safepoint: 36568304 ns, At safepoint: 32376 ns, Total: 36600680 ns
[2020-02-27T04:27:02.626+0000][1][safepoint    ] Safepoint "RevokeBias", Time since last: 517308 ns, Reaching safepoint: 16492356 ns, At safepoint: 32201 ns, Total: 16524557 ns
[2020-02-27T04:27:02.682+0000][1][safepoint    ] Safepoint "RevokeBias", Time since last: 31486235 ns, Reaching safepoint: 24265923 ns, At safepoint: 60635 ns, Total: 24326558 ns
[2020-02-27T04:27:02.765+0000][1][safepoint    ] Safepoint "RevokeBias", Time since last: 63519911 ns, Reaching safepoint: 19222695 ns, At safepoint: 29690 ns, Total: 19252385 ns
[2020-02-27T04:27:03.766+0000][1][safepoint    ] Safepoint "Cleanup", Time since last: 1001287148 ns, Reaching safepoint: 49066 ns, At safepoint: 7486 ns, Total: 56552 ns
[2020-02-27T04:27:05.897+0000][1][safepoint    ] Safepoint "Cleanup", Time since last: 2000781694 ns, Reaching safepoint: 129485142 ns, At safepoint: 12810 ns, Total: 129497952 ns
[2020-02-27T04:27:07.048+0000][1][safepoint    ] Safepoint "Cleanup", Time since last: 1000120582 ns, Reaching safepoint: 151553145 ns, At safepoint: 8841 ns, Total: 151561986 ns
[2020-02-27T04:27:08.164+0000][1][safepoint    ] Safepoint "Cleanup", Time since last: 1002611976 ns, Reaching safepoint: 112734848 ns, At safepoint: 14856 ns, Total: 112749704 ns
[2020-02-27T04:27:09.170+0000][1][safepoint    ] Safepoint "Cleanup", Time since last: 1006236772 ns, Reaching safepoint: 478163 ns, At safepoint: 9575 ns, Total: 487738 ns
[2020-02-27T04:27:11.320+0000][1][safepoint    ] Safepoint "Cleanup", Time since last: 2005637936 ns, Reaching safepoint: 143468313 ns, At safepoint: 9635 ns, Total: 143477948 ns
[2020-02-27T04:27:12.329+0000][1][safepoint    ] Safepoint "Cleanup", Time since last: 1000347506 ns, Reaching safepoint: 9471341 ns, At safepoint: 13236 ns, Total: 9484577 ns
[2020-02-27T04:27:20.401+0000][1][gc,start     ] GC(0) Pause Young (Allocation Failure)
[2020-02-27T04:27:20.601+0000][1][gc,task      ] GC(0) Using 1 workers of 1 for evacuation
[2020-02-27T04:27:32.352+0000][1][gc,age       ] GC(0) Desired survivor size 4358144 bytes, new threshold 1 (max threshold 6)
[2020-02-27T04:27:32.352+0000][1][gc,age       ] GC(0) Age table with threshold 1 (max threshold 6)
[2020-02-27T04:27:32.352+0000][1][gc,age       ] GC(0) - age   1:    8402560 bytes,    8402560 total
[2020-02-27T04:27:32.381+0000][1][gc,heap      ] GC(0) ParNew: 68160K->8244K(76672K)
[2020-02-27T04:27:32.381+0000][1][gc,heap      ] GC(0) CMS: 0K->0K(963392K)
[2020-02-27T04:27:32.381+0000][1][gc,metaspace ] GC(0) Metaspace: 12600K->12600K(1060864K)
[2020-02-27T04:27:32.381+0000][1][gc           ] GC(0) Pause Young (Allocation Failure) 66M->8M(1015M) 11980.435ms
[2020-02-27T04:27:32.381+0000][1][gc,cpu       ] GC(0) User=0.06s Sys=0.05s Real=11.99s
[2020-02-27T04:27:32.381+0000][1][safepoint    ] Safepoint "GenCollectForAllocation", Time since last: 8071150057 ns, Reaching safepoint: 30401 ns, At safepoint: 11980501338 ns, Total: 11980531739 ns
[2020-02-27T04:27:32.550+0000][1][safepoint    ] Safepoint "RevokeBias", Time since last: 95719231 ns, Reaching safepoint: 73158253 ns, At safepoint: 35543 ns, Total: 73193796 ns
[2020-02-27T04:27:32.633+0000][1][safepoint    ] Safepoint "RevokeBias", Time since last: 3810889 ns, Reaching safepoint: 79116081 ns, At safepoint: 49912 ns, Total: 79165993 ns
[2020-02-27T04:27:32.641+0000][1][safepoint    ] Safepoint "RevokeBias", Time since last: 7484319 ns, Reaching safepoint: 35255 ns, At safepoint: 196787 ns, Total: 232042 ns
[2020-02-27T04:27:32.641+0000][1][safepoint    ] Safepoint "RevokeBias", Time since last: 59145 ns, Reaching safepoint: 17852 ns, At safepoint: 33411 ns, Total: 51263 ns
[2020-02-27T04:27:32.641+0000][1][safepoint    ] Safepoint "RevokeBias", Time since last: 47788 ns, Reaching safepoint: 14615 ns, At safepoint: 18142 ns, Total: 32757 ns
[2020-02-27T04:27:32.641+0000][1][safepoint    ] Safepoint "RevokeBias", Time since last: 25604 ns, Reaching safepoint: 11817 ns, At safepoint: 17065 ns, Total: 28882 ns
[2020-02-27T04:27:32.641+0000][1][safepoint    ] Safepoint "RevokeBias", Time since last: 32598 ns, Reaching safepoint: 12265 ns, At safepoint: 16870 ns, Total: 29135 ns
[2020-02-27T04:27:32.641+0000][1][safepoint    ] Safepoint "RevokeBias", Time since last: 24943 ns, Reaching safepoint: 11731 ns, At safepoint: 16778 ns, Total: 28509 ns
[2020-02-27T04:27:32.641+0000][1][safepoint    ] Safepoint "RevokeBias", Time since last: 28344 ns, Reaching safepoint: 12068 ns, At safepoint: 16804 ns, Total: 28872 ns
[2020-02-27T04:27:32.641+0000][1][safepoint    ] Safepoint "RevokeBias", Time since last: 24379 ns, Reaching safepoint: 11730 ns, At safepoint: 42472 ns, Total: 54202 ns
[2020-02-27T04:27:32.641+0000][1][safepoint    ] Safepoint "RevokeBias", Time since last: 128588 ns, Reaching safepoint: 14427 ns, At safepoint: 17707 ns, Total: 32134 ns
[2020-02-27T04:27:32.641+0000][1][safepoint    ] Safepoint "RevokeBias", Time since last: 24972 ns, Reaching safepoint: 11844 ns, At safepoint: 16761 ns, Total: 28605 ns
[2020-02-27T04:27:32.641+0000][1][safepoint    ] Safepoint "RevokeBias", Time since last: 28825 ns, Reaching safepoint: 12002 ns, At safepoint: 16696 ns, Total: 28698 ns
[2020-02-27T04:27:32.641+0000][1][safepoint    ] Safepoint "RevokeBias", Time since last: 24251 ns, Reaching safepoint: 11587 ns, At safepoint: 16668 ns, Total: 28255 ns
[2020-02-27T04:27:32.642+0000][1][safepoint    ] Safepoint "RevokeBias", Time since last: 179633 ns, Reaching safepoint: 12560 ns, At safepoint: 17183 ns, Total: 29743 ns
[2020-02-27T04:27:32.642+0000][1][safepoint    ] Safepoint "RevokeBias", Time since last: 25222 ns, Reaching safepoint: 66126 ns, At safepoint: 40780 ns, Total: 106906 ns
[2020-02-27T04:27:32.642+0000][1][safepoint    ] Safepoint "RevokeBias", Time since last: 109628 ns, Reaching safepoint: 13136 ns, At safepoint: 17635 ns, Total: 30771 ns
[2020-02-27T04:27:32.642+0000][1][safepoint    ] Safepoint "RevokeBias", Time since last: 26761 ns, Reaching safepoint: 11823 ns, At safepoint: 16867 ns, Total: 28690 ns
[2020-02-27T04:27:32.642+0000][1][safepoint    ] Safepoint "RevokeBias", Time since last: 28160 ns, Reaching safepoint: 12046 ns, At safepoint: 16833 ns, Total: 28879 ns
[2020-02-27T04:27:32.642+0000][1][safepoint    ] Safepoint "RevokeBias", Time since last: 24331 ns, Reaching safepoint: 11687 ns, At safepoint: 16765 ns, Total: 28452 ns
[2020-02-27T04:27:32.642+0000][1][safepoint    ] Safepoint "RevokeBias", Time since last: 28365 ns, Reaching safepoint: 12066 ns, At safepoint: 16987 ns, Total: 29053 ns
[2020-02-27T04:27:32.642+0000][1][safepoint    ] Safepoint "RevokeBias", Time since last: 24134 ns, Reaching safepoint: 11643 ns, At safepoint: 16707 ns, Total: 28350 ns
[2020-02-27T04:27:32.642+0000][1][safepoint    ] Safepoint "RevokeBias", Time since last: 175765 ns, Reaching safepoint: 15286 ns, At safepoint: 18495 ns, Total: 33781 ns
[2020-02-27T04:27:32.642+0000][1][safepoint    ] Safepoint "RevokeBias", Time since last: 29093 ns, Reaching safepoint: 12056 ns, At safepoint: 16866 ns, Total: 28922 ns
[2020-02-27T04:27:32.643+0000][1][safepoint    ] Safepoint "RevokeBias", Time since last: 28561 ns, Reaching safepoint: 12105 ns, At safepoint: 16872 ns, Total: 28977 ns
[2020-02-27T04:27:32.643+0000][1][safepoint    ] Safepoint "RevokeBias", Time since last: 24310 ns, Reaching safepoint: 11703 ns, At safepoint: 16648 ns, Total: 28351 ns
[2020-02-27T04:27:32.643+0000][1][safepoint    ] Safepoint "RevokeBias", Time since last: 62145 ns, Reaching safepoint: 12165 ns, At safepoint: 16928 ns, Total: 29093 ns
[2020-02-27T04:27:32.643+0000][1][safepoint    ] Safepoint "RevokeBias", Time since last: 24059 ns, Reaching safepoint: 12188 ns, At safepoint: 17991 ns, Total: 30179 ns
[2020-02-27T04:27:33.336+0000][1][safepoint    ] Safepoint "RevokeBias", Time since last: 693245282 ns, Reaching safepoint: 57584 ns, At safepoint: 16305 ns, Total: 73889 ns
[2020-02-27T04:27:34.338+0000][1][safepoint    ] Safepoint "Cleanup", Time since last: 1001725571 ns, Reaching safepoint: 51116 ns, At safepoint: 10821 ns, Total: 61937 ns
[2020-02-27T04:27:35.362+0000][1][safepoint    ] Safepoint "Cleanup", Time since last: 1004422906 ns, Reaching safepoint: 19868997 ns, At safepoint: 11539 ns, Total: 19880536 ns
[2020-02-27T04:27:36.363+0000][1][safepoint    ] Safepoint "Cleanup", Time since last: 1000660633 ns, Reaching safepoint: 46522 ns, At safepoint: 6525 ns, Total: 53047 ns
[2020-02-27T04:27:37.412+0000][1][safepoint    ] Safepoint "Cleanup", Time since last: 1006331295 ns, Reaching safepoint: 43086714 ns, At safepoint: 9191 ns, Total: 43095905 ns
[2020-02-27T04:27:38.421+0000][1][safepoint    ] Safepoint "Cleanup", Time since last: 1006929185 ns, Reaching safepoint: 1822679 ns, At safepoint: 9713 ns, Total: 1832392 ns
[2020-02-27T04:27:39.425+0000][1][safepoint    ] Safepoint "Cleanup", Time since last: 1004235549 ns, Reaching safepoint: 46966 ns, At safepoint: 7351 ns, Total: 54317 ns
[2020-02-27T04:27:40.428+0000][1][safepoint    ] Safepoint "Cleanup", Time since last: 1003047272 ns, Reaching safepoint: 45898 ns, At safepoint: 6571 ns, Total: 52469 ns
[2020-02-27T04:27:42.910+0000][1][safepoint    ] Safepoint "Deoptimize", Time since last: 2480832621 ns, Reaching safepoint: 28568 ns, At safepoint: 456695 ns, Total: 485263 ns
[2020-02-27T04:27:43.917+0000][1][safepoint    ] Safepoint "Cleanup", Time since last: 1007624120 ns, Reaching safepoint: 48156 ns, At safepoint: 6318 ns, Total: 54474 ns
[2020-02-27T04:27:44.923+0000][1][safepoint    ] Safepoint "Cleanup", Time since last: 1005093545 ns, Reaching safepoint: 98845 ns, At safepoint: 7203 ns, Total: 106048 ns
[2020-02-27T04:27:45.927+0000][1][safepoint    ] Safepoint "Cleanup", Time since last: 1004619605 ns, Reaching safepoint: 55308 ns, At safepoint: 6646 ns, Total: 61954 ns
[2020-02-27T04:27:46.928+0000][1][safepoint    ] Safepoint "Cleanup", Time since last: 1000502323 ns, Reaching safepoint: 86465 ns, At safepoint: 6516 ns, Total: 92981 ns
[2020-02-27T04:27:48.975+0000][1][safepoint    ] Safepoint "Cleanup", Time since last: 2012980119 ns, Reaching safepoint: 34143241 ns, At safepoint: 12071 ns, Total: 34155312 ns
[2020-02-27T04:27:50.035+0000][1][safepoint    ] Safepoint "Cleanup", Time since last: 1002336078 ns, Reaching safepoint: 57901566 ns, At safepoint: 12836 ns, Total: 57914402 ns
[2020-02-27T04:27:53.049+0000][1][safepoint    ] Safepoint "Cleanup", Time since last: 3014076521 ns, Reaching safepoint: 115969 ns, At safepoint: 10822 ns, Total: 126791 ns
[2020-02-27T04:27:55.169+0000][1][safepoint    ] Safepoint "Cleanup", Time since last: 2119803594 ns, Reaching safepoint: 80182 ns, At safepoint: 9602 ns, Total: 89784 ns
[2020-02-27T04:27:56.046+0000][1][safepoint    ] Safepoint "RevokeBias", Time since last: 876228624 ns, Reaching safepoint: 24148 ns, At safepoint: 23312 ns, Total: 47460 ns
[2020-02-27T04:27:57.049+0000][1][safepoint    ] Safepoint "Cleanup", Time since last: 1003395813 ns, Reaching safepoint: 66034 ns, At safepoint: 8084 ns, Total: 74118 ns
[2020-02-27T04:27:58.088+0000][1][safepoint    ] Safepoint "Cleanup", Time since last: 1002120197 ns, Reaching safepoint: 36865474 ns, At safepoint: 6938 ns, Total: 36872412 ns
[2020-02-27T04:28:00.225+0000][1][safepoint    ] Safepoint "Cleanup", Time since last: 2006785274 ns, Reaching safepoint: 130195966 ns, At safepoint: 9683 ns, Total: 130205649 ns
[2020-02-27T04:28:01.227+0000][1][safepoint    ] Safepoint "Cleanup", Time since last: 1001414366 ns, Reaching safepoint: 63868 ns, At safepoint: 7041 ns, Total: 70909 ns
[2020-02-27T04:28:02.259+0000][1][safepoint    ] Safepoint "Cleanup", Time since last: 1000264260 ns, Reaching safepoint: 31948504 ns, At safepoint: 10936 ns, Total: 31959440 ns
[2020-02-27T04:28:02.834+0000][1][safepoint    ] Safepoint "RevokeBias", Time since last: 509765741 ns, Reaching safepoint: 65532750 ns, At safepoint: 50090 ns, Total: 65582840 ns
[2020-02-27T04:28:03.923+0000][1][safepoint    ] Safepoint "Cleanup", Time since last: 1001205877 ns, Reaching safepoint: 88048817 ns, At safepoint: 40264 ns, Total: 88089081 ns
[2020-02-27T04:28:04.930+0000][1][safepoint    ] Safepoint "Cleanup", Time since last: 1006399051 ns, Reaching safepoint: 190086 ns, At safepoint: 7349 ns, Total: 197435 ns
[2020-02-27T04:28:05.681+0000][1][safepoint    ] Safepoint "Deoptimize", Time since last: 750289125 ns, Reaching safepoint: 54214 ns, At safepoint: 509834 ns, Total: 564048 ns
[2020-02-27T04:28:05.682+0000][1][safepoint    ] Safepoint "Deoptimize", Time since last: 862910 ns, Reaching safepoint: 70324 ns, At safepoint: 463759 ns, Total: 534083 ns
[2020-02-27T04:28:06.689+0000][1][safepoint    ] Safepoint "Cleanup", Time since last: 1005175524 ns, Reaching safepoint: 1489656 ns, At safepoint: 7308 ns, Total: 1496964 ns
[2020-02-27T04:28:06.840+0000][1][gc,start     ] GC(1) Pause Young (Allocation Failure)
[2020-02-27T04:28:06.986+0000][1][gc,task      ] GC(1) Using 1 workers of 1 for evacuation
[2020-02-27T04:28:18.280+0000][1][gc,age       ] GC(1) Desired survivor size 4358144 bytes, new threshold 6 (max threshold 6)
[2020-02-27T04:28:18.280+0000][1][gc,age       ] GC(1) Age table with threshold 6 (max threshold 6)
[2020-02-27T04:28:18.280+0000][1][gc,age       ] GC(1) - age   1:    3448896 bytes,    3448896 total
[2020-02-27T04:28:18.280+0000][1][gc,heap      ] GC(1) ParNew: 76404K->5897K(76672K)
[2020-02-27T04:28:18.280+0000][1][gc,heap      ] GC(1) CMS: 0K->6830K(963392K)
[2020-02-27T04:28:18.280+0000][1][gc,metaspace ] GC(1) Metaspace: 17406K->17406K(1064960K)
[2020-02-27T04:28:18.281+0000][1][gc           ] GC(1) Pause Young (Allocation Failure) 74M->12M(1015M) 11440.099ms
[2020-02-27T04:28:18.281+0000][1][gc,cpu       ] GC(1) User=0.06s Sys=0.11s Real=11.44s
[2020-02-27T04:28:18.281+0000][1][safepoint    ] Safepoint "GenCollectForAllocation", Time since last: 151378677 ns, Reaching safepoint: 31344 ns, At safepoint: 11440158116 ns, Total: 11440189460 ns
[2020-02-27T04:28:18.311+0000][1][safepoint    ] Safepoint "BulkRevokeBias", Time since last: 24493912 ns, Reaching safepoint: 5999096 ns, At safepoint: 52078 ns, Total: 6051174 ns
[2020-02-27T04:28:18.395+0000][1][safepoint    ] Safepoint "RevokeBias", Time since last: 37689941 ns, Reaching safepoint: 46210291 ns, At safepoint: 36068 ns, Total: 46246359 ns
[2020-02-27T04:28:18.536+0000][1][safepoint    ] Safepoint "RevokeBias", Time since last: 884797 ns, Reaching safepoint: 139617634 ns, At safepoint: 38723 ns, Total: 139656357 ns
[2020-02-27T04:28:18.546+0000][1][safepoint    ] Safepoint "RevokeBias", Time since last: 177553 ns, Reaching safepoint: 10686644 ns, At safepoint: 33658 ns, Total: 10720302 ns
[2020-02-27T04:28:18.547+0000][1][safepoint    ] Safepoint "RevokeBias", Time since last: 77466 ns, Reaching safepoint: 803918 ns, At safepoint: 37548 ns, Total: 841466 ns
[2020-02-27T04:28:18.553+0000][1][safepoint    ] Safepoint "RevokeBias", Time since last: 49070 ns, Reaching safepoint: 5618853 ns, At safepoint: 33030 ns, Total: 5651883 ns
[2020-02-27T04:28:18.559+0000][1][safepoint    ] Safepoint "RevokeBias", Time since last: 56179 ns, Reaching safepoint: 5773296 ns, At safepoint: 34431 ns, Total: 5807727 ns
[2020-02-27T04:28:18.563+0000][1][safepoint    ] Safepoint "RevokeBias", Time since last: 62749 ns, Reaching safepoint: 4094538 ns, At safepoint: 35492 ns, Total: 4130030 ns
[2020-02-27T04:28:18.564+0000][1][safepoint    ] Safepoint "RevokeBias", Time since last: 66222 ns, Reaching safepoint: 953602 ns, At safepoint: 34004 ns, Total: 987606 ns
[2020-02-27T04:28:18.568+0000][1][safepoint    ] Safepoint "RevokeBias", Time since last: 42871 ns, Reaching safepoint: 3814827 ns, At safepoint: 84315 ns, Total: 3899142 ns
[2020-02-27T04:28:18.574+0000][1][safepoint    ] Safepoint "BulkRevokeBias", Time since last: 58570 ns, Reaching safepoint: 5744073 ns, At safepoint: 61535 ns, Total: 5805608 ns
[2020-02-27T04:28:18.576+0000][1][safepoint    ] Safepoint "BulkRevokeBias", Time since last: 45074 ns, Reaching safepoint: 1965054 ns, At safepoint: 59198 ns, Total: 2024252 ns
[2020-02-27T04:28:19.659+0000][1][safepoint    ] Safepoint "Cleanup", Time since last: 1000661514 ns, Reaching safepoint: 82719185 ns, At safepoint: 13382 ns, Total: 82732567 ns
[2020-02-27T04:28:21.370+0000][1][safepoint    ] Safepoint "Deoptimize", Time since last: 1709826739 ns, Reaching safepoint: 96397 ns, At safepoint: 475622 ns, Total: 572019 ns
[2020-02-27T04:28:22.371+0000][1][safepoint    ] Safepoint "Cleanup", Time since last: 1001502277 ns, Reaching safepoint: 51703 ns, At safepoint: 7225 ns, Total: 58928 ns
[2020-02-27T04:28:23.374+0000][1][safepoint    ] Safepoint "Cleanup", Time since last: 1002704748 ns, Reaching safepoint: 46878 ns, At safepoint: 7025 ns, Total: 53903 ns
[2020-02-27T04:28:24.378+0000][1][safepoint    ] Safepoint "Cleanup", Time since last: 1004001134 ns, Reaching safepoint: 37185 ns, At safepoint: 6168 ns, Total: 43353 ns
[2020-02-27T04:28:25.379+0000][1][safepoint    ] Safepoint "Cleanup", Time since last: 1000408759 ns, Reaching safepoint: 44611 ns, At safepoint: 6464 ns, Total: 51075 ns
[2020-02-27T04:28:27.383+0000][1][safepoint    ] Safepoint "Cleanup", Time since last: 2002463223 ns, Reaching safepoint: 1929706 ns, At safepoint: 7144 ns, Total: 1936850 ns
[2020-02-27T04:28:28.039+0000][1][gc,start     ] GC(2) Pause Young (Allocation Failure)
[2020-02-27T04:28:28.039+0000][1][gc,task      ] GC(2) Using 1 workers of 1 for evacuation
[2020-02-27T04:28:28.181+0000][1][gc,age       ] GC(2) Desired survivor size 4358144 bytes, new threshold 2 (max threshold 6)
[2020-02-27T04:28:28.181+0000][1][gc,age       ] GC(2) Age table with threshold 2 (max threshold 6)
[2020-02-27T04:28:28.181+0000][1][gc,age       ] GC(2) - age   1:    1645712 bytes,    1645712 total
[2020-02-27T04:28:28.181+0000][1][gc,age       ] GC(2) - age   2:    3255216 bytes,    4900928 total
[2020-02-27T04:28:28.181+0000][1][gc,heap      ] GC(2) ParNew: 74057K->5481K(76672K)
[2020-02-27T04:28:28.181+0000][1][gc,heap      ] GC(2) CMS: 6830K->6830K(963392K)
[2020-02-27T04:28:28.181+0000][1][gc,metaspace ] GC(2) Metaspace: 18696K->18696K(1067008K)
[2020-02-27T04:28:28.181+0000][1][gc           ] GC(2) Pause Young (Allocation Failure) 78M->12M(1015M) 141.797ms
[2020-02-27T04:28:28.181+0000][1][gc,cpu       ] GC(2) User=0.02s Sys=0.00s Real=0.14s
[2020-02-27T04:28:28.181+0000][1][safepoint    ] Safepoint "GenCollectForAllocation", Time since last: 655783313 ns, Reaching safepoint: 73511 ns, At safepoint: 141838419 ns, Total: 141911930 ns
[2020-02-27T04:28:28.222+0000][1][safepoint    ] Safepoint "RevokeBias", Time since last: 19379726 ns, Reaching safepoint: 21643337 ns, At safepoint: 24548 ns, Total: 21667885 ns
[2020-02-27T04:28:28.333+0000][1][safepoint    ] Safepoint "RevokeBias", Time since last: 2231380 ns, Reaching safepoint: 108414055 ns, At safepoint: 28595 ns, Total: 108442650 ns
[2020-02-27T04:28:28.578+0000][1][safepoint    ] Safepoint "RevokeBias", Time since last: 142135 ns, Reaching safepoint: 245671367 ns, At safepoint: 32761 ns, Total: 245704128 ns
[2020-02-27T04:28:28.868+0000][1][safepoint    ] Safepoint "RevokeBias", Time since last: 25054543 ns, Reaching safepoint: 264375277 ns, At safepoint: 138105 ns, Total: 264513382 ns
[2020-02-27T04:28:28.920+0000][1][safepoint    ] Safepoint "RevokeBias", Time since last: 8384918 ns, Reaching safepoint: 44111698 ns, At safepoint: 76685 ns, Total: 44188383 ns
[2020-02-27T04:28:29.028+0000][1][safepoint    ] Safepoint "RevokeBias", Time since last: 379974 ns, Reaching safepoint: 106761705 ns, At safepoint: 49319 ns, Total: 106811024 ns
[2020-02-27T04:28:29.048+0000][1][safepoint    ] Safepoint "RevokeBias", Time since last: 3410202 ns, Reaching safepoint: 17095768 ns, At safepoint: 34039 ns, Total: 17129807 ns
[2020-02-27T04:28:29.061+0000][1][safepoint    ] Safepoint "RevokeBias", Time since last: 82877 ns, Reaching safepoint: 12242728 ns, At safepoint: 39506 ns, Total: 12282234 ns
[2020-02-27T04:28:30.061+0000][1][safepoint    ] Safepoint "Cleanup", Time since last: 1000190954 ns, Reaching safepoint: 42399 ns, At safepoint: 6004 ns, Total: 48403 ns
[2020-02-27T04:28:31.441+0000][1][safepoint    ] Safepoint "Cleanup", Time since last: 1005132048 ns, Reaching safepoint: 375077139 ns, At safepoint: 8991 ns, Total: 375086130 ns
[2020-02-27T04:28:33.442+0000][1][safepoint    ] Safepoint "Cleanup", Time since last: 2001254010 ns, Reaching safepoint: 55356 ns, At safepoint: 9849 ns, Total: 65205 ns
[2020-02-27T04:28:35.445+0000][1][safepoint    ] Safepoint "Cleanup", Time since last: 2002579173 ns, Reaching safepoint: 47093 ns, At safepoint: 6930 ns, Total: 54023 ns
[2020-02-27T04:28:37.754+0000][1][gc,start     ] GC(3) Pause Young (Allocation Failure)
[2020-02-27T04:28:37.754+0000][1][gc,task      ] GC(3) Using 1 workers of 1 for evacuation
[2020-02-27T04:28:39.900+0000][1][gc,age       ] GC(3) Desired survivor size 4358144 bytes, new threshold 6 (max threshold 6)
[2020-02-27T04:28:39.900+0000][1][gc,age       ] GC(3) Age table with threshold 6 (max threshold 6)
[2020-02-27T04:28:39.900+0000][1][gc,age       ] GC(3) - age   1:    1692096 bytes,    1692096 total
[2020-02-27T04:28:39.900+0000][1][gc,age       ] GC(3) - age   2:     476904 bytes,    2169000 total
[2020-02-27T04:28:39.900+0000][1][gc,heap      ] GC(3) ParNew: 73641K->4268K(76672K)
[2020-02-27T04:28:39.900+0000][1][gc,heap      ] GC(3) CMS: 6830K->10041K(963392K)
[2020-02-27T04:28:39.900+0000][1][gc,metaspace ] GC(3) Metaspace: 18929K->18929K(1067008K)
[2020-02-27T04:28:39.900+0000][1][gc           ] GC(3) Pause Young (Allocation Failure) 78M->13M(1015M) 2146.108ms
[2020-02-27T04:28:39.900+0000][1][gc,cpu       ] GC(3) User=0.03s Sys=0.02s Real=2.14s
[2020-02-27T04:28:39.900+0000][1][safepoint    ] Safepoint "GenCollectForAllocation", Time since last: 2273900799 ns, Reaching safepoint: 34915766 ns, At safepoint: 2146164274 ns, Total: 2181080040 ns
[2020-02-27T04:28:39.900+0000][1][safepoint    ] Safepoint "RevokeBias", Time since last: 233915 ns, Reaching safepoint: 22882 ns, At safepoint: 24133 ns, Total: 47015 ns
[2020-02-27T04:28:39.900+0000][1][safepoint    ] Safepoint "RevokeBias", Time since last: 72282 ns, Reaching safepoint: 32120 ns, At safepoint: 36878 ns, Total: 68998 ns
[2020-02-27T04:28:39.901+0000][1][safepoint    ] Safepoint "RevokeBias", Time since last: 262158 ns, Reaching safepoint: 13783 ns, At safepoint: 20631 ns, Total: 34414 ns
[2020-02-27T04:28:39.901+0000][1][safepoint    ] Safepoint "RevokeBias", Time since last: 29096 ns, Reaching safepoint: 10804 ns, At safepoint: 17996 ns, Total: 28800 ns
[2020-02-27T04:28:39.901+0000][1][safepoint    ] Safepoint "RevokeBias", Time since last: 27267 ns, Reaching safepoint: 11057 ns, At safepoint: 17805 ns, Total: 28862 ns
[2020-02-27T04:28:39.901+0000][1][safepoint    ] Safepoint "RevokeBias", Time since last: 24218 ns, Reaching safepoint: 10309 ns, At safepoint: 17611 ns, Total: 27920 ns
[2020-02-27T04:28:41.908+0000][1][safepoint    ] Safepoint "Cleanup", Time since last: 2007131818 ns, Reaching safepoint: 34038 ns, At safepoint: 4592 ns, Total: 38630 ns
[2020-02-27T04:28:42.913+0000][1][safepoint    ] Safepoint "Cleanup", Time since last: 1005070323 ns, Reaching safepoint: 100849 ns, At safepoint: 27454 ns, Total: 128303 ns
[2020-02-27T04:28:43.923+0000][1][safepoint    ] Safepoint "Cleanup", Time since last: 1009991490 ns, Reaching safepoint: 37188 ns, At safepoint: 5419 ns, Total: 42607 ns
[2020-02-27T04:28:46.929+0000][1][safepoint    ] Safepoint "Cleanup", Time since last: 3005370379 ns, Reaching safepoint: 70935 ns, At safepoint: 8151 ns, Total: 79086 ns
[2020-02-27T04:28:47.896+0000][1][gc,start     ] GC(4) Pause Young (Allocation Failure)
[2020-02-27T04:28:47.896+0000][1][gc,task      ] GC(4) Using 1 workers of 1 for evacuation
[2020-02-27T04:28:47.906+0000][1][gc,age       ] GC(4) Desired survivor size 4358144 bytes, new threshold 6 (max threshold 6)
[2020-02-27T04:28:47.906+0000][1][gc,age       ] GC(4) Age table with threshold 6 (max threshold 6)
[2020-02-27T04:28:47.906+0000][1][gc,age       ] GC(4) - age   1:    1473056 bytes,    1473056 total
[2020-02-27T04:28:47.906+0000][1][gc,age       ] GC(4) - age   2:     320856 bytes,    1793912 total
[2020-02-27T04:28:47.906+0000][1][gc,age       ] GC(4) - age   3:     476808 bytes,    2270720 total
[2020-02-27T04:28:47.906+0000][1][gc,heap      ] GC(4) ParNew: 72428K->3723K(76672K)
[2020-02-27T04:28:47.906+0000][1][gc,heap      ] GC(4) CMS: 10041K->10041K(963392K)
[2020-02-27T04:28:47.906+0000][1][gc,metaspace ] GC(4) Metaspace: 19542K->19542K(1067008K)
[2020-02-27T04:28:47.906+0000][1][gc           ] GC(4) Pause Young (Allocation Failure) 80M->13M(1015M) 9.294ms
[2020-02-27T04:28:47.906+0000][1][gc,cpu       ] GC(4) User=0.00s Sys=0.00s Real=0.01s
[2020-02-27T04:28:47.906+0000][1][safepoint    ] Safepoint "GenCollectForAllocation", Time since last: 967619112 ns, Reaching safepoint: 38904 ns, At safepoint: 9333996 ns, Total: 9372900 ns
[2020-02-27T04:28:47.913+0000][1][safepoint    ] Safepoint "RevokeBias", Time since last: 7092028 ns, Reaching safepoint: 77162 ns, At safepoint: 27211 ns, Total: 104373 ns
[2020-02-27T04:28:47.913+0000][1][safepoint    ] Safepoint "RevokeBias", Time since last: 48764 ns, Reaching safepoint: 381518 ns, At safepoint: 63779 ns, Total: 445297 ns
[2020-02-27T04:28:47.914+0000][1][safepoint    ] Safepoint "RevokeBias", Time since last: 42453 ns, Reaching safepoint: 491093 ns, At safepoint: 28339 ns, Total: 519432 ns
[2020-02-27T04:28:47.915+0000][1][safepoint    ] Safepoint "RevokeBias", Time since last: 40265 ns, Reaching safepoint: 504242 ns, At safepoint: 46296 ns, Total: 550538 ns
[2020-02-27T04:28:47.915+0000][1][safepoint    ] Safepoint "RevokeBias", Time since last: 51907 ns, Reaching safepoint: 538060 ns, At safepoint: 29852 ns, Total: 567912 ns
[2020-02-27T04:28:47.919+0000][1][safepoint    ] Safepoint "RevokeBias", Time since last: 2898918 ns, Reaching safepoint: 680644 ns, At safepoint: 41250 ns, Total: 721894 ns
[2020-02-27T04:28:48.072+0000][1][safepoint    ] Safepoint "RevokeBias", Time since last: 153072512 ns, Reaching safepoint: 23385 ns, At safepoint: 12961 ns, Total: 36346 ns
[2020-02-27T04:28:48.076+0000][1][safepoint    ] Safepoint "RevokeBias", Time since last: 3885313 ns, Reaching safepoint: 23199 ns, At safepoint: 12100 ns, Total: 35299 ns
[2020-02-27T04:28:48.148+0000][1][safepoint    ] Safepoint "Deoptimize", Time since last: 71447572 ns, Reaching safepoint: 56599 ns, At safepoint: 416908 ns, Total: 473507 ns
[2020-02-27T04:28:49.160+0000][1][safepoint    ] Safepoint "Cleanup", Time since last: 1001419055 ns, Reaching safepoint: 10720050 ns, At safepoint: 8091 ns, Total: 10728141 ns
[2020-02-27T04:28:49.426+0000][1][safepoint    ] Safepoint "Deoptimize", Time since last: 265763515 ns, Reaching safepoint: 38285 ns, At safepoint: 483463 ns, Total: 521748 ns
[2020-02-27T04:28:50.427+0000][1][safepoint    ] Safepoint "Cleanup", Time since last: 1000373724 ns, Reaching safepoint: 68527 ns, At safepoint: 7007 ns, Total: 75534 ns
[2020-02-27T04:28:51.107+0000][1][gc,start     ] GC(5) Pause Young (Allocation Failure)
[2020-02-27T04:28:51.107+0000][1][gc,task      ] GC(5) Using 1 workers of 1 for evacuation
[2020-02-27T04:28:51.442+0000][1][gc,age       ] GC(5) Desired survivor size 4358144 bytes, new threshold 6 (max threshold 6)
[2020-02-27T04:28:51.442+0000][1][gc,age       ] GC(5) Age table with threshold 6 (max threshold 6)
[2020-02-27T04:28:51.442+0000][1][gc,age       ] GC(5) - age   1:    2193144 bytes,    2193144 total
[2020-02-27T04:28:51.442+0000][1][gc,age       ] GC(5) - age   2:    1274760 bytes,    3467904 total
[2020-02-27T04:28:51.442+0000][1][gc,age       ] GC(5) - age   3:     320856 bytes,    3788760 total
[2020-02-27T04:28:51.442+0000][1][gc,age       ] GC(5) - age   4:     476752 bytes,    4265512 total
[2020-02-27T04:28:51.442+0000][1][gc,heap      ] GC(5) ParNew: 71883K->5187K(76672K)
[2020-02-27T04:28:51.442+0000][1][gc,heap      ] GC(5) CMS: 10041K->10041K(963392K)
[2020-02-27T04:28:51.442+0000][1][gc,metaspace ] GC(5) Metaspace: 19770K->19770K(1067008K)
[2020-02-27T04:28:51.442+0000][1][gc           ] GC(5) Pause Young (Allocation Failure) 80M->14M(1015M) 335.337ms
[2020-02-27T04:28:51.442+0000][1][gc,cpu       ] GC(5) User=0.02s Sys=0.01s Real=0.34s
[2020-02-27T04:28:51.442+0000][1][safepoint    ] Safepoint "GenCollectForAllocation", Time since last: 679864698 ns, Reaching safepoint: 39680 ns, At safepoint: 335394791 ns, Total: 335434471 ns
[2020-02-27T04:28:51.457+0000][1][safepoint    ] Safepoint "RevokeBias", Time since last: 15213196 ns, Reaching safepoint: 31352 ns, At safepoint: 58586 ns, Total: 89938 ns
[2020-02-27T04:28:51.457+0000][1][safepoint    ] Safepoint "RevokeBias", Time since last: 54702 ns, Reaching safepoint: 16707 ns, At safepoint: 23345 ns, Total: 40052 ns
[2020-02-27T04:28:51.457+0000][1][safepoint    ] Safepoint "RevokeBias", Time since last: 32013 ns, Reaching safepoint: 12645 ns, At safepoint: 20291 ns, Total: 32936 ns
[2020-02-27T04:28:51.457+0000][1][safepoint    ] Safepoint "RevokeBias", Time since last: 24857 ns, Reaching safepoint: 11839 ns, At safepoint: 20037 ns, Total: 31876 ns
[2020-02-27T04:28:51.458+0000][1][safepoint    ] Safepoint "RevokeBias", Time since last: 31926 ns, Reaching safepoint: 12137 ns, At safepoint: 20056 ns, Total: 32193 ns
[2020-02-27T04:28:51.458+0000][1][safepoint    ] Safepoint "RevokeBias", Time since last: 24318 ns, Reaching safepoint: 11685 ns, At safepoint: 19842 ns, Total: 31527 ns
[2020-02-27T04:28:52.458+0000][1][safepoint    ] Safepoint "Cleanup", Time since last: 1000640608 ns, Reaching safepoint: 44076 ns, At safepoint: 6828 ns, Total: 50904 ns
[2020-02-27T04:28:54.459+0000][1][safepoint    ] Safepoint "Cleanup", Time since last: 2000693199 ns, Reaching safepoint: 47926 ns, At safepoint: 6646 ns, Total: 54572 ns
[2020-02-27T04:28:56.854+0000][1][gc,start     ] GC(6) Pause Young (Allocation Failure)
[2020-02-27T04:28:56.854+0000][1][gc,task      ] GC(6) Using 1 workers of 1 for evacuation
[2020-02-27T04:28:56.876+0000][1][gc,age       ] GC(6) Desired survivor size 4358144 bytes, new threshold 5 (max threshold 6)
[2020-02-27T04:28:56.881+0000][1][gc,age       ] GC(6) Age table with threshold 5 (max threshold 6)
[2020-02-27T04:28:56.881+0000][1][gc,age       ] GC(6) - age   1:    1055336 bytes,    1055336 total
[2020-02-27T04:28:56.881+0000][1][gc,age       ] GC(6) - age   2:    1525304 bytes,    2580640 total
[2020-02-27T04:28:56.881+0000][1][gc,age       ] GC(6) - age   3:    1274416 bytes,    3855056 total
[2020-02-27T04:28:56.881+0000][1][gc,age       ] GC(6) - age   4:     320856 bytes,    4175912 total
[2020-02-27T04:28:56.881+0000][1][gc,age       ] GC(6) - age   5:     476672 bytes,    4652584 total
[2020-02-27T04:28:56.881+0000][1][gc,heap      ] GC(6) ParNew: 73347K->6896K(76672K)
[2020-02-27T04:28:56.881+0000][1][gc,heap      ] GC(6) CMS: 10041K->10041K(963392K)
[2020-02-27T04:28:56.881+0000][1][gc,metaspace ] GC(6) Metaspace: 19858K->19858K(1067008K)
[2020-02-27T04:28:56.881+0000][1][gc           ] GC(6) Pause Young (Allocation Failure) 81M->16M(1015M) 27.103ms
[2020-02-27T04:28:56.881+0000][1][gc,cpu       ] GC(6) User=0.02s Sys=0.00s Real=0.03s
[2020-02-27T04:28:56.881+0000][1][safepoint    ] Safepoint "GenCollectForAllocation", Time since last: 2395269223 ns, Reaching safepoint: 25779 ns, At safepoint: 27143306 ns, Total: 27169085 ns
[2020-02-27T04:28:56.885+0000][1][safepoint    ] Safepoint "RevokeBias", Time since last: 3860717 ns, Reaching safepoint: 67632 ns, At safepoint: 86225 ns, Total: 153857 ns
[2020-02-27T04:28:56.886+0000][1][safepoint    ] Safepoint "RevokeBias", Time since last: 106467 ns, Reaching safepoint: 11192 ns, At safepoint: 15734 ns, Total: 26926 ns
[2020-02-27T04:28:56.886+0000][1][safepoint    ] Safepoint "RevokeBias", Time since last: 30704 ns, Reaching safepoint: 6870 ns, At safepoint: 12382 ns, Total: 19252 ns
[2020-02-27T04:28:56.886+0000][1][safepoint    ] Safepoint "RevokeBias", Time since last: 19745 ns, Reaching safepoint: 5478 ns, At safepoint: 11890 ns, Total: 17368 ns
[2020-02-27T04:28:58.924+0000][1][safepoint    ] Safepoint "Cleanup", Time since last: 2002292251 ns, Reaching safepoint: 36137249 ns, At safepoint: 7171 ns, Total: 36144420 ns
[2020-02-27T04:28:59.925+0000][1][safepoint    ] Safepoint "Cleanup", Time since last: 1001102143 ns, Reaching safepoint: 66905 ns, At safepoint: 6639 ns, Total: 73544 ns
[2020-02-27T04:29:00.929+0000][1][safepoint    ] Safepoint "Cleanup", Time since last: 1004088613 ns, Reaching safepoint: 42495 ns, At safepoint: 6596 ns, Total: 49091 ns
[2020-02-27T04:29:01.595+0000][1][gc,start     ] GC(7) Pause Young (Allocation Failure)
[2020-02-27T04:29:01.595+0000][1][gc,task      ] GC(7) Using 1 workers of 1 for evacuation
[2020-02-27T04:29:02.812+0000][1][gc,age       ] GC(7) Desired survivor size 4358144 bytes, new threshold 4 (max threshold 6)
[2020-02-27T04:29:02.812+0000][1][gc,age       ] GC(7) Age table with threshold 4 (max threshold 6)
[2020-02-27T04:29:02.812+0000][1][gc,age       ] GC(7) - age   1:    1714704 bytes,    1714704 total
[2020-02-27T04:29:02.812+0000][1][gc,age       ] GC(7) - age   2:     415648 bytes,    2130352 total
[2020-02-27T04:29:02.812+0000][1][gc,age       ] GC(7) - age   3:    1523368 bytes,    3653720 total
[2020-02-27T04:29:02.812+0000][1][gc,age       ] GC(7) - age   4:    1273760 bytes,    4927480 total
[2020-02-27T04:29:02.812+0000][1][gc,age       ] GC(7) - age   5:     320856 bytes,    5248336 total
[2020-02-27T04:29:02.812+0000][1][gc,heap      ] GC(7) ParNew: 75056K->8512K(76672K)
[2020-02-27T04:29:02.812+0000][1][gc,heap      ] GC(7) CMS: 10041K->10515K(963392K)
[2020-02-27T04:29:02.812+0000][1][gc,metaspace ] GC(7) Metaspace: 20087K->20087K(1067008K)
[2020-02-27T04:29:02.812+0000][1][gc           ] GC(7) Pause Young (Allocation Failure) 83M->18M(1015M) 1217.441ms
[2020-02-27T04:29:02.812+0000][1][gc,cpu       ] GC(7) User=0.04s Sys=0.01s Real=1.22s
[2020-02-27T04:29:02.812+0000][1][safepoint    ] Safepoint "GenCollectForAllocation", Time since last: 665304565 ns, Reaching safepoint: 24214 ns, At safepoint: 1217499023 ns, Total: 1217523237 ns
[2020-02-27T04:29:02.837+0000][1][safepoint    ] Safepoint "RevokeBias", Time since last: 14752562 ns, Reaching safepoint: 10130202 ns, At safepoint: 50941 ns, Total: 10181143 ns
[2020-02-27T04:29:02.846+0000][1][safepoint    ] Safepoint "RevokeBias", Time since last: 6025124 ns, Reaching safepoint: 3196715 ns, At safepoint: 45779 ns, Total: 3242494 ns
[2020-02-27T04:29:02.849+0000][1][safepoint    ] Safepoint "RevokeBias", Time since last: 81792 ns, Reaching safepoint: 2376601 ns, At safepoint: 39612 ns, Total: 2416213 ns
[2020-02-27T04:29:02.852+0000][1][safepoint    ] Safepoint "RevokeBias", Time since last: 56965 ns, Reaching safepoint: 2978918 ns, At safepoint: 43248 ns, Total: 3022166 ns
[2020-02-27T04:29:03.699+0000][1][safepoint    ] Safepoint "CollectForMetadataAllocation", Time since last: 847058624 ns, Reaching safepoint: 34106 ns, At safepoint: 120777 ns, Total: 154883 ns
[2020-02-27T04:29:03.987+0000][1][safepoint    ] Safepoint "RevokeBias", Time since last: 287490162 ns, Reaching safepoint: 25986 ns, At safepoint: 74368 ns, Total: 100354 ns
[2020-02-27T04:29:04.049+0000][1][safepoint    ] Safepoint "RevokeBias", Time since last: 61689850 ns, Reaching safepoint: 33023 ns, At safepoint: 15608 ns, Total: 48631 ns
[2020-02-27T04:29:04.823+0000][1][gc,start     ] GC(8) Pause Initial Mark
[2020-02-27T04:29:04.849+0000][1][gc           ] GC(8) Pause Initial Mark 50M->50M(1015M) 25.955ms
[2020-02-27T04:29:04.849+0000][1][gc,cpu       ] GC(8) User=0.01s Sys=0.00s Real=0.02s
[2020-02-27T04:29:04.849+0000][1][safepoint    ] Safepoint "CMS_Initial_Mark", Time since last: 774276124 ns, Reaching safepoint: 35352 ns, At safepoint: 26031859 ns, Total: 26067211 ns
[2020-02-27T04:29:04.850+0000][1][gc           ] GC(8) Concurrent Mark
[2020-02-27T04:29:04.968+0000][1][gc           ] GC(8) Concurrent Mark 117.597ms
[2020-02-27T04:29:04.968+0000][1][gc,cpu       ] GC(8) User=0.04s Sys=0.00s Real=0.12s
[2020-02-27T04:29:04.968+0000][1][gc           ] GC(8) Concurrent Preclean
[2020-02-27T04:29:04.969+0000][1][gc           ] GC(8) Concurrent Preclean 1.371ms
[2020-02-27T04:29:04.969+0000][1][gc,cpu       ] GC(8) User=0.00s Sys=0.00s Real=0.00s
[2020-02-27T04:29:04.969+0000][1][gc           ] GC(8) Concurrent Abortable Preclean
[2020-02-27T04:29:05.850+0000][1][safepoint    ] Safepoint "Cleanup", Time since last: 1001394961 ns, Reaching safepoint: 79877 ns, At safepoint: 6654 ns, Total: 86531 ns
[2020-02-27T04:29:06.158+0000][1][gc,start     ] GC(9) Pause Young (Allocation Failure)
[2020-02-27T04:29:06.158+0000][1][gc,task      ] GC(9) Using 1 workers of 1 for evacuation
[2020-02-27T04:29:06.183+0000][1][gc           ] GC(8) Concurrent Abortable Preclean 1213.983ms
[2020-02-27T04:29:06.183+0000][1][gc,cpu       ] GC(8) User=0.34s Sys=0.01s Real=1.22s
[2020-02-27T04:29:07.656+0000][1][gc,age       ] GC(9) Desired survivor size 4358144 bytes, new threshold 6 (max threshold 6)
[2020-02-27T04:29:07.656+0000][1][gc,age       ] GC(9) Age table with threshold 6 (max threshold 6)
[2020-02-27T04:29:07.657+0000][1][gc,age       ] GC(9) - age   1:    1568112 bytes,    1568112 total
[2020-02-27T04:29:07.657+0000][1][gc,age       ] GC(9) - age   2:     849792 bytes,    2417904 total
[2020-02-27T04:29:07.657+0000][1][gc,age       ] GC(9) - age   3:     415648 bytes,    2833552 total
[2020-02-27T04:29:07.657+0000][1][gc,age       ] GC(9) - age   4:    1523288 bytes,    4356840 total
[2020-02-27T04:29:07.657+0000][1][gc,heap      ] GC(9) ParNew: 76672K->4911K(76672K)
[2020-02-27T04:29:07.657+0000][1][gc,heap      ] GC(9) CMS: 10515K->12090K(963392K)
[2020-02-27T04:29:07.657+0000][1][gc,metaspace ] GC(9) Metaspace: 20438K->20438K(1069056K)
[2020-02-27T04:29:07.657+0000][1][gc           ] GC(9) Pause Young (Allocation Failure) 85M->16M(1015M) 1498.594ms
[2020-02-27T04:29:07.657+0000][1][gc,cpu       ] GC(9) User=0.02s Sys=0.00s Real=1.50s
[2020-02-27T04:29:07.657+0000][1][safepoint    ] Safepoint "GenCollectForAllocation", Time since last: 307566407 ns, Reaching safepoint: 25210 ns, At safepoint: 1498649636 ns, Total: 1498674846 ns
[2020-02-27T04:29:07.676+0000][1][gc,start     ] GC(8) Pause Remark
[2020-02-27T04:29:07.737+0000][1][gc           ] GC(8) Pause Remark 19M->19M(1015M) 60.981ms
[2020-02-27T04:29:07.737+0000][1][gc,cpu       ] GC(8) User=0.02s Sys=0.00s Real=0.06s
[2020-02-27T04:29:07.737+0000][1][safepoint    ] Safepoint "RevokeBias", Time since last: 15545621 ns, Reaching safepoint: 3631835 ns, At safepoint: 61081436 ns, Total: 64713271 ns
[2020-02-27T04:29:07.744+0000][1][gc           ] GC(8) Concurrent Sweep
[2020-02-27T04:29:07.762+0000][1][gc           ] GC(8) Concurrent Sweep 17.572ms
[2020-02-27T04:29:07.762+0000][1][gc,cpu       ] GC(8) User=0.00s Sys=0.00s Real=0.02s
[2020-02-27T04:29:07.762+0000][1][gc           ] GC(8) Concurrent Reset
[2020-02-27T04:29:07.763+0000][1][gc           ] GC(8) Concurrent Reset 1.137ms
[2020-02-27T04:29:07.763+0000][1][gc,cpu       ] GC(8) User=0.00s Sys=0.00s Real=0.00s
[2020-02-27T04:29:07.763+0000][1][gc,heap      ] GC(8) Old: 10515K->12082K(963392K)
[2020-02-27T04:29:07.770+0000][1][safepoint    ] Safepoint "RevokeBias", Time since last: 29867773 ns, Reaching safepoint: 3206352 ns, At safepoint: 35547 ns, Total: 3241899 ns
[2020-02-27T04:29:07.775+0000][1][safepoint    ] Safepoint "RevokeBias", Time since last: 73718 ns, Reaching safepoint: 5217676 ns, At safepoint: 21098 ns, Total: 5238774 ns
[2020-02-27T04:29:07.779+0000][1][safepoint    ] Safepoint "RevokeBias", Time since last: 35975 ns, Reaching safepoint: 3499347 ns, At safepoint: 47380 ns, Total: 3546727 ns
[2020-02-27T04:29:07.781+0000][1][safepoint    ] Safepoint "RevokeBias", Time since last: 63020 ns, Reaching safepoint: 2312861 ns, At safepoint: 29692 ns, Total: 2342553 ns
[2020-02-27T04:29:07.792+0000][1][safepoint    ] Safepoint "RevokeBias", Time since last: 47365 ns, Reaching safepoint: 10750537 ns, At safepoint: 26575 ns, Total: 10777112 ns
[2020-02-27T04:29:09.750+0000][1][gc,start     ] GC(10) Pause Young (Allocation Failure)
[2020-02-27T04:29:09.750+0000][1][gc,task      ] GC(10) Using 1 workers of 1 for evacuation
[2020-02-27T04:29:10.190+0000][1][gc,age       ] GC(10) Desired survivor size 4358144 bytes, new threshold 4 (max threshold 6)
[2020-02-27T04:29:10.190+0000][1][gc,age       ] GC(10) Age table with threshold 4 (max threshold 6)
[2020-02-27T04:29:10.190+0000][1][gc,age       ] GC(10) - age   1:    2045752 bytes,    2045752 total
[2020-02-27T04:29:10.190+0000][1][gc,age       ] GC(10) - age   2:    1134128 bytes,    3179880 total
[2020-02-27T04:29:10.190+0000][1][gc,age       ] GC(10) - age   3:     849792 bytes,    4029672 total
[2020-02-27T04:29:10.190+0000][1][gc,age       ] GC(10) - age   4:     415616 bytes,    4445288 total
[2020-02-27T04:29:10.190+0000][1][gc,age       ] GC(10) - age   5:    1523136 bytes,    5968424 total
[2020-02-27T04:29:10.190+0000][1][gc,heap      ] GC(10) ParNew: 73071K->8512K(76672K)
[2020-02-27T04:29:10.190+0000][1][gc,heap      ] GC(10) CMS: 12082K->12082K(963392K)
[2020-02-27T04:29:10.190+0000][1][gc,metaspace ] GC(10) Metaspace: 20454K->20454K(1069056K)
[2020-02-27T04:29:10.190+0000][1][gc           ] GC(10) Pause Young (Allocation Failure) 83M->20M(1015M) 439.625ms
[2020-02-27T04:29:10.190+0000][1][gc,cpu       ] GC(10) User=0.03s Sys=0.00s Real=0.44s
[2020-02-27T04:29:10.190+0000][1][safepoint    ] Safepoint "GenCollectForAllocation", Time since last: 1957873216 ns, Reaching safepoint: 38153 ns, At safepoint: 439666112 ns, Total: 439704265 ns
[2020-02-27T04:29:10.202+0000][1][safepoint    ] Safepoint "BulkRevokeBias", Time since last: 12468539 ns, Reaching safepoint: 44343 ns, At safepoint: 67696 ns, Total: 112039 ns
[2020-02-27T04:29:10.202+0000][1][safepoint    ] Safepoint "RevokeBias", Time since last: 78827 ns, Reaching safepoint: 9132 ns, At safepoint: 17231 ns, Total: 26363 ns
[2020-02-27T04:29:10.202+0000][1][safepoint    ] Safepoint "RevokeBias", Time since last: 40565 ns, Reaching safepoint: 7739 ns, At safepoint: 16438 ns, Total: 24177 ns
[2020-02-27T04:29:10.203+0000][1][safepoint    ] Safepoint "RevokeBias", Time since last: 20735 ns, Reaching safepoint: 6465 ns, At safepoint: 14980 ns, Total: 21445 ns
[2020-02-27T04:29:10.203+0000][1][safepoint    ] Safepoint "RevokeBias", Time since last: 20966 ns, Reaching safepoint: 6637 ns, At safepoint: 15171 ns, Total: 21808 ns
[2020-02-27T04:29:10.203+0000][1][safepoint    ] Safepoint "RevokeBias", Time since last: 19395 ns, Reaching safepoint: 6281 ns, At safepoint: 14910 ns, Total: 21191 ns
[2020-02-27T04:29:10.203+0000][1][safepoint    ] Safepoint "RevokeBias", Time since last: 20597 ns, Reaching safepoint: 6634 ns, At safepoint: 14846 ns, Total: 21480 ns
[2020-02-27T04:29:10.203+0000][1][safepoint    ] Safepoint "RevokeBias", Time since last: 19231 ns, Reaching safepoint: 6335 ns, At safepoint: 14831 ns, Total: 21166 ns
[2020-02-27T04:29:10.203+0000][1][safepoint    ] Safepoint "RevokeBias", Time since last: 51960 ns, Reaching safepoint: 11271 ns, At safepoint: 18178 ns, Total: 29449 ns
[2020-02-27T04:29:10.203+0000][1][safepoint    ] Safepoint "RevokeBias", Time since last: 25417 ns, Reaching safepoint: 6968 ns, At safepoint: 15357 ns, Total: 22325 ns
[2020-02-27T04:29:10.203+0000][1][safepoint    ] Safepoint "BulkRevokeBias", Time since last: 21007 ns, Reaching safepoint: 6931 ns, At safepoint: 25843 ns, Total: 32774 ns
[2020-02-27T04:29:10.203+0000][1][safepoint    ] Safepoint "BulkRevokeBias", Time since last: 19283 ns, Reaching safepoint: 6607 ns, At safepoint: 23632 ns, Total: 30239 ns
[2020-02-27T04:29:11.205+0000][1][safepoint    ] Safepoint "Cleanup", Time since last: 1002181160 ns, Reaching safepoint: 64106 ns, At safepoint: 6920 ns, Total: 71026 ns
[2020-02-27T04:29:12.208+0000][1][safepoint    ] Safepoint "Cleanup", Time since last: 1002896301 ns, Reaching safepoint: 48803 ns, At safepoint: 7070 ns, Total: 55873 ns
[2020-02-27T04:29:13.214+0000][1][safepoint    ] Safepoint "Cleanup", Time since last: 1005792675 ns, Reaching safepoint: 87239 ns, At safepoint: 7006 ns, Total: 94245 ns
[2020-02-27T04:29:14.513+0000][1][gc,start     ] GC(11) Pause Young (Allocation Failure)
[2020-02-27T04:29:14.513+0000][1][gc,task      ] GC(11) Using 1 workers of 1 for evacuation
[2020-02-27T04:29:16.015+0000][1][gc,age       ] GC(11) Desired survivor size 4358144 bytes, new threshold 6 (max threshold 6)
[2020-02-27T04:29:16.015+0000][1][gc,age       ] GC(11) Age table with threshold 6 (max threshold 6)
[2020-02-27T04:29:16.015+0000][1][gc,age       ] GC(11) - age   1:    1769464 bytes,    1769464 total
[2020-02-27T04:29:16.015+0000][1][gc,age       ] GC(11) - age   2:     322872 bytes,    2092336 total
[2020-02-27T04:29:16.015+0000][1][gc,age       ] GC(11) - age   3:    1133800 bytes,    3226136 total
[2020-02-27T04:29:16.015+0000][1][gc,age       ] GC(11) - age   4:     849792 bytes,    4075928 total
[2020-02-27T04:29:16.015+0000][1][gc,heap      ] GC(11) ParNew: 76672K->5476K(76672K)
[2020-02-27T04:29:16.015+0000][1][gc,heap      ] GC(11) CMS: 12082K->13990K(963392K)
[2020-02-27T04:29:16.015+0000][1][gc,metaspace ] GC(11) Metaspace: 21237K->21237K(1069056K)
[2020-02-27T04:29:16.015+0000][1][gc           ] GC(11) Pause Young (Allocation Failure) 86M->19M(1015M) 1501.956ms
[2020-02-27T04:29:16.015+0000][1][gc,cpu       ] GC(11) User=0.02s Sys=0.01s Real=1.50s
[2020-02-27T04:29:16.015+0000][1][safepoint    ] Safepoint "GenCollectForAllocation", Time since last: 1298958122 ns, Reaching safepoint: 24497 ns, At safepoint: 1502004636 ns, Total: 1502029133 ns
[2020-02-27T04:29:16.033+0000][1][safepoint    ] Safepoint "RevokeBias", Time since last: 17182960 ns, Reaching safepoint: 648161 ns, At safepoint: 33826 ns, Total: 681987 ns
[2020-02-27T04:29:16.033+0000][1][safepoint    ] Safepoint "RevokeBias", Time since last: 56961 ns, Reaching safepoint: 529578 ns, At safepoint: 23957 ns, Total: 553535 ns
[2020-02-27T04:29:16.034+0000][1][safepoint    ] Safepoint "RevokeBias", Time since last: 43922 ns, Reaching safepoint: 549897 ns, At safepoint: 24578 ns, Total: 574475 ns
[2020-02-27T04:29:16.035+0000][1][safepoint    ] Safepoint "RevokeBias", Time since last: 46982 ns, Reaching safepoint: 503170 ns, At safepoint: 24215 ns, Total: 527385 ns
[2020-02-27T04:29:16.035+0000][1][safepoint    ] Safepoint "RevokeBias", Time since last: 42192 ns, Reaching safepoint: 550439 ns, At safepoint: 23878 ns, Total: 574317 ns
[2020-02-27T04:29:16.036+0000][1][safepoint    ] Safepoint "RevokeBias", Time since last: 41148 ns, Reaching safepoint: 513883 ns, At safepoint: 24678 ns, Total: 538561 ns
[2020-02-27T04:29:16.037+0000][1][safepoint    ] Safepoint "RevokeBias", Time since last: 46547 ns, Reaching safepoint: 545453 ns, At safepoint: 83110 ns, Total: 628563 ns
[2020-02-27T04:29:16.037+0000][1][safepoint    ] Safepoint "RevokeBias", Time since last: 114642 ns, Reaching safepoint: 195895 ns, At safepoint: 84950 ns, Total: 280845 ns
[2020-02-27T04:29:16.038+0000][1][safepoint    ] Safepoint "RevokeBias", Time since last: 45367 ns, Reaching safepoint: 666987 ns, At safepoint: 63564 ns, Total: 730551 ns
[2020-02-27T04:29:16.038+0000][1][safepoint    ] Safepoint "RevokeBias", Time since last: 40869 ns, Reaching safepoint: 48454 ns, At safepoint: 20251 ns, Total: 68705 ns
[2020-02-27T04:29:16.038+0000][1][safepoint    ] Safepoint "RevokeBias", Time since last: 81465 ns, Reaching safepoint: 284353 ns, At safepoint: 23947 ns, Total: 308300 ns
[2020-02-27T04:29:16.039+0000][1][safepoint    ] Safepoint "RevokeBias", Time since last: 69104 ns, Reaching safepoint: 581608 ns, At safepoint: 23118 ns, Total: 604726 ns
[2020-02-27T04:29:16.601+0000][1][gc,start     ] GC(12) Pause Young (Allocation Failure)
[2020-02-27T04:29:16.601+0000][1][gc,task      ] GC(12) Using 1 workers of 1 for evacuation
[2020-02-27T04:29:16.666+0000][1][gc,age       ] GC(12) Desired survivor size 4358144 bytes, new threshold 6 (max threshold 6)
[2020-02-27T04:29:16.666+0000][1][gc,age       ] GC(12) Age table with threshold 6 (max threshold 6)
[2020-02-27T04:29:16.666+0000][1][gc,age       ] GC(12) - age   1:     235384 bytes,     235384 total
[2020-02-27T04:29:16.666+0000][1][gc,age       ] GC(12) - age   2:     575392 bytes,     810776 total
[2020-02-27T04:29:16.666+0000][1][gc,age       ] GC(12) - age   3:     322872 bytes,    1133648 total
[2020-02-27T04:29:16.666+0000][1][gc,age       ] GC(12) - age   4:    1133800 bytes,    2267448 total
[2020-02-27T04:29:16.666+0000][1][gc,age       ] GC(12) - age   5:     849792 bytes,    3117240 total
[2020-02-27T04:29:16.666+0000][1][gc,heap      ] GC(12) ParNew: 73561K->4354K(76672K)
[2020-02-27T04:29:16.666+0000][1][gc,heap      ] GC(12) CMS: 13990K->13990K(963392K)
[2020-02-27T04:29:16.666+0000][1][gc,metaspace ] GC(12) Metaspace: 21259K->21259K(1069056K)
[2020-02-27T04:29:16.667+0000][1][gc           ] GC(12) Pause Young (Allocation Failure) 85M->17M(1015M) 65.269ms
[2020-02-27T04:29:16.667+0000][1][gc,cpu       ] GC(12) User=0.03s Sys=0.00s Real=0.06s
[2020-02-27T04:29:16.667+0000][1][safepoint    ] Safepoint "GenCollectForAllocation", Time since last: 562364337 ns, Reaching safepoint: 31604 ns, At safepoint: 65322823 ns, Total: 65354427 ns
[2020-02-27T04:29:16.686+0000][1][safepoint    ] Safepoint "RevokeBias", Time since last: 19750495 ns, Reaching safepoint: 29847 ns, At safepoint: 29911 ns, Total: 59758 ns
[2020-02-27T04:29:16.686+0000][1][safepoint    ] Safepoint "RevokeBias", Time since last: 54287 ns, Reaching safepoint: 12636 ns, At safepoint: 20722 ns, Total: 33358 ns
[2020-02-27T04:29:16.687+0000][1][safepoint    ] Safepoint "RevokeBias", Time since last: 31571 ns, Reaching safepoint: 11490 ns, At safepoint: 19241 ns, Total: 30731 ns
[2020-02-27T04:29:16.687+0000][1][safepoint    ] Safepoint "RevokeBias", Time since last: 24446 ns, Reaching safepoint: 10921 ns, At safepoint: 18648 ns, Total: 29569 ns
[2020-02-27T04:29:16.687+0000][1][safepoint    ] Safepoint "RevokeBias", Time since last: 26152 ns, Reaching safepoint: 11146 ns, At safepoint: 18959 ns, Total: 30105 ns
[2020-02-27T04:29:16.687+0000][1][safepoint    ] Safepoint "RevokeBias", Time since last: 33831 ns, Reaching safepoint: 11306 ns, At safepoint: 19044 ns, Total: 30350 ns
[2020-02-27T04:29:16.687+0000][1][safepoint    ] Safepoint "RevokeBias", Time since last: 98786 ns, Reaching safepoint: 53089 ns, At safepoint: 41423 ns, Total: 94512 ns
[2020-02-27T04:29:16.721+0000][1][safepoint    ] Safepoint "RevokeBias", Time since last: 2293653 ns, Reaching safepoint: 31748121 ns, At safepoint: 35886 ns, Total: 31784007 ns
[2020-02-27T04:29:17.627+0000][1][gc,start     ] GC(13) Pause Young (Allocation Failure)
[2020-02-27T04:29:17.627+0000][1][gc,task      ] GC(13) Using 1 workers of 1 for evacuation
[2020-02-27T04:29:17.685+0000][1][gc,age       ] GC(13) Desired survivor size 4358144 bytes, new threshold 6 (max threshold 6)
[2020-02-27T04:29:17.685+0000][1][gc,age       ] GC(13) Age table with threshold 6 (max threshold 6)
[2020-02-27T04:29:17.685+0000][1][gc,age       ] GC(13) - age   1:    1812824 bytes,    1812824 total
[2020-02-27T04:29:17.685+0000][1][gc,age       ] GC(13) - age   2:     206640 bytes,    2019464 total
[2020-02-27T04:29:17.685+0000][1][gc,age       ] GC(13) - age   3:     575280 bytes,    2594744 total
[2020-02-27T04:29:17.685+0000][1][gc,age       ] GC(13) - age   4:     322872 bytes,    2917616 total
[2020-02-27T04:29:17.685+0000][1][gc,age       ] GC(13) - age   5:    1133800 bytes,    4051416 total
[2020-02-27T04:29:17.685+0000][1][gc,age       ] GC(13) - age   6:     849792 bytes,    4901208 total
[2020-02-27T04:29:17.685+0000][1][gc,heap      ] GC(13) ParNew: 72514K->6743K(76672K)
[2020-02-27T04:29:17.685+0000][1][gc,heap      ] GC(13) CMS: 13990K->13990K(963392K)
[2020-02-27T04:29:17.685+0000][1][gc,metaspace ] GC(13) Metaspace: 21357K->21357K(1069056K)
[2020-02-27T04:29:17.685+0000][1][gc           ] GC(13) Pause Young (Allocation Failure) 84M->20M(1015M) 58.147ms
[2020-02-27T04:29:17.685+0000][1][gc,cpu       ] GC(13) User=0.02s Sys=0.00s Real=0.06s
[2020-02-27T04:29:17.685+0000][1][safepoint    ] Safepoint "GenCollectForAllocation", Time since last: 906047862 ns, Reaching safepoint: 39114 ns, At safepoint: 58188624 ns, Total: 58227738 ns
[2020-02-27T04:29:17.710+0000][1][safepoint    ] Safepoint "RevokeBias", Time since last: 12816595 ns, Reaching safepoint: 11394666 ns, At safepoint: 144742 ns, Total: 11539408 ns
[2020-02-27T04:29:17.716+0000][1][safepoint    ] Safepoint "RevokeBias", Time since last: 67002 ns, Reaching safepoint: 6289770 ns, At safepoint: 73806 ns, Total: 6363576 ns
[2020-02-27T04:29:17.730+0000][1][safepoint    ] Safepoint "RevokeBias", Time since last: 5924867 ns, Reaching safepoint: 8205262 ns, At safepoint: 36714 ns, Total: 8241976 ns
[2020-02-27T04:29:17.743+0000][1][safepoint    ] Safepoint "RevokeBias", Time since last: 6635252 ns, Reaching safepoint: 6389184 ns, At safepoint: 58378 ns, Total: 6447562 ns
[2020-02-27T04:29:18.746+0000][1][safepoint    ] Safepoint "Cleanup", Time since last: 1002878229 ns, Reaching safepoint: 41546 ns, At safepoint: 7685 ns, Total: 49231 ns
[2020-02-27T04:29:19.747+0000][1][safepoint    ] Safepoint "Cleanup", Time since last: 1001163471 ns, Reaching safepoint: 55930 ns, At safepoint: 7095 ns, Total: 63025 ns
[2020-02-27T04:29:20.284+0000][1][gc,start     ] GC(14) Pause Young (Allocation Failure)
[2020-02-27T04:29:20.284+0000][1][gc,task      ] GC(14) Using 1 workers of 1 for evacuation
[2020-02-27T04:29:21.783+0000][1][gc,age       ] GC(14) Desired survivor size 4358144 bytes, new threshold 6 (max threshold 6)
[2020-02-27T04:29:21.783+0000][1][gc,age       ] GC(14) Age table with threshold 6 (max threshold 6)
[2020-02-27T04:29:21.783+0000][1][gc,age       ] GC(14) - age   1:    1639880 bytes,    1639880 total
[2020-02-27T04:29:21.783+0000][1][gc,age       ] GC(14) - age   2:      98256 bytes,    1738136 total
[2020-02-27T04:29:21.783+0000][1][gc,age       ] GC(14) - age   3:     206640 bytes,    1944776 total
[2020-02-27T04:29:21.783+0000][1][gc,age       ] GC(14) - age   4:     575280 bytes,    2520056 total
[2020-02-27T04:29:21.783+0000][1][gc,age       ] GC(14) - age   5:     322872 bytes,    2842928 total
[2020-02-27T04:29:21.783+0000][1][gc,age       ] GC(14) - age   6:    1133800 bytes,    3976728 total
[2020-02-27T04:29:21.783+0000][1][gc,heap      ] GC(14) ParNew: 74903K->4432K(76672K)
[2020-02-27T04:29:21.783+0000][1][gc,heap      ] GC(14) CMS: 13990K->14826K(963392K)
[2020-02-27T04:29:21.783+0000][1][gc,metaspace ] GC(14) Metaspace: 21427K->21427K(1069056K)
[2020-02-27T04:29:21.783+0000][1][gc           ] GC(14) Pause Young (Allocation Failure) 86M->18M(1015M) 1498.762ms
[2020-02-27T04:29:21.783+0000][1][gc,cpu       ] GC(14) User=0.02s Sys=0.00s Real=1.50s
[2020-02-27T04:29:21.783+0000][1][safepoint    ] Safepoint "GenCollectForAllocation", Time since last: 536624067 ns, Reaching safepoint: 27275 ns, At safepoint: 1498803736 ns, Total: 1498831011 ns
[2020-02-27T04:29:21.803+0000][1][safepoint    ] Safepoint "RevokeBias", Time since last: 17026435 ns, Reaching safepoint: 3112368 ns, At safepoint: 59030 ns, Total: 3171398 ns
[2020-02-27T04:29:21.805+0000][1][safepoint    ] Safepoint "RevokeBias", Time since last: 61531 ns, Reaching safepoint: 1815879 ns, At safepoint: 55781 ns, Total: 1871660 ns
[2020-02-27T04:29:21.811+0000][1][safepoint    ] Safepoint "RevokeBias", Time since last: 125241 ns, Reaching safepoint: 5990463 ns, At safepoint: 43615 ns, Total: 6034078 ns
[2020-02-27T04:29:21.814+0000][1][safepoint    ] Safepoint "RevokeBias", Time since last: 64020 ns, Reaching safepoint: 3081995 ns, At safepoint: 43260 ns, Total: 3125255 ns
[2020-02-27T04:29:21.823+0000][1][safepoint    ] Safepoint "RevokeBias", Time since last: 1671681 ns, Reaching safepoint: 6415807 ns, At safepoint: 34111 ns, Total: 6449918 ns
[2020-02-27T04:29:21.825+0000][1][safepoint    ] Safepoint "RevokeBias", Time since last: 60003 ns, Reaching safepoint: 2330121 ns, At safepoint: 65424 ns, Total: 2395545 ns
[2020-02-27T04:29:21.827+0000][1][safepoint    ] Safepoint "RevokeBias", Time since last: 56512 ns, Reaching safepoint: 2312267 ns, At safepoint: 41558 ns, Total: 2353825 ns
[2020-02-27T04:29:21.833+0000][1][safepoint    ] Safepoint "RevokeBias", Time since last: 37366 ns, Reaching safepoint: 5596802 ns, At safepoint: 29936 ns, Total: 5626738 ns
[2020-02-27T04:29:21.837+0000][1][safepoint    ] Safepoint "RevokeBias", Time since last: 63943 ns, Reaching safepoint: 4257538 ns, At safepoint: 43960 ns, Total: 4301498 ns
[2020-02-27T04:29:21.839+0000][1][safepoint    ] Safepoint "RevokeBias", Time since last: 56252 ns, Reaching safepoint: 1486863 ns, At safepoint: 52670 ns, Total: 1539533 ns
[2020-02-27T04:29:22.737+0000][1][gc,start     ] GC(15) Pause Young (Allocation Failure)
[2020-02-27T04:29:22.737+0000][1][gc,task      ] GC(15) Using 1 workers of 1 for evacuation
[2020-02-27T04:29:24.801+0000][1][gc,age       ] GC(15) Desired survivor size 4358144 bytes, new threshold 6 (max threshold 6)
[2020-02-27T04:29:24.801+0000][1][gc,age       ] GC(15) Age table with threshold 6 (max threshold 6)
[2020-02-27T04:29:24.801+0000][1][gc,age       ] GC(15) - age   1:     468104 bytes,     468104 total
[2020-02-27T04:29:24.801+0000][1][gc,age       ] GC(15) - age   2:     306568 bytes,     774672 total
[2020-02-27T04:29:24.801+0000][1][gc,age       ] GC(15) - age   3:      98256 bytes,     872928 total
[2020-02-27T04:29:24.801+0000][1][gc,age       ] GC(15) - age   4:     206640 bytes,    1079568 total
[2020-02-27T04:29:24.801+0000][1][gc,age       ] GC(15) - age   5:     575128 bytes,    1654696 total
[2020-02-27T04:29:24.801+0000][1][gc,age       ] GC(15) - age   6:     322872 bytes,    1977568 total
[2020-02-27T04:29:24.801+0000][1][gc,heap      ] GC(15) ParNew: 72592K->4020K(76672K)
[2020-02-27T04:29:24.801+0000][1][gc,heap      ] GC(15) CMS: 14826K->15939K(963392K)
[2020-02-27T04:29:24.801+0000][1][gc,metaspace ] GC(15) Metaspace: 21444K->21444K(1069056K)
[2020-02-27T04:29:24.801+0000][1][gc           ] GC(15) Pause Young (Allocation Failure) 85M->19M(1015M) 2064.084ms
[2020-02-27T04:29:24.801+0000][1][gc,cpu       ] GC(15) User=0.01s Sys=0.00s Real=2.06s
[2020-02-27T04:29:24.801+0000][1][safepoint    ] Safepoint "GenCollectForAllocation", Time since last: 897658937 ns, Reaching safepoint: 32350 ns, At safepoint: 2064126954 ns, Total: 2064159304 ns
[2020-02-27T04:29:24.821+0000][1][safepoint    ] Safepoint "BulkRevokeBias", Time since last: 15065069 ns, Reaching safepoint: 5204104 ns, At safepoint: 71388 ns, Total: 5275492 ns
[2020-02-27T04:29:24.824+0000][1][safepoint    ] Safepoint "RevokeBias", Time since last: 87662 ns, Reaching safepoint: 2762989 ns, At safepoint: 28007 ns, Total: 2790996 ns
[2020-02-27T04:29:24.835+0000][1][safepoint    ] Safepoint "RevokeBias", Time since last: 52613 ns, Reaching safepoint: 10981849 ns, At safepoint: 95287 ns, Total: 11077136 ns
[2020-02-27T04:29:24.841+0000][1][safepoint    ] Safepoint "RevokeBias", Time since last: 106542 ns, Reaching safepoint: 5617324 ns, At safepoint: 39802 ns, Total: 5657126 ns
[2020-02-27T04:29:24.847+0000][1][safepoint    ] Safepoint "BulkRevokeBias", Time since last: 78645 ns, Reaching safepoint: 6211865 ns, At safepoint: 113340 ns, Total: 6325205 ns
[2020-02-27T04:29:24.852+0000][1][safepoint    ] Safepoint "BulkRevokeBias", Time since last: 56799 ns, Reaching safepoint: 4475806 ns, At safepoint: 73451 ns, Total: 4549257 ns
[2020-02-27T04:29:25.853+0000][1][safepoint    ] Safepoint "Cleanup", Time since last: 1001012671 ns, Reaching safepoint: 38990 ns, At safepoint: 6500 ns, Total: 45490 ns
[2020-02-27T04:29:26.392+0000][1][safepoint    ] Safepoint "Deoptimize", Time since last: 538505843 ns, Reaching safepoint: 38199 ns, At safepoint: 488301 ns, Total: 526500 ns
[2020-02-27T04:29:27.402+0000][1][safepoint    ] Safepoint "Cleanup", Time since last: 1010237884 ns, Reaching safepoint: 53038 ns, At safepoint: 6737 ns, Total: 59775 ns
[2020-02-27T04:29:28.405+0000][1][safepoint    ] Safepoint "Cleanup", Time since last: 1002722123 ns, Reaching safepoint: 46991 ns, At safepoint: 7900 ns, Total: 54891 ns
[2020-02-27T04:29:30.409+0000][1][safepoint    ] Safepoint "Cleanup", Time since last: 2003798149 ns, Reaching safepoint: 79709 ns, At safepoint: 29811 ns, Total: 109520 ns
[2020-02-27T04:29:35.423+0000][1][safepoint    ] Safepoint "Cleanup", Time since last: 5014357167 ns, Reaching safepoint: 88563 ns, At safepoint: 7987 ns, Total: 96550 ns
[2020-02-27T04:29:36.434+0000][1][safepoint    ] Safepoint "Cleanup", Time since last: 1010770394 ns, Reaching safepoint: 159235 ns, At safepoint: 8761 ns, Total: 167996 ns
[2020-02-27T04:29:37.435+0000][1][safepoint    ] Safepoint "Cleanup", Time since last: 1000506063 ns, Reaching safepoint: 138565 ns, At safepoint: 6538 ns, Total: 145103 ns
[2020-02-27T04:29:39.438+0000][1][safepoint    ] Safepoint "Cleanup", Time since last: 2002681625 ns, Reaching safepoint: 51075 ns, At safepoint: 6608 ns, Total: 57683 ns
[2020-02-27T04:29:40.442+0000][1][safepoint    ] Safepoint "Cleanup", Time since last: 1003983210 ns, Reaching safepoint: 149297 ns, At safepoint: 30532 ns, Total: 179829 ns
[2020-02-27T04:29:42.443+0000][1][safepoint    ] Safepoint "Cleanup", Time since last: 2000925643 ns, Reaching safepoint: 109965 ns, At safepoint: 11988 ns, Total: 121953 ns
[2020-02-27T04:29:43.444+0000][1][safepoint    ] Safepoint "Cleanup", Time since last: 1000744581 ns, Reaching safepoint: 41443 ns, At safepoint: 6368 ns, Total: 47811 ns
[2020-02-27T04:29:45.452+0000][1][safepoint    ] Safepoint "Cleanup", Time since last: 2002163279 ns, Reaching safepoint: 6094355 ns, At safepoint: 13163 ns, Total: 6107518 ns
[2020-02-27T04:29:45.781+0000][1][safepoint    ] Safepoint "Deoptimize", Time since last: 329056085 ns, Reaching safepoint: 29960 ns, At safepoint: 263284 ns, Total: 293244 ns
[2020-02-27T04:29:46.061+0000][1][safepoint    ] Safepoint "Deoptimize", Time since last: 278915151 ns, Reaching safepoint: 35913 ns, At safepoint: 495800 ns, Total: 531713 ns
[2020-02-27T04:29:46.292+0000][1][safepoint    ] Safepoint "Deoptimize", Time since last: 230494667 ns, Reaching safepoint: 20782 ns, At safepoint: 318291 ns, Total: 339073 ns
[2020-02-27T04:29:46.382+0000][1][safepoint    ] Safepoint "RevokeBias", Time since last: 53908972 ns, Reaching safepoint: 36605869 ns, At safepoint: 64506 ns, Total: 36670375 ns
[2020-02-27T04:29:46.404+0000][1][safepoint    ] Safepoint "RevokeBias", Time since last: 21158781 ns, Reaching safepoint: 98435 ns, At safepoint: 9188 ns, Total: 107623 ns
[2020-02-27T04:29:46.526+0000][1][gc,start     ] GC(16) Pause Young (Allocation Failure)
[2020-02-27T04:29:46.526+0000][1][gc,task      ] GC(16) Using 1 workers of 1 for evacuation
[2020-02-27T04:29:46.962+0000][1][gc,age       ] GC(16) Desired survivor size 4358144 bytes, new threshold 6 (max threshold 6)
[2020-02-27T04:29:46.962+0000][1][gc,age       ] GC(16) Age table with threshold 6 (max threshold 6)
[2020-02-27T04:29:46.962+0000][1][gc,age       ] GC(16) - age   1:    2534176 bytes,    2534176 total
[2020-02-27T04:29:46.962+0000][1][gc,age       ] GC(16) - age   2:     155832 bytes,    2690008 total
[2020-02-27T04:29:46.962+0000][1][gc,age       ] GC(16) - age   3:     306360 bytes,    2996368 total
[2020-02-27T04:29:46.962+0000][1][gc,age       ] GC(16) - age   4:      98048 bytes,    3094416 total
[2020-02-27T04:29:46.962+0000][1][gc,age       ] GC(16) - age   5:     206640 bytes,    3301056 total
[2020-02-27T04:29:46.962+0000][1][gc,age       ] GC(16) - age   6:     574256 bytes,    3875312 total
[2020-02-27T04:29:46.962+0000][1][gc,heap      ] GC(16) ParNew: 72180K->5188K(76672K)
[2020-02-27T04:29:46.962+0000][1][gc,heap      ] GC(16) CMS: 15939K->16255K(963392K)
[2020-02-27T04:29:46.962+0000][1][gc,metaspace ] GC(16) Metaspace: 27185K->27185K(1075200K)
[2020-02-27T04:29:46.962+0000][1][gc           ] GC(16) Pause Young (Allocation Failure) 86M->20M(1015M) 435.651ms
[2020-02-27T04:29:46.962+0000][1][gc,cpu       ] GC(16) User=0.03s Sys=0.00s Real=0.44s
[2020-02-27T04:29:46.962+0000][1][safepoint    ] Safepoint "GenCollectForAllocation", Time since last: 122582605 ns, Reaching safepoint: 62158 ns, At safepoint: 435692884 ns, Total: 435755042 ns
[2020-02-27T04:29:47.996+0000][1][safepoint    ] Safepoint "Cleanup", Time since last: 1028341258 ns, Reaching safepoint: 6130467 ns, At safepoint: 18198 ns, Total: 6148665 ns
[2020-02-27T04:29:48.997+0000][1][safepoint    ] Safepoint "Cleanup", Time since last: 1000822399 ns, Reaching safepoint: 128929 ns, At safepoint: 5906 ns, Total: 134835 ns
[2020-02-27T04:29:50.004+0000][1][safepoint    ] Safepoint "Cleanup", Time since last: 1006908842 ns, Reaching safepoint: 54022 ns, At safepoint: 7126 ns, Total: 61148 ns
[2020-02-27T04:29:51.024+0000][1][safepoint    ] Safepoint "Cleanup", Time since last: 1001076361 ns, Reaching safepoint: 19034341 ns, At safepoint: 10122 ns, Total: 19044463 ns
[2020-02-27T04:29:52.436+0000][1][safepoint    ] Safepoint "Cleanup", Time since last: 1010362347 ns, Reaching safepoint: 401490732 ns, At safepoint: 7292 ns, Total: 401498024 ns
[2020-02-27T04:29:53.439+0000][1][safepoint    ] Safepoint "Cleanup", Time since last: 1001192533 ns, Reaching safepoint: 1665523 ns, At safepoint: 7920 ns, Total: 1673443 ns
[2020-02-27T04:29:53.774+0000][1][gc,start     ] GC(17) Pause Young (Allocation Failure)
[2020-02-27T04:29:53.774+0000][1][gc,task      ] GC(17) Using 1 workers of 1 for evacuation
[2020-02-27T04:29:55.927+0000][1][gc,age       ] GC(17) Desired survivor size 4358144 bytes, new threshold 1 (max threshold 6)
[2020-02-27T04:29:55.927+0000][1][gc,age       ] GC(17) Age table with threshold 1 (max threshold 6)
[2020-02-27T04:29:55.927+0000][1][gc,age       ] GC(17) - age   1:    6605096 bytes,    6605096 total
[2020-02-27T04:29:55.927+0000][1][gc,age       ] GC(17) - age   2:    1369704 bytes,    7974800 total
[2020-02-27T04:29:55.927+0000][1][gc,age       ] GC(17) - age   3:     152232 bytes,    8127032 total
[2020-02-27T04:29:55.927+0000][1][gc,age       ] GC(17) - age   4:     294672 bytes,    8421704 total
[2020-02-27T04:29:55.927+0000][1][gc,age       ] GC(17) - age   5:      91648 bytes,    8513352 total
[2020-02-27T04:29:55.927+0000][1][gc,age       ] GC(17) - age   6:     202720 bytes,    8716072 total
[2020-02-27T04:29:55.927+0000][1][gc,heap      ] GC(17) ParNew: 73348K->8512K(76672K)
[2020-02-27T04:29:55.927+0000][1][gc,heap      ] GC(17) CMS: 16255K->21485K(963392K)
[2020-02-27T04:29:55.927+0000][1][gc,metaspace ] GC(17) Metaspace: 28293K->28293K(1075200K)
[2020-02-27T04:29:55.927+0000][1][gc           ] GC(17) Pause Young (Allocation Failure) 87M->29M(1015M) 2152.837ms
[2020-02-27T04:29:55.927+0000][1][gc,cpu       ] GC(17) User=0.06s Sys=0.04s Real=2.15s
[2020-02-27T04:29:55.927+0000][1][safepoint    ] Safepoint "GenCollectForAllocation", Time since last: 334773996 ns, Reaching safepoint: 28938 ns, At safepoint: 2152874058 ns, Total: 2152902996 ns
[2020-02-27T04:29:56.954+0000][1][safepoint    ] Safepoint "Cleanup", Time since last: 1001115536 ns, Reaching safepoint: 26211245 ns, At safepoint: 9317 ns, Total: 26220562 ns
[2020-02-27T04:29:57.470+0000][1][safepoint    ] Safepoint "RevokeBias", Time since last: 515297342 ns, Reaching safepoint: 26856 ns, At safepoint: 24635 ns, Total: 51491 ns
[2020-02-27T04:29:58.225+0000][1][gc,start     ] GC(18) Pause Young (Allocation Failure)
[2020-02-27T04:29:58.225+0000][1][gc,task      ] GC(18) Using 1 workers of 1 for evacuation
[2020-02-27T04:30:07.166+0000][1][gc,age       ] GC(18) Desired survivor size 4358144 bytes, new threshold 1 (max threshold 6)
[2020-02-27T04:30:07.170+0000][1][gc,age       ] GC(18) Age table with threshold 1 (max threshold 6)
[2020-02-27T04:30:07.170+0000][1][gc,age       ] GC(18) - age   1:    8716224 bytes,    8716224 total
[2020-02-27T04:30:07.170+0000][1][gc,heap      ] GC(18) ParNew: 76672K->8512K(76672K)
[2020-02-27T04:30:07.170+0000][1][gc,heap      ] GC(18) CMS: 21485K->31091K(963392K)
[2020-02-27T04:30:07.170+0000][1][gc,metaspace ] GC(18) Metaspace: 28362K->28362K(1075200K)
[2020-02-27T04:30:07.170+0000][1][gc           ] GC(18) Pause Young (Allocation Failure) 95M->38M(1015M) 8945.062ms
[2020-02-27T04:30:07.170+0000][1][gc,cpu       ] GC(18) User=0.07s Sys=0.09s Real=8.94s
[2020-02-27T04:30:07.170+0000][1][safepoint    ] Safepoint "GenCollectForAllocation", Time since last: 755367021 ns, Reaching safepoint: 28265 ns, At safepoint: 8945103054 ns, Total: 8945131319 ns
[2020-02-27T04:30:08.194+0000][1][safepoint    ] Safepoint "Cleanup", Time since last: 1002082927 ns, Reaching safepoint: 21932269 ns, At safepoint: 9381 ns, Total: 21941650 ns
[2020-02-27T04:30:09.205+0000][1][safepoint    ] Safepoint "Cleanup", Time since last: 1011319152 ns, Reaching safepoint: 115969 ns, At safepoint: 8429 ns, Total: 124398 ns
[2020-02-27T04:30:10.202+0000][1][safepoint    ] Safepoint "RevokeBias", Time since last: 996010112 ns, Reaching safepoint: 39658 ns, At safepoint: 117911 ns, Total: 157569 ns
[2020-02-27T04:30:11.205+0000][1][safepoint    ] Safepoint "Cleanup", Time since last: 1003485710 ns, Reaching safepoint: 68433 ns, At safepoint: 7164 ns, Total: 75597 ns
[2020-02-27T04:30:12.214+0000][1][safepoint    ] Safepoint "Cleanup", Time since last: 1005893388 ns, Reaching safepoint: 3013214 ns, At safepoint: 10248 ns, Total: 3023462 ns
[2020-02-27T04:30:13.214+0000][1][safepoint    ] Safepoint "Cleanup", Time since last: 1000237380 ns, Reaching safepoint: 52967 ns, At safepoint: 6732 ns, Total: 59699 ns
[2020-02-27T04:30:13.834+0000][1][gc,start     ] GC(19) Pause Young (Allocation Failure)
[2020-02-27T04:30:13.834+0000][1][gc,task      ] GC(19) Using 1 workers of 1 for evacuation
[2020-02-27T04:30:16.273+0000][1][gc,age       ] GC(19) Desired survivor size 4358144 bytes, new threshold 1 (max threshold 6)
[2020-02-27T04:30:16.274+0000][1][gc,age       ] GC(19) Age table with threshold 1 (max threshold 6)
[2020-02-27T04:30:16.274+0000][1][gc,age       ] GC(19) - age   1:    7181600 bytes,    7181600 total
[2020-02-27T04:30:16.274+0000][1][gc,heap      ] GC(19) ParNew: 76672K->8184K(76672K)
[2020-02-27T04:30:16.274+0000][1][gc,heap      ] GC(19) CMS: 31091K->38861K(963392K)
[2020-02-27T04:30:16.274+0000][1][gc,metaspace ] GC(19) Metaspace: 30760K->30760K(1077248K)
[2020-02-27T04:30:16.274+0000][1][gc           ] GC(19) Pause Young (Allocation Failure) 105M->45M(1015M) 2440.111ms
[2020-02-27T04:30:16.274+0000][1][gc,cpu       ] GC(19) User=0.08s Sys=0.04s Real=2.44s
[2020-02-27T04:30:16.274+0000][1][safepoint    ] Safepoint "GenCollectForAllocation", Time since last: 619032941 ns, Reaching safepoint: 61085 ns, At safepoint: 2440170105 ns, Total: 2440231190 ns
[2020-02-27T04:30:16.275+0000][1][safepoint    ] Safepoint "RevokeBias", Time since last: 1197435 ns, Reaching safepoint: 21606 ns, At safepoint: 32291 ns, Total: 53897 ns
[2020-02-27T04:30:17.148+0000][1][safepoint    ] Safepoint "RevokeBias", Time since last: 867367384 ns, Reaching safepoint: 5809888 ns, At safepoint: 70022 ns, Total: 5879910 ns
[2020-02-27T04:30:18.149+0000][1][safepoint    ] Safepoint "Cleanup", Time since last: 1000511380 ns, Reaching safepoint: 120265 ns, At safepoint: 9104 ns, Total: 129369 ns
[2020-02-27T04:30:19.041+0000][1][safepoint    ] Safepoint "CollectForMetadataAllocation", Time since last: 891540370 ns, Reaching safepoint: 34778 ns, At safepoint: 127036 ns, Total: 161814 ns
[2020-02-27T04:30:19.156+0000][1][safepoint    ] Safepoint "CollectForMetadataAllocation", Time since last: 114945637 ns, Reaching safepoint: 31308 ns, At safepoint: 227030 ns, Total: 258338 ns
[2020-02-27T04:30:19.683+0000][1][safepoint    ] Safepoint "CollectForMetadataAllocation", Time since last: 526538423 ns, Reaching safepoint: 34813 ns, At safepoint: 215085 ns, Total: 249898 ns
[2020-02-27T04:30:19.938+0000][1][gc,start     ] GC(20) Pause Young (Allocation Failure)
[2020-02-27T04:30:19.938+0000][1][gc,task      ] GC(20) Using 1 workers of 1 for evacuation
[2020-02-27T04:30:21.040+0000][1][gc,age       ] GC(20) Desired survivor size 4358144 bytes, new threshold 6 (max threshold 6)
[2020-02-27T04:30:21.040+0000][1][gc,age       ] GC(20) Age table with threshold 6 (max threshold 6)
[2020-02-27T04:30:21.040+0000][1][gc,age       ] GC(20) - age   1:    1257656 bytes,    1257656 total
[2020-02-27T04:30:21.040+0000][1][gc,heap      ] GC(20) ParNew: 76344K->7306K(76672K)
[2020-02-27T04:30:21.040+0000][1][gc,heap      ] GC(20) CMS: 38861K->45879K(963392K)
[2020-02-27T04:30:21.040+0000][1][gc,metaspace ] GC(20) Metaspace: 34247K->34247K(1081344K)
[2020-02-27T04:30:21.040+0000][1][gc           ] GC(20) Pause Young (Allocation Failure) 112M->51M(1015M) 1102.134ms
[2020-02-27T04:30:21.040+0000][1][gc,cpu       ] GC(20) User=0.03s Sys=0.08s Real=1.10s
[2020-02-27T04:30:21.040+0000][1][safepoint    ] Safepoint "GenCollectForAllocation", Time since last: 255104711 ns, Reaching safepoint: 36635 ns, At safepoint: 1102181195 ns, Total: 1102217830 ns
[2020-02-27T04:30:21.068+0000][1][gc,start     ] GC(21) Pause Initial Mark
[2020-02-27T04:30:21.091+0000][1][gc           ] GC(21) Pause Initial Mark 58M->58M(1015M) 22.583ms
[2020-02-27T04:30:21.091+0000][1][gc,cpu       ] GC(21) User=0.02s Sys=0.00s Real=0.02s
[2020-02-27T04:30:21.091+0000][1][safepoint    ] Safepoint "CMS_Initial_Mark", Time since last: 23072222 ns, Reaching safepoint: 5219603 ns, At safepoint: 22665349 ns, Total: 27884952 ns
[2020-02-27T04:30:21.101+0000][1][gc           ] GC(21) Concurrent Mark
[2020-02-27T04:30:21.428+0000][1][safepoint    ] Safepoint "CollectForMetadataAllocation", Time since last: 333207849 ns, Reaching safepoint: 4205166 ns, At safepoint: 122829 ns, Total: 4327995 ns
[2020-02-27T04:30:21.522+0000][1][gc           ] GC(21) Concurrent Mark 420.989ms
[2020-02-27T04:30:21.522+0000][1][gc,cpu       ] GC(21) User=0.20s Sys=0.00s Real=0.42s
[2020-02-27T04:30:21.522+0000][1][gc           ] GC(21) Concurrent Preclean
[2020-02-27T04:30:21.524+0000][1][gc           ] GC(21) Concurrent Preclean 1.711ms
[2020-02-27T04:30:21.524+0000][1][gc,cpu       ] GC(21) User=0.00s Sys=0.00s Real=0.00s
[2020-02-27T04:30:21.524+0000][1][gc           ] GC(21) Concurrent Abortable Preclean
[2020-02-27T04:30:22.294+0000][1][safepoint    ] Safepoint "CollectForMetadataAllocation", Time since last: 865493836 ns, Reaching safepoint: 118478 ns, At safepoint: 152897 ns, Total: 271375 ns
[2020-02-27T04:30:22.902+0000][1][safepoint    ] Safepoint "CollectForMetadataAllocation", Time since last: 607800578 ns, Reaching safepoint: 42361 ns, At safepoint: 185480 ns, Total: 227841 ns
[2020-02-27T04:30:23.016+0000][1][gc,start     ] GC(22) Pause Young (Allocation Failure)
[2020-02-27T04:30:23.016+0000][1][gc,task      ] GC(22) Using 1 workers of 1 for evacuation
[2020-02-27T04:30:23.068+0000][1][gc           ] GC(21) Concurrent Abortable Preclean 1544.200ms
[2020-02-27T04:30:23.068+0000][1][gc,cpu       ] GC(21) User=0.57s Sys=0.03s Real=1.54s
[2020-02-27T04:30:23.072+0000][1][gc,age       ] GC(22) Desired survivor size 4358144 bytes, new threshold 6 (max threshold 6)
[2020-02-27T04:30:23.072+0000][1][gc,age       ] GC(22) Age table with threshold 6 (max threshold 6)
[2020-02-27T04:30:23.072+0000][1][gc,age       ] GC(22) - age   1:    1622912 bytes,    1622912 total
[2020-02-27T04:30:23.072+0000][1][gc,age       ] GC(22) - age   2:    1191368 bytes,    2814280 total
[2020-02-27T04:30:23.072+0000][1][gc,heap      ] GC(22) ParNew: 75466K->4113K(76672K)
[2020-02-27T04:30:23.072+0000][1][gc,heap      ] GC(22) CMS: 45879K->45879K(963392K)
[2020-02-27T04:30:23.072+0000][1][gc,metaspace ] GC(22) Metaspace: 35073K->35073K(1081344K)
[2020-02-27T04:30:23.072+0000][1][gc           ] GC(22) Pause Young (Allocation Failure) 118M->48M(1015M) 56.251ms
[2020-02-27T04:30:23.072+0000][1][gc,cpu       ] GC(22) User=0.02s Sys=0.00s Real=0.06s
[2020-02-27T04:30:23.072+0000][1][safepoint    ] Safepoint "GenCollectForAllocation", Time since last: 113692319 ns, Reaching safepoint: 34676 ns, At safepoint: 56294794 ns, Total: 56329470 ns
[2020-02-27T04:30:23.097+0000][1][gc,start     ] GC(21) Pause Remark
[2020-02-27T04:30:23.127+0000][1][gc           ] GC(21) Pause Remark 50M->50M(1015M) 29.911ms
[2020-02-27T04:30:23.127+0000][1][gc,cpu       ] GC(21) User=0.01s Sys=0.00s Real=0.03s
[2020-02-27T04:30:23.127+0000][1][safepoint    ] Safepoint "CMS_Final_Remark", Time since last: 22356164 ns, Reaching safepoint: 2321823 ns, At safepoint: 30128649 ns, Total: 32450472 ns
[2020-02-27T04:30:23.159+0000][1][gc           ] GC(21) Concurrent Sweep
[2020-02-27T04:30:23.295+0000][1][safepoint    ] Safepoint "CollectForMetadataAllocation", Time since last: 167758662 ns, Reaching safepoint: 406082 ns, At safepoint: 10906 ns, Total: 416988 ns
[2020-02-27T04:30:23.307+0000][1][safepoint    ] Safepoint "CollectForMetadataAllocation", Time since last: 11828889 ns, Reaching safepoint: 31460 ns, At safepoint: 181286 ns, Total: 212746 ns
[2020-02-27T04:30:23.328+0000][1][gc           ] GC(21) Concurrent Sweep 169.316ms
[2020-02-27T04:30:23.328+0000][1][gc,cpu       ] GC(21) User=0.05s Sys=0.00s Real=0.17s
[2020-02-27T04:30:23.328+0000][1][gc           ] GC(21) Concurrent Reset
[2020-02-27T04:30:23.330+0000][1][gc           ] GC(21) Concurrent Reset 1.114ms
[2020-02-27T04:30:23.330+0000][1][gc,cpu       ] GC(21) User=0.00s Sys=0.00s Real=0.00s
[2020-02-27T04:30:23.330+0000][1][gc,heap      ] GC(21) Old: 45879K->45666K(963392K)
[2020-02-27T04:30:24.313+0000][1][safepoint    ] Safepoint "Cleanup", Time since last: 1001948312 ns, Reaching safepoint: 4269209 ns, At safepoint: 8763 ns, Total: 4277972 ns
[2020-02-27T04:30:24.392+0000][1][safepoint    ] Safepoint "RevokeBias", Time since last: 78969893 ns, Reaching safepoint: 31303 ns, At safepoint: 46295 ns, Total: 77598 ns
[2020-02-27T04:30:24.397+0000][1][safepoint    ] Safepoint "Deoptimize", Time since last: 4334411 ns, Reaching safepoint: 32534 ns, At safepoint: 534824 ns, Total: 567358 ns
[2020-02-27T04:30:25.406+0000][1][safepoint    ] Safepoint "Cleanup", Time since last: 1008101205 ns, Reaching safepoint: 76785 ns, At safepoint: 6884 ns, Total: 83669 ns
[2020-02-27T04:30:26.415+0000][1][safepoint    ] Safepoint "Cleanup", Time since last: 1009263085 ns, Reaching safepoint: 109850 ns, At safepoint: 6541 ns, Total: 116391 ns
[2020-02-27T04:30:27.421+0000][1][safepoint    ] Safepoint "Cleanup", Time since last: 1002183460 ns, Reaching safepoint: 4193721 ns, At safepoint: 10664 ns, Total: 4204385 ns
[2020-02-27T04:30:27.434+0000][1][safepoint    ] Safepoint "RevokeBias", Time since last: 12333767 ns, Reaching safepoint: 36197 ns, At safepoint: 45073 ns, Total: 81270 ns
[2020-02-27T04:30:27.434+0000][1][safepoint    ] Safepoint "RevokeBias", Time since last: 155281 ns, Reaching safepoint: 20932 ns, At safepoint: 32693 ns, Total: 53625 ns
[2020-02-27T04:30:28.444+0000][1][safepoint    ] Safepoint "Cleanup", Time since last: 1004306707 ns, Reaching safepoint: 5294658 ns, At safepoint: 11484 ns, Total: 5306142 ns
[2020-02-27T04:30:32.378+0000][1][safepoint    ] Safepoint "RevokeBias", Time since last: 3931495728 ns, Reaching safepoint: 2994118 ns, At safepoint: 45326 ns, Total: 3039444 ns
[2020-02-27T04:30:32.381+0000][1][safepoint    ] Safepoint "RevokeBias", Time since last: 192277 ns, Reaching safepoint: 2716280 ns, At safepoint: 41506 ns, Total: 2757786 ns
[2020-02-27T04:30:32.384+0000][1][safepoint    ] Safepoint "RevokeBias", Time since last: 151939 ns, Reaching safepoint: 2781447 ns, At safepoint: 43056 ns, Total: 2824503 ns
[2020-02-27T04:30:32.386+0000][1][safepoint    ] Safepoint "RevokeBias", Time since last: 143459 ns, Reaching safepoint: 2141083 ns, At safepoint: 34606 ns, Total: 2175689 ns
[2020-02-27T04:30:32.389+0000][1][safepoint    ] Safepoint "RevokeBias", Time since last: 160329 ns, Reaching safepoint: 2897279 ns, At safepoint: 44500 ns, Total: 2941779 ns
[2020-02-27T04:30:32.393+0000][1][safepoint    ] Safepoint "RevokeBias", Time since last: 186781 ns, Reaching safepoint: 3355154 ns, At safepoint: 43050 ns, Total: 3398204 ns
[2020-02-27T04:30:32.397+0000][1][safepoint    ] Safepoint "RevokeBias", Time since last: 1355261 ns, Reaching safepoint: 2720650 ns, At safepoint: 43018 ns, Total: 2763668 ns
[2020-02-27T04:30:32.401+0000][1][safepoint    ] Safepoint "RevokeBias", Time since last: 100416 ns, Reaching safepoint: 4051390 ns, At safepoint: 83090 ns, Total: 4134480 ns
[2020-02-27T04:30:32.402+0000][1][safepoint    ] Safepoint "RevokeBias", Time since last: 135675 ns, Reaching safepoint: 633545 ns, At safepoint: 70490 ns, Total: 704035 ns
[2020-02-27T04:30:32.404+0000][1][safepoint    ] Safepoint "RevokeBias", Time since last: 127375 ns, Reaching safepoint: 2017697 ns, At safepoint: 35570 ns, Total: 2053267 ns
[2020-02-27T04:30:32.407+0000][1][safepoint    ] Safepoint "RevokeBias", Time since last: 66788 ns, Reaching safepoint: 2837500 ns, At safepoint: 36056 ns, Total: 2873556 ns
[2020-02-27T04:30:32.410+0000][1][safepoint    ] Safepoint "RevokeBias", Time since last: 110758 ns, Reaching safepoint: 2808957 ns, At safepoint: 43093 ns, Total: 2852050 ns
[2020-02-27T04:30:32.478+0000][1][safepoint    ] Safepoint "BulkRevokeBias", Time since last: 66889756 ns, Reaching safepoint: 235795 ns, At safepoint: 103499 ns, Total: 339294 ns
[2020-02-27T04:30:33.052+0000][1][gc,start     ] GC(23) Pause Young (Allocation Failure)
[2020-02-27T04:30:33.052+0000][1][gc,task      ] GC(23) Using 1 workers of 1 for evacuation
[2020-02-27T04:30:33.127+0000][1][gc,age       ] GC(23) Desired survivor size 4358144 bytes, new threshold 2 (max threshold 6)
[2020-02-27T04:30:33.127+0000][1][gc,age       ] GC(23) Age table with threshold 2 (max threshold 6)
[2020-02-27T04:30:33.127+0000][1][gc,age       ] GC(23) - age   1:    2959880 bytes,    2959880 total
[2020-02-27T04:30:33.127+0000][1][gc,age       ] GC(23) - age   2:    1614120 bytes,    4574000 total
[2020-02-27T04:30:33.127+0000][1][gc,age       ] GC(23) - age   3:    1188040 bytes,    5762040 total
[2020-02-27T04:30:33.127+0000][1][gc,heap      ] GC(23) ParNew: 72273K->7726K(76672K)
[2020-02-27T04:30:33.127+0000][1][gc,heap      ] GC(23) CMS: 45666K->45666K(963392K)
[2020-02-27T04:30:33.127+0000][1][gc,metaspace ] GC(23) Metaspace: 44847K->44847K(1091584K)
[2020-02-27T04:30:33.127+0000][1][gc           ] GC(23) Pause Young (Allocation Failure) 115M->52M(1015M) 74.433ms
[2020-02-27T04:30:33.127+0000][1][gc,cpu       ] GC(23) User=0.03s Sys=0.00s Real=0.07s
[2020-02-27T04:30:33.127+0000][1][safepoint    ] Safepoint "GenCollectForAllocation", Time since last: 574808543 ns, Reaching safepoint: 63480 ns, At safepoint: 74482038 ns, Total: 74545518 ns
[2020-02-27T04:30:33.437+0000][1][safepoint    ] Safepoint "RevokeBias", Time since last: 309939914 ns, Reaching safepoint: 26690 ns, At safepoint: 12613 ns, Total: 39303 ns
[2020-02-27T04:30:34.438+0000][1][safepoint    ] Safepoint "Cleanup", Time since last: 1001288375 ns, Reaching safepoint: 57693 ns, At safepoint: 6203 ns, Total: 63896 ns
[2020-02-27T04:30:35.441+0000][1][safepoint    ] Safepoint "Cleanup", Time since last: 1002748599 ns, Reaching safepoint: 59019 ns, At safepoint: 6434 ns, Total: 65453 ns
[2020-02-27T04:30:35.707+0000][1][safepoint    ] Safepoint "RevokeBias", Time since last: 265703796 ns, Reaching safepoint: 34741 ns, At safepoint: 32928 ns, Total: 67669 ns
[2020-02-27T04:30:35.771+0000][1][safepoint    ] Safepoint "RevokeBias", Time since last: 63908597 ns, Reaching safepoint: 36900 ns, At safepoint: 46886 ns, Total: 83786 ns
[2020-02-27T04:30:36.778+0000][1][safepoint    ] Safepoint "Cleanup", Time since last: 1007374982 ns, Reaching safepoint: 170176 ns, At safepoint: 27264 ns, Total: 197440 ns
[2020-02-27T04:30:37.373+0000][1][safepoint    ] Safepoint "RevokeBias", Time since last: 586066119 ns, Reaching safepoint: 8507694 ns, At safepoint: 46250 ns, Total: 8553944 ns
[2020-02-27T04:30:37.377+0000][1][safepoint    ] Safepoint "RevokeBias", Time since last: 288589 ns, Reaching safepoint: 3630344 ns, At safepoint: 50972 ns, Total: 3681316 ns
[2020-02-27T04:30:37.378+0000][1][safepoint    ] Safepoint "RevokeBias", Time since last: 88846 ns, Reaching safepoint: 474689 ns, At safepoint: 35525 ns, Total: 510214 ns
[2020-02-27T04:30:38.082+0000][1][safepoint    ] Safepoint "RevokeBias", Time since last: 699686614 ns, Reaching safepoint: 4171602 ns, At safepoint: 134184 ns, Total: 4305786 ns
[2020-02-27T04:30:38.093+0000][1][safepoint    ] Safepoint "RevokeBias", Time since last: 406537 ns, Reaching safepoint: 11417545 ns, At safepoint: 46659 ns, Total: 11464204 ns
[2020-02-27T04:30:38.096+0000][1][safepoint    ] Safepoint "RevokeBias", Time since last: 147223 ns, Reaching safepoint: 2668328 ns, At safepoint: 42683 ns, Total: 2711011 ns
[2020-02-27T04:30:38.135+0000][1][safepoint    ] Safepoint "RevokeBias", Time since last: 38883901 ns, Reaching safepoint: 34755 ns, At safepoint: 37356 ns, Total: 72111 ns
[2020-02-27T04:30:38.154+0000][1][safepoint    ] Safepoint "RevokeBias", Time since last: 16211198 ns, Reaching safepoint: 2642659 ns, At safepoint: 44431 ns, Total: 2687090 ns
[2020-02-27T04:30:38.158+0000][1][safepoint    ] Safepoint "RevokeBias", Time since last: 3398298 ns, Reaching safepoint: 198997 ns, At safepoint: 38644 ns, Total: 237641 ns
[2020-02-27T04:30:38.161+0000][1][safepoint    ] Safepoint "RevokeBias", Time since last: 128359 ns, Reaching safepoint: 2960504 ns, At safepoint: 67899 ns, Total: 3028403 ns
[2020-02-27T04:30:38.165+0000][1][safepoint    ] Safepoint "RevokeBias", Time since last: 67980 ns, Reaching safepoint: 3935923 ns, At safepoint: 53994 ns, Total: 3989917 ns
[2020-02-27T04:30:38.170+0000][1][safepoint    ] Safepoint "RevokeBias", Time since last: 72124 ns, Reaching safepoint: 5200334 ns, At safepoint: 63616 ns, Total: 5263950 ns
[2020-02-27T04:30:38.173+0000][1][safepoint    ] Safepoint "RevokeBias", Time since last: 48668 ns, Reaching safepoint: 2910141 ns, At safepoint: 55763 ns, Total: 2965904 ns
[2020-02-27T04:30:38.176+0000][1][safepoint    ] Safepoint "RevokeBias", Time since last: 154113 ns, Reaching safepoint: 2820984 ns, At safepoint: 49166 ns, Total: 2870150 ns
[2020-02-27T04:30:38.183+0000][1][safepoint    ] Safepoint "RevokeBias", Time since last: 1740028 ns, Reaching safepoint: 5358508 ns, At safepoint: 52482 ns, Total: 5410990 ns
[2020-02-27T04:30:38.194+0000][1][safepoint    ] Safepoint "RevokeBias", Time since last: 70424 ns, Reaching safepoint: 10647688 ns, At safepoint: 52900 ns, Total: 10700588 ns
[2020-02-27T04:30:38.197+0000][1][safepoint    ] Safepoint "RevokeBias", Time since last: 66759 ns, Reaching safepoint: 2853216 ns, At safepoint: 53395 ns, Total: 2906611 ns
[2020-02-27T04:30:38.201+0000][1][safepoint    ] Safepoint "RevokeBias", Time since last: 68482 ns, Reaching safepoint: 4060883 ns, At safepoint: 52823 ns, Total: 4113706 ns
[2020-02-27T04:30:38.204+0000][1][safepoint    ] Safepoint "RevokeBias", Time since last: 94991 ns, Reaching safepoint: 2792378 ns, At safepoint: 49785 ns, Total: 2842163 ns
[2020-02-27T04:30:38.210+0000][1][safepoint    ] Safepoint "RevokeBias", Time since last: 63484 ns, Reaching safepoint: 5841292 ns, At safepoint: 60507 ns, Total: 5901799 ns
[2020-02-27T04:30:38.294+0000][1][safepoint    ] Safepoint "RevokeBias", Time since last: 83960559 ns, Reaching safepoint: 51026 ns, At safepoint: 62276 ns, Total: 113302 ns
[2020-02-27T04:30:38.337+0000][1][safepoint    ] Safepoint "RevokeBias", Time since last: 16983362 ns, Reaching safepoint: 25098706 ns, At safepoint: 155510 ns, Total: 25254216 ns
[2020-02-27T04:30:38.341+0000][1][safepoint    ] Safepoint "RevokeBias", Time since last: 650226 ns, Reaching safepoint: 3835230 ns, At safepoint: 45854 ns, Total: 3881084 ns
[2020-02-27T04:30:38.342+0000][1][safepoint    ] Safepoint "RevokeBias", Time since last: 538456 ns, Reaching safepoint: 19687 ns, At safepoint: 30916 ns, Total: 50603 ns
[2020-02-27T04:30:38.342+0000][1][safepoint    ] Safepoint "RevokeBias", Time since last: 36604 ns, Reaching safepoint: 10374 ns, At safepoint: 16677 ns, Total: 27051 ns
[2020-02-27T04:30:38.342+0000][1][safepoint    ] Safepoint "RevokeBias", Time since last: 597041 ns, Reaching safepoint: 15055 ns, At safepoint: 18690 ns, Total: 33745 ns
[2020-02-27T04:30:38.343+0000][1][safepoint    ] Safepoint "RevokeBias", Time since last: 34581 ns, Reaching safepoint: 9208 ns, At safepoint: 13798 ns, Total: 23006 ns
[2020-02-27T04:30:38.343+0000][1][safepoint    ] Safepoint "RevokeBias", Time since last: 21808 ns, Reaching safepoint: 8415 ns, At safepoint: 13062 ns, Total: 21477 ns
[2020-02-27T04:30:38.343+0000][1][safepoint    ] Safepoint "RevokeBias", Time since last: 20730 ns, Reaching safepoint: 8168 ns, At safepoint: 12946 ns, Total: 21114 ns
[2020-02-27T04:30:38.343+0000][1][safepoint    ] Safepoint "RevokeBias", Time since last: 20297 ns, Reaching safepoint: 8209 ns, At safepoint: 12831 ns, Total: 21040 ns
[2020-02-27T04:30:38.343+0000][1][safepoint    ] Safepoint "BulkRevokeBias", Time since last: 20406 ns, Reaching safepoint: 8142 ns, At safepoint: 123903 ns, Total: 132045 ns
[2020-02-27T04:30:38.343+0000][1][safepoint    ] Safepoint "RevokeBias", Time since last: 190673 ns, Reaching safepoint: 14365 ns, At safepoint: 18365 ns, Total: 32730 ns
[2020-02-27T04:30:38.343+0000][1][safepoint    ] Safepoint "RevokeBias", Time since last: 64786 ns, Reaching safepoint: 10430 ns, At safepoint: 29448 ns, Total: 39878 ns
[2020-02-27T04:30:38.343+0000][1][safepoint    ] Safepoint "RevokeBias", Time since last: 52688 ns, Reaching safepoint: 11339 ns, At safepoint: 27139 ns, Total: 38478 ns
[2020-02-27T04:30:38.343+0000][1][safepoint    ] Safepoint "RevokeBias", Time since last: 33417 ns, Reaching safepoint: 10011 ns, At safepoint: 25739 ns, Total: 35750 ns
[2020-02-27T04:30:38.343+0000][1][safepoint    ] Safepoint "RevokeBias", Time since last: 104218 ns, Reaching safepoint: 10099 ns, At safepoint: 74845 ns, Total: 84944 ns
[2020-02-27T04:30:38.344+0000][1][safepoint    ] Safepoint "RevokeBias", Time since last: 222871 ns, Reaching safepoint: 14077 ns, At safepoint: 14857 ns, Total: 28934 ns
[2020-02-27T04:30:38.344+0000][1][safepoint    ] Safepoint "RevokeBias", Time since last: 27209 ns, Reaching safepoint: 9949 ns, At safepoint: 13036 ns, Total: 22985 ns
[2020-02-27T04:30:38.344+0000][1][safepoint    ] Safepoint "RevokeBias", Time since last: 20116 ns, Reaching safepoint: 9361 ns, At safepoint: 12535 ns, Total: 21896 ns
[2020-02-27T04:30:38.344+0000][1][safepoint    ] Safepoint "RevokeBias", Time since last: 75397 ns, Reaching safepoint: 14236 ns, At safepoint: 14807 ns, Total: 29043 ns
[2020-02-27T04:30:38.344+0000][1][safepoint    ] Safepoint "RevokeBias", Time since last: 28276 ns, Reaching safepoint: 9473 ns, At safepoint: 12486 ns, Total: 21959 ns
[2020-02-27T04:30:38.344+0000][1][safepoint    ] Safepoint "RevokeBias", Time since last: 21042 ns, Reaching safepoint: 9077 ns, At safepoint: 29181 ns, Total: 38258 ns
[2020-02-27T04:30:38.344+0000][1][safepoint    ] Safepoint "RevokeBias", Time since last: 32423 ns, Reaching safepoint: 12293 ns, At safepoint: 12604 ns, Total: 24897 ns
[2020-02-27T04:30:38.344+0000][1][safepoint    ] Safepoint "RevokeBias", Time since last: 20403 ns, Reaching safepoint: 9038 ns, At safepoint: 12332 ns, Total: 21370 ns
[2020-02-27T04:30:38.344+0000][1][safepoint    ] Safepoint "RevokeBias", Time since last: 19808 ns, Reaching safepoint: 8858 ns, At safepoint: 12210 ns, Total: 21068 ns
[2020-02-27T04:30:38.344+0000][1][safepoint    ] Safepoint "RevokeBias", Time since last: 20601 ns, Reaching safepoint: 8940 ns, At safepoint: 12110 ns, Total: 21050 ns
[2020-02-27T04:30:38.344+0000][1][safepoint    ] Safepoint "RevokeBias", Time since last: 19223 ns, Reaching safepoint: 8892 ns, At safepoint: 12073 ns, Total: 20965 ns
[2020-02-27T04:30:38.344+0000][1][safepoint    ] Safepoint "RevokeBias", Time since last: 19176 ns, Reaching safepoint: 8899 ns, At safepoint: 11855 ns, Total: 20754 ns
[2020-02-27T04:30:38.344+0000][1][safepoint    ] Safepoint "RevokeBias", Time since last: 19293 ns, Reaching safepoint: 8832 ns, At safepoint: 11982 ns, Total: 20814 ns
[2020-02-27T04:30:38.344+0000][1][safepoint    ] Safepoint "RevokeBias", Time since last: 19299 ns, Reaching safepoint: 8826 ns, At safepoint: 11766 ns, Total: 20592 ns
[2020-02-27T04:30:38.344+0000][1][safepoint    ] Safepoint "RevokeBias", Time since last: 19372 ns, Reaching safepoint: 8841 ns, At safepoint: 11998 ns, Total: 20839 ns
[2020-02-27T04:30:38.344+0000][1][safepoint    ] Safepoint "BulkRevokeBias", Time since last: 19318 ns, Reaching safepoint: 8860 ns, At safepoint: 50609 ns, Total: 59469 ns
[2020-02-27T04:30:38.345+0000][1][safepoint    ] Safepoint "RevokeBias", Time since last: 683621 ns, Reaching safepoint: 43328 ns, At safepoint: 37001 ns, Total: 80329 ns
[2020-02-27T04:30:38.345+0000][1][safepoint    ] Safepoint "RevokeBias", Time since last: 61848 ns, Reaching safepoint: 23037 ns, At safepoint: 74507 ns, Total: 97544 ns
[2020-02-27T04:30:38.347+0000][1][safepoint    ] Safepoint "RevokeBias", Time since last: 1257087 ns, Reaching safepoint: 30461 ns, At safepoint: 35780 ns, Total: 66241 ns
[2020-02-27T04:30:38.347+0000][1][safepoint    ] Safepoint "RevokeBias", Time since last: 94794 ns, Reaching safepoint: 24395 ns, At safepoint: 31411 ns, Total: 55806 ns
[2020-02-27T04:30:38.347+0000][1][safepoint    ] Safepoint "RevokeBias", Time since last: 36400 ns, Reaching safepoint: 19122 ns, At safepoint: 27669 ns, Total: 46791 ns
[2020-02-27T04:30:38.347+0000][1][safepoint    ] Safepoint "RevokeBias", Time since last: 123510 ns, Reaching safepoint: 17360 ns, At safepoint: 23339 ns, Total: 40699 ns
[2020-02-27T04:30:38.347+0000][1][safepoint    ] Safepoint "RevokeBias", Time since last: 189559 ns, Reaching safepoint: 12862 ns, At safepoint: 19805 ns, Total: 32667 ns
[2020-02-27T04:30:38.347+0000][1][safepoint    ] Safepoint "RevokeBias", Time since last: 79885 ns, Reaching safepoint: 11138 ns, At safepoint: 19251 ns, Total: 30389 ns
[2020-02-27T04:30:38.348+0000][1][safepoint    ] Safepoint "RevokeBias", Time since last: 617643 ns, Reaching safepoint: 19036 ns, At safepoint: 24726 ns, Total: 43762 ns
[2020-02-27T04:30:38.349+0000][1][safepoint    ] Safepoint "RevokeBias", Time since last: 446131 ns, Reaching safepoint: 19466 ns, At safepoint: 24573 ns, Total: 44039 ns
[2020-02-27T04:30:38.349+0000][1][safepoint    ] Safepoint "RevokeBias", Time since last: 65416 ns, Reaching safepoint: 10819 ns, At safepoint: 20236 ns, Total: 31055 ns
[2020-02-27T04:30:38.349+0000][1][safepoint    ] Safepoint "RevokeBias", Time since last: 339202 ns, Reaching safepoint: 15787 ns, At safepoint: 23186 ns, Total: 38973 ns
[2020-02-27T04:30:38.352+0000][1][safepoint    ] Safepoint "RevokeBias", Time since last: 2517646 ns, Reaching safepoint: 39370 ns, At safepoint: 38447 ns, Total: 77817 ns
[2020-02-27T04:30:38.385+0000][1][safepoint    ] Safepoint "RevokeBias", Time since last: 33163834 ns, Reaching safepoint: 50113 ns, At safepoint: 39099 ns, Total: 89212 ns
[2020-02-27T04:30:38.385+0000][1][safepoint    ] Safepoint "RevokeBias", Time since last: 60979 ns, Reaching safepoint: 26349 ns, At safepoint: 28683 ns, Total: 55032 ns
[2020-02-27T04:30:38.385+0000][1][safepoint    ] Safepoint "RevokeBias", Time since last: 31978 ns, Reaching safepoint: 24140 ns, At safepoint: 27114 ns, Total: 51254 ns
[2020-02-27T04:30:38.385+0000][1][safepoint    ] Safepoint "RevokeBias", Time since last: 27007 ns, Reaching safepoint: 121396 ns, At safepoint: 48439 ns, Total: 169835 ns
[2020-02-27T04:30:38.385+0000][1][safepoint    ] Safepoint "RevokeBias", Time since last: 39182 ns, Reaching safepoint: 25365 ns, At safepoint: 26789 ns, Total: 52154 ns
[2020-02-27T04:30:38.386+0000][1][safepoint    ] Safepoint "RevokeBias", Time since last: 27281 ns, Reaching safepoint: 23690 ns, At safepoint: 26267 ns, Total: 49957 ns
[2020-02-27T04:30:38.386+0000][1][safepoint    ] Safepoint "RevokeBias", Time since last: 226541 ns, Reaching safepoint: 20909 ns, At safepoint: 55023 ns, Total: 75932 ns
[2020-02-27T04:30:39.190+0000][1][safepoint    ] Safepoint "RevokeBias", Time since last: 803870261 ns, Reaching safepoint: 87058 ns, At safepoint: 37969 ns, Total: 125027 ns
[2020-02-27T04:30:39.367+0000][1][gc,start     ] GC(24) Pause Young (Allocation Failure)
[2020-02-27T04:30:39.367+0000][1][gc,task      ] GC(24) Using 1 workers of 1 for evacuation
[2020-02-27T04:30:39.734+0000][1][gc,age       ] GC(24) Desired survivor size 4358144 bytes, new threshold 2 (max threshold 6)
[2020-02-27T04:30:39.734+0000][1][gc,age       ] GC(24) Age table with threshold 2 (max threshold 6)
[2020-02-27T04:30:39.734+0000][1][gc,age       ] GC(24) - age   1:    2761120 bytes,    2761120 total
[2020-02-27T04:30:39.734+0000][1][gc,age       ] GC(24) - age   2:    2724000 bytes,    5485120 total
[2020-02-27T04:30:39.734+0000][1][gc,heap      ] GC(24) ParNew: 75886K->8512K(76672K)
[2020-02-27T04:30:39.734+0000][1][gc,heap      ] GC(24) CMS: 45666K->48460K(963392K)
[2020-02-27T04:30:39.734+0000][1][gc,metaspace ] GC(24) Metaspace: 49848K->49848K(1095680K)
[2020-02-27T04:30:39.734+0000][1][gc           ] GC(24) Pause Young (Allocation Failure) 118M->55M(1015M) 366.890ms
[2020-02-27T04:30:39.734+0000][1][gc,cpu       ] GC(24) User=0.04s Sys=0.01s Real=0.37s
[2020-02-27T04:30:39.734+0000][1][safepoint    ] Safepoint "GenCollectForAllocation", Time since last: 171213112 ns, Reaching safepoint: 5920222 ns, At safepoint: 366946743 ns, Total: 372866965 ns
[2020-02-27T04:30:39.751+0000][1][safepoint    ] Safepoint "RevokeBias", Time since last: 17561408 ns, Reaching safepoint: 27060 ns, At safepoint: 13948 ns, Total: 41008 ns
[2020-02-27T04:30:39.761+0000][1][safepoint    ] Safepoint "RevokeBias", Time since last: 8896386 ns, Reaching safepoint: 113244 ns, At safepoint: 43648 ns, Total: 156892 ns
[2020-02-27T04:30:39.761+0000][1][safepoint    ] Safepoint "RevokeBias", Time since last: 73436 ns, Reaching safepoint: 21992 ns, At safepoint: 26641 ns, Total: 48633 ns
[2020-02-27T04:30:39.780+0000][1][safepoint    ] Safepoint "RevokeBias", Time since last: 13397729 ns, Reaching safepoint: 5967181 ns, At safepoint: 34256 ns, Total: 6001437 ns
[2020-02-27T04:30:40.244+0000][1][safepoint    ] Safepoint "RevokeBias", Time since last: 459788799 ns, Reaching safepoint: 4503528 ns, At safepoint: 18188 ns, Total: 4521716 ns
[2020-02-27T04:30:40.249+0000][1][safepoint    ] Safepoint "RevokeBias", Time since last: 248186 ns, Reaching safepoint: 4390691 ns, At safepoint: 14651 ns, Total: 4405342 ns
[2020-02-27T04:30:40.255+0000][1][safepoint    ] Safepoint "RevokeBias", Time since last: 311911 ns, Reaching safepoint: 5667868 ns, At safepoint: 22797 ns, Total: 5690665 ns
[2020-02-27T04:30:40.782+0000][1][safepoint    ] Safepoint "RevokeBias", Time since last: 520367284 ns, Reaching safepoint: 6213996 ns, At safepoint: 30956 ns, Total: 6244952 ns
[2020-02-27T04:30:41.295+0000][1][safepoint    ] Safepoint "RevokeBias", Time since last: 513012050 ns, Reaching safepoint: 32769 ns, At safepoint: 12002 ns, Total: 44771 ns
[2020-02-27T04:30:41.446+0000][1][safepoint    ] Safepoint "BulkRevokeBias", Time since last: 150814095 ns, Reaching safepoint: 40452 ns, At safepoint: 94905 ns, Total: 135357 ns
[2020-02-27T04:30:41.815+0000][1][safepoint    ] Safepoint "RevokeBias", Time since last: 369088093 ns, Reaching safepoint: 51712 ns, At safepoint: 13956 ns, Total: 65668 ns
[2020-02-27T04:30:42.819+0000][1][safepoint    ] Safepoint "Cleanup", Time since last: 1001379075 ns, Reaching safepoint: 2601717 ns, At safepoint: 10118 ns, Total: 2611835 ns
[2020-02-27T04:30:43.223+0000][1][gc,start     ] GC(25) Pause Young (Allocation Failure)
[2020-02-27T04:30:43.223+0000][1][gc,task      ] GC(25) Using 1 workers of 1 for evacuation
[2020-02-27T04:30:43.869+0000][1][gc,age       ] GC(25) Desired survivor size 4358144 bytes, new threshold 6 (max threshold 6)
[2020-02-27T04:30:43.869+0000][1][gc,age       ] GC(25) Age table with threshold 6 (max threshold 6)
[2020-02-27T04:30:43.869+0000][1][gc,age       ] GC(25) - age   1:    1396552 bytes,    1396552 total
[2020-02-27T04:30:43.869+0000][1][gc,age       ] GC(25) - age   2:    2712880 bytes,    4109432 total
[2020-02-27T04:30:43.869+0000][1][gc,heap      ] GC(25) ParNew: 76672K->5233K(76672K)
[2020-02-27T04:30:43.869+0000][1][gc,heap      ] GC(25) CMS: 48460K->51204K(963392K)
[2020-02-27T04:30:43.869+0000][1][gc,metaspace ] GC(25) Metaspace: 56534K->56534K(1101824K)
[2020-02-27T04:30:43.869+0000][1][gc           ] GC(25) Pause Young (Allocation Failure) 122M->55M(1015M) 646.486ms
[2020-02-27T04:30:43.869+0000][1][gc,cpu       ] GC(25) User=0.12s Sys=0.01s Real=0.64s
[2020-02-27T04:30:43.869+0000][1][safepoint    ] Safepoint "GenCollectForAllocation", Time since last: 404113710 ns, Reaching safepoint: 44620 ns, At safepoint: 646529720 ns, Total: 646574340 ns
[2020-02-27T04:30:44.373+0000][1][safepoint    ] Safepoint "Deoptimize", Time since last: 502769226 ns, Reaching safepoint: 85653 ns, At safepoint: 496843 ns, Total: 582496 ns
[2020-02-27T04:30:44.857+0000][1][safepoint    ] Safepoint "CollectForMetadataAllocation", Time since last: 484206812 ns, Reaching safepoint: 73691 ns, At safepoint: 124480 ns, Total: 198171 ns
[2020-02-27T04:30:44.885+0000][1][safepoint    ] Safepoint "CollectForMetadataAllocation", Time since last: 26662185 ns, Reaching safepoint: 482094 ns, At safepoint: 143889 ns, Total: 625983 ns
[2020-02-27T04:30:44.929+0000][1][safepoint    ] Safepoint "CollectForMetadataAllocation", Time since last: 43499052 ns, Reaching safepoint: 544769 ns, At safepoint: 84368 ns, Total: 629137 ns
[2020-02-27T04:30:44.971+0000][1][safepoint    ] Safepoint "CollectForMetadataAllocation", Time since last: 41826853 ns, Reaching safepoint: 39693 ns, At safepoint: 138053 ns, Total: 177746 ns
[2020-02-27T04:30:45.132+0000][1][safepoint    ] Safepoint "CollectForMetadataAllocation", Time since last: 161294829 ns, Reaching safepoint: 46044 ns, At safepoint: 212740 ns, Total: 258784 ns
[2020-02-27T04:30:45.214+0000][1][safepoint    ] Safepoint "CollectForMetadataAllocation", Time since last: 81391186 ns, Reaching safepoint: 69729 ns, At safepoint: 457047 ns, Total: 526776 ns
[2020-02-27T04:30:45.262+0000][1][safepoint    ] Safepoint "CollectForMetadataAllocation", Time since last: 46927938 ns, Reaching safepoint: 1038937 ns, At safepoint: 148990 ns, Total: 1187927 ns
[2020-02-27T04:30:45.334+0000][1][safepoint    ] Safepoint "Deoptimize", Time since last: 71605970 ns, Reaching safepoint: 41127 ns, At safepoint: 391620 ns, Total: 432747 ns
[2020-02-27T04:30:45.362+0000][1][safepoint    ] Safepoint "CollectForMetadataAllocation", Time since last: 27126826 ns, Reaching safepoint: 89929 ns, At safepoint: 155463 ns, Total: 245392 ns
[2020-02-27T04:30:45.423+0000][1][safepoint    ] Safepoint "CollectForMetadataAllocation", Time since last: 60972818 ns, Reaching safepoint: 32551 ns, At safepoint: 114808 ns, Total: 147359 ns
[2020-02-27T04:30:45.453+0000][1][safepoint    ] Safepoint "RevokeBias", Time since last: 30489291 ns, Reaching safepoint: 163949 ns, At safepoint: 26632 ns, Total: 190581 ns
[2020-02-27T04:30:45.455+0000][1][safepoint    ] Safepoint "RevokeBias", Time since last: 1126190 ns, Reaching safepoint: 191220 ns, At safepoint: 47057 ns, Total: 238277 ns
[2020-02-27T04:30:45.455+0000][1][safepoint    ] Safepoint "RevokeBias", Time since last: 121228 ns, Reaching safepoint: 458382 ns, At safepoint: 29583 ns, Total: 487965 ns
[2020-02-27T04:30:45.460+0000][1][safepoint    ] Safepoint "RevokeBias", Time since last: 3912192 ns, Reaching safepoint: 265606 ns, At safepoint: 38520 ns, Total: 304126 ns
[2020-02-27T04:30:45.520+0000][1][safepoint    ] Safepoint "CollectForMetadataAllocation", Time since last: 60580200 ns, Reaching safepoint: 46634 ns, At safepoint: 198054 ns, Total: 244688 ns
[2020-02-27T04:30:45.669+0000][1][safepoint    ] Safepoint "CollectForMetadataAllocation", Time since last: 147974545 ns, Reaching safepoint: 124978 ns, At safepoint: 138371 ns, Total: 263349 ns
[2020-02-27T04:30:45.839+0000][1][safepoint    ] Safepoint "CollectForMetadataAllocation", Time since last: 170460892 ns, Reaching safepoint: 42138 ns, At safepoint: 175026 ns, Total: 217164 ns
[2020-02-27T04:30:45.870+0000][1][gc,start     ] GC(26) Pause Initial Mark
[2020-02-27T04:30:45.913+0000][1][gc           ] GC(26) Pause Initial Mark 102M->102M(1015M) 43.077ms
[2020-02-27T04:30:45.913+0000][1][gc,cpu       ] GC(26) User=0.03s Sys=0.00s Real=0.05s
[2020-02-27T04:30:45.913+0000][1][safepoint    ] Safepoint "CMS_Initial_Mark", Time since last: 30614307 ns, Reaching safepoint: 139588 ns, At safepoint: 43153950 ns, Total: 43293538 ns
[2020-02-27T04:30:45.919+0000][1][gc           ] GC(26) Concurrent Mark
[2020-02-27T04:30:46.021+0000][1][safepoint    ] Safepoint "CollectForMetadataAllocation", Time since last: 107221065 ns, Reaching safepoint: 43437 ns, At safepoint: 90101 ns, Total: 133538 ns
[2020-02-27T04:30:46.166+0000][1][gc           ] GC(26) Concurrent Mark 246.974ms
[2020-02-27T04:30:46.166+0000][1][gc,cpu       ] GC(26) User=0.23s Sys=0.00s Real=0.25s
[2020-02-27T04:30:46.167+0000][1][safepoint    ] Safepoint "Deoptimize", Time since last: 144752520 ns, Reaching safepoint: 1010242 ns, At safepoint: 445534 ns, Total: 1455776 ns
[2020-02-27T04:30:46.169+0000][1][safepoint    ] Safepoint "CollectForMetadataAllocation", Time since last: 1720618 ns, Reaching safepoint: 26584 ns, At safepoint: 93738 ns, Total: 120322 ns
[2020-02-27T04:30:46.183+0000][1][safepoint    ] Safepoint "RevokeBias", Time since last: 7154313 ns, Reaching safepoint: 7113843 ns, At safepoint: 25700 ns, Total: 7139543 ns
[2020-02-27T04:30:46.183+0000][1][gc           ] GC(26) Concurrent Preclean
[2020-02-27T04:30:46.186+0000][1][gc           ] GC(26) Concurrent Preclean 2.720ms
[2020-02-27T04:30:46.186+0000][1][gc,cpu       ] GC(26) User=0.00s Sys=0.00s Real=0.00s
[2020-02-27T04:30:46.186+0000][1][gc           ] GC(26) Concurrent Abortable Preclean
[2020-02-27T04:30:46.334+0000][1][safepoint    ] Safepoint "CollectForMetadataAllocation", Time since last: 150570814 ns, Reaching safepoint: 33889 ns, At safepoint: 102356 ns, Total: 136245 ns
[2020-02-27T04:30:46.475+0000][1][safepoint    ] Safepoint "CollectForMetadataAllocation", Time since last: 140889519 ns, Reaching safepoint: 69614 ns, At safepoint: 90703 ns, Total: 160317 ns
[2020-02-27T04:30:46.606+0000][1][safepoint    ] Safepoint "CollectForMetadataAllocation", Time since last: 130932048 ns, Reaching safepoint: 117647 ns, At safepoint: 141946 ns, Total: 259593 ns
[2020-02-27T04:30:46.887+0000][1][gc,start     ] GC(27) Pause Young (Allocation Failure)
[2020-02-27T04:30:46.887+0000][1][gc,task      ] GC(27) Using 1 workers of 1 for evacuation
[2020-02-27T04:30:46.951+0000][1][gc,age       ] GC(27) Desired survivor size 4358144 bytes, new threshold 2 (max threshold 6)
[2020-02-27T04:30:46.951+0000][1][gc,age       ] GC(27) Age table with threshold 2 (max threshold 6)
[2020-02-27T04:30:46.951+0000][1][gc,age       ] GC(27) - age   1:    3777944 bytes,    3777944 total
[2020-02-27T04:30:46.951+0000][1][gc,age       ] GC(27) - age   2:    1279056 bytes,    5057000 total
[2020-02-27T04:30:46.951+0000][1][gc,age       ] GC(27) - age   3:    2688984 bytes,    7745984 total
[2020-02-27T04:30:46.951+0000][1][gc,heap      ] GC(27) ParNew: 73393K->8512K(76672K)
[2020-02-27T04:30:46.951+0000][1][gc,heap      ] GC(27) CMS: 51204K->51204K(963392K)
[2020-02-27T04:30:46.951+0000][1][gc,metaspace ] GC(27) Metaspace: 64006K->64006K(1107968K)
[2020-02-27T04:30:46.951+0000][1][gc           ] GC(27) Pause Young (Allocation Failure) 121M->58M(1015M) 64.750ms
[2020-02-27T04:30:46.951+0000][1][gc,cpu       ] GC(27) User=0.07s Sys=0.00s Real=0.07s
[2020-02-27T04:30:46.951+0000][1][safepoint    ] Safepoint "GenCollectForAllocation", Time since last: 280700616 ns, Reaching safepoint: 37965 ns, At safepoint: 64796993 ns, Total: 64834958 ns
[2020-02-27T04:30:46.994+0000][1][safepoint    ] Safepoint "CollectForMetadataAllocation", Time since last: 42498966 ns, Reaching safepoint: 177897 ns, At safepoint: 168926 ns, Total: 346823 ns
[2020-02-27T04:30:47.130+0000][1][safepoint    ] Safepoint "CollectForMetadataAllocation", Time since last: 135294994 ns, Reaching safepoint: 78916 ns, At safepoint: 122215 ns, Total: 201131 ns
[2020-02-27T04:30:47.206+0000][1][safepoint    ] Safepoint "CollectForMetadataAllocation", Time since last: 70572402 ns, Reaching safepoint: 5856569 ns, At safepoint: 116423 ns, Total: 5972992 ns
[2020-02-27T04:30:47.378+0000][1][safepoint    ] Safepoint "CollectForMetadataAllocation", Time since last: 171304275 ns, Reaching safepoint: 56246 ns, At safepoint: 108287 ns, Total: 164533 ns
[2020-02-27T04:30:47.510+0000][1][safepoint    ] Safepoint "CollectForMetadataAllocation", Time since last: 131899998 ns, Reaching safepoint: 43437 ns, At safepoint: 113114 ns, Total: 156551 ns
[2020-02-27T04:30:47.693+0000][1][safepoint    ] Safepoint "CollectForMetadataAllocation", Time since last: 182831495 ns, Reaching safepoint: 88983 ns, At safepoint: 272794 ns, Total: 361777 ns
[2020-02-27T04:30:47.768+0000][1][safepoint    ] Safepoint "CollectForMetadataAllocation", Time since last: 71315803 ns, Reaching safepoint: 3497266 ns, At safepoint: 151851 ns, Total: 3649117 ns
[2020-02-27T04:30:47.938+0000][1][safepoint    ] Safepoint "CollectForMetadataAllocation", Time since last: 169906406 ns, Reaching safepoint: 64458 ns, At safepoint: 119791 ns, Total: 184249 ns
[2020-02-27T04:30:48.000+0000][1][safepoint    ] Safepoint "BulkRevokeBias", Time since last: 54988345 ns, Reaching safepoint: 6952351 ns, At safepoint: 102395 ns, Total: 7054746 ns
[2020-02-27T04:30:48.005+0000][1][safepoint    ] Safepoint "CollectForMetadataAllocation", Time since last: 4882285 ns, Reaching safepoint: 25432 ns, At safepoint: 105864 ns, Total: 131296 ns
[2020-02-27T04:30:48.096+0000][1][safepoint    ] Safepoint "CollectForMetadataAllocation", Time since last: 90971415 ns, Reaching safepoint: 31621 ns, At safepoint: 114785 ns, Total: 146406 ns
[2020-02-27T04:30:48.234+0000][1][safepoint    ] Safepoint "CollectForMetadataAllocation", Time since last: 137271738 ns, Reaching safepoint: 49668 ns, At safepoint: 82546 ns, Total: 132214 ns
[2020-02-27T04:30:48.275+0000][1][safepoint    ] Safepoint "Deoptimize", Time since last: 40444286 ns, Reaching safepoint: 579351 ns, At safepoint: 580715 ns, Total: 1160066 ns
[2020-02-27T04:30:48.278+0000][1][safepoint    ] Safepoint "CollectForMetadataAllocation", Time since last: 2083426 ns, Reaching safepoint: 33628 ns, At safepoint: 119364 ns, Total: 152992 ns
[2020-02-27T04:30:48.311+0000][1][safepoint    ] Safepoint "CollectForMetadataAllocation", Time since last: 33385409 ns, Reaching safepoint: 47296 ns, At safepoint: 146152 ns, Total: 193448 ns
[2020-02-27T04:30:48.521+0000][1][safepoint    ] Safepoint "RevokeBias", Time since last: 209886182 ns, Reaching safepoint: 147800 ns, At safepoint: 21145 ns, Total: 168945 ns
[2020-02-27T04:30:48.522+0000][1][safepoint    ] Safepoint "RevokeBias", Time since last: 937120 ns, Reaching safepoint: 17669 ns, At safepoint: 15476 ns, Total: 33145 ns
[2020-02-27T04:30:48.556+0000][1][safepoint    ] Safepoint "RevokeBias", Time since last: 33294461 ns, Reaching safepoint: 40170 ns, At safepoint: 29355 ns, Total: 69525 ns
[2020-02-27T04:30:48.557+0000][1][safepoint    ] Safepoint "RevokeBias", Time since last: 1682809 ns, Reaching safepoint: 40059 ns, At safepoint: 22329 ns, Total: 62388 ns
[2020-02-27T04:30:48.557+0000][1][safepoint    ] Safepoint "RevokeBias", Time since last: 48546 ns, Reaching safepoint: 26591 ns, At safepoint: 18560 ns, Total: 45151 ns
[2020-02-27T04:30:48.558+0000][1][safepoint    ] Safepoint "RevokeBias", Time since last: 303829 ns, Reaching safepoint: 26121 ns, At safepoint: 21027 ns, Total: 47148 ns
[2020-02-27T04:30:48.558+0000][1][gc           ] GC(26) Concurrent Abortable Preclean 2371.913ms
[2020-02-27T04:30:48.558+0000][1][gc,cpu       ] GC(26) User=2.10s Sys=0.05s Real=2.37s
[2020-02-27T04:30:48.558+0000][1][gc,start     ] GC(26) Pause Remark
[2020-02-27T04:30:48.606+0000][1][gc           ] GC(26) Pause Remark 92M->92M(1015M) 47.994ms
[2020-02-27T04:30:48.606+0000][1][gc,cpu       ] GC(26) User=0.03s Sys=0.01s Real=0.05s
[2020-02-27T04:30:48.606+0000][1][safepoint    ] Safepoint "CMS_Final_Remark", Time since last: 93627 ns, Reaching safepoint: 25348 ns, At safepoint: 48081600 ns, Total: 48106948 ns
[2020-02-27T04:30:48.609+0000][1][gc           ] GC(26) Concurrent Sweep
[2020-02-27T04:30:48.616+0000][1][safepoint    ] Safepoint "RevokeBias", Time since last: 9372487 ns, Reaching safepoint: 880537 ns, At safepoint: 32933 ns, Total: 913470 ns
[2020-02-27T04:30:48.616+0000][1][safepoint    ] Safepoint "RevokeBias", Time since last: 62964 ns, Reaching safepoint: 24956 ns, At safepoint: 13182 ns, Total: 38138 ns
[2020-02-27T04:30:48.617+0000][1][safepoint    ] Safepoint "RevokeBias", Time since last: 817492 ns, Reaching safepoint: 14182 ns, At safepoint: 15009 ns, Total: 29191 ns
[2020-02-27T04:30:48.618+0000][1][safepoint    ] Safepoint "CollectForMetadataAllocation", Time since last: 782084 ns, Reaching safepoint: 13088 ns, At safepoint: 126187 ns, Total: 139275 ns
[2020-02-27T04:30:48.618+0000][1][safepoint    ] Safepoint "RevokeBias", Time since last: 276452 ns, Reaching safepoint: 18376 ns, At safepoint: 14954 ns, Total: 33330 ns
[2020-02-27T04:30:48.618+0000][1][safepoint    ] Safepoint "RevokeBias", Time since last: 66032 ns, Reaching safepoint: 11171 ns, At safepoint: 10641 ns, Total: 21812 ns
[2020-02-27T04:30:48.656+0000][1][safepoint    ] Safepoint "Deoptimize", Time since last: 37192085 ns, Reaching safepoint: 49463 ns, At safepoint: 630950 ns, Total: 680413 ns
[2020-02-27T04:30:48.678+0000][1][gc           ] GC(26) Concurrent Sweep 68.618ms
[2020-02-27T04:30:48.678+0000][1][gc,cpu       ] GC(26) User=0.06s Sys=0.00s Real=0.07s
[2020-02-27T04:30:48.678+0000][1][gc           ] GC(26) Concurrent Reset
[2020-02-27T04:30:48.679+0000][1][gc           ] GC(26) Concurrent Reset 1.249ms
[2020-02-27T04:30:48.679+0000][1][gc,cpu       ] GC(26) User=0.00s Sys=0.00s Real=0.00s
[2020-02-27T04:30:48.679+0000][1][gc,heap      ] GC(26) Old: 51204K->50914K(963392K)
[2020-02-27T04:30:48.852+0000][1][safepoint    ] Safepoint "RevokeBias", Time since last: 195853853 ns, Reaching safepoint: 38255 ns, At safepoint: 15710 ns, Total: 53965 ns
[2020-02-27T04:30:48.877+0000][1][safepoint    ] Safepoint "RevokeBias", Time since last: 24420404 ns, Reaching safepoint: 38346 ns, At safepoint: 18823 ns, Total: 57169 ns
[2020-02-27T04:30:48.877+0000][1][safepoint    ] Safepoint "RevokeBias", Time since last: 137762 ns, Reaching safepoint: 25438 ns, At safepoint: 14194 ns, Total: 39632 ns
[2020-02-27T04:30:48.877+0000][1][safepoint    ] Safepoint "RevokeBias", Time since last: 34971 ns, Reaching safepoint: 19982 ns, At safepoint: 11514 ns, Total: 31496 ns
[2020-02-27T04:30:48.877+0000][1][safepoint    ] Safepoint "RevokeBias", Time since last: 31223 ns, Reaching safepoint: 19730 ns, At safepoint: 11338 ns, Total: 31068 ns
[2020-02-27T04:30:48.877+0000][1][safepoint    ] Safepoint "RevokeBias", Time since last: 31169 ns, Reaching safepoint: 19677 ns, At safepoint: 11353 ns, Total: 31030 ns
[2020-02-27T04:30:48.877+0000][1][safepoint    ] Safepoint "RevokeBias", Time since last: 33086 ns, Reaching safepoint: 19705 ns, At safepoint: 11468 ns, Total: 31173 ns
[2020-02-27T04:30:48.877+0000][1][safepoint    ] Safepoint "RevokeBias", Time since last: 38451 ns, Reaching safepoint: 19795 ns, At safepoint: 11448 ns, Total: 31243 ns
[2020-02-27T04:30:48.877+0000][1][safepoint    ] Safepoint "RevokeBias", Time since last: 32705 ns, Reaching safepoint: 19615 ns, At safepoint: 11412 ns, Total: 31027 ns
[2020-02-27T04:30:48.920+0000][1][safepoint    ] Safepoint "RevokeBias", Time since last: 42929847 ns, Reaching safepoint: 26696 ns, At safepoint: 17238 ns, Total: 43934 ns
[2020-02-27T04:30:48.920+0000][1][safepoint    ] Safepoint "RevokeBias", Time since last: 195571 ns, Reaching safepoint: 13993 ns, At safepoint: 11491 ns, Total: 25484 ns
[2020-02-27T04:30:48.922+0000][1][safepoint    ] Safepoint "RevokeBias", Time since last: 1554979 ns, Reaching safepoint: 16173 ns, At safepoint: 11952 ns, Total: 28125 ns
[2020-02-27T04:30:48.922+0000][1][safepoint    ] Safepoint "RevokeBias", Time since last: 283511 ns, Reaching safepoint: 14134 ns, At safepoint: 10675 ns, Total: 24809 ns
[2020-02-27T04:30:48.922+0000][1][safepoint    ] Safepoint "RevokeBias", Time since last: 59564 ns, Reaching safepoint: 12444 ns, At safepoint: 8168 ns, Total: 20612 ns
[2020-02-27T04:30:48.922+0000][1][safepoint    ] Safepoint "RevokeBias", Time since last: 25127 ns, Reaching safepoint: 12126 ns, At safepoint: 7561 ns, Total: 19687 ns
[2020-02-27T04:30:48.923+0000][1][safepoint    ] Safepoint "RevokeBias", Time since last: 200233 ns, Reaching safepoint: 14160 ns, At safepoint: 9098 ns, Total: 23258 ns
[2020-02-27T04:30:48.923+0000][1][safepoint    ] Safepoint "RevokeBias", Time since last: 277304 ns, Reaching safepoint: 14251 ns, At safepoint: 10540 ns, Total: 24791 ns
[2020-02-27T04:30:48.923+0000][1][safepoint    ] Safepoint "RevokeBias", Time since last: 31976 ns, Reaching safepoint: 11195 ns, At safepoint: 8287 ns, Total: 19482 ns
[2020-02-27T04:30:49.045+0000][1][safepoint    ] Safepoint "RevokeBias", Time since last: 121693745 ns, Reaching safepoint: 133823 ns, At safepoint: 17800 ns, Total: 151623 ns
[2020-02-27T04:30:49.055+0000][1][safepoint    ] Safepoint "RevokeBias", Time since last: 9915565 ns, Reaching safepoint: 35900 ns, At safepoint: 90050 ns, Total: 125950 ns
[2020-02-27T04:30:49.055+0000][1][safepoint    ] Safepoint "RevokeBias", Time since last: 102580 ns, Reaching safepoint: 28871 ns, At safepoint: 12678 ns, Total: 41549 ns
[2020-02-27T04:30:49.122+0000][1][safepoint    ] Safepoint "RevokeBias", Time since last: 66643987 ns, Reaching safepoint: 45859 ns, At safepoint: 14162 ns, Total: 60021 ns
[2020-02-27T04:30:49.122+0000][1][safepoint    ] Safepoint "RevokeBias", Time since last: 87474 ns, Reaching safepoint: 22822 ns, At safepoint: 9165 ns, Total: 31987 ns
[2020-02-27T04:30:49.143+0000][1][safepoint    ] Safepoint "RevokeBias", Time since last: 21168671 ns, Reaching safepoint: 32440 ns, At safepoint: 15858 ns, Total: 48298 ns
[2020-02-27T04:30:49.201+0000][1][safepoint    ] Safepoint "RevokeBias", Time since last: 57669513 ns, Reaching safepoint: 33623 ns, At safepoint: 16054 ns, Total: 49677 ns
[2020-02-27T04:30:49.201+0000][1][safepoint    ] Safepoint "RevokeBias", Time since last: 390606 ns, Reaching safepoint: 18031 ns, At safepoint: 12446 ns, Total: 30477 ns
[2020-02-27T04:30:49.201+0000][1][safepoint    ] Safepoint "RevokeBias", Time since last: 54736 ns, Reaching safepoint: 9422 ns, At safepoint: 8236 ns, Total: 17658 ns
[2020-02-27T04:30:49.229+0000][1][safepoint    ] Safepoint "RevokeBias", Time since last: 27698027 ns, Reaching safepoint: 44031 ns, At safepoint: 16431 ns, Total: 60462 ns
[2020-02-27T04:30:49.229+0000][1][safepoint    ] Safepoint "RevokeBias", Time since last: 155338 ns, Reaching safepoint: 39119 ns, At safepoint: 17984 ns, Total: 57103 ns
[2020-02-27T04:30:49.253+0000][1][safepoint    ] Safepoint "RevokeBias", Time since last: 23777834 ns, Reaching safepoint: 48350 ns, At safepoint: 17488 ns, Total: 65838 ns
[2020-02-27T04:30:49.253+0000][1][safepoint    ] Safepoint "RevokeBias", Time since last: 60456 ns, Reaching safepoint: 28588 ns, At safepoint: 12379 ns, Total: 40967 ns
[2020-02-27T04:30:49.283+0000][1][safepoint    ] Safepoint "RevokeBias", Time since last: 29904662 ns, Reaching safepoint: 28202 ns, At safepoint: 16300 ns, Total: 44502 ns
[2020-02-27T04:30:49.296+0000][1][safepoint    ] Safepoint "RevokeBias", Time since last: 12350347 ns, Reaching safepoint: 50118 ns, At safepoint: 17475 ns, Total: 67593 ns
[2020-02-27T04:30:49.326+0000][1][safepoint    ] Safepoint "RevokeBias", Time since last: 30716712 ns, Reaching safepoint: 40501 ns, At safepoint: 13894 ns, Total: 54395 ns
[2020-02-27T04:30:49.532+0000][1][safepoint    ] Safepoint "RevokeBias", Time since last: 205809083 ns, Reaching safepoint: 71420 ns, At safepoint: 19015 ns, Total: 90435 ns
[2020-02-27T04:30:49.533+0000][1][safepoint    ] Safepoint "RevokeBias", Time since last: 467436 ns, Reaching safepoint: 33347 ns, At safepoint: 15431 ns, Total: 48778 ns
[2020-02-27T04:30:49.533+0000][1][safepoint    ] Safepoint "RevokeBias", Time since last: 215654 ns, Reaching safepoint: 28970 ns, At safepoint: 13049 ns, Total: 42019 ns
[2020-02-27T04:30:49.582+0000][1][safepoint    ] Safepoint "RevokeBias", Time since last: 48844966 ns, Reaching safepoint: 29582 ns, At safepoint: 15454 ns, Total: 45036 ns
[2020-02-27T04:30:49.629+0000][1][safepoint    ] Safepoint "RevokeBias", Time since last: 46821410 ns, Reaching safepoint: 30937 ns, At safepoint: 12133 ns, Total: 43070 ns
[2020-02-27T04:30:49.659+0000][1][safepoint    ] Safepoint "RevokeBias", Time since last: 4435259 ns, Reaching safepoint: 25319140 ns, At safepoint: 20079 ns, Total: 25339219 ns
[2020-02-27T04:30:49.677+0000][1][safepoint    ] Safepoint "RevokeBias", Time since last: 18331790 ns, Reaching safepoint: 112950 ns, At safepoint: 18529 ns, Total: 131479 ns
[2020-02-27T04:30:49.690+0000][1][safepoint    ] Safepoint "RevokeBias", Time since last: 12406100 ns, Reaching safepoint: 62081 ns, At safepoint: 17046 ns, Total: 79127 ns
[2020-02-27T04:30:49.704+0000][1][safepoint    ] Safepoint "RevokeBias", Time since last: 14114788 ns, Reaching safepoint: 46272 ns, At safepoint: 19033 ns, Total: 65305 ns
[2020-02-27T04:30:49.704+0000][1][safepoint    ] Safepoint "RevokeBias", Time since last: 56033 ns, Reaching safepoint: 14032 ns, At safepoint: 9311 ns, Total: 23343 ns
[2020-02-27T04:30:49.705+0000][1][safepoint    ] Safepoint "RevokeBias", Time since last: 1524765 ns, Reaching safepoint: 75478 ns, At safepoint: 33280 ns, Total: 108758 ns
[2020-02-27T04:30:49.706+0000][1][safepoint    ] Safepoint "RevokeBias", Time since last: 129158 ns, Reaching safepoint: 15440 ns, At safepoint: 9505 ns, Total: 24945 ns
[2020-02-27T04:30:49.706+0000][1][safepoint    ] Safepoint "RevokeBias", Time since last: 28107 ns, Reaching safepoint: 10336 ns, At safepoint: 7880 ns, Total: 18216 ns
[2020-02-27T04:30:49.791+0000][1][safepoint    ] Safepoint "RevokeBias", Time since last: 39459331 ns, Reaching safepoint: 46323325 ns, At safepoint: 30206 ns, Total: 46353531 ns
[2020-02-27T04:30:49.812+0000][1][safepoint    ] Safepoint "RevokeBias", Time since last: 18216458 ns, Reaching safepoint: 2424072 ns, At safepoint: 22686 ns, Total: 2446758 ns
[2020-02-27T04:30:49.821+0000][1][safepoint    ] Safepoint "RevokeBias", Time since last: 207571 ns, Reaching safepoint: 8142548 ns, At safepoint: 28351 ns, Total: 8170899 ns
[2020-02-27T04:30:49.824+0000][1][safepoint    ] Safepoint "RevokeBias", Time since last: 3764493 ns, Reaching safepoint: 60282 ns, At safepoint: 40928 ns, Total: 101210 ns
[2020-02-27T04:30:49.825+0000][1][safepoint    ] Safepoint "RevokeBias", Time since last: 629637 ns, Reaching safepoint: 46596 ns, At safepoint: 11354 ns, Total: 57950 ns
[2020-02-27T04:30:49.866+0000][1][safepoint    ] Safepoint "RevokeBias", Time since last: 22235944 ns, Reaching safepoint: 18983081 ns, At safepoint: 66925 ns, Total: 19050006 ns
[2020-02-27T04:30:49.872+0000][1][safepoint    ] Safepoint "RevokeBias", Time since last: 3980729 ns, Reaching safepoint: 1828740 ns, At safepoint: 53150 ns, Total: 1881890 ns
[2020-02-27T04:30:49.886+0000][1][safepoint    ] Safepoint "RevokeBias", Time since last: 7687341 ns, Reaching safepoint: 6412672 ns, At safepoint: 51009 ns, Total: 6463681 ns
[2020-02-27T04:30:49.897+0000][1][safepoint    ] Safepoint "RevokeBias", Time since last: 592872 ns, Reaching safepoint: 10289782 ns, At safepoint: 58725 ns, Total: 10348507 ns
[2020-02-27T04:30:49.919+0000][1][safepoint    ] Safepoint "RevokeBias", Time since last: 5162818 ns, Reaching safepoint: 16465715 ns, At safepoint: 29165 ns, Total: 16494880 ns
[2020-02-27T04:30:49.927+0000][1][safepoint    ] Safepoint "RevokeBias", Time since last: 542255 ns, Reaching safepoint: 7700154 ns, At safepoint: 23751 ns, Total: 7723905 ns
[2020-02-27T04:30:50.020+0000][1][safepoint    ] Safepoint "RevokeBias", Time since last: 65947041 ns, Reaching safepoint: 26862898 ns, At safepoint: 32334 ns, Total: 26895232 ns
[2020-02-27T04:30:50.022+0000][1][safepoint    ] Safepoint "RevokeBias", Time since last: 2011153 ns, Reaching safepoint: 56835 ns, At safepoint: 25432 ns, Total: 82267 ns
[2020-02-27T04:30:50.022+0000][1][safepoint    ] Safepoint "RevokeBias", Time since last: 88864 ns, Reaching safepoint: 39220 ns, At safepoint: 18805 ns, Total: 58025 ns
[2020-02-27T04:30:50.023+0000][1][safepoint    ] Safepoint "RevokeBias", Time since last: 135138 ns, Reaching safepoint: 59684 ns, At safepoint: 18263 ns, Total: 77947 ns
[2020-02-27T04:30:50.023+0000][1][safepoint    ] Safepoint "RevokeBias", Time since last: 221300 ns, Reaching safepoint: 41224 ns, At safepoint: 18991 ns, Total: 60215 ns
[2020-02-27T04:30:50.023+0000][1][safepoint    ] Safepoint "BulkRevokeBias", Time since last: 55186 ns, Reaching safepoint: 36353 ns, At safepoint: 254596 ns, Total: 290949 ns
[2020-02-27T04:30:50.092+0000][1][safepoint    ] Safepoint "RevokeBias", Time since last: 26584984 ns, Reaching safepoint: 42651046 ns, At safepoint: 15047 ns, Total: 42666093 ns
[2020-02-27T04:30:50.093+0000][1][safepoint    ] Safepoint "RevokeBias", Time since last: 934247 ns, Reaching safepoint: 50178 ns, At safepoint: 5367 ns, Total: 55545 ns
[2020-02-27T04:30:50.094+0000][1][safepoint    ] Safepoint "RevokeBias", Time since last: 209433 ns, Reaching safepoint: 36957 ns, At safepoint: 5256 ns, Total: 42213 ns
[2020-02-27T04:30:50.121+0000][1][safepoint    ] Safepoint "RevokeBias", Time since last: 26913490 ns, Reaching safepoint: 906985 ns, At safepoint: 8459 ns, Total: 915444 ns
[2020-02-27T04:30:50.408+0000][1][safepoint    ] Safepoint "RevokeBias", Time since last: 286148634 ns, Reaching safepoint: 60932 ns, At safepoint: 7873 ns, Total: 68805 ns
[2020-02-27T04:30:50.412+0000][1][safepoint    ] Safepoint "RevokeBias", Time since last: 3944078 ns, Reaching safepoint: 63303 ns, At safepoint: 9291 ns, Total: 72594 ns
[2020-02-27T04:30:50.412+0000][1][safepoint    ] Safepoint "RevokeBias", Time since last: 60278 ns, Reaching safepoint: 18888 ns, At safepoint: 4011 ns, Total: 22899 ns
[2020-02-27T04:30:50.423+0000][1][safepoint    ] Safepoint "RevokeBias", Time since last: 11048577 ns, Reaching safepoint: 65784 ns, At safepoint: 25975 ns, Total: 91759 ns
[2020-02-27T04:30:50.437+0000][1][safepoint    ] Safepoint "RevokeBias", Time since last: 13216116 ns, Reaching safepoint: 709511 ns, At safepoint: 9783 ns, Total: 719294 ns
[2020-02-27T04:30:50.446+0000][1][safepoint    ] Safepoint "RevokeBias", Time since last: 848642 ns, Reaching safepoint: 8514774 ns, At safepoint: 13181 ns, Total: 8527955 ns
[2020-02-27T04:30:50.449+0000][1][safepoint    ] Safepoint "RevokeBias", Time since last: 80224 ns, Reaching safepoint: 2845499 ns, At safepoint: 10150 ns, Total: 2855649 ns
[2020-02-27T04:30:50.451+0000][1][safepoint    ] Safepoint "RevokeBias", Time since last: 1378217 ns, Reaching safepoint: 56802 ns, At safepoint: 7683 ns, Total: 64485 ns
[2020-02-27T04:30:50.451+0000][1][safepoint    ] Safepoint "RevokeBias", Time since last: 294205 ns, Reaching safepoint: 42611 ns, At safepoint: 6661 ns, Total: 49272 ns
[2020-02-27T04:30:50.451+0000][1][safepoint    ] Safepoint "RevokeBias", Time since last: 141631 ns, Reaching safepoint: 22205 ns, At safepoint: 4189 ns, Total: 26394 ns
[2020-02-27T04:30:50.473+0000][1][safepoint    ] Safepoint "RevokeBias", Time since last: 21787762 ns, Reaching safepoint: 87930 ns, At safepoint: 31345 ns, Total: 119275 ns
[2020-02-27T04:30:50.493+0000][1][safepoint    ] Safepoint "RevokeBias", Time since last: 19839827 ns, Reaching safepoint: 64200 ns, At safepoint: 7042 ns, Total: 71242 ns
[2020-02-27T04:30:50.495+0000][1][safepoint    ] Safepoint "RevokeBias", Time since last: 2401908 ns, Reaching safepoint: 115117 ns, At safepoint: 28035 ns, Total: 143152 ns
[2020-02-27T04:30:50.504+0000][1][safepoint    ] Safepoint "RevokeBias", Time since last: 7908249 ns, Reaching safepoint: 138889 ns, At safepoint: 9236 ns, Total: 148125 ns
[2020-02-27T04:30:50.518+0000][1][safepoint    ] Safepoint "RevokeBias", Time since last: 14638124 ns, Reaching safepoint: 67358 ns, At safepoint: 7267 ns, Total: 74625 ns
[2020-02-27T04:30:50.519+0000][1][safepoint    ] Safepoint "RevokeBias", Time since last: 794375 ns, Reaching safepoint: 55427 ns, At safepoint: 5772 ns, Total: 61199 ns
[2020-02-27T04:30:50.582+0000][1][safepoint    ] Safepoint "RevokeBias", Time since last: 62391565 ns, Reaching safepoint: 116446 ns, At safepoint: 11831 ns, Total: 128277 ns
[2020-02-27T04:30:50.582+0000][1][safepoint    ] Safepoint "RevokeBias", Time since last: 79149 ns, Reaching safepoint: 46595 ns, At safepoint: 4678 ns, Total: 51273 ns
[2020-02-27T04:30:50.706+0000][1][gc,start     ] GC(28) Pause Young (Allocation Failure)
[2020-02-27T04:30:50.706+0000][1][gc,task      ] GC(28) Using 1 workers of 1 for evacuation
[2020-02-27T04:30:50.867+0000][1][gc,age       ] GC(28) Desired survivor size 4358144 bytes, new threshold 2 (max threshold 6)
[2020-02-27T04:30:50.867+0000][1][gc,age       ] GC(28) Age table with threshold 2 (max threshold 6)
[2020-02-27T04:30:50.867+0000][1][gc,age       ] GC(28) - age   1:    2561608 bytes,    2561608 total
[2020-02-27T04:30:50.867+0000][1][gc,age       ] GC(28) - age   2:    3350640 bytes,    5912248 total
[2020-02-27T04:30:50.867+0000][1][gc,heap      ] GC(28) ParNew: 76670K->6752K(76672K)
[2020-02-27T04:30:50.867+0000][1][gc,heap      ] GC(28) CMS: 50914K->54760K(963392K)
[2020-02-27T04:30:50.867+0000][1][gc,metaspace ] GC(28) Metaspace: 70892K->70892K(1114112K)
[2020-02-27T04:30:50.867+0000][1][gc           ] GC(28) Pause Young (Allocation Failure) 124M->60M(1015M) 161.466ms
[2020-02-27T04:30:50.867+0000][1][gc,cpu       ] GC(28) User=0.06s Sys=0.03s Real=0.16s
[2020-02-27T04:30:50.867+0000][1][safepoint    ] Safepoint "GenCollectForAllocation", Time since last: 123803784 ns, Reaching safepoint: 69449 ns, At safepoint: 161513840 ns, Total: 161583289 ns
[2020-02-27T04:30:50.895+0000][1][safepoint    ] Safepoint "RevokeBias", Time since last: 27385656 ns, Reaching safepoint: 44362 ns, At safepoint: 6991 ns, Total: 51353 ns
[2020-02-27T04:30:50.895+0000][1][safepoint    ] Safepoint "RevokeBias", Time since last: 398303 ns, Reaching safepoint: 100287 ns, At safepoint: 6640 ns, Total: 106927 ns
[2020-02-27T04:30:50.896+0000][1][safepoint    ] Safepoint "RevokeBias", Time since last: 1186332 ns, Reaching safepoint: 25872 ns, At safepoint: 5413 ns, Total: 31285 ns
[2020-02-27T04:30:50.896+0000][1][safepoint    ] Safepoint "RevokeBias", Time since last: 37495 ns, Reaching safepoint: 16349 ns, At safepoint: 3952 ns, Total: 20301 ns
[2020-02-27T04:30:51.039+0000][1][safepoint    ] Safepoint "Deoptimize", Time since last: 141879338 ns, Reaching safepoint: 68348 ns, At safepoint: 644754 ns, Total: 713102 ns
[2020-02-27T04:30:51.094+0000][1][safepoint    ] Safepoint "RevokeBias", Time since last: 42081320 ns, Reaching safepoint: 12951223 ns, At safepoint: 20565 ns, Total: 12971788 ns
[2020-02-27T04:30:51.152+0000][1][safepoint    ] Safepoint "Deoptimize", Time since last: 53450231 ns, Reaching safepoint: 3868849 ns, At safepoint: 356397 ns, Total: 4225246 ns
[2020-02-27T04:30:51.158+0000][1][safepoint    ] Safepoint "RevokeBias", Time since last: 6516949 ns, Reaching safepoint: 131319 ns, At safepoint: 8396 ns, Total: 139715 ns
[2020-02-27T04:30:51.159+0000][1][safepoint    ] Safepoint "RevokeBias", Time since last: 275919 ns, Reaching safepoint: 24592 ns, At safepoint: 10254 ns, Total: 34846 ns
[2020-02-27T04:30:51.198+0000][1][safepoint    ] Safepoint "RevokeBias", Time since last: 38565948 ns, Reaching safepoint: 368225 ns, At safepoint: 8002 ns, Total: 376227 ns
[2020-02-27T04:30:51.388+0000][1][safepoint    ] Safepoint "BulkRevokeBias", Time since last: 189615955 ns, Reaching safepoint: 94142 ns, At safepoint: 272503 ns, Total: 366645 ns
[2020-02-27T04:30:51.399+0000][1][safepoint    ] Safepoint "RevokeBias", Time since last: 7581781 ns, Reaching safepoint: 3822725 ns, At safepoint: 33252 ns, Total: 3855977 ns
[2020-02-27T04:30:51.409+0000][1][safepoint    ] Safepoint "Deoptimize", Time since last: 9184706 ns, Reaching safepoint: 45371 ns, At safepoint: 400696 ns, Total: 446067 ns
[2020-02-27T04:30:51.533+0000][1][safepoint    ] Safepoint "RevokeBias", Time since last: 124638886 ns, Reaching safepoint: 44918 ns, At safepoint: 7507 ns, Total: 52425 ns
[2020-02-27T04:30:51.534+0000][1][safepoint    ] Safepoint "BulkRevokeBias", Time since last: 77267 ns, Reaching safepoint: 19810 ns, At safepoint: 121158 ns, Total: 140968 ns
[2020-02-27T04:30:51.558+0000][1][safepoint    ] Safepoint "RevokeBias", Time since last: 24586215 ns, Reaching safepoint: 63948 ns, At safepoint: 7343 ns, Total: 71291 ns
[2020-02-27T04:30:51.581+0000][1][safepoint    ] Safepoint "RevokeBias", Time since last: 23187277 ns, Reaching safepoint: 64428 ns, At safepoint: 7224 ns, Total: 71652 ns
[2020-02-27T04:30:51.582+0000][1][safepoint    ] Safepoint "RevokeBias", Time since last: 223016 ns, Reaching safepoint: 46710 ns, At safepoint: 5149 ns, Total: 51859 ns
[2020-02-27T04:30:51.665+0000][1][safepoint    ] Safepoint "RevokeBias", Time since last: 83408436 ns, Reaching safepoint: 68879 ns, At safepoint: 7180 ns, Total: 76059 ns
[2020-02-27T04:30:51.669+0000][1][safepoint    ] Safepoint "RevokeBias", Time since last: 3774762 ns, Reaching safepoint: 56669 ns, At safepoint: 6600 ns, Total: 63269 ns
[2020-02-27T04:30:51.672+0000][1][safepoint    ] Safepoint "RevokeBias", Time since last: 3187577 ns, Reaching safepoint: 53069 ns, At safepoint: 6401 ns, Total: 59470 ns
[2020-02-27T04:30:51.672+0000][1][safepoint    ] Safepoint "RevokeBias", Time since last: 48560 ns, Reaching safepoint: 35917 ns, At safepoint: 4434 ns, Total: 40351 ns
[2020-02-27T04:30:51.672+0000][1][safepoint    ] Safepoint "RevokeBias", Time since last: 26735 ns, Reaching safepoint: 33778 ns, At safepoint: 4288 ns, Total: 38066 ns
[2020-02-27T04:30:51.673+0000][1][safepoint    ] Safepoint "RevokeBias", Time since last: 24712 ns, Reaching safepoint: 33418 ns, At safepoint: 4113 ns, Total: 37531 ns
[2020-02-27T04:30:51.673+0000][1][safepoint    ] Safepoint "RevokeBias", Time since last: 25966 ns, Reaching safepoint: 33469 ns, At safepoint: 4132 ns, Total: 37601 ns
[2020-02-27T04:30:51.673+0000][1][safepoint    ] Safepoint "RevokeBias", Time since last: 24559 ns, Reaching safepoint: 33156 ns, At safepoint: 4166 ns, Total: 37322 ns
[2020-02-27T04:30:51.673+0000][1][safepoint    ] Safepoint "RevokeBias", Time since last: 49299 ns, Reaching safepoint: 39413 ns, At safepoint: 5172 ns, Total: 44585 ns
[2020-02-27T04:30:51.868+0000][1][safepoint    ] Safepoint "RevokeBias", Time since last: 195028208 ns, Reaching safepoint: 36894 ns, At safepoint: 6656 ns, Total: 43550 ns
[2020-02-27T04:30:51.868+0000][1][safepoint    ] Safepoint "RevokeBias", Time since last: 436282 ns, Reaching safepoint: 23574 ns, At safepoint: 4963 ns, Total: 28537 ns
[2020-02-27T04:30:51.905+0000][1][safepoint    ] Safepoint "RevokeBias", Time since last: 36187886 ns, Reaching safepoint: 46348 ns, At safepoint: 7091 ns, Total: 53439 ns
[2020-02-27T04:30:51.908+0000][1][safepoint    ] Safepoint "RevokeBias", Time since last: 3522043 ns, Reaching safepoint: 39547 ns, At safepoint: 6094 ns, Total: 45641 ns
[2020-02-27T04:30:51.911+0000][1][safepoint    ] Safepoint "RevokeBias", Time since last: 2711504 ns, Reaching safepoint: 36173 ns, At safepoint: 6589 ns, Total: 42762 ns
[2020-02-27T04:30:51.913+0000][1][safepoint    ] Safepoint "RevokeBias", Time since last: 2446155 ns, Reaching safepoint: 30793 ns, At safepoint: 6241 ns, Total: 37034 ns
[2020-02-27T04:30:51.961+0000][1][safepoint    ] Safepoint "RevokeBias", Time since last: 47750194 ns, Reaching safepoint: 41058 ns, At safepoint: 6395 ns, Total: 47453 ns
[2020-02-27T04:30:51.962+0000][1][safepoint    ] Safepoint "RevokeBias", Time since last: 612407 ns, Reaching safepoint: 26776 ns, At safepoint: 5722 ns, Total: 32498 ns
[2020-02-27T04:30:52.185+0000][1][safepoint    ] Safepoint "RevokeBias", Time since last: 222964023 ns, Reaching safepoint: 150621 ns, At safepoint: 9473 ns, Total: 160094 ns
[2020-02-27T04:30:52.212+0000][1][safepoint    ] Safepoint "RevokeBias", Time since last: 26925706 ns, Reaching safepoint: 42855 ns, At safepoint: 7868 ns, Total: 50723 ns
[2020-02-27T04:30:52.217+0000][1][safepoint    ] Safepoint "RevokeBias", Time since last: 4626055 ns, Reaching safepoint: 62510 ns, At safepoint: 7373 ns, Total: 69883 ns
[2020-02-27T04:30:52.492+0000][1][safepoint    ] Safepoint "RevokeBias", Time since last: 275222145 ns, Reaching safepoint: 83021 ns, At safepoint: 45601 ns, Total: 128622 ns
[2020-02-27T04:30:52.494+0000][1][safepoint    ] Safepoint "RevokeBias", Time since last: 1534184 ns, Reaching safepoint: 63214 ns, At safepoint: 13718 ns, Total: 76932 ns
[2020-02-27T04:30:53.401+0000][1][safepoint    ] Safepoint "RevokeBias", Time since last: 907111802 ns, Reaching safepoint: 77804 ns, At safepoint: 14560 ns, Total: 92364 ns
[2020-02-27T04:30:53.422+0000][1][safepoint    ] Safepoint "RevokeBias", Time since last: 21417389 ns, Reaching safepoint: 37804 ns, At safepoint: 6807 ns, Total: 44611 ns
[2020-02-27T04:30:53.446+0000][1][safepoint    ] Safepoint "RevokeBias", Time since last: 21038706 ns, Reaching safepoint: 3157980 ns, At safepoint: 15736 ns, Total: 3173716 ns
[2020-02-27T04:30:53.483+0000][1][safepoint    ] Safepoint "RevokeBias", Time since last: 30844794 ns, Reaching safepoint: 6076478 ns, At safepoint: 29786 ns, Total: 6106264 ns
[2020-02-27T04:30:53.713+0000][1][safepoint    ] Safepoint "RevokeBias", Time since last: 229664295 ns, Reaching safepoint: 46538 ns, At safepoint: 6894 ns, Total: 53432 ns
[2020-02-27T04:30:53.713+0000][1][safepoint    ] Safepoint "RevokeBias", Time since last: 267015 ns, Reaching safepoint: 65979 ns, At safepoint: 21455 ns, Total: 87434 ns
[2020-02-27T04:30:53.737+0000][1][safepoint    ] Safepoint "RevokeBias", Time since last: 23428609 ns, Reaching safepoint: 37560 ns, At safepoint: 12427 ns, Total: 49987 ns
[2020-02-27T04:30:53.790+0000][1][safepoint    ] Safepoint "RevokeBias", Time since last: 52297586 ns, Reaching safepoint: 424253 ns, At safepoint: 36547 ns, Total: 460800 ns
[2020-02-27T04:30:53.790+0000][1][safepoint    ] Safepoint "RevokeBias", Time since last: 68510 ns, Reaching safepoint: 68865 ns, At safepoint: 26035 ns, Total: 94900 ns
[2020-02-27T04:30:54.334+0000][1][safepoint    ] Safepoint "RevokeBias", Time since last: 544272709 ns, Reaching safepoint: 86931 ns, At safepoint: 7682 ns, Total: 94613 ns
[2020-02-27T04:30:54.361+0000][1][safepoint    ] Safepoint "RevokeBias", Time since last: 26875892 ns, Reaching safepoint: 54264 ns, At safepoint: 13699 ns, Total: 67963 ns
[2020-02-27T04:30:54.383+0000][1][safepoint    ] Safepoint "RevokeBias", Time since last: 22017772 ns, Reaching safepoint: 68728 ns, At safepoint: 13783 ns, Total: 82511 ns
[2020-02-27T04:30:54.627+0000][1][safepoint    ] Safepoint "RevokeBias", Time since last: 243939046 ns, Reaching safepoint: 78466 ns, At safepoint: 19107 ns, Total: 97573 ns
[2020-02-27T04:30:54.627+0000][1][safepoint    ] Safepoint "RevokeBias", Time since last: 80416 ns, Reaching safepoint: 36588 ns, At safepoint: 9751 ns, Total: 46339 ns
[2020-02-27T04:30:54.629+0000][1][safepoint    ] Safepoint "RevokeBias", Time since last: 1109721 ns, Reaching safepoint: 26673 ns, At safepoint: 12762 ns, Total: 39435 ns
[2020-02-27T04:30:54.629+0000][1][safepoint    ] Safepoint "RevokeBias", Time since last: 68276 ns, Reaching safepoint: 16394 ns, At safepoint: 8865 ns, Total: 25259 ns
[2020-02-27T04:30:55.943+0000][1][safepoint    ] Safepoint "RevokeBias", Time since last: 1314158388 ns, Reaching safepoint: 47101 ns, At safepoint: 14246 ns, Total: 61347 ns
[2020-02-27T04:30:56.944+0000][1][safepoint    ] Safepoint "Cleanup", Time since last: 1000576608 ns, Reaching safepoint: 72086 ns, At safepoint: 7491 ns, Total: 79577 ns
[2020-02-27T04:30:57.518+0000][1][safepoint    ] Safepoint "RevokeBias", Time since last: 573946386 ns, Reaching safepoint: 58601 ns, At safepoint: 16116 ns, Total: 74717 ns
[2020-02-27T04:30:58.457+0000][1][safepoint    ] Safepoint "RevokeBias", Time since last: 939344553 ns, Reaching safepoint: 53178 ns, At safepoint: 16998 ns, Total: 70176 ns
[2020-02-27T04:30:59.457+0000][1][safepoint    ] Safepoint "Cleanup", Time since last: 1000419452 ns, Reaching safepoint: 79162 ns, At safepoint: 8617 ns, Total: 87779 ns
[2020-02-27T04:31:00.978+0000][1][safepoint    ] Safepoint "RevokeBias", Time since last: 1520723722 ns, Reaching safepoint: 40695 ns, At safepoint: 13747 ns, Total: 54442 ns
[2020-02-27T04:31:02.859+0000][1][safepoint    ] Safepoint "RevokeBias", Time since last: 1880535166 ns, Reaching safepoint: 102974 ns, At safepoint: 9553 ns, Total: 112527 ns
[2020-02-27T04:31:03.495+0000][1][safepoint    ] Safepoint "RevokeBias", Time since last: 635589673 ns, Reaching safepoint: 40173 ns, At safepoint: 14486 ns, Total: 54659 ns
[2020-02-27T04:31:06.014+0000][1][safepoint    ] Safepoint "RevokeBias", Time since last: 2518910214 ns, Reaching safepoint: 37208 ns, At safepoint: 14856 ns, Total: 52064 ns
[2020-02-27T04:31:08.020+0000][1][safepoint    ] Safepoint "Cleanup", Time since last: 2006035890 ns, Reaching safepoint: 323021 ns, At safepoint: 28849 ns, Total: 351870 ns
[2020-02-27T04:31:08.521+0000][1][safepoint    ] Safepoint "RevokeBias", Time since last: 501263704 ns, Reaching safepoint: 58863 ns, At safepoint: 15218 ns, Total: 74081 ns
[2020-02-27T04:31:11.033+0000][1][gc,start     ] GC(29) Pause Young (Allocation Failure)
[2020-02-27T04:31:11.033+0000][1][gc,task      ] GC(29) Using 1 workers of 1 for evacuation
[2020-02-27T04:31:11.276+0000][1][gc,age       ] GC(29) Desired survivor size 4358144 bytes, new threshold 6 (max threshold 6)
[2020-02-27T04:31:11.276+0000][1][gc,age       ] GC(29) Age table with threshold 6 (max threshold 6)
[2020-02-27T04:31:11.276+0000][1][gc,age       ] GC(29) - age   1:    1716912 bytes,    1716912 total
[2020-02-27T04:31:11.276+0000][1][gc,age       ] GC(29) - age   2:    2339280 bytes,    4056192 total
[2020-02-27T04:31:11.276+0000][1][gc,heap      ] GC(29) ParNew: 74912K->6018K(76672K)
[2020-02-27T04:31:11.276+0000][1][gc,heap      ] GC(29) CMS: 54760K->58146K(963392K)
[2020-02-27T04:31:11.276+0000][1][gc,metaspace ] GC(29) Metaspace: 76974K->76974K(1120256K)
[2020-02-27T04:31:11.276+0000][1][gc           ] GC(29) Pause Young (Allocation Failure) 126M->62M(1015M) 242.754ms
[2020-02-27T04:31:11.276+0000][1][gc,cpu       ] GC(29) User=0.03s Sys=0.03s Real=0.24s
[2020-02-27T04:31:11.276+0000][1][safepoint    ] Safepoint "GenCollectForAllocation", Time since last: 2512019444 ns, Reaching safepoint: 73587 ns, At safepoint: 242813736 ns, Total: 242887323 ns
[2020-02-27T04:31:11.285+0000][1][safepoint    ] Safepoint "RevokeBias", Time since last: 8317618 ns, Reaching safepoint: 37554 ns, At safepoint: 14292 ns, Total: 51846 ns
[2020-02-27T04:31:13.290+0000][1][safepoint    ] Safepoint "Cleanup", Time since last: 2005065162 ns, Reaching safepoint: 114837 ns, At safepoint: 36816 ns, Total: 151653 ns
[2020-02-27T04:31:13.797+0000][1][safepoint    ] Safepoint "RevokeBias", Time since last: 507139819 ns, Reaching safepoint: 61661 ns, At safepoint: 18306 ns, Total: 79967 ns
[2020-02-27T04:31:16.313+0000][1][safepoint    ] Safepoint "RevokeBias", Time since last: 2515933011 ns, Reaching safepoint: 99944 ns, At safepoint: 23337 ns, Total: 123281 ns
[2020-02-27T04:31:18.315+0000][1][safepoint    ] Safepoint "Cleanup", Time since last: 2001815348 ns, Reaching safepoint: 77217 ns, At safepoint: 7567 ns, Total: 84784 ns
[2020-02-27T04:31:18.836+0000][1][safepoint    ] Safepoint "RevokeBias", Time since last: 521035424 ns, Reaching safepoint: 65428 ns, At safepoint: 18713 ns, Total: 84141 ns
[2020-02-27T04:31:19.837+0000][1][safepoint    ] Safepoint "Cleanup", Time since last: 1000387168 ns, Reaching safepoint: 102969 ns, At safepoint: 8530 ns, Total: 111499 ns
[2020-02-27T04:31:19.914+0000][1][safepoint    ] Safepoint "RevokeBias", Time since last: 77648115 ns, Reaching safepoint: 38365 ns, At safepoint: 16081 ns, Total: 54446 ns
[2020-02-27T04:31:20.925+0000][1][safepoint    ] Safepoint "Cleanup", Time since last: 1010885051 ns, Reaching safepoint: 103543 ns, At safepoint: 7678 ns, Total: 111221 ns
[2020-02-27T04:31:21.355+0000][1][safepoint    ] Safepoint "RevokeBias", Time since last: 429881599 ns, Reaching safepoint: 43742 ns, At safepoint: 15380 ns, Total: 59122 ns
[2020-02-27T04:31:21.784+0000][1][safepoint    ] Safepoint "RevokeBias", Time since last: 428988899 ns, Reaching safepoint: 54292 ns, At safepoint: 16405 ns, Total: 70697 ns
[2020-02-27T04:31:21.785+0000][1][safepoint    ] Safepoint "RevokeBias", Time since last: 241935 ns, Reaching safepoint: 29183 ns, At safepoint: 11395 ns, Total: 40578 ns
[2020-02-27T04:31:22.787+0000][1][safepoint    ] Safepoint "Cleanup", Time since last: 1002694926 ns, Reaching safepoint: 78499 ns, At safepoint: 7044 ns, Total: 85543 ns
[2020-02-27T04:31:23.628+0000][1][safepoint    ] Safepoint "RevokeBias", Time since last: 840372846 ns, Reaching safepoint: 75461 ns, At safepoint: 24393 ns, Total: 99854 ns
[2020-02-27T04:31:23.630+0000][1][safepoint    ] Safepoint "RevokeBias", Time since last: 2303768 ns, Reaching safepoint: 38606 ns, At safepoint: 42282 ns, Total: 80888 ns
[2020-02-27T04:31:23.917+0000][1][safepoint    ] Safepoint "RevokeBias", Time since last: 279861544 ns, Reaching safepoint: 6857772 ns, At safepoint: 22554 ns, Total: 6880326 ns
[2020-02-27T04:31:26.425+0000][1][safepoint    ] Safepoint "RevokeBias", Time since last: 2508354685 ns, Reaching safepoint: 47624 ns, At safepoint: 16243 ns, Total: 63867 ns
[2020-02-27T04:31:27.426+0000][1][safepoint    ] Safepoint "Cleanup", Time since last: 1000520386 ns, Reaching safepoint: 76424 ns, At safepoint: 6593 ns, Total: 83017 ns
[2020-02-27T04:31:28.432+0000][1][safepoint    ] Safepoint "Cleanup", Time since last: 1006076449 ns, Reaching safepoint: 83214 ns, At safepoint: 7152 ns, Total: 90366 ns
[2020-02-27T04:31:29.125+0000][1][safepoint    ] Safepoint "BulkRevokeBias", Time since last: 692347821 ns, Reaching safepoint: 151343 ns, At safepoint: 154565 ns, Total: 305908 ns
[2020-02-27T04:31:31.640+0000][1][safepoint    ] Safepoint "RevokeBias", Time since last: 2515575313 ns, Reaching safepoint: 54317 ns, At safepoint: 19325 ns, Total: 73642 ns
[2020-02-27T04:31:32.895+0000][1][safepoint    ] Safepoint "RevokeBias", Time since last: 1254071681 ns, Reaching safepoint: 75788 ns, At safepoint: 14465 ns, Total: 90253 ns
[2020-02-27T04:31:32.902+0000][1][safepoint    ] Safepoint "RevokeBias", Time since last: 7613259 ns, Reaching safepoint: 105086 ns, At safepoint: 15051 ns, Total: 120137 ns
[2020-02-27T04:31:33.904+0000][1][safepoint    ] Safepoint "Cleanup", Time since last: 1001653422 ns, Reaching safepoint: 60213 ns, At safepoint: 7368 ns, Total: 67581 ns
[2020-02-27T04:31:34.166+0000][1][safepoint    ] Safepoint "RevokeBias", Time since last: 262278840 ns, Reaching safepoint: 60965 ns, At safepoint: 16420 ns, Total: 77385 ns
[2020-02-27T04:31:35.167+0000][1][safepoint    ] Safepoint "Cleanup", Time since last: 1000614251 ns, Reaching safepoint: 92234 ns, At safepoint: 8576 ns, Total: 100810 ns
[2020-02-27T04:31:36.682+0000][1][safepoint    ] Safepoint "RevokeBias", Time since last: 1514939294 ns, Reaching safepoint: 109628 ns, At safepoint: 43076 ns, Total: 152704 ns
[2020-02-27T04:31:37.683+0000][1][safepoint    ] Safepoint "Cleanup", Time since last: 1000714246 ns, Reaching safepoint: 78413 ns, At safepoint: 7384 ns, Total: 85797 ns
[2020-02-27T04:31:39.206+0000][1][safepoint    ] Safepoint "RevokeBias", Time since last: 1522781201 ns, Reaching safepoint: 69109 ns, At safepoint: 17303 ns, Total: 86412 ns
[2020-02-27T04:31:41.207+0000][1][safepoint    ] Safepoint "Cleanup", Time since last: 2000726540 ns, Reaching safepoint: 89475 ns, At safepoint: 8270 ns, Total: 97745 ns
[2020-02-27T04:31:41.734+0000][1][safepoint    ] Safepoint "RevokeBias", Time since last: 527553762 ns, Reaching safepoint: 66311 ns, At safepoint: 16850 ns, Total: 83161 ns
[2020-02-27T04:31:42.735+0000][1][safepoint    ] Safepoint "Cleanup", Time since last: 1000453484 ns, Reaching safepoint: 87213 ns, At safepoint: 7144 ns, Total: 94357 ns
[2020-02-27T04:31:43.735+0000][1][safepoint    ] Safepoint "Cleanup", Time since last: 1000161743 ns, Reaching safepoint: 83954 ns, At safepoint: 7337 ns, Total: 91291 ns
[2020-02-27T04:31:44.259+0000][1][safepoint    ] Safepoint "RevokeBias", Time since last: 524111948 ns, Reaching safepoint: 69490 ns, At safepoint: 16899 ns, Total: 86389 ns
[2020-02-27T04:31:45.260+0000][1][safepoint    ] Safepoint "Cleanup", Time since last: 1000689969 ns, Reaching safepoint: 112629 ns, At safepoint: 11626 ns, Total: 124255 ns
[2020-02-27T04:31:46.792+0000][1][safepoint    ] Safepoint "RevokeBias", Time since last: 1532176368 ns, Reaching safepoint: 127618 ns, At safepoint: 21345 ns, Total: 148963 ns
[2020-02-27T04:31:49.304+0000][1][safepoint    ] Safepoint "RevokeBias", Time since last: 2511954513 ns, Reaching safepoint: 79836 ns, At safepoint: 18905 ns, Total: 98741 ns
[2020-02-27T04:31:49.962+0000][1][safepoint    ] Safepoint "RevokeBias", Time since last: 652190775 ns, Reaching safepoint: 5221734 ns, At safepoint: 27257 ns, Total: 5248991 ns
[2020-02-27T04:31:50.962+0000][1][safepoint    ] Safepoint "Cleanup", Time since last: 1000351796 ns, Reaching safepoint: 97621 ns, At safepoint: 6936 ns, Total: 104557 ns
[2020-02-27T04:31:51.820+0000][1][safepoint    ] Safepoint "RevokeBias", Time since last: 857719445 ns, Reaching safepoint: 75804 ns, At safepoint: 20875 ns, Total: 96679 ns
[2020-02-27T04:31:52.821+0000][1][safepoint    ] Safepoint "Cleanup", Time since last: 1000660059 ns, Reaching safepoint: 79559 ns, At safepoint: 6619 ns, Total: 86178 ns
[2020-02-27T04:31:53.821+0000][1][safepoint    ] Safepoint "Cleanup", Time since last: 1000282380 ns, Reaching safepoint: 78383 ns, At safepoint: 7238 ns, Total: 85621 ns
[2020-02-27T04:31:54.331+0000][1][safepoint    ] Safepoint "RevokeBias", Time since last: 509732410 ns, Reaching safepoint: 63671 ns, At safepoint: 18062 ns, Total: 81733 ns
[2020-02-27T04:31:56.844+0000][1][safepoint    ] Safepoint "RevokeBias", Time since last: 2512993199 ns, Reaching safepoint: 82414 ns, At safepoint: 20215 ns, Total: 102629 ns
[2020-02-27T04:31:58.845+0000][1][safepoint    ] Safepoint "Cleanup", Time since last: 2000941291 ns, Reaching safepoint: 80576 ns, At safepoint: 6756 ns, Total: 87332 ns
[2020-02-27T04:31:59.355+0000][1][safepoint    ] Safepoint "RevokeBias", Time since last: 510184814 ns, Reaching safepoint: 47141 ns, At safepoint: 15128 ns, Total: 62269 ns
[2020-02-27T04:32:01.864+0000][1][safepoint    ] Safepoint "RevokeBias", Time since last: 2508251160 ns, Reaching safepoint: 122424 ns, At safepoint: 24764 ns, Total: 147188 ns
[2020-02-27T04:32:02.864+0000][1][safepoint    ] Safepoint "Cleanup", Time since last: 1000093170 ns, Reaching safepoint: 79118 ns, At safepoint: 6877 ns, Total: 85995 ns
[2020-02-27T04:32:04.385+0000][1][safepoint    ] Safepoint "RevokeBias", Time since last: 1521063740 ns, Reaching safepoint: 67415 ns, At safepoint: 18349 ns, Total: 85764 ns
[2020-02-27T04:32:06.909+0000][1][safepoint    ] Safepoint "RevokeBias", Time since last: 2523344916 ns, Reaching safepoint: 126961 ns, At safepoint: 24533 ns, Total: 151494 ns
[2020-02-27T04:32:08.910+0000][1][safepoint    ] Safepoint "Cleanup", Time since last: 2000853307 ns, Reaching safepoint: 83789 ns, At safepoint: 38860 ns, Total: 122649 ns
[2020-02-27T04:32:09.421+0000][1][safepoint    ] Safepoint "RevokeBias", Time since last: 511081811 ns, Reaching safepoint: 66013 ns, At safepoint: 17160 ns, Total: 83173 ns
[2020-02-27T04:32:10.421+0000][1][safepoint    ] Safepoint "Cleanup", Time since last: 1000415155 ns, Reaching safepoint: 123685 ns, At safepoint: 7802 ns, Total: 131487 ns
[2020-02-27T04:32:11.952+0000][1][safepoint    ] Safepoint "RevokeBias", Time since last: 1530616212 ns, Reaching safepoint: 152719 ns, At safepoint: 20990 ns, Total: 173709 ns
[2020-02-27T04:32:12.953+0000][1][safepoint    ] Safepoint "Cleanup", Time since last: 1000495317 ns, Reaching safepoint: 131024 ns, At safepoint: 12929 ns, Total: 143953 ns
[2020-02-27T04:32:14.462+0000][1][safepoint    ] Safepoint "RevokeBias", Time since last: 1508876249 ns, Reaching safepoint: 49957 ns, At safepoint: 16855 ns, Total: 66812 ns
[2020-02-27T04:32:16.977+0000][1][safepoint    ] Safepoint "RevokeBias", Time since last: 2515397011 ns, Reaching safepoint: 45553 ns, At safepoint: 16483 ns, Total: 62036 ns
[2020-02-27T04:32:17.978+0000][1][safepoint    ] Safepoint "Cleanup", Time since last: 1000537196 ns, Reaching safepoint: 68081 ns, At safepoint: 6803 ns, Total: 74884 ns
[2020-02-27T04:32:19.487+0000][1][safepoint    ] Safepoint "RevokeBias", Time since last: 1508684720 ns, Reaching safepoint: 114189 ns, At safepoint: 21697 ns, Total: 135886 ns
[2020-02-27T04:32:20.487+0000][1][safepoint    ] Safepoint "Cleanup", Time since last: 1000327890 ns, Reaching safepoint: 124044 ns, At safepoint: 8418 ns, Total: 132462 ns
[2020-02-27T04:32:21.488+0000][1][safepoint    ] Safepoint "Cleanup", Time since last: 1000186197 ns, Reaching safepoint: 185519 ns, At safepoint: 8478 ns, Total: 193997 ns
[2020-02-27T04:32:22.004+0000][1][safepoint    ] Safepoint "RevokeBias", Time since last: 516218198 ns, Reaching safepoint: 47482 ns, At safepoint: 16556 ns, Total: 64038 ns
[2020-02-27T04:32:23.005+0000][1][safepoint    ] Safepoint "Cleanup", Time since last: 1000812793 ns, Reaching safepoint: 108815 ns, At safepoint: 7290 ns, Total: 116105 ns
[2020-02-27T04:32:24.006+0000][1][safepoint    ] Safepoint "Cleanup", Time since last: 1000768322 ns, Reaching safepoint: 110316 ns, At safepoint: 13306 ns, Total: 123622 ns
[2020-02-27T04:32:24.521+0000][1][safepoint    ] Safepoint "RevokeBias", Time since last: 515061810 ns, Reaching safepoint: 100441 ns, At safepoint: 27632 ns, Total: 128073 ns
[2020-02-27T04:32:25.522+0000][1][safepoint    ] Safepoint "Cleanup", Time since last: 1000677770 ns, Reaching safepoint: 113733 ns, At safepoint: 10345 ns, Total: 124078 ns
[2020-02-27T04:32:27.049+0000][1][safepoint    ] Safepoint "RevokeBias", Time since last: 1527603692 ns, Reaching safepoint: 98708 ns, At safepoint: 108286 ns, Total: 206994 ns
[2020-02-27T04:32:29.578+0000][1][safepoint    ] Safepoint "RevokeBias", Time since last: 2528552003 ns, Reaching safepoint: 67614 ns, At safepoint: 106693 ns, Total: 174307 ns
[2020-02-27T04:32:32.087+0000][1][safepoint    ] Safepoint "RevokeBias", Time since last: 2508468476 ns, Reaching safepoint: 45443 ns, At safepoint: 16014 ns, Total: 61457 ns
[2020-02-27T04:32:34.606+0000][1][safepoint    ] Safepoint "RevokeBias", Time since last: 2516251434 ns, Reaching safepoint: 3098709 ns, At safepoint: 44954 ns, Total: 3143663 ns
[2020-02-27T04:32:37.125+0000][1][safepoint    ] Safepoint "RevokeBias", Time since last: 2512084341 ns, Reaching safepoint: 6778640 ns, At safepoint: 56663 ns, Total: 6835303 ns
[2020-02-27T04:32:38.126+0000][1][safepoint    ] Safepoint "Cleanup", Time since last: 1001227489 ns, Reaching safepoint: 141264 ns, At safepoint: 10480 ns, Total: 151744 ns
[2020-02-27T04:32:39.628+0000][1][safepoint    ] Safepoint "RevokeBias", Time since last: 1501656712 ns, Reaching safepoint: 55559 ns, At safepoint: 18614 ns, Total: 74173 ns
[2020-02-27T04:32:41.629+0000][1][safepoint    ] Safepoint "Cleanup", Time since last: 2000607190 ns, Reaching safepoint: 102913 ns, At safepoint: 11246 ns, Total: 114159 ns
[2020-02-27T04:32:42.142+0000][1][safepoint    ] Safepoint "BulkRevokeBias", Time since last: 512289309 ns, Reaching safepoint: 134153 ns, At safepoint: 605409 ns, Total: 739562 ns
[2020-02-27T04:32:43.148+0000][1][safepoint    ] Safepoint "Cleanup", Time since last: 1005845968 ns, Reaching safepoint: 153501 ns, At safepoint: 14344 ns, Total: 167845 ns
[2020-02-27T04:32:44.668+0000][1][safepoint    ] Safepoint "RevokeBias", Time since last: 1514271630 ns, Reaching safepoint: 6299753 ns, At safepoint: 33861 ns, Total: 6333614 ns
[2020-02-27T04:32:45.669+0000][1][safepoint    ] Safepoint "Cleanup", Time since last: 1000274788 ns, Reaching safepoint: 161822 ns, At safepoint: 21364 ns, Total: 183186 ns
[2020-02-27T04:32:47.182+0000][1][safepoint    ] Safepoint "RevokeBias", Time since last: 1512920123 ns, Reaching safepoint: 75093 ns, At safepoint: 21256 ns, Total: 96349 ns
[2020-02-27T04:32:49.707+0000][1][safepoint    ] Safepoint "RevokeBias", Time since last: 2523729060 ns, Reaching safepoint: 856467 ns, At safepoint: 115930 ns, Total: 972397 ns
[2020-02-27T04:32:50.707+0000][1][safepoint    ] Safepoint "Cleanup", Time since last: 1000312455 ns, Reaching safepoint: 122167 ns, At safepoint: 12965 ns, Total: 135132 ns
[2020-02-27T04:32:52.225+0000][1][safepoint    ] Safepoint "RevokeBias", Time since last: 1517366433 ns, Reaching safepoint: 94952 ns, At safepoint: 30096 ns, Total: 125048 ns
[2020-02-27T04:32:54.228+0000][1][safepoint    ] Safepoint "Cleanup", Time since last: 2003417536 ns, Reaching safepoint: 114970 ns, At safepoint: 13888 ns, Total: 128858 ns
[2020-02-27T04:32:54.776+0000][1][safepoint    ] Safepoint "RevokeBias", Time since last: 547888997 ns, Reaching safepoint: 109685 ns, At safepoint: 27674 ns, Total: 137359 ns
[2020-02-27T04:32:55.777+0000][1][safepoint    ] Safepoint "Cleanup", Time since last: 1000682220 ns, Reaching safepoint: 107494 ns, At safepoint: 12951 ns, Total: 120445 ns
[2020-02-27T04:32:57.300+0000][1][safepoint    ] Safepoint "RevokeBias", Time since last: 1522422137 ns, Reaching safepoint: 120296 ns, At safepoint: 32407 ns, Total: 152703 ns
[2020-02-27T04:32:59.302+0000][1][safepoint    ] Safepoint "Cleanup", Time since last: 2002635576 ns, Reaching safepoint: 109096 ns, At safepoint: 10938 ns, Total: 120034 ns
[2020-02-27T04:32:59.825+0000][1][safepoint    ] Safepoint "RevokeBias", Time since last: 522250156 ns, Reaching safepoint: 71752 ns, At safepoint: 24003 ns, Total: 95755 ns
[2020-02-27T04:33:02.351+0000][1][safepoint    ] Safepoint "RevokeBias", Time since last: 2526054173 ns, Reaching safepoint: 108636 ns, At safepoint: 27651 ns, Total: 136287 ns
[2020-02-27T04:33:03.353+0000][1][safepoint    ] Safepoint "Cleanup", Time since last: 1001557919 ns, Reaching safepoint: 164315 ns, At safepoint: 20306 ns, Total: 184621 ns
[2020-02-27T04:33:04.871+0000][1][safepoint    ] Safepoint "RevokeBias", Time since last: 1518105235 ns, Reaching safepoint: 96692 ns, At safepoint: 28663 ns, Total: 125355 ns
[2020-02-27T04:33:05.873+0000][1][safepoint    ] Safepoint "Cleanup", Time since last: 1000513671 ns, Reaching safepoint: 1278100 ns, At safepoint: 18317 ns, Total: 1296417 ns
[2020-02-27T04:33:07.444+0000][1][safepoint    ] Safepoint "RevokeBias", Time since last: 1571305209 ns, Reaching safepoint: 162914 ns, At safepoint: 93983 ns, Total: 256897 ns
[2020-02-27T04:33:08.446+0000][1][safepoint    ] Safepoint "Cleanup", Time since last: 1002095215 ns, Reaching safepoint: 171195 ns, At safepoint: 14991 ns, Total: 186186 ns
[2020-02-27T04:33:09.964+0000][1][safepoint    ] Safepoint "RevokeBias", Time since last: 1515650500 ns, Reaching safepoint: 2072628 ns, At safepoint: 38545 ns, Total: 2111173 ns
[2020-02-27T04:33:12.497+0000][1][safepoint    ] Safepoint "RevokeBias", Time since last: 2532747169 ns, Reaching safepoint: 81973 ns, At safepoint: 31841 ns, Total: 113814 ns
[2020-02-27T04:33:13.498+0000][1][safepoint    ] Safepoint "Cleanup", Time since last: 1000782947 ns, Reaching safepoint: 91105 ns, At safepoint: 7859 ns, Total: 98964 ns
[2020-02-27T04:33:15.009+0000][1][safepoint    ] Safepoint "RevokeBias", Time since last: 1510907734 ns, Reaching safepoint: 73695 ns, At safepoint: 34167 ns, Total: 107862 ns
[2020-02-27T04:33:17.526+0000][1][safepoint    ] Safepoint "RevokeBias", Time since last: 2516926461 ns, Reaching safepoint: 148719 ns, At safepoint: 38101 ns, Total: 186820 ns
[2020-02-27T04:33:18.092+0000][1][gc,start     ] GC(30) Pause Young (Allocation Failure)
[2020-02-27T04:33:18.092+0000][1][gc,task      ] GC(30) Using 1 workers of 1 for evacuation
[2020-02-27T04:33:18.176+0000][1][gc,age       ] GC(30) Desired survivor size 4358144 bytes, new threshold 6 (max threshold 6)
[2020-02-27T04:33:18.176+0000][1][gc,age       ] GC(30) Age table with threshold 6 (max threshold 6)
[2020-02-27T04:33:18.176+0000][1][gc,age       ] GC(30) - age   1:     251136 bytes,     251136 total
[2020-02-27T04:33:18.176+0000][1][gc,age       ] GC(30) - age   2:    1626488 bytes,    1877624 total
[2020-02-27T04:33:18.176+0000][1][gc,age       ] GC(30) - age   3:    2338816 bytes,    4216440 total
[2020-02-27T04:33:18.176+0000][1][gc,heap      ] GC(30) ParNew: 74178K->4475K(76672K)
[2020-02-27T04:33:18.176+0000][1][gc,heap      ] GC(30) CMS: 58146K->58146K(963392K)
[2020-02-27T04:33:18.176+0000][1][gc,metaspace ] GC(30) Metaspace: 77923K->77923K(1120256K)
[2020-02-27T04:33:18.176+0000][1][gc           ] GC(30) Pause Young (Allocation Failure) 129M->61M(1015M) 84.320ms
[2020-02-27T04:33:18.176+0000][1][gc,cpu       ] GC(30) User=0.04s Sys=0.00s Real=0.08s
[2020-02-27T04:33:18.176+0000][1][safepoint    ] Safepoint "GenCollectForAllocation", Time since last: 565795158 ns, Reaching safepoint: 159256 ns, At safepoint: 84411949 ns, Total: 84571205 ns
[2020-02-27T04:33:20.158+0000][1][safepoint    ] Safepoint "RevokeBias", Time since last: 1975081596 ns, Reaching safepoint: 6548766 ns, At safepoint: 51027 ns, Total: 6599793 ns
[2020-02-27T04:33:22.689+0000][1][safepoint    ] Safepoint "RevokeBias", Time since last: 2531198808 ns, Reaching safepoint: 106751 ns, At safepoint: 28959 ns, Total: 135710 ns
[2020-02-27T04:33:23.709+0000][1][safepoint    ] Safepoint "Cleanup", Time since last: 1019573226 ns, Reaching safepoint: 113854 ns, At safepoint: 11865 ns, Total: 125719 ns
[2020-02-27T04:33:25.212+0000][1][safepoint    ] Safepoint "RevokeBias", Time since last: 1494747182 ns, Reaching safepoint: 8358756 ns, At safepoint: 47912 ns, Total: 8406668 ns
[2020-02-27T04:33:26.214+0000][1][safepoint    ] Safepoint "Cleanup", Time since last: 1000957823 ns, Reaching safepoint: 254959 ns, At safepoint: 27862 ns, Total: 282821 ns
[2020-02-27T04:33:27.723+0000][1][safepoint    ] Safepoint "RevokeBias", Time since last: 1508994443 ns, Reaching safepoint: 89352 ns, At safepoint: 22989 ns, Total: 112341 ns
[2020-02-27T04:33:30.256+0000][1][safepoint    ] Safepoint "RevokeBias", Time since last: 2532837229 ns, Reaching safepoint: 607211 ns, At safepoint: 39355 ns, Total: 646566 ns
[2020-02-27T04:33:32.772+0000][1][safepoint    ] Safepoint "RevokeBias", Time since last: 2513367161 ns, Reaching safepoint: 2726946 ns, At safepoint: 40662 ns, Total: 2767608 ns
[2020-02-27T04:33:33.774+0000][1][safepoint    ] Safepoint "Cleanup", Time since last: 1001404440 ns, Reaching safepoint: 281537 ns, At safepoint: 21621 ns, Total: 303158 ns
[2020-02-27T04:33:35.277+0000][1][safepoint    ] Safepoint "RevokeBias", Time since last: 1502681188 ns, Reaching safepoint: 100511 ns, At safepoint: 20617 ns, Total: 121128 ns
[2020-02-27T04:33:38.025+0000][1][safepoint    ] Safepoint "RevokeBias", Time since last: 2748484055 ns, Reaching safepoint: 84440 ns, At safepoint: 25380 ns, Total: 109820 ns
[2020-02-27T04:33:39.030+0000][1][safepoint    ] Safepoint "Cleanup", Time since last: 1004777725 ns, Reaching safepoint: 114077 ns, At safepoint: 13000 ns, Total: 127077 ns
[2020-02-27T04:33:40.036+0000][1][safepoint    ] Safepoint "Cleanup", Time since last: 1005922221 ns, Reaching safepoint: 107391 ns, At safepoint: 9275 ns, Total: 116666 ns
[2020-02-27T04:33:40.539+0000][1][safepoint    ] Safepoint "RevokeBias", Time since last: 502383122 ns, Reaching safepoint: 199693 ns, At safepoint: 29943 ns, Total: 229636 ns
[2020-02-27T04:33:43.051+0000][1][safepoint    ] Safepoint "RevokeBias", Time since last: 2511516816 ns, Reaching safepoint: 214023 ns, At safepoint: 53704 ns, Total: 267727 ns
[2020-02-27T04:33:44.061+0000][1][safepoint    ] Safepoint "Cleanup", Time since last: 1010210825 ns, Reaching safepoint: 84280 ns, At safepoint: 9784 ns, Total: 94064 ns
[2020-02-27T04:33:45.565+0000][1][safepoint    ] Safepoint "RevokeBias", Time since last: 1504007184 ns, Reaching safepoint: 107002 ns, At safepoint: 27888 ns, Total: 134890 ns
[2020-02-27T04:33:48.078+0000][1][safepoint    ] Safepoint "RevokeBias", Time since last: 2513080505 ns, Reaching safepoint: 58576 ns, At safepoint: 18838 ns, Total: 77414 ns
[2020-02-27T04:33:50.601+0000][1][safepoint    ] Safepoint "RevokeBias", Time since last: 2522664808 ns, Reaching safepoint: 75152 ns, At safepoint: 20348 ns, Total: 95500 ns
[2020-02-27T04:33:51.602+0000][1][safepoint    ] Safepoint "Cleanup", Time since last: 1000448140 ns, Reaching safepoint: 153733 ns, At safepoint: 11187 ns, Total: 164920 ns
[2020-02-27T04:33:53.127+0000][1][safepoint    ] Safepoint "RevokeBias", Time since last: 1524763047 ns, Reaching safepoint: 134799 ns, At safepoint: 34296 ns, Total: 169095 ns
[2020-02-27T04:33:54.129+0000][1][safepoint    ] Safepoint "Cleanup", Time since last: 1002710387 ns, Reaching safepoint: 116796 ns, At safepoint: 10938 ns, Total: 127734 ns
[2020-02-27T04:33:56.025+0000][1][safepoint    ] Safepoint "BulkRevokeBias", Time since last: 1894169623 ns, Reaching safepoint: 105782 ns, At safepoint: 787406 ns, Total: 893188 ns
[2020-02-27T04:33:58.032+0000][1][safepoint    ] Safepoint "Cleanup", Time since last: 2007345384 ns, Reaching safepoint: 115959 ns, At safepoint: 8280 ns, Total: 124239 ns
[2020-02-27T04:33:58.556+0000][1][safepoint    ] Safepoint "RevokeBias", Time since last: 516074338 ns, Reaching safepoint: 8084202 ns, At safepoint: 28506 ns, Total: 8112708 ns
[2020-02-27T04:34:01.079+0000][1][safepoint    ] Safepoint "RevokeBias", Time since last: 2523108457 ns, Reaching safepoint: 65497 ns, At safepoint: 19122 ns, Total: 84619 ns
[2020-02-27T04:34:03.625+0000][1][safepoint    ] Safepoint "RevokeBias", Time since last: 2539765850 ns, Reaching safepoint: 5873624 ns, At safepoint: 52638 ns, Total: 5926262 ns
[2020-02-27T04:34:04.626+0000][1][safepoint    ] Safepoint "Cleanup", Time since last: 1001142496 ns, Reaching safepoint: 117757 ns, At safepoint: 14666 ns, Total: 132423 ns
[2020-02-27T04:34:05.627+0000][1][safepoint    ] Safepoint "Cleanup", Time since last: 1000564729 ns, Reaching safepoint: 249463 ns, At safepoint: 17626 ns, Total: 267089 ns
[2020-02-27T04:34:06.135+0000][1][safepoint    ] Safepoint "RevokeBias", Time since last: 508061328 ns, Reaching safepoint: 150828 ns, At safepoint: 26254 ns, Total: 177082 ns
[2020-02-27T04:34:08.648+0000][1][safepoint    ] Safepoint "RevokeBias", Time since last: 2512780363 ns, Reaching safepoint: 113749 ns, At safepoint: 31325 ns, Total: 145074 ns
[2020-02-27T04:34:11.167+0000][1][safepoint    ] Safepoint "RevokeBias", Time since last: 2516300905 ns, Reaching safepoint: 1845310 ns, At safepoint: 36148 ns, Total: 1881458 ns
[2020-02-27T04:34:13.676+0000][1][safepoint    ] Safepoint "RevokeBias", Time since last: 2509613950 ns, Reaching safepoint: 99287 ns, At safepoint: 22966 ns, Total: 122253 ns
[2020-02-27T04:34:16.192+0000][1][safepoint    ] Safepoint "RevokeBias", Time since last: 2515217827 ns, Reaching safepoint: 50973 ns, At safepoint: 15719 ns, Total: 66692 ns
[2020-02-27T04:34:18.942+0000][1][safepoint    ] Safepoint "RevokeBias", Time since last: 2749774236 ns, Reaching safepoint: 171351 ns, At safepoint: 28810 ns, Total: 200161 ns
[2020-02-27T04:34:20.946+0000][1][safepoint    ] Safepoint "Cleanup", Time since last: 2004362821 ns, Reaching safepoint: 109157 ns, At safepoint: 9593 ns, Total: 118750 ns
[2020-02-27T04:34:21.456+0000][1][safepoint    ] Safepoint "RevokeBias", Time since last: 509281408 ns, Reaching safepoint: 246838 ns, At safepoint: 51194 ns, Total: 298032 ns
[2020-02-27T04:34:23.981+0000][1][safepoint    ] Safepoint "RevokeBias", Time since last: 2525018286 ns, Reaching safepoint: 80191 ns, At safepoint: 17204 ns, Total: 97395 ns
[2020-02-27T04:34:24.983+0000][1][safepoint    ] Safepoint "Cleanup", Time since last: 1001964820 ns, Reaching safepoint: 175041 ns, At safepoint: 10009 ns, Total: 185050 ns
[2020-02-27T04:34:26.494+0000][1][safepoint    ] Safepoint "RevokeBias", Time since last: 1510712608 ns, Reaching safepoint: 54550 ns, At safepoint: 16076 ns, Total: 70626 ns
[2020-02-27T04:34:28.542+0000][1][safepoint    ] Safepoint "Cleanup", Time since last: 2047766855 ns, Reaching safepoint: 699337 ns, At safepoint: 20101 ns, Total: 719438 ns
[2020-02-27T04:34:29.014+0000][1][safepoint    ] Safepoint "RevokeBias", Time since last: 471618914 ns, Reaching safepoint: 89484 ns, At safepoint: 84068 ns, Total: 173552 ns
[2020-02-27T04:34:31.524+0000][1][safepoint    ] Safepoint "RevokeBias", Time since last: 2509824184 ns, Reaching safepoint: 73858 ns, At safepoint: 26044 ns, Total: 99902 ns
[2020-02-27T04:34:32.524+0000][1][safepoint    ] Safepoint "Cleanup", Time since last: 1000542127 ns, Reaching safepoint: 95234 ns, At safepoint: 9270 ns, Total: 104504 ns
[2020-02-27T04:34:34.158+0000][1][safepoint    ] Safepoint "RevokeBias", Time since last: 1633520209 ns, Reaching safepoint: 168350 ns, At safepoint: 39389 ns, Total: 207739 ns
[2020-02-27T04:34:36.666+0000][1][safepoint    ] Safepoint "RevokeBias", Time since last: 2507425411 ns, Reaching safepoint: 53264 ns, At safepoint: 17407 ns, Total: 70671 ns
[2020-02-27T04:34:39.178+0000][1][safepoint    ] Safepoint "RevokeBias", Time since last: 2511716947 ns, Reaching safepoint: 81974 ns, At safepoint: 17889 ns, Total: 99863 ns
[2020-02-27T04:34:41.696+0000][1][safepoint    ] Safepoint "RevokeBias", Time since last: 2518048758 ns, Reaching safepoint: 75853 ns, At safepoint: 18655 ns, Total: 94508 ns
[2020-02-27T04:34:43.706+0000][1][safepoint    ] Safepoint "Cleanup", Time since last: 2010361382 ns, Reaching safepoint: 86688 ns, At safepoint: 9608 ns, Total: 96296 ns
[2020-02-27T04:34:44.218+0000][1][safepoint    ] Safepoint "RevokeBias", Time since last: 511725663 ns, Reaching safepoint: 90553 ns, At safepoint: 20579 ns, Total: 111132 ns
[2020-02-27T04:34:46.738+0000][1][safepoint    ] Safepoint "RevokeBias", Time since last: 2519606848 ns, Reaching safepoint: 121737 ns, At safepoint: 19054 ns, Total: 140791 ns
[2020-02-27T04:34:49.246+0000][1][safepoint    ] Safepoint "RevokeBias", Time since last: 2507908538 ns, Reaching safepoint: 73844 ns, At safepoint: 18256 ns, Total: 92100 ns
[2020-02-27T04:34:50.246+0000][1][safepoint    ] Safepoint "Cleanup", Time since last: 1000337007 ns, Reaching safepoint: 130321 ns, At safepoint: 10767 ns, Total: 141088 ns
[2020-02-27T04:34:51.761+0000][1][safepoint    ] Safepoint "RevokeBias", Time since last: 1514714554 ns, Reaching safepoint: 71959 ns, At safepoint: 18433 ns, Total: 90392 ns
[2020-02-27T04:34:53.770+0000][1][safepoint    ] Safepoint "Cleanup", Time since last: 2009155164 ns, Reaching safepoint: 123681 ns, At safepoint: 8055 ns, Total: 131736 ns
[2020-02-27T04:34:54.273+0000][1][safepoint    ] Safepoint "RevokeBias", Time since last: 502483929 ns, Reaching safepoint: 83050 ns, At safepoint: 19963 ns, Total: 103013 ns
[2020-02-27T04:34:55.274+0000][1][safepoint    ] Safepoint "Cleanup", Time since last: 1000800450 ns, Reaching safepoint: 91813 ns, At safepoint: 8102 ns, Total: 99915 ns
[2020-02-27T04:34:56.790+0000][1][safepoint    ] Safepoint "RevokeBias", Time since last: 1516201716 ns, Reaching safepoint: 195239 ns, At safepoint: 40089 ns, Total: 235328 ns
[2020-02-27T04:34:58.798+0000][1][safepoint    ] Safepoint "Cleanup", Time since last: 2007556594 ns, Reaching safepoint: 98288 ns, At safepoint: 8733 ns, Total: 107021 ns
[2020-02-27T04:34:59.291+0000][1][safepoint    ] Safepoint "RevokeBias", Time since last: 492946053 ns, Reaching safepoint: 98397 ns, At safepoint: 28464 ns, Total: 126861 ns
[2020-02-27T04:35:01.799+0000][1][safepoint    ] Safepoint "RevokeBias", Time since last: 2507762278 ns, Reaching safepoint: 70986 ns, At safepoint: 17226 ns, Total: 88212 ns
[2020-02-27T04:35:04.305+0000][1][safepoint    ] Safepoint "RevokeBias", Time since last: 2506101087 ns, Reaching safepoint: 82297 ns, At safepoint: 19943 ns, Total: 102240 ns
[2020-02-27T04:35:06.815+0000][1][safepoint    ] Safepoint "RevokeBias", Time since last: 2509445062 ns, Reaching safepoint: 230177 ns, At safepoint: 36370 ns, Total: 266547 ns
[2020-02-27T04:35:09.324+0000][1][safepoint    ] Safepoint "BulkRevokeBias", Time since last: 2507881290 ns, Reaching safepoint: 49151 ns, At safepoint: 975395 ns, Total: 1024546 ns
[2020-02-27T04:35:11.325+0000][1][safepoint    ] Safepoint "Cleanup", Time since last: 2001552338 ns, Reaching safepoint: 99189 ns, At safepoint: 7497 ns, Total: 106686 ns
[2020-02-27T04:35:11.834+0000][1][safepoint    ] Safepoint "RevokeBias", Time since last: 508482130 ns, Reaching safepoint: 88846 ns, At safepoint: 18729 ns, Total: 107575 ns
[2020-02-27T04:35:14.340+0000][1][safepoint    ] Safepoint "RevokeBias", Time since last: 2506029969 ns, Reaching safepoint: 73955 ns, At safepoint: 18065 ns, Total: 92020 ns
[2020-02-27T04:35:16.847+0000][1][safepoint    ] Safepoint "RevokeBias", Time since last: 2507170118 ns, Reaching safepoint: 156667 ns, At safepoint: 19827 ns, Total: 176494 ns
[2020-02-27T04:35:19.358+0000][1][safepoint    ] Safepoint "RevokeBias", Time since last: 2510708947 ns, Reaching safepoint: 71117 ns, At safepoint: 17652 ns, Total: 88769 ns
[2020-02-27T04:35:20.359+0000][1][safepoint    ] Safepoint "Cleanup", Time since last: 1000798314 ns, Reaching safepoint: 87965 ns, At safepoint: 7191 ns, Total: 95156 ns
[2020-02-27T04:35:21.869+0000][1][safepoint    ] Safepoint "RevokeBias", Time since last: 1509515252 ns, Reaching safepoint: 170131 ns, At safepoint: 22938 ns, Total: 193069 ns
[2020-02-27T04:35:23.871+0000][1][safepoint    ] Safepoint "Cleanup", Time since last: 2002235867 ns, Reaching safepoint: 88222 ns, At safepoint: 6209 ns, Total: 94431 ns
[2020-02-27T04:35:24.385+0000][1][safepoint    ] Safepoint "RevokeBias", Time since last: 514136181 ns, Reaching safepoint: 55913 ns, At safepoint: 16929 ns, Total: 72842 ns
[2020-02-27T04:35:26.903+0000][1][safepoint    ] Safepoint "RevokeBias", Time since last: 2517870434 ns, Reaching safepoint: 90233 ns, At safepoint: 19386 ns, Total: 109619 ns
[2020-02-27T04:35:29.420+0000][1][safepoint    ] Safepoint "RevokeBias", Time since last: 2516938237 ns, Reaching safepoint: 234506 ns, At safepoint: 23606 ns, Total: 258112 ns
[2020-02-27T04:35:31.927+0000][1][safepoint    ] Safepoint "RevokeBias", Time since last: 2506545231 ns, Reaching safepoint: 76631 ns, At safepoint: 18382 ns, Total: 95013 ns
[2020-02-27T04:35:33.431+0000][1][gc,start     ] GC(31) Pause Young (Allocation Failure)
[2020-02-27T04:35:33.432+0000][1][gc,task      ] GC(31) Using 1 workers of 1 for evacuation
[2020-02-27T04:35:33.464+0000][1][gc,age       ] GC(31) Desired survivor size 4358144 bytes, new threshold 6 (max threshold 6)
[2020-02-27T04:35:33.464+0000][1][gc,age       ] GC(31) Age table with threshold 6 (max threshold 6)
[2020-02-27T04:35:33.464+0000][1][gc,age       ] GC(31) - age   1:      24232 bytes,      24232 total
[2020-02-27T04:35:33.464+0000][1][gc,age       ] GC(31) - age   2:     235664 bytes,     259896 total
[2020-02-27T04:35:33.464+0000][1][gc,age       ] GC(31) - age   3:    1626400 bytes,    1886296 total
[2020-02-27T04:35:33.464+0000][1][gc,age       ] GC(31) - age   4:    2338784 bytes,    4225080 total
[2020-02-27T04:35:33.464+0000][1][gc,heap      ] GC(31) ParNew: 72635K->4207K(76672K)
[2020-02-27T04:35:33.464+0000][1][gc,heap      ] GC(31) CMS: 58146K->58146K(963392K)
[2020-02-27T04:35:33.464+0000][1][gc,metaspace ] GC(31) Metaspace: 78166K->78166K(1120256K)
[2020-02-27T04:35:33.464+0000][1][gc           ] GC(31) Pause Young (Allocation Failure) 127M->60M(1015M) 32.630ms
[2020-02-27T04:35:33.464+0000][1][gc,cpu       ] GC(31) User=0.03s Sys=0.00s Real=0.03s
[2020-02-27T04:35:33.464+0000][1][safepoint    ] Safepoint "GenCollectForAllocation", Time since last: 1504269370 ns, Reaching safepoint: 94536 ns, At safepoint: 32687709 ns, Total: 32782245 ns
[2020-02-27T04:35:34.434+0000][1][safepoint    ] Safepoint "RevokeBias", Time since last: 969859372 ns, Reaching safepoint: 149493 ns, At safepoint: 19869 ns, Total: 169362 ns
[2020-02-27T04:35:36.943+0000][1][safepoint    ] Safepoint "RevokeBias", Time since last: 2508938008 ns, Reaching safepoint: 79942 ns, At safepoint: 18028 ns, Total: 97970 ns
[2020-02-27T04:35:39.451+0000][1][safepoint    ] Safepoint "RevokeBias", Time since last: 2507295408 ns, Reaching safepoint: 79550 ns, At safepoint: 22160 ns, Total: 101710 ns
[2020-02-27T04:35:41.969+0000][1][safepoint    ] Safepoint "RevokeBias", Time since last: 2518274513 ns, Reaching safepoint: 75677 ns, At safepoint: 82041 ns, Total: 157718 ns
[2020-02-27T04:35:42.970+0000][1][safepoint    ] Safepoint "Cleanup", Time since last: 1000584695 ns, Reaching safepoint: 109297 ns, At safepoint: 12037 ns, Total: 121334 ns
[2020-02-27T04:35:43.971+0000][1][safepoint    ] Safepoint "Cleanup", Time since last: 1000714554 ns, Reaching safepoint: 85141 ns, At safepoint: 7287 ns, Total: 92428 ns
[2020-02-27T04:35:44.481+0000][1][safepoint    ] Safepoint "RevokeBias", Time since last: 510153680 ns, Reaching safepoint: 81050 ns, At safepoint: 18481 ns, Total: 99531 ns
[2020-02-27T04:35:46.992+0000][1][safepoint    ] Safepoint "RevokeBias", Time since last: 2511338371 ns, Reaching safepoint: 77513 ns, At safepoint: 19027 ns, Total: 96540 ns
[2020-02-27T04:35:47.993+0000][1][safepoint    ] Safepoint "Cleanup", Time since last: 1000533892 ns, Reaching safepoint: 178677 ns, At safepoint: 27531 ns, Total: 206208 ns
[2020-02-27T04:35:49.503+0000][1][safepoint    ] Safepoint "RevokeBias", Time since last: 1510099607 ns, Reaching safepoint: 72795 ns, At safepoint: 18170 ns, Total: 90965 ns
[2020-02-27T04:35:52.011+0000][1][safepoint    ] Safepoint "RevokeBias", Time since last: 2508012904 ns, Reaching safepoint: 74871 ns, At safepoint: 19034 ns, Total: 93905 ns
[2020-02-27T04:35:54.524+0000][1][safepoint    ] Safepoint "RevokeBias", Time since last: 2512284180 ns, Reaching safepoint: 73290 ns, At safepoint: 17069 ns, Total: 90359 ns
[2020-02-27T04:35:57.040+0000][1][safepoint    ] Safepoint "RevokeBias", Time since last: 2516184733 ns, Reaching safepoint: 54103 ns, At safepoint: 16363 ns, Total: 70466 ns
[2020-02-27T04:35:57.785+0000][1][safepoint    ] Safepoint "RevokeBias", Time since last: 745489826 ns, Reaching safepoint: 81200 ns, At safepoint: 7979 ns, Total: 89179 ns
[2020-02-27T04:35:57.823+0000][1][safepoint    ] Safepoint "RevokeBias", Time since last: 37650517 ns, Reaching safepoint: 73117 ns, At safepoint: 17994 ns, Total: 91111 ns
[2020-02-27T04:35:57.892+0000][1][safepoint    ] Safepoint "RevokeBias", Time since last: 68260688 ns, Reaching safepoint: 99931 ns, At safepoint: 21515 ns, Total: 121446 ns
[2020-02-27T04:35:57.893+0000][1][safepoint    ] Safepoint "RevokeBias", Time since last: 1133709 ns, Reaching safepoint: 67409 ns, At safepoint: 16771 ns, Total: 84180 ns
[2020-02-27T04:35:58.894+0000][1][safepoint    ] Safepoint "Cleanup", Time since last: 1000758085 ns, Reaching safepoint: 86545 ns, At safepoint: 7718 ns, Total: 94263 ns
[2020-02-27T04:35:59.562+0000][1][safepoint    ] Safepoint "RevokeBias", Time since last: 668390968 ns, Reaching safepoint: 74861 ns, At safepoint: 19918 ns, Total: 94779 ns
[2020-02-27T04:36:02.080+0000][1][safepoint    ] Safepoint "RevokeBias", Time since last: 2517306757 ns, Reaching safepoint: 78283 ns, At safepoint: 17958 ns, Total: 96241 ns
[2020-02-27T04:36:04.081+0000][1][safepoint    ] Safepoint "Cleanup", Time since last: 2001422516 ns, Reaching safepoint: 171038 ns, At safepoint: 29992 ns, Total: 201030 ns
[2020-02-27T04:36:04.588+0000][1][safepoint    ] Safepoint "RevokeBias", Time since last: 506883270 ns, Reaching safepoint: 88020 ns, At safepoint: 21064 ns, Total: 109084 ns
[2020-02-27T04:36:07.118+0000][1][safepoint    ] Safepoint "RevokeBias", Time since last: 2529928678 ns, Reaching safepoint: 98740 ns, At safepoint: 19254 ns, Total: 117994 ns
[2020-02-27T04:36:09.636+0000][1][safepoint    ] Safepoint "RevokeBias", Time since last: 2517524205 ns, Reaching safepoint: 127314 ns, At safepoint: 23210 ns, Total: 150524 ns
[2020-02-27T04:36:12.151+0000][1][safepoint    ] Safepoint "RevokeBias", Time since last: 2514635056 ns, Reaching safepoint: 60692 ns, At safepoint: 17084 ns, Total: 77776 ns
[2020-02-27T04:36:14.161+0000][1][safepoint    ] Safepoint "Cleanup", Time since last: 2010726025 ns, Reaching safepoint: 87676 ns, At safepoint: 7801 ns, Total: 95477 ns
[2020-02-27T04:36:14.663+0000][1][safepoint    ] Safepoint "RevokeBias", Time since last: 499748403 ns, Reaching safepoint: 1413825 ns, At safepoint: 26860 ns, Total: 1440685 ns
[2020-02-27T04:36:17.168+0000][1][safepoint    ] Safepoint "RevokeBias", Time since last: 2504735064 ns, Reaching safepoint: 136857 ns, At safepoint: 30314 ns, Total: 167171 ns
[2020-02-27T04:36:19.677+0000][1][safepoint    ] Safepoint "RevokeBias", Time since last: 2509661356 ns, Reaching safepoint: 57510 ns, At safepoint: 17337 ns, Total: 74847 ns
[2020-02-27T04:36:22.434+0000][1][safepoint    ] Safepoint "BulkRevokeBias", Time since last: 2756096559 ns, Reaching safepoint: 86315 ns, At safepoint: 246534 ns, Total: 332849 ns
[2020-02-27T04:36:25.065+0000][1][safepoint    ] Safepoint "RevokeBias", Time since last: 2631552191 ns, Reaching safepoint: 75210 ns, At safepoint: 16781 ns, Total: 91991 ns
[2020-02-27T04:36:27.578+0000][1][safepoint    ] Safepoint "RevokeBias", Time since last: 2512770764 ns, Reaching safepoint: 117192 ns, At safepoint: 16913 ns, Total: 134105 ns
[2020-02-27T04:36:30.089+0000][1][safepoint    ] Safepoint "RevokeBias", Time since last: 2510476024 ns, Reaching safepoint: 76610 ns, At safepoint: 18910 ns, Total: 95520 ns
[2020-02-27T04:36:32.597+0000][1][safepoint    ] Safepoint "RevokeBias", Time since last: 2507747482 ns, Reaching safepoint: 129436 ns, At safepoint: 61521 ns, Total: 190957 ns
[2020-02-27T04:36:35.104+0000][1][safepoint    ] Safepoint "RevokeBias", Time since last: 2507479413 ns, Reaching safepoint: 76324 ns, At safepoint: 18166 ns, Total: 94490 ns
[2020-02-27T04:36:37.615+0000][1][safepoint    ] Safepoint "RevokeBias", Time since last: 2510856261 ns, Reaching safepoint: 81814 ns, At safepoint: 19857 ns, Total: 101671 ns
[2020-02-27T04:36:40.128+0000][1][safepoint    ] Safepoint "RevokeBias", Time since last: 2512622915 ns, Reaching safepoint: 81862 ns, At safepoint: 18732 ns, Total: 100594 ns
[2020-02-27T04:36:42.638+0000][1][safepoint    ] Safepoint "RevokeBias", Time since last: 2509945065 ns, Reaching safepoint: 78768 ns, At safepoint: 19227 ns, Total: 97995 ns
[2020-02-27T04:36:43.639+0000][1][safepoint    ] Safepoint "Cleanup", Time since last: 1000544858 ns, Reaching safepoint: 91527 ns, At safepoint: 8058 ns, Total: 99585 ns
[2020-02-27T04:36:45.153+0000][1][safepoint    ] Safepoint "RevokeBias", Time since last: 1514654302 ns, Reaching safepoint: 82048 ns, At safepoint: 17490 ns, Total: 99538 ns
[2020-02-27T04:36:47.671+0000][1][safepoint    ] Safepoint "RevokeBias", Time since last: 2517348589 ns, Reaching safepoint: 79392 ns, At safepoint: 18149 ns, Total: 97541 ns
[2020-02-27T04:36:48.672+0000][1][safepoint    ] Safepoint "Cleanup", Time since last: 1000658307 ns, Reaching safepoint: 177797 ns, At safepoint: 25551 ns, Total: 203348 ns
[2020-02-27T04:36:50.179+0000][1][safepoint    ] Safepoint "RevokeBias", Time since last: 1507023577 ns, Reaching safepoint: 81703 ns, At safepoint: 18414 ns, Total: 100117 ns
[2020-02-27T04:36:51.186+0000][1][safepoint    ] Safepoint "Cleanup", Time since last: 1007163526 ns, Reaching safepoint: 84596 ns, At safepoint: 7457 ns, Total: 92053 ns
[2020-02-27T04:36:52.694+0000][1][safepoint    ] Safepoint "RevokeBias", Time since last: 1505503092 ns, Reaching safepoint: 2193831 ns, At safepoint: 27343 ns, Total: 2221174 ns
[2020-02-27T04:36:55.199+0000][1][safepoint    ] Safepoint "RevokeBias", Time since last: 2505079702 ns, Reaching safepoint: 98388 ns, At safepoint: 18303 ns, Total: 116691 ns
[2020-02-27T04:36:57.710+0000][1][safepoint    ] Safepoint "RevokeBias", Time since last: 2510548982 ns, Reaching safepoint: 85980 ns, At safepoint: 20824 ns, Total: 106804 ns
[2020-02-27T04:36:58.710+0000][1][safepoint    ] Safepoint "Cleanup", Time since last: 1000600500 ns, Reaching safepoint: 115586 ns, At safepoint: 14505 ns, Total: 130091 ns
[2020-02-27T04:36:59.711+0000][1][safepoint    ] Safepoint "Cleanup", Time since last: 1000559779 ns, Reaching safepoint: 82367 ns, At safepoint: 6161 ns, Total: 88528 ns
[2020-02-27T04:37:00.225+0000][1][safepoint    ] Safepoint "RevokeBias", Time since last: 513685841 ns, Reaching safepoint: 82620 ns, At safepoint: 17645 ns, Total: 100265 ns
[2020-02-27T04:37:02.734+0000][1][safepoint    ] Safepoint "RevokeBias", Time since last: 2508726261 ns, Reaching safepoint: 182538 ns, At safepoint: 23615 ns, Total: 206153 ns
[2020-02-27T04:37:03.734+0000][1][safepoint    ] Safepoint "Cleanup", Time since last: 1000537459 ns, Reaching safepoint: 83386 ns, At safepoint: 7514 ns, Total: 90900 ns
[2020-02-27T04:37:04.735+0000][1][safepoint    ] Safepoint "Cleanup", Time since last: 1000351365 ns, Reaching safepoint: 102300 ns, At safepoint: 6933 ns, Total: 109233 ns
[2020-02-27T04:37:05.241+0000][1][safepoint    ] Safepoint "RevokeBias", Time since last: 506269586 ns, Reaching safepoint: 91898 ns, At safepoint: 20505 ns, Total: 112403 ns
[2020-02-27T04:37:07.751+0000][1][safepoint    ] Safepoint "RevokeBias", Time since last: 2509377404 ns, Reaching safepoint: 84231 ns, At safepoint: 19268 ns, Total: 103499 ns
[2020-02-27T04:37:10.265+0000][1][safepoint    ] Safepoint "RevokeBias", Time since last: 2514139181 ns, Reaching safepoint: 116097 ns, At safepoint: 28060 ns, Total: 144157 ns
[2020-02-27T04:37:12.787+0000][1][safepoint    ] Safepoint "RevokeBias", Time since last: 2521770946 ns, Reaching safepoint: 101741 ns, At safepoint: 18898 ns, Total: 120639 ns
[2020-02-27T04:37:15.298+0000][1][safepoint    ] Safepoint "RevokeBias", Time since last: 2511055815 ns, Reaching safepoint: 76580 ns, At safepoint: 19047 ns, Total: 95627 ns
[2020-02-27T04:37:17.823+0000][1][safepoint    ] Safepoint "RevokeBias", Time since last: 2525161393 ns, Reaching safepoint: 80984 ns, At safepoint: 18020 ns, Total: 99004 ns
[2020-02-27T04:37:19.824+0000][1][safepoint    ] Safepoint "Cleanup", Time since last: 2000788259 ns, Reaching safepoint: 88284 ns, At safepoint: 8144 ns, Total: 96428 ns
[2020-02-27T04:37:20.337+0000][1][safepoint    ] Safepoint "RevokeBias", Time since last: 512707514 ns, Reaching safepoint: 82517 ns, At safepoint: 18342 ns, Total: 100859 ns
[2020-02-27T04:37:22.860+0000][1][safepoint    ] Safepoint "RevokeBias", Time since last: 2523070197 ns, Reaching safepoint: 75324 ns, At safepoint: 18477 ns, Total: 93801 ns
[2020-02-27T04:37:23.861+0000][1][safepoint    ] Safepoint "Cleanup", Time since last: 1000747071 ns, Reaching safepoint: 107035 ns, At safepoint: 7803 ns, Total: 114838 ns
[2020-02-27T04:37:25.373+0000][1][safepoint    ] Safepoint "RevokeBias", Time since last: 1511614083 ns, Reaching safepoint: 83968 ns, At safepoint: 18391 ns, Total: 102359 ns
[2020-02-27T04:37:27.886+0000][1][safepoint    ] Safepoint "RevokeBias", Time since last: 2511888862 ns, Reaching safepoint: 1289003 ns, At safepoint: 27686 ns, Total: 1316689 ns
[2020-02-27T04:37:30.395+0000][1][safepoint    ] Safepoint "RevokeBias", Time since last: 2509336429 ns, Reaching safepoint: 95928 ns, At safepoint: 18377 ns, Total: 114305 ns
[2020-02-27T04:37:32.902+0000][1][safepoint    ] Safepoint "RevokeBias", Time since last: 2506465334 ns, Reaching safepoint: 80797 ns, At safepoint: 19148 ns, Total: 99945 ns
[2020-02-27T04:37:34.904+0000][1][safepoint    ] Safepoint "Cleanup", Time since last: 2001744646 ns, Reaching safepoint: 94787 ns, At safepoint: 7729 ns, Total: 102516 ns
[2020-02-27T04:37:35.407+0000][1][safepoint    ] Safepoint "BulkRevokeBias", Time since last: 503233879 ns, Reaching safepoint: 91118 ns, At safepoint: 233746 ns, Total: 324864 ns
[2020-02-27T04:37:37.913+0000][1][safepoint    ] Safepoint "RevokeBias", Time since last: 2505535941 ns, Reaching safepoint: 180718 ns, At safepoint: 19458 ns, Total: 200176 ns
[2020-02-27T04:37:40.420+0000][1][safepoint    ] Safepoint "RevokeBias", Time since last: 2507222221 ns, Reaching safepoint: 81099 ns, At safepoint: 19581 ns, Total: 100680 ns
[2020-02-27T04:37:42.926+0000][1][safepoint    ] Safepoint "RevokeBias", Time since last: 2505160704 ns, Reaching safepoint: 79300 ns, At safepoint: 18453 ns, Total: 97753 ns
[2020-02-27T04:37:45.435+0000][1][safepoint    ] Safepoint "RevokeBias", Time since last: 2508786965 ns, Reaching safepoint: 76553 ns, At safepoint: 18277 ns, Total: 94830 ns
[2020-02-27T04:37:47.945+0000][1][safepoint    ] Safepoint "RevokeBias", Time since last: 2509889933 ns, Reaching safepoint: 78280 ns, At safepoint: 18298 ns, Total: 96578 ns
[2020-02-27T04:37:49.987+0000][1][gc,start     ] GC(32) Pause Young (Allocation Failure)
[2020-02-27T04:37:49.987+0000][1][gc,task      ] GC(32) Using 1 workers of 1 for evacuation
[2020-02-27T04:37:50.053+0000][1][gc,age       ] GC(32) Desired survivor size 4358144 bytes, new threshold 6 (max threshold 6)
[2020-02-27T04:37:50.053+0000][1][gc,age       ] GC(32) Age table with threshold 6 (max threshold 6)
[2020-02-27T04:37:50.053+0000][1][gc,age       ] GC(32) - age   1:      54296 bytes,      54296 total
[2020-02-27T04:37:50.053+0000][1][gc,age       ] GC(32) - age   2:      13184 bytes,      67480 total
[2020-02-27T04:37:50.053+0000][1][gc,age       ] GC(32) - age   3:     233904 bytes,     301384 total
[2020-02-27T04:37:50.053+0000][1][gc,age       ] GC(32) - age   4:    1626400 bytes,    1927784 total
[2020-02-27T04:37:50.053+0000][1][gc,age       ] GC(32) - age   5:    2338784 bytes,    4266568 total
[2020-02-27T04:37:50.053+0000][1][gc,heap      ] GC(32) ParNew: 72367K->8292K(76672K)
[2020-02-27T04:37:50.053+0000][1][gc,heap      ] GC(32) CMS: 58146K->58146K(963392K)
[2020-02-27T04:37:50.053+0000][1][gc,metaspace ] GC(32) Metaspace: 78436K->78436K(1122304K)
[2020-02-27T04:37:50.063+0000][1][gc           ] GC(32) Pause Young (Allocation Failure) 127M->64M(1015M) 76.241ms
[2020-02-27T04:37:50.063+0000][1][gc,cpu       ] GC(32) User=0.03s Sys=0.00s Real=0.08s
[2020-02-27T04:37:50.063+0000][1][safepoint    ] Safepoint "GenCollectForAllocation", Time since last: 2042453311 ns, Reaching safepoint: 93397 ns, At safepoint: 76332327 ns, Total: 76425724 ns
[2020-02-27T04:37:50.466+0000][1][safepoint    ] Safepoint "RevokeBias", Time since last: 402629539 ns, Reaching safepoint: 56934 ns, At safepoint: 16349 ns, Total: 73283 ns
[2020-02-27T04:37:52.975+0000][1][safepoint    ] Safepoint "RevokeBias", Time since last: 2508670905 ns, Reaching safepoint: 255466 ns, At safepoint: 21115 ns, Total: 276581 ns
[2020-02-27T04:37:55.491+0000][1][safepoint    ] Safepoint "RevokeBias", Time since last: 2515260931 ns, Reaching safepoint: 138612 ns, At safepoint: 28139 ns, Total: 166751 ns
[2020-02-27T04:37:58.005+0000][1][safepoint    ] Safepoint "RevokeBias", Time since last: 2514057066 ns, Reaching safepoint: 78210 ns, At safepoint: 18425 ns, Total: 96635 ns
[2020-02-27T04:38:00.524+0000][1][safepoint    ] Safepoint "RevokeBias", Time since last: 2519625134 ns, Reaching safepoint: 77183 ns, At safepoint: 17705 ns, Total: 94888 ns
[2020-02-27T04:38:03.034+0000][1][safepoint    ] Safepoint "RevokeBias", Time since last: 2508994255 ns, Reaching safepoint: 56495 ns, At safepoint: 15973 ns, Total: 72468 ns
[2020-02-27T04:38:05.539+0000][1][safepoint    ] Safepoint "RevokeBias", Time since last: 2505549867 ns, Reaching safepoint: 57452 ns, At safepoint: 16899 ns, Total: 74351 ns
[2020-02-27T04:38:08.046+0000][1][safepoint    ] Safepoint "RevokeBias", Time since last: 2507029817 ns, Reaching safepoint: 76780 ns, At safepoint: 18159 ns, Total: 94939 ns
[2020-02-27T04:38:10.560+0000][1][safepoint    ] Safepoint "RevokeBias", Time since last: 2514009806 ns, Reaching safepoint: 78430 ns, At safepoint: 17941 ns, Total: 96371 ns
[2020-02-27T04:38:13.065+0000][1][safepoint    ] Safepoint "RevokeBias", Time since last: 2504735113 ns, Reaching safepoint: 78059 ns, At safepoint: 17677 ns, Total: 95736 ns
[2020-02-27T04:38:15.572+0000][1][safepoint    ] Safepoint "RevokeBias", Time since last: 2506949486 ns, Reaching safepoint: 77173 ns, At safepoint: 17764 ns, Total: 94937 ns
[2020-02-27T04:38:16.573+0000][1][safepoint    ] Safepoint "Cleanup", Time since last: 1000778814 ns, Reaching safepoint: 378801 ns, At safepoint: 8229 ns, Total: 387030 ns
[2020-02-27T04:38:18.088+0000][1][safepoint    ] Safepoint "RevokeBias", Time since last: 1513277513 ns, Reaching safepoint: 1431198 ns, At safepoint: 25403 ns, Total: 1456601 ns
[2020-02-27T04:38:20.089+0000][1][safepoint    ] Safepoint "Cleanup", Time since last: 2000920146 ns, Reaching safepoint: 80433 ns, At safepoint: 5774 ns, Total: 86207 ns
[2020-02-27T04:38:20.593+0000][1][safepoint    ] Safepoint "RevokeBias", Time since last: 503798441 ns, Reaching safepoint: 58782 ns, At safepoint: 17480 ns, Total: 76262 ns
[2020-02-27T04:38:23.099+0000][1][safepoint    ] Safepoint "RevokeBias", Time since last: 2505726061 ns, Reaching safepoint: 83197 ns, At safepoint: 22152 ns, Total: 105349 ns
[2020-02-27T04:38:25.607+0000][1][safepoint    ] Safepoint "RevokeBias", Time since last: 2507527382 ns, Reaching safepoint: 183324 ns, At safepoint: 37947 ns, Total: 221271 ns
[2020-02-27T04:38:28.115+0000][1][safepoint    ] Safepoint "RevokeBias", Time since last: 2507983173 ns, Reaching safepoint: 89711 ns, At safepoint: 20897 ns, Total: 110608 ns
[2020-02-27T04:38:30.624+0000][1][safepoint    ] Safepoint "RevokeBias", Time since last: 2508878105 ns, Reaching safepoint: 81295 ns, At safepoint: 18683 ns, Total: 99978 ns
[2020-02-27T04:38:33.129+0000][1][safepoint    ] Safepoint "RevokeBias", Time since last: 2504692400 ns, Reaching safepoint: 199420 ns, At safepoint: 23024 ns, Total: 222444 ns
[2020-02-27T04:38:35.130+0000][1][safepoint    ] Safepoint "Cleanup", Time since last: 2000897106 ns, Reaching safepoint: 90655 ns, At safepoint: 8590 ns, Total: 99245 ns
[2020-02-27T04:38:35.636+0000][1][safepoint    ] Safepoint "RevokeBias", Time since last: 506651285 ns, Reaching safepoint: 78941 ns, At safepoint: 19050 ns, Total: 97991 ns
[2020-02-27T04:38:38.142+0000][1][safepoint    ] Safepoint "RevokeBias", Time since last: 2505524324 ns, Reaching safepoint: 87161 ns, At safepoint: 19389 ns, Total: 106550 ns
[2020-02-27T04:38:40.652+0000][1][safepoint    ] Safepoint "RevokeBias", Time since last: 2509672621 ns, Reaching safepoint: 84944 ns, At safepoint: 18379 ns, Total: 103323 ns
[2020-02-27T04:38:43.167+0000][1][safepoint    ] Safepoint "RevokeBias", Time since last: 2514621625 ns, Reaching safepoint: 126033 ns, At safepoint: 29277 ns, Total: 155310 ns
[2020-02-27T04:38:44.171+0000][1][safepoint    ] Safepoint "Cleanup", Time since last: 1004017705 ns, Reaching safepoint: 118096 ns, At safepoint: 8806 ns, Total: 126902 ns
[2020-02-27T04:38:45.674+0000][1][safepoint    ] Safepoint "RevokeBias", Time since last: 1503578977 ns, Reaching safepoint: 138756 ns, At safepoint: 26260 ns, Total: 165016 ns
[2020-02-27T04:38:48.192+0000][1][safepoint    ] Safepoint "BulkRevokeBias", Time since last: 2517231875 ns, Reaching safepoint: 127075 ns, At safepoint: 202130 ns, Total: 329205 ns
[2020-02-27T04:38:50.193+0000][1][safepoint    ] Safepoint "Cleanup", Time since last: 2000602726 ns, Reaching safepoint: 86975 ns, At safepoint: 8019 ns, Total: 94994 ns
[2020-02-27T04:38:50.705+0000][1][safepoint    ] Safepoint "RevokeBias", Time since last: 512528810 ns, Reaching safepoint: 106092 ns, At safepoint: 26797 ns, Total: 132889 ns
[2020-02-27T04:38:53.233+0000][1][safepoint    ] Safepoint "RevokeBias", Time since last: 2528024114 ns, Reaching safepoint: 80025 ns, At safepoint: 19415 ns, Total: 99440 ns
[2020-02-27T04:38:54.234+0000][1][safepoint    ] Safepoint "Cleanup", Time since last: 1000702813 ns, Reaching safepoint: 104807 ns, At safepoint: 7484 ns, Total: 112291 ns
[2020-02-27T04:38:55.746+0000][1][safepoint    ] Safepoint "RevokeBias", Time since last: 1511645604 ns, Reaching safepoint: 59434 ns, At safepoint: 17708 ns, Total: 77142 ns
[2020-02-27T04:38:58.257+0000][1][safepoint    ] Safepoint "RevokeBias", Time since last: 2510428419 ns, Reaching safepoint: 84079 ns, At safepoint: 19188 ns, Total: 103267 ns
[2020-02-27T04:39:00.763+0000][1][safepoint    ] Safepoint "RevokeBias", Time since last: 2506525569 ns, Reaching safepoint: 79772 ns, At safepoint: 18814 ns, Total: 98586 ns
[2020-02-27T04:39:03.275+0000][1][safepoint    ] Safepoint "RevokeBias", Time since last: 2511376567 ns, Reaching safepoint: 55346 ns, At safepoint: 17210 ns, Total: 72556 ns
[2020-02-27T04:39:04.280+0000][1][safepoint    ] Safepoint "Cleanup", Time since last: 1005463910 ns, Reaching safepoint: 89518 ns, At safepoint: 7396 ns, Total: 96914 ns
[2020-02-27T04:39:05.782+0000][1][safepoint    ] Safepoint "RevokeBias", Time since last: 1501836637 ns, Reaching safepoint: 113305 ns, At safepoint: 28257 ns, Total: 141562 ns
[2020-02-27T04:39:08.292+0000][1][safepoint    ] Safepoint "RevokeBias", Time since last: 2510193051 ns, Reaching safepoint: 134288 ns, At safepoint: 19625 ns, Total: 153913 ns
[2020-02-27T04:39:10.801+0000][1][safepoint    ] Safepoint "RevokeBias", Time since last: 2508788490 ns, Reaching safepoint: 79302 ns, At safepoint: 18507 ns, Total: 97809 ns
[2020-02-27T04:39:13.306+0000][1][safepoint    ] Safepoint "RevokeBias", Time since last: 2504261897 ns, Reaching safepoint: 96518 ns, At safepoint: 18622 ns, Total: 115140 ns
[2020-02-27T04:39:15.811+0000][1][safepoint    ] Safepoint "RevokeBias", Time since last: 2504729732 ns, Reaching safepoint: 82536 ns, At safepoint: 18507 ns, Total: 101043 ns
[2020-02-27T04:39:18.323+0000][1][safepoint    ] Safepoint "RevokeBias", Time since last: 2511959056 ns, Reaching safepoint: 123707 ns, At safepoint: 53248 ns, Total: 176955 ns
[2020-02-27T04:39:20.323+0000][1][safepoint    ] Safepoint "Cleanup", Time since last: 2000531049 ns, Reaching safepoint: 86705 ns, At safepoint: 6886 ns, Total: 93591 ns
[2020-02-27T04:39:20.834+0000][1][safepoint    ] Safepoint "RevokeBias", Time since last: 510216318 ns, Reaching safepoint: 56250 ns, At safepoint: 16239 ns, Total: 72489 ns
[2020-02-27T04:39:23.344+0000][1][safepoint    ] Safepoint "RevokeBias", Time since last: 2509823235 ns, Reaching safepoint: 79775 ns, At safepoint: 18877 ns, Total: 98652 ns
[2020-02-27T04:39:24.345+0000][1][safepoint    ] Safepoint "Cleanup", Time since last: 1000998301 ns, Reaching safepoint: 111788 ns, At safepoint: 7704 ns, Total: 119492 ns
[2020-02-27T04:39:25.858+0000][1][safepoint    ] Safepoint "RevokeBias", Time since last: 1512986614 ns, Reaching safepoint: 81402 ns, At safepoint: 19110 ns, Total: 100512 ns
[2020-02-27T04:39:28.373+0000][1][safepoint    ] Safepoint "RevokeBias", Time since last: 2515043007 ns, Reaching safepoint: 155654 ns, At safepoint: 24294 ns, Total: 179948 ns
[2020-02-27T04:39:30.881+0000][1][safepoint    ] Safepoint "RevokeBias", Time since last: 2507570981 ns, Reaching safepoint: 79506 ns, At safepoint: 19284 ns, Total: 98790 ns
[2020-02-27T04:39:33.385+0000][1][safepoint    ] Safepoint "RevokeBias", Time since last: 2504586203 ns, Reaching safepoint: 85503 ns, At safepoint: 19866 ns, Total: 105369 ns
[2020-02-27T04:39:35.890+0000][1][safepoint    ] Safepoint "RevokeBias", Time since last: 2504932702 ns, Reaching safepoint: 78592 ns, At safepoint: 18751 ns, Total: 97343 ns
[2020-02-27T04:39:38.398+0000][1][safepoint    ] Safepoint "RevokeBias", Time since last: 2507832982 ns, Reaching safepoint: 79878 ns, At safepoint: 19563 ns, Total: 99441 ns
[2020-02-27T04:39:40.905+0000][1][safepoint    ] Safepoint "RevokeBias", Time since last: 2506525995 ns, Reaching safepoint: 56937 ns, At safepoint: 17063 ns, Total: 74000 ns
[2020-02-27T04:39:43.410+0000][1][safepoint    ] Safepoint "RevokeBias", Time since last: 2504584228 ns, Reaching safepoint: 80682 ns, At safepoint: 18829 ns, Total: 99511 ns
[2020-02-27T04:39:45.917+0000][1][safepoint    ] Safepoint "RevokeBias", Time since last: 2507682801 ns, Reaching safepoint: 76529 ns, At safepoint: 17423 ns, Total: 93952 ns
[2020-02-27T04:39:48.423+0000][1][safepoint    ] Safepoint "RevokeBias", Time since last: 2505431862 ns, Reaching safepoint: 80142 ns, At safepoint: 19667 ns, Total: 99809 ns
[2020-02-27T04:39:50.424+0000][1][safepoint    ] Safepoint "Cleanup", Time since last: 2000621643 ns, Reaching safepoint: 108519 ns, At safepoint: 7822 ns, Total: 116341 ns
[2020-02-27T04:39:50.932+0000][1][safepoint    ] Safepoint "RevokeBias", Time since last: 507822700 ns, Reaching safepoint: 61401 ns, At safepoint: 17521 ns, Total: 78922 ns
[2020-02-27T04:39:53.436+0000][1][safepoint    ] Safepoint "RevokeBias", Time since last: 2504431728 ns, Reaching safepoint: 202058 ns, At safepoint: 23255 ns, Total: 225313 ns
[2020-02-27T04:39:55.944+0000][1][safepoint    ] Safepoint "RevokeBias", Time since last: 2507894357 ns, Reaching safepoint: 99279 ns, At safepoint: 18829 ns, Total: 118108 ns
[2020-02-27T04:39:57.946+0000][1][safepoint    ] Safepoint "Cleanup", Time since last: 2001807526 ns, Reaching safepoint: 93646 ns, At safepoint: 8282 ns, Total: 101928 ns
[2020-02-27T04:39:58.460+0000][1][safepoint    ] Safepoint "RevokeBias", Time since last: 514207440 ns, Reaching safepoint: 85204 ns, At safepoint: 19687 ns, Total: 104891 ns
[2020-02-27T04:40:00.970+0000][1][safepoint    ] Safepoint "BulkRevokeBias", Time since last: 2509510359 ns, Reaching safepoint: 84846 ns, At safepoint: 204852 ns, Total: 289698 ns
[2020-02-27T04:40:03.490+0000][1][safepoint    ] Safepoint "RevokeBias", Time since last: 2519463761 ns, Reaching safepoint: 101316 ns, At safepoint: 24464 ns, Total: 125780 ns
[2020-02-27T04:40:04.491+0000][1][safepoint    ] Safepoint "Cleanup", Time since last: 1000586825 ns, Reaching safepoint: 106182 ns, At safepoint: 7120 ns, Total: 113302 ns
[2020-02-27T04:40:05.998+0000][1][safepoint    ] Safepoint "RevokeBias", Time since last: 1507218856 ns, Reaching safepoint: 152997 ns, At safepoint: 20906 ns, Total: 173903 ns
[2020-02-27T04:40:08.517+0000][1][gc,start     ] GC(33) Pause Young (Allocation Failure)
[2020-02-27T04:40:08.517+0000][1][gc,task      ] GC(33) Using 1 workers of 1 for evacuation
[2020-02-27T04:40:08.574+0000][1][gc,age       ] GC(33) Desired survivor size 4358144 bytes, new threshold 6 (max threshold 6)
[2020-02-27T04:40:08.574+0000][1][gc,age       ] GC(33) Age table with threshold 6 (max threshold 6)
[2020-02-27T04:40:08.574+0000][1][gc,age       ] GC(33) - age   1:      21880 bytes,      21880 total
[2020-02-27T04:40:08.574+0000][1][gc,age       ] GC(33) - age   2:      39048 bytes,      60928 total
[2020-02-27T04:40:08.574+0000][1][gc,age       ] GC(33) - age   3:      13184 bytes,      74112 total
[2020-02-27T04:40:08.574+0000][1][gc,age       ] GC(33) - age   4:     233904 bytes,     308016 total
[2020-02-27T04:40:08.575+0000][1][gc,age       ] GC(33) - age   5:    1626400 bytes,    1934416 total
[2020-02-27T04:40:08.575+0000][1][gc,age       ] GC(33) - age   6:    2338784 bytes,    4273200 total
[2020-02-27T04:40:08.575+0000][1][gc,heap      ] GC(33) ParNew: 76452K->5198K(76672K)
[2020-02-27T04:40:08.575+0000][1][gc,heap      ] GC(33) CMS: 58146K->58146K(963392K)
[2020-02-27T04:40:08.575+0000][1][gc,metaspace ] GC(33) Metaspace: 78592K->78592K(1122304K)
[2020-02-27T04:40:08.575+0000][1][gc           ] GC(33) Pause Young (Allocation Failure) 131M->61M(1015M) 57.720ms
[2020-02-27T04:40:08.575+0000][1][gc,cpu       ] GC(33) User=0.03s Sys=0.00s Real=0.06s
[2020-02-27T04:40:08.575+0000][1][safepoint    ] Safepoint "GenCollectForAllocation", Time since last: 2518752125 ns, Reaching safepoint: 215081 ns, At safepoint: 57791148 ns, Total: 58006229 ns
[2020-02-27T04:40:08.576+0000][1][safepoint    ] Safepoint "RevokeBias", Time since last: 1634243 ns, Reaching safepoint: 80816 ns, At safepoint: 18819 ns, Total: 99635 ns
[2020-02-27T04:40:11.085+0000][1][safepoint    ] Safepoint "RevokeBias", Time since last: 2508093905 ns, Reaching safepoint: 120290 ns, At safepoint: 24730 ns, Total: 145020 ns
[2020-02-27T04:40:13.638+0000][1][safepoint    ] Safepoint "RevokeBias", Time since last: 2516270981 ns, Reaching safepoint: 37430475 ns, At safepoint: 26905 ns, Total: 37457380 ns
[2020-02-27T04:40:14.642+0000][1][safepoint    ] Safepoint "Cleanup", Time since last: 1003496894 ns, Reaching safepoint: 125171 ns, At safepoint: 9557 ns, Total: 134728 ns
[2020-02-27T04:40:16.112+0000][1][safepoint    ] Safepoint "RevokeBias", Time since last: 1470270284 ns, Reaching safepoint: 82804 ns, At safepoint: 20757 ns, Total: 103561 ns
[2020-02-27T04:40:18.623+0000][1][safepoint    ] Safepoint "RevokeBias", Time since last: 2510242093 ns, Reaching safepoint: 79560 ns, At safepoint: 18214 ns, Total: 97774 ns
[2020-02-27T04:40:20.627+0000][1][safepoint    ] Safepoint "Cleanup", Time since last: 2004263678 ns, Reaching safepoint: 117486 ns, At safepoint: 8582 ns, Total: 126068 ns
[2020-02-27T04:40:21.131+0000][1][safepoint    ] Safepoint "RevokeBias", Time since last: 503493550 ns, Reaching safepoint: 90435 ns, At safepoint: 22711 ns, Total: 113146 ns
[2020-02-27T04:40:23.636+0000][1][safepoint    ] Safepoint "RevokeBias", Time since last: 2505002430 ns, Reaching safepoint: 95387 ns, At safepoint: 24523 ns, Total: 119910 ns
[2020-02-27T04:40:24.642+0000][1][safepoint    ] Safepoint "Cleanup", Time since last: 1006372873 ns, Reaching safepoint: 110527 ns, At safepoint: 7435 ns, Total: 117962 ns
[2020-02-27T04:40:26.144+0000][1][safepoint    ] Safepoint "RevokeBias", Time since last: 1502097287 ns, Reaching safepoint: 61581 ns, At safepoint: 16490 ns, Total: 78071 ns
[2020-02-27T04:40:28.651+0000][1][safepoint    ] Safepoint "RevokeBias", Time since last: 2506384129 ns, Reaching safepoint: 81825 ns, At safepoint: 18926 ns, Total: 100751 ns
[2020-02-27T04:40:31.162+0000][1][safepoint    ] Safepoint "RevokeBias", Time since last: 2511157584 ns, Reaching safepoint: 80026 ns, At safepoint: 18038 ns, Total: 98064 ns
[2020-02-27T04:40:33.668+0000][1][safepoint    ] Safepoint "RevokeBias", Time since last: 2505262147 ns, Reaching safepoint: 80845 ns, At safepoint: 18579 ns, Total: 99424 ns
[2020-02-27T04:40:36.173+0000][1][safepoint    ] Safepoint "RevokeBias", Time since last: 2505137539 ns, Reaching safepoint: 82186 ns, At safepoint: 18327 ns, Total: 100513 ns
[2020-02-27T04:40:38.683+0000][1][safepoint    ] Safepoint "RevokeBias", Time since last: 2509000677 ns, Reaching safepoint: 1349694 ns, At safepoint: 28019 ns, Total: 1377713 ns
[2020-02-27T04:40:41.190+0000][1][safepoint    ] Safepoint "RevokeBias", Time since last: 2506443500 ns, Reaching safepoint: 94015 ns, At safepoint: 19671 ns, Total: 113686 ns
[2020-02-27T04:40:43.695+0000][1][safepoint    ] Safepoint "RevokeBias", Time since last: 2505265169 ns, Reaching safepoint: 80678 ns, At safepoint: 18849 ns, Total: 99527 ns
[2020-02-27T04:40:44.696+0000][1][safepoint    ] Safepoint "Cleanup", Time since last: 1000445048 ns, Reaching safepoint: 113007 ns, At safepoint: 7691 ns, Total: 120698 ns
[2020-02-27T04:40:46.229+0000][1][safepoint    ] Safepoint "RevokeBias", Time since last: 1533173686 ns, Reaching safepoint: 103156 ns, At safepoint: 18561 ns, Total: 121717 ns
[2020-02-27T04:40:48.230+0000][1][safepoint    ] Safepoint "Cleanup", Time since last: 2000805967 ns, Reaching safepoint: 230087 ns, At safepoint: 30471 ns, Total: 260558 ns
[2020-02-27T04:40:48.738+0000][1][safepoint    ] Safepoint "RevokeBias", Time since last: 508078464 ns, Reaching safepoint: 172142 ns, At safepoint: 21489 ns, Total: 193631 ns
[2020-02-27T04:40:50.741+0000][1][safepoint    ] Safepoint "Cleanup", Time since last: 2002114115 ns, Reaching safepoint: 235000 ns, At safepoint: 32916 ns, Total: 267916 ns
[2020-02-27T04:40:51.261+0000][1][safepoint    ] Safepoint "RevokeBias", Time since last: 520263559 ns, Reaching safepoint: 61648 ns, At safepoint: 19342 ns, Total: 80990 ns
[2020-02-27T04:40:53.627+0000][1][safepoint    ] Safepoint "RevokeBias", Time since last: 2366280310 ns, Reaching safepoint: 118341 ns, At safepoint: 16298 ns, Total: 134639 ns
[2020-02-27T04:40:53.628+0000][1][safepoint    ] Safepoint "RevokeBias", Time since last: 162580 ns, Reaching safepoint: 82400 ns, At safepoint: 21667 ns, Total: 104067 ns
[2020-02-27T04:40:53.772+0000][1][safepoint    ] Safepoint "RevokeBias", Time since last: 144266354 ns, Reaching safepoint: 56130 ns, At safepoint: 16398 ns, Total: 72528 ns
[2020-02-27T04:40:56.296+0000][1][safepoint    ] Safepoint "RevokeBias", Time since last: 2523690554 ns, Reaching safepoint: 83034 ns, At safepoint: 17462 ns, Total: 100496 ns
[2020-02-27T04:40:58.810+0000][1][safepoint    ] Safepoint "RevokeBias", Time since last: 2514355103 ns, Reaching safepoint: 83678 ns, At safepoint: 18891 ns, Total: 102569 ns
[2020-02-27T04:41:01.335+0000][1][safepoint    ] Safepoint "RevokeBias", Time since last: 2524470362 ns, Reaching safepoint: 119882 ns, At safepoint: 21960 ns, Total: 141842 ns
[2020-02-27T04:41:03.847+0000][1][safepoint    ] Safepoint "RevokeBias", Time since last: 2511483974 ns, Reaching safepoint: 81383 ns, At safepoint: 19375 ns, Total: 100758 ns
[2020-02-27T04:41:06.351+0000][1][safepoint    ] Safepoint "RevokeBias", Time since last: 2504585462 ns, Reaching safepoint: 79741 ns, At safepoint: 18587 ns, Total: 98328 ns
[2020-02-27T04:41:08.857+0000][1][safepoint    ] Safepoint "RevokeBias", Time since last: 2505787843 ns, Reaching safepoint: 96268 ns, At safepoint: 18968 ns, Total: 115236 ns
[2020-02-27T04:41:11.366+0000][1][safepoint    ] Safepoint "RevokeBias", Time since last: 2508599891 ns, Reaching safepoint: 271678 ns, At safepoint: 27311 ns, Total: 298989 ns
[2020-02-27T04:41:13.870+0000][1][safepoint    ] Safepoint "BulkRevokeBias", Time since last: 2503621657 ns, Reaching safepoint: 99101 ns, At safepoint: 298961 ns, Total: 398062 ns
[2020-02-27T04:41:16.376+0000][1][safepoint    ] Safepoint "RevokeBias", Time since last: 2505580130 ns, Reaching safepoint: 77846 ns, At safepoint: 23696 ns, Total: 101542 ns
[2020-02-27T04:41:18.883+0000][1][safepoint    ] Safepoint "RevokeBias", Time since last: 2507706180 ns, Reaching safepoint: 63233 ns, At safepoint: 16108 ns, Total: 79341 ns
[2020-02-27T04:41:21.389+0000][1][safepoint    ] Safepoint "RevokeBias", Time since last: 2505785035 ns, Reaching safepoint: 93784 ns, At safepoint: 18425 ns, Total: 112209 ns
[2020-02-27T04:41:23.395+0000][1][safepoint    ] Safepoint "Cleanup", Time since last: 2005829069 ns, Reaching safepoint: 95713 ns, At safepoint: 12359 ns, Total: 108072 ns
[2020-02-27T04:41:23.897+0000][1][safepoint    ] Safepoint "RevokeBias", Time since last: 501169866 ns, Reaching safepoint: 81413 ns, At safepoint: 19926 ns, Total: 101339 ns
[2020-02-27T04:41:26.409+0000][1][safepoint    ] Safepoint "RevokeBias", Time since last: 2511867727 ns, Reaching safepoint: 179812 ns, At safepoint: 30362 ns, Total: 210174 ns
[2020-02-27T04:41:28.922+0000][1][safepoint    ] Safepoint "RevokeBias", Time since last: 2512978479 ns, Reaching safepoint: 57221 ns, At safepoint: 16422 ns, Total: 73643 ns
[2020-02-27T04:41:31.437+0000][1][safepoint    ] Safepoint "RevokeBias", Time since last: 2515605342 ns, Reaching safepoint: 79891 ns, At safepoint: 19462 ns, Total: 99353 ns
[2020-02-27T04:41:33.952+0000][1][safepoint    ] Safepoint "RevokeBias", Time since last: 2514063450 ns, Reaching safepoint: 80279 ns, At safepoint: 18969 ns, Total: 99248 ns
[2020-02-27T04:41:34.952+0000][1][safepoint    ] Safepoint "Cleanup", Time since last: 1000327636 ns, Reaching safepoint: 95504 ns, At safepoint: 8780 ns, Total: 104284 ns
[2020-02-27T04:41:36.458+0000][1][safepoint    ] Safepoint "RevokeBias", Time since last: 1505620847 ns, Reaching safepoint: 89325 ns, At safepoint: 19851 ns, Total: 109176 ns
[2020-02-27T04:41:38.979+0000][1][safepoint    ] Safepoint "RevokeBias", Time since last: 2521263225 ns, Reaching safepoint: 159419 ns, At safepoint: 20852 ns, Total: 180271 ns
[2020-02-27T04:41:41.489+0000][1][safepoint    ] Safepoint "RevokeBias", Time since last: 2510010487 ns, Reaching safepoint: 105922 ns, At safepoint: 23078 ns, Total: 129000 ns
[2020-02-27T04:41:43.996+0000][1][safepoint    ] Safepoint "RevokeBias", Time since last: 2506029299 ns, Reaching safepoint: 98341 ns, At safepoint: 39227 ns, Total: 137568 ns
[2020-02-27T04:41:46.500+0000][1][safepoint    ] Safepoint "RevokeBias", Time since last: 2504869459 ns, Reaching safepoint: 76457 ns, At safepoint: 18850 ns, Total: 95307 ns
[2020-02-27T04:41:49.018+0000][1][safepoint    ] Safepoint "RevokeBias", Time since last: 2517096370 ns, Reaching safepoint: 59586 ns, At safepoint: 17656 ns, Total: 77242 ns
[2020-02-27T04:41:51.028+0000][1][safepoint    ] Safepoint "Cleanup", Time since last: 2010267721 ns, Reaching safepoint: 144345 ns, At safepoint: 7024 ns, Total: 151369 ns
[2020-02-27T04:41:51.526+0000][1][safepoint    ] Safepoint "RevokeBias", Time since last: 497562487 ns, Reaching safepoint: 131275 ns, At safepoint: 30578 ns, Total: 161853 ns
[2020-02-27T04:41:54.034+0000][1][safepoint    ] Safepoint "RevokeBias", Time since last: 2507738097 ns, Reaching safepoint: 76729 ns, At safepoint: 16938 ns, Total: 93667 ns
[2020-02-27T04:41:56.541+0000][1][safepoint    ] Safepoint "RevokeBias", Time since last: 2506868737 ns, Reaching safepoint: 76036 ns, At safepoint: 19554 ns, Total: 95590 ns
[2020-02-27T04:41:59.047+0000][1][safepoint    ] Safepoint "RevokeBias", Time since last: 2506717892 ns, Reaching safepoint: 76268 ns, At safepoint: 18728 ns, Total: 94996 ns
[2020-02-27T04:42:01.555+0000][1][safepoint    ] Safepoint "RevokeBias", Time since last: 2507628531 ns, Reaching safepoint: 76088 ns, At safepoint: 94076 ns, Total: 170164 ns
[2020-02-27T04:42:04.064+0000][1][safepoint    ] Safepoint "RevokeBias", Time since last: 2508552972 ns, Reaching safepoint: 542615 ns, At safepoint: 27659 ns, Total: 570274 ns
[2020-02-27T04:42:06.576+0000][1][safepoint    ] Safepoint "RevokeBias", Time since last: 2511103734 ns, Reaching safepoint: 86398 ns, At safepoint: 22178 ns, Total: 108576 ns
[2020-02-27T04:42:09.085+0000][1][safepoint    ] Safepoint "RevokeBias", Time since last: 2508936279 ns, Reaching safepoint: 163796 ns, At safepoint: 20333 ns, Total: 184129 ns
[2020-02-27T04:42:11.613+0000][1][safepoint    ] Safepoint "RevokeBias", Time since last: 2527976925 ns, Reaching safepoint: 106933 ns, At safepoint: 19914 ns, Total: 126847 ns
[2020-02-27T04:42:14.122+0000][1][safepoint    ] Safepoint "RevokeBias", Time since last: 2508925488 ns, Reaching safepoint: 77649 ns, At safepoint: 18735 ns, Total: 96384 ns
[2020-02-27T04:42:15.122+0000][1][safepoint    ] Safepoint "Cleanup", Time since last: 1000567141 ns, Reaching safepoint: 120629 ns, At safepoint: 9446 ns, Total: 130075 ns
[2020-02-27T04:42:16.645+0000][1][safepoint    ] Safepoint "RevokeBias", Time since last: 1522398234 ns, Reaching safepoint: 114894 ns, At safepoint: 23005 ns, Total: 137899 ns
[2020-02-27T04:42:19.158+0000][1][safepoint    ] Safepoint "RevokeBias", Time since last: 2513000061 ns, Reaching safepoint: 101242 ns, At safepoint: 38568 ns, Total: 139810 ns
[2020-02-27T04:42:20.159+0000][1][safepoint    ] Safepoint "Cleanup", Time since last: 1000521628 ns, Reaching safepoint: 101594 ns, At safepoint: 10144 ns, Total: 111738 ns
[2020-02-27T04:42:21.677+0000][1][safepoint    ] Safepoint "RevokeBias", Time since last: 1518558558 ns, Reaching safepoint: 95813 ns, At safepoint: 30148 ns, Total: 125961 ns
[2020-02-27T04:42:23.832+0000][1][gc,start     ] GC(34) Pause Young (Allocation Failure)
[2020-02-27T04:42:23.832+0000][1][gc,task      ] GC(34) Using 1 workers of 1 for evacuation
[2020-02-27T04:42:24.049+0000][1][gc,age       ] GC(34) Desired survivor size 4358144 bytes, new threshold 6 (max threshold 6)
[2020-02-27T04:42:24.050+0000][1][gc,age       ] GC(34) Age table with threshold 6 (max threshold 6)
[2020-02-27T04:42:24.050+0000][1][gc,age       ] GC(34) - age   1:      14368 bytes,      14368 total
[2020-02-27T04:42:24.050+0000][1][gc,age       ] GC(34) - age   2:       2752 bytes,      17120 total
[2020-02-27T04:42:24.050+0000][1][gc,age       ] GC(34) - age   3:      38952 bytes,      56072 total
[2020-02-27T04:42:24.050+0000][1][gc,age       ] GC(34) - age   4:      13184 bytes,      69256 total
[2020-02-27T04:42:24.050+0000][1][gc,age       ] GC(34) - age   5:     233904 bytes,     303160 total
[2020-02-27T04:42:24.050+0000][1][gc,age       ] GC(34) - age   6:    1626264 bytes,    1929424 total
[2020-02-27T04:42:24.050+0000][1][gc,heap      ] GC(34) ParNew: 73358K->3779K(76672K)
[2020-02-27T04:42:24.050+0000][1][gc,heap      ] GC(34) CMS: 58146K->60491K(963392K)
[2020-02-27T04:42:24.050+0000][1][gc,metaspace ] GC(34) Metaspace: 78708K->78708K(1122304K)
[2020-02-27T04:42:24.050+0000][1][gc           ] GC(34) Pause Young (Allocation Failure) 128M->62M(1015M) 217.476ms
[2020-02-27T04:42:24.050+0000][1][gc,cpu       ] GC(34) User=0.04s Sys=0.03s Real=0.21s
[2020-02-27T04:42:24.050+0000][1][safepoint    ] Safepoint "GenCollectForAllocation", Time since last: 2154814599 ns, Reaching safepoint: 87527 ns, At safepoint: 217567495 ns, Total: 217655022 ns
[2020-02-27T04:42:24.188+0000][1][safepoint    ] Safepoint "RevokeBias", Time since last: 137899598 ns, Reaching safepoint: 84951 ns, At safepoint: 20522 ns, Total: 105473 ns
[2020-02-27T04:42:26.696+0000][1][safepoint    ] Safepoint "BulkRevokeBias", Time since last: 2507678745 ns, Reaching safepoint: 242052 ns, At safepoint: 261366 ns, Total: 503418 ns
[2020-02-27T04:42:29.206+0000][1][safepoint    ] Safepoint "RevokeBias", Time since last: 2509598623 ns, Reaching safepoint: 67389 ns, At safepoint: 16648 ns, Total: 84037 ns
[2020-02-27T04:42:31.718+0000][1][safepoint    ] Safepoint "RevokeBias", Time since last: 2511953026 ns, Reaching safepoint: 133689 ns, At safepoint: 20444 ns, Total: 154133 ns
[2020-02-27T04:42:34.223+0000][1][safepoint    ] Safepoint "RevokeBias", Time since last: 2504649593 ns, Reaching safepoint: 82203 ns, At safepoint: 87408 ns, Total: 169611 ns
[2020-02-27T04:42:36.734+0000][1][safepoint    ] Safepoint "RevokeBias", Time since last: 2510666692 ns, Reaching safepoint: 90536 ns, At safepoint: 21450 ns, Total: 111986 ns
[2020-02-27T04:42:39.245+0000][1][safepoint    ] Safepoint "RevokeBias", Time since last: 2511333985 ns, Reaching safepoint: 75597 ns, At safepoint: 18159 ns, Total: 93756 ns
[2020-02-27T04:42:41.755+0000][1][safepoint    ] Safepoint "RevokeBias", Time since last: 2510066096 ns, Reaching safepoint: 81582 ns, At safepoint: 18316 ns, Total: 99898 ns
[2020-02-27T04:42:44.260+0000][1][safepoint    ] Safepoint "RevokeBias", Time since last: 2505207716 ns, Reaching safepoint: 77405 ns, At safepoint: 18428 ns, Total: 95833 ns
[2020-02-27T04:42:46.766+0000][1][safepoint    ] Safepoint "RevokeBias", Time since last: 2505612028 ns, Reaching safepoint: 77515 ns, At safepoint: 18919 ns, Total: 96434 ns
[2020-02-27T04:42:49.274+0000][1][safepoint    ] Safepoint "RevokeBias", Time since last: 2507734602 ns, Reaching safepoint: 83156 ns, At safepoint: 20084 ns, Total: 103240 ns
[2020-02-27T04:42:50.274+0000][1][safepoint    ] Safepoint "Cleanup", Time since last: 1000298883 ns, Reaching safepoint: 139333 ns, At safepoint: 10360 ns, Total: 149693 ns
[2020-02-27T04:42:51.784+0000][1][safepoint    ] Safepoint "RevokeBias", Time since last: 1509225258 ns, Reaching safepoint: 93163 ns, At safepoint: 20795 ns, Total: 113958 ns
[2020-02-27T04:42:54.297+0000][1][safepoint    ] Safepoint "RevokeBias", Time since last: 2513307160 ns, Reaching safepoint: 74578 ns, At safepoint: 19431 ns, Total: 94009 ns
[2020-02-27T04:42:55.298+0000][1][safepoint    ] Safepoint "Cleanup", Time since last: 1000753401 ns, Reaching safepoint: 81044 ns, At safepoint: 7325 ns, Total: 88369 ns
[2020-02-27T04:42:56.812+0000][1][safepoint    ] Safepoint "RevokeBias", Time since last: 1514102748 ns, Reaching safepoint: 78662 ns, At safepoint: 19377 ns, Total: 98039 ns
[2020-02-27T04:42:59.339+0000][1][safepoint    ] Safepoint "RevokeBias", Time since last: 2526742728 ns, Reaching safepoint: 56646 ns, At safepoint: 17186 ns, Total: 73832 ns
[2020-02-27T04:43:01.340+0000][1][safepoint    ] Safepoint "Cleanup", Time since last: 2001096414 ns, Reaching safepoint: 81943 ns, At safepoint: 6014 ns, Total: 87957 ns
[2020-02-27T04:43:01.861+0000][1][safepoint    ] Safepoint "RevokeBias", Time since last: 520940567 ns, Reaching safepoint: 56998 ns, At safepoint: 17385 ns, Total: 74383 ns
[2020-02-27T04:43:04.386+0000][1][safepoint    ] Safepoint "RevokeBias", Time since last: 2524656644 ns, Reaching safepoint: 125953 ns, At safepoint: 21352 ns, Total: 147305 ns
[2020-02-27T04:43:06.893+0000][1][safepoint    ] Safepoint "RevokeBias", Time since last: 2506405539 ns, Reaching safepoint: 128351 ns, At safepoint: 34645 ns, Total: 162996 ns
[2020-02-27T04:43:09.400+0000][1][safepoint    ] Safepoint "RevokeBias", Time since last: 2507079121 ns, Reaching safepoint: 149868 ns, At safepoint: 20581 ns, Total: 170449 ns
[2020-02-27T04:43:11.909+0000][1][safepoint    ] Safepoint "RevokeBias", Time since last: 2508918918 ns, Reaching safepoint: 85654 ns, At safepoint: 19673 ns, Total: 105327 ns
[2020-02-27T04:43:14.421+0000][1][safepoint    ] Safepoint "RevokeBias", Time since last: 2510603675 ns, Reaching safepoint: 1415069 ns, At safepoint: 26687 ns, Total: 1441756 ns
[2020-02-27T04:43:16.927+0000][1][safepoint    ] Safepoint "RevokeBias", Time since last: 2505503182 ns, Reaching safepoint: 137246 ns, At safepoint: 19621 ns, Total: 156867 ns
[2020-02-27T04:43:19.432+0000][1][safepoint    ] Safepoint "RevokeBias", Time since last: 2505350402 ns, Reaching safepoint: 80680 ns, At safepoint: 19848 ns, Total: 100528 ns
[2020-02-27T04:43:20.435+0000][1][safepoint    ] Safepoint "Cleanup", Time since last: 1003242046 ns, Reaching safepoint: 128065 ns, At safepoint: 8053 ns, Total: 136118 ns
[2020-02-27T04:43:21.938+0000][1][safepoint    ] Safepoint "RevokeBias", Time since last: 1502029022 ns, Reaching safepoint: 75846 ns, At safepoint: 18626 ns, Total: 94472 ns
[2020-02-27T04:43:24.443+0000][1][safepoint    ] Safepoint "RevokeBias", Time since last: 2505258867 ns, Reaching safepoint: 56109 ns, At safepoint: 16748 ns, Total: 72857 ns
[2020-02-27T04:43:26.950+0000][1][safepoint    ] Safepoint "RevokeBias", Time since last: 2507067924 ns, Reaching safepoint: 80284 ns, At safepoint: 18767 ns, Total: 99051 ns
[2020-02-27T04:43:29.456+0000][1][safepoint    ] Safepoint "RevokeBias", Time since last: 2506331115 ns, Reaching safepoint: 57173 ns, At safepoint: 17194 ns, Total: 74367 ns
[2020-02-27T04:43:31.973+0000][1][safepoint    ] Safepoint "RevokeBias", Time since last: 2516315704 ns, Reaching safepoint: 99137 ns, At safepoint: 27075 ns, Total: 126212 ns
[2020-02-27T04:43:34.481+0000][1][safepoint    ] Safepoint "RevokeBias", Time since last: 2507726197 ns, Reaching safepoint: 100731 ns, At safepoint: 20789 ns, Total: 121520 ns
[2020-02-27T04:43:36.996+0000][1][safepoint    ] Safepoint "RevokeBias", Time since last: 2514713172 ns, Reaching safepoint: 80218 ns, At safepoint: 19942 ns, Total: 100160 ns
[2020-02-27T04:43:39.510+0000][1][safepoint    ] Safepoint "BulkRevokeBias", Time since last: 2514370684 ns, Reaching safepoint: 85052 ns, At safepoint: 271133 ns, Total: 356185 ns
[2020-02-27T04:43:42.034+0000][1][safepoint    ] Safepoint "RevokeBias", Time since last: 2523825142 ns, Reaching safepoint: 78112 ns, At safepoint: 18846 ns, Total: 96958 ns
[2020-02-27T04:43:44.555+0000][1][safepoint    ] Safepoint "RevokeBias", Time since last: 2520231292 ns, Reaching safepoint: 124235 ns, At safepoint: 29167 ns, Total: 153402 ns
[2020-02-27T04:43:47.082+0000][1][safepoint    ] Safepoint "RevokeBias", Time since last: 2527050150 ns, Reaching safepoint: 62969 ns, At safepoint: 17299 ns, Total: 80268 ns
[2020-02-27T04:43:49.591+0000][1][safepoint    ] Safepoint "RevokeBias", Time since last: 2509091218 ns, Reaching safepoint: 99362 ns, At safepoint: 25458 ns, Total: 124820 ns
[2020-02-27T04:43:52.098+0000][1][safepoint    ] Safepoint "RevokeBias", Time since last: 2507372629 ns, Reaching safepoint: 80519 ns, At safepoint: 18184 ns, Total: 98703 ns
[2020-02-27T04:43:54.603+0000][1][safepoint    ] Safepoint "RevokeBias", Time since last: 2504437847 ns, Reaching safepoint: 78724 ns, At safepoint: 17704 ns, Total: 96428 ns
[2020-02-27T04:43:57.116+0000][1][safepoint    ] Safepoint "RevokeBias", Time since last: 2513076051 ns, Reaching safepoint: 98790 ns, At safepoint: 25691 ns, Total: 124481 ns
[2020-02-27T04:43:59.732+0000][1][safepoint    ] Safepoint "RevokeBias", Time since last: 2616070257 ns, Reaching safepoint: 77438 ns, At safepoint: 16940 ns, Total: 94378 ns
[2020-02-27T04:44:02.238+0000][1][safepoint    ] Safepoint "RevokeBias", Time since last: 2505187201 ns, Reaching safepoint: 77844 ns, At safepoint: 17882 ns, Total: 95726 ns
[2020-02-27T04:44:04.743+0000][1][safepoint    ] Safepoint "RevokeBias", Time since last: 2505331969 ns, Reaching safepoint: 100127 ns, At safepoint: 18513 ns, Total: 118640 ns
[2020-02-27T04:44:07.248+0000][1][safepoint    ] Safepoint "RevokeBias", Time since last: 2504665233 ns, Reaching safepoint: 83439 ns, At safepoint: 18839 ns, Total: 102278 ns
[2020-02-27T04:44:09.252+0000][1][safepoint    ] Safepoint "Cleanup", Time since last: 2004336708 ns, Reaching safepoint: 84492 ns, At safepoint: 6383 ns, Total: 90875 ns
[2020-02-27T04:44:09.753+0000][1][safepoint    ] Safepoint "RevokeBias", Time since last: 501128095 ns, Reaching safepoint: 121985 ns, At safepoint: 21493 ns, Total: 143478 ns
[2020-02-27T04:44:12.259+0000][1][safepoint    ] Safepoint "RevokeBias", Time since last: 2505905999 ns, Reaching safepoint: 105834 ns, At safepoint: 20283 ns, Total: 126117 ns
[2020-02-27T04:44:14.763+0000][1][safepoint    ] Safepoint "RevokeBias", Time since last: 2503798753 ns, Reaching safepoint: 87057 ns, At safepoint: 20918 ns, Total: 107975 ns
[2020-02-27T04:44:17.272+0000][1][safepoint    ] Safepoint "RevokeBias", Time since last: 2508019509 ns, Reaching safepoint: 126002 ns, At safepoint: 33882 ns, Total: 159884 ns
[2020-02-27T04:44:19.783+0000][1][safepoint    ] Safepoint "RevokeBias", Time since last: 2510927749 ns, Reaching safepoint: 55655 ns, At safepoint: 16690 ns, Total: 72345 ns
[2020-02-27T04:44:22.298+0000][1][safepoint    ] Safepoint "RevokeBias", Time since last: 2515420662 ns, Reaching safepoint: 83234 ns, At safepoint: 38105 ns, Total: 121339 ns
[2020-02-27T04:44:24.814+0000][1][safepoint    ] Safepoint "RevokeBias", Time since last: 2515722157 ns, Reaching safepoint: 193862 ns, At safepoint: 21626 ns, Total: 215488 ns
[2020-02-27T04:44:27.328+0000][1][safepoint    ] Safepoint "RevokeBias", Time since last: 2514117192 ns, Reaching safepoint: 78683 ns, At safepoint: 18534 ns, Total: 97217 ns
[2020-02-27T04:44:29.843+0000][1][safepoint    ] Safepoint "RevokeBias", Time since last: 2514363403 ns, Reaching safepoint: 66506 ns, At safepoint: 17379 ns, Total: 83885 ns
[2020-02-27T04:44:32.355+0000][1][safepoint    ] Safepoint "RevokeBias", Time since last: 2511907256 ns, Reaching safepoint: 56578 ns, At safepoint: 16561 ns, Total: 73139 ns
[2020-02-27T04:44:34.861+0000][1][safepoint    ] Safepoint "RevokeBias", Time since last: 2505995625 ns, Reaching safepoint: 294949 ns, At safepoint: 60980 ns, Total: 355929 ns
[2020-02-27T04:44:37.366+0000][1][safepoint    ] Safepoint "RevokeBias", Time since last: 2504538640 ns, Reaching safepoint: 80292 ns, At safepoint: 18762 ns, Total: 99054 ns
[2020-02-27T04:44:39.873+0000][1][safepoint    ] Safepoint "RevokeBias", Time since last: 2507538886 ns, Reaching safepoint: 77705 ns, At safepoint: 17511 ns, Total: 95216 ns
[2020-02-27T04:44:40.933+0000][1][gc,start     ] GC(35) Pause Young (Allocation Failure)
[2020-02-27T04:44:40.933+0000][1][gc,task      ] GC(35) Using 1 workers of 1 for evacuation
[2020-02-27T04:44:41.314+0000][1][gc,age       ] GC(35) Desired survivor size 4358144 bytes, new threshold 6 (max threshold 6)
[2020-02-27T04:44:41.314+0000][1][gc,age       ] GC(35) Age table with threshold 6 (max threshold 6)
[2020-02-27T04:44:41.314+0000][1][gc,age       ] GC(35) - age   1:      12112 bytes,      12112 total
[2020-02-27T04:44:41.314+0000][1][gc,age       ] GC(35) - age   2:       3248 bytes,      15360 total
[2020-02-27T04:44:41.314+0000][1][gc,age       ] GC(35) - age   3:       2752 bytes,      18112 total
[2020-02-27T04:44:41.314+0000][1][gc,age       ] GC(35) - age   4:      38952 bytes,      57064 total
[2020-02-27T04:44:41.314+0000][1][gc,age       ] GC(35) - age   5:      13184 bytes,      70248 total
[2020-02-27T04:44:41.314+0000][1][gc,age       ] GC(35) - age   6:     233904 bytes,     304152 total
[2020-02-27T04:44:41.314+0000][1][gc,heap      ] GC(35) ParNew: 71939K->1651K(76672K)
[2020-02-27T04:44:41.314+0000][1][gc,heap      ] GC(35) CMS: 60491K->62119K(963392K)
[2020-02-27T04:44:41.314+0000][1][gc,metaspace ] GC(35) Metaspace: 78779K->78779K(1122304K)
[2020-02-27T04:44:41.314+0000][1][gc           ] GC(35) Pause Young (Allocation Failure) 129M->62M(1015M) 380.368ms
[2020-02-27T04:44:41.314+0000][1][gc,cpu       ] GC(35) User=0.01s Sys=0.02s Real=0.38s
[2020-02-27T04:44:41.314+0000][1][safepoint    ] Safepoint "GenCollectForAllocation", Time since last: 1059947663 ns, Reaching safepoint: 78697 ns, At safepoint: 380424065 ns, Total: 380502762 ns
[2020-02-27T04:44:42.314+0000][1][safepoint    ] Safepoint "Cleanup", Time since last: 1000404111 ns, Reaching safepoint: 86425 ns, At safepoint: 7257 ns, Total: 93682 ns
[2020-02-27T04:44:42.379+0000][1][safepoint    ] Safepoint "RevokeBias", Time since last: 64399870 ns, Reaching safepoint: 177777 ns, At safepoint: 21396 ns, Total: 199173 ns
[2020-02-27T04:44:44.886+0000][1][safepoint    ] Safepoint "RevokeBias", Time since last: 2506716001 ns, Reaching safepoint: 80430 ns, At safepoint: 20732 ns, Total: 101162 ns
[2020-02-27T04:44:47.399+0000][1][safepoint    ] Safepoint "RevokeBias", Time since last: 2512924055 ns, Reaching safepoint: 80968 ns, At safepoint: 18214 ns, Total: 99182 ns
[2020-02-27T04:44:49.904+0000][1][safepoint    ] Safepoint "RevokeBias", Time since last: 2505215932 ns, Reaching safepoint: 77742 ns, At safepoint: 18079 ns, Total: 95821 ns
[2020-02-27T04:44:52.413+0000][1][safepoint    ] Safepoint "BulkRevokeBias", Time since last: 2508069656 ns, Reaching safepoint: 97315 ns, At safepoint: 615783 ns, Total: 713098 ns
[2020-02-27T04:44:54.918+0000][1][safepoint    ] Safepoint "RevokeBias", Time since last: 2505478036 ns, Reaching safepoint: 78362 ns, At safepoint: 17416 ns, Total: 95778 ns
[2020-02-27T04:44:57.425+0000][1][safepoint    ] Safepoint "RevokeBias", Time since last: 2506047977 ns, Reaching safepoint: 77785 ns, At safepoint: 18191 ns, Total: 95976 ns
[2020-02-27T04:44:58.425+0000][1][safepoint    ] Safepoint "Cleanup", Time since last: 1000181245 ns, Reaching safepoint: 101676 ns, At safepoint: 8599 ns, Total: 110275 ns
[2020-02-27T04:44:59.936+0000][1][safepoint    ] Safepoint "RevokeBias", Time since last: 1510746171 ns, Reaching safepoint: 56626 ns, At safepoint: 14983 ns, Total: 71609 ns
[2020-02-27T04:45:02.462+0000][1][safepoint    ] Safepoint "RevokeBias", Time since last: 2526173755 ns, Reaching safepoint: 78537 ns, At safepoint: 18076 ns, Total: 96613 ns
[2020-02-27T04:45:04.970+0000][1][safepoint    ] Safepoint "RevokeBias", Time since last: 2508034618 ns, Reaching safepoint: 98611 ns, At safepoint: 21020 ns, Total: 119631 ns
[2020-02-27T04:45:07.486+0000][1][safepoint    ] Safepoint "RevokeBias", Time since last: 2515838927 ns, Reaching safepoint: 61181 ns, At safepoint: 17210 ns, Total: 78391 ns
[2020-02-27T04:45:10.000+0000][1][safepoint    ] Safepoint "RevokeBias", Time since last: 2513644202 ns, Reaching safepoint: 80399 ns, At safepoint: 18988 ns, Total: 99387 ns
[2020-02-27T04:45:12.525+0000][1][safepoint    ] Safepoint "RevokeBias", Time since last: 2525604018 ns, Reaching safepoint: 82357 ns, At safepoint: 19100 ns, Total: 101457 ns
[2020-02-27T04:45:15.034+0000][1][safepoint    ] Safepoint "RevokeBias", Time since last: 2508090660 ns, Reaching safepoint: 85746 ns, At safepoint: 17222 ns, Total: 102968 ns
[2020-02-27T04:45:17.566+0000][1][safepoint    ] Safepoint "RevokeBias", Time since last: 2525442248 ns, Reaching safepoint: 6524123 ns, At safepoint: 60068 ns, Total: 6584191 ns
[2020-02-27T04:45:20.076+0000][1][safepoint    ] Safepoint "RevokeBias", Time since last: 2510019446 ns, Reaching safepoint: 82783 ns, At safepoint: 21025 ns, Total: 103808 ns
[2020-02-27T04:45:21.076+0000][1][safepoint    ] Safepoint "Cleanup", Time since last: 1000410673 ns, Reaching safepoint: 246990 ns, At safepoint: 28018 ns, Total: 275008 ns
[2020-02-27T04:45:22.583+0000][1][safepoint    ] Safepoint "RevokeBias", Time since last: 1506832480 ns, Reaching safepoint: 87280 ns, At safepoint: 19352 ns, Total: 106632 ns
[2020-02-27T04:45:25.090+0000][1][safepoint    ] Safepoint "RevokeBias", Time since last: 2506301067 ns, Reaching safepoint: 104958 ns, At safepoint: 17867 ns, Total: 122825 ns
[2020-02-27T04:45:27.620+0000][1][safepoint    ] Safepoint "RevokeBias", Time since last: 2530582695 ns, Reaching safepoint: 77118 ns, At safepoint: 17989 ns, Total: 95107 ns
[2020-02-27T04:45:30.131+0000][1][safepoint    ] Safepoint "RevokeBias", Time since last: 2509876943 ns, Reaching safepoint: 178990 ns, At safepoint: 30809 ns, Total: 209799 ns
[2020-02-27T04:45:32.655+0000][1][safepoint    ] Safepoint "RevokeBias", Time since last: 2519278990 ns, Reaching safepoint: 4600081 ns, At safepoint: 34035 ns, Total: 4634116 ns
[2020-02-27T04:45:35.158+0000][1][safepoint    ] Safepoint "RevokeBias", Time since last: 2503621373 ns, Reaching safepoint: 102355 ns, At safepoint: 22110 ns, Total: 124465 ns
[2020-02-27T04:45:37.667+0000][1][safepoint    ] Safepoint "RevokeBias", Time since last: 2508726666 ns, Reaching safepoint: 103400 ns, At safepoint: 64917 ns, Total: 168317 ns
[2020-02-27T04:45:40.179+0000][1][safepoint    ] Safepoint "RevokeBias", Time since last: 2511765937 ns, Reaching safepoint: 77760 ns, At safepoint: 18130 ns, Total: 95890 ns
[2020-02-27T04:45:42.689+0000][1][safepoint    ] Safepoint "RevokeBias", Time since last: 2509739723 ns, Reaching safepoint: 64186 ns, At safepoint: 17437 ns, Total: 81623 ns
[2020-02-27T04:45:44.203+0000][1][safepoint    ] Safepoint "RevokeBias", Time since last: 1513607026 ns, Reaching safepoint: 74797 ns, At safepoint: 30496 ns, Total: 105293 ns
[2020-02-27T04:45:45.216+0000][1][safepoint    ] Safepoint "Cleanup", Time since last: 1003072603 ns, Reaching safepoint: 10864997 ns, At safepoint: 20882 ns, Total: 10885879 ns
[2020-02-27T04:45:45.224+0000][1][safepoint    ] Safepoint "RevokeBias", Time since last: 794201 ns, Reaching safepoint: 6233273 ns, At safepoint: 32357 ns, Total: 6265630 ns
[2020-02-27T04:45:47.737+0000][1][safepoint    ] Safepoint "RevokeBias", Time since last: 2513522842 ns, Reaching safepoint: 81045 ns, At safepoint: 18332 ns, Total: 99377 ns
[2020-02-27T04:45:50.253+0000][1][safepoint    ] Safepoint "RevokeBias", Time since last: 2515267824 ns, Reaching safepoint: 117368 ns, At safepoint: 31581 ns, Total: 148949 ns
[2020-02-27T04:45:52.773+0000][1][safepoint    ] Safepoint "RevokeBias", Time since last: 2520392082 ns, Reaching safepoint: 60310 ns, At safepoint: 16197 ns, Total: 76507 ns
[2020-02-27T04:45:55.290+0000][1][safepoint    ] Safepoint "RevokeBias", Time since last: 2516800431 ns, Reaching safepoint: 79373 ns, At safepoint: 17671 ns, Total: 97044 ns
[2020-02-27T04:45:57.803+0000][1][safepoint    ] Safepoint "RevokeBias", Time since last: 2512780889 ns, Reaching safepoint: 123014 ns, At safepoint: 60535 ns, Total: 183549 ns
[2020-02-27T04:46:00.309+0000][1][safepoint    ] Safepoint "RevokeBias", Time since last: 2505804624 ns, Reaching safepoint: 121275 ns, At safepoint: 17661 ns, Total: 138936 ns
[2020-02-27T04:46:02.816+0000][1][safepoint    ] Safepoint "RevokeBias", Time since last: 2507220835 ns, Reaching safepoint: 76814 ns, At safepoint: 18087 ns, Total: 94901 ns
[2020-02-27T04:46:05.323+0000][1][safepoint    ] Safepoint "BulkRevokeBias", Time since last: 2506802709 ns, Reaching safepoint: 73283 ns, At safepoint: 249143 ns, Total: 322426 ns
[2020-02-27T04:46:07.828+0000][1][safepoint    ] Safepoint "RevokeBias", Time since last: 2504348593 ns, Reaching safepoint: 85117 ns, At safepoint: 18647 ns, Total: 103764 ns
[2020-02-27T04:46:10.336+0000][1][safepoint    ] Safepoint "RevokeBias", Time since last: 2507682192 ns, Reaching safepoint: 272412 ns, At safepoint: 93560 ns, Total: 365972 ns
[2020-02-27T04:46:12.846+0000][1][safepoint    ] Safepoint "RevokeBias", Time since last: 2510411268 ns, Reaching safepoint: 80666 ns, At safepoint: 18257 ns, Total: 98923 ns
[2020-02-27T04:46:15.355+0000][1][safepoint    ] Safepoint "RevokeBias", Time since last: 2508783020 ns, Reaching safepoint: 98319 ns, At safepoint: 21624 ns, Total: 119943 ns
[2020-02-27T04:46:17.862+0000][1][safepoint    ] Safepoint "RevokeBias", Time since last: 2506523532 ns, Reaching safepoint: 122101 ns, At safepoint: 23604 ns, Total: 145705 ns
[2020-02-27T04:46:20.371+0000][1][safepoint    ] Safepoint "RevokeBias", Time since last: 2508877110 ns, Reaching safepoint: 79463 ns, At safepoint: 17545 ns, Total: 97008 ns
[2020-02-27T04:46:22.888+0000][1][safepoint    ] Safepoint "RevokeBias", Time since last: 2516821940 ns, Reaching safepoint: 78167 ns, At safepoint: 18348 ns, Total: 96515 ns
[2020-02-27T04:46:25.402+0000][1][safepoint    ] Safepoint "RevokeBias", Time since last: 2514509028 ns, Reaching safepoint: 94322 ns, At safepoint: 18913 ns, Total: 113235 ns
[2020-02-27T04:46:27.923+0000][1][safepoint    ] Safepoint "RevokeBias", Time since last: 2520647934 ns, Reaching safepoint: 77446 ns, At safepoint: 18384 ns, Total: 95830 ns
[2020-02-27T04:46:30.435+0000][1][safepoint    ] Safepoint "RevokeBias", Time since last: 2511556055 ns, Reaching safepoint: 78340 ns, At safepoint: 18242 ns, Total: 96582 ns
[2020-02-27T04:46:32.954+0000][1][safepoint    ] Safepoint "RevokeBias", Time since last: 2519364856 ns, Reaching safepoint: 58518 ns, At safepoint: 15853 ns, Total: 74371 ns
[2020-02-27T04:46:35.466+0000][1][safepoint    ] Safepoint "RevokeBias", Time since last: 2512051147 ns, Reaching safepoint: 82037 ns, At safepoint: 50694 ns, Total: 132731 ns
[2020-02-27T04:46:36.467+0000][1][safepoint    ] Safepoint "Cleanup", Time since last: 1000541139 ns, Reaching safepoint: 85246 ns, At safepoint: 7825 ns, Total: 93071 ns
[2020-02-27T04:46:37.977+0000][1][safepoint    ] Safepoint "RevokeBias", Time since last: 1510207216 ns, Reaching safepoint: 85033 ns, At safepoint: 18097 ns, Total: 103130 ns
[2020-02-27T04:46:40.491+0000][1][safepoint    ] Safepoint "RevokeBias", Time since last: 2513047626 ns, Reaching safepoint: 78541 ns, At safepoint: 33275 ns, Total: 111816 ns
[2020-02-27T04:46:43.004+0000][1][safepoint    ] Safepoint "RevokeBias", Time since last: 2513221301 ns, Reaching safepoint: 265541 ns, At safepoint: 19942 ns, Total: 285483 ns
[2020-02-27T04:46:45.508+0000][1][safepoint    ] Safepoint "RevokeBias", Time since last: 2504023239 ns, Reaching safepoint: 78380 ns, At safepoint: 17144 ns, Total: 95524 ns
[2020-02-27T04:46:48.015+0000][1][safepoint    ] Safepoint "RevokeBias", Time since last: 2506468638 ns, Reaching safepoint: 78665 ns, At safepoint: 18417 ns, Total: 97082 ns
[2020-02-27T04:46:50.019+0000][1][safepoint    ] Safepoint "Cleanup", Time since last: 2004141703 ns, Reaching safepoint: 98743 ns, At safepoint: 7967 ns, Total: 106710 ns
[2020-02-27T04:46:50.521+0000][1][safepoint    ] Safepoint "RevokeBias", Time since last: 501778008 ns, Reaching safepoint: 115835 ns, At safepoint: 30536 ns, Total: 146371 ns
[2020-02-27T04:46:53.029+0000][1][safepoint    ] Safepoint "RevokeBias", Time since last: 2508253944 ns, Reaching safepoint: 68214 ns, At safepoint: 17704 ns, Total: 85918 ns
[2020-02-27T04:46:55.038+0000][1][safepoint    ] Safepoint "Cleanup", Time since last: 2009019902 ns, Reaching safepoint: 120821 ns, At safepoint: 7853 ns, Total: 128674 ns
[2020-02-27T04:46:55.534+0000][1][safepoint    ] Safepoint "RevokeBias", Time since last: 495109979 ns, Reaching safepoint: 80755 ns, At safepoint: 18818 ns, Total: 99573 ns
[2020-02-27T04:46:58.047+0000][1][gc,start     ] GC(36) Pause Young (Allocation Failure)
[2020-02-27T04:46:58.047+0000][1][gc,task      ] GC(36) Using 1 workers of 1 for evacuation
[2020-02-27T04:46:58.161+0000][1][gc,age       ] GC(36) Desired survivor size 4358144 bytes, new threshold 6 (max threshold 6)
[2020-02-27T04:46:58.161+0000][1][gc,age       ] GC(36) Age table with threshold 6 (max threshold 6)
[2020-02-27T04:46:58.161+0000][1][gc,age       ] GC(36) - age   1:      28728 bytes,      28728 total
[2020-02-27T04:46:58.161+0000][1][gc,age       ] GC(36) - age   2:       1400 bytes,      30128 total
[2020-02-27T04:46:58.161+0000][1][gc,age       ] GC(36) - age   3:       3248 bytes,      33376 total
[2020-02-27T04:46:58.161+0000][1][gc,age       ] GC(36) - age   4:       2752 bytes,      36128 total
[2020-02-27T04:46:58.161+0000][1][gc,age       ] GC(36) - age   5:      38952 bytes,      75080 total
[2020-02-27T04:46:58.161+0000][1][gc,age       ] GC(36) - age   6:      13184 bytes,      88264 total
[2020-02-27T04:46:58.161+0000][1][gc,heap      ] GC(36) ParNew: 69762K->468K(76672K)
[2020-02-27T04:46:58.161+0000][1][gc,heap      ] GC(36) CMS: 62119K->62349K(963392K)
[2020-02-27T04:46:58.161+0000][1][gc,metaspace ] GC(36) Metaspace: 78986K->78986K(1122304K)
[2020-02-27T04:46:58.161+0000][1][gc           ] GC(36) Pause Young (Allocation Failure) 128M->61M(1015M) 114.900ms
[2020-02-27T04:46:58.161+0000][1][gc,cpu       ] GC(36) User=0.02s Sys=0.00s Real=0.12s
[2020-02-27T04:46:58.162+0000][1][safepoint    ] Safepoint "GenCollectForAllocation", Time since last: 2512813201 ns, Reaching safepoint: 81630 ns, At safepoint: 115037477 ns, Total: 115119107 ns
[2020-02-27T04:46:58.173+0000][1][safepoint    ] Safepoint "RevokeBias", Time since last: 10874068 ns, Reaching safepoint: 90762 ns, At safepoint: 22259 ns, Total: 113021 ns
[2020-02-27T04:47:00.677+0000][1][safepoint    ] Safepoint "RevokeBias", Time since last: 2504321907 ns, Reaching safepoint: 61645 ns, At safepoint: 17385 ns, Total: 79030 ns
[2020-02-27T04:47:03.186+0000][1][safepoint    ] Safepoint "RevokeBias", Time since last: 2509121261 ns, Reaching safepoint: 77838 ns, At safepoint: 18077 ns, Total: 95915 ns
[2020-02-27T04:47:05.697+0000][1][safepoint    ] Safepoint "RevokeBias", Time since last: 2510329124 ns, Reaching safepoint: 85545 ns, At safepoint: 16664 ns, Total: 102209 ns
[2020-02-27T04:47:08.202+0000][1][safepoint    ] Safepoint "RevokeBias", Time since last: 2505024773 ns, Reaching safepoint: 97220 ns, At safepoint: 23755 ns, Total: 120975 ns
[2020-02-27T04:47:10.738+0000][1][safepoint    ] Safepoint "RevokeBias", Time since last: 2530096735 ns, Reaching safepoint: 5799487 ns, At safepoint: 34276 ns, Total: 5833763 ns
[2020-02-27T04:47:13.260+0000][1][safepoint    ] Safepoint "RevokeBias", Time since last: 2519917936 ns, Reaching safepoint: 1959580 ns, At safepoint: 57880 ns, Total: 2017460 ns
[2020-02-27T04:47:15.768+0000][1][safepoint    ] Safepoint "RevokeBias", Time since last: 2508069859 ns, Reaching safepoint: 84200 ns, At safepoint: 18195 ns, Total: 102395 ns
[2020-02-27T04:47:18.281+0000][1][safepoint    ] Safepoint "BulkRevokeBias", Time since last: 2512955778 ns, Reaching safepoint: 77586 ns, At safepoint: 363621 ns, Total: 441207 ns
[2020-02-27T04:47:20.282+0000][1][safepoint    ] Safepoint "Cleanup", Time since last: 2000604529 ns, Reaching safepoint: 88975 ns, At safepoint: 7221 ns, Total: 96196 ns
[2020-02-27T04:47:20.806+0000][1][safepoint    ] Safepoint "RevokeBias", Time since last: 524260652 ns, Reaching safepoint: 76158 ns, At safepoint: 17751 ns, Total: 93909 ns
[2020-02-27T04:47:23.320+0000][1][safepoint    ] Safepoint "RevokeBias", Time since last: 2513659684 ns, Reaching safepoint: 82010 ns, At safepoint: 18875 ns, Total: 100885 ns
[2020-02-27T04:47:25.826+0000][1][safepoint    ] Safepoint "RevokeBias", Time since last: 2505627349 ns, Reaching safepoint: 96517 ns, At safepoint: 18292 ns, Total: 114809 ns
[2020-02-27T04:47:28.338+0000][1][safepoint    ] Safepoint "RevokeBias", Time since last: 2512156580 ns, Reaching safepoint: 188708 ns, At safepoint: 23328 ns, Total: 212036 ns
[2020-02-27T04:47:30.850+0000][1][safepoint    ] Safepoint "RevokeBias", Time since last: 2511448427 ns, Reaching safepoint: 77643 ns, At safepoint: 17729 ns, Total: 95372 ns
[2020-02-27T04:47:34.047+0000][1][safepoint    ] Safepoint "RevokeBias", Time since last: 3197422951 ns, Reaching safepoint: 77058 ns, At safepoint: 18614 ns, Total: 95672 ns
[2020-02-27T04:47:36.558+0000][1][safepoint    ] Safepoint "RevokeBias", Time since last: 2510663240 ns, Reaching safepoint: 98110 ns, At safepoint: 159437 ns, Total: 257547 ns
[2020-02-27T04:47:39.067+0000][1][safepoint    ] Safepoint "RevokeBias", Time since last: 2508850367 ns, Reaching safepoint: 80182 ns, At safepoint: 17923 ns, Total: 98105 ns
[2020-02-27T04:47:41.573+0000][1][safepoint    ] Safepoint "RevokeBias", Time since last: 2505604469 ns, Reaching safepoint: 78700 ns, At safepoint: 18988 ns, Total: 97688 ns
[2020-02-27T04:47:44.082+0000][1][safepoint    ] Safepoint "RevokeBias", Time since last: 2508941582 ns, Reaching safepoint: 113683 ns, At safepoint: 31946 ns, Total: 145629 ns
[2020-02-27T04:47:46.587+0000][1][safepoint    ] Safepoint "RevokeBias", Time since last: 2505533238 ns, Reaching safepoint: 81216 ns, At safepoint: 18378 ns, Total: 99594 ns
[2020-02-27T04:47:49.094+0000][1][safepoint    ] Safepoint "RevokeBias", Time since last: 2506359838 ns, Reaching safepoint: 78537 ns, At safepoint: 17331 ns, Total: 95868 ns
[2020-02-27T04:47:51.601+0000][1][safepoint    ] Safepoint "RevokeBias", Time since last: 2507385031 ns, Reaching safepoint: 76730 ns, At safepoint: 18091 ns, Total: 94821 ns
[2020-02-27T04:47:54.110+0000][1][safepoint    ] Safepoint "RevokeBias", Time since last: 2508131457 ns, Reaching safepoint: 89537 ns, At safepoint: 17761 ns, Total: 107298 ns
[2020-02-27T04:47:55.111+0000][1][safepoint    ] Safepoint "Cleanup", Time since last: 1000885723 ns, Reaching safepoint: 123987 ns, At safepoint: 9378 ns, Total: 133365 ns
[2020-02-27T04:47:56.614+0000][1][safepoint    ] Safepoint "RevokeBias", Time since last: 1502756661 ns, Reaching safepoint: 334280 ns, At safepoint: 22384 ns, Total: 356664 ns
[2020-02-27T04:47:59.123+0000][1][safepoint    ] Safepoint "RevokeBias", Time since last: 2508974687 ns, Reaching safepoint: 167174 ns, At safepoint: 22428 ns, Total: 189602 ns
[2020-02-27T04:48:01.631+0000][1][safepoint    ] Safepoint "RevokeBias", Time since last: 2507952750 ns, Reaching safepoint: 61771 ns, At safepoint: 16351 ns, Total: 78122 ns
[2020-02-27T04:48:04.138+0000][1][safepoint    ] Safepoint "RevokeBias", Time since last: 2506472204 ns, Reaching safepoint: 77849 ns, At safepoint: 77611 ns, Total: 155460 ns
[2020-02-27T04:48:06.641+0000][1][safepoint    ] Safepoint "RevokeBias", Time since last: 2503521313 ns, Reaching safepoint: 96711 ns, At safepoint: 18476 ns, Total: 115187 ns
[2020-02-27T04:48:09.161+0000][1][safepoint    ] Safepoint "RevokeBias", Time since last: 2519896928 ns, Reaching safepoint: 113210 ns, At safepoint: 22528 ns, Total: 135738 ns
[2020-02-27T04:48:11.675+0000][1][safepoint    ] Safepoint "RevokeBias", Time since last: 2513768148 ns, Reaching safepoint: 77135 ns, At safepoint: 18253 ns, Total: 95388 ns
[2020-02-27T04:48:14.192+0000][1][safepoint    ] Safepoint "RevokeBias", Time since last: 2517024454 ns, Reaching safepoint: 98307 ns, At safepoint: 28011 ns, Total: 126318 ns
[2020-02-27T04:48:16.700+0000][1][safepoint    ] Safepoint "RevokeBias", Time since last: 2507793532 ns, Reaching safepoint: 95271 ns, At safepoint: 23494 ns, Total: 118765 ns
[2020-02-27T04:48:19.216+0000][1][safepoint    ] Safepoint "RevokeBias", Time since last: 2515475242 ns, Reaching safepoint: 146794 ns, At safepoint: 20876 ns, Total: 167670 ns
[2020-02-27T04:48:21.731+0000][1][safepoint    ] Safepoint "RevokeBias", Time since last: 2515062946 ns, Reaching safepoint: 78618 ns, At safepoint: 19762 ns, Total: 98380 ns
[2020-02-27T04:48:24.238+0000][1][safepoint    ] Safepoint "RevokeBias", Time since last: 2506613781 ns, Reaching safepoint: 242267 ns, At safepoint: 42232 ns, Total: 284499 ns
[2020-02-27T04:48:25.242+0000][1][safepoint    ] Safepoint "Cleanup", Time since last: 1004124471 ns, Reaching safepoint: 111115 ns, At safepoint: 11949 ns, Total: 123064 ns
[2020-02-27T04:48:26.744+0000][1][safepoint    ] Safepoint "RevokeBias", Time since last: 1501546225 ns, Reaching safepoint: 76824 ns, At safepoint: 17710 ns, Total: 94534 ns
[2020-02-27T04:48:29.252+0000][1][safepoint    ] Safepoint "RevokeBias", Time since last: 2507687626 ns, Reaching safepoint: 119326 ns, At safepoint: 19907 ns, Total: 139233 ns
[2020-02-27T04:48:31.758+0000][1][safepoint    ] Safepoint "BulkRevokeBias", Time since last: 2506086171 ns, Reaching safepoint: 181784 ns, At safepoint: 350489 ns, Total: 532273 ns
[2020-02-27T04:48:34.272+0000][1][safepoint    ] Safepoint "RevokeBias", Time since last: 2513334662 ns, Reaching safepoint: 205552 ns, At safepoint: 51328 ns, Total: 256880 ns
[2020-02-27T04:48:36.780+0000][1][safepoint    ] Safepoint "RevokeBias", Time since last: 2508521840 ns, Reaching safepoint: 104191 ns, At safepoint: 19948 ns, Total: 124139 ns
[2020-02-27T04:48:39.283+0000][1][safepoint    ] Safepoint "RevokeBias", Time since last: 2502721139 ns, Reaching safepoint: 76205 ns, At safepoint: 17966 ns, Total: 94171 ns
[2020-02-27T04:48:41.791+0000][1][safepoint    ] Safepoint "RevokeBias", Time since last: 2507187495 ns, Reaching safepoint: 111917 ns, At safepoint: 28316 ns, Total: 140233 ns
[2020-02-27T04:48:44.297+0000][1][safepoint    ] Safepoint "RevokeBias", Time since last: 2506222224 ns, Reaching safepoint: 78808 ns, At safepoint: 18161 ns, Total: 96969 ns
[2020-02-27T04:48:46.803+0000][1][safepoint    ] Safepoint "RevokeBias", Time since last: 2506205751 ns, Reaching safepoint: 63580 ns, At safepoint: 17544 ns, Total: 81124 ns
[2020-02-27T04:48:49.314+0000][1][safepoint    ] Safepoint "RevokeBias", Time since last: 2510266712 ns, Reaching safepoint: 167057 ns, At safepoint: 17600 ns, Total: 184657 ns
[2020-02-27T04:48:51.827+0000][1][safepoint    ] Safepoint "RevokeBias", Time since last: 2513503228 ns, Reaching safepoint: 63010 ns, At safepoint: 17577 ns, Total: 80587 ns
[2020-02-27T04:48:54.340+0000][1][safepoint    ] Safepoint "RevokeBias", Time since last: 2512937857 ns, Reaching safepoint: 81594 ns, At safepoint: 17320 ns, Total: 98914 ns
[2020-02-27T04:48:56.852+0000][1][safepoint    ] Safepoint "RevokeBias", Time since last: 2511582527 ns, Reaching safepoint: 145442 ns, At safepoint: 20732 ns, Total: 166174 ns
[2020-02-27T04:48:59.361+0000][1][safepoint    ] Safepoint "RevokeBias", Time since last: 2509332281 ns, Reaching safepoint: 76831 ns, At safepoint: 18368 ns, Total: 95199 ns
[2020-02-27T04:49:01.877+0000][1][safepoint    ] Safepoint "RevokeBias", Time since last: 2515364233 ns, Reaching safepoint: 81488 ns, At safepoint: 18768 ns, Total: 100256 ns
[2020-02-27T04:49:04.391+0000][1][safepoint    ] Safepoint "RevokeBias", Time since last: 2513519598 ns, Reaching safepoint: 164048 ns, At safepoint: 30182 ns, Total: 194230 ns
[2020-02-27T04:49:06.902+0000][1][safepoint    ] Safepoint "RevokeBias", Time since last: 2511600805 ns, Reaching safepoint: 95843 ns, At safepoint: 20762 ns, Total: 116605 ns
[2020-02-27T04:49:09.413+0000][1][safepoint    ] Safepoint "RevokeBias", Time since last: 2510146473 ns, Reaching safepoint: 59883 ns, At safepoint: 15734 ns, Total: 75617 ns
[2020-02-27T04:49:11.919+0000][1][safepoint    ] Safepoint "RevokeBias", Time since last: 2505928784 ns, Reaching safepoint: 77866 ns, At safepoint: 17339 ns, Total: 95205 ns
[2020-02-27T04:49:14.428+0000][1][safepoint    ] Safepoint "RevokeBias", Time since last: 2509809474 ns, Reaching safepoint: 63356 ns, At safepoint: 17055 ns, Total: 80411 ns
[2020-02-27T04:49:14.466+0000][1][gc,start     ] GC(37) Pause Young (Allocation Failure)
[2020-02-27T04:49:14.466+0000][1][gc,task      ] GC(37) Using 1 workers of 1 for evacuation
[2020-02-27T04:49:14.580+0000][1][gc,age       ] GC(37) Desired survivor size 4358144 bytes, new threshold 6 (max threshold 6)
[2020-02-27T04:49:14.580+0000][1][gc,age       ] GC(37) Age table with threshold 6 (max threshold 6)
[2020-02-27T04:49:14.580+0000][1][gc,age       ] GC(37) - age   1:      14224 bytes,      14224 total
[2020-02-27T04:49:14.580+0000][1][gc,age       ] GC(37) - age   2:      17640 bytes,      31864 total
[2020-02-27T04:49:14.580+0000][1][gc,age       ] GC(37) - age   3:       1400 bytes,      33264 total
[2020-02-27T04:49:14.580+0000][1][gc,age       ] GC(37) - age   4:       3248 bytes,      36512 total
[2020-02-27T04:49:14.580+0000][1][gc,age       ] GC(37) - age   5:       2752 bytes,      39264 total
[2020-02-27T04:49:14.580+0000][1][gc,age       ] GC(37) - age   6:      38952 bytes,      78216 total
[2020-02-27T04:49:14.580+0000][1][gc,heap      ] GC(37) ParNew: 68628K->133K(76672K)
[2020-02-27T04:49:14.580+0000][1][gc,heap      ] GC(37) CMS: 62349K->62362K(963392K)
[2020-02-27T04:49:14.580+0000][1][gc,metaspace ] GC(37) Metaspace: 79039K->79039K(1122304K)
[2020-02-27T04:49:14.580+0000][1][gc           ] GC(37) Pause Young (Allocation Failure) 127M->61M(1015M) 114.057ms
[2020-02-27T04:49:14.580+0000][1][gc,cpu       ] GC(37) User=0.01s Sys=0.00s Real=0.11s
[2020-02-27T04:49:14.580+0000][1][safepoint    ] Safepoint "GenCollectForAllocation", Time since last: 37201637 ns, Reaching safepoint: 76150 ns, At safepoint: 114112762 ns, Total: 114188912 ns
[2020-02-27T04:49:16.934+0000][1][safepoint    ] Safepoint "RevokeBias", Time since last: 2353678061 ns, Reaching safepoint: 77985 ns, At safepoint: 18173 ns, Total: 96158 ns
[2020-02-27T04:49:19.439+0000][1][safepoint    ] Safepoint "RevokeBias", Time since last: 2505611849 ns, Reaching safepoint: 77149 ns, At safepoint: 17437 ns, Total: 94586 ns
[2020-02-27T04:49:21.946+0000][1][safepoint    ] Safepoint "RevokeBias", Time since last: 2506612672 ns, Reaching safepoint: 75602 ns, At safepoint: 17129 ns, Total: 92731 ns
[2020-02-27T04:49:23.949+0000][1][safepoint    ] Safepoint "Cleanup", Time since last: 2003067444 ns, Reaching safepoint: 84679 ns, At safepoint: 8517 ns, Total: 93196 ns
[2020-02-27T04:49:24.450+0000][1][safepoint    ] Safepoint "RevokeBias", Time since last: 500860981 ns, Reaching safepoint: 163165 ns, At safepoint: 19925 ns, Total: 183090 ns
[2020-02-27T04:49:26.956+0000][1][safepoint    ] Safepoint "RevokeBias", Time since last: 2505192451 ns, Reaching safepoint: 113525 ns, At safepoint: 36831 ns, Total: 150356 ns
[2020-02-27T04:49:29.460+0000][1][safepoint    ] Safepoint "RevokeBias", Time since last: 2504162250 ns, Reaching safepoint: 77857 ns, At safepoint: 17628 ns, Total: 95485 ns
[2020-02-27T04:49:31.966+0000][1][safepoint    ] Safepoint "RevokeBias", Time since last: 2506131822 ns, Reaching safepoint: 75772 ns, At safepoint: 86230 ns, Total: 162002 ns
[2020-02-27T04:49:33.973+0000][1][safepoint    ] Safepoint "Cleanup", Time since last: 2006480138 ns, Reaching safepoint: 239629 ns, At safepoint: 14218 ns, Total: 253847 ns
[2020-02-27T04:49:34.471+0000][1][safepoint    ] Safepoint "RevokeBias", Time since last: 498177001 ns, Reaching safepoint: 78497 ns, At safepoint: 18800 ns, Total: 97297 ns
[2020-02-27T04:49:37.080+0000][1][safepoint    ] Safepoint "RevokeBias", Time since last: 2608943200 ns, Reaching safepoint: 117546 ns, At safepoint: 19112 ns, Total: 136658 ns
[2020-02-27T04:49:39.591+0000][1][safepoint    ] Safepoint "RevokeBias", Time since last: 2511183705 ns, Reaching safepoint: 54898 ns, At safepoint: 15962 ns, Total: 70860 ns
[2020-02-27T04:49:42.106+0000][1][safepoint    ] Safepoint "RevokeBias", Time since last: 2514103222 ns, Reaching safepoint: 76749 ns, At safepoint: 17514 ns, Total: 94263 ns
[2020-02-27T04:49:44.620+0000][1][safepoint    ] Safepoint "BulkRevokeBias", Time since last: 2513900054 ns, Reaching safepoint: 57960 ns, At safepoint: 153835 ns, Total: 211795 ns
[2020-02-27T04:49:47.130+0000][1][safepoint    ] Safepoint "RevokeBias", Time since last: 2509658912 ns, Reaching safepoint: 115354 ns, At safepoint: 18412 ns, Total: 133766 ns
[2020-02-27T04:49:49.638+0000][1][safepoint    ] Safepoint "RevokeBias", Time since last: 2508710063 ns, Reaching safepoint: 126885 ns, At safepoint: 35711 ns, Total: 162596 ns
[2020-02-27T04:49:50.639+0000][1][safepoint    ] Safepoint "Cleanup", Time since last: 1000772718 ns, Reaching safepoint: 142672 ns, At safepoint: 14483 ns, Total: 157155 ns
[2020-02-27T04:49:52.154+0000][1][safepoint    ] Safepoint "RevokeBias", Time since last: 1514306609 ns, Reaching safepoint: 156408 ns, At safepoint: 20938 ns, Total: 177346 ns
[2020-02-27T04:49:54.677+0000][1][safepoint    ] Safepoint "RevokeBias", Time since last: 2522979003 ns, Reaching safepoint: 53771 ns, At safepoint: 14491 ns, Total: 68262 ns
[2020-02-27T04:49:55.678+0000][1][safepoint    ] Safepoint "Cleanup", Time since last: 1000698681 ns, Reaching safepoint: 169639 ns, At safepoint: 8826 ns, Total: 178465 ns
[2020-02-27T04:49:57.192+0000][1][safepoint    ] Safepoint "RevokeBias", Time since last: 1513914477 ns, Reaching safepoint: 82762 ns, At safepoint: 18481 ns, Total: 101243 ns
[2020-02-27T04:49:58.193+0000][1][safepoint    ] Safepoint "Cleanup", Time since last: 1000883581 ns, Reaching safepoint: 102395 ns, At safepoint: 8571 ns, Total: 110966 ns
[2020-02-27T04:49:59.698+0000][1][safepoint    ] Safepoint "RevokeBias", Time since last: 1504931527 ns, Reaching safepoint: 135028 ns, At safepoint: 22768 ns, Total: 157796 ns
[2020-02-27T04:50:02.205+0000][1][safepoint    ] Safepoint "RevokeBias", Time since last: 2507208003 ns, Reaching safepoint: 95150 ns, At safepoint: 18140 ns, Total: 113290 ns
[2020-02-27T04:50:04.710+0000][1][safepoint    ] Safepoint "RevokeBias", Time since last: 2504360551 ns, Reaching safepoint: 224628 ns, At safepoint: 20012 ns, Total: 244640 ns
[2020-02-27T04:50:07.215+0000][1][safepoint    ] Safepoint "RevokeBias", Time since last: 2505560361 ns, Reaching safepoint: 57888 ns, At safepoint: 16016 ns, Total: 73904 ns
[2020-02-27T04:50:09.719+0000][1][safepoint    ] Safepoint "RevokeBias", Time since last: 2503237027 ns, Reaching safepoint: 76570 ns, At safepoint: 18079 ns, Total: 94649 ns
[2020-02-27T04:50:12.229+0000][1][safepoint    ] Safepoint "RevokeBias", Time since last: 2510613228 ns, Reaching safepoint: 89094 ns, At safepoint: 20760 ns, Total: 109854 ns
[2020-02-27T04:50:14.734+0000][1][safepoint    ] Safepoint "RevokeBias", Time since last: 2504203219 ns, Reaching safepoint: 79263 ns, At safepoint: 17939 ns, Total: 97202 ns
[2020-02-27T04:50:17.237+0000][1][safepoint    ] Safepoint "RevokeBias", Time since last: 2503435681 ns, Reaching safepoint: 78945 ns, At safepoint: 18611 ns, Total: 97556 ns
[2020-02-27T04:50:19.743+0000][1][safepoint    ] Safepoint "RevokeBias", Time since last: 2505134642 ns, Reaching safepoint: 135559 ns, At safepoint: 54962 ns, Total: 190521 ns
[2020-02-27T04:50:20.743+0000][1][safepoint    ] Safepoint "Cleanup", Time since last: 1000469802 ns, Reaching safepoint: 138769 ns, At safepoint: 7919 ns, Total: 146688 ns
[2020-02-27T04:50:22.250+0000][1][safepoint    ] Safepoint "RevokeBias", Time since last: 1506267871 ns, Reaching safepoint: 108213 ns, At safepoint: 27096 ns, Total: 135309 ns
[2020-02-27T04:50:24.760+0000][1][safepoint    ] Safepoint "RevokeBias", Time since last: 2509938957 ns, Reaching safepoint: 112391 ns, At safepoint: 29188 ns, Total: 141579 ns
[2020-02-27T04:50:25.761+0000][1][safepoint    ] Safepoint "Cleanup", Time since last: 1000884688 ns, Reaching safepoint: 113962 ns, At safepoint: 11464 ns, Total: 125426 ns
[2020-02-27T04:50:27.276+0000][1][safepoint    ] Safepoint "RevokeBias", Time since last: 1514901288 ns, Reaching safepoint: 136700 ns, At safepoint: 41956 ns, Total: 178656 ns
[2020-02-27T04:50:29.788+0000][1][safepoint    ] Safepoint "RevokeBias", Time since last: 2511680511 ns, Reaching safepoint: 96062 ns, At safepoint: 24177 ns, Total: 120239 ns
[2020-02-27T04:50:32.308+0000][1][safepoint    ] Safepoint "RevokeBias", Time since last: 2519932451 ns, Reaching safepoint: 79688 ns, At safepoint: 18310 ns, Total: 97998 ns
[2020-02-27T04:50:34.819+0000][1][safepoint    ] Safepoint "RevokeBias", Time since last: 2510851405 ns, Reaching safepoint: 77942 ns, At safepoint: 18170 ns, Total: 96112 ns
[2020-02-27T04:50:37.340+0000][1][safepoint    ] Safepoint "RevokeBias", Time since last: 2521670288 ns, Reaching safepoint: 75471 ns, At safepoint: 17244 ns, Total: 92715 ns
[2020-02-27T04:50:39.846+0000][1][safepoint    ] Safepoint "RevokeBias", Time since last: 2505392312 ns, Reaching safepoint: 166974 ns, At safepoint: 41063 ns, Total: 208037 ns
[2020-02-27T04:50:42.366+0000][1][safepoint    ] Safepoint "RevokeBias", Time since last: 2519986620 ns, Reaching safepoint: 76060 ns, At safepoint: 17762 ns, Total: 93822 ns
[2020-02-27T04:50:44.878+0000][1][safepoint    ] Safepoint "RevokeBias", Time since last: 2512265723 ns, Reaching safepoint: 86464 ns, At safepoint: 25056 ns, Total: 111520 ns
[2020-02-27T04:50:45.879+0000][1][safepoint    ] Safepoint "Cleanup", Time since last: 1000752836 ns, Reaching safepoint: 96682 ns, At safepoint: 7569 ns, Total: 104251 ns
[2020-02-27T04:50:47.392+0000][1][safepoint    ] Safepoint "RevokeBias", Time since last: 1512690122 ns, Reaching safepoint: 95416 ns, At safepoint: 25503 ns, Total: 120919 ns
[2020-02-27T04:50:49.905+0000][1][safepoint    ] Safepoint "RevokeBias", Time since last: 2512299746 ns, Reaching safepoint: 178678 ns, At safepoint: 51300 ns, Total: 229978 ns
[2020-02-27T04:50:50.905+0000][1][safepoint    ] Safepoint "Cleanup", Time since last: 1000291554 ns, Reaching safepoint: 97993 ns, At safepoint: 8885 ns, Total: 106878 ns
[2020-02-27T04:50:52.420+0000][1][safepoint    ] Safepoint "RevokeBias", Time since last: 1514710822 ns, Reaching safepoint: 56060 ns, At safepoint: 16173 ns, Total: 72233 ns
[2020-02-27T04:50:54.430+0000][1][safepoint    ] Safepoint "Cleanup", Time since last: 2009726565 ns, Reaching safepoint: 84256 ns, At safepoint: 8730 ns, Total: 92986 ns
[2020-02-27T04:50:54.924+0000][1][safepoint    ] Safepoint "RevokeBias", Time since last: 494376652 ns, Reaching safepoint: 75628 ns, At safepoint: 18113 ns, Total: 93741 ns
[2020-02-27T04:50:57.428+0000][1][safepoint    ] Safepoint "BulkRevokeBias", Time since last: 2503957607 ns, Reaching safepoint: 57203 ns, At safepoint: 153013 ns, Total: 210216 ns
[2020-02-27T04:50:59.933+0000][1][safepoint    ] Safepoint "RevokeBias", Time since last: 2504578508 ns, Reaching safepoint: 87202 ns, At safepoint: 20491 ns, Total: 107693 ns
[2020-02-27T04:51:00.933+0000][1][safepoint    ] Safepoint "Cleanup", Time since last: 1000324373 ns, Reaching safepoint: 96053 ns, At safepoint: 8576 ns, Total: 104629 ns
[2020-02-27T04:51:02.449+0000][1][safepoint    ] Safepoint "RevokeBias", Time since last: 1515567679 ns, Reaching safepoint: 75990 ns, At safepoint: 17825 ns, Total: 93815 ns
[2020-02-27T04:51:03.455+0000][1][safepoint    ] Safepoint "Cleanup", Time since last: 1006346388 ns, Reaching safepoint: 81737 ns, At safepoint: 7067 ns, Total: 88804 ns
[2020-02-27T04:51:04.959+0000][1][safepoint    ] Safepoint "RevokeBias", Time since last: 1503675195 ns, Reaching safepoint: 78902 ns, At safepoint: 18525 ns, Total: 97427 ns
[2020-02-27T04:51:05.960+0000][1][safepoint    ] Safepoint "Cleanup", Time since last: 1000409094 ns, Reaching safepoint: 80985 ns, At safepoint: 7694 ns, Total: 88679 ns
[2020-02-27T04:51:07.464+0000][1][safepoint    ] Safepoint "RevokeBias", Time since last: 1504610273 ns, Reaching safepoint: 75803 ns, At safepoint: 17839 ns, Total: 93642 ns
[2020-02-27T04:51:09.971+0000][1][safepoint    ] Safepoint "RevokeBias", Time since last: 2506077384 ns, Reaching safepoint: 78873 ns, At safepoint: 18680 ns, Total: 97553 ns
[2020-02-27T04:51:12.483+0000][1][safepoint    ] Safepoint "RevokeBias", Time since last: 2511796792 ns, Reaching safepoint: 75545 ns, At safepoint: 17610 ns, Total: 93155 ns
[2020-02-27T04:51:14.987+0000][1][safepoint    ] Safepoint "RevokeBias", Time since last: 2503903765 ns, Reaching safepoint: 55259 ns, At safepoint: 15897 ns, Total: 71156 ns
[2020-02-27T04:51:15.987+0000][1][safepoint    ] Safepoint "Cleanup", Time since last: 1000726024 ns, Reaching safepoint: 85872 ns, At safepoint: 7709 ns, Total: 93581 ns
[2020-02-27T04:51:17.490+0000][1][safepoint    ] Safepoint "RevokeBias", Time since last: 1502909137 ns, Reaching safepoint: 77444 ns, At safepoint: 18505 ns, Total: 95949 ns
[2020-02-27T04:51:20.003+0000][1][safepoint    ] Safepoint "RevokeBias", Time since last: 2512687201 ns, Reaching safepoint: 98484 ns, At safepoint: 22165 ns, Total: 120649 ns
[2020-02-27T04:51:22.512+0000][1][safepoint    ] Safepoint "RevokeBias", Time since last: 2508501448 ns, Reaching safepoint: 77245 ns, At safepoint: 18960 ns, Total: 96205 ns
[2020-02-27T04:51:25.016+0000][1][safepoint    ] Safepoint "RevokeBias", Time since last: 2504161176 ns, Reaching safepoint: 76207 ns, At safepoint: 17327 ns, Total: 93534 ns
[2020-02-27T04:51:27.528+0000][1][safepoint    ] Safepoint "RevokeBias", Time since last: 2510618693 ns, Reaching safepoint: 1239757 ns, At safepoint: 22791 ns, Total: 1262548 ns
[2020-02-27T04:51:30.039+0000][1][safepoint    ] Safepoint "RevokeBias", Time since last: 2511226120 ns, Reaching safepoint: 81239 ns, At safepoint: 18219 ns, Total: 99458 ns
[2020-02-27T04:51:32.550+0000][1][gc,start     ] GC(38) Pause Young (Allocation Failure)
[2020-02-27T04:51:32.550+0000][1][gc,task      ] GC(38) Using 1 workers of 1 for evacuation
[2020-02-27T04:51:32.564+0000][1][gc,age       ] GC(38) Desired survivor size 4358144 bytes, new threshold 6 (max threshold 6)
[2020-02-27T04:51:32.564+0000][1][gc,age       ] GC(38) Age table with threshold 6 (max threshold 6)
[2020-02-27T04:51:32.564+0000][1][gc,age       ] GC(38) - age   1:      43248 bytes,      43248 total
[2020-02-27T04:51:32.564+0000][1][gc,age       ] GC(38) - age   2:       2456 bytes,      45704 total
[2020-02-27T04:51:32.564+0000][1][gc,age       ] GC(38) - age   3:      17640 bytes,      63344 total
[2020-02-27T04:51:32.564+0000][1][gc,age       ] GC(38) - age   4:       1400 bytes,      64744 total
[2020-02-27T04:51:32.564+0000][1][gc,age       ] GC(38) - age   5:       3016 bytes,      67760 total
[2020-02-27T04:51:32.564+0000][1][gc,age       ] GC(38) - age   6:       2752 bytes,      70512 total
[2020-02-27T04:51:32.564+0000][1][gc,heap      ] GC(38) ParNew: 68293K->123K(76672K)
[2020-02-27T04:51:32.564+0000][1][gc,heap      ] GC(38) CMS: 62362K->62400K(963392K)
[2020-02-27T04:51:32.564+0000][1][gc,metaspace ] GC(38) Metaspace: 79092K->79092K(1122304K)
[2020-02-27T04:51:32.564+0000][1][gc           ] GC(38) Pause Young (Allocation Failure) 127M->61M(1015M) 13.867ms
[2020-02-27T04:51:32.564+0000][1][gc,cpu       ] GC(38) User=0.01s Sys=0.00s Real=0.02s
[2020-02-27T04:51:32.564+0000][1][safepoint    ] Safepoint "GenCollectForAllocation", Time since last: 2511040645 ns, Reaching safepoint: 74762 ns, At safepoint: 13922762 ns, Total: 13997524 ns
[2020-02-27T04:51:32.565+0000][1][safepoint    ] Safepoint "RevokeBias", Time since last: 980134 ns, Reaching safepoint: 70773 ns, At safepoint: 16570 ns, Total: 87343 ns
[2020-02-27T04:51:35.078+0000][1][safepoint    ] Safepoint "RevokeBias", Time since last: 2512182049 ns, Reaching safepoint: 55787 ns, At safepoint: 16284 ns, Total: 72071 ns
[2020-02-27T04:51:37.587+0000][1][safepoint    ] Safepoint "RevokeBias", Time since last: 2509445950 ns, Reaching safepoint: 114310 ns, At safepoint: 28977 ns, Total: 143287 ns
[2020-02-27T04:51:40.107+0000][1][safepoint    ] Safepoint "RevokeBias", Time since last: 2519487458 ns, Reaching safepoint: 118819 ns, At safepoint: 28044 ns, Total: 146863 ns
[2020-02-27T04:51:42.620+0000][1][safepoint    ] Safepoint "RevokeBias", Time since last: 2513502615 ns, Reaching safepoint: 75131 ns, At safepoint: 17868 ns, Total: 92999 ns
[2020-02-27T04:51:45.133+0000][1][safepoint    ] Safepoint "RevokeBias", Time since last: 2512875734 ns, Reaching safepoint: 80702 ns, At safepoint: 17613 ns, Total: 98315 ns
[2020-02-27T04:51:47.641+0000][1][safepoint    ] Safepoint "RevokeBias", Time since last: 2507662279 ns, Reaching safepoint: 76433 ns, At safepoint: 18193 ns, Total: 94626 ns
[2020-02-27T04:51:50.146+0000][1][safepoint    ] Safepoint "RevokeBias", Time since last: 2504774536 ns, Reaching safepoint: 96032 ns, At safepoint: 18903 ns, Total: 114935 ns
[2020-02-27T04:51:52.651+0000][1][safepoint    ] Safepoint "RevokeBias", Time since last: 2504861923 ns, Reaching safepoint: 86281 ns, At safepoint: 20585 ns, Total: 106866 ns
[2020-02-27T04:51:53.652+0000][1][safepoint    ] Safepoint "Cleanup", Time since last: 1000458190 ns, Reaching safepoint: 93291 ns, At safepoint: 8392 ns, Total: 101683 ns
[2020-02-27T04:51:55.158+0000][1][safepoint    ] Safepoint "RevokeBias", Time since last: 1505920917 ns, Reaching safepoint: 58588 ns, At safepoint: 16310 ns, Total: 74898 ns
[2020-02-27T04:51:57.661+0000][1][safepoint    ] Safepoint "RevokeBias", Time since last: 2503469432 ns, Reaching safepoint: 67419 ns, At safepoint: 31582 ns, Total: 99001 ns
[2020-02-27T04:52:00.167+0000][1][safepoint    ] Safepoint "RevokeBias", Time since last: 2505452660 ns, Reaching safepoint: 113946 ns, At safepoint: 24674 ns, Total: 138620 ns
[2020-02-27T04:52:02.676+0000][1][safepoint    ] Safepoint "RevokeBias", Time since last: 2509634756 ns, Reaching safepoint: 76633 ns, At safepoint: 18331 ns, Total: 94964 ns
[2020-02-27T04:52:05.192+0000][1][safepoint    ] Safepoint "RevokeBias", Time since last: 2515217022 ns, Reaching safepoint: 84959 ns, At safepoint: 19128 ns, Total: 104087 ns
[2020-02-27T04:52:07.699+0000][1][safepoint    ] Safepoint "RevokeBias", Time since last: 2506734467 ns, Reaching safepoint: 79382 ns, At safepoint: 17487 ns, Total: 96869 ns
[2020-02-27T04:52:10.203+0000][1][safepoint    ] Safepoint "BulkRevokeBias", Time since last: 2504143696 ns, Reaching safepoint: 75814 ns, At safepoint: 271159 ns, Total: 346973 ns
[2020-02-27T04:52:12.709+0000][1][safepoint    ] Safepoint "RevokeBias", Time since last: 2506189021 ns, Reaching safepoint: 184175 ns, At safepoint: 63260 ns, Total: 247435 ns
[2020-02-27T04:52:13.710+0000][1][safepoint    ] Safepoint "Cleanup", Time since last: 1000218374 ns, Reaching safepoint: 122347 ns, At safepoint: 8631 ns, Total: 130978 ns
[2020-02-27T04:52:15.223+0000][1][safepoint    ] Safepoint "RevokeBias", Time since last: 1513480703 ns, Reaching safepoint: 74803 ns, At safepoint: 17686 ns, Total: 92489 ns
[2020-02-27T04:52:17.728+0000][1][safepoint    ] Safepoint "RevokeBias", Time since last: 2504895240 ns, Reaching safepoint: 76462 ns, At safepoint: 17387 ns, Total: 93849 ns
[2020-02-27T04:52:18.729+0000][1][safepoint    ] Safepoint "Cleanup", Time since last: 1000731216 ns, Reaching safepoint: 81088 ns, At safepoint: 7229 ns, Total: 88317 ns
[2020-02-27T04:52:20.236+0000][1][safepoint    ] Safepoint "RevokeBias", Time since last: 1506668335 ns, Reaching safepoint: 98779 ns, At safepoint: 19815 ns, Total: 118594 ns
[2020-02-27T04:52:22.746+0000][1][safepoint    ] Safepoint "RevokeBias", Time since last: 2510231121 ns, Reaching safepoint: 78892 ns, At safepoint: 18108 ns, Total: 97000 ns
[2020-02-27T04:52:25.251+0000][1][safepoint    ] Safepoint "RevokeBias", Time since last: 2504920308 ns, Reaching safepoint: 90950 ns, At safepoint: 18770 ns, Total: 109720 ns
[2020-02-27T04:52:27.763+0000][1][safepoint    ] Safepoint "RevokeBias", Time since last: 2511639272 ns, Reaching safepoint: 58547 ns, At safepoint: 17024 ns, Total: 75571 ns
[2020-02-27T04:52:30.273+0000][1][safepoint    ] Safepoint "RevokeBias", Time since last: 2509536417 ns, Reaching safepoint: 123912 ns, At safepoint: 23982 ns, Total: 147894 ns
[2020-02-27T04:52:32.785+0000][1][safepoint    ] Safepoint "RevokeBias", Time since last: 2512060841 ns, Reaching safepoint: 148338 ns, At safepoint: 79371 ns, Total: 227709 ns
[2020-02-27T04:52:35.298+0000][1][safepoint    ] Safepoint "RevokeBias", Time since last: 2512436166 ns, Reaching safepoint: 85428 ns, At safepoint: 17475 ns, Total: 102903 ns
[2020-02-27T04:52:37.809+0000][1][safepoint    ] Safepoint "RevokeBias", Time since last: 2510851157 ns, Reaching safepoint: 121635 ns, At safepoint: 19757 ns, Total: 141392 ns
[2020-02-27T04:52:40.354+0000][1][safepoint    ] Safepoint "RevokeBias", Time since last: 2544822524 ns, Reaching safepoint: 150789 ns, At safepoint: 18192 ns, Total: 168981 ns
[2020-02-27T04:52:42.876+0000][1][safepoint    ] Safepoint "RevokeBias", Time since last: 2522504572 ns, Reaching safepoint: 77185 ns, At safepoint: 17843 ns, Total: 95028 ns
[2020-02-27T04:52:45.390+0000][1][safepoint    ] Safepoint "RevokeBias", Time since last: 2513840791 ns, Reaching safepoint: 77319 ns, At safepoint: 18922 ns, Total: 96241 ns
[2020-02-27T04:52:47.893+0000][1][safepoint    ] Safepoint "RevokeBias", Time since last: 2502785242 ns, Reaching safepoint: 75998 ns, At safepoint: 17414 ns, Total: 93412 ns
[2020-02-27T04:52:50.399+0000][1][safepoint    ] Safepoint "RevokeBias", Time since last: 2506238237 ns, Reaching safepoint: 79602 ns, At safepoint: 17710 ns, Total: 97312 ns
[2020-02-27T04:52:52.906+0000][1][safepoint    ] Safepoint "RevokeBias", Time since last: 2506661519 ns, Reaching safepoint: 75299 ns, At safepoint: 17078 ns, Total: 92377 ns
[2020-02-27T04:52:55.412+0000][1][safepoint    ] Safepoint "RevokeBias", Time since last: 2505669283 ns, Reaching safepoint: 56640 ns, At safepoint: 15976 ns, Total: 72616 ns
[2020-02-27T04:52:57.915+0000][1][safepoint    ] Safepoint "RevokeBias", Time since last: 2503274576 ns, Reaching safepoint: 78104 ns, At safepoint: 17546 ns, Total: 95650 ns
[2020-02-27T04:53:00.422+0000][1][safepoint    ] Safepoint "RevokeBias", Time since last: 2507173534 ns, Reaching safepoint: 77653 ns, At safepoint: 19850 ns, Total: 97503 ns
[2020-02-27T04:53:02.931+0000][1][safepoint    ] Safepoint "RevokeBias", Time since last: 2508079546 ns, Reaching safepoint: 75729 ns, At safepoint: 17962 ns, Total: 93691 ns
[2020-02-27T04:53:04.939+0000][1][safepoint    ] Safepoint "Cleanup", Time since last: 2008166061 ns, Reaching safepoint: 104949 ns, At safepoint: 9247 ns, Total: 114196 ns
[2020-02-27T04:53:05.436+0000][1][safepoint    ] Safepoint "RevokeBias", Time since last: 496617361 ns, Reaching safepoint: 75085 ns, At safepoint: 48781 ns, Total: 123866 ns
[2020-02-27T04:53:06.436+0000][1][safepoint    ] Safepoint "Cleanup", Time since last: 1000125842 ns, Reaching safepoint: 82787 ns, At safepoint: 7829 ns, Total: 90616 ns
[2020-02-27T04:53:07.941+0000][1][safepoint    ] Safepoint "RevokeBias", Time since last: 1504672268 ns, Reaching safepoint: 56560 ns, At safepoint: 15450 ns, Total: 72010 ns
[2020-02-27T04:53:10.449+0000][1][safepoint    ] Safepoint "RevokeBias", Time since last: 2508317228 ns, Reaching safepoint: 94539 ns, At safepoint: 20669 ns, Total: 115208 ns
[2020-02-27T04:53:12.955+0000][1][safepoint    ] Safepoint "RevokeBias", Time since last: 2505546718 ns, Reaching safepoint: 106169 ns, At safepoint: 47238 ns, Total: 153407 ns
[2020-02-27T04:53:15.460+0000][1][safepoint    ] Safepoint "RevokeBias", Time since last: 2504838725 ns, Reaching safepoint: 164996 ns, At safepoint: 33804 ns, Total: 198800 ns
[2020-02-27T04:53:17.963+0000][1][safepoint    ] Safepoint "RevokeBias", Time since last: 2503601561 ns, Reaching safepoint: 74421 ns, At safepoint: 18117 ns, Total: 92538 ns
[2020-02-27T04:53:20.476+0000][1][safepoint    ] Safepoint "RevokeBias", Time since last: 2512725054 ns, Reaching safepoint: 55909 ns, At safepoint: 16442 ns, Total: 72351 ns
[2020-02-27T04:53:22.989+0000][1][safepoint    ] Safepoint "BulkRevokeBias", Time since last: 2512606714 ns, Reaching safepoint: 83654 ns, At safepoint: 338372 ns, Total: 422026 ns
[2020-02-27T04:53:25.502+0000][1][safepoint    ] Safepoint "RevokeBias", Time since last: 2512360163 ns, Reaching safepoint: 83298 ns, At safepoint: 17604 ns, Total: 100902 ns
[2020-02-27T04:53:28.012+0000][1][safepoint    ] Safepoint "RevokeBias", Time since last: 2510126657 ns, Reaching safepoint: 153995 ns, At safepoint: 24731 ns, Total: 178726 ns
[2020-02-27T04:53:30.523+0000][1][safepoint    ] Safepoint "RevokeBias", Time since last: 2510962271 ns, Reaching safepoint: 209445 ns, At safepoint: 38689 ns, Total: 248134 ns
[2020-02-27T04:53:33.031+0000][1][safepoint    ] Safepoint "RevokeBias", Time since last: 2507165196 ns, Reaching safepoint: 76101 ns, At safepoint: 17486 ns, Total: 93587 ns
[2020-02-27T04:53:35.536+0000][1][safepoint    ] Safepoint "RevokeBias", Time since last: 2505505640 ns, Reaching safepoint: 74688 ns, At safepoint: 17183 ns, Total: 91871 ns
[2020-02-27T04:53:38.042+0000][1][safepoint    ] Safepoint "RevokeBias", Time since last: 2505240694 ns, Reaching safepoint: 108085 ns, At safepoint: 23529 ns, Total: 131614 ns
[2020-02-27T04:53:40.549+0000][1][safepoint    ] Safepoint "RevokeBias", Time since last: 2506902873 ns, Reaching safepoint: 93965 ns, At safepoint: 21080 ns, Total: 115045 ns
[2020-02-27T04:53:43.056+0000][1][safepoint    ] Safepoint "RevokeBias", Time since last: 2507533898 ns, Reaching safepoint: 76642 ns, At safepoint: 17685 ns, Total: 94327 ns
[2020-02-27T04:53:45.561+0000][1][safepoint    ] Safepoint "RevokeBias", Time since last: 2504972530 ns, Reaching safepoint: 78342 ns, At safepoint: 17901 ns, Total: 96243 ns
[2020-02-27T04:53:48.065+0000][1][safepoint    ] Safepoint "RevokeBias", Time since last: 2503905965 ns, Reaching safepoint: 75719 ns, At safepoint: 18531 ns, Total: 94250 ns
[2020-02-27T04:53:49.783+0000][1][gc,start     ] GC(39) Pause Young (Allocation Failure)
[2020-02-27T04:53:49.783+0000][1][gc,task      ] GC(39) Using 1 workers of 1 for evacuation
[2020-02-27T04:53:49.794+0000][1][gc,age       ] GC(39) Desired survivor size 4358144 bytes, new threshold 6 (max threshold 6)
[2020-02-27T04:53:49.794+0000][1][gc,age       ] GC(39) Age table with threshold 6 (max threshold 6)
[2020-02-27T04:53:49.794+0000][1][gc,age       ] GC(39) - age   1:      14432 bytes,      14432 total
[2020-02-27T04:53:49.794+0000][1][gc,age       ] GC(39) - age   2:       5576 bytes,      20008 total
[2020-02-27T04:53:49.794+0000][1][gc,age       ] GC(39) - age   3:       2456 bytes,      22464 total
[2020-02-27T04:53:49.794+0000][1][gc,age       ] GC(39) - age   4:      17640 bytes,      40104 total
[2020-02-27T04:53:49.794+0000][1][gc,age       ] GC(39) - age   5:       1400 bytes,      41504 total
[2020-02-27T04:53:49.794+0000][1][gc,age       ] GC(39) - age   6:       3016 bytes,      44520 total
[2020-02-27T04:53:49.794+0000][1][gc,heap      ] GC(39) ParNew: 68283K->82K(76672K)
[2020-02-27T04:53:49.794+0000][1][gc,heap      ] GC(39) CMS: 62400K->62403K(963392K)
[2020-02-27T04:53:49.794+0000][1][gc,metaspace ] GC(39) Metaspace: 79165K->79165K(1122304K)
[2020-02-27T04:53:49.794+0000][1][gc           ] GC(39) Pause Young (Allocation Failure) 127M->61M(1015M) 11.158ms
[2020-02-27T04:53:49.794+0000][1][gc,cpu       ] GC(39) User=0.01s Sys=0.01s Real=0.01s
[2020-02-27T04:53:49.794+0000][1][safepoint    ] Safepoint "GenCollectForAllocation", Time since last: 1717171178 ns, Reaching safepoint: 120095 ns, At safepoint: 11223812 ns, Total: 11343907 ns
[2020-02-27T04:53:50.570+0000][1][safepoint    ] Safepoint "RevokeBias", Time since last: 775898789 ns, Reaching safepoint: 77222 ns, At safepoint: 17874 ns, Total: 95096 ns
[2020-02-27T04:53:53.077+0000][1][safepoint    ] Safepoint "RevokeBias", Time since last: 2506716394 ns, Reaching safepoint: 77123 ns, At safepoint: 17372 ns, Total: 94495 ns
[2020-02-27T04:53:55.589+0000][1][safepoint    ] Safepoint "RevokeBias", Time since last: 2512633388 ns, Reaching safepoint: 92382 ns, At safepoint: 21230 ns, Total: 113612 ns
[2020-02-27T04:53:58.105+0000][1][safepoint    ] Safepoint "RevokeBias", Time since last: 2515552151 ns, Reaching safepoint: 76168 ns, At safepoint: 18226 ns, Total: 94394 ns
[2020-02-27T04:54:00.612+0000][1][safepoint    ] Safepoint "RevokeBias", Time since last: 2506597787 ns, Reaching safepoint: 78226 ns, At safepoint: 16674 ns, Total: 94900 ns
[2020-02-27T04:54:03.119+0000][1][safepoint    ] Safepoint "RevokeBias", Time since last: 2507064999 ns, Reaching safepoint: 181566 ns, At safepoint: 19909 ns, Total: 201475 ns
[2020-02-27T04:54:05.624+0000][1][safepoint    ] Safepoint "RevokeBias", Time since last: 2505140695 ns, Reaching safepoint: 94006 ns, At safepoint: 62598 ns, Total: 156604 ns
[2020-02-27T04:54:06.625+0000][1][safepoint    ] Safepoint "Cleanup", Time since last: 1000212131 ns, Reaching safepoint: 88065 ns, At safepoint: 7899 ns, Total: 95964 ns
[2020-02-27T04:54:08.133+0000][1][safepoint    ] Safepoint "RevokeBias", Time since last: 1508286555 ns, Reaching safepoint: 77940 ns, At safepoint: 18064 ns, Total: 96004 ns
[2020-02-27T04:54:09.134+0000][1][safepoint    ] Safepoint "Cleanup", Time since last: 1000708472 ns, Reaching safepoint: 94101 ns, At safepoint: 8029 ns, Total: 102130 ns
[2020-02-27T04:54:10.637+0000][1][safepoint    ] Safepoint "RevokeBias", Time since last: 1502803600 ns, Reaching safepoint: 76842 ns, At safepoint: 17988 ns, Total: 94830 ns
[2020-02-27T04:54:13.143+0000][1][safepoint    ] Safepoint "RevokeBias", Time since last: 2506620815 ns, Reaching safepoint: 185557 ns, At safepoint: 21757 ns, Total: 207314 ns
[2020-02-27T04:54:15.648+0000][1][safepoint    ] Safepoint "RevokeBias", Time since last: 2504862933 ns, Reaching safepoint: 75277 ns, At safepoint: 18709 ns, Total: 93986 ns
[2020-02-27T04:54:18.158+0000][1][safepoint    ] Safepoint "RevokeBias", Time since last: 2509818428 ns, Reaching safepoint: 97826 ns, At safepoint: 34754 ns, Total: 132580 ns
[2020-02-27T04:54:20.675+0000][1][safepoint    ] Safepoint "RevokeBias", Time since last: 2516409029 ns, Reaching safepoint: 56100 ns, At safepoint: 15845 ns, Total: 71945 ns
[2020-02-27T04:54:23.199+0000][1][safepoint    ] Safepoint "RevokeBias", Time since last: 2524481353 ns, Reaching safepoint: 77899 ns, At safepoint: 17781 ns, Total: 95680 ns
[2020-02-27T04:54:25.715+0000][1][safepoint    ] Safepoint "RevokeBias", Time since last: 2515208204 ns, Reaching safepoint: 96291 ns, At safepoint: 22179 ns, Total: 118470 ns
[2020-02-27T04:54:28.232+0000][1][safepoint    ] Safepoint "RevokeBias", Time since last: 2517321802 ns, Reaching safepoint: 92616 ns, At safepoint: 17495 ns, Total: 110111 ns
[2020-02-27T04:54:30.233+0000][1][safepoint    ] Safepoint "Cleanup", Time since last: 2000776335 ns, Reaching safepoint: 91865 ns, At safepoint: 10862 ns, Total: 102727 ns
[2020-02-27T04:54:30.743+0000][1][safepoint    ] Safepoint "RevokeBias", Time since last: 509426366 ns, Reaching safepoint: 99016 ns, At safepoint: 24128 ns, Total: 123144 ns
[2020-02-27T04:54:33.257+0000][1][safepoint    ] Safepoint "RevokeBias", Time since last: 2514392649 ns, Reaching safepoint: 75015 ns, At safepoint: 35110 ns, Total: 110125 ns
[2020-02-27T04:54:35.263+0000][1][safepoint    ] Safepoint "Cleanup", Time since last: 2005813353 ns, Reaching safepoint: 133608 ns, At safepoint: 8261 ns, Total: 141869 ns
[2020-02-27T04:54:35.767+0000][1][safepoint    ] Safepoint "BulkRevokeBias", Time since last: 504091228 ns, Reaching safepoint: 74483 ns, At safepoint: 155740 ns, Total: 230223 ns
[2020-02-27T04:54:38.271+0000][1][safepoint    ] Safepoint "RevokeBias", Time since last: 2503364795 ns, Reaching safepoint: 69899 ns, At safepoint: 19505 ns, Total: 89404 ns
[2020-02-27T04:54:40.776+0000][1][safepoint    ] Safepoint "RevokeBias", Time since last: 2504759530 ns, Reaching safepoint: 79636 ns, At safepoint: 18008 ns, Total: 97644 ns
[2020-02-27T04:54:43.286+0000][1][safepoint    ] Safepoint "RevokeBias", Time since last: 2509918268 ns, Reaching safepoint: 87140 ns, At safepoint: 17414 ns, Total: 104554 ns
[2020-02-27T04:54:45.292+0000][1][safepoint    ] Safepoint "Cleanup", Time since last: 2006410681 ns, Reaching safepoint: 214375 ns, At safepoint: 9651 ns, Total: 224026 ns
[2020-02-27T04:54:45.795+0000][1][safepoint    ] Safepoint "RevokeBias", Time since last: 502467182 ns, Reaching safepoint: 81695 ns, At safepoint: 18110 ns, Total: 99805 ns
[2020-02-27T04:54:48.312+0000][1][safepoint    ] Safepoint "RevokeBias", Time since last: 2516534953 ns, Reaching safepoint: 126907 ns, At safepoint: 30220 ns, Total: 157127 ns
[2020-02-27T04:54:50.822+0000][1][safepoint    ] Safepoint "RevokeBias", Time since last: 2510807719 ns, Reaching safepoint: 78149 ns, At safepoint: 18730 ns, Total: 96879 ns
[2020-02-27T04:54:53.329+0000][1][safepoint    ] Safepoint "RevokeBias", Time since last: 2506850911 ns, Reaching safepoint: 76765 ns, At safepoint: 17985 ns, Total: 94750 ns
[2020-02-27T04:54:55.835+0000][1][safepoint    ] Safepoint "RevokeBias", Time since last: 2505696681 ns, Reaching safepoint: 79904 ns, At safepoint: 18300 ns, Total: 98204 ns
[2020-02-27T04:54:58.340+0000][1][safepoint    ] Safepoint "RevokeBias", Time since last: 2504661910 ns, Reaching safepoint: 120178 ns, At safepoint: 27071 ns, Total: 147249 ns
[2020-02-27T04:55:00.846+0000][1][safepoint    ] Safepoint "RevokeBias", Time since last: 2506151494 ns, Reaching safepoint: 76707 ns, At safepoint: 17994 ns, Total: 94701 ns
[2020-02-27T04:55:03.358+0000][1][safepoint    ] Safepoint "RevokeBias", Time since last: 2511874466 ns, Reaching safepoint: 82568 ns, At safepoint: 18669 ns, Total: 101237 ns
[2020-02-27T04:55:04.359+0000][1][safepoint    ] Safepoint "Cleanup", Time since last: 1000660515 ns, Reaching safepoint: 82319 ns, At safepoint: 7320 ns, Total: 89639 ns
[2020-02-27T04:55:05.873+0000][1][safepoint    ] Safepoint "RevokeBias", Time since last: 1513662893 ns, Reaching safepoint: 122193 ns, At safepoint: 25371 ns, Total: 147564 ns
[2020-02-27T04:55:08.383+0000][1][safepoint    ] Safepoint "RevokeBias", Time since last: 2509474967 ns, Reaching safepoint: 188556 ns, At safepoint: 39878 ns, Total: 228434 ns
[2020-02-27T04:55:10.896+0000][1][safepoint    ] Safepoint "RevokeBias", Time since last: 2512931923 ns, Reaching safepoint: 101261 ns, At safepoint: 20714 ns, Total: 121975 ns
[2020-02-27T04:55:13.406+0000][1][safepoint    ] Safepoint "RevokeBias", Time since last: 2509869234 ns, Reaching safepoint: 76938 ns, At safepoint: 75990 ns, Total: 152928 ns
[2020-02-27T04:55:15.910+0000][1][safepoint    ] Safepoint "RevokeBias", Time since last: 2504248996 ns, Reaching safepoint: 76036 ns, At safepoint: 20075 ns, Total: 96111 ns
[2020-02-27T04:55:18.415+0000][1][safepoint    ] Safepoint "RevokeBias", Time since last: 2504779953 ns, Reaching safepoint: 207954 ns, At safepoint: 36912 ns, Total: 244866 ns
[2020-02-27T04:55:20.415+0000][1][safepoint    ] Safepoint "Cleanup", Time since last: 2000356016 ns, Reaching safepoint: 146942 ns, At safepoint: 7209 ns, Total: 154151 ns
[2020-02-27T04:55:20.920+0000][1][safepoint    ] Safepoint "RevokeBias", Time since last: 504266789 ns, Reaching safepoint: 154657 ns, At safepoint: 31017 ns, Total: 185674 ns
[2020-02-27T04:55:23.427+0000][1][safepoint    ] Safepoint "RevokeBias", Time since last: 2506743028 ns, Reaching safepoint: 141761 ns, At safepoint: 22688 ns, Total: 164449 ns
[2020-02-27T04:55:24.427+0000][1][safepoint    ] Safepoint "Cleanup", Time since last: 1000172383 ns, Reaching safepoint: 84168 ns, At safepoint: 7682 ns, Total: 91850 ns
[2020-02-27T04:55:25.932+0000][1][safepoint    ] Safepoint "RevokeBias", Time since last: 1505071824 ns, Reaching safepoint: 75896 ns, At safepoint: 18119 ns, Total: 94015 ns
[2020-02-27T04:55:28.436+0000][1][safepoint    ] Safepoint "RevokeBias", Time since last: 2503795814 ns, Reaching safepoint: 79319 ns, At safepoint: 18114 ns, Total: 97433 ns
[2020-02-27T04:55:30.942+0000][1][safepoint    ] Safepoint "RevokeBias", Time since last: 2506010441 ns, Reaching safepoint: 58697 ns, At safepoint: 14974 ns, Total: 73671 ns
[2020-02-27T04:55:33.450+0000][1][safepoint    ] Safepoint "RevokeBias", Time since last: 2507794851 ns, Reaching safepoint: 74821 ns, At safepoint: 17355 ns, Total: 92176 ns
[2020-02-27T04:55:35.451+0000][1][safepoint    ] Safepoint "Cleanup", Time since last: 2001194175 ns, Reaching safepoint: 103354 ns, At safepoint: 8050 ns, Total: 111404 ns
[2020-02-27T04:55:35.959+0000][1][safepoint    ] Safepoint "RevokeBias", Time since last: 506996183 ns, Reaching safepoint: 77320 ns, At safepoint: 18452 ns, Total: 95772 ns
[2020-02-27T04:55:38.465+0000][1][safepoint    ] Safepoint "RevokeBias", Time since last: 2506029049 ns, Reaching safepoint: 119675 ns, At safepoint: 34375 ns, Total: 154050 ns
[2020-02-27T04:55:40.974+0000][1][safepoint    ] Safepoint "RevokeBias", Time since last: 2508730048 ns, Reaching safepoint: 97578 ns, At safepoint: 21767 ns, Total: 119345 ns
[2020-02-27T04:55:43.480+0000][1][safepoint    ] Safepoint "RevokeBias", Time since last: 2505889440 ns, Reaching safepoint: 82193 ns, At safepoint: 18603 ns, Total: 100796 ns
[2020-02-27T04:55:45.984+0000][1][safepoint    ] Safepoint "RevokeBias", Time since last: 2504433893 ns, Reaching safepoint: 61508 ns, At safepoint: 17012 ns, Total: 78520 ns
[2020-02-27T04:55:48.495+0000][1][safepoint    ] Safepoint "BulkRevokeBias", Time since last: 2510328851 ns, Reaching safepoint: 88140 ns, At safepoint: 202975 ns, Total: 291115 ns
[2020-02-27T04:55:50.497+0000][1][safepoint    ] Safepoint "Cleanup", Time since last: 2001861614 ns, Reaching safepoint: 105917 ns, At safepoint: 11597 ns, Total: 117514 ns
[2020-02-27T04:55:51.007+0000][1][safepoint    ] Safepoint "RevokeBias", Time since last: 509877292 ns, Reaching safepoint: 124528 ns, At safepoint: 19686 ns, Total: 144214 ns
[2020-02-27T04:55:53.526+0000][1][safepoint    ] Safepoint "RevokeBias", Time since last: 2518741763 ns, Reaching safepoint: 61977 ns, At safepoint: 16379 ns, Total: 78356 ns
[2020-02-27T04:55:56.045+0000][1][safepoint    ] Safepoint "RevokeBias", Time since last: 2519259534 ns, Reaching safepoint: 82274 ns, At safepoint: 19894 ns, Total: 102168 ns
[2020-02-27T04:55:58.565+0000][1][safepoint    ] Safepoint "RevokeBias", Time since last: 2519643106 ns, Reaching safepoint: 76081 ns, At safepoint: 17675 ns, Total: 93756 ns
[2020-02-27T04:56:01.080+0000][1][safepoint    ] Safepoint "RevokeBias", Time since last: 2515429197 ns, Reaching safepoint: 74654 ns, At safepoint: 16271 ns, Total: 90925 ns
[2020-02-27T04:56:03.603+0000][1][safepoint    ] Safepoint "RevokeBias", Time since last: 2522893653 ns, Reaching safepoint: 75574 ns, At safepoint: 16859 ns, Total: 92433 ns
[2020-02-27T04:56:06.113+0000][1][gc,start     ] GC(40) Pause Young (Allocation Failure)
[2020-02-27T04:56:06.113+0000][1][gc,task      ] GC(40) Using 1 workers of 1 for evacuation
[2020-02-27T04:56:06.124+0000][1][gc,age       ] GC(40) Desired survivor size 4358144 bytes, new threshold 6 (max threshold 6)
[2020-02-27T04:56:06.124+0000][1][gc,age       ] GC(40) Age table with threshold 6 (max threshold 6)
[2020-02-27T04:56:06.124+0000][1][gc,age       ] GC(40) - age   1:      38224 bytes,      38224 total
[2020-02-27T04:56:06.124+0000][1][gc,age       ] GC(40) - age   2:       2712 bytes,      40936 total
[2020-02-27T04:56:06.124+0000][1][gc,age       ] GC(40) - age   3:       5456 bytes,      46392 total
[2020-02-27T04:56:06.124+0000][1][gc,age       ] GC(40) - age   4:       2456 bytes,      48848 total
[2020-02-27T04:56:06.124+0000][1][gc,age       ] GC(40) - age   5:      17640 bytes,      66488 total
[2020-02-27T04:56:06.124+0000][1][gc,age       ] GC(40) - age   6:       1400 bytes,      67888 total
[2020-02-27T04:56:06.124+0000][1][gc,heap      ] GC(40) ParNew: 68242K->79K(76672K)
[2020-02-27T04:56:06.124+0000][1][gc,heap      ] GC(40) CMS: 62403K->62406K(963392K)
[2020-02-27T04:56:06.124+0000][1][gc,metaspace ] GC(40) Metaspace: 79211K->79211K(1122304K)
[2020-02-27T04:56:06.124+0000][1][gc           ] GC(40) Pause Young (Allocation Failure) 127M->61M(1015M) 11.030ms
[2020-02-27T04:56:06.124+0000][1][gc,cpu       ] GC(40) User=0.01s Sys=0.00s Real=0.01s
[2020-02-27T04:56:06.124+0000][1][safepoint    ] Safepoint "GenCollectForAllocation", Time since last: 2509564375 ns, Reaching safepoint: 75468 ns, At safepoint: 11084922 ns, Total: 11160390 ns
[2020-02-27T04:56:06.125+0000][1][safepoint    ] Safepoint "RevokeBias", Time since last: 1181570 ns, Reaching safepoint: 73743 ns, At safepoint: 17076 ns, Total: 90819 ns
[2020-02-27T04:56:08.629+0000][1][safepoint    ] Safepoint "RevokeBias", Time since last: 2503788910 ns, Reaching safepoint: 75543 ns, At safepoint: 17570 ns, Total: 93113 ns
[2020-02-27T04:56:11.134+0000][1][safepoint    ] Safepoint "RevokeBias", Time since last: 2504811848 ns, Reaching safepoint: 79487 ns, At safepoint: 20094 ns, Total: 99581 ns
[2020-02-27T04:56:13.642+0000][1][safepoint    ] Safepoint "RevokeBias", Time since last: 2507403313 ns, Reaching safepoint: 192931 ns, At safepoint: 61723 ns, Total: 254654 ns
[2020-02-27T04:56:16.146+0000][1][safepoint    ] Safepoint "RevokeBias", Time since last: 2504792867 ns, Reaching safepoint: 90535 ns, At safepoint: 19804 ns, Total: 110339 ns
[2020-02-27T04:56:18.651+0000][1][safepoint    ] Safepoint "RevokeBias", Time since last: 2504217498 ns, Reaching safepoint: 77522 ns, At safepoint: 17953 ns, Total: 95475 ns
[2020-02-27T04:56:21.155+0000][1][safepoint    ] Safepoint "RevokeBias", Time since last: 2503810712 ns, Reaching safepoint: 58681 ns, At safepoint: 16978 ns, Total: 75659 ns
[2020-02-27T04:56:23.660+0000][1][safepoint    ] Safepoint "RevokeBias", Time since last: 2505037423 ns, Reaching safepoint: 63693 ns, At safepoint: 17866 ns, Total: 81559 ns
[2020-02-27T04:56:24.661+0000][1][safepoint    ] Safepoint "Cleanup", Time since last: 1000640704 ns, Reaching safepoint: 89819 ns, At safepoint: 8452 ns, Total: 98271 ns
[2020-02-27T04:56:26.168+0000][1][safepoint    ] Safepoint "RevokeBias", Time since last: 1507434069 ns, Reaching safepoint: 89001 ns, At safepoint: 20800 ns, Total: 109801 ns
[2020-02-27T04:56:28.674+0000][1][safepoint    ] Safepoint "RevokeBias", Time since last: 2505545027 ns, Reaching safepoint: 76344 ns, At safepoint: 17531 ns, Total: 93875 ns
[2020-02-27T04:56:31.181+0000][1][safepoint    ] Safepoint "RevokeBias", Time since last: 2506784016 ns, Reaching safepoint: 81233 ns, At safepoint: 18490 ns, Total: 99723 ns
[2020-02-27T04:56:33.693+0000][1][safepoint    ] Safepoint "RevokeBias", Time since last: 2512418339 ns, Reaching safepoint: 77762 ns, At safepoint: 17841 ns, Total: 95603 ns
[2020-02-27T04:56:36.210+0000][1][safepoint    ] Safepoint "RevokeBias", Time since last: 2516641635 ns, Reaching safepoint: 81111 ns, At safepoint: 18427 ns, Total: 99538 ns
[2020-02-27T04:56:38.725+0000][1][safepoint    ] Safepoint "RevokeBias", Time since last: 2514703996 ns, Reaching safepoint: 193497 ns, At safepoint: 26405 ns, Total: 219902 ns
[2020-02-27T04:56:40.729+0000][1][safepoint    ] Safepoint "Cleanup", Time since last: 2004535037 ns, Reaching safepoint: 109514 ns, At safepoint: 10067 ns, Total: 119581 ns
[2020-02-27T04:56:41.249+0000][1][safepoint    ] Safepoint "RevokeBias", Time since last: 519527325 ns, Reaching safepoint: 97575 ns, At safepoint: 21536 ns, Total: 119111 ns
[2020-02-27T04:56:43.761+0000][1][safepoint    ] Safepoint "RevokeBias", Time since last: 2512251848 ns, Reaching safepoint: 78226 ns, At safepoint: 17658 ns, Total: 95884 ns
[2020-02-27T04:56:46.280+0000][1][safepoint    ] Safepoint "RevokeBias", Time since last: 2518281846 ns, Reaching safepoint: 75152 ns, At safepoint: 17639 ns, Total: 92791 ns
[2020-02-27T04:56:48.794+0000][1][safepoint    ] Safepoint "RevokeBias", Time since last: 2513958347 ns, Reaching safepoint: 77387 ns, At safepoint: 18152 ns, Total: 95539 ns
[2020-02-27T04:56:51.312+0000][1][safepoint    ] Safepoint "RevokeBias", Time since last: 2517748545 ns, Reaching safepoint: 151992 ns, At safepoint: 28436 ns, Total: 180428 ns
[2020-02-27T04:56:53.828+0000][1][safepoint    ] Safepoint "RevokeBias", Time since last: 2516515826 ns, Reaching safepoint: 122353 ns, At safepoint: 29670 ns, Total: 152023 ns
[2020-02-27T04:56:56.334+0000][1][safepoint    ] Safepoint "RevokeBias", Time since last: 2505714020 ns, Reaching safepoint: 74598 ns, At safepoint: 17510 ns, Total: 92108 ns
[2020-02-27T04:56:58.840+0000][1][safepoint    ] Safepoint "RevokeBias", Time since last: 2505116890 ns, Reaching safepoint: 164035 ns, At safepoint: 18615 ns, Total: 182650 ns
[2020-02-27T04:57:01.348+0000][1][safepoint    ] Safepoint "BulkRevokeBias", Time since last: 2507748442 ns, Reaching safepoint: 63948 ns, At safepoint: 336078 ns, Total: 400026 ns
[2020-02-27T04:57:03.861+0000][1][safepoint    ] Safepoint "RevokeBias", Time since last: 2513126370 ns, Reaching safepoint: 75375 ns, At safepoint: 17463 ns, Total: 92838 ns
[2020-02-27T04:57:06.367+0000][1][safepoint    ] Safepoint "RevokeBias", Time since last: 2505738861 ns, Reaching safepoint: 81133 ns, At safepoint: 19108 ns, Total: 100241 ns
[2020-02-27T04:57:08.871+0000][1][safepoint    ] Safepoint "RevokeBias", Time since last: 2504459324 ns, Reaching safepoint: 78895 ns, At safepoint: 17850 ns, Total: 96745 ns
[2020-02-27T04:57:11.376+0000][1][safepoint    ] Safepoint "RevokeBias", Time since last: 2504277046 ns, Reaching safepoint: 224273 ns, At safepoint: 34901 ns, Total: 259174 ns
[2020-02-27T04:57:13.883+0000][1][safepoint    ] Safepoint "RevokeBias", Time since last: 2506909485 ns, Reaching safepoint: 78499 ns, At safepoint: 17995 ns, Total: 96494 ns
[2020-02-27T04:57:16.389+0000][1][safepoint    ] Safepoint "RevokeBias", Time since last: 2505606920 ns, Reaching safepoint: 77495 ns, At safepoint: 17685 ns, Total: 95180 ns
[2020-02-27T04:57:18.894+0000][1][safepoint    ] Safepoint "RevokeBias", Time since last: 2504950904 ns, Reaching safepoint: 232113 ns, At safepoint: 43176 ns, Total: 275289 ns
[2020-02-27T04:57:20.895+0000][1][safepoint    ] Safepoint "Cleanup", Time since last: 2000942506 ns, Reaching safepoint: 154968 ns, At safepoint: 22671 ns, Total: 177639 ns
[2020-02-27T04:57:21.399+0000][1][safepoint    ] Safepoint "RevokeBias", Time since last: 503834474 ns, Reaching safepoint: 81359 ns, At safepoint: 35750 ns, Total: 117109 ns
[2020-02-27T04:57:23.906+0000][1][safepoint    ] Safepoint "RevokeBias", Time since last: 2507342845 ns, Reaching safepoint: 109123 ns, At safepoint: 26825 ns, Total: 135948 ns
[2020-02-27T04:57:26.413+0000][1][safepoint    ] Safepoint "RevokeBias", Time since last: 2506886598 ns, Reaching safepoint: 75890 ns, At safepoint: 18070 ns, Total: 93960 ns
[2020-02-27T04:57:28.934+0000][1][safepoint    ] Safepoint "RevokeBias", Time since last: 2520095720 ns, Reaching safepoint: 135094 ns, At safepoint: 18523 ns, Total: 153617 ns
[2020-02-27T04:57:31.448+0000][1][safepoint    ] Safepoint "RevokeBias", Time since last: 2514318878 ns, Reaching safepoint: 62707 ns, At safepoint: 16293 ns, Total: 79000 ns
[2020-02-27T04:57:33.962+0000][1][safepoint    ] Safepoint "RevokeBias", Time since last: 2513987584 ns, Reaching safepoint: 75900 ns, At safepoint: 18164 ns, Total: 94064 ns
[2020-02-27T04:57:36.475+0000][1][safepoint    ] Safepoint "RevokeBias", Time since last: 2512922250 ns, Reaching safepoint: 61261 ns, At safepoint: 16163 ns, Total: 77424 ns
[2020-02-27T04:57:38.988+0000][1][safepoint    ] Safepoint "RevokeBias", Time since last: 2513248928 ns, Reaching safepoint: 63613 ns, At safepoint: 17110 ns, Total: 80723 ns
[2020-02-27T04:57:41.498+0000][1][safepoint    ] Safepoint "RevokeBias", Time since last: 2509922355 ns, Reaching safepoint: 76879 ns, At safepoint: 18256 ns, Total: 95135 ns
[2020-02-27T04:57:44.009+0000][1][safepoint    ] Safepoint "RevokeBias", Time since last: 2510635265 ns, Reaching safepoint: 76992 ns, At safepoint: 17229 ns, Total: 94221 ns
[2020-02-27T04:57:46.514+0000][1][safepoint    ] Safepoint "RevokeBias", Time since last: 2504785574 ns, Reaching safepoint: 83525 ns, At safepoint: 18251 ns, Total: 101776 ns
[2020-02-27T04:57:49.030+0000][1][safepoint    ] Safepoint "RevokeBias", Time since last: 2515544572 ns, Reaching safepoint: 190857 ns, At safepoint: 21739 ns, Total: 212596 ns
[2020-02-27T04:57:51.041+0000][1][safepoint    ] Safepoint "Cleanup", Time since last: 2010632384 ns, Reaching safepoint: 98856 ns, At safepoint: 7257 ns, Total: 106113 ns
[2020-02-27T04:57:51.540+0000][1][safepoint    ] Safepoint "RevokeBias", Time since last: 498907270 ns, Reaching safepoint: 132153 ns, At safepoint: 69721 ns, Total: 201874 ns
[2020-02-27T04:57:54.046+0000][1][safepoint    ] Safepoint "RevokeBias", Time since last: 2506383303 ns, Reaching safepoint: 118145 ns, At safepoint: 20359 ns, Total: 138504 ns
[2020-02-27T04:57:56.048+0000][1][safepoint    ] Safepoint "Cleanup", Time since last: 2001652706 ns, Reaching safepoint: 101792 ns, At safepoint: 10681 ns, Total: 112473 ns
[2020-02-27T04:57:56.552+0000][1][safepoint    ] Safepoint "RevokeBias", Time since last: 504077892 ns, Reaching safepoint: 79812 ns, At safepoint: 17824 ns, Total: 97636 ns
[2020-02-27T04:57:59.056+0000][1][safepoint    ] Safepoint "RevokeBias", Time since last: 2503531240 ns, Reaching safepoint: 76369 ns, At safepoint: 17591 ns, Total: 93960 ns
[2020-02-27T04:58:01.561+0000][1][safepoint    ] Safepoint "RevokeBias", Time since last: 2505170641 ns, Reaching safepoint: 58764 ns, At safepoint: 16071 ns, Total: 74835 ns
[2020-02-27T04:58:04.068+0000][1][safepoint    ] Safepoint "RevokeBias", Time since last: 2506606498 ns, Reaching safepoint: 62196 ns, At safepoint: 17552 ns, Total: 79748 ns
[2020-02-27T04:58:06.576+0000][1][safepoint    ] Safepoint "RevokeBias", Time since last: 2508532371 ns, Reaching safepoint: 84733 ns, At safepoint: 18527 ns, Total: 103260 ns
[2020-02-27T04:58:09.090+0000][1][safepoint    ] Safepoint "RevokeBias", Time since last: 2513327989 ns, Reaching safepoint: 81293 ns, At safepoint: 18079 ns, Total: 99372 ns
[2020-02-27T04:58:11.601+0000][1][safepoint    ] Safepoint "RevokeBias", Time since last: 2511219707 ns, Reaching safepoint: 81598 ns, At safepoint: 18136 ns, Total: 99734 ns
[2020-02-27T04:58:14.108+0000][1][safepoint    ] Safepoint "BulkRevokeBias", Time since last: 2506641995 ns, Reaching safepoint: 77206 ns, At safepoint: 195668 ns, Total: 272874 ns
[2020-02-27T04:58:16.114+0000][1][safepoint    ] Safepoint "Cleanup", Time since last: 2005567519 ns, Reaching safepoint: 70534 ns, At safepoint: 9589 ns, Total: 80123 ns
[2020-02-27T04:58:16.619+0000][1][safepoint    ] Safepoint "RevokeBias", Time since last: 505199090 ns, Reaching safepoint: 138485 ns, At safepoint: 41264 ns, Total: 179749 ns
[2020-02-27T04:58:19.133+0000][1][safepoint    ] Safepoint "RevokeBias", Time since last: 2513493243 ns, Reaching safepoint: 79749 ns, At safepoint: 17812 ns, Total: 97561 ns
[2020-02-27T04:58:21.644+0000][1][safepoint    ] Safepoint "RevokeBias", Time since last: 2510847829 ns, Reaching safepoint: 103092 ns, At safepoint: 25031 ns, Total: 128123 ns
[2020-02-27T04:58:24.156+0000][1][safepoint    ] Safepoint "RevokeBias", Time since last: 2512289040 ns, Reaching safepoint: 80070 ns, At safepoint: 18344 ns, Total: 98414 ns
[2020-02-27T04:58:25.019+0000][1][gc,start     ] GC(41) Pause Young (Allocation Failure)
[2020-02-27T04:58:25.020+0000][1][gc,task      ] GC(41) Using 1 workers of 1 for evacuation
[2020-02-27T04:58:25.032+0000][1][gc,age       ] GC(41) Desired survivor size 4358144 bytes, new threshold 6 (max threshold 6)
[2020-02-27T04:58:25.032+0000][1][gc,age       ] GC(41) Age table with threshold 6 (max threshold 6)
[2020-02-27T04:58:25.032+0000][1][gc,age       ] GC(41) - age   1:      13656 bytes,      13656 total
[2020-02-27T04:58:25.032+0000][1][gc,age       ] GC(41) - age   2:       1312 bytes,      14968 total
[2020-02-27T04:58:25.032+0000][1][gc,age       ] GC(41) - age   3:       2712 bytes,      17680 total
[2020-02-27T04:58:25.032+0000][1][gc,age       ] GC(41) - age   4:       5456 bytes,      23136 total
[2020-02-27T04:58:25.032+0000][1][gc,age       ] GC(41) - age   5:       2456 bytes,      25592 total
[2020-02-27T04:58:25.032+0000][1][gc,age       ] GC(41) - age   6:      17640 bytes,      43232 total
[2020-02-27T04:58:25.032+0000][1][gc,heap      ] GC(41) ParNew: 68239K->56K(76672K)
[2020-02-27T04:58:25.032+0000][1][gc,heap      ] GC(41) CMS: 62406K->62407K(963392K)
[2020-02-27T04:58:25.032+0000][1][gc,metaspace ] GC(41) Metaspace: 79231K->79231K(1122304K)
[2020-02-27T04:58:25.032+0000][1][gc           ] GC(41) Pause Young (Allocation Failure) 127M->61M(1015M) 12.410ms
[2020-02-27T04:58:25.032+0000][1][gc,cpu       ] GC(41) User=0.01s Sys=0.00s Real=0.02s
[2020-02-27T04:58:25.032+0000][1][safepoint    ] Safepoint "GenCollectForAllocation", Time since last: 863418679 ns, Reaching safepoint: 96316 ns, At safepoint: 12499572 ns, Total: 12595888 ns
[2020-02-27T04:58:26.671+0000][1][safepoint    ] Safepoint "RevokeBias", Time since last: 1638598871 ns, Reaching safepoint: 77655 ns, At safepoint: 18040 ns, Total: 95695 ns
[2020-02-27T04:58:29.179+0000][1][safepoint    ] Safepoint "RevokeBias", Time since last: 2507773694 ns, Reaching safepoint: 131206 ns, At safepoint: 22160 ns, Total: 153366 ns
[2020-02-27T04:58:31.690+0000][1][safepoint    ] Safepoint "RevokeBias", Time since last: 2510938688 ns, Reaching safepoint: 79066 ns, At safepoint: 19102 ns, Total: 98168 ns
[2020-02-27T04:58:34.201+0000][1][safepoint    ] Safepoint "RevokeBias", Time since last: 2511437059 ns, Reaching safepoint: 79834 ns, At safepoint: 18061 ns, Total: 97895 ns
[2020-02-27T04:58:36.707+0000][1][safepoint    ] Safepoint "RevokeBias", Time since last: 2506084179 ns, Reaching safepoint: 142493 ns, At safepoint: 46504 ns, Total: 188997 ns
[2020-02-27T04:58:39.216+0000][1][safepoint    ] Safepoint "RevokeBias", Time since last: 2507393588 ns, Reaching safepoint: 1488615 ns, At safepoint: 47395 ns, Total: 1536010 ns
[2020-02-27T04:58:41.721+0000][1][safepoint    ] Safepoint "RevokeBias", Time since last: 2504535625 ns, Reaching safepoint: 131937 ns, At safepoint: 40870 ns, Total: 172807 ns
[2020-02-27T04:58:44.233+0000][1][safepoint    ] Safepoint "RevokeBias", Time since last: 2510776033 ns, Reaching safepoint: 1512440 ns, At safepoint: 26975 ns, Total: 1539415 ns
[2020-02-27T04:58:46.237+0000][1][safepoint    ] Safepoint "Cleanup", Time since last: 2003709311 ns, Reaching safepoint: 138932 ns, At safepoint: 13021 ns, Total: 151953 ns
[2020-02-27T04:58:46.741+0000][1][safepoint    ] Safepoint "RevokeBias", Time since last: 504140412 ns, Reaching safepoint: 114190 ns, At safepoint: 27912 ns, Total: 142102 ns
[2020-02-27T04:58:49.255+0000][1][safepoint    ] Safepoint "RevokeBias", Time since last: 2513739818 ns, Reaching safepoint: 117572 ns, At safepoint: 29099 ns, Total: 146671 ns
[2020-02-27T04:58:50.256+0000][1][safepoint    ] Safepoint "Cleanup", Time since last: 1000444591 ns, Reaching safepoint: 83531 ns, At safepoint: 8135 ns, Total: 91666 ns
[2020-02-27T04:58:51.865+0000][1][safepoint    ] Safepoint "RevokeBias", Time since last: 1608462039 ns, Reaching safepoint: 136834 ns, At safepoint: 33790 ns, Total: 170624 ns
[2020-02-27T04:58:54.385+0000][1][safepoint    ] Safepoint "RevokeBias", Time since last: 2520030868 ns, Reaching safepoint: 72468 ns, At safepoint: 16294 ns, Total: 88762 ns
[2020-02-27T04:58:56.386+0000][1][safepoint    ] Safepoint "Cleanup", Time since last: 2001051428 ns, Reaching safepoint: 103388 ns, At safepoint: 10594 ns, Total: 113982 ns
[2020-02-27T04:58:56.896+0000][1][safepoint    ] Safepoint "RevokeBias", Time since last: 510102755 ns, Reaching safepoint: 76699 ns, At safepoint: 16953 ns, Total: 93652 ns
[2020-02-27T04:58:59.407+0000][1][safepoint    ] Safepoint "RevokeBias", Time since last: 2511221267 ns, Reaching safepoint: 80932 ns, At safepoint: 18190 ns, Total: 99122 ns
[2020-02-27T04:59:01.925+0000][1][safepoint    ] Safepoint "RevokeBias", Time since last: 2517150771 ns, Reaching safepoint: 116301 ns, At safepoint: 28511 ns, Total: 144812 ns
[2020-02-27T04:59:04.432+0000][1][safepoint    ] Safepoint "RevokeBias", Time since last: 2507641515 ns, Reaching safepoint: 88730 ns, At safepoint: 24121 ns, Total: 112851 ns
[2020-02-27T04:59:06.438+0000][1][safepoint    ] Safepoint "Cleanup", Time since last: 2005050974 ns, Reaching safepoint: 387720 ns, At safepoint: 16135 ns, Total: 403855 ns
[2020-02-27T04:59:06.940+0000][1][safepoint    ] Safepoint "RevokeBias", Time since last: 501598400 ns, Reaching safepoint: 82112 ns, At safepoint: 20410 ns, Total: 102522 ns
[2020-02-27T04:59:09.447+0000][1][safepoint    ] Safepoint "RevokeBias", Time since last: 2507121353 ns, Reaching safepoint: 68802 ns, At safepoint: 20466 ns, Total: 89268 ns
[2020-02-27T04:59:11.961+0000][1][safepoint    ] Safepoint "RevokeBias", Time since last: 2514381279 ns, Reaching safepoint: 78158 ns, At safepoint: 17920 ns, Total: 96078 ns
[2020-02-27T04:59:14.468+0000][1][safepoint    ] Safepoint "RevokeBias", Time since last: 2506786306 ns, Reaching safepoint: 84885 ns, At safepoint: 18324 ns, Total: 103209 ns
[2020-02-27T04:59:16.984+0000][1][safepoint    ] Safepoint "RevokeBias", Time since last: 2515159029 ns, Reaching safepoint: 255348 ns, At safepoint: 37254 ns, Total: 292602 ns
[2020-02-27T04:59:19.493+0000][1][safepoint    ] Safepoint "RevokeBias", Time since last: 2509534575 ns, Reaching safepoint: 214226 ns, At safepoint: 23973 ns, Total: 238199 ns
[2020-02-27T04:59:20.494+0000][1][safepoint    ] Safepoint "Cleanup", Time since last: 1000202050 ns, Reaching safepoint: 83094 ns, At safepoint: 8973 ns, Total: 92067 ns
[2020-02-27T04:59:22.011+0000][1][safepoint    ] Safepoint "RevokeBias", Time since last: 1517532355 ns, Reaching safepoint: 108470 ns, At safepoint: 23101 ns, Total: 131571 ns
[2020-02-27T04:59:24.012+0000][1][safepoint    ] Safepoint "Cleanup", Time since last: 2000679534 ns, Reaching safepoint: 109049 ns, At safepoint: 8524 ns, Total: 117573 ns
[2020-02-27T04:59:24.522+0000][1][safepoint    ] Safepoint "RevokeBias", Time since last: 509822071 ns, Reaching safepoint: 119663 ns, At safepoint: 29094 ns, Total: 148757 ns
[2020-02-27T04:59:27.035+0000][1][safepoint    ] Safepoint "BulkRevokeBias", Time since last: 2512873323 ns, Reaching safepoint: 80982 ns, At safepoint: 202608 ns, Total: 283590 ns
[2020-02-27T04:59:29.546+0000][1][safepoint    ] Safepoint "RevokeBias", Time since last: 2510618868 ns, Reaching safepoint: 195014 ns, At safepoint: 38472 ns, Total: 233486 ns
[2020-02-27T04:59:32.057+0000][1][safepoint    ] Safepoint "RevokeBias", Time since last: 2510405199 ns, Reaching safepoint: 80212 ns, At safepoint: 18019 ns, Total: 98231 ns
[2020-02-27T04:59:34.565+0000][1][safepoint    ] Safepoint "RevokeBias", Time since last: 2508555934 ns, Reaching safepoint: 82721 ns, At safepoint: 22463 ns, Total: 105184 ns
[2020-02-27T04:59:37.075+0000][1][safepoint    ] Safepoint "RevokeBias", Time since last: 2509462965 ns, Reaching safepoint: 73698 ns, At safepoint: 28103 ns, Total: 101801 ns
[2020-02-27T04:59:39.581+0000][1][safepoint    ] Safepoint "RevokeBias", Time since last: 2506021255 ns, Reaching safepoint: 82064 ns, At safepoint: 19355 ns, Total: 101419 ns
[2020-02-27T04:59:42.086+0000][1][safepoint    ] Safepoint "RevokeBias", Time since last: 2504711107 ns, Reaching safepoint: 175840 ns, At safepoint: 35904 ns, Total: 211744 ns
[2020-02-27T04:59:44.593+0000][1][safepoint    ] Safepoint "RevokeBias", Time since last: 2506663986 ns, Reaching safepoint: 81209 ns, At safepoint: 18599 ns, Total: 99808 ns
[2020-02-27T04:59:47.098+0000][1][safepoint    ] Safepoint "RevokeBias", Time since last: 2504867443 ns, Reaching safepoint: 76501 ns, At safepoint: 17379 ns, Total: 93880 ns
[2020-02-27T04:59:49.626+0000][1][safepoint    ] Safepoint "RevokeBias", Time since last: 2528118312 ns, Reaching safepoint: 100794 ns, At safepoint: 17044 ns, Total: 117838 ns
[2020-02-27T04:59:50.627+0000][1][safepoint    ] Safepoint "Cleanup", Time since last: 1000857055 ns, Reaching safepoint: 82295 ns, At safepoint: 7880 ns, Total: 90175 ns
[2020-02-27T04:59:52.141+0000][1][safepoint    ] Safepoint "RevokeBias", Time since last: 1514569215 ns, Reaching safepoint: 116125 ns, At safepoint: 34469 ns, Total: 150594 ns
[2020-02-27T04:59:54.144+0000][1][safepoint    ] Safepoint "Cleanup", Time since last: 2002782976 ns, Reaching safepoint: 125431 ns, At safepoint: 11260 ns, Total: 136691 ns
[2020-02-27T04:59:54.660+0000][1][safepoint    ] Safepoint "RevokeBias", Time since last: 515873857 ns, Reaching safepoint: 78931 ns, At safepoint: 18290 ns, Total: 97221 ns
[2020-02-27T04:59:55.661+0000][1][safepoint    ] Safepoint "Cleanup", Time since last: 1000636642 ns, Reaching safepoint: 85349 ns, At safepoint: 8937 ns, Total: 94286 ns
[2020-02-27T04:59:57.172+0000][1][safepoint    ] Safepoint "RevokeBias", Time since last: 1510777833 ns, Reaching safepoint: 79789 ns, At safepoint: 18229 ns, Total: 98018 ns
[2020-02-27T04:59:59.174+0000][1][safepoint    ] Safepoint "Cleanup", Time since last: 2001318385 ns, Reaching safepoint: 165266 ns, At safepoint: 26781 ns, Total: 192047 ns
[2020-02-27T04:59:59.687+0000][1][safepoint    ] Safepoint "RevokeBias", Time since last: 513879815 ns, Reaching safepoint: 74646 ns, At safepoint: 16864 ns, Total: 91510 ns
[2020-02-27T05:00:02.200+0000][1][safepoint    ] Safepoint "RevokeBias", Time since last: 2512133550 ns, Reaching safepoint: 78712 ns, At safepoint: 17711 ns, Total: 96423 ns
[2020-02-27T05:00:04.713+0000][1][safepoint    ] Safepoint "RevokeBias", Time since last: 2513264008 ns, Reaching safepoint: 88574 ns, At safepoint: 21312 ns, Total: 109886 ns
[2020-02-27T05:00:07.225+0000][1][safepoint    ] Safepoint "RevokeBias", Time since last: 2511382212 ns, Reaching safepoint: 149654 ns, At safepoint: 49176 ns, Total: 198830 ns
[2020-02-27T05:00:09.729+0000][1][safepoint    ] Safepoint "RevokeBias", Time since last: 2504605277 ns, Reaching safepoint: 136405 ns, At safepoint: 19638 ns, Total: 156043 ns
[2020-02-27T05:00:12.236+0000][1][safepoint    ] Safepoint "RevokeBias", Time since last: 2506538305 ns, Reaching safepoint: 79657 ns, At safepoint: 106849 ns, Total: 186506 ns
[2020-02-27T05:00:14.744+0000][1][safepoint    ] Safepoint "RevokeBias", Time since last: 2507792216 ns, Reaching safepoint: 126071 ns, At safepoint: 32202 ns, Total: 158273 ns
[2020-02-27T05:00:17.256+0000][1][safepoint    ] Safepoint "RevokeBias", Time since last: 2512143422 ns, Reaching safepoint: 105946 ns, At safepoint: 26608 ns, Total: 132554 ns
[2020-02-27T05:00:19.761+0000][1][safepoint    ] Safepoint "RevokeBias", Time since last: 2504816426 ns, Reaching safepoint: 114595 ns, At safepoint: 25395 ns, Total: 139990 ns
[2020-02-27T05:00:20.763+0000][1][safepoint    ] Safepoint "Cleanup", Time since last: 1001054123 ns, Reaching safepoint: 119402 ns, At safepoint: 14437 ns, Total: 133839 ns
[2020-02-27T05:00:22.281+0000][1][safepoint    ] Safepoint "RevokeBias", Time since last: 1517843502 ns, Reaching safepoint: 136728 ns, At safepoint: 35659 ns, Total: 172387 ns
[2020-02-27T05:00:24.800+0000][1][safepoint    ] Safepoint "RevokeBias", Time since last: 2519666301 ns, Reaching safepoint: 133140 ns, At safepoint: 40669 ns, Total: 173809 ns
[2020-02-27T05:00:25.801+0000][1][safepoint    ] Safepoint "Cleanup", Time since last: 1000577927 ns, Reaching safepoint: 86360 ns, At safepoint: 8341 ns, Total: 94701 ns
[2020-02-27T05:00:27.308+0000][1][safepoint    ] Safepoint "RevokeBias", Time since last: 1506343611 ns, Reaching safepoint: 130253 ns, At safepoint: 36197 ns, Total: 166450 ns
[2020-02-27T05:00:29.813+0000][1][safepoint    ] Safepoint "RevokeBias", Time since last: 2504980680 ns, Reaching safepoint: 366557 ns, At safepoint: 27604 ns, Total: 394161 ns
[2020-02-27T05:00:32.321+0000][1][safepoint    ] Safepoint "RevokeBias", Time since last: 2507621315 ns, Reaching safepoint: 164423 ns, At safepoint: 23335 ns, Total: 187758 ns
[2020-02-27T05:00:34.825+0000][1][safepoint    ] Safepoint "RevokeBias", Time since last: 2504072647 ns, Reaching safepoint: 78757 ns, At safepoint: 18942 ns, Total: 97699 ns
[2020-02-27T05:00:37.332+0000][1][safepoint    ] Safepoint "RevokeBias", Time since last: 2506571607 ns, Reaching safepoint: 57017 ns, At safepoint: 16462 ns, Total: 73479 ns
[2020-02-27T05:00:39.836+0000][1][safepoint    ] Safepoint "BulkRevokeBias", Time since last: 2504230365 ns, Reaching safepoint: 116178 ns, At safepoint: 153153 ns, Total: 269331 ns
[2020-02-27T05:00:42.339+0000][1][safepoint    ] Safepoint "RevokeBias", Time since last: 2502501970 ns, Reaching safepoint: 78361 ns, At safepoint: 18007 ns, Total: 96368 ns
[2020-02-27T05:00:44.843+0000][1][gc,start     ] GC(42) Pause Young (Allocation Failure)
[2020-02-27T05:00:44.843+0000][1][gc,task      ] GC(42) Using 1 workers of 1 for evacuation
[2020-02-27T05:00:44.959+0000][1][gc,age       ] GC(42) Desired survivor size 4358144 bytes, new threshold 6 (max threshold 6)
[2020-02-27T05:00:44.959+0000][1][gc,age       ] GC(42) Age table with threshold 6 (max threshold 6)
[2020-02-27T05:00:44.959+0000][1][gc,age       ] GC(42) - age   1:      12680 bytes,      12680 total
[2020-02-27T05:00:44.959+0000][1][gc,age       ] GC(42) - age   2:       1704 bytes,      14384 total
[2020-02-27T05:00:44.959+0000][1][gc,age       ] GC(42) - age   3:       1312 bytes,      15696 total
[2020-02-27T05:00:44.959+0000][1][gc,age       ] GC(42) - age   4:       2712 bytes,      18408 total
[2020-02-27T05:00:44.959+0000][1][gc,age       ] GC(42) - age   5:       5456 bytes,      23864 total
[2020-02-27T05:00:44.959+0000][1][gc,age       ] GC(42) - age   6:       2456 bytes,      26320 total
[2020-02-27T05:00:44.959+0000][1][gc,heap      ] GC(42) ParNew: 68201K->45K(76672K)
[2020-02-27T05:00:44.959+0000][1][gc,heap      ] GC(42) CMS: 62407K->62425K(963392K)
[2020-02-27T05:00:44.959+0000][1][gc,metaspace ] GC(42) Metaspace: 79245K->79245K(1122304K)
[2020-02-27T05:00:44.959+0000][1][gc           ] GC(42) Pause Young (Allocation Failure) 127M->61M(1015M) 116.286ms
[2020-02-27T05:00:44.959+0000][1][gc,cpu       ] GC(42) User=0.01s Sys=0.00s Real=0.11s
[2020-02-27T05:00:44.959+0000][1][safepoint    ] Safepoint "GenCollectForAllocation", Time since last: 2504206586 ns, Reaching safepoint: 78675 ns, At safepoint: 116343075 ns, Total: 116421750 ns
[2020-02-27T05:00:44.961+0000][1][safepoint    ] Safepoint "RevokeBias", Time since last: 1489494 ns, Reaching safepoint: 82851 ns, At safepoint: 18469 ns, Total: 101320 ns
[2020-02-27T05:00:47.468+0000][1][safepoint    ] Safepoint "RevokeBias", Time since last: 2507261050 ns, Reaching safepoint: 82926 ns, At safepoint: 18725 ns, Total: 101651 ns
[2020-02-27T05:00:49.997+0000][1][safepoint    ] Safepoint "RevokeBias", Time since last: 2528742208 ns, Reaching safepoint: 232735 ns, At safepoint: 17994 ns, Total: 250729 ns
[2020-02-27T05:00:52.515+0000][1][safepoint    ] Safepoint "RevokeBias", Time since last: 2517917143 ns, Reaching safepoint: 94307 ns, At safepoint: 20528 ns, Total: 114835 ns
[2020-02-27T05:00:55.094+0000][1][safepoint    ] Safepoint "RevokeBias", Time since last: 2578410803 ns, Reaching safepoint: 217455 ns, At safepoint: 19887 ns, Total: 237342 ns
[2020-02-27T05:00:57.613+0000][1][safepoint    ] Safepoint "RevokeBias", Time since last: 2518657460 ns, Reaching safepoint: 91694 ns, At safepoint: 23030 ns, Total: 114724 ns
[2020-02-27T05:01:00.131+0000][1][safepoint    ] Safepoint "RevokeBias", Time since last: 2518503566 ns, Reaching safepoint: 81127 ns, At safepoint: 17178 ns, Total: 98305 ns
[2020-02-27T05:01:02.641+0000][1][safepoint    ] Safepoint "RevokeBias", Time since last: 2509586639 ns, Reaching safepoint: 101467 ns, At safepoint: 21127 ns, Total: 122594 ns
[2020-02-27T05:01:04.642+0000][1][safepoint    ] Safepoint "Cleanup", Time since last: 2000500124 ns, Reaching safepoint: 87114 ns, At safepoint: 7724 ns, Total: 94838 ns
[2020-02-27T05:01:05.158+0000][1][safepoint    ] Safepoint "RevokeBias", Time since last: 516540360 ns, Reaching safepoint: 152238 ns, At safepoint: 21443 ns, Total: 173681 ns
[2020-02-27T05:01:07.675+0000][1][safepoint    ] Safepoint "RevokeBias", Time since last: 2516696940 ns, Reaching safepoint: 153401 ns, At safepoint: 28241 ns, Total: 181642 ns
[2020-02-27T05:01:10.178+0000][1][safepoint    ] Safepoint "RevokeBias", Time since last: 2503040416 ns, Reaching safepoint: 150934 ns, At safepoint: 48485 ns, Total: 199419 ns
[2020-02-27T05:01:12.682+0000][1][safepoint    ] Safepoint "RevokeBias", Time since last: 2503877428 ns, Reaching safepoint: 84027 ns, At safepoint: 18875 ns, Total: 102902 ns
[2020-02-27T05:01:15.187+0000][1][safepoint    ] Safepoint "RevokeBias", Time since last: 2504795738 ns, Reaching safepoint: 81562 ns, At safepoint: 19101 ns, Total: 100663 ns
[2020-02-27T05:01:17.696+0000][1][safepoint    ] Safepoint "RevokeBias", Time since last: 2508193090 ns, Reaching safepoint: 109126 ns, At safepoint: 28652 ns, Total: 137778 ns
[2020-02-27T05:01:20.199+0000][1][safepoint    ] Safepoint "RevokeBias", Time since last: 2502844150 ns, Reaching safepoint: 146337 ns, At safepoint: 21764 ns, Total: 168101 ns
[2020-02-27T05:01:22.705+0000][1][safepoint    ] Safepoint "RevokeBias", Time since last: 2506723714 ns, Reaching safepoint: 88764 ns, At safepoint: 18853 ns, Total: 107617 ns
[2020-02-27T05:01:24.707+0000][1][safepoint    ] Safepoint "Cleanup", Time since last: 2001472744 ns, Reaching safepoint: 90370 ns, At safepoint: 7313 ns, Total: 97683 ns
[2020-02-27T05:01:25.209+0000][1][safepoint    ] Safepoint "RevokeBias", Time since last: 501904167 ns, Reaching safepoint: 103862 ns, At safepoint: 26237 ns, Total: 130099 ns
[2020-02-27T05:01:27.714+0000][1][safepoint    ] Safepoint "RevokeBias", Time since last: 2504953459 ns, Reaching safepoint: 83258 ns, At safepoint: 18559 ns, Total: 101817 ns
[2020-02-27T05:01:30.217+0000][1][safepoint    ] Safepoint "RevokeBias", Time since last: 2503123534 ns, Reaching safepoint: 83642 ns, At safepoint: 17973 ns, Total: 101615 ns
[2020-02-27T05:01:32.724+0000][1][safepoint    ] Safepoint "RevokeBias", Time since last: 2506490972 ns, Reaching safepoint: 143706 ns, At safepoint: 31012 ns, Total: 174718 ns
[2020-02-27T05:01:35.229+0000][1][safepoint    ] Safepoint "RevokeBias", Time since last: 2504534159 ns, Reaching safepoint: 90781 ns, At safepoint: 20642 ns, Total: 111423 ns
[2020-02-27T05:01:37.745+0000][1][safepoint    ] Safepoint "RevokeBias", Time since last: 2516477762 ns, Reaching safepoint: 83116 ns, At safepoint: 18518 ns, Total: 101634 ns
[2020-02-27T05:01:40.259+0000][1][safepoint    ] Safepoint "RevokeBias", Time since last: 2513922782 ns, Reaching safepoint: 179747 ns, At safepoint: 25631 ns, Total: 205378 ns
[2020-02-27T05:01:42.771+0000][1][safepoint    ] Safepoint "RevokeBias", Time since last: 2511058487 ns, Reaching safepoint: 80341 ns, At safepoint: 18353 ns, Total: 98694 ns
[2020-02-27T05:01:45.279+0000][1][safepoint    ] Safepoint "RevokeBias", Time since last: 2508594297 ns, Reaching safepoint: 85313 ns, At safepoint: 18173 ns, Total: 103486 ns
[2020-02-27T05:01:47.797+0000][1][safepoint    ] Safepoint "RevokeBias", Time since last: 2517739899 ns, Reaching safepoint: 83067 ns, At safepoint: 17962 ns, Total: 101029 ns
[2020-02-27T05:01:50.307+0000][1][safepoint    ] Safepoint "RevokeBias", Time since last: 2509637229 ns, Reaching safepoint: 124127 ns, At safepoint: 28836 ns, Total: 152963 ns
[2020-02-27T05:01:52.821+0000][1][safepoint    ] Safepoint "BulkRevokeBias", Time since last: 2513635001 ns, Reaching safepoint: 81991 ns, At safepoint: 367331 ns, Total: 449322 ns
[2020-02-27T05:01:55.336+0000][1][safepoint    ] Safepoint "RevokeBias", Time since last: 2515018409 ns, Reaching safepoint: 85480 ns, At safepoint: 105936 ns, Total: 191416 ns
[2020-02-27T05:01:57.842+0000][1][safepoint    ] Safepoint "RevokeBias", Time since last: 2506196591 ns, Reaching safepoint: 82821 ns, At safepoint: 17872 ns, Total: 100693 ns
[2020-02-27T05:02:00.347+0000][1][safepoint    ] Safepoint "RevokeBias", Time since last: 2504193754 ns, Reaching safepoint: 90818 ns, At safepoint: 20094 ns, Total: 110912 ns
[2020-02-27T05:02:02.857+0000][1][safepoint    ] Safepoint "RevokeBias", Time since last: 2509808067 ns, Reaching safepoint: 104653 ns, At safepoint: 22208 ns, Total: 126861 ns
[2020-02-27T05:02:05.362+0000][1][safepoint    ] Safepoint "RevokeBias", Time since last: 2504718567 ns, Reaching safepoint: 174517 ns, At safepoint: 32459 ns, Total: 206976 ns
[2020-02-27T05:02:07.870+0000][1][safepoint    ] Safepoint "RevokeBias", Time since last: 2507879068 ns, Reaching safepoint: 81783 ns, At safepoint: 18869 ns, Total: 100652 ns
[2020-02-27T05:02:10.373+0000][1][safepoint    ] Safepoint "RevokeBias", Time since last: 2503323469 ns, Reaching safepoint: 93390 ns, At safepoint: 20909 ns, Total: 114299 ns
[2020-02-27T05:02:12.877+0000][1][safepoint    ] Safepoint "RevokeBias", Time since last: 2504178002 ns, Reaching safepoint: 84863 ns, At safepoint: 18746 ns, Total: 103609 ns
[2020-02-27T05:02:15.382+0000][1][safepoint    ] Safepoint "RevokeBias", Time since last: 2504690882 ns, Reaching safepoint: 141126 ns, At safepoint: 20081 ns, Total: 161207 ns
[2020-02-27T05:02:17.886+0000][1][safepoint    ] Safepoint "RevokeBias", Time since last: 2504229267 ns, Reaching safepoint: 82310 ns, At safepoint: 18047 ns, Total: 100357 ns
[2020-02-27T05:02:20.389+0000][1][safepoint    ] Safepoint "RevokeBias", Time since last: 2502655289 ns, Reaching safepoint: 82666 ns, At safepoint: 17920 ns, Total: 100586 ns
[2020-02-27T05:02:22.895+0000][1][safepoint    ] Safepoint "RevokeBias", Time since last: 2506066344 ns, Reaching safepoint: 95159 ns, At safepoint: 28333 ns, Total: 123492 ns
[2020-02-27T05:02:25.415+0000][1][safepoint    ] Safepoint "RevokeBias", Time since last: 2519446508 ns, Reaching safepoint: 137471 ns, At safepoint: 35062 ns, Total: 172533 ns
[2020-02-27T05:02:27.930+0000][1][safepoint    ] Safepoint "RevokeBias", Time since last: 2514418189 ns, Reaching safepoint: 90176 ns, At safepoint: 20799 ns, Total: 110975 ns
[2020-02-27T05:02:30.442+0000][1][safepoint    ] Safepoint "RevokeBias", Time since last: 2512560357 ns, Reaching safepoint: 113399 ns, At safepoint: 21236 ns, Total: 134635 ns
[2020-02-27T05:02:32.959+0000][1][safepoint    ] Safepoint "RevokeBias", Time since last: 2517000088 ns, Reaching safepoint: 120888 ns, At safepoint: 21959 ns, Total: 142847 ns
[2020-02-27T05:02:35.482+0000][1][safepoint    ] Safepoint "RevokeBias", Time since last: 2522027720 ns, Reaching safepoint: 81258 ns, At safepoint: 18148 ns, Total: 99406 ns
[2020-02-27T05:02:36.482+0000][1][safepoint    ] Safepoint "Cleanup", Time since last: 1000199263 ns, Reaching safepoint: 94008 ns, At safepoint: 7988 ns, Total: 101996 ns
[2020-02-27T05:02:37.993+0000][1][safepoint    ] Safepoint "RevokeBias", Time since last: 1510866571 ns, Reaching safepoint: 84688 ns, At safepoint: 18485 ns, Total: 103173 ns
[2020-02-27T05:02:40.507+0000][1][safepoint    ] Safepoint "RevokeBias", Time since last: 2513487767 ns, Reaching safepoint: 204451 ns, At safepoint: 58564 ns, Total: 263015 ns
[2020-02-27T05:02:43.015+0000][1][safepoint    ] Safepoint "RevokeBias", Time since last: 2507933004 ns, Reaching safepoint: 78572 ns, At safepoint: 17593 ns, Total: 96165 ns
[2020-02-27T05:02:45.538+0000][1][safepoint    ] Safepoint "RevokeBias", Time since last: 2522973710 ns, Reaching safepoint: 451640 ns, At safepoint: 28248 ns, Total: 479888 ns
[2020-02-27T05:02:46.539+0000][1][safepoint    ] Safepoint "Cleanup", Time since last: 1000350087 ns, Reaching safepoint: 96104 ns, At safepoint: 5282 ns, Total: 101386 ns
[2020-02-27T05:02:48.045+0000][1][safepoint    ] Safepoint "RevokeBias", Time since last: 1505953654 ns, Reaching safepoint: 80042 ns, At safepoint: 17517 ns, Total: 97559 ns
[2020-02-27T05:02:50.548+0000][1][safepoint    ] Safepoint "RevokeBias", Time since last: 2503015143 ns, Reaching safepoint: 119987 ns, At safepoint: 17791 ns, Total: 137778 ns
[2020-02-27T05:02:53.055+0000][1][safepoint    ] Safepoint "RevokeBias", Time since last: 2507252136 ns, Reaching safepoint: 82988 ns, At safepoint: 19668 ns, Total: 102656 ns
[2020-02-27T05:02:55.560+0000][1][safepoint    ] Safepoint "RevokeBias", Time since last: 2504896589 ns, Reaching safepoint: 81313 ns, At safepoint: 18037 ns, Total: 99350 ns
[2020-02-27T05:02:58.066+0000][1][safepoint    ] Safepoint "RevokeBias", Time since last: 2505842320 ns, Reaching safepoint: 101544 ns, At safepoint: 22714 ns, Total: 124258 ns
[2020-02-27T05:02:59.067+0000][1][safepoint    ] Safepoint "Cleanup", Time since last: 1000483889 ns, Reaching safepoint: 113054 ns, At safepoint: 47357 ns, Total: 160411 ns
[2020-02-27T05:03:00.349+0000][1][gc,start     ] GC(43) Pause Young (Allocation Failure)
[2020-02-27T05:03:00.349+0000][1][gc,task      ] GC(43) Using 1 workers of 1 for evacuation
[2020-02-27T05:03:00.359+0000][1][gc,age       ] GC(43) Desired survivor size 4358144 bytes, new threshold 6 (max threshold 6)
[2020-02-27T05:03:00.359+0000][1][gc,age       ] GC(43) Age table with threshold 6 (max threshold 6)
[2020-02-27T05:03:00.359+0000][1][gc,age       ] GC(43) - age   1:      13688 bytes,      13688 total
[2020-02-27T05:03:00.359+0000][1][gc,age       ] GC(43) - age   2:       2000 bytes,      15688 total
[2020-02-27T05:03:00.359+0000][1][gc,age       ] GC(43) - age   3:       1704 bytes,      17392 total
[2020-02-27T05:03:00.359+0000][1][gc,age       ] GC(43) - age   4:       1312 bytes,      18704 total
[2020-02-27T05:03:00.359+0000][1][gc,age       ] GC(43) - age   5:       2712 bytes,      21416 total
[2020-02-27T05:03:00.359+0000][1][gc,age       ] GC(43) - age   6:       5224 bytes,      26640 total
[2020-02-27T05:03:00.359+0000][1][gc,heap      ] GC(43) ParNew: 68205K->42K(76672K)
[2020-02-27T05:03:00.359+0000][1][gc,heap      ] GC(43) CMS: 62425K->62427K(963392K)
[2020-02-27T05:03:00.359+0000][1][gc,metaspace ] GC(43) Metaspace: 79298K->79298K(1122304K)
[2020-02-27T05:03:00.359+0000][1][gc           ] GC(43) Pause Young (Allocation Failure) 127M->61M(1015M) 10.225ms
[2020-02-27T05:03:00.359+0000][1][gc,cpu       ] GC(43) User=0.01s Sys=0.00s Real=0.01s
[2020-02-27T05:03:00.359+0000][1][safepoint    ] Safepoint "GenCollectForAllocation", Time since last: 1282109640 ns, Reaching safepoint: 77896 ns, At safepoint: 10281727 ns, Total: 10359623 ns
[2020-02-27T05:03:00.569+0000][1][safepoint    ] Safepoint "RevokeBias", Time since last: 210045879 ns, Reaching safepoint: 78282 ns, At safepoint: 17507 ns, Total: 95789 ns
[2020-02-27T05:03:03.080+0000][1][safepoint    ] Safepoint "RevokeBias", Time since last: 2510257801 ns, Reaching safepoint: 89540 ns, At safepoint: 18984 ns, Total: 108524 ns
[2020-02-27T05:03:05.589+0000][1][safepoint    ] Safepoint "BulkRevokeBias", Time since last: 2508841139 ns, Reaching safepoint: 116441 ns, At safepoint: 238585 ns, Total: 355026 ns
[2020-02-27T05:03:08.110+0000][1][safepoint    ] Safepoint "RevokeBias", Time since last: 2520922493 ns, Reaching safepoint: 111747 ns, At safepoint: 26403 ns, Total: 138150 ns
[2020-02-27T05:03:09.110+0000][1][safepoint    ] Safepoint "Cleanup", Time since last: 1000485468 ns, Reaching safepoint: 83927 ns, At safepoint: 6951 ns, Total: 90878 ns
[2020-02-27T05:03:10.620+0000][1][safepoint    ] Safepoint "RevokeBias", Time since last: 1509609278 ns, Reaching safepoint: 161549 ns, At safepoint: 20706 ns, Total: 182255 ns
[2020-02-27T05:03:13.135+0000][1][safepoint    ] Safepoint "RevokeBias", Time since last: 2514827991 ns, Reaching safepoint: 85557 ns, At safepoint: 19114 ns, Total: 104671 ns
[2020-02-27T05:03:15.648+0000][1][safepoint    ] Safepoint "RevokeBias", Time since last: 2512203682 ns, Reaching safepoint: 202752 ns, At safepoint: 35821 ns, Total: 238573 ns
[2020-02-27T05:03:16.648+0000][1][safepoint    ] Safepoint "Cleanup", Time since last: 1000349470 ns, Reaching safepoint: 93285 ns, At safepoint: 8071 ns, Total: 101356 ns
[2020-02-27T05:03:18.170+0000][1][safepoint    ] Safepoint "RevokeBias", Time since last: 1521795876 ns, Reaching safepoint: 122827 ns, At safepoint: 28024 ns, Total: 150851 ns
[2020-02-27T05:03:20.177+0000][1][safepoint    ] Safepoint "Cleanup", Time since last: 2007261873 ns, Reaching safepoint: 112666 ns, At safepoint: 11563 ns, Total: 124229 ns
[2020-02-27T05:03:20.678+0000][1][safepoint    ] Safepoint "RevokeBias", Time since last: 500699215 ns, Reaching safepoint: 94593 ns, At safepoint: 21360 ns, Total: 115953 ns
[2020-02-27T05:03:23.186+0000][1][safepoint    ] Safepoint "RevokeBias", Time since last: 2507221058 ns, Reaching safepoint: 83288 ns, At safepoint: 18655 ns, Total: 101943 ns
[2020-02-27T05:03:25.691+0000][1][safepoint    ] Safepoint "RevokeBias", Time since last: 2505520263 ns, Reaching safepoint: 79551 ns, At safepoint: 21800 ns, Total: 101351 ns
[2020-02-27T05:03:28.213+0000][1][safepoint    ] Safepoint "RevokeBias", Time since last: 2522127360 ns, Reaching safepoint: 75267 ns, At safepoint: 19474 ns, Total: 94741 ns
[2020-02-27T05:03:30.773+0000][1][safepoint    ] Safepoint "RevokeBias", Time since last: 2559077687 ns, Reaching safepoint: 119661 ns, At safepoint: 32085 ns, Total: 151746 ns
[2020-02-27T05:03:33.288+0000][1][safepoint    ] Safepoint "RevokeBias", Time since last: 2515586309 ns, Reaching safepoint: 131004 ns, At safepoint: 49775 ns, Total: 180779 ns
[2020-02-27T05:03:35.794+0000][1][safepoint    ] Safepoint "RevokeBias", Time since last: 2505532224 ns, Reaching safepoint: 92341 ns, At safepoint: 18524 ns, Total: 110865 ns
[2020-02-27T05:03:38.300+0000][1][safepoint    ] Safepoint "RevokeBias", Time since last: 2505472315 ns, Reaching safepoint: 101444 ns, At safepoint: 21913 ns, Total: 123357 ns
[2020-02-27T05:03:40.805+0000][1][safepoint    ] Safepoint "RevokeBias", Time since last: 2505240740 ns, Reaching safepoint: 79903 ns, At safepoint: 119427 ns, Total: 199330 ns
[2020-02-27T05:03:43.310+0000][1][safepoint    ] Safepoint "RevokeBias", Time since last: 2504806062 ns, Reaching safepoint: 114509 ns, At safepoint: 27916 ns, Total: 142425 ns
[2020-02-27T05:03:45.874+0000][1][safepoint    ] Safepoint "RevokeBias", Time since last: 2563846760 ns, Reaching safepoint: 117878 ns, At safepoint: 20088 ns, Total: 137966 ns
[2020-02-27T05:03:48.386+0000][1][safepoint    ] Safepoint "RevokeBias", Time since last: 2511297453 ns, Reaching safepoint: 173575 ns, At safepoint: 38271 ns, Total: 211846 ns
[2020-02-27T05:03:50.955+0000][1][safepoint    ] Safepoint "RevokeBias", Time since last: 2568990942 ns, Reaching safepoint: 82061 ns, At safepoint: 18882 ns, Total: 100943 ns
[2020-02-27T05:03:53.466+0000][1][safepoint    ] Safepoint "RevokeBias", Time since last: 2510928218 ns, Reaching safepoint: 81437 ns, At safepoint: 18588 ns, Total: 100025 ns
[2020-02-27T05:03:56.020+0000][1][safepoint    ] Safepoint "RevokeBias", Time since last: 2554196850 ns, Reaching safepoint: 118284 ns, At safepoint: 20014 ns, Total: 138298 ns
[2020-02-27T05:03:58.669+0000][1][safepoint    ] Safepoint "RevokeBias", Time since last: 2649149661 ns, Reaching safepoint: 162841 ns, At safepoint: 28357 ns, Total: 191198 ns
[2020-02-27T05:04:01.180+0000][1][safepoint    ] Safepoint "RevokeBias", Time since last: 2510721500 ns, Reaching safepoint: 84023 ns, At safepoint: 19866 ns, Total: 103889 ns
[2020-02-27T05:04:03.691+0000][1][safepoint    ] Safepoint "RevokeBias", Time since last: 2510525409 ns, Reaching safepoint: 212354 ns, At safepoint: 22702 ns, Total: 235056 ns
[2020-02-27T05:04:06.197+0000][1][safepoint    ] Safepoint "RevokeBias", Time since last: 2506031774 ns, Reaching safepoint: 88405 ns, At safepoint: 19929 ns, Total: 108334 ns
[2020-02-27T05:04:08.717+0000][1][safepoint    ] Safepoint "RevokeBias", Time since last: 2519886646 ns, Reaching safepoint: 114557 ns, At safepoint: 84789 ns, Total: 199346 ns
[2020-02-27T05:04:11.222+0000][1][safepoint    ] Safepoint "RevokeBias", Time since last: 2504346197 ns, Reaching safepoint: 80274 ns, At safepoint: 18159 ns, Total: 98433 ns
[2020-02-27T05:04:13.773+0000][1][safepoint    ] Safepoint "RevokeBias", Time since last: 2551051868 ns, Reaching safepoint: 103085 ns, At safepoint: 22439 ns, Total: 125524 ns
[2020-02-27T05:04:16.444+0000][1][safepoint    ] Safepoint "RevokeBias", Time since last: 2671155272 ns, Reaching safepoint: 120692 ns, At safepoint: 18565 ns, Total: 139257 ns
[2020-02-27T05:04:19.001+0000][1][safepoint    ] Safepoint "BulkRevokeBias", Time since last: 2556153136 ns, Reaching safepoint: 172436 ns, At safepoint: 253373 ns, Total: 425809 ns
[2020-02-27T05:04:21.503+0000][1][safepoint    ] Safepoint "RevokeBias", Time since last: 2502112771 ns, Reaching safepoint: 150622 ns, At safepoint: 32861 ns, Total: 183483 ns
[2020-02-27T05:04:24.011+0000][1][safepoint    ] Safepoint "RevokeBias", Time since last: 2507714540 ns, Reaching safepoint: 252166 ns, At safepoint: 20172 ns, Total: 272338 ns
[2020-02-27T05:04:26.531+0000][1][safepoint    ] Safepoint "RevokeBias", Time since last: 2519619125 ns, Reaching safepoint: 64079 ns, At safepoint: 16521 ns, Total: 80600 ns
[2020-02-27T05:04:29.038+0000][1][safepoint    ] Safepoint "RevokeBias", Time since last: 2507509252 ns, Reaching safepoint: 149188 ns, At safepoint: 23664 ns, Total: 172852 ns
[2020-02-27T05:04:31.542+0000][1][safepoint    ] Safepoint "RevokeBias", Time since last: 2503470039 ns, Reaching safepoint: 160724 ns, At safepoint: 19460 ns, Total: 180184 ns
[2020-02-27T05:04:34.048+0000][1][safepoint    ] Safepoint "RevokeBias", Time since last: 2506359149 ns, Reaching safepoint: 120280 ns, At safepoint: 19235 ns, Total: 139515 ns
[2020-02-27T05:04:36.554+0000][1][safepoint    ] Safepoint "RevokeBias", Time since last: 2505152688 ns, Reaching safepoint: 236815 ns, At safepoint: 41059 ns, Total: 277874 ns
[2020-02-27T05:04:39.081+0000][1][safepoint    ] Safepoint "RevokeBias", Time since last: 2526409290 ns, Reaching safepoint: 105460 ns, At safepoint: 106706 ns, Total: 212166 ns
[2020-02-27T05:04:41.597+0000][1][safepoint    ] Safepoint "RevokeBias", Time since last: 2516495621 ns, Reaching safepoint: 83718 ns, At safepoint: 18070 ns, Total: 101788 ns
[2020-02-27T05:04:43.598+0000][1][safepoint    ] Safepoint "Cleanup", Time since last: 2001054731 ns, Reaching safepoint: 83577 ns, At safepoint: 6739 ns, Total: 90316 ns
[2020-02-27T05:04:44.117+0000][1][safepoint    ] Safepoint "RevokeBias", Time since last: 518732050 ns, Reaching safepoint: 89436 ns, At safepoint: 19331 ns, Total: 108767 ns
[2020-02-27T05:04:46.630+0000][1][safepoint    ] Safepoint "RevokeBias", Time since last: 2512989844 ns, Reaching safepoint: 99561 ns, At safepoint: 19123 ns, Total: 118684 ns
[2020-02-27T05:04:49.145+0000][1][safepoint    ] Safepoint "RevokeBias", Time since last: 2514376121 ns, Reaching safepoint: 206094 ns, At safepoint: 33484 ns, Total: 239578 ns
[2020-02-27T05:04:51.481+0000][1][safepoint    ] Safepoint "Cleanup", Time since last: 2335829929 ns, Reaching safepoint: 169646 ns, At safepoint: 9238 ns, Total: 178884 ns
[2020-02-27T05:04:51.657+0000][1][safepoint    ] Safepoint "RevokeBias", Time since last: 176241776 ns, Reaching safepoint: 201797 ns, At safepoint: 48396 ns, Total: 250193 ns
[2020-02-27T05:04:54.166+0000][1][safepoint    ] Safepoint "RevokeBias", Time since last: 2508554252 ns, Reaching safepoint: 60247 ns, At safepoint: 17759 ns, Total: 78006 ns
[2020-02-27T05:04:56.672+0000][1][safepoint    ] Safepoint "RevokeBias", Time since last: 2505683512 ns, Reaching safepoint: 105770 ns, At safepoint: 20259 ns, Total: 126029 ns
[2020-02-27T05:04:59.177+0000][1][safepoint    ] Safepoint "RevokeBias", Time since last: 2505606331 ns, Reaching safepoint: 82151 ns, At safepoint: 17798 ns, Total: 99949 ns
[2020-02-27T05:05:01.681+0000][1][safepoint    ] Safepoint "RevokeBias", Time since last: 2503340013 ns, Reaching safepoint: 81893 ns, At safepoint: 17958 ns, Total: 99851 ns
[2020-02-27T05:05:04.189+0000][1][safepoint    ] Safepoint "RevokeBias", Time since last: 2507632725 ns, Reaching safepoint: 110481 ns, At safepoint: 26498 ns, Total: 136979 ns
[2020-02-27T05:05:06.189+0000][1][safepoint    ] Safepoint "Cleanup", Time since last: 2000690791 ns, Reaching safepoint: 85272 ns, At safepoint: 6817 ns, Total: 92089 ns
[2020-02-27T05:05:06.721+0000][1][safepoint    ] Safepoint "RevokeBias", Time since last: 531280499 ns, Reaching safepoint: 171385 ns, At safepoint: 36286 ns, Total: 207671 ns
[2020-02-27T05:05:09.237+0000][1][safepoint    ] Safepoint "RevokeBias", Time since last: 2515922096 ns, Reaching safepoint: 88352 ns, At safepoint: 18957 ns, Total: 107309 ns
[2020-02-27T05:05:10.238+0000][1][safepoint    ] Safepoint "Cleanup", Time since last: 1000500305 ns, Reaching safepoint: 98485 ns, At safepoint: 12977 ns, Total: 111462 ns
[2020-02-27T05:05:11.747+0000][1][safepoint    ] Safepoint "RevokeBias", Time since last: 1509284457 ns, Reaching safepoint: 85147 ns, At safepoint: 17553 ns, Total: 102700 ns
[2020-02-27T05:05:14.251+0000][1][safepoint    ] Safepoint "RevokeBias", Time since last: 2504273649 ns, Reaching safepoint: 202147 ns, At safepoint: 29627 ns, Total: 231774 ns
[2020-02-27T05:05:15.734+0000][1][gc,start     ] GC(44) Pause Young (Allocation Failure)
[2020-02-27T05:05:15.734+0000][1][gc,task      ] GC(44) Using 1 workers of 1 for evacuation
[2020-02-27T05:05:15.747+0000][1][gc,age       ] GC(44) Desired survivor size 4358144 bytes, new threshold 6 (max threshold 6)
[2020-02-27T05:05:15.747+0000][1][gc,age       ] GC(44) Age table with threshold 6 (max threshold 6)
[2020-02-27T05:05:15.747+0000][1][gc,age       ] GC(44) - age   1:      15112 bytes,      15112 total
[2020-02-27T05:05:15.747+0000][1][gc,age       ] GC(44) - age   2:       1880 bytes,      16992 total
[2020-02-27T05:05:15.747+0000][1][gc,age       ] GC(44) - age   3:       1880 bytes,      18872 total
[2020-02-27T05:05:15.747+0000][1][gc,age       ] GC(44) - age   4:       1704 bytes,      20576 total
[2020-02-27T05:05:15.747+0000][1][gc,age       ] GC(44) - age   5:       1312 bytes,      21888 total
[2020-02-27T05:05:15.747+0000][1][gc,age       ] GC(44) - age   6:       2712 bytes,      24600 total
[2020-02-27T05:05:15.747+0000][1][gc,heap      ] GC(44) ParNew: 68202K->24K(76672K)
[2020-02-27T05:05:15.747+0000][1][gc,heap      ] GC(44) CMS: 62427K->62432K(963392K)
[2020-02-27T05:05:15.747+0000][1][gc,metaspace ] GC(44) Metaspace: 79307K->79307K(1122304K)
[2020-02-27T05:05:15.747+0000][1][gc           ] GC(44) Pause Young (Allocation Failure) 127M->60M(1015M) 13.275ms
[2020-02-27T05:05:15.747+0000][1][gc,cpu       ] GC(44) User=0.01s Sys=0.00s Real=0.01s
[2020-02-27T05:05:15.747+0000][1][safepoint    ] Safepoint "GenCollectForAllocation", Time since last: 1481866378 ns, Reaching safepoint: 106910 ns, At safepoint: 13407217 ns, Total: 13514127 ns
[2020-02-27T05:05:16.881+0000][1][safepoint    ] Safepoint "RevokeBias", Time since last: 1134011746 ns, Reaching safepoint: 134904 ns, At safepoint: 30256 ns, Total: 165160 ns
[2020-02-27T05:05:19.411+0000][1][safepoint    ] Safepoint "RevokeBias", Time since last: 2529887869 ns, Reaching safepoint: 135232 ns, At safepoint: 35596 ns, Total: 170828 ns
[2020-02-27T05:05:21.915+0000][1][safepoint    ] Safepoint "RevokeBias", Time since last: 2503322970 ns, Reaching safepoint: 94316 ns, At safepoint: 20775 ns, Total: 115091 ns
[2020-02-27T05:05:24.429+0000][1][safepoint    ] Safepoint "RevokeBias", Time since last: 2514384530 ns, Reaching safepoint: 109541 ns, At safepoint: 30078 ns, Total: 139619 ns
[2020-02-27T05:05:26.945+0000][1][safepoint    ] Safepoint "RevokeBias", Time since last: 2515650882 ns, Reaching safepoint: 100651 ns, At safepoint: 23430 ns, Total: 124081 ns
[2020-02-27T05:05:29.474+0000][1][safepoint    ] Safepoint "RevokeBias", Time since last: 2522999417 ns, Reaching safepoint: 5731846 ns, At safepoint: 25162 ns, Total: 5757008 ns
[2020-02-27T05:05:31.982+0000][1][safepoint    ] Safepoint "BulkRevokeBias", Time since last: 2508220961 ns, Reaching safepoint: 81580 ns, At safepoint: 201855 ns, Total: 283435 ns
[2020-02-27T05:05:34.490+0000][1][safepoint    ] Safepoint "RevokeBias", Time since last: 2507501968 ns, Reaching safepoint: 121513 ns, At safepoint: 22320 ns, Total: 143833 ns
[2020-02-27T05:05:36.996+0000][1][safepoint    ] Safepoint "RevokeBias", Time since last: 2506416381 ns, Reaching safepoint: 87217 ns, At safepoint: 20321 ns, Total: 107538 ns
[2020-02-27T05:05:39.505+0000][1][safepoint    ] Safepoint "RevokeBias", Time since last: 2508205456 ns, Reaching safepoint: 159000 ns, At safepoint: 36920 ns, Total: 195920 ns
[2020-02-27T05:05:42.009+0000][1][safepoint    ] Safepoint "RevokeBias", Time since last: 2504021416 ns, Reaching safepoint: 117295 ns, At safepoint: 82164 ns, Total: 199459 ns
[2020-02-27T05:05:44.513+0000][1][safepoint    ] Safepoint "RevokeBias", Time since last: 2503920695 ns, Reaching safepoint: 157879 ns, At safepoint: 28058 ns, Total: 185937 ns
[2020-02-27T05:05:47.035+0000][1][safepoint    ] Safepoint "RevokeBias", Time since last: 2521354453 ns, Reaching safepoint: 128132 ns, At safepoint: 28728 ns, Total: 156860 ns
[2020-02-27T05:05:49.577+0000][1][safepoint    ] Safepoint "RevokeBias", Time since last: 2541992538 ns, Reaching safepoint: 82667 ns, At safepoint: 18807 ns, Total: 101474 ns
[2020-02-27T05:05:52.080+0000][1][safepoint    ] Safepoint "RevokeBias", Time since last: 2503233027 ns, Reaching safepoint: 81784 ns, At safepoint: 18175 ns, Total: 99959 ns
[2020-02-27T05:05:54.590+0000][1][safepoint    ] Safepoint "RevokeBias", Time since last: 2510138087 ns, Reaching safepoint: 94495 ns, At safepoint: 28451 ns, Total: 122946 ns
[2020-02-27T05:05:56.592+0000][1][safepoint    ] Safepoint "Cleanup", Time since last: 2001629956 ns, Reaching safepoint: 91060 ns, At safepoint: 9051 ns, Total: 100111 ns
[2020-02-27T05:05:57.097+0000][1][safepoint    ] Safepoint "RevokeBias", Time since last: 505238326 ns, Reaching safepoint: 85157 ns, At safepoint: 19451 ns, Total: 104608 ns
[2020-02-27T05:05:59.603+0000][1][safepoint    ] Safepoint "RevokeBias", Time since last: 2505773893 ns, Reaching safepoint: 66951 ns, At safepoint: 16898 ns, Total: 83849 ns
[2020-02-27T05:06:02.107+0000][1][safepoint    ] Safepoint "RevokeBias", Time since last: 2504202383 ns, Reaching safepoint: 138116 ns, At safepoint: 28119 ns, Total: 166235 ns
[2020-02-27T05:06:04.624+0000][1][safepoint    ] Safepoint "RevokeBias", Time since last: 2516659700 ns, Reaching safepoint: 129082 ns, At safepoint: 31517 ns, Total: 160599 ns
[2020-02-27T05:06:07.140+0000][1][safepoint    ] Safepoint "RevokeBias", Time since last: 2515253236 ns, Reaching safepoint: 81119 ns, At safepoint: 18434 ns, Total: 99553 ns
[2020-02-27T05:06:09.657+0000][1][safepoint    ] Safepoint "RevokeBias", Time since last: 2517062193 ns, Reaching safepoint: 98531 ns, At safepoint: 21823 ns, Total: 120354 ns
[2020-02-27T05:06:12.174+0000][1][safepoint    ] Safepoint "RevokeBias", Time since last: 2516725399 ns, Reaching safepoint: 85458 ns, At safepoint: 19169 ns, Total: 104627 ns
[2020-02-27T05:06:14.682+0000][1][safepoint    ] Safepoint "RevokeBias", Time since last: 2508348874 ns, Reaching safepoint: 92735 ns, At safepoint: 88454 ns, Total: 181189 ns
[2020-02-27T05:06:16.687+0000][1][safepoint    ] Safepoint "Cleanup", Time since last: 2004558996 ns, Reaching safepoint: 187989 ns, At safepoint: 10056 ns, Total: 198045 ns
[2020-02-27T05:06:17.193+0000][1][safepoint    ] Safepoint "RevokeBias", Time since last: 505901789 ns, Reaching safepoint: 154346 ns, At safepoint: 39887 ns, Total: 194233 ns
[2020-02-27T05:06:19.702+0000][1][safepoint    ] Safepoint "RevokeBias", Time since last: 2509272023 ns, Reaching safepoint: 84440 ns, At safepoint: 20897 ns, Total: 105337 ns
[2020-02-27T05:06:22.211+0000][1][safepoint    ] Safepoint "RevokeBias", Time since last: 2508399179 ns, Reaching safepoint: 84646 ns, At safepoint: 19177 ns, Total: 103823 ns
[2020-02-27T05:06:24.722+0000][1][safepoint    ] Safepoint "RevokeBias", Time since last: 2511296438 ns, Reaching safepoint: 215644 ns, At safepoint: 23112 ns, Total: 238756 ns
[2020-02-27T05:06:27.236+0000][1][safepoint    ] Safepoint "RevokeBias", Time since last: 2513384792 ns, Reaching safepoint: 117625 ns, At safepoint: 19732 ns, Total: 137357 ns
[2020-02-27T05:06:29.747+0000][1][safepoint    ] Safepoint "RevokeBias", Time since last: 2511069359 ns, Reaching safepoint: 61461 ns, At safepoint: 16126 ns, Total: 77587 ns
[2020-02-27T05:06:32.260+0000][1][safepoint    ] Safepoint "RevokeBias", Time since last: 2512876464 ns, Reaching safepoint: 84403 ns, At safepoint: 18892 ns, Total: 103295 ns
[2020-02-27T05:06:34.768+0000][1][safepoint    ] Safepoint "RevokeBias", Time since last: 2507374513 ns, Reaching safepoint: 84055 ns, At safepoint: 18540 ns, Total: 102595 ns
[2020-02-27T05:06:37.279+0000][1][safepoint    ] Safepoint "RevokeBias", Time since last: 2510902018 ns, Reaching safepoint: 154071 ns, At safepoint: 35881 ns, Total: 189952 ns
[2020-02-27T05:06:39.793+0000][1][safepoint    ] Safepoint "RevokeBias", Time since last: 2513795627 ns, Reaching safepoint: 94046 ns, At safepoint: 21747 ns, Total: 115793 ns
[2020-02-27T05:06:42.297+0000][1][safepoint    ] Safepoint "RevokeBias", Time since last: 2504444542 ns, Reaching safepoint: 157432 ns, At safepoint: 28007 ns, Total: 185439 ns
[2020-02-27T05:06:44.806+0000][1][safepoint    ] Safepoint "BulkRevokeBias", Time since last: 2508384033 ns, Reaching safepoint: 78576 ns, At safepoint: 325102 ns, Total: 403678 ns
[2020-02-27T05:06:47.315+0000][1][safepoint    ] Safepoint "RevokeBias", Time since last: 2509032893 ns, Reaching safepoint: 114349 ns, At safepoint: 21304 ns, Total: 135653 ns
[2020-02-27T05:06:49.824+0000][1][safepoint    ] Safepoint "RevokeBias", Time since last: 2508882169 ns, Reaching safepoint: 190427 ns, At safepoint: 32492 ns, Total: 222919 ns
[2020-02-27T05:06:50.848+0000][1][safepoint    ] Safepoint "Cleanup", Time since last: 1023459684 ns, Reaching safepoint: 121218 ns, At safepoint: 12089 ns, Total: 133307 ns
[2020-02-27T05:06:52.327+0000][1][safepoint    ] Safepoint "RevokeBias", Time since last: 1479460223 ns, Reaching safepoint: 81551 ns, At safepoint: 18152 ns, Total: 99703 ns
[2020-02-27T05:06:54.840+0000][1][safepoint    ] Safepoint "RevokeBias", Time since last: 2512487977 ns, Reaching safepoint: 229362 ns, At safepoint: 25320 ns, Total: 254682 ns
[2020-02-27T05:06:57.355+0000][1][safepoint    ] Safepoint "RevokeBias", Time since last: 2514254262 ns, Reaching safepoint: 87560 ns, At safepoint: 18959 ns, Total: 106519 ns
[2020-02-27T05:06:58.356+0000][1][safepoint    ] Safepoint "Cleanup", Time since last: 1001139456 ns, Reaching safepoint: 90266 ns, At safepoint: 8863 ns, Total: 99129 ns
[2020-02-27T05:06:59.880+0000][1][safepoint    ] Safepoint "RevokeBias", Time since last: 1524554031 ns, Reaching safepoint: 78559 ns, At safepoint: 18186 ns, Total: 96745 ns
[2020-02-27T05:07:02.417+0000][1][safepoint    ] Safepoint "RevokeBias", Time since last: 2535990026 ns, Reaching safepoint: 94850 ns, At safepoint: 20742 ns, Total: 115592 ns
[2020-02-27T05:07:04.933+0000][1][safepoint    ] Safepoint "RevokeBias", Time since last: 2516037980 ns, Reaching safepoint: 97621 ns, At safepoint: 22307 ns, Total: 119928 ns
[2020-02-27T05:07:07.446+0000][1][safepoint    ] Safepoint "RevokeBias", Time since last: 2512901518 ns, Reaching safepoint: 78054 ns, At safepoint: 89043 ns, Total: 167097 ns
[2020-02-27T05:07:09.965+0000][1][safepoint    ] Safepoint "RevokeBias", Time since last: 2519173772 ns, Reaching safepoint: 78626 ns, At safepoint: 16625 ns, Total: 95251 ns
[2020-02-27T05:07:12.473+0000][1][safepoint    ] Safepoint "RevokeBias", Time since last: 2507685535 ns, Reaching safepoint: 80444 ns, At safepoint: 117636 ns, Total: 198080 ns
[2020-02-27T05:07:13.473+0000][1][safepoint    ] Safepoint "Cleanup", Time since last: 1000356283 ns, Reaching safepoint: 87059 ns, At safepoint: 9118 ns, Total: 96177 ns
[2020-02-27T05:07:14.978+0000][1][safepoint    ] Safepoint "RevokeBias", Time since last: 1504894504 ns, Reaching safepoint: 101091 ns, At safepoint: 61273 ns, Total: 162364 ns
[2020-02-27T05:07:17.485+0000][1][safepoint    ] Safepoint "RevokeBias", Time since last: 2506579846 ns, Reaching safepoint: 118947 ns, At safepoint: 18447 ns, Total: 137394 ns
[2020-02-27T05:07:19.999+0000][1][safepoint    ] Safepoint "RevokeBias", Time since last: 2512551834 ns, Reaching safepoint: 1166376 ns, At safepoint: 24772 ns, Total: 1191148 ns
[2020-02-27T05:07:22.501+0000][1][safepoint    ] Safepoint "RevokeBias", Time since last: 2501931838 ns, Reaching safepoint: 90206 ns, At safepoint: 20681 ns, Total: 110887 ns
[2020-02-27T05:07:25.007+0000][1][safepoint    ] Safepoint "RevokeBias", Time since last: 2506223753 ns, Reaching safepoint: 80150 ns, At safepoint: 18090 ns, Total: 98240 ns
[2020-02-27T05:07:27.513+0000][1][safepoint    ] Safepoint "RevokeBias", Time since last: 2505820798 ns, Reaching safepoint: 98326 ns, At safepoint: 20978 ns, Total: 119304 ns
[2020-02-27T05:07:30.019+0000][1][safepoint    ] Safepoint "RevokeBias", Time since last: 2505643365 ns, Reaching safepoint: 77926 ns, At safepoint: 17714 ns, Total: 95640 ns
[2020-02-27T05:07:31.743+0000][1][gc,start     ] GC(45) Pause Young (Allocation Failure)
[2020-02-27T05:07:31.744+0000][1][gc,task      ] GC(45) Using 1 workers of 1 for evacuation
[2020-02-27T05:07:31.753+0000][1][gc,age       ] GC(45) Desired survivor size 4358144 bytes, new threshold 6 (max threshold 6)
[2020-02-27T05:07:31.754+0000][1][gc,age       ] GC(45) Age table with threshold 6 (max threshold 6)
[2020-02-27T05:07:31.754+0000][1][gc,age       ] GC(45) - age   1:      11336 bytes,      11336 total
[2020-02-27T05:07:31.754+0000][1][gc,age       ] GC(45) - age   2:       4360 bytes,      15696 total
[2020-02-27T05:07:31.754+0000][1][gc,age       ] GC(45) - age   3:       1880 bytes,      17576 total
[2020-02-27T05:07:31.754+0000][1][gc,age       ] GC(45) - age   4:       1880 bytes,      19456 total
[2020-02-27T05:07:31.754+0000][1][gc,age       ] GC(45) - age   5:       1704 bytes,      21160 total
[2020-02-27T05:07:31.754+0000][1][gc,age       ] GC(45) - age   6:       1312 bytes,      22472 total
[2020-02-27T05:07:31.754+0000][1][gc,heap      ] GC(45) ParNew: 68184K->24K(76672K)
[2020-02-27T05:07:31.754+0000][1][gc,heap      ] GC(45) CMS: 62432K->62435K(963392K)
[2020-02-27T05:07:31.754+0000][1][gc,metaspace ] GC(45) Metaspace: 79323K->79323K(1122304K)
[2020-02-27T05:07:31.754+0000][1][gc           ] GC(45) Pause Young (Allocation Failure) 127M->60M(1015M) 10.145ms
[2020-02-27T05:07:31.754+0000][1][gc,cpu       ] GC(45) User=0.01s Sys=0.00s Real=0.01s
[2020-02-27T05:07:31.754+0000][1][safepoint    ] Safepoint "GenCollectForAllocation", Time since last: 1724450280 ns, Reaching safepoint: 79857 ns, At safepoint: 10199994 ns, Total: 10279851 ns
[2020-02-27T05:07:32.526+0000][1][safepoint    ] Safepoint "RevokeBias", Time since last: 772459613 ns, Reaching safepoint: 90179 ns, At safepoint: 20551 ns, Total: 110730 ns
[2020-02-27T05:07:35.033+0000][1][safepoint    ] Safepoint "RevokeBias", Time since last: 2506709035 ns, Reaching safepoint: 79799 ns, At safepoint: 19288 ns, Total: 99087 ns
[2020-02-27T05:07:37.539+0000][1][safepoint    ] Safepoint "RevokeBias", Time since last: 2506071997 ns, Reaching safepoint: 118442 ns, At safepoint: 21961 ns, Total: 140403 ns
[2020-02-27T05:07:40.045+0000][1][safepoint    ] Safepoint "RevokeBias", Time since last: 2505799660 ns, Reaching safepoint: 77498 ns, At safepoint: 18212 ns, Total: 95710 ns
[2020-02-27T05:07:42.549+0000][1][safepoint    ] Safepoint "RevokeBias", Time since last: 2503646212 ns, Reaching safepoint: 82198 ns, At safepoint: 134730 ns, Total: 216928 ns
[2020-02-27T05:07:45.053+0000][1][safepoint    ] Safepoint "RevokeBias", Time since last: 2504220673 ns, Reaching safepoint: 175153 ns, At safepoint: 31862 ns, Total: 207015 ns
[2020-02-27T05:07:47.568+0000][1][safepoint    ] Safepoint "RevokeBias", Time since last: 2514004642 ns, Reaching safepoint: 100874 ns, At safepoint: 24628 ns, Total: 125502 ns
[2020-02-27T05:07:50.076+0000][1][safepoint    ] Safepoint "RevokeBias", Time since last: 2508407043 ns, Reaching safepoint: 79123 ns, At safepoint: 18700 ns, Total: 97823 ns
[2020-02-27T05:07:52.588+0000][1][safepoint    ] Safepoint "RevokeBias", Time since last: 2511870202 ns, Reaching safepoint: 89602 ns, At safepoint: 20135 ns, Total: 109737 ns
[2020-02-27T05:07:55.098+0000][1][safepoint    ] Safepoint "RevokeBias", Time since last: 2509515700 ns, Reaching safepoint: 80485 ns, At safepoint: 18283 ns, Total: 98768 ns
[2020-02-27T05:07:57.625+0000][1][safepoint    ] Safepoint "BulkRevokeBias", Time since last: 2527462818 ns, Reaching safepoint: 74925 ns, At safepoint: 191745 ns, Total: 266670 ns
[2020-02-27T05:08:00.143+0000][1][safepoint    ] Safepoint "RevokeBias", Time since last: 2517654956 ns, Reaching safepoint: 80624 ns, At safepoint: 18033 ns, Total: 98657 ns
[2020-02-27T05:08:02.654+0000][1][safepoint    ] Safepoint "RevokeBias", Time since last: 2510979212 ns, Reaching safepoint: 93341 ns, At safepoint: 23244 ns, Total: 116585 ns
[2020-02-27T05:08:05.166+0000][1][safepoint    ] Safepoint "RevokeBias", Time since last: 2512094310 ns, Reaching safepoint: 92032 ns, At safepoint: 21286 ns, Total: 113318 ns
[2020-02-27T05:08:07.684+0000][1][safepoint    ] Safepoint "RevokeBias", Time since last: 2517088028 ns, Reaching safepoint: 77850 ns, At safepoint: 17751 ns, Total: 95601 ns
[2020-02-27T05:08:10.201+0000][1][safepoint    ] Safepoint "RevokeBias", Time since last: 2516669931 ns, Reaching safepoint: 102438 ns, At safepoint: 88110 ns, Total: 190548 ns
[2020-02-27T05:08:12.705+0000][1][safepoint    ] Safepoint "RevokeBias", Time since last: 2503969190 ns, Reaching safepoint: 77943 ns, At safepoint: 18304 ns, Total: 96247 ns
[2020-02-27T05:08:15.208+0000][1][safepoint    ] Safepoint "RevokeBias", Time since last: 2503316930 ns, Reaching safepoint: 81660 ns, At safepoint: 18420 ns, Total: 100080 ns
[2020-02-27T05:08:17.716+0000][1][safepoint    ] Safepoint "RevokeBias", Time since last: 2507801762 ns, Reaching safepoint: 157597 ns, At safepoint: 25601 ns, Total: 183198 ns
[2020-02-27T05:08:20.222+0000][1][safepoint    ] Safepoint "RevokeBias", Time since last: 2506323482 ns, Reaching safepoint: 62625 ns, At safepoint: 16771 ns, Total: 79396 ns
[2020-02-27T05:08:21.223+0000][1][safepoint    ] Safepoint "Cleanup", Time since last: 1001032045 ns, Reaching safepoint: 66562 ns, At safepoint: 6597 ns, Total: 73159 ns
[2020-02-27T05:08:22.727+0000][1][safepoint    ] Safepoint "RevokeBias", Time since last: 1503750617 ns, Reaching safepoint: 101723 ns, At safepoint: 26990 ns, Total: 128713 ns
[2020-02-27T05:08:24.733+0000][1][safepoint    ] Safepoint "Cleanup", Time since last: 2005044971 ns, Reaching safepoint: 91604 ns, At safepoint: 8833 ns, Total: 100437 ns
[2020-02-27T05:08:25.234+0000][1][safepoint    ] Safepoint "RevokeBias", Time since last: 501690714 ns, Reaching safepoint: 147893 ns, At safepoint: 33642 ns, Total: 181535 ns
[2020-02-27T05:08:27.740+0000][1][safepoint    ] Safepoint "RevokeBias", Time since last: 2505639765 ns, Reaching safepoint: 80615 ns, At safepoint: 18120 ns, Total: 98735 ns
[2020-02-27T05:08:30.246+0000][1][safepoint    ] Safepoint "RevokeBias", Time since last: 2506245947 ns, Reaching safepoint: 58970 ns, At safepoint: 15768 ns, Total: 74738 ns
[2020-02-27T05:08:32.749+0000][1][safepoint    ] Safepoint "RevokeBias", Time since last: 2502758552 ns, Reaching safepoint: 124843 ns, At safepoint: 68414 ns, Total: 193257 ns
[2020-02-27T05:08:35.255+0000][1][safepoint    ] Safepoint "RevokeBias", Time since last: 2505075848 ns, Reaching safepoint: 101363 ns, At safepoint: 24870 ns, Total: 126233 ns
[2020-02-27T05:08:36.255+0000][1][safepoint    ] Safepoint "Cleanup", Time since last: 1000747162 ns, Reaching safepoint: 125180 ns, At safepoint: 10371 ns, Total: 135551 ns
[2020-02-27T05:08:37.761+0000][1][safepoint    ] Safepoint "RevokeBias", Time since last: 1505099421 ns, Reaching safepoint: 77748 ns, At safepoint: 17367 ns, Total: 95115 ns
[2020-02-27T05:08:40.268+0000][1][safepoint    ] Safepoint "RevokeBias", Time since last: 2506820921 ns, Reaching safepoint: 97835 ns, At safepoint: 33142 ns, Total: 130977 ns
[2020-02-27T05:08:42.771+0000][1][safepoint    ] Safepoint "RevokeBias", Time since last: 2503332878 ns, Reaching safepoint: 78626 ns, At safepoint: 18240 ns, Total: 96866 ns
[2020-02-27T05:08:45.283+0000][1][safepoint    ] Safepoint "RevokeBias", Time since last: 2511357796 ns, Reaching safepoint: 78732 ns, At safepoint: 17167 ns, Total: 95899 ns
[2020-02-27T05:08:47.798+0000][1][safepoint    ] Safepoint "RevokeBias", Time since last: 2515873810 ns, Reaching safepoint: 95092 ns, At safepoint: 20602 ns, Total: 115694 ns
[2020-02-27T05:08:50.311+0000][1][safepoint    ] Safepoint "RevokeBias", Time since last: 2512603975 ns, Reaching safepoint: 77202 ns, At safepoint: 18118 ns, Total: 95320 ns
[2020-02-27T05:08:51.312+0000][1][safepoint    ] Safepoint "Cleanup", Time since last: 1000415108 ns, Reaching safepoint: 98030 ns, At safepoint: 7784 ns, Total: 105814 ns
[2020-02-27T05:08:52.819+0000][1][safepoint    ] Safepoint "RevokeBias", Time since last: 1507327330 ns, Reaching safepoint: 80190 ns, At safepoint: 18152 ns, Total: 98342 ns
[2020-02-27T05:08:55.340+0000][1][safepoint    ] Safepoint "RevokeBias", Time since last: 2520672750 ns, Reaching safepoint: 78829 ns, At safepoint: 18280 ns, Total: 97109 ns
[2020-02-27T05:08:57.855+0000][1][safepoint    ] Safepoint "RevokeBias", Time since last: 2515460277 ns, Reaching safepoint: 101090 ns, At safepoint: 22176 ns, Total: 123266 ns
[2020-02-27T05:09:00.373+0000][1][safepoint    ] Safepoint "RevokeBias", Time since last: 2516977240 ns, Reaching safepoint: 79066 ns, At safepoint: 21427 ns, Total: 100493 ns
[2020-02-27T05:09:02.881+0000][1][safepoint    ] Safepoint "RevokeBias", Time since last: 2508201141 ns, Reaching safepoint: 122671 ns, At safepoint: 22420 ns, Total: 145091 ns
[2020-02-27T05:09:05.389+0000][1][safepoint    ] Safepoint "RevokeBias", Time since last: 2507566767 ns, Reaching safepoint: 92500 ns, At safepoint: 21968 ns, Total: 114468 ns
[2020-02-27T05:09:07.896+0000][1][safepoint    ] Safepoint "RevokeBias", Time since last: 2506921223 ns, Reaching safepoint: 106761 ns, At safepoint: 20754 ns, Total: 127515 ns
[2020-02-27T05:09:10.402+0000][1][safepoint    ] Safepoint "BulkRevokeBias", Time since last: 2506161514 ns, Reaching safepoint: 207251 ns, At safepoint: 377217 ns, Total: 584468 ns
[2020-02-27T05:09:12.907+0000][1][safepoint    ] Safepoint "RevokeBias", Time since last: 2504293373 ns, Reaching safepoint: 79937 ns, At safepoint: 18038 ns, Total: 97975 ns
[2020-02-27T05:09:15.410+0000][1][safepoint    ] Safepoint "RevokeBias", Time since last: 2503301910 ns, Reaching safepoint: 77890 ns, At safepoint: 17315 ns, Total: 95205 ns
[2020-02-27T05:09:18.042+0000][1][safepoint    ] Safepoint "RevokeBias", Time since last: 2631970404 ns, Reaching safepoint: 81123 ns, At safepoint: 18362 ns, Total: 99485 ns
[2020-02-27T05:09:20.546+0000][1][safepoint    ] Safepoint "RevokeBias", Time since last: 2503570789 ns, Reaching safepoint: 79341 ns, At safepoint: 18051 ns, Total: 97392 ns
[2020-02-27T05:09:23.053+0000][1][safepoint    ] Safepoint "RevokeBias", Time since last: 2506848931 ns, Reaching safepoint: 105172 ns, At safepoint: 27183 ns, Total: 132355 ns
[2020-02-27T05:09:25.561+0000][1][safepoint    ] Safepoint "RevokeBias", Time since last: 2507539102 ns, Reaching safepoint: 220947 ns, At safepoint: 85774 ns, Total: 306721 ns
[2020-02-27T05:09:28.069+0000][1][safepoint    ] Safepoint "RevokeBias", Time since last: 2508332106 ns, Reaching safepoint: 57108 ns, At safepoint: 16478 ns, Total: 73586 ns
[2020-02-27T05:09:30.573+0000][1][safepoint    ] Safepoint "RevokeBias", Time since last: 2503679101 ns, Reaching safepoint: 90168 ns, At safepoint: 17339 ns, Total: 107507 ns
[2020-02-27T05:09:33.082+0000][1][safepoint    ] Safepoint "RevokeBias", Time since last: 2509236137 ns, Reaching safepoint: 87841 ns, At safepoint: 19061 ns, Total: 106902 ns
[2020-02-27T05:09:35.587+0000][1][safepoint    ] Safepoint "RevokeBias", Time since last: 2504661297 ns, Reaching safepoint: 64830 ns, At safepoint: 20075 ns, Total: 84905 ns
[2020-02-27T05:09:38.101+0000][1][safepoint    ] Safepoint "RevokeBias", Time since last: 2514114071 ns, Reaching safepoint: 79281 ns, At safepoint: 20189 ns, Total: 99470 ns
[2020-02-27T05:09:40.612+0000][1][safepoint    ] Safepoint "RevokeBias", Time since last: 2511103672 ns, Reaching safepoint: 79786 ns, At safepoint: 18716 ns, Total: 98502 ns
[2020-02-27T05:09:43.130+0000][1][safepoint    ] Safepoint "RevokeBias", Time since last: 2516850282 ns, Reaching safepoint: 180100 ns, At safepoint: 26613 ns, Total: 206713 ns
[2020-02-27T05:09:45.645+0000][1][safepoint    ] Safepoint "RevokeBias", Time since last: 2515268139 ns, Reaching safepoint: 198885 ns, At safepoint: 44128 ns, Total: 243013 ns
[2020-02-27T05:09:48.159+0000][1][safepoint    ] Safepoint "RevokeBias", Time since last: 2513692672 ns, Reaching safepoint: 81659 ns, At safepoint: 18735 ns, Total: 100394 ns
[2020-02-27T05:09:50.598+0000][1][gc,start     ] GC(46) Pause Young (Allocation Failure)
[2020-02-27T05:09:50.598+0000][1][gc,task      ] GC(46) Using 1 workers of 1 for evacuation
[2020-02-27T05:09:50.608+0000][1][gc,age       ] GC(46) Desired survivor size 4358144 bytes, new threshold 6 (max threshold 6)
[2020-02-27T05:09:50.608+0000][1][gc,age       ] GC(46) Age table with threshold 6 (max threshold 6)
[2020-02-27T05:09:50.608+0000][1][gc,age       ] GC(46) - age   1:      25576 bytes,      25576 total
[2020-02-27T05:09:50.608+0000][1][gc,age       ] GC(46) - age   2:        536 bytes,      26112 total
[2020-02-27T05:09:50.608+0000][1][gc,age       ] GC(46) - age   3:       4360 bytes,      30472 total
[2020-02-27T05:09:50.608+0000][1][gc,age       ] GC(46) - age   4:       1880 bytes,      32352 total
[2020-02-27T05:09:50.608+0000][1][gc,age       ] GC(46) - age   5:       1880 bytes,      34232 total
[2020-02-27T05:09:50.608+0000][1][gc,age       ] GC(46) - age   6:       1704 bytes,      35936 total
[2020-02-27T05:09:50.608+0000][1][gc,heap      ] GC(46) ParNew: 68179K->45K(76672K)
[2020-02-27T05:09:50.608+0000][1][gc,heap      ] GC(46) CMS: 62435K->62436K(963392K)
[2020-02-27T05:09:50.608+0000][1][gc,metaspace ] GC(46) Metaspace: 79349K->79349K(1122304K)
[2020-02-27T05:09:50.608+0000][1][gc           ] GC(46) Pause Young (Allocation Failure) 127M->61M(1015M) 10.441ms
[2020-02-27T05:09:50.608+0000][1][gc,cpu       ] GC(46) User=0.01s Sys=0.00s Real=0.01s
[2020-02-27T05:09:50.608+0000][1][safepoint    ] Safepoint "GenCollectForAllocation", Time since last: 2438688692 ns, Reaching safepoint: 96762 ns, At safepoint: 10493814 ns, Total: 10590576 ns
[2020-02-27T05:09:50.666+0000][1][safepoint    ] Safepoint "RevokeBias", Time since last: 58123193 ns, Reaching safepoint: 77046 ns, At safepoint: 18117 ns, Total: 95163 ns
[2020-02-27T05:09:53.179+0000][1][safepoint    ] Safepoint "RevokeBias", Time since last: 2512182846 ns, Reaching safepoint: 95340 ns, At safepoint: 19093 ns, Total: 114433 ns
[2020-02-27T05:09:55.694+0000][1][safepoint    ] Safepoint "RevokeBias", Time since last: 2515212491 ns, Reaching safepoint: 97381 ns, At safepoint: 18062 ns, Total: 115443 ns
[2020-02-27T05:09:58.199+0000][1][safepoint    ] Safepoint "RevokeBias", Time since last: 2505169151 ns, Reaching safepoint: 185514 ns, At safepoint: 22015 ns, Total: 207529 ns
[2020-02-27T05:10:00.710+0000][1][safepoint    ] Safepoint "RevokeBias", Time since last: 2509530128 ns, Reaching safepoint: 1223638 ns, At safepoint: 25781 ns, Total: 1249419 ns
[2020-02-27T05:10:03.211+0000][1][safepoint    ] Safepoint "RevokeBias", Time since last: 2501031751 ns, Reaching safepoint: 117933 ns, At safepoint: 29445 ns, Total: 147378 ns
[2020-02-27T05:10:05.716+0000][1][safepoint    ] Safepoint "RevokeBias", Time since last: 2504310091 ns, Reaching safepoint: 131144 ns, At safepoint: 22734 ns, Total: 153878 ns
[2020-02-27T05:10:08.222+0000][1][safepoint    ] Safepoint "RevokeBias", Time since last: 2506531865 ns, Reaching safepoint: 102251 ns, At safepoint: 21880 ns, Total: 124131 ns
[2020-02-27T05:10:10.730+0000][1][safepoint    ] Safepoint "RevokeBias", Time since last: 2507771491 ns, Reaching safepoint: 97928 ns, At safepoint: 21354 ns, Total: 119282 ns
[2020-02-27T05:10:13.234+0000][1][safepoint    ] Safepoint "RevokeBias", Time since last: 2503991250 ns, Reaching safepoint: 80477 ns, At safepoint: 18640 ns, Total: 99117 ns
[2020-02-27T05:10:15.738+0000][1][safepoint    ] Safepoint "RevokeBias", Time since last: 2503611337 ns, Reaching safepoint: 83113 ns, At safepoint: 18809 ns, Total: 101922 ns
[2020-02-27T05:10:18.244+0000][1][safepoint    ] Safepoint "RevokeBias", Time since last: 2505983594 ns, Reaching safepoint: 112280 ns, At safepoint: 21596 ns, Total: 133876 ns
[2020-02-27T05:10:20.750+0000][1][safepoint    ] Safepoint "RevokeBias", Time since last: 2505768902 ns, Reaching safepoint: 109534 ns, At safepoint: 18720 ns, Total: 128254 ns
[2020-02-27T05:10:23.256+0000][1][safepoint    ] Safepoint "BulkRevokeBias", Time since last: 2505397673 ns, Reaching safepoint: 67099 ns, At safepoint: 323035 ns, Total: 390134 ns
[2020-02-27T05:10:25.778+0000][1][safepoint    ] Safepoint "RevokeBias", Time since last: 2521705834 ns, Reaching safepoint: 79737 ns, At safepoint: 18198 ns, Total: 97935 ns
[2020-02-27T05:10:28.290+0000][1][safepoint    ] Safepoint "RevokeBias", Time since last: 2512149844 ns, Reaching safepoint: 78390 ns, At safepoint: 18514 ns, Total: 96904 ns
[2020-02-27T05:10:30.803+0000][1][safepoint    ] Safepoint "RevokeBias", Time since last: 2512610021 ns, Reaching safepoint: 81199 ns, At safepoint: 18246 ns, Total: 99445 ns
[2020-02-27T05:10:33.311+0000][1][safepoint    ] Safepoint "RevokeBias", Time since last: 2507762239 ns, Reaching safepoint: 92392 ns, At safepoint: 22561 ns, Total: 114953 ns
[2020-02-27T05:10:35.824+0000][1][safepoint    ] Safepoint "RevokeBias", Time since last: 2513082891 ns, Reaching safepoint: 111425 ns, At safepoint: 28703 ns, Total: 140128 ns
[2020-02-27T05:10:36.825+0000][1][safepoint    ] Safepoint "Cleanup", Time since last: 1000929705 ns, Reaching safepoint: 87855 ns, At safepoint: 8348 ns, Total: 96203 ns
[2020-02-27T05:10:38.340+0000][1][safepoint    ] Safepoint "RevokeBias", Time since last: 1515015432 ns, Reaching safepoint: 101259 ns, At safepoint: 37603 ns, Total: 138862 ns
[2020-02-27T05:10:40.851+0000][1][safepoint    ] Safepoint "RevokeBias", Time since last: 2511336556 ns, Reaching safepoint: 166963 ns, At safepoint: 20195 ns, Total: 187158 ns
[2020-02-27T05:10:43.361+0000][1][safepoint    ] Safepoint "RevokeBias", Time since last: 2509946549 ns, Reaching safepoint: 79897 ns, At safepoint: 19339 ns, Total: 99236 ns
[2020-02-27T05:10:45.867+0000][1][safepoint    ] Safepoint "RevokeBias", Time since last: 2505626805 ns, Reaching safepoint: 83072 ns, At safepoint: 18717 ns, Total: 101789 ns
[2020-02-27T05:10:46.868+0000][1][safepoint    ] Safepoint "Cleanup", Time since last: 1000706338 ns, Reaching safepoint: 145066 ns, At safepoint: 4743 ns, Total: 149809 ns
[2020-02-27T05:10:48.373+0000][1][safepoint    ] Safepoint "RevokeBias", Time since last: 1505148345 ns, Reaching safepoint: 168834 ns, At safepoint: 20306 ns, Total: 189140 ns
[2020-02-27T05:10:50.374+0000][1][safepoint    ] Safepoint "Cleanup", Time since last: 2000937095 ns, Reaching safepoint: 87754 ns, At safepoint: 7862 ns, Total: 95616 ns
[2020-02-27T05:10:50.878+0000][1][safepoint    ] Safepoint "RevokeBias", Time since last: 503911299 ns, Reaching safepoint: 80104 ns, At safepoint: 18603 ns, Total: 98707 ns
[2020-02-27T05:10:53.382+0000][1][safepoint    ] Safepoint "RevokeBias", Time since last: 2503212608 ns, Reaching safepoint: 84330 ns, At safepoint: 19766 ns, Total: 104096 ns
[2020-02-27T05:10:55.886+0000][1][safepoint    ] Safepoint "RevokeBias", Time since last: 2504301176 ns, Reaching safepoint: 77181 ns, At safepoint: 17611 ns, Total: 94792 ns
[2020-02-27T05:10:58.392+0000][1][safepoint    ] Safepoint "RevokeBias", Time since last: 2505945810 ns, Reaching safepoint: 118553 ns, At safepoint: 28129 ns, Total: 146682 ns
[2020-02-27T05:11:00.901+0000][1][safepoint    ] Safepoint "RevokeBias", Time since last: 2507231285 ns, Reaching safepoint: 1226310 ns, At safepoint: 23240 ns, Total: 1249550 ns
[2020-02-27T05:11:03.404+0000][1][safepoint    ] Safepoint "RevokeBias", Time since last: 2503053502 ns, Reaching safepoint: 75659 ns, At safepoint: 17603 ns, Total: 93262 ns
[2020-02-27T05:11:05.912+0000][1][safepoint    ] Safepoint "RevokeBias", Time since last: 2507957874 ns, Reaching safepoint: 77511 ns, At safepoint: 17984 ns, Total: 95495 ns
[2020-02-27T05:11:06.913+0000][1][safepoint    ] Safepoint "Cleanup", Time since last: 1000900364 ns, Reaching safepoint: 82504 ns, At safepoint: 9031 ns, Total: 91535 ns
[2020-02-27T05:11:08.417+0000][1][safepoint    ] Safepoint "RevokeBias", Time since last: 1503855817 ns, Reaching safepoint: 58358 ns, At safepoint: 15963 ns, Total: 74321 ns
[2020-02-27T05:11:10.921+0000][1][safepoint    ] Safepoint "RevokeBias", Time since last: 2503492467 ns, Reaching safepoint: 230766 ns, At safepoint: 18851 ns, Total: 249617 ns
[2020-02-27T05:11:13.431+0000][1][safepoint    ] Safepoint "RevokeBias", Time since last: 2510624378 ns, Reaching safepoint: 76675 ns, At safepoint: 17954 ns, Total: 94629 ns
[2020-02-27T05:11:15.938+0000][1][safepoint    ] Safepoint "RevokeBias", Time since last: 2506306130 ns, Reaching safepoint: 113164 ns, At safepoint: 22738 ns, Total: 135902 ns
[2020-02-27T05:11:18.451+0000][1][safepoint    ] Safepoint "RevokeBias", Time since last: 2513300719 ns, Reaching safepoint: 143917 ns, At safepoint: 33101 ns, Total: 177018 ns
[2020-02-27T05:11:20.961+0000][1][safepoint    ] Safepoint "RevokeBias", Time since last: 2509421871 ns, Reaching safepoint: 79877 ns, At safepoint: 17794 ns, Total: 97671 ns
[2020-02-27T05:11:23.472+0000][1][safepoint    ] Safepoint "RevokeBias", Time since last: 2510766492 ns, Reaching safepoint: 116991 ns, At safepoint: 19468 ns, Total: 136459 ns
[2020-02-27T05:11:25.981+0000][1][safepoint    ] Safepoint "RevokeBias", Time since last: 2508881729 ns, Reaching safepoint: 155688 ns, At safepoint: 42430 ns, Total: 198118 ns
[2020-02-27T05:11:28.499+0000][1][safepoint    ] Safepoint "RevokeBias", Time since last: 2518284926 ns, Reaching safepoint: 142548 ns, At safepoint: 20137 ns, Total: 162685 ns
[2020-02-27T05:11:31.008+0000][1][safepoint    ] Safepoint "RevokeBias", Time since last: 2509046697 ns, Reaching safepoint: 95526 ns, At safepoint: 17712 ns, Total: 113238 ns
[2020-02-27T05:11:33.512+0000][1][safepoint    ] Safepoint "RevokeBias", Time since last: 2503457100 ns, Reaching safepoint: 93551 ns, At safepoint: 19973 ns, Total: 113524 ns
[2020-02-27T05:11:36.017+0000][1][safepoint    ] Safepoint "BulkRevokeBias", Time since last: 2505236924 ns, Reaching safepoint: 74837 ns, At safepoint: 260574 ns, Total: 335411 ns
[2020-02-27T05:11:38.524+0000][1][safepoint    ] Safepoint "RevokeBias", Time since last: 2506491820 ns, Reaching safepoint: 212863 ns, At safepoint: 21460 ns, Total: 234323 ns
[2020-02-27T05:11:41.029+0000][1][safepoint    ] Safepoint "RevokeBias", Time since last: 2504855190 ns, Reaching safepoint: 77434 ns, At safepoint: 17184 ns, Total: 94618 ns
[2020-02-27T05:11:43.533+0000][1][safepoint    ] Safepoint "RevokeBias", Time since last: 2503332688 ns, Reaching safepoint: 85180 ns, At safepoint: 19463 ns, Total: 104643 ns
[2020-02-27T05:11:46.039+0000][1][safepoint    ] Safepoint "RevokeBias", Time since last: 2505881856 ns, Reaching safepoint: 125178 ns, At safepoint: 16737 ns, Total: 141915 ns
[2020-02-27T05:11:48.553+0000][1][safepoint    ] Safepoint "RevokeBias", Time since last: 2514629057 ns, Reaching safepoint: 133978 ns, At safepoint: 21472 ns, Total: 155450 ns
[2020-02-27T05:11:51.060+0000][1][safepoint    ] Safepoint "RevokeBias", Time since last: 2506870561 ns, Reaching safepoint: 86054 ns, At safepoint: 19481 ns, Total: 105535 ns
[2020-02-27T05:11:53.572+0000][1][safepoint    ] Safepoint "RevokeBias", Time since last: 2511796801 ns, Reaching safepoint: 102057 ns, At safepoint: 24602 ns, Total: 126659 ns
[2020-02-27T05:11:56.079+0000][1][safepoint    ] Safepoint "RevokeBias", Time since last: 2506811054 ns, Reaching safepoint: 75712 ns, At safepoint: 19645 ns, Total: 95357 ns
[2020-02-27T05:11:57.080+0000][1][safepoint    ] Safepoint "Cleanup", Time since last: 1000254546 ns, Reaching safepoint: 87582 ns, At safepoint: 7906 ns, Total: 95488 ns
[2020-02-27T05:11:58.588+0000][1][safepoint    ] Safepoint "RevokeBias", Time since last: 1508294546 ns, Reaching safepoint: 181615 ns, At safepoint: 40147 ns, Total: 221762 ns
[2020-02-27T05:12:01.101+0000][1][safepoint    ] Safepoint "RevokeBias", Time since last: 2512656131 ns, Reaching safepoint: 76410 ns, At safepoint: 18452 ns, Total: 94862 ns
[2020-02-27T05:12:03.622+0000][1][safepoint    ] Safepoint "RevokeBias", Time since last: 2521005232 ns, Reaching safepoint: 94782 ns, At safepoint: 20721 ns, Total: 115503 ns
[2020-02-27T05:12:05.965+0000][1][gc,start     ] GC(47) Pause Young (Allocation Failure)
[2020-02-27T05:12:05.966+0000][1][gc,task      ] GC(47) Using 1 workers of 1 for evacuation
[2020-02-27T05:12:05.976+0000][1][gc,age       ] GC(47) Desired survivor size 4358144 bytes, new threshold 6 (max threshold 6)
[2020-02-27T05:12:05.976+0000][1][gc,age       ] GC(47) Age table with threshold 6 (max threshold 6)
[2020-02-27T05:12:05.976+0000][1][gc,age       ] GC(47) - age   1:      14216 bytes,      14216 total
[2020-02-27T05:12:05.976+0000][1][gc,age       ] GC(47) - age   2:       1360 bytes,      15576 total
[2020-02-27T05:12:05.976+0000][1][gc,age       ] GC(47) - age   3:        416 bytes,      15992 total
[2020-02-27T05:12:05.976+0000][1][gc,age       ] GC(47) - age   4:       4360 bytes,      20352 total
[2020-02-27T05:12:05.976+0000][1][gc,age       ] GC(47) - age   5:       1648 bytes,      22000 total
[2020-02-27T05:12:05.976+0000][1][gc,age       ] GC(47) - age   6:       1880 bytes,      23880 total
[2020-02-27T05:12:05.976+0000][1][gc,heap      ] GC(47) ParNew: 68205K->31K(76672K)
[2020-02-27T05:12:05.976+0000][1][gc,heap      ] GC(47) CMS: 62436K->62438K(963392K)
[2020-02-27T05:12:05.976+0000][1][gc,metaspace ] GC(47) Metaspace: 79368K->79368K(1122304K)
[2020-02-27T05:12:05.976+0000][1][gc           ] GC(47) Pause Young (Allocation Failure) 127M->61M(1015M) 10.966ms
[2020-02-27T05:12:05.976+0000][1][gc,cpu       ] GC(47) User=0.01s Sys=0.00s Real=0.01s
[2020-02-27T05:12:05.976+0000][1][safepoint    ] Safepoint "GenCollectForAllocation", Time since last: 2343381330 ns, Reaching safepoint: 77584 ns, At safepoint: 11021284 ns, Total: 11098868 ns
[2020-02-27T05:12:06.140+0000][1][safepoint    ] Safepoint "RevokeBias", Time since last: 163417270 ns, Reaching safepoint: 76210 ns, At safepoint: 17437 ns, Total: 93647 ns
[2020-02-27T05:12:07.142+0000][1][safepoint    ] Safepoint "Cleanup", Time since last: 1002283730 ns, Reaching safepoint: 185430 ns, At safepoint: 44791 ns, Total: 230221 ns
[2020-02-27T05:12:08.651+0000][1][safepoint    ] Safepoint "RevokeBias", Time since last: 1508074850 ns, Reaching safepoint: 100386 ns, At safepoint: 28322 ns, Total: 128708 ns
[2020-02-27T05:12:11.169+0000][1][safepoint    ] Safepoint "RevokeBias", Time since last: 2517808048 ns, Reaching safepoint: 56397 ns, At safepoint: 16392 ns, Total: 72789 ns
[2020-02-27T05:12:13.681+0000][1][safepoint    ] Safepoint "RevokeBias", Time since last: 2512038514 ns, Reaching safepoint: 98456 ns, At safepoint: 20242 ns, Total: 118698 ns
[2020-02-27T05:12:16.188+0000][1][safepoint    ] Safepoint "RevokeBias", Time since last: 2506967549 ns, Reaching safepoint: 133910 ns, At safepoint: 47443 ns, Total: 181353 ns
[2020-02-27T05:12:18.696+0000][1][safepoint    ] Safepoint "RevokeBias", Time since last: 2508123087 ns, Reaching safepoint: 60515 ns, At safepoint: 15813 ns, Total: 76328 ns
[2020-02-27T05:12:21.201+0000][1][safepoint    ] Safepoint "RevokeBias", Time since last: 2504623999 ns, Reaching safepoint: 75081 ns, At safepoint: 17601 ns, Total: 92682 ns
[2020-02-27T05:12:23.704+0000][1][safepoint    ] Safepoint "RevokeBias", Time since last: 2502874067 ns, Reaching safepoint: 187857 ns, At safepoint: 21913 ns, Total: 209770 ns
[2020-02-27T05:12:24.705+0000][1][safepoint    ] Safepoint "Cleanup", Time since last: 1000599637 ns, Reaching safepoint: 94803 ns, At safepoint: 7860 ns, Total: 102663 ns
[2020-02-27T05:12:26.209+0000][1][safepoint    ] Safepoint "RevokeBias", Time since last: 1504435398 ns, Reaching safepoint: 57250 ns, At safepoint: 16242 ns, Total: 73492 ns
[2020-02-27T05:12:28.724+0000][1][safepoint    ] Safepoint "RevokeBias", Time since last: 2514365560 ns, Reaching safepoint: 91059 ns, At safepoint: 22306 ns, Total: 113365 ns
[2020-02-27T05:12:31.231+0000][1][safepoint    ] Safepoint "RevokeBias", Time since last: 2507352925 ns, Reaching safepoint: 88293 ns, At safepoint: 18988 ns, Total: 107281 ns
[2020-02-27T05:12:33.736+0000][1][safepoint    ] Safepoint "RevokeBias", Time since last: 2504471102 ns, Reaching safepoint: 108473 ns, At safepoint: 24508 ns, Total: 132981 ns
[2020-02-27T05:12:36.240+0000][1][safepoint    ] Safepoint "RevokeBias", Time since last: 2503898791 ns, Reaching safepoint: 88356 ns, At safepoint: 21112 ns, Total: 109468 ns
[2020-02-27T05:12:38.757+0000][1][safepoint    ] Safepoint "RevokeBias", Time since last: 2517375889 ns, Reaching safepoint: 103749 ns, At safepoint: 26448 ns, Total: 130197 ns
[2020-02-27T05:12:41.270+0000][1][safepoint    ] Safepoint "RevokeBias", Time since last: 2512454306 ns, Reaching safepoint: 80019 ns, At safepoint: 18772 ns, Total: 98791 ns
[2020-02-27T05:12:43.784+0000][1][safepoint    ] Safepoint "RevokeBias", Time since last: 2514359729 ns, Reaching safepoint: 88672 ns, At safepoint: 20652 ns, Total: 109324 ns
[2020-02-27T05:12:46.299+0000][1][safepoint    ] Safepoint "RevokeBias", Time since last: 2514226759 ns, Reaching safepoint: 195998 ns, At safepoint: 19128 ns, Total: 215126 ns
[2020-02-27T05:12:47.299+0000][1][safepoint    ] Safepoint "Cleanup", Time since last: 1000349096 ns, Reaching safepoint: 88210 ns, At safepoint: 7473 ns, Total: 95683 ns
[2020-02-27T05:12:48.811+0000][1][safepoint    ] Safepoint "BulkRevokeBias", Time since last: 1512128338 ns, Reaching safepoint: 78725 ns, At safepoint: 236572 ns, Total: 315297 ns
[2020-02-27T05:12:51.328+0000][1][safepoint    ] Safepoint "RevokeBias", Time since last: 2516327489 ns, Reaching safepoint: 88778 ns, At safepoint: 19882 ns, Total: 108660 ns
[2020-02-27T05:12:53.832+0000][1][safepoint    ] Safepoint "RevokeBias", Time since last: 2504392422 ns, Reaching safepoint: 78897 ns, At safepoint: 18080 ns, Total: 96977 ns
[2020-02-27T05:12:56.338+0000][1][safepoint    ] Safepoint "RevokeBias", Time since last: 2505085750 ns, Reaching safepoint: 81578 ns, At safepoint: 18264 ns, Total: 99842 ns
[2020-02-27T05:12:58.844+0000][1][safepoint    ] Safepoint "RevokeBias", Time since last: 2506282863 ns, Reaching safepoint: 78606 ns, At safepoint: 17847 ns, Total: 96453 ns
[2020-02-27T05:13:01.350+0000][1][safepoint    ] Safepoint "RevokeBias", Time since last: 2505914815 ns, Reaching safepoint: 78260 ns, At safepoint: 18299 ns, Total: 96559 ns
[2020-02-27T05:13:03.855+0000][1][safepoint    ] Safepoint "RevokeBias", Time since last: 2505096723 ns, Reaching safepoint: 99541 ns, At safepoint: 22862 ns, Total: 122403 ns
[2020-02-27T05:13:06.408+0000][1][safepoint    ] Safepoint "RevokeBias", Time since last: 2552407805 ns, Reaching safepoint: 101648 ns, At safepoint: 25536 ns, Total: 127184 ns
[2020-02-27T05:13:08.918+0000][1][safepoint    ] Safepoint "RevokeBias", Time since last: 2509982024 ns, Reaching safepoint: 81069 ns, At safepoint: 22072 ns, Total: 103141 ns
[2020-02-27T05:13:11.442+0000][1][safepoint    ] Safepoint "RevokeBias", Time since last: 2524304786 ns, Reaching safepoint: 79000 ns, At safepoint: 18513 ns, Total: 97513 ns
[2020-02-27T05:13:13.957+0000][1][safepoint    ] Safepoint "RevokeBias", Time since last: 2514898722 ns, Reaching safepoint: 305426 ns, At safepoint: 49804 ns, Total: 355230 ns
[2020-02-27T05:13:16.471+0000][1][safepoint    ] Safepoint "RevokeBias", Time since last: 2513566482 ns, Reaching safepoint: 79557 ns, At safepoint: 17716 ns, Total: 97273 ns
[2020-02-27T05:13:18.984+0000][1][safepoint    ] Safepoint "RevokeBias", Time since last: 2513189180 ns, Reaching safepoint: 102596 ns, At safepoint: 30233 ns, Total: 132829 ns
[2020-02-27T05:13:20.992+0000][1][safepoint    ] Safepoint "Cleanup", Time since last: 2007557218 ns, Reaching safepoint: 106978 ns, At safepoint: 9297 ns, Total: 116275 ns
[2020-02-27T05:13:21.488+0000][1][safepoint    ] Safepoint "RevokeBias", Time since last: 496204903 ns, Reaching safepoint: 79468 ns, At safepoint: 18087 ns, Total: 97555 ns
[2020-02-27T05:13:23.992+0000][1][safepoint    ] Safepoint "RevokeBias", Time since last: 2503243074 ns, Reaching safepoint: 146412 ns, At safepoint: 20797 ns, Total: 167209 ns
[2020-02-27T05:13:26.496+0000][1][safepoint    ] Safepoint "RevokeBias", Time since last: 2503940803 ns, Reaching safepoint: 110964 ns, At safepoint: 19568 ns, Total: 130532 ns
[2020-02-27T05:13:29.003+0000][1][safepoint    ] Safepoint "RevokeBias", Time since last: 2506713288 ns, Reaching safepoint: 88892 ns, At safepoint: 62227 ns, Total: 151119 ns
[2020-02-27T05:13:31.513+0000][1][safepoint    ] Safepoint "RevokeBias", Time since last: 2509926816 ns, Reaching safepoint: 81305 ns, At safepoint: 17655 ns, Total: 98960 ns
[2020-02-27T05:13:34.026+0000][1][safepoint    ] Safepoint "RevokeBias", Time since last: 2512847381 ns, Reaching safepoint: 144488 ns, At safepoint: 28203 ns, Total: 172691 ns
[2020-02-27T05:13:36.543+0000][1][safepoint    ] Safepoint "RevokeBias", Time since last: 2516651381 ns, Reaching safepoint: 129252 ns, At safepoint: 20699 ns, Total: 149951 ns
[2020-02-27T05:13:39.058+0000][1][safepoint    ] Safepoint "RevokeBias", Time since last: 2515441536 ns, Reaching safepoint: 76184 ns, At safepoint: 16928 ns, Total: 93112 ns
[2020-02-27T05:13:41.570+0000][1][safepoint    ] Safepoint "RevokeBias", Time since last: 2511593335 ns, Reaching safepoint: 76666 ns, At safepoint: 17503 ns, Total: 94169 ns
[2020-02-27T05:13:44.077+0000][1][safepoint    ] Safepoint "RevokeBias", Time since last: 2507079205 ns, Reaching safepoint: 73926 ns, At safepoint: 18146 ns, Total: 92072 ns
[2020-02-27T05:13:46.590+0000][1][safepoint    ] Safepoint "RevokeBias", Time since last: 2512517580 ns, Reaching safepoint: 78265 ns, At safepoint: 17682 ns, Total: 95947 ns
[2020-02-27T05:13:48.591+0000][1][safepoint    ] Safepoint "Cleanup", Time since last: 2001226042 ns, Reaching safepoint: 82986 ns, At safepoint: 6510 ns, Total: 89496 ns
[2020-02-27T05:13:49.111+0000][1][safepoint    ] Safepoint "RevokeBias", Time since last: 520107470 ns, Reaching safepoint: 235579 ns, At safepoint: 50247 ns, Total: 285826 ns
[2020-02-27T05:13:50.112+0000][1][safepoint    ] Safepoint "Cleanup", Time since last: 1000711990 ns, Reaching safepoint: 93609 ns, At safepoint: 8792 ns, Total: 102401 ns
[2020-02-27T05:13:51.113+0000][1][safepoint    ] Safepoint "Cleanup", Time since last: 1000658759 ns, Reaching safepoint: 83870 ns, At safepoint: 6906 ns, Total: 90776 ns
[2020-02-27T05:13:51.625+0000][1][safepoint    ] Safepoint "RevokeBias", Time since last: 512047813 ns, Reaching safepoint: 79520 ns, At safepoint: 17993 ns, Total: 97513 ns
[2020-02-27T05:13:54.128+0000][1][safepoint    ] Safepoint "RevokeBias", Time since last: 2502850010 ns, Reaching safepoint: 79869 ns, At safepoint: 18693 ns, Total: 98562 ns
[2020-02-27T05:13:56.633+0000][1][safepoint    ] Safepoint "RevokeBias", Time since last: 2505345902 ns, Reaching safepoint: 83570 ns, At safepoint: 18004 ns, Total: 101574 ns
[2020-02-27T05:13:59.140+0000][1][safepoint    ] Safepoint "RevokeBias", Time since last: 2506787396 ns, Reaching safepoint: 118625 ns, At safepoint: 27493 ns, Total: 146118 ns
[2020-02-27T05:14:01.648+0000][1][safepoint    ] Safepoint "BulkRevokeBias", Time since last: 2507229151 ns, Reaching safepoint: 71932 ns, At safepoint: 277823 ns, Total: 349755 ns
[2020-02-27T05:14:04.150+0000][1][safepoint    ] Safepoint "RevokeBias", Time since last: 2501963205 ns, Reaching safepoint: 75778 ns, At safepoint: 17526 ns, Total: 93304 ns
[2020-02-27T05:14:06.654+0000][1][safepoint    ] Safepoint "RevokeBias", Time since last: 2503825836 ns, Reaching safepoint: 98447 ns, At safepoint: 18608 ns, Total: 117055 ns
[2020-02-27T05:14:09.164+0000][1][safepoint    ] Safepoint "RevokeBias", Time since last: 2510183371 ns, Reaching safepoint: 83497 ns, At safepoint: 19076 ns, Total: 102573 ns
[2020-02-27T05:14:11.675+0000][1][safepoint    ] Safepoint "RevokeBias", Time since last: 2510255929 ns, Reaching safepoint: 157964 ns, At safepoint: 28937 ns, Total: 186901 ns
[2020-02-27T05:14:14.180+0000][1][safepoint    ] Safepoint "RevokeBias", Time since last: 2505062286 ns, Reaching safepoint: 123454 ns, At safepoint: 23046 ns, Total: 146500 ns
[2020-02-27T05:14:16.683+0000][1][safepoint    ] Safepoint "RevokeBias", Time since last: 2503384011 ns, Reaching safepoint: 165218 ns, At safepoint: 19548 ns, Total: 184766 ns
[2020-02-27T05:14:19.190+0000][1][safepoint    ] Safepoint "RevokeBias", Time since last: 2506536466 ns, Reaching safepoint: 79247 ns, At safepoint: 18206 ns, Total: 97453 ns
[2020-02-27T05:14:21.173+0000][1][gc,start     ] GC(48) Pause Young (Allocation Failure)
[2020-02-27T05:14:21.174+0000][1][gc,task      ] GC(48) Using 1 workers of 1 for evacuation
[2020-02-27T05:14:21.200+0000][1][gc,age       ] GC(48) Desired survivor size 4358144 bytes, new threshold 6 (max threshold 6)
[2020-02-27T05:14:21.200+0000][1][gc,age       ] GC(48) Age table with threshold 6 (max threshold 6)
[2020-02-27T05:14:21.200+0000][1][gc,age       ] GC(48) - age   1:      13648 bytes,      13648 total
[2020-02-27T05:14:21.200+0000][1][gc,age       ] GC(48) - age   2:       2432 bytes,      16080 total
[2020-02-27T05:14:21.200+0000][1][gc,age       ] GC(48) - age   3:       1360 bytes,      17440 total
[2020-02-27T05:14:21.200+0000][1][gc,age       ] GC(48) - age   4:        416 bytes,      17856 total
[2020-02-27T05:14:21.200+0000][1][gc,age       ] GC(48) - age   5:       4360 bytes,      22216 total
[2020-02-27T05:14:21.200+0000][1][gc,age       ] GC(48) - age   6:       1648 bytes,      23864 total
[2020-02-27T05:14:21.200+0000][1][gc,heap      ] GC(48) ParNew: 68191K->25K(76672K)
[2020-02-27T05:14:21.200+0000][1][gc,heap      ] GC(48) CMS: 62438K->62439K(963392K)
[2020-02-27T05:14:21.200+0000][1][gc,metaspace ] GC(48) Metaspace: 79409K->79409K(1122304K)
[2020-02-27T05:14:21.201+0000][1][gc           ] GC(48) Pause Young (Allocation Failure) 127M->61M(1015M) 27.158ms
[2020-02-27T05:14:21.201+0000][1][gc,cpu       ] GC(48) User=0.01s Sys=0.00s Real=0.02s
[2020-02-27T05:14:21.201+0000][1][safepoint    ] Safepoint "GenCollectForAllocation", Time since last: 1983243219 ns, Reaching safepoint: 59321 ns, At safepoint: 27229083 ns, Total: 27288404 ns
[2020-02-27T05:14:21.694+0000][1][safepoint    ] Safepoint "RevokeBias", Time since last: 493440731 ns, Reaching safepoint: 140141 ns, At safepoint: 40601 ns, Total: 180742 ns
[2020-02-27T05:14:24.198+0000][1][safepoint    ] Safepoint "RevokeBias", Time since last: 2503642125 ns, Reaching safepoint: 77838 ns, At safepoint: 17955 ns, Total: 95793 ns
[2020-02-27T05:14:26.709+0000][1][safepoint    ] Safepoint "RevokeBias", Time since last: 2510630214 ns, Reaching safepoint: 60829 ns, At safepoint: 16933 ns, Total: 77762 ns
[2020-02-27T05:14:29.220+0000][1][safepoint    ] Safepoint "RevokeBias", Time since last: 2511141729 ns, Reaching safepoint: 116379 ns, At safepoint: 16887 ns, Total: 133266 ns
[2020-02-27T05:14:31.739+0000][1][safepoint    ] Safepoint "RevokeBias", Time since last: 2518650950 ns, Reaching safepoint: 87011 ns, At safepoint: 23561 ns, Total: 110572 ns
[2020-02-27T05:14:34.251+0000][1][safepoint    ] Safepoint "RevokeBias", Time since last: 2512396078 ns, Reaching safepoint: 89739 ns, At safepoint: 21013 ns, Total: 110752 ns
[2020-02-27T05:14:36.776+0000][1][safepoint    ] Safepoint "RevokeBias", Time since last: 2524280018 ns, Reaching safepoint: 146190 ns, At safepoint: 39508 ns, Total: 185698 ns
[2020-02-27T05:14:39.286+0000][1][safepoint    ] Safepoint "RevokeBias", Time since last: 2510615639 ns, Reaching safepoint: 76572 ns, At safepoint: 17872 ns, Total: 94444 ns
[2020-02-27T05:14:41.793+0000][1][safepoint    ] Safepoint "RevokeBias", Time since last: 2506210286 ns, Reaching safepoint: 73399 ns, At safepoint: 20171 ns, Total: 93570 ns
[2020-02-27T05:14:44.297+0000][1][safepoint    ] Safepoint "RevokeBias", Time since last: 2504229714 ns, Reaching safepoint: 158522 ns, At safepoint: 38439 ns, Total: 196961 ns
[2020-02-27T05:14:46.805+0000][1][safepoint    ] Safepoint "RevokeBias", Time since last: 2508025093 ns, Reaching safepoint: 89763 ns, At safepoint: 19922 ns, Total: 109685 ns
[2020-02-27T05:14:49.311+0000][1][safepoint    ] Safepoint "RevokeBias", Time since last: 2505300577 ns, Reaching safepoint: 88655 ns, At safepoint: 17660 ns, Total: 106315 ns
[2020-02-27T05:14:50.318+0000][1][safepoint    ] Safepoint "Cleanup", Time since last: 1000310447 ns, Reaching safepoint: 6874767 ns, At safepoint: 43925 ns, Total: 6918692 ns
[2020-02-27T05:14:51.815+0000][1][safepoint    ] Safepoint "RevokeBias", Time since last: 1497125117 ns, Reaching safepoint: 79180 ns, At safepoint: 129248 ns, Total: 208428 ns
[2020-02-27T05:14:54.319+0000][1][safepoint    ] Safepoint "RevokeBias", Time since last: 2503763084 ns, Reaching safepoint: 126577 ns, At safepoint: 152554 ns, Total: 279131 ns
[2020-02-27T05:14:56.825+0000][1][safepoint    ] Safepoint "RevokeBias", Time since last: 2505742560 ns, Reaching safepoint: 127143 ns, At safepoint: 20488 ns, Total: 147631 ns
[2020-02-27T05:14:59.332+0000][1][safepoint    ] Safepoint "RevokeBias", Time since last: 2506754218 ns, Reaching safepoint: 225184 ns, At safepoint: 57011 ns, Total: 282195 ns
[2020-02-27T05:15:01.333+0000][1][safepoint    ] Safepoint "Cleanup", Time since last: 2000647840 ns, Reaching safepoint: 107193 ns, At safepoint: 9358 ns, Total: 116551 ns
[2020-02-27T05:15:01.838+0000][1][safepoint    ] Safepoint "RevokeBias", Time since last: 505118552 ns, Reaching safepoint: 112027 ns, At safepoint: 27180 ns, Total: 139207 ns
[2020-02-27T05:15:04.342+0000][1][safepoint    ] Safepoint "RevokeBias", Time since last: 2503491378 ns, Reaching safepoint: 171247 ns, At safepoint: 20391 ns, Total: 191638 ns
[2020-02-27T05:15:06.849+0000][1][safepoint    ] Safepoint "RevokeBias", Time since last: 2506701488 ns, Reaching safepoint: 132601 ns, At safepoint: 34393 ns, Total: 166994 ns
[2020-02-27T05:15:09.367+0000][1][safepoint    ] Safepoint "RevokeBias", Time since last: 2518577759 ns, Reaching safepoint: 79194 ns, At safepoint: 17709 ns, Total: 96903 ns
[2020-02-27T05:15:11.874+0000][1][safepoint    ] Safepoint "RevokeBias", Time since last: 2506138588 ns, Reaching safepoint: 132299 ns, At safepoint: 19534 ns, Total: 151833 ns
[2020-02-27T05:15:14.389+0000][1][safepoint    ] Safepoint "BulkRevokeBias", Time since last: 2514341716 ns, Reaching safepoint: 100611 ns, At safepoint: 403989 ns, Total: 504600 ns
[2020-02-27T05:15:16.895+0000][1][safepoint    ] Safepoint "RevokeBias", Time since last: 2506599635 ns, Reaching safepoint: 78908 ns, At safepoint: 18449 ns, Total: 97357 ns
[2020-02-27T05:15:19.410+0000][1][safepoint    ] Safepoint "RevokeBias", Time since last: 2514442668 ns, Reaching safepoint: 131562 ns, At safepoint: 44951 ns, Total: 176513 ns
[2020-02-27T05:15:21.921+0000][1][safepoint    ] Safepoint "RevokeBias", Time since last: 2511016119 ns, Reaching safepoint: 172387 ns, At safepoint: 21333 ns, Total: 193720 ns
[2020-02-27T05:15:24.424+0000][1][safepoint    ] Safepoint "RevokeBias", Time since last: 2502341709 ns, Reaching safepoint: 105622 ns, At safepoint: 21425 ns, Total: 127047 ns
[2020-02-27T05:15:26.933+0000][1][safepoint    ] Safepoint "RevokeBias", Time since last: 2509527735 ns, Reaching safepoint: 79977 ns, At safepoint: 16990 ns, Total: 96967 ns
[2020-02-27T05:15:29.441+0000][1][safepoint    ] Safepoint "RevokeBias", Time since last: 2508036703 ns, Reaching safepoint: 80485 ns, At safepoint: 17349 ns, Total: 97834 ns
[2020-02-27T05:15:31.947+0000][1][safepoint    ] Safepoint "RevokeBias", Time since last: 2505330055 ns, Reaching safepoint: 77219 ns, At safepoint: 17676 ns, Total: 94895 ns
[2020-02-27T05:15:33.948+0000][1][safepoint    ] Safepoint "Cleanup", Time since last: 2001464419 ns, Reaching safepoint: 96058 ns, At safepoint: 7307 ns, Total: 103365 ns
[2020-02-27T05:15:34.451+0000][1][safepoint    ] Safepoint "RevokeBias", Time since last: 502370263 ns, Reaching safepoint: 142169 ns, At safepoint: 20183 ns, Total: 162352 ns
[2020-02-27T05:15:36.956+0000][1][safepoint    ] Safepoint "RevokeBias", Time since last: 2505172443 ns, Reaching safepoint: 139832 ns, At safepoint: 18913 ns, Total: 158745 ns
[2020-02-27T05:15:37.957+0000][1][safepoint    ] Safepoint "Cleanup", Time since last: 1000190564 ns, Reaching safepoint: 182371 ns, At safepoint: 25252 ns, Total: 207623 ns
[2020-02-27T05:15:39.467+0000][1][safepoint    ] Safepoint "RevokeBias", Time since last: 1510235669 ns, Reaching safepoint: 95168 ns, At safepoint: 19523 ns, Total: 114691 ns
[2020-02-27T05:15:40.468+0000][1][safepoint    ] Safepoint "Cleanup", Time since last: 1000705633 ns, Reaching safepoint: 120189 ns, At safepoint: 20771 ns, Total: 140960 ns
[2020-02-27T05:15:41.976+0000][1][safepoint    ] Safepoint "RevokeBias", Time since last: 1508233636 ns, Reaching safepoint: 79489 ns, At safepoint: 19262 ns, Total: 98751 ns
[2020-02-27T05:15:44.479+0000][1][safepoint    ] Safepoint "RevokeBias", Time since last: 2502833026 ns, Reaching safepoint: 95506 ns, At safepoint: 21052 ns, Total: 116558 ns
[2020-02-27T05:15:46.983+0000][1][safepoint    ] Safepoint "RevokeBias", Time since last: 2503711056 ns, Reaching safepoint: 104655 ns, At safepoint: 25163 ns, Total: 129818 ns
[2020-02-27T05:15:49.489+0000][1][safepoint    ] Safepoint "RevokeBias", Time since last: 2506387893 ns, Reaching safepoint: 79153 ns, At safepoint: 18702 ns, Total: 97855 ns
[2020-02-27T05:15:52.008+0000][1][safepoint    ] Safepoint "RevokeBias", Time since last: 2518177017 ns, Reaching safepoint: 221861 ns, At safepoint: 34978 ns, Total: 256839 ns
[2020-02-27T05:15:54.518+0000][1][safepoint    ] Safepoint "RevokeBias", Time since last: 2510158634 ns, Reaching safepoint: 172393 ns, At safepoint: 51373 ns, Total: 223766 ns
[2020-02-27T05:15:57.030+0000][1][safepoint    ] Safepoint "RevokeBias", Time since last: 2511984278 ns, Reaching safepoint: 80399 ns, At safepoint: 18153 ns, Total: 98552 ns
[2020-02-27T05:15:59.545+0000][1][safepoint    ] Safepoint "RevokeBias", Time since last: 2514725668 ns, Reaching safepoint: 194049 ns, At safepoint: 46943 ns, Total: 240992 ns
[2020-02-27T05:16:02.062+0000][1][safepoint    ] Safepoint "RevokeBias", Time since last: 2516381639 ns, Reaching safepoint: 81025 ns, At safepoint: 17120 ns, Total: 98145 ns
[2020-02-27T05:16:04.570+0000][1][safepoint    ] Safepoint "RevokeBias", Time since last: 2508513115 ns, Reaching safepoint: 103137 ns, At safepoint: 20434 ns, Total: 123571 ns
[2020-02-27T05:16:07.081+0000][1][safepoint    ] Safepoint "RevokeBias", Time since last: 2510394273 ns, Reaching safepoint: 122573 ns, At safepoint: 19719 ns, Total: 142292 ns
[2020-02-27T05:16:09.597+0000][1][safepoint    ] Safepoint "RevokeBias", Time since last: 2516384329 ns, Reaching safepoint: 116430 ns, At safepoint: 20388 ns, Total: 136818 ns
[2020-02-27T05:16:12.102+0000][1][safepoint    ] Safepoint "RevokeBias", Time since last: 2504477468 ns, Reaching safepoint: 97166 ns, At safepoint: 24277 ns, Total: 121443 ns
[2020-02-27T05:16:14.606+0000][1][safepoint    ] Safepoint "RevokeBias", Time since last: 2503574892 ns, Reaching safepoint: 96945 ns, At safepoint: 21294 ns, Total: 118239 ns
[2020-02-27T05:16:17.109+0000][1][safepoint    ] Safepoint "RevokeBias", Time since last: 2503422987 ns, Reaching safepoint: 79857 ns, At safepoint: 17637 ns, Total: 97494 ns
[2020-02-27T05:16:19.616+0000][1][safepoint    ] Safepoint "RevokeBias", Time since last: 2506732637 ns, Reaching safepoint: 176967 ns, At safepoint: 44831 ns, Total: 221798 ns
[2020-02-27T05:16:22.120+0000][1][safepoint    ] Safepoint "RevokeBias", Time since last: 2504087928 ns, Reaching safepoint: 75736 ns, At safepoint: 18188 ns, Total: 93924 ns
[2020-02-27T05:16:24.623+0000][1][safepoint    ] Safepoint "RevokeBias", Time since last: 2502603087 ns, Reaching safepoint: 79458 ns, At safepoint: 18912 ns, Total: 98370 ns
[2020-02-27T05:16:27.134+0000][1][safepoint    ] Safepoint "BulkRevokeBias", Time since last: 2510844753 ns, Reaching safepoint: 78560 ns, At safepoint: 243268 ns, Total: 321828 ns
[2020-02-27T05:16:29.641+0000][1][safepoint    ] Safepoint "RevokeBias", Time since last: 2506066358 ns, Reaching safepoint: 237035 ns, At safepoint: 27373 ns, Total: 264408 ns
[2020-02-27T05:16:32.146+0000][1][safepoint    ] Safepoint "RevokeBias", Time since last: 2505421154 ns, Reaching safepoint: 101919 ns, At safepoint: 19749 ns, Total: 121668 ns
[2020-02-27T05:16:34.649+0000][1][safepoint    ] Safepoint "RevokeBias", Time since last: 2503242144 ns, Reaching safepoint: 80338 ns, At safepoint: 18121 ns, Total: 98459 ns
[2020-02-27T05:16:37.155+0000][1][safepoint    ] Safepoint "RevokeBias", Time since last: 2505360911 ns, Reaching safepoint: 81990 ns, At safepoint: 19349 ns, Total: 101339 ns
[2020-02-27T05:16:39.661+0000][1][safepoint    ] Safepoint "RevokeBias", Time since last: 2506275008 ns, Reaching safepoint: 169341 ns, At safepoint: 27203 ns, Total: 196544 ns
[2020-02-27T05:16:41.209+0000][1][gc,start     ] GC(49) Pause Young (Allocation Failure)
[2020-02-27T05:16:41.209+0000][1][gc,task      ] GC(49) Using 1 workers of 1 for evacuation
[2020-02-27T05:16:41.220+0000][1][gc,age       ] GC(49) Desired survivor size 4358144 bytes, new threshold 6 (max threshold 6)
[2020-02-27T05:16:41.220+0000][1][gc,age       ] GC(49) Age table with threshold 6 (max threshold 6)
[2020-02-27T05:16:41.220+0000][1][gc,age       ] GC(49) - age   1:      13448 bytes,      13448 total
[2020-02-27T05:16:41.220+0000][1][gc,age       ] GC(49) - age   2:       2840 bytes,      16288 total
[2020-02-27T05:16:41.220+0000][1][gc,age       ] GC(49) - age   3:       2432 bytes,      18720 total
[2020-02-27T05:16:41.220+0000][1][gc,age       ] GC(49) - age   4:       1360 bytes,      20080 total
[2020-02-27T05:16:41.220+0000][1][gc,age       ] GC(49) - age   5:        416 bytes,      20496 total
[2020-02-27T05:16:41.220+0000][1][gc,age       ] GC(49) - age   6:       4360 bytes,      24856 total
[2020-02-27T05:16:41.220+0000][1][gc,heap      ] GC(49) ParNew: 68185K->47K(76672K)
[2020-02-27T05:16:41.220+0000][1][gc,heap      ] GC(49) CMS: 62439K->62441K(963392K)
[2020-02-27T05:16:41.220+0000][1][gc,metaspace ] GC(49) Metaspace: 79425K->79425K(1122304K)
[2020-02-27T05:16:41.220+0000][1][gc           ] GC(49) Pause Young (Allocation Failure) 127M->61M(1015M) 11.146ms
[2020-02-27T05:16:41.220+0000][1][gc,cpu       ] GC(49) User=0.01s Sys=0.00s Real=0.01s
[2020-02-27T05:16:41.220+0000][1][safepoint    ] Safepoint "GenCollectForAllocation", Time since last: 1547306588 ns, Reaching safepoint: 174254 ns, At safepoint: 11204695 ns, Total: 11378949 ns
[2020-02-27T05:16:42.170+0000][1][safepoint    ] Safepoint "RevokeBias", Time since last: 949487808 ns, Reaching safepoint: 90645 ns, At safepoint: 20154 ns, Total: 110799 ns
[2020-02-27T05:16:44.679+0000][1][safepoint    ] Safepoint "RevokeBias", Time since last: 2509471332 ns, Reaching safepoint: 164477 ns, At safepoint: 21422 ns, Total: 185899 ns
[2020-02-27T05:16:46.681+0000][1][safepoint    ] Safepoint "Cleanup", Time since last: 2001402992 ns, Reaching safepoint: 135235 ns, At safepoint: 8602 ns, Total: 143837 ns
[2020-02-27T05:16:47.189+0000][1][safepoint    ] Safepoint "RevokeBias", Time since last: 507805706 ns, Reaching safepoint: 127768 ns, At safepoint: 21360 ns, Total: 149128 ns
[2020-02-27T05:16:49.699+0000][1][safepoint    ] Safepoint "RevokeBias", Time since last: 2509722339 ns, Reaching safepoint: 146406 ns, At safepoint: 28328 ns, Total: 174734 ns
[2020-02-27T05:16:50.699+0000][1][safepoint    ] Safepoint "Cleanup", Time since last: 1000375383 ns, Reaching safepoint: 93456 ns, At safepoint: 8799 ns, Total: 102255 ns
[2020-02-27T05:16:52.211+0000][1][safepoint    ] Safepoint "RevokeBias", Time since last: 1511542914 ns, Reaching safepoint: 131921 ns, At safepoint: 21082 ns, Total: 153003 ns
[2020-02-27T05:16:54.734+0000][1][safepoint    ] Safepoint "RevokeBias", Time since last: 2522500978 ns, Reaching safepoint: 95375 ns, At safepoint: 18391 ns, Total: 113766 ns
[2020-02-27T05:16:57.244+0000][1][safepoint    ] Safepoint "RevokeBias", Time since last: 2510643186 ns, Reaching safepoint: 78368 ns, At safepoint: 18382 ns, Total: 96750 ns
[2020-02-27T05:16:59.757+0000][1][safepoint    ] Safepoint "RevokeBias", Time since last: 2512174325 ns, Reaching safepoint: 163607 ns, At safepoint: 35223 ns, Total: 198830 ns
[2020-02-27T05:17:02.261+0000][1][safepoint    ] Safepoint "RevokeBias", Time since last: 2503942184 ns, Reaching safepoint: 84890 ns, At safepoint: 19448 ns, Total: 104338 ns
[2020-02-27T05:17:04.955+0000][1][safepoint    ] Safepoint "RevokeBias", Time since last: 2693948998 ns, Reaching safepoint: 192971 ns, At safepoint: 30799 ns, Total: 223770 ns
[2020-02-27T05:17:07.461+0000][1][safepoint    ] Safepoint "RevokeBias", Time since last: 2506473596 ns, Reaching safepoint: 91115 ns, At safepoint: 17853 ns, Total: 108968 ns
[2020-02-27T05:17:09.981+0000][1][safepoint    ] Safepoint "RevokeBias", Time since last: 2514681047 ns, Reaching safepoint: 4343338 ns, At safepoint: 51322 ns, Total: 4394660 ns
[2020-02-27T05:17:12.499+0000][1][safepoint    ] Safepoint "RevokeBias", Time since last: 2518339111 ns, Reaching safepoint: 181695 ns, At safepoint: 27654 ns, Total: 209349 ns
[2020-02-27T05:17:15.012+0000][1][safepoint    ] Safepoint "RevokeBias", Time since last: 2512336343 ns, Reaching safepoint: 308572 ns, At safepoint: 34029 ns, Total: 342601 ns
[2020-02-27T05:17:17.537+0000][1][safepoint    ] Safepoint "RevokeBias", Time since last: 2525365454 ns, Reaching safepoint: 78055 ns, At safepoint: 17827 ns, Total: 95882 ns
[2020-02-27T05:17:20.048+0000][1][safepoint    ] Safepoint "RevokeBias", Time since last: 2510175425 ns, Reaching safepoint: 97449 ns, At safepoint: 23304 ns, Total: 120753 ns
[2020-02-27T05:17:22.554+0000][1][safepoint    ] Safepoint "RevokeBias", Time since last: 2506170028 ns, Reaching safepoint: 82442 ns, At safepoint: 19039 ns, Total: 101481 ns
[2020-02-27T05:17:24.556+0000][1][safepoint    ] Safepoint "Cleanup", Time since last: 2002318120 ns, Reaching safepoint: 85498 ns, At safepoint: 7152 ns, Total: 92650 ns
[2020-02-27T05:17:25.056+0000][1][safepoint    ] Safepoint "RevokeBias", Time since last: 499791512 ns, Reaching safepoint: 197013 ns, At safepoint: 18956 ns, Total: 215969 ns
[2020-02-27T05:17:27.560+0000][1][safepoint    ] Safepoint "RevokeBias", Time since last: 2503961256 ns, Reaching safepoint: 82322 ns, At safepoint: 18340 ns, Total: 100662 ns
[2020-02-27T05:17:30.067+0000][1][safepoint    ] Safepoint "RevokeBias", Time since last: 2506808943 ns, Reaching safepoint: 96128 ns, At safepoint: 20421 ns, Total: 116549 ns
[2020-02-27T05:17:32.572+0000][1][safepoint    ] Safepoint "RevokeBias", Time since last: 2505067886 ns, Reaching safepoint: 99341 ns, At safepoint: 27814 ns, Total: 127155 ns
[2020-02-27T05:17:35.078+0000][1][safepoint    ] Safepoint "RevokeBias", Time since last: 2505291559 ns, Reaching safepoint: 112905 ns, At safepoint: 28248 ns, Total: 141153 ns
[2020-02-27T05:17:37.584+0000][1][safepoint    ] Safepoint "RevokeBias", Time since last: 2506291999 ns, Reaching safepoint: 88220 ns, At safepoint: 19710 ns, Total: 107930 ns
[2020-02-27T05:17:40.090+0000][1][safepoint    ] Safepoint "BulkRevokeBias", Time since last: 2505550978 ns, Reaching safepoint: 79910 ns, At safepoint: 200759 ns, Total: 280669 ns
[2020-02-27T05:17:42.595+0000][1][safepoint    ] Safepoint "RevokeBias", Time since last: 2505295967 ns, Reaching safepoint: 78113 ns, At safepoint: 18095 ns, Total: 96208 ns
[2020-02-27T05:17:45.098+0000][1][safepoint    ] Safepoint "RevokeBias", Time since last: 2502749680 ns, Reaching safepoint: 196423 ns, At safepoint: 25228 ns, Total: 221651 ns
[2020-02-27T05:17:47.603+0000][1][safepoint    ] Safepoint "RevokeBias", Time since last: 2504425949 ns, Reaching safepoint: 97892 ns, At safepoint: 23665 ns, Total: 121557 ns
[2020-02-27T05:17:50.131+0000][1][safepoint    ] Safepoint "RevokeBias", Time since last: 2522919527 ns, Reaching safepoint: 5020557 ns, At safepoint: 43143 ns, Total: 5063700 ns
[2020-02-27T05:17:52.656+0000][1][safepoint    ] Safepoint "RevokeBias", Time since last: 2525008710 ns, Reaching safepoint: 109698 ns, At safepoint: 29804 ns, Total: 139502 ns
[2020-02-27T05:17:54.657+0000][1][safepoint    ] Safepoint "Cleanup", Time since last: 2000504325 ns, Reaching safepoint: 80928 ns, At safepoint: 7240 ns, Total: 88168 ns
[2020-02-27T05:17:55.171+0000][1][safepoint    ] Safepoint "RevokeBias", Time since last: 514138373 ns, Reaching safepoint: 96581 ns, At safepoint: 101688 ns, Total: 198269 ns
[2020-02-27T05:17:57.172+0000][1][safepoint    ] Safepoint "Cleanup", Time since last: 2001095376 ns, Reaching safepoint: 93645 ns, At safepoint: 9157 ns, Total: 102802 ns
[2020-02-27T05:17:57.682+0000][1][safepoint    ] Safepoint "RevokeBias", Time since last: 509555588 ns, Reaching safepoint: 80919 ns, At safepoint: 18821 ns, Total: 99740 ns
[2020-02-27T05:18:00.189+0000][1][safepoint    ] Safepoint "RevokeBias", Time since last: 2507085680 ns, Reaching safepoint: 95935 ns, At safepoint: 22021 ns, Total: 117956 ns
[2020-02-27T05:18:02.695+0000][1][safepoint    ] Safepoint "RevokeBias", Time since last: 2506008420 ns, Reaching safepoint: 98626 ns, At safepoint: 26683 ns, Total: 125309 ns
[2020-02-27T05:18:05.200+0000][1][safepoint    ] Safepoint "RevokeBias", Time since last: 2504653608 ns, Reaching safepoint: 76088 ns, At safepoint: 18547 ns, Total: 94635 ns
[2020-02-27T05:18:07.706+0000][1][safepoint    ] Safepoint "RevokeBias", Time since last: 2505819800 ns, Reaching safepoint: 80274 ns, At safepoint: 19400 ns, Total: 99674 ns
[2020-02-27T05:18:10.215+0000][1][safepoint    ] Safepoint "RevokeBias", Time since last: 2508470777 ns, Reaching safepoint: 117917 ns, At safepoint: 89308 ns, Total: 207225 ns
[2020-02-27T05:18:12.721+0000][1][safepoint    ] Safepoint "RevokeBias", Time since last: 2506384535 ns, Reaching safepoint: 65462 ns, At safepoint: 18084 ns, Total: 83546 ns
[2020-02-27T05:18:15.226+0000][1][safepoint    ] Safepoint "RevokeBias", Time since last: 2504653197 ns, Reaching safepoint: 126348 ns, At safepoint: 31987 ns, Total: 158335 ns
[2020-02-27T05:18:17.730+0000][1][safepoint    ] Safepoint "RevokeBias", Time since last: 2503624147 ns, Reaching safepoint: 78062 ns, At safepoint: 18048 ns, Total: 96110 ns
[2020-02-27T05:18:20.237+0000][1][safepoint    ] Safepoint "RevokeBias", Time since last: 2506878077 ns, Reaching safepoint: 82672 ns, At safepoint: 17922 ns, Total: 100594 ns
[2020-02-27T05:18:22.759+0000][1][safepoint    ] Safepoint "RevokeBias", Time since last: 2522440738 ns, Reaching safepoint: 87982 ns, At safepoint: 17513 ns, Total: 105495 ns
[2020-02-27T05:18:25.317+0000][1][safepoint    ] Safepoint "RevokeBias", Time since last: 2557817697 ns, Reaching safepoint: 112409 ns, At safepoint: 24474 ns, Total: 136883 ns
[2020-02-27T05:18:27.838+0000][1][safepoint    ] Safepoint "RevokeBias", Time since last: 2520673733 ns, Reaching safepoint: 78077 ns, At safepoint: 18267 ns, Total: 96344 ns
[2020-02-27T05:18:30.352+0000][1][safepoint    ] Safepoint "RevokeBias", Time since last: 2513829657 ns, Reaching safepoint: 100959 ns, At safepoint: 27218 ns, Total: 128177 ns
[2020-02-27T05:18:32.865+0000][1][safepoint    ] Safepoint "RevokeBias", Time since last: 2512915567 ns, Reaching safepoint: 79215 ns, At safepoint: 18669 ns, Total: 97884 ns
[2020-02-27T05:18:35.374+0000][1][safepoint    ] Safepoint "RevokeBias", Time since last: 2508919911 ns, Reaching safepoint: 119301 ns, At safepoint: 34222 ns, Total: 153523 ns
[2020-02-27T05:18:37.879+0000][1][safepoint    ] Safepoint "RevokeBias", Time since last: 2505424979 ns, Reaching safepoint: 78101 ns, At safepoint: 17721 ns, Total: 95822 ns
[2020-02-27T05:18:40.387+0000][1][safepoint    ] Safepoint "RevokeBias", Time since last: 2507150665 ns, Reaching safepoint: 78600 ns, At safepoint: 17954 ns, Total: 96554 ns
[2020-02-27T05:18:42.893+0000][1][safepoint    ] Safepoint "RevokeBias", Time since last: 2506073823 ns, Reaching safepoint: 92324 ns, At safepoint: 20809 ns, Total: 113133 ns
[2020-02-27T05:18:45.398+0000][1][safepoint    ] Safepoint "RevokeBias", Time since last: 2504647242 ns, Reaching safepoint: 109289 ns, At safepoint: 29953 ns, Total: 139242 ns
[2020-02-27T05:18:47.905+0000][1][safepoint    ] Safepoint "RevokeBias", Time since last: 2506836710 ns, Reaching safepoint: 101688 ns, At safepoint: 25186 ns, Total: 126874 ns
[2020-02-27T05:18:50.413+0000][1][safepoint    ] Safepoint "RevokeBias", Time since last: 2508695570 ns, Reaching safepoint: 61912 ns, At safepoint: 16579 ns, Total: 78491 ns
[2020-02-27T05:18:52.917+0000][1][safepoint    ] Safepoint "BulkRevokeBias", Time since last: 2503621978 ns, Reaching safepoint: 83840 ns, At safepoint: 267533 ns, Total: 351373 ns
[2020-02-27T05:18:55.421+0000][1][safepoint    ] Safepoint "RevokeBias", Time since last: 2503606105 ns, Reaching safepoint: 84068 ns, At safepoint: 19429 ns, Total: 103497 ns
[2020-02-27T05:18:56.702+0000][1][gc,start     ] GC(50) Pause Young (Allocation Failure)
[2020-02-27T05:18:56.702+0000][1][gc,task      ] GC(50) Using 1 workers of 1 for evacuation
[2020-02-27T05:18:56.713+0000][1][gc,age       ] GC(50) Desired survivor size 4358144 bytes, new threshold 6 (max threshold 6)
[2020-02-27T05:18:56.713+0000][1][gc,age       ] GC(50) Age table with threshold 6 (max threshold 6)
[2020-02-27T05:18:56.713+0000][1][gc,age       ] GC(50) - age   1:      11480 bytes,      11480 total
[2020-02-27T05:18:56.713+0000][1][gc,age       ] GC(50) - age   2:       2632 bytes,      14112 total
[2020-02-27T05:18:56.713+0000][1][gc,age       ] GC(50) - age   3:       2840 bytes,      16952 total
[2020-02-27T05:18:56.713+0000][1][gc,age       ] GC(50) - age   4:       2432 bytes,      19384 total
[2020-02-27T05:18:56.713+0000][1][gc,age       ] GC(50) - age   5:       1360 bytes,      20744 total
[2020-02-27T05:18:56.713+0000][1][gc,age       ] GC(50) - age   6:        416 bytes,      21160 total
[2020-02-27T05:18:56.713+0000][1][gc,heap      ] GC(50) ParNew: 68207K->30K(76672K)
[2020-02-27T05:18:56.713+0000][1][gc,heap      ] GC(50) CMS: 62441K->62445K(963392K)
[2020-02-27T05:18:56.713+0000][1][gc,metaspace ] GC(50) Metaspace: 79447K->79447K(1122304K)
[2020-02-27T05:18:56.713+0000][1][gc           ] GC(50) Pause Young (Allocation Failure) 127M->61M(1015M) 11.834ms
[2020-02-27T05:18:56.713+0000][1][gc,cpu       ] GC(50) User=0.01s Sys=0.00s Real=0.01s
[2020-02-27T05:18:56.713+0000][1][safepoint    ] Safepoint "GenCollectForAllocation", Time since last: 1280475606 ns, Reaching safepoint: 78218 ns, At safepoint: 11887513 ns, Total: 11965731 ns
[2020-02-27T05:18:57.927+0000][1][safepoint    ] Safepoint "RevokeBias", Time since last: 1213129319 ns, Reaching safepoint: 93390 ns, At safepoint: 20725 ns, Total: 114115 ns
[2020-02-27T05:19:00.439+0000][1][safepoint    ] Safepoint "RevokeBias", Time since last: 2511712917 ns, Reaching safepoint: 94696 ns, At safepoint: 17899 ns, Total: 112595 ns
[2020-02-27T05:19:02.948+0000][1][safepoint    ] Safepoint "RevokeBias", Time since last: 2509220277 ns, Reaching safepoint: 163233 ns, At safepoint: 31697 ns, Total: 194930 ns
[2020-02-27T05:19:05.457+0000][1][safepoint    ] Safepoint "RevokeBias", Time since last: 2509385278 ns, Reaching safepoint: 105771 ns, At safepoint: 22247 ns, Total: 128018 ns
[2020-02-27T05:19:07.971+0000][1][safepoint    ] Safepoint "RevokeBias", Time since last: 2513163234 ns, Reaching safepoint: 81057 ns, At safepoint: 19514 ns, Total: 100571 ns
[2020-02-27T05:19:10.501+0000][1][safepoint    ] Safepoint "RevokeBias", Time since last: 2529625324 ns, Reaching safepoint: 258366 ns, At safepoint: 70825 ns, Total: 329191 ns
[2020-02-27T05:19:13.013+0000][1][safepoint    ] Safepoint "RevokeBias", Time since last: 2512223010 ns, Reaching safepoint: 79153 ns, At safepoint: 17619 ns, Total: 96772 ns
[2020-02-27T05:19:15.517+0000][1][safepoint    ] Safepoint "RevokeBias", Time since last: 2503579466 ns, Reaching safepoint: 74512 ns, At safepoint: 17243 ns, Total: 91755 ns
[2020-02-27T05:19:17.518+0000][1][safepoint    ] Safepoint "Cleanup", Time since last: 2000989182 ns, Reaching safepoint: 89848 ns, At safepoint: 7889 ns, Total: 97737 ns
[2020-02-27T05:19:18.021+0000][1][safepoint    ] Safepoint "RevokeBias", Time since last: 503053399 ns, Reaching safepoint: 143433 ns, At safepoint: 20755 ns, Total: 164188 ns
[2020-02-27T05:19:20.527+0000][1][safepoint    ] Safepoint "RevokeBias", Time since last: 2506056818 ns, Reaching safepoint: 76205 ns, At safepoint: 148263 ns, Total: 224468 ns
[2020-02-27T05:19:23.032+0000][1][safepoint    ] Safepoint "RevokeBias", Time since last: 2504625567 ns, Reaching safepoint: 83451 ns, At safepoint: 18743 ns, Total: 102194 ns
[2020-02-27T05:19:25.536+0000][1][safepoint    ] Safepoint "RevokeBias", Time since last: 2504043345 ns, Reaching safepoint: 109770 ns, At safepoint: 19145 ns, Total: 128915 ns
[2020-02-27T05:19:28.043+0000][1][safepoint    ] Safepoint "RevokeBias", Time since last: 2506348930 ns, Reaching safepoint: 86761 ns, At safepoint: 18003 ns, Total: 104764 ns
[2020-02-27T05:19:30.550+0000][1][safepoint    ] Safepoint "RevokeBias", Time since last: 2507020987 ns, Reaching safepoint: 77661 ns, At safepoint: 17321 ns, Total: 94982 ns
[2020-02-27T05:19:33.055+0000][1][safepoint    ] Safepoint "RevokeBias", Time since last: 2505664790 ns, Reaching safepoint: 76128 ns, At safepoint: 16496 ns, Total: 92624 ns
[2020-02-27T05:19:35.559+0000][1][safepoint    ] Safepoint "RevokeBias", Time since last: 2503635529 ns, Reaching safepoint: 82641 ns, At safepoint: 20103 ns, Total: 102744 ns
[2020-02-27T05:19:38.068+0000][1][safepoint    ] Safepoint "RevokeBias", Time since last: 2508238207 ns, Reaching safepoint: 83199 ns, At safepoint: 18357 ns, Total: 101556 ns
[2020-02-27T05:19:40.574+0000][1][safepoint    ] Safepoint "RevokeBias", Time since last: 2506562631 ns, Reaching safepoint: 78023 ns, At safepoint: 18385 ns, Total: 96408 ns
[2020-02-27T05:19:43.078+0000][1][safepoint    ] Safepoint "RevokeBias", Time since last: 2504055109 ns, Reaching safepoint: 78821 ns, At safepoint: 18718 ns, Total: 97539 ns
[2020-02-27T05:19:45.587+0000][1][safepoint    ] Safepoint "RevokeBias", Time since last: 2508649121 ns, Reaching safepoint: 131882 ns, At safepoint: 21198 ns, Total: 153080 ns
[2020-02-27T05:19:48.098+0000][1][safepoint    ] Safepoint "RevokeBias", Time since last: 2510640646 ns, Reaching safepoint: 84048 ns, At safepoint: 20821 ns, Total: 104869 ns
[2020-02-27T05:19:50.610+0000][1][safepoint    ] Safepoint "RevokeBias", Time since last: 2512305924 ns, Reaching safepoint: 121152 ns, At safepoint: 27810 ns, Total: 148962 ns
[2020-02-27T05:19:53.131+0000][1][safepoint    ] Safepoint "RevokeBias", Time since last: 2520513378 ns, Reaching safepoint: 102941 ns, At safepoint: 24831 ns, Total: 127772 ns
[2020-02-27T05:19:55.646+0000][1][safepoint    ] Safepoint "RevokeBias", Time since last: 2514481954 ns, Reaching safepoint: 96953 ns, At safepoint: 21472 ns, Total: 118425 ns
[2020-02-27T05:19:57.649+0000][1][safepoint    ] Safepoint "Cleanup", Time since last: 2003330372 ns, Reaching safepoint: 84775 ns, At safepoint: 9096 ns, Total: 93871 ns
[2020-02-27T05:19:58.161+0000][1][safepoint    ] Safepoint "RevokeBias", Time since last: 512119548 ns, Reaching safepoint: 84465 ns, At safepoint: 18556 ns, Total: 103021 ns
[2020-02-27T05:20:00.680+0000][1][safepoint    ] Safepoint "RevokeBias", Time since last: 2518819298 ns, Reaching safepoint: 90782 ns, At safepoint: 27133 ns, Total: 117915 ns
[2020-02-27T05:20:03.188+0000][1][safepoint    ] Safepoint "RevokeBias", Time since last: 2507604399 ns, Reaching safepoint: 84294 ns, At safepoint: 20026 ns, Total: 104320 ns
[2020-02-27T05:20:05.694+0000][1][safepoint    ] Safepoint "BulkRevokeBias", Time since last: 2505594436 ns, Reaching safepoint: 176391 ns, At safepoint: 435644 ns, Total: 612035 ns
[2020-02-27T05:20:08.201+0000][1][safepoint    ] Safepoint "RevokeBias", Time since last: 2506704703 ns, Reaching safepoint: 78202 ns, At safepoint: 18046 ns, Total: 96248 ns
[2020-02-27T05:20:10.709+0000][1][safepoint    ] Safepoint "RevokeBias", Time since last: 2508109642 ns, Reaching safepoint: 69430 ns, At safepoint: 18284 ns, Total: 87714 ns
[2020-02-27T05:20:13.216+0000][1][safepoint    ] Safepoint "RevokeBias", Time since last: 2507109067 ns, Reaching safepoint: 119655 ns, At safepoint: 23718 ns, Total: 143373 ns
[2020-02-27T05:20:15.775+0000][1][safepoint    ] Safepoint "RevokeBias", Time since last: 2558040956 ns, Reaching safepoint: 106491 ns, At safepoint: 24574 ns, Total: 131065 ns
[2020-02-27T05:20:18.303+0000][1][safepoint    ] Safepoint "RevokeBias", Time since last: 2525949822 ns, Reaching safepoint: 2388708 ns, At safepoint: 40060 ns, Total: 2428768 ns
[2020-02-27T05:20:20.871+0000][1][safepoint    ] Safepoint "RevokeBias", Time since last: 2567665637 ns, Reaching safepoint: 121267 ns, At safepoint: 30579 ns, Total: 151846 ns
[2020-02-27T05:20:23.462+0000][1][safepoint    ] Safepoint "RevokeBias", Time since last: 2591492983 ns, Reaching safepoint: 104892 ns, At safepoint: 25516 ns, Total: 130408 ns
[2020-02-27T05:20:25.968+0000][1][safepoint    ] Safepoint "RevokeBias", Time since last: 2505782136 ns, Reaching safepoint: 143020 ns, At safepoint: 38259 ns, Total: 181279 ns
[2020-02-27T05:20:28.477+0000][1][safepoint    ] Safepoint "RevokeBias", Time since last: 2508536282 ns, Reaching safepoint: 208054 ns, At safepoint: 44189 ns, Total: 252243 ns
[2020-02-27T05:20:30.983+0000][1][safepoint    ] Safepoint "RevokeBias", Time since last: 2506219234 ns, Reaching safepoint: 88000 ns, At safepoint: 20174 ns, Total: 108174 ns
[2020-02-27T05:20:33.489+0000][1][safepoint    ] Safepoint "RevokeBias", Time since last: 2505392581 ns, Reaching safepoint: 107899 ns, At safepoint: 20774 ns, Total: 128673 ns
[2020-02-27T05:20:36.001+0000][1][safepoint    ] Safepoint "RevokeBias", Time since last: 2511751156 ns, Reaching safepoint: 108454 ns, At safepoint: 28063 ns, Total: 136517 ns
[2020-02-27T05:20:38.520+0000][1][safepoint    ] Safepoint "RevokeBias", Time since last: 2519282106 ns, Reaching safepoint: 67614 ns, At safepoint: 18418 ns, Total: 86032 ns
[2020-02-27T05:20:41.043+0000][1][safepoint    ] Safepoint "RevokeBias", Time since last: 2523175573 ns, Reaching safepoint: 79663 ns, At safepoint: 18078 ns, Total: 97741 ns
[2020-02-27T05:20:43.578+0000][1][safepoint    ] Safepoint "RevokeBias", Time since last: 2534229869 ns, Reaching safepoint: 120233 ns, At safepoint: 43686 ns, Total: 163919 ns
[2020-02-27T05:20:46.089+0000][1][safepoint    ] Safepoint "RevokeBias", Time since last: 2510500362 ns, Reaching safepoint: 87388 ns, At safepoint: 19260 ns, Total: 106648 ns
[2020-02-27T05:20:47.089+0000][1][safepoint    ] Safepoint "Cleanup", Time since last: 1000862973 ns, Reaching safepoint: 107739 ns, At safepoint: 12059 ns, Total: 119798 ns
[2020-02-27T05:20:48.602+0000][1][safepoint    ] Safepoint "RevokeBias", Time since last: 1511998325 ns, Reaching safepoint: 78413 ns, At safepoint: 17747 ns, Total: 96160 ns
[2020-02-27T05:20:51.111+0000][1][safepoint    ] Safepoint "RevokeBias", Time since last: 2509372180 ns, Reaching safepoint: 89737 ns, At safepoint: 21259 ns, Total: 110996 ns
[2020-02-27T05:20:53.616+0000][1][safepoint    ] Safepoint "RevokeBias", Time since last: 2505211278 ns, Reaching safepoint: 77899 ns, At safepoint: 18983 ns, Total: 96882 ns
[2020-02-27T05:20:56.120+0000][1][safepoint    ] Safepoint "RevokeBias", Time since last: 2503629600 ns, Reaching safepoint: 91479 ns, At safepoint: 18587 ns, Total: 110066 ns
[2020-02-27T05:20:58.624+0000][1][safepoint    ] Safepoint "RevokeBias", Time since last: 2503967988 ns, Reaching safepoint: 126917 ns, At safepoint: 34239 ns, Total: 161156 ns
[2020-02-27T05:21:01.128+0000][1][safepoint    ] Safepoint "RevokeBias", Time since last: 2503473015 ns, Reaching safepoint: 74657 ns, At safepoint: 18274 ns, Total: 92931 ns
[2020-02-27T05:21:03.634+0000][1][safepoint    ] Safepoint "RevokeBias", Time since last: 2506078107 ns, Reaching safepoint: 106596 ns, At safepoint: 28092 ns, Total: 134688 ns
[2020-02-27T05:21:06.150+0000][1][safepoint    ] Safepoint "RevokeBias", Time since last: 2515575289 ns, Reaching safepoint: 76427 ns, At safepoint: 18058 ns, Total: 94485 ns
[2020-02-27T05:21:08.667+0000][1][safepoint    ] Safepoint "RevokeBias", Time since last: 2517432423 ns, Reaching safepoint: 106036 ns, At safepoint: 25940 ns, Total: 131976 ns
[2020-02-27T05:21:11.188+0000][1][safepoint    ] Safepoint "RevokeBias", Time since last: 2520740171 ns, Reaching safepoint: 104679 ns, At safepoint: 26591 ns, Total: 131270 ns
[2020-02-27T05:21:13.701+0000][1][safepoint    ] Safepoint "RevokeBias", Time since last: 2512256934 ns, Reaching safepoint: 114465 ns, At safepoint: 30257 ns, Total: 144722 ns
[2020-02-27T05:21:16.204+0000][1][safepoint    ] Safepoint "RevokeBias", Time since last: 2503016500 ns, Reaching safepoint: 75991 ns, At safepoint: 18477 ns, Total: 94468 ns
[2020-02-27T05:21:16.934+0000][1][gc,start     ] GC(51) Pause Young (Allocation Failure)
[2020-02-27T05:21:16.934+0000][1][gc,task      ] GC(51) Using 1 workers of 1 for evacuation
[2020-02-27T05:21:16.944+0000][1][gc,age       ] GC(51) Desired survivor size 4358144 bytes, new threshold 6 (max threshold 6)
[2020-02-27T05:21:16.945+0000][1][gc,age       ] GC(51) Age table with threshold 6 (max threshold 6)
[2020-02-27T05:21:16.945+0000][1][gc,age       ] GC(51) - age   1:      12144 bytes,      12144 total
[2020-02-27T05:21:16.945+0000][1][gc,age       ] GC(51) - age   2:        576 bytes,      12720 total
[2020-02-27T05:21:16.945+0000][1][gc,age       ] GC(51) - age   3:       2632 bytes,      15352 total
[2020-02-27T05:21:16.945+0000][1][gc,age       ] GC(51) - age   4:       2840 bytes,      18192 total
[2020-02-27T05:21:16.945+0000][1][gc,age       ] GC(51) - age   5:       2200 bytes,      20392 total
[2020-02-27T05:21:16.945+0000][1][gc,age       ] GC(51) - age   6:       1360 bytes,      21752 total
[2020-02-27T05:21:16.945+0000][1][gc,heap      ] GC(51) ParNew: 68190K->38K(76672K)
[2020-02-27T05:21:16.945+0000][1][gc,heap      ] GC(51) CMS: 62445K->62446K(963392K)
[2020-02-27T05:21:16.945+0000][1][gc,metaspace ] GC(51) Metaspace: 79462K->79462K(1122304K)
[2020-02-27T05:21:16.945+0000][1][gc           ] GC(51) Pause Young (Allocation Failure) 127M->61M(1015M) 10.570ms
[2020-02-27T05:21:16.945+0000][1][gc,cpu       ] GC(51) User=0.01s Sys=0.00s Real=0.01s
[2020-02-27T05:21:16.945+0000][1][safepoint    ] Safepoint "GenCollectForAllocation", Time since last: 730366346 ns, Reaching safepoint: 74584 ns, At safepoint: 10623438 ns, Total: 10698022 ns
[2020-02-27T05:21:18.711+0000][1][safepoint    ] Safepoint "BulkRevokeBias", Time since last: 1766242259 ns, Reaching safepoint: 102066 ns, At safepoint: 333411 ns, Total: 435477 ns
[2020-02-27T05:21:20.712+0000][1][safepoint    ] Safepoint "Cleanup", Time since last: 2000739351 ns, Reaching safepoint: 87471 ns, At safepoint: 8617 ns, Total: 96088 ns
[2020-02-27T05:21:21.219+0000][1][safepoint    ] Safepoint "RevokeBias", Time since last: 506912297 ns, Reaching safepoint: 76609 ns, At safepoint: 18081 ns, Total: 94690 ns
[2020-02-27T05:21:23.724+0000][1][safepoint    ] Safepoint "RevokeBias", Time since last: 2504451769 ns, Reaching safepoint: 88156 ns, At safepoint: 22350 ns, Total: 110506 ns
[2020-02-27T05:21:26.228+0000][1][safepoint    ] Safepoint "RevokeBias", Time since last: 2504325104 ns, Reaching safepoint: 123309 ns, At safepoint: 21146 ns, Total: 144455 ns
[2020-02-27T05:21:28.748+0000][1][safepoint    ] Safepoint "RevokeBias", Time since last: 2519931746 ns, Reaching safepoint: 111460 ns, At safepoint: 22098 ns, Total: 133558 ns
[2020-02-27T05:21:31.261+0000][1][safepoint    ] Safepoint "RevokeBias", Time since last: 2512745754 ns, Reaching safepoint: 74788 ns, At safepoint: 18299 ns, Total: 93087 ns
[2020-02-27T05:21:33.783+0000][1][safepoint    ] Safepoint "RevokeBias", Time since last: 2522070609 ns, Reaching safepoint: 137522 ns, At safepoint: 23652 ns, Total: 161174 ns
[2020-02-27T05:21:36.292+0000][1][safepoint    ] Safepoint "RevokeBias", Time since last: 2508507471 ns, Reaching safepoint: 56789 ns, At safepoint: 15314 ns, Total: 72103 ns
[2020-02-27T05:21:38.806+0000][1][safepoint    ] Safepoint "RevokeBias", Time since last: 2514179254 ns, Reaching safepoint: 76166 ns, At safepoint: 18268 ns, Total: 94434 ns
[2020-02-27T05:21:41.313+0000][1][safepoint    ] Safepoint "RevokeBias", Time since last: 2506940103 ns, Reaching safepoint: 74050 ns, At safepoint: 17498 ns, Total: 91548 ns
[2020-02-27T05:21:43.820+0000][1][safepoint    ] Safepoint "RevokeBias", Time since last: 2506819223 ns, Reaching safepoint: 78145 ns, At safepoint: 18242 ns, Total: 96387 ns
[2020-02-27T05:21:46.324+0000][1][safepoint    ] Safepoint "RevokeBias", Time since last: 2503913054 ns, Reaching safepoint: 77713 ns, At safepoint: 18299 ns, Total: 96012 ns
[2020-02-27T05:21:48.828+0000][1][safepoint    ] Safepoint "RevokeBias", Time since last: 2503517638 ns, Reaching safepoint: 77560 ns, At safepoint: 17984 ns, Total: 95544 ns
[2020-02-27T05:21:51.331+0000][1][safepoint    ] Safepoint "RevokeBias", Time since last: 2503323111 ns, Reaching safepoint: 111851 ns, At safepoint: 28066 ns, Total: 139917 ns
[2020-02-27T05:21:53.839+0000][1][safepoint    ] Safepoint "RevokeBias", Time since last: 2507359651 ns, Reaching safepoint: 128592 ns, At safepoint: 30107 ns, Total: 158699 ns
[2020-02-27T05:21:56.343+0000][1][safepoint    ] Safepoint "RevokeBias", Time since last: 2504105994 ns, Reaching safepoint: 99100 ns, At safepoint: 23057 ns, Total: 122157 ns
[2020-02-27T05:21:57.344+0000][1][safepoint    ] Safepoint "Cleanup", Time since last: 1000461393 ns, Reaching safepoint: 156509 ns, At safepoint: 9829 ns, Total: 166338 ns
[2020-02-27T05:21:58.849+0000][1][safepoint    ] Safepoint "RevokeBias", Time since last: 1505318499 ns, Reaching safepoint: 77552 ns, At safepoint: 18308 ns, Total: 95860 ns
[2020-02-27T05:22:01.366+0000][1][safepoint    ] Safepoint "RevokeBias", Time since last: 2516445354 ns, Reaching safepoint: 100641 ns, At safepoint: 60575 ns, Total: 161216 ns
[2020-02-27T05:22:03.889+0000][1][safepoint    ] Safepoint "RevokeBias", Time since last: 2523456257 ns, Reaching safepoint: 100128 ns, At safepoint: 24561 ns, Total: 124689 ns
[2020-02-27T05:22:06.404+0000][1][safepoint    ] Safepoint "RevokeBias", Time since last: 2514800118 ns, Reaching safepoint: 111702 ns, At safepoint: 29740 ns, Total: 141442 ns
[2020-02-27T05:22:08.907+0000][1][safepoint    ] Safepoint "RevokeBias", Time since last: 2503145067 ns, Reaching safepoint: 100262 ns, At safepoint: 24033 ns, Total: 124295 ns
[2020-02-27T05:22:11.413+0000][1][safepoint    ] Safepoint "RevokeBias", Time since last: 2505323580 ns, Reaching safepoint: 77675 ns, At safepoint: 17829 ns, Total: 95504 ns
[2020-02-27T05:22:13.919+0000][1][safepoint    ] Safepoint "RevokeBias", Time since last: 2506074321 ns, Reaching safepoint: 81129 ns, At safepoint: 19282 ns, Total: 100411 ns
[2020-02-27T05:22:16.423+0000][1][safepoint    ] Safepoint "RevokeBias", Time since last: 2503608802 ns, Reaching safepoint: 75172 ns, At safepoint: 17462 ns, Total: 92634 ns
[2020-02-27T05:22:18.926+0000][1][safepoint    ] Safepoint "RevokeBias", Time since last: 2503473897 ns, Reaching safepoint: 186484 ns, At safepoint: 35533 ns, Total: 222017 ns
[2020-02-27T05:22:21.433+0000][1][safepoint    ] Safepoint "RevokeBias", Time since last: 2506063236 ns, Reaching safepoint: 117641 ns, At safepoint: 42541 ns, Total: 160182 ns
[2020-02-27T05:22:23.946+0000][1][safepoint    ] Safepoint "RevokeBias", Time since last: 2512751762 ns, Reaching safepoint: 79104 ns, At safepoint: 18029 ns, Total: 97133 ns
[2020-02-27T05:22:26.449+0000][1][safepoint    ] Safepoint "RevokeBias", Time since last: 2503130728 ns, Reaching safepoint: 92621 ns, At safepoint: 20496 ns, Total: 113117 ns
[2020-02-27T05:22:28.959+0000][1][safepoint    ] Safepoint "RevokeBias", Time since last: 2509863645 ns, Reaching safepoint: 82072 ns, At safepoint: 18382 ns, Total: 100454 ns
[2020-02-27T05:22:31.473+0000][1][safepoint    ] Safepoint "BulkRevokeBias", Time since last: 2513414505 ns, Reaching safepoint: 139686 ns, At safepoint: 228272 ns, Total: 367958 ns
[2020-02-27T05:22:33.985+0000][1][safepoint    ] Safepoint "RevokeBias", Time since last: 2512269974 ns, Reaching safepoint: 101382 ns, At safepoint: 26592 ns, Total: 127974 ns
[2020-02-27T05:22:36.494+0000][1][safepoint    ] Safepoint "RevokeBias", Time since last: 2508426525 ns, Reaching safepoint: 147454 ns, At safepoint: 30429 ns, Total: 177883 ns
[2020-02-27T05:22:37.494+0000][1][safepoint    ] Safepoint "Cleanup", Time since last: 1000237846 ns, Reaching safepoint: 87672 ns, At safepoint: 8375 ns, Total: 96047 ns
[2020-02-27T05:22:39.007+0000][1][safepoint    ] Safepoint "RevokeBias", Time since last: 1512905992 ns, Reaching safepoint: 73661 ns, At safepoint: 91617 ns, Total: 165278 ns
[2020-02-27T05:22:41.515+0000][1][safepoint    ] Safepoint "RevokeBias", Time since last: 2508395958 ns, Reaching safepoint: 117467 ns, At safepoint: 26452 ns, Total: 143919 ns
[2020-02-27T05:22:44.022+0000][1][safepoint    ] Safepoint "RevokeBias", Time since last: 2506187816 ns, Reaching safepoint: 159284 ns, At safepoint: 31348 ns, Total: 190632 ns
[2020-02-27T05:22:46.528+0000][1][safepoint    ] Safepoint "RevokeBias", Time since last: 2505878595 ns, Reaching safepoint: 93854 ns, At safepoint: 23853 ns, Total: 117707 ns
[2020-02-27T05:22:49.033+0000][1][safepoint    ] Safepoint "RevokeBias", Time since last: 2505134191 ns, Reaching safepoint: 135182 ns, At safepoint: 19930 ns, Total: 155112 ns
[2020-02-27T05:22:51.622+0000][1][safepoint    ] Safepoint "RevokeBias", Time since last: 2588983122 ns, Reaching safepoint: 100081 ns, At safepoint: 25436 ns, Total: 125517 ns
[2020-02-27T05:22:54.127+0000][1][safepoint    ] Safepoint "RevokeBias", Time since last: 2504341915 ns, Reaching safepoint: 107690 ns, At safepoint: 38449 ns, Total: 146139 ns
[2020-02-27T05:22:56.630+0000][1][safepoint    ] Safepoint "RevokeBias", Time since last: 2503609680 ns, Reaching safepoint: 92032 ns, At safepoint: 20789 ns, Total: 112821 ns
[2020-02-27T05:22:59.137+0000][1][safepoint    ] Safepoint "RevokeBias", Time since last: 2506575980 ns, Reaching safepoint: 76998 ns, At safepoint: 17899 ns, Total: 94897 ns
[2020-02-27T05:23:01.649+0000][1][safepoint    ] Safepoint "RevokeBias", Time since last: 2512120669 ns, Reaching safepoint: 76075 ns, At safepoint: 17875 ns, Total: 93950 ns
[2020-02-27T05:23:04.158+0000][1][safepoint    ] Safepoint "RevokeBias", Time since last: 2508514806 ns, Reaching safepoint: 189177 ns, At safepoint: 19284 ns, Total: 208461 ns
[2020-02-27T05:23:06.668+0000][1][safepoint    ] Safepoint "RevokeBias", Time since last: 2510176812 ns, Reaching safepoint: 91835 ns, At safepoint: 19966 ns, Total: 111801 ns
[2020-02-27T05:23:09.180+0000][1][safepoint    ] Safepoint "RevokeBias", Time since last: 2511488840 ns, Reaching safepoint: 139902 ns, At safepoint: 38819 ns, Total: 178721 ns
[2020-02-27T05:23:11.698+0000][1][safepoint    ] Safepoint "RevokeBias", Time since last: 2517928460 ns, Reaching safepoint: 89121 ns, At safepoint: 21277 ns, Total: 110398 ns
[2020-02-27T05:23:14.209+0000][1][safepoint    ] Safepoint "RevokeBias", Time since last: 2511111075 ns, Reaching safepoint: 95545 ns, At safepoint: 18298 ns, Total: 113843 ns
[2020-02-27T05:23:16.722+0000][1][safepoint    ] Safepoint "RevokeBias", Time since last: 2512613128 ns, Reaching safepoint: 80076 ns, At safepoint: 18769 ns, Total: 98845 ns
[2020-02-27T05:23:19.232+0000][1][safepoint    ] Safepoint "RevokeBias", Time since last: 2510299764 ns, Reaching safepoint: 82847 ns, At safepoint: 20388 ns, Total: 103235 ns
[2020-02-27T05:23:21.736+0000][1][safepoint    ] Safepoint "RevokeBias", Time since last: 2503542532 ns, Reaching safepoint: 186881 ns, At safepoint: 20641 ns, Total: 207522 ns
[2020-02-27T05:23:24.241+0000][1][safepoint    ] Safepoint "RevokeBias", Time since last: 2504317413 ns, Reaching safepoint: 158013 ns, At safepoint: 40196 ns, Total: 198209 ns
[2020-02-27T05:23:26.743+0000][1][safepoint    ] Safepoint "RevokeBias", Time since last: 2502710854 ns, Reaching safepoint: 74302 ns, At safepoint: 17499 ns, Total: 91801 ns
[2020-02-27T05:23:29.249+0000][1][safepoint    ] Safepoint "RevokeBias", Time since last: 2505410205 ns, Reaching safepoint: 89089 ns, At safepoint: 18219 ns, Total: 107308 ns
[2020-02-27T05:23:31.754+0000][1][safepoint    ] Safepoint "RevokeBias", Time since last: 2504459527 ns, Reaching safepoint: 74416 ns, At safepoint: 17410 ns, Total: 91826 ns
[2020-02-27T05:23:34.259+0000][1][gc,start     ] GC(52) Pause Young (Allocation Failure)
[2020-02-27T05:23:34.259+0000][1][gc,task      ] GC(52) Using 1 workers of 1 for evacuation
[2020-02-27T05:23:34.270+0000][1][gc,age       ] GC(52) Desired survivor size 4358144 bytes, new threshold 6 (max threshold 6)
[2020-02-27T05:23:34.270+0000][1][gc,age       ] GC(52) Age table with threshold 6 (max threshold 6)
[2020-02-27T05:23:34.270+0000][1][gc,age       ] GC(52) - age   1:      11568 bytes,      11568 total
[2020-02-27T05:23:34.270+0000][1][gc,age       ] GC(52) - age   2:        472 bytes,      12040 total
[2020-02-27T05:23:34.270+0000][1][gc,age       ] GC(52) - age   3:        576 bytes,      12616 total
[2020-02-27T05:23:34.270+0000][1][gc,age       ] GC(52) - age   4:       2512 bytes,      15128 total
[2020-02-27T05:23:34.270+0000][1][gc,age       ] GC(52) - age   5:       2840 bytes,      17968 total
[2020-02-27T05:23:34.270+0000][1][gc,age       ] GC(52) - age   6:       2200 bytes,      20168 total
[2020-02-27T05:23:34.270+0000][1][gc,heap      ] GC(52) ParNew: 68178K->25K(76672K)
[2020-02-27T05:23:34.270+0000][1][gc,heap      ] GC(52) CMS: 62446K->62447K(963392K)
[2020-02-27T05:23:34.270+0000][1][gc,metaspace ] GC(52) Metaspace: 79469K->79469K(1122304K)
[2020-02-27T05:23:34.270+0000][1][gc           ] GC(52) Pause Young (Allocation Failure) 127M->61M(1015M) 11.650ms
[2020-02-27T05:23:34.270+0000][1][gc,cpu       ] GC(52) User=0.02s Sys=0.00s Real=0.01s
[2020-02-27T05:23:34.270+0000][1][safepoint    ] Safepoint "GenCollectForAllocation", Time since last: 2504901418 ns, Reaching safepoint: 79257 ns, At safepoint: 11793730 ns, Total: 11872987 ns
[2020-02-27T05:23:34.273+0000][1][safepoint    ] Safepoint "RevokeBias", Time since last: 2116041 ns, Reaching safepoint: 180335 ns, At safepoint: 21186 ns, Total: 201521 ns
[2020-02-27T05:23:36.776+0000][1][safepoint    ] Safepoint "RevokeBias", Time since last: 2503045762 ns, Reaching safepoint: 78505 ns, At safepoint: 18197 ns, Total: 96702 ns
[2020-02-27T05:23:39.283+0000][1][safepoint    ] Safepoint "RevokeBias", Time since last: 2507015987 ns, Reaching safepoint: 77581 ns, At safepoint: 18236 ns, Total: 95817 ns
[2020-02-27T05:23:41.788+0000][1][safepoint    ] Safepoint "RevokeBias", Time since last: 2505030121 ns, Reaching safepoint: 170420 ns, At safepoint: 34775 ns, Total: 205195 ns
[2020-02-27T05:23:44.296+0000][1][safepoint    ] Safepoint "BulkRevokeBias", Time since last: 2507350294 ns, Reaching safepoint: 80650 ns, At safepoint: 188188 ns, Total: 268838 ns
[2020-02-27T05:23:45.296+0000][1][safepoint    ] Safepoint "Cleanup", Time since last: 1000569420 ns, Reaching safepoint: 94612 ns, At safepoint: 7891 ns, Total: 102503 ns
[2020-02-27T05:23:46.801+0000][1][safepoint    ] Safepoint "RevokeBias", Time since last: 1504598263 ns, Reaching safepoint: 76291 ns, At safepoint: 18206 ns, Total: 94497 ns
[2020-02-27T05:23:49.305+0000][1][safepoint    ] Safepoint "RevokeBias", Time since last: 2503689054 ns, Reaching safepoint: 57362 ns, At safepoint: 15089 ns, Total: 72451 ns
[2020-02-27T05:23:51.811+0000][1][safepoint    ] Safepoint "RevokeBias", Time since last: 2505852818 ns, Reaching safepoint: 156110 ns, At safepoint: 20759 ns, Total: 176869 ns
[2020-02-27T05:23:54.329+0000][1][safepoint    ] Safepoint "RevokeBias", Time since last: 2518164091 ns, Reaching safepoint: 111247 ns, At safepoint: 46024 ns, Total: 157271 ns
[2020-02-27T05:23:56.838+0000][1][safepoint    ] Safepoint "RevokeBias", Time since last: 2508537225 ns, Reaching safepoint: 127632 ns, At safepoint: 36990 ns, Total: 164622 ns
[2020-02-27T05:23:59.354+0000][1][safepoint    ] Safepoint "RevokeBias", Time since last: 2515919039 ns, Reaching safepoint: 201759 ns, At safepoint: 26982 ns, Total: 228741 ns
[2020-02-27T05:24:01.866+0000][1][safepoint    ] Safepoint "RevokeBias", Time since last: 2512263770 ns, Reaching safepoint: 77810 ns, At safepoint: 18351 ns, Total: 96161 ns
[2020-02-27T05:24:04.377+0000][1][safepoint    ] Safepoint "RevokeBias", Time since last: 2510596338 ns, Reaching safepoint: 77457 ns, At safepoint: 18925 ns, Total: 96382 ns
[2020-02-27T05:24:06.892+0000][1][safepoint    ] Safepoint "RevokeBias", Time since last: 2514329035 ns, Reaching safepoint: 74973 ns, At safepoint: 17473 ns, Total: 92446 ns
[2020-02-27T05:24:09.403+0000][1][safepoint    ] Safepoint "RevokeBias", Time since last: 2511023317 ns, Reaching safepoint: 164904 ns, At safepoint: 21293 ns, Total: 186197 ns
[2020-02-27T05:24:11.909+0000][1][safepoint    ] Safepoint "RevokeBias", Time since last: 2506529164 ns, Reaching safepoint: 114851 ns, At safepoint: 29015 ns, Total: 143866 ns
[2020-02-27T05:24:14.413+0000][1][safepoint    ] Safepoint "RevokeBias", Time since last: 2503581335 ns, Reaching safepoint: 94095 ns, At safepoint: 21703 ns, Total: 115798 ns
[2020-02-27T05:24:16.916+0000][1][safepoint    ] Safepoint "RevokeBias", Time since last: 2502655910 ns, Reaching safepoint: 64507 ns, At safepoint: 18552 ns, Total: 83059 ns
[2020-02-27T05:24:19.421+0000][1][safepoint    ] Safepoint "RevokeBias", Time since last: 2504808915 ns, Reaching safepoint: 77574 ns, At safepoint: 17942 ns, Total: 95516 ns
[2020-02-27T05:24:20.426+0000][1][safepoint    ] Safepoint "Cleanup", Time since last: 1004731071 ns, Reaching safepoint: 93092 ns, At safepoint: 7405 ns, Total: 100497 ns
[2020-02-27T05:24:21.925+0000][1][safepoint    ] Safepoint "RevokeBias", Time since last: 1499705582 ns, Reaching safepoint: 78446 ns, At safepoint: 18334 ns, Total: 96780 ns
[2020-02-27T05:24:24.432+0000][1][safepoint    ] Safepoint "RevokeBias", Time since last: 2506295946 ns, Reaching safepoint: 75047 ns, At safepoint: 17791 ns, Total: 92838 ns
[2020-02-27T05:24:26.936+0000][1][safepoint    ] Safepoint "RevokeBias", Time since last: 2504238573 ns, Reaching safepoint: 62081 ns, At safepoint: 18135 ns, Total: 80216 ns
[2020-02-27T05:24:29.442+0000][1][safepoint    ] Safepoint "RevokeBias", Time since last: 2506241571 ns, Reaching safepoint: 73765 ns, At safepoint: 16471 ns, Total: 90236 ns
[2020-02-27T05:24:31.947+0000][1][safepoint    ] Safepoint "RevokeBias", Time since last: 2504696500 ns, Reaching safepoint: 74742 ns, At safepoint: 17403 ns, Total: 92145 ns
[2020-02-27T05:24:34.453+0000][1][safepoint    ] Safepoint "RevokeBias", Time since last: 2506158289 ns, Reaching safepoint: 110944 ns, At safepoint: 17892 ns, Total: 128836 ns
[2020-02-27T05:24:36.957+0000][1][safepoint    ] Safepoint "RevokeBias", Time since last: 2503555165 ns, Reaching safepoint: 75698 ns, At safepoint: 18250 ns, Total: 93948 ns
[2020-02-27T05:24:39.464+0000][1][safepoint    ] Safepoint "RevokeBias", Time since last: 2506397353 ns, Reaching safepoint: 79739 ns, At safepoint: 18753 ns, Total: 98492 ns
[2020-02-27T05:24:41.969+0000][1][safepoint    ] Safepoint "RevokeBias", Time since last: 2504878261 ns, Reaching safepoint: 76425 ns, At safepoint: 17512 ns, Total: 93937 ns
[2020-02-27T05:24:44.473+0000][1][safepoint    ] Safepoint "RevokeBias", Time since last: 2504576233 ns, Reaching safepoint: 93774 ns, At safepoint: 21024 ns, Total: 114798 ns
[2020-02-27T05:24:47.083+0000][1][safepoint    ] Safepoint "RevokeBias", Time since last: 2609973538 ns, Reaching safepoint: 77004 ns, At safepoint: 18796 ns, Total: 95800 ns
[2020-02-27T05:24:49.591+0000][1][safepoint    ] Safepoint "RevokeBias", Time since last: 2507195236 ns, Reaching safepoint: 74764 ns, At safepoint: 17169 ns, Total: 91933 ns
[2020-02-27T05:24:52.104+0000][1][safepoint    ] Safepoint "RevokeBias", Time since last: 2513382289 ns, Reaching safepoint: 74432 ns, At safepoint: 51011 ns, Total: 125443 ns
[2020-02-27T05:24:54.620+0000][1][safepoint    ] Safepoint "RevokeBias", Time since last: 2515724132 ns, Reaching safepoint: 96958 ns, At safepoint: 21819 ns, Total: 118777 ns
[2020-02-27T05:24:57.133+0000][1][safepoint    ] Safepoint "BulkRevokeBias", Time since last: 2512168771 ns, Reaching safepoint: 204837 ns, At safepoint: 230507 ns, Total: 435344 ns
[2020-02-27T05:24:59.648+0000][1][safepoint    ] Safepoint "RevokeBias", Time since last: 2515369216 ns, Reaching safepoint: 77697 ns, At safepoint: 18137 ns, Total: 95834 ns
[2020-02-27T05:25:02.153+0000][1][safepoint    ] Safepoint "RevokeBias", Time since last: 2504754824 ns, Reaching safepoint: 74390 ns, At safepoint: 17765 ns, Total: 92155 ns
[2020-02-27T05:25:04.657+0000][1][safepoint    ] Safepoint "RevokeBias", Time since last: 2503859352 ns, Reaching safepoint: 75690 ns, At safepoint: 17884 ns, Total: 93574 ns
[2020-02-27T05:25:07.162+0000][1][safepoint    ] Safepoint "RevokeBias", Time since last: 2505083596 ns, Reaching safepoint: 121478 ns, At safepoint: 21056 ns, Total: 142534 ns
[2020-02-27T05:25:09.669+0000][1][safepoint    ] Safepoint "RevokeBias", Time since last: 2506656287 ns, Reaching safepoint: 79916 ns, At safepoint: 18629 ns, Total: 98545 ns
[2020-02-27T05:25:12.173+0000][1][safepoint    ] Safepoint "RevokeBias", Time since last: 2504204676 ns, Reaching safepoint: 102523 ns, At safepoint: 26394 ns, Total: 128917 ns
[2020-02-27T05:25:14.681+0000][1][safepoint    ] Safepoint "RevokeBias", Time since last: 2507178534 ns, Reaching safepoint: 160778 ns, At safepoint: 27955 ns, Total: 188733 ns
[2020-02-27T05:25:17.184+0000][1][safepoint    ] Safepoint "RevokeBias", Time since last: 2502885026 ns, Reaching safepoint: 75016 ns, At safepoint: 17710 ns, Total: 92726 ns
[2020-02-27T05:25:18.189+0000][1][safepoint    ] Safepoint "Cleanup", Time since last: 1005717148 ns, Reaching safepoint: 100014 ns, At safepoint: 10880 ns, Total: 110894 ns
[2020-02-27T05:25:19.689+0000][1][safepoint    ] Safepoint "RevokeBias", Time since last: 1499636979 ns, Reaching safepoint: 75346 ns, At safepoint: 18085 ns, Total: 93431 ns
[2020-02-27T05:25:20.690+0000][1][safepoint    ] Safepoint "Cleanup", Time since last: 1000448580 ns, Reaching safepoint: 105452 ns, At safepoint: 10554 ns, Total: 116006 ns
[2020-02-27T05:25:22.197+0000][1][safepoint    ] Safepoint "RevokeBias", Time since last: 1507700221 ns, Reaching safepoint: 87433 ns, At safepoint: 20314 ns, Total: 107747 ns
[2020-02-27T05:25:24.704+0000][1][safepoint    ] Safepoint "RevokeBias", Time since last: 2506112739 ns, Reaching safepoint: 98014 ns, At safepoint: 21423 ns, Total: 119437 ns
[2020-02-27T05:25:27.207+0000][1][safepoint    ] Safepoint "RevokeBias", Time since last: 2503628348 ns, Reaching safepoint: 77319 ns, At safepoint: 18390 ns, Total: 95709 ns
[2020-02-27T05:25:29.713+0000][1][safepoint    ] Safepoint "RevokeBias", Time since last: 2505171015 ns, Reaching safepoint: 74980 ns, At safepoint: 18042 ns, Total: 93022 ns
[2020-02-27T05:25:32.218+0000][1][safepoint    ] Safepoint "RevokeBias", Time since last: 2505133006 ns, Reaching safepoint: 83003 ns, At safepoint: 19618 ns, Total: 102621 ns
[2020-02-27T05:25:34.735+0000][1][safepoint    ] Safepoint "RevokeBias", Time since last: 2516391893 ns, Reaching safepoint: 180964 ns, At safepoint: 61987 ns, Total: 242951 ns
[2020-02-27T05:25:37.247+0000][1][safepoint    ] Safepoint "RevokeBias", Time since last: 2512577397 ns, Reaching safepoint: 62271 ns, At safepoint: 16946 ns, Total: 79217 ns
[2020-02-27T05:25:39.753+0000][1][safepoint    ] Safepoint "RevokeBias", Time since last: 2505828218 ns, Reaching safepoint: 76558 ns, At safepoint: 17876 ns, Total: 94434 ns
[2020-02-27T05:25:42.258+0000][1][safepoint    ] Safepoint "RevokeBias", Time since last: 2504757636 ns, Reaching safepoint: 75947 ns, At safepoint: 18029 ns, Total: 93976 ns
[2020-02-27T05:25:44.767+0000][1][safepoint    ] Safepoint "RevokeBias", Time since last: 2508355031 ns, Reaching safepoint: 149206 ns, At safepoint: 28495 ns, Total: 177701 ns
[2020-02-27T05:25:47.273+0000][1][safepoint    ] Safepoint "RevokeBias", Time since last: 2505799425 ns, Reaching safepoint: 186682 ns, At safepoint: 143800 ns, Total: 330482 ns
[2020-02-27T05:25:49.778+0000][1][safepoint    ] Safepoint "RevokeBias", Time since last: 2505713652 ns, Reaching safepoint: 77666 ns, At safepoint: 17805 ns, Total: 95471 ns
[2020-02-27T05:25:52.180+0000][1][gc,start     ] GC(53) Pause Young (Allocation Failure)
[2020-02-27T05:25:52.181+0000][1][gc,task      ] GC(53) Using 1 workers of 1 for evacuation
[2020-02-27T05:25:52.200+0000][1][gc,age       ] GC(53) Desired survivor size 4358144 bytes, new threshold 6 (max threshold 6)
[2020-02-27T05:25:52.200+0000][1][gc,age       ] GC(53) Age table with threshold 6 (max threshold 6)
[2020-02-27T05:25:52.200+0000][1][gc,age       ] GC(53) - age   1:      12776 bytes,      12776 total
[2020-02-27T05:25:52.200+0000][1][gc,age       ] GC(53) - age   2:        600 bytes,      13376 total
[2020-02-27T05:25:52.200+0000][1][gc,age       ] GC(53) - age   3:        472 bytes,      13848 total
[2020-02-27T05:25:52.200+0000][1][gc,age       ] GC(53) - age   4:        576 bytes,      14424 total
[2020-02-27T05:25:52.200+0000][1][gc,age       ] GC(53) - age   5:       2512 bytes,      16936 total
[2020-02-27T05:25:52.200+0000][1][gc,age       ] GC(53) - age   6:       2840 bytes,      19776 total
[2020-02-27T05:25:52.200+0000][1][gc,heap      ] GC(53) ParNew: 68185K->35K(76672K)
[2020-02-27T05:25:52.200+0000][1][gc,heap      ] GC(53) CMS: 62447K->62449K(963392K)
[2020-02-27T05:25:52.200+0000][1][gc,metaspace ] GC(53) Metaspace: 79477K->79477K(1122304K)
[2020-02-27T05:25:52.200+0000][1][gc           ] GC(53) Pause Young (Allocation Failure) 127M->61M(1015M) 19.544ms
[2020-02-27T05:25:52.200+0000][1][gc,cpu       ] GC(53) User=0.01s Sys=0.00s Real=0.02s
[2020-02-27T05:25:52.200+0000][1][safepoint    ] Safepoint "GenCollectForAllocation", Time since last: 2401950539 ns, Reaching safepoint: 57229 ns, At safepoint: 19605494 ns, Total: 19662723 ns
[2020-02-27T05:25:52.283+0000][1][safepoint    ] Safepoint "RevokeBias", Time since last: 82646277 ns, Reaching safepoint: 57275 ns, At safepoint: 16472 ns, Total: 73747 ns
[2020-02-27T05:25:54.789+0000][1][safepoint    ] Safepoint "RevokeBias", Time since last: 2506551764 ns, Reaching safepoint: 93024 ns, At safepoint: 21594 ns, Total: 114618 ns
[2020-02-27T05:25:57.298+0000][1][safepoint    ] Safepoint "RevokeBias", Time since last: 2508430397 ns, Reaching safepoint: 76075 ns, At safepoint: 17593 ns, Total: 93668 ns
[2020-02-27T05:25:59.809+0000][1][safepoint    ] Safepoint "RevokeBias", Time since last: 2510587430 ns, Reaching safepoint: 105244 ns, At safepoint: 24981 ns, Total: 130225 ns
[2020-02-27T05:26:02.325+0000][1][safepoint    ] Safepoint "RevokeBias", Time since last: 2516596461 ns, Reaching safepoint: 76788 ns, At safepoint: 18024 ns, Total: 94812 ns
[2020-02-27T05:26:04.836+0000][1][safepoint    ] Safepoint "RevokeBias", Time since last: 2510168975 ns, Reaching safepoint: 126855 ns, At safepoint: 24662 ns, Total: 151517 ns
[2020-02-27T05:26:07.345+0000][1][safepoint    ] Safepoint "RevokeBias", Time since last: 2509466889 ns, Reaching safepoint: 140330 ns, At safepoint: 21705 ns, Total: 162035 ns
[2020-02-27T05:26:09.855+0000][1][safepoint    ] Safepoint "BulkRevokeBias", Time since last: 2509156566 ns, Reaching safepoint: 76121 ns, At safepoint: 251696 ns, Total: 327817 ns
[2020-02-27T05:26:12.361+0000][1][safepoint    ] Safepoint "RevokeBias", Time since last: 2505588144 ns, Reaching safepoint: 79018 ns, At safepoint: 18489 ns, Total: 97507 ns
[2020-02-27T05:26:14.869+0000][1][safepoint    ] Safepoint "RevokeBias", Time since last: 2507869668 ns, Reaching safepoint: 221967 ns, At safepoint: 193698 ns, Total: 415665 ns
[2020-02-27T05:26:17.371+0000][1][safepoint    ] Safepoint "RevokeBias", Time since last: 2502360739 ns, Reaching safepoint: 75477 ns, At safepoint: 18133 ns, Total: 93610 ns
[2020-02-27T05:26:19.877+0000][1][safepoint    ] Safepoint "RevokeBias", Time since last: 2505489905 ns, Reaching safepoint: 151002 ns, At safepoint: 51509 ns, Total: 202511 ns
[2020-02-27T05:26:22.384+0000][1][safepoint    ] Safepoint "RevokeBias", Time since last: 2507241096 ns, Reaching safepoint: 65546 ns, At safepoint: 19224 ns, Total: 84770 ns
[2020-02-27T05:26:24.892+0000][1][safepoint    ] Safepoint "RevokeBias", Time since last: 2506937475 ns, Reaching safepoint: 248096 ns, At safepoint: 64119 ns, Total: 312215 ns
[2020-02-27T05:26:27.396+0000][1][safepoint    ] Safepoint "RevokeBias", Time since last: 2503900681 ns, Reaching safepoint: 172279 ns, At safepoint: 62742 ns, Total: 235021 ns
[2020-02-27T05:26:29.902+0000][1][safepoint    ] Safepoint "RevokeBias", Time since last: 2506331066 ns, Reaching safepoint: 78185 ns, At safepoint: 17559 ns, Total: 95744 ns
[2020-02-27T05:26:32.408+0000][1][safepoint    ] Safepoint "RevokeBias", Time since last: 2505729173 ns, Reaching safepoint: 253591 ns, At safepoint: 45051 ns, Total: 298642 ns
[2020-02-27T05:26:34.916+0000][1][safepoint    ] Safepoint "RevokeBias", Time since last: 2508156757 ns, Reaching safepoint: 76473 ns, At safepoint: 70811 ns, Total: 147284 ns
[2020-02-27T05:26:37.420+0000][1][safepoint    ] Safepoint "RevokeBias", Time since last: 2503681320 ns, Reaching safepoint: 76108 ns, At safepoint: 17460 ns, Total: 93568 ns
[2020-02-27T05:26:39.927+0000][1][safepoint    ] Safepoint "RevokeBias", Time since last: 2506595430 ns, Reaching safepoint: 112356 ns, At safepoint: 27359 ns, Total: 139715 ns
[2020-02-27T05:26:42.434+0000][1][safepoint    ] Safepoint "RevokeBias", Time since last: 2506510739 ns, Reaching safepoint: 74963 ns, At safepoint: 16165 ns, Total: 91128 ns
[2020-02-27T05:26:43.434+0000][1][safepoint    ] Safepoint "Cleanup", Time since last: 1000402094 ns, Reaching safepoint: 167964 ns, At safepoint: 12641 ns, Total: 180605 ns
[2020-02-27T05:26:44.946+0000][1][safepoint    ] Safepoint "RevokeBias", Time since last: 1511717901 ns, Reaching safepoint: 74353 ns, At safepoint: 17143 ns, Total: 91496 ns
[2020-02-27T05:26:47.461+0000][1][safepoint    ] Safepoint "RevokeBias", Time since last: 2514512487 ns, Reaching safepoint: 115025 ns, At safepoint: 22740 ns, Total: 137765 ns
[2020-02-27T05:26:49.987+0000][1][safepoint    ] Safepoint "RevokeBias", Time since last: 2518590723 ns, Reaching safepoint: 7517405 ns, At safepoint: 179564 ns, Total: 7696969 ns
[2020-02-27T05:26:51.803+0000][1][safepoint    ] Safepoint "Cleanup", Time since last: 1816247289 ns, Reaching safepoint: 134196 ns, At safepoint: 14882 ns, Total: 149078 ns
[2020-02-27T05:26:52.493+0000][1][safepoint    ] Safepoint "RevokeBias", Time since last: 690010917 ns, Reaching safepoint: 79534 ns, At safepoint: 18187 ns, Total: 97721 ns
[2020-02-27T05:26:55.013+0000][1][safepoint    ] Safepoint "RevokeBias", Time since last: 2519592043 ns, Reaching safepoint: 86666 ns, At safepoint: 41699 ns, Total: 128365 ns
[2020-02-27T05:26:57.522+0000][1][safepoint    ] Safepoint "RevokeBias", Time since last: 2508956192 ns, Reaching safepoint: 81277 ns, At safepoint: 19864 ns, Total: 101141 ns
[2020-02-27T05:27:00.029+0000][1][safepoint    ] Safepoint "RevokeBias", Time since last: 2506338678 ns, Reaching safepoint: 95082 ns, At safepoint: 18668 ns, Total: 113750 ns
[2020-02-27T05:27:02.535+0000][1][safepoint    ] Safepoint "RevokeBias", Time since last: 2505869425 ns, Reaching safepoint: 77120 ns, At safepoint: 18737 ns, Total: 95857 ns
[2020-02-27T05:27:05.038+0000][1][safepoint    ] Safepoint "RevokeBias", Time since last: 2503415146 ns, Reaching safepoint: 79273 ns, At safepoint: 18913 ns, Total: 98186 ns
[2020-02-27T05:27:07.042+0000][1][safepoint    ] Safepoint "Cleanup", Time since last: 2004265817 ns, Reaching safepoint: 83399 ns, At safepoint: 8042 ns, Total: 91441 ns
[2020-02-27T05:27:07.541+0000][1][safepoint    ] Safepoint "RevokeBias", Time since last: 498789788 ns, Reaching safepoint: 93360 ns, At safepoint: 21056 ns, Total: 114416 ns
[2020-02-27T05:27:10.048+0000][1][safepoint    ] Safepoint "RevokeBias", Time since last: 2506068177 ns, Reaching safepoint: 76457 ns, At safepoint: 123875 ns, Total: 200332 ns
[2020-02-27T05:27:12.551+0000][1][safepoint    ] Safepoint "RevokeBias", Time since last: 2503253566 ns, Reaching safepoint: 75418 ns, At safepoint: 18125 ns, Total: 93543 ns
[2020-02-27T05:27:15.058+0000][1][safepoint    ] Safepoint "RevokeBias", Time since last: 2506922724 ns, Reaching safepoint: 115119 ns, At safepoint: 29944 ns, Total: 145063 ns
[2020-02-27T05:27:17.561+0000][1][safepoint    ] Safepoint "RevokeBias", Time since last: 2503347446 ns, Reaching safepoint: 107451 ns, At safepoint: 18807 ns, Total: 126258 ns
[2020-02-27T05:27:20.066+0000][1][safepoint    ] Safepoint "RevokeBias", Time since last: 2504266819 ns, Reaching safepoint: 223344 ns, At safepoint: 47824 ns, Total: 271168 ns
[2020-02-27T05:27:22.573+0000][1][safepoint    ] Safepoint "BulkRevokeBias", Time since last: 2506667055 ns, Reaching safepoint: 124656 ns, At safepoint: 204036 ns, Total: 328692 ns
[2020-02-27T05:27:25.079+0000][1][safepoint    ] Safepoint "RevokeBias", Time since last: 2506258648 ns, Reaching safepoint: 80359 ns, At safepoint: 19316 ns, Total: 99675 ns
[2020-02-27T05:27:27.583+0000][1][safepoint    ] Safepoint "RevokeBias", Time since last: 2503853572 ns, Reaching safepoint: 174370 ns, At safepoint: 22310 ns, Total: 196680 ns
[2020-02-27T05:27:30.091+0000][1][safepoint    ] Safepoint "RevokeBias", Time since last: 2507139020 ns, Reaching safepoint: 198135 ns, At safepoint: 53109 ns, Total: 251244 ns
[2020-02-27T05:27:32.614+0000][1][safepoint    ] Safepoint "RevokeBias", Time since last: 2522929318 ns, Reaching safepoint: 89942 ns, At safepoint: 19550 ns, Total: 109492 ns
[2020-02-27T05:27:35.125+0000][1][safepoint    ] Safepoint "RevokeBias", Time since last: 2511110297 ns, Reaching safepoint: 162219 ns, At safepoint: 41818 ns, Total: 204037 ns
[2020-02-27T05:27:37.645+0000][1][safepoint    ] Safepoint "RevokeBias", Time since last: 2520199248 ns, Reaching safepoint: 71201 ns, At safepoint: 20094 ns, Total: 91295 ns
[2020-02-27T05:27:40.177+0000][1][safepoint    ] Safepoint "RevokeBias", Time since last: 2531563249 ns, Reaching safepoint: 106073 ns, At safepoint: 27731 ns, Total: 133804 ns
[2020-02-27T05:27:42.701+0000][1][safepoint    ] Safepoint "RevokeBias", Time since last: 2524135867 ns, Reaching safepoint: 74367 ns, At safepoint: 25080 ns, Total: 99447 ns
[2020-02-27T05:27:45.219+0000][1][safepoint    ] Safepoint "RevokeBias", Time since last: 2516884196 ns, Reaching safepoint: 215040 ns, At safepoint: 45549 ns, Total: 260589 ns
[2020-02-27T05:27:47.724+0000][1][safepoint    ] Safepoint "RevokeBias", Time since last: 2505684099 ns, Reaching safepoint: 113170 ns, At safepoint: 29680 ns, Total: 142850 ns
[2020-02-27T05:27:50.229+0000][1][safepoint    ] Safepoint "RevokeBias", Time since last: 2504442688 ns, Reaching safepoint: 185317 ns, At safepoint: 35694 ns, Total: 221011 ns
[2020-02-27T05:27:51.229+0000][1][safepoint    ] Safepoint "Cleanup", Time since last: 1000302578 ns, Reaching safepoint: 106430 ns, At safepoint: 11877 ns, Total: 118307 ns
[2020-02-27T05:27:52.735+0000][1][safepoint    ] Safepoint "RevokeBias", Time since last: 1505689087 ns, Reaching safepoint: 205225 ns, At safepoint: 32898 ns, Total: 238123 ns
[2020-02-27T05:27:55.242+0000][1][safepoint    ] Safepoint "RevokeBias", Time since last: 2506788746 ns, Reaching safepoint: 103371 ns, At safepoint: 22251 ns, Total: 125622 ns
[2020-02-27T05:27:57.747+0000][1][safepoint    ] Safepoint "RevokeBias", Time since last: 2504283874 ns, Reaching safepoint: 87522 ns, At safepoint: 17474 ns, Total: 104996 ns
[2020-02-27T05:28:00.274+0000][1][safepoint    ] Safepoint "RevokeBias", Time since last: 2527356232 ns, Reaching safepoint: 111104 ns, At safepoint: 28484 ns, Total: 139588 ns
[2020-02-27T05:28:02.774+0000][1][safepoint    ] Safepoint "RevokeBias", Time since last: 2499693311 ns, Reaching safepoint: 108783 ns, At safepoint: 28086 ns, Total: 136869 ns
[2020-02-27T05:28:05.282+0000][1][safepoint    ] Safepoint "RevokeBias", Time since last: 2507382860 ns, Reaching safepoint: 102083 ns, At safepoint: 26998 ns, Total: 129081 ns
[2020-02-27T05:28:07.785+0000][1][gc,start     ] GC(54) Pause Young (Allocation Failure)
[2020-02-27T05:28:07.786+0000][1][gc,task      ] GC(54) Using 1 workers of 1 for evacuation
[2020-02-27T05:28:07.796+0000][1][gc,age       ] GC(54) Desired survivor size 4358144 bytes, new threshold 6 (max threshold 6)
[2020-02-27T05:28:07.796+0000][1][gc,age       ] GC(54) Age table with threshold 6 (max threshold 6)
[2020-02-27T05:28:07.796+0000][1][gc,age       ] GC(54) - age   1:      29120 bytes,      29120 total
[2020-02-27T05:28:07.796+0000][1][gc,age       ] GC(54) - age   2:        848 bytes,      29968 total
[2020-02-27T05:28:07.796+0000][1][gc,age       ] GC(54) - age   3:        600 bytes,      30568 total
[2020-02-27T05:28:07.796+0000][1][gc,age       ] GC(54) - age   4:        472 bytes,      31040 total
[2020-02-27T05:28:07.796+0000][1][gc,age       ] GC(54) - age   5:        576 bytes,      31616 total
[2020-02-27T05:28:07.796+0000][1][gc,age       ] GC(54) - age   6:       2512 bytes,      34128 total
[2020-02-27T05:28:07.796+0000][1][gc,heap      ] GC(54) ParNew: 68195K->35K(76672K)
[2020-02-27T05:28:07.796+0000][1][gc,heap      ] GC(54) CMS: 62449K->62452K(963392K)
[2020-02-27T05:28:07.796+0000][1][gc,metaspace ] GC(54) Metaspace: 79495K->79495K(1122304K)
[2020-02-27T05:28:07.796+0000][1][gc           ] GC(54) Pause Young (Allocation Failure) 127M->61M(1015M) 10.545ms
[2020-02-27T05:28:07.796+0000][1][gc,cpu       ] GC(54) User=0.01s Sys=0.00s Real=0.01s
[2020-02-27T05:28:07.796+0000][1][safepoint    ] Safepoint "GenCollectForAllocation", Time since last: 2503707521 ns, Reaching safepoint: 166086 ns, At safepoint: 10626636 ns, Total: 10792722 ns
[2020-02-27T05:28:07.804+0000][1][safepoint    ] Safepoint "RevokeBias", Time since last: 7691131 ns, Reaching safepoint: 81448 ns, At safepoint: 18273 ns, Total: 99721 ns
[2020-02-27T05:28:10.306+0000][1][safepoint    ] Safepoint "RevokeBias", Time since last: 2502548813 ns, Reaching safepoint: 77639 ns, At safepoint: 17961 ns, Total: 95600 ns
[2020-02-27T05:28:12.811+0000][1][safepoint    ] Safepoint "RevokeBias", Time since last: 2504359252 ns, Reaching safepoint: 75719 ns, At safepoint: 17696 ns, Total: 93415 ns
[2020-02-27T05:28:15.320+0000][1][safepoint    ] Safepoint "RevokeBias", Time since last: 2508695945 ns, Reaching safepoint: 121885 ns, At safepoint: 20846 ns, Total: 142731 ns
[2020-02-27T05:28:17.823+0000][1][safepoint    ] Safepoint "RevokeBias", Time since last: 2503510158 ns, Reaching safepoint: 82403 ns, At safepoint: 24169 ns, Total: 106572 ns
[2020-02-27T05:28:20.328+0000][1][safepoint    ] Safepoint "RevokeBias", Time since last: 2504565980 ns, Reaching safepoint: 95535 ns, At safepoint: 24486 ns, Total: 120021 ns
[2020-02-27T05:28:22.846+0000][1][safepoint    ] Safepoint "RevokeBias", Time since last: 2517436658 ns, Reaching safepoint: 97405 ns, At safepoint: 24828 ns, Total: 122233 ns
[2020-02-27T05:28:25.357+0000][1][safepoint    ] Safepoint "RevokeBias", Time since last: 2510950502 ns, Reaching safepoint: 94895 ns, At safepoint: 21260 ns, Total: 116155 ns
[2020-02-27T05:28:27.870+0000][1][safepoint    ] Safepoint "RevokeBias", Time since last: 2513570886 ns, Reaching safepoint: 80736 ns, At safepoint: 19237 ns, Total: 99973 ns
[2020-02-27T05:28:30.382+0000][1][safepoint    ] Safepoint "RevokeBias", Time since last: 2511982004 ns, Reaching safepoint: 116365 ns, At safepoint: 27638 ns, Total: 144003 ns
[2020-02-27T05:28:32.896+0000][1][safepoint    ] Safepoint "RevokeBias", Time since last: 2513166402 ns, Reaching safepoint: 141864 ns, At safepoint: 57566 ns, Total: 199430 ns
[2020-02-27T05:28:35.408+0000][1][safepoint    ] Safepoint "BulkRevokeBias", Time since last: 2512192189 ns, Reaching safepoint: 76202 ns, At safepoint: 196140 ns, Total: 272342 ns
[2020-02-27T05:28:37.929+0000][1][safepoint    ] Safepoint "RevokeBias", Time since last: 2520533024 ns, Reaching safepoint: 116437 ns, At safepoint: 19127 ns, Total: 135564 ns
[2020-02-27T05:28:40.439+0000][1][safepoint    ] Safepoint "RevokeBias", Time since last: 2510035121 ns, Reaching safepoint: 75152 ns, At safepoint: 17463 ns, Total: 92615 ns
[2020-02-27T05:28:42.944+0000][1][safepoint    ] Safepoint "RevokeBias", Time since last: 2505200448 ns, Reaching safepoint: 83259 ns, At safepoint: 19592 ns, Total: 102851 ns
[2020-02-27T05:28:45.450+0000][1][safepoint    ] Safepoint "RevokeBias", Time since last: 2505447086 ns, Reaching safepoint: 75251 ns, At safepoint: 18110 ns, Total: 93361 ns
[2020-02-27T05:28:47.954+0000][1][safepoint    ] Safepoint "RevokeBias", Time since last: 2503763699 ns, Reaching safepoint: 118186 ns, At safepoint: 29801 ns, Total: 147987 ns
[2020-02-27T05:28:50.459+0000][1][safepoint    ] Safepoint "RevokeBias", Time since last: 2504825960 ns, Reaching safepoint: 106066 ns, At safepoint: 18322 ns, Total: 124388 ns
[2020-02-27T05:28:52.965+0000][1][safepoint    ] Safepoint "RevokeBias", Time since last: 2506170006 ns, Reaching safepoint: 62531 ns, At safepoint: 17495 ns, Total: 80026 ns
[2020-02-27T05:28:55.471+0000][1][safepoint    ] Safepoint "RevokeBias", Time since last: 2506243365 ns, Reaching safepoint: 117456 ns, At safepoint: 30382 ns, Total: 147838 ns
[2020-02-27T05:28:57.976+0000][1][safepoint    ] Safepoint "RevokeBias", Time since last: 2504260022 ns, Reaching safepoint: 122577 ns, At safepoint: 26734 ns, Total: 149311 ns
[2020-02-27T05:29:00.575+0000][1][safepoint    ] Safepoint "RevokeBias", Time since last: 2599203167 ns, Reaching safepoint: 112107 ns, At safepoint: 30680 ns, Total: 142787 ns
[2020-02-27T05:29:03.083+0000][1][safepoint    ] Safepoint "RevokeBias", Time since last: 2507540463 ns, Reaching safepoint: 174222 ns, At safepoint: 30438 ns, Total: 204660 ns
[2020-02-27T05:29:05.611+0000][1][safepoint    ] Safepoint "RevokeBias", Time since last: 2528101282 ns, Reaching safepoint: 144055 ns, At safepoint: 37229 ns, Total: 181284 ns
[2020-02-27T05:29:08.123+0000][1][safepoint    ] Safepoint "RevokeBias", Time since last: 2511330472 ns, Reaching safepoint: 59986 ns, At safepoint: 15831 ns, Total: 75817 ns
[2020-02-27T05:29:10.639+0000][1][safepoint    ] Safepoint "RevokeBias", Time since last: 2516252273 ns, Reaching safepoint: 59298 ns, At safepoint: 16202 ns, Total: 75500 ns
[2020-02-27T05:29:13.152+0000][1][safepoint    ] Safepoint "RevokeBias", Time since last: 2512604865 ns, Reaching safepoint: 224124 ns, At safepoint: 28351 ns, Total: 252475 ns
[2020-02-27T05:29:15.661+0000][1][safepoint    ] Safepoint "RevokeBias", Time since last: 2509157173 ns, Reaching safepoint: 77530 ns, At safepoint: 17347 ns, Total: 94877 ns
[2020-02-27T05:29:18.169+0000][1][safepoint    ] Safepoint "RevokeBias", Time since last: 2507861468 ns, Reaching safepoint: 96595 ns, At safepoint: 52758 ns, Total: 149353 ns
[2020-02-27T05:29:20.673+0000][1][safepoint    ] Safepoint "RevokeBias", Time since last: 2503904668 ns, Reaching safepoint: 119130 ns, At safepoint: 20648 ns, Total: 139778 ns
[2020-02-27T05:29:21.674+0000][1][safepoint    ] Safepoint "Cleanup", Time since last: 1001104308 ns, Reaching safepoint: 67898 ns, At safepoint: 7544 ns, Total: 75442 ns
[2020-02-27T05:29:23.182+0000][1][safepoint    ] Safepoint "RevokeBias", Time since last: 1507951349 ns, Reaching safepoint: 86219 ns, At safepoint: 20124 ns, Total: 106343 ns
[2020-02-27T05:29:25.688+0000][1][safepoint    ] Safepoint "RevokeBias", Time since last: 2505758779 ns, Reaching safepoint: 102315 ns, At safepoint: 21040 ns, Total: 123355 ns
[2020-02-27T05:29:27.690+0000][1][safepoint    ] Safepoint "Cleanup", Time since last: 2001628430 ns, Reaching safepoint: 104152 ns, At safepoint: 9706 ns, Total: 113858 ns
[2020-02-27T05:29:28.192+0000][1][safepoint    ] Safepoint "RevokeBias", Time since last: 502072913 ns, Reaching safepoint: 94116 ns, At safepoint: 25207 ns, Total: 119323 ns
[2020-02-27T05:29:30.701+0000][1][safepoint    ] Safepoint "RevokeBias", Time since last: 2508234392 ns, Reaching safepoint: 68502 ns, At safepoint: 17643 ns, Total: 86145 ns
[2020-02-27T05:29:33.207+0000][1][safepoint    ] Safepoint "RevokeBias", Time since last: 2506626887 ns, Reaching safepoint: 93339 ns, At safepoint: 18131 ns, Total: 111470 ns
[2020-02-27T05:29:35.716+0000][1][safepoint    ] Safepoint "RevokeBias", Time since last: 2508627421 ns, Reaching safepoint: 173175 ns, At safepoint: 34570 ns, Total: 207745 ns
[2020-02-27T05:29:38.222+0000][1][safepoint    ] Safepoint "RevokeBias", Time since last: 2505881138 ns, Reaching safepoint: 147466 ns, At safepoint: 30251 ns, Total: 177717 ns
[2020-02-27T05:29:40.729+0000][1][safepoint    ] Safepoint "RevokeBias", Time since last: 2506942300 ns, Reaching safepoint: 81641 ns, At safepoint: 18850 ns, Total: 100491 ns
[2020-02-27T05:29:43.246+0000][1][safepoint    ] Safepoint "RevokeBias", Time since last: 2516490947 ns, Reaching safepoint: 149330 ns, At safepoint: 19784 ns, Total: 169114 ns
[2020-02-27T05:29:45.762+0000][1][safepoint    ] Safepoint "RevokeBias", Time since last: 2515977725 ns, Reaching safepoint: 82299 ns, At safepoint: 20437 ns, Total: 102736 ns
[2020-02-27T05:29:48.277+0000][1][safepoint    ] Safepoint "BulkRevokeBias", Time since last: 2514238522 ns, Reaching safepoint: 76219 ns, At safepoint: 339066 ns, Total: 415285 ns
[2020-02-27T05:29:50.784+0000][1][safepoint    ] Safepoint "RevokeBias", Time since last: 2507690385 ns, Reaching safepoint: 142349 ns, At safepoint: 33301 ns, Total: 175650 ns
[2020-02-27T05:29:53.306+0000][1][safepoint    ] Safepoint "RevokeBias", Time since last: 2521615695 ns, Reaching safepoint: 74427 ns, At safepoint: 19001 ns, Total: 93428 ns
[2020-02-27T05:29:54.307+0000][1][safepoint    ] Safepoint "Cleanup", Time since last: 1000753648 ns, Reaching safepoint: 92217 ns, At safepoint: 7875 ns, Total: 100092 ns
[2020-02-27T05:29:55.818+0000][1][safepoint    ] Safepoint "RevokeBias", Time since last: 1510871107 ns, Reaching safepoint: 118749 ns, At safepoint: 33810 ns, Total: 152559 ns
[2020-02-27T05:29:58.330+0000][1][safepoint    ] Safepoint "RevokeBias", Time since last: 2512272672 ns, Reaching safepoint: 75208 ns, At safepoint: 17662 ns, Total: 92870 ns
[2020-02-27T05:29:59.331+0000][1][safepoint    ] Safepoint "Cleanup", Time since last: 1000756729 ns, Reaching safepoint: 91013 ns, At safepoint: 8596 ns, Total: 99609 ns
[2020-02-27T05:30:00.845+0000][1][safepoint    ] Safepoint "RevokeBias", Time since last: 1513727335 ns, Reaching safepoint: 100445 ns, At safepoint: 19615 ns, Total: 120060 ns
[2020-02-27T05:30:03.351+0000][1][safepoint    ] Safepoint "RevokeBias", Time since last: 2506192587 ns, Reaching safepoint: 137949 ns, At safepoint: 18110 ns, Total: 156059 ns
[2020-02-27T05:30:05.858+0000][1][safepoint    ] Safepoint "RevokeBias", Time since last: 2506585964 ns, Reaching safepoint: 93861 ns, At safepoint: 18702 ns, Total: 112563 ns
[2020-02-27T05:30:08.361+0000][1][safepoint    ] Safepoint "RevokeBias", Time since last: 2502943948 ns, Reaching safepoint: 79480 ns, At safepoint: 17689 ns, Total: 97169 ns
[2020-02-27T05:30:10.865+0000][1][safepoint    ] Safepoint "RevokeBias", Time since last: 2503928071 ns, Reaching safepoint: 74103 ns, At safepoint: 16742 ns, Total: 90845 ns
[2020-02-27T05:30:13.371+0000][1][safepoint    ] Safepoint "RevokeBias", Time since last: 2505487987 ns, Reaching safepoint: 74557 ns, At safepoint: 17447 ns, Total: 92004 ns
[2020-02-27T05:30:15.877+0000][1][safepoint    ] Safepoint "RevokeBias", Time since last: 2505778337 ns, Reaching safepoint: 77173 ns, At safepoint: 17754 ns, Total: 94927 ns
[2020-02-27T05:30:18.380+0000][1][safepoint    ] Safepoint "RevokeBias", Time since last: 2503656177 ns, Reaching safepoint: 77971 ns, At safepoint: 18313 ns, Total: 96284 ns
[2020-02-27T05:30:20.885+0000][1][safepoint    ] Safepoint "RevokeBias", Time since last: 2504529699 ns, Reaching safepoint: 78008 ns, At safepoint: 17651 ns, Total: 95659 ns
[2020-02-27T05:30:23.389+0000][1][gc,start     ] GC(55) Pause Young (Allocation Failure)
[2020-02-27T05:30:23.389+0000][1][gc,task      ] GC(55) Using 1 workers of 1 for evacuation
[2020-02-27T05:30:23.403+0000][1][gc,age       ] GC(55) Desired survivor size 4358144 bytes, new threshold 6 (max threshold 6)
[2020-02-27T05:30:23.403+0000][1][gc,age       ] GC(55) Age table with threshold 6 (max threshold 6)
[2020-02-27T05:30:23.403+0000][1][gc,age       ] GC(55) - age   1:      24328 bytes,      24328 total
[2020-02-27T05:30:23.403+0000][1][gc,age       ] GC(55) - age   2:       1248 bytes,      25576 total
[2020-02-27T05:30:23.403+0000][1][gc,age       ] GC(55) - age   3:        848 bytes,      26424 total
[2020-02-27T05:30:23.403+0000][1][gc,age       ] GC(55) - age   4:        600 bytes,      27024 total
[2020-02-27T05:30:23.403+0000][1][gc,age       ] GC(55) - age   5:        472 bytes,      27496 total
[2020-02-27T05:30:23.403+0000][1][gc,age       ] GC(55) - age   6:        576 bytes,      28072 total
[2020-02-27T05:30:23.403+0000][1][gc,heap      ] GC(55) ParNew: 68195K->27K(76672K)
[2020-02-27T05:30:23.403+0000][1][gc,heap      ] GC(55) CMS: 62452K->62454K(963392K)
[2020-02-27T05:30:23.403+0000][1][gc,metaspace ] GC(55) Metaspace: 79508K->79508K(1122304K)
[2020-02-27T05:30:23.403+0000][1][gc           ] GC(55) Pause Young (Allocation Failure) 127M->61M(1015M) 13.589ms
[2020-02-27T05:30:23.403+0000][1][gc,cpu       ] GC(55) User=0.01s Sys=0.00s Real=0.02s
[2020-02-27T05:30:23.403+0000][1][safepoint    ] Safepoint "GenCollectForAllocation", Time since last: 2504199665 ns, Reaching safepoint: 73807 ns, At safepoint: 13641845 ns, Total: 13715652 ns
[2020-02-27T05:30:23.404+0000][1][safepoint    ] Safepoint "RevokeBias", Time since last: 798571 ns, Reaching safepoint: 89728 ns, At safepoint: 17075 ns, Total: 106803 ns
[2020-02-27T05:30:24.404+0000][1][safepoint    ] Safepoint "Cleanup", Time since last: 1000502082 ns, Reaching safepoint: 78284 ns, At safepoint: 6542 ns, Total: 84826 ns
[2020-02-27T05:30:25.911+0000][1][safepoint    ] Safepoint "RevokeBias", Time since last: 1506135935 ns, Reaching safepoint: 132123 ns, At safepoint: 28878 ns, Total: 161001 ns
[2020-02-27T05:30:28.417+0000][1][safepoint    ] Safepoint "RevokeBias", Time since last: 2506234926 ns, Reaching safepoint: 74977 ns, At safepoint: 17264 ns, Total: 92241 ns
[2020-02-27T05:30:30.930+0000][1][safepoint    ] Safepoint "RevokeBias", Time since last: 2512894289 ns, Reaching safepoint: 71821 ns, At safepoint: 17822 ns, Total: 89643 ns
[2020-02-27T05:30:33.441+0000][1][safepoint    ] Safepoint "RevokeBias", Time since last: 2511283857 ns, Reaching safepoint: 80116 ns, At safepoint: 19292 ns, Total: 99408 ns
[2020-02-27T05:30:35.952+0000][1][safepoint    ] Safepoint "RevokeBias", Time since last: 2510783070 ns, Reaching safepoint: 115554 ns, At safepoint: 27594 ns, Total: 143148 ns
[2020-02-27T05:30:38.467+0000][1][safepoint    ] Safepoint "RevokeBias", Time since last: 2514031125 ns, Reaching safepoint: 92720 ns, At safepoint: 17977 ns, Total: 110697 ns
[2020-02-27T05:30:40.985+0000][1][safepoint    ] Safepoint "RevokeBias", Time since last: 2518752220 ns, Reaching safepoint: 77815 ns, At safepoint: 17931 ns, Total: 95746 ns
[2020-02-27T05:30:43.501+0000][1][safepoint    ] Safepoint "RevokeBias", Time since last: 2515268353 ns, Reaching safepoint: 77494 ns, At safepoint: 18851 ns, Total: 96345 ns
[2020-02-27T05:30:46.022+0000][1][safepoint    ] Safepoint "RevokeBias", Time since last: 2520909616 ns, Reaching safepoint: 97997 ns, At safepoint: 22368 ns, Total: 120365 ns
[2020-02-27T05:30:48.531+0000][1][safepoint    ] Safepoint "RevokeBias", Time since last: 2508751896 ns, Reaching safepoint: 74895 ns, At safepoint: 17733 ns, Total: 92628 ns
[2020-02-27T05:30:51.034+0000][1][safepoint    ] Safepoint "RevokeBias", Time since last: 2503220841 ns, Reaching safepoint: 84526 ns, At safepoint: 17645 ns, Total: 102171 ns
[2020-02-27T05:30:53.540+0000][1][safepoint    ] Safepoint "RevokeBias", Time since last: 2506131373 ns, Reaching safepoint: 98065 ns, At safepoint: 21288 ns, Total: 119353 ns
[2020-02-27T05:30:56.046+0000][1][safepoint    ] Safepoint "RevokeBias", Time since last: 2505888326 ns, Reaching safepoint: 74779 ns, At safepoint: 17592 ns, Total: 92371 ns
[2020-02-27T05:30:58.548+0000][1][safepoint    ] Safepoint "RevokeBias", Time since last: 2501720647 ns, Reaching safepoint: 76701 ns, At safepoint: 17719 ns, Total: 94420 ns
[2020-02-27T05:31:01.053+0000][1][safepoint    ] Safepoint "BulkRevokeBias", Time since last: 2504761844 ns, Reaching safepoint: 81773 ns, At safepoint: 233799 ns, Total: 315572 ns
[2020-02-27T05:31:03.558+0000][1][safepoint    ] Safepoint "RevokeBias", Time since last: 2505333750 ns, Reaching safepoint: 82071 ns, At safepoint: 28421 ns, Total: 110492 ns
[2020-02-27T05:31:06.064+0000][1][safepoint    ] Safepoint "RevokeBias", Time since last: 2505461293 ns, Reaching safepoint: 83008 ns, At safepoint: 19304 ns, Total: 102312 ns
[2020-02-27T05:31:08.073+0000][1][safepoint    ] Safepoint "Cleanup", Time since last: 2008669781 ns, Reaching safepoint: 98077 ns, At safepoint: 7732 ns, Total: 105809 ns
[2020-02-27T05:31:08.569+0000][1][safepoint    ] Safepoint "RevokeBias", Time since last: 495719897 ns, Reaching safepoint: 174681 ns, At safepoint: 20998 ns, Total: 195679 ns
[2020-02-27T05:31:11.074+0000][1][safepoint    ] Safepoint "RevokeBias", Time since last: 2504642225 ns, Reaching safepoint: 94890 ns, At safepoint: 24196 ns, Total: 119086 ns
[2020-02-27T05:31:13.580+0000][1][safepoint    ] Safepoint "RevokeBias", Time since last: 2506730654 ns, Reaching safepoint: 131860 ns, At safepoint: 49653 ns, Total: 181513 ns
[2020-02-27T05:31:16.086+0000][1][safepoint    ] Safepoint "RevokeBias", Time since last: 2505496697 ns, Reaching safepoint: 129747 ns, At safepoint: 21424 ns, Total: 151171 ns
[2020-02-27T05:31:18.590+0000][1][safepoint    ] Safepoint "RevokeBias", Time since last: 2503354480 ns, Reaching safepoint: 74671 ns, At safepoint: 17871 ns, Total: 92542 ns
[2020-02-27T05:31:21.092+0000][1][safepoint    ] Safepoint "RevokeBias", Time since last: 2502669667 ns, Reaching safepoint: 75117 ns, At safepoint: 17578 ns, Total: 92695 ns
[2020-02-27T05:31:23.609+0000][1][safepoint    ] Safepoint "RevokeBias", Time since last: 2516185100 ns, Reaching safepoint: 89751 ns, At safepoint: 21818 ns, Total: 111569 ns
[2020-02-27T05:31:26.119+0000][1][safepoint    ] Safepoint "RevokeBias", Time since last: 2510696707 ns, Reaching safepoint: 75485 ns, At safepoint: 17368 ns, Total: 92853 ns
[2020-02-27T05:31:28.629+0000][1][safepoint    ] Safepoint "RevokeBias", Time since last: 2509172566 ns, Reaching safepoint: 74256 ns, At safepoint: 18099 ns, Total: 92355 ns
[2020-02-27T05:31:31.141+0000][1][safepoint    ] Safepoint "RevokeBias", Time since last: 2512331108 ns, Reaching safepoint: 123326 ns, At safepoint: 20490 ns, Total: 143816 ns
[2020-02-27T05:31:33.653+0000][1][safepoint    ] Safepoint "RevokeBias", Time since last: 2512089053 ns, Reaching safepoint: 57286 ns, At safepoint: 15881 ns, Total: 73167 ns
[2020-02-27T05:31:36.165+0000][1][safepoint    ] Safepoint "RevokeBias", Time since last: 2511613419 ns, Reaching safepoint: 74502 ns, At safepoint: 17556 ns, Total: 92058 ns
[2020-02-27T05:31:38.682+0000][1][safepoint    ] Safepoint "RevokeBias", Time since last: 2516664376 ns, Reaching safepoint: 78683 ns, At safepoint: 18087 ns, Total: 96770 ns
[2020-02-27T05:31:41.197+0000][1][safepoint    ] Safepoint "RevokeBias", Time since last: 2515106691 ns, Reaching safepoint: 109874 ns, At safepoint: 20239 ns, Total: 130113 ns
[2020-02-27T05:31:43.703+0000][1][safepoint    ] Safepoint "RevokeBias", Time since last: 2506040348 ns, Reaching safepoint: 75984 ns, At safepoint: 17779 ns, Total: 93763 ns
[2020-02-27T05:31:46.208+0000][1][safepoint    ] Safepoint "RevokeBias", Time since last: 2504594133 ns, Reaching safepoint: 108479 ns, At safepoint: 22140 ns, Total: 130619 ns
[2020-02-27T05:31:48.711+0000][1][safepoint    ] Safepoint "RevokeBias", Time since last: 2503333699 ns, Reaching safepoint: 117150 ns, At safepoint: 19853 ns, Total: 137003 ns
[2020-02-27T05:31:51.215+0000][1][safepoint    ] Safepoint "RevokeBias", Time since last: 2503462916 ns, Reaching safepoint: 73750 ns, At safepoint: 77174 ns, Total: 150924 ns
[2020-02-27T05:31:53.719+0000][1][safepoint    ] Safepoint "RevokeBias", Time since last: 2504411887 ns, Reaching safepoint: 85187 ns, At safepoint: 20307 ns, Total: 105494 ns
[2020-02-27T05:31:56.226+0000][1][safepoint    ] Safepoint "RevokeBias", Time since last: 2506264953 ns, Reaching safepoint: 74531 ns, At safepoint: 18123 ns, Total: 92654 ns
[2020-02-27T05:31:58.730+0000][1][safepoint    ] Safepoint "RevokeBias", Time since last: 2503772175 ns, Reaching safepoint: 77529 ns, At safepoint: 18671 ns, Total: 96200 ns
[2020-02-27T05:32:01.234+0000][1][safepoint    ] Safepoint "RevokeBias", Time since last: 2504434151 ns, Reaching safepoint: 131837 ns, At safepoint: 35161 ns, Total: 166998 ns
[2020-02-27T05:32:03.740+0000][1][safepoint    ] Safepoint "RevokeBias", Time since last: 2505144547 ns, Reaching safepoint: 81023 ns, At safepoint: 37419 ns, Total: 118442 ns
[2020-02-27T05:32:06.246+0000][1][safepoint    ] Safepoint "RevokeBias", Time since last: 2505971686 ns, Reaching safepoint: 79889 ns, At safepoint: 18212 ns, Total: 98101 ns
[2020-02-27T05:32:08.748+0000][1][safepoint    ] Safepoint "RevokeBias", Time since last: 2502811198 ns, Reaching safepoint: 76940 ns, At safepoint: 18808 ns, Total: 95748 ns
[2020-02-27T05:32:11.266+0000][1][safepoint    ] Safepoint "RevokeBias", Time since last: 2517239315 ns, Reaching safepoint: 86451 ns, At safepoint: 19012 ns, Total: 105463 ns
[2020-02-27T05:32:13.778+0000][1][safepoint    ] Safepoint "BulkRevokeBias", Time since last: 2512271197 ns, Reaching safepoint: 74531 ns, At safepoint: 266359 ns, Total: 340890 ns
[2020-02-27T05:32:16.289+0000][1][safepoint    ] Safepoint "RevokeBias", Time since last: 2510033958 ns, Reaching safepoint: 93060 ns, At safepoint: 21298 ns, Total: 114358 ns
[2020-02-27T05:32:18.802+0000][1][safepoint    ] Safepoint "RevokeBias", Time since last: 2513711839 ns, Reaching safepoint: 103539 ns, At safepoint: 23605 ns, Total: 127144 ns
[2020-02-27T05:32:20.803+0000][1][safepoint    ] Safepoint "Cleanup", Time since last: 2000870852 ns, Reaching safepoint: 113491 ns, At safepoint: 7679 ns, Total: 121170 ns
[2020-02-27T05:32:21.322+0000][1][safepoint    ] Safepoint "RevokeBias", Time since last: 518791958 ns, Reaching safepoint: 58789 ns, At safepoint: 17181 ns, Total: 75970 ns
[2020-02-27T05:32:23.832+0000][1][safepoint    ] Safepoint "RevokeBias", Time since last: 2510008868 ns, Reaching safepoint: 116064 ns, At safepoint: 28923 ns, Total: 144987 ns
[2020-02-27T05:32:26.353+0000][1][safepoint    ] Safepoint "RevokeBias", Time since last: 2520932866 ns, Reaching safepoint: 77029 ns, At safepoint: 18124 ns, Total: 95153 ns
[2020-02-27T05:32:28.864+0000][1][safepoint    ] Safepoint "RevokeBias", Time since last: 2510787168 ns, Reaching safepoint: 81581 ns, At safepoint: 24129 ns, Total: 105710 ns
[2020-02-27T05:32:31.373+0000][1][safepoint    ] Safepoint "RevokeBias", Time since last: 2508288879 ns, Reaching safepoint: 79414 ns, At safepoint: 17996 ns, Total: 97410 ns
[2020-02-27T05:32:33.879+0000][1][safepoint    ] Safepoint "RevokeBias", Time since last: 2505678932 ns, Reaching safepoint: 117141 ns, At safepoint: 18671 ns, Total: 135812 ns
[2020-02-27T05:32:36.384+0000][1][safepoint    ] Safepoint "RevokeBias", Time since last: 2505231653 ns, Reaching safepoint: 78979 ns, At safepoint: 32917 ns, Total: 111896 ns
[2020-02-27T05:32:38.887+0000][1][safepoint    ] Safepoint "RevokeBias", Time since last: 2503081374 ns, Reaching safepoint: 78261 ns, At safepoint: 18171 ns, Total: 96432 ns
[2020-02-27T05:32:41.393+0000][1][safepoint    ] Safepoint "RevokeBias", Time since last: 2506264105 ns, Reaching safepoint: 115273 ns, At safepoint: 23520 ns, Total: 138793 ns
[2020-02-27T05:32:42.673+0000][1][gc,start     ] GC(56) Pause Young (Allocation Failure)
[2020-02-27T05:32:42.673+0000][1][gc,task      ] GC(56) Using 1 workers of 1 for evacuation
[2020-02-27T05:32:42.703+0000][1][gc,age       ] GC(56) Desired survivor size 4358144 bytes, new threshold 6 (max threshold 6)
[2020-02-27T05:32:42.703+0000][1][gc,age       ] GC(56) Age table with threshold 6 (max threshold 6)
[2020-02-27T05:32:42.703+0000][1][gc,age       ] GC(56) - age   1:      23680 bytes,      23680 total
[2020-02-27T05:32:42.703+0000][1][gc,age       ] GC(56) - age   2:        752 bytes,      24432 total
[2020-02-27T05:32:42.703+0000][1][gc,age       ] GC(56) - age   3:       1128 bytes,      25560 total
[2020-02-27T05:32:42.703+0000][1][gc,age       ] GC(56) - age   4:        848 bytes,      26408 total
[2020-02-27T05:32:42.703+0000][1][gc,age       ] GC(56) - age   5:        600 bytes,      27008 total
[2020-02-27T05:32:42.703+0000][1][gc,age       ] GC(56) - age   6:        240 bytes,      27248 total
[2020-02-27T05:32:42.703+0000][1][gc,heap      ] GC(56) ParNew: 68187K->27K(76672K)
[2020-02-27T05:32:42.703+0000][1][gc,heap      ] GC(56) CMS: 62454K->62455K(963392K)
[2020-02-27T05:32:42.703+0000][1][gc,metaspace ] GC(56) Metaspace: 79523K->79523K(1122304K)
[2020-02-27T05:32:42.703+0000][1][gc           ] GC(56) Pause Young (Allocation Failure) 127M->61M(1015M) 30.652ms
[2020-02-27T05:32:42.703+0000][1][gc,cpu       ] GC(56) User=0.02s Sys=0.00s Real=0.03s
[2020-02-27T05:32:42.703+0000][1][safepoint    ] Safepoint "GenCollectForAllocation", Time since last: 1279058016 ns, Reaching safepoint: 171433 ns, At safepoint: 30707670 ns, Total: 30879103 ns
[2020-02-27T05:32:43.897+0000][1][safepoint    ] Safepoint "RevokeBias", Time since last: 1193733660 ns, Reaching safepoint: 76142 ns, At safepoint: 17257 ns, Total: 93399 ns
[2020-02-27T05:32:46.405+0000][1][safepoint    ] Safepoint "RevokeBias", Time since last: 2507811837 ns, Reaching safepoint: 127383 ns, At safepoint: 125384 ns, Total: 252767 ns
[2020-02-27T05:32:48.911+0000][1][safepoint    ] Safepoint "RevokeBias", Time since last: 2506026518 ns, Reaching safepoint: 94734 ns, At safepoint: 23626 ns, Total: 118360 ns
[2020-02-27T05:32:51.414+0000][1][safepoint    ] Safepoint "RevokeBias", Time since last: 2502847262 ns, Reaching safepoint: 78232 ns, At safepoint: 19059 ns, Total: 97291 ns
[2020-02-27T05:32:53.921+0000][1][safepoint    ] Safepoint "RevokeBias", Time since last: 2506511736 ns, Reaching safepoint: 120933 ns, At safepoint: 28682 ns, Total: 149615 ns
[2020-02-27T05:32:56.430+0000][1][safepoint    ] Safepoint "RevokeBias", Time since last: 2509095973 ns, Reaching safepoint: 75181 ns, At safepoint: 18752 ns, Total: 93933 ns
[2020-02-27T05:32:58.948+0000][1][safepoint    ] Safepoint "RevokeBias", Time since last: 2517674606 ns, Reaching safepoint: 72878 ns, At safepoint: 18077 ns, Total: 90955 ns
[2020-02-27T05:33:01.460+0000][1][safepoint    ] Safepoint "RevokeBias", Time since last: 2511379904 ns, Reaching safepoint: 75152 ns, At safepoint: 44010 ns, Total: 119162 ns
[2020-02-27T05:33:03.970+0000][1][safepoint    ] Safepoint "RevokeBias", Time since last: 2510871118 ns, Reaching safepoint: 56555 ns, At safepoint: 16403 ns, Total: 72958 ns
[2020-02-27T05:33:06.481+0000][1][safepoint    ] Safepoint "RevokeBias", Time since last: 2510334994 ns, Reaching safepoint: 75520 ns, At safepoint: 18127 ns, Total: 93647 ns
[2020-02-27T05:33:08.999+0000][1][safepoint    ] Safepoint "RevokeBias", Time since last: 2518068415 ns, Reaching safepoint: 75403 ns, At safepoint: 18675 ns, Total: 94078 ns
[2020-02-27T05:33:11.514+0000][1][safepoint    ] Safepoint "RevokeBias", Time since last: 2514317271 ns, Reaching safepoint: 114154 ns, At safepoint: 18589 ns, Total: 132743 ns
[2020-02-27T05:33:14.024+0000][1][safepoint    ] Safepoint "RevokeBias", Time since last: 2509875730 ns, Reaching safepoint: 113055 ns, At safepoint: 81325 ns, Total: 194380 ns
[2020-02-27T05:33:16.536+0000][1][safepoint    ] Safepoint "RevokeBias", Time since last: 2512609756 ns, Reaching safepoint: 96093 ns, At safepoint: 21831 ns, Total: 117924 ns
[2020-02-27T05:33:19.047+0000][1][safepoint    ] Safepoint "RevokeBias", Time since last: 2510498817 ns, Reaching safepoint: 72764 ns, At safepoint: 17415 ns, Total: 90179 ns
[2020-02-27T05:33:21.053+0000][1][safepoint    ] Safepoint "Cleanup", Time since last: 2006409822 ns, Reaching safepoint: 83096 ns, At safepoint: 8510 ns, Total: 91606 ns
[2020-02-27T05:33:21.552+0000][1][safepoint    ] Safepoint "RevokeBias", Time since last: 498748028 ns, Reaching safepoint: 74931 ns, At safepoint: 17459 ns, Total: 92390 ns
[2020-02-27T05:33:24.058+0000][1][safepoint    ] Safepoint "RevokeBias", Time since last: 2505785226 ns, Reaching safepoint: 78317 ns, At safepoint: 18224 ns, Total: 96541 ns
[2020-02-27T05:33:26.564+0000][1][safepoint    ] Safepoint "BulkRevokeBias", Time since last: 2505821080 ns, Reaching safepoint: 73263 ns, At safepoint: 337489 ns, Total: 410752 ns
[2020-02-27T05:33:27.565+0000][1][safepoint    ] Safepoint "Cleanup", Time since last: 1000412241 ns, Reaching safepoint: 80939 ns, At safepoint: 8264 ns, Total: 89203 ns
[2020-02-27T05:33:29.069+0000][1][safepoint    ] Safepoint "RevokeBias", Time since last: 1503991769 ns, Reaching safepoint: 73660 ns, At safepoint: 17439 ns, Total: 91099 ns
[2020-02-27T05:33:31.573+0000][1][safepoint    ] Safepoint "RevokeBias", Time since last: 2503896139 ns, Reaching safepoint: 76787 ns, At safepoint: 17180 ns, Total: 93967 ns
[2020-02-27T05:33:34.078+0000][1][safepoint    ] Safepoint "RevokeBias", Time since last: 2504674081 ns, Reaching safepoint: 141275 ns, At safepoint: 21942 ns, Total: 163217 ns
[2020-02-27T05:33:36.584+0000][1][safepoint    ] Safepoint "RevokeBias", Time since last: 2505961278 ns, Reaching safepoint: 76910 ns, At safepoint: 17457 ns, Total: 94367 ns
[2020-02-27T05:33:39.088+0000][1][safepoint    ] Safepoint "RevokeBias", Time since last: 2503974492 ns, Reaching safepoint: 74082 ns, At safepoint: 17706 ns, Total: 91788 ns
[2020-02-27T05:33:41.597+0000][1][safepoint    ] Safepoint "RevokeBias", Time since last: 2509104028 ns, Reaching safepoint: 82791 ns, At safepoint: 17266 ns, Total: 100057 ns
[2020-02-27T05:33:44.104+0000][1][safepoint    ] Safepoint "RevokeBias", Time since last: 2506480321 ns, Reaching safepoint: 78574 ns, At safepoint: 18172 ns, Total: 96746 ns
[2020-02-27T05:33:46.623+0000][1][safepoint    ] Safepoint "RevokeBias", Time since last: 2518707323 ns, Reaching safepoint: 215393 ns, At safepoint: 38318 ns, Total: 253711 ns
[2020-02-27T05:33:47.623+0000][1][safepoint    ] Safepoint "Cleanup", Time since last: 1000405706 ns, Reaching safepoint: 86577 ns, At safepoint: 7898 ns, Total: 94475 ns
[2020-02-27T05:33:49.130+0000][1][safepoint    ] Safepoint "RevokeBias", Time since last: 1506791384 ns, Reaching safepoint: 196446 ns, At safepoint: 21707 ns, Total: 218153 ns
[2020-02-27T05:33:50.131+0000][1][safepoint    ] Safepoint "Cleanup", Time since last: 1000471421 ns, Reaching safepoint: 112917 ns, At safepoint: 6089 ns, Total: 119006 ns
[2020-02-27T05:33:51.133+0000][1][safepoint    ] Safepoint "Cleanup", Time since last: 1001749830 ns, Reaching safepoint: 131878 ns, At safepoint: 6541 ns, Total: 138419 ns
[2020-02-27T05:33:51.647+0000][1][safepoint    ] Safepoint "RevokeBias", Time since last: 513794930 ns, Reaching safepoint: 74549 ns, At safepoint: 17753 ns, Total: 92302 ns
[2020-02-27T05:33:54.154+0000][1][safepoint    ] Safepoint "RevokeBias", Time since last: 2507818857 ns, Reaching safepoint: 80237 ns, At safepoint: 18177 ns, Total: 98414 ns
[2020-02-27T05:33:56.668+0000][1][safepoint    ] Safepoint "RevokeBias", Time since last: 2513089577 ns, Reaching safepoint: 167236 ns, At safepoint: 21399 ns, Total: 188635 ns
[2020-02-27T05:33:59.177+0000][1][safepoint    ] Safepoint "RevokeBias", Time since last: 2509033474 ns, Reaching safepoint: 76749 ns, At safepoint: 18511 ns, Total: 95260 ns
[2020-02-27T05:34:01.691+0000][1][safepoint    ] Safepoint "RevokeBias", Time since last: 2513926702 ns, Reaching safepoint: 89275 ns, At safepoint: 18517 ns, Total: 107792 ns
[2020-02-27T05:34:04.204+0000][1][safepoint    ] Safepoint "RevokeBias", Time since last: 2512683086 ns, Reaching safepoint: 82170 ns, At safepoint: 19766 ns, Total: 101936 ns
[2020-02-27T05:34:06.710+0000][1][safepoint    ] Safepoint "RevokeBias", Time since last: 2506145311 ns, Reaching safepoint: 73787 ns, At safepoint: 17286 ns, Total: 91073 ns
[2020-02-27T05:34:07.711+0000][1][safepoint    ] Safepoint "Cleanup", Time since last: 1001044816 ns, Reaching safepoint: 80308 ns, At safepoint: 6646 ns, Total: 86954 ns
[2020-02-27T05:34:09.214+0000][1][safepoint    ] Safepoint "RevokeBias", Time since last: 1502399612 ns, Reaching safepoint: 122910 ns, At safepoint: 31861 ns, Total: 154771 ns
[2020-02-27T05:34:11.720+0000][1][safepoint    ] Safepoint "RevokeBias", Time since last: 2506253194 ns, Reaching safepoint: 77124 ns, At safepoint: 18493 ns, Total: 95617 ns
[2020-02-27T05:34:14.224+0000][1][safepoint    ] Safepoint "RevokeBias", Time since last: 2504022044 ns, Reaching safepoint: 76284 ns, At safepoint: 17788 ns, Total: 94072 ns
[2020-02-27T05:34:16.729+0000][1][safepoint    ] Safepoint "RevokeBias", Time since last: 2504366450 ns, Reaching safepoint: 109570 ns, At safepoint: 24283 ns, Total: 133853 ns
[2020-02-27T05:34:19.231+0000][1][safepoint    ] Safepoint "RevokeBias", Time since last: 2502759837 ns, Reaching safepoint: 104749 ns, At safepoint: 19878 ns, Total: 124627 ns
[2020-02-27T05:34:21.735+0000][1][safepoint    ] Safepoint "RevokeBias", Time since last: 2503091491 ns, Reaching safepoint: 154260 ns, At safepoint: 23218 ns, Total: 177478 ns
[2020-02-27T05:34:24.242+0000][1][safepoint    ] Safepoint "RevokeBias", Time since last: 2506690954 ns, Reaching safepoint: 131191 ns, At safepoint: 19870 ns, Total: 151061 ns
[2020-02-27T05:34:26.748+0000][1][safepoint    ] Safepoint "RevokeBias", Time since last: 2506162309 ns, Reaching safepoint: 129743 ns, At safepoint: 24456 ns, Total: 154199 ns
[2020-02-27T05:34:29.250+0000][1][safepoint    ] Safepoint "RevokeBias", Time since last: 2502079090 ns, Reaching safepoint: 139728 ns, At safepoint: 19453 ns, Total: 159181 ns
[2020-02-27T05:34:31.754+0000][1][safepoint    ] Safepoint "RevokeBias", Time since last: 2503666522 ns, Reaching safepoint: 179949 ns, At safepoint: 59501 ns, Total: 239450 ns
[2020-02-27T05:34:34.260+0000][1][safepoint    ] Safepoint "RevokeBias", Time since last: 2506246148 ns, Reaching safepoint: 74915 ns, At safepoint: 17661 ns, Total: 92576 ns
[2020-02-27T05:34:36.768+0000][1][safepoint    ] Safepoint "RevokeBias", Time since last: 2507180627 ns, Reaching safepoint: 117583 ns, At safepoint: 28560 ns, Total: 146143 ns
[2020-02-27T05:34:37.768+0000][1][safepoint    ] Safepoint "Cleanup", Time since last: 1000280335 ns, Reaching safepoint: 88725 ns, At safepoint: 8529 ns, Total: 97254 ns
[2020-02-27T05:34:39.272+0000][1][safepoint    ] Safepoint "BulkRevokeBias", Time since last: 1503625380 ns, Reaching safepoint: 151348 ns, At safepoint: 433875 ns, Total: 585223 ns
[2020-02-27T05:34:41.778+0000][1][safepoint    ] Safepoint "RevokeBias", Time since last: 2505471109 ns, Reaching safepoint: 78306 ns, At safepoint: 18549 ns, Total: 96855 ns
[2020-02-27T05:34:44.295+0000][1][safepoint    ] Safepoint "RevokeBias", Time since last: 2516780968 ns, Reaching safepoint: 78838 ns, At safepoint: 18780 ns, Total: 97618 ns
[2020-02-27T05:34:46.803+0000][1][safepoint    ] Safepoint "RevokeBias", Time since last: 2507959070 ns, Reaching safepoint: 147776 ns, At safepoint: 32949 ns, Total: 180725 ns
[2020-02-27T05:34:49.313+0000][1][safepoint    ] Safepoint "RevokeBias", Time since last: 2510398220 ns, Reaching safepoint: 76040 ns, At safepoint: 18061 ns, Total: 94101 ns
[2020-02-27T05:34:51.822+0000][1][safepoint    ] Safepoint "RevokeBias", Time since last: 2508698010 ns, Reaching safepoint: 76310 ns, At safepoint: 17771 ns, Total: 94081 ns
[2020-02-27T05:34:54.335+0000][1][safepoint    ] Safepoint "RevokeBias", Time since last: 2512717039 ns, Reaching safepoint: 77789 ns, At safepoint: 17621 ns, Total: 95410 ns
[2020-02-27T05:34:56.845+0000][1][safepoint    ] Safepoint "RevokeBias", Time since last: 2510069872 ns, Reaching safepoint: 92694 ns, At safepoint: 20961 ns, Total: 113655 ns
[2020-02-27T05:34:57.816+0000][1][gc,start     ] GC(57) Pause Young (Allocation Failure)
[2020-02-27T05:34:57.816+0000][1][gc,task      ] GC(57) Using 1 workers of 1 for evacuation
[2020-02-27T05:34:57.830+0000][1][gc,age       ] GC(57) Desired survivor size 4358144 bytes, new threshold 6 (max threshold 6)
[2020-02-27T05:34:57.830+0000][1][gc,age       ] GC(57) Age table with threshold 6 (max threshold 6)
[2020-02-27T05:34:57.830+0000][1][gc,age       ] GC(57) - age   1:      29120 bytes,      29120 total
[2020-02-27T05:34:57.830+0000][1][gc,age       ] GC(57) - age   2:      12800 bytes,      41920 total
[2020-02-27T05:34:57.830+0000][1][gc,age       ] GC(57) - age   3:        752 bytes,      42672 total
[2020-02-27T05:34:57.830+0000][1][gc,age       ] GC(57) - age   4:       1128 bytes,      43800 total
[2020-02-27T05:34:57.830+0000][1][gc,age       ] GC(57) - age   5:        848 bytes,      44648 total
[2020-02-27T05:34:57.830+0000][1][gc,age       ] GC(57) - age   6:        600 bytes,      45248 total
[2020-02-27T05:34:57.830+0000][1][gc,heap      ] GC(57) ParNew: 68187K->53K(76672K)
[2020-02-27T05:34:57.830+0000][1][gc,heap      ] GC(57) CMS: 62455K->62455K(963392K)
[2020-02-27T05:34:57.830+0000][1][gc,metaspace ] GC(57) Metaspace: 79619K->79619K(1122304K)
[2020-02-27T05:34:57.830+0000][1][gc           ] GC(57) Pause Young (Allocation Failure) 127M->61M(1015M) 14.561ms
[2020-02-27T05:34:57.830+0000][1][gc,cpu       ] GC(57) User=0.01s Sys=0.00s Real=0.01s
[2020-02-27T05:34:57.830+0000][1][safepoint    ] Safepoint "GenCollectForAllocation", Time since last: 970395153 ns, Reaching safepoint: 74589 ns, At safepoint: 14617442 ns, Total: 14692031 ns
[2020-02-27T05:34:59.356+0000][1][safepoint    ] Safepoint "RevokeBias", Time since last: 1525308594 ns, Reaching safepoint: 94345 ns, At safepoint: 19505 ns, Total: 113850 ns
[2020-02-27T05:35:01.868+0000][1][safepoint    ] Safepoint "RevokeBias", Time since last: 2511978592 ns, Reaching safepoint: 77325 ns, At safepoint: 18285 ns, Total: 95610 ns
[2020-02-27T05:35:04.375+0000][1][safepoint    ] Safepoint "RevokeBias", Time since last: 2507097125 ns, Reaching safepoint: 76239 ns, At safepoint: 17916 ns, Total: 94155 ns
[2020-02-27T05:35:06.881+0000][1][safepoint    ] Safepoint "RevokeBias", Time since last: 2506477759 ns, Reaching safepoint: 75665 ns, At safepoint: 18090 ns, Total: 93755 ns
[2020-02-27T05:35:09.385+0000][1][safepoint    ] Safepoint "RevokeBias", Time since last: 2503064002 ns, Reaching safepoint: 74620 ns, At safepoint: 17799 ns, Total: 92419 ns
[2020-02-27T05:35:11.890+0000][1][safepoint    ] Safepoint "RevokeBias", Time since last: 2505283537 ns, Reaching safepoint: 203088 ns, At safepoint: 20709 ns, Total: 223797 ns
[2020-02-27T05:35:14.396+0000][1][safepoint    ] Safepoint "RevokeBias", Time since last: 2506109208 ns, Reaching safepoint: 119729 ns, At safepoint: 28544 ns, Total: 148273 ns
[2020-02-27T05:35:16.900+0000][1][safepoint    ] Safepoint "RevokeBias", Time since last: 2503779076 ns, Reaching safepoint: 76349 ns, At safepoint: 17994 ns, Total: 94343 ns
[2020-02-27T05:35:17.901+0000][1][safepoint    ] Safepoint "Cleanup", Time since last: 1000530641 ns, Reaching safepoint: 87929 ns, At safepoint: 7055 ns, Total: 94984 ns
[2020-02-27T05:35:19.405+0000][1][safepoint    ] Safepoint "RevokeBias", Time since last: 1504098876 ns, Reaching safepoint: 147462 ns, At safepoint: 32716 ns, Total: 180178 ns
[2020-02-27T05:35:21.908+0000][1][safepoint    ] Safepoint "RevokeBias", Time since last: 2502459625 ns, Reaching safepoint: 78841 ns, At safepoint: 18433 ns, Total: 97274 ns
[2020-02-27T05:35:24.413+0000][1][safepoint    ] Safepoint "RevokeBias", Time since last: 2504679394 ns, Reaching safepoint: 136297 ns, At safepoint: 21954 ns, Total: 158251 ns
[2020-02-27T05:35:26.920+0000][1][safepoint    ] Safepoint "RevokeBias", Time since last: 2507041862 ns, Reaching safepoint: 89411 ns, At safepoint: 21144 ns, Total: 110555 ns
[2020-02-27T05:35:29.422+0000][1][safepoint    ] Safepoint "RevokeBias", Time since last: 2502385145 ns, Reaching safepoint: 74483 ns, At safepoint: 17990 ns, Total: 92473 ns
[2020-02-27T05:35:31.935+0000][1][safepoint    ] Safepoint "RevokeBias", Time since last: 2512634158 ns, Reaching safepoint: 55930 ns, At safepoint: 16447 ns, Total: 72377 ns
[2020-02-27T05:35:34.445+0000][1][safepoint    ] Safepoint "RevokeBias", Time since last: 2509714292 ns, Reaching safepoint: 76580 ns, At safepoint: 17910 ns, Total: 94490 ns
[2020-02-27T05:35:36.959+0000][1][safepoint    ] Safepoint "RevokeBias", Time since last: 2513848068 ns, Reaching safepoint: 75396 ns, At safepoint: 17517 ns, Total: 92913 ns
[2020-02-27T05:35:37.959+0000][1][safepoint    ] Safepoint "Cleanup", Time since last: 1000682426 ns, Reaching safepoint: 95184 ns, At safepoint: 7489 ns, Total: 102673 ns
[2020-02-27T05:35:39.467+0000][1][safepoint    ] Safepoint "RevokeBias", Time since last: 1507693660 ns, Reaching safepoint: 55618 ns, At safepoint: 16152 ns, Total: 71770 ns
[2020-02-27T05:35:41.985+0000][1][safepoint    ] Safepoint "RevokeBias", Time since last: 2518071353 ns, Reaching safepoint: 146208 ns, At safepoint: 34426 ns, Total: 180634 ns
[2020-02-27T05:35:44.494+0000][1][safepoint    ] Safepoint "RevokeBias", Time since last: 2508069636 ns, Reaching safepoint: 76677 ns, At safepoint: 17485 ns, Total: 94162 ns
[2020-02-27T05:35:47.008+0000][1][safepoint    ] Safepoint "RevokeBias", Time since last: 2514038021 ns, Reaching safepoint: 90282 ns, At safepoint: 18175 ns, Total: 108457 ns
[2020-02-27T05:35:49.517+0000][1][safepoint    ] Safepoint "RevokeBias", Time since last: 2508863364 ns, Reaching safepoint: 109547 ns, At safepoint: 20192 ns, Total: 129739 ns
[2020-02-27T05:35:51.518+0000][1][safepoint    ] Safepoint "Cleanup", Time since last: 2001471091 ns, Reaching safepoint: 88467 ns, At safepoint: 8624 ns, Total: 97091 ns
[2020-02-27T05:35:52.029+0000][1][safepoint    ] Safepoint "BulkRevokeBias", Time since last: 510647490 ns, Reaching safepoint: 153907 ns, At safepoint: 363327 ns, Total: 517234 ns
[2020-02-27T05:35:54.541+0000][1][safepoint    ] Safepoint "RevokeBias", Time since last: 2510963362 ns, Reaching safepoint: 101801 ns, At safepoint: 23200 ns, Total: 125001 ns
[2020-02-27T05:35:57.047+0000][1][safepoint    ] Safepoint "RevokeBias", Time since last: 2506573696 ns, Reaching safepoint: 92566 ns, At safepoint: 21659 ns, Total: 114225 ns
[2020-02-27T05:35:59.555+0000][1][safepoint    ] Safepoint "RevokeBias", Time since last: 2507697132 ns, Reaching safepoint: 295584 ns, At safepoint: 33013 ns, Total: 328597 ns
[2020-02-27T05:36:02.057+0000][1][safepoint    ] Safepoint "RevokeBias", Time since last: 2501961535 ns, Reaching safepoint: 77399 ns, At safepoint: 17606 ns, Total: 95005 ns
[2020-02-27T05:36:04.562+0000][1][safepoint    ] Safepoint "RevokeBias", Time since last: 2504271831 ns, Reaching safepoint: 129645 ns, At safepoint: 29894 ns, Total: 159539 ns
[2020-02-27T05:36:07.067+0000][1][safepoint    ] Safepoint "RevokeBias", Time since last: 2504582907 ns, Reaching safepoint: 207398 ns, At safepoint: 19062 ns, Total: 226460 ns
[2020-02-27T05:36:09.569+0000][1][safepoint    ] Safepoint "RevokeBias", Time since last: 2502023325 ns, Reaching safepoint: 76499 ns, At safepoint: 17547 ns, Total: 94046 ns
[2020-02-27T05:36:12.072+0000][1][safepoint    ] Safepoint "RevokeBias", Time since last: 2502993154 ns, Reaching safepoint: 74859 ns, At safepoint: 18428 ns, Total: 93287 ns
[2020-02-27T05:36:14.576+0000][1][safepoint    ] Safepoint "RevokeBias", Time since last: 2503876150 ns, Reaching safepoint: 93036 ns, At safepoint: 28641 ns, Total: 121677 ns
[2020-02-27T05:36:17.080+0000][1][safepoint    ] Safepoint "RevokeBias", Time since last: 2503948739 ns, Reaching safepoint: 117187 ns, At safepoint: 20850 ns, Total: 138037 ns
[2020-02-27T05:36:19.582+0000][1][safepoint    ] Safepoint "RevokeBias", Time since last: 2502324966 ns, Reaching safepoint: 92124 ns, At safepoint: 18006 ns, Total: 110130 ns
[2020-02-27T05:36:21.583+0000][1][safepoint    ] Safepoint "Cleanup", Time since last: 2000355079 ns, Reaching safepoint: 81390 ns, At safepoint: 7059 ns, Total: 88449 ns
[2020-02-27T05:36:22.086+0000][1][safepoint    ] Safepoint "RevokeBias", Time since last: 503281400 ns, Reaching safepoint: 148316 ns, At safepoint: 56300 ns, Total: 204616 ns
[2020-02-27T05:36:24.591+0000][1][safepoint    ] Safepoint "RevokeBias", Time since last: 2504742681 ns, Reaching safepoint: 78371 ns, At safepoint: 17776 ns, Total: 96147 ns
[2020-02-27T05:36:27.095+0000][1][safepoint    ] Safepoint "RevokeBias", Time since last: 2503551158 ns, Reaching safepoint: 103504 ns, At safepoint: 23302 ns, Total: 126806 ns
[2020-02-27T05:36:29.606+0000][1][safepoint    ] Safepoint "RevokeBias", Time since last: 2511490109 ns, Reaching safepoint: 91073 ns, At safepoint: 18246 ns, Total: 109319 ns
[2020-02-27T05:36:32.116+0000][1][safepoint    ] Safepoint "RevokeBias", Time since last: 2509653553 ns, Reaching safepoint: 86506 ns, At safepoint: 19342 ns, Total: 105848 ns
[2020-02-27T05:36:34.630+0000][1][safepoint    ] Safepoint "RevokeBias", Time since last: 2513731371 ns, Reaching safepoint: 75870 ns, At safepoint: 17506 ns, Total: 93376 ns
[2020-02-27T05:36:37.140+0000][1][safepoint    ] Safepoint "RevokeBias", Time since last: 2509710726 ns, Reaching safepoint: 74486 ns, At safepoint: 17206 ns, Total: 91692 ns
[2020-02-27T05:36:39.649+0000][1][safepoint    ] Safepoint "RevokeBias", Time since last: 2509484288 ns, Reaching safepoint: 160652 ns, At safepoint: 29075 ns, Total: 189727 ns
[2020-02-27T05:36:42.160+0000][1][safepoint    ] Safepoint "RevokeBias", Time since last: 2510400962 ns, Reaching safepoint: 86408 ns, At safepoint: 20902 ns, Total: 107310 ns
[2020-02-27T05:36:44.681+0000][1][safepoint    ] Safepoint "RevokeBias", Time since last: 2521204985 ns, Reaching safepoint: 73466 ns, At safepoint: 17568 ns, Total: 91034 ns
[2020-02-27T05:36:47.191+0000][1][safepoint    ] Safepoint "RevokeBias", Time since last: 2510090636 ns, Reaching safepoint: 60752 ns, At safepoint: 17014 ns, Total: 77766 ns
[2020-02-27T05:36:49.695+0000][1][safepoint    ] Safepoint "RevokeBias", Time since last: 2503287726 ns, Reaching safepoint: 74946 ns, At safepoint: 17612 ns, Total: 92558 ns
[2020-02-27T05:36:52.199+0000][1][safepoint    ] Safepoint "RevokeBias", Time since last: 2503929582 ns, Reaching safepoint: 177507 ns, At safepoint: 21951 ns, Total: 199458 ns
[2020-02-27T05:36:54.704+0000][1][safepoint    ] Safepoint "RevokeBias", Time since last: 2504847898 ns, Reaching safepoint: 75623 ns, At safepoint: 17681 ns, Total: 93304 ns
[2020-02-27T05:36:57.210+0000][1][safepoint    ] Safepoint "RevokeBias", Time since last: 2506101716 ns, Reaching safepoint: 90494 ns, At safepoint: 21262 ns, Total: 111756 ns
[2020-02-27T05:36:59.716+0000][1][safepoint    ] Safepoint "RevokeBias", Time since last: 2505591132 ns, Reaching safepoint: 74791 ns, At safepoint: 17412 ns, Total: 92203 ns
[2020-02-27T05:37:02.219+0000][1][safepoint    ] Safepoint "RevokeBias", Time since last: 2503020947 ns, Reaching safepoint: 79414 ns, At safepoint: 18191 ns, Total: 97605 ns
[2020-02-27T05:37:04.725+0000][1][safepoint    ] Safepoint "BulkRevokeBias", Time since last: 2505422851 ns, Reaching safepoint: 77675 ns, At safepoint: 194579 ns, Total: 272254 ns
[2020-02-27T05:37:07.628+0000][1][safepoint    ] Safepoint "RevokeBias", Time since last: 2903276229 ns, Reaching safepoint: 104593 ns, At safepoint: 23003 ns, Total: 127596 ns
[2020-02-27T05:37:10.140+0000][1][safepoint    ] Safepoint "RevokeBias", Time since last: 2511774956 ns, Reaching safepoint: 77861 ns, At safepoint: 17486 ns, Total: 95347 ns
[2020-02-27T05:37:12.660+0000][1][safepoint    ] Safepoint "RevokeBias", Time since last: 2519888407 ns, Reaching safepoint: 325215 ns, At safepoint: 20927 ns, Total: 346142 ns
[2020-02-27T05:37:15.171+0000][1][safepoint    ] Safepoint "RevokeBias", Time since last: 2510647907 ns, Reaching safepoint: 77515 ns, At safepoint: 17425 ns, Total: 94940 ns
[2020-02-27T05:37:17.680+0000][1][safepoint    ] Safepoint "RevokeBias", Time since last: 2508943131 ns, Reaching safepoint: 90854 ns, At safepoint: 17976 ns, Total: 108830 ns
[2020-02-27T05:37:17.924+0000][1][gc,start     ] GC(58) Pause Young (Allocation Failure)
[2020-02-27T05:37:17.924+0000][1][gc,task      ] GC(58) Using 1 workers of 1 for evacuation
[2020-02-27T05:37:17.933+0000][1][gc,age       ] GC(58) Desired survivor size 4358144 bytes, new threshold 6 (max threshold 6)
[2020-02-27T05:37:17.933+0000][1][gc,age       ] GC(58) Age table with threshold 6 (max threshold 6)
[2020-02-27T05:37:17.933+0000][1][gc,age       ] GC(58) - age   1:      11544 bytes,      11544 total
[2020-02-27T05:37:17.933+0000][1][gc,age       ] GC(58) - age   2:      17176 bytes,      28720 total
[2020-02-27T05:37:17.933+0000][1][gc,age       ] GC(58) - age   3:      12800 bytes,      41520 total
[2020-02-27T05:37:17.933+0000][1][gc,age       ] GC(58) - age   4:        752 bytes,      42272 total
[2020-02-27T05:37:17.933+0000][1][gc,age       ] GC(58) - age   5:       1128 bytes,      43400 total
[2020-02-27T05:37:17.933+0000][1][gc,age       ] GC(58) - age   6:        848 bytes,      44248 total
[2020-02-27T05:37:17.933+0000][1][gc,heap      ] GC(58) ParNew: 68213K->79K(76672K)
[2020-02-27T05:37:17.933+0000][1][gc,heap      ] GC(58) CMS: 62455K->62456K(963392K)
[2020-02-27T05:37:17.933+0000][1][gc,metaspace ] GC(58) Metaspace: 79644K->79644K(1122304K)
[2020-02-27T05:37:17.933+0000][1][gc           ] GC(58) Pause Young (Allocation Failure) 127M->61M(1015M) 9.538ms
[2020-02-27T05:37:17.933+0000][1][gc,cpu       ] GC(58) User=0.01s Sys=0.00s Real=0.01s
[2020-02-27T05:37:17.933+0000][1][safepoint    ] Safepoint "GenCollectForAllocation", Time since last: 243661026 ns, Reaching safepoint: 75839 ns, At safepoint: 9588743 ns, Total: 9664582 ns
[2020-02-27T05:37:20.188+0000][1][safepoint    ] Safepoint "RevokeBias", Time since last: 2254489245 ns, Reaching safepoint: 122982 ns, At safepoint: 32697 ns, Total: 155679 ns
[2020-02-27T05:37:22.693+0000][1][safepoint    ] Safepoint "RevokeBias", Time since last: 2504824256 ns, Reaching safepoint: 80240 ns, At safepoint: 19005 ns, Total: 99245 ns
[2020-02-27T05:37:25.112+0000][1][safepoint    ] Safepoint "Cleanup", Time since last: 2419080134 ns, Reaching safepoint: 85774 ns, At safepoint: 8518 ns, Total: 94292 ns
[2020-02-27T05:37:25.199+0000][1][safepoint    ] Safepoint "RevokeBias", Time since last: 86923120 ns, Reaching safepoint: 166523 ns, At safepoint: 55245 ns, Total: 221768 ns
[2020-02-27T05:37:27.704+0000][1][safepoint    ] Safepoint "RevokeBias", Time since last: 2504263862 ns, Reaching safepoint: 194323 ns, At safepoint: 27161 ns, Total: 221484 ns
[2020-02-27T05:37:30.207+0000][1][safepoint    ] Safepoint "RevokeBias", Time since last: 2503449746 ns, Reaching safepoint: 75843 ns, At safepoint: 18469 ns, Total: 94312 ns
[2020-02-27T05:37:32.720+0000][1][safepoint    ] Safepoint "RevokeBias", Time since last: 2512576385 ns, Reaching safepoint: 144134 ns, At safepoint: 19812 ns, Total: 163946 ns
[2020-02-27T05:37:35.235+0000][1][safepoint    ] Safepoint "RevokeBias", Time since last: 2515025297 ns, Reaching safepoint: 72993 ns, At safepoint: 16865 ns, Total: 89858 ns
[2020-02-27T05:37:37.750+0000][1][safepoint    ] Safepoint "RevokeBias", Time since last: 2515152308 ns, Reaching safepoint: 203556 ns, At safepoint: 40097 ns, Total: 243653 ns
[2020-02-27T05:37:40.262+0000][1][safepoint    ] Safepoint "RevokeBias", Time since last: 2511780158 ns, Reaching safepoint: 75925 ns, At safepoint: 18466 ns, Total: 94391 ns
[2020-02-27T05:37:42.774+0000][1][safepoint    ] Safepoint "RevokeBias", Time since last: 2511330648 ns, Reaching safepoint: 85335 ns, At safepoint: 19106 ns, Total: 104441 ns
[2020-02-27T05:37:45.288+0000][1][safepoint    ] Safepoint "RevokeBias", Time since last: 2514535959 ns, Reaching safepoint: 76310 ns, At safepoint: 18467 ns, Total: 94777 ns
[2020-02-27T05:37:47.808+0000][1][safepoint    ] Safepoint "RevokeBias", Time since last: 2519539315 ns, Reaching safepoint: 94081 ns, At safepoint: 19065 ns, Total: 113146 ns
[2020-02-27T05:37:50.315+0000][1][safepoint    ] Safepoint "RevokeBias", Time since last: 2507265523 ns, Reaching safepoint: 78281 ns, At safepoint: 17862 ns, Total: 96143 ns
[2020-02-27T05:37:52.819+0000][1][safepoint    ] Safepoint "RevokeBias", Time since last: 2503321342 ns, Reaching safepoint: 193686 ns, At safepoint: 23270 ns, Total: 216956 ns
[2020-02-27T05:37:55.326+0000][1][safepoint    ] Safepoint "RevokeBias", Time since last: 2506862100 ns, Reaching safepoint: 155953 ns, At safepoint: 42581 ns, Total: 198534 ns
[2020-02-27T05:37:57.830+0000][1][safepoint    ] Safepoint "RevokeBias", Time since last: 2504168710 ns, Reaching safepoint: 91287 ns, At safepoint: 22983 ns, Total: 114270 ns
[2020-02-27T05:38:00.336+0000][1][safepoint    ] Safepoint "RevokeBias", Time since last: 2505333227 ns, Reaching safepoint: 137607 ns, At safepoint: 26115 ns, Total: 163722 ns
[2020-02-27T05:38:02.839+0000][1][safepoint    ] Safepoint "RevokeBias", Time since last: 2503153817 ns, Reaching safepoint: 147288 ns, At safepoint: 46588 ns, Total: 193876 ns
[2020-02-27T05:38:05.346+0000][1][safepoint    ] Safepoint "RevokeBias", Time since last: 2506548346 ns, Reaching safepoint: 91396 ns, At safepoint: 18771 ns, Total: 110167 ns
[2020-02-27T05:38:07.850+0000][1][safepoint    ] Safepoint "RevokeBias", Time since last: 2504540772 ns, Reaching safepoint: 104714 ns, At safepoint: 20301 ns, Total: 125015 ns
[2020-02-27T05:38:10.354+0000][1][safepoint    ] Safepoint "RevokeBias", Time since last: 2503221504 ns, Reaching safepoint: 79029 ns, At safepoint: 17896 ns, Total: 96925 ns
[2020-02-27T05:38:12.857+0000][1][safepoint    ] Safepoint "RevokeBias", Time since last: 2502842378 ns, Reaching safepoint: 75932 ns, At safepoint: 19835 ns, Total: 95767 ns
[2020-02-27T05:38:15.361+0000][1][safepoint    ] Safepoint "RevokeBias", Time since last: 2504127650 ns, Reaching safepoint: 76304 ns, At safepoint: 18385 ns, Total: 94689 ns
[2020-02-27T05:38:17.864+0000][1][safepoint    ] Safepoint "BulkRevokeBias", Time since last: 2502782673 ns, Reaching safepoint: 74376 ns, At safepoint: 617413 ns, Total: 691789 ns
[2020-02-27T05:38:20.377+0000][1][safepoint    ] Safepoint "RevokeBias", Time since last: 2512443221 ns, Reaching safepoint: 77336 ns, At safepoint: 18049 ns, Total: 95385 ns
[2020-02-27T05:38:22.884+0000][1][safepoint    ] Safepoint "RevokeBias", Time since last: 2507229228 ns, Reaching safepoint: 74295 ns, At safepoint: 17454 ns, Total: 91749 ns
[2020-02-27T05:38:25.397+0000][1][safepoint    ] Safepoint "RevokeBias", Time since last: 2512346032 ns, Reaching safepoint: 112290 ns, At safepoint: 20682 ns, Total: 132972 ns
[2020-02-27T05:38:27.906+0000][1][safepoint    ] Safepoint "RevokeBias", Time since last: 2508899980 ns, Reaching safepoint: 74699 ns, At safepoint: 17447 ns, Total: 92146 ns
[2020-02-27T05:38:30.418+0000][1][safepoint    ] Safepoint "RevokeBias", Time since last: 2512040682 ns, Reaching safepoint: 98788 ns, At safepoint: 26698 ns, Total: 125486 ns
[2020-02-27T05:38:32.927+0000][1][safepoint    ] Safepoint "RevokeBias", Time since last: 2508963620 ns, Reaching safepoint: 157038 ns, At safepoint: 26008 ns, Total: 183046 ns
[2020-02-27T05:38:35.446+0000][1][safepoint    ] Safepoint "RevokeBias", Time since last: 2519030094 ns, Reaching safepoint: 54181 ns, At safepoint: 15778 ns, Total: 69959 ns
[2020-02-27T05:38:37.957+0000][1][safepoint    ] Safepoint "RevokeBias", Time since last: 2510683997 ns, Reaching safepoint: 190292 ns, At safepoint: 23460 ns, Total: 213752 ns
[2020-02-27T05:38:40.460+0000][1][safepoint    ] Safepoint "RevokeBias", Time since last: 2502899593 ns, Reaching safepoint: 75776 ns, At safepoint: 52636 ns, Total: 128412 ns
[2020-02-27T05:38:42.965+0000][1][safepoint    ] Safepoint "RevokeBias", Time since last: 2504431076 ns, Reaching safepoint: 73981 ns, At safepoint: 56429 ns, Total: 130410 ns
[2020-02-27T05:38:45.471+0000][1][safepoint    ] Safepoint "RevokeBias", Time since last: 2506180167 ns, Reaching safepoint: 74714 ns, At safepoint: 18265 ns, Total: 92979 ns
[2020-02-27T05:38:47.976+0000][1][safepoint    ] Safepoint "RevokeBias", Time since last: 2505152359 ns, Reaching safepoint: 59189 ns, At safepoint: 17474 ns, Total: 76663 ns
[2020-02-27T05:38:50.479+0000][1][safepoint    ] Safepoint "RevokeBias", Time since last: 2502418254 ns, Reaching safepoint: 77198 ns, At safepoint: 17708 ns, Total: 94906 ns
[2020-02-27T05:38:52.982+0000][1][safepoint    ] Safepoint "RevokeBias", Time since last: 2503593304 ns, Reaching safepoint: 91836 ns, At safepoint: 18380 ns, Total: 110216 ns
[2020-02-27T05:38:55.489+0000][1][safepoint    ] Safepoint "RevokeBias", Time since last: 2506138918 ns, Reaching safepoint: 120845 ns, At safepoint: 28668 ns, Total: 149513 ns
[2020-02-27T05:38:57.993+0000][1][safepoint    ] Safepoint "RevokeBias", Time since last: 2504059405 ns, Reaching safepoint: 100433 ns, At safepoint: 35283 ns, Total: 135716 ns
[2020-02-27T05:39:00.496+0000][1][safepoint    ] Safepoint "RevokeBias", Time since last: 2503105709 ns, Reaching safepoint: 74576 ns, At safepoint: 17457 ns, Total: 92033 ns
[2020-02-27T05:39:03.001+0000][1][safepoint    ] Safepoint "RevokeBias", Time since last: 2505166923 ns, Reaching safepoint: 89412 ns, At safepoint: 22764 ns, Total: 112176 ns
[2020-02-27T05:39:05.507+0000][1][safepoint    ] Safepoint "RevokeBias", Time since last: 2505846556 ns, Reaching safepoint: 77502 ns, At safepoint: 17454 ns, Total: 94956 ns
[2020-02-27T05:39:08.014+0000][1][safepoint    ] Safepoint "RevokeBias", Time since last: 2506726043 ns, Reaching safepoint: 168575 ns, At safepoint: 31123 ns, Total: 199698 ns
[2020-02-27T05:39:10.518+0000][1][safepoint    ] Safepoint "RevokeBias", Time since last: 2503414433 ns, Reaching safepoint: 126701 ns, At safepoint: 39407 ns, Total: 166108 ns
[2020-02-27T05:39:13.027+0000][1][safepoint    ] Safepoint "RevokeBias", Time since last: 2509096759 ns, Reaching safepoint: 89275 ns, At safepoint: 23232 ns, Total: 112507 ns
[2020-02-27T05:39:15.538+0000][1][safepoint    ] Safepoint "RevokeBias", Time since last: 2510895063 ns, Reaching safepoint: 77293 ns, At safepoint: 18311 ns, Total: 95604 ns
[2020-02-27T05:39:18.051+0000][1][safepoint    ] Safepoint "RevokeBias", Time since last: 2512847768 ns, Reaching safepoint: 163377 ns, At safepoint: 21413 ns, Total: 184790 ns
[2020-02-27T05:39:20.563+0000][1][safepoint    ] Safepoint "RevokeBias", Time since last: 2511973690 ns, Reaching safepoint: 77048 ns, At safepoint: 17825 ns, Total: 94873 ns
[2020-02-27T05:39:21.563+0000][1][safepoint    ] Safepoint "Cleanup", Time since last: 1000248447 ns, Reaching safepoint: 97342 ns, At safepoint: 9507 ns, Total: 106849 ns
[2020-02-27T05:39:23.076+0000][1][safepoint    ] Safepoint "RevokeBias", Time since last: 1513001925 ns, Reaching safepoint: 76812 ns, At safepoint: 18503 ns, Total: 95315 ns
[2020-02-27T05:39:25.588+0000][1][safepoint    ] Safepoint "RevokeBias", Time since last: 2511846119 ns, Reaching safepoint: 76404 ns, At safepoint: 18668 ns, Total: 95072 ns
[2020-02-27T05:39:28.093+0000][1][safepoint    ] Safepoint "RevokeBias", Time since last: 2504453176 ns, Reaching safepoint: 94058 ns, At safepoint: 18361 ns, Total: 112419 ns
[2020-02-27T05:39:30.597+0000][1][safepoint    ] Safepoint "BulkRevokeBias", Time since last: 2502839807 ns, Reaching safepoint: 135991 ns, At safepoint: 725059 ns, Total: 861050 ns
[2020-02-27T05:39:33.047+0000][1][gc,start     ] GC(59) Pause Young (Allocation Failure)
[2020-02-27T05:39:33.047+0000][1][gc,task      ] GC(59) Using 1 workers of 1 for evacuation
[2020-02-27T05:39:33.057+0000][1][gc,age       ] GC(59) Desired survivor size 4358144 bytes, new threshold 6 (max threshold 6)
[2020-02-27T05:39:33.057+0000][1][gc,age       ] GC(59) Age table with threshold 6 (max threshold 6)
[2020-02-27T05:39:33.057+0000][1][gc,age       ] GC(59) - age   1:      12152 bytes,      12152 total
[2020-02-27T05:39:33.057+0000][1][gc,age       ] GC(59) - age   2:        904 bytes,      13056 total
[2020-02-27T05:39:33.057+0000][1][gc,age       ] GC(59) - age   3:      17176 bytes,      30232 total
[2020-02-27T05:39:33.057+0000][1][gc,age       ] GC(59) - age   4:      12800 bytes,      43032 total
[2020-02-27T05:39:33.057+0000][1][gc,age       ] GC(59) - age   5:        752 bytes,      43784 total
[2020-02-27T05:39:33.057+0000][1][gc,age       ] GC(59) - age   6:       1128 bytes,      44912 total
[2020-02-27T05:39:33.057+0000][1][gc,heap      ] GC(59) ParNew: 68239K->52K(76672K)
[2020-02-27T05:39:33.057+0000][1][gc,heap      ] GC(59) CMS: 62456K->62457K(963392K)
[2020-02-27T05:39:33.057+0000][1][gc,metaspace ] GC(59) Metaspace: 79660K->79660K(1122304K)
[2020-02-27T05:39:33.057+0000][1][gc           ] GC(59) Pause Young (Allocation Failure) 127M->61M(1015M) 10.431ms
[2020-02-27T05:39:33.057+0000][1][gc,cpu       ] GC(59) User=0.01s Sys=0.00s Real=0.01s
[2020-02-27T05:39:33.057+0000][1][safepoint    ] Safepoint "GenCollectForAllocation", Time since last: 2449874395 ns, Reaching safepoint: 89914 ns, At safepoint: 10482184 ns, Total: 10572098 ns
[2020-02-27T05:39:33.102+0000][1][safepoint    ] Safepoint "RevokeBias", Time since last: 44448089 ns, Reaching safepoint: 75386 ns, At safepoint: 17766 ns, Total: 93152 ns
[2020-02-27T05:39:35.612+0000][1][safepoint    ] Safepoint "RevokeBias", Time since last: 2510687435 ns, Reaching safepoint: 79592 ns, At safepoint: 17140 ns, Total: 96732 ns
[2020-02-27T05:39:38.119+0000][1][safepoint    ] Safepoint "RevokeBias", Time since last: 2505994635 ns, Reaching safepoint: 147008 ns, At safepoint: 19206 ns, Total: 166214 ns
[2020-02-27T05:39:40.622+0000][1][safepoint    ] Safepoint "RevokeBias", Time since last: 2503184921 ns, Reaching safepoint: 75955 ns, At safepoint: 17504 ns, Total: 93459 ns
[2020-02-27T05:39:43.125+0000][1][safepoint    ] Safepoint "RevokeBias", Time since last: 2502626392 ns, Reaching safepoint: 240819 ns, At safepoint: 18851 ns, Total: 259670 ns
[2020-02-27T05:39:45.629+0000][1][safepoint    ] Safepoint "RevokeBias", Time since last: 2504280854 ns, Reaching safepoint: 234994 ns, At safepoint: 29271 ns, Total: 264265 ns
[2020-02-27T05:39:48.134+0000][1][safepoint    ] Safepoint "RevokeBias", Time since last: 2504662791 ns, Reaching safepoint: 76726 ns, At safepoint: 18695 ns, Total: 95421 ns
[2020-02-27T05:39:50.642+0000][1][safepoint    ] Safepoint "RevokeBias", Time since last: 2507760524 ns, Reaching safepoint: 201555 ns, At safepoint: 38627 ns, Total: 240182 ns
[2020-02-27T05:39:53.145+0000][1][safepoint    ] Safepoint "RevokeBias", Time since last: 2503020427 ns, Reaching safepoint: 77262 ns, At safepoint: 18644 ns, Total: 95906 ns
[2020-02-27T05:39:55.665+0000][1][safepoint    ] Safepoint "RevokeBias", Time since last: 2520042945 ns, Reaching safepoint: 75654 ns, At safepoint: 17720 ns, Total: 93374 ns
[2020-02-27T05:39:58.174+0000][1][safepoint    ] Safepoint "RevokeBias", Time since last: 2508610836 ns, Reaching safepoint: 117132 ns, At safepoint: 22649 ns, Total: 139781 ns
[2020-02-27T05:40:00.685+0000][1][safepoint    ] Safepoint "RevokeBias", Time since last: 2511314593 ns, Reaching safepoint: 71209 ns, At safepoint: 15695 ns, Total: 86904 ns
[2020-02-27T05:40:03.194+0000][1][safepoint    ] Safepoint "RevokeBias", Time since last: 2508140431 ns, Reaching safepoint: 90949 ns, At safepoint: 20789 ns, Total: 111738 ns
[2020-02-27T05:40:05.711+0000][1][safepoint    ] Safepoint "RevokeBias", Time since last: 2517292131 ns, Reaching safepoint: 74408 ns, At safepoint: 17671 ns, Total: 92079 ns
[2020-02-27T05:40:08.220+0000][1][safepoint    ] Safepoint "RevokeBias", Time since last: 2508770905 ns, Reaching safepoint: 75240 ns, At safepoint: 17602 ns, Total: 92842 ns
[2020-02-27T05:40:10.723+0000][1][safepoint    ] Safepoint "RevokeBias", Time since last: 2503440174 ns, Reaching safepoint: 72875 ns, At safepoint: 17498 ns, Total: 90373 ns
[2020-02-27T05:40:13.232+0000][1][safepoint    ] Safepoint "RevokeBias", Time since last: 2508078535 ns, Reaching safepoint: 111340 ns, At safepoint: 26475 ns, Total: 137815 ns
[2020-02-27T05:40:15.739+0000][1][safepoint    ] Safepoint "RevokeBias", Time since last: 2507034662 ns, Reaching safepoint: 79250 ns, At safepoint: 145619 ns, Total: 224869 ns
[2020-02-27T05:40:18.242+0000][1][safepoint    ] Safepoint "RevokeBias", Time since last: 2503417438 ns, Reaching safepoint: 72196 ns, At safepoint: 19453 ns, Total: 91649 ns
[2020-02-27T05:40:20.746+0000][1][safepoint    ] Safepoint "RevokeBias", Time since last: 2503263060 ns, Reaching safepoint: 107936 ns, At safepoint: 23346 ns, Total: 131282 ns
[2020-02-27T05:40:21.748+0000][1][safepoint    ] Safepoint "Cleanup", Time since last: 1002447859 ns, Reaching safepoint: 82645 ns, At safepoint: 8155 ns, Total: 90800 ns
[2020-02-27T05:40:23.248+0000][1][safepoint    ] Safepoint "RevokeBias", Time since last: 1499488359 ns, Reaching safepoint: 117303 ns, At safepoint: 21486 ns, Total: 138789 ns
[2020-02-27T05:40:25.755+0000][1][safepoint    ] Safepoint "RevokeBias", Time since last: 2506545053 ns, Reaching safepoint: 118619 ns, At safepoint: 20985 ns, Total: 139604 ns
[2020-02-27T05:40:28.259+0000][1][safepoint    ] Safepoint "RevokeBias", Time since last: 2504233751 ns, Reaching safepoint: 121998 ns, At safepoint: 18386 ns, Total: 140384 ns
[2020-02-27T05:40:30.764+0000][1][safepoint    ] Safepoint "RevokeBias", Time since last: 2504379826 ns, Reaching safepoint: 114202 ns, At safepoint: 19179 ns, Total: 133381 ns
[2020-02-27T05:40:33.267+0000][1][safepoint    ] Safepoint "RevokeBias", Time since last: 2503618371 ns, Reaching safepoint: 91721 ns, At safepoint: 21158 ns, Total: 112879 ns
[2020-02-27T05:40:35.774+0000][1][safepoint    ] Safepoint "RevokeBias", Time since last: 2506275372 ns, Reaching safepoint: 74554 ns, At safepoint: 32229 ns, Total: 106783 ns
[2020-02-27T05:40:38.293+0000][1][safepoint    ] Safepoint "RevokeBias", Time since last: 2519129586 ns, Reaching safepoint: 94231 ns, At safepoint: 18731 ns, Total: 112962 ns
[2020-02-27T05:40:40.802+0000][1][safepoint    ] Safepoint "RevokeBias", Time since last: 2509356050 ns, Reaching safepoint: 72331 ns, At safepoint: 17319 ns, Total: 89650 ns
[2020-02-27T05:40:43.319+0000][1][safepoint    ] Safepoint "BulkRevokeBias", Time since last: 2516388419 ns, Reaching safepoint: 154431 ns, At safepoint: 182745 ns, Total: 337176 ns
[2020-02-27T05:40:45.832+0000][1][safepoint    ] Safepoint "RevokeBias", Time since last: 2512793984 ns, Reaching safepoint: 112406 ns, At safepoint: 29004 ns, Total: 141410 ns
[2020-02-27T05:40:48.350+0000][1][safepoint    ] Safepoint "RevokeBias", Time since last: 2518068011 ns, Reaching safepoint: 75098 ns, At safepoint: 17481 ns, Total: 92579 ns
[2020-02-27T05:40:50.857+0000][1][safepoint    ] Safepoint "RevokeBias", Time since last: 2507165397 ns, Reaching safepoint: 88238 ns, At safepoint: 21796 ns, Total: 110034 ns
[2020-02-27T05:40:53.368+0000][1][safepoint    ] Safepoint "RevokeBias", Time since last: 2510442022 ns, Reaching safepoint: 75878 ns, At safepoint: 19009 ns, Total: 94887 ns
[2020-02-27T05:40:55.879+0000][1][safepoint    ] Safepoint "RevokeBias", Time since last: 2510516933 ns, Reaching safepoint: 169579 ns, At safepoint: 37102 ns, Total: 206681 ns
[2020-02-27T05:40:58.383+0000][1][safepoint    ] Safepoint "RevokeBias", Time since last: 2504241073 ns, Reaching safepoint: 92281 ns, At safepoint: 23373 ns, Total: 115654 ns
[2020-02-27T05:41:00.887+0000][1][safepoint    ] Safepoint "RevokeBias", Time since last: 2503315115 ns, Reaching safepoint: 148233 ns, At safepoint: 60202 ns, Total: 208435 ns
[2020-02-27T05:41:03.391+0000][1][safepoint    ] Safepoint "RevokeBias", Time since last: 2503884860 ns, Reaching safepoint: 70754 ns, At safepoint: 19210 ns, Total: 89964 ns
[2020-02-27T05:41:05.898+0000][1][safepoint    ] Safepoint "RevokeBias", Time since last: 2506762899 ns, Reaching safepoint: 181186 ns, At safepoint: 53827 ns, Total: 235013 ns
[2020-02-27T05:41:08.403+0000][1][safepoint    ] Safepoint "RevokeBias", Time since last: 2505694014 ns, Reaching safepoint: 109795 ns, At safepoint: 27314 ns, Total: 137109 ns
[2020-02-27T05:41:10.908+0000][1][safepoint    ] Safepoint "RevokeBias", Time since last: 2504024624 ns, Reaching safepoint: 103421 ns, At safepoint: 30068 ns, Total: 133489 ns
[2020-02-27T05:41:13.413+0000][1][safepoint    ] Safepoint "RevokeBias", Time since last: 2505035115 ns, Reaching safepoint: 111636 ns, At safepoint: 21633 ns, Total: 133269 ns
[2020-02-27T05:41:15.918+0000][1][safepoint    ] Safepoint "RevokeBias", Time since last: 2505234002 ns, Reaching safepoint: 78536 ns, At safepoint: 19206 ns, Total: 97742 ns
[2020-02-27T05:41:18.421+0000][1][safepoint    ] Safepoint "RevokeBias", Time since last: 2502890936 ns, Reaching safepoint: 112939 ns, At safepoint: 18977 ns, Total: 131916 ns
[2020-02-27T05:41:20.926+0000][1][safepoint    ] Safepoint "RevokeBias", Time since last: 2504803667 ns, Reaching safepoint: 73185 ns, At safepoint: 16707 ns, Total: 89892 ns
[2020-02-27T05:41:23.431+0000][1][safepoint    ] Safepoint "RevokeBias", Time since last: 2504658268 ns, Reaching safepoint: 74176 ns, At safepoint: 17795 ns, Total: 91971 ns
[2020-02-27T05:41:25.935+0000][1][safepoint    ] Safepoint "RevokeBias", Time since last: 2503919162 ns, Reaching safepoint: 151416 ns, At safepoint: 35579 ns, Total: 186995 ns
[2020-02-27T05:41:28.439+0000][1][safepoint    ] Safepoint "RevokeBias", Time since last: 2503570455 ns, Reaching safepoint: 74101 ns, At safepoint: 17581 ns, Total: 91682 ns
[2020-02-27T05:41:30.947+0000][1][safepoint    ] Safepoint "RevokeBias", Time since last: 2508308354 ns, Reaching safepoint: 73672 ns, At safepoint: 17171 ns, Total: 90843 ns
[2020-02-27T05:41:33.454+0000][1][safepoint    ] Safepoint "RevokeBias", Time since last: 2506802547 ns, Reaching safepoint: 74545 ns, At safepoint: 18164 ns, Total: 92709 ns
[2020-02-27T05:41:35.971+0000][1][safepoint    ] Safepoint "RevokeBias", Time since last: 2517314276 ns, Reaching safepoint: 71075 ns, At safepoint: 99351 ns, Total: 170426 ns
[2020-02-27T05:41:38.482+0000][1][safepoint    ] Safepoint "RevokeBias", Time since last: 2510328684 ns, Reaching safepoint: 139830 ns, At safepoint: 19990 ns, Total: 159820 ns
[2020-02-27T05:41:40.995+0000][1][safepoint    ] Safepoint "RevokeBias", Time since last: 2513056281 ns, Reaching safepoint: 127905 ns, At safepoint: 22607 ns, Total: 150512 ns
[2020-02-27T05:41:43.501+0000][1][safepoint    ] Safepoint "RevokeBias", Time since last: 2506008182 ns, Reaching safepoint: 73048 ns, At safepoint: 62897 ns, Total: 135945 ns
[2020-02-27T05:41:46.013+0000][1][safepoint    ] Safepoint "RevokeBias", Time since last: 2511731927 ns, Reaching safepoint: 55411 ns, At safepoint: 16017 ns, Total: 71428 ns
[2020-02-27T05:41:48.526+0000][1][safepoint    ] Safepoint "RevokeBias", Time since last: 2513193803 ns, Reaching safepoint: 93743 ns, At safepoint: 21281 ns, Total: 115024 ns
[2020-02-27T05:41:51.001+0000][1][gc,start     ] GC(60) Pause Young (Allocation Failure)
[2020-02-27T05:41:51.001+0000][1][gc,task      ] GC(60) Using 1 workers of 1 for evacuation
[2020-02-27T05:41:51.014+0000][1][gc,age       ] GC(60) Desired survivor size 4358144 bytes, new threshold 6 (max threshold 6)
[2020-02-27T05:41:51.014+0000][1][gc,age       ] GC(60) Age table with threshold 6 (max threshold 6)
[2020-02-27T05:41:51.014+0000][1][gc,age       ] GC(60) - age   1:      13272 bytes,      13272 total
[2020-02-27T05:41:51.014+0000][1][gc,age       ] GC(60) - age   2:        320 bytes,      13592 total
[2020-02-27T05:41:51.014+0000][1][gc,age       ] GC(60) - age   3:        904 bytes,      14496 total
[2020-02-27T05:41:51.014+0000][1][gc,age       ] GC(60) - age   4:      17176 bytes,      31672 total
[2020-02-27T05:41:51.014+0000][1][gc,age       ] GC(60) - age   5:      12568 bytes,      44240 total
[2020-02-27T05:41:51.014+0000][1][gc,age       ] GC(60) - age   6:        752 bytes,      44992 total
[2020-02-27T05:41:51.014+0000][1][gc,heap      ] GC(60) ParNew: 68212K->78K(76672K)
[2020-02-27T05:41:51.014+0000][1][gc,heap      ] GC(60) CMS: 62457K->62458K(963392K)
[2020-02-27T05:41:51.014+0000][1][gc,metaspace ] GC(60) Metaspace: 79667K->79667K(1122304K)
[2020-02-27T05:41:51.014+0000][1][gc           ] GC(60) Pause Young (Allocation Failure) 127M->61M(1015M) 12.700ms
[2020-02-27T05:41:51.014+0000][1][gc,cpu       ] GC(60) User=0.01s Sys=0.00s Real=0.01s
[2020-02-27T05:41:51.014+0000][1][safepoint    ] Safepoint "GenCollectForAllocation", Time since last: 2474865535 ns, Reaching safepoint: 77277 ns, At safepoint: 12752357 ns, Total: 12829634 ns
[2020-02-27T05:41:51.030+0000][1][safepoint    ] Safepoint "RevokeBias", Time since last: 15696756 ns, Reaching safepoint: 98161 ns, At safepoint: 18883 ns, Total: 117044 ns
[2020-02-27T05:41:53.533+0000][1][safepoint    ] Safepoint "RevokeBias", Time since last: 2502673906 ns, Reaching safepoint: 121524 ns, At safepoint: 20534 ns, Total: 142058 ns
[2020-02-27T05:41:56.040+0000][1][safepoint    ] Safepoint "BulkRevokeBias", Time since last: 2507377605 ns, Reaching safepoint: 73496 ns, At safepoint: 322271 ns, Total: 395767 ns
[2020-02-27T05:41:58.544+0000][1][safepoint    ] Safepoint "RevokeBias", Time since last: 2503964618 ns, Reaching safepoint: 74543 ns, At safepoint: 67367 ns, Total: 141910 ns
[2020-02-27T05:42:01.048+0000][1][safepoint    ] Safepoint "RevokeBias", Time since last: 2503251260 ns, Reaching safepoint: 164315 ns, At safepoint: 19947 ns, Total: 184262 ns
[2020-02-27T05:42:03.553+0000][1][safepoint    ] Safepoint "RevokeBias", Time since last: 2504767247 ns, Reaching safepoint: 73071 ns, At safepoint: 111259 ns, Total: 184330 ns
[2020-02-27T05:42:06.059+0000][1][safepoint    ] Safepoint "RevokeBias", Time since last: 2506295095 ns, Reaching safepoint: 74997 ns, At safepoint: 17516 ns, Total: 92513 ns
[2020-02-27T05:42:08.564+0000][1][safepoint    ] Safepoint "RevokeBias", Time since last: 2504248787 ns, Reaching safepoint: 73300 ns, At safepoint: 19344 ns, Total: 92644 ns
[2020-02-27T05:42:11.068+0000][1][safepoint    ] Safepoint "RevokeBias", Time since last: 2504492361 ns, Reaching safepoint: 75723 ns, At safepoint: 32627 ns, Total: 108350 ns
[2020-02-27T05:42:13.572+0000][1][safepoint    ] Safepoint "RevokeBias", Time since last: 2504057601 ns, Reaching safepoint: 73719 ns, At safepoint: 17870 ns, Total: 91589 ns
[2020-02-27T05:42:16.078+0000][1][safepoint    ] Safepoint "RevokeBias", Time since last: 2505531073 ns, Reaching safepoint: 73707 ns, At safepoint: 18091 ns, Total: 91798 ns
[2020-02-27T05:42:18.582+0000][1][safepoint    ] Safepoint "RevokeBias", Time since last: 2503851935 ns, Reaching safepoint: 222979 ns, At safepoint: 30197 ns, Total: 253176 ns
[2020-02-27T05:42:20.583+0000][1][safepoint    ] Safepoint "Cleanup", Time since last: 2000678214 ns, Reaching safepoint: 95467 ns, At safepoint: 8391 ns, Total: 103858 ns
[2020-02-27T05:42:21.084+0000][1][safepoint    ] Safepoint "RevokeBias", Time since last: 501491802 ns, Reaching safepoint: 74383 ns, At safepoint: 17563 ns, Total: 91946 ns
[2020-02-27T05:42:23.608+0000][1][safepoint    ] Safepoint "RevokeBias", Time since last: 2523560377 ns, Reaching safepoint: 77169 ns, At safepoint: 17880 ns, Total: 95049 ns
[2020-02-27T05:42:26.120+0000][1][safepoint    ] Safepoint "RevokeBias", Time since last: 2511514075 ns, Reaching safepoint: 71493 ns, At safepoint: 18510 ns, Total: 90003 ns
[2020-02-27T05:42:28.633+0000][1][safepoint    ] Safepoint "RevokeBias", Time since last: 2513272733 ns, Reaching safepoint: 72374 ns, At safepoint: 17689 ns, Total: 90063 ns
[2020-02-27T05:42:31.145+0000][1][safepoint    ] Safepoint "RevokeBias", Time since last: 2512073910 ns, Reaching safepoint: 73920 ns, At safepoint: 17918 ns, Total: 91838 ns
[2020-02-27T05:42:33.656+0000][1][safepoint    ] Safepoint "RevokeBias", Time since last: 2510253231 ns, Reaching safepoint: 71544 ns, At safepoint: 17880 ns, Total: 89424 ns
[2020-02-27T05:42:36.168+0000][1][safepoint    ] Safepoint "RevokeBias", Time since last: 2511899013 ns, Reaching safepoint: 74990 ns, At safepoint: 18075 ns, Total: 93065 ns
[2020-02-27T05:42:38.680+0000][1][safepoint    ] Safepoint "RevokeBias", Time since last: 2512435661 ns, Reaching safepoint: 71940 ns, At safepoint: 17948 ns, Total: 89888 ns
[2020-02-27T05:42:41.188+0000][1][safepoint    ] Safepoint "RevokeBias", Time since last: 2507781182 ns, Reaching safepoint: 72326 ns, At safepoint: 18538 ns, Total: 90864 ns
[2020-02-27T05:42:43.690+0000][1][safepoint    ] Safepoint "RevokeBias", Time since last: 2502222846 ns, Reaching safepoint: 134246 ns, At safepoint: 24760 ns, Total: 159006 ns
[2020-02-27T05:42:46.196+0000][1][safepoint    ] Safepoint "RevokeBias", Time since last: 2505091021 ns, Reaching safepoint: 168321 ns, At safepoint: 20725 ns, Total: 189046 ns
[2020-02-27T05:42:48.701+0000][1][safepoint    ] Safepoint "RevokeBias", Time since last: 2505219043 ns, Reaching safepoint: 102778 ns, At safepoint: 21782 ns, Total: 124560 ns
[2020-02-27T05:42:51.207+0000][1][safepoint    ] Safepoint "RevokeBias", Time since last: 2505801849 ns, Reaching safepoint: 139804 ns, At safepoint: 23717 ns, Total: 163521 ns
[2020-02-27T05:42:53.709+0000][1][safepoint    ] Safepoint "RevokeBias", Time since last: 2502263693 ns, Reaching safepoint: 80338 ns, At safepoint: 19483 ns, Total: 99821 ns
[2020-02-27T05:42:56.213+0000][1][safepoint    ] Safepoint "RevokeBias", Time since last: 2503663763 ns, Reaching safepoint: 121689 ns, At safepoint: 22049 ns, Total: 143738 ns
[2020-02-27T05:42:58.718+0000][1][safepoint    ] Safepoint "RevokeBias", Time since last: 2504494861 ns, Reaching safepoint: 244639 ns, At safepoint: 28631 ns, Total: 273270 ns
[2020-02-27T05:43:01.221+0000][1][safepoint    ] Safepoint "RevokeBias", Time since last: 2502835479 ns, Reaching safepoint: 191875 ns, At safepoint: 30365 ns, Total: 222240 ns
[2020-02-27T05:43:03.725+0000][1][safepoint    ] Safepoint "RevokeBias", Time since last: 2504386190 ns, Reaching safepoint: 73651 ns, At safepoint: 18450 ns, Total: 92101 ns
[2020-02-27T05:43:06.232+0000][1][safepoint    ] Safepoint "RevokeBias", Time since last: 2506820331 ns, Reaching safepoint: 154815 ns, At safepoint: 23756 ns, Total: 178571 ns
[2020-02-27T05:43:08.736+0000][1][safepoint    ] Safepoint "BulkRevokeBias", Time since last: 2503290270 ns, Reaching safepoint: 72793 ns, At safepoint: 231693 ns, Total: 304486 ns
[2020-02-27T05:43:11.240+0000][1][safepoint    ] Safepoint "RevokeBias", Time since last: 2503969678 ns, Reaching safepoint: 71799 ns, At safepoint: 17459 ns, Total: 89258 ns
[2020-02-27T05:43:13.744+0000][1][safepoint    ] Safepoint "RevokeBias", Time since last: 2504244174 ns, Reaching safepoint: 113157 ns, At safepoint: 18122 ns, Total: 131279 ns
[2020-02-27T05:43:16.251+0000][1][safepoint    ] Safepoint "RevokeBias", Time since last: 2506238522 ns, Reaching safepoint: 73447 ns, At safepoint: 17060 ns, Total: 90507 ns
[2020-02-27T05:43:18.754+0000][1][safepoint    ] Safepoint "RevokeBias", Time since last: 2503408998 ns, Reaching safepoint: 71918 ns, At safepoint: 17419 ns, Total: 89337 ns
[2020-02-27T05:43:20.758+0000][1][safepoint    ] Safepoint "Cleanup", Time since last: 2004020056 ns, Reaching safepoint: 84563 ns, At safepoint: 9789 ns, Total: 94352 ns
[2020-02-27T05:43:21.265+0000][1][safepoint    ] Safepoint "RevokeBias", Time since last: 506658418 ns, Reaching safepoint: 54352 ns, At safepoint: 16604 ns, Total: 70956 ns
[2020-02-27T05:43:23.774+0000][1][safepoint    ] Safepoint "RevokeBias", Time since last: 2508966868 ns, Reaching safepoint: 116534 ns, At safepoint: 19202 ns, Total: 135736 ns
[2020-02-27T05:43:26.300+0000][1][safepoint    ] Safepoint "RevokeBias", Time since last: 2525332938 ns, Reaching safepoint: 91247 ns, At safepoint: 17819 ns, Total: 109066 ns
[2020-02-27T05:43:28.300+0000][1][safepoint    ] Safepoint "Cleanup", Time since last: 2000604739 ns, Reaching safepoint: 106125 ns, At safepoint: 7953 ns, Total: 114078 ns
[2020-02-27T05:43:28.811+0000][1][safepoint    ] Safepoint "RevokeBias", Time since last: 510683664 ns, Reaching safepoint: 131238 ns, At safepoint: 99334 ns, Total: 230572 ns
[2020-02-27T05:43:31.330+0000][1][safepoint    ] Safepoint "RevokeBias", Time since last: 2518415071 ns, Reaching safepoint: 72760 ns, At safepoint: 17175 ns, Total: 89935 ns
[2020-02-27T05:43:33.839+0000][1][safepoint    ] Safepoint "RevokeBias", Time since last: 2508722064 ns, Reaching safepoint: 72377 ns, At safepoint: 20290 ns, Total: 92667 ns
[2020-02-27T05:43:36.353+0000][1][safepoint    ] Safepoint "RevokeBias", Time since last: 2514523409 ns, Reaching safepoint: 88997 ns, At safepoint: 17187 ns, Total: 106184 ns
[2020-02-27T05:43:38.864+0000][1][safepoint    ] Safepoint "RevokeBias", Time since last: 2510604432 ns, Reaching safepoint: 73129 ns, At safepoint: 17776 ns, Total: 90905 ns
[2020-02-27T05:43:41.367+0000][1][safepoint    ] Safepoint "RevokeBias", Time since last: 2502688141 ns, Reaching safepoint: 82204 ns, At safepoint: 20637 ns, Total: 102841 ns
[2020-02-27T05:43:43.870+0000][1][safepoint    ] Safepoint "RevokeBias", Time since last: 2503611073 ns, Reaching safepoint: 74503 ns, At safepoint: 17877 ns, Total: 92380 ns
[2020-02-27T05:43:46.375+0000][1][safepoint    ] Safepoint "RevokeBias", Time since last: 2504491513 ns, Reaching safepoint: 73027 ns, At safepoint: 17902 ns, Total: 90929 ns
[2020-02-27T05:43:48.880+0000][1][safepoint    ] Safepoint "RevokeBias", Time since last: 2505244368 ns, Reaching safepoint: 75760 ns, At safepoint: 18130 ns, Total: 93890 ns
[2020-02-27T05:43:51.385+0000][1][safepoint    ] Safepoint "RevokeBias", Time since last: 2504341871 ns, Reaching safepoint: 71946 ns, At safepoint: 17630 ns, Total: 89576 ns
[2020-02-27T05:43:53.895+0000][1][safepoint    ] Safepoint "RevokeBias", Time since last: 2510468896 ns, Reaching safepoint: 74725 ns, At safepoint: 18685 ns, Total: 93410 ns
[2020-02-27T05:43:56.410+0000][1][safepoint    ] Safepoint "RevokeBias", Time since last: 2514464879 ns, Reaching safepoint: 85929 ns, At safepoint: 21661 ns, Total: 107590 ns
[2020-02-27T05:43:58.914+0000][1][safepoint    ] Safepoint "RevokeBias", Time since last: 2504032527 ns, Reaching safepoint: 90230 ns, At safepoint: 20245 ns, Total: 110475 ns
[2020-02-27T05:44:01.418+0000][1][safepoint    ] Safepoint "RevokeBias", Time since last: 2503954258 ns, Reaching safepoint: 85002 ns, At safepoint: 21071 ns, Total: 106073 ns
[2020-02-27T05:44:03.922+0000][1][safepoint    ] Safepoint "RevokeBias", Time since last: 2503578981 ns, Reaching safepoint: 95381 ns, At safepoint: 18756 ns, Total: 114137 ns
[2020-02-27T05:44:06.428+0000][1][safepoint    ] Safepoint "RevokeBias", Time since last: 2506611805 ns, Reaching safepoint: 73058 ns, At safepoint: 17409 ns, Total: 90467 ns
[2020-02-27T05:44:08.265+0000][1][gc,start     ] GC(61) Pause Young (Allocation Failure)
[2020-02-27T05:44:08.265+0000][1][gc,task      ] GC(61) Using 1 workers of 1 for evacuation
[2020-02-27T05:44:08.282+0000][1][gc,age       ] GC(61) Desired survivor size 4358144 bytes, new threshold 6 (max threshold 6)
[2020-02-27T05:44:08.282+0000][1][gc,age       ] GC(61) Age table with threshold 6 (max threshold 6)
[2020-02-27T05:44:08.282+0000][1][gc,age       ] GC(61) - age   1:      13632 bytes,      13632 total
[2020-02-27T05:44:08.282+0000][1][gc,age       ] GC(61) - age   2:        264 bytes,      13896 total
[2020-02-27T05:44:08.282+0000][1][gc,age       ] GC(61) - age   3:        320 bytes,      14216 total
[2020-02-27T05:44:08.282+0000][1][gc,age       ] GC(61) - age   4:        664 bytes,      14880 total
[2020-02-27T05:44:08.282+0000][1][gc,age       ] GC(61) - age   5:      17176 bytes,      32056 total
[2020-02-27T05:44:08.282+0000][1][gc,age       ] GC(61) - age   6:      12568 bytes,      44624 total
[2020-02-27T05:44:08.282+0000][1][gc,heap      ] GC(61) ParNew: 68238K->52K(76672K)
[2020-02-27T05:44:08.282+0000][1][gc,heap      ] GC(61) CMS: 62458K->62459K(963392K)
[2020-02-27T05:44:08.282+0000][1][gc,metaspace ] GC(61) Metaspace: 79670K->79670K(1122304K)
[2020-02-27T05:44:08.282+0000][1][gc           ] GC(61) Pause Young (Allocation Failure) 127M->61M(1015M) 16.590ms
[2020-02-27T05:44:08.282+0000][1][gc,cpu       ] GC(61) User=0.01s Sys=0.00s Real=0.02s
[2020-02-27T05:44:08.282+0000][1][safepoint    ] Safepoint "GenCollectForAllocation", Time since last: 1836688058 ns, Reaching safepoint: 70988 ns, At safepoint: 16659995 ns, Total: 16730983 ns
[2020-02-27T05:44:08.934+0000][1][safepoint    ] Safepoint "RevokeBias", Time since last: 652009576 ns, Reaching safepoint: 70808 ns, At safepoint: 17377 ns, Total: 88185 ns
[2020-02-27T05:44:11.437+0000][1][safepoint    ] Safepoint "RevokeBias", Time since last: 2502708315 ns, Reaching safepoint: 72960 ns, At safepoint: 17651 ns, Total: 90611 ns
[2020-02-27T05:44:14.140+0000][1][safepoint    ] Safepoint "RevokeBias", Time since last: 2702653888 ns, Reaching safepoint: 116730 ns, At safepoint: 30389 ns, Total: 147119 ns
[2020-02-27T05:44:16.646+0000][1][safepoint    ] Safepoint "RevokeBias", Time since last: 2506481051 ns, Reaching safepoint: 115969 ns, At safepoint: 29261 ns, Total: 145230 ns
[2020-02-27T05:44:19.217+0000][1][safepoint    ] Safepoint "RevokeBias", Time since last: 2570443300 ns, Reaching safepoint: 194198 ns, At safepoint: 20307 ns, Total: 214505 ns
[2020-02-27T05:44:20.218+0000][1][safepoint    ] Safepoint "Cleanup", Time since last: 1000936634 ns, Reaching safepoint: 122477 ns, At safepoint: 26686 ns, Total: 149163 ns
[2020-02-27T05:44:21.731+0000][1][safepoint    ] Safepoint "BulkRevokeBias", Time since last: 1512997525 ns, Reaching safepoint: 82470 ns, At safepoint: 244935 ns, Total: 327405 ns
[2020-02-27T05:44:24.285+0000][1][safepoint    ] Safepoint "RevokeBias", Time since last: 2553651673 ns, Reaching safepoint: 223073 ns, At safepoint: 20333 ns, Total: 243406 ns
[2020-02-27T05:44:26.824+0000][1][safepoint    ] Safepoint "RevokeBias", Time since last: 2538756887 ns, Reaching safepoint: 111786 ns, At safepoint: 27917 ns, Total: 139703 ns
[2020-02-27T05:44:28.975+0000][1][safepoint    ] Safepoint "Cleanup", Time since last: 2151035746 ns, Reaching safepoint: 249848 ns, At safepoint: 7366 ns, Total: 257214 ns
[2020-02-27T05:44:29.337+0000][1][safepoint    ] Safepoint "RevokeBias", Time since last: 361895676 ns, Reaching safepoint: 71969 ns, At safepoint: 51558 ns, Total: 123527 ns
[2020-02-27T05:44:31.844+0000][1][safepoint    ] Safepoint "RevokeBias", Time since last: 2506768764 ns, Reaching safepoint: 151143 ns, At safepoint: 19382 ns, Total: 170525 ns
[2020-02-27T05:44:34.357+0000][1][safepoint    ] Safepoint "RevokeBias", Time since last: 2512600726 ns, Reaching safepoint: 53994 ns, At safepoint: 15304 ns, Total: 69298 ns
[2020-02-27T05:44:36.868+0000][1][safepoint    ] Safepoint "RevokeBias", Time since last: 2511132583 ns, Reaching safepoint: 79410 ns, At safepoint: 19294 ns, Total: 98704 ns
[2020-02-27T05:44:39.377+0000][1][safepoint    ] Safepoint "RevokeBias", Time since last: 2507941879 ns, Reaching safepoint: 1174207 ns, At safepoint: 21111 ns, Total: 1195318 ns
[2020-02-27T05:44:40.381+0000][1][safepoint    ] Safepoint "Cleanup", Time since last: 1003693652 ns, Reaching safepoint: 141661 ns, At safepoint: 25926 ns, Total: 167587 ns
[2020-02-27T05:44:41.879+0000][1][safepoint    ] Safepoint "RevokeBias", Time since last: 1497420427 ns, Reaching safepoint: 110824 ns, At safepoint: 30958 ns, Total: 141782 ns
[2020-02-27T05:44:44.384+0000][1][safepoint    ] Safepoint "RevokeBias", Time since last: 2505182647 ns, Reaching safepoint: 148393 ns, At safepoint: 36075 ns, Total: 184468 ns
[2020-02-27T05:44:46.890+0000][1][safepoint    ] Safepoint "RevokeBias", Time since last: 2505510089 ns, Reaching safepoint: 77475 ns, At safepoint: 18405 ns, Total: 95880 ns
[2020-02-27T05:44:49.395+0000][1][safepoint    ] Safepoint "RevokeBias", Time since last: 2504814623 ns, Reaching safepoint: 73152 ns, At safepoint: 17635 ns, Total: 90787 ns
[2020-02-27T05:44:51.901+0000][1][safepoint    ] Safepoint "RevokeBias", Time since last: 2506081870 ns, Reaching safepoint: 72286 ns, At safepoint: 17397 ns, Total: 89683 ns
[2020-02-27T05:44:54.405+0000][1][safepoint    ] Safepoint "RevokeBias", Time since last: 2503841944 ns, Reaching safepoint: 94587 ns, At safepoint: 21091 ns, Total: 115678 ns
[2020-02-27T05:44:56.911+0000][1][safepoint    ] Safepoint "RevokeBias", Time since last: 2505637869 ns, Reaching safepoint: 118597 ns, At safepoint: 19737 ns, Total: 138334 ns
[2020-02-27T05:44:59.415+0000][1][safepoint    ] Safepoint "RevokeBias", Time since last: 2504676497 ns, Reaching safepoint: 84191 ns, At safepoint: 21203 ns, Total: 105394 ns
[2020-02-27T05:45:01.919+0000][1][safepoint    ] Safepoint "RevokeBias", Time since last: 2503581286 ns, Reaching safepoint: 72677 ns, At safepoint: 17589 ns, Total: 90266 ns
[2020-02-27T05:45:04.423+0000][1][safepoint    ] Safepoint "RevokeBias", Time since last: 2503769229 ns, Reaching safepoint: 117787 ns, At safepoint: 24408 ns, Total: 142195 ns
[2020-02-27T05:45:06.929+0000][1][safepoint    ] Safepoint "RevokeBias", Time since last: 2505736436 ns, Reaching safepoint: 54807 ns, At safepoint: 16276 ns, Total: 71083 ns
[2020-02-27T05:45:09.435+0000][1][safepoint    ] Safepoint "RevokeBias", Time since last: 2506624249 ns, Reaching safepoint: 76511 ns, At safepoint: 17436 ns, Total: 93947 ns
[2020-02-27T05:45:11.954+0000][1][safepoint    ] Safepoint "RevokeBias", Time since last: 2518757022 ns, Reaching safepoint: 54353 ns, At safepoint: 15308 ns, Total: 69661 ns
[2020-02-27T05:45:14.466+0000][1][safepoint    ] Safepoint "RevokeBias", Time since last: 2511897489 ns, Reaching safepoint: 83452 ns, At safepoint: 20333 ns, Total: 103785 ns
[2020-02-27T05:45:16.978+0000][1][safepoint    ] Safepoint "RevokeBias", Time since last: 2511513550 ns, Reaching safepoint: 71067 ns, At safepoint: 17110 ns, Total: 88177 ns
[2020-02-27T05:45:19.490+0000][1][safepoint    ] Safepoint "RevokeBias", Time since last: 2511578091 ns, Reaching safepoint: 74904 ns, At safepoint: 70762 ns, Total: 145666 ns
[2020-02-27T05:45:21.491+0000][1][safepoint    ] Safepoint "Cleanup", Time since last: 2001667308 ns, Reaching safepoint: 80000 ns, At safepoint: 6958 ns, Total: 86958 ns
[2020-02-27T05:45:22.009+0000][1][safepoint    ] Safepoint "RevokeBias", Time since last: 517089661 ns, Reaching safepoint: 79055 ns, At safepoint: 18642 ns, Total: 97697 ns
[2020-02-27T05:45:24.521+0000][1][safepoint    ] Safepoint "RevokeBias", Time since last: 2511871152 ns, Reaching safepoint: 74533 ns, At safepoint: 18138 ns, Total: 92671 ns
[2020-02-27T05:45:27.033+0000][1][safepoint    ] Safepoint "RevokeBias", Time since last: 2512011045 ns, Reaching safepoint: 58652 ns, At safepoint: 60877 ns, Total: 119529 ns
[2020-02-27T05:45:29.550+0000][1][safepoint    ] Safepoint "RevokeBias", Time since last: 2517212430 ns, Reaching safepoint: 284187 ns, At safepoint: 22746 ns, Total: 306933 ns
[2020-02-27T05:45:32.057+0000][1][safepoint    ] Safepoint "RevokeBias", Time since last: 2507005646 ns, Reaching safepoint: 55811 ns, At safepoint: 15531 ns, Total: 71342 ns
[2020-02-27T05:45:34.571+0000][1][safepoint    ] Safepoint "BulkRevokeBias", Time since last: 2513739324 ns, Reaching safepoint: 91676 ns, At safepoint: 290299 ns, Total: 381975 ns
[2020-02-27T05:45:37.077+0000][1][safepoint    ] Safepoint "RevokeBias", Time since last: 2506028112 ns, Reaching safepoint: 74885 ns, At safepoint: 18130 ns, Total: 93015 ns
[2020-02-27T05:45:39.583+0000][1][safepoint    ] Safepoint "RevokeBias", Time since last: 2505722997 ns, Reaching safepoint: 100240 ns, At safepoint: 20913 ns, Total: 121153 ns
[2020-02-27T05:45:42.088+0000][1][safepoint    ] Safepoint "RevokeBias", Time since last: 2504912332 ns, Reaching safepoint: 221145 ns, At safepoint: 23458 ns, Total: 244603 ns
[2020-02-27T05:45:44.594+0000][1][safepoint    ] Safepoint "RevokeBias", Time since last: 2505466377 ns, Reaching safepoint: 96651 ns, At safepoint: 19323 ns, Total: 115974 ns
[2020-02-27T05:45:47.097+0000][1][safepoint    ] Safepoint "RevokeBias", Time since last: 2503294676 ns, Reaching safepoint: 74500 ns, At safepoint: 18574 ns, Total: 93074 ns
[2020-02-27T05:45:49.610+0000][1][safepoint    ] Safepoint "RevokeBias", Time since last: 2512357167 ns, Reaching safepoint: 89190 ns, At safepoint: 20752 ns, Total: 109942 ns
[2020-02-27T05:45:52.118+0000][1][safepoint    ] Safepoint "RevokeBias", Time since last: 2507666047 ns, Reaching safepoint: 85862 ns, At safepoint: 21175 ns, Total: 107037 ns
[2020-02-27T05:45:54.631+0000][1][safepoint    ] Safepoint "RevokeBias", Time since last: 2512753729 ns, Reaching safepoint: 96595 ns, At safepoint: 24426 ns, Total: 121021 ns
[2020-02-27T05:45:57.143+0000][1][safepoint    ] Safepoint "RevokeBias", Time since last: 2511862697 ns, Reaching safepoint: 162348 ns, At safepoint: 25194 ns, Total: 187542 ns
[2020-02-27T05:45:59.672+0000][1][safepoint    ] Safepoint "RevokeBias", Time since last: 2529575321 ns, Reaching safepoint: 96093 ns, At safepoint: 21757 ns, Total: 117850 ns
[2020-02-27T05:46:02.186+0000][1][safepoint    ] Safepoint "RevokeBias", Time since last: 2513924844 ns, Reaching safepoint: 74463 ns, At safepoint: 17507 ns, Total: 91970 ns
[2020-02-27T05:46:04.702+0000][1][safepoint    ] Safepoint "RevokeBias", Time since last: 2515424133 ns, Reaching safepoint: 110206 ns, At safepoint: 28304 ns, Total: 138510 ns
[2020-02-27T05:46:07.214+0000][1][safepoint    ] Safepoint "RevokeBias", Time since last: 2511861386 ns, Reaching safepoint: 75723 ns, At safepoint: 18334 ns, Total: 94057 ns
[2020-02-27T05:46:09.720+0000][1][safepoint    ] Safepoint "RevokeBias", Time since last: 2505590561 ns, Reaching safepoint: 84167 ns, At safepoint: 20556 ns, Total: 104723 ns
[2020-02-27T05:46:12.223+0000][1][safepoint    ] Safepoint "RevokeBias", Time since last: 2502976347 ns, Reaching safepoint: 75840 ns, At safepoint: 18602 ns, Total: 94442 ns
[2020-02-27T05:46:14.728+0000][1][safepoint    ] Safepoint "RevokeBias", Time since last: 2505044044 ns, Reaching safepoint: 75088 ns, At safepoint: 18316 ns, Total: 93404 ns
[2020-02-27T05:46:17.352+0000][1][safepoint    ] Safepoint "RevokeBias", Time since last: 2624510207 ns, Reaching safepoint: 74021 ns, At safepoint: 18262 ns, Total: 92283 ns
[2020-02-27T05:46:19.862+0000][1][safepoint    ] Safepoint "RevokeBias", Time since last: 2509642301 ns, Reaching safepoint: 153923 ns, At safepoint: 20976 ns, Total: 174899 ns
[2020-02-27T05:46:22.366+0000][1][safepoint    ] Safepoint "RevokeBias", Time since last: 2503933372 ns, Reaching safepoint: 72737 ns, At safepoint: 18042 ns, Total: 90779 ns
[2020-02-27T05:46:23.435+0000][1][gc,start     ] GC(62) Pause Young (Allocation Failure)
[2020-02-27T05:46:23.435+0000][1][gc,task      ] GC(62) Using 1 workers of 1 for evacuation
[2020-02-27T05:46:23.550+0000][1][gc,age       ] GC(62) Desired survivor size 4358144 bytes, new threshold 6 (max threshold 6)
[2020-02-27T05:46:23.550+0000][1][gc,age       ] GC(62) Age table with threshold 6 (max threshold 6)
[2020-02-27T05:46:23.550+0000][1][gc,age       ] GC(62) - age   1:      11064 bytes,      11064 total
[2020-02-27T05:46:23.550+0000][1][gc,age       ] GC(62) - age   2:       1864 bytes,      12928 total
[2020-02-27T05:46:23.550+0000][1][gc,age       ] GC(62) - age   3:        264 bytes,      13192 total
[2020-02-27T05:46:23.550+0000][1][gc,age       ] GC(62) - age   4:        320 bytes,      13512 total
[2020-02-27T05:46:23.550+0000][1][gc,age       ] GC(62) - age   5:        664 bytes,      14176 total
[2020-02-27T05:46:23.550+0000][1][gc,age       ] GC(62) - age   6:      17176 bytes,      31352 total
[2020-02-27T05:46:23.550+0000][1][gc,heap      ] GC(62) ParNew: 68212K->39K(76672K)
[2020-02-27T05:46:23.550+0000][1][gc,heap      ] GC(62) CMS: 62459K->62471K(963392K)
[2020-02-27T05:46:23.550+0000][1][gc,metaspace ] GC(62) Metaspace: 79672K->79672K(1122304K)
[2020-02-27T05:46:23.550+0000][1][gc           ] GC(62) Pause Young (Allocation Failure) 127M->61M(1015M) 115.254ms
[2020-02-27T05:46:23.550+0000][1][gc,cpu       ] GC(62) User=0.01s Sys=0.00s Real=0.11s
[2020-02-27T05:46:23.550+0000][1][safepoint    ] Safepoint "GenCollectForAllocation", Time since last: 1068797930 ns, Reaching safepoint: 72814 ns, At safepoint: 115308340 ns, Total: 115381154 ns
[2020-02-27T05:46:24.871+0000][1][safepoint    ] Safepoint "RevokeBias", Time since last: 1320400034 ns, Reaching safepoint: 70898 ns, At safepoint: 17392 ns, Total: 88290 ns
[2020-02-27T05:46:27.377+0000][1][safepoint    ] Safepoint "RevokeBias", Time since last: 2505560131 ns, Reaching safepoint: 72236 ns, At safepoint: 18302 ns, Total: 90538 ns
[2020-02-27T05:46:29.883+0000][1][safepoint    ] Safepoint "RevokeBias", Time since last: 2506713301 ns, Reaching safepoint: 90140 ns, At safepoint: 20734 ns, Total: 110874 ns
[2020-02-27T05:46:32.387+0000][1][safepoint    ] Safepoint "RevokeBias", Time since last: 2503123684 ns, Reaching safepoint: 107882 ns, At safepoint: 21439 ns, Total: 129321 ns
[2020-02-27T05:46:34.891+0000][1][safepoint    ] Safepoint "RevokeBias", Time since last: 2503935622 ns, Reaching safepoint: 74960 ns, At safepoint: 18425 ns, Total: 93385 ns
[2020-02-27T05:46:37.395+0000][1][safepoint    ] Safepoint "RevokeBias", Time since last: 2504211872 ns, Reaching safepoint: 74469 ns, At safepoint: 18580 ns, Total: 93049 ns
[2020-02-27T05:46:39.902+0000][1][safepoint    ] Safepoint "RevokeBias", Time since last: 2506856978 ns, Reaching safepoint: 186601 ns, At safepoint: 35212 ns, Total: 221813 ns
[2020-02-27T05:46:42.408+0000][1][safepoint    ] Safepoint "RevokeBias", Time since last: 2506241854 ns, Reaching safepoint: 75943 ns, At safepoint: 17452 ns, Total: 93395 ns
[2020-02-27T05:46:44.914+0000][1][safepoint    ] Safepoint "RevokeBias", Time since last: 2505409041 ns, Reaching safepoint: 78018 ns, At safepoint: 19021 ns, Total: 97039 ns
[2020-02-27T05:46:47.420+0000][1][safepoint    ] Safepoint "BulkRevokeBias", Time since last: 2505678473 ns, Reaching safepoint: 74795 ns, At safepoint: 243722 ns, Total: 318517 ns
[2020-02-27T05:46:48.420+0000][1][safepoint    ] Safepoint "Cleanup", Time since last: 1000340234 ns, Reaching safepoint: 80097 ns, At safepoint: 7177 ns, Total: 87274 ns
[2020-02-27T05:46:49.942+0000][1][safepoint    ] Safepoint "RevokeBias", Time since last: 1520424206 ns, Reaching safepoint: 1166801 ns, At safepoint: 22498 ns, Total: 1189299 ns
[2020-02-27T05:46:52.453+0000][1][safepoint    ] Safepoint "RevokeBias", Time since last: 2510650928 ns, Reaching safepoint: 90790 ns, At safepoint: 17022 ns, Total: 107812 ns
[2020-02-27T05:46:54.967+0000][1][safepoint    ] Safepoint "RevokeBias", Time since last: 2514223612 ns, Reaching safepoint: 77677 ns, At safepoint: 18897 ns, Total: 96574 ns
[2020-02-27T05:46:57.481+0000][1][safepoint    ] Safepoint "RevokeBias", Time since last: 2514375779 ns, Reaching safepoint: 73027 ns, At safepoint: 16892 ns, Total: 89919 ns
[2020-02-27T05:47:00.017+0000][1][safepoint    ] Safepoint "RevokeBias", Time since last: 2535685311 ns, Reaching safepoint: 88457 ns, At safepoint: 21222 ns, Total: 109679 ns
[2020-02-27T05:47:02.525+0000][1][safepoint    ] Safepoint "RevokeBias", Time since last: 2507469690 ns, Reaching safepoint: 76178 ns, At safepoint: 17867 ns, Total: 94045 ns
[2020-02-27T05:47:05.035+0000][1][safepoint    ] Safepoint "RevokeBias", Time since last: 2510283515 ns, Reaching safepoint: 182010 ns, At safepoint: 21071 ns, Total: 203081 ns
[2020-02-27T05:47:07.552+0000][1][safepoint    ] Safepoint "RevokeBias", Time since last: 2516571601 ns, Reaching safepoint: 74021 ns, At safepoint: 18189 ns, Total: 92210 ns
[2020-02-27T05:47:10.064+0000][1][safepoint    ] Safepoint "RevokeBias", Time since last: 2511912393 ns, Reaching safepoint: 100772 ns, At safepoint: 23444 ns, Total: 124216 ns
[2020-02-27T05:47:12.568+0000][1][safepoint    ] Safepoint "RevokeBias", Time since last: 2504237970 ns, Reaching safepoint: 86914 ns, At safepoint: 21597 ns, Total: 108511 ns
[2020-02-27T05:47:15.075+0000][1][safepoint    ] Safepoint "RevokeBias", Time since last: 2506288202 ns, Reaching safepoint: 157053 ns, At safepoint: 54940 ns, Total: 211993 ns
[2020-02-27T05:47:17.580+0000][1][safepoint    ] Safepoint "RevokeBias", Time since last: 2504596233 ns, Reaching safepoint: 70464 ns, At safepoint: 17526 ns, Total: 87990 ns
[2020-02-27T05:47:20.086+0000][1][safepoint    ] Safepoint "RevokeBias", Time since last: 2506715894 ns, Reaching safepoint: 114291 ns, At safepoint: 18571 ns, Total: 132862 ns
[2020-02-27T05:47:22.589+0000][1][safepoint    ] Safepoint "RevokeBias", Time since last: 2502789765 ns, Reaching safepoint: 148367 ns, At safepoint: 19123 ns, Total: 167490 ns
[2020-02-27T05:47:25.092+0000][1][safepoint    ] Safepoint "RevokeBias", Time since last: 2503019373 ns, Reaching safepoint: 72482 ns, At safepoint: 17863 ns, Total: 90345 ns
[2020-02-27T05:47:27.601+0000][1][safepoint    ] Safepoint "RevokeBias", Time since last: 2508030119 ns, Reaching safepoint: 71497 ns, At safepoint: 71496 ns, Total: 142993 ns
[2020-02-27T05:47:30.106+0000][1][safepoint    ] Safepoint "RevokeBias", Time since last: 2505171394 ns, Reaching safepoint: 83916 ns, At safepoint: 19701 ns, Total: 103617 ns
[2020-02-27T05:47:32.610+0000][1][safepoint    ] Safepoint "RevokeBias", Time since last: 2504097565 ns, Reaching safepoint: 114817 ns, At safepoint: 28320 ns, Total: 143137 ns
[2020-02-27T05:47:35.117+0000][1][safepoint    ] Safepoint "RevokeBias", Time since last: 2506514195 ns, Reaching safepoint: 108878 ns, At safepoint: 27765 ns, Total: 136643 ns
[2020-02-27T05:47:37.624+0000][1][safepoint    ] Safepoint "RevokeBias", Time since last: 2506714186 ns, Reaching safepoint: 117363 ns, At safepoint: 20420 ns, Total: 137783 ns
[2020-02-27T05:47:40.141+0000][1][safepoint    ] Safepoint "RevokeBias", Time since last: 2517365435 ns, Reaching safepoint: 88683 ns, At safepoint: 20830 ns, Total: 109513 ns
[2020-02-27T05:47:42.658+0000][1][safepoint    ] Safepoint "RevokeBias", Time since last: 2516691010 ns, Reaching safepoint: 72872 ns, At safepoint: 17838 ns, Total: 90710 ns
[2020-02-27T05:47:45.177+0000][1][safepoint    ] Safepoint "RevokeBias", Time since last: 2519023271 ns, Reaching safepoint: 72256 ns, At safepoint: 16854 ns, Total: 89110 ns
[2020-02-27T05:47:47.689+0000][1][safepoint    ] Safepoint "RevokeBias", Time since last: 2511437111 ns, Reaching safepoint: 73170 ns, At safepoint: 17324 ns, Total: 90494 ns
[2020-02-27T05:47:50.205+0000][1][safepoint    ] Safepoint "RevokeBias", Time since last: 2516162959 ns, Reaching safepoint: 156787 ns, At safepoint: 19214 ns, Total: 176001 ns
[2020-02-27T05:47:52.716+0000][1][safepoint    ] Safepoint "RevokeBias", Time since last: 2510847976 ns, Reaching safepoint: 132309 ns, At safepoint: 22828 ns, Total: 155137 ns
[2020-02-27T05:47:55.228+0000][1][safepoint    ] Safepoint "RevokeBias", Time since last: 2511748966 ns, Reaching safepoint: 89750 ns, At safepoint: 17480 ns, Total: 107230 ns
[2020-02-27T05:47:57.737+0000][1][safepoint    ] Safepoint "RevokeBias", Time since last: 2509171938 ns, Reaching safepoint: 136282 ns, At safepoint: 45021 ns, Total: 181303 ns
[2020-02-27T05:48:00.243+0000][1][safepoint    ] Safepoint "BulkRevokeBias", Time since last: 2505813446 ns, Reaching safepoint: 75147 ns, At safepoint: 186341 ns, Total: 261488 ns
[2020-02-27T05:48:02.747+0000][1][safepoint    ] Safepoint "RevokeBias", Time since last: 2504047085 ns, Reaching safepoint: 71282 ns, At safepoint: 17309 ns, Total: 88591 ns
[2020-02-27T05:48:05.255+0000][1][safepoint    ] Safepoint "RevokeBias", Time since last: 2507234446 ns, Reaching safepoint: 85097 ns, At safepoint: 20660 ns, Total: 105757 ns
[2020-02-27T05:48:07.761+0000][1][safepoint    ] Safepoint "RevokeBias", Time since last: 2506090394 ns, Reaching safepoint: 159002 ns, At safepoint: 23075 ns, Total: 182077 ns
[2020-02-27T05:48:10.267+0000][1][safepoint    ] Safepoint "RevokeBias", Time since last: 2505933037 ns, Reaching safepoint: 84029 ns, At safepoint: 20106 ns, Total: 104135 ns
[2020-02-27T05:48:12.769+0000][1][safepoint    ] Safepoint "RevokeBias", Time since last: 2501740542 ns, Reaching safepoint: 112788 ns, At safepoint: 22259 ns, Total: 135047 ns
[2020-02-27T05:48:15.275+0000][1][safepoint    ] Safepoint "RevokeBias", Time since last: 2506105952 ns, Reaching safepoint: 74099 ns, At safepoint: 16796 ns, Total: 90895 ns
[2020-02-27T05:48:17.781+0000][1][safepoint    ] Safepoint "RevokeBias", Time since last: 2505936371 ns, Reaching safepoint: 183049 ns, At safepoint: 29985 ns, Total: 213034 ns
[2020-02-27T05:48:20.288+0000][1][safepoint    ] Safepoint "RevokeBias", Time since last: 2507087598 ns, Reaching safepoint: 108687 ns, At safepoint: 26399 ns, Total: 135086 ns
[2020-02-27T05:48:22.793+0000][1][safepoint    ] Safepoint "RevokeBias", Time since last: 2504802040 ns, Reaching safepoint: 73111 ns, At safepoint: 17770 ns, Total: 90881 ns
[2020-02-27T05:48:25.296+0000][1][safepoint    ] Safepoint "RevokeBias", Time since last: 2502908269 ns, Reaching safepoint: 72951 ns, At safepoint: 17190 ns, Total: 90141 ns
[2020-02-27T05:48:27.801+0000][1][safepoint    ] Safepoint "RevokeBias", Time since last: 2504904339 ns, Reaching safepoint: 73460 ns, At safepoint: 17812 ns, Total: 91272 ns
[2020-02-27T05:48:30.308+0000][1][safepoint    ] Safepoint "RevokeBias", Time since last: 2506153805 ns, Reaching safepoint: 80575 ns, At safepoint: 17994 ns, Total: 98569 ns
[2020-02-27T05:48:32.821+0000][1][safepoint    ] Safepoint "RevokeBias", Time since last: 2513795680 ns, Reaching safepoint: 78097 ns, At safepoint: 19137 ns, Total: 97234 ns
[2020-02-27T05:48:35.333+0000][1][safepoint    ] Safepoint "RevokeBias", Time since last: 2511085687 ns, Reaching safepoint: 85716 ns, At safepoint: 21215 ns, Total: 106931 ns
[2020-02-27T05:48:37.854+0000][1][safepoint    ] Safepoint "RevokeBias", Time since last: 2520886554 ns, Reaching safepoint: 75363 ns, At safepoint: 17982 ns, Total: 93345 ns
[2020-02-27T05:48:40.364+0000][1][safepoint    ] Safepoint "RevokeBias", Time since last: 2510584979 ns, Reaching safepoint: 111312 ns, At safepoint: 27746 ns, Total: 139058 ns
[2020-02-27T05:48:42.875+0000][1][safepoint    ] Safepoint "RevokeBias", Time since last: 2510790604 ns, Reaching safepoint: 73233 ns, At safepoint: 18203 ns, Total: 91436 ns
[2020-02-27T05:48:43.451+0000][1][gc,start     ] GC(63) Pause Young (Allocation Failure)
[2020-02-27T05:48:43.451+0000][1][gc,task      ] GC(63) Using 1 workers of 1 for evacuation
[2020-02-27T05:48:43.463+0000][1][gc,age       ] GC(63) Desired survivor size 4358144 bytes, new threshold 6 (max threshold 6)
[2020-02-27T05:48:43.463+0000][1][gc,age       ] GC(63) Age table with threshold 6 (max threshold 6)
[2020-02-27T05:48:43.463+0000][1][gc,age       ] GC(63) - age   1:      10928 bytes,      10928 total
[2020-02-27T05:48:43.463+0000][1][gc,age       ] GC(63) - age   2:        304 bytes,      11232 total
[2020-02-27T05:48:43.463+0000][1][gc,age       ] GC(63) - age   3:       1864 bytes,      13096 total
[2020-02-27T05:48:43.463+0000][1][gc,age       ] GC(63) - age   4:        264 bytes,      13360 total
[2020-02-27T05:48:43.463+0000][1][gc,age       ] GC(63) - age   5:        320 bytes,      13680 total
[2020-02-27T05:48:43.463+0000][1][gc,age       ] GC(63) - age   6:        664 bytes,      14344 total
[2020-02-27T05:48:43.463+0000][1][gc,heap      ] GC(63) ParNew: 68199K->32K(76672K)
[2020-02-27T05:48:43.463+0000][1][gc,heap      ] GC(63) CMS: 62471K->62488K(963392K)
[2020-02-27T05:48:43.463+0000][1][gc,metaspace ] GC(63) Metaspace: 79673K->79673K(1122304K)
[2020-02-27T05:48:43.463+0000][1][gc           ] GC(63) Pause Young (Allocation Failure) 127M->61M(1015M) 11.527ms
[2020-02-27T05:48:43.463+0000][1][gc,cpu       ] GC(63) User=0.02s Sys=0.00s Real=0.01s
[2020-02-27T05:48:43.463+0000][1][safepoint    ] Safepoint "GenCollectForAllocation", Time since last: 575848679 ns, Reaching safepoint: 76280 ns, At safepoint: 11604433 ns, Total: 11680713 ns
[2020-02-27T05:48:45.387+0000][1][safepoint    ] Safepoint "RevokeBias", Time since last: 1924264114 ns, Reaching safepoint: 71758 ns, At safepoint: 18021 ns, Total: 89779 ns
[2020-02-27T05:48:47.899+0000][1][safepoint    ] Safepoint "RevokeBias", Time since last: 2511543580 ns, Reaching safepoint: 89540 ns, At safepoint: 20036 ns, Total: 109576 ns
[2020-02-27T05:48:49.397+0000][1][safepoint    ] Safepoint "Cleanup", Time since last: 1497701180 ns, Reaching safepoint: 88874 ns, At safepoint: 7644 ns, Total: 96518 ns
[2020-02-27T05:48:50.411+0000][1][safepoint    ] Safepoint "RevokeBias", Time since last: 1013942677 ns, Reaching safepoint: 73500 ns, At safepoint: 18197 ns, Total: 91697 ns
[2020-02-27T05:48:52.924+0000][1][safepoint    ] Safepoint "RevokeBias", Time since last: 2513052478 ns, Reaching safepoint: 95720 ns, At safepoint: 17050 ns, Total: 112770 ns
[2020-02-27T05:48:55.430+0000][1][safepoint    ] Safepoint "RevokeBias", Time since last: 2506383832 ns, Reaching safepoint: 85071 ns, At safepoint: 20773 ns, Total: 105844 ns
[2020-02-27T05:48:57.934+0000][1][safepoint    ] Safepoint "RevokeBias", Time since last: 2504043341 ns, Reaching safepoint: 112967 ns, At safepoint: 26862 ns, Total: 139829 ns
[2020-02-27T05:48:58.940+0000][1][safepoint    ] Safepoint "Cleanup", Time since last: 1005412246 ns, Reaching safepoint: 80961 ns, At safepoint: 7141 ns, Total: 88102 ns
[2020-02-27T05:49:00.443+0000][1][safepoint    ] Safepoint "RevokeBias", Time since last: 1502583436 ns, Reaching safepoint: 83976 ns, At safepoint: 20894 ns, Total: 104870 ns
[2020-02-27T05:49:02.947+0000][1][safepoint    ] Safepoint "RevokeBias", Time since last: 2504064315 ns, Reaching safepoint: 75258 ns, At safepoint: 58286 ns, Total: 133544 ns
[2020-02-27T05:49:05.454+0000][1][safepoint    ] Safepoint "RevokeBias", Time since last: 2506721284 ns, Reaching safepoint: 80161 ns, At safepoint: 19248 ns, Total: 99409 ns
[2020-02-27T05:49:07.959+0000][1][safepoint    ] Safepoint "RevokeBias", Time since last: 2505536520 ns, Reaching safepoint: 149784 ns, At safepoint: 17067 ns, Total: 166851 ns
[2020-02-27T05:49:10.465+0000][1][safepoint    ] Safepoint "RevokeBias", Time since last: 2505913162 ns, Reaching safepoint: 72917 ns, At safepoint: 43011 ns, Total: 115928 ns
[2020-02-27T05:49:12.969+0000][1][safepoint    ] Safepoint "BulkRevokeBias", Time since last: 2503330215 ns, Reaching safepoint: 165632 ns, At safepoint: 274859 ns, Total: 440491 ns
[2020-02-27T05:49:15.475+0000][1][safepoint    ] Safepoint "RevokeBias", Time since last: 2505788857 ns, Reaching safepoint: 72870 ns, At safepoint: 17317 ns, Total: 90187 ns
[2020-02-27T05:49:17.979+0000][1][safepoint    ] Safepoint "RevokeBias", Time since last: 2503921100 ns, Reaching safepoint: 82181 ns, At safepoint: 21863 ns, Total: 104044 ns
[2020-02-27T05:49:20.485+0000][1][safepoint    ] Safepoint "RevokeBias", Time since last: 2505854842 ns, Reaching safepoint: 84722 ns, At safepoint: 21260 ns, Total: 105982 ns
[2020-02-27T05:49:21.485+0000][1][safepoint    ] Safepoint "Cleanup", Time since last: 1000360777 ns, Reaching safepoint: 101488 ns, At safepoint: 7025 ns, Total: 108513 ns
[2020-02-27T05:49:22.987+0000][1][safepoint    ] Safepoint "RevokeBias", Time since last: 1501617616 ns, Reaching safepoint: 246329 ns, At safepoint: 36784 ns, Total: 283113 ns
[2020-02-27T05:49:25.490+0000][1][safepoint    ] Safepoint "RevokeBias", Time since last: 2502979363 ns, Reaching safepoint: 115595 ns, At safepoint: 22741 ns, Total: 138336 ns
[2020-02-27T05:49:27.994+0000][1][safepoint    ] Safepoint "RevokeBias", Time since last: 2502965109 ns, Reaching safepoint: 89130 ns, At safepoint: 19970 ns, Total: 109100 ns
[2020-02-27T05:49:30.514+0000][1][safepoint    ] Safepoint "RevokeBias", Time since last: 2520768622 ns, Reaching safepoint: 72319 ns, At safepoint: 17181 ns, Total: 89500 ns
[2020-02-27T05:49:33.024+0000][1][safepoint    ] Safepoint "RevokeBias", Time since last: 2509266252 ns, Reaching safepoint: 73246 ns, At safepoint: 17657 ns, Total: 90903 ns
[2020-02-27T05:49:35.551+0000][1][safepoint    ] Safepoint "RevokeBias", Time since last: 2526792349 ns, Reaching safepoint: 110855 ns, At safepoint: 18283 ns, Total: 129138 ns
[2020-02-27T05:49:38.061+0000][1][safepoint    ] Safepoint "RevokeBias", Time since last: 2510616918 ns, Reaching safepoint: 73168 ns, At safepoint: 17340 ns, Total: 90508 ns
[2020-02-27T05:49:40.574+0000][1][safepoint    ] Safepoint "RevokeBias", Time since last: 2512713599 ns, Reaching safepoint: 74995 ns, At safepoint: 17571 ns, Total: 92566 ns
[2020-02-27T05:49:43.084+0000][1][safepoint    ] Safepoint "RevokeBias", Time since last: 2510116201 ns, Reaching safepoint: 92070 ns, At safepoint: 69929 ns, Total: 161999 ns
[2020-02-27T05:49:45.595+0000][1][safepoint    ] Safepoint "RevokeBias", Time since last: 2510440728 ns, Reaching safepoint: 71162 ns, At safepoint: 17804 ns, Total: 88966 ns
[2020-02-27T05:49:48.110+0000][1][safepoint    ] Safepoint "RevokeBias", Time since last: 2515168303 ns, Reaching safepoint: 71253 ns, At safepoint: 18066 ns, Total: 89319 ns
[2020-02-27T05:49:50.630+0000][1][safepoint    ] Safepoint "RevokeBias", Time since last: 2519681075 ns, Reaching safepoint: 74421 ns, At safepoint: 17889 ns, Total: 92310 ns
[2020-02-27T05:49:53.142+0000][1][safepoint    ] Safepoint "RevokeBias", Time since last: 2511380226 ns, Reaching safepoint: 126360 ns, At safepoint: 31077 ns, Total: 157437 ns
[2020-02-27T05:49:55.644+0000][1][safepoint    ] Safepoint "RevokeBias", Time since last: 2502629771 ns, Reaching safepoint: 73326 ns, At safepoint: 17806 ns, Total: 91132 ns
[2020-02-27T05:49:58.148+0000][1][safepoint    ] Safepoint "RevokeBias", Time since last: 2503329192 ns, Reaching safepoint: 77878 ns, At safepoint: 19435 ns, Total: 97313 ns
[2020-02-27T05:50:00.654+0000][1][safepoint    ] Safepoint "RevokeBias", Time since last: 2506337638 ns, Reaching safepoint: 72952 ns, At safepoint: 17734 ns, Total: 90686 ns
[2020-02-27T05:50:03.157+0000][1][safepoint    ] Safepoint "RevokeBias", Time since last: 2502970949 ns, Reaching safepoint: 75675 ns, At safepoint: 19040 ns, Total: 94715 ns
[2020-02-27T05:50:05.663+0000][1][safepoint    ] Safepoint "RevokeBias", Time since last: 2505384491 ns, Reaching safepoint: 74834 ns, At safepoint: 18356 ns, Total: 93190 ns
[2020-02-27T05:50:08.165+0000][1][safepoint    ] Safepoint "RevokeBias", Time since last: 2502112789 ns, Reaching safepoint: 72739 ns, At safepoint: 17790 ns, Total: 90529 ns
[2020-02-27T05:50:10.671+0000][1][safepoint    ] Safepoint "RevokeBias", Time since last: 2506339294 ns, Reaching safepoint: 73779 ns, At safepoint: 17363 ns, Total: 91142 ns
[2020-02-27T05:50:13.174+0000][1][safepoint    ] Safepoint "RevokeBias", Time since last: 2502855291 ns, Reaching safepoint: 88984 ns, At safepoint: 21253 ns, Total: 110237 ns
[2020-02-27T05:50:15.679+0000][1][safepoint    ] Safepoint "RevokeBias", Time since last: 2504901920 ns, Reaching safepoint: 119238 ns, At safepoint: 18409 ns, Total: 137647 ns
[2020-02-27T05:50:18.183+0000][1][safepoint    ] Safepoint "RevokeBias", Time since last: 2503368219 ns, Reaching safepoint: 74804 ns, At safepoint: 18123 ns, Total: 92927 ns
[2020-02-27T05:50:20.184+0000][1][safepoint    ] Safepoint "Cleanup", Time since last: 2000821097 ns, Reaching safepoint: 80834 ns, At safepoint: 6821 ns, Total: 87655 ns
[2020-02-27T05:50:20.687+0000][1][safepoint    ] Safepoint "RevokeBias", Time since last: 503108627 ns, Reaching safepoint: 91819 ns, At safepoint: 17742 ns, Total: 109561 ns
[2020-02-27T05:50:23.191+0000][1][safepoint    ] Safepoint "RevokeBias", Time since last: 2504413513 ns, Reaching safepoint: 74722 ns, At safepoint: 18101 ns, Total: 92823 ns
[2020-02-27T05:50:25.695+0000][1][safepoint    ] Safepoint "BulkRevokeBias", Time since last: 2502845734 ns, Reaching safepoint: 79470 ns, At safepoint: 346110 ns, Total: 425580 ns
[2020-02-27T05:50:28.199+0000][1][safepoint    ] Safepoint "RevokeBias", Time since last: 2504215267 ns, Reaching safepoint: 84811 ns, At safepoint: 21507 ns, Total: 106318 ns
[2020-02-27T05:50:30.705+0000][1][safepoint    ] Safepoint "RevokeBias", Time since last: 2506035862 ns, Reaching safepoint: 93243 ns, At safepoint: 17362 ns, Total: 110605 ns
[2020-02-27T05:50:33.215+0000][1][safepoint    ] Safepoint "RevokeBias", Time since last: 2510160637 ns, Reaching safepoint: 55343 ns, At safepoint: 15274 ns, Total: 70617 ns
[2020-02-27T05:50:35.729+0000][1][safepoint    ] Safepoint "RevokeBias", Time since last: 2513626635 ns, Reaching safepoint: 157454 ns, At safepoint: 20210 ns, Total: 177664 ns
[2020-02-27T05:50:38.246+0000][1][safepoint    ] Safepoint "RevokeBias", Time since last: 2516280921 ns, Reaching safepoint: 73085 ns, At safepoint: 17543 ns, Total: 90628 ns
[2020-02-27T05:50:40.761+0000][1][safepoint    ] Safepoint "RevokeBias", Time since last: 2515031787 ns, Reaching safepoint: 72939 ns, At safepoint: 17517 ns, Total: 90456 ns
[2020-02-27T05:50:43.271+0000][1][safepoint    ] Safepoint "RevokeBias", Time since last: 2510123890 ns, Reaching safepoint: 88851 ns, At safepoint: 19915 ns, Total: 108766 ns
[2020-02-27T05:50:45.781+0000][1][safepoint    ] Safepoint "RevokeBias", Time since last: 2509974380 ns, Reaching safepoint: 72760 ns, At safepoint: 17680 ns, Total: 90440 ns
[2020-02-27T05:50:48.295+0000][1][safepoint    ] Safepoint "RevokeBias", Time since last: 2514360275 ns, Reaching safepoint: 54949 ns, At safepoint: 16397 ns, Total: 71346 ns
[2020-02-27T05:50:50.807+0000][1][safepoint    ] Safepoint "RevokeBias", Time since last: 2510953252 ns, Reaching safepoint: 116375 ns, At safepoint: 80063 ns, Total: 196438 ns
[2020-02-27T05:50:53.311+0000][1][safepoint    ] Safepoint "RevokeBias", Time since last: 2504109203 ns, Reaching safepoint: 121498 ns, At safepoint: 23206 ns, Total: 144704 ns
[2020-02-27T05:50:55.814+0000][1][safepoint    ] Safepoint "RevokeBias", Time since last: 2503052425 ns, Reaching safepoint: 73368 ns, At safepoint: 17343 ns, Total: 90711 ns
[2020-02-27T05:50:58.318+0000][1][safepoint    ] Safepoint "RevokeBias", Time since last: 2503397668 ns, Reaching safepoint: 160301 ns, At safepoint: 18516 ns, Total: 178817 ns
[2020-02-27T05:50:58.750+0000][1][gc,start     ] GC(64) Pause Young (Allocation Failure)
[2020-02-27T05:50:58.750+0000][1][gc,task      ] GC(64) Using 1 workers of 1 for evacuation
[2020-02-27T05:50:58.774+0000][1][gc,age       ] GC(64) Desired survivor size 4358144 bytes, new threshold 6 (max threshold 6)
[2020-02-27T05:50:58.774+0000][1][gc,age       ] GC(64) Age table with threshold 6 (max threshold 6)
[2020-02-27T05:50:58.774+0000][1][gc,age       ] GC(64) - age   1:      11672 bytes,      11672 total
[2020-02-27T05:50:58.774+0000][1][gc,age       ] GC(64) - age   2:        200 bytes,      11872 total
[2020-02-27T05:50:58.774+0000][1][gc,age       ] GC(64) - age   3:        304 bytes,      12176 total
[2020-02-27T05:50:58.774+0000][1][gc,age       ] GC(64) - age   4:       1864 bytes,      14040 total
[2020-02-27T05:50:58.774+0000][1][gc,age       ] GC(64) - age   5:         32 bytes,      14072 total
[2020-02-27T05:50:58.774+0000][1][gc,age       ] GC(64) - age   6:        320 bytes,      14392 total
[2020-02-27T05:50:58.774+0000][1][gc,heap      ] GC(64) ParNew: 68192K->26K(76672K)
[2020-02-27T05:50:58.774+0000][1][gc,heap      ] GC(64) CMS: 62488K->62488K(963392K)
[2020-02-27T05:50:58.774+0000][1][gc,metaspace ] GC(64) Metaspace: 79692K->79692K(1122304K)
[2020-02-27T05:50:58.774+0000][1][gc           ] GC(64) Pause Young (Allocation Failure) 127M->61M(1015M) 24.089ms
[2020-02-27T05:50:58.774+0000][1][gc,cpu       ] GC(64) User=0.01s Sys=0.00s Real=0.03s
[2020-02-27T05:50:58.774+0000][1][safepoint    ] Safepoint "GenCollectForAllocation", Time since last: 431905463 ns, Reaching safepoint: 118830 ns, At safepoint: 24148209 ns, Total: 24267039 ns
[2020-02-27T05:51:00.823+0000][1][safepoint    ] Safepoint "RevokeBias", Time since last: 2048926012 ns, Reaching safepoint: 75233 ns, At safepoint: 18131 ns, Total: 93364 ns
[2020-02-27T05:51:03.325+0000][1][safepoint    ] Safepoint "RevokeBias", Time since last: 2502639155 ns, Reaching safepoint: 71581 ns, At safepoint: 17621 ns, Total: 89202 ns
[2020-02-27T05:51:05.830+0000][1][safepoint    ] Safepoint "RevokeBias", Time since last: 2504246553 ns, Reaching safepoint: 134464 ns, At safepoint: 18335 ns, Total: 152799 ns
[2020-02-27T05:51:08.333+0000][1][safepoint    ] Safepoint "RevokeBias", Time since last: 2502922411 ns, Reaching safepoint: 73426 ns, At safepoint: 17317 ns, Total: 90743 ns
[2020-02-27T05:51:10.838+0000][1][safepoint    ] Safepoint "RevokeBias", Time since last: 2504757855 ns, Reaching safepoint: 72153 ns, At safepoint: 17642 ns, Total: 89795 ns
[2020-02-27T05:51:13.340+0000][1][safepoint    ] Safepoint "RevokeBias", Time since last: 2502479640 ns, Reaching safepoint: 94595 ns, At safepoint: 21566 ns, Total: 116161 ns
[2020-02-27T05:51:15.844+0000][1][safepoint    ] Safepoint "RevokeBias", Time since last: 2503984808 ns, Reaching safepoint: 78014 ns, At safepoint: 18133 ns, Total: 96147 ns
[2020-02-27T05:51:18.349+0000][1][safepoint    ] Safepoint "RevokeBias", Time since last: 2504157077 ns, Reaching safepoint: 73034 ns, At safepoint: 17284 ns, Total: 90318 ns
[2020-02-27T05:51:20.854+0000][1][safepoint    ] Safepoint "RevokeBias", Time since last: 2505391524 ns, Reaching safepoint: 73465 ns, At safepoint: 18128 ns, Total: 91593 ns
[2020-02-27T05:51:21.855+0000][1][safepoint    ] Safepoint "Cleanup", Time since last: 1000415283 ns, Reaching safepoint: 81631 ns, At safepoint: 7197 ns, Total: 88828 ns
[2020-02-27T05:51:23.357+0000][1][safepoint    ] Safepoint "RevokeBias", Time since last: 1502592625 ns, Reaching safepoint: 124847 ns, At safepoint: 17522 ns, Total: 142369 ns
[2020-02-27T05:51:25.867+0000][1][safepoint    ] Safepoint "RevokeBias", Time since last: 2509230381 ns, Reaching safepoint: 70849 ns, At safepoint: 17272 ns, Total: 88121 ns
[2020-02-27T05:51:28.377+0000][1][safepoint    ] Safepoint "RevokeBias", Time since last: 2509970734 ns, Reaching safepoint: 71300 ns, At safepoint: 16507 ns, Total: 87807 ns
[2020-02-27T05:51:30.897+0000][1][safepoint    ] Safepoint "RevokeBias", Time since last: 2519978550 ns, Reaching safepoint: 73409 ns, At safepoint: 18301 ns, Total: 91710 ns
[2020-02-27T05:51:33.406+0000][1][safepoint    ] Safepoint "RevokeBias", Time since last: 2509306345 ns, Reaching safepoint: 73487 ns, At safepoint: 17971 ns, Total: 91458 ns
[2020-02-27T05:51:35.927+0000][1][safepoint    ] Safepoint "RevokeBias", Time since last: 2514751024 ns, Reaching safepoint: 5624113 ns, At safepoint: 22014 ns, Total: 5646127 ns
[2020-02-27T05:51:38.437+0000][1][safepoint    ] Safepoint "BulkRevokeBias", Time since last: 2510031313 ns, Reaching safepoint: 80557 ns, At safepoint: 198868 ns, Total: 279425 ns
[2020-02-27T05:51:40.953+0000][1][safepoint    ] Safepoint "RevokeBias", Time since last: 2515889706 ns, Reaching safepoint: 71844 ns, At safepoint: 18135 ns, Total: 89979 ns
[2020-02-27T05:51:43.461+0000][1][safepoint    ] Safepoint "RevokeBias", Time since last: 2507930614 ns, Reaching safepoint: 76564 ns, At safepoint: 20361 ns, Total: 96925 ns
[2020-02-27T05:51:45.973+0000][1][safepoint    ] Safepoint "RevokeBias", Time since last: 2511760086 ns, Reaching safepoint: 195469 ns, At safepoint: 17574 ns, Total: 213043 ns
[2020-02-27T05:51:48.483+0000][1][safepoint    ] Safepoint "RevokeBias", Time since last: 2509678485 ns, Reaching safepoint: 71533 ns, At safepoint: 17808 ns, Total: 89341 ns
[2020-02-27T05:51:50.987+0000][1][safepoint    ] Safepoint "RevokeBias", Time since last: 2504683841 ns, Reaching safepoint: 76799 ns, At safepoint: 19537 ns, Total: 96336 ns
[2020-02-27T05:51:53.490+0000][1][safepoint    ] Safepoint "RevokeBias", Time since last: 2502484847 ns, Reaching safepoint: 86941 ns, At safepoint: 20657 ns, Total: 107598 ns
[2020-02-27T05:51:55.994+0000][1][safepoint    ] Safepoint "RevokeBias", Time since last: 2503900659 ns, Reaching safepoint: 85715 ns, At safepoint: 20859 ns, Total: 106574 ns
[2020-02-27T05:51:58.499+0000][1][safepoint    ] Safepoint "RevokeBias", Time since last: 2505114549 ns, Reaching safepoint: 53559 ns, At safepoint: 16067 ns, Total: 69626 ns
[2020-02-27T05:52:01.006+0000][1][safepoint    ] Safepoint "RevokeBias", Time since last: 2506242690 ns, Reaching safepoint: 75031 ns, At safepoint: 17822 ns, Total: 92853 ns
[2020-02-27T05:52:03.510+0000][1][safepoint    ] Safepoint "RevokeBias", Time since last: 2504488154 ns, Reaching safepoint: 85000 ns, At safepoint: 21199 ns, Total: 106199 ns
[2020-02-27T05:52:06.015+0000][1][safepoint    ] Safepoint "RevokeBias", Time since last: 2505015692 ns, Reaching safepoint: 139038 ns, At safepoint: 19166 ns, Total: 158204 ns
[2020-02-27T05:52:08.520+0000][1][safepoint    ] Safepoint "RevokeBias", Time since last: 2504723718 ns, Reaching safepoint: 76072 ns, At safepoint: 18292 ns, Total: 94364 ns
[2020-02-27T05:52:11.026+0000][1][safepoint    ] Safepoint "RevokeBias", Time since last: 2505947363 ns, Reaching safepoint: 73196 ns, At safepoint: 18001 ns, Total: 91197 ns
[2020-02-27T05:52:13.529+0000][1][safepoint    ] Safepoint "RevokeBias", Time since last: 2502478079 ns, Reaching safepoint: 178219 ns, At safepoint: 38452 ns, Total: 216671 ns
[2020-02-27T05:52:16.037+0000][1][safepoint    ] Safepoint "RevokeBias", Time since last: 2507762302 ns, Reaching safepoint: 115081 ns, At safepoint: 27957 ns, Total: 143038 ns
[2020-02-27T05:52:18.541+0000][1][safepoint    ] Safepoint "RevokeBias", Time since last: 2503729314 ns, Reaching safepoint: 54862 ns, At safepoint: 16133 ns, Total: 70995 ns
[2020-02-27T05:52:20.541+0000][1][safepoint    ] Safepoint "Cleanup", Time since last: 2000372162 ns, Reaching safepoint: 97778 ns, At safepoint: 7267 ns, Total: 105045 ns
[2020-02-27T05:52:21.045+0000][1][safepoint    ] Safepoint "RevokeBias", Time since last: 503762954 ns, Reaching safepoint: 175870 ns, At safepoint: 19835 ns, Total: 195705 ns
[2020-02-27T05:52:23.563+0000][1][safepoint    ] Safepoint "RevokeBias", Time since last: 2517653787 ns, Reaching safepoint: 73975 ns, At safepoint: 17281 ns, Total: 91256 ns
[2020-02-27T05:52:26.077+0000][1][safepoint    ] Safepoint "RevokeBias", Time since last: 2513571277 ns, Reaching safepoint: 163963 ns, At safepoint: 20560 ns, Total: 184523 ns
[2020-02-27T05:52:28.592+0000][1][safepoint    ] Safepoint "RevokeBias", Time since last: 2515481113 ns, Reaching safepoint: 75515 ns, At safepoint: 17903 ns, Total: 93418 ns
[2020-02-27T05:52:31.103+0000][1][safepoint    ] Safepoint "RevokeBias", Time since last: 2510456774 ns, Reaching safepoint: 73372 ns, At safepoint: 17986 ns, Total: 91358 ns
[2020-02-27T05:52:33.612+0000][1][safepoint    ] Safepoint "RevokeBias", Time since last: 2508878357 ns, Reaching safepoint: 70702 ns, At safepoint: 17036 ns, Total: 87738 ns
[2020-02-27T05:52:36.122+0000][1][safepoint    ] Safepoint "RevokeBias", Time since last: 2509884532 ns, Reaching safepoint: 72754 ns, At safepoint: 17509 ns, Total: 90263 ns
[2020-02-27T05:52:38.646+0000][1][safepoint    ] Safepoint "RevokeBias", Time since last: 2524069998 ns, Reaching safepoint: 101664 ns, At safepoint: 18754 ns, Total: 120418 ns
[2020-02-27T05:52:41.161+0000][1][safepoint    ] Safepoint "RevokeBias", Time since last: 2515628357 ns, Reaching safepoint: 73315 ns, At safepoint: 18279 ns, Total: 91594 ns
[2020-02-27T05:52:43.664+0000][1][safepoint    ] Safepoint "RevokeBias", Time since last: 2502542114 ns, Reaching safepoint: 103754 ns, At safepoint: 24408 ns, Total: 128162 ns
[2020-02-27T05:52:46.171+0000][1][safepoint    ] Safepoint "RevokeBias", Time since last: 2506966908 ns, Reaching safepoint: 72660 ns, At safepoint: 17855 ns, Total: 90515 ns
[2020-02-27T05:52:48.675+0000][1][safepoint    ] Safepoint "RevokeBias", Time since last: 2503829752 ns, Reaching safepoint: 74118 ns, At safepoint: 17467 ns, Total: 91585 ns
[2020-02-27T05:52:50.680+0000][1][safepoint    ] Safepoint "Cleanup", Time since last: 2004879606 ns, Reaching safepoint: 91458 ns, At safepoint: 8710 ns, Total: 100168 ns
[2020-02-27T05:52:51.181+0000][1][safepoint    ] Safepoint "BulkRevokeBias", Time since last: 500763239 ns, Reaching safepoint: 87350 ns, At safepoint: 219890 ns, Total: 307240 ns
[2020-02-27T05:52:53.685+0000][1][safepoint    ] Safepoint "RevokeBias", Time since last: 2503354727 ns, Reaching safepoint: 73019 ns, At safepoint: 18317 ns, Total: 91336 ns
[2020-02-27T05:52:56.187+0000][1][safepoint    ] Safepoint "RevokeBias", Time since last: 2502635799 ns, Reaching safepoint: 112766 ns, At safepoint: 49709 ns, Total: 162475 ns
[2020-02-27T05:52:58.692+0000][1][safepoint    ] Safepoint "RevokeBias", Time since last: 2504674239 ns, Reaching safepoint: 87239 ns, At safepoint: 21234 ns, Total: 108473 ns
[2020-02-27T05:53:01.201+0000][1][safepoint    ] Safepoint "RevokeBias", Time since last: 2508254111 ns, Reaching safepoint: 72378 ns, At safepoint: 16014 ns, Total: 88392 ns
[2020-02-27T05:53:03.850+0000][1][safepoint    ] Safepoint "RevokeBias", Time since last: 2649685024 ns, Reaching safepoint: 78902 ns, At safepoint: 18282 ns, Total: 97184 ns
[2020-02-27T05:53:06.356+0000][1][safepoint    ] Safepoint "RevokeBias", Time since last: 2505642629 ns, Reaching safepoint: 76078 ns, At safepoint: 17369 ns, Total: 93447 ns
[2020-02-27T05:53:08.859+0000][1][safepoint    ] Safepoint "RevokeBias", Time since last: 2503096016 ns, Reaching safepoint: 78987 ns, At safepoint: 18810 ns, Total: 97797 ns
[2020-02-27T05:53:11.365+0000][1][safepoint    ] Safepoint "RevokeBias", Time since last: 2506068578 ns, Reaching safepoint: 84094 ns, At safepoint: 20976 ns, Total: 105070 ns
[2020-02-27T05:53:13.869+0000][1][safepoint    ] Safepoint "RevokeBias", Time since last: 2503345716 ns, Reaching safepoint: 102180 ns, At safepoint: 65293 ns, Total: 167473 ns
[2020-02-27T05:53:16.375+0000][1][safepoint    ] Safepoint "RevokeBias", Time since last: 2505944372 ns, Reaching safepoint: 85997 ns, At safepoint: 70000 ns, Total: 155997 ns
[2020-02-27T05:53:18.658+0000][1][gc,start     ] GC(65) Pause Young (Allocation Failure)
[2020-02-27T05:53:18.658+0000][1][gc,task      ] GC(65) Using 1 workers of 1 for evacuation
[2020-02-27T05:53:18.667+0000][1][gc,age       ] GC(65) Desired survivor size 4358144 bytes, new threshold 6 (max threshold 6)
[2020-02-27T05:53:18.667+0000][1][gc,age       ] GC(65) Age table with threshold 6 (max threshold 6)
[2020-02-27T05:53:18.667+0000][1][gc,age       ] GC(65) - age   1:      12928 bytes,      12928 total
[2020-02-27T05:53:18.667+0000][1][gc,age       ] GC(65) - age   2:        552 bytes,      13480 total
[2020-02-27T05:53:18.667+0000][1][gc,age       ] GC(65) - age   3:        200 bytes,      13680 total
[2020-02-27T05:53:18.667+0000][1][gc,age       ] GC(65) - age   4:        184 bytes,      13864 total
[2020-02-27T05:53:18.667+0000][1][gc,age       ] GC(65) - age   5:       1864 bytes,      15728 total
[2020-02-27T05:53:18.667+0000][1][gc,age       ] GC(65) - age   6:         32 bytes,      15760 total
[2020-02-27T05:53:18.667+0000][1][gc,heap      ] GC(65) ParNew: 68186K->17K(76672K)
[2020-02-27T05:53:18.667+0000][1][gc,heap      ] GC(65) CMS: 62488K->62489K(963392K)
[2020-02-27T05:53:18.667+0000][1][gc,metaspace ] GC(65) Metaspace: 79696K->79696K(1122304K)
[2020-02-27T05:53:18.667+0000][1][gc           ] GC(65) Pause Young (Allocation Failure) 127M->61M(1015M) 9.906ms
[2020-02-27T05:53:18.668+0000][1][gc,cpu       ] GC(65) User=0.01s Sys=0.00s Real=0.01s
[2020-02-27T05:53:18.668+0000][1][safepoint    ] Safepoint "GenCollectForAllocation", Time since last: 2282410594 ns, Reaching safepoint: 73280 ns, At safepoint: 9986108 ns, Total: 10059388 ns
[2020-02-27T05:53:18.880+0000][1][safepoint    ] Safepoint "RevokeBias", Time since last: 212225577 ns, Reaching safepoint: 54030 ns, At safepoint: 16004 ns, Total: 70034 ns
[2020-02-27T05:53:21.395+0000][1][safepoint    ] Safepoint "RevokeBias", Time since last: 2515168058 ns, Reaching safepoint: 54771 ns, At safepoint: 15960 ns, Total: 70731 ns
[2020-02-27T05:53:23.907+0000][1][safepoint    ] Safepoint "RevokeBias", Time since last: 2511408225 ns, Reaching safepoint: 72829 ns, At safepoint: 17418 ns, Total: 90247 ns
[2020-02-27T05:53:26.419+0000][1][safepoint    ] Safepoint "RevokeBias", Time since last: 2512307699 ns, Reaching safepoint: 171341 ns, At safepoint: 34138 ns, Total: 205479 ns
[2020-02-27T05:53:28.932+0000][1][safepoint    ] Safepoint "RevokeBias", Time since last: 2512903961 ns, Reaching safepoint: 148625 ns, At safepoint: 19844 ns, Total: 168469 ns
[2020-02-27T05:53:31.444+0000][1][safepoint    ] Safepoint "RevokeBias", Time since last: 2511318461 ns, Reaching safepoint: 74927 ns, At safepoint: 19074 ns, Total: 94001 ns
[2020-02-27T05:53:33.955+0000][1][safepoint    ] Safepoint "RevokeBias", Time since last: 2511206900 ns, Reaching safepoint: 72386 ns, At safepoint: 18161 ns, Total: 90547 ns
[2020-02-27T05:53:36.471+0000][1][safepoint    ] Safepoint "RevokeBias", Time since last: 2515738699 ns, Reaching safepoint: 147715 ns, At safepoint: 30072 ns, Total: 177787 ns
[2020-02-27T05:53:38.979+0000][1][safepoint    ] Safepoint "RevokeBias", Time since last: 2508518333 ns, Reaching safepoint: 170999 ns, At safepoint: 28096 ns, Total: 199095 ns
[2020-02-27T05:53:41.485+0000][1][safepoint    ] Safepoint "RevokeBias", Time since last: 2505100989 ns, Reaching safepoint: 192811 ns, At safepoint: 20457 ns, Total: 213268 ns
[2020-02-27T05:53:43.988+0000][1][safepoint    ] Safepoint "RevokeBias", Time since last: 2503411928 ns, Reaching safepoint: 102048 ns, At safepoint: 24070 ns, Total: 126118 ns
[2020-02-27T05:53:46.493+0000][1][safepoint    ] Safepoint "RevokeBias", Time since last: 2504733278 ns, Reaching safepoint: 83997 ns, At safepoint: 20879 ns, Total: 104876 ns
[2020-02-27T05:53:48.998+0000][1][safepoint    ] Safepoint "RevokeBias", Time since last: 2505089677 ns, Reaching safepoint: 73269 ns, At safepoint: 35111 ns, Total: 108380 ns
[2020-02-27T05:53:51.505+0000][1][safepoint    ] Safepoint "RevokeBias", Time since last: 2506523528 ns, Reaching safepoint: 114589 ns, At safepoint: 21117 ns, Total: 135706 ns
[2020-02-27T05:53:54.007+0000][1][safepoint    ] Safepoint "RevokeBias", Time since last: 2502277367 ns, Reaching safepoint: 77408 ns, At safepoint: 37038 ns, Total: 114446 ns
[2020-02-27T05:53:55.008+0000][1][safepoint    ] Safepoint "Cleanup", Time since last: 1000099539 ns, Reaching safepoint: 80126 ns, At safepoint: 7664 ns, Total: 87790 ns
[2020-02-27T05:53:56.511+0000][1][safepoint    ] Safepoint "RevokeBias", Time since last: 1502883987 ns, Reaching safepoint: 71792 ns, At safepoint: 17508 ns, Total: 89300 ns
[2020-02-27T05:53:59.015+0000][1][safepoint    ] Safepoint "RevokeBias", Time since last: 2504610961 ns, Reaching safepoint: 79593 ns, At safepoint: 18354 ns, Total: 97947 ns
[2020-02-27T05:54:01.521+0000][1][safepoint    ] Safepoint "RevokeBias", Time since last: 2505887627 ns, Reaching safepoint: 85542 ns, At safepoint: 20335 ns, Total: 105877 ns
[2020-02-27T05:54:04.025+0000][1][safepoint    ] Safepoint "BulkRevokeBias", Time since last: 2502979387 ns, Reaching safepoint: 75484 ns, At safepoint: 213521 ns, Total: 289005 ns
[2020-02-27T05:54:06.532+0000][1][safepoint    ] Safepoint "RevokeBias", Time since last: 2506893869 ns, Reaching safepoint: 88236 ns, At safepoint: 24010 ns, Total: 112246 ns
[2020-02-27T05:54:09.037+0000][1][safepoint    ] Safepoint "RevokeBias", Time since last: 2505445424 ns, Reaching safepoint: 55063 ns, At safepoint: 15544 ns, Total: 70607 ns
[2020-02-27T05:54:11.543+0000][1][safepoint    ] Safepoint "RevokeBias", Time since last: 2505994472 ns, Reaching safepoint: 72583 ns, At safepoint: 17449 ns, Total: 90032 ns
[2020-02-27T05:54:14.046+0000][1][safepoint    ] Safepoint "RevokeBias", Time since last: 2502892219 ns, Reaching safepoint: 71466 ns, At safepoint: 18988 ns, Total: 90454 ns
[2020-02-27T05:54:16.552+0000][1][safepoint    ] Safepoint "RevokeBias", Time since last: 2505984399 ns, Reaching safepoint: 125607 ns, At safepoint: 40233 ns, Total: 165840 ns
[2020-02-27T05:54:19.072+0000][1][safepoint    ] Safepoint "RevokeBias", Time since last: 2519174458 ns, Reaching safepoint: 80244 ns, At safepoint: 17871 ns, Total: 98115 ns
[2020-02-27T05:54:21.587+0000][1][safepoint    ] Safepoint "RevokeBias", Time since last: 2515049225 ns, Reaching safepoint: 123288 ns, At safepoint: 29258 ns, Total: 152546 ns
[2020-02-27T05:54:24.097+0000][1][safepoint    ] Safepoint "RevokeBias", Time since last: 2509899830 ns, Reaching safepoint: 204255 ns, At safepoint: 27790 ns, Total: 232045 ns
[2020-02-27T05:54:26.605+0000][1][safepoint    ] Safepoint "RevokeBias", Time since last: 2508105267 ns, Reaching safepoint: 72457 ns, At safepoint: 18016 ns, Total: 90473 ns
[2020-02-27T05:54:29.116+0000][1][safepoint    ] Safepoint "RevokeBias", Time since last: 2510744287 ns, Reaching safepoint: 71955 ns, At safepoint: 17453 ns, Total: 89408 ns
[2020-02-27T05:54:31.632+0000][1][safepoint    ] Safepoint "RevokeBias", Time since last: 2516233779 ns, Reaching safepoint: 72402 ns, At safepoint: 17636 ns, Total: 90038 ns
[2020-02-27T05:54:34.147+0000][1][safepoint    ] Safepoint "RevokeBias", Time since last: 2514209712 ns, Reaching safepoint: 72234 ns, At safepoint: 17572 ns, Total: 89806 ns
[2020-02-27T05:54:36.659+0000][1][safepoint    ] Safepoint "RevokeBias", Time since last: 2512320897 ns, Reaching safepoint: 83622 ns, At safepoint: 20033 ns, Total: 103655 ns
[2020-02-27T05:54:39.170+0000][1][safepoint    ] Safepoint "RevokeBias", Time since last: 2510477842 ns, Reaching safepoint: 57988 ns, At safepoint: 16844 ns, Total: 74832 ns
[2020-02-27T05:54:41.678+0000][1][safepoint    ] Safepoint "RevokeBias", Time since last: 2508575818 ns, Reaching safepoint: 157394 ns, At safepoint: 19489 ns, Total: 176883 ns
[2020-02-27T05:54:44.183+0000][1][safepoint    ] Safepoint "RevokeBias", Time since last: 2504309352 ns, Reaching safepoint: 215823 ns, At safepoint: 21911 ns, Total: 237734 ns
[2020-02-27T05:54:46.688+0000][1][safepoint    ] Safepoint "RevokeBias", Time since last: 2504995523 ns, Reaching safepoint: 56699 ns, At safepoint: 16603 ns, Total: 73302 ns
[2020-02-27T05:54:49.192+0000][1][safepoint    ] Safepoint "RevokeBias", Time since last: 2504110074 ns, Reaching safepoint: 74187 ns, At safepoint: 17563 ns, Total: 91750 ns
[2020-02-27T05:54:51.698+0000][1][safepoint    ] Safepoint "RevokeBias", Time since last: 2506292663 ns, Reaching safepoint: 70832 ns, At safepoint: 17375 ns, Total: 88207 ns
[2020-02-27T05:54:54.201+0000][1][safepoint    ] Safepoint "RevokeBias", Time since last: 2502805472 ns, Reaching safepoint: 89615 ns, At safepoint: 18385 ns, Total: 108000 ns
[2020-02-27T05:54:56.706+0000][1][safepoint    ] Safepoint "RevokeBias", Time since last: 2504209151 ns, Reaching safepoint: 85037 ns, At safepoint: 20467 ns, Total: 105504 ns
[2020-02-27T05:54:59.209+0000][1][safepoint    ] Safepoint "RevokeBias", Time since last: 2503575422 ns, Reaching safepoint: 123591 ns, At safepoint: 17967 ns, Total: 141558 ns
[2020-02-27T05:55:01.716+0000][1][safepoint    ] Safepoint "RevokeBias", Time since last: 2506113296 ns, Reaching safepoint: 74217 ns, At safepoint: 50574 ns, Total: 124791 ns
[2020-02-27T05:55:04.220+0000][1][safepoint    ] Safepoint "RevokeBias", Time since last: 2503980450 ns, Reaching safepoint: 104342 ns, At safepoint: 23544 ns, Total: 127886 ns
[2020-02-27T05:55:06.726+0000][1][safepoint    ] Safepoint "RevokeBias", Time since last: 2505886951 ns, Reaching safepoint: 83752 ns, At safepoint: 20597 ns, Total: 104349 ns
[2020-02-27T05:55:09.232+0000][1][safepoint    ] Safepoint "RevokeBias", Time since last: 2506153533 ns, Reaching safepoint: 72666 ns, At safepoint: 17342 ns, Total: 90008 ns
[2020-02-27T05:55:11.738+0000][1][safepoint    ] Safepoint "RevokeBias", Time since last: 2506258095 ns, Reaching safepoint: 161171 ns, At safepoint: 19465 ns, Total: 180636 ns
[2020-02-27T05:55:14.242+0000][1][safepoint    ] Safepoint "RevokeBias", Time since last: 2503350165 ns, Reaching safepoint: 89193 ns, At safepoint: 19630 ns, Total: 108823 ns
[2020-02-27T05:55:16.765+0000][1][safepoint    ] Safepoint "BulkRevokeBias", Time since last: 2523168412 ns, Reaching safepoint: 74073 ns, At safepoint: 232402 ns, Total: 306475 ns
[2020-02-27T05:55:19.277+0000][1][safepoint    ] Safepoint "RevokeBias", Time since last: 2511566036 ns, Reaching safepoint: 71686 ns, At safepoint: 17494 ns, Total: 89180 ns
[2020-02-27T05:55:21.799+0000][1][safepoint    ] Safepoint "RevokeBias", Time since last: 2521599838 ns, Reaching safepoint: 70946 ns, At safepoint: 73895 ns, Total: 144841 ns
[2020-02-27T05:55:24.306+0000][1][safepoint    ] Safepoint "RevokeBias", Time since last: 2507510403 ns, Reaching safepoint: 91547 ns, At safepoint: 19287 ns, Total: 110834 ns
[2020-02-27T05:55:26.817+0000][1][safepoint    ] Safepoint "RevokeBias", Time since last: 2510359922 ns, Reaching safepoint: 73760 ns, At safepoint: 17464 ns, Total: 91224 ns
[2020-02-27T05:55:29.326+0000][1][safepoint    ] Safepoint "RevokeBias", Time since last: 2509123753 ns, Reaching safepoint: 101986 ns, At safepoint: 19952 ns, Total: 121938 ns
[2020-02-27T05:55:31.842+0000][1][safepoint    ] Safepoint "RevokeBias", Time since last: 2515697364 ns, Reaching safepoint: 86399 ns, At safepoint: 22284 ns, Total: 108683 ns
[2020-02-27T05:55:34.354+0000][1][safepoint    ] Safepoint "RevokeBias", Time since last: 2511945958 ns, Reaching safepoint: 73301 ns, At safepoint: 17326 ns, Total: 90627 ns
[2020-02-27T05:55:36.578+0000][1][gc,start     ] GC(66) Pause Young (Allocation Failure)
[2020-02-27T05:55:36.579+0000][1][gc,task      ] GC(66) Using 1 workers of 1 for evacuation
[2020-02-27T05:55:36.589+0000][1][gc,age       ] GC(66) Desired survivor size 4358144 bytes, new threshold 6 (max threshold 6)
[2020-02-27T05:55:36.590+0000][1][gc,age       ] GC(66) Age table with threshold 6 (max threshold 6)
[2020-02-27T05:55:36.590+0000][1][gc,age       ] GC(66) - age   1:      11096 bytes,      11096 total
[2020-02-27T05:55:36.590+0000][1][gc,age       ] GC(66) - age   2:       1232 bytes,      12328 total
[2020-02-27T05:55:36.590+0000][1][gc,age       ] GC(66) - age   3:        552 bytes,      12880 total
[2020-02-27T05:55:36.590+0000][1][gc,age       ] GC(66) - age   4:         80 bytes,      12960 total
[2020-02-27T05:55:36.590+0000][1][gc,age       ] GC(66) - age   5:        184 bytes,      13144 total
[2020-02-27T05:55:36.590+0000][1][gc,age       ] GC(66) - age   6:       1864 bytes,      15008 total
[2020-02-27T05:55:36.590+0000][1][gc,heap      ] GC(66) ParNew: 68177K->27K(76672K)
[2020-02-27T05:55:36.590+0000][1][gc,heap      ] GC(66) CMS: 62489K->62489K(963392K)
[2020-02-27T05:55:36.590+0000][1][gc,metaspace ] GC(66) Metaspace: 79709K->79709K(1122304K)
[2020-02-27T05:55:36.590+0000][1][gc           ] GC(66) Pause Young (Allocation Failure) 127M->61M(1015M) 11.293ms
[2020-02-27T05:55:36.590+0000][1][gc,cpu       ] GC(66) User=0.01s Sys=0.00s Real=0.01s
[2020-02-27T05:55:36.590+0000][1][safepoint    ] Safepoint "GenCollectForAllocation", Time since last: 2224401365 ns, Reaching safepoint: 106377 ns, At safepoint: 11350578 ns, Total: 11456955 ns
[2020-02-27T05:55:36.870+0000][1][safepoint    ] Safepoint "RevokeBias", Time since last: 280167713 ns, Reaching safepoint: 76444 ns, At safepoint: 18122 ns, Total: 94566 ns
[2020-02-27T05:55:39.380+0000][1][safepoint    ] Safepoint "RevokeBias", Time since last: 2509768410 ns, Reaching safepoint: 76195 ns, At safepoint: 17976 ns, Total: 94171 ns
[2020-02-27T05:55:41.885+0000][1][safepoint    ] Safepoint "RevokeBias", Time since last: 2504680606 ns, Reaching safepoint: 73850 ns, At safepoint: 17405 ns, Total: 91255 ns
[2020-02-27T05:55:44.388+0000][1][safepoint    ] Safepoint "RevokeBias", Time since last: 2502983861 ns, Reaching safepoint: 176387 ns, At safepoint: 24791 ns, Total: 201178 ns
[2020-02-27T05:55:46.894+0000][1][safepoint    ] Safepoint "RevokeBias", Time since last: 2506259116 ns, Reaching safepoint: 79388 ns, At safepoint: 19138 ns, Total: 98526 ns
[2020-02-27T05:55:49.398+0000][1][safepoint    ] Safepoint "RevokeBias", Time since last: 2503897455 ns, Reaching safepoint: 178683 ns, At safepoint: 34861 ns, Total: 213544 ns
[2020-02-27T05:55:51.904+0000][1][safepoint    ] Safepoint "RevokeBias", Time since last: 2505685232 ns, Reaching safepoint: 88469 ns, At safepoint: 16878 ns, Total: 105347 ns
[2020-02-27T05:55:54.406+0000][1][safepoint    ] Safepoint "RevokeBias", Time since last: 2502070314 ns, Reaching safepoint: 75217 ns, At safepoint: 17988 ns, Total: 93205 ns
[2020-02-27T05:55:56.910+0000][1][safepoint    ] Safepoint "RevokeBias", Time since last: 2504004956 ns, Reaching safepoint: 74065 ns, At safepoint: 17912 ns, Total: 91977 ns
[2020-02-27T05:55:59.414+0000][1][safepoint    ] Safepoint "RevokeBias", Time since last: 2503658503 ns, Reaching safepoint: 77279 ns, At safepoint: 18317 ns, Total: 95596 ns
[2020-02-27T05:56:01.924+0000][1][safepoint    ] Safepoint "RevokeBias", Time since last: 2508985944 ns, Reaching safepoint: 1251429 ns, At safepoint: 23990 ns, Total: 1275419 ns
[2020-02-27T05:56:04.427+0000][1][safepoint    ] Safepoint "RevokeBias", Time since last: 2502703550 ns, Reaching safepoint: 82302 ns, At safepoint: 20379 ns, Total: 102681 ns
[2020-02-27T05:56:06.934+0000][1][safepoint    ] Safepoint "RevokeBias", Time since last: 2506153101 ns, Reaching safepoint: 111903 ns, At safepoint: 26608 ns, Total: 138511 ns
[2020-02-27T05:56:09.438+0000][1][safepoint    ] Safepoint "RevokeBias", Time since last: 2503959979 ns, Reaching safepoint: 85421 ns, At safepoint: 19732 ns, Total: 105153 ns
[2020-02-27T05:56:11.944+0000][1][safepoint    ] Safepoint "RevokeBias", Time since last: 2505845719 ns, Reaching safepoint: 87661 ns, At safepoint: 21071 ns, Total: 108732 ns
[2020-02-27T05:56:14.447+0000][1][safepoint    ] Safepoint "RevokeBias", Time since last: 2503696819 ns, Reaching safepoint: 90348 ns, At safepoint: 123608 ns, Total: 213956 ns
[2020-02-27T05:56:16.953+0000][1][safepoint    ] Safepoint "RevokeBias", Time since last: 2505040799 ns, Reaching safepoint: 93138 ns, At safepoint: 26838 ns, Total: 119976 ns
[2020-02-27T05:56:18.960+0000][1][safepoint    ] Safepoint "Cleanup", Time since last: 2007204180 ns, Reaching safepoint: 77692 ns, At safepoint: 6982 ns, Total: 84674 ns
[2020-02-27T05:56:19.463+0000][1][safepoint    ] Safepoint "RevokeBias", Time since last: 502672323 ns, Reaching safepoint: 71519 ns, At safepoint: 16713 ns, Total: 88232 ns
[2020-02-27T05:56:21.464+0000][1][safepoint    ] Safepoint "Cleanup", Time since last: 2001088539 ns, Reaching safepoint: 91216 ns, At safepoint: 8638 ns, Total: 99854 ns
[2020-02-27T05:56:21.974+0000][1][safepoint    ] Safepoint "RevokeBias", Time since last: 509768692 ns, Reaching safepoint: 85017 ns, At safepoint: 20466 ns, Total: 105483 ns
[2020-02-27T05:56:24.490+0000][1][safepoint    ] Safepoint "RevokeBias", Time since last: 2516254645 ns, Reaching safepoint: 71463 ns, At safepoint: 17730 ns, Total: 89193 ns
[2020-02-27T05:56:27.113+0000][1][safepoint    ] Safepoint "RevokeBias", Time since last: 2623310378 ns, Reaching safepoint: 89778 ns, At safepoint: 17447 ns, Total: 107225 ns
[2020-02-27T05:56:29.626+0000][1][safepoint    ] Safepoint "BulkRevokeBias", Time since last: 2511649574 ns, Reaching safepoint: 86819 ns, At safepoint: 298062 ns, Total: 384881 ns
[2020-02-27T05:56:32.136+0000][1][safepoint    ] Safepoint "RevokeBias", Time since last: 2510619087 ns, Reaching safepoint: 131031 ns, At safepoint: 33232 ns, Total: 164263 ns
[2020-02-27T05:56:34.652+0000][1][safepoint    ] Safepoint "RevokeBias", Time since last: 2515945668 ns, Reaching safepoint: 112538 ns, At safepoint: 28415 ns, Total: 140953 ns
[2020-02-27T05:56:37.162+0000][1][safepoint    ] Safepoint "RevokeBias", Time since last: 2509769944 ns, Reaching safepoint: 74916 ns, At safepoint: 18593 ns, Total: 93509 ns
[2020-02-27T05:56:39.674+0000][1][safepoint    ] Safepoint "RevokeBias", Time since last: 2511705978 ns, Reaching safepoint: 502732 ns, At safepoint: 19725 ns, Total: 522457 ns
[2020-02-27T05:56:42.188+0000][1][safepoint    ] Safepoint "RevokeBias", Time since last: 2513186946 ns, Reaching safepoint: 84643 ns, At safepoint: 19887 ns, Total: 104530 ns
[2020-02-27T05:56:44.695+0000][1][safepoint    ] Safepoint "RevokeBias", Time since last: 2506682452 ns, Reaching safepoint: 91610 ns, At safepoint: 21446 ns, Total: 113056 ns
[2020-02-27T05:56:47.199+0000][1][safepoint    ] Safepoint "RevokeBias", Time since last: 2503919692 ns, Reaching safepoint: 73499 ns, At safepoint: 17939 ns, Total: 91438 ns
[2020-02-27T05:56:49.704+0000][1][safepoint    ] Safepoint "RevokeBias", Time since last: 2504892120 ns, Reaching safepoint: 74351 ns, At safepoint: 18093 ns, Total: 92444 ns
[2020-02-27T05:56:52.211+0000][1][safepoint    ] Safepoint "RevokeBias", Time since last: 2506845807 ns, Reaching safepoint: 107179 ns, At safepoint: 25731 ns, Total: 132910 ns
[2020-02-27T05:56:54.717+0000][1][safepoint    ] Safepoint "RevokeBias", Time since last: 2506349648 ns, Reaching safepoint: 86538 ns, At safepoint: 17028 ns, Total: 103566 ns
[2020-02-27T05:56:57.221+0000][1][safepoint    ] Safepoint "RevokeBias", Time since last: 2504270275 ns, Reaching safepoint: 75466 ns, At safepoint: 17897 ns, Total: 93363 ns
[2020-02-27T05:56:59.223+0000][1][safepoint    ] Safepoint "Cleanup", Time since last: 2001242958 ns, Reaching safepoint: 191752 ns, At safepoint: 27842 ns, Total: 219594 ns
[2020-02-27T05:56:59.727+0000][1][safepoint    ] Safepoint "RevokeBias", Time since last: 504338683 ns, Reaching safepoint: 133224 ns, At safepoint: 18716 ns, Total: 151940 ns
[2020-02-27T05:57:02.234+0000][1][safepoint    ] Safepoint "RevokeBias", Time since last: 2506317724 ns, Reaching safepoint: 142419 ns, At safepoint: 21552 ns, Total: 163971 ns
[2020-02-27T05:57:04.737+0000][1][safepoint    ] Safepoint "RevokeBias", Time since last: 2503296153 ns, Reaching safepoint: 72389 ns, At safepoint: 16865 ns, Total: 89254 ns
[2020-02-27T05:57:07.243+0000][1][safepoint    ] Safepoint "RevokeBias", Time since last: 2505616044 ns, Reaching safepoint: 190956 ns, At safepoint: 38793 ns, Total: 229749 ns
[2020-02-27T05:57:09.748+0000][1][safepoint    ] Safepoint "RevokeBias", Time since last: 2504958505 ns, Reaching safepoint: 72942 ns, At safepoint: 17185 ns, Total: 90127 ns
[2020-02-27T05:57:12.252+0000][1][safepoint    ] Safepoint "RevokeBias", Time since last: 2503592024 ns, Reaching safepoint: 71169 ns, At safepoint: 16686 ns, Total: 87855 ns
[2020-02-27T05:57:14.755+0000][1][safepoint    ] Safepoint "RevokeBias", Time since last: 2503470362 ns, Reaching safepoint: 73072 ns, At safepoint: 18712 ns, Total: 91784 ns
[2020-02-27T05:57:17.260+0000][1][safepoint    ] Safepoint "RevokeBias", Time since last: 2504337075 ns, Reaching safepoint: 72911 ns, At safepoint: 17296 ns, Total: 90207 ns
[2020-02-27T05:57:19.765+0000][1][safepoint    ] Safepoint "RevokeBias", Time since last: 2505172871 ns, Reaching safepoint: 176147 ns, At safepoint: 20894 ns, Total: 197041 ns
[2020-02-27T05:57:22.284+0000][1][safepoint    ] Safepoint "RevokeBias", Time since last: 2518596215 ns, Reaching safepoint: 91563 ns, At safepoint: 18379 ns, Total: 109942 ns
[2020-02-27T05:57:24.791+0000][1][safepoint    ] Safepoint "RevokeBias", Time since last: 2506811896 ns, Reaching safepoint: 89260 ns, At safepoint: 18769 ns, Total: 108029 ns
[2020-02-27T05:57:27.306+0000][1][safepoint    ] Safepoint "RevokeBias", Time since last: 2515243466 ns, Reaching safepoint: 53128 ns, At safepoint: 101671 ns, Total: 154799 ns
[2020-02-27T05:57:29.307+0000][1][safepoint    ] Safepoint "Cleanup", Time since last: 2001065429 ns, Reaching safepoint: 78960 ns, At safepoint: 6993 ns, Total: 85953 ns
[2020-02-27T05:57:29.821+0000][1][safepoint    ] Safepoint "RevokeBias", Time since last: 513093005 ns, Reaching safepoint: 114538 ns, At safepoint: 29182 ns, Total: 143720 ns
[2020-02-27T05:57:32.336+0000][1][safepoint    ] Safepoint "RevokeBias", Time since last: 2515112715 ns, Reaching safepoint: 71262 ns, At safepoint: 17222 ns, Total: 88484 ns
[2020-02-27T05:57:34.844+0000][1][safepoint    ] Safepoint "RevokeBias", Time since last: 2508459507 ns, Reaching safepoint: 85961 ns, At safepoint: 22161 ns, Total: 108122 ns
[2020-02-27T05:57:37.363+0000][1][safepoint    ] Safepoint "RevokeBias", Time since last: 2518692403 ns, Reaching safepoint: 73621 ns, At safepoint: 16798 ns, Total: 90419 ns
[2020-02-27T05:57:39.872+0000][1][safepoint    ] Safepoint "RevokeBias", Time since last: 2509080012 ns, Reaching safepoint: 73262 ns, At safepoint: 17387 ns, Total: 90649 ns
[2020-02-27T05:57:42.390+0000][1][safepoint    ] Safepoint "BulkRevokeBias", Time since last: 2517037016 ns, Reaching safepoint: 90184 ns, At safepoint: 234317 ns, Total: 324501 ns
[2020-02-27T05:57:44.902+0000][1][safepoint    ] Safepoint "RevokeBias", Time since last: 2512453268 ns, Reaching safepoint: 72689 ns, At safepoint: 17660 ns, Total: 90349 ns
[2020-02-27T05:57:47.408+0000][1][safepoint    ] Safepoint "RevokeBias", Time since last: 2505616597 ns, Reaching safepoint: 113549 ns, At safepoint: 19769 ns, Total: 133318 ns
[2020-02-27T05:57:49.922+0000][1][safepoint    ] Safepoint "RevokeBias", Time since last: 2512770313 ns, Reaching safepoint: 1264556 ns, At safepoint: 50037 ns, Total: 1314593 ns
[2020-02-27T05:57:52.426+0000][1][gc,start     ] GC(67) Pause Young (Allocation Failure)
[2020-02-27T05:57:52.426+0000][1][gc,task      ] GC(67) Using 1 workers of 1 for evacuation
[2020-02-27T05:57:52.434+0000][1][gc,age       ] GC(67) Desired survivor size 4358144 bytes, new threshold 6 (max threshold 6)
[2020-02-27T05:57:52.434+0000][1][gc,age       ] GC(67) Age table with threshold 6 (max threshold 6)
[2020-02-27T05:57:52.434+0000][1][gc,age       ] GC(67) - age   1:      11568 bytes,      11568 total
[2020-02-27T05:57:52.434+0000][1][gc,age       ] GC(67) - age   2:        312 bytes,      11880 total
[2020-02-27T05:57:52.434+0000][1][gc,age       ] GC(67) - age   3:       1232 bytes,      13112 total
[2020-02-27T05:57:52.434+0000][1][gc,age       ] GC(67) - age   4:        552 bytes,      13664 total
[2020-02-27T05:57:52.434+0000][1][gc,age       ] GC(67) - age   5:         80 bytes,      13744 total
[2020-02-27T05:57:52.434+0000][1][gc,age       ] GC(67) - age   6:        184 bytes,      13928 total
[2020-02-27T05:57:52.434+0000][1][gc,heap      ] GC(67) ParNew: 68178K->17K(76672K)
[2020-02-27T05:57:52.434+0000][1][gc,heap      ] GC(67) CMS: 62489K->62490K(963392K)
[2020-02-27T05:57:52.434+0000][1][gc,metaspace ] GC(67) Metaspace: 79739K->79739K(1122304K)
[2020-02-27T05:57:52.434+0000][1][gc           ] GC(67) Pause Young (Allocation Failure) 127M->61M(1015M) 8.796ms
[2020-02-27T05:57:52.434+0000][1][gc,cpu       ] GC(67) User=0.01s Sys=0.00s Real=0.01s
[2020-02-27T05:57:52.434+0000][1][safepoint    ] Safepoint "GenCollectForAllocation", Time since last: 2503424477 ns, Reaching safepoint: 72661 ns, At safepoint: 8842912 ns, Total: 8915573 ns
[2020-02-27T05:57:52.435+0000][1][safepoint    ] Safepoint "RevokeBias", Time since last: 1072033 ns, Reaching safepoint: 49325 ns, At safepoint: 14279 ns, Total: 63604 ns
[2020-02-27T05:57:54.939+0000][1][safepoint    ] Safepoint "RevokeBias", Time since last: 2503218972 ns, Reaching safepoint: 89373 ns, At safepoint: 141128 ns, Total: 230501 ns
[2020-02-27T05:57:57.443+0000][1][safepoint    ] Safepoint "RevokeBias", Time since last: 2503736392 ns, Reaching safepoint: 72304 ns, At safepoint: 17307 ns, Total: 89611 ns
[2020-02-27T05:57:59.948+0000][1][safepoint    ] Safepoint "RevokeBias", Time since last: 2505522330 ns, Reaching safepoint: 73734 ns, At safepoint: 33512 ns, Total: 107246 ns
[2020-02-27T05:58:02.455+0000][1][safepoint    ] Safepoint "RevokeBias", Time since last: 2506444411 ns, Reaching safepoint: 149299 ns, At safepoint: 30977 ns, Total: 180276 ns
[2020-02-27T05:58:04.959+0000][1][safepoint    ] Safepoint "RevokeBias", Time since last: 2503699845 ns, Reaching safepoint: 159459 ns, At safepoint: 27566 ns, Total: 187025 ns
[2020-02-27T05:58:07.465+0000][1][safepoint    ] Safepoint "RevokeBias", Time since last: 2506404889 ns, Reaching safepoint: 88184 ns, At safepoint: 21914 ns, Total: 110098 ns
[2020-02-27T05:58:09.971+0000][1][safepoint    ] Safepoint "RevokeBias", Time since last: 2505149895 ns, Reaching safepoint: 77268 ns, At safepoint: 18124 ns, Total: 95392 ns
[2020-02-27T05:58:12.477+0000][1][safepoint    ] Safepoint "RevokeBias", Time since last: 2505777071 ns, Reaching safepoint: 187606 ns, At safepoint: 20355 ns, Total: 207961 ns
[2020-02-27T05:58:14.979+0000][1][safepoint    ] Safepoint "RevokeBias", Time since last: 2501884774 ns, Reaching safepoint: 72875 ns, At safepoint: 17654 ns, Total: 90529 ns
[2020-02-27T05:58:17.483+0000][1][safepoint    ] Safepoint "RevokeBias", Time since last: 2504799957 ns, Reaching safepoint: 70037 ns, At safepoint: 17417 ns, Total: 87454 ns
[2020-02-27T05:58:20.008+0000][1][safepoint    ] Safepoint "RevokeBias", Time since last: 2516963181 ns, Reaching safepoint: 7129674 ns, At safepoint: 90757 ns, Total: 7220431 ns
[2020-02-27T05:58:21.008+0000][1][safepoint    ] Safepoint "Cleanup", Time since last: 1000580610 ns, Reaching safepoint: 103424 ns, At safepoint: 8192 ns, Total: 111616 ns
[2020-02-27T05:58:22.511+0000][1][safepoint    ] Safepoint "RevokeBias", Time since last: 1502702137 ns, Reaching safepoint: 84018 ns, At safepoint: 20810 ns, Total: 104828 ns
[2020-02-27T05:58:25.024+0000][1][safepoint    ] Safepoint "RevokeBias", Time since last: 2512484887 ns, Reaching safepoint: 89594 ns, At safepoint: 17508 ns, Total: 107102 ns
[2020-02-27T05:58:27.534+0000][1][safepoint    ] Safepoint "RevokeBias", Time since last: 2510434318 ns, Reaching safepoint: 80725 ns, At safepoint: 18624 ns, Total: 99349 ns
[2020-02-27T05:58:30.049+0000][1][safepoint    ] Safepoint "RevokeBias", Time since last: 2514582516 ns, Reaching safepoint: 77740 ns, At safepoint: 17276 ns, Total: 95016 ns
[2020-02-27T05:58:32.561+0000][1][safepoint    ] Safepoint "RevokeBias", Time since last: 2511779964 ns, Reaching safepoint: 97877 ns, At safepoint: 17538 ns, Total: 115415 ns
[2020-02-27T05:58:35.071+0000][1][safepoint    ] Safepoint "RevokeBias", Time since last: 2510193871 ns, Reaching safepoint: 73985 ns, At safepoint: 18151 ns, Total: 92136 ns
[2020-02-27T05:58:37.583+0000][1][safepoint    ] Safepoint "RevokeBias", Time since last: 2511522642 ns, Reaching safepoint: 72445 ns, At safepoint: 17687 ns, Total: 90132 ns
[2020-02-27T05:58:39.584+0000][1][safepoint    ] Safepoint "Cleanup", Time since last: 2001201590 ns, Reaching safepoint: 81661 ns, At safepoint: 6899 ns, Total: 88560 ns
[2020-02-27T05:58:40.088+0000][1][safepoint    ] Safepoint "RevokeBias", Time since last: 504037220 ns, Reaching safepoint: 74699 ns, At safepoint: 16556 ns, Total: 91255 ns
[2020-02-27T05:58:42.599+0000][1][safepoint    ] Safepoint "RevokeBias", Time since last: 2510616179 ns, Reaching safepoint: 74868 ns, At safepoint: 18381 ns, Total: 93249 ns
[2020-02-27T05:58:45.102+0000][1][safepoint    ] Safepoint "RevokeBias", Time since last: 2503455728 ns, Reaching safepoint: 117246 ns, At safepoint: 18911 ns, Total: 136157 ns
[2020-02-27T05:58:47.607+0000][1][safepoint    ] Safepoint "RevokeBias", Time since last: 2504167942 ns, Reaching safepoint: 90944 ns, At safepoint: 18656 ns, Total: 109600 ns
[2020-02-27T05:58:50.112+0000][1][safepoint    ] Safepoint "RevokeBias", Time since last: 2504700459 ns, Reaching safepoint: 115743 ns, At safepoint: 28814 ns, Total: 144557 ns
[2020-02-27T05:58:52.618+0000][1][safepoint    ] Safepoint "RevokeBias", Time since last: 2506348577 ns, Reaching safepoint: 77896 ns, At safepoint: 19485 ns, Total: 97381 ns
[2020-02-27T05:58:55.124+0000][1][safepoint    ] Safepoint "BulkRevokeBias", Time since last: 2505386283 ns, Reaching safepoint: 89916 ns, At safepoint: 229317 ns, Total: 319233 ns
[2020-02-27T05:58:57.632+0000][1][safepoint    ] Safepoint "RevokeBias", Time since last: 2507738313 ns, Reaching safepoint: 87314 ns, At safepoint: 20497 ns, Total: 107811 ns
[2020-02-27T05:59:00.138+0000][1][safepoint    ] Safepoint "RevokeBias", Time since last: 2505972340 ns, Reaching safepoint: 82727 ns, At safepoint: 20233 ns, Total: 102960 ns
[2020-02-27T05:59:02.642+0000][1][safepoint    ] Safepoint "RevokeBias", Time since last: 2504161766 ns, Reaching safepoint: 75672 ns, At safepoint: 17807 ns, Total: 93479 ns
[2020-02-27T05:59:05.146+0000][1][safepoint    ] Safepoint "RevokeBias", Time since last: 2503707717 ns, Reaching safepoint: 73666 ns, At safepoint: 18258 ns, Total: 91924 ns
[2020-02-27T05:59:07.652+0000][1][safepoint    ] Safepoint "RevokeBias", Time since last: 2505994296 ns, Reaching safepoint: 73919 ns, At safepoint: 17502 ns, Total: 91421 ns
[2020-02-27T05:59:10.160+0000][1][safepoint    ] Safepoint "RevokeBias", Time since last: 2508452178 ns, Reaching safepoint: 85317 ns, At safepoint: 20126 ns, Total: 105443 ns
[2020-02-27T05:59:12.675+0000][1][safepoint    ] Safepoint "RevokeBias", Time since last: 2514286949 ns, Reaching safepoint: 82385 ns, At safepoint: 18212 ns, Total: 100597 ns
[2020-02-27T05:59:15.187+0000][1][safepoint    ] Safepoint "RevokeBias", Time since last: 2512524505 ns, Reaching safepoint: 73289 ns, At safepoint: 17272 ns, Total: 90561 ns
[2020-02-27T05:59:17.709+0000][1][safepoint    ] Safepoint "RevokeBias", Time since last: 2521789236 ns, Reaching safepoint: 71917 ns, At safepoint: 17291 ns, Total: 89208 ns
[2020-02-27T05:59:20.224+0000][1][safepoint    ] Safepoint "RevokeBias", Time since last: 2514423711 ns, Reaching safepoint: 78446 ns, At safepoint: 18898 ns, Total: 97344 ns
[2020-02-27T05:59:22.743+0000][1][safepoint    ] Safepoint "RevokeBias", Time since last: 2518790134 ns, Reaching safepoint: 123211 ns, At safepoint: 50216 ns, Total: 173427 ns
[2020-02-27T05:59:25.251+0000][1][safepoint    ] Safepoint "RevokeBias", Time since last: 2508490031 ns, Reaching safepoint: 169532 ns, At safepoint: 26207 ns, Total: 195739 ns
[2020-02-27T05:59:27.766+0000][1][safepoint    ] Safepoint "RevokeBias", Time since last: 2514191772 ns, Reaching safepoint: 74059 ns, At safepoint: 17866 ns, Total: 91925 ns
[2020-02-27T05:59:30.276+0000][1][safepoint    ] Safepoint "RevokeBias", Time since last: 2509709137 ns, Reaching safepoint: 161813 ns, At safepoint: 19517 ns, Total: 181330 ns
[2020-02-27T05:59:32.791+0000][1][safepoint    ] Safepoint "RevokeBias", Time since last: 2515208720 ns, Reaching safepoint: 55465 ns, At safepoint: 15866 ns, Total: 71331 ns
[2020-02-27T05:59:35.303+0000][1][safepoint    ] Safepoint "RevokeBias", Time since last: 2511658867 ns, Reaching safepoint: 81056 ns, At safepoint: 19035 ns, Total: 100091 ns
[2020-02-27T05:59:37.810+0000][1][safepoint    ] Safepoint "RevokeBias", Time since last: 2506982555 ns, Reaching safepoint: 74307 ns, At safepoint: 18330 ns, Total: 92637 ns
[2020-02-27T05:59:40.314+0000][1][safepoint    ] Safepoint "RevokeBias", Time since last: 2503837091 ns, Reaching safepoint: 72441 ns, At safepoint: 16582 ns, Total: 89023 ns
[2020-02-27T05:59:42.818+0000][1][safepoint    ] Safepoint "RevokeBias", Time since last: 2504474734 ns, Reaching safepoint: 89846 ns, At safepoint: 17647 ns, Total: 107493 ns
[2020-02-27T05:59:45.321+0000][1][safepoint    ] Safepoint "RevokeBias", Time since last: 2502799343 ns, Reaching safepoint: 73809 ns, At safepoint: 17622 ns, Total: 91431 ns
[2020-02-27T05:59:47.829+0000][1][safepoint    ] Safepoint "RevokeBias", Time since last: 2508157219 ns, Reaching safepoint: 86540 ns, At safepoint: 21320 ns, Total: 107860 ns
[2020-02-27T05:59:48.856+0000][1][safepoint    ] Safepoint "Cleanup", Time since last: 1025923291 ns, Reaching safepoint: 411063 ns, At safepoint: 9731 ns, Total: 420794 ns
[2020-02-27T05:59:50.346+0000][1][safepoint    ] Safepoint "RevokeBias", Time since last: 1489752579 ns, Reaching safepoint: 156666 ns, At safepoint: 22000 ns, Total: 178666 ns
[2020-02-27T05:59:52.851+0000][1][safepoint    ] Safepoint "RevokeBias", Time since last: 2504732951 ns, Reaching safepoint: 90722 ns, At safepoint: 20916 ns, Total: 111638 ns
[2020-02-27T05:59:55.353+0000][1][safepoint    ] Safepoint "RevokeBias", Time since last: 2502135447 ns, Reaching safepoint: 102104 ns, At safepoint: 24302 ns, Total: 126406 ns
[2020-02-27T05:59:57.857+0000][1][safepoint    ] Safepoint "RevokeBias", Time since last: 2503923267 ns, Reaching safepoint: 72035 ns, At safepoint: 16868 ns, Total: 88903 ns
[2020-02-27T06:00:00.362+0000][1][safepoint    ] Safepoint "RevokeBias", Time since last: 2505280193 ns, Reaching safepoint: 70986 ns, At safepoint: 16267 ns, Total: 87253 ns
[2020-02-27T06:00:02.868+0000][1][safepoint    ] Safepoint "RevokeBias", Time since last: 2506017433 ns, Reaching safepoint: 56516 ns, At safepoint: 16545 ns, Total: 73061 ns
[2020-02-27T06:00:05.372+0000][1][safepoint    ] Safepoint "RevokeBias", Time since last: 2503354365 ns, Reaching safepoint: 82344 ns, At safepoint: 20360 ns, Total: 102704 ns
[2020-02-27T06:00:07.876+0000][1][safepoint    ] Safepoint "BulkRevokeBias", Time since last: 2503904592 ns, Reaching safepoint: 73959 ns, At safepoint: 250340 ns, Total: 324299 ns
[2020-02-27T06:00:08.975+0000][1][gc,start     ] GC(68) Pause Young (Allocation Failure)
[2020-02-27T06:00:08.975+0000][1][gc,task      ] GC(68) Using 1 workers of 1 for evacuation
[2020-02-27T06:00:08.986+0000][1][gc,age       ] GC(68) Desired survivor size 4358144 bytes, new threshold 6 (max threshold 6)
[2020-02-27T06:00:08.986+0000][1][gc,age       ] GC(68) Age table with threshold 6 (max threshold 6)
[2020-02-27T06:00:08.986+0000][1][gc,age       ] GC(68) - age   1:      11928 bytes,      11928 total
[2020-02-27T06:00:08.986+0000][1][gc,age       ] GC(68) - age   2:        720 bytes,      12648 total
[2020-02-27T06:00:08.986+0000][1][gc,age       ] GC(68) - age   3:        312 bytes,      12960 total
[2020-02-27T06:00:08.986+0000][1][gc,age       ] GC(68) - age   4:       1232 bytes,      14192 total
[2020-02-27T06:00:08.986+0000][1][gc,age       ] GC(68) - age   5:        552 bytes,      14744 total
[2020-02-27T06:00:08.986+0000][1][gc,age       ] GC(68) - age   6:         80 bytes,      14824 total
[2020-02-27T06:00:08.986+0000][1][gc,heap      ] GC(68) ParNew: 68177K->24K(76672K)
[2020-02-27T06:00:08.986+0000][1][gc,heap      ] GC(68) CMS: 62490K->62491K(963392K)
[2020-02-27T06:00:08.986+0000][1][gc,metaspace ] GC(68) Metaspace: 79741K->79741K(1122304K)
[2020-02-27T06:00:08.986+0000][1][gc           ] GC(68) Pause Young (Allocation Failure) 127M->61M(1015M) 11.344ms
[2020-02-27T06:00:08.986+0000][1][gc,cpu       ] GC(68) User=0.01s Sys=0.00s Real=0.01s
[2020-02-27T06:00:08.986+0000][1][safepoint    ] Safepoint "GenCollectForAllocation", Time since last: 1099036247 ns, Reaching safepoint: 71914 ns, At safepoint: 11396460 ns, Total: 11468374 ns
[2020-02-27T06:00:10.384+0000][1][safepoint    ] Safepoint "RevokeBias", Time since last: 1397132956 ns, Reaching safepoint: 71857 ns, At safepoint: 17029 ns, Total: 88886 ns
[2020-02-27T06:00:12.899+0000][1][safepoint    ] Safepoint "RevokeBias", Time since last: 2515675820 ns, Reaching safepoint: 114824 ns, At safepoint: 26823 ns, Total: 141647 ns
[2020-02-27T06:00:15.416+0000][1][safepoint    ] Safepoint "RevokeBias", Time since last: 2516592180 ns, Reaching safepoint: 54370 ns, At safepoint: 16106 ns, Total: 70476 ns
[2020-02-27T06:00:17.927+0000][1][safepoint    ] Safepoint "RevokeBias", Time since last: 2510892727 ns, Reaching safepoint: 82658 ns, At safepoint: 17635 ns, Total: 100293 ns
[2020-02-27T06:00:20.435+0000][1][safepoint    ] Safepoint "RevokeBias", Time since last: 2508142616 ns, Reaching safepoint: 161495 ns, At safepoint: 34871 ns, Total: 196366 ns
[2020-02-27T06:00:22.948+0000][1][safepoint    ] Safepoint "RevokeBias", Time since last: 2512016163 ns, Reaching safepoint: 146135 ns, At safepoint: 62000 ns, Total: 208135 ns
[2020-02-27T06:00:25.469+0000][1][safepoint    ] Safepoint "RevokeBias", Time since last: 2521230834 ns, Reaching safepoint: 239984 ns, At safepoint: 56566 ns, Total: 296550 ns
[2020-02-27T06:00:27.980+0000][1][safepoint    ] Safepoint "RevokeBias", Time since last: 2510140605 ns, Reaching safepoint: 167946 ns, At safepoint: 20077 ns, Total: 188023 ns
[2020-02-27T06:00:30.486+0000][1][safepoint    ] Safepoint "RevokeBias", Time since last: 2506012748 ns, Reaching safepoint: 80729 ns, At safepoint: 19570 ns, Total: 100299 ns
[2020-02-27T06:00:32.991+0000][1][safepoint    ] Safepoint "RevokeBias", Time since last: 2505035644 ns, Reaching safepoint: 74155 ns, At safepoint: 18127 ns, Total: 92282 ns
[2020-02-27T06:00:35.494+0000][1][safepoint    ] Safepoint "RevokeBias", Time since last: 2503359052 ns, Reaching safepoint: 89707 ns, At safepoint: 20594 ns, Total: 110301 ns
[2020-02-27T06:00:38.008+0000][1][safepoint    ] Safepoint "RevokeBias", Time since last: 2513952975 ns, Reaching safepoint: 73834 ns, At safepoint: 18112 ns, Total: 91946 ns
[2020-02-27T06:00:40.009+0000][1][safepoint    ] Safepoint "Cleanup", Time since last: 2000851617 ns, Reaching safepoint: 77443 ns, At safepoint: 6354 ns, Total: 83797 ns
[2020-02-27T06:00:40.528+0000][1][safepoint    ] Safepoint "RevokeBias", Time since last: 518190889 ns, Reaching safepoint: 75557 ns, At safepoint: 18858 ns, Total: 94415 ns
[2020-02-27T06:00:43.034+0000][1][safepoint    ] Safepoint "RevokeBias", Time since last: 2506349879 ns, Reaching safepoint: 75398 ns, At safepoint: 17845 ns, Total: 93243 ns
[2020-02-27T06:00:45.537+0000][1][safepoint    ] Safepoint "RevokeBias", Time since last: 2503357781 ns, Reaching safepoint: 78542 ns, At safepoint: 18716 ns, Total: 97258 ns
[2020-02-27T06:00:48.044+0000][1][safepoint    ] Safepoint "RevokeBias", Time since last: 2506148960 ns, Reaching safepoint: 73543 ns, At safepoint: 17515 ns, Total: 91058 ns
[2020-02-27T06:00:50.045+0000][1][safepoint    ] Safepoint "Cleanup", Time since last: 2001265259 ns, Reaching safepoint: 81071 ns, At safepoint: 7293 ns, Total: 88364 ns
[2020-02-27T06:00:50.549+0000][1][safepoint    ] Safepoint "RevokeBias", Time since last: 504366301 ns, Reaching safepoint: 99756 ns, At safepoint: 19309 ns, Total: 119065 ns
[2020-02-27T06:00:53.057+0000][1][safepoint    ] Safepoint "RevokeBias", Time since last: 2507665941 ns, Reaching safepoint: 71869 ns, At safepoint: 17540 ns, Total: 89409 ns
[2020-02-27T06:00:55.560+0000][1][safepoint    ] Safepoint "RevokeBias", Time since last: 2503065253 ns, Reaching safepoint: 74207 ns, At safepoint: 18185 ns, Total: 92392 ns
[2020-02-27T06:00:58.063+0000][1][safepoint    ] Safepoint "RevokeBias", Time since last: 2502494938 ns, Reaching safepoint: 89953 ns, At safepoint: 22658 ns, Total: 112611 ns
[2020-02-27T06:01:00.567+0000][1][safepoint    ] Safepoint "RevokeBias", Time since last: 2503815732 ns, Reaching safepoint: 75597 ns, At safepoint: 17765 ns, Total: 93362 ns
[2020-02-27T06:01:03.087+0000][1][safepoint    ] Safepoint "RevokeBias", Time since last: 2519656767 ns, Reaching safepoint: 74583 ns, At safepoint: 18250 ns, Total: 92833 ns
[2020-02-27T06:01:05.594+0000][1][safepoint    ] Safepoint "RevokeBias", Time since last: 2507188648 ns, Reaching safepoint: 91194 ns, At safepoint: 21461 ns, Total: 112655 ns
[2020-02-27T06:01:08.103+0000][1][safepoint    ] Safepoint "RevokeBias", Time since last: 2509358570 ns, Reaching safepoint: 70857 ns, At safepoint: 17285 ns, Total: 88142 ns
[2020-02-27T06:01:10.619+0000][1][safepoint    ] Safepoint "RevokeBias", Time since last: 2515228503 ns, Reaching safepoint: 54535 ns, At safepoint: 16530 ns, Total: 71065 ns
[2020-02-27T06:01:13.135+0000][1][safepoint    ] Safepoint "RevokeBias", Time since last: 2516302349 ns, Reaching safepoint: 53720 ns, At safepoint: 15656 ns, Total: 69376 ns
[2020-02-27T06:01:15.640+0000][1][safepoint    ] Safepoint "RevokeBias", Time since last: 2504646502 ns, Reaching safepoint: 130030 ns, At safepoint: 23879 ns, Total: 153909 ns
[2020-02-27T06:01:18.147+0000][1][safepoint    ] Safepoint "RevokeBias", Time since last: 2506886625 ns, Reaching safepoint: 84700 ns, At safepoint: 20969 ns, Total: 105669 ns
[2020-02-27T06:01:20.651+0000][1][safepoint    ] Safepoint "BulkRevokeBias", Time since last: 2503800338 ns, Reaching safepoint: 73834 ns, At safepoint: 186819 ns, Total: 260653 ns
[2020-02-27T06:01:23.157+0000][1][safepoint    ] Safepoint "RevokeBias", Time since last: 2505753149 ns, Reaching safepoint: 69892 ns, At safepoint: 16736 ns, Total: 86628 ns
[2020-02-27T06:01:25.166+0000][1][safepoint    ] Safepoint "Cleanup", Time since last: 2009609343 ns, Reaching safepoint: 78720 ns, At safepoint: 7061 ns, Total: 85781 ns
[2020-02-27T06:01:25.660+0000][1][safepoint    ] Safepoint "RevokeBias", Time since last: 493188758 ns, Reaching safepoint: 73019 ns, At safepoint: 17833 ns, Total: 90852 ns
[2020-02-27T06:01:28.163+0000][1][safepoint    ] Safepoint "RevokeBias", Time since last: 2502943890 ns, Reaching safepoint: 74109 ns, At safepoint: 17911 ns, Total: 92020 ns
[2020-02-27T06:01:30.668+0000][1][safepoint    ] Safepoint "RevokeBias", Time since last: 2504795548 ns, Reaching safepoint: 85008 ns, At safepoint: 21105 ns, Total: 106113 ns
[2020-02-27T06:01:33.175+0000][1][safepoint    ] Safepoint "RevokeBias", Time since last: 2507087277 ns, Reaching safepoint: 76061 ns, At safepoint: 18434 ns, Total: 94495 ns
[2020-02-27T06:01:35.682+0000][1][safepoint    ] Safepoint "RevokeBias", Time since last: 2506562131 ns, Reaching safepoint: 86422 ns, At safepoint: 18744 ns, Total: 105166 ns
[2020-02-27T06:01:38.189+0000][1][safepoint    ] Safepoint "RevokeBias", Time since last: 2506849786 ns, Reaching safepoint: 90469 ns, At safepoint: 38488 ns, Total: 128957 ns
[2020-02-27T06:01:40.694+0000][1][safepoint    ] Safepoint "RevokeBias", Time since last: 2504886977 ns, Reaching safepoint: 80402 ns, At safepoint: 22679 ns, Total: 103081 ns
[2020-02-27T06:01:43.199+0000][1][safepoint    ] Safepoint "RevokeBias", Time since last: 2505354600 ns, Reaching safepoint: 78998 ns, At safepoint: 18876 ns, Total: 97874 ns
[2020-02-27T06:01:45.702+0000][1][safepoint    ] Safepoint "RevokeBias", Time since last: 2503079759 ns, Reaching safepoint: 92855 ns, At safepoint: 21003 ns, Total: 113858 ns
[2020-02-27T06:01:48.209+0000][1][safepoint    ] Safepoint "RevokeBias", Time since last: 2506282755 ns, Reaching safepoint: 95603 ns, At safepoint: 21234 ns, Total: 116837 ns
[2020-02-27T06:01:50.215+0000][1][safepoint    ] Safepoint "Cleanup", Time since last: 2006607518 ns, Reaching safepoint: 98405 ns, At safepoint: 22558 ns, Total: 120963 ns
[2020-02-27T06:01:50.729+0000][1][safepoint    ] Safepoint "RevokeBias", Time since last: 513631453 ns, Reaching safepoint: 75083 ns, At safepoint: 17470 ns, Total: 92553 ns
[2020-02-27T06:01:53.240+0000][1][safepoint    ] Safepoint "RevokeBias", Time since last: 2510642230 ns, Reaching safepoint: 56341 ns, At safepoint: 16158 ns, Total: 72499 ns
[2020-02-27T06:01:54.241+0000][1][safepoint    ] Safepoint "Cleanup", Time since last: 1000726787 ns, Reaching safepoint: 83118 ns, At safepoint: 7208 ns, Total: 90326 ns
[2020-02-27T06:01:55.755+0000][1][safepoint    ] Safepoint "RevokeBias", Time since last: 1514175682 ns, Reaching safepoint: 69355 ns, At safepoint: 19459 ns, Total: 88814 ns
[2020-02-27T06:01:58.264+0000][1][safepoint    ] Safepoint "RevokeBias", Time since last: 2509106064 ns, Reaching safepoint: 117307 ns, At safepoint: 18626 ns, Total: 135933 ns
[2020-02-27T06:01:59.264+0000][1][safepoint    ] Safepoint "Cleanup", Time since last: 1000269876 ns, Reaching safepoint: 82263 ns, At safepoint: 6923 ns, Total: 89186 ns
[2020-02-27T06:02:00.780+0000][1][safepoint    ] Safepoint "RevokeBias", Time since last: 1515355056 ns, Reaching safepoint: 90108 ns, At safepoint: 23040 ns, Total: 113148 ns
[2020-02-27T06:02:03.292+0000][1][safepoint    ] Safepoint "RevokeBias", Time since last: 2511971035 ns, Reaching safepoint: 74849 ns, At safepoint: 18112 ns, Total: 92961 ns
[2020-02-27T06:02:05.806+0000][1][safepoint    ] Safepoint "RevokeBias", Time since last: 2514188779 ns, Reaching safepoint: 196187 ns, At safepoint: 59392 ns, Total: 255579 ns
[2020-02-27T06:02:08.319+0000][1][safepoint    ] Safepoint "RevokeBias", Time since last: 2512293252 ns, Reaching safepoint: 78398 ns, At safepoint: 18633 ns, Total: 97031 ns
[2020-02-27T06:02:10.839+0000][1][safepoint    ] Safepoint "RevokeBias", Time since last: 2519894692 ns, Reaching safepoint: 73314 ns, At safepoint: 17637 ns, Total: 90951 ns
[2020-02-27T06:02:13.352+0000][1][safepoint    ] Safepoint "RevokeBias", Time since last: 2513362361 ns, Reaching safepoint: 72431 ns, At safepoint: 17929 ns, Total: 90360 ns
[2020-02-27T06:02:15.857+0000][1][safepoint    ] Safepoint "RevokeBias", Time since last: 2504450194 ns, Reaching safepoint: 135701 ns, At safepoint: 33543 ns, Total: 169244 ns
[2020-02-27T06:02:18.363+0000][1][safepoint    ] Safepoint "RevokeBias", Time since last: 2505769480 ns, Reaching safepoint: 225406 ns, At safepoint: 22250 ns, Total: 247656 ns
[2020-02-27T06:02:20.868+0000][1][safepoint    ] Safepoint "RevokeBias", Time since last: 2505044663 ns, Reaching safepoint: 156995 ns, At safepoint: 19969 ns, Total: 176964 ns
[2020-02-27T06:02:23.375+0000][1][safepoint    ] Safepoint "RevokeBias", Time since last: 2506367600 ns, Reaching safepoint: 85070 ns, At safepoint: 20632 ns, Total: 105702 ns
[2020-02-27T06:02:24.110+0000][1][gc,start     ] GC(69) Pause Young (Allocation Failure)
[2020-02-27T06:02:24.110+0000][1][gc,task      ] GC(69) Using 1 workers of 1 for evacuation
[2020-02-27T06:02:24.122+0000][1][gc,age       ] GC(69) Desired survivor size 4358144 bytes, new threshold 6 (max threshold 6)
[2020-02-27T06:02:24.122+0000][1][gc,age       ] GC(69) Age table with threshold 6 (max threshold 6)
[2020-02-27T06:02:24.122+0000][1][gc,age       ] GC(69) - age   1:      11648 bytes,      11648 total
[2020-02-27T06:02:24.122+0000][1][gc,age       ] GC(69) - age   2:        176 bytes,      11824 total
[2020-02-27T06:02:24.122+0000][1][gc,age       ] GC(69) - age   3:        720 bytes,      12544 total
[2020-02-27T06:02:24.122+0000][1][gc,age       ] GC(69) - age   4:        312 bytes,      12856 total
[2020-02-27T06:02:24.122+0000][1][gc,age       ] GC(69) - age   5:       1232 bytes,      14088 total
[2020-02-27T06:02:24.122+0000][1][gc,age       ] GC(69) - age   6:        320 bytes,      14408 total
[2020-02-27T06:02:24.122+0000][1][gc,heap      ] GC(69) ParNew: 68184K->17K(76672K)
[2020-02-27T06:02:24.122+0000][1][gc,heap      ] GC(69) CMS: 62491K->62491K(963392K)
[2020-02-27T06:02:24.122+0000][1][gc,metaspace ] GC(69) Metaspace: 79759K->79759K(1122304K)
[2020-02-27T06:02:24.122+0000][1][gc           ] GC(69) Pause Young (Allocation Failure) 127M->61M(1015M) 12.448ms
[2020-02-27T06:02:24.122+0000][1][gc,cpu       ] GC(69) User=0.01s Sys=0.00s Real=0.02s
[2020-02-27T06:02:24.122+0000][1][safepoint    ] Safepoint "GenCollectForAllocation", Time since last: 734873138 ns, Reaching safepoint: 117968 ns, At safepoint: 12508500 ns, Total: 12626468 ns
[2020-02-27T06:02:25.877+0000][1][safepoint    ] Safepoint "RevokeBias", Time since last: 1754691568 ns, Reaching safepoint: 78899 ns, At safepoint: 19430 ns, Total: 98329 ns
[2020-02-27T06:02:28.380+0000][1][safepoint    ] Safepoint "RevokeBias", Time since last: 2503244592 ns, Reaching safepoint: 74379 ns, At safepoint: 19137 ns, Total: 93516 ns
[2020-02-27T06:02:30.883+0000][1][safepoint    ] Safepoint "RevokeBias", Time since last: 2502440768 ns, Reaching safepoint: 97349 ns, At safepoint: 23601 ns, Total: 120950 ns
[2020-02-27T06:02:33.389+0000][1][safepoint    ] Safepoint "BulkRevokeBias", Time since last: 2505811884 ns, Reaching safepoint: 76098 ns, At safepoint: 271966 ns, Total: 348064 ns
[2020-02-27T06:02:35.892+0000][1][safepoint    ] Safepoint "RevokeBias", Time since last: 2502799494 ns, Reaching safepoint: 159367 ns, At safepoint: 19400 ns, Total: 178767 ns
[2020-02-27T06:02:38.398+0000][1][safepoint    ] Safepoint "RevokeBias", Time since last: 2506344361 ns, Reaching safepoint: 179292 ns, At safepoint: 19384 ns, Total: 198676 ns
[2020-02-27T06:02:40.904+0000][1][safepoint    ] Safepoint "RevokeBias", Time since last: 2505473528 ns, Reaching safepoint: 76426 ns, At safepoint: 18333 ns, Total: 94759 ns
[2020-02-27T06:02:43.410+0000][1][safepoint    ] Safepoint "RevokeBias", Time since last: 2505486401 ns, Reaching safepoint: 81051 ns, At safepoint: 20321 ns, Total: 101372 ns
[2020-02-27T06:02:45.913+0000][1][safepoint    ] Safepoint "RevokeBias", Time since last: 2503346343 ns, Reaching safepoint: 74266 ns, At safepoint: 17948 ns, Total: 92214 ns
[2020-02-27T06:02:48.420+0000][1][safepoint    ] Safepoint "RevokeBias", Time since last: 2506421077 ns, Reaching safepoint: 77880 ns, At safepoint: 18073 ns, Total: 95953 ns
[2020-02-27T06:02:50.421+0000][1][safepoint    ] Safepoint "Cleanup", Time since last: 2001183791 ns, Reaching safepoint: 107661 ns, At safepoint: 8420 ns, Total: 116081 ns
[2020-02-27T06:02:50.922+0000][1][safepoint    ] Safepoint "RevokeBias", Time since last: 501471366 ns, Reaching safepoint: 124380 ns, At safepoint: 41361 ns, Total: 165741 ns
[2020-02-27T06:02:53.439+0000][1][safepoint    ] Safepoint "RevokeBias", Time since last: 2516055018 ns, Reaching safepoint: 168019 ns, At safepoint: 26479 ns, Total: 194498 ns
[2020-02-27T06:02:55.948+0000][1][safepoint    ] Safepoint "RevokeBias", Time since last: 2509144161 ns, Reaching safepoint: 85549 ns, At safepoint: 21019 ns, Total: 106568 ns
[2020-02-27T06:02:58.460+0000][1][safepoint    ] Safepoint "RevokeBias", Time since last: 2511611627 ns, Reaching safepoint: 108741 ns, At safepoint: 20077 ns, Total: 128818 ns
[2020-02-27T06:03:00.968+0000][1][safepoint    ] Safepoint "RevokeBias", Time since last: 2508624410 ns, Reaching safepoint: 95447 ns, At safepoint: 21423 ns, Total: 116870 ns
[2020-02-27T06:03:03.479+0000][1][safepoint    ] Safepoint "RevokeBias", Time since last: 2510450316 ns, Reaching safepoint: 73525 ns, At safepoint: 17669 ns, Total: 91194 ns
[2020-02-27T06:03:05.992+0000][1][safepoint    ] Safepoint "RevokeBias", Time since last: 2512442907 ns, Reaching safepoint: 83822 ns, At safepoint: 19917 ns, Total: 103739 ns
[2020-02-27T06:03:08.508+0000][1][safepoint    ] Safepoint "RevokeBias", Time since last: 2516383610 ns, Reaching safepoint: 74114 ns, At safepoint: 17772 ns, Total: 91886 ns
[2020-02-27T06:03:11.017+0000][1][safepoint    ] Safepoint "RevokeBias", Time since last: 2509049723 ns, Reaching safepoint: 83548 ns, At safepoint: 20622 ns, Total: 104170 ns
[2020-02-27T06:03:13.533+0000][1][safepoint    ] Safepoint "RevokeBias", Time since last: 2515667805 ns, Reaching safepoint: 82545 ns, At safepoint: 19573 ns, Total: 102118 ns
[2020-02-27T06:03:16.043+0000][1][safepoint    ] Safepoint "RevokeBias", Time since last: 2509870315 ns, Reaching safepoint: 112480 ns, At safepoint: 23358 ns, Total: 135838 ns
[2020-02-27T06:03:18.549+0000][1][safepoint    ] Safepoint "RevokeBias", Time since last: 2506051480 ns, Reaching safepoint: 72707 ns, At safepoint: 17151 ns, Total: 89858 ns
[2020-02-27T06:03:21.057+0000][1][safepoint    ] Safepoint "RevokeBias", Time since last: 2507321603 ns, Reaching safepoint: 79706 ns, At safepoint: 16752 ns, Total: 96458 ns
[2020-02-27T06:03:22.057+0000][1][safepoint    ] Safepoint "Cleanup", Time since last: 1000332117 ns, Reaching safepoint: 83207 ns, At safepoint: 7128 ns, Total: 90335 ns
[2020-02-27T06:03:23.569+0000][1][safepoint    ] Safepoint "RevokeBias", Time since last: 1512239524 ns, Reaching safepoint: 186042 ns, At safepoint: 30551 ns, Total: 216593 ns
[2020-02-27T06:03:26.078+0000][1][safepoint    ] Safepoint "RevokeBias", Time since last: 2508478965 ns, Reaching safepoint: 72998 ns, At safepoint: 18050 ns, Total: 91048 ns
[2020-02-27T06:03:28.585+0000][1][safepoint    ] Safepoint "RevokeBias", Time since last: 2507064062 ns, Reaching safepoint: 58244 ns, At safepoint: 17135 ns, Total: 75379 ns
[2020-02-27T06:03:31.096+0000][1][safepoint    ] Safepoint "RevokeBias", Time since last: 2510597676 ns, Reaching safepoint: 70605 ns, At safepoint: 17029 ns, Total: 87634 ns
[2020-02-27T06:03:33.602+0000][1][safepoint    ] Safepoint "RevokeBias", Time since last: 2505784369 ns, Reaching safepoint: 72600 ns, At safepoint: 17724 ns, Total: 90324 ns
[2020-02-27T06:03:36.105+0000][1][safepoint    ] Safepoint "RevokeBias", Time since last: 2503653670 ns, Reaching safepoint: 73971 ns, At safepoint: 17752 ns, Total: 91723 ns
[2020-02-27T06:03:38.610+0000][1][safepoint    ] Safepoint "RevokeBias", Time since last: 2504396428 ns, Reaching safepoint: 74214 ns, At safepoint: 17768 ns, Total: 91982 ns
[2020-02-27T06:03:41.116+0000][1][safepoint    ] Safepoint "RevokeBias", Time since last: 2505641505 ns, Reaching safepoint: 74607 ns, At safepoint: 18003 ns, Total: 92610 ns
[2020-02-27T06:03:43.625+0000][1][safepoint    ] Safepoint "RevokeBias", Time since last: 2509546255 ns, Reaching safepoint: 158990 ns, At safepoint: 34902 ns, Total: 193892 ns
[2020-02-27T06:03:46.133+0000][1][safepoint    ] Safepoint "BulkRevokeBias", Time since last: 2507639466 ns, Reaching safepoint: 89964 ns, At safepoint: 275939 ns, Total: 365903 ns
[2020-02-27T06:03:48.640+0000][1][safepoint    ] Safepoint "RevokeBias", Time since last: 2506609687 ns, Reaching safepoint: 91199 ns, At safepoint: 18173 ns, Total: 109372 ns
[2020-02-27T06:03:51.146+0000][1][safepoint    ] Safepoint "RevokeBias", Time since last: 2505828620 ns, Reaching safepoint: 127373 ns, At safepoint: 75324 ns, Total: 202697 ns
[2020-02-27T06:03:53.650+0000][1][safepoint    ] Safepoint "RevokeBias", Time since last: 2503704984 ns, Reaching safepoint: 74763 ns, At safepoint: 18373 ns, Total: 93136 ns
[2020-02-27T06:03:56.168+0000][1][safepoint    ] Safepoint "RevokeBias", Time since last: 2517790012 ns, Reaching safepoint: 70431 ns, At safepoint: 17070 ns, Total: 87501 ns
[2020-02-27T06:03:58.676+0000][1][safepoint    ] Safepoint "RevokeBias", Time since last: 2507766249 ns, Reaching safepoint: 77757 ns, At safepoint: 20342 ns, Total: 98099 ns
[2020-02-27T06:04:01.189+0000][1][safepoint    ] Safepoint "RevokeBias", Time since last: 2513013849 ns, Reaching safepoint: 71095 ns, At safepoint: 16384 ns, Total: 87479 ns
[2020-02-27T06:04:03.701+0000][1][safepoint    ] Safepoint "RevokeBias", Time since last: 2511986707 ns, Reaching safepoint: 71254 ns, At safepoint: 16823 ns, Total: 88077 ns
[2020-02-27T06:04:06.214+0000][1][safepoint    ] Safepoint "RevokeBias", Time since last: 2512974866 ns, Reaching safepoint: 204538 ns, At safepoint: 31672 ns, Total: 236210 ns
[2020-02-27T06:04:08.730+0000][1][safepoint    ] Safepoint "RevokeBias", Time since last: 2516023743 ns, Reaching safepoint: 76830 ns, At safepoint: 18909 ns, Total: 95739 ns
[2020-02-27T06:04:11.243+0000][1][safepoint    ] Safepoint "RevokeBias", Time since last: 2512353946 ns, Reaching safepoint: 72450 ns, At safepoint: 18077 ns, Total: 90527 ns
[2020-02-27T06:04:13.751+0000][1][safepoint    ] Safepoint "RevokeBias", Time since last: 2508635996 ns, Reaching safepoint: 75087 ns, At safepoint: 18661 ns, Total: 93748 ns
[2020-02-27T06:04:16.263+0000][1][safepoint    ] Safepoint "RevokeBias", Time since last: 2512040617 ns, Reaching safepoint: 88234 ns, At safepoint: 22389 ns, Total: 110623 ns
[2020-02-27T06:04:18.772+0000][1][safepoint    ] Safepoint "RevokeBias", Time since last: 2508566126 ns, Reaching safepoint: 73039 ns, At safepoint: 17585 ns, Total: 90624 ns
[2020-02-27T06:04:21.278+0000][1][safepoint    ] Safepoint "RevokeBias", Time since last: 2505760678 ns, Reaching safepoint: 82736 ns, At safepoint: 20621 ns, Total: 103357 ns
[2020-02-27T06:04:23.782+0000][1][safepoint    ] Safepoint "RevokeBias", Time since last: 2503755673 ns, Reaching safepoint: 72365 ns, At safepoint: 17372 ns, Total: 89737 ns
[2020-02-27T06:04:26.286+0000][1][safepoint    ] Safepoint "RevokeBias", Time since last: 2503607662 ns, Reaching safepoint: 74476 ns, At safepoint: 17803 ns, Total: 92279 ns
[2020-02-27T06:04:28.790+0000][1][safepoint    ] Safepoint "RevokeBias", Time since last: 2504044332 ns, Reaching safepoint: 72455 ns, At safepoint: 17755 ns, Total: 90210 ns
[2020-02-27T06:04:31.294+0000][1][safepoint    ] Safepoint "RevokeBias", Time since last: 2503869289 ns, Reaching safepoint: 73501 ns, At safepoint: 17647 ns, Total: 91148 ns
[2020-02-27T06:04:33.797+0000][1][safepoint    ] Safepoint "RevokeBias", Time since last: 2503483345 ns, Reaching safepoint: 72327 ns, At safepoint: 69899 ns, Total: 142226 ns
[2020-02-27T06:04:36.301+0000][1][safepoint    ] Safepoint "RevokeBias", Time since last: 2503479690 ns, Reaching safepoint: 106848 ns, At safepoint: 21260 ns, Total: 128108 ns
[2020-02-27T06:04:38.804+0000][1][safepoint    ] Safepoint "RevokeBias", Time since last: 2503178520 ns, Reaching safepoint: 72270 ns, At safepoint: 17331 ns, Total: 89601 ns
[2020-02-27T06:04:41.311+0000][1][safepoint    ] Safepoint "RevokeBias", Time since last: 2506372649 ns, Reaching safepoint: 55848 ns, At safepoint: 15619 ns, Total: 71467 ns
[2020-02-27T06:04:43.813+0000][1][safepoint    ] Safepoint "RevokeBias", Time since last: 2502652620 ns, Reaching safepoint: 116663 ns, At safepoint: 20692 ns, Total: 137355 ns
[2020-02-27T06:04:44.193+0000][1][gc,start     ] GC(70) Pause Young (Allocation Failure)
[2020-02-27T06:04:44.193+0000][1][gc,task      ] GC(70) Using 1 workers of 1 for evacuation
[2020-02-27T06:04:44.203+0000][1][gc,age       ] GC(70) Desired survivor size 4358144 bytes, new threshold 6 (max threshold 6)
[2020-02-27T06:04:44.203+0000][1][gc,age       ] GC(70) Age table with threshold 6 (max threshold 6)
[2020-02-27T06:04:44.203+0000][1][gc,age       ] GC(70) - age   1:      12488 bytes,      12488 total
[2020-02-27T06:04:44.203+0000][1][gc,age       ] GC(70) - age   2:        544 bytes,      13032 total
[2020-02-27T06:04:44.203+0000][1][gc,age       ] GC(70) - age   3:         56 bytes,      13088 total
[2020-02-27T06:04:44.203+0000][1][gc,age       ] GC(70) - age   4:        600 bytes,      13688 total
[2020-02-27T06:04:44.203+0000][1][gc,age       ] GC(70) - age   5:        312 bytes,      14000 total
[2020-02-27T06:04:44.203+0000][1][gc,age       ] GC(70) - age   6:       1232 bytes,      15232 total
[2020-02-27T06:04:44.203+0000][1][gc,heap      ] GC(70) ParNew: 68177K->25K(76672K)
[2020-02-27T06:04:44.203+0000][1][gc,heap      ] GC(70) CMS: 62491K->62491K(963392K)
[2020-02-27T06:04:44.203+0000][1][gc,metaspace ] GC(70) Metaspace: 79767K->79767K(1122304K)
[2020-02-27T06:04:44.203+0000][1][gc           ] GC(70) Pause Young (Allocation Failure) 127M->61M(1015M) 10.739ms
[2020-02-27T06:04:44.203+0000][1][gc,cpu       ] GC(70) User=0.01s Sys=0.00s Real=0.01s
[2020-02-27T06:04:44.203+0000][1][safepoint    ] Safepoint "GenCollectForAllocation", Time since last: 379026885 ns, Reaching safepoint: 96168 ns, At safepoint: 10797143 ns, Total: 10893311 ns
[2020-02-27T06:04:46.317+0000][1][safepoint    ] Safepoint "RevokeBias", Time since last: 2113846180 ns, Reaching safepoint: 94118 ns, At safepoint: 21151 ns, Total: 115269 ns
[2020-02-27T06:04:48.820+0000][1][safepoint    ] Safepoint "RevokeBias", Time since last: 2502937483 ns, Reaching safepoint: 83647 ns, At safepoint: 20574 ns, Total: 104221 ns
[2020-02-27T06:04:51.327+0000][1][safepoint    ] Safepoint "RevokeBias", Time since last: 2506585345 ns, Reaching safepoint: 77206 ns, At safepoint: 18169 ns, Total: 95375 ns
[2020-02-27T06:04:53.832+0000][1][safepoint    ] Safepoint "RevokeBias", Time since last: 2504489582 ns, Reaching safepoint: 86090 ns, At safepoint: 20460 ns, Total: 106550 ns
[2020-02-27T06:04:56.335+0000][1][safepoint    ] Safepoint "RevokeBias", Time since last: 2503474688 ns, Reaching safepoint: 76937 ns, At safepoint: 18978 ns, Total: 95915 ns
[2020-02-27T06:04:58.854+0000][1][safepoint    ] Safepoint "BulkRevokeBias", Time since last: 2518613463 ns, Reaching safepoint: 75736 ns, At safepoint: 249311 ns, Total: 325047 ns
[2020-02-27T06:05:01.374+0000][1][safepoint    ] Safepoint "RevokeBias", Time since last: 2519743007 ns, Reaching safepoint: 73432 ns, At safepoint: 16973 ns, Total: 90405 ns
[2020-02-27T06:05:03.896+0000][1][safepoint    ] Safepoint "RevokeBias", Time since last: 2522088924 ns, Reaching safepoint: 74248 ns, At safepoint: 17417 ns, Total: 91665 ns
[2020-02-27T06:05:06.406+0000][1][safepoint    ] Safepoint "RevokeBias", Time since last: 2509509489 ns, Reaching safepoint: 71654 ns, At safepoint: 17509 ns, Total: 89163 ns
[2020-02-27T06:05:08.917+0000][1][safepoint    ] Safepoint "RevokeBias", Time since last: 2510953720 ns, Reaching safepoint: 71010 ns, At safepoint: 17083 ns, Total: 88093 ns
[2020-02-27T06:05:11.431+0000][1][safepoint    ] Safepoint "RevokeBias", Time since last: 2514325303 ns, Reaching safepoint: 74638 ns, At safepoint: 18412 ns, Total: 93050 ns
[2020-02-27T06:05:13.946+0000][1][safepoint    ] Safepoint "RevokeBias", Time since last: 2514305043 ns, Reaching safepoint: 153929 ns, At safepoint: 21660 ns, Total: 175589 ns
[2020-02-27T06:05:16.453+0000][1][safepoint    ] Safepoint "RevokeBias", Time since last: 2507191850 ns, Reaching safepoint: 130812 ns, At safepoint: 26814 ns, Total: 157626 ns
[2020-02-27T06:05:18.964+0000][1][safepoint    ] Safepoint "RevokeBias", Time since last: 2511064278 ns, Reaching safepoint: 53062 ns, At safepoint: 15682 ns, Total: 68744 ns
[2020-02-27T06:05:21.476+0000][1][safepoint    ] Safepoint "RevokeBias", Time since last: 2511155019 ns, Reaching safepoint: 137198 ns, At safepoint: 56176 ns, Total: 193374 ns
[2020-02-27T06:05:23.980+0000][1][safepoint    ] Safepoint "RevokeBias", Time since last: 2504298798 ns, Reaching safepoint: 73923 ns, At safepoint: 17194 ns, Total: 91117 ns
[2020-02-27T06:05:26.483+0000][1][safepoint    ] Safepoint "RevokeBias", Time since last: 2503188565 ns, Reaching safepoint: 96358 ns, At safepoint: 23327 ns, Total: 119685 ns
[2020-02-27T06:05:28.987+0000][1][safepoint    ] Safepoint "RevokeBias", Time since last: 2503553032 ns, Reaching safepoint: 70741 ns, At safepoint: 17327 ns, Total: 88068 ns
[2020-02-27T06:05:31.493+0000][1][safepoint    ] Safepoint "RevokeBias", Time since last: 2506204598 ns, Reaching safepoint: 129396 ns, At safepoint: 32643 ns, Total: 162039 ns
[2020-02-27T06:05:33.996+0000][1][safepoint    ] Safepoint "RevokeBias", Time since last: 2503074968 ns, Reaching safepoint: 74183 ns, At safepoint: 18072 ns, Total: 92255 ns
[2020-02-27T06:05:36.501+0000][1][safepoint    ] Safepoint "RevokeBias", Time since last: 2504252770 ns, Reaching safepoint: 133007 ns, At safepoint: 21516 ns, Total: 154523 ns
[2020-02-27T06:05:39.005+0000][1][safepoint    ] Safepoint "RevokeBias", Time since last: 2504285646 ns, Reaching safepoint: 133758 ns, At safepoint: 28246 ns, Total: 162004 ns
[2020-02-27T06:05:41.512+0000][1][safepoint    ] Safepoint "RevokeBias", Time since last: 2506353683 ns, Reaching safepoint: 70939 ns, At safepoint: 18144 ns, Total: 89083 ns
[2020-02-27T06:05:44.018+0000][1][safepoint    ] Safepoint "RevokeBias", Time since last: 2506494922 ns, Reaching safepoint: 76114 ns, At safepoint: 18649 ns, Total: 94763 ns
[2020-02-27T06:05:46.521+0000][1][safepoint    ] Safepoint "RevokeBias", Time since last: 2502675365 ns, Reaching safepoint: 113610 ns, At safepoint: 42762 ns, Total: 156372 ns
[2020-02-27T06:05:49.024+0000][1][safepoint    ] Safepoint "RevokeBias", Time since last: 2502837939 ns, Reaching safepoint: 84424 ns, At safepoint: 20859 ns, Total: 105283 ns
[2020-02-27T06:05:51.547+0000][1][safepoint    ] Safepoint "RevokeBias", Time since last: 2523179859 ns, Reaching safepoint: 78427 ns, At safepoint: 17530 ns, Total: 95957 ns
[2020-02-27T06:05:54.055+0000][1][safepoint    ] Safepoint "RevokeBias", Time since last: 2507687926 ns, Reaching safepoint: 75382 ns, At safepoint: 18286 ns, Total: 93668 ns
[2020-02-27T06:05:56.563+0000][1][safepoint    ] Safepoint "RevokeBias", Time since last: 2507823063 ns, Reaching safepoint: 88979 ns, At safepoint: 20693 ns, Total: 109672 ns
[2020-02-27T06:05:59.072+0000][1][safepoint    ] Safepoint "RevokeBias", Time since last: 2508893645 ns, Reaching safepoint: 182389 ns, At safepoint: 19637 ns, Total: 202026 ns
[2020-02-27T06:06:01.585+0000][1][safepoint    ] Safepoint "RevokeBias", Time since last: 2513097410 ns, Reaching safepoint: 51704 ns, At safepoint: 15960 ns, Total: 67664 ns
[2020-02-27T06:06:04.098+0000][1][safepoint    ] Safepoint "RevokeBias", Time since last: 2512878593 ns, Reaching safepoint: 77242 ns, At safepoint: 21877 ns, Total: 99119 ns
[2020-02-27T06:06:06.608+0000][1][safepoint    ] Safepoint "RevokeBias", Time since last: 2509131203 ns, Reaching safepoint: 90387 ns, At safepoint: 34021 ns, Total: 124408 ns
[2020-02-27T06:06:09.123+0000][1][safepoint    ] Safepoint "RevokeBias", Time since last: 2515836265 ns, Reaching safepoint: 75765 ns, At safepoint: 17701 ns, Total: 93466 ns
[2020-02-27T06:06:11.633+0000][1][safepoint    ] Safepoint "BulkRevokeBias", Time since last: 2509219593 ns, Reaching safepoint: 75066 ns, At safepoint: 245188 ns, Total: 320254 ns
[2020-02-27T06:06:14.143+0000][1][safepoint    ] Safepoint "RevokeBias", Time since last: 2510244170 ns, Reaching safepoint: 85078 ns, At safepoint: 21625 ns, Total: 106703 ns
[2020-02-27T06:06:16.647+0000][1][safepoint    ] Safepoint "RevokeBias", Time since last: 2503992277 ns, Reaching safepoint: 87140 ns, At safepoint: 20407 ns, Total: 107547 ns
[2020-02-27T06:06:19.151+0000][1][safepoint    ] Safepoint "RevokeBias", Time since last: 2503619651 ns, Reaching safepoint: 76775 ns, At safepoint: 17728 ns, Total: 94503 ns
[2020-02-27T06:06:21.656+0000][1][safepoint    ] Safepoint "RevokeBias", Time since last: 2505096100 ns, Reaching safepoint: 92532 ns, At safepoint: 21425 ns, Total: 113957 ns
[2020-02-27T06:06:24.162+0000][1][safepoint    ] Safepoint "RevokeBias", Time since last: 2505875837 ns, Reaching safepoint: 116622 ns, At safepoint: 19499 ns, Total: 136121 ns
[2020-02-27T06:06:26.667+0000][1][safepoint    ] Safepoint "RevokeBias", Time since last: 2504668931 ns, Reaching safepoint: 90520 ns, At safepoint: 20934 ns, Total: 111454 ns
[2020-02-27T06:06:29.170+0000][1][safepoint    ] Safepoint "RevokeBias", Time since last: 2502976236 ns, Reaching safepoint: 117239 ns, At safepoint: 20665 ns, Total: 137904 ns
[2020-02-27T06:06:31.677+0000][1][safepoint    ] Safepoint "RevokeBias", Time since last: 2506498573 ns, Reaching safepoint: 71144 ns, At safepoint: 17563 ns, Total: 88707 ns
[2020-02-27T06:06:34.181+0000][1][safepoint    ] Safepoint "RevokeBias", Time since last: 2504001747 ns, Reaching safepoint: 72825 ns, At safepoint: 17116 ns, Total: 89941 ns
[2020-02-27T06:06:36.684+0000][1][safepoint    ] Safepoint "RevokeBias", Time since last: 2502944356 ns, Reaching safepoint: 72754 ns, At safepoint: 22172 ns, Total: 94926 ns
[2020-02-27T06:06:39.188+0000][1][safepoint    ] Safepoint "RevokeBias", Time since last: 2503498519 ns, Reaching safepoint: 79990 ns, At safepoint: 17685 ns, Total: 97675 ns
[2020-02-27T06:06:41.693+0000][1][safepoint    ] Safepoint "RevokeBias", Time since last: 2505105895 ns, Reaching safepoint: 78509 ns, At safepoint: 19000 ns, Total: 97509 ns
[2020-02-27T06:06:44.200+0000][1][safepoint    ] Safepoint "RevokeBias", Time since last: 2506754360 ns, Reaching safepoint: 73564 ns, At safepoint: 18222 ns, Total: 91786 ns
[2020-02-27T06:06:46.707+0000][1][safepoint    ] Safepoint "RevokeBias", Time since last: 2507194343 ns, Reaching safepoint: 76858 ns, At safepoint: 18442 ns, Total: 95300 ns
[2020-02-27T06:06:49.211+0000][1][safepoint    ] Safepoint "RevokeBias", Time since last: 2503660173 ns, Reaching safepoint: 72864 ns, At safepoint: 17039 ns, Total: 89903 ns
[2020-02-27T06:06:51.717+0000][1][safepoint    ] Safepoint "RevokeBias", Time since last: 2506400361 ns, Reaching safepoint: 74616 ns, At safepoint: 17681 ns, Total: 92297 ns
[2020-02-27T06:06:54.227+0000][1][safepoint    ] Safepoint "RevokeBias", Time since last: 2509736025 ns, Reaching safepoint: 78121 ns, At safepoint: 17392 ns, Total: 95513 ns
[2020-02-27T06:06:56.735+0000][1][safepoint    ] Safepoint "RevokeBias", Time since last: 2507607806 ns, Reaching safepoint: 91383 ns, At safepoint: 20874 ns, Total: 112257 ns
[2020-02-27T06:06:59.247+0000][1][safepoint    ] Safepoint "RevokeBias", Time since last: 2512525243 ns, Reaching safepoint: 84423 ns, At safepoint: 23701 ns, Total: 108124 ns
[2020-02-27T06:06:59.498+0000][1][gc,start     ] GC(71) Pause Young (Allocation Failure)
[2020-02-27T06:06:59.498+0000][1][gc,task      ] GC(71) Using 1 workers of 1 for evacuation
[2020-02-27T06:06:59.519+0000][1][gc,age       ] GC(71) Desired survivor size 4358144 bytes, new threshold 6 (max threshold 6)
[2020-02-27T06:06:59.519+0000][1][gc,age       ] GC(71) Age table with threshold 6 (max threshold 6)
[2020-02-27T06:06:59.519+0000][1][gc,age       ] GC(71) - age   1:      11688 bytes,      11688 total
[2020-02-27T06:06:59.519+0000][1][gc,age       ] GC(71) - age   2:        760 bytes,      12448 total
[2020-02-27T06:06:59.519+0000][1][gc,age       ] GC(71) - age   3:        424 bytes,      12872 total
[2020-02-27T06:06:59.519+0000][1][gc,age       ] GC(71) - age   4:         56 bytes,      12928 total
[2020-02-27T06:06:59.519+0000][1][gc,age       ] GC(71) - age   5:        600 bytes,      13528 total
[2020-02-27T06:06:59.519+0000][1][gc,age       ] GC(71) - age   6:        312 bytes,      13840 total
[2020-02-27T06:06:59.519+0000][1][gc,heap      ] GC(71) ParNew: 68185K->17K(76672K)
[2020-02-27T06:06:59.519+0000][1][gc,heap      ] GC(71) CMS: 62491K->62492K(963392K)
[2020-02-27T06:06:59.519+0000][1][gc,metaspace ] GC(71) Metaspace: 79807K->79807K(1122304K)
[2020-02-27T06:06:59.519+0000][1][gc           ] GC(71) Pause Young (Allocation Failure) 127M->61M(1015M) 21.741ms
[2020-02-27T06:06:59.519+0000][1][gc,cpu       ] GC(71) User=0.01s Sys=0.00s Real=0.02s
[2020-02-27T06:06:59.519+0000][1][safepoint    ] Safepoint "GenCollectForAllocation", Time since last: 250293659 ns, Reaching safepoint: 66310 ns, At safepoint: 21790650 ns, Total: 21856960 ns
[2020-02-27T06:07:01.756+0000][1][safepoint    ] Safepoint "RevokeBias", Time since last: 2236654395 ns, Reaching safepoint: 85830 ns, At safepoint: 21368 ns, Total: 107198 ns
[2020-02-27T06:07:04.273+0000][1][safepoint    ] Safepoint "RevokeBias", Time since last: 2516876929 ns, Reaching safepoint: 72270 ns, At safepoint: 17586 ns, Total: 89856 ns
[2020-02-27T06:07:06.787+0000][1][safepoint    ] Safepoint "RevokeBias", Time since last: 2513812946 ns, Reaching safepoint: 77867 ns, At safepoint: 20331 ns, Total: 98198 ns
[2020-02-27T06:07:09.305+0000][1][safepoint    ] Safepoint "RevokeBias", Time since last: 2517284412 ns, Reaching safepoint: 55048 ns, At safepoint: 63470 ns, Total: 118518 ns
[2020-02-27T06:07:11.813+0000][1][safepoint    ] Safepoint "RevokeBias", Time since last: 2507897373 ns, Reaching safepoint: 72118 ns, At safepoint: 17635 ns, Total: 89753 ns
[2020-02-27T06:07:14.317+0000][1][safepoint    ] Safepoint "RevokeBias", Time since last: 2504499669 ns, Reaching safepoint: 55998 ns, At safepoint: 16172 ns, Total: 72170 ns
[2020-02-27T06:07:16.821+0000][1][safepoint    ] Safepoint "RevokeBias", Time since last: 2503521462 ns, Reaching safepoint: 75373 ns, At safepoint: 17510 ns, Total: 92883 ns
[2020-02-27T06:07:19.324+0000][1][safepoint    ] Safepoint "RevokeBias", Time since last: 2502847218 ns, Reaching safepoint: 115519 ns, At safepoint: 21696 ns, Total: 137215 ns
[2020-02-27T06:07:21.328+0000][1][safepoint    ] Safepoint "Cleanup", Time since last: 2003885868 ns, Reaching safepoint: 86826 ns, At safepoint: 6593 ns, Total: 93419 ns
[2020-02-27T06:07:21.827+0000][1][safepoint    ] Safepoint "RevokeBias", Time since last: 499404056 ns, Reaching safepoint: 74091 ns, At safepoint: 18236 ns, Total: 92327 ns
[2020-02-27T06:07:24.332+0000][1][safepoint    ] Safepoint "BulkRevokeBias", Time since last: 2504063375 ns, Reaching safepoint: 95903 ns, At safepoint: 228210 ns, Total: 324113 ns
[2020-02-27T06:07:26.834+0000][1][safepoint    ] Safepoint "RevokeBias", Time since last: 2502309389 ns, Reaching safepoint: 89373 ns, At safepoint: 19774 ns, Total: 109147 ns
[2020-02-27T06:07:29.338+0000][1][safepoint    ] Safepoint "RevokeBias", Time since last: 2504342632 ns, Reaching safepoint: 93880 ns, At safepoint: 17528 ns, Total: 111408 ns
[2020-02-27T06:07:31.843+0000][1][safepoint    ] Safepoint "RevokeBias", Time since last: 2504570744 ns, Reaching safepoint: 182715 ns, At safepoint: 19010 ns, Total: 201725 ns
[2020-02-27T06:07:34.349+0000][1][safepoint    ] Safepoint "RevokeBias", Time since last: 2505207625 ns, Reaching safepoint: 97288 ns, At safepoint: 18302 ns, Total: 115590 ns
[2020-02-27T06:07:36.852+0000][1][safepoint    ] Safepoint "RevokeBias", Time since last: 2503574958 ns, Reaching safepoint: 330413 ns, At safepoint: 32617 ns, Total: 363030 ns
[2020-02-27T06:07:39.357+0000][1][safepoint    ] Safepoint "RevokeBias", Time since last: 2504857442 ns, Reaching safepoint: 84327 ns, At safepoint: 18789 ns, Total: 103116 ns
[2020-02-27T06:07:41.864+0000][1][safepoint    ] Safepoint "RevokeBias", Time since last: 2506365134 ns, Reaching safepoint: 84688 ns, At safepoint: 21080 ns, Total: 105768 ns
[2020-02-27T06:07:44.368+0000][1][safepoint    ] Safepoint "RevokeBias", Time since last: 2504515750 ns, Reaching safepoint: 77055 ns, At safepoint: 18186 ns, Total: 95241 ns
[2020-02-27T06:07:46.885+0000][1][safepoint    ] Safepoint "RevokeBias", Time since last: 2516275722 ns, Reaching safepoint: 73671 ns, At safepoint: 18296 ns, Total: 91967 ns
[2020-02-27T06:07:49.393+0000][1][safepoint    ] Safepoint "RevokeBias", Time since last: 2507994525 ns, Reaching safepoint: 133647 ns, At safepoint: 21226 ns, Total: 154873 ns
[2020-02-27T06:07:51.394+0000][1][safepoint    ] Safepoint "Cleanup", Time since last: 2001123200 ns, Reaching safepoint: 239961 ns, At safepoint: 25836 ns, Total: 265797 ns
[2020-02-27T06:07:51.905+0000][1][safepoint    ] Safepoint "RevokeBias", Time since last: 510547125 ns, Reaching safepoint: 73486 ns, At safepoint: 17949 ns, Total: 91435 ns
[2020-02-27T06:07:54.414+0000][1][safepoint    ] Safepoint "RevokeBias", Time since last: 2508933664 ns, Reaching safepoint: 77139 ns, At safepoint: 17519 ns, Total: 94658 ns
[2020-02-27T06:07:56.927+0000][1][safepoint    ] Safepoint "RevokeBias", Time since last: 2512567398 ns, Reaching safepoint: 88925 ns, At safepoint: 19821 ns, Total: 108746 ns
[2020-02-27T06:07:59.436+0000][1][safepoint    ] Safepoint "RevokeBias", Time since last: 2509083753 ns, Reaching safepoint: 111432 ns, At safepoint: 19285 ns, Total: 130717 ns
[2020-02-27T06:08:01.949+0000][1][safepoint    ] Safepoint "RevokeBias", Time since last: 2513004983 ns, Reaching safepoint: 195629 ns, At safepoint: 19648 ns, Total: 215277 ns
[2020-02-27T06:08:04.459+0000][1][safepoint    ] Safepoint "RevokeBias", Time since last: 2509337844 ns, Reaching safepoint: 72543 ns, At safepoint: 17365 ns, Total: 89908 ns
[2020-02-27T06:08:06.981+0000][1][safepoint    ] Safepoint "RevokeBias", Time since last: 2522462964 ns, Reaching safepoint: 71079 ns, At safepoint: 17706 ns, Total: 88785 ns
[2020-02-27T06:08:09.493+0000][1][safepoint    ] Safepoint "RevokeBias", Time since last: 2511311116 ns, Reaching safepoint: 151492 ns, At safepoint: 21171 ns, Total: 172663 ns
[2020-02-27T06:08:11.997+0000][1][safepoint    ] Safepoint "RevokeBias", Time since last: 2503791059 ns, Reaching safepoint: 161478 ns, At safepoint: 20424 ns, Total: 181902 ns
[2020-02-27T06:08:14.500+0000][1][safepoint    ] Safepoint "RevokeBias", Time since last: 2503444925 ns, Reaching safepoint: 74573 ns, At safepoint: 18233 ns, Total: 92806 ns
[2020-02-27T06:08:17.003+0000][1][safepoint    ] Safepoint "RevokeBias", Time since last: 2503167942 ns, Reaching safepoint: 75504 ns, At safepoint: 17166 ns, Total: 92670 ns
[2020-02-27T06:08:19.506+0000][1][safepoint    ] Safepoint "RevokeBias", Time since last: 2502856527 ns, Reaching safepoint: 71427 ns, At safepoint: 17668 ns, Total: 89095 ns
[2020-02-27T06:08:22.009+0000][1][safepoint    ] Safepoint "RevokeBias", Time since last: 2502152846 ns, Reaching safepoint: 77451 ns, At safepoint: 17191 ns, Total: 94642 ns
[2020-02-27T06:08:24.514+0000][1][safepoint    ] Safepoint "RevokeBias", Time since last: 2505014007 ns, Reaching safepoint: 75398 ns, At safepoint: 17997 ns, Total: 93395 ns
[2020-02-27T06:08:27.016+0000][1][safepoint    ] Safepoint "RevokeBias", Time since last: 2502538827 ns, Reaching safepoint: 165944 ns, At safepoint: 21038 ns, Total: 186982 ns
[2020-02-27T06:08:29.520+0000][1][safepoint    ] Safepoint "RevokeBias", Time since last: 2503294427 ns, Reaching safepoint: 72260 ns, At safepoint: 17301 ns, Total: 89561 ns
[2020-02-27T06:08:32.026+0000][1][safepoint    ] Safepoint "RevokeBias", Time since last: 2505973070 ns, Reaching safepoint: 93547 ns, At safepoint: 110846 ns, Total: 204393 ns
[2020-02-27T06:08:34.530+0000][1][safepoint    ] Safepoint "RevokeBias", Time since last: 2504363515 ns, Reaching safepoint: 93965 ns, At safepoint: 37015 ns, Total: 130980 ns
[2020-02-27T06:08:37.034+0000][1][safepoint    ] Safepoint "BulkRevokeBias", Time since last: 2502827213 ns, Reaching safepoint: 90108 ns, At safepoint: 286984 ns, Total: 377092 ns
[2020-02-27T06:08:39.538+0000][1][safepoint    ] Safepoint "RevokeBias", Time since last: 2503666923 ns, Reaching safepoint: 130796 ns, At safepoint: 20069 ns, Total: 150865 ns
[2020-02-27T06:08:42.043+0000][1][safepoint    ] Safepoint "RevokeBias", Time since last: 2505355495 ns, Reaching safepoint: 125635 ns, At safepoint: 22110 ns, Total: 147745 ns
[2020-02-27T06:08:44.554+0000][1][safepoint    ] Safepoint "RevokeBias", Time since last: 2511301580 ns, Reaching safepoint: 74920 ns, At safepoint: 18035 ns, Total: 92955 ns
[2020-02-27T06:08:47.061+0000][1][safepoint    ] Safepoint "RevokeBias", Time since last: 2506609666 ns, Reaching safepoint: 74068 ns, At safepoint: 17848 ns, Total: 91916 ns
[2020-02-27T06:08:49.572+0000][1][safepoint    ] Safepoint "RevokeBias", Time since last: 2510433141 ns, Reaching safepoint: 70611 ns, At safepoint: 18151 ns, Total: 88762 ns
[2020-02-27T06:08:50.572+0000][1][safepoint    ] Safepoint "Cleanup", Time since last: 1000732329 ns, Reaching safepoint: 79994 ns, At safepoint: 7255 ns, Total: 87249 ns
[2020-02-27T06:08:51.573+0000][1][safepoint    ] Safepoint "Cleanup", Time since last: 1000630327 ns, Reaching safepoint: 77491 ns, At safepoint: 6423 ns, Total: 83914 ns
[2020-02-27T06:08:52.083+0000][1][safepoint    ] Safepoint "RevokeBias", Time since last: 509916712 ns, Reaching safepoint: 77607 ns, At safepoint: 18313 ns, Total: 95920 ns
[2020-02-27T06:08:54.608+0000][1][safepoint    ] Safepoint "RevokeBias", Time since last: 2524443300 ns, Reaching safepoint: 129537 ns, At safepoint: 21078 ns, Total: 150615 ns
[2020-02-27T06:08:57.115+0000][1][safepoint    ] Safepoint "RevokeBias", Time since last: 2507316518 ns, Reaching safepoint: 119654 ns, At safepoint: 21717 ns, Total: 141371 ns
[2020-02-27T06:08:59.632+0000][1][safepoint    ] Safepoint "RevokeBias", Time since last: 2516752141 ns, Reaching safepoint: 112987 ns, At safepoint: 17883 ns, Total: 130870 ns
[2020-02-27T06:09:02.141+0000][1][safepoint    ] Safepoint "RevokeBias", Time since last: 2509136912 ns, Reaching safepoint: 103562 ns, At safepoint: 23991 ns, Total: 127553 ns
[2020-02-27T06:09:04.646+0000][1][safepoint    ] Safepoint "RevokeBias", Time since last: 2504322414 ns, Reaching safepoint: 74070 ns, At safepoint: 17251 ns, Total: 91321 ns
[2020-02-27T06:09:07.153+0000][1][safepoint    ] Safepoint "RevokeBias", Time since last: 2507224118 ns, Reaching safepoint: 187346 ns, At safepoint: 27891 ns, Total: 215237 ns
[2020-02-27T06:09:09.155+0000][1][safepoint    ] Safepoint "Cleanup", Time since last: 2001442671 ns, Reaching safepoint: 82399 ns, At safepoint: 8180 ns, Total: 90579 ns
[2020-02-27T06:09:09.655+0000][1][safepoint    ] Safepoint "RevokeBias", Time since last: 500231927 ns, Reaching safepoint: 72816 ns, At safepoint: 17427 ns, Total: 90243 ns
[2020-02-27T06:09:12.161+0000][1][safepoint    ] Safepoint "RevokeBias", Time since last: 2505851609 ns, Reaching safepoint: 75561 ns, At safepoint: 18296 ns, Total: 93857 ns
[2020-02-27T06:09:14.665+0000][1][safepoint    ] Safepoint "RevokeBias", Time since last: 2504247740 ns, Reaching safepoint: 88956 ns, At safepoint: 17162 ns, Total: 106118 ns
[2020-02-27T06:09:17.169+0000][1][safepoint    ] Safepoint "RevokeBias", Time since last: 2503196532 ns, Reaching safepoint: 72006 ns, At safepoint: 17964 ns, Total: 89970 ns
[2020-02-27T06:09:19.427+0000][1][gc,start     ] GC(72) Pause Young (Allocation Failure)
[2020-02-27T06:09:19.427+0000][1][gc,task      ] GC(72) Using 1 workers of 1 for evacuation
[2020-02-27T06:09:19.437+0000][1][gc,age       ] GC(72) Desired survivor size 4358144 bytes, new threshold 6 (max threshold 6)
[2020-02-27T06:09:19.437+0000][1][gc,age       ] GC(72) Age table with threshold 6 (max threshold 6)
[2020-02-27T06:09:19.437+0000][1][gc,age       ] GC(72) - age   1:      12512 bytes,      12512 total
[2020-02-27T06:09:19.437+0000][1][gc,age       ] GC(72) - age   2:        904 bytes,      13416 total
[2020-02-27T06:09:19.437+0000][1][gc,age       ] GC(72) - age   3:        760 bytes,      14176 total
[2020-02-27T06:09:19.437+0000][1][gc,age       ] GC(72) - age   4:        424 bytes,      14600 total
[2020-02-27T06:09:19.437+0000][1][gc,age       ] GC(72) - age   5:         56 bytes,      14656 total
[2020-02-27T06:09:19.437+0000][1][gc,age       ] GC(72) - age   6:        600 bytes,      15256 total
[2020-02-27T06:09:19.437+0000][1][gc,heap      ] GC(72) ParNew: 68177K->24K(76672K)
[2020-02-27T06:09:19.437+0000][1][gc,heap      ] GC(72) CMS: 62492K->62492K(963392K)
[2020-02-27T06:09:19.437+0000][1][gc,metaspace ] GC(72) Metaspace: 79818K->79818K(1122304K)
[2020-02-27T06:09:19.437+0000][1][gc           ] GC(72) Pause Young (Allocation Failure) 127M->61M(1015M) 9.874ms
[2020-02-27T06:09:19.437+0000][1][gc,cpu       ] GC(72) User=0.01s Sys=0.00s Real=0.01s
[2020-02-27T06:09:19.437+0000][1][safepoint    ] Safepoint "GenCollectForAllocation", Time since last: 2258629287 ns, Reaching safepoint: 73852 ns, At safepoint: 9925641 ns, Total: 9999493 ns
[2020-02-27T06:09:19.673+0000][1][safepoint    ] Safepoint "RevokeBias", Time since last: 235607198 ns, Reaching safepoint: 71267 ns, At safepoint: 17931 ns, Total: 89198 ns
[2020-02-27T06:09:22.178+0000][1][safepoint    ] Safepoint "RevokeBias", Time since last: 2505329655 ns, Reaching safepoint: 75931 ns, At safepoint: 17657 ns, Total: 93588 ns
[2020-02-27T06:09:24.683+0000][1][safepoint    ] Safepoint "RevokeBias", Time since last: 2504138940 ns, Reaching safepoint: 115961 ns, At safepoint: 29243 ns, Total: 145204 ns
[2020-02-27T06:09:27.187+0000][1][safepoint    ] Safepoint "RevokeBias", Time since last: 2503920008 ns, Reaching safepoint: 75588 ns, At safepoint: 18596 ns, Total: 94184 ns
[2020-02-27T06:09:29.690+0000][1][safepoint    ] Safepoint "RevokeBias", Time since last: 2502876064 ns, Reaching safepoint: 75496 ns, At safepoint: 17943 ns, Total: 93439 ns
[2020-02-27T06:09:32.196+0000][1][safepoint    ] Safepoint "RevokeBias", Time since last: 2505850489 ns, Reaching safepoint: 93250 ns, At safepoint: 21350 ns, Total: 114600 ns
[2020-02-27T06:09:34.700+0000][1][safepoint    ] Safepoint "RevokeBias", Time since last: 2504281686 ns, Reaching safepoint: 84196 ns, At safepoint: 20485 ns, Total: 104681 ns
[2020-02-27T06:09:37.203+0000][1][safepoint    ] Safepoint "RevokeBias", Time since last: 2502728198 ns, Reaching safepoint: 72566 ns, At safepoint: 18075 ns, Total: 90641 ns
[2020-02-27T06:09:39.707+0000][1][safepoint    ] Safepoint "RevokeBias", Time since last: 2504166569 ns, Reaching safepoint: 83360 ns, At safepoint: 21590 ns, Total: 104950 ns
[2020-02-27T06:09:42.226+0000][1][safepoint    ] Safepoint "RevokeBias", Time since last: 2518806951 ns, Reaching safepoint: 75261 ns, At safepoint: 17894 ns, Total: 93155 ns
[2020-02-27T06:09:44.741+0000][1][safepoint    ] Safepoint "RevokeBias", Time since last: 2514505453 ns, Reaching safepoint: 70620 ns, At safepoint: 17631 ns, Total: 88251 ns
[2020-02-27T06:09:47.250+0000][1][safepoint    ] Safepoint "RevokeBias", Time since last: 2509696879 ns, Reaching safepoint: 111295 ns, At safepoint: 28822 ns, Total: 140117 ns
[2020-02-27T06:09:49.760+0000][1][safepoint    ] Safepoint "BulkRevokeBias", Time since last: 2509079496 ns, Reaching safepoint: 109963 ns, At safepoint: 239877 ns, Total: 349840 ns
[2020-02-27T06:09:52.279+0000][1][safepoint    ] Safepoint "RevokeBias", Time since last: 2519200845 ns, Reaching safepoint: 111550 ns, At safepoint: 28520 ns, Total: 140070 ns
[2020-02-27T06:09:54.791+0000][1][safepoint    ] Safepoint "RevokeBias", Time since last: 2511206726 ns, Reaching safepoint: 71404 ns, At safepoint: 16498 ns, Total: 87902 ns
[2020-02-27T06:09:57.307+0000][1][safepoint    ] Safepoint "RevokeBias", Time since last: 2516678645 ns, Reaching safepoint: 54379 ns, At safepoint: 15789 ns, Total: 70168 ns
[2020-02-27T06:09:59.815+0000][1][safepoint    ] Safepoint "RevokeBias", Time since last: 2507194690 ns, Reaching safepoint: 73767 ns, At safepoint: 17763 ns, Total: 91530 ns
[2020-02-27T06:10:02.327+0000][1][safepoint    ] Safepoint "RevokeBias", Time since last: 2511686006 ns, Reaching safepoint: 254879 ns, At safepoint: 23106 ns, Total: 277985 ns
[2020-02-27T06:10:04.842+0000][1][safepoint    ] Safepoint "RevokeBias", Time since last: 2515197942 ns, Reaching safepoint: 83258 ns, At safepoint: 20194 ns, Total: 103452 ns
[2020-02-27T06:10:07.345+0000][1][safepoint    ] Safepoint "RevokeBias", Time since last: 2503322092 ns, Reaching safepoint: 72430 ns, At safepoint: 17632 ns, Total: 90062 ns
[2020-02-27T06:10:09.851+0000][1][safepoint    ] Safepoint "RevokeBias", Time since last: 2505216639 ns, Reaching safepoint: 74659 ns, At safepoint: 18233 ns, Total: 92892 ns
[2020-02-27T06:10:12.355+0000][1][safepoint    ] Safepoint "RevokeBias", Time since last: 2504058858 ns, Reaching safepoint: 85747 ns, At safepoint: 112594 ns, Total: 198341 ns
[2020-02-27T06:10:14.860+0000][1][safepoint    ] Safepoint "RevokeBias", Time since last: 2504792054 ns, Reaching safepoint: 115026 ns, At safepoint: 22703 ns, Total: 137729 ns
[2020-02-27T06:10:17.362+0000][1][safepoint    ] Safepoint "RevokeBias", Time since last: 2502600377 ns, Reaching safepoint: 77150 ns, At safepoint: 17929 ns, Total: 95079 ns
[2020-02-27T06:10:19.868+0000][1][safepoint    ] Safepoint "RevokeBias", Time since last: 2505063583 ns, Reaching safepoint: 75952 ns, At safepoint: 17571 ns, Total: 93523 ns
[2020-02-27T06:10:22.267+0000][1][safepoint    ] Safepoint "Cleanup", Time since last: 2399775655 ns, Reaching safepoint: 81231 ns, At safepoint: 7565 ns, Total: 88796 ns
[2020-02-27T06:10:22.374+0000][1][safepoint    ] Safepoint "RevokeBias", Time since last: 106179250 ns, Reaching safepoint: 72693 ns, At safepoint: 17137 ns, Total: 89830 ns
[2020-02-27T06:10:24.878+0000][1][safepoint    ] Safepoint "RevokeBias", Time since last: 2503705192 ns, Reaching safepoint: 83077 ns, At safepoint: 20245 ns, Total: 103322 ns
[2020-02-27T06:10:27.382+0000][1][safepoint    ] Safepoint "RevokeBias", Time since last: 2504122533 ns, Reaching safepoint: 205691 ns, At safepoint: 37722 ns, Total: 243413 ns
[2020-02-27T06:10:29.885+0000][1][safepoint    ] Safepoint "RevokeBias", Time since last: 2503039290 ns, Reaching safepoint: 173440 ns, At safepoint: 58648 ns, Total: 232088 ns
[2020-02-27T06:10:32.388+0000][1][safepoint    ] Safepoint "RevokeBias", Time since last: 2503073507 ns, Reaching safepoint: 88677 ns, At safepoint: 140626 ns, Total: 229303 ns
[2020-02-27T06:10:34.895+0000][1][safepoint    ] Safepoint "RevokeBias", Time since last: 2506371818 ns, Reaching safepoint: 73120 ns, At safepoint: 17478 ns, Total: 90598 ns
[2020-02-27T06:10:37.399+0000][1][safepoint    ] Safepoint "RevokeBias", Time since last: 2504373305 ns, Reaching safepoint: 114525 ns, At safepoint: 28574 ns, Total: 143099 ns
[2020-02-27T06:10:39.904+0000][1][safepoint    ] Safepoint "RevokeBias", Time since last: 2504780459 ns, Reaching safepoint: 71221 ns, At safepoint: 16842 ns, Total: 88063 ns
[2020-02-27T06:10:42.411+0000][1][safepoint    ] Safepoint "RevokeBias", Time since last: 2506174012 ns, Reaching safepoint: 73443 ns, At safepoint: 18119 ns, Total: 91562 ns
[2020-02-27T06:10:44.929+0000][1][safepoint    ] Safepoint "RevokeBias", Time since last: 2518745352 ns, Reaching safepoint: 74908 ns, At safepoint: 18000 ns, Total: 92908 ns
[2020-02-27T06:10:47.438+0000][1][safepoint    ] Safepoint "RevokeBias", Time since last: 2508613398 ns, Reaching safepoint: 118019 ns, At safepoint: 22108 ns, Total: 140127 ns
[2020-02-27T06:10:49.962+0000][1][safepoint    ] Safepoint "RevokeBias", Time since last: 2517180401 ns, Reaching safepoint: 6511554 ns, At safepoint: 25182 ns, Total: 6536736 ns
[2020-02-27T06:10:52.466+0000][1][safepoint    ] Safepoint "RevokeBias", Time since last: 2504458463 ns, Reaching safepoint: 70975 ns, At safepoint: 17070 ns, Total: 88045 ns
[2020-02-27T06:10:54.981+0000][1][safepoint    ] Safepoint "RevokeBias", Time since last: 2514580079 ns, Reaching safepoint: 75003 ns, At safepoint: 17122 ns, Total: 92125 ns
[2020-02-27T06:10:57.491+0000][1][safepoint    ] Safepoint "RevokeBias", Time since last: 2509625924 ns, Reaching safepoint: 73571 ns, At safepoint: 18007 ns, Total: 91578 ns
[2020-02-27T06:11:00.001+0000][1][safepoint    ] Safepoint "RevokeBias", Time since last: 2509944902 ns, Reaching safepoint: 120767 ns, At safepoint: 24611 ns, Total: 145378 ns
[2020-02-27T06:11:02.512+0000][1][safepoint    ] Safepoint "BulkRevokeBias", Time since last: 2510476357 ns, Reaching safepoint: 186516 ns, At safepoint: 194480 ns, Total: 380996 ns
[2020-02-27T06:11:05.017+0000][1][safepoint    ] Safepoint "RevokeBias", Time since last: 2505487708 ns, Reaching safepoint: 92867 ns, At safepoint: 23200 ns, Total: 116067 ns
[2020-02-27T06:11:07.520+0000][1][safepoint    ] Safepoint "RevokeBias", Time since last: 2502387258 ns, Reaching safepoint: 77178 ns, At safepoint: 18413 ns, Total: 95591 ns
[2020-02-27T06:11:10.025+0000][1][safepoint    ] Safepoint "RevokeBias", Time since last: 2505434080 ns, Reaching safepoint: 76519 ns, At safepoint: 17640 ns, Total: 94159 ns
[2020-02-27T06:11:12.532+0000][1][safepoint    ] Safepoint "RevokeBias", Time since last: 2506474171 ns, Reaching safepoint: 80624 ns, At safepoint: 19664 ns, Total: 100288 ns
[2020-02-27T06:11:15.038+0000][1][safepoint    ] Safepoint "RevokeBias", Time since last: 2505514909 ns, Reaching safepoint: 75501 ns, At safepoint: 17971 ns, Total: 93472 ns
[2020-02-27T06:11:17.541+0000][1][safepoint    ] Safepoint "RevokeBias", Time since last: 2503097621 ns, Reaching safepoint: 92464 ns, At safepoint: 20485 ns, Total: 112949 ns
[2020-02-27T06:11:20.046+0000][1][safepoint    ] Safepoint "RevokeBias", Time since last: 2504887817 ns, Reaching safepoint: 73706 ns, At safepoint: 17349 ns, Total: 91055 ns
[2020-02-27T06:11:22.552+0000][1][safepoint    ] Safepoint "RevokeBias", Time since last: 2505702671 ns, Reaching safepoint: 74580 ns, At safepoint: 17667 ns, Total: 92247 ns
[2020-02-27T06:11:25.055+0000][1][safepoint    ] Safepoint "RevokeBias", Time since last: 2503087294 ns, Reaching safepoint: 73939 ns, At safepoint: 17510 ns, Total: 91449 ns
[2020-02-27T06:11:27.557+0000][1][safepoint    ] Safepoint "RevokeBias", Time since last: 2501831876 ns, Reaching safepoint: 72795 ns, At safepoint: 17133 ns, Total: 89928 ns
[2020-02-27T06:11:30.060+0000][1][safepoint    ] Safepoint "RevokeBias", Time since last: 2503224947 ns, Reaching safepoint: 174863 ns, At safepoint: 36842 ns, Total: 211705 ns
[2020-02-27T06:11:32.566+0000][1][safepoint    ] Safepoint "RevokeBias", Time since last: 2505928889 ns, Reaching safepoint: 72046 ns, At safepoint: 16754 ns, Total: 88800 ns
[2020-02-27T06:11:34.541+0000][1][gc,start     ] GC(73) Pause Young (Allocation Failure)
[2020-02-27T06:11:34.541+0000][1][gc,task      ] GC(73) Using 1 workers of 1 for evacuation
[2020-02-27T06:11:34.553+0000][1][gc,age       ] GC(73) Desired survivor size 4358144 bytes, new threshold 6 (max threshold 6)
[2020-02-27T06:11:34.553+0000][1][gc,age       ] GC(73) Age table with threshold 6 (max threshold 6)
[2020-02-27T06:11:34.553+0000][1][gc,age       ] GC(73) - age   1:      11144 bytes,      11144 total
[2020-02-27T06:11:34.553+0000][1][gc,age       ] GC(73) - age   2:        728 bytes,      11872 total
[2020-02-27T06:11:34.553+0000][1][gc,age       ] GC(73) - age   3:        904 bytes,      12776 total
[2020-02-27T06:11:34.553+0000][1][gc,age       ] GC(73) - age   4:        760 bytes,      13536 total
[2020-02-27T06:11:34.553+0000][1][gc,age       ] GC(73) - age   5:        192 bytes,      13728 total
[2020-02-27T06:11:34.553+0000][1][gc,age       ] GC(73) - age   6:         56 bytes,      13784 total
[2020-02-27T06:11:34.553+0000][1][gc,heap      ] GC(73) ParNew: 68184K->14K(76672K)
[2020-02-27T06:11:34.553+0000][1][gc,heap      ] GC(73) CMS: 62492K->62493K(963392K)
[2020-02-27T06:11:34.553+0000][1][gc,metaspace ] GC(73) Metaspace: 79830K->79830K(1122304K)
[2020-02-27T06:11:34.553+0000][1][gc           ] GC(73) Pause Young (Allocation Failure) 127M->61M(1015M) 12.761ms
[2020-02-27T06:11:34.553+0000][1][gc,cpu       ] GC(73) User=0.01s Sys=0.00s Real=0.02s
[2020-02-27T06:11:34.553+0000][1][safepoint    ] Safepoint "GenCollectForAllocation", Time since last: 1974361370 ns, Reaching safepoint: 66255 ns, At safepoint: 12834671 ns, Total: 12900926 ns
[2020-02-27T06:11:35.071+0000][1][safepoint    ] Safepoint "RevokeBias", Time since last: 517765315 ns, Reaching safepoint: 73702 ns, At safepoint: 18346 ns, Total: 92048 ns
[2020-02-27T06:11:37.575+0000][1][safepoint    ] Safepoint "RevokeBias", Time since last: 2504053708 ns, Reaching safepoint: 74392 ns, At safepoint: 17504 ns, Total: 91896 ns
[2020-02-27T06:11:40.080+0000][1][safepoint    ] Safepoint "RevokeBias", Time since last: 2504854031 ns, Reaching safepoint: 73199 ns, At safepoint: 16992 ns, Total: 90191 ns
[2020-02-27T06:11:42.601+0000][1][safepoint    ] Safepoint "RevokeBias", Time since last: 2520450793 ns, Reaching safepoint: 71192 ns, At safepoint: 16644 ns, Total: 87836 ns
[2020-02-27T06:11:45.111+0000][1][safepoint    ] Safepoint "RevokeBias", Time since last: 2510331527 ns, Reaching safepoint: 84778 ns, At safepoint: 20255 ns, Total: 105033 ns
[2020-02-27T06:11:47.627+0000][1][safepoint    ] Safepoint "RevokeBias", Time since last: 2515856661 ns, Reaching safepoint: 88897 ns, At safepoint: 20297 ns, Total: 109194 ns
[2020-02-27T06:11:50.134+0000][1][safepoint    ] Safepoint "RevokeBias", Time since last: 2507049600 ns, Reaching safepoint: 87098 ns, At safepoint: 20917 ns, Total: 108015 ns
[2020-02-27T06:11:52.647+0000][1][safepoint    ] Safepoint "RevokeBias", Time since last: 2512558481 ns, Reaching safepoint: 72838 ns, At safepoint: 17636 ns, Total: 90474 ns
[2020-02-27T06:11:55.156+0000][1][safepoint    ] Safepoint "RevokeBias", Time since last: 2508632308 ns, Reaching safepoint: 132141 ns, At safepoint: 23896 ns, Total: 156037 ns
[2020-02-27T06:11:57.669+0000][1][safepoint    ] Safepoint "RevokeBias", Time since last: 2512359009 ns, Reaching safepoint: 464747 ns, At safepoint: 22256 ns, Total: 487003 ns
[2020-02-27T06:12:00.175+0000][1][safepoint    ] Safepoint "RevokeBias", Time since last: 2506232272 ns, Reaching safepoint: 71042 ns, At safepoint: 17764 ns, Total: 88806 ns
[2020-02-27T06:12:02.696+0000][1][safepoint    ] Safepoint "RevokeBias", Time since last: 2521157365 ns, Reaching safepoint: 54220 ns, At safepoint: 16171 ns, Total: 70391 ns
[2020-02-27T06:12:05.206+0000][1][safepoint    ] Safepoint "RevokeBias", Time since last: 2509218749 ns, Reaching safepoint: 75442 ns, At safepoint: 18860 ns, Total: 94302 ns
[2020-02-27T06:12:07.710+0000][1][safepoint    ] Safepoint "RevokeBias", Time since last: 2503969674 ns, Reaching safepoint: 73340 ns, At safepoint: 18060 ns, Total: 91400 ns
[2020-02-27T06:12:10.213+0000][1][safepoint    ] Safepoint "RevokeBias", Time since last: 2503347509 ns, Reaching safepoint: 138695 ns, At safepoint: 68212 ns, Total: 206907 ns
[2020-02-27T06:12:12.719+0000][1][safepoint    ] Safepoint "RevokeBias", Time since last: 2505642486 ns, Reaching safepoint: 75041 ns, At safepoint: 19004 ns, Total: 94045 ns
[2020-02-27T06:12:15.223+0000][1][safepoint    ] Safepoint "BulkRevokeBias", Time since last: 2503935122 ns, Reaching safepoint: 92213 ns, At safepoint: 290497 ns, Total: 382710 ns
[2020-02-27T06:12:17.725+0000][1][safepoint    ] Safepoint "RevokeBias", Time since last: 2501990181 ns, Reaching safepoint: 90683 ns, At safepoint: 20829 ns, Total: 111512 ns
[2020-02-27T06:12:20.231+0000][1][safepoint    ] Safepoint "RevokeBias", Time since last: 2505400635 ns, Reaching safepoint: 130760 ns, At safepoint: 33408 ns, Total: 164168 ns
[2020-02-27T06:12:22.737+0000][1][safepoint    ] Safepoint "RevokeBias", Time since last: 2505529980 ns, Reaching safepoint: 75738 ns, At safepoint: 18234 ns, Total: 93972 ns
[2020-02-27T06:12:25.241+0000][1][safepoint    ] Safepoint "RevokeBias", Time since last: 2504143805 ns, Reaching safepoint: 82842 ns, At safepoint: 21379 ns, Total: 104221 ns
[2020-02-27T06:12:27.745+0000][1][safepoint    ] Safepoint "RevokeBias", Time since last: 2503904030 ns, Reaching safepoint: 103203 ns, At safepoint: 24477 ns, Total: 127680 ns
[2020-02-27T06:12:30.248+0000][1][safepoint    ] Safepoint "RevokeBias", Time since last: 2502969109 ns, Reaching safepoint: 72216 ns, At safepoint: 17523 ns, Total: 89739 ns
[2020-02-27T06:12:32.754+0000][1][safepoint    ] Safepoint "RevokeBias", Time since last: 2505620117 ns, Reaching safepoint: 78716 ns, At safepoint: 19196 ns, Total: 97912 ns
[2020-02-27T06:12:35.258+0000][1][safepoint    ] Safepoint "RevokeBias", Time since last: 2504351024 ns, Reaching safepoint: 71656 ns, At safepoint: 17493 ns, Total: 89149 ns
[2020-02-27T06:12:37.761+0000][1][safepoint    ] Safepoint "RevokeBias", Time since last: 2502843264 ns, Reaching safepoint: 232118 ns, At safepoint: 20039 ns, Total: 252157 ns
[2020-02-27T06:12:40.265+0000][1][safepoint    ] Safepoint "RevokeBias", Time since last: 2503566577 ns, Reaching safepoint: 199658 ns, At safepoint: 19223 ns, Total: 218881 ns
[2020-02-27T06:12:42.770+0000][1][safepoint    ] Safepoint "RevokeBias", Time since last: 2504909888 ns, Reaching safepoint: 74170 ns, At safepoint: 18243 ns, Total: 92413 ns
[2020-02-27T06:12:45.280+0000][1][safepoint    ] Safepoint "RevokeBias", Time since last: 2510413544 ns, Reaching safepoint: 53312 ns, At safepoint: 16221 ns, Total: 69533 ns
[2020-02-27T06:12:47.793+0000][1][safepoint    ] Safepoint "RevokeBias", Time since last: 2512848604 ns, Reaching safepoint: 72886 ns, At safepoint: 18060 ns, Total: 90946 ns
[2020-02-27T06:12:50.303+0000][1][safepoint    ] Safepoint "RevokeBias", Time since last: 2509798908 ns, Reaching safepoint: 70887 ns, At safepoint: 17596 ns, Total: 88483 ns
[2020-02-27T06:12:52.814+0000][1][safepoint    ] Safepoint "RevokeBias", Time since last: 2510375702 ns, Reaching safepoint: 73622 ns, At safepoint: 18462 ns, Total: 92084 ns
[2020-02-27T06:12:55.327+0000][1][safepoint    ] Safepoint "RevokeBias", Time since last: 2512866651 ns, Reaching safepoint: 91902 ns, At safepoint: 24405 ns, Total: 116307 ns
[2020-02-27T06:12:57.846+0000][1][safepoint    ] Safepoint "RevokeBias", Time since last: 2519588524 ns, Reaching safepoint: 87998 ns, At safepoint: 20345 ns, Total: 108343 ns
[2020-02-27T06:13:00.369+0000][1][safepoint    ] Safepoint "RevokeBias", Time since last: 2522489223 ns, Reaching safepoint: 242158 ns, At safepoint: 25836 ns, Total: 267994 ns
[2020-02-27T06:13:02.879+0000][1][safepoint    ] Safepoint "RevokeBias", Time since last: 2509696681 ns, Reaching safepoint: 114835 ns, At safepoint: 32465 ns, Total: 147300 ns
[2020-02-27T06:13:05.385+0000][1][safepoint    ] Safepoint "RevokeBias", Time since last: 2505826549 ns, Reaching safepoint: 72589 ns, At safepoint: 17676 ns, Total: 90265 ns
[2020-02-27T06:13:07.888+0000][1][safepoint    ] Safepoint "RevokeBias", Time since last: 2502950599 ns, Reaching safepoint: 114945 ns, At safepoint: 35285 ns, Total: 150230 ns
[2020-02-27T06:13:10.394+0000][1][safepoint    ] Safepoint "RevokeBias", Time since last: 2505732364 ns, Reaching safepoint: 84929 ns, At safepoint: 21413 ns, Total: 106342 ns
[2020-02-27T06:13:12.900+0000][1][safepoint    ] Safepoint "RevokeBias", Time since last: 2506198897 ns, Reaching safepoint: 73624 ns, At safepoint: 17499 ns, Total: 91123 ns
[2020-02-27T06:13:15.404+0000][1][safepoint    ] Safepoint "RevokeBias", Time since last: 2504060689 ns, Reaching safepoint: 73013 ns, At safepoint: 17786 ns, Total: 90799 ns
[2020-02-27T06:13:17.908+0000][1][safepoint    ] Safepoint "RevokeBias", Time since last: 2503756305 ns, Reaching safepoint: 84389 ns, At safepoint: 21044 ns, Total: 105433 ns
[2020-02-27T06:13:20.415+0000][1][safepoint    ] Safepoint "RevokeBias", Time since last: 2506451385 ns, Reaching safepoint: 74619 ns, At safepoint: 17250 ns, Total: 91869 ns
[2020-02-27T06:13:22.920+0000][1][safepoint    ] Safepoint "RevokeBias", Time since last: 2505506687 ns, Reaching safepoint: 93153 ns, At safepoint: 19158 ns, Total: 112311 ns
[2020-02-27T06:13:25.425+0000][1][safepoint    ] Safepoint "RevokeBias", Time since last: 2504313393 ns, Reaching safepoint: 137993 ns, At safepoint: 20848 ns, Total: 158841 ns
[2020-02-27T06:13:27.928+0000][1][safepoint    ] Safepoint "BulkRevokeBias", Time since last: 2502858775 ns, Reaching safepoint: 154367 ns, At safepoint: 357167 ns, Total: 511534 ns
[2020-02-27T06:13:30.432+0000][1][safepoint    ] Safepoint "RevokeBias", Time since last: 2503612232 ns, Reaching safepoint: 172385 ns, At safepoint: 36084 ns, Total: 208469 ns
[2020-02-27T06:13:32.935+0000][1][safepoint    ] Safepoint "RevokeBias", Time since last: 2503129822 ns, Reaching safepoint: 177514 ns, At safepoint: 19653 ns, Total: 197167 ns
[2020-02-27T06:13:35.440+0000][1][safepoint    ] Safepoint "RevokeBias", Time since last: 2504314472 ns, Reaching safepoint: 75533 ns, At safepoint: 18325 ns, Total: 93858 ns
[2020-02-27T06:13:37.945+0000][1][safepoint    ] Safepoint "RevokeBias", Time since last: 2504721058 ns, Reaching safepoint: 75550 ns, At safepoint: 18780 ns, Total: 94330 ns
[2020-02-27T06:13:40.450+0000][1][safepoint    ] Safepoint "RevokeBias", Time since last: 2505428372 ns, Reaching safepoint: 129942 ns, At safepoint: 18270 ns, Total: 148212 ns
[2020-02-27T06:13:42.969+0000][1][safepoint    ] Safepoint "RevokeBias", Time since last: 2519170455 ns, Reaching safepoint: 192199 ns, At safepoint: 27460 ns, Total: 219659 ns
[2020-02-27T06:13:45.617+0000][1][safepoint    ] Safepoint "RevokeBias", Time since last: 2647224415 ns, Reaching safepoint: 114275 ns, At safepoint: 29031 ns, Total: 143306 ns
[2020-02-27T06:13:48.136+0000][1][safepoint    ] Safepoint "RevokeBias", Time since last: 2518677019 ns, Reaching safepoint: 90063 ns, At safepoint: 23407 ns, Total: 113470 ns
[2020-02-27T06:13:50.649+0000][1][gc,start     ] GC(74) Pause Young (Allocation Failure)
[2020-02-27T06:13:50.649+0000][1][gc,task      ] GC(74) Using 1 workers of 1 for evacuation
[2020-02-27T06:13:50.659+0000][1][gc,age       ] GC(74) Desired survivor size 4358144 bytes, new threshold 6 (max threshold 6)
[2020-02-27T06:13:50.659+0000][1][gc,age       ] GC(74) Age table with threshold 6 (max threshold 6)
[2020-02-27T06:13:50.659+0000][1][gc,age       ] GC(74) - age   1:      76744 bytes,      76744 total
[2020-02-27T06:13:50.659+0000][1][gc,age       ] GC(74) - age   2:        504 bytes,      77248 total
[2020-02-27T06:13:50.659+0000][1][gc,age       ] GC(74) - age   3:        728 bytes,      77976 total
[2020-02-27T06:13:50.659+0000][1][gc,age       ] GC(74) - age   4:        904 bytes,      78880 total
[2020-02-27T06:13:50.659+0000][1][gc,age       ] GC(74) - age   5:        760 bytes,      79640 total
[2020-02-27T06:13:50.659+0000][1][gc,age       ] GC(74) - age   6:        192 bytes,      79832 total
[2020-02-27T06:13:50.659+0000][1][gc,heap      ] GC(74) ParNew: 68174K->91K(76672K)
[2020-02-27T06:13:50.659+0000][1][gc,heap      ] GC(74) CMS: 62493K->62493K(963392K)
[2020-02-27T06:13:50.660+0000][1][gc,metaspace ] GC(74) Metaspace: 79838K->79838K(1122304K)
[2020-02-27T06:13:50.660+0000][1][gc           ] GC(74) Pause Young (Allocation Failure) 127M->61M(1015M) 10.558ms
[2020-02-27T06:13:50.660+0000][1][gc,cpu       ] GC(74) User=0.01s Sys=0.00s Real=0.01s
[2020-02-27T06:13:50.660+0000][1][safepoint    ] Safepoint "GenCollectForAllocation", Time since last: 2513164944 ns, Reaching safepoint: 158985 ns, At safepoint: 10620836 ns, Total: 10779821 ns
[2020-02-27T06:13:50.661+0000][1][safepoint    ] Safepoint "RevokeBias", Time since last: 1081728 ns, Reaching safepoint: 57110 ns, At safepoint: 16942 ns, Total: 74052 ns
[2020-02-27T06:13:53.177+0000][1][safepoint    ] Safepoint "RevokeBias", Time since last: 2516275551 ns, Reaching safepoint: 75390 ns, At safepoint: 17656 ns, Total: 93046 ns
[2020-02-27T06:13:55.688+0000][1][safepoint    ] Safepoint "RevokeBias", Time since last: 2510555618 ns, Reaching safepoint: 83226 ns, At safepoint: 20937 ns, Total: 104163 ns
[2020-02-27T06:13:58.202+0000][1][safepoint    ] Safepoint "RevokeBias", Time since last: 2513635840 ns, Reaching safepoint: 89787 ns, At safepoint: 20338 ns, Total: 110125 ns
[2020-02-27T06:14:00.714+0000][1][safepoint    ] Safepoint "RevokeBias", Time since last: 2512640136 ns, Reaching safepoint: 77764 ns, At safepoint: 19429 ns, Total: 97193 ns
[2020-02-27T06:14:03.237+0000][1][safepoint    ] Safepoint "RevokeBias", Time since last: 2522518087 ns, Reaching safepoint: 69785 ns, At safepoint: 17285 ns, Total: 87070 ns
[2020-02-27T06:14:05.748+0000][1][safepoint    ] Safepoint "RevokeBias", Time since last: 2511279410 ns, Reaching safepoint: 73881 ns, At safepoint: 17707 ns, Total: 91588 ns
[2020-02-27T06:14:08.251+0000][1][safepoint    ] Safepoint "RevokeBias", Time since last: 2502783179 ns, Reaching safepoint: 89764 ns, At safepoint: 20314 ns, Total: 110078 ns
[2020-02-27T06:14:10.754+0000][1][safepoint    ] Safepoint "RevokeBias", Time since last: 2502874257 ns, Reaching safepoint: 74366 ns, At safepoint: 17307 ns, Total: 91673 ns
[2020-02-27T06:14:13.260+0000][1][safepoint    ] Safepoint "RevokeBias", Time since last: 2505255196 ns, Reaching safepoint: 168567 ns, At safepoint: 19929 ns, Total: 188496 ns
[2020-02-27T06:14:15.766+0000][1][safepoint    ] Safepoint "RevokeBias", Time since last: 2506601951 ns, Reaching safepoint: 113771 ns, At safepoint: 26100 ns, Total: 139871 ns
[2020-02-27T06:14:18.269+0000][1][safepoint    ] Safepoint "RevokeBias", Time since last: 2502739141 ns, Reaching safepoint: 101796 ns, At safepoint: 19551 ns, Total: 121347 ns
[2020-02-27T06:14:20.775+0000][1][safepoint    ] Safepoint "RevokeBias", Time since last: 2505395016 ns, Reaching safepoint: 56932 ns, At safepoint: 16565 ns, Total: 73497 ns
[2020-02-27T06:14:21.775+0000][1][safepoint    ] Safepoint "Cleanup", Time since last: 1000228948 ns, Reaching safepoint: 90527 ns, At safepoint: 8578 ns, Total: 99105 ns
[2020-02-27T06:14:23.281+0000][1][safepoint    ] Safepoint "RevokeBias", Time since last: 1506066517 ns, Reaching safepoint: 112785 ns, At safepoint: 28235 ns, Total: 141020 ns
[2020-02-27T06:14:25.787+0000][1][safepoint    ] Safepoint "RevokeBias", Time since last: 2505705466 ns, Reaching safepoint: 73985 ns, At safepoint: 17871 ns, Total: 91856 ns
[2020-02-27T06:14:28.290+0000][1][safepoint    ] Safepoint "RevokeBias", Time since last: 2503144226 ns, Reaching safepoint: 62656 ns, At safepoint: 19169 ns, Total: 81825 ns
[2020-02-27T06:14:30.795+0000][1][safepoint    ] Safepoint "RevokeBias", Time since last: 2504278493 ns, Reaching safepoint: 95829 ns, At safepoint: 20971 ns, Total: 116800 ns
[2020-02-27T06:14:33.301+0000][1][safepoint    ] Safepoint "RevokeBias", Time since last: 2506109744 ns, Reaching safepoint: 72652 ns, At safepoint: 18647 ns, Total: 91299 ns
[2020-02-27T06:14:35.806+0000][1][safepoint    ] Safepoint "RevokeBias", Time since last: 2505105096 ns, Reaching safepoint: 74438 ns, At safepoint: 18113 ns, Total: 92551 ns
[2020-02-27T06:14:38.310+0000][1][safepoint    ] Safepoint "RevokeBias", Time since last: 2503767677 ns, Reaching safepoint: 190383 ns, At safepoint: 26967 ns, Total: 217350 ns
[2020-02-27T06:14:40.821+0000][1][safepoint    ] Safepoint "BulkRevokeBias", Time since last: 2511011249 ns, Reaching safepoint: 72721 ns, At safepoint: 424840 ns, Total: 497561 ns
[2020-02-27T06:14:43.333+0000][1][safepoint    ] Safepoint "RevokeBias", Time since last: 2511751638 ns, Reaching safepoint: 69800 ns, At safepoint: 17135 ns, Total: 86935 ns
[2020-02-27T06:14:45.852+0000][1][safepoint    ] Safepoint "RevokeBias", Time since last: 2518709181 ns, Reaching safepoint: 74644 ns, At safepoint: 19317 ns, Total: 93961 ns
[2020-02-27T06:14:48.361+0000][1][safepoint    ] Safepoint "RevokeBias", Time since last: 2508680168 ns, Reaching safepoint: 71101 ns, At safepoint: 41542 ns, Total: 112643 ns
[2020-02-27T06:14:49.361+0000][1][safepoint    ] Safepoint "Cleanup", Time since last: 1000479455 ns, Reaching safepoint: 96530 ns, At safepoint: 7673 ns, Total: 104203 ns
[2020-02-27T06:14:50.872+0000][1][safepoint    ] Safepoint "RevokeBias", Time since last: 1510619365 ns, Reaching safepoint: 166150 ns, At safepoint: 29459 ns, Total: 195609 ns
[2020-02-27T06:14:53.386+0000][1][safepoint    ] Safepoint "RevokeBias", Time since last: 2513458992 ns, Reaching safepoint: 109012 ns, At safepoint: 111911 ns, Total: 220923 ns
[2020-02-27T06:14:55.906+0000][1][safepoint    ] Safepoint "RevokeBias", Time since last: 2519727773 ns, Reaching safepoint: 70945 ns, At safepoint: 17302 ns, Total: 88247 ns
[2020-02-27T06:14:58.413+0000][1][safepoint    ] Safepoint "RevokeBias", Time since last: 2507165703 ns, Reaching safepoint: 76355 ns, At safepoint: 19239 ns, Total: 95594 ns
[2020-02-27T06:15:00.924+0000][1][safepoint    ] Safepoint "RevokeBias", Time since last: 2510515718 ns, Reaching safepoint: 104706 ns, At safepoint: 59227 ns, Total: 163933 ns
[2020-02-27T06:15:03.437+0000][1][safepoint    ] Safepoint "RevokeBias", Time since last: 2513472439 ns, Reaching safepoint: 72487 ns, At safepoint: 17362 ns, Total: 89849 ns
[2020-02-27T06:15:05.943+0000][1][safepoint    ] Safepoint "RevokeBias", Time since last: 2505844751 ns, Reaching safepoint: 73135 ns, At safepoint: 17120 ns, Total: 90255 ns
[2020-02-27T06:15:08.447+0000][1][safepoint    ] Safepoint "RevokeBias", Time since last: 2503805591 ns, Reaching safepoint: 74798 ns, At safepoint: 18354 ns, Total: 93152 ns
[2020-02-27T06:15:10.952+0000][1][safepoint    ] Safepoint "RevokeBias", Time since last: 2504796681 ns, Reaching safepoint: 72138 ns, At safepoint: 17492 ns, Total: 89630 ns
[2020-02-27T06:15:13.457+0000][1][safepoint    ] Safepoint "RevokeBias", Time since last: 2505042168 ns, Reaching safepoint: 85344 ns, At safepoint: 20330 ns, Total: 105674 ns
[2020-02-27T06:15:15.964+0000][1][safepoint    ] Safepoint "RevokeBias", Time since last: 2506494770 ns, Reaching safepoint: 95573 ns, At safepoint: 19295 ns, Total: 114868 ns
[2020-02-27T06:15:18.467+0000][1][safepoint    ] Safepoint "RevokeBias", Time since last: 2502872967 ns, Reaching safepoint: 118816 ns, At safepoint: 25401 ns, Total: 144217 ns
[2020-02-27T06:15:20.970+0000][1][safepoint    ] Safepoint "RevokeBias", Time since last: 2503249638 ns, Reaching safepoint: 74089 ns, At safepoint: 17686 ns, Total: 91775 ns
[2020-02-27T06:15:23.476+0000][1][safepoint    ] Safepoint "RevokeBias", Time since last: 2505758849 ns, Reaching safepoint: 92245 ns, At safepoint: 19497 ns, Total: 111742 ns
[2020-02-27T06:15:25.980+0000][1][safepoint    ] Safepoint "RevokeBias", Time since last: 2503879374 ns, Reaching safepoint: 160995 ns, At safepoint: 43185 ns, Total: 204180 ns
[2020-02-27T06:15:28.483+0000][1][safepoint    ] Safepoint "RevokeBias", Time since last: 2503114607 ns, Reaching safepoint: 215618 ns, At safepoint: 54703 ns, Total: 270321 ns
[2020-02-27T06:15:30.988+0000][1][safepoint    ] Safepoint "RevokeBias", Time since last: 2504726780 ns, Reaching safepoint: 104041 ns, At safepoint: 25090 ns, Total: 129131 ns
[2020-02-27T06:15:33.497+0000][1][safepoint    ] Safepoint "RevokeBias", Time since last: 2508691720 ns, Reaching safepoint: 107230 ns, At safepoint: 26225 ns, Total: 133455 ns
[2020-02-27T06:15:36.001+0000][1][safepoint    ] Safepoint "RevokeBias", Time since last: 2504238150 ns, Reaching safepoint: 72267 ns, At safepoint: 17878 ns, Total: 90145 ns
[2020-02-27T06:15:38.505+0000][1][safepoint    ] Safepoint "RevokeBias", Time since last: 2503036902 ns, Reaching safepoint: 67559 ns, At safepoint: 19700 ns, Total: 87259 ns
[2020-02-27T06:15:41.011+0000][1][safepoint    ] Safepoint "RevokeBias", Time since last: 2506449828 ns, Reaching safepoint: 72368 ns, At safepoint: 18092 ns, Total: 90460 ns
[2020-02-27T06:15:43.527+0000][1][safepoint    ] Safepoint "RevokeBias", Time since last: 2515418854 ns, Reaching safepoint: 207941 ns, At safepoint: 37523 ns, Total: 245464 ns
[2020-02-27T06:15:46.042+0000][1][safepoint    ] Safepoint "RevokeBias", Time since last: 2515053814 ns, Reaching safepoint: 73914 ns, At safepoint: 44059 ns, Total: 117973 ns
[2020-02-27T06:15:48.549+0000][1][safepoint    ] Safepoint "RevokeBias", Time since last: 2506534310 ns, Reaching safepoint: 71185 ns, At safepoint: 16994 ns, Total: 88179 ns
[2020-02-27T06:15:51.063+0000][1][safepoint    ] Safepoint "RevokeBias", Time since last: 2514793506 ns, Reaching safepoint: 75358 ns, At safepoint: 18045 ns, Total: 93403 ns
[2020-02-27T06:15:52.064+0000][1][safepoint    ] Safepoint "Cleanup", Time since last: 1000548629 ns, Reaching safepoint: 78384 ns, At safepoint: 6555 ns, Total: 84939 ns
[2020-02-27T06:15:53.583+0000][1][safepoint    ] Safepoint "BulkRevokeBias", Time since last: 1519031114 ns, Reaching safepoint: 73186 ns, At safepoint: 243399 ns, Total: 316585 ns
[2020-02-27T06:15:56.099+0000][1][safepoint    ] Safepoint "RevokeBias", Time since last: 2515234153 ns, Reaching safepoint: 153910 ns, At safepoint: 20712 ns, Total: 174622 ns
[2020-02-27T06:15:58.608+0000][1][safepoint    ] Safepoint "RevokeBias", Time since last: 2509312815 ns, Reaching safepoint: 112676 ns, At safepoint: 27744 ns, Total: 140420 ns
[2020-02-27T06:15:59.609+0000][1][safepoint    ] Safepoint "Cleanup", Time since last: 1000238479 ns, Reaching safepoint: 83303 ns, At safepoint: 7532 ns, Total: 90835 ns
[2020-02-27T06:16:01.117+0000][1][safepoint    ] Safepoint "RevokeBias", Time since last: 1507796020 ns, Reaching safepoint: 142021 ns, At safepoint: 45697 ns, Total: 187718 ns
[2020-02-27T06:16:03.629+0000][1][safepoint    ] Safepoint "RevokeBias", Time since last: 2512360667 ns, Reaching safepoint: 185243 ns, At safepoint: 20607 ns, Total: 205850 ns
[2020-02-27T06:16:06.142+0000][1][safepoint    ] Safepoint "RevokeBias", Time since last: 2512281881 ns, Reaching safepoint: 74122 ns, At safepoint: 17297 ns, Total: 91419 ns
[2020-02-27T06:16:08.644+0000][1][safepoint    ] Safepoint "RevokeBias", Time since last: 2502441359 ns, Reaching safepoint: 86956 ns, At safepoint: 20944 ns, Total: 107900 ns
[2020-02-27T06:16:09.737+0000][1][gc,start     ] GC(75) Pause Young (Allocation Failure)
[2020-02-27T06:16:09.737+0000][1][gc,task      ] GC(75) Using 1 workers of 1 for evacuation
[2020-02-27T06:16:09.747+0000][1][gc,age       ] GC(75) Desired survivor size 4358144 bytes, new threshold 6 (max threshold 6)
[2020-02-27T06:16:09.747+0000][1][gc,age       ] GC(75) Age table with threshold 6 (max threshold 6)
[2020-02-27T06:16:09.747+0000][1][gc,age       ] GC(75) - age   1:      10864 bytes,      10864 total
[2020-02-27T06:16:09.747+0000][1][gc,age       ] GC(75) - age   2:        120 bytes,      10984 total
[2020-02-27T06:16:09.747+0000][1][gc,age       ] GC(75) - age   3:        504 bytes,      11488 total
[2020-02-27T06:16:09.747+0000][1][gc,age       ] GC(75) - age   4:        728 bytes,      12216 total
[2020-02-27T06:16:09.747+0000][1][gc,age       ] GC(75) - age   5:        904 bytes,      13120 total
[2020-02-27T06:16:09.747+0000][1][gc,age       ] GC(75) - age   6:        760 bytes,      13880 total
[2020-02-27T06:16:09.747+0000][1][gc,heap      ] GC(75) ParNew: 68251K->17K(76672K)
[2020-02-27T06:16:09.747+0000][1][gc,heap      ] GC(75) CMS: 62493K->62493K(963392K)
[2020-02-27T06:16:09.747+0000][1][gc,metaspace ] GC(75) Metaspace: 79841K->79841K(1122304K)
[2020-02-27T06:16:09.747+0000][1][gc           ] GC(75) Pause Young (Allocation Failure) 127M->61M(1015M) 10.677ms
[2020-02-27T06:16:09.747+0000][1][gc,cpu       ] GC(75) User=0.01s Sys=0.00s Real=0.01s
[2020-02-27T06:16:09.747+0000][1][safepoint    ] Safepoint "GenCollectForAllocation", Time since last: 1092536427 ns, Reaching safepoint: 73615 ns, At safepoint: 10754703 ns, Total: 10828318 ns
[2020-02-27T06:16:11.150+0000][1][safepoint    ] Safepoint "RevokeBias", Time since last: 1402526578 ns, Reaching safepoint: 74417 ns, At safepoint: 92304 ns, Total: 166721 ns
[2020-02-27T06:16:13.655+0000][1][safepoint    ] Safepoint "RevokeBias", Time since last: 2505000197 ns, Reaching safepoint: 74103 ns, At safepoint: 18028 ns, Total: 92131 ns
[2020-02-27T06:16:16.161+0000][1][safepoint    ] Safepoint "RevokeBias", Time since last: 2505305810 ns, Reaching safepoint: 104513 ns, At safepoint: 24812 ns, Total: 129325 ns
[2020-02-27T06:16:18.664+0000][1][safepoint    ] Safepoint "RevokeBias", Time since last: 2503071797 ns, Reaching safepoint: 73760 ns, At safepoint: 17354 ns, Total: 91114 ns
[2020-02-27T06:16:21.169+0000][1][safepoint    ] Safepoint "RevokeBias", Time since last: 2505130380 ns, Reaching safepoint: 85704 ns, At safepoint: 19936 ns, Total: 105640 ns
[2020-02-27T06:16:23.676+0000][1][safepoint    ] Safepoint "RevokeBias", Time since last: 2506948909 ns, Reaching safepoint: 76051 ns, At safepoint: 49583 ns, Total: 125634 ns
[2020-02-27T06:16:26.181+0000][1][safepoint    ] Safepoint "RevokeBias", Time since last: 2504407522 ns, Reaching safepoint: 74882 ns, At safepoint: 17910 ns, Total: 92792 ns
[2020-02-27T06:16:28.684+0000][1][safepoint    ] Safepoint "RevokeBias", Time since last: 2503279318 ns, Reaching safepoint: 83272 ns, At safepoint: 20648 ns, Total: 103920 ns
[2020-02-27T06:16:31.188+0000][1][safepoint    ] Safepoint "RevokeBias", Time since last: 2503513053 ns, Reaching safepoint: 91351 ns, At safepoint: 21166 ns, Total: 112517 ns
[2020-02-27T06:16:33.692+0000][1][safepoint    ] Safepoint "RevokeBias", Time since last: 2503982687 ns, Reaching safepoint: 73200 ns, At safepoint: 17851 ns, Total: 91051 ns
[2020-02-27T06:16:36.195+0000][1][safepoint    ] Safepoint "RevokeBias", Time since last: 2503448360 ns, Reaching safepoint: 117609 ns, At safepoint: 21524 ns, Total: 139133 ns
[2020-02-27T06:16:38.699+0000][1][safepoint    ] Safepoint "RevokeBias", Time since last: 2503495081 ns, Reaching safepoint: 84583 ns, At safepoint: 20908 ns, Total: 105491 ns
[2020-02-27T06:16:41.205+0000][1][safepoint    ] Safepoint "RevokeBias", Time since last: 2506136610 ns, Reaching safepoint: 54206 ns, At safepoint: 15996 ns, Total: 70202 ns
[2020-02-27T06:16:43.711+0000][1][safepoint    ] Safepoint "RevokeBias", Time since last: 2505942421 ns, Reaching safepoint: 75104 ns, At safepoint: 18099 ns, Total: 93203 ns
[2020-02-27T06:16:46.352+0000][1][safepoint    ] Safepoint "RevokeBias", Time since last: 2640307758 ns, Reaching safepoint: 94214 ns, At safepoint: 21446 ns, Total: 115660 ns
[2020-02-27T06:16:48.859+0000][1][safepoint    ] Safepoint "RevokeBias", Time since last: 2507629155 ns, Reaching safepoint: 164905 ns, At safepoint: 20855 ns, Total: 185760 ns
[2020-02-27T06:16:51.368+0000][1][safepoint    ] Safepoint "RevokeBias", Time since last: 2508897768 ns, Reaching safepoint: 76840 ns, At safepoint: 17326 ns, Total: 94166 ns
[2020-02-27T06:16:53.878+0000][1][safepoint    ] Safepoint "RevokeBias", Time since last: 2509589632 ns, Reaching safepoint: 73871 ns, At safepoint: 18159 ns, Total: 92030 ns
[2020-02-27T06:16:56.391+0000][1][safepoint    ] Safepoint "RevokeBias", Time since last: 2512860106 ns, Reaching safepoint: 51841 ns, At safepoint: 16561 ns, Total: 68402 ns
[2020-02-27T06:16:58.904+0000][1][safepoint    ] Safepoint "RevokeBias", Time since last: 2513269032 ns, Reaching safepoint: 72053 ns, At safepoint: 17682 ns, Total: 89735 ns
[2020-02-27T06:17:01.408+0000][1][safepoint    ] Safepoint "RevokeBias", Time since last: 2503061858 ns, Reaching safepoint: 71926 ns, At safepoint: 17492 ns, Total: 89418 ns
[2020-02-27T06:17:03.912+0000][1][safepoint    ] Safepoint "RevokeBias", Time since last: 2504286158 ns, Reaching safepoint: 55537 ns, At safepoint: 16565 ns, Total: 72102 ns
[2020-02-27T06:17:06.418+0000][1][safepoint    ] Safepoint "BulkRevokeBias", Time since last: 2505252199 ns, Reaching safepoint: 72472 ns, At safepoint: 425990 ns, Total: 498462 ns
[2020-02-27T06:17:08.921+0000][1][safepoint    ] Safepoint "RevokeBias", Time since last: 2503196314 ns, Reaching safepoint: 72149 ns, At safepoint: 79029 ns, Total: 151178 ns
[2020-02-27T06:17:11.428+0000][1][safepoint    ] Safepoint "RevokeBias", Time since last: 2507158786 ns, Reaching safepoint: 75151 ns, At safepoint: 16607 ns, Total: 91758 ns
[2020-02-27T06:17:13.937+0000][1][safepoint    ] Safepoint "RevokeBias", Time since last: 2508582563 ns, Reaching safepoint: 116995 ns, At safepoint: 21921 ns, Total: 138916 ns
[2020-02-27T06:17:16.442+0000][1][safepoint    ] Safepoint "RevokeBias", Time since last: 2504607101 ns, Reaching safepoint: 102755 ns, At safepoint: 25087 ns, Total: 127842 ns
[2020-02-27T06:17:18.945+0000][1][safepoint    ] Safepoint "RevokeBias", Time since last: 2503226750 ns, Reaching safepoint: 74342 ns, At safepoint: 17482 ns, Total: 91824 ns
[2020-02-27T06:17:21.451+0000][1][safepoint    ] Safepoint "RevokeBias", Time since last: 2505458494 ns, Reaching safepoint: 80085 ns, At safepoint: 17529 ns, Total: 97614 ns
[2020-02-27T06:17:23.956+0000][1][safepoint    ] Safepoint "RevokeBias", Time since last: 2505476616 ns, Reaching safepoint: 84081 ns, At safepoint: 20883 ns, Total: 104964 ns
[2020-02-27T06:17:26.464+0000][1][safepoint    ] Safepoint "RevokeBias", Time since last: 2507466404 ns, Reaching safepoint: 83350 ns, At safepoint: 20427 ns, Total: 103777 ns
[2020-02-27T06:17:28.974+0000][1][safepoint    ] Safepoint "RevokeBias", Time since last: 2509838212 ns, Reaching safepoint: 53335 ns, At safepoint: 15837 ns, Total: 69172 ns
[2020-02-27T06:17:31.477+0000][1][safepoint    ] Safepoint "RevokeBias", Time since last: 2503211136 ns, Reaching safepoint: 87764 ns, At safepoint: 20549 ns, Total: 108313 ns
[2020-02-27T06:17:33.983+0000][1][safepoint    ] Safepoint "RevokeBias", Time since last: 2505842333 ns, Reaching safepoint: 92479 ns, At safepoint: 22840 ns, Total: 115319 ns
[2020-02-27T06:17:36.489+0000][1][safepoint    ] Safepoint "RevokeBias", Time since last: 2506060354 ns, Reaching safepoint: 74080 ns, At safepoint: 17135 ns, Total: 91215 ns
[2020-02-27T06:17:38.993+0000][1][safepoint    ] Safepoint "RevokeBias", Time since last: 2503527078 ns, Reaching safepoint: 117062 ns, At safepoint: 33531 ns, Total: 150593 ns
[2020-02-27T06:17:41.499+0000][1][safepoint    ] Safepoint "RevokeBias", Time since last: 2505947440 ns, Reaching safepoint: 160741 ns, At safepoint: 20062 ns, Total: 180803 ns
[2020-02-27T06:17:44.013+0000][1][safepoint    ] Safepoint "RevokeBias", Time since last: 2513673038 ns, Reaching safepoint: 72357 ns, At safepoint: 17411 ns, Total: 89768 ns
[2020-02-27T06:17:46.530+0000][1][safepoint    ] Safepoint "RevokeBias", Time since last: 2517185276 ns, Reaching safepoint: 78460 ns, At safepoint: 18869 ns, Total: 97329 ns
[2020-02-27T06:17:49.039+0000][1][safepoint    ] Safepoint "RevokeBias", Time since last: 2509380520 ns, Reaching safepoint: 76687 ns, At safepoint: 18354 ns, Total: 95041 ns
[2020-02-27T06:17:51.555+0000][1][safepoint    ] Safepoint "RevokeBias", Time since last: 2515165120 ns, Reaching safepoint: 194228 ns, At safepoint: 64230 ns, Total: 258458 ns
[2020-02-27T06:17:54.066+0000][1][safepoint    ] Safepoint "RevokeBias", Time since last: 2510859472 ns, Reaching safepoint: 72067 ns, At safepoint: 17861 ns, Total: 89928 ns
[2020-02-27T06:17:55.067+0000][1][safepoint    ] Safepoint "Cleanup", Time since last: 1000680009 ns, Reaching safepoint: 80818 ns, At safepoint: 6927 ns, Total: 87745 ns
[2020-02-27T06:17:56.581+0000][1][safepoint    ] Safepoint "RevokeBias", Time since last: 1514487936 ns, Reaching safepoint: 170974 ns, At safepoint: 20583 ns, Total: 191557 ns
[2020-02-27T06:17:59.114+0000][1][safepoint    ] Safepoint "RevokeBias", Time since last: 2527653146 ns, Reaching safepoint: 4930774 ns, At safepoint: 66717 ns, Total: 4997491 ns
[2020-02-27T06:18:00.964+0000][1][safepoint    ] Safepoint "Cleanup", Time since last: 1849587874 ns, Reaching safepoint: 96432 ns, At safepoint: 7292 ns, Total: 103724 ns
[2020-02-27T06:18:01.617+0000][1][safepoint    ] Safepoint "RevokeBias", Time since last: 653361338 ns, Reaching safepoint: 86035 ns, At safepoint: 20122 ns, Total: 106157 ns
[2020-02-27T06:18:04.233+0000][1][safepoint    ] Safepoint "RevokeBias", Time since last: 2615461720 ns, Reaching safepoint: 75183 ns, At safepoint: 18172 ns, Total: 93355 ns
[2020-02-27T06:18:06.737+0000][1][safepoint    ] Safepoint "RevokeBias", Time since last: 2504553777 ns, Reaching safepoint: 84000 ns, At safepoint: 20064 ns, Total: 104064 ns
[2020-02-27T06:18:09.241+0000][1][safepoint    ] Safepoint "RevokeBias", Time since last: 2503381913 ns, Reaching safepoint: 70986 ns, At safepoint: 16931 ns, Total: 87917 ns
[2020-02-27T06:18:11.747+0000][1][safepoint    ] Safepoint "RevokeBias", Time since last: 2505679696 ns, Reaching safepoint: 112504 ns, At safepoint: 26522 ns, Total: 139026 ns
[2020-02-27T06:18:14.251+0000][1][safepoint    ] Safepoint "RevokeBias", Time since last: 2503915287 ns, Reaching safepoint: 83217 ns, At safepoint: 20203 ns, Total: 103420 ns
[2020-02-27T06:18:16.757+0000][1][safepoint    ] Safepoint "RevokeBias", Time since last: 2505928980 ns, Reaching safepoint: 71455 ns, At safepoint: 16421 ns, Total: 87876 ns
[2020-02-27T06:18:19.260+0000][1][safepoint    ] Safepoint "BulkRevokeBias", Time since last: 2503347192 ns, Reaching safepoint: 82283 ns, At safepoint: 209702 ns, Total: 291985 ns
[2020-02-27T06:18:21.766+0000][1][safepoint    ] Safepoint "RevokeBias", Time since last: 2505862263 ns, Reaching safepoint: 171855 ns, At safepoint: 21561 ns, Total: 193416 ns
[2020-02-27T06:18:24.271+0000][1][safepoint    ] Safepoint "RevokeBias", Time since last: 2504461814 ns, Reaching safepoint: 59111 ns, At safepoint: 16592 ns, Total: 75703 ns
[2020-02-27T06:18:25.455+0000][1][gc,start     ] GC(76) Pause Young (Allocation Failure)
[2020-02-27T06:18:25.455+0000][1][gc,task      ] GC(76) Using 1 workers of 1 for evacuation
[2020-02-27T06:18:25.464+0000][1][gc,age       ] GC(76) Desired survivor size 4358144 bytes, new threshold 6 (max threshold 6)
[2020-02-27T06:18:25.464+0000][1][gc,age       ] GC(76) Age table with threshold 6 (max threshold 6)
[2020-02-27T06:18:25.464+0000][1][gc,age       ] GC(76) - age   1:      11856 bytes,      11856 total
[2020-02-27T06:18:25.464+0000][1][gc,age       ] GC(76) - age   2:        112 bytes,      11968 total
[2020-02-27T06:18:25.464+0000][1][gc,age       ] GC(76) - age   3:        120 bytes,      12088 total
[2020-02-27T06:18:25.464+0000][1][gc,age       ] GC(76) - age   4:        264 bytes,      12352 total
[2020-02-27T06:18:25.464+0000][1][gc,age       ] GC(76) - age   5:        728 bytes,      13080 total
[2020-02-27T06:18:25.464+0000][1][gc,age       ] GC(76) - age   6:        904 bytes,      13984 total
[2020-02-27T06:18:25.464+0000][1][gc,heap      ] GC(76) ParNew: 68177K->24K(76672K)
[2020-02-27T06:18:25.464+0000][1][gc,heap      ] GC(76) CMS: 62493K->62494K(963392K)
[2020-02-27T06:18:25.464+0000][1][gc,metaspace ] GC(76) Metaspace: 79844K->79844K(1122304K)
[2020-02-27T06:18:25.464+0000][1][gc           ] GC(76) Pause Young (Allocation Failure) 127M->61M(1015M) 9.552ms
[2020-02-27T06:18:25.464+0000][1][gc,cpu       ] GC(76) User=0.01s Sys=0.00s Real=0.01s
[2020-02-27T06:18:25.464+0000][1][safepoint    ] Safepoint "GenCollectForAllocation", Time since last: 1183909163 ns, Reaching safepoint: 72089 ns, At safepoint: 9600776 ns, Total: 9672865 ns
[2020-02-27T06:18:26.774+0000][1][safepoint    ] Safepoint "RevokeBias", Time since last: 1309805911 ns, Reaching safepoint: 76093 ns, At safepoint: 17613 ns, Total: 93706 ns
[2020-02-27T06:18:29.277+0000][1][safepoint    ] Safepoint "RevokeBias", Time since last: 2502473263 ns, Reaching safepoint: 107391 ns, At safepoint: 22518 ns, Total: 129909 ns
[2020-02-27T06:18:31.779+0000][1][safepoint    ] Safepoint "RevokeBias", Time since last: 2502290869 ns, Reaching safepoint: 92784 ns, At safepoint: 21134 ns, Total: 113918 ns
[2020-02-27T06:18:34.285+0000][1][safepoint    ] Safepoint "RevokeBias", Time since last: 2505127848 ns, Reaching safepoint: 85804 ns, At safepoint: 20833 ns, Total: 106637 ns
[2020-02-27T06:18:36.802+0000][1][safepoint    ] Safepoint "RevokeBias", Time since last: 2517166313 ns, Reaching safepoint: 88648 ns, At safepoint: 17462 ns, Total: 106110 ns
[2020-02-27T06:18:39.310+0000][1][safepoint    ] Safepoint "RevokeBias", Time since last: 2508203195 ns, Reaching safepoint: 170839 ns, At safepoint: 35997 ns, Total: 206836 ns
[2020-02-27T06:18:41.832+0000][1][safepoint    ] Safepoint "RevokeBias", Time since last: 2521938319 ns, Reaching safepoint: 73311 ns, At safepoint: 17430 ns, Total: 90741 ns
[2020-02-27T06:18:44.341+0000][1][safepoint    ] Safepoint "RevokeBias", Time since last: 2508216149 ns, Reaching safepoint: 71440 ns, At safepoint: 16775 ns, Total: 88215 ns
[2020-02-27T06:18:46.850+0000][1][safepoint    ] Safepoint "RevokeBias", Time since last: 2509244063 ns, Reaching safepoint: 73011 ns, At safepoint: 174691 ns, Total: 247702 ns
[2020-02-27T06:18:49.357+0000][1][safepoint    ] Safepoint "RevokeBias", Time since last: 2506721222 ns, Reaching safepoint: 74843 ns, At safepoint: 17180 ns, Total: 92023 ns
[2020-02-27T06:18:51.867+0000][1][safepoint    ] Safepoint "RevokeBias", Time since last: 2509870211 ns, Reaching safepoint: 146604 ns, At safepoint: 64567 ns, Total: 211171 ns
[2020-02-27T06:18:54.374+0000][1][safepoint    ] Safepoint "RevokeBias", Time since last: 2507158730 ns, Reaching safepoint: 75645 ns, At safepoint: 17017 ns, Total: 92662 ns
[2020-02-27T06:18:56.887+0000][1][safepoint    ] Safepoint "RevokeBias", Time since last: 2512220556 ns, Reaching safepoint: 128802 ns, At safepoint: 41684 ns, Total: 170486 ns
[2020-02-27T06:18:59.395+0000][1][safepoint    ] Safepoint "RevokeBias", Time since last: 2508149446 ns, Reaching safepoint: 112499 ns, At safepoint: 28165 ns, Total: 140664 ns
[2020-02-27T06:19:01.900+0000][1][safepoint    ] Safepoint "RevokeBias", Time since last: 2504827715 ns, Reaching safepoint: 91985 ns, At safepoint: 22471 ns, Total: 114456 ns
[2020-02-27T06:19:04.404+0000][1][safepoint    ] Safepoint "RevokeBias", Time since last: 2504574394 ns, Reaching safepoint: 74578 ns, At safepoint: 18109 ns, Total: 92687 ns
[2020-02-27T06:19:06.911+0000][1][safepoint    ] Safepoint "RevokeBias", Time since last: 2505962905 ns, Reaching safepoint: 89500 ns, At safepoint: 17187 ns, Total: 106687 ns
[2020-02-27T06:19:09.421+0000][1][safepoint    ] Safepoint "RevokeBias", Time since last: 2508971760 ns, Reaching safepoint: 1228912 ns, At safepoint: 23447 ns, Total: 1252359 ns
[2020-02-27T06:19:11.926+0000][1][safepoint    ] Safepoint "RevokeBias", Time since last: 2505107616 ns, Reaching safepoint: 120321 ns, At safepoint: 21815 ns, Total: 142136 ns
[2020-02-27T06:19:14.430+0000][1][safepoint    ] Safepoint "RevokeBias", Time since last: 2503505089 ns, Reaching safepoint: 55552 ns, At safepoint: 16868 ns, Total: 72420 ns
[2020-02-27T06:19:16.935+0000][1][safepoint    ] Safepoint "RevokeBias", Time since last: 2505435537 ns, Reaching safepoint: 145610 ns, At safepoint: 19561 ns, Total: 165171 ns
[2020-02-27T06:19:19.439+0000][1][safepoint    ] Safepoint "RevokeBias", Time since last: 2504092303 ns, Reaching safepoint: 101405 ns, At safepoint: 19982 ns, Total: 121387 ns
[2020-02-27T06:19:20.440+0000][1][safepoint    ] Safepoint "Cleanup", Time since last: 1000420461 ns, Reaching safepoint: 139776 ns, At safepoint: 14090 ns, Total: 153866 ns
[2020-02-27T06:19:21.945+0000][1][safepoint    ] Safepoint "RevokeBias", Time since last: 1504968570 ns, Reaching safepoint: 94627 ns, At safepoint: 54727 ns, Total: 149354 ns
[2020-02-27T06:19:24.449+0000][1][safepoint    ] Safepoint "RevokeBias", Time since last: 2503518916 ns, Reaching safepoint: 78676 ns, At safepoint: 19042 ns, Total: 97718 ns
[2020-02-27T06:19:26.954+0000][1][safepoint    ] Safepoint "RevokeBias", Time since last: 2505446071 ns, Reaching safepoint: 71978 ns, At safepoint: 160579 ns, Total: 232557 ns
[2020-02-27T06:19:29.459+0000][1][safepoint    ] Safepoint "RevokeBias", Time since last: 2503993631 ns, Reaching safepoint: 141182 ns, At safepoint: 77528 ns, Total: 218710 ns
[2020-02-27T06:19:31.962+0000][1][safepoint    ] Safepoint "BulkRevokeBias", Time since last: 2503022299 ns, Reaching safepoint: 75335 ns, At safepoint: 185158 ns, Total: 260493 ns
[2020-02-27T06:19:34.467+0000][1][safepoint    ] Safepoint "RevokeBias", Time since last: 2504831408 ns, Reaching safepoint: 76981 ns, At safepoint: 17750 ns, Total: 94731 ns
[2020-02-27T06:19:36.972+0000][1][safepoint    ] Safepoint "RevokeBias", Time since last: 2505007272 ns, Reaching safepoint: 74344 ns, At safepoint: 17783 ns, Total: 92127 ns
[2020-02-27T06:19:39.481+0000][1][safepoint    ] Safepoint "RevokeBias", Time since last: 2509087211 ns, Reaching safepoint: 89520 ns, At safepoint: 16961 ns, Total: 106481 ns
[2020-02-27T06:19:41.994+0000][1][safepoint    ] Safepoint "RevokeBias", Time since last: 2513057841 ns, Reaching safepoint: 157400 ns, At safepoint: 38140 ns, Total: 195540 ns
[2020-02-27T06:19:44.513+0000][1][safepoint    ] Safepoint "RevokeBias", Time since last: 2518211277 ns, Reaching safepoint: 72394 ns, At safepoint: 17565 ns, Total: 89959 ns
[2020-02-27T06:19:47.025+0000][1][safepoint    ] Safepoint "RevokeBias", Time since last: 2512411043 ns, Reaching safepoint: 83459 ns, At safepoint: 20514 ns, Total: 103973 ns
[2020-02-27T06:19:49.543+0000][1][safepoint    ] Safepoint "RevokeBias", Time since last: 2517893790 ns, Reaching safepoint: 55447 ns, At safepoint: 81365 ns, Total: 136812 ns
[2020-02-27T06:19:52.055+0000][1][safepoint    ] Safepoint "RevokeBias", Time since last: 2511912710 ns, Reaching safepoint: 90655 ns, At safepoint: 20281 ns, Total: 110936 ns
[2020-02-27T06:19:54.572+0000][1][safepoint    ] Safepoint "RevokeBias", Time since last: 2516710147 ns, Reaching safepoint: 72418 ns, At safepoint: 17587 ns, Total: 90005 ns
[2020-02-27T06:19:57.082+0000][1][safepoint    ] Safepoint "RevokeBias", Time since last: 2509702284 ns, Reaching safepoint: 126984 ns, At safepoint: 22121 ns, Total: 149105 ns
[2020-02-27T06:19:59.591+0000][1][safepoint    ] Safepoint "RevokeBias", Time since last: 2508454158 ns, Reaching safepoint: 72080 ns, At safepoint: 112055 ns, Total: 184135 ns
[2020-02-27T06:20:02.098+0000][1][safepoint    ] Safepoint "RevokeBias", Time since last: 2507201160 ns, Reaching safepoint: 94286 ns, At safepoint: 50761 ns, Total: 145047 ns
[2020-02-27T06:20:04.602+0000][1][safepoint    ] Safepoint "RevokeBias", Time since last: 2503567398 ns, Reaching safepoint: 73955 ns, At safepoint: 73087 ns, Total: 147042 ns
[2020-02-27T06:20:07.109+0000][1][safepoint    ] Safepoint "RevokeBias", Time since last: 2506902711 ns, Reaching safepoint: 71686 ns, At safepoint: 17366 ns, Total: 89052 ns
[2020-02-27T06:20:09.612+0000][1][safepoint    ] Safepoint "RevokeBias", Time since last: 2502964939 ns, Reaching safepoint: 156246 ns, At safepoint: 29295 ns, Total: 185541 ns
[2020-02-27T06:20:12.120+0000][1][safepoint    ] Safepoint "RevokeBias", Time since last: 2508075859 ns, Reaching safepoint: 104084 ns, At safepoint: 22993 ns, Total: 127077 ns
[2020-02-27T06:20:14.624+0000][1][safepoint    ] Safepoint "RevokeBias", Time since last: 2504375223 ns, Reaching safepoint: 69458 ns, At safepoint: 16190 ns, Total: 85648 ns
[2020-02-27T06:20:17.130+0000][1][safepoint    ] Safepoint "RevokeBias", Time since last: 2505758101 ns, Reaching safepoint: 82944 ns, At safepoint: 20557 ns, Total: 103501 ns
[2020-02-27T06:20:19.634+0000][1][safepoint    ] Safepoint "RevokeBias", Time since last: 2504084188 ns, Reaching safepoint: 71177 ns, At safepoint: 17142 ns, Total: 88319 ns
[2020-02-27T06:20:22.140+0000][1][safepoint    ] Safepoint "RevokeBias", Time since last: 2505965237 ns, Reaching safepoint: 71960 ns, At safepoint: 17608 ns, Total: 89568 ns
[2020-02-27T06:20:24.645+0000][1][safepoint    ] Safepoint "RevokeBias", Time since last: 2504927217 ns, Reaching safepoint: 71573 ns, At safepoint: 17358 ns, Total: 88931 ns
[2020-02-27T06:20:27.150+0000][1][safepoint    ] Safepoint "RevokeBias", Time since last: 2504119655 ns, Reaching safepoint: 96746 ns, At safepoint: 23487 ns, Total: 120233 ns
[2020-02-27T06:20:29.654+0000][1][safepoint    ] Safepoint "RevokeBias", Time since last: 2503767523 ns, Reaching safepoint: 146762 ns, At safepoint: 21736 ns, Total: 168498 ns
[2020-02-27T06:20:32.158+0000][1][safepoint    ] Safepoint "RevokeBias", Time since last: 2503782850 ns, Reaching safepoint: 147620 ns, At safepoint: 21283 ns, Total: 168903 ns
[2020-02-27T06:20:34.663+0000][1][safepoint    ] Safepoint "RevokeBias", Time since last: 2505001714 ns, Reaching safepoint: 75136 ns, At safepoint: 17179 ns, Total: 92315 ns
[2020-02-27T06:20:37.169+0000][1][safepoint    ] Safepoint "RevokeBias", Time since last: 2506326151 ns, Reaching safepoint: 72532 ns, At safepoint: 17289 ns, Total: 89821 ns
[2020-02-27T06:20:39.674+0000][1][safepoint    ] Safepoint "RevokeBias", Time since last: 2505154421 ns, Reaching safepoint: 79501 ns, At safepoint: 18482 ns, Total: 97983 ns
[2020-02-27T06:20:42.187+0000][1][safepoint    ] Safepoint "RevokeBias", Time since last: 2512698099 ns, Reaching safepoint: 89833 ns, At safepoint: 20436 ns, Total: 110269 ns
[2020-02-27T06:20:44.698+0000][1][safepoint    ] Safepoint "BulkRevokeBias", Time since last: 2510645163 ns, Reaching safepoint: 72051 ns, At safepoint: 250999 ns, Total: 323050 ns
[2020-02-27T06:20:44.946+0000][1][gc,start     ] GC(77) Pause Young (Allocation Failure)
[2020-02-27T06:20:44.947+0000][1][gc,task      ] GC(77) Using 1 workers of 1 for evacuation
[2020-02-27T06:20:44.956+0000][1][gc,age       ] GC(77) Desired survivor size 4358144 bytes, new threshold 6 (max threshold 6)
[2020-02-27T06:20:44.956+0000][1][gc,age       ] GC(77) Age table with threshold 6 (max threshold 6)
[2020-02-27T06:20:44.956+0000][1][gc,age       ] GC(77) - age   1:      11144 bytes,      11144 total
[2020-02-27T06:20:44.956+0000][1][gc,age       ] GC(77) - age   2:        896 bytes,      12040 total
[2020-02-27T06:20:44.956+0000][1][gc,age       ] GC(77) - age   3:        112 bytes,      12152 total
[2020-02-27T06:20:44.956+0000][1][gc,age       ] GC(77) - age   4:        120 bytes,      12272 total
[2020-02-27T06:20:44.956+0000][1][gc,age       ] GC(77) - age   5:        264 bytes,      12536 total
[2020-02-27T06:20:44.956+0000][1][gc,age       ] GC(77) - age   6:        728 bytes,      13264 total
[2020-02-27T06:20:44.956+0000][1][gc,heap      ] GC(77) ParNew: 68184K->16K(76672K)
[2020-02-27T06:20:44.956+0000][1][gc,heap      ] GC(77) CMS: 62494K->62495K(963392K)
[2020-02-27T06:20:44.956+0000][1][gc,metaspace ] GC(77) Metaspace: 79844K->79844K(1122304K)
[2020-02-27T06:20:44.956+0000][1][gc           ] GC(77) Pause Young (Allocation Failure) 127M->61M(1015M) 9.389ms
[2020-02-27T06:20:44.956+0000][1][gc,cpu       ] GC(77) User=0.01s Sys=0.00s Real=0.01s
[2020-02-27T06:20:44.956+0000][1][safepoint    ] Safepoint "GenCollectForAllocation", Time since last: 248207995 ns, Reaching safepoint: 74772 ns, At safepoint: 9443184 ns, Total: 9517956 ns
[2020-02-27T06:20:47.215+0000][1][safepoint    ] Safepoint "RevokeBias", Time since last: 2258877488 ns, Reaching safepoint: 73165 ns, At safepoint: 17207 ns, Total: 90372 ns
[2020-02-27T06:20:49.727+0000][1][safepoint    ] Safepoint "RevokeBias", Time since last: 2512162648 ns, Reaching safepoint: 130453 ns, At safepoint: 36608 ns, Total: 167061 ns
[2020-02-27T06:20:52.246+0000][1][safepoint    ] Safepoint "RevokeBias", Time since last: 2518354559 ns, Reaching safepoint: 92638 ns, At safepoint: 18731 ns, Total: 111369 ns
[2020-02-27T06:20:54.758+0000][1][safepoint    ] Safepoint "RevokeBias", Time since last: 2512672305 ns, Reaching safepoint: 86357 ns, At safepoint: 22735 ns, Total: 109092 ns
[2020-02-27T06:20:57.274+0000][1][safepoint    ] Safepoint "RevokeBias", Time since last: 2515704643 ns, Reaching safepoint: 88864 ns, At safepoint: 17790 ns, Total: 106654 ns
[2020-02-27T06:20:59.783+0000][1][safepoint    ] Safepoint "RevokeBias", Time since last: 2508825944 ns, Reaching safepoint: 75357 ns, At safepoint: 17388 ns, Total: 92745 ns
[2020-02-27T06:21:02.297+0000][1][safepoint    ] Safepoint "RevokeBias", Time since last: 2513332970 ns, Reaching safepoint: 134912 ns, At safepoint: 31882 ns, Total: 166794 ns
[2020-02-27T06:21:04.811+0000][1][safepoint    ] Safepoint "RevokeBias", Time since last: 2513760388 ns, Reaching safepoint: 113295 ns, At safepoint: 23827 ns, Total: 137122 ns
[2020-02-27T06:21:07.317+0000][1][safepoint    ] Safepoint "RevokeBias", Time since last: 2506533631 ns, Reaching safepoint: 71752 ns, At safepoint: 16819 ns, Total: 88571 ns
[2020-02-27T06:21:09.820+0000][1][safepoint    ] Safepoint "RevokeBias", Time since last: 2502535283 ns, Reaching safepoint: 77567 ns, At safepoint: 18442 ns, Total: 96009 ns
[2020-02-27T06:21:12.326+0000][1][safepoint    ] Safepoint "RevokeBias", Time since last: 2505746098 ns, Reaching safepoint: 165006 ns, At safepoint: 51679 ns, Total: 216685 ns
[2020-02-27T06:21:14.831+0000][1][safepoint    ] Safepoint "RevokeBias", Time since last: 2504964188 ns, Reaching safepoint: 72963 ns, At safepoint: 16943 ns, Total: 89906 ns
[2020-02-27T06:21:17.338+0000][1][safepoint    ] Safepoint "RevokeBias", Time since last: 2506886871 ns, Reaching safepoint: 127684 ns, At safepoint: 75252 ns, Total: 202936 ns
[2020-02-27T06:21:19.842+0000][1][safepoint    ] Safepoint "RevokeBias", Time since last: 2503909598 ns, Reaching safepoint: 85294 ns, At safepoint: 20538 ns, Total: 105832 ns
[2020-02-27T06:21:22.346+0000][1][safepoint    ] Safepoint "RevokeBias", Time since last: 2504350969 ns, Reaching safepoint: 160765 ns, At safepoint: 20610 ns, Total: 181375 ns
[2020-02-27T06:21:24.851+0000][1][safepoint    ] Safepoint "RevokeBias", Time since last: 2504105728 ns, Reaching safepoint: 153019 ns, At safepoint: 23046 ns, Total: 176065 ns
[2020-02-27T06:21:27.357+0000][1][safepoint    ] Safepoint "RevokeBias", Time since last: 2506084420 ns, Reaching safepoint: 72415 ns, At safepoint: 127805 ns, Total: 200220 ns
[2020-02-27T06:21:29.862+0000][1][safepoint    ] Safepoint "RevokeBias", Time since last: 2504149899 ns, Reaching safepoint: 472704 ns, At safepoint: 83393 ns, Total: 556097 ns
[2020-02-27T06:21:32.366+0000][1][safepoint    ] Safepoint "RevokeBias", Time since last: 2504647134 ns, Reaching safepoint: 94790 ns, At safepoint: 21643 ns, Total: 116433 ns
[2020-02-27T06:21:34.870+0000][1][safepoint    ] Safepoint "RevokeBias", Time since last: 2503705846 ns, Reaching safepoint: 83256 ns, At safepoint: 20770 ns, Total: 104026 ns
[2020-02-27T06:21:37.377+0000][1][safepoint    ] Safepoint "RevokeBias", Time since last: 2506276379 ns, Reaching safepoint: 82915 ns, At safepoint: 20605 ns, Total: 103520 ns
[2020-02-27T06:21:39.880+0000][1][safepoint    ] Safepoint "RevokeBias", Time since last: 2503180613 ns, Reaching safepoint: 79092 ns, At safepoint: 19814 ns, Total: 98906 ns
[2020-02-27T06:21:42.386+0000][1][safepoint    ] Safepoint "RevokeBias", Time since last: 2506084337 ns, Reaching safepoint: 72080 ns, At safepoint: 17472 ns, Total: 89552 ns
[2020-02-27T06:21:44.895+0000][1][safepoint    ] Safepoint "RevokeBias", Time since last: 2509063388 ns, Reaching safepoint: 72735 ns, At safepoint: 17790 ns, Total: 90525 ns
[2020-02-27T06:21:47.404+0000][1][safepoint    ] Safepoint "RevokeBias", Time since last: 2509017525 ns, Reaching safepoint: 103702 ns, At safepoint: 24362 ns, Total: 128064 ns
[2020-02-27T06:21:49.914+0000][1][safepoint    ] Safepoint "RevokeBias", Time since last: 2508930775 ns, Reaching safepoint: 220033 ns, At safepoint: 43222 ns, Total: 263255 ns
[2020-02-27T06:21:52.421+0000][1][safepoint    ] Safepoint "RevokeBias", Time since last: 2506954228 ns, Reaching safepoint: 73395 ns, At safepoint: 17375 ns, Total: 90770 ns
[2020-02-27T06:21:54.926+0000][1][safepoint    ] Safepoint "RevokeBias", Time since last: 2505642849 ns, Reaching safepoint: 70857 ns, At safepoint: 17439 ns, Total: 88296 ns
[2020-02-27T06:21:57.442+0000][1][safepoint    ] Safepoint "BulkRevokeBias", Time since last: 2515451894 ns, Reaching safepoint: 230421 ns, At safepoint: 403586 ns, Total: 634007 ns
[2020-02-27T06:21:59.951+0000][1][safepoint    ] Safepoint "RevokeBias", Time since last: 2508689267 ns, Reaching safepoint: 89735 ns, At safepoint: 17328 ns, Total: 107063 ns
[2020-02-27T06:22:02.461+0000][1][safepoint    ] Safepoint "RevokeBias", Time since last: 2509590084 ns, Reaching safepoint: 92919 ns, At safepoint: 18274 ns, Total: 111193 ns
[2020-02-27T06:22:04.965+0000][1][safepoint    ] Safepoint "RevokeBias", Time since last: 2504092771 ns, Reaching safepoint: 84043 ns, At safepoint: 20669 ns, Total: 104712 ns
[2020-02-27T06:22:07.472+0000][1][safepoint    ] Safepoint "RevokeBias", Time since last: 2506385136 ns, Reaching safepoint: 85196 ns, At safepoint: 20751 ns, Total: 105947 ns
[2020-02-27T06:22:09.975+0000][1][safepoint    ] Safepoint "RevokeBias", Time since last: 2503491219 ns, Reaching safepoint: 71738 ns, At safepoint: 17558 ns, Total: 89296 ns
[2020-02-27T06:22:12.478+0000][1][safepoint    ] Safepoint "RevokeBias", Time since last: 2502963745 ns, Reaching safepoint: 159962 ns, At safepoint: 20130 ns, Total: 180092 ns
[2020-02-27T06:22:14.983+0000][1][safepoint    ] Safepoint "RevokeBias", Time since last: 2504374869 ns, Reaching safepoint: 86653 ns, At safepoint: 20574 ns, Total: 107227 ns
[2020-02-27T06:22:17.489+0000][1][safepoint    ] Safepoint "RevokeBias", Time since last: 2506034436 ns, Reaching safepoint: 73985 ns, At safepoint: 18410 ns, Total: 92395 ns
[2020-02-27T06:22:20.007+0000][1][safepoint    ] Safepoint "RevokeBias", Time since last: 2516720005 ns, Reaching safepoint: 1451739 ns, At safepoint: 23232 ns, Total: 1474971 ns
[2020-02-27T06:22:22.509+0000][1][safepoint    ] Safepoint "RevokeBias", Time since last: 2502108030 ns, Reaching safepoint: 85493 ns, At safepoint: 20231 ns, Total: 105724 ns
[2020-02-27T06:22:25.013+0000][1][safepoint    ] Safepoint "RevokeBias", Time since last: 2503321228 ns, Reaching safepoint: 74118 ns, At safepoint: 18278 ns, Total: 92396 ns
[2020-02-27T06:22:27.519+0000][1][safepoint    ] Safepoint "RevokeBias", Time since last: 2505675052 ns, Reaching safepoint: 153264 ns, At safepoint: 23814 ns, Total: 177078 ns
[2020-02-27T06:22:30.026+0000][1][safepoint    ] Safepoint "RevokeBias", Time since last: 2506707237 ns, Reaching safepoint: 117000 ns, At safepoint: 44434 ns, Total: 161434 ns
[2020-02-27T06:22:32.530+0000][1][safepoint    ] Safepoint "RevokeBias", Time since last: 2504407410 ns, Reaching safepoint: 90166 ns, At safepoint: 23324 ns, Total: 113490 ns
[2020-02-27T06:22:35.036+0000][1][safepoint    ] Safepoint "RevokeBias", Time since last: 2505641706 ns, Reaching safepoint: 74105 ns, At safepoint: 18082 ns, Total: 92187 ns
[2020-02-27T06:22:37.542+0000][1][safepoint    ] Safepoint "RevokeBias", Time since last: 2506118379 ns, Reaching safepoint: 141206 ns, At safepoint: 41407 ns, Total: 182613 ns
[2020-02-27T06:22:39.544+0000][1][safepoint    ] Safepoint "Cleanup", Time since last: 2001391389 ns, Reaching safepoint: 81732 ns, At safepoint: 7141 ns, Total: 88873 ns
[2020-02-27T06:22:40.045+0000][1][safepoint    ] Safepoint "RevokeBias", Time since last: 501538649 ns, Reaching safepoint: 73460 ns, At safepoint: 17770 ns, Total: 91230 ns
[2020-02-27T06:22:41.046+0000][1][safepoint    ] Safepoint "Cleanup", Time since last: 1000856361 ns, Reaching safepoint: 118433 ns, At safepoint: 11153 ns, Total: 129586 ns
[2020-02-27T06:22:42.560+0000][1][safepoint    ] Safepoint "RevokeBias", Time since last: 1513904984 ns, Reaching safepoint: 72471 ns, At safepoint: 18097 ns, Total: 90568 ns
[2020-02-27T06:22:45.066+0000][1][safepoint    ] Safepoint "RevokeBias", Time since last: 2505909542 ns, Reaching safepoint: 59345 ns, At safepoint: 16654 ns, Total: 75999 ns
[2020-02-27T06:22:47.582+0000][1][safepoint    ] Safepoint "RevokeBias", Time since last: 2515655509 ns, Reaching safepoint: 92810 ns, At safepoint: 20630 ns, Total: 113440 ns
[2020-02-27T06:22:49.583+0000][1][safepoint    ] Safepoint "Cleanup", Time since last: 2000990473 ns, Reaching safepoint: 98965 ns, At safepoint: 7405 ns, Total: 106370 ns
[2020-02-27T06:22:50.097+0000][1][safepoint    ] Safepoint "RevokeBias", Time since last: 513614319 ns, Reaching safepoint: 254612 ns, At safepoint: 21720 ns, Total: 276332 ns
[2020-02-27T06:22:52.620+0000][1][safepoint    ] Safepoint "RevokeBias", Time since last: 2522952333 ns, Reaching safepoint: 56335 ns, At safepoint: 16354 ns, Total: 72689 ns
[2020-02-27T06:22:55.129+0000][1][safepoint    ] Safepoint "RevokeBias", Time since last: 2509032562 ns, Reaching safepoint: 90994 ns, At safepoint: 154852 ns, Total: 245846 ns
[2020-02-27T06:22:57.642+0000][1][safepoint    ] Safepoint "RevokeBias", Time since last: 2512480165 ns, Reaching safepoint: 132137 ns, At safepoint: 18358 ns, Total: 150495 ns
[2020-02-27T06:23:00.155+0000][1][gc,start     ] GC(78) Pause Young (Allocation Failure)
[2020-02-27T06:23:00.155+0000][1][gc,task      ] GC(78) Using 1 workers of 1 for evacuation
[2020-02-27T06:23:00.170+0000][1][gc,age       ] GC(78) Desired survivor size 4358144 bytes, new threshold 6 (max threshold 6)
[2020-02-27T06:23:00.170+0000][1][gc,age       ] GC(78) Age table with threshold 6 (max threshold 6)
[2020-02-27T06:23:00.170+0000][1][gc,age       ] GC(78) - age   1:      34072 bytes,      34072 total
[2020-02-27T06:23:00.170+0000][1][gc,age       ] GC(78) - age   2:        288 bytes,      34360 total
[2020-02-27T06:23:00.170+0000][1][gc,age       ] GC(78) - age   3:        896 bytes,      35256 total
[2020-02-27T06:23:00.170+0000][1][gc,age       ] GC(78) - age   4:        112 bytes,      35368 total
[2020-02-27T06:23:00.170+0000][1][gc,age       ] GC(78) - age   5:        120 bytes,      35488 total
[2020-02-27T06:23:00.170+0000][1][gc,age       ] GC(78) - age   6:         32 bytes,      35520 total
[2020-02-27T06:23:00.170+0000][1][gc,heap      ] GC(78) ParNew: 68176K->35K(76672K)
[2020-02-27T06:23:00.170+0000][1][gc,heap      ] GC(78) CMS: 62495K->62496K(963392K)
[2020-02-27T06:23:00.170+0000][1][gc,metaspace ] GC(78) Metaspace: 79844K->79844K(1122304K)
[2020-02-27T06:23:00.170+0000][1][gc           ] GC(78) Pause Young (Allocation Failure) 127M->61M(1015M) 14.795ms
[2020-02-27T06:23:00.170+0000][1][gc,cpu       ] GC(78) User=0.01s Sys=0.00s Real=0.01s
[2020-02-27T06:23:00.170+0000][1][safepoint    ] Safepoint "GenCollectForAllocation", Time since last: 2513108929 ns, Reaching safepoint: 81804 ns, At safepoint: 14871267 ns, Total: 14953071 ns
[2020-02-27T06:23:00.171+0000][1][safepoint    ] Safepoint "RevokeBias", Time since last: 1255276 ns, Reaching safepoint: 113778 ns, At safepoint: 27151 ns, Total: 140929 ns
[2020-02-27T06:23:02.679+0000][1][safepoint    ] Safepoint "RevokeBias", Time since last: 2507265632 ns, Reaching safepoint: 70222 ns, At safepoint: 17138 ns, Total: 87360 ns
[2020-02-27T06:23:05.188+0000][1][safepoint    ] Safepoint "RevokeBias", Time since last: 2509122435 ns, Reaching safepoint: 73488 ns, At safepoint: 17964 ns, Total: 91452 ns
[2020-02-27T06:23:07.693+0000][1][safepoint    ] Safepoint "RevokeBias", Time since last: 2505426609 ns, Reaching safepoint: 72136 ns, At safepoint: 20416 ns, Total: 92552 ns
[2020-02-27T06:23:10.197+0000][1][safepoint    ] Safepoint "BulkRevokeBias", Time since last: 2503044756 ns, Reaching safepoint: 70985 ns, At safepoint: 373928 ns, Total: 444913 ns
[2020-02-27T06:23:12.703+0000][1][safepoint    ] Safepoint "RevokeBias", Time since last: 2505636411 ns, Reaching safepoint: 71898 ns, At safepoint: 17451 ns, Total: 89349 ns
[2020-02-27T06:23:15.208+0000][1][safepoint    ] Safepoint "RevokeBias", Time since last: 2505301664 ns, Reaching safepoint: 62333 ns, At safepoint: 18977 ns, Total: 81310 ns
[2020-02-27T06:23:17.713+0000][1][safepoint    ] Safepoint "RevokeBias", Time since last: 2505151522 ns, Reaching safepoint: 143021 ns, At safepoint: 31269 ns, Total: 174290 ns
[2020-02-27T06:23:20.217+0000][1][safepoint    ] Safepoint "RevokeBias", Time since last: 2503151289 ns, Reaching safepoint: 72561 ns, At safepoint: 17811 ns, Total: 90372 ns
[2020-02-27T06:23:22.722+0000][1][safepoint    ] Safepoint "RevokeBias", Time since last: 2505267880 ns, Reaching safepoint: 72243 ns, At safepoint: 17139 ns, Total: 89382 ns
[2020-02-27T06:23:25.226+0000][1][safepoint    ] Safepoint "RevokeBias", Time since last: 2503567706 ns, Reaching safepoint: 70188 ns, At safepoint: 17351 ns, Total: 87539 ns
[2020-02-27T06:23:27.733+0000][1][safepoint    ] Safepoint "RevokeBias", Time since last: 2507048232 ns, Reaching safepoint: 81659 ns, At safepoint: 20305 ns, Total: 101964 ns
[2020-02-27T06:23:30.235+0000][1][safepoint    ] Safepoint "RevokeBias", Time since last: 2501877197 ns, Reaching safepoint: 106684 ns, At safepoint: 24297 ns, Total: 130981 ns
[2020-02-27T06:23:32.737+0000][1][safepoint    ] Safepoint "RevokeBias", Time since last: 2502470798 ns, Reaching safepoint: 76207 ns, At safepoint: 25684 ns, Total: 101891 ns
[2020-02-27T06:23:35.242+0000][1][safepoint    ] Safepoint "RevokeBias", Time since last: 2504417276 ns, Reaching safepoint: 72358 ns, At safepoint: 18293 ns, Total: 90651 ns
[2020-02-27T06:23:37.748+0000][1][safepoint    ] Safepoint "RevokeBias", Time since last: 2505532287 ns, Reaching safepoint: 70252 ns, At safepoint: 103138 ns, Total: 173390 ns
[2020-02-27T06:23:40.251+0000][1][safepoint    ] Safepoint "RevokeBias", Time since last: 2502949402 ns, Reaching safepoint: 148929 ns, At safepoint: 47902 ns, Total: 196831 ns
[2020-02-27T06:23:42.757+0000][1][safepoint    ] Safepoint "RevokeBias", Time since last: 2506014015 ns, Reaching safepoint: 71515 ns, At safepoint: 16715 ns, Total: 88230 ns
[2020-02-27T06:23:45.266+0000][1][safepoint    ] Safepoint "RevokeBias", Time since last: 2508952867 ns, Reaching safepoint: 70333 ns, At safepoint: 17085 ns, Total: 87418 ns
[2020-02-27T06:23:47.777+0000][1][safepoint    ] Safepoint "RevokeBias", Time since last: 2510593293 ns, Reaching safepoint: 101772 ns, At safepoint: 23506 ns, Total: 125278 ns
[2020-02-27T06:23:50.293+0000][1][safepoint    ] Safepoint "RevokeBias", Time since last: 2515915598 ns, Reaching safepoint: 73440 ns, At safepoint: 17170 ns, Total: 90610 ns
[2020-02-27T06:23:52.804+0000][1][safepoint    ] Safepoint "RevokeBias", Time since last: 2511469962 ns, Reaching safepoint: 72678 ns, At safepoint: 17413 ns, Total: 90091 ns
[2020-02-27T06:23:54.805+0000][1][safepoint    ] Safepoint "Cleanup", Time since last: 2000936789 ns, Reaching safepoint: 98400 ns, At safepoint: 7513 ns, Total: 105913 ns
[2020-02-27T06:23:55.318+0000][1][safepoint    ] Safepoint "RevokeBias", Time since last: 512340006 ns, Reaching safepoint: 71752 ns, At safepoint: 17776 ns, Total: 89528 ns
[2020-02-27T06:23:57.828+0000][1][safepoint    ] Safepoint "RevokeBias", Time since last: 2510355216 ns, Reaching safepoint: 158662 ns, At safepoint: 20206 ns, Total: 178868 ns
[2020-02-27T06:24:00.342+0000][1][safepoint    ] Safepoint "RevokeBias", Time since last: 2514024987 ns, Reaching safepoint: 73477 ns, At safepoint: 17598 ns, Total: 91075 ns
[2020-02-27T06:24:02.851+0000][1][safepoint    ] Safepoint "RevokeBias", Time since last: 2508426289 ns, Reaching safepoint: 120989 ns, At safepoint: 19775 ns, Total: 140764 ns
[2020-02-27T06:24:05.354+0000][1][safepoint    ] Safepoint "RevokeBias", Time since last: 2503123110 ns, Reaching safepoint: 186706 ns, At safepoint: 31691 ns, Total: 218397 ns
[2020-02-27T06:24:07.859+0000][1][safepoint    ] Safepoint "RevokeBias", Time since last: 2504497782 ns, Reaching safepoint: 71995 ns, At safepoint: 17359 ns, Total: 89354 ns
[2020-02-27T06:24:10.362+0000][1][safepoint    ] Safepoint "RevokeBias", Time since last: 2502719641 ns, Reaching safepoint: 83736 ns, At safepoint: 20854 ns, Total: 104590 ns
[2020-02-27T06:24:12.867+0000][1][safepoint    ] Safepoint "RevokeBias", Time since last: 2505582004 ns, Reaching safepoint: 70229 ns, At safepoint: 17323 ns, Total: 87552 ns
[2020-02-27T06:24:15.372+0000][1][safepoint    ] Safepoint "RevokeBias", Time since last: 2504698279 ns, Reaching safepoint: 52135 ns, At safepoint: 14916 ns, Total: 67051 ns
[2020-02-27T06:24:17.879+0000][1][safepoint    ] Safepoint "RevokeBias", Time since last: 2506715211 ns, Reaching safepoint: 100991 ns, At safepoint: 24005 ns, Total: 124996 ns
[2020-02-27T06:24:20.382+0000][1][safepoint    ] Safepoint "RevokeBias", Time since last: 2502968707 ns, Reaching safepoint: 87585 ns, At safepoint: 21527 ns, Total: 109112 ns
[2020-02-27T06:24:22.886+0000][1][safepoint    ] Safepoint "BulkRevokeBias", Time since last: 2503995436 ns, Reaching safepoint: 85003 ns, At safepoint: 216173 ns, Total: 301176 ns
[2020-02-27T06:24:25.392+0000][1][safepoint    ] Safepoint "RevokeBias", Time since last: 2505959644 ns, Reaching safepoint: 162985 ns, At safepoint: 20091 ns, Total: 183076 ns
[2020-02-27T06:24:27.897+0000][1][safepoint    ] Safepoint "RevokeBias", Time since last: 2504351393 ns, Reaching safepoint: 71443 ns, At safepoint: 16781 ns, Total: 88224 ns
[2020-02-27T06:24:30.400+0000][1][safepoint    ] Safepoint "RevokeBias", Time since last: 2503330874 ns, Reaching safepoint: 71731 ns, At safepoint: 17781 ns, Total: 89512 ns
[2020-02-27T06:24:32.904+0000][1][safepoint    ] Safepoint "RevokeBias", Time since last: 2504167475 ns, Reaching safepoint: 71819 ns, At safepoint: 17388 ns, Total: 89207 ns
[2020-02-27T06:24:35.408+0000][1][safepoint    ] Safepoint "RevokeBias", Time since last: 2503255272 ns, Reaching safepoint: 71998 ns, At safepoint: 17964 ns, Total: 89962 ns
[2020-02-27T06:24:37.915+0000][1][safepoint    ] Safepoint "RevokeBias", Time since last: 2506763028 ns, Reaching safepoint: 108691 ns, At safepoint: 27417 ns, Total: 136108 ns
[2020-02-27T06:24:40.419+0000][1][safepoint    ] Safepoint "RevokeBias", Time since last: 2504488348 ns, Reaching safepoint: 70831 ns, At safepoint: 17573 ns, Total: 88404 ns
[2020-02-27T06:24:42.923+0000][1][safepoint    ] Safepoint "RevokeBias", Time since last: 2503097558 ns, Reaching safepoint: 166810 ns, At safepoint: 21247 ns, Total: 188057 ns
[2020-02-27T06:24:45.427+0000][1][safepoint    ] Safepoint "RevokeBias", Time since last: 2504389644 ns, Reaching safepoint: 77138 ns, At safepoint: 19312 ns, Total: 96450 ns
[2020-02-27T06:24:47.941+0000][1][safepoint    ] Safepoint "RevokeBias", Time since last: 2513386335 ns, Reaching safepoint: 199092 ns, At safepoint: 67503 ns, Total: 266595 ns
[2020-02-27T06:24:50.449+0000][1][safepoint    ] Safepoint "RevokeBias", Time since last: 2508597128 ns, Reaching safepoint: 102462 ns, At safepoint: 20010 ns, Total: 122472 ns
[2020-02-27T06:24:52.384+0000][1][safepoint    ] Safepoint "Cleanup", Time since last: 1934860110 ns, Reaching safepoint: 94613 ns, At safepoint: 6715 ns, Total: 101328 ns
[2020-02-27T06:24:52.966+0000][1][safepoint    ] Safepoint "RevokeBias", Time since last: 581163920 ns, Reaching safepoint: 108450 ns, At safepoint: 27178 ns, Total: 135628 ns
[2020-02-27T06:24:55.477+0000][1][safepoint    ] Safepoint "RevokeBias", Time since last: 2511176937 ns, Reaching safepoint: 82018 ns, At safepoint: 21122 ns, Total: 103140 ns
[2020-02-27T06:24:58.002+0000][1][safepoint    ] Safepoint "RevokeBias", Time since last: 2524450871 ns, Reaching safepoint: 138469 ns, At safepoint: 34260 ns, Total: 172729 ns
[2020-02-27T06:25:00.516+0000][1][safepoint    ] Safepoint "RevokeBias", Time since last: 2514123068 ns, Reaching safepoint: 70457 ns, At safepoint: 17047 ns, Total: 87504 ns
[2020-02-27T06:25:03.033+0000][1][safepoint    ] Safepoint "RevokeBias", Time since last: 2517571397 ns, Reaching safepoint: 77241 ns, At safepoint: 18961 ns, Total: 96202 ns
[2020-02-27T06:25:05.547+0000][1][safepoint    ] Safepoint "RevokeBias", Time since last: 2512978777 ns, Reaching safepoint: 76468 ns, At safepoint: 17924 ns, Total: 94392 ns
[2020-02-27T06:25:08.050+0000][1][safepoint    ] Safepoint "RevokeBias", Time since last: 2503264428 ns, Reaching safepoint: 89895 ns, At safepoint: 20563 ns, Total: 110458 ns
[2020-02-27T06:25:10.555+0000][1][safepoint    ] Safepoint "RevokeBias", Time since last: 2505134039 ns, Reaching safepoint: 75473 ns, At safepoint: 18041 ns, Total: 93514 ns
[2020-02-27T06:25:13.061+0000][1][safepoint    ] Safepoint "RevokeBias", Time since last: 2505944175 ns, Reaching safepoint: 71810 ns, At safepoint: 43741 ns, Total: 115551 ns
[2020-02-27T06:25:15.565+0000][1][safepoint    ] Safepoint "RevokeBias", Time since last: 2503512359 ns, Reaching safepoint: 75347 ns, At safepoint: 18228 ns, Total: 93575 ns
[2020-02-27T06:25:18.068+0000][1][safepoint    ] Safepoint "RevokeBias", Time since last: 2503501546 ns, Reaching safepoint: 74802 ns, At safepoint: 18693 ns, Total: 93495 ns
[2020-02-27T06:25:20.010+0000][1][gc,start     ] GC(79) Pause Young (Allocation Failure)
[2020-02-27T06:25:20.010+0000][1][gc,task      ] GC(79) Using 1 workers of 1 for evacuation
[2020-02-27T06:25:20.021+0000][1][gc,age       ] GC(79) Desired survivor size 4358144 bytes, new threshold 6 (max threshold 6)
[2020-02-27T06:25:20.021+0000][1][gc,age       ] GC(79) Age table with threshold 6 (max threshold 6)
[2020-02-27T06:25:20.021+0000][1][gc,age       ] GC(79) - age   1:      12936 bytes,      12936 total
[2020-02-27T06:25:20.021+0000][1][gc,age       ] GC(79) - age   2:        504 bytes,      13440 total
[2020-02-27T06:25:20.021+0000][1][gc,age       ] GC(79) - age   3:        288 bytes,      13728 total
[2020-02-27T06:25:20.021+0000][1][gc,age       ] GC(79) - age   4:        896 bytes,      14624 total
[2020-02-27T06:25:20.021+0000][1][gc,age       ] GC(79) - age   5:        112 bytes,      14736 total
[2020-02-27T06:25:20.021+0000][1][gc,age       ] GC(79) - age   6:        120 bytes,      14856 total
[2020-02-27T06:25:20.021+0000][1][gc,heap      ] GC(79) ParNew: 68195K->28K(76672K)
[2020-02-27T06:25:20.021+0000][1][gc,heap      ] GC(79) CMS: 62496K->62496K(963392K)
[2020-02-27T06:25:20.021+0000][1][gc,metaspace ] GC(79) Metaspace: 79847K->79847K(1122304K)
[2020-02-27T06:25:20.021+0000][1][gc           ] GC(79) Pause Young (Allocation Failure) 127M->61M(1015M) 11.180ms
[2020-02-27T06:25:20.021+0000][1][gc,cpu       ] GC(79) User=0.01s Sys=0.00s Real=0.01s
[2020-02-27T06:25:20.021+0000][1][safepoint    ] Safepoint "GenCollectForAllocation", Time since last: 1941177651 ns, Reaching safepoint: 98321 ns, At safepoint: 11311734 ns, Total: 11410055 ns
[2020-02-27T06:25:20.571+0000][1][safepoint    ] Safepoint "RevokeBias", Time since last: 550125669 ns, Reaching safepoint: 72575 ns, At safepoint: 17373 ns, Total: 89948 ns
[2020-02-27T06:25:23.074+0000][1][safepoint    ] Safepoint "RevokeBias", Time since last: 2503081981 ns, Reaching safepoint: 70265 ns, At safepoint: 16899 ns, Total: 87164 ns
[2020-02-27T06:25:25.578+0000][1][safepoint    ] Safepoint "RevokeBias", Time since last: 2503075591 ns, Reaching safepoint: 95862 ns, At safepoint: 18615 ns, Total: 114477 ns
[2020-02-27T06:25:28.084+0000][1][safepoint    ] Safepoint "RevokeBias", Time since last: 2506404674 ns, Reaching safepoint: 167472 ns, At safepoint: 18995 ns, Total: 186467 ns
[2020-02-27T06:25:30.589+0000][1][safepoint    ] Safepoint "RevokeBias", Time since last: 2505186105 ns, Reaching safepoint: 76882 ns, At safepoint: 19267 ns, Total: 96149 ns
[2020-02-27T06:25:33.097+0000][1][safepoint    ] Safepoint "RevokeBias", Time since last: 2507548446 ns, Reaching safepoint: 186009 ns, At safepoint: 22159 ns, Total: 208168 ns
[2020-02-27T06:25:35.602+0000][1][safepoint    ] Safepoint "BulkRevokeBias", Time since last: 2504634891 ns, Reaching safepoint: 69842 ns, At safepoint: 219294 ns, Total: 289136 ns
[2020-02-27T06:25:38.109+0000][1][safepoint    ] Safepoint "RevokeBias", Time since last: 2506710748 ns, Reaching safepoint: 87031 ns, At safepoint: 20702 ns, Total: 107733 ns
[2020-02-27T06:25:40.612+0000][1][safepoint    ] Safepoint "RevokeBias", Time since last: 2503319537 ns, Reaching safepoint: 79797 ns, At safepoint: 16837 ns, Total: 96634 ns
[2020-02-27T06:25:43.117+0000][1][safepoint    ] Safepoint "RevokeBias", Time since last: 2504338180 ns, Reaching safepoint: 71027 ns, At safepoint: 16772 ns, Total: 87799 ns
[2020-02-27T06:25:45.622+0000][1][safepoint    ] Safepoint "RevokeBias", Time since last: 2505009060 ns, Reaching safepoint: 194224 ns, At safepoint: 20325 ns, Total: 214549 ns
[2020-02-27T06:25:48.129+0000][1][safepoint    ] Safepoint "RevokeBias", Time since last: 2506652500 ns, Reaching safepoint: 156416 ns, At safepoint: 22403 ns, Total: 178819 ns
[2020-02-27T06:25:50.640+0000][1][safepoint    ] Safepoint "RevokeBias", Time since last: 2510905194 ns, Reaching safepoint: 109029 ns, At safepoint: 27920 ns, Total: 136949 ns
[2020-02-27T06:25:53.156+0000][1][safepoint    ] Safepoint "RevokeBias", Time since last: 2515699375 ns, Reaching safepoint: 71399 ns, At safepoint: 17918 ns, Total: 89317 ns
[2020-02-27T06:25:55.673+0000][1][safepoint    ] Safepoint "RevokeBias", Time since last: 2516784393 ns, Reaching safepoint: 73600 ns, At safepoint: 18379 ns, Total: 91979 ns
[2020-02-27T06:25:58.189+0000][1][safepoint    ] Safepoint "RevokeBias", Time since last: 2516433260 ns, Reaching safepoint: 71425 ns, At safepoint: 17905 ns, Total: 89330 ns
[2020-02-27T06:26:00.709+0000][1][safepoint    ] Safepoint "RevokeBias", Time since last: 2520119663 ns, Reaching safepoint: 114782 ns, At safepoint: 21154 ns, Total: 135936 ns
[2020-02-27T06:26:03.216+0000][1][safepoint    ] Safepoint "RevokeBias", Time since last: 2507058993 ns, Reaching safepoint: 69785 ns, At safepoint: 17354 ns, Total: 87139 ns
[2020-02-27T06:26:05.730+0000][1][safepoint    ] Safepoint "RevokeBias", Time since last: 2513731421 ns, Reaching safepoint: 73974 ns, At safepoint: 17382 ns, Total: 91356 ns
[2020-02-27T06:26:08.238+0000][1][safepoint    ] Safepoint "RevokeBias", Time since last: 2507688345 ns, Reaching safepoint: 177190 ns, At safepoint: 40883 ns, Total: 218073 ns
[2020-02-27T06:26:10.741+0000][1][safepoint    ] Safepoint "RevokeBias", Time since last: 2502995007 ns, Reaching safepoint: 74735 ns, At safepoint: 18124 ns, Total: 92859 ns
[2020-02-27T06:26:13.248+0000][1][safepoint    ] Safepoint "RevokeBias", Time since last: 2506296887 ns, Reaching safepoint: 165907 ns, At safepoint: 21491 ns, Total: 187398 ns
[2020-02-27T06:26:15.753+0000][1][safepoint    ] Safepoint "RevokeBias", Time since last: 2504970924 ns, Reaching safepoint: 72336 ns, At safepoint: 17602 ns, Total: 89938 ns
[2020-02-27T06:26:18.259+0000][1][safepoint    ] Safepoint "RevokeBias", Time since last: 2506097763 ns, Reaching safepoint: 69798 ns, At safepoint: 17209 ns, Total: 87007 ns
[2020-02-27T06:26:20.762+0000][1][safepoint    ] Safepoint "RevokeBias", Time since last: 2503188813 ns, Reaching safepoint: 145029 ns, At safepoint: 35622 ns, Total: 180651 ns
[2020-02-27T06:26:23.268+0000][1][safepoint    ] Safepoint "RevokeBias", Time since last: 2505369804 ns, Reaching safepoint: 73757 ns, At safepoint: 18009 ns, Total: 91766 ns
[2020-02-27T06:26:25.773+0000][1][safepoint    ] Safepoint "RevokeBias", Time since last: 2505299389 ns, Reaching safepoint: 94891 ns, At safepoint: 19367 ns, Total: 114258 ns
[2020-02-27T06:26:28.279+0000][1][safepoint    ] Safepoint "RevokeBias", Time since last: 2505294392 ns, Reaching safepoint: 105053 ns, At safepoint: 62022 ns, Total: 167075 ns
[2020-02-27T06:26:30.783+0000][1][safepoint    ] Safepoint "RevokeBias", Time since last: 2504094490 ns, Reaching safepoint: 88871 ns, At safepoint: 22792 ns, Total: 111663 ns
[2020-02-27T06:26:33.287+0000][1][safepoint    ] Safepoint "RevokeBias", Time since last: 2504092288 ns, Reaching safepoint: 74696 ns, At safepoint: 18792 ns, Total: 93488 ns
[2020-02-27T06:26:35.792+0000][1][safepoint    ] Safepoint "RevokeBias", Time since last: 2504866543 ns, Reaching safepoint: 71985 ns, At safepoint: 17314 ns, Total: 89299 ns
[2020-02-27T06:26:38.299+0000][1][safepoint    ] Safepoint "RevokeBias", Time since last: 2506318238 ns, Reaching safepoint: 220090 ns, At safepoint: 41338 ns, Total: 261428 ns
[2020-02-27T06:26:40.804+0000][1][safepoint    ] Safepoint "RevokeBias", Time since last: 2505131421 ns, Reaching safepoint: 86825 ns, At safepoint: 22406 ns, Total: 109231 ns
[2020-02-27T06:26:43.311+0000][1][safepoint    ] Safepoint "RevokeBias", Time since last: 2506553970 ns, Reaching safepoint: 205050 ns, At safepoint: 33185 ns, Total: 238235 ns
[2020-02-27T06:26:45.817+0000][1][safepoint    ] Safepoint "RevokeBias", Time since last: 2506704149 ns, Reaching safepoint: 72123 ns, At safepoint: 17895 ns, Total: 90018 ns
[2020-02-27T06:26:48.337+0000][1][safepoint    ] Safepoint "BulkRevokeBias", Time since last: 2518997291 ns, Reaching safepoint: 136310 ns, At safepoint: 253592 ns, Total: 389902 ns
[2020-02-27T06:26:50.845+0000][1][safepoint    ] Safepoint "RevokeBias", Time since last: 2507962231 ns, Reaching safepoint: 70349 ns, At safepoint: 17303 ns, Total: 87652 ns
[2020-02-27T06:26:53.355+0000][1][safepoint    ] Safepoint "RevokeBias", Time since last: 2509598846 ns, Reaching safepoint: 73423 ns, At safepoint: 17816 ns, Total: 91239 ns
[2020-02-27T06:26:55.870+0000][1][safepoint    ] Safepoint "RevokeBias", Time since last: 2515088923 ns, Reaching safepoint: 73803 ns, At safepoint: 17669 ns, Total: 91472 ns
[2020-02-27T06:26:58.385+0000][1][safepoint    ] Safepoint "RevokeBias", Time since last: 2514942968 ns, Reaching safepoint: 70695 ns, At safepoint: 17298 ns, Total: 87993 ns
[2020-02-27T06:27:00.895+0000][1][safepoint    ] Safepoint "RevokeBias", Time since last: 2509587994 ns, Reaching safepoint: 84198 ns, At safepoint: 20083 ns, Total: 104281 ns
[2020-02-27T06:27:03.401+0000][1][safepoint    ] Safepoint "RevokeBias", Time since last: 2506444684 ns, Reaching safepoint: 52182 ns, At safepoint: 16568 ns, Total: 68750 ns
[2020-02-27T06:27:05.911+0000][1][safepoint    ] Safepoint "RevokeBias", Time since last: 2509978231 ns, Reaching safepoint: 112653 ns, At safepoint: 27636 ns, Total: 140289 ns
[2020-02-27T06:27:08.432+0000][1][safepoint    ] Safepoint "RevokeBias", Time since last: 2520671498 ns, Reaching safepoint: 73534 ns, At safepoint: 18089 ns, Total: 91623 ns
[2020-02-27T06:27:10.939+0000][1][safepoint    ] Safepoint "RevokeBias", Time since last: 2506952763 ns, Reaching safepoint: 202139 ns, At safepoint: 40189 ns, Total: 242328 ns
[2020-02-27T06:27:13.445+0000][1][safepoint    ] Safepoint "RevokeBias", Time since last: 2506190081 ns, Reaching safepoint: 69757 ns, At safepoint: 17497 ns, Total: 87254 ns
[2020-02-27T06:27:15.950+0000][1][safepoint    ] Safepoint "RevokeBias", Time since last: 2504289890 ns, Reaching safepoint: 72656 ns, At safepoint: 17446 ns, Total: 90102 ns
[2020-02-27T06:27:18.455+0000][1][safepoint    ] Safepoint "RevokeBias", Time since last: 2505579260 ns, Reaching safepoint: 86433 ns, At safepoint: 20250 ns, Total: 106683 ns
[2020-02-27T06:27:20.959+0000][1][safepoint    ] Safepoint "RevokeBias", Time since last: 2503298138 ns, Reaching safepoint: 70068 ns, At safepoint: 17781 ns, Total: 87849 ns
[2020-02-27T06:27:21.959+0000][1][safepoint    ] Safepoint "Cleanup", Time since last: 1000351071 ns, Reaching safepoint: 111260 ns, At safepoint: 11974 ns, Total: 123234 ns
[2020-02-27T06:27:23.465+0000][1][safepoint    ] Safepoint "RevokeBias", Time since last: 1505858166 ns, Reaching safepoint: 82111 ns, At safepoint: 20625 ns, Total: 102736 ns
[2020-02-27T06:27:25.968+0000][1][safepoint    ] Safepoint "RevokeBias", Time since last: 2502631719 ns, Reaching safepoint: 111447 ns, At safepoint: 29488 ns, Total: 140935 ns
[2020-02-27T06:27:28.475+0000][1][safepoint    ] Safepoint "RevokeBias", Time since last: 2506584574 ns, Reaching safepoint: 72263 ns, At safepoint: 17272 ns, Total: 89535 ns
[2020-02-27T06:27:30.977+0000][1][safepoint    ] Safepoint "RevokeBias", Time since last: 2501975082 ns, Reaching safepoint: 82747 ns, At safepoint: 19480 ns, Total: 102227 ns
[2020-02-27T06:27:33.480+0000][1][safepoint    ] Safepoint "RevokeBias", Time since last: 2502789398 ns, Reaching safepoint: 69284 ns, At safepoint: 16933 ns, Total: 86217 ns
[2020-02-27T06:27:35.983+0000][1][gc,start     ] GC(80) Pause Young (Allocation Failure)
[2020-02-27T06:27:35.983+0000][1][gc,task      ] GC(80) Using 1 workers of 1 for evacuation
[2020-02-27T06:27:35.994+0000][1][gc,age       ] GC(80) Desired survivor size 4358144 bytes, new threshold 6 (max threshold 6)
[2020-02-27T06:27:35.994+0000][1][gc,age       ] GC(80) Age table with threshold 6 (max threshold 6)
[2020-02-27T06:27:35.994+0000][1][gc,age       ] GC(80) - age   1:      21448 bytes,      21448 total
[2020-02-27T06:27:35.994+0000][1][gc,age       ] GC(80) - age   2:        136 bytes,      21584 total
[2020-02-27T06:27:35.994+0000][1][gc,age       ] GC(80) - age   3:        504 bytes,      22088 total
[2020-02-27T06:27:35.994+0000][1][gc,age       ] GC(80) - age   4:        288 bytes,      22376 total
[2020-02-27T06:27:35.994+0000][1][gc,age       ] GC(80) - age   5:        896 bytes,      23272 total
[2020-02-27T06:27:35.994+0000][1][gc,age       ] GC(80) - age   6:        112 bytes,      23384 total
[2020-02-27T06:27:35.994+0000][1][gc,heap      ] GC(80) ParNew: 68188K->25K(76672K)
[2020-02-27T06:27:35.994+0000][1][gc,heap      ] GC(80) CMS: 62496K->62496K(963392K)
[2020-02-27T06:27:35.994+0000][1][gc,metaspace ] GC(80) Metaspace: 79864K->79864K(1122304K)
[2020-02-27T06:27:35.994+0000][1][gc           ] GC(80) Pause Young (Allocation Failure) 127M->61M(1015M) 11.025ms
[2020-02-27T06:27:35.994+0000][1][gc,cpu       ] GC(80) User=0.02s Sys=0.00s Real=0.01s
[2020-02-27T06:27:35.994+0000][1][safepoint    ] Safepoint "GenCollectForAllocation", Time since last: 2503077415 ns, Reaching safepoint: 79460 ns, At safepoint: 11080419 ns, Total: 11159879 ns
[2020-02-27T06:27:35.995+0000][1][safepoint    ] Safepoint "RevokeBias", Time since last: 756938 ns, Reaching safepoint: 67990 ns, At safepoint: 56209 ns, Total: 124199 ns
[2020-02-27T06:27:38.498+0000][1][safepoint    ] Safepoint "RevokeBias", Time since last: 2503431175 ns, Reaching safepoint: 71449 ns, At safepoint: 17648 ns, Total: 89097 ns
[2020-02-27T06:27:41.001+0000][1][safepoint    ] Safepoint "RevokeBias", Time since last: 2502601691 ns, Reaching safepoint: 72301 ns, At safepoint: 17959 ns, Total: 90260 ns
[2020-02-27T06:27:43.508+0000][1][safepoint    ] Safepoint "RevokeBias", Time since last: 2506937410 ns, Reaching safepoint: 72725 ns, At safepoint: 18078 ns, Total: 90803 ns
[2020-02-27T06:27:46.026+0000][1][safepoint    ] Safepoint "RevokeBias", Time since last: 2517536470 ns, Reaching safepoint: 55533 ns, At safepoint: 16655 ns, Total: 72188 ns
[2020-02-27T06:27:48.539+0000][1][safepoint    ] Safepoint "RevokeBias", Time since last: 2513014664 ns, Reaching safepoint: 94498 ns, At safepoint: 21644 ns, Total: 116142 ns
[2020-02-27T06:27:51.048+0000][1][safepoint    ] Safepoint "RevokeBias", Time since last: 2508776050 ns, Reaching safepoint: 72970 ns, At safepoint: 17926 ns, Total: 90896 ns
[2020-02-27T06:27:53.560+0000][1][safepoint    ] Safepoint "RevokeBias", Time since last: 2511881060 ns, Reaching safepoint: 74693 ns, At safepoint: 18664 ns, Total: 93357 ns
[2020-02-27T06:27:56.106+0000][1][safepoint    ] Safepoint "RevokeBias", Time since last: 2546245115 ns, Reaching safepoint: 52750 ns, At safepoint: 15825 ns, Total: 68575 ns
[2020-02-27T06:27:58.617+0000][1][safepoint    ] Safepoint "RevokeBias", Time since last: 2510983690 ns, Reaching safepoint: 89861 ns, At safepoint: 21097 ns, Total: 110958 ns
[2020-02-27T06:28:01.133+0000][1][safepoint    ] Safepoint "BulkRevokeBias", Time since last: 2515787258 ns, Reaching safepoint: 71025 ns, At safepoint: 314422 ns, Total: 385447 ns
[2020-02-27T06:28:03.642+0000][1][safepoint    ] Safepoint "RevokeBias", Time since last: 2508491751 ns, Reaching safepoint: 72088 ns, At safepoint: 17190 ns, Total: 89278 ns
[2020-02-27T06:28:06.164+0000][1][safepoint    ] Safepoint "RevokeBias", Time since last: 2521726308 ns, Reaching safepoint: 72517 ns, At safepoint: 17588 ns, Total: 90105 ns
[2020-02-27T06:28:08.679+0000][1][safepoint    ] Safepoint "RevokeBias", Time since last: 2515787581 ns, Reaching safepoint: 88678 ns, At safepoint: 19648 ns, Total: 108326 ns
[2020-02-27T06:28:11.183+0000][1][safepoint    ] Safepoint "RevokeBias", Time since last: 2503018419 ns, Reaching safepoint: 73523 ns, At safepoint: 17759 ns, Total: 91282 ns
[2020-02-27T06:28:13.686+0000][1][safepoint    ] Safepoint "RevokeBias", Time since last: 2503526298 ns, Reaching safepoint: 106216 ns, At safepoint: 19848 ns, Total: 126064 ns
[2020-02-27T06:28:16.191+0000][1][safepoint    ] Safepoint "RevokeBias", Time since last: 2504808327 ns, Reaching safepoint: 53918 ns, At safepoint: 15831 ns, Total: 69749 ns
[2020-02-27T06:28:18.698+0000][1][safepoint    ] Safepoint "RevokeBias", Time since last: 2506294694 ns, Reaching safepoint: 85805 ns, At safepoint: 21002 ns, Total: 106807 ns
[2020-02-27T06:28:19.699+0000][1][safepoint    ] Safepoint "Cleanup", Time since last: 1001024143 ns, Reaching safepoint: 81072 ns, At safepoint: 6581 ns, Total: 87653 ns
[2020-02-27T06:28:21.202+0000][1][safepoint    ] Safepoint "RevokeBias", Time since last: 1503119747 ns, Reaching safepoint: 71688 ns, At safepoint: 17366 ns, Total: 89054 ns
[2020-02-27T06:28:23.709+0000][1][safepoint    ] Safepoint "RevokeBias", Time since last: 2506693597 ns, Reaching safepoint: 113027 ns, At safepoint: 18312 ns, Total: 131339 ns
[2020-02-27T06:28:26.212+0000][1][safepoint    ] Safepoint "RevokeBias", Time since last: 2503302454 ns, Reaching safepoint: 73309 ns, At safepoint: 17381 ns, Total: 90690 ns
[2020-02-27T06:28:28.716+0000][1][safepoint    ] Safepoint "RevokeBias", Time since last: 2503664857 ns, Reaching safepoint: 71468 ns, At safepoint: 16721 ns, Total: 88189 ns
[2020-02-27T06:28:31.219+0000][1][safepoint    ] Safepoint "RevokeBias", Time since last: 2502722581 ns, Reaching safepoint: 169818 ns, At safepoint: 35698 ns, Total: 205516 ns
[2020-02-27T06:28:33.722+0000][1][safepoint    ] Safepoint "RevokeBias", Time since last: 2503502183 ns, Reaching safepoint: 74162 ns, At safepoint: 18459 ns, Total: 92621 ns
[2020-02-27T06:28:36.227+0000][1][safepoint    ] Safepoint "RevokeBias", Time since last: 2504750334 ns, Reaching safepoint: 69566 ns, At safepoint: 17009 ns, Total: 86575 ns
[2020-02-27T06:28:38.733+0000][1][safepoint    ] Safepoint "RevokeBias", Time since last: 2505957584 ns, Reaching safepoint: 101136 ns, At safepoint: 23939 ns, Total: 125075 ns
[2020-02-27T06:28:39.734+0000][1][safepoint    ] Safepoint "Cleanup", Time since last: 1000414941 ns, Reaching safepoint: 81555 ns, At safepoint: 7230 ns, Total: 88785 ns
[2020-02-27T06:28:41.236+0000][1][safepoint    ] Safepoint "RevokeBias", Time since last: 1501970688 ns, Reaching safepoint: 82229 ns, At safepoint: 19907 ns, Total: 102136 ns
[2020-02-27T06:28:43.742+0000][1][safepoint    ] Safepoint "RevokeBias", Time since last: 2505695144 ns, Reaching safepoint: 72800 ns, At safepoint: 17243 ns, Total: 90043 ns
[2020-02-27T06:28:46.245+0000][1][safepoint    ] Safepoint "RevokeBias", Time since last: 2503696335 ns, Reaching safepoint: 72642 ns, At safepoint: 17488 ns, Total: 90130 ns
[2020-02-27T06:28:48.750+0000][1][safepoint    ] Safepoint "RevokeBias", Time since last: 2504517750 ns, Reaching safepoint: 70890 ns, At safepoint: 17395 ns, Total: 88285 ns
[2020-02-27T06:28:51.254+0000][1][safepoint    ] Safepoint "RevokeBias", Time since last: 2503410120 ns, Reaching safepoint: 82991 ns, At safepoint: 20569 ns, Total: 103560 ns
[2020-02-27T06:28:52.254+0000][1][safepoint    ] Safepoint "Cleanup", Time since last: 1000226286 ns, Reaching safepoint: 78904 ns, At safepoint: 7105 ns, Total: 86009 ns
[2020-02-27T06:28:53.766+0000][1][safepoint    ] Safepoint "RevokeBias", Time since last: 1511635775 ns, Reaching safepoint: 70540 ns, At safepoint: 17405 ns, Total: 87945 ns
[2020-02-27T06:28:56.280+0000][1][safepoint    ] Safepoint "RevokeBias", Time since last: 2514483542 ns, Reaching safepoint: 74092 ns, At safepoint: 46332 ns, Total: 120424 ns
[2020-02-27T06:28:58.799+0000][1][safepoint    ] Safepoint "RevokeBias", Time since last: 2518337799 ns, Reaching safepoint: 71207 ns, At safepoint: 18250 ns, Total: 89457 ns
[2020-02-27T06:29:01.310+0000][1][safepoint    ] Safepoint "RevokeBias", Time since last: 2511146869 ns, Reaching safepoint: 72333 ns, At safepoint: 17384 ns, Total: 89717 ns
[2020-02-27T06:29:03.827+0000][1][safepoint    ] Safepoint "RevokeBias", Time since last: 2517322010 ns, Reaching safepoint: 71373 ns, At safepoint: 83384 ns, Total: 154757 ns
[2020-02-27T06:29:06.342+0000][1][safepoint    ] Safepoint "RevokeBias", Time since last: 2514669960 ns, Reaching safepoint: 73799 ns, At safepoint: 18075 ns, Total: 91874 ns
[2020-02-27T06:29:08.853+0000][1][safepoint    ] Safepoint "RevokeBias", Time since last: 2510819093 ns, Reaching safepoint: 91969 ns, At safepoint: 21226 ns, Total: 113195 ns
[2020-02-27T06:29:11.367+0000][1][safepoint    ] Safepoint "RevokeBias", Time since last: 2513638704 ns, Reaching safepoint: 70706 ns, At safepoint: 17077 ns, Total: 87783 ns
[2020-02-27T06:29:13.880+0000][1][safepoint    ] Safepoint "BulkRevokeBias", Time since last: 2513202664 ns, Reaching safepoint: 83674 ns, At safepoint: 427642 ns, Total: 511316 ns
[2020-02-27T06:29:16.392+0000][1][safepoint    ] Safepoint "RevokeBias", Time since last: 2511187219 ns, Reaching safepoint: 73384 ns, At safepoint: 18404 ns, Total: 91788 ns
[2020-02-27T06:29:18.897+0000][1][safepoint    ] Safepoint "RevokeBias", Time since last: 2505453774 ns, Reaching safepoint: 91039 ns, At safepoint: 20747 ns, Total: 111786 ns
[2020-02-27T06:29:21.400+0000][1][safepoint    ] Safepoint "RevokeBias", Time since last: 2503094013 ns, Reaching safepoint: 76661 ns, At safepoint: 20987 ns, Total: 97648 ns
[2020-02-27T06:29:22.404+0000][1][safepoint    ] Safepoint "Cleanup", Time since last: 1003843217 ns, Reaching safepoint: 80844 ns, At safepoint: 6782 ns, Total: 87626 ns
[2020-02-27T06:29:23.906+0000][1][safepoint    ] Safepoint "RevokeBias", Time since last: 1501926890 ns, Reaching safepoint: 71028 ns, At safepoint: 17283 ns, Total: 88311 ns
[2020-02-27T06:29:26.413+0000][1][safepoint    ] Safepoint "RevokeBias", Time since last: 2506718627 ns, Reaching safepoint: 100387 ns, At safepoint: 20540 ns, Total: 120927 ns
[2020-02-27T06:29:28.919+0000][1][safepoint    ] Safepoint "RevokeBias", Time since last: 2506012847 ns, Reaching safepoint: 72892 ns, At safepoint: 17499 ns, Total: 90391 ns
[2020-02-27T06:29:31.423+0000][1][safepoint    ] Safepoint "RevokeBias", Time since last: 2503374696 ns, Reaching safepoint: 71600 ns, At safepoint: 17478 ns, Total: 89078 ns
[2020-02-27T06:29:33.927+0000][1][safepoint    ] Safepoint "RevokeBias", Time since last: 2503802235 ns, Reaching safepoint: 69528 ns, At safepoint: 17407 ns, Total: 86935 ns
[2020-02-27T06:29:36.433+0000][1][safepoint    ] Safepoint "RevokeBias", Time since last: 2506134359 ns, Reaching safepoint: 73389 ns, At safepoint: 18422 ns, Total: 91811 ns
[2020-02-27T06:29:38.936+0000][1][safepoint    ] Safepoint "RevokeBias", Time since last: 2503286156 ns, Reaching safepoint: 106707 ns, At safepoint: 40190 ns, Total: 146897 ns
[2020-02-27T06:29:41.439+0000][1][safepoint    ] Safepoint "RevokeBias", Time since last: 2502951447 ns, Reaching safepoint: 71798 ns, At safepoint: 18031 ns, Total: 89829 ns
[2020-02-27T06:29:43.946+0000][1][safepoint    ] Safepoint "RevokeBias", Time since last: 2506825634 ns, Reaching safepoint: 72537 ns, At safepoint: 17297 ns, Total: 89834 ns
[2020-02-27T06:29:46.452+0000][1][safepoint    ] Safepoint "RevokeBias", Time since last: 2505165655 ns, Reaching safepoint: 70897 ns, At safepoint: 17568 ns, Total: 88465 ns
[2020-02-27T06:29:48.955+0000][1][safepoint    ] Safepoint "RevokeBias", Time since last: 2503227462 ns, Reaching safepoint: 179362 ns, At safepoint: 73296 ns, Total: 252658 ns
[2020-02-27T06:29:51.472+0000][1][gc,start     ] GC(81) Pause Young (Allocation Failure)
[2020-02-27T06:29:51.472+0000][1][gc,task      ] GC(81) Using 1 workers of 1 for evacuation
[2020-02-27T06:29:51.494+0000][1][gc,age       ] GC(81) Desired survivor size 4358144 bytes, new threshold 6 (max threshold 6)
[2020-02-27T06:29:51.494+0000][1][gc,age       ] GC(81) Age table with threshold 6 (max threshold 6)
[2020-02-27T06:29:51.494+0000][1][gc,age       ] GC(81) - age   1:      11056 bytes,      11056 total
[2020-02-27T06:29:51.494+0000][1][gc,age       ] GC(81) - age   2:        520 bytes,      11576 total
[2020-02-27T06:29:51.494+0000][1][gc,age       ] GC(81) - age   3:        136 bytes,      11712 total
[2020-02-27T06:29:51.494+0000][1][gc,age       ] GC(81) - age   4:        384 bytes,      12096 total
[2020-02-27T06:29:51.494+0000][1][gc,age       ] GC(81) - age   5:        288 bytes,      12384 total
[2020-02-27T06:29:51.494+0000][1][gc,age       ] GC(81) - age   6:        896 bytes,      13280 total
[2020-02-27T06:29:51.494+0000][1][gc,heap      ] GC(81) ParNew: 68150K->20K(76672K)
[2020-02-27T06:29:51.494+0000][1][gc,heap      ] GC(81) CMS: 62496K->62496K(963392K)
[2020-02-27T06:29:51.494+0000][1][gc,metaspace ] GC(81) Metaspace: 79879K->79879K(1122304K)
[2020-02-27T06:29:51.494+0000][1][gc           ] GC(81) Pause Young (Allocation Failure) 127M->61M(1015M) 22.341ms
[2020-02-27T06:29:51.494+0000][1][gc,cpu       ] GC(81) User=0.01s Sys=0.00s Real=0.02s
[2020-02-27T06:29:51.494+0000][1][safepoint    ] Safepoint "GenCollectForAllocation", Time since last: 2516369138 ns, Reaching safepoint: 73894 ns, At safepoint: 22393998 ns, Total: 22467892 ns
[2020-02-27T06:29:51.495+0000][1][safepoint    ] Safepoint "RevokeBias", Time since last: 1298015 ns, Reaching safepoint: 180331 ns, At safepoint: 57284 ns, Total: 237615 ns
[2020-02-27T06:29:54.009+0000][1][safepoint    ] Safepoint "RevokeBias", Time since last: 2513492117 ns, Reaching safepoint: 136633 ns, At safepoint: 50519 ns, Total: 187152 ns
[2020-02-27T06:29:56.523+0000][1][safepoint    ] Safepoint "RevokeBias", Time since last: 2513515291 ns, Reaching safepoint: 190256 ns, At safepoint: 40007 ns, Total: 230263 ns
[2020-02-27T06:29:59.038+0000][1][safepoint    ] Safepoint "RevokeBias", Time since last: 2514877458 ns, Reaching safepoint: 71812 ns, At safepoint: 17913 ns, Total: 89725 ns
[2020-02-27T06:30:01.553+0000][1][safepoint    ] Safepoint "RevokeBias", Time since last: 2515014019 ns, Reaching safepoint: 71184 ns, At safepoint: 16551 ns, Total: 87735 ns
[2020-02-27T06:30:04.061+0000][1][safepoint    ] Safepoint "RevokeBias", Time since last: 2508120539 ns, Reaching safepoint: 141274 ns, At safepoint: 21139 ns, Total: 162413 ns
[2020-02-27T06:30:06.573+0000][1][safepoint    ] Safepoint "RevokeBias", Time since last: 2511681705 ns, Reaching safepoint: 86539 ns, At safepoint: 17022 ns, Total: 103561 ns
[2020-02-27T06:30:09.085+0000][1][safepoint    ] Safepoint "RevokeBias", Time since last: 2511373615 ns, Reaching safepoint: 109884 ns, At safepoint: 93089 ns, Total: 202973 ns
[2020-02-27T06:30:11.593+0000][1][safepoint    ] Safepoint "RevokeBias", Time since last: 2508131902 ns, Reaching safepoint: 186738 ns, At safepoint: 19220 ns, Total: 205958 ns
[2020-02-27T06:30:14.105+0000][1][safepoint    ] Safepoint "RevokeBias", Time since last: 2511829449 ns, Reaching safepoint: 72125 ns, At safepoint: 17365 ns, Total: 89490 ns
[2020-02-27T06:30:16.610+0000][1][safepoint    ] Safepoint "RevokeBias", Time since last: 2504589323 ns, Reaching safepoint: 72974 ns, At safepoint: 17456 ns, Total: 90430 ns
[2020-02-27T06:30:19.114+0000][1][safepoint    ] Safepoint "RevokeBias", Time since last: 2504387391 ns, Reaching safepoint: 189598 ns, At safepoint: 25327 ns, Total: 214925 ns
[2020-02-27T06:30:21.617+0000][1][safepoint    ] Safepoint "RevokeBias", Time since last: 2502995012 ns, Reaching safepoint: 74830 ns, At safepoint: 17646 ns, Total: 92476 ns
[2020-02-27T06:30:24.123+0000][1][safepoint    ] Safepoint "RevokeBias", Time since last: 2505954510 ns, Reaching safepoint: 83480 ns, At safepoint: 20366 ns, Total: 103846 ns
[2020-02-27T06:30:26.627+0000][1][safepoint    ] Safepoint "BulkRevokeBias", Time since last: 2503751357 ns, Reaching safepoint: 82975 ns, At safepoint: 292800 ns, Total: 375775 ns
[2020-02-27T06:30:29.133+0000][1][safepoint    ] Safepoint "RevokeBias", Time since last: 2505883190 ns, Reaching safepoint: 72480 ns, At safepoint: 18823 ns, Total: 91303 ns
[2020-02-27T06:30:31.637+0000][1][safepoint    ] Safepoint "RevokeBias", Time since last: 2503281760 ns, Reaching safepoint: 72071 ns, At safepoint: 17596 ns, Total: 89667 ns
[2020-02-27T06:30:34.140+0000][1][safepoint    ] Safepoint "RevokeBias", Time since last: 2503390240 ns, Reaching safepoint: 131960 ns, At safepoint: 46738 ns, Total: 178698 ns
[2020-02-27T06:30:36.644+0000][1][safepoint    ] Safepoint "RevokeBias", Time since last: 2503158686 ns, Reaching safepoint: 84988 ns, At safepoint: 20601 ns, Total: 105589 ns
[2020-02-27T06:30:39.156+0000][1][safepoint    ] Safepoint "RevokeBias", Time since last: 2512122009 ns, Reaching safepoint: 159414 ns, At safepoint: 17488 ns, Total: 176902 ns
[2020-02-27T06:30:41.657+0000][1][safepoint    ] Safepoint "RevokeBias", Time since last: 2501266467 ns, Reaching safepoint: 142019 ns, At safepoint: 50979 ns, Total: 192998 ns
[2020-02-27T06:30:44.164+0000][1][safepoint    ] Safepoint "RevokeBias", Time since last: 2506751888 ns, Reaching safepoint: 72442 ns, At safepoint: 17054 ns, Total: 89496 ns
[2020-02-27T06:30:46.670+0000][1][safepoint    ] Safepoint "RevokeBias", Time since last: 2505872253 ns, Reaching safepoint: 218579 ns, At safepoint: 20310 ns, Total: 238889 ns
[2020-02-27T06:30:49.177+0000][1][safepoint    ] Safepoint "RevokeBias", Time since last: 2506612854 ns, Reaching safepoint: 137131 ns, At safepoint: 32748 ns, Total: 169879 ns
[2020-02-27T06:30:51.682+0000][1][safepoint    ] Safepoint "RevokeBias", Time since last: 2505209592 ns, Reaching safepoint: 71431 ns, At safepoint: 17564 ns, Total: 88995 ns
[2020-02-27T06:30:54.188+0000][1][safepoint    ] Safepoint "RevokeBias", Time since last: 2505505932 ns, Reaching safepoint: 71347 ns, At safepoint: 17358 ns, Total: 88705 ns
[2020-02-27T06:30:56.697+0000][1][safepoint    ] Safepoint "RevokeBias", Time since last: 2508651846 ns, Reaching safepoint: 73452 ns, At safepoint: 45357 ns, Total: 118809 ns
[2020-02-27T06:30:57.697+0000][1][safepoint    ] Safepoint "Cleanup", Time since last: 1000569305 ns, Reaching safepoint: 79878 ns, At safepoint: 7281 ns, Total: 87159 ns
[2020-02-27T06:30:59.211+0000][1][safepoint    ] Safepoint "RevokeBias", Time since last: 1513125980 ns, Reaching safepoint: 70376 ns, At safepoint: 17760 ns, Total: 88136 ns
[2020-02-27T06:31:01.717+0000][1][safepoint    ] Safepoint "RevokeBias", Time since last: 2506407245 ns, Reaching safepoint: 70308 ns, At safepoint: 78778 ns, Total: 149086 ns
[2020-02-27T06:31:04.228+0000][1][safepoint    ] Safepoint "RevokeBias", Time since last: 2511050397 ns, Reaching safepoint: 71077 ns, At safepoint: 17649 ns, Total: 88726 ns
[2020-02-27T06:31:06.740+0000][1][safepoint    ] Safepoint "RevokeBias", Time since last: 2511387812 ns, Reaching safepoint: 92179 ns, At safepoint: 45092 ns, Total: 137271 ns
[2020-02-27T06:31:09.252+0000][1][safepoint    ] Safepoint "RevokeBias", Time since last: 2511914920 ns, Reaching safepoint: 71961 ns, At safepoint: 17838 ns, Total: 89799 ns
[2020-02-27T06:31:11.761+0000][1][safepoint    ] Safepoint "RevokeBias", Time since last: 2509365615 ns, Reaching safepoint: 70647 ns, At safepoint: 17877 ns, Total: 88524 ns
[2020-02-27T06:31:14.275+0000][1][safepoint    ] Safepoint "RevokeBias", Time since last: 2513946382 ns, Reaching safepoint: 85247 ns, At safepoint: 21194 ns, Total: 106441 ns
[2020-02-27T06:31:16.790+0000][1][safepoint    ] Safepoint "RevokeBias", Time since last: 2514502772 ns, Reaching safepoint: 227872 ns, At safepoint: 37639 ns, Total: 265511 ns
[2020-02-27T06:31:19.292+0000][1][safepoint    ] Safepoint "RevokeBias", Time since last: 2501811626 ns, Reaching safepoint: 53307 ns, At safepoint: 16316 ns, Total: 69623 ns
[2020-02-27T06:31:20.297+0000][1][safepoint    ] Safepoint "Cleanup", Time since last: 1005391350 ns, Reaching safepoint: 83549 ns, At safepoint: 7642 ns, Total: 91191 ns
[2020-02-27T06:31:21.795+0000][1][safepoint    ] Safepoint "RevokeBias", Time since last: 1497395875 ns, Reaching safepoint: 74366 ns, At safepoint: 18069 ns, Total: 92435 ns
[2020-02-27T06:31:24.301+0000][1][safepoint    ] Safepoint "RevokeBias", Time since last: 2506116892 ns, Reaching safepoint: 223971 ns, At safepoint: 19231 ns, Total: 243202 ns
[2020-02-27T06:31:26.807+0000][1][safepoint    ] Safepoint "RevokeBias", Time since last: 2505428899 ns, Reaching safepoint: 73556 ns, At safepoint: 17047 ns, Total: 90603 ns
[2020-02-27T06:31:29.313+0000][1][safepoint    ] Safepoint "RevokeBias", Time since last: 2506360652 ns, Reaching safepoint: 92336 ns, At safepoint: 21931 ns, Total: 114267 ns
[2020-02-27T06:31:31.817+0000][1][safepoint    ] Safepoint "RevokeBias", Time since last: 2503396326 ns, Reaching safepoint: 97769 ns, At safepoint: 26859 ns, Total: 124628 ns
[2020-02-27T06:31:34.321+0000][1][safepoint    ] Safepoint "RevokeBias", Time since last: 2503823712 ns, Reaching safepoint: 72861 ns, At safepoint: 17953 ns, Total: 90814 ns
[2020-02-27T06:31:36.825+0000][1][safepoint    ] Safepoint "RevokeBias", Time since last: 2503750785 ns, Reaching safepoint: 71758 ns, At safepoint: 17464 ns, Total: 89222 ns
[2020-02-27T06:31:39.331+0000][1][safepoint    ] Safepoint "BulkRevokeBias", Time since last: 2505804732 ns, Reaching safepoint: 160534 ns, At safepoint: 192479 ns, Total: 353013 ns
[2020-02-27T06:31:41.835+0000][1][safepoint    ] Safepoint "RevokeBias", Time since last: 2503880375 ns, Reaching safepoint: 136685 ns, At safepoint: 37046 ns, Total: 173731 ns
[2020-02-27T06:31:44.341+0000][1][safepoint    ] Safepoint "RevokeBias", Time since last: 2506212401 ns, Reaching safepoint: 80599 ns, At safepoint: 17318 ns, Total: 97917 ns
[2020-02-27T06:31:46.846+0000][1][safepoint    ] Safepoint "RevokeBias", Time since last: 2504776628 ns, Reaching safepoint: 71455 ns, At safepoint: 17494 ns, Total: 88949 ns
[2020-02-27T06:31:49.351+0000][1][safepoint    ] Safepoint "RevokeBias", Time since last: 2505402807 ns, Reaching safepoint: 73596 ns, At safepoint: 17441 ns, Total: 91037 ns
[2020-02-27T06:31:51.875+0000][1][safepoint    ] Safepoint "RevokeBias", Time since last: 2523275541 ns, Reaching safepoint: 150797 ns, At safepoint: 30254 ns, Total: 181051 ns
[2020-02-27T06:31:54.386+0000][1][safepoint    ] Safepoint "RevokeBias", Time since last: 2510663176 ns, Reaching safepoint: 102968 ns, At safepoint: 23891 ns, Total: 126859 ns
[2020-02-27T06:31:56.898+0000][1][safepoint    ] Safepoint "RevokeBias", Time since last: 2511825931 ns, Reaching safepoint: 72484 ns, At safepoint: 18445 ns, Total: 90929 ns
[2020-02-27T06:31:59.409+0000][1][safepoint    ] Safepoint "RevokeBias", Time since last: 2510785973 ns, Reaching safepoint: 72024 ns, At safepoint: 17006 ns, Total: 89030 ns
[2020-02-27T06:32:01.916+0000][1][safepoint    ] Safepoint "RevokeBias", Time since last: 2507206129 ns, Reaching safepoint: 71788 ns, At safepoint: 17507 ns, Total: 89295 ns
[2020-02-27T06:32:04.424+0000][1][safepoint    ] Safepoint "RevokeBias", Time since last: 2508228880 ns, Reaching safepoint: 84553 ns, At safepoint: 20934 ns, Total: 105487 ns
[2020-02-27T06:32:06.935+0000][1][safepoint    ] Safepoint "RevokeBias", Time since last: 2511138640 ns, Reaching safepoint: 71874 ns, At safepoint: 18310 ns, Total: 90184 ns
[2020-02-27T06:32:09.448+0000][1][safepoint    ] Safepoint "RevokeBias", Time since last: 2512850114 ns, Reaching safepoint: 83790 ns, At safepoint: 20190 ns, Total: 103980 ns
[2020-02-27T06:32:10.433+0000][1][gc,start     ] GC(82) Pause Young (Allocation Failure)
[2020-02-27T06:32:10.433+0000][1][gc,task      ] GC(82) Using 1 workers of 1 for evacuation
[2020-02-27T06:32:10.444+0000][1][gc,age       ] GC(82) Desired survivor size 4358144 bytes, new threshold 6 (max threshold 6)
[2020-02-27T06:32:10.444+0000][1][gc,age       ] GC(82) Age table with threshold 6 (max threshold 6)
[2020-02-27T06:32:10.444+0000][1][gc,age       ] GC(82) - age   1:      12848 bytes,      12848 total
[2020-02-27T06:32:10.444+0000][1][gc,age       ] GC(82) - age   2:        152 bytes,      13000 total
[2020-02-27T06:32:10.444+0000][1][gc,age       ] GC(82) - age   3:        520 bytes,      13520 total
[2020-02-27T06:32:10.444+0000][1][gc,age       ] GC(82) - age   4:        136 bytes,      13656 total
[2020-02-27T06:32:10.444+0000][1][gc,age       ] GC(82) - age   5:         32 bytes,      13688 total
[2020-02-27T06:32:10.444+0000][1][gc,age       ] GC(82) - age   6:        288 bytes,      13976 total
[2020-02-27T06:32:10.444+0000][1][gc,heap      ] GC(82) ParNew: 68180K->14K(76672K)
[2020-02-27T06:32:10.444+0000][1][gc,heap      ] GC(82) CMS: 62496K->62497K(963392K)
[2020-02-27T06:32:10.444+0000][1][gc,metaspace ] GC(82) Metaspace: 79884K->79884K(1122304K)
[2020-02-27T06:32:10.444+0000][1][gc           ] GC(82) Pause Young (Allocation Failure) 127M->61M(1015M) 11.088ms
[2020-02-27T06:32:10.444+0000][1][gc,cpu       ] GC(82) User=0.02s Sys=0.00s Real=0.01s
[2020-02-27T06:32:10.444+0000][1][safepoint    ] Safepoint "GenCollectForAllocation", Time since last: 984775539 ns, Reaching safepoint: 189207 ns, At safepoint: 11154149 ns, Total: 11343356 ns
[2020-02-27T06:32:11.958+0000][1][safepoint    ] Safepoint "RevokeBias", Time since last: 1513829798 ns, Reaching safepoint: 54078 ns, At safepoint: 15192 ns, Total: 69270 ns
[2020-02-27T06:32:14.467+0000][1][safepoint    ] Safepoint "RevokeBias", Time since last: 2508628969 ns, Reaching safepoint: 72721 ns, At safepoint: 16855 ns, Total: 89576 ns
[2020-02-27T06:32:16.975+0000][1][safepoint    ] Safepoint "RevokeBias", Time since last: 2507413488 ns, Reaching safepoint: 71626 ns, At safepoint: 17075 ns, Total: 88701 ns
[2020-02-27T06:32:17.976+0000][1][safepoint    ] Safepoint "Cleanup", Time since last: 1000985112 ns, Reaching safepoint: 138090 ns, At safepoint: 7063 ns, Total: 145153 ns
[2020-02-27T06:32:19.486+0000][1][safepoint    ] Safepoint "RevokeBias", Time since last: 1510090189 ns, Reaching safepoint: 70719 ns, At safepoint: 17213 ns, Total: 87932 ns
[2020-02-27T06:32:20.487+0000][1][safepoint    ] Safepoint "Cleanup", Time since last: 1001085595 ns, Reaching safepoint: 80814 ns, At safepoint: 7146 ns, Total: 87960 ns
[2020-02-27T06:32:21.990+0000][1][safepoint    ] Safepoint "RevokeBias", Time since last: 1502575627 ns, Reaching safepoint: 74706 ns, At safepoint: 17514 ns, Total: 92220 ns
[2020-02-27T06:32:24.496+0000][1][safepoint    ] Safepoint "RevokeBias", Time since last: 2506153498 ns, Reaching safepoint: 89595 ns, At safepoint: 20448 ns, Total: 110043 ns
[2020-02-27T06:32:27.002+0000][1][safepoint    ] Safepoint "RevokeBias", Time since last: 2506282464 ns, Reaching safepoint: 132253 ns, At safepoint: 24011 ns, Total: 156264 ns
[2020-02-27T06:32:29.508+0000][1][safepoint    ] Safepoint "RevokeBias", Time since last: 2505668380 ns, Reaching safepoint: 71738 ns, At safepoint: 17650 ns, Total: 89388 ns
[2020-02-27T06:32:32.012+0000][1][safepoint    ] Safepoint "RevokeBias", Time since last: 2503658156 ns, Reaching safepoint: 58929 ns, At safepoint: 16055 ns, Total: 74984 ns
[2020-02-27T06:32:34.515+0000][1][safepoint    ] Safepoint "RevokeBias", Time since last: 2503071053 ns, Reaching safepoint: 84850 ns, At safepoint: 20835 ns, Total: 105685 ns
[2020-02-27T06:32:37.019+0000][1][safepoint    ] Safepoint "RevokeBias", Time since last: 2503638498 ns, Reaching safepoint: 73168 ns, At safepoint: 18404 ns, Total: 91572 ns
[2020-02-27T06:32:39.524+0000][1][safepoint    ] Safepoint "RevokeBias", Time since last: 2505450143 ns, Reaching safepoint: 161766 ns, At safepoint: 19591 ns, Total: 181357 ns
[2020-02-27T06:32:42.028+0000][1][safepoint    ] Safepoint "RevokeBias", Time since last: 2502987374 ns, Reaching safepoint: 89187 ns, At safepoint: 20881 ns, Total: 110068 ns
[2020-02-27T06:32:44.535+0000][1][safepoint    ] Safepoint "RevokeBias", Time since last: 2507074368 ns, Reaching safepoint: 78012 ns, At safepoint: 18523 ns, Total: 96535 ns
[2020-02-27T06:32:47.041+0000][1][safepoint    ] Safepoint "RevokeBias", Time since last: 2506063304 ns, Reaching safepoint: 88853 ns, At safepoint: 21184 ns, Total: 110037 ns
[2020-02-27T06:32:49.548+0000][1][safepoint    ] Safepoint "RevokeBias", Time since last: 2506885609 ns, Reaching safepoint: 73007 ns, At safepoint: 17595 ns, Total: 90602 ns
[2020-02-27T06:32:52.050+0000][1][safepoint    ] Safepoint "BulkRevokeBias", Time since last: 2501989823 ns, Reaching safepoint: 88640 ns, At safepoint: 183996 ns, Total: 272636 ns
[2020-02-27T06:32:54.556+0000][1][safepoint    ] Safepoint "RevokeBias", Time since last: 2505999892 ns, Reaching safepoint: 98229 ns, At safepoint: 23122 ns, Total: 121351 ns
[2020-02-27T06:32:57.063+0000][1][safepoint    ] Safepoint "RevokeBias", Time since last: 2506848654 ns, Reaching safepoint: 71405 ns, At safepoint: 16964 ns, Total: 88369 ns
[2020-02-27T06:32:59.579+0000][1][safepoint    ] Safepoint "RevokeBias", Time since last: 2515396231 ns, Reaching safepoint: 71444 ns, At safepoint: 17278 ns, Total: 88722 ns
[2020-02-27T06:33:02.089+0000][1][safepoint    ] Safepoint "RevokeBias", Time since last: 2509925259 ns, Reaching safepoint: 229959 ns, At safepoint: 56670 ns, Total: 286629 ns
[2020-02-27T06:33:04.604+0000][1][safepoint    ] Safepoint "RevokeBias", Time since last: 2514883193 ns, Reaching safepoint: 70399 ns, At safepoint: 16871 ns, Total: 87270 ns
[2020-02-27T06:33:07.115+0000][1][safepoint    ] Safepoint "RevokeBias", Time since last: 2510929778 ns, Reaching safepoint: 109104 ns, At safepoint: 33476 ns, Total: 142580 ns
[2020-02-27T06:33:09.628+0000][1][safepoint    ] Safepoint "RevokeBias", Time since last: 2513032934 ns, Reaching safepoint: 70636 ns, At safepoint: 17165 ns, Total: 87801 ns
[2020-02-27T06:33:12.134+0000][1][safepoint    ] Safepoint "RevokeBias", Time since last: 2506274499 ns, Reaching safepoint: 76201 ns, At safepoint: 17684 ns, Total: 93885 ns
[2020-02-27T06:33:14.647+0000][1][safepoint    ] Safepoint "RevokeBias", Time since last: 2512457883 ns, Reaching safepoint: 53487 ns, At safepoint: 15795 ns, Total: 69282 ns
[2020-02-27T06:33:17.157+0000][1][safepoint    ] Safepoint "RevokeBias", Time since last: 2510193905 ns, Reaching safepoint: 156561 ns, At safepoint: 37925 ns, Total: 194486 ns
[2020-02-27T06:33:19.665+0000][1][safepoint    ] Safepoint "RevokeBias", Time since last: 2507890330 ns, Reaching safepoint: 73222 ns, At safepoint: 17434 ns, Total: 90656 ns
[2020-02-27T06:33:22.173+0000][1][safepoint    ] Safepoint "RevokeBias", Time since last: 2507931847 ns, Reaching safepoint: 73985 ns, At safepoint: 17676 ns, Total: 91661 ns
[2020-02-27T06:33:24.678+0000][1][safepoint    ] Safepoint "RevokeBias", Time since last: 2504613893 ns, Reaching safepoint: 89519 ns, At safepoint: 18547 ns, Total: 108066 ns
[2020-02-27T06:33:27.184+0000][1][safepoint    ] Safepoint "RevokeBias", Time since last: 2505949236 ns, Reaching safepoint: 72696 ns, At safepoint: 108753 ns, Total: 181449 ns
[2020-02-27T06:33:29.688+0000][1][safepoint    ] Safepoint "RevokeBias", Time since last: 2504081589 ns, Reaching safepoint: 95488 ns, At safepoint: 20497 ns, Total: 115985 ns
[2020-02-27T06:33:32.193+0000][1][safepoint    ] Safepoint "RevokeBias", Time since last: 2504458206 ns, Reaching safepoint: 87078 ns, At safepoint: 37186 ns, Total: 124264 ns
[2020-02-27T06:33:34.697+0000][1][safepoint    ] Safepoint "RevokeBias", Time since last: 2504075850 ns, Reaching safepoint: 123593 ns, At safepoint: 44717 ns, Total: 168310 ns
[2020-02-27T06:33:37.203+0000][1][safepoint    ] Safepoint "RevokeBias", Time since last: 2505656483 ns, Reaching safepoint: 73558 ns, At safepoint: 17574 ns, Total: 91132 ns
[2020-02-27T06:33:39.706+0000][1][safepoint    ] Safepoint "RevokeBias", Time since last: 2502712212 ns, Reaching safepoint: 89478 ns, At safepoint: 17432 ns, Total: 106910 ns
[2020-02-27T06:33:42.209+0000][1][safepoint    ] Safepoint "RevokeBias", Time since last: 2503322720 ns, Reaching safepoint: 94505 ns, At safepoint: 19018 ns, Total: 113523 ns
[2020-02-27T06:33:44.713+0000][1][safepoint    ] Safepoint "RevokeBias", Time since last: 2504125394 ns, Reaching safepoint: 77300 ns, At safepoint: 18344 ns, Total: 95644 ns
[2020-02-27T06:33:47.220+0000][1][safepoint    ] Safepoint "RevokeBias", Time since last: 2506257369 ns, Reaching safepoint: 197784 ns, At safepoint: 22251 ns, Total: 220035 ns
[2020-02-27T06:33:49.725+0000][1][safepoint    ] Safepoint "RevokeBias", Time since last: 2504660582 ns, Reaching safepoint: 207062 ns, At safepoint: 19069 ns, Total: 226131 ns
[2020-02-27T06:33:50.726+0000][1][safepoint    ] Safepoint "Cleanup", Time since last: 1000854145 ns, Reaching safepoint: 127055 ns, At safepoint: 12254 ns, Total: 139309 ns
[2020-02-27T06:33:52.228+0000][1][safepoint    ] Safepoint "RevokeBias", Time since last: 1502130414 ns, Reaching safepoint: 203508 ns, At safepoint: 20121 ns, Total: 223629 ns
[2020-02-27T06:33:54.731+0000][1][safepoint    ] Safepoint "RevokeBias", Time since last: 2502744823 ns, Reaching safepoint: 90981 ns, At safepoint: 22050 ns, Total: 113031 ns
[2020-02-27T06:33:57.250+0000][1][safepoint    ] Safepoint "RevokeBias", Time since last: 2518886717 ns, Reaching safepoint: 54679 ns, At safepoint: 16085 ns, Total: 70764 ns
[2020-02-27T06:33:59.757+0000][1][safepoint    ] Safepoint "RevokeBias", Time since last: 2507195609 ns, Reaching safepoint: 79370 ns, At safepoint: 19949 ns, Total: 99319 ns
[2020-02-27T06:34:02.267+0000][1][safepoint    ] Safepoint "RevokeBias", Time since last: 2509223628 ns, Reaching safepoint: 128377 ns, At safepoint: 18559 ns, Total: 146936 ns
[2020-02-27T06:34:04.777+0000][1][safepoint    ] Safepoint "BulkRevokeBias", Time since last: 2509592152 ns, Reaching safepoint: 95873 ns, At safepoint: 276764 ns, Total: 372637 ns
[2020-02-27T06:34:07.302+0000][1][safepoint    ] Safepoint "RevokeBias", Time since last: 2525197980 ns, Reaching safepoint: 123631 ns, At safepoint: 21445 ns, Total: 145076 ns
[2020-02-27T06:34:09.812+0000][1][safepoint    ] Safepoint "RevokeBias", Time since last: 2510280775 ns, Reaching safepoint: 74490 ns, At safepoint: 17412 ns, Total: 91902 ns
[2020-02-27T06:34:12.331+0000][1][safepoint    ] Safepoint "RevokeBias", Time since last: 2519004685 ns, Reaching safepoint: 54677 ns, At safepoint: 15944 ns, Total: 70621 ns
[2020-02-27T06:34:14.842+0000][1][safepoint    ] Safepoint "RevokeBias", Time since last: 2510276203 ns, Reaching safepoint: 110373 ns, At safepoint: 27931 ns, Total: 138304 ns
[2020-02-27T06:34:17.354+0000][1][safepoint    ] Safepoint "RevokeBias", Time since last: 2511965879 ns, Reaching safepoint: 76157 ns, At safepoint: 17816 ns, Total: 93973 ns
[2020-02-27T06:34:19.863+0000][1][safepoint    ] Safepoint "RevokeBias", Time since last: 2508820818 ns, Reaching safepoint: 83957 ns, At safepoint: 20052 ns, Total: 104009 ns
[2020-02-27T06:34:22.364+0000][1][safepoint    ] Safepoint "RevokeBias", Time since last: 2501263434 ns, Reaching safepoint: 79825 ns, At safepoint: 18508 ns, Total: 98333 ns
[2020-02-27T06:34:24.870+0000][1][safepoint    ] Safepoint "RevokeBias", Time since last: 2505815359 ns, Reaching safepoint: 60953 ns, At safepoint: 17186 ns, Total: 78139 ns
[2020-02-27T06:34:27.375+0000][1][gc,start     ] GC(83) Pause Young (Allocation Failure)
[2020-02-27T06:34:27.375+0000][1][gc,task      ] GC(83) Using 1 workers of 1 for evacuation
[2020-02-27T06:34:27.387+0000][1][gc,age       ] GC(83) Desired survivor size 4358144 bytes, new threshold 6 (max threshold 6)
[2020-02-27T06:34:27.387+0000][1][gc,age       ] GC(83) Age table with threshold 6 (max threshold 6)
[2020-02-27T06:34:27.387+0000][1][gc,age       ] GC(83) - age   1:      11040 bytes,      11040 total
[2020-02-27T06:34:27.387+0000][1][gc,age       ] GC(83) - age   2:       1016 bytes,      12056 total
[2020-02-27T06:34:27.387+0000][1][gc,age       ] GC(83) - age   3:        152 bytes,      12208 total
[2020-02-27T06:34:27.387+0000][1][gc,age       ] GC(83) - age   4:        520 bytes,      12728 total
[2020-02-27T06:34:27.387+0000][1][gc,age       ] GC(83) - age   5:        136 bytes,      12864 total
[2020-02-27T06:34:27.387+0000][1][gc,age       ] GC(83) - age   6:         32 bytes,      12896 total
[2020-02-27T06:34:27.387+0000][1][gc,heap      ] GC(83) ParNew: 68161K->13K(76672K)
[2020-02-27T06:34:27.387+0000][1][gc,heap      ] GC(83) CMS: 62497K->62497K(963392K)
[2020-02-27T06:34:27.387+0000][1][gc,metaspace ] GC(83) Metaspace: 79896K->79896K(1122304K)
[2020-02-27T06:34:27.387+0000][1][gc           ] GC(83) Pause Young (Allocation Failure) 127M->61M(1015M) 11.646ms
[2020-02-27T06:34:27.387+0000][1][gc,cpu       ] GC(83) User=0.02s Sys=0.00s Real=0.01s
[2020-02-27T06:34:27.387+0000][1][safepoint    ] Safepoint "GenCollectForAllocation", Time since last: 2504930870 ns, Reaching safepoint: 85322 ns, At safepoint: 11764592 ns, Total: 11849914 ns
[2020-02-27T06:34:27.389+0000][1][safepoint    ] Safepoint "RevokeBias", Time since last: 2533849 ns, Reaching safepoint: 80157 ns, At safepoint: 18262 ns, Total: 98419 ns
[2020-02-27T06:34:29.892+0000][1][safepoint    ] Safepoint "RevokeBias", Time since last: 2502707814 ns, Reaching safepoint: 83807 ns, At safepoint: 22231 ns, Total: 106038 ns
[2020-02-27T06:34:30.893+0000][1][safepoint    ] Safepoint "Cleanup", Time since last: 1001004773 ns, Reaching safepoint: 95234 ns, At safepoint: 7906 ns, Total: 103140 ns
[2020-02-27T06:34:32.396+0000][1][safepoint    ] Safepoint "RevokeBias", Time since last: 1502852359 ns, Reaching safepoint: 76831 ns, At safepoint: 17954 ns, Total: 94785 ns
[2020-02-27T06:34:34.901+0000][1][safepoint    ] Safepoint "RevokeBias", Time since last: 2504138004 ns, Reaching safepoint: 116473 ns, At safepoint: 26888 ns, Total: 143361 ns
[2020-02-27T06:34:37.407+0000][1][safepoint    ] Safepoint "RevokeBias", Time since last: 2506603548 ns, Reaching safepoint: 141146 ns, At safepoint: 22285 ns, Total: 163431 ns
[2020-02-27T06:34:39.912+0000][1][safepoint    ] Safepoint "RevokeBias", Time since last: 2504146706 ns, Reaching safepoint: 153524 ns, At safepoint: 32658 ns, Total: 186182 ns
[2020-02-27T06:34:42.418+0000][1][safepoint    ] Safepoint "RevokeBias", Time since last: 2505786793 ns, Reaching safepoint: 199185 ns, At safepoint: 19567 ns, Total: 218752 ns
[2020-02-27T06:34:44.921+0000][1][safepoint    ] Safepoint "RevokeBias", Time since last: 2503043875 ns, Reaching safepoint: 74022 ns, At safepoint: 18278 ns, Total: 92300 ns
[2020-02-27T06:34:47.427+0000][1][safepoint    ] Safepoint "RevokeBias", Time since last: 2505603564 ns, Reaching safepoint: 84676 ns, At safepoint: 21711 ns, Total: 106387 ns
[2020-02-27T06:34:49.941+0000][1][safepoint    ] Safepoint "RevokeBias", Time since last: 2512692045 ns, Reaching safepoint: 1902781 ns, At safepoint: 101236 ns, Total: 2004017 ns
[2020-02-27T06:34:52.443+0000][1][safepoint    ] Safepoint "RevokeBias", Time since last: 2501976035 ns, Reaching safepoint: 83707 ns, At safepoint: 19771 ns, Total: 103478 ns
[2020-02-27T06:34:54.947+0000][1][safepoint    ] Safepoint "RevokeBias", Time since last: 2503553887 ns, Reaching safepoint: 74963 ns, At safepoint: 17823 ns, Total: 92786 ns
[2020-02-27T06:34:57.453+0000][1][safepoint    ] Safepoint "RevokeBias", Time since last: 2506347150 ns, Reaching safepoint: 72766 ns, At safepoint: 17892 ns, Total: 90658 ns
[2020-02-27T06:34:59.958+0000][1][safepoint    ] Safepoint "RevokeBias", Time since last: 2504507120 ns, Reaching safepoint: 119087 ns, At safepoint: 30258 ns, Total: 149345 ns
[2020-02-27T06:35:02.461+0000][1][safepoint    ] Safepoint "RevokeBias", Time since last: 2503171636 ns, Reaching safepoint: 70906 ns, At safepoint: 16740 ns, Total: 87646 ns
[2020-02-27T06:35:04.974+0000][1][safepoint    ] Safepoint "RevokeBias", Time since last: 2512745030 ns, Reaching safepoint: 71414 ns, At safepoint: 17893 ns, Total: 89307 ns
[2020-02-27T06:35:07.486+0000][1][safepoint    ] Safepoint "RevokeBias", Time since last: 2512168973 ns, Reaching safepoint: 130538 ns, At safepoint: 32823 ns, Total: 163361 ns
[2020-02-27T06:35:10.000+0000][1][safepoint    ] Safepoint "RevokeBias", Time since last: 2513518503 ns, Reaching safepoint: 71301 ns, At safepoint: 17275 ns, Total: 88576 ns
[2020-02-27T06:35:12.509+0000][1][safepoint    ] Safepoint "RevokeBias", Time since last: 2508479003 ns, Reaching safepoint: 74603 ns, At safepoint: 18100 ns, Total: 92703 ns
[2020-02-27T06:35:15.031+0000][1][safepoint    ] Safepoint "RevokeBias", Time since last: 2522229759 ns, Reaching safepoint: 89434 ns, At safepoint: 118870 ns, Total: 208304 ns
[2020-02-27T06:35:17.546+0000][1][safepoint    ] Safepoint "BulkRevokeBias", Time since last: 2514848245 ns, Reaching safepoint: 136795 ns, At safepoint: 215365 ns, Total: 352160 ns
[2020-02-27T06:35:20.066+0000][1][safepoint    ] Safepoint "RevokeBias", Time since last: 2511894897 ns, Reaching safepoint: 8039248 ns, At safepoint: 26429 ns, Total: 8065677 ns
[2020-02-27T06:35:21.067+0000][1][safepoint    ] Safepoint "Cleanup", Time since last: 1000670244 ns, Reaching safepoint: 83111 ns, At safepoint: 7532 ns, Total: 90643 ns
[2020-02-27T06:35:22.568+0000][1][safepoint    ] Safepoint "RevokeBias", Time since last: 1501273080 ns, Reaching safepoint: 74875 ns, At safepoint: 17499 ns, Total: 92374 ns
[2020-02-27T06:35:25.072+0000][1][safepoint    ] Safepoint "RevokeBias", Time since last: 2503974063 ns, Reaching safepoint: 74189 ns, At safepoint: 18256 ns, Total: 92445 ns
[2020-02-27T06:35:27.579+0000][1][safepoint    ] Safepoint "RevokeBias", Time since last: 2506399962 ns, Reaching safepoint: 73296 ns, At safepoint: 17103 ns, Total: 90399 ns
[2020-02-27T06:35:30.084+0000][1][safepoint    ] Safepoint "RevokeBias", Time since last: 2505043770 ns, Reaching safepoint: 105893 ns, At safepoint: 25352 ns, Total: 131245 ns
[2020-02-27T06:35:32.588+0000][1][safepoint    ] Safepoint "RevokeBias", Time since last: 2503558845 ns, Reaching safepoint: 73495 ns, At safepoint: 17276 ns, Total: 90771 ns
[2020-02-27T06:35:35.090+0000][1][safepoint    ] Safepoint "RevokeBias", Time since last: 2501927786 ns, Reaching safepoint: 73611 ns, At safepoint: 16943 ns, Total: 90554 ns
[2020-02-27T06:35:37.596+0000][1][safepoint    ] Safepoint "RevokeBias", Time since last: 2505871373 ns, Reaching safepoint: 73578 ns, At safepoint: 17617 ns, Total: 91195 ns
[2020-02-27T06:35:40.099+0000][1][safepoint    ] Safepoint "RevokeBias", Time since last: 2503355511 ns, Reaching safepoint: 74322 ns, At safepoint: 17543 ns, Total: 91865 ns
[2020-02-27T06:35:42.602+0000][1][safepoint    ] Safepoint "RevokeBias", Time since last: 2502712744 ns, Reaching safepoint: 118557 ns, At safepoint: 33798 ns, Total: 152355 ns
[2020-02-27T06:35:45.107+0000][1][safepoint    ] Safepoint "RevokeBias", Time since last: 2504865352 ns, Reaching safepoint: 88236 ns, At safepoint: 21983 ns, Total: 110219 ns
[2020-02-27T06:35:47.614+0000][1][safepoint    ] Safepoint "RevokeBias", Time since last: 2506571434 ns, Reaching safepoint: 128924 ns, At safepoint: 25596 ns, Total: 154520 ns
[2020-02-27T06:35:50.117+0000][1][safepoint    ] Safepoint "RevokeBias", Time since last: 2503208014 ns, Reaching safepoint: 205877 ns, At safepoint: 19923 ns, Total: 225800 ns
[2020-02-27T06:35:52.622+0000][1][safepoint    ] Safepoint "RevokeBias", Time since last: 2504891132 ns, Reaching safepoint: 75453 ns, At safepoint: 18679 ns, Total: 94132 ns
[2020-02-27T06:35:55.127+0000][1][safepoint    ] Safepoint "RevokeBias", Time since last: 2504593123 ns, Reaching safepoint: 93351 ns, At safepoint: 22864 ns, Total: 116215 ns
[2020-02-27T06:35:56.127+0000][1][safepoint    ] Safepoint "Cleanup", Time since last: 1000314917 ns, Reaching safepoint: 79424 ns, At safepoint: 7864 ns, Total: 87288 ns
[2020-02-27T06:35:57.634+0000][1][safepoint    ] Safepoint "RevokeBias", Time since last: 1506719117 ns, Reaching safepoint: 70484 ns, At safepoint: 17306 ns, Total: 87790 ns
[2020-02-27T06:36:00.138+0000][1][safepoint    ] Safepoint "RevokeBias", Time since last: 2503684767 ns, Reaching safepoint: 92205 ns, At safepoint: 21710 ns, Total: 113915 ns
[2020-02-27T06:36:02.652+0000][1][safepoint    ] Safepoint "RevokeBias", Time since last: 2514384574 ns, Reaching safepoint: 78621 ns, At safepoint: 18013 ns, Total: 96634 ns
[2020-02-27T06:36:05.160+0000][1][safepoint    ] Safepoint "RevokeBias", Time since last: 2507278988 ns, Reaching safepoint: 96817 ns, At safepoint: 26133 ns, Total: 122950 ns
[2020-02-27T06:36:07.682+0000][1][safepoint    ] Safepoint "RevokeBias", Time since last: 2521889978 ns, Reaching safepoint: 55934 ns, At safepoint: 16340 ns, Total: 72274 ns
[2020-02-27T06:36:10.196+0000][1][safepoint    ] Safepoint "RevokeBias", Time since last: 2513840274 ns, Reaching safepoint: 84066 ns, At safepoint: 20440 ns, Total: 104506 ns
[2020-02-27T06:36:12.710+0000][1][safepoint    ] Safepoint "RevokeBias", Time since last: 2513897795 ns, Reaching safepoint: 78321 ns, At safepoint: 23675 ns, Total: 101996 ns
[2020-02-27T06:36:15.219+0000][1][safepoint    ] Safepoint "RevokeBias", Time since last: 2509459233 ns, Reaching safepoint: 74221 ns, At safepoint: 17901 ns, Total: 92122 ns
[2020-02-27T06:36:17.733+0000][1][safepoint    ] Safepoint "RevokeBias", Time since last: 2513789291 ns, Reaching safepoint: 71220 ns, At safepoint: 17647 ns, Total: 88867 ns
[2020-02-27T06:36:20.241+0000][1][safepoint    ] Safepoint "RevokeBias", Time since last: 2507582459 ns, Reaching safepoint: 128859 ns, At safepoint: 21232 ns, Total: 150091 ns
[2020-02-27T06:36:22.745+0000][1][safepoint    ] Safepoint "RevokeBias", Time since last: 2504020460 ns, Reaching safepoint: 88612 ns, At safepoint: 23526 ns, Total: 112138 ns
[2020-02-27T06:36:25.250+0000][1][safepoint    ] Safepoint "RevokeBias", Time since last: 2505044989 ns, Reaching safepoint: 88169 ns, At safepoint: 20685 ns, Total: 108854 ns
[2020-02-27T06:36:27.757+0000][1][safepoint    ] Safepoint "RevokeBias", Time since last: 2506218172 ns, Reaching safepoint: 193324 ns, At safepoint: 21148 ns, Total: 214472 ns
[2020-02-27T06:36:30.263+0000][1][safepoint    ] Safepoint "BulkRevokeBias", Time since last: 2505673978 ns, Reaching safepoint: 94443 ns, At safepoint: 356352 ns, Total: 450795 ns
[2020-02-27T06:36:32.766+0000][1][safepoint    ] Safepoint "RevokeBias", Time since last: 2503130024 ns, Reaching safepoint: 80341 ns, At safepoint: 18593 ns, Total: 98934 ns
[2020-02-27T06:36:35.268+0000][1][safepoint    ] Safepoint "RevokeBias", Time since last: 2502285320 ns, Reaching safepoint: 72478 ns, At safepoint: 17463 ns, Total: 89941 ns
[2020-02-27T06:36:37.774+0000][1][safepoint    ] Safepoint "RevokeBias", Time since last: 2505882187 ns, Reaching safepoint: 171464 ns, At safepoint: 21201 ns, Total: 192665 ns
[2020-02-27T06:36:40.279+0000][1][safepoint    ] Safepoint "RevokeBias", Time since last: 2504045276 ns, Reaching safepoint: 75656 ns, At safepoint: 18159 ns, Total: 93815 ns
[2020-02-27T06:36:42.782+0000][1][safepoint    ] Safepoint "RevokeBias", Time since last: 2502896806 ns, Reaching safepoint: 88257 ns, At safepoint: 17240 ns, Total: 105497 ns
[2020-02-27T06:36:45.285+0000][1][safepoint    ] Safepoint "RevokeBias", Time since last: 2503595912 ns, Reaching safepoint: 71026 ns, At safepoint: 17435 ns, Total: 88461 ns
[2020-02-27T06:36:45.627+0000][1][gc,start     ] GC(84) Pause Young (Allocation Failure)
[2020-02-27T06:36:45.627+0000][1][gc,task      ] GC(84) Using 1 workers of 1 for evacuation
[2020-02-27T06:36:45.637+0000][1][gc,age       ] GC(84) Desired survivor size 4358144 bytes, new threshold 6 (max threshold 6)
[2020-02-27T06:36:45.638+0000][1][gc,age       ] GC(84) Age table with threshold 6 (max threshold 6)
[2020-02-27T06:36:45.638+0000][1][gc,age       ] GC(84) - age   1:      12632 bytes,      12632 total
[2020-02-27T06:36:45.638+0000][1][gc,age       ] GC(84) - age   2:         72 bytes,      12704 total
[2020-02-27T06:36:45.638+0000][1][gc,age       ] GC(84) - age   3:       1016 bytes,      13720 total
[2020-02-27T06:36:45.638+0000][1][gc,age       ] GC(84) - age   4:        152 bytes,      13872 total
[2020-02-27T06:36:45.638+0000][1][gc,age       ] GC(84) - age   5:        520 bytes,      14392 total
[2020-02-27T06:36:45.638+0000][1][gc,age       ] GC(84) - age   6:        136 bytes,      14528 total
[2020-02-27T06:36:45.638+0000][1][gc,heap      ] GC(84) ParNew: 68173K->25K(76672K)
[2020-02-27T06:36:45.638+0000][1][gc,heap      ] GC(84) CMS: 62497K->62497K(963392K)
[2020-02-27T06:36:45.638+0000][1][gc,metaspace ] GC(84) Metaspace: 79931K->79931K(1122304K)
[2020-02-27T06:36:45.638+0000][1][gc           ] GC(84) Pause Young (Allocation Failure) 127M->61M(1015M) 10.866ms
[2020-02-27T06:36:45.638+0000][1][gc,cpu       ] GC(84) User=0.02s Sys=0.00s Real=0.01s
[2020-02-27T06:36:45.638+0000][1][safepoint    ] Safepoint "GenCollectForAllocation", Time since last: 341452065 ns, Reaching safepoint: 119426 ns, At safepoint: 10924346 ns, Total: 11043772 ns
[2020-02-27T06:36:47.790+0000][1][safepoint    ] Safepoint "RevokeBias", Time since last: 2151756061 ns, Reaching safepoint: 85545 ns, At safepoint: 21221 ns, Total: 106766 ns
[2020-02-27T06:36:50.295+0000][1][safepoint    ] Safepoint "RevokeBias", Time since last: 2505010257 ns, Reaching safepoint: 74880 ns, At safepoint: 17311 ns, Total: 92191 ns
[2020-02-27T06:36:52.296+0000][1][safepoint    ] Safepoint "Cleanup", Time since last: 2001592874 ns, Reaching safepoint: 124317 ns, At safepoint: 15462 ns, Total: 139779 ns
[2020-02-27T06:36:52.797+0000][1][safepoint    ] Safepoint "RevokeBias", Time since last: 500183692 ns, Reaching safepoint: 70852 ns, At safepoint: 17117 ns, Total: 87969 ns
[2020-02-27T06:36:55.308+0000][1][safepoint    ] Safepoint "RevokeBias", Time since last: 2511055328 ns, Reaching safepoint: 71378 ns, At safepoint: 17350 ns, Total: 88728 ns
[2020-02-27T06:36:57.821+0000][1][safepoint    ] Safepoint "RevokeBias", Time since last: 2512554758 ns, Reaching safepoint: 137068 ns, At safepoint: 53925 ns, Total: 190993 ns
[2020-02-27T06:37:00.335+0000][1][safepoint    ] Safepoint "RevokeBias", Time since last: 2514088650 ns, Reaching safepoint: 121795 ns, At safepoint: 32132 ns, Total: 153927 ns
[2020-02-27T06:37:02.844+0000][1][safepoint    ] Safepoint "RevokeBias", Time since last: 2508797815 ns, Reaching safepoint: 151268 ns, At safepoint: 51275 ns, Total: 202543 ns
[2020-02-27T06:37:05.356+0000][1][safepoint    ] Safepoint "RevokeBias", Time since last: 2511612668 ns, Reaching safepoint: 87826 ns, At safepoint: 21162 ns, Total: 108988 ns
[2020-02-27T06:37:07.865+0000][1][safepoint    ] Safepoint "RevokeBias", Time since last: 2509025154 ns, Reaching safepoint: 72772 ns, At safepoint: 17220 ns, Total: 89992 ns
[2020-02-27T06:37:10.370+0000][1][safepoint    ] Safepoint "RevokeBias", Time since last: 2504849054 ns, Reaching safepoint: 145564 ns, At safepoint: 34529 ns, Total: 180093 ns
[2020-02-27T06:37:12.874+0000][1][safepoint    ] Safepoint "RevokeBias", Time since last: 2504473677 ns, Reaching safepoint: 75552 ns, At safepoint: 18335 ns, Total: 93887 ns
[2020-02-27T06:37:15.378+0000][1][safepoint    ] Safepoint "RevokeBias", Time since last: 2503975487 ns, Reaching safepoint: 73618 ns, At safepoint: 17835 ns, Total: 91453 ns
[2020-02-27T06:37:17.889+0000][1][safepoint    ] Safepoint "RevokeBias", Time since last: 2510961873 ns, Reaching safepoint: 73706 ns, At safepoint: 17042 ns, Total: 90748 ns
[2020-02-27T06:37:20.396+0000][1][safepoint    ] Safepoint "RevokeBias", Time since last: 2507042672 ns, Reaching safepoint: 73749 ns, At safepoint: 17405 ns, Total: 91154 ns
[2020-02-27T06:37:22.902+0000][1][safepoint    ] Safepoint "RevokeBias", Time since last: 2505680022 ns, Reaching safepoint: 73794 ns, At safepoint: 16895 ns, Total: 90689 ns
[2020-02-27T06:37:25.406+0000][1][safepoint    ] Safepoint "RevokeBias", Time since last: 2503896079 ns, Reaching safepoint: 96568 ns, At safepoint: 18704 ns, Total: 115272 ns
[2020-02-27T06:37:27.913+0000][1][safepoint    ] Safepoint "RevokeBias", Time since last: 2506611927 ns, Reaching safepoint: 88454 ns, At safepoint: 22523 ns, Total: 110977 ns
[2020-02-27T06:37:30.417+0000][1][safepoint    ] Safepoint "RevokeBias", Time since last: 2503610514 ns, Reaching safepoint: 149770 ns, At safepoint: 30132 ns, Total: 179902 ns
[2020-02-27T06:37:32.921+0000][1][safepoint    ] Safepoint "RevokeBias", Time since last: 2504046161 ns, Reaching safepoint: 73271 ns, At safepoint: 17009 ns, Total: 90280 ns
[2020-02-27T06:37:35.425+0000][1][safepoint    ] Safepoint "RevokeBias", Time since last: 2503818509 ns, Reaching safepoint: 72490 ns, At safepoint: 17069 ns, Total: 89559 ns
[2020-02-27T06:37:37.929+0000][1][safepoint    ] Safepoint "RevokeBias", Time since last: 2504492080 ns, Reaching safepoint: 114403 ns, At safepoint: 27721 ns, Total: 142124 ns
[2020-02-27T06:37:40.433+0000][1][safepoint    ] Safepoint "RevokeBias", Time since last: 2503763081 ns, Reaching safepoint: 83518 ns, At safepoint: 19877 ns, Total: 103395 ns
[2020-02-27T06:37:42.936+0000][1][safepoint    ] Safepoint "BulkRevokeBias", Time since last: 2502638629 ns, Reaching safepoint: 75549 ns, At safepoint: 189316 ns, Total: 264865 ns
[2020-02-27T06:37:45.440+0000][1][safepoint    ] Safepoint "RevokeBias", Time since last: 2503665510 ns, Reaching safepoint: 136726 ns, At safepoint: 21495 ns, Total: 158221 ns
[2020-02-27T06:37:47.946+0000][1][safepoint    ] Safepoint "RevokeBias", Time since last: 2505599462 ns, Reaching safepoint: 71939 ns, At safepoint: 16814 ns, Total: 88753 ns
[2020-02-27T06:37:50.449+0000][1][safepoint    ] Safepoint "RevokeBias", Time since last: 2503486831 ns, Reaching safepoint: 128388 ns, At safepoint: 20116 ns, Total: 148504 ns
[2020-02-27T06:37:52.958+0000][1][safepoint    ] Safepoint "RevokeBias", Time since last: 2508746989 ns, Reaching safepoint: 72947 ns, At safepoint: 33106 ns, Total: 106053 ns
[2020-02-27T06:37:55.474+0000][1][safepoint    ] Safepoint "RevokeBias", Time since last: 2515559095 ns, Reaching safepoint: 74506 ns, At safepoint: 17965 ns, Total: 92471 ns
[2020-02-27T06:37:57.993+0000][1][safepoint    ] Safepoint "RevokeBias", Time since last: 2519308181 ns, Reaching safepoint: 73027 ns, At safepoint: 18150 ns, Total: 91177 ns
[2020-02-27T06:38:00.502+0000][1][safepoint    ] Safepoint "RevokeBias", Time since last: 2508595646 ns, Reaching safepoint: 71821 ns, At safepoint: 17167 ns, Total: 88988 ns
[2020-02-27T06:38:03.014+0000][1][safepoint    ] Safepoint "RevokeBias", Time since last: 2512162034 ns, Reaching safepoint: 113383 ns, At safepoint: 28811 ns, Total: 142194 ns
[2020-02-27T06:38:05.524+0000][1][safepoint    ] Safepoint "RevokeBias", Time since last: 2509851863 ns, Reaching safepoint: 76836 ns, At safepoint: 18290 ns, Total: 95126 ns
[2020-02-27T06:38:08.036+0000][1][safepoint    ] Safepoint "RevokeBias", Time since last: 2511292310 ns, Reaching safepoint: 76434 ns, At safepoint: 17866 ns, Total: 94300 ns
[2020-02-27T06:38:10.550+0000][1][safepoint    ] Safepoint "RevokeBias", Time since last: 2514525026 ns, Reaching safepoint: 156585 ns, At safepoint: 20200 ns, Total: 176785 ns
[2020-02-27T06:38:13.054+0000][1][safepoint    ] Safepoint "RevokeBias", Time since last: 2503804797 ns, Reaching safepoint: 173382 ns, At safepoint: 20577 ns, Total: 193959 ns
[2020-02-27T06:38:15.558+0000][1][safepoint    ] Safepoint "RevokeBias", Time since last: 2503440860 ns, Reaching safepoint: 70313 ns, At safepoint: 17106 ns, Total: 87419 ns
[2020-02-27T06:38:18.064+0000][1][safepoint    ] Safepoint "RevokeBias", Time since last: 2506049284 ns, Reaching safepoint: 89785 ns, At safepoint: 19988 ns, Total: 109773 ns
[2020-02-27T06:38:20.569+0000][1][safepoint    ] Safepoint "RevokeBias", Time since last: 2505133478 ns, Reaching safepoint: 196732 ns, At safepoint: 29317 ns, Total: 226049 ns
[2020-02-27T06:38:23.073+0000][1][safepoint    ] Safepoint "RevokeBias", Time since last: 2504027898 ns, Reaching safepoint: 74439 ns, At safepoint: 17159 ns, Total: 91598 ns
[2020-02-27T06:38:25.579+0000][1][safepoint    ] Safepoint "RevokeBias", Time since last: 2505571179 ns, Reaching safepoint: 114398 ns, At safepoint: 23707 ns, Total: 138105 ns
[2020-02-27T06:38:28.083+0000][1][safepoint    ] Safepoint "RevokeBias", Time since last: 2504082337 ns, Reaching safepoint: 189814 ns, At safepoint: 25882 ns, Total: 215696 ns
[2020-02-27T06:38:30.587+0000][1][safepoint    ] Safepoint "RevokeBias", Time since last: 2503192130 ns, Reaching safepoint: 76460 ns, At safepoint: 17838 ns, Total: 94298 ns
[2020-02-27T06:38:33.090+0000][1][safepoint    ] Safepoint "RevokeBias", Time since last: 2502648372 ns, Reaching safepoint: 72987 ns, At safepoint: 17624 ns, Total: 90611 ns
[2020-02-27T06:38:35.594+0000][1][safepoint    ] Safepoint "RevokeBias", Time since last: 2503963880 ns, Reaching safepoint: 73411 ns, At safepoint: 17704 ns, Total: 91115 ns
[2020-02-27T06:38:38.101+0000][1][safepoint    ] Safepoint "RevokeBias", Time since last: 2506824798 ns, Reaching safepoint: 140788 ns, At safepoint: 38350 ns, Total: 179138 ns
[2020-02-27T06:38:40.607+0000][1][safepoint    ] Safepoint "RevokeBias", Time since last: 2505767808 ns, Reaching safepoint: 176383 ns, At safepoint: 55587 ns, Total: 231970 ns
[2020-02-27T06:38:43.110+0000][1][safepoint    ] Safepoint "RevokeBias", Time since last: 2503366684 ns, Reaching safepoint: 115425 ns, At safepoint: 28576 ns, Total: 144001 ns
[2020-02-27T06:38:45.629+0000][1][safepoint    ] Safepoint "RevokeBias", Time since last: 2518382102 ns, Reaching safepoint: 98956 ns, At safepoint: 25107 ns, Total: 124063 ns
[2020-02-27T06:38:48.145+0000][1][safepoint    ] Safepoint "RevokeBias", Time since last: 2516276868 ns, Reaching safepoint: 75056 ns, At safepoint: 17683 ns, Total: 92739 ns
[2020-02-27T06:38:50.661+0000][1][safepoint    ] Safepoint "RevokeBias", Time since last: 2515908970 ns, Reaching safepoint: 92265 ns, At safepoint: 20762 ns, Total: 113027 ns
[2020-02-27T06:38:53.171+0000][1][safepoint    ] Safepoint "RevokeBias", Time since last: 2510368302 ns, Reaching safepoint: 108649 ns, At safepoint: 31167 ns, Total: 139816 ns
[2020-02-27T06:38:55.684+0000][1][safepoint    ] Safepoint "BulkRevokeBias", Time since last: 2512655139 ns, Reaching safepoint: 72485 ns, At safepoint: 193294 ns, Total: 265779 ns
[2020-02-27T06:38:58.194+0000][1][safepoint    ] Safepoint "RevokeBias", Time since last: 2509151762 ns, Reaching safepoint: 72364 ns, At safepoint: 18112 ns, Total: 90476 ns
[2020-02-27T06:39:00.708+0000][1][safepoint    ] Safepoint "RevokeBias", Time since last: 2514362341 ns, Reaching safepoint: 195096 ns, At safepoint: 53422 ns, Total: 248518 ns
[2020-02-27T06:39:02.167+0000][1][gc,start     ] GC(85) Pause Young (Allocation Failure)
[2020-02-27T06:39:02.167+0000][1][gc,task      ] GC(85) Using 1 workers of 1 for evacuation
[2020-02-27T06:39:02.180+0000][1][gc,age       ] GC(85) Desired survivor size 4358144 bytes, new threshold 6 (max threshold 6)
[2020-02-27T06:39:02.180+0000][1][gc,age       ] GC(85) Age table with threshold 6 (max threshold 6)
[2020-02-27T06:39:02.180+0000][1][gc,age       ] GC(85) - age   1:      12128 bytes,      12128 total
[2020-02-27T06:39:02.180+0000][1][gc,age       ] GC(85) - age   2:       1744 bytes,      13872 total
[2020-02-27T06:39:02.180+0000][1][gc,age       ] GC(85) - age   3:         72 bytes,      13944 total
[2020-02-27T06:39:02.180+0000][1][gc,age       ] GC(85) - age   4:       1016 bytes,      14960 total
[2020-02-27T06:39:02.180+0000][1][gc,age       ] GC(85) - age   5:        152 bytes,      15112 total
[2020-02-27T06:39:02.180+0000][1][gc,age       ] GC(85) - age   6:        520 bytes,      15632 total
[2020-02-27T06:39:02.180+0000][1][gc,heap      ] GC(85) ParNew: 68185K->17K(76672K)
[2020-02-27T06:39:02.180+0000][1][gc,heap      ] GC(85) CMS: 62497K->62497K(963392K)
[2020-02-27T06:39:02.180+0000][1][gc,metaspace ] GC(85) Metaspace: 80004K->80004K(1122304K)
[2020-02-27T06:39:02.180+0000][1][gc           ] GC(85) Pause Young (Allocation Failure) 127M->61M(1015M) 12.846ms
[2020-02-27T06:39:02.180+0000][1][gc,cpu       ] GC(85) User=0.01s Sys=0.00s Real=0.01s
[2020-02-27T06:39:02.180+0000][1][safepoint    ] Safepoint "GenCollectForAllocation", Time since last: 1458880065 ns, Reaching safepoint: 71013 ns, At safepoint: 12936760 ns, Total: 13007773 ns
[2020-02-27T06:39:03.220+0000][1][safepoint    ] Safepoint "RevokeBias", Time since last: 1039352993 ns, Reaching safepoint: 76443 ns, At safepoint: 18739 ns, Total: 95182 ns
[2020-02-27T06:39:05.722+0000][1][safepoint    ] Safepoint "RevokeBias", Time since last: 2502562216 ns, Reaching safepoint: 111413 ns, At safepoint: 23934 ns, Total: 135347 ns
[2020-02-27T06:39:08.229+0000][1][safepoint    ] Safepoint "RevokeBias", Time since last: 2506735786 ns, Reaching safepoint: 73182 ns, At safepoint: 18625 ns, Total: 91807 ns
[2020-02-27T06:39:10.733+0000][1][safepoint    ] Safepoint "RevokeBias", Time since last: 2503672821 ns, Reaching safepoint: 229099 ns, At safepoint: 22382 ns, Total: 251481 ns
[2020-02-27T06:39:13.235+0000][1][safepoint    ] Safepoint "RevokeBias", Time since last: 2501550496 ns, Reaching safepoint: 93626 ns, At safepoint: 17684 ns, Total: 111310 ns
[2020-02-27T06:39:15.740+0000][1][safepoint    ] Safepoint "RevokeBias", Time since last: 2504922423 ns, Reaching safepoint: 145841 ns, At safepoint: 22827 ns, Total: 168668 ns
[2020-02-27T06:39:18.248+0000][1][safepoint    ] Safepoint "RevokeBias", Time since last: 2507912078 ns, Reaching safepoint: 207773 ns, At safepoint: 60810 ns, Total: 268583 ns
[2020-02-27T06:39:20.752+0000][1][safepoint    ] Safepoint "RevokeBias", Time since last: 2503936642 ns, Reaching safepoint: 79778 ns, At safepoint: 18254 ns, Total: 98032 ns
[2020-02-27T06:39:21.753+0000][1][safepoint    ] Safepoint "Cleanup", Time since last: 1001198901 ns, Reaching safepoint: 98349 ns, At safepoint: 6956 ns, Total: 105305 ns
[2020-02-27T06:39:23.257+0000][1][safepoint    ] Safepoint "RevokeBias", Time since last: 1503112313 ns, Reaching safepoint: 137406 ns, At safepoint: 37935 ns, Total: 175341 ns
[2020-02-27T06:39:24.257+0000][1][safepoint    ] Safepoint "Cleanup", Time since last: 1000782457 ns, Reaching safepoint: 87855 ns, At safepoint: 7747 ns, Total: 95602 ns
[2020-02-27T06:39:25.258+0000][1][safepoint    ] Safepoint "Cleanup", Time since last: 1000275310 ns, Reaching safepoint: 134391 ns, At safepoint: 11091 ns, Total: 145482 ns
[2020-02-27T06:39:25.765+0000][1][safepoint    ] Safepoint "RevokeBias", Time since last: 506754022 ns, Reaching safepoint: 119622 ns, At safepoint: 22214 ns, Total: 141836 ns
[2020-02-27T06:39:28.276+0000][1][safepoint    ] Safepoint "RevokeBias", Time since last: 2509618294 ns, Reaching safepoint: 1211976 ns, At safepoint: 26223 ns, Total: 1238199 ns
[2020-02-27T06:39:30.779+0000][1][safepoint    ] Safepoint "RevokeBias", Time since last: 2503055406 ns, Reaching safepoint: 160040 ns, At safepoint: 35579 ns, Total: 195619 ns
[2020-02-27T06:39:33.283+0000][1][safepoint    ] Safepoint "RevokeBias", Time since last: 2504120068 ns, Reaching safepoint: 56692 ns, At safepoint: 17063 ns, Total: 73755 ns
[2020-02-27T06:39:35.786+0000][1][safepoint    ] Safepoint "RevokeBias", Time since last: 2502979035 ns, Reaching safepoint: 75797 ns, At safepoint: 89659 ns, Total: 165456 ns
[2020-02-27T06:39:38.300+0000][1][safepoint    ] Safepoint "RevokeBias", Time since last: 2513281138 ns, Reaching safepoint: 119504 ns, At safepoint: 45736 ns, Total: 165240 ns
[2020-02-27T06:39:40.815+0000][1][safepoint    ] Safepoint "RevokeBias", Time since last: 2514827846 ns, Reaching safepoint: 73626 ns, At safepoint: 18592 ns, Total: 92218 ns
[2020-02-27T06:39:43.328+0000][1][safepoint    ] Safepoint "RevokeBias", Time since last: 2512856420 ns, Reaching safepoint: 75311 ns, At safepoint: 17498 ns, Total: 92809 ns
[2020-02-27T06:39:45.840+0000][1][safepoint    ] Safepoint "RevokeBias", Time since last: 2512727134 ns, Reaching safepoint: 110052 ns, At safepoint: 25819 ns, Total: 135871 ns
[2020-02-27T06:39:48.353+0000][1][safepoint    ] Safepoint "RevokeBias", Time since last: 2512691392 ns, Reaching safepoint: 77814 ns, At safepoint: 19438 ns, Total: 97252 ns
[2020-02-27T06:39:50.863+0000][1][safepoint    ] Safepoint "RevokeBias", Time since last: 2509671599 ns, Reaching safepoint: 73752 ns, At safepoint: 18239 ns, Total: 91991 ns
[2020-02-27T06:39:51.864+0000][1][safepoint    ] Safepoint "Cleanup", Time since last: 1000478489 ns, Reaching safepoint: 131153 ns, At safepoint: 7381 ns, Total: 138534 ns
[2020-02-27T06:39:53.368+0000][1][safepoint    ] Safepoint "RevokeBias", Time since last: 1503886671 ns, Reaching safepoint: 131580 ns, At safepoint: 24929 ns, Total: 156509 ns
[2020-02-27T06:39:55.872+0000][1][safepoint    ] Safepoint "RevokeBias", Time since last: 2504296337 ns, Reaching safepoint: 89117 ns, At safepoint: 20819 ns, Total: 109936 ns
[2020-02-27T06:39:58.379+0000][1][safepoint    ] Safepoint "RevokeBias", Time since last: 2506572920 ns, Reaching safepoint: 181487 ns, At safepoint: 56758 ns, Total: 238245 ns
[2020-02-27T06:40:00.885+0000][1][safepoint    ] Safepoint "RevokeBias", Time since last: 2506124888 ns, Reaching safepoint: 74646 ns, At safepoint: 39494 ns, Total: 114140 ns
[2020-02-27T06:40:03.388+0000][1][safepoint    ] Safepoint "RevokeBias", Time since last: 2502851527 ns, Reaching safepoint: 201161 ns, At safepoint: 20964 ns, Total: 222125 ns
[2020-02-27T06:40:05.892+0000][1][safepoint    ] Safepoint "RevokeBias", Time since last: 2503897275 ns, Reaching safepoint: 72901 ns, At safepoint: 18140 ns, Total: 91041 ns
[2020-02-27T06:40:08.399+0000][1][safepoint    ] Safepoint "BulkRevokeBias", Time since last: 2506461442 ns, Reaching safepoint: 160687 ns, At safepoint: 205023 ns, Total: 365710 ns
[2020-02-27T06:40:10.904+0000][1][safepoint    ] Safepoint "RevokeBias", Time since last: 2505283969 ns, Reaching safepoint: 78819 ns, At safepoint: 18257 ns, Total: 97076 ns
[2020-02-27T06:40:13.409+0000][1][safepoint    ] Safepoint "RevokeBias", Time since last: 2504120429 ns, Reaching safepoint: 74440 ns, At safepoint: 17581 ns, Total: 92021 ns
[2020-02-27T06:40:15.914+0000][1][safepoint    ] Safepoint "RevokeBias", Time since last: 2505265606 ns, Reaching safepoint: 59123 ns, At safepoint: 15964 ns, Total: 75087 ns
[2020-02-27T06:40:18.420+0000][1][safepoint    ] Safepoint "RevokeBias", Time since last: 2506047968 ns, Reaching safepoint: 74560 ns, At safepoint: 17730 ns, Total: 92290 ns
[2020-02-27T06:40:20.925+0000][1][safepoint    ] Safepoint "RevokeBias", Time since last: 2505230599 ns, Reaching safepoint: 96162 ns, At safepoint: 100502 ns, Total: 196664 ns
[2020-02-27T06:40:23.429+0000][1][safepoint    ] Safepoint "RevokeBias", Time since last: 2503713586 ns, Reaching safepoint: 75993 ns, At safepoint: 18978 ns, Total: 94971 ns
[2020-02-27T06:40:25.943+0000][1][safepoint    ] Safepoint "RevokeBias", Time since last: 2513374645 ns, Reaching safepoint: 112392 ns, At safepoint: 22603 ns, Total: 134995 ns
[2020-02-27T06:40:28.452+0000][1][safepoint    ] Safepoint "RevokeBias", Time since last: 2509322177 ns, Reaching safepoint: 75453 ns, At safepoint: 18548 ns, Total: 94001 ns
[2020-02-27T06:40:30.963+0000][1][safepoint    ] Safepoint "RevokeBias", Time since last: 2510783782 ns, Reaching safepoint: 78543 ns, At safepoint: 19278 ns, Total: 97821 ns
[2020-02-27T06:40:33.472+0000][1][safepoint    ] Safepoint "RevokeBias", Time since last: 2508554380 ns, Reaching safepoint: 119349 ns, At safepoint: 24180 ns, Total: 143529 ns
[2020-02-27T06:40:35.988+0000][1][safepoint    ] Safepoint "RevokeBias", Time since last: 2515818184 ns, Reaching safepoint: 72007 ns, At safepoint: 16682 ns, Total: 88689 ns
[2020-02-27T06:40:38.497+0000][1][safepoint    ] Safepoint "RevokeBias", Time since last: 2509559943 ns, Reaching safepoint: 117600 ns, At safepoint: 20887 ns, Total: 138487 ns
[2020-02-27T06:40:41.016+0000][1][safepoint    ] Safepoint "RevokeBias", Time since last: 2518798221 ns, Reaching safepoint: 154936 ns, At safepoint: 18063 ns, Total: 172999 ns
[2020-02-27T06:40:43.527+0000][1][safepoint    ] Safepoint "RevokeBias", Time since last: 2510219792 ns, Reaching safepoint: 74204 ns, At safepoint: 17719 ns, Total: 91923 ns
[2020-02-27T06:40:46.030+0000][1][safepoint    ] Safepoint "RevokeBias", Time since last: 2503508321 ns, Reaching safepoint: 86104 ns, At safepoint: 20290 ns, Total: 106394 ns
[2020-02-27T06:40:48.536+0000][1][safepoint    ] Safepoint "RevokeBias", Time since last: 2505669368 ns, Reaching safepoint: 133876 ns, At safepoint: 20183 ns, Total: 154059 ns
[2020-02-27T06:40:51.041+0000][1][safepoint    ] Safepoint "RevokeBias", Time since last: 2504962901 ns, Reaching safepoint: 93162 ns, At safepoint: 22086 ns, Total: 115248 ns
[2020-02-27T06:40:52.051+0000][1][safepoint    ] Safepoint "Cleanup", Time since last: 1009465123 ns, Reaching safepoint: 121284 ns, At safepoint: 9940 ns, Total: 131224 ns
[2020-02-27T06:40:53.546+0000][1][safepoint    ] Safepoint "RevokeBias", Time since last: 1495031754 ns, Reaching safepoint: 87589 ns, At safepoint: 23826 ns, Total: 111415 ns
[2020-02-27T06:40:56.052+0000][1][safepoint    ] Safepoint "RevokeBias", Time since last: 2506426590 ns, Reaching safepoint: 78015 ns, At safepoint: 18297 ns, Total: 96312 ns
[2020-02-27T06:40:58.560+0000][1][safepoint    ] Safepoint "RevokeBias", Time since last: 2507353032 ns, Reaching safepoint: 57747 ns, At safepoint: 14650 ns, Total: 72397 ns
[2020-02-27T06:41:01.065+0000][1][safepoint    ] Safepoint "RevokeBias", Time since last: 2504648346 ns, Reaching safepoint: 73373 ns, At safepoint: 17570 ns, Total: 90943 ns
[2020-02-27T06:41:03.567+0000][1][safepoint    ] Safepoint "RevokeBias", Time since last: 2501837946 ns, Reaching safepoint: 103253 ns, At safepoint: 23378 ns, Total: 126631 ns
[2020-02-27T06:41:06.071+0000][1][safepoint    ] Safepoint "RevokeBias", Time since last: 2504693901 ns, Reaching safepoint: 94533 ns, At safepoint: 57556 ns, Total: 152089 ns
[2020-02-27T06:41:08.578+0000][1][safepoint    ] Safepoint "RevokeBias", Time since last: 2506600281 ns, Reaching safepoint: 91540 ns, At safepoint: 23375 ns, Total: 114915 ns
[2020-02-27T06:41:11.082+0000][1][safepoint    ] Safepoint "RevokeBias", Time since last: 2503902259 ns, Reaching safepoint: 74499 ns, At safepoint: 18322 ns, Total: 92821 ns
[2020-02-27T06:41:13.584+0000][1][safepoint    ] Safepoint "RevokeBias", Time since last: 2502017547 ns, Reaching safepoint: 203341 ns, At safepoint: 20069 ns, Total: 223410 ns
[2020-02-27T06:41:16.089+0000][1][safepoint    ] Safepoint "RevokeBias", Time since last: 2504854659 ns, Reaching safepoint: 92046 ns, At safepoint: 21700 ns, Total: 113746 ns
[2020-02-27T06:41:18.605+0000][1][safepoint    ] Safepoint "RevokeBias", Time since last: 2515294352 ns, Reaching safepoint: 97441 ns, At safepoint: 27574 ns, Total: 125015 ns
[2020-02-27T06:41:20.020+0000][1][gc,start     ] GC(86) Pause Young (Allocation Failure)
[2020-02-27T06:41:20.020+0000][1][gc,task      ] GC(86) Using 1 workers of 1 for evacuation
[2020-02-27T06:41:20.030+0000][1][gc,age       ] GC(86) Desired survivor size 4358144 bytes, new threshold 6 (max threshold 6)
[2020-02-27T06:41:20.031+0000][1][gc,age       ] GC(86) Age table with threshold 6 (max threshold 6)
[2020-02-27T06:41:20.031+0000][1][gc,age       ] GC(86) - age   1:      11168 bytes,      11168 total
[2020-02-27T06:41:20.031+0000][1][gc,age       ] GC(86) - age   2:       1400 bytes,      12568 total
[2020-02-27T06:41:20.031+0000][1][gc,age       ] GC(86) - age   3:       1744 bytes,      14312 total
[2020-02-27T06:41:20.031+0000][1][gc,age       ] GC(86) - age   4:         72 bytes,      14384 total
[2020-02-27T06:41:20.031+0000][1][gc,age       ] GC(86) - age   5:        784 bytes,      15168 total
[2020-02-27T06:41:20.031+0000][1][gc,age       ] GC(86) - age   6:        152 bytes,      15320 total
[2020-02-27T06:41:20.031+0000][1][gc,heap      ] GC(86) ParNew: 68158K->27K(76672K)
[2020-02-27T06:41:20.031+0000][1][gc,heap      ] GC(86) CMS: 62497K->62498K(963392K)
[2020-02-27T06:41:20.031+0000][1][gc,metaspace ] GC(86) Metaspace: 80008K->80008K(1122304K)
[2020-02-27T06:41:20.031+0000][1][gc           ] GC(86) Pause Young (Allocation Failure) 127M->61M(1015M) 11.044ms
[2020-02-27T06:41:20.031+0000][1][gc,cpu       ] GC(86) User=0.02s Sys=0.00s Real=0.01s
[2020-02-27T06:41:20.031+0000][1][safepoint    ] Safepoint "GenCollectForAllocation", Time since last: 1414592421 ns, Reaching safepoint: 234352 ns, At safepoint: 11128430 ns, Total: 11362782 ns
[2020-02-27T06:41:21.117+0000][1][safepoint    ] Safepoint "BulkRevokeBias", Time since last: 1085747184 ns, Reaching safepoint: 74151 ns, At safepoint: 193236 ns, Total: 267387 ns
[2020-02-27T06:41:23.627+0000][1][safepoint    ] Safepoint "RevokeBias", Time since last: 2509681152 ns, Reaching safepoint: 71799 ns, At safepoint: 16938 ns, Total: 88737 ns
[2020-02-27T06:41:24.627+0000][1][safepoint    ] Safepoint "Cleanup", Time since last: 1000211431 ns, Reaching safepoint: 80544 ns, At safepoint: 6970 ns, Total: 87514 ns
[2020-02-27T06:41:26.136+0000][1][safepoint    ] Safepoint "RevokeBias", Time since last: 1508637146 ns, Reaching safepoint: 71904 ns, At safepoint: 17616 ns, Total: 89520 ns
[2020-02-27T06:41:28.652+0000][1][safepoint    ] Safepoint "RevokeBias", Time since last: 2516246259 ns, Reaching safepoint: 77820 ns, At safepoint: 17748 ns, Total: 95568 ns
[2020-02-27T06:41:31.161+0000][1][safepoint    ] Safepoint "RevokeBias", Time since last: 2508838724 ns, Reaching safepoint: 74655 ns, At safepoint: 17489 ns, Total: 92144 ns
[2020-02-27T06:41:33.674+0000][1][safepoint    ] Safepoint "RevokeBias", Time since last: 2513054257 ns, Reaching safepoint: 77185 ns, At safepoint: 18238 ns, Total: 95423 ns
[2020-02-27T06:41:36.183+0000][1][safepoint    ] Safepoint "RevokeBias", Time since last: 2509305476 ns, Reaching safepoint: 76433 ns, At safepoint: 93839 ns, Total: 170272 ns
[2020-02-27T06:41:38.696+0000][1][safepoint    ] Safepoint "RevokeBias", Time since last: 2511816452 ns, Reaching safepoint: 296841 ns, At safepoint: 23600 ns, Total: 320441 ns
[2020-02-27T06:41:41.205+0000][1][safepoint    ] Safepoint "RevokeBias", Time since last: 2509777815 ns, Reaching safepoint: 75238 ns, At safepoint: 18126 ns, Total: 93364 ns
[2020-02-27T06:41:43.711+0000][1][safepoint    ] Safepoint "RevokeBias", Time since last: 2505585913 ns, Reaching safepoint: 123340 ns, At safepoint: 30219 ns, Total: 153559 ns
[2020-02-27T06:41:46.255+0000][1][safepoint    ] Safepoint "RevokeBias", Time since last: 2543949804 ns, Reaching safepoint: 163686 ns, At safepoint: 25921 ns, Total: 189607 ns
[2020-02-27T06:41:48.775+0000][1][safepoint    ] Safepoint "RevokeBias", Time since last: 2519188521 ns, Reaching safepoint: 82572 ns, At safepoint: 304108 ns, Total: 386680 ns
[2020-02-27T06:41:51.285+0000][1][safepoint    ] Safepoint "RevokeBias", Time since last: 2509774710 ns, Reaching safepoint: 195918 ns, At safepoint: 23958 ns, Total: 219876 ns
[2020-02-27T06:41:53.789+0000][1][safepoint    ] Safepoint "RevokeBias", Time since last: 2504371945 ns, Reaching safepoint: 136638 ns, At safepoint: 18440 ns, Total: 155078 ns
[2020-02-27T06:41:56.295+0000][1][safepoint    ] Safepoint "RevokeBias", Time since last: 2505175628 ns, Reaching safepoint: 94378 ns, At safepoint: 21042 ns, Total: 115420 ns
[2020-02-27T06:41:58.802+0000][1][safepoint    ] Safepoint "RevokeBias", Time since last: 2506710088 ns, Reaching safepoint: 179249 ns, At safepoint: 19824 ns, Total: 199073 ns
[2020-02-27T06:42:01.053+0000][1][safepoint    ] Safepoint "Cleanup", Time since last: 2251530181 ns, Reaching safepoint: 82168 ns, At safepoint: 7216 ns, Total: 89384 ns
[2020-02-27T06:42:01.308+0000][1][safepoint    ] Safepoint "RevokeBias", Time since last: 254784197 ns, Reaching safepoint: 211174 ns, At safepoint: 21119 ns, Total: 232293 ns
[2020-02-27T06:42:03.812+0000][1][safepoint    ] Safepoint "RevokeBias", Time since last: 2503425486 ns, Reaching safepoint: 55383 ns, At safepoint: 15870 ns, Total: 71253 ns
[2020-02-27T06:42:06.336+0000][1][safepoint    ] Safepoint "RevokeBias", Time since last: 2523907395 ns, Reaching safepoint: 175511 ns, At safepoint: 21224 ns, Total: 196735 ns
[2020-02-27T06:42:08.843+0000][1][safepoint    ] Safepoint "RevokeBias", Time since last: 2507246185 ns, Reaching safepoint: 74122 ns, At safepoint: 64417 ns, Total: 138539 ns
[2020-02-27T06:42:11.411+0000][1][safepoint    ] Safepoint "RevokeBias", Time since last: 2567247364 ns, Reaching safepoint: 76297 ns, At safepoint: 18672 ns, Total: 94969 ns
[2020-02-27T06:42:13.918+0000][1][safepoint    ] Safepoint "RevokeBias", Time since last: 2507706651 ns, Reaching safepoint: 79550 ns, At safepoint: 20326 ns, Total: 99876 ns
[2020-02-27T06:42:16.484+0000][1][safepoint    ] Safepoint "RevokeBias", Time since last: 2565654547 ns, Reaching safepoint: 72845 ns, At safepoint: 17575 ns, Total: 90420 ns
[2020-02-27T06:42:18.995+0000][1][safepoint    ] Safepoint "RevokeBias", Time since last: 2510674676 ns, Reaching safepoint: 113007 ns, At safepoint: 18747 ns, Total: 131754 ns
[2020-02-27T06:42:21.505+0000][1][safepoint    ] Safepoint "RevokeBias", Time since last: 2510444225 ns, Reaching safepoint: 68576 ns, At safepoint: 18025 ns, Total: 86601 ns
[2020-02-27T06:42:24.048+0000][1][safepoint    ] Safepoint "RevokeBias", Time since last: 2542480819 ns, Reaching safepoint: 73417 ns, At safepoint: 17847 ns, Total: 91264 ns
[2020-02-27T06:42:26.568+0000][1][safepoint    ] Safepoint "RevokeBias", Time since last: 2519584946 ns, Reaching safepoint: 154011 ns, At safepoint: 29726 ns, Total: 183737 ns
[2020-02-27T06:42:29.084+0000][1][safepoint    ] Safepoint "RevokeBias", Time since last: 2516285781 ns, Reaching safepoint: 71650 ns, At safepoint: 17231 ns, Total: 88881 ns
[2020-02-27T06:42:31.587+0000][1][safepoint    ] Safepoint "RevokeBias", Time since last: 2502225659 ns, Reaching safepoint: 74826 ns, At safepoint: 17590 ns, Total: 92416 ns
[2020-02-27T06:42:34.091+0000][1][safepoint    ] Safepoint "BulkRevokeBias", Time since last: 2503927900 ns, Reaching safepoint: 73824 ns, At safepoint: 293165 ns, Total: 366989 ns
[2020-02-27T06:42:36.593+0000][1][safepoint    ] Safepoint "RevokeBias", Time since last: 2502006348 ns, Reaching safepoint: 73992 ns, At safepoint: 17856 ns, Total: 91848 ns
[2020-02-27T06:42:39.097+0000][1][safepoint    ] Safepoint "RevokeBias", Time since last: 2503923657 ns, Reaching safepoint: 163081 ns, At safepoint: 18381 ns, Total: 181462 ns
[2020-02-27T06:42:41.603+0000][1][safepoint    ] Safepoint "RevokeBias", Time since last: 2505580993 ns, Reaching safepoint: 121335 ns, At safepoint: 20276 ns, Total: 141611 ns
[2020-02-27T06:42:44.107+0000][1][safepoint    ] Safepoint "RevokeBias", Time since last: 2504252085 ns, Reaching safepoint: 97133 ns, At safepoint: 59842 ns, Total: 156975 ns
[2020-02-27T06:42:46.614+0000][1][safepoint    ] Safepoint "RevokeBias", Time since last: 2506340690 ns, Reaching safepoint: 110934 ns, At safepoint: 34940 ns, Total: 145874 ns
[2020-02-27T06:42:49.119+0000][1][safepoint    ] Safepoint "RevokeBias", Time since last: 2505321129 ns, Reaching safepoint: 94037 ns, At safepoint: 45998 ns, Total: 140035 ns
[2020-02-27T06:42:51.624+0000][1][safepoint    ] Safepoint "RevokeBias", Time since last: 2504950106 ns, Reaching safepoint: 84594 ns, At safepoint: 20148 ns, Total: 104742 ns
[2020-02-27T06:42:54.126+0000][1][safepoint    ] Safepoint "RevokeBias", Time since last: 2502270620 ns, Reaching safepoint: 55392 ns, At safepoint: 16088 ns, Total: 71480 ns
[2020-02-27T06:42:56.632+0000][1][safepoint    ] Safepoint "RevokeBias", Time since last: 2504887895 ns, Reaching safepoint: 154513 ns, At safepoint: 28544 ns, Total: 183057 ns
[2020-02-27T06:42:59.137+0000][1][safepoint    ] Safepoint "RevokeBias", Time since last: 2505290936 ns, Reaching safepoint: 74943 ns, At safepoint: 17427 ns, Total: 92370 ns
[2020-02-27T06:43:01.641+0000][1][safepoint    ] Safepoint "RevokeBias", Time since last: 2503729152 ns, Reaching safepoint: 89140 ns, At safepoint: 16760 ns, Total: 105900 ns
[2020-02-27T06:43:04.157+0000][1][safepoint    ] Safepoint "RevokeBias", Time since last: 2515627217 ns, Reaching safepoint: 133863 ns, At safepoint: 27758 ns, Total: 161621 ns
[2020-02-27T06:43:06.661+0000][1][safepoint    ] Safepoint "RevokeBias", Time since last: 2504524850 ns, Reaching safepoint: 90844 ns, At safepoint: 21504 ns, Total: 112348 ns
[2020-02-27T06:43:09.176+0000][1][safepoint    ] Safepoint "RevokeBias", Time since last: 2514913889 ns, Reaching safepoint: 171529 ns, At safepoint: 21849 ns, Total: 193378 ns
[2020-02-27T06:43:11.686+0000][1][safepoint    ] Safepoint "RevokeBias", Time since last: 2509166694 ns, Reaching safepoint: 55641 ns, At safepoint: 16258 ns, Total: 71899 ns
[2020-02-27T06:43:14.194+0000][1][safepoint    ] Safepoint "RevokeBias", Time since last: 2508856713 ns, Reaching safepoint: 72319 ns, At safepoint: 17567 ns, Total: 89886 ns
[2020-02-27T06:43:16.710+0000][1][safepoint    ] Safepoint "RevokeBias", Time since last: 2514993622 ns, Reaching safepoint: 160987 ns, At safepoint: 34653 ns, Total: 195640 ns
[2020-02-27T06:43:19.231+0000][1][safepoint    ] Safepoint "RevokeBias", Time since last: 2520925453 ns, Reaching safepoint: 73767 ns, At safepoint: 18346 ns, Total: 92113 ns
[2020-02-27T06:43:21.746+0000][1][safepoint    ] Safepoint "RevokeBias", Time since last: 2515665267 ns, Reaching safepoint: 74362 ns, At safepoint: 17557 ns, Total: 91919 ns
[2020-02-27T06:43:24.250+0000][1][safepoint    ] Safepoint "RevokeBias", Time since last: 2502982441 ns, Reaching safepoint: 111131 ns, At safepoint: 23646 ns, Total: 134777 ns
[2020-02-27T06:43:26.755+0000][1][safepoint    ] Safepoint "RevokeBias", Time since last: 2505333359 ns, Reaching safepoint: 144120 ns, At safepoint: 21457 ns, Total: 165577 ns
[2020-02-27T06:43:29.260+0000][1][safepoint    ] Safepoint "RevokeBias", Time since last: 2504925958 ns, Reaching safepoint: 75816 ns, At safepoint: 17479 ns, Total: 93295 ns
[2020-02-27T06:43:31.765+0000][1][safepoint    ] Safepoint "RevokeBias", Time since last: 2504701827 ns, Reaching safepoint: 83404 ns, At safepoint: 51101 ns, Total: 134505 ns
[2020-02-27T06:43:34.267+0000][1][safepoint    ] Safepoint "RevokeBias", Time since last: 2501672466 ns, Reaching safepoint: 53648 ns, At safepoint: 16608 ns, Total: 70256 ns
[2020-02-27T06:43:35.938+0000][1][gc,start     ] GC(87) Pause Young (Allocation Failure)
[2020-02-27T06:43:35.938+0000][1][gc,task      ] GC(87) Using 1 workers of 1 for evacuation
[2020-02-27T06:43:35.955+0000][1][gc,age       ] GC(87) Desired survivor size 4358144 bytes, new threshold 6 (max threshold 6)
[2020-02-27T06:43:35.955+0000][1][gc,age       ] GC(87) Age table with threshold 6 (max threshold 6)
[2020-02-27T06:43:35.955+0000][1][gc,age       ] GC(87) - age   1:      11672 bytes,      11672 total
[2020-02-27T06:43:35.955+0000][1][gc,age       ] GC(87) - age   2:        384 bytes,      12056 total
[2020-02-27T06:43:35.955+0000][1][gc,age       ] GC(87) - age   3:       1280 bytes,      13336 total
[2020-02-27T06:43:35.955+0000][1][gc,age       ] GC(87) - age   4:       1744 bytes,      15080 total
[2020-02-27T06:43:35.955+0000][1][gc,age       ] GC(87) - age   5:         72 bytes,      15152 total
[2020-02-27T06:43:35.955+0000][1][gc,age       ] GC(87) - age   6:        784 bytes,      15936 total
[2020-02-27T06:43:35.955+0000][1][gc,heap      ] GC(87) ParNew: 68187K->18K(76672K)
[2020-02-27T06:43:35.955+0000][1][gc,heap      ] GC(87) CMS: 62498K->62498K(963392K)
[2020-02-27T06:43:35.955+0000][1][gc,metaspace ] GC(87) Metaspace: 80010K->80010K(1122304K)
[2020-02-27T06:43:35.955+0000][1][gc           ] GC(87) Pause Young (Allocation Failure) 127M->61M(1015M) 17.349ms
[2020-02-27T06:43:35.955+0000][1][gc,cpu       ] GC(87) User=0.01s Sys=0.00s Real=0.02s
[2020-02-27T06:43:35.955+0000][1][safepoint    ] Safepoint "GenCollectForAllocation", Time since last: 1671235429 ns, Reaching safepoint: 181339 ns, At safepoint: 17399103 ns, Total: 17580442 ns
[2020-02-27T06:43:36.771+0000][1][safepoint    ] Safepoint "RevokeBias", Time since last: 815074090 ns, Reaching safepoint: 78852 ns, At safepoint: 18811 ns, Total: 97663 ns
[2020-02-27T06:43:39.274+0000][1][safepoint    ] Safepoint "RevokeBias", Time since last: 2503593174 ns, Reaching safepoint: 72034 ns, At safepoint: 17273 ns, Total: 89307 ns
[2020-02-27T06:43:41.782+0000][1][safepoint    ] Safepoint "RevokeBias", Time since last: 2507360938 ns, Reaching safepoint: 73098 ns, At safepoint: 18048 ns, Total: 91146 ns
[2020-02-27T06:43:44.286+0000][1][safepoint    ] Safepoint "RevokeBias", Time since last: 2503882284 ns, Reaching safepoint: 55008 ns, At safepoint: 16092 ns, Total: 71100 ns
[2020-02-27T06:43:46.790+0000][1][safepoint    ] Safepoint "BulkRevokeBias", Time since last: 2504316176 ns, Reaching safepoint: 73370 ns, At safepoint: 188384 ns, Total: 261754 ns
[2020-02-27T06:43:49.297+0000][1][safepoint    ] Safepoint "RevokeBias", Time since last: 2506204547 ns, Reaching safepoint: 78190 ns, At safepoint: 18885 ns, Total: 97075 ns
[2020-02-27T06:43:51.811+0000][1][safepoint    ] Safepoint "RevokeBias", Time since last: 2514665775 ns, Reaching safepoint: 75263 ns, At safepoint: 17480 ns, Total: 92743 ns
[2020-02-27T06:43:54.323+0000][1][safepoint    ] Safepoint "RevokeBias", Time since last: 2511302510 ns, Reaching safepoint: 78144 ns, At safepoint: 17919 ns, Total: 96063 ns
[2020-02-27T06:43:56.842+0000][1][safepoint    ] Safepoint "RevokeBias", Time since last: 2519428043 ns, Reaching safepoint: 81702 ns, At safepoint: 92818 ns, Total: 174520 ns
[2020-02-27T06:43:59.354+0000][1][safepoint    ] Safepoint "RevokeBias", Time since last: 2511115428 ns, Reaching safepoint: 82373 ns, At safepoint: 19166 ns, Total: 101539 ns
[2020-02-27T06:44:01.871+0000][1][safepoint    ] Safepoint "RevokeBias", Time since last: 2517568411 ns, Reaching safepoint: 165285 ns, At safepoint: 31140 ns, Total: 196425 ns
[2020-02-27T06:44:04.377+0000][1][safepoint    ] Safepoint "RevokeBias", Time since last: 2506023797 ns, Reaching safepoint: 71354 ns, At safepoint: 17233 ns, Total: 88587 ns
[2020-02-27T06:44:06.890+0000][1][safepoint    ] Safepoint "RevokeBias", Time since last: 2512130397 ns, Reaching safepoint: 91613 ns, At safepoint: 20610 ns, Total: 112223 ns
[2020-02-27T06:44:09.406+0000][1][safepoint    ] Safepoint "RevokeBias", Time since last: 2515906743 ns, Reaching safepoint: 73229 ns, At safepoint: 17621 ns, Total: 90850 ns
[2020-02-27T06:44:11.918+0000][1][safepoint    ] Safepoint "RevokeBias", Time since last: 2511700557 ns, Reaching safepoint: 73892 ns, At safepoint: 17453 ns, Total: 91345 ns
[2020-02-27T06:44:14.433+0000][1][safepoint    ] Safepoint "RevokeBias", Time since last: 2514949213 ns, Reaching safepoint: 98441 ns, At safepoint: 26330 ns, Total: 124771 ns
[2020-02-27T06:44:16.940+0000][1][safepoint    ] Safepoint "RevokeBias", Time since last: 2506901114 ns, Reaching safepoint: 71117 ns, At safepoint: 17218 ns, Total: 88335 ns
[2020-02-27T06:44:19.447+0000][1][safepoint    ] Safepoint "RevokeBias", Time since last: 2506980644 ns, Reaching safepoint: 76879 ns, At safepoint: 18787 ns, Total: 95666 ns
[2020-02-27T06:44:20.448+0000][1][safepoint    ] Safepoint "Cleanup", Time since last: 1000888673 ns, Reaching safepoint: 119700 ns, At safepoint: 25339 ns, Total: 145039 ns
[2020-02-27T06:44:21.951+0000][1][safepoint    ] Safepoint "RevokeBias", Time since last: 1503165175 ns, Reaching safepoint: 72037 ns, At safepoint: 17880 ns, Total: 89917 ns
[2020-02-27T06:44:24.454+0000][1][safepoint    ] Safepoint "RevokeBias", Time since last: 2503211648 ns, Reaching safepoint: 125618 ns, At safepoint: 29042 ns, Total: 154660 ns
[2020-02-27T06:44:26.959+0000][1][safepoint    ] Safepoint "RevokeBias", Time since last: 2504729377 ns, Reaching safepoint: 79500 ns, At safepoint: 19243 ns, Total: 98743 ns
[2020-02-27T06:44:29.465+0000][1][safepoint    ] Safepoint "RevokeBias", Time since last: 2505917567 ns, Reaching safepoint: 72915 ns, At safepoint: 17713 ns, Total: 90628 ns
[2020-02-27T06:44:31.972+0000][1][safepoint    ] Safepoint "RevokeBias", Time since last: 2506709532 ns, Reaching safepoint: 110203 ns, At safepoint: 27112 ns, Total: 137315 ns
[2020-02-27T06:44:34.476+0000][1][safepoint    ] Safepoint "RevokeBias", Time since last: 2504204356 ns, Reaching safepoint: 74376 ns, At safepoint: 17607 ns, Total: 91983 ns
[2020-02-27T06:44:36.985+0000][1][safepoint    ] Safepoint "RevokeBias", Time since last: 2508833504 ns, Reaching safepoint: 93894 ns, At safepoint: 24156 ns, Total: 118050 ns
[2020-02-27T06:44:39.494+0000][1][safepoint    ] Safepoint "RevokeBias", Time since last: 2508282824 ns, Reaching safepoint: 112096 ns, At safepoint: 27399 ns, Total: 139495 ns
[2020-02-27T06:44:42.002+0000][1][safepoint    ] Safepoint "RevokeBias", Time since last: 2507761333 ns, Reaching safepoint: 198446 ns, At safepoint: 31772 ns, Total: 230218 ns
[2020-02-27T06:44:44.517+0000][1][safepoint    ] Safepoint "RevokeBias", Time since last: 2514872567 ns, Reaching safepoint: 79124 ns, At safepoint: 17819 ns, Total: 96943 ns
[2020-02-27T06:44:47.026+0000][1][safepoint    ] Safepoint "RevokeBias", Time since last: 2509243455 ns, Reaching safepoint: 71976 ns, At safepoint: 17886 ns, Total: 89862 ns
[2020-02-27T06:44:49.556+0000][1][safepoint    ] Safepoint "RevokeBias", Time since last: 2529569062 ns, Reaching safepoint: 63754 ns, At safepoint: 17177 ns, Total: 80931 ns
[2020-02-27T06:44:52.069+0000][1][safepoint    ] Safepoint "RevokeBias", Time since last: 2513585371 ns, Reaching safepoint: 72942 ns, At safepoint: 17419 ns, Total: 90361 ns
[2020-02-27T06:44:54.581+0000][1][safepoint    ] Safepoint "RevokeBias", Time since last: 2512013252 ns, Reaching safepoint: 71710 ns, At safepoint: 17162 ns, Total: 88872 ns
[2020-02-27T06:44:57.093+0000][1][safepoint    ] Safepoint "RevokeBias", Time since last: 2511392521 ns, Reaching safepoint: 77505 ns, At safepoint: 71167 ns, Total: 148672 ns
[2020-02-27T06:44:59.610+0000][1][safepoint    ] Safepoint "BulkRevokeBias", Time since last: 2516133484 ns, Reaching safepoint: 71429 ns, At safepoint: 482386 ns, Total: 553815 ns
[2020-02-27T06:45:02.120+0000][1][safepoint    ] Safepoint "RevokeBias", Time since last: 2509934534 ns, Reaching safepoint: 90212 ns, At safepoint: 17927 ns, Total: 108139 ns
[2020-02-27T06:45:04.638+0000][1][safepoint    ] Safepoint "RevokeBias", Time since last: 2518534621 ns, Reaching safepoint: 97888 ns, At safepoint: 17281 ns, Total: 115169 ns
[2020-02-27T06:45:07.146+0000][1][safepoint    ] Safepoint "RevokeBias", Time since last: 2507971213 ns, Reaching safepoint: 186371 ns, At safepoint: 28615 ns, Total: 214986 ns
[2020-02-27T06:45:09.650+0000][1][safepoint    ] Safepoint "RevokeBias", Time since last: 2503157101 ns, Reaching safepoint: 117168 ns, At safepoint: 21483 ns, Total: 138651 ns
[2020-02-27T06:45:10.659+0000][1][safepoint    ] Safepoint "Cleanup", Time since last: 1009226035 ns, Reaching safepoint: 97974 ns, At safepoint: 9587 ns, Total: 107561 ns
[2020-02-27T06:45:12.155+0000][1][safepoint    ] Safepoint "RevokeBias", Time since last: 1495884028 ns, Reaching safepoint: 72139 ns, At safepoint: 18465 ns, Total: 90604 ns
[2020-02-27T06:45:14.658+0000][1][safepoint    ] Safepoint "RevokeBias", Time since last: 2502705919 ns, Reaching safepoint: 78437 ns, At safepoint: 18662 ns, Total: 97099 ns
[2020-02-27T06:45:17.164+0000][1][safepoint    ] Safepoint "RevokeBias", Time since last: 2506021891 ns, Reaching safepoint: 90512 ns, At safepoint: 21241 ns, Total: 111753 ns
[2020-02-27T06:45:19.671+0000][1][safepoint    ] Safepoint "RevokeBias", Time since last: 2506726178 ns, Reaching safepoint: 73982 ns, At safepoint: 17757 ns, Total: 91739 ns
[2020-02-27T06:45:22.177+0000][1][safepoint    ] Safepoint "RevokeBias", Time since last: 2506339595 ns, Reaching safepoint: 94616 ns, At safepoint: 16091 ns, Total: 110707 ns
[2020-02-27T06:45:24.680+0000][1][safepoint    ] Safepoint "RevokeBias", Time since last: 2502964139 ns, Reaching safepoint: 83483 ns, At safepoint: 19528 ns, Total: 103011 ns
[2020-02-27T06:45:27.187+0000][1][safepoint    ] Safepoint "RevokeBias", Time since last: 2506486884 ns, Reaching safepoint: 79983 ns, At safepoint: 19215 ns, Total: 99198 ns
[2020-02-27T06:45:29.693+0000][1][safepoint    ] Safepoint "RevokeBias", Time since last: 2506245199 ns, Reaching safepoint: 134664 ns, At safepoint: 22015 ns, Total: 156679 ns
[2020-02-27T06:45:32.199+0000][1][safepoint    ] Safepoint "RevokeBias", Time since last: 2505401950 ns, Reaching safepoint: 71801 ns, At safepoint: 17521 ns, Total: 89322 ns
[2020-02-27T06:45:34.702+0000][1][safepoint    ] Safepoint "RevokeBias", Time since last: 2502838512 ns, Reaching safepoint: 86274 ns, At safepoint: 19611 ns, Total: 105885 ns
[2020-02-27T06:45:37.219+0000][1][safepoint    ] Safepoint "RevokeBias", Time since last: 2516855420 ns, Reaching safepoint: 72974 ns, At safepoint: 17811 ns, Total: 90785 ns
[2020-02-27T06:45:39.730+0000][1][safepoint    ] Safepoint "RevokeBias", Time since last: 2510725715 ns, Reaching safepoint: 72863 ns, At safepoint: 17691 ns, Total: 90554 ns
[2020-02-27T06:45:42.247+0000][1][safepoint    ] Safepoint "RevokeBias", Time since last: 2516844234 ns, Reaching safepoint: 150550 ns, At safepoint: 19825 ns, Total: 170375 ns
[2020-02-27T06:45:44.758+0000][1][safepoint    ] Safepoint "RevokeBias", Time since last: 2511657658 ns, Reaching safepoint: 136183 ns, At safepoint: 33569 ns, Total: 169752 ns
[2020-02-27T06:45:47.279+0000][1][safepoint    ] Safepoint "RevokeBias", Time since last: 2520015151 ns, Reaching safepoint: 145766 ns, At safepoint: 45378 ns, Total: 191144 ns
[2020-02-27T06:45:49.788+0000][1][safepoint    ] Safepoint "RevokeBias", Time since last: 2509230386 ns, Reaching safepoint: 71889 ns, At safepoint: 17693 ns, Total: 89582 ns
[2020-02-27T06:45:51.555+0000][1][gc,start     ] GC(88) Pause Young (Allocation Failure)
[2020-02-27T06:45:51.555+0000][1][gc,task      ] GC(88) Using 1 workers of 1 for evacuation
[2020-02-27T06:45:51.567+0000][1][gc,age       ] GC(88) Desired survivor size 4358144 bytes, new threshold 6 (max threshold 6)
[2020-02-27T06:45:51.567+0000][1][gc,age       ] GC(88) Age table with threshold 6 (max threshold 6)
[2020-02-27T06:45:51.567+0000][1][gc,age       ] GC(88) - age   1:      14808 bytes,      14808 total
[2020-02-27T06:45:51.567+0000][1][gc,age       ] GC(88) - age   3:        384 bytes,      15192 total
[2020-02-27T06:45:51.567+0000][1][gc,age       ] GC(88) - age   4:       1160 bytes,      16352 total
[2020-02-27T06:45:51.567+0000][1][gc,age       ] GC(88) - age   5:       1744 bytes,      18096 total
[2020-02-27T06:45:51.567+0000][1][gc,age       ] GC(88) - age   6:         72 bytes,      18168 total
[2020-02-27T06:45:51.567+0000][1][gc,heap      ] GC(88) ParNew: 68178K->27K(76672K)
[2020-02-27T06:45:51.567+0000][1][gc,heap      ] GC(88) CMS: 62498K->62499K(963392K)
[2020-02-27T06:45:51.567+0000][1][gc,metaspace ] GC(88) Metaspace: 80018K->80018K(1122304K)
[2020-02-27T06:45:51.567+0000][1][gc           ] GC(88) Pause Young (Allocation Failure) 127M->61M(1015M) 11.610ms
[2020-02-27T06:45:51.567+0000][1][gc,cpu       ] GC(88) User=0.01s Sys=0.00s Real=0.01s
[2020-02-27T06:45:51.567+0000][1][safepoint    ] Safepoint "GenCollectForAllocation", Time since last: 1767141068 ns, Reaching safepoint: 83823 ns, At safepoint: 11681598 ns, Total: 11765421 ns
[2020-02-27T06:45:52.302+0000][1][safepoint    ] Safepoint "RevokeBias", Time since last: 735483976 ns, Reaching safepoint: 60394 ns, At safepoint: 17686 ns, Total: 78080 ns
[2020-02-27T06:45:54.823+0000][1][safepoint    ] Safepoint "RevokeBias", Time since last: 2518153529 ns, Reaching safepoint: 2122402 ns, At safepoint: 34152 ns, Total: 2156554 ns
[2020-02-27T06:45:57.337+0000][1][safepoint    ] Safepoint "RevokeBias", Time since last: 2513881484 ns, Reaching safepoint: 128309 ns, At safepoint: 19887 ns, Total: 148196 ns
[2020-02-27T06:45:59.848+0000][1][safepoint    ] Safepoint "RevokeBias", Time since last: 2511356401 ns, Reaching safepoint: 342154 ns, At safepoint: 32886 ns, Total: 375040 ns
[2020-02-27T06:46:02.353+0000][1][safepoint    ] Safepoint "RevokeBias", Time since last: 2504362612 ns, Reaching safepoint: 85270 ns, At safepoint: 20361 ns, Total: 105631 ns
[2020-02-27T06:46:04.857+0000][1][safepoint    ] Safepoint "RevokeBias", Time since last: 2503635802 ns, Reaching safepoint: 71316 ns, At safepoint: 18023 ns, Total: 89339 ns
[2020-02-27T06:46:07.359+0000][1][safepoint    ] Safepoint "RevokeBias", Time since last: 2502442512 ns, Reaching safepoint: 159766 ns, At safepoint: 182128 ns, Total: 341894 ns
[2020-02-27T06:46:09.865+0000][1][safepoint    ] Safepoint "RevokeBias", Time since last: 2505905317 ns, Reaching safepoint: 72466 ns, At safepoint: 17552 ns, Total: 90018 ns
[2020-02-27T06:46:12.370+0000][1][safepoint    ] Safepoint "BulkRevokeBias", Time since last: 2504125488 ns, Reaching safepoint: 73495 ns, At safepoint: 352757 ns, Total: 426252 ns
[2020-02-27T06:46:14.874+0000][1][safepoint    ] Safepoint "RevokeBias", Time since last: 2504115390 ns, Reaching safepoint: 72337 ns, At safepoint: 17835 ns, Total: 90172 ns
[2020-02-27T06:46:17.379+0000][1][safepoint    ] Safepoint "RevokeBias", Time since last: 2504631362 ns, Reaching safepoint: 98071 ns, At safepoint: 35244 ns, Total: 133315 ns
[2020-02-27T06:46:19.886+0000][1][safepoint    ] Safepoint "RevokeBias", Time since last: 2506637118 ns, Reaching safepoint: 71709 ns, At safepoint: 17682 ns, Total: 89391 ns
[2020-02-27T06:46:22.390+0000][1][safepoint    ] Safepoint "RevokeBias", Time since last: 2504704283 ns, Reaching safepoint: 72772 ns, At safepoint: 17824 ns, Total: 90596 ns
[2020-02-27T06:46:24.899+0000][1][safepoint    ] Safepoint "RevokeBias", Time since last: 2508333416 ns, Reaching safepoint: 69203 ns, At safepoint: 20045 ns, Total: 89248 ns
[2020-02-27T06:46:27.405+0000][1][safepoint    ] Safepoint "RevokeBias", Time since last: 2506305790 ns, Reaching safepoint: 72343 ns, At safepoint: 18064 ns, Total: 90407 ns
[2020-02-27T06:46:29.918+0000][1][safepoint    ] Safepoint "RevokeBias", Time since last: 2513001561 ns, Reaching safepoint: 120944 ns, At safepoint: 20843 ns, Total: 141787 ns
[2020-02-27T06:46:32.429+0000][1][safepoint    ] Safepoint "RevokeBias", Time since last: 2510667380 ns, Reaching safepoint: 156674 ns, At safepoint: 24990 ns, Total: 181664 ns
[2020-02-27T06:46:34.956+0000][1][safepoint    ] Safepoint "RevokeBias", Time since last: 2519970641 ns, Reaching safepoint: 7205864 ns, At safepoint: 26459 ns, Total: 7232323 ns
[2020-02-27T06:46:37.457+0000][1][safepoint    ] Safepoint "RevokeBias", Time since last: 2500524634 ns, Reaching safepoint: 77906 ns, At safepoint: 18704 ns, Total: 96610 ns
[2020-02-27T06:46:39.978+0000][1][safepoint    ] Safepoint "RevokeBias", Time since last: 2520368873 ns, Reaching safepoint: 75785 ns, At safepoint: 17788 ns, Total: 93573 ns
[2020-02-27T06:46:40.978+0000][1][safepoint    ] Safepoint "Cleanup", Time since last: 1000638254 ns, Reaching safepoint: 120246 ns, At safepoint: 12593 ns, Total: 132839 ns
[2020-02-27T06:46:42.494+0000][1][safepoint    ] Safepoint "RevokeBias", Time since last: 1516014236 ns, Reaching safepoint: 83508 ns, At safepoint: 20730 ns, Total: 104238 ns
[2020-02-27T06:46:44.997+0000][1][safepoint    ] Safepoint "RevokeBias", Time since last: 2502898269 ns, Reaching safepoint: 105755 ns, At safepoint: 26781 ns, Total: 132536 ns
[2020-02-27T06:46:47.506+0000][1][safepoint    ] Safepoint "RevokeBias", Time since last: 2507893993 ns, Reaching safepoint: 115911 ns, At safepoint: 20815 ns, Total: 136726 ns
[2020-02-27T06:46:50.016+0000][1][safepoint    ] Safepoint "RevokeBias", Time since last: 2510212970 ns, Reaching safepoint: 91424 ns, At safepoint: 20861 ns, Total: 112285 ns
[2020-02-27T06:46:52.523+0000][1][safepoint    ] Safepoint "RevokeBias", Time since last: 2506611550 ns, Reaching safepoint: 83176 ns, At safepoint: 20566 ns, Total: 103742 ns
[2020-02-27T06:46:54.524+0000][1][safepoint    ] Safepoint "Cleanup", Time since last: 2001332110 ns, Reaching safepoint: 83530 ns, At safepoint: 7203 ns, Total: 90733 ns
[2020-02-27T06:46:55.026+0000][1][safepoint    ] Safepoint "RevokeBias", Time since last: 502283384 ns, Reaching safepoint: 149792 ns, At safepoint: 20414 ns, Total: 170206 ns
[2020-02-27T06:46:57.529+0000][1][safepoint    ] Safepoint "RevokeBias", Time since last: 2502557093 ns, Reaching safepoint: 119696 ns, At safepoint: 68279 ns, Total: 187975 ns
[2020-02-27T06:47:00.037+0000][1][safepoint    ] Safepoint "RevokeBias", Time since last: 2507875946 ns, Reaching safepoint: 296489 ns, At safepoint: 78807 ns, Total: 375296 ns
[2020-02-27T06:47:02.548+0000][1][safepoint    ] Safepoint "RevokeBias", Time since last: 2508689531 ns, Reaching safepoint: 1984762 ns, At safepoint: 37974 ns, Total: 2022736 ns
[2020-02-27T06:47:05.050+0000][1][safepoint    ] Safepoint "RevokeBias", Time since last: 2502033561 ns, Reaching safepoint: 80234 ns, At safepoint: 17975 ns, Total: 98209 ns
[2020-02-27T06:47:07.555+0000][1][safepoint    ] Safepoint "RevokeBias", Time since last: 2504099547 ns, Reaching safepoint: 113680 ns, At safepoint: 18816 ns, Total: 132496 ns
[2020-02-27T06:47:10.061+0000][1][safepoint    ] Safepoint "RevokeBias", Time since last: 2506104061 ns, Reaching safepoint: 73686 ns, At safepoint: 17601 ns, Total: 91287 ns
[2020-02-27T06:47:12.565+0000][1][safepoint    ] Safepoint "RevokeBias", Time since last: 2503799717 ns, Reaching safepoint: 215005 ns, At safepoint: 62647 ns, Total: 277652 ns
[2020-02-27T06:47:15.068+0000][1][safepoint    ] Safepoint "RevokeBias", Time since last: 2502677343 ns, Reaching safepoint: 144643 ns, At safepoint: 21816 ns, Total: 166459 ns
[2020-02-27T06:47:17.582+0000][1][safepoint    ] Safepoint "RevokeBias", Time since last: 2513711071 ns, Reaching safepoint: 70938 ns, At safepoint: 142077 ns, Total: 213015 ns
[2020-02-27T06:47:20.093+0000][1][safepoint    ] Safepoint "RevokeBias", Time since last: 2511706777 ns, Reaching safepoint: 152399 ns, At safepoint: 22851 ns, Total: 175250 ns
[2020-02-27T06:47:22.611+0000][1][safepoint    ] Safepoint "RevokeBias", Time since last: 2517916718 ns, Reaching safepoint: 73349 ns, At safepoint: 17328 ns, Total: 90677 ns
[2020-02-27T06:47:25.119+0000][1][safepoint    ] Safepoint "BulkRevokeBias", Time since last: 2507446537 ns, Reaching safepoint: 75758 ns, At safepoint: 277093 ns, Total: 352851 ns
[2020-02-27T06:47:27.633+0000][1][safepoint    ] Safepoint "RevokeBias", Time since last: 2514118077 ns, Reaching safepoint: 73790 ns, At safepoint: 17130 ns, Total: 90920 ns
[2020-02-27T06:47:30.150+0000][1][safepoint    ] Safepoint "RevokeBias", Time since last: 2516413582 ns, Reaching safepoint: 71939 ns, At safepoint: 17561 ns, Total: 89500 ns
[2020-02-27T06:47:32.667+0000][1][safepoint    ] Safepoint "RevokeBias", Time since last: 2516479229 ns, Reaching safepoint: 92652 ns, At safepoint: 24315 ns, Total: 116967 ns
[2020-02-27T06:47:35.184+0000][1][safepoint    ] Safepoint "RevokeBias", Time since last: 2517679030 ns, Reaching safepoint: 72774 ns, At safepoint: 17310 ns, Total: 90084 ns
[2020-02-27T06:47:37.686+0000][1][safepoint    ] Safepoint "RevokeBias", Time since last: 2501911477 ns, Reaching safepoint: 72652 ns, At safepoint: 17127 ns, Total: 89779 ns
[2020-02-27T06:47:40.193+0000][1][safepoint    ] Safepoint "RevokeBias", Time since last: 2506651362 ns, Reaching safepoint: 206490 ns, At safepoint: 38894 ns, Total: 245384 ns
[2020-02-27T06:47:42.701+0000][1][safepoint    ] Safepoint "RevokeBias", Time since last: 2507709337 ns, Reaching safepoint: 92127 ns, At safepoint: 23885 ns, Total: 116012 ns
[2020-02-27T06:47:45.207+0000][1][safepoint    ] Safepoint "RevokeBias", Time since last: 2505632308 ns, Reaching safepoint: 150691 ns, At safepoint: 59500 ns, Total: 210191 ns
[2020-02-27T06:47:47.714+0000][1][safepoint    ] Safepoint "RevokeBias", Time since last: 2506735834 ns, Reaching safepoint: 91186 ns, At safepoint: 18270 ns, Total: 109456 ns
[2020-02-27T06:47:50.220+0000][1][safepoint    ] Safepoint "RevokeBias", Time since last: 2506066654 ns, Reaching safepoint: 118730 ns, At safepoint: 17411 ns, Total: 136141 ns
[2020-02-27T06:47:52.726+0000][1][safepoint    ] Safepoint "RevokeBias", Time since last: 2506446286 ns, Reaching safepoint: 92423 ns, At safepoint: 24684 ns, Total: 117107 ns
[2020-02-27T06:47:54.737+0000][1][safepoint    ] Safepoint "Cleanup", Time since last: 2010272941 ns, Reaching safepoint: 81368 ns, At safepoint: 7998 ns, Total: 89366 ns
[2020-02-27T06:47:55.232+0000][1][safepoint    ] Safepoint "RevokeBias", Time since last: 494736548 ns, Reaching safepoint: 70977 ns, At safepoint: 16880 ns, Total: 87857 ns
[2020-02-27T06:47:57.737+0000][1][safepoint    ] Safepoint "RevokeBias", Time since last: 2504838870 ns, Reaching safepoint: 150315 ns, At safepoint: 39352 ns, Total: 189667 ns
[2020-02-27T06:48:00.243+0000][1][safepoint    ] Safepoint "RevokeBias", Time since last: 2505809526 ns, Reaching safepoint: 158188 ns, At safepoint: 27643 ns, Total: 185831 ns
[2020-02-27T06:48:02.751+0000][1][safepoint    ] Safepoint "RevokeBias", Time since last: 2508429434 ns, Reaching safepoint: 126914 ns, At safepoint: 19895 ns, Total: 146809 ns
[2020-02-27T06:48:05.260+0000][1][safepoint    ] Safepoint "RevokeBias", Time since last: 2508802506 ns, Reaching safepoint: 73607 ns, At safepoint: 21547 ns, Total: 95154 ns
[2020-02-27T06:48:07.765+0000][1][safepoint    ] Safepoint "RevokeBias", Time since last: 2504451546 ns, Reaching safepoint: 83170 ns, At safepoint: 20223 ns, Total: 103393 ns
[2020-02-27T06:48:10.275+0000][1][safepoint    ] Safepoint "RevokeBias", Time since last: 2509726114 ns, Reaching safepoint: 88749 ns, At safepoint: 19825 ns, Total: 108574 ns
[2020-02-27T06:48:11.168+0000][1][gc,start     ] GC(89) Pause Young (Allocation Failure)
[2020-02-27T06:48:11.168+0000][1][gc,task      ] GC(89) Using 1 workers of 1 for evacuation
[2020-02-27T06:48:11.180+0000][1][gc,age       ] GC(89) Desired survivor size 4358144 bytes, new threshold 6 (max threshold 6)
[2020-02-27T06:48:11.180+0000][1][gc,age       ] GC(89) Age table with threshold 6 (max threshold 6)
[2020-02-27T06:48:11.180+0000][1][gc,age       ] GC(89) - age   1:      10952 bytes,      10952 total
[2020-02-27T06:48:11.180+0000][1][gc,age       ] GC(89) - age   4:        384 bytes,      11336 total
[2020-02-27T06:48:11.180+0000][1][gc,age       ] GC(89) - age   5:       1160 bytes,      12496 total
[2020-02-27T06:48:11.180+0000][1][gc,age       ] GC(89) - age   6:       1744 bytes,      14240 total
[2020-02-27T06:48:11.180+0000][1][gc,heap      ] GC(89) ParNew: 68187K->16K(76672K)
[2020-02-27T06:48:11.180+0000][1][gc,heap      ] GC(89) CMS: 62499K->62499K(963392K)
[2020-02-27T06:48:11.180+0000][1][gc,metaspace ] GC(89) Metaspace: 80018K->80018K(1122304K)
[2020-02-27T06:48:11.180+0000][1][gc           ] GC(89) Pause Young (Allocation Failure) 127M->61M(1015M) 12.076ms
[2020-02-27T06:48:11.180+0000][1][gc,cpu       ] GC(89) User=0.01s Sys=0.00s Real=0.01s
[2020-02-27T06:48:11.180+0000][1][safepoint    ] Safepoint "GenCollectForAllocation", Time since last: 893362701 ns, Reaching safepoint: 109381 ns, At safepoint: 12139883 ns, Total: 12249264 ns
[2020-02-27T06:48:12.790+0000][1][safepoint    ] Safepoint "RevokeBias", Time since last: 1609798341 ns, Reaching safepoint: 119549 ns, At safepoint: 18678 ns, Total: 138227 ns
[2020-02-27T06:48:15.310+0000][1][safepoint    ] Safepoint "RevokeBias", Time since last: 2519393087 ns, Reaching safepoint: 150077 ns, At safepoint: 20421 ns, Total: 170498 ns
[2020-02-27T06:48:17.824+0000][1][safepoint    ] Safepoint "RevokeBias", Time since last: 2514539274 ns, Reaching safepoint: 69477 ns, At safepoint: 17635 ns, Total: 87112 ns
[2020-02-27T06:48:20.335+0000][1][safepoint    ] Safepoint "RevokeBias", Time since last: 2510620755 ns, Reaching safepoint: 71205 ns, At safepoint: 17327 ns, Total: 88532 ns
[2020-02-27T06:48:22.852+0000][1][safepoint    ] Safepoint "RevokeBias", Time since last: 2516662310 ns, Reaching safepoint: 78669 ns, At safepoint: 18885 ns, Total: 97554 ns
[2020-02-27T06:48:25.364+0000][1][safepoint    ] Safepoint "RevokeBias", Time since last: 2512042936 ns, Reaching safepoint: 71209 ns, At safepoint: 17158 ns, Total: 88367 ns
[2020-02-27T06:48:27.889+0000][1][safepoint    ] Safepoint "RevokeBias", Time since last: 2521620312 ns, Reaching safepoint: 3467135 ns, At safepoint: 24773 ns, Total: 3491908 ns
[2020-02-27T06:48:28.890+0000][1][safepoint    ] Safepoint "Cleanup", Time since last: 1000732912 ns, Reaching safepoint: 77790 ns, At safepoint: 6929 ns, Total: 84719 ns
[2020-02-27T06:48:30.506+0000][1][safepoint    ] Safepoint "RevokeBias", Time since last: 1615844323 ns, Reaching safepoint: 76024 ns, At safepoint: 17325 ns, Total: 93349 ns
[2020-02-27T06:48:33.010+0000][1][safepoint    ] Safepoint "RevokeBias", Time since last: 2504069114 ns, Reaching safepoint: 96128 ns, At safepoint: 20450 ns, Total: 116578 ns
[2020-02-27T06:48:35.513+0000][1][safepoint    ] Safepoint "RevokeBias", Time since last: 2502824593 ns, Reaching safepoint: 79896 ns, At safepoint: 19381 ns, Total: 99277 ns
[2020-02-27T06:48:38.016+0000][1][safepoint    ] Safepoint "BulkRevokeBias", Time since last: 2503193202 ns, Reaching safepoint: 72806 ns, At safepoint: 276252 ns, Total: 349058 ns
[2020-02-27T06:48:40.521+0000][1][safepoint    ] Safepoint "RevokeBias", Time since last: 2504536106 ns, Reaching safepoint: 91384 ns, At safepoint: 20188 ns, Total: 111572 ns
[2020-02-27T06:48:43.027+0000][1][safepoint    ] Safepoint "RevokeBias", Time since last: 2505913446 ns, Reaching safepoint: 72629 ns, At safepoint: 17697 ns, Total: 90326 ns
[2020-02-27T06:48:45.531+0000][1][safepoint    ] Safepoint "RevokeBias", Time since last: 2504172498 ns, Reaching safepoint: 73177 ns, At safepoint: 17411 ns, Total: 90588 ns
[2020-02-27T06:48:48.038+0000][1][safepoint    ] Safepoint "RevokeBias", Time since last: 2506272024 ns, Reaching safepoint: 74003 ns, At safepoint: 18827 ns, Total: 92830 ns
[2020-02-27T06:48:50.543+0000][1][safepoint    ] Safepoint "RevokeBias", Time since last: 2505256510 ns, Reaching safepoint: 74413 ns, At safepoint: 17947 ns, Total: 92360 ns
[2020-02-27T06:48:53.049+0000][1][safepoint    ] Safepoint "RevokeBias", Time since last: 2505828381 ns, Reaching safepoint: 73038 ns, At safepoint: 17398 ns, Total: 90436 ns
[2020-02-27T06:48:55.554+0000][1][safepoint    ] Safepoint "RevokeBias", Time since last: 2504517590 ns, Reaching safepoint: 78390 ns, At safepoint: 18019 ns, Total: 96409 ns
[2020-02-27T06:48:58.060+0000][1][safepoint    ] Safepoint "RevokeBias", Time since last: 2506116964 ns, Reaching safepoint: 125615 ns, At safepoint: 17993 ns, Total: 143608 ns
[2020-02-27T06:49:00.564+0000][1][safepoint    ] Safepoint "RevokeBias", Time since last: 2504287384 ns, Reaching safepoint: 90636 ns, At safepoint: 17031 ns, Total: 107667 ns
[2020-02-27T06:49:03.077+0000][1][safepoint    ] Safepoint "RevokeBias", Time since last: 2512681838 ns, Reaching safepoint: 70956 ns, At safepoint: 16862 ns, Total: 87818 ns
[2020-02-27T06:49:05.591+0000][1][safepoint    ] Safepoint "RevokeBias", Time since last: 2513660959 ns, Reaching safepoint: 73761 ns, At safepoint: 18002 ns, Total: 91763 ns
[2020-02-27T06:49:08.107+0000][1][safepoint    ] Safepoint "RevokeBias", Time since last: 2515697186 ns, Reaching safepoint: 73105 ns, At safepoint: 17113 ns, Total: 90218 ns
[2020-02-27T06:49:10.615+0000][1][safepoint    ] Safepoint "RevokeBias", Time since last: 2507952651 ns, Reaching safepoint: 136880 ns, At safepoint: 108046 ns, Total: 244926 ns
[2020-02-27T06:49:13.134+0000][1][safepoint    ] Safepoint "RevokeBias", Time since last: 2519384473 ns, Reaching safepoint: 74855 ns, At safepoint: 18347 ns, Total: 93202 ns
[2020-02-27T06:49:15.644+0000][1][safepoint    ] Safepoint "RevokeBias", Time since last: 2509321370 ns, Reaching safepoint: 92224 ns, At safepoint: 23829 ns, Total: 116053 ns
[2020-02-27T06:49:16.644+0000][1][safepoint    ] Safepoint "Cleanup", Time since last: 1000641181 ns, Reaching safepoint: 80717 ns, At safepoint: 7557 ns, Total: 88274 ns
[2020-02-27T06:49:18.156+0000][1][safepoint    ] Safepoint "RevokeBias", Time since last: 1511453682 ns, Reaching safepoint: 73683 ns, At safepoint: 18148 ns, Total: 91831 ns
[2020-02-27T06:49:20.667+0000][1][safepoint    ] Safepoint "RevokeBias", Time since last: 2511327717 ns, Reaching safepoint: 121276 ns, At safepoint: 28479 ns, Total: 149755 ns
[2020-02-27T06:49:23.172+0000][1][safepoint    ] Safepoint "RevokeBias", Time since last: 2504717156 ns, Reaching safepoint: 79457 ns, At safepoint: 20570 ns, Total: 100027 ns
[2020-02-27T06:49:25.676+0000][1][safepoint    ] Safepoint "RevokeBias", Time since last: 2503632660 ns, Reaching safepoint: 113141 ns, At safepoint: 28813 ns, Total: 141954 ns
[2020-02-27T06:49:28.182+0000][1][safepoint    ] Safepoint "RevokeBias", Time since last: 2506294624 ns, Reaching safepoint: 71419 ns, At safepoint: 17187 ns, Total: 88606 ns
[2020-02-27T06:49:30.686+0000][1][safepoint    ] Safepoint "RevokeBias", Time since last: 2503157828 ns, Reaching safepoint: 168923 ns, At safepoint: 35330 ns, Total: 204253 ns
[2020-02-27T06:49:33.191+0000][1][safepoint    ] Safepoint "RevokeBias", Time since last: 2505577290 ns, Reaching safepoint: 75094 ns, At safepoint: 17899 ns, Total: 92993 ns
[2020-02-27T06:49:35.695+0000][1][safepoint    ] Safepoint "RevokeBias", Time since last: 2503379663 ns, Reaching safepoint: 135767 ns, At safepoint: 126379 ns, Total: 262146 ns
[2020-02-27T06:49:38.199+0000][1][safepoint    ] Safepoint "RevokeBias", Time since last: 2504145362 ns, Reaching safepoint: 70498 ns, At safepoint: 91551 ns, Total: 162049 ns
[2020-02-27T06:49:40.705+0000][1][safepoint    ] Safepoint "RevokeBias", Time since last: 2505782641 ns, Reaching safepoint: 181252 ns, At safepoint: 25998 ns, Total: 207250 ns
[2020-02-27T06:49:43.214+0000][1][safepoint    ] Safepoint "RevokeBias", Time since last: 2508854852 ns, Reaching safepoint: 73651 ns, At safepoint: 18011 ns, Total: 91662 ns
[2020-02-27T06:49:45.721+0000][1][safepoint    ] Safepoint "RevokeBias", Time since last: 2506785394 ns, Reaching safepoint: 159563 ns, At safepoint: 23230 ns, Total: 182793 ns
[2020-02-27T06:49:48.227+0000][1][safepoint    ] Safepoint "RevokeBias", Time since last: 2505927481 ns, Reaching safepoint: 73979 ns, At safepoint: 17815 ns, Total: 91794 ns
[2020-02-27T06:49:50.231+0000][1][safepoint    ] Safepoint "Cleanup", Time since last: 2003903443 ns, Reaching safepoint: 83227 ns, At safepoint: 6645 ns, Total: 89872 ns
[2020-02-27T06:49:50.732+0000][1][safepoint    ] Safepoint "BulkRevokeBias", Time since last: 500452990 ns, Reaching safepoint: 179859 ns, At safepoint: 255332 ns, Total: 435191 ns
[2020-02-27T06:49:53.239+0000][1][safepoint    ] Safepoint "RevokeBias", Time since last: 2506573195 ns, Reaching safepoint: 71950 ns, At safepoint: 18084 ns, Total: 90034 ns
[2020-02-27T06:49:55.742+0000][1][safepoint    ] Safepoint "RevokeBias", Time since last: 2503313195 ns, Reaching safepoint: 190936 ns, At safepoint: 65300 ns, Total: 256236 ns
[2020-02-27T06:49:58.248+0000][1][safepoint    ] Safepoint "RevokeBias", Time since last: 2505487343 ns, Reaching safepoint: 131324 ns, At safepoint: 22840 ns, Total: 154164 ns
[2020-02-27T06:50:00.757+0000][1][safepoint    ] Safepoint "RevokeBias", Time since last: 2509229733 ns, Reaching safepoint: 94091 ns, At safepoint: 21570 ns, Total: 115661 ns
[2020-02-27T06:50:03.268+0000][1][safepoint    ] Safepoint "RevokeBias", Time since last: 2510339424 ns, Reaching safepoint: 82807 ns, At safepoint: 20003 ns, Total: 102810 ns
[2020-02-27T06:50:05.787+0000][1][safepoint    ] Safepoint "RevokeBias", Time since last: 2519047684 ns, Reaching safepoint: 72974 ns, At safepoint: 18066 ns, Total: 91040 ns
[2020-02-27T06:50:08.296+0000][1][safepoint    ] Safepoint "RevokeBias", Time since last: 2508437445 ns, Reaching safepoint: 71931 ns, At safepoint: 17482 ns, Total: 89413 ns
[2020-02-27T06:50:10.804+0000][1][safepoint    ] Safepoint "RevokeBias", Time since last: 2507827861 ns, Reaching safepoint: 161796 ns, At safepoint: 19781 ns, Total: 181577 ns
[2020-02-27T06:50:13.317+0000][1][safepoint    ] Safepoint "RevokeBias", Time since last: 2513559672 ns, Reaching safepoint: 75326 ns, At safepoint: 19000 ns, Total: 94326 ns
[2020-02-27T06:50:15.834+0000][1][safepoint    ] Safepoint "RevokeBias", Time since last: 2516545490 ns, Reaching safepoint: 54828 ns, At safepoint: 15275 ns, Total: 70103 ns
[2020-02-27T06:50:18.363+0000][1][safepoint    ] Safepoint "RevokeBias", Time since last: 2528986189 ns, Reaching safepoint: 86585 ns, At safepoint: 22432 ns, Total: 109017 ns
[2020-02-27T06:50:20.876+0000][1][safepoint    ] Safepoint "RevokeBias", Time since last: 2512556867 ns, Reaching safepoint: 73411 ns, At safepoint: 17354 ns, Total: 90765 ns
[2020-02-27T06:50:23.389+0000][1][safepoint    ] Safepoint "RevokeBias", Time since last: 2513683751 ns, Reaching safepoint: 133125 ns, At safepoint: 21159 ns, Total: 154284 ns
[2020-02-27T06:50:25.893+0000][1][safepoint    ] Safepoint "RevokeBias", Time since last: 2503802492 ns, Reaching safepoint: 71944 ns, At safepoint: 17294 ns, Total: 89238 ns
[2020-02-27T06:50:26.404+0000][1][gc,start     ] GC(90) Pause Young (Allocation Failure)
[2020-02-27T06:50:26.404+0000][1][gc,task      ] GC(90) Using 1 workers of 1 for evacuation
[2020-02-27T06:50:26.415+0000][1][gc,age       ] GC(90) Desired survivor size 4358144 bytes, new threshold 6 (max threshold 6)
[2020-02-27T06:50:26.415+0000][1][gc,age       ] GC(90) Age table with threshold 6 (max threshold 6)
[2020-02-27T06:50:26.415+0000][1][gc,age       ] GC(90) - age   1:      11544 bytes,      11544 total
[2020-02-27T06:50:26.415+0000][1][gc,age       ] GC(90) - age   2:        240 bytes,      11784 total
[2020-02-27T06:50:26.415+0000][1][gc,age       ] GC(90) - age   5:        384 bytes,      12168 total
[2020-02-27T06:50:26.415+0000][1][gc,age       ] GC(90) - age   6:       1160 bytes,      13328 total
[2020-02-27T06:50:26.415+0000][1][gc,heap      ] GC(90) ParNew: 68176K->14K(76672K)
[2020-02-27T06:50:26.415+0000][1][gc,heap      ] GC(90) CMS: 62499K->62500K(963392K)
[2020-02-27T06:50:26.415+0000][1][gc,metaspace ] GC(90) Metaspace: 80019K->80019K(1122304K)
[2020-02-27T06:50:26.415+0000][1][gc           ] GC(90) Pause Young (Allocation Failure) 127M->61M(1015M) 10.632ms
[2020-02-27T06:50:26.415+0000][1][gc,cpu       ] GC(90) User=0.01s Sys=0.00s Real=0.01s
[2020-02-27T06:50:26.415+0000][1][safepoint    ] Safepoint "GenCollectForAllocation", Time since last: 511055510 ns, Reaching safepoint: 73156 ns, At safepoint: 10685183 ns, Total: 10758339 ns
[2020-02-27T06:50:28.398+0000][1][safepoint    ] Safepoint "RevokeBias", Time since last: 1982941026 ns, Reaching safepoint: 72420 ns, At safepoint: 17495 ns, Total: 89915 ns
[2020-02-27T06:50:30.904+0000][1][safepoint    ] Safepoint "RevokeBias", Time since last: 2506153118 ns, Reaching safepoint: 92510 ns, At safepoint: 21106 ns, Total: 113616 ns
[2020-02-27T06:50:33.411+0000][1][safepoint    ] Safepoint "RevokeBias", Time since last: 2506283768 ns, Reaching safepoint: 113123 ns, At safepoint: 68923 ns, Total: 182046 ns
[2020-02-27T06:50:35.915+0000][1][safepoint    ] Safepoint "RevokeBias", Time since last: 2503868986 ns, Reaching safepoint: 115574 ns, At safepoint: 57453 ns, Total: 173027 ns
[2020-02-27T06:50:38.419+0000][1][safepoint    ] Safepoint "RevokeBias", Time since last: 2503557000 ns, Reaching safepoint: 70128 ns, At safepoint: 17321 ns, Total: 87449 ns
[2020-02-27T06:50:40.921+0000][1][safepoint    ] Safepoint "RevokeBias", Time since last: 2502800871 ns, Reaching safepoint: 72124 ns, At safepoint: 17536 ns, Total: 89660 ns
[2020-02-27T06:50:43.426+0000][1][safepoint    ] Safepoint "RevokeBias", Time since last: 2504275145 ns, Reaching safepoint: 72914 ns, At safepoint: 17247 ns, Total: 90161 ns
[2020-02-27T06:50:45.929+0000][1][safepoint    ] Safepoint "RevokeBias", Time since last: 2502651703 ns, Reaching safepoint: 87252 ns, At safepoint: 21258 ns, Total: 108510 ns
[2020-02-27T06:50:48.434+0000][1][safepoint    ] Safepoint "RevokeBias", Time since last: 2505308537 ns, Reaching safepoint: 72296 ns, At safepoint: 17537 ns, Total: 89833 ns
[2020-02-27T06:50:50.937+0000][1][safepoint    ] Safepoint "RevokeBias", Time since last: 2502855457 ns, Reaching safepoint: 74191 ns, At safepoint: 17485 ns, Total: 91676 ns
[2020-02-27T06:50:53.444+0000][1][safepoint    ] Safepoint "RevokeBias", Time since last: 2507075112 ns, Reaching safepoint: 284600 ns, At safepoint: 47465 ns, Total: 332065 ns
[2020-02-27T06:50:55.948+0000][1][safepoint    ] Safepoint "RevokeBias", Time since last: 2503248868 ns, Reaching safepoint: 70571 ns, At safepoint: 17388 ns, Total: 87959 ns
[2020-02-27T06:50:58.453+0000][1][safepoint    ] Safepoint "RevokeBias", Time since last: 2505751463 ns, Reaching safepoint: 75174 ns, At safepoint: 18021 ns, Total: 93195 ns
[2020-02-27T06:51:00.958+0000][1][safepoint    ] Safepoint "RevokeBias", Time since last: 2504286792 ns, Reaching safepoint: 183805 ns, At safepoint: 44842 ns, Total: 228647 ns
[2020-02-27T06:51:03.477+0000][1][safepoint    ] Safepoint "BulkRevokeBias", Time since last: 2518457163 ns, Reaching safepoint: 96921 ns, At safepoint: 244492 ns, Total: 341413 ns
[2020-02-27T06:51:05.985+0000][1][safepoint    ] Safepoint "RevokeBias", Time since last: 2507808224 ns, Reaching safepoint: 72882 ns, At safepoint: 17664 ns, Total: 90546 ns
[2020-02-27T06:51:08.500+0000][1][safepoint    ] Safepoint "RevokeBias", Time since last: 2514732740 ns, Reaching safepoint: 114490 ns, At safepoint: 29121 ns, Total: 143611 ns
[2020-02-27T06:51:11.010+0000][1][safepoint    ] Safepoint "RevokeBias", Time since last: 2509809218 ns, Reaching safepoint: 158697 ns, At safepoint: 23197 ns, Total: 181894 ns
[2020-02-27T06:51:13.532+0000][1][safepoint    ] Safepoint "RevokeBias", Time since last: 2522678316 ns, Reaching safepoint: 140158 ns, At safepoint: 19491 ns, Total: 159649 ns
[2020-02-27T06:51:16.039+0000][1][safepoint    ] Safepoint "RevokeBias", Time since last: 2506836792 ns, Reaching safepoint: 92144 ns, At safepoint: 72472 ns, Total: 164616 ns
[2020-02-27T06:51:18.561+0000][1][safepoint    ] Safepoint "RevokeBias", Time since last: 2521270397 ns, Reaching safepoint: 99787 ns, At safepoint: 20209 ns, Total: 119996 ns
[2020-02-27T06:51:21.069+0000][1][safepoint    ] Safepoint "RevokeBias", Time since last: 2508214419 ns, Reaching safepoint: 83317 ns, At safepoint: 20394 ns, Total: 103711 ns
[2020-02-27T06:51:23.575+0000][1][safepoint    ] Safepoint "RevokeBias", Time since last: 2506182153 ns, Reaching safepoint: 129228 ns, At safepoint: 22326 ns, Total: 151554 ns
[2020-02-27T06:51:26.079+0000][1][safepoint    ] Safepoint "RevokeBias", Time since last: 2503911671 ns, Reaching safepoint: 103234 ns, At safepoint: 24267 ns, Total: 127501 ns
[2020-02-27T06:51:28.585+0000][1][safepoint    ] Safepoint "RevokeBias", Time since last: 2505673732 ns, Reaching safepoint: 73521 ns, At safepoint: 17723 ns, Total: 91244 ns
[2020-02-27T06:51:31.089+0000][1][safepoint    ] Safepoint "RevokeBias", Time since last: 2504013552 ns, Reaching safepoint: 144255 ns, At safepoint: 28543 ns, Total: 172798 ns
[2020-02-27T06:51:33.595+0000][1][safepoint    ] Safepoint "RevokeBias", Time since last: 2505775235 ns, Reaching safepoint: 192334 ns, At safepoint: 29848 ns, Total: 222182 ns
[2020-02-27T06:51:36.099+0000][1][safepoint    ] Safepoint "RevokeBias", Time since last: 2503876741 ns, Reaching safepoint: 166156 ns, At safepoint: 26253 ns, Total: 192409 ns
[2020-02-27T06:51:38.602+0000][1][safepoint    ] Safepoint "RevokeBias", Time since last: 2502870370 ns, Reaching safepoint: 72288 ns, At safepoint: 17733 ns, Total: 90021 ns
[2020-02-27T06:51:41.107+0000][1][safepoint    ] Safepoint "RevokeBias", Time since last: 2504918538 ns, Reaching safepoint: 81036 ns, At safepoint: 20675 ns, Total: 101711 ns
[2020-02-27T06:51:43.614+0000][1][safepoint    ] Safepoint "RevokeBias", Time since last: 2505958211 ns, Reaching safepoint: 76321 ns, At safepoint: 17927 ns, Total: 94248 ns
[2020-02-27T06:51:46.117+0000][1][safepoint    ] Safepoint "RevokeBias", Time since last: 2503387738 ns, Reaching safepoint: 95019 ns, At safepoint: 21748 ns, Total: 116767 ns
[2020-02-27T06:51:48.623+0000][1][safepoint    ] Safepoint "RevokeBias", Time since last: 2506149435 ns, Reaching safepoint: 72426 ns, At safepoint: 16933 ns, Total: 89359 ns
[2020-02-27T06:51:50.944+0000][1][safepoint    ] Safepoint "Cleanup", Time since last: 2320876352 ns, Reaching safepoint: 95222 ns, At safepoint: 9002 ns, Total: 104224 ns
[2020-02-27T06:51:51.129+0000][1][safepoint    ] Safepoint "RevokeBias", Time since last: 184876199 ns, Reaching safepoint: 73223 ns, At safepoint: 17611 ns, Total: 90834 ns
[2020-02-27T06:51:53.636+0000][1][safepoint    ] Safepoint "RevokeBias", Time since last: 2506314199 ns, Reaching safepoint: 71527 ns, At safepoint: 17816 ns, Total: 89343 ns
[2020-02-27T06:51:56.138+0000][1][safepoint    ] Safepoint "RevokeBias", Time since last: 2502431153 ns, Reaching safepoint: 144809 ns, At safepoint: 28287 ns, Total: 173096 ns
[2020-02-27T06:51:58.643+0000][1][safepoint    ] Safepoint "RevokeBias", Time since last: 2504333967 ns, Reaching safepoint: 71329 ns, At safepoint: 17421 ns, Total: 88750 ns
[2020-02-27T06:52:01.152+0000][1][safepoint    ] Safepoint "RevokeBias", Time since last: 2509670822 ns, Reaching safepoint: 73856 ns, At safepoint: 17676 ns, Total: 91532 ns
[2020-02-27T06:52:03.662+0000][1][safepoint    ] Safepoint "RevokeBias", Time since last: 2509311586 ns, Reaching safepoint: 82493 ns, At safepoint: 19386 ns, Total: 101879 ns
[2020-02-27T06:52:06.179+0000][1][safepoint    ] Safepoint "RevokeBias", Time since last: 2517537049 ns, Reaching safepoint: 87432 ns, At safepoint: 30311 ns, Total: 117743 ns
[2020-02-27T06:52:08.686+0000][1][safepoint    ] Safepoint "RevokeBias", Time since last: 2506406506 ns, Reaching safepoint: 84726 ns, At safepoint: 20287 ns, Total: 105013 ns
[2020-02-27T06:52:11.198+0000][1][safepoint    ] Safepoint "RevokeBias", Time since last: 2511652406 ns, Reaching safepoint: 201819 ns, At safepoint: 19545 ns, Total: 221364 ns
[2020-02-27T06:52:13.710+0000][1][safepoint    ] Safepoint "RevokeBias", Time since last: 2511645650 ns, Reaching safepoint: 117199 ns, At safepoint: 40439 ns, Total: 157638 ns
[2020-02-27T06:52:16.233+0000][1][safepoint    ] Safepoint "BulkRevokeBias", Time since last: 2522864411 ns, Reaching safepoint: 106921 ns, At safepoint: 323132 ns, Total: 430053 ns
[2020-02-27T06:52:18.744+0000][1][safepoint    ] Safepoint "RevokeBias", Time since last: 2510872760 ns, Reaching safepoint: 73796 ns, At safepoint: 18065 ns, Total: 91861 ns
[2020-02-27T06:52:21.367+0000][1][safepoint    ] Safepoint "RevokeBias", Time since last: 2619659453 ns, Reaching safepoint: 3617133 ns, At safepoint: 30730 ns, Total: 3647863 ns
[2020-02-27T06:52:23.871+0000][1][safepoint    ] Safepoint "RevokeBias", Time since last: 2503347756 ns, Reaching safepoint: 94461 ns, At safepoint: 19363 ns, Total: 113824 ns
[2020-02-27T06:52:26.380+0000][1][safepoint    ] Safepoint "RevokeBias", Time since last: 2507652321 ns, Reaching safepoint: 1835317 ns, At safepoint: 40641 ns, Total: 1875958 ns
[2020-02-27T06:52:28.884+0000][1][safepoint    ] Safepoint "RevokeBias", Time since last: 2503265052 ns, Reaching safepoint: 130112 ns, At safepoint: 28191 ns, Total: 158303 ns
[2020-02-27T06:52:30.885+0000][1][safepoint    ] Safepoint "Cleanup", Time since last: 2000850734 ns, Reaching safepoint: 93896 ns, At safepoint: 8340 ns, Total: 102236 ns
[2020-02-27T06:52:31.388+0000][1][safepoint    ] Safepoint "RevokeBias", Time since last: 503555066 ns, Reaching safepoint: 166310 ns, At safepoint: 30875 ns, Total: 197185 ns
[2020-02-27T06:52:33.895+0000][1][safepoint    ] Safepoint "RevokeBias", Time since last: 2506858071 ns, Reaching safepoint: 72939 ns, At safepoint: 17484 ns, Total: 90423 ns
[2020-02-27T06:52:36.399+0000][1][safepoint    ] Safepoint "RevokeBias", Time since last: 2503682171 ns, Reaching safepoint: 73510 ns, At safepoint: 18334 ns, Total: 91844 ns
[2020-02-27T06:52:38.903+0000][1][safepoint    ] Safepoint "RevokeBias", Time since last: 2503510230 ns, Reaching safepoint: 73986 ns, At safepoint: 17285 ns, Total: 91271 ns
[2020-02-27T06:52:41.409+0000][1][safepoint    ] Safepoint "RevokeBias", Time since last: 2505814366 ns, Reaching safepoint: 72341 ns, At safepoint: 17406 ns, Total: 89747 ns
[2020-02-27T06:52:43.915+0000][1][safepoint    ] Safepoint "RevokeBias", Time since last: 2506439694 ns, Reaching safepoint: 215065 ns, At safepoint: 23620 ns, Total: 238685 ns
[2020-02-27T06:52:46.384+0000][1][gc,start     ] GC(91) Pause Young (Allocation Failure)
[2020-02-27T06:52:46.384+0000][1][gc,task      ] GC(91) Using 1 workers of 1 for evacuation
[2020-02-27T06:52:46.394+0000][1][gc,age       ] GC(91) Desired survivor size 4358144 bytes, new threshold 6 (max threshold 6)
[2020-02-27T06:52:46.394+0000][1][gc,age       ] GC(91) Age table with threshold 6 (max threshold 6)
[2020-02-27T06:52:46.394+0000][1][gc,age       ] GC(91) - age   1:      12408 bytes,      12408 total
[2020-02-27T06:52:46.394+0000][1][gc,age       ] GC(91) - age   2:        848 bytes,      13256 total
[2020-02-27T06:52:46.394+0000][1][gc,age       ] GC(91) - age   3:        240 bytes,      13496 total
[2020-02-27T06:52:46.394+0000][1][gc,age       ] GC(91) - age   6:        152 bytes,      13648 total
[2020-02-27T06:52:46.394+0000][1][gc,heap      ] GC(91) ParNew: 68174K->13K(76672K)
[2020-02-27T06:52:46.394+0000][1][gc,heap      ] GC(91) CMS: 62500K->62502K(963392K)
[2020-02-27T06:52:46.394+0000][1][gc,metaspace ] GC(91) Metaspace: 80019K->80019K(1122304K)
[2020-02-27T06:52:46.394+0000][1][gc           ] GC(91) Pause Young (Allocation Failure) 127M->61M(1015M) 10.276ms
[2020-02-27T06:52:46.394+0000][1][gc,cpu       ] GC(91) User=0.01s Sys=0.00s Real=0.01s
[2020-02-27T06:52:46.394+0000][1][safepoint    ] Safepoint "GenCollectForAllocation", Time since last: 2468361371 ns, Reaching safepoint: 73827 ns, At safepoint: 10362496 ns, Total: 10436323 ns
[2020-02-27T06:52:46.419+0000][1][safepoint    ] Safepoint "RevokeBias", Time since last: 25157379 ns, Reaching safepoint: 71778 ns, At safepoint: 17860 ns, Total: 89638 ns
[2020-02-27T06:52:48.925+0000][1][safepoint    ] Safepoint "RevokeBias", Time since last: 2506091008 ns, Reaching safepoint: 76544 ns, At safepoint: 18384 ns, Total: 94928 ns
[2020-02-27T06:52:51.429+0000][1][safepoint    ] Safepoint "RevokeBias", Time since last: 2503402085 ns, Reaching safepoint: 72473 ns, At safepoint: 17462 ns, Total: 89935 ns
[2020-02-27T06:52:53.937+0000][1][safepoint    ] Safepoint "RevokeBias", Time since last: 2507529525 ns, Reaching safepoint: 72367 ns, At safepoint: 17331 ns, Total: 89698 ns
[2020-02-27T06:52:56.441+0000][1][safepoint    ] Safepoint "RevokeBias", Time since last: 2504584213 ns, Reaching safepoint: 109412 ns, At safepoint: 22244 ns, Total: 131656 ns
[2020-02-27T06:52:58.945+0000][1][safepoint    ] Safepoint "RevokeBias", Time since last: 2503334267 ns, Reaching safepoint: 75751 ns, At safepoint: 17865 ns, Total: 93616 ns
[2020-02-27T06:53:01.449+0000][1][safepoint    ] Safepoint "RevokeBias", Time since last: 2504508129 ns, Reaching safepoint: 82482 ns, At safepoint: 20305 ns, Total: 102787 ns
[2020-02-27T06:53:03.961+0000][1][safepoint    ] Safepoint "RevokeBias", Time since last: 2511161378 ns, Reaching safepoint: 70503 ns, At safepoint: 17502 ns, Total: 88005 ns
[2020-02-27T06:53:06.468+0000][1][safepoint    ] Safepoint "RevokeBias", Time since last: 2507370241 ns, Reaching safepoint: 89278 ns, At safepoint: 20505 ns, Total: 109783 ns
[2020-02-27T06:53:08.976+0000][1][safepoint    ] Safepoint "RevokeBias", Time since last: 2507403716 ns, Reaching safepoint: 72518 ns, At safepoint: 17562 ns, Total: 90080 ns
[2020-02-27T06:53:11.483+0000][1][safepoint    ] Safepoint "RevokeBias", Time since last: 2507821797 ns, Reaching safepoint: 71899 ns, At safepoint: 17499 ns, Total: 89398 ns
[2020-02-27T06:53:14.002+0000][1][safepoint    ] Safepoint "RevokeBias", Time since last: 2517953611 ns, Reaching safepoint: 108649 ns, At safepoint: 27421 ns, Total: 136070 ns
[2020-02-27T06:53:16.515+0000][1][safepoint    ] Safepoint "RevokeBias", Time since last: 2513463093 ns, Reaching safepoint: 72418 ns, At safepoint: 16930 ns, Total: 89348 ns
[2020-02-27T06:53:19.030+0000][1][safepoint    ] Safepoint "RevokeBias", Time since last: 2514782353 ns, Reaching safepoint: 88829 ns, At safepoint: 17133 ns, Total: 105962 ns
[2020-02-27T06:53:21.543+0000][1][safepoint    ] Safepoint "RevokeBias", Time since last: 2512689451 ns, Reaching safepoint: 71408 ns, At safepoint: 17683 ns, Total: 89091 ns
[2020-02-27T06:53:24.057+0000][1][safepoint    ] Safepoint "RevokeBias", Time since last: 2514394515 ns, Reaching safepoint: 145700 ns, At safepoint: 28785 ns, Total: 174485 ns
[2020-02-27T06:53:26.567+0000][1][safepoint    ] Safepoint "RevokeBias", Time since last: 2509456104 ns, Reaching safepoint: 98033 ns, At safepoint: 92571 ns, Total: 190604 ns
[2020-02-27T06:53:29.073+0000][1][safepoint    ] Safepoint "BulkRevokeBias", Time since last: 2505018230 ns, Reaching safepoint: 255384 ns, At safepoint: 355890 ns, Total: 611274 ns
[2020-02-27T06:53:31.579+0000][1][safepoint    ] Safepoint "RevokeBias", Time since last: 2506466205 ns, Reaching safepoint: 97851 ns, At safepoint: 23362 ns, Total: 121213 ns
[2020-02-27T06:53:34.086+0000][1][safepoint    ] Safepoint "RevokeBias", Time since last: 2506215272 ns, Reaching safepoint: 74156 ns, At safepoint: 17868 ns, Total: 92024 ns
[2020-02-27T06:53:36.589+0000][1][safepoint    ] Safepoint "RevokeBias", Time since last: 2503606005 ns, Reaching safepoint: 200090 ns, At safepoint: 27926 ns, Total: 228016 ns
[2020-02-27T06:53:39.092+0000][1][safepoint    ] Safepoint "RevokeBias", Time since last: 2502545327 ns, Reaching safepoint: 84266 ns, At safepoint: 20534 ns, Total: 104800 ns
[2020-02-27T06:53:41.597+0000][1][safepoint    ] Safepoint "RevokeBias", Time since last: 2505146299 ns, Reaching safepoint: 76831 ns, At safepoint: 18925 ns, Total: 95756 ns
[2020-02-27T06:53:44.104+0000][1][safepoint    ] Safepoint "RevokeBias", Time since last: 2506333875 ns, Reaching safepoint: 73390 ns, At safepoint: 17359 ns, Total: 90749 ns
[2020-02-27T06:53:46.608+0000][1][safepoint    ] Safepoint "RevokeBias", Time since last: 2504007970 ns, Reaching safepoint: 72805 ns, At safepoint: 17365 ns, Total: 90170 ns
[2020-02-27T06:53:49.114+0000][1][safepoint    ] Safepoint "RevokeBias", Time since last: 2506539690 ns, Reaching safepoint: 73355 ns, At safepoint: 17437 ns, Total: 90792 ns
[2020-02-27T06:53:51.620+0000][1][safepoint    ] Safepoint "RevokeBias", Time since last: 2505682029 ns, Reaching safepoint: 74408 ns, At safepoint: 18579 ns, Total: 92987 ns
[2020-02-27T06:53:54.127+0000][1][safepoint    ] Safepoint "RevokeBias", Time since last: 2506858138 ns, Reaching safepoint: 54126 ns, At safepoint: 15381 ns, Total: 69507 ns
[2020-02-27T06:53:56.629+0000][1][safepoint    ] Safepoint "RevokeBias", Time since last: 2501692615 ns, Reaching safepoint: 73058 ns, At safepoint: 17841 ns, Total: 90899 ns
[2020-02-27T06:53:59.135+0000][1][safepoint    ] Safepoint "RevokeBias", Time since last: 2505716922 ns, Reaching safepoint: 155861 ns, At safepoint: 22316 ns, Total: 178177 ns
[2020-02-27T06:54:01.650+0000][1][safepoint    ] Safepoint "RevokeBias", Time since last: 2515436304 ns, Reaching safepoint: 72889 ns, At safepoint: 17918 ns, Total: 90807 ns
[2020-02-27T06:54:04.164+0000][1][safepoint    ] Safepoint "RevokeBias", Time since last: 2514036369 ns, Reaching safepoint: 74437 ns, At safepoint: 17860 ns, Total: 92297 ns
[2020-02-27T06:54:06.688+0000][1][safepoint    ] Safepoint "RevokeBias", Time since last: 2523385441 ns, Reaching safepoint: 91093 ns, At safepoint: 21227 ns, Total: 112320 ns
[2020-02-27T06:54:09.196+0000][1][safepoint    ] Safepoint "RevokeBias", Time since last: 2508417457 ns, Reaching safepoint: 73167 ns, At safepoint: 17512 ns, Total: 90679 ns
[2020-02-27T06:54:11.709+0000][1][safepoint    ] Safepoint "RevokeBias", Time since last: 2512498883 ns, Reaching safepoint: 54903 ns, At safepoint: 16693 ns, Total: 71596 ns
[2020-02-27T06:54:14.225+0000][1][safepoint    ] Safepoint "RevokeBias", Time since last: 2515742018 ns, Reaching safepoint: 151348 ns, At safepoint: 47306 ns, Total: 198654 ns
[2020-02-27T06:54:16.738+0000][1][safepoint    ] Safepoint "RevokeBias", Time since last: 2512698791 ns, Reaching safepoint: 90979 ns, At safepoint: 21011 ns, Total: 111990 ns
[2020-02-27T06:54:19.251+0000][1][safepoint    ] Safepoint "RevokeBias", Time since last: 2513061757 ns, Reaching safepoint: 78468 ns, At safepoint: 17753 ns, Total: 96221 ns
[2020-02-27T06:54:21.756+0000][1][safepoint    ] Safepoint "RevokeBias", Time since last: 2504839925 ns, Reaching safepoint: 73072 ns, At safepoint: 17500 ns, Total: 90572 ns
[2020-02-27T06:54:24.259+0000][1][safepoint    ] Safepoint "RevokeBias", Time since last: 2503390337 ns, Reaching safepoint: 71446 ns, At safepoint: 16861 ns, Total: 88307 ns
[2020-02-27T06:54:26.762+0000][1][safepoint    ] Safepoint "RevokeBias", Time since last: 2502071359 ns, Reaching safepoint: 91532 ns, At safepoint: 18710 ns, Total: 110242 ns
[2020-02-27T06:54:29.267+0000][1][safepoint    ] Safepoint "RevokeBias", Time since last: 2505275376 ns, Reaching safepoint: 78311 ns, At safepoint: 18655 ns, Total: 96966 ns
[2020-02-27T06:54:31.771+0000][1][safepoint    ] Safepoint "RevokeBias", Time since last: 2504380905 ns, Reaching safepoint: 74108 ns, At safepoint: 17560 ns, Total: 91668 ns
[2020-02-27T06:54:34.278+0000][1][safepoint    ] Safepoint "RevokeBias", Time since last: 2506337126 ns, Reaching safepoint: 111073 ns, At safepoint: 18125 ns, Total: 129198 ns
[2020-02-27T06:54:36.781+0000][1][safepoint    ] Safepoint "RevokeBias", Time since last: 2503076349 ns, Reaching safepoint: 79879 ns, At safepoint: 18829 ns, Total: 98708 ns
[2020-02-27T06:54:39.284+0000][1][safepoint    ] Safepoint "RevokeBias", Time since last: 2502909470 ns, Reaching safepoint: 71956 ns, At safepoint: 17758 ns, Total: 89714 ns
[2020-02-27T06:54:41.791+0000][1][safepoint    ] Safepoint "BulkRevokeBias", Time since last: 2506957509 ns, Reaching safepoint: 56838 ns, At safepoint: 152565 ns, Total: 209403 ns
[2020-02-27T06:54:44.297+0000][1][safepoint    ] Safepoint "RevokeBias", Time since last: 2505811327 ns, Reaching safepoint: 111335 ns, At safepoint: 22640 ns, Total: 133975 ns
[2020-02-27T06:54:46.800+0000][1][safepoint    ] Safepoint "RevokeBias", Time since last: 2503055839 ns, Reaching safepoint: 82394 ns, At safepoint: 21142 ns, Total: 103536 ns
[2020-02-27T06:54:49.306+0000][1][safepoint    ] Safepoint "RevokeBias", Time since last: 2505271400 ns, Reaching safepoint: 97769 ns, At safepoint: 35224 ns, Total: 132993 ns
[2020-02-27T06:54:50.306+0000][1][safepoint    ] Safepoint "Cleanup", Time since last: 1000603221 ns, Reaching safepoint: 121964 ns, At safepoint: 10691 ns, Total: 132655 ns
[2020-02-27T06:54:51.811+0000][1][safepoint    ] Safepoint "RevokeBias", Time since last: 1504123818 ns, Reaching safepoint: 71758 ns, At safepoint: 16584 ns, Total: 88342 ns
[2020-02-27T06:54:54.323+0000][1][safepoint    ] Safepoint "RevokeBias", Time since last: 2512047691 ns, Reaching safepoint: 77552 ns, At safepoint: 18937 ns, Total: 96489 ns
[2020-02-27T06:54:56.835+0000][1][safepoint    ] Safepoint "RevokeBias", Time since last: 2512549959 ns, Reaching safepoint: 71677 ns, At safepoint: 17835 ns, Total: 89512 ns
[2020-02-27T06:54:59.348+0000][1][safepoint    ] Safepoint "RevokeBias", Time since last: 2512604729 ns, Reaching safepoint: 72147 ns, At safepoint: 17401 ns, Total: 89548 ns
[2020-02-27T06:55:01.708+0000][1][gc,start     ] GC(92) Pause Young (Allocation Failure)
[2020-02-27T06:55:01.708+0000][1][gc,task      ] GC(92) Using 1 workers of 1 for evacuation
[2020-02-27T06:55:01.720+0000][1][gc,age       ] GC(92) Desired survivor size 4358144 bytes, new threshold 6 (max threshold 6)
[2020-02-27T06:55:01.720+0000][1][gc,age       ] GC(92) Age table with threshold 6 (max threshold 6)
[2020-02-27T06:55:01.720+0000][1][gc,age       ] GC(92) - age   1:      11112 bytes,      11112 total
[2020-02-27T06:55:01.720+0000][1][gc,age       ] GC(92) - age   2:        800 bytes,      11912 total
[2020-02-27T06:55:01.720+0000][1][gc,age       ] GC(92) - age   3:        848 bytes,      12760 total
[2020-02-27T06:55:01.720+0000][1][gc,age       ] GC(92) - age   4:        120 bytes,      12880 total
[2020-02-27T06:55:01.720+0000][1][gc,heap      ] GC(92) ParNew: 68173K->13K(76672K)
[2020-02-27T06:55:01.720+0000][1][gc,heap      ] GC(92) CMS: 62502K->62502K(963392K)
[2020-02-27T06:55:01.720+0000][1][gc,metaspace ] GC(92) Metaspace: 80032K->80032K(1122304K)
[2020-02-27T06:55:01.720+0000][1][gc           ] GC(92) Pause Young (Allocation Failure) 127M->61M(1015M) 12.018ms
[2020-02-27T06:55:01.720+0000][1][gc,cpu       ] GC(92) User=0.01s Sys=0.00s Real=0.01s
[2020-02-27T06:55:01.720+0000][1][safepoint    ] Safepoint "GenCollectForAllocation", Time since last: 2360082039 ns, Reaching safepoint: 100673 ns, At safepoint: 12095056 ns, Total: 12195729 ns
[2020-02-27T06:55:01.858+0000][1][safepoint    ] Safepoint "RevokeBias", Time since last: 137545499 ns, Reaching safepoint: 209936 ns, At safepoint: 27182 ns, Total: 237118 ns
[2020-02-27T06:55:04.374+0000][1][safepoint    ] Safepoint "RevokeBias", Time since last: 2515544878 ns, Reaching safepoint: 92415 ns, At safepoint: 23041 ns, Total: 115456 ns
[2020-02-27T06:55:06.885+0000][1][safepoint    ] Safepoint "RevokeBias", Time since last: 2510647731 ns, Reaching safepoint: 88701 ns, At safepoint: 49612 ns, Total: 138313 ns
[2020-02-27T06:55:09.409+0000][1][safepoint    ] Safepoint "RevokeBias", Time since last: 2523886511 ns, Reaching safepoint: 87185 ns, At safepoint: 20971 ns, Total: 108156 ns
[2020-02-27T06:55:11.922+0000][1][safepoint    ] Safepoint "RevokeBias", Time since last: 2513389303 ns, Reaching safepoint: 124977 ns, At safepoint: 52384 ns, Total: 177361 ns
[2020-02-27T06:55:14.438+0000][1][safepoint    ] Safepoint "RevokeBias", Time since last: 2515267610 ns, Reaching safepoint: 73976 ns, At safepoint: 16873 ns, Total: 90849 ns
[2020-02-27T06:55:16.945+0000][1][safepoint    ] Safepoint "RevokeBias", Time since last: 2507212556 ns, Reaching safepoint: 73945 ns, At safepoint: 19300 ns, Total: 93245 ns
[2020-02-27T06:55:19.450+0000][1][safepoint    ] Safepoint "RevokeBias", Time since last: 2504812808 ns, Reaching safepoint: 71642 ns, At safepoint: 17615 ns, Total: 89257 ns
[2020-02-27T06:55:21.954+0000][1][safepoint    ] Safepoint "RevokeBias", Time since last: 2504233363 ns, Reaching safepoint: 102350 ns, At safepoint: 19496 ns, Total: 121846 ns
[2020-02-27T06:55:24.459+0000][1][safepoint    ] Safepoint "RevokeBias", Time since last: 2504771776 ns, Reaching safepoint: 72910 ns, At safepoint: 88206 ns, Total: 161116 ns
[2020-02-27T06:55:26.962+0000][1][safepoint    ] Safepoint "RevokeBias", Time since last: 2503098689 ns, Reaching safepoint: 87691 ns, At safepoint: 17753 ns, Total: 105444 ns
[2020-02-27T06:55:29.466+0000][1][safepoint    ] Safepoint "RevokeBias", Time since last: 2503503387 ns, Reaching safepoint: 90031 ns, At safepoint: 17770 ns, Total: 107801 ns
[2020-02-27T06:55:31.971+0000][1][safepoint    ] Safepoint "RevokeBias", Time since last: 2505209168 ns, Reaching safepoint: 77672 ns, At safepoint: 18011 ns, Total: 95683 ns
[2020-02-27T06:55:34.479+0000][1][safepoint    ] Safepoint "RevokeBias", Time since last: 2507306516 ns, Reaching safepoint: 121607 ns, At safepoint: 19455 ns, Total: 141062 ns
[2020-02-27T06:55:36.983+0000][1][safepoint    ] Safepoint "RevokeBias", Time since last: 2504135180 ns, Reaching safepoint: 56190 ns, At safepoint: 16116 ns, Total: 72306 ns
[2020-02-27T06:55:39.487+0000][1][safepoint    ] Safepoint "RevokeBias", Time since last: 2503927825 ns, Reaching safepoint: 74507 ns, At safepoint: 17427 ns, Total: 91934 ns
[2020-02-27T06:55:42.006+0000][1][safepoint    ] Safepoint "RevokeBias", Time since last: 2518758416 ns, Reaching safepoint: 72108 ns, At safepoint: 120106 ns, Total: 192214 ns
[2020-02-27T06:55:44.521+0000][1][safepoint    ] Safepoint "RevokeBias", Time since last: 2514836104 ns, Reaching safepoint: 73524 ns, At safepoint: 17636 ns, Total: 91160 ns
[2020-02-27T06:55:47.034+0000][1][safepoint    ] Safepoint "RevokeBias", Time since last: 2513022359 ns, Reaching safepoint: 96823 ns, At safepoint: 22803 ns, Total: 119626 ns
[2020-02-27T06:55:49.546+0000][1][safepoint    ] Safepoint "RevokeBias", Time since last: 2511723156 ns, Reaching safepoint: 77420 ns, At safepoint: 17683 ns, Total: 95103 ns
[2020-02-27T06:55:52.059+0000][1][safepoint    ] Safepoint "RevokeBias", Time since last: 2513370999 ns, Reaching safepoint: 213663 ns, At safepoint: 19840 ns, Total: 233503 ns
[2020-02-27T06:55:54.573+0000][1][safepoint    ] Safepoint "BulkRevokeBias", Time since last: 2513671113 ns, Reaching safepoint: 78649 ns, At safepoint: 191440 ns, Total: 270089 ns
[2020-02-27T06:55:57.084+0000][1][safepoint    ] Safepoint "RevokeBias", Time since last: 2510647094 ns, Reaching safepoint: 71897 ns, At safepoint: 17585 ns, Total: 89482 ns
[2020-02-27T06:55:59.596+0000][1][safepoint    ] Safepoint "RevokeBias", Time since last: 2511702560 ns, Reaching safepoint: 149840 ns, At safepoint: 20888 ns, Total: 170728 ns
[2020-02-27T06:56:02.117+0000][1][safepoint    ] Safepoint "RevokeBias", Time since last: 2520968326 ns, Reaching safepoint: 79366 ns, At safepoint: 18498 ns, Total: 97864 ns
[2020-02-27T06:56:04.631+0000][1][safepoint    ] Safepoint "RevokeBias", Time since last: 2514511925 ns, Reaching safepoint: 71084 ns, At safepoint: 17823 ns, Total: 88907 ns
[2020-02-27T06:56:06.632+0000][1][safepoint    ] Safepoint "Cleanup", Time since last: 2000743382 ns, Reaching safepoint: 95179 ns, At safepoint: 8696 ns, Total: 103875 ns
[2020-02-27T06:56:07.135+0000][1][safepoint    ] Safepoint "RevokeBias", Time since last: 502244708 ns, Reaching safepoint: 70390 ns, At safepoint: 17470 ns, Total: 87860 ns
[2020-02-27T06:56:09.638+0000][1][safepoint    ] Safepoint "RevokeBias", Time since last: 2503606589 ns, Reaching safepoint: 136914 ns, At safepoint: 21335 ns, Total: 158249 ns
[2020-02-27T06:56:10.640+0000][1][safepoint    ] Safepoint "Cleanup", Time since last: 1001107283 ns, Reaching safepoint: 141604 ns, At safepoint: 7507 ns, Total: 149111 ns
[2020-02-27T06:56:12.143+0000][1][safepoint    ] Safepoint "RevokeBias", Time since last: 1503229135 ns, Reaching safepoint: 55204 ns, At safepoint: 15790 ns, Total: 70994 ns
[2020-02-27T06:56:14.647+0000][1][safepoint    ] Safepoint "RevokeBias", Time since last: 2504263674 ns, Reaching safepoint: 102285 ns, At safepoint: 19975 ns, Total: 122260 ns
[2020-02-27T06:56:17.150+0000][1][safepoint    ] Safepoint "RevokeBias", Time since last: 2502490431 ns, Reaching safepoint: 194243 ns, At safepoint: 93322 ns, Total: 287565 ns
[2020-02-27T06:56:19.655+0000][1][safepoint    ] Safepoint "RevokeBias", Time since last: 2504528973 ns, Reaching safepoint: 74891 ns, At safepoint: 18811 ns, Total: 93702 ns
[2020-02-27T06:56:22.161+0000][1][safepoint    ] Safepoint "RevokeBias", Time since last: 2505902809 ns, Reaching safepoint: 74604 ns, At safepoint: 18100 ns, Total: 92704 ns
[2020-02-27T06:56:24.666+0000][1][safepoint    ] Safepoint "RevokeBias", Time since last: 2505464637 ns, Reaching safepoint: 72367 ns, At safepoint: 18203 ns, Total: 90570 ns
[2020-02-27T06:56:27.170+0000][1][safepoint    ] Safepoint "RevokeBias", Time since last: 2503922408 ns, Reaching safepoint: 93238 ns, At safepoint: 21530 ns, Total: 114768 ns
[2020-02-27T06:56:29.677+0000][1][safepoint    ] Safepoint "RevokeBias", Time since last: 2506024047 ns, Reaching safepoint: 134367 ns, At safepoint: 23540 ns, Total: 157907 ns
[2020-02-27T06:56:32.183+0000][1][safepoint    ] Safepoint "RevokeBias", Time since last: 2506720063 ns, Reaching safepoint: 75639 ns, At safepoint: 18004 ns, Total: 93643 ns
[2020-02-27T06:56:34.690+0000][1][safepoint    ] Safepoint "RevokeBias", Time since last: 2506241806 ns, Reaching safepoint: 71363 ns, At safepoint: 132852 ns, Total: 204215 ns
[2020-02-27T06:56:37.194+0000][1][safepoint    ] Safepoint "RevokeBias", Time since last: 2503924562 ns, Reaching safepoint: 71951 ns, At safepoint: 17437 ns, Total: 89388 ns
[2020-02-27T06:56:39.702+0000][1][safepoint    ] Safepoint "RevokeBias", Time since last: 2508518619 ns, Reaching safepoint: 93016 ns, At safepoint: 24362 ns, Total: 117378 ns
[2020-02-27T06:56:42.220+0000][1][safepoint    ] Safepoint "RevokeBias", Time since last: 2515652962 ns, Reaching safepoint: 1373111 ns, At safepoint: 40045 ns, Total: 1413156 ns
[2020-02-27T06:56:44.735+0000][1][safepoint    ] Safepoint "RevokeBias", Time since last: 2514996258 ns, Reaching safepoint: 94196 ns, At safepoint: 23105 ns, Total: 117301 ns
[2020-02-27T06:56:47.242+0000][1][safepoint    ] Safepoint "RevokeBias", Time since last: 2507551954 ns, Reaching safepoint: 78193 ns, At safepoint: 19022 ns, Total: 97215 ns
[2020-02-27T06:56:49.760+0000][1][safepoint    ] Safepoint "RevokeBias", Time since last: 2517871029 ns, Reaching safepoint: 72447 ns, At safepoint: 18201 ns, Total: 90648 ns
[2020-02-27T06:56:52.268+0000][1][safepoint    ] Safepoint "RevokeBias", Time since last: 2507543801 ns, Reaching safepoint: 73764 ns, At safepoint: 18361 ns, Total: 92125 ns
[2020-02-27T06:56:54.774+0000][1][safepoint    ] Safepoint "RevokeBias", Time since last: 2506465152 ns, Reaching safepoint: 76163 ns, At safepoint: 18817 ns, Total: 94980 ns
[2020-02-27T06:56:57.277+0000][1][safepoint    ] Safepoint "RevokeBias", Time since last: 2502678548 ns, Reaching safepoint: 88064 ns, At safepoint: 91800 ns, Total: 179864 ns
[2020-02-27T06:56:59.783+0000][1][safepoint    ] Safepoint "RevokeBias", Time since last: 2505100084 ns, Reaching safepoint: 89537 ns, At safepoint: 32677 ns, Total: 122214 ns
[2020-02-27T06:57:02.287+0000][1][safepoint    ] Safepoint "RevokeBias", Time since last: 2504356755 ns, Reaching safepoint: 112591 ns, At safepoint: 28080 ns, Total: 140671 ns
[2020-02-27T06:57:04.794+0000][1][safepoint    ] Safepoint "RevokeBias", Time since last: 2506501233 ns, Reaching safepoint: 72716 ns, At safepoint: 17916 ns, Total: 90632 ns
[2020-02-27T06:57:07.297+0000][1][safepoint    ] Safepoint "BulkRevokeBias", Time since last: 2503197247 ns, Reaching safepoint: 75836 ns, At safepoint: 199495 ns, Total: 275331 ns
[2020-02-27T06:57:09.802+0000][1][safepoint    ] Safepoint "RevokeBias", Time since last: 2504704915 ns, Reaching safepoint: 60091 ns, At safepoint: 17887 ns, Total: 77978 ns
[2020-02-27T06:57:11.807+0000][1][safepoint    ] Safepoint "Cleanup", Time since last: 2004656644 ns, Reaching safepoint: 81881 ns, At safepoint: 7237 ns, Total: 89118 ns
[2020-02-27T06:57:12.308+0000][1][safepoint    ] Safepoint "RevokeBias", Time since last: 501542163 ns, Reaching safepoint: 110973 ns, At safepoint: 23289 ns, Total: 134262 ns
[2020-02-27T06:57:14.813+0000][1][safepoint    ] Safepoint "RevokeBias", Time since last: 2504840007 ns, Reaching safepoint: 274122 ns, At safepoint: 19892 ns, Total: 294014 ns
[2020-02-27T06:57:17.318+0000][1][safepoint    ] Safepoint "RevokeBias", Time since last: 2504794782 ns, Reaching safepoint: 105354 ns, At safepoint: 27121 ns, Total: 132475 ns
[2020-02-27T06:57:19.826+0000][1][safepoint    ] Safepoint "RevokeBias", Time since last: 2507143575 ns, Reaching safepoint: 98577 ns, At safepoint: 34278 ns, Total: 132855 ns
[2020-02-27T06:57:19.999+0000][1][gc,start     ] GC(93) Pause Young (Allocation Failure)
[2020-02-27T06:57:19.999+0000][1][gc,task      ] GC(93) Using 1 workers of 1 for evacuation
[2020-02-27T06:57:20.012+0000][1][gc,age       ] GC(93) Desired survivor size 4358144 bytes, new threshold 6 (max threshold 6)
[2020-02-27T06:57:20.012+0000][1][gc,age       ] GC(93) Age table with threshold 6 (max threshold 6)
[2020-02-27T06:57:20.012+0000][1][gc,age       ] GC(93) - age   1:      15432 bytes,      15432 total
[2020-02-27T06:57:20.012+0000][1][gc,age       ] GC(93) - age   2:        400 bytes,      15832 total
[2020-02-27T06:57:20.012+0000][1][gc,age       ] GC(93) - age   3:        800 bytes,      16632 total
[2020-02-27T06:57:20.012+0000][1][gc,age       ] GC(93) - age   4:        848 bytes,      17480 total
[2020-02-27T06:57:20.012+0000][1][gc,heap      ] GC(93) ParNew: 68173K->25K(76672K)
[2020-02-27T06:57:20.012+0000][1][gc,heap      ] GC(93) CMS: 62502K->62502K(963392K)
[2020-02-27T06:57:20.012+0000][1][gc,metaspace ] GC(93) Metaspace: 80038K->80038K(1122304K)
[2020-02-27T06:57:20.012+0000][1][gc           ] GC(93) Pause Young (Allocation Failure) 127M->61M(1015M) 12.352ms
[2020-02-27T06:57:20.012+0000][1][gc,cpu       ] GC(93) User=0.02s Sys=0.00s Real=0.02s
[2020-02-27T06:57:20.012+0000][1][safepoint    ] Safepoint "GenCollectForAllocation", Time since last: 173686376 ns, Reaching safepoint: 90314 ns, At safepoint: 12420472 ns, Total: 12510786 ns
[2020-02-27T06:57:22.342+0000][1][safepoint    ] Safepoint "RevokeBias", Time since last: 2329806906 ns, Reaching safepoint: 115231 ns, At safepoint: 28130 ns, Total: 143361 ns
[2020-02-27T06:57:24.856+0000][1][safepoint    ] Safepoint "RevokeBias", Time since last: 2514582881 ns, Reaching safepoint: 73055 ns, At safepoint: 17732 ns, Total: 90787 ns
[2020-02-27T06:57:27.376+0000][1][safepoint    ] Safepoint "RevokeBias", Time since last: 2519275364 ns, Reaching safepoint: 138828 ns, At safepoint: 117476 ns, Total: 256304 ns
[2020-02-27T06:57:29.893+0000][1][safepoint    ] Safepoint "RevokeBias", Time since last: 2516471291 ns, Reaching safepoint: 107217 ns, At safepoint: 28498 ns, Total: 135715 ns
[2020-02-27T06:57:32.408+0000][1][safepoint    ] Safepoint "RevokeBias", Time since last: 2515344333 ns, Reaching safepoint: 73160 ns, At safepoint: 17475 ns, Total: 90635 ns
[2020-02-27T06:57:33.408+0000][1][safepoint    ] Safepoint "Cleanup", Time since last: 1000282249 ns, Reaching safepoint: 96800 ns, At safepoint: 8800 ns, Total: 105600 ns
[2020-02-27T06:57:34.921+0000][1][safepoint    ] Safepoint "RevokeBias", Time since last: 1512148596 ns, Reaching safepoint: 83137 ns, At safepoint: 22698 ns, Total: 105835 ns
[2020-02-27T06:57:37.432+0000][1][safepoint    ] Safepoint "RevokeBias", Time since last: 2511178869 ns, Reaching safepoint: 75170 ns, At safepoint: 17004 ns, Total: 92174 ns
[2020-02-27T06:57:39.942+0000][1][safepoint    ] Safepoint "RevokeBias", Time since last: 2509896884 ns, Reaching safepoint: 55080 ns, At safepoint: 16764 ns, Total: 71844 ns
[2020-02-27T06:57:42.448+0000][1][safepoint    ] Safepoint "RevokeBias", Time since last: 2505510057 ns, Reaching safepoint: 74423 ns, At safepoint: 17440 ns, Total: 91863 ns
[2020-02-27T06:57:44.954+0000][1][safepoint    ] Safepoint "RevokeBias", Time since last: 2506250053 ns, Reaching safepoint: 82095 ns, At safepoint: 19610 ns, Total: 101705 ns
[2020-02-27T06:57:47.457+0000][1][safepoint    ] Safepoint "RevokeBias", Time since last: 2503443969 ns, Reaching safepoint: 94355 ns, At safepoint: 24494 ns, Total: 118849 ns
[2020-02-27T06:57:49.971+0000][1][safepoint    ] Safepoint "RevokeBias", Time since last: 2511229273 ns, Reaching safepoint: 2160439 ns, At safepoint: 43845 ns, Total: 2204284 ns
[2020-02-27T06:57:52.475+0000][1][safepoint    ] Safepoint "RevokeBias", Time since last: 2503594799 ns, Reaching safepoint: 190493 ns, At safepoint: 48168 ns, Total: 238661 ns
[2020-02-27T06:57:54.985+0000][1][safepoint    ] Safepoint "RevokeBias", Time since last: 2509786575 ns, Reaching safepoint: 104225 ns, At safepoint: 27140 ns, Total: 131365 ns
[2020-02-27T06:57:57.495+0000][1][safepoint    ] Safepoint "RevokeBias", Time since last: 2509783753 ns, Reaching safepoint: 112861 ns, At safepoint: 29801 ns, Total: 142662 ns
[2020-02-27T06:58:00.002+0000][1][safepoint    ] Safepoint "RevokeBias", Time since last: 2507596271 ns, Reaching safepoint: 172137 ns, At safepoint: 28874 ns, Total: 201011 ns
[2020-02-27T06:58:02.508+0000][1][safepoint    ] Safepoint "RevokeBias", Time since last: 2505990415 ns, Reaching safepoint: 92978 ns, At safepoint: 23754 ns, Total: 116732 ns
[2020-02-27T06:58:05.024+0000][1][safepoint    ] Safepoint "RevokeBias", Time since last: 2515443904 ns, Reaching safepoint: 74225 ns, At safepoint: 119870 ns, Total: 194095 ns
[2020-02-27T06:58:07.540+0000][1][safepoint    ] Safepoint "RevokeBias", Time since last: 2516061423 ns, Reaching safepoint: 94176 ns, At safepoint: 24694 ns, Total: 118870 ns
[2020-02-27T06:58:10.055+0000][1][safepoint    ] Safepoint "RevokeBias", Time since last: 2514545593 ns, Reaching safepoint: 77941 ns, At safepoint: 20109 ns, Total: 98050 ns
[2020-02-27T06:58:12.567+0000][1][safepoint    ] Safepoint "RevokeBias", Time since last: 2512121132 ns, Reaching safepoint: 98485 ns, At safepoint: 24588 ns, Total: 123073 ns
[2020-02-27T06:58:15.078+0000][1][safepoint    ] Safepoint "RevokeBias", Time since last: 2511126079 ns, Reaching safepoint: 81384 ns, At safepoint: 19122 ns, Total: 100506 ns
[2020-02-27T06:58:17.595+0000][1][safepoint    ] Safepoint "RevokeBias", Time since last: 2516348344 ns, Reaching safepoint: 78442 ns, At safepoint: 23716 ns, Total: 102158 ns
[2020-02-27T06:58:20.105+0000][1][safepoint    ] Safepoint "BulkRevokeBias", Time since last: 2509600767 ns, Reaching safepoint: 72325 ns, At safepoint: 290732 ns, Total: 363057 ns
[2020-02-27T06:58:22.126+0000][1][safepoint    ] Safepoint "Cleanup", Time since last: 2020820080 ns, Reaching safepoint: 109391 ns, At safepoint: 8537 ns, Total: 117928 ns
[2020-02-27T06:58:22.616+0000][1][safepoint    ] Safepoint "RevokeBias", Time since last: 489584829 ns, Reaching safepoint: 90605 ns, At safepoint: 471826 ns, Total: 562431 ns
[2020-02-27T06:58:25.122+0000][1][safepoint    ] Safepoint "RevokeBias", Time since last: 2506083635 ns, Reaching safepoint: 73551 ns, At safepoint: 18438 ns, Total: 91989 ns
[2020-02-27T06:58:27.625+0000][1][safepoint    ] Safepoint "RevokeBias", Time since last: 2503215876 ns, Reaching safepoint: 75204 ns, At safepoint: 17255 ns, Total: 92459 ns
[2020-02-27T06:58:30.139+0000][1][safepoint    ] Safepoint "RevokeBias", Time since last: 2513887258 ns, Reaching safepoint: 74291 ns, At safepoint: 17655 ns, Total: 91946 ns
[2020-02-27T06:58:32.662+0000][1][safepoint    ] Safepoint "RevokeBias", Time since last: 2522230563 ns, Reaching safepoint: 91837 ns, At safepoint: 21294 ns, Total: 113131 ns
[2020-02-27T06:58:35.167+0000][1][safepoint    ] Safepoint "RevokeBias", Time since last: 2504869525 ns, Reaching safepoint: 114030 ns, At safepoint: 29149 ns, Total: 143179 ns
[2020-02-27T06:58:37.686+0000][1][safepoint    ] Safepoint "RevokeBias", Time since last: 2519631051 ns, Reaching safepoint: 73618 ns, At safepoint: 17722 ns, Total: 91340 ns
[2020-02-27T06:58:40.194+0000][1][safepoint    ] Safepoint "RevokeBias", Time since last: 2507366168 ns, Reaching safepoint: 106233 ns, At safepoint: 22610 ns, Total: 128843 ns
[2020-02-27T06:58:42.705+0000][1][safepoint    ] Safepoint "RevokeBias", Time since last: 2510691670 ns, Reaching safepoint: 135544 ns, At safepoint: 20089 ns, Total: 155633 ns
[2020-02-27T06:58:45.218+0000][1][safepoint    ] Safepoint "RevokeBias", Time since last: 2512838191 ns, Reaching safepoint: 121429 ns, At safepoint: 19262 ns, Total: 140691 ns
[2020-02-27T06:58:47.731+0000][1][safepoint    ] Safepoint "RevokeBias", Time since last: 2512816868 ns, Reaching safepoint: 101559 ns, At safepoint: 20444 ns, Total: 122003 ns
[2020-02-27T06:58:50.271+0000][1][safepoint    ] Safepoint "RevokeBias", Time since last: 2539086989 ns, Reaching safepoint: 1677336 ns, At safepoint: 28065 ns, Total: 1705401 ns
[2020-02-27T06:58:52.778+0000][1][safepoint    ] Safepoint "RevokeBias", Time since last: 2505951997 ns, Reaching safepoint: 92865 ns, At safepoint: 20391 ns, Total: 113256 ns
[2020-02-27T06:58:55.283+0000][1][safepoint    ] Safepoint "RevokeBias", Time since last: 2505651577 ns, Reaching safepoint: 74599 ns, At safepoint: 19455 ns, Total: 94054 ns
[2020-02-27T06:58:57.786+0000][1][safepoint    ] Safepoint "RevokeBias", Time since last: 2503004478 ns, Reaching safepoint: 101938 ns, At safepoint: 19433 ns, Total: 121371 ns
[2020-02-27T06:59:00.299+0000][1][safepoint    ] Safepoint "RevokeBias", Time since last: 2512769562 ns, Reaching safepoint: 92695 ns, At safepoint: 24324 ns, Total: 117019 ns
[2020-02-27T06:59:02.814+0000][1][safepoint    ] Safepoint "RevokeBias", Time since last: 2514781789 ns, Reaching safepoint: 72797 ns, At safepoint: 17289 ns, Total: 90086 ns
[2020-02-27T06:59:05.327+0000][1][safepoint    ] Safepoint "RevokeBias", Time since last: 2512951926 ns, Reaching safepoint: 74398 ns, At safepoint: 18704 ns, Total: 93102 ns
[2020-02-27T06:59:07.839+0000][1][safepoint    ] Safepoint "RevokeBias", Time since last: 2511442906 ns, Reaching safepoint: 139623 ns, At safepoint: 80364 ns, Total: 219987 ns
[2020-02-27T06:59:10.353+0000][1][safepoint    ] Safepoint "RevokeBias", Time since last: 2513527897 ns, Reaching safepoint: 96797 ns, At safepoint: 33949 ns, Total: 130746 ns
[2020-02-27T06:59:12.869+0000][1][safepoint    ] Safepoint "RevokeBias", Time since last: 2516628508 ns, Reaching safepoint: 73296 ns, At safepoint: 17497 ns, Total: 90793 ns
[2020-02-27T06:59:15.385+0000][1][safepoint    ] Safepoint "RevokeBias", Time since last: 2516047481 ns, Reaching safepoint: 56497 ns, At safepoint: 126941 ns, Total: 183438 ns
[2020-02-27T06:59:17.894+0000][1][safepoint    ] Safepoint "RevokeBias", Time since last: 2508533969 ns, Reaching safepoint: 93947 ns, At safepoint: 26286 ns, Total: 120233 ns
[2020-02-27T06:59:20.402+0000][1][safepoint    ] Safepoint "RevokeBias", Time since last: 2507367063 ns, Reaching safepoint: 86656 ns, At safepoint: 19078 ns, Total: 105734 ns
[2020-02-27T06:59:22.908+0000][1][safepoint    ] Safepoint "RevokeBias", Time since last: 2506432063 ns, Reaching safepoint: 90517 ns, At safepoint: 21856 ns, Total: 112373 ns
[2020-02-27T06:59:25.417+0000][1][safepoint    ] Safepoint "RevokeBias", Time since last: 2509031705 ns, Reaching safepoint: 102817 ns, At safepoint: 29974 ns, Total: 132791 ns
[2020-02-27T06:59:27.922+0000][1][safepoint    ] Safepoint "RevokeBias", Time since last: 2504639561 ns, Reaching safepoint: 74554 ns, At safepoint: 18099 ns, Total: 92653 ns
[2020-02-27T06:59:30.430+0000][1][safepoint    ] Safepoint "RevokeBias", Time since last: 2507266741 ns, Reaching safepoint: 229079 ns, At safepoint: 26922 ns, Total: 256001 ns
[2020-02-27T06:59:32.733+0000][1][safepoint    ] Safepoint "Cleanup", Time since last: 2303268895 ns, Reaching safepoint: 84048 ns, At safepoint: 8589 ns, Total: 92637 ns
[2020-02-27T06:59:32.938+0000][1][safepoint    ] Safepoint "BulkRevokeBias", Time since last: 204174065 ns, Reaching safepoint: 205063 ns, At safepoint: 464813 ns, Total: 669876 ns
[2020-02-27T06:59:35.443+0000][1][safepoint    ] Safepoint "RevokeBias", Time since last: 2505451931 ns, Reaching safepoint: 116350 ns, At safepoint: 40875 ns, Total: 157225 ns
[2020-02-27T06:59:36.732+0000][1][gc,start     ] GC(94) Pause Young (Allocation Failure)
[2020-02-27T06:59:36.732+0000][1][gc,task      ] GC(94) Using 1 workers of 1 for evacuation
[2020-02-27T06:59:36.747+0000][1][gc,age       ] GC(94) Desired survivor size 4358144 bytes, new threshold 6 (max threshold 6)
[2020-02-27T06:59:36.747+0000][1][gc,age       ] GC(94) Age table with threshold 6 (max threshold 6)
[2020-02-27T06:59:36.747+0000][1][gc,age       ] GC(94) - age   1:      11840 bytes,      11840 total
[2020-02-27T06:59:36.747+0000][1][gc,age       ] GC(94) - age   2:        984 bytes,      12824 total
[2020-02-27T06:59:36.747+0000][1][gc,age       ] GC(94) - age   3:        400 bytes,      13224 total
[2020-02-27T06:59:36.747+0000][1][gc,age       ] GC(94) - age   4:        800 bytes,      14024 total
[2020-02-27T06:59:36.747+0000][1][gc,age       ] GC(94) - age   5:        848 bytes,      14872 total
[2020-02-27T06:59:36.747+0000][1][gc,heap      ] GC(94) ParNew: 68185K->15K(76672K)
[2020-02-27T06:59:36.747+0000][1][gc,heap      ] GC(94) CMS: 62502K->62502K(963392K)
[2020-02-27T06:59:36.747+0000][1][gc,metaspace ] GC(94) Metaspace: 80039K->80039K(1122304K)
[2020-02-27T06:59:36.747+0000][1][gc           ] GC(94) Pause Young (Allocation Failure) 127M->61M(1015M) 15.234ms
[2020-02-27T06:59:36.748+0000][1][gc,cpu       ] GC(94) User=0.01s Sys=0.00s Real=0.01s
[2020-02-27T06:59:36.748+0000][1][safepoint    ] Safepoint "GenCollectForAllocation", Time since last: 1288730902 ns, Reaching safepoint: 110022 ns, At safepoint: 15300816 ns, Total: 15410838 ns
[2020-02-27T06:59:37.947+0000][1][safepoint    ] Safepoint "RevokeBias", Time since last: 1199356608 ns, Reaching safepoint: 193000 ns, At safepoint: 19405 ns, Total: 212405 ns
[2020-02-27T06:59:40.449+0000][1][safepoint    ] Safepoint "RevokeBias", Time since last: 2502201056 ns, Reaching safepoint: 74032 ns, At safepoint: 64023 ns, Total: 138055 ns
[2020-02-27T06:59:42.954+0000][1][safepoint    ] Safepoint "RevokeBias", Time since last: 2504543327 ns, Reaching safepoint: 72537 ns, At safepoint: 18336 ns, Total: 90873 ns
[2020-02-27T06:59:45.461+0000][1][safepoint    ] Safepoint "RevokeBias", Time since last: 2507023367 ns, Reaching safepoint: 74238 ns, At safepoint: 17708 ns, Total: 91946 ns
[2020-02-27T06:59:47.981+0000][1][safepoint    ] Safepoint "RevokeBias", Time since last: 2520200749 ns, Reaching safepoint: 72588 ns, At safepoint: 21579 ns, Total: 94167 ns
[2020-02-27T06:59:50.509+0000][1][safepoint    ] Safepoint "RevokeBias", Time since last: 2527286538 ns, Reaching safepoint: 80776 ns, At safepoint: 22553 ns, Total: 103329 ns
[2020-02-27T06:59:53.022+0000][1][safepoint    ] Safepoint "RevokeBias", Time since last: 2512860883 ns, Reaching safepoint: 93462 ns, At safepoint: 18170 ns, Total: 111632 ns
[2020-02-27T06:59:55.541+0000][1][safepoint    ] Safepoint "RevokeBias", Time since last: 2519433525 ns, Reaching safepoint: 91448 ns, At safepoint: 21198 ns, Total: 112646 ns
[2020-02-27T06:59:57.543+0000][1][safepoint    ] Safepoint "Cleanup", Time since last: 2001435950 ns, Reaching safepoint: 112165 ns, At safepoint: 11182 ns, Total: 123347 ns
[2020-02-27T06:59:58.049+0000][1][safepoint    ] Safepoint "RevokeBias", Time since last: 505966298 ns, Reaching safepoint: 75477 ns, At safepoint: 17687 ns, Total: 93164 ns
[2020-02-27T07:00:00.555+0000][1][safepoint    ] Safepoint "RevokeBias", Time since last: 2505529527 ns, Reaching safepoint: 70764 ns, At safepoint: 16987 ns, Total: 87751 ns
[2020-02-27T07:00:03.060+0000][1][safepoint    ] Safepoint "RevokeBias", Time since last: 2504941451 ns, Reaching safepoint: 89649 ns, At safepoint: 18214 ns, Total: 107863 ns
[2020-02-27T07:00:05.569+0000][1][safepoint    ] Safepoint "RevokeBias", Time since last: 2509134833 ns, Reaching safepoint: 94937 ns, At safepoint: 27009 ns, Total: 121946 ns
[2020-02-27T07:00:07.571+0000][1][safepoint    ] Safepoint "Cleanup", Time since last: 2001373375 ns, Reaching safepoint: 179732 ns, At safepoint: 15923 ns, Total: 195655 ns
[2020-02-27T07:00:08.073+0000][1][safepoint    ] Safepoint "RevokeBias", Time since last: 502336366 ns, Reaching safepoint: 133011 ns, At safepoint: 20317 ns, Total: 153328 ns
[2020-02-27T07:00:10.577+0000][1][safepoint    ] Safepoint "RevokeBias", Time since last: 2503909104 ns, Reaching safepoint: 74240 ns, At safepoint: 17464 ns, Total: 91704 ns
[2020-02-27T07:00:13.086+0000][1][safepoint    ] Safepoint "RevokeBias", Time since last: 2507380831 ns, Reaching safepoint: 1352458 ns, At safepoint: 35551 ns, Total: 1388009 ns
[2020-02-27T07:00:15.592+0000][1][safepoint    ] Safepoint "RevokeBias", Time since last: 2505907045 ns, Reaching safepoint: 71669 ns, At safepoint: 17734 ns, Total: 89403 ns
[2020-02-27T07:00:18.096+0000][1][safepoint    ] Safepoint "RevokeBias", Time since last: 2503691656 ns, Reaching safepoint: 74857 ns, At safepoint: 18564 ns, Total: 93421 ns
[2020-02-27T07:00:20.616+0000][1][safepoint    ] Safepoint "RevokeBias", Time since last: 2520720660 ns, Reaching safepoint: 76623 ns, At safepoint: 20225 ns, Total: 96848 ns
[2020-02-27T07:00:22.618+0000][1][safepoint    ] Safepoint "Cleanup", Time since last: 2001605593 ns, Reaching safepoint: 154615 ns, At safepoint: 31533 ns, Total: 186148 ns
[2020-02-27T07:00:23.128+0000][1][safepoint    ] Safepoint "RevokeBias", Time since last: 509515348 ns, Reaching safepoint: 78453 ns, At safepoint: 19158 ns, Total: 97611 ns
[2020-02-27T07:00:25.643+0000][1][safepoint    ] Safepoint "RevokeBias", Time since last: 2515081690 ns, Reaching safepoint: 78604 ns, At safepoint: 18719 ns, Total: 97323 ns
[2020-02-27T07:00:27.644+0000][1][safepoint    ] Safepoint "Cleanup", Time since last: 2001038141 ns, Reaching safepoint: 95907 ns, At safepoint: 7849 ns, Total: 103756 ns
[2020-02-27T07:00:28.152+0000][1][safepoint    ] Safepoint "RevokeBias", Time since last: 507775462 ns, Reaching safepoint: 70489 ns, At safepoint: 17778 ns, Total: 88267 ns
[2020-02-27T07:00:30.675+0000][1][safepoint    ] Safepoint "RevokeBias", Time since last: 2522925280 ns, Reaching safepoint: 102263 ns, At safepoint: 28108 ns, Total: 130371 ns
[2020-02-27T07:00:31.675+0000][1][safepoint    ] Safepoint "Cleanup", Time since last: 1000245553 ns, Reaching safepoint: 137075 ns, At safepoint: 12807 ns, Total: 149882 ns
[2020-02-27T07:00:33.189+0000][1][safepoint    ] Safepoint "RevokeBias", Time since last: 1513643695 ns, Reaching safepoint: 97148 ns, At safepoint: 24856 ns, Total: 122004 ns
[2020-02-27T07:00:35.693+0000][1][safepoint    ] Safepoint "RevokeBias", Time since last: 2503836382 ns, Reaching safepoint: 91332 ns, At safepoint: 23678 ns, Total: 115010 ns
[2020-02-27T07:00:38.198+0000][1][safepoint    ] Safepoint "RevokeBias", Time since last: 2504335026 ns, Reaching safepoint: 78332 ns, At safepoint: 18946 ns, Total: 97278 ns
[2020-02-27T07:00:40.703+0000][1][safepoint    ] Safepoint "RevokeBias", Time since last: 2505398439 ns, Reaching safepoint: 147956 ns, At safepoint: 43070 ns, Total: 191026 ns
[2020-02-27T07:00:43.209+0000][1][safepoint    ] Safepoint "RevokeBias", Time since last: 2505917072 ns, Reaching safepoint: 72328 ns, At safepoint: 17893 ns, Total: 90221 ns
[2020-02-27T07:00:45.716+0000][1][safepoint    ] Safepoint "BulkRevokeBias", Time since last: 2506237714 ns, Reaching safepoint: 95059 ns, At safepoint: 332032 ns, Total: 427091 ns
[2020-02-27T07:00:48.221+0000][1][safepoint    ] Safepoint "RevokeBias", Time since last: 2504571928 ns, Reaching safepoint: 74450 ns, At safepoint: 42289 ns, Total: 116739 ns
[2020-02-27T07:00:50.222+0000][1][safepoint    ] Safepoint "Cleanup", Time since last: 2000910221 ns, Reaching safepoint: 86301 ns, At safepoint: 8964 ns, Total: 95265 ns
[2020-02-27T07:00:50.733+0000][1][safepoint    ] Safepoint "RevokeBias", Time since last: 511308074 ns, Reaching safepoint: 55186 ns, At safepoint: 15712 ns, Total: 70898 ns
[2020-02-27T07:00:51.734+0000][1][safepoint    ] Safepoint "Cleanup", Time since last: 1001390653 ns, Reaching safepoint: 106173 ns, At safepoint: 10328 ns, Total: 116501 ns
[2020-02-27T07:00:53.241+0000][1][safepoint    ] Safepoint "RevokeBias", Time since last: 1506097511 ns, Reaching safepoint: 76534 ns, At safepoint: 19117 ns, Total: 95651 ns
[2020-02-27T07:00:55.743+0000][1][safepoint    ] Safepoint "RevokeBias", Time since last: 2502110163 ns, Reaching safepoint: 72991 ns, At safepoint: 68253 ns, Total: 141244 ns
[2020-02-27T07:00:58.246+0000][1][safepoint    ] Safepoint "RevokeBias", Time since last: 2503054421 ns, Reaching safepoint: 75292 ns, At safepoint: 17514 ns, Total: 92806 ns
[2020-02-27T07:01:00.750+0000][1][safepoint    ] Safepoint "RevokeBias", Time since last: 2503532600 ns, Reaching safepoint: 100601 ns, At safepoint: 20758 ns, Total: 121359 ns
[2020-02-27T07:01:03.267+0000][1][safepoint    ] Safepoint "RevokeBias", Time since last: 2516778700 ns, Reaching safepoint: 89910 ns, At safepoint: 20429 ns, Total: 110339 ns
[2020-02-27T07:01:05.776+0000][1][safepoint    ] Safepoint "RevokeBias", Time since last: 2509626896 ns, Reaching safepoint: 108475 ns, At safepoint: 27102 ns, Total: 135577 ns
[2020-02-27T07:01:08.291+0000][1][safepoint    ] Safepoint "RevokeBias", Time since last: 2514184940 ns, Reaching safepoint: 78622 ns, At safepoint: 18331 ns, Total: 96953 ns
[2020-02-27T07:01:10.800+0000][1][safepoint    ] Safepoint "RevokeBias", Time since last: 2509280465 ns, Reaching safepoint: 74677 ns, At safepoint: 18155 ns, Total: 92832 ns
[2020-02-27T07:01:13.314+0000][1][safepoint    ] Safepoint "RevokeBias", Time since last: 2514259408 ns, Reaching safepoint: 93720 ns, At safepoint: 34565 ns, Total: 128285 ns
[2020-02-27T07:01:15.828+0000][1][safepoint    ] Safepoint "RevokeBias", Time since last: 2513221245 ns, Reaching safepoint: 135273 ns, At safepoint: 41243 ns, Total: 176516 ns
[2020-02-27T07:01:18.335+0000][1][safepoint    ] Safepoint "RevokeBias", Time since last: 2506619859 ns, Reaching safepoint: 151380 ns, At safepoint: 70699 ns, Total: 222079 ns
[2020-02-27T07:01:20.840+0000][1][safepoint    ] Safepoint "RevokeBias", Time since last: 2505654621 ns, Reaching safepoint: 97471 ns, At safepoint: 25795 ns, Total: 123266 ns
[2020-02-27T07:01:23.347+0000][1][safepoint    ] Safepoint "RevokeBias", Time since last: 2506806397 ns, Reaching safepoint: 119437 ns, At safepoint: 21093 ns, Total: 140530 ns
[2020-02-27T07:01:25.851+0000][1][safepoint    ] Safepoint "RevokeBias", Time since last: 2503719991 ns, Reaching safepoint: 74950 ns, At safepoint: 18479 ns, Total: 93429 ns
[2020-02-27T07:01:28.354+0000][1][safepoint    ] Safepoint "RevokeBias", Time since last: 2502967007 ns, Reaching safepoint: 86872 ns, At safepoint: 20492 ns, Total: 107364 ns
[2020-02-27T07:01:30.857+0000][1][safepoint    ] Safepoint "RevokeBias", Time since last: 2502790033 ns, Reaching safepoint: 72399 ns, At safepoint: 17820 ns, Total: 90219 ns
[2020-02-27T07:01:33.362+0000][1][safepoint    ] Safepoint "RevokeBias", Time since last: 2504584532 ns, Reaching safepoint: 135269 ns, At safepoint: 51571 ns, Total: 186840 ns
[2020-02-27T07:01:35.866+0000][1][safepoint    ] Safepoint "RevokeBias", Time since last: 2503527121 ns, Reaching safepoint: 125142 ns, At safepoint: 72902 ns, Total: 198044 ns
[2020-02-27T07:01:38.370+0000][1][safepoint    ] Safepoint "RevokeBias", Time since last: 2504082351 ns, Reaching safepoint: 96735 ns, At safepoint: 24236 ns, Total: 120971 ns
[2020-02-27T07:01:40.874+0000][1][safepoint    ] Safepoint "RevokeBias", Time since last: 2504308948 ns, Reaching safepoint: 72911 ns, At safepoint: 18098 ns, Total: 91009 ns
[2020-02-27T07:01:43.382+0000][1][safepoint    ] Safepoint "RevokeBias", Time since last: 2507649043 ns, Reaching safepoint: 93596 ns, At safepoint: 23998 ns, Total: 117594 ns
[2020-02-27T07:01:45.885+0000][1][safepoint    ] Safepoint "RevokeBias", Time since last: 2503293299 ns, Reaching safepoint: 94071 ns, At safepoint: 25108 ns, Total: 119179 ns
[2020-02-27T07:01:48.390+0000][1][safepoint    ] Safepoint "RevokeBias", Time since last: 2504965085 ns, Reaching safepoint: 100196 ns, At safepoint: 28710 ns, Total: 128906 ns
[2020-02-27T07:01:50.904+0000][1][safepoint    ] Safepoint "RevokeBias", Time since last: 2513463426 ns, Reaching safepoint: 76039 ns, At safepoint: 22077 ns, Total: 98116 ns
[2020-02-27T07:01:52.167+0000][1][gc,start     ] GC(95) Pause Young (Allocation Failure)
[2020-02-27T07:01:52.167+0000][1][gc,task      ] GC(95) Using 1 workers of 1 for evacuation
[2020-02-27T07:01:52.179+0000][1][gc,age       ] GC(95) Desired survivor size 4358144 bytes, new threshold 6 (max threshold 6)
[2020-02-27T07:01:52.179+0000][1][gc,age       ] GC(95) Age table with threshold 6 (max threshold 6)
[2020-02-27T07:01:52.179+0000][1][gc,age       ] GC(95) - age   1:      11952 bytes,      11952 total
[2020-02-27T07:01:52.179+0000][1][gc,age       ] GC(95) - age   3:        984 bytes,      12936 total
[2020-02-27T07:01:52.179+0000][1][gc,age       ] GC(95) - age   4:        400 bytes,      13336 total
[2020-02-27T07:01:52.179+0000][1][gc,age       ] GC(95) - age   5:        568 bytes,      13904 total
[2020-02-27T07:01:52.179+0000][1][gc,age       ] GC(95) - age   6:        848 bytes,      14752 total
[2020-02-27T07:01:52.179+0000][1][gc,heap      ] GC(95) ParNew: 68175K->14K(76672K)
[2020-02-27T07:01:52.179+0000][1][gc,heap      ] GC(95) CMS: 62502K->62502K(963392K)
[2020-02-27T07:01:52.179+0000][1][gc,metaspace ] GC(95) Metaspace: 80046K->80046K(1122304K)
[2020-02-27T07:01:52.179+0000][1][gc           ] GC(95) Pause Young (Allocation Failure) 127M->61M(1015M) 12.278ms
[2020-02-27T07:01:52.179+0000][1][gc,cpu       ] GC(95) User=0.02s Sys=0.00s Real=0.01s
[2020-02-27T07:01:52.179+0000][1][safepoint    ] Safepoint "GenCollectForAllocation", Time since last: 1262783132 ns, Reaching safepoint: 92700 ns, At safepoint: 12506681 ns, Total: 12599381 ns
[2020-02-27T07:01:53.417+0000][1][safepoint    ] Safepoint "RevokeBias", Time since last: 1237099856 ns, Reaching safepoint: 96118 ns, At safepoint: 25470 ns, Total: 121588 ns
[2020-02-27T07:01:55.933+0000][1][safepoint    ] Safepoint "RevokeBias", Time since last: 2516761054 ns, Reaching safepoint: 73304 ns, At safepoint: 17882 ns, Total: 91186 ns
[2020-02-27T07:01:58.442+0000][1][safepoint    ] Safepoint "BulkRevokeBias", Time since last: 2507667984 ns, Reaching safepoint: 127338 ns, At safepoint: 475824 ns, Total: 603162 ns
[2020-02-27T07:02:00.954+0000][1][safepoint    ] Safepoint "RevokeBias", Time since last: 2511743159 ns, Reaching safepoint: 72929 ns, At safepoint: 18086 ns, Total: 91015 ns
[2020-02-27T07:02:03.480+0000][1][safepoint    ] Safepoint "RevokeBias", Time since last: 2526354604 ns, Reaching safepoint: 94514 ns, At safepoint: 20800 ns, Total: 115314 ns
[2020-02-27T07:02:05.995+0000][1][safepoint    ] Safepoint "RevokeBias", Time since last: 2514614751 ns, Reaching safepoint: 73755 ns, At safepoint: 17243 ns, Total: 90998 ns
[2020-02-27T07:02:08.502+0000][1][safepoint    ] Safepoint "RevokeBias", Time since last: 2507645227 ns, Reaching safepoint: 91642 ns, At safepoint: 22289 ns, Total: 113931 ns
[2020-02-27T07:02:11.011+0000][1][safepoint    ] Safepoint "RevokeBias", Time since last: 2507957924 ns, Reaching safepoint: 93546 ns, At safepoint: 23327 ns, Total: 116873 ns
[2020-02-27T07:02:13.578+0000][1][safepoint    ] Safepoint "RevokeBias", Time since last: 2567157064 ns, Reaching safepoint: 133176 ns, At safepoint: 36202 ns, Total: 169378 ns
[2020-02-27T07:02:16.084+0000][1][safepoint    ] Safepoint "RevokeBias", Time since last: 2505475101 ns, Reaching safepoint: 101753 ns, At safepoint: 27235 ns, Total: 128988 ns
[2020-02-27T07:02:18.587+0000][1][safepoint    ] Safepoint "RevokeBias", Time since last: 2503086458 ns, Reaching safepoint: 156273 ns, At safepoint: 29610 ns, Total: 185883 ns
[2020-02-27T07:02:21.092+0000][1][safepoint    ] Safepoint "RevokeBias", Time since last: 2504667527 ns, Reaching safepoint: 157666 ns, At safepoint: 150496 ns, Total: 308162 ns
[2020-02-27T07:02:23.603+0000][1][safepoint    ] Safepoint "RevokeBias", Time since last: 2511094904 ns, Reaching safepoint: 103318 ns, At safepoint: 28554 ns, Total: 131872 ns
[2020-02-27T07:02:26.109+0000][1][safepoint    ] Safepoint "RevokeBias", Time since last: 2505487176 ns, Reaching safepoint: 66227 ns, At safepoint: 19813 ns, Total: 86040 ns
[2020-02-27T07:02:28.612+0000][1][safepoint    ] Safepoint "RevokeBias", Time since last: 2503502852 ns, Reaching safepoint: 129442 ns, At safepoint: 50156 ns, Total: 179598 ns
[2020-02-27T07:02:31.118+0000][1][safepoint    ] Safepoint "RevokeBias", Time since last: 2505377090 ns, Reaching safepoint: 74520 ns, At safepoint: 23753 ns, Total: 98273 ns
[2020-02-27T07:02:33.623+0000][1][safepoint    ] Safepoint "RevokeBias", Time since last: 2505266970 ns, Reaching safepoint: 94420 ns, At safepoint: 24448 ns, Total: 118868 ns
[2020-02-27T07:02:36.130+0000][1][safepoint    ] Safepoint "RevokeBias", Time since last: 2507190202 ns, Reaching safepoint: 163182 ns, At safepoint: 35097 ns, Total: 198279 ns
[2020-02-27T07:02:38.640+0000][1][safepoint    ] Safepoint "RevokeBias", Time since last: 2509590242 ns, Reaching safepoint: 106679 ns, At safepoint: 27527 ns, Total: 134206 ns
[2020-02-27T07:02:41.149+0000][1][safepoint    ] Safepoint "RevokeBias", Time since last: 2508803182 ns, Reaching safepoint: 148975 ns, At safepoint: 26704 ns, Total: 175679 ns
[2020-02-27T07:02:43.664+0000][1][safepoint    ] Safepoint "RevokeBias", Time since last: 2514912939 ns, Reaching safepoint: 89699 ns, At safepoint: 20965 ns, Total: 110664 ns
[2020-02-27T07:02:46.175+0000][1][safepoint    ] Safepoint "RevokeBias", Time since last: 2510215154 ns, Reaching safepoint: 91455 ns, At safepoint: 20637 ns, Total: 112092 ns
[2020-02-27T07:02:48.685+0000][1][safepoint    ] Safepoint "RevokeBias", Time since last: 2510626774 ns, Reaching safepoint: 71637 ns, At safepoint: 17600 ns, Total: 89237 ns
[2020-02-27T07:02:51.198+0000][1][safepoint    ] Safepoint "RevokeBias", Time since last: 2512862390 ns, Reaching safepoint: 74400 ns, At safepoint: 17795 ns, Total: 92195 ns
[2020-02-27T07:02:53.704+0000][1][safepoint    ] Safepoint "RevokeBias", Time since last: 2505368931 ns, Reaching safepoint: 153737 ns, At safepoint: 38683 ns, Total: 192420 ns
[2020-02-27T07:02:56.210+0000][1][safepoint    ] Safepoint "RevokeBias", Time since last: 2505836007 ns, Reaching safepoint: 73899 ns, At safepoint: 44446 ns, Total: 118345 ns
[2020-02-27T07:02:58.721+0000][1][safepoint    ] Safepoint "RevokeBias", Time since last: 2511397680 ns, Reaching safepoint: 90966 ns, At safepoint: 22649 ns, Total: 113615 ns
[2020-02-27T07:03:01.225+0000][1][safepoint    ] Safepoint "RevokeBias", Time since last: 2503810504 ns, Reaching safepoint: 76708 ns, At safepoint: 18830 ns, Total: 95538 ns
[2020-02-27T07:03:03.731+0000][1][safepoint    ] Safepoint "RevokeBias", Time since last: 2505493830 ns, Reaching safepoint: 73701 ns, At safepoint: 17836 ns, Total: 91537 ns
[2020-02-27T07:03:06.234+0000][1][safepoint    ] Safepoint "RevokeBias", Time since last: 2503633544 ns, Reaching safepoint: 70011 ns, At safepoint: 18065 ns, Total: 88076 ns
[2020-02-27T07:03:08.738+0000][1][safepoint    ] Safepoint "RevokeBias", Time since last: 2503027739 ns, Reaching safepoint: 73932 ns, At safepoint: 17718 ns, Total: 91650 ns
[2020-02-27T07:03:11.247+0000][1][safepoint    ] Safepoint "BulkRevokeBias", Time since last: 2509416119 ns, Reaching safepoint: 73991 ns, At safepoint: 272319 ns, Total: 346310 ns
[2020-02-27T07:03:13.754+0000][1][safepoint    ] Safepoint "RevokeBias", Time since last: 2506433379 ns, Reaching safepoint: 108760 ns, At safepoint: 26957 ns, Total: 135717 ns
[2020-02-27T07:03:16.265+0000][1][safepoint    ] Safepoint "RevokeBias", Time since last: 2511263199 ns, Reaching safepoint: 76433 ns, At safepoint: 18276 ns, Total: 94709 ns
[2020-02-27T07:03:18.778+0000][1][safepoint    ] Safepoint "RevokeBias", Time since last: 2512718208 ns, Reaching safepoint: 118214 ns, At safepoint: 29526 ns, Total: 147740 ns
[2020-02-27T07:03:21.295+0000][1][safepoint    ] Safepoint "RevokeBias", Time since last: 2517190780 ns, Reaching safepoint: 55853 ns, At safepoint: 16202 ns, Total: 72055 ns
[2020-02-27T07:03:23.806+0000][1][safepoint    ] Safepoint "RevokeBias", Time since last: 2510181032 ns, Reaching safepoint: 98716 ns, At safepoint: 23962 ns, Total: 122678 ns
[2020-02-27T07:03:26.323+0000][1][safepoint    ] Safepoint "RevokeBias", Time since last: 2517284418 ns, Reaching safepoint: 76169 ns, At safepoint: 19616 ns, Total: 95785 ns
[2020-02-27T07:03:28.831+0000][1][safepoint    ] Safepoint "RevokeBias", Time since last: 2507760873 ns, Reaching safepoint: 106174 ns, At safepoint: 23046 ns, Total: 129220 ns
[2020-02-27T07:03:31.457+0000][1][safepoint    ] Safepoint "RevokeBias", Time since last: 2625830584 ns, Reaching safepoint: 158193 ns, At safepoint: 23577 ns, Total: 181770 ns
[2020-02-27T07:03:34.040+0000][1][safepoint    ] Safepoint "RevokeBias", Time since last: 2583106044 ns, Reaching safepoint: 102845 ns, At safepoint: 38120 ns, Total: 140965 ns
[2020-02-27T07:03:36.546+0000][1][safepoint    ] Safepoint "RevokeBias", Time since last: 2506026300 ns, Reaching safepoint: 72221 ns, At safepoint: 17733 ns, Total: 89954 ns
[2020-02-27T07:03:39.049+0000][1][safepoint    ] Safepoint "RevokeBias", Time since last: 2502548210 ns, Reaching safepoint: 88930 ns, At safepoint: 20350 ns, Total: 109280 ns
[2020-02-27T07:03:41.553+0000][1][safepoint    ] Safepoint "RevokeBias", Time since last: 2504298102 ns, Reaching safepoint: 77246 ns, At safepoint: 18431 ns, Total: 95677 ns
[2020-02-27T07:03:42.554+0000][1][safepoint    ] Safepoint "Cleanup", Time since last: 1000588454 ns, Reaching safepoint: 82773 ns, At safepoint: 8107 ns, Total: 90880 ns
[2020-02-27T07:03:44.067+0000][1][safepoint    ] Safepoint "RevokeBias", Time since last: 1512385453 ns, Reaching safepoint: 103619 ns, At safepoint: 36981 ns, Total: 140600 ns
[2020-02-27T07:03:46.579+0000][1][safepoint    ] Safepoint "RevokeBias", Time since last: 2512298297 ns, Reaching safepoint: 210615 ns, At safepoint: 83870 ns, Total: 294485 ns
[2020-02-27T07:03:49.087+0000][1][safepoint    ] Safepoint "RevokeBias", Time since last: 2507657889 ns, Reaching safepoint: 101427 ns, At safepoint: 29728 ns, Total: 131155 ns
[2020-02-27T07:03:51.593+0000][1][safepoint    ] Safepoint "RevokeBias", Time since last: 2505480491 ns, Reaching safepoint: 70246 ns, At safepoint: 18055 ns, Total: 88301 ns
[2020-02-27T07:03:54.097+0000][1][safepoint    ] Safepoint "RevokeBias", Time since last: 2504513531 ns, Reaching safepoint: 120481 ns, At safepoint: 29954 ns, Total: 150435 ns
[2020-02-27T07:03:56.602+0000][1][safepoint    ] Safepoint "RevokeBias", Time since last: 2505059034 ns, Reaching safepoint: 73795 ns, At safepoint: 17656 ns, Total: 91451 ns
[2020-02-27T07:03:59.110+0000][1][safepoint    ] Safepoint "RevokeBias", Time since last: 2506855915 ns, Reaching safepoint: 849819 ns, At safepoint: 120297 ns, Total: 970116 ns
[2020-02-27T07:04:01.627+0000][1][safepoint    ] Safepoint "RevokeBias", Time since last: 2516347075 ns, Reaching safepoint: 71606 ns, At safepoint: 17024 ns, Total: 88630 ns
[2020-02-27T07:04:04.137+0000][1][safepoint    ] Safepoint "RevokeBias", Time since last: 2510606402 ns, Reaching safepoint: 88842 ns, At safepoint: 17916 ns, Total: 106758 ns
[2020-02-27T07:04:06.663+0000][1][safepoint    ] Safepoint "RevokeBias", Time since last: 2525236098 ns, Reaching safepoint: 92612 ns, At safepoint: 23181 ns, Total: 115793 ns
[2020-02-27T07:04:09.185+0000][1][safepoint    ] Safepoint "RevokeBias", Time since last: 2521956576 ns, Reaching safepoint: 250038 ns, At safepoint: 26565 ns, Total: 276603 ns
[2020-02-27T07:04:11.697+0000][1][safepoint    ] Safepoint "RevokeBias", Time since last: 2511711724 ns, Reaching safepoint: 82708 ns, At safepoint: 19959 ns, Total: 102667 ns
[2020-02-27T07:04:12.128+0000][1][gc,start     ] GC(96) Pause Young (Allocation Failure)
[2020-02-27T07:04:12.128+0000][1][gc,task      ] GC(96) Using 1 workers of 1 for evacuation
[2020-02-27T07:04:12.139+0000][1][gc,age       ] GC(96) Desired survivor size 4358144 bytes, new threshold 6 (max threshold 6)
[2020-02-27T07:04:12.139+0000][1][gc,age       ] GC(96) Age table with threshold 6 (max threshold 6)
[2020-02-27T07:04:12.139+0000][1][gc,age       ] GC(96) - age   1:      10704 bytes,      10704 total
[2020-02-27T07:04:12.139+0000][1][gc,age       ] GC(96) - age   2:       1256 bytes,      11960 total
[2020-02-27T07:04:12.139+0000][1][gc,age       ] GC(96) - age   4:        984 bytes,      12944 total
[2020-02-27T07:04:12.139+0000][1][gc,age       ] GC(96) - age   5:        400 bytes,      13344 total
[2020-02-27T07:04:12.139+0000][1][gc,age       ] GC(96) - age   6:        568 bytes,      13912 total
[2020-02-27T07:04:12.139+0000][1][gc,heap      ] GC(96) ParNew: 68174K->14K(76672K)
[2020-02-27T07:04:12.139+0000][1][gc,heap      ] GC(96) CMS: 62502K->62503K(963392K)
[2020-02-27T07:04:12.139+0000][1][gc,metaspace ] GC(96) Metaspace: 80046K->80046K(1122304K)
[2020-02-27T07:04:12.139+0000][1][gc           ] GC(96) Pause Young (Allocation Failure) 127M->61M(1015M) 11.719ms
[2020-02-27T07:04:12.139+0000][1][gc,cpu       ] GC(96) User=0.01s Sys=0.00s Real=0.01s
[2020-02-27T07:04:12.139+0000][1][safepoint    ] Safepoint "GenCollectForAllocation", Time since last: 430816690 ns, Reaching safepoint: 116181 ns, At safepoint: 11777731 ns, Total: 11893912 ns
[2020-02-27T07:04:14.208+0000][1][safepoint    ] Safepoint "RevokeBias", Time since last: 2068779130 ns, Reaching safepoint: 133200 ns, At safepoint: 25281 ns, Total: 158481 ns
[2020-02-27T07:04:16.728+0000][1][safepoint    ] Safepoint "RevokeBias", Time since last: 2519061725 ns, Reaching safepoint: 71981 ns, At safepoint: 17186 ns, Total: 89167 ns
[2020-02-27T07:04:19.235+0000][1][safepoint    ] Safepoint "RevokeBias", Time since last: 2507458959 ns, Reaching safepoint: 77716 ns, At safepoint: 18420 ns, Total: 96136 ns
[2020-02-27T07:04:21.741+0000][1][safepoint    ] Safepoint "RevokeBias", Time since last: 2505546999 ns, Reaching safepoint: 138855 ns, At safepoint: 20759 ns, Total: 159614 ns
[2020-02-27T07:04:24.247+0000][1][safepoint    ] Safepoint "BulkRevokeBias", Time since last: 2506285204 ns, Reaching safepoint: 79158 ns, At safepoint: 310184 ns, Total: 389342 ns
[2020-02-27T07:04:26.752+0000][1][safepoint    ] Safepoint "RevokeBias", Time since last: 2504342513 ns, Reaching safepoint: 76126 ns, At safepoint: 17943 ns, Total: 94069 ns
[2020-02-27T07:04:29.256+0000][1][safepoint    ] Safepoint "RevokeBias", Time since last: 2504204881 ns, Reaching safepoint: 188153 ns, At safepoint: 26697 ns, Total: 214850 ns
[2020-02-27T07:04:31.759+0000][1][safepoint    ] Safepoint "RevokeBias", Time since last: 2502999990 ns, Reaching safepoint: 82760 ns, At safepoint: 21531 ns, Total: 104291 ns
[2020-02-27T07:04:34.266+0000][1][safepoint    ] Safepoint "RevokeBias", Time since last: 2506613394 ns, Reaching safepoint: 73950 ns, At safepoint: 18091 ns, Total: 92041 ns
[2020-02-27T07:04:36.771+0000][1][safepoint    ] Safepoint "RevokeBias", Time since last: 2504423970 ns, Reaching safepoint: 146699 ns, At safepoint: 36073 ns, Total: 182772 ns
[2020-02-27T07:04:39.275+0000][1][safepoint    ] Safepoint "RevokeBias", Time since last: 2504153056 ns, Reaching safepoint: 110377 ns, At safepoint: 45870 ns, Total: 156247 ns
[2020-02-27T07:04:41.779+0000][1][safepoint    ] Safepoint "RevokeBias", Time since last: 2503714874 ns, Reaching safepoint: 99133 ns, At safepoint: 23972 ns, Total: 123105 ns
[2020-02-27T07:04:44.286+0000][1][safepoint    ] Safepoint "RevokeBias", Time since last: 2506735470 ns, Reaching safepoint: 123669 ns, At safepoint: 25312 ns, Total: 148981 ns
[2020-02-27T07:04:46.793+0000][1][safepoint    ] Safepoint "RevokeBias", Time since last: 2506605264 ns, Reaching safepoint: 114678 ns, At safepoint: 28357 ns, Total: 143035 ns
[2020-02-27T07:04:49.296+0000][1][safepoint    ] Safepoint "RevokeBias", Time since last: 2503275968 ns, Reaching safepoint: 55426 ns, At safepoint: 16418 ns, Total: 71844 ns
[2020-02-27T07:04:51.799+0000][1][safepoint    ] Safepoint "RevokeBias", Time since last: 2503352143 ns, Reaching safepoint: 74018 ns, At safepoint: 18090 ns, Total: 92108 ns
[2020-02-27T07:04:54.313+0000][1][safepoint    ] Safepoint "RevokeBias", Time since last: 2513316707 ns, Reaching safepoint: 149472 ns, At safepoint: 19746 ns, Total: 169218 ns
[2020-02-27T07:04:56.821+0000][1][safepoint    ] Safepoint "RevokeBias", Time since last: 2508072806 ns, Reaching safepoint: 71560 ns, At safepoint: 17207 ns, Total: 88767 ns
[2020-02-27T07:04:59.333+0000][1][safepoint    ] Safepoint "RevokeBias", Time since last: 2511577371 ns, Reaching safepoint: 68726 ns, At safepoint: 15847 ns, Total: 84573 ns
[2020-02-27T07:05:01.843+0000][1][safepoint    ] Safepoint "RevokeBias", Time since last: 2510578485 ns, Reaching safepoint: 167897 ns, At safepoint: 31407 ns, Total: 199304 ns
[2020-02-27T07:05:04.356+0000][1][safepoint    ] Safepoint "RevokeBias", Time since last: 2512762318 ns, Reaching safepoint: 90646 ns, At safepoint: 19968 ns, Total: 110614 ns
[2020-02-27T07:05:06.869+0000][1][safepoint    ] Safepoint "RevokeBias", Time since last: 2512472726 ns, Reaching safepoint: 92735 ns, At safepoint: 26103 ns, Total: 118838 ns
[2020-02-27T07:05:09.380+0000][1][safepoint    ] Safepoint "RevokeBias", Time since last: 2511409723 ns, Reaching safepoint: 75235 ns, At safepoint: 18170 ns, Total: 93405 ns
[2020-02-27T07:05:11.894+0000][1][safepoint    ] Safepoint "RevokeBias", Time since last: 2513406438 ns, Reaching safepoint: 78194 ns, At safepoint: 19870 ns, Total: 98064 ns
[2020-02-27T07:05:14.401+0000][1][safepoint    ] Safepoint "RevokeBias", Time since last: 2506499594 ns, Reaching safepoint: 130844 ns, At safepoint: 27572 ns, Total: 158416 ns
[2020-02-27T07:05:16.905+0000][1][safepoint    ] Safepoint "RevokeBias", Time since last: 2504193226 ns, Reaching safepoint: 128154 ns, At safepoint: 23576 ns, Total: 151730 ns
[2020-02-27T07:05:19.407+0000][1][safepoint    ] Safepoint "RevokeBias", Time since last: 2502430509 ns, Reaching safepoint: 71854 ns, At safepoint: 17166 ns, Total: 89020 ns
[2020-02-27T07:05:21.913+0000][1][safepoint    ] Safepoint "RevokeBias", Time since last: 2505822771 ns, Reaching safepoint: 121580 ns, At safepoint: 20442 ns, Total: 142022 ns
[2020-02-27T07:05:24.431+0000][1][safepoint    ] Safepoint "RevokeBias", Time since last: 2516277649 ns, Reaching safepoint: 1787894 ns, At safepoint: 40526 ns, Total: 1828420 ns
[2020-02-27T07:05:26.936+0000][1][safepoint    ] Safepoint "RevokeBias", Time since last: 2504349441 ns, Reaching safepoint: 319825 ns, At safepoint: 77219 ns, Total: 397044 ns
[2020-02-27T07:05:29.445+0000][1][safepoint    ] Safepoint "RevokeBias", Time since last: 2508123850 ns, Reaching safepoint: 182041 ns, At safepoint: 34154 ns, Total: 216195 ns
[2020-02-27T07:05:31.964+0000][1][safepoint    ] Safepoint "RevokeBias", Time since last: 2519052169 ns, Reaching safepoint: 107206 ns, At safepoint: 29542 ns, Total: 136748 ns
[2020-02-27T07:05:34.482+0000][1][safepoint    ] Safepoint "RevokeBias", Time since last: 2517976591 ns, Reaching safepoint: 87455 ns, At safepoint: 19599 ns, Total: 107054 ns
[2020-02-27T07:05:36.996+0000][1][safepoint    ] Safepoint "BulkRevokeBias", Time since last: 2513635758 ns, Reaching safepoint: 76532 ns, At safepoint: 274037 ns, Total: 350569 ns
[2020-02-27T07:05:39.504+0000][1][safepoint    ] Safepoint "RevokeBias", Time since last: 2507930366 ns, Reaching safepoint: 72314 ns, At safepoint: 17409 ns, Total: 89723 ns
[2020-02-27T07:05:42.023+0000][1][safepoint    ] Safepoint "RevokeBias", Time since last: 2519408217 ns, Reaching safepoint: 76240 ns, At safepoint: 17883 ns, Total: 94123 ns
[2020-02-27T07:05:44.530+0000][1][safepoint    ] Safepoint "RevokeBias", Time since last: 2506996051 ns, Reaching safepoint: 89823 ns, At safepoint: 23494 ns, Total: 113317 ns
[2020-02-27T07:05:47.046+0000][1][safepoint    ] Safepoint "RevokeBias", Time since last: 2515449575 ns, Reaching safepoint: 99136 ns, At safepoint: 26208 ns, Total: 125344 ns
[2020-02-27T07:05:49.555+0000][1][safepoint    ] Safepoint "RevokeBias", Time since last: 2508450630 ns, Reaching safepoint: 69710 ns, At safepoint: 112737 ns, Total: 182447 ns
[2020-02-27T07:05:52.062+0000][1][safepoint    ] Safepoint "RevokeBias", Time since last: 2506859769 ns, Reaching safepoint: 84408 ns, At safepoint: 19635 ns, Total: 104043 ns
[2020-02-27T07:05:54.570+0000][1][safepoint    ] Safepoint "RevokeBias", Time since last: 2508681921 ns, Reaching safepoint: 106118 ns, At safepoint: 27909 ns, Total: 134027 ns
[2020-02-27T07:05:57.076+0000][1][safepoint    ] Safepoint "RevokeBias", Time since last: 2505793595 ns, Reaching safepoint: 75354 ns, At safepoint: 17906 ns, Total: 93260 ns
[2020-02-27T07:05:59.580+0000][1][safepoint    ] Safepoint "RevokeBias", Time since last: 2503675313 ns, Reaching safepoint: 183966 ns, At safepoint: 40911 ns, Total: 224877 ns
[2020-02-27T07:06:02.084+0000][1][safepoint    ] Safepoint "RevokeBias", Time since last: 2503923287 ns, Reaching safepoint: 74249 ns, At safepoint: 63809 ns, Total: 138058 ns
[2020-02-27T07:06:04.591+0000][1][safepoint    ] Safepoint "RevokeBias", Time since last: 2506121118 ns, Reaching safepoint: 117394 ns, At safepoint: 31358 ns, Total: 148752 ns
[2020-02-27T07:06:07.094+0000][1][safepoint    ] Safepoint "RevokeBias", Time since last: 2503350302 ns, Reaching safepoint: 78425 ns, At safepoint: 18601 ns, Total: 97026 ns
[2020-02-27T07:06:09.596+0000][1][safepoint    ] Safepoint "RevokeBias", Time since last: 2502056614 ns, Reaching safepoint: 71761 ns, At safepoint: 17985 ns, Total: 89746 ns
[2020-02-27T07:06:12.100+0000][1][safepoint    ] Safepoint "RevokeBias", Time since last: 2503378987 ns, Reaching safepoint: 180656 ns, At safepoint: 28237 ns, Total: 208893 ns
[2020-02-27T07:06:14.604+0000][1][safepoint    ] Safepoint "RevokeBias", Time since last: 2504565071 ns, Reaching safepoint: 109887 ns, At safepoint: 17883 ns, Total: 127770 ns
[2020-02-27T07:06:17.110+0000][1][safepoint    ] Safepoint "RevokeBias", Time since last: 2505170003 ns, Reaching safepoint: 115673 ns, At safepoint: 19029 ns, Total: 134702 ns
[2020-02-27T07:06:19.624+0000][1][safepoint    ] Safepoint "RevokeBias", Time since last: 2514610728 ns, Reaching safepoint: 83098 ns, At safepoint: 19701 ns, Total: 102799 ns
[2020-02-27T07:06:22.133+0000][1][safepoint    ] Safepoint "RevokeBias", Time since last: 2508259029 ns, Reaching safepoint: 72932 ns, At safepoint: 17975 ns, Total: 90907 ns
[2020-02-27T07:06:24.643+0000][1][safepoint    ] Safepoint "RevokeBias", Time since last: 2510380063 ns, Reaching safepoint: 72290 ns, At safepoint: 18674 ns, Total: 90964 ns
[2020-02-27T07:06:27.155+0000][1][safepoint    ] Safepoint "RevokeBias", Time since last: 2511941683 ns, Reaching safepoint: 166526 ns, At safepoint: 23286 ns, Total: 189812 ns
[2020-02-27T07:06:29.666+0000][1][gc,start     ] GC(97) Pause Young (Allocation Failure)
[2020-02-27T07:06:29.666+0000][1][gc,task      ] GC(97) Using 1 workers of 1 for evacuation
[2020-02-27T07:06:29.689+0000][1][gc,age       ] GC(97) Desired survivor size 4358144 bytes, new threshold 6 (max threshold 6)
[2020-02-27T07:06:29.689+0000][1][gc,age       ] GC(97) Age table with threshold 6 (max threshold 6)
[2020-02-27T07:06:29.689+0000][1][gc,age       ] GC(97) - age   1:      10968 bytes,      10968 total
[2020-02-27T07:06:29.689+0000][1][gc,age       ] GC(97) - age   3:       1016 bytes,      11984 total
[2020-02-27T07:06:29.689+0000][1][gc,age       ] GC(97) - age   5:        984 bytes,      12968 total
[2020-02-27T07:06:29.689+0000][1][gc,age       ] GC(97) - age   6:        400 bytes,      13368 total
[2020-02-27T07:06:29.689+0000][1][gc,heap      ] GC(97) ParNew: 68173K->13K(76672K)
[2020-02-27T07:06:29.689+0000][1][gc,heap      ] GC(97) CMS: 62503K->62503K(963392K)
[2020-02-27T07:06:29.689+0000][1][gc,metaspace ] GC(97) Metaspace: 80046K->80046K(1122304K)
[2020-02-27T07:06:29.689+0000][1][gc           ] GC(97) Pause Young (Allocation Failure) 127M->61M(1015M) 22.611ms
[2020-02-27T07:06:29.689+0000][1][gc,cpu       ] GC(97) User=0.01s Sys=0.00s Real=0.02s
[2020-02-27T07:06:29.689+0000][1][safepoint    ] Safepoint "GenCollectForAllocation", Time since last: 2510641555 ns, Reaching safepoint: 75407 ns, At safepoint: 22683388 ns, Total: 22758795 ns
[2020-02-27T07:06:29.690+0000][1][safepoint    ] Safepoint "RevokeBias", Time since last: 1620628 ns, Reaching safepoint: 60457 ns, At safepoint: 16382 ns, Total: 76839 ns
[2020-02-27T07:06:32.200+0000][1][safepoint    ] Safepoint "RevokeBias", Time since last: 2509100859 ns, Reaching safepoint: 75071 ns, At safepoint: 17497 ns, Total: 92568 ns
[2020-02-27T07:06:34.722+0000][1][safepoint    ] Safepoint "RevokeBias", Time since last: 2522178738 ns, Reaching safepoint: 422215 ns, At safepoint: 79642 ns, Total: 501857 ns
[2020-02-27T07:06:37.232+0000][1][safepoint    ] Safepoint "RevokeBias", Time since last: 2509737696 ns, Reaching safepoint: 83493 ns, At safepoint: 20413 ns, Total: 103906 ns
[2020-02-27T07:06:39.742+0000][1][safepoint    ] Safepoint "RevokeBias", Time since last: 2509418019 ns, Reaching safepoint: 71593 ns, At safepoint: 17127 ns, Total: 88720 ns
[2020-02-27T07:06:42.251+0000][1][safepoint    ] Safepoint "RevokeBias", Time since last: 2509569766 ns, Reaching safepoint: 77170 ns, At safepoint: 19000 ns, Total: 96170 ns
[2020-02-27T07:06:44.765+0000][1][safepoint    ] Safepoint "RevokeBias", Time since last: 2507324381 ns, Reaching safepoint: 168761 ns, At safepoint: 6271404 ns, Total: 6440165 ns
[2020-02-27T07:06:47.269+0000][1][safepoint    ] Safepoint "RevokeBias", Time since last: 2503846274 ns, Reaching safepoint: 73731 ns, At safepoint: 17471 ns, Total: 91202 ns
[2020-02-27T07:06:49.774+0000][1][safepoint    ] Safepoint "BulkRevokeBias", Time since last: 2504973054 ns, Reaching safepoint: 194508 ns, At safepoint: 174960 ns, Total: 369468 ns
[2020-02-27T07:06:50.779+0000][1][safepoint    ] Safepoint "Cleanup", Time since last: 1004506089 ns, Reaching safepoint: 139228 ns, At safepoint: 21787 ns, Total: 161015 ns
[2020-02-27T07:06:52.278+0000][1][safepoint    ] Safepoint "RevokeBias", Time since last: 1498798122 ns, Reaching safepoint: 76911 ns, At safepoint: 18016 ns, Total: 94927 ns
[2020-02-27T07:06:54.783+0000][1][safepoint    ] Safepoint "RevokeBias", Time since last: 2504994174 ns, Reaching safepoint: 74825 ns, At safepoint: 18187 ns, Total: 93012 ns
[2020-02-27T07:06:57.287+0000][1][safepoint    ] Safepoint "RevokeBias", Time since last: 2503346750 ns, Reaching safepoint: 75242 ns, At safepoint: 17843 ns, Total: 93085 ns
[2020-02-27T07:06:59.791+0000][1][safepoint    ] Safepoint "RevokeBias", Time since last: 2504683452 ns, Reaching safepoint: 75137 ns, At safepoint: 18621 ns, Total: 93758 ns
[2020-02-27T07:07:02.296+0000][1][safepoint    ] Safepoint "RevokeBias", Time since last: 2504971586 ns, Reaching safepoint: 157635 ns, At safepoint: 34351 ns, Total: 191986 ns
[2020-02-27T07:07:04.802+0000][1][safepoint    ] Safepoint "RevokeBias", Time since last: 2505624462 ns, Reaching safepoint: 184509 ns, At safepoint: 35979 ns, Total: 220488 ns
[2020-02-27T07:07:07.306+0000][1][safepoint    ] Safepoint "RevokeBias", Time since last: 2503845020 ns, Reaching safepoint: 169003 ns, At safepoint: 23477 ns, Total: 192480 ns
[2020-02-27T07:07:09.809+0000][1][safepoint    ] Safepoint "RevokeBias", Time since last: 2502625009 ns, Reaching safepoint: 104686 ns, At safepoint: 28178 ns, Total: 132864 ns
[2020-02-27T07:07:12.322+0000][1][safepoint    ] Safepoint "RevokeBias", Time since last: 2513201804 ns, Reaching safepoint: 77181 ns, At safepoint: 19185 ns, Total: 96366 ns
[2020-02-27T07:07:14.834+0000][1][safepoint    ] Safepoint "RevokeBias", Time since last: 2511934869 ns, Reaching safepoint: 136050 ns, At safepoint: 30943 ns, Total: 166993 ns
[2020-02-27T07:07:17.350+0000][1][safepoint    ] Safepoint "RevokeBias", Time since last: 2515251008 ns, Reaching safepoint: 123588 ns, At safepoint: 22218 ns, Total: 145806 ns
[2020-02-27T07:07:19.858+0000][1][safepoint    ] Safepoint "RevokeBias", Time since last: 2507753898 ns, Reaching safepoint: 73997 ns, At safepoint: 18594 ns, Total: 92591 ns
[2020-02-27T07:07:22.370+0000][1][safepoint    ] Safepoint "RevokeBias", Time since last: 2511863458 ns, Reaching safepoint: 105358 ns, At safepoint: 28475 ns, Total: 133833 ns
[2020-02-27T07:07:24.879+0000][1][safepoint    ] Safepoint "RevokeBias", Time since last: 2509598983 ns, Reaching safepoint: 111091 ns, At safepoint: 28338 ns, Total: 139429 ns
[2020-02-27T07:07:27.394+0000][1][safepoint    ] Safepoint "RevokeBias", Time since last: 2514519160 ns, Reaching safepoint: 74260 ns, At safepoint: 17428 ns, Total: 91688 ns
[2020-02-27T07:07:29.903+0000][1][safepoint    ] Safepoint "RevokeBias", Time since last: 2509092314 ns, Reaching safepoint: 102410 ns, At safepoint: 27529 ns, Total: 129939 ns
[2020-02-27T07:07:32.410+0000][1][safepoint    ] Safepoint "RevokeBias", Time since last: 2506509363 ns, Reaching safepoint: 78929 ns, At safepoint: 18865 ns, Total: 97794 ns
[2020-02-27T07:07:34.916+0000][1][safepoint    ] Safepoint "RevokeBias", Time since last: 2505745183 ns, Reaching safepoint: 76295 ns, At safepoint: 19320 ns, Total: 95615 ns
[2020-02-27T07:07:37.422+0000][1][safepoint    ] Safepoint "RevokeBias", Time since last: 2506290405 ns, Reaching safepoint: 74155 ns, At safepoint: 18256 ns, Total: 92411 ns
[2020-02-27T07:07:39.926+0000][1][safepoint    ] Safepoint "RevokeBias", Time since last: 2503363430 ns, Reaching safepoint: 111333 ns, At safepoint: 24624 ns, Total: 135957 ns
[2020-02-27T07:07:42.430+0000][1][safepoint    ] Safepoint "RevokeBias", Time since last: 2503980182 ns, Reaching safepoint: 80041 ns, At safepoint: 19429 ns, Total: 99470 ns
[2020-02-27T07:07:44.937+0000][1][safepoint    ] Safepoint "RevokeBias", Time since last: 2507249488 ns, Reaching safepoint: 95639 ns, At safepoint: 24808 ns, Total: 120447 ns
[2020-02-27T07:07:47.443+0000][1][safepoint    ] Safepoint "RevokeBias", Time since last: 2506008014 ns, Reaching safepoint: 75499 ns, At safepoint: 18679 ns, Total: 94178 ns
[2020-02-27T07:07:49.953+0000][1][safepoint    ] Safepoint "RevokeBias", Time since last: 2508376823 ns, Reaching safepoint: 1291074 ns, At safepoint: 41837 ns, Total: 1332911 ns
[2020-02-27T07:07:52.457+0000][1][safepoint    ] Safepoint "RevokeBias", Time since last: 2504048010 ns, Reaching safepoint: 73749 ns, At safepoint: 17584 ns, Total: 91333 ns
[2020-02-27T07:07:54.463+0000][1][safepoint    ] Safepoint "Cleanup", Time since last: 2006154261 ns, Reaching safepoint: 103263 ns, At safepoint: 7937 ns, Total: 111200 ns
[2020-02-27T07:07:54.964+0000][1][safepoint    ] Safepoint "RevokeBias", Time since last: 500249712 ns, Reaching safepoint: 74494 ns, At safepoint: 18098 ns, Total: 92592 ns
[2020-02-27T07:07:57.469+0000][1][safepoint    ] Safepoint "RevokeBias", Time since last: 2504867573 ns, Reaching safepoint: 55425 ns, At safepoint: 17006 ns, Total: 72431 ns
[2020-02-27T07:07:59.972+0000][1][safepoint    ] Safepoint "RevokeBias", Time since last: 2502987327 ns, Reaching safepoint: 176480 ns, At safepoint: 28517 ns, Total: 204997 ns
[2020-02-27T07:08:02.475+0000][1][safepoint    ] Safepoint "BulkRevokeBias", Time since last: 2503252330 ns, Reaching safepoint: 74282 ns, At safepoint: 247025 ns, Total: 321307 ns
[2020-02-27T07:08:04.981+0000][1][safepoint    ] Safepoint "RevokeBias", Time since last: 2505810960 ns, Reaching safepoint: 72977 ns, At safepoint: 17610 ns, Total: 90587 ns
[2020-02-27T07:08:07.487+0000][1][safepoint    ] Safepoint "RevokeBias", Time since last: 2505395822 ns, Reaching safepoint: 82680 ns, At safepoint: 18698 ns, Total: 101378 ns
[2020-02-27T07:08:10.005+0000][1][safepoint    ] Safepoint "RevokeBias", Time since last: 2518112656 ns, Reaching safepoint: 56019 ns, At safepoint: 17787 ns, Total: 73806 ns
[2020-02-27T07:08:12.515+0000][1][safepoint    ] Safepoint "RevokeBias", Time since last: 2509685180 ns, Reaching safepoint: 74923 ns, At safepoint: 18054 ns, Total: 92977 ns
[2020-02-27T07:08:15.027+0000][1][safepoint    ] Safepoint "RevokeBias", Time since last: 2512355207 ns, Reaching safepoint: 76553 ns, At safepoint: 18585 ns, Total: 95138 ns
[2020-02-27T07:08:17.537+0000][1][safepoint    ] Safepoint "RevokeBias", Time since last: 2509690175 ns, Reaching safepoint: 75115 ns, At safepoint: 18079 ns, Total: 93194 ns
[2020-02-27T07:08:20.050+0000][1][safepoint    ] Safepoint "RevokeBias", Time since last: 2509275095 ns, Reaching safepoint: 4177851 ns, At safepoint: 25454 ns, Total: 4203305 ns
[2020-02-27T07:08:22.561+0000][1][safepoint    ] Safepoint "RevokeBias", Time since last: 2510704463 ns, Reaching safepoint: 145891 ns, At safepoint: 24984 ns, Total: 170875 ns
[2020-02-27T07:08:25.074+0000][1][safepoint    ] Safepoint "RevokeBias", Time since last: 2512760386 ns, Reaching safepoint: 126508 ns, At safepoint: 24151 ns, Total: 150659 ns
[2020-02-27T07:08:27.586+0000][1][safepoint    ] Safepoint "RevokeBias", Time since last: 2511216206 ns, Reaching safepoint: 95411 ns, At safepoint: 21783 ns, Total: 117194 ns
[2020-02-27T07:08:30.089+0000][1][safepoint    ] Safepoint "RevokeBias", Time since last: 2503205858 ns, Reaching safepoint: 91414 ns, At safepoint: 21013 ns, Total: 112427 ns
[2020-02-27T07:08:32.593+0000][1][safepoint    ] Safepoint "RevokeBias", Time since last: 2503821862 ns, Reaching safepoint: 92770 ns, At safepoint: 19169 ns, Total: 111939 ns
[2020-02-27T07:08:35.100+0000][1][safepoint    ] Safepoint "RevokeBias", Time since last: 2507213483 ns, Reaching safepoint: 156685 ns, At safepoint: 31819 ns, Total: 188504 ns
[2020-02-27T07:08:37.644+0000][1][safepoint    ] Safepoint "RevokeBias", Time since last: 2543934097 ns, Reaching safepoint: 112083 ns, At safepoint: 33480 ns, Total: 145563 ns
[2020-02-27T07:08:40.145+0000][1][safepoint    ] Safepoint "RevokeBias", Time since last: 2500562014 ns, Reaching safepoint: 102669 ns, At safepoint: 28178 ns, Total: 130847 ns
[2020-02-27T07:08:42.651+0000][1][safepoint    ] Safepoint "RevokeBias", Time since last: 2505544026 ns, Reaching safepoint: 96105 ns, At safepoint: 26394 ns, Total: 122499 ns
[2020-02-27T07:08:45.157+0000][1][safepoint    ] Safepoint "RevokeBias", Time since last: 2506547557 ns, Reaching safepoint: 94491 ns, At safepoint: 24583 ns, Total: 119074 ns
[2020-02-27T07:08:47.412+0000][1][gc,start     ] GC(98) Pause Young (Allocation Failure)
[2020-02-27T07:08:47.412+0000][1][gc,task      ] GC(98) Using 1 workers of 1 for evacuation
[2020-02-27T07:08:47.429+0000][1][gc,age       ] GC(98) Desired survivor size 4358144 bytes, new threshold 6 (max threshold 6)
[2020-02-27T07:08:47.429+0000][1][gc,age       ] GC(98) Age table with threshold 6 (max threshold 6)
[2020-02-27T07:08:47.429+0000][1][gc,age       ] GC(98) - age   1:      12008 bytes,      12008 total
[2020-02-27T07:08:47.429+0000][1][gc,age       ] GC(98) - age   4:       1016 bytes,      13024 total
[2020-02-27T07:08:47.429+0000][1][gc,age       ] GC(98) - age   6:        984 bytes,      14008 total
[2020-02-27T07:08:47.429+0000][1][gc,heap      ] GC(98) ParNew: 68173K->26K(76672K)
[2020-02-27T07:08:47.429+0000][1][gc,heap      ] GC(98) CMS: 62503K->62503K(963392K)
[2020-02-27T07:08:47.429+0000][1][gc,metaspace ] GC(98) Metaspace: 80048K->80048K(1122304K)
[2020-02-27T07:08:47.429+0000][1][gc           ] GC(98) Pause Young (Allocation Failure) 127M->61M(1015M) 16.983ms
[2020-02-27T07:08:47.429+0000][1][gc,cpu       ] GC(98) User=0.01s Sys=0.00s Real=0.01s
[2020-02-27T07:08:47.429+0000][1][safepoint    ] Safepoint "GenCollectForAllocation", Time since last: 2254767369 ns, Reaching safepoint: 148745 ns, At safepoint: 17086747 ns, Total: 17235492 ns
[2020-02-27T07:08:47.661+0000][1][safepoint    ] Safepoint "RevokeBias", Time since last: 231761089 ns, Reaching safepoint: 95151 ns, At safepoint: 27825 ns, Total: 122976 ns
[2020-02-27T07:08:50.165+0000][1][safepoint    ] Safepoint "RevokeBias", Time since last: 2504055481 ns, Reaching safepoint: 77241 ns, At safepoint: 18428 ns, Total: 95669 ns
[2020-02-27T07:08:52.166+0000][1][safepoint    ] Safepoint "Cleanup", Time since last: 2001012926 ns, Reaching safepoint: 75037 ns, At safepoint: 7384 ns, Total: 82421 ns
[2020-02-27T07:08:52.678+0000][1][safepoint    ] Safepoint "RevokeBias", Time since last: 511269040 ns, Reaching safepoint: 121769 ns, At safepoint: 30336 ns, Total: 152105 ns
[2020-02-27T07:08:55.191+0000][1][safepoint    ] Safepoint "RevokeBias", Time since last: 2512657497 ns, Reaching safepoint: 110091 ns, At safepoint: 17692 ns, Total: 127783 ns
[2020-02-27T07:08:57.709+0000][1][safepoint    ] Safepoint "RevokeBias", Time since last: 2518172244 ns, Reaching safepoint: 78374 ns, At safepoint: 18843 ns, Total: 97217 ns
[2020-02-27T07:09:00.220+0000][1][safepoint    ] Safepoint "RevokeBias", Time since last: 2511290619 ns, Reaching safepoint: 77106 ns, At safepoint: 21824 ns, Total: 98930 ns
[2020-02-27T07:09:02.744+0000][1][safepoint    ] Safepoint "RevokeBias", Time since last: 2523350618 ns, Reaching safepoint: 73040 ns, At safepoint: 66238 ns, Total: 139278 ns
[2020-02-27T07:09:05.260+0000][1][safepoint    ] Safepoint "RevokeBias", Time since last: 2516091214 ns, Reaching safepoint: 89323 ns, At safepoint: 17666 ns, Total: 106989 ns
[2020-02-27T07:09:07.763+0000][1][safepoint    ] Safepoint "RevokeBias", Time since last: 2503350036 ns, Reaching safepoint: 87927 ns, At safepoint: 21754 ns, Total: 109681 ns
[2020-02-27T07:09:10.266+0000][1][safepoint    ] Safepoint "RevokeBias", Time since last: 2502211505 ns, Reaching safepoint: 88250 ns, At safepoint: 20451 ns, Total: 108701 ns
[2020-02-27T07:09:12.771+0000][1][safepoint    ] Safepoint "RevokeBias", Time since last: 2504777108 ns, Reaching safepoint: 86162 ns, At safepoint: 21765 ns, Total: 107927 ns
[2020-02-27T07:09:15.275+0000][1][safepoint    ] Safepoint "BulkRevokeBias", Time since last: 2504106714 ns, Reaching safepoint: 71379 ns, At safepoint: 184734 ns, Total: 256113 ns
[2020-02-27T07:09:17.780+0000][1][safepoint    ] Safepoint "RevokeBias", Time since last: 2504649759 ns, Reaching safepoint: 86113 ns, At safepoint: 40857 ns, Total: 126970 ns
[2020-02-27T07:09:20.282+0000][1][safepoint    ] Safepoint "RevokeBias", Time since last: 2502297404 ns, Reaching safepoint: 78956 ns, At safepoint: 17685 ns, Total: 96641 ns
[2020-02-27T07:09:22.788+0000][1][safepoint    ] Safepoint "RevokeBias", Time since last: 2505933346 ns, Reaching safepoint: 139827 ns, At safepoint: 46333 ns, Total: 186160 ns
[2020-02-27T07:09:25.294+0000][1][safepoint    ] Safepoint "RevokeBias", Time since last: 2505590470 ns, Reaching safepoint: 72397 ns, At safepoint: 17611 ns, Total: 90008 ns
[2020-02-27T07:09:27.799+0000][1][safepoint    ] Safepoint "RevokeBias", Time since last: 2504638530 ns, Reaching safepoint: 174533 ns, At safepoint: 29795 ns, Total: 204328 ns
[2020-02-27T07:09:30.301+0000][1][safepoint    ] Safepoint "RevokeBias", Time since last: 2502025881 ns, Reaching safepoint: 402433 ns, At safepoint: 54130 ns, Total: 456563 ns
[2020-02-27T07:09:32.808+0000][1][safepoint    ] Safepoint "RevokeBias", Time since last: 2506995400 ns, Reaching safepoint: 71720 ns, At safepoint: 17302 ns, Total: 89022 ns
[2020-02-27T07:09:35.315+0000][1][safepoint    ] Safepoint "RevokeBias", Time since last: 2506346061 ns, Reaching safepoint: 73071 ns, At safepoint: 18051 ns, Total: 91122 ns
[2020-02-27T07:09:37.820+0000][1][safepoint    ] Safepoint "RevokeBias", Time since last: 2505217111 ns, Reaching safepoint: 73154 ns, At safepoint: 17278 ns, Total: 90432 ns
[2020-02-27T07:09:40.323+0000][1][safepoint    ] Safepoint "RevokeBias", Time since last: 2502992637 ns, Reaching safepoint: 89736 ns, At safepoint: 23663 ns, Total: 113399 ns
[2020-02-27T07:09:42.828+0000][1][safepoint    ] Safepoint "RevokeBias", Time since last: 2504459596 ns, Reaching safepoint: 72581 ns, At safepoint: 17024 ns, Total: 89605 ns
[2020-02-27T07:09:45.334+0000][1][safepoint    ] Safepoint "RevokeBias", Time since last: 2506320395 ns, Reaching safepoint: 72277 ns, At safepoint: 17730 ns, Total: 90007 ns
[2020-02-27T07:09:47.841+0000][1][safepoint    ] Safepoint "RevokeBias", Time since last: 2506213095 ns, Reaching safepoint: 72243 ns, At safepoint: 17215 ns, Total: 89458 ns
[2020-02-27T07:09:50.357+0000][1][safepoint    ] Safepoint "RevokeBias", Time since last: 2516005997 ns, Reaching safepoint: 167733 ns, At safepoint: 37756 ns, Total: 205489 ns
[2020-02-27T07:09:52.358+0000][1][safepoint    ] Safepoint "Cleanup", Time since last: 2001104538 ns, Reaching safepoint: 86195 ns, At safepoint: 7556 ns, Total: 93751 ns
[2020-02-27T07:09:52.868+0000][1][safepoint    ] Safepoint "RevokeBias", Time since last: 509762958 ns, Reaching safepoint: 73668 ns, At safepoint: 18005 ns, Total: 91673 ns
[2020-02-27T07:09:55.386+0000][1][safepoint    ] Safepoint "RevokeBias", Time since last: 2518330242 ns, Reaching safepoint: 87958 ns, At safepoint: 20448 ns, Total: 108406 ns
[2020-02-27T07:09:57.899+0000][1][safepoint    ] Safepoint "RevokeBias", Time since last: 2512860010 ns, Reaching safepoint: 73158 ns, At safepoint: 17831 ns, Total: 90989 ns
[2020-02-27T07:10:00.415+0000][1][safepoint    ] Safepoint "RevokeBias", Time since last: 2515910104 ns, Reaching safepoint: 71026 ns, At safepoint: 17180 ns, Total: 88206 ns
[2020-02-27T07:10:02.929+0000][1][safepoint    ] Safepoint "RevokeBias", Time since last: 2513884711 ns, Reaching safepoint: 88528 ns, At safepoint: 20784 ns, Total: 109312 ns
[2020-02-27T07:10:05.442+0000][1][safepoint    ] Safepoint "RevokeBias", Time since last: 2512478577 ns, Reaching safepoint: 58806 ns, At safepoint: 16686 ns, Total: 75492 ns
[2020-02-27T07:10:07.950+0000][1][safepoint    ] Safepoint "RevokeBias", Time since last: 2508153619 ns, Reaching safepoint: 71819 ns, At safepoint: 17867 ns, Total: 89686 ns
[2020-02-27T07:10:10.461+0000][1][safepoint    ] Safepoint "RevokeBias", Time since last: 2510537224 ns, Reaching safepoint: 153001 ns, At safepoint: 26321 ns, Total: 179322 ns
[2020-02-27T07:10:12.968+0000][1][safepoint    ] Safepoint "RevokeBias", Time since last: 2507587155 ns, Reaching safepoint: 72061 ns, At safepoint: 17320 ns, Total: 89381 ns
[2020-02-27T07:10:15.474+0000][1][safepoint    ] Safepoint "RevokeBias", Time since last: 2506031301 ns, Reaching safepoint: 94946 ns, At safepoint: 23148 ns, Total: 118094 ns
[2020-02-27T07:10:17.981+0000][1][safepoint    ] Safepoint "RevokeBias", Time since last: 2506340124 ns, Reaching safepoint: 72602 ns, At safepoint: 18338 ns, Total: 90940 ns
[2020-02-27T07:10:20.484+0000][1][safepoint    ] Safepoint "RevokeBias", Time since last: 2502614996 ns, Reaching safepoint: 72759 ns, At safepoint: 18042 ns, Total: 90801 ns
[2020-02-27T07:10:22.987+0000][1][safepoint    ] Safepoint "RevokeBias", Time since last: 2502982989 ns, Reaching safepoint: 160089 ns, At safepoint: 58955 ns, Total: 219044 ns
[2020-02-27T07:10:25.493+0000][1][safepoint    ] Safepoint "RevokeBias", Time since last: 2506285648 ns, Reaching safepoint: 74406 ns, At safepoint: 17730 ns, Total: 92136 ns
[2020-02-27T07:10:27.998+0000][1][safepoint    ] Safepoint "BulkRevokeBias", Time since last: 2504984362 ns, Reaching safepoint: 105053 ns, At safepoint: 194355 ns, Total: 299408 ns
[2020-02-27T07:10:30.502+0000][1][safepoint    ] Safepoint "RevokeBias", Time since last: 2503232807 ns, Reaching safepoint: 73147 ns, At safepoint: 17867 ns, Total: 91014 ns
[2020-02-27T07:10:33.007+0000][1][safepoint    ] Safepoint "RevokeBias", Time since last: 2505468803 ns, Reaching safepoint: 88054 ns, At safepoint: 19532 ns, Total: 107586 ns
[2020-02-27T07:10:35.511+0000][1][safepoint    ] Safepoint "RevokeBias", Time since last: 2503755985 ns, Reaching safepoint: 73676 ns, At safepoint: 130444 ns, Total: 204120 ns
[2020-02-27T07:10:38.015+0000][1][safepoint    ] Safepoint "RevokeBias", Time since last: 2503576356 ns, Reaching safepoint: 71761 ns, At safepoint: 17601 ns, Total: 89362 ns
[2020-02-27T07:10:40.518+0000][1][safepoint    ] Safepoint "RevokeBias", Time since last: 2502948332 ns, Reaching safepoint: 203385 ns, At safepoint: 55443 ns, Total: 258828 ns
[2020-02-27T07:10:43.023+0000][1][safepoint    ] Safepoint "RevokeBias", Time since last: 2504128542 ns, Reaching safepoint: 160983 ns, At safepoint: 25207 ns, Total: 186190 ns
[2020-02-27T07:10:45.528+0000][1][safepoint    ] Safepoint "RevokeBias", Time since last: 2505047982 ns, Reaching safepoint: 148589 ns, At safepoint: 22705 ns, Total: 171294 ns
[2020-02-27T07:10:48.032+0000][1][safepoint    ] Safepoint "RevokeBias", Time since last: 2504429817 ns, Reaching safepoint: 76818 ns, At safepoint: 18563 ns, Total: 95381 ns
[2020-02-27T07:10:50.536+0000][1][safepoint    ] Safepoint "RevokeBias", Time since last: 2503163612 ns, Reaching safepoint: 79464 ns, At safepoint: 20271 ns, Total: 99735 ns
[2020-02-27T07:10:53.041+0000][1][safepoint    ] Safepoint "RevokeBias", Time since last: 2505618137 ns, Reaching safepoint: 55331 ns, At safepoint: 17148 ns, Total: 72479 ns
[2020-02-27T07:10:55.547+0000][1][safepoint    ] Safepoint "RevokeBias", Time since last: 2505739926 ns, Reaching safepoint: 114107 ns, At safepoint: 28725 ns, Total: 142832 ns
[2020-02-27T07:10:58.064+0000][1][safepoint    ] Safepoint "RevokeBias", Time since last: 2516611011 ns, Reaching safepoint: 200596 ns, At safepoint: 20697 ns, Total: 221293 ns
[2020-02-27T07:11:00.572+0000][1][safepoint    ] Safepoint "RevokeBias", Time since last: 2508116490 ns, Reaching safepoint: 74311 ns, At safepoint: 18312 ns, Total: 92623 ns
[2020-02-27T07:11:02.599+0000][1][gc,start     ] GC(99) Pause Young (Allocation Failure)
[2020-02-27T07:11:02.599+0000][1][gc,task      ] GC(99) Using 1 workers of 1 for evacuation
[2020-02-27T07:11:02.621+0000][1][gc,age       ] GC(99) Desired survivor size 4358144 bytes, new threshold 6 (max threshold 6)
[2020-02-27T07:11:02.621+0000][1][gc,age       ] GC(99) Age table with threshold 6 (max threshold 6)
[2020-02-27T07:11:02.621+0000][1][gc,age       ] GC(99) - age   1:      11328 bytes,      11328 total
[2020-02-27T07:11:02.621+0000][1][gc,age       ] GC(99) - age   2:        168 bytes,      11496 total
[2020-02-27T07:11:02.621+0000][1][gc,age       ] GC(99) - age   5:        784 bytes,      12280 total
[2020-02-27T07:11:02.621+0000][1][gc,heap      ] GC(99) ParNew: 68186K->16K(76672K)
[2020-02-27T07:11:02.621+0000][1][gc,heap      ] GC(99) CMS: 62503K->62504K(963392K)
[2020-02-27T07:11:02.621+0000][1][gc,metaspace ] GC(99) Metaspace: 80076K->80076K(1122304K)
[2020-02-27T07:11:02.621+0000][1][gc           ] GC(99) Pause Young (Allocation Failure) 127M->61M(1015M) 21.757ms
[2020-02-27T07:11:02.621+0000][1][gc,cpu       ] GC(99) User=0.02s Sys=0.00s Real=0.02s
[2020-02-27T07:11:02.621+0000][1][safepoint    ] Safepoint "GenCollectForAllocation", Time since last: 2026967059 ns, Reaching safepoint: 73073 ns, At safepoint: 21813137 ns, Total: 21886210 ns
[2020-02-27T07:11:03.091+0000][1][safepoint    ] Safepoint "RevokeBias", Time since last: 470180219 ns, Reaching safepoint: 111807 ns, At safepoint: 28673 ns, Total: 140480 ns
[2020-02-27T07:11:05.603+0000][1][safepoint    ] Safepoint "RevokeBias", Time since last: 2511751120 ns, Reaching safepoint: 73041 ns, At safepoint: 18221 ns, Total: 91262 ns
[2020-02-27T07:11:08.125+0000][1][safepoint    ] Safepoint "RevokeBias", Time since last: 2521279097 ns, Reaching safepoint: 74956 ns, At safepoint: 18135 ns, Total: 93091 ns
[2020-02-27T07:11:10.633+0000][1][safepoint    ] Safepoint "RevokeBias", Time since last: 2508143119 ns, Reaching safepoint: 71771 ns, At safepoint: 17794 ns, Total: 89565 ns
[2020-02-27T07:11:13.143+0000][1][safepoint    ] Safepoint "RevokeBias", Time since last: 2510210163 ns, Reaching safepoint: 160839 ns, At safepoint: 21127 ns, Total: 181966 ns
[2020-02-27T07:11:15.655+0000][1][safepoint    ] Safepoint "RevokeBias", Time since last: 2512180636 ns, Reaching safepoint: 73036 ns, At safepoint: 18829 ns, Total: 91865 ns
[2020-02-27T07:11:18.176+0000][1][safepoint    ] Safepoint "RevokeBias", Time since last: 2520150904 ns, Reaching safepoint: 85786 ns, At safepoint: 17764 ns, Total: 103550 ns
[2020-02-27T07:11:20.683+0000][1][safepoint    ] Safepoint "RevokeBias", Time since last: 2507090402 ns, Reaching safepoint: 74438 ns, At safepoint: 18430 ns, Total: 92868 ns
[2020-02-27T07:11:22.684+0000][1][safepoint    ] Safepoint "Cleanup", Time since last: 2001025267 ns, Reaching safepoint: 95050 ns, At safepoint: 8458 ns, Total: 103508 ns
[2020-02-27T07:11:23.189+0000][1][safepoint    ] Safepoint "RevokeBias", Time since last: 504952573 ns, Reaching safepoint: 72932 ns, At safepoint: 18464 ns, Total: 91396 ns
[2020-02-27T07:11:25.190+0000][1][safepoint    ] Safepoint "Cleanup", Time since last: 2000798245 ns, Reaching safepoint: 95886 ns, At safepoint: 13219 ns, Total: 109105 ns
[2020-02-27T07:11:25.696+0000][1][safepoint    ] Safepoint "RevokeBias", Time since last: 505630908 ns, Reaching safepoint: 141273 ns, At safepoint: 31662 ns, Total: 172935 ns
[2020-02-27T07:11:28.201+0000][1][safepoint    ] Safepoint "RevokeBias", Time since last: 2504727858 ns, Reaching safepoint: 70789 ns, At safepoint: 17831 ns, Total: 88620 ns
[2020-02-27T07:11:30.703+0000][1][safepoint    ] Safepoint "RevokeBias", Time since last: 2502058562 ns, Reaching safepoint: 143457 ns, At safepoint: 21192 ns, Total: 164649 ns
[2020-02-27T07:11:33.208+0000][1][safepoint    ] Safepoint "RevokeBias", Time since last: 2505473417 ns, Reaching safepoint: 75818 ns, At safepoint: 19185 ns, Total: 95003 ns
[2020-02-27T07:11:35.713+0000][1][safepoint    ] Safepoint "RevokeBias", Time since last: 2505003296 ns, Reaching safepoint: 78291 ns, At safepoint: 19976 ns, Total: 98267 ns
[2020-02-27T07:11:38.221+0000][1][safepoint    ] Safepoint "RevokeBias", Time since last: 2507506578 ns, Reaching safepoint: 98716 ns, At safepoint: 27179 ns, Total: 125895 ns
[2020-02-27T07:11:40.726+0000][1][safepoint    ] Safepoint "BulkRevokeBias", Time since last: 2504186487 ns, Reaching safepoint: 76922 ns, At safepoint: 248028 ns, Total: 324950 ns
[2020-02-27T07:11:43.229+0000][1][safepoint    ] Safepoint "RevokeBias", Time since last: 2503496041 ns, Reaching safepoint: 130691 ns, At safepoint: 27591 ns, Total: 158282 ns
[2020-02-27T07:11:45.736+0000][1][safepoint    ] Safepoint "RevokeBias", Time since last: 2506597682 ns, Reaching safepoint: 90142 ns, At safepoint: 17742 ns, Total: 107884 ns
[2020-02-27T07:11:48.243+0000][1][safepoint    ] Safepoint "RevokeBias", Time since last: 2506947404 ns, Reaching safepoint: 85847 ns, At safepoint: 18082 ns, Total: 103929 ns
[2020-02-27T07:11:50.746+0000][1][safepoint    ] Safepoint "RevokeBias", Time since last: 2503182127 ns, Reaching safepoint: 76122 ns, At safepoint: 18743 ns, Total: 94865 ns
[2020-02-27T07:11:52.747+0000][1][safepoint    ] Safepoint "Cleanup", Time since last: 2000476737 ns, Reaching safepoint: 84390 ns, At safepoint: 6909 ns, Total: 91299 ns
[2020-02-27T07:11:53.252+0000][1][safepoint    ] Safepoint "RevokeBias", Time since last: 505018544 ns, Reaching safepoint: 71847 ns, At safepoint: 17734 ns, Total: 89581 ns
[2020-02-27T07:11:55.757+0000][1][safepoint    ] Safepoint "RevokeBias", Time since last: 2504424521 ns, Reaching safepoint: 93201 ns, At safepoint: 23208 ns, Total: 116409 ns
[2020-02-27T07:11:58.262+0000][1][safepoint    ] Safepoint "RevokeBias", Time since last: 2505777586 ns, Reaching safepoint: 79011 ns, At safepoint: 19756 ns, Total: 98767 ns
[2020-02-27T07:12:00.768+0000][1][safepoint    ] Safepoint "RevokeBias", Time since last: 2505287144 ns, Reaching safepoint: 68369 ns, At safepoint: 19267 ns, Total: 87636 ns
[2020-02-27T07:12:03.274+0000][1][safepoint    ] Safepoint "RevokeBias", Time since last: 2506545036 ns, Reaching safepoint: 98516 ns, At safepoint: 19321 ns, Total: 117837 ns
[2020-02-27T07:12:05.791+0000][1][safepoint    ] Safepoint "RevokeBias", Time since last: 2515934322 ns, Reaching safepoint: 141419 ns, At safepoint: 20560 ns, Total: 161979 ns
[2020-02-27T07:12:08.300+0000][1][safepoint    ] Safepoint "RevokeBias", Time since last: 2509189153 ns, Reaching safepoint: 78054 ns, At safepoint: 18902 ns, Total: 96956 ns
[2020-02-27T07:12:10.821+0000][1][safepoint    ] Safepoint "RevokeBias", Time since last: 2521275750 ns, Reaching safepoint: 77091 ns, At safepoint: 17891 ns, Total: 94982 ns
[2020-02-27T07:12:13.330+0000][1][safepoint    ] Safepoint "RevokeBias", Time since last: 2509109714 ns, Reaching safepoint: 151944 ns, At safepoint: 23155 ns, Total: 175099 ns
[2020-02-27T07:12:15.848+0000][1][safepoint    ] Safepoint "RevokeBias", Time since last: 2517043981 ns, Reaching safepoint: 170789 ns, At safepoint: 76855 ns, Total: 247644 ns
[2020-02-27T07:12:18.361+0000][1][safepoint    ] Safepoint "RevokeBias", Time since last: 2513140718 ns, Reaching safepoint: 74193 ns, At safepoint: 18730 ns, Total: 92923 ns
[2020-02-27T07:12:20.866+0000][1][safepoint    ] Safepoint "RevokeBias", Time since last: 2504691097 ns, Reaching safepoint: 114121 ns, At safepoint: 29083 ns, Total: 143204 ns
[2020-02-27T07:12:23.371+0000][1][safepoint    ] Safepoint "RevokeBias", Time since last: 2505004811 ns, Reaching safepoint: 73931 ns, At safepoint: 18118 ns, Total: 92049 ns
[2020-02-27T07:12:25.882+0000][1][safepoint    ] Safepoint "RevokeBias", Time since last: 2510545082 ns, Reaching safepoint: 116245 ns, At safepoint: 30368 ns, Total: 146613 ns
[2020-02-27T07:12:28.391+0000][1][safepoint    ] Safepoint "RevokeBias", Time since last: 2508937743 ns, Reaching safepoint: 97750 ns, At safepoint: 24956 ns, Total: 122706 ns
[2020-02-27T07:12:30.895+0000][1][safepoint    ] Safepoint "RevokeBias", Time since last: 2504692486 ns, Reaching safepoint: 82026 ns, At safepoint: 25057 ns, Total: 107083 ns
[2020-02-27T07:12:33.406+0000][1][safepoint    ] Safepoint "RevokeBias", Time since last: 2510248879 ns, Reaching safepoint: 103597 ns, At safepoint: 27864 ns, Total: 131461 ns
[2020-02-27T07:12:35.912+0000][1][safepoint    ] Safepoint "RevokeBias", Time since last: 2505979796 ns, Reaching safepoint: 100085 ns, At safepoint: 29153 ns, Total: 129238 ns
[2020-02-27T07:12:38.420+0000][1][safepoint    ] Safepoint "RevokeBias", Time since last: 2507897344 ns, Reaching safepoint: 87728 ns, At safepoint: 22511 ns, Total: 110239 ns
[2020-02-27T07:12:40.924+0000][1][safepoint    ] Safepoint "RevokeBias", Time since last: 2503486566 ns, Reaching safepoint: 80217 ns, At safepoint: 19713 ns, Total: 99930 ns
[2020-02-27T07:12:43.436+0000][1][safepoint    ] Safepoint "RevokeBias", Time since last: 2512052200 ns, Reaching safepoint: 178215 ns, At safepoint: 37074 ns, Total: 215289 ns
[2020-02-27T07:12:45.957+0000][1][safepoint    ] Safepoint "RevokeBias", Time since last: 2521217746 ns, Reaching safepoint: 96697 ns, At safepoint: 28476 ns, Total: 125173 ns
[2020-02-27T07:12:48.495+0000][1][safepoint    ] Safepoint "RevokeBias", Time since last: 2537813459 ns, Reaching safepoint: 96004 ns, At safepoint: 24972 ns, Total: 120976 ns
[2020-02-27T07:12:50.497+0000][1][safepoint    ] Safepoint "Cleanup", Time since last: 2001602525 ns, Reaching safepoint: 98955 ns, At safepoint: 9200 ns, Total: 108155 ns
[2020-02-27T07:12:51.049+0000][1][safepoint    ] Safepoint "RevokeBias", Time since last: 552394529 ns, Reaching safepoint: 106496 ns, At safepoint: 28340 ns, Total: 134836 ns
[2020-02-27T07:12:53.555+0000][1][safepoint    ] Safepoint "BulkRevokeBias", Time since last: 2505343435 ns, Reaching safepoint: 72767 ns, At safepoint: 241847 ns, Total: 314614 ns
[2020-02-27T07:12:56.058+0000][1][safepoint    ] Safepoint "RevokeBias", Time since last: 2502879434 ns, Reaching safepoint: 151138 ns, At safepoint: 20490 ns, Total: 171628 ns
[2020-02-27T07:12:58.565+0000][1][safepoint    ] Safepoint "RevokeBias", Time since last: 2506325273 ns, Reaching safepoint: 97516 ns, At safepoint: 24969 ns, Total: 122485 ns
[2020-02-27T07:13:01.082+0000][1][safepoint    ] Safepoint "RevokeBias", Time since last: 2516972132 ns, Reaching safepoint: 74609 ns, At safepoint: 17590 ns, Total: 92199 ns
[2020-02-27T07:13:03.587+0000][1][safepoint    ] Safepoint "RevokeBias", Time since last: 2505342309 ns, Reaching safepoint: 99809 ns, At safepoint: 25163 ns, Total: 124972 ns
[2020-02-27T07:13:06.093+0000][1][safepoint    ] Safepoint "RevokeBias", Time since last: 2505405309 ns, Reaching safepoint: 98990 ns, At safepoint: 24712 ns, Total: 123702 ns
[2020-02-27T07:13:08.599+0000][1][safepoint    ] Safepoint "RevokeBias", Time since last: 2506058856 ns, Reaching safepoint: 156511 ns, At safepoint: 21035 ns, Total: 177546 ns
[2020-02-27T07:13:11.103+0000][1][safepoint    ] Safepoint "RevokeBias", Time since last: 2503866436 ns, Reaching safepoint: 75457 ns, At safepoint: 32541 ns, Total: 107998 ns
[2020-02-27T07:13:13.607+0000][1][safepoint    ] Safepoint "RevokeBias", Time since last: 2504178147 ns, Reaching safepoint: 90949 ns, At safepoint: 20423 ns, Total: 111372 ns
[2020-02-27T07:13:16.113+0000][1][safepoint    ] Safepoint "RevokeBias", Time since last: 2505490368 ns, Reaching safepoint: 102477 ns, At safepoint: 27015 ns, Total: 129492 ns
[2020-02-27T07:13:18.617+0000][1][safepoint    ] Safepoint "RevokeBias", Time since last: 2504652120 ns, Reaching safepoint: 74854 ns, At safepoint: 18242 ns, Total: 93096 ns
[2020-02-27T07:13:21.133+0000][1][gc,start     ] GC(100) Pause Young (Allocation Failure)
[2020-02-27T07:13:21.134+0000][1][gc,task      ] GC(100) Using 1 workers of 1 for evacuation
[2020-02-27T07:13:21.143+0000][1][gc,age       ] GC(100) Desired survivor size 4358144 bytes, new threshold 6 (max threshold 6)
[2020-02-27T07:13:21.143+0000][1][gc,age       ] GC(100) Age table with threshold 6 (max threshold 6)
[2020-02-27T07:13:21.143+0000][1][gc,age       ] GC(100) - age   1:      18904 bytes,      18904 total
[2020-02-27T07:13:21.143+0000][1][gc,age       ] GC(100) - age   2:        448 bytes,      19352 total
[2020-02-27T07:13:21.143+0000][1][gc,age       ] GC(100) - age   3:        168 bytes,      19520 total
[2020-02-27T07:13:21.143+0000][1][gc,age       ] GC(100) - age   6:        784 bytes,      20304 total
[2020-02-27T07:13:21.143+0000][1][gc,heap      ] GC(100) ParNew: 68176K->22K(76672K)
[2020-02-27T07:13:21.143+0000][1][gc,heap      ] GC(100) CMS: 62504K->62504K(963392K)
[2020-02-27T07:13:21.143+0000][1][gc,metaspace ] GC(100) Metaspace: 80076K->80076K(1122304K)
[2020-02-27T07:13:21.143+0000][1][gc           ] GC(100) Pause Young (Allocation Failure) 127M->61M(1015M) 9.628ms
[2020-02-27T07:13:21.143+0000][1][gc,cpu       ] GC(100) User=0.01s Sys=0.00s Real=0.01s
[2020-02-27T07:13:21.143+0000][1][safepoint    ] Safepoint "GenCollectForAllocation", Time since last: 2515864975 ns, Reaching safepoint: 148524 ns, At safepoint: 9685519 ns, Total: 9834043 ns
[2020-02-27T07:13:21.144+0000][1][safepoint    ] Safepoint "RevokeBias", Time since last: 901862 ns, Reaching safepoint: 80176 ns, At safepoint: 26258 ns, Total: 106434 ns
[2020-02-27T07:13:23.650+0000][1][safepoint    ] Safepoint "RevokeBias", Time since last: 2506189933 ns, Reaching safepoint: 124409 ns, At safepoint: 20459 ns, Total: 144868 ns
[2020-02-27T07:13:26.215+0000][1][safepoint    ] Safepoint "RevokeBias", Time since last: 2564773214 ns, Reaching safepoint: 128609 ns, At safepoint: 32339 ns, Total: 160948 ns
[2020-02-27T07:13:28.727+0000][1][safepoint    ] Safepoint "RevokeBias", Time since last: 2511318493 ns, Reaching safepoint: 168297 ns, At safepoint: 30984 ns, Total: 199281 ns
[2020-02-27T07:13:31.236+0000][1][safepoint    ] Safepoint "RevokeBias", Time since last: 2508920456 ns, Reaching safepoint: 78968 ns, At safepoint: 19504 ns, Total: 98472 ns
[2020-02-27T07:13:33.748+0000][1][safepoint    ] Safepoint "RevokeBias", Time since last: 2511948583 ns, Reaching safepoint: 72814 ns, At safepoint: 17103 ns, Total: 89917 ns
[2020-02-27T07:13:36.251+0000][1][safepoint    ] Safepoint "RevokeBias", Time since last: 2503069520 ns, Reaching safepoint: 77613 ns, At safepoint: 18540 ns, Total: 96153 ns
[2020-02-27T07:13:38.756+0000][1][safepoint    ] Safepoint "RevokeBias", Time since last: 2505143016 ns, Reaching safepoint: 74318 ns, At safepoint: 18357 ns, Total: 92675 ns
[2020-02-27T07:13:41.260+0000][1][safepoint    ] Safepoint "RevokeBias", Time since last: 2503718012 ns, Reaching safepoint: 136783 ns, At safepoint: 46630 ns, Total: 183413 ns
[2020-02-27T07:13:43.764+0000][1][safepoint    ] Safepoint "RevokeBias", Time since last: 2503627596 ns, Reaching safepoint: 91516 ns, At safepoint: 20508 ns, Total: 112024 ns
[2020-02-27T07:13:46.267+0000][1][safepoint    ] Safepoint "RevokeBias", Time since last: 2502714768 ns, Reaching safepoint: 73043 ns, At safepoint: 18136 ns, Total: 91179 ns
[2020-02-27T07:13:48.773+0000][1][safepoint    ] Safepoint "RevokeBias", Time since last: 2505508677 ns, Reaching safepoint: 143305 ns, At safepoint: 21216 ns, Total: 164521 ns
[2020-02-27T07:13:51.280+0000][1][safepoint    ] Safepoint "RevokeBias", Time since last: 2507298138 ns, Reaching safepoint: 74478 ns, At safepoint: 18234 ns, Total: 92712 ns
[2020-02-27T07:13:53.792+0000][1][safepoint    ] Safepoint "RevokeBias", Time since last: 2512446923 ns, Reaching safepoint: 78815 ns, At safepoint: 18629 ns, Total: 97444 ns
[2020-02-27T07:13:56.297+0000][1][safepoint    ] Safepoint "RevokeBias", Time since last: 2504796884 ns, Reaching safepoint: 91295 ns, At safepoint: 20031 ns, Total: 111326 ns
[2020-02-27T07:13:58.801+0000][1][safepoint    ] Safepoint "RevokeBias", Time since last: 2503855432 ns, Reaching safepoint: 83997 ns, At safepoint: 24679 ns, Total: 108676 ns
[2020-02-27T07:14:01.392+0000][1][safepoint    ] Safepoint "RevokeBias", Time since last: 2504403493 ns, Reaching safepoint: 86172077 ns, At safepoint: 35028 ns, Total: 86207105 ns
[2020-02-27T07:14:03.819+0000][1][safepoint    ] Safepoint "RevokeBias", Time since last: 2427340526 ns, Reaching safepoint: 53382 ns, At safepoint: 16582 ns, Total: 69964 ns
[2020-02-27T07:14:06.332+0000][1][safepoint    ] Safepoint "BulkRevokeBias", Time since last: 2512392410 ns, Reaching safepoint: 68245 ns, At safepoint: 541076 ns, Total: 609321 ns
[2020-02-27T07:14:08.852+0000][1][safepoint    ] Safepoint "RevokeBias", Time since last: 2519292215 ns, Reaching safepoint: 167728 ns, At safepoint: 21622 ns, Total: 189350 ns
[2020-02-27T07:14:11.360+0000][1][safepoint    ] Safepoint "RevokeBias", Time since last: 2508048773 ns, Reaching safepoint: 74311 ns, At safepoint: 17581 ns, Total: 91892 ns
[2020-02-27T07:14:13.878+0000][1][safepoint    ] Safepoint "RevokeBias", Time since last: 2518223356 ns, Reaching safepoint: 155784 ns, At safepoint: 21675 ns, Total: 177459 ns
[2020-02-27T07:14:16.389+0000][1][safepoint    ] Safepoint "RevokeBias", Time since last: 2510874696 ns, Reaching safepoint: 77294 ns, At safepoint: 18937 ns, Total: 96231 ns
[2020-02-27T07:14:18.907+0000][1][safepoint    ] Safepoint "RevokeBias", Time since last: 2517327539 ns, Reaching safepoint: 80071 ns, At safepoint: 24874 ns, Total: 104945 ns
[2020-02-27T07:14:21.418+0000][1][safepoint    ] Safepoint "RevokeBias", Time since last: 2511198981 ns, Reaching safepoint: 125217 ns, At safepoint: 20694 ns, Total: 145911 ns
[2020-02-27T07:14:23.923+0000][1][safepoint    ] Safepoint "RevokeBias", Time since last: 2505288643 ns, Reaching safepoint: 74198 ns, At safepoint: 17488 ns, Total: 91686 ns
[2020-02-27T07:14:26.429+0000][1][safepoint    ] Safepoint "RevokeBias", Time since last: 2505226892 ns, Reaching safepoint: 69948 ns, At safepoint: 16884 ns, Total: 86832 ns
[2020-02-27T07:14:28.936+0000][1][safepoint    ] Safepoint "RevokeBias", Time since last: 2506596145 ns, Reaching safepoint: 73973 ns, At safepoint: 18791 ns, Total: 92764 ns
[2020-02-27T07:14:31.439+0000][1][safepoint    ] Safepoint "RevokeBias", Time since last: 2503758427 ns, Reaching safepoint: 131610 ns, At safepoint: 22606 ns, Total: 154216 ns
[2020-02-27T07:14:33.946+0000][1][safepoint    ] Safepoint "RevokeBias", Time since last: 2506018681 ns, Reaching safepoint: 72298 ns, At safepoint: 17315 ns, Total: 89613 ns
[2020-02-27T07:14:36.449+0000][1][safepoint    ] Safepoint "RevokeBias", Time since last: 2502899416 ns, Reaching safepoint: 75739 ns, At safepoint: 18201 ns, Total: 93940 ns
[2020-02-27T07:14:38.954+0000][1][safepoint    ] Safepoint "RevokeBias", Time since last: 2505729626 ns, Reaching safepoint: 224916 ns, At safepoint: 24905 ns, Total: 249821 ns
[2020-02-27T07:14:41.459+0000][1][safepoint    ] Safepoint "RevokeBias", Time since last: 2504056645 ns, Reaching safepoint: 60694 ns, At safepoint: 16663 ns, Total: 77357 ns
[2020-02-27T07:14:43.962+0000][1][safepoint    ] Safepoint "RevokeBias", Time since last: 2503415872 ns, Reaching safepoint: 156936 ns, At safepoint: 27568 ns, Total: 184504 ns
[2020-02-27T07:14:46.488+0000][1][safepoint    ] Safepoint "RevokeBias", Time since last: 2525380418 ns, Reaching safepoint: 79284 ns, At safepoint: 23038 ns, Total: 102322 ns
[2020-02-27T07:14:48.998+0000][1][safepoint    ] Safepoint "RevokeBias", Time since last: 2510441408 ns, Reaching safepoint: 166191 ns, At safepoint: 109383 ns, Total: 275574 ns
[2020-02-27T07:14:51.519+0000][1][safepoint    ] Safepoint "RevokeBias", Time since last: 2520224052 ns, Reaching safepoint: 130729 ns, At safepoint: 18937 ns, Total: 149666 ns
[2020-02-27T07:14:54.030+0000][1][safepoint    ] Safepoint "RevokeBias", Time since last: 2511200398 ns, Reaching safepoint: 71431 ns, At safepoint: 17196 ns, Total: 88627 ns
[2020-02-27T07:14:56.541+0000][1][safepoint    ] Safepoint "RevokeBias", Time since last: 2510533093 ns, Reaching safepoint: 57446 ns, At safepoint: 16534 ns, Total: 73980 ns
[2020-02-27T07:14:59.058+0000][1][safepoint    ] Safepoint "RevokeBias", Time since last: 2516714770 ns, Reaching safepoint: 107233 ns, At safepoint: 28050 ns, Total: 135283 ns
[2020-02-27T07:15:01.574+0000][1][safepoint    ] Safepoint "RevokeBias", Time since last: 2516698454 ns, Reaching safepoint: 116152 ns, At safepoint: 29121 ns, Total: 145273 ns
[2020-02-27T07:15:04.089+0000][1][safepoint    ] Safepoint "RevokeBias", Time since last: 2514445200 ns, Reaching safepoint: 73490 ns, At safepoint: 17621 ns, Total: 91111 ns
[2020-02-27T07:15:06.592+0000][1][safepoint    ] Safepoint "RevokeBias", Time since last: 2503293746 ns, Reaching safepoint: 80023 ns, At safepoint: 20777 ns, Total: 100800 ns
[2020-02-27T07:15:09.100+0000][1][safepoint    ] Safepoint "RevokeBias", Time since last: 2507154140 ns, Reaching safepoint: 73323 ns, At safepoint: 76143 ns, Total: 149466 ns
[2020-02-27T07:15:11.603+0000][1][safepoint    ] Safepoint "RevokeBias", Time since last: 2503121593 ns, Reaching safepoint: 82399 ns, At safepoint: 20891 ns, Total: 103290 ns
[2020-02-27T07:15:14.106+0000][1][safepoint    ] Safepoint "RevokeBias", Time since last: 2502835313 ns, Reaching safepoint: 90180 ns, At safepoint: 20406 ns, Total: 110586 ns
[2020-02-27T07:15:16.609+0000][1][safepoint    ] Safepoint "RevokeBias", Time since last: 2502956340 ns, Reaching safepoint: 71808 ns, At safepoint: 17886 ns, Total: 89694 ns
[2020-02-27T07:15:19.116+0000][1][safepoint    ] Safepoint "BulkRevokeBias", Time since last: 2506910406 ns, Reaching safepoint: 144463 ns, At safepoint: 368933 ns, Total: 513396 ns
[2020-02-27T07:15:21.619+0000][1][safepoint    ] Safepoint "RevokeBias", Time since last: 2502793288 ns, Reaching safepoint: 112049 ns, At safepoint: 66569 ns, Total: 178618 ns
[2020-02-27T07:15:24.126+0000][1][safepoint    ] Safepoint "RevokeBias", Time since last: 2506464131 ns, Reaching safepoint: 108884 ns, At safepoint: 26794 ns, Total: 135678 ns
[2020-02-27T07:15:26.630+0000][1][safepoint    ] Safepoint "RevokeBias", Time since last: 2504496959 ns, Reaching safepoint: 72826 ns, At safepoint: 16961 ns, Total: 89787 ns
[2020-02-27T07:15:29.134+0000][1][safepoint    ] Safepoint "RevokeBias", Time since last: 2503200706 ns, Reaching safepoint: 72000 ns, At safepoint: 17769 ns, Total: 89769 ns
[2020-02-27T07:15:31.636+0000][1][safepoint    ] Safepoint "RevokeBias", Time since last: 2502527657 ns, Reaching safepoint: 123479 ns, At safepoint: 18733 ns, Total: 142212 ns
[2020-02-27T07:15:34.151+0000][1][safepoint    ] Safepoint "RevokeBias", Time since last: 2514113423 ns, Reaching safepoint: 75221 ns, At safepoint: 18025 ns, Total: 93246 ns
[2020-02-27T07:15:36.670+0000][1][safepoint    ] Safepoint "RevokeBias", Time since last: 2516297286 ns, Reaching safepoint: 2677455 ns, At safepoint: 95768 ns, Total: 2773223 ns
[2020-02-27T07:15:37.734+0000][1][gc,start     ] GC(101) Pause Young (Allocation Failure)
[2020-02-27T07:15:37.734+0000][1][gc,task      ] GC(101) Using 1 workers of 1 for evacuation
[2020-02-27T07:15:37.745+0000][1][gc,age       ] GC(101) Desired survivor size 4358144 bytes, new threshold 6 (max threshold 6)
[2020-02-27T07:15:37.745+0000][1][gc,age       ] GC(101) Age table with threshold 6 (max threshold 6)
[2020-02-27T07:15:37.745+0000][1][gc,age       ] GC(101) - age   1:      11720 bytes,      11720 total
[2020-02-27T07:15:37.745+0000][1][gc,age       ] GC(101) - age   2:        120 bytes,      11840 total
[2020-02-27T07:15:37.745+0000][1][gc,age       ] GC(101) - age   3:        448 bytes,      12288 total
[2020-02-27T07:15:37.745+0000][1][gc,age       ] GC(101) - age   4:        168 bytes,      12456 total
[2020-02-27T07:15:37.745+0000][1][gc,heap      ] GC(101) ParNew: 68182K->17K(76672K)
[2020-02-27T07:15:37.745+0000][1][gc,heap      ] GC(101) CMS: 62504K->62505K(963392K)
[2020-02-27T07:15:37.745+0000][1][gc,metaspace ] GC(101) Metaspace: 80077K->80077K(1122304K)
[2020-02-27T07:15:37.745+0000][1][gc           ] GC(101) Pause Young (Allocation Failure) 127M->61M(1015M) 11.177ms
[2020-02-27T07:15:37.745+0000][1][gc,cpu       ] GC(101) User=0.01s Sys=0.00s Real=0.01s
[2020-02-27T07:15:37.745+0000][1][safepoint    ] Safepoint "GenCollectForAllocation", Time since last: 1063868092 ns, Reaching safepoint: 90208 ns, At safepoint: 11234657 ns, Total: 11324865 ns
[2020-02-27T07:15:39.185+0000][1][safepoint    ] Safepoint "RevokeBias", Time since last: 1440319848 ns, Reaching safepoint: 71462 ns, At safepoint: 17836 ns, Total: 89298 ns
[2020-02-27T07:15:41.694+0000][1][safepoint    ] Safepoint "RevokeBias", Time since last: 2508967759 ns, Reaching safepoint: 72942 ns, At safepoint: 17921 ns, Total: 90863 ns
[2020-02-27T07:15:44.204+0000][1][safepoint    ] Safepoint "RevokeBias", Time since last: 2509625744 ns, Reaching safepoint: 77437 ns, At safepoint: 17574 ns, Total: 95011 ns
[2020-02-27T07:15:46.715+0000][1][safepoint    ] Safepoint "RevokeBias", Time since last: 2511295173 ns, Reaching safepoint: 88859 ns, At safepoint: 19851 ns, Total: 108710 ns
[2020-02-27T07:15:49.233+0000][1][safepoint    ] Safepoint "RevokeBias", Time since last: 2517753838 ns, Reaching safepoint: 120764 ns, At safepoint: 15641 ns, Total: 136405 ns
[2020-02-27T07:15:51.741+0000][1][safepoint    ] Safepoint "RevokeBias", Time since last: 2507417375 ns, Reaching safepoint: 167365 ns, At safepoint: 19910 ns, Total: 187275 ns
[2020-02-27T07:15:54.258+0000][1][safepoint    ] Safepoint "RevokeBias", Time since last: 2516503596 ns, Reaching safepoint: 89849 ns, At safepoint: 20655 ns, Total: 110504 ns
[2020-02-27T07:15:56.769+0000][1][safepoint    ] Safepoint "RevokeBias", Time since last: 2511477042 ns, Reaching safepoint: 53637 ns, At safepoint: 16271 ns, Total: 69908 ns
[2020-02-27T07:15:59.280+0000][1][safepoint    ] Safepoint "RevokeBias", Time since last: 2511191388 ns, Reaching safepoint: 74367 ns, At safepoint: 17897 ns, Total: 92264 ns
[2020-02-27T07:16:01.789+0000][1][safepoint    ] Safepoint "RevokeBias", Time since last: 2508357051 ns, Reaching safepoint: 68790 ns, At safepoint: 16596 ns, Total: 85386 ns
[2020-02-27T07:16:04.295+0000][1][safepoint    ] Safepoint "RevokeBias", Time since last: 2506351556 ns, Reaching safepoint: 135706 ns, At safepoint: 21100 ns, Total: 156806 ns
[2020-02-27T07:16:06.801+0000][1][safepoint    ] Safepoint "RevokeBias", Time since last: 2505685195 ns, Reaching safepoint: 73787 ns, At safepoint: 18537 ns, Total: 92324 ns
[2020-02-27T07:16:09.307+0000][1][safepoint    ] Safepoint "RevokeBias", Time since last: 2506121102 ns, Reaching safepoint: 73383 ns, At safepoint: 17109 ns, Total: 90492 ns
[2020-02-27T07:16:11.810+0000][1][safepoint    ] Safepoint "RevokeBias", Time since last: 2502539418 ns, Reaching safepoint: 131051 ns, At safepoint: 17817 ns, Total: 148868 ns
[2020-02-27T07:16:14.315+0000][1][safepoint    ] Safepoint "RevokeBias", Time since last: 2504583944 ns, Reaching safepoint: 72736 ns, At safepoint: 17190 ns, Total: 89926 ns
[2020-02-27T07:16:16.819+0000][1][safepoint    ] Safepoint "RevokeBias", Time since last: 2504002657 ns, Reaching safepoint: 77434 ns, At safepoint: 18299 ns, Total: 95733 ns
[2020-02-27T07:16:19.323+0000][1][safepoint    ] Safepoint "RevokeBias", Time since last: 2504012431 ns, Reaching safepoint: 90278 ns, At safepoint: 20108 ns, Total: 110386 ns
[2020-02-27T07:16:21.826+0000][1][safepoint    ] Safepoint "RevokeBias", Time since last: 2502748538 ns, Reaching safepoint: 73929 ns, At safepoint: 17737 ns, Total: 91666 ns
[2020-02-27T07:16:24.332+0000][1][safepoint    ] Safepoint "RevokeBias", Time since last: 2505992195 ns, Reaching safepoint: 147376 ns, At safepoint: 27541 ns, Total: 174917 ns
[2020-02-27T07:16:26.835+0000][1][safepoint    ] Safepoint "RevokeBias", Time since last: 2503340920 ns, Reaching safepoint: 76011 ns, At safepoint: 18881 ns, Total: 94892 ns
[2020-02-27T07:16:29.341+0000][1][safepoint    ] Safepoint "RevokeBias", Time since last: 2505656345 ns, Reaching safepoint: 72228 ns, At safepoint: 18048 ns, Total: 90276 ns
[2020-02-27T07:16:31.846+0000][1][safepoint    ] Safepoint "BulkRevokeBias", Time since last: 2504490785 ns, Reaching safepoint: 75149 ns, At safepoint: 191596 ns, Total: 266745 ns
[2020-02-27T07:16:34.350+0000][1][safepoint    ] Safepoint "RevokeBias", Time since last: 2504511248 ns, Reaching safepoint: 91152 ns, At safepoint: 20893 ns, Total: 112045 ns
[2020-02-27T07:16:36.855+0000][1][safepoint    ] Safepoint "RevokeBias", Time since last: 2504829255 ns, Reaching safepoint: 151200 ns, At safepoint: 24923 ns, Total: 176123 ns
[2020-02-27T07:16:39.360+0000][1][safepoint    ] Safepoint "RevokeBias", Time since last: 2504817406 ns, Reaching safepoint: 71305 ns, At safepoint: 17209 ns, Total: 88514 ns
[2020-02-27T07:16:41.872+0000][1][safepoint    ] Safepoint "RevokeBias", Time since last: 2511239693 ns, Reaching safepoint: 77047 ns, At safepoint: 18152 ns, Total: 95199 ns
[2020-02-27T07:16:44.386+0000][1][safepoint    ] Safepoint "RevokeBias", Time since last: 2513880566 ns, Reaching safepoint: 57145 ns, At safepoint: 16758 ns, Total: 73903 ns
[2020-02-27T07:16:46.906+0000][1][safepoint    ] Safepoint "RevokeBias", Time since last: 2520290102 ns, Reaching safepoint: 71580 ns, At safepoint: 16767 ns, Total: 88347 ns
[2020-02-27T07:16:49.434+0000][1][safepoint    ] Safepoint "RevokeBias", Time since last: 2526160185 ns, Reaching safepoint: 1911154 ns, At safepoint: 29661 ns, Total: 1940815 ns
[2020-02-27T07:16:51.947+0000][1][safepoint    ] Safepoint "RevokeBias", Time since last: 2512462733 ns, Reaching safepoint: 168380 ns, At safepoint: 34476 ns, Total: 202856 ns
[2020-02-27T07:16:54.458+0000][1][safepoint    ] Safepoint "RevokeBias", Time since last: 2511334170 ns, Reaching safepoint: 83727 ns, At safepoint: 19020 ns, Total: 102747 ns
[2020-02-27T07:16:56.976+0000][1][safepoint    ] Safepoint "RevokeBias", Time since last: 2517641116 ns, Reaching safepoint: 80277 ns, At safepoint: 19853 ns, Total: 100130 ns
[2020-02-27T07:16:59.487+0000][1][safepoint    ] Safepoint "RevokeBias", Time since last: 2510668539 ns, Reaching safepoint: 70636 ns, At safepoint: 17326 ns, Total: 87962 ns
[2020-02-27T07:17:01.991+0000][1][safepoint    ] Safepoint "RevokeBias", Time since last: 2503999511 ns, Reaching safepoint: 73650 ns, At safepoint: 17466 ns, Total: 91116 ns
[2020-02-27T07:17:04.497+0000][1][safepoint    ] Safepoint "RevokeBias", Time since last: 2505873600 ns, Reaching safepoint: 89141 ns, At safepoint: 20293 ns, Total: 109434 ns
[2020-02-27T07:17:07.001+0000][1][safepoint    ] Safepoint "RevokeBias", Time since last: 2504279809 ns, Reaching safepoint: 73154 ns, At safepoint: 17467 ns, Total: 90621 ns
[2020-02-27T07:17:09.508+0000][1][safepoint    ] Safepoint "RevokeBias", Time since last: 2506471713 ns, Reaching safepoint: 121334 ns, At safepoint: 31759 ns, Total: 153093 ns
[2020-02-27T07:17:12.012+0000][1][safepoint    ] Safepoint "RevokeBias", Time since last: 2504276943 ns, Reaching safepoint: 105177 ns, At safepoint: 29901 ns, Total: 135078 ns
[2020-02-27T07:17:14.517+0000][1][safepoint    ] Safepoint "RevokeBias", Time since last: 2504402298 ns, Reaching safepoint: 91984 ns, At safepoint: 19373 ns, Total: 111357 ns
[2020-02-27T07:17:17.024+0000][1][safepoint    ] Safepoint "RevokeBias", Time since last: 2507496966 ns, Reaching safepoint: 78491 ns, At safepoint: 20253 ns, Total: 98744 ns
[2020-02-27T07:17:19.542+0000][1][safepoint    ] Safepoint "RevokeBias", Time since last: 2517440293 ns, Reaching safepoint: 91643 ns, At safepoint: 21954 ns, Total: 113597 ns
[2020-02-27T07:17:22.053+0000][1][safepoint    ] Safepoint "RevokeBias", Time since last: 2510958096 ns, Reaching safepoint: 86075 ns, At safepoint: 21465 ns, Total: 107540 ns
[2020-02-27T07:17:24.572+0000][1][safepoint    ] Safepoint "RevokeBias", Time since last: 2514336698 ns, Reaching safepoint: 4709691 ns, At safepoint: 27401 ns, Total: 4737092 ns
[2020-02-27T07:17:27.075+0000][1][safepoint    ] Safepoint "RevokeBias", Time since last: 2502649050 ns, Reaching safepoint: 111441 ns, At safepoint: 17654 ns, Total: 129095 ns
[2020-02-27T07:17:29.649+0000][1][safepoint    ] Safepoint "RevokeBias", Time since last: 2573881123 ns, Reaching safepoint: 180022 ns, At safepoint: 31713 ns, Total: 211735 ns
[2020-02-27T07:17:31.654+0000][1][safepoint    ] Safepoint "Cleanup", Time since last: 2004669287 ns, Reaching safepoint: 142874 ns, At safepoint: 10363 ns, Total: 153237 ns
[2020-02-27T07:17:32.167+0000][1][safepoint    ] Safepoint "RevokeBias", Time since last: 513460995 ns, Reaching safepoint: 74475 ns, At safepoint: 18581 ns, Total: 93056 ns
[2020-02-27T07:17:34.684+0000][1][safepoint    ] Safepoint "RevokeBias", Time since last: 2516373567 ns, Reaching safepoint: 111779 ns, At safepoint: 27407 ns, Total: 139186 ns
[2020-02-27T07:17:37.192+0000][1][safepoint    ] Safepoint "RevokeBias", Time since last: 2507864487 ns, Reaching safepoint: 75137 ns, At safepoint: 17691 ns, Total: 92828 ns
[2020-02-27T07:17:39.698+0000][1][safepoint    ] Safepoint "RevokeBias", Time since last: 2505921414 ns, Reaching safepoint: 71540 ns, At safepoint: 17740 ns, Total: 89280 ns
[2020-02-27T07:17:42.202+0000][1][safepoint    ] Safepoint "RevokeBias", Time since last: 2504564895 ns, Reaching safepoint: 99603 ns, At safepoint: 20060 ns, Total: 119663 ns
[2020-02-27T07:17:44.708+0000][1][safepoint    ] Safepoint "BulkRevokeBias", Time since last: 2505365610 ns, Reaching safepoint: 93632 ns, At safepoint: 351928 ns, Total: 445560 ns
[2020-02-27T07:17:47.214+0000][1][safepoint    ] Safepoint "RevokeBias", Time since last: 2505497791 ns, Reaching safepoint: 71047 ns, At safepoint: 105593 ns, Total: 176640 ns
[2020-02-27T07:17:49.745+0000][1][safepoint    ] Safepoint "RevokeBias", Time since last: 2530889454 ns, Reaching safepoint: 90633 ns, At safepoint: 22597 ns, Total: 113230 ns
[2020-02-27T07:17:52.252+0000][1][safepoint    ] Safepoint "RevokeBias", Time since last: 2507017173 ns, Reaching safepoint: 245772 ns, At safepoint: 34000 ns, Total: 279772 ns
[2020-02-27T07:17:53.258+0000][1][gc,start     ] GC(102) Pause Young (Allocation Failure)
[2020-02-27T07:17:53.258+0000][1][gc,task      ] GC(102) Using 1 workers of 1 for evacuation
[2020-02-27T07:17:53.269+0000][1][gc,age       ] GC(102) Desired survivor size 4358144 bytes, new threshold 6 (max threshold 6)
[2020-02-27T07:17:53.270+0000][1][gc,age       ] GC(102) Age table with threshold 6 (max threshold 6)
[2020-02-27T07:17:53.270+0000][1][gc,age       ] GC(102) - age   1:      12544 bytes,      12544 total
[2020-02-27T07:17:53.270+0000][1][gc,age       ] GC(102) - age   4:        448 bytes,      12992 total
[2020-02-27T07:17:53.270+0000][1][gc,age       ] GC(102) - age   5:        168 bytes,      13160 total
[2020-02-27T07:17:53.270+0000][1][gc,heap      ] GC(102) ParNew: 68177K->13K(76672K)
[2020-02-27T07:17:53.270+0000][1][gc,heap      ] GC(102) CMS: 62505K->62505K(963392K)
[2020-02-27T07:17:53.270+0000][1][gc,metaspace ] GC(102) Metaspace: 80083K->80083K(1122304K)
[2020-02-27T07:17:53.270+0000][1][gc           ] GC(102) Pause Young (Allocation Failure) 127M->61M(1015M) 11.719ms
[2020-02-27T07:17:53.270+0000][1][gc,cpu       ] GC(102) User=0.01s Sys=0.00s Real=0.01s
[2020-02-27T07:17:53.270+0000][1][safepoint    ] Safepoint "GenCollectForAllocation", Time since last: 1005552036 ns, Reaching safepoint: 77259 ns, At safepoint: 11776823 ns, Total: 11854082 ns
[2020-02-27T07:17:54.760+0000][1][safepoint    ] Safepoint "RevokeBias", Time since last: 1490466388 ns, Reaching safepoint: 85129 ns, At safepoint: 20397 ns, Total: 105526 ns
[2020-02-27T07:17:57.280+0000][1][safepoint    ] Safepoint "RevokeBias", Time since last: 2519761413 ns, Reaching safepoint: 73393 ns, At safepoint: 17928 ns, Total: 91321 ns
[2020-02-27T07:17:59.793+0000][1][safepoint    ] Safepoint "RevokeBias", Time since last: 2512663762 ns, Reaching safepoint: 80156 ns, At safepoint: 20193 ns, Total: 100349 ns
[2020-02-27T07:18:02.304+0000][1][safepoint    ] Safepoint "RevokeBias", Time since last: 2510860532 ns, Reaching safepoint: 82032 ns, At safepoint: 18945 ns, Total: 100977 ns
[2020-02-27T07:18:04.817+0000][1][safepoint    ] Safepoint "RevokeBias", Time since last: 2512948164 ns, Reaching safepoint: 150021 ns, At safepoint: 24827 ns, Total: 174848 ns
[2020-02-27T07:18:07.331+0000][1][safepoint    ] Safepoint "RevokeBias", Time since last: 2514151223 ns, Reaching safepoint: 94784 ns, At safepoint: 140618 ns, Total: 235402 ns
[2020-02-27T07:18:09.839+0000][1][safepoint    ] Safepoint "RevokeBias", Time since last: 2508077363 ns, Reaching safepoint: 71379 ns, At safepoint: 18360 ns, Total: 89739 ns
[2020-02-27T07:18:12.358+0000][1][safepoint    ] Safepoint "RevokeBias", Time since last: 2518741493 ns, Reaching safepoint: 85125 ns, At safepoint: 28684 ns, Total: 113809 ns
[2020-02-27T07:18:14.868+0000][1][safepoint    ] Safepoint "RevokeBias", Time since last: 2509239470 ns, Reaching safepoint: 82299 ns, At safepoint: 25650 ns, Total: 107949 ns
[2020-02-27T07:18:17.375+0000][1][safepoint    ] Safepoint "RevokeBias", Time since last: 2507430962 ns, Reaching safepoint: 95978 ns, At safepoint: 25350 ns, Total: 121328 ns
[2020-02-27T07:18:19.882+0000][1][safepoint    ] Safepoint "RevokeBias", Time since last: 2506342352 ns, Reaching safepoint: 72093 ns, At safepoint: 17710 ns, Total: 89803 ns
[2020-02-27T07:18:22.385+0000][1][safepoint    ] Safepoint "RevokeBias", Time since last: 2503489257 ns, Reaching safepoint: 109056 ns, At safepoint: 67506 ns, Total: 176562 ns
[2020-02-27T07:18:24.922+0000][1][safepoint    ] Safepoint "RevokeBias", Time since last: 2536905174 ns, Reaching safepoint: 98122 ns, At safepoint: 25436 ns, Total: 123558 ns
[2020-02-27T07:18:27.429+0000][1][safepoint    ] Safepoint "RevokeBias", Time since last: 2506059286 ns, Reaching safepoint: 73666 ns, At safepoint: 17655 ns, Total: 91321 ns
[2020-02-27T07:18:29.934+0000][1][safepoint    ] Safepoint "RevokeBias", Time since last: 2505190989 ns, Reaching safepoint: 116790 ns, At safepoint: 24895 ns, Total: 141685 ns
[2020-02-27T07:18:32.437+0000][1][safepoint    ] Safepoint "RevokeBias", Time since last: 2502656892 ns, Reaching safepoint: 77000 ns, At safepoint: 19059 ns, Total: 96059 ns
[2020-02-27T07:18:34.943+0000][1][safepoint    ] Safepoint "RevokeBias", Time since last: 2506651898 ns, Reaching safepoint: 90633 ns, At safepoint: 21602 ns, Total: 112235 ns
[2020-02-27T07:18:37.450+0000][1][safepoint    ] Safepoint "RevokeBias", Time since last: 2506880490 ns, Reaching safepoint: 91577 ns, At safepoint: 20220 ns, Total: 111797 ns
[2020-02-27T07:18:39.957+0000][1][safepoint    ] Safepoint "RevokeBias", Time since last: 2506167946 ns, Reaching safepoint: 80949 ns, At safepoint: 88951 ns, Total: 169900 ns
[2020-02-27T07:18:42.463+0000][1][safepoint    ] Safepoint "RevokeBias", Time since last: 2506068570 ns, Reaching safepoint: 129339 ns, At safepoint: 37015 ns, Total: 166354 ns
[2020-02-27T07:18:44.977+0000][1][safepoint    ] Safepoint "RevokeBias", Time since last: 2514256130 ns, Reaching safepoint: 81400 ns, At safepoint: 19021 ns, Total: 100421 ns
[2020-02-27T07:18:47.488+0000][1][safepoint    ] Safepoint "RevokeBias", Time since last: 2510443408 ns, Reaching safepoint: 128200 ns, At safepoint: 26447 ns, Total: 154647 ns
[2020-02-27T07:18:50.016+0000][1][safepoint    ] Safepoint "RevokeBias", Time since last: 2524398978 ns, Reaching safepoint: 4016221 ns, At safepoint: 25547 ns, Total: 4041768 ns
[2020-02-27T07:18:52.527+0000][1][safepoint    ] Safepoint "RevokeBias", Time since last: 2510585923 ns, Reaching safepoint: 74565 ns, At safepoint: 17603 ns, Total: 92168 ns
[2020-02-27T07:18:55.050+0000][1][safepoint    ] Safepoint "RevokeBias", Time since last: 2523237562 ns, Reaching safepoint: 137791 ns, At safepoint: 31906 ns, Total: 169697 ns
[2020-02-27T07:18:57.560+0000][1][safepoint    ] Safepoint "BulkRevokeBias", Time since last: 2508862491 ns, Reaching safepoint: 96676 ns, At safepoint: 270756 ns, Total: 367432 ns
[2020-02-27T07:19:00.067+0000][1][safepoint    ] Safepoint "RevokeBias", Time since last: 2506936670 ns, Reaching safepoint: 102340 ns, At safepoint: 26514 ns, Total: 128854 ns
[2020-02-27T07:19:02.579+0000][1][safepoint    ] Safepoint "RevokeBias", Time since last: 2512621731 ns, Reaching safepoint: 134267 ns, At safepoint: 19334 ns, Total: 153601 ns
[2020-02-27T07:19:05.086+0000][1][safepoint    ] Safepoint "RevokeBias", Time since last: 2506702077 ns, Reaching safepoint: 70394 ns, At safepoint: 18481 ns, Total: 88875 ns
[2020-02-27T07:19:07.592+0000][1][safepoint    ] Safepoint "RevokeBias", Time since last: 2505263088 ns, Reaching safepoint: 94132 ns, At safepoint: 26148 ns, Total: 120280 ns
[2020-02-27T07:19:10.099+0000][1][safepoint    ] Safepoint "RevokeBias", Time since last: 2506865269 ns, Reaching safepoint: 106438 ns, At safepoint: 30493 ns, Total: 136931 ns
[2020-02-27T07:19:12.603+0000][1][safepoint    ] Safepoint "RevokeBias", Time since last: 2504177882 ns, Reaching safepoint: 74426 ns, At safepoint: 17342 ns, Total: 91768 ns
[2020-02-27T07:19:15.107+0000][1][safepoint    ] Safepoint "RevokeBias", Time since last: 2503469922 ns, Reaching safepoint: 88831 ns, At safepoint: 121972 ns, Total: 210803 ns
[2020-02-27T07:19:17.613+0000][1][safepoint    ] Safepoint "RevokeBias", Time since last: 2505867313 ns, Reaching safepoint: 127275 ns, At safepoint: 51556 ns, Total: 178831 ns
[2020-02-27T07:19:20.121+0000][1][safepoint    ] Safepoint "RevokeBias", Time since last: 2507892884 ns, Reaching safepoint: 96954 ns, At safepoint: 26535 ns, Total: 123489 ns
[2020-02-27T07:19:22.625+0000][1][safepoint    ] Safepoint "RevokeBias", Time since last: 2504698112 ns, Reaching safepoint: 96414 ns, At safepoint: 25968 ns, Total: 122382 ns
[2020-02-27T07:19:25.131+0000][1][safepoint    ] Safepoint "RevokeBias", Time since last: 2505591702 ns, Reaching safepoint: 71181 ns, At safepoint: 119064 ns, Total: 190245 ns
[2020-02-27T07:19:27.654+0000][1][safepoint    ] Safepoint "RevokeBias", Time since last: 2522618364 ns, Reaching safepoint: 90063 ns, At safepoint: 26543 ns, Total: 116606 ns
[2020-02-27T07:19:30.168+0000][1][safepoint    ] Safepoint "RevokeBias", Time since last: 2513918278 ns, Reaching safepoint: 82917 ns, At safepoint: 21450 ns, Total: 104367 ns
[2020-02-27T07:19:32.682+0000][1][safepoint    ] Safepoint "RevokeBias", Time since last: 2513561724 ns, Reaching safepoint: 73389 ns, At safepoint: 17094 ns, Total: 90483 ns
[2020-02-27T07:19:35.192+0000][1][safepoint    ] Safepoint "RevokeBias", Time since last: 2509711324 ns, Reaching safepoint: 96226 ns, At safepoint: 26058 ns, Total: 122284 ns
[2020-02-27T07:19:37.704+0000][1][safepoint    ] Safepoint "RevokeBias", Time since last: 2512686964 ns, Reaching safepoint: 80987 ns, At safepoint: 19088 ns, Total: 100075 ns
[2020-02-27T07:19:40.214+0000][1][safepoint    ] Safepoint "RevokeBias", Time since last: 2510013056 ns, Reaching safepoint: 57152 ns, At safepoint: 16524 ns, Total: 73676 ns
[2020-02-27T07:19:42.730+0000][1][safepoint    ] Safepoint "RevokeBias", Time since last: 2515454756 ns, Reaching safepoint: 75907 ns, At safepoint: 18595 ns, Total: 94502 ns
[2020-02-27T07:19:45.238+0000][1][safepoint    ] Safepoint "RevokeBias", Time since last: 2508298503 ns, Reaching safepoint: 171091 ns, At safepoint: 31064 ns, Total: 202155 ns
[2020-02-27T07:19:47.748+0000][1][safepoint    ] Safepoint "RevokeBias", Time since last: 2509609620 ns, Reaching safepoint: 99476 ns, At safepoint: 22629 ns, Total: 122105 ns
[2020-02-27T07:19:50.260+0000][1][safepoint    ] Safepoint "RevokeBias", Time since last: 2511922731 ns, Reaching safepoint: 71811 ns, At safepoint: 18196 ns, Total: 90007 ns
[2020-02-27T07:19:52.762+0000][1][safepoint    ] Safepoint "RevokeBias", Time since last: 2501948914 ns, Reaching safepoint: 109338 ns, At safepoint: 32107 ns, Total: 141445 ns
[2020-02-27T07:19:55.270+0000][1][safepoint    ] Safepoint "RevokeBias", Time since last: 2507279492 ns, Reaching safepoint: 102788 ns, At safepoint: 21377 ns, Total: 124165 ns
[2020-02-27T07:19:57.775+0000][1][safepoint    ] Safepoint "RevokeBias", Time since last: 2504868674 ns, Reaching safepoint: 75812 ns, At safepoint: 18226 ns, Total: 94038 ns
[2020-02-27T07:20:00.281+0000][1][safepoint    ] Safepoint "RevokeBias", Time since last: 2505860199 ns, Reaching safepoint: 126301 ns, At safepoint: 25079 ns, Total: 151380 ns
[2020-02-27T07:20:02.794+0000][1][safepoint    ] Safepoint "RevokeBias", Time since last: 2512998541 ns, Reaching safepoint: 82184 ns, At safepoint: 28622 ns, Total: 110806 ns
[2020-02-27T07:20:05.302+0000][1][safepoint    ] Safepoint "RevokeBias", Time since last: 2508094652 ns, Reaching safepoint: 77048 ns, At safepoint: 19074 ns, Total: 96122 ns
[2020-02-27T07:20:07.808+0000][1][safepoint    ] Safepoint "RevokeBias", Time since last: 2505887334 ns, Reaching safepoint: 201274 ns, At safepoint: 22010 ns, Total: 223284 ns
[2020-02-27T07:20:10.314+0000][1][safepoint    ] Safepoint "BulkRevokeBias", Time since last: 2505367124 ns, Reaching safepoint: 107358 ns, At safepoint: 663492 ns, Total: 770850 ns
[2020-02-27T07:20:12.819+0000][1][safepoint    ] Safepoint "RevokeBias", Time since last: 2505027261 ns, Reaching safepoint: 137772 ns, At safepoint: 24157 ns, Total: 161929 ns
[2020-02-27T07:20:12.988+0000][1][gc,start     ] GC(103) Pause Young (Allocation Failure)
[2020-02-27T07:20:12.988+0000][1][gc,task      ] GC(103) Using 1 workers of 1 for evacuation
[2020-02-27T07:20:12.999+0000][1][gc,age       ] GC(103) Desired survivor size 4358144 bytes, new threshold 6 (max threshold 6)
[2020-02-27T07:20:12.999+0000][1][gc,age       ] GC(103) Age table with threshold 6 (max threshold 6)
[2020-02-27T07:20:12.999+0000][1][gc,age       ] GC(103) - age   1:      11824 bytes,      11824 total
[2020-02-27T07:20:12.999+0000][1][gc,age       ] GC(103) - age   2:       1648 bytes,      13472 total
[2020-02-27T07:20:12.999+0000][1][gc,age       ] GC(103) - age   5:        448 bytes,      13920 total
[2020-02-27T07:20:12.999+0000][1][gc,age       ] GC(103) - age   6:        168 bytes,      14088 total
[2020-02-27T07:20:12.999+0000][1][gc,heap      ] GC(103) ParNew: 68173K->26K(76672K)
[2020-02-27T07:20:12.999+0000][1][gc,heap      ] GC(103) CMS: 62505K->62505K(963392K)
[2020-02-27T07:20:12.999+0000][1][gc,metaspace ] GC(103) Metaspace: 80083K->80083K(1122304K)
[2020-02-27T07:20:12.999+0000][1][gc           ] GC(103) Pause Young (Allocation Failure) 127M->61M(1015M) 10.511ms
[2020-02-27T07:20:12.999+0000][1][gc,cpu       ] GC(103) User=0.01s Sys=0.00s Real=0.01s
[2020-02-27T07:20:12.999+0000][1][safepoint    ] Safepoint "GenCollectForAllocation", Time since last: 168778625 ns, Reaching safepoint: 84032 ns, At safepoint: 10574190 ns, Total: 10658222 ns
[2020-02-27T07:20:15.324+0000][1][safepoint    ] Safepoint "RevokeBias", Time since last: 2325243650 ns, Reaching safepoint: 124664 ns, At safepoint: 65824 ns, Total: 190488 ns
[2020-02-27T07:20:17.828+0000][1][safepoint    ] Safepoint "RevokeBias", Time since last: 2503549139 ns, Reaching safepoint: 71564 ns, At safepoint: 17253 ns, Total: 88817 ns
[2020-02-27T07:20:20.344+0000][1][safepoint    ] Safepoint "RevokeBias", Time since last: 2515769637 ns, Reaching safepoint: 92633 ns, At safepoint: 24677 ns, Total: 117310 ns
[2020-02-27T07:20:22.853+0000][1][safepoint    ] Safepoint "RevokeBias", Time since last: 2509400507 ns, Reaching safepoint: 77433 ns, At safepoint: 18276 ns, Total: 95709 ns
[2020-02-27T07:20:25.369+0000][1][safepoint    ] Safepoint "RevokeBias", Time since last: 2515785794 ns, Reaching safepoint: 130085 ns, At safepoint: 33611 ns, Total: 163696 ns
[2020-02-27T07:20:27.889+0000][1][safepoint    ] Safepoint "RevokeBias", Time since last: 2519927099 ns, Reaching safepoint: 108742 ns, At safepoint: 25360 ns, Total: 134102 ns
[2020-02-27T07:20:30.400+0000][1][safepoint    ] Safepoint "RevokeBias", Time since last: 2510594201 ns, Reaching safepoint: 152654 ns, At safepoint: 25607 ns, Total: 178261 ns
[2020-02-27T07:20:32.910+0000][1][safepoint    ] Safepoint "RevokeBias", Time since last: 2509590760 ns, Reaching safepoint: 89291 ns, At safepoint: 19463 ns, Total: 108754 ns
[2020-02-27T07:20:35.429+0000][1][safepoint    ] Safepoint "RevokeBias", Time since last: 2518668668 ns, Reaching safepoint: 151331 ns, At safepoint: 38435 ns, Total: 189766 ns
[2020-02-27T07:20:37.942+0000][1][safepoint    ] Safepoint "RevokeBias", Time since last: 2513102623 ns, Reaching safepoint: 115645 ns, At safepoint: 30225 ns, Total: 145870 ns
[2020-02-27T07:20:40.448+0000][1][safepoint    ] Safepoint "RevokeBias", Time since last: 2506318886 ns, Reaching safepoint: 131889 ns, At safepoint: 32002 ns, Total: 163891 ns
[2020-02-27T07:20:42.951+0000][1][safepoint    ] Safepoint "RevokeBias", Time since last: 2502614223 ns, Reaching safepoint: 74366 ns, At safepoint: 81257 ns, Total: 155623 ns
[2020-02-27T07:20:45.454+0000][1][safepoint    ] Safepoint "RevokeBias", Time since last: 2502851781 ns, Reaching safepoint: 77736 ns, At safepoint: 18352 ns, Total: 96088 ns
[2020-02-27T07:20:47.959+0000][1][safepoint    ] Safepoint "RevokeBias", Time since last: 2504476842 ns, Reaching safepoint: 76048 ns, At safepoint: 18437 ns, Total: 94485 ns
[2020-02-27T07:20:50.465+0000][1][safepoint    ] Safepoint "RevokeBias", Time since last: 2505915366 ns, Reaching safepoint: 75987 ns, At safepoint: 17927 ns, Total: 93914 ns
[2020-02-27T07:20:52.967+0000][1][safepoint    ] Safepoint "RevokeBias", Time since last: 2502045792 ns, Reaching safepoint: 135851 ns, At safepoint: 90809 ns, Total: 226660 ns
[2020-02-27T07:20:55.473+0000][1][safepoint    ] Safepoint "RevokeBias", Time since last: 2506309066 ns, Reaching safepoint: 76293 ns, At safepoint: 17736 ns, Total: 94029 ns
[2020-02-27T07:20:57.978+0000][1][safepoint    ] Safepoint "RevokeBias", Time since last: 2504897387 ns, Reaching safepoint: 76087 ns, At safepoint: 17899 ns, Total: 93986 ns
[2020-02-27T07:21:00.482+0000][1][safepoint    ] Safepoint "RevokeBias", Time since last: 2503332515 ns, Reaching safepoint: 137778 ns, At safepoint: 20124 ns, Total: 157902 ns
[2020-02-27T07:21:02.986+0000][1][safepoint    ] Safepoint "RevokeBias", Time since last: 2503788948 ns, Reaching safepoint: 215746 ns, At safepoint: 23479 ns, Total: 239225 ns
[2020-02-27T07:21:05.492+0000][1][safepoint    ] Safepoint "RevokeBias", Time since last: 2505912179 ns, Reaching safepoint: 74462 ns, At safepoint: 19675 ns, Total: 94137 ns
[2020-02-27T07:21:07.995+0000][1][safepoint    ] Safepoint "RevokeBias", Time since last: 2502722399 ns, Reaching safepoint: 74237 ns, At safepoint: 17740 ns, Total: 91977 ns
[2020-02-27T07:21:10.500+0000][1][safepoint    ] Safepoint "RevokeBias", Time since last: 2505454393 ns, Reaching safepoint: 71835 ns, At safepoint: 17173 ns, Total: 89008 ns
[2020-02-27T07:21:13.018+0000][1][safepoint    ] Safepoint "RevokeBias", Time since last: 2517728901 ns, Reaching safepoint: 74679 ns, At safepoint: 18618 ns, Total: 93297 ns
[2020-02-27T07:21:15.528+0000][1][safepoint    ] Safepoint "RevokeBias", Time since last: 2509985247 ns, Reaching safepoint: 74495 ns, At safepoint: 62592 ns, Total: 137087 ns
[2020-02-27T07:21:18.045+0000][1][safepoint    ] Safepoint "RevokeBias", Time since last: 2516339384 ns, Reaching safepoint: 75942 ns, At safepoint: 18851 ns, Total: 94793 ns
[2020-02-27T07:21:20.556+0000][1][safepoint    ] Safepoint "RevokeBias", Time since last: 2511514002 ns, Reaching safepoint: 70967 ns, At safepoint: 17171 ns, Total: 88138 ns
[2020-02-27T07:21:23.070+0000][1][safepoint    ] Safepoint "BulkRevokeBias", Time since last: 2513065095 ns, Reaching safepoint: 80509 ns, At safepoint: 189773 ns, Total: 270282 ns
[2020-02-27T07:21:25.581+0000][1][safepoint    ] Safepoint "RevokeBias", Time since last: 2510993391 ns, Reaching safepoint: 198535 ns, At safepoint: 25936 ns, Total: 224471 ns
[2020-02-27T07:21:28.093+0000][1][safepoint    ] Safepoint "RevokeBias", Time since last: 2512255658 ns, Reaching safepoint: 103263 ns, At safepoint: 25877 ns, Total: 129140 ns
[2020-02-27T07:21:30.608+0000][1][safepoint    ] Safepoint "RevokeBias", Time since last: 2514972575 ns, Reaching safepoint: 71658 ns, At safepoint: 16904 ns, Total: 88562 ns
[2020-02-27T07:21:33.142+0000][1][safepoint    ] Safepoint "RevokeBias", Time since last: 2527883717 ns, Reaching safepoint: 5459799 ns, At safepoint: 145641 ns, Total: 5605440 ns
[2020-02-27T07:21:35.648+0000][1][safepoint    ] Safepoint "RevokeBias", Time since last: 2506360563 ns, Reaching safepoint: 123771 ns, At safepoint: 87498 ns, Total: 211269 ns
[2020-02-27T07:21:38.153+0000][1][safepoint    ] Safepoint "RevokeBias", Time since last: 2504538347 ns, Reaching safepoint: 73164 ns, At safepoint: 17481 ns, Total: 90645 ns
[2020-02-27T07:21:40.659+0000][1][safepoint    ] Safepoint "RevokeBias", Time since last: 2505555800 ns, Reaching safepoint: 98375 ns, At safepoint: 21322 ns, Total: 119697 ns
[2020-02-27T07:21:43.162+0000][1][safepoint    ] Safepoint "RevokeBias", Time since last: 2503589121 ns, Reaching safepoint: 74614 ns, At safepoint: 16867 ns, Total: 91481 ns
[2020-02-27T07:21:45.666+0000][1][safepoint    ] Safepoint "RevokeBias", Time since last: 2503849736 ns, Reaching safepoint: 158238 ns, At safepoint: 32505 ns, Total: 190743 ns
[2020-02-27T07:21:48.171+0000][1][safepoint    ] Safepoint "RevokeBias", Time since last: 2504982416 ns, Reaching safepoint: 60510 ns, At safepoint: 16722 ns, Total: 77232 ns
[2020-02-27T07:21:50.175+0000][1][safepoint    ] Safepoint "Cleanup", Time since last: 2003978149 ns, Reaching safepoint: 106122 ns, At safepoint: 10101 ns, Total: 116223 ns
[2020-02-27T07:21:50.678+0000][1][safepoint    ] Safepoint "RevokeBias", Time since last: 502308428 ns, Reaching safepoint: 73960 ns, At safepoint: 18094 ns, Total: 92054 ns
[2020-02-27T07:21:53.182+0000][1][safepoint    ] Safepoint "RevokeBias", Time since last: 2504118539 ns, Reaching safepoint: 75761 ns, At safepoint: 18158 ns, Total: 93919 ns
[2020-02-27T07:21:55.688+0000][1][safepoint    ] Safepoint "RevokeBias", Time since last: 2506283141 ns, Reaching safepoint: 54134 ns, At safepoint: 15248 ns, Total: 69382 ns
[2020-02-27T07:21:58.191+0000][1][safepoint    ] Safepoint "RevokeBias", Time since last: 2502369669 ns, Reaching safepoint: 94046 ns, At safepoint: 17710 ns, Total: 111756 ns
[2020-02-27T07:22:00.698+0000][1][safepoint    ] Safepoint "RevokeBias", Time since last: 2506635074 ns, Reaching safepoint: 80670 ns, At safepoint: 19733 ns, Total: 100403 ns
[2020-02-27T07:22:03.202+0000][1][safepoint    ] Safepoint "RevokeBias", Time since last: 2504747313 ns, Reaching safepoint: 78179 ns, At safepoint: 18539 ns, Total: 96718 ns
[2020-02-27T07:22:05.710+0000][1][safepoint    ] Safepoint "RevokeBias", Time since last: 2507635299 ns, Reaching safepoint: 179730 ns, At safepoint: 50850 ns, Total: 230580 ns
[2020-02-27T07:22:08.215+0000][1][safepoint    ] Safepoint "RevokeBias", Time since last: 2505037634 ns, Reaching safepoint: 72829 ns, At safepoint: 17217 ns, Total: 90046 ns
[2020-02-27T07:22:10.730+0000][1][safepoint    ] Safepoint "RevokeBias", Time since last: 2514854060 ns, Reaching safepoint: 95370 ns, At safepoint: 24124 ns, Total: 119494 ns
[2020-02-27T07:22:13.239+0000][1][safepoint    ] Safepoint "RevokeBias", Time since last: 2508304562 ns, Reaching safepoint: 74132 ns, At safepoint: 17040 ns, Total: 91172 ns
[2020-02-27T07:22:15.753+0000][1][safepoint    ] Safepoint "RevokeBias", Time since last: 2513519151 ns, Reaching safepoint: 177691 ns, At safepoint: 37508 ns, Total: 215199 ns
[2020-02-27T07:22:18.269+0000][1][safepoint    ] Safepoint "RevokeBias", Time since last: 2516666965 ns, Reaching safepoint: 57036 ns, At safepoint: 16227 ns, Total: 73263 ns
[2020-02-27T07:22:20.781+0000][1][safepoint    ] Safepoint "RevokeBias", Time since last: 2511488772 ns, Reaching safepoint: 92569 ns, At safepoint: 26377 ns, Total: 118946 ns
[2020-02-27T07:22:22.782+0000][1][safepoint    ] Safepoint "Cleanup", Time since last: 2000514953 ns, Reaching safepoint: 121874 ns, At safepoint: 14018 ns, Total: 135892 ns
[2020-02-27T07:22:23.291+0000][1][safepoint    ] Safepoint "RevokeBias", Time since last: 509430334 ns, Reaching safepoint: 74510 ns, At safepoint: 17690 ns, Total: 92200 ns
[2020-02-27T07:22:25.797+0000][1][safepoint    ] Safepoint "RevokeBias", Time since last: 2506215069 ns, Reaching safepoint: 187372 ns, At safepoint: 24902 ns, Total: 212274 ns
[2020-02-27T07:22:28.304+0000][1][safepoint    ] Safepoint "RevokeBias", Time since last: 2506458915 ns, Reaching safepoint: 171941 ns, At safepoint: 21487 ns, Total: 193428 ns
[2020-02-27T07:22:30.807+0000][1][gc,start     ] GC(104) Pause Young (Allocation Failure)
[2020-02-27T07:22:30.807+0000][1][gc,task      ] GC(104) Using 1 workers of 1 for evacuation
[2020-02-27T07:22:30.819+0000][1][gc,age       ] GC(104) Desired survivor size 4358144 bytes, new threshold 6 (max threshold 6)
[2020-02-27T07:22:30.819+0000][1][gc,age       ] GC(104) Age table with threshold 6 (max threshold 6)
[2020-02-27T07:22:30.819+0000][1][gc,age       ] GC(104) - age   1:      12600 bytes,      12600 total
[2020-02-27T07:22:30.819+0000][1][gc,age       ] GC(104) - age   3:       1648 bytes,      14248 total
[2020-02-27T07:22:30.819+0000][1][gc,age       ] GC(104) - age   6:        216 bytes,      14464 total
[2020-02-27T07:22:30.819+0000][1][gc,heap      ] GC(104) ParNew: 68181K->16K(76672K)
[2020-02-27T07:22:30.819+0000][1][gc,heap      ] GC(104) CMS: 62505K->62505K(963392K)
[2020-02-27T07:22:30.819+0000][1][gc,metaspace ] GC(104) Metaspace: 80083K->80083K(1122304K)
[2020-02-27T07:22:30.819+0000][1][gc           ] GC(104) Pause Young (Allocation Failure) 127M->61M(1015M) 12.231ms
[2020-02-27T07:22:30.819+0000][1][gc,cpu       ] GC(104) User=0.02s Sys=0.00s Real=0.01s
[2020-02-27T07:22:30.819+0000][1][safepoint    ] Safepoint "GenCollectForAllocation", Time since last: 2502551279 ns, Reaching safepoint: 74686 ns, At safepoint: 12341170 ns, Total: 12415856 ns
[2020-02-27T07:22:30.820+0000][1][safepoint    ] Safepoint "RevokeBias", Time since last: 1094723 ns, Reaching safepoint: 105267 ns, At safepoint: 17360 ns, Total: 122627 ns
[2020-02-27T07:22:32.595+0000][1][safepoint    ] Safepoint "Cleanup", Time since last: 1775011519 ns, Reaching safepoint: 89525 ns, At safepoint: 8619 ns, Total: 98144 ns
[2020-02-27T07:22:33.323+0000][1][safepoint    ] Safepoint "RevokeBias", Time since last: 727536702 ns, Reaching safepoint: 84256 ns, At safepoint: 20297 ns, Total: 104553 ns
[2020-02-27T07:22:35.829+0000][1][safepoint    ] Safepoint "BulkRevokeBias", Time since last: 2505420710 ns, Reaching safepoint: 157860 ns, At safepoint: 251367 ns, Total: 409227 ns
[2020-02-27T07:22:38.336+0000][1][safepoint    ] Safepoint "RevokeBias", Time since last: 2506684174 ns, Reaching safepoint: 78894 ns, At safepoint: 17100 ns, Total: 95994 ns
[2020-02-27T07:22:40.842+0000][1][safepoint    ] Safepoint "RevokeBias", Time since last: 2505881825 ns, Reaching safepoint: 134297 ns, At safepoint: 20862 ns, Total: 155159 ns
[2020-02-27T07:22:43.345+0000][1][safepoint    ] Safepoint "RevokeBias", Time since last: 2503089151 ns, Reaching safepoint: 78991 ns, At safepoint: 41316 ns, Total: 120307 ns
[2020-02-27T07:22:45.848+0000][1][safepoint    ] Safepoint "RevokeBias", Time since last: 2502662643 ns, Reaching safepoint: 79489 ns, At safepoint: 18007 ns, Total: 97496 ns
[2020-02-27T07:22:48.353+0000][1][safepoint    ] Safepoint "RevokeBias", Time since last: 2504729722 ns, Reaching safepoint: 73637 ns, At safepoint: 17796 ns, Total: 91433 ns
[2020-02-27T07:22:50.859+0000][1][safepoint    ] Safepoint "RevokeBias", Time since last: 2506053280 ns, Reaching safepoint: 72796 ns, At safepoint: 18172 ns, Total: 90968 ns
[2020-02-27T07:22:51.860+0000][1][safepoint    ] Safepoint "Cleanup", Time since last: 1000765903 ns, Reaching safepoint: 87551 ns, At safepoint: 9130 ns, Total: 96681 ns
[2020-02-27T07:22:53.364+0000][1][safepoint    ] Safepoint "RevokeBias", Time since last: 1504471607 ns, Reaching safepoint: 74931 ns, At safepoint: 18191 ns, Total: 93122 ns
[2020-02-27T07:22:55.870+0000][1][safepoint    ] Safepoint "RevokeBias", Time since last: 2505898919 ns, Reaching safepoint: 88733 ns, At safepoint: 20878 ns, Total: 109611 ns
[2020-02-27T07:22:58.383+0000][1][safepoint    ] Safepoint "RevokeBias", Time since last: 2513199942 ns, Reaching safepoint: 90391 ns, At safepoint: 22395 ns, Total: 112786 ns
[2020-02-27T07:23:00.895+0000][1][safepoint    ] Safepoint "RevokeBias", Time since last: 2511289063 ns, Reaching safepoint: 71333 ns, At safepoint: 17344 ns, Total: 88677 ns
[2020-02-27T07:23:03.403+0000][1][safepoint    ] Safepoint "RevokeBias", Time since last: 2508025059 ns, Reaching safepoint: 56915 ns, At safepoint: 15704 ns, Total: 72619 ns
[2020-02-27T07:23:05.912+0000][1][safepoint    ] Safepoint "RevokeBias", Time since last: 2509343705 ns, Reaching safepoint: 105098 ns, At safepoint: 24290 ns, Total: 129388 ns
[2020-02-27T07:23:08.426+0000][1][safepoint    ] Safepoint "RevokeBias", Time since last: 2513002813 ns, Reaching safepoint: 132175 ns, At safepoint: 28797 ns, Total: 160972 ns
[2020-02-27T07:23:10.942+0000][1][safepoint    ] Safepoint "RevokeBias", Time since last: 2516716872 ns, Reaching safepoint: 75616 ns, At safepoint: 18445 ns, Total: 94061 ns
[2020-02-27T07:23:13.455+0000][1][safepoint    ] Safepoint "RevokeBias", Time since last: 2512516869 ns, Reaching safepoint: 73554 ns, At safepoint: 17505 ns, Total: 91059 ns
[2020-02-27T07:23:15.967+0000][1][safepoint    ] Safepoint "RevokeBias", Time since last: 2511776780 ns, Reaching safepoint: 75521 ns, At safepoint: 18856 ns, Total: 94377 ns
[2020-02-27T07:23:18.490+0000][1][safepoint    ] Safepoint "RevokeBias", Time since last: 2522610087 ns, Reaching safepoint: 72666 ns, At safepoint: 18334 ns, Total: 91000 ns
[2020-02-27T07:23:21.004+0000][1][safepoint    ] Safepoint "RevokeBias", Time since last: 2514497870 ns, Reaching safepoint: 133793 ns, At safepoint: 17486 ns, Total: 151279 ns
[2020-02-27T07:23:22.005+0000][1][safepoint    ] Safepoint "Cleanup", Time since last: 1000629025 ns, Reaching safepoint: 98225 ns, At safepoint: 22076 ns, Total: 120301 ns
[2020-02-27T07:23:23.522+0000][1][safepoint    ] Safepoint "RevokeBias", Time since last: 1516810296 ns, Reaching safepoint: 76061 ns, At safepoint: 120507 ns, Total: 196568 ns
[2020-02-27T07:23:26.033+0000][1][safepoint    ] Safepoint "RevokeBias", Time since last: 2511132333 ns, Reaching safepoint: 72208 ns, At safepoint: 16951 ns, Total: 89159 ns
[2020-02-27T07:23:28.541+0000][1][safepoint    ] Safepoint "RevokeBias", Time since last: 2507698941 ns, Reaching safepoint: 70286 ns, At safepoint: 17361 ns, Total: 87647 ns
[2020-02-27T07:23:31.045+0000][1][safepoint    ] Safepoint "RevokeBias", Time since last: 2504015978 ns, Reaching safepoint: 92730 ns, At safepoint: 19713 ns, Total: 112443 ns
[2020-02-27T07:23:33.549+0000][1][safepoint    ] Safepoint "RevokeBias", Time since last: 2503978345 ns, Reaching safepoint: 177144 ns, At safepoint: 33868 ns, Total: 211012 ns
[2020-02-27T07:23:36.055+0000][1][safepoint    ] Safepoint "RevokeBias", Time since last: 2505790707 ns, Reaching safepoint: 107645 ns, At safepoint: 24444 ns, Total: 132089 ns
[2020-02-27T07:23:38.562+0000][1][safepoint    ] Safepoint "RevokeBias", Time since last: 2506328560 ns, Reaching safepoint: 106367 ns, At safepoint: 70641 ns, Total: 177008 ns
[2020-02-27T07:23:41.068+0000][1][safepoint    ] Safepoint "RevokeBias", Time since last: 2506390985 ns, Reaching safepoint: 110709 ns, At safepoint: 20245 ns, Total: 130954 ns
[2020-02-27T07:23:43.572+0000][1][safepoint    ] Safepoint "RevokeBias", Time since last: 2503924081 ns, Reaching safepoint: 74903 ns, At safepoint: 18365 ns, Total: 93268 ns
[2020-02-27T07:23:46.076+0000][1][safepoint    ] Safepoint "RevokeBias", Time since last: 2503533646 ns, Reaching safepoint: 71012 ns, At safepoint: 21461 ns, Total: 92473 ns
[2020-02-27T07:23:48.581+0000][1][safepoint    ] Safepoint "BulkRevokeBias", Time since last: 2504532976 ns, Reaching safepoint: 73327 ns, At safepoint: 251157 ns, Total: 324484 ns
[2020-02-27T07:23:51.087+0000][1][safepoint    ] Safepoint "RevokeBias", Time since last: 2506182716 ns, Reaching safepoint: 92286 ns, At safepoint: 20596 ns, Total: 112882 ns
[2020-02-27T07:23:53.590+0000][1][safepoint    ] Safepoint "RevokeBias", Time since last: 2502730717 ns, Reaching safepoint: 90373 ns, At safepoint: 21418 ns, Total: 111791 ns
[2020-02-27T07:23:56.097+0000][1][safepoint    ] Safepoint "RevokeBias", Time since last: 2506948277 ns, Reaching safepoint: 73100 ns, At safepoint: 17233 ns, Total: 90333 ns
[2020-02-27T07:23:58.602+0000][1][safepoint    ] Safepoint "RevokeBias", Time since last: 2505516706 ns, Reaching safepoint: 74438 ns, At safepoint: 17334 ns, Total: 91772 ns
[2020-02-27T07:24:01.118+0000][1][safepoint    ] Safepoint "RevokeBias", Time since last: 2515503325 ns, Reaching safepoint: 281413 ns, At safepoint: 34515 ns, Total: 315928 ns
[2020-02-27T07:24:03.631+0000][1][safepoint    ] Safepoint "RevokeBias", Time since last: 2512003810 ns, Reaching safepoint: 178548 ns, At safepoint: 21187 ns, Total: 199735 ns
[2020-02-27T07:24:06.145+0000][1][safepoint    ] Safepoint "RevokeBias", Time since last: 2514009899 ns, Reaching safepoint: 211532 ns, At safepoint: 71109 ns, Total: 282641 ns
[2020-02-27T07:24:08.653+0000][1][safepoint    ] Safepoint "RevokeBias", Time since last: 2508183069 ns, Reaching safepoint: 94393 ns, At safepoint: 24257 ns, Total: 118650 ns
[2020-02-27T07:24:11.171+0000][1][safepoint    ] Safepoint "RevokeBias", Time since last: 2517790346 ns, Reaching safepoint: 118358 ns, At safepoint: 31850 ns, Total: 150208 ns
[2020-02-27T07:24:13.682+0000][1][safepoint    ] Safepoint "RevokeBias", Time since last: 2510502807 ns, Reaching safepoint: 79237 ns, At safepoint: 23895 ns, Total: 103132 ns
[2020-02-27T07:24:16.198+0000][1][safepoint    ] Safepoint "RevokeBias", Time since last: 2516064947 ns, Reaching safepoint: 93930 ns, At safepoint: 24390 ns, Total: 118320 ns
[2020-02-27T07:24:18.710+0000][1][safepoint    ] Safepoint "RevokeBias", Time since last: 2512561684 ns, Reaching safepoint: 61801 ns, At safepoint: 19706 ns, Total: 81507 ns
[2020-02-27T07:24:21.221+0000][1][safepoint    ] Safepoint "RevokeBias", Time since last: 2510111152 ns, Reaching safepoint: 122582 ns, At safepoint: 28386 ns, Total: 150968 ns
[2020-02-27T07:24:23.729+0000][1][safepoint    ] Safepoint "RevokeBias", Time since last: 2507629827 ns, Reaching safepoint: 141267 ns, At safepoint: 20030 ns, Total: 161297 ns
[2020-02-27T07:24:26.235+0000][1][safepoint    ] Safepoint "RevokeBias", Time since last: 2506011925 ns, Reaching safepoint: 122989 ns, At safepoint: 17756 ns, Total: 140745 ns
[2020-02-27T07:24:28.741+0000][1][safepoint    ] Safepoint "RevokeBias", Time since last: 2506307506 ns, Reaching safepoint: 74986 ns, At safepoint: 18194 ns, Total: 93180 ns
[2020-02-27T07:24:31.247+0000][1][safepoint    ] Safepoint "RevokeBias", Time since last: 2505473692 ns, Reaching safepoint: 88392 ns, At safepoint: 17217 ns, Total: 105609 ns
[2020-02-27T07:24:33.750+0000][1][safepoint    ] Safepoint "RevokeBias", Time since last: 2503600974 ns, Reaching safepoint: 73406 ns, At safepoint: 18409 ns, Total: 91815 ns
[2020-02-27T07:24:36.255+0000][1][safepoint    ] Safepoint "RevokeBias", Time since last: 2504773138 ns, Reaching safepoint: 75250 ns, At safepoint: 18217 ns, Total: 93467 ns
[2020-02-27T07:24:38.761+0000][1][safepoint    ] Safepoint "RevokeBias", Time since last: 2506043853 ns, Reaching safepoint: 72601 ns, At safepoint: 18354 ns, Total: 90955 ns
[2020-02-27T07:24:41.267+0000][1][safepoint    ] Safepoint "RevokeBias", Time since last: 2505088872 ns, Reaching safepoint: 87416 ns, At safepoint: 19863 ns, Total: 107279 ns
[2020-02-27T07:24:43.771+0000][1][safepoint    ] Safepoint "RevokeBias", Time since last: 2504252775 ns, Reaching safepoint: 88088 ns, At safepoint: 18404 ns, Total: 106492 ns
[2020-02-27T07:24:46.275+0000][1][safepoint    ] Safepoint "RevokeBias", Time since last: 2503873145 ns, Reaching safepoint: 74855 ns, At safepoint: 18322 ns, Total: 93177 ns
[2020-02-27T07:24:48.236+0000][1][gc,start     ] GC(105) Pause Young (Allocation Failure)
[2020-02-27T07:24:48.236+0000][1][gc,task      ] GC(105) Using 1 workers of 1 for evacuation
[2020-02-27T07:24:48.255+0000][1][gc,age       ] GC(105) Desired survivor size 4358144 bytes, new threshold 6 (max threshold 6)
[2020-02-27T07:24:48.255+0000][1][gc,age       ] GC(105) Age table with threshold 6 (max threshold 6)
[2020-02-27T07:24:48.255+0000][1][gc,age       ] GC(105) - age   1:      12360 bytes,      12360 total
[2020-02-27T07:24:48.255+0000][1][gc,age       ] GC(105) - age   2:       1632 bytes,      13992 total
[2020-02-27T07:24:48.255+0000][1][gc,age       ] GC(105) - age   4:       1648 bytes,      15640 total
[2020-02-27T07:24:48.255+0000][1][gc,heap      ] GC(105) ParNew: 68176K->25K(76672K)
[2020-02-27T07:24:48.255+0000][1][gc,heap      ] GC(105) CMS: 62505K->62506K(963392K)
[2020-02-27T07:24:48.255+0000][1][gc,metaspace ] GC(105) Metaspace: 80083K->80083K(1122304K)
[2020-02-27T07:24:48.255+0000][1][gc           ] GC(105) Pause Young (Allocation Failure) 127M->61M(1015M) 18.721ms
[2020-02-27T07:24:48.255+0000][1][gc,cpu       ] GC(105) User=0.02s Sys=0.00s Real=0.02s
[2020-02-27T07:24:48.255+0000][1][safepoint    ] Safepoint "GenCollectForAllocation", Time since last: 1961057076 ns, Reaching safepoint: 75167 ns, At safepoint: 18775639 ns, Total: 18850806 ns
[2020-02-27T07:24:48.783+0000][1][safepoint    ] Safepoint "RevokeBias", Time since last: 528370239 ns, Reaching safepoint: 164405 ns, At safepoint: 31716 ns, Total: 196121 ns
[2020-02-27T07:24:51.290+0000][1][safepoint    ] Safepoint "RevokeBias", Time since last: 2506318125 ns, Reaching safepoint: 100244 ns, At safepoint: 28375 ns, Total: 128619 ns
[2020-02-27T07:24:53.793+0000][1][safepoint    ] Safepoint "RevokeBias", Time since last: 2503153332 ns, Reaching safepoint: 84368 ns, At safepoint: 21390 ns, Total: 105758 ns
[2020-02-27T07:24:56.301+0000][1][safepoint    ] Safepoint "RevokeBias", Time since last: 2507971974 ns, Reaching safepoint: 73819 ns, At safepoint: 17597 ns, Total: 91416 ns
[2020-02-27T07:24:58.815+0000][1][safepoint    ] Safepoint "RevokeBias", Time since last: 2513384535 ns, Reaching safepoint: 155059 ns, At safepoint: 28702 ns, Total: 183761 ns
[2020-02-27T07:25:01.325+0000][1][safepoint    ] Safepoint "BulkRevokeBias", Time since last: 2509534189 ns, Reaching safepoint: 131169 ns, At safepoint: 309033 ns, Total: 440202 ns
[2020-02-27T07:25:03.838+0000][1][safepoint    ] Safepoint "RevokeBias", Time since last: 2513460043 ns, Reaching safepoint: 132800 ns, At safepoint: 32330 ns, Total: 165130 ns
[2020-02-27T07:25:06.350+0000][1][safepoint    ] Safepoint "RevokeBias", Time since last: 2511296939 ns, Reaching safepoint: 110691 ns, At safepoint: 145271 ns, Total: 255962 ns
[2020-02-27T07:25:08.870+0000][1][safepoint    ] Safepoint "RevokeBias", Time since last: 2520248678 ns, Reaching safepoint: 82264 ns, At safepoint: 89508 ns, Total: 171772 ns
[2020-02-27T07:25:11.386+0000][1][safepoint    ] Safepoint "RevokeBias", Time since last: 2515052444 ns, Reaching safepoint: 126707 ns, At safepoint: 99221 ns, Total: 225928 ns
[2020-02-27T07:25:13.903+0000][1][safepoint    ] Safepoint "RevokeBias", Time since last: 2517711436 ns, Reaching safepoint: 72471 ns, At safepoint: 17738 ns, Total: 90209 ns
[2020-02-27T07:25:16.414+0000][1][safepoint    ] Safepoint "RevokeBias", Time since last: 2510366493 ns, Reaching safepoint: 174484 ns, At safepoint: 30525 ns, Total: 205009 ns
[2020-02-27T07:25:18.920+0000][1][safepoint    ] Safepoint "RevokeBias", Time since last: 2505813632 ns, Reaching safepoint: 75661 ns, At safepoint: 19289 ns, Total: 94950 ns
[2020-02-27T07:25:21.424+0000][1][safepoint    ] Safepoint "RevokeBias", Time since last: 2504394671 ns, Reaching safepoint: 156792 ns, At safepoint: 40673 ns, Total: 197465 ns
[2020-02-27T07:25:23.929+0000][1][safepoint    ] Safepoint "RevokeBias", Time since last: 2504711907 ns, Reaching safepoint: 76945 ns, At safepoint: 18258 ns, Total: 95203 ns
[2020-02-27T07:25:26.433+0000][1][safepoint    ] Safepoint "RevokeBias", Time since last: 2503247911 ns, Reaching safepoint: 95603 ns, At safepoint: 19081 ns, Total: 114684 ns
[2020-02-27T07:25:28.938+0000][1][safepoint    ] Safepoint "RevokeBias", Time since last: 2504916738 ns, Reaching safepoint: 81209 ns, At safepoint: 21627 ns, Total: 102836 ns
[2020-02-27T07:25:31.446+0000][1][safepoint    ] Safepoint "RevokeBias", Time since last: 2507930248 ns, Reaching safepoint: 77618 ns, At safepoint: 20496 ns, Total: 98114 ns
[2020-02-27T07:25:33.949+0000][1][safepoint    ] Safepoint "RevokeBias", Time since last: 2503477955 ns, Reaching safepoint: 71723 ns, At safepoint: 17888 ns, Total: 89611 ns
[2020-02-27T07:25:36.458+0000][1][safepoint    ] Safepoint "RevokeBias", Time since last: 2508744903 ns, Reaching safepoint: 97513 ns, At safepoint: 25633 ns, Total: 123146 ns
[2020-02-27T07:25:38.965+0000][1][safepoint    ] Safepoint "RevokeBias", Time since last: 2506556451 ns, Reaching safepoint: 162549 ns, At safepoint: 23878 ns, Total: 186427 ns
[2020-02-27T07:25:41.476+0000][1][safepoint    ] Safepoint "RevokeBias", Time since last: 2511035859 ns, Reaching safepoint: 178861 ns, At safepoint: 39243 ns, Total: 218104 ns
[2020-02-27T07:25:43.985+0000][1][safepoint    ] Safepoint "RevokeBias", Time since last: 2509211749 ns, Reaching safepoint: 130044 ns, At safepoint: 35713 ns, Total: 165757 ns
[2020-02-27T07:25:46.503+0000][1][safepoint    ] Safepoint "RevokeBias", Time since last: 2517122892 ns, Reaching safepoint: 53976 ns, At safepoint: 16713 ns, Total: 70689 ns
[2020-02-27T07:25:49.015+0000][1][safepoint    ] Safepoint "RevokeBias", Time since last: 2512344217 ns, Reaching safepoint: 74882 ns, At safepoint: 18820 ns, Total: 93702 ns
[2020-02-27T07:25:51.524+0000][1][safepoint    ] Safepoint "RevokeBias", Time since last: 2508272187 ns, Reaching safepoint: 140969 ns, At safepoint: 20755 ns, Total: 161724 ns
[2020-02-27T07:25:54.031+0000][1][safepoint    ] Safepoint "RevokeBias", Time since last: 2507878938 ns, Reaching safepoint: 73398 ns, At safepoint: 17907 ns, Total: 91305 ns
[2020-02-27T07:25:56.546+0000][1][safepoint    ] Safepoint "RevokeBias", Time since last: 2514713163 ns, Reaching safepoint: 71952 ns, At safepoint: 17723 ns, Total: 89675 ns
[2020-02-27T07:25:59.058+0000][1][safepoint    ] Safepoint "RevokeBias", Time since last: 2511855199 ns, Reaching safepoint: 132783 ns, At safepoint: 22181 ns, Total: 154964 ns
[2020-02-27T07:26:01.562+0000][1][safepoint    ] Safepoint "RevokeBias", Time since last: 2503407952 ns, Reaching safepoint: 71709 ns, At safepoint: 17496 ns, Total: 89205 ns
[2020-02-27T07:26:04.065+0000][1][safepoint    ] Safepoint "RevokeBias", Time since last: 2503022896 ns, Reaching safepoint: 168625 ns, At safepoint: 19597 ns, Total: 188222 ns
[2020-02-27T07:26:06.568+0000][1][safepoint    ] Safepoint "RevokeBias", Time since last: 2503353305 ns, Reaching safepoint: 72203 ns, At safepoint: 18651 ns, Total: 90854 ns
[2020-02-27T07:26:09.075+0000][1][safepoint    ] Safepoint "RevokeBias", Time since last: 2506838376 ns, Reaching safepoint: 83873 ns, At safepoint: 24720 ns, Total: 108593 ns
[2020-02-27T07:26:11.590+0000][1][safepoint    ] Safepoint "RevokeBias", Time since last: 2514160750 ns, Reaching safepoint: 141521 ns, At safepoint: 39691 ns, Total: 181212 ns
[2020-02-27T07:26:14.094+0000][1][safepoint    ] Safepoint "BulkRevokeBias", Time since last: 2503858504 ns, Reaching safepoint: 74332 ns, At safepoint: 189907 ns, Total: 264239 ns
[2020-02-27T07:26:16.597+0000][1][safepoint    ] Safepoint "RevokeBias", Time since last: 2503038991 ns, Reaching safepoint: 72728 ns, At safepoint: 18035 ns, Total: 90763 ns
[2020-02-27T07:26:19.106+0000][1][safepoint    ] Safepoint "RevokeBias", Time since last: 2508786575 ns, Reaching safepoint: 144807 ns, At safepoint: 32186 ns, Total: 176993 ns
[2020-02-27T07:26:21.611+0000][1][safepoint    ] Safepoint "RevokeBias", Time since last: 2504807330 ns, Reaching safepoint: 186341 ns, At safepoint: 38907 ns, Total: 225248 ns
[2020-02-27T07:26:24.115+0000][1][safepoint    ] Safepoint "RevokeBias", Time since last: 2503831376 ns, Reaching safepoint: 75895 ns, At safepoint: 18283 ns, Total: 94178 ns
[2020-02-27T07:26:25.116+0000][1][safepoint    ] Safepoint "Cleanup", Time since last: 1000908709 ns, Reaching safepoint: 96542 ns, At safepoint: 8678 ns, Total: 105220 ns
[2020-02-27T07:26:26.619+0000][1][safepoint    ] Safepoint "RevokeBias", Time since last: 1503273988 ns, Reaching safepoint: 73117 ns, At safepoint: 17852 ns, Total: 90969 ns
[2020-02-27T07:26:29.132+0000][1][safepoint    ] Safepoint "RevokeBias", Time since last: 2512560752 ns, Reaching safepoint: 58989 ns, At safepoint: 17332 ns, Total: 76321 ns
[2020-02-27T07:26:31.641+0000][1][safepoint    ] Safepoint "RevokeBias", Time since last: 2508889909 ns, Reaching safepoint: 76051 ns, At safepoint: 18611 ns, Total: 94662 ns
[2020-02-27T07:26:34.153+0000][1][safepoint    ] Safepoint "RevokeBias", Time since last: 2512312563 ns, Reaching safepoint: 98548 ns, At safepoint: 25214 ns, Total: 123762 ns
[2020-02-27T07:26:36.666+0000][1][safepoint    ] Safepoint "RevokeBias", Time since last: 2512910635 ns, Reaching safepoint: 57636 ns, At safepoint: 16465 ns, Total: 74101 ns
[2020-02-27T07:26:39.178+0000][1][safepoint    ] Safepoint "RevokeBias", Time since last: 2511055807 ns, Reaching safepoint: 72840 ns, At safepoint: 51756 ns, Total: 124596 ns
[2020-02-27T07:26:41.692+0000][1][safepoint    ] Safepoint "RevokeBias", Time since last: 2514646450 ns, Reaching safepoint: 107520 ns, At safepoint: 19902 ns, Total: 127422 ns
[2020-02-27T07:26:44.208+0000][1][safepoint    ] Safepoint "RevokeBias", Time since last: 2516076644 ns, Reaching safepoint: 71716 ns, At safepoint: 17367 ns, Total: 89083 ns
[2020-02-27T07:26:46.721+0000][1][safepoint    ] Safepoint "RevokeBias", Time since last: 2512557194 ns, Reaching safepoint: 441805 ns, At safepoint: 23838 ns, Total: 465643 ns
[2020-02-27T07:26:49.229+0000][1][safepoint    ] Safepoint "RevokeBias", Time since last: 2507054969 ns, Reaching safepoint: 73701 ns, At safepoint: 18014 ns, Total: 91715 ns
[2020-02-27T07:26:51.733+0000][1][safepoint    ] Safepoint "RevokeBias", Time since last: 2504050412 ns, Reaching safepoint: 93056 ns, At safepoint: 53499 ns, Total: 146555 ns
[2020-02-27T07:26:53.030+0000][1][safepoint    ] Safepoint "Cleanup", Time since last: 1297381260 ns, Reaching safepoint: 96849 ns, At safepoint: 8209 ns, Total: 105058 ns
[2020-02-27T07:26:54.237+0000][1][safepoint    ] Safepoint "RevokeBias", Time since last: 1206394948 ns, Reaching safepoint: 77726 ns, At safepoint: 18568 ns, Total: 96294 ns
[2020-02-27T07:26:56.742+0000][1][safepoint    ] Safepoint "RevokeBias", Time since last: 2505449038 ns, Reaching safepoint: 73491 ns, At safepoint: 18104 ns, Total: 91595 ns
[2020-02-27T07:26:59.247+0000][1][safepoint    ] Safepoint "RevokeBias", Time since last: 2504138359 ns, Reaching safepoint: 73153 ns, At safepoint: 17856 ns, Total: 91009 ns
[2020-02-27T07:27:01.751+0000][1][safepoint    ] Safepoint "RevokeBias", Time since last: 2504188955 ns, Reaching safepoint: 161063 ns, At safepoint: 59202 ns, Total: 220265 ns
[2020-02-27T07:27:04.253+0000][1][safepoint    ] Safepoint "RevokeBias", Time since last: 2501840661 ns, Reaching safepoint: 76775 ns, At safepoint: 18409 ns, Total: 95184 ns
[2020-02-27T07:27:06.757+0000][1][safepoint    ] Safepoint "RevokeBias", Time since last: 2504020829 ns, Reaching safepoint: 81178 ns, At safepoint: 25585 ns, Total: 106763 ns
[2020-02-27T07:27:08.361+0000][1][gc,start     ] GC(106) Pause Young (Allocation Failure)
[2020-02-27T07:27:08.361+0000][1][gc,task      ] GC(106) Using 1 workers of 1 for evacuation
[2020-02-27T07:27:08.372+0000][1][gc,age       ] GC(106) Desired survivor size 4358144 bytes, new threshold 6 (max threshold 6)
[2020-02-27T07:27:08.372+0000][1][gc,age       ] GC(106) Age table with threshold 6 (max threshold 6)
[2020-02-27T07:27:08.372+0000][1][gc,age       ] GC(106) - age   1:      13648 bytes,      13648 total
[2020-02-27T07:27:08.372+0000][1][gc,age       ] GC(106) - age   2:        576 bytes,      14224 total
[2020-02-27T07:27:08.372+0000][1][gc,age       ] GC(106) - age   3:       1632 bytes,      15856 total
[2020-02-27T07:27:08.372+0000][1][gc,age       ] GC(106) - age   5:       1648 bytes,      17504 total
[2020-02-27T07:27:08.372+0000][1][gc,heap      ] GC(106) ParNew: 68185K->29K(76672K)
[2020-02-27T07:27:08.372+0000][1][gc,heap      ] GC(106) CMS: 62506K->62506K(963392K)
[2020-02-27T07:27:08.372+0000][1][gc,metaspace ] GC(106) Metaspace: 80083K->80083K(1122304K)
[2020-02-27T07:27:08.372+0000][1][gc           ] GC(106) Pause Young (Allocation Failure) 127M->61M(1015M) 11.463ms
[2020-02-27T07:27:08.372+0000][1][gc,cpu       ] GC(106) User=0.01s Sys=0.00s Real=0.02s
[2020-02-27T07:27:08.372+0000][1][safepoint    ] Safepoint "GenCollectForAllocation", Time since last: 1603805676 ns, Reaching safepoint: 76879 ns, At safepoint: 11518206 ns, Total: 11595085 ns
[2020-02-27T07:27:09.263+0000][1][safepoint    ] Safepoint "RevokeBias", Time since last: 890043190 ns, Reaching safepoint: 72533 ns, At safepoint: 17451 ns, Total: 89984 ns
[2020-02-27T07:27:11.766+0000][1][safepoint    ] Safepoint "RevokeBias", Time since last: 2503833744 ns, Reaching safepoint: 70338 ns, At safepoint: 16839 ns, Total: 87177 ns
[2020-02-27T07:27:14.270+0000][1][safepoint    ] Safepoint "RevokeBias", Time since last: 2502957112 ns, Reaching safepoint: 90691 ns, At safepoint: 31579 ns, Total: 122270 ns
[2020-02-27T07:27:16.780+0000][1][safepoint    ] Safepoint "RevokeBias", Time since last: 2510602572 ns, Reaching safepoint: 212011 ns, At safepoint: 38078 ns, Total: 250089 ns
[2020-02-27T07:27:19.297+0000][1][safepoint    ] Safepoint "RevokeBias", Time since last: 2516278784 ns, Reaching safepoint: 110868 ns, At safepoint: 23663 ns, Total: 134531 ns
[2020-02-27T07:27:21.811+0000][1][safepoint    ] Safepoint "RevokeBias", Time since last: 2514462066 ns, Reaching safepoint: 92607 ns, At safepoint: 19588 ns, Total: 112195 ns
[2020-02-27T07:27:24.319+0000][1][safepoint    ] Safepoint "RevokeBias", Time since last: 2507330544 ns, Reaching safepoint: 74083 ns, At safepoint: 63054 ns, Total: 137137 ns
[2020-02-27T07:27:26.827+0000][1][safepoint    ] Safepoint "BulkRevokeBias", Time since last: 2508192228 ns, Reaching safepoint: 56565 ns, At safepoint: 338983 ns, Total: 395548 ns
[2020-02-27T07:27:29.338+0000][1][safepoint    ] Safepoint "RevokeBias", Time since last: 2510063483 ns, Reaching safepoint: 105261 ns, At safepoint: 39747 ns, Total: 145008 ns
[2020-02-27T07:27:31.853+0000][1][safepoint    ] Safepoint "RevokeBias", Time since last: 2515169163 ns, Reaching safepoint: 55271 ns, At safepoint: 16192 ns, Total: 71463 ns
[2020-02-27T07:27:34.360+0000][1][safepoint    ] Safepoint "RevokeBias", Time since last: 2506865445 ns, Reaching safepoint: 74760 ns, At safepoint: 18493 ns, Total: 93253 ns
[2020-02-27T07:27:36.864+0000][1][safepoint    ] Safepoint "RevokeBias", Time since last: 2503675391 ns, Reaching safepoint: 77960 ns, At safepoint: 18139 ns, Total: 96099 ns
[2020-02-27T07:27:39.370+0000][1][safepoint    ] Safepoint "RevokeBias", Time since last: 2505793641 ns, Reaching safepoint: 75102 ns, At safepoint: 18161 ns, Total: 93263 ns
[2020-02-27T07:27:41.879+0000][1][safepoint    ] Safepoint "RevokeBias", Time since last: 2509650587 ns, Reaching safepoint: 184514 ns, At safepoint: 29339 ns, Total: 213853 ns
[2020-02-27T07:27:44.385+0000][1][safepoint    ] Safepoint "RevokeBias", Time since last: 2505152449 ns, Reaching safepoint: 76049 ns, At safepoint: 18547 ns, Total: 94596 ns
[2020-02-27T07:27:46.888+0000][1][safepoint    ] Safepoint "RevokeBias", Time since last: 2503664149 ns, Reaching safepoint: 172871 ns, At safepoint: 20585 ns, Total: 193456 ns
[2020-02-27T07:27:49.394+0000][1][safepoint    ] Safepoint "RevokeBias", Time since last: 2505570845 ns, Reaching safepoint: 73311 ns, At safepoint: 76771 ns, Total: 150082 ns
[2020-02-27T07:27:51.898+0000][1][safepoint    ] Safepoint "RevokeBias", Time since last: 2503753888 ns, Reaching safepoint: 77221 ns, At safepoint: 19283 ns, Total: 96504 ns
[2020-02-27T07:27:54.407+0000][1][safepoint    ] Safepoint "RevokeBias", Time since last: 2508838255 ns, Reaching safepoint: 74767 ns, At safepoint: 17536 ns, Total: 92303 ns
[2020-02-27T07:27:56.921+0000][1][safepoint    ] Safepoint "RevokeBias", Time since last: 2513636994 ns, Reaching safepoint: 80133 ns, At safepoint: 19273 ns, Total: 99406 ns
[2020-02-27T07:27:59.479+0000][1][safepoint    ] Safepoint "RevokeBias", Time since last: 2557882837 ns, Reaching safepoint: 101881 ns, At safepoint: 25485 ns, Total: 127366 ns
[2020-02-27T07:28:01.992+0000][1][safepoint    ] Safepoint "RevokeBias", Time since last: 2513459978 ns, Reaching safepoint: 78298 ns, At safepoint: 20731 ns, Total: 99029 ns
[2020-02-27T07:28:04.507+0000][1][safepoint    ] Safepoint "RevokeBias", Time since last: 2514316221 ns, Reaching safepoint: 99199 ns, At safepoint: 33061 ns, Total: 132260 ns
[2020-02-27T07:28:07.017+0000][1][safepoint    ] Safepoint "RevokeBias", Time since last: 2510266606 ns, Reaching safepoint: 78168 ns, At safepoint: 19356 ns, Total: 97524 ns
[2020-02-27T07:28:09.528+0000][1][safepoint    ] Safepoint "RevokeBias", Time since last: 2510700815 ns, Reaching safepoint: 72737 ns, At safepoint: 16885 ns, Total: 89622 ns
[2020-02-27T07:28:12.043+0000][1][safepoint    ] Safepoint "RevokeBias", Time since last: 2514984223 ns, Reaching safepoint: 186409 ns, At safepoint: 21780 ns, Total: 208189 ns
[2020-02-27T07:28:14.549+0000][1][safepoint    ] Safepoint "RevokeBias", Time since last: 2505331563 ns, Reaching safepoint: 73366 ns, At safepoint: 18190 ns, Total: 91556 ns
[2020-02-27T07:28:17.053+0000][1][safepoint    ] Safepoint "RevokeBias", Time since last: 2504179882 ns, Reaching safepoint: 179863 ns, At safepoint: 128439 ns, Total: 308302 ns
[2020-02-27T07:28:19.559+0000][1][safepoint    ] Safepoint "RevokeBias", Time since last: 2506235683 ns, Reaching safepoint: 119798 ns, At safepoint: 24591 ns, Total: 144389 ns
[2020-02-27T07:28:22.071+0000][1][safepoint    ] Safepoint "RevokeBias", Time since last: 2511358350 ns, Reaching safepoint: 74361 ns, At safepoint: 17832 ns, Total: 92193 ns
[2020-02-27T07:28:24.589+0000][1][safepoint    ] Safepoint "RevokeBias", Time since last: 2518225283 ns, Reaching safepoint: 73843 ns, At safepoint: 17791 ns, Total: 91634 ns
[2020-02-27T07:28:27.092+0000][1][safepoint    ] Safepoint "RevokeBias", Time since last: 2502819227 ns, Reaching safepoint: 145927 ns, At safepoint: 20765 ns, Total: 166692 ns
[2020-02-27T07:28:29.597+0000][1][safepoint    ] Safepoint "RevokeBias", Time since last: 2504446783 ns, Reaching safepoint: 82637 ns, At safepoint: 19051 ns, Total: 101688 ns
[2020-02-27T07:28:32.102+0000][1][safepoint    ] Safepoint "RevokeBias", Time since last: 2504686742 ns, Reaching safepoint: 140383 ns, At safepoint: 34235 ns, Total: 174618 ns
[2020-02-27T07:28:34.103+0000][1][safepoint    ] Safepoint "Cleanup", Time since last: 2001027260 ns, Reaching safepoint: 81867 ns, At safepoint: 6710 ns, Total: 88577 ns
[2020-02-27T07:28:34.605+0000][1][safepoint    ] Safepoint "RevokeBias", Time since last: 502286794 ns, Reaching safepoint: 56633 ns, At safepoint: 16038 ns, Total: 72671 ns
[2020-02-27T07:28:37.116+0000][1][safepoint    ] Safepoint "RevokeBias", Time since last: 2510283373 ns, Reaching safepoint: 209706 ns, At safepoint: 57843 ns, Total: 267549 ns
[2020-02-27T07:28:39.630+0000][1][safepoint    ] Safepoint "BulkRevokeBias", Time since last: 2514406348 ns, Reaching safepoint: 76293 ns, At safepoint: 188037 ns, Total: 264330 ns
[2020-02-27T07:28:42.148+0000][1][safepoint    ] Safepoint "RevokeBias", Time since last: 2517207342 ns, Reaching safepoint: 78380 ns, At safepoint: 47610 ns, Total: 125990 ns
[2020-02-27T07:28:44.657+0000][1][safepoint    ] Safepoint "RevokeBias", Time since last: 2509181421 ns, Reaching safepoint: 72765 ns, At safepoint: 17601 ns, Total: 90366 ns
[2020-02-27T07:28:47.170+0000][1][safepoint    ] Safepoint "RevokeBias", Time since last: 2512739589 ns, Reaching safepoint: 95238 ns, At safepoint: 20331 ns, Total: 115569 ns
[2020-02-27T07:28:49.683+0000][1][safepoint    ] Safepoint "RevokeBias", Time since last: 2512849277 ns, Reaching safepoint: 74269 ns, At safepoint: 17472 ns, Total: 91741 ns
[2020-02-27T07:28:52.193+0000][1][safepoint    ] Safepoint "RevokeBias", Time since last: 2510110492 ns, Reaching safepoint: 75910 ns, At safepoint: 17614 ns, Total: 93524 ns
[2020-02-27T07:28:54.710+0000][1][safepoint    ] Safepoint "RevokeBias", Time since last: 2517219717 ns, Reaching safepoint: 86983 ns, At safepoint: 20004 ns, Total: 106987 ns
[2020-02-27T07:28:57.217+0000][1][safepoint    ] Safepoint "RevokeBias", Time since last: 2507063544 ns, Reaching safepoint: 93661 ns, At safepoint: 21391 ns, Total: 115052 ns
[2020-02-27T07:28:59.723+0000][1][safepoint    ] Safepoint "RevokeBias", Time since last: 2505582365 ns, Reaching safepoint: 73826 ns, At safepoint: 17378 ns, Total: 91204 ns
[2020-02-27T07:29:02.227+0000][1][safepoint    ] Safepoint "RevokeBias", Time since last: 2504073703 ns, Reaching safepoint: 118934 ns, At safepoint: 22150 ns, Total: 141084 ns
[2020-02-27T07:29:04.731+0000][1][safepoint    ] Safepoint "RevokeBias", Time since last: 2503954616 ns, Reaching safepoint: 112125 ns, At safepoint: 27404 ns, Total: 139529 ns
[2020-02-27T07:29:07.236+0000][1][safepoint    ] Safepoint "RevokeBias", Time since last: 2504409337 ns, Reaching safepoint: 89927 ns, At safepoint: 23817 ns, Total: 113744 ns
[2020-02-27T07:29:09.742+0000][1][safepoint    ] Safepoint "RevokeBias", Time since last: 2506051888 ns, Reaching safepoint: 72214 ns, At safepoint: 17808 ns, Total: 90022 ns
[2020-02-27T07:29:12.247+0000][1][safepoint    ] Safepoint "RevokeBias", Time since last: 2504812556 ns, Reaching safepoint: 97611 ns, At safepoint: 27239 ns, Total: 124850 ns
[2020-02-27T07:29:14.751+0000][1][safepoint    ] Safepoint "RevokeBias", Time since last: 2503537456 ns, Reaching safepoint: 76425 ns, At safepoint: 18268 ns, Total: 94693 ns
[2020-02-27T07:29:17.253+0000][1][safepoint    ] Safepoint "RevokeBias", Time since last: 2502530291 ns, Reaching safepoint: 103281 ns, At safepoint: 29588 ns, Total: 132869 ns
[2020-02-27T07:29:19.779+0000][1][safepoint    ] Safepoint "RevokeBias", Time since last: 2525426739 ns, Reaching safepoint: 112294 ns, At safepoint: 25700 ns, Total: 137994 ns
[2020-02-27T07:29:22.290+0000][1][safepoint    ] Safepoint "RevokeBias", Time since last: 2510851132 ns, Reaching safepoint: 73409 ns, At safepoint: 16945 ns, Total: 90354 ns
[2020-02-27T07:29:23.489+0000][1][gc,start     ] GC(107) Pause Young (Allocation Failure)
[2020-02-27T07:29:23.489+0000][1][gc,task      ] GC(107) Using 1 workers of 1 for evacuation
[2020-02-27T07:29:23.499+0000][1][gc,age       ] GC(107) Desired survivor size 4358144 bytes, new threshold 6 (max threshold 6)
[2020-02-27T07:29:23.499+0000][1][gc,age       ] GC(107) Age table with threshold 6 (max threshold 6)
[2020-02-27T07:29:23.499+0000][1][gc,age       ] GC(107) - age   1:      11248 bytes,      11248 total
[2020-02-27T07:29:23.499+0000][1][gc,age       ] GC(107) - age   2:       1720 bytes,      12968 total
[2020-02-27T07:29:23.499+0000][1][gc,age       ] GC(107) - age   3:        576 bytes,      13544 total
[2020-02-27T07:29:23.499+0000][1][gc,age       ] GC(107) - age   4:       1632 bytes,      15176 total
[2020-02-27T07:29:23.499+0000][1][gc,age       ] GC(107) - age   6:       1648 bytes,      16824 total
[2020-02-27T07:29:23.499+0000][1][gc,heap      ] GC(107) ParNew: 68189K->20K(76672K)
[2020-02-27T07:29:23.499+0000][1][gc,heap      ] GC(107) CMS: 62506K->62506K(963392K)
[2020-02-27T07:29:23.499+0000][1][gc,metaspace ] GC(107) Metaspace: 80083K->80083K(1122304K)
[2020-02-27T07:29:23.499+0000][1][gc           ] GC(107) Pause Young (Allocation Failure) 127M->61M(1015M) 10.453ms
[2020-02-27T07:29:23.499+0000][1][gc,cpu       ] GC(107) User=0.01s Sys=0.00s Real=0.01s
[2020-02-27T07:29:23.499+0000][1][safepoint    ] Safepoint "GenCollectForAllocation", Time since last: 1198980476 ns, Reaching safepoint: 77602 ns, At safepoint: 10511603 ns, Total: 10589205 ns
[2020-02-27T07:29:24.799+0000][1][safepoint    ] Safepoint "RevokeBias", Time since last: 1299476948 ns, Reaching safepoint: 91274 ns, At safepoint: 19717 ns, Total: 110991 ns
[2020-02-27T07:29:27.314+0000][1][safepoint    ] Safepoint "RevokeBias", Time since last: 2514932789 ns, Reaching safepoint: 410150 ns, At safepoint: 35069 ns, Total: 445219 ns
[2020-02-27T07:29:29.839+0000][1][safepoint    ] Safepoint "RevokeBias", Time since last: 2524432920 ns, Reaching safepoint: 99349 ns, At safepoint: 27648 ns, Total: 126997 ns
[2020-02-27T07:29:31.840+0000][1][safepoint    ] Safepoint "Cleanup", Time since last: 2001092840 ns, Reaching safepoint: 83591 ns, At safepoint: 8027 ns, Total: 91618 ns
[2020-02-27T07:29:32.355+0000][1][safepoint    ] Safepoint "RevokeBias", Time since last: 515115956 ns, Reaching safepoint: 79872 ns, At safepoint: 24755 ns, Total: 104627 ns
[2020-02-27T07:29:34.868+0000][1][safepoint    ] Safepoint "RevokeBias", Time since last: 2512391126 ns, Reaching safepoint: 72803 ns, At safepoint: 18031 ns, Total: 90834 ns
[2020-02-27T07:29:37.383+0000][1][safepoint    ] Safepoint "RevokeBias", Time since last: 2515364316 ns, Reaching safepoint: 85508 ns, At safepoint: 20196 ns, Total: 105704 ns
[2020-02-27T07:29:39.889+0000][1][safepoint    ] Safepoint "RevokeBias", Time since last: 2506159080 ns, Reaching safepoint: 77774 ns, At safepoint: 18955 ns, Total: 96729 ns
[2020-02-27T07:29:42.405+0000][1][safepoint    ] Safepoint "RevokeBias", Time since last: 2514688072 ns, Reaching safepoint: 505633 ns, At safepoint: 37451 ns, Total: 543084 ns
[2020-02-27T07:29:44.908+0000][1][safepoint    ] Safepoint "RevokeBias", Time since last: 2503066015 ns, Reaching safepoint: 81454 ns, At safepoint: 26170 ns, Total: 107624 ns
[2020-02-27T07:29:47.412+0000][1][safepoint    ] Safepoint "RevokeBias", Time since last: 2504203131 ns, Reaching safepoint: 100320 ns, At safepoint: 27419 ns, Total: 127739 ns
[2020-02-27T07:29:49.929+0000][1][safepoint    ] Safepoint "RevokeBias", Time since last: 2514945413 ns, Reaching safepoint: 1565503 ns, At safepoint: 38465 ns, Total: 1603968 ns
[2020-02-27T07:29:52.437+0000][1][safepoint    ] Safepoint "BulkRevokeBias", Time since last: 2507074634 ns, Reaching safepoint: 104561 ns, At safepoint: 1102296 ns, Total: 1206857 ns
[2020-02-27T07:29:54.942+0000][1][safepoint    ] Safepoint "RevokeBias", Time since last: 2504891297 ns, Reaching safepoint: 83872 ns, At safepoint: 18640 ns, Total: 102512 ns
[2020-02-27T07:29:57.459+0000][1][safepoint    ] Safepoint "RevokeBias", Time since last: 2516927576 ns, Reaching safepoint: 170943 ns, At safepoint: 30495 ns, Total: 201438 ns
[2020-02-27T07:29:59.970+0000][1][safepoint    ] Safepoint "RevokeBias", Time since last: 2511155161 ns, Reaching safepoint: 126955 ns, At safepoint: 60884 ns, Total: 187839 ns
[2020-02-27T07:30:02.487+0000][1][safepoint    ] Safepoint "RevokeBias", Time since last: 2516464743 ns, Reaching safepoint: 105483 ns, At safepoint: 18427 ns, Total: 123910 ns
[2020-02-27T07:30:05.000+0000][1][safepoint    ] Safepoint "RevokeBias", Time since last: 2512505543 ns, Reaching safepoint: 71519 ns, At safepoint: 95904 ns, Total: 167423 ns
[2020-02-27T07:30:07.511+0000][1][safepoint    ] Safepoint "RevokeBias", Time since last: 2511301469 ns, Reaching safepoint: 110293 ns, At safepoint: 27849 ns, Total: 138142 ns
[2020-02-27T07:30:10.020+0000][1][safepoint    ] Safepoint "RevokeBias", Time since last: 2508433882 ns, Reaching safepoint: 74310 ns, At safepoint: 18495 ns, Total: 92805 ns
[2020-02-27T07:30:12.534+0000][1][safepoint    ] Safepoint "RevokeBias", Time since last: 2513961729 ns, Reaching safepoint: 88835 ns, At safepoint: 18375 ns, Total: 107210 ns
[2020-02-27T07:30:15.043+0000][1][safepoint    ] Safepoint "RevokeBias", Time since last: 2508798944 ns, Reaching safepoint: 137792 ns, At safepoint: 17817 ns, Total: 155609 ns
[2020-02-27T07:30:17.546+0000][1][safepoint    ] Safepoint "RevokeBias", Time since last: 2502775734 ns, Reaching safepoint: 73987 ns, At safepoint: 17766 ns, Total: 91753 ns
[2020-02-27T07:30:20.058+0000][1][safepoint    ] Safepoint "RevokeBias", Time since last: 2512189034 ns, Reaching safepoint: 77593 ns, At safepoint: 19149 ns, Total: 96742 ns
[2020-02-27T07:30:22.570+0000][1][safepoint    ] Safepoint "RevokeBias", Time since last: 2511567547 ns, Reaching safepoint: 106024 ns, At safepoint: 21727 ns, Total: 127751 ns
[2020-02-27T07:30:25.073+0000][1][safepoint    ] Safepoint "RevokeBias", Time since last: 2503640809 ns, Reaching safepoint: 120479 ns, At safepoint: 22962 ns, Total: 143441 ns
[2020-02-27T07:30:27.579+0000][1][safepoint    ] Safepoint "RevokeBias", Time since last: 2505361957 ns, Reaching safepoint: 117447 ns, At safepoint: 29568 ns, Total: 147015 ns
[2020-02-27T07:30:30.091+0000][1][safepoint    ] Safepoint "RevokeBias", Time since last: 2512132245 ns, Reaching safepoint: 89039 ns, At safepoint: 22622 ns, Total: 111661 ns
[2020-02-27T07:30:32.603+0000][1][safepoint    ] Safepoint "RevokeBias", Time since last: 2512127633 ns, Reaching safepoint: 146504 ns, At safepoint: 37117 ns, Total: 183621 ns
[2020-02-27T07:30:35.108+0000][1][safepoint    ] Safepoint "RevokeBias", Time since last: 2504801102 ns, Reaching safepoint: 74320 ns, At safepoint: 17389 ns, Total: 91709 ns
[2020-02-27T07:30:37.614+0000][1][safepoint    ] Safepoint "RevokeBias", Time since last: 2505472418 ns, Reaching safepoint: 75522 ns, At safepoint: 17649 ns, Total: 93171 ns
[2020-02-27T07:30:40.120+0000][1][safepoint    ] Safepoint "RevokeBias", Time since last: 2506467760 ns, Reaching safepoint: 72399 ns, At safepoint: 17492 ns, Total: 89891 ns
[2020-02-27T07:30:42.628+0000][1][safepoint    ] Safepoint "RevokeBias", Time since last: 2507832269 ns, Reaching safepoint: 76144 ns, At safepoint: 15900 ns, Total: 92044 ns
[2020-02-27T07:30:45.136+0000][1][safepoint    ] Safepoint "RevokeBias", Time since last: 2507456006 ns, Reaching safepoint: 90571 ns, At safepoint: 17344 ns, Total: 107915 ns
[2020-02-27T07:30:47.640+0000][1][safepoint    ] Safepoint "RevokeBias", Time since last: 2503809306 ns, Reaching safepoint: 71192 ns, At safepoint: 17882 ns, Total: 89074 ns
[2020-02-27T07:30:50.146+0000][1][safepoint    ] Safepoint "RevokeBias", Time since last: 2506490415 ns, Reaching safepoint: 57289 ns, At safepoint: 16503 ns, Total: 73792 ns
[2020-02-27T07:30:52.147+0000][1][safepoint    ] Safepoint "Cleanup", Time since last: 2000537523 ns, Reaching safepoint: 116434 ns, At safepoint: 7868 ns, Total: 124302 ns
[2020-02-27T07:30:52.652+0000][1][safepoint    ] Safepoint "RevokeBias", Time since last: 504355662 ns, Reaching safepoint: 71849 ns, At safepoint: 17280 ns, Total: 89129 ns
[2020-02-27T07:30:55.169+0000][1][safepoint    ] Safepoint "RevokeBias", Time since last: 2517895261 ns, Reaching safepoint: 75152 ns, At safepoint: 17859 ns, Total: 93011 ns
[2020-02-27T07:30:57.680+0000][1][safepoint    ] Safepoint "RevokeBias", Time since last: 2510544332 ns, Reaching safepoint: 107747 ns, At safepoint: 38046 ns, Total: 145793 ns
[2020-02-27T07:31:00.196+0000][1][safepoint    ] Safepoint "RevokeBias", Time since last: 2515468000 ns, Reaching safepoint: 78949 ns, At safepoint: 20923 ns, Total: 99872 ns
[2020-02-27T07:31:02.708+0000][1][safepoint    ] Safepoint "RevokeBias", Time since last: 2512619369 ns, Reaching safepoint: 79850 ns, At safepoint: 18773 ns, Total: 98623 ns
[2020-02-27T07:31:05.222+0000][1][safepoint    ] Safepoint "BulkRevokeBias", Time since last: 2513276728 ns, Reaching safepoint: 115278 ns, At safepoint: 439848 ns, Total: 555126 ns
[2020-02-27T07:31:07.735+0000][1][safepoint    ] Safepoint "RevokeBias", Time since last: 2512794262 ns, Reaching safepoint: 81078 ns, At safepoint: 18508 ns, Total: 99586 ns
[2020-02-27T07:31:10.252+0000][1][safepoint    ] Safepoint "RevokeBias", Time since last: 2516300377 ns, Reaching safepoint: 74444 ns, At safepoint: 17178 ns, Total: 91622 ns
[2020-02-27T07:31:12.761+0000][1][safepoint    ] Safepoint "RevokeBias", Time since last: 2509316408 ns, Reaching safepoint: 72815 ns, At safepoint: 17555 ns, Total: 90370 ns
[2020-02-27T07:31:15.268+0000][1][safepoint    ] Safepoint "RevokeBias", Time since last: 2507270135 ns, Reaching safepoint: 56086 ns, At safepoint: 16681 ns, Total: 72767 ns
[2020-02-27T07:31:17.777+0000][1][safepoint    ] Safepoint "RevokeBias", Time since last: 2508599517 ns, Reaching safepoint: 75317 ns, At safepoint: 19335 ns, Total: 94652 ns
[2020-02-27T07:31:20.284+0000][1][safepoint    ] Safepoint "RevokeBias", Time since last: 2507023226 ns, Reaching safepoint: 68017 ns, At safepoint: 16390 ns, Total: 84407 ns
[2020-02-27T07:31:22.290+0000][1][safepoint    ] Safepoint "Cleanup", Time since last: 2006047888 ns, Reaching safepoint: 116239 ns, At safepoint: 8444 ns, Total: 124683 ns
[2020-02-27T07:31:22.788+0000][1][safepoint    ] Safepoint "RevokeBias", Time since last: 497548623 ns, Reaching safepoint: 75066 ns, At safepoint: 35319 ns, Total: 110385 ns
[2020-02-27T07:31:25.291+0000][1][safepoint    ] Safepoint "RevokeBias", Time since last: 2503402505 ns, Reaching safepoint: 79999 ns, At safepoint: 18470 ns, Total: 98469 ns
[2020-02-27T07:31:27.798+0000][1][safepoint    ] Safepoint "RevokeBias", Time since last: 2505965495 ns, Reaching safepoint: 71697 ns, At safepoint: 17881 ns, Total: 89578 ns
[2020-02-27T07:31:30.303+0000][1][safepoint    ] Safepoint "RevokeBias", Time since last: 2505040789 ns, Reaching safepoint: 69985 ns, At safepoint: 16917 ns, Total: 86902 ns
[2020-02-27T07:31:32.807+0000][1][safepoint    ] Safepoint "RevokeBias", Time since last: 2504241790 ns, Reaching safepoint: 102361 ns, At safepoint: 22584 ns, Total: 124945 ns
[2020-02-27T07:31:35.309+0000][1][safepoint    ] Safepoint "RevokeBias", Time since last: 2501740016 ns, Reaching safepoint: 74330 ns, At safepoint: 17636 ns, Total: 91966 ns
[2020-02-27T07:31:38.015+0000][1][safepoint    ] Safepoint "RevokeBias", Time since last: 2706170531 ns, Reaching safepoint: 103623 ns, At safepoint: 94200 ns, Total: 197823 ns
[2020-02-27T07:31:40.537+0000][1][safepoint    ] Safepoint "RevokeBias", Time since last: 2521264319 ns, Reaching safepoint: 106891 ns, At safepoint: 23780 ns, Total: 130671 ns
[2020-02-27T07:31:43.049+0000][1][safepoint    ] Safepoint "RevokeBias", Time since last: 2512259186 ns, Reaching safepoint: 140062 ns, At safepoint: 30104 ns, Total: 170166 ns
[2020-02-27T07:31:43.694+0000][1][gc,start     ] GC(108) Pause Young (Allocation Failure)
[2020-02-27T07:31:43.694+0000][1][gc,task      ] GC(108) Using 1 workers of 1 for evacuation
[2020-02-27T07:31:43.713+0000][1][gc,age       ] GC(108) Desired survivor size 4358144 bytes, new threshold 6 (max threshold 6)
[2020-02-27T07:31:43.713+0000][1][gc,age       ] GC(108) Age table with threshold 6 (max threshold 6)
[2020-02-27T07:31:43.713+0000][1][gc,age       ] GC(108) - age   1:      13120 bytes,      13120 total
[2020-02-27T07:31:43.713+0000][1][gc,age       ] GC(108) - age   2:        160 bytes,      13280 total
[2020-02-27T07:31:43.713+0000][1][gc,age       ] GC(108) - age   3:       1720 bytes,      15000 total
[2020-02-27T07:31:43.713+0000][1][gc,age       ] GC(108) - age   4:        576 bytes,      15576 total
[2020-02-27T07:31:43.713+0000][1][gc,age       ] GC(108) - age   5:       1400 bytes,      16976 total
[2020-02-27T07:31:43.713+0000][1][gc,heap      ] GC(108) ParNew: 68180K->29K(76672K)
[2020-02-27T07:31:43.713+0000][1][gc,heap      ] GC(108) CMS: 62506K->62507K(963392K)
[2020-02-27T07:31:43.713+0000][1][gc,metaspace ] GC(108) Metaspace: 80089K->80089K(1122304K)
[2020-02-27T07:31:43.713+0000][1][gc           ] GC(108) Pause Young (Allocation Failure) 127M->61M(1015M) 19.240ms
[2020-02-27T07:31:43.713+0000][1][gc,cpu       ] GC(108) User=0.01s Sys=0.00s Real=0.02s
[2020-02-27T07:31:43.713+0000][1][safepoint    ] Safepoint "GenCollectForAllocation", Time since last: 644600645 ns, Reaching safepoint: 123074 ns, At safepoint: 19339990 ns, Total: 19463064 ns
[2020-02-27T07:31:45.560+0000][1][safepoint    ] Safepoint "RevokeBias", Time since last: 1846303974 ns, Reaching safepoint: 146783 ns, At safepoint: 20355 ns, Total: 167138 ns
[2020-02-27T07:31:48.063+0000][1][safepoint    ] Safepoint "RevokeBias", Time since last: 2502887253 ns, Reaching safepoint: 129924 ns, At safepoint: 17862 ns, Total: 147786 ns
[2020-02-27T07:31:50.569+0000][1][safepoint    ] Safepoint "RevokeBias", Time since last: 2506171019 ns, Reaching safepoint: 88068 ns, At safepoint: 20525 ns, Total: 108593 ns
[2020-02-27T07:31:53.074+0000][1][safepoint    ] Safepoint "RevokeBias", Time since last: 2505210547 ns, Reaching safepoint: 97624 ns, At safepoint: 25637 ns, Total: 123261 ns
[2020-02-27T07:31:55.578+0000][1][safepoint    ] Safepoint "RevokeBias", Time since last: 2503687424 ns, Reaching safepoint: 75833 ns, At safepoint: 18024 ns, Total: 93857 ns
[2020-02-27T07:31:58.081+0000][1][safepoint    ] Safepoint "RevokeBias", Time since last: 2503084209 ns, Reaching safepoint: 61372 ns, At safepoint: 17820 ns, Total: 79192 ns
[2020-02-27T07:32:00.587+0000][1][safepoint    ] Safepoint "RevokeBias", Time since last: 2505844864 ns, Reaching safepoint: 157735 ns, At safepoint: 34295 ns, Total: 192030 ns
[2020-02-27T07:32:03.093+0000][1][safepoint    ] Safepoint "RevokeBias", Time since last: 2505740903 ns, Reaching safepoint: 73722 ns, At safepoint: 17936 ns, Total: 91658 ns
[2020-02-27T07:32:05.598+0000][1][safepoint    ] Safepoint "RevokeBias", Time since last: 2504676040 ns, Reaching safepoint: 110002 ns, At safepoint: 17974 ns, Total: 127976 ns
[2020-02-27T07:32:08.104+0000][1][safepoint    ] Safepoint "RevokeBias", Time since last: 2505657928 ns, Reaching safepoint: 71416 ns, At safepoint: 17630 ns, Total: 89046 ns
[2020-02-27T07:32:10.610+0000][1][safepoint    ] Safepoint "RevokeBias", Time since last: 2506494496 ns, Reaching safepoint: 73691 ns, At safepoint: 17913 ns, Total: 91604 ns
[2020-02-27T07:32:13.115+0000][1][safepoint    ] Safepoint "RevokeBias", Time since last: 2504566952 ns, Reaching safepoint: 75037 ns, At safepoint: 18401 ns, Total: 93438 ns
[2020-02-27T07:32:15.618+0000][1][safepoint    ] Safepoint "RevokeBias", Time since last: 2503458957 ns, Reaching safepoint: 93407 ns, At safepoint: 23471 ns, Total: 116878 ns
[2020-02-27T07:32:18.122+0000][1][safepoint    ] Safepoint "BulkRevokeBias", Time since last: 2503424558 ns, Reaching safepoint: 96998 ns, At safepoint: 394856 ns, Total: 491854 ns
[2020-02-27T07:32:20.636+0000][1][safepoint    ] Safepoint "RevokeBias", Time since last: 2513352450 ns, Reaching safepoint: 91028 ns, At safepoint: 21885 ns, Total: 112913 ns
[2020-02-27T07:32:23.146+0000][1][safepoint    ] Safepoint "RevokeBias", Time since last: 2510123617 ns, Reaching safepoint: 100242 ns, At safepoint: 27244 ns, Total: 127486 ns
[2020-02-27T07:32:25.656+0000][1][safepoint    ] Safepoint "RevokeBias", Time since last: 2509582782 ns, Reaching safepoint: 77125 ns, At safepoint: 73365 ns, Total: 150490 ns
[2020-02-27T07:32:28.166+0000][1][safepoint    ] Safepoint "RevokeBias", Time since last: 2510471751 ns, Reaching safepoint: 176211 ns, At safepoint: 26250 ns, Total: 202461 ns
[2020-02-27T07:32:30.677+0000][1][safepoint    ] Safepoint "RevokeBias", Time since last: 2510716965 ns, Reaching safepoint: 110421 ns, At safepoint: 32120 ns, Total: 142541 ns
[2020-02-27T07:32:33.189+0000][1][safepoint    ] Safepoint "RevokeBias", Time since last: 2511291233 ns, Reaching safepoint: 82262 ns, At safepoint: 18635 ns, Total: 100897 ns
[2020-02-27T07:32:35.694+0000][1][safepoint    ] Safepoint "RevokeBias", Time since last: 2504806921 ns, Reaching safepoint: 70615 ns, At safepoint: 18734 ns, Total: 89349 ns
[2020-02-27T07:32:38.199+0000][1][safepoint    ] Safepoint "RevokeBias", Time since last: 2505274386 ns, Reaching safepoint: 73155 ns, At safepoint: 17515 ns, Total: 90670 ns
[2020-02-27T07:32:40.706+0000][1][safepoint    ] Safepoint "RevokeBias", Time since last: 2506844485 ns, Reaching safepoint: 92879 ns, At safepoint: 24161 ns, Total: 117040 ns
[2020-02-27T07:32:43.213+0000][1][safepoint    ] Safepoint "RevokeBias", Time since last: 2506657597 ns, Reaching safepoint: 73600 ns, At safepoint: 18460 ns, Total: 92060 ns
[2020-02-27T07:32:45.716+0000][1][safepoint    ] Safepoint "RevokeBias", Time since last: 2502676293 ns, Reaching safepoint: 110173 ns, At safepoint: 30748 ns, Total: 140921 ns
[2020-02-27T07:32:48.219+0000][1][safepoint    ] Safepoint "RevokeBias", Time since last: 2503547966 ns, Reaching safepoint: 72611 ns, At safepoint: 17335 ns, Total: 89946 ns
[2020-02-27T07:32:50.724+0000][1][safepoint    ] Safepoint "RevokeBias", Time since last: 2504992195 ns, Reaching safepoint: 94887 ns, At safepoint: 23109 ns, Total: 117996 ns
[2020-02-27T07:32:52.732+0000][1][safepoint    ] Safepoint "Cleanup", Time since last: 2007222352 ns, Reaching safepoint: 87093 ns, At safepoint: 7178 ns, Total: 94271 ns
[2020-02-27T07:32:53.230+0000][1][safepoint    ] Safepoint "RevokeBias", Time since last: 498139547 ns, Reaching safepoint: 71814 ns, At safepoint: 17973 ns, Total: 89787 ns
[2020-02-27T07:32:55.733+0000][1][safepoint    ] Safepoint "RevokeBias", Time since last: 2503275824 ns, Reaching safepoint: 125875 ns, At safepoint: 22408 ns, Total: 148283 ns
[2020-02-27T07:32:58.238+0000][1][safepoint    ] Safepoint "RevokeBias", Time since last: 2504556238 ns, Reaching safepoint: 122849 ns, At safepoint: 31682 ns, Total: 154531 ns
[2020-02-27T07:33:00.743+0000][1][safepoint    ] Safepoint "RevokeBias", Time since last: 2505328837 ns, Reaching safepoint: 74210 ns, At safepoint: 17913 ns, Total: 92123 ns
[2020-02-27T07:33:03.252+0000][1][safepoint    ] Safepoint "RevokeBias", Time since last: 2508620871 ns, Reaching safepoint: 77606 ns, At safepoint: 18397 ns, Total: 96003 ns
[2020-02-27T07:33:05.760+0000][1][safepoint    ] Safepoint "RevokeBias", Time since last: 2508205917 ns, Reaching safepoint: 74506 ns, At safepoint: 17393 ns, Total: 91899 ns
[2020-02-27T07:33:08.272+0000][1][safepoint    ] Safepoint "RevokeBias", Time since last: 2511915463 ns, Reaching safepoint: 72223 ns, At safepoint: 17606 ns, Total: 89829 ns
[2020-02-27T07:33:10.791+0000][1][safepoint    ] Safepoint "RevokeBias", Time since last: 2518106821 ns, Reaching safepoint: 78173 ns, At safepoint: 19492 ns, Total: 97665 ns
[2020-02-27T07:33:13.308+0000][1][safepoint    ] Safepoint "RevokeBias", Time since last: 2516958595 ns, Reaching safepoint: 107916 ns, At safepoint: 44319 ns, Total: 152235 ns
[2020-02-27T07:33:15.821+0000][1][safepoint    ] Safepoint "RevokeBias", Time since last: 2512708552 ns, Reaching safepoint: 98377 ns, At safepoint: 23522 ns, Total: 121899 ns
[2020-02-27T07:33:18.331+0000][1][safepoint    ] Safepoint "RevokeBias", Time since last: 2510308186 ns, Reaching safepoint: 186553 ns, At safepoint: 29720 ns, Total: 216273 ns
[2020-02-27T07:33:20.841+0000][1][safepoint    ] Safepoint "RevokeBias", Time since last: 2510033710 ns, Reaching safepoint: 160358 ns, At safepoint: 32253 ns, Total: 192611 ns
[2020-02-27T07:33:23.347+0000][1][safepoint    ] Safepoint "RevokeBias", Time since last: 2506105686 ns, Reaching safepoint: 96480 ns, At safepoint: 19491 ns, Total: 115971 ns
[2020-02-27T07:33:25.851+0000][1][safepoint    ] Safepoint "RevokeBias", Time since last: 2503416872 ns, Reaching safepoint: 91858 ns, At safepoint: 21094 ns, Total: 112952 ns
[2020-02-27T07:33:28.356+0000][1][safepoint    ] Safepoint "RevokeBias", Time since last: 2505120136 ns, Reaching safepoint: 116402 ns, At safepoint: 18018 ns, Total: 134420 ns
[2020-02-27T07:33:30.863+0000][1][safepoint    ] Safepoint "BulkRevokeBias", Time since last: 2506071292 ns, Reaching safepoint: 95274 ns, At safepoint: 268714 ns, Total: 363988 ns
[2020-02-27T07:33:33.368+0000][1][safepoint    ] Safepoint "RevokeBias", Time since last: 2504795266 ns, Reaching safepoint: 81767 ns, At safepoint: 23961 ns, Total: 105728 ns
[2020-02-27T07:33:35.871+0000][1][safepoint    ] Safepoint "RevokeBias", Time since last: 2503549360 ns, Reaching safepoint: 75967 ns, At safepoint: 17779 ns, Total: 93746 ns
[2020-02-27T07:33:38.377+0000][1][safepoint    ] Safepoint "RevokeBias", Time since last: 2505550111 ns, Reaching safepoint: 76058 ns, At safepoint: 18291 ns, Total: 94349 ns
[2020-02-27T07:33:40.885+0000][1][safepoint    ] Safepoint "RevokeBias", Time since last: 2508140331 ns, Reaching safepoint: 77183 ns, At safepoint: 17877 ns, Total: 95060 ns
[2020-02-27T07:33:43.391+0000][1][safepoint    ] Safepoint "RevokeBias", Time since last: 2505910162 ns, Reaching safepoint: 77242 ns, At safepoint: 32596 ns, Total: 109838 ns
[2020-02-27T07:33:45.913+0000][1][safepoint    ] Safepoint "RevokeBias", Time since last: 2521281512 ns, Reaching safepoint: 81963 ns, At safepoint: 19464 ns, Total: 101427 ns
[2020-02-27T07:33:48.531+0000][1][safepoint    ] Safepoint "RevokeBias", Time since last: 2618641520 ns, Reaching safepoint: 77783 ns, At safepoint: 18267 ns, Total: 96050 ns
[2020-02-27T07:33:51.045+0000][1][safepoint    ] Safepoint "RevokeBias", Time since last: 2513236713 ns, Reaching safepoint: 149313 ns, At safepoint: 27811 ns, Total: 177124 ns
[2020-02-27T07:33:53.581+0000][1][safepoint    ] Safepoint "RevokeBias", Time since last: 2535887061 ns, Reaching safepoint: 71260 ns, At safepoint: 17666 ns, Total: 88926 ns
[2020-02-27T07:33:56.103+0000][1][safepoint    ] Safepoint "RevokeBias", Time since last: 2522668793 ns, Reaching safepoint: 98036 ns, At safepoint: 21991 ns, Total: 120027 ns
[2020-02-27T07:33:58.616+0000][1][safepoint    ] Safepoint "RevokeBias", Time since last: 2512111796 ns, Reaching safepoint: 72785 ns, At safepoint: 17737 ns, Total: 90522 ns
[2020-02-27T07:33:58.831+0000][1][gc,start     ] GC(109) Pause Young (Allocation Failure)
[2020-02-27T07:33:58.831+0000][1][gc,task      ] GC(109) Using 1 workers of 1 for evacuation
[2020-02-27T07:33:58.844+0000][1][gc,age       ] GC(109) Desired survivor size 4358144 bytes, new threshold 6 (max threshold 6)
[2020-02-27T07:33:58.844+0000][1][gc,age       ] GC(109) Age table with threshold 6 (max threshold 6)
[2020-02-27T07:33:58.844+0000][1][gc,age       ] GC(109) - age   1:      12008 bytes,      12008 total
[2020-02-27T07:33:58.844+0000][1][gc,age       ] GC(109) - age   2:       1272 bytes,      13280 total
[2020-02-27T07:33:58.844+0000][1][gc,age       ] GC(109) - age   3:        160 bytes,      13440 total
[2020-02-27T07:33:58.844+0000][1][gc,age       ] GC(109) - age   4:       1720 bytes,      15160 total
[2020-02-27T07:33:58.844+0000][1][gc,age       ] GC(109) - age   5:        576 bytes,      15736 total
[2020-02-27T07:33:58.844+0000][1][gc,age       ] GC(109) - age   6:       1400 bytes,      17136 total
[2020-02-27T07:33:58.844+0000][1][gc,heap      ] GC(109) ParNew: 68189K->19K(76672K)
[2020-02-27T07:33:58.844+0000][1][gc,heap      ] GC(109) CMS: 62507K->62507K(963392K)
[2020-02-27T07:33:58.844+0000][1][gc,metaspace ] GC(109) Metaspace: 80097K->80097K(1122304K)
[2020-02-27T07:33:58.844+0000][1][gc           ] GC(109) Pause Young (Allocation Failure) 127M->61M(1015M) 13.376ms
[2020-02-27T07:33:58.844+0000][1][gc,cpu       ] GC(109) User=0.01s Sys=0.00s Real=0.02s
[2020-02-27T07:33:58.844+0000][1][safepoint    ] Safepoint "GenCollectForAllocation", Time since last: 214749307 ns, Reaching safepoint: 102532 ns, At safepoint: 13437731 ns, Total: 13540263 ns
[2020-02-27T07:34:01.127+0000][1][safepoint    ] Safepoint "RevokeBias", Time since last: 2283330289 ns, Reaching safepoint: 136910 ns, At safepoint: 19240 ns, Total: 156150 ns
[2020-02-27T07:34:03.642+0000][1][safepoint    ] Safepoint "RevokeBias", Time since last: 2514875353 ns, Reaching safepoint: 76496 ns, At safepoint: 17856 ns, Total: 94352 ns
[2020-02-27T07:34:06.150+0000][1][safepoint    ] Safepoint "RevokeBias", Time since last: 2507191543 ns, Reaching safepoint: 75635 ns, At safepoint: 18323 ns, Total: 93958 ns
[2020-02-27T07:34:08.671+0000][1][safepoint    ] Safepoint "RevokeBias", Time since last: 2521131209 ns, Reaching safepoint: 81539 ns, At safepoint: 21580 ns, Total: 103119 ns
[2020-02-27T07:34:11.182+0000][1][safepoint    ] Safepoint "RevokeBias", Time since last: 2510641284 ns, Reaching safepoint: 79162 ns, At safepoint: 18349 ns, Total: 97511 ns
[2020-02-27T07:34:13.688+0000][1][safepoint    ] Safepoint "RevokeBias", Time since last: 2505879309 ns, Reaching safepoint: 53368 ns, At safepoint: 15499 ns, Total: 68867 ns
[2020-02-27T07:34:16.190+0000][1][safepoint    ] Safepoint "RevokeBias", Time since last: 2502411368 ns, Reaching safepoint: 72951 ns, At safepoint: 17300 ns, Total: 90251 ns
[2020-02-27T07:34:18.695+0000][1][safepoint    ] Safepoint "RevokeBias", Time since last: 2504687532 ns, Reaching safepoint: 91956 ns, At safepoint: 24462 ns, Total: 116418 ns
[2020-02-27T07:34:21.202+0000][1][safepoint    ] Safepoint "RevokeBias", Time since last: 2507078401 ns, Reaching safepoint: 100149 ns, At safepoint: 26116 ns, Total: 126265 ns
[2020-02-27T07:34:22.203+0000][1][safepoint    ] Safepoint "Cleanup", Time since last: 1000978964 ns, Reaching safepoint: 74265 ns, At safepoint: 8106 ns, Total: 82371 ns
[2020-02-27T07:34:23.708+0000][1][safepoint    ] Safepoint "RevokeBias", Time since last: 1504486612 ns, Reaching safepoint: 72826 ns, At safepoint: 17316 ns, Total: 90142 ns
[2020-02-27T07:34:24.709+0000][1][safepoint    ] Safepoint "Cleanup", Time since last: 1000776718 ns, Reaching safepoint: 156989 ns, At safepoint: 14554 ns, Total: 171543 ns
[2020-02-27T07:34:26.211+0000][1][safepoint    ] Safepoint "RevokeBias", Time since last: 1501709984 ns, Reaching safepoint: 96773 ns, At safepoint: 20593 ns, Total: 117366 ns
[2020-02-27T07:34:28.714+0000][1][safepoint    ] Safepoint "RevokeBias", Time since last: 2503302613 ns, Reaching safepoint: 72073 ns, At safepoint: 17593 ns, Total: 89666 ns
[2020-02-27T07:34:31.218+0000][1][safepoint    ] Safepoint "RevokeBias", Time since last: 2504279263 ns, Reaching safepoint: 93873 ns, At safepoint: 23675 ns, Total: 117548 ns
[2020-02-27T07:34:33.724+0000][1][safepoint    ] Safepoint "RevokeBias", Time since last: 2505466576 ns, Reaching safepoint: 156036 ns, At safepoint: 38882 ns, Total: 194918 ns
[2020-02-27T07:34:36.228+0000][1][safepoint    ] Safepoint "RevokeBias", Time since last: 2504081269 ns, Reaching safepoint: 206347 ns, At safepoint: 27255 ns, Total: 233602 ns
[2020-02-27T07:34:38.741+0000][1][safepoint    ] Safepoint "RevokeBias", Time since last: 2512506172 ns, Reaching safepoint: 89311 ns, At safepoint: 21664 ns, Total: 110975 ns
[2020-02-27T07:34:41.257+0000][1][safepoint    ] Safepoint "RevokeBias", Time since last: 2515708230 ns, Reaching safepoint: 165197 ns, At safepoint: 26737 ns, Total: 191934 ns
[2020-02-27T07:34:43.772+0000][1][safepoint    ] Safepoint "BulkRevokeBias", Time since last: 2514510560 ns, Reaching safepoint: 72610 ns, At safepoint: 218730 ns, Total: 291340 ns
[2020-02-27T07:34:46.285+0000][1][safepoint    ] Safepoint "RevokeBias", Time since last: 2513549172 ns, Reaching safepoint: 168389 ns, At safepoint: 41890 ns, Total: 210279 ns
[2020-02-27T07:34:48.803+0000][1][safepoint    ] Safepoint "RevokeBias", Time since last: 2517305573 ns, Reaching safepoint: 74772 ns, At safepoint: 17212 ns, Total: 91984 ns
[2020-02-27T07:34:51.317+0000][1][safepoint    ] Safepoint "RevokeBias", Time since last: 2513854538 ns, Reaching safepoint: 144135 ns, At safepoint: 109733 ns, Total: 253868 ns
[2020-02-27T07:34:53.838+0000][1][safepoint    ] Safepoint "RevokeBias", Time since last: 2521439357 ns, Reaching safepoint: 75060 ns, At safepoint: 18015 ns, Total: 93075 ns
[2020-02-27T07:34:56.352+0000][1][safepoint    ] Safepoint "RevokeBias", Time since last: 2513307357 ns, Reaching safepoint: 115125 ns, At safepoint: 28804 ns, Total: 143929 ns
[2020-02-27T07:34:58.866+0000][1][safepoint    ] Safepoint "RevokeBias", Time since last: 2513868543 ns, Reaching safepoint: 72088 ns, At safepoint: 17277 ns, Total: 89365 ns
[2020-02-27T07:35:01.375+0000][1][safepoint    ] Safepoint "RevokeBias", Time since last: 2508853837 ns, Reaching safepoint: 73525 ns, At safepoint: 17877 ns, Total: 91402 ns
[2020-02-27T07:35:03.881+0000][1][safepoint    ] Safepoint "RevokeBias", Time since last: 2505811503 ns, Reaching safepoint: 87205 ns, At safepoint: 19073 ns, Total: 106278 ns
[2020-02-27T07:35:06.386+0000][1][safepoint    ] Safepoint "RevokeBias", Time since last: 2504813279 ns, Reaching safepoint: 72375 ns, At safepoint: 17897 ns, Total: 90272 ns
[2020-02-27T07:35:08.895+0000][1][safepoint    ] Safepoint "RevokeBias", Time since last: 2508134521 ns, Reaching safepoint: 1255493 ns, At safepoint: 24844 ns, Total: 1280337 ns
[2020-02-27T07:35:09.896+0000][1][safepoint    ] Safepoint "Cleanup", Time since last: 1000946094 ns, Reaching safepoint: 78621 ns, At safepoint: 6523 ns, Total: 85144 ns
[2020-02-27T07:35:11.401+0000][1][safepoint    ] Safepoint "RevokeBias", Time since last: 1504389833 ns, Reaching safepoint: 80608 ns, At safepoint: 18832 ns, Total: 99440 ns
[2020-02-27T07:35:13.905+0000][1][safepoint    ] Safepoint "RevokeBias", Time since last: 2504616904 ns, Reaching safepoint: 72294 ns, At safepoint: 17229 ns, Total: 89523 ns
[2020-02-27T07:35:16.410+0000][1][safepoint    ] Safepoint "RevokeBias", Time since last: 2504368394 ns, Reaching safepoint: 198323 ns, At safepoint: 49963 ns, Total: 248286 ns
[2020-02-27T07:35:18.915+0000][1][safepoint    ] Safepoint "RevokeBias", Time since last: 2504532060 ns, Reaching safepoint: 114599 ns, At safepoint: 19267 ns, Total: 133866 ns
[2020-02-27T07:35:21.421+0000][1][safepoint    ] Safepoint "RevokeBias", Time since last: 2506228779 ns, Reaching safepoint: 76918 ns, At safepoint: 18838 ns, Total: 95756 ns
[2020-02-27T07:35:23.926+0000][1][safepoint    ] Safepoint "RevokeBias", Time since last: 2504598521 ns, Reaching safepoint: 71637 ns, At safepoint: 16795 ns, Total: 88432 ns
[2020-02-27T07:35:26.430+0000][1][safepoint    ] Safepoint "RevokeBias", Time since last: 2504482306 ns, Reaching safepoint: 152508 ns, At safepoint: 36345 ns, Total: 188853 ns
[2020-02-27T07:35:28.937+0000][1][safepoint    ] Safepoint "RevokeBias", Time since last: 2507159036 ns, Reaching safepoint: 81477 ns, At safepoint: 20691 ns, Total: 102168 ns
[2020-02-27T07:35:31.443+0000][1][safepoint    ] Safepoint "RevokeBias", Time since last: 2505738208 ns, Reaching safepoint: 88152 ns, At safepoint: 20106 ns, Total: 108258 ns
[2020-02-27T07:35:33.949+0000][1][safepoint    ] Safepoint "RevokeBias", Time since last: 2505460234 ns, Reaching safepoint: 72485 ns, At safepoint: 17817 ns, Total: 90302 ns
[2020-02-27T07:35:36.452+0000][1][safepoint    ] Safepoint "RevokeBias", Time since last: 2503269902 ns, Reaching safepoint: 181373 ns, At safepoint: 19668 ns, Total: 201041 ns
[2020-02-27T07:35:38.957+0000][1][safepoint    ] Safepoint "RevokeBias", Time since last: 2504520398 ns, Reaching safepoint: 76318 ns, At safepoint: 18463 ns, Total: 94781 ns
[2020-02-27T07:35:41.472+0000][1][safepoint    ] Safepoint "RevokeBias", Time since last: 2515369108 ns, Reaching safepoint: 58557 ns, At safepoint: 15254 ns, Total: 73811 ns
[2020-02-27T07:35:43.986+0000][1][safepoint    ] Safepoint "RevokeBias", Time since last: 2513196401 ns, Reaching safepoint: 72859 ns, At safepoint: 17924 ns, Total: 90783 ns
[2020-02-27T07:35:46.549+0000][1][safepoint    ] Safepoint "RevokeBias", Time since last: 2562972124 ns, Reaching safepoint: 109943 ns, At safepoint: 27164 ns, Total: 137107 ns
[2020-02-27T07:35:49.059+0000][1][safepoint    ] Safepoint "RevokeBias", Time since last: 2510136622 ns, Reaching safepoint: 80480 ns, At safepoint: 19399 ns, Total: 99879 ns
[2020-02-27T07:35:51.593+0000][1][safepoint    ] Safepoint "RevokeBias", Time since last: 2533410317 ns, Reaching safepoint: 73691 ns, At safepoint: 17066 ns, Total: 90757 ns
[2020-02-27T07:35:54.126+0000][1][safepoint    ] Safepoint "RevokeBias", Time since last: 2533068915 ns, Reaching safepoint: 55722 ns, At safepoint: 16074 ns, Total: 71796 ns
[2020-02-27T07:35:56.630+0000][1][safepoint    ] Safepoint "BulkRevokeBias", Time since last: 2503584538 ns, Reaching safepoint: 85908 ns, At safepoint: 217061 ns, Total: 302969 ns
[2020-02-27T07:35:59.134+0000][1][safepoint    ] Safepoint "RevokeBias", Time since last: 2504249665 ns, Reaching safepoint: 76035 ns, At safepoint: 17638 ns, Total: 93673 ns
[2020-02-27T07:36:01.639+0000][1][safepoint    ] Safepoint "RevokeBias", Time since last: 2505097983 ns, Reaching safepoint: 92808 ns, At safepoint: 20581 ns, Total: 113389 ns
[2020-02-27T07:36:04.144+0000][1][safepoint    ] Safepoint "RevokeBias", Time since last: 2504913809 ns, Reaching safepoint: 74773 ns, At safepoint: 18004 ns, Total: 92777 ns
[2020-02-27T07:36:06.647+0000][1][safepoint    ] Safepoint "RevokeBias", Time since last: 2503285453 ns, Reaching safepoint: 78505 ns, At safepoint: 18896 ns, Total: 97401 ns
[2020-02-27T07:36:09.154+0000][1][safepoint    ] Safepoint "RevokeBias", Time since last: 2505992652 ns, Reaching safepoint: 71624 ns, At safepoint: 17054 ns, Total: 88678 ns
[2020-02-27T07:36:11.659+0000][1][safepoint    ] Safepoint "RevokeBias", Time since last: 2505471469 ns, Reaching safepoint: 71376 ns, At safepoint: 16807 ns, Total: 88183 ns
[2020-02-27T07:36:14.167+0000][1][safepoint    ] Safepoint "RevokeBias", Time since last: 2507384693 ns, Reaching safepoint: 73874 ns, At safepoint: 17955 ns, Total: 91829 ns
[2020-02-27T07:36:16.670+0000][1][safepoint    ] Safepoint "RevokeBias", Time since last: 2503135811 ns, Reaching safepoint: 90605 ns, At safepoint: 21349 ns, Total: 111954 ns
[2020-02-27T07:36:18.939+0000][1][gc,start     ] GC(110) Pause Young (Allocation Failure)
[2020-02-27T07:36:18.939+0000][1][gc,task      ] GC(110) Using 1 workers of 1 for evacuation
[2020-02-27T07:36:18.949+0000][1][gc,age       ] GC(110) Desired survivor size 4358144 bytes, new threshold 6 (max threshold 6)
[2020-02-27T07:36:18.949+0000][1][gc,age       ] GC(110) Age table with threshold 6 (max threshold 6)
[2020-02-27T07:36:18.949+0000][1][gc,age       ] GC(110) - age   1:      10816 bytes,      10816 total
[2020-02-27T07:36:18.949+0000][1][gc,age       ] GC(110) - age   2:        184 bytes,      11000 total
[2020-02-27T07:36:18.949+0000][1][gc,age       ] GC(110) - age   3:       1272 bytes,      12272 total
[2020-02-27T07:36:18.949+0000][1][gc,age       ] GC(110) - age   4:        160 bytes,      12432 total
[2020-02-27T07:36:18.949+0000][1][gc,age       ] GC(110) - age   5:       1720 bytes,      14152 total
[2020-02-27T07:36:18.949+0000][1][gc,age       ] GC(110) - age   6:        576 bytes,      14728 total
[2020-02-27T07:36:18.949+0000][1][gc,heap      ] GC(110) ParNew: 68179K->15K(76672K)
[2020-02-27T07:36:18.949+0000][1][gc,heap      ] GC(110) CMS: 62507K->62509K(963392K)
[2020-02-27T07:36:18.949+0000][1][gc,metaspace ] GC(110) Metaspace: 80097K->80097K(1122304K)
[2020-02-27T07:36:18.949+0000][1][gc           ] GC(110) Pause Young (Allocation Failure) 127M->61M(1015M) 10.503ms
[2020-02-27T07:36:18.949+0000][1][gc,cpu       ] GC(110) User=0.01s Sys=0.00s Real=0.01s
[2020-02-27T07:36:18.949+0000][1][safepoint    ] Safepoint "GenCollectForAllocation", Time since last: 2268683140 ns, Reaching safepoint: 103384 ns, At safepoint: 10591869 ns, Total: 10695253 ns
[2020-02-27T07:36:19.172+0000][1][safepoint    ] Safepoint "RevokeBias", Time since last: 222700294 ns, Reaching safepoint: 76084 ns, At safepoint: 18129 ns, Total: 94213 ns
[2020-02-27T07:36:21.676+0000][1][safepoint    ] Safepoint "RevokeBias", Time since last: 2504014968 ns, Reaching safepoint: 89167 ns, At safepoint: 22465 ns, Total: 111632 ns
[2020-02-27T07:36:24.182+0000][1][safepoint    ] Safepoint "RevokeBias", Time since last: 2505427981 ns, Reaching safepoint: 74736 ns, At safepoint: 18257 ns, Total: 92993 ns
[2020-02-27T07:36:26.686+0000][1][safepoint    ] Safepoint "RevokeBias", Time since last: 2504293086 ns, Reaching safepoint: 119098 ns, At safepoint: 28437 ns, Total: 147535 ns
[2020-02-27T07:36:29.202+0000][1][safepoint    ] Safepoint "RevokeBias", Time since last: 2515791153 ns, Reaching safepoint: 92061 ns, At safepoint: 22140 ns, Total: 114201 ns
[2020-02-27T07:36:31.714+0000][1][safepoint    ] Safepoint "RevokeBias", Time since last: 2512242014 ns, Reaching safepoint: 73352 ns, At safepoint: 17313 ns, Total: 90665 ns
[2020-02-27T07:36:34.229+0000][1][safepoint    ] Safepoint "RevokeBias", Time since last: 2514250424 ns, Reaching safepoint: 73055 ns, At safepoint: 17305 ns, Total: 90360 ns
[2020-02-27T07:36:36.741+0000][1][safepoint    ] Safepoint "RevokeBias", Time since last: 2512131487 ns, Reaching safepoint: 78783 ns, At safepoint: 19594 ns, Total: 98377 ns
[2020-02-27T07:36:39.251+0000][1][safepoint    ] Safepoint "RevokeBias", Time since last: 2510480330 ns, Reaching safepoint: 72294 ns, At safepoint: 17623 ns, Total: 89917 ns
[2020-02-27T07:36:41.765+0000][1][safepoint    ] Safepoint "RevokeBias", Time since last: 2513406811 ns, Reaching safepoint: 115676 ns, At safepoint: 27976 ns, Total: 143652 ns
[2020-02-27T07:36:44.276+0000][1][safepoint    ] Safepoint "RevokeBias", Time since last: 2510329145 ns, Reaching safepoint: 96715 ns, At safepoint: 85079 ns, Total: 181794 ns
[2020-02-27T07:36:46.785+0000][1][safepoint    ] Safepoint "RevokeBias", Time since last: 2509545708 ns, Reaching safepoint: 90863 ns, At safepoint: 20882 ns, Total: 111745 ns
[2020-02-27T07:36:49.298+0000][1][safepoint    ] Safepoint "RevokeBias", Time since last: 2512328439 ns, Reaching safepoint: 102882 ns, At safepoint: 21783 ns, Total: 124665 ns
[2020-02-27T07:36:51.809+0000][1][safepoint    ] Safepoint "RevokeBias", Time since last: 2511256007 ns, Reaching safepoint: 100863 ns, At safepoint: 19245 ns, Total: 120108 ns
[2020-02-27T07:36:54.314+0000][1][safepoint    ] Safepoint "RevokeBias", Time since last: 2504756269 ns, Reaching safepoint: 115845 ns, At safepoint: 19486 ns, Total: 135331 ns
[2020-02-27T07:36:56.818+0000][1][safepoint    ] Safepoint "RevokeBias", Time since last: 2504111660 ns, Reaching safepoint: 76782 ns, At safepoint: 19260 ns, Total: 96042 ns
[2020-02-27T07:36:59.325+0000][1][safepoint    ] Safepoint "RevokeBias", Time since last: 2506599131 ns, Reaching safepoint: 74151 ns, At safepoint: 18025 ns, Total: 92176 ns
[2020-02-27T07:37:01.829+0000][1][safepoint    ] Safepoint "RevokeBias", Time since last: 2504387824 ns, Reaching safepoint: 74836 ns, At safepoint: 17871 ns, Total: 92707 ns
[2020-02-27T07:37:04.335+0000][1][safepoint    ] Safepoint "RevokeBias", Time since last: 2505718461 ns, Reaching safepoint: 96450 ns, At safepoint: 24406 ns, Total: 120856 ns
[2020-02-27T07:37:06.839+0000][1][safepoint    ] Safepoint "RevokeBias", Time since last: 2504062131 ns, Reaching safepoint: 126311 ns, At safepoint: 19154 ns, Total: 145465 ns
[2020-02-27T07:37:09.344+0000][1][safepoint    ] Safepoint "BulkRevokeBias", Time since last: 2504537708 ns, Reaching safepoint: 122806 ns, At safepoint: 391697 ns, Total: 514503 ns
[2020-02-27T07:37:11.850+0000][1][safepoint    ] Safepoint "RevokeBias", Time since last: 2505216790 ns, Reaching safepoint: 129384 ns, At safepoint: 29075 ns, Total: 158459 ns
[2020-02-27T07:37:14.354+0000][1][safepoint    ] Safepoint "RevokeBias", Time since last: 2503985566 ns, Reaching safepoint: 58319 ns, At safepoint: 16682 ns, Total: 75001 ns
[2020-02-27T07:37:16.858+0000][1][safepoint    ] Safepoint "RevokeBias", Time since last: 2504086601 ns, Reaching safepoint: 93936 ns, At safepoint: 24216 ns, Total: 118152 ns
[2020-02-27T07:37:19.362+0000][1][safepoint    ] Safepoint "RevokeBias", Time since last: 2503946465 ns, Reaching safepoint: 222138 ns, At safepoint: 53298 ns, Total: 275436 ns
[2020-02-27T07:37:21.866+0000][1][safepoint    ] Safepoint "RevokeBias", Time since last: 2504009367 ns, Reaching safepoint: 88488 ns, At safepoint: 20439 ns, Total: 108927 ns
[2020-02-27T07:37:24.371+0000][1][safepoint    ] Safepoint "RevokeBias", Time since last: 2504988551 ns, Reaching safepoint: 71003 ns, At safepoint: 17435 ns, Total: 88438 ns
[2020-02-27T07:37:26.884+0000][1][safepoint    ] Safepoint "RevokeBias", Time since last: 2512544958 ns, Reaching safepoint: 72830 ns, At safepoint: 17788 ns, Total: 90618 ns
[2020-02-27T07:37:29.396+0000][1][safepoint    ] Safepoint "RevokeBias", Time since last: 2512260666 ns, Reaching safepoint: 72463 ns, At safepoint: 54209 ns, Total: 126672 ns
[2020-02-27T07:37:31.912+0000][1][safepoint    ] Safepoint "RevokeBias", Time since last: 2514966638 ns, Reaching safepoint: 144701 ns, At safepoint: 21202 ns, Total: 165903 ns
[2020-02-27T07:37:34.426+0000][1][safepoint    ] Safepoint "RevokeBias", Time since last: 2513876281 ns, Reaching safepoint: 97941 ns, At safepoint: 25869 ns, Total: 123810 ns
[2020-02-27T07:37:36.936+0000][1][safepoint    ] Safepoint "RevokeBias", Time since last: 2510656866 ns, Reaching safepoint: 99672 ns, At safepoint: 28627 ns, Total: 128299 ns
[2020-02-27T07:37:39.500+0000][1][safepoint    ] Safepoint "RevokeBias", Time since last: 2563816131 ns, Reaching safepoint: 73898 ns, At safepoint: 17651 ns, Total: 91549 ns
[2020-02-27T07:37:42.007+0000][1][safepoint    ] Safepoint "RevokeBias", Time since last: 2506396019 ns, Reaching safepoint: 96714 ns, At safepoint: 26063 ns, Total: 122777 ns
[2020-02-27T07:37:44.529+0000][1][safepoint    ] Safepoint "RevokeBias", Time since last: 2521948145 ns, Reaching safepoint: 75171 ns, At safepoint: 17642 ns, Total: 92813 ns
[2020-02-27T07:37:47.049+0000][1][safepoint    ] Safepoint "RevokeBias", Time since last: 2519843858 ns, Reaching safepoint: 73163 ns, At safepoint: 18454 ns, Total: 91617 ns
[2020-02-27T07:37:49.554+0000][1][safepoint    ] Safepoint "RevokeBias", Time since last: 2505030851 ns, Reaching safepoint: 68945 ns, At safepoint: 17657 ns, Total: 86602 ns
[2020-02-27T07:37:52.057+0000][1][safepoint    ] Safepoint "RevokeBias", Time since last: 2502469778 ns, Reaching safepoint: 90194 ns, At safepoint: 19802 ns, Total: 109996 ns
[2020-02-27T07:37:54.563+0000][1][safepoint    ] Safepoint "RevokeBias", Time since last: 2506298440 ns, Reaching safepoint: 91082 ns, At safepoint: 23820 ns, Total: 114902 ns
[2020-02-27T07:37:57.067+0000][1][safepoint    ] Safepoint "RevokeBias", Time since last: 2504357166 ns, Reaching safepoint: 93826 ns, At safepoint: 20525 ns, Total: 114351 ns
[2020-02-27T07:37:59.572+0000][1][safepoint    ] Safepoint "RevokeBias", Time since last: 2504911421 ns, Reaching safepoint: 138880 ns, At safepoint: 21197 ns, Total: 160077 ns
[2020-02-27T07:38:02.075+0000][1][safepoint    ] Safepoint "RevokeBias", Time since last: 2502806491 ns, Reaching safepoint: 116333 ns, At safepoint: 29752 ns, Total: 146085 ns
[2020-02-27T07:38:04.581+0000][1][safepoint    ] Safepoint "RevokeBias", Time since last: 2505135648 ns, Reaching safepoint: 151555 ns, At safepoint: 36927 ns, Total: 188482 ns
[2020-02-27T07:38:07.086+0000][1][safepoint    ] Safepoint "RevokeBias", Time since last: 2504856190 ns, Reaching safepoint: 71751 ns, At safepoint: 18116 ns, Total: 89867 ns
[2020-02-27T07:38:09.591+0000][1][safepoint    ] Safepoint "RevokeBias", Time since last: 2505615835 ns, Reaching safepoint: 148589 ns, At safepoint: 21879 ns, Total: 170468 ns
[2020-02-27T07:38:12.095+0000][1][safepoint    ] Safepoint "RevokeBias", Time since last: 2503013926 ns, Reaching safepoint: 73616 ns, At safepoint: 18295 ns, Total: 91911 ns
[2020-02-27T07:38:14.600+0000][1][safepoint    ] Safepoint "RevokeBias", Time since last: 2505709556 ns, Reaching safepoint: 76510 ns, At safepoint: 19393 ns, Total: 95903 ns
[2020-02-27T07:38:17.104+0000][1][safepoint    ] Safepoint "RevokeBias", Time since last: 2503248820 ns, Reaching safepoint: 95135 ns, At safepoint: 18639 ns, Total: 113774 ns
[2020-02-27T07:38:19.617+0000][1][safepoint    ] Safepoint "RevokeBias", Time since last: 2513105464 ns, Reaching safepoint: 73732 ns, At safepoint: 17745 ns, Total: 91477 ns
[2020-02-27T07:38:22.128+0000][1][safepoint    ] Safepoint "BulkRevokeBias", Time since last: 2510733588 ns, Reaching safepoint: 103367 ns, At safepoint: 228620 ns, Total: 331987 ns
[2020-02-27T07:38:24.652+0000][1][safepoint    ] Safepoint "RevokeBias", Time since last: 2523438732 ns, Reaching safepoint: 72215 ns, At safepoint: 18496 ns, Total: 90711 ns
[2020-02-27T07:38:27.160+0000][1][safepoint    ] Safepoint "RevokeBias", Time since last: 2508571502 ns, Reaching safepoint: 103278 ns, At safepoint: 89278 ns, Total: 192556 ns
[2020-02-27T07:38:29.670+0000][1][safepoint    ] Safepoint "RevokeBias", Time since last: 2509342700 ns, Reaching safepoint: 127753 ns, At safepoint: 30383 ns, Total: 158136 ns
[2020-02-27T07:38:32.183+0000][1][safepoint    ] Safepoint "RevokeBias", Time since last: 2512650940 ns, Reaching safepoint: 70974 ns, At safepoint: 16864 ns, Total: 87838 ns
[2020-02-27T07:38:34.692+0000][1][gc,start     ] GC(111) Pause Young (Allocation Failure)
[2020-02-27T07:38:34.692+0000][1][gc,task      ] GC(111) Using 1 workers of 1 for evacuation
[2020-02-27T07:38:34.714+0000][1][gc,age       ] GC(111) Desired survivor size 4358144 bytes, new threshold 6 (max threshold 6)
[2020-02-27T07:38:34.714+0000][1][gc,age       ] GC(111) Age table with threshold 6 (max threshold 6)
[2020-02-27T07:38:34.714+0000][1][gc,age       ] GC(111) - age   1:      11408 bytes,      11408 total
[2020-02-27T07:38:34.714+0000][1][gc,age       ] GC(111) - age   2:        120 bytes,      11528 total
[2020-02-27T07:38:34.714+0000][1][gc,age       ] GC(111) - age   3:         64 bytes,      11592 total
[2020-02-27T07:38:34.714+0000][1][gc,age       ] GC(111) - age   4:       1272 bytes,      12864 total
[2020-02-27T07:38:34.714+0000][1][gc,age       ] GC(111) - age   5:        160 bytes,      13024 total
[2020-02-27T07:38:34.714+0000][1][gc,age       ] GC(111) - age   6:       1720 bytes,      14744 total
[2020-02-27T07:38:34.714+0000][1][gc,heap      ] GC(111) ParNew: 68175K->14K(76672K)
[2020-02-27T07:38:34.714+0000][1][gc,heap      ] GC(111) CMS: 62509K->62509K(963392K)
[2020-02-27T07:38:34.714+0000][1][gc,metaspace ] GC(111) Metaspace: 80101K->80101K(1122304K)
[2020-02-27T07:38:34.714+0000][1][gc           ] GC(111) Pause Young (Allocation Failure) 127M->61M(1015M) 22.693ms
[2020-02-27T07:38:34.714+0000][1][gc,cpu       ] GC(111) User=0.01s Sys=0.00s Real=0.02s
[2020-02-27T07:38:34.714+0000][1][safepoint    ] Safepoint "GenCollectForAllocation", Time since last: 2508862908 ns, Reaching safepoint: 246772 ns, At safepoint: 22780109 ns, Total: 23026881 ns
[2020-02-27T07:38:34.715+0000][1][safepoint    ] Safepoint "RevokeBias", Time since last: 986155 ns, Reaching safepoint: 49382 ns, At safepoint: 14938 ns, Total: 64320 ns
[2020-02-27T07:38:37.229+0000][1][safepoint    ] Safepoint "RevokeBias", Time since last: 2513853123 ns, Reaching safepoint: 72334 ns, At safepoint: 18120 ns, Total: 90454 ns
[2020-02-27T07:38:39.763+0000][1][safepoint    ] Safepoint "RevokeBias", Time since last: 2533265111 ns, Reaching safepoint: 87188 ns, At safepoint: 18300 ns, Total: 105488 ns
[2020-02-27T07:38:42.273+0000][1][safepoint    ] Safepoint "RevokeBias", Time since last: 2510424612 ns, Reaching safepoint: 155967 ns, At safepoint: 28401 ns, Total: 184368 ns
[2020-02-27T07:38:44.791+0000][1][safepoint    ] Safepoint "RevokeBias", Time since last: 2517816414 ns, Reaching safepoint: 82473 ns, At safepoint: 23023 ns, Total: 105496 ns
[2020-02-27T07:38:47.300+0000][1][safepoint    ] Safepoint "RevokeBias", Time since last: 2508892094 ns, Reaching safepoint: 103397 ns, At safepoint: 51331 ns, Total: 154728 ns
[2020-02-27T07:38:49.804+0000][1][safepoint    ] Safepoint "RevokeBias", Time since last: 2503492177 ns, Reaching safepoint: 75539 ns, At safepoint: 17974 ns, Total: 93513 ns
[2020-02-27T07:38:52.309+0000][1][safepoint    ] Safepoint "RevokeBias", Time since last: 2504750549 ns, Reaching safepoint: 160304 ns, At safepoint: 31118 ns, Total: 191422 ns
[2020-02-27T07:38:54.818+0000][1][safepoint    ] Safepoint "RevokeBias", Time since last: 2509325219 ns, Reaching safepoint: 64459 ns, At safepoint: 17449 ns, Total: 81908 ns
[2020-02-27T07:38:57.322+0000][1][safepoint    ] Safepoint "RevokeBias", Time since last: 2503575990 ns, Reaching safepoint: 74678 ns, At safepoint: 18066 ns, Total: 92744 ns
[2020-02-27T07:38:59.828+0000][1][safepoint    ] Safepoint "RevokeBias", Time since last: 2505767626 ns, Reaching safepoint: 79591 ns, At safepoint: 18615 ns, Total: 98206 ns
[2020-02-27T07:39:02.332+0000][1][safepoint    ] Safepoint "RevokeBias", Time since last: 2504509047 ns, Reaching safepoint: 113849 ns, At safepoint: 25906 ns, Total: 139755 ns
[2020-02-27T07:39:04.839+0000][1][safepoint    ] Safepoint "RevokeBias", Time since last: 2506538568 ns, Reaching safepoint: 78577 ns, At safepoint: 18798 ns, Total: 97375 ns
[2020-02-27T07:39:07.344+0000][1][safepoint    ] Safepoint "RevokeBias", Time since last: 2505005685 ns, Reaching safepoint: 59396 ns, At safepoint: 17733 ns, Total: 77129 ns
[2020-02-27T07:39:09.851+0000][1][safepoint    ] Safepoint "RevokeBias", Time since last: 2506606810 ns, Reaching safepoint: 96831 ns, At safepoint: 22461 ns, Total: 119292 ns
[2020-02-27T07:39:12.357+0000][1][safepoint    ] Safepoint "RevokeBias", Time since last: 2505573354 ns, Reaching safepoint: 148047 ns, At safepoint: 28514 ns, Total: 176561 ns
[2020-02-27T07:39:14.866+0000][1][safepoint    ] Safepoint "RevokeBias", Time since last: 2508721898 ns, Reaching safepoint: 79082 ns, At safepoint: 19895 ns, Total: 98977 ns
[2020-02-27T07:39:17.381+0000][1][safepoint    ] Safepoint "RevokeBias", Time since last: 2515768756 ns, Reaching safepoint: 126466 ns, At safepoint: 29237 ns, Total: 155703 ns
[2020-02-27T07:39:19.896+0000][1][safepoint    ] Safepoint "RevokeBias", Time since last: 2514200522 ns, Reaching safepoint: 72167 ns, At safepoint: 17102 ns, Total: 89269 ns
[2020-02-27T07:39:22.416+0000][1][safepoint    ] Safepoint "RevokeBias", Time since last: 2520074840 ns, Reaching safepoint: 120544 ns, At safepoint: 31361 ns, Total: 151905 ns
[2020-02-27T07:39:24.931+0000][1][safepoint    ] Safepoint "RevokeBias", Time since last: 2514804613 ns, Reaching safepoint: 116607 ns, At safepoint: 21528 ns, Total: 138135 ns
[2020-02-27T07:39:27.442+0000][1][safepoint    ] Safepoint "RevokeBias", Time since last: 2511058406 ns, Reaching safepoint: 79634 ns, At safepoint: 18395 ns, Total: 98029 ns
[2020-02-27T07:39:29.957+0000][1][safepoint    ] Safepoint "RevokeBias", Time since last: 2515124221 ns, Reaching safepoint: 100120 ns, At safepoint: 25085 ns, Total: 125205 ns
[2020-02-27T07:39:32.479+0000][1][safepoint    ] Safepoint "RevokeBias", Time since last: 2521361571 ns, Reaching safepoint: 152569 ns, At safepoint: 27949 ns, Total: 180518 ns
[2020-02-27T07:39:34.993+0000][1][safepoint    ] Safepoint "BulkRevokeBias", Time since last: 2514174903 ns, Reaching safepoint: 77668 ns, At safepoint: 208285 ns, Total: 285953 ns
[2020-02-27T07:39:37.497+0000][1][safepoint    ] Safepoint "RevokeBias", Time since last: 2503458797 ns, Reaching safepoint: 107930 ns, At safepoint: 32073 ns, Total: 140003 ns
[2020-02-27T07:39:40.002+0000][1][safepoint    ] Safepoint "RevokeBias", Time since last: 2505364210 ns, Reaching safepoint: 88670 ns, At safepoint: 88875 ns, Total: 177545 ns
[2020-02-27T07:39:42.507+0000][1][safepoint    ] Safepoint "RevokeBias", Time since last: 2504892338 ns, Reaching safepoint: 69203 ns, At safepoint: 20314 ns, Total: 89517 ns
[2020-02-27T07:39:45.014+0000][1][safepoint    ] Safepoint "RevokeBias", Time since last: 2506254716 ns, Reaching safepoint: 73235 ns, At safepoint: 18280 ns, Total: 91515 ns
[2020-02-27T07:39:47.518+0000][1][safepoint    ] Safepoint "RevokeBias", Time since last: 2503948013 ns, Reaching safepoint: 77909 ns, At safepoint: 18400 ns, Total: 96309 ns
[2020-02-27T07:39:50.021+0000][1][safepoint    ] Safepoint "RevokeBias", Time since last: 2503096012 ns, Reaching safepoint: 75000 ns, At safepoint: 18616 ns, Total: 93616 ns
[2020-02-27T07:39:52.526+0000][1][safepoint    ] Safepoint "RevokeBias", Time since last: 2505167606 ns, Reaching safepoint: 93012 ns, At safepoint: 18560 ns, Total: 111572 ns
[2020-02-27T07:39:55.033+0000][1][safepoint    ] Safepoint "RevokeBias", Time since last: 2506249219 ns, Reaching safepoint: 140904 ns, At safepoint: 30027 ns, Total: 170931 ns
[2020-02-27T07:39:57.537+0000][1][safepoint    ] Safepoint "RevokeBias", Time since last: 2503853502 ns, Reaching safepoint: 71985 ns, At safepoint: 18100 ns, Total: 90085 ns
[2020-02-27T07:40:00.045+0000][1][safepoint    ] Safepoint "RevokeBias", Time since last: 2508218277 ns, Reaching safepoint: 70086 ns, At safepoint: 17992 ns, Total: 88078 ns
[2020-02-27T07:40:02.550+0000][1][safepoint    ] Safepoint "RevokeBias", Time since last: 2504847687 ns, Reaching safepoint: 72005 ns, At safepoint: 17020 ns, Total: 89025 ns
[2020-02-27T07:40:05.056+0000][1][safepoint    ] Safepoint "RevokeBias", Time since last: 2505955839 ns, Reaching safepoint: 71658 ns, At safepoint: 18119 ns, Total: 89777 ns
[2020-02-27T07:40:07.559+0000][1][safepoint    ] Safepoint "RevokeBias", Time since last: 2502894352 ns, Reaching safepoint: 91460 ns, At safepoint: 22016 ns, Total: 113476 ns
[2020-02-27T07:40:10.065+0000][1][safepoint    ] Safepoint "RevokeBias", Time since last: 2505904181 ns, Reaching safepoint: 96114 ns, At safepoint: 36541 ns, Total: 132655 ns
[2020-02-27T07:40:12.570+0000][1][safepoint    ] Safepoint "RevokeBias", Time since last: 2504779488 ns, Reaching safepoint: 201891 ns, At safepoint: 22433 ns, Total: 224324 ns
[2020-02-27T07:40:15.088+0000][1][safepoint    ] Safepoint "RevokeBias", Time since last: 2517668130 ns, Reaching safepoint: 53614 ns, At safepoint: 16169 ns, Total: 69783 ns
[2020-02-27T07:40:17.595+0000][1][safepoint    ] Safepoint "RevokeBias", Time since last: 2507133262 ns, Reaching safepoint: 88840 ns, At safepoint: 18224 ns, Total: 107064 ns
[2020-02-27T07:40:20.104+0000][1][safepoint    ] Safepoint "RevokeBias", Time since last: 2508764886 ns, Reaching safepoint: 77831 ns, At safepoint: 17274 ns, Total: 95105 ns
[2020-02-27T07:40:22.618+0000][1][safepoint    ] Safepoint "RevokeBias", Time since last: 2514282195 ns, Reaching safepoint: 93230 ns, At safepoint: 21012 ns, Total: 114242 ns
[2020-02-27T07:40:25.138+0000][1][safepoint    ] Safepoint "RevokeBias", Time since last: 2519789044 ns, Reaching safepoint: 161041 ns, At safepoint: 21839 ns, Total: 182880 ns
[2020-02-27T07:40:27.658+0000][1][safepoint    ] Safepoint "RevokeBias", Time since last: 2519715234 ns, Reaching safepoint: 95838 ns, At safepoint: 19126 ns, Total: 114964 ns
[2020-02-27T07:40:30.177+0000][1][safepoint    ] Safepoint "RevokeBias", Time since last: 2518918249 ns, Reaching safepoint: 90224 ns, At safepoint: 24192 ns, Total: 114416 ns
[2020-02-27T07:40:32.683+0000][1][safepoint    ] Safepoint "RevokeBias", Time since last: 2506053422 ns, Reaching safepoint: 74938 ns, At safepoint: 17438 ns, Total: 92376 ns
[2020-02-27T07:40:35.188+0000][1][safepoint    ] Safepoint "RevokeBias", Time since last: 2504640975 ns, Reaching safepoint: 73849 ns, At safepoint: 17955 ns, Total: 91804 ns
[2020-02-27T07:40:37.691+0000][1][safepoint    ] Safepoint "RevokeBias", Time since last: 2503096494 ns, Reaching safepoint: 114512 ns, At safepoint: 23903 ns, Total: 138415 ns
[2020-02-27T07:40:40.196+0000][1][safepoint    ] Safepoint "RevokeBias", Time since last: 2504607118 ns, Reaching safepoint: 81413 ns, At safepoint: 19666 ns, Total: 101079 ns
[2020-02-27T07:40:42.699+0000][1][safepoint    ] Safepoint "RevokeBias", Time since last: 2503196041 ns, Reaching safepoint: 115846 ns, At safepoint: 79982 ns, Total: 195828 ns
[2020-02-27T07:40:45.205+0000][1][safepoint    ] Safepoint "RevokeBias", Time since last: 2506008200 ns, Reaching safepoint: 84265 ns, At safepoint: 19711 ns, Total: 103976 ns
[2020-02-27T07:40:47.709+0000][1][safepoint    ] Safepoint "BulkRevokeBias", Time since last: 2503037921 ns, Reaching safepoint: 71872 ns, At safepoint: 184480 ns, Total: 256352 ns
[2020-02-27T07:40:50.213+0000][1][safepoint    ] Safepoint "RevokeBias", Time since last: 2504539169 ns, Reaching safepoint: 156147 ns, At safepoint: 22145 ns, Total: 178292 ns
[2020-02-27T07:40:52.141+0000][1][gc,start     ] GC(112) Pause Young (Allocation Failure)
[2020-02-27T07:40:52.141+0000][1][gc,task      ] GC(112) Using 1 workers of 1 for evacuation
[2020-02-27T07:40:52.152+0000][1][gc,age       ] GC(112) Desired survivor size 4358144 bytes, new threshold 6 (max threshold 6)
[2020-02-27T07:40:52.152+0000][1][gc,age       ] GC(112) Age table with threshold 6 (max threshold 6)
[2020-02-27T07:40:52.152+0000][1][gc,age       ] GC(112) - age   1:      16400 bytes,      16400 total
[2020-02-27T07:40:52.152+0000][1][gc,age       ] GC(112) - age   2:        504 bytes,      16904 total
[2020-02-27T07:40:52.152+0000][1][gc,age       ] GC(112) - age   4:         64 bytes,      16968 total
[2020-02-27T07:40:52.152+0000][1][gc,age       ] GC(112) - age   5:       1176 bytes,      18144 total
[2020-02-27T07:40:52.152+0000][1][gc,age       ] GC(112) - age   6:        160 bytes,      18304 total
[2020-02-27T07:40:52.152+0000][1][gc,heap      ] GC(112) ParNew: 68174K->28K(76672K)
[2020-02-27T07:40:52.152+0000][1][gc,heap      ] GC(112) CMS: 62509K->62511K(963392K)
[2020-02-27T07:40:52.152+0000][1][gc,metaspace ] GC(112) Metaspace: 80139K->80139K(1122304K)
[2020-02-27T07:40:52.152+0000][1][gc           ] GC(112) Pause Young (Allocation Failure) 127M->61M(1015M) 10.999ms
[2020-02-27T07:40:52.152+0000][1][gc,cpu       ] GC(112) User=0.01s Sys=0.00s Real=0.02s
[2020-02-27T07:40:52.152+0000][1][safepoint    ] Safepoint "GenCollectForAllocation", Time since last: 1927405962 ns, Reaching safepoint: 82973 ns, At safepoint: 11056677 ns, Total: 11139650 ns
[2020-02-27T07:40:52.719+0000][1][safepoint    ] Safepoint "RevokeBias", Time since last: 566846198 ns, Reaching safepoint: 98894 ns, At safepoint: 25820 ns, Total: 124714 ns
[2020-02-27T07:40:55.227+0000][1][safepoint    ] Safepoint "RevokeBias", Time since last: 2507676921 ns, Reaching safepoint: 74741 ns, At safepoint: 17817 ns, Total: 92558 ns
[2020-02-27T07:40:57.732+0000][1][safepoint    ] Safepoint "RevokeBias", Time since last: 2504849963 ns, Reaching safepoint: 141426 ns, At safepoint: 34690 ns, Total: 176116 ns
[2020-02-27T07:41:00.236+0000][1][safepoint    ] Safepoint "RevokeBias", Time since last: 2504129441 ns, Reaching safepoint: 73282 ns, At safepoint: 19038 ns, Total: 92320 ns
[2020-02-27T07:41:02.740+0000][1][safepoint    ] Safepoint "RevokeBias", Time since last: 2504308208 ns, Reaching safepoint: 71218 ns, At safepoint: 17896 ns, Total: 89114 ns
[2020-02-27T07:41:05.246+0000][1][safepoint    ] Safepoint "RevokeBias", Time since last: 2505544076 ns, Reaching safepoint: 139279 ns, At safepoint: 20240 ns, Total: 159519 ns
[2020-02-27T07:41:07.751+0000][1][safepoint    ] Safepoint "RevokeBias", Time since last: 2504591951 ns, Reaching safepoint: 90812 ns, At safepoint: 20045 ns, Total: 110857 ns
[2020-02-27T07:41:10.255+0000][1][safepoint    ] Safepoint "RevokeBias", Time since last: 2504301367 ns, Reaching safepoint: 151366 ns, At safepoint: 20763 ns, Total: 172129 ns
[2020-02-27T07:41:12.771+0000][1][safepoint    ] Safepoint "RevokeBias", Time since last: 2515684062 ns, Reaching safepoint: 72380 ns, At safepoint: 17310 ns, Total: 89690 ns
[2020-02-27T07:41:15.283+0000][1][safepoint    ] Safepoint "RevokeBias", Time since last: 2511675533 ns, Reaching safepoint: 83356 ns, At safepoint: 20867 ns, Total: 104223 ns
[2020-02-27T07:41:17.797+0000][1][safepoint    ] Safepoint "RevokeBias", Time since last: 2514230941 ns, Reaching safepoint: 145019 ns, At safepoint: 20020 ns, Total: 165039 ns
[2020-02-27T07:41:20.306+0000][1][safepoint    ] Safepoint "RevokeBias", Time since last: 2508443127 ns, Reaching safepoint: 145244 ns, At safepoint: 45287 ns, Total: 190531 ns
[2020-02-27T07:41:22.309+0000][1][safepoint    ] Safepoint "Cleanup", Time since last: 2003545299 ns, Reaching safepoint: 102799 ns, At safepoint: 6917 ns, Total: 109716 ns
[2020-02-27T07:41:22.832+0000][1][safepoint    ] Safepoint "RevokeBias", Time since last: 522536695 ns, Reaching safepoint: 193016 ns, At safepoint: 21607 ns, Total: 214623 ns
[2020-02-27T07:41:25.342+0000][1][safepoint    ] Safepoint "RevokeBias", Time since last: 2510143888 ns, Reaching safepoint: 71161 ns, At safepoint: 16987 ns, Total: 88148 ns
[2020-02-27T07:41:27.850+0000][1][safepoint    ] Safepoint "RevokeBias", Time since last: 2507516865 ns, Reaching safepoint: 71328 ns, At safepoint: 17847 ns, Total: 89175 ns
[2020-02-27T07:41:30.361+0000][1][safepoint    ] Safepoint "RevokeBias", Time since last: 2510753764 ns, Reaching safepoint: 77224 ns, At safepoint: 24193 ns, Total: 101417 ns
[2020-02-27T07:41:32.875+0000][1][safepoint    ] Safepoint "RevokeBias", Time since last: 2514091206 ns, Reaching safepoint: 74799 ns, At safepoint: 17745 ns, Total: 92544 ns
[2020-02-27T07:41:35.385+0000][1][safepoint    ] Safepoint "RevokeBias", Time since last: 2509662001 ns, Reaching safepoint: 102664 ns, At safepoint: 26015 ns, Total: 128679 ns
[2020-02-27T07:41:37.887+0000][1][safepoint    ] Safepoint "RevokeBias", Time since last: 2502492800 ns, Reaching safepoint: 92786 ns, At safepoint: 21134 ns, Total: 113920 ns
[2020-02-27T07:41:40.393+0000][1][safepoint    ] Safepoint "RevokeBias", Time since last: 2505387901 ns, Reaching safepoint: 121319 ns, At safepoint: 21520 ns, Total: 142839 ns
[2020-02-27T07:41:42.898+0000][1][safepoint    ] Safepoint "RevokeBias", Time since last: 2504959330 ns, Reaching safepoint: 73612 ns, At safepoint: 17651 ns, Total: 91263 ns
[2020-02-27T07:41:45.404+0000][1][safepoint    ] Safepoint "RevokeBias", Time since last: 2505832373 ns, Reaching safepoint: 71994 ns, At safepoint: 17048 ns, Total: 89042 ns
[2020-02-27T07:41:47.909+0000][1][safepoint    ] Safepoint "RevokeBias", Time since last: 2504433030 ns, Reaching safepoint: 126525 ns, At safepoint: 33394 ns, Total: 159919 ns
[2020-02-27T07:41:50.412+0000][1][safepoint    ] Safepoint "RevokeBias", Time since last: 2502891074 ns, Reaching safepoint: 89036 ns, At safepoint: 19667 ns, Total: 108703 ns
[2020-02-27T07:41:52.916+0000][1][safepoint    ] Safepoint "RevokeBias", Time since last: 2504763473 ns, Reaching safepoint: 84634 ns, At safepoint: 22321 ns, Total: 106955 ns
[2020-02-27T07:41:54.924+0000][1][safepoint    ] Safepoint "Cleanup", Time since last: 2007493295 ns, Reaching safepoint: 80016 ns, At safepoint: 11295 ns, Total: 91311 ns
[2020-02-27T07:41:55.422+0000][1][safepoint    ] Safepoint "RevokeBias", Time since last: 498077331 ns, Reaching safepoint: 99191 ns, At safepoint: 48256 ns, Total: 147447 ns
[2020-02-27T07:41:57.927+0000][1][safepoint    ] Safepoint "RevokeBias", Time since last: 2505019581 ns, Reaching safepoint: 150831 ns, At safepoint: 21948 ns, Total: 172779 ns
[2020-02-27T07:42:00.439+0000][1][safepoint    ] Safepoint "BulkRevokeBias", Time since last: 2510885989 ns, Reaching safepoint: 70954 ns, At safepoint: 156256 ns, Total: 227210 ns
[2020-02-27T07:42:02.948+0000][1][safepoint    ] Safepoint "RevokeBias", Time since last: 2508976743 ns, Reaching safepoint: 74416 ns, At safepoint: 17764 ns, Total: 92180 ns
[2020-02-27T07:42:05.462+0000][1][safepoint    ] Safepoint "RevokeBias", Time since last: 2513871484 ns, Reaching safepoint: 78629 ns, At safepoint: 18577 ns, Total: 97206 ns
[2020-02-27T07:42:07.976+0000][1][safepoint    ] Safepoint "RevokeBias", Time since last: 2513887860 ns, Reaching safepoint: 90024 ns, At safepoint: 20202 ns, Total: 110226 ns
[2020-02-27T07:42:10.492+0000][1][safepoint    ] Safepoint "RevokeBias", Time since last: 2515808522 ns, Reaching safepoint: 95980 ns, At safepoint: 24065 ns, Total: 120045 ns
[2020-02-27T07:42:13.001+0000][1][safepoint    ] Safepoint "RevokeBias", Time since last: 2509239102 ns, Reaching safepoint: 94492 ns, At safepoint: 27198 ns, Total: 121690 ns
[2020-02-27T07:42:15.523+0000][1][safepoint    ] Safepoint "RevokeBias", Time since last: 2521904946 ns, Reaching safepoint: 75821 ns, At safepoint: 17459 ns, Total: 93280 ns
[2020-02-27T07:42:18.036+0000][1][safepoint    ] Safepoint "RevokeBias", Time since last: 2512748067 ns, Reaching safepoint: 115253 ns, At safepoint: 31017 ns, Total: 146270 ns
[2020-02-27T07:42:20.540+0000][1][safepoint    ] Safepoint "RevokeBias", Time since last: 2504434274 ns, Reaching safepoint: 139292 ns, At safepoint: 36788 ns, Total: 176080 ns
[2020-02-27T07:42:22.551+0000][1][safepoint    ] Safepoint "Cleanup", Time since last: 2010131017 ns, Reaching safepoint: 84476 ns, At safepoint: 7762 ns, Total: 92238 ns
[2020-02-27T07:42:23.045+0000][1][safepoint    ] Safepoint "RevokeBias", Time since last: 494350309 ns, Reaching safepoint: 71901 ns, At safepoint: 17680 ns, Total: 89581 ns
[2020-02-27T07:42:25.046+0000][1][safepoint    ] Safepoint "Cleanup", Time since last: 2000740769 ns, Reaching safepoint: 84657 ns, At safepoint: 8158 ns, Total: 92815 ns
[2020-02-27T07:42:25.552+0000][1][safepoint    ] Safepoint "RevokeBias", Time since last: 506119587 ns, Reaching safepoint: 64481 ns, At safepoint: 18449 ns, Total: 82930 ns
[2020-02-27T07:42:28.057+0000][1][safepoint    ] Safepoint "RevokeBias", Time since last: 2504804464 ns, Reaching safepoint: 156746 ns, At safepoint: 37133 ns, Total: 193879 ns
[2020-02-27T07:42:30.563+0000][1][safepoint    ] Safepoint "RevokeBias", Time since last: 2505965365 ns, Reaching safepoint: 74966 ns, At safepoint: 17622 ns, Total: 92588 ns
[2020-02-27T07:42:33.068+0000][1][safepoint    ] Safepoint "RevokeBias", Time since last: 2504765531 ns, Reaching safepoint: 277477 ns, At safepoint: 29456 ns, Total: 306933 ns
[2020-02-27T07:42:35.575+0000][1][safepoint    ] Safepoint "RevokeBias", Time since last: 2506931416 ns, Reaching safepoint: 70754 ns, At safepoint: 16855 ns, Total: 87609 ns
[2020-02-27T07:42:38.079+0000][1][safepoint    ] Safepoint "RevokeBias", Time since last: 2503969927 ns, Reaching safepoint: 74407 ns, At safepoint: 18110 ns, Total: 92517 ns
[2020-02-27T07:42:40.583+0000][1][safepoint    ] Safepoint "RevokeBias", Time since last: 2503487047 ns, Reaching safepoint: 77193 ns, At safepoint: 18927 ns, Total: 96120 ns
[2020-02-27T07:42:42.588+0000][1][safepoint    ] Safepoint "Cleanup", Time since last: 2005324165 ns, Reaching safepoint: 86280 ns, At safepoint: 7166 ns, Total: 93446 ns
[2020-02-27T07:42:43.089+0000][1][safepoint    ] Safepoint "RevokeBias", Time since last: 500279208 ns, Reaching safepoint: 109837 ns, At safepoint: 28638 ns, Total: 138475 ns
[2020-02-27T07:42:45.594+0000][1][safepoint    ] Safepoint "RevokeBias", Time since last: 2505670260 ns, Reaching safepoint: 80160 ns, At safepoint: 18669 ns, Total: 98829 ns
[2020-02-27T07:42:48.105+0000][1][safepoint    ] Safepoint "RevokeBias", Time since last: 2510330776 ns, Reaching safepoint: 152803 ns, At safepoint: 25814 ns, Total: 178617 ns
[2020-02-27T07:42:50.110+0000][1][safepoint    ] Safepoint "Cleanup", Time since last: 2004671547 ns, Reaching safepoint: 274159 ns, At safepoint: 16375 ns, Total: 290534 ns
[2020-02-27T07:42:50.615+0000][1][safepoint    ] Safepoint "RevokeBias", Time since last: 505298866 ns, Reaching safepoint: 99850 ns, At safepoint: 26938 ns, Total: 126788 ns
[2020-02-27T07:42:53.130+0000][1][safepoint    ] Safepoint "RevokeBias", Time since last: 2514630962 ns, Reaching safepoint: 181632 ns, At safepoint: 29394 ns, Total: 211026 ns
[2020-02-27T07:42:55.645+0000][1][safepoint    ] Safepoint "RevokeBias", Time since last: 2514887602 ns, Reaching safepoint: 101081 ns, At safepoint: 24611 ns, Total: 125692 ns
[2020-02-27T07:42:58.168+0000][1][safepoint    ] Safepoint "RevokeBias", Time since last: 2523110504 ns, Reaching safepoint: 60447 ns, At safepoint: 16165 ns, Total: 76612 ns
[2020-02-27T07:43:00.678+0000][1][safepoint    ] Safepoint "RevokeBias", Time since last: 2509405952 ns, Reaching safepoint: 72888 ns, At safepoint: 17819 ns, Total: 90707 ns
[2020-02-27T07:43:03.192+0000][1][safepoint    ] Safepoint "RevokeBias", Time since last: 2513603351 ns, Reaching safepoint: 115322 ns, At safepoint: 29335 ns, Total: 144657 ns
[2020-02-27T07:43:05.707+0000][1][safepoint    ] Safepoint "RevokeBias", Time since last: 2515152698 ns, Reaching safepoint: 87784 ns, At safepoint: 21928 ns, Total: 109712 ns
[2020-02-27T07:43:08.211+0000][1][safepoint    ] Safepoint "RevokeBias", Time since last: 2503840791 ns, Reaching safepoint: 73612 ns, At safepoint: 18027 ns, Total: 91639 ns
[2020-02-27T07:43:09.363+0000][1][gc,start     ] GC(113) Pause Young (Allocation Failure)
[2020-02-27T07:43:09.363+0000][1][gc,task      ] GC(113) Using 1 workers of 1 for evacuation
[2020-02-27T07:43:09.391+0000][1][gc,age       ] GC(113) Desired survivor size 4358144 bytes, new threshold 6 (max threshold 6)
[2020-02-27T07:43:09.391+0000][1][gc,age       ] GC(113) Age table with threshold 6 (max threshold 6)
[2020-02-27T07:43:09.391+0000][1][gc,age       ] GC(113) - age   1:      12848 bytes,      12848 total
[2020-02-27T07:43:09.391+0000][1][gc,age       ] GC(113) - age   2:       1184 bytes,      14032 total
[2020-02-27T07:43:09.391+0000][1][gc,age       ] GC(113) - age   3:        504 bytes,      14536 total
[2020-02-27T07:43:09.391+0000][1][gc,age       ] GC(113) - age   5:         64 bytes,      14600 total
[2020-02-27T07:43:09.391+0000][1][gc,age       ] GC(113) - age   6:       1040 bytes,      15640 total
[2020-02-27T07:43:09.391+0000][1][gc,heap      ] GC(113) ParNew: 68188K->17K(76672K)
[2020-02-27T07:43:09.391+0000][1][gc,heap      ] GC(113) CMS: 62511K->62511K(963392K)
[2020-02-27T07:43:09.391+0000][1][gc,metaspace ] GC(113) Metaspace: 80220K->80220K(1122304K)
[2020-02-27T07:43:09.391+0000][1][gc           ] GC(113) Pause Young (Allocation Failure) 127M->61M(1015M) 28.410ms
[2020-02-27T07:43:09.391+0000][1][gc,cpu       ] GC(113) User=0.01s Sys=0.00s Real=0.03s
[2020-02-27T07:43:09.391+0000][1][safepoint    ] Safepoint "GenCollectForAllocation", Time since last: 1152075805 ns, Reaching safepoint: 93195 ns, At safepoint: 28468594 ns, Total: 28561789 ns
[2020-02-27T07:43:10.717+0000][1][safepoint    ] Safepoint "RevokeBias", Time since last: 1325105014 ns, Reaching safepoint: 110075 ns, At safepoint: 24887 ns, Total: 134962 ns
[2020-02-27T07:43:13.225+0000][1][safepoint    ] Safepoint "BulkRevokeBias", Time since last: 2507906726 ns, Reaching safepoint: 86072 ns, At safepoint: 331090 ns, Total: 417162 ns
[2020-02-27T07:43:15.732+0000][1][safepoint    ] Safepoint "RevokeBias", Time since last: 2507191016 ns, Reaching safepoint: 116351 ns, At safepoint: 21978 ns, Total: 138329 ns
[2020-02-27T07:43:18.236+0000][1][safepoint    ] Safepoint "RevokeBias", Time since last: 2503428250 ns, Reaching safepoint: 92979 ns, At safepoint: 23022 ns, Total: 116001 ns
[2020-02-27T07:43:20.754+0000][1][safepoint    ] Safepoint "RevokeBias", Time since last: 2517765528 ns, Reaching safepoint: 199491 ns, At safepoint: 27280 ns, Total: 226771 ns
[2020-02-27T07:43:22.755+0000][1][safepoint    ] Safepoint "Cleanup", Time since last: 2000834114 ns, Reaching safepoint: 89273 ns, At safepoint: 11150 ns, Total: 100423 ns
[2020-02-27T07:43:23.268+0000][1][safepoint    ] Safepoint "RevokeBias", Time since last: 512665633 ns, Reaching safepoint: 73878 ns, At safepoint: 18471 ns, Total: 92349 ns
[2020-02-27T07:43:25.783+0000][1][safepoint    ] Safepoint "RevokeBias", Time since last: 2514943196 ns, Reaching safepoint: 155350 ns, At safepoint: 45907 ns, Total: 201257 ns
[2020-02-27T07:43:28.291+0000][1][safepoint    ] Safepoint "RevokeBias", Time since last: 2508421916 ns, Reaching safepoint: 73770 ns, At safepoint: 63508 ns, Total: 137278 ns
[2020-02-27T07:43:30.802+0000][1][safepoint    ] Safepoint "RevokeBias", Time since last: 2510877743 ns, Reaching safepoint: 150669 ns, At safepoint: 28540 ns, Total: 179209 ns
[2020-02-27T07:43:33.313+0000][1][safepoint    ] Safepoint "RevokeBias", Time since last: 2510251778 ns, Reaching safepoint: 122841 ns, At safepoint: 30916 ns, Total: 153757 ns
[2020-02-27T07:43:35.839+0000][1][safepoint    ] Safepoint "RevokeBias", Time since last: 2526029659 ns, Reaching safepoint: 72829 ns, At safepoint: 21697 ns, Total: 94526 ns
[2020-02-27T07:43:38.352+0000][1][safepoint    ] Safepoint "RevokeBias", Time since last: 2512857036 ns, Reaching safepoint: 93650 ns, At safepoint: 24202 ns, Total: 117852 ns
[2020-02-27T07:43:40.868+0000][1][safepoint    ] Safepoint "RevokeBias", Time since last: 2515675944 ns, Reaching safepoint: 192634 ns, At safepoint: 53425 ns, Total: 246059 ns
[2020-02-27T07:43:43.382+0000][1][safepoint    ] Safepoint "RevokeBias", Time since last: 2513891208 ns, Reaching safepoint: 72301 ns, At safepoint: 17253 ns, Total: 89554 ns
[2020-02-27T07:43:45.886+0000][1][safepoint    ] Safepoint "RevokeBias", Time since last: 2504503711 ns, Reaching safepoint: 115791 ns, At safepoint: 29818 ns, Total: 145609 ns
[2020-02-27T07:43:48.391+0000][1][safepoint    ] Safepoint "RevokeBias", Time since last: 2504632235 ns, Reaching safepoint: 107361 ns, At safepoint: 35783 ns, Total: 143144 ns
[2020-02-27T07:43:50.896+0000][1][safepoint    ] Safepoint "RevokeBias", Time since last: 2505069107 ns, Reaching safepoint: 111671 ns, At safepoint: 28451 ns, Total: 140122 ns
[2020-02-27T07:43:53.403+0000][1][safepoint    ] Safepoint "RevokeBias", Time since last: 2506361874 ns, Reaching safepoint: 72618 ns, At safepoint: 18257 ns, Total: 90875 ns
[2020-02-27T07:43:55.909+0000][1][safepoint    ] Safepoint "RevokeBias", Time since last: 2506002741 ns, Reaching safepoint: 75078 ns, At safepoint: 17520 ns, Total: 92598 ns
[2020-02-27T07:43:58.414+0000][1][safepoint    ] Safepoint "RevokeBias", Time since last: 2505409336 ns, Reaching safepoint: 94124 ns, At safepoint: 26177 ns, Total: 120301 ns
[2020-02-27T07:44:00.918+0000][1][safepoint    ] Safepoint "RevokeBias", Time since last: 2503414099 ns, Reaching safepoint: 85708 ns, At safepoint: 17691 ns, Total: 103399 ns
[2020-02-27T07:44:03.423+0000][1][safepoint    ] Safepoint "RevokeBias", Time since last: 2504894263 ns, Reaching safepoint: 54969 ns, At safepoint: 15619 ns, Total: 70588 ns
[2020-02-27T07:44:05.941+0000][1][safepoint    ] Safepoint "RevokeBias", Time since last: 2517427726 ns, Reaching safepoint: 94471 ns, At safepoint: 18932 ns, Total: 113403 ns
[2020-02-27T07:44:08.445+0000][1][safepoint    ] Safepoint "RevokeBias", Time since last: 2504256890 ns, Reaching safepoint: 90730 ns, At safepoint: 20741 ns, Total: 111471 ns
[2020-02-27T07:44:10.952+0000][1][safepoint    ] Safepoint "RevokeBias", Time since last: 2506520149 ns, Reaching safepoint: 75195 ns, At safepoint: 18112 ns, Total: 93307 ns
[2020-02-27T07:44:13.457+0000][1][safepoint    ] Safepoint "RevokeBias", Time since last: 2505370310 ns, Reaching safepoint: 79769 ns, At safepoint: 24787 ns, Total: 104556 ns
[2020-02-27T07:44:15.963+0000][1][safepoint    ] Safepoint "RevokeBias", Time since last: 2505960863 ns, Reaching safepoint: 72783 ns, At safepoint: 25644 ns, Total: 98427 ns
[2020-02-27T07:44:18.476+0000][1][safepoint    ] Safepoint "RevokeBias", Time since last: 2512581974 ns, Reaching safepoint: 73506 ns, At safepoint: 17492 ns, Total: 90998 ns
[2020-02-27T07:44:20.982+0000][1][safepoint    ] Safepoint "RevokeBias", Time since last: 2506651383 ns, Reaching safepoint: 73241 ns, At safepoint: 17115 ns, Total: 90356 ns
[2020-02-27T07:44:23.504+0000][1][safepoint    ] Safepoint "RevokeBias", Time since last: 2521494955 ns, Reaching safepoint: 257054 ns, At safepoint: 21148 ns, Total: 278202 ns
[2020-02-27T07:44:26.018+0000][1][safepoint    ] Safepoint "BulkRevokeBias", Time since last: 2513356904 ns, Reaching safepoint: 72555 ns, At safepoint: 193870 ns, Total: 266425 ns
[2020-02-27T07:44:28.532+0000][1][safepoint    ] Safepoint "RevokeBias", Time since last: 2514432201 ns, Reaching safepoint: 72386 ns, At safepoint: 17360 ns, Total: 89746 ns
[2020-02-27T07:44:31.044+0000][1][safepoint    ] Safepoint "RevokeBias", Time since last: 2511781116 ns, Reaching safepoint: 72864 ns, At safepoint: 17488 ns, Total: 90352 ns
[2020-02-27T07:44:33.556+0000][1][safepoint    ] Safepoint "RevokeBias", Time since last: 2511228976 ns, Reaching safepoint: 105716 ns, At safepoint: 26634 ns, Total: 132350 ns
[2020-02-27T07:44:36.069+0000][1][safepoint    ] Safepoint "RevokeBias", Time since last: 2513173738 ns, Reaching safepoint: 134946 ns, At safepoint: 19900 ns, Total: 154846 ns
[2020-02-27T07:44:38.580+0000][1][safepoint    ] Safepoint "RevokeBias", Time since last: 2511424382 ns, Reaching safepoint: 89029 ns, At safepoint: 20307 ns, Total: 109336 ns
[2020-02-27T07:44:41.091+0000][1][safepoint    ] Safepoint "RevokeBias", Time since last: 2510634055 ns, Reaching safepoint: 72570 ns, At safepoint: 17335 ns, Total: 89905 ns
[2020-02-27T07:44:43.598+0000][1][safepoint    ] Safepoint "RevokeBias", Time since last: 2506374266 ns, Reaching safepoint: 119092 ns, At safepoint: 19111 ns, Total: 138203 ns
[2020-02-27T07:44:46.104+0000][1][safepoint    ] Safepoint "RevokeBias", Time since last: 2505738015 ns, Reaching safepoint: 72319 ns, At safepoint: 17344 ns, Total: 89663 ns
[2020-02-27T07:44:48.607+0000][1][safepoint    ] Safepoint "RevokeBias", Time since last: 2503047215 ns, Reaching safepoint: 91853 ns, At safepoint: 20556 ns, Total: 112409 ns
[2020-02-27T07:44:51.110+0000][1][safepoint    ] Safepoint "RevokeBias", Time since last: 2503405081 ns, Reaching safepoint: 75233 ns, At safepoint: 18203 ns, Total: 93436 ns
[2020-02-27T07:44:53.617+0000][1][safepoint    ] Safepoint "RevokeBias", Time since last: 2506739874 ns, Reaching safepoint: 116235 ns, At safepoint: 22586 ns, Total: 138821 ns
[2020-02-27T07:44:56.121+0000][1][safepoint    ] Safepoint "RevokeBias", Time since last: 2504218112 ns, Reaching safepoint: 74609 ns, At safepoint: 17437 ns, Total: 92046 ns
[2020-02-27T07:44:58.624+0000][1][safepoint    ] Safepoint "RevokeBias", Time since last: 2502977572 ns, Reaching safepoint: 100078 ns, At safepoint: 18516 ns, Total: 118594 ns
[2020-02-27T07:45:01.131+0000][1][safepoint    ] Safepoint "RevokeBias", Time since last: 2506488937 ns, Reaching safepoint: 198189 ns, At safepoint: 45639 ns, Total: 243828 ns
[2020-02-27T07:45:03.635+0000][1][safepoint    ] Safepoint "RevokeBias", Time since last: 2504142801 ns, Reaching safepoint: 101546 ns, At safepoint: 19208 ns, Total: 120754 ns
[2020-02-27T07:45:06.141+0000][1][safepoint    ] Safepoint "RevokeBias", Time since last: 2505643683 ns, Reaching safepoint: 74637 ns, At safepoint: 17873 ns, Total: 92510 ns
[2020-02-27T07:45:08.647+0000][1][safepoint    ] Safepoint "RevokeBias", Time since last: 2505829847 ns, Reaching safepoint: 103422 ns, At safepoint: 20420 ns, Total: 123842 ns
[2020-02-27T07:45:11.154+0000][1][safepoint    ] Safepoint "RevokeBias", Time since last: 2506416611 ns, Reaching safepoint: 82639 ns, At safepoint: 20224 ns, Total: 102863 ns
[2020-02-27T07:45:13.659+0000][1][safepoint    ] Safepoint "RevokeBias", Time since last: 2504868082 ns, Reaching safepoint: 77297 ns, At safepoint: 20829 ns, Total: 98126 ns
[2020-02-27T07:45:16.166+0000][1][safepoint    ] Safepoint "RevokeBias", Time since last: 2506850416 ns, Reaching safepoint: 135675 ns, At safepoint: 18455 ns, Total: 154130 ns
[2020-02-27T07:45:18.670+0000][1][safepoint    ] Safepoint "RevokeBias", Time since last: 2504118112 ns, Reaching safepoint: 105988 ns, At safepoint: 39803 ns, Total: 145791 ns
[2020-02-27T07:45:21.185+0000][1][safepoint    ] Safepoint "RevokeBias", Time since last: 2514910456 ns, Reaching safepoint: 70614 ns, At safepoint: 17540 ns, Total: 88154 ns
[2020-02-27T07:45:23.692+0000][1][safepoint    ] Safepoint "RevokeBias", Time since last: 2506885957 ns, Reaching safepoint: 180690 ns, At safepoint: 33661 ns, Total: 214351 ns
[2020-02-27T07:45:24.514+0000][1][gc,start     ] GC(114) Pause Young (Allocation Failure)
[2020-02-27T07:45:24.514+0000][1][gc,task      ] GC(114) Using 1 workers of 1 for evacuation
[2020-02-27T07:45:24.526+0000][1][gc,age       ] GC(114) Desired survivor size 4358144 bytes, new threshold 6 (max threshold 6)
[2020-02-27T07:45:24.526+0000][1][gc,age       ] GC(114) Age table with threshold 6 (max threshold 6)
[2020-02-27T07:45:24.526+0000][1][gc,age       ] GC(114) - age   1:      13264 bytes,      13264 total
[2020-02-27T07:45:24.526+0000][1][gc,age       ] GC(114) - age   2:       1280 bytes,      14544 total
[2020-02-27T07:45:24.526+0000][1][gc,age       ] GC(114) - age   3:       1184 bytes,      15728 total
[2020-02-27T07:45:24.526+0000][1][gc,age       ] GC(114) - age   4:        504 bytes,      16232 total
[2020-02-27T07:45:24.526+0000][1][gc,age       ] GC(114) - age   6:         64 bytes,      16296 total
[2020-02-27T07:45:24.526+0000][1][gc,heap      ] GC(114) ParNew: 68177K->31K(76672K)
[2020-02-27T07:45:24.526+0000][1][gc,heap      ] GC(114) CMS: 62511K->62512K(963392K)
[2020-02-27T07:45:24.526+0000][1][gc,metaspace ] GC(114) Metaspace: 80224K->80224K(1122304K)
[2020-02-27T07:45:24.526+0000][1][gc           ] GC(114) Pause Young (Allocation Failure) 127M->61M(1015M) 11.792ms
[2020-02-27T07:45:24.526+0000][1][gc,cpu       ] GC(114) User=0.01s Sys=0.00s Real=0.01s
[2020-02-27T07:45:24.526+0000][1][safepoint    ] Safepoint "GenCollectForAllocation", Time since last: 822050062 ns, Reaching safepoint: 73252 ns, At safepoint: 11899707 ns, Total: 11972959 ns
[2020-02-27T07:45:26.207+0000][1][safepoint    ] Safepoint "RevokeBias", Time since last: 1681229038 ns, Reaching safepoint: 72240 ns, At safepoint: 16634 ns, Total: 88874 ns
[2020-02-27T07:45:28.717+0000][1][safepoint    ] Safepoint "RevokeBias", Time since last: 2509775031 ns, Reaching safepoint: 233718 ns, At safepoint: 26967 ns, Total: 260685 ns
[2020-02-27T07:45:31.238+0000][1][safepoint    ] Safepoint "RevokeBias", Time since last: 2520664761 ns, Reaching safepoint: 97002 ns, At safepoint: 25960 ns, Total: 122962 ns
[2020-02-27T07:45:33.240+0000][1][safepoint    ] Safepoint "Cleanup", Time since last: 2001630602 ns, Reaching safepoint: 116900 ns, At safepoint: 26638 ns, Total: 143538 ns
[2020-02-27T07:45:33.749+0000][1][safepoint    ] Safepoint "RevokeBias", Time since last: 508545152 ns, Reaching safepoint: 74944 ns, At safepoint: 18577 ns, Total: 93521 ns
[2020-02-27T07:45:36.262+0000][1][safepoint    ] Safepoint "RevokeBias", Time since last: 2513397175 ns, Reaching safepoint: 106628 ns, At safepoint: 26737 ns, Total: 133365 ns
[2020-02-27T07:45:38.771+0000][1][safepoint    ] Safepoint "BulkRevokeBias", Time since last: 2508784859 ns, Reaching safepoint: 234762 ns, At safepoint: 298037 ns, Total: 532799 ns
[2020-02-27T07:45:41.288+0000][1][safepoint    ] Safepoint "RevokeBias", Time since last: 2516231790 ns, Reaching safepoint: 88981 ns, At safepoint: 20828 ns, Total: 109809 ns
[2020-02-27T07:45:43.800+0000][1][safepoint    ] Safepoint "RevokeBias", Time since last: 2511798188 ns, Reaching safepoint: 73085 ns, At safepoint: 18113 ns, Total: 91198 ns
[2020-02-27T07:45:46.322+0000][1][safepoint    ] Safepoint "RevokeBias", Time since last: 2522162406 ns, Reaching safepoint: 73723 ns, At safepoint: 17455 ns, Total: 91178 ns
[2020-02-27T07:45:48.831+0000][1][safepoint    ] Safepoint "RevokeBias", Time since last: 2508898980 ns, Reaching safepoint: 77625 ns, At safepoint: 18240 ns, Total: 95865 ns
[2020-02-27T07:45:51.335+0000][1][safepoint    ] Safepoint "RevokeBias", Time since last: 2503571142 ns, Reaching safepoint: 74672 ns, At safepoint: 18219 ns, Total: 92891 ns
[2020-02-27T07:45:53.839+0000][1][safepoint    ] Safepoint "RevokeBias", Time since last: 2504723997 ns, Reaching safepoint: 71108 ns, At safepoint: 17137 ns, Total: 88245 ns
[2020-02-27T07:45:56.345+0000][1][safepoint    ] Safepoint "RevokeBias", Time since last: 2505458608 ns, Reaching safepoint: 83011 ns, At safepoint: 20580 ns, Total: 103591 ns
[2020-02-27T07:45:58.849+0000][1][safepoint    ] Safepoint "RevokeBias", Time since last: 2503934794 ns, Reaching safepoint: 91715 ns, At safepoint: 20585 ns, Total: 112300 ns
[2020-02-27T07:46:01.354+0000][1][safepoint    ] Safepoint "RevokeBias", Time since last: 2505325400 ns, Reaching safepoint: 73541 ns, At safepoint: 18300 ns, Total: 91841 ns
[2020-02-27T07:46:03.860+0000][1][safepoint    ] Safepoint "RevokeBias", Time since last: 2505277015 ns, Reaching safepoint: 191387 ns, At safepoint: 29391 ns, Total: 220778 ns
[2020-02-27T07:46:06.364+0000][1][safepoint    ] Safepoint "RevokeBias", Time since last: 2504330784 ns, Reaching safepoint: 75109 ns, At safepoint: 17721 ns, Total: 92830 ns
[2020-02-27T07:46:08.868+0000][1][safepoint    ] Safepoint "RevokeBias", Time since last: 2503887117 ns, Reaching safepoint: 75321 ns, At safepoint: 19533 ns, Total: 94854 ns
[2020-02-27T07:46:11.376+0000][1][safepoint    ] Safepoint "RevokeBias", Time since last: 2506968108 ns, Reaching safepoint: 754550 ns, At safepoint: 67819 ns, Total: 822369 ns
[2020-02-27T07:46:13.883+0000][1][safepoint    ] Safepoint "RevokeBias", Time since last: 2507032334 ns, Reaching safepoint: 72546 ns, At safepoint: 17545 ns, Total: 90091 ns
[2020-02-27T07:46:16.389+0000][1][safepoint    ] Safepoint "RevokeBias", Time since last: 2505786735 ns, Reaching safepoint: 163232 ns, At safepoint: 22217 ns, Total: 185449 ns
[2020-02-27T07:46:18.893+0000][1][safepoint    ] Safepoint "RevokeBias", Time since last: 2503204840 ns, Reaching safepoint: 73893 ns, At safepoint: 17002 ns, Total: 90895 ns
[2020-02-27T07:46:21.395+0000][1][safepoint    ] Safepoint "RevokeBias", Time since last: 2502239322 ns, Reaching safepoint: 74073 ns, At safepoint: 18248 ns, Total: 92321 ns
[2020-02-27T07:46:23.903+0000][1][safepoint    ] Safepoint "RevokeBias", Time since last: 2507715322 ns, Reaching safepoint: 85534 ns, At safepoint: 16970 ns, Total: 102504 ns
[2020-02-27T07:46:26.415+0000][1][safepoint    ] Safepoint "RevokeBias", Time since last: 2512343496 ns, Reaching safepoint: 71080 ns, At safepoint: 17400 ns, Total: 88480 ns
[2020-02-27T07:46:28.937+0000][1][safepoint    ] Safepoint "RevokeBias", Time since last: 2522013059 ns, Reaching safepoint: 73134 ns, At safepoint: 18452 ns, Total: 91586 ns
[2020-02-27T07:46:31.451+0000][1][safepoint    ] Safepoint "RevokeBias", Time since last: 2513903899 ns, Reaching safepoint: 129561 ns, At safepoint: 37017 ns, Total: 166578 ns
[2020-02-27T07:46:33.964+0000][1][safepoint    ] Safepoint "RevokeBias", Time since last: 2512794557 ns, Reaching safepoint: 75820 ns, At safepoint: 18182 ns, Total: 94002 ns
[2020-02-27T07:46:36.476+0000][1][safepoint    ] Safepoint "RevokeBias", Time since last: 2511547121 ns, Reaching safepoint: 142355 ns, At safepoint: 96530 ns, Total: 238885 ns
[2020-02-27T07:46:39.004+0000][1][safepoint    ] Safepoint "RevokeBias", Time since last: 2527587761 ns, Reaching safepoint: 242934 ns, At safepoint: 45805 ns, Total: 288739 ns
[2020-02-27T07:46:41.513+0000][1][safepoint    ] Safepoint "RevokeBias", Time since last: 2508960352 ns, Reaching safepoint: 73574 ns, At safepoint: 18253 ns, Total: 91827 ns
[2020-02-27T07:46:44.019+0000][1][safepoint    ] Safepoint "RevokeBias", Time since last: 2505148051 ns, Reaching safepoint: 771202 ns, At safepoint: 122528 ns, Total: 893730 ns
[2020-02-27T07:46:46.527+0000][1][safepoint    ] Safepoint "RevokeBias", Time since last: 2507740981 ns, Reaching safepoint: 79725 ns, At safepoint: 18619 ns, Total: 98344 ns
[2020-02-27T07:46:49.031+0000][1][safepoint    ] Safepoint "RevokeBias", Time since last: 2503687726 ns, Reaching safepoint: 123050 ns, At safepoint: 24072 ns, Total: 147122 ns
[2020-02-27T07:46:51.535+0000][1][safepoint    ] Safepoint "BulkRevokeBias", Time since last: 2503799464 ns, Reaching safepoint: 101945 ns, At safepoint: 281526 ns, Total: 383471 ns
[2020-02-27T07:46:54.042+0000][1][safepoint    ] Safepoint "RevokeBias", Time since last: 2506846880 ns, Reaching safepoint: 116161 ns, At safepoint: 37332 ns, Total: 153493 ns
[2020-02-27T07:46:56.548+0000][1][safepoint    ] Safepoint "RevokeBias", Time since last: 2506491435 ns, Reaching safepoint: 134151 ns, At safepoint: 99810 ns, Total: 233961 ns
[2020-02-27T07:46:59.052+0000][1][safepoint    ] Safepoint "RevokeBias", Time since last: 2503761731 ns, Reaching safepoint: 115649 ns, At safepoint: 27716 ns, Total: 143365 ns
[2020-02-27T07:47:01.560+0000][1][safepoint    ] Safepoint "RevokeBias", Time since last: 2507241234 ns, Reaching safepoint: 94460 ns, At safepoint: 40773 ns, Total: 135233 ns
[2020-02-27T07:47:04.066+0000][1][safepoint    ] Safepoint "RevokeBias", Time since last: 2506304752 ns, Reaching safepoint: 98886 ns, At safepoint: 26075 ns, Total: 124961 ns
[2020-02-27T07:47:06.591+0000][1][safepoint    ] Safepoint "RevokeBias", Time since last: 2524706223 ns, Reaching safepoint: 63899 ns, At safepoint: 18911 ns, Total: 82810 ns
[2020-02-27T07:47:09.104+0000][1][safepoint    ] Safepoint "RevokeBias", Time since last: 2512791211 ns, Reaching safepoint: 97749 ns, At safepoint: 136434 ns, Total: 234183 ns
[2020-02-27T07:47:11.619+0000][1][safepoint    ] Safepoint "RevokeBias", Time since last: 2514827825 ns, Reaching safepoint: 96604 ns, At safepoint: 26339 ns, Total: 122943 ns
[2020-02-27T07:47:14.130+0000][1][safepoint    ] Safepoint "RevokeBias", Time since last: 2510789617 ns, Reaching safepoint: 79933 ns, At safepoint: 19897 ns, Total: 99830 ns
[2020-02-27T07:47:16.643+0000][1][safepoint    ] Safepoint "RevokeBias", Time since last: 2513413390 ns, Reaching safepoint: 110414 ns, At safepoint: 28956 ns, Total: 139370 ns
[2020-02-27T07:47:19.154+0000][1][safepoint    ] Safepoint "RevokeBias", Time since last: 2510004288 ns, Reaching safepoint: 129042 ns, At safepoint: 28883 ns, Total: 157925 ns
[2020-02-27T07:47:21.666+0000][1][safepoint    ] Safepoint "RevokeBias", Time since last: 2512057667 ns, Reaching safepoint: 77048 ns, At safepoint: 37837 ns, Total: 114885 ns
[2020-02-27T07:47:24.176+0000][1][safepoint    ] Safepoint "RevokeBias", Time since last: 2510500093 ns, Reaching safepoint: 75649 ns, At safepoint: 18161 ns, Total: 93810 ns
[2020-02-27T07:47:26.682+0000][1][safepoint    ] Safepoint "RevokeBias", Time since last: 2505578268 ns, Reaching safepoint: 143385 ns, At safepoint: 21348 ns, Total: 164733 ns
[2020-02-27T07:47:29.186+0000][1][safepoint    ] Safepoint "RevokeBias", Time since last: 2503589486 ns, Reaching safepoint: 89372 ns, At safepoint: 17241 ns, Total: 106613 ns
[2020-02-27T07:47:31.689+0000][1][safepoint    ] Safepoint "RevokeBias", Time since last: 2503427325 ns, Reaching safepoint: 71395 ns, At safepoint: 16828 ns, Total: 88223 ns
[2020-02-27T07:47:34.196+0000][1][safepoint    ] Safepoint "RevokeBias", Time since last: 2506459436 ns, Reaching safepoint: 92735 ns, At safepoint: 25120 ns, Total: 117855 ns
[2020-02-27T07:47:36.702+0000][1][safepoint    ] Safepoint "RevokeBias", Time since last: 2506006235 ns, Reaching safepoint: 60716 ns, At safepoint: 17348 ns, Total: 78064 ns
[2020-02-27T07:47:39.206+0000][1][safepoint    ] Safepoint "RevokeBias", Time since last: 2503940514 ns, Reaching safepoint: 89450 ns, At safepoint: 20945 ns, Total: 110395 ns
[2020-02-27T07:47:41.712+0000][1][safepoint    ] Safepoint "RevokeBias", Time since last: 2505503571 ns, Reaching safepoint: 73416 ns, At safepoint: 17414 ns, Total: 90830 ns
[2020-02-27T07:47:44.219+0000][1][safepoint    ] Safepoint "RevokeBias", Time since last: 2507516454 ns, Reaching safepoint: 53178 ns, At safepoint: 15599 ns, Total: 68777 ns
[2020-02-27T07:47:44.606+0000][1][gc,start     ] GC(115) Pause Young (Allocation Failure)
[2020-02-27T07:47:44.606+0000][1][gc,task      ] GC(115) Using 1 workers of 1 for evacuation
[2020-02-27T07:47:44.616+0000][1][gc,age       ] GC(115) Desired survivor size 4358144 bytes, new threshold 6 (max threshold 6)
[2020-02-27T07:47:44.616+0000][1][gc,age       ] GC(115) Age table with threshold 6 (max threshold 6)
[2020-02-27T07:47:44.616+0000][1][gc,age       ] GC(115) - age   1:      10728 bytes,      10728 total
[2020-02-27T07:47:44.616+0000][1][gc,age       ] GC(115) - age   3:       1280 bytes,      12008 total
[2020-02-27T07:47:44.616+0000][1][gc,age       ] GC(115) - age   4:       1184 bytes,      13192 total
[2020-02-27T07:47:44.616+0000][1][gc,age       ] GC(115) - age   5:        504 bytes,      13696 total
[2020-02-27T07:47:44.616+0000][1][gc,heap      ] GC(115) ParNew: 68191K->19K(76672K)
[2020-02-27T07:47:44.616+0000][1][gc,heap      ] GC(115) CMS: 62512K->62512K(963392K)
[2020-02-27T07:47:44.616+0000][1][gc,metaspace ] GC(115) Metaspace: 80224K->80224K(1122304K)
[2020-02-27T07:47:44.616+0000][1][gc           ] GC(115) Pause Young (Allocation Failure) 127M->61M(1015M) 9.874ms
[2020-02-27T07:47:44.616+0000][1][gc,cpu       ] GC(115) User=0.01s Sys=0.00s Real=0.01s
[2020-02-27T07:47:44.616+0000][1][safepoint    ] Safepoint "GenCollectForAllocation", Time since last: 386814466 ns, Reaching safepoint: 77450 ns, At safepoint: 9930129 ns, Total: 10007579 ns
[2020-02-27T07:47:46.724+0000][1][safepoint    ] Safepoint "RevokeBias", Time since last: 2107740156 ns, Reaching safepoint: 74108 ns, At safepoint: 17344 ns, Total: 91452 ns
[2020-02-27T07:47:49.227+0000][1][safepoint    ] Safepoint "RevokeBias", Time since last: 2502929988 ns, Reaching safepoint: 85166 ns, At safepoint: 19397 ns, Total: 104563 ns
[2020-02-27T07:47:51.731+0000][1][safepoint    ] Safepoint "RevokeBias", Time since last: 2503761251 ns, Reaching safepoint: 76280 ns, At safepoint: 18652 ns, Total: 94932 ns
[2020-02-27T07:47:54.237+0000][1][safepoint    ] Safepoint "RevokeBias", Time since last: 2506513899 ns, Reaching safepoint: 112026 ns, At safepoint: 95849 ns, Total: 207875 ns
[2020-02-27T07:47:56.744+0000][1][safepoint    ] Safepoint "RevokeBias", Time since last: 2506789646 ns, Reaching safepoint: 158262 ns, At safepoint: 44049 ns, Total: 202311 ns
[2020-02-27T07:47:59.266+0000][1][safepoint    ] Safepoint "RevokeBias", Time since last: 2521100807 ns, Reaching safepoint: 79677 ns, At safepoint: 19634 ns, Total: 99311 ns
[2020-02-27T07:48:01.778+0000][1][safepoint    ] Safepoint "RevokeBias", Time since last: 2512127454 ns, Reaching safepoint: 76181 ns, At safepoint: 18172 ns, Total: 94353 ns
[2020-02-27T07:48:04.290+0000][1][safepoint    ] Safepoint "BulkRevokeBias", Time since last: 2511311105 ns, Reaching safepoint: 102369 ns, At safepoint: 244771 ns, Total: 347140 ns
[2020-02-27T07:48:06.802+0000][1][safepoint    ] Safepoint "RevokeBias", Time since last: 2512604297 ns, Reaching safepoint: 73395 ns, At safepoint: 21446 ns, Total: 94841 ns
[2020-02-27T07:48:09.321+0000][1][safepoint    ] Safepoint "RevokeBias", Time since last: 2518486749 ns, Reaching safepoint: 155317 ns, At safepoint: 33630 ns, Total: 188947 ns
[2020-02-27T07:48:11.829+0000][1][safepoint    ] Safepoint "RevokeBias", Time since last: 2508486063 ns, Reaching safepoint: 72539 ns, At safepoint: 17294 ns, Total: 89833 ns
[2020-02-27T07:48:14.344+0000][1][safepoint    ] Safepoint "RevokeBias", Time since last: 2514848366 ns, Reaching safepoint: 97683 ns, At safepoint: 25973 ns, Total: 123656 ns
[2020-02-27T07:48:16.854+0000][1][safepoint    ] Safepoint "RevokeBias", Time since last: 2509166721 ns, Reaching safepoint: 171439 ns, At safepoint: 21822 ns, Total: 193261 ns
[2020-02-27T07:48:19.358+0000][1][safepoint    ] Safepoint "RevokeBias", Time since last: 2503651686 ns, Reaching safepoint: 89477 ns, At safepoint: 19461 ns, Total: 108938 ns
[2020-02-27T07:48:21.861+0000][1][safepoint    ] Safepoint "RevokeBias", Time since last: 2503408920 ns, Reaching safepoint: 213389 ns, At safepoint: 21711 ns, Total: 235100 ns
[2020-02-27T07:48:24.366+0000][1][safepoint    ] Safepoint "RevokeBias", Time since last: 2505051092 ns, Reaching safepoint: 113580 ns, At safepoint: 17938 ns, Total: 131518 ns
[2020-02-27T07:48:26.874+0000][1][safepoint    ] Safepoint "RevokeBias", Time since last: 2507565034 ns, Reaching safepoint: 110411 ns, At safepoint: 28464 ns, Total: 138875 ns
[2020-02-27T07:48:29.378+0000][1][safepoint    ] Safepoint "RevokeBias", Time since last: 2504250698 ns, Reaching safepoint: 113790 ns, At safepoint: 24305 ns, Total: 138095 ns
[2020-02-27T07:48:31.886+0000][1][safepoint    ] Safepoint "RevokeBias", Time since last: 2507045742 ns, Reaching safepoint: 58072 ns, At safepoint: 16473 ns, Total: 74545 ns
[2020-02-27T07:48:34.392+0000][1][safepoint    ] Safepoint "RevokeBias", Time since last: 2505786449 ns, Reaching safepoint: 114890 ns, At safepoint: 28657 ns, Total: 143547 ns
[2020-02-27T07:48:36.897+0000][1][safepoint    ] Safepoint "RevokeBias", Time since last: 2505272012 ns, Reaching safepoint: 224216 ns, At safepoint: 42220 ns, Total: 266436 ns
[2020-02-27T07:48:39.399+0000][1][safepoint    ] Safepoint "RevokeBias", Time since last: 2502240791 ns, Reaching safepoint: 75250 ns, At safepoint: 18064 ns, Total: 93314 ns
[2020-02-27T07:48:41.905+0000][1][safepoint    ] Safepoint "RevokeBias", Time since last: 2505530474 ns, Reaching safepoint: 77301 ns, At safepoint: 18184 ns, Total: 95485 ns
[2020-02-27T07:48:44.410+0000][1][safepoint    ] Safepoint "RevokeBias", Time since last: 2505240215 ns, Reaching safepoint: 73730 ns, At safepoint: 19347 ns, Total: 93077 ns
[2020-02-27T07:48:46.927+0000][1][safepoint    ] Safepoint "RevokeBias", Time since last: 2516372654 ns, Reaching safepoint: 104219 ns, At safepoint: 28392 ns, Total: 132611 ns
[2020-02-27T07:48:49.433+0000][1][safepoint    ] Safepoint "RevokeBias", Time since last: 2506278281 ns, Reaching safepoint: 76672 ns, At safepoint: 20747 ns, Total: 97419 ns
[2020-02-27T07:48:51.942+0000][1][safepoint    ] Safepoint "RevokeBias", Time since last: 2508698016 ns, Reaching safepoint: 94042 ns, At safepoint: 32620 ns, Total: 126662 ns
[2020-02-27T07:48:54.455+0000][1][safepoint    ] Safepoint "RevokeBias", Time since last: 2512811625 ns, Reaching safepoint: 72953 ns, At safepoint: 17326 ns, Total: 90279 ns
[2020-02-27T07:48:56.965+0000][1][safepoint    ] Safepoint "RevokeBias", Time since last: 2510290400 ns, Reaching safepoint: 119650 ns, At safepoint: 21066 ns, Total: 140716 ns
[2020-02-27T07:48:59.476+0000][1][safepoint    ] Safepoint "RevokeBias", Time since last: 2510847290 ns, Reaching safepoint: 161388 ns, At safepoint: 40192 ns, Total: 201580 ns
[2020-02-27T07:49:01.997+0000][1][safepoint    ] Safepoint "RevokeBias", Time since last: 2520058501 ns, Reaching safepoint: 176682 ns, At safepoint: 18565 ns, Total: 195247 ns
[2020-02-27T07:49:04.509+0000][1][safepoint    ] Safepoint "RevokeBias", Time since last: 2511931682 ns, Reaching safepoint: 57549 ns, At safepoint: 16500 ns, Total: 74049 ns
[2020-02-27T07:49:07.014+0000][1][safepoint    ] Safepoint "RevokeBias", Time since last: 2505461596 ns, Reaching safepoint: 98205 ns, At safepoint: 25192 ns, Total: 123397 ns
[2020-02-27T07:49:09.517+0000][1][safepoint    ] Safepoint "RevokeBias", Time since last: 2502805869 ns, Reaching safepoint: 154137 ns, At safepoint: 35250 ns, Total: 189387 ns
[2020-02-27T07:49:12.023+0000][1][safepoint    ] Safepoint "RevokeBias", Time since last: 2505284710 ns, Reaching safepoint: 173296 ns, At safepoint: 57755 ns, Total: 231051 ns
[2020-02-27T07:49:14.528+0000][1][safepoint    ] Safepoint "RevokeBias", Time since last: 2505583924 ns, Reaching safepoint: 75758 ns, At safepoint: 17886 ns, Total: 93644 ns
[2020-02-27T07:49:17.034+0000][1][safepoint    ] Safepoint "BulkRevokeBias", Time since last: 2505579924 ns, Reaching safepoint: 73742 ns, At safepoint: 340684 ns, Total: 414426 ns
[2020-02-27T07:49:19.538+0000][1][safepoint    ] Safepoint "RevokeBias", Time since last: 2503194041 ns, Reaching safepoint: 73357 ns, At safepoint: 17455 ns, Total: 90812 ns
[2020-02-27T07:49:22.040+0000][1][safepoint    ] Safepoint "RevokeBias", Time since last: 2502350955 ns, Reaching safepoint: 71621 ns, At safepoint: 17641 ns, Total: 89262 ns
[2020-02-27T07:49:24.546+0000][1][safepoint    ] Safepoint "RevokeBias", Time since last: 2506009181 ns, Reaching safepoint: 178908 ns, At safepoint: 52442 ns, Total: 231350 ns
[2020-02-27T07:49:27.052+0000][1][safepoint    ] Safepoint "RevokeBias", Time since last: 2505024778 ns, Reaching safepoint: 80918 ns, At safepoint: 21592 ns, Total: 102510 ns
[2020-02-27T07:49:29.555+0000][1][safepoint    ] Safepoint "RevokeBias", Time since last: 2503648496 ns, Reaching safepoint: 88792 ns, At safepoint: 19742 ns, Total: 108534 ns
[2020-02-27T07:49:32.061+0000][1][safepoint    ] Safepoint "RevokeBias", Time since last: 2505156177 ns, Reaching safepoint: 54137 ns, At safepoint: 15787 ns, Total: 69924 ns
[2020-02-27T07:49:34.567+0000][1][safepoint    ] Safepoint "RevokeBias", Time since last: 2506709891 ns, Reaching safepoint: 90495 ns, At safepoint: 17562 ns, Total: 108057 ns
[2020-02-27T07:49:37.073+0000][1][safepoint    ] Safepoint "RevokeBias", Time since last: 2505867995 ns, Reaching safepoint: 72658 ns, At safepoint: 17252 ns, Total: 89910 ns
[2020-02-27T07:49:39.576+0000][1][safepoint    ] Safepoint "RevokeBias", Time since last: 2502671102 ns, Reaching safepoint: 73675 ns, At safepoint: 17517 ns, Total: 91192 ns
[2020-02-27T07:49:42.080+0000][1][safepoint    ] Safepoint "RevokeBias", Time since last: 2503613975 ns, Reaching safepoint: 72418 ns, At safepoint: 18102 ns, Total: 90520 ns
[2020-02-27T07:49:44.602+0000][1][safepoint    ] Safepoint "RevokeBias", Time since last: 2521888356 ns, Reaching safepoint: 112015 ns, At safepoint: 27573 ns, Total: 139588 ns
[2020-02-27T07:49:47.112+0000][1][safepoint    ] Safepoint "RevokeBias", Time since last: 2509994625 ns, Reaching safepoint: 76282 ns, At safepoint: 82932 ns, Total: 159214 ns
[2020-02-27T07:49:49.627+0000][1][safepoint    ] Safepoint "RevokeBias", Time since last: 2514500797 ns, Reaching safepoint: 90542 ns, At safepoint: 20307 ns, Total: 110849 ns
[2020-02-27T07:49:52.140+0000][1][safepoint    ] Safepoint "RevokeBias", Time since last: 2513230442 ns, Reaching safepoint: 72491 ns, At safepoint: 18110 ns, Total: 90601 ns
[2020-02-27T07:49:54.650+0000][1][safepoint    ] Safepoint "RevokeBias", Time since last: 2509733118 ns, Reaching safepoint: 205217 ns, At safepoint: 36205 ns, Total: 241422 ns
[2020-02-27T07:49:57.162+0000][1][safepoint    ] Safepoint "RevokeBias", Time since last: 2512026297 ns, Reaching safepoint: 75718 ns, At safepoint: 17956 ns, Total: 93674 ns
[2020-02-27T07:49:59.676+0000][1][safepoint    ] Safepoint "RevokeBias", Time since last: 2514247399 ns, Reaching safepoint: 75949 ns, At safepoint: 17721 ns, Total: 93670 ns
[2020-02-27T07:50:02.186+0000][1][gc,start     ] GC(116) Pause Young (Allocation Failure)
[2020-02-27T07:50:02.187+0000][1][gc,task      ] GC(116) Using 1 workers of 1 for evacuation
[2020-02-27T07:50:02.197+0000][1][gc,age       ] GC(116) Desired survivor size 4358144 bytes, new threshold 6 (max threshold 6)
[2020-02-27T07:50:02.197+0000][1][gc,age       ] GC(116) Age table with threshold 6 (max threshold 6)
[2020-02-27T07:50:02.197+0000][1][gc,age       ] GC(116) - age   1:      37824 bytes,      37824 total
[2020-02-27T07:50:02.197+0000][1][gc,age       ] GC(116) - age   4:       1280 bytes,      39104 total
[2020-02-27T07:50:02.197+0000][1][gc,age       ] GC(116) - age   5:       1184 bytes,      40288 total
[2020-02-27T07:50:02.197+0000][1][gc,age       ] GC(116) - age   6:        504 bytes,      40792 total
[2020-02-27T07:50:02.197+0000][1][gc,heap      ] GC(116) ParNew: 68179K->50K(76672K)
[2020-02-27T07:50:02.197+0000][1][gc,heap      ] GC(116) CMS: 62512K->62512K(963392K)
[2020-02-27T07:50:02.197+0000][1][gc,metaspace ] GC(116) Metaspace: 80226K->80226K(1122304K)
[2020-02-27T07:50:02.197+0000][1][gc           ] GC(116) Pause Young (Allocation Failure) 127M->61M(1015M) 10.848ms
[2020-02-27T07:50:02.197+0000][1][gc,cpu       ] GC(116) User=0.01s Sys=0.00s Real=0.01s
[2020-02-27T07:50:02.197+0000][1][safepoint    ] Safepoint "GenCollectForAllocation", Time since last: 2510014629 ns, Reaching safepoint: 87296 ns, At safepoint: 10905352 ns, Total: 10992648 ns
[2020-02-27T07:50:02.198+0000][1][safepoint    ] Safepoint "RevokeBias", Time since last: 755809 ns, Reaching safepoint: 67492 ns, At safepoint: 16856 ns, Total: 84348 ns
[2020-02-27T07:50:04.709+0000][1][safepoint    ] Safepoint "RevokeBias", Time since last: 2510653777 ns, Reaching safepoint: 76939 ns, At safepoint: 17695 ns, Total: 94634 ns
[2020-02-27T07:50:07.223+0000][1][safepoint    ] Safepoint "RevokeBias", Time since last: 2514023927 ns, Reaching safepoint: 73810 ns, At safepoint: 72241 ns, Total: 146051 ns
[2020-02-27T07:50:09.731+0000][1][safepoint    ] Safepoint "RevokeBias", Time since last: 2508289101 ns, Reaching safepoint: 73117 ns, At safepoint: 17822 ns, Total: 90939 ns
[2020-02-27T07:50:12.236+0000][1][safepoint    ] Safepoint "RevokeBias", Time since last: 2504180328 ns, Reaching safepoint: 78054 ns, At safepoint: 18994 ns, Total: 97048 ns
[2020-02-27T07:50:14.740+0000][1][safepoint    ] Safepoint "RevokeBias", Time since last: 2503953719 ns, Reaching safepoint: 76075 ns, At safepoint: 17854 ns, Total: 93929 ns
[2020-02-27T07:50:17.245+0000][1][safepoint    ] Safepoint "RevokeBias", Time since last: 2504707842 ns, Reaching safepoint: 78144 ns, At safepoint: 18719 ns, Total: 96863 ns
[2020-02-27T07:50:19.748+0000][1][safepoint    ] Safepoint "RevokeBias", Time since last: 2503598403 ns, Reaching safepoint: 145677 ns, At safepoint: 24903 ns, Total: 170580 ns
[2020-02-27T07:50:22.252+0000][1][safepoint    ] Safepoint "RevokeBias", Time since last: 2503949937 ns, Reaching safepoint: 80900 ns, At safepoint: 19758 ns, Total: 100658 ns
[2020-02-27T07:50:24.759+0000][1][safepoint    ] Safepoint "RevokeBias", Time since last: 2506620089 ns, Reaching safepoint: 104862 ns, At safepoint: 23096 ns, Total: 127958 ns
[2020-02-27T07:50:27.263+0000][1][safepoint    ] Safepoint "RevokeBias", Time since last: 2503770116 ns, Reaching safepoint: 74576 ns, At safepoint: 18263 ns, Total: 92839 ns
[2020-02-27T07:50:29.766+0000][1][safepoint    ] Safepoint "BulkRevokeBias", Time since last: 2502845741 ns, Reaching safepoint: 109957 ns, At safepoint: 230646 ns, Total: 340603 ns
[2020-02-27T07:50:32.270+0000][1][safepoint    ] Safepoint "RevokeBias", Time since last: 2503987449 ns, Reaching safepoint: 72258 ns, At safepoint: 18660 ns, Total: 90918 ns
[2020-02-27T07:50:34.778+0000][1][safepoint    ] Safepoint "RevokeBias", Time since last: 2507291352 ns, Reaching safepoint: 79497 ns, At safepoint: 19055 ns, Total: 98552 ns
[2020-02-27T07:50:37.284+0000][1][safepoint    ] Safepoint "RevokeBias", Time since last: 2505817568 ns, Reaching safepoint: 159249 ns, At safepoint: 44689 ns, Total: 203938 ns
[2020-02-27T07:50:39.789+0000][1][safepoint    ] Safepoint "RevokeBias", Time since last: 2505594153 ns, Reaching safepoint: 100994 ns, At safepoint: 26193 ns, Total: 127187 ns
[2020-02-27T07:50:42.293+0000][1][safepoint    ] Safepoint "RevokeBias", Time since last: 2503766643 ns, Reaching safepoint: 72416 ns, At safepoint: 17651 ns, Total: 90067 ns
[2020-02-27T07:50:44.798+0000][1][safepoint    ] Safepoint "RevokeBias", Time since last: 2505004897 ns, Reaching safepoint: 56199 ns, At safepoint: 15979 ns, Total: 72178 ns
[2020-02-27T07:50:47.301+0000][1][safepoint    ] Safepoint "RevokeBias", Time since last: 2502442885 ns, Reaching safepoint: 53597 ns, At safepoint: 16643 ns, Total: 70240 ns
[2020-02-27T07:50:49.806+0000][1][safepoint    ] Safepoint "RevokeBias", Time since last: 2505151208 ns, Reaching safepoint: 186144 ns, At safepoint: 46283 ns, Total: 232427 ns
[2020-02-27T07:50:52.318+0000][1][safepoint    ] Safepoint "RevokeBias", Time since last: 2511296922 ns, Reaching safepoint: 62623 ns, At safepoint: 18867 ns, Total: 81490 ns
[2020-02-27T07:50:54.828+0000][1][safepoint    ] Safepoint "RevokeBias", Time since last: 2510014089 ns, Reaching safepoint: 72954 ns, At safepoint: 18005 ns, Total: 90959 ns
[2020-02-27T07:50:57.340+0000][1][safepoint    ] Safepoint "RevokeBias", Time since last: 2512121633 ns, Reaching safepoint: 112144 ns, At safepoint: 27666 ns, Total: 139810 ns
[2020-02-27T07:50:59.853+0000][1][safepoint    ] Safepoint "RevokeBias", Time since last: 2512709901 ns, Reaching safepoint: 123545 ns, At safepoint: 29330 ns, Total: 152875 ns
[2020-02-27T07:51:02.363+0000][1][safepoint    ] Safepoint "RevokeBias", Time since last: 2510044428 ns, Reaching safepoint: 108522 ns, At safepoint: 28295 ns, Total: 136817 ns
[2020-02-27T07:51:04.872+0000][1][safepoint    ] Safepoint "RevokeBias", Time since last: 2508803799 ns, Reaching safepoint: 71747 ns, At safepoint: 18719 ns, Total: 90466 ns
[2020-02-27T07:51:07.384+0000][1][safepoint    ] Safepoint "RevokeBias", Time since last: 2512316988 ns, Reaching safepoint: 54638 ns, At safepoint: 16263 ns, Total: 70901 ns
[2020-02-27T07:51:09.899+0000][1][safepoint    ] Safepoint "RevokeBias", Time since last: 2514641573 ns, Reaching safepoint: 76678 ns, At safepoint: 18006 ns, Total: 94684 ns
[2020-02-27T07:51:12.403+0000][1][safepoint    ] Safepoint "RevokeBias", Time since last: 2503619995 ns, Reaching safepoint: 112416 ns, At safepoint: 33081 ns, Total: 145497 ns
[2020-02-27T07:51:14.909+0000][1][safepoint    ] Safepoint "RevokeBias", Time since last: 2505796344 ns, Reaching safepoint: 99613 ns, At safepoint: 143596 ns, Total: 243209 ns
[2020-02-27T07:51:17.414+0000][1][safepoint    ] Safepoint "RevokeBias", Time since last: 2504570642 ns, Reaching safepoint: 80817 ns, At safepoint: 20269 ns, Total: 101086 ns
[2020-02-27T07:51:19.967+0000][1][safepoint    ] Safepoint "RevokeBias", Time since last: 2550090875 ns, Reaching safepoint: 2888848 ns, At safepoint: 41532 ns, Total: 2930380 ns
[2020-02-27T07:51:22.469+0000][1][safepoint    ] Safepoint "RevokeBias", Time since last: 2502154244 ns, Reaching safepoint: 95795 ns, At safepoint: 38423 ns, Total: 134218 ns
[2020-02-27T07:51:24.977+0000][1][safepoint    ] Safepoint "RevokeBias", Time since last: 2508448760 ns, Reaching safepoint: 79531 ns, At safepoint: 20201 ns, Total: 99732 ns
[2020-02-27T07:51:27.481+0000][1][safepoint    ] Safepoint "RevokeBias", Time since last: 2503695167 ns, Reaching safepoint: 152334 ns, At safepoint: 26603 ns, Total: 178937 ns
[2020-02-27T07:51:29.985+0000][1][safepoint    ] Safepoint "RevokeBias", Time since last: 2503777799 ns, Reaching safepoint: 118920 ns, At safepoint: 29164 ns, Total: 148084 ns
[2020-02-27T07:51:32.489+0000][1][safepoint    ] Safepoint "RevokeBias", Time since last: 2504117034 ns, Reaching safepoint: 79060 ns, At safepoint: 20254 ns, Total: 99314 ns
[2020-02-27T07:51:34.996+0000][1][safepoint    ] Safepoint "RevokeBias", Time since last: 2506267043 ns, Reaching safepoint: 55086 ns, At safepoint: 16768 ns, Total: 71854 ns
[2020-02-27T07:51:37.500+0000][1][safepoint    ] Safepoint "RevokeBias", Time since last: 2504194381 ns, Reaching safepoint: 74148 ns, At safepoint: 18395 ns, Total: 92543 ns
[2020-02-27T07:51:40.022+0000][1][safepoint    ] Safepoint "RevokeBias", Time since last: 2521298112 ns, Reaching safepoint: 212967 ns, At safepoint: 27128 ns, Total: 240095 ns
[2020-02-27T07:51:42.534+0000][1][safepoint    ] Safepoint "BulkRevokeBias", Time since last: 2511762395 ns, Reaching safepoint: 79660 ns, At safepoint: 204425 ns, Total: 284085 ns
[2020-02-27T07:51:45.044+0000][1][safepoint    ] Safepoint "RevokeBias", Time since last: 2510339766 ns, Reaching safepoint: 77009 ns, At safepoint: 19265 ns, Total: 96274 ns
[2020-02-27T07:51:47.553+0000][1][safepoint    ] Safepoint "RevokeBias", Time since last: 2508265949 ns, Reaching safepoint: 127092 ns, At safepoint: 52750 ns, Total: 179842 ns
[2020-02-27T07:51:50.068+0000][1][safepoint    ] Safepoint "RevokeBias", Time since last: 2508827011 ns, Reaching safepoint: 6153104 ns, At safepoint: 28086 ns, Total: 6181190 ns
[2020-02-27T07:51:52.570+0000][1][safepoint    ] Safepoint "RevokeBias", Time since last: 2501996784 ns, Reaching safepoint: 115679 ns, At safepoint: 46260 ns, Total: 161939 ns
[2020-02-27T07:51:55.076+0000][1][safepoint    ] Safepoint "RevokeBias", Time since last: 2506196379 ns, Reaching safepoint: 74639 ns, At safepoint: 18296 ns, Total: 92935 ns
[2020-02-27T07:51:57.579+0000][1][safepoint    ] Safepoint "RevokeBias", Time since last: 2503247055 ns, Reaching safepoint: 78436 ns, At safepoint: 19729 ns, Total: 98165 ns
[2020-02-27T07:52:00.082+0000][1][safepoint    ] Safepoint "RevokeBias", Time since last: 2503050719 ns, Reaching safepoint: 94291 ns, At safepoint: 21006 ns, Total: 115297 ns
[2020-02-27T07:52:02.586+0000][1][safepoint    ] Safepoint "RevokeBias", Time since last: 2503434998 ns, Reaching safepoint: 71490 ns, At safepoint: 17504 ns, Total: 88994 ns
[2020-02-27T07:52:05.091+0000][1][safepoint    ] Safepoint "RevokeBias", Time since last: 2505033260 ns, Reaching safepoint: 75641 ns, At safepoint: 18642 ns, Total: 94283 ns
[2020-02-27T07:52:07.597+0000][1][safepoint    ] Safepoint "RevokeBias", Time since last: 2505810505 ns, Reaching safepoint: 117124 ns, At safepoint: 30297 ns, Total: 147421 ns
[2020-02-27T07:52:10.101+0000][1][safepoint    ] Safepoint "RevokeBias", Time since last: 2503420608 ns, Reaching safepoint: 72969 ns, At safepoint: 17060 ns, Total: 90029 ns
[2020-02-27T07:52:12.603+0000][1][safepoint    ] Safepoint "RevokeBias", Time since last: 2502714529 ns, Reaching safepoint: 79337 ns, At safepoint: 19659 ns, Total: 98996 ns
[2020-02-27T07:52:15.110+0000][1][safepoint    ] Safepoint "RevokeBias", Time since last: 2506502500 ns, Reaching safepoint: 183023 ns, At safepoint: 55759 ns, Total: 238782 ns
[2020-02-27T07:52:17.623+0000][1][safepoint    ] Safepoint "RevokeBias", Time since last: 2512313199 ns, Reaching safepoint: 101416 ns, At safepoint: 28070 ns, Total: 129486 ns
[2020-02-27T07:52:19.823+0000][1][gc,start     ] GC(117) Pause Young (Allocation Failure)
[2020-02-27T07:52:19.823+0000][1][gc,task      ] GC(117) Using 1 workers of 1 for evacuation
[2020-02-27T07:52:19.835+0000][1][gc,age       ] GC(117) Desired survivor size 4358144 bytes, new threshold 6 (max threshold 6)
[2020-02-27T07:52:19.835+0000][1][gc,age       ] GC(117) Age table with threshold 6 (max threshold 6)
[2020-02-27T07:52:19.835+0000][1][gc,age       ] GC(117) - age   1:      12120 bytes,      12120 total
[2020-02-27T07:52:19.835+0000][1][gc,age       ] GC(117) - age   5:       1024 bytes,      13144 total
[2020-02-27T07:52:19.835+0000][1][gc,age       ] GC(117) - age   6:        968 bytes,      14112 total
[2020-02-27T07:52:19.836+0000][1][gc,heap      ] GC(117) ParNew: 68210K->33K(76672K)
[2020-02-27T07:52:19.836+0000][1][gc,heap      ] GC(117) CMS: 62512K->62513K(963392K)
[2020-02-27T07:52:19.836+0000][1][gc,metaspace ] GC(117) Metaspace: 80226K->80226K(1122304K)
[2020-02-27T07:52:19.836+0000][1][gc           ] GC(117) Pause Young (Allocation Failure) 127M->61M(1015M) 12.806ms
[2020-02-27T07:52:19.836+0000][1][gc,cpu       ] GC(117) User=0.01s Sys=0.00s Real=0.01s
[2020-02-27T07:52:19.836+0000][1][safepoint    ] Safepoint "GenCollectForAllocation", Time since last: 2200178072 ns, Reaching safepoint: 96412 ns, At safepoint: 12880272 ns, Total: 12976684 ns
[2020-02-27T07:52:20.153+0000][1][safepoint    ] Safepoint "RevokeBias", Time since last: 317079432 ns, Reaching safepoint: 76534 ns, At safepoint: 19054 ns, Total: 95588 ns
[2020-02-27T07:52:22.665+0000][1][safepoint    ] Safepoint "RevokeBias", Time since last: 2511469978 ns, Reaching safepoint: 96883 ns, At safepoint: 19112 ns, Total: 115995 ns
[2020-02-27T07:52:25.177+0000][1][safepoint    ] Safepoint "RevokeBias", Time since last: 2512607913 ns, Reaching safepoint: 75921 ns, At safepoint: 65288 ns, Total: 141209 ns
[2020-02-27T07:52:27.695+0000][1][safepoint    ] Safepoint "RevokeBias", Time since last: 2517670889 ns, Reaching safepoint: 109929 ns, At safepoint: 31617 ns, Total: 141546 ns
[2020-02-27T07:52:30.209+0000][1][safepoint    ] Safepoint "RevokeBias", Time since last: 2514165156 ns, Reaching safepoint: 134536 ns, At safepoint: 39577 ns, Total: 174113 ns
[2020-02-27T07:52:32.713+0000][1][safepoint    ] Safepoint "RevokeBias", Time since last: 2503587534 ns, Reaching safepoint: 118000 ns, At safepoint: 24144 ns, Total: 142144 ns
[2020-02-27T07:52:35.220+0000][1][safepoint    ] Safepoint "RevokeBias", Time since last: 2506514846 ns, Reaching safepoint: 91229 ns, At safepoint: 24569 ns, Total: 115798 ns
[2020-02-27T07:52:37.725+0000][1][safepoint    ] Safepoint "RevokeBias", Time since last: 2504802127 ns, Reaching safepoint: 91756 ns, At safepoint: 24685 ns, Total: 116441 ns
[2020-02-27T07:52:40.227+0000][1][safepoint    ] Safepoint "RevokeBias", Time since last: 2502524443 ns, Reaching safepoint: 75073 ns, At safepoint: 17955 ns, Total: 93028 ns
[2020-02-27T07:52:42.732+0000][1][safepoint    ] Safepoint "RevokeBias", Time since last: 2504296784 ns, Reaching safepoint: 72384 ns, At safepoint: 18283 ns, Total: 90667 ns
[2020-02-27T07:52:45.239+0000][1][safepoint    ] Safepoint "RevokeBias", Time since last: 2506766925 ns, Reaching safepoint: 143601 ns, At safepoint: 35182 ns, Total: 178783 ns
[2020-02-27T07:52:47.744+0000][1][safepoint    ] Safepoint "RevokeBias", Time since last: 2505514448 ns, Reaching safepoint: 56389 ns, At safepoint: 16354 ns, Total: 72743 ns
[2020-02-27T07:52:50.248+0000][1][safepoint    ] Safepoint "RevokeBias", Time since last: 2503475967 ns, Reaching safepoint: 52642 ns, At safepoint: 16348 ns, Total: 68990 ns
[2020-02-27T07:52:52.751+0000][1][safepoint    ] Safepoint "RevokeBias", Time since last: 2503465666 ns, Reaching safepoint: 86431 ns, At safepoint: 18786 ns, Total: 105217 ns
[2020-02-27T07:52:55.258+0000][1][safepoint    ] Safepoint "BulkRevokeBias", Time since last: 2506256324 ns, Reaching safepoint: 72329 ns, At safepoint: 333245 ns, Total: 405574 ns
[2020-02-27T07:52:57.763+0000][1][safepoint    ] Safepoint "RevokeBias", Time since last: 2504690037 ns, Reaching safepoint: 83405 ns, At safepoint: 20809 ns, Total: 104214 ns
[2020-02-27T07:53:00.267+0000][1][safepoint    ] Safepoint "RevokeBias", Time since last: 2503955730 ns, Reaching safepoint: 91964 ns, At safepoint: 21784 ns, Total: 113748 ns
[2020-02-27T07:53:02.769+0000][1][safepoint    ] Safepoint "RevokeBias", Time since last: 2502321074 ns, Reaching safepoint: 72908 ns, At safepoint: 17531 ns, Total: 90439 ns
[2020-02-27T07:53:05.281+0000][1][safepoint    ] Safepoint "RevokeBias", Time since last: 2511636496 ns, Reaching safepoint: 93783 ns, At safepoint: 23710 ns, Total: 117493 ns
[2020-02-27T07:53:07.795+0000][1][safepoint    ] Safepoint "RevokeBias", Time since last: 2513328961 ns, Reaching safepoint: 107138 ns, At safepoint: 23848 ns, Total: 130986 ns
[2020-02-27T07:53:10.314+0000][1][safepoint    ] Safepoint "RevokeBias", Time since last: 2519136253 ns, Reaching safepoint: 109834 ns, At safepoint: 31015 ns, Total: 140849 ns
[2020-02-27T07:53:12.823+0000][1][safepoint    ] Safepoint "RevokeBias", Time since last: 2509482483 ns, Reaching safepoint: 72184 ns, At safepoint: 18280 ns, Total: 90464 ns
[2020-02-27T07:53:15.348+0000][1][safepoint    ] Safepoint "RevokeBias", Time since last: 2524532818 ns, Reaching safepoint: 78769 ns, At safepoint: 18326 ns, Total: 97095 ns
[2020-02-27T07:53:17.858+0000][1][safepoint    ] Safepoint "RevokeBias", Time since last: 2510023149 ns, Reaching safepoint: 74008 ns, At safepoint: 17535 ns, Total: 91543 ns
[2020-02-27T07:53:20.363+0000][1][safepoint    ] Safepoint "RevokeBias", Time since last: 2504688239 ns, Reaching safepoint: 77109 ns, At safepoint: 18559 ns, Total: 95668 ns
[2020-02-27T07:53:22.867+0000][1][safepoint    ] Safepoint "RevokeBias", Time since last: 2503800156 ns, Reaching safepoint: 73915 ns, At safepoint: 18096 ns, Total: 92011 ns
[2020-02-27T07:53:25.370+0000][1][safepoint    ] Safepoint "RevokeBias", Time since last: 2503220976 ns, Reaching safepoint: 137578 ns, At safepoint: 32127 ns, Total: 169705 ns
[2020-02-27T07:53:27.875+0000][1][safepoint    ] Safepoint "RevokeBias", Time since last: 2504268295 ns, Reaching safepoint: 106941 ns, At safepoint: 25329 ns, Total: 132270 ns
[2020-02-27T07:53:30.377+0000][1][safepoint    ] Safepoint "RevokeBias", Time since last: 2502693973 ns, Reaching safepoint: 72939 ns, At safepoint: 17288 ns, Total: 90227 ns
[2020-02-27T07:53:32.882+0000][1][safepoint    ] Safepoint "RevokeBias", Time since last: 2504521957 ns, Reaching safepoint: 86410 ns, At safepoint: 17456 ns, Total: 103866 ns
[2020-02-27T07:53:35.386+0000][1][safepoint    ] Safepoint "RevokeBias", Time since last: 2504202894 ns, Reaching safepoint: 91343 ns, At safepoint: 21147 ns, Total: 112490 ns
[2020-02-27T07:53:37.890+0000][1][safepoint    ] Safepoint "RevokeBias", Time since last: 2504044735 ns, Reaching safepoint: 74245 ns, At safepoint: 17680 ns, Total: 91925 ns
[2020-02-27T07:53:40.394+0000][1][safepoint    ] Safepoint "RevokeBias", Time since last: 2503408478 ns, Reaching safepoint: 72417 ns, At safepoint: 17235 ns, Total: 89652 ns
[2020-02-27T07:53:42.897+0000][1][safepoint    ] Safepoint "RevokeBias", Time since last: 2503410007 ns, Reaching safepoint: 74714 ns, At safepoint: 19257 ns, Total: 93971 ns
[2020-02-27T07:53:45.403+0000][1][safepoint    ] Safepoint "RevokeBias", Time since last: 2505874236 ns, Reaching safepoint: 74090 ns, At safepoint: 17627 ns, Total: 91717 ns
[2020-02-27T07:53:47.924+0000][1][safepoint    ] Safepoint "RevokeBias", Time since last: 2520247337 ns, Reaching safepoint: 75439 ns, At safepoint: 17890 ns, Total: 93329 ns
[2020-02-27T07:53:50.437+0000][1][safepoint    ] Safepoint "RevokeBias", Time since last: 2513478540 ns, Reaching safepoint: 71346 ns, At safepoint: 17912 ns, Total: 89258 ns
[2020-02-27T07:53:52.944+0000][1][safepoint    ] Safepoint "RevokeBias", Time since last: 2506837804 ns, Reaching safepoint: 53836 ns, At safepoint: 16143 ns, Total: 69979 ns
[2020-02-27T07:53:55.452+0000][1][safepoint    ] Safepoint "RevokeBias", Time since last: 2507233130 ns, Reaching safepoint: 207174 ns, At safepoint: 34161 ns, Total: 241335 ns
[2020-02-27T07:53:57.972+0000][1][safepoint    ] Safepoint "RevokeBias", Time since last: 2519881482 ns, Reaching safepoint: 71395 ns, At safepoint: 78482 ns, Total: 149877 ns
[2020-02-27T07:54:00.481+0000][1][safepoint    ] Safepoint "RevokeBias", Time since last: 2509208367 ns, Reaching safepoint: 73415 ns, At safepoint: 18066 ns, Total: 91481 ns
[2020-02-27T07:54:02.994+0000][1][safepoint    ] Safepoint "RevokeBias", Time since last: 2512595000 ns, Reaching safepoint: 74287 ns, At safepoint: 18307 ns, Total: 92594 ns
[2020-02-27T07:54:05.504+0000][1][safepoint    ] Safepoint "RevokeBias", Time since last: 2509827116 ns, Reaching safepoint: 92860 ns, At safepoint: 22658 ns, Total: 115518 ns
[2020-02-27T07:54:08.019+0000][1][safepoint    ] Safepoint "BulkRevokeBias", Time since last: 2514715033 ns, Reaching safepoint: 71629 ns, At safepoint: 237048 ns, Total: 308677 ns
[2020-02-27T07:54:10.528+0000][1][safepoint    ] Safepoint "RevokeBias", Time since last: 2508822198 ns, Reaching safepoint: 73303 ns, At safepoint: 17543 ns, Total: 90846 ns
[2020-02-27T07:54:13.039+0000][1][safepoint    ] Safepoint "RevokeBias", Time since last: 2511668634 ns, Reaching safepoint: 74679 ns, At safepoint: 18138 ns, Total: 92817 ns
[2020-02-27T07:54:15.552+0000][1][safepoint    ] Safepoint "RevokeBias", Time since last: 2512915926 ns, Reaching safepoint: 82775 ns, At safepoint: 20284 ns, Total: 103059 ns
[2020-02-27T07:54:18.057+0000][1][safepoint    ] Safepoint "RevokeBias", Time since last: 2504473421 ns, Reaching safepoint: 203432 ns, At safepoint: 19771 ns, Total: 223203 ns
[2020-02-27T07:54:20.560+0000][1][safepoint    ] Safepoint "RevokeBias", Time since last: 2502498585 ns, Reaching safepoint: 93636 ns, At safepoint: 21813 ns, Total: 115449 ns
[2020-02-27T07:54:23.063+0000][1][safepoint    ] Safepoint "RevokeBias", Time since last: 2502914728 ns, Reaching safepoint: 74871 ns, At safepoint: 17485 ns, Total: 92356 ns
[2020-02-27T07:54:25.569+0000][1][safepoint    ] Safepoint "RevokeBias", Time since last: 2506179273 ns, Reaching safepoint: 94406 ns, At safepoint: 35095 ns, Total: 129501 ns
[2020-02-27T07:54:28.074+0000][1][safepoint    ] Safepoint "RevokeBias", Time since last: 2505284922 ns, Reaching safepoint: 75899 ns, At safepoint: 32846 ns, Total: 108745 ns
[2020-02-27T07:54:30.577+0000][1][safepoint    ] Safepoint "RevokeBias", Time since last: 2502090145 ns, Reaching safepoint: 76996 ns, At safepoint: 17985 ns, Total: 94981 ns
[2020-02-27T07:54:33.082+0000][1][safepoint    ] Safepoint "RevokeBias", Time since last: 2505623925 ns, Reaching safepoint: 72983 ns, At safepoint: 17557 ns, Total: 90540 ns
[2020-02-27T07:54:35.587+0000][1][safepoint    ] Safepoint "RevokeBias", Time since last: 2504472311 ns, Reaching safepoint: 93959 ns, At safepoint: 20837 ns, Total: 114796 ns
[2020-02-27T07:54:38.091+0000][1][safepoint    ] Safepoint "RevokeBias", Time since last: 2504089320 ns, Reaching safepoint: 88204 ns, At safepoint: 20974 ns, Total: 109178 ns
[2020-02-27T07:54:39.947+0000][1][gc,start     ] GC(118) Pause Young (Allocation Failure)
[2020-02-27T07:54:39.947+0000][1][gc,task      ] GC(118) Using 1 workers of 1 for evacuation
[2020-02-27T07:54:39.957+0000][1][gc,age       ] GC(118) Desired survivor size 4358144 bytes, new threshold 6 (max threshold 6)
[2020-02-27T07:54:39.957+0000][1][gc,age       ] GC(118) Age table with threshold 6 (max threshold 6)
[2020-02-27T07:54:39.957+0000][1][gc,age       ] GC(118) - age   1:      11920 bytes,      11920 total
[2020-02-27T07:54:39.957+0000][1][gc,age       ] GC(118) - age   2:        504 bytes,      12424 total
[2020-02-27T07:54:39.957+0000][1][gc,age       ] GC(118) - age   6:       1024 bytes,      13448 total
[2020-02-27T07:54:39.958+0000][1][gc,heap      ] GC(118) ParNew: 68193K->13K(76672K)
[2020-02-27T07:54:39.958+0000][1][gc,heap      ] GC(118) CMS: 62513K->62514K(963392K)
[2020-02-27T07:54:39.958+0000][1][gc,metaspace ] GC(118) Metaspace: 80227K->80227K(1122304K)
[2020-02-27T07:54:39.958+0000][1][gc           ] GC(118) Pause Young (Allocation Failure) 127M->61M(1015M) 10.199ms
[2020-02-27T07:54:39.958+0000][1][gc,cpu       ] GC(118) User=0.01s Sys=0.00s Real=0.01s
[2020-02-27T07:54:39.958+0000][1][safepoint    ] Safepoint "GenCollectForAllocation", Time since last: 1856191388 ns, Reaching safepoint: 77081 ns, At safepoint: 10249520 ns, Total: 10326601 ns
[2020-02-27T07:54:40.595+0000][1][safepoint    ] Safepoint "RevokeBias", Time since last: 637129753 ns, Reaching safepoint: 75827 ns, At safepoint: 17984 ns, Total: 93811 ns
[2020-02-27T07:54:43.100+0000][1][safepoint    ] Safepoint "RevokeBias", Time since last: 2504752062 ns, Reaching safepoint: 74998 ns, At safepoint: 18862 ns, Total: 93860 ns
[2020-02-27T07:54:45.606+0000][1][safepoint    ] Safepoint "RevokeBias", Time since last: 2505881155 ns, Reaching safepoint: 75005 ns, At safepoint: 18570 ns, Total: 93575 ns
[2020-02-27T07:54:48.109+0000][1][safepoint    ] Safepoint "RevokeBias", Time since last: 2503002083 ns, Reaching safepoint: 73210 ns, At safepoint: 17317 ns, Total: 90527 ns
[2020-02-27T07:54:50.611+0000][1][safepoint    ] Safepoint "RevokeBias", Time since last: 2501892566 ns, Reaching safepoint: 90876 ns, At safepoint: 49675 ns, Total: 140551 ns
[2020-02-27T07:54:53.113+0000][1][safepoint    ] Safepoint "RevokeBias", Time since last: 2501852521 ns, Reaching safepoint: 114509 ns, At safepoint: 25790 ns, Total: 140299 ns
[2020-02-27T07:54:55.628+0000][1][safepoint    ] Safepoint "RevokeBias", Time since last: 2514771666 ns, Reaching safepoint: 144349 ns, At safepoint: 42665 ns, Total: 187014 ns
[2020-02-27T07:54:58.141+0000][1][safepoint    ] Safepoint "RevokeBias", Time since last: 2512870979 ns, Reaching safepoint: 102129 ns, At safepoint: 30167 ns, Total: 132296 ns
[2020-02-27T07:55:00.656+0000][1][safepoint    ] Safepoint "RevokeBias", Time since last: 2514821104 ns, Reaching safepoint: 127256 ns, At safepoint: 22603 ns, Total: 149859 ns
[2020-02-27T07:55:03.166+0000][1][safepoint    ] Safepoint "RevokeBias", Time since last: 2510680131 ns, Reaching safepoint: 92898 ns, At safepoint: 27766 ns, Total: 120664 ns
[2020-02-27T07:55:05.682+0000][1][safepoint    ] Safepoint "RevokeBias", Time since last: 2514825177 ns, Reaching safepoint: 144181 ns, At safepoint: 37794 ns, Total: 181975 ns
[2020-02-27T07:55:08.190+0000][1][safepoint    ] Safepoint "RevokeBias", Time since last: 2508572681 ns, Reaching safepoint: 97054 ns, At safepoint: 19798 ns, Total: 116852 ns
[2020-02-27T07:55:10.713+0000][1][safepoint    ] Safepoint "RevokeBias", Time since last: 2522806617 ns, Reaching safepoint: 276727 ns, At safepoint: 25063 ns, Total: 301790 ns
[2020-02-27T07:55:13.224+0000][1][safepoint    ] Safepoint "RevokeBias", Time since last: 2510682873 ns, Reaching safepoint: 106702 ns, At safepoint: 20882 ns, Total: 127584 ns
[2020-02-27T07:55:15.730+0000][1][safepoint    ] Safepoint "RevokeBias", Time since last: 2506048016 ns, Reaching safepoint: 92323 ns, At safepoint: 18540 ns, Total: 110863 ns
[2020-02-27T07:55:18.235+0000][1][safepoint    ] Safepoint "RevokeBias", Time since last: 2504111670 ns, Reaching safepoint: 104342 ns, At safepoint: 19743 ns, Total: 124085 ns
[2020-02-27T07:55:20.739+0000][1][safepoint    ] Safepoint "BulkRevokeBias", Time since last: 2504305869 ns, Reaching safepoint: 127065 ns, At safepoint: 274991 ns, Total: 402056 ns
[2020-02-27T07:55:23.241+0000][1][safepoint    ] Safepoint "RevokeBias", Time since last: 2501559309 ns, Reaching safepoint: 74081 ns, At safepoint: 17626 ns, Total: 91707 ns
[2020-02-27T07:55:25.745+0000][1][safepoint    ] Safepoint "RevokeBias", Time since last: 2504473617 ns, Reaching safepoint: 89514 ns, At safepoint: 18439 ns, Total: 107953 ns
[2020-02-27T07:55:28.250+0000][1][safepoint    ] Safepoint "RevokeBias", Time since last: 2504793628 ns, Reaching safepoint: 75196 ns, At safepoint: 18628 ns, Total: 93824 ns
[2020-02-27T07:55:30.755+0000][1][safepoint    ] Safepoint "RevokeBias", Time since last: 2504152951 ns, Reaching safepoint: 73319 ns, At safepoint: 138485 ns, Total: 211804 ns
[2020-02-27T07:55:33.260+0000][1][safepoint    ] Safepoint "RevokeBias", Time since last: 2504774168 ns, Reaching safepoint: 73369 ns, At safepoint: 17554 ns, Total: 90923 ns
[2020-02-27T07:55:35.763+0000][1][safepoint    ] Safepoint "RevokeBias", Time since last: 2503678735 ns, Reaching safepoint: 132606 ns, At safepoint: 37540 ns, Total: 170146 ns
[2020-02-27T07:55:38.268+0000][1][safepoint    ] Safepoint "RevokeBias", Time since last: 2504491682 ns, Reaching safepoint: 74323 ns, At safepoint: 18280 ns, Total: 92603 ns
[2020-02-27T07:55:40.772+0000][1][safepoint    ] Safepoint "RevokeBias", Time since last: 2503444258 ns, Reaching safepoint: 66653 ns, At safepoint: 18177 ns, Total: 84830 ns
[2020-02-27T07:55:43.276+0000][1][safepoint    ] Safepoint "RevokeBias", Time since last: 2504244416 ns, Reaching safepoint: 171183 ns, At safepoint: 34305 ns, Total: 205488 ns
[2020-02-27T07:55:45.782+0000][1][safepoint    ] Safepoint "RevokeBias", Time since last: 2505569583 ns, Reaching safepoint: 71626 ns, At safepoint: 17342 ns, Total: 88968 ns
[2020-02-27T07:55:48.286+0000][1][safepoint    ] Safepoint "RevokeBias", Time since last: 2504665770 ns, Reaching safepoint: 76232 ns, At safepoint: 18538 ns, Total: 94770 ns
[2020-02-27T07:55:50.789+0000][1][safepoint    ] Safepoint "RevokeBias", Time since last: 2502702230 ns, Reaching safepoint: 90281 ns, At safepoint: 18310 ns, Total: 108591 ns
[2020-02-27T07:55:53.300+0000][1][safepoint    ] Safepoint "RevokeBias", Time since last: 2510265182 ns, Reaching safepoint: 132299 ns, At safepoint: 18456 ns, Total: 150755 ns
[2020-02-27T07:55:55.810+0000][1][safepoint    ] Safepoint "RevokeBias", Time since last: 2509843896 ns, Reaching safepoint: 82909 ns, At safepoint: 19821 ns, Total: 102730 ns
[2020-02-27T07:55:58.335+0000][1][safepoint    ] Safepoint "RevokeBias", Time since last: 2524840779 ns, Reaching safepoint: 121249 ns, At safepoint: 38685 ns, Total: 159934 ns
[2020-02-27T07:56:00.843+0000][1][safepoint    ] Safepoint "RevokeBias", Time since last: 2508189664 ns, Reaching safepoint: 73747 ns, At safepoint: 17733 ns, Total: 91480 ns
[2020-02-27T07:56:03.352+0000][1][safepoint    ] Safepoint "RevokeBias", Time since last: 2509218331 ns, Reaching safepoint: 73010 ns, At safepoint: 17865 ns, Total: 90875 ns
[2020-02-27T07:56:05.864+0000][1][safepoint    ] Safepoint "RevokeBias", Time since last: 2512123501 ns, Reaching safepoint: 65427 ns, At safepoint: 19434 ns, Total: 84861 ns
[2020-02-27T07:56:08.385+0000][1][safepoint    ] Safepoint "RevokeBias", Time since last: 2520687737 ns, Reaching safepoint: 73384 ns, At safepoint: 17489 ns, Total: 90873 ns
[2020-02-27T07:56:10.891+0000][1][safepoint    ] Safepoint "RevokeBias", Time since last: 2506078860 ns, Reaching safepoint: 82679 ns, At safepoint: 20799 ns, Total: 103478 ns
[2020-02-27T07:56:13.404+0000][1][safepoint    ] Safepoint "RevokeBias", Time since last: 2513033714 ns, Reaching safepoint: 75382 ns, At safepoint: 19452 ns, Total: 94834 ns
[2020-02-27T07:56:15.916+0000][1][safepoint    ] Safepoint "RevokeBias", Time since last: 2511608341 ns, Reaching safepoint: 75057 ns, At safepoint: 17716 ns, Total: 92773 ns
[2020-02-27T07:56:18.419+0000][1][safepoint    ] Safepoint "RevokeBias", Time since last: 2502990164 ns, Reaching safepoint: 79135 ns, At safepoint: 18930 ns, Total: 98065 ns
[2020-02-27T07:56:20.922+0000][1][safepoint    ] Safepoint "RevokeBias", Time since last: 2502118652 ns, Reaching safepoint: 123531 ns, At safepoint: 20911 ns, Total: 144442 ns
[2020-02-27T07:56:23.425+0000][1][safepoint    ] Safepoint "RevokeBias", Time since last: 2503651323 ns, Reaching safepoint: 73641 ns, At safepoint: 17965 ns, Total: 91606 ns
[2020-02-27T07:56:25.931+0000][1][safepoint    ] Safepoint "RevokeBias", Time since last: 2505514359 ns, Reaching safepoint: 74098 ns, At safepoint: 17982 ns, Total: 92080 ns
[2020-02-27T07:56:28.434+0000][1][safepoint    ] Safepoint "RevokeBias", Time since last: 2503310579 ns, Reaching safepoint: 72700 ns, At safepoint: 18011 ns, Total: 90711 ns
[2020-02-27T07:56:30.938+0000][1][safepoint    ] Safepoint "RevokeBias", Time since last: 2503582440 ns, Reaching safepoint: 102827 ns, At safepoint: 20169 ns, Total: 122996 ns
[2020-02-27T07:56:33.443+0000][1][safepoint    ] Safepoint "BulkRevokeBias", Time since last: 2504778789 ns, Reaching safepoint: 87774 ns, At safepoint: 280241 ns, Total: 368015 ns
[2020-02-27T07:56:35.948+0000][1][safepoint    ] Safepoint "RevokeBias", Time since last: 2504470649 ns, Reaching safepoint: 75280 ns, At safepoint: 18603 ns, Total: 93883 ns
[2020-02-27T07:56:38.453+0000][1][safepoint    ] Safepoint "RevokeBias", Time since last: 2505200091 ns, Reaching safepoint: 92757 ns, At safepoint: 22229 ns, Total: 114986 ns
[2020-02-27T07:56:40.958+0000][1][safepoint    ] Safepoint "RevokeBias", Time since last: 2504436351 ns, Reaching safepoint: 75320 ns, At safepoint: 18104 ns, Total: 93424 ns
[2020-02-27T07:56:43.462+0000][1][safepoint    ] Safepoint "RevokeBias", Time since last: 2504263432 ns, Reaching safepoint: 73977 ns, At safepoint: 18042 ns, Total: 92019 ns
[2020-02-27T07:56:45.968+0000][1][safepoint    ] Safepoint "RevokeBias", Time since last: 2505652537 ns, Reaching safepoint: 90698 ns, At safepoint: 17162 ns, Total: 107860 ns
[2020-02-27T07:56:48.470+0000][1][safepoint    ] Safepoint "RevokeBias", Time since last: 2502693039 ns, Reaching safepoint: 71714 ns, At safepoint: 17499 ns, Total: 89213 ns
[2020-02-27T07:56:50.976+0000][1][safepoint    ] Safepoint "RevokeBias", Time since last: 2505116189 ns, Reaching safepoint: 75895 ns, At safepoint: 17777 ns, Total: 93672 ns
[2020-02-27T07:56:53.480+0000][1][safepoint    ] Safepoint "RevokeBias", Time since last: 2504419264 ns, Reaching safepoint: 77142 ns, At safepoint: 18712 ns, Total: 95854 ns
[2020-02-27T07:56:55.566+0000][1][gc,start     ] GC(119) Pause Young (Allocation Failure)
[2020-02-27T07:56:55.566+0000][1][gc,task      ] GC(119) Using 1 workers of 1 for evacuation
[2020-02-27T07:56:55.586+0000][1][gc,age       ] GC(119) Desired survivor size 4358144 bytes, new threshold 6 (max threshold 6)
[2020-02-27T07:56:55.586+0000][1][gc,age       ] GC(119) Age table with threshold 6 (max threshold 6)
[2020-02-27T07:56:55.586+0000][1][gc,age       ] GC(119) - age   1:      10840 bytes,      10840 total
[2020-02-27T07:56:55.586+0000][1][gc,age       ] GC(119) - age   2:        120 bytes,      10960 total
[2020-02-27T07:56:55.586+0000][1][gc,age       ] GC(119) - age   3:        504 bytes,      11464 total
[2020-02-27T07:56:55.586+0000][1][gc,heap      ] GC(119) ParNew: 68173K->13K(76672K)
[2020-02-27T07:56:55.587+0000][1][gc,heap      ] GC(119) CMS: 62514K->62515K(963392K)
[2020-02-27T07:56:55.587+0000][1][gc,metaspace ] GC(119) Metaspace: 80227K->80227K(1122304K)
[2020-02-27T07:56:55.587+0000][1][gc           ] GC(119) Pause Young (Allocation Failure) 127M->61M(1015M) 20.166ms
[2020-02-27T07:56:55.587+0000][1][gc,cpu       ] GC(119) User=0.01s Sys=0.00s Real=0.02s
[2020-02-27T07:56:55.587+0000][1][safepoint    ] Safepoint "GenCollectForAllocation", Time since last: 2086057863 ns, Reaching safepoint: 133732 ns, At safepoint: 20262457 ns, Total: 20396189 ns
[2020-02-27T07:56:55.999+0000][1][safepoint    ] Safepoint "RevokeBias", Time since last: 412384879 ns, Reaching safepoint: 146853 ns, At safepoint: 18518 ns, Total: 165371 ns
[2020-02-27T07:56:58.512+0000][1][safepoint    ] Safepoint "RevokeBias", Time since last: 2512593004 ns, Reaching safepoint: 115930 ns, At safepoint: 27916 ns, Total: 143846 ns
[2020-02-27T07:57:01.023+0000][1][safepoint    ] Safepoint "RevokeBias", Time since last: 2511303053 ns, Reaching safepoint: 72907 ns, At safepoint: 17198 ns, Total: 90105 ns
[2020-02-27T07:57:03.532+0000][1][safepoint    ] Safepoint "RevokeBias", Time since last: 2508243455 ns, Reaching safepoint: 72759 ns, At safepoint: 17363 ns, Total: 90122 ns
[2020-02-27T07:57:06.043+0000][1][safepoint    ] Safepoint "RevokeBias", Time since last: 2511457841 ns, Reaching safepoint: 112165 ns, At safepoint: 31429 ns, Total: 143594 ns
[2020-02-27T07:57:08.554+0000][1][safepoint    ] Safepoint "RevokeBias", Time since last: 2510930132 ns, Reaching safepoint: 195191 ns, At safepoint: 20973 ns, Total: 216164 ns
[2020-02-27T07:57:11.085+0000][1][safepoint    ] Safepoint "RevokeBias", Time since last: 2530449892 ns, Reaching safepoint: 54380 ns, At safepoint: 16675 ns, Total: 71055 ns
[2020-02-27T07:57:13.594+0000][1][safepoint    ] Safepoint "RevokeBias", Time since last: 2508545830 ns, Reaching safepoint: 104988 ns, At safepoint: 23434 ns, Total: 128422 ns
[2020-02-27T07:57:16.111+0000][1][safepoint    ] Safepoint "RevokeBias", Time since last: 2517703735 ns, Reaching safepoint: 122553 ns, At safepoint: 30490 ns, Total: 153043 ns
[2020-02-27T07:57:18.620+0000][1][safepoint    ] Safepoint "RevokeBias", Time since last: 2508783581 ns, Reaching safepoint: 73648 ns, At safepoint: 18004 ns, Total: 91652 ns
[2020-02-27T07:57:21.124+0000][1][safepoint    ] Safepoint "RevokeBias", Time since last: 2504037597 ns, Reaching safepoint: 71740 ns, At safepoint: 18061 ns, Total: 89801 ns
[2020-02-27T07:57:23.626+0000][1][safepoint    ] Safepoint "RevokeBias", Time since last: 2501570570 ns, Reaching safepoint: 75920 ns, At safepoint: 17845 ns, Total: 93765 ns
[2020-02-27T07:57:26.132+0000][1][safepoint    ] Safepoint "RevokeBias", Time since last: 2506090512 ns, Reaching safepoint: 100169 ns, At safepoint: 21917 ns, Total: 122086 ns
[2020-02-27T07:57:28.639+0000][1][safepoint    ] Safepoint "RevokeBias", Time since last: 2506685265 ns, Reaching safepoint: 75129 ns, At safepoint: 17613 ns, Total: 92742 ns
[2020-02-27T07:57:31.144+0000][1][safepoint    ] Safepoint "RevokeBias", Time since last: 2504834303 ns, Reaching safepoint: 171112 ns, At safepoint: 61397 ns, Total: 232509 ns
[2020-02-27T07:57:33.650+0000][1][safepoint    ] Safepoint "RevokeBias", Time since last: 2505324680 ns, Reaching safepoint: 74123 ns, At safepoint: 18555 ns, Total: 92678 ns
[2020-02-27T07:57:36.155+0000][1][safepoint    ] Safepoint "RevokeBias", Time since last: 2505320913 ns, Reaching safepoint: 78455 ns, At safepoint: 20072 ns, Total: 98527 ns
[2020-02-27T07:57:38.664+0000][1][safepoint    ] Safepoint "RevokeBias", Time since last: 2508671471 ns, Reaching safepoint: 85228 ns, At safepoint: 20824 ns, Total: 106052 ns
[2020-02-27T07:57:41.172+0000][1][safepoint    ] Safepoint "RevokeBias", Time since last: 2508532221 ns, Reaching safepoint: 72751 ns, At safepoint: 83978 ns, Total: 156729 ns
[2020-02-27T07:57:43.678+0000][1][safepoint    ] Safepoint "RevokeBias", Time since last: 2505702263 ns, Reaching safepoint: 57462 ns, At safepoint: 16417 ns, Total: 73879 ns
[2020-02-27T07:57:46.186+0000][1][safepoint    ] Safepoint "BulkRevokeBias", Time since last: 2507191539 ns, Reaching safepoint: 127700 ns, At safepoint: 231428 ns, Total: 359128 ns
[2020-02-27T07:57:48.692+0000][1][safepoint    ] Safepoint "RevokeBias", Time since last: 2506610489 ns, Reaching safepoint: 80039 ns, At safepoint: 21364 ns, Total: 101403 ns
[2020-02-27T07:57:51.199+0000][1][safepoint    ] Safepoint "RevokeBias", Time since last: 2505483064 ns, Reaching safepoint: 1121579 ns, At safepoint: 23329 ns, Total: 1144908 ns
[2020-02-27T07:57:53.201+0000][1][safepoint    ] Safepoint "Cleanup", Time since last: 2001327608 ns, Reaching safepoint: 82036 ns, At safepoint: 6335 ns, Total: 88371 ns
[2020-02-27T07:57:53.699+0000][1][safepoint    ] Safepoint "RevokeBias", Time since last: 498776838 ns, Reaching safepoint: 75878 ns, At safepoint: 18093 ns, Total: 93971 ns
[2020-02-27T07:57:56.205+0000][1][safepoint    ] Safepoint "RevokeBias", Time since last: 2505693219 ns, Reaching safepoint: 71741 ns, At safepoint: 18306 ns, Total: 90047 ns
[2020-02-27T07:57:58.727+0000][1][safepoint    ] Safepoint "RevokeBias", Time since last: 2521846407 ns, Reaching safepoint: 135189 ns, At safepoint: 59070 ns, Total: 194259 ns
[2020-02-27T07:58:01.236+0000][1][safepoint    ] Safepoint "RevokeBias", Time since last: 2508429706 ns, Reaching safepoint: 113831 ns, At safepoint: 27767 ns, Total: 141598 ns
[2020-02-27T07:58:03.753+0000][1][safepoint    ] Safepoint "RevokeBias", Time since last: 2517357479 ns, Reaching safepoint: 72989 ns, At safepoint: 18234 ns, Total: 91223 ns
[2020-02-27T07:58:06.265+0000][1][safepoint    ] Safepoint "RevokeBias", Time since last: 2511830697 ns, Reaching safepoint: 131003 ns, At safepoint: 20606 ns, Total: 151609 ns
[2020-02-27T07:58:08.778+0000][1][safepoint    ] Safepoint "RevokeBias", Time since last: 2512426898 ns, Reaching safepoint: 72069 ns, At safepoint: 18190 ns, Total: 90259 ns
[2020-02-27T07:58:11.285+0000][1][safepoint    ] Safepoint "RevokeBias", Time since last: 2507647999 ns, Reaching safepoint: 73346 ns, At safepoint: 18165 ns, Total: 91511 ns
[2020-02-27T07:58:13.801+0000][1][safepoint    ] Safepoint "RevokeBias", Time since last: 2515255479 ns, Reaching safepoint: 92226 ns, At safepoint: 17687 ns, Total: 109913 ns
[2020-02-27T07:58:16.311+0000][1][safepoint    ] Safepoint "RevokeBias", Time since last: 2509879238 ns, Reaching safepoint: 90504 ns, At safepoint: 20783 ns, Total: 111287 ns
[2020-02-27T07:58:18.826+0000][1][safepoint    ] Safepoint "RevokeBias", Time since last: 2515085538 ns, Reaching safepoint: 86365 ns, At safepoint: 17982 ns, Total: 104347 ns
[2020-02-27T07:58:21.334+0000][1][safepoint    ] Safepoint "RevokeBias", Time since last: 2507876051 ns, Reaching safepoint: 77590 ns, At safepoint: 20307 ns, Total: 97897 ns
[2020-02-27T07:58:23.844+0000][1][safepoint    ] Safepoint "RevokeBias", Time since last: 2509911742 ns, Reaching safepoint: 72294 ns, At safepoint: 17605 ns, Total: 89899 ns
[2020-02-27T07:58:26.354+0000][1][safepoint    ] Safepoint "RevokeBias", Time since last: 2510104596 ns, Reaching safepoint: 82444 ns, At safepoint: 20154 ns, Total: 102598 ns
[2020-02-27T07:58:28.859+0000][1][safepoint    ] Safepoint "RevokeBias", Time since last: 2505012678 ns, Reaching safepoint: 83507 ns, At safepoint: 20200 ns, Total: 103707 ns
[2020-02-27T07:58:31.363+0000][1][safepoint    ] Safepoint "RevokeBias", Time since last: 2503360762 ns, Reaching safepoint: 189323 ns, At safepoint: 62690 ns, Total: 252013 ns
[2020-02-27T07:58:33.869+0000][1][safepoint    ] Safepoint "RevokeBias", Time since last: 2505694772 ns, Reaching safepoint: 74893 ns, At safepoint: 17871 ns, Total: 92764 ns
[2020-02-27T07:58:36.372+0000][1][safepoint    ] Safepoint "RevokeBias", Time since last: 2503543818 ns, Reaching safepoint: 134211 ns, At safepoint: 23240 ns, Total: 157451 ns
[2020-02-27T07:58:38.876+0000][1][safepoint    ] Safepoint "RevokeBias", Time since last: 2503156709 ns, Reaching safepoint: 108362 ns, At safepoint: 19796 ns, Total: 128158 ns
[2020-02-27T07:58:41.378+0000][1][safepoint    ] Safepoint "RevokeBias", Time since last: 2502393003 ns, Reaching safepoint: 73850 ns, At safepoint: 17593 ns, Total: 91443 ns
[2020-02-27T07:58:43.883+0000][1][safepoint    ] Safepoint "RevokeBias", Time since last: 2504857057 ns, Reaching safepoint: 105108 ns, At safepoint: 25589 ns, Total: 130697 ns
[2020-02-27T07:58:46.389+0000][1][safepoint    ] Safepoint "RevokeBias", Time since last: 2505891515 ns, Reaching safepoint: 84635 ns, At safepoint: 20694 ns, Total: 105329 ns
[2020-02-27T07:58:48.893+0000][1][safepoint    ] Safepoint "RevokeBias", Time since last: 2504074999 ns, Reaching safepoint: 74894 ns, At safepoint: 17926 ns, Total: 92820 ns
[2020-02-27T07:58:51.396+0000][1][safepoint    ] Safepoint "RevokeBias", Time since last: 2502321013 ns, Reaching safepoint: 73817 ns, At safepoint: 17224 ns, Total: 91041 ns
[2020-02-27T07:58:53.899+0000][1][safepoint    ] Safepoint "RevokeBias", Time since last: 2502917953 ns, Reaching safepoint: 155354 ns, At safepoint: 20493 ns, Total: 175847 ns
[2020-02-27T07:58:56.405+0000][1][safepoint    ] Safepoint "RevokeBias", Time since last: 2505883863 ns, Reaching safepoint: 84022 ns, At safepoint: 20734 ns, Total: 104756 ns
[2020-02-27T07:58:58.910+0000][1][safepoint    ] Safepoint "BulkRevokeBias", Time since last: 2504464160 ns, Reaching safepoint: 83478 ns, At safepoint: 253172 ns, Total: 336650 ns
[2020-02-27T07:59:01.413+0000][1][safepoint    ] Safepoint "RevokeBias", Time since last: 2502894936 ns, Reaching safepoint: 72461 ns, At safepoint: 17240 ns, Total: 89701 ns
[2020-02-27T07:59:03.916+0000][1][safepoint    ] Safepoint "RevokeBias", Time since last: 2503342446 ns, Reaching safepoint: 74163 ns, At safepoint: 18133 ns, Total: 92296 ns
[2020-02-27T07:59:06.421+0000][1][safepoint    ] Safepoint "RevokeBias", Time since last: 2504996470 ns, Reaching safepoint: 130522 ns, At safepoint: 19355 ns, Total: 149877 ns
[2020-02-27T07:59:08.928+0000][1][safepoint    ] Safepoint "RevokeBias", Time since last: 2506337632 ns, Reaching safepoint: 72956 ns, At safepoint: 17223 ns, Total: 90179 ns
[2020-02-27T07:59:11.431+0000][1][safepoint    ] Safepoint "RevokeBias", Time since last: 2502919005 ns, Reaching safepoint: 70522 ns, At safepoint: 18066 ns, Total: 88588 ns
[2020-02-27T07:59:13.934+0000][1][safepoint    ] Safepoint "RevokeBias", Time since last: 2503264976 ns, Reaching safepoint: 93320 ns, At safepoint: 20211 ns, Total: 113531 ns
[2020-02-27T07:59:15.689+0000][1][gc,start     ] GC(120) Pause Young (Allocation Failure)
[2020-02-27T07:59:15.689+0000][1][gc,task      ] GC(120) Using 1 workers of 1 for evacuation
[2020-02-27T07:59:15.710+0000][1][gc,age       ] GC(120) Desired survivor size 4358144 bytes, new threshold 6 (max threshold 6)
[2020-02-27T07:59:15.710+0000][1][gc,age       ] GC(120) Age table with threshold 6 (max threshold 6)
[2020-02-27T07:59:15.710+0000][1][gc,age       ] GC(120) - age   1:      13416 bytes,      13416 total
[2020-02-27T07:59:15.710+0000][1][gc,age       ] GC(120) - age   3:        120 bytes,      13536 total
[2020-02-27T07:59:15.710+0000][1][gc,age       ] GC(120) - age   4:        384 bytes,      13920 total
[2020-02-27T07:59:15.710+0000][1][gc,heap      ] GC(120) ParNew: 68173K->23K(76672K)
[2020-02-27T07:59:15.710+0000][1][gc,heap      ] GC(120) CMS: 62515K->62515K(963392K)
[2020-02-27T07:59:15.710+0000][1][gc,metaspace ] GC(120) Metaspace: 80228K->80228K(1122304K)
[2020-02-27T07:59:15.710+0000][1][gc           ] GC(120) Pause Young (Allocation Failure) 127M->61M(1015M) 21.405ms
[2020-02-27T07:59:15.710+0000][1][gc,cpu       ] GC(120) User=0.01s Sys=0.00s Real=0.02s
[2020-02-27T07:59:15.710+0000][1][safepoint    ] Safepoint "GenCollectForAllocation", Time since last: 1754847249 ns, Reaching safepoint: 76740 ns, At safepoint: 21462675 ns, Total: 21539415 ns
[2020-02-27T07:59:16.475+0000][1][safepoint    ] Safepoint "RevokeBias", Time since last: 754568167 ns, Reaching safepoint: 10388020 ns, At safepoint: 41240 ns, Total: 10429260 ns
[2020-02-27T07:59:17.485+0000][1][safepoint    ] Safepoint "Cleanup", Time since last: 1009074857 ns, Reaching safepoint: 86081 ns, At safepoint: 6929 ns, Total: 93010 ns
[2020-02-27T07:59:18.962+0000][1][safepoint    ] Safepoint "RevokeBias", Time since last: 1476848425 ns, Reaching safepoint: 73366 ns, At safepoint: 18334 ns, Total: 91700 ns
[2020-02-27T07:59:21.471+0000][1][safepoint    ] Safepoint "RevokeBias", Time since last: 2509848237 ns, Reaching safepoint: 72219 ns, At safepoint: 17206 ns, Total: 89425 ns
[2020-02-27T07:59:23.980+0000][1][safepoint    ] Safepoint "RevokeBias", Time since last: 2508543006 ns, Reaching safepoint: 92406 ns, At safepoint: 21905 ns, Total: 114311 ns
[2020-02-27T07:59:26.505+0000][1][safepoint    ] Safepoint "RevokeBias", Time since last: 2525161179 ns, Reaching safepoint: 73618 ns, At safepoint: 17852 ns, Total: 91470 ns
[2020-02-27T07:59:29.017+0000][1][safepoint    ] Safepoint "RevokeBias", Time since last: 2511391342 ns, Reaching safepoint: 194544 ns, At safepoint: 21930 ns, Total: 216474 ns
[2020-02-27T07:59:31.526+0000][1][safepoint    ] Safepoint "RevokeBias", Time since last: 2509380088 ns, Reaching safepoint: 92638 ns, At safepoint: 19003 ns, Total: 111641 ns
[2020-02-27T07:59:34.037+0000][1][safepoint    ] Safepoint "RevokeBias", Time since last: 2510602789 ns, Reaching safepoint: 75061 ns, At safepoint: 18324 ns, Total: 93385 ns
[2020-02-27T07:59:36.550+0000][1][safepoint    ] Safepoint "RevokeBias", Time since last: 2512563967 ns, Reaching safepoint: 284293 ns, At safepoint: 57761 ns, Total: 342054 ns
[2020-02-27T07:59:39.060+0000][1][safepoint    ] Safepoint "RevokeBias", Time since last: 2510006846 ns, Reaching safepoint: 91220 ns, At safepoint: 21033 ns, Total: 112253 ns
[2020-02-27T07:59:41.562+0000][1][safepoint    ] Safepoint "RevokeBias", Time since last: 2501965074 ns, Reaching safepoint: 75548 ns, At safepoint: 18400 ns, Total: 93948 ns
[2020-02-27T07:59:44.069+0000][1][safepoint    ] Safepoint "RevokeBias", Time since last: 2506494302 ns, Reaching safepoint: 113239 ns, At safepoint: 29370 ns, Total: 142609 ns
[2020-02-27T07:59:46.576+0000][1][safepoint    ] Safepoint "RevokeBias", Time since last: 2507103984 ns, Reaching safepoint: 73690 ns, At safepoint: 18811 ns, Total: 92501 ns
[2020-02-27T07:59:49.082+0000][1][safepoint    ] Safepoint "RevokeBias", Time since last: 2505593638 ns, Reaching safepoint: 105463 ns, At safepoint: 24091 ns, Total: 129554 ns
[2020-02-27T07:59:51.585+0000][1][safepoint    ] Safepoint "RevokeBias", Time since last: 2502787676 ns, Reaching safepoint: 71463 ns, At safepoint: 18154 ns, Total: 89617 ns
[2020-02-27T07:59:54.088+0000][1][safepoint    ] Safepoint "RevokeBias", Time since last: 2503286979 ns, Reaching safepoint: 71769 ns, At safepoint: 18520 ns, Total: 90289 ns
[2020-02-27T07:59:56.594+0000][1][safepoint    ] Safepoint "RevokeBias", Time since last: 2505289812 ns, Reaching safepoint: 145464 ns, At safepoint: 22651 ns, Total: 168115 ns
[2020-02-27T07:59:59.100+0000][1][safepoint    ] Safepoint "RevokeBias", Time since last: 2505904490 ns, Reaching safepoint: 117207 ns, At safepoint: 20893 ns, Total: 138100 ns
[2020-02-27T08:00:01.603+0000][1][safepoint    ] Safepoint "RevokeBias", Time since last: 2502955798 ns, Reaching safepoint: 72405 ns, At safepoint: 17921 ns, Total: 90326 ns
[2020-02-27T08:00:04.106+0000][1][safepoint    ] Safepoint "RevokeBias", Time since last: 2503389874 ns, Reaching safepoint: 71245 ns, At safepoint: 68971 ns, Total: 140216 ns
[2020-02-27T08:00:06.611+0000][1][safepoint    ] Safepoint "RevokeBias", Time since last: 2504396661 ns, Reaching safepoint: 86099 ns, At safepoint: 16952 ns, Total: 103051 ns
[2020-02-27T08:00:09.115+0000][1][safepoint    ] Safepoint "RevokeBias", Time since last: 2504606885 ns, Reaching safepoint: 72149 ns, At safepoint: 17388 ns, Total: 89537 ns
[2020-02-27T08:00:11.621+0000][1][safepoint    ] Safepoint "BulkRevokeBias", Time since last: 2504897186 ns, Reaching safepoint: 85607 ns, At safepoint: 288046 ns, Total: 373653 ns
[2020-02-27T08:00:14.352+0000][1][safepoint    ] Safepoint "RevokeBias", Time since last: 2730797894 ns, Reaching safepoint: 125606 ns, At safepoint: 27489 ns, Total: 153095 ns
[2020-02-27T08:00:16.859+0000][1][safepoint    ] Safepoint "RevokeBias", Time since last: 2507081505 ns, Reaching safepoint: 74655 ns, At safepoint: 17947 ns, Total: 92602 ns
[2020-02-27T08:00:19.364+0000][1][safepoint    ] Safepoint "RevokeBias", Time since last: 2504934733 ns, Reaching safepoint: 89645 ns, At safepoint: 20912 ns, Total: 110557 ns
[2020-02-27T08:00:21.867+0000][1][safepoint    ] Safepoint "RevokeBias", Time since last: 2502944166 ns, Reaching safepoint: 73267 ns, At safepoint: 17357 ns, Total: 90624 ns
[2020-02-27T08:00:24.370+0000][1][safepoint    ] Safepoint "RevokeBias", Time since last: 2503124805 ns, Reaching safepoint: 73998 ns, At safepoint: 17644 ns, Total: 91642 ns
[2020-02-27T08:00:26.876+0000][1][safepoint    ] Safepoint "RevokeBias", Time since last: 2506020683 ns, Reaching safepoint: 117457 ns, At safepoint: 19114 ns, Total: 136571 ns
[2020-02-27T08:00:29.382+0000][1][safepoint    ] Safepoint "RevokeBias", Time since last: 2505909595 ns, Reaching safepoint: 246853 ns, At safepoint: 46185 ns, Total: 293038 ns
[2020-02-27T08:00:31.886+0000][1][safepoint    ] Safepoint "RevokeBias", Time since last: 2503312235 ns, Reaching safepoint: 70538 ns, At safepoint: 17583 ns, Total: 88121 ns
[2020-02-27T08:00:34.389+0000][1][safepoint    ] Safepoint "RevokeBias", Time since last: 2503314373 ns, Reaching safepoint: 72658 ns, At safepoint: 17024 ns, Total: 89682 ns
[2020-02-27T08:00:36.896+0000][1][safepoint    ] Safepoint "RevokeBias", Time since last: 2506496529 ns, Reaching safepoint: 105045 ns, At safepoint: 19762 ns, Total: 124807 ns
[2020-02-27T08:00:39.411+0000][1][safepoint    ] Safepoint "RevokeBias", Time since last: 2514681164 ns, Reaching safepoint: 114999 ns, At safepoint: 20922 ns, Total: 135921 ns
[2020-02-27T08:00:41.921+0000][1][safepoint    ] Safepoint "RevokeBias", Time since last: 2510268789 ns, Reaching safepoint: 74855 ns, At safepoint: 18436 ns, Total: 93291 ns
[2020-02-27T08:00:44.436+0000][1][safepoint    ] Safepoint "RevokeBias", Time since last: 2514621595 ns, Reaching safepoint: 217676 ns, At safepoint: 22351 ns, Total: 240027 ns
[2020-02-27T08:00:46.951+0000][1][safepoint    ] Safepoint "RevokeBias", Time since last: 2514656078 ns, Reaching safepoint: 73923 ns, At safepoint: 17551 ns, Total: 91474 ns
[2020-02-27T08:00:49.464+0000][1][safepoint    ] Safepoint "RevokeBias", Time since last: 2513080460 ns, Reaching safepoint: 88610 ns, At safepoint: 19978 ns, Total: 108588 ns
[2020-02-27T08:00:51.971+0000][1][safepoint    ] Safepoint "RevokeBias", Time since last: 2506931747 ns, Reaching safepoint: 74028 ns, At safepoint: 17503 ns, Total: 91531 ns
[2020-02-27T08:00:54.479+0000][1][safepoint    ] Safepoint "RevokeBias", Time since last: 2507836010 ns, Reaching safepoint: 77937 ns, At safepoint: 20367 ns, Total: 98304 ns
[2020-02-27T08:00:56.988+0000][1][safepoint    ] Safepoint "RevokeBias", Time since last: 2509010613 ns, Reaching safepoint: 84466 ns, At safepoint: 20760 ns, Total: 105226 ns
[2020-02-27T08:00:59.499+0000][1][safepoint    ] Safepoint "RevokeBias", Time since last: 2511288276 ns, Reaching safepoint: 94055 ns, At safepoint: 22259 ns, Total: 116314 ns
[2020-02-27T08:01:02.011+0000][1][safepoint    ] Safepoint "RevokeBias", Time since last: 2511306996 ns, Reaching safepoint: 72419 ns, At safepoint: 17366 ns, Total: 89785 ns
[2020-02-27T08:01:04.521+0000][1][safepoint    ] Safepoint "RevokeBias", Time since last: 2510057942 ns, Reaching safepoint: 99668 ns, At safepoint: 20214 ns, Total: 119882 ns
[2020-02-27T08:01:07.038+0000][1][safepoint    ] Safepoint "RevokeBias", Time since last: 2516770256 ns, Reaching safepoint: 72872 ns, At safepoint: 17205 ns, Total: 90077 ns
[2020-02-27T08:01:09.553+0000][1][safepoint    ] Safepoint "RevokeBias", Time since last: 2515337414 ns, Reaching safepoint: 210844 ns, At safepoint: 55186 ns, Total: 266030 ns
[2020-02-27T08:01:12.066+0000][1][safepoint    ] Safepoint "RevokeBias", Time since last: 2512135029 ns, Reaching safepoint: 74351 ns, At safepoint: 18220 ns, Total: 92571 ns
[2020-02-27T08:01:14.570+0000][1][safepoint    ] Safepoint "RevokeBias", Time since last: 2504345517 ns, Reaching safepoint: 74057 ns, At safepoint: 80824 ns, Total: 154881 ns
[2020-02-27T08:01:17.074+0000][1][safepoint    ] Safepoint "RevokeBias", Time since last: 2503744857 ns, Reaching safepoint: 70794 ns, At safepoint: 20693 ns, Total: 91487 ns
[2020-02-27T08:01:19.579+0000][1][safepoint    ] Safepoint "RevokeBias", Time since last: 2505397850 ns, Reaching safepoint: 80751 ns, At safepoint: 19928 ns, Total: 100679 ns
[2020-02-27T08:01:22.083+0000][1][safepoint    ] Safepoint "RevokeBias", Time since last: 2503468903 ns, Reaching safepoint: 74704 ns, At safepoint: 17433 ns, Total: 92137 ns
[2020-02-27T08:01:24.587+0000][1][safepoint    ] Safepoint "BulkRevokeBias", Time since last: 2503606339 ns, Reaching safepoint: 76564 ns, At safepoint: 267231 ns, Total: 343795 ns
[2020-02-27T08:01:27.093+0000][1][safepoint    ] Safepoint "RevokeBias", Time since last: 2505594851 ns, Reaching safepoint: 148055 ns, At safepoint: 20995 ns, Total: 169050 ns
[2020-02-27T08:01:29.598+0000][1][safepoint    ] Safepoint "RevokeBias", Time since last: 2505401488 ns, Reaching safepoint: 145527 ns, At safepoint: 35420 ns, Total: 180947 ns
[2020-02-27T08:01:30.958+0000][1][gc,start     ] GC(121) Pause Young (Allocation Failure)
[2020-02-27T08:01:30.958+0000][1][gc,task      ] GC(121) Using 1 workers of 1 for evacuation
[2020-02-27T08:01:30.976+0000][1][gc,age       ] GC(121) Desired survivor size 4358144 bytes, new threshold 6 (max threshold 6)
[2020-02-27T08:01:30.976+0000][1][gc,age       ] GC(121) Age table with threshold 6 (max threshold 6)
[2020-02-27T08:01:30.976+0000][1][gc,age       ] GC(121) - age   1:      11080 bytes,      11080 total
[2020-02-27T08:01:30.976+0000][1][gc,age       ] GC(121) - age   2:       1752 bytes,      12832 total
[2020-02-27T08:01:30.976+0000][1][gc,age       ] GC(121) - age   4:        120 bytes,      12952 total
[2020-02-27T08:01:30.976+0000][1][gc,age       ] GC(121) - age   5:        152 bytes,      13104 total
[2020-02-27T08:01:30.977+0000][1][gc,heap      ] GC(121) ParNew: 68183K->16K(76672K)
[2020-02-27T08:01:30.977+0000][1][gc,heap      ] GC(121) CMS: 62515K->62515K(963392K)
[2020-02-27T08:01:30.977+0000][1][gc,metaspace ] GC(121) Metaspace: 80229K->80229K(1122304K)
[2020-02-27T08:01:30.977+0000][1][gc           ] GC(121) Pause Young (Allocation Failure) 127M->61M(1015M) 18.755ms
[2020-02-27T08:01:30.977+0000][1][gc,cpu       ] GC(121) User=0.02s Sys=0.00s Real=0.02s
[2020-02-27T08:01:30.977+0000][1][safepoint    ] Safepoint "GenCollectForAllocation", Time since last: 1359538316 ns, Reaching safepoint: 118239 ns, At safepoint: 18828408 ns, Total: 18946647 ns
[2020-02-27T08:01:32.102+0000][1][safepoint    ] Safepoint "RevokeBias", Time since last: 1125617356 ns, Reaching safepoint: 90329 ns, At safepoint: 18681 ns, Total: 109010 ns
[2020-02-27T08:01:34.608+0000][1][safepoint    ] Safepoint "RevokeBias", Time since last: 2505468111 ns, Reaching safepoint: 77875 ns, At safepoint: 18292 ns, Total: 96167 ns
[2020-02-27T08:01:37.111+0000][1][safepoint    ] Safepoint "RevokeBias", Time since last: 2503142403 ns, Reaching safepoint: 70900 ns, At safepoint: 16458 ns, Total: 87358 ns
[2020-02-27T08:01:39.617+0000][1][safepoint    ] Safepoint "RevokeBias", Time since last: 2505950482 ns, Reaching safepoint: 76613 ns, At safepoint: 18845 ns, Total: 95458 ns
[2020-02-27T08:01:42.123+0000][1][safepoint    ] Safepoint "RevokeBias", Time since last: 2506070416 ns, Reaching safepoint: 74595 ns, At safepoint: 17244 ns, Total: 91839 ns
[2020-02-27T08:01:44.632+0000][1][safepoint    ] Safepoint "RevokeBias", Time since last: 2508262263 ns, Reaching safepoint: 370797 ns, At safepoint: 37832 ns, Total: 408629 ns
[2020-02-27T08:01:47.140+0000][1][safepoint    ] Safepoint "RevokeBias", Time since last: 2507467121 ns, Reaching safepoint: 118307 ns, At safepoint: 20460 ns, Total: 138767 ns
[2020-02-27T08:01:49.644+0000][1][safepoint    ] Safepoint "RevokeBias", Time since last: 2504328876 ns, Reaching safepoint: 77705 ns, At safepoint: 18565 ns, Total: 96270 ns
[2020-02-27T08:01:52.156+0000][1][safepoint    ] Safepoint "RevokeBias", Time since last: 2512133513 ns, Reaching safepoint: 163365 ns, At safepoint: 19514 ns, Total: 182879 ns
[2020-02-27T08:01:54.664+0000][1][safepoint    ] Safepoint "RevokeBias", Time since last: 2507289634 ns, Reaching safepoint: 74062 ns, At safepoint: 18356 ns, Total: 92418 ns
[2020-02-27T08:01:57.179+0000][1][safepoint    ] Safepoint "RevokeBias", Time since last: 2514786987 ns, Reaching safepoint: 74069 ns, At safepoint: 18566 ns, Total: 92635 ns
[2020-02-27T08:01:59.689+0000][1][safepoint    ] Safepoint "RevokeBias", Time since last: 2510612999 ns, Reaching safepoint: 117614 ns, At safepoint: 25250 ns, Total: 142864 ns
[2020-02-27T08:02:02.199+0000][1][safepoint    ] Safepoint "RevokeBias", Time since last: 2509713922 ns, Reaching safepoint: 102364 ns, At safepoint: 26405 ns, Total: 128769 ns
[2020-02-27T08:02:04.713+0000][1][safepoint    ] Safepoint "RevokeBias", Time since last: 2513593155 ns, Reaching safepoint: 73382 ns, At safepoint: 17945 ns, Total: 91327 ns
[2020-02-27T08:02:07.228+0000][1][safepoint    ] Safepoint "RevokeBias", Time since last: 2514506500 ns, Reaching safepoint: 74765 ns, At safepoint: 17835 ns, Total: 92600 ns
[2020-02-27T08:02:09.740+0000][1][safepoint    ] Safepoint "RevokeBias", Time since last: 2512025339 ns, Reaching safepoint: 56538 ns, At safepoint: 16049 ns, Total: 72587 ns
[2020-02-27T08:02:12.247+0000][1][safepoint    ] Safepoint "RevokeBias", Time since last: 2506907761 ns, Reaching safepoint: 89389 ns, At safepoint: 18738 ns, Total: 108127 ns
[2020-02-27T08:02:14.758+0000][1][safepoint    ] Safepoint "RevokeBias", Time since last: 2510816869 ns, Reaching safepoint: 209329 ns, At safepoint: 54931 ns, Total: 264260 ns
[2020-02-27T08:02:17.263+0000][1][safepoint    ] Safepoint "RevokeBias", Time since last: 2505267862 ns, Reaching safepoint: 90096 ns, At safepoint: 17336 ns, Total: 107432 ns
[2020-02-27T08:02:19.770+0000][1][safepoint    ] Safepoint "RevokeBias", Time since last: 2506846764 ns, Reaching safepoint: 147122 ns, At safepoint: 50272 ns, Total: 197394 ns
[2020-02-27T08:02:22.274+0000][1][safepoint    ] Safepoint "RevokeBias", Time since last: 2503919422 ns, Reaching safepoint: 74662 ns, At safepoint: 17770 ns, Total: 92432 ns
[2020-02-27T08:02:24.777+0000][1][safepoint    ] Safepoint "RevokeBias", Time since last: 2502793209 ns, Reaching safepoint: 186915 ns, At safepoint: 20078 ns, Total: 206993 ns
[2020-02-27T08:02:27.283+0000][1][safepoint    ] Safepoint "RevokeBias", Time since last: 2505695034 ns, Reaching safepoint: 120977 ns, At safepoint: 40015 ns, Total: 160992 ns
[2020-02-27T08:02:29.789+0000][1][safepoint    ] Safepoint "RevokeBias", Time since last: 2505877456 ns, Reaching safepoint: 93208 ns, At safepoint: 21022 ns, Total: 114230 ns
[2020-02-27T08:02:32.293+0000][1][safepoint    ] Safepoint "RevokeBias", Time since last: 2503828554 ns, Reaching safepoint: 92010 ns, At safepoint: 18444 ns, Total: 110454 ns
[2020-02-27T08:02:34.800+0000][1][safepoint    ] Safepoint "RevokeBias", Time since last: 2506940788 ns, Reaching safepoint: 95293 ns, At safepoint: 23185 ns, Total: 118478 ns
[2020-02-27T08:02:37.308+0000][1][safepoint    ] Safepoint "BulkRevokeBias", Time since last: 2507194294 ns, Reaching safepoint: 98920 ns, At safepoint: 428552 ns, Total: 527472 ns
[2020-02-27T08:02:39.814+0000][1][safepoint    ] Safepoint "RevokeBias", Time since last: 2506414376 ns, Reaching safepoint: 72844 ns, At safepoint: 18298 ns, Total: 91142 ns
[2020-02-27T08:02:42.318+0000][1][safepoint    ] Safepoint "RevokeBias", Time since last: 2503219754 ns, Reaching safepoint: 75216 ns, At safepoint: 17788 ns, Total: 93004 ns
[2020-02-27T08:02:44.822+0000][1][safepoint    ] Safepoint "RevokeBias", Time since last: 2504508650 ns, Reaching safepoint: 75715 ns, At safepoint: 18083 ns, Total: 93798 ns
[2020-02-27T08:02:47.335+0000][1][safepoint    ] Safepoint "RevokeBias", Time since last: 2511839658 ns, Reaching safepoint: 1159665 ns, At safepoint: 24394 ns, Total: 1184059 ns
[2020-02-27T08:02:49.841+0000][1][safepoint    ] Safepoint "RevokeBias", Time since last: 2505464983 ns, Reaching safepoint: 72539 ns, At safepoint: 17096 ns, Total: 89635 ns
[2020-02-27T08:02:52.344+0000][1][safepoint    ] Safepoint "RevokeBias", Time since last: 2502878093 ns, Reaching safepoint: 73399 ns, At safepoint: 16960 ns, Total: 90359 ns
[2020-02-27T08:02:54.847+0000][1][safepoint    ] Safepoint "RevokeBias", Time since last: 2502625345 ns, Reaching safepoint: 124969 ns, At safepoint: 26951 ns, Total: 151920 ns
[2020-02-27T08:02:57.353+0000][1][safepoint    ] Safepoint "RevokeBias", Time since last: 2506203316 ns, Reaching safepoint: 62595 ns, At safepoint: 17524 ns, Total: 80119 ns
[2020-02-27T08:02:59.859+0000][1][safepoint    ] Safepoint "RevokeBias", Time since last: 2506276551 ns, Reaching safepoint: 92175 ns, At safepoint: 20644 ns, Total: 112819 ns
[2020-02-27T08:03:02.363+0000][1][safepoint    ] Safepoint "RevokeBias", Time since last: 2503577171 ns, Reaching safepoint: 243937 ns, At safepoint: 50433 ns, Total: 294370 ns
[2020-02-27T08:03:04.877+0000][1][safepoint    ] Safepoint "RevokeBias", Time since last: 2514197672 ns, Reaching safepoint: 94047 ns, At safepoint: 18262 ns, Total: 112309 ns
[2020-02-27T08:03:07.389+0000][1][safepoint    ] Safepoint "RevokeBias", Time since last: 2511872515 ns, Reaching safepoint: 72255 ns, At safepoint: 58117 ns, Total: 130372 ns
[2020-02-27T08:03:09.939+0000][1][safepoint    ] Safepoint "RevokeBias", Time since last: 2549921253 ns, Reaching safepoint: 106099 ns, At safepoint: 33540 ns, Total: 139639 ns
[2020-02-27T08:03:12.448+0000][1][safepoint    ] Safepoint "RevokeBias", Time since last: 2508432992 ns, Reaching safepoint: 74565 ns, At safepoint: 17511 ns, Total: 92076 ns
[2020-02-27T08:03:14.962+0000][1][safepoint    ] Safepoint "RevokeBias", Time since last: 2513775013 ns, Reaching safepoint: 278503 ns, At safepoint: 69047 ns, Total: 347550 ns
[2020-02-27T08:03:17.475+0000][1][safepoint    ] Safepoint "RevokeBias", Time since last: 2512624049 ns, Reaching safepoint: 76528 ns, At safepoint: 53530 ns, Total: 130058 ns
[2020-02-27T08:03:20.000+0000][1][safepoint    ] Safepoint "RevokeBias", Time since last: 2524164272 ns, Reaching safepoint: 1343138 ns, At safepoint: 27957 ns, Total: 1371095 ns
[2020-02-27T08:03:22.501+0000][1][safepoint    ] Safepoint "RevokeBias", Time since last: 2500033908 ns, Reaching safepoint: 155000 ns, At safepoint: 33361 ns, Total: 188361 ns
[2020-02-27T08:03:25.012+0000][1][safepoint    ] Safepoint "RevokeBias", Time since last: 2511373864 ns, Reaching safepoint: 134435 ns, At safepoint: 24529 ns, Total: 158964 ns
[2020-02-27T08:03:27.519+0000][1][safepoint    ] Safepoint "RevokeBias", Time since last: 2506848369 ns, Reaching safepoint: 112777 ns, At safepoint: 21008 ns, Total: 133785 ns
[2020-02-27T08:03:30.025+0000][1][safepoint    ] Safepoint "RevokeBias", Time since last: 2505465341 ns, Reaching safepoint: 79513 ns, At safepoint: 18803 ns, Total: 98316 ns
[2020-02-27T08:03:32.528+0000][1][safepoint    ] Safepoint "RevokeBias", Time since last: 2503226889 ns, Reaching safepoint: 87462 ns, At safepoint: 21269 ns, Total: 108731 ns
[2020-02-27T08:03:35.031+0000][1][safepoint    ] Safepoint "RevokeBias", Time since last: 2502665661 ns, Reaching safepoint: 74454 ns, At safepoint: 18653 ns, Total: 93107 ns
[2020-02-27T08:03:37.536+0000][1][safepoint    ] Safepoint "RevokeBias", Time since last: 2505141658 ns, Reaching safepoint: 71628 ns, At safepoint: 16913 ns, Total: 88541 ns
[2020-02-27T08:03:40.042+0000][1][safepoint    ] Safepoint "RevokeBias", Time since last: 2506308255 ns, Reaching safepoint: 89397 ns, At safepoint: 20173 ns, Total: 109570 ns
[2020-02-27T08:03:42.546+0000][1][safepoint    ] Safepoint "RevokeBias", Time since last: 2503232383 ns, Reaching safepoint: 75850 ns, At safepoint: 17191 ns, Total: 93041 ns
[2020-02-27T08:03:43.547+0000][1][safepoint    ] Safepoint "Cleanup", Time since last: 1000844335 ns, Reaching safepoint: 84046 ns, At safepoint: 7640 ns, Total: 91686 ns
[2020-02-27T08:03:45.055+0000][1][safepoint    ] Safepoint "RevokeBias", Time since last: 1508105396 ns, Reaching safepoint: 90308 ns, At safepoint: 21674 ns, Total: 111982 ns
[2020-02-27T08:03:47.563+0000][1][safepoint    ] Safepoint "RevokeBias", Time since last: 2508072583 ns, Reaching safepoint: 56523 ns, At safepoint: 16312 ns, Total: 72835 ns
[2020-02-27T08:03:50.069+0000][1][gc,start     ] GC(122) Pause Young (Allocation Failure)
[2020-02-27T08:03:50.069+0000][1][gc,task      ] GC(122) Using 1 workers of 1 for evacuation
[2020-02-27T08:03:50.079+0000][1][gc,age       ] GC(122) Desired survivor size 4358144 bytes, new threshold 6 (max threshold 6)
[2020-02-27T08:03:50.079+0000][1][gc,age       ] GC(122) Age table with threshold 6 (max threshold 6)
[2020-02-27T08:03:50.079+0000][1][gc,age       ] GC(122) - age   1:      24760 bytes,      24760 total
[2020-02-27T08:03:50.079+0000][1][gc,age       ] GC(122) - age   2:        432 bytes,      25192 total
[2020-02-27T08:03:50.079+0000][1][gc,age       ] GC(122) - age   3:       1752 bytes,      26944 total
[2020-02-27T08:03:50.079+0000][1][gc,age       ] GC(122) - age   5:        120 bytes,      27064 total
[2020-02-27T08:03:50.079+0000][1][gc,age       ] GC(122) - age   6:         32 bytes,      27096 total
[2020-02-27T08:03:50.079+0000][1][gc,heap      ] GC(122) ParNew: 68176K->34K(76672K)
[2020-02-27T08:03:50.079+0000][1][gc,heap      ] GC(122) CMS: 62515K->62515K(963392K)
[2020-02-27T08:03:50.079+0000][1][gc,metaspace ] GC(122) Metaspace: 80230K->80230K(1122304K)
[2020-02-27T08:03:50.079+0000][1][gc           ] GC(122) Pause Young (Allocation Failure) 127M->61M(1015M) 10.222ms
[2020-02-27T08:03:50.079+0000][1][gc,cpu       ] GC(122) User=0.01s Sys=0.00s Real=0.01s
[2020-02-27T08:03:50.079+0000][1][safepoint    ] Safepoint "GenCollectForAllocation", Time since last: 2505360096 ns, Reaching safepoint: 77980 ns, At safepoint: 10277830 ns, Total: 10355810 ns
[2020-02-27T08:03:50.080+0000][1][safepoint    ] Safepoint "BulkRevokeBias", Time since last: 500009 ns, Reaching safepoint: 67867 ns, At safepoint: 188765 ns, Total: 256632 ns
[2020-02-27T08:03:52.584+0000][1][safepoint    ] Safepoint "RevokeBias", Time since last: 2504198535 ns, Reaching safepoint: 75450 ns, At safepoint: 17839 ns, Total: 93289 ns
[2020-02-27T08:03:55.087+0000][1][safepoint    ] Safepoint "RevokeBias", Time since last: 2502774695 ns, Reaching safepoint: 173703 ns, At safepoint: 34103 ns, Total: 207806 ns
[2020-02-27T08:03:57.601+0000][1][safepoint    ] Safepoint "RevokeBias", Time since last: 2513887671 ns, Reaching safepoint: 113803 ns, At safepoint: 27020 ns, Total: 140823 ns
[2020-02-27T08:04:00.111+0000][1][safepoint    ] Safepoint "RevokeBias", Time since last: 2510112331 ns, Reaching safepoint: 88318 ns, At safepoint: 17755 ns, Total: 106073 ns
[2020-02-27T08:04:02.618+0000][1][safepoint    ] Safepoint "RevokeBias", Time since last: 2507275998 ns, Reaching safepoint: 74915 ns, At safepoint: 18503 ns, Total: 93418 ns
[2020-02-27T08:04:05.129+0000][1][safepoint    ] Safepoint "RevokeBias", Time since last: 2510460309 ns, Reaching safepoint: 76571 ns, At safepoint: 17796 ns, Total: 94367 ns
[2020-02-27T08:04:07.640+0000][1][safepoint    ] Safepoint "RevokeBias", Time since last: 2511073597 ns, Reaching safepoint: 91041 ns, At safepoint: 25127 ns, Total: 116168 ns
[2020-02-27T08:04:10.152+0000][1][safepoint    ] Safepoint "RevokeBias", Time since last: 2511730377 ns, Reaching safepoint: 174349 ns, At safepoint: 35634 ns, Total: 209983 ns
[2020-02-27T08:04:12.663+0000][1][safepoint    ] Safepoint "RevokeBias", Time since last: 2510583654 ns, Reaching safepoint: 91954 ns, At safepoint: 17643 ns, Total: 109597 ns
[2020-02-27T08:04:15.179+0000][1][safepoint    ] Safepoint "RevokeBias", Time since last: 2515854160 ns, Reaching safepoint: 75159 ns, At safepoint: 18075 ns, Total: 93234 ns
[2020-02-27T08:04:17.693+0000][1][safepoint    ] Safepoint "RevokeBias", Time since last: 2513869910 ns, Reaching safepoint: 73902 ns, At safepoint: 18111 ns, Total: 92013 ns
[2020-02-27T08:04:20.200+0000][1][safepoint    ] Safepoint "RevokeBias", Time since last: 2507427643 ns, Reaching safepoint: 72537 ns, At safepoint: 16962 ns, Total: 89499 ns
[2020-02-27T08:04:22.704+0000][1][safepoint    ] Safepoint "RevokeBias", Time since last: 2503822317 ns, Reaching safepoint: 81914 ns, At safepoint: 19465 ns, Total: 101379 ns
[2020-02-27T08:04:25.208+0000][1][safepoint    ] Safepoint "RevokeBias", Time since last: 2503281822 ns, Reaching safepoint: 76538 ns, At safepoint: 18321 ns, Total: 94859 ns
[2020-02-27T08:04:27.711+0000][1][safepoint    ] Safepoint "RevokeBias", Time since last: 2503722888 ns, Reaching safepoint: 74032 ns, At safepoint: 18504 ns, Total: 92536 ns
[2020-02-27T08:04:30.218+0000][1][safepoint    ] Safepoint "RevokeBias", Time since last: 2506082501 ns, Reaching safepoint: 98449 ns, At safepoint: 34978 ns, Total: 133427 ns
[2020-02-27T08:04:32.721+0000][1][safepoint    ] Safepoint "RevokeBias", Time since last: 2503072205 ns, Reaching safepoint: 75044 ns, At safepoint: 17770 ns, Total: 92814 ns
[2020-02-27T08:04:35.228+0000][1][safepoint    ] Safepoint "RevokeBias", Time since last: 2507508852 ns, Reaching safepoint: 164598 ns, At safepoint: 19646 ns, Total: 184244 ns
[2020-02-27T08:04:37.732+0000][1][safepoint    ] Safepoint "RevokeBias", Time since last: 2503549418 ns, Reaching safepoint: 120301 ns, At safepoint: 20495 ns, Total: 140796 ns
[2020-02-27T08:04:40.238+0000][1][safepoint    ] Safepoint "RevokeBias", Time since last: 2505750935 ns, Reaching safepoint: 83886 ns, At safepoint: 20695 ns, Total: 104581 ns
[2020-02-27T08:04:42.742+0000][1][safepoint    ] Safepoint "RevokeBias", Time since last: 2504399305 ns, Reaching safepoint: 88691 ns, At safepoint: 23166 ns, Total: 111857 ns
[2020-02-27T08:04:45.249+0000][1][safepoint    ] Safepoint "RevokeBias", Time since last: 2505825480 ns, Reaching safepoint: 178185 ns, At safepoint: 30449 ns, Total: 208634 ns
[2020-02-27T08:04:47.751+0000][1][safepoint    ] Safepoint "RevokeBias", Time since last: 2502841832 ns, Reaching safepoint: 124546 ns, At safepoint: 19375 ns, Total: 143921 ns
[2020-02-27T08:04:50.259+0000][1][safepoint    ] Safepoint "RevokeBias", Time since last: 2506987390 ns, Reaching safepoint: 92920 ns, At safepoint: 21027 ns, Total: 113947 ns
[2020-02-27T08:04:52.761+0000][1][safepoint    ] Safepoint "RevokeBias", Time since last: 2502751849 ns, Reaching safepoint: 71837 ns, At safepoint: 18547 ns, Total: 90384 ns
[2020-02-27T08:04:55.269+0000][1][safepoint    ] Safepoint "RevokeBias", Time since last: 2507543752 ns, Reaching safepoint: 72272 ns, At safepoint: 17362 ns, Total: 89634 ns
[2020-02-27T08:04:57.779+0000][1][safepoint    ] Safepoint "RevokeBias", Time since last: 2509781395 ns, Reaching safepoint: 74004 ns, At safepoint: 18780 ns, Total: 92784 ns
[2020-02-27T08:05:00.295+0000][1][safepoint    ] Safepoint "RevokeBias", Time since last: 2516209173 ns, Reaching safepoint: 76788 ns, At safepoint: 19168 ns, Total: 95956 ns
[2020-02-27T08:05:02.804+0000][1][safepoint    ] Safepoint "BulkRevokeBias", Time since last: 2508778460 ns, Reaching safepoint: 71929 ns, At safepoint: 361536 ns, Total: 433465 ns
[2020-02-27T08:05:05.318+0000][1][safepoint    ] Safepoint "RevokeBias", Time since last: 2513033131 ns, Reaching safepoint: 94900 ns, At safepoint: 18188 ns, Total: 113088 ns
[2020-02-27T08:05:07.827+0000][1][safepoint    ] Safepoint "RevokeBias", Time since last: 2509692772 ns, Reaching safepoint: 150689 ns, At safepoint: 31047 ns, Total: 181736 ns
[2020-02-27T08:05:10.342+0000][1][safepoint    ] Safepoint "RevokeBias", Time since last: 2514085589 ns, Reaching safepoint: 77151 ns, At safepoint: 18969 ns, Total: 96120 ns
[2020-02-27T08:05:12.850+0000][1][safepoint    ] Safepoint "RevokeBias", Time since last: 2507920071 ns, Reaching safepoint: 72052 ns, At safepoint: 121964 ns, Total: 194016 ns
[2020-02-27T08:05:15.363+0000][1][safepoint    ] Safepoint "RevokeBias", Time since last: 2512641020 ns, Reaching safepoint: 75275 ns, At safepoint: 17244 ns, Total: 92519 ns
[2020-02-27T08:05:17.873+0000][1][safepoint    ] Safepoint "RevokeBias", Time since last: 2510329362 ns, Reaching safepoint: 133514 ns, At safepoint: 24128 ns, Total: 157642 ns
[2020-02-27T08:05:20.378+0000][1][safepoint    ] Safepoint "RevokeBias", Time since last: 2505245803 ns, Reaching safepoint: 111356 ns, At safepoint: 26298 ns, Total: 137654 ns
[2020-02-27T08:05:22.881+0000][1][safepoint    ] Safepoint "RevokeBias", Time since last: 2502121719 ns, Reaching safepoint: 72650 ns, At safepoint: 17777 ns, Total: 90427 ns
[2020-02-27T08:05:25.385+0000][1][safepoint    ] Safepoint "RevokeBias", Time since last: 2504397406 ns, Reaching safepoint: 113095 ns, At safepoint: 24739 ns, Total: 137834 ns
[2020-02-27T08:05:27.890+0000][1][safepoint    ] Safepoint "RevokeBias", Time since last: 2504629338 ns, Reaching safepoint: 75369 ns, At safepoint: 17803 ns, Total: 93172 ns
[2020-02-27T08:05:30.396+0000][1][safepoint    ] Safepoint "RevokeBias", Time since last: 2506310559 ns, Reaching safepoint: 73790 ns, At safepoint: 18079 ns, Total: 91869 ns
[2020-02-27T08:05:32.900+0000][1][safepoint    ] Safepoint "RevokeBias", Time since last: 2504031957 ns, Reaching safepoint: 92588 ns, At safepoint: 33952 ns, Total: 126540 ns
[2020-02-27T08:05:35.405+0000][1][safepoint    ] Safepoint "RevokeBias", Time since last: 2504482079 ns, Reaching safepoint: 74715 ns, At safepoint: 18515 ns, Total: 93230 ns
[2020-02-27T08:05:37.910+0000][1][safepoint    ] Safepoint "RevokeBias", Time since last: 2504927291 ns, Reaching safepoint: 84162 ns, At safepoint: 19385 ns, Total: 103547 ns
[2020-02-27T08:05:40.416+0000][1][safepoint    ] Safepoint "RevokeBias", Time since last: 2505632195 ns, Reaching safepoint: 60272 ns, At safepoint: 16995 ns, Total: 77267 ns
[2020-02-27T08:05:42.919+0000][1][safepoint    ] Safepoint "RevokeBias", Time since last: 2502774510 ns, Reaching safepoint: 76531 ns, At safepoint: 18467 ns, Total: 94998 ns
[2020-02-27T08:05:45.424+0000][1][safepoint    ] Safepoint "RevokeBias", Time since last: 2505602447 ns, Reaching safepoint: 182811 ns, At safepoint: 54687 ns, Total: 237498 ns
[2020-02-27T08:05:47.929+0000][1][safepoint    ] Safepoint "RevokeBias", Time since last: 2504453225 ns, Reaching safepoint: 76812 ns, At safepoint: 18345 ns, Total: 95157 ns
[2020-02-27T08:05:50.437+0000][1][safepoint    ] Safepoint "RevokeBias", Time since last: 2507859854 ns, Reaching safepoint: 281810 ns, At safepoint: 61960 ns, Total: 343770 ns
[2020-02-27T08:05:52.942+0000][1][safepoint    ] Safepoint "RevokeBias", Time since last: 2504774616 ns, Reaching safepoint: 75106 ns, At safepoint: 18311 ns, Total: 93417 ns
[2020-02-27T08:05:55.445+0000][1][safepoint    ] Safepoint "RevokeBias", Time since last: 2503081721 ns, Reaching safepoint: 71148 ns, At safepoint: 17346 ns, Total: 88494 ns
[2020-02-27T08:05:57.949+0000][1][safepoint    ] Safepoint "RevokeBias", Time since last: 2503471597 ns, Reaching safepoint: 74232 ns, At safepoint: 17057 ns, Total: 91289 ns
[2020-02-27T08:06:00.455+0000][1][safepoint    ] Safepoint "RevokeBias", Time since last: 2506464595 ns, Reaching safepoint: 78369 ns, At safepoint: 18498 ns, Total: 96867 ns
[2020-02-27T08:06:02.972+0000][1][safepoint    ] Safepoint "RevokeBias", Time since last: 2516647740 ns, Reaching safepoint: 72008 ns, At safepoint: 17383 ns, Total: 89391 ns
[2020-02-27T08:06:05.483+0000][1][safepoint    ] Safepoint "RevokeBias", Time since last: 2510909216 ns, Reaching safepoint: 188961 ns, At safepoint: 23469 ns, Total: 212430 ns
[2020-02-27T08:06:07.998+0000][1][gc,start     ] GC(123) Pause Young (Allocation Failure)
[2020-02-27T08:06:07.999+0000][1][gc,task      ] GC(123) Using 1 workers of 1 for evacuation
[2020-02-27T08:06:08.019+0000][1][gc,age       ] GC(123) Desired survivor size 4358144 bytes, new threshold 6 (max threshold 6)
[2020-02-27T08:06:08.019+0000][1][gc,age       ] GC(123) Age table with threshold 6 (max threshold 6)
[2020-02-27T08:06:08.019+0000][1][gc,age       ] GC(123) - age   1:      10872 bytes,      10872 total
[2020-02-27T08:06:08.019+0000][1][gc,age       ] GC(123) - age   2:       1216 bytes,      12088 total
[2020-02-27T08:06:08.019+0000][1][gc,age       ] GC(123) - age   3:        432 bytes,      12520 total
[2020-02-27T08:06:08.019+0000][1][gc,age       ] GC(123) - age   4:       1632 bytes,      14152 total
[2020-02-27T08:06:08.019+0000][1][gc,age       ] GC(123) - age   6:        120 bytes,      14272 total
[2020-02-27T08:06:08.019+0000][1][gc,heap      ] GC(123) ParNew: 68194K->22K(76672K)
[2020-02-27T08:06:08.019+0000][1][gc,heap      ] GC(123) CMS: 62515K->62515K(963392K)
[2020-02-27T08:06:08.019+0000][1][gc,metaspace ] GC(123) Metaspace: 80244K->80244K(1122304K)
[2020-02-27T08:06:08.019+0000][1][gc           ] GC(123) Pause Young (Allocation Failure) 127M->61M(1015M) 20.247ms
[2020-02-27T08:06:08.019+0000][1][gc,cpu       ] GC(123) User=0.01s Sys=0.00s Real=0.02s
[2020-02-27T08:06:08.019+0000][1][safepoint    ] Safepoint "GenCollectForAllocation", Time since last: 2515124019 ns, Reaching safepoint: 58996 ns, At safepoint: 20370647 ns, Total: 20429643 ns
[2020-02-27T08:06:08.020+0000][1][safepoint    ] Safepoint "RevokeBias", Time since last: 1029613 ns, Reaching safepoint: 69571 ns, At safepoint: 16361 ns, Total: 85932 ns
[2020-02-27T08:06:10.532+0000][1][safepoint    ] Safepoint "RevokeBias", Time since last: 2511878317 ns, Reaching safepoint: 74424 ns, At safepoint: 18764 ns, Total: 93188 ns
[2020-02-27T08:06:13.040+0000][1][safepoint    ] Safepoint "RevokeBias", Time since last: 2507720366 ns, Reaching safepoint: 73311 ns, At safepoint: 17846 ns, Total: 91157 ns
[2020-02-27T08:06:15.551+0000][1][safepoint    ] Safepoint "BulkRevokeBias", Time since last: 2511277580 ns, Reaching safepoint: 84595 ns, At safepoint: 209753 ns, Total: 294348 ns
[2020-02-27T08:06:18.060+0000][1][safepoint    ] Safepoint "RevokeBias", Time since last: 2508318735 ns, Reaching safepoint: 120912 ns, At safepoint: 31159 ns, Total: 152071 ns
[2020-02-27T08:06:20.568+0000][1][safepoint    ] Safepoint "RevokeBias", Time since last: 2508296357 ns, Reaching safepoint: 165186 ns, At safepoint: 29048 ns, Total: 194234 ns
[2020-02-27T08:06:23.076+0000][1][safepoint    ] Safepoint "RevokeBias", Time since last: 2507785679 ns, Reaching safepoint: 79075 ns, At safepoint: 17682 ns, Total: 96757 ns
[2020-02-27T08:06:25.583+0000][1][safepoint    ] Safepoint "RevokeBias", Time since last: 2507168732 ns, Reaching safepoint: 102387 ns, At safepoint: 34387 ns, Total: 136774 ns
[2020-02-27T08:06:28.088+0000][1][safepoint    ] Safepoint "RevokeBias", Time since last: 2504327486 ns, Reaching safepoint: 76115 ns, At safepoint: 18189 ns, Total: 94304 ns
[2020-02-27T08:06:30.592+0000][1][safepoint    ] Safepoint "RevokeBias", Time since last: 2503955303 ns, Reaching safepoint: 79545 ns, At safepoint: 20181 ns, Total: 99726 ns
[2020-02-27T08:06:33.100+0000][1][safepoint    ] Safepoint "RevokeBias", Time since last: 2508037747 ns, Reaching safepoint: 75456 ns, At safepoint: 18868 ns, Total: 94324 ns
[2020-02-27T08:06:35.612+0000][1][safepoint    ] Safepoint "RevokeBias", Time since last: 2511429181 ns, Reaching safepoint: 71508 ns, At safepoint: 18010 ns, Total: 89518 ns
[2020-02-27T08:06:38.116+0000][1][safepoint    ] Safepoint "RevokeBias", Time since last: 2504863621 ns, Reaching safepoint: 71591 ns, At safepoint: 17592 ns, Total: 89183 ns
[2020-02-27T08:06:40.623+0000][1][safepoint    ] Safepoint "RevokeBias", Time since last: 2505899664 ns, Reaching safepoint: 110103 ns, At safepoint: 39986 ns, Total: 150089 ns
[2020-02-27T08:06:43.126+0000][1][safepoint    ] Safepoint "RevokeBias", Time since last: 2503333355 ns, Reaching safepoint: 186022 ns, At safepoint: 38968 ns, Total: 224990 ns
[2020-02-27T08:06:45.629+0000][1][safepoint    ] Safepoint "RevokeBias", Time since last: 2502904858 ns, Reaching safepoint: 93354 ns, At safepoint: 23842 ns, Total: 117196 ns
[2020-02-27T08:06:48.133+0000][1][safepoint    ] Safepoint "RevokeBias", Time since last: 2503451304 ns, Reaching safepoint: 128201 ns, At safepoint: 48771 ns, Total: 176972 ns
[2020-02-27T08:06:50.639+0000][1][safepoint    ] Safepoint "RevokeBias", Time since last: 2506320369 ns, Reaching safepoint: 98535 ns, At safepoint: 21973 ns, Total: 120508 ns
[2020-02-27T08:06:53.144+0000][1][safepoint    ] Safepoint "RevokeBias", Time since last: 2504371122 ns, Reaching safepoint: 84601 ns, At safepoint: 20915 ns, Total: 105516 ns
[2020-02-27T08:06:55.663+0000][1][safepoint    ] Safepoint "RevokeBias", Time since last: 2519012840 ns, Reaching safepoint: 385128 ns, At safepoint: 48714 ns, Total: 433842 ns
[2020-02-27T08:06:58.172+0000][1][safepoint    ] Safepoint "RevokeBias", Time since last: 2508800949 ns, Reaching safepoint: 137269 ns, At safepoint: 91106 ns, Total: 228375 ns
[2020-02-27T08:07:00.693+0000][1][safepoint    ] Safepoint "RevokeBias", Time since last: 2521159754 ns, Reaching safepoint: 95844 ns, At safepoint: 59650 ns, Total: 155494 ns
[2020-02-27T08:07:03.208+0000][1][safepoint    ] Safepoint "RevokeBias", Time since last: 2514001839 ns, Reaching safepoint: 104160 ns, At safepoint: 18212 ns, Total: 122372 ns
[2020-02-27T08:07:05.741+0000][1][safepoint    ] Safepoint "RevokeBias", Time since last: 2526953490 ns, Reaching safepoint: 5985704 ns, At safepoint: 30313 ns, Total: 6016017 ns
[2020-02-27T08:07:08.251+0000][1][safepoint    ] Safepoint "RevokeBias", Time since last: 2510842873 ns, Reaching safepoint: 103657 ns, At safepoint: 25645 ns, Total: 129302 ns
[2020-02-27T08:07:10.774+0000][1][safepoint    ] Safepoint "RevokeBias", Time since last: 2522728962 ns, Reaching safepoint: 105859 ns, At safepoint: 28702 ns, Total: 134561 ns
[2020-02-27T08:07:13.286+0000][1][safepoint    ] Safepoint "RevokeBias", Time since last: 2511036038 ns, Reaching safepoint: 176148 ns, At safepoint: 49471 ns, Total: 225619 ns
[2020-02-27T08:07:15.793+0000][1][safepoint    ] Safepoint "RevokeBias", Time since last: 2507690423 ns, Reaching safepoint: 158645 ns, At safepoint: 17418 ns, Total: 176063 ns
[2020-02-27T08:07:18.299+0000][1][safepoint    ] Safepoint "RevokeBias", Time since last: 2505233047 ns, Reaching safepoint: 78958 ns, At safepoint: 19352 ns, Total: 98310 ns
[2020-02-27T08:07:20.804+0000][1][safepoint    ] Safepoint "RevokeBias", Time since last: 2505268451 ns, Reaching safepoint: 87494 ns, At safepoint: 20543 ns, Total: 108037 ns
[2020-02-27T08:07:23.306+0000][1][safepoint    ] Safepoint "RevokeBias", Time since last: 2502152485 ns, Reaching safepoint: 74794 ns, At safepoint: 19065 ns, Total: 93859 ns
[2020-02-27T08:07:25.811+0000][1][safepoint    ] Safepoint "RevokeBias", Time since last: 2504259769 ns, Reaching safepoint: 72867 ns, At safepoint: 18278 ns, Total: 91145 ns
[2020-02-27T08:07:28.315+0000][1][safepoint    ] Safepoint "BulkRevokeBias", Time since last: 2504217613 ns, Reaching safepoint: 72638 ns, At safepoint: 290049 ns, Total: 362687 ns
[2020-02-27T08:07:30.822+0000][1][safepoint    ] Safepoint "RevokeBias", Time since last: 2506791280 ns, Reaching safepoint: 184138 ns, At safepoint: 28811 ns, Total: 212949 ns
[2020-02-27T08:07:33.326+0000][1][safepoint    ] Safepoint "RevokeBias", Time since last: 2503260304 ns, Reaching safepoint: 75782 ns, At safepoint: 18308 ns, Total: 94090 ns
[2020-02-27T08:07:35.830+0000][1][safepoint    ] Safepoint "RevokeBias", Time since last: 2504283210 ns, Reaching safepoint: 74725 ns, At safepoint: 18198 ns, Total: 92923 ns
[2020-02-27T08:07:38.334+0000][1][safepoint    ] Safepoint "RevokeBias", Time since last: 2504207021 ns, Reaching safepoint: 75050 ns, At safepoint: 17836 ns, Total: 92886 ns
[2020-02-27T08:07:40.839+0000][1][safepoint    ] Safepoint "RevokeBias", Time since last: 2504890460 ns, Reaching safepoint: 143729 ns, At safepoint: 22224 ns, Total: 165953 ns
[2020-02-27T08:07:43.342+0000][1][safepoint    ] Safepoint "RevokeBias", Time since last: 2502228607 ns, Reaching safepoint: 75279 ns, At safepoint: 17756 ns, Total: 93035 ns
[2020-02-27T08:07:45.847+0000][1][safepoint    ] Safepoint "RevokeBias", Time since last: 2504924829 ns, Reaching safepoint: 73891 ns, At safepoint: 17700 ns, Total: 91591 ns
[2020-02-27T08:07:48.352+0000][1][safepoint    ] Safepoint "RevokeBias", Time since last: 2504917685 ns, Reaching safepoint: 73246 ns, At safepoint: 17729 ns, Total: 90975 ns
[2020-02-27T08:07:50.859+0000][1][safepoint    ] Safepoint "RevokeBias", Time since last: 2506637459 ns, Reaching safepoint: 99084 ns, At safepoint: 21766 ns, Total: 120850 ns
[2020-02-27T08:07:52.546+0000][1][safepoint    ] Safepoint "Cleanup", Time since last: 1687361400 ns, Reaching safepoint: 167888 ns, At safepoint: 10281 ns, Total: 178169 ns
[2020-02-27T08:07:53.362+0000][1][safepoint    ] Safepoint "RevokeBias", Time since last: 815990092 ns, Reaching safepoint: 95374 ns, At safepoint: 20919 ns, Total: 116293 ns
[2020-02-27T08:07:55.866+0000][1][safepoint    ] Safepoint "RevokeBias", Time since last: 2503760358 ns, Reaching safepoint: 80784 ns, At safepoint: 18903 ns, Total: 99687 ns
[2020-02-27T08:07:58.377+0000][1][safepoint    ] Safepoint "RevokeBias", Time since last: 2510898728 ns, Reaching safepoint: 101916 ns, At safepoint: 26649 ns, Total: 128565 ns
[2020-02-27T08:08:00.892+0000][1][safepoint    ] Safepoint "RevokeBias", Time since last: 2514548661 ns, Reaching safepoint: 201973 ns, At safepoint: 23090 ns, Total: 225063 ns
[2020-02-27T08:08:03.405+0000][1][safepoint    ] Safepoint "RevokeBias", Time since last: 2512635786 ns, Reaching safepoint: 108490 ns, At safepoint: 30899 ns, Total: 139389 ns
[2020-02-27T08:08:05.916+0000][1][safepoint    ] Safepoint "RevokeBias", Time since last: 2510827485 ns, Reaching safepoint: 54021 ns, At safepoint: 15245 ns, Total: 69266 ns
[2020-02-27T08:08:08.424+0000][1][safepoint    ] Safepoint "RevokeBias", Time since last: 2508535526 ns, Reaching safepoint: 244315 ns, At safepoint: 25839 ns, Total: 270154 ns
[2020-02-27T08:08:10.941+0000][1][safepoint    ] Safepoint "RevokeBias", Time since last: 2516271736 ns, Reaching safepoint: 71641 ns, At safepoint: 17082 ns, Total: 88723 ns
[2020-02-27T08:08:13.452+0000][1][safepoint    ] Safepoint "RevokeBias", Time since last: 2511145645 ns, Reaching safepoint: 75438 ns, At safepoint: 17788 ns, Total: 93226 ns
[2020-02-27T08:08:15.967+0000][1][safepoint    ] Safepoint "RevokeBias", Time since last: 2514484115 ns, Reaching safepoint: 75014 ns, At safepoint: 19277 ns, Total: 94291 ns
[2020-02-27T08:08:18.475+0000][1][safepoint    ] Safepoint "RevokeBias", Time since last: 2508254457 ns, Reaching safepoint: 74462 ns, At safepoint: 17534 ns, Total: 91996 ns
[2020-02-27T08:08:20.987+0000][1][safepoint    ] Safepoint "RevokeBias", Time since last: 2512415250 ns, Reaching safepoint: 92280 ns, At safepoint: 40802 ns, Total: 133082 ns
[2020-02-27T08:08:22.989+0000][1][safepoint    ] Safepoint "Cleanup", Time since last: 2001126284 ns, Reaching safepoint: 86201 ns, At safepoint: 8734 ns, Total: 94935 ns
[2020-02-27T08:08:23.496+0000][1][safepoint    ] Safepoint "RevokeBias", Time since last: 506794253 ns, Reaching safepoint: 74546 ns, At safepoint: 18183 ns, Total: 92729 ns
[2020-02-27T08:08:25.999+0000][1][safepoint    ] Safepoint "RevokeBias", Time since last: 2502905583 ns, Reaching safepoint: 150162 ns, At safepoint: 36407 ns, Total: 186569 ns
[2020-02-27T08:08:26.179+0000][1][gc,start     ] GC(124) Pause Young (Allocation Failure)
[2020-02-27T08:08:26.179+0000][1][gc,task      ] GC(124) Using 1 workers of 1 for evacuation
[2020-02-27T08:08:26.194+0000][1][gc,age       ] GC(124) Desired survivor size 4358144 bytes, new threshold 6 (max threshold 6)
[2020-02-27T08:08:26.194+0000][1][gc,age       ] GC(124) Age table with threshold 6 (max threshold 6)
[2020-02-27T08:08:26.194+0000][1][gc,age       ] GC(124) - age   1:      12016 bytes,      12016 total
[2020-02-27T08:08:26.194+0000][1][gc,age       ] GC(124) - age   2:        136 bytes,      12152 total
[2020-02-27T08:08:26.194+0000][1][gc,age       ] GC(124) - age   3:       1096 bytes,      13248 total
[2020-02-27T08:08:26.194+0000][1][gc,age       ] GC(124) - age   4:        432 bytes,      13680 total
[2020-02-27T08:08:26.194+0000][1][gc,age       ] GC(124) - age   5:       1632 bytes,      15312 total
[2020-02-27T08:08:26.194+0000][1][gc,heap      ] GC(124) ParNew: 68182K->16K(76672K)
[2020-02-27T08:08:26.194+0000][1][gc,heap      ] GC(124) CMS: 62515K->62515K(963392K)
[2020-02-27T08:08:26.194+0000][1][gc,metaspace ] GC(124) Metaspace: 80244K->80244K(1122304K)
[2020-02-27T08:08:26.195+0000][1][gc           ] GC(124) Pause Young (Allocation Failure) 127M->61M(1015M) 15.871ms
[2020-02-27T08:08:26.195+0000][1][gc,cpu       ] GC(124) User=0.01s Sys=0.00s Real=0.02s
[2020-02-27T08:08:26.195+0000][1][safepoint    ] Safepoint "GenCollectForAllocation", Time since last: 179916592 ns, Reaching safepoint: 77610 ns, At safepoint: 16023029 ns, Total: 16100639 ns
[2020-02-27T08:08:28.503+0000][1][safepoint    ] Safepoint "RevokeBias", Time since last: 2308081921 ns, Reaching safepoint: 82929 ns, At safepoint: 21460 ns, Total: 104389 ns
[2020-02-27T08:08:31.010+0000][1][safepoint    ] Safepoint "RevokeBias", Time since last: 2506576849 ns, Reaching safepoint: 107822 ns, At safepoint: 28160 ns, Total: 135982 ns
[2020-02-27T08:08:33.512+0000][1][safepoint    ] Safepoint "RevokeBias", Time since last: 2502698235 ns, Reaching safepoint: 73836 ns, At safepoint: 17451 ns, Total: 91287 ns
[2020-02-27T08:08:36.018+0000][1][safepoint    ] Safepoint "RevokeBias", Time since last: 2505541306 ns, Reaching safepoint: 72768 ns, At safepoint: 17737 ns, Total: 90505 ns
[2020-02-27T08:08:38.523+0000][1][safepoint    ] Safepoint "RevokeBias", Time since last: 2504742959 ns, Reaching safepoint: 155663 ns, At safepoint: 20103 ns, Total: 175766 ns
[2020-02-27T08:08:41.029+0000][1][safepoint    ] Safepoint "BulkRevokeBias", Time since last: 2505668841 ns, Reaching safepoint: 74002 ns, At safepoint: 233737 ns, Total: 307739 ns
[2020-02-27T08:08:43.533+0000][1][safepoint    ] Safepoint "RevokeBias", Time since last: 2503668119 ns, Reaching safepoint: 83607 ns, At safepoint: 21728 ns, Total: 105335 ns
[2020-02-27T08:08:46.039+0000][1][safepoint    ] Safepoint "RevokeBias", Time since last: 2505983617 ns, Reaching safepoint: 72294 ns, At safepoint: 17001 ns, Total: 89295 ns
[2020-02-27T08:08:48.543+0000][1][safepoint    ] Safepoint "RevokeBias", Time since last: 2504477140 ns, Reaching safepoint: 85865 ns, At safepoint: 20656 ns, Total: 106521 ns
[2020-02-27T08:08:51.049+0000][1][safepoint    ] Safepoint "RevokeBias", Time since last: 2505230306 ns, Reaching safepoint: 94818 ns, At safepoint: 97294 ns, Total: 192112 ns
[2020-02-27T08:08:53.552+0000][1][safepoint    ] Safepoint "RevokeBias", Time since last: 2502856774 ns, Reaching safepoint: 75423 ns, At safepoint: 18771 ns, Total: 94194 ns
[2020-02-27T08:08:56.062+0000][1][safepoint    ] Safepoint "RevokeBias", Time since last: 2510169087 ns, Reaching safepoint: 76209 ns, At safepoint: 17928 ns, Total: 94137 ns
[2020-02-27T08:08:58.570+0000][1][safepoint    ] Safepoint "RevokeBias", Time since last: 2507509370 ns, Reaching safepoint: 75300 ns, At safepoint: 18285 ns, Total: 93585 ns
[2020-02-27T08:09:01.087+0000][1][safepoint    ] Safepoint "RevokeBias", Time since last: 2516888257 ns, Reaching safepoint: 73226 ns, At safepoint: 17595 ns, Total: 90821 ns
[2020-02-27T08:09:03.598+0000][1][safepoint    ] Safepoint "RevokeBias", Time since last: 2511440344 ns, Reaching safepoint: 93283 ns, At safepoint: 18800 ns, Total: 112083 ns
[2020-02-27T08:09:06.110+0000][1][safepoint    ] Safepoint "RevokeBias", Time since last: 2511454038 ns, Reaching safepoint: 70719 ns, At safepoint: 17603 ns, Total: 88322 ns
[2020-02-27T08:09:08.619+0000][1][safepoint    ] Safepoint "RevokeBias", Time since last: 2509335807 ns, Reaching safepoint: 74324 ns, At safepoint: 18619 ns, Total: 92943 ns
[2020-02-27T08:09:11.139+0000][1][safepoint    ] Safepoint "RevokeBias", Time since last: 2519944542 ns, Reaching safepoint: 54949 ns, At safepoint: 16740 ns, Total: 71689 ns
[2020-02-27T08:09:13.648+0000][1][safepoint    ] Safepoint "RevokeBias", Time since last: 2508536668 ns, Reaching safepoint: 128472 ns, At safepoint: 37578 ns, Total: 166050 ns
[2020-02-27T08:09:16.160+0000][1][safepoint    ] Safepoint "RevokeBias", Time since last: 2512568058 ns, Reaching safepoint: 116451 ns, At safepoint: 52150 ns, Total: 168601 ns
[2020-02-27T08:09:18.669+0000][1][safepoint    ] Safepoint "RevokeBias", Time since last: 2508282626 ns, Reaching safepoint: 80393 ns, At safepoint: 19398 ns, Total: 99791 ns
[2020-02-27T08:09:21.173+0000][1][safepoint    ] Safepoint "RevokeBias", Time since last: 2504137111 ns, Reaching safepoint: 93537 ns, At safepoint: 21561 ns, Total: 115098 ns
[2020-02-27T08:09:23.677+0000][1][safepoint    ] Safepoint "RevokeBias", Time since last: 2504059627 ns, Reaching safepoint: 140062 ns, At safepoint: 30928 ns, Total: 170990 ns
[2020-02-27T08:09:26.181+0000][1][safepoint    ] Safepoint "RevokeBias", Time since last: 2503574951 ns, Reaching safepoint: 78056 ns, At safepoint: 17794 ns, Total: 95850 ns
[2020-02-27T08:09:28.683+0000][1][safepoint    ] Safepoint "RevokeBias", Time since last: 2501962387 ns, Reaching safepoint: 78417 ns, At safepoint: 18882 ns, Total: 97299 ns
[2020-02-27T08:09:31.187+0000][1][safepoint    ] Safepoint "RevokeBias", Time since last: 2504176142 ns, Reaching safepoint: 92794 ns, At safepoint: 20474 ns, Total: 113268 ns
[2020-02-27T08:09:33.690+0000][1][safepoint    ] Safepoint "RevokeBias", Time since last: 2502787949 ns, Reaching safepoint: 164668 ns, At safepoint: 24436 ns, Total: 189104 ns
[2020-02-27T08:09:36.195+0000][1][safepoint    ] Safepoint "RevokeBias", Time since last: 2504324868 ns, Reaching safepoint: 95292 ns, At safepoint: 25773 ns, Total: 121065 ns
[2020-02-27T08:09:38.699+0000][1][safepoint    ] Safepoint "RevokeBias", Time since last: 2504288518 ns, Reaching safepoint: 192476 ns, At safepoint: 21553 ns, Total: 214029 ns
[2020-02-27T08:09:41.205+0000][1][safepoint    ] Safepoint "RevokeBias", Time since last: 2505702304 ns, Reaching safepoint: 87107 ns, At safepoint: 18338 ns, Total: 105445 ns
[2020-02-27T08:09:43.710+0000][1][safepoint    ] Safepoint "RevokeBias", Time since last: 2504419289 ns, Reaching safepoint: 211247 ns, At safepoint: 26886 ns, Total: 238133 ns
[2020-02-27T08:09:46.216+0000][1][safepoint    ] Safepoint "RevokeBias", Time since last: 2505843830 ns, Reaching safepoint: 73012 ns, At safepoint: 16493 ns, Total: 89505 ns
[2020-02-27T08:09:48.724+0000][1][safepoint    ] Safepoint "RevokeBias", Time since last: 2506597115 ns, Reaching safepoint: 2037876 ns, At safepoint: 118516 ns, Total: 2156392 ns
[2020-02-27T08:09:49.725+0000][1][safepoint    ] Safepoint "Cleanup", Time since last: 1000258799 ns, Reaching safepoint: 89356 ns, At safepoint: 8270 ns, Total: 97626 ns
[2020-02-27T08:09:51.230+0000][1][safepoint    ] Safepoint "RevokeBias", Time since last: 1504825302 ns, Reaching safepoint: 76353 ns, At safepoint: 19419 ns, Total: 95772 ns
[2020-02-27T08:09:53.733+0000][1][safepoint    ] Safepoint "BulkRevokeBias", Time since last: 2502988041 ns, Reaching safepoint: 77990 ns, At safepoint: 444575 ns, Total: 522565 ns
[2020-02-27T08:09:56.237+0000][1][safepoint    ] Safepoint "RevokeBias", Time since last: 2503207853 ns, Reaching safepoint: 76641 ns, At safepoint: 18508 ns, Total: 95149 ns
[2020-02-27T08:09:58.742+0000][1][safepoint    ] Safepoint "RevokeBias", Time since last: 2505059165 ns, Reaching safepoint: 88431 ns, At safepoint: 20090 ns, Total: 108521 ns
[2020-02-27T08:10:01.248+0000][1][safepoint    ] Safepoint "RevokeBias", Time since last: 2505761582 ns, Reaching safepoint: 90697 ns, At safepoint: 20421 ns, Total: 111118 ns
[2020-02-27T08:10:03.762+0000][1][safepoint    ] Safepoint "RevokeBias", Time since last: 2514480998 ns, Reaching safepoint: 58344 ns, At safepoint: 16134 ns, Total: 74478 ns
[2020-02-27T08:10:06.276+0000][1][safepoint    ] Safepoint "RevokeBias", Time since last: 2513412716 ns, Reaching safepoint: 145539 ns, At safepoint: 18000 ns, Total: 163539 ns
[2020-02-27T08:10:08.791+0000][1][safepoint    ] Safepoint "RevokeBias", Time since last: 2515206901 ns, Reaching safepoint: 82074 ns, At safepoint: 18454 ns, Total: 100528 ns
[2020-02-27T08:10:11.302+0000][1][safepoint    ] Safepoint "RevokeBias", Time since last: 2510648919 ns, Reaching safepoint: 75748 ns, At safepoint: 17579 ns, Total: 93327 ns
[2020-02-27T08:10:13.815+0000][1][safepoint    ] Safepoint "RevokeBias", Time since last: 2513084942 ns, Reaching safepoint: 158470 ns, At safepoint: 20805 ns, Total: 179275 ns
[2020-02-27T08:10:16.329+0000][1][safepoint    ] Safepoint "RevokeBias", Time since last: 2513723033 ns, Reaching safepoint: 85643 ns, At safepoint: 20164 ns, Total: 105807 ns
[2020-02-27T08:10:18.844+0000][1][safepoint    ] Safepoint "RevokeBias", Time since last: 2514453764 ns, Reaching safepoint: 180933 ns, At safepoint: 35072 ns, Total: 216005 ns
[2020-02-27T08:10:20.845+0000][1][safepoint    ] Safepoint "Cleanup", Time since last: 2000896035 ns, Reaching safepoint: 85545 ns, At safepoint: 9221 ns, Total: 94766 ns
[2020-02-27T08:10:21.358+0000][1][safepoint    ] Safepoint "RevokeBias", Time since last: 513799895 ns, Reaching safepoint: 72728 ns, At safepoint: 17881 ns, Total: 90609 ns
[2020-02-27T08:10:23.360+0000][1][safepoint    ] Safepoint "Cleanup", Time since last: 2001317781 ns, Reaching safepoint: 86118 ns, At safepoint: 7726 ns, Total: 93844 ns
[2020-02-27T08:10:23.873+0000][1][safepoint    ] Safepoint "RevokeBias", Time since last: 512945306 ns, Reaching safepoint: 215028 ns, At safepoint: 23181 ns, Total: 238209 ns
[2020-02-27T08:10:26.383+0000][1][safepoint    ] Safepoint "RevokeBias", Time since last: 2509476324 ns, Reaching safepoint: 90007 ns, At safepoint: 19499 ns, Total: 109506 ns
[2020-02-27T08:10:28.888+0000][1][safepoint    ] Safepoint "RevokeBias", Time since last: 2505366467 ns, Reaching safepoint: 144785 ns, At safepoint: 38094 ns, Total: 182879 ns
[2020-02-27T08:10:31.394+0000][1][safepoint    ] Safepoint "RevokeBias", Time since last: 2505806722 ns, Reaching safepoint: 92213 ns, At safepoint: 20879 ns, Total: 113092 ns
[2020-02-27T08:10:33.898+0000][1][safepoint    ] Safepoint "RevokeBias", Time since last: 2504045604 ns, Reaching safepoint: 88821 ns, At safepoint: 17729 ns, Total: 106550 ns
[2020-02-27T08:10:36.402+0000][1][safepoint    ] Safepoint "RevokeBias", Time since last: 2504004573 ns, Reaching safepoint: 72252 ns, At safepoint: 18246 ns, Total: 90498 ns
[2020-02-27T08:10:38.904+0000][1][safepoint    ] Safepoint "RevokeBias", Time since last: 2501454019 ns, Reaching safepoint: 77432 ns, At safepoint: 18113 ns, Total: 95545 ns
[2020-02-27T08:10:41.409+0000][1][safepoint    ] Safepoint "RevokeBias", Time since last: 2505427219 ns, Reaching safepoint: 72172 ns, At safepoint: 17113 ns, Total: 89285 ns
[2020-02-27T08:10:43.912+0000][1][gc,start     ] GC(125) Pause Young (Allocation Failure)
[2020-02-27T08:10:43.912+0000][1][gc,task      ] GC(125) Using 1 workers of 1 for evacuation
[2020-02-27T08:10:43.922+0000][1][gc,age       ] GC(125) Desired survivor size 4358144 bytes, new threshold 6 (max threshold 6)
[2020-02-27T08:10:43.922+0000][1][gc,age       ] GC(125) Age table with threshold 6 (max threshold 6)
[2020-02-27T08:10:43.922+0000][1][gc,age       ] GC(125) - age   1:      10616 bytes,      10616 total
[2020-02-27T08:10:43.922+0000][1][gc,age       ] GC(125) - age   2:        240 bytes,      10856 total
[2020-02-27T08:10:43.922+0000][1][gc,age       ] GC(125) - age   3:        136 bytes,      10992 total
[2020-02-27T08:10:43.922+0000][1][gc,age       ] GC(125) - age   4:       1096 bytes,      12088 total
[2020-02-27T08:10:43.922+0000][1][gc,age       ] GC(125) - age   5:        432 bytes,      12520 total
[2020-02-27T08:10:43.922+0000][1][gc,age       ] GC(125) - age   6:       1632 bytes,      14152 total
[2020-02-27T08:10:43.922+0000][1][gc,heap      ] GC(125) ParNew: 68176K->15K(76672K)
[2020-02-27T08:10:43.922+0000][1][gc,heap      ] GC(125) CMS: 62515K->62515K(963392K)
[2020-02-27T08:10:43.922+0000][1][gc,metaspace ] GC(125) Metaspace: 80244K->80244K(1122304K)
[2020-02-27T08:10:43.922+0000][1][gc           ] GC(125) Pause Young (Allocation Failure) 127M->61M(1015M) 10.458ms
[2020-02-27T08:10:43.922+0000][1][gc,cpu       ] GC(125) User=0.01s Sys=0.00s Real=0.01s
[2020-02-27T08:10:43.922+0000][1][safepoint    ] Safepoint "GenCollectForAllocation", Time since last: 2502416960 ns, Reaching safepoint: 93786 ns, At safepoint: 10519086 ns, Total: 10612872 ns
[2020-02-27T08:10:43.930+0000][1][safepoint    ] Safepoint "RevokeBias", Time since last: 7023711 ns, Reaching safepoint: 75316 ns, At safepoint: 17419 ns, Total: 92735 ns
[2020-02-27T08:10:46.438+0000][1][safepoint    ] Safepoint "RevokeBias", Time since last: 2508253552 ns, Reaching safepoint: 73967 ns, At safepoint: 18850 ns, Total: 92817 ns
[2020-02-27T08:10:48.942+0000][1][safepoint    ] Safepoint "RevokeBias", Time since last: 2503881453 ns, Reaching safepoint: 78385 ns, At safepoint: 19049 ns, Total: 97434 ns
[2020-02-27T08:10:51.446+0000][1][safepoint    ] Safepoint "RevokeBias", Time since last: 2504226689 ns, Reaching safepoint: 72255 ns, At safepoint: 17879 ns, Total: 90134 ns
[2020-02-27T08:10:53.949+0000][1][safepoint    ] Safepoint "RevokeBias", Time since last: 2502787140 ns, Reaching safepoint: 74788 ns, At safepoint: 17266 ns, Total: 92054 ns
[2020-02-27T08:10:56.453+0000][1][safepoint    ] Safepoint "RevokeBias", Time since last: 2503914796 ns, Reaching safepoint: 78979 ns, At safepoint: 22407 ns, Total: 101386 ns
[2020-02-27T08:10:58.958+0000][1][safepoint    ] Safepoint "RevokeBias", Time since last: 2505092013 ns, Reaching safepoint: 75224 ns, At safepoint: 18115 ns, Total: 93339 ns
[2020-02-27T08:11:01.465+0000][1][safepoint    ] Safepoint "RevokeBias", Time since last: 2506062974 ns, Reaching safepoint: 244609 ns, At safepoint: 31381 ns, Total: 275990 ns
[2020-02-27T08:11:03.969+0000][1][safepoint    ] Safepoint "RevokeBias", Time since last: 2504248647 ns, Reaching safepoint: 74959 ns, At safepoint: 18323 ns, Total: 93282 ns
[2020-02-27T08:11:06.474+0000][1][safepoint    ] Safepoint "BulkRevokeBias", Time since last: 2505126489 ns, Reaching safepoint: 72913 ns, At safepoint: 320937 ns, Total: 393850 ns
[2020-02-27T08:11:08.978+0000][1][safepoint    ] Safepoint "RevokeBias", Time since last: 2503244888 ns, Reaching safepoint: 88663 ns, At safepoint: 17233 ns, Total: 105896 ns
[2020-02-27T08:11:11.492+0000][1][safepoint    ] Safepoint "RevokeBias", Time since last: 2514603265 ns, Reaching safepoint: 74048 ns, At safepoint: 17753 ns, Total: 91801 ns
[2020-02-27T08:11:14.007+0000][1][safepoint    ] Safepoint "RevokeBias", Time since last: 2514292153 ns, Reaching safepoint: 78668 ns, At safepoint: 20777 ns, Total: 99445 ns
[2020-02-27T08:11:16.520+0000][1][safepoint    ] Safepoint "RevokeBias", Time since last: 2513540858 ns, Reaching safepoint: 53766 ns, At safepoint: 16228 ns, Total: 69994 ns
[2020-02-27T08:11:19.031+0000][1][safepoint    ] Safepoint "RevokeBias", Time since last: 2510239613 ns, Reaching safepoint: 164191 ns, At safepoint: 28682 ns, Total: 192873 ns
[2020-02-27T08:11:21.547+0000][1][safepoint    ] Safepoint "RevokeBias", Time since last: 2515455824 ns, Reaching safepoint: 125254 ns, At safepoint: 20269 ns, Total: 145523 ns
[2020-02-27T08:11:24.056+0000][1][safepoint    ] Safepoint "RevokeBias", Time since last: 2509306144 ns, Reaching safepoint: 168691 ns, At safepoint: 47975 ns, Total: 216666 ns
[2020-02-27T08:11:26.568+0000][1][safepoint    ] Safepoint "RevokeBias", Time since last: 2511958320 ns, Reaching safepoint: 79745 ns, At safepoint: 18047 ns, Total: 97792 ns
[2020-02-27T08:11:29.085+0000][1][safepoint    ] Safepoint "RevokeBias", Time since last: 2516840066 ns, Reaching safepoint: 107467 ns, At safepoint: 20189 ns, Total: 127656 ns
[2020-02-27T08:11:31.599+0000][1][safepoint    ] Safepoint "RevokeBias", Time since last: 2513539570 ns, Reaching safepoint: 96005 ns, At safepoint: 20845 ns, Total: 116850 ns
[2020-02-27T08:11:34.108+0000][1][safepoint    ] Safepoint "RevokeBias", Time since last: 2508917151 ns, Reaching safepoint: 74465 ns, At safepoint: 17821 ns, Total: 92286 ns
[2020-02-27T08:11:36.628+0000][1][safepoint    ] Safepoint "RevokeBias", Time since last: 2520463706 ns, Reaching safepoint: 71610 ns, At safepoint: 17582 ns, Total: 89192 ns
[2020-02-27T08:11:39.140+0000][1][safepoint    ] Safepoint "RevokeBias", Time since last: 2510377559 ns, Reaching safepoint: 71778 ns, At safepoint: 1137097 ns, Total: 1208875 ns
[2020-02-27T08:11:41.645+0000][1][safepoint    ] Safepoint "RevokeBias", Time since last: 2505436830 ns, Reaching safepoint: 77836 ns, At safepoint: 18684 ns, Total: 96520 ns
[2020-02-27T08:11:44.148+0000][1][safepoint    ] Safepoint "RevokeBias", Time since last: 2502897905 ns, Reaching safepoint: 73813 ns, At safepoint: 18473 ns, Total: 92286 ns
[2020-02-27T08:11:46.655+0000][1][safepoint    ] Safepoint "RevokeBias", Time since last: 2506504661 ns, Reaching safepoint: 84449 ns, At safepoint: 19719 ns, Total: 104168 ns
[2020-02-27T08:11:49.160+0000][1][safepoint    ] Safepoint "RevokeBias", Time since last: 2504793301 ns, Reaching safepoint: 72919 ns, At safepoint: 17468 ns, Total: 90387 ns
[2020-02-27T08:11:51.668+0000][1][safepoint    ] Safepoint "RevokeBias", Time since last: 2507599792 ns, Reaching safepoint: 78714 ns, At safepoint: 19491 ns, Total: 98205 ns
[2020-02-27T08:11:54.172+0000][1][safepoint    ] Safepoint "RevokeBias", Time since last: 2504169819 ns, Reaching safepoint: 101152 ns, At safepoint: 28676 ns, Total: 129828 ns
[2020-02-27T08:11:56.675+0000][1][safepoint    ] Safepoint "RevokeBias", Time since last: 2503333171 ns, Reaching safepoint: 108268 ns, At safepoint: 28005 ns, Total: 136273 ns
[2020-02-27T08:11:59.182+0000][1][safepoint    ] Safepoint "RevokeBias", Time since last: 2506575457 ns, Reaching safepoint: 108732 ns, At safepoint: 28848 ns, Total: 137580 ns
[2020-02-27T08:12:01.687+0000][1][safepoint    ] Safepoint "RevokeBias", Time since last: 2505186508 ns, Reaching safepoint: 90637 ns, At safepoint: 20665 ns, Total: 111302 ns
[2020-02-27T08:12:04.206+0000][1][safepoint    ] Safepoint "RevokeBias", Time since last: 2518951999 ns, Reaching safepoint: 132128 ns, At safepoint: 20145 ns, Total: 152273 ns
[2020-02-27T08:12:06.716+0000][1][safepoint    ] Safepoint "RevokeBias", Time since last: 2509546608 ns, Reaching safepoint: 95634 ns, At safepoint: 24182 ns, Total: 119816 ns
[2020-02-27T08:12:09.240+0000][1][safepoint    ] Safepoint "RevokeBias", Time since last: 2523511906 ns, Reaching safepoint: 74811 ns, At safepoint: 18036 ns, Total: 92847 ns
[2020-02-27T08:12:11.748+0000][1][safepoint    ] Safepoint "RevokeBias", Time since last: 2507990187 ns, Reaching safepoint: 72516 ns, At safepoint: 16969 ns, Total: 89485 ns
[2020-02-27T08:12:14.274+0000][1][safepoint    ] Safepoint "RevokeBias", Time since last: 2525698874 ns, Reaching safepoint: 61746 ns, At safepoint: 18652 ns, Total: 80398 ns
[2020-02-27T08:12:16.791+0000][1][safepoint    ] Safepoint "RevokeBias", Time since last: 2517307036 ns, Reaching safepoint: 76104 ns, At safepoint: 18822 ns, Total: 94926 ns
[2020-02-27T08:12:19.313+0000][1][safepoint    ] Safepoint "BulkRevokeBias", Time since last: 2521828972 ns, Reaching safepoint: 78942 ns, At safepoint: 374400 ns, Total: 453342 ns
[2020-02-27T08:12:21.828+0000][1][safepoint    ] Safepoint "RevokeBias", Time since last: 2514577936 ns, Reaching safepoint: 73803 ns, At safepoint: 17789 ns, Total: 91592 ns
[2020-02-27T08:12:24.338+0000][1][safepoint    ] Safepoint "RevokeBias", Time since last: 2509906292 ns, Reaching safepoint: 56740 ns, At safepoint: 16506 ns, Total: 73246 ns
[2020-02-27T08:12:26.851+0000][1][safepoint    ] Safepoint "RevokeBias", Time since last: 2513130928 ns, Reaching safepoint: 77931 ns, At safepoint: 19414 ns, Total: 97345 ns
[2020-02-27T08:12:29.356+0000][1][safepoint    ] Safepoint "RevokeBias", Time since last: 2504411932 ns, Reaching safepoint: 83936 ns, At safepoint: 19636 ns, Total: 103572 ns
[2020-02-27T08:12:31.860+0000][1][safepoint    ] Safepoint "RevokeBias", Time since last: 2504118373 ns, Reaching safepoint: 87843 ns, At safepoint: 19979 ns, Total: 107822 ns
[2020-02-27T08:12:34.363+0000][1][safepoint    ] Safepoint "RevokeBias", Time since last: 2503036582 ns, Reaching safepoint: 76661 ns, At safepoint: 18816 ns, Total: 95477 ns
[2020-02-27T08:12:36.868+0000][1][safepoint    ] Safepoint "RevokeBias", Time since last: 2505162271 ns, Reaching safepoint: 169078 ns, At safepoint: 66671 ns, Total: 235749 ns
[2020-02-27T08:12:39.374+0000][1][safepoint    ] Safepoint "RevokeBias", Time since last: 2505457126 ns, Reaching safepoint: 76187 ns, At safepoint: 18110 ns, Total: 94297 ns
[2020-02-27T08:12:41.879+0000][1][safepoint    ] Safepoint "RevokeBias", Time since last: 2504581801 ns, Reaching safepoint: 74817 ns, At safepoint: 17255 ns, Total: 92072 ns
[2020-02-27T08:12:44.383+0000][1][safepoint    ] Safepoint "RevokeBias", Time since last: 2504246232 ns, Reaching safepoint: 170081 ns, At safepoint: 27255 ns, Total: 197336 ns
[2020-02-27T08:12:46.903+0000][1][safepoint    ] Safepoint "RevokeBias", Time since last: 2518744586 ns, Reaching safepoint: 1135338 ns, At safepoint: 129771 ns, Total: 1265109 ns
[2020-02-27T08:12:49.410+0000][1][safepoint    ] Safepoint "RevokeBias", Time since last: 2506805581 ns, Reaching safepoint: 74374 ns, At safepoint: 17828 ns, Total: 92202 ns
[2020-02-27T08:12:51.915+0000][1][safepoint    ] Safepoint "RevokeBias", Time since last: 2504883814 ns, Reaching safepoint: 74557 ns, At safepoint: 18249 ns, Total: 92806 ns
[2020-02-27T08:12:54.419+0000][1][safepoint    ] Safepoint "RevokeBias", Time since last: 2503592661 ns, Reaching safepoint: 74983 ns, At safepoint: 17304 ns, Total: 92287 ns
[2020-02-27T08:12:56.929+0000][1][safepoint    ] Safepoint "RevokeBias", Time since last: 2509836014 ns, Reaching safepoint: 108805 ns, At safepoint: 25434 ns, Total: 134239 ns
[2020-02-27T08:12:59.439+0000][1][gc,start     ] GC(126) Pause Young (Allocation Failure)
[2020-02-27T08:12:59.440+0000][1][gc,task      ] GC(126) Using 1 workers of 1 for evacuation
[2020-02-27T08:12:59.450+0000][1][gc,age       ] GC(126) Desired survivor size 4358144 bytes, new threshold 6 (max threshold 6)
[2020-02-27T08:12:59.450+0000][1][gc,age       ] GC(126) Age table with threshold 6 (max threshold 6)
[2020-02-27T08:12:59.450+0000][1][gc,age       ] GC(126) - age   1:      22488 bytes,      22488 total
[2020-02-27T08:12:59.450+0000][1][gc,age       ] GC(126) - age   3:        240 bytes,      22728 total
[2020-02-27T08:12:59.450+0000][1][gc,age       ] GC(126) - age   4:        136 bytes,      22864 total
[2020-02-27T08:12:59.450+0000][1][gc,age       ] GC(126) - age   5:       1096 bytes,      23960 total
[2020-02-27T08:12:59.450+0000][1][gc,age       ] GC(126) - age   6:        200 bytes,      24160 total
[2020-02-27T08:12:59.450+0000][1][gc,heap      ] GC(126) ParNew: 68175K->28K(76672K)
[2020-02-27T08:12:59.450+0000][1][gc,heap      ] GC(126) CMS: 62515K->62516K(963392K)
[2020-02-27T08:12:59.450+0000][1][gc,metaspace ] GC(126) Metaspace: 80249K->80249K(1122304K)
[2020-02-27T08:12:59.450+0000][1][gc           ] GC(126) Pause Young (Allocation Failure) 127M->61M(1015M) 10.694ms
[2020-02-27T08:12:59.450+0000][1][gc,cpu       ] GC(126) User=0.01s Sys=0.00s Real=0.01s
[2020-02-27T08:12:59.450+0000][1][safepoint    ] Safepoint "GenCollectForAllocation", Time since last: 2510701597 ns, Reaching safepoint: 81456 ns, At safepoint: 10791384 ns, Total: 10872840 ns
[2020-02-27T08:12:59.451+0000][1][safepoint    ] Safepoint "RevokeBias", Time since last: 859163 ns, Reaching safepoint: 70299 ns, At safepoint: 17195 ns, Total: 87494 ns
[2020-02-27T08:13:01.965+0000][1][safepoint    ] Safepoint "RevokeBias", Time since last: 2513595120 ns, Reaching safepoint: 146242 ns, At safepoint: 34692 ns, Total: 180934 ns
[2020-02-27T08:13:04.472+0000][1][safepoint    ] Safepoint "RevokeBias", Time since last: 2507373247 ns, Reaching safepoint: 78134 ns, At safepoint: 18443 ns, Total: 96577 ns
[2020-02-27T08:13:06.994+0000][1][safepoint    ] Safepoint "RevokeBias", Time since last: 2521209637 ns, Reaching safepoint: 82090 ns, At safepoint: 21207 ns, Total: 103297 ns
[2020-02-27T08:13:09.505+0000][1][safepoint    ] Safepoint "RevokeBias", Time since last: 2511385913 ns, Reaching safepoint: 88115 ns, At safepoint: 18248 ns, Total: 106363 ns
[2020-02-27T08:13:12.017+0000][1][safepoint    ] Safepoint "RevokeBias", Time since last: 2511964561 ns, Reaching safepoint: 140739 ns, At safepoint: 20515 ns, Total: 161254 ns
[2020-02-27T08:13:14.527+0000][1][safepoint    ] Safepoint "RevokeBias", Time since last: 2509520679 ns, Reaching safepoint: 116429 ns, At safepoint: 95598 ns, Total: 212027 ns
[2020-02-27T08:13:17.033+0000][1][safepoint    ] Safepoint "RevokeBias", Time since last: 2506097407 ns, Reaching safepoint: 93518 ns, At safepoint: 20934 ns, Total: 114452 ns
[2020-02-27T08:13:19.540+0000][1][safepoint    ] Safepoint "RevokeBias", Time since last: 2506782603 ns, Reaching safepoint: 109438 ns, At safepoint: 27301 ns, Total: 136739 ns
[2020-02-27T08:13:22.046+0000][1][safepoint    ] Safepoint "RevokeBias", Time since last: 2505751235 ns, Reaching safepoint: 165263 ns, At safepoint: 33180 ns, Total: 198443 ns
[2020-02-27T08:13:23.048+0000][1][safepoint    ] Safepoint "Cleanup", Time since last: 1002024748 ns, Reaching safepoint: 99250 ns, At safepoint: 7848 ns, Total: 107098 ns
[2020-02-27T08:13:24.550+0000][1][safepoint    ] Safepoint "RevokeBias", Time since last: 1501654550 ns, Reaching safepoint: 96422 ns, At safepoint: 28007 ns, Total: 124429 ns
[2020-02-27T08:13:27.053+0000][1][safepoint    ] Safepoint "RevokeBias", Time since last: 2502889563 ns, Reaching safepoint: 87649 ns, At safepoint: 22425 ns, Total: 110074 ns
[2020-02-27T08:13:29.560+0000][1][safepoint    ] Safepoint "RevokeBias", Time since last: 2506331333 ns, Reaching safepoint: 110142 ns, At safepoint: 28328 ns, Total: 138470 ns
[2020-02-27T08:13:32.066+0000][1][safepoint    ] Safepoint "BulkRevokeBias", Time since last: 2506045835 ns, Reaching safepoint: 99012 ns, At safepoint: 283581 ns, Total: 382593 ns
[2020-02-27T08:13:34.569+0000][1][safepoint    ] Safepoint "RevokeBias", Time since last: 2503033317 ns, Reaching safepoint: 74346 ns, At safepoint: 17927 ns, Total: 92273 ns
[2020-02-27T08:13:37.075+0000][1][safepoint    ] Safepoint "RevokeBias", Time since last: 2506009298 ns, Reaching safepoint: 84851 ns, At safepoint: 19999 ns, Total: 104850 ns
[2020-02-27T08:13:39.583+0000][1][safepoint    ] Safepoint "RevokeBias", Time since last: 2507546830 ns, Reaching safepoint: 148271 ns, At safepoint: 25486 ns, Total: 173757 ns
[2020-02-27T08:13:42.089+0000][1][safepoint    ] Safepoint "RevokeBias", Time since last: 2506338435 ns, Reaching safepoint: 91839 ns, At safepoint: 20790 ns, Total: 112629 ns
[2020-02-27T08:13:44.592+0000][1][safepoint    ] Safepoint "RevokeBias", Time since last: 2502530810 ns, Reaching safepoint: 72957 ns, At safepoint: 18715 ns, Total: 91672 ns
[2020-02-27T08:13:47.097+0000][1][safepoint    ] Safepoint "RevokeBias", Time since last: 2505065766 ns, Reaching safepoint: 128614 ns, At safepoint: 23448 ns, Total: 152062 ns
[2020-02-27T08:13:49.603+0000][1][safepoint    ] Safepoint "RevokeBias", Time since last: 2505377870 ns, Reaching safepoint: 71807 ns, At safepoint: 17978 ns, Total: 89785 ns
[2020-02-27T08:13:52.109+0000][1][safepoint    ] Safepoint "RevokeBias", Time since last: 2506145639 ns, Reaching safepoint: 116831 ns, At safepoint: 29922 ns, Total: 146753 ns
[2020-02-27T08:13:53.110+0000][1][safepoint    ] Safepoint "Cleanup", Time since last: 1001027826 ns, Reaching safepoint: 89885 ns, At safepoint: 26963 ns, Total: 116848 ns
[2020-02-27T08:13:54.623+0000][1][safepoint    ] Safepoint "RevokeBias", Time since last: 1512356922 ns, Reaching safepoint: 96297 ns, At safepoint: 25991 ns, Total: 122288 ns
[2020-02-27T08:13:57.135+0000][1][safepoint    ] Safepoint "RevokeBias", Time since last: 2512775063 ns, Reaching safepoint: 73591 ns, At safepoint: 16540 ns, Total: 90131 ns
[2020-02-27T08:13:59.651+0000][1][safepoint    ] Safepoint "RevokeBias", Time since last: 2515303209 ns, Reaching safepoint: 115117 ns, At safepoint: 28560 ns, Total: 143677 ns
[2020-02-27T08:14:02.162+0000][1][safepoint    ] Safepoint "RevokeBias", Time since last: 2510703626 ns, Reaching safepoint: 111858 ns, At safepoint: 26676 ns, Total: 138534 ns
[2020-02-27T08:14:04.675+0000][1][safepoint    ] Safepoint "RevokeBias", Time since last: 2513575827 ns, Reaching safepoint: 88140 ns, At safepoint: 20584 ns, Total: 108724 ns
[2020-02-27T08:14:07.187+0000][1][safepoint    ] Safepoint "RevokeBias", Time since last: 2511603554 ns, Reaching safepoint: 74752 ns, At safepoint: 17855 ns, Total: 92607 ns
[2020-02-27T08:14:09.702+0000][1][safepoint    ] Safepoint "RevokeBias", Time since last: 2514498055 ns, Reaching safepoint: 75711 ns, At safepoint: 17834 ns, Total: 93545 ns
[2020-02-27T08:14:12.218+0000][1][safepoint    ] Safepoint "RevokeBias", Time since last: 2515863501 ns, Reaching safepoint: 132888 ns, At safepoint: 39794 ns, Total: 172682 ns
[2020-02-27T08:14:14.737+0000][1][safepoint    ] Safepoint "RevokeBias", Time since last: 2519103137 ns, Reaching safepoint: 96718 ns, At safepoint: 17682 ns, Total: 114400 ns
[2020-02-27T08:14:17.248+0000][1][safepoint    ] Safepoint "RevokeBias", Time since last: 2510979316 ns, Reaching safepoint: 211623 ns, At safepoint: 45646 ns, Total: 257269 ns
[2020-02-27T08:14:19.754+0000][1][safepoint    ] Safepoint "RevokeBias", Time since last: 2505215686 ns, Reaching safepoint: 90138 ns, At safepoint: 67455 ns, Total: 157593 ns
[2020-02-27T08:14:22.260+0000][1][safepoint    ] Safepoint "RevokeBias", Time since last: 2506295405 ns, Reaching safepoint: 138558 ns, At safepoint: 42022 ns, Total: 180580 ns
[2020-02-27T08:14:24.764+0000][1][safepoint    ] Safepoint "RevokeBias", Time since last: 2503489836 ns, Reaching safepoint: 111706 ns, At safepoint: 26855 ns, Total: 138561 ns
[2020-02-27T08:14:27.267+0000][1][safepoint    ] Safepoint "RevokeBias", Time since last: 2502935878 ns, Reaching safepoint: 73083 ns, At safepoint: 17966 ns, Total: 91049 ns
[2020-02-27T08:14:29.772+0000][1][safepoint    ] Safepoint "RevokeBias", Time since last: 2504977775 ns, Reaching safepoint: 75182 ns, At safepoint: 18253 ns, Total: 93435 ns
[2020-02-27T08:14:32.276+0000][1][safepoint    ] Safepoint "RevokeBias", Time since last: 2504387413 ns, Reaching safepoint: 165928 ns, At safepoint: 19555 ns, Total: 185483 ns
[2020-02-27T08:14:34.779+0000][1][safepoint    ] Safepoint "RevokeBias", Time since last: 2502617481 ns, Reaching safepoint: 73082 ns, At safepoint: 17802 ns, Total: 90884 ns
[2020-02-27T08:14:37.285+0000][1][safepoint    ] Safepoint "RevokeBias", Time since last: 2506214958 ns, Reaching safepoint: 120466 ns, At safepoint: 43832 ns, Total: 164298 ns
[2020-02-27T08:14:39.792+0000][1][safepoint    ] Safepoint "RevokeBias", Time since last: 2506221083 ns, Reaching safepoint: 117949 ns, At safepoint: 25280 ns, Total: 143229 ns
[2020-02-27T08:14:42.299+0000][1][safepoint    ] Safepoint "RevokeBias", Time since last: 2507287009 ns, Reaching safepoint: 72195 ns, At safepoint: 17179 ns, Total: 89374 ns
[2020-02-27T08:14:44.803+0000][1][safepoint    ] Safepoint "BulkRevokeBias", Time since last: 2503814225 ns, Reaching safepoint: 92525 ns, At safepoint: 189830 ns, Total: 282355 ns
[2020-02-27T08:14:47.309+0000][1][safepoint    ] Safepoint "RevokeBias", Time since last: 2505656783 ns, Reaching safepoint: 74037 ns, At safepoint: 17757 ns, Total: 91794 ns
[2020-02-27T08:14:49.816+0000][1][safepoint    ] Safepoint "RevokeBias", Time since last: 2506535067 ns, Reaching safepoint: 145389 ns, At safepoint: 22960 ns, Total: 168349 ns
[2020-02-27T08:14:52.328+0000][1][safepoint    ] Safepoint "RevokeBias", Time since last: 2512564733 ns, Reaching safepoint: 151352 ns, At safepoint: 23466 ns, Total: 174818 ns
[2020-02-27T08:14:54.837+0000][1][safepoint    ] Safepoint "RevokeBias", Time since last: 2508470429 ns, Reaching safepoint: 105146 ns, At safepoint: 18891 ns, Total: 124037 ns
[2020-02-27T08:14:57.350+0000][1][safepoint    ] Safepoint "RevokeBias", Time since last: 2513208223 ns, Reaching safepoint: 61588 ns, At safepoint: 18407 ns, Total: 79995 ns
[2020-02-27T08:14:59.861+0000][1][safepoint    ] Safepoint "RevokeBias", Time since last: 2510205120 ns, Reaching safepoint: 123911 ns, At safepoint: 34521 ns, Total: 158432 ns
[2020-02-27T08:15:02.374+0000][1][safepoint    ] Safepoint "RevokeBias", Time since last: 2513509682 ns, Reaching safepoint: 72059 ns, At safepoint: 17885 ns, Total: 89944 ns
[2020-02-27T08:15:04.885+0000][1][safepoint    ] Safepoint "RevokeBias", Time since last: 2510948703 ns, Reaching safepoint: 105462 ns, At safepoint: 24773 ns, Total: 130235 ns
[2020-02-27T08:15:07.399+0000][1][safepoint    ] Safepoint "RevokeBias", Time since last: 2513752950 ns, Reaching safepoint: 71713 ns, At safepoint: 18197 ns, Total: 89910 ns
[2020-02-27T08:15:09.909+0000][1][safepoint    ] Safepoint "RevokeBias", Time since last: 2509925883 ns, Reaching safepoint: 107076 ns, At safepoint: 26464 ns, Total: 133540 ns
[2020-02-27T08:15:12.420+0000][1][safepoint    ] Safepoint "RevokeBias", Time since last: 2510978396 ns, Reaching safepoint: 72230 ns, At safepoint: 18213 ns, Total: 90443 ns
[2020-02-27T08:15:14.929+0000][1][safepoint    ] Safepoint "RevokeBias", Time since last: 2508743395 ns, Reaching safepoint: 73118 ns, At safepoint: 17744 ns, Total: 90862 ns
[2020-02-27T08:15:17.138+0000][1][gc,start     ] GC(127) Pause Young (Allocation Failure)
[2020-02-27T08:15:17.138+0000][1][gc,task      ] GC(127) Using 1 workers of 1 for evacuation
[2020-02-27T08:15:17.148+0000][1][gc,age       ] GC(127) Desired survivor size 4358144 bytes, new threshold 6 (max threshold 6)
[2020-02-27T08:15:17.148+0000][1][gc,age       ] GC(127) Age table with threshold 6 (max threshold 6)
[2020-02-27T08:15:17.148+0000][1][gc,age       ] GC(127) - age   1:      10688 bytes,      10688 total
[2020-02-27T08:15:17.148+0000][1][gc,age       ] GC(127) - age   2:        416 bytes,      11104 total
[2020-02-27T08:15:17.148+0000][1][gc,age       ] GC(127) - age   4:        240 bytes,      11344 total
[2020-02-27T08:15:17.148+0000][1][gc,age       ] GC(127) - age   5:        136 bytes,      11480 total
[2020-02-27T08:15:17.148+0000][1][gc,age       ] GC(127) - age   6:       1096 bytes,      12576 total
[2020-02-27T08:15:17.148+0000][1][gc,heap      ] GC(127) ParNew: 68188K->21K(76672K)
[2020-02-27T08:15:17.148+0000][1][gc,heap      ] GC(127) CMS: 62516K->62517K(963392K)
[2020-02-27T08:15:17.148+0000][1][gc,metaspace ] GC(127) Metaspace: 80282K->80282K(1122304K)
[2020-02-27T08:15:17.149+0000][1][gc           ] GC(127) Pause Young (Allocation Failure) 127M->61M(1015M) 10.147ms
[2020-02-27T08:15:17.149+0000][1][gc,cpu       ] GC(127) User=0.01s Sys=0.00s Real=0.01s
[2020-02-27T08:15:17.149+0000][1][safepoint    ] Safepoint "GenCollectForAllocation", Time since last: 2209062556 ns, Reaching safepoint: 73963 ns, At safepoint: 10287190 ns, Total: 10361153 ns
[2020-02-27T08:15:17.441+0000][1][safepoint    ] Safepoint "RevokeBias", Time since last: 292385872 ns, Reaching safepoint: 76249 ns, At safepoint: 17488 ns, Total: 93737 ns
[2020-02-27T08:15:19.960+0000][1][safepoint    ] Safepoint "RevokeBias", Time since last: 2517554608 ns, Reaching safepoint: 1305689 ns, At safepoint: 24032 ns, Total: 1329721 ns
[2020-02-27T08:15:22.464+0000][1][safepoint    ] Safepoint "RevokeBias", Time since last: 2504223353 ns, Reaching safepoint: 145828 ns, At safepoint: 21775 ns, Total: 167603 ns
[2020-02-27T08:15:24.969+0000][1][safepoint    ] Safepoint "RevokeBias", Time since last: 2504210659 ns, Reaching safepoint: 90266 ns, At safepoint: 16892 ns, Total: 107158 ns
[2020-02-27T08:15:27.472+0000][1][safepoint    ] Safepoint "RevokeBias", Time since last: 2502705841 ns, Reaching safepoint: 73067 ns, At safepoint: 18012 ns, Total: 91079 ns
[2020-02-27T08:15:29.976+0000][1][safepoint    ] Safepoint "RevokeBias", Time since last: 2504602449 ns, Reaching safepoint: 73896 ns, At safepoint: 18071 ns, Total: 91967 ns
[2020-02-27T08:15:32.485+0000][1][safepoint    ] Safepoint "RevokeBias", Time since last: 2508440592 ns, Reaching safepoint: 72675 ns, At safepoint: 17956 ns, Total: 90631 ns
[2020-02-27T08:15:33.508+0000][1][safepoint    ] Safepoint "Cleanup", Time since last: 1023632577 ns, Reaching safepoint: 79448 ns, At safepoint: 7975 ns, Total: 87423 ns
[2020-02-27T08:15:34.994+0000][1][safepoint    ] Safepoint "RevokeBias", Time since last: 1485825316 ns, Reaching safepoint: 73002 ns, At safepoint: 19346 ns, Total: 92348 ns
[2020-02-27T08:15:37.500+0000][1][safepoint    ] Safepoint "RevokeBias", Time since last: 2505372304 ns, Reaching safepoint: 143328 ns, At safepoint: 20207 ns, Total: 163535 ns
[2020-02-27T08:15:40.005+0000][1][safepoint    ] Safepoint "RevokeBias", Time since last: 2504822075 ns, Reaching safepoint: 93914 ns, At safepoint: 18141 ns, Total: 112055 ns
[2020-02-27T08:15:42.509+0000][1][safepoint    ] Safepoint "RevokeBias", Time since last: 2504307557 ns, Reaching safepoint: 108191 ns, At safepoint: 21283 ns, Total: 129474 ns
[2020-02-27T08:15:45.012+0000][1][safepoint    ] Safepoint "RevokeBias", Time since last: 2502917817 ns, Reaching safepoint: 74121 ns, At safepoint: 18068 ns, Total: 92189 ns
[2020-02-27T08:15:47.523+0000][1][safepoint    ] Safepoint "RevokeBias", Time since last: 2509628166 ns, Reaching safepoint: 1174703 ns, At safepoint: 24369 ns, Total: 1199072 ns
[2020-02-27T08:15:50.024+0000][1][safepoint    ] Safepoint "RevokeBias", Time since last: 2501117732 ns, Reaching safepoint: 58775 ns, At safepoint: 16939 ns, Total: 75714 ns
[2020-02-27T08:15:52.531+0000][1][safepoint    ] Safepoint "RevokeBias", Time since last: 2506443486 ns, Reaching safepoint: 77622 ns, At safepoint: 16791 ns, Total: 94413 ns
[2020-02-27T08:15:55.034+0000][1][safepoint    ] Safepoint "RevokeBias", Time since last: 2503073351 ns, Reaching safepoint: 94501 ns, At safepoint: 87510 ns, Total: 182011 ns
[2020-02-27T08:15:57.538+0000][1][safepoint    ] Safepoint "BulkRevokeBias", Time since last: 2503515811 ns, Reaching safepoint: 72530 ns, At safepoint: 312933 ns, Total: 385463 ns
[2020-02-27T08:16:00.061+0000][1][safepoint    ] Safepoint "RevokeBias", Time since last: 2523083845 ns, Reaching safepoint: 72853 ns, At safepoint: 17806 ns, Total: 90659 ns
[2020-02-27T08:16:02.572+0000][1][safepoint    ] Safepoint "RevokeBias", Time since last: 2510305328 ns, Reaching safepoint: 74118 ns, At safepoint: 64878 ns, Total: 138996 ns
[2020-02-27T08:16:05.091+0000][1][safepoint    ] Safepoint "RevokeBias", Time since last: 2519712750 ns, Reaching safepoint: 73128 ns, At safepoint: 17863 ns, Total: 90991 ns
[2020-02-27T08:16:07.601+0000][1][safepoint    ] Safepoint "RevokeBias", Time since last: 2509395936 ns, Reaching safepoint: 74582 ns, At safepoint: 17319 ns, Total: 91901 ns
[2020-02-27T08:16:10.117+0000][1][safepoint    ] Safepoint "RevokeBias", Time since last: 2516257305 ns, Reaching safepoint: 59006 ns, At safepoint: 16250 ns, Total: 75256 ns
[2020-02-27T08:16:12.628+0000][1][safepoint    ] Safepoint "RevokeBias", Time since last: 2510934486 ns, Reaching safepoint: 175374 ns, At safepoint: 19132 ns, Total: 194506 ns
[2020-02-27T08:16:15.136+0000][1][safepoint    ] Safepoint "RevokeBias", Time since last: 2507546884 ns, Reaching safepoint: 74946 ns, At safepoint: 18330 ns, Total: 93276 ns
[2020-02-27T08:16:17.647+0000][1][safepoint    ] Safepoint "RevokeBias", Time since last: 2510831102 ns, Reaching safepoint: 154284 ns, At safepoint: 23330 ns, Total: 177614 ns
[2020-02-27T08:16:20.163+0000][1][safepoint    ] Safepoint "RevokeBias", Time since last: 2515661965 ns, Reaching safepoint: 107291 ns, At safepoint: 48912 ns, Total: 156203 ns
[2020-02-27T08:16:22.674+0000][1][safepoint    ] Safepoint "RevokeBias", Time since last: 2511164568 ns, Reaching safepoint: 89650 ns, At safepoint: 20405 ns, Total: 110055 ns
[2020-02-27T08:16:25.185+0000][1][safepoint    ] Safepoint "RevokeBias", Time since last: 2510367837 ns, Reaching safepoint: 73122 ns, At safepoint: 16690 ns, Total: 89812 ns
[2020-02-27T08:16:27.693+0000][1][safepoint    ] Safepoint "RevokeBias", Time since last: 2508416727 ns, Reaching safepoint: 76022 ns, At safepoint: 18789 ns, Total: 94811 ns
[2020-02-27T08:16:30.198+0000][1][safepoint    ] Safepoint "RevokeBias", Time since last: 2504334101 ns, Reaching safepoint: 83328 ns, At safepoint: 38494 ns, Total: 121822 ns
[2020-02-27T08:16:32.703+0000][1][safepoint    ] Safepoint "RevokeBias", Time since last: 2505617739 ns, Reaching safepoint: 72893 ns, At safepoint: 16982 ns, Total: 89875 ns
[2020-02-27T08:16:35.512+0000][1][safepoint    ] Safepoint "RevokeBias", Time since last: 2809092830 ns, Reaching safepoint: 75536 ns, At safepoint: 18094 ns, Total: 93630 ns
[2020-02-27T08:16:38.022+0000][1][safepoint    ] Safepoint "RevokeBias", Time since last: 2509569194 ns, Reaching safepoint: 74022 ns, At safepoint: 18028 ns, Total: 92050 ns
[2020-02-27T08:16:40.527+0000][1][safepoint    ] Safepoint "RevokeBias", Time since last: 2504433356 ns, Reaching safepoint: 75714 ns, At safepoint: 18868 ns, Total: 94582 ns
[2020-02-27T08:16:43.033+0000][1][safepoint    ] Safepoint "RevokeBias", Time since last: 2506079338 ns, Reaching safepoint: 76156 ns, At safepoint: 19200 ns, Total: 95356 ns
[2020-02-27T08:16:45.540+0000][1][safepoint    ] Safepoint "RevokeBias", Time since last: 2507145418 ns, Reaching safepoint: 74183 ns, At safepoint: 17767 ns, Total: 91950 ns
[2020-02-27T08:16:48.048+0000][1][safepoint    ] Safepoint "RevokeBias", Time since last: 2507611726 ns, Reaching safepoint: 87576 ns, At safepoint: 20838 ns, Total: 108414 ns
[2020-02-27T08:16:50.553+0000][1][safepoint    ] Safepoint "RevokeBias", Time since last: 2505542660 ns, Reaching safepoint: 119127 ns, At safepoint: 21762 ns, Total: 140889 ns
[2020-02-27T08:16:53.058+0000][1][safepoint    ] Safepoint "RevokeBias", Time since last: 2504303923 ns, Reaching safepoint: 92244 ns, At safepoint: 21948 ns, Total: 114192 ns
[2020-02-27T08:16:55.561+0000][1][safepoint    ] Safepoint "RevokeBias", Time since last: 2503434829 ns, Reaching safepoint: 74112 ns, At safepoint: 18391 ns, Total: 92503 ns
[2020-02-27T08:16:58.065+0000][1][safepoint    ] Safepoint "RevokeBias", Time since last: 2503524069 ns, Reaching safepoint: 127876 ns, At safepoint: 19968 ns, Total: 147844 ns
[2020-02-27T08:17:00.568+0000][1][safepoint    ] Safepoint "RevokeBias", Time since last: 2502927014 ns, Reaching safepoint: 71131 ns, At safepoint: 16917 ns, Total: 88048 ns
[2020-02-27T08:17:03.071+0000][1][safepoint    ] Safepoint "RevokeBias", Time since last: 2502360917 ns, Reaching safepoint: 127699 ns, At safepoint: 39133 ns, Total: 166832 ns
[2020-02-27T08:17:05.574+0000][1][safepoint    ] Safepoint "RevokeBias", Time since last: 2503155566 ns, Reaching safepoint: 184501 ns, At safepoint: 29518 ns, Total: 214019 ns
[2020-02-27T08:17:08.078+0000][1][safepoint    ] Safepoint "RevokeBias", Time since last: 2503660729 ns, Reaching safepoint: 72528 ns, At safepoint: 17998 ns, Total: 90526 ns
[2020-02-27T08:17:10.588+0000][1][safepoint    ] Safepoint "BulkRevokeBias", Time since last: 2509265159 ns, Reaching safepoint: 1146133 ns, At safepoint: 328738 ns, Total: 1474871 ns
[2020-02-27T08:17:13.089+0000][1][safepoint    ] Safepoint "RevokeBias", Time since last: 2500137892 ns, Reaching safepoint: 72988 ns, At safepoint: 16841 ns, Total: 89829 ns
[2020-02-27T08:17:15.593+0000][1][safepoint    ] Safepoint "RevokeBias", Time since last: 2503996213 ns, Reaching safepoint: 135209 ns, At safepoint: 37065 ns, Total: 172274 ns
[2020-02-27T08:17:18.096+0000][1][safepoint    ] Safepoint "RevokeBias", Time since last: 2503536355 ns, Reaching safepoint: 80389 ns, At safepoint: 20473 ns, Total: 100862 ns
[2020-02-27T08:17:20.603+0000][1][safepoint    ] Safepoint "RevokeBias", Time since last: 2506689585 ns, Reaching safepoint: 105247 ns, At safepoint: 22176 ns, Total: 127423 ns
[2020-02-27T08:17:23.125+0000][1][safepoint    ] Safepoint "RevokeBias", Time since last: 2521455650 ns, Reaching safepoint: 126990 ns, At safepoint: 31169 ns, Total: 158159 ns
[2020-02-27T08:17:25.634+0000][1][safepoint    ] Safepoint "RevokeBias", Time since last: 2508890611 ns, Reaching safepoint: 72712 ns, At safepoint: 17956 ns, Total: 90668 ns
[2020-02-27T08:17:28.138+0000][1][safepoint    ] Safepoint "RevokeBias", Time since last: 2503640615 ns, Reaching safepoint: 72639 ns, At safepoint: 17606 ns, Total: 90245 ns
[2020-02-27T08:17:30.642+0000][1][safepoint    ] Safepoint "RevokeBias", Time since last: 2504340291 ns, Reaching safepoint: 112891 ns, At safepoint: 20604 ns, Total: 133495 ns
[2020-02-27T08:17:33.145+0000][1][safepoint    ] Safepoint "RevokeBias", Time since last: 2502618628 ns, Reaching safepoint: 73215 ns, At safepoint: 17217 ns, Total: 90432 ns
[2020-02-27T08:17:35.648+0000][1][safepoint    ] Safepoint "RevokeBias", Time since last: 2502978767 ns, Reaching safepoint: 72231 ns, At safepoint: 18519 ns, Total: 90750 ns
[2020-02-27T08:17:36.611+0000][1][gc,start     ] GC(128) Pause Young (Allocation Failure)
[2020-02-27T08:17:36.611+0000][1][gc,task      ] GC(128) Using 1 workers of 1 for evacuation
[2020-02-27T08:17:36.623+0000][1][gc,age       ] GC(128) Desired survivor size 4358144 bytes, new threshold 6 (max threshold 6)
[2020-02-27T08:17:36.623+0000][1][gc,age       ] GC(128) Age table with threshold 6 (max threshold 6)
[2020-02-27T08:17:36.623+0000][1][gc,age       ] GC(128) - age   1:      11984 bytes,      11984 total
[2020-02-27T08:17:36.623+0000][1][gc,age       ] GC(128) - age   2:        192 bytes,      12176 total
[2020-02-27T08:17:36.623+0000][1][gc,age       ] GC(128) - age   3:        416 bytes,      12592 total
[2020-02-27T08:17:36.623+0000][1][gc,age       ] GC(128) - age   6:        136 bytes,      12728 total
[2020-02-27T08:17:36.623+0000][1][gc,heap      ] GC(128) ParNew: 68181K->19K(76672K)
[2020-02-27T08:17:36.623+0000][1][gc,heap      ] GC(128) CMS: 62517K->62518K(963392K)
[2020-02-27T08:17:36.623+0000][1][gc,metaspace ] GC(128) Metaspace: 80282K->80282K(1122304K)
[2020-02-27T08:17:36.623+0000][1][gc           ] GC(128) Pause Young (Allocation Failure) 127M->61M(1015M) 12.040ms
[2020-02-27T08:17:36.623+0000][1][gc,cpu       ] GC(128) User=0.01s Sys=0.00s Real=0.01s
[2020-02-27T08:17:36.623+0000][1][safepoint    ] Safepoint "GenCollectForAllocation", Time since last: 963182117 ns, Reaching safepoint: 80683 ns, At safepoint: 12116823 ns, Total: 12197506 ns
[2020-02-27T08:17:38.150+0000][1][safepoint    ] Safepoint "RevokeBias", Time since last: 1526834148 ns, Reaching safepoint: 76025 ns, At safepoint: 18089 ns, Total: 94114 ns
[2020-02-27T08:17:40.654+0000][1][safepoint    ] Safepoint "RevokeBias", Time since last: 2503715050 ns, Reaching safepoint: 75175 ns, At safepoint: 17408 ns, Total: 92583 ns
[2020-02-27T08:17:43.157+0000][1][safepoint    ] Safepoint "RevokeBias", Time since last: 2503189243 ns, Reaching safepoint: 77260 ns, At safepoint: 18650 ns, Total: 95910 ns
[2020-02-27T08:17:45.665+0000][1][safepoint    ] Safepoint "RevokeBias", Time since last: 2507332689 ns, Reaching safepoint: 71040 ns, At safepoint: 17604 ns, Total: 88644 ns
[2020-02-27T08:17:48.169+0000][1][safepoint    ] Safepoint "RevokeBias", Time since last: 2503990893 ns, Reaching safepoint: 74784 ns, At safepoint: 17941 ns, Total: 92725 ns
[2020-02-27T08:17:50.675+0000][1][safepoint    ] Safepoint "RevokeBias", Time since last: 2505968578 ns, Reaching safepoint: 75027 ns, At safepoint: 17730 ns, Total: 92757 ns
[2020-02-27T08:17:53.183+0000][1][safepoint    ] Safepoint "RevokeBias", Time since last: 2508429828 ns, Reaching safepoint: 126905 ns, At safepoint: 57760 ns, Total: 184665 ns
[2020-02-27T08:17:55.688+0000][1][safepoint    ] Safepoint "RevokeBias", Time since last: 2504796686 ns, Reaching safepoint: 73736 ns, At safepoint: 18363 ns, Total: 92099 ns
[2020-02-27T08:17:58.191+0000][1][safepoint    ] Safepoint "RevokeBias", Time since last: 2502192170 ns, Reaching safepoint: 93286 ns, At safepoint: 21686 ns, Total: 114972 ns
[2020-02-27T08:18:00.697+0000][1][safepoint    ] Safepoint "RevokeBias", Time since last: 2506344253 ns, Reaching safepoint: 74948 ns, At safepoint: 18266 ns, Total: 93214 ns
[2020-02-27T08:18:03.201+0000][1][safepoint    ] Safepoint "RevokeBias", Time since last: 2503829020 ns, Reaching safepoint: 103340 ns, At safepoint: 29671 ns, Total: 133011 ns
[2020-02-27T08:18:05.720+0000][1][safepoint    ] Safepoint "RevokeBias", Time since last: 2519125320 ns, Reaching safepoint: 72304 ns, At safepoint: 18338 ns, Total: 90642 ns
[2020-02-27T08:18:08.232+0000][1][safepoint    ] Safepoint "RevokeBias", Time since last: 2511138918 ns, Reaching safepoint: 122251 ns, At safepoint: 33486 ns, Total: 155737 ns
[2020-02-27T08:18:10.755+0000][1][safepoint    ] Safepoint "RevokeBias", Time since last: 2523667695 ns, Reaching safepoint: 203840 ns, At safepoint: 33638 ns, Total: 237478 ns
[2020-02-27T08:18:13.266+0000][1][safepoint    ] Safepoint "RevokeBias", Time since last: 2510055960 ns, Reaching safepoint: 101226 ns, At safepoint: 28662 ns, Total: 129888 ns
[2020-02-27T08:18:15.783+0000][1][safepoint    ] Safepoint "RevokeBias", Time since last: 2517249990 ns, Reaching safepoint: 203916 ns, At safepoint: 30843 ns, Total: 234759 ns
[2020-02-27T08:18:18.305+0000][1][safepoint    ] Safepoint "RevokeBias", Time since last: 2521410683 ns, Reaching safepoint: 70223 ns, At safepoint: 16155 ns, Total: 86378 ns
[2020-02-27T08:18:20.809+0000][1][safepoint    ] Safepoint "RevokeBias", Time since last: 2504658570 ns, Reaching safepoint: 73732 ns, At safepoint: 17204 ns, Total: 90936 ns
[2020-02-27T08:18:23.314+0000][1][safepoint    ] Safepoint "BulkRevokeBias", Time since last: 2503912342 ns, Reaching safepoint: 78582 ns, At safepoint: 229578 ns, Total: 308160 ns
[2020-02-27T08:18:25.818+0000][1][safepoint    ] Safepoint "RevokeBias", Time since last: 2504291054 ns, Reaching safepoint: 152117 ns, At safepoint: 25569 ns, Total: 177686 ns
[2020-02-27T08:18:28.321+0000][1][safepoint    ] Safepoint "RevokeBias", Time since last: 2502675722 ns, Reaching safepoint: 74571 ns, At safepoint: 17731 ns, Total: 92302 ns
[2020-02-27T08:18:30.826+0000][1][safepoint    ] Safepoint "RevokeBias", Time since last: 2505039368 ns, Reaching safepoint: 142228 ns, At safepoint: 21061 ns, Total: 163289 ns
[2020-02-27T08:18:33.330+0000][1][safepoint    ] Safepoint "RevokeBias", Time since last: 2503681575 ns, Reaching safepoint: 73153 ns, At safepoint: 17480 ns, Total: 90633 ns
[2020-02-27T08:18:35.866+0000][1][safepoint    ] Safepoint "RevokeBias", Time since last: 2536474058 ns, Reaching safepoint: 106935 ns, At safepoint: 28967 ns, Total: 135902 ns
[2020-02-27T08:18:38.373+0000][1][safepoint    ] Safepoint "RevokeBias", Time since last: 2506362652 ns, Reaching safepoint: 116809 ns, At safepoint: 30510 ns, Total: 147319 ns
[2020-02-27T08:18:40.880+0000][1][safepoint    ] Safepoint "RevokeBias", Time since last: 2506797160 ns, Reaching safepoint: 90859 ns, At safepoint: 27140 ns, Total: 117999 ns
[2020-02-27T08:18:43.383+0000][1][safepoint    ] Safepoint "RevokeBias", Time since last: 2503488088 ns, Reaching safepoint: 73704 ns, At safepoint: 17651 ns, Total: 91355 ns
[2020-02-27T08:18:45.886+0000][1][safepoint    ] Safepoint "RevokeBias", Time since last: 2502289374 ns, Reaching safepoint: 74526 ns, At safepoint: 18889 ns, Total: 93415 ns
[2020-02-27T08:18:48.391+0000][1][safepoint    ] Safepoint "RevokeBias", Time since last: 2504941915 ns, Reaching safepoint: 75053 ns, At safepoint: 18405 ns, Total: 93458 ns
[2020-02-27T08:18:50.905+0000][1][safepoint    ] Safepoint "RevokeBias", Time since last: 2513954944 ns, Reaching safepoint: 151469 ns, At safepoint: 28708 ns, Total: 180177 ns
[2020-02-27T08:18:53.421+0000][1][safepoint    ] Safepoint "RevokeBias", Time since last: 2516272171 ns, Reaching safepoint: 75780 ns, At safepoint: 18310 ns, Total: 94090 ns
[2020-02-27T08:18:55.932+0000][1][safepoint    ] Safepoint "RevokeBias", Time since last: 2510796410 ns, Reaching safepoint: 83171 ns, At safepoint: 34226 ns, Total: 117397 ns
[2020-02-27T08:18:58.444+0000][1][safepoint    ] Safepoint "RevokeBias", Time since last: 2511664518 ns, Reaching safepoint: 79429 ns, At safepoint: 20616 ns, Total: 100045 ns
[2020-02-27T08:19:00.958+0000][1][safepoint    ] Safepoint "RevokeBias", Time since last: 2513853949 ns, Reaching safepoint: 57558 ns, At safepoint: 81449 ns, Total: 139007 ns
[2020-02-27T08:19:03.469+0000][1][safepoint    ] Safepoint "RevokeBias", Time since last: 2511270935 ns, Reaching safepoint: 73708 ns, At safepoint: 17309 ns, Total: 91017 ns
[2020-02-27T08:19:05.978+0000][1][safepoint    ] Safepoint "RevokeBias", Time since last: 2508459187 ns, Reaching safepoint: 75982 ns, At safepoint: 18443 ns, Total: 94425 ns
[2020-02-27T08:19:08.493+0000][1][safepoint    ] Safepoint "RevokeBias", Time since last: 2514469423 ns, Reaching safepoint: 128898 ns, At safepoint: 50796 ns, Total: 179694 ns
[2020-02-27T08:19:11.002+0000][1][safepoint    ] Safepoint "RevokeBias", Time since last: 2509148545 ns, Reaching safepoint: 171368 ns, At safepoint: 25628 ns, Total: 196996 ns
[2020-02-27T08:19:13.506+0000][1][safepoint    ] Safepoint "RevokeBias", Time since last: 2503738796 ns, Reaching safepoint: 191831 ns, At safepoint: 22854 ns, Total: 214685 ns
[2020-02-27T08:19:16.010+0000][1][safepoint    ] Safepoint "RevokeBias", Time since last: 2503611147 ns, Reaching safepoint: 79545 ns, At safepoint: 19136 ns, Total: 98681 ns
[2020-02-27T08:19:18.513+0000][1][safepoint    ] Safepoint "RevokeBias", Time since last: 2503076444 ns, Reaching safepoint: 95039 ns, At safepoint: 22158 ns, Total: 117197 ns
[2020-02-27T08:19:21.017+0000][1][safepoint    ] Safepoint "RevokeBias", Time since last: 2503870549 ns, Reaching safepoint: 80752 ns, At safepoint: 24167 ns, Total: 104919 ns
[2020-02-27T08:19:23.522+0000][1][safepoint    ] Safepoint "RevokeBias", Time since last: 2504634631 ns, Reaching safepoint: 71959 ns, At safepoint: 17451 ns, Total: 89410 ns
[2020-02-27T08:19:26.025+0000][1][safepoint    ] Safepoint "RevokeBias", Time since last: 2502998813 ns, Reaching safepoint: 105761 ns, At safepoint: 29347 ns, Total: 135108 ns
[2020-02-27T08:19:28.530+0000][1][safepoint    ] Safepoint "RevokeBias", Time since last: 2505159298 ns, Reaching safepoint: 73746 ns, At safepoint: 18479 ns, Total: 92225 ns
[2020-02-27T08:19:31.035+0000][1][safepoint    ] Safepoint "RevokeBias", Time since last: 2505263414 ns, Reaching safepoint: 228228 ns, At safepoint: 42115 ns, Total: 270343 ns
[2020-02-27T08:19:33.541+0000][1][safepoint    ] Safepoint "RevokeBias", Time since last: 2505089431 ns, Reaching safepoint: 91826 ns, At safepoint: 80800 ns, Total: 172626 ns
[2020-02-27T08:19:36.045+0000][1][safepoint    ] Safepoint "BulkRevokeBias", Time since last: 2503973331 ns, Reaching safepoint: 90066 ns, At safepoint: 243095 ns, Total: 333161 ns
[2020-02-27T08:19:38.548+0000][1][safepoint    ] Safepoint "RevokeBias", Time since last: 2503287319 ns, Reaching safepoint: 59372 ns, At safepoint: 15829 ns, Total: 75201 ns
[2020-02-27T08:19:41.088+0000][1][safepoint    ] Safepoint "RevokeBias", Time since last: 2539092962 ns, Reaching safepoint: 104293 ns, At safepoint: 21517 ns, Total: 125810 ns
[2020-02-27T08:19:43.592+0000][1][safepoint    ] Safepoint "RevokeBias", Time since last: 2504710462 ns, Reaching safepoint: 59595 ns, At safepoint: 16860 ns, Total: 76455 ns
[2020-02-27T08:19:46.097+0000][1][safepoint    ] Safepoint "RevokeBias", Time since last: 2504206460 ns, Reaching safepoint: 78492 ns, At safepoint: 18258 ns, Total: 96750 ns
[2020-02-27T08:19:48.600+0000][1][safepoint    ] Safepoint "RevokeBias", Time since last: 2503669168 ns, Reaching safepoint: 56039 ns, At safepoint: 16378 ns, Total: 72417 ns
[2020-02-27T08:19:51.114+0000][1][safepoint    ] Safepoint "RevokeBias", Time since last: 2513815636 ns, Reaching safepoint: 72203 ns, At safepoint: 18291 ns, Total: 90494 ns
[2020-02-27T08:19:51.738+0000][1][gc,start     ] GC(129) Pause Young (Allocation Failure)
[2020-02-27T08:19:51.738+0000][1][gc,task      ] GC(129) Using 1 workers of 1 for evacuation
[2020-02-27T08:19:51.753+0000][1][gc,age       ] GC(129) Desired survivor size 4358144 bytes, new threshold 6 (max threshold 6)
[2020-02-27T08:19:51.754+0000][1][gc,age       ] GC(129) Age table with threshold 6 (max threshold 6)
[2020-02-27T08:19:51.754+0000][1][gc,age       ] GC(129) - age   1:      11888 bytes,      11888 total
[2020-02-27T08:19:51.754+0000][1][gc,age       ] GC(129) - age   2:        120 bytes,      12008 total
[2020-02-27T08:19:51.754+0000][1][gc,age       ] GC(129) - age   3:        192 bytes,      12200 total
[2020-02-27T08:19:51.754+0000][1][gc,age       ] GC(129) - age   4:        416 bytes,      12616 total
[2020-02-27T08:19:51.754+0000][1][gc,heap      ] GC(129) ParNew: 68179K->23K(76672K)
[2020-02-27T08:19:51.754+0000][1][gc,heap      ] GC(129) CMS: 62518K->62518K(963392K)
[2020-02-27T08:19:51.754+0000][1][gc,metaspace ] GC(129) Metaspace: 80284K->80284K(1122304K)
[2020-02-27T08:19:51.754+0000][1][gc           ] GC(129) Pause Young (Allocation Failure) 127M->61M(1015M) 15.517ms
[2020-02-27T08:19:51.754+0000][1][gc,cpu       ] GC(129) User=0.02s Sys=0.00s Real=0.02s
[2020-02-27T08:19:51.754+0000][1][safepoint    ] Safepoint "GenCollectForAllocation", Time since last: 623786266 ns, Reaching safepoint: 189109 ns, At safepoint: 15611416 ns, Total: 15800525 ns
[2020-02-27T08:19:53.623+0000][1][safepoint    ] Safepoint "RevokeBias", Time since last: 1869279578 ns, Reaching safepoint: 77475 ns, At safepoint: 69298 ns, Total: 146773 ns
[2020-02-27T08:19:56.144+0000][1][safepoint    ] Safepoint "RevokeBias", Time since last: 2520891361 ns, Reaching safepoint: 169467 ns, At safepoint: 45399 ns, Total: 214866 ns
[2020-02-27T08:19:58.655+0000][1][safepoint    ] Safepoint "RevokeBias", Time since last: 2509984143 ns, Reaching safepoint: 113049 ns, At safepoint: 77234 ns, Total: 190283 ns
[2020-02-27T08:20:01.173+0000][1][safepoint    ] Safepoint "RevokeBias", Time since last: 2518361770 ns, Reaching safepoint: 131559 ns, At safepoint: 20272 ns, Total: 151831 ns
[2020-02-27T08:20:03.683+0000][1][safepoint    ] Safepoint "RevokeBias", Time since last: 2509711705 ns, Reaching safepoint: 216380 ns, At safepoint: 38765 ns, Total: 255145 ns
[2020-02-27T08:20:06.191+0000][1][safepoint    ] Safepoint "RevokeBias", Time since last: 2508265150 ns, Reaching safepoint: 56312 ns, At safepoint: 16953 ns, Total: 73265 ns
[2020-02-27T08:20:08.702+0000][1][safepoint    ] Safepoint "RevokeBias", Time since last: 2510514933 ns, Reaching safepoint: 102907 ns, At safepoint: 27256 ns, Total: 130163 ns
[2020-02-27T08:20:11.209+0000][1][safepoint    ] Safepoint "RevokeBias", Time since last: 2506710043 ns, Reaching safepoint: 69014 ns, At safepoint: 19709 ns, Total: 88723 ns
[2020-02-27T08:20:13.714+0000][1][safepoint    ] Safepoint "RevokeBias", Time since last: 2504674725 ns, Reaching safepoint: 87420 ns, At safepoint: 20476 ns, Total: 107896 ns
[2020-02-27T08:20:16.218+0000][1][safepoint    ] Safepoint "RevokeBias", Time since last: 2504062350 ns, Reaching safepoint: 77853 ns, At safepoint: 18956 ns, Total: 96809 ns
[2020-02-27T08:20:18.721+0000][1][safepoint    ] Safepoint "RevokeBias", Time since last: 2503024801 ns, Reaching safepoint: 76358 ns, At safepoint: 18607 ns, Total: 94965 ns
[2020-02-27T08:20:21.227+0000][1][safepoint    ] Safepoint "RevokeBias", Time since last: 2505641792 ns, Reaching safepoint: 99033 ns, At safepoint: 25353 ns, Total: 124386 ns
[2020-02-27T08:20:22.796+0000][1][safepoint    ] Safepoint "Cleanup", Time since last: 1569620836 ns, Reaching safepoint: 102683 ns, At safepoint: 8659 ns, Total: 111342 ns
[2020-02-27T08:20:23.730+0000][1][safepoint    ] Safepoint "RevokeBias", Time since last: 933864049 ns, Reaching safepoint: 77082 ns, At safepoint: 18321 ns, Total: 95403 ns
[2020-02-27T08:20:26.234+0000][1][safepoint    ] Safepoint "RevokeBias", Time since last: 2503469622 ns, Reaching safepoint: 76936 ns, At safepoint: 17360 ns, Total: 94296 ns
[2020-02-27T08:20:28.738+0000][1][safepoint    ] Safepoint "RevokeBias", Time since last: 2504355677 ns, Reaching safepoint: 79669 ns, At safepoint: 19135 ns, Total: 98804 ns
[2020-02-27T08:20:31.245+0000][1][safepoint    ] Safepoint "RevokeBias", Time since last: 2506560897 ns, Reaching safepoint: 91391 ns, At safepoint: 23576 ns, Total: 114967 ns
[2020-02-27T08:20:33.750+0000][1][safepoint    ] Safepoint "RevokeBias", Time since last: 2504832396 ns, Reaching safepoint: 123870 ns, At safepoint: 32867 ns, Total: 156737 ns
[2020-02-27T08:20:36.253+0000][1][safepoint    ] Safepoint "RevokeBias", Time since last: 2502802807 ns, Reaching safepoint: 73382 ns, At safepoint: 18875 ns, Total: 92257 ns
[2020-02-27T08:20:38.763+0000][1][safepoint    ] Safepoint "RevokeBias", Time since last: 2509702415 ns, Reaching safepoint: 693908 ns, At safepoint: 40550 ns, Total: 734458 ns
[2020-02-27T08:20:41.266+0000][1][safepoint    ] Safepoint "RevokeBias", Time since last: 2502855027 ns, Reaching safepoint: 75840 ns, At safepoint: 17907 ns, Total: 93747 ns
[2020-02-27T08:20:43.787+0000][1][safepoint    ] Safepoint "RevokeBias", Time since last: 2520600925 ns, Reaching safepoint: 74582 ns, At safepoint: 18315 ns, Total: 92897 ns
[2020-02-27T08:20:46.300+0000][1][safepoint    ] Safepoint "RevokeBias", Time since last: 2512778182 ns, Reaching safepoint: 73214 ns, At safepoint: 17973 ns, Total: 91187 ns
[2020-02-27T08:20:48.812+0000][1][safepoint    ] Safepoint "BulkRevokeBias", Time since last: 2511531473 ns, Reaching safepoint: 115394 ns, At safepoint: 330569 ns, Total: 445963 ns
[2020-02-27T08:20:51.323+0000][1][safepoint    ] Safepoint "RevokeBias", Time since last: 2511490069 ns, Reaching safepoint: 72672 ns, At safepoint: 17433 ns, Total: 90105 ns
[2020-02-27T08:20:53.833+0000][1][safepoint    ] Safepoint "RevokeBias", Time since last: 2508924189 ns, Reaching safepoint: 127005 ns, At safepoint: 24287 ns, Total: 151292 ns
[2020-02-27T08:20:56.342+0000][1][safepoint    ] Safepoint "RevokeBias", Time since last: 2509279084 ns, Reaching safepoint: 76774 ns, At safepoint: 18307 ns, Total: 95081 ns
[2020-02-27T08:20:58.852+0000][1][safepoint    ] Safepoint "RevokeBias", Time since last: 2510166693 ns, Reaching safepoint: 68248 ns, At safepoint: 19748 ns, Total: 87996 ns
[2020-02-27T08:21:01.362+0000][1][safepoint    ] Safepoint "RevokeBias", Time since last: 2509547881 ns, Reaching safepoint: 119009 ns, At safepoint: 29763 ns, Total: 148772 ns
[2020-02-27T08:21:03.866+0000][1][safepoint    ] Safepoint "RevokeBias", Time since last: 2504421431 ns, Reaching safepoint: 108790 ns, At safepoint: 25780 ns, Total: 134570 ns
[2020-02-27T08:21:06.371+0000][1][safepoint    ] Safepoint "RevokeBias", Time since last: 2504314896 ns, Reaching safepoint: 108055 ns, At safepoint: 18475 ns, Total: 126530 ns
[2020-02-27T08:21:08.877+0000][1][safepoint    ] Safepoint "RevokeBias", Time since last: 2506378131 ns, Reaching safepoint: 157682 ns, At safepoint: 20074 ns, Total: 177756 ns
[2020-02-27T08:21:11.383+0000][1][safepoint    ] Safepoint "RevokeBias", Time since last: 2505907910 ns, Reaching safepoint: 84397 ns, At safepoint: 20998 ns, Total: 105395 ns
[2020-02-27T08:21:13.888+0000][1][safepoint    ] Safepoint "RevokeBias", Time since last: 2504707198 ns, Reaching safepoint: 100101 ns, At safepoint: 19156 ns, Total: 119257 ns
[2020-02-27T08:21:16.391+0000][1][safepoint    ] Safepoint "RevokeBias", Time since last: 2503091311 ns, Reaching safepoint: 75203 ns, At safepoint: 18596 ns, Total: 93799 ns
[2020-02-27T08:21:18.895+0000][1][safepoint    ] Safepoint "RevokeBias", Time since last: 2503082742 ns, Reaching safepoint: 125819 ns, At safepoint: 45917 ns, Total: 171736 ns
[2020-02-27T08:21:21.401+0000][1][safepoint    ] Safepoint "RevokeBias", Time since last: 2505794182 ns, Reaching safepoint: 74230 ns, At safepoint: 18051 ns, Total: 92281 ns
[2020-02-27T08:21:23.905+0000][1][safepoint    ] Safepoint "RevokeBias", Time since last: 2504124782 ns, Reaching safepoint: 75163 ns, At safepoint: 18002 ns, Total: 93165 ns
[2020-02-27T08:21:26.408+0000][1][safepoint    ] Safepoint "RevokeBias", Time since last: 2503451552 ns, Reaching safepoint: 86668 ns, At safepoint: 18085 ns, Total: 104753 ns
[2020-02-27T08:21:28.912+0000][1][safepoint    ] Safepoint "RevokeBias", Time since last: 2503352396 ns, Reaching safepoint: 252604 ns, At safepoint: 24352 ns, Total: 276956 ns
[2020-02-27T08:21:31.417+0000][1][safepoint    ] Safepoint "RevokeBias", Time since last: 2504922849 ns, Reaching safepoint: 75860 ns, At safepoint: 18069 ns, Total: 93929 ns
[2020-02-27T08:21:33.922+0000][1][safepoint    ] Safepoint "RevokeBias", Time since last: 2504899620 ns, Reaching safepoint: 112992 ns, At safepoint: 26844 ns, Total: 139836 ns
[2020-02-27T08:21:36.425+0000][1][safepoint    ] Safepoint "RevokeBias", Time since last: 2502585947 ns, Reaching safepoint: 72915 ns, At safepoint: 18890 ns, Total: 91805 ns
[2020-02-27T08:21:38.929+0000][1][safepoint    ] Safepoint "RevokeBias", Time since last: 2504038103 ns, Reaching safepoint: 74680 ns, At safepoint: 19028 ns, Total: 93708 ns
[2020-02-27T08:21:41.442+0000][1][safepoint    ] Safepoint "RevokeBias", Time since last: 2513240272 ns, Reaching safepoint: 75595 ns, At safepoint: 18054 ns, Total: 93649 ns
[2020-02-27T08:21:43.952+0000][1][safepoint    ] Safepoint "RevokeBias", Time since last: 2509592518 ns, Reaching safepoint: 73310 ns, At safepoint: 18031 ns, Total: 91341 ns
[2020-02-27T08:21:46.463+0000][1][safepoint    ] Safepoint "RevokeBias", Time since last: 2510662988 ns, Reaching safepoint: 127372 ns, At safepoint: 40728 ns, Total: 168100 ns
[2020-02-27T08:21:48.972+0000][1][safepoint    ] Safepoint "RevokeBias", Time since last: 2509354562 ns, Reaching safepoint: 93330 ns, At safepoint: 21652 ns, Total: 114982 ns
[2020-02-27T08:21:51.481+0000][1][safepoint    ] Safepoint "RevokeBias", Time since last: 2509070386 ns, Reaching safepoint: 74980 ns, At safepoint: 17916 ns, Total: 92896 ns
[2020-02-27T08:21:53.991+0000][1][safepoint    ] Safepoint "RevokeBias", Time since last: 2509642003 ns, Reaching safepoint: 73880 ns, At safepoint: 18106 ns, Total: 91986 ns
[2020-02-27T08:21:56.503+0000][1][safepoint    ] Safepoint "RevokeBias", Time since last: 2511638036 ns, Reaching safepoint: 115439 ns, At safepoint: 29590 ns, Total: 145029 ns
[2020-02-27T08:21:59.016+0000][1][safepoint    ] Safepoint "RevokeBias", Time since last: 2512839102 ns, Reaching safepoint: 73169 ns, At safepoint: 17177 ns, Total: 90346 ns
[2020-02-27T08:22:01.520+0000][1][safepoint    ] Safepoint "BulkRevokeBias", Time since last: 2503811088 ns, Reaching safepoint: 85682 ns, At safepoint: 219402 ns, Total: 305084 ns
[2020-02-27T08:22:04.024+0000][1][safepoint    ] Safepoint "RevokeBias", Time since last: 2503909264 ns, Reaching safepoint: 73077 ns, At safepoint: 17867 ns, Total: 90944 ns
[2020-02-27T08:22:06.527+0000][1][safepoint    ] Safepoint "RevokeBias", Time since last: 2502458274 ns, Reaching safepoint: 118257 ns, At safepoint: 42307 ns, Total: 160564 ns
[2020-02-27T08:22:09.030+0000][1][safepoint    ] Safepoint "RevokeBias", Time since last: 2503197078 ns, Reaching safepoint: 77830 ns, At safepoint: 18303 ns, Total: 96133 ns
[2020-02-27T08:22:11.535+0000][1][safepoint    ] Safepoint "RevokeBias", Time since last: 2505448014 ns, Reaching safepoint: 96376 ns, At safepoint: 25409 ns, Total: 121785 ns
[2020-02-27T08:22:11.878+0000][1][gc,start     ] GC(130) Pause Young (Allocation Failure)
[2020-02-27T08:22:11.879+0000][1][gc,task      ] GC(130) Using 1 workers of 1 for evacuation
[2020-02-27T08:22:11.892+0000][1][gc,age       ] GC(130) Desired survivor size 4358144 bytes, new threshold 6 (max threshold 6)
[2020-02-27T08:22:11.892+0000][1][gc,age       ] GC(130) Age table with threshold 6 (max threshold 6)
[2020-02-27T08:22:11.892+0000][1][gc,age       ] GC(130) - age   1:      12104 bytes,      12104 total
[2020-02-27T08:22:11.892+0000][1][gc,age       ] GC(130) - age   4:        192 bytes,      12296 total
[2020-02-27T08:22:11.892+0000][1][gc,age       ] GC(130) - age   5:        184 bytes,      12480 total
[2020-02-27T08:22:11.892+0000][1][gc,heap      ] GC(130) ParNew: 68183K->15K(76672K)
[2020-02-27T08:22:11.892+0000][1][gc,heap      ] GC(130) CMS: 62518K->62518K(963392K)
[2020-02-27T08:22:11.892+0000][1][gc,metaspace ] GC(130) Metaspace: 80284K->80284K(1122304K)
[2020-02-27T08:22:11.892+0000][1][gc           ] GC(130) Pause Young (Allocation Failure) 127M->61M(1015M) 13.700ms
[2020-02-27T08:22:11.892+0000][1][gc,cpu       ] GC(130) User=0.02s Sys=0.00s Real=0.02s
[2020-02-27T08:22:11.892+0000][1][safepoint    ] Safepoint "GenCollectForAllocation", Time since last: 342799247 ns, Reaching safepoint: 205323 ns, At safepoint: 13797489 ns, Total: 14002812 ns
[2020-02-27T08:22:14.040+0000][1][safepoint    ] Safepoint "RevokeBias", Time since last: 2147578637 ns, Reaching safepoint: 118244 ns, At safepoint: 18863 ns, Total: 137107 ns
[2020-02-27T08:22:16.543+0000][1][safepoint    ] Safepoint "RevokeBias", Time since last: 2502713908 ns, Reaching safepoint: 88840 ns, At safepoint: 20567 ns, Total: 109407 ns
[2020-02-27T08:22:19.047+0000][1][safepoint    ] Safepoint "RevokeBias", Time since last: 2504580239 ns, Reaching safepoint: 89704 ns, At safepoint: 21497 ns, Total: 111201 ns
[2020-02-27T08:22:21.556+0000][1][safepoint    ] Safepoint "RevokeBias", Time since last: 2507858513 ns, Reaching safepoint: 204918 ns, At safepoint: 32973 ns, Total: 237891 ns
[2020-02-27T08:22:24.061+0000][1][safepoint    ] Safepoint "RevokeBias", Time since last: 2504877583 ns, Reaching safepoint: 110048 ns, At safepoint: 18855 ns, Total: 128903 ns
[2020-02-27T08:22:26.564+0000][1][safepoint    ] Safepoint "RevokeBias", Time since last: 2503245844 ns, Reaching safepoint: 74261 ns, At safepoint: 17912 ns, Total: 92173 ns
[2020-02-27T08:22:29.067+0000][1][safepoint    ] Safepoint "RevokeBias", Time since last: 2503073383 ns, Reaching safepoint: 106277 ns, At safepoint: 35925 ns, Total: 142202 ns
[2020-02-27T08:22:31.574+0000][1][safepoint    ] Safepoint "RevokeBias", Time since last: 2506964690 ns, Reaching safepoint: 115109 ns, At safepoint: 19586 ns, Total: 134695 ns
[2020-02-27T08:22:34.079+0000][1][safepoint    ] Safepoint "RevokeBias", Time since last: 2504388806 ns, Reaching safepoint: 89696 ns, At safepoint: 20477 ns, Total: 110173 ns
[2020-02-27T08:22:36.583+0000][1][safepoint    ] Safepoint "RevokeBias", Time since last: 2503996068 ns, Reaching safepoint: 75440 ns, At safepoint: 17940 ns, Total: 93380 ns
[2020-02-27T08:22:39.095+0000][1][safepoint    ] Safepoint "RevokeBias", Time since last: 2511583564 ns, Reaching safepoint: 187119 ns, At safepoint: 19290 ns, Total: 206409 ns
[2020-02-27T08:22:41.607+0000][1][safepoint    ] Safepoint "RevokeBias", Time since last: 2512170688 ns, Reaching safepoint: 92700 ns, At safepoint: 41348 ns, Total: 134048 ns
[2020-02-27T08:22:44.120+0000][1][safepoint    ] Safepoint "RevokeBias", Time since last: 2513172665 ns, Reaching safepoint: 74606 ns, At safepoint: 17999 ns, Total: 92605 ns
[2020-02-27T08:22:46.630+0000][1][safepoint    ] Safepoint "RevokeBias", Time since last: 2510208655 ns, Reaching safepoint: 73483 ns, At safepoint: 19029 ns, Total: 92512 ns
[2020-02-27T08:22:49.140+0000][1][safepoint    ] Safepoint "RevokeBias", Time since last: 2509373328 ns, Reaching safepoint: 137746 ns, At safepoint: 32997 ns, Total: 170743 ns
[2020-02-27T08:22:51.655+0000][1][safepoint    ] Safepoint "RevokeBias", Time since last: 2514551487 ns, Reaching safepoint: 71439 ns, At safepoint: 16892 ns, Total: 88331 ns
[2020-02-27T08:22:54.176+0000][1][safepoint    ] Safepoint "RevokeBias", Time since last: 2521286964 ns, Reaching safepoint: 239723 ns, At safepoint: 26848 ns, Total: 266571 ns
[2020-02-27T08:22:56.684+0000][1][safepoint    ] Safepoint "RevokeBias", Time since last: 2507805750 ns, Reaching safepoint: 170109 ns, At safepoint: 26025 ns, Total: 196134 ns
[2020-02-27T08:22:59.194+0000][1][safepoint    ] Safepoint "RevokeBias", Time since last: 2510078039 ns, Reaching safepoint: 95774 ns, At safepoint: 19196 ns, Total: 114970 ns
[2020-02-27T08:23:01.706+0000][1][safepoint    ] Safepoint "RevokeBias", Time since last: 2511060106 ns, Reaching safepoint: 75237 ns, At safepoint: 18013 ns, Total: 93250 ns
[2020-02-27T08:23:04.211+0000][1][safepoint    ] Safepoint "RevokeBias", Time since last: 2505174768 ns, Reaching safepoint: 103883 ns, At safepoint: 24226 ns, Total: 128109 ns
[2020-02-27T08:23:06.714+0000][1][safepoint    ] Safepoint "RevokeBias", Time since last: 2503541846 ns, Reaching safepoint: 73711 ns, At safepoint: 17566 ns, Total: 91277 ns
[2020-02-27T08:23:09.218+0000][1][safepoint    ] Safepoint "RevokeBias", Time since last: 2503592795 ns, Reaching safepoint: 76566 ns, At safepoint: 17830 ns, Total: 94396 ns
[2020-02-27T08:23:11.724+0000][1][safepoint    ] Safepoint "RevokeBias", Time since last: 2505954607 ns, Reaching safepoint: 72504 ns, At safepoint: 18314 ns, Total: 90818 ns
[2020-02-27T08:23:14.228+0000][1][safepoint    ] Safepoint "BulkRevokeBias", Time since last: 2503672630 ns, Reaching safepoint: 72232 ns, At safepoint: 347905 ns, Total: 420137 ns
[2020-02-27T08:23:16.732+0000][1][safepoint    ] Safepoint "RevokeBias", Time since last: 2503667262 ns, Reaching safepoint: 93612 ns, At safepoint: 17846 ns, Total: 111458 ns
[2020-02-27T08:23:19.237+0000][1][safepoint    ] Safepoint "RevokeBias", Time since last: 2505290759 ns, Reaching safepoint: 92665 ns, At safepoint: 21614 ns, Total: 114279 ns
[2020-02-27T08:23:21.743+0000][1][safepoint    ] Safepoint "RevokeBias", Time since last: 2505740674 ns, Reaching safepoint: 71886 ns, At safepoint: 17808 ns, Total: 89694 ns
[2020-02-27T08:23:23.886+0000][1][safepoint    ] Safepoint "Cleanup", Time since last: 2142719296 ns, Reaching safepoint: 147076 ns, At safepoint: 8349 ns, Total: 155425 ns
[2020-02-27T08:23:24.248+0000][1][safepoint    ] Safepoint "RevokeBias", Time since last: 361489794 ns, Reaching safepoint: 75435 ns, At safepoint: 18535 ns, Total: 93970 ns
[2020-02-27T08:23:26.752+0000][1][safepoint    ] Safepoint "RevokeBias", Time since last: 2504331690 ns, Reaching safepoint: 74737 ns, At safepoint: 117602 ns, Total: 192339 ns
[2020-02-27T08:23:29.256+0000][1][safepoint    ] Safepoint "RevokeBias", Time since last: 2503687317 ns, Reaching safepoint: 75337 ns, At safepoint: 18737 ns, Total: 94074 ns
[2020-02-27T08:23:31.762+0000][1][safepoint    ] Safepoint "RevokeBias", Time since last: 2506258148 ns, Reaching safepoint: 76054 ns, At safepoint: 18997 ns, Total: 95051 ns
[2020-02-27T08:23:34.267+0000][1][safepoint    ] Safepoint "RevokeBias", Time since last: 2504895185 ns, Reaching safepoint: 74079 ns, At safepoint: 18179 ns, Total: 92258 ns
[2020-02-27T08:23:36.772+0000][1][safepoint    ] Safepoint "RevokeBias", Time since last: 2504293438 ns, Reaching safepoint: 91715 ns, At safepoint: 37433 ns, Total: 129148 ns
[2020-02-27T08:23:39.277+0000][1][safepoint    ] Safepoint "RevokeBias", Time since last: 2505250451 ns, Reaching safepoint: 106556 ns, At safepoint: 48017 ns, Total: 154573 ns
[2020-02-27T08:23:41.793+0000][1][safepoint    ] Safepoint "RevokeBias", Time since last: 2515419228 ns, Reaching safepoint: 72209 ns, At safepoint: 18133 ns, Total: 90342 ns
[2020-02-27T08:23:44.302+0000][1][safepoint    ] Safepoint "RevokeBias", Time since last: 2509000387 ns, Reaching safepoint: 74017 ns, At safepoint: 18906 ns, Total: 92923 ns
[2020-02-27T08:23:46.818+0000][1][safepoint    ] Safepoint "RevokeBias", Time since last: 2516190185 ns, Reaching safepoint: 95270 ns, At safepoint: 17744 ns, Total: 113014 ns
[2020-02-27T08:23:49.329+0000][1][safepoint    ] Safepoint "RevokeBias", Time since last: 2510373150 ns, Reaching safepoint: 102658 ns, At safepoint: 24093 ns, Total: 126751 ns
[2020-02-27T08:23:51.842+0000][1][safepoint    ] Safepoint "RevokeBias", Time since last: 2513397130 ns, Reaching safepoint: 75162 ns, At safepoint: 18767 ns, Total: 93929 ns
[2020-02-27T08:23:54.351+0000][1][safepoint    ] Safepoint "RevokeBias", Time since last: 2508841926 ns, Reaching safepoint: 72475 ns, At safepoint: 18455 ns, Total: 90930 ns
[2020-02-27T08:23:56.868+0000][1][safepoint    ] Safepoint "RevokeBias", Time since last: 2516865406 ns, Reaching safepoint: 194189 ns, At safepoint: 35084 ns, Total: 229273 ns
[2020-02-27T08:23:59.376+0000][1][safepoint    ] Safepoint "RevokeBias", Time since last: 2507292164 ns, Reaching safepoint: 187691 ns, At safepoint: 42226 ns, Total: 229917 ns
[2020-02-27T08:24:01.892+0000][1][safepoint    ] Safepoint "RevokeBias", Time since last: 2516566962 ns, Reaching safepoint: 74529 ns, At safepoint: 18838 ns, Total: 93367 ns
[2020-02-27T08:24:04.401+0000][1][safepoint    ] Safepoint "RevokeBias", Time since last: 2508963224 ns, Reaching safepoint: 152000 ns, At safepoint: 22485 ns, Total: 174485 ns
[2020-02-27T08:24:06.904+0000][1][safepoint    ] Safepoint "RevokeBias", Time since last: 2502909032 ns, Reaching safepoint: 76856 ns, At safepoint: 19059 ns, Total: 95915 ns
[2020-02-27T08:24:09.408+0000][1][safepoint    ] Safepoint "RevokeBias", Time since last: 2503738387 ns, Reaching safepoint: 73335 ns, At safepoint: 18243 ns, Total: 91578 ns
[2020-02-27T08:24:11.914+0000][1][safepoint    ] Safepoint "RevokeBias", Time since last: 2506080027 ns, Reaching safepoint: 76204 ns, At safepoint: 20583 ns, Total: 96787 ns
[2020-02-27T08:24:14.419+0000][1][safepoint    ] Safepoint "RevokeBias", Time since last: 2504858374 ns, Reaching safepoint: 73793 ns, At safepoint: 17575 ns, Total: 91368 ns
[2020-02-27T08:24:16.922+0000][1][safepoint    ] Safepoint "RevokeBias", Time since last: 2502505584 ns, Reaching safepoint: 56977 ns, At safepoint: 16227 ns, Total: 73204 ns
[2020-02-27T08:24:19.424+0000][1][safepoint    ] Safepoint "RevokeBias", Time since last: 2501592651 ns, Reaching safepoint: 90119 ns, At safepoint: 21219 ns, Total: 111338 ns
[2020-02-27T08:24:21.930+0000][1][safepoint    ] Safepoint "RevokeBias", Time since last: 2505944194 ns, Reaching safepoint: 72266 ns, At safepoint: 17823 ns, Total: 90089 ns
[2020-02-27T08:24:24.435+0000][1][safepoint    ] Safepoint "RevokeBias", Time since last: 2504918188 ns, Reaching safepoint: 77138 ns, At safepoint: 18560 ns, Total: 95698 ns
[2020-02-27T08:24:26.938+0000][1][safepoint    ] Safepoint "BulkRevokeBias", Time since last: 2502870950 ns, Reaching safepoint: 76102 ns, At safepoint: 188280 ns, Total: 264382 ns
[2020-02-27T08:24:27.157+0000][1][gc,start     ] GC(131) Pause Young (Allocation Failure)
[2020-02-27T08:24:27.157+0000][1][gc,task      ] GC(131) Using 1 workers of 1 for evacuation
[2020-02-27T08:24:27.170+0000][1][gc,age       ] GC(131) Desired survivor size 4358144 bytes, new threshold 6 (max threshold 6)
[2020-02-27T08:24:27.170+0000][1][gc,age       ] GC(131) Age table with threshold 6 (max threshold 6)
[2020-02-27T08:24:27.170+0000][1][gc,age       ] GC(131) - age   1:      10816 bytes,      10816 total
[2020-02-27T08:24:27.170+0000][1][gc,age       ] GC(131) - age   2:        384 bytes,      11200 total
[2020-02-27T08:24:27.170+0000][1][gc,age       ] GC(131) - age   5:        192 bytes,      11392 total
[2020-02-27T08:24:27.170+0000][1][gc,age       ] GC(131) - age   6:        184 bytes,      11576 total
[2020-02-27T08:24:27.170+0000][1][gc,heap      ] GC(131) ParNew: 68175K->22K(76672K)
[2020-02-27T08:24:27.170+0000][1][gc,heap      ] GC(131) CMS: 62518K->62518K(963392K)
[2020-02-27T08:24:27.170+0000][1][gc,metaspace ] GC(131) Metaspace: 80284K->80284K(1122304K)
[2020-02-27T08:24:27.170+0000][1][gc           ] GC(131) Pause Young (Allocation Failure) 127M->61M(1015M) 12.824ms
[2020-02-27T08:24:27.170+0000][1][gc,cpu       ] GC(131) User=0.01s Sys=0.00s Real=0.01s
[2020-02-27T08:24:27.170+0000][1][safepoint    ] Safepoint "GenCollectForAllocation", Time since last: 218778352 ns, Reaching safepoint: 135185 ns, At safepoint: 12993090 ns, Total: 13128275 ns
[2020-02-27T08:24:29.441+0000][1][safepoint    ] Safepoint "RevokeBias", Time since last: 2271485476 ns, Reaching safepoint: 75681 ns, At safepoint: 17698 ns, Total: 93379 ns
[2020-02-27T08:24:31.947+0000][1][safepoint    ] Safepoint "RevokeBias", Time since last: 2505448406 ns, Reaching safepoint: 172673 ns, At safepoint: 28573 ns, Total: 201246 ns
[2020-02-27T08:24:34.451+0000][1][safepoint    ] Safepoint "RevokeBias", Time since last: 2504340699 ns, Reaching safepoint: 82832 ns, At safepoint: 19078 ns, Total: 101910 ns
[2020-02-27T08:24:36.954+0000][1][safepoint    ] Safepoint "RevokeBias", Time since last: 2502408890 ns, Reaching safepoint: 75070 ns, At safepoint: 16917 ns, Total: 91987 ns
[2020-02-27T08:24:39.458+0000][1][safepoint    ] Safepoint "RevokeBias", Time since last: 2504034946 ns, Reaching safepoint: 79301 ns, At safepoint: 17271 ns, Total: 96572 ns
[2020-02-27T08:24:41.964+0000][1][safepoint    ] Safepoint "RevokeBias", Time since last: 2505452307 ns, Reaching safepoint: 95392 ns, At safepoint: 21046 ns, Total: 116438 ns
[2020-02-27T08:24:44.483+0000][1][safepoint    ] Safepoint "RevokeBias", Time since last: 2519481530 ns, Reaching safepoint: 72656 ns, At safepoint: 17760 ns, Total: 90416 ns
[2020-02-27T08:24:46.993+0000][1][safepoint    ] Safepoint "RevokeBias", Time since last: 2509368206 ns, Reaching safepoint: 136525 ns, At safepoint: 57048 ns, Total: 193573 ns
[2020-02-27T08:24:49.503+0000][1][safepoint    ] Safepoint "RevokeBias", Time since last: 2509593901 ns, Reaching safepoint: 91168 ns, At safepoint: 21308 ns, Total: 112476 ns
[2020-02-27T08:24:52.013+0000][1][safepoint    ] Safepoint "RevokeBias", Time since last: 2510115500 ns, Reaching safepoint: 71092 ns, At safepoint: 16732 ns, Total: 87824 ns
[2020-02-27T08:24:54.532+0000][1][safepoint    ] Safepoint "RevokeBias", Time since last: 2519477304 ns, Reaching safepoint: 75760 ns, At safepoint: 18757 ns, Total: 94517 ns
[2020-02-27T08:24:57.040+0000][1][safepoint    ] Safepoint "RevokeBias", Time since last: 2507412282 ns, Reaching safepoint: 76707 ns, At safepoint: 18346 ns, Total: 95053 ns
[2020-02-27T08:24:59.553+0000][1][safepoint    ] Safepoint "RevokeBias", Time since last: 2512760513 ns, Reaching safepoint: 74428 ns, At safepoint: 17586 ns, Total: 92014 ns
[2020-02-27T08:25:02.064+0000][1][safepoint    ] Safepoint "RevokeBias", Time since last: 2511446119 ns, Reaching safepoint: 74597 ns, At safepoint: 17935 ns, Total: 92532 ns
[2020-02-27T08:25:04.576+0000][1][safepoint    ] Safepoint "RevokeBias", Time since last: 2512137529 ns, Reaching safepoint: 72306 ns, At safepoint: 17326 ns, Total: 89632 ns
[2020-02-27T08:25:07.086+0000][1][safepoint    ] Safepoint "RevokeBias", Time since last: 2509217671 ns, Reaching safepoint: 75919 ns, At safepoint: 18020 ns, Total: 93939 ns
[2020-02-27T08:25:09.589+0000][1][safepoint    ] Safepoint "RevokeBias", Time since last: 2503641552 ns, Reaching safepoint: 77009 ns, At safepoint: 18586 ns, Total: 95595 ns
[2020-02-27T08:25:12.093+0000][1][safepoint    ] Safepoint "RevokeBias", Time since last: 2503572255 ns, Reaching safepoint: 196308 ns, At safepoint: 29636 ns, Total: 225944 ns
[2020-02-27T08:25:14.598+0000][1][safepoint    ] Safepoint "RevokeBias", Time since last: 2504438132 ns, Reaching safepoint: 58135 ns, At safepoint: 16332 ns, Total: 74467 ns
[2020-02-27T08:25:17.101+0000][1][safepoint    ] Safepoint "RevokeBias", Time since last: 2502740169 ns, Reaching safepoint: 75394 ns, At safepoint: 18005 ns, Total: 93399 ns
[2020-02-27T08:25:19.605+0000][1][safepoint    ] Safepoint "RevokeBias", Time since last: 2504213611 ns, Reaching safepoint: 91903 ns, At safepoint: 21414 ns, Total: 113317 ns
[2020-02-27T08:25:22.108+0000][1][safepoint    ] Safepoint "RevokeBias", Time since last: 2502738968 ns, Reaching safepoint: 72736 ns, At safepoint: 17081 ns, Total: 89817 ns
[2020-02-27T08:25:24.108+0000][1][safepoint    ] Safepoint "Cleanup", Time since last: 2000491542 ns, Reaching safepoint: 98011 ns, At safepoint: 8642 ns, Total: 106653 ns
[2020-02-27T08:25:24.612+0000][1][safepoint    ] Safepoint "RevokeBias", Time since last: 503993564 ns, Reaching safepoint: 74882 ns, At safepoint: 17769 ns, Total: 92651 ns
[2020-02-27T08:25:27.115+0000][1][safepoint    ] Safepoint "RevokeBias", Time since last: 2502589975 ns, Reaching safepoint: 85445 ns, At safepoint: 73378 ns, Total: 158823 ns
[2020-02-27T08:25:29.619+0000][1][safepoint    ] Safepoint "RevokeBias", Time since last: 2503783715 ns, Reaching safepoint: 74625 ns, At safepoint: 17768 ns, Total: 92393 ns
[2020-02-27T08:25:32.124+0000][1][safepoint    ] Safepoint "RevokeBias", Time since last: 2504664436 ns, Reaching safepoint: 76997 ns, At safepoint: 18657 ns, Total: 95654 ns
[2020-02-27T08:25:34.628+0000][1][safepoint    ] Safepoint "RevokeBias", Time since last: 2504096700 ns, Reaching safepoint: 84800 ns, At safepoint: 19779 ns, Total: 104579 ns
[2020-02-27T08:25:37.131+0000][1][safepoint    ] Safepoint "RevokeBias", Time since last: 2503222414 ns, Reaching safepoint: 95131 ns, At safepoint: 35982 ns, Total: 131113 ns
[2020-02-27T08:25:39.636+0000][1][safepoint    ] Safepoint "BulkRevokeBias", Time since last: 2504579228 ns, Reaching safepoint: 71486 ns, At safepoint: 330940 ns, Total: 402426 ns
[2020-02-27T08:25:42.140+0000][1][safepoint    ] Safepoint "RevokeBias", Time since last: 2503339363 ns, Reaching safepoint: 75189 ns, At safepoint: 17685 ns, Total: 92874 ns
[2020-02-27T08:25:44.644+0000][1][safepoint    ] Safepoint "RevokeBias", Time since last: 2503762521 ns, Reaching safepoint: 57657 ns, At safepoint: 15818 ns, Total: 73475 ns
[2020-02-27T08:25:47.146+0000][1][safepoint    ] Safepoint "RevokeBias", Time since last: 2502103508 ns, Reaching safepoint: 73477 ns, At safepoint: 18768 ns, Total: 92245 ns
[2020-02-27T08:25:49.649+0000][1][safepoint    ] Safepoint "RevokeBias", Time since last: 2503399157 ns, Reaching safepoint: 91500 ns, At safepoint: 21013 ns, Total: 112513 ns
[2020-02-27T08:25:52.155+0000][1][safepoint    ] Safepoint "RevokeBias", Time since last: 2505478123 ns, Reaching safepoint: 138589 ns, At safepoint: 36148 ns, Total: 174737 ns
[2020-02-27T08:25:54.659+0000][1][safepoint    ] Safepoint "RevokeBias", Time since last: 2504005123 ns, Reaching safepoint: 74823 ns, At safepoint: 17934 ns, Total: 92757 ns
[2020-02-27T08:25:57.177+0000][1][safepoint    ] Safepoint "RevokeBias", Time since last: 2517548110 ns, Reaching safepoint: 73494 ns, At safepoint: 17130 ns, Total: 90624 ns
[2020-02-27T08:25:59.686+0000][1][safepoint    ] Safepoint "RevokeBias", Time since last: 2509151485 ns, Reaching safepoint: 91213 ns, At safepoint: 17811 ns, Total: 109024 ns
[2020-02-27T08:26:02.203+0000][1][safepoint    ] Safepoint "RevokeBias", Time since last: 2516702576 ns, Reaching safepoint: 112256 ns, At safepoint: 29845 ns, Total: 142101 ns
[2020-02-27T08:26:04.717+0000][1][safepoint    ] Safepoint "RevokeBias", Time since last: 2514235920 ns, Reaching safepoint: 75783 ns, At safepoint: 17881 ns, Total: 93664 ns
[2020-02-27T08:26:07.226+0000][1][safepoint    ] Safepoint "RevokeBias", Time since last: 2508275279 ns, Reaching safepoint: 74892 ns, At safepoint: 17298 ns, Total: 92190 ns
[2020-02-27T08:26:09.740+0000][1][safepoint    ] Safepoint "RevokeBias", Time since last: 2514204926 ns, Reaching safepoint: 80405 ns, At safepoint: 19507 ns, Total: 99912 ns
[2020-02-27T08:26:12.386+0000][1][safepoint    ] Safepoint "RevokeBias", Time since last: 2646081403 ns, Reaching safepoint: 184326 ns, At safepoint: 21209 ns, Total: 205535 ns
[2020-02-27T08:26:14.897+0000][1][safepoint    ] Safepoint "RevokeBias", Time since last: 2510469571 ns, Reaching safepoint: 83018 ns, At safepoint: 19896 ns, Total: 102914 ns
[2020-02-27T08:26:17.413+0000][1][safepoint    ] Safepoint "RevokeBias", Time since last: 2516299170 ns, Reaching safepoint: 90628 ns, At safepoint: 190484 ns, Total: 281112 ns
[2020-02-27T08:26:19.936+0000][1][safepoint    ] Safepoint "RevokeBias", Time since last: 2520935618 ns, Reaching safepoint: 1282406 ns, At safepoint: 25311 ns, Total: 1307717 ns
[2020-02-27T08:26:22.448+0000][1][safepoint    ] Safepoint "RevokeBias", Time since last: 2512594654 ns, Reaching safepoint: 89817 ns, At safepoint: 17971 ns, Total: 107788 ns
[2020-02-27T08:26:24.962+0000][1][safepoint    ] Safepoint "RevokeBias", Time since last: 2513954757 ns, Reaching safepoint: 192670 ns, At safepoint: 25482 ns, Total: 218152 ns
[2020-02-27T08:26:27.472+0000][1][safepoint    ] Safepoint "RevokeBias", Time since last: 2509962409 ns, Reaching safepoint: 75450 ns, At safepoint: 18148 ns, Total: 93598 ns
[2020-02-27T08:26:29.992+0000][1][safepoint    ] Safepoint "RevokeBias", Time since last: 2519503610 ns, Reaching safepoint: 192734 ns, At safepoint: 55860 ns, Total: 248594 ns
[2020-02-27T08:26:32.505+0000][1][safepoint    ] Safepoint "RevokeBias", Time since last: 2512522974 ns, Reaching safepoint: 72752 ns, At safepoint: 18152 ns, Total: 90904 ns
[2020-02-27T08:26:35.016+0000][1][safepoint    ] Safepoint "RevokeBias", Time since last: 2511577104 ns, Reaching safepoint: 72348 ns, At safepoint: 18495 ns, Total: 90843 ns
[2020-02-27T08:26:37.520+0000][1][safepoint    ] Safepoint "RevokeBias", Time since last: 2503474345 ns, Reaching safepoint: 73641 ns, At safepoint: 97716 ns, Total: 171357 ns
[2020-02-27T08:26:40.025+0000][1][safepoint    ] Safepoint "RevokeBias", Time since last: 2505205515 ns, Reaching safepoint: 73362 ns, At safepoint: 65473 ns, Total: 138835 ns
[2020-02-27T08:26:42.530+0000][1][safepoint    ] Safepoint "RevokeBias", Time since last: 2504542789 ns, Reaching safepoint: 71781 ns, At safepoint: 18030 ns, Total: 89811 ns
[2020-02-27T08:26:45.036+0000][1][safepoint    ] Safepoint "RevokeBias", Time since last: 2505746340 ns, Reaching safepoint: 79692 ns, At safepoint: 37119 ns, Total: 116811 ns
[2020-02-27T08:26:47.093+0000][1][gc,start     ] GC(132) Pause Young (Allocation Failure)
[2020-02-27T08:26:47.093+0000][1][gc,task      ] GC(132) Using 1 workers of 1 for evacuation
[2020-02-27T08:26:47.103+0000][1][gc,age       ] GC(132) Desired survivor size 4358144 bytes, new threshold 6 (max threshold 6)
[2020-02-27T08:26:47.103+0000][1][gc,age       ] GC(132) Age table with threshold 6 (max threshold 6)
[2020-02-27T08:26:47.103+0000][1][gc,age       ] GC(132) - age   1:      12096 bytes,      12096 total
[2020-02-27T08:26:47.103+0000][1][gc,age       ] GC(132) - age   2:        120 bytes,      12216 total
[2020-02-27T08:26:47.103+0000][1][gc,age       ] GC(132) - age   3:        384 bytes,      12600 total
[2020-02-27T08:26:47.103+0000][1][gc,age       ] GC(132) - age   6:        192 bytes,      12792 total
[2020-02-27T08:26:47.103+0000][1][gc,heap      ] GC(132) ParNew: 68182K->13K(76672K)
[2020-02-27T08:26:47.103+0000][1][gc,heap      ] GC(132) CMS: 62518K->62518K(963392K)
[2020-02-27T08:26:47.103+0000][1][gc,metaspace ] GC(132) Metaspace: 80284K->80284K(1122304K)
[2020-02-27T08:26:47.103+0000][1][gc           ] GC(132) Pause Young (Allocation Failure) 127M->61M(1015M) 10.199ms
[2020-02-27T08:26:47.103+0000][1][gc,cpu       ] GC(132) User=0.01s Sys=0.00s Real=0.01s
[2020-02-27T08:26:47.103+0000][1][safepoint    ] Safepoint "GenCollectForAllocation", Time since last: 2056448692 ns, Reaching safepoint: 78669 ns, At safepoint: 10368717 ns, Total: 10447386 ns
[2020-02-27T08:26:47.540+0000][1][safepoint    ] Safepoint "RevokeBias", Time since last: 437106376 ns, Reaching safepoint: 71978 ns, At safepoint: 18172 ns, Total: 90150 ns
[2020-02-27T08:26:50.046+0000][1][safepoint    ] Safepoint "RevokeBias", Time since last: 2506099168 ns, Reaching safepoint: 74591 ns, At safepoint: 17460 ns, Total: 92051 ns
[2020-02-27T08:26:52.553+0000][1][safepoint    ] Safepoint "BulkRevokeBias", Time since last: 2506124903 ns, Reaching safepoint: 91850 ns, At safepoint: 367195 ns, Total: 459045 ns
[2020-02-27T08:26:55.058+0000][1][safepoint    ] Safepoint "RevokeBias", Time since last: 2504984122 ns, Reaching safepoint: 74786 ns, At safepoint: 18685 ns, Total: 93471 ns
[2020-02-27T08:26:57.561+0000][1][safepoint    ] Safepoint "RevokeBias", Time since last: 2502493112 ns, Reaching safepoint: 73675 ns, At safepoint: 17776 ns, Total: 91451 ns
[2020-02-27T08:27:00.062+0000][1][safepoint    ] Safepoint "RevokeBias", Time since last: 2501775168 ns, Reaching safepoint: 72774 ns, At safepoint: 17018 ns, Total: 89792 ns
[2020-02-27T08:27:02.568+0000][1][safepoint    ] Safepoint "RevokeBias", Time since last: 2505454091 ns, Reaching safepoint: 73571 ns, At safepoint: 17841 ns, Total: 91412 ns
[2020-02-27T08:27:05.073+0000][1][safepoint    ] Safepoint "RevokeBias", Time since last: 2504883192 ns, Reaching safepoint: 84961 ns, At safepoint: 20884 ns, Total: 105845 ns
[2020-02-27T08:27:07.576+0000][1][safepoint    ] Safepoint "RevokeBias", Time since last: 2503030751 ns, Reaching safepoint: 71524 ns, At safepoint: 17277 ns, Total: 88801 ns
[2020-02-27T08:27:10.080+0000][1][safepoint    ] Safepoint "RevokeBias", Time since last: 2504322293 ns, Reaching safepoint: 72192 ns, At safepoint: 17346 ns, Total: 89538 ns
[2020-02-27T08:27:12.587+0000][1][safepoint    ] Safepoint "RevokeBias", Time since last: 2506468493 ns, Reaching safepoint: 110492 ns, At safepoint: 18817 ns, Total: 129309 ns
[2020-02-27T08:27:15.092+0000][1][safepoint    ] Safepoint "RevokeBias", Time since last: 2504715812 ns, Reaching safepoint: 73329 ns, At safepoint: 150906 ns, Total: 224235 ns
[2020-02-27T08:27:17.595+0000][1][safepoint    ] Safepoint "RevokeBias", Time since last: 2502634907 ns, Reaching safepoint: 73951 ns, At safepoint: 17146 ns, Total: 91097 ns
[2020-02-27T08:27:20.113+0000][1][safepoint    ] Safepoint "RevokeBias", Time since last: 2511320618 ns, Reaching safepoint: 6956487 ns, At safepoint: 58384 ns, Total: 7014871 ns
[2020-02-27T08:27:22.618+0000][1][safepoint    ] Safepoint "RevokeBias", Time since last: 2504460840 ns, Reaching safepoint: 121954 ns, At safepoint: 22455 ns, Total: 144409 ns
[2020-02-27T08:27:25.128+0000][1][safepoint    ] Safepoint "RevokeBias", Time since last: 2510223198 ns, Reaching safepoint: 72236 ns, At safepoint: 17458 ns, Total: 89694 ns
[2020-02-27T08:27:27.635+0000][1][safepoint    ] Safepoint "RevokeBias", Time since last: 2507057531 ns, Reaching safepoint: 89292 ns, At safepoint: 20660 ns, Total: 109952 ns
[2020-02-27T08:27:30.152+0000][1][safepoint    ] Safepoint "RevokeBias", Time since last: 2516958809 ns, Reaching safepoint: 55394 ns, At safepoint: 16067 ns, Total: 71461 ns
[2020-02-27T08:27:32.663+0000][1][safepoint    ] Safepoint "RevokeBias", Time since last: 2510573092 ns, Reaching safepoint: 112838 ns, At safepoint: 20023 ns, Total: 132861 ns
[2020-02-27T08:27:35.177+0000][1][safepoint    ] Safepoint "RevokeBias", Time since last: 2514294318 ns, Reaching safepoint: 74988 ns, At safepoint: 18234 ns, Total: 93222 ns
[2020-02-27T08:27:37.687+0000][1][safepoint    ] Safepoint "RevokeBias", Time since last: 2509362375 ns, Reaching safepoint: 76293 ns, At safepoint: 18707 ns, Total: 95000 ns
[2020-02-27T08:27:40.197+0000][1][safepoint    ] Safepoint "RevokeBias", Time since last: 2510433998 ns, Reaching safepoint: 72918 ns, At safepoint: 17722 ns, Total: 90640 ns
[2020-02-27T08:27:42.710+0000][1][safepoint    ] Safepoint "RevokeBias", Time since last: 2512425077 ns, Reaching safepoint: 79721 ns, At safepoint: 70795 ns, Total: 150516 ns
[2020-02-27T08:27:45.233+0000][1][safepoint    ] Safepoint "RevokeBias", Time since last: 2522637058 ns, Reaching safepoint: 75855 ns, At safepoint: 17391 ns, Total: 93246 ns
[2020-02-27T08:27:47.743+0000][1][safepoint    ] Safepoint "RevokeBias", Time since last: 2509996034 ns, Reaching safepoint: 78117 ns, At safepoint: 36030 ns, Total: 114147 ns
[2020-02-27T08:27:50.247+0000][1][safepoint    ] Safepoint "RevokeBias", Time since last: 2504395256 ns, Reaching safepoint: 86217 ns, At safepoint: 20948 ns, Total: 107165 ns
[2020-02-27T08:27:52.752+0000][1][safepoint    ] Safepoint "RevokeBias", Time since last: 2504810490 ns, Reaching safepoint: 88153 ns, At safepoint: 22815 ns, Total: 110968 ns
[2020-02-27T08:27:55.257+0000][1][safepoint    ] Safepoint "RevokeBias", Time since last: 2505091774 ns, Reaching safepoint: 181311 ns, At safepoint: 31696 ns, Total: 213007 ns
[2020-02-27T08:27:57.761+0000][1][safepoint    ] Safepoint "RevokeBias", Time since last: 2503338019 ns, Reaching safepoint: 222029 ns, At safepoint: 27682 ns, Total: 249711 ns
[2020-02-27T08:28:00.264+0000][1][safepoint    ] Safepoint "RevokeBias", Time since last: 2503256205 ns, Reaching safepoint: 76814 ns, At safepoint: 18334 ns, Total: 95148 ns
[2020-02-27T08:28:02.770+0000][1][safepoint    ] Safepoint "RevokeBias", Time since last: 2505956415 ns, Reaching safepoint: 73600 ns, At safepoint: 18897 ns, Total: 92497 ns
[2020-02-27T08:28:05.274+0000][1][safepoint    ] Safepoint "BulkRevokeBias", Time since last: 2503401034 ns, Reaching safepoint: 127656 ns, At safepoint: 339666 ns, Total: 467322 ns
[2020-02-27T08:28:07.777+0000][1][safepoint    ] Safepoint "RevokeBias", Time since last: 2502535971 ns, Reaching safepoint: 97133 ns, At safepoint: 22641 ns, Total: 119774 ns
[2020-02-27T08:28:10.282+0000][1][safepoint    ] Safepoint "RevokeBias", Time since last: 2505083191 ns, Reaching safepoint: 90283 ns, At safepoint: 23911 ns, Total: 114194 ns
[2020-02-27T08:28:12.787+0000][1][safepoint    ] Safepoint "RevokeBias", Time since last: 2504497516 ns, Reaching safepoint: 77487 ns, At safepoint: 19399 ns, Total: 96886 ns
[2020-02-27T08:28:15.290+0000][1][safepoint    ] Safepoint "RevokeBias", Time since last: 2503730772 ns, Reaching safepoint: 72344 ns, At safepoint: 17387 ns, Total: 89731 ns
[2020-02-27T08:28:17.792+0000][1][safepoint    ] Safepoint "RevokeBias", Time since last: 2501114423 ns, Reaching safepoint: 72810 ns, At safepoint: 18190 ns, Total: 91000 ns
[2020-02-27T08:28:20.297+0000][1][safepoint    ] Safepoint "RevokeBias", Time since last: 2505646701 ns, Reaching safepoint: 73689 ns, At safepoint: 18401 ns, Total: 92090 ns
[2020-02-27T08:28:22.804+0000][1][safepoint    ] Safepoint "RevokeBias", Time since last: 2506462986 ns, Reaching safepoint: 113179 ns, At safepoint: 28217 ns, Total: 141396 ns
[2020-02-27T08:28:25.309+0000][1][safepoint    ] Safepoint "RevokeBias", Time since last: 2504843520 ns, Reaching safepoint: 73097 ns, At safepoint: 17550 ns, Total: 90647 ns
[2020-02-27T08:28:27.812+0000][1][safepoint    ] Safepoint "RevokeBias", Time since last: 2503250172 ns, Reaching safepoint: 225294 ns, At safepoint: 28120 ns, Total: 253414 ns
[2020-02-27T08:28:30.316+0000][1][safepoint    ] Safepoint "RevokeBias", Time since last: 2503309776 ns, Reaching safepoint: 101879 ns, At safepoint: 20168 ns, Total: 122047 ns
[2020-02-27T08:28:32.822+0000][1][safepoint    ] Safepoint "RevokeBias", Time since last: 2505645680 ns, Reaching safepoint: 75406 ns, At safepoint: 18639 ns, Total: 94045 ns
[2020-02-27T08:28:35.326+0000][1][safepoint    ] Safepoint "RevokeBias", Time since last: 2503701166 ns, Reaching safepoint: 180992 ns, At safepoint: 40411 ns, Total: 221403 ns
[2020-02-27T08:28:37.836+0000][1][safepoint    ] Safepoint "RevokeBias", Time since last: 2510625893 ns, Reaching safepoint: 74119 ns, At safepoint: 96326 ns, Total: 170445 ns
[2020-02-27T08:28:40.351+0000][1][safepoint    ] Safepoint "RevokeBias", Time since last: 2514526496 ns, Reaching safepoint: 73111 ns, At safepoint: 17766 ns, Total: 90877 ns
[2020-02-27T08:28:42.864+0000][1][safepoint    ] Safepoint "RevokeBias", Time since last: 2512894968 ns, Reaching safepoint: 55402 ns, At safepoint: 15652 ns, Total: 71054 ns
[2020-02-27T08:28:45.374+0000][1][safepoint    ] Safepoint "RevokeBias", Time since last: 2509628117 ns, Reaching safepoint: 72041 ns, At safepoint: 101162 ns, Total: 173203 ns
[2020-02-27T08:28:47.886+0000][1][safepoint    ] Safepoint "RevokeBias", Time since last: 2512310993 ns, Reaching safepoint: 57804 ns, At safepoint: 16763 ns, Total: 74567 ns
[2020-02-27T08:28:50.395+0000][1][safepoint    ] Safepoint "RevokeBias", Time since last: 2508747624 ns, Reaching safepoint: 59599 ns, At safepoint: 18068 ns, Total: 77667 ns
[2020-02-27T08:28:52.906+0000][1][safepoint    ] Safepoint "RevokeBias", Time since last: 2511340773 ns, Reaching safepoint: 73759 ns, At safepoint: 17860 ns, Total: 91619 ns
[2020-02-27T08:28:55.418+0000][1][safepoint    ] Safepoint "RevokeBias", Time since last: 2511724794 ns, Reaching safepoint: 72210 ns, At safepoint: 18444 ns, Total: 90654 ns
[2020-02-27T08:28:57.929+0000][1][safepoint    ] Safepoint "RevokeBias", Time since last: 2510358236 ns, Reaching safepoint: 129625 ns, At safepoint: 63210 ns, Total: 192835 ns
[2020-02-27T08:29:00.442+0000][1][safepoint    ] Safepoint "RevokeBias", Time since last: 2513367683 ns, Reaching safepoint: 61002 ns, At safepoint: 18298 ns, Total: 79300 ns
[2020-02-27T08:29:02.953+0000][1][safepoint    ] Safepoint "RevokeBias", Time since last: 2510691602 ns, Reaching safepoint: 115388 ns, At safepoint: 82285 ns, Total: 197673 ns
[2020-02-27T08:29:05.463+0000][1][safepoint    ] Safepoint "RevokeBias", Time since last: 2509574644 ns, Reaching safepoint: 76039 ns, At safepoint: 18435 ns, Total: 94474 ns
[2020-02-27T08:29:07.205+0000][1][gc,start     ] GC(133) Pause Young (Allocation Failure)
[2020-02-27T08:29:07.205+0000][1][gc,task      ] GC(133) Using 1 workers of 1 for evacuation
[2020-02-27T08:29:07.214+0000][1][gc,age       ] GC(133) Desired survivor size 4358144 bytes, new threshold 6 (max threshold 6)
[2020-02-27T08:29:07.214+0000][1][gc,age       ] GC(133) Age table with threshold 6 (max threshold 6)
[2020-02-27T08:29:07.214+0000][1][gc,age       ] GC(133) - age   1:      11200 bytes,      11200 total
[2020-02-27T08:29:07.214+0000][1][gc,age       ] GC(133) - age   2:        496 bytes,      11696 total
[2020-02-27T08:29:07.214+0000][1][gc,age       ] GC(133) - age   3:        120 bytes,      11816 total
[2020-02-27T08:29:07.214+0000][1][gc,age       ] GC(133) - age   4:        384 bytes,      12200 total
[2020-02-27T08:29:07.214+0000][1][gc,heap      ] GC(133) ParNew: 68173K->22K(76672K)
[2020-02-27T08:29:07.214+0000][1][gc,heap      ] GC(133) CMS: 62518K->62518K(963392K)
[2020-02-27T08:29:07.214+0000][1][gc,metaspace ] GC(133) Metaspace: 80284K->80284K(1122304K)
[2020-02-27T08:29:07.214+0000][1][gc           ] GC(133) Pause Young (Allocation Failure) 127M->61M(1015M) 9.405ms
[2020-02-27T08:29:07.214+0000][1][gc,cpu       ] GC(133) User=0.01s Sys=0.00s Real=0.01s
[2020-02-27T08:29:07.214+0000][1][safepoint    ] Safepoint "GenCollectForAllocation", Time since last: 1742110045 ns, Reaching safepoint: 81189 ns, At safepoint: 9481543 ns, Total: 9562732 ns
[2020-02-27T08:29:07.965+0000][1][safepoint    ] Safepoint "RevokeBias", Time since last: 750872355 ns, Reaching safepoint: 74603 ns, At safepoint: 18228 ns, Total: 92831 ns
[2020-02-27T08:29:10.471+0000][1][safepoint    ] Safepoint "RevokeBias", Time since last: 2505270654 ns, Reaching safepoint: 75633 ns, At safepoint: 17691 ns, Total: 93324 ns
[2020-02-27T08:29:12.977+0000][1][safepoint    ] Safepoint "RevokeBias", Time since last: 2506039321 ns, Reaching safepoint: 73640 ns, At safepoint: 17484 ns, Total: 91124 ns
[2020-02-27T08:29:15.482+0000][1][safepoint    ] Safepoint "RevokeBias", Time since last: 2505439717 ns, Reaching safepoint: 71936 ns, At safepoint: 17172 ns, Total: 89108 ns
[2020-02-27T08:29:17.985+0000][1][safepoint    ] Safepoint "BulkRevokeBias", Time since last: 2502589104 ns, Reaching safepoint: 124313 ns, At safepoint: 200444 ns, Total: 324757 ns
[2020-02-27T08:29:20.491+0000][1][safepoint    ] Safepoint "RevokeBias", Time since last: 2505594605 ns, Reaching safepoint: 70882 ns, At safepoint: 17557 ns, Total: 88439 ns
[2020-02-27T08:29:22.995+0000][1][safepoint    ] Safepoint "RevokeBias", Time since last: 2504375680 ns, Reaching safepoint: 73085 ns, At safepoint: 17120 ns, Total: 90205 ns
[2020-02-27T08:29:25.500+0000][1][safepoint    ] Safepoint "RevokeBias", Time since last: 2504326168 ns, Reaching safepoint: 75729 ns, At safepoint: 18252 ns, Total: 93981 ns
[2020-02-27T08:29:28.007+0000][1][safepoint    ] Safepoint "RevokeBias", Time since last: 2507130347 ns, Reaching safepoint: 261679 ns, At safepoint: 32801 ns, Total: 294480 ns
[2020-02-27T08:29:30.510+0000][1][safepoint    ] Safepoint "RevokeBias", Time since last: 2502130707 ns, Reaching safepoint: 61508 ns, At safepoint: 18076 ns, Total: 79584 ns
[2020-02-27T08:29:33.015+0000][1][safepoint    ] Safepoint "RevokeBias", Time since last: 2505310559 ns, Reaching safepoint: 108941 ns, At safepoint: 28620 ns, Total: 137561 ns
[2020-02-27T08:29:35.519+0000][1][safepoint    ] Safepoint "RevokeBias", Time since last: 2503891636 ns, Reaching safepoint: 73472 ns, At safepoint: 185024 ns, Total: 258496 ns
[2020-02-27T08:29:38.021+0000][1][safepoint    ] Safepoint "RevokeBias", Time since last: 2501657981 ns, Reaching safepoint: 73050 ns, At safepoint: 17821 ns, Total: 90871 ns
[2020-02-27T08:29:40.527+0000][1][safepoint    ] Safepoint "RevokeBias", Time since last: 2505661499 ns, Reaching safepoint: 84460 ns, At safepoint: 19995 ns, Total: 104455 ns
[2020-02-27T08:29:43.033+0000][1][safepoint    ] Safepoint "RevokeBias", Time since last: 2506043374 ns, Reaching safepoint: 71283 ns, At safepoint: 16985 ns, Total: 88268 ns
[2020-02-27T08:29:45.539+0000][1][safepoint    ] Safepoint "RevokeBias", Time since last: 2506125483 ns, Reaching safepoint: 71601 ns, At safepoint: 17224 ns, Total: 88825 ns
[2020-02-27T08:29:48.045+0000][1][safepoint    ] Safepoint "RevokeBias", Time since last: 2505023638 ns, Reaching safepoint: 1121150 ns, At safepoint: 21677 ns, Total: 1142827 ns
[2020-02-27T08:29:50.553+0000][1][safepoint    ] Safepoint "RevokeBias", Time since last: 2507603272 ns, Reaching safepoint: 54952 ns, At safepoint: 16996 ns, Total: 71948 ns
[2020-02-27T08:29:53.065+0000][1][safepoint    ] Safepoint "RevokeBias", Time since last: 2511851915 ns, Reaching safepoint: 73664 ns, At safepoint: 18285 ns, Total: 91949 ns
[2020-02-27T08:29:55.577+0000][1][safepoint    ] Safepoint "RevokeBias", Time since last: 2511984420 ns, Reaching safepoint: 89362 ns, At safepoint: 18554 ns, Total: 107916 ns
[2020-02-27T08:29:58.085+0000][1][safepoint    ] Safepoint "RevokeBias", Time since last: 2508329036 ns, Reaching safepoint: 193650 ns, At safepoint: 26102 ns, Total: 219752 ns
[2020-02-27T08:30:00.601+0000][1][safepoint    ] Safepoint "RevokeBias", Time since last: 2515616827 ns, Reaching safepoint: 71501 ns, At safepoint: 18726 ns, Total: 90227 ns
[2020-02-27T08:30:03.111+0000][1][safepoint    ] Safepoint "RevokeBias", Time since last: 2509337721 ns, Reaching safepoint: 74347 ns, At safepoint: 18696 ns, Total: 93043 ns
[2020-02-27T08:30:05.625+0000][1][safepoint    ] Safepoint "RevokeBias", Time since last: 2514719011 ns, Reaching safepoint: 73591 ns, At safepoint: 18881 ns, Total: 92472 ns
[2020-02-27T08:30:08.139+0000][1][safepoint    ] Safepoint "RevokeBias", Time since last: 2513806148 ns, Reaching safepoint: 102294 ns, At safepoint: 24226 ns, Total: 126520 ns
[2020-02-27T08:30:10.659+0000][1][safepoint    ] Safepoint "RevokeBias", Time since last: 2519947859 ns, Reaching safepoint: 156145 ns, At safepoint: 19397 ns, Total: 175542 ns
[2020-02-27T08:30:13.170+0000][1][safepoint    ] Safepoint "RevokeBias", Time since last: 2510836428 ns, Reaching safepoint: 148958 ns, At safepoint: 28315 ns, Total: 177273 ns
[2020-02-27T08:30:15.682+0000][1][safepoint    ] Safepoint "RevokeBias", Time since last: 2511452084 ns, Reaching safepoint: 73645 ns, At safepoint: 17937 ns, Total: 91582 ns
[2020-02-27T08:30:18.192+0000][1][safepoint    ] Safepoint "RevokeBias", Time since last: 2510333358 ns, Reaching safepoint: 88232 ns, At safepoint: 20369 ns, Total: 108601 ns
[2020-02-27T08:30:20.705+0000][1][safepoint    ] Safepoint "RevokeBias", Time since last: 2512946881 ns, Reaching safepoint: 79266 ns, At safepoint: 19886 ns, Total: 99152 ns
[2020-02-27T08:30:23.220+0000][1][safepoint    ] Safepoint "RevokeBias", Time since last: 2514587182 ns, Reaching safepoint: 92883 ns, At safepoint: 21158 ns, Total: 114041 ns
[2020-02-27T08:30:25.726+0000][1][safepoint    ] Safepoint "RevokeBias", Time since last: 2505889495 ns, Reaching safepoint: 74696 ns, At safepoint: 18901 ns, Total: 93597 ns
[2020-02-27T08:30:28.229+0000][1][safepoint    ] Safepoint "RevokeBias", Time since last: 2502946971 ns, Reaching safepoint: 112006 ns, At safepoint: 29451 ns, Total: 141457 ns
[2020-02-27T08:30:30.734+0000][1][safepoint    ] Safepoint "BulkRevokeBias", Time since last: 2504652797 ns, Reaching safepoint: 90074 ns, At safepoint: 186799 ns, Total: 276873 ns
[2020-02-27T08:30:33.240+0000][1][safepoint    ] Safepoint "RevokeBias", Time since last: 2506139729 ns, Reaching safepoint: 72755 ns, At safepoint: 29857 ns, Total: 102612 ns
[2020-02-27T08:30:35.746+0000][1][safepoint    ] Safepoint "RevokeBias", Time since last: 2505945168 ns, Reaching safepoint: 73679 ns, At safepoint: 17834 ns, Total: 91513 ns
[2020-02-27T08:30:38.249+0000][1][safepoint    ] Safepoint "RevokeBias", Time since last: 2502900844 ns, Reaching safepoint: 89444 ns, At safepoint: 20613 ns, Total: 110057 ns
[2020-02-27T08:30:40.755+0000][1][safepoint    ] Safepoint "RevokeBias", Time since last: 2505494505 ns, Reaching safepoint: 75710 ns, At safepoint: 18365 ns, Total: 94075 ns
[2020-02-27T08:30:43.261+0000][1][safepoint    ] Safepoint "RevokeBias", Time since last: 2505424079 ns, Reaching safepoint: 73102 ns, At safepoint: 17924 ns, Total: 91026 ns
[2020-02-27T08:30:45.766+0000][1][safepoint    ] Safepoint "RevokeBias", Time since last: 2505346749 ns, Reaching safepoint: 197247 ns, At safepoint: 21114 ns, Total: 218361 ns
[2020-02-27T08:30:48.270+0000][1][safepoint    ] Safepoint "RevokeBias", Time since last: 2503267093 ns, Reaching safepoint: 88687 ns, At safepoint: 21132 ns, Total: 109819 ns
[2020-02-27T08:30:50.776+0000][1][safepoint    ] Safepoint "RevokeBias", Time since last: 2506619313 ns, Reaching safepoint: 76937 ns, At safepoint: 18723 ns, Total: 95660 ns
[2020-02-27T08:30:53.282+0000][1][safepoint    ] Safepoint "RevokeBias", Time since last: 2505605686 ns, Reaching safepoint: 77846 ns, At safepoint: 19502 ns, Total: 97348 ns
[2020-02-27T08:30:55.788+0000][1][safepoint    ] Safepoint "RevokeBias", Time since last: 2506269553 ns, Reaching safepoint: 149945 ns, At safepoint: 20737 ns, Total: 170682 ns
[2020-02-27T08:30:58.291+0000][1][safepoint    ] Safepoint "RevokeBias", Time since last: 2502982510 ns, Reaching safepoint: 72863 ns, At safepoint: 17411 ns, Total: 90274 ns
[2020-02-27T08:31:00.796+0000][1][safepoint    ] Safepoint "RevokeBias", Time since last: 2504162493 ns, Reaching safepoint: 179101 ns, At safepoint: 31218 ns, Total: 210319 ns
[2020-02-27T08:31:03.299+0000][1][safepoint    ] Safepoint "RevokeBias", Time since last: 2503285051 ns, Reaching safepoint: 113761 ns, At safepoint: 29112 ns, Total: 142873 ns
[2020-02-27T08:31:05.806+0000][1][safepoint    ] Safepoint "RevokeBias", Time since last: 2506542136 ns, Reaching safepoint: 73395 ns, At safepoint: 18152 ns, Total: 91547 ns
[2020-02-27T08:31:08.309+0000][1][safepoint    ] Safepoint "RevokeBias", Time since last: 2503107039 ns, Reaching safepoint: 72510 ns, At safepoint: 17807 ns, Total: 90317 ns
[2020-02-27T08:31:10.815+0000][1][safepoint    ] Safepoint "RevokeBias", Time since last: 2505685297 ns, Reaching safepoint: 72521 ns, At safepoint: 17400 ns, Total: 89921 ns
[2020-02-27T08:31:13.331+0000][1][safepoint    ] Safepoint "RevokeBias", Time since last: 2515648124 ns, Reaching safepoint: 74007 ns, At safepoint: 18040 ns, Total: 92047 ns
[2020-02-27T08:31:15.844+0000][1][safepoint    ] Safepoint "RevokeBias", Time since last: 2513389624 ns, Reaching safepoint: 154869 ns, At safepoint: 59073 ns, Total: 213942 ns
[2020-02-27T08:31:18.352+0000][1][safepoint    ] Safepoint "RevokeBias", Time since last: 2507862594 ns, Reaching safepoint: 88569 ns, At safepoint: 20654 ns, Total: 109223 ns
[2020-02-27T08:31:20.880+0000][1][safepoint    ] Safepoint "RevokeBias", Time since last: 2527700410 ns, Reaching safepoint: 67345 ns, At safepoint: 20971 ns, Total: 88316 ns
[2020-02-27T08:31:22.312+0000][1][gc,start     ] GC(134) Pause Young (Allocation Failure)
[2020-02-27T08:31:22.312+0000][1][gc,task      ] GC(134) Using 1 workers of 1 for evacuation
[2020-02-27T08:31:22.322+0000][1][gc,age       ] GC(134) Desired survivor size 4358144 bytes, new threshold 6 (max threshold 6)
[2020-02-27T08:31:22.322+0000][1][gc,age       ] GC(134) Age table with threshold 6 (max threshold 6)
[2020-02-27T08:31:22.322+0000][1][gc,age       ] GC(134) - age   1:      11320 bytes,      11320 total
[2020-02-27T08:31:22.322+0000][1][gc,age       ] GC(134) - age   2:        480 bytes,      11800 total
[2020-02-27T08:31:22.322+0000][1][gc,age       ] GC(134) - age   3:        496 bytes,      12296 total
[2020-02-27T08:31:22.322+0000][1][gc,age       ] GC(134) - age   5:         32 bytes,      12328 total
[2020-02-27T08:31:22.322+0000][1][gc,heap      ] GC(134) ParNew: 68182K->14K(76672K)
[2020-02-27T08:31:22.322+0000][1][gc,heap      ] GC(134) CMS: 62518K->62518K(963392K)
[2020-02-27T08:31:22.322+0000][1][gc,metaspace ] GC(134) Metaspace: 80284K->80284K(1122304K)
[2020-02-27T08:31:22.322+0000][1][gc           ] GC(134) Pause Young (Allocation Failure) 127M->61M(1015M) 10.724ms
[2020-02-27T08:31:22.322+0000][1][gc,cpu       ] GC(134) User=0.01s Sys=0.00s Real=0.01s
[2020-02-27T08:31:22.322+0000][1][safepoint    ] Safepoint "GenCollectForAllocation", Time since last: 1431500112 ns, Reaching safepoint: 78939 ns, At safepoint: 10786223 ns, Total: 10865162 ns
[2020-02-27T08:31:23.399+0000][1][safepoint    ] Safepoint "RevokeBias", Time since last: 1076908726 ns, Reaching safepoint: 56466 ns, At safepoint: 16596 ns, Total: 73062 ns
[2020-02-27T08:31:25.911+0000][1][safepoint    ] Safepoint "RevokeBias", Time since last: 2511844633 ns, Reaching safepoint: 58903 ns, At safepoint: 17040 ns, Total: 75943 ns
[2020-02-27T08:31:28.418+0000][1][safepoint    ] Safepoint "RevokeBias", Time since last: 2507000479 ns, Reaching safepoint: 75732 ns, At safepoint: 17515 ns, Total: 93247 ns
[2020-02-27T08:31:30.925+0000][1][safepoint    ] Safepoint "RevokeBias", Time since last: 2506062563 ns, Reaching safepoint: 152970 ns, At safepoint: 27154 ns, Total: 180124 ns
[2020-02-27T08:31:33.441+0000][1][safepoint    ] Safepoint "RevokeBias", Time since last: 2516553671 ns, Reaching safepoint: 92645 ns, At safepoint: 26591 ns, Total: 119236 ns
[2020-02-27T08:31:35.950+0000][1][safepoint    ] Safepoint "RevokeBias", Time since last: 2508976730 ns, Reaching safepoint: 71918 ns, At safepoint: 17529 ns, Total: 89447 ns
[2020-02-27T08:31:38.453+0000][1][safepoint    ] Safepoint "RevokeBias", Time since last: 2502501297 ns, Reaching safepoint: 70816 ns, At safepoint: 122106 ns, Total: 192922 ns
[2020-02-27T08:31:40.959+0000][1][safepoint    ] Safepoint "RevokeBias", Time since last: 2505843915 ns, Reaching safepoint: 75163 ns, At safepoint: 19101 ns, Total: 94264 ns
[2020-02-27T08:31:43.461+0000][1][safepoint    ] Safepoint "BulkRevokeBias", Time since last: 2502178402 ns, Reaching safepoint: 72785 ns, At safepoint: 188030 ns, Total: 260815 ns
[2020-02-27T08:31:45.967+0000][1][safepoint    ] Safepoint "RevokeBias", Time since last: 2505717322 ns, Reaching safepoint: 73645 ns, At safepoint: 17517 ns, Total: 91162 ns
[2020-02-27T08:31:48.470+0000][1][safepoint    ] Safepoint "RevokeBias", Time since last: 2503040220 ns, Reaching safepoint: 103232 ns, At safepoint: 24271 ns, Total: 127503 ns
[2020-02-27T08:31:50.976+0000][1][safepoint    ] Safepoint "RevokeBias", Time since last: 2505394638 ns, Reaching safepoint: 72625 ns, At safepoint: 17924 ns, Total: 90549 ns
[2020-02-27T08:31:53.479+0000][1][safepoint    ] Safepoint "RevokeBias", Time since last: 2503089469 ns, Reaching safepoint: 74038 ns, At safepoint: 18056 ns, Total: 92094 ns
[2020-02-27T08:31:56.087+0000][1][safepoint    ] Safepoint "RevokeBias", Time since last: 2608310511 ns, Reaching safepoint: 73571 ns, At safepoint: 19129 ns, Total: 92700 ns
[2020-02-27T08:31:58.591+0000][1][safepoint    ] Safepoint "RevokeBias", Time since last: 2503353221 ns, Reaching safepoint: 74751 ns, At safepoint: 17921 ns, Total: 92672 ns
[2020-02-27T08:32:01.093+0000][1][safepoint    ] Safepoint "RevokeBias", Time since last: 2502264402 ns, Reaching safepoint: 108793 ns, At safepoint: 28285 ns, Total: 137078 ns
[2020-02-27T08:32:03.599+0000][1][safepoint    ] Safepoint "RevokeBias", Time since last: 2506112736 ns, Reaching safepoint: 72845 ns, At safepoint: 18067 ns, Total: 90912 ns
[2020-02-27T08:32:06.105+0000][1][safepoint    ] Safepoint "RevokeBias", Time since last: 2504949690 ns, Reaching safepoint: 90891 ns, At safepoint: 21855 ns, Total: 112746 ns
[2020-02-27T08:32:08.607+0000][1][safepoint    ] Safepoint "RevokeBias", Time since last: 2502351404 ns, Reaching safepoint: 75141 ns, At safepoint: 18546 ns, Total: 93687 ns
[2020-02-27T08:32:11.112+0000][1][safepoint    ] Safepoint "RevokeBias", Time since last: 2504447793 ns, Reaching safepoint: 71386 ns, At safepoint: 17734 ns, Total: 89120 ns
[2020-02-27T08:32:13.615+0000][1][safepoint    ] Safepoint "RevokeBias", Time since last: 2503308433 ns, Reaching safepoint: 72985 ns, At safepoint: 17746 ns, Total: 90731 ns
[2020-02-27T08:32:16.119+0000][1][safepoint    ] Safepoint "RevokeBias", Time since last: 2503901752 ns, Reaching safepoint: 75154 ns, At safepoint: 18622 ns, Total: 93776 ns
[2020-02-27T08:32:18.621+0000][1][safepoint    ] Safepoint "RevokeBias", Time since last: 2501987328 ns, Reaching safepoint: 91041 ns, At safepoint: 21630 ns, Total: 112671 ns
[2020-02-27T08:32:21.127+0000][1][safepoint    ] Safepoint "RevokeBias", Time since last: 2505471004 ns, Reaching safepoint: 83375 ns, At safepoint: 20612 ns, Total: 103987 ns
[2020-02-27T08:32:23.630+0000][1][safepoint    ] Safepoint "RevokeBias", Time since last: 2502852191 ns, Reaching safepoint: 78401 ns, At safepoint: 19074 ns, Total: 97475 ns
[2020-02-27T08:32:26.137+0000][1][safepoint    ] Safepoint "RevokeBias", Time since last: 2507288758 ns, Reaching safepoint: 77165 ns, At safepoint: 19099 ns, Total: 96264 ns
[2020-02-27T08:32:28.641+0000][1][safepoint    ] Safepoint "RevokeBias", Time since last: 2503602579 ns, Reaching safepoint: 70865 ns, At safepoint: 17250 ns, Total: 88115 ns
[2020-02-27T08:32:31.144+0000][1][safepoint    ] Safepoint "RevokeBias", Time since last: 2503239351 ns, Reaching safepoint: 70824 ns, At safepoint: 17969 ns, Total: 88793 ns
[2020-02-27T08:32:33.649+0000][1][safepoint    ] Safepoint "RevokeBias", Time since last: 2504557363 ns, Reaching safepoint: 73896 ns, At safepoint: 17771 ns, Total: 91667 ns
[2020-02-27T08:32:36.167+0000][1][safepoint    ] Safepoint "RevokeBias", Time since last: 2518207174 ns, Reaching safepoint: 83738 ns, At safepoint: 17996 ns, Total: 101734 ns
[2020-02-27T08:32:38.675+0000][1][safepoint    ] Safepoint "RevokeBias", Time since last: 2507849822 ns, Reaching safepoint: 73416 ns, At safepoint: 18561 ns, Total: 91977 ns
[2020-02-27T08:32:41.201+0000][1][safepoint    ] Safepoint "RevokeBias", Time since last: 2525665904 ns, Reaching safepoint: 74620 ns, At safepoint: 18552 ns, Total: 93172 ns
[2020-02-27T08:32:43.711+0000][1][safepoint    ] Safepoint "RevokeBias", Time since last: 2510783637 ns, Reaching safepoint: 72924 ns, At safepoint: 17428 ns, Total: 90352 ns
[2020-02-27T08:32:46.225+0000][1][safepoint    ] Safepoint "RevokeBias", Time since last: 2513127658 ns, Reaching safepoint: 72211 ns, At safepoint: 17678 ns, Total: 89889 ns
[2020-02-27T08:32:48.731+0000][1][safepoint    ] Safepoint "RevokeBias", Time since last: 2506094868 ns, Reaching safepoint: 130684 ns, At safepoint: 28828 ns, Total: 159512 ns
[2020-02-27T08:32:51.245+0000][1][safepoint    ] Safepoint "RevokeBias", Time since last: 2513913736 ns, Reaching safepoint: 70933 ns, At safepoint: 17115 ns, Total: 88048 ns
[2020-02-27T08:32:53.758+0000][1][safepoint    ] Safepoint "RevokeBias", Time since last: 2513475666 ns, Reaching safepoint: 55267 ns, At safepoint: 16304 ns, Total: 71571 ns
[2020-02-27T08:32:56.269+0000][1][safepoint    ] Safepoint "BulkRevokeBias", Time since last: 2509875021 ns, Reaching safepoint: 56605 ns, At safepoint: 149161 ns, Total: 205766 ns
[2020-02-27T08:32:58.777+0000][1][safepoint    ] Safepoint "RevokeBias", Time since last: 2508357561 ns, Reaching safepoint: 224027 ns, At safepoint: 31414 ns, Total: 255441 ns
[2020-02-27T08:33:01.295+0000][1][safepoint    ] Safepoint "RevokeBias", Time since last: 2517568829 ns, Reaching safepoint: 72675 ns, At safepoint: 18008 ns, Total: 90683 ns
[2020-02-27T08:33:03.802+0000][1][safepoint    ] Safepoint "RevokeBias", Time since last: 2506569242 ns, Reaching safepoint: 78079 ns, At safepoint: 19806 ns, Total: 97885 ns
[2020-02-27T08:33:06.320+0000][1][safepoint    ] Safepoint "RevokeBias", Time since last: 2518463136 ns, Reaching safepoint: 53947 ns, At safepoint: 15628 ns, Total: 69575 ns
[2020-02-27T08:33:08.831+0000][1][safepoint    ] Safepoint "RevokeBias", Time since last: 2510802871 ns, Reaching safepoint: 71283 ns, At safepoint: 18449 ns, Total: 89732 ns
[2020-02-27T08:33:11.336+0000][1][safepoint    ] Safepoint "RevokeBias", Time since last: 2505164404 ns, Reaching safepoint: 72036 ns, At safepoint: 17591 ns, Total: 89627 ns
[2020-02-27T08:33:13.840+0000][1][safepoint    ] Safepoint "RevokeBias", Time since last: 2504087814 ns, Reaching safepoint: 76734 ns, At safepoint: 18846 ns, Total: 95580 ns
[2020-02-27T08:33:16.347+0000][1][safepoint    ] Safepoint "RevokeBias", Time since last: 2506110603 ns, Reaching safepoint: 75246 ns, At safepoint: 18746 ns, Total: 93992 ns
[2020-02-27T08:33:18.850+0000][1][safepoint    ] Safepoint "RevokeBias", Time since last: 2503064029 ns, Reaching safepoint: 90777 ns, At safepoint: 21361 ns, Total: 112138 ns
[2020-02-27T08:33:21.354+0000][1][safepoint    ] Safepoint "RevokeBias", Time since last: 2504356079 ns, Reaching safepoint: 73850 ns, At safepoint: 17413 ns, Total: 91263 ns
[2020-02-27T08:33:23.858+0000][1][safepoint    ] Safepoint "RevokeBias", Time since last: 2503495373 ns, Reaching safepoint: 74799 ns, At safepoint: 18415 ns, Total: 93214 ns
[2020-02-27T08:33:26.365+0000][1][safepoint    ] Safepoint "RevokeBias", Time since last: 2506672714 ns, Reaching safepoint: 80730 ns, At safepoint: 18657 ns, Total: 99387 ns
[2020-02-27T08:33:28.873+0000][1][safepoint    ] Safepoint "RevokeBias", Time since last: 2507961335 ns, Reaching safepoint: 160176 ns, At safepoint: 21791 ns, Total: 181967 ns
[2020-02-27T08:33:31.389+0000][1][safepoint    ] Safepoint "RevokeBias", Time since last: 2515844356 ns, Reaching safepoint: 73855 ns, At safepoint: 18247 ns, Total: 92102 ns
[2020-02-27T08:33:33.893+0000][1][safepoint    ] Safepoint "RevokeBias", Time since last: 2503759133 ns, Reaching safepoint: 88391 ns, At safepoint: 25470 ns, Total: 113861 ns
[2020-02-27T08:33:36.398+0000][1][safepoint    ] Safepoint "RevokeBias", Time since last: 2505827682 ns, Reaching safepoint: 74085 ns, At safepoint: 29401 ns, Total: 103486 ns
[2020-02-27T08:33:38.901+0000][1][safepoint    ] Safepoint "RevokeBias", Time since last: 2502838902 ns, Reaching safepoint: 95094 ns, At safepoint: 18512 ns, Total: 113606 ns
[2020-02-27T08:33:41.406+0000][1][safepoint    ] Safepoint "RevokeBias", Time since last: 2504994052 ns, Reaching safepoint: 72390 ns, At safepoint: 17979 ns, Total: 90369 ns
[2020-02-27T08:33:42.417+0000][1][gc,start     ] GC(135) Pause Young (Allocation Failure)
[2020-02-27T08:33:42.417+0000][1][gc,task      ] GC(135) Using 1 workers of 1 for evacuation
[2020-02-27T08:33:42.427+0000][1][gc,age       ] GC(135) Desired survivor size 4358144 bytes, new threshold 6 (max threshold 6)
[2020-02-27T08:33:42.427+0000][1][gc,age       ] GC(135) Age table with threshold 6 (max threshold 6)
[2020-02-27T08:33:42.427+0000][1][gc,age       ] GC(135) - age   1:      12264 bytes,      12264 total
[2020-02-27T08:33:42.427+0000][1][gc,age       ] GC(135) - age   2:        384 bytes,      12648 total
[2020-02-27T08:33:42.427+0000][1][gc,age       ] GC(135) - age   3:        360 bytes,      13008 total
[2020-02-27T08:33:42.427+0000][1][gc,age       ] GC(135) - age   4:        496 bytes,      13504 total
[2020-02-27T08:33:42.427+0000][1][gc,age       ] GC(135) - age   6:         32 bytes,      13536 total
[2020-02-27T08:33:42.427+0000][1][gc,heap      ] GC(135) ParNew: 68174K->21K(76672K)
[2020-02-27T08:33:42.427+0000][1][gc,heap      ] GC(135) CMS: 62518K->62518K(963392K)
[2020-02-27T08:33:42.427+0000][1][gc,metaspace ] GC(135) Metaspace: 80284K->80284K(1122304K)
[2020-02-27T08:33:42.427+0000][1][gc           ] GC(135) Pause Young (Allocation Failure) 127M->61M(1015M) 10.174ms
[2020-02-27T08:33:42.427+0000][1][gc,cpu       ] GC(135) User=0.01s Sys=0.00s Real=0.01s
[2020-02-27T08:33:42.427+0000][1][safepoint    ] Safepoint "GenCollectForAllocation", Time since last: 1009897233 ns, Reaching safepoint: 99496 ns, At safepoint: 10229812 ns, Total: 10329308 ns
[2020-02-27T08:33:43.910+0000][1][safepoint    ] Safepoint "RevokeBias", Time since last: 1483661442 ns, Reaching safepoint: 73808 ns, At safepoint: 17333 ns, Total: 91141 ns
[2020-02-27T08:33:46.417+0000][1][safepoint    ] Safepoint "RevokeBias", Time since last: 2506147890 ns, Reaching safepoint: 77152 ns, At safepoint: 19294 ns, Total: 96446 ns
[2020-02-27T08:33:48.942+0000][1][safepoint    ] Safepoint "RevokeBias", Time since last: 2525139731 ns, Reaching safepoint: 250224 ns, At safepoint: 109429 ns, Total: 359653 ns
[2020-02-27T08:33:51.449+0000][1][safepoint    ] Safepoint "RevokeBias", Time since last: 2506436969 ns, Reaching safepoint: 72254 ns, At safepoint: 17651 ns, Total: 89905 ns
[2020-02-27T08:33:54.001+0000][1][safepoint    ] Safepoint "RevokeBias", Time since last: 2552419130 ns, Reaching safepoint: 52574 ns, At safepoint: 15737 ns, Total: 68311 ns
[2020-02-27T08:33:56.509+0000][1][safepoint    ] Safepoint "RevokeBias", Time since last: 2507217325 ns, Reaching safepoint: 71561 ns, At safepoint: 17585 ns, Total: 89146 ns
[2020-02-27T08:33:59.019+0000][1][safepoint    ] Safepoint "RevokeBias", Time since last: 2510639526 ns, Reaching safepoint: 76804 ns, At safepoint: 19850 ns, Total: 96654 ns
[2020-02-27T08:34:01.558+0000][1][safepoint    ] Safepoint "RevokeBias", Time since last: 2538622829 ns, Reaching safepoint: 72852 ns, At safepoint: 35454 ns, Total: 108306 ns
[2020-02-27T08:34:04.069+0000][1][safepoint    ] Safepoint "RevokeBias", Time since last: 2510659102 ns, Reaching safepoint: 74748 ns, At safepoint: 19051 ns, Total: 93799 ns
[2020-02-27T08:34:06.580+0000][1][safepoint    ] Safepoint "RevokeBias", Time since last: 2511027155 ns, Reaching safepoint: 70888 ns, At safepoint: 17414 ns, Total: 88302 ns
[2020-02-27T08:34:09.100+0000][1][safepoint    ] Safepoint "BulkRevokeBias", Time since last: 2519694181 ns, Reaching safepoint: 106498 ns, At safepoint: 505228 ns, Total: 611726 ns
[2020-02-27T08:34:11.612+0000][1][safepoint    ] Safepoint "RevokeBias", Time since last: 2512183214 ns, Reaching safepoint: 118427 ns, At safepoint: 18810 ns, Total: 137237 ns
[2020-02-27T08:34:14.135+0000][1][safepoint    ] Safepoint "RevokeBias", Time since last: 2522824061 ns, Reaching safepoint: 74250 ns, At safepoint: 17355 ns, Total: 91605 ns
[2020-02-27T08:34:16.651+0000][1][safepoint    ] Safepoint "RevokeBias", Time since last: 2515567700 ns, Reaching safepoint: 78251 ns, At safepoint: 19348 ns, Total: 97599 ns
[2020-02-27T08:34:19.162+0000][1][safepoint    ] Safepoint "RevokeBias", Time since last: 2510506071 ns, Reaching safepoint: 144764 ns, At safepoint: 26357 ns, Total: 171121 ns
[2020-02-27T08:34:21.680+0000][1][safepoint    ] Safepoint "RevokeBias", Time since last: 2518129632 ns, Reaching safepoint: 73796 ns, At safepoint: 18483 ns, Total: 92279 ns
[2020-02-27T08:34:24.194+0000][1][safepoint    ] Safepoint "RevokeBias", Time since last: 2514006678 ns, Reaching safepoint: 74223 ns, At safepoint: 18247 ns, Total: 92470 ns
[2020-02-27T08:34:26.705+0000][1][safepoint    ] Safepoint "RevokeBias", Time since last: 2510928633 ns, Reaching safepoint: 74075 ns, At safepoint: 18731 ns, Total: 92806 ns
[2020-02-27T08:34:29.218+0000][1][safepoint    ] Safepoint "RevokeBias", Time since last: 2512441469 ns, Reaching safepoint: 74051 ns, At safepoint: 18145 ns, Total: 92196 ns
[2020-02-27T08:34:31.729+0000][1][safepoint    ] Safepoint "RevokeBias", Time since last: 2511115736 ns, Reaching safepoint: 74818 ns, At safepoint: 18412 ns, Total: 93230 ns
[2020-02-27T08:34:34.232+0000][1][safepoint    ] Safepoint "RevokeBias", Time since last: 2503500394 ns, Reaching safepoint: 73550 ns, At safepoint: 78790 ns, Total: 152340 ns
[2020-02-27T08:34:36.739+0000][1][safepoint    ] Safepoint "RevokeBias", Time since last: 2506043798 ns, Reaching safepoint: 89504 ns, At safepoint: 17832 ns, Total: 107336 ns
[2020-02-27T08:34:39.243+0000][1][safepoint    ] Safepoint "RevokeBias", Time since last: 2503721046 ns, Reaching safepoint: 134808 ns, At safepoint: 25670 ns, Total: 160478 ns
[2020-02-27T08:34:41.749+0000][1][safepoint    ] Safepoint "RevokeBias", Time since last: 2506063172 ns, Reaching safepoint: 85380 ns, At safepoint: 89835 ns, Total: 175215 ns
[2020-02-27T08:34:44.254+0000][1][safepoint    ] Safepoint "RevokeBias", Time since last: 2504840153 ns, Reaching safepoint: 59561 ns, At safepoint: 18068 ns, Total: 77629 ns
[2020-02-27T08:34:46.760+0000][1][safepoint    ] Safepoint "RevokeBias", Time since last: 2506346595 ns, Reaching safepoint: 72182 ns, At safepoint: 17715 ns, Total: 89897 ns
[2020-02-27T08:34:49.262+0000][1][safepoint    ] Safepoint "RevokeBias", Time since last: 2502211944 ns, Reaching safepoint: 104548 ns, At safepoint: 25852 ns, Total: 130400 ns
[2020-02-27T08:34:51.769+0000][1][safepoint    ] Safepoint "RevokeBias", Time since last: 2506427619 ns, Reaching safepoint: 94623 ns, At safepoint: 18942 ns, Total: 113565 ns
[2020-02-27T08:34:54.272+0000][1][safepoint    ] Safepoint "RevokeBias", Time since last: 2503168337 ns, Reaching safepoint: 72844 ns, At safepoint: 18017 ns, Total: 90861 ns
[2020-02-27T08:34:55.274+0000][1][safepoint    ] Safepoint "Cleanup", Time since last: 1001672040 ns, Reaching safepoint: 100026 ns, At safepoint: 7519 ns, Total: 107545 ns
[2020-02-27T08:34:56.776+0000][1][safepoint    ] Safepoint "RevokeBias", Time since last: 1502069533 ns, Reaching safepoint: 82342 ns, At safepoint: 20898 ns, Total: 103240 ns
[2020-02-27T08:34:59.279+0000][1][safepoint    ] Safepoint "RevokeBias", Time since last: 2503088644 ns, Reaching safepoint: 75592 ns, At safepoint: 18381 ns, Total: 93973 ns
[2020-02-27T08:35:01.783+0000][1][safepoint    ] Safepoint "RevokeBias", Time since last: 2503847848 ns, Reaching safepoint: 86885 ns, At safepoint: 22260 ns, Total: 109145 ns
[2020-02-27T08:35:04.287+0000][1][safepoint    ] Safepoint "RevokeBias", Time since last: 2504019409 ns, Reaching safepoint: 73867 ns, At safepoint: 18052 ns, Total: 91919 ns
[2020-02-27T08:35:06.794+0000][1][safepoint    ] Safepoint "RevokeBias", Time since last: 2506263741 ns, Reaching safepoint: 71827 ns, At safepoint: 17232 ns, Total: 89059 ns
[2020-02-27T08:35:09.297+0000][1][safepoint    ] Safepoint "RevokeBias", Time since last: 2503281423 ns, Reaching safepoint: 70478 ns, At safepoint: 17435 ns, Total: 87913 ns
[2020-02-27T08:35:11.802+0000][1][safepoint    ] Safepoint "RevokeBias", Time since last: 2505070475 ns, Reaching safepoint: 72620 ns, At safepoint: 17979 ns, Total: 90599 ns
[2020-02-27T08:35:14.306+0000][1][safepoint    ] Safepoint "RevokeBias", Time since last: 2504018844 ns, Reaching safepoint: 80196 ns, At safepoint: 19169 ns, Total: 99365 ns
[2020-02-27T08:35:16.813+0000][1][safepoint    ] Safepoint "RevokeBias", Time since last: 2505947874 ns, Reaching safepoint: 72883 ns, At safepoint: 18625 ns, Total: 91508 ns
[2020-02-27T08:35:19.316+0000][1][safepoint    ] Safepoint "RevokeBias", Time since last: 2502904017 ns, Reaching safepoint: 123074 ns, At safepoint: 35744 ns, Total: 158818 ns
[2020-02-27T08:35:21.827+0000][1][safepoint    ] Safepoint "BulkRevokeBias", Time since last: 2510925157 ns, Reaching safepoint: 73861 ns, At safepoint: 259703 ns, Total: 333564 ns
[2020-02-27T08:35:24.335+0000][1][safepoint    ] Safepoint "RevokeBias", Time since last: 2507884729 ns, Reaching safepoint: 86470 ns, At safepoint: 21054 ns, Total: 107524 ns
[2020-02-27T08:35:26.848+0000][1][safepoint    ] Safepoint "RevokeBias", Time since last: 2513566967 ns, Reaching safepoint: 74268 ns, At safepoint: 18168 ns, Total: 92436 ns
[2020-02-27T08:35:29.356+0000][1][safepoint    ] Safepoint "RevokeBias", Time since last: 2507021083 ns, Reaching safepoint: 138815 ns, At safepoint: 38836 ns, Total: 177651 ns
[2020-02-27T08:35:31.866+0000][1][safepoint    ] Safepoint "RevokeBias", Time since last: 2510442145 ns, Reaching safepoint: 161663 ns, At safepoint: 20666 ns, Total: 182329 ns
[2020-02-27T08:35:34.377+0000][1][safepoint    ] Safepoint "RevokeBias", Time since last: 2510978960 ns, Reaching safepoint: 160561 ns, At safepoint: 42732 ns, Total: 203293 ns
[2020-02-27T08:35:36.897+0000][1][safepoint    ] Safepoint "RevokeBias", Time since last: 2519735153 ns, Reaching safepoint: 73045 ns, At safepoint: 19247 ns, Total: 92292 ns
[2020-02-27T08:35:39.407+0000][1][safepoint    ] Safepoint "RevokeBias", Time since last: 2509762589 ns, Reaching safepoint: 71858 ns, At safepoint: 17968 ns, Total: 89826 ns
[2020-02-27T08:35:41.921+0000][1][safepoint    ] Safepoint "RevokeBias", Time since last: 2514016462 ns, Reaching safepoint: 111090 ns, At safepoint: 28591 ns, Total: 139681 ns
[2020-02-27T08:35:44.429+0000][1][safepoint    ] Safepoint "RevokeBias", Time since last: 2507290966 ns, Reaching safepoint: 73071 ns, At safepoint: 17912 ns, Total: 90983 ns
[2020-02-27T08:35:46.940+0000][1][safepoint    ] Safepoint "RevokeBias", Time since last: 2511406520 ns, Reaching safepoint: 53196 ns, At safepoint: 131995 ns, Total: 185191 ns
[2020-02-27T08:35:49.448+0000][1][safepoint    ] Safepoint "RevokeBias", Time since last: 2507633985 ns, Reaching safepoint: 106407 ns, At safepoint: 20711 ns, Total: 127118 ns
[2020-02-27T08:35:51.954+0000][1][safepoint    ] Safepoint "RevokeBias", Time since last: 2505946942 ns, Reaching safepoint: 109789 ns, At safepoint: 19400 ns, Total: 129189 ns
[2020-02-27T08:35:54.458+0000][1][safepoint    ] Safepoint "RevokeBias", Time since last: 2504105967 ns, Reaching safepoint: 87599 ns, At safepoint: 17499 ns, Total: 105098 ns
[2020-02-27T08:35:56.965+0000][1][safepoint    ] Safepoint "RevokeBias", Time since last: 2506830997 ns, Reaching safepoint: 75014 ns, At safepoint: 19552 ns, Total: 94566 ns
[2020-02-27T08:35:57.523+0000][1][gc,start     ] GC(136) Pause Young (Allocation Failure)
[2020-02-27T08:35:57.523+0000][1][gc,task      ] GC(136) Using 1 workers of 1 for evacuation
[2020-02-27T08:35:57.550+0000][1][gc,age       ] GC(136) Desired survivor size 4358144 bytes, new threshold 6 (max threshold 6)
[2020-02-27T08:35:57.550+0000][1][gc,age       ] GC(136) Age table with threshold 6 (max threshold 6)
[2020-02-27T08:35:57.550+0000][1][gc,age       ] GC(136) - age   1:      11872 bytes,      11872 total
[2020-02-27T08:35:57.550+0000][1][gc,age       ] GC(136) - age   2:        608 bytes,      12480 total
[2020-02-27T08:35:57.550+0000][1][gc,age       ] GC(136) - age   3:        384 bytes,      12864 total
[2020-02-27T08:35:57.550+0000][1][gc,age       ] GC(136) - age   4:        360 bytes,      13224 total
[2020-02-27T08:35:57.550+0000][1][gc,age       ] GC(136) - age   5:        496 bytes,      13720 total
[2020-02-27T08:35:57.550+0000][1][gc,heap      ] GC(136) ParNew: 68181K->25K(76672K)
[2020-02-27T08:35:57.550+0000][1][gc,heap      ] GC(136) CMS: 62518K->62518K(963392K)
[2020-02-27T08:35:57.550+0000][1][gc,metaspace ] GC(136) Metaspace: 80286K->80286K(1122304K)
[2020-02-27T08:35:57.550+0000][1][gc           ] GC(136) Pause Young (Allocation Failure) 127M->61M(1015M) 27.490ms
[2020-02-27T08:35:57.550+0000][1][gc,cpu       ] GC(136) User=0.01s Sys=0.00s Real=0.02s
[2020-02-27T08:35:57.550+0000][1][safepoint    ] Safepoint "GenCollectForAllocation", Time since last: 557406678 ns, Reaching safepoint: 77076 ns, At safepoint: 27543958 ns, Total: 27621034 ns
[2020-02-27T08:35:59.469+0000][1][safepoint    ] Safepoint "RevokeBias", Time since last: 1918319042 ns, Reaching safepoint: 97614 ns, At safepoint: 19185 ns, Total: 116799 ns
[2020-02-27T08:36:01.972+0000][1][safepoint    ] Safepoint "RevokeBias", Time since last: 2503401964 ns, Reaching safepoint: 322813 ns, At safepoint: 35155 ns, Total: 357968 ns
[2020-02-27T08:36:04.479+0000][1][safepoint    ] Safepoint "RevokeBias", Time since last: 2505992863 ns, Reaching safepoint: 75173 ns, At safepoint: 18779 ns, Total: 93952 ns
[2020-02-27T08:36:06.984+0000][1][safepoint    ] Safepoint "RevokeBias", Time since last: 2505568673 ns, Reaching safepoint: 74031 ns, At safepoint: 17823 ns, Total: 91854 ns
[2020-02-27T08:36:09.488+0000][1][safepoint    ] Safepoint "RevokeBias", Time since last: 2503260735 ns, Reaching safepoint: 202740 ns, At safepoint: 20991 ns, Total: 223731 ns
[2020-02-27T08:36:11.993+0000][1][safepoint    ] Safepoint "RevokeBias", Time since last: 2505113190 ns, Reaching safepoint: 81803 ns, At safepoint: 18460 ns, Total: 100263 ns
[2020-02-27T08:36:14.497+0000][1][safepoint    ] Safepoint "RevokeBias", Time since last: 2504324810 ns, Reaching safepoint: 73129 ns, At safepoint: 18184 ns, Total: 91313 ns
[2020-02-27T08:36:17.005+0000][1][safepoint    ] Safepoint "RevokeBias", Time since last: 2507101800 ns, Reaching safepoint: 217273 ns, At safepoint: 31480 ns, Total: 248753 ns
[2020-02-27T08:36:19.510+0000][1][safepoint    ] Safepoint "RevokeBias", Time since last: 2505363988 ns, Reaching safepoint: 91138 ns, At safepoint: 21704 ns, Total: 112842 ns
[2020-02-27T08:36:20.512+0000][1][safepoint    ] Safepoint "Cleanup", Time since last: 1001505413 ns, Reaching safepoint: 86432 ns, At safepoint: 64903 ns, Total: 151335 ns
[2020-02-27T08:36:22.017+0000][1][safepoint    ] Safepoint "RevokeBias", Time since last: 1505371927 ns, Reaching safepoint: 89007 ns, At safepoint: 22858 ns, Total: 111865 ns
[2020-02-27T08:36:24.522+0000][1][safepoint    ] Safepoint "RevokeBias", Time since last: 2504447644 ns, Reaching safepoint: 73031 ns, At safepoint: 19477 ns, Total: 92508 ns
[2020-02-27T08:36:27.028+0000][1][safepoint    ] Safepoint "RevokeBias", Time since last: 2505903247 ns, Reaching safepoint: 191331 ns, At safepoint: 23993 ns, Total: 215324 ns
[2020-02-27T08:36:29.532+0000][1][safepoint    ] Safepoint "RevokeBias", Time since last: 2503648483 ns, Reaching safepoint: 81270 ns, At safepoint: 19007 ns, Total: 100277 ns
[2020-02-27T08:36:32.041+0000][1][safepoint    ] Safepoint "RevokeBias", Time since last: 2509258879 ns, Reaching safepoint: 71933 ns, At safepoint: 17745 ns, Total: 89678 ns
[2020-02-27T08:36:34.552+0000][1][safepoint    ] Safepoint "BulkRevokeBias", Time since last: 2510768425 ns, Reaching safepoint: 75708 ns, At safepoint: 190133 ns, Total: 265841 ns
[2020-02-27T08:36:37.059+0000][1][safepoint    ] Safepoint "RevokeBias", Time since last: 2506883212 ns, Reaching safepoint: 74497 ns, At safepoint: 18088 ns, Total: 92585 ns
[2020-02-27T08:36:39.571+0000][1][safepoint    ] Safepoint "RevokeBias", Time since last: 2512158057 ns, Reaching safepoint: 70419 ns, At safepoint: 17248 ns, Total: 87667 ns
[2020-02-27T08:36:42.081+0000][1][safepoint    ] Safepoint "RevokeBias", Time since last: 2509960884 ns, Reaching safepoint: 87268 ns, At safepoint: 21736 ns, Total: 109004 ns
[2020-02-27T08:36:44.596+0000][1][safepoint    ] Safepoint "RevokeBias", Time since last: 2514164427 ns, Reaching safepoint: 144012 ns, At safepoint: 76798 ns, Total: 220810 ns
[2020-02-27T08:36:47.107+0000][1][safepoint    ] Safepoint "RevokeBias", Time since last: 2510942329 ns, Reaching safepoint: 135451 ns, At safepoint: 19679 ns, Total: 155130 ns
[2020-02-27T08:36:49.621+0000][1][safepoint    ] Safepoint "RevokeBias", Time since last: 2514513768 ns, Reaching safepoint: 74220 ns, At safepoint: 17945 ns, Total: 92165 ns
[2020-02-27T08:36:52.133+0000][1][safepoint    ] Safepoint "RevokeBias", Time since last: 2511030120 ns, Reaching safepoint: 113409 ns, At safepoint: 27375 ns, Total: 140784 ns
[2020-02-27T08:36:53.134+0000][1][safepoint    ] Safepoint "Cleanup", Time since last: 1000776227 ns, Reaching safepoint: 206465 ns, At safepoint: 23910 ns, Total: 230375 ns
[2020-02-27T08:36:54.647+0000][1][safepoint    ] Safepoint "RevokeBias", Time since last: 1513353311 ns, Reaching safepoint: 89819 ns, At safepoint: 20813 ns, Total: 110632 ns
[2020-02-27T08:36:57.160+0000][1][safepoint    ] Safepoint "RevokeBias", Time since last: 2512316297 ns, Reaching safepoint: 81177 ns, At safepoint: 19977 ns, Total: 101154 ns
[2020-02-27T08:36:59.671+0000][1][safepoint    ] Safepoint "RevokeBias", Time since last: 2511393168 ns, Reaching safepoint: 75735 ns, At safepoint: 17966 ns, Total: 93701 ns
[2020-02-27T08:37:02.180+0000][1][safepoint    ] Safepoint "RevokeBias", Time since last: 2508853070 ns, Reaching safepoint: 105040 ns, At safepoint: 27485 ns, Total: 132525 ns
[2020-02-27T08:37:04.694+0000][1][safepoint    ] Safepoint "RevokeBias", Time since last: 2513865335 ns, Reaching safepoint: 73833 ns, At safepoint: 18095 ns, Total: 91928 ns
[2020-02-27T08:37:07.209+0000][1][safepoint    ] Safepoint "RevokeBias", Time since last: 2514986158 ns, Reaching safepoint: 72361 ns, At safepoint: 18119 ns, Total: 90480 ns
[2020-02-27T08:37:09.713+0000][1][safepoint    ] Safepoint "RevokeBias", Time since last: 2503786957 ns, Reaching safepoint: 142093 ns, At safepoint: 21091 ns, Total: 163184 ns
[2020-02-27T08:37:12.219+0000][1][safepoint    ] Safepoint "RevokeBias", Time since last: 2506179574 ns, Reaching safepoint: 72423 ns, At safepoint: 17666 ns, Total: 90089 ns
[2020-02-27T08:37:14.723+0000][1][safepoint    ] Safepoint "RevokeBias", Time since last: 2504051689 ns, Reaching safepoint: 57457 ns, At safepoint: 16821 ns, Total: 74278 ns
[2020-02-27T08:37:17.229+0000][1][safepoint    ] Safepoint "RevokeBias", Time since last: 2505577121 ns, Reaching safepoint: 76259 ns, At safepoint: 18484 ns, Total: 94743 ns
[2020-02-27T08:37:19.733+0000][1][safepoint    ] Safepoint "RevokeBias", Time since last: 2504061192 ns, Reaching safepoint: 73337 ns, At safepoint: 72284 ns, Total: 145621 ns
[2020-02-27T08:37:22.239+0000][1][safepoint    ] Safepoint "RevokeBias", Time since last: 2505844758 ns, Reaching safepoint: 74603 ns, At safepoint: 18253 ns, Total: 92856 ns
[2020-02-27T08:37:24.743+0000][1][safepoint    ] Safepoint "RevokeBias", Time since last: 2503955789 ns, Reaching safepoint: 115948 ns, At safepoint: 26847 ns, Total: 142795 ns
[2020-02-27T08:37:27.246+0000][1][safepoint    ] Safepoint "RevokeBias", Time since last: 2502970167 ns, Reaching safepoint: 79860 ns, At safepoint: 19367 ns, Total: 99227 ns
[2020-02-27T08:37:29.754+0000][1][safepoint    ] Safepoint "RevokeBias", Time since last: 2506002120 ns, Reaching safepoint: 1380013 ns, At safepoint: 29807 ns, Total: 1409820 ns
[2020-02-27T08:37:30.756+0000][1][safepoint    ] Safepoint "Cleanup", Time since last: 1001888268 ns, Reaching safepoint: 87381 ns, At safepoint: 7265 ns, Total: 94646 ns
[2020-02-27T08:37:32.256+0000][1][safepoint    ] Safepoint "RevokeBias", Time since last: 1499848176 ns, Reaching safepoint: 77232 ns, At safepoint: 18841 ns, Total: 96073 ns
[2020-02-27T08:37:34.760+0000][1][safepoint    ] Safepoint "RevokeBias", Time since last: 2503749161 ns, Reaching safepoint: 72897 ns, At safepoint: 17534 ns, Total: 90431 ns
[2020-02-27T08:37:37.265+0000][1][safepoint    ] Safepoint "RevokeBias", Time since last: 2505466921 ns, Reaching safepoint: 78478 ns, At safepoint: 19193 ns, Total: 97671 ns
[2020-02-27T08:37:39.769+0000][1][safepoint    ] Safepoint "RevokeBias", Time since last: 2503463981 ns, Reaching safepoint: 90441 ns, At safepoint: 17887 ns, Total: 108328 ns
[2020-02-27T08:37:42.274+0000][1][safepoint    ] Safepoint "RevokeBias", Time since last: 2505667336 ns, Reaching safepoint: 74923 ns, At safepoint: 18582 ns, Total: 93505 ns
[2020-02-27T08:37:44.782+0000][1][safepoint    ] Safepoint "RevokeBias", Time since last: 2506588910 ns, Reaching safepoint: 1256966 ns, At safepoint: 21663 ns, Total: 1278629 ns
[2020-02-27T08:37:47.286+0000][1][safepoint    ] Safepoint "BulkRevokeBias", Time since last: 2503540636 ns, Reaching safepoint: 72194 ns, At safepoint: 424299 ns, Total: 496493 ns
[2020-02-27T08:37:49.789+0000][1][safepoint    ] Safepoint "RevokeBias", Time since last: 2502890111 ns, Reaching safepoint: 75227 ns, At safepoint: 19026 ns, Total: 94253 ns
[2020-02-27T08:37:52.295+0000][1][safepoint    ] Safepoint "RevokeBias", Time since last: 2505243550 ns, Reaching safepoint: 74151 ns, At safepoint: 17970 ns, Total: 92121 ns
[2020-02-27T08:37:54.801+0000][1][safepoint    ] Safepoint "RevokeBias", Time since last: 2505859928 ns, Reaching safepoint: 61913 ns, At safepoint: 19089 ns, Total: 81002 ns
[2020-02-27T08:37:57.307+0000][1][safepoint    ] Safepoint "RevokeBias", Time since last: 2506306757 ns, Reaching safepoint: 80513 ns, At safepoint: 19751 ns, Total: 100264 ns
[2020-02-27T08:37:59.810+0000][1][safepoint    ] Safepoint "RevokeBias", Time since last: 2503358704 ns, Reaching safepoint: 74569 ns, At safepoint: 18447 ns, Total: 93016 ns
[2020-02-27T08:38:02.369+0000][1][safepoint    ] Safepoint "RevokeBias", Time since last: 2558125680 ns, Reaching safepoint: 74987 ns, At safepoint: 19168 ns, Total: 94155 ns
[2020-02-27T08:38:04.890+0000][1][safepoint    ] Safepoint "RevokeBias", Time since last: 2520902640 ns, Reaching safepoint: 84841 ns, At safepoint: 20737 ns, Total: 105578 ns
[2020-02-27T08:38:07.410+0000][1][safepoint    ] Safepoint "RevokeBias", Time since last: 2519725575 ns, Reaching safepoint: 116212 ns, At safepoint: 30243 ns, Total: 146455 ns
[2020-02-27T08:38:09.917+0000][1][safepoint    ] Safepoint "RevokeBias", Time since last: 2507127857 ns, Reaching safepoint: 289008 ns, At safepoint: 124257 ns, Total: 413265 ns
[2020-02-27T08:38:12.434+0000][1][safepoint    ] Safepoint "RevokeBias", Time since last: 2516256276 ns, Reaching safepoint: 180687 ns, At safepoint: 37845 ns, Total: 218532 ns
[2020-02-27T08:38:14.948+0000][1][safepoint    ] Safepoint "RevokeBias", Time since last: 2514702351 ns, Reaching safepoint: 91474 ns, At safepoint: 21170 ns, Total: 112644 ns
[2020-02-27T08:38:17.465+0000][1][safepoint    ] Safepoint "RevokeBias", Time since last: 2516677928 ns, Reaching safepoint: 74419 ns, At safepoint: 18406 ns, Total: 92825 ns
[2020-02-27T08:38:17.657+0000][1][gc,start     ] GC(137) Pause Young (Allocation Failure)
[2020-02-27T08:38:17.657+0000][1][gc,task      ] GC(137) Using 1 workers of 1 for evacuation
[2020-02-27T08:38:17.668+0000][1][gc,age       ] GC(137) Desired survivor size 4358144 bytes, new threshold 6 (max threshold 6)
[2020-02-27T08:38:17.668+0000][1][gc,age       ] GC(137) Age table with threshold 6 (max threshold 6)
[2020-02-27T08:38:17.668+0000][1][gc,age       ] GC(137) - age   1:      10696 bytes,      10696 total
[2020-02-27T08:38:17.668+0000][1][gc,age       ] GC(137) - age   2:        128 bytes,      10824 total
[2020-02-27T08:38:17.668+0000][1][gc,age       ] GC(137) - age   3:        608 bytes,      11432 total
[2020-02-27T08:38:17.668+0000][1][gc,age       ] GC(137) - age   4:        384 bytes,      11816 total
[2020-02-27T08:38:17.668+0000][1][gc,age       ] GC(137) - age   5:        360 bytes,      12176 total
[2020-02-27T08:38:17.674+0000][1][gc,age       ] GC(137) - age   6:        496 bytes,      12672 total
[2020-02-27T08:38:17.674+0000][1][gc,heap      ] GC(137) ParNew: 68185K->16K(76672K)
[2020-02-27T08:38:17.674+0000][1][gc,heap      ] GC(137) CMS: 62518K->62518K(963392K)
[2020-02-27T08:38:17.674+0000][1][gc,metaspace ] GC(137) Metaspace: 80286K->80286K(1122304K)
[2020-02-27T08:38:17.674+0000][1][gc           ] GC(137) Pause Young (Allocation Failure) 127M->61M(1015M) 16.559ms
[2020-02-27T08:38:17.674+0000][1][gc,cpu       ] GC(137) User=0.01s Sys=0.00s Real=0.02s
[2020-02-27T08:38:17.674+0000][1][safepoint    ] Safepoint "GenCollectForAllocation", Time since last: 191936545 ns, Reaching safepoint: 77868 ns, At safepoint: 16687587 ns, Total: 16765455 ns
[2020-02-27T08:38:19.982+0000][1][safepoint    ] Safepoint "RevokeBias", Time since last: 2306545246 ns, Reaching safepoint: 1206674 ns, At safepoint: 23188 ns, Total: 1229862 ns
[2020-02-27T08:38:22.503+0000][1][safepoint    ] Safepoint "RevokeBias", Time since last: 2521450710 ns, Reaching safepoint: 119040 ns, At safepoint: 16536 ns, Total: 135576 ns
[2020-02-27T08:38:25.013+0000][1][safepoint    ] Safepoint "RevokeBias", Time since last: 2509179233 ns, Reaching safepoint: 94130 ns, At safepoint: 21547 ns, Total: 115677 ns
[2020-02-27T08:38:27.516+0000][1][safepoint    ] Safepoint "RevokeBias", Time since last: 2503810276 ns, Reaching safepoint: 74167 ns, At safepoint: 17377 ns, Total: 91544 ns
[2020-02-27T08:38:30.020+0000][1][safepoint    ] Safepoint "RevokeBias", Time since last: 2503436602 ns, Reaching safepoint: 228946 ns, At safepoint: 30891 ns, Total: 259837 ns
[2020-02-27T08:38:32.523+0000][1][safepoint    ] Safepoint "RevokeBias", Time since last: 2502322558 ns, Reaching safepoint: 75336 ns, At safepoint: 17912 ns, Total: 93248 ns
[2020-02-27T08:38:35.026+0000][1][safepoint    ] Safepoint "RevokeBias", Time since last: 2503355929 ns, Reaching safepoint: 72643 ns, At safepoint: 18119 ns, Total: 90762 ns
[2020-02-27T08:38:37.531+0000][1][safepoint    ] Safepoint "RevokeBias", Time since last: 2505222762 ns, Reaching safepoint: 73061 ns, At safepoint: 18148 ns, Total: 91209 ns
[2020-02-27T08:38:40.035+0000][1][safepoint    ] Safepoint "RevokeBias", Time since last: 2503341997 ns, Reaching safepoint: 74384 ns, At safepoint: 18379 ns, Total: 92763 ns
[2020-02-27T08:38:42.541+0000][1][safepoint    ] Safepoint "RevokeBias", Time since last: 2506472426 ns, Reaching safepoint: 95425 ns, At safepoint: 18541 ns, Total: 113966 ns
[2020-02-27T08:38:45.044+0000][1][safepoint    ] Safepoint "RevokeBias", Time since last: 2502988007 ns, Reaching safepoint: 88704 ns, At safepoint: 20877 ns, Total: 109581 ns
[2020-02-27T08:38:47.552+0000][1][safepoint    ] Safepoint "RevokeBias", Time since last: 2507005736 ns, Reaching safepoint: 79252 ns, At safepoint: 20074 ns, Total: 99326 ns
[2020-02-27T08:38:50.056+0000][1][safepoint    ] Safepoint "RevokeBias", Time since last: 2504144094 ns, Reaching safepoint: 78477 ns, At safepoint: 18491 ns, Total: 96968 ns
[2020-02-27T08:38:52.560+0000][1][safepoint    ] Safepoint "RevokeBias", Time since last: 2504418087 ns, Reaching safepoint: 72498 ns, At safepoint: 17630 ns, Total: 90128 ns
[2020-02-27T08:38:55.065+0000][1][safepoint    ] Safepoint "RevokeBias", Time since last: 2504621636 ns, Reaching safepoint: 150041 ns, At safepoint: 32125 ns, Total: 182166 ns
[2020-02-27T08:38:57.570+0000][1][safepoint    ] Safepoint "RevokeBias", Time since last: 2505257780 ns, Reaching safepoint: 75324 ns, At safepoint: 18848 ns, Total: 94172 ns
[2020-02-27T08:39:00.074+0000][1][safepoint    ] Safepoint "BulkRevokeBias", Time since last: 2502940716 ns, Reaching safepoint: 73891 ns, At safepoint: 296087 ns, Total: 369978 ns
[2020-02-27T08:39:02.576+0000][1][safepoint    ] Safepoint "RevokeBias", Time since last: 2502413111 ns, Reaching safepoint: 86592 ns, At safepoint: 49937 ns, Total: 136529 ns
[2020-02-27T08:39:05.083+0000][1][safepoint    ] Safepoint "RevokeBias", Time since last: 2506358469 ns, Reaching safepoint: 77159 ns, At safepoint: 19305 ns, Total: 96464 ns
[2020-02-27T08:39:07.587+0000][1][safepoint    ] Safepoint "RevokeBias", Time since last: 2504182568 ns, Reaching safepoint: 72269 ns, At safepoint: 17429 ns, Total: 89698 ns
[2020-02-27T08:39:10.091+0000][1][safepoint    ] Safepoint "RevokeBias", Time since last: 2503524209 ns, Reaching safepoint: 75290 ns, At safepoint: 18088 ns, Total: 93378 ns
[2020-02-27T08:39:12.596+0000][1][safepoint    ] Safepoint "RevokeBias", Time since last: 2505644990 ns, Reaching safepoint: 71962 ns, At safepoint: 17291 ns, Total: 89253 ns
[2020-02-27T08:39:15.111+0000][1][safepoint    ] Safepoint "RevokeBias", Time since last: 2514072702 ns, Reaching safepoint: 115535 ns, At safepoint: 30329 ns, Total: 145864 ns
[2020-02-27T08:39:17.632+0000][1][safepoint    ] Safepoint "RevokeBias", Time since last: 2521065108 ns, Reaching safepoint: 181911 ns, At safepoint: 18011 ns, Total: 199922 ns
[2020-02-27T08:39:20.147+0000][1][safepoint    ] Safepoint "RevokeBias", Time since last: 2514940816 ns, Reaching safepoint: 76917 ns, At safepoint: 18309 ns, Total: 95226 ns
[2020-02-27T08:39:22.654+0000][1][safepoint    ] Safepoint "RevokeBias", Time since last: 2507395305 ns, Reaching safepoint: 77581 ns, At safepoint: 19234 ns, Total: 96815 ns
[2020-02-27T08:39:25.172+0000][1][safepoint    ] Safepoint "RevokeBias", Time since last: 2517075899 ns, Reaching safepoint: 87899 ns, At safepoint: 69983 ns, Total: 157882 ns
[2020-02-27T08:39:27.680+0000][1][safepoint    ] Safepoint "RevokeBias", Time since last: 2508462607 ns, Reaching safepoint: 78071 ns, At safepoint: 18900 ns, Total: 96971 ns
[2020-02-27T08:39:30.198+0000][1][safepoint    ] Safepoint "RevokeBias", Time since last: 2518226221 ns, Reaching safepoint: 54825 ns, At safepoint: 16032 ns, Total: 70857 ns
[2020-02-27T08:39:32.713+0000][1][safepoint    ] Safepoint "RevokeBias", Time since last: 2514255288 ns, Reaching safepoint: 74237 ns, At safepoint: 18200 ns, Total: 92437 ns
[2020-02-27T08:39:35.232+0000][1][safepoint    ] Safepoint "RevokeBias", Time since last: 2518663379 ns, Reaching safepoint: 58752 ns, At safepoint: 16288 ns, Total: 75040 ns
[2020-02-27T08:39:37.739+0000][1][safepoint    ] Safepoint "RevokeBias", Time since last: 2507266626 ns, Reaching safepoint: 74798 ns, At safepoint: 18128 ns, Total: 92926 ns
[2020-02-27T08:39:40.256+0000][1][safepoint    ] Safepoint "RevokeBias", Time since last: 2517111889 ns, Reaching safepoint: 72903 ns, At safepoint: 17486 ns, Total: 90389 ns
[2020-02-27T08:39:42.767+0000][1][safepoint    ] Safepoint "RevokeBias", Time since last: 2510833746 ns, Reaching safepoint: 72633 ns, At safepoint: 18283 ns, Total: 90916 ns
[2020-02-27T08:39:45.272+0000][1][safepoint    ] Safepoint "RevokeBias", Time since last: 2504782016 ns, Reaching safepoint: 108428 ns, At safepoint: 20591 ns, Total: 129019 ns
[2020-02-27T08:39:47.777+0000][1][safepoint    ] Safepoint "RevokeBias", Time since last: 2505196016 ns, Reaching safepoint: 243219 ns, At safepoint: 21700 ns, Total: 264919 ns
[2020-02-27T08:39:50.281+0000][1][safepoint    ] Safepoint "RevokeBias", Time since last: 2503259881 ns, Reaching safepoint: 208094 ns, At safepoint: 31446 ns, Total: 239540 ns
[2020-02-27T08:39:52.785+0000][1][safepoint    ] Safepoint "RevokeBias", Time since last: 2504022428 ns, Reaching safepoint: 74031 ns, At safepoint: 17549 ns, Total: 91580 ns
[2020-02-27T08:39:55.289+0000][1][safepoint    ] Safepoint "RevokeBias", Time since last: 2503937536 ns, Reaching safepoint: 93429 ns, At safepoint: 21373 ns, Total: 114802 ns
[2020-02-27T08:39:57.795+0000][1][safepoint    ] Safepoint "RevokeBias", Time since last: 2505818682 ns, Reaching safepoint: 71823 ns, At safepoint: 17783 ns, Total: 89606 ns
[2020-02-27T08:40:00.299+0000][1][safepoint    ] Safepoint "RevokeBias", Time since last: 2503568671 ns, Reaching safepoint: 72388 ns, At safepoint: 18580 ns, Total: 90968 ns
[2020-02-27T08:40:02.802+0000][1][safepoint    ] Safepoint "RevokeBias", Time since last: 2502905233 ns, Reaching safepoint: 75283 ns, At safepoint: 18775 ns, Total: 94058 ns
[2020-02-27T08:40:05.307+0000][1][safepoint    ] Safepoint "RevokeBias", Time since last: 2504908045 ns, Reaching safepoint: 89623 ns, At safepoint: 21963 ns, Total: 111586 ns
[2020-02-27T08:40:07.811+0000][1][safepoint    ] Safepoint "RevokeBias", Time since last: 2503866407 ns, Reaching safepoint: 91983 ns, At safepoint: 22895 ns, Total: 114878 ns
[2020-02-27T08:40:10.315+0000][1][safepoint    ] Safepoint "RevokeBias", Time since last: 2503812827 ns, Reaching safepoint: 72925 ns, At safepoint: 17978 ns, Total: 90903 ns
[2020-02-27T08:40:12.821+0000][1][safepoint    ] Safepoint "BulkRevokeBias", Time since last: 2506126594 ns, Reaching safepoint: 70878 ns, At safepoint: 184090 ns, Total: 254968 ns
[2020-02-27T08:40:15.326+0000][1][safepoint    ] Safepoint "RevokeBias", Time since last: 2504579928 ns, Reaching safepoint: 115352 ns, At safepoint: 29967 ns, Total: 145319 ns
[2020-02-27T08:40:17.829+0000][1][safepoint    ] Safepoint "RevokeBias", Time since last: 2503719620 ns, Reaching safepoint: 72525 ns, At safepoint: 18492 ns, Total: 91017 ns
[2020-02-27T08:40:20.333+0000][1][safepoint    ] Safepoint "RevokeBias", Time since last: 2503877540 ns, Reaching safepoint: 87910 ns, At safepoint: 20717 ns, Total: 108627 ns
[2020-02-27T08:40:22.839+0000][1][safepoint    ] Safepoint "RevokeBias", Time since last: 2505517889 ns, Reaching safepoint: 144152 ns, At safepoint: 22433 ns, Total: 166585 ns
[2020-02-27T08:40:25.344+0000][1][safepoint    ] Safepoint "RevokeBias", Time since last: 2504861811 ns, Reaching safepoint: 71415 ns, At safepoint: 17379 ns, Total: 88794 ns
[2020-02-27T08:40:27.850+0000][1][safepoint    ] Safepoint "RevokeBias", Time since last: 2506080490 ns, Reaching safepoint: 72536 ns, At safepoint: 18103 ns, Total: 90639 ns
[2020-02-27T08:40:30.354+0000][1][safepoint    ] Safepoint "RevokeBias", Time since last: 2503509297 ns, Reaching safepoint: 53152 ns, At safepoint: 16321 ns, Total: 69473 ns
[2020-02-27T08:40:32.856+0000][1][gc,start     ] GC(138) Pause Young (Allocation Failure)
[2020-02-27T08:40:32.856+0000][1][gc,task      ] GC(138) Using 1 workers of 1 for evacuation
[2020-02-27T08:40:32.867+0000][1][gc,age       ] GC(138) Desired survivor size 4358144 bytes, new threshold 6 (max threshold 6)
[2020-02-27T08:40:32.867+0000][1][gc,age       ] GC(138) Age table with threshold 6 (max threshold 6)
[2020-02-27T08:40:32.867+0000][1][gc,age       ] GC(138) - age   1:      33624 bytes,      33624 total
[2020-02-27T08:40:32.867+0000][1][gc,age       ] GC(138) - age   3:        128 bytes,      33752 total
[2020-02-27T08:40:32.867+0000][1][gc,age       ] GC(138) - age   4:        608 bytes,      34360 total
[2020-02-27T08:40:32.867+0000][1][gc,age       ] GC(138) - age   5:        384 bytes,      34744 total
[2020-02-27T08:40:32.867+0000][1][gc,age       ] GC(138) - age   6:        360 bytes,      35104 total
[2020-02-27T08:40:32.867+0000][1][gc,heap      ] GC(138) ParNew: 68176K->45K(76672K)
[2020-02-27T08:40:32.867+0000][1][gc,heap      ] GC(138) CMS: 62518K->62519K(963392K)
[2020-02-27T08:40:32.867+0000][1][gc,metaspace ] GC(138) Metaspace: 80286K->80286K(1122304K)
[2020-02-27T08:40:32.867+0000][1][gc           ] GC(138) Pause Young (Allocation Failure) 127M->61M(1015M) 11.424ms
[2020-02-27T08:40:32.867+0000][1][gc,cpu       ] GC(138) User=0.02s Sys=0.00s Real=0.01s
[2020-02-27T08:40:32.867+0000][1][safepoint    ] Safepoint "GenCollectForAllocation", Time since last: 2501920542 ns, Reaching safepoint: 198455 ns, At safepoint: 11480052 ns, Total: 11678507 ns
[2020-02-27T08:40:32.868+0000][1][safepoint    ] Safepoint "RevokeBias", Time since last: 751945 ns, Reaching safepoint: 64228 ns, At safepoint: 16209 ns, Total: 80437 ns
[2020-02-27T08:40:35.374+0000][1][safepoint    ] Safepoint "RevokeBias", Time since last: 2505192784 ns, Reaching safepoint: 165080 ns, At safepoint: 27845 ns, Total: 192925 ns
[2020-02-27T08:40:37.884+0000][1][safepoint    ] Safepoint "RevokeBias", Time since last: 2510633058 ns, Reaching safepoint: 74431 ns, At safepoint: 18401 ns, Total: 92832 ns
[2020-02-27T08:40:40.391+0000][1][safepoint    ] Safepoint "RevokeBias", Time since last: 2506445460 ns, Reaching safepoint: 72558 ns, At safepoint: 17613 ns, Total: 90171 ns
[2020-02-27T08:40:42.903+0000][1][safepoint    ] Safepoint "RevokeBias", Time since last: 2511751247 ns, Reaching safepoint: 75126 ns, At safepoint: 18132 ns, Total: 93258 ns
[2020-02-27T08:40:45.415+0000][1][safepoint    ] Safepoint "RevokeBias", Time since last: 2512398538 ns, Reaching safepoint: 72073 ns, At safepoint: 17166 ns, Total: 89239 ns
[2020-02-27T08:40:47.926+0000][1][safepoint    ] Safepoint "RevokeBias", Time since last: 2510882576 ns, Reaching safepoint: 73510 ns, At safepoint: 17923 ns, Total: 91433 ns
[2020-02-27T08:40:50.435+0000][1][safepoint    ] Safepoint "RevokeBias", Time since last: 2508624959 ns, Reaching safepoint: 115778 ns, At safepoint: 22039 ns, Total: 137817 ns
[2020-02-27T08:40:52.954+0000][1][safepoint    ] Safepoint "RevokeBias", Time since last: 2518786541 ns, Reaching safepoint: 74013 ns, At safepoint: 17493 ns, Total: 91506 ns
[2020-02-27T08:40:55.462+0000][1][safepoint    ] Safepoint "RevokeBias", Time since last: 2508332200 ns, Reaching safepoint: 72129 ns, At safepoint: 17312 ns, Total: 89441 ns
[2020-02-27T08:40:57.981+0000][1][safepoint    ] Safepoint "RevokeBias", Time since last: 2518948644 ns, Reaching safepoint: 72535 ns, At safepoint: 17517 ns, Total: 90052 ns
[2020-02-27T08:41:00.490+0000][1][safepoint    ] Safepoint "RevokeBias", Time since last: 2508641637 ns, Reaching safepoint: 74644 ns, At safepoint: 18528 ns, Total: 93172 ns
[2020-02-27T08:41:02.998+0000][1][safepoint    ] Safepoint "RevokeBias", Time since last: 2508316604 ns, Reaching safepoint: 71958 ns, At safepoint: 17966 ns, Total: 89924 ns
[2020-02-27T08:41:05.510+0000][1][safepoint    ] Safepoint "RevokeBias", Time since last: 2511915439 ns, Reaching safepoint: 72272 ns, At safepoint: 18258 ns, Total: 90530 ns
[2020-02-27T08:41:08.039+0000][1][safepoint    ] Safepoint "RevokeBias", Time since last: 2528499441 ns, Reaching safepoint: 55262 ns, At safepoint: 15943 ns, Total: 71205 ns
[2020-02-27T08:41:10.554+0000][1][safepoint    ] Safepoint "RevokeBias", Time since last: 2515305251 ns, Reaching safepoint: 73671 ns, At safepoint: 18745 ns, Total: 92416 ns
[2020-02-27T08:41:13.061+0000][1][safepoint    ] Safepoint "RevokeBias", Time since last: 2506447979 ns, Reaching safepoint: 73196 ns, At safepoint: 17693 ns, Total: 90889 ns
[2020-02-27T08:41:15.564+0000][1][safepoint    ] Safepoint "RevokeBias", Time since last: 2503337867 ns, Reaching safepoint: 73538 ns, At safepoint: 17896 ns, Total: 91434 ns
[2020-02-27T08:41:18.072+0000][1][safepoint    ] Safepoint "RevokeBias", Time since last: 2507685605 ns, Reaching safepoint: 58751 ns, At safepoint: 17063 ns, Total: 75814 ns
[2020-02-27T08:41:20.576+0000][1][safepoint    ] Safepoint "RevokeBias", Time since last: 2503652698 ns, Reaching safepoint: 88392 ns, At safepoint: 20552 ns, Total: 108944 ns
[2020-02-27T08:41:23.084+0000][1][safepoint    ] Safepoint "RevokeBias", Time since last: 2508172804 ns, Reaching safepoint: 133688 ns, At safepoint: 19052 ns, Total: 152740 ns
[2020-02-27T08:41:25.589+0000][1][safepoint    ] Safepoint "BulkRevokeBias", Time since last: 2504352552 ns, Reaching safepoint: 73881 ns, At safepoint: 253351 ns, Total: 327232 ns
[2020-02-27T08:41:28.092+0000][1][safepoint    ] Safepoint "RevokeBias", Time since last: 2503328215 ns, Reaching safepoint: 73816 ns, At safepoint: 17751 ns, Total: 91567 ns
[2020-02-27T08:41:30.596+0000][1][safepoint    ] Safepoint "RevokeBias", Time since last: 2503149718 ns, Reaching safepoint: 114731 ns, At safepoint: 31360 ns, Total: 146091 ns
[2020-02-27T08:41:33.100+0000][1][safepoint    ] Safepoint "RevokeBias", Time since last: 2504716601 ns, Reaching safepoint: 73661 ns, At safepoint: 18194 ns, Total: 91855 ns
[2020-02-27T08:41:35.605+0000][1][safepoint    ] Safepoint "RevokeBias", Time since last: 2504252874 ns, Reaching safepoint: 74716 ns, At safepoint: 18459 ns, Total: 93175 ns
[2020-02-27T08:41:38.109+0000][1][safepoint    ] Safepoint "RevokeBias", Time since last: 2503979574 ns, Reaching safepoint: 71569 ns, At safepoint: 17912 ns, Total: 89481 ns
[2020-02-27T08:41:40.613+0000][1][safepoint    ] Safepoint "RevokeBias", Time since last: 2504138778 ns, Reaching safepoint: 174096 ns, At safepoint: 29066 ns, Total: 203162 ns
[2020-02-27T08:41:43.119+0000][1][safepoint    ] Safepoint "RevokeBias", Time since last: 2505823040 ns, Reaching safepoint: 72399 ns, At safepoint: 17684 ns, Total: 90083 ns
[2020-02-27T08:41:45.621+0000][1][safepoint    ] Safepoint "RevokeBias", Time since last: 2502133724 ns, Reaching safepoint: 73421 ns, At safepoint: 17734 ns, Total: 91155 ns
[2020-02-27T08:41:48.126+0000][1][safepoint    ] Safepoint "RevokeBias", Time since last: 2504270291 ns, Reaching safepoint: 73371 ns, At safepoint: 18574 ns, Total: 91945 ns
[2020-02-27T08:41:50.629+0000][1][safepoint    ] Safepoint "RevokeBias", Time since last: 2503191581 ns, Reaching safepoint: 89946 ns, At safepoint: 21514 ns, Total: 111460 ns
[2020-02-27T08:41:53.135+0000][1][safepoint    ] Safepoint "RevokeBias", Time since last: 2505924919 ns, Reaching safepoint: 73481 ns, At safepoint: 17782 ns, Total: 91263 ns
[2020-02-27T08:41:55.639+0000][1][safepoint    ] Safepoint "RevokeBias", Time since last: 2503529034 ns, Reaching safepoint: 74127 ns, At safepoint: 17415 ns, Total: 91542 ns
[2020-02-27T08:41:58.145+0000][1][safepoint    ] Safepoint "RevokeBias", Time since last: 2506085837 ns, Reaching safepoint: 72938 ns, At safepoint: 18732 ns, Total: 91670 ns
[2020-02-27T08:42:00.663+0000][1][safepoint    ] Safepoint "RevokeBias", Time since last: 2517813431 ns, Reaching safepoint: 221322 ns, At safepoint: 57585 ns, Total: 278907 ns
[2020-02-27T08:42:03.174+0000][1][safepoint    ] Safepoint "RevokeBias", Time since last: 2510450159 ns, Reaching safepoint: 79194 ns, At safepoint: 46337 ns, Total: 125531 ns
[2020-02-27T08:42:05.690+0000][1][safepoint    ] Safepoint "RevokeBias", Time since last: 2516690111 ns, Reaching safepoint: 53036 ns, At safepoint: 15298 ns, Total: 68334 ns
[2020-02-27T08:42:08.199+0000][1][safepoint    ] Safepoint "RevokeBias", Time since last: 2508784863 ns, Reaching safepoint: 73596 ns, At safepoint: 18015 ns, Total: 91611 ns
[2020-02-27T08:42:10.720+0000][1][safepoint    ] Safepoint "RevokeBias", Time since last: 2521015182 ns, Reaching safepoint: 76894 ns, At safepoint: 18407 ns, Total: 95301 ns
[2020-02-27T08:42:13.233+0000][1][safepoint    ] Safepoint "RevokeBias", Time since last: 2512816684 ns, Reaching safepoint: 70315 ns, At safepoint: 18173 ns, Total: 88488 ns
[2020-02-27T08:42:15.749+0000][1][safepoint    ] Safepoint "RevokeBias", Time since last: 2515650042 ns, Reaching safepoint: 76467 ns, At safepoint: 18694 ns, Total: 95161 ns
[2020-02-27T08:42:18.259+0000][1][safepoint    ] Safepoint "RevokeBias", Time since last: 2510350678 ns, Reaching safepoint: 79851 ns, At safepoint: 19432 ns, Total: 99283 ns
[2020-02-27T08:42:20.773+0000][1][safepoint    ] Safepoint "RevokeBias", Time since last: 2512918840 ns, Reaching safepoint: 192043 ns, At safepoint: 68734 ns, Total: 260777 ns
[2020-02-27T08:42:23.282+0000][1][safepoint    ] Safepoint "RevokeBias", Time since last: 2509828945 ns, Reaching safepoint: 74039 ns, At safepoint: 18012 ns, Total: 92051 ns
[2020-02-27T08:42:25.801+0000][1][safepoint    ] Safepoint "RevokeBias", Time since last: 2518610307 ns, Reaching safepoint: 55895 ns, At safepoint: 15953 ns, Total: 71848 ns
[2020-02-27T08:42:28.310+0000][1][safepoint    ] Safepoint "RevokeBias", Time since last: 2509073768 ns, Reaching safepoint: 73417 ns, At safepoint: 18051 ns, Total: 91468 ns
[2020-02-27T08:42:30.827+0000][1][safepoint    ] Safepoint "RevokeBias", Time since last: 2516181300 ns, Reaching safepoint: 136905 ns, At safepoint: 33397 ns, Total: 170302 ns
[2020-02-27T08:42:33.336+0000][1][safepoint    ] Safepoint "RevokeBias", Time since last: 2509375295 ns, Reaching safepoint: 152468 ns, At safepoint: 37950 ns, Total: 190418 ns
[2020-02-27T08:42:35.840+0000][1][safepoint    ] Safepoint "RevokeBias", Time since last: 2504033751 ns, Reaching safepoint: 141912 ns, At safepoint: 61324 ns, Total: 203236 ns
[2020-02-27T08:42:38.347+0000][1][safepoint    ] Safepoint "BulkRevokeBias", Time since last: 2505597062 ns, Reaching safepoint: 172698 ns, At safepoint: 303476 ns, Total: 476174 ns
[2020-02-27T08:42:40.853+0000][1][safepoint    ] Safepoint "RevokeBias", Time since last: 2506356868 ns, Reaching safepoint: 72996 ns, At safepoint: 17774 ns, Total: 90770 ns
[2020-02-27T08:42:43.360+0000][1][safepoint    ] Safepoint "RevokeBias", Time since last: 2506453185 ns, Reaching safepoint: 136490 ns, At safepoint: 30867 ns, Total: 167357 ns
[2020-02-27T08:42:45.865+0000][1][safepoint    ] Safepoint "RevokeBias", Time since last: 2505744944 ns, Reaching safepoint: 90265 ns, At safepoint: 21113 ns, Total: 111378 ns
[2020-02-27T08:42:48.369+0000][1][safepoint    ] Safepoint "RevokeBias", Time since last: 2503423747 ns, Reaching safepoint: 85868 ns, At safepoint: 53161 ns, Total: 139029 ns
[2020-02-27T08:42:50.873+0000][1][gc,start     ] GC(139) Pause Young (Allocation Failure)
[2020-02-27T08:42:50.873+0000][1][gc,task      ] GC(139) Using 1 workers of 1 for evacuation
[2020-02-27T08:42:50.892+0000][1][gc,age       ] GC(139) Desired survivor size 4358144 bytes, new threshold 6 (max threshold 6)
[2020-02-27T08:42:50.892+0000][1][gc,age       ] GC(139) Age table with threshold 6 (max threshold 6)
[2020-02-27T08:42:50.892+0000][1][gc,age       ] GC(139) - age   1:      38208 bytes,      38208 total
[2020-02-27T08:42:50.892+0000][1][gc,age       ] GC(139) - age   4:        128 bytes,      38336 total
[2020-02-27T08:42:50.892+0000][1][gc,age       ] GC(139) - age   5:        608 bytes,      38944 total
[2020-02-27T08:42:50.892+0000][1][gc,age       ] GC(139) - age   6:         32 bytes,      38976 total
[2020-02-27T08:42:50.892+0000][1][gc,heap      ] GC(139) ParNew: 68205K->57K(76672K)
[2020-02-27T08:42:50.892+0000][1][gc,heap      ] GC(139) CMS: 62519K->62519K(963392K)
[2020-02-27T08:42:50.892+0000][1][gc,metaspace ] GC(139) Metaspace: 80292K->80292K(1122304K)
[2020-02-27T08:42:50.892+0000][1][gc           ] GC(139) Pause Young (Allocation Failure) 127M->61M(1015M) 19.853ms
[2020-02-27T08:42:50.892+0000][1][gc,cpu       ] GC(139) User=0.02s Sys=0.00s Real=0.02s
[2020-02-27T08:42:50.892+0000][1][safepoint    ] Safepoint "GenCollectForAllocation", Time since last: 2503419999 ns, Reaching safepoint: 83386 ns, At safepoint: 19913811 ns, Total: 19997197 ns
[2020-02-27T08:42:50.894+0000][1][safepoint    ] Safepoint "RevokeBias", Time since last: 1037903 ns, Reaching safepoint: 231914 ns, At safepoint: 23134 ns, Total: 255048 ns
[2020-02-27T08:42:53.401+0000][1][safepoint    ] Safepoint "RevokeBias", Time since last: 2506788976 ns, Reaching safepoint: 73038 ns, At safepoint: 18478 ns, Total: 91516 ns
[2020-02-27T08:42:55.905+0000][1][safepoint    ] Safepoint "RevokeBias", Time since last: 2503993706 ns, Reaching safepoint: 110579 ns, At safepoint: 31342 ns, Total: 141921 ns
[2020-02-27T08:42:58.411+0000][1][safepoint    ] Safepoint "RevokeBias", Time since last: 2505718132 ns, Reaching safepoint: 59726 ns, At safepoint: 17826 ns, Total: 77552 ns
[2020-02-27T08:43:00.914+0000][1][safepoint    ] Safepoint "RevokeBias", Time since last: 2503555400 ns, Reaching safepoint: 173248 ns, At safepoint: 40909 ns, Total: 214157 ns
[2020-02-27T08:43:03.418+0000][1][safepoint    ] Safepoint "RevokeBias", Time since last: 2503355264 ns, Reaching safepoint: 98652 ns, At safepoint: 36655 ns, Total: 135307 ns
[2020-02-27T08:43:05.924+0000][1][safepoint    ] Safepoint "RevokeBias", Time since last: 2506308398 ns, Reaching safepoint: 79095 ns, At safepoint: 18579 ns, Total: 97674 ns
[2020-02-27T08:43:08.431+0000][1][safepoint    ] Safepoint "RevokeBias", Time since last: 2506868937 ns, Reaching safepoint: 223570 ns, At safepoint: 48276 ns, Total: 271846 ns
[2020-02-27T08:43:10.936+0000][1][safepoint    ] Safepoint "RevokeBias", Time since last: 2504399299 ns, Reaching safepoint: 58263 ns, At safepoint: 17399 ns, Total: 75662 ns
[2020-02-27T08:43:13.443+0000][1][safepoint    ] Safepoint "RevokeBias", Time since last: 2506983263 ns, Reaching safepoint: 150388 ns, At safepoint: 35576 ns, Total: 185964 ns
[2020-02-27T08:43:15.949+0000][1][safepoint    ] Safepoint "RevokeBias", Time since last: 2505930589 ns, Reaching safepoint: 89773 ns, At safepoint: 21059 ns, Total: 110832 ns
[2020-02-27T08:43:18.463+0000][1][safepoint    ] Safepoint "RevokeBias", Time since last: 2513661300 ns, Reaching safepoint: 198172 ns, At safepoint: 19270 ns, Total: 217442 ns
[2020-02-27T08:43:20.972+0000][1][safepoint    ] Safepoint "RevokeBias", Time since last: 2508742992 ns, Reaching safepoint: 133645 ns, At safepoint: 53078 ns, Total: 186723 ns
[2020-02-27T08:43:23.488+0000][1][safepoint    ] Safepoint "RevokeBias", Time since last: 2515590344 ns, Reaching safepoint: 76241 ns, At safepoint: 17735 ns, Total: 93976 ns
[2020-02-27T08:43:26.002+0000][1][safepoint    ] Safepoint "RevokeBias", Time since last: 2514848154 ns, Reaching safepoint: 74665 ns, At safepoint: 18528 ns, Total: 93193 ns
[2020-02-27T08:43:28.523+0000][1][safepoint    ] Safepoint "RevokeBias", Time since last: 2520590721 ns, Reaching safepoint: 58346 ns, At safepoint: 16136 ns, Total: 74482 ns
[2020-02-27T08:43:31.030+0000][1][safepoint    ] Safepoint "RevokeBias", Time since last: 2507153433 ns, Reaching safepoint: 74248 ns, At safepoint: 19053 ns, Total: 93301 ns
[2020-02-27T08:43:33.548+0000][1][safepoint    ] Safepoint "RevokeBias", Time since last: 2517818430 ns, Reaching safepoint: 71407 ns, At safepoint: 17157 ns, Total: 88564 ns
[2020-02-27T08:43:36.059+0000][1][safepoint    ] Safepoint "RevokeBias", Time since last: 2510271397 ns, Reaching safepoint: 73012 ns, At safepoint: 17657 ns, Total: 90669 ns
[2020-02-27T08:43:38.574+0000][1][safepoint    ] Safepoint "RevokeBias", Time since last: 2515511461 ns, Reaching safepoint: 77746 ns, At safepoint: 35306 ns, Total: 113052 ns
[2020-02-27T08:43:41.084+0000][1][safepoint    ] Safepoint "RevokeBias", Time since last: 2509510457 ns, Reaching safepoint: 73798 ns, At safepoint: 18425 ns, Total: 92223 ns
[2020-02-27T08:43:43.590+0000][1][safepoint    ] Safepoint "RevokeBias", Time since last: 2505813082 ns, Reaching safepoint: 111658 ns, At safepoint: 20427 ns, Total: 132085 ns
[2020-02-27T08:43:46.094+0000][1][safepoint    ] Safepoint "RevokeBias", Time since last: 2503857733 ns, Reaching safepoint: 92342 ns, At safepoint: 20548 ns, Total: 112890 ns
[2020-02-27T08:43:48.598+0000][1][safepoint    ] Safepoint "RevokeBias", Time since last: 2504274778 ns, Reaching safepoint: 114586 ns, At safepoint: 32242 ns, Total: 146828 ns
[2020-02-27T08:43:51.102+0000][1][safepoint    ] Safepoint "BulkRevokeBias", Time since last: 2503154465 ns, Reaching safepoint: 78059 ns, At safepoint: 345494 ns, Total: 423553 ns
[2020-02-27T08:43:53.606+0000][1][safepoint    ] Safepoint "RevokeBias", Time since last: 2503842765 ns, Reaching safepoint: 71584 ns, At safepoint: 17477 ns, Total: 89061 ns
[2020-02-27T08:43:56.112+0000][1][safepoint    ] Safepoint "RevokeBias", Time since last: 2505834188 ns, Reaching safepoint: 71777 ns, At safepoint: 17553 ns, Total: 89330 ns
[2020-02-27T08:43:58.617+0000][1][safepoint    ] Safepoint "RevokeBias", Time since last: 2505595363 ns, Reaching safepoint: 75177 ns, At safepoint: 18544 ns, Total: 93721 ns
[2020-02-27T08:44:01.119+0000][1][safepoint    ] Safepoint "RevokeBias", Time since last: 2501537668 ns, Reaching safepoint: 174773 ns, At safepoint: 22059 ns, Total: 196832 ns
[2020-02-27T08:44:03.624+0000][1][safepoint    ] Safepoint "RevokeBias", Time since last: 2505035685 ns, Reaching safepoint: 87138 ns, At safepoint: 149792 ns, Total: 236930 ns
[2020-02-27T08:44:06.130+0000][1][safepoint    ] Safepoint "RevokeBias", Time since last: 2505732683 ns, Reaching safepoint: 216700 ns, At safepoint: 18022 ns, Total: 234722 ns
[2020-02-27T08:44:08.637+0000][1][safepoint    ] Safepoint "RevokeBias", Time since last: 2506898538 ns, Reaching safepoint: 73176 ns, At safepoint: 17915 ns, Total: 91091 ns
[2020-02-27T08:44:11.141+0000][1][safepoint    ] Safepoint "RevokeBias", Time since last: 2503442733 ns, Reaching safepoint: 85987 ns, At safepoint: 17855 ns, Total: 103842 ns
[2020-02-27T08:44:13.645+0000][1][safepoint    ] Safepoint "RevokeBias", Time since last: 2503422909 ns, Reaching safepoint: 183144 ns, At safepoint: 38249 ns, Total: 221393 ns
[2020-02-27T08:44:16.151+0000][1][safepoint    ] Safepoint "RevokeBias", Time since last: 2505249691 ns, Reaching safepoint: 633538 ns, At safepoint: 249188 ns, Total: 882726 ns
[2020-02-27T08:44:18.656+0000][1][safepoint    ] Safepoint "RevokeBias", Time since last: 2505607097 ns, Reaching safepoint: 70521 ns, At safepoint: 17840 ns, Total: 88361 ns
[2020-02-27T08:44:21.160+0000][1][safepoint    ] Safepoint "RevokeBias", Time since last: 2503361652 ns, Reaching safepoint: 211703 ns, At safepoint: 43084 ns, Total: 254787 ns
[2020-02-27T08:44:23.667+0000][1][safepoint    ] Safepoint "RevokeBias", Time since last: 2506434161 ns, Reaching safepoint: 124193 ns, At safepoint: 19818 ns, Total: 144011 ns
[2020-02-27T08:44:26.186+0000][1][safepoint    ] Safepoint "RevokeBias", Time since last: 2518980397 ns, Reaching safepoint: 98741 ns, At safepoint: 146856 ns, Total: 245597 ns
[2020-02-27T08:44:28.699+0000][1][safepoint    ] Safepoint "RevokeBias", Time since last: 2513570443 ns, Reaching safepoint: 112538 ns, At safepoint: 27386 ns, Total: 139924 ns
[2020-02-27T08:44:31.210+0000][1][safepoint    ] Safepoint "RevokeBias", Time since last: 2510534026 ns, Reaching safepoint: 90264 ns, At safepoint: 20598 ns, Total: 110862 ns
[2020-02-27T08:44:33.719+0000][1][safepoint    ] Safepoint "RevokeBias", Time since last: 2508786130 ns, Reaching safepoint: 73674 ns, At safepoint: 19242 ns, Total: 92916 ns
[2020-02-27T08:44:36.234+0000][1][safepoint    ] Safepoint "RevokeBias", Time since last: 2514740298 ns, Reaching safepoint: 95351 ns, At safepoint: 28731 ns, Total: 124082 ns
[2020-02-27T08:44:38.747+0000][1][safepoint    ] Safepoint "RevokeBias", Time since last: 2512774581 ns, Reaching safepoint: 109493 ns, At safepoint: 31219 ns, Total: 140712 ns
[2020-02-27T08:44:41.254+0000][1][safepoint    ] Safepoint "RevokeBias", Time since last: 2507363439 ns, Reaching safepoint: 55905 ns, At safepoint: 16503 ns, Total: 72408 ns
[2020-02-27T08:44:43.768+0000][1][safepoint    ] Safepoint "RevokeBias", Time since last: 2513443280 ns, Reaching safepoint: 73517 ns, At safepoint: 18352 ns, Total: 91869 ns
[2020-02-27T08:44:46.284+0000][1][safepoint    ] Safepoint "RevokeBias", Time since last: 2516142081 ns, Reaching safepoint: 82189 ns, At safepoint: 21588 ns, Total: 103777 ns
[2020-02-27T08:44:48.794+0000][1][safepoint    ] Safepoint "RevokeBias", Time since last: 2510394586 ns, Reaching safepoint: 73836 ns, At safepoint: 18764 ns, Total: 92600 ns
[2020-02-27T08:44:50.796+0000][1][safepoint    ] Safepoint "Cleanup", Time since last: 2001117110 ns, Reaching safepoint: 131051 ns, At safepoint: 7767 ns, Total: 138818 ns
[2020-02-27T08:44:51.298+0000][1][safepoint    ] Safepoint "RevokeBias", Time since last: 502017265 ns, Reaching safepoint: 71188 ns, At safepoint: 17795 ns, Total: 88983 ns
[2020-02-27T08:44:53.802+0000][1][safepoint    ] Safepoint "RevokeBias", Time since last: 2503582199 ns, Reaching safepoint: 72200 ns, At safepoint: 17990 ns, Total: 90190 ns
[2020-02-27T08:44:56.306+0000][1][safepoint    ] Safepoint "RevokeBias", Time since last: 2504662347 ns, Reaching safepoint: 72490 ns, At safepoint: 18240 ns, Total: 90730 ns
[2020-02-27T08:44:58.808+0000][1][safepoint    ] Safepoint "RevokeBias", Time since last: 2501978879 ns, Reaching safepoint: 74140 ns, At safepoint: 18497 ns, Total: 92637 ns
[2020-02-27T08:45:01.312+0000][1][safepoint    ] Safepoint "RevokeBias", Time since last: 2503173961 ns, Reaching safepoint: 126030 ns, At safepoint: 34641 ns, Total: 160671 ns
[2020-02-27T08:45:03.817+0000][1][safepoint    ] Safepoint "BulkRevokeBias", Time since last: 2504527491 ns, Reaching safepoint: 59675 ns, At safepoint: 253684 ns, Total: 313359 ns
[2020-02-27T08:45:06.321+0000][1][safepoint    ] Safepoint "RevokeBias", Time since last: 2504704861 ns, Reaching safepoint: 57281 ns, At safepoint: 16678 ns, Total: 73959 ns
[2020-02-27T08:45:07.977+0000][1][gc,start     ] GC(140) Pause Young (Allocation Failure)
[2020-02-27T08:45:07.977+0000][1][gc,task      ] GC(140) Using 1 workers of 1 for evacuation
[2020-02-27T08:45:07.988+0000][1][gc,age       ] GC(140) Desired survivor size 4358144 bytes, new threshold 6 (max threshold 6)
[2020-02-27T08:45:07.988+0000][1][gc,age       ] GC(140) Age table with threshold 6 (max threshold 6)
[2020-02-27T08:45:07.988+0000][1][gc,age       ] GC(140) - age   1:      12864 bytes,      12864 total
[2020-02-27T08:45:07.988+0000][1][gc,age       ] GC(140) - age   2:        384 bytes,      13248 total
[2020-02-27T08:45:07.988+0000][1][gc,age       ] GC(140) - age   5:        128 bytes,      13376 total
[2020-02-27T08:45:07.988+0000][1][gc,age       ] GC(140) - age   6:        488 bytes,      13864 total
[2020-02-27T08:45:07.988+0000][1][gc,heap      ] GC(140) ParNew: 68217K->35K(76672K)
[2020-02-27T08:45:07.988+0000][1][gc,heap      ] GC(140) CMS: 62519K->62519K(963392K)
[2020-02-27T08:45:07.988+0000][1][gc,metaspace ] GC(140) Metaspace: 80314K->80314K(1122304K)
[2020-02-27T08:45:07.988+0000][1][gc           ] GC(140) Pause Young (Allocation Failure) 127M->61M(1015M) 11.102ms
[2020-02-27T08:45:07.988+0000][1][gc,cpu       ] GC(140) User=0.01s Sys=0.00s Real=0.01s
[2020-02-27T08:45:07.988+0000][1][safepoint    ] Safepoint "GenCollectForAllocation", Time since last: 1655395566 ns, Reaching safepoint: 99780 ns, At safepoint: 11257403 ns, Total: 11357183 ns
[2020-02-27T08:45:08.825+0000][1][safepoint    ] Safepoint "RevokeBias", Time since last: 836954104 ns, Reaching safepoint: 73095 ns, At safepoint: 35844 ns, Total: 108939 ns
[2020-02-27T08:45:11.332+0000][1][safepoint    ] Safepoint "RevokeBias", Time since last: 2507142315 ns, Reaching safepoint: 100486 ns, At safepoint: 28875 ns, Total: 129361 ns
[2020-02-27T08:45:13.837+0000][1][safepoint    ] Safepoint "RevokeBias", Time since last: 2504157347 ns, Reaching safepoint: 88820 ns, At safepoint: 19718 ns, Total: 108538 ns
[2020-02-27T08:45:16.341+0000][1][safepoint    ] Safepoint "RevokeBias", Time since last: 2504033405 ns, Reaching safepoint: 91229 ns, At safepoint: 21269 ns, Total: 112498 ns
[2020-02-27T08:45:18.845+0000][1][safepoint    ] Safepoint "RevokeBias", Time since last: 2503755594 ns, Reaching safepoint: 72060 ns, At safepoint: 17632 ns, Total: 89692 ns
[2020-02-27T08:45:20.845+0000][1][safepoint    ] Safepoint "Cleanup", Time since last: 2000604645 ns, Reaching safepoint: 87600 ns, At safepoint: 8255 ns, Total: 95855 ns
[2020-02-27T08:45:21.347+0000][1][safepoint    ] Safepoint "RevokeBias", Time since last: 501619055 ns, Reaching safepoint: 110642 ns, At safepoint: 19563 ns, Total: 130205 ns
[2020-02-27T08:45:23.851+0000][1][safepoint    ] Safepoint "RevokeBias", Time since last: 2503636030 ns, Reaching safepoint: 73170 ns, At safepoint: 18973 ns, Total: 92143 ns
[2020-02-27T08:45:26.357+0000][1][safepoint    ] Safepoint "RevokeBias", Time since last: 2506398377 ns, Reaching safepoint: 103595 ns, At safepoint: 24414 ns, Total: 128009 ns
[2020-02-27T08:45:28.861+0000][1][safepoint    ] Safepoint "RevokeBias", Time since last: 2503606643 ns, Reaching safepoint: 76825 ns, At safepoint: 18364 ns, Total: 95189 ns
[2020-02-27T08:45:31.365+0000][1][safepoint    ] Safepoint "RevokeBias", Time since last: 2503892858 ns, Reaching safepoint: 97245 ns, At safepoint: 19507 ns, Total: 116752 ns
[2020-02-27T08:45:33.893+0000][1][safepoint    ] Safepoint "RevokeBias", Time since last: 2528011167 ns, Reaching safepoint: 105710 ns, At safepoint: 25112 ns, Total: 130822 ns
[2020-02-27T08:45:36.406+0000][1][safepoint    ] Safepoint "RevokeBias", Time since last: 2512245412 ns, Reaching safepoint: 115003 ns, At safepoint: 45693 ns, Total: 160696 ns
[2020-02-27T08:45:38.913+0000][1][safepoint    ] Safepoint "RevokeBias", Time since last: 2507221818 ns, Reaching safepoint: 77402 ns, At safepoint: 18861 ns, Total: 96263 ns
[2020-02-27T08:45:41.421+0000][1][safepoint    ] Safepoint "RevokeBias", Time since last: 2508009037 ns, Reaching safepoint: 169856 ns, At safepoint: 39596 ns, Total: 209452 ns
[2020-02-27T08:45:43.937+0000][1][safepoint    ] Safepoint "RevokeBias", Time since last: 2515697340 ns, Reaching safepoint: 74661 ns, At safepoint: 18299 ns, Total: 92960 ns
[2020-02-27T08:45:46.446+0000][1][safepoint    ] Safepoint "RevokeBias", Time since last: 2508424547 ns, Reaching safepoint: 142392 ns, At safepoint: 34993 ns, Total: 177385 ns
[2020-02-27T08:45:48.960+0000][1][safepoint    ] Safepoint "RevokeBias", Time since last: 2514654797 ns, Reaching safepoint: 77170 ns, At safepoint: 19591 ns, Total: 96761 ns
[2020-02-27T08:45:51.472+0000][1][safepoint    ] Safepoint "RevokeBias", Time since last: 2511113967 ns, Reaching safepoint: 111774 ns, At safepoint: 19693 ns, Total: 131467 ns
[2020-02-27T08:45:53.985+0000][1][safepoint    ] Safepoint "RevokeBias", Time since last: 2512999758 ns, Reaching safepoint: 72773 ns, At safepoint: 17843 ns, Total: 90616 ns
[2020-02-27T08:45:56.494+0000][1][safepoint    ] Safepoint "RevokeBias", Time since last: 2509212553 ns, Reaching safepoint: 76103 ns, At safepoint: 18914 ns, Total: 95017 ns
[2020-02-27T08:45:58.998+0000][1][safepoint    ] Safepoint "RevokeBias", Time since last: 2503724672 ns, Reaching safepoint: 86032 ns, At safepoint: 18204 ns, Total: 104236 ns
[2020-02-27T08:46:01.501+0000][1][safepoint    ] Safepoint "RevokeBias", Time since last: 2502893806 ns, Reaching safepoint: 80681 ns, At safepoint: 19785 ns, Total: 100466 ns
[2020-02-27T08:46:04.006+0000][1][safepoint    ] Safepoint "RevokeBias", Time since last: 2504756440 ns, Reaching safepoint: 100009 ns, At safepoint: 28155 ns, Total: 128164 ns
[2020-02-27T08:46:06.513+0000][1][safepoint    ] Safepoint "RevokeBias", Time since last: 2507312623 ns, Reaching safepoint: 77983 ns, At safepoint: 25004 ns, Total: 102987 ns
[2020-02-27T08:46:09.018+0000][1][safepoint    ] Safepoint "RevokeBias", Time since last: 2504721639 ns, Reaching safepoint: 76858 ns, At safepoint: 18798 ns, Total: 95656 ns
[2020-02-27T08:46:11.522+0000][1][safepoint    ] Safepoint "RevokeBias", Time since last: 2503940491 ns, Reaching safepoint: 173309 ns, At safepoint: 83516 ns, Total: 256825 ns
[2020-02-27T08:46:14.026+0000][1][safepoint    ] Safepoint "RevokeBias", Time since last: 2504054273 ns, Reaching safepoint: 92314 ns, At safepoint: 25561 ns, Total: 117875 ns
[2020-02-27T08:46:16.533+0000][1][safepoint    ] Safepoint "BulkRevokeBias", Time since last: 2506437128 ns, Reaching safepoint: 109109 ns, At safepoint: 325289 ns, Total: 434398 ns
[2020-02-27T08:46:19.038+0000][1][safepoint    ] Safepoint "RevokeBias", Time since last: 2504468522 ns, Reaching safepoint: 78145 ns, At safepoint: 19058 ns, Total: 97203 ns
[2020-02-27T08:46:21.543+0000][1][safepoint    ] Safepoint "RevokeBias", Time since last: 2504798080 ns, Reaching safepoint: 78232 ns, At safepoint: 18401 ns, Total: 96633 ns
[2020-02-27T08:46:23.544+0000][1][safepoint    ] Safepoint "Cleanup", Time since last: 2000961845 ns, Reaching safepoint: 102333 ns, At safepoint: 8968 ns, Total: 111301 ns
[2020-02-27T08:46:24.048+0000][1][safepoint    ] Safepoint "RevokeBias", Time since last: 504142359 ns, Reaching safepoint: 75947 ns, At safepoint: 18321 ns, Total: 94268 ns
[2020-02-27T08:46:26.554+0000][1][safepoint    ] Safepoint "RevokeBias", Time since last: 2505790042 ns, Reaching safepoint: 93992 ns, At safepoint: 22025 ns, Total: 116017 ns
[2020-02-27T08:46:29.059+0000][1][safepoint    ] Safepoint "RevokeBias", Time since last: 2504587918 ns, Reaching safepoint: 75981 ns, At safepoint: 112080 ns, Total: 188061 ns
[2020-02-27T08:46:31.561+0000][1][safepoint    ] Safepoint "RevokeBias", Time since last: 2502155844 ns, Reaching safepoint: 199546 ns, At safepoint: 23389 ns, Total: 222935 ns
[2020-02-27T08:46:34.065+0000][1][safepoint    ] Safepoint "RevokeBias", Time since last: 2503804943 ns, Reaching safepoint: 74283 ns, At safepoint: 18598 ns, Total: 92881 ns
[2020-02-27T08:46:36.583+0000][1][safepoint    ] Safepoint "RevokeBias", Time since last: 2517786927 ns, Reaching safepoint: 75614 ns, At safepoint: 18944 ns, Total: 94558 ns
[2020-02-27T08:46:39.093+0000][1][safepoint    ] Safepoint "RevokeBias", Time since last: 2509975816 ns, Reaching safepoint: 120364 ns, At safepoint: 17987 ns, Total: 138351 ns
[2020-02-27T08:46:41.603+0000][1][safepoint    ] Safepoint "RevokeBias", Time since last: 2510246870 ns, Reaching safepoint: 132949 ns, At safepoint: 37225 ns, Total: 170174 ns
[2020-02-27T08:46:44.118+0000][1][safepoint    ] Safepoint "RevokeBias", Time since last: 2515044726 ns, Reaching safepoint: 73424 ns, At safepoint: 49701 ns, Total: 123125 ns
[2020-02-27T08:46:46.638+0000][1][safepoint    ] Safepoint "RevokeBias", Time since last: 2519830613 ns, Reaching safepoint: 103307 ns, At safepoint: 19793 ns, Total: 123100 ns
[2020-02-27T08:46:49.148+0000][1][safepoint    ] Safepoint "RevokeBias", Time since last: 2509442649 ns, Reaching safepoint: 140895 ns, At safepoint: 115351 ns, Total: 256246 ns
[2020-02-27T08:46:51.667+0000][1][safepoint    ] Safepoint "RevokeBias", Time since last: 2518830010 ns, Reaching safepoint: 73191 ns, At safepoint: 17031 ns, Total: 90222 ns
[2020-02-27T08:46:54.181+0000][1][safepoint    ] Safepoint "RevokeBias", Time since last: 2513656978 ns, Reaching safepoint: 131255 ns, At safepoint: 30377 ns, Total: 161632 ns
[2020-02-27T08:46:56.694+0000][1][safepoint    ] Safepoint "RevokeBias", Time since last: 2513149354 ns, Reaching safepoint: 130191 ns, At safepoint: 32315 ns, Total: 162506 ns
[2020-02-27T08:46:59.202+0000][1][safepoint    ] Safepoint "RevokeBias", Time since last: 2507851341 ns, Reaching safepoint: 74887 ns, At safepoint: 18255 ns, Total: 93142 ns
[2020-02-27T08:47:01.711+0000][1][safepoint    ] Safepoint "RevokeBias", Time since last: 2508604827 ns, Reaching safepoint: 162142 ns, At safepoint: 51850 ns, Total: 213992 ns
[2020-02-27T08:47:04.220+0000][1][safepoint    ] Safepoint "RevokeBias", Time since last: 2508585640 ns, Reaching safepoint: 77792 ns, At safepoint: 18852 ns, Total: 96644 ns
[2020-02-27T08:47:06.739+0000][1][safepoint    ] Safepoint "RevokeBias", Time since last: 2518975283 ns, Reaching safepoint: 72585 ns, At safepoint: 17758 ns, Total: 90343 ns
[2020-02-27T08:47:09.249+0000][1][safepoint    ] Safepoint "RevokeBias", Time since last: 2510552018 ns, Reaching safepoint: 74297 ns, At safepoint: 18005 ns, Total: 92302 ns
[2020-02-27T08:47:11.752+0000][1][safepoint    ] Safepoint "RevokeBias", Time since last: 2502255389 ns, Reaching safepoint: 167587 ns, At safepoint: 20033 ns, Total: 187620 ns
[2020-02-27T08:47:14.255+0000][1][safepoint    ] Safepoint "RevokeBias", Time since last: 2502751006 ns, Reaching safepoint: 76126 ns, At safepoint: 18536 ns, Total: 94662 ns
[2020-02-27T08:47:16.760+0000][1][safepoint    ] Safepoint "RevokeBias", Time since last: 2505782376 ns, Reaching safepoint: 84628 ns, At safepoint: 21419 ns, Total: 106047 ns
[2020-02-27T08:47:19.267+0000][1][safepoint    ] Safepoint "RevokeBias", Time since last: 2506066021 ns, Reaching safepoint: 113200 ns, At safepoint: 29556 ns, Total: 142756 ns
[2020-02-27T08:47:21.771+0000][1][safepoint    ] Safepoint "RevokeBias", Time since last: 2504005629 ns, Reaching safepoint: 73117 ns, At safepoint: 91366 ns, Total: 164483 ns
[2020-02-27T08:47:23.614+0000][1][gc,start     ] GC(141) Pause Young (Allocation Failure)
[2020-02-27T08:47:23.614+0000][1][gc,task      ] GC(141) Using 1 workers of 1 for evacuation
[2020-02-27T08:47:23.624+0000][1][gc,age       ] GC(141) Desired survivor size 4358144 bytes, new threshold 6 (max threshold 6)
[2020-02-27T08:47:23.624+0000][1][gc,age       ] GC(141) Age table with threshold 6 (max threshold 6)
[2020-02-27T08:47:23.624+0000][1][gc,age       ] GC(141) - age   1:      11856 bytes,      11856 total
[2020-02-27T08:47:23.624+0000][1][gc,age       ] GC(141) - age   2:       1296 bytes,      13152 total
[2020-02-27T08:47:23.624+0000][1][gc,age       ] GC(141) - age   3:        384 bytes,      13536 total
[2020-02-27T08:47:23.624+0000][1][gc,age       ] GC(141) - age   6:        128 bytes,      13664 total
[2020-02-27T08:47:23.624+0000][1][gc,heap      ] GC(141) ParNew: 68195K->24K(76672K)
[2020-02-27T08:47:23.624+0000][1][gc,heap      ] GC(141) CMS: 62519K->62519K(963392K)
[2020-02-27T08:47:23.624+0000][1][gc,metaspace ] GC(141) Metaspace: 80580K->80580K(1124352K)
[2020-02-27T08:47:23.624+0000][1][gc           ] GC(141) Pause Young (Allocation Failure) 127M->61M(1015M) 10.275ms
[2020-02-27T08:47:23.624+0000][1][gc,cpu       ] GC(141) User=0.01s Sys=0.00s Real=0.01s
[2020-02-27T08:47:23.624+0000][1][safepoint    ] Safepoint "GenCollectForAllocation", Time since last: 1842951018 ns, Reaching safepoint: 79034 ns, At safepoint: 10328133 ns, Total: 10407167 ns
[2020-02-27T08:47:24.275+0000][1][safepoint    ] Safepoint "RevokeBias", Time since last: 651107715 ns, Reaching safepoint: 88124 ns, At safepoint: 23725 ns, Total: 111849 ns
[2020-02-27T08:47:25.276+0000][1][safepoint    ] Safepoint "Cleanup", Time since last: 1000743000 ns, Reaching safepoint: 172877 ns, At safepoint: 10525 ns, Total: 183402 ns
[2020-02-27T08:47:26.780+0000][1][safepoint    ] Safepoint "RevokeBias", Time since last: 1503984230 ns, Reaching safepoint: 76811 ns, At safepoint: 30382 ns, Total: 107193 ns
[2020-02-27T08:47:29.285+0000][1][safepoint    ] Safepoint "BulkRevokeBias", Time since last: 2503865179 ns, Reaching safepoint: 288084 ns, At safepoint: 226716 ns, Total: 514800 ns
[2020-02-27T08:47:31.788+0000][1][safepoint    ] Safepoint "RevokeBias", Time since last: 2503584143 ns, Reaching safepoint: 70562 ns, At safepoint: 18347 ns, Total: 88909 ns
[2020-02-27T08:47:34.292+0000][1][safepoint    ] Safepoint "RevokeBias", Time since last: 2503174328 ns, Reaching safepoint: 76935 ns, At safepoint: 18553 ns, Total: 95488 ns
[2020-02-27T08:47:36.797+0000][1][safepoint    ] Safepoint "RevokeBias", Time since last: 2505380901 ns, Reaching safepoint: 71570 ns, At safepoint: 17220 ns, Total: 88790 ns
[2020-02-27T08:47:39.301+0000][1][safepoint    ] Safepoint "RevokeBias", Time since last: 2504079006 ns, Reaching safepoint: 78552 ns, At safepoint: 18992 ns, Total: 97544 ns
[2020-02-27T08:47:41.804+0000][1][safepoint    ] Safepoint "RevokeBias", Time since last: 2502998694 ns, Reaching safepoint: 71935 ns, At safepoint: 16798 ns, Total: 88733 ns
[2020-02-27T08:47:44.308+0000][1][safepoint    ] Safepoint "RevokeBias", Time since last: 2503518470 ns, Reaching safepoint: 73172 ns, At safepoint: 17605 ns, Total: 90777 ns
[2020-02-27T08:47:46.813+0000][1][safepoint    ] Safepoint "RevokeBias", Time since last: 2505273563 ns, Reaching safepoint: 78921 ns, At safepoint: 19828 ns, Total: 98749 ns
[2020-02-27T08:47:49.318+0000][1][safepoint    ] Safepoint "RevokeBias", Time since last: 2504884580 ns, Reaching safepoint: 73766 ns, At safepoint: 17645 ns, Total: 91411 ns
[2020-02-27T08:47:51.822+0000][1][safepoint    ] Safepoint "RevokeBias", Time since last: 2503679384 ns, Reaching safepoint: 57952 ns, At safepoint: 17158 ns, Total: 75110 ns
[2020-02-27T08:47:54.343+0000][1][safepoint    ] Safepoint "RevokeBias", Time since last: 2520230713 ns, Reaching safepoint: 108172 ns, At safepoint: 27299 ns, Total: 135471 ns
[2020-02-27T08:47:56.853+0000][1][safepoint    ] Safepoint "RevokeBias", Time since last: 2510362865 ns, Reaching safepoint: 87823 ns, At safepoint: 20663 ns, Total: 108486 ns
[2020-02-27T08:47:59.366+0000][1][safepoint    ] Safepoint "RevokeBias", Time since last: 2512867558 ns, Reaching safepoint: 99794 ns, At safepoint: 53284 ns, Total: 153078 ns
[2020-02-27T08:48:01.875+0000][1][safepoint    ] Safepoint "RevokeBias", Time since last: 2508594417 ns, Reaching safepoint: 168017 ns, At safepoint: 19868 ns, Total: 187885 ns
[2020-02-27T08:48:04.384+0000][1][safepoint    ] Safepoint "RevokeBias", Time since last: 2508996539 ns, Reaching safepoint: 114081 ns, At safepoint: 59556 ns, Total: 173637 ns
[2020-02-27T08:48:06.904+0000][1][safepoint    ] Safepoint "RevokeBias", Time since last: 2520073295 ns, Reaching safepoint: 172048 ns, At safepoint: 48593 ns, Total: 220641 ns
[2020-02-27T08:48:09.421+0000][1][safepoint    ] Safepoint "RevokeBias", Time since last: 2516341356 ns, Reaching safepoint: 110426 ns, At safepoint: 27794 ns, Total: 138220 ns
[2020-02-27T08:48:11.931+0000][1][safepoint    ] Safepoint "RevokeBias", Time since last: 2509646170 ns, Reaching safepoint: 162614 ns, At safepoint: 34261 ns, Total: 196875 ns
[2020-02-27T08:48:14.453+0000][1][safepoint    ] Safepoint "RevokeBias", Time since last: 2522503974 ns, Reaching safepoint: 92828 ns, At safepoint: 19751 ns, Total: 112579 ns
[2020-02-27T08:48:16.975+0000][1][safepoint    ] Safepoint "RevokeBias", Time since last: 2521161071 ns, Reaching safepoint: 88848 ns, At safepoint: 24609 ns, Total: 113457 ns
[2020-02-27T08:48:19.479+0000][1][safepoint    ] Safepoint "RevokeBias", Time since last: 2504351622 ns, Reaching safepoint: 76524 ns, At safepoint: 18192 ns, Total: 94716 ns
[2020-02-27T08:48:21.983+0000][1][safepoint    ] Safepoint "RevokeBias", Time since last: 2503855893 ns, Reaching safepoint: 134239 ns, At safepoint: 50041 ns, Total: 184280 ns
[2020-02-27T08:48:24.489+0000][1][safepoint    ] Safepoint "RevokeBias", Time since last: 2506086211 ns, Reaching safepoint: 110556 ns, At safepoint: 32232 ns, Total: 142788 ns
[2020-02-27T08:48:26.996+0000][1][safepoint    ] Safepoint "RevokeBias", Time since last: 2506729364 ns, Reaching safepoint: 103770 ns, At safepoint: 21767 ns, Total: 125537 ns
[2020-02-27T08:48:29.500+0000][1][safepoint    ] Safepoint "RevokeBias", Time since last: 2504020061 ns, Reaching safepoint: 75293 ns, At safepoint: 37070 ns, Total: 112363 ns
[2020-02-27T08:48:32.003+0000][1][safepoint    ] Safepoint "RevokeBias", Time since last: 2502504115 ns, Reaching safepoint: 78784 ns, At safepoint: 19026 ns, Total: 97810 ns
[2020-02-27T08:48:34.523+0000][1][safepoint    ] Safepoint "RevokeBias", Time since last: 2519614816 ns, Reaching safepoint: 139928 ns, At safepoint: 26875 ns, Total: 166803 ns
[2020-02-27T08:48:37.027+0000][1][safepoint    ] Safepoint "RevokeBias", Time since last: 2504716674 ns, Reaching safepoint: 96492 ns, At safepoint: 25608 ns, Total: 122100 ns
[2020-02-27T08:48:39.531+0000][1][safepoint    ] Safepoint "RevokeBias", Time since last: 2503109699 ns, Reaching safepoint: 87988 ns, At safepoint: 208338 ns, Total: 296326 ns
[2020-02-27T08:48:42.035+0000][1][safepoint    ] Safepoint "BulkRevokeBias", Time since last: 2504228978 ns, Reaching safepoint: 93248 ns, At safepoint: 197135 ns, Total: 290383 ns
[2020-02-27T08:48:44.541+0000][1][safepoint    ] Safepoint "RevokeBias", Time since last: 2505361323 ns, Reaching safepoint: 137593 ns, At safepoint: 28983 ns, Total: 166576 ns
[2020-02-27T08:48:47.059+0000][1][safepoint    ] Safepoint "RevokeBias", Time since last: 2518109980 ns, Reaching safepoint: 71226 ns, At safepoint: 17216 ns, Total: 88442 ns
[2020-02-27T08:48:49.572+0000][1][safepoint    ] Safepoint "RevokeBias", Time since last: 2512419948 ns, Reaching safepoint: 75168 ns, At safepoint: 18464 ns, Total: 93632 ns
[2020-02-27T08:48:52.083+0000][1][safepoint    ] Safepoint "RevokeBias", Time since last: 2511077126 ns, Reaching safepoint: 138503 ns, At safepoint: 20591 ns, Total: 159094 ns
[2020-02-27T08:48:54.593+0000][1][safepoint    ] Safepoint "RevokeBias", Time since last: 2510221598 ns, Reaching safepoint: 73884 ns, At safepoint: 18248 ns, Total: 92132 ns
[2020-02-27T08:48:57.108+0000][1][safepoint    ] Safepoint "RevokeBias", Time since last: 2514813262 ns, Reaching safepoint: 118102 ns, At safepoint: 30257 ns, Total: 148359 ns
[2020-02-27T08:48:59.616+0000][1][safepoint    ] Safepoint "RevokeBias", Time since last: 2508177470 ns, Reaching safepoint: 117264 ns, At safepoint: 21743 ns, Total: 139007 ns
[2020-02-27T08:49:02.151+0000][1][safepoint    ] Safepoint "RevokeBias", Time since last: 2534679904 ns, Reaching safepoint: 104240 ns, At safepoint: 26825 ns, Total: 131065 ns
[2020-02-27T08:49:04.668+0000][1][safepoint    ] Safepoint "RevokeBias", Time since last: 2516422645 ns, Reaching safepoint: 74755 ns, At safepoint: 18880 ns, Total: 93635 ns
[2020-02-27T08:49:07.180+0000][1][safepoint    ] Safepoint "RevokeBias", Time since last: 2511637269 ns, Reaching safepoint: 168363 ns, At safepoint: 48362 ns, Total: 216725 ns
[2020-02-27T08:49:09.694+0000][1][safepoint    ] Safepoint "RevokeBias", Time since last: 2514402431 ns, Reaching safepoint: 72338 ns, At safepoint: 24138 ns, Total: 96476 ns
[2020-02-27T08:49:12.197+0000][1][safepoint    ] Safepoint "RevokeBias", Time since last: 2503170711 ns, Reaching safepoint: 186335 ns, At safepoint: 34618 ns, Total: 220953 ns
[2020-02-27T08:49:14.702+0000][1][safepoint    ] Safepoint "RevokeBias", Time since last: 2504241842 ns, Reaching safepoint: 101499 ns, At safepoint: 27336 ns, Total: 128835 ns
[2020-02-27T08:49:17.208+0000][1][safepoint    ] Safepoint "RevokeBias", Time since last: 2505743228 ns, Reaching safepoint: 83621 ns, At safepoint: 18540 ns, Total: 102161 ns
[2020-02-27T08:49:19.712+0000][1][safepoint    ] Safepoint "RevokeBias", Time since last: 2504537522 ns, Reaching safepoint: 92744 ns, At safepoint: 24509 ns, Total: 117253 ns
[2020-02-27T08:49:22.216+0000][1][safepoint    ] Safepoint "RevokeBias", Time since last: 2503468090 ns, Reaching safepoint: 74364 ns, At safepoint: 17721 ns, Total: 92085 ns
[2020-02-27T08:49:24.720+0000][1][safepoint    ] Safepoint "RevokeBias", Time since last: 2503856845 ns, Reaching safepoint: 73109 ns, At safepoint: 18114 ns, Total: 91223 ns
[2020-02-27T08:49:27.227+0000][1][safepoint    ] Safepoint "RevokeBias", Time since last: 2506804369 ns, Reaching safepoint: 109399 ns, At safepoint: 23790 ns, Total: 133189 ns
[2020-02-27T08:49:29.731+0000][1][safepoint    ] Safepoint "RevokeBias", Time since last: 2504440802 ns, Reaching safepoint: 87718 ns, At safepoint: 17841 ns, Total: 105559 ns
[2020-02-27T08:49:32.234+0000][1][safepoint    ] Safepoint "RevokeBias", Time since last: 2502867124 ns, Reaching safepoint: 106602 ns, At safepoint: 30345 ns, Total: 136947 ns
[2020-02-27T08:49:34.738+0000][1][safepoint    ] Safepoint "RevokeBias", Time since last: 2503924676 ns, Reaching safepoint: 121030 ns, At safepoint: 19456 ns, Total: 140486 ns
[2020-02-27T08:49:37.244+0000][1][safepoint    ] Safepoint "RevokeBias", Time since last: 2505046379 ns, Reaching safepoint: 76306 ns, At safepoint: 18670 ns, Total: 94976 ns
[2020-02-27T08:49:39.749+0000][1][safepoint    ] Safepoint "RevokeBias", Time since last: 2505285907 ns, Reaching safepoint: 74679 ns, At safepoint: 18044 ns, Total: 92723 ns
[2020-02-27T08:49:42.252+0000][1][safepoint    ] Safepoint "RevokeBias", Time since last: 2503317072 ns, Reaching safepoint: 74433 ns, At safepoint: 17910 ns, Total: 92343 ns
[2020-02-27T08:49:43.236+0000][1][gc,start     ] GC(142) Pause Young (Allocation Failure)
[2020-02-27T08:49:43.236+0000][1][gc,task      ] GC(142) Using 1 workers of 1 for evacuation
[2020-02-27T08:49:43.247+0000][1][gc,age       ] GC(142) Desired survivor size 4358144 bytes, new threshold 6 (max threshold 6)
[2020-02-27T08:49:43.247+0000][1][gc,age       ] GC(142) Age table with threshold 6 (max threshold 6)
[2020-02-27T08:49:43.247+0000][1][gc,age       ] GC(142) - age   1:      11664 bytes,      11664 total
[2020-02-27T08:49:43.247+0000][1][gc,age       ] GC(142) - age   2:       1208 bytes,      12872 total
[2020-02-27T08:49:43.247+0000][1][gc,age       ] GC(142) - age   3:       1296 bytes,      14168 total
[2020-02-27T08:49:43.247+0000][1][gc,age       ] GC(142) - age   4:        384 bytes,      14552 total
[2020-02-27T08:49:43.247+0000][1][gc,heap      ] GC(142) ParNew: 68184K->16K(76672K)
[2020-02-27T08:49:43.247+0000][1][gc,heap      ] GC(142) CMS: 62519K->62520K(963392K)
[2020-02-27T08:49:43.247+0000][1][gc,metaspace ] GC(142) Metaspace: 80580K->80580K(1124352K)
[2020-02-27T08:49:43.247+0000][1][gc           ] GC(142) Pause Young (Allocation Failure) 127M->61M(1015M) 11.804ms
[2020-02-27T08:49:43.247+0000][1][gc,cpu       ] GC(142) User=0.01s Sys=0.00s Real=0.01s
[2020-02-27T08:49:43.247+0000][1][safepoint    ] Safepoint "GenCollectForAllocation", Time since last: 983089408 ns, Reaching safepoint: 88765 ns, At safepoint: 11865954 ns, Total: 11954719 ns
[2020-02-27T08:49:44.758+0000][1][safepoint    ] Safepoint "RevokeBias", Time since last: 1510589347 ns, Reaching safepoint: 134763 ns, At safepoint: 25460 ns, Total: 160223 ns
[2020-02-27T08:49:47.263+0000][1][safepoint    ] Safepoint "RevokeBias", Time since last: 2504786803 ns, Reaching safepoint: 71768 ns, At safepoint: 60806 ns, Total: 132574 ns
[2020-02-27T08:49:49.781+0000][1][safepoint    ] Safepoint "RevokeBias", Time since last: 2517751675 ns, Reaching safepoint: 73364 ns, At safepoint: 18044 ns, Total: 91408 ns
[2020-02-27T08:49:52.284+0000][1][safepoint    ] Safepoint "RevokeBias", Time since last: 2503205618 ns, Reaching safepoint: 76732 ns, At safepoint: 18740 ns, Total: 95472 ns
[2020-02-27T08:49:54.795+0000][1][safepoint    ] Safepoint "BulkRevokeBias", Time since last: 2510123612 ns, Reaching safepoint: 57226 ns, At safepoint: 200512 ns, Total: 257738 ns
[2020-02-27T08:49:57.304+0000][1][safepoint    ] Safepoint "RevokeBias", Time since last: 2509569628 ns, Reaching safepoint: 124261 ns, At safepoint: 38828 ns, Total: 163089 ns
[2020-02-27T08:49:59.813+0000][1][safepoint    ] Safepoint "RevokeBias", Time since last: 2508276314 ns, Reaching safepoint: 71683 ns, At safepoint: 18107 ns, Total: 89790 ns
[2020-02-27T08:50:02.323+0000][1][safepoint    ] Safepoint "RevokeBias", Time since last: 2509753026 ns, Reaching safepoint: 146384 ns, At safepoint: 32734 ns, Total: 179118 ns
[2020-02-27T08:50:04.845+0000][1][safepoint    ] Safepoint "RevokeBias", Time since last: 2521824444 ns, Reaching safepoint: 137993 ns, At safepoint: 36427 ns, Total: 174420 ns
[2020-02-27T08:50:07.354+0000][1][safepoint    ] Safepoint "RevokeBias", Time since last: 2509589709 ns, Reaching safepoint: 76988 ns, At safepoint: 18923 ns, Total: 95911 ns
[2020-02-27T08:50:09.872+0000][1][safepoint    ] Safepoint "RevokeBias", Time since last: 2517871403 ns, Reaching safepoint: 74447 ns, At safepoint: 17745 ns, Total: 92192 ns
[2020-02-27T08:50:12.394+0000][1][safepoint    ] Safepoint "RevokeBias", Time since last: 2521633497 ns, Reaching safepoint: 72988 ns, At safepoint: 18330 ns, Total: 91318 ns
[2020-02-27T08:50:14.910+0000][1][safepoint    ] Safepoint "RevokeBias", Time since last: 2516020992 ns, Reaching safepoint: 136141 ns, At safepoint: 25451 ns, Total: 161592 ns
[2020-02-27T08:50:17.416+0000][1][safepoint    ] Safepoint "RevokeBias", Time since last: 2505088406 ns, Reaching safepoint: 201235 ns, At safepoint: 34583 ns, Total: 235818 ns
[2020-02-27T08:50:19.926+0000][1][safepoint    ] Safepoint "RevokeBias", Time since last: 2510214896 ns, Reaching safepoint: 213840 ns, At safepoint: 20005 ns, Total: 233845 ns
[2020-02-27T08:50:22.436+0000][1][safepoint    ] Safepoint "RevokeBias", Time since last: 2509486840 ns, Reaching safepoint: 75760 ns, At safepoint: 18666 ns, Total: 94426 ns
[2020-02-27T08:50:24.940+0000][1][safepoint    ] Safepoint "RevokeBias", Time since last: 2504503181 ns, Reaching safepoint: 143429 ns, At safepoint: 21136 ns, Total: 164565 ns
[2020-02-27T08:50:27.447+0000][1][safepoint    ] Safepoint "RevokeBias", Time since last: 2506798118 ns, Reaching safepoint: 91254 ns, At safepoint: 21562 ns, Total: 112816 ns
[2020-02-27T08:50:29.952+0000][1][safepoint    ] Safepoint "RevokeBias", Time since last: 2504449135 ns, Reaching safepoint: 95397 ns, At safepoint: 29486 ns, Total: 124883 ns
[2020-02-27T08:50:32.456+0000][1][safepoint    ] Safepoint "RevokeBias", Time since last: 2504642044 ns, Reaching safepoint: 73155 ns, At safepoint: 18363 ns, Total: 91518 ns
[2020-02-27T08:50:34.959+0000][1][safepoint    ] Safepoint "RevokeBias", Time since last: 2502652580 ns, Reaching safepoint: 93305 ns, At safepoint: 19134 ns, Total: 112439 ns
[2020-02-27T08:50:37.465+0000][1][safepoint    ] Safepoint "RevokeBias", Time since last: 2506057311 ns, Reaching safepoint: 72125 ns, At safepoint: 17255 ns, Total: 89380 ns
[2020-02-27T08:50:39.970+0000][1][safepoint    ] Safepoint "RevokeBias", Time since last: 2504510088 ns, Reaching safepoint: 75460 ns, At safepoint: 18172 ns, Total: 93632 ns
[2020-02-27T08:50:42.475+0000][1][safepoint    ] Safepoint "RevokeBias", Time since last: 2504836626 ns, Reaching safepoint: 77624 ns, At safepoint: 19953 ns, Total: 97577 ns
[2020-02-27T08:50:44.979+0000][1][safepoint    ] Safepoint "RevokeBias", Time since last: 2503729507 ns, Reaching safepoint: 171348 ns, At safepoint: 33981 ns, Total: 205329 ns
[2020-02-27T08:50:47.483+0000][1][safepoint    ] Safepoint "RevokeBias", Time since last: 2503835412 ns, Reaching safepoint: 73565 ns, At safepoint: 18414 ns, Total: 91979 ns
[2020-02-27T08:50:49.993+0000][1][safepoint    ] Safepoint "RevokeBias", Time since last: 2509825892 ns, Reaching safepoint: 95419 ns, At safepoint: 19650 ns, Total: 115069 ns
[2020-02-27T08:50:52.496+0000][1][safepoint    ] Safepoint "RevokeBias", Time since last: 2503029461 ns, Reaching safepoint: 77254 ns, At safepoint: 20001 ns, Total: 97255 ns
[2020-02-27T08:50:55.000+0000][1][safepoint    ] Safepoint "RevokeBias", Time since last: 2503832592 ns, Reaching safepoint: 144183 ns, At safepoint: 19379 ns, Total: 163562 ns
[2020-02-27T08:50:57.515+0000][1][safepoint    ] Safepoint "RevokeBias", Time since last: 2514627912 ns, Reaching safepoint: 164844 ns, At safepoint: 39260 ns, Total: 204104 ns
[2020-02-27T08:51:00.025+0000][1][safepoint    ] Safepoint "RevokeBias", Time since last: 2510591752 ns, Reaching safepoint: 79111 ns, At safepoint: 20050 ns, Total: 99161 ns
[2020-02-27T08:51:02.543+0000][1][safepoint    ] Safepoint "RevokeBias", Time since last: 2517536862 ns, Reaching safepoint: 72988 ns, At safepoint: 18554 ns, Total: 91542 ns
[2020-02-27T08:51:05.051+0000][1][safepoint    ] Safepoint "RevokeBias", Time since last: 2507864243 ns, Reaching safepoint: 74239 ns, At safepoint: 18438 ns, Total: 92677 ns
[2020-02-27T08:51:07.567+0000][1][safepoint    ] Safepoint "BulkRevokeBias", Time since last: 2515716425 ns, Reaching safepoint: 75421 ns, At safepoint: 266278 ns, Total: 341699 ns
[2020-02-27T08:51:10.076+0000][1][safepoint    ] Safepoint "RevokeBias", Time since last: 2509229302 ns, Reaching safepoint: 73981 ns, At safepoint: 18686 ns, Total: 92667 ns
[2020-02-27T08:51:12.593+0000][1][safepoint    ] Safepoint "RevokeBias", Time since last: 2516212717 ns, Reaching safepoint: 240030 ns, At safepoint: 40779 ns, Total: 280809 ns
[2020-02-27T08:51:15.101+0000][1][safepoint    ] Safepoint "RevokeBias", Time since last: 2508159212 ns, Reaching safepoint: 114009 ns, At safepoint: 28879 ns, Total: 142888 ns
[2020-02-27T08:51:17.616+0000][1][safepoint    ] Safepoint "RevokeBias", Time since last: 2514663257 ns, Reaching safepoint: 107055 ns, At safepoint: 30331 ns, Total: 137386 ns
[2020-02-27T08:51:20.128+0000][1][safepoint    ] Safepoint "RevokeBias", Time since last: 2511774663 ns, Reaching safepoint: 122684 ns, At safepoint: 18992 ns, Total: 141676 ns
[2020-02-27T08:51:22.632+0000][1][safepoint    ] Safepoint "RevokeBias", Time since last: 2503914090 ns, Reaching safepoint: 212850 ns, At safepoint: 22203 ns, Total: 235053 ns
[2020-02-27T08:51:25.137+0000][1][safepoint    ] Safepoint "RevokeBias", Time since last: 2504988985 ns, Reaching safepoint: 117331 ns, At safepoint: 30812 ns, Total: 148143 ns
[2020-02-27T08:51:27.643+0000][1][safepoint    ] Safepoint "RevokeBias", Time since last: 2505962499 ns, Reaching safepoint: 143324 ns, At safepoint: 30900 ns, Total: 174224 ns
[2020-02-27T08:51:30.148+0000][1][safepoint    ] Safepoint "RevokeBias", Time since last: 2505152650 ns, Reaching safepoint: 80657 ns, At safepoint: 18933 ns, Total: 99590 ns
[2020-02-27T08:51:32.652+0000][1][safepoint    ] Safepoint "RevokeBias", Time since last: 2503576303 ns, Reaching safepoint: 113057 ns, At safepoint: 17859 ns, Total: 130916 ns
[2020-02-27T08:51:35.157+0000][1][safepoint    ] Safepoint "RevokeBias", Time since last: 2504635990 ns, Reaching safepoint: 85822 ns, At safepoint: 20100 ns, Total: 105922 ns
[2020-02-27T08:51:37.664+0000][1][safepoint    ] Safepoint "RevokeBias", Time since last: 2506400591 ns, Reaching safepoint: 201618 ns, At safepoint: 35034 ns, Total: 236652 ns
[2020-02-27T08:51:40.167+0000][1][safepoint    ] Safepoint "RevokeBias", Time since last: 2503155555 ns, Reaching safepoint: 103524 ns, At safepoint: 31061 ns, Total: 134585 ns
[2020-02-27T08:51:42.669+0000][1][safepoint    ] Safepoint "RevokeBias", Time since last: 2502348734 ns, Reaching safepoint: 74845 ns, At safepoint: 78203 ns, Total: 153048 ns
[2020-02-27T08:51:45.174+0000][1][safepoint    ] Safepoint "RevokeBias", Time since last: 2504490938 ns, Reaching safepoint: 73568 ns, At safepoint: 18452 ns, Total: 92020 ns
[2020-02-27T08:51:47.679+0000][1][safepoint    ] Safepoint "RevokeBias", Time since last: 2505334057 ns, Reaching safepoint: 72609 ns, At safepoint: 17170 ns, Total: 89779 ns
[2020-02-27T08:51:50.184+0000][1][safepoint    ] Safepoint "RevokeBias", Time since last: 2504184434 ns, Reaching safepoint: 73740 ns, At safepoint: 18037 ns, Total: 91777 ns
[2020-02-27T08:51:52.686+0000][1][safepoint    ] Safepoint "RevokeBias", Time since last: 2502148678 ns, Reaching safepoint: 84437 ns, At safepoint: 20119 ns, Total: 104556 ns
[2020-02-27T08:51:55.191+0000][1][safepoint    ] Safepoint "RevokeBias", Time since last: 2505339916 ns, Reaching safepoint: 74652 ns, At safepoint: 18473 ns, Total: 93125 ns
[2020-02-27T08:51:57.695+0000][1][safepoint    ] Safepoint "RevokeBias", Time since last: 2503362008 ns, Reaching safepoint: 88755 ns, At safepoint: 20004 ns, Total: 108759 ns
[2020-02-27T08:51:59.003+0000][1][gc,start     ] GC(143) Pause Young (Allocation Failure)
[2020-02-27T08:51:59.003+0000][1][gc,task      ] GC(143) Using 1 workers of 1 for evacuation
[2020-02-27T08:51:59.014+0000][1][gc,age       ] GC(143) Desired survivor size 4358144 bytes, new threshold 6 (max threshold 6)
[2020-02-27T08:51:59.014+0000][1][gc,age       ] GC(143) Age table with threshold 6 (max threshold 6)
[2020-02-27T08:51:59.014+0000][1][gc,age       ] GC(143) - age   1:      10904 bytes,      10904 total
[2020-02-27T08:51:59.014+0000][1][gc,age       ] GC(143) - age   3:       1208 bytes,      12112 total
[2020-02-27T08:51:59.014+0000][1][gc,age       ] GC(143) - age   4:       1296 bytes,      13408 total
[2020-02-27T08:51:59.014+0000][1][gc,age       ] GC(143) - age   5:        152 bytes,      13560 total
[2020-02-27T08:51:59.014+0000][1][gc,heap      ] GC(143) ParNew: 68176K->25K(76672K)
[2020-02-27T08:51:59.014+0000][1][gc,heap      ] GC(143) CMS: 62520K->62520K(963392K)
[2020-02-27T08:51:59.014+0000][1][gc,metaspace ] GC(143) Metaspace: 80580K->80580K(1124352K)
[2020-02-27T08:51:59.014+0000][1][gc           ] GC(143) Pause Young (Allocation Failure) 127M->61M(1015M) 10.805ms
[2020-02-27T08:51:59.014+0000][1][gc,cpu       ] GC(143) User=0.01s Sys=0.00s Real=0.01s
[2020-02-27T08:51:59.014+0000][1][safepoint    ] Safepoint "GenCollectForAllocation", Time since last: 1308383602 ns, Reaching safepoint: 78252 ns, At safepoint: 10868460 ns, Total: 10946712 ns
[2020-02-27T08:52:00.200+0000][1][safepoint    ] Safepoint "RevokeBias", Time since last: 1185391471 ns, Reaching safepoint: 102531 ns, At safepoint: 105645 ns, Total: 208176 ns
[2020-02-27T08:52:02.703+0000][1][safepoint    ] Safepoint "RevokeBias", Time since last: 2502838744 ns, Reaching safepoint: 74015 ns, At safepoint: 37169 ns, Total: 111184 ns
[2020-02-27T08:52:05.219+0000][1][safepoint    ] Safepoint "RevokeBias", Time since last: 2516337634 ns, Reaching safepoint: 113252 ns, At safepoint: 29593 ns, Total: 142845 ns
[2020-02-27T08:52:07.731+0000][1][safepoint    ] Safepoint "RevokeBias", Time since last: 2511499997 ns, Reaching safepoint: 82048 ns, At safepoint: 19195 ns, Total: 101243 ns
[2020-02-27T08:52:10.240+0000][1][safepoint    ] Safepoint "RevokeBias", Time since last: 2509404530 ns, Reaching safepoint: 71342 ns, At safepoint: 17916 ns, Total: 89258 ns
[2020-02-27T08:52:12.750+0000][1][safepoint    ] Safepoint "RevokeBias", Time since last: 2509883449 ns, Reaching safepoint: 210796 ns, At safepoint: 62149 ns, Total: 272945 ns
[2020-02-27T08:52:15.271+0000][1][safepoint    ] Safepoint "RevokeBias", Time since last: 2520122601 ns, Reaching safepoint: 224824 ns, At safepoint: 34568 ns, Total: 259392 ns
[2020-02-27T08:52:17.780+0000][1][safepoint    ] Safepoint "RevokeBias", Time since last: 2508926566 ns, Reaching safepoint: 177135 ns, At safepoint: 36969 ns, Total: 214104 ns
[2020-02-27T08:52:20.294+0000][1][safepoint    ] Safepoint "BulkRevokeBias", Time since last: 2514260159 ns, Reaching safepoint: 88779 ns, At safepoint: 183349 ns, Total: 272128 ns
[2020-02-27T08:52:22.806+0000][1][safepoint    ] Safepoint "RevokeBias", Time since last: 2511934416 ns, Reaching safepoint: 76177 ns, At safepoint: 19052 ns, Total: 95229 ns
[2020-02-27T08:52:25.315+0000][1][safepoint    ] Safepoint "RevokeBias", Time since last: 2508496701 ns, Reaching safepoint: 120884 ns, At safepoint: 20855 ns, Total: 141739 ns
[2020-02-27T08:52:27.825+0000][1][safepoint    ] Safepoint "RevokeBias", Time since last: 2510229587 ns, Reaching safepoint: 91261 ns, At safepoint: 21394 ns, Total: 112655 ns
[2020-02-27T08:52:30.330+0000][1][safepoint    ] Safepoint "RevokeBias", Time since last: 2504166777 ns, Reaching safepoint: 74506 ns, At safepoint: 17710 ns, Total: 92216 ns
[2020-02-27T08:52:32.833+0000][1][safepoint    ] Safepoint "RevokeBias", Time since last: 2502663044 ns, Reaching safepoint: 74787 ns, At safepoint: 49921 ns, Total: 124708 ns
[2020-02-27T08:52:35.336+0000][1][safepoint    ] Safepoint "RevokeBias", Time since last: 2503078042 ns, Reaching safepoint: 73564 ns, At safepoint: 18539 ns, Total: 92103 ns
[2020-02-27T08:52:37.840+0000][1][safepoint    ] Safepoint "RevokeBias", Time since last: 2504135917 ns, Reaching safepoint: 77628 ns, At safepoint: 19139 ns, Total: 96767 ns
[2020-02-27T08:52:40.345+0000][1][safepoint    ] Safepoint "RevokeBias", Time since last: 2504808187 ns, Reaching safepoint: 77641 ns, At safepoint: 19069 ns, Total: 96710 ns
[2020-02-27T08:52:42.849+0000][1][safepoint    ] Safepoint "RevokeBias", Time since last: 2504215591 ns, Reaching safepoint: 93530 ns, At safepoint: 19561 ns, Total: 113091 ns
[2020-02-27T08:52:45.353+0000][1][safepoint    ] Safepoint "RevokeBias", Time since last: 2503979532 ns, Reaching safepoint: 182053 ns, At safepoint: 21076 ns, Total: 203129 ns
[2020-02-27T08:52:47.859+0000][1][safepoint    ] Safepoint "RevokeBias", Time since last: 2505858130 ns, Reaching safepoint: 74582 ns, At safepoint: 18348 ns, Total: 92930 ns
[2020-02-27T08:52:50.363+0000][1][safepoint    ] Safepoint "RevokeBias", Time since last: 2503465539 ns, Reaching safepoint: 139287 ns, At safepoint: 21361 ns, Total: 160648 ns
[2020-02-27T08:52:52.867+0000][1][safepoint    ] Safepoint "RevokeBias", Time since last: 2504231519 ns, Reaching safepoint: 102491 ns, At safepoint: 33159 ns, Total: 135650 ns
[2020-02-27T08:52:55.372+0000][1][safepoint    ] Safepoint "RevokeBias", Time since last: 2504348768 ns, Reaching safepoint: 74194 ns, At safepoint: 20380 ns, Total: 94574 ns
[2020-02-27T08:52:57.878+0000][1][safepoint    ] Safepoint "RevokeBias", Time since last: 2506097085 ns, Reaching safepoint: 143031 ns, At safepoint: 45100 ns, Total: 188131 ns
[2020-02-27T08:53:00.382+0000][1][safepoint    ] Safepoint "RevokeBias", Time since last: 2504266717 ns, Reaching safepoint: 71853 ns, At safepoint: 18030 ns, Total: 89883 ns
[2020-02-27T08:53:02.886+0000][1][safepoint    ] Safepoint "RevokeBias", Time since last: 2503431797 ns, Reaching safepoint: 72073 ns, At safepoint: 17473 ns, Total: 89546 ns
[2020-02-27T08:53:05.390+0000][1][safepoint    ] Safepoint "RevokeBias", Time since last: 2504129870 ns, Reaching safepoint: 83358 ns, At safepoint: 21406 ns, Total: 104764 ns
[2020-02-27T08:53:07.897+0000][1][safepoint    ] Safepoint "RevokeBias", Time since last: 2506664748 ns, Reaching safepoint: 76063 ns, At safepoint: 18343 ns, Total: 94406 ns
[2020-02-27T08:53:10.401+0000][1][safepoint    ] Safepoint "RevokeBias", Time since last: 2504100091 ns, Reaching safepoint: 74845 ns, At safepoint: 18490 ns, Total: 93335 ns
[2020-02-27T08:53:12.908+0000][1][safepoint    ] Safepoint "RevokeBias", Time since last: 2507241950 ns, Reaching safepoint: 73348 ns, At safepoint: 18630 ns, Total: 91978 ns
[2020-02-27T08:53:15.414+0000][1][safepoint    ] Safepoint "RevokeBias", Time since last: 2505024994 ns, Reaching safepoint: 147621 ns, At safepoint: 26305 ns, Total: 173926 ns
[2020-02-27T08:53:17.929+0000][1][safepoint    ] Safepoint "RevokeBias", Time since last: 2515054863 ns, Reaching safepoint: 88110 ns, At safepoint: 17650 ns, Total: 105760 ns
[2020-02-27T08:53:20.437+0000][1][safepoint    ] Safepoint "RevokeBias", Time since last: 2508470283 ns, Reaching safepoint: 75408 ns, At safepoint: 18335 ns, Total: 93743 ns
[2020-02-27T08:53:22.954+0000][1][safepoint    ] Safepoint "RevokeBias", Time since last: 2516669574 ns, Reaching safepoint: 101548 ns, At safepoint: 27325 ns, Total: 128873 ns
[2020-02-27T08:53:25.462+0000][1][safepoint    ] Safepoint "RevokeBias", Time since last: 2507425816 ns, Reaching safepoint: 75631 ns, At safepoint: 18578 ns, Total: 94209 ns
[2020-02-27T08:53:27.972+0000][1][safepoint    ] Safepoint "RevokeBias", Time since last: 2510379130 ns, Reaching safepoint: 91608 ns, At safepoint: 53066 ns, Total: 144674 ns
[2020-02-27T08:53:30.483+0000][1][safepoint    ] Safepoint "RevokeBias", Time since last: 2510387980 ns, Reaching safepoint: 147776 ns, At safepoint: 33696 ns, Total: 181472 ns
[2020-02-27T08:53:33.001+0000][1][safepoint    ] Safepoint "BulkRevokeBias", Time since last: 2517804998 ns, Reaching safepoint: 83482 ns, At safepoint: 396069 ns, Total: 479551 ns
[2020-02-27T08:53:35.509+0000][1][safepoint    ] Safepoint "RevokeBias", Time since last: 2507556393 ns, Reaching safepoint: 75380 ns, At safepoint: 18465 ns, Total: 93845 ns
[2020-02-27T08:53:38.029+0000][1][safepoint    ] Safepoint "RevokeBias", Time since last: 2520139015 ns, Reaching safepoint: 75496 ns, At safepoint: 18625 ns, Total: 94121 ns
[2020-02-27T08:53:40.538+0000][1][safepoint    ] Safepoint "RevokeBias", Time since last: 2509311067 ns, Reaching safepoint: 72125 ns, At safepoint: 18002 ns, Total: 90127 ns
[2020-02-27T08:53:43.041+0000][1][safepoint    ] Safepoint "RevokeBias", Time since last: 2502253914 ns, Reaching safepoint: 76307 ns, At safepoint: 17704 ns, Total: 94011 ns
[2020-02-27T08:53:44.042+0000][1][safepoint    ] Safepoint "Cleanup", Time since last: 1000739326 ns, Reaching safepoint: 99198 ns, At safepoint: 8031 ns, Total: 107229 ns
[2020-02-27T08:53:45.548+0000][1][safepoint    ] Safepoint "RevokeBias", Time since last: 1506223995 ns, Reaching safepoint: 84031 ns, At safepoint: 19642 ns, Total: 103673 ns
[2020-02-27T08:53:48.052+0000][1][safepoint    ] Safepoint "RevokeBias", Time since last: 2504246931 ns, Reaching safepoint: 81270 ns, At safepoint: 19562 ns, Total: 100832 ns
[2020-02-27T08:53:50.557+0000][1][safepoint    ] Safepoint "RevokeBias", Time since last: 2505185633 ns, Reaching safepoint: 74778 ns, At safepoint: 18259 ns, Total: 93037 ns
[2020-02-27T08:53:53.060+0000][1][safepoint    ] Safepoint "RevokeBias", Time since last: 2502381974 ns, Reaching safepoint: 74047 ns, At safepoint: 18623 ns, Total: 92670 ns
[2020-02-27T08:53:55.565+0000][1][safepoint    ] Safepoint "RevokeBias", Time since last: 2504710655 ns, Reaching safepoint: 204744 ns, At safepoint: 19441 ns, Total: 224185 ns
[2020-02-27T08:53:58.071+0000][1][safepoint    ] Safepoint "RevokeBias", Time since last: 2505876851 ns, Reaching safepoint: 94812 ns, At safepoint: 22034 ns, Total: 116846 ns
[2020-02-27T08:54:00.576+0000][1][safepoint    ] Safepoint "RevokeBias", Time since last: 2504649687 ns, Reaching safepoint: 76106 ns, At safepoint: 18662 ns, Total: 94768 ns
[2020-02-27T08:54:03.078+0000][1][safepoint    ] Safepoint "RevokeBias", Time since last: 2502175614 ns, Reaching safepoint: 77309 ns, At safepoint: 18536 ns, Total: 95845 ns
[2020-02-27T08:54:05.581+0000][1][safepoint    ] Safepoint "RevokeBias", Time since last: 2503063556 ns, Reaching safepoint: 76036 ns, At safepoint: 18590 ns, Total: 94626 ns
[2020-02-27T08:54:08.087+0000][1][safepoint    ] Safepoint "RevokeBias", Time since last: 2505967534 ns, Reaching safepoint: 74828 ns, At safepoint: 18490 ns, Total: 93318 ns
[2020-02-27T08:54:10.591+0000][1][safepoint    ] Safepoint "RevokeBias", Time since last: 2503525239 ns, Reaching safepoint: 147246 ns, At safepoint: 34207 ns, Total: 181453 ns
[2020-02-27T08:54:13.095+0000][1][safepoint    ] Safepoint "RevokeBias", Time since last: 2504042324 ns, Reaching safepoint: 74794 ns, At safepoint: 18382 ns, Total: 93176 ns
[2020-02-27T08:54:15.599+0000][1][safepoint    ] Safepoint "RevokeBias", Time since last: 2503744537 ns, Reaching safepoint: 77186 ns, At safepoint: 18669 ns, Total: 95855 ns
[2020-02-27T08:54:18.105+0000][1][safepoint    ] Safepoint "RevokeBias", Time since last: 2505799996 ns, Reaching safepoint: 75867 ns, At safepoint: 18132 ns, Total: 93999 ns
[2020-02-27T08:54:18.443+0000][1][gc,start     ] GC(144) Pause Young (Allocation Failure)
[2020-02-27T08:54:18.443+0000][1][gc,task      ] GC(144) Using 1 workers of 1 for evacuation
[2020-02-27T08:54:18.461+0000][1][gc,age       ] GC(144) Desired survivor size 4358144 bytes, new threshold 6 (max threshold 6)
[2020-02-27T08:54:18.461+0000][1][gc,age       ] GC(144) Age table with threshold 6 (max threshold 6)
[2020-02-27T08:54:18.461+0000][1][gc,age       ] GC(144) - age   1:      11608 bytes,      11608 total
[2020-02-27T08:54:18.461+0000][1][gc,age       ] GC(144) - age   2:        264 bytes,      11872 total
[2020-02-27T08:54:18.461+0000][1][gc,age       ] GC(144) - age   4:       1208 bytes,      13080 total
[2020-02-27T08:54:18.461+0000][1][gc,age       ] GC(144) - age   5:       1296 bytes,      14376 total
[2020-02-27T08:54:18.461+0000][1][gc,age       ] GC(144) - age   6:        152 bytes,      14528 total
[2020-02-27T08:54:18.461+0000][1][gc,heap      ] GC(144) ParNew: 68185K->16K(76672K)
[2020-02-27T08:54:18.461+0000][1][gc,heap      ] GC(144) CMS: 62520K->62520K(963392K)
[2020-02-27T08:54:18.461+0000][1][gc,metaspace ] GC(144) Metaspace: 80580K->80580K(1124352K)
[2020-02-27T08:54:18.461+0000][1][gc           ] GC(144) Pause Young (Allocation Failure) 127M->61M(1015M) 18.333ms
[2020-02-27T08:54:18.462+0000][1][gc,cpu       ] GC(144) User=0.01s Sys=0.00s Real=0.02s
[2020-02-27T08:54:18.462+0000][1][safepoint    ] Safepoint "GenCollectForAllocation", Time since last: 338226836 ns, Reaching safepoint: 191528 ns, At safepoint: 18430380 ns, Total: 18621908 ns
[2020-02-27T08:54:20.610+0000][1][safepoint    ] Safepoint "RevokeBias", Time since last: 2147837244 ns, Reaching safepoint: 117600 ns, At safepoint: 28447 ns, Total: 146047 ns
[2020-02-27T08:54:23.114+0000][1][safepoint    ] Safepoint "RevokeBias", Time since last: 2504421848 ns, Reaching safepoint: 82453 ns, At safepoint: 19301 ns, Total: 101754 ns
[2020-02-27T08:54:25.633+0000][1][safepoint    ] Safepoint "RevokeBias", Time since last: 2518214023 ns, Reaching safepoint: 296581 ns, At safepoint: 40333 ns, Total: 336914 ns
[2020-02-27T08:54:28.147+0000][1][safepoint    ] Safepoint "RevokeBias", Time since last: 2514543250 ns, Reaching safepoint: 124972 ns, At safepoint: 31582 ns, Total: 156554 ns
[2020-02-27T08:54:30.665+0000][1][safepoint    ] Safepoint "RevokeBias", Time since last: 2517251070 ns, Reaching safepoint: 74918 ns, At safepoint: 17917 ns, Total: 92835 ns
[2020-02-27T08:54:33.177+0000][1][safepoint    ] Safepoint "RevokeBias", Time since last: 2512046583 ns, Reaching safepoint: 77652 ns, At safepoint: 19726 ns, Total: 97378 ns
[2020-02-27T08:54:35.697+0000][1][safepoint    ] Safepoint "RevokeBias", Time since last: 2519693529 ns, Reaching safepoint: 78422 ns, At safepoint: 18660 ns, Total: 97082 ns
[2020-02-27T08:54:38.215+0000][1][safepoint    ] Safepoint "RevokeBias", Time since last: 2518009886 ns, Reaching safepoint: 116959 ns, At safepoint: 51666 ns, Total: 168625 ns
[2020-02-27T08:54:40.725+0000][1][safepoint    ] Safepoint "RevokeBias", Time since last: 2510022978 ns, Reaching safepoint: 91254 ns, At safepoint: 25503 ns, Total: 116757 ns
[2020-02-27T08:54:43.247+0000][1][safepoint    ] Safepoint "RevokeBias", Time since last: 2521580623 ns, Reaching safepoint: 103039 ns, At safepoint: 29509 ns, Total: 132548 ns
[2020-02-27T08:54:45.753+0000][1][safepoint    ] Safepoint "BulkRevokeBias", Time since last: 2505697944 ns, Reaching safepoint: 107153 ns, At safepoint: 379487 ns, Total: 486640 ns
[2020-02-27T08:54:48.260+0000][1][safepoint    ] Safepoint "RevokeBias", Time since last: 2507473196 ns, Reaching safepoint: 98661 ns, At safepoint: 21948 ns, Total: 120609 ns
[2020-02-27T08:54:50.764+0000][1][safepoint    ] Safepoint "RevokeBias", Time since last: 2503968465 ns, Reaching safepoint: 105305 ns, At safepoint: 29556 ns, Total: 134861 ns
[2020-02-27T08:54:53.268+0000][1][safepoint    ] Safepoint "RevokeBias", Time since last: 2503389202 ns, Reaching safepoint: 85693 ns, At safepoint: 21353 ns, Total: 107046 ns
[2020-02-27T08:54:55.774+0000][1][safepoint    ] Safepoint "RevokeBias", Time since last: 2505668293 ns, Reaching safepoint: 259357 ns, At safepoint: 28558 ns, Total: 287915 ns
[2020-02-27T08:54:58.280+0000][1][safepoint    ] Safepoint "RevokeBias", Time since last: 2506164169 ns, Reaching safepoint: 182094 ns, At safepoint: 27413 ns, Total: 209507 ns
[2020-02-27T08:55:00.786+0000][1][safepoint    ] Safepoint "RevokeBias", Time since last: 2505454483 ns, Reaching safepoint: 145577 ns, At safepoint: 27653 ns, Total: 173230 ns
[2020-02-27T08:55:03.290+0000][1][safepoint    ] Safepoint "RevokeBias", Time since last: 2504169143 ns, Reaching safepoint: 76498 ns, At safepoint: 19159 ns, Total: 95657 ns
[2020-02-27T08:55:05.794+0000][1][safepoint    ] Safepoint "RevokeBias", Time since last: 2503192043 ns, Reaching safepoint: 132468 ns, At safepoint: 26359 ns, Total: 158827 ns
[2020-02-27T08:55:08.301+0000][1][safepoint    ] Safepoint "RevokeBias", Time since last: 2506808222 ns, Reaching safepoint: 160382 ns, At safepoint: 20453 ns, Total: 180835 ns
[2020-02-27T08:55:10.805+0000][1][safepoint    ] Safepoint "RevokeBias", Time since last: 2504096731 ns, Reaching safepoint: 98138 ns, At safepoint: 19767 ns, Total: 117905 ns
[2020-02-27T08:55:13.307+0000][1][safepoint    ] Safepoint "RevokeBias", Time since last: 2501855001 ns, Reaching safepoint: 74382 ns, At safepoint: 19085 ns, Total: 93467 ns
[2020-02-27T08:55:15.814+0000][1][safepoint    ] Safepoint "RevokeBias", Time since last: 2506917394 ns, Reaching safepoint: 89214 ns, At safepoint: 21298 ns, Total: 110512 ns
[2020-02-27T08:55:18.333+0000][1][safepoint    ] Safepoint "RevokeBias", Time since last: 2519140201 ns, Reaching safepoint: 74023 ns, At safepoint: 19130 ns, Total: 93153 ns
[2020-02-27T08:55:20.843+0000][1][safepoint    ] Safepoint "RevokeBias", Time since last: 2510406874 ns, Reaching safepoint: 75914 ns, At safepoint: 18119 ns, Total: 94033 ns
[2020-02-27T08:55:23.353+0000][1][safepoint    ] Safepoint "RevokeBias", Time since last: 2509228660 ns, Reaching safepoint: 79007 ns, At safepoint: 19730 ns, Total: 98737 ns
[2020-02-27T08:55:25.864+0000][1][safepoint    ] Safepoint "RevokeBias", Time since last: 2511133122 ns, Reaching safepoint: 74784 ns, At safepoint: 18809 ns, Total: 93593 ns
[2020-02-27T08:55:28.380+0000][1][safepoint    ] Safepoint "RevokeBias", Time since last: 2515916628 ns, Reaching safepoint: 72878 ns, At safepoint: 19236 ns, Total: 92114 ns
[2020-02-27T08:55:30.890+0000][1][safepoint    ] Safepoint "RevokeBias", Time since last: 2509616076 ns, Reaching safepoint: 88732 ns, At safepoint: 22435 ns, Total: 111167 ns
[2020-02-27T08:55:33.399+0000][1][safepoint    ] Safepoint "RevokeBias", Time since last: 2508966208 ns, Reaching safepoint: 81585 ns, At safepoint: 60210 ns, Total: 141795 ns
[2020-02-27T08:55:35.907+0000][1][safepoint    ] Safepoint "RevokeBias", Time since last: 2508126942 ns, Reaching safepoint: 71584 ns, At safepoint: 17415 ns, Total: 88999 ns
[2020-02-27T08:55:38.414+0000][1][safepoint    ] Safepoint "RevokeBias", Time since last: 2507059559 ns, Reaching safepoint: 185409 ns, At safepoint: 22362 ns, Total: 207771 ns
[2020-02-27T08:55:40.917+0000][1][safepoint    ] Safepoint "RevokeBias", Time since last: 2502950158 ns, Reaching safepoint: 78414 ns, At safepoint: 19666 ns, Total: 98080 ns
[2020-02-27T08:55:43.421+0000][1][safepoint    ] Safepoint "RevokeBias", Time since last: 2503160349 ns, Reaching safepoint: 75368 ns, At safepoint: 18182 ns, Total: 93550 ns
[2020-02-27T08:55:45.924+0000][1][safepoint    ] Safepoint "RevokeBias", Time since last: 2503337568 ns, Reaching safepoint: 125190 ns, At safepoint: 19770 ns, Total: 144960 ns
[2020-02-27T08:55:48.430+0000][1][safepoint    ] Safepoint "RevokeBias", Time since last: 2506061038 ns, Reaching safepoint: 114469 ns, At safepoint: 28343 ns, Total: 142812 ns
[2020-02-27T08:55:50.934+0000][1][safepoint    ] Safepoint "RevokeBias", Time since last: 2503103533 ns, Reaching safepoint: 99897 ns, At safepoint: 36034 ns, Total: 135931 ns
[2020-02-27T08:55:53.438+0000][1][safepoint    ] Safepoint "RevokeBias", Time since last: 2504251109 ns, Reaching safepoint: 86825 ns, At safepoint: 20662 ns, Total: 107487 ns
[2020-02-27T08:55:55.943+0000][1][safepoint    ] Safepoint "RevokeBias", Time since last: 2505262460 ns, Reaching safepoint: 76604 ns, At safepoint: 18727 ns, Total: 95331 ns
[2020-02-27T08:55:58.447+0000][1][safepoint    ] Safepoint "BulkRevokeBias", Time since last: 2503212792 ns, Reaching safepoint: 105838 ns, At safepoint: 413509 ns, Total: 519347 ns
[2020-02-27T08:56:00.954+0000][1][safepoint    ] Safepoint "RevokeBias", Time since last: 2507184912 ns, Reaching safepoint: 89336 ns, At safepoint: 22446 ns, Total: 111782 ns
[2020-02-27T08:56:03.458+0000][1][safepoint    ] Safepoint "RevokeBias", Time since last: 2503832807 ns, Reaching safepoint: 63975 ns, At safepoint: 19252 ns, Total: 83227 ns
[2020-02-27T08:56:05.966+0000][1][safepoint    ] Safepoint "RevokeBias", Time since last: 2507483842 ns, Reaching safepoint: 75983 ns, At safepoint: 18365 ns, Total: 94348 ns
[2020-02-27T08:56:08.475+0000][1][safepoint    ] Safepoint "RevokeBias", Time since last: 2508649668 ns, Reaching safepoint: 75263 ns, At safepoint: 18234 ns, Total: 93497 ns
[2020-02-27T08:56:10.990+0000][1][safepoint    ] Safepoint "RevokeBias", Time since last: 2515210832 ns, Reaching safepoint: 97641 ns, At safepoint: 27195 ns, Total: 124836 ns
[2020-02-27T08:56:13.498+0000][1][safepoint    ] Safepoint "RevokeBias", Time since last: 2507971885 ns, Reaching safepoint: 100027 ns, At safepoint: 25938 ns, Total: 125965 ns
[2020-02-27T08:56:16.013+0000][1][safepoint    ] Safepoint "RevokeBias", Time since last: 2515069141 ns, Reaching safepoint: 233154 ns, At safepoint: 29378 ns, Total: 262532 ns
[2020-02-27T08:56:18.525+0000][1][safepoint    ] Safepoint "RevokeBias", Time since last: 2511237048 ns, Reaching safepoint: 93244 ns, At safepoint: 21601 ns, Total: 114845 ns
[2020-02-27T08:56:21.037+0000][1][safepoint    ] Safepoint "RevokeBias", Time since last: 2511769444 ns, Reaching safepoint: 73858 ns, At safepoint: 17860 ns, Total: 91718 ns
[2020-02-27T08:56:23.544+0000][1][safepoint    ] Safepoint "RevokeBias", Time since last: 2507207634 ns, Reaching safepoint: 74386 ns, At safepoint: 17867 ns, Total: 92253 ns
[2020-02-27T08:56:26.055+0000][1][safepoint    ] Safepoint "RevokeBias", Time since last: 2510716748 ns, Reaching safepoint: 74616 ns, At safepoint: 18398 ns, Total: 93014 ns
[2020-02-27T08:56:28.566+0000][1][safepoint    ] Safepoint "RevokeBias", Time since last: 2510921963 ns, Reaching safepoint: 92694 ns, At safepoint: 21450 ns, Total: 114144 ns
[2020-02-27T08:56:31.077+0000][1][safepoint    ] Safepoint "RevokeBias", Time since last: 2510895312 ns, Reaching safepoint: 121217 ns, At safepoint: 26879 ns, Total: 148096 ns
[2020-02-27T08:56:33.588+0000][1][safepoint    ] Safepoint "RevokeBias", Time since last: 2510802597 ns, Reaching safepoint: 75544 ns, At safepoint: 17292 ns, Total: 92836 ns
[2020-02-27T08:56:34.169+0000][1][gc,start     ] GC(145) Pause Young (Allocation Failure)
[2020-02-27T08:56:34.169+0000][1][gc,task      ] GC(145) Using 1 workers of 1 for evacuation
[2020-02-27T08:56:34.180+0000][1][gc,age       ] GC(145) Desired survivor size 4358144 bytes, new threshold 6 (max threshold 6)
[2020-02-27T08:56:34.180+0000][1][gc,age       ] GC(145) Age table with threshold 6 (max threshold 6)
[2020-02-27T08:56:34.180+0000][1][gc,age       ] GC(145) - age   1:      10784 bytes,      10784 total
[2020-02-27T08:56:34.180+0000][1][gc,age       ] GC(145) - age   2:        120 bytes,      10904 total
[2020-02-27T08:56:34.180+0000][1][gc,age       ] GC(145) - age   3:        264 bytes,      11168 total
[2020-02-27T08:56:34.180+0000][1][gc,age       ] GC(145) - age   5:       1208 bytes,      12376 total
[2020-02-27T08:56:34.180+0000][1][gc,age       ] GC(145) - age   6:       1176 bytes,      13552 total
[2020-02-27T08:56:34.180+0000][1][gc,heap      ] GC(145) ParNew: 68176K->25K(76672K)
[2020-02-27T08:56:34.180+0000][1][gc,heap      ] GC(145) CMS: 62520K->62520K(963392K)
[2020-02-27T08:56:34.180+0000][1][gc,metaspace ] GC(145) Metaspace: 80580K->80580K(1124352K)
[2020-02-27T08:56:34.180+0000][1][gc           ] GC(145) Pause Young (Allocation Failure) 127M->61M(1015M) 11.655ms
[2020-02-27T08:56:34.181+0000][1][gc,cpu       ] GC(145) User=0.01s Sys=0.00s Real=0.01s
[2020-02-27T08:56:34.181+0000][1][safepoint    ] Safepoint "GenCollectForAllocation", Time since last: 581081368 ns, Reaching safepoint: 82135 ns, At safepoint: 11756286 ns, Total: 11838421 ns
[2020-02-27T08:56:36.090+0000][1][safepoint    ] Safepoint "RevokeBias", Time since last: 1909667617 ns, Reaching safepoint: 77340 ns, At safepoint: 18797 ns, Total: 96137 ns
[2020-02-27T08:56:38.596+0000][1][safepoint    ] Safepoint "RevokeBias", Time since last: 2505233548 ns, Reaching safepoint: 72463 ns, At safepoint: 17965 ns, Total: 90428 ns
[2020-02-27T08:56:41.101+0000][1][safepoint    ] Safepoint "RevokeBias", Time since last: 2504881223 ns, Reaching safepoint: 91446 ns, At safepoint: 19079 ns, Total: 110525 ns
[2020-02-27T08:56:43.604+0000][1][safepoint    ] Safepoint "RevokeBias", Time since last: 2503369781 ns, Reaching safepoint: 77365 ns, At safepoint: 18628 ns, Total: 95993 ns
[2020-02-27T08:56:46.110+0000][1][safepoint    ] Safepoint "RevokeBias", Time since last: 2505395337 ns, Reaching safepoint: 115821 ns, At safepoint: 20459 ns, Total: 136280 ns
[2020-02-27T08:56:48.621+0000][1][safepoint    ] Safepoint "RevokeBias", Time since last: 2511646777 ns, Reaching safepoint: 75517 ns, At safepoint: 18736 ns, Total: 94253 ns
[2020-02-27T08:56:51.129+0000][1][safepoint    ] Safepoint "RevokeBias", Time since last: 2507883247 ns, Reaching safepoint: 162176 ns, At safepoint: 23096 ns, Total: 185272 ns
[2020-02-27T08:56:53.633+0000][1][safepoint    ] Safepoint "RevokeBias", Time since last: 2503557353 ns, Reaching safepoint: 85255 ns, At safepoint: 84551 ns, Total: 169806 ns
[2020-02-27T08:56:55.180+0000][1][safepoint    ] Safepoint "Cleanup", Time since last: 1546604861 ns, Reaching safepoint: 94740 ns, At safepoint: 9166 ns, Total: 103906 ns
[2020-02-27T08:56:56.139+0000][1][safepoint    ] Safepoint "RevokeBias", Time since last: 959087142 ns, Reaching safepoint: 129365 ns, At safepoint: 34262 ns, Total: 163627 ns
[2020-02-27T08:56:58.645+0000][1][safepoint    ] Safepoint "RevokeBias", Time since last: 2505510559 ns, Reaching safepoint: 115158 ns, At safepoint: 30289 ns, Total: 145447 ns
[2020-02-27T08:57:01.151+0000][1][safepoint    ] Safepoint "RevokeBias", Time since last: 2506278034 ns, Reaching safepoint: 180192 ns, At safepoint: 38599 ns, Total: 218791 ns
[2020-02-27T08:57:03.664+0000][1][safepoint    ] Safepoint "RevokeBias", Time since last: 2508934479 ns, Reaching safepoint: 4259823 ns, At safepoint: 27637 ns, Total: 4287460 ns
[2020-02-27T08:57:06.174+0000][1][safepoint    ] Safepoint "RevokeBias", Time since last: 2509526232 ns, Reaching safepoint: 145561 ns, At safepoint: 37476 ns, Total: 183037 ns
[2020-02-27T08:57:08.688+0000][1][safepoint    ] Safepoint "RevokeBias", Time since last: 2513279678 ns, Reaching safepoint: 72698 ns, At safepoint: 17728 ns, Total: 90426 ns
[2020-02-27T08:57:11.201+0000][1][safepoint    ] Safepoint "BulkRevokeBias", Time since last: 2512914917 ns, Reaching safepoint: 156607 ns, At safepoint: 253616 ns, Total: 410223 ns
[2020-02-27T08:57:13.720+0000][1][safepoint    ] Safepoint "RevokeBias", Time since last: 2518635287 ns, Reaching safepoint: 72601 ns, At safepoint: 17423 ns, Total: 90024 ns
[2020-02-27T08:57:16.231+0000][1][safepoint    ] Safepoint "RevokeBias", Time since last: 2511092585 ns, Reaching safepoint: 100787 ns, At safepoint: 28195 ns, Total: 128982 ns
[2020-02-27T08:57:18.753+0000][1][safepoint    ] Safepoint "RevokeBias", Time since last: 2521863365 ns, Reaching safepoint: 73203 ns, At safepoint: 18207 ns, Total: 91410 ns
[2020-02-27T08:57:21.262+0000][1][safepoint    ] Safepoint "RevokeBias", Time since last: 2508784343 ns, Reaching safepoint: 76547 ns, At safepoint: 72607 ns, Total: 149154 ns
[2020-02-27T08:57:23.781+0000][1][safepoint    ] Safepoint "RevokeBias", Time since last: 2519187188 ns, Reaching safepoint: 88610 ns, At safepoint: 18803 ns, Total: 107413 ns
[2020-02-27T08:57:26.290+0000][1][safepoint    ] Safepoint "RevokeBias", Time since last: 2508643013 ns, Reaching safepoint: 99393 ns, At safepoint: 22499 ns, Total: 121892 ns
[2020-02-27T08:57:28.797+0000][1][safepoint    ] Safepoint "RevokeBias", Time since last: 2506662943 ns, Reaching safepoint: 131693 ns, At safepoint: 34707 ns, Total: 166400 ns
[2020-02-27T08:57:31.305+0000][1][safepoint    ] Safepoint "RevokeBias", Time since last: 2508154751 ns, Reaching safepoint: 107089 ns, At safepoint: 19023 ns, Total: 126112 ns
[2020-02-27T08:57:33.808+0000][1][safepoint    ] Safepoint "RevokeBias", Time since last: 2503015967 ns, Reaching safepoint: 74127 ns, At safepoint: 17780 ns, Total: 91907 ns
[2020-02-27T08:57:36.313+0000][1][safepoint    ] Safepoint "RevokeBias", Time since last: 2504502578 ns, Reaching safepoint: 115118 ns, At safepoint: 30192 ns, Total: 145310 ns
[2020-02-27T08:57:38.818+0000][1][safepoint    ] Safepoint "RevokeBias", Time since last: 2505379569 ns, Reaching safepoint: 75292 ns, At safepoint: 18215 ns, Total: 93507 ns
[2020-02-27T08:57:41.324+0000][1][safepoint    ] Safepoint "RevokeBias", Time since last: 2505877261 ns, Reaching safepoint: 79809 ns, At safepoint: 19272 ns, Total: 99081 ns
[2020-02-27T08:57:43.827+0000][1][safepoint    ] Safepoint "RevokeBias", Time since last: 2503107180 ns, Reaching safepoint: 74839 ns, At safepoint: 18368 ns, Total: 93207 ns
[2020-02-27T08:57:46.333+0000][1][safepoint    ] Safepoint "RevokeBias", Time since last: 2505168563 ns, Reaching safepoint: 145822 ns, At safepoint: 33594 ns, Total: 179416 ns
[2020-02-27T08:57:48.840+0000][1][safepoint    ] Safepoint "RevokeBias", Time since last: 2507270591 ns, Reaching safepoint: 97570 ns, At safepoint: 26143 ns, Total: 123713 ns
[2020-02-27T08:57:51.346+0000][1][safepoint    ] Safepoint "RevokeBias", Time since last: 2506223192 ns, Reaching safepoint: 135211 ns, At safepoint: 24191 ns, Total: 159402 ns
[2020-02-27T08:57:53.850+0000][1][safepoint    ] Safepoint "RevokeBias", Time since last: 2503258311 ns, Reaching safepoint: 230284 ns, At safepoint: 40074 ns, Total: 270358 ns
[2020-02-27T08:57:56.383+0000][1][safepoint    ] Safepoint "RevokeBias", Time since last: 2532717995 ns, Reaching safepoint: 130273 ns, At safepoint: 33815 ns, Total: 164088 ns
[2020-02-27T08:57:58.900+0000][1][safepoint    ] Safepoint "RevokeBias", Time since last: 2516823796 ns, Reaching safepoint: 77401 ns, At safepoint: 18825 ns, Total: 96226 ns
[2020-02-27T08:58:01.410+0000][1][safepoint    ] Safepoint "RevokeBias", Time since last: 2510011181 ns, Reaching safepoint: 76687 ns, At safepoint: 18601 ns, Total: 95288 ns
[2020-02-27T08:58:03.919+0000][1][safepoint    ] Safepoint "RevokeBias", Time since last: 2509330280 ns, Reaching safepoint: 91966 ns, At safepoint: 25460 ns, Total: 117426 ns
[2020-02-27T08:58:06.437+0000][1][safepoint    ] Safepoint "RevokeBias", Time since last: 2518066328 ns, Reaching safepoint: 83169 ns, At safepoint: 20730 ns, Total: 103899 ns
[2020-02-27T08:58:08.953+0000][1][safepoint    ] Safepoint "RevokeBias", Time since last: 2515436919 ns, Reaching safepoint: 74023 ns, At safepoint: 17783 ns, Total: 91806 ns
[2020-02-27T08:58:11.469+0000][1][safepoint    ] Safepoint "RevokeBias", Time since last: 2515520180 ns, Reaching safepoint: 98032 ns, At safepoint: 28234 ns, Total: 126266 ns
[2020-02-27T08:58:13.979+0000][1][safepoint    ] Safepoint "RevokeBias", Time since last: 2510699491 ns, Reaching safepoint: 77566 ns, At safepoint: 18804 ns, Total: 96370 ns
[2020-02-27T08:58:16.494+0000][1][safepoint    ] Safepoint "RevokeBias", Time since last: 2514712724 ns, Reaching safepoint: 54650 ns, At safepoint: 16669 ns, Total: 71319 ns
[2020-02-27T08:58:19.004+0000][1][safepoint    ] Safepoint "RevokeBias", Time since last: 2510097238 ns, Reaching safepoint: 76255 ns, At safepoint: 18578 ns, Total: 94833 ns
[2020-02-27T08:58:21.509+0000][1][safepoint    ] Safepoint "RevokeBias", Time since last: 2504709851 ns, Reaching safepoint: 71115 ns, At safepoint: 17645 ns, Total: 88760 ns
[2020-02-27T08:58:24.012+0000][1][safepoint    ] Safepoint "BulkRevokeBias", Time since last: 2502860228 ns, Reaching safepoint: 87431 ns, At safepoint: 225643 ns, Total: 313074 ns
[2020-02-27T08:58:26.518+0000][1][safepoint    ] Safepoint "RevokeBias", Time since last: 2505392018 ns, Reaching safepoint: 95931 ns, At safepoint: 22379 ns, Total: 118310 ns
[2020-02-27T08:58:29.150+0000][1][safepoint    ] Safepoint "RevokeBias", Time since last: 2632301720 ns, Reaching safepoint: 95976 ns, At safepoint: 22621 ns, Total: 118597 ns
[2020-02-27T08:58:31.654+0000][1][safepoint    ] Safepoint "RevokeBias", Time since last: 2503585494 ns, Reaching safepoint: 61341 ns, At safepoint: 17947 ns, Total: 79288 ns
[2020-02-27T08:58:34.157+0000][1][safepoint    ] Safepoint "RevokeBias", Time since last: 2503313982 ns, Reaching safepoint: 77981 ns, At safepoint: 19708 ns, Total: 97689 ns
[2020-02-27T08:58:36.662+0000][1][safepoint    ] Safepoint "RevokeBias", Time since last: 2504142427 ns, Reaching safepoint: 77045 ns, At safepoint: 18501 ns, Total: 95546 ns
[2020-02-27T08:58:39.168+0000][1][safepoint    ] Safepoint "RevokeBias", Time since last: 2506045136 ns, Reaching safepoint: 74000 ns, At safepoint: 18009 ns, Total: 92009 ns
[2020-02-27T08:58:41.673+0000][1][safepoint    ] Safepoint "RevokeBias", Time since last: 2505182840 ns, Reaching safepoint: 122678 ns, At safepoint: 20078 ns, Total: 142756 ns
[2020-02-27T08:58:44.178+0000][1][safepoint    ] Safepoint "RevokeBias", Time since last: 2504332629 ns, Reaching safepoint: 76226 ns, At safepoint: 19244 ns, Total: 95470 ns
[2020-02-27T08:58:46.685+0000][1][safepoint    ] Safepoint "RevokeBias", Time since last: 2506898586 ns, Reaching safepoint: 77449 ns, At safepoint: 19385 ns, Total: 96834 ns
[2020-02-27T08:58:49.190+0000][1][safepoint    ] Safepoint "RevokeBias", Time since last: 2505529236 ns, Reaching safepoint: 154635 ns, At safepoint: 39433 ns, Total: 194068 ns
[2020-02-27T08:58:51.696+0000][1][gc,start     ] GC(146) Pause Young (Allocation Failure)
[2020-02-27T08:58:51.696+0000][1][gc,task      ] GC(146) Using 1 workers of 1 for evacuation
[2020-02-27T08:58:51.705+0000][1][gc,age       ] GC(146) Desired survivor size 4358144 bytes, new threshold 6 (max threshold 6)
[2020-02-27T08:58:51.705+0000][1][gc,age       ] GC(146) Age table with threshold 6 (max threshold 6)
[2020-02-27T08:58:51.705+0000][1][gc,age       ] GC(146) - age   1:      45984 bytes,      45984 total
[2020-02-27T08:58:51.705+0000][1][gc,age       ] GC(146) - age   3:        120 bytes,      46104 total
[2020-02-27T08:58:51.705+0000][1][gc,age       ] GC(146) - age   4:        264 bytes,      46368 total
[2020-02-27T08:58:51.705+0000][1][gc,age       ] GC(146) - age   6:       1208 bytes,      47576 total
[2020-02-27T08:58:51.705+0000][1][gc,heap      ] GC(146) ParNew: 68185K->48K(76672K)
[2020-02-27T08:58:51.705+0000][1][gc,heap      ] GC(146) CMS: 62520K->62521K(963392K)
[2020-02-27T08:58:51.705+0000][1][gc,metaspace ] GC(146) Metaspace: 80580K->80580K(1124352K)
[2020-02-27T08:58:51.705+0000][1][gc           ] GC(146) Pause Young (Allocation Failure) 127M->61M(1015M) 9.027ms
[2020-02-27T08:58:51.705+0000][1][gc,cpu       ] GC(146) User=0.01s Sys=0.00s Real=0.01s
[2020-02-27T08:58:51.705+0000][1][safepoint    ] Safepoint "GenCollectForAllocation", Time since last: 2505574277 ns, Reaching safepoint: 82882 ns, At safepoint: 9075944 ns, Total: 9158826 ns
[2020-02-27T08:58:51.706+0000][1][safepoint    ] Safepoint "RevokeBias", Time since last: 599226 ns, Reaching safepoint: 49738 ns, At safepoint: 15923 ns, Total: 65661 ns
[2020-02-27T08:58:54.209+0000][1][safepoint    ] Safepoint "RevokeBias", Time since last: 2502968073 ns, Reaching safepoint: 76088 ns, At safepoint: 19150 ns, Total: 95238 ns
[2020-02-27T08:58:56.715+0000][1][safepoint    ] Safepoint "RevokeBias", Time since last: 2505932556 ns, Reaching safepoint: 93955 ns, At safepoint: 21916 ns, Total: 115871 ns
[2020-02-27T08:58:59.232+0000][1][safepoint    ] Safepoint "RevokeBias", Time since last: 2516788811 ns, Reaching safepoint: 188463 ns, At safepoint: 40358 ns, Total: 228821 ns
[2020-02-27T08:59:01.743+0000][1][safepoint    ] Safepoint "RevokeBias", Time since last: 2511298726 ns, Reaching safepoint: 78808 ns, At safepoint: 19651 ns, Total: 98459 ns
[2020-02-27T08:59:04.254+0000][1][safepoint    ] Safepoint "RevokeBias", Time since last: 2510852018 ns, Reaching safepoint: 84692 ns, At safepoint: 21895 ns, Total: 106587 ns
[2020-02-27T08:59:06.762+0000][1][safepoint    ] Safepoint "RevokeBias", Time since last: 2507752917 ns, Reaching safepoint: 87381 ns, At safepoint: 69614 ns, Total: 156995 ns
[2020-02-27T08:59:09.271+0000][1][safepoint    ] Safepoint "RevokeBias", Time since last: 2509068363 ns, Reaching safepoint: 133214 ns, At safepoint: 26445 ns, Total: 159659 ns
[2020-02-27T08:59:11.786+0000][1][safepoint    ] Safepoint "RevokeBias", Time since last: 2514854769 ns, Reaching safepoint: 168035 ns, At safepoint: 34679 ns, Total: 202714 ns
[2020-02-27T08:59:14.297+0000][1][safepoint    ] Safepoint "RevokeBias", Time since last: 2510838654 ns, Reaching safepoint: 161704 ns, At safepoint: 29566 ns, Total: 191270 ns
[2020-02-27T08:59:16.810+0000][1][safepoint    ] Safepoint "RevokeBias", Time since last: 2512898785 ns, Reaching safepoint: 160584 ns, At safepoint: 20772 ns, Total: 181356 ns
[2020-02-27T08:59:19.326+0000][1][safepoint    ] Safepoint "RevokeBias", Time since last: 2515427042 ns, Reaching safepoint: 72448 ns, At safepoint: 17713 ns, Total: 90161 ns
[2020-02-27T08:59:21.839+0000][1][safepoint    ] Safepoint "RevokeBias", Time since last: 2512851688 ns, Reaching safepoint: 71572 ns, At safepoint: 18441 ns, Total: 90013 ns
[2020-02-27T08:59:24.343+0000][1][safepoint    ] Safepoint "RevokeBias", Time since last: 2504251056 ns, Reaching safepoint: 55887 ns, At safepoint: 16052 ns, Total: 71939 ns
[2020-02-27T08:59:26.849+0000][1][safepoint    ] Safepoint "RevokeBias", Time since last: 2505413469 ns, Reaching safepoint: 156100 ns, At safepoint: 26507 ns, Total: 182607 ns
[2020-02-27T08:59:29.353+0000][1][safepoint    ] Safepoint "RevokeBias", Time since last: 2504455555 ns, Reaching safepoint: 63290 ns, At safepoint: 19275 ns, Total: 82565 ns
[2020-02-27T08:59:31.890+0000][1][safepoint    ] Safepoint "RevokeBias", Time since last: 2536306975 ns, Reaching safepoint: 134438 ns, At safepoint: 37519 ns, Total: 171957 ns
[2020-02-27T08:59:34.399+0000][1][safepoint    ] Safepoint "RevokeBias", Time since last: 2508972930 ns, Reaching safepoint: 91014 ns, At safepoint: 23313 ns, Total: 114327 ns
[2020-02-27T08:59:36.906+0000][1][safepoint    ] Safepoint "BulkRevokeBias", Time since last: 2506624454 ns, Reaching safepoint: 97158 ns, At safepoint: 287922 ns, Total: 385080 ns
[2020-02-27T08:59:39.410+0000][1][safepoint    ] Safepoint "RevokeBias", Time since last: 2503692321 ns, Reaching safepoint: 129215 ns, At safepoint: 23833 ns, Total: 153048 ns
[2020-02-27T08:59:41.917+0000][1][safepoint    ] Safepoint "RevokeBias", Time since last: 2506686839 ns, Reaching safepoint: 64630 ns, At safepoint: 18025 ns, Total: 82655 ns
[2020-02-27T08:59:44.420+0000][1][safepoint    ] Safepoint "RevokeBias", Time since last: 2503544982 ns, Reaching safepoint: 78785 ns, At safepoint: 19540 ns, Total: 98325 ns
[2020-02-27T08:59:46.927+0000][1][safepoint    ] Safepoint "RevokeBias", Time since last: 2506250551 ns, Reaching safepoint: 466443 ns, At safepoint: 60998 ns, Total: 527441 ns
[2020-02-27T08:59:49.452+0000][1][safepoint    ] Safepoint "RevokeBias", Time since last: 2524917949 ns, Reaching safepoint: 176102 ns, At safepoint: 36969 ns, Total: 213071 ns
[2020-02-27T08:59:51.965+0000][1][safepoint    ] Safepoint "RevokeBias", Time since last: 2512265044 ns, Reaching safepoint: 114280 ns, At safepoint: 214069 ns, Total: 328349 ns
[2020-02-27T08:59:54.474+0000][1][safepoint    ] Safepoint "RevokeBias", Time since last: 2509439357 ns, Reaching safepoint: 105927 ns, At safepoint: 18411 ns, Total: 124338 ns
[2020-02-27T08:59:56.990+0000][1][safepoint    ] Safepoint "RevokeBias", Time since last: 2515833796 ns, Reaching safepoint: 114122 ns, At safepoint: 23513 ns, Total: 137635 ns
[2020-02-27T08:59:59.500+0000][1][safepoint    ] Safepoint "RevokeBias", Time since last: 2509299765 ns, Reaching safepoint: 74913 ns, At safepoint: 18293 ns, Total: 93206 ns
[2020-02-27T09:00:02.011+0000][1][safepoint    ] Safepoint "RevokeBias", Time since last: 2511568430 ns, Reaching safepoint: 77784 ns, At safepoint: 17863 ns, Total: 95647 ns
[2020-02-27T09:00:04.519+0000][1][safepoint    ] Safepoint "RevokeBias", Time since last: 2507895573 ns, Reaching safepoint: 80282 ns, At safepoint: 20417 ns, Total: 100699 ns
[2020-02-27T09:00:07.037+0000][1][safepoint    ] Safepoint "RevokeBias", Time since last: 2517440394 ns, Reaching safepoint: 77405 ns, At safepoint: 18130 ns, Total: 95535 ns
[2020-02-27T09:00:09.543+0000][1][safepoint    ] Safepoint "RevokeBias", Time since last: 2505928314 ns, Reaching safepoint: 75742 ns, At safepoint: 18521 ns, Total: 94263 ns
[2020-02-27T09:00:12.050+0000][1][safepoint    ] Safepoint "RevokeBias", Time since last: 2506448693 ns, Reaching safepoint: 164551 ns, At safepoint: 56341 ns, Total: 220892 ns
[2020-02-27T09:00:14.553+0000][1][safepoint    ] Safepoint "RevokeBias", Time since last: 2502915819 ns, Reaching safepoint: 152949 ns, At safepoint: 51524 ns, Total: 204473 ns
[2020-02-27T09:00:17.059+0000][1][safepoint    ] Safepoint "RevokeBias", Time since last: 2505993815 ns, Reaching safepoint: 75478 ns, At safepoint: 18180 ns, Total: 93658 ns
[2020-02-27T09:00:19.563+0000][1][safepoint    ] Safepoint "RevokeBias", Time since last: 2503998424 ns, Reaching safepoint: 74548 ns, At safepoint: 18419 ns, Total: 92967 ns
[2020-02-27T09:00:22.069+0000][1][safepoint    ] Safepoint "RevokeBias", Time since last: 2506308863 ns, Reaching safepoint: 76536 ns, At safepoint: 18759 ns, Total: 95295 ns
[2020-02-27T09:00:24.573+0000][1][safepoint    ] Safepoint "RevokeBias", Time since last: 2503804009 ns, Reaching safepoint: 80714 ns, At safepoint: 20545 ns, Total: 101259 ns
[2020-02-27T09:00:27.081+0000][1][safepoint    ] Safepoint "RevokeBias", Time since last: 2507616980 ns, Reaching safepoint: 121907 ns, At safepoint: 30750 ns, Total: 152657 ns
[2020-02-27T09:00:29.585+0000][1][safepoint    ] Safepoint "RevokeBias", Time since last: 2503968099 ns, Reaching safepoint: 104085 ns, At safepoint: 28623 ns, Total: 132708 ns
[2020-02-27T09:00:32.092+0000][1][safepoint    ] Safepoint "RevokeBias", Time since last: 2506502063 ns, Reaching safepoint: 104948 ns, At safepoint: 29808 ns, Total: 134756 ns
[2020-02-27T09:00:34.596+0000][1][safepoint    ] Safepoint "RevokeBias", Time since last: 2503781217 ns, Reaching safepoint: 112357 ns, At safepoint: 19743 ns, Total: 132100 ns
[2020-02-27T09:00:37.100+0000][1][safepoint    ] Safepoint "RevokeBias", Time since last: 2504469684 ns, Reaching safepoint: 57485 ns, At safepoint: 15856 ns, Total: 73341 ns
[2020-02-27T09:00:39.608+0000][1][safepoint    ] Safepoint "RevokeBias", Time since last: 2507700118 ns, Reaching safepoint: 78052 ns, At safepoint: 20179 ns, Total: 98231 ns
[2020-02-27T09:00:42.119+0000][1][safepoint    ] Safepoint "RevokeBias", Time since last: 2510918691 ns, Reaching safepoint: 83681 ns, At safepoint: 19312 ns, Total: 102993 ns
[2020-02-27T09:00:44.639+0000][1][safepoint    ] Safepoint "RevokeBias", Time since last: 2519735734 ns, Reaching safepoint: 58278 ns, At safepoint: 16915 ns, Total: 75193 ns
[2020-02-27T09:00:47.149+0000][1][safepoint    ] Safepoint "RevokeBias", Time since last: 2510569691 ns, Reaching safepoint: 90171 ns, At safepoint: 20290 ns, Total: 110461 ns
[2020-02-27T09:00:49.664+0000][1][safepoint    ] Safepoint "BulkRevokeBias", Time since last: 2514461550 ns, Reaching safepoint: 97035 ns, At safepoint: 402173 ns, Total: 499208 ns
[2020-02-27T09:00:52.180+0000][1][safepoint    ] Safepoint "RevokeBias", Time since last: 2515755837 ns, Reaching safepoint: 76989 ns, At safepoint: 17325 ns, Total: 94314 ns
[2020-02-27T09:00:54.699+0000][1][safepoint    ] Safepoint "RevokeBias", Time since last: 2519132509 ns, Reaching safepoint: 92676 ns, At safepoint: 24256 ns, Total: 116932 ns
[2020-02-27T09:00:57.216+0000][1][safepoint    ] Safepoint "RevokeBias", Time since last: 2515937901 ns, Reaching safepoint: 130010 ns, At safepoint: 33354 ns, Total: 163364 ns
[2020-02-27T09:00:59.720+0000][1][safepoint    ] Safepoint "RevokeBias", Time since last: 2504316986 ns, Reaching safepoint: 75609 ns, At safepoint: 18932 ns, Total: 94541 ns
[2020-02-27T09:01:02.226+0000][1][safepoint    ] Safepoint "RevokeBias", Time since last: 2506277097 ns, Reaching safepoint: 75095 ns, At safepoint: 17558 ns, Total: 92653 ns
[2020-02-27T09:01:04.730+0000][1][safepoint    ] Safepoint "RevokeBias", Time since last: 2503169727 ns, Reaching safepoint: 75730 ns, At safepoint: 18591 ns, Total: 94321 ns
[2020-02-27T09:01:07.234+0000][1][safepoint    ] Safepoint "RevokeBias", Time since last: 2504066956 ns, Reaching safepoint: 136494 ns, At safepoint: 47341 ns, Total: 183835 ns
[2020-02-27T09:01:08.881+0000][1][gc,start     ] GC(147) Pause Young (Allocation Failure)
[2020-02-27T09:01:08.881+0000][1][gc,task      ] GC(147) Using 1 workers of 1 for evacuation
[2020-02-27T09:01:08.894+0000][1][gc,age       ] GC(147) Desired survivor size 4358144 bytes, new threshold 6 (max threshold 6)
[2020-02-27T09:01:08.894+0000][1][gc,age       ] GC(147) Age table with threshold 6 (max threshold 6)
[2020-02-27T09:01:08.894+0000][1][gc,age       ] GC(147) - age   1:      11832 bytes,      11832 total
[2020-02-27T09:01:08.894+0000][1][gc,age       ] GC(147) - age   4:        120 bytes,      11952 total
[2020-02-27T09:01:08.894+0000][1][gc,age       ] GC(147) - age   5:         32 bytes,      11984 total
[2020-02-27T09:01:08.894+0000][1][gc,heap      ] GC(147) ParNew: 68208K->36K(76672K)
[2020-02-27T09:01:08.894+0000][1][gc,heap      ] GC(147) CMS: 62521K->62522K(963392K)
[2020-02-27T09:01:08.894+0000][1][gc,metaspace ] GC(147) Metaspace: 80580K->80580K(1124352K)
[2020-02-27T09:01:08.894+0000][1][gc           ] GC(147) Pause Young (Allocation Failure) 127M->61M(1015M) 13.319ms
[2020-02-27T09:01:08.894+0000][1][gc,cpu       ] GC(147) User=0.01s Sys=0.00s Real=0.02s
[2020-02-27T09:01:08.894+0000][1][safepoint    ] Safepoint "GenCollectForAllocation", Time since last: 1646675508 ns, Reaching safepoint: 94902 ns, At safepoint: 13402208 ns, Total: 13497110 ns
[2020-02-27T09:01:09.739+0000][1][safepoint    ] Safepoint "RevokeBias", Time since last: 844752204 ns, Reaching safepoint: 104075 ns, At safepoint: 17074 ns, Total: 121149 ns
[2020-02-27T09:01:12.245+0000][1][safepoint    ] Safepoint "RevokeBias", Time since last: 2505856398 ns, Reaching safepoint: 77082 ns, At safepoint: 17738 ns, Total: 94820 ns
[2020-02-27T09:01:14.747+0000][1][safepoint    ] Safepoint "RevokeBias", Time since last: 2502293382 ns, Reaching safepoint: 129592 ns, At safepoint: 19599 ns, Total: 149191 ns
[2020-02-27T09:01:17.253+0000][1][safepoint    ] Safepoint "RevokeBias", Time since last: 2505106092 ns, Reaching safepoint: 154426 ns, At safepoint: 43274 ns, Total: 197700 ns
[2020-02-27T09:01:19.756+0000][1][safepoint    ] Safepoint "RevokeBias", Time since last: 2503401332 ns, Reaching safepoint: 85411 ns, At safepoint: 21394 ns, Total: 106805 ns
[2020-02-27T09:01:22.261+0000][1][safepoint    ] Safepoint "RevokeBias", Time since last: 2504734448 ns, Reaching safepoint: 111771 ns, At safepoint: 25922 ns, Total: 137693 ns
[2020-02-27T09:01:24.766+0000][1][safepoint    ] Safepoint "RevokeBias", Time since last: 2504463663 ns, Reaching safepoint: 76379 ns, At safepoint: 18215 ns, Total: 94594 ns
[2020-02-27T09:01:27.272+0000][1][safepoint    ] Safepoint "RevokeBias", Time since last: 2505992464 ns, Reaching safepoint: 75596 ns, At safepoint: 18204 ns, Total: 93800 ns
[2020-02-27T09:01:29.776+0000][1][safepoint    ] Safepoint "RevokeBias", Time since last: 2503942889 ns, Reaching safepoint: 74527 ns, At safepoint: 17564 ns, Total: 92091 ns
[2020-02-27T09:01:32.282+0000][1][safepoint    ] Safepoint "RevokeBias", Time since last: 2506441702 ns, Reaching safepoint: 73336 ns, At safepoint: 17847 ns, Total: 91183 ns
[2020-02-27T09:01:34.785+0000][1][safepoint    ] Safepoint "RevokeBias", Time since last: 2503008844 ns, Reaching safepoint: 70618 ns, At safepoint: 17967 ns, Total: 88585 ns
[2020-02-27T09:01:37.288+0000][1][safepoint    ] Safepoint "RevokeBias", Time since last: 2502221087 ns, Reaching safepoint: 73834 ns, At safepoint: 18205 ns, Total: 92039 ns
[2020-02-27T09:01:39.793+0000][1][safepoint    ] Safepoint "RevokeBias", Time since last: 2504893467 ns, Reaching safepoint: 57591 ns, At safepoint: 17022 ns, Total: 74613 ns
[2020-02-27T09:01:42.309+0000][1][safepoint    ] Safepoint "RevokeBias", Time since last: 2515927474 ns, Reaching safepoint: 74580 ns, At safepoint: 18982 ns, Total: 93562 ns
[2020-02-27T09:01:44.817+0000][1][safepoint    ] Safepoint "RevokeBias", Time since last: 2508274456 ns, Reaching safepoint: 75494 ns, At safepoint: 17736 ns, Total: 93230 ns
[2020-02-27T09:01:47.333+0000][1][safepoint    ] Safepoint "RevokeBias", Time since last: 2516202055 ns, Reaching safepoint: 197613 ns, At safepoint: 54936 ns, Total: 252549 ns
[2020-02-27T09:01:49.840+0000][1][safepoint    ] Safepoint "RevokeBias", Time since last: 2506514768 ns, Reaching safepoint: 73196 ns, At safepoint: 18175 ns, Total: 91371 ns
[2020-02-27T09:01:52.352+0000][1][safepoint    ] Safepoint "RevokeBias", Time since last: 2511548265 ns, Reaching safepoint: 91487 ns, At safepoint: 21506 ns, Total: 112993 ns
[2020-02-27T09:01:53.353+0000][1][safepoint    ] Safepoint "Cleanup", Time since last: 1001005507 ns, Reaching safepoint: 103833 ns, At safepoint: 8500 ns, Total: 112333 ns
[2020-02-27T09:01:54.865+0000][1][safepoint    ] Safepoint "RevokeBias", Time since last: 1512050305 ns, Reaching safepoint: 123370 ns, At safepoint: 32524 ns, Total: 155894 ns
[2020-02-27T09:01:55.872+0000][1][safepoint    ] Safepoint "Cleanup", Time since last: 1006995918 ns, Reaching safepoint: 95828 ns, At safepoint: 9746 ns, Total: 105574 ns
[2020-02-27T09:01:57.394+0000][1][safepoint    ] Safepoint "RevokeBias", Time since last: 1521530309 ns, Reaching safepoint: 74692 ns, At safepoint: 17734 ns, Total: 92426 ns
[2020-02-27T09:01:59.908+0000][1][safepoint    ] Safepoint "RevokeBias", Time since last: 2514444619 ns, Reaching safepoint: 76635 ns, At safepoint: 18383 ns, Total: 95018 ns
[2020-02-27T09:02:02.420+0000][1][safepoint    ] Safepoint "BulkRevokeBias", Time since last: 2511260812 ns, Reaching safepoint: 106462 ns, At safepoint: 415275 ns, Total: 521737 ns
[2020-02-27T09:02:04.928+0000][1][safepoint    ] Safepoint "RevokeBias", Time since last: 2507969362 ns, Reaching safepoint: 92505 ns, At safepoint: 23715 ns, Total: 116220 ns
[2020-02-27T09:02:07.431+0000][1][safepoint    ] Safepoint "RevokeBias", Time since last: 2503235673 ns, Reaching safepoint: 75859 ns, At safepoint: 18100 ns, Total: 93959 ns
[2020-02-27T09:02:09.936+0000][1][safepoint    ] Safepoint "RevokeBias", Time since last: 2504473392 ns, Reaching safepoint: 131305 ns, At safepoint: 29142 ns, Total: 160447 ns
[2020-02-27T09:02:12.442+0000][1][safepoint    ] Safepoint "RevokeBias", Time since last: 2505738338 ns, Reaching safepoint: 75421 ns, At safepoint: 18385 ns, Total: 93806 ns
[2020-02-27T09:02:14.950+0000][1][safepoint    ] Safepoint "RevokeBias", Time since last: 2506499917 ns, Reaching safepoint: 1521165 ns, At safepoint: 33194 ns, Total: 1554359 ns
[2020-02-27T09:02:17.455+0000][1][safepoint    ] Safepoint "RevokeBias", Time since last: 2505176096 ns, Reaching safepoint: 86368 ns, At safepoint: 21716 ns, Total: 108084 ns
[2020-02-27T09:02:19.973+0000][1][safepoint    ] Safepoint "RevokeBias", Time since last: 2515120481 ns, Reaching safepoint: 2656457 ns, At safepoint: 26194 ns, Total: 2682651 ns
[2020-02-27T09:02:22.477+0000][1][safepoint    ] Safepoint "RevokeBias", Time since last: 2503554168 ns, Reaching safepoint: 116175 ns, At safepoint: 29414 ns, Total: 145589 ns
[2020-02-27T09:02:24.981+0000][1][safepoint    ] Safepoint "RevokeBias", Time since last: 2504457230 ns, Reaching safepoint: 75633 ns, At safepoint: 18110 ns, Total: 93743 ns
[2020-02-27T09:02:27.489+0000][1][safepoint    ] Safepoint "RevokeBias", Time since last: 2507099536 ns, Reaching safepoint: 139110 ns, At safepoint: 28826 ns, Total: 167936 ns
[2020-02-27T09:02:29.993+0000][1][safepoint    ] Safepoint "RevokeBias", Time since last: 2504180436 ns, Reaching safepoint: 114650 ns, At safepoint: 19632 ns, Total: 134282 ns
[2020-02-27T09:02:32.499+0000][1][safepoint    ] Safepoint "RevokeBias", Time since last: 2505803377 ns, Reaching safepoint: 89489 ns, At safepoint: 21545 ns, Total: 111034 ns
[2020-02-27T09:02:35.139+0000][1][safepoint    ] Safepoint "RevokeBias", Time since last: 2640520284 ns, Reaching safepoint: 103448 ns, At safepoint: 21442 ns, Total: 124890 ns
[2020-02-27T09:02:37.643+0000][1][safepoint    ] Safepoint "RevokeBias", Time since last: 2503160615 ns, Reaching safepoint: 108270 ns, At safepoint: 32838 ns, Total: 141108 ns
[2020-02-27T09:02:40.148+0000][1][safepoint    ] Safepoint "RevokeBias", Time since last: 2505299860 ns, Reaching safepoint: 76399 ns, At safepoint: 19089 ns, Total: 95488 ns
[2020-02-27T09:02:42.655+0000][1][safepoint    ] Safepoint "RevokeBias", Time since last: 2506275721 ns, Reaching safepoint: 75454 ns, At safepoint: 18938 ns, Total: 94392 ns
[2020-02-27T09:02:45.158+0000][1][safepoint    ] Safepoint "RevokeBias", Time since last: 2503209173 ns, Reaching safepoint: 87510 ns, At safepoint: 21314 ns, Total: 108824 ns
[2020-02-27T09:02:47.664+0000][1][safepoint    ] Safepoint "RevokeBias", Time since last: 2505924086 ns, Reaching safepoint: 103496 ns, At safepoint: 38894 ns, Total: 142390 ns
[2020-02-27T09:02:50.167+0000][1][safepoint    ] Safepoint "RevokeBias", Time since last: 2503361981 ns, Reaching safepoint: 75325 ns, At safepoint: 18397 ns, Total: 93722 ns
[2020-02-27T09:02:52.672+0000][1][safepoint    ] Safepoint "RevokeBias", Time since last: 2504501312 ns, Reaching safepoint: 103038 ns, At safepoint: 21030 ns, Total: 124068 ns
[2020-02-27T09:02:55.176+0000][1][safepoint    ] Safepoint "RevokeBias", Time since last: 2503513638 ns, Reaching safepoint: 76095 ns, At safepoint: 18528 ns, Total: 94623 ns
[2020-02-27T09:02:57.681+0000][1][safepoint    ] Safepoint "RevokeBias", Time since last: 2505038924 ns, Reaching safepoint: 77155 ns, At safepoint: 19036 ns, Total: 96191 ns
[2020-02-27T09:03:00.199+0000][1][safepoint    ] Safepoint "RevokeBias", Time since last: 2518255118 ns, Reaching safepoint: 299767 ns, At safepoint: 32166 ns, Total: 331933 ns
[2020-02-27T09:03:02.709+0000][1][safepoint    ] Safepoint "RevokeBias", Time since last: 2509646257 ns, Reaching safepoint: 93801 ns, At safepoint: 21249 ns, Total: 115050 ns
[2020-02-27T09:03:05.222+0000][1][safepoint    ] Safepoint "RevokeBias", Time since last: 2513074929 ns, Reaching safepoint: 206914 ns, At safepoint: 54870 ns, Total: 261784 ns
[2020-02-27T09:03:07.731+0000][1][safepoint    ] Safepoint "RevokeBias", Time since last: 2508612633 ns, Reaching safepoint: 77668 ns, At safepoint: 18468 ns, Total: 96136 ns
[2020-02-27T09:03:10.241+0000][1][safepoint    ] Safepoint "RevokeBias", Time since last: 2509312915 ns, Reaching safepoint: 55117 ns, At safepoint: 16126 ns, Total: 71243 ns
[2020-02-27T09:03:12.755+0000][1][safepoint    ] Safepoint "RevokeBias", Time since last: 2514147678 ns, Reaching safepoint: 165973 ns, At safepoint: 29760 ns, Total: 195733 ns
[2020-02-27T09:03:15.276+0000][1][safepoint    ] Safepoint "BulkRevokeBias", Time since last: 2520380142 ns, Reaching safepoint: 175017 ns, At safepoint: 241723 ns, Total: 416740 ns
[2020-02-27T09:03:17.783+0000][1][safepoint    ] Safepoint "RevokeBias", Time since last: 2507674872 ns, Reaching safepoint: 76329 ns, At safepoint: 17738 ns, Total: 94067 ns
[2020-02-27T09:03:20.302+0000][1][safepoint    ] Safepoint "RevokeBias", Time since last: 2518869790 ns, Reaching safepoint: 61427 ns, At safepoint: 17101 ns, Total: 78528 ns
[2020-02-27T09:03:22.814+0000][1][safepoint    ] Safepoint "RevokeBias", Time since last: 2511871058 ns, Reaching safepoint: 114349 ns, At safepoint: 28309 ns, Total: 142658 ns
[2020-02-27T09:03:24.376+0000][1][gc,start     ] GC(148) Pause Young (Allocation Failure)
[2020-02-27T09:03:24.377+0000][1][gc,task      ] GC(148) Using 1 workers of 1 for evacuation
[2020-02-27T09:03:24.388+0000][1][gc,age       ] GC(148) Desired survivor size 4358144 bytes, new threshold 6 (max threshold 6)
[2020-02-27T09:03:24.388+0000][1][gc,age       ] GC(148) Age table with threshold 6 (max threshold 6)
[2020-02-27T09:03:24.388+0000][1][gc,age       ] GC(148) - age   1:      10904 bytes,      10904 total
[2020-02-27T09:03:24.388+0000][1][gc,age       ] GC(148) - age   2:        264 bytes,      11168 total
[2020-02-27T09:03:24.388+0000][1][gc,age       ] GC(148) - age   6:         32 bytes,      11200 total
[2020-02-27T09:03:24.388+0000][1][gc,heap      ] GC(148) ParNew: 68173K->12K(76672K)
[2020-02-27T09:03:24.388+0000][1][gc,heap      ] GC(148) CMS: 62522K->62522K(963392K)
[2020-02-27T09:03:24.388+0000][1][gc,metaspace ] GC(148) Metaspace: 80580K->80580K(1124352K)
[2020-02-27T09:03:24.388+0000][1][gc           ] GC(148) Pause Young (Allocation Failure) 127M->61M(1015M) 11.518ms
[2020-02-27T09:03:24.388+0000][1][gc,cpu       ] GC(148) User=0.01s Sys=0.00s Real=0.01s
[2020-02-27T09:03:24.388+0000][1][safepoint    ] Safepoint "GenCollectForAllocation", Time since last: 1561891859 ns, Reaching safepoint: 80727 ns, At safepoint: 11619579 ns, Total: 11700306 ns
[2020-02-27T09:03:25.324+0000][1][safepoint    ] Safepoint "RevokeBias", Time since last: 936369387 ns, Reaching safepoint: 79504 ns, At safepoint: 19391 ns, Total: 98895 ns
[2020-02-27T09:03:27.834+0000][1][safepoint    ] Safepoint "RevokeBias", Time since last: 2509480097 ns, Reaching safepoint: 116041 ns, At safepoint: 29895 ns, Total: 145936 ns
[2020-02-27T09:03:30.339+0000][1][safepoint    ] Safepoint "RevokeBias", Time since last: 2504311926 ns, Reaching safepoint: 94200 ns, At safepoint: 67780 ns, Total: 161980 ns
[2020-02-27T09:03:32.844+0000][1][safepoint    ] Safepoint "RevokeBias", Time since last: 2505299039 ns, Reaching safepoint: 96440 ns, At safepoint: 22009 ns, Total: 118449 ns
[2020-02-27T09:03:35.347+0000][1][safepoint    ] Safepoint "RevokeBias", Time since last: 2502844830 ns, Reaching safepoint: 108134 ns, At safepoint: 20481 ns, Total: 128615 ns
[2020-02-27T09:03:37.851+0000][1][safepoint    ] Safepoint "RevokeBias", Time since last: 2503505711 ns, Reaching safepoint: 76188 ns, At safepoint: 18994 ns, Total: 95182 ns
[2020-02-27T09:03:40.355+0000][1][safepoint    ] Safepoint "RevokeBias", Time since last: 2503892168 ns, Reaching safepoint: 73261 ns, At safepoint: 18314 ns, Total: 91575 ns
[2020-02-27T09:03:42.860+0000][1][safepoint    ] Safepoint "RevokeBias", Time since last: 2505199856 ns, Reaching safepoint: 83074 ns, At safepoint: 21687 ns, Total: 104761 ns
[2020-02-27T09:03:45.364+0000][1][safepoint    ] Safepoint "RevokeBias", Time since last: 2504271786 ns, Reaching safepoint: 76609 ns, At safepoint: 18532 ns, Total: 95141 ns
[2020-02-27T09:03:47.871+0000][1][safepoint    ] Safepoint "RevokeBias", Time since last: 2506763924 ns, Reaching safepoint: 149650 ns, At safepoint: 57190 ns, Total: 206840 ns
[2020-02-27T09:03:50.376+0000][1][safepoint    ] Safepoint "RevokeBias", Time since last: 2504787413 ns, Reaching safepoint: 98884 ns, At safepoint: 24508 ns, Total: 123392 ns
[2020-02-27T09:03:52.883+0000][1][safepoint    ] Safepoint "RevokeBias", Time since last: 2506451152 ns, Reaching safepoint: 75733 ns, At safepoint: 18046 ns, Total: 93779 ns
[2020-02-27T09:03:55.386+0000][1][safepoint    ] Safepoint "RevokeBias", Time since last: 2503698928 ns, Reaching safepoint: 81411 ns, At safepoint: 20039 ns, Total: 101450 ns
[2020-02-27T09:03:57.897+0000][1][safepoint    ] Safepoint "RevokeBias", Time since last: 2510527795 ns, Reaching safepoint: 75417 ns, At safepoint: 18846 ns, Total: 94263 ns
[2020-02-27T09:04:00.403+0000][1][safepoint    ] Safepoint "RevokeBias", Time since last: 2505593866 ns, Reaching safepoint: 73675 ns, At safepoint: 17946 ns, Total: 91621 ns
[2020-02-27T09:04:02.914+0000][1][safepoint    ] Safepoint "RevokeBias", Time since last: 2511476593 ns, Reaching safepoint: 72647 ns, At safepoint: 19192 ns, Total: 91839 ns
[2020-02-27T09:04:05.421+0000][1][safepoint    ] Safepoint "RevokeBias", Time since last: 2506962995 ns, Reaching safepoint: 77850 ns, At safepoint: 56423 ns, Total: 134273 ns
[2020-02-27T09:04:07.945+0000][1][safepoint    ] Safepoint "RevokeBias", Time since last: 2523246306 ns, Reaching safepoint: 101289 ns, At safepoint: 26193 ns, Total: 127482 ns
[2020-02-27T09:04:10.455+0000][1][safepoint    ] Safepoint "RevokeBias", Time since last: 2509646919 ns, Reaching safepoint: 78098 ns, At safepoint: 19261 ns, Total: 97359 ns
[2020-02-27T09:04:12.969+0000][1][safepoint    ] Safepoint "RevokeBias", Time since last: 2514369430 ns, Reaching safepoint: 56988 ns, At safepoint: 16376 ns, Total: 73364 ns
[2020-02-27T09:04:15.478+0000][1][safepoint    ] Safepoint "RevokeBias", Time since last: 2508749173 ns, Reaching safepoint: 209944 ns, At safepoint: 19970 ns, Total: 229914 ns
[2020-02-27T09:04:17.991+0000][1][safepoint    ] Safepoint "RevokeBias", Time since last: 2513442423 ns, Reaching safepoint: 91761 ns, At safepoint: 23440 ns, Total: 115201 ns
[2020-02-27T09:04:20.507+0000][1][safepoint    ] Safepoint "RevokeBias", Time since last: 2515669281 ns, Reaching safepoint: 74287 ns, At safepoint: 18382 ns, Total: 92669 ns
[2020-02-27T09:04:23.014+0000][1][safepoint    ] Safepoint "RevokeBias", Time since last: 2506418728 ns, Reaching safepoint: 133042 ns, At safepoint: 19796 ns, Total: 152838 ns
[2020-02-27T09:04:25.516+0000][1][safepoint    ] Safepoint "RevokeBias", Time since last: 2502078315 ns, Reaching safepoint: 115342 ns, At safepoint: 18603 ns, Total: 133945 ns
[2020-02-27T09:04:28.023+0000][1][safepoint    ] Safepoint "BulkRevokeBias", Time since last: 2506912279 ns, Reaching safepoint: 123087 ns, At safepoint: 268746 ns, Total: 391833 ns
[2020-02-27T09:04:30.528+0000][1][safepoint    ] Safepoint "RevokeBias", Time since last: 2504276340 ns, Reaching safepoint: 75707 ns, At safepoint: 18474 ns, Total: 94181 ns
[2020-02-27T09:04:33.032+0000][1][safepoint    ] Safepoint "RevokeBias", Time since last: 2504290254 ns, Reaching safepoint: 171642 ns, At safepoint: 52758 ns, Total: 224400 ns
[2020-02-27T09:04:35.535+0000][1][safepoint    ] Safepoint "RevokeBias", Time since last: 2503157667 ns, Reaching safepoint: 86309 ns, At safepoint: 20318 ns, Total: 106627 ns
[2020-02-27T09:04:38.038+0000][1][safepoint    ] Safepoint "RevokeBias", Time since last: 2502763520 ns, Reaching safepoint: 75542 ns, At safepoint: 17667 ns, Total: 93209 ns
[2020-02-27T09:04:40.543+0000][1][safepoint    ] Safepoint "RevokeBias", Time since last: 2504838941 ns, Reaching safepoint: 85967 ns, At safepoint: 21752 ns, Total: 107719 ns
[2020-02-27T09:04:43.048+0000][1][safepoint    ] Safepoint "RevokeBias", Time since last: 2504882503 ns, Reaching safepoint: 74619 ns, At safepoint: 18121 ns, Total: 92740 ns
[2020-02-27T09:04:45.552+0000][1][safepoint    ] Safepoint "RevokeBias", Time since last: 2504021125 ns, Reaching safepoint: 176784 ns, At safepoint: 21437 ns, Total: 198221 ns
[2020-02-27T09:04:48.058+0000][1][safepoint    ] Safepoint "RevokeBias", Time since last: 2504935750 ns, Reaching safepoint: 74960 ns, At safepoint: 19085 ns, Total: 94045 ns
[2020-02-27T09:04:50.562+0000][1][safepoint    ] Safepoint "RevokeBias", Time since last: 2504713472 ns, Reaching safepoint: 85714 ns, At safepoint: 19688 ns, Total: 105402 ns
[2020-02-27T09:04:53.067+0000][1][safepoint    ] Safepoint "RevokeBias", Time since last: 2504422613 ns, Reaching safepoint: 73232 ns, At safepoint: 18544 ns, Total: 91776 ns
[2020-02-27T09:04:55.570+0000][1][safepoint    ] Safepoint "RevokeBias", Time since last: 2502690009 ns, Reaching safepoint: 74884 ns, At safepoint: 17891 ns, Total: 92775 ns
[2020-02-27T09:04:58.076+0000][1][safepoint    ] Safepoint "RevokeBias", Time since last: 2506508581 ns, Reaching safepoint: 93352 ns, At safepoint: 17732 ns, Total: 111084 ns
[2020-02-27T09:05:00.580+0000][1][safepoint    ] Safepoint "RevokeBias", Time since last: 2503404427 ns, Reaching safepoint: 74011 ns, At safepoint: 17527 ns, Total: 91538 ns
[2020-02-27T09:05:03.083+0000][1][safepoint    ] Safepoint "RevokeBias", Time since last: 2503602282 ns, Reaching safepoint: 110586 ns, At safepoint: 26411 ns, Total: 136997 ns
[2020-02-27T09:05:05.586+0000][1][safepoint    ] Safepoint "RevokeBias", Time since last: 2502666795 ns, Reaching safepoint: 73113 ns, At safepoint: 17698 ns, Total: 90811 ns
[2020-02-27T09:05:08.090+0000][1][safepoint    ] Safepoint "RevokeBias", Time since last: 2503702157 ns, Reaching safepoint: 197146 ns, At safepoint: 22556 ns, Total: 219702 ns
[2020-02-27T09:05:10.598+0000][1][safepoint    ] Safepoint "RevokeBias", Time since last: 2507499547 ns, Reaching safepoint: 54738 ns, At safepoint: 15983 ns, Total: 70721 ns
[2020-02-27T09:05:13.106+0000][1][safepoint    ] Safepoint "RevokeBias", Time since last: 2508476783 ns, Reaching safepoint: 92412 ns, At safepoint: 21292 ns, Total: 113704 ns
[2020-02-27T09:05:15.614+0000][1][safepoint    ] Safepoint "RevokeBias", Time since last: 2507351785 ns, Reaching safepoint: 57514 ns, At safepoint: 16448 ns, Total: 73962 ns
[2020-02-27T09:05:18.125+0000][1][safepoint    ] Safepoint "RevokeBias", Time since last: 2511332170 ns, Reaching safepoint: 73684 ns, At safepoint: 17924 ns, Total: 91608 ns
[2020-02-27T09:05:20.649+0000][1][safepoint    ] Safepoint "RevokeBias", Time since last: 2523744747 ns, Reaching safepoint: 77303 ns, At safepoint: 18014 ns, Total: 95317 ns
[2020-02-27T09:05:23.160+0000][1][safepoint    ] Safepoint "RevokeBias", Time since last: 2511236801 ns, Reaching safepoint: 135295 ns, At safepoint: 49062 ns, Total: 184357 ns
[2020-02-27T09:05:25.670+0000][1][safepoint    ] Safepoint "RevokeBias", Time since last: 2509884423 ns, Reaching safepoint: 71902 ns, At safepoint: 17404 ns, Total: 89306 ns
[2020-02-27T09:05:28.183+0000][1][safepoint    ] Safepoint "RevokeBias", Time since last: 2512769590 ns, Reaching safepoint: 199990 ns, At safepoint: 63622 ns, Total: 263612 ns
[2020-02-27T09:05:30.697+0000][1][safepoint    ] Safepoint "RevokeBias", Time since last: 2513046069 ns, Reaching safepoint: 88924 ns, At safepoint: 22827 ns, Total: 111751 ns
[2020-02-27T09:05:33.210+0000][1][safepoint    ] Safepoint "RevokeBias", Time since last: 2512461618 ns, Reaching safepoint: 1084433 ns, At safepoint: 51585 ns, Total: 1136018 ns
[2020-02-27T09:05:35.712+0000][1][safepoint    ] Safepoint "RevokeBias", Time since last: 2501365458 ns, Reaching safepoint: 78756 ns, At safepoint: 19345 ns, Total: 98101 ns
[2020-02-27T09:05:38.215+0000][1][safepoint    ] Safepoint "RevokeBias", Time since last: 2502898322 ns, Reaching safepoint: 87952 ns, At safepoint: 17964 ns, Total: 105916 ns
[2020-02-27T09:05:40.720+0000][1][safepoint    ] Safepoint "BulkRevokeBias", Time since last: 2504779819 ns, Reaching safepoint: 78933 ns, At safepoint: 200342 ns, Total: 279275 ns
[2020-02-27T09:05:43.227+0000][1][safepoint    ] Safepoint "RevokeBias", Time since last: 2506735252 ns, Reaching safepoint: 90152 ns, At safepoint: 66320 ns, Total: 156472 ns
[2020-02-27T09:05:44.378+0000][1][gc,start     ] GC(149) Pause Young (Allocation Failure)
[2020-02-27T09:05:44.378+0000][1][gc,task      ] GC(149) Using 1 workers of 1 for evacuation
[2020-02-27T09:05:44.388+0000][1][gc,age       ] GC(149) Desired survivor size 4358144 bytes, new threshold 6 (max threshold 6)
[2020-02-27T09:05:44.388+0000][1][gc,age       ] GC(149) Age table with threshold 6 (max threshold 6)
[2020-02-27T09:05:44.388+0000][1][gc,age       ] GC(149) - age   1:      10976 bytes,      10976 total
[2020-02-27T09:05:44.388+0000][1][gc,age       ] GC(149) - age   2:        120 bytes,      11096 total
[2020-02-27T09:05:44.388+0000][1][gc,age       ] GC(149) - age   3:        264 bytes,      11360 total
[2020-02-27T09:05:44.388+0000][1][gc,heap      ] GC(149) ParNew: 68172K->11K(76672K)
[2020-02-27T09:05:44.388+0000][1][gc,heap      ] GC(149) CMS: 62522K->62522K(963392K)
[2020-02-27T09:05:44.388+0000][1][gc,metaspace ] GC(149) Metaspace: 80580K->80580K(1124352K)
[2020-02-27T09:05:44.388+0000][1][gc           ] GC(149) Pause Young (Allocation Failure) 127M->61M(1015M) 10.704ms
[2020-02-27T09:05:44.388+0000][1][gc,cpu       ] GC(149) User=0.01s Sys=0.00s Real=0.01s
[2020-02-27T09:05:44.388+0000][1][safepoint    ] Safepoint "GenCollectForAllocation", Time since last: 1151006182 ns, Reaching safepoint: 84753 ns, At safepoint: 10761485 ns, Total: 10846238 ns
[2020-02-27T09:05:45.730+0000][1][safepoint    ] Safepoint "RevokeBias", Time since last: 1341703619 ns, Reaching safepoint: 74909 ns, At safepoint: 17986 ns, Total: 92895 ns
[2020-02-27T09:05:48.236+0000][1][safepoint    ] Safepoint "RevokeBias", Time since last: 2505185411 ns, Reaching safepoint: 73720 ns, At safepoint: 17669 ns, Total: 91389 ns
[2020-02-27T09:05:50.740+0000][1][safepoint    ] Safepoint "RevokeBias", Time since last: 2504145266 ns, Reaching safepoint: 76501 ns, At safepoint: 18079 ns, Total: 94580 ns
[2020-02-27T09:05:53.246+0000][1][safepoint    ] Safepoint "RevokeBias", Time since last: 2506002952 ns, Reaching safepoint: 103657 ns, At safepoint: 26288 ns, Total: 129945 ns
[2020-02-27T09:05:55.749+0000][1][safepoint    ] Safepoint "RevokeBias", Time since last: 2502599193 ns, Reaching safepoint: 191751 ns, At safepoint: 20764 ns, Total: 212515 ns
[2020-02-27T09:05:58.253+0000][1][safepoint    ] Safepoint "RevokeBias", Time since last: 2504135789 ns, Reaching safepoint: 93840 ns, At safepoint: 18621 ns, Total: 112461 ns
[2020-02-27T09:06:00.757+0000][1][safepoint    ] Safepoint "RevokeBias", Time since last: 2504074018 ns, Reaching safepoint: 157015 ns, At safepoint: 38175 ns, Total: 195190 ns
[2020-02-27T09:06:03.265+0000][1][safepoint    ] Safepoint "RevokeBias", Time since last: 2507343490 ns, Reaching safepoint: 72621 ns, At safepoint: 17449 ns, Total: 90070 ns
[2020-02-27T09:06:05.768+0000][1][safepoint    ] Safepoint "RevokeBias", Time since last: 2503533606 ns, Reaching safepoint: 92449 ns, At safepoint: 51953 ns, Total: 144402 ns
[2020-02-27T09:06:08.271+0000][1][safepoint    ] Safepoint "RevokeBias", Time since last: 2502802332 ns, Reaching safepoint: 75735 ns, At safepoint: 17482 ns, Total: 93217 ns
[2020-02-27T09:06:10.776+0000][1][safepoint    ] Safepoint "RevokeBias", Time since last: 2504252742 ns, Reaching safepoint: 73871 ns, At safepoint: 17348 ns, Total: 91219 ns
[2020-02-27T09:06:13.281+0000][1][safepoint    ] Safepoint "RevokeBias", Time since last: 2505414358 ns, Reaching safepoint: 250287 ns, At safepoint: 57048 ns, Total: 307335 ns
[2020-02-27T09:06:15.785+0000][1][safepoint    ] Safepoint "RevokeBias", Time since last: 2503743343 ns, Reaching safepoint: 76410 ns, At safepoint: 18043 ns, Total: 94453 ns
[2020-02-27T09:06:18.289+0000][1][safepoint    ] Safepoint "RevokeBias", Time since last: 2503767845 ns, Reaching safepoint: 103475 ns, At safepoint: 28047 ns, Total: 131522 ns
[2020-02-27T09:06:20.794+0000][1][safepoint    ] Safepoint "RevokeBias", Time since last: 2504537832 ns, Reaching safepoint: 76279 ns, At safepoint: 22740 ns, Total: 99019 ns
[2020-02-27T09:06:23.310+0000][1][safepoint    ] Safepoint "RevokeBias", Time since last: 2515917690 ns, Reaching safepoint: 73452 ns, At safepoint: 17151 ns, Total: 90603 ns
[2020-02-27T09:06:25.817+0000][1][safepoint    ] Safepoint "RevokeBias", Time since last: 2507210458 ns, Reaching safepoint: 177132 ns, At safepoint: 98035 ns, Total: 275167 ns
[2020-02-27T09:06:28.330+0000][1][safepoint    ] Safepoint "RevokeBias", Time since last: 2512355905 ns, Reaching safepoint: 102211 ns, At safepoint: 28106 ns, Total: 130317 ns
[2020-02-27T09:06:30.842+0000][1][safepoint    ] Safepoint "RevokeBias", Time since last: 2511921820 ns, Reaching safepoint: 115928 ns, At safepoint: 45190 ns, Total: 161118 ns
[2020-02-27T09:06:33.355+0000][1][safepoint    ] Safepoint "RevokeBias", Time since last: 2512726250 ns, Reaching safepoint: 73765 ns, At safepoint: 83320 ns, Total: 157085 ns
[2020-02-27T09:06:35.865+0000][1][safepoint    ] Safepoint "RevokeBias", Time since last: 2510527532 ns, Reaching safepoint: 114204 ns, At safepoint: 19336 ns, Total: 133540 ns
[2020-02-27T09:06:38.369+0000][1][safepoint    ] Safepoint "RevokeBias", Time since last: 2503828851 ns, Reaching safepoint: 115001 ns, At safepoint: 29625 ns, Total: 144626 ns
[2020-02-27T09:06:40.874+0000][1][safepoint    ] Safepoint "RevokeBias", Time since last: 2504640309 ns, Reaching safepoint: 84152 ns, At safepoint: 21753 ns, Total: 105905 ns
[2020-02-27T09:06:43.380+0000][1][safepoint    ] Safepoint "RevokeBias", Time since last: 2505654768 ns, Reaching safepoint: 113224 ns, At safepoint: 22576 ns, Total: 135800 ns
[2020-02-27T09:06:45.884+0000][1][safepoint    ] Safepoint "RevokeBias", Time since last: 2504010541 ns, Reaching safepoint: 72277 ns, At safepoint: 17756 ns, Total: 90033 ns
[2020-02-27T09:06:48.390+0000][1][safepoint    ] Safepoint "RevokeBias", Time since last: 2505774616 ns, Reaching safepoint: 90815 ns, At safepoint: 74529 ns, Total: 165344 ns
[2020-02-27T09:06:50.896+0000][1][safepoint    ] Safepoint "RevokeBias", Time since last: 2506196649 ns, Reaching safepoint: 161170 ns, At safepoint: 20840 ns, Total: 182010 ns
[2020-02-27T09:06:53.402+0000][1][safepoint    ] Safepoint "BulkRevokeBias", Time since last: 2505907556 ns, Reaching safepoint: 121255 ns, At safepoint: 225165 ns, Total: 346420 ns
[2020-02-27T09:06:55.907+0000][1][safepoint    ] Safepoint "RevokeBias", Time since last: 2504272047 ns, Reaching safepoint: 95485 ns, At safepoint: 24834 ns, Total: 120319 ns
[2020-02-27T09:06:58.413+0000][1][safepoint    ] Safepoint "RevokeBias", Time since last: 2505840621 ns, Reaching safepoint: 77961 ns, At safepoint: 19504 ns, Total: 97465 ns
[2020-02-27T09:07:00.920+0000][1][safepoint    ] Safepoint "RevokeBias", Time since last: 2507226195 ns, Reaching safepoint: 89084 ns, At safepoint: 22054 ns, Total: 111138 ns
[2020-02-27T09:07:03.428+0000][1][safepoint    ] Safepoint "RevokeBias", Time since last: 2507437087 ns, Reaching safepoint: 188469 ns, At safepoint: 49201 ns, Total: 237670 ns
[2020-02-27T09:07:05.934+0000][1][safepoint    ] Safepoint "RevokeBias", Time since last: 2505833706 ns, Reaching safepoint: 101867 ns, At safepoint: 25139 ns, Total: 127006 ns
[2020-02-27T09:07:08.438+0000][1][safepoint    ] Safepoint "RevokeBias", Time since last: 2504469026 ns, Reaching safepoint: 77731 ns, At safepoint: 18590 ns, Total: 96321 ns
[2020-02-27T09:07:10.943+0000][1][safepoint    ] Safepoint "RevokeBias", Time since last: 2504383375 ns, Reaching safepoint: 214099 ns, At safepoint: 33473 ns, Total: 247572 ns
[2020-02-27T09:07:13.449+0000][1][safepoint    ] Safepoint "RevokeBias", Time since last: 2505630825 ns, Reaching safepoint: 93318 ns, At safepoint: 21546 ns, Total: 114864 ns
[2020-02-27T09:07:15.958+0000][1][safepoint    ] Safepoint "RevokeBias", Time since last: 2508724377 ns, Reaching safepoint: 110986 ns, At safepoint: 22645 ns, Total: 133631 ns
[2020-02-27T09:07:18.470+0000][1][safepoint    ] Safepoint "RevokeBias", Time since last: 2512330573 ns, Reaching safepoint: 73968 ns, At safepoint: 34397 ns, Total: 108365 ns
[2020-02-27T09:07:20.982+0000][1][safepoint    ] Safepoint "RevokeBias", Time since last: 2511610481 ns, Reaching safepoint: 60982 ns, At safepoint: 18665 ns, Total: 79647 ns
[2020-02-27T09:07:23.492+0000][1][safepoint    ] Safepoint "RevokeBias", Time since last: 2510092306 ns, Reaching safepoint: 76026 ns, At safepoint: 17928 ns, Total: 93954 ns
[2020-02-27T09:07:26.007+0000][1][safepoint    ] Safepoint "RevokeBias", Time since last: 2514921118 ns, Reaching safepoint: 124617 ns, At safepoint: 32504 ns, Total: 157121 ns
[2020-02-27T09:07:28.519+0000][1][safepoint    ] Safepoint "RevokeBias", Time since last: 2512015473 ns, Reaching safepoint: 118451 ns, At safepoint: 30494 ns, Total: 148945 ns
[2020-02-27T09:07:31.028+0000][1][safepoint    ] Safepoint "RevokeBias", Time since last: 2508855676 ns, Reaching safepoint: 128125 ns, At safepoint: 24167 ns, Total: 152292 ns
[2020-02-27T09:07:33.540+0000][1][safepoint    ] Safepoint "RevokeBias", Time since last: 2511630492 ns, Reaching safepoint: 110498 ns, At safepoint: 42837 ns, Total: 153335 ns
[2020-02-27T09:07:36.047+0000][1][safepoint    ] Safepoint "RevokeBias", Time since last: 2506840829 ns, Reaching safepoint: 74790 ns, At safepoint: 17543 ns, Total: 92333 ns
[2020-02-27T09:07:38.554+0000][1][safepoint    ] Safepoint "RevokeBias", Time since last: 2507530698 ns, Reaching safepoint: 73868 ns, At safepoint: 17479 ns, Total: 91347 ns
[2020-02-27T09:07:41.060+0000][1][safepoint    ] Safepoint "RevokeBias", Time since last: 2505442717 ns, Reaching safepoint: 112793 ns, At safepoint: 28252 ns, Total: 141045 ns
[2020-02-27T09:07:43.566+0000][1][safepoint    ] Safepoint "RevokeBias", Time since last: 2506238345 ns, Reaching safepoint: 73761 ns, At safepoint: 20759 ns, Total: 94520 ns
[2020-02-27T09:07:46.070+0000][1][safepoint    ] Safepoint "RevokeBias", Time since last: 2503225578 ns, Reaching safepoint: 74208 ns, At safepoint: 17552 ns, Total: 91760 ns
[2020-02-27T09:07:48.576+0000][1][safepoint    ] Safepoint "RevokeBias", Time since last: 2505978662 ns, Reaching safepoint: 144680 ns, At safepoint: 20602 ns, Total: 165282 ns
[2020-02-27T09:07:51.080+0000][1][safepoint    ] Safepoint "RevokeBias", Time since last: 2503534755 ns, Reaching safepoint: 81326 ns, At safepoint: 19523 ns, Total: 100849 ns
[2020-02-27T09:07:53.586+0000][1][safepoint    ] Safepoint "RevokeBias", Time since last: 2506130057 ns, Reaching safepoint: 155315 ns, At safepoint: 59779 ns, Total: 215094 ns
[2020-02-27T09:07:56.090+0000][1][safepoint    ] Safepoint "RevokeBias", Time since last: 2503661397 ns, Reaching safepoint: 73584 ns, At safepoint: 18034 ns, Total: 91618 ns
[2020-02-27T09:07:58.593+0000][1][safepoint    ] Safepoint "RevokeBias", Time since last: 2503741167 ns, Reaching safepoint: 77208 ns, At safepoint: 18598 ns, Total: 95806 ns
[2020-02-27T09:08:01.098+0000][1][gc,start     ] GC(150) Pause Young (Allocation Failure)
[2020-02-27T09:08:01.098+0000][1][gc,task      ] GC(150) Using 1 workers of 1 for evacuation
[2020-02-27T09:08:01.111+0000][1][gc,age       ] GC(150) Desired survivor size 4358144 bytes, new threshold 6 (max threshold 6)
[2020-02-27T09:08:01.111+0000][1][gc,age       ] GC(150) Age table with threshold 6 (max threshold 6)
[2020-02-27T09:08:01.111+0000][1][gc,age       ] GC(150) - age   1:      21096 bytes,      21096 total
[2020-02-27T09:08:01.111+0000][1][gc,age       ] GC(150) - age   2:        224 bytes,      21320 total
[2020-02-27T09:08:01.111+0000][1][gc,age       ] GC(150) - age   3:        120 bytes,      21440 total
[2020-02-27T09:08:01.111+0000][1][gc,age       ] GC(150) - age   4:        264 bytes,      21704 total
[2020-02-27T09:08:01.111+0000][1][gc,heap      ] GC(150) ParNew: 68171K->22K(76672K)
[2020-02-27T09:08:01.111+0000][1][gc,heap      ] GC(150) CMS: 62522K->62522K(963392K)
[2020-02-27T09:08:01.111+0000][1][gc,metaspace ] GC(150) Metaspace: 80580K->80580K(1124352K)
[2020-02-27T09:08:01.111+0000][1][gc           ] GC(150) Pause Young (Allocation Failure) 127M->61M(1015M) 12.558ms
[2020-02-27T09:08:01.111+0000][1][gc,cpu       ] GC(150) User=0.01s Sys=0.00s Real=0.01s
[2020-02-27T09:08:01.111+0000][1][safepoint    ] Safepoint "GenCollectForAllocation", Time since last: 2504616586 ns, Reaching safepoint: 202264 ns, At safepoint: 12621926 ns, Total: 12824190 ns
[2020-02-27T09:08:01.112+0000][1][safepoint    ] Safepoint "RevokeBias", Time since last: 818242 ns, Reaching safepoint: 71880 ns, At safepoint: 17332 ns, Total: 89212 ns
[2020-02-27T09:08:03.616+0000][1][safepoint    ] Safepoint "RevokeBias", Time since last: 2503890231 ns, Reaching safepoint: 58156 ns, At safepoint: 17487 ns, Total: 75643 ns
[2020-02-27T09:08:06.120+0000][1][safepoint    ] Safepoint "BulkRevokeBias", Time since last: 2504323738 ns, Reaching safepoint: 115208 ns, At safepoint: 285449 ns, Total: 400657 ns
[2020-02-27T09:08:08.625+0000][1][safepoint    ] Safepoint "RevokeBias", Time since last: 2504378693 ns, Reaching safepoint: 100705 ns, At safepoint: 22749 ns, Total: 123454 ns
[2020-02-27T09:08:11.129+0000][1][safepoint    ] Safepoint "RevokeBias", Time since last: 2504396230 ns, Reaching safepoint: 75518 ns, At safepoint: 19307 ns, Total: 94825 ns
[2020-02-27T09:08:13.643+0000][1][safepoint    ] Safepoint "RevokeBias", Time since last: 2513269287 ns, Reaching safepoint: 195863 ns, At safepoint: 23848 ns, Total: 219711 ns
[2020-02-27T09:08:16.153+0000][1][safepoint    ] Safepoint "RevokeBias", Time since last: 2509345499 ns, Reaching safepoint: 187828 ns, At safepoint: 29202 ns, Total: 217030 ns
[2020-02-27T09:08:18.664+0000][1][safepoint    ] Safepoint "RevokeBias", Time since last: 2511780312 ns, Reaching safepoint: 139153 ns, At safepoint: 23180 ns, Total: 162333 ns
[2020-02-27T09:08:21.176+0000][1][safepoint    ] Safepoint "RevokeBias", Time since last: 2511440734 ns, Reaching safepoint: 104709 ns, At safepoint: 23467 ns, Total: 128176 ns
[2020-02-27T09:08:23.689+0000][1][safepoint    ] Safepoint "RevokeBias", Time since last: 2513282502 ns, Reaching safepoint: 97000 ns, At safepoint: 18604 ns, Total: 115604 ns
[2020-02-27T09:08:26.197+0000][1][safepoint    ] Safepoint "RevokeBias", Time since last: 2507443997 ns, Reaching safepoint: 183751 ns, At safepoint: 36300 ns, Total: 220051 ns
[2020-02-27T09:08:28.709+0000][1][safepoint    ] Safepoint "RevokeBias", Time since last: 2511333331 ns, Reaching safepoint: 74730 ns, At safepoint: 17586 ns, Total: 92316 ns
[2020-02-27T09:08:31.222+0000][1][safepoint    ] Safepoint "RevokeBias", Time since last: 2512868718 ns, Reaching safepoint: 146007 ns, At safepoint: 85380 ns, Total: 231387 ns
[2020-02-27T09:08:33.735+0000][1][safepoint    ] Safepoint "RevokeBias", Time since last: 2513747930 ns, Reaching safepoint: 74568 ns, At safepoint: 17606 ns, Total: 92174 ns
[2020-02-27T09:08:36.243+0000][1][safepoint    ] Safepoint "RevokeBias", Time since last: 2507442514 ns, Reaching safepoint: 91767 ns, At safepoint: 17929 ns, Total: 109696 ns
[2020-02-27T09:08:38.747+0000][1][safepoint    ] Safepoint "RevokeBias", Time since last: 2504210297 ns, Reaching safepoint: 90728 ns, At safepoint: 20476 ns, Total: 111204 ns
[2020-02-27T09:08:41.252+0000][1][safepoint    ] Safepoint "RevokeBias", Time since last: 2504898008 ns, Reaching safepoint: 235380 ns, At safepoint: 24699 ns, Total: 260079 ns
[2020-02-27T09:08:43.759+0000][1][safepoint    ] Safepoint "RevokeBias", Time since last: 2506186708 ns, Reaching safepoint: 226652 ns, At safepoint: 31040 ns, Total: 257692 ns
[2020-02-27T09:08:46.262+0000][1][safepoint    ] Safepoint "RevokeBias", Time since last: 2502985864 ns, Reaching safepoint: 115719 ns, At safepoint: 18260 ns, Total: 133979 ns
[2020-02-27T09:08:48.769+0000][1][safepoint    ] Safepoint "RevokeBias", Time since last: 2506989088 ns, Reaching safepoint: 78760 ns, At safepoint: 19934 ns, Total: 98694 ns
[2020-02-27T09:08:51.272+0000][1][safepoint    ] Safepoint "RevokeBias", Time since last: 2502882369 ns, Reaching safepoint: 77160 ns, At safepoint: 18569 ns, Total: 95729 ns
[2020-02-27T09:08:53.777+0000][1][safepoint    ] Safepoint "RevokeBias", Time since last: 2504917034 ns, Reaching safepoint: 74998 ns, At safepoint: 18041 ns, Total: 93039 ns
[2020-02-27T09:08:56.281+0000][1][safepoint    ] Safepoint "RevokeBias", Time since last: 2503583959 ns, Reaching safepoint: 84754 ns, At safepoint: 20846 ns, Total: 105600 ns
[2020-02-27T09:08:58.786+0000][1][safepoint    ] Safepoint "RevokeBias", Time since last: 2505326443 ns, Reaching safepoint: 74415 ns, At safepoint: 18361 ns, Total: 92776 ns
[2020-02-27T09:09:01.290+0000][1][safepoint    ] Safepoint "RevokeBias", Time since last: 2503672939 ns, Reaching safepoint: 78914 ns, At safepoint: 18129 ns, Total: 97043 ns
[2020-02-27T09:09:03.793+0000][1][safepoint    ] Safepoint "RevokeBias", Time since last: 2503063556 ns, Reaching safepoint: 54575 ns, At safepoint: 16211 ns, Total: 70786 ns
[2020-02-27T09:09:06.295+0000][1][safepoint    ] Safepoint "RevokeBias", Time since last: 2502179955 ns, Reaching safepoint: 74842 ns, At safepoint: 17147 ns, Total: 91989 ns
[2020-02-27T09:09:08.799+0000][1][safepoint    ] Safepoint "RevokeBias", Time since last: 2503422598 ns, Reaching safepoint: 91915 ns, At safepoint: 20521 ns, Total: 112436 ns
[2020-02-27T09:09:11.305+0000][1][safepoint    ] Safepoint "RevokeBias", Time since last: 2505519414 ns, Reaching safepoint: 59017 ns, At safepoint: 16771 ns, Total: 75788 ns
[2020-02-27T09:09:13.811+0000][1][safepoint    ] Safepoint "RevokeBias", Time since last: 2506011485 ns, Reaching safepoint: 75456 ns, At safepoint: 18374 ns, Total: 93830 ns
[2020-02-27T09:09:16.323+0000][1][safepoint    ] Safepoint "RevokeBias", Time since last: 2512244247 ns, Reaching safepoint: 57820 ns, At safepoint: 16586 ns, Total: 74406 ns
[2020-02-27T09:09:18.840+0000][1][safepoint    ] Safepoint "BulkRevokeBias", Time since last: 2516262671 ns, Reaching safepoint: 92672 ns, At safepoint: 295923 ns, Total: 388595 ns
[2020-02-27T09:09:21.356+0000][1][safepoint    ] Safepoint "RevokeBias", Time since last: 2515915852 ns, Reaching safepoint: 83917 ns, At safepoint: 23580 ns, Total: 107497 ns
[2020-02-27T09:09:23.868+0000][1][safepoint    ] Safepoint "RevokeBias", Time since last: 2511742548 ns, Reaching safepoint: 96356 ns, At safepoint: 23115 ns, Total: 119471 ns
[2020-02-27T09:09:26.385+0000][1][safepoint    ] Safepoint "RevokeBias", Time since last: 2517282999 ns, Reaching safepoint: 186316 ns, At safepoint: 22247 ns, Total: 208563 ns
[2020-02-27T09:09:29.042+0000][1][safepoint    ] Safepoint "RevokeBias", Time since last: 2656369927 ns, Reaching safepoint: 98289 ns, At safepoint: 25754 ns, Total: 124043 ns
[2020-02-27T09:09:31.556+0000][1][safepoint    ] Safepoint "RevokeBias", Time since last: 2513940772 ns, Reaching safepoint: 82992 ns, At safepoint: 20093 ns, Total: 103085 ns
[2020-02-27T09:09:34.064+0000][1][safepoint    ] Safepoint "RevokeBias", Time since last: 2508609997 ns, Reaching safepoint: 74748 ns, At safepoint: 18264 ns, Total: 93012 ns
[2020-02-27T09:09:36.572+0000][1][safepoint    ] Safepoint "RevokeBias", Time since last: 2507392986 ns, Reaching safepoint: 108044 ns, At safepoint: 26084 ns, Total: 134128 ns
[2020-02-27T09:09:39.080+0000][1][safepoint    ] Safepoint "RevokeBias", Time since last: 2507983059 ns, Reaching safepoint: 73972 ns, At safepoint: 18284 ns, Total: 92256 ns
[2020-02-27T09:09:41.584+0000][1][safepoint    ] Safepoint "RevokeBias", Time since last: 2504314692 ns, Reaching safepoint: 78753 ns, At safepoint: 19395 ns, Total: 98148 ns
[2020-02-27T09:09:44.090+0000][1][safepoint    ] Safepoint "RevokeBias", Time since last: 2505918322 ns, Reaching safepoint: 89738 ns, At safepoint: 17844 ns, Total: 107582 ns
[2020-02-27T09:09:46.593+0000][1][safepoint    ] Safepoint "RevokeBias", Time since last: 2502910734 ns, Reaching safepoint: 76069 ns, At safepoint: 18311 ns, Total: 94380 ns
[2020-02-27T09:09:49.096+0000][1][safepoint    ] Safepoint "RevokeBias", Time since last: 2502643939 ns, Reaching safepoint: 91543 ns, At safepoint: 20656 ns, Total: 112199 ns
[2020-02-27T09:09:51.600+0000][1][safepoint    ] Safepoint "RevokeBias", Time since last: 2503841541 ns, Reaching safepoint: 230735 ns, At safepoint: 78277 ns, Total: 309012 ns
[2020-02-27T09:09:54.106+0000][1][safepoint    ] Safepoint "RevokeBias", Time since last: 2505589977 ns, Reaching safepoint: 118990 ns, At safepoint: 20906 ns, Total: 139896 ns
[2020-02-27T09:09:56.610+0000][1][safepoint    ] Safepoint "RevokeBias", Time since last: 2504007557 ns, Reaching safepoint: 78008 ns, At safepoint: 18945 ns, Total: 96953 ns
[2020-02-27T09:09:59.114+0000][1][safepoint    ] Safepoint "RevokeBias", Time since last: 2503746468 ns, Reaching safepoint: 79437 ns, At safepoint: 19739 ns, Total: 99176 ns
[2020-02-27T09:10:01.619+0000][1][safepoint    ] Safepoint "RevokeBias", Time since last: 2504784660 ns, Reaching safepoint: 72756 ns, At safepoint: 17725 ns, Total: 90481 ns
[2020-02-27T09:10:04.124+0000][1][safepoint    ] Safepoint "RevokeBias", Time since last: 2504660284 ns, Reaching safepoint: 131705 ns, At safepoint: 21740 ns, Total: 153445 ns
[2020-02-27T09:10:06.626+0000][1][safepoint    ] Safepoint "RevokeBias", Time since last: 2502424370 ns, Reaching safepoint: 79214 ns, At safepoint: 18540 ns, Total: 97754 ns
[2020-02-27T09:10:09.129+0000][1][safepoint    ] Safepoint "RevokeBias", Time since last: 2502805677 ns, Reaching safepoint: 84421 ns, At safepoint: 21030 ns, Total: 105451 ns
[2020-02-27T09:10:11.635+0000][1][safepoint    ] Safepoint "RevokeBias", Time since last: 2505785200 ns, Reaching safepoint: 75087 ns, At safepoint: 18501 ns, Total: 93588 ns
[2020-02-27T09:10:14.141+0000][1][safepoint    ] Safepoint "RevokeBias", Time since last: 2505785741 ns, Reaching safepoint: 79993 ns, At safepoint: 20029 ns, Total: 100022 ns
[2020-02-27T09:10:16.645+0000][1][safepoint    ] Safepoint "RevokeBias", Time since last: 2503954217 ns, Reaching safepoint: 86467 ns, At safepoint: 21847 ns, Total: 108314 ns
[2020-02-27T09:10:19.151+0000][1][safepoint    ] Safepoint "RevokeBias", Time since last: 2505955622 ns, Reaching safepoint: 152383 ns, At safepoint: 36912 ns, Total: 189295 ns
[2020-02-27T09:10:19.588+0000][1][gc,start     ] GC(151) Pause Young (Allocation Failure)
[2020-02-27T09:10:19.588+0000][1][gc,task      ] GC(151) Using 1 workers of 1 for evacuation
[2020-02-27T09:10:19.598+0000][1][gc,age       ] GC(151) Desired survivor size 4358144 bytes, new threshold 6 (max threshold 6)
[2020-02-27T09:10:19.598+0000][1][gc,age       ] GC(151) Age table with threshold 6 (max threshold 6)
[2020-02-27T09:10:19.598+0000][1][gc,age       ] GC(151) - age   1:      11640 bytes,      11640 total
[2020-02-27T09:10:19.598+0000][1][gc,age       ] GC(151) - age   3:        224 bytes,      11864 total
[2020-02-27T09:10:19.598+0000][1][gc,age       ] GC(151) - age   4:        120 bytes,      11984 total
[2020-02-27T09:10:19.598+0000][1][gc,age       ] GC(151) - age   5:        264 bytes,      12248 total
[2020-02-27T09:10:19.598+0000][1][gc,heap      ] GC(151) ParNew: 68182K->18K(76672K)
[2020-02-27T09:10:19.598+0000][1][gc,heap      ] GC(151) CMS: 62522K->62522K(963392K)
[2020-02-27T09:10:19.598+0000][1][gc,metaspace ] GC(151) Metaspace: 80580K->80580K(1124352K)
[2020-02-27T09:10:19.598+0000][1][gc           ] GC(151) Pause Young (Allocation Failure) 127M->61M(1015M) 10.132ms
[2020-02-27T09:10:19.598+0000][1][gc,cpu       ] GC(151) User=0.01s Sys=0.00s Real=0.01s
[2020-02-27T09:10:19.598+0000][1][safepoint    ] Safepoint "GenCollectForAllocation", Time since last: 437039868 ns, Reaching safepoint: 81147 ns, At safepoint: 10193646 ns, Total: 10274793 ns
[2020-02-27T09:10:21.658+0000][1][safepoint    ] Safepoint "RevokeBias", Time since last: 2059430700 ns, Reaching safepoint: 73874 ns, At safepoint: 38247 ns, Total: 112121 ns
[2020-02-27T09:10:24.163+0000][1][safepoint    ] Safepoint "RevokeBias", Time since last: 2505386240 ns, Reaching safepoint: 74898 ns, At safepoint: 17450 ns, Total: 92348 ns
[2020-02-27T09:10:26.666+0000][1][safepoint    ] Safepoint "RevokeBias", Time since last: 2502984120 ns, Reaching safepoint: 77453 ns, At safepoint: 18576 ns, Total: 96029 ns
[2020-02-27T09:10:29.177+0000][1][safepoint    ] Safepoint "RevokeBias", Time since last: 2510800045 ns, Reaching safepoint: 76362 ns, At safepoint: 18466 ns, Total: 94828 ns
[2020-02-27T09:10:31.689+0000][1][safepoint    ] Safepoint "BulkRevokeBias", Time since last: 2511071201 ns, Reaching safepoint: 72456 ns, At safepoint: 189453 ns, Total: 261909 ns
[2020-02-27T09:10:34.205+0000][1][safepoint    ] Safepoint "RevokeBias", Time since last: 2516579919 ns, Reaching safepoint: 204246 ns, At safepoint: 54294 ns, Total: 258540 ns
[2020-02-27T09:10:36.714+0000][1][safepoint    ] Safepoint "RevokeBias", Time since last: 2508750289 ns, Reaching safepoint: 73765 ns, At safepoint: 18046 ns, Total: 91811 ns
[2020-02-27T09:10:39.225+0000][1][safepoint    ] Safepoint "RevokeBias", Time since last: 2510763890 ns, Reaching safepoint: 74535 ns, At safepoint: 17977 ns, Total: 92512 ns
[2020-02-27T09:10:41.735+0000][1][safepoint    ] Safepoint "RevokeBias", Time since last: 2509336140 ns, Reaching safepoint: 91290 ns, At safepoint: 18822 ns, Total: 110112 ns
[2020-02-27T09:10:44.249+0000][1][safepoint    ] Safepoint "RevokeBias", Time since last: 2514708721 ns, Reaching safepoint: 73227 ns, At safepoint: 18309 ns, Total: 91536 ns
[2020-02-27T09:10:46.762+0000][1][safepoint    ] Safepoint "RevokeBias", Time since last: 2512797899 ns, Reaching safepoint: 110468 ns, At safepoint: 21274 ns, Total: 131742 ns
[2020-02-27T09:10:49.275+0000][1][safepoint    ] Safepoint "RevokeBias", Time since last: 2513007270 ns, Reaching safepoint: 124919 ns, At safepoint: 29866 ns, Total: 154785 ns
[2020-02-27T09:10:51.784+0000][1][safepoint    ] Safepoint "RevokeBias", Time since last: 2508768516 ns, Reaching safepoint: 130434 ns, At safepoint: 24440 ns, Total: 154874 ns
[2020-02-27T09:10:54.302+0000][1][safepoint    ] Safepoint "RevokeBias", Time since last: 2517486333 ns, Reaching safepoint: 73827 ns, At safepoint: 18111 ns, Total: 91938 ns
[2020-02-27T09:10:56.817+0000][1][safepoint    ] Safepoint "RevokeBias", Time since last: 2514453577 ns, Reaching safepoint: 116414 ns, At safepoint: 30020 ns, Total: 146434 ns
[2020-02-27T09:10:59.340+0000][1][safepoint    ] Safepoint "RevokeBias", Time since last: 2523799727 ns, Reaching safepoint: 77564 ns, At safepoint: 18576 ns, Total: 96140 ns
[2020-02-27T09:11:01.854+0000][1][safepoint    ] Safepoint "RevokeBias", Time since last: 2512899061 ns, Reaching safepoint: 193513 ns, At safepoint: 35216 ns, Total: 228729 ns
[2020-02-27T09:11:04.365+0000][1][safepoint    ] Safepoint "RevokeBias", Time since last: 2511638123 ns, Reaching safepoint: 72767 ns, At safepoint: 18205 ns, Total: 90972 ns
[2020-02-27T09:11:06.874+0000][1][safepoint    ] Safepoint "RevokeBias", Time since last: 2508624696 ns, Reaching safepoint: 120798 ns, At safepoint: 20141 ns, Total: 140939 ns
[2020-02-27T09:11:09.378+0000][1][safepoint    ] Safepoint "RevokeBias", Time since last: 2503420892 ns, Reaching safepoint: 74212 ns, At safepoint: 18619 ns, Total: 92831 ns
[2020-02-27T09:11:11.883+0000][1][safepoint    ] Safepoint "RevokeBias", Time since last: 2505502594 ns, Reaching safepoint: 121010 ns, At safepoint: 32544 ns, Total: 153554 ns
[2020-02-27T09:11:14.389+0000][1][safepoint    ] Safepoint "RevokeBias", Time since last: 2505136326 ns, Reaching safepoint: 72416 ns, At safepoint: 17014 ns, Total: 89430 ns
[2020-02-27T09:11:16.891+0000][1][safepoint    ] Safepoint "RevokeBias", Time since last: 2502299004 ns, Reaching safepoint: 74741 ns, At safepoint: 18352 ns, Total: 93093 ns
[2020-02-27T09:11:19.397+0000][1][safepoint    ] Safepoint "RevokeBias", Time since last: 2505766047 ns, Reaching safepoint: 133854 ns, At safepoint: 30355 ns, Total: 164209 ns
[2020-02-27T09:11:21.903+0000][1][safepoint    ] Safepoint "RevokeBias", Time since last: 2506073126 ns, Reaching safepoint: 221941 ns, At safepoint: 45785 ns, Total: 267726 ns
[2020-02-27T09:11:24.410+0000][1][safepoint    ] Safepoint "RevokeBias", Time since last: 2506628974 ns, Reaching safepoint: 74412 ns, At safepoint: 17490 ns, Total: 91902 ns
[2020-02-27T09:11:26.916+0000][1][safepoint    ] Safepoint "RevokeBias", Time since last: 2506252848 ns, Reaching safepoint: 75746 ns, At safepoint: 18709 ns, Total: 94455 ns
[2020-02-27T09:11:29.423+0000][1][safepoint    ] Safepoint "RevokeBias", Time since last: 2506919920 ns, Reaching safepoint: 74762 ns, At safepoint: 17774 ns, Total: 92536 ns
[2020-02-27T09:11:31.928+0000][1][safepoint    ] Safepoint "RevokeBias", Time since last: 2504578205 ns, Reaching safepoint: 89769 ns, At safepoint: 20070 ns, Total: 109839 ns
[2020-02-27T09:11:34.432+0000][1][safepoint    ] Safepoint "RevokeBias", Time since last: 2504454298 ns, Reaching safepoint: 57555 ns, At safepoint: 16638 ns, Total: 74193 ns
[2020-02-27T09:11:36.936+0000][1][safepoint    ] Safepoint "RevokeBias", Time since last: 2503243718 ns, Reaching safepoint: 75118 ns, At safepoint: 18745 ns, Total: 93863 ns
[2020-02-27T09:11:39.439+0000][1][safepoint    ] Safepoint "RevokeBias", Time since last: 2502743950 ns, Reaching safepoint: 70672 ns, At safepoint: 17237 ns, Total: 87909 ns
[2020-02-27T09:11:41.945+0000][1][safepoint    ] Safepoint "RevokeBias", Time since last: 2505943553 ns, Reaching safepoint: 76539 ns, At safepoint: 18619 ns, Total: 95158 ns
[2020-02-27T09:11:44.451+0000][1][safepoint    ] Safepoint "BulkRevokeBias", Time since last: 2506214143 ns, Reaching safepoint: 73547 ns, At safepoint: 188119 ns, Total: 261666 ns
[2020-02-27T09:11:46.954+0000][1][safepoint    ] Safepoint "RevokeBias", Time since last: 2502331065 ns, Reaching safepoint: 73493 ns, At safepoint: 91275 ns, Total: 164768 ns
[2020-02-27T09:11:49.459+0000][1][safepoint    ] Safepoint "RevokeBias", Time since last: 2504969296 ns, Reaching safepoint: 94666 ns, At safepoint: 20954 ns, Total: 115620 ns
[2020-02-27T09:11:51.964+0000][1][safepoint    ] Safepoint "RevokeBias", Time since last: 2504856068 ns, Reaching safepoint: 73980 ns, At safepoint: 18143 ns, Total: 92123 ns
[2020-02-27T09:11:54.470+0000][1][safepoint    ] Safepoint "RevokeBias", Time since last: 2505739798 ns, Reaching safepoint: 76261 ns, At safepoint: 18229 ns, Total: 94490 ns
[2020-02-27T09:11:56.972+0000][1][safepoint    ] Safepoint "RevokeBias", Time since last: 2502651407 ns, Reaching safepoint: 76540 ns, At safepoint: 18273 ns, Total: 94813 ns
[2020-02-27T09:11:59.478+0000][1][safepoint    ] Safepoint "RevokeBias", Time since last: 2505461007 ns, Reaching safepoint: 154812 ns, At safepoint: 29449 ns, Total: 184261 ns
[2020-02-27T09:12:01.984+0000][1][safepoint    ] Safepoint "RevokeBias", Time since last: 2505508339 ns, Reaching safepoint: 85382 ns, At safepoint: 20519 ns, Total: 105901 ns
[2020-02-27T09:12:04.488+0000][1][safepoint    ] Safepoint "RevokeBias", Time since last: 2504005597 ns, Reaching safepoint: 75660 ns, At safepoint: 18803 ns, Total: 94463 ns
[2020-02-27T09:12:07.001+0000][1][safepoint    ] Safepoint "RevokeBias", Time since last: 2513508887 ns, Reaching safepoint: 56889 ns, At safepoint: 17006 ns, Total: 73895 ns
[2020-02-27T09:12:09.510+0000][1][safepoint    ] Safepoint "RevokeBias", Time since last: 2508742401 ns, Reaching safepoint: 72635 ns, At safepoint: 17339 ns, Total: 89974 ns
[2020-02-27T09:12:12.028+0000][1][safepoint    ] Safepoint "RevokeBias", Time since last: 2517758921 ns, Reaching safepoint: 85643 ns, At safepoint: 16784 ns, Total: 102427 ns
[2020-02-27T09:12:14.538+0000][1][safepoint    ] Safepoint "RevokeBias", Time since last: 2509755723 ns, Reaching safepoint: 73930 ns, At safepoint: 18505 ns, Total: 92435 ns
[2020-02-27T09:12:17.056+0000][1][safepoint    ] Safepoint "RevokeBias", Time since last: 2518644418 ns, Reaching safepoint: 73130 ns, At safepoint: 17485 ns, Total: 90615 ns
[2020-02-27T09:12:19.566+0000][1][safepoint    ] Safepoint "RevokeBias", Time since last: 2509634740 ns, Reaching safepoint: 93709 ns, At safepoint: 21389 ns, Total: 115098 ns
[2020-02-27T09:12:22.082+0000][1][safepoint    ] Safepoint "RevokeBias", Time since last: 2515320704 ns, Reaching safepoint: 55603 ns, At safepoint: 16632 ns, Total: 72235 ns
[2020-02-27T09:12:24.591+0000][1][safepoint    ] Safepoint "RevokeBias", Time since last: 2508942223 ns, Reaching safepoint: 102461 ns, At safepoint: 62322 ns, Total: 164783 ns
[2020-02-27T09:12:27.101+0000][1][safepoint    ] Safepoint "RevokeBias", Time since last: 2509929208 ns, Reaching safepoint: 73609 ns, At safepoint: 18112 ns, Total: 91721 ns
[2020-02-27T09:12:29.611+0000][1][safepoint    ] Safepoint "RevokeBias", Time since last: 2510041842 ns, Reaching safepoint: 110781 ns, At safepoint: 35520 ns, Total: 146301 ns
[2020-02-27T09:12:32.123+0000][1][safepoint    ] Safepoint "RevokeBias", Time since last: 2511708130 ns, Reaching safepoint: 69559 ns, At safepoint: 16911 ns, Total: 86470 ns
[2020-02-27T09:12:34.636+0000][1][safepoint    ] Safepoint "RevokeBias", Time since last: 2512737424 ns, Reaching safepoint: 73521 ns, At safepoint: 17939 ns, Total: 91460 ns
[2020-02-27T09:12:34.717+0000][1][gc,start     ] GC(152) Pause Young (Allocation Failure)
[2020-02-27T09:12:34.717+0000][1][gc,task      ] GC(152) Using 1 workers of 1 for evacuation
[2020-02-27T09:12:34.727+0000][1][gc,age       ] GC(152) Desired survivor size 4358144 bytes, new threshold 6 (max threshold 6)
[2020-02-27T09:12:34.727+0000][1][gc,age       ] GC(152) Age table with threshold 6 (max threshold 6)
[2020-02-27T09:12:34.727+0000][1][gc,age       ] GC(152) - age   1:      10960 bytes,      10960 total
[2020-02-27T09:12:34.727+0000][1][gc,age       ] GC(152) - age   4:        224 bytes,      11184 total
[2020-02-27T09:12:34.727+0000][1][gc,age       ] GC(152) - age   5:        120 bytes,      11304 total
[2020-02-27T09:12:34.727+0000][1][gc,age       ] GC(152) - age   6:         32 bytes,      11336 total
[2020-02-27T09:12:34.727+0000][1][gc,heap      ] GC(152) ParNew: 68178K->13K(76672K)
[2020-02-27T09:12:34.727+0000][1][gc,heap      ] GC(152) CMS: 62522K->62522K(963392K)
[2020-02-27T09:12:34.727+0000][1][gc,metaspace ] GC(152) Metaspace: 80580K->80580K(1124352K)
[2020-02-27T09:12:34.727+0000][1][gc           ] GC(152) Pause Young (Allocation Failure) 127M->61M(1015M) 9.546ms
[2020-02-27T09:12:34.727+0000][1][gc,cpu       ] GC(152) User=0.01s Sys=0.00s Real=0.01s
[2020-02-27T09:12:34.727+0000][1][safepoint    ] Safepoint "GenCollectForAllocation", Time since last: 81472742 ns, Reaching safepoint: 137345 ns, At safepoint: 9632232 ns, Total: 9769577 ns
[2020-02-27T09:12:37.153+0000][1][safepoint    ] Safepoint "RevokeBias", Time since last: 2426311202 ns, Reaching safepoint: 57814 ns, At safepoint: 16218 ns, Total: 74032 ns
[2020-02-27T09:12:39.663+0000][1][safepoint    ] Safepoint "RevokeBias", Time since last: 2509871942 ns, Reaching safepoint: 76308 ns, At safepoint: 18194 ns, Total: 94502 ns
[2020-02-27T09:12:42.173+0000][1][safepoint    ] Safepoint "RevokeBias", Time since last: 2509800294 ns, Reaching safepoint: 76171 ns, At safepoint: 17411 ns, Total: 93582 ns
[2020-02-27T09:12:44.683+0000][1][safepoint    ] Safepoint "RevokeBias", Time since last: 2510311332 ns, Reaching safepoint: 74046 ns, At safepoint: 17545 ns, Total: 91591 ns
[2020-02-27T09:12:47.186+0000][1][safepoint    ] Safepoint "RevokeBias", Time since last: 2502718949 ns, Reaching safepoint: 72891 ns, At safepoint: 18482 ns, Total: 91373 ns
[2020-02-27T09:12:49.692+0000][1][safepoint    ] Safepoint "RevokeBias", Time since last: 2506109921 ns, Reaching safepoint: 93688 ns, At safepoint: 21331 ns, Total: 115019 ns
[2020-02-27T09:12:52.197+0000][1][safepoint    ] Safepoint "RevokeBias", Time since last: 2504358333 ns, Reaching safepoint: 132345 ns, At safepoint: 33849 ns, Total: 166194 ns
[2020-02-27T09:12:54.707+0000][1][safepoint    ] Safepoint "RevokeBias", Time since last: 2510084696 ns, Reaching safepoint: 73710 ns, At safepoint: 18212 ns, Total: 91922 ns
[2020-02-27T09:12:55.792+0000][1][safepoint    ] Safepoint "Cleanup", Time since last: 1084521140 ns, Reaching safepoint: 85542 ns, At safepoint: 7474 ns, Total: 93016 ns
[2020-02-27T09:12:57.212+0000][1][safepoint    ] Safepoint "BulkRevokeBias", Time since last: 1420242559 ns, Reaching safepoint: 74268 ns, At safepoint: 251872 ns, Total: 326140 ns
[2020-02-27T09:12:59.716+0000][1][safepoint    ] Safepoint "RevokeBias", Time since last: 2503294867 ns, Reaching safepoint: 74904 ns, At safepoint: 18134 ns, Total: 93038 ns
[2020-02-27T09:13:02.220+0000][1][safepoint    ] Safepoint "RevokeBias", Time since last: 2504173234 ns, Reaching safepoint: 89811 ns, At safepoint: 22838 ns, Total: 112649 ns
[2020-02-27T09:13:04.723+0000][1][safepoint    ] Safepoint "RevokeBias", Time since last: 2502754465 ns, Reaching safepoint: 86616 ns, At safepoint: 20912 ns, Total: 107528 ns
[2020-02-27T09:13:07.225+0000][1][safepoint    ] Safepoint "RevokeBias", Time since last: 2502365311 ns, Reaching safepoint: 112435 ns, At safepoint: 17998 ns, Total: 130433 ns
[2020-02-27T09:13:09.728+0000][1][safepoint    ] Safepoint "RevokeBias", Time since last: 2502448616 ns, Reaching safepoint: 73842 ns, At safepoint: 18172 ns, Total: 92014 ns
[2020-02-27T09:13:12.233+0000][1][safepoint    ] Safepoint "RevokeBias", Time since last: 2505121995 ns, Reaching safepoint: 71679 ns, At safepoint: 17186 ns, Total: 88865 ns
[2020-02-27T09:13:14.736+0000][1][safepoint    ] Safepoint "RevokeBias", Time since last: 2503201133 ns, Reaching safepoint: 72964 ns, At safepoint: 17339 ns, Total: 90303 ns
[2020-02-27T09:13:17.240+0000][1][safepoint    ] Safepoint "RevokeBias", Time since last: 2503780117 ns, Reaching safepoint: 75949 ns, At safepoint: 17999 ns, Total: 93948 ns
[2020-02-27T09:13:19.744+0000][1][safepoint    ] Safepoint "RevokeBias", Time since last: 2503563174 ns, Reaching safepoint: 90970 ns, At safepoint: 20970 ns, Total: 111940 ns
[2020-02-27T09:13:22.250+0000][1][safepoint    ] Safepoint "RevokeBias", Time since last: 2505497174 ns, Reaching safepoint: 115395 ns, At safepoint: 35461 ns, Total: 150856 ns
[2020-02-27T09:13:24.752+0000][1][safepoint    ] Safepoint "RevokeBias", Time since last: 2502152628 ns, Reaching safepoint: 57756 ns, At safepoint: 16132 ns, Total: 73888 ns
[2020-02-27T09:13:25.752+0000][1][safepoint    ] Safepoint "Cleanup", Time since last: 1000297052 ns, Reaching safepoint: 90417 ns, At safepoint: 7492 ns, Total: 97909 ns
[2020-02-27T09:13:27.255+0000][1][safepoint    ] Safepoint "RevokeBias", Time since last: 1502439039 ns, Reaching safepoint: 75296 ns, At safepoint: 59842 ns, Total: 135138 ns
[2020-02-27T09:13:29.759+0000][1][safepoint    ] Safepoint "RevokeBias", Time since last: 2504270794 ns, Reaching safepoint: 107011 ns, At safepoint: 20337 ns, Total: 127348 ns
[2020-02-27T09:13:32.265+0000][1][safepoint    ] Safepoint "RevokeBias", Time since last: 2505847115 ns, Reaching safepoint: 75157 ns, At safepoint: 17659 ns, Total: 92816 ns
[2020-02-27T09:13:34.774+0000][1][safepoint    ] Safepoint "RevokeBias", Time since last: 2509069475 ns, Reaching safepoint: 74813 ns, At safepoint: 19151 ns, Total: 93964 ns
[2020-02-27T09:13:37.280+0000][1][safepoint    ] Safepoint "RevokeBias", Time since last: 2505540098 ns, Reaching safepoint: 75087 ns, At safepoint: 17889 ns, Total: 92976 ns
[2020-02-27T09:13:39.790+0000][1][safepoint    ] Safepoint "RevokeBias", Time since last: 2509859376 ns, Reaching safepoint: 247690 ns, At safepoint: 32752 ns, Total: 280442 ns
[2020-02-27T09:13:42.302+0000][1][safepoint    ] Safepoint "RevokeBias", Time since last: 2511888407 ns, Reaching safepoint: 74338 ns, At safepoint: 18390 ns, Total: 92728 ns
[2020-02-27T09:13:44.822+0000][1][safepoint    ] Safepoint "RevokeBias", Time since last: 2519909874 ns, Reaching safepoint: 74619 ns, At safepoint: 18211 ns, Total: 92830 ns
[2020-02-27T09:13:47.328+0000][1][safepoint    ] Safepoint "RevokeBias", Time since last: 2505835618 ns, Reaching safepoint: 73818 ns, At safepoint: 69594 ns, Total: 143412 ns
[2020-02-27T09:13:49.837+0000][1][safepoint    ] Safepoint "RevokeBias", Time since last: 2508643045 ns, Reaching safepoint: 73995 ns, At safepoint: 19278 ns, Total: 93273 ns
[2020-02-27T09:13:52.352+0000][1][safepoint    ] Safepoint "RevokeBias", Time since last: 2514738073 ns, Reaching safepoint: 171985 ns, At safepoint: 33276 ns, Total: 205261 ns
[2020-02-27T09:13:54.865+0000][1][safepoint    ] Safepoint "RevokeBias", Time since last: 2513036427 ns, Reaching safepoint: 161153 ns, At safepoint: 18400 ns, Total: 179553 ns
[2020-02-27T09:13:57.374+0000][1][safepoint    ] Safepoint "RevokeBias", Time since last: 2509152559 ns, Reaching safepoint: 74096 ns, At safepoint: 18312 ns, Total: 92408 ns
[2020-02-27T09:13:59.886+0000][1][safepoint    ] Safepoint "RevokeBias", Time since last: 2511290010 ns, Reaching safepoint: 74876 ns, At safepoint: 18154 ns, Total: 93030 ns
[2020-02-27T09:14:02.397+0000][1][safepoint    ] Safepoint "RevokeBias", Time since last: 2511412973 ns, Reaching safepoint: 72523 ns, At safepoint: 30449 ns, Total: 102972 ns
[2020-02-27T09:14:04.901+0000][1][safepoint    ] Safepoint "RevokeBias", Time since last: 2503521385 ns, Reaching safepoint: 74435 ns, At safepoint: 18489 ns, Total: 92924 ns
[2020-02-27T09:14:07.403+0000][1][safepoint    ] Safepoint "RevokeBias", Time since last: 2502435820 ns, Reaching safepoint: 74453 ns, At safepoint: 17753 ns, Total: 92206 ns
[2020-02-27T09:14:09.907+0000][1][safepoint    ] Safepoint "BulkRevokeBias", Time since last: 2503137087 ns, Reaching safepoint: 201462 ns, At safepoint: 255037 ns, Total: 456499 ns
[2020-02-27T09:14:12.411+0000][1][safepoint    ] Safepoint "RevokeBias", Time since last: 2504516093 ns, Reaching safepoint: 73337 ns, At safepoint: 17984 ns, Total: 91321 ns
[2020-02-27T09:14:14.916+0000][1][safepoint    ] Safepoint "RevokeBias", Time since last: 2504043892 ns, Reaching safepoint: 74471 ns, At safepoint: 17286 ns, Total: 91757 ns
[2020-02-27T09:14:17.419+0000][1][safepoint    ] Safepoint "RevokeBias", Time since last: 2503082101 ns, Reaching safepoint: 76760 ns, At safepoint: 18601 ns, Total: 95361 ns
[2020-02-27T09:14:19.930+0000][1][safepoint    ] Safepoint "RevokeBias", Time since last: 2510149033 ns, Reaching safepoint: 1162293 ns, At safepoint: 97042 ns, Total: 1259335 ns
[2020-02-27T09:14:22.434+0000][1][safepoint    ] Safepoint "RevokeBias", Time since last: 2503709553 ns, Reaching safepoint: 76911 ns, At safepoint: 18532 ns, Total: 95443 ns
[2020-02-27T09:14:24.937+0000][1][safepoint    ] Safepoint "RevokeBias", Time since last: 2503036057 ns, Reaching safepoint: 74676 ns, At safepoint: 18201 ns, Total: 92877 ns
[2020-02-27T09:14:27.439+0000][1][safepoint    ] Safepoint "RevokeBias", Time since last: 2501575201 ns, Reaching safepoint: 195157 ns, At safepoint: 20517 ns, Total: 215674 ns
[2020-02-27T09:14:29.943+0000][1][safepoint    ] Safepoint "RevokeBias", Time since last: 2504161978 ns, Reaching safepoint: 134836 ns, At safepoint: 35203 ns, Total: 170039 ns
[2020-02-27T09:14:32.449+0000][1][safepoint    ] Safepoint "RevokeBias", Time since last: 2506151535 ns, Reaching safepoint: 74381 ns, At safepoint: 18334 ns, Total: 92715 ns
[2020-02-27T09:14:34.952+0000][1][safepoint    ] Safepoint "RevokeBias", Time since last: 2502716527 ns, Reaching safepoint: 73968 ns, At safepoint: 18128 ns, Total: 92096 ns
[2020-02-27T09:14:37.455+0000][1][safepoint    ] Safepoint "RevokeBias", Time since last: 2502890976 ns, Reaching safepoint: 57638 ns, At safepoint: 16013 ns, Total: 73651 ns
[2020-02-27T09:14:39.958+0000][1][safepoint    ] Safepoint "RevokeBias", Time since last: 2502210205 ns, Reaching safepoint: 74334 ns, At safepoint: 18058 ns, Total: 92392 ns
[2020-02-27T09:14:42.466+0000][1][safepoint    ] Safepoint "RevokeBias", Time since last: 2507914475 ns, Reaching safepoint: 74957 ns, At safepoint: 18114 ns, Total: 93071 ns
[2020-02-27T09:14:44.969+0000][1][safepoint    ] Safepoint "RevokeBias", Time since last: 2502891484 ns, Reaching safepoint: 73167 ns, At safepoint: 18005 ns, Total: 91172 ns
[2020-02-27T09:14:47.472+0000][1][safepoint    ] Safepoint "RevokeBias", Time since last: 2503733931 ns, Reaching safepoint: 71889 ns, At safepoint: 17130 ns, Total: 89019 ns
[2020-02-27T09:14:50.121+0000][1][safepoint    ] Safepoint "RevokeBias", Time since last: 2647403100 ns, Reaching safepoint: 1595216 ns, At safepoint: 90245 ns, Total: 1685461 ns
[2020-02-27T09:14:52.625+0000][1][safepoint    ] Safepoint "RevokeBias", Time since last: 2503142135 ns, Reaching safepoint: 73076 ns, At safepoint: 17817 ns, Total: 90893 ns
[2020-02-27T09:14:54.678+0000][1][gc,start     ] GC(153) Pause Young (Allocation Failure)
[2020-02-27T09:14:54.679+0000][1][gc,task      ] GC(153) Using 1 workers of 1 for evacuation
[2020-02-27T09:14:54.688+0000][1][gc,age       ] GC(153) Desired survivor size 4358144 bytes, new threshold 6 (max threshold 6)
[2020-02-27T09:14:54.689+0000][1][gc,age       ] GC(153) Age table with threshold 6 (max threshold 6)
[2020-02-27T09:14:54.689+0000][1][gc,age       ] GC(153) - age   1:      10784 bytes,      10784 total
[2020-02-27T09:14:54.689+0000][1][gc,age       ] GC(153) - age   2:        264 bytes,      11048 total
[2020-02-27T09:14:54.689+0000][1][gc,age       ] GC(153) - age   5:        224 bytes,      11272 total
[2020-02-27T09:14:54.689+0000][1][gc,age       ] GC(153) - age   6:        120 bytes,      11392 total
[2020-02-27T09:14:54.689+0000][1][gc,heap      ] GC(153) ParNew: 68148K->11K(76672K)
[2020-02-27T09:14:54.689+0000][1][gc,heap      ] GC(153) CMS: 62522K->62522K(963392K)
[2020-02-27T09:14:54.689+0000][1][gc,metaspace ] GC(153) Metaspace: 80580K->80580K(1124352K)
[2020-02-27T09:14:54.689+0000][1][gc           ] GC(153) Pause Young (Allocation Failure) 127M->61M(1015M) 10.283ms
[2020-02-27T09:14:54.689+0000][1][gc,cpu       ] GC(153) User=0.01s Sys=0.00s Real=0.01s
[2020-02-27T09:14:54.689+0000][1][safepoint    ] Safepoint "GenCollectForAllocation", Time since last: 2053555783 ns, Reaching safepoint: 197575 ns, At safepoint: 10348164 ns, Total: 10545739 ns
[2020-02-27T09:14:55.128+0000][1][safepoint    ] Safepoint "RevokeBias", Time since last: 439439083 ns, Reaching safepoint: 75978 ns, At safepoint: 19259 ns, Total: 95237 ns
[2020-02-27T09:14:57.631+0000][1][safepoint    ] Safepoint "RevokeBias", Time since last: 2502937601 ns, Reaching safepoint: 74411 ns, At safepoint: 18264 ns, Total: 92675 ns
[2020-02-27T09:15:00.135+0000][1][safepoint    ] Safepoint "RevokeBias", Time since last: 2503135317 ns, Reaching safepoint: 75091 ns, At safepoint: 18660 ns, Total: 93751 ns
[2020-02-27T09:15:02.640+0000][1][safepoint    ] Safepoint "RevokeBias", Time since last: 2505341950 ns, Reaching safepoint: 76803 ns, At safepoint: 17791 ns, Total: 94594 ns
[2020-02-27T09:15:05.143+0000][1][safepoint    ] Safepoint "RevokeBias", Time since last: 2503157331 ns, Reaching safepoint: 88987 ns, At safepoint: 21991 ns, Total: 110978 ns
[2020-02-27T09:15:07.656+0000][1][safepoint    ] Safepoint "RevokeBias", Time since last: 2513006196 ns, Reaching safepoint: 72504 ns, At safepoint: 18344 ns, Total: 90848 ns
[2020-02-27T09:15:10.166+0000][1][safepoint    ] Safepoint "RevokeBias", Time since last: 2509142325 ns, Reaching safepoint: 72691 ns, At safepoint: 17185 ns, Total: 89876 ns
[2020-02-27T09:15:12.677+0000][1][safepoint    ] Safepoint "RevokeBias", Time since last: 2511120483 ns, Reaching safepoint: 74723 ns, At safepoint: 18362 ns, Total: 93085 ns
[2020-02-27T09:15:15.191+0000][1][safepoint    ] Safepoint "RevokeBias", Time since last: 2513704316 ns, Reaching safepoint: 127572 ns, At safepoint: 19986 ns, Total: 147558 ns
[2020-02-27T09:15:17.702+0000][1][safepoint    ] Safepoint "RevokeBias", Time since last: 2511085868 ns, Reaching safepoint: 75072 ns, At safepoint: 17490 ns, Total: 92562 ns
[2020-02-27T09:15:20.215+0000][1][safepoint    ] Safepoint "RevokeBias", Time since last: 2513314066 ns, Reaching safepoint: 174585 ns, At safepoint: 42799 ns, Total: 217384 ns
[2020-02-27T09:15:22.738+0000][1][safepoint    ] Safepoint "BulkRevokeBias", Time since last: 2521673258 ns, Reaching safepoint: 74559 ns, At safepoint: 366453 ns, Total: 441012 ns
[2020-02-27T09:15:25.251+0000][1][safepoint    ] Safepoint "RevokeBias", Time since last: 2513568329 ns, Reaching safepoint: 102348 ns, At safepoint: 58989 ns, Total: 161337 ns
[2020-02-27T09:15:27.761+0000][1][safepoint    ] Safepoint "RevokeBias", Time since last: 2510108724 ns, Reaching safepoint: 74603 ns, At safepoint: 18270 ns, Total: 92873 ns
[2020-02-27T09:15:30.271+0000][1][safepoint    ] Safepoint "RevokeBias", Time since last: 2508888680 ns, Reaching safepoint: 151374 ns, At safepoint: 22342 ns, Total: 173716 ns
[2020-02-27T09:15:32.792+0000][1][safepoint    ] Safepoint "RevokeBias", Time since last: 2521303412 ns, Reaching safepoint: 73175 ns, At safepoint: 17295 ns, Total: 90470 ns
[2020-02-27T09:15:35.306+0000][1][safepoint    ] Safepoint "RevokeBias", Time since last: 2513915927 ns, Reaching safepoint: 176238 ns, At safepoint: 19710 ns, Total: 195948 ns
[2020-02-27T09:15:37.816+0000][1][safepoint    ] Safepoint "RevokeBias", Time since last: 2510107100 ns, Reaching safepoint: 75918 ns, At safepoint: 18126 ns, Total: 94044 ns
[2020-02-27T09:15:40.330+0000][1][safepoint    ] Safepoint "RevokeBias", Time since last: 2513609468 ns, Reaching safepoint: 127129 ns, At safepoint: 18951 ns, Total: 146080 ns
[2020-02-27T09:15:42.835+0000][1][safepoint    ] Safepoint "RevokeBias", Time since last: 2505353838 ns, Reaching safepoint: 74202 ns, At safepoint: 18479 ns, Total: 92681 ns
[2020-02-27T09:15:45.339+0000][1][safepoint    ] Safepoint "RevokeBias", Time since last: 2503486222 ns, Reaching safepoint: 73755 ns, At safepoint: 18698 ns, Total: 92453 ns
[2020-02-27T09:15:47.844+0000][1][safepoint    ] Safepoint "RevokeBias", Time since last: 2504362937 ns, Reaching safepoint: 118830 ns, At safepoint: 28917 ns, Total: 147747 ns
[2020-02-27T09:15:50.347+0000][1][safepoint    ] Safepoint "RevokeBias", Time since last: 2503703504 ns, Reaching safepoint: 91824 ns, At safepoint: 21484 ns, Total: 113308 ns
[2020-02-27T09:15:52.851+0000][1][safepoint    ] Safepoint "RevokeBias", Time since last: 2503117780 ns, Reaching safepoint: 84092 ns, At safepoint: 21313 ns, Total: 105405 ns
[2020-02-27T09:15:55.354+0000][1][safepoint    ] Safepoint "RevokeBias", Time since last: 2503180967 ns, Reaching safepoint: 134543 ns, At safepoint: 42816 ns, Total: 177359 ns
[2020-02-27T09:15:57.858+0000][1][safepoint    ] Safepoint "RevokeBias", Time since last: 2503921061 ns, Reaching safepoint: 73934 ns, At safepoint: 17987 ns, Total: 91921 ns
[2020-02-27T09:16:00.362+0000][1][safepoint    ] Safepoint "RevokeBias", Time since last: 2504016930 ns, Reaching safepoint: 74507 ns, At safepoint: 17796 ns, Total: 92303 ns
[2020-02-27T09:16:02.868+0000][1][safepoint    ] Safepoint "RevokeBias", Time since last: 2505966719 ns, Reaching safepoint: 128763 ns, At safepoint: 29280 ns, Total: 158043 ns
[2020-02-27T09:16:05.372+0000][1][safepoint    ] Safepoint "RevokeBias", Time since last: 2504033487 ns, Reaching safepoint: 73632 ns, At safepoint: 17560 ns, Total: 91192 ns
[2020-02-27T09:16:07.875+0000][1][safepoint    ] Safepoint "RevokeBias", Time since last: 2502293635 ns, Reaching safepoint: 135307 ns, At safepoint: 44624 ns, Total: 179931 ns
[2020-02-27T09:16:10.380+0000][1][safepoint    ] Safepoint "RevokeBias", Time since last: 2504649566 ns, Reaching safepoint: 88378 ns, At safepoint: 21677 ns, Total: 110055 ns
[2020-02-27T09:16:12.884+0000][1][safepoint    ] Safepoint "RevokeBias", Time since last: 2503903515 ns, Reaching safepoint: 73895 ns, At safepoint: 17402 ns, Total: 91297 ns
[2020-02-27T09:16:15.387+0000][1][safepoint    ] Safepoint "RevokeBias", Time since last: 2503254392 ns, Reaching safepoint: 72929 ns, At safepoint: 17379 ns, Total: 90308 ns
[2020-02-27T09:16:17.891+0000][1][safepoint    ] Safepoint "RevokeBias", Time since last: 2503971246 ns, Reaching safepoint: 75362 ns, At safepoint: 18475 ns, Total: 93837 ns
[2020-02-27T09:16:20.394+0000][1][safepoint    ] Safepoint "RevokeBias", Time since last: 2502845937 ns, Reaching safepoint: 94372 ns, At safepoint: 21361 ns, Total: 115733 ns
[2020-02-27T09:16:22.899+0000][1][safepoint    ] Safepoint "RevokeBias", Time since last: 2505102655 ns, Reaching safepoint: 72811 ns, At safepoint: 18398 ns, Total: 91209 ns
[2020-02-27T09:16:25.404+0000][1][safepoint    ] Safepoint "RevokeBias", Time since last: 2504463427 ns, Reaching safepoint: 74459 ns, At safepoint: 17622 ns, Total: 92081 ns
[2020-02-27T09:16:27.906+0000][1][safepoint    ] Safepoint "RevokeBias", Time since last: 2502650715 ns, Reaching safepoint: 109856 ns, At safepoint: 20969 ns, Total: 130825 ns
[2020-02-27T09:16:30.410+0000][1][safepoint    ] Safepoint "RevokeBias", Time since last: 2503533737 ns, Reaching safepoint: 77795 ns, At safepoint: 67076 ns, Total: 144871 ns
[2020-02-27T09:16:32.916+0000][1][safepoint    ] Safepoint "RevokeBias", Time since last: 2505525661 ns, Reaching safepoint: 94009 ns, At safepoint: 25645 ns, Total: 119654 ns
[2020-02-27T09:16:35.420+0000][1][safepoint    ] Safepoint "BulkRevokeBias", Time since last: 2503819900 ns, Reaching safepoint: 75395 ns, At safepoint: 293619 ns, Total: 369014 ns
[2020-02-27T09:16:37.922+0000][1][safepoint    ] Safepoint "RevokeBias", Time since last: 2502102026 ns, Reaching safepoint: 77044 ns, At safepoint: 18676 ns, Total: 95720 ns
[2020-02-27T09:16:40.434+0000][1][safepoint    ] Safepoint "RevokeBias", Time since last: 2511772431 ns, Reaching safepoint: 111544 ns, At safepoint: 29074 ns, Total: 140618 ns
[2020-02-27T09:16:42.943+0000][1][safepoint    ] Safepoint "RevokeBias", Time since last: 2508934385 ns, Reaching safepoint: 73338 ns, At safepoint: 18406 ns, Total: 91744 ns
[2020-02-27T09:16:45.450+0000][1][safepoint    ] Safepoint "RevokeBias", Time since last: 2506875656 ns, Reaching safepoint: 97856 ns, At safepoint: 29357 ns, Total: 127213 ns
[2020-02-27T09:16:47.957+0000][1][safepoint    ] Safepoint "RevokeBias", Time since last: 2506912092 ns, Reaching safepoint: 179970 ns, At safepoint: 28371 ns, Total: 208341 ns
[2020-02-27T09:16:50.471+0000][1][safepoint    ] Safepoint "RevokeBias", Time since last: 2512964712 ns, Reaching safepoint: 112330 ns, At safepoint: 379266 ns, Total: 491596 ns
[2020-02-27T09:16:52.982+0000][1][safepoint    ] Safepoint "RevokeBias", Time since last: 2511025900 ns, Reaching safepoint: 76249 ns, At safepoint: 18271 ns, Total: 94520 ns
[2020-02-27T09:16:55.503+0000][1][safepoint    ] Safepoint "RevokeBias", Time since last: 2521071461 ns, Reaching safepoint: 61590 ns, At safepoint: 102980 ns, Total: 164570 ns
[2020-02-27T09:16:58.013+0000][1][safepoint    ] Safepoint "RevokeBias", Time since last: 2510000620 ns, Reaching safepoint: 190122 ns, At safepoint: 37354 ns, Total: 227476 ns
[2020-02-27T09:17:00.527+0000][1][safepoint    ] Safepoint "RevokeBias", Time since last: 2513990683 ns, Reaching safepoint: 72559 ns, At safepoint: 17725 ns, Total: 90284 ns
[2020-02-27T09:17:03.040+0000][1][safepoint    ] Safepoint "RevokeBias", Time since last: 2512801807 ns, Reaching safepoint: 74428 ns, At safepoint: 18201 ns, Total: 92629 ns
[2020-02-27T09:17:05.552+0000][1][safepoint    ] Safepoint "RevokeBias", Time since last: 2511275895 ns, Reaching safepoint: 244516 ns, At safepoint: 64342 ns, Total: 308858 ns
[2020-02-27T09:17:08.061+0000][1][safepoint    ] Safepoint "RevokeBias", Time since last: 2509596886 ns, Reaching safepoint: 84191 ns, At safepoint: 20997 ns, Total: 105188 ns
[2020-02-27T09:17:09.911+0000][1][gc,start     ] GC(154) Pause Young (Allocation Failure)
[2020-02-27T09:17:09.911+0000][1][gc,task      ] GC(154) Using 1 workers of 1 for evacuation
[2020-02-27T09:17:09.922+0000][1][gc,age       ] GC(154) Desired survivor size 4358144 bytes, new threshold 6 (max threshold 6)
[2020-02-27T09:17:09.922+0000][1][gc,age       ] GC(154) Age table with threshold 6 (max threshold 6)
[2020-02-27T09:17:09.922+0000][1][gc,age       ] GC(154) - age   1:      11656 bytes,      11656 total
[2020-02-27T09:17:09.922+0000][1][gc,age       ] GC(154) - age   3:        264 bytes,      11920 total
[2020-02-27T09:17:09.922+0000][1][gc,age       ] GC(154) - age   6:        224 bytes,      12144 total
[2020-02-27T09:17:09.922+0000][1][gc,heap      ] GC(154) ParNew: 68171K->22K(76672K)
[2020-02-27T09:17:09.922+0000][1][gc,heap      ] GC(154) CMS: 62522K->62522K(963392K)
[2020-02-27T09:17:09.922+0000][1][gc,metaspace ] GC(154) Metaspace: 80581K->80581K(1124352K)
[2020-02-27T09:17:09.922+0000][1][gc           ] GC(154) Pause Young (Allocation Failure) 127M->61M(1015M) 10.453ms
[2020-02-27T09:17:09.922+0000][1][gc,cpu       ] GC(154) User=0.01s Sys=0.00s Real=0.01s
[2020-02-27T09:17:09.922+0000][1][safepoint    ] Safepoint "GenCollectForAllocation", Time since last: 1849684114 ns, Reaching safepoint: 169585 ns, At safepoint: 10534451 ns, Total: 10704036 ns
[2020-02-27T09:17:10.573+0000][1][safepoint    ] Safepoint "RevokeBias", Time since last: 650834487 ns, Reaching safepoint: 129774 ns, At safepoint: 19848 ns, Total: 149622 ns
[2020-02-27T09:17:13.085+0000][1][safepoint    ] Safepoint "RevokeBias", Time since last: 2512317828 ns, Reaching safepoint: 76042 ns, At safepoint: 18343 ns, Total: 94385 ns
[2020-02-27T09:17:15.590+0000][1][safepoint    ] Safepoint "RevokeBias", Time since last: 2504927576 ns, Reaching safepoint: 113797 ns, At safepoint: 29216 ns, Total: 143013 ns
[2020-02-27T09:17:18.094+0000][1][safepoint    ] Safepoint "RevokeBias", Time since last: 2503604654 ns, Reaching safepoint: 200885 ns, At safepoint: 37942 ns, Total: 238827 ns
[2020-02-27T09:17:20.599+0000][1][safepoint    ] Safepoint "RevokeBias", Time since last: 2504946005 ns, Reaching safepoint: 190701 ns, At safepoint: 33725 ns, Total: 224426 ns
[2020-02-27T09:17:23.106+0000][1][safepoint    ] Safepoint "RevokeBias", Time since last: 2506638774 ns, Reaching safepoint: 147798 ns, At safepoint: 23471 ns, Total: 171269 ns
[2020-02-27T09:17:25.611+0000][1][safepoint    ] Safepoint "RevokeBias", Time since last: 2504739626 ns, Reaching safepoint: 82697 ns, At safepoint: 21376 ns, Total: 104073 ns
[2020-02-27T09:17:28.113+0000][1][safepoint    ] Safepoint "RevokeBias", Time since last: 2501729383 ns, Reaching safepoint: 79662 ns, At safepoint: 18516 ns, Total: 98178 ns
[2020-02-27T09:17:30.616+0000][1][safepoint    ] Safepoint "RevokeBias", Time since last: 2503182429 ns, Reaching safepoint: 71629 ns, At safepoint: 17571 ns, Total: 89200 ns
[2020-02-27T09:17:33.122+0000][1][safepoint    ] Safepoint "RevokeBias", Time since last: 2505544177 ns, Reaching safepoint: 118671 ns, At safepoint: 29785 ns, Total: 148456 ns
[2020-02-27T09:17:35.624+0000][1][safepoint    ] Safepoint "RevokeBias", Time since last: 2502506769 ns, Reaching safepoint: 75864 ns, At safepoint: 18601 ns, Total: 94465 ns
[2020-02-27T09:17:38.129+0000][1][safepoint    ] Safepoint "RevokeBias", Time since last: 2504409780 ns, Reaching safepoint: 94701 ns, At safepoint: 21238 ns, Total: 115939 ns
[2020-02-27T09:17:40.632+0000][1][safepoint    ] Safepoint "RevokeBias", Time since last: 2503463346 ns, Reaching safepoint: 73607 ns, At safepoint: 18163 ns, Total: 91770 ns
[2020-02-27T09:17:43.138+0000][1][safepoint    ] Safepoint "RevokeBias", Time since last: 2505872938 ns, Reaching safepoint: 77110 ns, At safepoint: 18492 ns, Total: 95602 ns
[2020-02-27T09:17:45.643+0000][1][safepoint    ] Safepoint "RevokeBias", Time since last: 2504727676 ns, Reaching safepoint: 74730 ns, At safepoint: 18639 ns, Total: 93369 ns
[2020-02-27T09:17:48.148+0000][1][safepoint    ] Safepoint "BulkRevokeBias", Time since last: 2504398915 ns, Reaching safepoint: 155518 ns, At safepoint: 382380 ns, Total: 537898 ns
[2020-02-27T09:17:50.652+0000][1][safepoint    ] Safepoint "RevokeBias", Time since last: 2504066031 ns, Reaching safepoint: 90722 ns, At safepoint: 21514 ns, Total: 112236 ns
[2020-02-27T09:17:53.159+0000][1][safepoint    ] Safepoint "RevokeBias", Time since last: 2506798074 ns, Reaching safepoint: 88910 ns, At safepoint: 21657 ns, Total: 110567 ns
[2020-02-27T09:17:54.160+0000][1][safepoint    ] Safepoint "Cleanup", Time since last: 1000594200 ns, Reaching safepoint: 92935 ns, At safepoint: 10956 ns, Total: 103891 ns
[2020-02-27T09:17:55.664+0000][1][safepoint    ] Safepoint "RevokeBias", Time since last: 1503548217 ns, Reaching safepoint: 73327 ns, At safepoint: 17487 ns, Total: 90814 ns
[2020-02-27T09:17:58.166+0000][1][safepoint    ] Safepoint "RevokeBias", Time since last: 2501810663 ns, Reaching safepoint: 140450 ns, At safepoint: 50044 ns, Total: 190494 ns
[2020-02-27T09:18:00.670+0000][1][safepoint    ] Safepoint "RevokeBias", Time since last: 2504628547 ns, Reaching safepoint: 161116 ns, At safepoint: 29068 ns, Total: 190184 ns
[2020-02-27T09:18:03.175+0000][1][safepoint    ] Safepoint "RevokeBias", Time since last: 2504642234 ns, Reaching safepoint: 74923 ns, At safepoint: 18531 ns, Total: 93454 ns
[2020-02-27T09:18:05.679+0000][1][safepoint    ] Safepoint "RevokeBias", Time since last: 2503951553 ns, Reaching safepoint: 83487 ns, At safepoint: 25069 ns, Total: 108556 ns
[2020-02-27T09:18:08.182+0000][1][safepoint    ] Safepoint "RevokeBias", Time since last: 2502970692 ns, Reaching safepoint: 64744 ns, At safepoint: 18663 ns, Total: 83407 ns
[2020-02-27T09:18:10.686+0000][1][safepoint    ] Safepoint "RevokeBias", Time since last: 2503201361 ns, Reaching safepoint: 153990 ns, At safepoint: 22318 ns, Total: 176308 ns
[2020-02-27T09:18:13.192+0000][1][safepoint    ] Safepoint "RevokeBias", Time since last: 2506302272 ns, Reaching safepoint: 109383 ns, At safepoint: 33446 ns, Total: 142829 ns
[2020-02-27T09:18:15.696+0000][1][safepoint    ] Safepoint "RevokeBias", Time since last: 2503679752 ns, Reaching safepoint: 73774 ns, At safepoint: 18164 ns, Total: 91938 ns
[2020-02-27T09:18:18.207+0000][1][safepoint    ] Safepoint "RevokeBias", Time since last: 2511491502 ns, Reaching safepoint: 77469 ns, At safepoint: 18572 ns, Total: 96041 ns
[2020-02-27T09:18:20.715+0000][1][safepoint    ] Safepoint "RevokeBias", Time since last: 2507457863 ns, Reaching safepoint: 151230 ns, At safepoint: 29786 ns, Total: 181016 ns
[2020-02-27T09:18:23.239+0000][1][safepoint    ] Safepoint "RevokeBias", Time since last: 2523574758 ns, Reaching safepoint: 203443 ns, At safepoint: 55314 ns, Total: 258757 ns
[2020-02-27T09:18:25.747+0000][1][safepoint    ] Safepoint "RevokeBias", Time since last: 2507523011 ns, Reaching safepoint: 72810 ns, At safepoint: 18248 ns, Total: 91058 ns
[2020-02-27T09:18:28.257+0000][1][safepoint    ] Safepoint "RevokeBias", Time since last: 2510750973 ns, Reaching safepoint: 53949 ns, At safepoint: 15484 ns, Total: 69433 ns
[2020-02-27T09:18:30.767+0000][1][safepoint    ] Safepoint "RevokeBias", Time since last: 2509126478 ns, Reaching safepoint: 76588 ns, At safepoint: 18572 ns, Total: 95160 ns
[2020-02-27T09:18:33.274+0000][1][safepoint    ] Safepoint "RevokeBias", Time since last: 2507456518 ns, Reaching safepoint: 76562 ns, At safepoint: 17863 ns, Total: 94425 ns
[2020-02-27T09:18:35.788+0000][1][safepoint    ] Safepoint "RevokeBias", Time since last: 2513704133 ns, Reaching safepoint: 72357 ns, At safepoint: 17464 ns, Total: 89821 ns
[2020-02-27T09:18:38.302+0000][1][safepoint    ] Safepoint "RevokeBias", Time since last: 2513538394 ns, Reaching safepoint: 119915 ns, At safepoint: 18674 ns, Total: 138589 ns
[2020-02-27T09:18:40.811+0000][1][safepoint    ] Safepoint "RevokeBias", Time since last: 2509529668 ns, Reaching safepoint: 74089 ns, At safepoint: 18102 ns, Total: 92191 ns
[2020-02-27T09:18:43.334+0000][1][safepoint    ] Safepoint "RevokeBias", Time since last: 2522178690 ns, Reaching safepoint: 55604 ns, At safepoint: 16040 ns, Total: 71644 ns
[2020-02-27T09:18:45.844+0000][1][safepoint    ] Safepoint "RevokeBias", Time since last: 2510086082 ns, Reaching safepoint: 73292 ns, At safepoint: 17270 ns, Total: 90562 ns
[2020-02-27T09:18:48.367+0000][1][safepoint    ] Safepoint "RevokeBias", Time since last: 2522837899 ns, Reaching safepoint: 76218 ns, At safepoint: 19001 ns, Total: 95219 ns
[2020-02-27T09:18:50.879+0000][1][safepoint    ] Safepoint "RevokeBias", Time since last: 2512722875 ns, Reaching safepoint: 97953 ns, At safepoint: 22297 ns, Total: 120250 ns
[2020-02-27T09:18:53.386+0000][1][safepoint    ] Safepoint "RevokeBias", Time since last: 2506192623 ns, Reaching safepoint: 73519 ns, At safepoint: 17500 ns, Total: 91019 ns
[2020-02-27T09:18:55.891+0000][1][safepoint    ] Safepoint "RevokeBias", Time since last: 2505178198 ns, Reaching safepoint: 73945 ns, At safepoint: 18291 ns, Total: 92236 ns
[2020-02-27T09:18:58.394+0000][1][safepoint    ] Safepoint "RevokeBias", Time since last: 2502327029 ns, Reaching safepoint: 189954 ns, At safepoint: 40675 ns, Total: 230629 ns
[2020-02-27T09:19:00.898+0000][1][safepoint    ] Safepoint "BulkRevokeBias", Time since last: 2504413901 ns, Reaching safepoint: 77387 ns, At safepoint: 189995 ns, Total: 267382 ns
[2020-02-27T09:19:03.404+0000][1][safepoint    ] Safepoint "RevokeBias", Time since last: 2506139733 ns, Reaching safepoint: 74531 ns, At safepoint: 18019 ns, Total: 92550 ns
[2020-02-27T09:19:05.909+0000][1][safepoint    ] Safepoint "RevokeBias", Time since last: 2503949572 ns, Reaching safepoint: 75043 ns, At safepoint: 18005 ns, Total: 93048 ns
[2020-02-27T09:19:08.410+0000][1][safepoint    ] Safepoint "RevokeBias", Time since last: 2501497201 ns, Reaching safepoint: 76405 ns, At safepoint: 18320 ns, Total: 94725 ns
[2020-02-27T09:19:10.913+0000][1][safepoint    ] Safepoint "RevokeBias", Time since last: 2502429628 ns, Reaching safepoint: 76653 ns, At safepoint: 18318 ns, Total: 94971 ns
[2020-02-27T09:19:13.417+0000][1][safepoint    ] Safepoint "RevokeBias", Time since last: 2504202171 ns, Reaching safepoint: 116407 ns, At safepoint: 21792 ns, Total: 138199 ns
[2020-02-27T09:19:15.922+0000][1][safepoint    ] Safepoint "RevokeBias", Time since last: 2505250497 ns, Reaching safepoint: 107461 ns, At safepoint: 18828 ns, Total: 126289 ns
[2020-02-27T09:19:18.425+0000][1][safepoint    ] Safepoint "RevokeBias", Time since last: 2502274033 ns, Reaching safepoint: 157303 ns, At safepoint: 21191 ns, Total: 178494 ns
[2020-02-27T09:19:20.927+0000][1][safepoint    ] Safepoint "RevokeBias", Time since last: 2502167720 ns, Reaching safepoint: 94642 ns, At safepoint: 21907 ns, Total: 116549 ns
[2020-02-27T09:19:23.432+0000][1][safepoint    ] Safepoint "RevokeBias", Time since last: 2505123988 ns, Reaching safepoint: 74133 ns, At safepoint: 17843 ns, Total: 91976 ns
[2020-02-27T09:19:25.935+0000][1][gc,start     ] GC(155) Pause Young (Allocation Failure)
[2020-02-27T09:19:25.935+0000][1][gc,task      ] GC(155) Using 1 workers of 1 for evacuation
[2020-02-27T09:19:25.946+0000][1][gc,age       ] GC(155) Desired survivor size 4358144 bytes, new threshold 6 (max threshold 6)
[2020-02-27T09:19:25.947+0000][1][gc,age       ] GC(155) Age table with threshold 6 (max threshold 6)
[2020-02-27T09:19:25.947+0000][1][gc,age       ] GC(155) - age   1:      18216 bytes,      18216 total
[2020-02-27T09:19:25.947+0000][1][gc,age       ] GC(155) - age   4:        264 bytes,      18480 total
[2020-02-27T09:19:25.947+0000][1][gc,heap      ] GC(155) ParNew: 68182K->21K(76672K)
[2020-02-27T09:19:25.947+0000][1][gc,heap      ] GC(155) CMS: 62522K->62522K(963392K)
[2020-02-27T09:19:25.947+0000][1][gc,metaspace ] GC(155) Metaspace: 80591K->80591K(1124352K)
[2020-02-27T09:19:25.947+0000][1][gc           ] GC(155) Pause Young (Allocation Failure) 127M->61M(1015M) 11.294ms
[2020-02-27T09:19:25.947+0000][1][gc,cpu       ] GC(155) User=0.01s Sys=0.00s Real=0.01s
[2020-02-27T09:19:25.947+0000][1][safepoint    ] Safepoint "GenCollectForAllocation", Time since last: 2502966729 ns, Reaching safepoint: 82990 ns, At safepoint: 11351137 ns, Total: 11434127 ns
[2020-02-27T09:19:25.948+0000][1][safepoint    ] Safepoint "RevokeBias", Time since last: 776844 ns, Reaching safepoint: 68985 ns, At safepoint: 16792 ns, Total: 85777 ns
[2020-02-27T09:19:28.450+0000][1][safepoint    ] Safepoint "RevokeBias", Time since last: 2502759971 ns, Reaching safepoint: 115231 ns, At safepoint: 23990 ns, Total: 139221 ns
[2020-02-27T09:19:30.954+0000][1][safepoint    ] Safepoint "RevokeBias", Time since last: 2503864321 ns, Reaching safepoint: 106029 ns, At safepoint: 22269 ns, Total: 128298 ns
[2020-02-27T09:19:33.459+0000][1][safepoint    ] Safepoint "RevokeBias", Time since last: 2504007151 ns, Reaching safepoint: 75432 ns, At safepoint: 17936 ns, Total: 93368 ns
[2020-02-27T09:19:35.962+0000][1][safepoint    ] Safepoint "RevokeBias", Time since last: 2503776855 ns, Reaching safepoint: 74182 ns, At safepoint: 17220 ns, Total: 91402 ns
[2020-02-27T09:19:38.465+0000][1][safepoint    ] Safepoint "RevokeBias", Time since last: 2502639918 ns, Reaching safepoint: 91849 ns, At safepoint: 18686 ns, Total: 110535 ns
[2020-02-27T09:19:40.968+0000][1][safepoint    ] Safepoint "RevokeBias", Time since last: 2503100603 ns, Reaching safepoint: 75137 ns, At safepoint: 18654 ns, Total: 93791 ns
[2020-02-27T09:19:43.474+0000][1][safepoint    ] Safepoint "RevokeBias", Time since last: 2505580628 ns, Reaching safepoint: 57061 ns, At safepoint: 15809 ns, Total: 72870 ns
[2020-02-27T09:19:45.979+0000][1][safepoint    ] Safepoint "RevokeBias", Time since last: 2505341572 ns, Reaching safepoint: 73176 ns, At safepoint: 17969 ns, Total: 91145 ns
[2020-02-27T09:19:48.482+0000][1][safepoint    ] Safepoint "RevokeBias", Time since last: 2501993888 ns, Reaching safepoint: 76548 ns, At safepoint: 18066 ns, Total: 94614 ns
[2020-02-27T09:19:50.993+0000][1][safepoint    ] Safepoint "RevokeBias", Time since last: 2510012220 ns, Reaching safepoint: 1270899 ns, At safepoint: 21955 ns, Total: 1292854 ns
[2020-02-27T09:19:53.498+0000][1][safepoint    ] Safepoint "RevokeBias", Time since last: 2504608386 ns, Reaching safepoint: 74713 ns, At safepoint: 17809 ns, Total: 92522 ns
[2020-02-27T09:19:56.008+0000][1][safepoint    ] Safepoint "RevokeBias", Time since last: 2510219725 ns, Reaching safepoint: 122252 ns, At safepoint: 20598 ns, Total: 142850 ns
[2020-02-27T09:19:58.515+0000][1][safepoint    ] Safepoint "RevokeBias", Time since last: 2506534358 ns, Reaching safepoint: 73340 ns, At safepoint: 17723 ns, Total: 91063 ns
[2020-02-27T09:20:01.026+0000][1][safepoint    ] Safepoint "RevokeBias", Time since last: 2510951208 ns, Reaching safepoint: 94522 ns, At safepoint: 18650 ns, Total: 113172 ns
[2020-02-27T09:20:03.541+0000][1][safepoint    ] Safepoint "RevokeBias", Time since last: 2515504467 ns, Reaching safepoint: 73651 ns, At safepoint: 17533 ns, Total: 91184 ns
[2020-02-27T09:20:06.055+0000][1][safepoint    ] Safepoint "RevokeBias", Time since last: 2514077023 ns, Reaching safepoint: 74153 ns, At safepoint: 17714 ns, Total: 91867 ns
[2020-02-27T09:20:08.564+0000][1][safepoint    ] Safepoint "RevokeBias", Time since last: 2508565423 ns, Reaching safepoint: 76087 ns, At safepoint: 18562 ns, Total: 94649 ns
[2020-02-27T09:20:11.084+0000][1][safepoint    ] Safepoint "RevokeBias", Time since last: 2520285307 ns, Reaching safepoint: 74077 ns, At safepoint: 18563 ns, Total: 92640 ns
[2020-02-27T09:20:13.600+0000][1][safepoint    ] Safepoint "BulkRevokeBias", Time since last: 2515267493 ns, Reaching safepoint: 76167 ns, At safepoint: 238084 ns, Total: 314251 ns
[2020-02-27T09:20:16.113+0000][1][safepoint    ] Safepoint "RevokeBias", Time since last: 2513127060 ns, Reaching safepoint: 182006 ns, At safepoint: 20779 ns, Total: 202785 ns
[2020-02-27T09:20:18.624+0000][1][safepoint    ] Safepoint "RevokeBias", Time since last: 2510489192 ns, Reaching safepoint: 93142 ns, At safepoint: 20786 ns, Total: 113928 ns
[2020-02-27T09:20:21.147+0000][1][safepoint    ] Safepoint "RevokeBias", Time since last: 2522991173 ns, Reaching safepoint: 73591 ns, At safepoint: 18035 ns, Total: 91626 ns
[2020-02-27T09:20:23.663+0000][1][safepoint    ] Safepoint "RevokeBias", Time since last: 2515503579 ns, Reaching safepoint: 99389 ns, At safepoint: 27894 ns, Total: 127283 ns
[2020-02-27T09:20:26.179+0000][1][safepoint    ] Safepoint "RevokeBias", Time since last: 2516455135 ns, Reaching safepoint: 143132 ns, At safepoint: 21246 ns, Total: 164378 ns
[2020-02-27T09:20:28.687+0000][1][safepoint    ] Safepoint "RevokeBias", Time since last: 2508059732 ns, Reaching safepoint: 74746 ns, At safepoint: 17739 ns, Total: 92485 ns
[2020-02-27T09:20:31.200+0000][1][safepoint    ] Safepoint "RevokeBias", Time since last: 2512544713 ns, Reaching safepoint: 57424 ns, At safepoint: 17118 ns, Total: 74542 ns
[2020-02-27T09:20:33.709+0000][1][safepoint    ] Safepoint "RevokeBias", Time since last: 2509286796 ns, Reaching safepoint: 74688 ns, At safepoint: 17694 ns, Total: 92382 ns
[2020-02-27T09:20:36.214+0000][1][safepoint    ] Safepoint "RevokeBias", Time since last: 2504946961 ns, Reaching safepoint: 74415 ns, At safepoint: 17978 ns, Total: 92393 ns
[2020-02-27T09:20:38.719+0000][1][safepoint    ] Safepoint "RevokeBias", Time since last: 2504061813 ns, Reaching safepoint: 74695 ns, At safepoint: 17794 ns, Total: 92489 ns
[2020-02-27T09:20:41.222+0000][1][safepoint    ] Safepoint "RevokeBias", Time since last: 2502866615 ns, Reaching safepoint: 76301 ns, At safepoint: 18345 ns, Total: 94646 ns
[2020-02-27T09:20:43.728+0000][1][safepoint    ] Safepoint "RevokeBias", Time since last: 2506176691 ns, Reaching safepoint: 109479 ns, At safepoint: 28137 ns, Total: 137616 ns
[2020-02-27T09:20:46.233+0000][1][safepoint    ] Safepoint "RevokeBias", Time since last: 2504614773 ns, Reaching safepoint: 74382 ns, At safepoint: 18472 ns, Total: 92854 ns
[2020-02-27T09:20:48.735+0000][1][safepoint    ] Safepoint "RevokeBias", Time since last: 2502387928 ns, Reaching safepoint: 77237 ns, At safepoint: 18675 ns, Total: 95912 ns
[2020-02-27T09:20:51.239+0000][1][safepoint    ] Safepoint "RevokeBias", Time since last: 2504183155 ns, Reaching safepoint: 75271 ns, At safepoint: 18365 ns, Total: 93636 ns
[2020-02-27T09:20:53.746+0000][1][safepoint    ] Safepoint "RevokeBias", Time since last: 2506280297 ns, Reaching safepoint: 76197 ns, At safepoint: 18285 ns, Total: 94482 ns
[2020-02-27T09:20:56.250+0000][1][safepoint    ] Safepoint "RevokeBias", Time since last: 2504339991 ns, Reaching safepoint: 92113 ns, At safepoint: 21277 ns, Total: 113390 ns
[2020-02-27T09:20:58.754+0000][1][safepoint    ] Safepoint "RevokeBias", Time since last: 2503306677 ns, Reaching safepoint: 171407 ns, At safepoint: 24173 ns, Total: 195580 ns
[2020-02-27T09:21:01.258+0000][1][safepoint    ] Safepoint "RevokeBias", Time since last: 2504388807 ns, Reaching safepoint: 77052 ns, At safepoint: 18921 ns, Total: 95973 ns
[2020-02-27T09:21:03.763+0000][1][safepoint    ] Safepoint "RevokeBias", Time since last: 2504779478 ns, Reaching safepoint: 73041 ns, At safepoint: 17061 ns, Total: 90102 ns
[2020-02-27T09:21:06.267+0000][1][safepoint    ] Safepoint "RevokeBias", Time since last: 2503988163 ns, Reaching safepoint: 188049 ns, At safepoint: 40423 ns, Total: 228472 ns
[2020-02-27T09:21:08.770+0000][1][safepoint    ] Safepoint "RevokeBias", Time since last: 2503171506 ns, Reaching safepoint: 56568 ns, At safepoint: 16871 ns, Total: 73439 ns
[2020-02-27T09:21:11.273+0000][1][safepoint    ] Safepoint "RevokeBias", Time since last: 2501971373 ns, Reaching safepoint: 74561 ns, At safepoint: 18211 ns, Total: 92772 ns
[2020-02-27T09:21:13.777+0000][1][safepoint    ] Safepoint "RevokeBias", Time since last: 2504682082 ns, Reaching safepoint: 73092 ns, At safepoint: 17238 ns, Total: 90330 ns
[2020-02-27T09:21:16.282+0000][1][safepoint    ] Safepoint "RevokeBias", Time since last: 2504980440 ns, Reaching safepoint: 116220 ns, At safepoint: 29073 ns, Total: 145293 ns
[2020-02-27T09:21:18.786+0000][1][safepoint    ] Safepoint "RevokeBias", Time since last: 2503863064 ns, Reaching safepoint: 85510 ns, At safepoint: 20645 ns, Total: 106155 ns
[2020-02-27T09:21:21.292+0000][1][safepoint    ] Safepoint "RevokeBias", Time since last: 2505135188 ns, Reaching safepoint: 79218 ns, At safepoint: 19251 ns, Total: 98469 ns
[2020-02-27T09:21:23.797+0000][1][safepoint    ] Safepoint "RevokeBias", Time since last: 2505407161 ns, Reaching safepoint: 75768 ns, At safepoint: 18454 ns, Total: 94222 ns
[2020-02-27T09:21:26.304+0000][1][safepoint    ] Safepoint "BulkRevokeBias", Time since last: 2506015776 ns, Reaching safepoint: 218663 ns, At safepoint: 406572 ns, Total: 625235 ns
[2020-02-27T09:21:28.807+0000][1][safepoint    ] Safepoint "RevokeBias", Time since last: 2503419388 ns, Reaching safepoint: 73014 ns, At safepoint: 17764 ns, Total: 90778 ns
[2020-02-27T09:21:31.311+0000][1][safepoint    ] Safepoint "RevokeBias", Time since last: 2503362056 ns, Reaching safepoint: 72844 ns, At safepoint: 44560 ns, Total: 117404 ns
[2020-02-27T09:21:33.827+0000][1][safepoint    ] Safepoint "RevokeBias", Time since last: 2515771918 ns, Reaching safepoint: 76396 ns, At safepoint: 17976 ns, Total: 94372 ns
[2020-02-27T09:21:36.338+0000][1][safepoint    ] Safepoint "RevokeBias", Time since last: 2510962465 ns, Reaching safepoint: 75605 ns, At safepoint: 17336 ns, Total: 92941 ns
[2020-02-27T09:21:38.850+0000][1][safepoint    ] Safepoint "RevokeBias", Time since last: 2512167947 ns, Reaching safepoint: 114315 ns, At safepoint: 29199 ns, Total: 143514 ns
[2020-02-27T09:21:41.359+0000][1][safepoint    ] Safepoint "RevokeBias", Time since last: 2509119057 ns, Reaching safepoint: 74672 ns, At safepoint: 18618 ns, Total: 93290 ns
[2020-02-27T09:21:43.886+0000][1][safepoint    ] Safepoint "RevokeBias", Time since last: 2526168836 ns, Reaching safepoint: 75838 ns, At safepoint: 17939 ns, Total: 93777 ns
[2020-02-27T09:21:45.153+0000][1][gc,start     ] GC(156) Pause Young (Allocation Failure)
[2020-02-27T09:21:45.153+0000][1][gc,task      ] GC(156) Using 1 workers of 1 for evacuation
[2020-02-27T09:21:45.163+0000][1][gc,age       ] GC(156) Desired survivor size 4358144 bytes, new threshold 6 (max threshold 6)
[2020-02-27T09:21:45.163+0000][1][gc,age       ] GC(156) Age table with threshold 6 (max threshold 6)
[2020-02-27T09:21:45.163+0000][1][gc,age       ] GC(156) - age   1:      11992 bytes,      11992 total
[2020-02-27T09:21:45.163+0000][1][gc,age       ] GC(156) - age   2:        512 bytes,      12504 total
[2020-02-27T09:21:45.163+0000][1][gc,age       ] GC(156) - age   5:         32 bytes,      12536 total
[2020-02-27T09:21:45.163+0000][1][gc,heap      ] GC(156) ParNew: 68181K->15K(76672K)
[2020-02-27T09:21:45.163+0000][1][gc,heap      ] GC(156) CMS: 62522K->62522K(963392K)
[2020-02-27T09:21:45.163+0000][1][gc,metaspace ] GC(156) Metaspace: 80591K->80591K(1124352K)
[2020-02-27T09:21:45.163+0000][1][gc           ] GC(156) Pause Young (Allocation Failure) 127M->61M(1015M) 10.230ms
[2020-02-27T09:21:45.163+0000][1][gc,cpu       ] GC(156) User=0.01s Sys=0.00s Real=0.01s
[2020-02-27T09:21:45.163+0000][1][safepoint    ] Safepoint "GenCollectForAllocation", Time since last: 1267119459 ns, Reaching safepoint: 200449 ns, At safepoint: 10288065 ns, Total: 10488514 ns
[2020-02-27T09:21:46.395+0000][1][safepoint    ] Safepoint "RevokeBias", Time since last: 1232248213 ns, Reaching safepoint: 82996 ns, At safepoint: 20477 ns, Total: 103473 ns
[2020-02-27T09:21:48.909+0000][1][safepoint    ] Safepoint "RevokeBias", Time since last: 2513664747 ns, Reaching safepoint: 72129 ns, At safepoint: 17995 ns, Total: 90124 ns
[2020-02-27T09:21:51.420+0000][1][safepoint    ] Safepoint "RevokeBias", Time since last: 2510617763 ns, Reaching safepoint: 117892 ns, At safepoint: 28931 ns, Total: 146823 ns
[2020-02-27T09:21:53.931+0000][1][safepoint    ] Safepoint "RevokeBias", Time since last: 2510855168 ns, Reaching safepoint: 71444 ns, At safepoint: 17500 ns, Total: 88944 ns
[2020-02-27T09:21:56.445+0000][1][safepoint    ] Safepoint "RevokeBias", Time since last: 2513479013 ns, Reaching safepoint: 150563 ns, At safepoint: 22290 ns, Total: 172853 ns
[2020-02-27T09:21:58.956+0000][1][safepoint    ] Safepoint "RevokeBias", Time since last: 2511632037 ns, Reaching safepoint: 73646 ns, At safepoint: 17881 ns, Total: 91527 ns
[2020-02-27T09:22:01.467+0000][1][safepoint    ] Safepoint "RevokeBias", Time since last: 2510390171 ns, Reaching safepoint: 74500 ns, At safepoint: 18027 ns, Total: 92527 ns
[2020-02-27T09:22:03.982+0000][1][safepoint    ] Safepoint "RevokeBias", Time since last: 2515141638 ns, Reaching safepoint: 73195 ns, At safepoint: 17731 ns, Total: 90926 ns
[2020-02-27T09:22:06.492+0000][1][safepoint    ] Safepoint "RevokeBias", Time since last: 2510108374 ns, Reaching safepoint: 106135 ns, At safepoint: 21559 ns, Total: 127694 ns
[2020-02-27T09:22:08.999+0000][1][safepoint    ] Safepoint "RevokeBias", Time since last: 2506871727 ns, Reaching safepoint: 74222 ns, At safepoint: 17683 ns, Total: 91905 ns
[2020-02-27T09:22:11.511+0000][1][safepoint    ] Safepoint "RevokeBias", Time since last: 2511300327 ns, Reaching safepoint: 114105 ns, At safepoint: 28431 ns, Total: 142536 ns
[2020-02-27T09:22:14.017+0000][1][safepoint    ] Safepoint "RevokeBias", Time since last: 2506005780 ns, Reaching safepoint: 77692 ns, At safepoint: 80024 ns, Total: 157716 ns
[2020-02-27T09:22:16.523+0000][1][safepoint    ] Safepoint "RevokeBias", Time since last: 2506197967 ns, Reaching safepoint: 93736 ns, At safepoint: 22039 ns, Total: 115775 ns
[2020-02-27T09:22:19.026+0000][1][safepoint    ] Safepoint "RevokeBias", Time since last: 2503113455 ns, Reaching safepoint: 73760 ns, At safepoint: 17860 ns, Total: 91620 ns
[2020-02-27T09:22:21.532+0000][1][safepoint    ] Safepoint "RevokeBias", Time since last: 2505690148 ns, Reaching safepoint: 134053 ns, At safepoint: 21045 ns, Total: 155098 ns
[2020-02-27T09:22:24.036+0000][1][safepoint    ] Safepoint "RevokeBias", Time since last: 2503353514 ns, Reaching safepoint: 75176 ns, At safepoint: 18060 ns, Total: 93236 ns
[2020-02-27T09:22:26.539+0000][1][safepoint    ] Safepoint "RevokeBias", Time since last: 2503575892 ns, Reaching safepoint: 72165 ns, At safepoint: 17793 ns, Total: 89958 ns
[2020-02-27T09:22:29.043+0000][1][safepoint    ] Safepoint "RevokeBias", Time since last: 2503201168 ns, Reaching safepoint: 140707 ns, At safepoint: 55229 ns, Total: 195936 ns
[2020-02-27T09:22:31.546+0000][1][safepoint    ] Safepoint "RevokeBias", Time since last: 2503316232 ns, Reaching safepoint: 74051 ns, At safepoint: 17597 ns, Total: 91648 ns
[2020-02-27T09:22:34.051+0000][1][safepoint    ] Safepoint "RevokeBias", Time since last: 2505048818 ns, Reaching safepoint: 74156 ns, At safepoint: 17425 ns, Total: 91581 ns
[2020-02-27T09:22:36.555+0000][1][safepoint    ] Safepoint "RevokeBias", Time since last: 2504066698 ns, Reaching safepoint: 164927 ns, At safepoint: 19028 ns, Total: 183955 ns
[2020-02-27T09:22:39.060+0000][1][safepoint    ] Safepoint "BulkRevokeBias", Time since last: 2503961684 ns, Reaching safepoint: 70105 ns, At safepoint: 466617 ns, Total: 536722 ns
[2020-02-27T09:22:41.563+0000][1][safepoint    ] Safepoint "RevokeBias", Time since last: 2502494923 ns, Reaching safepoint: 88297 ns, At safepoint: 18453 ns, Total: 106750 ns
[2020-02-27T09:22:44.069+0000][1][safepoint    ] Safepoint "RevokeBias", Time since last: 2506301024 ns, Reaching safepoint: 77658 ns, At safepoint: 18671 ns, Total: 96329 ns
[2020-02-27T09:22:46.573+0000][1][safepoint    ] Safepoint "RevokeBias", Time since last: 2503749592 ns, Reaching safepoint: 89999 ns, At safepoint: 20615 ns, Total: 110614 ns
[2020-02-27T09:22:49.076+0000][1][safepoint    ] Safepoint "RevokeBias", Time since last: 2502597582 ns, Reaching safepoint: 129192 ns, At safepoint: 21331 ns, Total: 150523 ns
[2020-02-27T09:22:51.581+0000][1][safepoint    ] Safepoint "RevokeBias", Time since last: 2505199492 ns, Reaching safepoint: 133333 ns, At safepoint: 21797 ns, Total: 155130 ns
[2020-02-27T09:22:54.086+0000][1][safepoint    ] Safepoint "RevokeBias", Time since last: 2505165635 ns, Reaching safepoint: 76324 ns, At safepoint: 18334 ns, Total: 94658 ns
[2020-02-27T09:22:56.591+0000][1][safepoint    ] Safepoint "RevokeBias", Time since last: 2505101518 ns, Reaching safepoint: 73280 ns, At safepoint: 17494 ns, Total: 90774 ns
[2020-02-27T09:22:59.095+0000][1][safepoint    ] Safepoint "RevokeBias", Time since last: 2503718766 ns, Reaching safepoint: 114431 ns, At safepoint: 28429 ns, Total: 142860 ns
[2020-02-27T09:23:01.600+0000][1][safepoint    ] Safepoint "RevokeBias", Time since last: 2504777787 ns, Reaching safepoint: 74088 ns, At safepoint: 17666 ns, Total: 91754 ns
[2020-02-27T09:23:04.106+0000][1][safepoint    ] Safepoint "RevokeBias", Time since last: 2505417168 ns, Reaching safepoint: 97663 ns, At safepoint: 28383 ns, Total: 126046 ns
[2020-02-27T09:23:06.610+0000][1][safepoint    ] Safepoint "RevokeBias", Time since last: 2504139288 ns, Reaching safepoint: 75275 ns, At safepoint: 17431 ns, Total: 92706 ns
[2020-02-27T09:23:09.114+0000][1][safepoint    ] Safepoint "RevokeBias", Time since last: 2503511797 ns, Reaching safepoint: 76748 ns, At safepoint: 18134 ns, Total: 94882 ns
[2020-02-27T09:23:11.626+0000][1][safepoint    ] Safepoint "RevokeBias", Time since last: 2512632580 ns, Reaching safepoint: 75538 ns, At safepoint: 18607 ns, Total: 94145 ns
[2020-02-27T09:23:14.137+0000][1][safepoint    ] Safepoint "RevokeBias", Time since last: 2510973756 ns, Reaching safepoint: 77976 ns, At safepoint: 18501 ns, Total: 96477 ns
[2020-02-27T09:23:16.654+0000][1][safepoint    ] Safepoint "RevokeBias", Time since last: 2516192835 ns, Reaching safepoint: 92178 ns, At safepoint: 21356 ns, Total: 113534 ns
[2020-02-27T09:23:19.163+0000][1][safepoint    ] Safepoint "RevokeBias", Time since last: 2508759157 ns, Reaching safepoint: 102936 ns, At safepoint: 20757 ns, Total: 123693 ns
[2020-02-27T09:23:21.681+0000][1][safepoint    ] Safepoint "RevokeBias", Time since last: 2518080424 ns, Reaching safepoint: 204632 ns, At safepoint: 35196 ns, Total: 239828 ns
[2020-02-27T09:23:24.191+0000][1][safepoint    ] Safepoint "RevokeBias", Time since last: 2510481964 ns, Reaching safepoint: 73557 ns, At safepoint: 18462 ns, Total: 92019 ns
[2020-02-27T09:23:26.715+0000][1][safepoint    ] Safepoint "RevokeBias", Time since last: 2523408858 ns, Reaching safepoint: 98679 ns, At safepoint: 26911 ns, Total: 125590 ns
[2020-02-27T09:23:29.224+0000][1][safepoint    ] Safepoint "RevokeBias", Time since last: 2508787403 ns, Reaching safepoint: 75220 ns, At safepoint: 18888 ns, Total: 94108 ns
[2020-02-27T09:23:31.739+0000][1][safepoint    ] Safepoint "RevokeBias", Time since last: 2515180642 ns, Reaching safepoint: 94098 ns, At safepoint: 18665 ns, Total: 112763 ns
[2020-02-27T09:23:34.254+0000][1][safepoint    ] Safepoint "RevokeBias", Time since last: 2514646695 ns, Reaching safepoint: 168453 ns, At safepoint: 33879 ns, Total: 202332 ns
[2020-02-27T09:23:36.770+0000][1][safepoint    ] Safepoint "RevokeBias", Time since last: 2516169983 ns, Reaching safepoint: 113095 ns, At safepoint: 31724 ns, Total: 144819 ns
[2020-02-27T09:23:39.281+0000][1][safepoint    ] Safepoint "RevokeBias", Time since last: 2510373894 ns, Reaching safepoint: 89312 ns, At safepoint: 22893 ns, Total: 112205 ns
[2020-02-27T09:23:41.794+0000][1][safepoint    ] Safepoint "RevokeBias", Time since last: 2513090621 ns, Reaching safepoint: 74400 ns, At safepoint: 18160 ns, Total: 92560 ns
[2020-02-27T09:23:44.309+0000][1][safepoint    ] Safepoint "RevokeBias", Time since last: 2514816800 ns, Reaching safepoint: 73622 ns, At safepoint: 17603 ns, Total: 91225 ns
[2020-02-27T09:23:46.831+0000][1][safepoint    ] Safepoint "RevokeBias", Time since last: 2521823522 ns, Reaching safepoint: 76054 ns, At safepoint: 20237 ns, Total: 96291 ns
[2020-02-27T09:23:49.338+0000][1][safepoint    ] Safepoint "RevokeBias", Time since last: 2506752830 ns, Reaching safepoint: 72069 ns, At safepoint: 17774 ns, Total: 89843 ns
[2020-02-27T09:23:51.853+0000][1][safepoint    ] Safepoint "BulkRevokeBias", Time since last: 2515407219 ns, Reaching safepoint: 53845 ns, At safepoint: 145990 ns, Total: 199835 ns
[2020-02-27T09:23:54.364+0000][1][safepoint    ] Safepoint "RevokeBias", Time since last: 2510229120 ns, Reaching safepoint: 136667 ns, At safepoint: 22498 ns, Total: 159165 ns
[2020-02-27T09:23:56.870+0000][1][safepoint    ] Safepoint "RevokeBias", Time since last: 2505841985 ns, Reaching safepoint: 127297 ns, At safepoint: 18580 ns, Total: 145877 ns
[2020-02-27T09:23:59.373+0000][1][safepoint    ] Safepoint "RevokeBias", Time since last: 2502989473 ns, Reaching safepoint: 127769 ns, At safepoint: 53605 ns, Total: 181374 ns
[2020-02-27T09:24:01.877+0000][1][gc,start     ] GC(157) Pause Young (Allocation Failure)
[2020-02-27T09:24:01.877+0000][1][gc,task      ] GC(157) Using 1 workers of 1 for evacuation
[2020-02-27T09:24:01.887+0000][1][gc,age       ] GC(157) Desired survivor size 4358144 bytes, new threshold 6 (max threshold 6)
[2020-02-27T09:24:01.887+0000][1][gc,age       ] GC(157) Age table with threshold 6 (max threshold 6)
[2020-02-27T09:24:01.887+0000][1][gc,age       ] GC(157) - age   1:      28424 bytes,      28424 total
[2020-02-27T09:24:01.887+0000][1][gc,age       ] GC(157) - age   2:        384 bytes,      28808 total
[2020-02-27T09:24:01.887+0000][1][gc,age       ] GC(157) - age   3:        512 bytes,      29320 total
[2020-02-27T09:24:01.887+0000][1][gc,age       ] GC(157) - age   6:         32 bytes,      29352 total
[2020-02-27T09:24:01.887+0000][1][gc,heap      ] GC(157) ParNew: 68175K->39K(76672K)
[2020-02-27T09:24:01.887+0000][1][gc,heap      ] GC(157) CMS: 62522K->62522K(963392K)
[2020-02-27T09:24:01.887+0000][1][gc,metaspace ] GC(157) Metaspace: 80591K->80591K(1124352K)
[2020-02-27T09:24:01.887+0000][1][gc           ] GC(157) Pause Young (Allocation Failure) 127M->61M(1015M) 10.267ms
[2020-02-27T09:24:01.887+0000][1][gc,cpu       ] GC(157) User=0.01s Sys=0.00s Real=0.01s
[2020-02-27T09:24:01.887+0000][1][safepoint    ] Safepoint "GenCollectForAllocation", Time since last: 2503656935 ns, Reaching safepoint: 82484 ns, At safepoint: 10323794 ns, Total: 10406278 ns
[2020-02-27T09:24:01.888+0000][1][safepoint    ] Safepoint "RevokeBias", Time since last: 693059 ns, Reaching safepoint: 67805 ns, At safepoint: 17057 ns, Total: 84862 ns
[2020-02-27T09:24:04.393+0000][1][safepoint    ] Safepoint "RevokeBias", Time since last: 2505596098 ns, Reaching safepoint: 76354 ns, At safepoint: 18832 ns, Total: 95186 ns
[2020-02-27T09:24:06.900+0000][1][safepoint    ] Safepoint "RevokeBias", Time since last: 2506130171 ns, Reaching safepoint: 78294 ns, At safepoint: 18554 ns, Total: 96848 ns
[2020-02-27T09:24:09.402+0000][1][safepoint    ] Safepoint "RevokeBias", Time since last: 2502644563 ns, Reaching safepoint: 74524 ns, At safepoint: 18516 ns, Total: 93040 ns
[2020-02-27T09:24:11.905+0000][1][safepoint    ] Safepoint "RevokeBias", Time since last: 2502870681 ns, Reaching safepoint: 161432 ns, At safepoint: 34860 ns, Total: 196292 ns
[2020-02-27T09:24:14.412+0000][1][safepoint    ] Safepoint "RevokeBias", Time since last: 2506305530 ns, Reaching safepoint: 75237 ns, At safepoint: 17992 ns, Total: 93229 ns
[2020-02-27T09:24:16.917+0000][1][safepoint    ] Safepoint "RevokeBias", Time since last: 2504832839 ns, Reaching safepoint: 124888 ns, At safepoint: 21934 ns, Total: 146822 ns
[2020-02-27T09:24:19.421+0000][1][safepoint    ] Safepoint "RevokeBias", Time since last: 2503826109 ns, Reaching safepoint: 55601 ns, At safepoint: 15836 ns, Total: 71437 ns
[2020-02-27T09:24:21.926+0000][1][safepoint    ] Safepoint "RevokeBias", Time since last: 2505124732 ns, Reaching safepoint: 86310 ns, At safepoint: 62547 ns, Total: 148857 ns
[2020-02-27T09:24:24.430+0000][1][safepoint    ] Safepoint "RevokeBias", Time since last: 2503625405 ns, Reaching safepoint: 160435 ns, At safepoint: 23831 ns, Total: 184266 ns
[2020-02-27T09:24:25.910+0000][1][safepoint    ] Safepoint "Cleanup", Time since last: 1479830549 ns, Reaching safepoint: 107076 ns, At safepoint: 7721 ns, Total: 114797 ns
[2020-02-27T09:24:26.934+0000][1][safepoint    ] Safepoint "RevokeBias", Time since last: 1024479373 ns, Reaching safepoint: 162291 ns, At safepoint: 18348 ns, Total: 180639 ns
[2020-02-27T09:24:29.438+0000][1][safepoint    ] Safepoint "RevokeBias", Time since last: 2503125900 ns, Reaching safepoint: 145723 ns, At safepoint: 38116 ns, Total: 183839 ns
[2020-02-27T09:24:31.942+0000][1][safepoint    ] Safepoint "RevokeBias", Time since last: 2504634722 ns, Reaching safepoint: 75784 ns, At safepoint: 18081 ns, Total: 93865 ns
[2020-02-27T09:24:34.447+0000][1][safepoint    ] Safepoint "RevokeBias", Time since last: 2504271346 ns, Reaching safepoint: 82735 ns, At safepoint: 19022 ns, Total: 101757 ns
[2020-02-27T09:24:36.952+0000][1][safepoint    ] Safepoint "RevokeBias", Time since last: 2505390228 ns, Reaching safepoint: 115989 ns, At safepoint: 30162 ns, Total: 146151 ns
[2020-02-27T09:24:39.456+0000][1][safepoint    ] Safepoint "RevokeBias", Time since last: 2503751106 ns, Reaching safepoint: 86911 ns, At safepoint: 73732 ns, Total: 160643 ns
[2020-02-27T09:24:41.961+0000][1][safepoint    ] Safepoint "RevokeBias", Time since last: 2504736641 ns, Reaching safepoint: 139594 ns, At safepoint: 34884 ns, Total: 174478 ns
[2020-02-27T09:24:44.468+0000][1][safepoint    ] Safepoint "RevokeBias", Time since last: 2507030189 ns, Reaching safepoint: 80193 ns, At safepoint: 19089 ns, Total: 99282 ns
[2020-02-27T09:24:46.972+0000][1][safepoint    ] Safepoint "RevokeBias", Time since last: 2503770852 ns, Reaching safepoint: 76049 ns, At safepoint: 18834 ns, Total: 94883 ns
[2020-02-27T09:24:49.476+0000][1][safepoint    ] Safepoint "RevokeBias", Time since last: 2504099441 ns, Reaching safepoint: 57146 ns, At safepoint: 16622 ns, Total: 73768 ns
[2020-02-27T09:24:52.007+0000][1][safepoint    ] Safepoint "RevokeBias", Time since last: 2530177066 ns, Reaching safepoint: 74683 ns, At safepoint: 18807 ns, Total: 93490 ns
[2020-02-27T09:24:54.524+0000][1][safepoint    ] Safepoint "RevokeBias", Time since last: 2517455030 ns, Reaching safepoint: 56732 ns, At safepoint: 16149 ns, Total: 72881 ns
[2020-02-27T09:24:57.033+0000][1][safepoint    ] Safepoint "RevokeBias", Time since last: 2509037040 ns, Reaching safepoint: 111859 ns, At safepoint: 22080 ns, Total: 133939 ns
[2020-02-27T09:24:59.547+0000][1][safepoint    ] Safepoint "RevokeBias", Time since last: 2514105896 ns, Reaching safepoint: 72582 ns, At safepoint: 18354 ns, Total: 90936 ns
[2020-02-27T09:25:02.062+0000][1][safepoint    ] Safepoint "RevokeBias", Time since last: 2514101710 ns, Reaching safepoint: 177856 ns, At safepoint: 31223 ns, Total: 209079 ns
[2020-02-27T09:25:04.574+0000][1][safepoint    ] Safepoint "BulkRevokeBias", Time since last: 2511181926 ns, Reaching safepoint: 114869 ns, At safepoint: 531473 ns, Total: 646342 ns
[2020-02-27T09:25:07.104+0000][1][safepoint    ] Safepoint "RevokeBias", Time since last: 2530402561 ns, Reaching safepoint: 76240 ns, At safepoint: 18213 ns, Total: 94453 ns
[2020-02-27T09:25:09.618+0000][1][safepoint    ] Safepoint "RevokeBias", Time since last: 2513969727 ns, Reaching safepoint: 108660 ns, At safepoint: 27486 ns, Total: 136146 ns
[2020-02-27T09:25:12.131+0000][1][safepoint    ] Safepoint "RevokeBias", Time since last: 2512622313 ns, Reaching safepoint: 76134 ns, At safepoint: 19414 ns, Total: 95548 ns
[2020-02-27T09:25:14.655+0000][1][safepoint    ] Safepoint "RevokeBias", Time since last: 2524002434 ns, Reaching safepoint: 74050 ns, At safepoint: 17283 ns, Total: 91333 ns
[2020-02-27T09:25:17.166+0000][1][safepoint    ] Safepoint "RevokeBias", Time since last: 2511327072 ns, Reaching safepoint: 104406 ns, At safepoint: 20652 ns, Total: 125058 ns
[2020-02-27T09:25:19.675+0000][1][safepoint    ] Safepoint "RevokeBias", Time since last: 2508118754 ns, Reaching safepoint: 120126 ns, At safepoint: 53781 ns, Total: 173907 ns
[2020-02-27T09:25:22.190+0000][1][safepoint    ] Safepoint "RevokeBias", Time since last: 2514978191 ns, Reaching safepoint: 133923 ns, At safepoint: 35873 ns, Total: 169796 ns
[2020-02-27T09:25:24.702+0000][1][safepoint    ] Safepoint "RevokeBias", Time since last: 2512308554 ns, Reaching safepoint: 91282 ns, At safepoint: 20824 ns, Total: 112106 ns
[2020-02-27T09:25:27.212+0000][1][safepoint    ] Safepoint "RevokeBias", Time since last: 2510036989 ns, Reaching safepoint: 73378 ns, At safepoint: 18064 ns, Total: 91442 ns
[2020-02-27T09:25:29.715+0000][1][safepoint    ] Safepoint "RevokeBias", Time since last: 2502521106 ns, Reaching safepoint: 72918 ns, At safepoint: 19100 ns, Total: 92018 ns
[2020-02-27T09:25:32.220+0000][1][safepoint    ] Safepoint "RevokeBias", Time since last: 2505281018 ns, Reaching safepoint: 75766 ns, At safepoint: 18565 ns, Total: 94331 ns
[2020-02-27T09:25:34.724+0000][1][safepoint    ] Safepoint "RevokeBias", Time since last: 2502999867 ns, Reaching safepoint: 121122 ns, At safepoint: 24764 ns, Total: 145886 ns
[2020-02-27T09:25:37.230+0000][1][safepoint    ] Safepoint "RevokeBias", Time since last: 2506627424 ns, Reaching safepoint: 73890 ns, At safepoint: 18884 ns, Total: 92774 ns
[2020-02-27T09:25:39.733+0000][1][safepoint    ] Safepoint "RevokeBias", Time since last: 2502349029 ns, Reaching safepoint: 73438 ns, At safepoint: 117387 ns, Total: 190825 ns
[2020-02-27T09:25:42.237+0000][1][safepoint    ] Safepoint "RevokeBias", Time since last: 2503627378 ns, Reaching safepoint: 129743 ns, At safepoint: 48203 ns, Total: 177946 ns
[2020-02-27T09:25:44.742+0000][1][safepoint    ] Safepoint "RevokeBias", Time since last: 2505634693 ns, Reaching safepoint: 89844 ns, At safepoint: 20432 ns, Total: 110276 ns
[2020-02-27T09:25:47.248+0000][1][safepoint    ] Safepoint "RevokeBias", Time since last: 2505140693 ns, Reaching safepoint: 73281 ns, At safepoint: 18863 ns, Total: 92144 ns
[2020-02-27T09:25:49.751+0000][1][safepoint    ] Safepoint "RevokeBias", Time since last: 2503097704 ns, Reaching safepoint: 122832 ns, At safepoint: 21754 ns, Total: 144586 ns
[2020-02-27T09:25:52.257+0000][1][safepoint    ] Safepoint "RevokeBias", Time since last: 2506199186 ns, Reaching safepoint: 73631 ns, At safepoint: 18528 ns, Total: 92159 ns
[2020-02-27T09:25:54.763+0000][1][safepoint    ] Safepoint "RevokeBias", Time since last: 2506162652 ns, Reaching safepoint: 74969 ns, At safepoint: 18262 ns, Total: 93231 ns
[2020-02-27T09:25:57.268+0000][1][safepoint    ] Safepoint "RevokeBias", Time since last: 2504910665 ns, Reaching safepoint: 74318 ns, At safepoint: 17797 ns, Total: 92115 ns
[2020-02-27T09:25:59.772+0000][1][safepoint    ] Safepoint "RevokeBias", Time since last: 2503323056 ns, Reaching safepoint: 76878 ns, At safepoint: 18917 ns, Total: 95795 ns
[2020-02-27T09:26:02.276+0000][1][safepoint    ] Safepoint "RevokeBias", Time since last: 2503712751 ns, Reaching safepoint: 75954 ns, At safepoint: 18054 ns, Total: 94008 ns
[2020-02-27T09:26:04.782+0000][1][safepoint    ] Safepoint "RevokeBias", Time since last: 2506118903 ns, Reaching safepoint: 75233 ns, At safepoint: 18093 ns, Total: 93326 ns
[2020-02-27T09:26:07.288+0000][1][safepoint    ] Safepoint "RevokeBias", Time since last: 2506167135 ns, Reaching safepoint: 72349 ns, At safepoint: 18345 ns, Total: 90694 ns
[2020-02-27T09:26:09.791+0000][1][safepoint    ] Safepoint "RevokeBias", Time since last: 2503084045 ns, Reaching safepoint: 58691 ns, At safepoint: 18355 ns, Total: 77046 ns
[2020-02-27T09:26:12.297+0000][1][safepoint    ] Safepoint "RevokeBias", Time since last: 2505369995 ns, Reaching safepoint: 84946 ns, At safepoint: 20759 ns, Total: 105705 ns
[2020-02-27T09:26:14.803+0000][1][safepoint    ] Safepoint "RevokeBias", Time since last: 2506547149 ns, Reaching safepoint: 81926 ns, At safepoint: 20703 ns, Total: 102629 ns
[2020-02-27T09:26:17.309+0000][1][safepoint    ] Safepoint "BulkRevokeBias", Time since last: 2505286434 ns, Reaching safepoint: 84889 ns, At safepoint: 263169 ns, Total: 348058 ns
[2020-02-27T09:26:19.812+0000][1][safepoint    ] Safepoint "RevokeBias", Time since last: 2503042340 ns, Reaching safepoint: 85633 ns, At safepoint: 20446 ns, Total: 106079 ns
[2020-02-27T09:26:20.385+0000][1][gc,start     ] GC(158) Pause Young (Allocation Failure)
[2020-02-27T09:26:20.385+0000][1][gc,task      ] GC(158) Using 1 workers of 1 for evacuation
[2020-02-27T09:26:20.395+0000][1][gc,age       ] GC(158) Desired survivor size 4358144 bytes, new threshold 6 (max threshold 6)
[2020-02-27T09:26:20.395+0000][1][gc,age       ] GC(158) Age table with threshold 6 (max threshold 6)
[2020-02-27T09:26:20.395+0000][1][gc,age       ] GC(158) - age   1:      10904 bytes,      10904 total
[2020-02-27T09:26:20.395+0000][1][gc,age       ] GC(158) - age   3:        384 bytes,      11288 total
[2020-02-27T09:26:20.395+0000][1][gc,age       ] GC(158) - age   4:        512 bytes,      11800 total
[2020-02-27T09:26:20.395+0000][1][gc,heap      ] GC(158) ParNew: 68199K->24K(76672K)
[2020-02-27T09:26:20.395+0000][1][gc,heap      ] GC(158) CMS: 62522K->62523K(963392K)
[2020-02-27T09:26:20.395+0000][1][gc,metaspace ] GC(158) Metaspace: 80591K->80591K(1124352K)
[2020-02-27T09:26:20.395+0000][1][gc           ] GC(158) Pause Young (Allocation Failure) 127M->61M(1015M) 10.332ms
[2020-02-27T09:26:20.396+0000][1][gc,cpu       ] GC(158) User=0.01s Sys=0.00s Real=0.01s
[2020-02-27T09:26:20.396+0000][1][safepoint    ] Safepoint "GenCollectForAllocation", Time since last: 572909347 ns, Reaching safepoint: 95001 ns, At safepoint: 10409682 ns, Total: 10504683 ns
[2020-02-27T09:26:22.321+0000][1][safepoint    ] Safepoint "RevokeBias", Time since last: 1925409071 ns, Reaching safepoint: 86725 ns, At safepoint: 21445 ns, Total: 108170 ns
[2020-02-27T09:26:24.829+0000][1][safepoint    ] Safepoint "RevokeBias", Time since last: 2507632778 ns, Reaching safepoint: 83543 ns, At safepoint: 21140 ns, Total: 104683 ns
[2020-02-27T09:26:27.334+0000][1][safepoint    ] Safepoint "RevokeBias", Time since last: 2505192465 ns, Reaching safepoint: 85520 ns, At safepoint: 21041 ns, Total: 106561 ns
[2020-02-27T09:26:29.840+0000][1][safepoint    ] Safepoint "RevokeBias", Time since last: 2505323399 ns, Reaching safepoint: 118576 ns, At safepoint: 29478 ns, Total: 148054 ns
[2020-02-27T09:26:32.346+0000][1][safepoint    ] Safepoint "RevokeBias", Time since last: 2505880093 ns, Reaching safepoint: 74997 ns, At safepoint: 18857 ns, Total: 93854 ns
[2020-02-27T09:26:34.853+0000][1][safepoint    ] Safepoint "RevokeBias", Time since last: 2507020659 ns, Reaching safepoint: 142436 ns, At safepoint: 78037 ns, Total: 220473 ns
[2020-02-27T09:26:37.373+0000][1][safepoint    ] Safepoint "RevokeBias", Time since last: 2520555809 ns, Reaching safepoint: 88575 ns, At safepoint: 17691 ns, Total: 106266 ns
[2020-02-27T09:26:39.878+0000][1][safepoint    ] Safepoint "RevokeBias", Time since last: 2504395437 ns, Reaching safepoint: 73959 ns, At safepoint: 17984 ns, Total: 91943 ns
[2020-02-27T09:26:42.387+0000][1][safepoint    ] Safepoint "RevokeBias", Time since last: 2509034277 ns, Reaching safepoint: 76638 ns, At safepoint: 18309 ns, Total: 94947 ns
[2020-02-27T09:26:44.897+0000][1][safepoint    ] Safepoint "RevokeBias", Time since last: 2510081754 ns, Reaching safepoint: 74864 ns, At safepoint: 19301 ns, Total: 94165 ns
[2020-02-27T09:26:47.412+0000][1][safepoint    ] Safepoint "RevokeBias", Time since last: 2514190074 ns, Reaching safepoint: 102899 ns, At safepoint: 36539 ns, Total: 139438 ns
[2020-02-27T09:26:49.931+0000][1][safepoint    ] Safepoint "RevokeBias", Time since last: 2518365262 ns, Reaching safepoint: 1264216 ns, At safepoint: 25868 ns, Total: 1290084 ns
[2020-02-27T09:26:52.443+0000][1][safepoint    ] Safepoint "RevokeBias", Time since last: 2511533619 ns, Reaching safepoint: 144357 ns, At safepoint: 47734 ns, Total: 192091 ns
[2020-02-27T09:26:54.955+0000][1][safepoint    ] Safepoint "RevokeBias", Time since last: 2512323024 ns, Reaching safepoint: 144510 ns, At safepoint: 23589 ns, Total: 168099 ns
[2020-02-27T09:26:57.471+0000][1][safepoint    ] Safepoint "RevokeBias", Time since last: 2515002909 ns, Reaching safepoint: 87750 ns, At safepoint: 21774 ns, Total: 109524 ns
[2020-02-27T09:26:59.979+0000][1][safepoint    ] Safepoint "RevokeBias", Time since last: 2508704554 ns, Reaching safepoint: 119972 ns, At safepoint: 31546 ns, Total: 151518 ns
[2020-02-27T09:27:02.498+0000][1][safepoint    ] Safepoint "RevokeBias", Time since last: 2518738207 ns, Reaching safepoint: 73746 ns, At safepoint: 17983 ns, Total: 91729 ns
[2020-02-27T09:27:05.014+0000][1][safepoint    ] Safepoint "RevokeBias", Time since last: 2515327881 ns, Reaching safepoint: 92581 ns, At safepoint: 23113 ns, Total: 115694 ns
[2020-02-27T09:27:07.531+0000][1][safepoint    ] Safepoint "RevokeBias", Time since last: 2516763966 ns, Reaching safepoint: 110842 ns, At safepoint: 27732 ns, Total: 138574 ns
[2020-02-27T09:27:10.041+0000][1][safepoint    ] Safepoint "RevokeBias", Time since last: 2510711708 ns, Reaching safepoint: 72956 ns, At safepoint: 18063 ns, Total: 91019 ns
[2020-02-27T09:27:12.552+0000][1][safepoint    ] Safepoint "RevokeBias", Time since last: 2510023541 ns, Reaching safepoint: 76576 ns, At safepoint: 18560 ns, Total: 95136 ns
[2020-02-27T09:27:15.068+0000][1][safepoint    ] Safepoint "RevokeBias", Time since last: 2516009132 ns, Reaching safepoint: 104113 ns, At safepoint: 20643 ns, Total: 124756 ns
[2020-02-27T09:27:17.574+0000][1][safepoint    ] Safepoint "RevokeBias", Time since last: 2505870739 ns, Reaching safepoint: 114047 ns, At safepoint: 29741 ns, Total: 143788 ns
[2020-02-27T09:27:20.076+0000][1][safepoint    ] Safepoint "RevokeBias", Time since last: 2501887554 ns, Reaching safepoint: 85945 ns, At safepoint: 21100 ns, Total: 107045 ns
[2020-02-27T09:27:22.582+0000][1][safepoint    ] Safepoint "RevokeBias", Time since last: 2505819975 ns, Reaching safepoint: 147353 ns, At safepoint: 41217 ns, Total: 188570 ns
[2020-02-27T09:27:25.087+0000][1][safepoint    ] Safepoint "RevokeBias", Time since last: 2505512380 ns, Reaching safepoint: 75764 ns, At safepoint: 19237 ns, Total: 95001 ns
[2020-02-27T09:27:27.593+0000][1][safepoint    ] Safepoint "RevokeBias", Time since last: 2505809408 ns, Reaching safepoint: 76238 ns, At safepoint: 19318 ns, Total: 95556 ns
[2020-02-27T09:27:30.096+0000][1][safepoint    ] Safepoint "BulkRevokeBias", Time since last: 2502369633 ns, Reaching safepoint: 95761 ns, At safepoint: 333765 ns, Total: 429526 ns
[2020-02-27T09:27:32.602+0000][1][safepoint    ] Safepoint "RevokeBias", Time since last: 2506248925 ns, Reaching safepoint: 77611 ns, At safepoint: 19332 ns, Total: 96943 ns
[2020-02-27T09:27:35.109+0000][1][safepoint    ] Safepoint "RevokeBias", Time since last: 2506994386 ns, Reaching safepoint: 73894 ns, At safepoint: 17150 ns, Total: 91044 ns
[2020-02-27T09:27:37.616+0000][1][safepoint    ] Safepoint "RevokeBias", Time since last: 2506044967 ns, Reaching safepoint: 74731 ns, At safepoint: 18098 ns, Total: 92829 ns
[2020-02-27T09:27:40.118+0000][1][safepoint    ] Safepoint "RevokeBias", Time since last: 2502633547 ns, Reaching safepoint: 73448 ns, At safepoint: 17479 ns, Total: 90927 ns
[2020-02-27T09:27:42.622+0000][1][safepoint    ] Safepoint "RevokeBias", Time since last: 2503451445 ns, Reaching safepoint: 75263 ns, At safepoint: 18065 ns, Total: 93328 ns
[2020-02-27T09:27:45.126+0000][1][safepoint    ] Safepoint "RevokeBias", Time since last: 2504499229 ns, Reaching safepoint: 80566 ns, At safepoint: 18738 ns, Total: 99304 ns
[2020-02-27T09:27:47.633+0000][1][safepoint    ] Safepoint "RevokeBias", Time since last: 2506044620 ns, Reaching safepoint: 58869 ns, At safepoint: 17587 ns, Total: 76456 ns
[2020-02-27T09:27:50.136+0000][1][safepoint    ] Safepoint "RevokeBias", Time since last: 2503371465 ns, Reaching safepoint: 74592 ns, At safepoint: 16732 ns, Total: 91324 ns
[2020-02-27T09:27:52.654+0000][1][safepoint    ] Safepoint "RevokeBias", Time since last: 2517532403 ns, Reaching safepoint: 85946 ns, At safepoint: 21886 ns, Total: 107832 ns
[2020-02-27T09:27:55.161+0000][1][safepoint    ] Safepoint "RevokeBias", Time since last: 2507062712 ns, Reaching safepoint: 74021 ns, At safepoint: 18184 ns, Total: 92205 ns
[2020-02-27T09:27:57.667+0000][1][safepoint    ] Safepoint "RevokeBias", Time since last: 2506346026 ns, Reaching safepoint: 73694 ns, At safepoint: 18131 ns, Total: 91825 ns
[2020-02-27T09:28:00.171+0000][1][safepoint    ] Safepoint "RevokeBias", Time since last: 2503665189 ns, Reaching safepoint: 174421 ns, At safepoint: 42829 ns, Total: 217250 ns
[2020-02-27T09:28:02.676+0000][1][safepoint    ] Safepoint "RevokeBias", Time since last: 2504729339 ns, Reaching safepoint: 169161 ns, At safepoint: 33114 ns, Total: 202275 ns
[2020-02-27T09:28:05.180+0000][1][safepoint    ] Safepoint "RevokeBias", Time since last: 2503722681 ns, Reaching safepoint: 75120 ns, At safepoint: 17721 ns, Total: 92841 ns
[2020-02-27T09:28:07.685+0000][1][safepoint    ] Safepoint "RevokeBias", Time since last: 2505157907 ns, Reaching safepoint: 59846 ns, At safepoint: 18078 ns, Total: 77924 ns
[2020-02-27T09:28:10.188+0000][1][safepoint    ] Safepoint "RevokeBias", Time since last: 2503134702 ns, Reaching safepoint: 106880 ns, At safepoint: 60469 ns, Total: 167349 ns
[2020-02-27T09:28:12.692+0000][1][safepoint    ] Safepoint "RevokeBias", Time since last: 2503108401 ns, Reaching safepoint: 78373 ns, At safepoint: 18713 ns, Total: 97086 ns
[2020-02-27T09:28:15.196+0000][1][safepoint    ] Safepoint "RevokeBias", Time since last: 2504298209 ns, Reaching safepoint: 72144 ns, At safepoint: 16980 ns, Total: 89124 ns
[2020-02-27T09:28:17.701+0000][1][safepoint    ] Safepoint "RevokeBias", Time since last: 2505066477 ns, Reaching safepoint: 74608 ns, At safepoint: 17845 ns, Total: 92453 ns
[2020-02-27T09:28:20.210+0000][1][safepoint    ] Safepoint "RevokeBias", Time since last: 2509098268 ns, Reaching safepoint: 75978 ns, At safepoint: 17608 ns, Total: 93586 ns
[2020-02-27T09:28:22.722+0000][1][safepoint    ] Safepoint "RevokeBias", Time since last: 2511074185 ns, Reaching safepoint: 76129 ns, At safepoint: 19242 ns, Total: 95371 ns
[2020-02-27T09:28:25.229+0000][1][safepoint    ] Safepoint "RevokeBias", Time since last: 2507684912 ns, Reaching safepoint: 218367 ns, At safepoint: 22559 ns, Total: 240926 ns
[2020-02-27T09:28:27.741+0000][1][safepoint    ] Safepoint "RevokeBias", Time since last: 2511878997 ns, Reaching safepoint: 62073 ns, At safepoint: 18302 ns, Total: 80375 ns
[2020-02-27T09:28:30.253+0000][1][safepoint    ] Safepoint "RevokeBias", Time since last: 2511669621 ns, Reaching safepoint: 90295 ns, At safepoint: 20564 ns, Total: 110859 ns
[2020-02-27T09:28:32.764+0000][1][safepoint    ] Safepoint "RevokeBias", Time since last: 2510285053 ns, Reaching safepoint: 74270 ns, At safepoint: 17995 ns, Total: 92265 ns
[2020-02-27T09:28:35.274+0000][1][safepoint    ] Safepoint "RevokeBias", Time since last: 2510397758 ns, Reaching safepoint: 58547 ns, At safepoint: 16549 ns, Total: 75096 ns
[2020-02-27T09:28:36.325+0000][1][gc,start     ] GC(159) Pause Young (Allocation Failure)
[2020-02-27T09:28:36.325+0000][1][gc,task      ] GC(159) Using 1 workers of 1 for evacuation
[2020-02-27T09:28:36.336+0000][1][gc,age       ] GC(159) Desired survivor size 4358144 bytes, new threshold 6 (max threshold 6)
[2020-02-27T09:28:36.336+0000][1][gc,age       ] GC(159) Age table with threshold 6 (max threshold 6)
[2020-02-27T09:28:36.336+0000][1][gc,age       ] GC(159) - age   1:      10376 bytes,      10376 total
[2020-02-27T09:28:36.336+0000][1][gc,age       ] GC(159) - age   4:        384 bytes,      10760 total
[2020-02-27T09:28:36.336+0000][1][gc,age       ] GC(159) - age   5:        512 bytes,      11272 total
[2020-02-27T09:28:36.336+0000][1][gc,heap      ] GC(159) ParNew: 68184K->21K(76672K)
[2020-02-27T09:28:36.336+0000][1][gc,heap      ] GC(159) CMS: 62523K->62523K(963392K)
[2020-02-27T09:28:36.336+0000][1][gc,metaspace ] GC(159) Metaspace: 80591K->80591K(1124352K)
[2020-02-27T09:28:36.336+0000][1][gc           ] GC(159) Pause Young (Allocation Failure) 127M->61M(1015M) 10.546ms
[2020-02-27T09:28:36.336+0000][1][gc,cpu       ] GC(159) User=0.01s Sys=0.00s Real=0.01s
[2020-02-27T09:28:36.336+0000][1][safepoint    ] Safepoint "GenCollectForAllocation", Time since last: 1051265794 ns, Reaching safepoint: 78416 ns, At safepoint: 10601225 ns, Total: 10679641 ns
[2020-02-27T09:28:37.787+0000][1][safepoint    ] Safepoint "RevokeBias", Time since last: 1450723663 ns, Reaching safepoint: 75040 ns, At safepoint: 17962 ns, Total: 93002 ns
[2020-02-27T09:28:40.297+0000][1][safepoint    ] Safepoint "RevokeBias", Time since last: 2510234688 ns, Reaching safepoint: 75162 ns, At safepoint: 17895 ns, Total: 93057 ns
[2020-02-27T09:28:42.804+0000][1][safepoint    ] Safepoint "BulkRevokeBias", Time since last: 2506083539 ns, Reaching safepoint: 88238 ns, At safepoint: 424167 ns, Total: 512405 ns
[2020-02-27T09:28:45.308+0000][1][safepoint    ] Safepoint "RevokeBias", Time since last: 2503947975 ns, Reaching safepoint: 132129 ns, At safepoint: 21926 ns, Total: 154055 ns
[2020-02-27T09:28:47.814+0000][1][safepoint    ] Safepoint "RevokeBias", Time since last: 2506015593 ns, Reaching safepoint: 148032 ns, At safepoint: 29413 ns, Total: 177445 ns
[2020-02-27T09:28:50.317+0000][1][safepoint    ] Safepoint "RevokeBias", Time since last: 2502726602 ns, Reaching safepoint: 111156 ns, At safepoint: 20761 ns, Total: 131917 ns
[2020-02-27T09:28:52.825+0000][1][safepoint    ] Safepoint "RevokeBias", Time since last: 2508040214 ns, Reaching safepoint: 75182 ns, At safepoint: 64741 ns, Total: 139923 ns
[2020-02-27T09:28:55.329+0000][1][safepoint    ] Safepoint "RevokeBias", Time since last: 2503754949 ns, Reaching safepoint: 73895 ns, At safepoint: 18236 ns, Total: 92131 ns
[2020-02-27T09:28:57.834+0000][1][safepoint    ] Safepoint "RevokeBias", Time since last: 2505171422 ns, Reaching safepoint: 115153 ns, At safepoint: 66168 ns, Total: 181321 ns
[2020-02-27T09:29:00.337+0000][1][safepoint    ] Safepoint "RevokeBias", Time since last: 2502181304 ns, Reaching safepoint: 93002 ns, At safepoint: 21860 ns, Total: 114862 ns
[2020-02-27T09:29:02.843+0000][1][safepoint    ] Safepoint "RevokeBias", Time since last: 2506037767 ns, Reaching safepoint: 476088 ns, At safepoint: 40769 ns, Total: 516857 ns
[2020-02-27T09:29:05.348+0000][1][safepoint    ] Safepoint "RevokeBias", Time since last: 2505064337 ns, Reaching safepoint: 75547 ns, At safepoint: 18275 ns, Total: 93822 ns
[2020-02-27T09:29:07.854+0000][1][safepoint    ] Safepoint "RevokeBias", Time since last: 2505500332 ns, Reaching safepoint: 75685 ns, At safepoint: 18110 ns, Total: 93795 ns
[2020-02-27T09:29:10.360+0000][1][safepoint    ] Safepoint "RevokeBias", Time since last: 2506338676 ns, Reaching safepoint: 74777 ns, At safepoint: 18336 ns, Total: 93113 ns
[2020-02-27T09:29:12.864+0000][1][safepoint    ] Safepoint "RevokeBias", Time since last: 2504003636 ns, Reaching safepoint: 76628 ns, At safepoint: 19140 ns, Total: 95768 ns
[2020-02-27T09:29:15.368+0000][1][safepoint    ] Safepoint "RevokeBias", Time since last: 2503772710 ns, Reaching safepoint: 74503 ns, At safepoint: 18571 ns, Total: 93074 ns
[2020-02-27T09:29:17.874+0000][1][safepoint    ] Safepoint "RevokeBias", Time since last: 2505809742 ns, Reaching safepoint: 76371 ns, At safepoint: 18069 ns, Total: 94440 ns
[2020-02-27T09:29:20.378+0000][1][safepoint    ] Safepoint "RevokeBias", Time since last: 2503364492 ns, Reaching safepoint: 72737 ns, At safepoint: 17970 ns, Total: 90707 ns
[2020-02-27T09:29:22.881+0000][1][safepoint    ] Safepoint "RevokeBias", Time since last: 2503293846 ns, Reaching safepoint: 75611 ns, At safepoint: 18586 ns, Total: 94197 ns
[2020-02-27T09:29:25.385+0000][1][safepoint    ] Safepoint "RevokeBias", Time since last: 2504077927 ns, Reaching safepoint: 74888 ns, At safepoint: 17745 ns, Total: 92633 ns
[2020-02-27T09:29:27.890+0000][1][safepoint    ] Safepoint "RevokeBias", Time since last: 2505240372 ns, Reaching safepoint: 74933 ns, At safepoint: 18283 ns, Total: 93216 ns
[2020-02-27T09:29:30.394+0000][1][safepoint    ] Safepoint "RevokeBias", Time since last: 2503561547 ns, Reaching safepoint: 93403 ns, At safepoint: 20989 ns, Total: 114392 ns
[2020-02-27T09:29:32.900+0000][1][safepoint    ] Safepoint "RevokeBias", Time since last: 2505821927 ns, Reaching safepoint: 99190 ns, At safepoint: 28304 ns, Total: 127494 ns
[2020-02-27T09:29:35.404+0000][1][safepoint    ] Safepoint "RevokeBias", Time since last: 2504024609 ns, Reaching safepoint: 113385 ns, At safepoint: 20697 ns, Total: 134082 ns
[2020-02-27T09:29:37.912+0000][1][safepoint    ] Safepoint "RevokeBias", Time since last: 2507678543 ns, Reaching safepoint: 96746 ns, At safepoint: 27872 ns, Total: 124618 ns
[2020-02-27T09:29:40.415+0000][1][safepoint    ] Safepoint "RevokeBias", Time since last: 2503188823 ns, Reaching safepoint: 75474 ns, At safepoint: 18672 ns, Total: 94146 ns
[2020-02-27T09:29:42.923+0000][1][safepoint    ] Safepoint "RevokeBias", Time since last: 2507875382 ns, Reaching safepoint: 143683 ns, At safepoint: 78942 ns, Total: 222625 ns
[2020-02-27T09:29:45.435+0000][1][safepoint    ] Safepoint "RevokeBias", Time since last: 2511402479 ns, Reaching safepoint: 74642 ns, At safepoint: 67229 ns, Total: 141871 ns
[2020-02-27T09:29:47.947+0000][1][safepoint    ] Safepoint "RevokeBias", Time since last: 2511421894 ns, Reaching safepoint: 76947 ns, At safepoint: 18456 ns, Total: 95403 ns
[2020-02-27T09:29:50.455+0000][1][safepoint    ] Safepoint "RevokeBias", Time since last: 2508536875 ns, Reaching safepoint: 75569 ns, At safepoint: 18409 ns, Total: 93978 ns
[2020-02-27T09:29:52.973+0000][1][safepoint    ] Safepoint "RevokeBias", Time since last: 2517451310 ns, Reaching safepoint: 56970 ns, At safepoint: 15481 ns, Total: 72451 ns
[2020-02-27T09:29:55.483+0000][1][safepoint    ] Safepoint "BulkRevokeBias", Time since last: 2509870115 ns, Reaching safepoint: 72301 ns, At safepoint: 185186 ns, Total: 257487 ns
[2020-02-27T09:29:57.997+0000][1][safepoint    ] Safepoint "RevokeBias", Time since last: 2514401762 ns, Reaching safepoint: 119498 ns, At safepoint: 38231 ns, Total: 157729 ns
[2020-02-27T09:30:00.507+0000][1][safepoint    ] Safepoint "RevokeBias", Time since last: 2509070361 ns, Reaching safepoint: 93021 ns, At safepoint: 21699 ns, Total: 114720 ns
[2020-02-27T09:30:03.030+0000][1][safepoint    ] Safepoint "RevokeBias", Time since last: 2523085461 ns, Reaching safepoint: 187254 ns, At safepoint: 39769 ns, Total: 227023 ns
[2020-02-27T09:30:05.542+0000][1][safepoint    ] Safepoint "RevokeBias", Time since last: 2511805375 ns, Reaching safepoint: 77048 ns, At safepoint: 18566 ns, Total: 95614 ns
[2020-02-27T09:30:08.059+0000][1][safepoint    ] Safepoint "RevokeBias", Time since last: 2516708722 ns, Reaching safepoint: 75007 ns, At safepoint: 18043 ns, Total: 93050 ns
[2020-02-27T09:30:10.569+0000][1][safepoint    ] Safepoint "RevokeBias", Time since last: 2510830449 ns, Reaching safepoint: 73708 ns, At safepoint: 17568 ns, Total: 91276 ns
[2020-02-27T09:30:13.079+0000][1][safepoint    ] Safepoint "RevokeBias", Time since last: 2509564343 ns, Reaching safepoint: 106905 ns, At safepoint: 21285 ns, Total: 128190 ns
[2020-02-27T09:30:15.593+0000][1][safepoint    ] Safepoint "RevokeBias", Time since last: 2513438331 ns, Reaching safepoint: 144117 ns, At safepoint: 21978 ns, Total: 166095 ns
[2020-02-27T09:30:18.099+0000][1][safepoint    ] Safepoint "RevokeBias", Time since last: 2506192884 ns, Reaching safepoint: 117814 ns, At safepoint: 39460 ns, Total: 157274 ns
[2020-02-27T09:30:20.602+0000][1][safepoint    ] Safepoint "RevokeBias", Time since last: 2503153318 ns, Reaching safepoint: 161327 ns, At safepoint: 38342 ns, Total: 199669 ns
[2020-02-27T09:30:23.110+0000][1][safepoint    ] Safepoint "RevokeBias", Time since last: 2507851214 ns, Reaching safepoint: 74877 ns, At safepoint: 18241 ns, Total: 93118 ns
[2020-02-27T09:30:25.613+0000][1][safepoint    ] Safepoint "RevokeBias", Time since last: 2502801923 ns, Reaching safepoint: 76264 ns, At safepoint: 18311 ns, Total: 94575 ns
[2020-02-27T09:30:28.118+0000][1][safepoint    ] Safepoint "RevokeBias", Time since last: 2504594474 ns, Reaching safepoint: 127836 ns, At safepoint: 56322 ns, Total: 184158 ns
[2020-02-27T09:30:30.622+0000][1][safepoint    ] Safepoint "RevokeBias", Time since last: 2503531325 ns, Reaching safepoint: 95348 ns, At safepoint: 22984 ns, Total: 118332 ns
[2020-02-27T09:30:33.128+0000][1][safepoint    ] Safepoint "RevokeBias", Time since last: 2506002651 ns, Reaching safepoint: 75473 ns, At safepoint: 18215 ns, Total: 93688 ns
[2020-02-27T09:30:35.659+0000][1][safepoint    ] Safepoint "RevokeBias", Time since last: 2530797194 ns, Reaching safepoint: 87732 ns, At safepoint: 23088 ns, Total: 110820 ns
[2020-02-27T09:30:38.165+0000][1][safepoint    ] Safepoint "RevokeBias", Time since last: 2505891834 ns, Reaching safepoint: 75884 ns, At safepoint: 17865 ns, Total: 93749 ns
[2020-02-27T09:30:40.667+0000][1][safepoint    ] Safepoint "RevokeBias", Time since last: 2502580683 ns, Reaching safepoint: 73686 ns, At safepoint: 17606 ns, Total: 91292 ns
[2020-02-27T09:30:43.170+0000][1][safepoint    ] Safepoint "RevokeBias", Time since last: 2502458606 ns, Reaching safepoint: 73824 ns, At safepoint: 17666 ns, Total: 91490 ns
[2020-02-27T09:30:45.675+0000][1][safepoint    ] Safepoint "RevokeBias", Time since last: 2504750554 ns, Reaching safepoint: 175236 ns, At safepoint: 25600 ns, Total: 200836 ns
[2020-02-27T09:30:48.180+0000][1][safepoint    ] Safepoint "RevokeBias", Time since last: 2505004734 ns, Reaching safepoint: 73702 ns, At safepoint: 18305 ns, Total: 92007 ns
[2020-02-27T09:30:50.684+0000][1][safepoint    ] Safepoint "RevokeBias", Time since last: 2504158154 ns, Reaching safepoint: 58160 ns, At safepoint: 17236 ns, Total: 75396 ns
[2020-02-27T09:30:53.190+0000][1][safepoint    ] Safepoint "RevokeBias", Time since last: 2505866027 ns, Reaching safepoint: 76241 ns, At safepoint: 17494 ns, Total: 93735 ns
[2020-02-27T09:30:55.121+0000][1][gc,start     ] GC(160) Pause Young (Allocation Failure)
[2020-02-27T09:30:55.121+0000][1][gc,task      ] GC(160) Using 1 workers of 1 for evacuation
[2020-02-27T09:30:55.132+0000][1][gc,age       ] GC(160) Desired survivor size 4358144 bytes, new threshold 6 (max threshold 6)
[2020-02-27T09:30:55.132+0000][1][gc,age       ] GC(160) Age table with threshold 6 (max threshold 6)
[2020-02-27T09:30:55.132+0000][1][gc,age       ] GC(160) - age   1:      11152 bytes,      11152 total
[2020-02-27T09:30:55.132+0000][1][gc,age       ] GC(160) - age   5:        152 bytes,      11304 total
[2020-02-27T09:30:55.132+0000][1][gc,age       ] GC(160) - age   6:        512 bytes,      11816 total
[2020-02-27T09:30:55.132+0000][1][gc,heap      ] GC(160) ParNew: 68138K->13K(76672K)
[2020-02-27T09:30:55.132+0000][1][gc,heap      ] GC(160) CMS: 62523K->62523K(963392K)
[2020-02-27T09:30:55.132+0000][1][gc,metaspace ] GC(160) Metaspace: 80591K->80591K(1124352K)
[2020-02-27T09:30:55.132+0000][1][gc           ] GC(160) Pause Young (Allocation Failure) 127M->61M(1015M) 10.806ms
[2020-02-27T09:30:55.132+0000][1][gc,cpu       ] GC(160) User=0.01s Sys=0.00s Real=0.01s
[2020-02-27T09:30:55.132+0000][1][safepoint    ] Safepoint "GenCollectForAllocation", Time since last: 1930964360 ns, Reaching safepoint: 79906 ns, At safepoint: 10894985 ns, Total: 10974891 ns
[2020-02-27T09:30:55.695+0000][1][safepoint    ] Safepoint "RevokeBias", Time since last: 563147771 ns, Reaching safepoint: 91246 ns, At safepoint: 26926 ns, Total: 118172 ns
[2020-02-27T09:30:58.202+0000][1][safepoint    ] Safepoint "RevokeBias", Time since last: 2506035061 ns, Reaching safepoint: 75628 ns, At safepoint: 17409 ns, Total: 93037 ns
[2020-02-27T09:31:00.704+0000][1][safepoint    ] Safepoint "RevokeBias", Time since last: 2502619514 ns, Reaching safepoint: 96776 ns, At safepoint: 23441 ns, Total: 120217 ns
[2020-02-27T09:31:03.210+0000][1][safepoint    ] Safepoint "RevokeBias", Time since last: 2505777255 ns, Reaching safepoint: 77535 ns, At safepoint: 18288 ns, Total: 95823 ns
[2020-02-27T09:31:05.728+0000][1][safepoint    ] Safepoint "RevokeBias", Time since last: 2517901292 ns, Reaching safepoint: 124258 ns, At safepoint: 34754 ns, Total: 159012 ns
[2020-02-27T09:31:08.244+0000][1][safepoint    ] Safepoint "BulkRevokeBias", Time since last: 2515338020 ns, Reaching safepoint: 163456 ns, At safepoint: 203052 ns, Total: 366508 ns
[2020-02-27T09:31:10.762+0000][1][safepoint    ] Safepoint "RevokeBias", Time since last: 2518310878 ns, Reaching safepoint: 135191 ns, At safepoint: 55786 ns, Total: 190977 ns
[2020-02-27T09:31:13.271+0000][1][safepoint    ] Safepoint "RevokeBias", Time since last: 2508383959 ns, Reaching safepoint: 129160 ns, At safepoint: 19492 ns, Total: 148652 ns
[2020-02-27T09:31:15.787+0000][1][safepoint    ] Safepoint "RevokeBias", Time since last: 2516030346 ns, Reaching safepoint: 101572 ns, At safepoint: 25844 ns, Total: 127416 ns
[2020-02-27T09:31:18.300+0000][1][safepoint    ] Safepoint "RevokeBias", Time since last: 2512566712 ns, Reaching safepoint: 103235 ns, At safepoint: 21984 ns, Total: 125219 ns
[2020-02-27T09:31:20.815+0000][1][safepoint    ] Safepoint "RevokeBias", Time since last: 2514890100 ns, Reaching safepoint: 57363 ns, At safepoint: 17096 ns, Total: 74459 ns
[2020-02-27T09:31:23.331+0000][1][safepoint    ] Safepoint "RevokeBias", Time since last: 2514933953 ns, Reaching safepoint: 1275794 ns, At safepoint: 51784 ns, Total: 1327578 ns
[2020-02-27T09:31:25.844+0000][1][safepoint    ] Safepoint "RevokeBias", Time since last: 2512763935 ns, Reaching safepoint: 141091 ns, At safepoint: 17895 ns, Total: 158986 ns
[2020-02-27T09:31:28.354+0000][1][safepoint    ] Safepoint "RevokeBias", Time since last: 2509660591 ns, Reaching safepoint: 73757 ns, At safepoint: 18268 ns, Total: 92025 ns
[2020-02-27T09:31:30.867+0000][1][safepoint    ] Safepoint "RevokeBias", Time since last: 2513515412 ns, Reaching safepoint: 93330 ns, At safepoint: 21068 ns, Total: 114398 ns
[2020-02-27T09:31:33.377+0000][1][safepoint    ] Safepoint "RevokeBias", Time since last: 2509675233 ns, Reaching safepoint: 75423 ns, At safepoint: 19047 ns, Total: 94470 ns
[2020-02-27T09:31:35.882+0000][1][safepoint    ] Safepoint "RevokeBias", Time since last: 2504366463 ns, Reaching safepoint: 73874 ns, At safepoint: 17774 ns, Total: 91648 ns
[2020-02-27T09:31:38.388+0000][1][safepoint    ] Safepoint "RevokeBias", Time since last: 2506346749 ns, Reaching safepoint: 236117 ns, At safepoint: 52890 ns, Total: 289007 ns
[2020-02-27T09:31:40.892+0000][1][safepoint    ] Safepoint "RevokeBias", Time since last: 2503430864 ns, Reaching safepoint: 201848 ns, At safepoint: 21313 ns, Total: 223161 ns
[2020-02-27T09:31:43.395+0000][1][safepoint    ] Safepoint "RevokeBias", Time since last: 2503344962 ns, Reaching safepoint: 74641 ns, At safepoint: 18464 ns, Total: 93105 ns
[2020-02-27T09:31:45.901+0000][1][safepoint    ] Safepoint "RevokeBias", Time since last: 2505221651 ns, Reaching safepoint: 79076 ns, At safepoint: 19605 ns, Total: 98681 ns
[2020-02-27T09:31:48.407+0000][1][safepoint    ] Safepoint "RevokeBias", Time since last: 2505900138 ns, Reaching safepoint: 139523 ns, At safepoint: 23320 ns, Total: 162843 ns
[2020-02-27T09:31:50.910+0000][1][safepoint    ] Safepoint "RevokeBias", Time since last: 2503293386 ns, Reaching safepoint: 168317 ns, At safepoint: 33613 ns, Total: 201930 ns
[2020-02-27T09:31:53.417+0000][1][safepoint    ] Safepoint "RevokeBias", Time since last: 2506269851 ns, Reaching safepoint: 73973 ns, At safepoint: 17863 ns, Total: 91836 ns
[2020-02-27T09:31:55.920+0000][1][safepoint    ] Safepoint "RevokeBias", Time since last: 2503217815 ns, Reaching safepoint: 75880 ns, At safepoint: 17836 ns, Total: 93716 ns
[2020-02-27T09:31:58.427+0000][1][safepoint    ] Safepoint "RevokeBias", Time since last: 2506691059 ns, Reaching safepoint: 58994 ns, At safepoint: 17167 ns, Total: 76161 ns
[2020-02-27T09:32:00.931+0000][1][safepoint    ] Safepoint "RevokeBias", Time since last: 2504092639 ns, Reaching safepoint: 76176 ns, At safepoint: 17945 ns, Total: 94121 ns
[2020-02-27T09:32:03.436+0000][1][safepoint    ] Safepoint "RevokeBias", Time since last: 2505603102 ns, Reaching safepoint: 72876 ns, At safepoint: 18301 ns, Total: 91177 ns
[2020-02-27T09:32:05.941+0000][1][safepoint    ] Safepoint "RevokeBias", Time since last: 2504339919 ns, Reaching safepoint: 83720 ns, At safepoint: 16752 ns, Total: 100472 ns
[2020-02-27T09:32:08.448+0000][1][safepoint    ] Safepoint "RevokeBias", Time since last: 2506566949 ns, Reaching safepoint: 89017 ns, At safepoint: 23042 ns, Total: 112059 ns
[2020-02-27T09:32:10.950+0000][1][safepoint    ] Safepoint "RevokeBias", Time since last: 2502657462 ns, Reaching safepoint: 76877 ns, At safepoint: 18987 ns, Total: 95864 ns
[2020-02-27T09:32:13.453+0000][1][safepoint    ] Safepoint "RevokeBias", Time since last: 2502067331 ns, Reaching safepoint: 77183 ns, At safepoint: 19051 ns, Total: 96234 ns
[2020-02-27T09:32:15.955+0000][1][safepoint    ] Safepoint "RevokeBias", Time since last: 2502822300 ns, Reaching safepoint: 75134 ns, At safepoint: 18823 ns, Total: 93957 ns
[2020-02-27T09:32:18.459+0000][1][safepoint    ] Safepoint "RevokeBias", Time since last: 2503914321 ns, Reaching safepoint: 75130 ns, At safepoint: 17826 ns, Total: 92956 ns
[2020-02-27T09:32:20.963+0000][1][safepoint    ] Safepoint "BulkRevokeBias", Time since last: 2502781834 ns, Reaching safepoint: 93043 ns, At safepoint: 376459 ns, Total: 469502 ns
[2020-02-27T09:32:23.469+0000][1][safepoint    ] Safepoint "RevokeBias", Time since last: 2506052663 ns, Reaching safepoint: 72609 ns, At safepoint: 17262 ns, Total: 89871 ns
[2020-02-27T09:32:25.973+0000][1][safepoint    ] Safepoint "RevokeBias", Time since last: 2503784569 ns, Reaching safepoint: 86165 ns, At safepoint: 21738 ns, Total: 107903 ns
[2020-02-27T09:32:28.485+0000][1][safepoint    ] Safepoint "RevokeBias", Time since last: 2512550832 ns, Reaching safepoint: 72044 ns, At safepoint: 17589 ns, Total: 89633 ns
[2020-02-27T09:32:30.994+0000][1][safepoint    ] Safepoint "RevokeBias", Time since last: 2508532100 ns, Reaching safepoint: 152280 ns, At safepoint: 35020 ns, Total: 187300 ns
[2020-02-27T09:32:33.515+0000][1][safepoint    ] Safepoint "RevokeBias", Time since last: 2520500799 ns, Reaching safepoint: 75929 ns, At safepoint: 18259 ns, Total: 94188 ns
[2020-02-27T09:32:36.025+0000][1][safepoint    ] Safepoint "RevokeBias", Time since last: 2509690848 ns, Reaching safepoint: 114936 ns, At safepoint: 29690 ns, Total: 144626 ns
[2020-02-27T09:32:38.538+0000][1][safepoint    ] Safepoint "RevokeBias", Time since last: 2513835649 ns, Reaching safepoint: 95217 ns, At safepoint: 28241 ns, Total: 123458 ns
[2020-02-27T09:32:41.046+0000][1][safepoint    ] Safepoint "RevokeBias", Time since last: 2507145091 ns, Reaching safepoint: 117036 ns, At safepoint: 18748 ns, Total: 135784 ns
[2020-02-27T09:32:43.553+0000][1][safepoint    ] Safepoint "RevokeBias", Time since last: 2507072637 ns, Reaching safepoint: 75466 ns, At safepoint: 18055 ns, Total: 93521 ns
[2020-02-27T09:32:46.068+0000][1][safepoint    ] Safepoint "RevokeBias", Time since last: 2514717223 ns, Reaching safepoint: 91618 ns, At safepoint: 23038 ns, Total: 114656 ns
[2020-02-27T09:32:48.582+0000][1][safepoint    ] Safepoint "RevokeBias", Time since last: 2513825168 ns, Reaching safepoint: 79517 ns, At safepoint: 18482 ns, Total: 97999 ns
[2020-02-27T09:32:51.090+0000][1][safepoint    ] Safepoint "RevokeBias", Time since last: 2508132429 ns, Reaching safepoint: 90647 ns, At safepoint: 20739 ns, Total: 111386 ns
[2020-02-27T09:32:53.607+0000][1][safepoint    ] Safepoint "RevokeBias", Time since last: 2516680509 ns, Reaching safepoint: 78733 ns, At safepoint: 18375 ns, Total: 97108 ns
[2020-02-27T09:32:56.115+0000][1][safepoint    ] Safepoint "RevokeBias", Time since last: 2507826624 ns, Reaching safepoint: 192639 ns, At safepoint: 32487 ns, Total: 225126 ns
[2020-02-27T09:32:58.620+0000][1][safepoint    ] Safepoint "RevokeBias", Time since last: 2505090436 ns, Reaching safepoint: 171501 ns, At safepoint: 27414 ns, Total: 198915 ns
[2020-02-27T09:33:01.124+0000][1][safepoint    ] Safepoint "RevokeBias", Time since last: 2503587665 ns, Reaching safepoint: 234523 ns, At safepoint: 32259 ns, Total: 266782 ns
[2020-02-27T09:33:03.630+0000][1][safepoint    ] Safepoint "RevokeBias", Time since last: 2505915251 ns, Reaching safepoint: 109310 ns, At safepoint: 21829 ns, Total: 131139 ns
[2020-02-27T09:33:06.135+0000][1][safepoint    ] Safepoint "RevokeBias", Time since last: 2504957241 ns, Reaching safepoint: 89778 ns, At safepoint: 23690 ns, Total: 113468 ns
[2020-02-27T09:33:08.642+0000][1][safepoint    ] Safepoint "RevokeBias", Time since last: 2506760750 ns, Reaching safepoint: 75799 ns, At safepoint: 17491 ns, Total: 93290 ns
[2020-02-27T09:33:10.656+0000][1][gc,start     ] GC(161) Pause Young (Allocation Failure)
[2020-02-27T09:33:10.656+0000][1][gc,task      ] GC(161) Using 1 workers of 1 for evacuation
[2020-02-27T09:33:10.669+0000][1][gc,age       ] GC(161) Desired survivor size 4358144 bytes, new threshold 6 (max threshold 6)
[2020-02-27T09:33:10.669+0000][1][gc,age       ] GC(161) Age table with threshold 6 (max threshold 6)
[2020-02-27T09:33:10.669+0000][1][gc,age       ] GC(161) - age   1:      11728 bytes,      11728 total
[2020-02-27T09:33:10.669+0000][1][gc,age       ] GC(161) - age   2:        368 bytes,      12096 total
[2020-02-27T09:33:10.669+0000][1][gc,age       ] GC(161) - age   6:         32 bytes,      12128 total
[2020-02-27T09:33:10.669+0000][1][gc,heap      ] GC(161) ParNew: 68173K->20K(76672K)
[2020-02-27T09:33:10.669+0000][1][gc,heap      ] GC(161) CMS: 62523K->62523K(963392K)
[2020-02-27T09:33:10.669+0000][1][gc,metaspace ] GC(161) Metaspace: 80591K->80591K(1124352K)
[2020-02-27T09:33:10.669+0000][1][gc           ] GC(161) Pause Young (Allocation Failure) 127M->61M(1015M) 12.788ms
[2020-02-27T09:33:10.669+0000][1][gc,cpu       ] GC(161) User=0.01s Sys=0.00s Real=0.01s
[2020-02-27T09:33:10.669+0000][1][safepoint    ] Safepoint "GenCollectForAllocation", Time since last: 2014419375 ns, Reaching safepoint: 81930 ns, At safepoint: 12845023 ns, Total: 12926953 ns
[2020-02-27T09:33:11.146+0000][1][safepoint    ] Safepoint "RevokeBias", Time since last: 476124373 ns, Reaching safepoint: 126552 ns, At safepoint: 32891 ns, Total: 159443 ns
[2020-02-27T09:33:13.649+0000][1][safepoint    ] Safepoint "RevokeBias", Time since last: 2503679423 ns, Reaching safepoint: 75404 ns, At safepoint: 17781 ns, Total: 93185 ns
[2020-02-27T09:33:16.153+0000][1][safepoint    ] Safepoint "RevokeBias", Time since last: 2503561233 ns, Reaching safepoint: 78733 ns, At safepoint: 69492 ns, Total: 148225 ns
[2020-02-27T09:33:18.657+0000][1][safepoint    ] Safepoint "RevokeBias", Time since last: 2503912757 ns, Reaching safepoint: 72902 ns, At safepoint: 17684 ns, Total: 90586 ns
[2020-02-27T09:33:21.163+0000][1][safepoint    ] Safepoint "RevokeBias", Time since last: 2505644522 ns, Reaching safepoint: 84626 ns, At safepoint: 21479 ns, Total: 106105 ns
[2020-02-27T09:33:23.670+0000][1][safepoint    ] Safepoint "RevokeBias", Time since last: 2506842183 ns, Reaching safepoint: 223895 ns, At safepoint: 45733 ns, Total: 269628 ns
[2020-02-27T09:33:26.176+0000][1][safepoint    ] Safepoint "RevokeBias", Time since last: 2506329659 ns, Reaching safepoint: 78671 ns, At safepoint: 18558 ns, Total: 97229 ns
[2020-02-27T09:33:28.683+0000][1][safepoint    ] Safepoint "RevokeBias", Time since last: 2506810632 ns, Reaching safepoint: 73702 ns, At safepoint: 17267 ns, Total: 90969 ns
[2020-02-27T09:33:31.189+0000][1][safepoint    ] Safepoint "RevokeBias", Time since last: 2506124428 ns, Reaching safepoint: 89612 ns, At safepoint: 21618 ns, Total: 111230 ns
[2020-02-27T09:33:33.695+0000][1][safepoint    ] Safepoint "BulkRevokeBias", Time since last: 2505269570 ns, Reaching safepoint: 75913 ns, At safepoint: 276950 ns, Total: 352863 ns
[2020-02-27T09:33:36.209+0000][1][safepoint    ] Safepoint "RevokeBias", Time since last: 2513445010 ns, Reaching safepoint: 76004 ns, At safepoint: 17600 ns, Total: 93604 ns
[2020-02-27T09:33:38.718+0000][1][safepoint    ] Safepoint "RevokeBias", Time since last: 2509740160 ns, Reaching safepoint: 73162 ns, At safepoint: 17379 ns, Total: 90541 ns
[2020-02-27T09:33:41.237+0000][1][safepoint    ] Safepoint "RevokeBias", Time since last: 2518582437 ns, Reaching safepoint: 75976 ns, At safepoint: 18190 ns, Total: 94166 ns
[2020-02-27T09:33:43.748+0000][1][safepoint    ] Safepoint "RevokeBias", Time since last: 2510543841 ns, Reaching safepoint: 103745 ns, At safepoint: 28017 ns, Total: 131762 ns
[2020-02-27T09:33:46.258+0000][1][safepoint    ] Safepoint "RevokeBias", Time since last: 2510452341 ns, Reaching safepoint: 75968 ns, At safepoint: 18899 ns, Total: 94867 ns
[2020-02-27T09:33:48.769+0000][1][safepoint    ] Safepoint "RevokeBias", Time since last: 2510546154 ns, Reaching safepoint: 109733 ns, At safepoint: 19837 ns, Total: 129570 ns
[2020-02-27T09:33:51.280+0000][1][safepoint    ] Safepoint "RevokeBias", Time since last: 2510973915 ns, Reaching safepoint: 81835 ns, At safepoint: 19896 ns, Total: 101731 ns
[2020-02-27T09:33:53.794+0000][1][safepoint    ] Safepoint "RevokeBias", Time since last: 2514010619 ns, Reaching safepoint: 150135 ns, At safepoint: 20398 ns, Total: 170533 ns
[2020-02-27T09:33:56.311+0000][1][safepoint    ] Safepoint "RevokeBias", Time since last: 2516284859 ns, Reaching safepoint: 161879 ns, At safepoint: 49346 ns, Total: 211225 ns
[2020-02-27T09:33:58.827+0000][1][safepoint    ] Safepoint "RevokeBias", Time since last: 2515838074 ns, Reaching safepoint: 85477 ns, At safepoint: 33996 ns, Total: 119473 ns
[2020-02-27T09:34:01.330+0000][1][safepoint    ] Safepoint "RevokeBias", Time since last: 2502872348 ns, Reaching safepoint: 89092 ns, At safepoint: 21669 ns, Total: 110761 ns
[2020-02-27T09:34:03.835+0000][1][safepoint    ] Safepoint "RevokeBias", Time since last: 2505561791 ns, Reaching safepoint: 90786 ns, At safepoint: 62233 ns, Total: 153019 ns
[2020-02-27T09:34:06.340+0000][1][safepoint    ] Safepoint "RevokeBias", Time since last: 2504416451 ns, Reaching safepoint: 99721 ns, At safepoint: 25657 ns, Total: 125378 ns
[2020-02-27T09:34:08.844+0000][1][safepoint    ] Safepoint "RevokeBias", Time since last: 2504185693 ns, Reaching safepoint: 115664 ns, At safepoint: 19093 ns, Total: 134757 ns
[2020-02-27T09:34:11.347+0000][1][safepoint    ] Safepoint "RevokeBias", Time since last: 2503064344 ns, Reaching safepoint: 91192 ns, At safepoint: 21533 ns, Total: 112725 ns
[2020-02-27T09:34:13.851+0000][1][safepoint    ] Safepoint "RevokeBias", Time since last: 2503109684 ns, Reaching safepoint: 91136 ns, At safepoint: 22106 ns, Total: 113242 ns
[2020-02-27T09:34:16.356+0000][1][safepoint    ] Safepoint "RevokeBias", Time since last: 2504908314 ns, Reaching safepoint: 117191 ns, At safepoint: 103323 ns, Total: 220514 ns
[2020-02-27T09:34:18.862+0000][1][safepoint    ] Safepoint "RevokeBias", Time since last: 2506019166 ns, Reaching safepoint: 84054 ns, At safepoint: 19718 ns, Total: 103772 ns
[2020-02-27T09:34:21.365+0000][1][safepoint    ] Safepoint "RevokeBias", Time since last: 2503317755 ns, Reaching safepoint: 73215 ns, At safepoint: 87596 ns, Total: 160811 ns
[2020-02-27T09:34:23.872+0000][1][safepoint    ] Safepoint "RevokeBias", Time since last: 2506709256 ns, Reaching safepoint: 90681 ns, At safepoint: 25774 ns, Total: 116455 ns
[2020-02-27T09:34:26.377+0000][1][safepoint    ] Safepoint "RevokeBias", Time since last: 2504539312 ns, Reaching safepoint: 75401 ns, At safepoint: 17986 ns, Total: 93387 ns
[2020-02-27T09:34:28.882+0000][1][safepoint    ] Safepoint "RevokeBias", Time since last: 2505390563 ns, Reaching safepoint: 75606 ns, At safepoint: 18178 ns, Total: 93784 ns
[2020-02-27T09:34:31.385+0000][1][safepoint    ] Safepoint "RevokeBias", Time since last: 2502955387 ns, Reaching safepoint: 76173 ns, At safepoint: 18577 ns, Total: 94750 ns
[2020-02-27T09:34:33.892+0000][1][safepoint    ] Safepoint "RevokeBias", Time since last: 2506073113 ns, Reaching safepoint: 173057 ns, At safepoint: 21149 ns, Total: 194206 ns
[2020-02-27T09:34:36.396+0000][1][safepoint    ] Safepoint "RevokeBias", Time since last: 2504151837 ns, Reaching safepoint: 76820 ns, At safepoint: 18421 ns, Total: 95241 ns
[2020-02-27T09:34:38.901+0000][1][safepoint    ] Safepoint "RevokeBias", Time since last: 2504539247 ns, Reaching safepoint: 141001 ns, At safepoint: 21508 ns, Total: 162509 ns
[2020-02-27T09:34:41.404+0000][1][safepoint    ] Safepoint "RevokeBias", Time since last: 2503592384 ns, Reaching safepoint: 157485 ns, At safepoint: 50738 ns, Total: 208223 ns
[2020-02-27T09:34:43.907+0000][1][safepoint    ] Safepoint "RevokeBias", Time since last: 2502910032 ns, Reaching safepoint: 128831 ns, At safepoint: 44554 ns, Total: 173385 ns
[2020-02-27T09:34:46.411+0000][1][safepoint    ] Safepoint "BulkRevokeBias", Time since last: 2502797682 ns, Reaching safepoint: 114822 ns, At safepoint: 276417 ns, Total: 391239 ns
[2020-02-27T09:34:48.924+0000][1][safepoint    ] Safepoint "RevokeBias", Time since last: 2512952705 ns, Reaching safepoint: 80392 ns, At safepoint: 19691 ns, Total: 100083 ns
[2020-02-27T09:34:51.431+0000][1][safepoint    ] Safepoint "RevokeBias", Time since last: 2507048567 ns, Reaching safepoint: 90265 ns, At safepoint: 20236 ns, Total: 110501 ns
[2020-02-27T09:34:53.940+0000][1][safepoint    ] Safepoint "RevokeBias", Time since last: 2509164954 ns, Reaching safepoint: 79946 ns, At safepoint: 19387 ns, Total: 99333 ns
[2020-02-27T09:34:56.452+0000][1][safepoint    ] Safepoint "RevokeBias", Time since last: 2511277565 ns, Reaching safepoint: 160497 ns, At safepoint: 22336 ns, Total: 182833 ns
[2020-02-27T09:34:58.969+0000][1][safepoint    ] Safepoint "RevokeBias", Time since last: 2517608625 ns, Reaching safepoint: 73902 ns, At safepoint: 18609 ns, Total: 92511 ns
[2020-02-27T09:35:01.478+0000][1][safepoint    ] Safepoint "RevokeBias", Time since last: 2508573761 ns, Reaching safepoint: 192332 ns, At safepoint: 24085 ns, Total: 216417 ns
[2020-02-27T09:35:03.994+0000][1][safepoint    ] Safepoint "RevokeBias", Time since last: 2516111764 ns, Reaching safepoint: 56016 ns, At safepoint: 16405 ns, Total: 72421 ns
[2020-02-27T09:35:06.508+0000][1][safepoint    ] Safepoint "RevokeBias", Time since last: 2513968965 ns, Reaching safepoint: 163637 ns, At safepoint: 20901 ns, Total: 184538 ns
[2020-02-27T09:35:09.019+0000][1][safepoint    ] Safepoint "RevokeBias", Time since last: 2510231657 ns, Reaching safepoint: 127914 ns, At safepoint: 26412 ns, Total: 154326 ns
[2020-02-27T09:35:11.528+0000][1][safepoint    ] Safepoint "RevokeBias", Time since last: 2508624856 ns, Reaching safepoint: 71064 ns, At safepoint: 17517 ns, Total: 88581 ns
[2020-02-27T09:35:14.031+0000][1][safepoint    ] Safepoint "RevokeBias", Time since last: 2503163353 ns, Reaching safepoint: 85438 ns, At safepoint: 21518 ns, Total: 106956 ns
[2020-02-27T09:35:16.535+0000][1][safepoint    ] Safepoint "RevokeBias", Time since last: 2504406521 ns, Reaching safepoint: 74773 ns, At safepoint: 30429 ns, Total: 105202 ns
[2020-02-27T09:35:19.042+0000][1][safepoint    ] Safepoint "RevokeBias", Time since last: 2506110056 ns, Reaching safepoint: 75208 ns, At safepoint: 19861 ns, Total: 95069 ns
[2020-02-27T09:35:21.545+0000][1][safepoint    ] Safepoint "RevokeBias", Time since last: 2503589815 ns, Reaching safepoint: 78064 ns, At safepoint: 18555 ns, Total: 96619 ns
[2020-02-27T09:35:24.051+0000][1][safepoint    ] Safepoint "RevokeBias", Time since last: 2505389340 ns, Reaching safepoint: 75038 ns, At safepoint: 25581 ns, Total: 100619 ns
[2020-02-27T09:35:25.837+0000][1][gc,start     ] GC(162) Pause Young (Allocation Failure)
[2020-02-27T09:35:25.837+0000][1][gc,task      ] GC(162) Using 1 workers of 1 for evacuation
[2020-02-27T09:35:25.848+0000][1][gc,age       ] GC(162) Desired survivor size 4358144 bytes, new threshold 6 (max threshold 6)
[2020-02-27T09:35:25.848+0000][1][gc,age       ] GC(162) Age table with threshold 6 (max threshold 6)
[2020-02-27T09:35:25.848+0000][1][gc,age       ] GC(162) - age   1:      10664 bytes,      10664 total
[2020-02-27T09:35:25.848+0000][1][gc,age       ] GC(162) - age   2:        240 bytes,      10904 total
[2020-02-27T09:35:25.848+0000][1][gc,age       ] GC(162) - age   3:        368 bytes,      11272 total
[2020-02-27T09:35:25.848+0000][1][gc,heap      ] GC(162) ParNew: 68180K->14K(76672K)
[2020-02-27T09:35:25.848+0000][1][gc,heap      ] GC(162) CMS: 62523K->62523K(963392K)
[2020-02-27T09:35:25.849+0000][1][gc,metaspace ] GC(162) Metaspace: 80591K->80591K(1124352K)
[2020-02-27T09:35:25.849+0000][1][gc           ] GC(162) Pause Young (Allocation Failure) 127M->61M(1015M) 11.256ms
[2020-02-27T09:35:25.849+0000][1][gc,cpu       ] GC(162) User=0.02s Sys=0.00s Real=0.01s
[2020-02-27T09:35:25.849+0000][1][safepoint    ] Safepoint "GenCollectForAllocation", Time since last: 1786492626 ns, Reaching safepoint: 75641 ns, At safepoint: 11313372 ns, Total: 11389013 ns
[2020-02-27T09:35:26.554+0000][1][safepoint    ] Safepoint "RevokeBias", Time since last: 705758134 ns, Reaching safepoint: 77560 ns, At safepoint: 18814 ns, Total: 96374 ns
[2020-02-27T09:35:29.060+0000][1][safepoint    ] Safepoint "RevokeBias", Time since last: 2505171299 ns, Reaching safepoint: 108022 ns, At safepoint: 21583 ns, Total: 129605 ns
[2020-02-27T09:35:31.570+0000][1][safepoint    ] Safepoint "RevokeBias", Time since last: 2507506660 ns, Reaching safepoint: 2394820 ns, At safepoint: 65062 ns, Total: 2459882 ns
[2020-02-27T09:35:32.601+0000][1][safepoint    ] Safepoint "Cleanup", Time since last: 1031255944 ns, Reaching safepoint: 90924 ns, At safepoint: 8475 ns, Total: 99399 ns
[2020-02-27T09:35:34.073+0000][1][safepoint    ] Safepoint "RevokeBias", Time since last: 1471717160 ns, Reaching safepoint: 102021 ns, At safepoint: 28262 ns, Total: 130283 ns
[2020-02-27T09:35:36.578+0000][1][safepoint    ] Safepoint "RevokeBias", Time since last: 2505221817 ns, Reaching safepoint: 73276 ns, At safepoint: 17343 ns, Total: 90619 ns
[2020-02-27T09:35:39.086+0000][1][safepoint    ] Safepoint "RevokeBias", Time since last: 2507830276 ns, Reaching safepoint: 91879 ns, At safepoint: 23245 ns, Total: 115124 ns
[2020-02-27T09:35:41.590+0000][1][safepoint    ] Safepoint "RevokeBias", Time since last: 2503287449 ns, Reaching safepoint: 73821 ns, At safepoint: 17603 ns, Total: 91424 ns
[2020-02-27T09:35:44.093+0000][1][safepoint    ] Safepoint "RevokeBias", Time since last: 2503027425 ns, Reaching safepoint: 93635 ns, At safepoint: 21045 ns, Total: 114680 ns
[2020-02-27T09:35:46.602+0000][1][safepoint    ] Safepoint "RevokeBias", Time since last: 2509363512 ns, Reaching safepoint: 108861 ns, At safepoint: 103109 ns, Total: 211970 ns
[2020-02-27T09:35:49.111+0000][1][safepoint    ] Safepoint "RevokeBias", Time since last: 2508897586 ns, Reaching safepoint: 114921 ns, At safepoint: 28507 ns, Total: 143428 ns
[2020-02-27T09:35:51.620+0000][1][safepoint    ] Safepoint "RevokeBias", Time since last: 2508621320 ns, Reaching safepoint: 75944 ns, At safepoint: 102391 ns, Total: 178335 ns
[2020-02-27T09:35:54.131+0000][1][safepoint    ] Safepoint "RevokeBias", Time since last: 2510416594 ns, Reaching safepoint: 211972 ns, At safepoint: 55425 ns, Total: 267397 ns
[2020-02-27T09:35:56.646+0000][1][safepoint    ] Safepoint "RevokeBias", Time since last: 2515393186 ns, Reaching safepoint: 82924 ns, At safepoint: 21208 ns, Total: 104132 ns
[2020-02-27T09:35:59.166+0000][1][safepoint    ] Safepoint "BulkRevokeBias", Time since last: 2519132137 ns, Reaching safepoint: 97907 ns, At safepoint: 428694 ns, Total: 526601 ns
[2020-02-27T09:36:01.688+0000][1][safepoint    ] Safepoint "RevokeBias", Time since last: 2521644383 ns, Reaching safepoint: 74404 ns, At safepoint: 17364 ns, Total: 91768 ns
[2020-02-27T09:36:04.207+0000][1][safepoint    ] Safepoint "RevokeBias", Time since last: 2510199517 ns, Reaching safepoint: 8975327 ns, At safepoint: 51949 ns, Total: 9027276 ns
[2020-02-27T09:36:06.715+0000][1][safepoint    ] Safepoint "RevokeBias", Time since last: 2507483068 ns, Reaching safepoint: 164869 ns, At safepoint: 33698 ns, Total: 198567 ns
[2020-02-27T09:36:09.222+0000][1][safepoint    ] Safepoint "RevokeBias", Time since last: 2506819980 ns, Reaching safepoint: 220242 ns, At safepoint: 77058 ns, Total: 297300 ns
[2020-02-27T09:36:11.724+0000][1][safepoint    ] Safepoint "RevokeBias", Time since last: 2502685305 ns, Reaching safepoint: 76677 ns, At safepoint: 18762 ns, Total: 95439 ns
[2020-02-27T09:36:14.227+0000][1][safepoint    ] Safepoint "RevokeBias", Time since last: 2502845638 ns, Reaching safepoint: 78429 ns, At safepoint: 18843 ns, Total: 97272 ns
[2020-02-27T09:36:16.733+0000][1][safepoint    ] Safepoint "RevokeBias", Time since last: 2505413141 ns, Reaching safepoint: 73791 ns, At safepoint: 88011 ns, Total: 161802 ns
[2020-02-27T09:36:19.236+0000][1][safepoint    ] Safepoint "RevokeBias", Time since last: 2503160864 ns, Reaching safepoint: 135875 ns, At safepoint: 19688 ns, Total: 155563 ns
[2020-02-27T09:36:21.739+0000][1][safepoint    ] Safepoint "RevokeBias", Time since last: 2503046891 ns, Reaching safepoint: 96711 ns, At safepoint: 21157 ns, Total: 117868 ns
[2020-02-27T09:36:24.247+0000][1][safepoint    ] Safepoint "RevokeBias", Time since last: 2507589222 ns, Reaching safepoint: 107121 ns, At safepoint: 22034 ns, Total: 129155 ns
[2020-02-27T09:36:26.752+0000][1][safepoint    ] Safepoint "RevokeBias", Time since last: 2504711092 ns, Reaching safepoint: 87625 ns, At safepoint: 19983 ns, Total: 107608 ns
[2020-02-27T09:36:29.262+0000][1][safepoint    ] Safepoint "RevokeBias", Time since last: 2510027530 ns, Reaching safepoint: 57031 ns, At safepoint: 16609 ns, Total: 73640 ns
[2020-02-27T09:36:31.767+0000][1][safepoint    ] Safepoint "RevokeBias", Time since last: 2504552098 ns, Reaching safepoint: 75429 ns, At safepoint: 18718 ns, Total: 94147 ns
[2020-02-27T09:36:34.274+0000][1][safepoint    ] Safepoint "RevokeBias", Time since last: 2507136286 ns, Reaching safepoint: 100203 ns, At safepoint: 19801 ns, Total: 120004 ns
[2020-02-27T09:36:36.777+0000][1][safepoint    ] Safepoint "RevokeBias", Time since last: 2503053114 ns, Reaching safepoint: 73741 ns, At safepoint: 18230 ns, Total: 91971 ns
[2020-02-27T09:36:39.284+0000][1][safepoint    ] Safepoint "RevokeBias", Time since last: 2506543328 ns, Reaching safepoint: 92497 ns, At safepoint: 40118 ns, Total: 132615 ns
[2020-02-27T09:36:41.789+0000][1][safepoint    ] Safepoint "RevokeBias", Time since last: 2505045558 ns, Reaching safepoint: 75381 ns, At safepoint: 18391 ns, Total: 93772 ns
[2020-02-27T09:36:44.297+0000][1][safepoint    ] Safepoint "RevokeBias", Time since last: 2507450036 ns, Reaching safepoint: 176610 ns, At safepoint: 22094 ns, Total: 198704 ns
[2020-02-27T09:36:46.810+0000][1][safepoint    ] Safepoint "RevokeBias", Time since last: 2513569346 ns, Reaching safepoint: 75827 ns, At safepoint: 18708 ns, Total: 94535 ns
[2020-02-27T09:36:49.322+0000][1][safepoint    ] Safepoint "RevokeBias", Time since last: 2511107624 ns, Reaching safepoint: 118610 ns, At safepoint: 123659 ns, Total: 242269 ns
[2020-02-27T09:36:51.837+0000][1][safepoint    ] Safepoint "RevokeBias", Time since last: 2515683209 ns, Reaching safepoint: 74210 ns, At safepoint: 17595 ns, Total: 91805 ns
[2020-02-27T09:36:54.345+0000][1][safepoint    ] Safepoint "RevokeBias", Time since last: 2507737153 ns, Reaching safepoint: 61900 ns, At safepoint: 16779 ns, Total: 78679 ns
[2020-02-27T09:36:56.854+0000][1][safepoint    ] Safepoint "RevokeBias", Time since last: 2508697564 ns, Reaching safepoint: 195672 ns, At safepoint: 41433 ns, Total: 237105 ns
[2020-02-27T09:36:59.372+0000][1][safepoint    ] Safepoint "RevokeBias", Time since last: 2517938789 ns, Reaching safepoint: 91062 ns, At safepoint: 19694 ns, Total: 110756 ns
[2020-02-27T09:37:01.881+0000][1][safepoint    ] Safepoint "RevokeBias", Time since last: 2508712922 ns, Reaching safepoint: 82658 ns, At safepoint: 20284 ns, Total: 102942 ns
[2020-02-27T09:37:04.393+0000][1][safepoint    ] Safepoint "RevokeBias", Time since last: 2511674371 ns, Reaching safepoint: 172802 ns, At safepoint: 37959 ns, Total: 210761 ns
[2020-02-27T09:37:06.903+0000][1][safepoint    ] Safepoint "RevokeBias", Time since last: 2510157638 ns, Reaching safepoint: 98707 ns, At safepoint: 22937 ns, Total: 121644 ns
[2020-02-27T09:37:09.409+0000][1][safepoint    ] Safepoint "RevokeBias", Time since last: 2505827719 ns, Reaching safepoint: 78507 ns, At safepoint: 19034 ns, Total: 97541 ns
[2020-02-27T09:37:11.912+0000][1][safepoint    ] Safepoint "BulkRevokeBias", Time since last: 2502452600 ns, Reaching safepoint: 88524 ns, At safepoint: 431943 ns, Total: 520467 ns
[2020-02-27T09:37:14.416+0000][1][safepoint    ] Safepoint "RevokeBias", Time since last: 2504112838 ns, Reaching safepoint: 74027 ns, At safepoint: 17708 ns, Total: 91735 ns
[2020-02-27T09:37:16.920+0000][1][safepoint    ] Safepoint "RevokeBias", Time since last: 2503942495 ns, Reaching safepoint: 112672 ns, At safepoint: 19278 ns, Total: 131950 ns
[2020-02-27T09:37:19.427+0000][1][safepoint    ] Safepoint "RevokeBias", Time since last: 2506226427 ns, Reaching safepoint: 167863 ns, At safepoint: 43489 ns, Total: 211352 ns
[2020-02-27T09:37:21.930+0000][1][safepoint    ] Safepoint "RevokeBias", Time since last: 2502855860 ns, Reaching safepoint: 76189 ns, At safepoint: 20339 ns, Total: 96528 ns
[2020-02-27T09:37:24.433+0000][1][safepoint    ] Safepoint "RevokeBias", Time since last: 2503608033 ns, Reaching safepoint: 60958 ns, At safepoint: 16526 ns, Total: 77484 ns
[2020-02-27T09:37:26.939+0000][1][safepoint    ] Safepoint "RevokeBias", Time since last: 2505381078 ns, Reaching safepoint: 212494 ns, At safepoint: 30731 ns, Total: 243225 ns
[2020-02-27T09:37:29.448+0000][1][safepoint    ] Safepoint "RevokeBias", Time since last: 2508503497 ns, Reaching safepoint: 55295 ns, At safepoint: 16373 ns, Total: 71668 ns
[2020-02-27T09:37:31.950+0000][1][safepoint    ] Safepoint "RevokeBias", Time since last: 2502011061 ns, Reaching safepoint: 75472 ns, At safepoint: 18941 ns, Total: 94413 ns
[2020-02-27T09:37:34.454+0000][1][safepoint    ] Safepoint "RevokeBias", Time since last: 2504463306 ns, Reaching safepoint: 78074 ns, At safepoint: 19176 ns, Total: 97250 ns
[2020-02-27T09:37:36.961+0000][1][safepoint    ] Safepoint "RevokeBias", Time since last: 2506212720 ns, Reaching safepoint: 90403 ns, At safepoint: 20368 ns, Total: 110771 ns
[2020-02-27T09:37:39.467+0000][1][safepoint    ] Safepoint "RevokeBias", Time since last: 2506234937 ns, Reaching safepoint: 73131 ns, At safepoint: 83622 ns, Total: 156753 ns
[2020-02-27T09:37:41.973+0000][1][safepoint    ] Safepoint "RevokeBias", Time since last: 2506130386 ns, Reaching safepoint: 74717 ns, At safepoint: 18517 ns, Total: 93234 ns
[2020-02-27T09:37:44.477+0000][1][safepoint    ] Safepoint "RevokeBias", Time since last: 2503496371 ns, Reaching safepoint: 162164 ns, At safepoint: 23311 ns, Total: 185475 ns
[2020-02-27T09:37:45.872+0000][1][gc,start     ] GC(163) Pause Young (Allocation Failure)
[2020-02-27T09:37:45.872+0000][1][gc,task      ] GC(163) Using 1 workers of 1 for evacuation
[2020-02-27T09:37:45.884+0000][1][gc,age       ] GC(163) Desired survivor size 4358144 bytes, new threshold 6 (max threshold 6)
[2020-02-27T09:37:45.884+0000][1][gc,age       ] GC(163) Age table with threshold 6 (max threshold 6)
[2020-02-27T09:37:45.884+0000][1][gc,age       ] GC(163) - age   1:      11720 bytes,      11720 total
[2020-02-27T09:37:45.884+0000][1][gc,age       ] GC(163) - age   3:        120 bytes,      11840 total
[2020-02-27T09:37:45.884+0000][1][gc,age       ] GC(163) - age   4:        368 bytes,      12208 total
[2020-02-27T09:37:45.884+0000][1][gc,heap      ] GC(163) ParNew: 68174K->20K(76672K)
[2020-02-27T09:37:45.884+0000][1][gc,heap      ] GC(163) CMS: 62523K->62523K(963392K)
[2020-02-27T09:37:45.884+0000][1][gc,metaspace ] GC(163) Metaspace: 80591K->80591K(1124352K)
[2020-02-27T09:37:45.884+0000][1][gc           ] GC(163) Pause Young (Allocation Failure) 127M->61M(1015M) 12.669ms
[2020-02-27T09:37:45.884+0000][1][gc,cpu       ] GC(163) User=0.01s Sys=0.00s Real=0.01s
[2020-02-27T09:37:45.884+0000][1][safepoint    ] Safepoint "GenCollectForAllocation", Time since last: 1394530674 ns, Reaching safepoint: 161567 ns, At safepoint: 12736882 ns, Total: 12898449 ns
[2020-02-27T09:37:46.989+0000][1][safepoint    ] Safepoint "RevokeBias", Time since last: 1104942954 ns, Reaching safepoint: 85616 ns, At safepoint: 20735 ns, Total: 106351 ns
[2020-02-27T09:37:49.501+0000][1][safepoint    ] Safepoint "RevokeBias", Time since last: 2511794523 ns, Reaching safepoint: 73020 ns, At safepoint: 17164 ns, Total: 90184 ns
[2020-02-27T09:37:52.015+0000][1][safepoint    ] Safepoint "RevokeBias", Time since last: 2513791424 ns, Reaching safepoint: 113882 ns, At safepoint: 26382 ns, Total: 140264 ns
[2020-02-27T09:37:54.533+0000][1][safepoint    ] Safepoint "RevokeBias", Time since last: 2517186252 ns, Reaching safepoint: 106332 ns, At safepoint: 28450 ns, Total: 134782 ns
[2020-02-27T09:37:57.046+0000][1][safepoint    ] Safepoint "RevokeBias", Time since last: 2513621833 ns, Reaching safepoint: 102478 ns, At safepoint: 26522 ns, Total: 129000 ns
[2020-02-27T09:37:59.563+0000][1][safepoint    ] Safepoint "RevokeBias", Time since last: 2516227896 ns, Reaching safepoint: 76558 ns, At safepoint: 22635 ns, Total: 99193 ns
[2020-02-27T09:38:02.091+0000][1][safepoint    ] Safepoint "RevokeBias", Time since last: 2528616590 ns, Reaching safepoint: 125680 ns, At safepoint: 32598 ns, Total: 158278 ns
[2020-02-27T09:38:04.605+0000][1][safepoint    ] Safepoint "RevokeBias", Time since last: 2513303663 ns, Reaching safepoint: 82928 ns, At safepoint: 19022 ns, Total: 101950 ns
[2020-02-27T09:38:07.111+0000][1][safepoint    ] Safepoint "RevokeBias", Time since last: 2506244906 ns, Reaching safepoint: 120818 ns, At safepoint: 30569 ns, Total: 151387 ns
[2020-02-27T09:38:09.619+0000][1][safepoint    ] Safepoint "RevokeBias", Time since last: 2507509750 ns, Reaching safepoint: 155845 ns, At safepoint: 55803 ns, Total: 211648 ns
[2020-02-27T09:38:12.125+0000][1][safepoint    ] Safepoint "RevokeBias", Time since last: 2505597348 ns, Reaching safepoint: 150179 ns, At safepoint: 27257 ns, Total: 177436 ns
[2020-02-27T09:38:14.628+0000][1][safepoint    ] Safepoint "RevokeBias", Time since last: 2503121211 ns, Reaching safepoint: 97596 ns, At safepoint: 22412 ns, Total: 120008 ns
[2020-02-27T09:38:17.134+0000][1][safepoint    ] Safepoint "RevokeBias", Time since last: 2505464294 ns, Reaching safepoint: 145465 ns, At safepoint: 26999 ns, Total: 172464 ns
[2020-02-27T09:38:19.638+0000][1][safepoint    ] Safepoint "RevokeBias", Time since last: 2503911940 ns, Reaching safepoint: 80984 ns, At safepoint: 19476 ns, Total: 100460 ns
[2020-02-27T09:38:22.142+0000][1][safepoint    ] Safepoint "RevokeBias", Time since last: 2503954404 ns, Reaching safepoint: 78947 ns, At safepoint: 75034 ns, Total: 153981 ns
[2020-02-27T09:38:24.654+0000][1][safepoint    ] Safepoint "BulkRevokeBias", Time since last: 2511618723 ns, Reaching safepoint: 97384 ns, At safepoint: 428649 ns, Total: 526033 ns
[2020-02-27T09:38:27.166+0000][1][safepoint    ] Safepoint "RevokeBias", Time since last: 2512003640 ns, Reaching safepoint: 118083 ns, At safepoint: 31454 ns, Total: 149537 ns
[2020-02-27T09:38:29.682+0000][1][safepoint    ] Safepoint "RevokeBias", Time since last: 2516253338 ns, Reaching safepoint: 84719 ns, At safepoint: 20565 ns, Total: 105284 ns
[2020-02-27T09:38:32.191+0000][1][safepoint    ] Safepoint "RevokeBias", Time since last: 2508371776 ns, Reaching safepoint: 81009 ns, At safepoint: 18688 ns, Total: 99697 ns
[2020-02-27T09:38:34.710+0000][1][safepoint    ] Safepoint "RevokeBias", Time since last: 2519232934 ns, Reaching safepoint: 79565 ns, At safepoint: 18627 ns, Total: 98192 ns
[2020-02-27T09:38:37.225+0000][1][safepoint    ] Safepoint "RevokeBias", Time since last: 2514492349 ns, Reaching safepoint: 91776 ns, At safepoint: 114746 ns, Total: 206522 ns
[2020-02-27T09:38:39.749+0000][1][safepoint    ] Safepoint "RevokeBias", Time since last: 2523482245 ns, Reaching safepoint: 228260 ns, At safepoint: 26467 ns, Total: 254727 ns
[2020-02-27T09:38:42.262+0000][1][safepoint    ] Safepoint "RevokeBias", Time since last: 2513072350 ns, Reaching safepoint: 77393 ns, At safepoint: 19305 ns, Total: 96698 ns
[2020-02-27T09:38:44.768+0000][1][safepoint    ] Safepoint "RevokeBias", Time since last: 2506362572 ns, Reaching safepoint: 219827 ns, At safepoint: 37320 ns, Total: 257147 ns
[2020-02-27T09:38:47.283+0000][1][safepoint    ] Safepoint "RevokeBias", Time since last: 2514440689 ns, Reaching safepoint: 73242 ns, At safepoint: 18589 ns, Total: 91831 ns
[2020-02-27T09:38:49.791+0000][1][safepoint    ] Safepoint "RevokeBias", Time since last: 2507725174 ns, Reaching safepoint: 80114 ns, At safepoint: 18686 ns, Total: 98800 ns
[2020-02-27T09:38:52.295+0000][1][safepoint    ] Safepoint "RevokeBias", Time since last: 2503685189 ns, Reaching safepoint: 99503 ns, At safepoint: 27627 ns, Total: 127130 ns
[2020-02-27T09:38:54.801+0000][1][safepoint    ] Safepoint "RevokeBias", Time since last: 2506284900 ns, Reaching safepoint: 74116 ns, At safepoint: 18191 ns, Total: 92307 ns
[2020-02-27T09:38:57.306+0000][1][safepoint    ] Safepoint "RevokeBias", Time since last: 2505306367 ns, Reaching safepoint: 90450 ns, At safepoint: 18774 ns, Total: 109224 ns
[2020-02-27T09:38:59.812+0000][1][safepoint    ] Safepoint "RevokeBias", Time since last: 2506001580 ns, Reaching safepoint: 90054 ns, At safepoint: 19290 ns, Total: 109344 ns
[2020-02-27T09:39:02.315+0000][1][safepoint    ] Safepoint "RevokeBias", Time since last: 2502274539 ns, Reaching safepoint: 74378 ns, At safepoint: 17722 ns, Total: 92100 ns
[2020-02-27T09:39:04.820+0000][1][safepoint    ] Safepoint "RevokeBias", Time since last: 2504690239 ns, Reaching safepoint: 57322 ns, At safepoint: 15841 ns, Total: 73163 ns
[2020-02-27T09:39:07.325+0000][1][safepoint    ] Safepoint "RevokeBias", Time since last: 2505036163 ns, Reaching safepoint: 93497 ns, At safepoint: 22668 ns, Total: 116165 ns
[2020-02-27T09:39:09.831+0000][1][safepoint    ] Safepoint "RevokeBias", Time since last: 2505715826 ns, Reaching safepoint: 73831 ns, At safepoint: 47204 ns, Total: 121035 ns
[2020-02-27T09:39:12.335+0000][1][safepoint    ] Safepoint "RevokeBias", Time since last: 2503979288 ns, Reaching safepoint: 121612 ns, At safepoint: 27258 ns, Total: 148870 ns
[2020-02-27T09:39:14.839+0000][1][safepoint    ] Safepoint "RevokeBias", Time since last: 2503891311 ns, Reaching safepoint: 135455 ns, At safepoint: 21962 ns, Total: 157417 ns
[2020-02-27T09:39:17.343+0000][1][safepoint    ] Safepoint "RevokeBias", Time since last: 2504603796 ns, Reaching safepoint: 73856 ns, At safepoint: 18031 ns, Total: 91887 ns
[2020-02-27T09:39:19.849+0000][1][safepoint    ] Safepoint "RevokeBias", Time since last: 2505683552 ns, Reaching safepoint: 120914 ns, At safepoint: 24359 ns, Total: 145273 ns
[2020-02-27T09:39:22.361+0000][1][safepoint    ] Safepoint "RevokeBias", Time since last: 2511636440 ns, Reaching safepoint: 72787 ns, At safepoint: 17316 ns, Total: 90103 ns
[2020-02-27T09:39:24.878+0000][1][safepoint    ] Safepoint "RevokeBias", Time since last: 2517283695 ns, Reaching safepoint: 74118 ns, At safepoint: 18336 ns, Total: 92454 ns
[2020-02-27T09:39:27.392+0000][1][safepoint    ] Safepoint "RevokeBias", Time since last: 2513690135 ns, Reaching safepoint: 73979 ns, At safepoint: 17798 ns, Total: 91777 ns
[2020-02-27T09:39:29.904+0000][1][safepoint    ] Safepoint "RevokeBias", Time since last: 2511618791 ns, Reaching safepoint: 73911 ns, At safepoint: 17865 ns, Total: 91776 ns
[2020-02-27T09:39:32.415+0000][1][safepoint    ] Safepoint "RevokeBias", Time since last: 2511181583 ns, Reaching safepoint: 75243 ns, At safepoint: 18414 ns, Total: 93657 ns
[2020-02-27T09:39:34.924+0000][1][safepoint    ] Safepoint "RevokeBias", Time since last: 2509233298 ns, Reaching safepoint: 75324 ns, At safepoint: 17881 ns, Total: 93205 ns
[2020-02-27T09:39:37.441+0000][1][safepoint    ] Safepoint "BulkRevokeBias", Time since last: 2516591918 ns, Reaching safepoint: 71695 ns, At safepoint: 153410 ns, Total: 225105 ns
[2020-02-27T09:39:39.952+0000][1][safepoint    ] Safepoint "RevokeBias", Time since last: 2510111536 ns, Reaching safepoint: 77789 ns, At safepoint: 19458 ns, Total: 97247 ns
[2020-02-27T09:39:42.462+0000][1][safepoint    ] Safepoint "RevokeBias", Time since last: 2509944965 ns, Reaching safepoint: 75663 ns, At safepoint: 72386 ns, Total: 148049 ns
[2020-02-27T09:39:44.970+0000][1][safepoint    ] Safepoint "RevokeBias", Time since last: 2508639081 ns, Reaching safepoint: 74399 ns, At safepoint: 18693 ns, Total: 93092 ns
[2020-02-27T09:39:47.489+0000][1][safepoint    ] Safepoint "RevokeBias", Time since last: 2518604414 ns, Reaching safepoint: 90658 ns, At safepoint: 17556 ns, Total: 108214 ns
[2020-02-27T09:39:50.006+0000][1][safepoint    ] Safepoint "RevokeBias", Time since last: 2516331524 ns, Reaching safepoint: 225341 ns, At safepoint: 21668 ns, Total: 247009 ns
[2020-02-27T09:39:52.509+0000][1][safepoint    ] Safepoint "RevokeBias", Time since last: 2502986611 ns, Reaching safepoint: 82145 ns, At safepoint: 19632 ns, Total: 101777 ns
[2020-02-27T09:39:55.015+0000][1][safepoint    ] Safepoint "RevokeBias", Time since last: 2505768474 ns, Reaching safepoint: 119151 ns, At safepoint: 75942 ns, Total: 195093 ns
[2020-02-27T09:39:57.521+0000][1][safepoint    ] Safepoint "RevokeBias", Time since last: 2506086401 ns, Reaching safepoint: 77939 ns, At safepoint: 17991 ns, Total: 95930 ns
[2020-02-27T09:40:00.031+0000][1][safepoint    ] Safepoint "RevokeBias", Time since last: 2509884169 ns, Reaching safepoint: 84687 ns, At safepoint: 20158 ns, Total: 104845 ns
[2020-02-27T09:40:01.194+0000][1][gc,start     ] GC(164) Pause Young (Allocation Failure)
[2020-02-27T09:40:01.194+0000][1][gc,task      ] GC(164) Using 1 workers of 1 for evacuation
[2020-02-27T09:40:01.205+0000][1][gc,age       ] GC(164) Desired survivor size 4358144 bytes, new threshold 6 (max threshold 6)
[2020-02-27T09:40:01.205+0000][1][gc,age       ] GC(164) Age table with threshold 6 (max threshold 6)
[2020-02-27T09:40:01.205+0000][1][gc,age       ] GC(164) - age   1:      10696 bytes,      10696 total
[2020-02-27T09:40:01.205+0000][1][gc,age       ] GC(164) - age   2:        120 bytes,      10816 total
[2020-02-27T09:40:01.205+0000][1][gc,age       ] GC(164) - age   4:        120 bytes,      10936 total
[2020-02-27T09:40:01.205+0000][1][gc,age       ] GC(164) - age   5:        368 bytes,      11304 total
[2020-02-27T09:40:01.205+0000][1][gc,heap      ] GC(164) ParNew: 68180K->13K(76672K)
[2020-02-27T09:40:01.205+0000][1][gc,heap      ] GC(164) CMS: 62523K->62523K(963392K)
[2020-02-27T09:40:01.205+0000][1][gc,metaspace ] GC(164) Metaspace: 80591K->80591K(1124352K)
[2020-02-27T09:40:01.205+0000][1][gc           ] GC(164) Pause Young (Allocation Failure) 127M->61M(1015M) 11.325ms
[2020-02-27T09:40:01.205+0000][1][gc,cpu       ] GC(164) User=0.01s Sys=0.00s Real=0.01s
[2020-02-27T09:40:01.205+0000][1][safepoint    ] Safepoint "GenCollectForAllocation", Time since last: 1162666342 ns, Reaching safepoint: 89526 ns, At safepoint: 11388332 ns, Total: 11477858 ns
[2020-02-27T09:40:02.535+0000][1][safepoint    ] Safepoint "RevokeBias", Time since last: 1329546269 ns, Reaching safepoint: 91227 ns, At safepoint: 21049 ns, Total: 112276 ns
[2020-02-27T09:40:05.041+0000][1][safepoint    ] Safepoint "RevokeBias", Time since last: 2505825407 ns, Reaching safepoint: 73579 ns, At safepoint: 17074 ns, Total: 90653 ns
[2020-02-27T09:40:07.546+0000][1][safepoint    ] Safepoint "RevokeBias", Time since last: 2505268251 ns, Reaching safepoint: 95255 ns, At safepoint: 21533 ns, Total: 116788 ns
[2020-02-27T09:40:10.052+0000][1][safepoint    ] Safepoint "RevokeBias", Time since last: 2505615119 ns, Reaching safepoint: 96556 ns, At safepoint: 27410 ns, Total: 123966 ns
[2020-02-27T09:40:12.556+0000][1][safepoint    ] Safepoint "RevokeBias", Time since last: 2504098481 ns, Reaching safepoint: 73131 ns, At safepoint: 18593 ns, Total: 91724 ns
[2020-02-27T09:40:15.060+0000][1][safepoint    ] Safepoint "RevokeBias", Time since last: 2503859235 ns, Reaching safepoint: 93066 ns, At safepoint: 19522 ns, Total: 112588 ns
[2020-02-27T09:40:17.566+0000][1][safepoint    ] Safepoint "RevokeBias", Time since last: 2506185428 ns, Reaching safepoint: 254976 ns, At safepoint: 59401 ns, Total: 314377 ns
[2020-02-27T09:40:20.074+0000][1][safepoint    ] Safepoint "RevokeBias", Time since last: 2507833233 ns, Reaching safepoint: 58661 ns, At safepoint: 16101 ns, Total: 74762 ns
[2020-02-27T09:40:22.577+0000][1][safepoint    ] Safepoint "RevokeBias", Time since last: 2502829308 ns, Reaching safepoint: 73554 ns, At safepoint: 18287 ns, Total: 91841 ns
[2020-02-27T09:40:25.083+0000][1][safepoint    ] Safepoint "RevokeBias", Time since last: 2506133782 ns, Reaching safepoint: 113369 ns, At safepoint: 21578 ns, Total: 134947 ns
[2020-02-27T09:40:27.589+0000][1][safepoint    ] Safepoint "RevokeBias", Time since last: 2505176000 ns, Reaching safepoint: 77204 ns, At safepoint: 18839 ns, Total: 96043 ns
[2020-02-27T09:40:30.095+0000][1][safepoint    ] Safepoint "RevokeBias", Time since last: 2505941509 ns, Reaching safepoint: 177686 ns, At safepoint: 47354 ns, Total: 225040 ns
[2020-02-27T09:40:32.600+0000][1][safepoint    ] Safepoint "RevokeBias", Time since last: 2504557796 ns, Reaching safepoint: 91115 ns, At safepoint: 31196 ns, Total: 122311 ns
[2020-02-27T09:40:35.115+0000][1][safepoint    ] Safepoint "RevokeBias", Time since last: 2515147564 ns, Reaching safepoint: 72238 ns, At safepoint: 17342 ns, Total: 89580 ns
[2020-02-27T09:40:37.626+0000][1][safepoint    ] Safepoint "RevokeBias", Time since last: 2510831871 ns, Reaching safepoint: 141053 ns, At safepoint: 32836 ns, Total: 173889 ns
[2020-02-27T09:40:40.141+0000][1][safepoint    ] Safepoint "RevokeBias", Time since last: 2515274700 ns, Reaching safepoint: 130648 ns, At safepoint: 22909 ns, Total: 153557 ns
[2020-02-27T09:40:42.651+0000][1][safepoint    ] Safepoint "RevokeBias", Time since last: 2509218743 ns, Reaching safepoint: 74465 ns, At safepoint: 17851 ns, Total: 92316 ns
[2020-02-27T09:40:45.167+0000][1][safepoint    ] Safepoint "RevokeBias", Time since last: 2516338195 ns, Reaching safepoint: 112957 ns, At safepoint: 18383 ns, Total: 131340 ns
[2020-02-27T09:40:47.680+0000][1][safepoint    ] Safepoint "RevokeBias", Time since last: 2512646775 ns, Reaching safepoint: 92967 ns, At safepoint: 22550 ns, Total: 115517 ns
[2020-02-27T09:40:50.203+0000][1][safepoint    ] Safepoint "BulkRevokeBias", Time since last: 2522739118 ns, Reaching safepoint: 78453 ns, At safepoint: 499654 ns, Total: 578107 ns
[2020-02-27T09:40:52.716+0000][1][safepoint    ] Safepoint "RevokeBias", Time since last: 2512394981 ns, Reaching safepoint: 94868 ns, At safepoint: 18390 ns, Total: 113258 ns
[2020-02-27T09:40:55.227+0000][1][safepoint    ] Safepoint "RevokeBias", Time since last: 2511571197 ns, Reaching safepoint: 73128 ns, At safepoint: 17628 ns, Total: 90756 ns
[2020-02-27T09:40:57.739+0000][1][safepoint    ] Safepoint "RevokeBias", Time since last: 2511146668 ns, Reaching safepoint: 75105 ns, At safepoint: 17727 ns, Total: 92832 ns
[2020-02-27T09:41:00.242+0000][1][safepoint    ] Safepoint "RevokeBias", Time since last: 2503631127 ns, Reaching safepoint: 73846 ns, At safepoint: 18283 ns, Total: 92129 ns
[2020-02-27T09:41:02.745+0000][1][safepoint    ] Safepoint "RevokeBias", Time since last: 2502348847 ns, Reaching safepoint: 72256 ns, At safepoint: 98192 ns, Total: 170448 ns
[2020-02-27T09:41:05.250+0000][1][safepoint    ] Safepoint "RevokeBias", Time since last: 2505563349 ns, Reaching safepoint: 75108 ns, At safepoint: 19314 ns, Total: 94422 ns
[2020-02-27T09:41:07.756+0000][1][safepoint    ] Safepoint "RevokeBias", Time since last: 2505414884 ns, Reaching safepoint: 75114 ns, At safepoint: 17969 ns, Total: 93083 ns
[2020-02-27T09:41:10.261+0000][1][safepoint    ] Safepoint "RevokeBias", Time since last: 2505157262 ns, Reaching safepoint: 74661 ns, At safepoint: 17481 ns, Total: 92142 ns
[2020-02-27T09:41:12.766+0000][1][safepoint    ] Safepoint "RevokeBias", Time since last: 2504919506 ns, Reaching safepoint: 95607 ns, At safepoint: 25561 ns, Total: 121168 ns
[2020-02-27T09:41:15.270+0000][1][safepoint    ] Safepoint "RevokeBias", Time since last: 2503613836 ns, Reaching safepoint: 137552 ns, At safepoint: 24055 ns, Total: 161607 ns
[2020-02-27T09:41:17.776+0000][1][safepoint    ] Safepoint "RevokeBias", Time since last: 2506309770 ns, Reaching safepoint: 78451 ns, At safepoint: 19581 ns, Total: 98032 ns
[2020-02-27T09:41:20.282+0000][1][safepoint    ] Safepoint "RevokeBias", Time since last: 2505801263 ns, Reaching safepoint: 57887 ns, At safepoint: 15807 ns, Total: 73694 ns
[2020-02-27T09:41:22.785+0000][1][safepoint    ] Safepoint "RevokeBias", Time since last: 2502899199 ns, Reaching safepoint: 71292 ns, At safepoint: 17029 ns, Total: 88321 ns
[2020-02-27T09:41:25.291+0000][1][safepoint    ] Safepoint "RevokeBias", Time since last: 2505241775 ns, Reaching safepoint: 75186 ns, At safepoint: 18366 ns, Total: 93552 ns
[2020-02-27T09:41:27.796+0000][1][safepoint    ] Safepoint "RevokeBias", Time since last: 2504976848 ns, Reaching safepoint: 92474 ns, At safepoint: 21171 ns, Total: 113645 ns
[2020-02-27T09:41:30.302+0000][1][safepoint    ] Safepoint "RevokeBias", Time since last: 2506559209 ns, Reaching safepoint: 157785 ns, At safepoint: 22135 ns, Total: 179920 ns
[2020-02-27T09:41:32.840+0000][1][safepoint    ] Safepoint "RevokeBias", Time since last: 2537397033 ns, Reaching safepoint: 74236 ns, At safepoint: 18644 ns, Total: 92880 ns
[2020-02-27T09:41:35.349+0000][1][safepoint    ] Safepoint "RevokeBias", Time since last: 2508787611 ns, Reaching safepoint: 57224 ns, At safepoint: 17157 ns, Total: 74381 ns
[2020-02-27T09:41:37.854+0000][1][safepoint    ] Safepoint "RevokeBias", Time since last: 2505300026 ns, Reaching safepoint: 76391 ns, At safepoint: 18800 ns, Total: 95191 ns
[2020-02-27T09:41:40.358+0000][1][safepoint    ] Safepoint "RevokeBias", Time since last: 2503697278 ns, Reaching safepoint: 75324 ns, At safepoint: 18962 ns, Total: 94286 ns
[2020-02-27T09:41:42.861+0000][1][safepoint    ] Safepoint "RevokeBias", Time since last: 2503258196 ns, Reaching safepoint: 56482 ns, At safepoint: 16774 ns, Total: 73256 ns
[2020-02-27T09:41:45.365+0000][1][safepoint    ] Safepoint "RevokeBias", Time since last: 2503481727 ns, Reaching safepoint: 150795 ns, At safepoint: 20206 ns, Total: 171001 ns
[2020-02-27T09:41:47.879+0000][1][safepoint    ] Safepoint "RevokeBias", Time since last: 2513570428 ns, Reaching safepoint: 98118 ns, At safepoint: 21202 ns, Total: 119320 ns
[2020-02-27T09:41:50.392+0000][1][safepoint    ] Safepoint "RevokeBias", Time since last: 2512795885 ns, Reaching safepoint: 114764 ns, At safepoint: 22363 ns, Total: 137127 ns
[2020-02-27T09:41:52.899+0000][1][safepoint    ] Safepoint "RevokeBias", Time since last: 2507486551 ns, Reaching safepoint: 104782 ns, At safepoint: 19997 ns, Total: 124779 ns
[2020-02-27T09:41:55.410+0000][1][safepoint    ] Safepoint "RevokeBias", Time since last: 2510581339 ns, Reaching safepoint: 72450 ns, At safepoint: 18180 ns, Total: 90630 ns
[2020-02-27T09:41:57.930+0000][1][safepoint    ] Safepoint "RevokeBias", Time since last: 2520463898 ns, Reaching safepoint: 93352 ns, At safepoint: 20466 ns, Total: 113818 ns
[2020-02-27T09:42:00.444+0000][1][safepoint    ] Safepoint "RevokeBias", Time since last: 2513038570 ns, Reaching safepoint: 145591 ns, At safepoint: 20006 ns, Total: 165597 ns
[2020-02-27T09:42:02.954+0000][1][safepoint    ] Safepoint "BulkRevokeBias", Time since last: 2510151643 ns, Reaching safepoint: 112627 ns, At safepoint: 586083 ns, Total: 698710 ns
[2020-02-27T09:42:05.469+0000][1][safepoint    ] Safepoint "RevokeBias", Time since last: 2514311796 ns, Reaching safepoint: 95875 ns, At safepoint: 19552 ns, Total: 115427 ns
[2020-02-27T09:42:07.985+0000][1][safepoint    ] Safepoint "RevokeBias", Time since last: 2516130285 ns, Reaching safepoint: 72180 ns, At safepoint: 17823 ns, Total: 90003 ns
[2020-02-27T09:42:10.496+0000][1][safepoint    ] Safepoint "RevokeBias", Time since last: 2510871700 ns, Reaching safepoint: 73891 ns, At safepoint: 17631 ns, Total: 91522 ns
[2020-02-27T09:42:13.009+0000][1][safepoint    ] Safepoint "RevokeBias", Time since last: 2513040685 ns, Reaching safepoint: 76152 ns, At safepoint: 17916 ns, Total: 94068 ns
[2020-02-27T09:42:15.519+0000][1][safepoint    ] Safepoint "RevokeBias", Time since last: 2509825225 ns, Reaching safepoint: 93726 ns, At safepoint: 18854 ns, Total: 112580 ns
[2020-02-27T09:42:18.027+0000][1][safepoint    ] Safepoint "RevokeBias", Time since last: 2508145560 ns, Reaching safepoint: 73596 ns, At safepoint: 17940 ns, Total: 91536 ns
[2020-02-27T09:42:20.540+0000][1][safepoint    ] Safepoint "RevokeBias", Time since last: 2512180748 ns, Reaching safepoint: 118325 ns, At safepoint: 30474 ns, Total: 148799 ns
[2020-02-27T09:42:21.348+0000][1][gc,start     ] GC(165) Pause Young (Allocation Failure)
[2020-02-27T09:42:21.348+0000][1][gc,task      ] GC(165) Using 1 workers of 1 for evacuation
[2020-02-27T09:42:21.370+0000][1][gc,age       ] GC(165) Desired survivor size 4358144 bytes, new threshold 6 (max threshold 6)
[2020-02-27T09:42:21.370+0000][1][gc,age       ] GC(165) Age table with threshold 6 (max threshold 6)
[2020-02-27T09:42:21.370+0000][1][gc,age       ] GC(165) - age   1:      12008 bytes,      12008 total
[2020-02-27T09:42:21.370+0000][1][gc,age       ] GC(165) - age   3:        120 bytes,      12128 total
[2020-02-27T09:42:21.370+0000][1][gc,age       ] GC(165) - age   5:        120 bytes,      12248 total
[2020-02-27T09:42:21.370+0000][1][gc,age       ] GC(165) - age   6:        136 bytes,      12384 total
[2020-02-27T09:42:21.370+0000][1][gc,heap      ] GC(165) ParNew: 68173K->20K(76672K)
[2020-02-27T09:42:21.370+0000][1][gc,heap      ] GC(165) CMS: 62523K->62523K(963392K)
[2020-02-27T09:42:21.370+0000][1][gc,metaspace ] GC(165) Metaspace: 80591K->80591K(1124352K)
[2020-02-27T09:42:21.370+0000][1][gc           ] GC(165) Pause Young (Allocation Failure) 127M->61M(1015M) 22.379ms
[2020-02-27T09:42:21.370+0000][1][gc,cpu       ] GC(165) User=0.01s Sys=0.00s Real=0.02s
[2020-02-27T09:42:21.370+0000][1][safepoint    ] Safepoint "GenCollectForAllocation", Time since last: 808164278 ns, Reaching safepoint: 79684 ns, At safepoint: 22434686 ns, Total: 22514370 ns
[2020-02-27T09:42:23.043+0000][1][safepoint    ] Safepoint "RevokeBias", Time since last: 1672735033 ns, Reaching safepoint: 78847 ns, At safepoint: 18587 ns, Total: 97434 ns
[2020-02-27T09:42:25.549+0000][1][safepoint    ] Safepoint "RevokeBias", Time since last: 2505278263 ns, Reaching safepoint: 112802 ns, At safepoint: 22028 ns, Total: 134830 ns
[2020-02-27T09:42:28.053+0000][1][safepoint    ] Safepoint "RevokeBias", Time since last: 2504424591 ns, Reaching safepoint: 76345 ns, At safepoint: 18015 ns, Total: 94360 ns
[2020-02-27T09:42:30.559+0000][1][safepoint    ] Safepoint "RevokeBias", Time since last: 2505489964 ns, Reaching safepoint: 73775 ns, At safepoint: 18354 ns, Total: 92129 ns
[2020-02-27T09:42:33.062+0000][1][safepoint    ] Safepoint "RevokeBias", Time since last: 2503587899 ns, Reaching safepoint: 132703 ns, At safepoint: 25213 ns, Total: 157916 ns
[2020-02-27T09:42:35.569+0000][1][safepoint    ] Safepoint "RevokeBias", Time since last: 2506033073 ns, Reaching safepoint: 73737 ns, At safepoint: 18297 ns, Total: 92034 ns
[2020-02-27T09:42:38.073+0000][1][safepoint    ] Safepoint "RevokeBias", Time since last: 2504211174 ns, Reaching safepoint: 76115 ns, At safepoint: 18604 ns, Total: 94719 ns
[2020-02-27T09:42:40.579+0000][1][safepoint    ] Safepoint "RevokeBias", Time since last: 2505539381 ns, Reaching safepoint: 149094 ns, At safepoint: 47410 ns, Total: 196504 ns
[2020-02-27T09:42:43.081+0000][1][safepoint    ] Safepoint "RevokeBias", Time since last: 2502207372 ns, Reaching safepoint: 72673 ns, At safepoint: 18226 ns, Total: 90899 ns
[2020-02-27T09:42:45.583+0000][1][safepoint    ] Safepoint "RevokeBias", Time since last: 2502205162 ns, Reaching safepoint: 76167 ns, At safepoint: 18596 ns, Total: 94763 ns
[2020-02-27T09:42:48.088+0000][1][safepoint    ] Safepoint "RevokeBias", Time since last: 2505088591 ns, Reaching safepoint: 107051 ns, At safepoint: 22088 ns, Total: 129139 ns
[2020-02-27T09:42:50.595+0000][1][safepoint    ] Safepoint "RevokeBias", Time since last: 2505893978 ns, Reaching safepoint: 109245 ns, At safepoint: 21105 ns, Total: 130350 ns
[2020-02-27T09:42:53.098+0000][1][safepoint    ] Safepoint "RevokeBias", Time since last: 2503206158 ns, Reaching safepoint: 141619 ns, At safepoint: 21210 ns, Total: 162829 ns
[2020-02-27T09:42:55.603+0000][1][safepoint    ] Safepoint "RevokeBias", Time since last: 2505496014 ns, Reaching safepoint: 74486 ns, At safepoint: 18247 ns, Total: 92733 ns
[2020-02-27T09:42:58.109+0000][1][safepoint    ] Safepoint "RevokeBias", Time since last: 2505594032 ns, Reaching safepoint: 80377 ns, At safepoint: 19144 ns, Total: 99521 ns
[2020-02-27T09:43:00.615+0000][1][safepoint    ] Safepoint "RevokeBias", Time since last: 2505657486 ns, Reaching safepoint: 75506 ns, At safepoint: 17988 ns, Total: 93494 ns
[2020-02-27T09:43:03.118+0000][1][safepoint    ] Safepoint "RevokeBias", Time since last: 2502632157 ns, Reaching safepoint: 93425 ns, At safepoint: 22411 ns, Total: 115836 ns
[2020-02-27T09:43:05.624+0000][1][safepoint    ] Safepoint "RevokeBias", Time since last: 2506259349 ns, Reaching safepoint: 72452 ns, At safepoint: 18092 ns, Total: 90544 ns
[2020-02-27T09:43:08.127+0000][1][safepoint    ] Safepoint "RevokeBias", Time since last: 2502275416 ns, Reaching safepoint: 185569 ns, At safepoint: 37088 ns, Total: 222657 ns
[2020-02-27T09:43:10.632+0000][1][safepoint    ] Safepoint "RevokeBias", Time since last: 2505888231 ns, Reaching safepoint: 77081 ns, At safepoint: 19321 ns, Total: 96402 ns
[2020-02-27T09:43:13.137+0000][1][safepoint    ] Safepoint "RevokeBias", Time since last: 2504589853 ns, Reaching safepoint: 89607 ns, At safepoint: 18251 ns, Total: 107858 ns
[2020-02-27T09:43:15.641+0000][1][safepoint    ] Safepoint "BulkRevokeBias", Time since last: 2502999105 ns, Reaching safepoint: 166940 ns, At safepoint: 187842 ns, Total: 354782 ns
[2020-02-27T09:43:18.147+0000][1][safepoint    ] Safepoint "RevokeBias", Time since last: 2506075689 ns, Reaching safepoint: 62239 ns, At safepoint: 19118 ns, Total: 81357 ns
[2020-02-27T09:43:20.664+0000][1][safepoint    ] Safepoint "RevokeBias", Time since last: 2516697660 ns, Reaching safepoint: 122422 ns, At safepoint: 121490 ns, Total: 243912 ns
[2020-02-27T09:43:23.170+0000][1][safepoint    ] Safepoint "RevokeBias", Time since last: 2506504371 ns, Reaching safepoint: 74289 ns, At safepoint: 18116 ns, Total: 92405 ns
[2020-02-27T09:43:25.680+0000][1][safepoint    ] Safepoint "RevokeBias", Time since last: 2509643050 ns, Reaching safepoint: 76927 ns, At safepoint: 18925 ns, Total: 95852 ns
[2020-02-27T09:43:28.190+0000][1][safepoint    ] Safepoint "RevokeBias", Time since last: 2510377733 ns, Reaching safepoint: 74754 ns, At safepoint: 17698 ns, Total: 92452 ns
[2020-02-27T09:43:30.703+0000][1][safepoint    ] Safepoint "RevokeBias", Time since last: 2511997809 ns, Reaching safepoint: 75026 ns, At safepoint: 17627 ns, Total: 92653 ns
[2020-02-27T09:43:33.210+0000][1][safepoint    ] Safepoint "RevokeBias", Time since last: 2507035090 ns, Reaching safepoint: 142037 ns, At safepoint: 35947 ns, Total: 177984 ns
[2020-02-27T09:43:35.717+0000][1][safepoint    ] Safepoint "RevokeBias", Time since last: 2507430152 ns, Reaching safepoint: 55273 ns, At safepoint: 16458 ns, Total: 71731 ns
[2020-02-27T09:43:38.234+0000][1][safepoint    ] Safepoint "RevokeBias", Time since last: 2516489311 ns, Reaching safepoint: 87933 ns, At safepoint: 23746 ns, Total: 111679 ns
[2020-02-27T09:43:40.753+0000][1][safepoint    ] Safepoint "RevokeBias", Time since last: 2518599848 ns, Reaching safepoint: 76425 ns, At safepoint: 18167 ns, Total: 94592 ns
[2020-02-27T09:43:43.261+0000][1][safepoint    ] Safepoint "RevokeBias", Time since last: 2508351133 ns, Reaching safepoint: 73010 ns, At safepoint: 17792 ns, Total: 90802 ns
[2020-02-27T09:43:45.778+0000][1][safepoint    ] Safepoint "RevokeBias", Time since last: 2516560210 ns, Reaching safepoint: 190900 ns, At safepoint: 31042 ns, Total: 221942 ns
[2020-02-27T09:43:48.294+0000][1][safepoint    ] Safepoint "RevokeBias", Time since last: 2515838814 ns, Reaching safepoint: 87900 ns, At safepoint: 19900 ns, Total: 107800 ns
[2020-02-27T09:43:50.798+0000][1][safepoint    ] Safepoint "RevokeBias", Time since last: 2503839800 ns, Reaching safepoint: 90339 ns, At safepoint: 40831 ns, Total: 131170 ns
[2020-02-27T09:43:53.301+0000][1][safepoint    ] Safepoint "RevokeBias", Time since last: 2503338529 ns, Reaching safepoint: 93186 ns, At safepoint: 19321 ns, Total: 112507 ns
[2020-02-27T09:43:55.804+0000][1][safepoint    ] Safepoint "RevokeBias", Time since last: 2502998683 ns, Reaching safepoint: 76465 ns, At safepoint: 18399 ns, Total: 94864 ns
[2020-02-27T09:43:58.310+0000][1][safepoint    ] Safepoint "RevokeBias", Time since last: 2506000412 ns, Reaching safepoint: 109180 ns, At safepoint: 26870 ns, Total: 136050 ns
[2020-02-27T09:44:00.815+0000][1][safepoint    ] Safepoint "RevokeBias", Time since last: 2504348657 ns, Reaching safepoint: 73938 ns, At safepoint: 18975 ns, Total: 92913 ns
[2020-02-27T09:44:03.318+0000][1][safepoint    ] Safepoint "RevokeBias", Time since last: 2503162625 ns, Reaching safepoint: 214724 ns, At safepoint: 35948 ns, Total: 250672 ns
[2020-02-27T09:44:05.822+0000][1][safepoint    ] Safepoint "RevokeBias", Time since last: 2503244993 ns, Reaching safepoint: 76118 ns, At safepoint: 23541 ns, Total: 99659 ns
[2020-02-27T09:44:08.328+0000][1][safepoint    ] Safepoint "RevokeBias", Time since last: 2505848007 ns, Reaching safepoint: 104704 ns, At safepoint: 21625 ns, Total: 126329 ns
[2020-02-27T09:44:10.832+0000][1][safepoint    ] Safepoint "RevokeBias", Time since last: 2504206891 ns, Reaching safepoint: 73125 ns, At safepoint: 17186 ns, Total: 90311 ns
[2020-02-27T09:44:13.336+0000][1][safepoint    ] Safepoint "RevokeBias", Time since last: 2504488138 ns, Reaching safepoint: 108076 ns, At safepoint: 19682 ns, Total: 127758 ns
[2020-02-27T09:44:15.841+0000][1][safepoint    ] Safepoint "RevokeBias", Time since last: 2504505836 ns, Reaching safepoint: 75601 ns, At safepoint: 18178 ns, Total: 93779 ns
[2020-02-27T09:44:18.347+0000][1][safepoint    ] Safepoint "RevokeBias", Time since last: 2506247815 ns, Reaching safepoint: 73569 ns, At safepoint: 17296 ns, Total: 90865 ns
[2020-02-27T09:44:20.853+0000][1][safepoint    ] Safepoint "RevokeBias", Time since last: 2505097048 ns, Reaching safepoint: 140361 ns, At safepoint: 37694 ns, Total: 178055 ns
[2020-02-27T09:44:23.357+0000][1][safepoint    ] Safepoint "RevokeBias", Time since last: 2504226343 ns, Reaching safepoint: 144720 ns, At safepoint: 25675 ns, Total: 170395 ns
[2020-02-27T09:44:25.862+0000][1][safepoint    ] Safepoint "RevokeBias", Time since last: 2505158360 ns, Reaching safepoint: 72514 ns, At safepoint: 18050 ns, Total: 90564 ns
[2020-02-27T09:44:28.368+0000][1][safepoint    ] Safepoint "BulkRevokeBias", Time since last: 2504942429 ns, Reaching safepoint: 73705 ns, At safepoint: 309128 ns, Total: 382833 ns
[2020-02-27T09:44:30.871+0000][1][safepoint    ] Safepoint "RevokeBias", Time since last: 2503649417 ns, Reaching safepoint: 75960 ns, At safepoint: 18893 ns, Total: 94853 ns
[2020-02-27T09:44:33.375+0000][1][safepoint    ] Safepoint "RevokeBias", Time since last: 2503599952 ns, Reaching safepoint: 150972 ns, At safepoint: 24243 ns, Total: 175215 ns
[2020-02-27T09:44:35.880+0000][1][safepoint    ] Safepoint "RevokeBias", Time since last: 2504772996 ns, Reaching safepoint: 105069 ns, At safepoint: 105136 ns, Total: 210205 ns
[2020-02-27T09:44:38.393+0000][1][gc,start     ] GC(166) Pause Young (Allocation Failure)
[2020-02-27T09:44:38.393+0000][1][gc,task      ] GC(166) Using 1 workers of 1 for evacuation
[2020-02-27T09:44:38.411+0000][1][gc,age       ] GC(166) Desired survivor size 4358144 bytes, new threshold 6 (max threshold 6)
[2020-02-27T09:44:38.411+0000][1][gc,age       ] GC(166) Age table with threshold 6 (max threshold 6)
[2020-02-27T09:44:38.411+0000][1][gc,age       ] GC(166) - age   1:      35248 bytes,      35248 total
[2020-02-27T09:44:38.411+0000][1][gc,age       ] GC(166) - age   2:        264 bytes,      35512 total
[2020-02-27T09:44:38.411+0000][1][gc,age       ] GC(166) - age   4:        120 bytes,      35632 total
[2020-02-27T09:44:38.411+0000][1][gc,age       ] GC(166) - age   6:        120 bytes,      35752 total
[2020-02-27T09:44:38.411+0000][1][gc,heap      ] GC(166) ParNew: 68180K->46K(76672K)
[2020-02-27T09:44:38.411+0000][1][gc,heap      ] GC(166) CMS: 62523K->62523K(963392K)
[2020-02-27T09:44:38.411+0000][1][gc,metaspace ] GC(166) Metaspace: 80591K->80591K(1124352K)
[2020-02-27T09:44:38.412+0000][1][gc           ] GC(166) Pause Young (Allocation Failure) 127M->61M(1015M) 18.404ms
[2020-02-27T09:44:38.412+0000][1][gc,cpu       ] GC(166) User=0.01s Sys=0.00s Real=0.02s
[2020-02-27T09:44:38.412+0000][1][safepoint    ] Safepoint "GenCollectForAllocation", Time since last: 2512717981 ns, Reaching safepoint: 284273 ns, At safepoint: 18492142 ns, Total: 18776415 ns
[2020-02-27T09:44:38.413+0000][1][safepoint    ] Safepoint "RevokeBias", Time since last: 1217540 ns, Reaching safepoint: 231849 ns, At safepoint: 48772 ns, Total: 280621 ns
[2020-02-27T09:44:40.927+0000][1][safepoint    ] Safepoint "RevokeBias", Time since last: 2513598734 ns, Reaching safepoint: 72881 ns, At safepoint: 17509 ns, Total: 90390 ns
[2020-02-27T09:44:43.446+0000][1][safepoint    ] Safepoint "RevokeBias", Time since last: 2518950074 ns, Reaching safepoint: 114331 ns, At safepoint: 27758 ns, Total: 142089 ns
[2020-02-27T09:44:45.954+0000][1][safepoint    ] Safepoint "RevokeBias", Time since last: 2508199760 ns, Reaching safepoint: 119972 ns, At safepoint: 20083 ns, Total: 140055 ns
[2020-02-27T09:44:48.466+0000][1][safepoint    ] Safepoint "RevokeBias", Time since last: 2511678183 ns, Reaching safepoint: 74120 ns, At safepoint: 17565 ns, Total: 91685 ns
[2020-02-27T09:44:50.975+0000][1][safepoint    ] Safepoint "RevokeBias", Time since last: 2508896994 ns, Reaching safepoint: 84047 ns, At safepoint: 20915 ns, Total: 104962 ns
[2020-02-27T09:44:53.485+0000][1][safepoint    ] Safepoint "RevokeBias", Time since last: 2509467280 ns, Reaching safepoint: 75251 ns, At safepoint: 17984 ns, Total: 93235 ns
[2020-02-27T09:44:55.991+0000][1][safepoint    ] Safepoint "RevokeBias", Time since last: 2506613087 ns, Reaching safepoint: 75593 ns, At safepoint: 19568 ns, Total: 95161 ns
[2020-02-27T09:44:58.510+0000][1][safepoint    ] Safepoint "RevokeBias", Time since last: 2518778987 ns, Reaching safepoint: 73910 ns, At safepoint: 18277 ns, Total: 92187 ns
[2020-02-27T09:45:01.018+0000][1][safepoint    ] Safepoint "RevokeBias", Time since last: 2507454900 ns, Reaching safepoint: 78331 ns, At safepoint: 18747 ns, Total: 97078 ns
[2020-02-27T09:45:03.532+0000][1][safepoint    ] Safepoint "RevokeBias", Time since last: 2514522833 ns, Reaching safepoint: 73064 ns, At safepoint: 18163 ns, Total: 91227 ns
[2020-02-27T09:45:06.043+0000][1][safepoint    ] Safepoint "RevokeBias", Time since last: 2510794555 ns, Reaching safepoint: 76662 ns, At safepoint: 18133 ns, Total: 94795 ns
[2020-02-27T09:45:08.555+0000][1][safepoint    ] Safepoint "RevokeBias", Time since last: 2511409144 ns, Reaching safepoint: 73532 ns, At safepoint: 19414 ns, Total: 92946 ns
[2020-02-27T09:45:11.065+0000][1][safepoint    ] Safepoint "RevokeBias", Time since last: 2510086420 ns, Reaching safepoint: 191880 ns, At safepoint: 35242 ns, Total: 227122 ns
[2020-02-27T09:45:13.568+0000][1][safepoint    ] Safepoint "RevokeBias", Time since last: 2503006769 ns, Reaching safepoint: 109745 ns, At safepoint: 34674 ns, Total: 144419 ns
[2020-02-27T09:45:16.072+0000][1][safepoint    ] Safepoint "RevokeBias", Time since last: 2503267628 ns, Reaching safepoint: 78173 ns, At safepoint: 38267 ns, Total: 116440 ns
[2020-02-27T09:45:18.576+0000][1][safepoint    ] Safepoint "RevokeBias", Time since last: 2504672127 ns, Reaching safepoint: 84770 ns, At safepoint: 21213 ns, Total: 105983 ns
[2020-02-27T09:45:21.081+0000][1][safepoint    ] Safepoint "RevokeBias", Time since last: 2504657196 ns, Reaching safepoint: 166023 ns, At safepoint: 89391 ns, Total: 255414 ns
[2020-02-27T09:45:23.584+0000][1][safepoint    ] Safepoint "RevokeBias", Time since last: 2502966259 ns, Reaching safepoint: 90797 ns, At safepoint: 20437 ns, Total: 111234 ns
[2020-02-27T09:45:26.087+0000][1][safepoint    ] Safepoint "RevokeBias", Time since last: 2502962225 ns, Reaching safepoint: 76558 ns, At safepoint: 18754 ns, Total: 95312 ns
[2020-02-27T09:45:28.593+0000][1][safepoint    ] Safepoint "RevokeBias", Time since last: 2505387632 ns, Reaching safepoint: 74804 ns, At safepoint: 17854 ns, Total: 92658 ns
[2020-02-27T09:45:31.098+0000][1][safepoint    ] Safepoint "RevokeBias", Time since last: 2505044727 ns, Reaching safepoint: 110756 ns, At safepoint: 18408 ns, Total: 129164 ns
[2020-02-27T09:45:33.601+0000][1][safepoint    ] Safepoint "RevokeBias", Time since last: 2502918242 ns, Reaching safepoint: 167846 ns, At safepoint: 22015 ns, Total: 189861 ns
[2020-02-27T09:45:36.104+0000][1][safepoint    ] Safepoint "RevokeBias", Time since last: 2502528906 ns, Reaching safepoint: 53737 ns, At safepoint: 15702 ns, Total: 69439 ns
[2020-02-27T09:45:38.611+0000][1][safepoint    ] Safepoint "RevokeBias", Time since last: 2506628724 ns, Reaching safepoint: 192671 ns, At safepoint: 37462 ns, Total: 230133 ns
[2020-02-27T09:45:41.117+0000][1][safepoint    ] Safepoint "BulkRevokeBias", Time since last: 2505574755 ns, Reaching safepoint: 87929 ns, At safepoint: 336153 ns, Total: 424082 ns
[2020-02-27T09:45:43.620+0000][1][safepoint    ] Safepoint "RevokeBias", Time since last: 2503507696 ns, Reaching safepoint: 79697 ns, At safepoint: 18877 ns, Total: 98574 ns
[2020-02-27T09:45:46.124+0000][1][safepoint    ] Safepoint "RevokeBias", Time since last: 2503467930 ns, Reaching safepoint: 74451 ns, At safepoint: 18064 ns, Total: 92515 ns
[2020-02-27T09:45:48.629+0000][1][safepoint    ] Safepoint "RevokeBias", Time since last: 2504820910 ns, Reaching safepoint: 112359 ns, At safepoint: 27262 ns, Total: 139621 ns
[2020-02-27T09:45:51.133+0000][1][safepoint    ] Safepoint "RevokeBias", Time since last: 2503956192 ns, Reaching safepoint: 74413 ns, At safepoint: 18085 ns, Total: 92498 ns
[2020-02-27T09:45:53.636+0000][1][safepoint    ] Safepoint "RevokeBias", Time since last: 2503159335 ns, Reaching safepoint: 104073 ns, At safepoint: 24145 ns, Total: 128218 ns
[2020-02-27T09:45:56.140+0000][1][safepoint    ] Safepoint "RevokeBias", Time since last: 2503666369 ns, Reaching safepoint: 73615 ns, At safepoint: 17961 ns, Total: 91576 ns
[2020-02-27T09:45:58.646+0000][1][safepoint    ] Safepoint "RevokeBias", Time since last: 2505739488 ns, Reaching safepoint: 75312 ns, At safepoint: 68239 ns, Total: 143551 ns
[2020-02-27T09:46:01.157+0000][1][safepoint    ] Safepoint "RevokeBias", Time since last: 2511312554 ns, Reaching safepoint: 143119 ns, At safepoint: 101878 ns, Total: 244997 ns
[2020-02-27T09:46:03.665+0000][1][safepoint    ] Safepoint "RevokeBias", Time since last: 2507529796 ns, Reaching safepoint: 128821 ns, At safepoint: 24274 ns, Total: 153095 ns
[2020-02-27T09:46:06.182+0000][1][safepoint    ] Safepoint "RevokeBias", Time since last: 2516957123 ns, Reaching safepoint: 170344 ns, At safepoint: 21423 ns, Total: 191767 ns
[2020-02-27T09:46:08.696+0000][1][safepoint    ] Safepoint "RevokeBias", Time since last: 2513375846 ns, Reaching safepoint: 132000 ns, At safepoint: 93460 ns, Total: 225460 ns
[2020-02-27T09:46:11.217+0000][1][safepoint    ] Safepoint "RevokeBias", Time since last: 2520769352 ns, Reaching safepoint: 143941 ns, At safepoint: 52661 ns, Total: 196602 ns
[2020-02-27T09:46:13.726+0000][1][safepoint    ] Safepoint "RevokeBias", Time since last: 2509110062 ns, Reaching safepoint: 73423 ns, At safepoint: 17861 ns, Total: 91284 ns
[2020-02-27T09:46:16.238+0000][1][safepoint    ] Safepoint "RevokeBias", Time since last: 2512312124 ns, Reaching safepoint: 183354 ns, At safepoint: 21680 ns, Total: 205034 ns
[2020-02-27T09:46:18.748+0000][1][safepoint    ] Safepoint "RevokeBias", Time since last: 2509521260 ns, Reaching safepoint: 91526 ns, At safepoint: 19221 ns, Total: 110747 ns
[2020-02-27T09:46:21.257+0000][1][safepoint    ] Safepoint "RevokeBias", Time since last: 2508888837 ns, Reaching safepoint: 73447 ns, At safepoint: 18460 ns, Total: 91907 ns
[2020-02-27T09:46:23.767+0000][1][safepoint    ] Safepoint "RevokeBias", Time since last: 2509609819 ns, Reaching safepoint: 82184 ns, At safepoint: 17946 ns, Total: 100130 ns
[2020-02-27T09:46:26.271+0000][1][safepoint    ] Safepoint "RevokeBias", Time since last: 2504514325 ns, Reaching safepoint: 73409 ns, At safepoint: 17137 ns, Total: 90546 ns
[2020-02-27T09:46:28.777+0000][1][safepoint    ] Safepoint "RevokeBias", Time since last: 2505637841 ns, Reaching safepoint: 74669 ns, At safepoint: 18062 ns, Total: 92731 ns
[2020-02-27T09:46:31.280+0000][1][safepoint    ] Safepoint "RevokeBias", Time since last: 2503167338 ns, Reaching safepoint: 75225 ns, At safepoint: 18677 ns, Total: 93902 ns
[2020-02-27T09:46:33.783+0000][1][safepoint    ] Safepoint "RevokeBias", Time since last: 2502796090 ns, Reaching safepoint: 104441 ns, At safepoint: 20945 ns, Total: 125386 ns
[2020-02-27T09:46:36.286+0000][1][safepoint    ] Safepoint "RevokeBias", Time since last: 2502699520 ns, Reaching safepoint: 58451 ns, At safepoint: 16240 ns, Total: 74691 ns
[2020-02-27T09:46:38.791+0000][1][safepoint    ] Safepoint "RevokeBias", Time since last: 2505076589 ns, Reaching safepoint: 115359 ns, At safepoint: 25439 ns, Total: 140798 ns
[2020-02-27T09:46:41.295+0000][1][safepoint    ] Safepoint "RevokeBias", Time since last: 2503977947 ns, Reaching safepoint: 76209 ns, At safepoint: 18217 ns, Total: 94426 ns
[2020-02-27T09:46:43.798+0000][1][safepoint    ] Safepoint "RevokeBias", Time since last: 2502631073 ns, Reaching safepoint: 105026 ns, At safepoint: 19986 ns, Total: 125012 ns
[2020-02-27T09:46:46.300+0000][1][safepoint    ] Safepoint "RevokeBias", Time since last: 2502134628 ns, Reaching safepoint: 74551 ns, At safepoint: 81917 ns, Total: 156468 ns
[2020-02-27T09:46:48.806+0000][1][safepoint    ] Safepoint "RevokeBias", Time since last: 2505867573 ns, Reaching safepoint: 76283 ns, At safepoint: 18029 ns, Total: 94312 ns
[2020-02-27T09:46:51.313+0000][1][safepoint    ] Safepoint "RevokeBias", Time since last: 2506928921 ns, Reaching safepoint: 196166 ns, At safepoint: 32122 ns, Total: 228288 ns
[2020-02-27T09:46:53.818+0000][1][safepoint    ] Safepoint "BulkRevokeBias", Time since last: 2504521435 ns, Reaching safepoint: 58678 ns, At safepoint: 198516 ns, Total: 257194 ns
[2020-02-27T09:46:55.820+0000][1][safepoint    ] Safepoint "Cleanup", Time since last: 2001643155 ns, Reaching safepoint: 129186 ns, At safepoint: 7825 ns, Total: 137011 ns
[2020-02-27T09:46:56.321+0000][1][gc,start     ] GC(167) Pause Young (Allocation Failure)
[2020-02-27T09:46:56.321+0000][1][gc,task      ] GC(167) Using 1 workers of 1 for evacuation
[2020-02-27T09:46:56.336+0000][1][gc,age       ] GC(167) Desired survivor size 4358144 bytes, new threshold 6 (max threshold 6)
[2020-02-27T09:46:56.336+0000][1][gc,age       ] GC(167) Age table with threshold 6 (max threshold 6)
[2020-02-27T09:46:56.336+0000][1][gc,age       ] GC(167) - age   1:      23184 bytes,      23184 total
[2020-02-27T09:46:56.336+0000][1][gc,age       ] GC(167) - age   2:        120 bytes,      23304 total
[2020-02-27T09:46:56.336+0000][1][gc,age       ] GC(167) - age   3:        264 bytes,      23568 total
[2020-02-27T09:46:56.336+0000][1][gc,heap      ] GC(167) ParNew: 68206K->29K(76672K)
[2020-02-27T09:46:56.336+0000][1][gc,heap      ] GC(167) CMS: 62523K->62523K(963392K)
[2020-02-27T09:46:56.336+0000][1][gc,metaspace ] GC(167) Metaspace: 80591K->80591K(1124352K)
[2020-02-27T09:46:56.337+0000][1][gc           ] GC(167) Pause Young (Allocation Failure) 127M->61M(1015M) 15.306ms
[2020-02-27T09:46:56.337+0000][1][gc,cpu       ] GC(167) User=0.02s Sys=0.00s Real=0.01s
[2020-02-27T09:46:56.337+0000][1][safepoint    ] Safepoint "GenCollectForAllocation", Time since last: 501050622 ns, Reaching safepoint: 140817 ns, At safepoint: 15433689 ns, Total: 15574506 ns
[2020-02-27T09:46:56.338+0000][1][safepoint    ] Safepoint "RevokeBias", Time since last: 801578 ns, Reaching safepoint: 89223 ns, At safepoint: 22178 ns, Total: 111401 ns
[2020-02-27T09:46:58.844+0000][1][safepoint    ] Safepoint "RevokeBias", Time since last: 2505937732 ns, Reaching safepoint: 59814 ns, At safepoint: 17074 ns, Total: 76888 ns
[2020-02-27T09:47:01.347+0000][1][safepoint    ] Safepoint "RevokeBias", Time since last: 2503769572 ns, Reaching safepoint: 76901 ns, At safepoint: 17928 ns, Total: 94829 ns
[2020-02-27T09:47:03.850+0000][1][safepoint    ] Safepoint "RevokeBias", Time since last: 2502942245 ns, Reaching safepoint: 72513 ns, At safepoint: 17401 ns, Total: 89914 ns
[2020-02-27T09:47:06.354+0000][1][safepoint    ] Safepoint "RevokeBias", Time since last: 2503408422 ns, Reaching safepoint: 81886 ns, At safepoint: 21465 ns, Total: 103351 ns
[2020-02-27T09:47:08.860+0000][1][safepoint    ] Safepoint "RevokeBias", Time since last: 2505530149 ns, Reaching safepoint: 118860 ns, At safepoint: 26843 ns, Total: 145703 ns
[2020-02-27T09:47:11.364+0000][1][safepoint    ] Safepoint "RevokeBias", Time since last: 2504436845 ns, Reaching safepoint: 96291 ns, At safepoint: 22141 ns, Total: 118432 ns
[2020-02-27T09:47:13.868+0000][1][safepoint    ] Safepoint "RevokeBias", Time since last: 2503645120 ns, Reaching safepoint: 76472 ns, At safepoint: 18390 ns, Total: 94862 ns
[2020-02-27T09:47:16.372+0000][1][safepoint    ] Safepoint "RevokeBias", Time since last: 2503578781 ns, Reaching safepoint: 92856 ns, At safepoint: 23019 ns, Total: 115875 ns
[2020-02-27T09:47:18.877+0000][1][safepoint    ] Safepoint "RevokeBias", Time since last: 2505542091 ns, Reaching safepoint: 88791 ns, At safepoint: 20477 ns, Total: 109268 ns
[2020-02-27T09:47:21.384+0000][1][safepoint    ] Safepoint "RevokeBias", Time since last: 2506141216 ns, Reaching safepoint: 90241 ns, At safepoint: 18741 ns, Total: 108982 ns
[2020-02-27T09:47:23.887+0000][1][safepoint    ] Safepoint "RevokeBias", Time since last: 2503811297 ns, Reaching safepoint: 73712 ns, At safepoint: 16900 ns, Total: 90612 ns
[2020-02-27T09:47:26.392+0000][1][safepoint    ] Safepoint "RevokeBias", Time since last: 2504082522 ns, Reaching safepoint: 112199 ns, At safepoint: 28834 ns, Total: 141033 ns
[2020-02-27T09:47:28.905+0000][1][safepoint    ] Safepoint "RevokeBias", Time since last: 2512783329 ns, Reaching safepoint: 117274 ns, At safepoint: 53663 ns, Total: 170937 ns
[2020-02-27T09:47:31.419+0000][1][safepoint    ] Safepoint "RevokeBias", Time since last: 2514220565 ns, Reaching safepoint: 75385 ns, At safepoint: 17953 ns, Total: 93338 ns
[2020-02-27T09:47:33.926+0000][1][safepoint    ] Safepoint "RevokeBias", Time since last: 2507409214 ns, Reaching safepoint: 74651 ns, At safepoint: 17914 ns, Total: 92565 ns
[2020-02-27T09:47:36.436+0000][1][safepoint    ] Safepoint "RevokeBias", Time since last: 2509816883 ns, Reaching safepoint: 74156 ns, At safepoint: 18455 ns, Total: 92611 ns
[2020-02-27T09:47:38.953+0000][1][safepoint    ] Safepoint "RevokeBias", Time since last: 2516718682 ns, Reaching safepoint: 74225 ns, At safepoint: 18006 ns, Total: 92231 ns
[2020-02-27T09:47:41.462+0000][1][safepoint    ] Safepoint "RevokeBias", Time since last: 2508253780 ns, Reaching safepoint: 74024 ns, At safepoint: 18114 ns, Total: 92138 ns
[2020-02-27T09:47:43.975+0000][1][safepoint    ] Safepoint "RevokeBias", Time since last: 2513553584 ns, Reaching safepoint: 262615 ns, At safepoint: 42748 ns, Total: 305363 ns
[2020-02-27T09:47:46.484+0000][1][safepoint    ] Safepoint "RevokeBias", Time since last: 2508050127 ns, Reaching safepoint: 74788 ns, At safepoint: 17951 ns, Total: 92739 ns
[2020-02-27T09:47:49.002+0000][1][safepoint    ] Safepoint "RevokeBias", Time since last: 2518304698 ns, Reaching safepoint: 299155 ns, At safepoint: 59437 ns, Total: 358592 ns
[2020-02-27T09:47:51.513+0000][1][safepoint    ] Safepoint "RevokeBias", Time since last: 2510722811 ns, Reaching safepoint: 82636 ns, At safepoint: 28151 ns, Total: 110787 ns
[2020-02-27T09:47:54.017+0000][1][safepoint    ] Safepoint "RevokeBias", Time since last: 2504238476 ns, Reaching safepoint: 75069 ns, At safepoint: 17848 ns, Total: 92917 ns
[2020-02-27T09:47:56.524+0000][1][safepoint    ] Safepoint "RevokeBias", Time since last: 2506564382 ns, Reaching safepoint: 114915 ns, At safepoint: 29817 ns, Total: 144732 ns
[2020-02-27T09:47:59.029+0000][1][safepoint    ] Safepoint "RevokeBias", Time since last: 2505182949 ns, Reaching safepoint: 74449 ns, At safepoint: 18439 ns, Total: 92888 ns
[2020-02-27T09:48:01.533+0000][1][safepoint    ] Safepoint "RevokeBias", Time since last: 2503354053 ns, Reaching safepoint: 131456 ns, At safepoint: 18280 ns, Total: 149736 ns
[2020-02-27T09:48:04.039+0000][1][safepoint    ] Safepoint "RevokeBias", Time since last: 2506108809 ns, Reaching safepoint: 304800 ns, At safepoint: 41102 ns, Total: 345902 ns
[2020-02-27T09:48:06.544+0000][1][safepoint    ] Safepoint "BulkRevokeBias", Time since last: 2504263856 ns, Reaching safepoint: 74073 ns, At safepoint: 334406 ns, Total: 408479 ns
[2020-02-27T09:48:09.050+0000][1][safepoint    ] Safepoint "RevokeBias", Time since last: 2505987019 ns, Reaching safepoint: 75948 ns, At safepoint: 18334 ns, Total: 94282 ns
[2020-02-27T09:48:11.555+0000][1][safepoint    ] Safepoint "RevokeBias", Time since last: 2505244681 ns, Reaching safepoint: 79057 ns, At safepoint: 19325 ns, Total: 98382 ns
[2020-02-27T09:48:14.058+0000][1][safepoint    ] Safepoint "RevokeBias", Time since last: 2502884371 ns, Reaching safepoint: 72698 ns, At safepoint: 17319 ns, Total: 90017 ns
[2020-02-27T09:48:16.562+0000][1][safepoint    ] Safepoint "RevokeBias", Time since last: 2503628576 ns, Reaching safepoint: 198498 ns, At safepoint: 41504 ns, Total: 240002 ns
[2020-02-27T09:48:19.067+0000][1][safepoint    ] Safepoint "RevokeBias", Time since last: 2505087686 ns, Reaching safepoint: 95610 ns, At safepoint: 22378 ns, Total: 117988 ns
[2020-02-27T09:48:21.572+0000][1][safepoint    ] Safepoint "RevokeBias", Time since last: 2504284035 ns, Reaching safepoint: 125746 ns, At safepoint: 20037 ns, Total: 145783 ns
[2020-02-27T09:48:24.076+0000][1][safepoint    ] Safepoint "RevokeBias", Time since last: 2503557337 ns, Reaching safepoint: 75511 ns, At safepoint: 18621 ns, Total: 94132 ns
[2020-02-27T09:48:26.579+0000][1][safepoint    ] Safepoint "RevokeBias", Time since last: 2503501659 ns, Reaching safepoint: 77952 ns, At safepoint: 18629 ns, Total: 96581 ns
[2020-02-27T09:48:29.086+0000][1][safepoint    ] Safepoint "RevokeBias", Time since last: 2507116808 ns, Reaching safepoint: 142476 ns, At safepoint: 21972 ns, Total: 164448 ns
[2020-02-27T09:48:31.595+0000][1][safepoint    ] Safepoint "RevokeBias", Time since last: 2508519504 ns, Reaching safepoint: 90313 ns, At safepoint: 24047 ns, Total: 114360 ns
[2020-02-27T09:48:34.104+0000][1][safepoint    ] Safepoint "RevokeBias", Time since last: 2508537495 ns, Reaching safepoint: 80690 ns, At safepoint: 19846 ns, Total: 100536 ns
[2020-02-27T09:48:36.613+0000][1][safepoint    ] Safepoint "RevokeBias", Time since last: 2509696608 ns, Reaching safepoint: 74506 ns, At safepoint: 18050 ns, Total: 92556 ns
[2020-02-27T09:48:39.122+0000][1][safepoint    ] Safepoint "RevokeBias", Time since last: 2508896909 ns, Reaching safepoint: 73662 ns, At safepoint: 18125 ns, Total: 91787 ns
[2020-02-27T09:48:41.637+0000][1][safepoint    ] Safepoint "RevokeBias", Time since last: 2514137358 ns, Reaching safepoint: 82808 ns, At safepoint: 19442 ns, Total: 102250 ns
[2020-02-27T09:48:44.146+0000][1][safepoint    ] Safepoint "RevokeBias", Time since last: 2509021814 ns, Reaching safepoint: 76207 ns, At safepoint: 18825 ns, Total: 95032 ns
[2020-02-27T09:48:46.657+0000][1][safepoint    ] Safepoint "RevokeBias", Time since last: 2510991065 ns, Reaching safepoint: 73990 ns, At safepoint: 18259 ns, Total: 92249 ns
[2020-02-27T09:48:49.164+0000][1][safepoint    ] Safepoint "RevokeBias", Time since last: 2507176598 ns, Reaching safepoint: 90241 ns, At safepoint: 21451 ns, Total: 111692 ns
[2020-02-27T09:48:51.695+0000][1][safepoint    ] Safepoint "RevokeBias", Time since last: 2530190556 ns, Reaching safepoint: 439233 ns, At safepoint: 113669 ns, Total: 552902 ns
[2020-02-27T09:48:54.202+0000][1][safepoint    ] Safepoint "RevokeBias", Time since last: 2507289918 ns, Reaching safepoint: 142706 ns, At safepoint: 29145 ns, Total: 171851 ns
[2020-02-27T09:48:56.707+0000][1][safepoint    ] Safepoint "RevokeBias", Time since last: 2504693927 ns, Reaching safepoint: 77551 ns, At safepoint: 20487 ns, Total: 98038 ns
[2020-02-27T09:48:59.212+0000][1][safepoint    ] Safepoint "RevokeBias", Time since last: 2504870430 ns, Reaching safepoint: 164703 ns, At safepoint: 24122 ns, Total: 188825 ns
[2020-02-27T09:49:01.717+0000][1][safepoint    ] Safepoint "RevokeBias", Time since last: 2504914363 ns, Reaching safepoint: 91555 ns, At safepoint: 25252 ns, Total: 116807 ns
[2020-02-27T09:49:04.220+0000][1][safepoint    ] Safepoint "RevokeBias", Time since last: 2502944933 ns, Reaching safepoint: 193627 ns, At safepoint: 19812 ns, Total: 213439 ns
[2020-02-27T09:49:06.724+0000][1][safepoint    ] Safepoint "RevokeBias", Time since last: 2503464795 ns, Reaching safepoint: 73256 ns, At safepoint: 18515 ns, Total: 91771 ns
[2020-02-27T09:49:09.293+0000][1][safepoint    ] Safepoint "RevokeBias", Time since last: 2569034866 ns, Reaching safepoint: 102879 ns, At safepoint: 29145 ns, Total: 132024 ns
[2020-02-27T09:49:11.803+0000][1][gc,start     ] GC(168) Pause Young (Allocation Failure)
[2020-02-27T09:49:11.803+0000][1][gc,task      ] GC(168) Using 1 workers of 1 for evacuation
[2020-02-27T09:49:11.815+0000][1][gc,age       ] GC(168) Desired survivor size 4358144 bytes, new threshold 6 (max threshold 6)
[2020-02-27T09:49:11.815+0000][1][gc,age       ] GC(168) Age table with threshold 6 (max threshold 6)
[2020-02-27T09:49:11.815+0000][1][gc,age       ] GC(168) - age   1:      11192 bytes,      11192 total
[2020-02-27T09:49:11.815+0000][1][gc,age       ] GC(168) - age   3:        120 bytes,      11312 total
[2020-02-27T09:49:11.815+0000][1][gc,age       ] GC(168) - age   4:        264 bytes,      11576 total
[2020-02-27T09:49:11.815+0000][1][gc,heap      ] GC(168) ParNew: 68189K->24K(76672K)
[2020-02-27T09:49:11.815+0000][1][gc,heap      ] GC(168) CMS: 62523K->62523K(963392K)
[2020-02-27T09:49:11.815+0000][1][gc,metaspace ] GC(168) Metaspace: 80592K->80592K(1124352K)
[2020-02-27T09:49:11.815+0000][1][gc           ] GC(168) Pause Young (Allocation Failure) 127M->61M(1015M) 12.101ms
[2020-02-27T09:49:11.815+0000][1][gc,cpu       ] GC(168) User=0.01s Sys=0.00s Real=0.01s
[2020-02-27T09:49:11.815+0000][1][safepoint    ] Safepoint "GenCollectForAllocation", Time since last: 2509727535 ns, Reaching safepoint: 79824 ns, At safepoint: 12247925 ns, Total: 12327749 ns
[2020-02-27T09:49:11.817+0000][1][safepoint    ] Safepoint "RevokeBias", Time since last: 1340001 ns, Reaching safepoint: 74593 ns, At safepoint: 17438 ns, Total: 92031 ns
[2020-02-27T09:49:14.337+0000][1][safepoint    ] Safepoint "RevokeBias", Time since last: 2519792643 ns, Reaching safepoint: 78145 ns, At safepoint: 19894 ns, Total: 98039 ns
[2020-02-27T09:49:16.847+0000][1][safepoint    ] Safepoint "RevokeBias", Time since last: 2509881037 ns, Reaching safepoint: 78784 ns, At safepoint: 19183 ns, Total: 97967 ns
[2020-02-27T09:49:19.370+0000][1][safepoint    ] Safepoint "BulkRevokeBias", Time since last: 2522530225 ns, Reaching safepoint: 154270 ns, At safepoint: 373492 ns, Total: 527762 ns
[2020-02-27T09:49:21.878+0000][1][safepoint    ] Safepoint "RevokeBias", Time since last: 2508319264 ns, Reaching safepoint: 72864 ns, At safepoint: 18187 ns, Total: 91051 ns
[2020-02-27T09:49:24.382+0000][1][safepoint    ] Safepoint "RevokeBias", Time since last: 2503740883 ns, Reaching safepoint: 103203 ns, At safepoint: 26805 ns, Total: 130008 ns
[2020-02-27T09:49:26.889+0000][1][safepoint    ] Safepoint "RevokeBias", Time since last: 2506779433 ns, Reaching safepoint: 79720 ns, At safepoint: 19073 ns, Total: 98793 ns
[2020-02-27T09:49:29.395+0000][1][safepoint    ] Safepoint "RevokeBias", Time since last: 2506099598 ns, Reaching safepoint: 81066 ns, At safepoint: 19377 ns, Total: 100443 ns
[2020-02-27T09:49:31.900+0000][1][safepoint    ] Safepoint "RevokeBias", Time since last: 2505393503 ns, Reaching safepoint: 99721 ns, At safepoint: 25744 ns, Total: 125465 ns
[2020-02-27T09:49:34.408+0000][1][safepoint    ] Safepoint "RevokeBias", Time since last: 2507803423 ns, Reaching safepoint: 105345 ns, At safepoint: 28455 ns, Total: 133800 ns
[2020-02-27T09:49:36.914+0000][1][safepoint    ] Safepoint "RevokeBias", Time since last: 2505350619 ns, Reaching safepoint: 80216 ns, At safepoint: 20091 ns, Total: 100307 ns
[2020-02-27T09:49:39.425+0000][1][safepoint    ] Safepoint "RevokeBias", Time since last: 2511037696 ns, Reaching safepoint: 107255 ns, At safepoint: 31596 ns, Total: 138851 ns
[2020-02-27T09:49:41.933+0000][1][safepoint    ] Safepoint "RevokeBias", Time since last: 2507850629 ns, Reaching safepoint: 80588 ns, At safepoint: 20105 ns, Total: 100693 ns
[2020-02-27T09:49:44.435+0000][1][safepoint    ] Safepoint "RevokeBias", Time since last: 2502375695 ns, Reaching safepoint: 79025 ns, At safepoint: 18983 ns, Total: 98008 ns
[2020-02-27T09:49:46.939+0000][1][safepoint    ] Safepoint "RevokeBias", Time since last: 2503715929 ns, Reaching safepoint: 111241 ns, At safepoint: 31627 ns, Total: 142868 ns
[2020-02-27T09:49:49.477+0000][1][safepoint    ] Safepoint "RevokeBias", Time since last: 2537347372 ns, Reaching safepoint: 495208 ns, At safepoint: 70271 ns, Total: 565479 ns
[2020-02-27T09:49:51.989+0000][1][safepoint    ] Safepoint "RevokeBias", Time since last: 2511694560 ns, Reaching safepoint: 86939 ns, At safepoint: 29701 ns, Total: 116640 ns
[2020-02-27T09:49:54.497+0000][1][safepoint    ] Safepoint "RevokeBias", Time since last: 2508144877 ns, Reaching safepoint: 99895 ns, At safepoint: 26181 ns, Total: 126076 ns
[2020-02-27T09:49:57.013+0000][1][safepoint    ] Safepoint "RevokeBias", Time since last: 2515693881 ns, Reaching safepoint: 81086 ns, At safepoint: 21081 ns, Total: 102167 ns
[2020-02-27T09:49:59.525+0000][1][safepoint    ] Safepoint "RevokeBias", Time since last: 2512017459 ns, Reaching safepoint: 110235 ns, At safepoint: 73225 ns, Total: 183460 ns
[2020-02-27T09:50:02.038+0000][1][safepoint    ] Safepoint "RevokeBias", Time since last: 2512386330 ns, Reaching safepoint: 93213 ns, At safepoint: 25098 ns, Total: 118311 ns
[2020-02-27T09:50:04.547+0000][1][safepoint    ] Safepoint "RevokeBias", Time since last: 2509133973 ns, Reaching safepoint: 89061 ns, At safepoint: 21735 ns, Total: 110796 ns
[2020-02-27T09:50:07.052+0000][1][safepoint    ] Safepoint "RevokeBias", Time since last: 2504411679 ns, Reaching safepoint: 97602 ns, At safepoint: 26861 ns, Total: 124463 ns
[2020-02-27T09:50:09.556+0000][1][safepoint    ] Safepoint "RevokeBias", Time since last: 2504617268 ns, Reaching safepoint: 77245 ns, At safepoint: 18076 ns, Total: 95321 ns
[2020-02-27T09:50:12.061+0000][1][safepoint    ] Safepoint "RevokeBias", Time since last: 2505018373 ns, Reaching safepoint: 75705 ns, At safepoint: 40230 ns, Total: 115935 ns
[2020-02-27T09:50:14.565+0000][1][safepoint    ] Safepoint "RevokeBias", Time since last: 2503511093 ns, Reaching safepoint: 104192 ns, At safepoint: 20539 ns, Total: 124731 ns
[2020-02-27T09:50:17.068+0000][1][safepoint    ] Safepoint "RevokeBias", Time since last: 2503080527 ns, Reaching safepoint: 80895 ns, At safepoint: 19510 ns, Total: 100405 ns
[2020-02-27T09:50:19.575+0000][1][safepoint    ] Safepoint "RevokeBias", Time since last: 2506166291 ns, Reaching safepoint: 130141 ns, At safepoint: 29490 ns, Total: 159631 ns
[2020-02-27T09:50:22.080+0000][1][safepoint    ] Safepoint "RevokeBias", Time since last: 2505581217 ns, Reaching safepoint: 115732 ns, At safepoint: 31094 ns, Total: 146826 ns
[2020-02-27T09:50:24.094+0000][1][safepoint    ] Safepoint "Cleanup", Time since last: 2014057784 ns, Reaching safepoint: 92112 ns, At safepoint: 9507 ns, Total: 101619 ns
[2020-02-27T09:50:24.586+0000][1][safepoint    ] Safepoint "RevokeBias", Time since last: 491243231 ns, Reaching safepoint: 114480 ns, At safepoint: 25801 ns, Total: 140281 ns
[2020-02-27T09:50:27.093+0000][1][safepoint    ] Safepoint "RevokeBias", Time since last: 2506482756 ns, Reaching safepoint: 145421 ns, At safepoint: 80658 ns, Total: 226079 ns
[2020-02-27T09:50:29.600+0000][1][safepoint    ] Safepoint "RevokeBias", Time since last: 2506803689 ns, Reaching safepoint: 172876 ns, At safepoint: 61613 ns, Total: 234489 ns
[2020-02-27T09:50:32.105+0000][1][safepoint    ] Safepoint "BulkRevokeBias", Time since last: 2505305226 ns, Reaching safepoint: 82877 ns, At safepoint: 315647 ns, Total: 398524 ns
[2020-02-27T09:50:34.620+0000][1][safepoint    ] Safepoint "RevokeBias", Time since last: 2514560409 ns, Reaching safepoint: 103291 ns, At safepoint: 81118 ns, Total: 184409 ns
[2020-02-27T09:50:37.128+0000][1][safepoint    ] Safepoint "RevokeBias", Time since last: 2508219640 ns, Reaching safepoint: 78512 ns, At safepoint: 17996 ns, Total: 96508 ns
[2020-02-27T09:50:39.645+0000][1][safepoint    ] Safepoint "RevokeBias", Time since last: 2516446172 ns, Reaching safepoint: 101024 ns, At safepoint: 26903 ns, Total: 127927 ns
[2020-02-27T09:50:42.158+0000][1][safepoint    ] Safepoint "RevokeBias", Time since last: 2512559847 ns, Reaching safepoint: 76624 ns, At safepoint: 19093 ns, Total: 95717 ns
[2020-02-27T09:50:44.678+0000][1][safepoint    ] Safepoint "RevokeBias", Time since last: 2520140671 ns, Reaching safepoint: 72949 ns, At safepoint: 17738 ns, Total: 90687 ns
[2020-02-27T09:50:47.186+0000][1][safepoint    ] Safepoint "RevokeBias", Time since last: 2508450793 ns, Reaching safepoint: 134876 ns, At safepoint: 24622 ns, Total: 159498 ns
[2020-02-27T09:50:49.702+0000][1][safepoint    ] Safepoint "RevokeBias", Time since last: 2515425656 ns, Reaching safepoint: 110780 ns, At safepoint: 19284 ns, Total: 130064 ns
[2020-02-27T09:50:52.211+0000][1][safepoint    ] Safepoint "RevokeBias", Time since last: 2509259673 ns, Reaching safepoint: 74277 ns, At safepoint: 45712 ns, Total: 119989 ns
[2020-02-27T09:50:54.212+0000][1][safepoint    ] Safepoint "Cleanup", Time since last: 2000678926 ns, Reaching safepoint: 92354 ns, At safepoint: 7711 ns, Total: 100065 ns
[2020-02-27T09:50:54.728+0000][1][safepoint    ] Safepoint "RevokeBias", Time since last: 516202471 ns, Reaching safepoint: 74292 ns, At safepoint: 18691 ns, Total: 92983 ns
[2020-02-27T09:50:55.729+0000][1][safepoint    ] Safepoint "Cleanup", Time since last: 1000871611 ns, Reaching safepoint: 87808 ns, At safepoint: 7572 ns, Total: 95380 ns
[2020-02-27T09:50:57.239+0000][1][safepoint    ] Safepoint "RevokeBias", Time since last: 1509273213 ns, Reaching safepoint: 74428 ns, At safepoint: 18061 ns, Total: 92489 ns
[2020-02-27T09:50:59.753+0000][1][safepoint    ] Safepoint "RevokeBias", Time since last: 2513858044 ns, Reaching safepoint: 207585 ns, At safepoint: 54319 ns, Total: 261904 ns
[2020-02-27T09:51:02.263+0000][1][safepoint    ] Safepoint "RevokeBias", Time since last: 2510357375 ns, Reaching safepoint: 76019 ns, At safepoint: 18673 ns, Total: 94692 ns
[2020-02-27T09:51:04.766+0000][1][safepoint    ] Safepoint "RevokeBias", Time since last: 2502780734 ns, Reaching safepoint: 79201 ns, At safepoint: 21276 ns, Total: 100477 ns
[2020-02-27T09:51:07.271+0000][1][safepoint    ] Safepoint "RevokeBias", Time since last: 2504458600 ns, Reaching safepoint: 73319 ns, At safepoint: 17538 ns, Total: 90857 ns
[2020-02-27T09:51:09.774+0000][1][safepoint    ] Safepoint "RevokeBias", Time since last: 2503441037 ns, Reaching safepoint: 77708 ns, At safepoint: 18966 ns, Total: 96674 ns
[2020-02-27T09:51:12.279+0000][1][safepoint    ] Safepoint "RevokeBias", Time since last: 2504691975 ns, Reaching safepoint: 75558 ns, At safepoint: 18665 ns, Total: 94223 ns
[2020-02-27T09:51:14.782+0000][1][safepoint    ] Safepoint "RevokeBias", Time since last: 2503296858 ns, Reaching safepoint: 75423 ns, At safepoint: 19037 ns, Total: 94460 ns
[2020-02-27T09:51:17.287+0000][1][safepoint    ] Safepoint "RevokeBias", Time since last: 2504854822 ns, Reaching safepoint: 85233 ns, At safepoint: 20833 ns, Total: 106066 ns
[2020-02-27T09:51:19.793+0000][1][safepoint    ] Safepoint "RevokeBias", Time since last: 2505297523 ns, Reaching safepoint: 97487 ns, At safepoint: 20214 ns, Total: 117701 ns
[2020-02-27T09:51:22.298+0000][1][safepoint    ] Safepoint "RevokeBias", Time since last: 2505081724 ns, Reaching safepoint: 81116 ns, At safepoint: 18973 ns, Total: 100089 ns
[2020-02-27T09:51:24.299+0000][1][safepoint    ] Safepoint "Cleanup", Time since last: 2000608228 ns, Reaching safepoint: 88660 ns, At safepoint: 7370 ns, Total: 96030 ns
[2020-02-27T09:51:24.801+0000][1][safepoint    ] Safepoint "RevokeBias", Time since last: 502158231 ns, Reaching safepoint: 75070 ns, At safepoint: 70452 ns, Total: 145522 ns
[2020-02-27T09:51:27.061+0000][1][gc,start     ] GC(169) Pause Young (Allocation Failure)
[2020-02-27T09:51:27.061+0000][1][gc,task      ] GC(169) Using 1 workers of 1 for evacuation
[2020-02-27T09:51:27.079+0000][1][gc,age       ] GC(169) Desired survivor size 4358144 bytes, new threshold 6 (max threshold 6)
[2020-02-27T09:51:27.079+0000][1][gc,age       ] GC(169) Age table with threshold 6 (max threshold 6)
[2020-02-27T09:51:27.079+0000][1][gc,age       ] GC(169) - age   1:      12000 bytes,      12000 total
[2020-02-27T09:51:27.079+0000][1][gc,age       ] GC(169) - age   2:        696 bytes,      12696 total
[2020-02-27T09:51:27.079+0000][1][gc,age       ] GC(169) - age   5:         32 bytes,      12728 total
[2020-02-27T09:51:27.079+0000][1][gc,heap      ] GC(169) ParNew: 68184K->20K(76672K)
[2020-02-27T09:51:27.079+0000][1][gc,heap      ] GC(169) CMS: 62523K->62523K(963392K)
[2020-02-27T09:51:27.079+0000][1][gc,metaspace ] GC(169) Metaspace: 80610K->80610K(1124352K)
[2020-02-27T09:51:27.079+0000][1][gc           ] GC(169) Pause Young (Allocation Failure) 127M->61M(1015M) 18.154ms
[2020-02-27T09:51:27.079+0000][1][gc,cpu       ] GC(169) User=0.01s Sys=0.00s Real=0.02s
[2020-02-27T09:51:27.079+0000][1][safepoint    ] Safepoint "GenCollectForAllocation", Time since last: 2259581068 ns, Reaching safepoint: 100531 ns, At safepoint: 18230050 ns, Total: 18330581 ns
[2020-02-27T09:51:27.307+0000][1][safepoint    ] Safepoint "RevokeBias", Time since last: 227647630 ns, Reaching safepoint: 75561 ns, At safepoint: 18824 ns, Total: 94385 ns
[2020-02-27T09:51:29.813+0000][1][safepoint    ] Safepoint "RevokeBias", Time since last: 2505776156 ns, Reaching safepoint: 98746 ns, At safepoint: 22979 ns, Total: 121725 ns
[2020-02-27T09:51:32.318+0000][1][safepoint    ] Safepoint "RevokeBias", Time since last: 2504852783 ns, Reaching safepoint: 98606 ns, At safepoint: 38969 ns, Total: 137575 ns
[2020-02-27T09:51:34.821+0000][1][safepoint    ] Safepoint "RevokeBias", Time since last: 2503243518 ns, Reaching safepoint: 74038 ns, At safepoint: 18157 ns, Total: 92195 ns
[2020-02-27T09:51:37.326+0000][1][safepoint    ] Safepoint "RevokeBias", Time since last: 2504560900 ns, Reaching safepoint: 76595 ns, At safepoint: 18563 ns, Total: 95158 ns
[2020-02-27T09:51:39.832+0000][1][safepoint    ] Safepoint "RevokeBias", Time since last: 2506485269 ns, Reaching safepoint: 82976 ns, At safepoint: 20421 ns, Total: 103397 ns
[2020-02-27T09:51:42.337+0000][1][safepoint    ] Safepoint "RevokeBias", Time since last: 2505003712 ns, Reaching safepoint: 74192 ns, At safepoint: 18353 ns, Total: 92545 ns
[2020-02-27T09:51:44.839+0000][1][safepoint    ] Safepoint "BulkRevokeBias", Time since last: 2501416051 ns, Reaching safepoint: 61493 ns, At safepoint: 204835 ns, Total: 266328 ns
[2020-02-27T09:51:47.342+0000][1][safepoint    ] Safepoint "RevokeBias", Time since last: 2503237241 ns, Reaching safepoint: 73578 ns, At safepoint: 17623 ns, Total: 91201 ns
[2020-02-27T09:51:49.846+0000][1][safepoint    ] Safepoint "RevokeBias", Time since last: 2503585093 ns, Reaching safepoint: 75253 ns, At safepoint: 18569 ns, Total: 93822 ns
[2020-02-27T09:51:52.355+0000][1][safepoint    ] Safepoint "RevokeBias", Time since last: 2508495994 ns, Reaching safepoint: 76916 ns, At safepoint: 18653 ns, Total: 95569 ns
[2020-02-27T09:51:54.863+0000][1][safepoint    ] Safepoint "RevokeBias", Time since last: 2508268733 ns, Reaching safepoint: 73974 ns, At safepoint: 17602 ns, Total: 91576 ns
[2020-02-27T09:51:57.377+0000][1][safepoint    ] Safepoint "RevokeBias", Time since last: 2513568905 ns, Reaching safepoint: 82671 ns, At safepoint: 18962 ns, Total: 101633 ns
[2020-02-27T09:51:59.889+0000][1][safepoint    ] Safepoint "RevokeBias", Time since last: 2511961993 ns, Reaching safepoint: 133594 ns, At safepoint: 24311 ns, Total: 157905 ns
[2020-02-27T09:52:02.408+0000][1][safepoint    ] Safepoint "RevokeBias", Time since last: 2518568461 ns, Reaching safepoint: 77031 ns, At safepoint: 88932 ns, Total: 165963 ns
[2020-02-27T09:52:04.918+0000][1][safepoint    ] Safepoint "RevokeBias", Time since last: 2510337401 ns, Reaching safepoint: 136716 ns, At safepoint: 45547 ns, Total: 182263 ns
[2020-02-27T09:52:07.439+0000][1][safepoint    ] Safepoint "RevokeBias", Time since last: 2514138681 ns, Reaching safepoint: 6878669 ns, At safepoint: 26092 ns, Total: 6904761 ns
[2020-02-27T09:52:09.944+0000][1][safepoint    ] Safepoint "RevokeBias", Time since last: 2504544124 ns, Reaching safepoint: 92288 ns, At safepoint: 18155 ns, Total: 110443 ns
[2020-02-27T09:52:12.448+0000][1][safepoint    ] Safepoint "RevokeBias", Time since last: 2503949295 ns, Reaching safepoint: 74195 ns, At safepoint: 18222 ns, Total: 92417 ns
[2020-02-27T09:52:14.951+0000][1][safepoint    ] Safepoint "RevokeBias", Time since last: 2503397170 ns, Reaching safepoint: 109775 ns, At safepoint: 28307 ns, Total: 138082 ns
[2020-02-27T09:52:17.455+0000][1][safepoint    ] Safepoint "RevokeBias", Time since last: 2503583268 ns, Reaching safepoint: 75196 ns, At safepoint: 18244 ns, Total: 93440 ns
[2020-02-27T09:52:19.967+0000][1][safepoint    ] Safepoint "RevokeBias", Time since last: 2510478955 ns, Reaching safepoint: 1578028 ns, At safepoint: 26381 ns, Total: 1604409 ns
[2020-02-27T09:52:22.470+0000][1][safepoint    ] Safepoint "RevokeBias", Time since last: 2502612299 ns, Reaching safepoint: 117683 ns, At safepoint: 17637 ns, Total: 135320 ns
[2020-02-27T09:52:24.972+0000][1][safepoint    ] Safepoint "RevokeBias", Time since last: 2502630523 ns, Reaching safepoint: 74786 ns, At safepoint: 18554 ns, Total: 93340 ns
[2020-02-27T09:52:27.478+0000][1][safepoint    ] Safepoint "RevokeBias", Time since last: 2505056503 ns, Reaching safepoint: 75734 ns, At safepoint: 17982 ns, Total: 93716 ns
[2020-02-27T09:52:29.983+0000][1][safepoint    ] Safepoint "RevokeBias", Time since last: 2505752077 ns, Reaching safepoint: 72193 ns, At safepoint: 17882 ns, Total: 90075 ns
[2020-02-27T09:52:32.488+0000][1][safepoint    ] Safepoint "RevokeBias", Time since last: 2504033538 ns, Reaching safepoint: 80527 ns, At safepoint: 18307 ns, Total: 98834 ns
[2020-02-27T09:52:34.992+0000][1][safepoint    ] Safepoint "RevokeBias", Time since last: 2504288819 ns, Reaching safepoint: 74773 ns, At safepoint: 18542 ns, Total: 93315 ns
[2020-02-27T09:52:37.497+0000][1][safepoint    ] Safepoint "RevokeBias", Time since last: 2504781040 ns, Reaching safepoint: 77090 ns, At safepoint: 18164 ns, Total: 95254 ns
[2020-02-27T09:52:40.014+0000][1][safepoint    ] Safepoint "RevokeBias", Time since last: 2517410738 ns, Reaching safepoint: 116377 ns, At safepoint: 28237 ns, Total: 144614 ns
[2020-02-27T09:52:42.528+0000][1][safepoint    ] Safepoint "RevokeBias", Time since last: 2513886713 ns, Reaching safepoint: 106237 ns, At safepoint: 19051 ns, Total: 125288 ns
[2020-02-27T09:52:45.042+0000][1][safepoint    ] Safepoint "RevokeBias", Time since last: 2513088274 ns, Reaching safepoint: 77360 ns, At safepoint: 18351 ns, Total: 95711 ns
[2020-02-27T09:52:47.549+0000][1][safepoint    ] Safepoint "RevokeBias", Time since last: 2507364273 ns, Reaching safepoint: 165906 ns, At safepoint: 32131 ns, Total: 198037 ns
[2020-02-27T09:52:50.071+0000][1][safepoint    ] Safepoint "RevokeBias", Time since last: 2517924492 ns, Reaching safepoint: 4379072 ns, At safepoint: 25200 ns, Total: 4404272 ns
[2020-02-27T09:52:52.577+0000][1][safepoint    ] Safepoint "RevokeBias", Time since last: 2505073093 ns, Reaching safepoint: 107097 ns, At safepoint: 30474 ns, Total: 137571 ns
[2020-02-27T09:52:55.090+0000][1][safepoint    ] Safepoint "RevokeBias", Time since last: 2512961486 ns, Reaching safepoint: 177603 ns, At safepoint: 23856 ns, Total: 201459 ns
[2020-02-27T09:52:57.601+0000][1][safepoint    ] Safepoint "BulkRevokeBias", Time since last: 2510182273 ns, Reaching safepoint: 135069 ns, At safepoint: 479514 ns, Total: 614583 ns
[2020-02-27T09:53:00.118+0000][1][safepoint    ] Safepoint "RevokeBias", Time since last: 2517413932 ns, Reaching safepoint: 58505 ns, At safepoint: 17265 ns, Total: 75770 ns
[2020-02-27T09:53:02.628+0000][1][safepoint    ] Safepoint "RevokeBias", Time since last: 2510052367 ns, Reaching safepoint: 91439 ns, At safepoint: 25352 ns, Total: 116791 ns
[2020-02-27T09:53:05.132+0000][1][safepoint    ] Safepoint "RevokeBias", Time since last: 2503385643 ns, Reaching safepoint: 92511 ns, At safepoint: 19446 ns, Total: 111957 ns
[2020-02-27T09:53:07.637+0000][1][safepoint    ] Safepoint "RevokeBias", Time since last: 2504837039 ns, Reaching safepoint: 55590 ns, At safepoint: 16290 ns, Total: 71880 ns
[2020-02-27T09:53:10.142+0000][1][safepoint    ] Safepoint "RevokeBias", Time since last: 2505089365 ns, Reaching safepoint: 73676 ns, At safepoint: 18394 ns, Total: 92070 ns
[2020-02-27T09:53:12.646+0000][1][safepoint    ] Safepoint "RevokeBias", Time since last: 2504128244 ns, Reaching safepoint: 73238 ns, At safepoint: 18213 ns, Total: 91451 ns
[2020-02-27T09:53:15.148+0000][1][safepoint    ] Safepoint "RevokeBias", Time since last: 2502031001 ns, Reaching safepoint: 160087 ns, At safepoint: 30064 ns, Total: 190151 ns
[2020-02-27T09:53:17.651+0000][1][safepoint    ] Safepoint "RevokeBias", Time since last: 2502651982 ns, Reaching safepoint: 76411 ns, At safepoint: 18435 ns, Total: 94846 ns
[2020-02-27T09:53:20.155+0000][1][safepoint    ] Safepoint "RevokeBias", Time since last: 2503391898 ns, Reaching safepoint: 110799 ns, At safepoint: 28493 ns, Total: 139292 ns
[2020-02-27T09:53:22.660+0000][1][safepoint    ] Safepoint "RevokeBias", Time since last: 2504963606 ns, Reaching safepoint: 72465 ns, At safepoint: 79188 ns, Total: 151653 ns
[2020-02-27T09:53:25.163+0000][1][safepoint    ] Safepoint "RevokeBias", Time since last: 2503366852 ns, Reaching safepoint: 96342 ns, At safepoint: 22011 ns, Total: 118353 ns
[2020-02-27T09:53:27.669+0000][1][safepoint    ] Safepoint "RevokeBias", Time since last: 2506051490 ns, Reaching safepoint: 72356 ns, At safepoint: 16966 ns, Total: 89322 ns
[2020-02-27T09:53:30.175+0000][1][safepoint    ] Safepoint "RevokeBias", Time since last: 2505842429 ns, Reaching safepoint: 91537 ns, At safepoint: 23125 ns, Total: 114662 ns
[2020-02-27T09:53:32.679+0000][1][safepoint    ] Safepoint "RevokeBias", Time since last: 2503158054 ns, Reaching safepoint: 142843 ns, At safepoint: 20914 ns, Total: 163757 ns
[2020-02-27T09:53:35.181+0000][1][safepoint    ] Safepoint "RevokeBias", Time since last: 2502280396 ns, Reaching safepoint: 90125 ns, At safepoint: 21056 ns, Total: 111181 ns
[2020-02-27T09:53:37.685+0000][1][safepoint    ] Safepoint "RevokeBias", Time since last: 2503801950 ns, Reaching safepoint: 124429 ns, At safepoint: 18865 ns, Total: 143294 ns
[2020-02-27T09:53:40.191+0000][1][safepoint    ] Safepoint "RevokeBias", Time since last: 2505409055 ns, Reaching safepoint: 138853 ns, At safepoint: 25968 ns, Total: 164821 ns
[2020-02-27T09:53:42.696+0000][1][safepoint    ] Safepoint "RevokeBias", Time since last: 2505760797 ns, Reaching safepoint: 55022 ns, At safepoint: 16011 ns, Total: 71033 ns
[2020-02-27T09:53:45.199+0000][1][safepoint    ] Safepoint "RevokeBias", Time since last: 2502767265 ns, Reaching safepoint: 123737 ns, At safepoint: 24817 ns, Total: 148554 ns
[2020-02-27T09:53:47.173+0000][1][gc,start     ] GC(170) Pause Young (Allocation Failure)
[2020-02-27T09:53:47.173+0000][1][gc,task      ] GC(170) Using 1 workers of 1 for evacuation
[2020-02-27T09:53:47.200+0000][1][gc,age       ] GC(170) Desired survivor size 4358144 bytes, new threshold 6 (max threshold 6)
[2020-02-27T09:53:47.200+0000][1][gc,age       ] GC(170) Age table with threshold 6 (max threshold 6)
[2020-02-27T09:53:47.200+0000][1][gc,age       ] GC(170) - age   1:      11696 bytes,      11696 total
[2020-02-27T09:53:47.200+0000][1][gc,age       ] GC(170) - age   2:       1304 bytes,      13000 total
[2020-02-27T09:53:47.200+0000][1][gc,age       ] GC(170) - age   3:        696 bytes,      13696 total
[2020-02-27T09:53:47.200+0000][1][gc,age       ] GC(170) - age   6:         32 bytes,      13728 total
[2020-02-27T09:53:47.200+0000][1][gc,heap      ] GC(170) ParNew: 68180K->23K(76672K)
[2020-02-27T09:53:47.200+0000][1][gc,heap      ] GC(170) CMS: 62523K->62523K(963392K)
[2020-02-27T09:53:47.200+0000][1][gc,metaspace ] GC(170) Metaspace: 80610K->80610K(1124352K)
[2020-02-27T09:53:47.200+0000][1][gc           ] GC(170) Pause Young (Allocation Failure) 127M->61M(1015M) 27.830ms
[2020-02-27T09:53:47.200+0000][1][gc,cpu       ] GC(170) User=0.01s Sys=0.00s Real=0.02s
[2020-02-27T09:53:47.201+0000][1][safepoint    ] Safepoint "GenCollectForAllocation", Time since last: 1973218513 ns, Reaching safepoint: 108101 ns, At safepoint: 27907457 ns, Total: 28015558 ns
[2020-02-27T09:53:47.734+0000][1][safepoint    ] Safepoint "RevokeBias", Time since last: 533283934 ns, Reaching safepoint: 87476 ns, At safepoint: 24321 ns, Total: 111797 ns
[2020-02-27T09:53:50.246+0000][1][safepoint    ] Safepoint "RevokeBias", Time since last: 2512205378 ns, Reaching safepoint: 107816 ns, At safepoint: 28322 ns, Total: 136138 ns
[2020-02-27T09:53:52.795+0000][1][safepoint    ] Safepoint "RevokeBias", Time since last: 2548195729 ns, Reaching safepoint: 138251 ns, At safepoint: 30556 ns, Total: 168807 ns
[2020-02-27T09:53:55.303+0000][1][safepoint    ] Safepoint "RevokeBias", Time since last: 2508375341 ns, Reaching safepoint: 126166 ns, At safepoint: 51702 ns, Total: 177868 ns
[2020-02-27T09:53:57.809+0000][1][safepoint    ] Safepoint "RevokeBias", Time since last: 2505789562 ns, Reaching safepoint: 74223 ns, At safepoint: 18142 ns, Total: 92365 ns
[2020-02-27T09:54:00.314+0000][1][safepoint    ] Safepoint "RevokeBias", Time since last: 2505277854 ns, Reaching safepoint: 74518 ns, At safepoint: 18123 ns, Total: 92641 ns
[2020-02-27T09:54:02.818+0000][1][safepoint    ] Safepoint "RevokeBias", Time since last: 2503575639 ns, Reaching safepoint: 73584 ns, At safepoint: 17181 ns, Total: 90765 ns
[2020-02-27T09:54:05.321+0000][1][safepoint    ] Safepoint "RevokeBias", Time since last: 2502962002 ns, Reaching safepoint: 93918 ns, At safepoint: 23310 ns, Total: 117228 ns
[2020-02-27T09:54:07.828+0000][1][safepoint    ] Safepoint "RevokeBias", Time since last: 2506378100 ns, Reaching safepoint: 87931 ns, At safepoint: 21548 ns, Total: 109479 ns
[2020-02-27T09:54:10.351+0000][1][safepoint    ] Safepoint "BulkRevokeBias", Time since last: 2523227587 ns, Reaching safepoint: 78980 ns, At safepoint: 234318 ns, Total: 313298 ns
[2020-02-27T09:54:12.862+0000][1][safepoint    ] Safepoint "RevokeBias", Time since last: 2511079086 ns, Reaching safepoint: 78586 ns, At safepoint: 19345 ns, Total: 97931 ns
[2020-02-27T09:54:15.375+0000][1][safepoint    ] Safepoint "RevokeBias", Time since last: 2512651594 ns, Reaching safepoint: 122677 ns, At safepoint: 217815 ns, Total: 340492 ns
[2020-02-27T09:54:17.885+0000][1][safepoint    ] Safepoint "RevokeBias", Time since last: 2508978507 ns, Reaching safepoint: 196852 ns, At safepoint: 40182 ns, Total: 237034 ns
[2020-02-27T09:54:20.397+0000][1][safepoint    ] Safepoint "RevokeBias", Time since last: 2512044296 ns, Reaching safepoint: 92452 ns, At safepoint: 21471 ns, Total: 113923 ns
[2020-02-27T09:54:22.906+0000][1][safepoint    ] Safepoint "RevokeBias", Time since last: 2509376827 ns, Reaching safepoint: 95273 ns, At safepoint: 24089 ns, Total: 119362 ns
[2020-02-27T09:54:25.429+0000][1][safepoint    ] Safepoint "RevokeBias", Time since last: 2523014861 ns, Reaching safepoint: 208998 ns, At safepoint: 31016 ns, Total: 240014 ns
[2020-02-27T09:54:27.946+0000][1][safepoint    ] Safepoint "RevokeBias", Time since last: 2516824559 ns, Reaching safepoint: 75171 ns, At safepoint: 18246 ns, Total: 93417 ns
[2020-02-27T09:54:30.456+0000][1][safepoint    ] Safepoint "RevokeBias", Time since last: 2508754078 ns, Reaching safepoint: 631871 ns, At safepoint: 39747 ns, Total: 671618 ns
[2020-02-27T09:54:32.962+0000][1][safepoint    ] Safepoint "RevokeBias", Time since last: 2505930788 ns, Reaching safepoint: 63770 ns, At safepoint: 18857 ns, Total: 82627 ns
[2020-02-27T09:54:35.467+0000][1][safepoint    ] Safepoint "RevokeBias", Time since last: 2504614008 ns, Reaching safepoint: 96119 ns, At safepoint: 25722 ns, Total: 121841 ns
[2020-02-27T09:54:37.973+0000][1][safepoint    ] Safepoint "RevokeBias", Time since last: 2506536843 ns, Reaching safepoint: 82673 ns, At safepoint: 20498 ns, Total: 103171 ns
[2020-02-27T09:54:40.480+0000][1][safepoint    ] Safepoint "RevokeBias", Time since last: 2506258642 ns, Reaching safepoint: 74375 ns, At safepoint: 17983 ns, Total: 92358 ns
[2020-02-27T09:54:42.988+0000][1][safepoint    ] Safepoint "RevokeBias", Time since last: 2508261090 ns, Reaching safepoint: 105918 ns, At safepoint: 29559 ns, Total: 135477 ns
[2020-02-27T09:54:45.492+0000][1][safepoint    ] Safepoint "RevokeBias", Time since last: 2504088762 ns, Reaching safepoint: 98095 ns, At safepoint: 22391 ns, Total: 120486 ns
[2020-02-27T09:54:47.995+0000][1][safepoint    ] Safepoint "RevokeBias", Time since last: 2503092682 ns, Reaching safepoint: 164576 ns, At safepoint: 23470 ns, Total: 188046 ns
[2020-02-27T09:54:50.502+0000][1][safepoint    ] Safepoint "RevokeBias", Time since last: 2506136558 ns, Reaching safepoint: 60879 ns, At safepoint: 16975 ns, Total: 77854 ns
[2020-02-27T09:54:53.007+0000][1][safepoint    ] Safepoint "RevokeBias", Time since last: 2505342268 ns, Reaching safepoint: 75699 ns, At safepoint: 18779 ns, Total: 94478 ns
[2020-02-27T09:54:55.511+0000][1][safepoint    ] Safepoint "RevokeBias", Time since last: 2504251140 ns, Reaching safepoint: 74129 ns, At safepoint: 17824 ns, Total: 91953 ns
[2020-02-27T09:54:58.017+0000][1][safepoint    ] Safepoint "RevokeBias", Time since last: 2505081753 ns, Reaching safepoint: 76021 ns, At safepoint: 19208 ns, Total: 95229 ns
[2020-02-27T09:55:00.521+0000][1][safepoint    ] Safepoint "RevokeBias", Time since last: 2503828549 ns, Reaching safepoint: 108253 ns, At safepoint: 19935 ns, Total: 128188 ns
[2020-02-27T09:55:03.025+0000][1][safepoint    ] Safepoint "RevokeBias", Time since last: 2504323207 ns, Reaching safepoint: 74543 ns, At safepoint: 17720 ns, Total: 92263 ns
[2020-02-27T09:55:05.530+0000][1][safepoint    ] Safepoint "RevokeBias", Time since last: 2505280799 ns, Reaching safepoint: 79572 ns, At safepoint: 18948 ns, Total: 98520 ns
[2020-02-27T09:55:08.047+0000][1][safepoint    ] Safepoint "RevokeBias", Time since last: 2516110370 ns, Reaching safepoint: 106540 ns, At safepoint: 23681 ns, Total: 130221 ns
[2020-02-27T09:55:10.563+0000][1][safepoint    ] Safepoint "RevokeBias", Time since last: 2516702742 ns, Reaching safepoint: 89531 ns, At safepoint: 19709 ns, Total: 109240 ns
[2020-02-27T09:55:13.078+0000][1][safepoint    ] Safepoint "RevokeBias", Time since last: 2513998572 ns, Reaching safepoint: 87320 ns, At safepoint: 17994 ns, Total: 105314 ns
[2020-02-27T09:55:15.586+0000][1][safepoint    ] Safepoint "RevokeBias", Time since last: 2507982508 ns, Reaching safepoint: 90712 ns, At safepoint: 20900 ns, Total: 111612 ns
[2020-02-27T09:55:18.089+0000][1][safepoint    ] Safepoint "RevokeBias", Time since last: 2503424167 ns, Reaching safepoint: 72377 ns, At safepoint: 17878 ns, Total: 90255 ns
[2020-02-27T09:55:20.595+0000][1][safepoint    ] Safepoint "RevokeBias", Time since last: 2505500344 ns, Reaching safepoint: 86912 ns, At safepoint: 18520 ns, Total: 105432 ns
[2020-02-27T09:55:23.107+0000][1][safepoint    ] Safepoint "BulkRevokeBias", Time since last: 2511547971 ns, Reaching safepoint: 103613 ns, At safepoint: 419071 ns, Total: 522684 ns
[2020-02-27T09:55:25.610+0000][1][safepoint    ] Safepoint "RevokeBias", Time since last: 2503354552 ns, Reaching safepoint: 74319 ns, At safepoint: 17863 ns, Total: 92182 ns
[2020-02-27T09:55:28.116+0000][1][safepoint    ] Safepoint "RevokeBias", Time since last: 2505459137 ns, Reaching safepoint: 75746 ns, At safepoint: 18028 ns, Total: 93774 ns
[2020-02-27T09:55:30.663+0000][1][safepoint    ] Safepoint "RevokeBias", Time since last: 2546988928 ns, Reaching safepoint: 101094 ns, At safepoint: 26572 ns, Total: 127666 ns
[2020-02-27T09:55:33.167+0000][1][safepoint    ] Safepoint "RevokeBias", Time since last: 2504398464 ns, Reaching safepoint: 79638 ns, At safepoint: 19444 ns, Total: 99082 ns
[2020-02-27T09:55:35.671+0000][1][safepoint    ] Safepoint "RevokeBias", Time since last: 2503236147 ns, Reaching safepoint: 91934 ns, At safepoint: 34694 ns, Total: 126628 ns
[2020-02-27T09:55:38.177+0000][1][safepoint    ] Safepoint "RevokeBias", Time since last: 2506349708 ns, Reaching safepoint: 96829 ns, At safepoint: 25146 ns, Total: 121975 ns
[2020-02-27T09:55:40.684+0000][1][safepoint    ] Safepoint "RevokeBias", Time since last: 2506207233 ns, Reaching safepoint: 81668 ns, At safepoint: 19904 ns, Total: 101572 ns
[2020-02-27T09:55:43.187+0000][1][safepoint    ] Safepoint "RevokeBias", Time since last: 2503708274 ns, Reaching safepoint: 92382 ns, At safepoint: 17977 ns, Total: 110359 ns
[2020-02-27T09:55:45.700+0000][1][safepoint    ] Safepoint "RevokeBias", Time since last: 2512858067 ns, Reaching safepoint: 135273 ns, At safepoint: 36457 ns, Total: 171730 ns
[2020-02-27T09:55:48.207+0000][1][safepoint    ] Safepoint "RevokeBias", Time since last: 2506245981 ns, Reaching safepoint: 176556 ns, At safepoint: 38610 ns, Total: 215166 ns
[2020-02-27T09:55:50.722+0000][1][safepoint    ] Safepoint "RevokeBias", Time since last: 2514659601 ns, Reaching safepoint: 75629 ns, At safepoint: 17838 ns, Total: 93467 ns
[2020-02-27T09:55:53.236+0000][1][safepoint    ] Safepoint "RevokeBias", Time since last: 2513920323 ns, Reaching safepoint: 97285 ns, At safepoint: 24772 ns, Total: 122057 ns
[2020-02-27T09:55:55.748+0000][1][safepoint    ] Safepoint "RevokeBias", Time since last: 2512408554 ns, Reaching safepoint: 76307 ns, At safepoint: 18068 ns, Total: 94375 ns
[2020-02-27T09:55:58.258+0000][1][safepoint    ] Safepoint "RevokeBias", Time since last: 2509230199 ns, Reaching safepoint: 74186 ns, At safepoint: 17451 ns, Total: 91637 ns
[2020-02-27T09:56:00.773+0000][1][safepoint    ] Safepoint "RevokeBias", Time since last: 2515800896 ns, Reaching safepoint: 123502 ns, At safepoint: 26169 ns, Total: 149671 ns
[2020-02-27T09:56:03.281+0000][1][gc,start     ] GC(171) Pause Young (Allocation Failure)
[2020-02-27T09:56:03.281+0000][1][gc,task      ] GC(171) Using 1 workers of 1 for evacuation
[2020-02-27T09:56:03.293+0000][1][gc,age       ] GC(171) Desired survivor size 4358144 bytes, new threshold 6 (max threshold 6)
[2020-02-27T09:56:03.293+0000][1][gc,age       ] GC(171) Age table with threshold 6 (max threshold 6)
[2020-02-27T09:56:03.293+0000][1][gc,age       ] GC(171) - age   1:      13888 bytes,      13888 total
[2020-02-27T09:56:03.293+0000][1][gc,age       ] GC(171) - age   2:         64 bytes,      13952 total
[2020-02-27T09:56:03.293+0000][1][gc,age       ] GC(171) - age   3:       1304 bytes,      15256 total
[2020-02-27T09:56:03.293+0000][1][gc,age       ] GC(171) - age   4:        696 bytes,      15952 total
[2020-02-27T09:56:03.293+0000][1][gc,heap      ] GC(171) ParNew: 68183K->16K(76672K)
[2020-02-27T09:56:03.293+0000][1][gc,heap      ] GC(171) CMS: 62523K->62523K(963392K)
[2020-02-27T09:56:03.293+0000][1][gc,metaspace ] GC(171) Metaspace: 80610K->80610K(1124352K)
[2020-02-27T09:56:03.293+0000][1][gc           ] GC(171) Pause Young (Allocation Failure) 127M->61M(1015M) 12.309ms
[2020-02-27T09:56:03.293+0000][1][gc,cpu       ] GC(171) User=0.01s Sys=0.00s Real=0.02s
[2020-02-27T09:56:03.293+0000][1][safepoint    ] Safepoint "GenCollectForAllocation", Time since last: 2507493364 ns, Reaching safepoint: 78128 ns, At safepoint: 12362180 ns, Total: 12440308 ns
[2020-02-27T09:56:03.294+0000][1][safepoint    ] Safepoint "RevokeBias", Time since last: 981075 ns, Reaching safepoint: 67572 ns, At safepoint: 16062 ns, Total: 83634 ns
[2020-02-27T09:56:05.812+0000][1][safepoint    ] Safepoint "RevokeBias", Time since last: 2517701198 ns, Reaching safepoint: 75670 ns, At safepoint: 18173 ns, Total: 93843 ns
[2020-02-27T09:56:08.324+0000][1][safepoint    ] Safepoint "RevokeBias", Time since last: 2511464274 ns, Reaching safepoint: 92301 ns, At safepoint: 17092 ns, Total: 109393 ns
[2020-02-27T09:56:10.844+0000][1][safepoint    ] Safepoint "RevokeBias", Time since last: 2520347797 ns, Reaching safepoint: 56916 ns, At safepoint: 16140 ns, Total: 73056 ns
[2020-02-27T09:56:13.355+0000][1][safepoint    ] Safepoint "RevokeBias", Time since last: 2510293995 ns, Reaching safepoint: 118906 ns, At safepoint: 24571 ns, Total: 143477 ns
[2020-02-27T09:56:15.864+0000][1][safepoint    ] Safepoint "RevokeBias", Time since last: 2508628368 ns, Reaching safepoint: 217708 ns, At safepoint: 46812 ns, Total: 264520 ns
[2020-02-27T09:56:18.376+0000][1][safepoint    ] Safepoint "RevokeBias", Time since last: 2512742785 ns, Reaching safepoint: 127510 ns, At safepoint: 33932 ns, Total: 161442 ns
[2020-02-27T09:56:20.882+0000][1][safepoint    ] Safepoint "RevokeBias", Time since last: 2505018096 ns, Reaching safepoint: 74829 ns, At safepoint: 18011 ns, Total: 92840 ns
[2020-02-27T09:56:23.387+0000][1][safepoint    ] Safepoint "RevokeBias", Time since last: 2505499852 ns, Reaching safepoint: 78405 ns, At safepoint: 18936 ns, Total: 97341 ns
[2020-02-27T09:56:25.889+0000][1][safepoint    ] Safepoint "RevokeBias", Time since last: 2501904520 ns, Reaching safepoint: 73779 ns, At safepoint: 17419 ns, Total: 91198 ns
[2020-02-27T09:56:28.393+0000][1][safepoint    ] Safepoint "RevokeBias", Time since last: 2503466679 ns, Reaching safepoint: 132069 ns, At safepoint: 46783 ns, Total: 178852 ns
[2020-02-27T09:56:30.899+0000][1][safepoint    ] Safepoint "RevokeBias", Time since last: 2506196281 ns, Reaching safepoint: 78500 ns, At safepoint: 18159 ns, Total: 96659 ns
[2020-02-27T09:56:33.407+0000][1][safepoint    ] Safepoint "RevokeBias", Time since last: 2507367176 ns, Reaching safepoint: 74072 ns, At safepoint: 18888 ns, Total: 92960 ns
[2020-02-27T09:56:35.910+0000][1][safepoint    ] Safepoint "BulkRevokeBias", Time since last: 2503018272 ns, Reaching safepoint: 72661 ns, At safepoint: 211606 ns, Total: 284267 ns
[2020-02-27T09:56:38.417+0000][1][safepoint    ] Safepoint "RevokeBias", Time since last: 2506578245 ns, Reaching safepoint: 95616 ns, At safepoint: 21249 ns, Total: 116865 ns
[2020-02-27T09:56:40.923+0000][1][safepoint    ] Safepoint "RevokeBias", Time since last: 2506016008 ns, Reaching safepoint: 99022 ns, At safepoint: 20452 ns, Total: 119474 ns
[2020-02-27T09:56:43.426+0000][1][safepoint    ] Safepoint "RevokeBias", Time since last: 2503505779 ns, Reaching safepoint: 91451 ns, At safepoint: 21028 ns, Total: 112479 ns
[2020-02-27T09:56:45.930+0000][1][safepoint    ] Safepoint "RevokeBias", Time since last: 2503124566 ns, Reaching safepoint: 185822 ns, At safepoint: 20685 ns, Total: 206507 ns
[2020-02-27T09:56:48.433+0000][1][safepoint    ] Safepoint "RevokeBias", Time since last: 2503197015 ns, Reaching safepoint: 74602 ns, At safepoint: 18486 ns, Total: 93088 ns
[2020-02-27T09:56:50.939+0000][1][safepoint    ] Safepoint "RevokeBias", Time since last: 2505458185 ns, Reaching safepoint: 107192 ns, At safepoint: 20862 ns, Total: 128054 ns
[2020-02-27T09:56:53.443+0000][1][safepoint    ] Safepoint "RevokeBias", Time since last: 2504551492 ns, Reaching safepoint: 111633 ns, At safepoint: 34809 ns, Total: 146442 ns
[2020-02-27T09:56:55.948+0000][1][safepoint    ] Safepoint "RevokeBias", Time since last: 2504240177 ns, Reaching safepoint: 73719 ns, At safepoint: 17700 ns, Total: 91419 ns
[2020-02-27T09:56:58.453+0000][1][safepoint    ] Safepoint "RevokeBias", Time since last: 2504940814 ns, Reaching safepoint: 74759 ns, At safepoint: 82777 ns, Total: 157536 ns
[2020-02-27T09:57:00.959+0000][1][safepoint    ] Safepoint "RevokeBias", Time since last: 2505841334 ns, Reaching safepoint: 93281 ns, At safepoint: 18020 ns, Total: 111301 ns
[2020-02-27T09:57:03.462+0000][1][safepoint    ] Safepoint "RevokeBias", Time since last: 2503529305 ns, Reaching safepoint: 73278 ns, At safepoint: 18211 ns, Total: 91489 ns
[2020-02-27T09:57:05.966+0000][1][safepoint    ] Safepoint "RevokeBias", Time since last: 2503382300 ns, Reaching safepoint: 76891 ns, At safepoint: 18886 ns, Total: 95777 ns
[2020-02-27T09:57:08.471+0000][1][safepoint    ] Safepoint "RevokeBias", Time since last: 2505635476 ns, Reaching safepoint: 76956 ns, At safepoint: 18501 ns, Total: 95457 ns
[2020-02-27T09:57:10.976+0000][1][safepoint    ] Safepoint "RevokeBias", Time since last: 2504170636 ns, Reaching safepoint: 116405 ns, At safepoint: 29597 ns, Total: 146002 ns
[2020-02-27T09:57:13.482+0000][1][safepoint    ] Safepoint "RevokeBias", Time since last: 2506046857 ns, Reaching safepoint: 93856 ns, At safepoint: 22321 ns, Total: 116177 ns
[2020-02-27T09:57:15.984+0000][1][safepoint    ] Safepoint "RevokeBias", Time since last: 2501911674 ns, Reaching safepoint: 182614 ns, At safepoint: 21877 ns, Total: 204491 ns
[2020-02-27T09:57:18.493+0000][1][safepoint    ] Safepoint "RevokeBias", Time since last: 2509039974 ns, Reaching safepoint: 74494 ns, At safepoint: 18399 ns, Total: 92893 ns
[2020-02-27T09:57:21.013+0000][1][safepoint    ] Safepoint "RevokeBias", Time since last: 2519989308 ns, Reaching safepoint: 191363 ns, At safepoint: 21901 ns, Total: 213264 ns
[2020-02-27T09:57:23.524+0000][1][safepoint    ] Safepoint "RevokeBias", Time since last: 2510972259 ns, Reaching safepoint: 54328 ns, At safepoint: 16358 ns, Total: 70686 ns
[2020-02-27T09:57:26.033+0000][1][safepoint    ] Safepoint "RevokeBias", Time since last: 2508738956 ns, Reaching safepoint: 75606 ns, At safepoint: 18353 ns, Total: 93959 ns
[2020-02-27T09:57:28.545+0000][1][safepoint    ] Safepoint "RevokeBias", Time since last: 2511720934 ns, Reaching safepoint: 75048 ns, At safepoint: 18003 ns, Total: 93051 ns
[2020-02-27T09:57:31.057+0000][1][safepoint    ] Safepoint "RevokeBias", Time since last: 2511773098 ns, Reaching safepoint: 75793 ns, At safepoint: 18272 ns, Total: 94065 ns
[2020-02-27T09:57:33.568+0000][1][safepoint    ] Safepoint "RevokeBias", Time since last: 2511435927 ns, Reaching safepoint: 75383 ns, At safepoint: 18049 ns, Total: 93432 ns
[2020-02-27T09:57:36.078+0000][1][safepoint    ] Safepoint "RevokeBias", Time since last: 2509732906 ns, Reaching safepoint: 75002 ns, At safepoint: 17962 ns, Total: 92964 ns
[2020-02-27T09:57:38.591+0000][1][safepoint    ] Safepoint "RevokeBias", Time since last: 2512500478 ns, Reaching safepoint: 80254 ns, At safepoint: 18719 ns, Total: 98973 ns
[2020-02-27T09:57:41.103+0000][1][safepoint    ] Safepoint "RevokeBias", Time since last: 2512400524 ns, Reaching safepoint: 73625 ns, At safepoint: 18431 ns, Total: 92056 ns
[2020-02-27T09:57:43.615+0000][1][safepoint    ] Safepoint "RevokeBias", Time since last: 2511667035 ns, Reaching safepoint: 95799 ns, At safepoint: 22450 ns, Total: 118249 ns
[2020-02-27T09:57:46.121+0000][1][safepoint    ] Safepoint "RevokeBias", Time since last: 2506123139 ns, Reaching safepoint: 72539 ns, At safepoint: 17349 ns, Total: 89888 ns
[2020-02-27T09:57:48.635+0000][1][safepoint    ] Safepoint "BulkRevokeBias", Time since last: 2513081733 ns, Reaching safepoint: 74846 ns, At safepoint: 503222 ns, Total: 578068 ns
[2020-02-27T09:57:51.142+0000][1][safepoint    ] Safepoint "RevokeBias", Time since last: 2507092931 ns, Reaching safepoint: 76470 ns, At safepoint: 18266 ns, Total: 94736 ns
[2020-02-27T09:57:53.653+0000][1][safepoint    ] Safepoint "RevokeBias", Time since last: 2511017332 ns, Reaching safepoint: 75462 ns, At safepoint: 18230 ns, Total: 93692 ns
[2020-02-27T09:57:56.163+0000][1][safepoint    ] Safepoint "RevokeBias", Time since last: 2509670354 ns, Reaching safepoint: 83470 ns, At safepoint: 20005 ns, Total: 103475 ns
[2020-02-27T09:57:58.689+0000][1][safepoint    ] Safepoint "RevokeBias", Time since last: 2526131688 ns, Reaching safepoint: 72489 ns, At safepoint: 17684 ns, Total: 90173 ns
[2020-02-27T09:58:01.199+0000][1][safepoint    ] Safepoint "RevokeBias", Time since last: 2509129124 ns, Reaching safepoint: 74585 ns, At safepoint: 18671 ns, Total: 93256 ns
[2020-02-27T09:58:03.710+0000][1][safepoint    ] Safepoint "RevokeBias", Time since last: 2511689486 ns, Reaching safepoint: 152801 ns, At safepoint: 45222 ns, Total: 198023 ns
[2020-02-27T09:58:06.218+0000][1][safepoint    ] Safepoint "RevokeBias", Time since last: 2506912395 ns, Reaching safepoint: 76074 ns, At safepoint: 126102 ns, Total: 202176 ns
[2020-02-27T09:58:08.724+0000][1][safepoint    ] Safepoint "RevokeBias", Time since last: 2506054698 ns, Reaching safepoint: 121622 ns, At safepoint: 30474 ns, Total: 152096 ns
[2020-02-27T09:58:11.230+0000][1][safepoint    ] Safepoint "RevokeBias", Time since last: 2505886505 ns, Reaching safepoint: 84037 ns, At safepoint: 21079 ns, Total: 105116 ns
[2020-02-27T09:58:13.735+0000][1][safepoint    ] Safepoint "RevokeBias", Time since last: 2505488660 ns, Reaching safepoint: 89995 ns, At safepoint: 20183 ns, Total: 110178 ns
[2020-02-27T09:58:16.239+0000][1][safepoint    ] Safepoint "RevokeBias", Time since last: 2504014894 ns, Reaching safepoint: 86701 ns, At safepoint: 21892 ns, Total: 108593 ns
[2020-02-27T09:58:18.743+0000][1][safepoint    ] Safepoint "RevokeBias", Time since last: 2502878946 ns, Reaching safepoint: 155549 ns, At safepoint: 21846 ns, Total: 177395 ns
[2020-02-27T09:58:21.246+0000][1][safepoint    ] Safepoint "RevokeBias", Time since last: 2503734918 ns, Reaching safepoint: 73596 ns, At safepoint: 17930 ns, Total: 91526 ns
[2020-02-27T09:58:22.448+0000][1][gc,start     ] GC(172) Pause Young (Allocation Failure)
[2020-02-27T09:58:22.448+0000][1][gc,task      ] GC(172) Using 1 workers of 1 for evacuation
[2020-02-27T09:58:22.460+0000][1][gc,age       ] GC(172) Desired survivor size 4358144 bytes, new threshold 6 (max threshold 6)
[2020-02-27T09:58:22.460+0000][1][gc,age       ] GC(172) Age table with threshold 6 (max threshold 6)
[2020-02-27T09:58:22.460+0000][1][gc,age       ] GC(172) - age   1:      10984 bytes,      10984 total
[2020-02-27T09:58:22.460+0000][1][gc,age       ] GC(172) - age   3:         64 bytes,      11048 total
[2020-02-27T09:58:22.460+0000][1][gc,age       ] GC(172) - age   4:       1304 bytes,      12352 total
[2020-02-27T09:58:22.460+0000][1][gc,age       ] GC(172) - age   5:        576 bytes,      12928 total
[2020-02-27T09:58:22.460+0000][1][gc,heap      ] GC(172) ParNew: 68176K->13K(76672K)
[2020-02-27T09:58:22.460+0000][1][gc,heap      ] GC(172) CMS: 62523K->62523K(963392K)
[2020-02-27T09:58:22.460+0000][1][gc,metaspace ] GC(172) Metaspace: 80610K->80610K(1124352K)
[2020-02-27T09:58:22.460+0000][1][gc           ] GC(172) Pause Young (Allocation Failure) 127M->61M(1015M) 12.783ms
[2020-02-27T09:58:22.460+0000][1][gc,cpu       ] GC(172) User=0.01s Sys=0.00s Real=0.01s
[2020-02-27T09:58:22.460+0000][1][safepoint    ] Safepoint "GenCollectForAllocation", Time since last: 1201096470 ns, Reaching safepoint: 91192 ns, At safepoint: 12870462 ns, Total: 12961654 ns
[2020-02-27T09:58:23.752+0000][1][safepoint    ] Safepoint "RevokeBias", Time since last: 1291783949 ns, Reaching safepoint: 81463 ns, At safepoint: 18527 ns, Total: 99990 ns
[2020-02-27T09:58:26.255+0000][1][safepoint    ] Safepoint "RevokeBias", Time since last: 2502795091 ns, Reaching safepoint: 80838 ns, At safepoint: 21345 ns, Total: 102183 ns
[2020-02-27T09:58:28.759+0000][1][safepoint    ] Safepoint "RevokeBias", Time since last: 2503563429 ns, Reaching safepoint: 77634 ns, At safepoint: 18810 ns, Total: 96444 ns
[2020-02-27T09:58:31.263+0000][1][safepoint    ] Safepoint "RevokeBias", Time since last: 2503753044 ns, Reaching safepoint: 75733 ns, At safepoint: 19147 ns, Total: 94880 ns
[2020-02-27T09:58:33.770+0000][1][safepoint    ] Safepoint "RevokeBias", Time since last: 2507348996 ns, Reaching safepoint: 73792 ns, At safepoint: 17313 ns, Total: 91105 ns
[2020-02-27T09:58:36.272+0000][1][safepoint    ] Safepoint "RevokeBias", Time since last: 2501667655 ns, Reaching safepoint: 82931 ns, At safepoint: 17720 ns, Total: 100651 ns
[2020-02-27T09:58:38.778+0000][1][safepoint    ] Safepoint "RevokeBias", Time since last: 2505958318 ns, Reaching safepoint: 58695 ns, At safepoint: 16353 ns, Total: 75048 ns
[2020-02-27T09:58:41.281+0000][1][safepoint    ] Safepoint "RevokeBias", Time since last: 2502852888 ns, Reaching safepoint: 75217 ns, At safepoint: 18751 ns, Total: 93968 ns
[2020-02-27T09:58:43.785+0000][1][safepoint    ] Safepoint "RevokeBias", Time since last: 2504453869 ns, Reaching safepoint: 91750 ns, At safepoint: 20698 ns, Total: 112448 ns
[2020-02-27T09:58:46.289+0000][1][safepoint    ] Safepoint "RevokeBias", Time since last: 2503776831 ns, Reaching safepoint: 78827 ns, At safepoint: 19648 ns, Total: 98475 ns
[2020-02-27T09:58:48.794+0000][1][safepoint    ] Safepoint "RevokeBias", Time since last: 2504527638 ns, Reaching safepoint: 311506 ns, At safepoint: 98797 ns, Total: 410303 ns
[2020-02-27T09:58:51.308+0000][1][safepoint    ] Safepoint "RevokeBias", Time since last: 2513852319 ns, Reaching safepoint: 91983 ns, At safepoint: 23386 ns, Total: 115369 ns
[2020-02-27T09:58:53.819+0000][1][safepoint    ] Safepoint "RevokeBias", Time since last: 2511044381 ns, Reaching safepoint: 130560 ns, At safepoint: 21168 ns, Total: 151728 ns
[2020-02-27T09:58:56.330+0000][1][safepoint    ] Safepoint "RevokeBias", Time since last: 2509962194 ns, Reaching safepoint: 73678 ns, At safepoint: 17510 ns, Total: 91188 ns
[2020-02-27T09:58:58.841+0000][1][safepoint    ] Safepoint "RevokeBias", Time since last: 2511345702 ns, Reaching safepoint: 153262 ns, At safepoint: 27360 ns, Total: 180622 ns
[2020-02-27T09:59:01.354+0000][1][safepoint    ] Safepoint "BulkRevokeBias", Time since last: 2512606013 ns, Reaching safepoint: 77531 ns, At safepoint: 190569 ns, Total: 268100 ns
[2020-02-27T09:59:03.869+0000][1][safepoint    ] Safepoint "RevokeBias", Time since last: 2514721305 ns, Reaching safepoint: 89720 ns, At safepoint: 20262 ns, Total: 109982 ns
[2020-02-27T09:59:06.380+0000][1][safepoint    ] Safepoint "RevokeBias", Time since last: 2511177718 ns, Reaching safepoint: 76670 ns, At safepoint: 17673 ns, Total: 94343 ns
[2020-02-27T09:59:08.892+0000][1][safepoint    ] Safepoint "RevokeBias", Time since last: 2511848573 ns, Reaching safepoint: 71019 ns, At safepoint: 17214 ns, Total: 88233 ns
[2020-02-27T09:59:11.411+0000][1][safepoint    ] Safepoint "RevokeBias", Time since last: 2519273328 ns, Reaching safepoint: 189791 ns, At safepoint: 31821 ns, Total: 221612 ns
[2020-02-27T09:59:13.921+0000][1][safepoint    ] Safepoint "RevokeBias", Time since last: 2509783720 ns, Reaching safepoint: 140194 ns, At safepoint: 34043 ns, Total: 174237 ns
[2020-02-27T09:59:16.425+0000][1][safepoint    ] Safepoint "RevokeBias", Time since last: 2503381921 ns, Reaching safepoint: 140523 ns, At safepoint: 52449 ns, Total: 192972 ns
[2020-02-27T09:59:18.929+0000][1][safepoint    ] Safepoint "RevokeBias", Time since last: 2503638330 ns, Reaching safepoint: 76716 ns, At safepoint: 18233 ns, Total: 94949 ns
[2020-02-27T09:59:21.433+0000][1][safepoint    ] Safepoint "RevokeBias", Time since last: 2504025270 ns, Reaching safepoint: 93747 ns, At safepoint: 24219 ns, Total: 117966 ns
[2020-02-27T09:59:23.937+0000][1][safepoint    ] Safepoint "RevokeBias", Time since last: 2504324813 ns, Reaching safepoint: 99130 ns, At safepoint: 21404 ns, Total: 120534 ns
[2020-02-27T09:59:26.442+0000][1][safepoint    ] Safepoint "RevokeBias", Time since last: 2504090583 ns, Reaching safepoint: 216417 ns, At safepoint: 68339 ns, Total: 284756 ns
[2020-02-27T09:59:28.948+0000][1][safepoint    ] Safepoint "RevokeBias", Time since last: 2506501992 ns, Reaching safepoint: 75308 ns, At safepoint: 18441 ns, Total: 93749 ns
[2020-02-27T09:59:31.452+0000][1][safepoint    ] Safepoint "RevokeBias", Time since last: 2503550670 ns, Reaching safepoint: 73878 ns, At safepoint: 18048 ns, Total: 91926 ns
[2020-02-27T09:59:33.958+0000][1][safepoint    ] Safepoint "RevokeBias", Time since last: 2506075861 ns, Reaching safepoint: 136807 ns, At safepoint: 39674 ns, Total: 176481 ns
[2020-02-27T09:59:36.462+0000][1][safepoint    ] Safepoint "RevokeBias", Time since last: 2503414824 ns, Reaching safepoint: 157245 ns, At safepoint: 131647 ns, Total: 288892 ns
[2020-02-27T09:59:38.968+0000][1][safepoint    ] Safepoint "RevokeBias", Time since last: 2506189396 ns, Reaching safepoint: 117985 ns, At safepoint: 29211 ns, Total: 147196 ns
[2020-02-27T09:59:41.474+0000][1][safepoint    ] Safepoint "RevokeBias", Time since last: 2505399439 ns, Reaching safepoint: 81890 ns, At safepoint: 19773 ns, Total: 101663 ns
[2020-02-27T09:59:43.981+0000][1][safepoint    ] Safepoint "RevokeBias", Time since last: 2506761792 ns, Reaching safepoint: 162286 ns, At safepoint: 38727 ns, Total: 201013 ns
[2020-02-27T09:59:46.492+0000][1][safepoint    ] Safepoint "RevokeBias", Time since last: 2509931983 ns, Reaching safepoint: 703416 ns, At safepoint: 636663 ns, Total: 1340079 ns
[2020-02-27T09:59:48.999+0000][1][safepoint    ] Safepoint "RevokeBias", Time since last: 2506765589 ns, Reaching safepoint: 80205 ns, At safepoint: 52466 ns, Total: 132671 ns
[2020-02-27T09:59:51.502+0000][1][safepoint    ] Safepoint "RevokeBias", Time since last: 2503054661 ns, Reaching safepoint: 87160 ns, At safepoint: 20338 ns, Total: 107498 ns
[2020-02-27T09:59:54.008+0000][1][safepoint    ] Safepoint "RevokeBias", Time since last: 2506214880 ns, Reaching safepoint: 77352 ns, At safepoint: 19234 ns, Total: 96586 ns
[2020-02-27T09:59:56.512+0000][1][safepoint    ] Safepoint "RevokeBias", Time since last: 2504045179 ns, Reaching safepoint: 87057 ns, At safepoint: 21566 ns, Total: 108623 ns
[2020-02-27T09:59:59.021+0000][1][safepoint    ] Safepoint "RevokeBias", Time since last: 2508679271 ns, Reaching safepoint: 96051 ns, At safepoint: 22338 ns, Total: 118389 ns
[2020-02-27T10:00:01.529+0000][1][safepoint    ] Safepoint "RevokeBias", Time since last: 2507203171 ns, Reaching safepoint: 103813 ns, At safepoint: 28124 ns, Total: 131937 ns
[2020-02-27T10:00:04.040+0000][1][safepoint    ] Safepoint "RevokeBias", Time since last: 2511017361 ns, Reaching safepoint: 155577 ns, At safepoint: 20285 ns, Total: 175862 ns
[2020-02-27T10:00:06.547+0000][1][safepoint    ] Safepoint "RevokeBias", Time since last: 2507377196 ns, Reaching safepoint: 59085 ns, At safepoint: 17408 ns, Total: 76493 ns
[2020-02-27T10:00:09.068+0000][1][safepoint    ] Safepoint "RevokeBias", Time since last: 2520452465 ns, Reaching safepoint: 102075 ns, At safepoint: 26050 ns, Total: 128125 ns
[2020-02-27T10:00:11.586+0000][1][safepoint    ] Safepoint "RevokeBias", Time since last: 2517792066 ns, Reaching safepoint: 120026 ns, At safepoint: 113683 ns, Total: 233709 ns
[2020-02-27T10:00:14.100+0000][1][safepoint    ] Safepoint "BulkRevokeBias", Time since last: 2513768084 ns, Reaching safepoint: 155578 ns, At safepoint: 296434 ns, Total: 452012 ns
[2020-02-27T10:00:16.603+0000][1][safepoint    ] Safepoint "RevokeBias", Time since last: 2502868531 ns, Reaching safepoint: 95669 ns, At safepoint: 25886 ns, Total: 121555 ns
[2020-02-27T10:00:19.107+0000][1][safepoint    ] Safepoint "RevokeBias", Time since last: 2503709080 ns, Reaching safepoint: 76605 ns, At safepoint: 18034 ns, Total: 94639 ns
[2020-02-27T10:00:21.610+0000][1][safepoint    ] Safepoint "RevokeBias", Time since last: 2503189121 ns, Reaching safepoint: 57588 ns, At safepoint: 113666 ns, Total: 171254 ns
[2020-02-27T10:00:24.114+0000][1][safepoint    ] Safepoint "RevokeBias", Time since last: 2503591033 ns, Reaching safepoint: 230886 ns, At safepoint: 35342 ns, Total: 266228 ns
[2020-02-27T10:00:26.617+0000][1][safepoint    ] Safepoint "RevokeBias", Time since last: 2502706637 ns, Reaching safepoint: 124594 ns, At safepoint: 83349 ns, Total: 207943 ns
[2020-02-27T10:00:29.121+0000][1][safepoint    ] Safepoint "RevokeBias", Time since last: 2504152662 ns, Reaching safepoint: 168457 ns, At safepoint: 22455 ns, Total: 190912 ns
[2020-02-27T10:00:31.625+0000][1][safepoint    ] Safepoint "RevokeBias", Time since last: 2503960884 ns, Reaching safepoint: 77869 ns, At safepoint: 51513 ns, Total: 129382 ns
[2020-02-27T10:00:34.133+0000][1][safepoint    ] Safepoint "RevokeBias", Time since last: 2506985274 ns, Reaching safepoint: 114299 ns, At safepoint: 23503 ns, Total: 137802 ns
[2020-02-27T10:00:36.637+0000][1][safepoint    ] Safepoint "RevokeBias", Time since last: 2504086262 ns, Reaching safepoint: 144242 ns, At safepoint: 29444 ns, Total: 173686 ns
[2020-02-27T10:00:37.735+0000][1][gc,start     ] GC(173) Pause Young (Allocation Failure)
[2020-02-27T10:00:37.735+0000][1][gc,task      ] GC(173) Using 1 workers of 1 for evacuation
[2020-02-27T10:00:37.748+0000][1][gc,age       ] GC(173) Desired survivor size 4358144 bytes, new threshold 6 (max threshold 6)
[2020-02-27T10:00:37.748+0000][1][gc,age       ] GC(173) Age table with threshold 6 (max threshold 6)
[2020-02-27T10:00:37.748+0000][1][gc,age       ] GC(173) - age   1:      10768 bytes,      10768 total
[2020-02-27T10:00:37.748+0000][1][gc,age       ] GC(173) - age   4:         64 bytes,      10832 total
[2020-02-27T10:00:37.748+0000][1][gc,age       ] GC(173) - age   5:       1304 bytes,      12136 total
[2020-02-27T10:00:37.748+0000][1][gc,age       ] GC(173) - age   6:        456 bytes,      12592 total
[2020-02-27T10:00:37.748+0000][1][gc,heap      ] GC(173) ParNew: 68173K->12K(76672K)
[2020-02-27T10:00:37.748+0000][1][gc,heap      ] GC(173) CMS: 62523K->62523K(963392K)
[2020-02-27T10:00:37.748+0000][1][gc,metaspace ] GC(173) Metaspace: 80610K->80610K(1124352K)
[2020-02-27T10:00:37.748+0000][1][gc           ] GC(173) Pause Young (Allocation Failure) 127M->61M(1015M) 13.305ms
[2020-02-27T10:00:37.748+0000][1][gc,cpu       ] GC(173) User=0.02s Sys=0.00s Real=0.01s
[2020-02-27T10:00:37.748+0000][1][safepoint    ] Safepoint "GenCollectForAllocation", Time since last: 1097628928 ns, Reaching safepoint: 79637 ns, At safepoint: 13359092 ns, Total: 13438729 ns
[2020-02-27T10:00:39.141+0000][1][safepoint    ] Safepoint "RevokeBias", Time since last: 1393397919 ns, Reaching safepoint: 77201 ns, At safepoint: 18028 ns, Total: 95229 ns
[2020-02-27T10:00:41.644+0000][1][safepoint    ] Safepoint "RevokeBias", Time since last: 2502757976 ns, Reaching safepoint: 77227 ns, At safepoint: 19198 ns, Total: 96425 ns
[2020-02-27T10:00:44.149+0000][1][safepoint    ] Safepoint "RevokeBias", Time since last: 2504732348 ns, Reaching safepoint: 123874 ns, At safepoint: 36970 ns, Total: 160844 ns
[2020-02-27T10:00:46.653+0000][1][safepoint    ] Safepoint "RevokeBias", Time since last: 2503347097 ns, Reaching safepoint: 75769 ns, At safepoint: 18498 ns, Total: 94267 ns
[2020-02-27T10:00:49.156+0000][1][safepoint    ] Safepoint "RevokeBias", Time since last: 2503130823 ns, Reaching safepoint: 100610 ns, At safepoint: 27530 ns, Total: 128140 ns
[2020-02-27T10:00:51.674+0000][1][safepoint    ] Safepoint "RevokeBias", Time since last: 2517579034 ns, Reaching safepoint: 80534 ns, At safepoint: 19122 ns, Total: 99656 ns
[2020-02-27T10:00:54.191+0000][1][safepoint    ] Safepoint "RevokeBias", Time since last: 2516901242 ns, Reaching safepoint: 112794 ns, At safepoint: 21403 ns, Total: 134197 ns
[2020-02-27T10:00:56.706+0000][1][safepoint    ] Safepoint "RevokeBias", Time since last: 2515583820 ns, Reaching safepoint: 98278 ns, At safepoint: 26390 ns, Total: 124668 ns
[2020-02-27T10:00:59.217+0000][1][safepoint    ] Safepoint "RevokeBias", Time since last: 2510600256 ns, Reaching safepoint: 91064 ns, At safepoint: 22098 ns, Total: 113162 ns
[2020-02-27T10:01:01.731+0000][1][safepoint    ] Safepoint "RevokeBias", Time since last: 2514295262 ns, Reaching safepoint: 163012 ns, At safepoint: 36643 ns, Total: 199655 ns
[2020-02-27T10:01:04.243+0000][1][safepoint    ] Safepoint "RevokeBias", Time since last: 2511569125 ns, Reaching safepoint: 94818 ns, At safepoint: 19038 ns, Total: 113856 ns
[2020-02-27T10:01:06.762+0000][1][safepoint    ] Safepoint "RevokeBias", Time since last: 2518378208 ns, Reaching safepoint: 152923 ns, At safepoint: 51614 ns, Total: 204537 ns
[2020-02-27T10:01:09.274+0000][1][safepoint    ] Safepoint "RevokeBias", Time since last: 2511806289 ns, Reaching safepoint: 74705 ns, At safepoint: 19231 ns, Total: 93936 ns
[2020-02-27T10:01:11.777+0000][1][safepoint    ] Safepoint "RevokeBias", Time since last: 2503564985 ns, Reaching safepoint: 59164 ns, At safepoint: 17022 ns, Total: 76186 ns
[2020-02-27T10:01:14.284+0000][1][safepoint    ] Safepoint "RevokeBias", Time since last: 2506340061 ns, Reaching safepoint: 57709 ns, At safepoint: 33058 ns, Total: 90767 ns
[2020-02-27T10:01:16.788+0000][1][safepoint    ] Safepoint "RevokeBias", Time since last: 2503988306 ns, Reaching safepoint: 79038 ns, At safepoint: 19486 ns, Total: 98524 ns
[2020-02-27T10:01:19.291+0000][1][safepoint    ] Safepoint "RevokeBias", Time since last: 2503454715 ns, Reaching safepoint: 77304 ns, At safepoint: 18021 ns, Total: 95325 ns
[2020-02-27T10:01:21.795+0000][1][safepoint    ] Safepoint "RevokeBias", Time since last: 2503857129 ns, Reaching safepoint: 134792 ns, At safepoint: 27357 ns, Total: 162149 ns
[2020-02-27T10:01:24.303+0000][1][safepoint    ] Safepoint "RevokeBias", Time since last: 2507179295 ns, Reaching safepoint: 147426 ns, At safepoint: 25438 ns, Total: 172864 ns
[2020-02-27T10:01:26.806+0000][1][safepoint    ] Safepoint "BulkRevokeBias", Time since last: 2502889799 ns, Reaching safepoint: 100094 ns, At safepoint: 187577 ns, Total: 287671 ns
[2020-02-27T10:01:29.312+0000][1][safepoint    ] Safepoint "RevokeBias", Time since last: 2505502225 ns, Reaching safepoint: 141974 ns, At safepoint: 45972 ns, Total: 187946 ns
[2020-02-27T10:01:31.818+0000][1][safepoint    ] Safepoint "RevokeBias", Time since last: 2506446639 ns, Reaching safepoint: 76271 ns, At safepoint: 18459 ns, Total: 94730 ns
[2020-02-27T10:01:34.324+0000][1][safepoint    ] Safepoint "RevokeBias", Time since last: 2505372843 ns, Reaching safepoint: 108001 ns, At safepoint: 33283 ns, Total: 141284 ns
[2020-02-27T10:01:36.827+0000][1][safepoint    ] Safepoint "RevokeBias", Time since last: 2503339217 ns, Reaching safepoint: 74312 ns, At safepoint: 18270 ns, Total: 92582 ns
[2020-02-27T10:01:39.332+0000][1][safepoint    ] Safepoint "RevokeBias", Time since last: 2504491891 ns, Reaching safepoint: 76080 ns, At safepoint: 18462 ns, Total: 94542 ns
[2020-02-27T10:01:41.837+0000][1][safepoint    ] Safepoint "RevokeBias", Time since last: 2504870571 ns, Reaching safepoint: 97771 ns, At safepoint: 33982 ns, Total: 131753 ns
[2020-02-27T10:01:44.343+0000][1][safepoint    ] Safepoint "RevokeBias", Time since last: 2506685577 ns, Reaching safepoint: 91844 ns, At safepoint: 21411 ns, Total: 113255 ns
[2020-02-27T10:01:46.847+0000][1][safepoint    ] Safepoint "RevokeBias", Time since last: 2503698888 ns, Reaching safepoint: 76558 ns, At safepoint: 18186 ns, Total: 94744 ns
[2020-02-27T10:01:49.350+0000][1][safepoint    ] Safepoint "RevokeBias", Time since last: 2502280486 ns, Reaching safepoint: 74060 ns, At safepoint: 18107 ns, Total: 92167 ns
[2020-02-27T10:01:51.853+0000][1][safepoint    ] Safepoint "RevokeBias", Time since last: 2502890660 ns, Reaching safepoint: 75623 ns, At safepoint: 21191 ns, Total: 96814 ns
[2020-02-27T10:01:54.358+0000][1][safepoint    ] Safepoint "RevokeBias", Time since last: 2505762165 ns, Reaching safepoint: 89212 ns, At safepoint: 21097 ns, Total: 110309 ns
[2020-02-27T10:01:56.862+0000][1][safepoint    ] Safepoint "RevokeBias", Time since last: 2503326225 ns, Reaching safepoint: 88301 ns, At safepoint: 22953 ns, Total: 111254 ns
[2020-02-27T10:01:59.376+0000][1][safepoint    ] Safepoint "RevokeBias", Time since last: 2513970678 ns, Reaching safepoint: 78369 ns, At safepoint: 18432 ns, Total: 96801 ns
[2020-02-27T10:02:01.884+0000][1][safepoint    ] Safepoint "RevokeBias", Time since last: 2508404677 ns, Reaching safepoint: 72668 ns, At safepoint: 17484 ns, Total: 90152 ns
[2020-02-27T10:02:04.403+0000][1][safepoint    ] Safepoint "RevokeBias", Time since last: 2518361706 ns, Reaching safepoint: 75467 ns, At safepoint: 18225 ns, Total: 93692 ns
[2020-02-27T10:02:06.911+0000][1][safepoint    ] Safepoint "RevokeBias", Time since last: 2508136987 ns, Reaching safepoint: 119409 ns, At safepoint: 30749 ns, Total: 150158 ns
[2020-02-27T10:02:09.426+0000][1][safepoint    ] Safepoint "RevokeBias", Time since last: 2514771937 ns, Reaching safepoint: 75045 ns, At safepoint: 17673 ns, Total: 92718 ns
[2020-02-27T10:02:11.937+0000][1][safepoint    ] Safepoint "RevokeBias", Time since last: 2510994689 ns, Reaching safepoint: 115163 ns, At safepoint: 29972 ns, Total: 145135 ns
[2020-02-27T10:02:14.458+0000][1][safepoint    ] Safepoint "RevokeBias", Time since last: 2520645170 ns, Reaching safepoint: 103311 ns, At safepoint: 27993 ns, Total: 131304 ns
[2020-02-27T10:02:16.968+0000][1][safepoint    ] Safepoint "RevokeBias", Time since last: 2509682048 ns, Reaching safepoint: 74403 ns, At safepoint: 17925 ns, Total: 92328 ns
[2020-02-27T10:02:19.481+0000][1][safepoint    ] Safepoint "RevokeBias", Time since last: 2513316705 ns, Reaching safepoint: 243013 ns, At safepoint: 42614 ns, Total: 285627 ns
[2020-02-27T10:02:21.992+0000][1][safepoint    ] Safepoint "RevokeBias", Time since last: 2510310156 ns, Reaching safepoint: 153096 ns, At safepoint: 21266 ns, Total: 174362 ns
[2020-02-27T10:02:24.495+0000][1][safepoint    ] Safepoint "RevokeBias", Time since last: 2503525592 ns, Reaching safepoint: 91847 ns, At safepoint: 21024 ns, Total: 112871 ns
[2020-02-27T10:02:27.000+0000][1][safepoint    ] Safepoint "RevokeBias", Time since last: 2504190608 ns, Reaching safepoint: 119074 ns, At safepoint: 30380 ns, Total: 149454 ns
[2020-02-27T10:02:29.506+0000][1][safepoint    ] Safepoint "RevokeBias", Time since last: 2506480733 ns, Reaching safepoint: 154897 ns, At safepoint: 25618 ns, Total: 180515 ns
[2020-02-27T10:02:32.010+0000][1][safepoint    ] Safepoint "RevokeBias", Time since last: 2503735314 ns, Reaching safepoint: 76512 ns, At safepoint: 18174 ns, Total: 94686 ns
[2020-02-27T10:02:34.517+0000][1][safepoint    ] Safepoint "RevokeBias", Time since last: 2506451902 ns, Reaching safepoint: 75942 ns, At safepoint: 18708 ns, Total: 94650 ns
[2020-02-27T10:02:37.020+0000][1][safepoint    ] Safepoint "RevokeBias", Time since last: 2502612693 ns, Reaching safepoint: 145812 ns, At safepoint: 46200 ns, Total: 192012 ns
[2020-02-27T10:02:39.525+0000][1][safepoint    ] Safepoint "BulkRevokeBias", Time since last: 2504902141 ns, Reaching safepoint: 74118 ns, At safepoint: 268033 ns, Total: 342151 ns
[2020-02-27T10:02:42.029+0000][1][safepoint    ] Safepoint "RevokeBias", Time since last: 2504011595 ns, Reaching safepoint: 71489 ns, At safepoint: 17025 ns, Total: 88514 ns
[2020-02-27T10:02:44.534+0000][1][safepoint    ] Safepoint "RevokeBias", Time since last: 2504427792 ns, Reaching safepoint: 192106 ns, At safepoint: 23475 ns, Total: 215581 ns
[2020-02-27T10:02:47.037+0000][1][safepoint    ] Safepoint "RevokeBias", Time since last: 2503562898 ns, Reaching safepoint: 55786 ns, At safepoint: 15994 ns, Total: 71780 ns
[2020-02-27T10:02:49.540+0000][1][safepoint    ] Safepoint "RevokeBias", Time since last: 2503020475 ns, Reaching safepoint: 76587 ns, At safepoint: 18312 ns, Total: 94899 ns
[2020-02-27T10:02:52.324+0000][1][safepoint    ] Safepoint "RevokeBias", Time since last: 2783846470 ns, Reaching safepoint: 75188 ns, At safepoint: 89204 ns, Total: 164392 ns
[2020-02-27T10:02:54.833+0000][1][safepoint    ] Safepoint "RevokeBias", Time since last: 2508944576 ns, Reaching safepoint: 91311 ns, At safepoint: 21111 ns, Total: 112422 ns
[2020-02-27T10:02:54.874+0000][1][gc,start     ] GC(174) Pause Young (Allocation Failure)
[2020-02-27T10:02:54.874+0000][1][gc,task      ] GC(174) Using 1 workers of 1 for evacuation
[2020-02-27T10:02:54.885+0000][1][gc,age       ] GC(174) Desired survivor size 4358144 bytes, new threshold 6 (max threshold 6)
[2020-02-27T10:02:54.885+0000][1][gc,age       ] GC(174) Age table with threshold 6 (max threshold 6)
[2020-02-27T10:02:54.885+0000][1][gc,age       ] GC(174) - age   1:      11208 bytes,      11208 total
[2020-02-27T10:02:54.885+0000][1][gc,age       ] GC(174) - age   5:         64 bytes,      11272 total
[2020-02-27T10:02:54.885+0000][1][gc,age       ] GC(174) - age   6:       1072 bytes,      12344 total
[2020-02-27T10:02:54.885+0000][1][gc,heap      ] GC(174) ParNew: 68172K->12K(76672K)
[2020-02-27T10:02:54.885+0000][1][gc,heap      ] GC(174) CMS: 62523K->62524K(963392K)
[2020-02-27T10:02:54.885+0000][1][gc,metaspace ] GC(174) Metaspace: 80610K->80610K(1124352K)
[2020-02-27T10:02:54.885+0000][1][gc           ] GC(174) Pause Young (Allocation Failure) 127M->61M(1015M) 10.645ms
[2020-02-27T10:02:54.885+0000][1][gc,cpu       ] GC(174) User=0.01s Sys=0.00s Real=0.01s
[2020-02-27T10:02:54.885+0000][1][safepoint    ] Safepoint "GenCollectForAllocation", Time since last: 40599056 ns, Reaching safepoint: 93575 ns, At safepoint: 10701917 ns, Total: 10795492 ns
[2020-02-27T10:02:57.336+0000][1][safepoint    ] Safepoint "RevokeBias", Time since last: 2451235297 ns, Reaching safepoint: 80119 ns, At safepoint: 18939 ns, Total: 99058 ns
[2020-02-27T10:02:59.841+0000][1][safepoint    ] Safepoint "RevokeBias", Time since last: 2504815399 ns, Reaching safepoint: 76556 ns, At safepoint: 18118 ns, Total: 94674 ns
[2020-02-27T10:03:02.346+0000][1][safepoint    ] Safepoint "RevokeBias", Time since last: 2504859210 ns, Reaching safepoint: 73638 ns, At safepoint: 71673 ns, Total: 145311 ns
[2020-02-27T10:03:04.855+0000][1][safepoint    ] Safepoint "RevokeBias", Time since last: 2508328253 ns, Reaching safepoint: 605867 ns, At safepoint: 44898 ns, Total: 650765 ns
[2020-02-27T10:03:07.359+0000][1][safepoint    ] Safepoint "RevokeBias", Time since last: 2504284848 ns, Reaching safepoint: 73347 ns, At safepoint: 17460 ns, Total: 90807 ns
[2020-02-27T10:03:09.864+0000][1][safepoint    ] Safepoint "RevokeBias", Time since last: 2504880111 ns, Reaching safepoint: 78568 ns, At safepoint: 18627 ns, Total: 97195 ns
[2020-02-27T10:03:12.379+0000][1][safepoint    ] Safepoint "RevokeBias", Time since last: 2514118454 ns, Reaching safepoint: 79917 ns, At safepoint: 18381 ns, Total: 98298 ns
[2020-02-27T10:03:14.889+0000][1][safepoint    ] Safepoint "RevokeBias", Time since last: 2509851753 ns, Reaching safepoint: 116055 ns, At safepoint: 27889 ns, Total: 143944 ns
[2020-02-27T10:03:17.405+0000][1][safepoint    ] Safepoint "RevokeBias", Time since last: 2516482531 ns, Reaching safepoint: 72808 ns, At safepoint: 17149 ns, Total: 89957 ns
[2020-02-27T10:03:19.932+0000][1][safepoint    ] Safepoint "RevokeBias", Time since last: 2524969189 ns, Reaching safepoint: 1302769 ns, At safepoint: 37659 ns, Total: 1340428 ns
[2020-02-27T10:03:22.441+0000][1][safepoint    ] Safepoint "RevokeBias", Time since last: 2509539380 ns, Reaching safepoint: 107248 ns, At safepoint: 31264 ns, Total: 138512 ns
[2020-02-27T10:03:24.953+0000][1][safepoint    ] Safepoint "RevokeBias", Time since last: 2511902723 ns, Reaching safepoint: 57591 ns, At safepoint: 16138 ns, Total: 73729 ns
[2020-02-27T10:03:27.467+0000][1][safepoint    ] Safepoint "RevokeBias", Time since last: 2514151994 ns, Reaching safepoint: 107104 ns, At safepoint: 23624 ns, Total: 130728 ns
[2020-02-27T10:03:29.982+0000][1][safepoint    ] Safepoint "RevokeBias", Time since last: 2514727180 ns, Reaching safepoint: 74090 ns, At safepoint: 19013 ns, Total: 93103 ns
[2020-02-27T10:03:32.495+0000][1][safepoint    ] Safepoint "RevokeBias", Time since last: 2512717825 ns, Reaching safepoint: 57936 ns, At safepoint: 15653 ns, Total: 73589 ns
[2020-02-27T10:03:35.010+0000][1][safepoint    ] Safepoint "RevokeBias", Time since last: 2514243226 ns, Reaching safepoint: 146919 ns, At safepoint: 24158 ns, Total: 171077 ns
[2020-02-27T10:03:37.518+0000][1][safepoint    ] Safepoint "RevokeBias", Time since last: 2508521987 ns, Reaching safepoint: 72737 ns, At safepoint: 17955 ns, Total: 90692 ns
[2020-02-27T10:03:40.031+0000][1][safepoint    ] Safepoint "RevokeBias", Time since last: 2512802177 ns, Reaching safepoint: 113663 ns, At safepoint: 23009 ns, Total: 136672 ns
[2020-02-27T10:03:42.536+0000][1][safepoint    ] Safepoint "RevokeBias", Time since last: 2504828512 ns, Reaching safepoint: 87277 ns, At safepoint: 21724 ns, Total: 109001 ns
[2020-02-27T10:03:45.040+0000][1][safepoint    ] Safepoint "RevokeBias", Time since last: 2503759833 ns, Reaching safepoint: 110413 ns, At safepoint: 27655 ns, Total: 138068 ns
[2020-02-27T10:03:47.543+0000][1][safepoint    ] Safepoint "RevokeBias", Time since last: 2502945980 ns, Reaching safepoint: 77868 ns, At safepoint: 18512 ns, Total: 96380 ns
[2020-02-27T10:03:50.046+0000][1][safepoint    ] Safepoint "RevokeBias", Time since last: 2502675868 ns, Reaching safepoint: 94999 ns, At safepoint: 21892 ns, Total: 116891 ns
[2020-02-27T10:03:52.550+0000][1][safepoint    ] Safepoint "BulkRevokeBias", Time since last: 2503655977 ns, Reaching safepoint: 74797 ns, At safepoint: 433902 ns, Total: 508699 ns
[2020-02-27T10:03:55.057+0000][1][safepoint    ] Safepoint "RevokeBias", Time since last: 2506746125 ns, Reaching safepoint: 95369 ns, At safepoint: 19206 ns, Total: 114575 ns
[2020-02-27T10:03:57.560+0000][1][safepoint    ] Safepoint "RevokeBias", Time since last: 2503377601 ns, Reaching safepoint: 80185 ns, At safepoint: 19302 ns, Total: 99487 ns
[2020-02-27T10:04:00.067+0000][1][safepoint    ] Safepoint "RevokeBias", Time since last: 2506693771 ns, Reaching safepoint: 76133 ns, At safepoint: 18848 ns, Total: 94981 ns
[2020-02-27T10:04:02.572+0000][1][safepoint    ] Safepoint "RevokeBias", Time since last: 2505061031 ns, Reaching safepoint: 91646 ns, At safepoint: 22111 ns, Total: 113757 ns
[2020-02-27T10:04:05.078+0000][1][safepoint    ] Safepoint "RevokeBias", Time since last: 2505771692 ns, Reaching safepoint: 74905 ns, At safepoint: 17979 ns, Total: 92884 ns
[2020-02-27T10:04:07.580+0000][1][safepoint    ] Safepoint "RevokeBias", Time since last: 2502112599 ns, Reaching safepoint: 77038 ns, At safepoint: 18724 ns, Total: 95762 ns
[2020-02-27T10:04:10.087+0000][1][safepoint    ] Safepoint "RevokeBias", Time since last: 2506347348 ns, Reaching safepoint: 73856 ns, At safepoint: 71368 ns, Total: 145224 ns
[2020-02-27T10:04:12.592+0000][1][safepoint    ] Safepoint "RevokeBias", Time since last: 2504908728 ns, Reaching safepoint: 74284 ns, At safepoint: 17863 ns, Total: 92147 ns
[2020-02-27T10:04:15.098+0000][1][safepoint    ] Safepoint "RevokeBias", Time since last: 2505956697 ns, Reaching safepoint: 147671 ns, At safepoint: 34909 ns, Total: 182580 ns
[2020-02-27T10:04:17.600+0000][1][safepoint    ] Safepoint "RevokeBias", Time since last: 2502059734 ns, Reaching safepoint: 74943 ns, At safepoint: 17571 ns, Total: 92514 ns
[2020-02-27T10:04:20.104+0000][1][safepoint    ] Safepoint "RevokeBias", Time since last: 2503811303 ns, Reaching safepoint: 91872 ns, At safepoint: 21580 ns, Total: 113452 ns
[2020-02-27T10:04:22.608+0000][1][safepoint    ] Safepoint "RevokeBias", Time since last: 2504205598 ns, Reaching safepoint: 71012 ns, At safepoint: 20160 ns, Total: 91172 ns
[2020-02-27T10:04:25.115+0000][1][safepoint    ] Safepoint "RevokeBias", Time since last: 2506514670 ns, Reaching safepoint: 77224 ns, At safepoint: 19216 ns, Total: 96440 ns
[2020-02-27T10:04:27.619+0000][1][safepoint    ] Safepoint "RevokeBias", Time since last: 2503531116 ns, Reaching safepoint: 74983 ns, At safepoint: 18242 ns, Total: 93225 ns
[2020-02-27T10:04:30.124+0000][1][safepoint    ] Safepoint "RevokeBias", Time since last: 2504926880 ns, Reaching safepoint: 90143 ns, At safepoint: 21211 ns, Total: 111354 ns
[2020-02-27T10:04:32.628+0000][1][safepoint    ] Safepoint "RevokeBias", Time since last: 2504456042 ns, Reaching safepoint: 74527 ns, At safepoint: 17088 ns, Total: 91615 ns
[2020-02-27T10:04:35.139+0000][1][safepoint    ] Safepoint "RevokeBias", Time since last: 2510374480 ns, Reaching safepoint: 179907 ns, At safepoint: 21427 ns, Total: 201334 ns
[2020-02-27T10:04:37.650+0000][1][safepoint    ] Safepoint "RevokeBias", Time since last: 2511719612 ns, Reaching safepoint: 75523 ns, At safepoint: 17653 ns, Total: 93176 ns
[2020-02-27T10:04:40.171+0000][1][safepoint    ] Safepoint "RevokeBias", Time since last: 2519932290 ns, Reaching safepoint: 76064 ns, At safepoint: 18598 ns, Total: 94662 ns
[2020-02-27T10:04:42.682+0000][1][safepoint    ] Safepoint "RevokeBias", Time since last: 2511735892 ns, Reaching safepoint: 107721 ns, At safepoint: 19137 ns, Total: 126858 ns
[2020-02-27T10:04:45.197+0000][1][safepoint    ] Safepoint "RevokeBias", Time since last: 2514202110 ns, Reaching safepoint: 196600 ns, At safepoint: 28980 ns, Total: 225580 ns
[2020-02-27T10:04:47.704+0000][1][safepoint    ] Safepoint "RevokeBias", Time since last: 2506880246 ns, Reaching safepoint: 73472 ns, At safepoint: 17640 ns, Total: 91112 ns
[2020-02-27T10:04:50.221+0000][1][safepoint    ] Safepoint "RevokeBias", Time since last: 2517519201 ns, Reaching safepoint: 74142 ns, At safepoint: 18598 ns, Total: 92740 ns
[2020-02-27T10:04:52.729+0000][1][safepoint    ] Safepoint "RevokeBias", Time since last: 2507309048 ns, Reaching safepoint: 74150 ns, At safepoint: 17169 ns, Total: 91319 ns
[2020-02-27T10:04:55.248+0000][1][safepoint    ] Safepoint "RevokeBias", Time since last: 2518553291 ns, Reaching safepoint: 143382 ns, At safepoint: 24239 ns, Total: 167621 ns
[2020-02-27T10:04:57.757+0000][1][safepoint    ] Safepoint "RevokeBias", Time since last: 2509806033 ns, Reaching safepoint: 112181 ns, At safepoint: 25966 ns, Total: 138147 ns
[2020-02-27T10:05:00.273+0000][1][safepoint    ] Safepoint "RevokeBias", Time since last: 2515706422 ns, Reaching safepoint: 90318 ns, At safepoint: 21095 ns, Total: 111413 ns
[2020-02-27T10:05:02.781+0000][1][safepoint    ] Safepoint "RevokeBias", Time since last: 2507750315 ns, Reaching safepoint: 74608 ns, At safepoint: 18101 ns, Total: 92709 ns
[2020-02-27T10:05:05.298+0000][1][safepoint    ] Safepoint "BulkRevokeBias", Time since last: 2516401477 ns, Reaching safepoint: 121620 ns, At safepoint: 189536 ns, Total: 311156 ns
[2020-02-27T10:05:07.806+0000][1][safepoint    ] Safepoint "RevokeBias", Time since last: 2508456044 ns, Reaching safepoint: 73718 ns, At safepoint: 17456 ns, Total: 91174 ns
[2020-02-27T10:05:10.312+0000][1][safepoint    ] Safepoint "RevokeBias", Time since last: 2505278897 ns, Reaching safepoint: 74247 ns, At safepoint: 17952 ns, Total: 92199 ns
[2020-02-27T10:05:12.816+0000][1][gc,start     ] GC(175) Pause Young (Allocation Failure)
[2020-02-27T10:05:12.816+0000][1][gc,task      ] GC(175) Using 1 workers of 1 for evacuation
[2020-02-27T10:05:12.827+0000][1][gc,age       ] GC(175) Desired survivor size 4358144 bytes, new threshold 6 (max threshold 6)
[2020-02-27T10:05:12.828+0000][1][gc,age       ] GC(175) Age table with threshold 6 (max threshold 6)
[2020-02-27T10:05:12.828+0000][1][gc,age       ] GC(175) - age   1:      10616 bytes,      10616 total
[2020-02-27T10:05:12.828+0000][1][gc,age       ] GC(175) - age   2:        568 bytes,      11184 total
[2020-02-27T10:05:12.828+0000][1][gc,age       ] GC(175) - age   6:         64 bytes,      11248 total
[2020-02-27T10:05:12.828+0000][1][gc,heap      ] GC(175) ParNew: 68172K->12K(76672K)
[2020-02-27T10:05:12.828+0000][1][gc,heap      ] GC(175) CMS: 62524K->62525K(963392K)
[2020-02-27T10:05:12.828+0000][1][gc,metaspace ] GC(175) Metaspace: 80610K->80610K(1124352K)
[2020-02-27T10:05:12.828+0000][1][gc           ] GC(175) Pause Young (Allocation Failure) 127M->61M(1015M) 12.036ms
[2020-02-27T10:05:12.828+0000][1][gc,cpu       ] GC(175) User=0.01s Sys=0.00s Real=0.01s
[2020-02-27T10:05:12.828+0000][1][safepoint    ] Safepoint "GenCollectForAllocation", Time since last: 2503650799 ns, Reaching safepoint: 167843 ns, At safepoint: 12103560 ns, Total: 12271403 ns
[2020-02-27T10:05:12.829+0000][1][safepoint    ] Safepoint "RevokeBias", Time since last: 1045958 ns, Reaching safepoint: 69741 ns, At safepoint: 16658 ns, Total: 86399 ns
[2020-02-27T10:05:15.335+0000][1][safepoint    ] Safepoint "RevokeBias", Time since last: 2506337262 ns, Reaching safepoint: 183454 ns, At safepoint: 20280 ns, Total: 203734 ns
[2020-02-27T10:05:17.838+0000][1][safepoint    ] Safepoint "RevokeBias", Time since last: 2502657671 ns, Reaching safepoint: 79507 ns, At safepoint: 19643 ns, Total: 99150 ns
[2020-02-27T10:05:20.341+0000][1][safepoint    ] Safepoint "RevokeBias", Time since last: 2502988549 ns, Reaching safepoint: 72940 ns, At safepoint: 18385 ns, Total: 91325 ns
[2020-02-27T10:05:22.845+0000][1][safepoint    ] Safepoint "RevokeBias", Time since last: 2503759202 ns, Reaching safepoint: 54930 ns, At safepoint: 16247 ns, Total: 71177 ns
[2020-02-27T10:05:25.349+0000][1][safepoint    ] Safepoint "RevokeBias", Time since last: 2504301302 ns, Reaching safepoint: 87327 ns, At safepoint: 21556 ns, Total: 108883 ns
[2020-02-27T10:05:27.854+0000][1][safepoint    ] Safepoint "RevokeBias", Time since last: 2503963410 ns, Reaching safepoint: 111471 ns, At safepoint: 21018 ns, Total: 132489 ns
[2020-02-27T10:05:30.358+0000][1][safepoint    ] Safepoint "RevokeBias", Time since last: 2504032989 ns, Reaching safepoint: 95445 ns, At safepoint: 22124 ns, Total: 117569 ns
[2020-02-27T10:05:32.863+0000][1][safepoint    ] Safepoint "RevokeBias", Time since last: 2505359694 ns, Reaching safepoint: 82519 ns, At safepoint: 20521 ns, Total: 103040 ns
[2020-02-27T10:05:35.367+0000][1][safepoint    ] Safepoint "RevokeBias", Time since last: 2504018954 ns, Reaching safepoint: 116378 ns, At safepoint: 108252 ns, Total: 224630 ns
[2020-02-27T10:05:37.870+0000][1][safepoint    ] Safepoint "RevokeBias", Time since last: 2502405448 ns, Reaching safepoint: 76135 ns, At safepoint: 17846 ns, Total: 93981 ns
[2020-02-27T10:05:40.374+0000][1][safepoint    ] Safepoint "RevokeBias", Time since last: 2503561061 ns, Reaching safepoint: 77149 ns, At safepoint: 18260 ns, Total: 95409 ns
[2020-02-27T10:05:42.879+0000][1][safepoint    ] Safepoint "RevokeBias", Time since last: 2505042549 ns, Reaching safepoint: 87165 ns, At safepoint: 21426 ns, Total: 108591 ns
[2020-02-27T10:05:45.384+0000][1][safepoint    ] Safepoint "RevokeBias", Time since last: 2505492352 ns, Reaching safepoint: 74161 ns, At safepoint: 18196 ns, Total: 92357 ns
[2020-02-27T10:05:47.888+0000][1][safepoint    ] Safepoint "RevokeBias", Time since last: 2503628081 ns, Reaching safepoint: 142085 ns, At safepoint: 24211 ns, Total: 166296 ns
[2020-02-27T10:05:50.391+0000][1][safepoint    ] Safepoint "RevokeBias", Time since last: 2502658267 ns, Reaching safepoint: 84266 ns, At safepoint: 20751 ns, Total: 105017 ns
[2020-02-27T10:05:52.896+0000][1][safepoint    ] Safepoint "RevokeBias", Time since last: 2504911516 ns, Reaching safepoint: 176042 ns, At safepoint: 56988 ns, Total: 233030 ns
[2020-02-27T10:05:55.401+0000][1][safepoint    ] Safepoint "RevokeBias", Time since last: 2505420042 ns, Reaching safepoint: 76909 ns, At safepoint: 18604 ns, Total: 95513 ns
[2020-02-27T10:05:57.905+0000][1][safepoint    ] Safepoint "RevokeBias", Time since last: 2503158092 ns, Reaching safepoint: 74588 ns, At safepoint: 18117 ns, Total: 92705 ns
[2020-02-27T10:06:00.410+0000][1][safepoint    ] Safepoint "RevokeBias", Time since last: 2505252932 ns, Reaching safepoint: 98561 ns, At safepoint: 22679 ns, Total: 121240 ns
[2020-02-27T10:06:02.913+0000][1][safepoint    ] Safepoint "RevokeBias", Time since last: 2502897543 ns, Reaching safepoint: 72555 ns, At safepoint: 17452 ns, Total: 90007 ns
[2020-02-27T10:06:05.416+0000][1][safepoint    ] Safepoint "RevokeBias", Time since last: 2503080625 ns, Reaching safepoint: 75449 ns, At safepoint: 18488 ns, Total: 93937 ns
[2020-02-27T10:06:07.920+0000][1][safepoint    ] Safepoint "RevokeBias", Time since last: 2503366561 ns, Reaching safepoint: 73019 ns, At safepoint: 17337 ns, Total: 90356 ns
[2020-02-27T10:06:10.424+0000][1][safepoint    ] Safepoint "RevokeBias", Time since last: 2504179802 ns, Reaching safepoint: 122914 ns, At safepoint: 23174 ns, Total: 146088 ns
[2020-02-27T10:06:12.929+0000][1][safepoint    ] Safepoint "RevokeBias", Time since last: 2504866854 ns, Reaching safepoint: 92411 ns, At safepoint: 18799 ns, Total: 111210 ns
[2020-02-27T10:06:15.433+0000][1][safepoint    ] Safepoint "RevokeBias", Time since last: 2503402406 ns, Reaching safepoint: 90851 ns, At safepoint: 18176 ns, Total: 109027 ns
[2020-02-27T10:06:17.947+0000][1][safepoint    ] Safepoint "BulkRevokeBias", Time since last: 2513477206 ns, Reaching safepoint: 165140 ns, At safepoint: 436974 ns, Total: 602114 ns
[2020-02-27T10:06:20.465+0000][1][safepoint    ] Safepoint "RevokeBias", Time since last: 2517835370 ns, Reaching safepoint: 75571 ns, At safepoint: 17709 ns, Total: 93280 ns
[2020-02-27T10:06:22.983+0000][1][safepoint    ] Safepoint "RevokeBias", Time since last: 2517851965 ns, Reaching safepoint: 77706 ns, At safepoint: 18514 ns, Total: 96220 ns
[2020-02-27T10:06:25.492+0000][1][safepoint    ] Safepoint "RevokeBias", Time since last: 2509622708 ns, Reaching safepoint: 84678 ns, At safepoint: 20477 ns, Total: 105155 ns
[2020-02-27T10:06:28.001+0000][1][safepoint    ] Safepoint "RevokeBias", Time since last: 2508917316 ns, Reaching safepoint: 73066 ns, At safepoint: 17646 ns, Total: 90712 ns
[2020-02-27T10:06:30.513+0000][1][safepoint    ] Safepoint "RevokeBias", Time since last: 2511818522 ns, Reaching safepoint: 196056 ns, At safepoint: 47528 ns, Total: 243584 ns
[2020-02-27T10:06:33.022+0000][1][safepoint    ] Safepoint "RevokeBias", Time since last: 2508581225 ns, Reaching safepoint: 114004 ns, At safepoint: 19312 ns, Total: 133316 ns
[2020-02-27T10:06:35.539+0000][1][safepoint    ] Safepoint "RevokeBias", Time since last: 2516544787 ns, Reaching safepoint: 186253 ns, At safepoint: 31622 ns, Total: 217875 ns
[2020-02-27T10:06:38.062+0000][1][safepoint    ] Safepoint "RevokeBias", Time since last: 2522839242 ns, Reaching safepoint: 73425 ns, At safepoint: 17297 ns, Total: 90722 ns
[2020-02-27T10:06:40.573+0000][1][safepoint    ] Safepoint "RevokeBias", Time since last: 2511318708 ns, Reaching safepoint: 72411 ns, At safepoint: 120137 ns, Total: 192548 ns
[2020-02-27T10:06:43.084+0000][1][safepoint    ] Safepoint "RevokeBias", Time since last: 2510773451 ns, Reaching safepoint: 72327 ns, At safepoint: 18022 ns, Total: 90349 ns
[2020-02-27T10:06:45.593+0000][1][safepoint    ] Safepoint "RevokeBias", Time since last: 2508608681 ns, Reaching safepoint: 85629 ns, At safepoint: 18273 ns, Total: 103902 ns
[2020-02-27T10:06:48.101+0000][1][safepoint    ] Safepoint "RevokeBias", Time since last: 2508111768 ns, Reaching safepoint: 56771 ns, At safepoint: 18015 ns, Total: 74786 ns
[2020-02-27T10:06:50.611+0000][1][safepoint    ] Safepoint "RevokeBias", Time since last: 2509985421 ns, Reaching safepoint: 180467 ns, At safepoint: 27052 ns, Total: 207519 ns
[2020-02-27T10:06:53.117+0000][1][safepoint    ] Safepoint "RevokeBias", Time since last: 2506003003 ns, Reaching safepoint: 78031 ns, At safepoint: 18412 ns, Total: 96443 ns
[2020-02-27T10:06:55.623+0000][1][safepoint    ] Safepoint "RevokeBias", Time since last: 2505351220 ns, Reaching safepoint: 93026 ns, At safepoint: 20859 ns, Total: 113885 ns
[2020-02-27T10:06:58.128+0000][1][safepoint    ] Safepoint "RevokeBias", Time since last: 2504760000 ns, Reaching safepoint: 114724 ns, At safepoint: 33634 ns, Total: 148358 ns
[2020-02-27T10:07:00.634+0000][1][safepoint    ] Safepoint "RevokeBias", Time since last: 2506533050 ns, Reaching safepoint: 92199 ns, At safepoint: 21634 ns, Total: 113833 ns
[2020-02-27T10:07:03.140+0000][1][safepoint    ] Safepoint "RevokeBias", Time since last: 2505269444 ns, Reaching safepoint: 71336 ns, At safepoint: 100332 ns, Total: 171668 ns
[2020-02-27T10:07:05.646+0000][1][safepoint    ] Safepoint "RevokeBias", Time since last: 2506347881 ns, Reaching safepoint: 129417 ns, At safepoint: 19118 ns, Total: 148535 ns
[2020-02-27T10:07:08.149+0000][1][safepoint    ] Safepoint "RevokeBias", Time since last: 2502827086 ns, Reaching safepoint: 75868 ns, At safepoint: 18143 ns, Total: 94011 ns
[2020-02-27T10:07:10.655+0000][1][safepoint    ] Safepoint "RevokeBias", Time since last: 2506190308 ns, Reaching safepoint: 79524 ns, At safepoint: 18565 ns, Total: 98089 ns
[2020-02-27T10:07:13.158+0000][1][safepoint    ] Safepoint "RevokeBias", Time since last: 2502752677 ns, Reaching safepoint: 75452 ns, At safepoint: 18199 ns, Total: 93651 ns
[2020-02-27T10:07:15.665+0000][1][safepoint    ] Safepoint "RevokeBias", Time since last: 2506412528 ns, Reaching safepoint: 157405 ns, At safepoint: 69811 ns, Total: 227216 ns
[2020-02-27T10:07:18.169+0000][1][safepoint    ] Safepoint "RevokeBias", Time since last: 2504012053 ns, Reaching safepoint: 77191 ns, At safepoint: 18405 ns, Total: 95596 ns
[2020-02-27T10:07:20.674+0000][1][safepoint    ] Safepoint "RevokeBias", Time since last: 2504812091 ns, Reaching safepoint: 168951 ns, At safepoint: 25639 ns, Total: 194590 ns
[2020-02-27T10:07:23.185+0000][1][safepoint    ] Safepoint "RevokeBias", Time since last: 2509010607 ns, Reaching safepoint: 1512624 ns, At safepoint: 25789 ns, Total: 1538413 ns
[2020-02-27T10:07:25.688+0000][1][safepoint    ] Safepoint "RevokeBias", Time since last: 2502939007 ns, Reaching safepoint: 76433 ns, At safepoint: 17641 ns, Total: 94074 ns
[2020-02-27T10:07:28.190+0000][1][gc,start     ] GC(176) Pause Young (Allocation Failure)
[2020-02-27T10:07:28.190+0000][1][gc,task      ] GC(176) Using 1 workers of 1 for evacuation
[2020-02-27T10:07:28.200+0000][1][gc,age       ] GC(176) Desired survivor size 4358144 bytes, new threshold 6 (max threshold 6)
[2020-02-27T10:07:28.200+0000][1][gc,age       ] GC(176) Age table with threshold 6 (max threshold 6)
[2020-02-27T10:07:28.200+0000][1][gc,age       ] GC(176) - age   1:      10872 bytes,      10872 total
[2020-02-27T10:07:28.200+0000][1][gc,age       ] GC(176) - age   2:        120 bytes,      10992 total
[2020-02-27T10:07:28.200+0000][1][gc,age       ] GC(176) - age   3:        448 bytes,      11440 total
[2020-02-27T10:07:28.200+0000][1][gc,heap      ] GC(176) ParNew: 68151K->11K(76672K)
[2020-02-27T10:07:28.200+0000][1][gc,heap      ] GC(176) CMS: 62525K->62525K(963392K)
[2020-02-27T10:07:28.200+0000][1][gc,metaspace ] GC(176) Metaspace: 80610K->80610K(1124352K)
[2020-02-27T10:07:28.200+0000][1][gc           ] GC(176) Pause Young (Allocation Failure) 127M->61M(1015M) 10.178ms
[2020-02-27T10:07:28.200+0000][1][gc,cpu       ] GC(176) User=0.01s Sys=0.00s Real=0.01s
[2020-02-27T10:07:28.200+0000][1][safepoint    ] Safepoint "GenCollectForAllocation", Time since last: 2502299195 ns, Reaching safepoint: 77152 ns, At safepoint: 10232455 ns, Total: 10309607 ns
[2020-02-27T10:07:28.201+0000][1][safepoint    ] Safepoint "RevokeBias", Time since last: 1024348 ns, Reaching safepoint: 70223 ns, At safepoint: 16661 ns, Total: 86884 ns
[2020-02-27T10:07:30.708+0000][1][safepoint    ] Safepoint "BulkRevokeBias", Time since last: 2506486437 ns, Reaching safepoint: 88807 ns, At safepoint: 234500 ns, Total: 323307 ns
[2020-02-27T10:07:33.215+0000][1][safepoint    ] Safepoint "RevokeBias", Time since last: 2506738302 ns, Reaching safepoint: 129397 ns, At safepoint: 20656 ns, Total: 150053 ns
[2020-02-27T10:07:35.721+0000][1][safepoint    ] Safepoint "RevokeBias", Time since last: 2506193415 ns, Reaching safepoint: 215539 ns, At safepoint: 41522 ns, Total: 257061 ns
[2020-02-27T10:07:38.225+0000][1][safepoint    ] Safepoint "RevokeBias", Time since last: 2503593809 ns, Reaching safepoint: 109878 ns, At safepoint: 27197 ns, Total: 137075 ns
[2020-02-27T10:07:40.732+0000][1][safepoint    ] Safepoint "RevokeBias", Time since last: 2506421948 ns, Reaching safepoint: 90596 ns, At safepoint: 22278 ns, Total: 112874 ns
[2020-02-27T10:07:43.237+0000][1][safepoint    ] Safepoint "RevokeBias", Time since last: 2505643930 ns, Reaching safepoint: 74291 ns, At safepoint: 18374 ns, Total: 92665 ns
[2020-02-27T10:07:45.752+0000][1][safepoint    ] Safepoint "RevokeBias", Time since last: 2514021281 ns, Reaching safepoint: 113450 ns, At safepoint: 43206 ns, Total: 156656 ns
[2020-02-27T10:07:46.752+0000][1][safepoint    ] Safepoint "Cleanup", Time since last: 1000683330 ns, Reaching safepoint: 73531 ns, At safepoint: 7474 ns, Total: 81005 ns
[2020-02-27T10:07:48.263+0000][1][safepoint    ] Safepoint "RevokeBias", Time since last: 1510019085 ns, Reaching safepoint: 177901 ns, At safepoint: 26597 ns, Total: 204498 ns
[2020-02-27T10:07:50.776+0000][1][safepoint    ] Safepoint "RevokeBias", Time since last: 2513199362 ns, Reaching safepoint: 61064 ns, At safepoint: 31846 ns, Total: 92910 ns
[2020-02-27T10:07:53.283+0000][1][safepoint    ] Safepoint "RevokeBias", Time since last: 2507369685 ns, Reaching safepoint: 78666 ns, At safepoint: 19106 ns, Total: 97772 ns
[2020-02-27T10:07:55.801+0000][1][safepoint    ] Safepoint "RevokeBias", Time since last: 2517445670 ns, Reaching safepoint: 74815 ns, At safepoint: 18782 ns, Total: 93597 ns
[2020-02-27T10:07:58.309+0000][1][safepoint    ] Safepoint "RevokeBias", Time since last: 2508338947 ns, Reaching safepoint: 82596 ns, At safepoint: 19439 ns, Total: 102035 ns
[2020-02-27T10:08:00.821+0000][1][safepoint    ] Safepoint "RevokeBias", Time since last: 2511518571 ns, Reaching safepoint: 96680 ns, At safepoint: 28955 ns, Total: 125635 ns
[2020-02-27T10:08:03.330+0000][1][safepoint    ] Safepoint "RevokeBias", Time since last: 2509024892 ns, Reaching safepoint: 145607 ns, At safepoint: 31992 ns, Total: 177599 ns
[2020-02-27T10:08:05.841+0000][1][safepoint    ] Safepoint "RevokeBias", Time since last: 2510984702 ns, Reaching safepoint: 76946 ns, At safepoint: 18783 ns, Total: 95729 ns
[2020-02-27T10:08:08.350+0000][1][safepoint    ] Safepoint "RevokeBias", Time since last: 2508459454 ns, Reaching safepoint: 76559 ns, At safepoint: 18230 ns, Total: 94789 ns
[2020-02-27T10:08:10.864+0000][1][safepoint    ] Safepoint "RevokeBias", Time since last: 2514423338 ns, Reaching safepoint: 58261 ns, At safepoint: 16096 ns, Total: 74357 ns
[2020-02-27T10:08:13.379+0000][1][safepoint    ] Safepoint "RevokeBias", Time since last: 2514218283 ns, Reaching safepoint: 74996 ns, At safepoint: 18244 ns, Total: 93240 ns
[2020-02-27T10:08:15.885+0000][1][safepoint    ] Safepoint "RevokeBias", Time since last: 2506089582 ns, Reaching safepoint: 92148 ns, At safepoint: 20973 ns, Total: 113121 ns
[2020-02-27T10:08:18.388+0000][1][safepoint    ] Safepoint "RevokeBias", Time since last: 2502814992 ns, Reaching safepoint: 89945 ns, At safepoint: 23257 ns, Total: 113202 ns
[2020-02-27T10:08:20.891+0000][1][safepoint    ] Safepoint "RevokeBias", Time since last: 2503352563 ns, Reaching safepoint: 74435 ns, At safepoint: 18092 ns, Total: 92527 ns
[2020-02-27T10:08:23.398+0000][1][safepoint    ] Safepoint "RevokeBias", Time since last: 2506587181 ns, Reaching safepoint: 57534 ns, At safepoint: 16921 ns, Total: 74455 ns
[2020-02-27T10:08:25.905+0000][1][safepoint    ] Safepoint "RevokeBias", Time since last: 2506439529 ns, Reaching safepoint: 139828 ns, At safepoint: 22963 ns, Total: 162791 ns
[2020-02-27T10:08:28.408+0000][1][safepoint    ] Safepoint "RevokeBias", Time since last: 2503744269 ns, Reaching safepoint: 78027 ns, At safepoint: 18025 ns, Total: 96052 ns
[2020-02-27T10:08:30.914+0000][1][safepoint    ] Safepoint "RevokeBias", Time since last: 2505836847 ns, Reaching safepoint: 77821 ns, At safepoint: 20096 ns, Total: 97917 ns
[2020-02-27T10:08:33.421+0000][1][safepoint    ] Safepoint "RevokeBias", Time since last: 2506202584 ns, Reaching safepoint: 191422 ns, At safepoint: 21927 ns, Total: 213349 ns
[2020-02-27T10:08:35.924+0000][1][safepoint    ] Safepoint "RevokeBias", Time since last: 2503437896 ns, Reaching safepoint: 73182 ns, At safepoint: 17896 ns, Total: 91078 ns
[2020-02-27T10:08:37.202+0000][1][safepoint    ] Safepoint "Cleanup", Time since last: 1277478032 ns, Reaching safepoint: 85739 ns, At safepoint: 7313 ns, Total: 93052 ns
[2020-02-27T10:08:38.427+0000][1][safepoint    ] Safepoint "RevokeBias", Time since last: 1225076588 ns, Reaching safepoint: 74431 ns, At safepoint: 17594 ns, Total: 92025 ns
[2020-02-27T10:08:40.933+0000][1][safepoint    ] Safepoint "RevokeBias", Time since last: 2506410182 ns, Reaching safepoint: 72452 ns, At safepoint: 17768 ns, Total: 90220 ns
[2020-02-27T10:08:43.439+0000][1][safepoint    ] Safepoint "BulkRevokeBias", Time since last: 2505176113 ns, Reaching safepoint: 56664 ns, At safepoint: 289505 ns, Total: 346169 ns
[2020-02-27T10:08:45.945+0000][1][safepoint    ] Safepoint "RevokeBias", Time since last: 2505552028 ns, Reaching safepoint: 91220 ns, At safepoint: 20786 ns, Total: 112006 ns
[2020-02-27T10:08:48.448+0000][1][safepoint    ] Safepoint "RevokeBias", Time since last: 2502893042 ns, Reaching safepoint: 103740 ns, At safepoint: 26362 ns, Total: 130102 ns
[2020-02-27T10:08:50.950+0000][1][safepoint    ] Safepoint "RevokeBias", Time since last: 2502371042 ns, Reaching safepoint: 74130 ns, At safepoint: 18282 ns, Total: 92412 ns
[2020-02-27T10:08:53.453+0000][1][safepoint    ] Safepoint "RevokeBias", Time since last: 2502657553 ns, Reaching safepoint: 79840 ns, At safepoint: 18593 ns, Total: 98433 ns
[2020-02-27T10:08:55.959+0000][1][safepoint    ] Safepoint "RevokeBias", Time since last: 2505871892 ns, Reaching safepoint: 91948 ns, At safepoint: 114882 ns, Total: 206830 ns
[2020-02-27T10:08:58.461+0000][1][safepoint    ] Safepoint "RevokeBias", Time since last: 2502244042 ns, Reaching safepoint: 119252 ns, At safepoint: 20457 ns, Total: 139709 ns
[2020-02-27T10:09:00.969+0000][1][safepoint    ] Safepoint "RevokeBias", Time since last: 2507607332 ns, Reaching safepoint: 113821 ns, At safepoint: 25820 ns, Total: 139641 ns
[2020-02-27T10:09:03.476+0000][1][safepoint    ] Safepoint "RevokeBias", Time since last: 2506478726 ns, Reaching safepoint: 75932 ns, At safepoint: 18220 ns, Total: 94152 ns
[2020-02-27T10:09:05.983+0000][1][safepoint    ] Safepoint "RevokeBias", Time since last: 2506800548 ns, Reaching safepoint: 123393 ns, At safepoint: 30212 ns, Total: 153605 ns
[2020-02-27T10:09:08.487+0000][1][safepoint    ] Safepoint "RevokeBias", Time since last: 2504031289 ns, Reaching safepoint: 109352 ns, At safepoint: 18644 ns, Total: 127996 ns
[2020-02-27T10:09:10.992+0000][1][safepoint    ] Safepoint "RevokeBias", Time since last: 2504797322 ns, Reaching safepoint: 79997 ns, At safepoint: 19296 ns, Total: 99293 ns
[2020-02-27T10:09:13.500+0000][1][safepoint    ] Safepoint "RevokeBias", Time since last: 2507854005 ns, Reaching safepoint: 57124 ns, At safepoint: 56086 ns, Total: 113210 ns
[2020-02-27T10:09:16.013+0000][1][safepoint    ] Safepoint "RevokeBias", Time since last: 2513140506 ns, Reaching safepoint: 74892 ns, At safepoint: 18594 ns, Total: 93486 ns
[2020-02-27T10:09:18.520+0000][1][safepoint    ] Safepoint "RevokeBias", Time since last: 2506881394 ns, Reaching safepoint: 74072 ns, At safepoint: 18294 ns, Total: 92366 ns
[2020-02-27T10:09:21.028+0000][1][safepoint    ] Safepoint "RevokeBias", Time since last: 2508401106 ns, Reaching safepoint: 72782 ns, At safepoint: 18588 ns, Total: 91370 ns
[2020-02-27T10:09:23.540+0000][1][safepoint    ] Safepoint "RevokeBias", Time since last: 2511895268 ns, Reaching safepoint: 73158 ns, At safepoint: 17840 ns, Total: 90998 ns
[2020-02-27T10:09:26.049+0000][1][safepoint    ] Safepoint "RevokeBias", Time since last: 2508928471 ns, Reaching safepoint: 92660 ns, At safepoint: 21419 ns, Total: 114079 ns
[2020-02-27T10:09:28.561+0000][1][safepoint    ] Safepoint "RevokeBias", Time since last: 2511535692 ns, Reaching safepoint: 76695 ns, At safepoint: 18335 ns, Total: 95030 ns
[2020-02-27T10:09:31.072+0000][1][safepoint    ] Safepoint "RevokeBias", Time since last: 2511178330 ns, Reaching safepoint: 75682 ns, At safepoint: 18226 ns, Total: 93908 ns
[2020-02-27T10:09:33.583+0000][1][safepoint    ] Safepoint "RevokeBias", Time since last: 2511014535 ns, Reaching safepoint: 108172 ns, At safepoint: 29807 ns, Total: 137979 ns
[2020-02-27T10:09:36.095+0000][1][safepoint    ] Safepoint "RevokeBias", Time since last: 2511393108 ns, Reaching safepoint: 188123 ns, At safepoint: 21441 ns, Total: 209564 ns
[2020-02-27T10:09:38.607+0000][1][safepoint    ] Safepoint "RevokeBias", Time since last: 2511526528 ns, Reaching safepoint: 92513 ns, At safepoint: 22493 ns, Total: 115006 ns
[2020-02-27T10:09:41.118+0000][1][safepoint    ] Safepoint "RevokeBias", Time since last: 2511372806 ns, Reaching safepoint: 76106 ns, At safepoint: 18383 ns, Total: 94489 ns
[2020-02-27T10:09:43.631+0000][1][safepoint    ] Safepoint "RevokeBias", Time since last: 2512460625 ns, Reaching safepoint: 73841 ns, At safepoint: 48853 ns, Total: 122694 ns
[2020-02-27T10:09:46.142+0000][1][safepoint    ] Safepoint "RevokeBias", Time since last: 2511094583 ns, Reaching safepoint: 143961 ns, At safepoint: 34833 ns, Total: 178794 ns
[2020-02-27T10:09:47.977+0000][1][gc,start     ] GC(177) Pause Young (Allocation Failure)
[2020-02-27T10:09:47.978+0000][1][gc,task      ] GC(177) Using 1 workers of 1 for evacuation
[2020-02-27T10:09:47.991+0000][1][gc,age       ] GC(177) Desired survivor size 4358144 bytes, new threshold 6 (max threshold 6)
[2020-02-27T10:09:47.991+0000][1][gc,age       ] GC(177) Age table with threshold 6 (max threshold 6)
[2020-02-27T10:09:47.991+0000][1][gc,age       ] GC(177) - age   1:      11784 bytes,      11784 total
[2020-02-27T10:09:47.991+0000][1][gc,age       ] GC(177) - age   2:        208 bytes,      11992 total
[2020-02-27T10:09:47.991+0000][1][gc,age       ] GC(177) - age   4:        328 bytes,      12320 total
[2020-02-27T10:09:47.991+0000][1][gc,heap      ] GC(177) ParNew: 68171K->22K(76672K)
[2020-02-27T10:09:47.991+0000][1][gc,heap      ] GC(177) CMS: 62525K->62525K(963392K)
[2020-02-27T10:09:47.991+0000][1][gc,metaspace ] GC(177) Metaspace: 80611K->80611K(1124352K)
[2020-02-27T10:09:47.991+0000][1][gc           ] GC(177) Pause Young (Allocation Failure) 127M->61M(1015M) 13.381ms
[2020-02-27T10:09:47.991+0000][1][gc,cpu       ] GC(177) User=0.02s Sys=0.00s Real=0.01s
[2020-02-27T10:09:47.991+0000][1][safepoint    ] Safepoint "GenCollectForAllocation", Time since last: 1835159776 ns, Reaching safepoint: 255389 ns, At safepoint: 13445190 ns, Total: 13700579 ns
[2020-02-27T10:09:48.645+0000][1][safepoint    ] Safepoint "RevokeBias", Time since last: 654497603 ns, Reaching safepoint: 75197 ns, At safepoint: 18769 ns, Total: 93966 ns
[2020-02-27T10:09:51.149+0000][1][safepoint    ] Safepoint "RevokeBias", Time since last: 2503349895 ns, Reaching safepoint: 90190 ns, At safepoint: 20911 ns, Total: 111101 ns
[2020-02-27T10:09:53.654+0000][1][safepoint    ] Safepoint "RevokeBias", Time since last: 2504918649 ns, Reaching safepoint: 77142 ns, At safepoint: 18561 ns, Total: 95703 ns
[2020-02-27T10:09:56.159+0000][1][safepoint    ] Safepoint "BulkRevokeBias", Time since last: 2504660824 ns, Reaching safepoint: 96613 ns, At safepoint: 308342 ns, Total: 404955 ns
[2020-02-27T10:09:58.663+0000][1][safepoint    ] Safepoint "RevokeBias", Time since last: 2503413997 ns, Reaching safepoint: 74201 ns, At safepoint: 18477 ns, Total: 92678 ns
[2020-02-27T10:10:01.167+0000][1][safepoint    ] Safepoint "RevokeBias", Time since last: 2504098271 ns, Reaching safepoint: 76717 ns, At safepoint: 18192 ns, Total: 94909 ns
[2020-02-27T10:10:03.672+0000][1][safepoint    ] Safepoint "RevokeBias", Time since last: 2504692370 ns, Reaching safepoint: 76998 ns, At safepoint: 96106 ns, Total: 173104 ns
[2020-02-27T10:10:06.177+0000][1][safepoint    ] Safepoint "RevokeBias", Time since last: 2505742009 ns, Reaching safepoint: 92173 ns, At safepoint: 20907 ns, Total: 113080 ns
[2020-02-27T10:10:08.681+0000][1][safepoint    ] Safepoint "RevokeBias", Time since last: 2502933434 ns, Reaching safepoint: 145218 ns, At safepoint: 23846 ns, Total: 169064 ns
[2020-02-27T10:10:11.185+0000][1][safepoint    ] Safepoint "RevokeBias", Time since last: 2503953911 ns, Reaching safepoint: 124084 ns, At safepoint: 18378 ns, Total: 142462 ns
[2020-02-27T10:10:13.689+0000][1][safepoint    ] Safepoint "RevokeBias", Time since last: 2503789506 ns, Reaching safepoint: 75338 ns, At safepoint: 17095 ns, Total: 92433 ns
[2020-02-27T10:10:16.193+0000][1][safepoint    ] Safepoint "RevokeBias", Time since last: 2504868816 ns, Reaching safepoint: 74450 ns, At safepoint: 18211 ns, Total: 92661 ns
[2020-02-27T10:10:18.697+0000][1][safepoint    ] Safepoint "RevokeBias", Time since last: 2503600143 ns, Reaching safepoint: 76596 ns, At safepoint: 18232 ns, Total: 94828 ns
[2020-02-27T10:10:21.199+0000][1][safepoint    ] Safepoint "RevokeBias", Time since last: 2502006117 ns, Reaching safepoint: 74429 ns, At safepoint: 17854 ns, Total: 92283 ns
[2020-02-27T10:10:23.705+0000][1][safepoint    ] Safepoint "RevokeBias", Time since last: 2505622894 ns, Reaching safepoint: 133916 ns, At safepoint: 26367 ns, Total: 160283 ns
[2020-02-27T10:10:26.214+0000][1][safepoint    ] Safepoint "RevokeBias", Time since last: 2508592481 ns, Reaching safepoint: 73287 ns, At safepoint: 17964 ns, Total: 91251 ns
[2020-02-27T10:10:28.716+0000][1][safepoint    ] Safepoint "RevokeBias", Time since last: 2502423178 ns, Reaching safepoint: 79838 ns, At safepoint: 27078 ns, Total: 106916 ns
[2020-02-27T10:10:31.228+0000][1][safepoint    ] Safepoint "RevokeBias", Time since last: 2511293088 ns, Reaching safepoint: 102757 ns, At safepoint: 29695 ns, Total: 132452 ns
[2020-02-27T10:10:33.739+0000][1][safepoint    ] Safepoint "RevokeBias", Time since last: 2510724959 ns, Reaching safepoint: 216121 ns, At safepoint: 32184 ns, Total: 248305 ns
[2020-02-27T10:10:36.253+0000][1][safepoint    ] Safepoint "RevokeBias", Time since last: 2514623844 ns, Reaching safepoint: 136179 ns, At safepoint: 25287 ns, Total: 161466 ns
[2020-02-27T10:10:38.763+0000][1][safepoint    ] Safepoint "RevokeBias", Time since last: 2509756350 ns, Reaching safepoint: 75770 ns, At safepoint: 18096 ns, Total: 93866 ns
[2020-02-27T10:10:41.274+0000][1][safepoint    ] Safepoint "RevokeBias", Time since last: 2510328307 ns, Reaching safepoint: 74520 ns, At safepoint: 17802 ns, Total: 92322 ns
[2020-02-27T10:10:43.784+0000][1][safepoint    ] Safepoint "RevokeBias", Time since last: 2510122013 ns, Reaching safepoint: 139114 ns, At safepoint: 26694 ns, Total: 165808 ns
[2020-02-27T10:10:46.297+0000][1][safepoint    ] Safepoint "RevokeBias", Time since last: 2512534877 ns, Reaching safepoint: 94225 ns, At safepoint: 20941 ns, Total: 115166 ns
[2020-02-27T10:10:48.809+0000][1][safepoint    ] Safepoint "RevokeBias", Time since last: 2512042661 ns, Reaching safepoint: 74816 ns, At safepoint: 18140 ns, Total: 92956 ns
[2020-02-27T10:10:51.321+0000][1][safepoint    ] Safepoint "RevokeBias", Time since last: 2512479473 ns, Reaching safepoint: 75931 ns, At safepoint: 18310 ns, Total: 94241 ns
[2020-02-27T10:10:53.836+0000][1][safepoint    ] Safepoint "RevokeBias", Time since last: 2514618953 ns, Reaching safepoint: 75725 ns, At safepoint: 18665 ns, Total: 94390 ns
[2020-02-27T10:10:56.342+0000][1][safepoint    ] Safepoint "RevokeBias", Time since last: 2505635893 ns, Reaching safepoint: 73188 ns, At safepoint: 18184 ns, Total: 91372 ns
[2020-02-27T10:10:58.846+0000][1][safepoint    ] Safepoint "RevokeBias", Time since last: 2503746912 ns, Reaching safepoint: 85659 ns, At safepoint: 20379 ns, Total: 106038 ns
[2020-02-27T10:11:01.350+0000][1][safepoint    ] Safepoint "RevokeBias", Time since last: 2504291597 ns, Reaching safepoint: 122805 ns, At safepoint: 50177 ns, Total: 172982 ns
[2020-02-27T10:11:03.856+0000][1][safepoint    ] Safepoint "RevokeBias", Time since last: 2505488611 ns, Reaching safepoint: 86793 ns, At safepoint: 22492 ns, Total: 109285 ns
[2020-02-27T10:11:06.362+0000][1][safepoint    ] Safepoint "RevokeBias", Time since last: 2506601051 ns, Reaching safepoint: 91947 ns, At safepoint: 21964 ns, Total: 113911 ns
[2020-02-27T10:11:08.864+0000][1][safepoint    ] Safepoint "BulkRevokeBias", Time since last: 2501750314 ns, Reaching safepoint: 56798 ns, At safepoint: 148984 ns, Total: 205782 ns
[2020-02-27T10:11:11.369+0000][1][safepoint    ] Safepoint "RevokeBias", Time since last: 2504811666 ns, Reaching safepoint: 153808 ns, At safepoint: 33839 ns, Total: 187647 ns
[2020-02-27T10:11:13.874+0000][1][safepoint    ] Safepoint "RevokeBias", Time since last: 2504727354 ns, Reaching safepoint: 71247 ns, At safepoint: 17521 ns, Total: 88768 ns
[2020-02-27T10:11:16.380+0000][1][safepoint    ] Safepoint "RevokeBias", Time since last: 2505422804 ns, Reaching safepoint: 76055 ns, At safepoint: 18796 ns, Total: 94851 ns
[2020-02-27T10:11:18.883+0000][1][safepoint    ] Safepoint "RevokeBias", Time since last: 2503322645 ns, Reaching safepoint: 58679 ns, At safepoint: 18838 ns, Total: 77517 ns
[2020-02-27T10:11:21.387+0000][1][safepoint    ] Safepoint "RevokeBias", Time since last: 2503588871 ns, Reaching safepoint: 83126 ns, At safepoint: 27184 ns, Total: 110310 ns
[2020-02-27T10:11:23.896+0000][1][safepoint    ] Safepoint "RevokeBias", Time since last: 2509464786 ns, Reaching safepoint: 97464 ns, At safepoint: 19062 ns, Total: 116526 ns
[2020-02-27T10:11:26.402+0000][1][safepoint    ] Safepoint "RevokeBias", Time since last: 2505720664 ns, Reaching safepoint: 74132 ns, At safepoint: 17516 ns, Total: 91648 ns
[2020-02-27T10:11:28.907+0000][1][safepoint    ] Safepoint "RevokeBias", Time since last: 2504209282 ns, Reaching safepoint: 74412 ns, At safepoint: 105697 ns, Total: 180109 ns
[2020-02-27T10:11:31.412+0000][1][safepoint    ] Safepoint "RevokeBias", Time since last: 2505087174 ns, Reaching safepoint: 82508 ns, At safepoint: 19658 ns, Total: 102166 ns
[2020-02-27T10:11:33.917+0000][1][safepoint    ] Safepoint "RevokeBias", Time since last: 2504667352 ns, Reaching safepoint: 94131 ns, At safepoint: 18927 ns, Total: 113058 ns
[2020-02-27T10:11:36.424+0000][1][safepoint    ] Safepoint "RevokeBias", Time since last: 2506759022 ns, Reaching safepoint: 127875 ns, At safepoint: 96163 ns, Total: 224038 ns
[2020-02-27T10:11:38.936+0000][1][safepoint    ] Safepoint "RevokeBias", Time since last: 2512545519 ns, Reaching safepoint: 74297 ns, At safepoint: 17670 ns, Total: 91967 ns
[2020-02-27T10:11:41.447+0000][1][safepoint    ] Safepoint "RevokeBias", Time since last: 2510948614 ns, Reaching safepoint: 100647 ns, At safepoint: 27293 ns, Total: 127940 ns
[2020-02-27T10:11:43.958+0000][1][safepoint    ] Safepoint "RevokeBias", Time since last: 2510763094 ns, Reaching safepoint: 172492 ns, At safepoint: 34466 ns, Total: 206958 ns
[2020-02-27T10:11:46.467+0000][1][safepoint    ] Safepoint "RevokeBias", Time since last: 2508506673 ns, Reaching safepoint: 75653 ns, At safepoint: 18540 ns, Total: 94193 ns
[2020-02-27T10:11:48.976+0000][1][safepoint    ] Safepoint "RevokeBias", Time since last: 2509495265 ns, Reaching safepoint: 74125 ns, At safepoint: 17394 ns, Total: 91519 ns
[2020-02-27T10:11:51.486+0000][1][safepoint    ] Safepoint "RevokeBias", Time since last: 2509286381 ns, Reaching safepoint: 75945 ns, At safepoint: 18454 ns, Total: 94399 ns
[2020-02-27T10:11:53.998+0000][1][safepoint    ] Safepoint "RevokeBias", Time since last: 2512153693 ns, Reaching safepoint: 99561 ns, At safepoint: 26312 ns, Total: 125873 ns
[2020-02-27T10:11:56.511+0000][1][safepoint    ] Safepoint "RevokeBias", Time since last: 2513142385 ns, Reaching safepoint: 76460 ns, At safepoint: 18024 ns, Total: 94484 ns
[2020-02-27T10:11:59.033+0000][1][safepoint    ] Safepoint "RevokeBias", Time since last: 2521826537 ns, Reaching safepoint: 76646 ns, At safepoint: 18328 ns, Total: 94974 ns
[2020-02-27T10:12:01.542+0000][1][safepoint    ] Safepoint "RevokeBias", Time since last: 2509013288 ns, Reaching safepoint: 141976 ns, At safepoint: 20781 ns, Total: 162757 ns
[2020-02-27T10:12:04.059+0000][1][gc,start     ] GC(178) Pause Young (Allocation Failure)
[2020-02-27T10:12:04.059+0000][1][gc,task      ] GC(178) Using 1 workers of 1 for evacuation
[2020-02-27T10:12:04.080+0000][1][gc,age       ] GC(178) Desired survivor size 4358144 bytes, new threshold 6 (max threshold 6)
[2020-02-27T10:12:04.080+0000][1][gc,age       ] GC(178) Age table with threshold 6 (max threshold 6)
[2020-02-27T10:12:04.080+0000][1][gc,age       ] GC(178) - age   1:      14488 bytes,      14488 total
[2020-02-27T10:12:04.080+0000][1][gc,age       ] GC(178) - age   2:        968 bytes,      15456 total
[2020-02-27T10:12:04.080+0000][1][gc,age       ] GC(178) - age   3:         88 bytes,      15544 total
[2020-02-27T10:12:04.080+0000][1][gc,age       ] GC(178) - age   5:         96 bytes,      15640 total
[2020-02-27T10:12:04.080+0000][1][gc,heap      ] GC(178) ParNew: 68182K->21K(76672K)
[2020-02-27T10:12:04.080+0000][1][gc,heap      ] GC(178) CMS: 62525K->62525K(963392K)
[2020-02-27T10:12:04.081+0000][1][gc,metaspace ] GC(178) Metaspace: 80611K->80611K(1124352K)
[2020-02-27T10:12:04.081+0000][1][gc           ] GC(178) Pause Young (Allocation Failure) 127M->61M(1015M) 21.496ms
[2020-02-27T10:12:04.081+0000][1][gc,cpu       ] GC(178) User=0.01s Sys=0.00s Real=0.02s
[2020-02-27T10:12:04.081+0000][1][safepoint    ] Safepoint "GenCollectForAllocation", Time since last: 2516542434 ns, Reaching safepoint: 92473 ns, At safepoint: 21580539 ns, Total: 21673012 ns
[2020-02-27T10:12:04.082+0000][1][safepoint    ] Safepoint "RevokeBias", Time since last: 1212213 ns, Reaching safepoint: 69215 ns, At safepoint: 16961 ns, Total: 86176 ns
[2020-02-27T10:12:06.592+0000][1][safepoint    ] Safepoint "RevokeBias", Time since last: 2509864413 ns, Reaching safepoint: 114340 ns, At safepoint: 74560 ns, Total: 188900 ns
[2020-02-27T10:12:09.102+0000][1][safepoint    ] Safepoint "RevokeBias", Time since last: 2510210481 ns, Reaching safepoint: 59517 ns, At safepoint: 38708 ns, Total: 98225 ns
[2020-02-27T10:12:11.614+0000][1][safepoint    ] Safepoint "RevokeBias", Time since last: 2511405161 ns, Reaching safepoint: 174084 ns, At safepoint: 23095 ns, Total: 197179 ns
[2020-02-27T10:12:14.121+0000][1][safepoint    ] Safepoint "RevokeBias", Time since last: 2506914813 ns, Reaching safepoint: 75293 ns, At safepoint: 18544 ns, Total: 93837 ns
[2020-02-27T10:12:16.628+0000][1][safepoint    ] Safepoint "RevokeBias", Time since last: 2506574393 ns, Reaching safepoint: 142472 ns, At safepoint: 27686 ns, Total: 170158 ns
[2020-02-27T10:12:19.134+0000][1][safepoint    ] Safepoint "RevokeBias", Time since last: 2506061126 ns, Reaching safepoint: 90769 ns, At safepoint: 37638 ns, Total: 128407 ns
[2020-02-27T10:12:21.638+0000][1][safepoint    ] Safepoint "BulkRevokeBias", Time since last: 2503789131 ns, Reaching safepoint: 73467 ns, At safepoint: 196093 ns, Total: 269560 ns
[2020-02-27T10:12:24.143+0000][1][safepoint    ] Safepoint "RevokeBias", Time since last: 2504735382 ns, Reaching safepoint: 154539 ns, At safepoint: 57246 ns, Total: 211785 ns
[2020-02-27T10:12:26.647+0000][1][safepoint    ] Safepoint "RevokeBias", Time since last: 2504431723 ns, Reaching safepoint: 77872 ns, At safepoint: 18348 ns, Total: 96220 ns
[2020-02-27T10:12:29.151+0000][1][safepoint    ] Safepoint "RevokeBias", Time since last: 2503312610 ns, Reaching safepoint: 74560 ns, At safepoint: 18201 ns, Total: 92761 ns
[2020-02-27T10:12:31.655+0000][1][safepoint    ] Safepoint "RevokeBias", Time since last: 2503993188 ns, Reaching safepoint: 104282 ns, At safepoint: 28810 ns, Total: 133092 ns
[2020-02-27T10:12:34.161+0000][1][safepoint    ] Safepoint "RevokeBias", Time since last: 2505653935 ns, Reaching safepoint: 98271 ns, At safepoint: 22051 ns, Total: 120322 ns
[2020-02-27T10:12:36.664+0000][1][safepoint    ] Safepoint "RevokeBias", Time since last: 2503339584 ns, Reaching safepoint: 126349 ns, At safepoint: 21187 ns, Total: 147536 ns
[2020-02-27T10:12:39.167+0000][1][safepoint    ] Safepoint "RevokeBias", Time since last: 2502873518 ns, Reaching safepoint: 139201 ns, At safepoint: 24222 ns, Total: 163423 ns
[2020-02-27T10:12:41.670+0000][1][safepoint    ] Safepoint "RevokeBias", Time since last: 2502851774 ns, Reaching safepoint: 76579 ns, At safepoint: 18737 ns, Total: 95316 ns
[2020-02-27T10:12:44.175+0000][1][safepoint    ] Safepoint "RevokeBias", Time since last: 2505072464 ns, Reaching safepoint: 80964 ns, At safepoint: 19438 ns, Total: 100402 ns
[2020-02-27T10:12:46.685+0000][1][safepoint    ] Safepoint "RevokeBias", Time since last: 2509205028 ns, Reaching safepoint: 102906 ns, At safepoint: 22715 ns, Total: 125621 ns
[2020-02-27T10:12:49.195+0000][1][safepoint    ] Safepoint "RevokeBias", Time since last: 2510270244 ns, Reaching safepoint: 129805 ns, At safepoint: 44078 ns, Total: 173883 ns
[2020-02-27T10:12:51.704+0000][1][safepoint    ] Safepoint "RevokeBias", Time since last: 2508766707 ns, Reaching safepoint: 76459 ns, At safepoint: 17930 ns, Total: 94389 ns
[2020-02-27T10:12:54.214+0000][1][safepoint    ] Safepoint "RevokeBias", Time since last: 2509950123 ns, Reaching safepoint: 183267 ns, At safepoint: 28346 ns, Total: 211613 ns
[2020-02-27T10:12:56.729+0000][1][safepoint    ] Safepoint "RevokeBias", Time since last: 2514571004 ns, Reaching safepoint: 137670 ns, At safepoint: 34149 ns, Total: 171819 ns
[2020-02-27T10:12:59.237+0000][1][safepoint    ] Safepoint "RevokeBias", Time since last: 2507669756 ns, Reaching safepoint: 99445 ns, At safepoint: 26256 ns, Total: 125701 ns
[2020-02-27T10:13:01.747+0000][1][safepoint    ] Safepoint "RevokeBias", Time since last: 2510558022 ns, Reaching safepoint: 105141 ns, At safepoint: 27509 ns, Total: 132650 ns
[2020-02-27T10:13:04.266+0000][1][safepoint    ] Safepoint "RevokeBias", Time since last: 2518199600 ns, Reaching safepoint: 110204 ns, At safepoint: 31314 ns, Total: 141518 ns
[2020-02-27T10:13:06.770+0000][1][safepoint    ] Safepoint "RevokeBias", Time since last: 2504030301 ns, Reaching safepoint: 112720 ns, At safepoint: 19238 ns, Total: 131958 ns
[2020-02-27T10:13:09.281+0000][1][safepoint    ] Safepoint "RevokeBias", Time since last: 2510906216 ns, Reaching safepoint: 103483 ns, At safepoint: 86368 ns, Total: 189851 ns
[2020-02-27T10:13:11.784+0000][1][safepoint    ] Safepoint "RevokeBias", Time since last: 2502703419 ns, Reaching safepoint: 73827 ns, At safepoint: 18113 ns, Total: 91940 ns
[2020-02-27T10:13:14.290+0000][1][safepoint    ] Safepoint "RevokeBias", Time since last: 2506351018 ns, Reaching safepoint: 151342 ns, At safepoint: 29670 ns, Total: 181012 ns
[2020-02-27T10:13:16.798+0000][1][safepoint    ] Safepoint "RevokeBias", Time since last: 2507793221 ns, Reaching safepoint: 138857 ns, At safepoint: 34909 ns, Total: 173766 ns
[2020-02-27T10:13:19.306+0000][1][safepoint    ] Safepoint "RevokeBias", Time since last: 2507389914 ns, Reaching safepoint: 74008 ns, At safepoint: 18476 ns, Total: 92484 ns
[2020-02-27T10:13:21.814+0000][1][safepoint    ] Safepoint "RevokeBias", Time since last: 2507647164 ns, Reaching safepoint: 85151 ns, At safepoint: 26225 ns, Total: 111376 ns
[2020-02-27T10:13:24.336+0000][1][safepoint    ] Safepoint "RevokeBias", Time since last: 2522394166 ns, Reaching safepoint: 109960 ns, At safepoint: 29040 ns, Total: 139000 ns
[2020-02-27T10:13:26.852+0000][1][safepoint    ] Safepoint "RevokeBias", Time since last: 2516301079 ns, Reaching safepoint: 76718 ns, At safepoint: 18586 ns, Total: 95304 ns
[2020-02-27T10:13:29.372+0000][1][safepoint    ] Safepoint "RevokeBias", Time since last: 2519546483 ns, Reaching safepoint: 78882 ns, At safepoint: 20643 ns, Total: 99525 ns
[2020-02-27T10:13:31.882+0000][1][safepoint    ] Safepoint "RevokeBias", Time since last: 2509699106 ns, Reaching safepoint: 82979 ns, At safepoint: 21021 ns, Total: 104000 ns
[2020-02-27T10:13:34.400+0000][1][safepoint    ] Safepoint "BulkRevokeBias", Time since last: 2517766606 ns, Reaching safepoint: 59131 ns, At safepoint: 155996 ns, Total: 215127 ns
[2020-02-27T10:13:36.909+0000][1][safepoint    ] Safepoint "RevokeBias", Time since last: 2509486218 ns, Reaching safepoint: 87435 ns, At safepoint: 21279 ns, Total: 108714 ns
[2020-02-27T10:13:39.422+0000][1][safepoint    ] Safepoint "RevokeBias", Time since last: 2512757444 ns, Reaching safepoint: 80112 ns, At safepoint: 22285 ns, Total: 102397 ns
[2020-02-27T10:13:41.934+0000][1][safepoint    ] Safepoint "RevokeBias", Time since last: 2511544536 ns, Reaching safepoint: 91280 ns, At safepoint: 18092 ns, Total: 109372 ns
[2020-02-27T10:13:44.454+0000][1][safepoint    ] Safepoint "RevokeBias", Time since last: 2519967923 ns, Reaching safepoint: 221049 ns, At safepoint: 39844 ns, Total: 260893 ns
[2020-02-27T10:13:46.960+0000][1][safepoint    ] Safepoint "RevokeBias", Time since last: 2505699014 ns, Reaching safepoint: 232950 ns, At safepoint: 57857 ns, Total: 290807 ns
[2020-02-27T10:13:49.463+0000][1][safepoint    ] Safepoint "RevokeBias", Time since last: 2503080463 ns, Reaching safepoint: 77189 ns, At safepoint: 19034 ns, Total: 96223 ns
[2020-02-27T10:13:51.968+0000][1][safepoint    ] Safepoint "RevokeBias", Time since last: 2504307682 ns, Reaching safepoint: 74411 ns, At safepoint: 17558 ns, Total: 91969 ns
[2020-02-27T10:13:54.474+0000][1][safepoint    ] Safepoint "RevokeBias", Time since last: 2506489611 ns, Reaching safepoint: 74061 ns, At safepoint: 17868 ns, Total: 91929 ns
[2020-02-27T10:13:56.978+0000][1][safepoint    ] Safepoint "RevokeBias", Time since last: 2503479055 ns, Reaching safepoint: 79504 ns, At safepoint: 18898 ns, Total: 98402 ns
[2020-02-27T10:13:59.481+0000][1][safepoint    ] Safepoint "RevokeBias", Time since last: 2502999408 ns, Reaching safepoint: 77725 ns, At safepoint: 17642 ns, Total: 95367 ns
[2020-02-27T10:14:01.983+0000][1][safepoint    ] Safepoint "RevokeBias", Time since last: 2502215266 ns, Reaching safepoint: 73736 ns, At safepoint: 18336 ns, Total: 92072 ns
[2020-02-27T10:14:04.487+0000][1][safepoint    ] Safepoint "RevokeBias", Time since last: 2503832927 ns, Reaching safepoint: 121340 ns, At safepoint: 17629 ns, Total: 138969 ns
[2020-02-27T10:14:07.025+0000][1][safepoint    ] Safepoint "RevokeBias", Time since last: 2537354695 ns, Reaching safepoint: 76922 ns, At safepoint: 17413 ns, Total: 94335 ns
[2020-02-27T10:14:09.528+0000][1][safepoint    ] Safepoint "RevokeBias", Time since last: 2502777848 ns, Reaching safepoint: 125129 ns, At safepoint: 44298 ns, Total: 169427 ns
[2020-02-27T10:14:12.031+0000][1][safepoint    ] Safepoint "RevokeBias", Time since last: 2503288378 ns, Reaching safepoint: 55985 ns, At safepoint: 16877 ns, Total: 72862 ns
[2020-02-27T10:14:14.535+0000][1][safepoint    ] Safepoint "RevokeBias", Time since last: 2504099112 ns, Reaching safepoint: 147108 ns, At safepoint: 38308 ns, Total: 185416 ns
[2020-02-27T10:14:17.039+0000][1][safepoint    ] Safepoint "RevokeBias", Time since last: 2503872315 ns, Reaching safepoint: 94677 ns, At safepoint: 23650 ns, Total: 118327 ns
[2020-02-27T10:14:19.543+0000][1][safepoint    ] Safepoint "RevokeBias", Time since last: 2503318068 ns, Reaching safepoint: 71765 ns, At safepoint: 17669 ns, Total: 89434 ns
[2020-02-27T10:14:22.046+0000][1][gc,start     ] GC(179) Pause Young (Allocation Failure)
[2020-02-27T10:14:22.046+0000][1][gc,task      ] GC(179) Using 1 workers of 1 for evacuation
[2020-02-27T10:14:22.059+0000][1][gc,age       ] GC(179) Desired survivor size 4358144 bytes, new threshold 6 (max threshold 6)
[2020-02-27T10:14:22.059+0000][1][gc,age       ] GC(179) Age table with threshold 6 (max threshold 6)
[2020-02-27T10:14:22.059+0000][1][gc,age       ] GC(179) - age   1:      45752 bytes,      45752 total
[2020-02-27T10:14:22.059+0000][1][gc,age       ] GC(179) - age   2:        504 bytes,      46256 total
[2020-02-27T10:14:22.059+0000][1][gc,age       ] GC(179) - age   3:        968 bytes,      47224 total
[2020-02-27T10:14:22.059+0000][1][gc,age       ] GC(179) - age   4:         88 bytes,      47312 total
[2020-02-27T10:14:22.059+0000][1][gc,age       ] GC(179) - age   6:         96 bytes,      47408 total
[2020-02-27T10:14:22.059+0000][1][gc,heap      ] GC(179) ParNew: 68181K->53K(76672K)
[2020-02-27T10:14:22.059+0000][1][gc,heap      ] GC(179) CMS: 62525K->62525K(963392K)
[2020-02-27T10:14:22.059+0000][1][gc,metaspace ] GC(179) Metaspace: 80611K->80611K(1124352K)
[2020-02-27T10:14:22.059+0000][1][gc           ] GC(179) Pause Young (Allocation Failure) 127M->61M(1015M) 13.198ms
[2020-02-27T10:14:22.059+0000][1][gc,cpu       ] GC(179) User=0.02s Sys=0.00s Real=0.01s
[2020-02-27T10:14:22.059+0000][1][safepoint    ] Safepoint "GenCollectForAllocation", Time since last: 2502957151 ns, Reaching safepoint: 85640 ns, At safepoint: 13252953 ns, Total: 13338593 ns
[2020-02-27T10:14:22.060+0000][1][safepoint    ] Safepoint "RevokeBias", Time since last: 690627 ns, Reaching safepoint: 70940 ns, At safepoint: 16324 ns, Total: 87264 ns
[2020-02-27T10:14:24.565+0000][1][safepoint    ] Safepoint "RevokeBias", Time since last: 2504873269 ns, Reaching safepoint: 120614 ns, At safepoint: 29639 ns, Total: 150253 ns
[2020-02-27T10:14:27.075+0000][1][safepoint    ] Safepoint "RevokeBias", Time since last: 2509640987 ns, Reaching safepoint: 73961 ns, At safepoint: 17568 ns, Total: 91529 ns
[2020-02-27T10:14:29.582+0000][1][safepoint    ] Safepoint "RevokeBias", Time since last: 2507194361 ns, Reaching safepoint: 78097 ns, At safepoint: 18495 ns, Total: 96592 ns
[2020-02-27T10:14:32.095+0000][1][safepoint    ] Safepoint "RevokeBias", Time since last: 2513097844 ns, Reaching safepoint: 113486 ns, At safepoint: 29222 ns, Total: 142708 ns
[2020-02-27T10:14:34.605+0000][1][safepoint    ] Safepoint "RevokeBias", Time since last: 2509756069 ns, Reaching safepoint: 74786 ns, At safepoint: 18130 ns, Total: 92916 ns
[2020-02-27T10:14:37.127+0000][1][safepoint    ] Safepoint "RevokeBias", Time since last: 2521727435 ns, Reaching safepoint: 58185 ns, At safepoint: 16149 ns, Total: 74334 ns
[2020-02-27T10:14:39.640+0000][1][safepoint    ] Safepoint "RevokeBias", Time since last: 2513499529 ns, Reaching safepoint: 96328 ns, At safepoint: 26895 ns, Total: 123223 ns
[2020-02-27T10:14:42.155+0000][1][safepoint    ] Safepoint "RevokeBias", Time since last: 2514721845 ns, Reaching safepoint: 73173 ns, At safepoint: 17742 ns, Total: 90915 ns
[2020-02-27T10:14:44.670+0000][1][safepoint    ] Safepoint "RevokeBias", Time since last: 2514569026 ns, Reaching safepoint: 73450 ns, At safepoint: 17537 ns, Total: 90987 ns
[2020-02-27T10:14:47.180+0000][1][safepoint    ] Safepoint "BulkRevokeBias", Time since last: 2509125040 ns, Reaching safepoint: 123475 ns, At safepoint: 424474 ns, Total: 547949 ns
[2020-02-27T10:14:49.688+0000][1][safepoint    ] Safepoint "RevokeBias", Time since last: 2507866569 ns, Reaching safepoint: 193299 ns, At safepoint: 21240 ns, Total: 214539 ns
[2020-02-27T10:14:52.205+0000][1][safepoint    ] Safepoint "RevokeBias", Time since last: 2517188780 ns, Reaching safepoint: 232942 ns, At safepoint: 55276 ns, Total: 288218 ns
[2020-02-27T10:14:54.717+0000][1][safepoint    ] Safepoint "RevokeBias", Time since last: 2511670195 ns, Reaching safepoint: 76734 ns, At safepoint: 18419 ns, Total: 95153 ns
[2020-02-27T10:14:57.232+0000][1][safepoint    ] Safepoint "RevokeBias", Time since last: 2515188636 ns, Reaching safepoint: 168759 ns, At safepoint: 34476 ns, Total: 203235 ns
[2020-02-27T10:14:59.741+0000][1][safepoint    ] Safepoint "RevokeBias", Time since last: 2508203675 ns, Reaching safepoint: 75444 ns, At safepoint: 18309 ns, Total: 93753 ns
[2020-02-27T10:15:02.244+0000][1][safepoint    ] Safepoint "RevokeBias", Time since last: 2503627004 ns, Reaching safepoint: 108240 ns, At safepoint: 24784 ns, Total: 133024 ns
[2020-02-27T10:15:04.750+0000][1][safepoint    ] Safepoint "RevokeBias", Time since last: 2505110946 ns, Reaching safepoint: 74712 ns, At safepoint: 18309 ns, Total: 93021 ns
[2020-02-27T10:15:07.253+0000][1][safepoint    ] Safepoint "RevokeBias", Time since last: 2503407117 ns, Reaching safepoint: 122897 ns, At safepoint: 22439 ns, Total: 145336 ns
[2020-02-27T10:15:09.757+0000][1][safepoint    ] Safepoint "RevokeBias", Time since last: 2504136648 ns, Reaching safepoint: 146347 ns, At safepoint: 22283 ns, Total: 168630 ns
[2020-02-27T10:15:12.261+0000][1][safepoint    ] Safepoint "RevokeBias", Time since last: 2503483566 ns, Reaching safepoint: 93527 ns, At safepoint: 20746 ns, Total: 114273 ns
[2020-02-27T10:15:14.767+0000][1][safepoint    ] Safepoint "RevokeBias", Time since last: 2506380209 ns, Reaching safepoint: 74139 ns, At safepoint: 18167 ns, Total: 92306 ns
[2020-02-27T10:15:17.273+0000][1][safepoint    ] Safepoint "RevokeBias", Time since last: 2505310332 ns, Reaching safepoint: 77632 ns, At safepoint: 18908 ns, Total: 96540 ns
[2020-02-27T10:15:19.776+0000][1][safepoint    ] Safepoint "RevokeBias", Time since last: 2503124567 ns, Reaching safepoint: 116578 ns, At safepoint: 20032 ns, Total: 136610 ns
[2020-02-27T10:15:22.280+0000][1][safepoint    ] Safepoint "RevokeBias", Time since last: 2503798722 ns, Reaching safepoint: 75161 ns, At safepoint: 18205 ns, Total: 93366 ns
[2020-02-27T10:15:24.787+0000][1][safepoint    ] Safepoint "RevokeBias", Time since last: 2506744458 ns, Reaching safepoint: 84109 ns, At safepoint: 19765 ns, Total: 103874 ns
[2020-02-27T10:15:27.291+0000][1][safepoint    ] Safepoint "RevokeBias", Time since last: 2503697056 ns, Reaching safepoint: 79682 ns, At safepoint: 18338 ns, Total: 98020 ns
[2020-02-27T10:15:29.795+0000][1][safepoint    ] Safepoint "RevokeBias", Time since last: 2504280352 ns, Reaching safepoint: 72386 ns, At safepoint: 17415 ns, Total: 89801 ns
[2020-02-27T10:15:32.298+0000][1][safepoint    ] Safepoint "RevokeBias", Time since last: 2503125554 ns, Reaching safepoint: 70980 ns, At safepoint: 18523 ns, Total: 89503 ns
[2020-02-27T10:15:34.804+0000][1][safepoint    ] Safepoint "RevokeBias", Time since last: 2505843812 ns, Reaching safepoint: 74470 ns, At safepoint: 18241 ns, Total: 92711 ns
[2020-02-27T10:15:37.306+0000][1][safepoint    ] Safepoint "RevokeBias", Time since last: 2501990912 ns, Reaching safepoint: 87130 ns, At safepoint: 52783 ns, Total: 139913 ns
[2020-02-27T10:15:39.810+0000][1][safepoint    ] Safepoint "RevokeBias", Time since last: 2503161643 ns, Reaching safepoint: 105127 ns, At safepoint: 22474 ns, Total: 127601 ns
[2020-02-27T10:15:42.314+0000][1][safepoint    ] Safepoint "RevokeBias", Time since last: 2504342115 ns, Reaching safepoint: 326431 ns, At safepoint: 104092 ns, Total: 430523 ns
[2020-02-27T10:15:44.821+0000][1][safepoint    ] Safepoint "RevokeBias", Time since last: 2506523534 ns, Reaching safepoint: 94201 ns, At safepoint: 18814 ns, Total: 113015 ns
[2020-02-27T10:15:47.325+0000][1][safepoint    ] Safepoint "RevokeBias", Time since last: 2503468073 ns, Reaching safepoint: 73418 ns, At safepoint: 18182 ns, Total: 91600 ns
[2020-02-27T10:15:49.835+0000][1][safepoint    ] Safepoint "RevokeBias", Time since last: 2510128788 ns, Reaching safepoint: 114164 ns, At safepoint: 29176 ns, Total: 143340 ns
[2020-02-27T10:15:52.342+0000][1][safepoint    ] Safepoint "RevokeBias", Time since last: 2507408109 ns, Reaching safepoint: 72992 ns, At safepoint: 105258 ns, Total: 178250 ns
[2020-02-27T10:15:54.854+0000][1][safepoint    ] Safepoint "RevokeBias", Time since last: 2511759767 ns, Reaching safepoint: 104737 ns, At safepoint: 27911 ns, Total: 132648 ns
[2020-02-27T10:15:57.365+0000][1][safepoint    ] Safepoint "RevokeBias", Time since last: 2511010992 ns, Reaching safepoint: 81669 ns, At safepoint: 21446 ns, Total: 103115 ns
[2020-02-27T10:15:59.880+0000][1][safepoint    ] Safepoint "BulkRevokeBias", Time since last: 2514404577 ns, Reaching safepoint: 92769 ns, At safepoint: 206549 ns, Total: 299318 ns
[2020-02-27T10:16:02.385+0000][1][safepoint    ] Safepoint "RevokeBias", Time since last: 2504776355 ns, Reaching safepoint: 77995 ns, At safepoint: 19066 ns, Total: 97061 ns
[2020-02-27T10:16:04.903+0000][1][safepoint    ] Safepoint "RevokeBias", Time since last: 2517425194 ns, Reaching safepoint: 169294 ns, At safepoint: 30061 ns, Total: 199355 ns
[2020-02-27T10:16:07.411+0000][1][safepoint    ] Safepoint "RevokeBias", Time since last: 2508664138 ns, Reaching safepoint: 77030 ns, At safepoint: 18642 ns, Total: 95672 ns
[2020-02-27T10:16:09.919+0000][1][safepoint    ] Safepoint "RevokeBias", Time since last: 2507790051 ns, Reaching safepoint: 75543 ns, At safepoint: 17191 ns, Total: 92734 ns
[2020-02-27T10:16:12.427+0000][1][safepoint    ] Safepoint "RevokeBias", Time since last: 2507535402 ns, Reaching safepoint: 126443 ns, At safepoint: 21886 ns, Total: 148329 ns
[2020-02-27T10:16:14.950+0000][1][safepoint    ] Safepoint "RevokeBias", Time since last: 2522628581 ns, Reaching safepoint: 116499 ns, At safepoint: 18487 ns, Total: 134986 ns
[2020-02-27T10:16:17.459+0000][1][safepoint    ] Safepoint "RevokeBias", Time since last: 2508996835 ns, Reaching safepoint: 175435 ns, At safepoint: 31689 ns, Total: 207124 ns
[2020-02-27T10:16:19.977+0000][1][safepoint    ] Safepoint "RevokeBias", Time since last: 2516613148 ns, Reaching safepoint: 1911450 ns, At safepoint: 25586 ns, Total: 1937036 ns
[2020-02-27T10:16:22.531+0000][1][safepoint    ] Safepoint "RevokeBias", Time since last: 2553199338 ns, Reaching safepoint: 208947 ns, At safepoint: 29767 ns, Total: 238714 ns
[2020-02-27T10:16:25.039+0000][1][safepoint    ] Safepoint "RevokeBias", Time since last: 2507637621 ns, Reaching safepoint: 226512 ns, At safepoint: 26191 ns, Total: 252703 ns
[2020-02-27T10:16:27.581+0000][1][safepoint    ] Safepoint "RevokeBias", Time since last: 2541668022 ns, Reaching safepoint: 80098 ns, At safepoint: 49851 ns, Total: 129949 ns
[2020-02-27T10:16:30.084+0000][1][safepoint    ] Safepoint "RevokeBias", Time since last: 2503624657 ns, Reaching safepoint: 74924 ns, At safepoint: 17678 ns, Total: 92602 ns
[2020-02-27T10:16:32.588+0000][1][safepoint    ] Safepoint "RevokeBias", Time since last: 2503146299 ns, Reaching safepoint: 123443 ns, At safepoint: 24318 ns, Total: 147761 ns
[2020-02-27T10:16:35.092+0000][1][safepoint    ] Safepoint "RevokeBias", Time since last: 2504551067 ns, Reaching safepoint: 81320 ns, At safepoint: 20378 ns, Total: 101698 ns
[2020-02-27T10:16:37.596+0000][1][safepoint    ] Safepoint "RevokeBias", Time since last: 2503942071 ns, Reaching safepoint: 74095 ns, At safepoint: 17881 ns, Total: 91976 ns
[2020-02-27T10:16:38.311+0000][1][gc,start     ] GC(180) Pause Young (Allocation Failure)
[2020-02-27T10:16:38.312+0000][1][gc,task      ] GC(180) Using 1 workers of 1 for evacuation
[2020-02-27T10:16:38.323+0000][1][gc,age       ] GC(180) Desired survivor size 4358144 bytes, new threshold 6 (max threshold 6)
[2020-02-27T10:16:38.323+0000][1][gc,age       ] GC(180) Age table with threshold 6 (max threshold 6)
[2020-02-27T10:16:38.323+0000][1][gc,age       ] GC(180) - age   1:      11696 bytes,      11696 total
[2020-02-27T10:16:38.323+0000][1][gc,age       ] GC(180) - age   2:        120 bytes,      11816 total
[2020-02-27T10:16:38.323+0000][1][gc,age       ] GC(180) - age   3:        504 bytes,      12320 total
[2020-02-27T10:16:38.323+0000][1][gc,age       ] GC(180) - age   4:        968 bytes,      13288 total
[2020-02-27T10:16:38.323+0000][1][gc,age       ] GC(180) - age   5:         88 bytes,      13376 total
[2020-02-27T10:16:38.323+0000][1][gc,heap      ] GC(180) ParNew: 68213K->38K(76672K)
[2020-02-27T10:16:38.323+0000][1][gc,heap      ] GC(180) CMS: 62525K->62525K(963392K)
[2020-02-27T10:16:38.323+0000][1][gc,metaspace ] GC(180) Metaspace: 80611K->80611K(1124352K)
[2020-02-27T10:16:38.323+0000][1][gc           ] GC(180) Pause Young (Allocation Failure) 127M->61M(1015M) 11.459ms
[2020-02-27T10:16:38.323+0000][1][gc,cpu       ] GC(180) User=0.01s Sys=0.00s Real=0.01s
[2020-02-27T10:16:38.323+0000][1][safepoint    ] Safepoint "GenCollectForAllocation", Time since last: 715094720 ns, Reaching safepoint: 82113 ns, At safepoint: 11524218 ns, Total: 11606331 ns
[2020-02-27T10:16:40.101+0000][1][safepoint    ] Safepoint "RevokeBias", Time since last: 1777834436 ns, Reaching safepoint: 82090 ns, At safepoint: 20695 ns, Total: 102785 ns
[2020-02-27T10:16:42.607+0000][1][safepoint    ] Safepoint "RevokeBias", Time since last: 2505516055 ns, Reaching safepoint: 143334 ns, At safepoint: 33655 ns, Total: 176989 ns
[2020-02-27T10:16:45.125+0000][1][safepoint    ] Safepoint "RevokeBias", Time since last: 2518011578 ns, Reaching safepoint: 112600 ns, At safepoint: 27253 ns, Total: 139853 ns
[2020-02-27T10:16:47.682+0000][1][safepoint    ] Safepoint "RevokeBias", Time since last: 2557526737 ns, Reaching safepoint: 73624 ns, At safepoint: 18370 ns, Total: 91994 ns
[2020-02-27T10:16:50.191+0000][1][safepoint    ] Safepoint "RevokeBias", Time since last: 2508244228 ns, Reaching safepoint: 292491 ns, At safepoint: 36224 ns, Total: 328715 ns
[2020-02-27T10:16:52.745+0000][1][safepoint    ] Safepoint "RevokeBias", Time since last: 2553672596 ns, Reaching safepoint: 72899 ns, At safepoint: 18401 ns, Total: 91300 ns
[2020-02-27T10:16:55.267+0000][1][safepoint    ] Safepoint "RevokeBias", Time since last: 2522039311 ns, Reaching safepoint: 74410 ns, At safepoint: 18136 ns, Total: 92546 ns
[2020-02-27T10:16:57.771+0000][1][safepoint    ] Safepoint "RevokeBias", Time since last: 2503578986 ns, Reaching safepoint: 75752 ns, At safepoint: 18150 ns, Total: 93902 ns
[2020-02-27T10:17:00.273+0000][1][safepoint    ] Safepoint "RevokeBias", Time since last: 2502271618 ns, Reaching safepoint: 76602 ns, At safepoint: 17872 ns, Total: 94474 ns
[2020-02-27T10:17:02.787+0000][1][safepoint    ] Safepoint "RevokeBias", Time since last: 2514183079 ns, Reaching safepoint: 108157 ns, At safepoint: 30418 ns, Total: 138575 ns
[2020-02-27T10:17:05.301+0000][1][safepoint    ] Safepoint "RevokeBias", Time since last: 2513863312 ns, Reaching safepoint: 74359 ns, At safepoint: 17292 ns, Total: 91651 ns
[2020-02-27T10:17:07.823+0000][1][safepoint    ] Safepoint "RevokeBias", Time since last: 2521758905 ns, Reaching safepoint: 55076 ns, At safepoint: 16082 ns, Total: 71158 ns
[2020-02-27T10:17:10.333+0000][1][safepoint    ] Safepoint "RevokeBias", Time since last: 2509771429 ns, Reaching safepoint: 116320 ns, At safepoint: 46564 ns, Total: 162884 ns
[2020-02-27T10:17:12.845+0000][1][safepoint    ] Safepoint "BulkRevokeBias", Time since last: 2511228339 ns, Reaching safepoint: 339615 ns, At safepoint: 388201 ns, Total: 727816 ns
[2020-02-27T10:17:15.358+0000][1][safepoint    ] Safepoint "RevokeBias", Time since last: 2513380781 ns, Reaching safepoint: 75451 ns, At safepoint: 18134 ns, Total: 93585 ns
[2020-02-27T10:17:17.867+0000][1][safepoint    ] Safepoint "RevokeBias", Time since last: 2508356587 ns, Reaching safepoint: 77144 ns, At safepoint: 17921 ns, Total: 95065 ns
[2020-02-27T10:17:20.379+0000][1][safepoint    ] Safepoint "RevokeBias", Time since last: 2512558799 ns, Reaching safepoint: 80619 ns, At safepoint: 20449 ns, Total: 101068 ns
[2020-02-27T10:17:22.890+0000][1][safepoint    ] Safepoint "RevokeBias", Time since last: 2510503858 ns, Reaching safepoint: 90394 ns, At safepoint: 20781 ns, Total: 111175 ns
[2020-02-27T10:17:25.403+0000][1][safepoint    ] Safepoint "RevokeBias", Time since last: 2512349151 ns, Reaching safepoint: 75490 ns, At safepoint: 18356 ns, Total: 93846 ns
[2020-02-27T10:17:27.906+0000][1][safepoint    ] Safepoint "RevokeBias", Time since last: 2503475146 ns, Reaching safepoint: 97824 ns, At safepoint: 22984 ns, Total: 120808 ns
[2020-02-27T10:17:30.409+0000][1][safepoint    ] Safepoint "RevokeBias", Time since last: 2503069696 ns, Reaching safepoint: 159591 ns, At safepoint: 55816 ns, Total: 215407 ns
[2020-02-27T10:17:32.914+0000][1][safepoint    ] Safepoint "RevokeBias", Time since last: 2504169080 ns, Reaching safepoint: 75858 ns, At safepoint: 18528 ns, Total: 94386 ns
[2020-02-27T10:17:35.417+0000][1][safepoint    ] Safepoint "RevokeBias", Time since last: 2503058871 ns, Reaching safepoint: 171187 ns, At safepoint: 21364 ns, Total: 192551 ns
[2020-02-27T10:17:37.922+0000][1][safepoint    ] Safepoint "RevokeBias", Time since last: 2504680260 ns, Reaching safepoint: 115303 ns, At safepoint: 29071 ns, Total: 144374 ns
[2020-02-27T10:17:40.427+0000][1][safepoint    ] Safepoint "RevokeBias", Time since last: 2504707720 ns, Reaching safepoint: 103343 ns, At safepoint: 33496 ns, Total: 136839 ns
[2020-02-27T10:17:42.934+0000][1][safepoint    ] Safepoint "RevokeBias", Time since last: 2507414374 ns, Reaching safepoint: 56577 ns, At safepoint: 17009 ns, Total: 73586 ns
[2020-02-27T10:17:45.440+0000][1][safepoint    ] Safepoint "RevokeBias", Time since last: 2505672044 ns, Reaching safepoint: 75682 ns, At safepoint: 18419 ns, Total: 94101 ns
[2020-02-27T10:17:47.945+0000][1][safepoint    ] Safepoint "RevokeBias", Time since last: 2504655268 ns, Reaching safepoint: 77907 ns, At safepoint: 18832 ns, Total: 96739 ns
[2020-02-27T10:17:50.454+0000][1][safepoint    ] Safepoint "RevokeBias", Time since last: 2509232151 ns, Reaching safepoint: 57077 ns, At safepoint: 16615 ns, Total: 73692 ns
[2020-02-27T10:17:52.962+0000][1][safepoint    ] Safepoint "RevokeBias", Time since last: 2507440335 ns, Reaching safepoint: 111783 ns, At safepoint: 40647 ns, Total: 152430 ns
[2020-02-27T10:17:55.474+0000][1][safepoint    ] Safepoint "RevokeBias", Time since last: 2511924648 ns, Reaching safepoint: 73087 ns, At safepoint: 17833 ns, Total: 90920 ns
[2020-02-27T10:17:57.984+0000][1][safepoint    ] Safepoint "RevokeBias", Time since last: 2510171617 ns, Reaching safepoint: 79761 ns, At safepoint: 19630 ns, Total: 99391 ns
[2020-02-27T10:18:00.506+0000][1][safepoint    ] Safepoint "RevokeBias", Time since last: 2522615886 ns, Reaching safepoint: 72721 ns, At safepoint: 17849 ns, Total: 90570 ns
[2020-02-27T10:18:03.017+0000][1][safepoint    ] Safepoint "RevokeBias", Time since last: 2510735513 ns, Reaching safepoint: 74781 ns, At safepoint: 17966 ns, Total: 92747 ns
[2020-02-27T10:18:05.524+0000][1][safepoint    ] Safepoint "RevokeBias", Time since last: 2506201677 ns, Reaching safepoint: 124720 ns, At safepoint: 29227 ns, Total: 153947 ns
[2020-02-27T10:18:08.029+0000][1][safepoint    ] Safepoint "RevokeBias", Time since last: 2505409295 ns, Reaching safepoint: 110852 ns, At safepoint: 19018 ns, Total: 129870 ns
[2020-02-27T10:18:10.532+0000][1][safepoint    ] Safepoint "RevokeBias", Time since last: 2502735477 ns, Reaching safepoint: 73937 ns, At safepoint: 17318 ns, Total: 91255 ns
[2020-02-27T10:18:13.036+0000][1][safepoint    ] Safepoint "RevokeBias", Time since last: 2504054804 ns, Reaching safepoint: 108969 ns, At safepoint: 18932 ns, Total: 127901 ns
[2020-02-27T10:18:15.542+0000][1][safepoint    ] Safepoint "RevokeBias", Time since last: 2505487109 ns, Reaching safepoint: 77353 ns, At safepoint: 27754 ns, Total: 105107 ns
[2020-02-27T10:18:18.046+0000][1][safepoint    ] Safepoint "RevokeBias", Time since last: 2504501251 ns, Reaching safepoint: 109290 ns, At safepoint: 31348 ns, Total: 140638 ns
[2020-02-27T10:18:20.549+0000][1][safepoint    ] Safepoint "RevokeBias", Time since last: 2502370109 ns, Reaching safepoint: 75230 ns, At safepoint: 18294 ns, Total: 93524 ns
[2020-02-27T10:18:23.052+0000][1][safepoint    ] Safepoint "RevokeBias", Time since last: 2502746862 ns, Reaching safepoint: 175176 ns, At safepoint: 25776 ns, Total: 200952 ns
[2020-02-27T10:18:25.559+0000][1][safepoint    ] Safepoint "BulkRevokeBias", Time since last: 2507297070 ns, Reaching safepoint: 77583 ns, At safepoint: 193690 ns, Total: 271273 ns
[2020-02-27T10:18:28.063+0000][1][safepoint    ] Safepoint "RevokeBias", Time since last: 2503609236 ns, Reaching safepoint: 74498 ns, At safepoint: 18316 ns, Total: 92814 ns
[2020-02-27T10:18:30.565+0000][1][safepoint    ] Safepoint "RevokeBias", Time since last: 2501857050 ns, Reaching safepoint: 74381 ns, At safepoint: 18281 ns, Total: 92662 ns
[2020-02-27T10:18:33.070+0000][1][safepoint    ] Safepoint "RevokeBias", Time since last: 2504613971 ns, Reaching safepoint: 76241 ns, At safepoint: 18239 ns, Total: 94480 ns
[2020-02-27T10:18:35.575+0000][1][safepoint    ] Safepoint "RevokeBias", Time since last: 2505246730 ns, Reaching safepoint: 173642 ns, At safepoint: 25947 ns, Total: 199589 ns
[2020-02-27T10:18:38.081+0000][1][safepoint    ] Safepoint "RevokeBias", Time since last: 2505959229 ns, Reaching safepoint: 133710 ns, At safepoint: 45172 ns, Total: 178882 ns
[2020-02-27T10:18:40.586+0000][1][safepoint    ] Safepoint "RevokeBias", Time since last: 2504465943 ns, Reaching safepoint: 81940 ns, At safepoint: 21731 ns, Total: 103671 ns
[2020-02-27T10:18:43.101+0000][1][safepoint    ] Safepoint "RevokeBias", Time since last: 2514513363 ns, Reaching safepoint: 161713 ns, At safepoint: 49825 ns, Total: 211538 ns
[2020-02-27T10:18:45.608+0000][1][safepoint    ] Safepoint "RevokeBias", Time since last: 2507481787 ns, Reaching safepoint: 80323 ns, At safepoint: 25609 ns, Total: 105932 ns
[2020-02-27T10:18:48.119+0000][1][safepoint    ] Safepoint "RevokeBias", Time since last: 2511082833 ns, Reaching safepoint: 63217 ns, At safepoint: 18424 ns, Total: 81641 ns
[2020-02-27T10:18:50.632+0000][1][safepoint    ] Safepoint "RevokeBias", Time since last: 2512852754 ns, Reaching safepoint: 92756 ns, At safepoint: 82450 ns, Total: 175206 ns
[2020-02-27T10:18:53.157+0000][1][safepoint    ] Safepoint "RevokeBias", Time since last: 2524544446 ns, Reaching safepoint: 92014 ns, At safepoint: 20696 ns, Total: 112710 ns
[2020-02-27T10:18:54.684+0000][1][gc,start     ] GC(181) Pause Young (Allocation Failure)
[2020-02-27T10:18:54.684+0000][1][gc,task      ] GC(181) Using 1 workers of 1 for evacuation
[2020-02-27T10:18:54.694+0000][1][gc,age       ] GC(181) Desired survivor size 4358144 bytes, new threshold 6 (max threshold 6)
[2020-02-27T10:18:54.694+0000][1][gc,age       ] GC(181) Age table with threshold 6 (max threshold 6)
[2020-02-27T10:18:54.694+0000][1][gc,age       ] GC(181) - age   1:      10776 bytes,      10776 total
[2020-02-27T10:18:54.694+0000][1][gc,age       ] GC(181) - age   2:        184 bytes,      10960 total
[2020-02-27T10:18:54.694+0000][1][gc,age       ] GC(181) - age   4:        384 bytes,      11344 total
[2020-02-27T10:18:54.694+0000][1][gc,age       ] GC(181) - age   5:        968 bytes,      12312 total
[2020-02-27T10:18:54.694+0000][1][gc,age       ] GC(181) - age   6:         88 bytes,      12400 total
[2020-02-27T10:18:54.694+0000][1][gc,heap      ] GC(181) ParNew: 68198K->12K(76672K)
[2020-02-27T10:18:54.694+0000][1][gc,heap      ] GC(181) CMS: 62525K->62525K(963392K)
[2020-02-27T10:18:54.694+0000][1][gc,metaspace ] GC(181) Metaspace: 80611K->80611K(1124352K)
[2020-02-27T10:18:54.694+0000][1][gc           ] GC(181) Pause Young (Allocation Failure) 127M->61M(1015M) 9.901ms
[2020-02-27T10:18:54.694+0000][1][gc,cpu       ] GC(181) User=0.01s Sys=0.00s Real=0.01s
[2020-02-27T10:18:54.694+0000][1][safepoint    ] Safepoint "GenCollectForAllocation", Time since last: 1526995692 ns, Reaching safepoint: 89838 ns, At safepoint: 10042553 ns, Total: 10132391 ns
[2020-02-27T10:18:55.669+0000][1][safepoint    ] Safepoint "RevokeBias", Time since last: 975000261 ns, Reaching safepoint: 77435 ns, At safepoint: 18412 ns, Total: 95847 ns
[2020-02-27T10:18:58.182+0000][1][safepoint    ] Safepoint "RevokeBias", Time since last: 2512965006 ns, Reaching safepoint: 72589 ns, At safepoint: 18416 ns, Total: 91005 ns
[2020-02-27T10:19:00.691+0000][1][safepoint    ] Safepoint "RevokeBias", Time since last: 2508358222 ns, Reaching safepoint: 84980 ns, At safepoint: 33156 ns, Total: 118136 ns
[2020-02-27T10:19:03.200+0000][1][safepoint    ] Safepoint "RevokeBias", Time since last: 2508986316 ns, Reaching safepoint: 54924 ns, At safepoint: 16586 ns, Total: 71510 ns
[2020-02-27T10:19:05.712+0000][1][safepoint    ] Safepoint "RevokeBias", Time since last: 2512187821 ns, Reaching safepoint: 92877 ns, At safepoint: 22636 ns, Total: 115513 ns
[2020-02-27T10:19:08.232+0000][1][safepoint    ] Safepoint "RevokeBias", Time since last: 2519876253 ns, Reaching safepoint: 149868 ns, At safepoint: 20593 ns, Total: 170461 ns
[2020-02-27T10:19:10.741+0000][1][safepoint    ] Safepoint "RevokeBias", Time since last: 2508948139 ns, Reaching safepoint: 114727 ns, At safepoint: 29788 ns, Total: 144515 ns
[2020-02-27T10:19:13.251+0000][1][safepoint    ] Safepoint "RevokeBias", Time since last: 2508995021 ns, Reaching safepoint: 149619 ns, At safepoint: 24100 ns, Total: 173719 ns
[2020-02-27T10:19:15.759+0000][1][safepoint    ] Safepoint "RevokeBias", Time since last: 2507929132 ns, Reaching safepoint: 76295 ns, At safepoint: 34926 ns, Total: 111221 ns
[2020-02-27T10:19:18.267+0000][1][safepoint    ] Safepoint "RevokeBias", Time since last: 2508259483 ns, Reaching safepoint: 77473 ns, At safepoint: 19058 ns, Total: 96531 ns
[2020-02-27T10:19:20.771+0000][1][safepoint    ] Safepoint "RevokeBias", Time since last: 2503825871 ns, Reaching safepoint: 79816 ns, At safepoint: 19255 ns, Total: 99071 ns
[2020-02-27T10:19:23.275+0000][1][safepoint    ] Safepoint "RevokeBias", Time since last: 2503573137 ns, Reaching safepoint: 158193 ns, At safepoint: 23312 ns, Total: 181505 ns
[2020-02-27T10:19:25.781+0000][1][safepoint    ] Safepoint "RevokeBias", Time since last: 2506229360 ns, Reaching safepoint: 77299 ns, At safepoint: 18390 ns, Total: 95689 ns
[2020-02-27T10:19:28.287+0000][1][safepoint    ] Safepoint "RevokeBias", Time since last: 2506081962 ns, Reaching safepoint: 93291 ns, At safepoint: 111042 ns, Total: 204333 ns
[2020-02-27T10:19:30.800+0000][1][safepoint    ] Safepoint "RevokeBias", Time since last: 2512892868 ns, Reaching safepoint: 74054 ns, At safepoint: 18031 ns, Total: 92085 ns
[2020-02-27T10:19:33.315+0000][1][safepoint    ] Safepoint "RevokeBias", Time since last: 2514482219 ns, Reaching safepoint: 110834 ns, At safepoint: 21289 ns, Total: 132123 ns
[2020-02-27T10:19:35.824+0000][1][safepoint    ] Safepoint "RevokeBias", Time since last: 2509182272 ns, Reaching safepoint: 74952 ns, At safepoint: 17606 ns, Total: 92558 ns
[2020-02-27T10:19:38.329+0000][1][safepoint    ] Safepoint "BulkRevokeBias", Time since last: 2504371767 ns, Reaching safepoint: 73646 ns, At safepoint: 293142 ns, Total: 366788 ns
[2020-02-27T10:19:40.834+0000][1][safepoint    ] Safepoint "RevokeBias", Time since last: 2504993775 ns, Reaching safepoint: 79124 ns, At safepoint: 19001 ns, Total: 98125 ns
[2020-02-27T10:19:43.338+0000][1][safepoint    ] Safepoint "RevokeBias", Time since last: 2503696623 ns, Reaching safepoint: 187173 ns, At safepoint: 52321 ns, Total: 239494 ns
[2020-02-27T10:19:45.845+0000][1][safepoint    ] Safepoint "RevokeBias", Time since last: 2506712492 ns, Reaching safepoint: 97382 ns, At safepoint: 31551 ns, Total: 128933 ns
[2020-02-27T10:19:48.350+0000][1][safepoint    ] Safepoint "RevokeBias", Time since last: 2505065686 ns, Reaching safepoint: 93785 ns, At safepoint: 21313 ns, Total: 115098 ns
[2020-02-27T10:19:50.864+0000][1][safepoint    ] Safepoint "RevokeBias", Time since last: 2514259743 ns, Reaching safepoint: 75385 ns, At safepoint: 85197 ns, Total: 160582 ns
[2020-02-27T10:19:53.377+0000][1][safepoint    ] Safepoint "RevokeBias", Time since last: 2512908730 ns, Reaching safepoint: 154460 ns, At safepoint: 17717 ns, Total: 172177 ns
[2020-02-27T10:19:55.895+0000][1][safepoint    ] Safepoint "RevokeBias", Time since last: 2517623192 ns, Reaching safepoint: 149861 ns, At safepoint: 22687 ns, Total: 172548 ns
[2020-02-27T10:19:58.410+0000][1][safepoint    ] Safepoint "RevokeBias", Time since last: 2515114190 ns, Reaching safepoint: 74625 ns, At safepoint: 17690 ns, Total: 92315 ns
[2020-02-27T10:20:00.925+0000][1][safepoint    ] Safepoint "RevokeBias", Time since last: 2514334051 ns, Reaching safepoint: 56307 ns, At safepoint: 16956 ns, Total: 73263 ns
[2020-02-27T10:20:03.437+0000][1][safepoint    ] Safepoint "RevokeBias", Time since last: 2511835209 ns, Reaching safepoint: 110290 ns, At safepoint: 17763 ns, Total: 128053 ns
[2020-02-27T10:20:05.947+0000][1][safepoint    ] Safepoint "RevokeBias", Time since last: 2510247434 ns, Reaching safepoint: 127387 ns, At safepoint: 24436 ns, Total: 151823 ns
[2020-02-27T10:20:08.458+0000][1][safepoint    ] Safepoint "RevokeBias", Time since last: 2510693881 ns, Reaching safepoint: 57887 ns, At safepoint: 17409 ns, Total: 75296 ns
[2020-02-27T10:20:10.969+0000][1][safepoint    ] Safepoint "RevokeBias", Time since last: 2510763244 ns, Reaching safepoint: 123637 ns, At safepoint: 40999 ns, Total: 164636 ns
[2020-02-27T10:20:13.480+0000][1][safepoint    ] Safepoint "RevokeBias", Time since last: 2510699172 ns, Reaching safepoint: 77788 ns, At safepoint: 18670 ns, Total: 96458 ns
[2020-02-27T10:20:16.114+0000][1][safepoint    ] Safepoint "RevokeBias", Time since last: 2633998351 ns, Reaching safepoint: 165026 ns, At safepoint: 28354 ns, Total: 193380 ns
[2020-02-27T10:20:18.628+0000][1][safepoint    ] Safepoint "RevokeBias", Time since last: 2513967165 ns, Reaching safepoint: 99377 ns, At safepoint: 23057 ns, Total: 122434 ns
[2020-02-27T10:20:21.131+0000][1][safepoint    ] Safepoint "RevokeBias", Time since last: 2502718728 ns, Reaching safepoint: 115501 ns, At safepoint: 20920 ns, Total: 136421 ns
[2020-02-27T10:20:23.634+0000][1][safepoint    ] Safepoint "RevokeBias", Time since last: 2503096240 ns, Reaching safepoint: 196795 ns, At safepoint: 31477 ns, Total: 228272 ns
[2020-02-27T10:20:26.141+0000][1][safepoint    ] Safepoint "RevokeBias", Time since last: 2507232738 ns, Reaching safepoint: 75135 ns, At safepoint: 18454 ns, Total: 93589 ns
[2020-02-27T10:20:28.647+0000][1][safepoint    ] Safepoint "RevokeBias", Time since last: 2505666077 ns, Reaching safepoint: 78598 ns, At safepoint: 18698 ns, Total: 97296 ns
[2020-02-27T10:20:31.151+0000][1][safepoint    ] Safepoint "RevokeBias", Time since last: 2503753274 ns, Reaching safepoint: 83473 ns, At safepoint: 32679 ns, Total: 116152 ns
[2020-02-27T10:20:33.656+0000][1][safepoint    ] Safepoint "RevokeBias", Time since last: 2504626845 ns, Reaching safepoint: 74962 ns, At safepoint: 18433 ns, Total: 93395 ns
[2020-02-27T10:20:36.162+0000][1][safepoint    ] Safepoint "RevokeBias", Time since last: 2505869587 ns, Reaching safepoint: 74267 ns, At safepoint: 52963 ns, Total: 127230 ns
[2020-02-27T10:20:38.671+0000][1][safepoint    ] Safepoint "RevokeBias", Time since last: 2509327973 ns, Reaching safepoint: 274258 ns, At safepoint: 37993 ns, Total: 312251 ns
[2020-02-27T10:20:41.177+0000][1][safepoint    ] Safepoint "RevokeBias", Time since last: 2505677258 ns, Reaching safepoint: 103101 ns, At safepoint: 27443 ns, Total: 130544 ns
[2020-02-27T10:20:43.681+0000][1][safepoint    ] Safepoint "RevokeBias", Time since last: 2503828883 ns, Reaching safepoint: 74024 ns, At safepoint: 18236 ns, Total: 92260 ns
[2020-02-27T10:20:46.187+0000][1][safepoint    ] Safepoint "RevokeBias", Time since last: 2505956796 ns, Reaching safepoint: 80083 ns, At safepoint: 19707 ns, Total: 99790 ns
[2020-02-27T10:20:48.759+0000][1][safepoint    ] Safepoint "RevokeBias", Time since last: 2571424622 ns, Reaching safepoint: 218837 ns, At safepoint: 49179 ns, Total: 268016 ns
[2020-02-27T10:20:51.273+0000][1][safepoint    ] Safepoint "BulkRevokeBias", Time since last: 2513647025 ns, Reaching safepoint: 84668 ns, At safepoint: 218817 ns, Total: 303485 ns
[2020-02-27T10:20:53.784+0000][1][safepoint    ] Safepoint "RevokeBias", Time since last: 2510834877 ns, Reaching safepoint: 63691 ns, At safepoint: 166492 ns, Total: 230183 ns
[2020-02-27T10:20:56.299+0000][1][safepoint    ] Safepoint "RevokeBias", Time since last: 2515444440 ns, Reaching safepoint: 77675 ns, At safepoint: 18102 ns, Total: 95777 ns
[2020-02-27T10:20:58.815+0000][1][safepoint    ] Safepoint "RevokeBias", Time since last: 2515044560 ns, Reaching safepoint: 56716 ns, At safepoint: 17052 ns, Total: 73768 ns
[2020-02-27T10:21:01.324+0000][1][safepoint    ] Safepoint "RevokeBias", Time since last: 2509114946 ns, Reaching safepoint: 99348 ns, At safepoint: 22302 ns, Total: 121650 ns
[2020-02-27T10:21:03.842+0000][1][safepoint    ] Safepoint "RevokeBias", Time since last: 2518419353 ns, Reaching safepoint: 78251 ns, At safepoint: 19209 ns, Total: 97460 ns
[2020-02-27T10:21:06.354+0000][1][safepoint    ] Safepoint "RevokeBias", Time since last: 2511816370 ns, Reaching safepoint: 77727 ns, At safepoint: 19246 ns, Total: 96973 ns
[2020-02-27T10:21:08.860+0000][1][safepoint    ] Safepoint "RevokeBias", Time since last: 2506015579 ns, Reaching safepoint: 121404 ns, At safepoint: 31832 ns, Total: 153236 ns
[2020-02-27T10:21:11.364+0000][1][safepoint    ] Safepoint "RevokeBias", Time since last: 2503210650 ns, Reaching safepoint: 78988 ns, At safepoint: 17929 ns, Total: 96917 ns
[2020-02-27T10:21:13.581+0000][1][gc,start     ] GC(182) Pause Young (Allocation Failure)
[2020-02-27T10:21:13.581+0000][1][gc,task      ] GC(182) Using 1 workers of 1 for evacuation
[2020-02-27T10:21:13.597+0000][1][gc,age       ] GC(182) Desired survivor size 4358144 bytes, new threshold 6 (max threshold 6)
[2020-02-27T10:21:13.597+0000][1][gc,age       ] GC(182) Age table with threshold 6 (max threshold 6)
[2020-02-27T10:21:13.597+0000][1][gc,age       ] GC(182) - age   1:      11968 bytes,      11968 total
[2020-02-27T10:21:13.597+0000][1][gc,age       ] GC(182) - age   3:        184 bytes,      12152 total
[2020-02-27T10:21:13.597+0000][1][gc,age       ] GC(182) - age   5:        152 bytes,      12304 total
[2020-02-27T10:21:13.597+0000][1][gc,age       ] GC(182) - age   6:        968 bytes,      13272 total
[2020-02-27T10:21:13.597+0000][1][gc,heap      ] GC(182) ParNew: 68172K->24K(76672K)
[2020-02-27T10:21:13.597+0000][1][gc,heap      ] GC(182) CMS: 62525K->62525K(963392K)
[2020-02-27T10:21:13.597+0000][1][gc,metaspace ] GC(182) Metaspace: 80611K->80611K(1124352K)
[2020-02-27T10:21:13.597+0000][1][gc           ] GC(182) Pause Young (Allocation Failure) 127M->61M(1015M) 15.388ms
[2020-02-27T10:21:13.597+0000][1][gc,cpu       ] GC(182) User=0.02s Sys=0.00s Real=0.01s
[2020-02-27T10:21:13.597+0000][1][safepoint    ] Safepoint "GenCollectForAllocation", Time since last: 2217526494 ns, Reaching safepoint: 82209 ns, At safepoint: 15445446 ns, Total: 15527655 ns
[2020-02-27T10:21:13.870+0000][1][safepoint    ] Safepoint "RevokeBias", Time since last: 273166605 ns, Reaching safepoint: 73691 ns, At safepoint: 18971 ns, Total: 92662 ns
[2020-02-27T10:21:16.376+0000][1][safepoint    ] Safepoint "RevokeBias", Time since last: 2505421855 ns, Reaching safepoint: 111444 ns, At safepoint: 34791 ns, Total: 146235 ns
[2020-02-27T10:21:18.882+0000][1][safepoint    ] Safepoint "RevokeBias", Time since last: 2506457810 ns, Reaching safepoint: 196578 ns, At safepoint: 31341 ns, Total: 227919 ns
[2020-02-27T10:21:21.386+0000][1][safepoint    ] Safepoint "RevokeBias", Time since last: 2503303464 ns, Reaching safepoint: 122223 ns, At safepoint: 25360 ns, Total: 147583 ns
[2020-02-27T10:21:23.890+0000][1][safepoint    ] Safepoint "RevokeBias", Time since last: 2503684618 ns, Reaching safepoint: 101245 ns, At safepoint: 26805 ns, Total: 128050 ns
[2020-02-27T10:21:26.398+0000][1][safepoint    ] Safepoint "RevokeBias", Time since last: 2508104477 ns, Reaching safepoint: 75106 ns, At safepoint: 18701 ns, Total: 93807 ns
[2020-02-27T10:21:28.903+0000][1][safepoint    ] Safepoint "RevokeBias", Time since last: 2505527088 ns, Reaching safepoint: 172722 ns, At safepoint: 21522 ns, Total: 194244 ns
[2020-02-27T10:21:31.408+0000][1][safepoint    ] Safepoint "RevokeBias", Time since last: 2504152001 ns, Reaching safepoint: 93006 ns, At safepoint: 19075 ns, Total: 112081 ns
[2020-02-27T10:21:33.913+0000][1][safepoint    ] Safepoint "RevokeBias", Time since last: 2505578617 ns, Reaching safepoint: 78221 ns, At safepoint: 18761 ns, Total: 96982 ns
[2020-02-27T10:21:36.418+0000][1][safepoint    ] Safepoint "RevokeBias", Time since last: 2504575963 ns, Reaching safepoint: 75063 ns, At safepoint: 17714 ns, Total: 92777 ns
[2020-02-27T10:21:38.924+0000][1][safepoint    ] Safepoint "RevokeBias", Time since last: 2505923590 ns, Reaching safepoint: 207153 ns, At safepoint: 57960 ns, Total: 265113 ns
[2020-02-27T10:21:41.438+0000][1][safepoint    ] Safepoint "RevokeBias", Time since last: 2513293614 ns, Reaching safepoint: 108230 ns, At safepoint: 28744 ns, Total: 136974 ns
[2020-02-27T10:21:43.949+0000][1][safepoint    ] Safepoint "RevokeBias", Time since last: 2511326143 ns, Reaching safepoint: 71912 ns, At safepoint: 92276 ns, Total: 164188 ns
[2020-02-27T10:21:46.462+0000][1][safepoint    ] Safepoint "RevokeBias", Time since last: 2512742621 ns, Reaching safepoint: 212555 ns, At safepoint: 77011 ns, Total: 289566 ns
[2020-02-27T10:21:48.976+0000][1][safepoint    ] Safepoint "RevokeBias", Time since last: 2513534979 ns, Reaching safepoint: 105808 ns, At safepoint: 22550 ns, Total: 128358 ns
[2020-02-27T10:21:51.495+0000][1][safepoint    ] Safepoint "RevokeBias", Time since last: 2518952165 ns, Reaching safepoint: 201025 ns, At safepoint: 32214 ns, Total: 233239 ns
[2020-02-27T10:21:54.003+0000][1][safepoint    ] Safepoint "RevokeBias", Time since last: 2507813008 ns, Reaching safepoint: 99358 ns, At safepoint: 18768 ns, Total: 118126 ns
[2020-02-27T10:21:56.520+0000][1][safepoint    ] Safepoint "RevokeBias", Time since last: 2517029628 ns, Reaching safepoint: 57226 ns, At safepoint: 16125 ns, Total: 73351 ns
[2020-02-27T10:21:59.030+0000][1][safepoint    ] Safepoint "RevokeBias", Time since last: 2509442827 ns, Reaching safepoint: 74075 ns, At safepoint: 18111 ns, Total: 92186 ns
[2020-02-27T10:22:01.538+0000][1][safepoint    ] Safepoint "RevokeBias", Time since last: 2507965524 ns, Reaching safepoint: 74694 ns, At safepoint: 17475 ns, Total: 92169 ns
[2020-02-27T10:22:04.050+0000][1][safepoint    ] Safepoint "BulkRevokeBias", Time since last: 2512232591 ns, Reaching safepoint: 76932 ns, At safepoint: 207193 ns, Total: 284125 ns
[2020-02-27T10:22:06.555+0000][1][safepoint    ] Safepoint "RevokeBias", Time since last: 2504624785 ns, Reaching safepoint: 183886 ns, At safepoint: 20939 ns, Total: 204825 ns
[2020-02-27T10:22:09.061+0000][1][safepoint    ] Safepoint "RevokeBias", Time since last: 2505661765 ns, Reaching safepoint: 77037 ns, At safepoint: 18762 ns, Total: 95799 ns
[2020-02-27T10:22:11.563+0000][1][safepoint    ] Safepoint "RevokeBias", Time since last: 2501685617 ns, Reaching safepoint: 129235 ns, At safepoint: 40161 ns, Total: 169396 ns
[2020-02-27T10:22:14.085+0000][1][safepoint    ] Safepoint "RevokeBias", Time since last: 2522488816 ns, Reaching safepoint: 116682 ns, At safepoint: 32046 ns, Total: 148728 ns
[2020-02-27T10:22:16.604+0000][1][safepoint    ] Safepoint "RevokeBias", Time since last: 2518279428 ns, Reaching safepoint: 200776 ns, At safepoint: 43013 ns, Total: 243789 ns
[2020-02-27T10:22:19.111+0000][1][safepoint    ] Safepoint "RevokeBias", Time since last: 2507225766 ns, Reaching safepoint: 83738 ns, At safepoint: 19866 ns, Total: 103604 ns
[2020-02-27T10:22:21.614+0000][1][safepoint    ] Safepoint "RevokeBias", Time since last: 2503066807 ns, Reaching safepoint: 76045 ns, At safepoint: 18634 ns, Total: 94679 ns
[2020-02-27T10:22:24.118+0000][1][safepoint    ] Safepoint "RevokeBias", Time since last: 2503157263 ns, Reaching safepoint: 168359 ns, At safepoint: 19325 ns, Total: 187684 ns
[2020-02-27T10:22:26.624+0000][1][safepoint    ] Safepoint "RevokeBias", Time since last: 2506071674 ns, Reaching safepoint: 73561 ns, At safepoint: 18353 ns, Total: 91914 ns
[2020-02-27T10:22:29.132+0000][1][safepoint    ] Safepoint "RevokeBias", Time since last: 2508088794 ns, Reaching safepoint: 67491 ns, At safepoint: 18313 ns, Total: 85804 ns
[2020-02-27T10:22:31.636+0000][1][safepoint    ] Safepoint "RevokeBias", Time since last: 2503666211 ns, Reaching safepoint: 97338 ns, At safepoint: 26138 ns, Total: 123476 ns
[2020-02-27T10:22:34.141+0000][1][safepoint    ] Safepoint "RevokeBias", Time since last: 2505294272 ns, Reaching safepoint: 148206 ns, At safepoint: 18128 ns, Total: 166334 ns
[2020-02-27T10:22:36.646+0000][1][safepoint    ] Safepoint "RevokeBias", Time since last: 2505070822 ns, Reaching safepoint: 80472 ns, At safepoint: 18257 ns, Total: 98729 ns
[2020-02-27T10:22:39.153+0000][1][safepoint    ] Safepoint "RevokeBias", Time since last: 2506369643 ns, Reaching safepoint: 88083 ns, At safepoint: 20838 ns, Total: 108921 ns
[2020-02-27T10:22:41.655+0000][1][safepoint    ] Safepoint "RevokeBias", Time since last: 2501835368 ns, Reaching safepoint: 77535 ns, At safepoint: 18736 ns, Total: 96271 ns
[2020-02-27T10:22:44.160+0000][1][safepoint    ] Safepoint "RevokeBias", Time since last: 2505406903 ns, Reaching safepoint: 149941 ns, At safepoint: 58880 ns, Total: 208821 ns
[2020-02-27T10:22:46.666+0000][1][safepoint    ] Safepoint "RevokeBias", Time since last: 2504911023 ns, Reaching safepoint: 180593 ns, At safepoint: 27428 ns, Total: 208021 ns
[2020-02-27T10:22:49.169+0000][1][safepoint    ] Safepoint "RevokeBias", Time since last: 2503647630 ns, Reaching safepoint: 113239 ns, At safepoint: 28379 ns, Total: 141618 ns
[2020-02-27T10:22:51.673+0000][1][safepoint    ] Safepoint "RevokeBias", Time since last: 2503439639 ns, Reaching safepoint: 89265 ns, At safepoint: 17788 ns, Total: 107053 ns
[2020-02-27T10:22:54.180+0000][1][safepoint    ] Safepoint "RevokeBias", Time since last: 2507426224 ns, Reaching safepoint: 101800 ns, At safepoint: 29400 ns, Total: 131200 ns
[2020-02-27T10:22:56.695+0000][1][safepoint    ] Safepoint "RevokeBias", Time since last: 2514011467 ns, Reaching safepoint: 77529 ns, At safepoint: 102740 ns, Total: 180269 ns
[2020-02-27T10:22:59.207+0000][1][safepoint    ] Safepoint "RevokeBias", Time since last: 2511918281 ns, Reaching safepoint: 105234 ns, At safepoint: 28004 ns, Total: 133238 ns
[2020-02-27T10:23:01.734+0000][1][safepoint    ] Safepoint "RevokeBias", Time since last: 2527647339 ns, Reaching safepoint: 76339 ns, At safepoint: 18214 ns, Total: 94553 ns
[2020-02-27T10:23:04.248+0000][1][safepoint    ] Safepoint "RevokeBias", Time since last: 2513731467 ns, Reaching safepoint: 74182 ns, At safepoint: 17454 ns, Total: 91636 ns
[2020-02-27T10:23:06.761+0000][1][safepoint    ] Safepoint "RevokeBias", Time since last: 2512657763 ns, Reaching safepoint: 514220 ns, At safepoint: 44511 ns, Total: 558731 ns
[2020-02-27T10:23:09.277+0000][1][safepoint    ] Safepoint "RevokeBias", Time since last: 2514914475 ns, Reaching safepoint: 108843 ns, At safepoint: 31125 ns, Total: 139968 ns
[2020-02-27T10:23:11.787+0000][1][safepoint    ] Safepoint "RevokeBias", Time since last: 2510632864 ns, Reaching safepoint: 90506 ns, At safepoint: 17712 ns, Total: 108218 ns
[2020-02-27T10:23:14.296+0000][1][safepoint    ] Safepoint "RevokeBias", Time since last: 2509070996 ns, Reaching safepoint: 114870 ns, At safepoint: 26343 ns, Total: 141213 ns
[2020-02-27T10:23:16.809+0000][1][safepoint    ] Safepoint "BulkRevokeBias", Time since last: 2511478033 ns, Reaching safepoint: 129229 ns, At safepoint: 489464 ns, Total: 618693 ns
[2020-02-27T10:23:19.315+0000][1][safepoint    ] Safepoint "RevokeBias", Time since last: 2506594859 ns, Reaching safepoint: 135965 ns, At safepoint: 26857 ns, Total: 162822 ns
[2020-02-27T10:23:21.818+0000][1][safepoint    ] Safepoint "RevokeBias", Time since last: 2502187781 ns, Reaching safepoint: 75283 ns, At safepoint: 18559 ns, Total: 93842 ns
[2020-02-27T10:23:24.321+0000][1][safepoint    ] Safepoint "RevokeBias", Time since last: 2503658341 ns, Reaching safepoint: 116608 ns, At safepoint: 28529 ns, Total: 145137 ns
[2020-02-27T10:23:26.827+0000][1][safepoint    ] Safepoint "RevokeBias", Time since last: 2505849975 ns, Reaching safepoint: 73252 ns, At safepoint: 17593 ns, Total: 90845 ns
[2020-02-27T10:23:28.830+0000][1][gc,start     ] GC(183) Pause Young (Allocation Failure)
[2020-02-27T10:23:28.830+0000][1][gc,task      ] GC(183) Using 1 workers of 1 for evacuation
[2020-02-27T10:23:28.841+0000][1][gc,age       ] GC(183) Desired survivor size 4358144 bytes, new threshold 6 (max threshold 6)
[2020-02-27T10:23:28.842+0000][1][gc,age       ] GC(183) Age table with threshold 6 (max threshold 6)
[2020-02-27T10:23:28.842+0000][1][gc,age       ] GC(183) - age   1:      10888 bytes,      10888 total
[2020-02-27T10:23:28.842+0000][1][gc,age       ] GC(183) - age   2:        384 bytes,      11272 total
[2020-02-27T10:23:28.842+0000][1][gc,age       ] GC(183) - age   4:        184 bytes,      11456 total
[2020-02-27T10:23:28.842+0000][1][gc,age       ] GC(183) - age   6:        152 bytes,      11608 total
[2020-02-27T10:23:28.842+0000][1][gc,heap      ] GC(183) ParNew: 68184K->15K(76672K)
[2020-02-27T10:23:28.842+0000][1][gc,heap      ] GC(183) CMS: 62525K->62526K(963392K)
[2020-02-27T10:23:28.842+0000][1][gc,metaspace ] GC(183) Metaspace: 80619K->80619K(1124352K)
[2020-02-27T10:23:28.842+0000][1][gc           ] GC(183) Pause Young (Allocation Failure) 127M->61M(1015M) 11.937ms
[2020-02-27T10:23:28.842+0000][1][gc,cpu       ] GC(183) User=0.01s Sys=0.00s Real=0.02s
[2020-02-27T10:23:28.842+0000][1][safepoint    ] Safepoint "GenCollectForAllocation", Time since last: 2002410380 ns, Reaching safepoint: 77224 ns, At safepoint: 12069634 ns, Total: 12146858 ns
[2020-02-27T10:23:29.332+0000][1][safepoint    ] Safepoint "RevokeBias", Time since last: 489987257 ns, Reaching safepoint: 100755 ns, At safepoint: 19855 ns, Total: 120610 ns
[2020-02-27T10:23:31.835+0000][1][safepoint    ] Safepoint "RevokeBias", Time since last: 2502806284 ns, Reaching safepoint: 79435 ns, At safepoint: 18805 ns, Total: 98240 ns
[2020-02-27T10:23:34.340+0000][1][safepoint    ] Safepoint "RevokeBias", Time since last: 2505170346 ns, Reaching safepoint: 73943 ns, At safepoint: 17576 ns, Total: 91519 ns
[2020-02-27T10:23:36.846+0000][1][safepoint    ] Safepoint "RevokeBias", Time since last: 2505672826 ns, Reaching safepoint: 95261 ns, At safepoint: 17579 ns, Total: 112840 ns
[2020-02-27T10:23:39.352+0000][1][safepoint    ] Safepoint "RevokeBias", Time since last: 2506188209 ns, Reaching safepoint: 77471 ns, At safepoint: 19000 ns, Total: 96471 ns
[2020-02-27T10:23:41.856+0000][1][safepoint    ] Safepoint "RevokeBias", Time since last: 2503471683 ns, Reaching safepoint: 73186 ns, At safepoint: 17736 ns, Total: 90922 ns
[2020-02-27T10:23:44.363+0000][1][safepoint    ] Safepoint "RevokeBias", Time since last: 2506907854 ns, Reaching safepoint: 77812 ns, At safepoint: 18437 ns, Total: 96249 ns
[2020-02-27T10:23:46.866+0000][1][safepoint    ] Safepoint "RevokeBias", Time since last: 2503474811 ns, Reaching safepoint: 92005 ns, At safepoint: 21588 ns, Total: 113593 ns
[2020-02-27T10:23:49.373+0000][1][safepoint    ] Safepoint "RevokeBias", Time since last: 2506639389 ns, Reaching safepoint: 105967 ns, At safepoint: 20184 ns, Total: 126151 ns
[2020-02-27T10:23:51.876+0000][1][safepoint    ] Safepoint "RevokeBias", Time since last: 2502904070 ns, Reaching safepoint: 108698 ns, At safepoint: 17762 ns, Total: 126460 ns
[2020-02-27T10:23:54.379+0000][1][safepoint    ] Safepoint "RevokeBias", Time since last: 2502678980 ns, Reaching safepoint: 323802 ns, At safepoint: 21680 ns, Total: 345482 ns
[2020-02-27T10:23:56.892+0000][1][safepoint    ] Safepoint "RevokeBias", Time since last: 2512885375 ns, Reaching safepoint: 76542 ns, At safepoint: 18082 ns, Total: 94624 ns
[2020-02-27T10:23:59.403+0000][1][safepoint    ] Safepoint "RevokeBias", Time since last: 2510502018 ns, Reaching safepoint: 85673 ns, At safepoint: 20411 ns, Total: 106084 ns
[2020-02-27T10:24:01.915+0000][1][safepoint    ] Safepoint "RevokeBias", Time since last: 2512156744 ns, Reaching safepoint: 53785 ns, At safepoint: 16052 ns, Total: 69837 ns
[2020-02-27T10:24:04.424+0000][1][safepoint    ] Safepoint "RevokeBias", Time since last: 2508935665 ns, Reaching safepoint: 96667 ns, At safepoint: 19832 ns, Total: 116499 ns
[2020-02-27T10:24:06.938+0000][1][safepoint    ] Safepoint "RevokeBias", Time since last: 2513955777 ns, Reaching safepoint: 72925 ns, At safepoint: 17524 ns, Total: 90449 ns
[2020-02-27T10:24:09.450+0000][1][safepoint    ] Safepoint "RevokeBias", Time since last: 2511955036 ns, Reaching safepoint: 74697 ns, At safepoint: 18095 ns, Total: 92792 ns
[2020-02-27T10:24:11.956+0000][1][safepoint    ] Safepoint "RevokeBias", Time since last: 2505498943 ns, Reaching safepoint: 73484 ns, At safepoint: 121415 ns, Total: 194899 ns
[2020-02-27T10:24:14.469+0000][1][safepoint    ] Safepoint "RevokeBias", Time since last: 2513003773 ns, Reaching safepoint: 74014 ns, At safepoint: 18174 ns, Total: 92188 ns
[2020-02-27T10:24:16.982+0000][1][safepoint    ] Safepoint "RevokeBias", Time since last: 2512594991 ns, Reaching safepoint: 91585 ns, At safepoint: 21082 ns, Total: 112667 ns
[2020-02-27T10:24:19.492+0000][1][safepoint    ] Safepoint "RevokeBias", Time since last: 2510056081 ns, Reaching safepoint: 74651 ns, At safepoint: 18871 ns, Total: 93522 ns
[2020-02-27T10:24:22.000+0000][1][safepoint    ] Safepoint "RevokeBias", Time since last: 2508349764 ns, Reaching safepoint: 75371 ns, At safepoint: 38864 ns, Total: 114235 ns
[2020-02-27T10:24:24.510+0000][1][safepoint    ] Safepoint "RevokeBias", Time since last: 2509504140 ns, Reaching safepoint: 116889 ns, At safepoint: 29178 ns, Total: 146067 ns
[2020-02-27T10:24:27.016+0000][1][safepoint    ] Safepoint "RevokeBias", Time since last: 2506168702 ns, Reaching safepoint: 74114 ns, At safepoint: 17585 ns, Total: 91699 ns
[2020-02-27T10:24:29.524+0000][1][safepoint    ] Safepoint "BulkRevokeBias", Time since last: 2506956166 ns, Reaching safepoint: 83502 ns, At safepoint: 339173 ns, Total: 422675 ns
[2020-02-27T10:24:32.027+0000][1][safepoint    ] Safepoint "RevokeBias", Time since last: 2503044389 ns, Reaching safepoint: 75484 ns, At safepoint: 18110 ns, Total: 93594 ns
[2020-02-27T10:24:34.532+0000][1][safepoint    ] Safepoint "RevokeBias", Time since last: 2504806086 ns, Reaching safepoint: 74687 ns, At safepoint: 18014 ns, Total: 92701 ns
[2020-02-27T10:24:37.035+0000][1][safepoint    ] Safepoint "RevokeBias", Time since last: 2503589547 ns, Reaching safepoint: 118951 ns, At safepoint: 44507 ns, Total: 163458 ns
[2020-02-27T10:24:39.542+0000][1][safepoint    ] Safepoint "RevokeBias", Time since last: 2506174400 ns, Reaching safepoint: 79581 ns, At safepoint: 18637 ns, Total: 98218 ns
[2020-02-27T10:24:42.046+0000][1][safepoint    ] Safepoint "RevokeBias", Time since last: 2503810555 ns, Reaching safepoint: 72282 ns, At safepoint: 17845 ns, Total: 90127 ns
[2020-02-27T10:24:44.552+0000][1][safepoint    ] Safepoint "RevokeBias", Time since last: 2505913032 ns, Reaching safepoint: 81575 ns, At safepoint: 18882 ns, Total: 100457 ns
[2020-02-27T10:24:47.058+0000][1][safepoint    ] Safepoint "RevokeBias", Time since last: 2505992289 ns, Reaching safepoint: 75847 ns, At safepoint: 18237 ns, Total: 94084 ns
[2020-02-27T10:24:49.564+0000][1][safepoint    ] Safepoint "RevokeBias", Time since last: 2506530315 ns, Reaching safepoint: 74561 ns, At safepoint: 17490 ns, Total: 92051 ns
[2020-02-27T10:24:52.068+0000][1][safepoint    ] Safepoint "RevokeBias", Time since last: 2503679625 ns, Reaching safepoint: 93560 ns, At safepoint: 21447 ns, Total: 115007 ns
[2020-02-27T10:24:54.571+0000][1][safepoint    ] Safepoint "RevokeBias", Time since last: 2502512992 ns, Reaching safepoint: 76870 ns, At safepoint: 18030 ns, Total: 94900 ns
[2020-02-27T10:24:57.076+0000][1][safepoint    ] Safepoint "RevokeBias", Time since last: 2505508161 ns, Reaching safepoint: 141489 ns, At safepoint: 106911 ns, Total: 248400 ns
[2020-02-27T10:24:59.589+0000][1][safepoint    ] Safepoint "RevokeBias", Time since last: 2512769207 ns, Reaching safepoint: 85501 ns, At safepoint: 19634 ns, Total: 105135 ns
[2020-02-27T10:25:02.094+0000][1][safepoint    ] Safepoint "RevokeBias", Time since last: 2504303475 ns, Reaching safepoint: 92251 ns, At safepoint: 20909 ns, Total: 113160 ns
[2020-02-27T10:25:04.600+0000][1][safepoint    ] Safepoint "RevokeBias", Time since last: 2506410709 ns, Reaching safepoint: 63635 ns, At safepoint: 35440 ns, Total: 99075 ns
[2020-02-27T10:25:07.104+0000][1][safepoint    ] Safepoint "RevokeBias", Time since last: 2504144779 ns, Reaching safepoint: 73185 ns, At safepoint: 17549 ns, Total: 90734 ns
[2020-02-27T10:25:09.611+0000][1][safepoint    ] Safepoint "RevokeBias", Time since last: 2506324025 ns, Reaching safepoint: 190001 ns, At safepoint: 27604 ns, Total: 217605 ns
[2020-02-27T10:25:12.115+0000][1][safepoint    ] Safepoint "RevokeBias", Time since last: 2504001325 ns, Reaching safepoint: 180824 ns, At safepoint: 44250 ns, Total: 225074 ns
[2020-02-27T10:25:14.633+0000][1][safepoint    ] Safepoint "RevokeBias", Time since last: 2517101492 ns, Reaching safepoint: 136664 ns, At safepoint: 31648 ns, Total: 168312 ns
[2020-02-27T10:25:17.142+0000][1][safepoint    ] Safepoint "RevokeBias", Time since last: 2509151651 ns, Reaching safepoint: 88599 ns, At safepoint: 20182 ns, Total: 108781 ns
[2020-02-27T10:25:19.657+0000][1][safepoint    ] Safepoint "RevokeBias", Time since last: 2515249637 ns, Reaching safepoint: 76506 ns, At safepoint: 18424 ns, Total: 94930 ns
[2020-02-27T10:25:22.166+0000][1][safepoint    ] Safepoint "RevokeBias", Time since last: 2508758517 ns, Reaching safepoint: 73832 ns, At safepoint: 18127 ns, Total: 91959 ns
[2020-02-27T10:25:24.684+0000][1][safepoint    ] Safepoint "RevokeBias", Time since last: 2517741026 ns, Reaching safepoint: 92587 ns, At safepoint: 21969 ns, Total: 114556 ns
[2020-02-27T10:25:27.192+0000][1][safepoint    ] Safepoint "RevokeBias", Time since last: 2507701335 ns, Reaching safepoint: 75003 ns, At safepoint: 18311 ns, Total: 93314 ns
[2020-02-27T10:25:29.714+0000][1][safepoint    ] Safepoint "RevokeBias", Time since last: 2522585652 ns, Reaching safepoint: 103995 ns, At safepoint: 61060 ns, Total: 165055 ns
[2020-02-27T10:25:32.223+0000][1][safepoint    ] Safepoint "RevokeBias", Time since last: 2508525300 ns, Reaching safepoint: 77417 ns, At safepoint: 18654 ns, Total: 96071 ns
[2020-02-27T10:25:34.728+0000][1][safepoint    ] Safepoint "RevokeBias", Time since last: 2505211648 ns, Reaching safepoint: 75021 ns, At safepoint: 17562 ns, Total: 92583 ns
[2020-02-27T10:25:37.232+0000][1][safepoint    ] Safepoint "RevokeBias", Time since last: 2503196881 ns, Reaching safepoint: 76525 ns, At safepoint: 18429 ns, Total: 94954 ns
[2020-02-27T10:25:39.740+0000][1][safepoint    ] Safepoint "RevokeBias", Time since last: 2508665747 ns, Reaching safepoint: 132745 ns, At safepoint: 20566 ns, Total: 153311 ns
[2020-02-27T10:25:42.244+0000][1][safepoint    ] Safepoint "BulkRevokeBias", Time since last: 2503055260 ns, Reaching safepoint: 158786 ns, At safepoint: 195586 ns, Total: 354372 ns
[2020-02-27T10:25:44.750+0000][1][safepoint    ] Safepoint "RevokeBias", Time since last: 2505775528 ns, Reaching safepoint: 76735 ns, At safepoint: 20707 ns, Total: 97442 ns
[2020-02-27T10:25:47.253+0000][1][safepoint    ] Safepoint "RevokeBias", Time since last: 2503232563 ns, Reaching safepoint: 126952 ns, At safepoint: 19871 ns, Total: 146823 ns
[2020-02-27T10:25:48.856+0000][1][gc,start     ] GC(184) Pause Young (Allocation Failure)
[2020-02-27T10:25:48.856+0000][1][gc,task      ] GC(184) Using 1 workers of 1 for evacuation
[2020-02-27T10:25:48.869+0000][1][gc,age       ] GC(184) Desired survivor size 4358144 bytes, new threshold 6 (max threshold 6)
[2020-02-27T10:25:48.869+0000][1][gc,age       ] GC(184) Age table with threshold 6 (max threshold 6)
[2020-02-27T10:25:48.869+0000][1][gc,age       ] GC(184) - age   1:      11616 bytes,      11616 total
[2020-02-27T10:25:48.869+0000][1][gc,age       ] GC(184) - age   2:        192 bytes,      11808 total
[2020-02-27T10:25:48.869+0000][1][gc,age       ] GC(184) - age   3:        384 bytes,      12192 total
[2020-02-27T10:25:48.869+0000][1][gc,age       ] GC(184) - age   5:        184 bytes,      12376 total
[2020-02-27T10:25:48.869+0000][1][gc,heap      ] GC(184) ParNew: 68175K->20K(76672K)
[2020-02-27T10:25:48.869+0000][1][gc,heap      ] GC(184) CMS: 62526K->62526K(963392K)
[2020-02-27T10:25:48.869+0000][1][gc,metaspace ] GC(184) Metaspace: 80619K->80619K(1124352K)
[2020-02-27T10:25:48.869+0000][1][gc           ] GC(184) Pause Young (Allocation Failure) 127M->61M(1015M) 13.498ms
[2020-02-27T10:25:48.869+0000][1][gc,cpu       ] GC(184) User=0.01s Sys=0.00s Real=0.01s
[2020-02-27T10:25:48.869+0000][1][safepoint    ] Safepoint "GenCollectForAllocation", Time since last: 1602321444 ns, Reaching safepoint: 81200 ns, At safepoint: 13556760 ns, Total: 13637960 ns
[2020-02-27T10:25:49.761+0000][1][safepoint    ] Safepoint "RevokeBias", Time since last: 891249381 ns, Reaching safepoint: 121049 ns, At safepoint: 99218 ns, Total: 220267 ns
[2020-02-27T10:25:52.265+0000][1][safepoint    ] Safepoint "RevokeBias", Time since last: 2504436497 ns, Reaching safepoint: 102229 ns, At safepoint: 27474 ns, Total: 129703 ns
[2020-02-27T10:25:54.769+0000][1][safepoint    ] Safepoint "RevokeBias", Time since last: 2503453015 ns, Reaching safepoint: 106445 ns, At safepoint: 30079 ns, Total: 136524 ns
[2020-02-27T10:25:57.273+0000][1][safepoint    ] Safepoint "RevokeBias", Time since last: 2504312100 ns, Reaching safepoint: 98801 ns, At safepoint: 26402 ns, Total: 125203 ns
[2020-02-27T10:25:59.778+0000][1][safepoint    ] Safepoint "RevokeBias", Time since last: 2505015825 ns, Reaching safepoint: 80979 ns, At safepoint: 20128 ns, Total: 101107 ns
[2020-02-27T10:26:02.281+0000][1][safepoint    ] Safepoint "RevokeBias", Time since last: 2503067483 ns, Reaching safepoint: 87948 ns, At safepoint: 35920 ns, Total: 123868 ns
[2020-02-27T10:26:04.788+0000][1][safepoint    ] Safepoint "RevokeBias", Time since last: 2506985741 ns, Reaching safepoint: 75907 ns, At safepoint: 18175 ns, Total: 94082 ns
[2020-02-27T10:26:07.296+0000][1][safepoint    ] Safepoint "RevokeBias", Time since last: 2507640102 ns, Reaching safepoint: 73991 ns, At safepoint: 18453 ns, Total: 92444 ns
[2020-02-27T10:26:09.806+0000][1][safepoint    ] Safepoint "RevokeBias", Time since last: 2509161614 ns, Reaching safepoint: 112320 ns, At safepoint: 23054 ns, Total: 135374 ns
[2020-02-27T10:26:12.329+0000][1][safepoint    ] Safepoint "RevokeBias", Time since last: 2523294585 ns, Reaching safepoint: 105141 ns, At safepoint: 23034 ns, Total: 128175 ns
[2020-02-27T10:26:14.843+0000][1][safepoint    ] Safepoint "RevokeBias", Time since last: 2514425340 ns, Reaching safepoint: 73439 ns, At safepoint: 18442 ns, Total: 91881 ns
[2020-02-27T10:26:17.356+0000][1][safepoint    ] Safepoint "RevokeBias", Time since last: 2512676677 ns, Reaching safepoint: 73493 ns, At safepoint: 17365 ns, Total: 90858 ns
[2020-02-27T10:26:19.868+0000][1][safepoint    ] Safepoint "RevokeBias", Time since last: 2512076094 ns, Reaching safepoint: 156434 ns, At safepoint: 27559 ns, Total: 183993 ns
[2020-02-27T10:26:22.378+0000][1][safepoint    ] Safepoint "RevokeBias", Time since last: 2509681332 ns, Reaching safepoint: 74650 ns, At safepoint: 19934 ns, Total: 94584 ns
[2020-02-27T10:26:24.887+0000][1][safepoint    ] Safepoint "RevokeBias", Time since last: 2508651296 ns, Reaching safepoint: 104001 ns, At safepoint: 27196 ns, Total: 131197 ns
[2020-02-27T10:26:27.402+0000][1][safepoint    ] Safepoint "RevokeBias", Time since last: 2514511918 ns, Reaching safepoint: 109706 ns, At safepoint: 24633 ns, Total: 134339 ns
[2020-02-27T10:26:29.910+0000][1][safepoint    ] Safepoint "RevokeBias", Time since last: 2508341374 ns, Reaching safepoint: 79524 ns, At safepoint: 23638 ns, Total: 103162 ns
[2020-02-27T10:26:32.414+0000][1][safepoint    ] Safepoint "RevokeBias", Time since last: 2503292144 ns, Reaching safepoint: 96125 ns, At safepoint: 25539 ns, Total: 121664 ns
[2020-02-27T10:26:34.919+0000][1][safepoint    ] Safepoint "RevokeBias", Time since last: 2505032136 ns, Reaching safepoint: 75313 ns, At safepoint: 18407 ns, Total: 93720 ns
[2020-02-27T10:26:37.423+0000][1][safepoint    ] Safepoint "RevokeBias", Time since last: 2504017335 ns, Reaching safepoint: 78108 ns, At safepoint: 19788 ns, Total: 97896 ns
[2020-02-27T10:26:39.929+0000][1][safepoint    ] Safepoint "RevokeBias", Time since last: 2506161057 ns, Reaching safepoint: 75620 ns, At safepoint: 17957 ns, Total: 93577 ns
[2020-02-27T10:26:42.432+0000][1][safepoint    ] Safepoint "RevokeBias", Time since last: 2502842866 ns, Reaching safepoint: 93443 ns, At safepoint: 18531 ns, Total: 111974 ns
[2020-02-27T10:26:44.938+0000][1][safepoint    ] Safepoint "RevokeBias", Time since last: 2506319899 ns, Reaching safepoint: 71310 ns, At safepoint: 17683 ns, Total: 88993 ns
[2020-02-27T10:26:47.442+0000][1][safepoint    ] Safepoint "RevokeBias", Time since last: 2503911398 ns, Reaching safepoint: 77385 ns, At safepoint: 19210 ns, Total: 96595 ns
[2020-02-27T10:26:49.967+0000][1][safepoint    ] Safepoint "RevokeBias", Time since last: 2522848180 ns, Reaching safepoint: 1214746 ns, At safepoint: 25699 ns, Total: 1240445 ns
[2020-02-27T10:26:52.476+0000][1][safepoint    ] Safepoint "RevokeBias", Time since last: 2509759107 ns, Reaching safepoint: 91552 ns, At safepoint: 85217 ns, Total: 176769 ns
[2020-02-27T10:26:54.981+0000][1][safepoint    ] Safepoint "BulkRevokeBias", Time since last: 2504499400 ns, Reaching safepoint: 73203 ns, At safepoint: 220407 ns, Total: 293610 ns
[2020-02-27T10:26:57.484+0000][1][safepoint    ] Safepoint "RevokeBias", Time since last: 2502845776 ns, Reaching safepoint: 80127 ns, At safepoint: 19799 ns, Total: 99926 ns
[2020-02-27T10:26:59.988+0000][1][safepoint    ] Safepoint "RevokeBias", Time since last: 2503750029 ns, Reaching safepoint: 73065 ns, At safepoint: 18202 ns, Total: 91267 ns
[2020-02-27T10:27:02.491+0000][1][safepoint    ] Safepoint "RevokeBias", Time since last: 2503170519 ns, Reaching safepoint: 77068 ns, At safepoint: 18551 ns, Total: 95619 ns
[2020-02-27T10:27:04.997+0000][1][safepoint    ] Safepoint "RevokeBias", Time since last: 2505259809 ns, Reaching safepoint: 118398 ns, At safepoint: 20922 ns, Total: 139320 ns
[2020-02-27T10:27:07.500+0000][1][safepoint    ] Safepoint "RevokeBias", Time since last: 2503653017 ns, Reaching safepoint: 111722 ns, At safepoint: 19250 ns, Total: 130972 ns
[2020-02-27T10:27:10.006+0000][1][safepoint    ] Safepoint "RevokeBias", Time since last: 2505644967 ns, Reaching safepoint: 74623 ns, At safepoint: 18646 ns, Total: 93269 ns
[2020-02-27T10:27:12.509+0000][1][safepoint    ] Safepoint "RevokeBias", Time since last: 2502638099 ns, Reaching safepoint: 76197 ns, At safepoint: 18288 ns, Total: 94485 ns
[2020-02-27T10:27:15.013+0000][1][safepoint    ] Safepoint "RevokeBias", Time since last: 2503797475 ns, Reaching safepoint: 113381 ns, At safepoint: 29122 ns, Total: 142503 ns
[2020-02-27T10:27:17.517+0000][1][safepoint    ] Safepoint "RevokeBias", Time since last: 2503564276 ns, Reaching safepoint: 74672 ns, At safepoint: 18465 ns, Total: 93137 ns
[2020-02-27T10:27:20.041+0000][1][safepoint    ] Safepoint "RevokeBias", Time since last: 2520850948 ns, Reaching safepoint: 3701846 ns, At safepoint: 22680 ns, Total: 3724526 ns
[2020-02-27T10:27:22.550+0000][1][safepoint    ] Safepoint "RevokeBias", Time since last: 2508295723 ns, Reaching safepoint: 127507 ns, At safepoint: 22018 ns, Total: 149525 ns
[2020-02-27T10:27:25.065+0000][1][safepoint    ] Safepoint "RevokeBias", Time since last: 2514974524 ns, Reaching safepoint: 176401 ns, At safepoint: 21772 ns, Total: 198173 ns
[2020-02-27T10:27:27.574+0000][1][safepoint    ] Safepoint "RevokeBias", Time since last: 2509224984 ns, Reaching safepoint: 73437 ns, At safepoint: 17675 ns, Total: 91112 ns
[2020-02-27T10:27:30.089+0000][1][safepoint    ] Safepoint "RevokeBias", Time since last: 2514975465 ns, Reaching safepoint: 74602 ns, At safepoint: 17780 ns, Total: 92382 ns
[2020-02-27T10:27:32.597+0000][1][safepoint    ] Safepoint "RevokeBias", Time since last: 2507834215 ns, Reaching safepoint: 75696 ns, At safepoint: 18352 ns, Total: 94048 ns
[2020-02-27T10:27:35.118+0000][1][safepoint    ] Safepoint "RevokeBias", Time since last: 2520652537 ns, Reaching safepoint: 72911 ns, At safepoint: 18092 ns, Total: 91003 ns
[2020-02-27T10:27:37.627+0000][1][safepoint    ] Safepoint "RevokeBias", Time since last: 2509042342 ns, Reaching safepoint: 94143 ns, At safepoint: 18212 ns, Total: 112355 ns
[2020-02-27T10:27:40.149+0000][1][safepoint    ] Safepoint "RevokeBias", Time since last: 2521612262 ns, Reaching safepoint: 76157 ns, At safepoint: 18739 ns, Total: 94896 ns
[2020-02-27T10:27:42.660+0000][1][safepoint    ] Safepoint "RevokeBias", Time since last: 2511159274 ns, Reaching safepoint: 75564 ns, At safepoint: 18325 ns, Total: 93889 ns
[2020-02-27T10:27:45.171+0000][1][safepoint    ] Safepoint "RevokeBias", Time since last: 2510783673 ns, Reaching safepoint: 111017 ns, At safepoint: 18078 ns, Total: 129095 ns
[2020-02-27T10:27:47.681+0000][1][safepoint    ] Safepoint "RevokeBias", Time since last: 2510346284 ns, Reaching safepoint: 145640 ns, At safepoint: 21014 ns, Total: 166654 ns
[2020-02-27T10:27:50.187+0000][1][safepoint    ] Safepoint "RevokeBias", Time since last: 2505781200 ns, Reaching safepoint: 75546 ns, At safepoint: 18697 ns, Total: 94243 ns
[2020-02-27T10:27:52.692+0000][1][safepoint    ] Safepoint "RevokeBias", Time since last: 2504630517 ns, Reaching safepoint: 364112 ns, At safepoint: 144842 ns, Total: 508954 ns
[2020-02-27T10:27:55.196+0000][1][safepoint    ] Safepoint "RevokeBias", Time since last: 2503334112 ns, Reaching safepoint: 59724 ns, At safepoint: 18451 ns, Total: 78175 ns
[2020-02-27T10:27:57.699+0000][1][safepoint    ] Safepoint "RevokeBias", Time since last: 2502949809 ns, Reaching safepoint: 76885 ns, At safepoint: 17943 ns, Total: 94828 ns
[2020-02-27T10:28:00.203+0000][1][safepoint    ] Safepoint "RevokeBias", Time since last: 2504442053 ns, Reaching safepoint: 120044 ns, At safepoint: 28497 ns, Total: 148541 ns
[2020-02-27T10:28:02.706+0000][1][safepoint    ] Safepoint "RevokeBias", Time since last: 2502361799 ns, Reaching safepoint: 72407 ns, At safepoint: 18104 ns, Total: 90511 ns
[2020-02-27T10:28:04.189+0000][1][gc,start     ] GC(185) Pause Young (Allocation Failure)
[2020-02-27T10:28:04.189+0000][1][gc,task      ] GC(185) Using 1 workers of 1 for evacuation
[2020-02-27T10:28:04.200+0000][1][gc,age       ] GC(185) Desired survivor size 4358144 bytes, new threshold 6 (max threshold 6)
[2020-02-27T10:28:04.200+0000][1][gc,age       ] GC(185) Age table with threshold 6 (max threshold 6)
[2020-02-27T10:28:04.200+0000][1][gc,age       ] GC(185) - age   1:      10776 bytes,      10776 total
[2020-02-27T10:28:04.200+0000][1][gc,age       ] GC(185) - age   3:        192 bytes,      10968 total
[2020-02-27T10:28:04.200+0000][1][gc,age       ] GC(185) - age   4:        384 bytes,      11352 total
[2020-02-27T10:28:04.200+0000][1][gc,age       ] GC(185) - age   6:        184 bytes,      11536 total
[2020-02-27T10:28:04.200+0000][1][gc,heap      ] GC(185) ParNew: 68180K->14K(76672K)
[2020-02-27T10:28:04.200+0000][1][gc,heap      ] GC(185) CMS: 62526K->62526K(963392K)
[2020-02-27T10:28:04.200+0000][1][gc,metaspace ] GC(185) Metaspace: 80619K->80619K(1124352K)
[2020-02-27T10:28:04.200+0000][1][gc           ] GC(185) Pause Young (Allocation Failure) 127M->61M(1015M) 11.192ms
[2020-02-27T10:28:04.200+0000][1][gc,cpu       ] GC(185) User=0.01s Sys=0.00s Real=0.01s
[2020-02-27T10:28:04.200+0000][1][safepoint    ] Safepoint "GenCollectForAllocation", Time since last: 1483235558 ns, Reaching safepoint: 94833 ns, At safepoint: 11270363 ns, Total: 11365196 ns
[2020-02-27T10:28:05.210+0000][1][safepoint    ] Safepoint "RevokeBias", Time since last: 1009250697 ns, Reaching safepoint: 103441 ns, At safepoint: 21279 ns, Total: 124720 ns
[2020-02-27T10:28:07.713+0000][1][safepoint    ] Safepoint "BulkRevokeBias", Time since last: 2502898836 ns, Reaching safepoint: 78532 ns, At safepoint: 252496 ns, Total: 331028 ns
[2020-02-27T10:28:10.216+0000][1][safepoint    ] Safepoint "RevokeBias", Time since last: 2502841123 ns, Reaching safepoint: 78293 ns, At safepoint: 19660 ns, Total: 97953 ns
[2020-02-27T10:28:12.719+0000][1][safepoint    ] Safepoint "RevokeBias", Time since last: 2502978695 ns, Reaching safepoint: 78240 ns, At safepoint: 20329 ns, Total: 98569 ns
[2020-02-27T10:28:15.225+0000][1][safepoint    ] Safepoint "RevokeBias", Time since last: 2505757970 ns, Reaching safepoint: 151423 ns, At safepoint: 23839 ns, Total: 175262 ns
[2020-02-27T10:28:17.730+0000][1][safepoint    ] Safepoint "RevokeBias", Time since last: 2504550227 ns, Reaching safepoint: 88126 ns, At safepoint: 20877 ns, Total: 109003 ns
[2020-02-27T10:28:20.236+0000][1][safepoint    ] Safepoint "RevokeBias", Time since last: 2506387879 ns, Reaching safepoint: 131970 ns, At safepoint: 47150 ns, Total: 179120 ns
[2020-02-27T10:28:22.739+0000][1][safepoint    ] Safepoint "RevokeBias", Time since last: 2502998552 ns, Reaching safepoint: 144007 ns, At safepoint: 30797 ns, Total: 174804 ns
[2020-02-27T10:28:25.243+0000][1][safepoint    ] Safepoint "RevokeBias", Time since last: 2503489151 ns, Reaching safepoint: 73740 ns, At safepoint: 17927 ns, Total: 91667 ns
[2020-02-27T10:28:27.748+0000][1][safepoint    ] Safepoint "RevokeBias", Time since last: 2505002888 ns, Reaching safepoint: 138956 ns, At safepoint: 27445 ns, Total: 166401 ns
[2020-02-27T10:28:30.256+0000][1][safepoint    ] Safepoint "RevokeBias", Time since last: 2507198020 ns, Reaching safepoint: 177434 ns, At safepoint: 22026 ns, Total: 199460 ns
[2020-02-27T10:28:32.765+0000][1][safepoint    ] Safepoint "RevokeBias", Time since last: 2509294761 ns, Reaching safepoint: 124372 ns, At safepoint: 27431 ns, Total: 151803 ns
[2020-02-27T10:28:35.277+0000][1][safepoint    ] Safepoint "RevokeBias", Time since last: 2511994297 ns, Reaching safepoint: 119902 ns, At safepoint: 23365 ns, Total: 143267 ns
[2020-02-27T10:28:37.795+0000][1][safepoint    ] Safepoint "RevokeBias", Time since last: 2517526551 ns, Reaching safepoint: 80875 ns, At safepoint: 18449 ns, Total: 99324 ns
[2020-02-27T10:28:40.304+0000][1][safepoint    ] Safepoint "RevokeBias", Time since last: 2509439143 ns, Reaching safepoint: 72524 ns, At safepoint: 18006 ns, Total: 90530 ns
[2020-02-27T10:28:42.821+0000][1][safepoint    ] Safepoint "RevokeBias", Time since last: 2516149586 ns, Reaching safepoint: 77096 ns, At safepoint: 18338 ns, Total: 95434 ns
[2020-02-27T10:28:45.330+0000][1][safepoint    ] Safepoint "RevokeBias", Time since last: 2509614858 ns, Reaching safepoint: 75880 ns, At safepoint: 18018 ns, Total: 93898 ns
[2020-02-27T10:28:47.842+0000][1][safepoint    ] Safepoint "RevokeBias", Time since last: 2511983557 ns, Reaching safepoint: 70664 ns, At safepoint: 17495 ns, Total: 88159 ns
[2020-02-27T10:28:50.355+0000][1][safepoint    ] Safepoint "RevokeBias", Time since last: 2512290701 ns, Reaching safepoint: 75349 ns, At safepoint: 18744 ns, Total: 94093 ns
[2020-02-27T10:28:52.870+0000][1][safepoint    ] Safepoint "RevokeBias", Time since last: 2515520019 ns, Reaching safepoint: 98506 ns, At safepoint: 96751 ns, Total: 195257 ns
[2020-02-27T10:28:55.380+0000][1][safepoint    ] Safepoint "RevokeBias", Time since last: 2509435448 ns, Reaching safepoint: 107801 ns, At safepoint: 28982 ns, Total: 136783 ns
[2020-02-27T10:28:57.893+0000][1][safepoint    ] Safepoint "RevokeBias", Time since last: 2512711411 ns, Reaching safepoint: 71472 ns, At safepoint: 148963 ns, Total: 220435 ns
[2020-02-27T10:29:00.404+0000][1][safepoint    ] Safepoint "RevokeBias", Time since last: 2511111709 ns, Reaching safepoint: 86366 ns, At safepoint: 97424 ns, Total: 183790 ns
[2020-02-27T10:29:02.907+0000][1][safepoint    ] Safepoint "RevokeBias", Time since last: 2502800098 ns, Reaching safepoint: 90807 ns, At safepoint: 20706 ns, Total: 111513 ns
[2020-02-27T10:29:05.414+0000][1][safepoint    ] Safepoint "RevokeBias", Time since last: 2507086091 ns, Reaching safepoint: 107540 ns, At safepoint: 30941 ns, Total: 138481 ns
[2020-02-27T10:29:07.919+0000][1][safepoint    ] Safepoint "RevokeBias", Time since last: 2504842363 ns, Reaching safepoint: 110552 ns, At safepoint: 18775 ns, Total: 129327 ns
[2020-02-27T10:29:10.426+0000][1][safepoint    ] Safepoint "RevokeBias", Time since last: 2505990275 ns, Reaching safepoint: 155105 ns, At safepoint: 34277 ns, Total: 189382 ns
[2020-02-27T10:29:12.929+0000][1][safepoint    ] Safepoint "RevokeBias", Time since last: 2502991913 ns, Reaching safepoint: 120467 ns, At safepoint: 104119 ns, Total: 224586 ns
[2020-02-27T10:29:15.435+0000][1][safepoint    ] Safepoint "RevokeBias", Time since last: 2506092169 ns, Reaching safepoint: 101335 ns, At safepoint: 78519 ns, Total: 179854 ns
[2020-02-27T10:29:17.942+0000][1][safepoint    ] Safepoint "RevokeBias", Time since last: 2507211374 ns, Reaching safepoint: 97870 ns, At safepoint: 127304 ns, Total: 225174 ns
[2020-02-27T10:29:20.449+0000][1][safepoint    ] Safepoint "BulkRevokeBias", Time since last: 2506448176 ns, Reaching safepoint: 73908 ns, At safepoint: 272821 ns, Total: 346729 ns
[2020-02-27T10:29:22.953+0000][1][safepoint    ] Safepoint "RevokeBias", Time since last: 2503833718 ns, Reaching safepoint: 74960 ns, At safepoint: 17712 ns, Total: 92672 ns
[2020-02-27T10:29:25.051+0000][1][safepoint    ] Safepoint "Cleanup", Time since last: 2097324999 ns, Reaching safepoint: 126726 ns, At safepoint: 15195 ns, Total: 141921 ns
[2020-02-27T10:29:25.458+0000][1][safepoint    ] Safepoint "RevokeBias", Time since last: 407149445 ns, Reaching safepoint: 168811 ns, At safepoint: 20944 ns, Total: 189755 ns
[2020-02-27T10:29:27.962+0000][1][safepoint    ] Safepoint "RevokeBias", Time since last: 2503659891 ns, Reaching safepoint: 75421 ns, At safepoint: 17965 ns, Total: 93386 ns
[2020-02-27T10:29:30.468+0000][1][safepoint    ] Safepoint "RevokeBias", Time since last: 2505830831 ns, Reaching safepoint: 79665 ns, At safepoint: 17723 ns, Total: 97388 ns
[2020-02-27T10:29:32.972+0000][1][safepoint    ] Safepoint "RevokeBias", Time since last: 2504168877 ns, Reaching safepoint: 165745 ns, At safepoint: 37292 ns, Total: 203037 ns
[2020-02-27T10:29:35.487+0000][1][safepoint    ] Safepoint "RevokeBias", Time since last: 2515070968 ns, Reaching safepoint: 171320 ns, At safepoint: 29506 ns, Total: 200826 ns
[2020-02-27T10:29:37.997+0000][1][safepoint    ] Safepoint "RevokeBias", Time since last: 2509418200 ns, Reaching safepoint: 274672 ns, At safepoint: 37614 ns, Total: 312286 ns
[2020-02-27T10:29:40.515+0000][1][safepoint    ] Safepoint "RevokeBias", Time since last: 2518079730 ns, Reaching safepoint: 115378 ns, At safepoint: 28225 ns, Total: 143603 ns
[2020-02-27T10:29:43.025+0000][1][safepoint    ] Safepoint "RevokeBias", Time since last: 2509840334 ns, Reaching safepoint: 94553 ns, At safepoint: 20664 ns, Total: 115217 ns
[2020-02-27T10:29:45.547+0000][1][safepoint    ] Safepoint "RevokeBias", Time since last: 2521486946 ns, Reaching safepoint: 77691 ns, At safepoint: 17963 ns, Total: 95654 ns
[2020-02-27T10:29:48.058+0000][1][safepoint    ] Safepoint "RevokeBias", Time since last: 2511087045 ns, Reaching safepoint: 82034 ns, At safepoint: 19640 ns, Total: 101674 ns
[2020-02-27T10:29:50.571+0000][1][safepoint    ] Safepoint "RevokeBias", Time since last: 2512999083 ns, Reaching safepoint: 93180 ns, At safepoint: 20220 ns, Total: 113400 ns
[2020-02-27T10:29:53.085+0000][1][safepoint    ] Safepoint "RevokeBias", Time since last: 2514243596 ns, Reaching safepoint: 101182 ns, At safepoint: 25252 ns, Total: 126434 ns
[2020-02-27T10:29:55.589+0000][1][safepoint    ] Safepoint "RevokeBias", Time since last: 2502901996 ns, Reaching safepoint: 132331 ns, At safepoint: 35056 ns, Total: 167387 ns
[2020-02-27T10:29:58.093+0000][1][safepoint    ] Safepoint "RevokeBias", Time since last: 2503924113 ns, Reaching safepoint: 147045 ns, At safepoint: 19657 ns, Total: 166702 ns
[2020-02-27T10:30:00.598+0000][1][safepoint    ] Safepoint "RevokeBias", Time since last: 2505623701 ns, Reaching safepoint: 105029 ns, At safepoint: 19647 ns, Total: 124676 ns
[2020-02-27T10:30:03.101+0000][1][safepoint    ] Safepoint "RevokeBias", Time since last: 2502897887 ns, Reaching safepoint: 90824 ns, At safepoint: 131378 ns, Total: 222202 ns
[2020-02-27T10:30:05.608+0000][1][safepoint    ] Safepoint "RevokeBias", Time since last: 2506145507 ns, Reaching safepoint: 86135 ns, At safepoint: 17052 ns, Total: 103187 ns
[2020-02-27T10:30:08.111+0000][1][safepoint    ] Safepoint "RevokeBias", Time since last: 2503401626 ns, Reaching safepoint: 112592 ns, At safepoint: 23886 ns, Total: 136478 ns
[2020-02-27T10:30:10.616+0000][1][safepoint    ] Safepoint "RevokeBias", Time since last: 2504266984 ns, Reaching safepoint: 118983 ns, At safepoint: 21284 ns, Total: 140267 ns
[2020-02-27T10:30:13.119+0000][1][safepoint    ] Safepoint "RevokeBias", Time since last: 2503237248 ns, Reaching safepoint: 74308 ns, At safepoint: 17937 ns, Total: 92245 ns
[2020-02-27T10:30:15.625+0000][1][safepoint    ] Safepoint "RevokeBias", Time since last: 2505554382 ns, Reaching safepoint: 74098 ns, At safepoint: 17716 ns, Total: 91814 ns
[2020-02-27T10:30:18.129+0000][1][safepoint    ] Safepoint "RevokeBias", Time since last: 2504078257 ns, Reaching safepoint: 149675 ns, At safepoint: 22202 ns, Total: 171877 ns
[2020-02-27T10:30:20.635+0000][1][safepoint    ] Safepoint "RevokeBias", Time since last: 2505691658 ns, Reaching safepoint: 74853 ns, At safepoint: 17711 ns, Total: 92564 ns
[2020-02-27T10:30:23.137+0000][1][gc,start     ] GC(186) Pause Young (Allocation Failure)
[2020-02-27T10:30:23.137+0000][1][gc,task      ] GC(186) Using 1 workers of 1 for evacuation
[2020-02-27T10:30:23.149+0000][1][gc,age       ] GC(186) Desired survivor size 4358144 bytes, new threshold 6 (max threshold 6)
[2020-02-27T10:30:23.149+0000][1][gc,age       ] GC(186) Age table with threshold 6 (max threshold 6)
[2020-02-27T10:30:23.149+0000][1][gc,age       ] GC(186) - age   1:      23848 bytes,      23848 total
[2020-02-27T10:30:23.149+0000][1][gc,age       ] GC(186) - age   4:        192 bytes,      24040 total
[2020-02-27T10:30:23.149+0000][1][gc,age       ] GC(186) - age   5:        384 bytes,      24424 total
[2020-02-27T10:30:23.149+0000][1][gc,heap      ] GC(186) ParNew: 68174K->30K(76672K)
[2020-02-27T10:30:23.149+0000][1][gc,heap      ] GC(186) CMS: 62526K->62526K(963392K)
[2020-02-27T10:30:23.149+0000][1][gc,metaspace ] GC(186) Metaspace: 80619K->80619K(1124352K)
[2020-02-27T10:30:23.149+0000][1][gc           ] GC(186) Pause Young (Allocation Failure) 127M->61M(1015M) 11.784ms
[2020-02-27T10:30:23.149+0000][1][gc,cpu       ] GC(186) User=0.01s Sys=0.00s Real=0.01s
[2020-02-27T10:30:23.149+0000][1][safepoint    ] Safepoint "GenCollectForAllocation", Time since last: 2502528566 ns, Reaching safepoint: 73769 ns, At safepoint: 11840459 ns, Total: 11914228 ns
[2020-02-27T10:30:23.150+0000][1][safepoint    ] Safepoint "RevokeBias", Time since last: 662051 ns, Reaching safepoint: 70772 ns, At safepoint: 17749 ns, Total: 88521 ns
[2020-02-27T10:30:25.651+0000][1][safepoint    ] Safepoint "RevokeBias", Time since last: 2501171223 ns, Reaching safepoint: 75336 ns, At safepoint: 18095 ns, Total: 93431 ns
[2020-02-27T10:30:28.157+0000][1][safepoint    ] Safepoint "RevokeBias", Time since last: 2505458054 ns, Reaching safepoint: 76679 ns, At safepoint: 18021 ns, Total: 94700 ns
[2020-02-27T10:30:30.663+0000][1][safepoint    ] Safepoint "RevokeBias", Time since last: 2506221516 ns, Reaching safepoint: 74628 ns, At safepoint: 17495 ns, Total: 92123 ns
[2020-02-27T10:30:33.173+0000][1][safepoint    ] Safepoint "BulkRevokeBias", Time since last: 2509335578 ns, Reaching safepoint: 93206 ns, At safepoint: 326345 ns, Total: 419551 ns
[2020-02-27T10:30:35.681+0000][1][safepoint    ] Safepoint "RevokeBias", Time since last: 2508171838 ns, Reaching safepoint: 83339 ns, At safepoint: 19845 ns, Total: 103184 ns
[2020-02-27T10:30:38.192+0000][1][safepoint    ] Safepoint "RevokeBias", Time since last: 2510492471 ns, Reaching safepoint: 57139 ns, At safepoint: 15266 ns, Total: 72405 ns
[2020-02-27T10:30:40.703+0000][1][safepoint    ] Safepoint "RevokeBias", Time since last: 2511106892 ns, Reaching safepoint: 97367 ns, At safepoint: 18630 ns, Total: 115997 ns
[2020-02-27T10:30:43.228+0000][1][safepoint    ] Safepoint "RevokeBias", Time since last: 2525169824 ns, Reaching safepoint: 74315 ns, At safepoint: 18139 ns, Total: 92454 ns
[2020-02-27T10:30:45.739+0000][1][safepoint    ] Safepoint "RevokeBias", Time since last: 2511078737 ns, Reaching safepoint: 89626 ns, At safepoint: 17513 ns, Total: 107139 ns
[2020-02-27T10:30:48.255+0000][1][safepoint    ] Safepoint "RevokeBias", Time since last: 2515110421 ns, Reaching safepoint: 111179 ns, At safepoint: 28557 ns, Total: 139736 ns
[2020-02-27T10:30:50.767+0000][1][safepoint    ] Safepoint "RevokeBias", Time since last: 2512043858 ns, Reaching safepoint: 117932 ns, At safepoint: 29223 ns, Total: 147155 ns
[2020-02-27T10:30:53.276+0000][1][safepoint    ] Safepoint "RevokeBias", Time since last: 2509045543 ns, Reaching safepoint: 72578 ns, At safepoint: 20289 ns, Total: 92867 ns
[2020-02-27T10:30:55.783+0000][1][safepoint    ] Safepoint "RevokeBias", Time since last: 2507228947 ns, Reaching safepoint: 74095 ns, At safepoint: 17735 ns, Total: 91830 ns
[2020-02-27T10:30:58.294+0000][1][safepoint    ] Safepoint "RevokeBias", Time since last: 2510997531 ns, Reaching safepoint: 73463 ns, At safepoint: 18124 ns, Total: 91587 ns
[2020-02-27T10:31:00.804+0000][1][safepoint    ] Safepoint "RevokeBias", Time since last: 2509848234 ns, Reaching safepoint: 75629 ns, At safepoint: 17206 ns, Total: 92835 ns
[2020-02-27T10:31:03.315+0000][1][safepoint    ] Safepoint "RevokeBias", Time since last: 2510963765 ns, Reaching safepoint: 204623 ns, At safepoint: 34237 ns, Total: 238860 ns
[2020-02-27T10:31:05.824+0000][1][safepoint    ] Safepoint "RevokeBias", Time since last: 2508820218 ns, Reaching safepoint: 78108 ns, At safepoint: 18953 ns, Total: 97061 ns
[2020-02-27T10:31:08.337+0000][1][safepoint    ] Safepoint "RevokeBias", Time since last: 2512699969 ns, Reaching safepoint: 133134 ns, At safepoint: 18595 ns, Total: 151729 ns
[2020-02-27T10:31:10.855+0000][1][safepoint    ] Safepoint "RevokeBias", Time since last: 2517557868 ns, Reaching safepoint: 114586 ns, At safepoint: 28202 ns, Total: 142788 ns
[2020-02-27T10:31:13.360+0000][1][safepoint    ] Safepoint "RevokeBias", Time since last: 2504560596 ns, Reaching safepoint: 73874 ns, At safepoint: 18015 ns, Total: 91889 ns
[2020-02-27T10:31:15.865+0000][1][safepoint    ] Safepoint "RevokeBias", Time since last: 2505477493 ns, Reaching safepoint: 75926 ns, At safepoint: 17962 ns, Total: 93888 ns
[2020-02-27T10:31:18.370+0000][1][safepoint    ] Safepoint "RevokeBias", Time since last: 2504771255 ns, Reaching safepoint: 150686 ns, At safepoint: 25241 ns, Total: 175927 ns
[2020-02-27T10:31:20.876+0000][1][safepoint    ] Safepoint "RevokeBias", Time since last: 2505447091 ns, Reaching safepoint: 77998 ns, At safepoint: 18560 ns, Total: 96558 ns
[2020-02-27T10:31:23.378+0000][1][safepoint    ] Safepoint "RevokeBias", Time since last: 2502622801 ns, Reaching safepoint: 111174 ns, At safepoint: 18589 ns, Total: 129763 ns
[2020-02-27T10:31:25.383+0000][1][safepoint    ] Safepoint "Cleanup", Time since last: 2004162598 ns, Reaching safepoint: 115161 ns, At safepoint: 7159 ns, Total: 122320 ns
[2020-02-27T10:31:25.881+0000][1][safepoint    ] Safepoint "RevokeBias", Time since last: 498767646 ns, Reaching safepoint: 74820 ns, At safepoint: 18429 ns, Total: 93249 ns
[2020-02-27T10:31:28.386+0000][1][safepoint    ] Safepoint "RevokeBias", Time since last: 2504104720 ns, Reaching safepoint: 74004 ns, At safepoint: 17994 ns, Total: 91998 ns
[2020-02-27T10:31:29.387+0000][1][safepoint    ] Safepoint "Cleanup", Time since last: 1001530467 ns, Reaching safepoint: 86685 ns, At safepoint: 6911 ns, Total: 93596 ns
[2020-02-27T10:31:30.891+0000][1][safepoint    ] Safepoint "RevokeBias", Time since last: 1503757547 ns, Reaching safepoint: 73979 ns, At safepoint: 119009 ns, Total: 192988 ns
[2020-02-27T10:31:33.394+0000][1][safepoint    ] Safepoint "RevokeBias", Time since last: 2503105490 ns, Reaching safepoint: 97821 ns, At safepoint: 23191 ns, Total: 121012 ns
[2020-02-27T10:31:34.395+0000][1][safepoint    ] Safepoint "Cleanup", Time since last: 1000315377 ns, Reaching safepoint: 113617 ns, At safepoint: 10802 ns, Total: 124419 ns
[2020-02-27T10:31:35.900+0000][1][safepoint    ] Safepoint "RevokeBias", Time since last: 1504924917 ns, Reaching safepoint: 126876 ns, At safepoint: 22062 ns, Total: 148938 ns
[2020-02-27T10:31:38.404+0000][1][safepoint    ] Safepoint "RevokeBias", Time since last: 2503607992 ns, Reaching safepoint: 76268 ns, At safepoint: 17775 ns, Total: 94043 ns
[2020-02-27T10:31:40.909+0000][1][safepoint    ] Safepoint "RevokeBias", Time since last: 2505018930 ns, Reaching safepoint: 76547 ns, At safepoint: 18287 ns, Total: 94834 ns
[2020-02-27T10:31:43.412+0000][1][safepoint    ] Safepoint "RevokeBias", Time since last: 2502873340 ns, Reaching safepoint: 142165 ns, At safepoint: 21161 ns, Total: 163326 ns
[2020-02-27T10:31:45.916+0000][1][safepoint    ] Safepoint "BulkRevokeBias", Time since last: 2503808212 ns, Reaching safepoint: 85136 ns, At safepoint: 310673 ns, Total: 395809 ns
[2020-02-27T10:31:48.420+0000][1][safepoint    ] Safepoint "RevokeBias", Time since last: 2504339058 ns, Reaching safepoint: 74738 ns, At safepoint: 19082 ns, Total: 93820 ns
[2020-02-27T10:31:50.927+0000][1][safepoint    ] Safepoint "RevokeBias", Time since last: 2506004974 ns, Reaching safepoint: 76290 ns, At safepoint: 18341 ns, Total: 94631 ns
[2020-02-27T10:31:53.430+0000][1][safepoint    ] Safepoint "RevokeBias", Time since last: 2503006361 ns, Reaching safepoint: 74391 ns, At safepoint: 17723 ns, Total: 92114 ns
[2020-02-27T10:31:55.432+0000][1][safepoint    ] Safepoint "Cleanup", Time since last: 2002551722 ns, Reaching safepoint: 115955 ns, At safepoint: 7392 ns, Total: 123347 ns
[2020-02-27T10:31:55.932+0000][1][safepoint    ] Safepoint "RevokeBias", Time since last: 499357192 ns, Reaching safepoint: 76506 ns, At safepoint: 18117 ns, Total: 94623 ns
[2020-02-27T10:31:58.435+0000][1][safepoint    ] Safepoint "RevokeBias", Time since last: 2502902654 ns, Reaching safepoint: 75693 ns, At safepoint: 18111 ns, Total: 93804 ns
[2020-02-27T10:32:00.938+0000][1][safepoint    ] Safepoint "RevokeBias", Time since last: 2503518130 ns, Reaching safepoint: 73903 ns, At safepoint: 17953 ns, Total: 91856 ns
[2020-02-27T10:32:03.443+0000][1][safepoint    ] Safepoint "RevokeBias", Time since last: 2503933777 ns, Reaching safepoint: 139307 ns, At safepoint: 55344 ns, Total: 194651 ns
[2020-02-27T10:32:05.950+0000][1][safepoint    ] Safepoint "RevokeBias", Time since last: 2507155308 ns, Reaching safepoint: 97737 ns, At safepoint: 25481 ns, Total: 123218 ns
[2020-02-27T10:32:08.455+0000][1][safepoint    ] Safepoint "RevokeBias", Time since last: 2505410786 ns, Reaching safepoint: 72050 ns, At safepoint: 17261 ns, Total: 89311 ns
[2020-02-27T10:32:10.966+0000][1][safepoint    ] Safepoint "RevokeBias", Time since last: 2510245734 ns, Reaching safepoint: 137234 ns, At safepoint: 18719 ns, Total: 155953 ns
[2020-02-27T10:32:13.479+0000][1][safepoint    ] Safepoint "RevokeBias", Time since last: 2513427757 ns, Reaching safepoint: 74516 ns, At safepoint: 18159 ns, Total: 92675 ns
[2020-02-27T10:32:15.995+0000][1][safepoint    ] Safepoint "RevokeBias", Time since last: 2516136318 ns, Reaching safepoint: 74409 ns, At safepoint: 17842 ns, Total: 92251 ns
[2020-02-27T10:32:18.507+0000][1][safepoint    ] Safepoint "RevokeBias", Time since last: 2511216131 ns, Reaching safepoint: 77351 ns, At safepoint: 18727 ns, Total: 96078 ns
[2020-02-27T10:32:21.020+0000][1][safepoint    ] Safepoint "RevokeBias", Time since last: 2513007152 ns, Reaching safepoint: 95861 ns, At safepoint: 31012 ns, Total: 126873 ns
[2020-02-27T10:32:23.527+0000][1][safepoint    ] Safepoint "RevokeBias", Time since last: 2506979641 ns, Reaching safepoint: 124320 ns, At safepoint: 21944 ns, Total: 146264 ns
[2020-02-27T10:32:25.528+0000][1][safepoint    ] Safepoint "Cleanup", Time since last: 2000839294 ns, Reaching safepoint: 87720 ns, At safepoint: 6851 ns, Total: 94571 ns
[2020-02-27T10:32:26.048+0000][1][safepoint    ] Safepoint "RevokeBias", Time since last: 520381980 ns, Reaching safepoint: 66861 ns, At safepoint: 18448 ns, Total: 85309 ns
[2020-02-27T10:32:28.564+0000][1][safepoint    ] Safepoint "RevokeBias", Time since last: 2515438114 ns, Reaching safepoint: 82597 ns, At safepoint: 20813 ns, Total: 103410 ns
[2020-02-27T10:32:31.092+0000][1][safepoint    ] Safepoint "RevokeBias", Time since last: 2527840500 ns, Reaching safepoint: 103316 ns, At safepoint: 26353 ns, Total: 129669 ns
[2020-02-27T10:32:33.606+0000][1][safepoint    ] Safepoint "RevokeBias", Time since last: 2513949067 ns, Reaching safepoint: 138601 ns, At safepoint: 38447 ns, Total: 177048 ns
[2020-02-27T10:32:36.120+0000][1][safepoint    ] Safepoint "RevokeBias", Time since last: 2513773846 ns, Reaching safepoint: 74230 ns, At safepoint: 18229 ns, Total: 92459 ns
[2020-02-27T10:32:38.630+0000][1][safepoint    ] Safepoint "RevokeBias", Time since last: 2510209992 ns, Reaching safepoint: 80205 ns, At safepoint: 23817 ns, Total: 104022 ns
[2020-02-27T10:32:39.192+0000][1][gc,start     ] GC(187) Pause Young (Allocation Failure)
[2020-02-27T10:32:39.192+0000][1][gc,task      ] GC(187) Using 1 workers of 1 for evacuation
[2020-02-27T10:32:39.201+0000][1][gc,age       ] GC(187) Desired survivor size 4358144 bytes, new threshold 6 (max threshold 6)
[2020-02-27T10:32:39.201+0000][1][gc,age       ] GC(187) Age table with threshold 6 (max threshold 6)
[2020-02-27T10:32:39.201+0000][1][gc,age       ] GC(187) - age   1:      12592 bytes,      12592 total
[2020-02-27T10:32:39.201+0000][1][gc,age       ] GC(187) - age   2:        232 bytes,      12824 total
[2020-02-27T10:32:39.201+0000][1][gc,age       ] GC(187) - age   5:        192 bytes,      13016 total
[2020-02-27T10:32:39.201+0000][1][gc,age       ] GC(187) - age   6:        152 bytes,      13168 total
[2020-02-27T10:32:39.201+0000][1][gc,heap      ] GC(187) ParNew: 68190K->20K(76672K)
[2020-02-27T10:32:39.201+0000][1][gc,heap      ] GC(187) CMS: 62526K->62526K(963392K)
[2020-02-27T10:32:39.201+0000][1][gc,metaspace ] GC(187) Metaspace: 80619K->80619K(1124352K)
[2020-02-27T10:32:39.202+0000][1][gc           ] GC(187) Pause Young (Allocation Failure) 127M->61M(1015M) 10.013ms
[2020-02-27T10:32:39.202+0000][1][gc,cpu       ] GC(187) User=0.01s Sys=0.00s Real=0.01s
[2020-02-27T10:32:39.202+0000][1][safepoint    ] Safepoint "GenCollectForAllocation", Time since last: 561111483 ns, Reaching safepoint: 82028 ns, At safepoint: 10109755 ns, Total: 10191783 ns
[2020-02-27T10:32:41.137+0000][1][safepoint    ] Safepoint "RevokeBias", Time since last: 1935653779 ns, Reaching safepoint: 78275 ns, At safepoint: 18991 ns, Total: 97266 ns
[2020-02-27T10:32:43.641+0000][1][safepoint    ] Safepoint "RevokeBias", Time since last: 2503430974 ns, Reaching safepoint: 75747 ns, At safepoint: 18577 ns, Total: 94324 ns
[2020-02-27T10:32:46.146+0000][1][safepoint    ] Safepoint "RevokeBias", Time since last: 2504662358 ns, Reaching safepoint: 95946 ns, At safepoint: 17983 ns, Total: 113929 ns
[2020-02-27T10:32:48.651+0000][1][safepoint    ] Safepoint "RevokeBias", Time since last: 2504974719 ns, Reaching safepoint: 77785 ns, At safepoint: 19513 ns, Total: 97298 ns
[2020-02-27T10:32:51.155+0000][1][safepoint    ] Safepoint "RevokeBias", Time since last: 2504252780 ns, Reaching safepoint: 83948 ns, At safepoint: 22576 ns, Total: 106524 ns
[2020-02-27T10:32:53.658+0000][1][safepoint    ] Safepoint "RevokeBias", Time since last: 2503151862 ns, Reaching safepoint: 116922 ns, At safepoint: 21164 ns, Total: 138086 ns
[2020-02-27T10:32:56.161+0000][1][safepoint    ] Safepoint "RevokeBias", Time since last: 2502825115 ns, Reaching safepoint: 80507 ns, At safepoint: 19741 ns, Total: 100248 ns
[2020-02-27T10:32:58.668+0000][1][safepoint    ] Safepoint "BulkRevokeBias", Time since last: 2506814418 ns, Reaching safepoint: 74479 ns, At safepoint: 191696 ns, Total: 266175 ns
[2020-02-27T10:33:01.176+0000][1][safepoint    ] Safepoint "RevokeBias", Time since last: 2507072304 ns, Reaching safepoint: 268272 ns, At safepoint: 38483 ns, Total: 306755 ns
[2020-02-27T10:33:03.680+0000][1][safepoint    ] Safepoint "RevokeBias", Time since last: 2504337304 ns, Reaching safepoint: 88043 ns, At safepoint: 20311 ns, Total: 108354 ns
[2020-02-27T10:33:06.187+0000][1][safepoint    ] Safepoint "RevokeBias", Time since last: 2506310804 ns, Reaching safepoint: 76536 ns, At safepoint: 17896 ns, Total: 94432 ns
[2020-02-27T10:33:08.693+0000][1][safepoint    ] Safepoint "RevokeBias", Time since last: 2506311130 ns, Reaching safepoint: 80871 ns, At safepoint: 19223 ns, Total: 100094 ns
[2020-02-27T10:33:11.206+0000][1][safepoint    ] Safepoint "RevokeBias", Time since last: 2512964740 ns, Reaching safepoint: 75526 ns, At safepoint: 120719 ns, Total: 196245 ns
[2020-02-27T10:33:13.719+0000][1][safepoint    ] Safepoint "RevokeBias", Time since last: 2512804420 ns, Reaching safepoint: 111216 ns, At safepoint: 27474 ns, Total: 138690 ns
[2020-02-27T10:33:16.226+0000][1][safepoint    ] Safepoint "RevokeBias", Time since last: 2506840887 ns, Reaching safepoint: 60222 ns, At safepoint: 16658 ns, Total: 76880 ns
[2020-02-27T10:33:18.730+0000][1][safepoint    ] Safepoint "RevokeBias", Time since last: 2503862808 ns, Reaching safepoint: 73935 ns, At safepoint: 18000 ns, Total: 91935 ns
[2020-02-27T10:33:21.233+0000][1][safepoint    ] Safepoint "RevokeBias", Time since last: 2502979677 ns, Reaching safepoint: 169999 ns, At safepoint: 22278 ns, Total: 192277 ns
[2020-02-27T10:33:23.738+0000][1][safepoint    ] Safepoint "RevokeBias", Time since last: 2504335641 ns, Reaching safepoint: 136099 ns, At safepoint: 32533 ns, Total: 168632 ns
[2020-02-27T10:33:26.241+0000][1][safepoint    ] Safepoint "RevokeBias", Time since last: 2503529838 ns, Reaching safepoint: 75594 ns, At safepoint: 18656 ns, Total: 94250 ns
[2020-02-27T10:33:28.760+0000][1][safepoint    ] Safepoint "RevokeBias", Time since last: 2519045859 ns, Reaching safepoint: 74321 ns, At safepoint: 17542 ns, Total: 91863 ns
[2020-02-27T10:33:31.275+0000][1][safepoint    ] Safepoint "RevokeBias", Time since last: 2514424024 ns, Reaching safepoint: 72300 ns, At safepoint: 17310 ns, Total: 89610 ns
[2020-02-27T10:33:33.804+0000][1][safepoint    ] Safepoint "RevokeBias", Time since last: 2528474550 ns, Reaching safepoint: 157290 ns, At safepoint: 34541 ns, Total: 191831 ns
[2020-02-27T10:33:36.318+0000][1][safepoint    ] Safepoint "RevokeBias", Time since last: 2514426454 ns, Reaching safepoint: 76026 ns, At safepoint: 18186 ns, Total: 94212 ns
[2020-02-27T10:33:38.830+0000][1][safepoint    ] Safepoint "RevokeBias", Time since last: 2511519724 ns, Reaching safepoint: 57152 ns, At safepoint: 16823 ns, Total: 73975 ns
[2020-02-27T10:33:41.341+0000][1][safepoint    ] Safepoint "RevokeBias", Time since last: 2511607459 ns, Reaching safepoint: 111865 ns, At safepoint: 19086 ns, Total: 130951 ns
[2020-02-27T10:33:43.855+0000][1][safepoint    ] Safepoint "RevokeBias", Time since last: 2512976849 ns, Reaching safepoint: 111522 ns, At safepoint: 63858 ns, Total: 175380 ns
