[2020-02-28T01:42:19.445+0000][57][gc] Using Concurrent Mark Sweep
[2020-02-28T01:42:19.445+0000][57][gc,heap,coops] Heap address: 0x00000000c0000000, size: 1024 MB, Compressed Oops mode: 32-bit
[2020-02-28T01:42:20.147+0000][57][safepoint    ] Safepoint "EnableBiasedLocking", Time since last: 325476447 ns, Reaching safepoint: 10866658 ns, At safepoint: 31462 ns, Total: 10898120 ns
[2020-02-28T01:42:20.148+0000][57][gc,heap,exit ] Heap
[2020-02-28T01:42:20.148+0000][57][gc,heap,exit ]  par new generation   total 76672K, used 4089K [0x00000000c0000000, 0x00000000c5330000, 0x00000000c5330000)
[2020-02-28T01:42:20.148+0000][57][gc,heap,exit ]   eden space 68160K,   6% used [0x00000000c0000000, 0x00000000c03fe7f0, 0x00000000c4290000)
[2020-02-28T01:42:20.148+0000][57][gc,heap,exit ]   from space 8512K,   0% used [0x00000000c4290000, 0x00000000c4290000, 0x00000000c4ae0000)
[2020-02-28T01:42:20.148+0000][57][gc,heap,exit ]   to   space 8512K,   0% used [0x00000000c4ae0000, 0x00000000c4ae0000, 0x00000000c5330000)
[2020-02-28T01:42:20.148+0000][57][gc,heap,exit ]  concurrent mark-sweep generation total 963392K, used 0K [0x00000000c5330000, 0x0000000100000000, 0x0000000100000000)
[2020-02-28T01:42:20.149+0000][57][gc,heap,exit ]  Metaspace       used 163K, capacity 4480K, committed 4480K, reserved 1056768K
[2020-02-28T01:42:20.149+0000][57][gc,heap,exit ]   class space    used 6K, capacity 384K, committed 384K, reserved 1048576K
