[2020-02-28T01:57:15.629+0000][1][gc] Using Concurrent Mark Sweep
[2020-02-28T01:57:15.629+0000][1][gc,heap,coops] Heap address: 0x00000000c0000000, size: 1024 MB, Compressed Oops mode: 32-bit
[2020-02-28T01:57:15.921+0000][1][safepoint    ] Safepoint "EnableBiasedLocking", Time since last: 261818411 ns, Reaching safepoint: 2862732 ns, At safepoint: 35598 ns, Total: 2898330 ns
[2020-02-28T01:57:15.937+0000][1][safepoint    ] Safepoint "RevokeBias", Time since last: 16590854 ns, Reaching safepoint: 44886 ns, At safepoint: 99998 ns, Total: 144884 ns
[2020-02-28T01:57:16.013+0000][1][safepoint    ] Safepoint "Deoptimize", Time since last: 75306475 ns, Reaching safepoint: 19642 ns, At safepoint: 24935 ns, Total: 44577 ns
[2020-02-28T01:57:17.013+0000][1][safepoint    ] Safepoint "Cleanup", Time since last: 1000497434 ns, Reaching safepoint: 27807 ns, At safepoint: 4698 ns, Total: 32505 ns
[2020-02-28T01:57:19.017+0000][1][safepoint    ] Safepoint "Cleanup", Time since last: 2003539565 ns, Reaching safepoint: 278796 ns, At safepoint: 4870 ns, Total: 283666 ns
[2020-02-28T01:57:19.898+0000][1][safepoint    ] Safepoint "Deoptimize", Time since last: 880877376 ns, Reaching safepoint: 25356 ns, At safepoint: 48814 ns, Total: 74170 ns
[2020-02-28T01:57:20.898+0000][1][safepoint    ] Safepoint "Cleanup", Time since last: 1000394825 ns, Reaching safepoint: 68973 ns, At safepoint: 3605 ns, Total: 72578 ns
[2020-02-28T01:57:21.899+0000][1][safepoint    ] Safepoint "Cleanup", Time since last: 1000529833 ns, Reaching safepoint: 33740 ns, At safepoint: 5016 ns, Total: 38756 ns
[2020-02-28T01:57:22.900+0000][1][safepoint    ] Safepoint "Cleanup", Time since last: 1000616763 ns, Reaching safepoint: 58455 ns, At safepoint: 3876 ns, Total: 62331 ns
[2020-02-28T01:57:23.904+0000][1][safepoint    ] Safepoint "Cleanup", Time since last: 1004665760 ns, Reaching safepoint: 43867 ns, At safepoint: 3745 ns, Total: 47612 ns
[2020-02-28T01:57:24.905+0000][1][safepoint    ] Safepoint "Cleanup", Time since last: 1000734138 ns, Reaching safepoint: 45911 ns, At safepoint: 6760 ns, Total: 52671 ns
[2020-02-28T01:57:26.014+0000][1][safepoint    ] Safepoint "Cleanup", Time since last: 1003604185 ns, Reaching safepoint: 104650981 ns, At safepoint: 11639 ns, Total: 104662620 ns
[2020-02-28T01:57:27.014+0000][1][safepoint    ] Safepoint "Cleanup", Time since last: 1000437519 ns, Reaching safepoint: 58580 ns, At safepoint: 4102 ns, Total: 62682 ns
[2020-02-28T01:57:28.015+0000][1][safepoint    ] Safepoint "Cleanup", Time since last: 1000645794 ns, Reaching safepoint: 44358 ns, At safepoint: 4494 ns, Total: 48852 ns
[2020-02-28T01:57:29.491+0000][1][safepoint    ] Safepoint "Deoptimize", Time since last: 1476654918 ns, Reaching safepoint: 18239 ns, At safepoint: 105811 ns, Total: 124050 ns
[2020-02-28T01:57:30.499+0000][1][safepoint    ] Safepoint "Cleanup", Time since last: 1004270767 ns, Reaching safepoint: 2802463 ns, At safepoint: 5152 ns, Total: 2807615 ns
[2020-02-28T01:57:31.527+0000][1][safepoint    ] Safepoint "Cleanup", Time since last: 1006794476 ns, Reaching safepoint: 21489995 ns, At safepoint: 5444 ns, Total: 21495439 ns
[2020-02-28T01:57:31.613+0000][1][safepoint    ] Safepoint "Deoptimize", Time since last: 85708746 ns, Reaching safepoint: 63747 ns, At safepoint: 364972 ns, Total: 428719 ns
[2020-02-28T01:57:32.622+0000][1][safepoint    ] Safepoint "Cleanup", Time since last: 1003507076 ns, Reaching safepoint: 5902322 ns, At safepoint: 10047 ns, Total: 5912369 ns
[2020-02-28T01:57:33.504+0000][1][safepoint    ] Safepoint "Deoptimize", Time since last: 881773503 ns, Reaching safepoint: 20322 ns, At safepoint: 174269 ns, Total: 194591 ns
[2020-02-28T01:57:34.601+0000][1][safepoint    ] Safepoint "Cleanup", Time since last: 1000369062 ns, Reaching safepoint: 96698946 ns, At safepoint: 23008 ns, Total: 96721954 ns
[2020-02-28T01:57:35.629+0000][1][safepoint    ] Safepoint "Cleanup", Time since last: 1012409366 ns, Reaching safepoint: 14727497 ns, At safepoint: 10777 ns, Total: 14738274 ns
[2020-02-28T01:57:37.408+0000][1][safepoint    ] Safepoint "Cleanup", Time since last: 1004324679 ns, Reaching safepoint: 775009604 ns, At safepoint: 6409 ns, Total: 775016013 ns
[2020-02-28T01:57:39.423+0000][1][safepoint    ] Safepoint "Cleanup", Time since last: 2014602494 ns, Reaching safepoint: 46566 ns, At safepoint: 5677 ns, Total: 52243 ns
[2020-02-28T01:57:41.463+0000][1][safepoint    ] Safepoint "Cleanup", Time since last: 2002949575 ns, Reaching safepoint: 37655871 ns, At safepoint: 6771 ns, Total: 37662642 ns
[2020-02-28T01:57:42.515+0000][1][safepoint    ] Safepoint "Cleanup", Time since last: 1013429802 ns, Reaching safepoint: 38730366 ns, At safepoint: 5359 ns, Total: 38735725 ns
[2020-02-28T01:57:44.403+0000][1][safepoint    ] Safepoint "Deoptimize", Time since last: 1887569740 ns, Reaching safepoint: 39768 ns, At safepoint: 239061 ns, Total: 278829 ns
[2020-02-28T01:57:45.429+0000][1][safepoint    ] Safepoint "Cleanup", Time since last: 1001394273 ns, Reaching safepoint: 23890378 ns, At safepoint: 8278 ns, Total: 23898656 ns
[2020-02-28T01:57:46.439+0000][1][safepoint    ] Safepoint "Cleanup", Time since last: 1001862777 ns, Reaching safepoint: 8402209 ns, At safepoint: 7562 ns, Total: 8409771 ns
[2020-02-28T01:57:47.474+0000][1][safepoint    ] Safepoint "Cleanup", Time since last: 1003943612 ns, Reaching safepoint: 31671272 ns, At safepoint: 9474 ns, Total: 31680746 ns
[2020-02-28T01:57:48.475+0000][1][safepoint    ] Safepoint "Cleanup", Time since last: 1000288974 ns, Reaching safepoint: 65250 ns, At safepoint: 34439 ns, Total: 99689 ns
[2020-02-28T01:57:49.471+0000][1][safepoint    ] Safepoint "Deoptimize", Time since last: 996302735 ns, Reaching safepoint: 31843 ns, At safepoint: 276932 ns, Total: 308775 ns
[2020-02-28T01:57:51.527+0000][1][safepoint    ] Safepoint "Cleanup", Time since last: 2017336634 ns, Reaching safepoint: 37754185 ns, At safepoint: 7950 ns, Total: 37762135 ns
[2020-02-28T01:57:51.809+0000][1][safepoint    ] Safepoint "Deoptimize", Time since last: 281878832 ns, Reaching safepoint: 23957 ns, At safepoint: 160290 ns, Total: 184247 ns
[2020-02-28T01:57:51.827+0000][1][safepoint    ] Safepoint "RevokeBias", Time since last: 18567235 ns, Reaching safepoint: 42287 ns, At safepoint: 156472 ns, Total: 198759 ns
[2020-02-28T01:57:52.858+0000][1][safepoint    ] Safepoint "Cleanup", Time since last: 1004178617 ns, Reaching safepoint: 26241593 ns, At safepoint: 8177 ns, Total: 26249770 ns
[2020-02-28T01:57:54.268+0000][1][safepoint    ] Safepoint "Cleanup", Time since last: 1000396282 ns, Reaching safepoint: 409892236 ns, At safepoint: 11830 ns, Total: 409904066 ns
[2020-02-28T01:57:55.343+0000][1][safepoint    ] Safepoint "Cleanup", Time since last: 1000663181 ns, Reaching safepoint: 74259873 ns, At safepoint: 5206 ns, Total: 74265079 ns
[2020-02-28T01:57:56.350+0000][1][safepoint    ] Safepoint "Cleanup", Time since last: 1003550396 ns, Reaching safepoint: 3615982 ns, At safepoint: 7493 ns, Total: 3623475 ns
[2020-02-28T01:57:57.355+0000][1][safepoint    ] Safepoint "Cleanup", Time since last: 1002430833 ns, Reaching safepoint: 1977063 ns, At safepoint: 5329 ns, Total: 1982392 ns
[2020-02-28T01:57:58.355+0000][1][safepoint    ] Safepoint "Cleanup", Time since last: 1000230045 ns, Reaching safepoint: 43720 ns, At safepoint: 4993 ns, Total: 48713 ns
[2020-02-28T01:57:59.356+0000][1][safepoint    ] Safepoint "Cleanup", Time since last: 1001471452 ns, Reaching safepoint: 24455 ns, At safepoint: 5030 ns, Total: 29485 ns
[2020-02-28T01:58:00.400+0000][1][safepoint    ] Safepoint "Cleanup", Time since last: 1005836357 ns, Reaching safepoint: 38202735 ns, At safepoint: 5162 ns, Total: 38207897 ns
[2020-02-28T01:58:01.473+0000][1][safepoint    ] Safepoint "Cleanup", Time since last: 1003060230 ns, Reaching safepoint: 69288869 ns, At safepoint: 8559 ns, Total: 69297428 ns
[2020-02-28T01:58:01.555+0000][1][safepoint    ] Safepoint "Deoptimize", Time since last: 81977049 ns, Reaching safepoint: 15741 ns, At safepoint: 192565 ns, Total: 208306 ns
[2020-02-28T01:58:01.555+0000][1][safepoint    ] Safepoint "Deoptimize", Time since last: 122635 ns, Reaching safepoint: 9389 ns, At safepoint: 180143 ns, Total: 189532 ns
[2020-02-28T01:58:02.555+0000][1][safepoint    ] Safepoint "Cleanup", Time since last: 1000104009 ns, Reaching safepoint: 46332 ns, At safepoint: 4731 ns, Total: 51063 ns
[2020-02-28T01:58:03.557+0000][1][safepoint    ] Safepoint "Cleanup", Time since last: 1001073836 ns, Reaching safepoint: 75627 ns, At safepoint: 5841 ns, Total: 81468 ns
[2020-02-28T01:58:04.566+0000][1][safepoint    ] Safepoint "Cleanup", Time since last: 1002898915 ns, Reaching safepoint: 6181557 ns, At safepoint: 9465 ns, Total: 6191022 ns
[2020-02-28T01:58:05.532+0000][1][safepoint    ] Safepoint "Deoptimize", Time since last: 965679015 ns, Reaching safepoint: 30979 ns, At safepoint: 200467 ns, Total: 231446 ns
[2020-02-28T01:58:05.539+0000][1][safepoint    ] Safepoint "Deoptimize", Time since last: 6691818 ns, Reaching safepoint: 24521 ns, At safepoint: 313248 ns, Total: 337769 ns
[2020-02-28T01:58:06.033+0000][1][safepoint    ] Safepoint "RevokeBias", Time since last: 276205792 ns, Reaching safepoint: 218056560 ns, At safepoint: 55564 ns, Total: 218112124 ns
[2020-02-28T01:58:06.035+0000][1][safepoint    ] Safepoint "RevokeBias", Time since last: 261860 ns, Reaching safepoint: 1484905 ns, At safepoint: 40847 ns, Total: 1525752 ns
[2020-02-28T01:58:06.037+0000][1][safepoint    ] Safepoint "RevokeBias", Time since last: 46660 ns, Reaching safepoint: 2122868 ns, At safepoint: 33896 ns, Total: 2156764 ns
[2020-02-28T01:58:06.039+0000][1][safepoint    ] Safepoint "RevokeBias", Time since last: 127894 ns, Reaching safepoint: 1647211 ns, At safepoint: 56857 ns, Total: 1704068 ns
[2020-02-28T01:58:06.081+0000][1][safepoint    ] Safepoint "RevokeBias", Time since last: 42298132 ns, Reaching safepoint: 30151 ns, At safepoint: 35030 ns, Total: 65181 ns
[2020-02-28T01:58:07.084+0000][1][safepoint    ] Safepoint "Cleanup", Time since last: 1002409780 ns, Reaching safepoint: 81324 ns, At safepoint: 7321 ns, Total: 88645 ns
[2020-02-28T01:58:08.122+0000][1][safepoint    ] Safepoint "Cleanup", Time since last: 1001832009 ns, Reaching safepoint: 36302706 ns, At safepoint: 7560 ns, Total: 36310266 ns
[2020-02-28T01:58:09.123+0000][1][safepoint    ] Safepoint "Cleanup", Time since last: 1000747677 ns, Reaching safepoint: 56321 ns, At safepoint: 6854 ns, Total: 63175 ns
[2020-02-28T01:58:14.595+0000][1][gc,start     ] GC(0) Pause Young (Allocation Failure)
[2020-02-28T01:58:15.022+0000][1][gc,task      ] GC(0) Using 1 workers of 1 for evacuation
[2020-02-28T01:58:26.528+0000][1][gc,age       ] GC(0) Desired survivor size 4358144 bytes, new threshold 1 (max threshold 6)
[2020-02-28T01:58:26.639+0000][1][gc,age       ] GC(0) Age table with threshold 1 (max threshold 6)
[2020-02-28T01:58:26.639+0000][1][gc,age       ] GC(0) - age   1:    8346152 bytes,    8346152 total
[2020-02-28T01:58:26.639+0000][1][gc,heap      ] GC(0) ParNew: 68160K->8187K(76672K)
[2020-02-28T01:58:26.639+0000][1][gc,heap      ] GC(0) CMS: 0K->0K(963392K)
[2020-02-28T01:58:26.639+0000][1][gc,metaspace ] GC(0) Metaspace: 12605K->12605K(1060864K)
[2020-02-28T01:58:26.640+0000][1][gc           ] GC(0) Pause Young (Allocation Failure) 66M->7M(1015M) 12044.399ms
[2020-02-28T01:58:26.640+0000][1][gc,cpu       ] GC(0) User=0.04s Sys=0.05s Real=12.05s
[2020-02-28T01:58:26.640+0000][1][safepoint    ] Safepoint "GenCollectForAllocation", Time since last: 5472490780 ns, Reaching safepoint: 27244 ns, At safepoint: 12044460598 ns, Total: 12044487842 ns
[2020-02-28T01:58:26.732+0000][1][safepoint    ] Safepoint "RevokeBias", Time since last: 3080580 ns, Reaching safepoint: 89324220 ns, At safepoint: 24472 ns, Total: 89348692 ns
[2020-02-28T01:58:26.733+0000][1][safepoint    ] Safepoint "RevokeBias", Time since last: 1371755 ns, Reaching safepoint: 23412 ns, At safepoint: 42407 ns, Total: 65819 ns
[2020-02-28T01:58:26.734+0000][1][safepoint    ] Safepoint "RevokeBias", Time since last: 96525 ns, Reaching safepoint: 13645 ns, At safepoint: 18884 ns, Total: 32529 ns
[2020-02-28T01:58:26.734+0000][1][safepoint    ] Safepoint "RevokeBias", Time since last: 28455 ns, Reaching safepoint: 11709 ns, At safepoint: 17613 ns, Total: 29322 ns
[2020-02-28T01:58:26.734+0000][1][safepoint    ] Safepoint "RevokeBias", Time since last: 72729 ns, Reaching safepoint: 15188 ns, At safepoint: 18236 ns, Total: 33424 ns
[2020-02-28T01:58:26.734+0000][1][safepoint    ] Safepoint "RevokeBias", Time since last: 28642 ns, Reaching safepoint: 11566 ns, At safepoint: 17063 ns, Total: 28629 ns
[2020-02-28T01:58:26.734+0000][1][safepoint    ] Safepoint "RevokeBias", Time since last: 28547 ns, Reaching safepoint: 11760 ns, At safepoint: 17103 ns, Total: 28863 ns
[2020-02-28T01:58:26.734+0000][1][safepoint    ] Safepoint "RevokeBias", Time since last: 24467 ns, Reaching safepoint: 11401 ns, At safepoint: 16832 ns, Total: 28233 ns
[2020-02-28T01:58:26.734+0000][1][safepoint    ] Safepoint "RevokeBias", Time since last: 27947 ns, Reaching safepoint: 11828 ns, At safepoint: 17173 ns, Total: 29001 ns
[2020-02-28T01:58:26.734+0000][1][safepoint    ] Safepoint "RevokeBias", Time since last: 24840 ns, Reaching safepoint: 11380 ns, At safepoint: 16741 ns, Total: 28121 ns
[2020-02-28T01:58:26.734+0000][1][safepoint    ] Safepoint "RevokeBias", Time since last: 27892 ns, Reaching safepoint: 11782 ns, At safepoint: 17077 ns, Total: 28859 ns
[2020-02-28T01:58:26.734+0000][1][safepoint    ] Safepoint "RevokeBias", Time since last: 24403 ns, Reaching safepoint: 11360 ns, At safepoint: 16716 ns, Total: 28076 ns
[2020-02-28T01:58:26.734+0000][1][safepoint    ] Safepoint "RevokeBias", Time since last: 27904 ns, Reaching safepoint: 11678 ns, At safepoint: 17005 ns, Total: 28683 ns
[2020-02-28T01:58:26.734+0000][1][safepoint    ] Safepoint "RevokeBias", Time since last: 24252 ns, Reaching safepoint: 11465 ns, At safepoint: 16866 ns, Total: 28331 ns
[2020-02-28T01:58:26.734+0000][1][safepoint    ] Safepoint "RevokeBias", Time since last: 60523 ns, Reaching safepoint: 15515 ns, At safepoint: 18866 ns, Total: 34381 ns
[2020-02-28T01:58:26.734+0000][1][safepoint    ] Safepoint "RevokeBias", Time since last: 25824 ns, Reaching safepoint: 11614 ns, At safepoint: 16868 ns, Total: 28482 ns
[2020-02-28T01:58:26.734+0000][1][safepoint    ] Safepoint "RevokeBias", Time since last: 51257 ns, Reaching safepoint: 11990 ns, At safepoint: 17353 ns, Total: 29343 ns
[2020-02-28T01:58:26.734+0000][1][safepoint    ] Safepoint "RevokeBias", Time since last: 25229 ns, Reaching safepoint: 11430 ns, At safepoint: 16861 ns, Total: 28291 ns
[2020-02-28T01:58:26.735+0000][1][safepoint    ] Safepoint "RevokeBias", Time since last: 67999 ns, Reaching safepoint: 11725 ns, At safepoint: 17214 ns, Total: 28939 ns
[2020-02-28T01:58:26.735+0000][1][safepoint    ] Safepoint "RevokeBias", Time since last: 24555 ns, Reaching safepoint: 11439 ns, At safepoint: 16946 ns, Total: 28385 ns
[2020-02-28T01:58:26.735+0000][1][safepoint    ] Safepoint "RevokeBias", Time since last: 501065 ns, Reaching safepoint: 14568 ns, At safepoint: 18793 ns, Total: 33361 ns
[2020-02-28T01:58:26.735+0000][1][safepoint    ] Safepoint "RevokeBias", Time since last: 32667 ns, Reaching safepoint: 11760 ns, At safepoint: 17142 ns, Total: 28902 ns
[2020-02-28T01:58:26.735+0000][1][safepoint    ] Safepoint "RevokeBias", Time since last: 29082 ns, Reaching safepoint: 11925 ns, At safepoint: 16976 ns, Total: 28901 ns
[2020-02-28T01:58:26.735+0000][1][safepoint    ] Safepoint "RevokeBias", Time since last: 24412 ns, Reaching safepoint: 11435 ns, At safepoint: 16796 ns, Total: 28231 ns
[2020-02-28T01:58:26.735+0000][1][safepoint    ] Safepoint "RevokeBias", Time since last: 27806 ns, Reaching safepoint: 49943 ns, At safepoint: 38958 ns, Total: 88901 ns
[2020-02-28T01:58:26.736+0000][1][safepoint    ] Safepoint "RevokeBias", Time since last: 29875 ns, Reaching safepoint: 12682 ns, At safepoint: 17106 ns, Total: 29788 ns
[2020-02-28T01:58:26.736+0000][1][safepoint    ] Safepoint "RevokeBias", Time since last: 29894 ns, Reaching safepoint: 11972 ns, At safepoint: 17183 ns, Total: 29155 ns
[2020-02-28T01:58:26.736+0000][1][safepoint    ] Safepoint "RevokeBias", Time since last: 24194 ns, Reaching safepoint: 11376 ns, At safepoint: 16883 ns, Total: 28259 ns
[2020-02-28T01:58:28.208+0000][1][safepoint    ] Safepoint "Cleanup", Time since last: 1471870774 ns, Reaching safepoint: 65874 ns, At safepoint: 6811 ns, Total: 72685 ns
[2020-02-28T01:58:30.211+0000][1][safepoint    ] Safepoint "Cleanup", Time since last: 2003265603 ns, Reaching safepoint: 52183 ns, At safepoint: 6400 ns, Total: 58583 ns
[2020-02-28T01:58:31.263+0000][1][safepoint    ] Safepoint "Cleanup", Time since last: 1007839795 ns, Reaching safepoint: 44328025 ns, At safepoint: 9460 ns, Total: 44337485 ns
[2020-02-28T01:58:32.434+0000][1][safepoint    ] Safepoint "Cleanup", Time since last: 1004450727 ns, Reaching safepoint: 166453080 ns, At safepoint: 10737 ns, Total: 166463817 ns
[2020-02-28T01:58:33.446+0000][1][safepoint    ] Safepoint "Cleanup", Time since last: 1008452361 ns, Reaching safepoint: 3104716 ns, At safepoint: 9283 ns, Total: 3113999 ns
[2020-02-28T01:58:34.486+0000][1][safepoint    ] Safepoint "Cleanup", Time since last: 1009539146 ns, Reaching safepoint: 30546787 ns, At safepoint: 10867 ns, Total: 30557654 ns
[2020-02-28T01:58:35.488+0000][1][safepoint    ] Safepoint "Cleanup", Time since last: 1001976139 ns, Reaching safepoint: 133175 ns, At safepoint: 28375 ns, Total: 161550 ns
[2020-02-28T01:58:36.179+0000][1][safepoint    ] Safepoint "Deoptimize", Time since last: 690406434 ns, Reaching safepoint: 32774 ns, At safepoint: 364841 ns, Total: 397615 ns
[2020-02-28T01:58:37.179+0000][1][safepoint    ] Safepoint "Cleanup", Time since last: 1000140310 ns, Reaching safepoint: 65995 ns, At safepoint: 6608 ns, Total: 72603 ns
[2020-02-28T01:58:38.202+0000][1][safepoint    ] Safepoint "Cleanup", Time since last: 1022947997 ns, Reaching safepoint: 47300 ns, At safepoint: 7290 ns, Total: 54590 ns
[2020-02-28T01:58:39.203+0000][1][safepoint    ] Safepoint "Cleanup", Time since last: 1000647491 ns, Reaching safepoint: 57049 ns, At safepoint: 6300 ns, Total: 63349 ns
[2020-02-28T01:58:40.203+0000][1][safepoint    ] Safepoint "Cleanup", Time since last: 1000546665 ns, Reaching safepoint: 57946 ns, At safepoint: 6787 ns, Total: 64733 ns
[2020-02-28T01:58:50.218+0000][1][safepoint    ] Safepoint "Cleanup", Time since last: 10015220622 ns, Reaching safepoint: 60833 ns, At safepoint: 7273 ns, Total: 68106 ns
[2020-02-28T01:58:51.222+0000][1][safepoint    ] Safepoint "Cleanup", Time since last: 1003122545 ns, Reaching safepoint: 115742 ns, At safepoint: 6727 ns, Total: 122469 ns
[2020-02-28T01:58:52.281+0000][1][safepoint    ] Safepoint "Cleanup", Time since last: 1008086824 ns, Reaching safepoint: 51136696 ns, At safepoint: 11256 ns, Total: 51147952 ns
[2020-02-28T01:58:53.282+0000][1][safepoint    ] Safepoint "Cleanup", Time since last: 1000746982 ns, Reaching safepoint: 44407 ns, At safepoint: 6321 ns, Total: 50728 ns
[2020-02-28T01:58:53.682+0000][1][safepoint    ] Safepoint "RevokeBias", Time since last: 400188140 ns, Reaching safepoint: 39067 ns, At safepoint: 49662 ns, Total: 88729 ns
[2020-02-28T01:58:54.729+0000][1][safepoint    ] Safepoint "Cleanup", Time since last: 1000447302 ns, Reaching safepoint: 46223262 ns, At safepoint: 26855 ns, Total: 46250117 ns
[2020-02-28T01:58:55.731+0000][1][safepoint    ] Safepoint "Cleanup", Time since last: 1002573104 ns, Reaching safepoint: 47723 ns, At safepoint: 6732 ns, Total: 54455 ns
[2020-02-28T01:58:56.732+0000][1][safepoint    ] Safepoint "Cleanup", Time since last: 1000402005 ns, Reaching safepoint: 64458 ns, At safepoint: 6595 ns, Total: 71053 ns
[2020-02-28T01:58:57.805+0000][1][safepoint    ] Safepoint "Cleanup", Time since last: 1002859585 ns, Reaching safepoint: 69974260 ns, At safepoint: 8409 ns, Total: 69982669 ns
[2020-02-28T01:58:58.917+0000][1][safepoint    ] Safepoint "Cleanup", Time since last: 1001608604 ns, Reaching safepoint: 110420692 ns, At safepoint: 9686 ns, Total: 110430378 ns
[2020-02-28T01:58:59.923+0000][1][safepoint    ] Safepoint "Cleanup", Time since last: 1006676384 ns, Reaching safepoint: 45559 ns, At safepoint: 6471 ns, Total: 52030 ns
[2020-02-28T01:59:00.990+0000][1][safepoint    ] Safepoint "Cleanup", Time since last: 1002458389 ns, Reaching safepoint: 63968620 ns, At safepoint: 22927 ns, Total: 63991547 ns
[2020-02-28T01:59:02.260+0000][1][safepoint    ] Safepoint "Cleanup", Time since last: 1003742732 ns, Reaching safepoint: 266398201 ns, At safepoint: 11696 ns, Total: 266409897 ns
[2020-02-28T01:59:03.342+0000][1][safepoint    ] Safepoint "Cleanup", Time since last: 1001358528 ns, Reaching safepoint: 80960990 ns, At safepoint: 9447 ns, Total: 80970437 ns
[2020-02-28T01:59:04.345+0000][1][safepoint    ] Safepoint "Cleanup", Time since last: 1002040048 ns, Reaching safepoint: 578135 ns, At safepoint: 8650 ns, Total: 586785 ns
[2020-02-28T01:59:04.349+0000][1][safepoint    ] Safepoint "Deoptimize", Time since last: 3148028 ns, Reaching safepoint: 33591 ns, At safepoint: 374145 ns, Total: 407736 ns
[2020-02-28T01:59:04.349+0000][1][safepoint    ] Safepoint "Deoptimize", Time since last: 440452 ns, Reaching safepoint: 19296 ns, At safepoint: 308138 ns, Total: 327434 ns
[2020-02-28T01:59:05.359+0000][1][safepoint    ] Safepoint "Cleanup", Time since last: 1006623959 ns, Reaching safepoint: 2588830 ns, At safepoint: 44922 ns, Total: 2633752 ns
[2020-02-28T01:59:05.432+0000][1][gc,start     ] GC(1) Pause Young (Allocation Failure)
[2020-02-28T01:59:05.432+0000][1][gc,task      ] GC(1) Using 1 workers of 1 for evacuation
[2020-02-28T01:59:10.617+0000][1][gc,age       ] GC(1) Desired survivor size 4358144 bytes, new threshold 6 (max threshold 6)
[2020-02-28T01:59:10.617+0000][1][gc,age       ] GC(1) Age table with threshold 6 (max threshold 6)
[2020-02-28T01:59:10.617+0000][1][gc,age       ] GC(1) - age   1:    3510440 bytes,    3510440 total
[2020-02-28T01:59:10.617+0000][1][gc,heap      ] GC(1) ParNew: 76347K->5858K(76672K)
[2020-02-28T01:59:10.617+0000][1][gc,heap      ] GC(1) CMS: 0K->6866K(963392K)
[2020-02-28T01:59:10.617+0000][1][gc,metaspace ] GC(1) Metaspace: 17424K->17424K(1064960K)
[2020-02-28T01:59:10.656+0000][1][gc           ] GC(1) Pause Young (Allocation Failure) 74M->12M(1015M) 5223.161ms
[2020-02-28T01:59:10.656+0000][1][gc,cpu       ] GC(1) User=0.04s Sys=0.08s Real=5.22s
[2020-02-28T01:59:10.656+0000][1][safepoint    ] Safepoint "GenCollectForAllocation", Time since last: 73854742 ns, Reaching safepoint: 32009 ns, At safepoint: 5223253779 ns, Total: 5223285788 ns
[2020-02-28T01:59:10.667+0000][1][safepoint    ] Safepoint "RevokeBias", Time since last: 11277999 ns, Reaching safepoint: 185870 ns, At safepoint: 145375 ns, Total: 331245 ns
[2020-02-28T01:59:10.675+0000][1][safepoint    ] Safepoint "RevokeBias", Time since last: 6374259 ns, Reaching safepoint: 1064992 ns, At safepoint: 240937 ns, Total: 1305929 ns
[2020-02-28T01:59:10.675+0000][1][safepoint    ] Safepoint "RevokeBias", Time since last: 79079 ns, Reaching safepoint: 140833 ns, At safepoint: 226586 ns, Total: 367419 ns
[2020-02-28T01:59:10.676+0000][1][safepoint    ] Safepoint "RevokeBias", Time since last: 130268 ns, Reaching safepoint: 86588 ns, At safepoint: 178029 ns, Total: 264617 ns
[2020-02-28T01:59:10.676+0000][1][safepoint    ] Safepoint "RevokeBias", Time since last: 105321 ns, Reaching safepoint: 237260 ns, At safepoint: 281748 ns, Total: 519008 ns
[2020-02-28T01:59:10.682+0000][1][safepoint    ] Safepoint "RevokeBias", Time since last: 3118296 ns, Reaching safepoint: 2442209 ns, At safepoint: 166478 ns, Total: 2608687 ns
[2020-02-28T01:59:10.682+0000][1][safepoint    ] Safepoint "RevokeBias", Time since last: 81874 ns, Reaching safepoint: 119803 ns, At safepoint: 132448 ns, Total: 252251 ns
[2020-02-28T01:59:10.702+0000][1][safepoint    ] Safepoint "RevokeBias", Time since last: 16056818 ns, Reaching safepoint: 2929513 ns, At safepoint: 95386 ns, Total: 3024899 ns
[2020-02-28T01:59:10.706+0000][1][safepoint    ] Safepoint "RevokeBias", Time since last: 1884113 ns, Reaching safepoint: 1977327 ns, At safepoint: 82064 ns, Total: 2059391 ns
[2020-02-28T01:59:10.708+0000][1][safepoint    ] Safepoint "RevokeBias", Time since last: 71895 ns, Reaching safepoint: 1815348 ns, At safepoint: 171269 ns, Total: 1986617 ns
[2020-02-28T01:59:10.711+0000][1][safepoint    ] Safepoint "RevokeBias", Time since last: 73138 ns, Reaching safepoint: 2788506 ns, At safepoint: 152760 ns, Total: 2941266 ns
[2020-02-28T01:59:10.713+0000][1][safepoint    ] Safepoint "RevokeBias", Time since last: 247079 ns, Reaching safepoint: 2560963 ns, At safepoint: 98827 ns, Total: 2659790 ns
[2020-02-28T01:59:10.719+0000][1][safepoint    ] Safepoint "RevokeBias", Time since last: 2390021 ns, Reaching safepoint: 2978034 ns, At safepoint: 109114 ns, Total: 3087148 ns
[2020-02-28T01:59:10.723+0000][1][safepoint    ] Safepoint "RevokeBias", Time since last: 61044 ns, Reaching safepoint: 3825656 ns, At safepoint: 176448 ns, Total: 4002104 ns
[2020-02-28T01:59:10.726+0000][1][safepoint    ] Safepoint "RevokeBias", Time since last: 122434 ns, Reaching safepoint: 2575914 ns, At safepoint: 61589 ns, Total: 2637503 ns
[2020-02-28T01:59:10.726+0000][1][safepoint    ] Safepoint "RevokeBias", Time since last: 73133 ns, Reaching safepoint: 353220 ns, At safepoint: 83554 ns, Total: 436774 ns
[2020-02-28T01:59:10.731+0000][1][safepoint    ] Safepoint "RevokeBias", Time since last: 3469391 ns, Reaching safepoint: 1607140 ns, At safepoint: 96396 ns, Total: 1703536 ns
[2020-02-28T01:59:10.732+0000][1][safepoint    ] Safepoint "BulkRevokeBias", Time since last: 68181 ns, Reaching safepoint: 229800 ns, At safepoint: 164509 ns, Total: 394309 ns
[2020-02-28T01:59:10.735+0000][1][safepoint    ] Safepoint "RevokeBias", Time since last: 281668 ns, Reaching safepoint: 2505780 ns, At safepoint: 47173 ns, Total: 2552953 ns
[2020-02-28T01:59:11.849+0000][1][safepoint    ] Safepoint "Cleanup", Time since last: 1101740357 ns, Reaching safepoint: 12443012 ns, At safepoint: 9752 ns, Total: 12452764 ns
[2020-02-28T01:59:12.184+0000][1][safepoint    ] Safepoint "Deoptimize", Time since last: 334795553 ns, Reaching safepoint: 26351 ns, At safepoint: 368612 ns, Total: 394963 ns
[2020-02-28T01:59:12.269+0000][1][safepoint    ] Safepoint "RevokeBias", Time since last: 84291499 ns, Reaching safepoint: 56724 ns, At safepoint: 25973 ns, Total: 82697 ns
[2020-02-28T01:59:13.279+0000][1][safepoint    ] Safepoint "Cleanup", Time since last: 1010107341 ns, Reaching safepoint: 74744 ns, At safepoint: 22147 ns, Total: 96891 ns
[2020-02-28T01:59:14.302+0000][1][safepoint    ] Safepoint "Cleanup", Time since last: 1007513823 ns, Reaching safepoint: 15501704 ns, At safepoint: 100051 ns, Total: 15601755 ns
[2020-02-28T01:59:14.854+0000][1][gc,start     ] GC(2) Pause Young (Allocation Failure)
[2020-02-28T01:59:14.854+0000][1][gc,task      ] GC(2) Using 1 workers of 1 for evacuation
[2020-02-28T01:59:15.020+0000][1][gc,age       ] GC(2) Desired survivor size 4358144 bytes, new threshold 2 (max threshold 6)
[2020-02-28T01:59:15.021+0000][1][gc,age       ] GC(2) Age table with threshold 2 (max threshold 6)
[2020-02-28T01:59:15.021+0000][1][gc,age       ] GC(2) - age   1:    1536176 bytes,    1536176 total
[2020-02-28T01:59:15.021+0000][1][gc,age       ] GC(2) - age   2:    3308904 bytes,    4845080 total
[2020-02-28T01:59:15.021+0000][1][gc,heap      ] GC(2) ParNew: 74018K->5507K(76672K)
[2020-02-28T01:59:15.021+0000][1][gc,heap      ] GC(2) CMS: 6866K->6866K(963392K)
[2020-02-28T01:59:15.021+0000][1][gc,metaspace ] GC(2) Metaspace: 18580K->18580K(1067008K)
[2020-02-28T01:59:15.021+0000][1][gc           ] GC(2) Pause Young (Allocation Failure) 78M->12M(1015M) 166.356ms
[2020-02-28T01:59:15.021+0000][1][gc,cpu       ] GC(2) User=0.02s Sys=0.00s Real=0.17s
[2020-02-28T01:59:15.021+0000][1][safepoint    ] Safepoint "GenCollectForAllocation", Time since last: 552337452 ns, Reaching safepoint: 36257 ns, At safepoint: 166404972 ns, Total: 166441229 ns
[2020-02-28T01:59:15.248+0000][1][safepoint    ] Safepoint "RevokeBias", Time since last: 94763193 ns, Reaching safepoint: 132138087 ns, At safepoint: 56505 ns, Total: 132194592 ns
[2020-02-28T01:59:15.303+0000][1][safepoint    ] Safepoint "RevokeBias", Time since last: 212060 ns, Reaching safepoint: 54885390 ns, At safepoint: 63133 ns, Total: 54948523 ns
[2020-02-28T01:59:15.334+0000][1][safepoint    ] Safepoint "RevokeBias", Time since last: 21074681 ns, Reaching safepoint: 10386799 ns, At safepoint: 34975 ns, Total: 10421774 ns
[2020-02-28T01:59:15.358+0000][1][safepoint    ] Safepoint "RevokeBias", Time since last: 1997022 ns, Reaching safepoint: 21415402 ns, At safepoint: 35636 ns, Total: 21451038 ns
[2020-02-28T01:59:15.456+0000][1][safepoint    ] Safepoint "RevokeBias", Time since last: 2116482 ns, Reaching safepoint: 96073051 ns, At safepoint: 37146 ns, Total: 96110197 ns
[2020-02-28T01:59:15.504+0000][1][safepoint    ] Safepoint "RevokeBias", Time since last: 4245805 ns, Reaching safepoint: 43683298 ns, At safepoint: 45057 ns, Total: 43728355 ns
[2020-02-28T01:59:16.514+0000][1][safepoint    ] Safepoint "Cleanup", Time since last: 1009832052 ns, Reaching safepoint: 59277 ns, At safepoint: 5803 ns, Total: 65080 ns
[2020-02-28T01:59:17.529+0000][1][safepoint    ] Safepoint "Cleanup", Time since last: 1006775489 ns, Reaching safepoint: 8017627 ns, At safepoint: 11781 ns, Total: 8029408 ns
[2020-02-28T01:59:18.533+0000][1][safepoint    ] Safepoint "Cleanup", Time since last: 1003124750 ns, Reaching safepoint: 1698240 ns, At safepoint: 7775 ns, Total: 1706015 ns
[2020-02-28T01:59:19.537+0000][1][safepoint    ] Safepoint "Cleanup", Time since last: 1003429524 ns, Reaching safepoint: 80169 ns, At safepoint: 6667 ns, Total: 86836 ns
[2020-02-28T01:59:22.098+0000][1][gc,start     ] GC(3) Pause Young (Allocation Failure)
[2020-02-28T01:59:22.098+0000][1][gc,task      ] GC(3) Using 1 workers of 1 for evacuation
[2020-02-28T01:59:23.165+0000][1][gc,age       ] GC(3) Desired survivor size 4358144 bytes, new threshold 6 (max threshold 6)
[2020-02-28T01:59:23.165+0000][1][gc,age       ] GC(3) Age table with threshold 6 (max threshold 6)
[2020-02-28T01:59:23.165+0000][1][gc,age       ] GC(3) - age   1:    1788184 bytes,    1788184 total
[2020-02-28T01:59:23.165+0000][1][gc,age       ] GC(3) - age   2:     363296 bytes,    2151480 total
[2020-02-28T01:59:23.165+0000][1][gc,heap      ] GC(3) ParNew: 73667K->4231K(76672K)
[2020-02-28T01:59:23.165+0000][1][gc,heap      ] GC(3) CMS: 6866K->10130K(963392K)
[2020-02-28T01:59:23.165+0000][1][gc,metaspace ] GC(3) Metaspace: 18815K->18815K(1067008K)
[2020-02-28T01:59:23.165+0000][1][gc           ] GC(3) Pause Young (Allocation Failure) 78M->14M(1015M) 1067.702ms
[2020-02-28T01:59:23.166+0000][1][gc,cpu       ] GC(3) User=0.03s Sys=0.01s Real=1.06s
[2020-02-28T01:59:23.166+0000][1][safepoint    ] Safepoint "GenCollectForAllocation", Time since last: 2560802351 ns, Reaching safepoint: 31398 ns, At safepoint: 1067742138 ns, Total: 1067773536 ns
[2020-02-28T01:59:23.166+0000][1][safepoint    ] Safepoint "RevokeBias", Time since last: 527004 ns, Reaching safepoint: 23859 ns, At safepoint: 26371 ns, Total: 50230 ns
[2020-02-28T01:59:23.166+0000][1][safepoint    ] Safepoint "RevokeBias", Time since last: 46658 ns, Reaching safepoint: 11710 ns, At safepoint: 20020 ns, Total: 31730 ns
[2020-02-28T01:59:23.167+0000][1][safepoint    ] Safepoint "RevokeBias", Time since last: 349139 ns, Reaching safepoint: 14249 ns, At safepoint: 21712 ns, Total: 35961 ns
[2020-02-28T01:59:23.167+0000][1][safepoint    ] Safepoint "RevokeBias", Time since last: 30113 ns, Reaching safepoint: 10810 ns, At safepoint: 18712 ns, Total: 29522 ns
[2020-02-28T01:59:23.167+0000][1][safepoint    ] Safepoint "RevokeBias", Time since last: 28654 ns, Reaching safepoint: 10749 ns, At safepoint: 18429 ns, Total: 29178 ns
[2020-02-28T01:59:23.167+0000][1][safepoint    ] Safepoint "RevokeBias", Time since last: 23930 ns, Reaching safepoint: 33522 ns, At safepoint: 21880 ns, Total: 55402 ns
[2020-02-28T01:59:25.180+0000][1][safepoint    ] Safepoint "Cleanup", Time since last: 2006228208 ns, Reaching safepoint: 6838608 ns, At safepoint: 26125 ns, Total: 6864733 ns
[2020-02-28T01:59:26.214+0000][1][safepoint    ] Safepoint "Cleanup", Time since last: 1000494491 ns, Reaching safepoint: 33155411 ns, At safepoint: 13106 ns, Total: 33168517 ns
[2020-02-28T01:59:27.214+0000][1][safepoint    ] Safepoint "Cleanup", Time since last: 1000357326 ns, Reaching safepoint: 50977 ns, At safepoint: 7423 ns, Total: 58400 ns
[2020-02-28T01:59:28.225+0000][1][safepoint    ] Safepoint "Cleanup", Time since last: 1010927393 ns, Reaching safepoint: 59392 ns, At safepoint: 6077 ns, Total: 65469 ns
[2020-02-28T01:59:29.226+0000][1][safepoint    ] Safepoint "Cleanup", Time since last: 1000768213 ns, Reaching safepoint: 47896 ns, At safepoint: 7308 ns, Total: 55204 ns
[2020-02-28T01:59:29.671+0000][1][gc,start     ] GC(4) Pause Young (Allocation Failure)
[2020-02-28T01:59:29.671+0000][1][gc,task      ] GC(4) Using 1 workers of 1 for evacuation
[2020-02-28T01:59:29.695+0000][1][gc,age       ] GC(4) Desired survivor size 4358144 bytes, new threshold 6 (max threshold 6)
[2020-02-28T01:59:29.695+0000][1][gc,age       ] GC(4) Age table with threshold 6 (max threshold 6)
[2020-02-28T01:59:29.695+0000][1][gc,age       ] GC(4) - age   1:    1562128 bytes,    1562128 total
[2020-02-28T01:59:29.695+0000][1][gc,age       ] GC(4) - age   2:     321040 bytes,    1883168 total
[2020-02-28T01:59:29.695+0000][1][gc,age       ] GC(4) - age   3:     363136 bytes,    2246304 total
[2020-02-28T01:59:29.695+0000][1][gc,heap      ] GC(4) ParNew: 72391K->3691K(76672K)
[2020-02-28T01:59:29.695+0000][1][gc,heap      ] GC(4) CMS: 10130K->10130K(963392K)
[2020-02-28T01:59:29.695+0000][1][gc,metaspace ] GC(4) Metaspace: 19427K->19427K(1067008K)
[2020-02-28T01:59:29.695+0000][1][gc           ] GC(4) Pause Young (Allocation Failure) 80M->13M(1015M) 24.215ms
[2020-02-28T01:59:29.695+0000][1][gc,cpu       ] GC(4) User=0.01s Sys=0.00s Real=0.02s
[2020-02-28T01:59:29.695+0000][1][safepoint    ] Safepoint "GenCollectForAllocation", Time since last: 445405287 ns, Reaching safepoint: 22779 ns, At safepoint: 24263355 ns, Total: 24286134 ns
[2020-02-28T01:59:29.729+0000][1][safepoint    ] Safepoint "BulkRevokeBias", Time since last: 27165591 ns, Reaching safepoint: 6151666 ns, At safepoint: 89822 ns, Total: 6241488 ns
[2020-02-28T01:59:29.731+0000][1][safepoint    ] Safepoint "RevokeBias", Time since last: 79990 ns, Reaching safepoint: 1601172 ns, At safepoint: 26100 ns, Total: 1627272 ns
[2020-02-28T01:59:29.733+0000][1][safepoint    ] Safepoint "RevokeBias", Time since last: 61335 ns, Reaching safepoint: 2550743 ns, At safepoint: 42843 ns, Total: 2593586 ns
[2020-02-28T01:59:29.734+0000][1][safepoint    ] Safepoint "RevokeBias", Time since last: 126672 ns, Reaching safepoint: 291523 ns, At safepoint: 26208 ns, Total: 317731 ns
[2020-02-28T01:59:29.734+0000][1][safepoint    ] Safepoint "RevokeBias", Time since last: 78170 ns, Reaching safepoint: 94595 ns, At safepoint: 21890 ns, Total: 116485 ns
[2020-02-28T01:59:29.735+0000][1][safepoint    ] Safepoint "RevokeBias", Time since last: 32567 ns, Reaching safepoint: 672777 ns, At safepoint: 38342 ns, Total: 711119 ns
[2020-02-28T01:59:29.942+0000][1][safepoint    ] Safepoint "RevokeBias", Time since last: 207675087 ns, Reaching safepoint: 24986 ns, At safepoint: 25005 ns, Total: 49991 ns
[2020-02-28T01:59:30.062+0000][1][safepoint    ] Safepoint "Deoptimize", Time since last: 119601699 ns, Reaching safepoint: 42489 ns, At safepoint: 457260 ns, Total: 499749 ns
[2020-02-28T01:59:30.776+0000][1][safepoint    ] Safepoint "Deoptimize", Time since last: 712578338 ns, Reaching safepoint: 36821 ns, At safepoint: 600004 ns, Total: 636825 ns
[2020-02-28T01:59:31.799+0000][1][safepoint    ] Safepoint "Cleanup", Time since last: 1011109092 ns, Reaching safepoint: 12029954 ns, At safepoint: 9395 ns, Total: 12039349 ns
[2020-02-28T01:59:31.985+0000][1][gc,start     ] GC(5) Pause Young (Allocation Failure)
[2020-02-28T01:59:32.062+0000][1][gc,task      ] GC(5) Using 1 workers of 1 for evacuation
[2020-02-28T01:59:33.895+0000][1][gc,age       ] GC(5) Desired survivor size 4358144 bytes, new threshold 6 (max threshold 6)
[2020-02-28T01:59:33.895+0000][1][gc,age       ] GC(5) Age table with threshold 6 (max threshold 6)
[2020-02-28T01:59:33.895+0000][1][gc,age       ] GC(5) - age   1:    2392856 bytes,    2392856 total
[2020-02-28T01:59:33.895+0000][1][gc,age       ] GC(5) - age   2:    1274376 bytes,    3667232 total
[2020-02-28T01:59:33.895+0000][1][gc,age       ] GC(5) - age   3:     321040 bytes,    3988272 total
[2020-02-28T01:59:33.895+0000][1][gc,age       ] GC(5) - age   4:     363080 bytes,    4351352 total
[2020-02-28T01:59:33.895+0000][1][gc,heap      ] GC(5) ParNew: 71851K->5136K(76672K)
[2020-02-28T01:59:33.895+0000][1][gc,heap      ] GC(5) CMS: 10130K->10130K(963392K)
[2020-02-28T01:59:33.895+0000][1][gc,metaspace ] GC(5) Metaspace: 19668K->19668K(1067008K)
[2020-02-28T01:59:33.895+0000][1][gc           ] GC(5) Pause Young (Allocation Failure) 80M->14M(1015M) 1910.642ms
[2020-02-28T01:59:33.895+0000][1][gc,cpu       ] GC(5) User=0.07s Sys=0.00s Real=1.91s
[2020-02-28T01:59:33.895+0000][1][safepoint    ] Safepoint "GenCollectForAllocation", Time since last: 185838688 ns, Reaching safepoint: 27729 ns, At safepoint: 1910686456 ns, Total: 1910714185 ns
[2020-02-28T01:59:33.913+0000][1][safepoint    ] Safepoint "RevokeBias", Time since last: 17499790 ns, Reaching safepoint: 47206 ns, At safepoint: 40738 ns, Total: 87944 ns
[2020-02-28T01:59:33.913+0000][1][safepoint    ] Safepoint "RevokeBias", Time since last: 406095 ns, Reaching safepoint: 18272 ns, At safepoint: 25068 ns, Total: 43340 ns
[2020-02-28T01:59:33.913+0000][1][safepoint    ] Safepoint "RevokeBias", Time since last: 50736 ns, Reaching safepoint: 11937 ns, At safepoint: 20037 ns, Total: 31974 ns
[2020-02-28T01:59:33.914+0000][1][safepoint    ] Safepoint "RevokeBias", Time since last: 94879 ns, Reaching safepoint: 14329 ns, At safepoint: 21225 ns, Total: 35554 ns
[2020-02-28T01:59:33.914+0000][1][safepoint    ] Safepoint "RevokeBias", Time since last: 61485 ns, Reaching safepoint: 14206 ns, At safepoint: 20580 ns, Total: 34786 ns
[2020-02-28T01:59:33.914+0000][1][safepoint    ] Safepoint "RevokeBias", Time since last: 26929 ns, Reaching safepoint: 10947 ns, At safepoint: 19328 ns, Total: 30275 ns
[2020-02-28T01:59:34.914+0000][1][safepoint    ] Safepoint "Cleanup", Time since last: 1000339122 ns, Reaching safepoint: 41517 ns, At safepoint: 6360 ns, Total: 47877 ns
[2020-02-28T01:59:35.921+0000][1][safepoint    ] Safepoint "Cleanup", Time since last: 1006981945 ns, Reaching safepoint: 115005 ns, At safepoint: 6977 ns, Total: 121982 ns
[2020-02-28T01:59:36.203+0000][1][gc,start     ] GC(6) Pause Young (Allocation Failure)
[2020-02-28T01:59:36.203+0000][1][gc,task      ] GC(6) Using 1 workers of 1 for evacuation
[2020-02-28T01:59:36.255+0000][1][gc,age       ] GC(6) Desired survivor size 4358144 bytes, new threshold 4 (max threshold 6)
[2020-02-28T01:59:36.255+0000][1][gc,age       ] GC(6) Age table with threshold 4 (max threshold 6)
[2020-02-28T01:59:36.255+0000][1][gc,age       ] GC(6) - age   1:    1263048 bytes,    1263048 total
[2020-02-28T01:59:36.255+0000][1][gc,age       ] GC(6) - age   2:    1525832 bytes,    2788880 total
[2020-02-28T01:59:36.255+0000][1][gc,age       ] GC(6) - age   3:    1274032 bytes,    4062912 total
[2020-02-28T01:59:36.255+0000][1][gc,age       ] GC(6) - age   4:     321040 bytes,    4383952 total
[2020-02-28T01:59:36.255+0000][1][gc,age       ] GC(6) - age   5:     362904 bytes,    4746856 total
[2020-02-28T01:59:36.255+0000][1][gc,heap      ] GC(6) ParNew: 73296K->7016K(76672K)
[2020-02-28T01:59:36.255+0000][1][gc,heap      ] GC(6) CMS: 10130K->10130K(963392K)
[2020-02-28T01:59:36.255+0000][1][gc,metaspace ] GC(6) Metaspace: 19755K->19755K(1067008K)
[2020-02-28T01:59:36.255+0000][1][gc           ] GC(6) Pause Young (Allocation Failure) 81M->16M(1015M) 52.424ms
[2020-02-28T01:59:36.255+0000][1][gc,cpu       ] GC(6) User=0.01s Sys=0.00s Real=0.05s
[2020-02-28T01:59:36.255+0000][1][safepoint    ] Safepoint "GenCollectForAllocation", Time since last: 281772722 ns, Reaching safepoint: 28607 ns, At safepoint: 52463041 ns, Total: 52491648 ns
[2020-02-28T01:59:36.279+0000][1][safepoint    ] Safepoint "RevokeBias", Time since last: 23029332 ns, Reaching safepoint: 40392 ns, At safepoint: 39987 ns, Total: 80379 ns
[2020-02-28T01:59:36.279+0000][1][safepoint    ] Safepoint "RevokeBias", Time since last: 63915 ns, Reaching safepoint: 13169 ns, At safepoint: 22151 ns, Total: 35320 ns
[2020-02-28T01:59:36.279+0000][1][safepoint    ] Safepoint "RevokeBias", Time since last: 56282 ns, Reaching safepoint: 11781 ns, At safepoint: 20824 ns, Total: 32605 ns
[2020-02-28T01:59:36.279+0000][1][safepoint    ] Safepoint "RevokeBias", Time since last: 25324 ns, Reaching safepoint: 10824 ns, At safepoint: 19824 ns, Total: 30648 ns
[2020-02-28T01:59:38.290+0000][1][safepoint    ] Safepoint "Cleanup", Time since last: 2010809009 ns, Reaching safepoint: 49113 ns, At safepoint: 6688 ns, Total: 55801 ns
[2020-02-28T01:59:39.299+0000][1][safepoint    ] Safepoint "Cleanup", Time since last: 1008904309 ns, Reaching safepoint: 49349 ns, At safepoint: 6457 ns, Total: 55806 ns
[2020-02-28T01:59:40.319+0000][1][safepoint    ] Safepoint "Cleanup", Time since last: 1002084352 ns, Reaching safepoint: 17825807 ns, At safepoint: 10620 ns, Total: 17836427 ns
[2020-02-28T01:59:40.930+0000][1][gc,start     ] GC(7) Pause Young (Allocation Failure)
[2020-02-28T01:59:40.930+0000][1][gc,task      ] GC(7) Using 1 workers of 1 for evacuation
[2020-02-28T01:59:41.169+0000][1][gc,age       ] GC(7) Desired survivor size 4358144 bytes, new threshold 4 (max threshold 6)
[2020-02-28T01:59:41.169+0000][1][gc,age       ] GC(7) Age table with threshold 4 (max threshold 6)
[2020-02-28T01:59:41.169+0000][1][gc,age       ] GC(7) - age   1:    1946856 bytes,    1946856 total
[2020-02-28T01:59:41.169+0000][1][gc,age       ] GC(7) - age   2:     415064 bytes,    2361920 total
[2020-02-28T01:59:41.169+0000][1][gc,age       ] GC(7) - age   3:    1523896 bytes,    3885816 total
[2020-02-28T01:59:41.169+0000][1][gc,age       ] GC(7) - age   4:    1273376 bytes,    5159192 total
[2020-02-28T01:59:41.169+0000][1][gc,heap      ] GC(7) ParNew: 75176K->8512K(76672K)
[2020-02-28T01:59:41.169+0000][1][gc,heap      ] GC(7) CMS: 10130K->10809K(963392K)
[2020-02-28T01:59:41.169+0000][1][gc,metaspace ] GC(7) Metaspace: 19985K->19985K(1067008K)
[2020-02-28T01:59:41.169+0000][1][gc           ] GC(7) Pause Young (Allocation Failure) 83M->18M(1015M) 238.445ms
[2020-02-28T01:59:41.169+0000][1][gc,cpu       ] GC(7) User=0.02s Sys=0.01s Real=0.24s
[2020-02-28T01:59:41.169+0000][1][safepoint    ] Safepoint "GenCollectForAllocation", Time since last: 611740880 ns, Reaching safepoint: 23418 ns, At safepoint: 238490839 ns, Total: 238514257 ns
[2020-02-28T01:59:41.220+0000][1][safepoint    ] Safepoint "RevokeBias", Time since last: 47989019 ns, Reaching safepoint: 2612161 ns, At safepoint: 59902 ns, Total: 2672063 ns
[2020-02-28T01:59:41.222+0000][1][safepoint    ] Safepoint "RevokeBias", Time since last: 66849 ns, Reaching safepoint: 1974313 ns, At safepoint: 53345 ns, Total: 2027658 ns
[2020-02-28T01:59:41.224+0000][1][safepoint    ] Safepoint "RevokeBias", Time since last: 68163 ns, Reaching safepoint: 2020338 ns, At safepoint: 74718 ns, Total: 2095056 ns
[2020-02-28T01:59:41.226+0000][1][safepoint    ] Safepoint "RevokeBias", Time since last: 59550 ns, Reaching safepoint: 1935500 ns, At safepoint: 46008 ns, Total: 1981508 ns
[2020-02-28T01:59:42.230+0000][1][safepoint    ] Safepoint "Cleanup", Time since last: 1003691986 ns, Reaching safepoint: 50573 ns, At safepoint: 6886 ns, Total: 57459 ns
[2020-02-28T01:59:42.827+0000][1][safepoint    ] Safepoint "RevokeBias", Time since last: 597603542 ns, Reaching safepoint: 74240 ns, At safepoint: 13047 ns, Total: 87287 ns
[2020-02-28T01:59:42.852+0000][1][safepoint    ] Safepoint "RevokeBias", Time since last: 24498588 ns, Reaching safepoint: 33011 ns, At safepoint: 11911 ns, Total: 44922 ns
[2020-02-28T01:59:43.012+0000][1][safepoint    ] Safepoint "CollectForMetadataAllocation", Time since last: 159856534 ns, Reaching safepoint: 33183 ns, At safepoint: 132831 ns, Total: 166014 ns
[2020-02-28T01:59:43.205+0000][1][gc,start     ] GC(8) Pause Initial Mark
[2020-02-28T01:59:43.248+0000][1][gc           ] GC(8) Pause Initial Mark 49M->49M(1015M) 42.671ms
[2020-02-28T01:59:43.248+0000][1][gc,cpu       ] GC(8) User=0.01s Sys=0.00s Real=0.05s
[2020-02-28T01:59:43.248+0000][1][safepoint    ] Safepoint "CMS_Initial_Mark", Time since last: 192985644 ns, Reaching safepoint: 38831 ns, At safepoint: 42750817 ns, Total: 42789648 ns
[2020-02-28T01:59:43.248+0000][1][gc           ] GC(8) Concurrent Mark
[2020-02-28T01:59:43.416+0000][1][gc           ] GC(8) Concurrent Mark 168.328ms
[2020-02-28T01:59:43.416+0000][1][gc,cpu       ] GC(8) User=0.04s Sys=0.00s Real=0.16s
[2020-02-28T01:59:43.416+0000][1][gc           ] GC(8) Concurrent Preclean
[2020-02-28T01:59:43.430+0000][1][gc           ] GC(8) Concurrent Preclean 13.607ms
[2020-02-28T01:59:43.430+0000][1][gc,cpu       ] GC(8) User=0.01s Sys=0.00s Real=0.02s
[2020-02-28T01:59:43.430+0000][1][gc           ] GC(8) Concurrent Abortable Preclean
[2020-02-28T01:59:44.115+0000][1][gc,start     ] GC(9) Pause Young (Allocation Failure)
[2020-02-28T01:59:44.115+0000][1][gc,task      ] GC(9) Using 1 workers of 1 for evacuation
[2020-02-28T01:59:44.220+0000][1][gc           ] GC(8) Concurrent Abortable Preclean 789.790ms
[2020-02-28T01:59:44.220+0000][1][gc,cpu       ] GC(8) User=0.19s Sys=0.01s Real=0.79s
[2020-02-28T01:59:44.296+0000][1][gc,age       ] GC(9) Desired survivor size 4358144 bytes, new threshold 4 (max threshold 6)
[2020-02-28T01:59:44.296+0000][1][gc,age       ] GC(9) Age table with threshold 4 (max threshold 6)
[2020-02-28T01:59:44.296+0000][1][gc,age       ] GC(9) - age   1:    1920520 bytes,    1920520 total
[2020-02-28T01:59:44.296+0000][1][gc,age       ] GC(9) - age   2:     849344 bytes,    2769864 total
[2020-02-28T01:59:44.296+0000][1][gc,age       ] GC(9) - age   3:     415064 bytes,    3184928 total
[2020-02-28T01:59:44.296+0000][1][gc,age       ] GC(9) - age   4:    1523816 bytes,    4708744 total
[2020-02-28T01:59:44.296+0000][1][gc,heap      ] GC(9) ParNew: 76672K->5955K(76672K)
[2020-02-28T01:59:44.296+0000][1][gc,heap      ] GC(9) CMS: 10809K->12066K(963392K)
[2020-02-28T01:59:44.296+0000][1][gc,metaspace ] GC(9) Metaspace: 20338K->20338K(1069056K)
[2020-02-28T01:59:44.296+0000][1][gc           ] GC(9) Pause Young (Allocation Failure) 85M->17M(1015M) 181.475ms
[2020-02-28T01:59:44.296+0000][1][gc,cpu       ] GC(9) User=0.04s Sys=0.00s Real=0.18s
[2020-02-28T01:59:44.296+0000][1][safepoint    ] Safepoint "GenCollectForAllocation", Time since last: 866995273 ns, Reaching safepoint: 28817 ns, At safepoint: 181541872 ns, Total: 181570689 ns
[2020-02-28T01:59:44.346+0000][1][gc,start     ] GC(8) Pause Remark
[2020-02-28T01:59:44.495+0000][1][gc           ] GC(8) Pause Remark 22M->22M(1015M) 149.468ms
[2020-02-28T01:59:44.495+0000][1][gc,cpu       ] GC(8) User=0.04s Sys=0.00s Real=0.15s
[2020-02-28T01:59:44.495+0000][1][safepoint    ] Safepoint "RevokeBias", Time since last: 45357050 ns, Reaching safepoint: 4239973 ns, At safepoint: 149585696 ns, Total: 153825669 ns
[2020-02-28T01:59:44.526+0000][1][gc           ] GC(8) Concurrent Sweep
[2020-02-28T01:59:44.566+0000][1][safepoint    ] Safepoint "RevokeBias", Time since last: 57411082 ns, Reaching safepoint: 12963457 ns, At safepoint: 36628 ns, Total: 13000085 ns
[2020-02-28T01:59:44.566+0000][1][safepoint    ] Safepoint "RevokeBias", Time since last: 78000 ns, Reaching safepoint: 26713 ns, At safepoint: 46048 ns, Total: 72761 ns
[2020-02-28T01:59:44.566+0000][1][safepoint    ] Safepoint "RevokeBias", Time since last: 42682 ns, Reaching safepoint: 7440 ns, At safepoint: 11067 ns, Total: 18507 ns
[2020-02-28T01:59:44.566+0000][1][safepoint    ] Safepoint "RevokeBias", Time since last: 23245 ns, Reaching safepoint: 5748 ns, At safepoint: 10603 ns, Total: 16351 ns
[2020-02-28T01:59:44.566+0000][1][safepoint    ] Safepoint "RevokeBias", Time since last: 16965 ns, Reaching safepoint: 4939 ns, At safepoint: 10350 ns, Total: 15289 ns
[2020-02-28T01:59:44.567+0000][1][gc           ] GC(8) Concurrent Sweep 41.219ms
[2020-02-28T01:59:44.567+0000][1][gc,cpu       ] GC(8) User=0.01s Sys=0.00s Real=0.05s
[2020-02-28T01:59:44.567+0000][1][gc           ] GC(8) Concurrent Reset
[2020-02-28T01:59:44.568+0000][1][gc           ] GC(8) Concurrent Reset 1.042ms
[2020-02-28T01:59:44.568+0000][1][gc,cpu       ] GC(8) User=0.00s Sys=0.00s Real=0.00s
[2020-02-28T01:59:44.568+0000][1][gc,heap      ] GC(8) Old: 10809K->12054K(963392K)
[2020-02-28T01:59:45.602+0000][1][safepoint    ] Safepoint "Cleanup", Time since last: 1004701195 ns, Reaching safepoint: 31168823 ns, At safepoint: 7754 ns, Total: 31176577 ns
[2020-02-28T01:59:46.604+0000][1][safepoint    ] Safepoint "Cleanup", Time since last: 1001588461 ns, Reaching safepoint: 56948 ns, At safepoint: 7328 ns, Total: 64276 ns
[2020-02-28T01:59:48.546+0000][1][gc,start     ] GC(10) Pause Young (Allocation Failure)
[2020-02-28T01:59:48.546+0000][1][gc,task      ] GC(10) Using 1 workers of 1 for evacuation
[2020-02-28T01:59:48.660+0000][1][gc,age       ] GC(10) Desired survivor size 4358144 bytes, new threshold 4 (max threshold 6)
[2020-02-28T01:59:48.660+0000][1][gc,age       ] GC(10) Age table with threshold 4 (max threshold 6)
[2020-02-28T01:59:48.660+0000][1][gc,age       ] GC(10) - age   1:    2301016 bytes,    2301016 total
[2020-02-28T01:59:48.660+0000][1][gc,age       ] GC(10) - age   2:    1134464 bytes,    3435480 total
[2020-02-28T01:59:48.660+0000][1][gc,age       ] GC(10) - age   3:     849344 bytes,    4284824 total
[2020-02-28T01:59:48.660+0000][1][gc,age       ] GC(10) - age   4:     415032 bytes,    4699856 total
[2020-02-28T01:59:48.660+0000][1][gc,heap      ] GC(10) ParNew: 74115K->8386K(76672K)
[2020-02-28T01:59:48.660+0000][1][gc,heap      ] GC(10) CMS: 12054K->13554K(963392K)
[2020-02-28T01:59:48.660+0000][1][gc,metaspace ] GC(10) Metaspace: 20354K->20354K(1069056K)
[2020-02-28T01:59:48.660+0000][1][gc           ] GC(10) Pause Young (Allocation Failure) 84M->21M(1015M) 113.619ms
[2020-02-28T01:59:48.660+0000][1][gc,cpu       ] GC(10) User=0.04s Sys=0.00s Real=0.12s
[2020-02-28T01:59:48.660+0000][1][safepoint    ] Safepoint "GenCollectForAllocation", Time since last: 1942458199 ns, Reaching safepoint: 41529 ns, At safepoint: 113662462 ns, Total: 113703991 ns
[2020-02-28T01:59:48.701+0000][1][safepoint    ] Safepoint "RevokeBias", Time since last: 39574414 ns, Reaching safepoint: 1453742 ns, At safepoint: 54737 ns, Total: 1508479 ns
[2020-02-28T01:59:48.703+0000][1][safepoint    ] Safepoint "RevokeBias", Time since last: 61331 ns, Reaching safepoint: 1959501 ns, At safepoint: 54873 ns, Total: 2014374 ns
[2020-02-28T01:59:48.704+0000][1][safepoint    ] Safepoint "RevokeBias", Time since last: 75865 ns, Reaching safepoint: 1440889 ns, At safepoint: 52610 ns, Total: 1493499 ns
[2020-02-28T01:59:48.709+0000][1][safepoint    ] Safepoint "RevokeBias", Time since last: 53325 ns, Reaching safepoint: 4227754 ns, At safepoint: 96193 ns, Total: 4323947 ns
[2020-02-28T01:59:48.711+0000][1][safepoint    ] Safepoint "RevokeBias", Time since last: 84416 ns, Reaching safepoint: 1936330 ns, At safepoint: 83211 ns, Total: 2019541 ns
[2020-02-28T01:59:48.713+0000][1][safepoint    ] Safepoint "RevokeBias", Time since last: 54790 ns, Reaching safepoint: 1870443 ns, At safepoint: 47330 ns, Total: 1917773 ns
[2020-02-28T01:59:48.716+0000][1][safepoint    ] Safepoint "RevokeBias", Time since last: 59152 ns, Reaching safepoint: 2512517 ns, At safepoint: 52618 ns, Total: 2565135 ns
[2020-02-28T01:59:48.723+0000][1][safepoint    ] Safepoint "RevokeBias", Time since last: 5207138 ns, Reaching safepoint: 2150640 ns, At safepoint: 50980 ns, Total: 2201620 ns
[2020-02-28T01:59:48.726+0000][1][safepoint    ] Safepoint "RevokeBias", Time since last: 83203 ns, Reaching safepoint: 2661223 ns, At safepoint: 44483 ns, Total: 2705706 ns
[2020-02-28T01:59:48.728+0000][1][safepoint    ] Safepoint "RevokeBias", Time since last: 55865 ns, Reaching safepoint: 1950811 ns, At safepoint: 34627 ns, Total: 1985438 ns
[2020-02-28T01:59:48.730+0000][1][safepoint    ] Safepoint "RevokeBias", Time since last: 64234 ns, Reaching safepoint: 1958602 ns, At safepoint: 37293 ns, Total: 1995895 ns
[2020-02-28T01:59:48.732+0000][1][safepoint    ] Safepoint "RevokeBias", Time since last: 48400 ns, Reaching safepoint: 2071008 ns, At safepoint: 37554 ns, Total: 2108562 ns
[2020-02-28T01:59:48.736+0000][1][safepoint    ] Safepoint "RevokeBias", Time since last: 67502 ns, Reaching safepoint: 3536263 ns, At safepoint: 37491 ns, Total: 3573754 ns
[2020-02-28T01:59:48.739+0000][1][safepoint    ] Safepoint "RevokeBias", Time since last: 63341 ns, Reaching safepoint: 3042112 ns, At safepoint: 39028 ns, Total: 3081140 ns
[2020-02-28T01:59:48.741+0000][1][safepoint    ] Safepoint "RevokeBias", Time since last: 82715 ns, Reaching safepoint: 2527034 ns, At safepoint: 50290 ns, Total: 2577324 ns
[2020-02-28T01:59:48.745+0000][1][safepoint    ] Safepoint "RevokeBias", Time since last: 54048 ns, Reaching safepoint: 3056720 ns, At safepoint: 36671 ns, Total: 3093391 ns
[2020-02-28T01:59:49.956+0000][1][safepoint    ] Safepoint "Cleanup", Time since last: 1211208637 ns, Reaching safepoint: 56971 ns, At safepoint: 7003 ns, Total: 63974 ns
[2020-02-28T01:59:51.261+0000][1][gc,start     ] GC(11) Pause Young (Allocation Failure)
[2020-02-28T01:59:51.261+0000][1][gc,task      ] GC(11) Using 1 workers of 1 for evacuation
[2020-02-28T01:59:51.277+0000][1][gc,age       ] GC(11) Desired survivor size 4358144 bytes, new threshold 6 (max threshold 6)
[2020-02-28T01:59:51.277+0000][1][gc,age       ] GC(11) Age table with threshold 6 (max threshold 6)
[2020-02-28T01:59:51.277+0000][1][gc,age       ] GC(11) - age   1:    1974408 bytes,    1974408 total
[2020-02-28T01:59:51.277+0000][1][gc,age       ] GC(11) - age   2:     323496 bytes,    2297904 total
[2020-02-28T01:59:51.277+0000][1][gc,age       ] GC(11) - age   3:    1134232 bytes,    3432136 total
[2020-02-28T01:59:51.277+0000][1][gc,age       ] GC(11) - age   4:     849344 bytes,    4281480 total
[2020-02-28T01:59:51.278+0000][1][gc,heap      ] GC(11) ParNew: 76546K->5538K(76672K)
[2020-02-28T01:59:51.278+0000][1][gc,heap      ] GC(11) CMS: 13554K->13963K(963392K)
[2020-02-28T01:59:51.278+0000][1][gc,metaspace ] GC(11) Metaspace: 21137K->21137K(1069056K)
[2020-02-28T01:59:51.278+0000][1][gc           ] GC(11) Pause Young (Allocation Failure) 87M->19M(1015M) 16.726ms
[2020-02-28T01:59:51.278+0000][1][gc,cpu       ] GC(11) User=0.02s Sys=0.00s Real=0.02s
[2020-02-28T01:59:51.278+0000][1][safepoint    ] Safepoint "GenCollectForAllocation", Time since last: 1304938259 ns, Reaching safepoint: 21600 ns, At safepoint: 16770970 ns, Total: 16792570 ns
[2020-02-28T01:59:51.291+0000][1][safepoint    ] Safepoint "RevokeBias", Time since last: 12984865 ns, Reaching safepoint: 460962 ns, At safepoint: 29824 ns, Total: 490786 ns
[2020-02-28T01:59:51.291+0000][1][safepoint    ] Safepoint "RevokeBias", Time since last: 57505 ns, Reaching safepoint: 87698 ns, At safepoint: 21849 ns, Total: 109547 ns
[2020-02-28T01:59:51.291+0000][1][safepoint    ] Safepoint "RevokeBias", Time since last: 43824 ns, Reaching safepoint: 146885 ns, At safepoint: 21448 ns, Total: 168333 ns
[2020-02-28T01:59:51.292+0000][1][safepoint    ] Safepoint "RevokeBias", Time since last: 32834 ns, Reaching safepoint: 371941 ns, At safepoint: 24045 ns, Total: 395986 ns
[2020-02-28T01:59:51.292+0000][1][safepoint    ] Safepoint "RevokeBias", Time since last: 43574 ns, Reaching safepoint: 100100 ns, At safepoint: 21325 ns, Total: 121425 ns
[2020-02-28T01:59:51.293+0000][1][safepoint    ] Safepoint "RevokeBias", Time since last: 32706 ns, Reaching safepoint: 475370 ns, At safepoint: 25376 ns, Total: 500746 ns
[2020-02-28T01:59:51.294+0000][1][safepoint    ] Safepoint "BulkRevokeBias", Time since last: 47217 ns, Reaching safepoint: 1193347 ns, At safepoint: 43019 ns, Total: 1236366 ns
[2020-02-28T01:59:51.295+0000][1][safepoint    ] Safepoint "BulkRevokeBias", Time since last: 40297 ns, Reaching safepoint: 580942 ns, At safepoint: 58800 ns, Total: 639742 ns
[2020-02-28T01:59:51.840+0000][1][gc,start     ] GC(12) Pause Young (Allocation Failure)
[2020-02-28T01:59:51.840+0000][1][gc,task      ] GC(12) Using 1 workers of 1 for evacuation
[2020-02-28T01:59:51.919+0000][1][gc,age       ] GC(12) Desired survivor size 4358144 bytes, new threshold 6 (max threshold 6)
[2020-02-28T01:59:51.919+0000][1][gc,age       ] GC(12) Age table with threshold 6 (max threshold 6)
[2020-02-28T01:59:51.919+0000][1][gc,age       ] GC(12) - age   1:     947664 bytes,     947664 total
[2020-02-28T01:59:51.919+0000][1][gc,age       ] GC(12) - age   2:     570248 bytes,    1517912 total
[2020-02-28T01:59:51.919+0000][1][gc,age       ] GC(12) - age   3:     323496 bytes,    1841408 total
[2020-02-28T01:59:51.919+0000][1][gc,age       ] GC(12) - age   4:    1134232 bytes,    2975640 total
[2020-02-28T01:59:51.936+0000][1][gc,age       ] GC(12) - age   5:     849344 bytes,    3824984 total
[2020-02-28T01:59:51.936+0000][1][gc,heap      ] GC(12) ParNew: 73698K->3828K(76672K)
[2020-02-28T01:59:51.936+0000][1][gc,heap      ] GC(12) CMS: 13963K->13963K(963392K)
[2020-02-28T01:59:51.936+0000][1][gc,metaspace ] GC(12) Metaspace: 21158K->21158K(1069056K)
[2020-02-28T01:59:51.937+0000][1][gc           ] GC(12) Pause Young (Allocation Failure) 85M->17M(1015M) 96.867ms
[2020-02-28T01:59:51.937+0000][1][gc,cpu       ] GC(12) User=0.03s Sys=0.00s Real=0.10s
[2020-02-28T01:59:51.937+0000][1][safepoint    ] Safepoint "GenCollectForAllocation", Time since last: 545090027 ns, Reaching safepoint: 32027 ns, At safepoint: 96916155 ns, Total: 96948182 ns
[2020-02-28T01:59:51.994+0000][1][safepoint    ] Safepoint "RevokeBias", Time since last: 32093930 ns, Reaching safepoint: 24812704 ns, At safepoint: 39865 ns, Total: 24852569 ns
[2020-02-28T01:59:52.020+0000][1][safepoint    ] Safepoint "RevokeBias", Time since last: 24062325 ns, Reaching safepoint: 2043100 ns, At safepoint: 34352 ns, Total: 2077452 ns
[2020-02-28T01:59:52.033+0000][1][safepoint    ] Safepoint "RevokeBias", Time since last: 90912 ns, Reaching safepoint: 12924804 ns, At safepoint: 35885 ns, Total: 12960689 ns
[2020-02-28T01:59:52.038+0000][1][safepoint    ] Safepoint "RevokeBias", Time since last: 64610 ns, Reaching safepoint: 5147526 ns, At safepoint: 36277 ns, Total: 5183803 ns
[2020-02-28T01:59:52.057+0000][1][safepoint    ] Safepoint "RevokeBias", Time since last: 5658905 ns, Reaching safepoint: 13111745 ns, At safepoint: 71664 ns, Total: 13183409 ns
[2020-02-28T01:59:52.081+0000][1][safepoint    ] Safepoint "RevokeBias", Time since last: 8899437 ns, Reaching safepoint: 15525770 ns, At safepoint: 43595 ns, Total: 15569365 ns
[2020-02-28T01:59:52.093+0000][1][safepoint    ] Safepoint "RevokeBias", Time since last: 3127987 ns, Reaching safepoint: 8407191 ns, At safepoint: 108122 ns, Total: 8515313 ns
[2020-02-28T01:59:52.103+0000][1][safepoint    ] Safepoint "RevokeBias", Time since last: 4277718 ns, Reaching safepoint: 5578069 ns, At safepoint: 41915 ns, Total: 5619984 ns
[2020-02-28T01:59:53.007+0000][1][gc,start     ] GC(13) Pause Young (Allocation Failure)
[2020-02-28T01:59:53.007+0000][1][gc,task      ] GC(13) Using 1 workers of 1 for evacuation
[2020-02-28T01:59:53.133+0000][1][gc,age       ] GC(13) Desired survivor size 4358144 bytes, new threshold 6 (max threshold 6)
[2020-02-28T01:59:53.133+0000][1][gc,age       ] GC(13) Age table with threshold 6 (max threshold 6)
[2020-02-28T01:59:53.133+0000][1][gc,age       ] GC(13) - age   1:    2044400 bytes,    2044400 total
[2020-02-28T01:59:53.133+0000][1][gc,age       ] GC(13) - age   2:     206888 bytes,    2251288 total
[2020-02-28T01:59:53.133+0000][1][gc,age       ] GC(13) - age   3:     570136 bytes,    2821424 total
[2020-02-28T01:59:53.133+0000][1][gc,age       ] GC(13) - age   4:     323496 bytes,    3144920 total
[2020-02-28T01:59:53.133+0000][1][gc,age       ] GC(13) - age   5:    1134232 bytes,    4279152 total
[2020-02-28T01:59:53.133+0000][1][gc,age       ] GC(13) - age   6:     849344 bytes,    5128496 total
[2020-02-28T01:59:53.133+0000][1][gc,heap      ] GC(13) ParNew: 71988K->7517K(76672K)
[2020-02-28T01:59:53.133+0000][1][gc,heap      ] GC(13) CMS: 13963K->13963K(963392K)
[2020-02-28T01:59:53.133+0000][1][gc,metaspace ] GC(13) Metaspace: 21257K->21257K(1069056K)
[2020-02-28T01:59:53.133+0000][1][gc           ] GC(13) Pause Young (Allocation Failure) 83M->20M(1015M) 126.073ms
[2020-02-28T01:59:53.133+0000][1][gc,cpu       ] GC(13) User=0.03s Sys=0.00s Real=0.12s
[2020-02-28T01:59:53.133+0000][1][safepoint    ] Safepoint "GenCollectForAllocation", Time since last: 903906554 ns, Reaching safepoint: 24359 ns, At safepoint: 126127802 ns, Total: 126152161 ns
[2020-02-28T01:59:53.209+0000][1][safepoint    ] Safepoint "RevokeBias", Time since last: 56666003 ns, Reaching safepoint: 19401873 ns, At safepoint: 61657 ns, Total: 19463530 ns
[2020-02-28T01:59:53.211+0000][1][safepoint    ] Safepoint "RevokeBias", Time since last: 1721806 ns, Reaching safepoint: 630297 ns, At safepoint: 35834 ns, Total: 666131 ns
[2020-02-28T01:59:53.213+0000][1][safepoint    ] Safepoint "RevokeBias", Time since last: 55027 ns, Reaching safepoint: 1297579 ns, At safepoint: 46668 ns, Total: 1344247 ns
[2020-02-28T01:59:53.214+0000][1][safepoint    ] Safepoint "RevokeBias", Time since last: 42170 ns, Reaching safepoint: 1352007 ns, At safepoint: 30662 ns, Total: 1382669 ns
[2020-02-28T01:59:54.215+0000][1][safepoint    ] Safepoint "Cleanup", Time since last: 1001149070 ns, Reaching safepoint: 56383 ns, At safepoint: 49347 ns, Total: 105730 ns
[2020-02-28T01:59:55.824+0000][1][gc,start     ] GC(14) Pause Young (Allocation Failure)
[2020-02-28T01:59:55.824+0000][1][gc,task      ] GC(14) Using 1 workers of 1 for evacuation
[2020-02-28T01:59:56.109+0000][1][gc,age       ] GC(14) Desired survivor size 4358144 bytes, new threshold 6 (max threshold 6)
[2020-02-28T01:59:56.109+0000][1][gc,age       ] GC(14) Age table with threshold 6 (max threshold 6)
[2020-02-28T01:59:56.109+0000][1][gc,age       ] GC(14) - age   1:    2004552 bytes,    2004552 total
[2020-02-28T01:59:56.109+0000][1][gc,age       ] GC(14) - age   2:      98088 bytes,    2102640 total
[2020-02-28T01:59:56.109+0000][1][gc,age       ] GC(14) - age   3:     206888 bytes,    2309528 total
[2020-02-28T01:59:56.109+0000][1][gc,age       ] GC(14) - age   4:     570136 bytes,    2879664 total
[2020-02-28T01:59:56.109+0000][1][gc,age       ] GC(14) - age   5:     323496 bytes,    3203160 total
[2020-02-28T01:59:56.109+0000][1][gc,age       ] GC(14) - age   6:    1134232 bytes,    4337392 total
[2020-02-28T01:59:56.109+0000][1][gc,heap      ] GC(14) ParNew: 75677K->4695K(76672K)
[2020-02-28T01:59:56.109+0000][1][gc,heap      ] GC(14) CMS: 13963K->14799K(963392K)
[2020-02-28T01:59:56.109+0000][1][gc,metaspace ] GC(14) Metaspace: 21326K->21326K(1069056K)
[2020-02-28T01:59:56.109+0000][1][gc           ] GC(14) Pause Young (Allocation Failure) 87M->19M(1015M) 285.102ms
[2020-02-28T01:59:56.109+0000][1][gc,cpu       ] GC(14) User=0.04s Sys=0.00s Real=0.29s
[2020-02-28T01:59:56.109+0000][1][safepoint    ] Safepoint "GenCollectForAllocation", Time since last: 1608190740 ns, Reaching safepoint: 27786 ns, At safepoint: 285171829 ns, Total: 285199615 ns
[2020-02-28T01:59:56.169+0000][1][safepoint    ] Safepoint "RevokeBias", Time since last: 35969468 ns, Reaching safepoint: 23977011 ns, At safepoint: 52102 ns, Total: 24029113 ns
[2020-02-28T01:59:56.169+0000][1][safepoint    ] Safepoint "RevokeBias", Time since last: 59751 ns, Reaching safepoint: 105531 ns, At safepoint: 69942 ns, Total: 175473 ns
[2020-02-28T01:59:56.178+0000][1][safepoint    ] Safepoint "RevokeBias", Time since last: 105838 ns, Reaching safepoint: 8562956 ns, At safepoint: 47165 ns, Total: 8610121 ns
[2020-02-28T01:59:56.196+0000][1][safepoint    ] Safepoint "RevokeBias", Time since last: 9689304 ns, Reaching safepoint: 8056566 ns, At safepoint: 50636 ns, Total: 8107202 ns
[2020-02-28T01:59:56.208+0000][1][safepoint    ] Safepoint "RevokeBias", Time since last: 82898 ns, Reaching safepoint: 11886895 ns, At safepoint: 111468 ns, Total: 11998363 ns
[2020-02-28T01:59:56.241+0000][1][safepoint    ] Safepoint "RevokeBias", Time since last: 24788068 ns, Reaching safepoint: 8257950 ns, At safepoint: 106952 ns, Total: 8364902 ns
[2020-02-28T01:59:56.253+0000][1][safepoint    ] Safepoint "RevokeBias", Time since last: 112433 ns, Reaching safepoint: 11797969 ns, At safepoint: 59387 ns, Total: 11857356 ns
[2020-02-28T01:59:56.281+0000][1][safepoint    ] Safepoint "RevokeBias", Time since last: 24801250 ns, Reaching safepoint: 3069422 ns, At safepoint: 45351 ns, Total: 3114773 ns
[2020-02-28T01:59:56.314+0000][1][safepoint    ] Safepoint "RevokeBias", Time since last: 13167051 ns, Reaching safepoint: 19709282 ns, At safepoint: 39600 ns, Total: 19748882 ns
[2020-02-28T01:59:56.329+0000][1][safepoint    ] Safepoint "RevokeBias", Time since last: 70162 ns, Reaching safepoint: 15124644 ns, At safepoint: 87540 ns, Total: 15212184 ns
[2020-02-28T01:59:57.241+0000][1][gc,start     ] GC(15) Pause Young (Allocation Failure)
[2020-02-28T01:59:57.241+0000][1][gc,task      ] GC(15) Using 1 workers of 1 for evacuation
[2020-02-28T01:59:57.290+0000][1][gc,age       ] GC(15) Desired survivor size 4358144 bytes, new threshold 6 (max threshold 6)
[2020-02-28T01:59:57.290+0000][1][gc,age       ] GC(15) Age table with threshold 6 (max threshold 6)
[2020-02-28T01:59:57.290+0000][1][gc,age       ] GC(15) - age   1:    1262168 bytes,    1262168 total
[2020-02-28T01:59:57.290+0000][1][gc,age       ] GC(15) - age   2:     306568 bytes,    1568736 total
[2020-02-28T01:59:57.290+0000][1][gc,age       ] GC(15) - age   3:      98088 bytes,    1666824 total
[2020-02-28T01:59:57.290+0000][1][gc,age       ] GC(15) - age   4:     206888 bytes,    1873712 total
[2020-02-28T01:59:57.290+0000][1][gc,age       ] GC(15) - age   5:     569984 bytes,    2443696 total
[2020-02-28T01:59:57.290+0000][1][gc,age       ] GC(15) - age   6:     323496 bytes,    2767192 total
[2020-02-28T01:59:57.290+0000][1][gc,heap      ] GC(15) ParNew: 72855K->4350K(76672K)
[2020-02-28T01:59:57.290+0000][1][gc,heap      ] GC(15) CMS: 14799K->15912K(963392K)
[2020-02-28T01:59:57.290+0000][1][gc,metaspace ] GC(15) Metaspace: 21342K->21342K(1069056K)
[2020-02-28T01:59:57.290+0000][1][gc           ] GC(15) Pause Young (Allocation Failure) 85M->19M(1015M) 49.518ms
[2020-02-28T01:59:57.290+0000][1][gc,cpu       ] GC(15) User=0.01s Sys=0.00s Real=0.05s
[2020-02-28T01:59:57.290+0000][1][safepoint    ] Safepoint "GenCollectForAllocation", Time since last: 911848020 ns, Reaching safepoint: 43032 ns, At safepoint: 49592642 ns, Total: 49635674 ns
[2020-02-28T01:59:57.361+0000][1][safepoint    ] Safepoint "RevokeBias", Time since last: 69388285 ns, Reaching safepoint: 1417935 ns, At safepoint: 32139 ns, Total: 1450074 ns
[2020-02-28T01:59:57.364+0000][1][safepoint    ] Safepoint "RevokeBias", Time since last: 125657 ns, Reaching safepoint: 2105422 ns, At safepoint: 89184 ns, Total: 2194606 ns
[2020-02-28T01:59:57.375+0000][1][safepoint    ] Safepoint "RevokeBias", Time since last: 9344819 ns, Reaching safepoint: 1693786 ns, At safepoint: 29752 ns, Total: 1723538 ns
[2020-02-28T01:59:57.377+0000][1][safepoint    ] Safepoint "RevokeBias", Time since last: 59941 ns, Reaching safepoint: 1832160 ns, At safepoint: 32780 ns, Total: 1864940 ns
[2020-02-28T01:59:57.383+0000][1][safepoint    ] Safepoint "RevokeBias", Time since last: 76449 ns, Reaching safepoint: 5988403 ns, At safepoint: 34182 ns, Total: 6022585 ns
[2020-02-28T01:59:57.388+0000][1][safepoint    ] Safepoint "RevokeBias", Time since last: 91305 ns, Reaching safepoint: 4940603 ns, At safepoint: 29172 ns, Total: 4969775 ns
[2020-02-28T01:59:58.407+0000][1][safepoint    ] Safepoint "Cleanup", Time since last: 1001684576 ns, Reaching safepoint: 17213010 ns, At safepoint: 11243 ns, Total: 17224253 ns
[2020-02-28T01:59:59.408+0000][1][safepoint    ] Safepoint "Cleanup", Time since last: 1001038777 ns, Reaching safepoint: 50513 ns, At safepoint: 6380 ns, Total: 56893 ns
[2020-02-28T02:00:00.408+0000][1][safepoint    ] Safepoint "Cleanup", Time since last: 1000242663 ns, Reaching safepoint: 57450 ns, At safepoint: 8748 ns, Total: 66198 ns
[2020-02-28T02:00:01.439+0000][1][safepoint    ] Safepoint "Cleanup", Time since last: 1000447818 ns, Reaching safepoint: 30044476 ns, At safepoint: 24964 ns, Total: 30069440 ns
[2020-02-28T02:00:04.457+0000][1][safepoint    ] Safepoint "Cleanup", Time since last: 3005080636 ns, Reaching safepoint: 13296955 ns, At safepoint: 9027 ns, Total: 13305982 ns
[2020-02-28T02:00:05.458+0000][1][safepoint    ] Safepoint "Cleanup", Time since last: 1001054304 ns, Reaching safepoint: 48479 ns, At safepoint: 6254 ns, Total: 54733 ns
[2020-02-28T02:00:05.782+0000][1][safepoint    ] Safepoint "RevokeBias", Time since last: 323911755 ns, Reaching safepoint: 40655 ns, At safepoint: 6570 ns, Total: 47225 ns
[2020-02-28T02:00:06.782+0000][1][safepoint    ] Safepoint "Cleanup", Time since last: 1000358846 ns, Reaching safepoint: 53746 ns, At safepoint: 8233 ns, Total: 61979 ns
[2020-02-28T02:00:07.792+0000][1][safepoint    ] Safepoint "Cleanup", Time since last: 1003279551 ns, Reaching safepoint: 5997420 ns, At safepoint: 11502 ns, Total: 6008922 ns
[2020-02-28T02:00:08.224+0000][1][safepoint    ] Safepoint "Deoptimize", Time since last: 432304293 ns, Reaching safepoint: 34288 ns, At safepoint: 395728 ns, Total: 430016 ns
[2020-02-28T02:00:08.391+0000][1][safepoint    ] Safepoint "Deoptimize", Time since last: 166485517 ns, Reaching safepoint: 35861 ns, At safepoint: 478280 ns, Total: 514141 ns
[2020-02-28T02:00:08.455+0000][1][safepoint    ] Safepoint "Deoptimize", Time since last: 63495239 ns, Reaching safepoint: 24753 ns, At safepoint: 400456 ns, Total: 425209 ns
[2020-02-28T02:00:08.660+0000][1][safepoint    ] Safepoint "RevokeBias", Time since last: 204406297 ns, Reaching safepoint: 27966 ns, At safepoint: 6335 ns, Total: 34301 ns
[2020-02-28T02:00:08.660+0000][1][safepoint    ] Safepoint "RevokeBias", Time since last: 54436 ns, Reaching safepoint: 10660 ns, At safepoint: 8108 ns, Total: 18768 ns
[2020-02-28T02:00:10.804+0000][1][safepoint    ] Safepoint "Cleanup", Time since last: 2007757573 ns, Reaching safepoint: 136434650 ns, At safepoint: 14917 ns, Total: 136449567 ns
[2020-02-28T02:00:10.813+0000][1][gc,start     ] GC(16) Pause Young (Allocation Failure)
[2020-02-28T02:00:10.813+0000][1][gc,task      ] GC(16) Using 1 workers of 1 for evacuation
[2020-02-28T02:00:10.863+0000][1][gc,age       ] GC(16) Desired survivor size 4358144 bytes, new threshold 5 (max threshold 6)
[2020-02-28T02:00:10.863+0000][1][gc,age       ] GC(16) Age table with threshold 5 (max threshold 6)
[2020-02-28T02:00:10.863+0000][1][gc,age       ] GC(16) - age   1:    3646440 bytes,    3646440 total
[2020-02-28T02:00:10.863+0000][1][gc,age       ] GC(16) - age   2:     155464 bytes,    3801904 total
[2020-02-28T02:00:10.863+0000][1][gc,age       ] GC(16) - age   3:     306296 bytes,    4108200 total
[2020-02-28T02:00:10.863+0000][1][gc,age       ] GC(16) - age   4:      97904 bytes,    4206104 total
[2020-02-28T02:00:10.863+0000][1][gc,age       ] GC(16) - age   5:     206888 bytes,    4412992 total
[2020-02-28T02:00:10.863+0000][1][gc,age       ] GC(16) - age   6:     569064 bytes,    4982056 total
[2020-02-28T02:00:10.863+0000][1][gc,heap      ] GC(16) ParNew: 72510K->6228K(76672K)
[2020-02-28T02:00:10.863+0000][1][gc,heap      ] GC(16) CMS: 15912K->16229K(963392K)
[2020-02-28T02:00:10.863+0000][1][gc,metaspace ] GC(16) Metaspace: 27350K->27350K(1075200K)
[2020-02-28T02:00:10.864+0000][1][gc           ] GC(16) Pause Young (Allocation Failure) 86M->21M(1015M) 50.795ms
[2020-02-28T02:00:10.864+0000][1][gc,cpu       ] GC(16) User=0.05s Sys=0.00s Real=0.05s
[2020-02-28T02:00:10.864+0000][1][safepoint    ] Safepoint "GenCollectForAllocation", Time since last: 6613976 ns, Reaching safepoint: 2024993 ns, At safepoint: 50861028 ns, Total: 52886021 ns
[2020-02-28T02:00:10.896+0000][1][safepoint    ] Safepoint "RevokeBias", Time since last: 26993440 ns, Reaching safepoint: 5514489 ns, At safepoint: 37275 ns, Total: 5551764 ns
[2020-02-28T02:00:10.900+0000][1][safepoint    ] Safepoint "RevokeBias", Time since last: 3358758 ns, Reaching safepoint: 942597 ns, At safepoint: 33949 ns, Total: 976546 ns
[2020-02-28T02:00:11.116+0000][1][safepoint    ] Safepoint "RevokeBias", Time since last: 13558893 ns, Reaching safepoint: 201598212 ns, At safepoint: 109410 ns, Total: 201707622 ns
[2020-02-28T02:00:11.120+0000][1][safepoint    ] Safepoint "RevokeBias", Time since last: 1121935 ns, Reaching safepoint: 2863852 ns, At safepoint: 41652 ns, Total: 2905504 ns
[2020-02-28T02:00:11.123+0000][1][safepoint    ] Safepoint "RevokeBias", Time since last: 187672 ns, Reaching safepoint: 2700419 ns, At safepoint: 37196 ns, Total: 2737615 ns
[2020-02-28T02:00:11.127+0000][1][safepoint    ] Safepoint "RevokeBias", Time since last: 58353 ns, Reaching safepoint: 3884544 ns, At safepoint: 39125 ns, Total: 3923669 ns
[2020-02-28T02:00:11.129+0000][1][safepoint    ] Safepoint "RevokeBias", Time since last: 74892 ns, Reaching safepoint: 1872295 ns, At safepoint: 47532 ns, Total: 1919827 ns
[2020-02-28T02:00:11.134+0000][1][safepoint    ] Safepoint "RevokeBias", Time since last: 1926452 ns, Reaching safepoint: 3049374 ns, At safepoint: 100440 ns, Total: 3149814 ns
[2020-02-28T02:00:11.141+0000][1][safepoint    ] Safepoint "RevokeBias", Time since last: 489359 ns, Reaching safepoint: 6342876 ns, At safepoint: 53514 ns, Total: 6396390 ns
[2020-02-28T02:00:11.141+0000][1][safepoint    ] Safepoint "RevokeBias", Time since last: 62546 ns, Reaching safepoint: 607581 ns, At safepoint: 28220 ns, Total: 635801 ns
[2020-02-28T02:00:11.146+0000][1][safepoint    ] Safepoint "BulkRevokeBias", Time since last: 49619 ns, Reaching safepoint: 4134542 ns, At safepoint: 58689 ns, Total: 4193231 ns
[2020-02-28T02:00:11.149+0000][1][safepoint    ] Safepoint "BulkRevokeBias", Time since last: 62351 ns, Reaching safepoint: 3812470 ns, At safepoint: 52830 ns, Total: 3865300 ns
[2020-02-28T02:00:12.153+0000][1][safepoint    ] Safepoint "Cleanup", Time since last: 1003398855 ns, Reaching safepoint: 268251 ns, At safepoint: 6105 ns, Total: 274356 ns
[2020-02-28T02:00:13.159+0000][1][safepoint    ] Safepoint "Cleanup", Time since last: 1004110788 ns, Reaching safepoint: 2068126 ns, At safepoint: 8458 ns, Total: 2076584 ns
[2020-02-28T02:00:14.163+0000][1][safepoint    ] Safepoint "Cleanup", Time since last: 1001131188 ns, Reaching safepoint: 2988481 ns, At safepoint: 8870 ns, Total: 2997351 ns
[2020-02-28T02:00:15.169+0000][1][safepoint    ] Safepoint "Cleanup", Time since last: 1005412226 ns, Reaching safepoint: 52640 ns, At safepoint: 6639 ns, Total: 59279 ns
[2020-02-28T02:00:16.180+0000][1][safepoint    ] Safepoint "Cleanup", Time since last: 1009366573 ns, Reaching safepoint: 1965838 ns, At safepoint: 9505 ns, Total: 1975343 ns
[2020-02-28T02:00:17.201+0000][1][safepoint    ] Safepoint "Cleanup", Time since last: 1010551813 ns, Reaching safepoint: 9805971 ns, At safepoint: 9084 ns, Total: 9815055 ns
[2020-02-28T02:00:17.515+0000][1][gc,start     ] GC(17) Pause Young (Allocation Failure)
[2020-02-28T02:00:17.515+0000][1][gc,task      ] GC(17) Using 1 workers of 1 for evacuation
[2020-02-28T02:00:18.124+0000][1][gc,age       ] GC(17) Desired survivor size 4358144 bytes, new threshold 1 (max threshold 6)
[2020-02-28T02:00:18.124+0000][1][gc,age       ] GC(17) Age table with threshold 1 (max threshold 6)
[2020-02-28T02:00:18.124+0000][1][gc,age       ] GC(17) - age   1:    5973896 bytes,    5973896 total
[2020-02-28T02:00:18.124+0000][1][gc,age       ] GC(17) - age   2:    2203744 bytes,    8177640 total
[2020-02-28T02:00:18.124+0000][1][gc,age       ] GC(17) - age   3:     152248 bytes,    8329888 total
[2020-02-28T02:00:18.124+0000][1][gc,age       ] GC(17) - age   4:     294672 bytes,    8624560 total
[2020-02-28T02:00:18.124+0000][1][gc,age       ] GC(17) - age   5:      91672 bytes,    8716232 total
[2020-02-28T02:00:18.124+0000][1][gc,heap      ] GC(17) ParNew: 74388K->8512K(76672K)
[2020-02-28T02:00:18.124+0000][1][gc,heap      ] GC(17) CMS: 16229K->21506K(963392K)
[2020-02-28T02:00:18.124+0000][1][gc,metaspace ] GC(17) Metaspace: 28115K->28115K(1075200K)
[2020-02-28T02:00:18.124+0000][1][gc           ] GC(17) Pause Young (Allocation Failure) 88M->29M(1015M) 609.133ms
[2020-02-28T02:00:18.124+0000][1][gc,cpu       ] GC(17) User=0.07s Sys=0.01s Real=0.61s
[2020-02-28T02:00:18.124+0000][1][safepoint    ] Safepoint "GenCollectForAllocation", Time since last: 314320979 ns, Reaching safepoint: 30030 ns, At safepoint: 609181854 ns, Total: 609211884 ns
[2020-02-28T02:00:19.145+0000][1][safepoint    ] Safepoint "Cleanup", Time since last: 1001621356 ns, Reaching safepoint: 18966319 ns, At safepoint: 23173 ns, Total: 18989492 ns
[2020-02-28T02:00:21.185+0000][1][safepoint    ] Safepoint "Cleanup", Time since last: 2010934133 ns, Reaching safepoint: 29686602 ns, At safepoint: 11936 ns, Total: 29698538 ns
[2020-02-28T02:00:21.670+0000][1][safepoint    ] Safepoint "RevokeBias", Time since last: 484588915 ns, Reaching safepoint: 32303 ns, At safepoint: 63634 ns, Total: 95937 ns
[2020-02-28T02:00:22.707+0000][1][safepoint    ] Safepoint "Cleanup", Time since last: 1006468155 ns, Reaching safepoint: 30344623 ns, At safepoint: 30761 ns, Total: 30375384 ns
[2020-02-28T02:00:22.932+0000][1][gc,start     ] GC(18) Pause Young (Allocation Failure)
[2020-02-28T02:00:22.932+0000][1][gc,task      ] GC(18) Using 1 workers of 1 for evacuation
[2020-02-28T02:00:23.682+0000][1][gc,age       ] GC(18) Desired survivor size 4358144 bytes, new threshold 1 (max threshold 6)
[2020-02-28T02:00:23.682+0000][1][gc,age       ] GC(18) Age table with threshold 1 (max threshold 6)
[2020-02-28T02:00:23.682+0000][1][gc,age       ] GC(18) - age   1:    8716232 bytes,    8716232 total
[2020-02-28T02:00:23.682+0000][1][gc,heap      ] GC(18) ParNew: 76672K->8512K(76672K)
[2020-02-28T02:00:23.682+0000][1][gc,heap      ] GC(18) CMS: 21506K->30850K(963392K)
[2020-02-28T02:00:23.682+0000][1][gc,metaspace ] GC(18) Metaspace: 28178K->28178K(1075200K)
[2020-02-28T02:00:23.682+0000][1][gc           ] GC(18) Pause Young (Allocation Failure) 95M->38M(1015M) 750.570ms
[2020-02-28T02:00:23.682+0000][1][gc,cpu       ] GC(18) User=0.13s Sys=0.01s Real=0.75s
[2020-02-28T02:00:23.682+0000][1][safepoint    ] Safepoint "GenCollectForAllocation", Time since last: 224739382 ns, Reaching safepoint: 17498 ns, At safepoint: 750627033 ns, Total: 750644531 ns
[2020-02-28T02:00:25.718+0000][1][safepoint    ] Safepoint "Cleanup", Time since last: 2030096429 ns, Reaching safepoint: 5993876 ns, At safepoint: 7486 ns, Total: 6001362 ns
[2020-02-28T02:00:26.722+0000][1][safepoint    ] Safepoint "Cleanup", Time since last: 1001436114 ns, Reaching safepoint: 2029826 ns, At safepoint: 24457 ns, Total: 2054283 ns
[2020-02-28T02:00:27.723+0000][1][safepoint    ] Safepoint "Cleanup", Time since last: 1000641510 ns, Reaching safepoint: 54894 ns, At safepoint: 5774 ns, Total: 60668 ns
[2020-02-28T02:00:28.123+0000][1][safepoint    ] Safepoint "RevokeBias", Time since last: 400111219 ns, Reaching safepoint: 21821 ns, At safepoint: 30356 ns, Total: 52177 ns
[2020-02-28T02:00:29.125+0000][1][safepoint    ] Safepoint "Cleanup", Time since last: 1000607967 ns, Reaching safepoint: 2077753 ns, At safepoint: 9086 ns, Total: 2086839 ns
[2020-02-28T02:00:30.128+0000][1][safepoint    ] Safepoint "Cleanup", Time since last: 1002314675 ns, Reaching safepoint: 59340 ns, At safepoint: 4844 ns, Total: 64184 ns
[2020-02-28T02:00:31.154+0000][1][safepoint    ] Safepoint "Cleanup", Time since last: 1025630247 ns, Reaching safepoint: 48614 ns, At safepoint: 8431 ns, Total: 57045 ns
[2020-02-28T02:00:31.606+0000][1][gc,start     ] GC(19) Pause Young (Allocation Failure)
[2020-02-28T02:00:31.606+0000][1][gc,task      ] GC(19) Using 1 workers of 1 for evacuation
[2020-02-28T02:00:34.122+0000][1][gc,age       ] GC(19) Desired survivor size 4358144 bytes, new threshold 1 (max threshold 6)
[2020-02-28T02:00:34.122+0000][1][gc,age       ] GC(19) Age table with threshold 1 (max threshold 6)
[2020-02-28T02:00:34.122+0000][1][gc,age       ] GC(19) - age   1:    6915360 bytes,    6915360 total
[2020-02-28T02:00:34.122+0000][1][gc,heap      ] GC(19) ParNew: 76672K->8256K(76672K)
[2020-02-28T02:00:34.122+0000][1][gc,heap      ] GC(19) CMS: 30850K->39239K(963392K)
[2020-02-28T02:00:34.122+0000][1][gc,metaspace ] GC(19) Metaspace: 30890K->30890K(1077248K)
[2020-02-28T02:00:34.122+0000][1][gc           ] GC(19) Pause Young (Allocation Failure) 105M->46M(1015M) 2515.885ms
[2020-02-28T02:00:34.122+0000][1][gc,cpu       ] GC(19) User=0.09s Sys=0.02s Real=2.51s
[2020-02-28T02:00:34.122+0000][1][safepoint    ] Safepoint "GenCollectForAllocation", Time since last: 452840769 ns, Reaching safepoint: 26166 ns, At safepoint: 2515928563 ns, Total: 2515954729 ns
[2020-02-28T02:00:34.465+0000][1][safepoint    ] Safepoint "RevokeBias", Time since last: 342919268 ns, Reaching safepoint: 37468 ns, At safepoint: 27848 ns, Total: 65316 ns
[2020-02-28T02:00:34.589+0000][1][safepoint    ] Safepoint "RevokeBias", Time since last: 123351586 ns, Reaching safepoint: 32915 ns, At safepoint: 27058 ns, Total: 59973 ns
[2020-02-28T02:00:34.916+0000][1][safepoint    ] Safepoint "RevokeBias", Time since last: 327549459 ns, Reaching safepoint: 38058 ns, At safepoint: 26975 ns, Total: 65033 ns
[2020-02-28T02:00:34.954+0000][1][safepoint    ] Safepoint "RevokeBias", Time since last: 37334393 ns, Reaching safepoint: 22194 ns, At safepoint: 28398 ns, Total: 50592 ns
[2020-02-28T02:00:35.968+0000][1][safepoint    ] Safepoint "Cleanup", Time since last: 1012001205 ns, Reaching safepoint: 2095684 ns, At safepoint: 9281 ns, Total: 2104965 ns
[2020-02-28T02:00:35.971+0000][1][safepoint    ] Safepoint "CollectForMetadataAllocation", Time since last: 1372851 ns, Reaching safepoint: 1499842 ns, At safepoint: 119618 ns, Total: 1619460 ns
[2020-02-28T02:00:36.125+0000][1][gc,start     ] GC(20) Pause Initial Mark
[2020-02-28T02:00:36.260+0000][1][gc           ] GC(20) Pause Initial Mark 71M->71M(1015M) 135.162ms
[2020-02-28T02:00:36.260+0000][1][gc,cpu       ] GC(20) User=0.05s Sys=0.00s Real=0.14s
[2020-02-28T02:00:36.281+0000][1][safepoint    ] Safepoint "CMS_Initial_Mark", Time since last: 153654355 ns, Reaching safepoint: 38845 ns, At safepoint: 156830130 ns, Total: 156868975 ns
[2020-02-28T02:00:36.281+0000][1][gc           ] GC(20) Concurrent Mark
[2020-02-28T02:00:36.292+0000][1][safepoint    ] Safepoint "CollectForMetadataAllocation", Time since last: 10228783 ns, Reaching safepoint: 44615 ns, At safepoint: 141587 ns, Total: 186202 ns
[2020-02-28T02:00:36.541+0000][1][gc           ] GC(20) Concurrent Mark 259.281ms
[2020-02-28T02:00:36.541+0000][1][gc,cpu       ] GC(20) User=0.08s Sys=0.01s Real=0.26s
[2020-02-28T02:00:36.541+0000][1][gc           ] GC(20) Concurrent Preclean
[2020-02-28T02:00:36.543+0000][1][gc           ] GC(20) Concurrent Preclean 1.859ms
[2020-02-28T02:00:36.543+0000][1][gc,cpu       ] GC(20) User=0.00s Sys=0.00s Real=0.00s
[2020-02-28T02:00:36.543+0000][1][gc           ] GC(20) Concurrent Abortable Preclean
[2020-02-28T02:00:36.754+0000][1][safepoint    ] Safepoint "CollectForMetadataAllocation", Time since last: 462201942 ns, Reaching safepoint: 37502 ns, At safepoint: 118140 ns, Total: 155642 ns
[2020-02-28T02:00:37.534+0000][1][gc,start     ] GC(21) Pause Young (Allocation Failure)
[2020-02-28T02:00:37.534+0000][1][gc,task      ] GC(21) Using 1 workers of 1 for evacuation
[2020-02-28T02:00:37.597+0000][1][gc           ] GC(20) Concurrent Abortable Preclean 1053.892ms
[2020-02-28T02:00:37.597+0000][1][gc,cpu       ] GC(20) User=0.29s Sys=0.00s Real=1.06s
[2020-02-28T02:00:38.802+0000][1][gc,age       ] GC(21) Desired survivor size 4358144 bytes, new threshold 6 (max threshold 6)
[2020-02-28T02:00:38.802+0000][1][gc,age       ] GC(21) Age table with threshold 6 (max threshold 6)
[2020-02-28T02:00:38.802+0000][1][gc,age       ] GC(21) - age   1:    1207456 bytes,    1207456 total
[2020-02-28T02:00:38.802+0000][1][gc,heap      ] GC(21) ParNew: 76416K->7129K(76672K)
[2020-02-28T02:00:38.802+0000][1][gc,heap      ] GC(21) CMS: 39239K->45997K(963392K)
[2020-02-28T02:00:38.802+0000][1][gc,metaspace ] GC(21) Metaspace: 34207K->34207K(1081344K)
[2020-02-28T02:00:38.802+0000][1][gc           ] GC(21) Pause Young (Allocation Failure) 112M->51M(1015M) 1268.805ms
[2020-02-28T02:00:38.803+0000][1][gc,cpu       ] GC(21) User=0.05s Sys=0.04s Real=1.27s
[2020-02-28T02:00:38.803+0000][1][safepoint    ] Safepoint "GenCollectForAllocation", Time since last: 776093277 ns, Reaching safepoint: 3442079 ns, At safepoint: 1268856303 ns, Total: 1272298382 ns
[2020-02-28T02:00:38.838+0000][1][gc,start     ] GC(20) Pause Remark
[2020-02-28T02:00:39.106+0000][1][gc           ] GC(20) Pause Remark 57M->57M(1015M) 267.964ms
[2020-02-28T02:00:39.106+0000][1][gc,cpu       ] GC(20) User=0.04s Sys=0.00s Real=0.26s
[2020-02-28T02:00:39.106+0000][1][safepoint    ] Safepoint "CMS_Final_Remark", Time since last: 34067489 ns, Reaching safepoint: 1028596 ns, At safepoint: 268046170 ns, Total: 269074766 ns
[2020-02-28T02:00:39.160+0000][1][gc           ] GC(20) Concurrent Sweep
[2020-02-28T02:00:39.547+0000][1][gc           ] GC(20) Concurrent Sweep 387.442ms
[2020-02-28T02:00:39.547+0000][1][gc,cpu       ] GC(20) User=0.08s Sys=0.00s Real=0.39s
[2020-02-28T02:00:39.547+0000][1][gc           ] GC(20) Concurrent Reset
[2020-02-28T02:00:39.568+0000][1][gc           ] GC(20) Concurrent Reset 21.455ms
[2020-02-28T02:00:39.569+0000][1][gc,cpu       ] GC(20) User=0.00s Sys=0.00s Real=0.02s
[2020-02-28T02:00:39.569+0000][1][gc,heap      ] GC(20) Old: 39239K->45791K(963392K)
[2020-02-28T02:00:40.137+0000][1][safepoint    ] Safepoint "Cleanup", Time since last: 1001162852 ns, Reaching safepoint: 30169674 ns, At safepoint: 11432 ns, Total: 30181106 ns
[2020-02-28T02:00:41.151+0000][1][safepoint    ] Safepoint "Cleanup", Time since last: 1000690560 ns, Reaching safepoint: 13732066 ns, At safepoint: 10658 ns, Total: 13742724 ns
[2020-02-28T02:00:42.159+0000][1][safepoint    ] Safepoint "Cleanup", Time since last: 1007362568 ns, Reaching safepoint: 75976 ns, At safepoint: 6477 ns, Total: 82453 ns
[2020-02-28T02:00:43.214+0000][1][safepoint    ] Safepoint "Cleanup", Time since last: 1001843276 ns, Reaching safepoint: 53068951 ns, At safepoint: 7034 ns, Total: 53075985 ns
[2020-02-28T02:00:43.423+0000][1][gc,start     ] GC(22) Pause Young (Allocation Failure)
[2020-02-28T02:00:43.423+0000][1][gc,task      ] GC(22) Using 1 workers of 1 for evacuation
[2020-02-28T02:00:43.477+0000][1][gc,age       ] GC(22) Desired survivor size 4358144 bytes, new threshold 6 (max threshold 6)
[2020-02-28T02:00:43.477+0000][1][gc,age       ] GC(22) Age table with threshold 6 (max threshold 6)
[2020-02-28T02:00:43.477+0000][1][gc,age       ] GC(22) - age   1:    1751600 bytes,    1751600 total
[2020-02-28T02:00:43.477+0000][1][gc,age       ] GC(22) - age   2:    1144064 bytes,    2895664 total
[2020-02-28T02:00:43.477+0000][1][gc,heap      ] GC(22) ParNew: 75289K->4006K(76672K)
[2020-02-28T02:00:43.477+0000][1][gc,heap      ] GC(22) CMS: 45791K->45791K(963392K)
[2020-02-28T02:00:43.477+0000][1][gc,metaspace ] GC(22) Metaspace: 35315K->35315K(1081344K)
[2020-02-28T02:00:43.477+0000][1][gc           ] GC(22) Pause Young (Allocation Failure) 118M->48M(1015M) 54.504ms
[2020-02-28T02:00:43.477+0000][1][gc,cpu       ] GC(22) User=0.02s Sys=0.00s Real=0.06s
[2020-02-28T02:00:43.477+0000][1][safepoint    ] Safepoint "GenCollectForAllocation", Time since last: 209089197 ns, Reaching safepoint: 30677 ns, At safepoint: 54555101 ns, Total: 54585778 ns
[2020-02-28T02:00:44.479+0000][1][safepoint    ] Safepoint "Cleanup", Time since last: 1001080852 ns, Reaching safepoint: 45723 ns, At safepoint: 6975 ns, Total: 52698 ns
[2020-02-28T02:00:45.151+0000][1][safepoint    ] Safepoint "RevokeBias", Time since last: 672516859 ns, Reaching safepoint: 97915 ns, At safepoint: 118665 ns, Total: 216580 ns
[2020-02-28T02:00:45.202+0000][1][safepoint    ] Safepoint "Deoptimize", Time since last: 50225727 ns, Reaching safepoint: 35939 ns, At safepoint: 613022 ns, Total: 648961 ns
[2020-02-28T02:00:46.203+0000][1][safepoint    ] Safepoint "Cleanup", Time since last: 1000410823 ns, Reaching safepoint: 64891 ns, At safepoint: 5444 ns, Total: 70335 ns
[2020-02-28T02:00:47.204+0000][1][safepoint    ] Safepoint "Cleanup", Time since last: 1001435150 ns, Reaching safepoint: 51511 ns, At safepoint: 5215 ns, Total: 56726 ns
[2020-02-28T02:00:48.215+0000][1][safepoint    ] Safepoint "Cleanup", Time since last: 1000472263 ns, Reaching safepoint: 9945947 ns, At safepoint: 9560 ns, Total: 9955507 ns
[2020-02-28T02:00:49.220+0000][1][safepoint    ] Safepoint "Cleanup", Time since last: 1005025984 ns, Reaching safepoint: 102828 ns, At safepoint: 6433 ns, Total: 109261 ns
[2020-02-28T02:00:51.006+0000][1][safepoint    ] Safepoint "RevokeBias", Time since last: 1781410269 ns, Reaching safepoint: 5223279 ns, At safepoint: 24455 ns, Total: 5247734 ns
[2020-02-28T02:00:52.013+0000][1][safepoint    ] Safepoint "Cleanup", Time since last: 1003119174 ns, Reaching safepoint: 3421851 ns, At safepoint: 7819 ns, Total: 3429670 ns
[2020-02-28T02:00:55.956+0000][1][safepoint    ] Safepoint "RevokeBias", Time since last: 3936913659 ns, Reaching safepoint: 6031700 ns, At safepoint: 108716 ns, Total: 6140416 ns
[2020-02-28T02:00:55.959+0000][1][safepoint    ] Safepoint "RevokeBias", Time since last: 285220 ns, Reaching safepoint: 3094124 ns, At safepoint: 52174 ns, Total: 3146298 ns
[2020-02-28T02:00:55.978+0000][1][safepoint    ] Safepoint "RevokeBias", Time since last: 319188 ns, Reaching safepoint: 18038233 ns, At safepoint: 71048 ns, Total: 18109281 ns
[2020-02-28T02:00:56.005+0000][1][safepoint    ] Safepoint "RevokeBias", Time since last: 7982129 ns, Reaching safepoint: 19001452 ns, At safepoint: 56866 ns, Total: 19058318 ns
[2020-02-28T02:00:56.024+0000][1][safepoint    ] Safepoint "RevokeBias", Time since last: 2917066 ns, Reaching safepoint: 15597628 ns, At safepoint: 53630 ns, Total: 15651258 ns
[2020-02-28T02:00:56.037+0000][1][safepoint    ] Safepoint "RevokeBias", Time since last: 190860 ns, Reaching safepoint: 12758306 ns, At safepoint: 53770 ns, Total: 12812076 ns
[2020-02-28T02:00:56.049+0000][1][safepoint    ] Safepoint "RevokeBias", Time since last: 2105760 ns, Reaching safepoint: 10029816 ns, At safepoint: 52021 ns, Total: 10081837 ns
[2020-02-28T02:00:56.061+0000][1][safepoint    ] Safepoint "RevokeBias", Time since last: 4092904 ns, Reaching safepoint: 7737257 ns, At safepoint: 54977 ns, Total: 7792234 ns
[2020-02-28T02:00:56.083+0000][1][safepoint    ] Safepoint "RevokeBias", Time since last: 13986449 ns, Reaching safepoint: 8180041 ns, At safepoint: 105382 ns, Total: 8285423 ns
[2020-02-28T02:00:56.157+0000][1][safepoint    ] Safepoint "RevokeBias", Time since last: 71512097 ns, Reaching safepoint: 2402663 ns, At safepoint: 51158 ns, Total: 2453821 ns
[2020-02-28T02:00:57.169+0000][1][safepoint    ] Safepoint "Cleanup", Time since last: 1010603035 ns, Reaching safepoint: 2034210 ns, At safepoint: 7705 ns, Total: 2041915 ns
[2020-02-28T02:00:58.206+0000][1][safepoint    ] Safepoint "Cleanup", Time since last: 1002340649 ns, Reaching safepoint: 33905460 ns, At safepoint: 7656 ns, Total: 33913116 ns
[2020-02-28T02:00:59.213+0000][1][safepoint    ] Safepoint "Cleanup", Time since last: 1006935215 ns, Reaching safepoint: 298498 ns, At safepoint: 5918 ns, Total: 304416 ns
[2020-02-28T02:00:59.703+0000][1][gc,start     ] GC(23) Pause Young (Allocation Failure)
[2020-02-28T02:00:59.704+0000][1][gc,task      ] GC(23) Using 1 workers of 1 for evacuation
[2020-02-28T02:00:59.803+0000][1][gc,age       ] GC(23) Desired survivor size 4358144 bytes, new threshold 2 (max threshold 6)
[2020-02-28T02:00:59.803+0000][1][gc,age       ] GC(23) Age table with threshold 2 (max threshold 6)
[2020-02-28T02:00:59.803+0000][1][gc,age       ] GC(23) - age   1:    2739144 bytes,    2739144 total
[2020-02-28T02:00:59.803+0000][1][gc,age       ] GC(23) - age   2:    1729976 bytes,    4469120 total
[2020-02-28T02:00:59.803+0000][1][gc,age       ] GC(23) - age   3:    1142992 bytes,    5612112 total
[2020-02-28T02:00:59.804+0000][1][gc,heap      ] GC(23) ParNew: 72166K->7865K(76672K)
[2020-02-28T02:00:59.804+0000][1][gc,heap      ] GC(23) CMS: 45791K->45791K(963392K)
[2020-02-28T02:00:59.804+0000][1][gc,metaspace ] GC(23) Metaspace: 44830K->44830K(1091584K)
[2020-02-28T02:00:59.804+0000][1][gc           ] GC(23) Pause Young (Allocation Failure) 115M->52M(1015M) 100.255ms
[2020-02-28T02:00:59.804+0000][1][gc,cpu       ] GC(23) User=0.04s Sys=0.00s Real=0.10s
[2020-02-28T02:00:59.804+0000][1][safepoint    ] Safepoint "GenCollectForAllocation", Time since last: 476906975 ns, Reaching safepoint: 13606694 ns, At safepoint: 100367076 ns, Total: 113973770 ns
[2020-02-28T02:01:00.121+0000][1][safepoint    ] Safepoint "RevokeBias", Time since last: 316988892 ns, Reaching safepoint: 27171 ns, At safepoint: 15845 ns, Total: 43016 ns
[2020-02-28T02:01:00.138+0000][1][safepoint    ] Safepoint "RevokeBias", Time since last: 16582501 ns, Reaching safepoint: 38856 ns, At safepoint: 16560 ns, Total: 55416 ns
[2020-02-28T02:01:00.138+0000][1][safepoint    ] Safepoint "RevokeBias", Time since last: 57195 ns, Reaching safepoint: 14176 ns, At safepoint: 9373 ns, Total: 23549 ns
[2020-02-28T02:01:00.138+0000][1][safepoint    ] Safepoint "RevokeBias", Time since last: 25570 ns, Reaching safepoint: 12871 ns, At safepoint: 8098 ns, Total: 20969 ns
[2020-02-28T02:01:00.138+0000][1][safepoint    ] Safepoint "RevokeBias", Time since last: 24886 ns, Reaching safepoint: 12523 ns, At safepoint: 8147 ns, Total: 20670 ns
[2020-02-28T02:01:00.138+0000][1][safepoint    ] Safepoint "RevokeBias", Time since last: 25371 ns, Reaching safepoint: 12548 ns, At safepoint: 7954 ns, Total: 20502 ns
[2020-02-28T02:01:00.138+0000][1][safepoint    ] Safepoint "RevokeBias", Time since last: 24859 ns, Reaching safepoint: 12485 ns, At safepoint: 7882 ns, Total: 20367 ns
[2020-02-28T02:01:00.138+0000][1][safepoint    ] Safepoint "RevokeBias", Time since last: 26028 ns, Reaching safepoint: 12530 ns, At safepoint: 8007 ns, Total: 20537 ns
[2020-02-28T02:01:01.164+0000][1][safepoint    ] Safepoint "Cleanup", Time since last: 1021839493 ns, Reaching safepoint: 3984848 ns, At safepoint: 10566 ns, Total: 3995414 ns
[2020-02-28T02:01:02.187+0000][1][safepoint    ] Safepoint "Cleanup", Time since last: 1006827337 ns, Reaching safepoint: 16087016 ns, At safepoint: 7761 ns, Total: 16094777 ns
[2020-02-28T02:01:03.192+0000][1][safepoint    ] Safepoint "Cleanup", Time since last: 1005194724 ns, Reaching safepoint: 44506 ns, At safepoint: 6149 ns, Total: 50655 ns
[2020-02-28T02:01:04.199+0000][1][safepoint    ] Safepoint "Cleanup", Time since last: 1007054184 ns, Reaching safepoint: 58155 ns, At safepoint: 5502 ns, Total: 63657 ns
[2020-02-28T02:01:04.715+0000][1][safepoint    ] Safepoint "RevokeBias", Time since last: 516357408 ns, Reaching safepoint: 38007 ns, At safepoint: 32652 ns, Total: 70659 ns
[2020-02-28T02:01:04.859+0000][1][safepoint    ] Safepoint "RevokeBias", Time since last: 143599432 ns, Reaching safepoint: 31385 ns, At safepoint: 35927 ns, Total: 67312 ns
[2020-02-28T02:01:05.862+0000][1][safepoint    ] Safepoint "Cleanup", Time since last: 1000392041 ns, Reaching safepoint: 2599752 ns, At safepoint: 8369 ns, Total: 2608121 ns
[2020-02-28T02:01:06.650+0000][1][safepoint    ] Safepoint "RevokeBias", Time since last: 787448903 ns, Reaching safepoint: 40885 ns, At safepoint: 14151 ns, Total: 55036 ns
[2020-02-28T02:01:07.658+0000][1][safepoint    ] Safepoint "Cleanup", Time since last: 1004328911 ns, Reaching safepoint: 4335631 ns, At safepoint: 14847 ns, Total: 4350478 ns
[2020-02-28T02:01:07.666+0000][1][safepoint    ] Safepoint "RevokeBias", Time since last: 7381027 ns, Reaching safepoint: 501581 ns, At safepoint: 40481 ns, Total: 542062 ns
[2020-02-28T02:01:07.800+0000][1][safepoint    ] Safepoint "BulkRevokeBias", Time since last: 125623900 ns, Reaching safepoint: 8081322 ns, At safepoint: 92613 ns, Total: 8173935 ns
[2020-02-28T02:01:07.802+0000][1][safepoint    ] Safepoint "RevokeBias", Time since last: 83285 ns, Reaching safepoint: 1718055 ns, At safepoint: 161176 ns, Total: 1879231 ns
[2020-02-28T02:01:08.501+0000][1][safepoint    ] Safepoint "RevokeBias", Time since last: 698355849 ns, Reaching safepoint: 343474 ns, At safepoint: 36647 ns, Total: 380121 ns
[2020-02-28T02:01:08.505+0000][1][safepoint    ] Safepoint "RevokeBias", Time since last: 94001 ns, Reaching safepoint: 3742715 ns, At safepoint: 45285 ns, Total: 3788000 ns
[2020-02-28T02:01:08.507+0000][1][safepoint    ] Safepoint "RevokeBias", Time since last: 144071 ns, Reaching safepoint: 1821975 ns, At safepoint: 39549 ns, Total: 1861524 ns
[2020-02-28T02:01:08.535+0000][1][safepoint    ] Safepoint "RevokeBias", Time since last: 25337140 ns, Reaching safepoint: 2948686 ns, At safepoint: 66324 ns, Total: 3015010 ns
[2020-02-28T02:01:08.551+0000][1][safepoint    ] Safepoint "RevokeBias", Time since last: 12849438 ns, Reaching safepoint: 3014769 ns, At safepoint: 29845 ns, Total: 3044614 ns
[2020-02-28T02:01:08.563+0000][1][safepoint    ] Safepoint "RevokeBias", Time since last: 109942 ns, Reaching safepoint: 11682699 ns, At safepoint: 36644 ns, Total: 11719343 ns
[2020-02-28T02:01:08.566+0000][1][safepoint    ] Safepoint "RevokeBias", Time since last: 199414 ns, Reaching safepoint: 2764594 ns, At safepoint: 107740 ns, Total: 2872334 ns
[2020-02-28T02:01:08.570+0000][1][safepoint    ] Safepoint "RevokeBias", Time since last: 127649 ns, Reaching safepoint: 3711298 ns, At safepoint: 37219 ns, Total: 3748517 ns
[2020-02-28T02:01:08.573+0000][1][safepoint    ] Safepoint "RevokeBias", Time since last: 58215 ns, Reaching safepoint: 2877600 ns, At safepoint: 87011 ns, Total: 2964611 ns
[2020-02-28T02:01:08.575+0000][1][safepoint    ] Safepoint "RevokeBias", Time since last: 76363 ns, Reaching safepoint: 2809437 ns, At safepoint: 36371 ns, Total: 2845808 ns
[2020-02-28T02:01:08.581+0000][1][safepoint    ] Safepoint "RevokeBias", Time since last: 54340 ns, Reaching safepoint: 5355492 ns, At safepoint: 53175 ns, Total: 5408667 ns
[2020-02-28T02:01:08.584+0000][1][safepoint    ] Safepoint "RevokeBias", Time since last: 58800 ns, Reaching safepoint: 2893407 ns, At safepoint: 80488 ns, Total: 2973895 ns
[2020-02-28T02:01:08.595+0000][1][safepoint    ] Safepoint "RevokeBias", Time since last: 110137 ns, Reaching safepoint: 10661437 ns, At safepoint: 43833 ns, Total: 10705270 ns
[2020-02-28T02:01:08.598+0000][1][safepoint    ] Safepoint "RevokeBias", Time since last: 67651 ns, Reaching safepoint: 2851804 ns, At safepoint: 38433 ns, Total: 2890237 ns
[2020-02-28T02:01:08.601+0000][1][safepoint    ] Safepoint "RevokeBias", Time since last: 60098 ns, Reaching safepoint: 2878734 ns, At safepoint: 33156 ns, Total: 2911890 ns
[2020-02-28T02:01:08.604+0000][1][safepoint    ] Safepoint "RevokeBias", Time since last: 72659 ns, Reaching safepoint: 2867005 ns, At safepoint: 36598 ns, Total: 2903603 ns
[2020-02-28T02:01:08.607+0000][1][safepoint    ] Safepoint "RevokeBias", Time since last: 56194 ns, Reaching safepoint: 3029231 ns, At safepoint: 37814 ns, Total: 3067045 ns
[2020-02-28T02:01:08.647+0000][1][safepoint    ] Safepoint "RevokeBias", Time since last: 11047695 ns, Reaching safepoint: 29110268 ns, At safepoint: 50102 ns, Total: 29160370 ns
[2020-02-28T02:01:08.648+0000][1][safepoint    ] Safepoint "RevokeBias", Time since last: 1151867 ns, Reaching safepoint: 35668 ns, At safepoint: 113367 ns, Total: 149035 ns
[2020-02-28T02:01:08.648+0000][1][safepoint    ] Safepoint "RevokeBias", Time since last: 49068 ns, Reaching safepoint: 23960 ns, At safepoint: 9205 ns, Total: 33165 ns
[2020-02-28T02:01:08.820+0000][1][safepoint    ] Safepoint "RevokeBias", Time since last: 171701689 ns, Reaching safepoint: 33807 ns, At safepoint: 35321 ns, Total: 69128 ns
[2020-02-28T02:01:08.890+0000][1][safepoint    ] Safepoint "RevokeBias", Time since last: 69824812 ns, Reaching safepoint: 47594 ns, At safepoint: 44545 ns, Total: 92139 ns
[2020-02-28T02:01:08.890+0000][1][safepoint    ] Safepoint "RevokeBias", Time since last: 55994 ns, Reaching safepoint: 21673 ns, At safepoint: 31516 ns, Total: 53189 ns
[2020-02-28T02:01:08.890+0000][1][safepoint    ] Safepoint "RevokeBias", Time since last: 27057 ns, Reaching safepoint: 19304 ns, At safepoint: 48403 ns, Total: 67707 ns
[2020-02-28T02:01:08.890+0000][1][safepoint    ] Safepoint "RevokeBias", Time since last: 73062 ns, Reaching safepoint: 23578 ns, At safepoint: 40908 ns, Total: 64486 ns
[2020-02-28T02:01:08.891+0000][1][safepoint    ] Safepoint "RevokeBias", Time since last: 24734 ns, Reaching safepoint: 18983 ns, At safepoint: 25878 ns, Total: 44861 ns
[2020-02-28T02:01:08.891+0000][1][safepoint    ] Safepoint "RevokeBias", Time since last: 24788 ns, Reaching safepoint: 18792 ns, At safepoint: 25766 ns, Total: 44558 ns
[2020-02-28T02:01:08.891+0000][1][safepoint    ] Safepoint "RevokeBias", Time since last: 24954 ns, Reaching safepoint: 18747 ns, At safepoint: 25639 ns, Total: 44386 ns
[2020-02-28T02:01:08.891+0000][1][safepoint    ] Safepoint "RevokeBias", Time since last: 24680 ns, Reaching safepoint: 18648 ns, At safepoint: 25769 ns, Total: 44417 ns
[2020-02-28T02:01:08.891+0000][1][safepoint    ] Safepoint "BulkRevokeBias", Time since last: 29240 ns, Reaching safepoint: 18832 ns, At safepoint: 109324 ns, Total: 128156 ns
[2020-02-28T02:01:08.891+0000][1][safepoint    ] Safepoint "RevokeBias", Time since last: 175934 ns, Reaching safepoint: 22425 ns, At safepoint: 31460 ns, Total: 53885 ns
[2020-02-28T02:01:08.891+0000][1][safepoint    ] Safepoint "RevokeBias", Time since last: 43557 ns, Reaching safepoint: 18803 ns, At safepoint: 27196 ns, Total: 45999 ns
[2020-02-28T02:01:08.891+0000][1][safepoint    ] Safepoint "RevokeBias", Time since last: 28224 ns, Reaching safepoint: 18465 ns, At safepoint: 49707 ns, Total: 68172 ns
[2020-02-28T02:01:08.900+0000][1][safepoint    ] Safepoint "RevokeBias", Time since last: 8441093 ns, Reaching safepoint: 49814 ns, At safepoint: 28119 ns, Total: 77933 ns
[2020-02-28T02:01:08.900+0000][1][safepoint    ] Safepoint "RevokeBias", Time since last: 77442 ns, Reaching safepoint: 24516 ns, At safepoint: 49176 ns, Total: 73692 ns
[2020-02-28T02:01:08.900+0000][1][safepoint    ] Safepoint "RevokeBias", Time since last: 32973 ns, Reaching safepoint: 22865 ns, At safepoint: 38154 ns, Total: 61019 ns
[2020-02-28T02:01:08.900+0000][1][safepoint    ] Safepoint "RevokeBias", Time since last: 108029 ns, Reaching safepoint: 23240 ns, At safepoint: 64514 ns, Total: 87754 ns
[2020-02-28T02:01:08.901+0000][1][safepoint    ] Safepoint "RevokeBias", Time since last: 236317 ns, Reaching safepoint: 26227 ns, At safepoint: 22709 ns, Total: 48936 ns
[2020-02-28T02:01:08.901+0000][1][safepoint    ] Safepoint "RevokeBias", Time since last: 31701 ns, Reaching safepoint: 22479 ns, At safepoint: 20130 ns, Total: 42609 ns
[2020-02-28T02:01:08.901+0000][1][safepoint    ] Safepoint "RevokeBias", Time since last: 26455 ns, Reaching safepoint: 22313 ns, At safepoint: 19387 ns, Total: 41700 ns
[2020-02-28T02:01:08.901+0000][1][safepoint    ] Safepoint "RevokeBias", Time since last: 87234 ns, Reaching safepoint: 43814 ns, At safepoint: 20889 ns, Total: 64703 ns
[2020-02-28T02:01:08.901+0000][1][safepoint    ] Safepoint "RevokeBias", Time since last: 33013 ns, Reaching safepoint: 22598 ns, At safepoint: 19662 ns, Total: 42260 ns
[2020-02-28T02:01:08.901+0000][1][safepoint    ] Safepoint "RevokeBias", Time since last: 25415 ns, Reaching safepoint: 21945 ns, At safepoint: 19405 ns, Total: 41350 ns
[2020-02-28T02:01:08.901+0000][1][safepoint    ] Safepoint "RevokeBias", Time since last: 24897 ns, Reaching safepoint: 21955 ns, At safepoint: 19305 ns, Total: 41260 ns
[2020-02-28T02:01:08.901+0000][1][safepoint    ] Safepoint "RevokeBias", Time since last: 24764 ns, Reaching safepoint: 21890 ns, At safepoint: 19349 ns, Total: 41239 ns
[2020-02-28T02:01:08.901+0000][1][safepoint    ] Safepoint "RevokeBias", Time since last: 26521 ns, Reaching safepoint: 21906 ns, At safepoint: 19513 ns, Total: 41419 ns
[2020-02-28T02:01:08.901+0000][1][safepoint    ] Safepoint "RevokeBias", Time since last: 45055 ns, Reaching safepoint: 26383 ns, At safepoint: 20804 ns, Total: 47187 ns
[2020-02-28T02:01:08.901+0000][1][safepoint    ] Safepoint "RevokeBias", Time since last: 28054 ns, Reaching safepoint: 22049 ns, At safepoint: 19494 ns, Total: 41543 ns
[2020-02-28T02:01:08.901+0000][1][safepoint    ] Safepoint "RevokeBias", Time since last: 24914 ns, Reaching safepoint: 21931 ns, At safepoint: 19380 ns, Total: 41311 ns
[2020-02-28T02:01:08.901+0000][1][safepoint    ] Safepoint "RevokeBias", Time since last: 26561 ns, Reaching safepoint: 21954 ns, At safepoint: 19445 ns, Total: 41399 ns
[2020-02-28T02:01:08.902+0000][1][safepoint    ] Safepoint "RevokeBias", Time since last: 25288 ns, Reaching safepoint: 21823 ns, At safepoint: 19295 ns, Total: 41118 ns
[2020-02-28T02:01:08.902+0000][1][safepoint    ] Safepoint "RevokeBias", Time since last: 25304 ns, Reaching safepoint: 21959 ns, At safepoint: 19331 ns, Total: 41290 ns
[2020-02-28T02:01:08.902+0000][1][safepoint    ] Safepoint "RevokeBias", Time since last: 25096 ns, Reaching safepoint: 22001 ns, At safepoint: 19371 ns, Total: 41372 ns
[2020-02-28T02:01:08.902+0000][1][safepoint    ] Safepoint "RevokeBias", Time since last: 61501 ns, Reaching safepoint: 26846 ns, At safepoint: 20787 ns, Total: 47633 ns
[2020-02-28T02:01:08.902+0000][1][safepoint    ] Safepoint "BulkRevokeBias", Time since last: 30122 ns, Reaching safepoint: 22365 ns, At safepoint: 89615 ns, Total: 111980 ns
[2020-02-28T02:01:08.903+0000][1][safepoint    ] Safepoint "RevokeBias", Time since last: 1036165 ns, Reaching safepoint: 29179 ns, At safepoint: 35514 ns, Total: 64693 ns
[2020-02-28T02:01:08.903+0000][1][safepoint    ] Safepoint "RevokeBias", Time since last: 59398 ns, Reaching safepoint: 22287 ns, At safepoint: 28906 ns, Total: 51193 ns
[2020-02-28T02:01:08.903+0000][1][safepoint    ] Safepoint "RevokeBias", Time since last: 137152 ns, Reaching safepoint: 25220 ns, At safepoint: 29116 ns, Total: 54336 ns
[2020-02-28T02:01:08.903+0000][1][safepoint    ] Safepoint "RevokeBias", Time since last: 41699 ns, Reaching safepoint: 19027 ns, At safepoint: 27517 ns, Total: 46544 ns
[2020-02-28T02:01:08.903+0000][1][safepoint    ] Safepoint "RevokeBias", Time since last: 26269 ns, Reaching safepoint: 18191 ns, At safepoint: 26904 ns, Total: 45095 ns
[2020-02-28T02:01:08.904+0000][1][safepoint    ] Safepoint "RevokeBias", Time since last: 25004 ns, Reaching safepoint: 18057 ns, At safepoint: 26938 ns, Total: 44995 ns
[2020-02-28T02:01:08.904+0000][1][safepoint    ] Safepoint "RevokeBias", Time since last: 252898 ns, Reaching safepoint: 23966 ns, At safepoint: 29696 ns, Total: 53662 ns
[2020-02-28T02:01:08.904+0000][1][safepoint    ] Safepoint "RevokeBias", Time since last: 97717 ns, Reaching safepoint: 20447 ns, At safepoint: 28437 ns, Total: 48884 ns
[2020-02-28T02:01:08.904+0000][1][safepoint    ] Safepoint "RevokeBias", Time since last: 308649 ns, Reaching safepoint: 23229 ns, At safepoint: 30404 ns, Total: 53633 ns
[2020-02-28T02:01:08.905+0000][1][safepoint    ] Safepoint "RevokeBias", Time since last: 381236 ns, Reaching safepoint: 22989 ns, At safepoint: 29704 ns, Total: 52693 ns
[2020-02-28T02:01:08.905+0000][1][safepoint    ] Safepoint "RevokeBias", Time since last: 68314 ns, Reaching safepoint: 20142 ns, At safepoint: 29488 ns, Total: 49630 ns
[2020-02-28T02:01:08.905+0000][1][safepoint    ] Safepoint "RevokeBias", Time since last: 175797 ns, Reaching safepoint: 21884 ns, At safepoint: 28878 ns, Total: 50762 ns
[2020-02-28T02:01:08.935+0000][1][safepoint    ] Safepoint "RevokeBias", Time since last: 29561094 ns, Reaching safepoint: 55443 ns, At safepoint: 42118 ns, Total: 97561 ns
[2020-02-28T02:01:08.941+0000][1][safepoint    ] Safepoint "RevokeBias", Time since last: 6182417 ns, Reaching safepoint: 170849 ns, At safepoint: 95103 ns, Total: 265952 ns
[2020-02-28T02:01:08.942+0000][1][safepoint    ] Safepoint "RevokeBias", Time since last: 221926 ns, Reaching safepoint: 36408 ns, At safepoint: 38010 ns, Total: 74418 ns
[2020-02-28T02:01:08.942+0000][1][safepoint    ] Safepoint "RevokeBias", Time since last: 96703 ns, Reaching safepoint: 54290 ns, At safepoint: 29542 ns, Total: 83832 ns
[2020-02-28T02:01:08.943+0000][1][safepoint    ] Safepoint "RevokeBias", Time since last: 1163590 ns, Reaching safepoint: 83191 ns, At safepoint: 37742 ns, Total: 120933 ns
[2020-02-28T02:01:09.685+0000][1][safepoint    ] Safepoint "RevokeBias", Time since last: 742222152 ns, Reaching safepoint: 54258 ns, At safepoint: 13926 ns, Total: 68184 ns
[2020-02-28T02:01:10.046+0000][1][safepoint    ] Safepoint "RevokeBias", Time since last: 360804893 ns, Reaching safepoint: 38905 ns, At safepoint: 73794 ns, Total: 112699 ns
[2020-02-28T02:01:10.465+0000][1][gc,start     ] GC(24) Pause Young (Allocation Failure)
[2020-02-28T02:01:10.465+0000][1][gc,task      ] GC(24) Using 1 workers of 1 for evacuation
[2020-02-28T02:01:11.050+0000][1][gc,age       ] GC(24) Desired survivor size 4358144 bytes, new threshold 2 (max threshold 6)
[2020-02-28T02:01:11.050+0000][1][gc,age       ] GC(24) Age table with threshold 2 (max threshold 6)
[2020-02-28T02:01:11.060+0000][1][gc,age       ] GC(24) - age   1:    2698320 bytes,    2698320 total
[2020-02-28T02:01:11.060+0000][1][gc,age       ] GC(24) - age   2:    2645952 bytes,    5344272 total
[2020-02-28T02:01:11.060+0000][1][gc,heap      ] GC(24) ParNew: 76025K->8512K(76672K)
[2020-02-28T02:01:11.060+0000][1][gc,heap      ] GC(24) CMS: 45791K->48670K(963392K)
[2020-02-28T02:01:11.060+0000][1][gc,metaspace ] GC(24) Metaspace: 49800K->49800K(1095680K)
[2020-02-28T02:01:11.060+0000][1][gc           ] GC(24) Pause Young (Allocation Failure) 118M->55M(1015M) 595.079ms
[2020-02-28T02:01:11.060+0000][1][gc,cpu       ] GC(24) User=0.10s Sys=0.01s Real=0.60s
[2020-02-28T02:01:11.060+0000][1][safepoint    ] Safepoint "GenCollectForAllocation", Time since last: 419037611 ns, Reaching safepoint: 100566 ns, At safepoint: 595129420 ns, Total: 595229986 ns
[2020-02-28T02:01:11.107+0000][1][safepoint    ] Safepoint "RevokeBias", Time since last: 37550333 ns, Reaching safepoint: 9426011 ns, At safepoint: 22604 ns, Total: 9448615 ns
[2020-02-28T02:01:11.134+0000][1][safepoint    ] Safepoint "RevokeBias", Time since last: 24340584 ns, Reaching safepoint: 1937793 ns, At safepoint: 59938 ns, Total: 1997731 ns
[2020-02-28T02:01:11.163+0000][1][safepoint    ] Safepoint "RevokeBias", Time since last: 17986911 ns, Reaching safepoint: 10625612 ns, At safepoint: 138184 ns, Total: 10763796 ns
[2020-02-28T02:01:11.168+0000][1][safepoint    ] Safepoint "RevokeBias", Time since last: 3939675 ns, Reaching safepoint: 1953305 ns, At safepoint: 19257 ns, Total: 1972562 ns
[2020-02-28T02:01:11.170+0000][1][safepoint    ] Safepoint "RevokeBias", Time since last: 69353 ns, Reaching safepoint: 1896669 ns, At safepoint: 19524 ns, Total: 1916193 ns
[2020-02-28T02:01:12.201+0000][1][safepoint    ] Safepoint "Cleanup", Time since last: 1027061946 ns, Reaching safepoint: 2949084 ns, At safepoint: 9160 ns, Total: 2958244 ns
[2020-02-28T02:01:12.230+0000][1][safepoint    ] Safepoint "RevokeBias", Time since last: 159960 ns, Reaching safepoint: 29771450 ns, At safepoint: 24430 ns, Total: 29795880 ns
[2020-02-28T02:01:12.367+0000][1][safepoint    ] Safepoint "RevokeBias", Time since last: 135991165 ns, Reaching safepoint: 43505 ns, At safepoint: 14336 ns, Total: 57841 ns
[2020-02-28T02:01:12.379+0000][1][safepoint    ] Safepoint "RevokeBias", Time since last: 12582030 ns, Reaching safepoint: 68953 ns, At safepoint: 17316 ns, Total: 86269 ns
[2020-02-28T02:01:12.396+0000][1][safepoint    ] Safepoint "RevokeBias", Time since last: 16433328 ns, Reaching safepoint: 48604 ns, At safepoint: 13409 ns, Total: 62013 ns
[2020-02-28T02:01:12.396+0000][1][safepoint    ] Safepoint "RevokeBias", Time since last: 66301 ns, Reaching safepoint: 23815 ns, At safepoint: 8379 ns, Total: 32194 ns
[2020-02-28T02:01:13.418+0000][1][safepoint    ] Safepoint "Cleanup", Time since last: 1010641885 ns, Reaching safepoint: 11853757 ns, At safepoint: 59105 ns, Total: 11912862 ns
[2020-02-28T02:01:14.440+0000][1][safepoint    ] Safepoint "Cleanup", Time since last: 1021323047 ns, Reaching safepoint: 661075 ns, At safepoint: 5643 ns, Total: 666718 ns
[2020-02-28T02:01:15.442+0000][1][safepoint    ] Safepoint "Cleanup", Time since last: 1001268484 ns, Reaching safepoint: 128127 ns, At safepoint: 6431 ns, Total: 134558 ns
[2020-02-28T02:01:15.915+0000][1][safepoint    ] Safepoint "RevokeBias", Time since last: 472528345 ns, Reaching safepoint: 1045902 ns, At safepoint: 41033 ns, Total: 1086935 ns
[2020-02-28T02:01:15.924+0000][1][safepoint    ] Safepoint "RevokeBias", Time since last: 171247 ns, Reaching safepoint: 8174897 ns, At safepoint: 53581 ns, Total: 8228478 ns
[2020-02-28T02:01:15.928+0000][1][safepoint    ] Safepoint "RevokeBias", Time since last: 87695 ns, Reaching safepoint: 3796432 ns, At safepoint: 53374 ns, Total: 3849806 ns
[2020-02-28T02:01:15.935+0000][1][safepoint    ] Safepoint "RevokeBias", Time since last: 239442 ns, Reaching safepoint: 6695186 ns, At safepoint: 47566 ns, Total: 6742752 ns
[2020-02-28T02:01:16.938+0000][1][safepoint    ] Safepoint "Cleanup", Time since last: 1003276766 ns, Reaching safepoint: 89905 ns, At safepoint: 7932 ns, Total: 97837 ns
[2020-02-28T02:01:17.947+0000][1][safepoint    ] Safepoint "Cleanup", Time since last: 1006071936 ns, Reaching safepoint: 2607460 ns, At safepoint: 9331 ns, Total: 2616791 ns
[2020-02-28T02:01:18.955+0000][1][safepoint    ] Safepoint "Cleanup", Time since last: 1008175717 ns, Reaching safepoint: 110973 ns, At safepoint: 6385 ns, Total: 117358 ns
[2020-02-28T02:01:19.956+0000][1][safepoint    ] Safepoint "Cleanup", Time since last: 1000785742 ns, Reaching safepoint: 61056 ns, At safepoint: 7750 ns, Total: 68806 ns
[2020-02-28T02:01:20.051+0000][1][safepoint    ] Safepoint "RevokeBias", Time since last: 94630575 ns, Reaching safepoint: 109093 ns, At safepoint: 32018 ns, Total: 141111 ns
[2020-02-28T02:01:20.067+0000][1][safepoint    ] Safepoint "RevokeBias", Time since last: 16097236 ns, Reaching safepoint: 55685 ns, At safepoint: 14539 ns, Total: 70224 ns
[2020-02-28T02:01:21.074+0000][1][safepoint    ] Safepoint "Cleanup", Time since last: 1005874040 ns, Reaching safepoint: 905787 ns, At safepoint: 10604 ns, Total: 916391 ns
[2020-02-28T02:01:22.082+0000][1][safepoint    ] Safepoint "Cleanup", Time since last: 1008169902 ns, Reaching safepoint: 60547 ns, At safepoint: 6584 ns, Total: 67131 ns
[2020-02-28T02:01:22.882+0000][1][gc,start     ] GC(25) Pause Young (Allocation Failure)
[2020-02-28T02:01:22.882+0000][1][gc,task      ] GC(25) Using 1 workers of 1 for evacuation
[2020-02-28T02:01:24.441+0000][1][gc,age       ] GC(25) Desired survivor size 4358144 bytes, new threshold 6 (max threshold 6)
[2020-02-28T02:01:24.441+0000][1][gc,age       ] GC(25) Age table with threshold 6 (max threshold 6)
[2020-02-28T02:01:24.441+0000][1][gc,age       ] GC(25) - age   1:    1333984 bytes,    1333984 total
[2020-02-28T02:01:24.441+0000][1][gc,age       ] GC(25) - age   2:    2644984 bytes,    3978968 total
[2020-02-28T02:01:24.441+0000][1][gc,heap      ] GC(25) ParNew: 76672K->5105K(76672K)
[2020-02-28T02:01:24.441+0000][1][gc,heap      ] GC(25) CMS: 48670K->51330K(963392K)
[2020-02-28T02:01:24.441+0000][1][gc,metaspace ] GC(25) Metaspace: 56049K->56049K(1101824K)
[2020-02-28T02:01:24.441+0000][1][gc           ] GC(25) Pause Young (Allocation Failure) 122M->55M(1015M) 1559.144ms
[2020-02-28T02:01:24.441+0000][1][gc,cpu       ] GC(25) User=0.05s Sys=0.02s Real=1.56s
[2020-02-28T02:01:24.441+0000][1][safepoint    ] Safepoint "GenCollectForAllocation", Time since last: 799807453 ns, Reaching safepoint: 40930 ns, At safepoint: 1559242100 ns, Total: 1559283030 ns
[2020-02-28T02:01:24.671+0000][1][safepoint    ] Safepoint "RevokeBias", Time since last: 230323292 ns, Reaching safepoint: 50733 ns, At safepoint: 14470 ns, Total: 65203 ns
[2020-02-28T02:01:24.671+0000][1][safepoint    ] Safepoint "RevokeBias", Time since last: 132258 ns, Reaching safepoint: 26554 ns, At safepoint: 10910 ns, Total: 37464 ns
[2020-02-28T02:01:25.688+0000][1][safepoint    ] Safepoint "Cleanup", Time since last: 1016239326 ns, Reaching safepoint: 62866 ns, At safepoint: 5470 ns, Total: 68336 ns
[2020-02-28T02:01:26.075+0000][1][safepoint    ] Safepoint "CollectForMetadataAllocation", Time since last: 387095579 ns, Reaching safepoint: 27371 ns, At safepoint: 59705 ns, Total: 87076 ns
[2020-02-28T02:01:26.509+0000][1][gc,start     ] GC(26) Pause Initial Mark
[2020-02-28T02:01:26.645+0000][1][gc           ] GC(26) Pause Initial Mark 63M->63M(1015M) 136.494ms
[2020-02-28T02:01:26.645+0000][1][gc,cpu       ] GC(26) User=0.03s Sys=0.01s Real=0.13s
[2020-02-28T02:01:26.645+0000][1][safepoint    ] Safepoint "CMS_Initial_Mark", Time since last: 416809629 ns, Reaching safepoint: 17058511 ns, At safepoint: 136612039 ns, Total: 153670550 ns
[2020-02-28T02:01:26.656+0000][1][gc           ] GC(26) Concurrent Mark
[2020-02-28T02:01:26.773+0000][1][safepoint    ] Safepoint "CollectForMetadataAllocation", Time since last: 127864464 ns, Reaching safepoint: 39273 ns, At safepoint: 97908 ns, Total: 137181 ns
[2020-02-28T02:01:27.000+0000][1][safepoint    ] Safepoint "CollectForMetadataAllocation", Time since last: 204337238 ns, Reaching safepoint: 21957320 ns, At safepoint: 120182 ns, Total: 22077502 ns
[2020-02-28T02:01:27.008+0000][1][safepoint    ] Safepoint "CollectForMetadataAllocation", Time since last: 3888439 ns, Reaching safepoint: 4227593 ns, At safepoint: 32965 ns, Total: 4260558 ns
[2020-02-28T02:01:27.304+0000][1][safepoint    ] Safepoint "CollectForMetadataAllocation", Time since last: 295738037 ns, Reaching safepoint: 46649 ns, At safepoint: 109596 ns, Total: 156245 ns
[2020-02-28T02:01:27.369+0000][1][gc           ] GC(26) Concurrent Mark 713.240ms
[2020-02-28T02:01:27.369+0000][1][gc,cpu       ] GC(26) User=0.17s Sys=0.00s Real=0.72s
[2020-02-28T02:01:27.369+0000][1][gc           ] GC(26) Concurrent Preclean
[2020-02-28T02:01:27.381+0000][1][gc           ] GC(26) Concurrent Preclean 12.392ms
[2020-02-28T02:01:27.381+0000][1][gc,cpu       ] GC(26) User=0.00s Sys=0.00s Real=0.01s
[2020-02-28T02:01:27.381+0000][1][gc           ] GC(26) Concurrent Abortable Preclean
[2020-02-28T02:01:27.499+0000][1][safepoint    ] Safepoint "RevokeBias", Time since last: 195244842 ns, Reaching safepoint: 75760 ns, At safepoint: 12710 ns, Total: 88470 ns
[2020-02-28T02:01:28.081+0000][1][safepoint    ] Safepoint "CollectForMetadataAllocation", Time since last: 581646481 ns, Reaching safepoint: 77196 ns, At safepoint: 88084 ns, Total: 165280 ns
[2020-02-28T02:01:28.460+0000][1][safepoint    ] Safepoint "CollectForMetadataAllocation", Time since last: 368630977 ns, Reaching safepoint: 10259456 ns, At safepoint: 149398 ns, Total: 10408854 ns
[2020-02-28T02:01:29.470+0000][1][safepoint    ] Safepoint "Cleanup", Time since last: 1010303262 ns, Reaching safepoint: 88883 ns, At safepoint: 4462 ns, Total: 93345 ns
[2020-02-28T02:01:29.618+0000][1][safepoint    ] Safepoint "CollectForMetadataAllocation", Time since last: 147514107 ns, Reaching safepoint: 30608 ns, At safepoint: 188206 ns, Total: 218814 ns
[2020-02-28T02:01:29.992+0000][1][safepoint    ] Safepoint "CollectForMetadataAllocation", Time since last: 373365939 ns, Reaching safepoint: 410078 ns, At safepoint: 229909 ns, Total: 639987 ns
[2020-02-28T02:01:30.349+0000][1][safepoint    ] Safepoint "CollectForMetadataAllocation", Time since last: 356646356 ns, Reaching safepoint: 28617 ns, At safepoint: 110061 ns, Total: 138678 ns
[2020-02-28T02:01:30.412+0000][1][safepoint    ] Safepoint "CollectForMetadataAllocation", Time since last: 62577762 ns, Reaching safepoint: 45388 ns, At safepoint: 294372 ns, Total: 339760 ns
[2020-02-28T02:01:30.832+0000][1][safepoint    ] Safepoint "CollectForMetadataAllocation", Time since last: 419857264 ns, Reaching safepoint: 106600 ns, At safepoint: 335169 ns, Total: 441769 ns
[2020-02-28T02:01:31.006+0000][1][safepoint    ] Safepoint "CollectForMetadataAllocation", Time since last: 164515626 ns, Reaching safepoint: 8812317 ns, At safepoint: 154479 ns, Total: 8966796 ns
[2020-02-28T02:01:31.253+0000][1][safepoint    ] Safepoint "CollectForMetadataAllocation", Time since last: 246614909 ns, Reaching safepoint: 177172 ns, At safepoint: 355164 ns, Total: 532336 ns
[2020-02-28T02:01:31.384+0000][1][safepoint    ] Safepoint "BulkRevokeBias", Time since last: 129612847 ns, Reaching safepoint: 1372947 ns, At safepoint: 202993 ns, Total: 1575940 ns
[2020-02-28T02:01:31.411+0000][1][safepoint    ] Safepoint "CollectForMetadataAllocation", Time since last: 26317397 ns, Reaching safepoint: 35983 ns, At safepoint: 132301 ns, Total: 168284 ns
[2020-02-28T02:01:31.840+0000][1][safepoint    ] Safepoint "Deoptimize", Time since last: 428559874 ns, Reaching safepoint: 147941 ns, At safepoint: 586186 ns, Total: 734127 ns
[2020-02-28T02:01:32.014+0000][1][safepoint    ] Safepoint "CollectForMetadataAllocation", Time since last: 174056884 ns, Reaching safepoint: 57450 ns, At safepoint: 176149 ns, Total: 233599 ns
[2020-02-28T02:01:32.193+0000][1][safepoint    ] Safepoint "RevokeBias", Time since last: 178008564 ns, Reaching safepoint: 443478 ns, At safepoint: 34059 ns, Total: 477537 ns
[2020-02-28T02:01:32.216+0000][1][safepoint    ] Safepoint "RevokeBias", Time since last: 22928813 ns, Reaching safepoint: 46333 ns, At safepoint: 30751 ns, Total: 77084 ns
[2020-02-28T02:01:32.216+0000][1][safepoint    ] Safepoint "RevokeBias", Time since last: 136640 ns, Reaching safepoint: 20548 ns, At safepoint: 22768 ns, Total: 43316 ns
[2020-02-28T02:01:32.234+0000][1][safepoint    ] Safepoint "RevokeBias", Time since last: 18341538 ns, Reaching safepoint: 46193 ns, At safepoint: 30561 ns, Total: 76754 ns
[2020-02-28T02:01:32.384+0000][1][safepoint    ] Safepoint "CollectForMetadataAllocation", Time since last: 149225999 ns, Reaching safepoint: 144691 ns, At safepoint: 117008 ns, Total: 261699 ns
[2020-02-28T02:01:32.430+0000][1][gc           ] GC(26) Concurrent Abortable Preclean 5048.694ms
[2020-02-28T02:01:32.430+0000][1][gc,cpu       ] GC(26) User=1.62s Sys=0.10s Real=5.05s
[2020-02-28T02:01:32.433+0000][1][gc,start     ] GC(26) Pause Remark
[2020-02-28T02:01:32.552+0000][1][gc           ] GC(26) Pause Remark 95M->95M(1015M) 118.906ms
[2020-02-28T02:01:32.552+0000][1][gc,cpu       ] GC(26) User=0.03s Sys=0.01s Real=0.12s
[2020-02-28T02:01:32.552+0000][1][safepoint    ] Safepoint "CMS_Final_Remark", Time since last: 46497602 ns, Reaching safepoint: 2535575 ns, At safepoint: 119099302 ns, Total: 121634877 ns
[2020-02-28T02:01:32.553+0000][1][gc           ] GC(26) Concurrent Sweep
[2020-02-28T02:01:32.675+0000][1][gc           ] GC(26) Concurrent Sweep 121.009ms
[2020-02-28T02:01:32.675+0000][1][gc,cpu       ] GC(26) User=0.06s Sys=0.00s Real=0.12s
[2020-02-28T02:01:32.675+0000][1][gc           ] GC(26) Concurrent Reset
[2020-02-28T02:01:32.709+0000][1][gc           ] GC(26) Concurrent Reset 34.060ms
[2020-02-28T02:01:32.709+0000][1][gc,cpu       ] GC(26) User=0.02s Sys=0.00s Real=0.04s
[2020-02-28T02:01:32.797+0000][1][gc,heap      ] GC(26) Old: 51330K->51114K(963392K)
[2020-02-28T02:01:33.574+0000][1][safepoint    ] Safepoint "Cleanup", Time since last: 1004963089 ns, Reaching safepoint: 17659614 ns, At safepoint: 15242 ns, Total: 17674856 ns
[2020-02-28T02:01:34.507+0000][1][safepoint    ] Safepoint "Deoptimize", Time since last: 931551784 ns, Reaching safepoint: 44082 ns, At safepoint: 744567 ns, Total: 788649 ns
[2020-02-28T02:01:35.513+0000][1][safepoint    ] Safepoint "Cleanup", Time since last: 1002943022 ns, Reaching safepoint: 2961436 ns, At safepoint: 10215 ns, Total: 2971651 ns
[2020-02-28T02:01:36.254+0000][1][gc,start     ] GC(27) Pause Young (Allocation Failure)
[2020-02-28T02:01:36.254+0000][1][gc,task      ] GC(27) Using 1 workers of 1 for evacuation
[2020-02-28T02:01:36.411+0000][1][gc,age       ] GC(27) Desired survivor size 4358144 bytes, new threshold 2 (max threshold 6)
[2020-02-28T02:01:36.411+0000][1][gc,age       ] GC(27) Age table with threshold 2 (max threshold 6)
[2020-02-28T02:01:36.411+0000][1][gc,age       ] GC(27) - age   1:    3803160 bytes,    3803160 total
[2020-02-28T02:01:36.411+0000][1][gc,age       ] GC(27) - age   2:    1153840 bytes,    4957000 total
[2020-02-28T02:01:36.411+0000][1][gc,age       ] GC(27) - age   3:    2618840 bytes,    7575840 total
[2020-02-28T02:01:36.411+0000][1][gc,heap      ] GC(27) ParNew: 73265K->8381K(76672K)
[2020-02-28T02:01:36.411+0000][1][gc,heap      ] GC(27) CMS: 51114K->51114K(963392K)
[2020-02-28T02:01:36.411+0000][1][gc,metaspace ] GC(27) Metaspace: 63562K->63562K(1107968K)
[2020-02-28T02:01:36.411+0000][1][gc           ] GC(27) Pause Young (Allocation Failure) 121M->58M(1015M) 156.742ms
[2020-02-28T02:01:36.411+0000][1][gc,cpu       ] GC(27) User=0.04s Sys=0.00s Real=0.16s
[2020-02-28T02:01:36.411+0000][1][safepoint    ] Safepoint "GenCollectForAllocation", Time since last: 741313700 ns, Reaching safepoint: 129566 ns, At safepoint: 156791920 ns, Total: 156921486 ns
[2020-02-28T02:01:37.420+0000][1][safepoint    ] Safepoint "Cleanup", Time since last: 1004816267 ns, Reaching safepoint: 4000039 ns, At safepoint: 12169 ns, Total: 4012208 ns
[2020-02-28T02:01:38.454+0000][1][safepoint    ] Safepoint "Cleanup", Time since last: 1006021390 ns, Reaching safepoint: 28100353 ns, At safepoint: 6872 ns, Total: 28107225 ns
[2020-02-28T02:01:39.056+0000][1][safepoint    ] Safepoint "RevokeBias", Time since last: 586917219 ns, Reaching safepoint: 15085400 ns, At safepoint: 36030 ns, Total: 15121430 ns
[2020-02-28T02:01:39.059+0000][1][safepoint    ] Safepoint "RevokeBias", Time since last: 82483 ns, Reaching safepoint: 2593704 ns, At safepoint: 50620 ns, Total: 2644324 ns
[2020-02-28T02:01:39.061+0000][1][safepoint    ] Safepoint "RevokeBias", Time since last: 65419 ns, Reaching safepoint: 2157328 ns, At safepoint: 34898 ns, Total: 2192226 ns
[2020-02-28T02:01:39.064+0000][1][safepoint    ] Safepoint "RevokeBias", Time since last: 74467 ns, Reaching safepoint: 2877624 ns, At safepoint: 76111 ns, Total: 2953735 ns
[2020-02-28T02:01:39.067+0000][1][safepoint    ] Safepoint "RevokeBias", Time since last: 74975 ns, Reaching safepoint: 2634838 ns, At safepoint: 39236 ns, Total: 2674074 ns
[2020-02-28T02:01:39.069+0000][1][safepoint    ] Safepoint "RevokeBias", Time since last: 86430 ns, Reaching safepoint: 2175462 ns, At safepoint: 34997 ns, Total: 2210459 ns
[2020-02-28T02:01:39.072+0000][1][safepoint    ] Safepoint "RevokeBias", Time since last: 77588 ns, Reaching safepoint: 2641199 ns, At safepoint: 27958 ns, Total: 2669157 ns
[2020-02-28T02:01:39.076+0000][1][safepoint    ] Safepoint "RevokeBias", Time since last: 61220 ns, Reaching safepoint: 3991777 ns, At safepoint: 35183 ns, Total: 4026960 ns
[2020-02-28T02:01:39.078+0000][1][safepoint    ] Safepoint "Deoptimize", Time since last: 1853709 ns, Reaching safepoint: 33502 ns, At safepoint: 676238 ns, Total: 709740 ns
[2020-02-28T02:01:39.434+0000][1][safepoint    ] Safepoint "RevokeBias", Time since last: 355384256 ns, Reaching safepoint: 33244 ns, At safepoint: 21882 ns, Total: 55126 ns
[2020-02-28T02:01:39.434+0000][1][safepoint    ] Safepoint "RevokeBias", Time since last: 411784 ns, Reaching safepoint: 28846 ns, At safepoint: 16059 ns, Total: 44905 ns
[2020-02-28T02:01:39.455+0000][1][safepoint    ] Safepoint "RevokeBias", Time since last: 21055784 ns, Reaching safepoint: 36864 ns, At safepoint: 28940 ns, Total: 65804 ns
[2020-02-28T02:01:39.456+0000][1][safepoint    ] Safepoint "RevokeBias", Time since last: 588030 ns, Reaching safepoint: 30973 ns, At safepoint: 25296 ns, Total: 56269 ns
[2020-02-28T02:01:39.456+0000][1][safepoint    ] Safepoint "RevokeBias", Time since last: 48460 ns, Reaching safepoint: 25229 ns, At safepoint: 19292 ns, Total: 44521 ns
[2020-02-28T02:01:39.457+0000][1][safepoint    ] Safepoint "RevokeBias", Time since last: 310669 ns, Reaching safepoint: 23711 ns, At safepoint: 21372 ns, Total: 45083 ns
[2020-02-28T02:01:39.457+0000][1][safepoint    ] Safepoint "RevokeBias", Time since last: 151223 ns, Reaching safepoint: 25425 ns, At safepoint: 21030 ns, Total: 46455 ns
[2020-02-28T02:01:39.457+0000][1][safepoint    ] Safepoint "RevokeBias", Time since last: 34192 ns, Reaching safepoint: 23770 ns, At safepoint: 19007 ns, Total: 42777 ns
[2020-02-28T02:01:39.458+0000][1][safepoint    ] Safepoint "RevokeBias", Time since last: 686626 ns, Reaching safepoint: 25914 ns, At safepoint: 23571 ns, Total: 49485 ns
[2020-02-28T02:01:39.459+0000][1][safepoint    ] Safepoint "RevokeBias", Time since last: 954641 ns, Reaching safepoint: 31622 ns, At safepoint: 23064 ns, Total: 54686 ns
[2020-02-28T02:01:39.459+0000][1][safepoint    ] Safepoint "RevokeBias", Time since last: 123528 ns, Reaching safepoint: 27591 ns, At safepoint: 20781 ns, Total: 48372 ns
[2020-02-28T02:01:39.570+0000][1][safepoint    ] Safepoint "Deoptimize", Time since last: 110126500 ns, Reaching safepoint: 38745 ns, At safepoint: 702037 ns, Total: 740782 ns
[2020-02-28T02:01:39.983+0000][1][safepoint    ] Safepoint "RevokeBias", Time since last: 413549650 ns, Reaching safepoint: 47119 ns, At safepoint: 35590 ns, Total: 82709 ns
[2020-02-28T02:01:39.998+0000][1][safepoint    ] Safepoint "RevokeBias", Time since last: 14816702 ns, Reaching safepoint: 27119 ns, At safepoint: 17759 ns, Total: 44878 ns
[2020-02-28T02:01:39.998+0000][1][safepoint    ] Safepoint "RevokeBias", Time since last: 133949 ns, Reaching safepoint: 10199 ns, At safepoint: 10386 ns, Total: 20585 ns
[2020-02-28T02:01:40.000+0000][1][safepoint    ] Safepoint "RevokeBias", Time since last: 1945584 ns, Reaching safepoint: 17338 ns, At safepoint: 12337 ns, Total: 29675 ns
[2020-02-28T02:01:40.000+0000][1][safepoint    ] Safepoint "RevokeBias", Time since last: 57656 ns, Reaching safepoint: 12483 ns, At safepoint: 8755 ns, Total: 21238 ns
[2020-02-28T02:01:40.001+0000][1][safepoint    ] Safepoint "RevokeBias", Time since last: 325462 ns, Reaching safepoint: 15597 ns, At safepoint: 9917 ns, Total: 25514 ns
[2020-02-28T02:01:40.001+0000][1][safepoint    ] Safepoint "RevokeBias", Time since last: 56566 ns, Reaching safepoint: 11852 ns, At safepoint: 8093 ns, Total: 19945 ns
[2020-02-28T02:01:40.001+0000][1][safepoint    ] Safepoint "RevokeBias", Time since last: 24331 ns, Reaching safepoint: 10981 ns, At safepoint: 7314 ns, Total: 18295 ns
[2020-02-28T02:01:40.001+0000][1][safepoint    ] Safepoint "RevokeBias", Time since last: 211600 ns, Reaching safepoint: 14703 ns, At safepoint: 8788 ns, Total: 23491 ns
[2020-02-28T02:01:40.001+0000][1][safepoint    ] Safepoint "RevokeBias", Time since last: 173798 ns, Reaching safepoint: 12418 ns, At safepoint: 9973 ns, Total: 22391 ns
[2020-02-28T02:01:40.001+0000][1][safepoint    ] Safepoint "RevokeBias", Time since last: 27673 ns, Reaching safepoint: 9996 ns, At safepoint: 8491 ns, Total: 18487 ns
[2020-02-28T02:01:40.002+0000][1][safepoint    ] Safepoint "RevokeBias", Time since last: 480209 ns, Reaching safepoint: 13473 ns, At safepoint: 9183 ns, Total: 22656 ns
[2020-02-28T02:01:40.019+0000][1][safepoint    ] Safepoint "RevokeBias", Time since last: 16790216 ns, Reaching safepoint: 47249 ns, At safepoint: 26074 ns, Total: 73323 ns
[2020-02-28T02:01:40.027+0000][1][safepoint    ] Safepoint "RevokeBias", Time since last: 8328944 ns, Reaching safepoint: 42514 ns, At safepoint: 18145 ns, Total: 60659 ns
[2020-02-28T02:01:40.124+0000][1][safepoint    ] Safepoint "RevokeBias", Time since last: 97310125 ns, Reaching safepoint: 26466 ns, At safepoint: 15352 ns, Total: 41818 ns
[2020-02-28T02:01:40.138+0000][1][safepoint    ] Safepoint "RevokeBias", Time since last: 13849830 ns, Reaching safepoint: 26671 ns, At safepoint: 15984 ns, Total: 42655 ns
[2020-02-28T02:01:40.157+0000][1][safepoint    ] Safepoint "RevokeBias", Time since last: 12202752 ns, Reaching safepoint: 6456092 ns, At safepoint: 25560 ns, Total: 6481652 ns
[2020-02-28T02:01:40.168+0000][1][safepoint    ] Safepoint "RevokeBias", Time since last: 11240453 ns, Reaching safepoint: 67933 ns, At safepoint: 29897 ns, Total: 97830 ns
[2020-02-28T02:01:40.168+0000][1][safepoint    ] Safepoint "RevokeBias", Time since last: 60006 ns, Reaching safepoint: 23409 ns, At safepoint: 12376 ns, Total: 35785 ns
[2020-02-28T02:01:40.168+0000][1][safepoint    ] Safepoint "RevokeBias", Time since last: 34757 ns, Reaching safepoint: 21968 ns, At safepoint: 11765 ns, Total: 33733 ns
[2020-02-28T02:01:40.288+0000][1][safepoint    ] Safepoint "RevokeBias", Time since last: 119413892 ns, Reaching safepoint: 46943 ns, At safepoint: 15032 ns, Total: 61975 ns
[2020-02-28T02:01:40.288+0000][1][safepoint    ] Safepoint "RevokeBias", Time since last: 117598 ns, Reaching safepoint: 40302 ns, At safepoint: 24913 ns, Total: 65215 ns
[2020-02-28T02:01:40.371+0000][1][safepoint    ] Safepoint "RevokeBias", Time since last: 82898414 ns, Reaching safepoint: 49180 ns, At safepoint: 18936 ns, Total: 68116 ns
[2020-02-28T02:01:40.436+0000][1][safepoint    ] Safepoint "RevokeBias", Time since last: 64342933 ns, Reaching safepoint: 91590 ns, At safepoint: 48837 ns, Total: 140427 ns
[2020-02-28T02:01:40.436+0000][1][safepoint    ] Safepoint "RevokeBias", Time since last: 558669 ns, Reaching safepoint: 33534 ns, At safepoint: 11866 ns, Total: 45400 ns
[2020-02-28T02:01:40.436+0000][1][safepoint    ] Safepoint "RevokeBias", Time since last: 80453 ns, Reaching safepoint: 9895 ns, At safepoint: 7986 ns, Total: 17881 ns
[2020-02-28T02:01:40.459+0000][1][safepoint    ] Safepoint "RevokeBias", Time since last: 22421178 ns, Reaching safepoint: 72941 ns, At safepoint: 19782 ns, Total: 92723 ns
[2020-02-28T02:01:40.476+0000][1][safepoint    ] Safepoint "RevokeBias", Time since last: 17165807 ns, Reaching safepoint: 91992 ns, At safepoint: 19091 ns, Total: 111083 ns
[2020-02-28T02:01:40.526+0000][1][safepoint    ] Safepoint "RevokeBias", Time since last: 50215503 ns, Reaching safepoint: 46152 ns, At safepoint: 16400 ns, Total: 62552 ns
[2020-02-28T02:01:40.527+0000][1][safepoint    ] Safepoint "RevokeBias", Time since last: 383077 ns, Reaching safepoint: 34305 ns, At safepoint: 25746 ns, Total: 60051 ns
[2020-02-28T02:01:40.582+0000][1][safepoint    ] Safepoint "RevokeBias", Time since last: 55391715 ns, Reaching safepoint: 40748 ns, At safepoint: 35307 ns, Total: 76055 ns
[2020-02-28T02:01:40.646+0000][1][safepoint    ] Safepoint "RevokeBias", Time since last: 63446014 ns, Reaching safepoint: 35194 ns, At safepoint: 14930 ns, Total: 50124 ns
[2020-02-28T02:01:40.682+0000][1][safepoint    ] Safepoint "RevokeBias", Time since last: 28178126 ns, Reaching safepoint: 7956842 ns, At safepoint: 24594 ns, Total: 7981436 ns
[2020-02-28T02:01:40.683+0000][1][safepoint    ] Safepoint "RevokeBias", Time since last: 144131 ns, Reaching safepoint: 1412866 ns, At safepoint: 24480 ns, Total: 1437346 ns
[2020-02-28T02:01:40.728+0000][1][safepoint    ] Safepoint "RevokeBias", Time since last: 22684812 ns, Reaching safepoint: 21758392 ns, At safepoint: 25338 ns, Total: 21783730 ns
[2020-02-28T02:01:40.883+0000][1][safepoint    ] Safepoint "BulkRevokeBias", Time since last: 154814207 ns, Reaching safepoint: 40041 ns, At safepoint: 119235 ns, Total: 159276 ns
[2020-02-28T02:01:40.976+0000][1][safepoint    ] Safepoint "RevokeBias", Time since last: 93117934 ns, Reaching safepoint: 137058 ns, At safepoint: 22218 ns, Total: 159276 ns
[2020-02-28T02:01:40.977+0000][1][safepoint    ] Safepoint "RevokeBias", Time since last: 455386 ns, Reaching safepoint: 46877 ns, At safepoint: 15458 ns, Total: 62335 ns
[2020-02-28T02:01:40.977+0000][1][safepoint    ] Safepoint "RevokeBias", Time since last: 243367 ns, Reaching safepoint: 28949 ns, At safepoint: 13991 ns, Total: 42940 ns
[2020-02-28T02:01:41.225+0000][1][safepoint    ] Safepoint "RevokeBias", Time since last: 248327920 ns, Reaching safepoint: 59835 ns, At safepoint: 50092 ns, Total: 109927 ns
[2020-02-28T02:01:41.260+0000][1][safepoint    ] Safepoint "RevokeBias", Time since last: 22340169 ns, Reaching safepoint: 12196212 ns, At safepoint: 26168 ns, Total: 12222380 ns
[2020-02-28T02:01:41.262+0000][1][safepoint    ] Safepoint "RevokeBias", Time since last: 97959 ns, Reaching safepoint: 1718402 ns, At safepoint: 55871 ns, Total: 1774273 ns
[2020-02-28T02:01:41.266+0000][1][safepoint    ] Safepoint "RevokeBias", Time since last: 2196991 ns, Reaching safepoint: 1825397 ns, At safepoint: 55274 ns, Total: 1880671 ns
[2020-02-28T02:01:41.268+0000][1][safepoint    ] Safepoint "RevokeBias", Time since last: 199685 ns, Reaching safepoint: 1842382 ns, At safepoint: 28089 ns, Total: 1870471 ns
[2020-02-28T02:01:41.274+0000][1][safepoint    ] Safepoint "RevokeBias", Time since last: 74850 ns, Reaching safepoint: 5545474 ns, At safepoint: 21449 ns, Total: 5566923 ns
[2020-02-28T02:01:41.421+0000][1][safepoint    ] Safepoint "RevokeBias", Time since last: 107639171 ns, Reaching safepoint: 39226432 ns, At safepoint: 33748 ns, Total: 39260180 ns
[2020-02-28T02:01:41.425+0000][1][safepoint    ] Safepoint "RevokeBias", Time since last: 656644 ns, Reaching safepoint: 3441036 ns, At safepoint: 29008 ns, Total: 3470044 ns
[2020-02-28T02:01:41.428+0000][1][safepoint    ] Safepoint "RevokeBias", Time since last: 319583 ns, Reaching safepoint: 2800440 ns, At safepoint: 43226 ns, Total: 2843666 ns
[2020-02-28T02:01:41.436+0000][1][safepoint    ] Safepoint "RevokeBias", Time since last: 4470657 ns, Reaching safepoint: 3363750 ns, At safepoint: 60163 ns, Total: 3423913 ns
[2020-02-28T02:01:41.438+0000][1][safepoint    ] Safepoint "RevokeBias", Time since last: 75986 ns, Reaching safepoint: 1942041 ns, At safepoint: 39344 ns, Total: 1981385 ns
[2020-02-28T02:01:41.462+0000][1][safepoint    ] Safepoint "RevokeBias", Time since last: 1309602 ns, Reaching safepoint: 22813953 ns, At safepoint: 47474 ns, Total: 22861427 ns
[2020-02-28T02:01:41.466+0000][1][safepoint    ] Safepoint "RevokeBias", Time since last: 219408 ns, Reaching safepoint: 3430654 ns, At safepoint: 78884 ns, Total: 3509538 ns
[2020-02-28T02:01:41.470+0000][1][safepoint    ] Safepoint "RevokeBias", Time since last: 765788 ns, Reaching safepoint: 3285823 ns, At safepoint: 29642 ns, Total: 3315465 ns
[2020-02-28T02:01:41.552+0000][1][safepoint    ] Safepoint "RevokeBias", Time since last: 2344350 ns, Reaching safepoint: 79863803 ns, At safepoint: 33965 ns, Total: 79897768 ns
[2020-02-28T02:01:41.559+0000][1][safepoint    ] Safepoint "RevokeBias", Time since last: 317981 ns, Reaching safepoint: 6294652 ns, At safepoint: 22098 ns, Total: 6316750 ns
[2020-02-28T02:01:41.562+0000][1][safepoint    ] Safepoint "RevokeBias", Time since last: 723235 ns, Reaching safepoint: 2356976 ns, At safepoint: 17483 ns, Total: 2374459 ns
[2020-02-28T02:01:41.871+0000][1][safepoint    ] Safepoint "RevokeBias", Time since last: 284364448 ns, Reaching safepoint: 24815930 ns, At safepoint: 35318 ns, Total: 24851248 ns
[2020-02-28T02:01:41.888+0000][1][safepoint    ] Safepoint "RevokeBias", Time since last: 144704 ns, Reaching safepoint: 16838790 ns, At safepoint: 68171 ns, Total: 16906961 ns
[2020-02-28T02:01:41.899+0000][1][safepoint    ] Safepoint "RevokeBias", Time since last: 6533151 ns, Reaching safepoint: 4076149 ns, At safepoint: 44453 ns, Total: 4120602 ns
[2020-02-28T02:01:41.913+0000][1][safepoint    ] Safepoint "RevokeBias", Time since last: 2022342 ns, Reaching safepoint: 11801488 ns, At safepoint: 36013 ns, Total: 11837501 ns
[2020-02-28T02:01:41.946+0000][1][safepoint    ] Safepoint "RevokeBias", Time since last: 5986438 ns, Reaching safepoint: 27089905 ns, At safepoint: 35358 ns, Total: 27125263 ns
[2020-02-28T02:01:42.048+0000][1][safepoint    ] Safepoint "RevokeBias", Time since last: 80562841 ns, Reaching safepoint: 21474364 ns, At safepoint: 15831 ns, Total: 21490195 ns
[2020-02-28T02:01:42.065+0000][1][safepoint    ] Safepoint "RevokeBias", Time since last: 3015825 ns, Reaching safepoint: 14248575 ns, At safepoint: 54821 ns, Total: 14303396 ns
[2020-02-28T02:01:42.072+0000][1][safepoint    ] Safepoint "RevokeBias", Time since last: 248496 ns, Reaching safepoint: 6624740 ns, At safepoint: 15548 ns, Total: 6640288 ns
[2020-02-28T02:01:42.098+0000][1][safepoint    ] Safepoint "RevokeBias", Time since last: 13097161 ns, Reaching safepoint: 12594337 ns, At safepoint: 16063 ns, Total: 12610400 ns
[2020-02-28T02:01:42.166+0000][1][safepoint    ] Safepoint "RevokeBias", Time since last: 54340048 ns, Reaching safepoint: 13694505 ns, At safepoint: 14665 ns, Total: 13709170 ns
[2020-02-28T02:01:42.182+0000][1][safepoint    ] Safepoint "RevokeBias", Time since last: 131996 ns, Reaching safepoint: 15981462 ns, At safepoint: 14486 ns, Total: 15995948 ns
[2020-02-28T02:01:42.184+0000][1][safepoint    ] Safepoint "RevokeBias", Time since last: 1747935 ns, Reaching safepoint: 55124 ns, At safepoint: 59310 ns, Total: 114434 ns
[2020-02-28T02:01:42.468+0000][1][safepoint    ] Safepoint "RevokeBias", Time since last: 284658619 ns, Reaching safepoint: 142916 ns, At safepoint: 22525 ns, Total: 165441 ns
[2020-02-28T02:01:42.469+0000][1][safepoint    ] Safepoint "RevokeBias", Time since last: 939896 ns, Reaching safepoint: 50588 ns, At safepoint: 5784 ns, Total: 56372 ns
[2020-02-28T02:01:42.474+0000][1][safepoint    ] Safepoint "RevokeBias", Time since last: 4327761 ns, Reaching safepoint: 154083 ns, At safepoint: 87802 ns, Total: 241885 ns
[2020-02-28T02:01:42.499+0000][1][safepoint    ] Safepoint "RevokeBias", Time since last: 25097729 ns, Reaching safepoint: 70411 ns, At safepoint: 57719 ns, Total: 128130 ns
[2020-02-28T02:01:42.500+0000][1][safepoint    ] Safepoint "RevokeBias", Time since last: 114824 ns, Reaching safepoint: 45144 ns, At safepoint: 142517 ns, Total: 187661 ns
[2020-02-28T02:01:42.612+0000][1][safepoint    ] Safepoint "RevokeBias", Time since last: 110348336 ns, Reaching safepoint: 1590903 ns, At safepoint: 28229 ns, Total: 1619132 ns
[2020-02-28T02:01:42.627+0000][1][safepoint    ] Safepoint "RevokeBias", Time since last: 165770 ns, Reaching safepoint: 15225167 ns, At safepoint: 14322 ns, Total: 15239489 ns
[2020-02-28T02:01:42.637+0000][1][safepoint    ] Safepoint "RevokeBias", Time since last: 1008653 ns, Reaching safepoint: 9229381 ns, At safepoint: 15404 ns, Total: 9244785 ns
[2020-02-28T02:01:42.638+0000][1][safepoint    ] Safepoint "RevokeBias", Time since last: 685195 ns, Reaching safepoint: 94251 ns, At safepoint: 35998 ns, Total: 130249 ns
[2020-02-28T02:01:42.639+0000][1][safepoint    ] Safepoint "RevokeBias", Time since last: 586360 ns, Reaching safepoint: 46299 ns, At safepoint: 17115 ns, Total: 63414 ns
[2020-02-28T02:01:42.697+0000][1][safepoint    ] Safepoint "RevokeBias", Time since last: 58408475 ns, Reaching safepoint: 105518 ns, At safepoint: 7554 ns, Total: 113072 ns
[2020-02-28T02:01:42.697+0000][1][safepoint    ] Safepoint "RevokeBias", Time since last: 58825 ns, Reaching safepoint: 38202 ns, At safepoint: 4433 ns, Total: 42635 ns
[2020-02-28T02:01:42.725+0000][1][safepoint    ] Safepoint "RevokeBias", Time since last: 27729408 ns, Reaching safepoint: 76279 ns, At safepoint: 9599 ns, Total: 85878 ns
[2020-02-28T02:01:42.725+0000][1][safepoint    ] Safepoint "RevokeBias", Time since last: 59453 ns, Reaching safepoint: 40798 ns, At safepoint: 4613 ns, Total: 45411 ns
[2020-02-28T02:01:42.823+0000][1][gc,start     ] GC(28) Pause Young (Allocation Failure)
[2020-02-28T02:01:42.823+0000][1][gc,task      ] GC(28) Using 1 workers of 1 for evacuation
[2020-02-28T02:01:43.280+0000][1][gc,age       ] GC(28) Desired survivor size 4358144 bytes, new threshold 2 (max threshold 6)
[2020-02-28T02:01:43.280+0000][1][gc,age       ] GC(28) Age table with threshold 2 (max threshold 6)
[2020-02-28T02:01:43.280+0000][1][gc,age       ] GC(28) - age   1:    2558968 bytes,    2558968 total
[2020-02-28T02:01:43.280+0000][1][gc,age       ] GC(28) - age   2:    3336360 bytes,    5895328 total
[2020-02-28T02:01:43.280+0000][1][gc,heap      ] GC(28) ParNew: 76541K->6596K(76672K)
[2020-02-28T02:01:43.280+0000][1][gc,heap      ] GC(28) CMS: 51114K->54823K(963392K)
[2020-02-28T02:01:43.280+0000][1][gc,metaspace ] GC(28) Metaspace: 70512K->70512K(1114112K)
[2020-02-28T02:01:43.280+0000][1][gc           ] GC(28) Pause Young (Allocation Failure) 124M->59M(1015M) 457.240ms
[2020-02-28T02:01:43.280+0000][1][gc,cpu       ] GC(28) User=0.07s Sys=0.03s Real=0.46s
[2020-02-28T02:01:43.280+0000][1][safepoint    ] Safepoint "GenCollectForAllocation", Time since last: 97706935 ns, Reaching safepoint: 57929 ns, At safepoint: 457318327 ns, Total: 457376256 ns
[2020-02-28T02:01:43.327+0000][1][safepoint    ] Safepoint "RevokeBias", Time since last: 23490953 ns, Reaching safepoint: 23710157 ns, At safepoint: 13668 ns, Total: 23723825 ns
[2020-02-28T02:01:43.332+0000][1][safepoint    ] Safepoint "RevokeBias", Time since last: 2566187 ns, Reaching safepoint: 1622691 ns, At safepoint: 9108 ns, Total: 1631799 ns
[2020-02-28T02:01:43.365+0000][1][safepoint    ] Safepoint "RevokeBias", Time since last: 32825753 ns, Reaching safepoint: 84414 ns, At safepoint: 8108 ns, Total: 92522 ns
[2020-02-28T02:01:43.367+0000][1][safepoint    ] Safepoint "RevokeBias", Time since last: 2101868 ns, Reaching safepoint: 97845 ns, At safepoint: 7894 ns, Total: 105739 ns
[2020-02-28T02:01:43.367+0000][1][safepoint    ] Safepoint "RevokeBias", Time since last: 331071 ns, Reaching safepoint: 41916 ns, At safepoint: 5346 ns, Total: 47262 ns
[2020-02-28T02:01:43.367+0000][1][safepoint    ] Safepoint "RevokeBias", Time since last: 36401 ns, Reaching safepoint: 37843 ns, At safepoint: 4304 ns, Total: 42147 ns
[2020-02-28T02:01:43.367+0000][1][safepoint    ] Safepoint "RevokeBias", Time since last: 130886 ns, Reaching safepoint: 38751 ns, At safepoint: 4630 ns, Total: 43381 ns
[2020-02-28T02:01:43.376+0000][1][safepoint    ] Safepoint "RevokeBias", Time since last: 8166597 ns, Reaching safepoint: 68527 ns, At safepoint: 7280 ns, Total: 75807 ns
[2020-02-28T02:01:43.398+0000][1][safepoint    ] Safepoint "RevokeBias", Time since last: 22252268 ns, Reaching safepoint: 235600 ns, At safepoint: 7346 ns, Total: 242946 ns
[2020-02-28T02:01:43.404+0000][1][safepoint    ] Safepoint "RevokeBias", Time since last: 240729 ns, Reaching safepoint: 5289184 ns, At safepoint: 12206 ns, Total: 5301390 ns
[2020-02-28T02:01:43.456+0000][1][safepoint    ] Safepoint "RevokeBias", Time since last: 51752271 ns, Reaching safepoint: 72807 ns, At safepoint: 7244 ns, Total: 80051 ns
[2020-02-28T02:01:43.456+0000][1][safepoint    ] Safepoint "RevokeBias", Time since last: 56572 ns, Reaching safepoint: 45971 ns, At safepoint: 4636 ns, Total: 50607 ns
[2020-02-28T02:01:43.513+0000][1][safepoint    ] Safepoint "Deoptimize", Time since last: 56571520 ns, Reaching safepoint: 67320 ns, At safepoint: 1137131 ns, Total: 1204451 ns
[2020-02-28T02:01:43.594+0000][1][safepoint    ] Safepoint "RevokeBias", Time since last: 68592996 ns, Reaching safepoint: 11704010 ns, At safepoint: 16420 ns, Total: 11720430 ns
[2020-02-28T02:01:43.641+0000][1][safepoint    ] Safepoint "RevokeBias", Time since last: 47480726 ns, Reaching safepoint: 62889 ns, At safepoint: 15404 ns, Total: 78293 ns
[2020-02-28T02:01:43.641+0000][1][safepoint    ] Safepoint "RevokeBias", Time since last: 109802 ns, Reaching safepoint: 40923 ns, At safepoint: 10652 ns, Total: 51575 ns
[2020-02-28T02:01:43.742+0000][1][safepoint    ] Safepoint "RevokeBias", Time since last: 86183700 ns, Reaching safepoint: 13937172 ns, At safepoint: 18535 ns, Total: 13955707 ns
[2020-02-28T02:01:43.743+0000][1][safepoint    ] Safepoint "RevokeBias", Time since last: 1430772 ns, Reaching safepoint: 79830 ns, At safepoint: 14653 ns, Total: 94483 ns
[2020-02-28T02:01:43.833+0000][1][safepoint    ] Safepoint "RevokeBias", Time since last: 74451816 ns, Reaching safepoint: 15237174 ns, At safepoint: 17070 ns, Total: 15254244 ns
[2020-02-28T02:01:43.996+0000][1][safepoint    ] Safepoint "Deoptimize", Time since last: 161986907 ns, Reaching safepoint: 110757 ns, At safepoint: 719322 ns, Total: 830079 ns
[2020-02-28T02:01:44.602+0000][1][safepoint    ] Safepoint "BulkRevokeBias", Time since last: 606141538 ns, Reaching safepoint: 88780 ns, At safepoint: 213130 ns, Total: 301910 ns
[2020-02-28T02:01:44.602+0000][1][safepoint    ] Safepoint "RevokeBias", Time since last: 65490 ns, Reaching safepoint: 45485 ns, At safepoint: 5376 ns, Total: 50861 ns
[2020-02-28T02:01:44.749+0000][1][safepoint    ] Safepoint "RevokeBias", Time since last: 147021299 ns, Reaching safepoint: 108475 ns, At safepoint: 28797 ns, Total: 137272 ns
[2020-02-28T02:01:44.750+0000][1][safepoint    ] Safepoint "RevokeBias", Time since last: 254251 ns, Reaching safepoint: 25104 ns, At safepoint: 10350 ns, Total: 35454 ns
[2020-02-28T02:01:45.590+0000][1][safepoint    ] Safepoint "BulkRevokeBias", Time since last: 809239743 ns, Reaching safepoint: 30742857 ns, At safepoint: 267288 ns, Total: 31010145 ns
[2020-02-28T02:01:45.746+0000][1][safepoint    ] Safepoint "RevokeBias", Time since last: 151485102 ns, Reaching safepoint: 4484085 ns, At safepoint: 14255 ns, Total: 4498340 ns
[2020-02-28T02:01:45.767+0000][1][safepoint    ] Safepoint "RevokeBias", Time since last: 20557149 ns, Reaching safepoint: 67889 ns, At safepoint: 16365 ns, Total: 84254 ns
[2020-02-28T02:01:45.806+0000][1][safepoint    ] Safepoint "RevokeBias", Time since last: 38916461 ns, Reaching safepoint: 56256 ns, At safepoint: 13483 ns, Total: 69739 ns
[2020-02-28T02:01:45.903+0000][1][safepoint    ] Safepoint "RevokeBias", Time since last: 97131808 ns, Reaching safepoint: 58983 ns, At safepoint: 7869 ns, Total: 66852 ns
[2020-02-28T02:01:45.926+0000][1][safepoint    ] Safepoint "RevokeBias", Time since last: 22966539 ns, Reaching safepoint: 164407 ns, At safepoint: 27570 ns, Total: 191977 ns
[2020-02-28T02:01:46.062+0000][1][safepoint    ] Safepoint "RevokeBias", Time since last: 136224649 ns, Reaching safepoint: 122657 ns, At safepoint: 9572 ns, Total: 132229 ns
[2020-02-28T02:01:46.094+0000][1][safepoint    ] Safepoint "RevokeBias", Time since last: 31659081 ns, Reaching safepoint: 72856 ns, At safepoint: 34625 ns, Total: 107481 ns
[2020-02-28T02:01:46.107+0000][1][safepoint    ] Safepoint "RevokeBias", Time since last: 12661130 ns, Reaching safepoint: 66239 ns, At safepoint: 7666 ns, Total: 73905 ns
[2020-02-28T02:01:46.107+0000][1][safepoint    ] Safepoint "RevokeBias", Time since last: 62470 ns, Reaching safepoint: 103408 ns, At safepoint: 20788 ns, Total: 124196 ns
[2020-02-28T02:01:46.107+0000][1][safepoint    ] Safepoint "RevokeBias", Time since last: 35407 ns, Reaching safepoint: 33420 ns, At safepoint: 4320 ns, Total: 37740 ns
[2020-02-28T02:01:46.107+0000][1][safepoint    ] Safepoint "RevokeBias", Time since last: 26383 ns, Reaching safepoint: 33137 ns, At safepoint: 4282 ns, Total: 37419 ns
[2020-02-28T02:01:46.107+0000][1][safepoint    ] Safepoint "RevokeBias", Time since last: 26108 ns, Reaching safepoint: 32992 ns, At safepoint: 4390 ns, Total: 37382 ns
[2020-02-28T02:01:46.107+0000][1][safepoint    ] Safepoint "RevokeBias", Time since last: 25577 ns, Reaching safepoint: 32710 ns, At safepoint: 4248 ns, Total: 36958 ns
[2020-02-28T02:01:46.107+0000][1][safepoint    ] Safepoint "RevokeBias", Time since last: 24723 ns, Reaching safepoint: 32931 ns, At safepoint: 4236 ns, Total: 37167 ns
[2020-02-28T02:01:46.705+0000][1][safepoint    ] Safepoint "RevokeBias", Time since last: 598108956 ns, Reaching safepoint: 62275 ns, At safepoint: 6984 ns, Total: 69259 ns
[2020-02-28T02:01:46.720+0000][1][safepoint    ] Safepoint "RevokeBias", Time since last: 14482058 ns, Reaching safepoint: 59596 ns, At safepoint: 6834 ns, Total: 66430 ns
[2020-02-28T02:01:46.818+0000][1][safepoint    ] Safepoint "RevokeBias", Time since last: 98239068 ns, Reaching safepoint: 63280 ns, At safepoint: 7171 ns, Total: 70451 ns
[2020-02-28T02:01:46.938+0000][1][safepoint    ] Safepoint "RevokeBias", Time since last: 119684412 ns, Reaching safepoint: 70399 ns, At safepoint: 7276 ns, Total: 77675 ns
[2020-02-28T02:01:46.941+0000][1][safepoint    ] Safepoint "RevokeBias", Time since last: 2689042 ns, Reaching safepoint: 58765 ns, At safepoint: 6995 ns, Total: 65760 ns
[2020-02-28T02:01:46.950+0000][1][safepoint    ] Safepoint "RevokeBias", Time since last: 9303771 ns, Reaching safepoint: 55178 ns, At safepoint: 6884 ns, Total: 62062 ns
[2020-02-28T02:01:47.221+0000][1][safepoint    ] Safepoint "RevokeBias", Time since last: 270789109 ns, Reaching safepoint: 64441 ns, At safepoint: 6977 ns, Total: 71418 ns
[2020-02-28T02:01:47.222+0000][1][safepoint    ] Safepoint "RevokeBias", Time since last: 704472 ns, Reaching safepoint: 44583 ns, At safepoint: 5817 ns, Total: 50400 ns
[2020-02-28T02:01:48.041+0000][1][safepoint    ] Safepoint "RevokeBias", Time since last: 818857056 ns, Reaching safepoint: 60552 ns, At safepoint: 103504 ns, Total: 164056 ns
[2020-02-28T02:01:48.213+0000][1][safepoint    ] Safepoint "RevokeBias", Time since last: 171706954 ns, Reaching safepoint: 54261 ns, At safepoint: 7203 ns, Total: 61464 ns
[2020-02-28T02:01:48.257+0000][1][safepoint    ] Safepoint "RevokeBias", Time since last: 44597409 ns, Reaching safepoint: 39705 ns, At safepoint: 7262 ns, Total: 46967 ns
[2020-02-28T02:01:48.311+0000][1][safepoint    ] Safepoint "RevokeBias", Time since last: 44868381 ns, Reaching safepoint: 8702397 ns, At safepoint: 15817 ns, Total: 8718214 ns
[2020-02-28T02:01:48.351+0000][1][safepoint    ] Safepoint "RevokeBias", Time since last: 39586828 ns, Reaching safepoint: 1036660 ns, At safepoint: 18138 ns, Total: 1054798 ns
[2020-02-28T02:01:48.726+0000][1][safepoint    ] Safepoint "RevokeBias", Time since last: 374849597 ns, Reaching safepoint: 56960 ns, At safepoint: 6675 ns, Total: 63635 ns
[2020-02-28T02:01:48.822+0000][1][safepoint    ] Safepoint "RevokeBias", Time since last: 95380620 ns, Reaching safepoint: 37472 ns, At safepoint: 11564 ns, Total: 49036 ns
[2020-02-28T02:01:48.837+0000][1][safepoint    ] Safepoint "RevokeBias", Time since last: 14916787 ns, Reaching safepoint: 37151 ns, At safepoint: 12017 ns, Total: 49168 ns
[2020-02-28T02:01:48.838+0000][1][safepoint    ] Safepoint "RevokeBias", Time since last: 987993 ns, Reaching safepoint: 27038 ns, At safepoint: 8965 ns, Total: 36003 ns
[2020-02-28T02:01:48.838+0000][1][safepoint    ] Safepoint "RevokeBias", Time since last: 147934 ns, Reaching safepoint: 31379 ns, At safepoint: 7908 ns, Total: 39287 ns
[2020-02-28T02:01:48.838+0000][1][safepoint    ] Safepoint "RevokeBias", Time since last: 57688 ns, Reaching safepoint: 14389 ns, At safepoint: 6949 ns, Total: 21338 ns
[2020-02-28T02:01:48.838+0000][1][safepoint    ] Safepoint "BulkRevokeBias", Time since last: 45227 ns, Reaching safepoint: 14222 ns, At safepoint: 138605 ns, Total: 152827 ns
[2020-02-28T02:01:48.920+0000][1][safepoint    ] Safepoint "RevokeBias", Time since last: 81337927 ns, Reaching safepoint: 62513 ns, At safepoint: 87347 ns, Total: 149860 ns
[2020-02-28T02:01:49.929+0000][1][safepoint    ] Safepoint "Cleanup", Time since last: 1008982591 ns, Reaching safepoint: 76346 ns, At safepoint: 4937 ns, Total: 81283 ns
[2020-02-28T02:01:50.929+0000][1][safepoint    ] Safepoint "Cleanup", Time since last: 1000421402 ns, Reaching safepoint: 89817 ns, At safepoint: 7102 ns, Total: 96919 ns
[2020-02-28T02:01:51.087+0000][1][safepoint    ] Safepoint "RevokeBias", Time since last: 155275154 ns, Reaching safepoint: 2802094 ns, At safepoint: 21156 ns, Total: 2823250 ns
[2020-02-28T02:01:51.390+0000][1][safepoint    ] Safepoint "RevokeBias", Time since last: 302382634 ns, Reaching safepoint: 65917 ns, At safepoint: 8003 ns, Total: 73920 ns
[2020-02-28T02:01:51.442+0000][1][safepoint    ] Safepoint "RevokeBias", Time since last: 52523272 ns, Reaching safepoint: 72397 ns, At safepoint: 7874 ns, Total: 80271 ns
[2020-02-28T02:01:51.768+0000][1][safepoint    ] Safepoint "RevokeBias", Time since last: 276434166 ns, Reaching safepoint: 49560063 ns, At safepoint: 21438 ns, Total: 49581501 ns
[2020-02-28T02:01:51.772+0000][1][safepoint    ] Safepoint "RevokeBias", Time since last: 3136579 ns, Reaching safepoint: 72369 ns, At safepoint: 44258 ns, Total: 116627 ns
[2020-02-28T02:01:51.855+0000][1][safepoint    ] Safepoint "RevokeBias", Time since last: 82713253 ns, Reaching safepoint: 59858 ns, At safepoint: 14675 ns, Total: 74533 ns
[2020-02-28T02:01:51.980+0000][1][safepoint    ] Safepoint "RevokeBias", Time since last: 125147178 ns, Reaching safepoint: 117257 ns, At safepoint: 23934 ns, Total: 141191 ns
[2020-02-28T02:01:51.980+0000][1][safepoint    ] Safepoint "RevokeBias", Time since last: 55023 ns, Reaching safepoint: 114845 ns, At safepoint: 21696 ns, Total: 136541 ns
[2020-02-28T02:01:52.983+0000][1][safepoint    ] Safepoint "Cleanup", Time since last: 1002623307 ns, Reaching safepoint: 92353 ns, At safepoint: 6040 ns, Total: 98393 ns
[2020-02-28T02:01:53.492+0000][1][safepoint    ] Safepoint "RevokeBias", Time since last: 509528085 ns, Reaching safepoint: 47482 ns, At safepoint: 7106 ns, Total: 54588 ns
[2020-02-28T02:01:53.566+0000][1][safepoint    ] Safepoint "RevokeBias", Time since last: 73336015 ns, Reaching safepoint: 53739 ns, At safepoint: 13502 ns, Total: 67241 ns
[2020-02-28T02:01:53.646+0000][1][safepoint    ] Safepoint "RevokeBias", Time since last: 80223625 ns, Reaching safepoint: 61226 ns, At safepoint: 13813 ns, Total: 75039 ns
[2020-02-28T02:01:53.678+0000][1][safepoint    ] Safepoint "RevokeBias", Time since last: 31895898 ns, Reaching safepoint: 111034 ns, At safepoint: 33689 ns, Total: 144723 ns
[2020-02-28T02:01:53.783+0000][1][safepoint    ] Safepoint "RevokeBias", Time since last: 104844090 ns, Reaching safepoint: 38293 ns, At safepoint: 13869 ns, Total: 52162 ns
[2020-02-28T02:01:53.783+0000][1][safepoint    ] Safepoint "RevokeBias", Time since last: 76069 ns, Reaching safepoint: 17706 ns, At safepoint: 7921 ns, Total: 25627 ns
[2020-02-28T02:01:54.533+0000][1][safepoint    ] Safepoint "RevokeBias", Time since last: 750201641 ns, Reaching safepoint: 58640 ns, At safepoint: 15146 ns, Total: 73786 ns
[2020-02-28T02:01:54.534+0000][1][safepoint    ] Safepoint "RevokeBias", Time since last: 327736 ns, Reaching safepoint: 39202 ns, At safepoint: 11646 ns, Total: 50848 ns
[2020-02-28T02:01:54.697+0000][1][safepoint    ] Safepoint "Deoptimize", Time since last: 162398176 ns, Reaching safepoint: 67648 ns, At safepoint: 755032 ns, Total: 822680 ns
[2020-02-28T02:01:54.727+0000][1][safepoint    ] Safepoint "Deoptimize", Time since last: 29074670 ns, Reaching safepoint: 97352 ns, At safepoint: 790878 ns, Total: 888230 ns
[2020-02-28T02:01:55.729+0000][1][safepoint    ] Safepoint "Cleanup", Time since last: 1001562750 ns, Reaching safepoint: 114997 ns, At safepoint: 6311 ns, Total: 121308 ns
[2020-02-28T02:01:56.235+0000][1][safepoint    ] Safepoint "RevokeBias", Time since last: 496154527 ns, Reaching safepoint: 10746856 ns, At safepoint: 19633 ns, Total: 10766489 ns
[2020-02-28T02:01:56.645+0000][1][safepoint    ] Safepoint "RevokeBias", Time since last: 409822914 ns, Reaching safepoint: 81568 ns, At safepoint: 18210 ns, Total: 99778 ns
[2020-02-28T02:01:57.004+0000][1][safepoint    ] Safepoint "RevokeBias", Time since last: 358345928 ns, Reaching safepoint: 69568 ns, At safepoint: 7433 ns, Total: 77001 ns
[2020-02-28T02:01:57.056+0000][1][gc,start     ] GC(29) Pause Young (Allocation Failure)
[2020-02-28T02:01:57.056+0000][1][gc,task      ] GC(29) Using 1 workers of 1 for evacuation
[2020-02-28T02:01:58.130+0000][1][gc,age       ] GC(29) Desired survivor size 4358144 bytes, new threshold 6 (max threshold 6)
[2020-02-28T02:01:58.130+0000][1][gc,age       ] GC(29) Age table with threshold 6 (max threshold 6)
[2020-02-28T02:01:58.130+0000][1][gc,age       ] GC(29) - age   1:    1801000 bytes,    1801000 total
[2020-02-28T02:01:58.130+0000][1][gc,age       ] GC(29) - age   2:    2340464 bytes,    4141464 total
[2020-02-28T02:01:58.130+0000][1][gc,heap      ] GC(29) ParNew: 74756K->5966K(76672K)
[2020-02-28T02:01:58.130+0000][1][gc,heap      ] GC(29) CMS: 54823K->58195K(963392K)
[2020-02-28T02:01:58.130+0000][1][gc,metaspace ] GC(29) Metaspace: 76977K->76977K(1120256K)
[2020-02-28T02:01:58.130+0000][1][gc           ] GC(29) Pause Young (Allocation Failure) 126M->62M(1015M) 1074.197ms
[2020-02-28T02:01:58.130+0000][1][gc,cpu       ] GC(29) User=0.14s Sys=0.03s Real=1.08s
[2020-02-28T02:01:58.130+0000][1][safepoint    ] Safepoint "GenCollectForAllocation", Time since last: 52196636 ns, Reaching safepoint: 72628 ns, At safepoint: 1074252675 ns, Total: 1074325303 ns
[2020-02-28T02:01:59.135+0000][1][safepoint    ] Safepoint "Cleanup", Time since last: 1004183643 ns, Reaching safepoint: 79371 ns, At safepoint: 7233 ns, Total: 86604 ns
[2020-02-28T02:01:59.204+0000][1][safepoint    ] Safepoint "RevokeBias", Time since last: 69550466 ns, Reaching safepoint: 41210 ns, At safepoint: 15753 ns, Total: 56963 ns
[2020-02-28T02:02:01.771+0000][1][safepoint    ] Safepoint "RevokeBias", Time since last: 2563936974 ns, Reaching safepoint: 2454717 ns, At safepoint: 33796 ns, Total: 2488513 ns
[2020-02-28T02:02:04.283+0000][1][safepoint    ] Safepoint "RevokeBias", Time since last: 2512514956 ns, Reaching safepoint: 69082 ns, At safepoint: 17789 ns, Total: 86871 ns
[2020-02-28T02:02:05.289+0000][1][safepoint    ] Safepoint "Cleanup", Time since last: 1006032633 ns, Reaching safepoint: 79774 ns, At safepoint: 6872 ns, Total: 86646 ns
[2020-02-28T02:02:06.292+0000][1][safepoint    ] Safepoint "Cleanup", Time since last: 1002407654 ns, Reaching safepoint: 75375 ns, At safepoint: 7315 ns, Total: 82690 ns
[2020-02-28T02:02:06.802+0000][1][safepoint    ] Safepoint "RevokeBias", Time since last: 510266625 ns, Reaching safepoint: 78411 ns, At safepoint: 22130 ns, Total: 100541 ns
[2020-02-28T02:02:07.404+0000][1][safepoint    ] Safepoint "RevokeBias", Time since last: 602020187 ns, Reaching safepoint: 58530 ns, At safepoint: 14275 ns, Total: 72805 ns
[2020-02-28T02:02:07.405+0000][1][safepoint    ] Safepoint "RevokeBias", Time since last: 240719 ns, Reaching safepoint: 62574 ns, At safepoint: 44663 ns, Total: 107237 ns
[2020-02-28T02:02:08.406+0000][1][safepoint    ] Safepoint "Cleanup", Time since last: 1000995598 ns, Reaching safepoint: 70939 ns, At safepoint: 6355 ns, Total: 77294 ns
[2020-02-28T02:02:09.322+0000][1][safepoint    ] Safepoint "RevokeBias", Time since last: 916570369 ns, Reaching safepoint: 67509 ns, At safepoint: 17909 ns, Total: 85418 ns
[2020-02-28T02:02:11.843+0000][1][safepoint    ] Safepoint "RevokeBias", Time since last: 2520789219 ns, Reaching safepoint: 78466 ns, At safepoint: 19661 ns, Total: 98127 ns
[2020-02-28T02:02:13.845+0000][1][safepoint    ] Safepoint "Cleanup", Time since last: 2001439465 ns, Reaching safepoint: 75645 ns, At safepoint: 6912 ns, Total: 82557 ns
[2020-02-28T02:02:14.372+0000][1][safepoint    ] Safepoint "RevokeBias", Time since last: 527363024 ns, Reaching safepoint: 43972 ns, At safepoint: 16927 ns, Total: 60899 ns
[2020-02-28T02:02:15.373+0000][1][safepoint    ] Safepoint "Cleanup", Time since last: 1000362495 ns, Reaching safepoint: 75692 ns, At safepoint: 6414 ns, Total: 82106 ns
[2020-02-28T02:02:16.373+0000][1][safepoint    ] Safepoint "Cleanup", Time since last: 1000198449 ns, Reaching safepoint: 90570 ns, At safepoint: 7899 ns, Total: 98469 ns
[2020-02-28T02:02:16.888+0000][1][safepoint    ] Safepoint "RevokeBias", Time since last: 515425431 ns, Reaching safepoint: 68728 ns, At safepoint: 16440 ns, Total: 85168 ns
[2020-02-28T02:02:18.896+0000][1][safepoint    ] Safepoint "Cleanup", Time since last: 2007119099 ns, Reaching safepoint: 88486 ns, At safepoint: 7267 ns, Total: 95753 ns
[2020-02-28T02:02:19.055+0000][1][safepoint    ] Safepoint "RevokeBias", Time since last: 159529191 ns, Reaching safepoint: 72577 ns, At safepoint: 13960 ns, Total: 86537 ns
[2020-02-28T02:02:19.055+0000][1][safepoint    ] Safepoint "RevokeBias", Time since last: 57656 ns, Reaching safepoint: 45855 ns, At safepoint: 9789 ns, Total: 55644 ns
[2020-02-28T02:02:19.517+0000][1][safepoint    ] Safepoint "RevokeBias", Time since last: 460981694 ns, Reaching safepoint: 88227 ns, At safepoint: 34577 ns, Total: 122804 ns
[2020-02-28T02:02:20.726+0000][1][safepoint    ] Safepoint "RevokeBias", Time since last: 1209407696 ns, Reaching safepoint: 42139 ns, At safepoint: 17361 ns, Total: 59500 ns
[2020-02-28T02:02:20.834+0000][1][safepoint    ] Safepoint "RevokeBias", Time since last: 108301986 ns, Reaching safepoint: 115698 ns, At safepoint: 27723 ns, Total: 143421 ns
[2020-02-28T02:02:20.835+0000][1][safepoint    ] Safepoint "RevokeBias", Time since last: 76742 ns, Reaching safepoint: 23559 ns, At safepoint: 18451 ns, Total: 42010 ns
[2020-02-28T02:02:21.835+0000][1][safepoint    ] Safepoint "Cleanup", Time since last: 1000494658 ns, Reaching safepoint: 97686 ns, At safepoint: 8219 ns, Total: 105905 ns
[2020-02-28T02:02:22.056+0000][1][safepoint    ] Safepoint "BulkRevokeBias", Time since last: 220969306 ns, Reaching safepoint: 124870 ns, At safepoint: 176167 ns, Total: 301037 ns
[2020-02-28T02:02:23.057+0000][1][safepoint    ] Safepoint "Cleanup", Time since last: 1000402542 ns, Reaching safepoint: 84920 ns, At safepoint: 8416 ns, Total: 93336 ns
[2020-02-28T02:02:24.057+0000][1][safepoint    ] Safepoint "Cleanup", Time since last: 1000337138 ns, Reaching safepoint: 129152 ns, At safepoint: 7221 ns, Total: 136373 ns
[2020-02-28T02:02:24.571+0000][1][safepoint    ] Safepoint "RevokeBias", Time since last: 513700643 ns, Reaching safepoint: 131787 ns, At safepoint: 20253 ns, Total: 152040 ns
[2020-02-28T02:02:27.082+0000][1][safepoint    ] Safepoint "RevokeBias", Time since last: 2510620516 ns, Reaching safepoint: 70124 ns, At safepoint: 43673 ns, Total: 113797 ns
[2020-02-28T02:02:29.083+0000][1][safepoint    ] Safepoint "Cleanup", Time since last: 2000584859 ns, Reaching safepoint: 86582 ns, At safepoint: 8615 ns, Total: 95197 ns
[2020-02-28T02:02:29.598+0000][1][safepoint    ] Safepoint "RevokeBias", Time since last: 515486461 ns, Reaching safepoint: 118634 ns, At safepoint: 21857 ns, Total: 140491 ns
[2020-02-28T02:02:32.109+0000][1][safepoint    ] Safepoint "RevokeBias", Time since last: 2510691554 ns, Reaching safepoint: 114135 ns, At safepoint: 19497 ns, Total: 133632 ns
[2020-02-28T02:02:33.110+0000][1][safepoint    ] Safepoint "Cleanup", Time since last: 1000280883 ns, Reaching safepoint: 81968 ns, At safepoint: 7253 ns, Total: 89221 ns
[2020-02-28T02:02:34.120+0000][1][safepoint    ] Safepoint "Cleanup", Time since last: 1010200798 ns, Reaching safepoint: 75678 ns, At safepoint: 6928 ns, Total: 82606 ns
[2020-02-28T02:02:34.625+0000][1][safepoint    ] Safepoint "RevokeBias", Time since last: 505536982 ns, Reaching safepoint: 40913 ns, At safepoint: 16037 ns, Total: 56950 ns
[2020-02-28T02:02:36.626+0000][1][safepoint    ] Safepoint "Cleanup", Time since last: 2000532622 ns, Reaching safepoint: 83098 ns, At safepoint: 7926 ns, Total: 91024 ns
[2020-02-28T02:02:37.141+0000][1][safepoint    ] Safepoint "RevokeBias", Time since last: 514777198 ns, Reaching safepoint: 82976 ns, At safepoint: 21106 ns, Total: 104082 ns
[2020-02-28T02:02:39.142+0000][1][safepoint    ] Safepoint "Cleanup", Time since last: 2000810410 ns, Reaching safepoint: 99077 ns, At safepoint: 8524 ns, Total: 107601 ns
[2020-02-28T02:02:39.653+0000][1][safepoint    ] Safepoint "RevokeBias", Time since last: 511500231 ns, Reaching safepoint: 86229 ns, At safepoint: 19255 ns, Total: 105484 ns
[2020-02-28T02:02:41.658+0000][1][safepoint    ] Safepoint "Cleanup", Time since last: 2004354303 ns, Reaching safepoint: 116636 ns, At safepoint: 8937 ns, Total: 125573 ns
[2020-02-28T02:02:41.663+0000][1][safepoint    ] Safepoint "RevokeBias", Time since last: 5163035 ns, Reaching safepoint: 73237 ns, At safepoint: 21814 ns, Total: 95051 ns
[2020-02-28T02:02:41.663+0000][1][safepoint    ] Safepoint "RevokeBias", Time since last: 131502 ns, Reaching safepoint: 52002 ns, At safepoint: 16992 ns, Total: 68994 ns
[2020-02-28T02:02:42.177+0000][1][safepoint    ] Safepoint "RevokeBias", Time since last: 513809736 ns, Reaching safepoint: 59913 ns, At safepoint: 17147 ns, Total: 77060 ns
[2020-02-28T02:02:44.183+0000][1][safepoint    ] Safepoint "Cleanup", Time since last: 2005710694 ns, Reaching safepoint: 78056 ns, At safepoint: 6678 ns, Total: 84734 ns
[2020-02-28T02:02:44.691+0000][1][safepoint    ] Safepoint "RevokeBias", Time since last: 506162062 ns, Reaching safepoint: 1780614 ns, At safepoint: 26499 ns, Total: 1807113 ns
[2020-02-28T02:02:47.196+0000][1][safepoint    ] Safepoint "RevokeBias", Time since last: 2505292190 ns, Reaching safepoint: 74344 ns, At safepoint: 20450 ns, Total: 94794 ns
[2020-02-28T02:02:49.199+0000][1][safepoint    ] Safepoint "Cleanup", Time since last: 2002569009 ns, Reaching safepoint: 87474 ns, At safepoint: 9072 ns, Total: 96546 ns
[2020-02-28T02:02:49.705+0000][1][safepoint    ] Safepoint "RevokeBias", Time since last: 506285645 ns, Reaching safepoint: 78016 ns, At safepoint: 20831 ns, Total: 98847 ns
[2020-02-28T02:02:52.215+0000][1][safepoint    ] Safepoint "RevokeBias", Time since last: 2509400720 ns, Reaching safepoint: 72143 ns, At safepoint: 17834 ns, Total: 89977 ns
[2020-02-28T02:02:54.218+0000][1][safepoint    ] Safepoint "Cleanup", Time since last: 2003442412 ns, Reaching safepoint: 80383 ns, At safepoint: 6248 ns, Total: 86631 ns
[2020-02-28T02:02:54.725+0000][1][safepoint    ] Safepoint "RevokeBias", Time since last: 505971651 ns, Reaching safepoint: 78747 ns, At safepoint: 21978 ns, Total: 100725 ns
[2020-02-28T02:02:57.232+0000][1][safepoint    ] Safepoint "RevokeBias", Time since last: 2507594423 ns, Reaching safepoint: 66589 ns, At safepoint: 17549 ns, Total: 84138 ns
[2020-02-28T02:02:58.233+0000][1][safepoint    ] Safepoint "Cleanup", Time since last: 1000385493 ns, Reaching safepoint: 84770 ns, At safepoint: 7159 ns, Total: 91929 ns
[2020-02-28T02:02:59.233+0000][1][safepoint    ] Safepoint "Cleanup", Time since last: 1000652521 ns, Reaching safepoint: 93708 ns, At safepoint: 8445 ns, Total: 102153 ns
[2020-02-28T02:02:59.744+0000][1][safepoint    ] Safepoint "RevokeBias", Time since last: 510948759 ns, Reaching safepoint: 81073 ns, At safepoint: 21355 ns, Total: 102428 ns
[2020-02-28T02:03:02.266+0000][1][safepoint    ] Safepoint "RevokeBias", Time since last: 2521595556 ns, Reaching safepoint: 65597 ns, At safepoint: 18935 ns, Total: 84532 ns
[2020-02-28T02:03:04.786+0000][1][safepoint    ] Safepoint "RevokeBias", Time since last: 2519655608 ns, Reaching safepoint: 43443 ns, At safepoint: 14640 ns, Total: 58083 ns
[2020-02-28T02:03:05.786+0000][1][safepoint    ] Safepoint "Cleanup", Time since last: 1000145757 ns, Reaching safepoint: 114872 ns, At safepoint: 10589 ns, Total: 125461 ns
[2020-02-28T02:03:07.314+0000][1][safepoint    ] Safepoint "RevokeBias", Time since last: 1528012570 ns, Reaching safepoint: 71602 ns, At safepoint: 48662 ns, Total: 120264 ns
[2020-02-28T02:03:08.316+0000][1][safepoint    ] Safepoint "Cleanup", Time since last: 1001578851 ns, Reaching safepoint: 78948 ns, At safepoint: 6422 ns, Total: 85370 ns
[2020-02-28T02:03:09.825+0000][1][safepoint    ] Safepoint "RevokeBias", Time since last: 1509227849 ns, Reaching safepoint: 71865 ns, At safepoint: 19129 ns, Total: 90994 ns
[2020-02-28T02:03:11.830+0000][1][safepoint    ] Safepoint "Cleanup", Time since last: 2004497880 ns, Reaching safepoint: 77858 ns, At safepoint: 6281 ns, Total: 84139 ns
[2020-02-28T02:03:12.354+0000][1][safepoint    ] Safepoint "RevokeBias", Time since last: 523792255 ns, Reaching safepoint: 52032 ns, At safepoint: 16423 ns, Total: 68455 ns
[2020-02-28T02:03:13.354+0000][1][safepoint    ] Safepoint "Cleanup", Time since last: 1000432000 ns, Reaching safepoint: 89790 ns, At safepoint: 8178 ns, Total: 97968 ns
[2020-02-28T02:03:14.355+0000][1][safepoint    ] Safepoint "Cleanup", Time since last: 1000178527 ns, Reaching safepoint: 85438 ns, At safepoint: 7710 ns, Total: 93148 ns
[2020-02-28T02:03:14.876+0000][1][safepoint    ] Safepoint "RevokeBias", Time since last: 520899265 ns, Reaching safepoint: 79783 ns, At safepoint: 20346 ns, Total: 100129 ns
[2020-02-28T02:03:15.876+0000][1][safepoint    ] Safepoint "Cleanup", Time since last: 1000691620 ns, Reaching safepoint: 92059 ns, At safepoint: 8515 ns, Total: 100574 ns
[2020-02-28T02:03:17.398+0000][1][safepoint    ] Safepoint "RevokeBias", Time since last: 1521730653 ns, Reaching safepoint: 70078 ns, At safepoint: 18676 ns, Total: 88754 ns
[2020-02-28T02:03:19.402+0000][1][safepoint    ] Safepoint "Cleanup", Time since last: 2003822739 ns, Reaching safepoint: 81698 ns, At safepoint: 7198 ns, Total: 88896 ns
[2020-02-28T02:03:19.917+0000][1][safepoint    ] Safepoint "RevokeBias", Time since last: 514423268 ns, Reaching safepoint: 80432 ns, At safepoint: 20146 ns, Total: 100578 ns
[2020-02-28T02:03:22.432+0000][1][safepoint    ] Safepoint "RevokeBias", Time since last: 2515056912 ns, Reaching safepoint: 89600 ns, At safepoint: 20537 ns, Total: 110137 ns
[2020-02-28T02:03:24.433+0000][1][safepoint    ] Safepoint "Cleanup", Time since last: 2001535477 ns, Reaching safepoint: 84514 ns, At safepoint: 7744 ns, Total: 92258 ns
[2020-02-28T02:03:24.948+0000][1][safepoint    ] Safepoint "RevokeBias", Time since last: 514909145 ns, Reaching safepoint: 75060 ns, At safepoint: 20350 ns, Total: 95410 ns
[2020-02-28T02:03:26.967+0000][1][safepoint    ] Safepoint "Cleanup", Time since last: 2018319582 ns, Reaching safepoint: 82000 ns, At safepoint: 6607 ns, Total: 88607 ns
[2020-02-28T02:03:27.467+0000][1][safepoint    ] Safepoint "RevokeBias", Time since last: 500329168 ns, Reaching safepoint: 83806 ns, At safepoint: 18863 ns, Total: 102669 ns
[2020-02-28T02:03:29.468+0000][1][safepoint    ] Safepoint "Cleanup", Time since last: 2001090220 ns, Reaching safepoint: 93585 ns, At safepoint: 8243 ns, Total: 101828 ns
[2020-02-28T02:03:29.976+0000][1][safepoint    ] Safepoint "RevokeBias", Time since last: 507458844 ns, Reaching safepoint: 69041 ns, At safepoint: 16641 ns, Total: 85682 ns
[2020-02-28T02:03:32.493+0000][1][safepoint    ] Safepoint "RevokeBias", Time since last: 2516634086 ns, Reaching safepoint: 57366 ns, At safepoint: 17706 ns, Total: 75072 ns
[2020-02-28T02:03:35.008+0000][1][safepoint    ] Safepoint "BulkRevokeBias", Time since last: 2514648033 ns, Reaching safepoint: 71492 ns, At safepoint: 344551 ns, Total: 416043 ns
[2020-02-28T02:03:37.531+0000][1][safepoint    ] Safepoint "RevokeBias", Time since last: 2523554553 ns, Reaching safepoint: 133021 ns, At safepoint: 18041 ns, Total: 151062 ns
[2020-02-28T02:03:40.049+0000][1][safepoint    ] Safepoint "RevokeBias", Time since last: 2517363687 ns, Reaching safepoint: 67244 ns, At safepoint: 16837 ns, Total: 84081 ns
[2020-02-28T02:03:42.050+0000][1][safepoint    ] Safepoint "Cleanup", Time since last: 2000626268 ns, Reaching safepoint: 98757 ns, At safepoint: 7168 ns, Total: 105925 ns
[2020-02-28T02:03:42.568+0000][1][safepoint    ] Safepoint "RevokeBias", Time since last: 518392600 ns, Reaching safepoint: 66435 ns, At safepoint: 18384 ns, Total: 84819 ns
[2020-02-28T02:03:43.569+0000][1][safepoint    ] Safepoint "Cleanup", Time since last: 1000508078 ns, Reaching safepoint: 96391 ns, At safepoint: 8638 ns, Total: 105029 ns
[2020-02-28T02:03:45.078+0000][1][safepoint    ] Safepoint "RevokeBias", Time since last: 1509687733 ns, Reaching safepoint: 88204 ns, At safepoint: 21334 ns, Total: 109538 ns
[2020-02-28T02:03:46.079+0000][1][safepoint    ] Safepoint "Cleanup", Time since last: 1000752564 ns, Reaching safepoint: 93687 ns, At safepoint: 8532 ns, Total: 102219 ns
[2020-02-28T02:03:47.080+0000][1][safepoint    ] Safepoint "Cleanup", Time since last: 1000931536 ns, Reaching safepoint: 96651 ns, At safepoint: 9578 ns, Total: 106229 ns
[2020-02-28T02:03:47.712+0000][1][safepoint    ] Safepoint "RevokeBias", Time since last: 631316199 ns, Reaching safepoint: 66460 ns, At safepoint: 18207 ns, Total: 84667 ns
[2020-02-28T02:03:49.713+0000][1][safepoint    ] Safepoint "Cleanup", Time since last: 2001014459 ns, Reaching safepoint: 87059 ns, At safepoint: 6802 ns, Total: 93861 ns
[2020-02-28T02:03:50.233+0000][1][safepoint    ] Safepoint "RevokeBias", Time since last: 520163393 ns, Reaching safepoint: 71545 ns, At safepoint: 17103 ns, Total: 88648 ns
[2020-02-28T02:03:51.234+0000][1][safepoint    ] Safepoint "Cleanup", Time since last: 1000532638 ns, Reaching safepoint: 99984 ns, At safepoint: 10611 ns, Total: 110595 ns
[2020-02-28T02:03:52.751+0000][1][safepoint    ] Safepoint "RevokeBias", Time since last: 1516899509 ns, Reaching safepoint: 71844 ns, At safepoint: 17581 ns, Total: 89425 ns
[2020-02-28T02:03:55.274+0000][1][safepoint    ] Safepoint "RevokeBias", Time since last: 2523233157 ns, Reaching safepoint: 82334 ns, At safepoint: 21547 ns, Total: 103881 ns
[2020-02-28T02:03:56.274+0000][1][safepoint    ] Safepoint "Cleanup", Time since last: 1000208730 ns, Reaching safepoint: 85276 ns, At safepoint: 7203 ns, Total: 92479 ns
[2020-02-28T02:03:57.275+0000][1][safepoint    ] Safepoint "Cleanup", Time since last: 1000493259 ns, Reaching safepoint: 96170 ns, At safepoint: 8634 ns, Total: 104804 ns
[2020-02-28T02:03:57.798+0000][1][safepoint    ] Safepoint "RevokeBias", Time since last: 522896247 ns, Reaching safepoint: 68434 ns, At safepoint: 17236 ns, Total: 85670 ns
[2020-02-28T02:04:00.308+0000][1][safepoint    ] Safepoint "RevokeBias", Time since last: 2510270582 ns, Reaching safepoint: 72193 ns, At safepoint: 18886 ns, Total: 91079 ns
[2020-02-28T02:04:02.826+0000][1][safepoint    ] Safepoint "RevokeBias", Time since last: 2517857100 ns, Reaching safepoint: 68127 ns, At safepoint: 17947 ns, Total: 86074 ns
[2020-02-28T02:04:05.310+0000][1][gc,start     ] GC(30) Pause Young (Allocation Failure)
[2020-02-28T02:04:05.310+0000][1][gc,task      ] GC(30) Using 1 workers of 1 for evacuation
[2020-02-28T02:04:05.346+0000][1][gc,age       ] GC(30) Desired survivor size 4358144 bytes, new threshold 6 (max threshold 6)
[2020-02-28T02:04:05.346+0000][1][gc,age       ] GC(30) Age table with threshold 6 (max threshold 6)
[2020-02-28T02:04:05.346+0000][1][gc,age       ] GC(30) - age   1:     271880 bytes,     271880 total
[2020-02-28T02:04:05.346+0000][1][gc,age       ] GC(30) - age   2:    1713696 bytes,    1985576 total
[2020-02-28T02:04:05.346+0000][1][gc,age       ] GC(30) - age   3:    2339952 bytes,    4325528 total
[2020-02-28T02:04:05.346+0000][1][gc,heap      ] GC(30) ParNew: 74126K->4525K(76672K)
[2020-02-28T02:04:05.346+0000][1][gc,heap      ] GC(30) CMS: 58195K->58195K(963392K)
[2020-02-28T02:04:05.346+0000][1][gc,metaspace ] GC(30) Metaspace: 77974K->77974K(1120256K)
[2020-02-28T02:04:05.346+0000][1][gc           ] GC(30) Pause Young (Allocation Failure) 129M->61M(1015M) 36.346ms
[2020-02-28T02:04:05.346+0000][1][gc,cpu       ] GC(30) User=0.02s Sys=0.00s Real=0.03s
[2020-02-28T02:04:05.346+0000][1][safepoint    ] Safepoint "GenCollectForAllocation", Time since last: 2483582315 ns, Reaching safepoint: 74896 ns, At safepoint: 36404920 ns, Total: 36479816 ns
[2020-02-28T02:04:05.456+0000][1][safepoint    ] Safepoint "RevokeBias", Time since last: 109622782 ns, Reaching safepoint: 118285 ns, At safepoint: 18361 ns, Total: 136646 ns
[2020-02-28T02:04:07.986+0000][1][safepoint    ] Safepoint "RevokeBias", Time since last: 2523993398 ns, Reaching safepoint: 5658790 ns, At safepoint: 24244 ns, Total: 5683034 ns
[2020-02-28T02:04:08.987+0000][1][safepoint    ] Safepoint "Cleanup", Time since last: 1000748073 ns, Reaching safepoint: 98506 ns, At safepoint: 9672 ns, Total: 108178 ns
[2020-02-28T02:04:10.492+0000][1][safepoint    ] Safepoint "RevokeBias", Time since last: 1505450920 ns, Reaching safepoint: 86496 ns, At safepoint: 22020 ns, Total: 108516 ns
[2020-02-28T02:04:12.493+0000][1][safepoint    ] Safepoint "Cleanup", Time since last: 2000882755 ns, Reaching safepoint: 103606 ns, At safepoint: 7405 ns, Total: 111011 ns
[2020-02-28T02:04:13.012+0000][1][safepoint    ] Safepoint "RevokeBias", Time since last: 518886722 ns, Reaching safepoint: 65757 ns, At safepoint: 16485 ns, Total: 82242 ns
[2020-02-28T02:04:14.013+0000][1][safepoint    ] Safepoint "Cleanup", Time since last: 1001082280 ns, Reaching safepoint: 96117 ns, At safepoint: 10230 ns, Total: 106347 ns
[2020-02-28T02:04:15.015+0000][1][safepoint    ] Safepoint "Cleanup", Time since last: 1001424961 ns, Reaching safepoint: 79269 ns, At safepoint: 5313 ns, Total: 84582 ns
[2020-02-28T02:04:15.528+0000][1][safepoint    ] Safepoint "RevokeBias", Time since last: 513420398 ns, Reaching safepoint: 67379 ns, At safepoint: 16932 ns, Total: 84311 ns
[2020-02-28T02:04:18.045+0000][1][safepoint    ] Safepoint "RevokeBias", Time since last: 2516171363 ns, Reaching safepoint: 46531 ns, At safepoint: 16365 ns, Total: 62896 ns
[2020-02-28T02:04:19.045+0000][1][safepoint    ] Safepoint "Cleanup", Time since last: 1000620915 ns, Reaching safepoint: 95235 ns, At safepoint: 9807 ns, Total: 105042 ns
[2020-02-28T02:04:20.553+0000][1][safepoint    ] Safepoint "RevokeBias", Time since last: 1507075264 ns, Reaching safepoint: 76832 ns, At safepoint: 19532 ns, Total: 96364 ns
[2020-02-28T02:04:21.553+0000][1][safepoint    ] Safepoint "Cleanup", Time since last: 1000695344 ns, Reaching safepoint: 84519 ns, At safepoint: 7430 ns, Total: 91949 ns
[2020-02-28T02:04:23.071+0000][1][safepoint    ] Safepoint "RevokeBias", Time since last: 1517163427 ns, Reaching safepoint: 86818 ns, At safepoint: 17923 ns, Total: 104741 ns
[2020-02-28T02:04:25.606+0000][1][safepoint    ] Safepoint "RevokeBias", Time since last: 2535420100 ns, Reaching safepoint: 49804 ns, At safepoint: 16617 ns, Total: 66421 ns
[2020-02-28T02:04:28.132+0000][1][safepoint    ] Safepoint "RevokeBias", Time since last: 2525550948 ns, Reaching safepoint: 95173 ns, At safepoint: 17202 ns, Total: 112375 ns
[2020-02-28T02:04:29.132+0000][1][safepoint    ] Safepoint "Cleanup", Time since last: 1000294802 ns, Reaching safepoint: 104229 ns, At safepoint: 7740 ns, Total: 111969 ns
[2020-02-28T02:04:30.133+0000][1][safepoint    ] Safepoint "Cleanup", Time since last: 1000277400 ns, Reaching safepoint: 94653 ns, At safepoint: 8948 ns, Total: 103601 ns
[2020-02-28T02:04:30.639+0000][1][safepoint    ] Safepoint "RevokeBias", Time since last: 506250530 ns, Reaching safepoint: 70046 ns, At safepoint: 17903 ns, Total: 87949 ns
[2020-02-28T02:04:33.167+0000][1][safepoint    ] Safepoint "RevokeBias", Time since last: 2528490808 ns, Reaching safepoint: 74918 ns, At safepoint: 17810 ns, Total: 92728 ns
[2020-02-28T02:04:35.694+0000][1][safepoint    ] Safepoint "RevokeBias", Time since last: 2526185685 ns, Reaching safepoint: 46592 ns, At safepoint: 14964 ns, Total: 61556 ns
[2020-02-28T02:04:38.211+0000][1][safepoint    ] Safepoint "RevokeBias", Time since last: 2516874972 ns, Reaching safepoint: 79032 ns, At safepoint: 18854 ns, Total: 97886 ns
[2020-02-28T02:04:39.211+0000][1][safepoint    ] Safepoint "Cleanup", Time since last: 1000419871 ns, Reaching safepoint: 99125 ns, At safepoint: 9746 ns, Total: 108871 ns
[2020-02-28T02:04:40.725+0000][1][safepoint    ] Safepoint "RevokeBias", Time since last: 1514126682 ns, Reaching safepoint: 67826 ns, At safepoint: 18232 ns, Total: 86058 ns
[2020-02-28T02:04:41.726+0000][1][safepoint    ] Safepoint "Cleanup", Time since last: 1000522976 ns, Reaching safepoint: 99769 ns, At safepoint: 7036 ns, Total: 106805 ns
[2020-02-28T02:04:42.726+0000][1][safepoint    ] Safepoint "Cleanup", Time since last: 1000312985 ns, Reaching safepoint: 88545 ns, At safepoint: 6165 ns, Total: 94710 ns
[2020-02-28T02:04:43.244+0000][1][safepoint    ] Safepoint "RevokeBias", Time since last: 517198534 ns, Reaching safepoint: 49909 ns, At safepoint: 17027 ns, Total: 66936 ns
[2020-02-28T02:04:45.758+0000][1][safepoint    ] Safepoint "RevokeBias", Time since last: 2514361139 ns, Reaching safepoint: 74989 ns, At safepoint: 18445 ns, Total: 93434 ns
[2020-02-28T02:04:46.759+0000][1][safepoint    ] Safepoint "Cleanup", Time since last: 1000930813 ns, Reaching safepoint: 94002 ns, At safepoint: 9490 ns, Total: 103492 ns
[2020-02-28T02:04:47.760+0000][1][safepoint    ] Safepoint "Cleanup", Time since last: 1000600121 ns, Reaching safepoint: 94097 ns, At safepoint: 7935 ns, Total: 102032 ns
[2020-02-28T02:04:48.279+0000][1][safepoint    ] Safepoint "BulkRevokeBias", Time since last: 519102191 ns, Reaching safepoint: 49617 ns, At safepoint: 227356 ns, Total: 276973 ns
[2020-02-28T02:04:49.280+0000][1][safepoint    ] Safepoint "Cleanup", Time since last: 1000638136 ns, Reaching safepoint: 98817 ns, At safepoint: 8065 ns, Total: 106882 ns
[2020-02-28T02:04:50.799+0000][1][safepoint    ] Safepoint "RevokeBias", Time since last: 1518463274 ns, Reaching safepoint: 73463 ns, At safepoint: 17113 ns, Total: 90576 ns
[2020-02-28T02:04:51.799+0000][1][safepoint    ] Safepoint "Cleanup", Time since last: 1000524199 ns, Reaching safepoint: 96159 ns, At safepoint: 8792 ns, Total: 104951 ns
[2020-02-28T02:04:53.329+0000][1][safepoint    ] Safepoint "RevokeBias", Time since last: 1529773791 ns, Reaching safepoint: 50742 ns, At safepoint: 16546 ns, Total: 67288 ns
[2020-02-28T02:04:55.848+0000][1][safepoint    ] Safepoint "RevokeBias", Time since last: 2519004982 ns, Reaching safepoint: 51181 ns, At safepoint: 16240 ns, Total: 67421 ns
[2020-02-28T02:04:58.364+0000][1][safepoint    ] Safepoint "RevokeBias", Time since last: 2515816151 ns, Reaching safepoint: 49151 ns, At safepoint: 16134 ns, Total: 65285 ns
[2020-02-28T02:05:00.874+0000][1][safepoint    ] Safepoint "RevokeBias", Time since last: 2509784515 ns, Reaching safepoint: 85029 ns, At safepoint: 22046 ns, Total: 107075 ns
[2020-02-28T02:05:03.384+0000][1][safepoint    ] Safepoint "RevokeBias", Time since last: 2510067483 ns, Reaching safepoint: 51757 ns, At safepoint: 67398 ns, Total: 119155 ns
[2020-02-28T02:05:05.450+0000][1][safepoint    ] Safepoint "Cleanup", Time since last: 2001314577 ns, Reaching safepoint: 64752293 ns, At safepoint: 10732 ns, Total: 64763025 ns
[2020-02-28T02:05:05.909+0000][1][safepoint    ] Safepoint "RevokeBias", Time since last: 458682954 ns, Reaching safepoint: 112620 ns, At safepoint: 27110 ns, Total: 139730 ns
[2020-02-28T02:05:08.423+0000][1][safepoint    ] Safepoint "RevokeBias", Time since last: 2513773811 ns, Reaching safepoint: 51348 ns, At safepoint: 16268 ns, Total: 67616 ns
[2020-02-28T02:05:10.937+0000][1][safepoint    ] Safepoint "RevokeBias", Time since last: 2513938448 ns, Reaching safepoint: 90514 ns, At safepoint: 19468 ns, Total: 109982 ns
[2020-02-28T02:05:11.938+0000][1][safepoint    ] Safepoint "Cleanup", Time since last: 1000778229 ns, Reaching safepoint: 95329 ns, At safepoint: 6554 ns, Total: 101883 ns
[2020-02-28T02:05:13.451+0000][1][safepoint    ] Safepoint "RevokeBias", Time since last: 1513662637 ns, Reaching safepoint: 49294 ns, At safepoint: 15176 ns, Total: 64470 ns
[2020-02-28T02:05:15.966+0000][1][safepoint    ] Safepoint "RevokeBias", Time since last: 2514099128 ns, Reaching safepoint: 87504 ns, At safepoint: 20540 ns, Total: 108044 ns
[2020-02-28T02:05:18.484+0000][1][safepoint    ] Safepoint "RevokeBias", Time since last: 2518418175 ns, Reaching safepoint: 72994 ns, At safepoint: 18522 ns, Total: 91516 ns
[2020-02-28T02:05:19.485+0000][1][safepoint    ] Safepoint "Cleanup", Time since last: 1000428924 ns, Reaching safepoint: 81762 ns, At safepoint: 6891 ns, Total: 88653 ns
[2020-02-28T02:05:21.001+0000][1][safepoint    ] Safepoint "RevokeBias", Time since last: 1516591366 ns, Reaching safepoint: 83815 ns, At safepoint: 20219 ns, Total: 104034 ns
[2020-02-28T02:05:22.002+0000][1][safepoint    ] Safepoint "Cleanup", Time since last: 1000549329 ns, Reaching safepoint: 93258 ns, At safepoint: 9522 ns, Total: 102780 ns
[2020-02-28T02:05:23.519+0000][1][safepoint    ] Safepoint "RevokeBias", Time since last: 1516892717 ns, Reaching safepoint: 51169 ns, At safepoint: 17300 ns, Total: 68469 ns
[2020-02-28T02:05:26.031+0000][1][safepoint    ] Safepoint "RevokeBias", Time since last: 2511867760 ns, Reaching safepoint: 71247 ns, At safepoint: 18990 ns, Total: 90237 ns
[2020-02-28T02:05:28.545+0000][1][safepoint    ] Safepoint "RevokeBias", Time since last: 2513974639 ns, Reaching safepoint: 73088 ns, At safepoint: 18497 ns, Total: 91585 ns
[2020-02-28T02:05:29.546+0000][1][safepoint    ] Safepoint "Cleanup", Time since last: 1000507188 ns, Reaching safepoint: 86626 ns, At safepoint: 4931 ns, Total: 91557 ns
[2020-02-28T02:05:31.061+0000][1][safepoint    ] Safepoint "RevokeBias", Time since last: 1515341733 ns, Reaching safepoint: 86230 ns, At safepoint: 21309 ns, Total: 107539 ns
[2020-02-28T02:05:33.064+0000][1][safepoint    ] Safepoint "Cleanup", Time since last: 2002640081 ns, Reaching safepoint: 210017 ns, At safepoint: 26960 ns, Total: 236977 ns
[2020-02-28T02:05:33.581+0000][1][safepoint    ] Safepoint "RevokeBias", Time since last: 517090913 ns, Reaching safepoint: 188395 ns, At safepoint: 56362 ns, Total: 244757 ns
[2020-02-28T02:05:35.582+0000][1][safepoint    ] Safepoint "Cleanup", Time since last: 2000935368 ns, Reaching safepoint: 183728 ns, At safepoint: 23514 ns, Total: 207242 ns
[2020-02-28T02:05:36.096+0000][1][safepoint    ] Safepoint "RevokeBias", Time since last: 513180590 ns, Reaching safepoint: 81372 ns, At safepoint: 20322 ns, Total: 101694 ns
[2020-02-28T02:05:38.607+0000][1][safepoint    ] Safepoint "RevokeBias", Time since last: 2511038911 ns, Reaching safepoint: 52276 ns, At safepoint: 16614 ns, Total: 68890 ns
[2020-02-28T02:05:41.118+0000][1][safepoint    ] Safepoint "RevokeBias", Time since last: 2511438963 ns, Reaching safepoint: 78997 ns, At safepoint: 19312 ns, Total: 98309 ns
[2020-02-28T02:05:42.119+0000][1][safepoint    ] Safepoint "Cleanup", Time since last: 1000313205 ns, Reaching safepoint: 86801 ns, At safepoint: 8268 ns, Total: 95069 ns
[2020-02-28T02:05:43.119+0000][1][safepoint    ] Safepoint "Cleanup", Time since last: 1000349890 ns, Reaching safepoint: 100716 ns, At safepoint: 9861 ns, Total: 110577 ns
[2020-02-28T02:05:43.641+0000][1][safepoint    ] Safepoint "RevokeBias", Time since last: 521907360 ns, Reaching safepoint: 85141 ns, At safepoint: 20293 ns, Total: 105434 ns
[2020-02-28T02:05:46.154+0000][1][safepoint    ] Safepoint "RevokeBias", Time since last: 2513022782 ns, Reaching safepoint: 73479 ns, At safepoint: 18913 ns, Total: 92392 ns
[2020-02-28T02:05:48.677+0000][1][safepoint    ] Safepoint "RevokeBias", Time since last: 2522121710 ns, Reaching safepoint: 52492 ns, At safepoint: 16500 ns, Total: 68992 ns
[2020-02-28T02:05:49.677+0000][1][safepoint    ] Safepoint "Cleanup", Time since last: 1000796321 ns, Reaching safepoint: 101527 ns, At safepoint: 9961 ns, Total: 111488 ns
[2020-02-28T02:05:50.678+0000][1][safepoint    ] Safepoint "Cleanup", Time since last: 1000416758 ns, Reaching safepoint: 96206 ns, At safepoint: 8312 ns, Total: 104518 ns
[2020-02-28T02:05:51.193+0000][1][safepoint    ] Safepoint "RevokeBias", Time since last: 514729822 ns, Reaching safepoint: 76152 ns, At safepoint: 17419 ns, Total: 93571 ns
[2020-02-28T02:05:53.194+0000][1][safepoint    ] Safepoint "Cleanup", Time since last: 2001417014 ns, Reaching safepoint: 93933 ns, At safepoint: 7031 ns, Total: 100964 ns
[2020-02-28T02:05:53.703+0000][1][safepoint    ] Safepoint "RevokeBias", Time since last: 508636218 ns, Reaching safepoint: 49916 ns, At safepoint: 16228 ns, Total: 66144 ns
[2020-02-28T02:05:56.216+0000][1][safepoint    ] Safepoint "RevokeBias", Time since last: 2512526397 ns, Reaching safepoint: 82579 ns, At safepoint: 21692 ns, Total: 104271 ns
[2020-02-28T02:05:58.729+0000][1][safepoint    ] Safepoint "RevokeBias", Time since last: 2513335379 ns, Reaching safepoint: 49230 ns, At safepoint: 15963 ns, Total: 65193 ns
[2020-02-28T02:06:01.250+0000][1][safepoint    ] Safepoint "BulkRevokeBias", Time since last: 2520965951 ns, Reaching safepoint: 69422 ns, At safepoint: 186189 ns, Total: 255611 ns
[2020-02-28T02:06:03.773+0000][1][safepoint    ] Safepoint "RevokeBias", Time since last: 2522430104 ns, Reaching safepoint: 70523 ns, At safepoint: 17151 ns, Total: 87674 ns
[2020-02-28T02:06:05.775+0000][1][safepoint    ] Safepoint "Cleanup", Time since last: 2002045761 ns, Reaching safepoint: 126831 ns, At safepoint: 11860 ns, Total: 138691 ns
[2020-02-28T02:06:06.286+0000][1][safepoint    ] Safepoint "RevokeBias", Time since last: 511217527 ns, Reaching safepoint: 53949 ns, At safepoint: 17042 ns, Total: 70991 ns
[2020-02-28T02:06:08.806+0000][1][safepoint    ] Safepoint "RevokeBias", Time since last: 2519807303 ns, Reaching safepoint: 129234 ns, At safepoint: 17996 ns, Total: 147230 ns
[2020-02-28T02:06:09.807+0000][1][safepoint    ] Safepoint "Cleanup", Time since last: 1000851738 ns, Reaching safepoint: 93990 ns, At safepoint: 9048 ns, Total: 103038 ns
[2020-02-28T02:06:10.807+0000][1][safepoint    ] Safepoint "Cleanup", Time since last: 1000204314 ns, Reaching safepoint: 102424 ns, At safepoint: 9664 ns, Total: 112088 ns
[2020-02-28T02:06:11.326+0000][1][safepoint    ] Safepoint "RevokeBias", Time since last: 518513751 ns, Reaching safepoint: 88323 ns, At safepoint: 17192 ns, Total: 105515 ns
[2020-02-28T02:06:13.849+0000][1][safepoint    ] Safepoint "RevokeBias", Time since last: 2523039980 ns, Reaching safepoint: 49855 ns, At safepoint: 15918 ns, Total: 65773 ns
[2020-02-28T02:06:16.361+0000][1][safepoint    ] Safepoint "RevokeBias", Time since last: 2511831252 ns, Reaching safepoint: 88165 ns, At safepoint: 21201 ns, Total: 109366 ns
[2020-02-28T02:06:18.881+0000][1][safepoint    ] Safepoint "RevokeBias", Time since last: 2519933896 ns, Reaching safepoint: 86980 ns, At safepoint: 15969 ns, Total: 102949 ns
[2020-02-28T02:06:19.882+0000][1][safepoint    ] Safepoint "Cleanup", Time since last: 1000460559 ns, Reaching safepoint: 96265 ns, At safepoint: 9827 ns, Total: 106092 ns
[2020-02-28T02:06:21.394+0000][1][safepoint    ] Safepoint "RevokeBias", Time since last: 1512237732 ns, Reaching safepoint: 87240 ns, At safepoint: 21915 ns, Total: 109155 ns
[2020-02-28T02:06:23.578+0000][1][gc,start     ] GC(31) Pause Young (Allocation Failure)
[2020-02-28T02:06:23.578+0000][1][gc,task      ] GC(31) Using 1 workers of 1 for evacuation
[2020-02-28T02:06:23.607+0000][1][gc,age       ] GC(31) Desired survivor size 4358144 bytes, new threshold 6 (max threshold 6)
[2020-02-28T02:06:23.607+0000][1][gc,age       ] GC(31) Age table with threshold 6 (max threshold 6)
[2020-02-28T02:06:23.607+0000][1][gc,age       ] GC(31) - age   1:      24696 bytes,      24696 total
[2020-02-28T02:06:23.607+0000][1][gc,age       ] GC(31) - age   2:     257440 bytes,     282136 total
[2020-02-28T02:06:23.607+0000][1][gc,age       ] GC(31) - age   3:    1713696 bytes,    1995832 total
[2020-02-28T02:06:23.607+0000][1][gc,age       ] GC(31) - age   4:    2339952 bytes,    4335784 total
[2020-02-28T02:06:23.607+0000][1][gc,heap      ] GC(31) ParNew: 72685K->4299K(76672K)
[2020-02-28T02:06:23.607+0000][1][gc,heap      ] GC(31) CMS: 58195K->58195K(963392K)
[2020-02-28T02:06:23.607+0000][1][gc,metaspace ] GC(31) Metaspace: 78244K->78244K(1122304K)
[2020-02-28T02:06:23.607+0000][1][gc           ] GC(31) Pause Young (Allocation Failure) 127M->61M(1015M) 28.526ms
[2020-02-28T02:06:23.607+0000][1][gc,cpu       ] GC(31) User=0.03s Sys=0.00s Real=0.02s
[2020-02-28T02:06:23.607+0000][1][safepoint    ] Safepoint "GenCollectForAllocation", Time since last: 2183948274 ns, Reaching safepoint: 84568 ns, At safepoint: 28582327 ns, Total: 28666895 ns
[2020-02-28T02:06:23.914+0000][1][safepoint    ] Safepoint "RevokeBias", Time since last: 306690155 ns, Reaching safepoint: 76604 ns, At safepoint: 18847 ns, Total: 95451 ns
[2020-02-28T02:06:24.914+0000][1][safepoint    ] Safepoint "Cleanup", Time since last: 1000237262 ns, Reaching safepoint: 82662 ns, At safepoint: 5510 ns, Total: 88172 ns
[2020-02-28T02:06:26.423+0000][1][safepoint    ] Safepoint "RevokeBias", Time since last: 1508960315 ns, Reaching safepoint: 70209 ns, At safepoint: 17357 ns, Total: 87566 ns
[2020-02-28T02:06:27.424+0000][1][safepoint    ] Safepoint "Cleanup", Time since last: 1000925232 ns, Reaching safepoint: 90621 ns, At safepoint: 7124 ns, Total: 97745 ns
[2020-02-28T02:06:28.940+0000][1][safepoint    ] Safepoint "RevokeBias", Time since last: 1515605882 ns, Reaching safepoint: 71750 ns, At safepoint: 17961 ns, Total: 89711 ns
[2020-02-28T02:06:31.453+0000][1][safepoint    ] Safepoint "RevokeBias", Time since last: 2513002189 ns, Reaching safepoint: 70895 ns, At safepoint: 17125 ns, Total: 88020 ns
[2020-02-28T02:06:33.990+0000][1][safepoint    ] Safepoint "RevokeBias", Time since last: 2537393239 ns, Reaching safepoint: 58495 ns, At safepoint: 18489 ns, Total: 76984 ns
[2020-02-28T02:06:36.504+0000][1][safepoint    ] Safepoint "RevokeBias", Time since last: 2513702756 ns, Reaching safepoint: 71488 ns, At safepoint: 16858 ns, Total: 88346 ns
[2020-02-28T02:06:39.024+0000][1][safepoint    ] Safepoint "RevokeBias", Time since last: 2519894360 ns, Reaching safepoint: 52068 ns, At safepoint: 15549 ns, Total: 67617 ns
[2020-02-28T02:06:41.541+0000][1][safepoint    ] Safepoint "RevokeBias", Time since last: 2517286508 ns, Reaching safepoint: 82903 ns, At safepoint: 20106 ns, Total: 103009 ns
[2020-02-28T02:06:42.542+0000][1][safepoint    ] Safepoint "Cleanup", Time since last: 1000494549 ns, Reaching safepoint: 100198 ns, At safepoint: 9829 ns, Total: 110027 ns
[2020-02-28T02:06:44.050+0000][1][safepoint    ] Safepoint "RevokeBias", Time since last: 1507827974 ns, Reaching safepoint: 102329 ns, At safepoint: 19709 ns, Total: 122038 ns
[2020-02-28T02:06:46.559+0000][1][safepoint    ] Safepoint "RevokeBias", Time since last: 2509201922 ns, Reaching safepoint: 117326 ns, At safepoint: 25211 ns, Total: 142537 ns
[2020-02-28T02:06:49.086+0000][1][safepoint    ] Safepoint "RevokeBias", Time since last: 2526641142 ns, Reaching safepoint: 95836 ns, At safepoint: 25973 ns, Total: 121809 ns
[2020-02-28T02:06:50.086+0000][1][safepoint    ] Safepoint "Cleanup", Time since last: 1000251932 ns, Reaching safepoint: 102658 ns, At safepoint: 9452 ns, Total: 112110 ns
[2020-02-28T02:06:51.608+0000][1][safepoint    ] Safepoint "RevokeBias", Time since last: 1521485868 ns, Reaching safepoint: 71973 ns, At safepoint: 16727 ns, Total: 88700 ns
[2020-02-28T02:06:54.121+0000][1][safepoint    ] Safepoint "RevokeBias", Time since last: 2513207542 ns, Reaching safepoint: 75521 ns, At safepoint: 17214 ns, Total: 92735 ns
[2020-02-28T02:06:56.427+0000][1][safepoint    ] Safepoint "RevokeBias", Time since last: 2305971202 ns, Reaching safepoint: 86179 ns, At safepoint: 9204 ns, Total: 95383 ns
[2020-02-28T02:06:56.432+0000][1][safepoint    ] Safepoint "RevokeBias", Time since last: 4259921 ns, Reaching safepoint: 75534 ns, At safepoint: 19058 ns, Total: 94592 ns
[2020-02-28T02:06:56.500+0000][1][safepoint    ] Safepoint "RevokeBias", Time since last: 68167855 ns, Reaching safepoint: 80097 ns, At safepoint: 18771 ns, Total: 98868 ns
[2020-02-28T02:06:56.501+0000][1][safepoint    ] Safepoint "RevokeBias", Time since last: 1150032 ns, Reaching safepoint: 65785 ns, At safepoint: 15925 ns, Total: 81710 ns
[2020-02-28T02:06:56.634+0000][1][safepoint    ] Safepoint "RevokeBias", Time since last: 132542031 ns, Reaching safepoint: 92068 ns, At safepoint: 20810 ns, Total: 112878 ns
[2020-02-28T02:06:59.146+0000][1][safepoint    ] Safepoint "RevokeBias", Time since last: 2511836315 ns, Reaching safepoint: 57545 ns, At safepoint: 15156 ns, Total: 72701 ns
[2020-02-28T02:07:00.147+0000][1][safepoint    ] Safepoint "Cleanup", Time since last: 1001035990 ns, Reaching safepoint: 88767 ns, At safepoint: 7042 ns, Total: 95809 ns
[2020-02-28T02:07:01.661+0000][1][safepoint    ] Safepoint "RevokeBias", Time since last: 1514513875 ns, Reaching safepoint: 88182 ns, At safepoint: 21053 ns, Total: 109235 ns
[2020-02-28T02:07:04.170+0000][1][safepoint    ] Safepoint "RevokeBias", Time since last: 2508505203 ns, Reaching safepoint: 82127 ns, At safepoint: 18666 ns, Total: 100793 ns
[2020-02-28T02:07:06.684+0000][1][safepoint    ] Safepoint "RevokeBias", Time since last: 2513099208 ns, Reaching safepoint: 1194228 ns, At safepoint: 22527 ns, Total: 1216755 ns
[2020-02-28T02:07:09.189+0000][1][safepoint    ] Safepoint "RevokeBias", Time since last: 2504063261 ns, Reaching safepoint: 92820 ns, At safepoint: 21240 ns, Total: 114060 ns
[2020-02-28T02:07:11.699+0000][1][safepoint    ] Safepoint "RevokeBias", Time since last: 2509863436 ns, Reaching safepoint: 110095 ns, At safepoint: 25736 ns, Total: 135831 ns
[2020-02-28T02:07:14.237+0000][1][safepoint    ] Safepoint "BulkRevokeBias", Time since last: 2538079968 ns, Reaching safepoint: 55635 ns, At safepoint: 282603 ns, Total: 338238 ns
[2020-02-28T02:07:16.793+0000][1][safepoint    ] Safepoint "RevokeBias", Time since last: 2555669398 ns, Reaching safepoint: 72360 ns, At safepoint: 17670 ns, Total: 90030 ns
[2020-02-28T02:07:19.355+0000][1][safepoint    ] Safepoint "RevokeBias", Time since last: 2561731635 ns, Reaching safepoint: 75436 ns, At safepoint: 18092 ns, Total: 93528 ns
[2020-02-28T02:07:21.875+0000][1][safepoint    ] Safepoint "RevokeBias", Time since last: 2520034467 ns, Reaching safepoint: 83121 ns, At safepoint: 18917 ns, Total: 102038 ns
[2020-02-28T02:07:24.390+0000][1][safepoint    ] Safepoint "RevokeBias", Time since last: 2514995674 ns, Reaching safepoint: 73574 ns, At safepoint: 17810 ns, Total: 91384 ns
[2020-02-28T02:07:26.904+0000][1][safepoint    ] Safepoint "RevokeBias", Time since last: 2514346645 ns, Reaching safepoint: 90372 ns, At safepoint: 20562 ns, Total: 110934 ns
[2020-02-28T02:07:29.420+0000][1][safepoint    ] Safepoint "RevokeBias", Time since last: 2515678058 ns, Reaching safepoint: 76138 ns, At safepoint: 17762 ns, Total: 93900 ns
[2020-02-28T02:07:31.932+0000][1][safepoint    ] Safepoint "RevokeBias", Time since last: 2512091115 ns, Reaching safepoint: 77872 ns, At safepoint: 19135 ns, Total: 97007 ns
[2020-02-28T02:07:34.438+0000][1][safepoint    ] Safepoint "RevokeBias", Time since last: 2505387192 ns, Reaching safepoint: 91637 ns, At safepoint: 21694 ns, Total: 113331 ns
[2020-02-28T02:07:36.443+0000][1][safepoint    ] Safepoint "Cleanup", Time since last: 2005410358 ns, Reaching safepoint: 110135 ns, At safepoint: 9169 ns, Total: 119304 ns
[2020-02-28T02:07:36.949+0000][1][safepoint    ] Safepoint "RevokeBias", Time since last: 505635936 ns, Reaching safepoint: 78363 ns, At safepoint: 17629 ns, Total: 95992 ns
[2020-02-28T02:07:38.949+0000][1][safepoint    ] Safepoint "Cleanup", Time since last: 2000415422 ns, Reaching safepoint: 85649 ns, At safepoint: 6828 ns, Total: 92477 ns
[2020-02-28T02:07:39.455+0000][1][safepoint    ] Safepoint "RevokeBias", Time since last: 505557308 ns, Reaching safepoint: 92226 ns, At safepoint: 21050 ns, Total: 113276 ns
[2020-02-28T02:07:41.966+0000][1][safepoint    ] Safepoint "RevokeBias", Time since last: 2511111554 ns, Reaching safepoint: 96523 ns, At safepoint: 18210 ns, Total: 114733 ns
[2020-02-28T02:07:44.476+0000][1][safepoint    ] Safepoint "RevokeBias", Time since last: 2509830620 ns, Reaching safepoint: 81545 ns, At safepoint: 30647 ns, Total: 112192 ns
[2020-02-28T02:07:46.984+0000][1][safepoint    ] Safepoint "RevokeBias", Time since last: 2508067012 ns, Reaching safepoint: 87728 ns, At safepoint: 21724 ns, Total: 109452 ns
[2020-02-28T02:07:49.497+0000][1][safepoint    ] Safepoint "RevokeBias", Time since last: 2512420831 ns, Reaching safepoint: 90229 ns, At safepoint: 22361 ns, Total: 112590 ns
[2020-02-28T02:07:51.499+0000][1][safepoint    ] Safepoint "Cleanup", Time since last: 2001575360 ns, Reaching safepoint: 101609 ns, At safepoint: 9308 ns, Total: 110917 ns
[2020-02-28T02:07:52.005+0000][1][safepoint    ] Safepoint "RevokeBias", Time since last: 506598290 ns, Reaching safepoint: 78779 ns, At safepoint: 17246 ns, Total: 96025 ns
[2020-02-28T02:07:54.512+0000][1][safepoint    ] Safepoint "RevokeBias", Time since last: 2506282476 ns, Reaching safepoint: 72551 ns, At safepoint: 18048 ns, Total: 90599 ns
[2020-02-28T02:07:56.515+0000][1][safepoint    ] Safepoint "Cleanup", Time since last: 2003467183 ns, Reaching safepoint: 102254 ns, At safepoint: 9589 ns, Total: 111843 ns
[2020-02-28T02:07:57.021+0000][1][safepoint    ] Safepoint "RevokeBias", Time since last: 505857693 ns, Reaching safepoint: 55234 ns, At safepoint: 16152 ns, Total: 71386 ns
[2020-02-28T02:07:59.530+0000][1][safepoint    ] Safepoint "RevokeBias", Time since last: 2509056065 ns, Reaching safepoint: 75433 ns, At safepoint: 18360 ns, Total: 93793 ns
[2020-02-28T02:08:02.043+0000][1][safepoint    ] Safepoint "RevokeBias", Time since last: 2512867897 ns, Reaching safepoint: 94587 ns, At safepoint: 29598 ns, Total: 124185 ns
[2020-02-28T02:08:04.551+0000][1][safepoint    ] Safepoint "RevokeBias", Time since last: 2507758066 ns, Reaching safepoint: 88166 ns, At safepoint: 23801 ns, Total: 111967 ns
[2020-02-28T02:08:05.559+0000][1][safepoint    ] Safepoint "Cleanup", Time since last: 1007252224 ns, Reaching safepoint: 83979 ns, At safepoint: 6558 ns, Total: 90537 ns
[2020-02-28T02:08:07.058+0000][1][safepoint    ] Safepoint "RevokeBias", Time since last: 1499385956 ns, Reaching safepoint: 238909 ns, At safepoint: 19891 ns, Total: 258800 ns
[2020-02-28T02:08:09.565+0000][1][safepoint    ] Safepoint "RevokeBias", Time since last: 2506241392 ns, Reaching safepoint: 87789 ns, At safepoint: 21476 ns, Total: 109265 ns
[2020-02-28T02:08:12.077+0000][1][safepoint    ] Safepoint "RevokeBias", Time since last: 2511974512 ns, Reaching safepoint: 159133 ns, At safepoint: 18546 ns, Total: 177679 ns
[2020-02-28T02:08:14.711+0000][1][safepoint    ] Safepoint "RevokeBias", Time since last: 2518666033 ns, Reaching safepoint: 115869582 ns, At safepoint: 28472 ns, Total: 115898054 ns
[2020-02-28T02:08:16.721+0000][1][safepoint    ] Safepoint "Cleanup", Time since last: 2009074506 ns, Reaching safepoint: 100195 ns, At safepoint: 9433 ns, Total: 109628 ns
[2020-02-28T02:08:17.104+0000][1][safepoint    ] Safepoint "RevokeBias", Time since last: 383051487 ns, Reaching safepoint: 82946 ns, At safepoint: 18885 ns, Total: 101831 ns
[2020-02-28T02:08:19.106+0000][1][safepoint    ] Safepoint "Cleanup", Time since last: 2001813552 ns, Reaching safepoint: 103919 ns, At safepoint: 9384 ns, Total: 113303 ns
[2020-02-28T02:08:19.612+0000][1][safepoint    ] Safepoint "RevokeBias", Time since last: 506268199 ns, Reaching safepoint: 127044 ns, At safepoint: 23901 ns, Total: 150945 ns
[2020-02-28T02:08:21.613+0000][1][safepoint    ] Safepoint "Cleanup", Time since last: 2001290872 ns, Reaching safepoint: 101670 ns, At safepoint: 10071 ns, Total: 111741 ns
[2020-02-28T02:08:22.122+0000][1][safepoint    ] Safepoint "RevokeBias", Time since last: 508233200 ns, Reaching safepoint: 86646 ns, At safepoint: 53794 ns, Total: 140440 ns
[2020-02-28T02:08:24.627+0000][1][safepoint    ] Safepoint "RevokeBias", Time since last: 2505072505 ns, Reaching safepoint: 88272 ns, At safepoint: 55116 ns, Total: 143388 ns
[2020-02-28T02:08:27.136+0000][1][safepoint    ] Safepoint "BulkRevokeBias", Time since last: 2508281795 ns, Reaching safepoint: 90070 ns, At safepoint: 246133 ns, Total: 336203 ns
[2020-02-28T02:08:29.644+0000][1][safepoint    ] Safepoint "RevokeBias", Time since last: 2507854629 ns, Reaching safepoint: 59804 ns, At safepoint: 19956 ns, Total: 79760 ns
[2020-02-28T02:08:32.151+0000][1][safepoint    ] Safepoint "RevokeBias", Time since last: 2507019558 ns, Reaching safepoint: 89281 ns, At safepoint: 22040 ns, Total: 111321 ns
[2020-02-28T02:08:34.654+0000][1][safepoint    ] Safepoint "RevokeBias", Time since last: 2503096065 ns, Reaching safepoint: 88677 ns, At safepoint: 20727 ns, Total: 109404 ns
[2020-02-28T02:08:35.655+0000][1][safepoint    ] Safepoint "Cleanup", Time since last: 1000568548 ns, Reaching safepoint: 83608 ns, At safepoint: 6337 ns, Total: 89945 ns
[2020-02-28T02:08:37.161+0000][1][safepoint    ] Safepoint "RevokeBias", Time since last: 1506556699 ns, Reaching safepoint: 89206 ns, At safepoint: 21928 ns, Total: 111134 ns
[2020-02-28T02:08:39.673+0000][1][safepoint    ] Safepoint "RevokeBias", Time since last: 2511539007 ns, Reaching safepoint: 76341 ns, At safepoint: 16639 ns, Total: 92980 ns
[2020-02-28T02:08:42.180+0000][1][gc,start     ] GC(32) Pause Young (Allocation Failure)
[2020-02-28T02:08:42.180+0000][1][gc,task      ] GC(32) Using 1 workers of 1 for evacuation
[2020-02-28T02:08:42.207+0000][1][gc,age       ] GC(32) Desired survivor size 4358144 bytes, new threshold 5 (max threshold 6)
[2020-02-28T02:08:42.207+0000][1][gc,age       ] GC(32) Age table with threshold 5 (max threshold 6)
[2020-02-28T02:08:42.207+0000][1][gc,age       ] GC(32) - age   1:      48792 bytes,      48792 total
[2020-02-28T02:08:42.207+0000][1][gc,age       ] GC(32) - age   2:      12752 bytes,      61544 total
[2020-02-28T02:08:42.207+0000][1][gc,age       ] GC(32) - age   3:     255408 bytes,     316952 total
[2020-02-28T02:08:42.207+0000][1][gc,age       ] GC(32) - age   4:    1713696 bytes,    2030648 total
[2020-02-28T02:08:42.207+0000][1][gc,age       ] GC(32) - age   5:    2339952 bytes,    4370600 total
[2020-02-28T02:08:42.207+0000][1][gc,heap      ] GC(32) ParNew: 72459K->8500K(76672K)
[2020-02-28T02:08:42.207+0000][1][gc,heap      ] GC(32) CMS: 58195K->58195K(963392K)
[2020-02-28T02:08:42.207+0000][1][gc,metaspace ] GC(32) Metaspace: 78481K->78481K(1122304K)
[2020-02-28T02:08:42.207+0000][1][gc           ] GC(32) Pause Young (Allocation Failure) 127M->65M(1015M) 27.829ms
[2020-02-28T02:08:42.207+0000][1][gc,cpu       ] GC(32) User=0.02s Sys=0.00s Real=0.03s
[2020-02-28T02:08:42.207+0000][1][safepoint    ] Safepoint "GenCollectForAllocation", Time since last: 2506548322 ns, Reaching safepoint: 131279 ns, At safepoint: 27889013 ns, Total: 28020292 ns
[2020-02-28T02:08:42.208+0000][1][safepoint    ] Safepoint "RevokeBias", Time since last: 445274 ns, Reaching safepoint: 71038 ns, At safepoint: 17016 ns, Total: 88054 ns
[2020-02-28T02:08:44.716+0000][1][safepoint    ] Safepoint "RevokeBias", Time since last: 2508392116 ns, Reaching safepoint: 112321 ns, At safepoint: 17904 ns, Total: 130225 ns
[2020-02-28T02:08:47.224+0000][1][safepoint    ] Safepoint "RevokeBias", Time since last: 2507483717 ns, Reaching safepoint: 77507 ns, At safepoint: 18747 ns, Total: 96254 ns
[2020-02-28T02:08:49.737+0000][1][safepoint    ] Safepoint "RevokeBias", Time since last: 2513190928 ns, Reaching safepoint: 90573 ns, At safepoint: 19819 ns, Total: 110392 ns
[2020-02-28T02:08:52.248+0000][1][safepoint    ] Safepoint "RevokeBias", Time since last: 2510711624 ns, Reaching safepoint: 105815 ns, At safepoint: 26790 ns, Total: 132605 ns
[2020-02-28T02:08:53.249+0000][1][safepoint    ] Safepoint "Cleanup", Time since last: 1001083712 ns, Reaching safepoint: 103459 ns, At safepoint: 9436 ns, Total: 112895 ns
[2020-02-28T02:08:54.755+0000][1][safepoint    ] Safepoint "RevokeBias", Time since last: 1505450775 ns, Reaching safepoint: 89116 ns, At safepoint: 21823 ns, Total: 110939 ns
[2020-02-28T02:08:57.271+0000][1][safepoint    ] Safepoint "RevokeBias", Time since last: 2516380095 ns, Reaching safepoint: 61048 ns, At safepoint: 15407 ns, Total: 76455 ns
[2020-02-28T02:08:59.783+0000][1][safepoint    ] Safepoint "RevokeBias", Time since last: 2511224963 ns, Reaching safepoint: 95835 ns, At safepoint: 19082 ns, Total: 114917 ns
[2020-02-28T02:09:02.288+0000][1][safepoint    ] Safepoint "RevokeBias", Time since last: 2505568719 ns, Reaching safepoint: 73719 ns, At safepoint: 16424 ns, Total: 90143 ns
[2020-02-28T02:09:04.796+0000][1][safepoint    ] Safepoint "RevokeBias", Time since last: 2507036194 ns, Reaching safepoint: 80756 ns, At safepoint: 18632 ns, Total: 99388 ns
[2020-02-28T02:09:07.315+0000][1][safepoint    ] Safepoint "RevokeBias", Time since last: 2519676828 ns, Reaching safepoint: 78873 ns, At safepoint: 19801 ns, Total: 98674 ns
[2020-02-28T02:09:09.822+0000][1][safepoint    ] Safepoint "RevokeBias", Time since last: 2506112954 ns, Reaching safepoint: 81825 ns, At safepoint: 18055 ns, Total: 99880 ns
[2020-02-28T02:09:12.328+0000][1][safepoint    ] Safepoint "RevokeBias", Time since last: 2505925389 ns, Reaching safepoint: 101586 ns, At safepoint: 19188 ns, Total: 120774 ns
[2020-02-28T02:09:14.833+0000][1][safepoint    ] Safepoint "RevokeBias", Time since last: 2505202764 ns, Reaching safepoint: 86424 ns, At safepoint: 19998 ns, Total: 106422 ns
[2020-02-28T02:09:17.343+0000][1][safepoint    ] Safepoint "RevokeBias", Time since last: 2509614532 ns, Reaching safepoint: 86302 ns, At safepoint: 19218 ns, Total: 105520 ns
[2020-02-28T02:09:19.849+0000][1][safepoint    ] Safepoint "RevokeBias", Time since last: 2506403623 ns, Reaching safepoint: 78947 ns, At safepoint: 17622 ns, Total: 96569 ns
[2020-02-28T02:09:22.359+0000][1][safepoint    ] Safepoint "RevokeBias", Time since last: 2509524993 ns, Reaching safepoint: 99940 ns, At safepoint: 22737 ns, Total: 122677 ns
[2020-02-28T02:09:24.869+0000][1][safepoint    ] Safepoint "RevokeBias", Time since last: 2509651530 ns, Reaching safepoint: 77351 ns, At safepoint: 18038 ns, Total: 95389 ns
[2020-02-28T02:09:27.376+0000][1][safepoint    ] Safepoint "RevokeBias", Time since last: 2506829552 ns, Reaching safepoint: 99068 ns, At safepoint: 106025 ns, Total: 205093 ns
[2020-02-28T02:09:29.376+0000][1][safepoint    ] Safepoint "Cleanup", Time since last: 2000608866 ns, Reaching safepoint: 101537 ns, At safepoint: 9911 ns, Total: 111448 ns
[2020-02-28T02:09:29.884+0000][1][safepoint    ] Safepoint "RevokeBias", Time since last: 507673693 ns, Reaching safepoint: 93330 ns, At safepoint: 20161 ns, Total: 113491 ns
[2020-02-28T02:09:32.393+0000][1][safepoint    ] Safepoint "RevokeBias", Time since last: 2508477341 ns, Reaching safepoint: 206903 ns, At safepoint: 52219 ns, Total: 259122 ns
[2020-02-28T02:09:34.899+0000][1][safepoint    ] Safepoint "RevokeBias", Time since last: 2506499596 ns, Reaching safepoint: 90183 ns, At safepoint: 21578 ns, Total: 111761 ns
[2020-02-28T02:09:35.900+0000][1][safepoint    ] Safepoint "Cleanup", Time since last: 1000608546 ns, Reaching safepoint: 101751 ns, At safepoint: 8850 ns, Total: 110601 ns
[2020-02-28T02:09:37.408+0000][1][safepoint    ] Safepoint "RevokeBias", Time since last: 1508167108 ns, Reaching safepoint: 81022 ns, At safepoint: 17678 ns, Total: 98700 ns
[2020-02-28T02:09:39.409+0000][1][safepoint    ] Safepoint "Cleanup", Time since last: 2000695224 ns, Reaching safepoint: 89455 ns, At safepoint: 7994 ns, Total: 97449 ns
[2020-02-28T02:09:39.913+0000][1][safepoint    ] Safepoint "BulkRevokeBias", Time since last: 503871358 ns, Reaching safepoint: 91382 ns, At safepoint: 240553 ns, Total: 331935 ns
[2020-02-28T02:09:41.915+0000][1][safepoint    ] Safepoint "Cleanup", Time since last: 2001136110 ns, Reaching safepoint: 91327 ns, At safepoint: 8037 ns, Total: 99364 ns
[2020-02-28T02:09:42.419+0000][1][safepoint    ] Safepoint "RevokeBias", Time since last: 504430541 ns, Reaching safepoint: 77571 ns, At safepoint: 19085 ns, Total: 96656 ns
[2020-02-28T02:09:44.421+0000][1][safepoint    ] Safepoint "Cleanup", Time since last: 2001774620 ns, Reaching safepoint: 101264 ns, At safepoint: 9535 ns, Total: 110799 ns
[2020-02-28T02:09:44.922+0000][1][safepoint    ] Safepoint "RevokeBias", Time since last: 500481107 ns, Reaching safepoint: 112956 ns, At safepoint: 19126 ns, Total: 132082 ns
[2020-02-28T02:09:47.429+0000][1][safepoint    ] Safepoint "RevokeBias", Time since last: 2507375849 ns, Reaching safepoint: 58145 ns, At safepoint: 17994 ns, Total: 76139 ns
[2020-02-28T02:09:49.936+0000][1][safepoint    ] Safepoint "RevokeBias", Time since last: 2507132716 ns, Reaching safepoint: 83445 ns, At safepoint: 18632 ns, Total: 102077 ns
[2020-02-28T02:09:52.442+0000][1][safepoint    ] Safepoint "RevokeBias", Time since last: 2505661650 ns, Reaching safepoint: 126503 ns, At safepoint: 20300 ns, Total: 146803 ns
[2020-02-28T02:09:54.948+0000][1][safepoint    ] Safepoint "RevokeBias", Time since last: 2506084424 ns, Reaching safepoint: 89727 ns, At safepoint: 19685 ns, Total: 109412 ns
[2020-02-28T02:09:57.459+0000][1][safepoint    ] Safepoint "RevokeBias", Time since last: 2511042125 ns, Reaching safepoint: 78726 ns, At safepoint: 17661 ns, Total: 96387 ns
[2020-02-28T02:09:59.972+0000][1][safepoint    ] Safepoint "RevokeBias", Time since last: 2512365107 ns, Reaching safepoint: 92123 ns, At safepoint: 21361 ns, Total: 113484 ns
[2020-02-28T02:10:02.479+0000][1][safepoint    ] Safepoint "RevokeBias", Time since last: 2507114481 ns, Reaching safepoint: 138704 ns, At safepoint: 20950 ns, Total: 159654 ns
[2020-02-28T02:10:04.986+0000][1][safepoint    ] Safepoint "RevokeBias", Time since last: 2506810053 ns, Reaching safepoint: 76707 ns, At safepoint: 18484 ns, Total: 95191 ns
[2020-02-28T02:10:05.987+0000][1][safepoint    ] Safepoint "Cleanup", Time since last: 1000506627 ns, Reaching safepoint: 105858 ns, At safepoint: 9472 ns, Total: 115330 ns
[2020-02-28T02:10:07.501+0000][1][safepoint    ] Safepoint "RevokeBias", Time since last: 1512643108 ns, Reaching safepoint: 1330875 ns, At safepoint: 29255 ns, Total: 1360130 ns
[2020-02-28T02:10:09.504+0000][1][safepoint    ] Safepoint "Cleanup", Time since last: 2003358449 ns, Reaching safepoint: 89993 ns, At safepoint: 7533 ns, Total: 97526 ns
[2020-02-28T02:10:10.006+0000][1][safepoint    ] Safepoint "RevokeBias", Time since last: 501658431 ns, Reaching safepoint: 108562 ns, At safepoint: 26060 ns, Total: 134622 ns
[2020-02-28T02:10:12.510+0000][1][safepoint    ] Safepoint "RevokeBias", Time since last: 2504380766 ns, Reaching safepoint: 79041 ns, At safepoint: 19671 ns, Total: 98712 ns
[2020-02-28T02:10:15.018+0000][1][safepoint    ] Safepoint "RevokeBias", Time since last: 2507723565 ns, Reaching safepoint: 160603 ns, At safepoint: 45326 ns, Total: 205929 ns
[2020-02-28T02:10:17.523+0000][1][safepoint    ] Safepoint "RevokeBias", Time since last: 2504730870 ns, Reaching safepoint: 93408 ns, At safepoint: 21212 ns, Total: 114620 ns
[2020-02-28T02:10:20.027+0000][1][safepoint    ] Safepoint "RevokeBias", Time since last: 2504105613 ns, Reaching safepoint: 75107 ns, At safepoint: 18932 ns, Total: 94039 ns
[2020-02-28T02:10:21.033+0000][1][safepoint    ] Safepoint "Cleanup", Time since last: 1005507351 ns, Reaching safepoint: 65883 ns, At safepoint: 5932 ns, Total: 71815 ns
[2020-02-28T02:10:22.531+0000][1][safepoint    ] Safepoint "RevokeBias", Time since last: 1498105343 ns, Reaching safepoint: 108643 ns, At safepoint: 25527 ns, Total: 134170 ns
[2020-02-28T02:10:25.037+0000][1][safepoint    ] Safepoint "RevokeBias", Time since last: 2505180028 ns, Reaching safepoint: 94048 ns, At safepoint: 22082 ns, Total: 116130 ns
[2020-02-28T02:10:27.039+0000][1][safepoint    ] Safepoint "Cleanup", Time since last: 2002454362 ns, Reaching safepoint: 124683 ns, At safepoint: 10791 ns, Total: 135474 ns
[2020-02-28T02:10:27.542+0000][1][safepoint    ] Safepoint "RevokeBias", Time since last: 503036996 ns, Reaching safepoint: 74833 ns, At safepoint: 18668 ns, Total: 93501 ns
[2020-02-28T02:10:30.049+0000][1][safepoint    ] Safepoint "RevokeBias", Time since last: 2506981274 ns, Reaching safepoint: 96431 ns, At safepoint: 22553 ns, Total: 118984 ns
[2020-02-28T02:10:32.555+0000][1][safepoint    ] Safepoint "RevokeBias", Time since last: 2505245472 ns, Reaching safepoint: 90829 ns, At safepoint: 21635 ns, Total: 112464 ns
[2020-02-28T02:10:35.067+0000][1][safepoint    ] Safepoint "RevokeBias", Time since last: 2511803248 ns, Reaching safepoint: 82685 ns, At safepoint: 18771 ns, Total: 101456 ns
[2020-02-28T02:10:36.073+0000][1][safepoint    ] Safepoint "Cleanup", Time since last: 1006373331 ns, Reaching safepoint: 139478 ns, At safepoint: 6301 ns, Total: 145779 ns
[2020-02-28T02:10:37.074+0000][1][safepoint    ] Safepoint "Cleanup", Time since last: 1000275923 ns, Reaching safepoint: 96140 ns, At safepoint: 7193 ns, Total: 103333 ns
[2020-02-28T02:10:37.572+0000][1][safepoint    ] Safepoint "RevokeBias", Time since last: 497990672 ns, Reaching safepoint: 75620 ns, At safepoint: 18249 ns, Total: 93869 ns
[2020-02-28T02:10:40.079+0000][1][safepoint    ] Safepoint "RevokeBias", Time since last: 2507153317 ns, Reaching safepoint: 87806 ns, At safepoint: 21195 ns, Total: 109001 ns
[2020-02-28T02:10:42.589+0000][1][safepoint    ] Safepoint "RevokeBias", Time since last: 2510029668 ns, Reaching safepoint: 74210 ns, At safepoint: 17264 ns, Total: 91474 ns
[2020-02-28T02:10:45.093+0000][1][safepoint    ] Safepoint "RevokeBias", Time since last: 2503907060 ns, Reaching safepoint: 84444 ns, At safepoint: 20560 ns, Total: 105004 ns
[2020-02-28T02:10:47.601+0000][1][safepoint    ] Safepoint "RevokeBias", Time since last: 2507961171 ns, Reaching safepoint: 90075 ns, At safepoint: 21904 ns, Total: 111979 ns
[2020-02-28T02:10:49.602+0000][1][safepoint    ] Safepoint "Cleanup", Time since last: 2001253419 ns, Reaching safepoint: 107422 ns, At safepoint: 8886 ns, Total: 116308 ns
[2020-02-28T02:10:50.107+0000][1][safepoint    ] Safepoint "RevokeBias", Time since last: 504908071 ns, Reaching safepoint: 89528 ns, At safepoint: 21229 ns, Total: 110757 ns
[2020-02-28T02:10:52.615+0000][1][safepoint    ] Safepoint "BulkRevokeBias", Time since last: 2507371537 ns, Reaching safepoint: 108168 ns, At safepoint: 226555 ns, Total: 334723 ns
[2020-02-28T02:10:55.123+0000][1][safepoint    ] Safepoint "RevokeBias", Time since last: 2507401253 ns, Reaching safepoint: 75859 ns, At safepoint: 18067 ns, Total: 93926 ns
[2020-02-28T02:10:56.126+0000][1][safepoint    ] Safepoint "Cleanup", Time since last: 1003515129 ns, Reaching safepoint: 66208 ns, At safepoint: 6616 ns, Total: 72824 ns
[2020-02-28T02:10:57.127+0000][1][safepoint    ] Safepoint "Cleanup", Time since last: 1000122125 ns, Reaching safepoint: 100210 ns, At safepoint: 9108 ns, Total: 109318 ns
[2020-02-28T02:10:57.748+0000][1][safepoint    ] Safepoint "RevokeBias", Time since last: 621529058 ns, Reaching safepoint: 89658 ns, At safepoint: 21868 ns, Total: 111526 ns
[2020-02-28T02:10:58.748+0000][1][safepoint    ] Safepoint "Cleanup", Time since last: 1000155817 ns, Reaching safepoint: 97520 ns, At safepoint: 8252 ns, Total: 105772 ns
[2020-02-28T02:10:59.749+0000][1][safepoint    ] Safepoint "Cleanup", Time since last: 1000378926 ns, Reaching safepoint: 95906 ns, At safepoint: 9010 ns, Total: 104916 ns
[2020-02-28T02:11:00.257+0000][1][safepoint    ] Safepoint "RevokeBias", Time since last: 507766226 ns, Reaching safepoint: 108651 ns, At safepoint: 42435 ns, Total: 151086 ns
[2020-02-28T02:11:02.675+0000][1][gc,start     ] GC(33) Pause Young (Allocation Failure)
[2020-02-28T02:11:02.675+0000][1][gc,task      ] GC(33) Using 1 workers of 1 for evacuation
[2020-02-28T02:11:02.862+0000][1][gc,age       ] GC(33) Desired survivor size 4358144 bytes, new threshold 6 (max threshold 6)
[2020-02-28T02:11:02.862+0000][1][gc,age       ] GC(33) Age table with threshold 6 (max threshold 6)
[2020-02-28T02:11:02.862+0000][1][gc,age       ] GC(33) - age   1:      13816 bytes,      13816 total
[2020-02-28T02:11:02.862+0000][1][gc,age       ] GC(33) - age   2:      36224 bytes,      50040 total
[2020-02-28T02:11:02.862+0000][1][gc,age       ] GC(33) - age   3:      12752 bytes,      62792 total
[2020-02-28T02:11:02.862+0000][1][gc,age       ] GC(33) - age   4:     255408 bytes,     318200 total
[2020-02-28T02:11:02.862+0000][1][gc,age       ] GC(33) - age   5:    1713696 bytes,    2031896 total
[2020-02-28T02:11:02.862+0000][1][gc,heap      ] GC(33) ParNew: 76660K->2663K(76672K)
[2020-02-28T02:11:02.862+0000][1][gc,heap      ] GC(33) CMS: 58195K->60543K(963392K)
[2020-02-28T02:11:02.862+0000][1][gc,metaspace ] GC(33) Metaspace: 78626K->78626K(1122304K)
[2020-02-28T02:11:02.863+0000][1][gc           ] GC(33) Pause Young (Allocation Failure) 131M->61M(1015M) 188.018ms
[2020-02-28T02:11:02.863+0000][1][gc,cpu       ] GC(33) User=0.02s Sys=0.03s Real=0.19s
[2020-02-28T02:11:02.863+0000][1][safepoint    ] Safepoint "GenCollectForAllocation", Time since last: 2417572905 ns, Reaching safepoint: 104360 ns, At safepoint: 188076149 ns, Total: 188180509 ns
[2020-02-28T02:11:02.867+0000][1][safepoint    ] Safepoint "RevokeBias", Time since last: 4574549 ns, Reaching safepoint: 151532 ns, At safepoint: 33223 ns, Total: 184755 ns
[2020-02-28T02:11:03.868+0000][1][safepoint    ] Safepoint "Cleanup", Time since last: 1000300389 ns, Reaching safepoint: 96182 ns, At safepoint: 7524 ns, Total: 103706 ns
[2020-02-28T02:11:05.374+0000][1][safepoint    ] Safepoint "RevokeBias", Time since last: 1505943460 ns, Reaching safepoint: 78199 ns, At safepoint: 18121 ns, Total: 96320 ns
[2020-02-28T02:11:07.884+0000][1][safepoint    ] Safepoint "RevokeBias", Time since last: 2510169445 ns, Reaching safepoint: 73382 ns, At safepoint: 16258 ns, Total: 89640 ns
[2020-02-28T02:11:10.392+0000][1][safepoint    ] Safepoint "RevokeBias", Time since last: 2507367628 ns, Reaching safepoint: 104147 ns, At safepoint: 20420 ns, Total: 124567 ns
[2020-02-28T02:11:12.400+0000][1][safepoint    ] Safepoint "Cleanup", Time since last: 2008137052 ns, Reaching safepoint: 88302 ns, At safepoint: 7948 ns, Total: 96250 ns
[2020-02-28T02:11:12.896+0000][1][safepoint    ] Safepoint "RevokeBias", Time since last: 495883103 ns, Reaching safepoint: 93711 ns, At safepoint: 21736 ns, Total: 115447 ns
[2020-02-28T02:11:15.402+0000][1][safepoint    ] Safepoint "RevokeBias", Time since last: 2506224113 ns, Reaching safepoint: 88212 ns, At safepoint: 21642 ns, Total: 109854 ns
[2020-02-28T02:11:17.907+0000][1][safepoint    ] Safepoint "RevokeBias", Time since last: 2504721801 ns, Reaching safepoint: 91348 ns, At safepoint: 20577 ns, Total: 111925 ns
[2020-02-28T02:11:20.416+0000][1][safepoint    ] Safepoint "RevokeBias", Time since last: 2508899330 ns, Reaching safepoint: 72732 ns, At safepoint: 16805 ns, Total: 89537 ns
[2020-02-28T02:11:21.424+0000][1][safepoint    ] Safepoint "Cleanup", Time since last: 1007842927 ns, Reaching safepoint: 83569 ns, At safepoint: 6190 ns, Total: 89759 ns
[2020-02-28T02:11:22.923+0000][1][safepoint    ] Safepoint "RevokeBias", Time since last: 1498521114 ns, Reaching safepoint: 121823 ns, At safepoint: 23870 ns, Total: 145693 ns
[2020-02-28T02:11:25.429+0000][1][safepoint    ] Safepoint "RevokeBias", Time since last: 2505853053 ns, Reaching safepoint: 77335 ns, At safepoint: 91302 ns, Total: 168637 ns
[2020-02-28T02:11:27.933+0000][1][safepoint    ] Safepoint "RevokeBias", Time since last: 2504775938 ns, Reaching safepoint: 109896 ns, At safepoint: 20768 ns, Total: 130664 ns
[2020-02-28T02:11:30.441+0000][1][safepoint    ] Safepoint "RevokeBias", Time since last: 2507235470 ns, Reaching safepoint: 133538 ns, At safepoint: 19685 ns, Total: 153223 ns
[2020-02-28T02:11:32.947+0000][1][safepoint    ] Safepoint "RevokeBias", Time since last: 2506390423 ns, Reaching safepoint: 97310 ns, At safepoint: 24042 ns, Total: 121352 ns
[2020-02-28T02:11:35.452+0000][1][safepoint    ] Safepoint "RevokeBias", Time since last: 2504590937 ns, Reaching safepoint: 94142 ns, At safepoint: 21177 ns, Total: 115319 ns
[2020-02-28T02:11:37.961+0000][1][safepoint    ] Safepoint "RevokeBias", Time since last: 2508358716 ns, Reaching safepoint: 90680 ns, At safepoint: 21771 ns, Total: 112451 ns
[2020-02-28T02:11:39.962+0000][1][safepoint    ] Safepoint "Cleanup", Time since last: 2001237295 ns, Reaching safepoint: 119413 ns, At safepoint: 9604 ns, Total: 129017 ns
[2020-02-28T02:11:40.470+0000][1][safepoint    ] Safepoint "RevokeBias", Time since last: 508183079 ns, Reaching safepoint: 82849 ns, At safepoint: 18921 ns, Total: 101770 ns
[2020-02-28T02:11:42.978+0000][1][safepoint    ] Safepoint "RevokeBias", Time since last: 2507355412 ns, Reaching safepoint: 93641 ns, At safepoint: 21140 ns, Total: 114781 ns
[2020-02-28T02:11:45.482+0000][1][safepoint    ] Safepoint "RevokeBias", Time since last: 2504321232 ns, Reaching safepoint: 91277 ns, At safepoint: 21702 ns, Total: 112979 ns
[2020-02-28T02:11:47.494+0000][1][safepoint    ] Safepoint "Cleanup", Time since last: 2011923783 ns, Reaching safepoint: 123096 ns, At safepoint: 8576 ns, Total: 131672 ns
[2020-02-28T02:11:47.990+0000][1][safepoint    ] Safepoint "RevokeBias", Time since last: 495731597 ns, Reaching safepoint: 77557 ns, At safepoint: 19768 ns, Total: 97325 ns
[2020-02-28T02:11:49.991+0000][1][safepoint    ] Safepoint "Cleanup", Time since last: 2000858827 ns, Reaching safepoint: 89040 ns, At safepoint: 7809 ns, Total: 96849 ns
[2020-02-28T02:11:50.505+0000][1][safepoint    ] Safepoint "RevokeBias", Time since last: 514282290 ns, Reaching safepoint: 80096 ns, At safepoint: 17969 ns, Total: 98065 ns
[2020-02-28T02:11:50.719+0000][1][safepoint    ] Safepoint "RevokeBias", Time since last: 213394656 ns, Reaching safepoint: 91686 ns, At safepoint: 18441 ns, Total: 110127 ns
[2020-02-28T02:11:50.719+0000][1][safepoint    ] Safepoint "RevokeBias", Time since last: 154506 ns, Reaching safepoint: 73926 ns, At safepoint: 17502 ns, Total: 91428 ns
[2020-02-28T02:11:51.727+0000][1][safepoint    ] Safepoint "Cleanup", Time since last: 1007601846 ns, Reaching safepoint: 87131 ns, At safepoint: 6567 ns, Total: 93698 ns
[2020-02-28T02:11:53.012+0000][1][safepoint    ] Safepoint "RevokeBias", Time since last: 1284877415 ns, Reaching safepoint: 91087 ns, At safepoint: 22081 ns, Total: 113168 ns
[2020-02-28T02:11:55.517+0000][1][safepoint    ] Safepoint "RevokeBias", Time since last: 2504944702 ns, Reaching safepoint: 90518 ns, At safepoint: 20965 ns, Total: 111483 ns
[2020-02-28T02:11:58.025+0000][1][safepoint    ] Safepoint "RevokeBias", Time since last: 2507783850 ns, Reaching safepoint: 93141 ns, At safepoint: 21338 ns, Total: 114479 ns
[2020-02-28T02:12:00.534+0000][1][safepoint    ] Safepoint "RevokeBias", Time since last: 2509484416 ns, Reaching safepoint: 90592 ns, At safepoint: 20846 ns, Total: 111438 ns
[2020-02-28T02:12:03.040+0000][1][safepoint    ] Safepoint "RevokeBias", Time since last: 2505228755 ns, Reaching safepoint: 73015 ns, At safepoint: 19736 ns, Total: 92751 ns
[2020-02-28T02:12:05.548+0000][1][safepoint    ] Safepoint "BulkRevokeBias", Time since last: 2508569056 ns, Reaching safepoint: 93492 ns, At safepoint: 231630 ns, Total: 325122 ns
[2020-02-28T02:12:08.062+0000][1][safepoint    ] Safepoint "RevokeBias", Time since last: 2513249022 ns, Reaching safepoint: 95795 ns, At safepoint: 17917 ns, Total: 113712 ns
[2020-02-28T02:12:09.063+0000][1][safepoint    ] Safepoint "Cleanup", Time since last: 1000965748 ns, Reaching safepoint: 98946 ns, At safepoint: 8897 ns, Total: 107843 ns
[2020-02-28T02:12:10.064+0000][1][safepoint    ] Safepoint "Cleanup", Time since last: 1000553513 ns, Reaching safepoint: 96470 ns, At safepoint: 8528 ns, Total: 104998 ns
[2020-02-28T02:12:10.572+0000][1][safepoint    ] Safepoint "RevokeBias", Time since last: 508197450 ns, Reaching safepoint: 89445 ns, At safepoint: 20911 ns, Total: 110356 ns
[2020-02-28T02:12:12.573+0000][1][safepoint    ] Safepoint "Cleanup", Time since last: 2000845060 ns, Reaching safepoint: 123779 ns, At safepoint: 8239 ns, Total: 132018 ns
[2020-02-28T02:12:13.079+0000][1][safepoint    ] Safepoint "RevokeBias", Time since last: 505983826 ns, Reaching safepoint: 73690 ns, At safepoint: 16226 ns, Total: 89916 ns
[2020-02-28T02:12:15.584+0000][1][safepoint    ] Safepoint "RevokeBias", Time since last: 2504540184 ns, Reaching safepoint: 85345 ns, At safepoint: 21549 ns, Total: 106894 ns
[2020-02-28T02:12:18.094+0000][1][safepoint    ] Safepoint "RevokeBias", Time since last: 2510006604 ns, Reaching safepoint: 55249 ns, At safepoint: 16665 ns, Total: 71914 ns
[2020-02-28T02:12:19.094+0000][1][safepoint    ] Safepoint "Cleanup", Time since last: 1000359562 ns, Reaching safepoint: 84310 ns, At safepoint: 7968 ns, Total: 92278 ns
[2020-02-28T02:12:20.095+0000][1][safepoint    ] Safepoint "Cleanup", Time since last: 1000638968 ns, Reaching safepoint: 94707 ns, At safepoint: 10118 ns, Total: 104825 ns
[2020-02-28T02:12:20.616+0000][1][safepoint    ] Safepoint "RevokeBias", Time since last: 520670962 ns, Reaching safepoint: 148984 ns, At safepoint: 58150 ns, Total: 207134 ns
[2020-02-28T02:12:21.622+0000][1][safepoint    ] Safepoint "Cleanup", Time since last: 1006182845 ns, Reaching safepoint: 66288 ns, At safepoint: 6188 ns, Total: 72476 ns
[2020-02-28T02:12:23.126+0000][1][safepoint    ] Safepoint "RevokeBias", Time since last: 1504124157 ns, Reaching safepoint: 72453 ns, At safepoint: 18108 ns, Total: 90561 ns
[2020-02-28T02:12:25.633+0000][1][safepoint    ] Safepoint "RevokeBias", Time since last: 2506713298 ns, Reaching safepoint: 88079 ns, At safepoint: 21929 ns, Total: 110008 ns
[2020-02-28T02:12:28.139+0000][1][safepoint    ] Safepoint "RevokeBias", Time since last: 2505564207 ns, Reaching safepoint: 87273 ns, At safepoint: 21600 ns, Total: 108873 ns
[2020-02-28T02:12:30.655+0000][1][safepoint    ] Safepoint "RevokeBias", Time since last: 2516302334 ns, Reaching safepoint: 89881 ns, At safepoint: 21676 ns, Total: 111557 ns
[2020-02-28T02:12:33.166+0000][1][safepoint    ] Safepoint "RevokeBias", Time since last: 2510962497 ns, Reaching safepoint: 113666 ns, At safepoint: 23952 ns, Total: 137618 ns
[2020-02-28T02:12:35.670+0000][1][safepoint    ] Safepoint "RevokeBias", Time since last: 2504141645 ns, Reaching safepoint: 93414 ns, At safepoint: 24023 ns, Total: 117437 ns
[2020-02-28T02:12:38.180+0000][1][safepoint    ] Safepoint "RevokeBias", Time since last: 2509874315 ns, Reaching safepoint: 75373 ns, At safepoint: 17173 ns, Total: 92546 ns
[2020-02-28T02:12:40.688+0000][1][safepoint    ] Safepoint "RevokeBias", Time since last: 2507043690 ns, Reaching safepoint: 83780 ns, At safepoint: 20624 ns, Total: 104404 ns
[2020-02-28T02:12:43.318+0000][1][safepoint    ] Safepoint "RevokeBias", Time since last: 2630015092 ns, Reaching safepoint: 95712 ns, At safepoint: 22569 ns, Total: 118281 ns
[2020-02-28T02:12:45.825+0000][1][safepoint    ] Safepoint "RevokeBias", Time since last: 2507110314 ns, Reaching safepoint: 104087 ns, At safepoint: 18073 ns, Total: 122160 ns
[2020-02-28T02:12:48.332+0000][1][safepoint    ] Safepoint "RevokeBias", Time since last: 2506826119 ns, Reaching safepoint: 92801 ns, At safepoint: 21045 ns, Total: 113846 ns
[2020-02-28T02:12:50.840+0000][1][safepoint    ] Safepoint "RevokeBias", Time since last: 2507570416 ns, Reaching safepoint: 81033 ns, At safepoint: 16993 ns, Total: 98026 ns
[2020-02-28T02:12:51.844+0000][1][safepoint    ] Safepoint "Cleanup", Time since last: 1003847891 ns, Reaching safepoint: 66561 ns, At safepoint: 6797 ns, Total: 73358 ns
[2020-02-28T02:12:53.344+0000][1][safepoint    ] Safepoint "RevokeBias", Time since last: 1500760420 ns, Reaching safepoint: 86446 ns, At safepoint: 21966 ns, Total: 108412 ns
[2020-02-28T02:12:55.849+0000][1][safepoint    ] Safepoint "RevokeBias", Time since last: 2504091111 ns, Reaching safepoint: 137768 ns, At safepoint: 19905 ns, Total: 157673 ns
[2020-02-28T02:12:58.357+0000][1][safepoint    ] Safepoint "RevokeBias", Time since last: 2508330318 ns, Reaching safepoint: 88577 ns, At safepoint: 18037 ns, Total: 106614 ns
[2020-02-28T02:13:00.875+0000][1][safepoint    ] Safepoint "RevokeBias", Time since last: 2518163286 ns, Reaching safepoint: 89162 ns, At safepoint: 21114 ns, Total: 110276 ns
[2020-02-28T02:13:03.382+0000][1][safepoint    ] Safepoint "RevokeBias", Time since last: 2506210861 ns, Reaching safepoint: 88186 ns, At safepoint: 22104 ns, Total: 110290 ns
[2020-02-28T02:13:05.886+0000][1][safepoint    ] Safepoint "RevokeBias", Time since last: 2504459683 ns, Reaching safepoint: 95787 ns, At safepoint: 21258 ns, Total: 117045 ns
[2020-02-28T02:13:08.394+0000][1][safepoint    ] Safepoint "RevokeBias", Time since last: 2507622041 ns, Reaching safepoint: 80638 ns, At safepoint: 20454 ns, Total: 101092 ns
[2020-02-28T02:13:10.901+0000][1][safepoint    ] Safepoint "RevokeBias", Time since last: 2506740670 ns, Reaching safepoint: 87330 ns, At safepoint: 21433 ns, Total: 108763 ns
[2020-02-28T02:13:13.406+0000][1][safepoint    ] Safepoint "RevokeBias", Time since last: 2505051094 ns, Reaching safepoint: 149103 ns, At safepoint: 29220 ns, Total: 178323 ns
[2020-02-28T02:13:15.915+0000][1][safepoint    ] Safepoint "RevokeBias", Time since last: 2508421286 ns, Reaching safepoint: 77628 ns, At safepoint: 17515 ns, Total: 95143 ns
[2020-02-28T02:13:18.421+0000][1][safepoint    ] Safepoint "BulkRevokeBias", Time since last: 2506478532 ns, Reaching safepoint: 73495 ns, At safepoint: 200816 ns, Total: 274311 ns
[2020-02-28T02:13:18.967+0000][1][gc,start     ] GC(34) Pause Young (Allocation Failure)
[2020-02-28T02:13:18.967+0000][1][gc,task      ] GC(34) Using 1 workers of 1 for evacuation
[2020-02-28T02:13:18.988+0000][1][gc,age       ] GC(34) Desired survivor size 4358144 bytes, new threshold 6 (max threshold 6)
[2020-02-28T02:13:18.988+0000][1][gc,age       ] GC(34) Age table with threshold 6 (max threshold 6)
[2020-02-28T02:13:18.988+0000][1][gc,age       ] GC(34) - age   1:      15136 bytes,      15136 total
[2020-02-28T02:13:18.988+0000][1][gc,age       ] GC(34) - age   2:       3176 bytes,      18312 total
[2020-02-28T02:13:18.988+0000][1][gc,age       ] GC(34) - age   3:      36104 bytes,      54416 total
[2020-02-28T02:13:18.988+0000][1][gc,age       ] GC(34) - age   4:      12752 bytes,      67168 total
[2020-02-28T02:13:18.988+0000][1][gc,age       ] GC(34) - age   5:     255408 bytes,     322576 total
[2020-02-28T02:13:18.988+0000][1][gc,age       ] GC(34) - age   6:    1713560 bytes,    2036136 total
[2020-02-28T02:13:18.988+0000][1][gc,heap      ] GC(34) ParNew: 70823K->2153K(76672K)
[2020-02-28T02:13:18.988+0000][1][gc,heap      ] GC(34) CMS: 60543K->60543K(963392K)
[2020-02-28T02:13:18.988+0000][1][gc,metaspace ] GC(34) Metaspace: 78751K->78751K(1122304K)
[2020-02-28T02:13:18.988+0000][1][gc           ] GC(34) Pause Young (Allocation Failure) 128M->61M(1015M) 21.176ms
[2020-02-28T02:13:18.988+0000][1][gc,cpu       ] GC(34) User=0.02s Sys=0.00s Real=0.03s
[2020-02-28T02:13:18.988+0000][1][safepoint    ] Safepoint "GenCollectForAllocation", Time since last: 545480343 ns, Reaching safepoint: 88527 ns, At safepoint: 21242556 ns, Total: 21331083 ns
[2020-02-28T02:13:20.932+0000][1][safepoint    ] Safepoint "RevokeBias", Time since last: 1943697917 ns, Reaching safepoint: 73298 ns, At safepoint: 16048 ns, Total: 89346 ns
[2020-02-28T02:13:23.437+0000][1][safepoint    ] Safepoint "RevokeBias", Time since last: 2505074138 ns, Reaching safepoint: 105978 ns, At safepoint: 20950 ns, Total: 126928 ns
[2020-02-28T02:13:25.949+0000][1][safepoint    ] Safepoint "RevokeBias", Time since last: 2511755679 ns, Reaching safepoint: 144897 ns, At safepoint: 17559 ns, Total: 162456 ns
[2020-02-28T02:13:28.456+0000][1][safepoint    ] Safepoint "RevokeBias", Time since last: 2506818346 ns, Reaching safepoint: 143519 ns, At safepoint: 21769 ns, Total: 165288 ns
[2020-02-28T02:13:30.963+0000][1][safepoint    ] Safepoint "RevokeBias", Time since last: 2506704226 ns, Reaching safepoint: 80670 ns, At safepoint: 18974 ns, Total: 99644 ns
[2020-02-28T02:13:33.468+0000][1][safepoint    ] Safepoint "RevokeBias", Time since last: 2505354358 ns, Reaching safepoint: 104073 ns, At safepoint: 21274 ns, Total: 125347 ns
[2020-02-28T02:13:35.974+0000][1][safepoint    ] Safepoint "RevokeBias", Time since last: 2505520578 ns, Reaching safepoint: 88119 ns, At safepoint: 20795 ns, Total: 108914 ns
[2020-02-28T02:13:38.483+0000][1][safepoint    ] Safepoint "RevokeBias", Time since last: 2508716363 ns, Reaching safepoint: 78882 ns, At safepoint: 19130 ns, Total: 98012 ns
[2020-02-28T02:13:40.484+0000][1][safepoint    ] Safepoint "Cleanup", Time since last: 2001072003 ns, Reaching safepoint: 96620 ns, At safepoint: 9897 ns, Total: 106517 ns
[2020-02-28T02:13:40.990+0000][1][safepoint    ] Safepoint "RevokeBias", Time since last: 506444504 ns, Reaching safepoint: 87719 ns, At safepoint: 22376 ns, Total: 110095 ns
[2020-02-28T02:13:43.497+0000][1][safepoint    ] Safepoint "RevokeBias", Time since last: 2506870011 ns, Reaching safepoint: 122888 ns, At safepoint: 24524 ns, Total: 147412 ns
[2020-02-28T02:13:46.002+0000][1][safepoint    ] Safepoint "RevokeBias", Time since last: 2504534038 ns, Reaching safepoint: 87156 ns, At safepoint: 21169 ns, Total: 108325 ns
[2020-02-28T02:13:48.512+0000][1][safepoint    ] Safepoint "RevokeBias", Time since last: 2509717097 ns, Reaching safepoint: 74889 ns, At safepoint: 17786 ns, Total: 92675 ns
[2020-02-28T02:13:50.514+0000][1][safepoint    ] Safepoint "Cleanup", Time since last: 2001675321 ns, Reaching safepoint: 95728 ns, At safepoint: 9166 ns, Total: 104894 ns
[2020-02-28T02:13:51.021+0000][1][safepoint    ] Safepoint "RevokeBias", Time since last: 507443956 ns, Reaching safepoint: 74868 ns, At safepoint: 18791 ns, Total: 93659 ns
[2020-02-28T02:13:53.528+0000][1][safepoint    ] Safepoint "RevokeBias", Time since last: 2506249879 ns, Reaching safepoint: 100748 ns, At safepoint: 20354 ns, Total: 121102 ns
[2020-02-28T02:13:56.031+0000][1][safepoint    ] Safepoint "RevokeBias", Time since last: 2503208626 ns, Reaching safepoint: 83237 ns, At safepoint: 19753 ns, Total: 102990 ns
[2020-02-28T02:13:58.536+0000][1][safepoint    ] Safepoint "RevokeBias", Time since last: 2504609526 ns, Reaching safepoint: 68856 ns, At safepoint: 16480 ns, Total: 85336 ns
[2020-02-28T02:14:01.046+0000][1][safepoint    ] Safepoint "RevokeBias", Time since last: 2510092752 ns, Reaching safepoint: 76768 ns, At safepoint: 16257 ns, Total: 93025 ns
[2020-02-28T02:14:03.552+0000][1][safepoint    ] Safepoint "RevokeBias", Time since last: 2505682566 ns, Reaching safepoint: 80837 ns, At safepoint: 19869 ns, Total: 100706 ns
[2020-02-28T02:14:05.553+0000][1][safepoint    ] Safepoint "Cleanup", Time since last: 2001152976 ns, Reaching safepoint: 96279 ns, At safepoint: 8724 ns, Total: 105003 ns
[2020-02-28T02:14:06.055+0000][1][safepoint    ] Safepoint "RevokeBias", Time since last: 502235877 ns, Reaching safepoint: 87684 ns, At safepoint: 22500 ns, Total: 110184 ns
[2020-02-28T02:14:08.561+0000][1][safepoint    ] Safepoint "RevokeBias", Time since last: 2505210100 ns, Reaching safepoint: 85794 ns, At safepoint: 21948 ns, Total: 107742 ns
[2020-02-28T02:14:11.068+0000][1][safepoint    ] Safepoint "RevokeBias", Time since last: 2507739094 ns, Reaching safepoint: 73359 ns, At safepoint: 17878 ns, Total: 91237 ns
[2020-02-28T02:14:12.070+0000][1][safepoint    ] Safepoint "Cleanup", Time since last: 1001725125 ns, Reaching safepoint: 64389 ns, At safepoint: 6365 ns, Total: 70754 ns
[2020-02-28T02:14:13.575+0000][1][safepoint    ] Safepoint "RevokeBias", Time since last: 1504526617 ns, Reaching safepoint: 156700 ns, At safepoint: 23107 ns, Total: 179807 ns
[2020-02-28T02:14:16.081+0000][1][safepoint    ] Safepoint "RevokeBias", Time since last: 2506395923 ns, Reaching safepoint: 84505 ns, At safepoint: 20482 ns, Total: 104987 ns
[2020-02-28T02:14:18.587+0000][1][safepoint    ] Safepoint "RevokeBias", Time since last: 2506000959 ns, Reaching safepoint: 87125 ns, At safepoint: 21395 ns, Total: 108520 ns
[2020-02-28T02:14:21.093+0000][1][safepoint    ] Safepoint "RevokeBias", Time since last: 2505271727 ns, Reaching safepoint: 113004 ns, At safepoint: 20629 ns, Total: 133633 ns
[2020-02-28T02:14:23.602+0000][1][safepoint    ] Safepoint "RevokeBias", Time since last: 2508611627 ns, Reaching safepoint: 76280 ns, At safepoint: 17703 ns, Total: 93983 ns
[2020-02-28T02:14:26.106+0000][1][safepoint    ] Safepoint "RevokeBias", Time since last: 2504658939 ns, Reaching safepoint: 75502 ns, At safepoint: 18161 ns, Total: 93663 ns
[2020-02-28T02:14:28.613+0000][1][safepoint    ] Safepoint "RevokeBias", Time since last: 2506313997 ns, Reaching safepoint: 111102 ns, At safepoint: 24849 ns, Total: 135951 ns
[2020-02-28T02:14:31.120+0000][1][safepoint    ] Safepoint "BulkRevokeBias", Time since last: 2506608538 ns, Reaching safepoint: 86700 ns, At safepoint: 390458 ns, Total: 477158 ns
[2020-02-28T02:14:33.626+0000][1][safepoint    ] Safepoint "RevokeBias", Time since last: 2506227136 ns, Reaching safepoint: 86640 ns, At safepoint: 39174 ns, Total: 125814 ns
[2020-02-28T02:14:36.133+0000][1][safepoint    ] Safepoint "RevokeBias", Time since last: 2506253229 ns, Reaching safepoint: 75401 ns, At safepoint: 18578 ns, Total: 93979 ns
[2020-02-28T02:14:38.651+0000][1][safepoint    ] Safepoint "RevokeBias", Time since last: 2518758762 ns, Reaching safepoint: 73936 ns, At safepoint: 17670 ns, Total: 91606 ns
[2020-02-28T02:14:41.161+0000][1][safepoint    ] Safepoint "RevokeBias", Time since last: 2509322987 ns, Reaching safepoint: 89569 ns, At safepoint: 20883 ns, Total: 110452 ns
[2020-02-28T02:14:43.667+0000][1][safepoint    ] Safepoint "RevokeBias", Time since last: 2506277474 ns, Reaching safepoint: 93248 ns, At safepoint: 20946 ns, Total: 114194 ns
[2020-02-28T02:14:46.171+0000][1][safepoint    ] Safepoint "RevokeBias", Time since last: 2503944336 ns, Reaching safepoint: 87655 ns, At safepoint: 41480 ns, Total: 129135 ns
[2020-02-28T02:14:48.677+0000][1][safepoint    ] Safepoint "RevokeBias", Time since last: 2505576292 ns, Reaching safepoint: 84393 ns, At safepoint: 20161 ns, Total: 104554 ns
[2020-02-28T02:14:49.677+0000][1][safepoint    ] Safepoint "Cleanup", Time since last: 1000286137 ns, Reaching safepoint: 97673 ns, At safepoint: 9614 ns, Total: 107287 ns
[2020-02-28T02:14:51.183+0000][1][safepoint    ] Safepoint "RevokeBias", Time since last: 1506009102 ns, Reaching safepoint: 86627 ns, At safepoint: 20090 ns, Total: 106717 ns
[2020-02-28T02:14:53.695+0000][1][safepoint    ] Safepoint "RevokeBias", Time since last: 2511222000 ns, Reaching safepoint: 75478 ns, At safepoint: 16899 ns, Total: 92377 ns
[2020-02-28T02:14:56.200+0000][1][safepoint    ] Safepoint "RevokeBias", Time since last: 2504900103 ns, Reaching safepoint: 88289 ns, At safepoint: 20776 ns, Total: 109065 ns
[2020-02-28T02:14:58.706+0000][1][safepoint    ] Safepoint "RevokeBias", Time since last: 2505861265 ns, Reaching safepoint: 106141 ns, At safepoint: 21597 ns, Total: 127738 ns
[2020-02-28T02:14:59.707+0000][1][safepoint    ] Safepoint "Cleanup", Time since last: 1000666734 ns, Reaching safepoint: 97125 ns, At safepoint: 9863 ns, Total: 106988 ns
[2020-02-28T02:15:01.214+0000][1][safepoint    ] Safepoint "RevokeBias", Time since last: 1507256888 ns, Reaching safepoint: 82372 ns, At safepoint: 19304 ns, Total: 101676 ns
[2020-02-28T02:15:03.720+0000][1][safepoint    ] Safepoint "RevokeBias", Time since last: 2506223196 ns, Reaching safepoint: 114894 ns, At safepoint: 27577 ns, Total: 142471 ns
[2020-02-28T02:15:06.224+0000][1][safepoint    ] Safepoint "RevokeBias", Time since last: 2503236872 ns, Reaching safepoint: 76990 ns, At safepoint: 19046 ns, Total: 96036 ns
[2020-02-28T02:15:08.729+0000][1][safepoint    ] Safepoint "RevokeBias", Time since last: 2504821770 ns, Reaching safepoint: 88778 ns, At safepoint: 21498 ns, Total: 110276 ns
[2020-02-28T02:15:11.234+0000][1][safepoint    ] Safepoint "RevokeBias", Time since last: 2505619870 ns, Reaching safepoint: 88324 ns, At safepoint: 20689 ns, Total: 109013 ns
[2020-02-28T02:15:13.742+0000][1][safepoint    ] Safepoint "RevokeBias", Time since last: 2507597044 ns, Reaching safepoint: 77346 ns, At safepoint: 17283 ns, Total: 94629 ns
[2020-02-28T02:15:16.246+0000][1][safepoint    ] Safepoint "RevokeBias", Time since last: 2504195419 ns, Reaching safepoint: 80365 ns, At safepoint: 19135 ns, Total: 99500 ns
[2020-02-28T02:15:18.752+0000][1][safepoint    ] Safepoint "RevokeBias", Time since last: 2505872914 ns, Reaching safepoint: 104687 ns, At safepoint: 23321 ns, Total: 128008 ns
[2020-02-28T02:15:21.263+0000][1][safepoint    ] Safepoint "RevokeBias", Time since last: 2510696659 ns, Reaching safepoint: 74899 ns, At safepoint: 17229 ns, Total: 92128 ns
[2020-02-28T02:15:23.769+0000][1][safepoint    ] Safepoint "RevokeBias", Time since last: 2506017567 ns, Reaching safepoint: 96905 ns, At safepoint: 42012 ns, Total: 138917 ns
[2020-02-28T02:15:26.273+0000][1][safepoint    ] Safepoint "RevokeBias", Time since last: 2503395588 ns, Reaching safepoint: 87855 ns, At safepoint: 20827 ns, Total: 108682 ns
[2020-02-28T02:15:27.281+0000][1][safepoint    ] Safepoint "Cleanup", Time since last: 1008041473 ns, Reaching safepoint: 59111 ns, At safepoint: 5939 ns, Total: 65050 ns
[2020-02-28T02:15:28.777+0000][1][safepoint    ] Safepoint "RevokeBias", Time since last: 1496416458 ns, Reaching safepoint: 132136 ns, At safepoint: 22771 ns, Total: 154907 ns
[2020-02-28T02:15:31.284+0000][1][safepoint    ] Safepoint "RevokeBias", Time since last: 2506890066 ns, Reaching safepoint: 88511 ns, At safepoint: 21616 ns, Total: 110127 ns
[2020-02-28T02:15:33.791+0000][1][safepoint    ] Safepoint "RevokeBias", Time since last: 2506152437 ns, Reaching safepoint: 137120 ns, At safepoint: 23231 ns, Total: 160351 ns
[2020-02-28T02:15:36.293+0000][1][safepoint    ] Safepoint "RevokeBias", Time since last: 2502654637 ns, Reaching safepoint: 78520 ns, At safepoint: 19146 ns, Total: 97666 ns
[2020-02-28T02:15:38.799+0000][1][safepoint    ] Safepoint "RevokeBias", Time since last: 2504983668 ns, Reaching safepoint: 76543 ns, At safepoint: 18386 ns, Total: 94929 ns
[2020-02-28T02:15:39.071+0000][1][gc,start     ] GC(35) Pause Young (Allocation Failure)
[2020-02-28T02:15:39.071+0000][1][gc,task      ] GC(35) Using 1 workers of 1 for evacuation
[2020-02-28T02:15:39.330+0000][1][gc,age       ] GC(35) Desired survivor size 4358144 bytes, new threshold 6 (max threshold 6)
[2020-02-28T02:15:39.330+0000][1][gc,age       ] GC(35) Age table with threshold 6 (max threshold 6)
[2020-02-28T02:15:39.330+0000][1][gc,age       ] GC(35) - age   1:      13184 bytes,      13184 total
[2020-02-28T02:15:39.330+0000][1][gc,age       ] GC(35) - age   2:       3288 bytes,      16472 total
[2020-02-28T02:15:39.330+0000][1][gc,age       ] GC(35) - age   3:       3176 bytes,      19648 total
[2020-02-28T02:15:39.330+0000][1][gc,age       ] GC(35) - age   4:      36104 bytes,      55752 total
[2020-02-28T02:15:39.330+0000][1][gc,age       ] GC(35) - age   5:      12752 bytes,      68504 total
[2020-02-28T02:15:39.330+0000][1][gc,age       ] GC(35) - age   6:     255408 bytes,     323912 total
[2020-02-28T02:15:39.330+0000][1][gc,heap      ] GC(35) ParNew: 70313K->2029K(76672K)
[2020-02-28T02:15:39.330+0000][1][gc,heap      ] GC(35) CMS: 60543K->62258K(963392K)
[2020-02-28T02:15:39.330+0000][1][gc,metaspace ] GC(35) Metaspace: 78806K->78806K(1122304K)
[2020-02-28T02:15:39.330+0000][1][gc           ] GC(35) Pause Young (Allocation Failure) 127M->62M(1015M) 259.526ms
[2020-02-28T02:15:39.330+0000][1][gc,cpu       ] GC(35) User=0.02s Sys=0.01s Real=0.26s
[2020-02-28T02:15:39.330+0000][1][safepoint    ] Safepoint "GenCollectForAllocation", Time since last: 272132093 ns, Reaching safepoint: 85473 ns, At safepoint: 259583389 ns, Total: 259668862 ns
[2020-02-28T02:15:41.306+0000][1][safepoint    ] Safepoint "RevokeBias", Time since last: 1975908098 ns, Reaching safepoint: 87659 ns, At safepoint: 23749 ns, Total: 111408 ns
[2020-02-28T02:15:43.816+0000][1][safepoint    ] Safepoint "BulkRevokeBias", Time since last: 2509583368 ns, Reaching safepoint: 83185 ns, At safepoint: 399008 ns, Total: 482193 ns
[2020-02-28T02:15:46.322+0000][1][safepoint    ] Safepoint "RevokeBias", Time since last: 2505440894 ns, Reaching safepoint: 75360 ns, At safepoint: 18002 ns, Total: 93362 ns
[2020-02-28T02:15:48.829+0000][1][safepoint    ] Safepoint "RevokeBias", Time since last: 2506894336 ns, Reaching safepoint: 99072 ns, At safepoint: 19279 ns, Total: 118351 ns
[2020-02-28T02:15:49.838+0000][1][safepoint    ] Safepoint "Cleanup", Time since last: 1008745316 ns, Reaching safepoint: 87876 ns, At safepoint: 6905 ns, Total: 94781 ns
[2020-02-28T02:15:51.335+0000][1][safepoint    ] Safepoint "RevokeBias", Time since last: 1496691049 ns, Reaching safepoint: 82273 ns, At safepoint: 18936 ns, Total: 101209 ns
[2020-02-28T02:15:53.839+0000][1][safepoint    ] Safepoint "RevokeBias", Time since last: 2504701381 ns, Reaching safepoint: 86854 ns, At safepoint: 21348 ns, Total: 108202 ns
[2020-02-28T02:15:56.348+0000][1][safepoint    ] Safepoint "RevokeBias", Time since last: 2508505165 ns, Reaching safepoint: 126498 ns, At safepoint: 19774 ns, Total: 146272 ns
[2020-02-28T02:15:58.854+0000][1][safepoint    ] Safepoint "RevokeBias", Time since last: 2505900692 ns, Reaching safepoint: 86319 ns, At safepoint: 19824 ns, Total: 106143 ns
[2020-02-28T02:16:01.361+0000][1][safepoint    ] Safepoint "RevokeBias", Time since last: 2506696249 ns, Reaching safepoint: 120648 ns, At safepoint: 23380 ns, Total: 144028 ns
[2020-02-28T02:16:03.870+0000][1][safepoint    ] Safepoint "RevokeBias", Time since last: 2508496946 ns, Reaching safepoint: 145888 ns, At safepoint: 18290 ns, Total: 164178 ns
[2020-02-28T02:16:05.870+0000][1][safepoint    ] Safepoint "Cleanup", Time since last: 2000809162 ns, Reaching safepoint: 82866 ns, At safepoint: 8245 ns, Total: 91111 ns
[2020-02-28T02:16:06.374+0000][1][safepoint    ] Safepoint "RevokeBias", Time since last: 503884653 ns, Reaching safepoint: 88243 ns, At safepoint: 21112 ns, Total: 109355 ns
[2020-02-28T02:16:08.889+0000][1][safepoint    ] Safepoint "RevokeBias", Time since last: 2514529875 ns, Reaching safepoint: 75086 ns, At safepoint: 16291 ns, Total: 91377 ns
[2020-02-28T02:16:11.398+0000][1][safepoint    ] Safepoint "RevokeBias", Time since last: 2508342947 ns, Reaching safepoint: 91034 ns, At safepoint: 20464 ns, Total: 111498 ns
[2020-02-28T02:16:13.904+0000][1][safepoint    ] Safepoint "RevokeBias", Time since last: 2505986287 ns, Reaching safepoint: 91739 ns, At safepoint: 20823 ns, Total: 112562 ns
[2020-02-28T02:16:16.409+0000][1][safepoint    ] Safepoint "RevokeBias", Time since last: 2505479296 ns, Reaching safepoint: 88038 ns, At safepoint: 19871 ns, Total: 107909 ns
[2020-02-28T02:16:18.916+0000][1][safepoint    ] Safepoint "RevokeBias", Time since last: 2506492645 ns, Reaching safepoint: 143927 ns, At safepoint: 31086 ns, Total: 175013 ns
[2020-02-28T02:16:19.916+0000][1][safepoint    ] Safepoint "Cleanup", Time since last: 1000143266 ns, Reaching safepoint: 98107 ns, At safepoint: 9700 ns, Total: 107807 ns
[2020-02-28T02:16:21.424+0000][1][safepoint    ] Safepoint "RevokeBias", Time since last: 1507835109 ns, Reaching safepoint: 88719 ns, At safepoint: 19357 ns, Total: 108076 ns
[2020-02-28T02:16:23.930+0000][1][safepoint    ] Safepoint "RevokeBias", Time since last: 2505560481 ns, Reaching safepoint: 116640 ns, At safepoint: 18849 ns, Total: 135489 ns
[2020-02-28T02:16:26.459+0000][1][safepoint    ] Safepoint "RevokeBias", Time since last: 2529489879 ns, Reaching safepoint: 98091 ns, At safepoint: 86342 ns, Total: 184433 ns
[2020-02-28T02:16:28.970+0000][1][safepoint    ] Safepoint "RevokeBias", Time since last: 2510498811 ns, Reaching safepoint: 74589 ns, At safepoint: 79630 ns, Total: 154219 ns
[2020-02-28T02:16:31.485+0000][1][safepoint    ] Safepoint "RevokeBias", Time since last: 2514343930 ns, Reaching safepoint: 108975 ns, At safepoint: 18353 ns, Total: 127328 ns
[2020-02-28T02:16:33.996+0000][1][safepoint    ] Safepoint "RevokeBias", Time since last: 2511175538 ns, Reaching safepoint: 126767 ns, At safepoint: 37827 ns, Total: 164594 ns
[2020-02-28T02:16:34.362+0000][1][safepoint    ] Safepoint "RevokeBias", Time since last: 366088893 ns, Reaching safepoint: 124812 ns, At safepoint: 60805 ns, Total: 185617 ns
[2020-02-28T02:16:36.368+0000][1][safepoint    ] Safepoint "Cleanup", Time since last: 2005390101 ns, Reaching safepoint: 91548 ns, At safepoint: 6145 ns, Total: 97693 ns
[2020-02-28T02:16:36.504+0000][1][safepoint    ] Safepoint "RevokeBias", Time since last: 136449176 ns, Reaching safepoint: 73109 ns, At safepoint: 17857 ns, Total: 90966 ns
[2020-02-28T02:16:39.017+0000][1][safepoint    ] Safepoint "RevokeBias", Time since last: 2512184698 ns, Reaching safepoint: 90942 ns, At safepoint: 20649 ns, Total: 111591 ns
[2020-02-28T02:16:41.522+0000][1][safepoint    ] Safepoint "RevokeBias", Time since last: 2505061313 ns, Reaching safepoint: 119193 ns, At safepoint: 23027 ns, Total: 142220 ns
[2020-02-28T02:16:42.526+0000][1][safepoint    ] Safepoint "Cleanup", Time since last: 1004161488 ns, Reaching safepoint: 67598 ns, At safepoint: 6617 ns, Total: 74215 ns
[2020-02-28T02:16:44.025+0000][1][safepoint    ] Safepoint "RevokeBias", Time since last: 1499316252 ns, Reaching safepoint: 75501 ns, At safepoint: 17104 ns, Total: 92605 ns
[2020-02-28T02:16:46.542+0000][1][safepoint    ] Safepoint "RevokeBias", Time since last: 2516100623 ns, Reaching safepoint: 55583 ns, At safepoint: 16285 ns, Total: 71868 ns
[2020-02-28T02:16:49.058+0000][1][safepoint    ] Safepoint "RevokeBias", Time since last: 2516335142 ns, Reaching safepoint: 90062 ns, At safepoint: 21121 ns, Total: 111183 ns
[2020-02-28T02:16:51.563+0000][1][safepoint    ] Safepoint "RevokeBias", Time since last: 2504910455 ns, Reaching safepoint: 74910 ns, At safepoint: 17999 ns, Total: 92909 ns
[2020-02-28T02:16:54.069+0000][1][safepoint    ] Safepoint "RevokeBias", Time since last: 2505385735 ns, Reaching safepoint: 89826 ns, At safepoint: 20995 ns, Total: 110821 ns
[2020-02-28T02:16:56.576+0000][1][safepoint    ] Safepoint "BulkRevokeBias", Time since last: 2507465514 ns, Reaching safepoint: 88226 ns, At safepoint: 217937 ns, Total: 306163 ns
[2020-02-28T02:16:59.082+0000][1][safepoint    ] Safepoint "RevokeBias", Time since last: 2506088902 ns, Reaching safepoint: 87897 ns, At safepoint: 21316 ns, Total: 109213 ns
[2020-02-28T02:17:01.588+0000][1][safepoint    ] Safepoint "RevokeBias", Time since last: 2505722467 ns, Reaching safepoint: 87553 ns, At safepoint: 20766 ns, Total: 108319 ns
[2020-02-28T02:17:04.101+0000][1][safepoint    ] Safepoint "RevokeBias", Time since last: 2512517168 ns, Reaching safepoint: 91174 ns, At safepoint: 22059 ns, Total: 113233 ns
[2020-02-28T02:17:06.616+0000][1][safepoint    ] Safepoint "RevokeBias", Time since last: 2515182871 ns, Reaching safepoint: 58135 ns, At safepoint: 67757 ns, Total: 125892 ns
[2020-02-28T02:17:09.123+0000][1][safepoint    ] Safepoint "RevokeBias", Time since last: 2506143658 ns, Reaching safepoint: 106770 ns, At safepoint: 20136 ns, Total: 126906 ns
[2020-02-28T02:17:11.629+0000][1][safepoint    ] Safepoint "RevokeBias", Time since last: 2506672396 ns, Reaching safepoint: 87348 ns, At safepoint: 21285 ns, Total: 108633 ns
[2020-02-28T02:17:14.137+0000][1][safepoint    ] Safepoint "RevokeBias", Time since last: 2507831170 ns, Reaching safepoint: 86587 ns, At safepoint: 21279 ns, Total: 107866 ns
[2020-02-28T02:17:16.645+0000][1][safepoint    ] Safepoint "RevokeBias", Time since last: 2507793472 ns, Reaching safepoint: 60520 ns, At safepoint: 17764 ns, Total: 78284 ns
[2020-02-28T02:17:19.158+0000][1][safepoint    ] Safepoint "RevokeBias", Time since last: 2512658662 ns, Reaching safepoint: 86808 ns, At safepoint: 20456 ns, Total: 107264 ns
[2020-02-28T02:17:21.672+0000][1][safepoint    ] Safepoint "RevokeBias", Time since last: 2512455540 ns, Reaching safepoint: 1183870 ns, At safepoint: 81345 ns, Total: 1265215 ns
[2020-02-28T02:17:24.177+0000][1][safepoint    ] Safepoint "RevokeBias", Time since last: 2505073719 ns, Reaching safepoint: 88678 ns, At safepoint: 20494 ns, Total: 109172 ns
[2020-02-28T02:17:26.681+0000][1][safepoint    ] Safepoint "RevokeBias", Time since last: 2504284281 ns, Reaching safepoint: 87671 ns, At safepoint: 17741 ns, Total: 105412 ns
[2020-02-28T02:17:29.187+0000][1][safepoint    ] Safepoint "RevokeBias", Time since last: 2505993828 ns, Reaching safepoint: 89176 ns, At safepoint: 20886 ns, Total: 110062 ns
[2020-02-28T02:17:31.694+0000][1][safepoint    ] Safepoint "RevokeBias", Time since last: 2506924667 ns, Reaching safepoint: 94125 ns, At safepoint: 21098 ns, Total: 115223 ns
[2020-02-28T02:17:34.199+0000][1][safepoint    ] Safepoint "RevokeBias", Time since last: 2504953044 ns, Reaching safepoint: 107730 ns, At safepoint: 24322 ns, Total: 132052 ns
[2020-02-28T02:17:36.704+0000][1][safepoint    ] Safepoint "RevokeBias", Time since last: 2504241391 ns, Reaching safepoint: 88191 ns, At safepoint: 61878 ns, Total: 150069 ns
[2020-02-28T02:17:39.208+0000][1][safepoint    ] Safepoint "RevokeBias", Time since last: 2504276885 ns, Reaching safepoint: 92484 ns, At safepoint: 23024 ns, Total: 115508 ns
[2020-02-28T02:17:41.716+0000][1][safepoint    ] Safepoint "RevokeBias", Time since last: 2507525386 ns, Reaching safepoint: 90937 ns, At safepoint: 22243 ns, Total: 113180 ns
[2020-02-28T02:17:44.226+0000][1][safepoint    ] Safepoint "RevokeBias", Time since last: 2510409687 ns, Reaching safepoint: 70449 ns, At safepoint: 16569 ns, Total: 87018 ns
[2020-02-28T02:17:46.732+0000][1][safepoint    ] Safepoint "RevokeBias", Time since last: 2505778108 ns, Reaching safepoint: 82205 ns, At safepoint: 19323 ns, Total: 101528 ns
[2020-02-28T02:17:49.243+0000][1][safepoint    ] Safepoint "RevokeBias", Time since last: 2509098086 ns, Reaching safepoint: 1208277 ns, At safepoint: 22507 ns, Total: 1230784 ns
[2020-02-28T02:17:51.747+0000][1][safepoint    ] Safepoint "RevokeBias", Time since last: 2504429796 ns, Reaching safepoint: 109338 ns, At safepoint: 20293 ns, Total: 129631 ns
[2020-02-28T02:17:54.292+0000][1][safepoint    ] Safepoint "RevokeBias", Time since last: 2544778381 ns, Reaching safepoint: 92828 ns, At safepoint: 23512 ns, Total: 116340 ns
[2020-02-28T02:17:56.789+0000][1][safepoint    ] Safepoint "RevokeBias", Time since last: 2496778239 ns, Reaching safepoint: 77657 ns, At safepoint: 17784 ns, Total: 95441 ns
[2020-02-28T02:17:59.302+0000][1][safepoint    ] Safepoint "RevokeBias", Time since last: 2512948830 ns, Reaching safepoint: 95888 ns, At safepoint: 20073 ns, Total: 115961 ns
[2020-02-28T02:17:59.421+0000][1][gc,start     ] GC(36) Pause Young (Allocation Failure)
[2020-02-28T02:17:59.421+0000][1][gc,task      ] GC(36) Using 1 workers of 1 for evacuation
[2020-02-28T02:17:59.541+0000][1][gc,age       ] GC(36) Desired survivor size 4358144 bytes, new threshold 6 (max threshold 6)
[2020-02-28T02:17:59.541+0000][1][gc,age       ] GC(36) Age table with threshold 6 (max threshold 6)
[2020-02-28T02:17:59.541+0000][1][gc,age       ] GC(36) - age   1:      13112 bytes,      13112 total
[2020-02-28T02:17:59.541+0000][1][gc,age       ] GC(36) - age   2:       1312 bytes,      14424 total
[2020-02-28T02:17:59.541+0000][1][gc,age       ] GC(36) - age   3:       3168 bytes,      17592 total
[2020-02-28T02:17:59.541+0000][1][gc,age       ] GC(36) - age   4:       3176 bytes,      20768 total
[2020-02-28T02:17:59.541+0000][1][gc,age       ] GC(36) - age   5:      36104 bytes,      56872 total
[2020-02-28T02:17:59.541+0000][1][gc,age       ] GC(36) - age   6:      12752 bytes,      69624 total
[2020-02-28T02:17:59.541+0000][1][gc,heap      ] GC(36) ParNew: 70189K->566K(76672K)
[2020-02-28T02:17:59.541+0000][1][gc,heap      ] GC(36) CMS: 62258K->62510K(963392K)
[2020-02-28T02:17:59.541+0000][1][gc,metaspace ] GC(36) Metaspace: 79033K->79033K(1122304K)
[2020-02-28T02:17:59.541+0000][1][gc           ] GC(36) Pause Young (Allocation Failure) 129M->61M(1015M) 119.850ms
[2020-02-28T02:17:59.541+0000][1][gc,cpu       ] GC(36) User=0.01s Sys=0.00s Real=0.12s
[2020-02-28T02:17:59.541+0000][1][safepoint    ] Safepoint "GenCollectForAllocation", Time since last: 118851992 ns, Reaching safepoint: 82241 ns, At safepoint: 119908090 ns, Total: 119990331 ns
[2020-02-28T02:18:00.548+0000][1][safepoint    ] Safepoint "Cleanup", Time since last: 1007163485 ns, Reaching safepoint: 84635 ns, At safepoint: 8236 ns, Total: 92871 ns
[2020-02-28T02:18:01.809+0000][1][safepoint    ] Safepoint "RevokeBias", Time since last: 1260822228 ns, Reaching safepoint: 82220 ns, At safepoint: 19263 ns, Total: 101483 ns
[2020-02-28T02:18:04.321+0000][1][safepoint    ] Safepoint "RevokeBias", Time since last: 2511105268 ns, Reaching safepoint: 1154733 ns, At safepoint: 23734 ns, Total: 1178467 ns
[2020-02-28T02:18:06.824+0000][1][safepoint    ] Safepoint "RevokeBias", Time since last: 2502929567 ns, Reaching safepoint: 91103 ns, At safepoint: 20583 ns, Total: 111686 ns
[2020-02-28T02:18:09.333+0000][1][safepoint    ] Safepoint "BulkRevokeBias", Time since last: 2508124112 ns, Reaching safepoint: 141421 ns, At safepoint: 217121 ns, Total: 358542 ns
[2020-02-28T02:18:11.863+0000][1][safepoint    ] Safepoint "RevokeBias", Time since last: 2530064487 ns, Reaching safepoint: 72155 ns, At safepoint: 15501 ns, Total: 87656 ns
[2020-02-28T02:18:12.868+0000][1][safepoint    ] Safepoint "Cleanup", Time since last: 1005434655 ns, Reaching safepoint: 93806 ns, At safepoint: 7065 ns, Total: 100871 ns
[2020-02-28T02:18:14.371+0000][1][safepoint    ] Safepoint "RevokeBias", Time since last: 1502758371 ns, Reaching safepoint: 149206 ns, At safepoint: 21250 ns, Total: 170456 ns
[2020-02-28T02:18:16.876+0000][1][safepoint    ] Safepoint "RevokeBias", Time since last: 2504887732 ns, Reaching safepoint: 82500 ns, At safepoint: 19238 ns, Total: 101738 ns
[2020-02-28T02:18:19.381+0000][1][safepoint    ] Safepoint "RevokeBias", Time since last: 2504880594 ns, Reaching safepoint: 86352 ns, At safepoint: 20456 ns, Total: 106808 ns
[2020-02-28T02:18:20.382+0000][1][safepoint    ] Safepoint "Cleanup", Time since last: 1000896276 ns, Reaching safepoint: 110379 ns, At safepoint: 9544 ns, Total: 119923 ns
[2020-02-28T02:18:21.890+0000][1][safepoint    ] Safepoint "RevokeBias", Time since last: 1507208186 ns, Reaching safepoint: 94538 ns, At safepoint: 21104 ns, Total: 115642 ns
[2020-02-28T02:18:24.396+0000][1][safepoint    ] Safepoint "RevokeBias", Time since last: 2506552081 ns, Reaching safepoint: 90507 ns, At safepoint: 21680 ns, Total: 112187 ns
[2020-02-28T02:18:26.901+0000][1][safepoint    ] Safepoint "RevokeBias", Time since last: 2504646385 ns, Reaching safepoint: 89071 ns, At safepoint: 21198 ns, Total: 110269 ns
[2020-02-28T02:18:29.407+0000][1][safepoint    ] Safepoint "RevokeBias", Time since last: 2506020673 ns, Reaching safepoint: 89927 ns, At safepoint: 21010 ns, Total: 110937 ns
[2020-02-28T02:18:31.913+0000][1][safepoint    ] Safepoint "RevokeBias", Time since last: 2505414165 ns, Reaching safepoint: 75239 ns, At safepoint: 18699 ns, Total: 93938 ns
[2020-02-28T02:18:34.419+0000][1][safepoint    ] Safepoint "RevokeBias", Time since last: 2505968175 ns, Reaching safepoint: 91843 ns, At safepoint: 20513 ns, Total: 112356 ns
[2020-02-28T02:18:36.924+0000][1][safepoint    ] Safepoint "RevokeBias", Time since last: 2504573545 ns, Reaching safepoint: 86925 ns, At safepoint: 21757 ns, Total: 108682 ns
[2020-02-28T02:18:39.428+0000][1][safepoint    ] Safepoint "RevokeBias", Time since last: 2504185843 ns, Reaching safepoint: 67336 ns, At safepoint: 18991 ns, Total: 86327 ns
[2020-02-28T02:18:41.935+0000][1][safepoint    ] Safepoint "RevokeBias", Time since last: 2507009157 ns, Reaching safepoint: 81393 ns, At safepoint: 18630 ns, Total: 100023 ns
[2020-02-28T02:18:44.441+0000][1][safepoint    ] Safepoint "RevokeBias", Time since last: 2506078426 ns, Reaching safepoint: 86863 ns, At safepoint: 22548 ns, Total: 109411 ns
[2020-02-28T02:18:46.945+0000][1][safepoint    ] Safepoint "RevokeBias", Time since last: 2504147693 ns, Reaching safepoint: 87324 ns, At safepoint: 21247 ns, Total: 108571 ns
[2020-02-28T02:18:49.455+0000][1][safepoint    ] Safepoint "RevokeBias", Time since last: 2509684562 ns, Reaching safepoint: 73922 ns, At safepoint: 17351 ns, Total: 91273 ns
[2020-02-28T02:18:51.964+0000][1][safepoint    ] Safepoint "RevokeBias", Time since last: 2508748235 ns, Reaching safepoint: 100969 ns, At safepoint: 22386 ns, Total: 123355 ns
[2020-02-28T02:18:54.470+0000][1][safepoint    ] Safepoint "RevokeBias", Time since last: 2506182795 ns, Reaching safepoint: 106759 ns, At safepoint: 23777 ns, Total: 130536 ns
[2020-02-28T02:18:56.975+0000][1][safepoint    ] Safepoint "RevokeBias", Time since last: 2504443066 ns, Reaching safepoint: 78378 ns, At safepoint: 18248 ns, Total: 96626 ns
[2020-02-28T02:18:59.481+0000][1][safepoint    ] Safepoint "RevokeBias", Time since last: 2506057609 ns, Reaching safepoint: 122869 ns, At safepoint: 37403 ns, Total: 160272 ns
[2020-02-28T02:19:01.997+0000][1][safepoint    ] Safepoint "RevokeBias", Time since last: 2516151958 ns, Reaching safepoint: 74990 ns, At safepoint: 17777 ns, Total: 92767 ns
[2020-02-28T02:19:04.509+0000][1][safepoint    ] Safepoint "RevokeBias", Time since last: 2510438465 ns, Reaching safepoint: 1189848 ns, At safepoint: 24913 ns, Total: 1214761 ns
[2020-02-28T02:19:07.016+0000][1][safepoint    ] Safepoint "RevokeBias", Time since last: 2507390365 ns, Reaching safepoint: 75188 ns, At safepoint: 16909 ns, Total: 92097 ns
[2020-02-28T02:19:09.524+0000][1][safepoint    ] Safepoint "RevokeBias", Time since last: 2507904518 ns, Reaching safepoint: 77919 ns, At safepoint: 18015 ns, Total: 95934 ns
[2020-02-28T02:19:10.528+0000][1][safepoint    ] Safepoint "Cleanup", Time since last: 1003923890 ns, Reaching safepoint: 86271 ns, At safepoint: 7089 ns, Total: 93360 ns
[2020-02-28T02:19:12.032+0000][1][safepoint    ] Safepoint "RevokeBias", Time since last: 1503509744 ns, Reaching safepoint: 79476 ns, At safepoint: 18369 ns, Total: 97845 ns
[2020-02-28T02:19:14.539+0000][1][safepoint    ] Safepoint "RevokeBias", Time since last: 2506358427 ns, Reaching safepoint: 83865 ns, At safepoint: 23540 ns, Total: 107405 ns
[2020-02-28T02:19:17.041+0000][1][safepoint    ] Safepoint "RevokeBias", Time since last: 2502840762 ns, Reaching safepoint: 74578 ns, At safepoint: 17589 ns, Total: 92167 ns
[2020-02-28T02:19:19.547+0000][1][safepoint    ] Safepoint "RevokeBias", Time since last: 2505727431 ns, Reaching safepoint: 90249 ns, At safepoint: 20653 ns, Total: 110902 ns
[2020-02-28T02:19:22.055+0000][1][safepoint    ] Safepoint "BulkRevokeBias", Time since last: 2507048255 ns, Reaching safepoint: 104744 ns, At safepoint: 269375 ns, Total: 374119 ns
[2020-02-28T02:19:24.560+0000][1][safepoint    ] Safepoint "RevokeBias", Time since last: 2505557627 ns, Reaching safepoint: 107249 ns, At safepoint: 20094 ns, Total: 127343 ns
[2020-02-28T02:19:27.065+0000][1][safepoint    ] Safepoint "RevokeBias", Time since last: 2504178727 ns, Reaching safepoint: 92009 ns, At safepoint: 20557 ns, Total: 112566 ns
[2020-02-28T02:19:29.570+0000][1][safepoint    ] Safepoint "RevokeBias", Time since last: 2505311886 ns, Reaching safepoint: 89696 ns, At safepoint: 20730 ns, Total: 110426 ns
[2020-02-28T02:19:32.077+0000][1][safepoint    ] Safepoint "RevokeBias", Time since last: 2506868911 ns, Reaching safepoint: 114820 ns, At safepoint: 17881 ns, Total: 132701 ns
[2020-02-28T02:19:34.583+0000][1][safepoint    ] Safepoint "RevokeBias", Time since last: 2506020429 ns, Reaching safepoint: 100892 ns, At safepoint: 22884 ns, Total: 123776 ns
[2020-02-28T02:19:37.086+0000][1][safepoint    ] Safepoint "RevokeBias", Time since last: 2503018525 ns, Reaching safepoint: 76880 ns, At safepoint: 18297 ns, Total: 95177 ns
[2020-02-28T02:19:39.594+0000][1][safepoint    ] Safepoint "RevokeBias", Time since last: 2507101275 ns, Reaching safepoint: 87879 ns, At safepoint: 20790 ns, Total: 108669 ns
[2020-02-28T02:19:42.101+0000][1][safepoint    ] Safepoint "RevokeBias", Time since last: 2507197822 ns, Reaching safepoint: 73255 ns, At safepoint: 17059 ns, Total: 90314 ns
[2020-02-28T02:19:44.612+0000][1][safepoint    ] Safepoint "RevokeBias", Time since last: 2511445784 ns, Reaching safepoint: 82925 ns, At safepoint: 23043 ns, Total: 105968 ns
[2020-02-28T02:19:47.116+0000][1][safepoint    ] Safepoint "RevokeBias", Time since last: 2503725704 ns, Reaching safepoint: 95962 ns, At safepoint: 23244 ns, Total: 119206 ns
[2020-02-28T02:19:49.625+0000][1][safepoint    ] Safepoint "RevokeBias", Time since last: 2508137247 ns, Reaching safepoint: 85610 ns, At safepoint: 20245 ns, Total: 105855 ns
[2020-02-28T02:19:51.625+0000][1][safepoint    ] Safepoint "Cleanup", Time since last: 2000559872 ns, Reaching safepoint: 90605 ns, At safepoint: 8286 ns, Total: 98891 ns
[2020-02-28T02:19:52.132+0000][1][safepoint    ] Safepoint "RevokeBias", Time since last: 506223445 ns, Reaching safepoint: 104834 ns, At safepoint: 21784 ns, Total: 126618 ns
[2020-02-28T02:19:54.639+0000][1][safepoint    ] Safepoint "RevokeBias", Time since last: 2506867792 ns, Reaching safepoint: 88343 ns, At safepoint: 20919 ns, Total: 109262 ns
[2020-02-28T02:19:57.143+0000][1][safepoint    ] Safepoint "RevokeBias", Time since last: 2504299570 ns, Reaching safepoint: 132824 ns, At safepoint: 23101 ns, Total: 155925 ns
[2020-02-28T02:19:59.648+0000][1][safepoint    ] Safepoint "RevokeBias", Time since last: 2504541633 ns, Reaching safepoint: 88014 ns, At safepoint: 20888 ns, Total: 108902 ns
[2020-02-28T02:20:02.159+0000][1][safepoint    ] Safepoint "RevokeBias", Time since last: 2511666500 ns, Reaching safepoint: 71986 ns, At safepoint: 16494 ns, Total: 88480 ns
[2020-02-28T02:20:04.675+0000][1][safepoint    ] Safepoint "RevokeBias", Time since last: 2515065799 ns, Reaching safepoint: 85968 ns, At safepoint: 20268 ns, Total: 106236 ns
[2020-02-28T02:20:07.179+0000][1][safepoint    ] Safepoint "RevokeBias", Time since last: 2504727575 ns, Reaching safepoint: 77399 ns, At safepoint: 17961 ns, Total: 95360 ns
[2020-02-28T02:20:09.685+0000][1][safepoint    ] Safepoint "RevokeBias", Time since last: 2505527843 ns, Reaching safepoint: 79273 ns, At safepoint: 18517 ns, Total: 97790 ns
[2020-02-28T02:20:12.194+0000][1][safepoint    ] Safepoint "RevokeBias", Time since last: 2509303352 ns, Reaching safepoint: 79696 ns, At safepoint: 16841 ns, Total: 96537 ns
[2020-02-28T02:20:14.699+0000][1][safepoint    ] Safepoint "RevokeBias", Time since last: 2504850939 ns, Reaching safepoint: 103643 ns, At safepoint: 19942 ns, Total: 123585 ns
[2020-02-28T02:20:17.204+0000][1][safepoint    ] Safepoint "RevokeBias", Time since last: 2504737203 ns, Reaching safepoint: 89284 ns, At safepoint: 20624 ns, Total: 109908 ns
[2020-02-28T02:20:19.628+0000][1][gc,start     ] GC(37) Pause Young (Allocation Failure)
[2020-02-28T02:20:19.628+0000][1][gc,task      ] GC(37) Using 1 workers of 1 for evacuation
[2020-02-28T02:20:19.640+0000][1][gc,age       ] GC(37) Desired survivor size 4358144 bytes, new threshold 6 (max threshold 6)
[2020-02-28T02:20:19.640+0000][1][gc,age       ] GC(37) Age table with threshold 6 (max threshold 6)
[2020-02-28T02:20:19.640+0000][1][gc,age       ] GC(37) - age   1:      15560 bytes,      15560 total
[2020-02-28T02:20:19.640+0000][1][gc,age       ] GC(37) - age   2:       1280 bytes,      16840 total
[2020-02-28T02:20:19.640+0000][1][gc,age       ] GC(37) - age   3:       1312 bytes,      18152 total
[2020-02-28T02:20:19.640+0000][1][gc,age       ] GC(37) - age   4:       3168 bytes,      21320 total
[2020-02-28T02:20:19.640+0000][1][gc,age       ] GC(37) - age   5:       3056 bytes,      24376 total
[2020-02-28T02:20:19.640+0000][1][gc,age       ] GC(37) - age   6:      36104 bytes,      60480 total
[2020-02-28T02:20:19.640+0000][1][gc,heap      ] GC(37) ParNew: 68726K->154K(76672K)
[2020-02-28T02:20:19.640+0000][1][gc,heap      ] GC(37) CMS: 62510K->62522K(963392K)
[2020-02-28T02:20:19.640+0000][1][gc,metaspace ] GC(37) Metaspace: 79084K->79084K(1122304K)
[2020-02-28T02:20:19.640+0000][1][gc           ] GC(37) Pause Young (Allocation Failure) 128M->61M(1015M) 11.578ms
[2020-02-28T02:20:19.640+0000][1][gc,cpu       ] GC(37) User=0.01s Sys=0.00s Real=0.01s
[2020-02-28T02:20:19.640+0000][1][safepoint    ] Safepoint "GenCollectForAllocation", Time since last: 2424064528 ns, Reaching safepoint: 95917 ns, At safepoint: 11627197 ns, Total: 11723114 ns
[2020-02-28T02:20:19.709+0000][1][safepoint    ] Safepoint "RevokeBias", Time since last: 68860633 ns, Reaching safepoint: 88714 ns, At safepoint: 20965 ns, Total: 109679 ns
[2020-02-28T02:20:22.216+0000][1][safepoint    ] Safepoint "RevokeBias", Time since last: 2507323022 ns, Reaching safepoint: 88344 ns, At safepoint: 21040 ns, Total: 109384 ns
[2020-02-28T02:20:24.722+0000][1][safepoint    ] Safepoint "RevokeBias", Time since last: 2505796024 ns, Reaching safepoint: 128682 ns, At safepoint: 43597 ns, Total: 172279 ns
[2020-02-28T02:20:27.227+0000][1][safepoint    ] Safepoint "RevokeBias", Time since last: 2504459507 ns, Reaching safepoint: 87000 ns, At safepoint: 20354 ns, Total: 107354 ns
[2020-02-28T02:20:29.733+0000][1][safepoint    ] Safepoint "RevokeBias", Time since last: 2505875272 ns, Reaching safepoint: 128602 ns, At safepoint: 24066 ns, Total: 152668 ns
[2020-02-28T02:20:32.241+0000][1][safepoint    ] Safepoint "RevokeBias", Time since last: 2507464819 ns, Reaching safepoint: 78134 ns, At safepoint: 18744 ns, Total: 96878 ns
[2020-02-28T02:20:34.747+0000][1][safepoint    ] Safepoint "BulkRevokeBias", Time since last: 2506290936 ns, Reaching safepoint: 76481 ns, At safepoint: 267952 ns, Total: 344433 ns
[2020-02-28T02:20:37.251+0000][1][safepoint    ] Safepoint "RevokeBias", Time since last: 2504088792 ns, Reaching safepoint: 91578 ns, At safepoint: 20094 ns, Total: 111672 ns
[2020-02-28T02:20:39.758+0000][1][safepoint    ] Safepoint "RevokeBias", Time since last: 2506320179 ns, Reaching safepoint: 94917 ns, At safepoint: 19551 ns, Total: 114468 ns
[2020-02-28T02:20:42.265+0000][1][safepoint    ] Safepoint "RevokeBias", Time since last: 2506825143 ns, Reaching safepoint: 92104 ns, At safepoint: 20456 ns, Total: 112560 ns
[2020-02-28T02:20:44.774+0000][1][safepoint    ] Safepoint "RevokeBias", Time since last: 2509239373 ns, Reaching safepoint: 126002 ns, At safepoint: 21775 ns, Total: 147777 ns
[2020-02-28T02:20:45.775+0000][1][safepoint    ] Safepoint "Cleanup", Time since last: 1000881552 ns, Reaching safepoint: 98738 ns, At safepoint: 10278 ns, Total: 109016 ns
[2020-02-28T02:20:47.278+0000][1][safepoint    ] Safepoint "RevokeBias", Time since last: 1502759724 ns, Reaching safepoint: 81700 ns, At safepoint: 18604 ns, Total: 100304 ns
[2020-02-28T02:20:49.783+0000][1][safepoint    ] Safepoint "RevokeBias", Time since last: 2504587878 ns, Reaching safepoint: 88675 ns, At safepoint: 20328 ns, Total: 109003 ns
[2020-02-28T02:20:52.287+0000][1][safepoint    ] Safepoint "RevokeBias", Time since last: 2504030910 ns, Reaching safepoint: 86904 ns, At safepoint: 21213 ns, Total: 108117 ns
[2020-02-28T02:20:54.794+0000][1][safepoint    ] Safepoint "RevokeBias", Time since last: 2507382138 ns, Reaching safepoint: 77162 ns, At safepoint: 33906 ns, Total: 111068 ns
[2020-02-28T02:20:57.302+0000][1][safepoint    ] Safepoint "RevokeBias", Time since last: 2507911840 ns, Reaching safepoint: 96820 ns, At safepoint: 32808 ns, Total: 129628 ns
[2020-02-28T02:20:59.809+0000][1][safepoint    ] Safepoint "RevokeBias", Time since last: 2506497730 ns, Reaching safepoint: 85978 ns, At safepoint: 21112 ns, Total: 107090 ns
[2020-02-28T02:21:00.810+0000][1][safepoint    ] Safepoint "Cleanup", Time since last: 1001034606 ns, Reaching safepoint: 98742 ns, At safepoint: 8616 ns, Total: 107358 ns
[2020-02-28T02:21:02.317+0000][1][safepoint    ] Safepoint "RevokeBias", Time since last: 1507197674 ns, Reaching safepoint: 71772 ns, At safepoint: 17343 ns, Total: 89115 ns
[2020-02-28T02:21:04.822+0000][1][safepoint    ] Safepoint "RevokeBias", Time since last: 2504717915 ns, Reaching safepoint: 78934 ns, At safepoint: 18922 ns, Total: 97856 ns
[2020-02-28T02:21:07.326+0000][1][safepoint    ] Safepoint "RevokeBias", Time since last: 2503730197 ns, Reaching safepoint: 103857 ns, At safepoint: 37595 ns, Total: 141452 ns
[2020-02-28T02:21:09.836+0000][1][safepoint    ] Safepoint "RevokeBias", Time since last: 2510092912 ns, Reaching safepoint: 73775 ns, At safepoint: 18212 ns, Total: 91987 ns
[2020-02-28T02:21:12.347+0000][1][safepoint    ] Safepoint "RevokeBias", Time since last: 2510978115 ns, Reaching safepoint: 74297 ns, At safepoint: 17814 ns, Total: 92111 ns
[2020-02-28T02:21:14.860+0000][1][safepoint    ] Safepoint "RevokeBias", Time since last: 2512483680 ns, Reaching safepoint: 106490 ns, At safepoint: 39646 ns, Total: 146136 ns
[2020-02-28T02:21:17.366+0000][1][safepoint    ] Safepoint "RevokeBias", Time since last: 2505815212 ns, Reaching safepoint: 76156 ns, At safepoint: 17516 ns, Total: 93672 ns
[2020-02-28T02:21:19.870+0000][1][safepoint    ] Safepoint "RevokeBias", Time since last: 2503837949 ns, Reaching safepoint: 74503 ns, At safepoint: 17160 ns, Total: 91663 ns
[2020-02-28T02:21:22.377+0000][1][safepoint    ] Safepoint "RevokeBias", Time since last: 2506826511 ns, Reaching safepoint: 96164 ns, At safepoint: 18541 ns, Total: 114705 ns
[2020-02-28T02:21:23.380+0000][1][safepoint    ] Safepoint "Cleanup", Time since last: 1002946485 ns, Reaching safepoint: 65579 ns, At safepoint: 6479 ns, Total: 72058 ns
[2020-02-28T02:21:24.888+0000][1][safepoint    ] Safepoint "RevokeBias", Time since last: 1508317786 ns, Reaching safepoint: 106185 ns, At safepoint: 20441 ns, Total: 126626 ns
[2020-02-28T02:21:25.889+0000][1][safepoint    ] Safepoint "Cleanup", Time since last: 1000657513 ns, Reaching safepoint: 95068 ns, At safepoint: 8124 ns, Total: 103192 ns
[2020-02-28T02:21:27.395+0000][1][safepoint    ] Safepoint "RevokeBias", Time since last: 1505252129 ns, Reaching safepoint: 1207484 ns, At safepoint: 25071 ns, Total: 1232555 ns
[2020-02-28T02:21:29.903+0000][1][safepoint    ] Safepoint "RevokeBias", Time since last: 2507679250 ns, Reaching safepoint: 76185 ns, At safepoint: 25115 ns, Total: 101300 ns
[2020-02-28T02:21:32.409+0000][1][safepoint    ] Safepoint "RevokeBias", Time since last: 2506167550 ns, Reaching safepoint: 80179 ns, At safepoint: 17549 ns, Total: 97728 ns
[2020-02-28T02:21:34.918+0000][1][safepoint    ] Safepoint "RevokeBias", Time since last: 2508169002 ns, Reaching safepoint: 118780 ns, At safepoint: 22067 ns, Total: 140847 ns
[2020-02-28T02:21:37.428+0000][1][safepoint    ] Safepoint "RevokeBias", Time since last: 2510038026 ns, Reaching safepoint: 77513 ns, At safepoint: 17331 ns, Total: 94844 ns
[2020-02-28T02:21:39.940+0000][1][safepoint    ] Safepoint "RevokeBias", Time since last: 2511707694 ns, Reaching safepoint: 64098 ns, At safepoint: 19205 ns, Total: 83303 ns
[2020-02-28T02:21:40.941+0000][1][safepoint    ] Safepoint "Cleanup", Time since last: 1000816556 ns, Reaching safepoint: 96070 ns, At safepoint: 8710 ns, Total: 104780 ns
[2020-02-28T02:21:42.451+0000][1][safepoint    ] Safepoint "RevokeBias", Time since last: 1510652516 ns, Reaching safepoint: 103936 ns, At safepoint: 19724 ns, Total: 123660 ns
[2020-02-28T02:21:44.959+0000][1][safepoint    ] Safepoint "RevokeBias", Time since last: 2507066415 ns, Reaching safepoint: 104843 ns, At safepoint: 24269 ns, Total: 129112 ns
[2020-02-28T02:21:47.461+0000][1][safepoint    ] Safepoint "BulkRevokeBias", Time since last: 2502467820 ns, Reaching safepoint: 119490 ns, At safepoint: 225899 ns, Total: 345389 ns
[2020-02-28T02:21:49.968+0000][1][safepoint    ] Safepoint "RevokeBias", Time since last: 2506720386 ns, Reaching safepoint: 86783 ns, At safepoint: 21344 ns, Total: 108127 ns
[2020-02-28T02:21:50.969+0000][1][safepoint    ] Safepoint "Cleanup", Time since last: 1000632994 ns, Reaching safepoint: 89896 ns, At safepoint: 7606 ns, Total: 97502 ns
[2020-02-28T02:21:51.969+0000][1][safepoint    ] Safepoint "Cleanup", Time since last: 1000299545 ns, Reaching safepoint: 93545 ns, At safepoint: 8628 ns, Total: 102173 ns
[2020-02-28T02:21:52.478+0000][1][safepoint    ] Safepoint "RevokeBias", Time since last: 508511478 ns, Reaching safepoint: 73320 ns, At safepoint: 17538 ns, Total: 90858 ns
[2020-02-28T02:21:54.989+0000][1][safepoint    ] Safepoint "RevokeBias", Time since last: 2510944895 ns, Reaching safepoint: 88658 ns, At safepoint: 29263 ns, Total: 117921 ns
[2020-02-28T02:21:57.504+0000][1][safepoint    ] Safepoint "RevokeBias", Time since last: 2515164280 ns, Reaching safepoint: 118947 ns, At safepoint: 22167 ns, Total: 141114 ns
[2020-02-28T02:21:59.505+0000][1][safepoint    ] Safepoint "Cleanup", Time since last: 2000606022 ns, Reaching safepoint: 93494 ns, At safepoint: 9760 ns, Total: 103254 ns
[2020-02-28T02:22:00.011+0000][1][safepoint    ] Safepoint "RevokeBias", Time since last: 505753730 ns, Reaching safepoint: 109869 ns, At safepoint: 19413 ns, Total: 129282 ns
[2020-02-28T02:22:02.518+0000][1][safepoint    ] Safepoint "RevokeBias", Time since last: 2506612886 ns, Reaching safepoint: 87476 ns, At safepoint: 21262 ns, Total: 108738 ns
[2020-02-28T02:22:05.022+0000][1][safepoint    ] Safepoint "RevokeBias", Time since last: 2504271784 ns, Reaching safepoint: 87343 ns, At safepoint: 20774 ns, Total: 108117 ns
[2020-02-28T02:22:07.538+0000][1][safepoint    ] Safepoint "RevokeBias", Time since last: 2515725021 ns, Reaching safepoint: 74027 ns, At safepoint: 17926 ns, Total: 91953 ns
[2020-02-28T02:22:10.050+0000][1][safepoint    ] Safepoint "RevokeBias", Time since last: 2511774614 ns, Reaching safepoint: 86826 ns, At safepoint: 21199 ns, Total: 108025 ns
[2020-02-28T02:22:12.051+0000][1][safepoint    ] Safepoint "Cleanup", Time since last: 2001036124 ns, Reaching safepoint: 94885 ns, At safepoint: 9541 ns, Total: 104426 ns
[2020-02-28T02:22:12.569+0000][1][safepoint    ] Safepoint "RevokeBias", Time since last: 518022244 ns, Reaching safepoint: 73376 ns, At safepoint: 17946 ns, Total: 91322 ns
[2020-02-28T02:22:15.086+0000][1][safepoint    ] Safepoint "RevokeBias", Time since last: 2516496293 ns, Reaching safepoint: 107525 ns, At safepoint: 24596 ns, Total: 132121 ns
[2020-02-28T02:22:17.087+0000][1][safepoint    ] Safepoint "Cleanup", Time since last: 2000994211 ns, Reaching safepoint: 96604 ns, At safepoint: 9724 ns, Total: 106328 ns
[2020-02-28T02:22:17.603+0000][1][safepoint    ] Safepoint "RevokeBias", Time since last: 516220730 ns, Reaching safepoint: 55056 ns, At safepoint: 16095 ns, Total: 71151 ns
[2020-02-28T02:22:20.120+0000][1][safepoint    ] Safepoint "RevokeBias", Time since last: 2516084770 ns, Reaching safepoint: 1107675 ns, At safepoint: 21706 ns, Total: 1129381 ns
[2020-02-28T02:22:21.121+0000][1][safepoint    ] Safepoint "Cleanup", Time since last: 1000789626 ns, Reaching safepoint: 87404 ns, At safepoint: 7773 ns, Total: 95177 ns
[2020-02-28T02:22:22.638+0000][1][safepoint    ] Safepoint "RevokeBias", Time since last: 1516324869 ns, Reaching safepoint: 53285 ns, At safepoint: 15789 ns, Total: 69074 ns
[2020-02-28T02:22:25.145+0000][1][safepoint    ] Safepoint "RevokeBias", Time since last: 2507672087 ns, Reaching safepoint: 73433 ns, At safepoint: 18673 ns, Total: 92106 ns
[2020-02-28T02:22:27.649+0000][1][safepoint    ] Safepoint "RevokeBias", Time since last: 2503554713 ns, Reaching safepoint: 87148 ns, At safepoint: 20567 ns, Total: 107715 ns
[2020-02-28T02:22:30.175+0000][1][safepoint    ] Safepoint "RevokeBias", Time since last: 2518742528 ns, Reaching safepoint: 6835125 ns, At safepoint: 27562 ns, Total: 6862687 ns
[2020-02-28T02:22:32.677+0000][1][safepoint    ] Safepoint "RevokeBias", Time since last: 2502031893 ns, Reaching safepoint: 90062 ns, At safepoint: 21611 ns, Total: 111673 ns
[2020-02-28T02:22:35.184+0000][1][safepoint    ] Safepoint "RevokeBias", Time since last: 2507172818 ns, Reaching safepoint: 87424 ns, At safepoint: 20856 ns, Total: 108280 ns
[2020-02-28T02:22:37.688+0000][1][safepoint    ] Safepoint "RevokeBias", Time since last: 2503930945 ns, Reaching safepoint: 82669 ns, At safepoint: 19322 ns, Total: 101991 ns
[2020-02-28T02:22:39.719+0000][1][gc,start     ] GC(38) Pause Young (Allocation Failure)
[2020-02-28T02:22:39.719+0000][1][gc,task      ] GC(38) Using 1 workers of 1 for evacuation
[2020-02-28T02:22:39.732+0000][1][gc,age       ] GC(38) Desired survivor size 4358144 bytes, new threshold 6 (max threshold 6)
[2020-02-28T02:22:39.732+0000][1][gc,age       ] GC(38) Age table with threshold 6 (max threshold 6)
[2020-02-28T02:22:39.732+0000][1][gc,age       ] GC(38) - age   1:      32880 bytes,      32880 total
[2020-02-28T02:22:39.732+0000][1][gc,age       ] GC(38) - age   2:       3528 bytes,      36408 total
[2020-02-28T02:22:39.732+0000][1][gc,age       ] GC(38) - age   3:       1280 bytes,      37688 total
[2020-02-28T02:22:39.732+0000][1][gc,age       ] GC(38) - age   4:       1312 bytes,      39000 total
[2020-02-28T02:22:39.732+0000][1][gc,age       ] GC(38) - age   5:       2936 bytes,      41936 total
[2020-02-28T02:22:39.732+0000][1][gc,age       ] GC(38) - age   6:       3056 bytes,      44992 total
[2020-02-28T02:22:39.732+0000][1][gc,heap      ] GC(38) ParNew: 68314K->53K(76672K)
[2020-02-28T02:22:39.732+0000][1][gc,heap      ] GC(38) CMS: 62522K->62558K(963392K)
[2020-02-28T02:22:39.732+0000][1][gc,metaspace ] GC(38) Metaspace: 79158K->79158K(1122304K)
[2020-02-28T02:22:39.732+0000][1][gc           ] GC(38) Pause Young (Allocation Failure) 127M->61M(1015M) 12.933ms
[2020-02-28T02:22:39.732+0000][1][gc,cpu       ] GC(38) User=0.02s Sys=0.00s Real=0.01s
[2020-02-28T02:22:39.732+0000][1][safepoint    ] Safepoint "GenCollectForAllocation", Time since last: 2031024130 ns, Reaching safepoint: 82933 ns, At safepoint: 13004189 ns, Total: 13087122 ns
[2020-02-28T02:22:40.194+0000][1][safepoint    ] Safepoint "RevokeBias", Time since last: 462005302 ns, Reaching safepoint: 71159 ns, At safepoint: 17200 ns, Total: 88359 ns
[2020-02-28T02:22:42.700+0000][1][safepoint    ] Safepoint "RevokeBias", Time since last: 2505673511 ns, Reaching safepoint: 85423 ns, At safepoint: 20634 ns, Total: 106057 ns
[2020-02-28T02:22:45.206+0000][1][safepoint    ] Safepoint "RevokeBias", Time since last: 2506186266 ns, Reaching safepoint: 106362 ns, At safepoint: 23656 ns, Total: 130018 ns
[2020-02-28T02:22:47.710+0000][1][safepoint    ] Safepoint "RevokeBias", Time since last: 2503192264 ns, Reaching safepoint: 88335 ns, At safepoint: 21620 ns, Total: 109955 ns
[2020-02-28T02:22:50.216+0000][1][safepoint    ] Safepoint "RevokeBias", Time since last: 2505885196 ns, Reaching safepoint: 76375 ns, At safepoint: 29513 ns, Total: 105888 ns
[2020-02-28T02:22:52.723+0000][1][safepoint    ] Safepoint "RevokeBias", Time since last: 2507093703 ns, Reaching safepoint: 172004 ns, At safepoint: 50575 ns, Total: 222579 ns
[2020-02-28T02:22:55.228+0000][1][safepoint    ] Safepoint "RevokeBias", Time since last: 2505363613 ns, Reaching safepoint: 77640 ns, At safepoint: 17099 ns, Total: 94739 ns
[2020-02-28T02:22:57.732+0000][1][safepoint    ] Safepoint "RevokeBias", Time since last: 2503789939 ns, Reaching safepoint: 87323 ns, At safepoint: 20751 ns, Total: 108074 ns
[2020-02-28T02:23:00.243+0000][1][safepoint    ] Safepoint "BulkRevokeBias", Time since last: 2510181208 ns, Reaching safepoint: 76867 ns, At safepoint: 191822 ns, Total: 268689 ns
[2020-02-28T02:23:02.760+0000][1][safepoint    ] Safepoint "RevokeBias", Time since last: 2516804528 ns, Reaching safepoint: 88186 ns, At safepoint: 21204 ns, Total: 109390 ns
[2020-02-28T02:23:05.269+0000][1][safepoint    ] Safepoint "RevokeBias", Time since last: 2509352528 ns, Reaching safepoint: 86192 ns, At safepoint: 22211 ns, Total: 108403 ns
[2020-02-28T02:23:07.270+0000][1][safepoint    ] Safepoint "Cleanup", Time since last: 2001238463 ns, Reaching safepoint: 114009 ns, At safepoint: 10109 ns, Total: 124118 ns
[2020-02-28T02:23:07.783+0000][1][safepoint    ] Safepoint "RevokeBias", Time since last: 512918587 ns, Reaching safepoint: 55678 ns, At safepoint: 16034 ns, Total: 71712 ns
[2020-02-28T02:23:10.303+0000][1][safepoint    ] Safepoint "RevokeBias", Time since last: 2518480520 ns, Reaching safepoint: 1370073 ns, At safepoint: 26384 ns, Total: 1396457 ns
[2020-02-28T02:23:12.820+0000][1][safepoint    ] Safepoint "RevokeBias", Time since last: 2516227112 ns, Reaching safepoint: 56404 ns, At safepoint: 15727 ns, Total: 72131 ns
[2020-02-28T02:23:15.330+0000][1][safepoint    ] Safepoint "RevokeBias", Time since last: 2510582462 ns, Reaching safepoint: 85423 ns, At safepoint: 20925 ns, Total: 106348 ns
[2020-02-28T02:23:16.331+0000][1][safepoint    ] Safepoint "Cleanup", Time since last: 1000297680 ns, Reaching safepoint: 94545 ns, At safepoint: 9328 ns, Total: 103873 ns
[2020-02-28T02:23:17.332+0000][1][safepoint    ] Safepoint "Cleanup", Time since last: 1000916673 ns, Reaching safepoint: 83082 ns, At safepoint: 6946 ns, Total: 90028 ns
[2020-02-28T02:23:17.853+0000][1][safepoint    ] Safepoint "RevokeBias", Time since last: 521392184 ns, Reaching safepoint: 54092 ns, At safepoint: 15831 ns, Total: 69923 ns
[2020-02-28T02:23:20.365+0000][1][safepoint    ] Safepoint "RevokeBias", Time since last: 2512163249 ns, Reaching safepoint: 89780 ns, At safepoint: 19588 ns, Total: 109368 ns
[2020-02-28T02:23:22.883+0000][1][safepoint    ] Safepoint "RevokeBias", Time since last: 2517792824 ns, Reaching safepoint: 54521 ns, At safepoint: 15633 ns, Total: 70154 ns
[2020-02-28T02:23:25.399+0000][1][safepoint    ] Safepoint "RevokeBias", Time since last: 2515831174 ns, Reaching safepoint: 88325 ns, At safepoint: 20893 ns, Total: 109218 ns
[2020-02-28T02:23:27.915+0000][1][safepoint    ] Safepoint "RevokeBias", Time since last: 2515435073 ns, Reaching safepoint: 73181 ns, At safepoint: 17852 ns, Total: 91033 ns
[2020-02-28T02:23:30.433+0000][1][safepoint    ] Safepoint "RevokeBias", Time since last: 2518474921 ns, Reaching safepoint: 72942 ns, At safepoint: 17670 ns, Total: 90612 ns
[2020-02-28T02:23:32.953+0000][1][safepoint    ] Safepoint "RevokeBias", Time since last: 2519675845 ns, Reaching safepoint: 73410 ns, At safepoint: 17233 ns, Total: 90643 ns
[2020-02-28T02:23:35.464+0000][1][safepoint    ] Safepoint "RevokeBias", Time since last: 2510938715 ns, Reaching safepoint: 72925 ns, At safepoint: 18331 ns, Total: 91256 ns
[2020-02-28T02:23:37.466+0000][1][safepoint    ] Safepoint "Cleanup", Time since last: 2001269299 ns, Reaching safepoint: 86130 ns, At safepoint: 9149 ns, Total: 95279 ns
[2020-02-28T02:23:37.979+0000][1][safepoint    ] Safepoint "RevokeBias", Time since last: 513358869 ns, Reaching safepoint: 54789 ns, At safepoint: 16605 ns, Total: 71394 ns
[2020-02-28T02:23:40.488+0000][1][safepoint    ] Safepoint "RevokeBias", Time since last: 2509380347 ns, Reaching safepoint: 106377 ns, At safepoint: 21267 ns, Total: 127644 ns
[2020-02-28T02:23:43.004+0000][1][safepoint    ] Safepoint "RevokeBias", Time since last: 2515200249 ns, Reaching safepoint: 53907 ns, At safepoint: 16606 ns, Total: 70513 ns
[2020-02-28T02:23:45.516+0000][1][safepoint    ] Safepoint "RevokeBias", Time since last: 2512010012 ns, Reaching safepoint: 86600 ns, At safepoint: 19670 ns, Total: 106270 ns
[2020-02-28T02:23:48.026+0000][1][safepoint    ] Safepoint "RevokeBias", Time since last: 2510263491 ns, Reaching safepoint: 55654 ns, At safepoint: 16263 ns, Total: 71917 ns
[2020-02-28T02:23:50.028+0000][1][safepoint    ] Safepoint "Cleanup", Time since last: 2001345767 ns, Reaching safepoint: 95048 ns, At safepoint: 9907 ns, Total: 104955 ns
[2020-02-28T02:23:50.540+0000][1][safepoint    ] Safepoint "RevokeBias", Time since last: 512033866 ns, Reaching safepoint: 89808 ns, At safepoint: 21712 ns, Total: 111520 ns
[2020-02-28T02:23:53.066+0000][1][safepoint    ] Safepoint "RevokeBias", Time since last: 2525670609 ns, Reaching safepoint: 185814 ns, At safepoint: 61098 ns, Total: 246912 ns
[2020-02-28T02:23:55.576+0000][1][safepoint    ] Safepoint "RevokeBias", Time since last: 2510111769 ns, Reaching safepoint: 78449 ns, At safepoint: 18737 ns, Total: 97186 ns
[2020-02-28T02:23:58.094+0000][1][safepoint    ] Safepoint "RevokeBias", Time since last: 2518375839 ns, Reaching safepoint: 73367 ns, At safepoint: 18185 ns, Total: 91552 ns
[2020-02-28T02:24:00.607+0000][1][safepoint    ] Safepoint "RevokeBias", Time since last: 2512421190 ns, Reaching safepoint: 119398 ns, At safepoint: 24480 ns, Total: 143878 ns
[2020-02-28T02:24:03.119+0000][1][safepoint    ] Safepoint "RevokeBias", Time since last: 2512168556 ns, Reaching safepoint: 74353 ns, At safepoint: 17696 ns, Total: 92049 ns
[2020-02-28T02:24:05.631+0000][1][safepoint    ] Safepoint "RevokeBias", Time since last: 2512123284 ns, Reaching safepoint: 120792 ns, At safepoint: 22727 ns, Total: 143519 ns
[2020-02-28T02:24:08.157+0000][1][safepoint    ] Safepoint "RevokeBias", Time since last: 2525303692 ns, Reaching safepoint: 74149 ns, At safepoint: 17800 ns, Total: 91949 ns
[2020-02-28T02:24:10.159+0000][1][safepoint    ] Safepoint "Cleanup", Time since last: 2001923695 ns, Reaching safepoint: 118806 ns, At safepoint: 10163 ns, Total: 128969 ns
[2020-02-28T02:24:10.670+0000][1][safepoint    ] Safepoint "RevokeBias", Time since last: 511229363 ns, Reaching safepoint: 87629 ns, At safepoint: 38165 ns, Total: 125794 ns
[2020-02-28T02:24:13.199+0000][1][safepoint    ] Safepoint "BulkRevokeBias", Time since last: 2528867813 ns, Reaching safepoint: 75657 ns, At safepoint: 193496 ns, Total: 269153 ns
[2020-02-28T02:24:15.711+0000][1][safepoint    ] Safepoint "RevokeBias", Time since last: 2511459967 ns, Reaching safepoint: 86535 ns, At safepoint: 20557 ns, Total: 107092 ns
[2020-02-28T02:24:18.225+0000][1][safepoint    ] Safepoint "RevokeBias", Time since last: 2513481337 ns, Reaching safepoint: 56443 ns, At safepoint: 16330 ns, Total: 72773 ns
[2020-02-28T02:24:20.731+0000][1][safepoint    ] Safepoint "RevokeBias", Time since last: 2506451431 ns, Reaching safepoint: 113264 ns, At safepoint: 20625 ns, Total: 133889 ns
[2020-02-28T02:24:21.732+0000][1][safepoint    ] Safepoint "Cleanup", Time since last: 1000808327 ns, Reaching safepoint: 93673 ns, At safepoint: 8660 ns, Total: 102333 ns
[2020-02-28T02:24:23.242+0000][1][safepoint    ] Safepoint "RevokeBias", Time since last: 1509508041 ns, Reaching safepoint: 55852 ns, At safepoint: 16793 ns, Total: 72645 ns
[2020-02-28T02:24:25.754+0000][1][safepoint    ] Safepoint "RevokeBias", Time since last: 2512502702 ns, Reaching safepoint: 88119 ns, At safepoint: 20891 ns, Total: 109010 ns
[2020-02-28T02:24:28.277+0000][1][safepoint    ] Safepoint "RevokeBias", Time since last: 2522260870 ns, Reaching safepoint: 53681 ns, At safepoint: 78509 ns, Total: 132190 ns
[2020-02-28T02:24:30.789+0000][1][safepoint    ] Safepoint "RevokeBias", Time since last: 2511848761 ns, Reaching safepoint: 85161 ns, At safepoint: 21404 ns, Total: 106565 ns
[2020-02-28T02:24:33.679+0000][1][safepoint    ] Safepoint "RevokeBias", Time since last: 2513073150 ns, Reaching safepoint: 377190115 ns, At safepoint: 40638 ns, Total: 377230753 ns
[2020-02-28T02:24:35.809+0000][1][safepoint    ] Safepoint "RevokeBias", Time since last: 2130419839 ns, Reaching safepoint: 140892 ns, At safepoint: 23278 ns, Total: 164170 ns
[2020-02-28T02:24:38.319+0000][1][safepoint    ] Safepoint "RevokeBias", Time since last: 2509092569 ns, Reaching safepoint: 171245 ns, At safepoint: 19404 ns, Total: 190649 ns
[2020-02-28T02:24:40.827+0000][1][safepoint    ] Safepoint "RevokeBias", Time since last: 2508365262 ns, Reaching safepoint: 87392 ns, At safepoint: 20959 ns, Total: 108351 ns
[2020-02-28T02:24:43.340+0000][1][safepoint    ] Safepoint "RevokeBias", Time since last: 2512615057 ns, Reaching safepoint: 53230 ns, At safepoint: 16245 ns, Total: 69475 ns
[2020-02-28T02:24:45.854+0000][1][safepoint    ] Safepoint "RevokeBias", Time since last: 2513643662 ns, Reaching safepoint: 86056 ns, At safepoint: 20703 ns, Total: 106759 ns
[2020-02-28T02:24:48.375+0000][1][safepoint    ] Safepoint "RevokeBias", Time since last: 2521755943 ns, Reaching safepoint: 55818 ns, At safepoint: 16264 ns, Total: 72082 ns
[2020-02-28T02:24:50.886+0000][1][safepoint    ] Safepoint "RevokeBias", Time since last: 2510053795 ns, Reaching safepoint: 88971 ns, At safepoint: 21342 ns, Total: 110313 ns
[2020-02-28T02:24:53.396+0000][1][safepoint    ] Safepoint "RevokeBias", Time since last: 2510745395 ns, Reaching safepoint: 55159 ns, At safepoint: 16617 ns, Total: 71776 ns
[2020-02-28T02:24:55.911+0000][1][safepoint    ] Safepoint "RevokeBias", Time since last: 2514041779 ns, Reaching safepoint: 85021 ns, At safepoint: 20090 ns, Total: 105111 ns
[2020-02-28T02:24:58.430+0000][1][safepoint    ] Safepoint "RevokeBias", Time since last: 2519321083 ns, Reaching safepoint: 56213 ns, At safepoint: 16306 ns, Total: 72519 ns
[2020-02-28T02:24:59.817+0000][1][gc,start     ] GC(39) Pause Young (Allocation Failure)
[2020-02-28T02:24:59.817+0000][1][gc,task      ] GC(39) Using 1 workers of 1 for evacuation
[2020-02-28T02:24:59.828+0000][1][gc,age       ] GC(39) Desired survivor size 4358144 bytes, new threshold 6 (max threshold 6)
[2020-02-28T02:24:59.828+0000][1][gc,age       ] GC(39) Age table with threshold 6 (max threshold 6)
[2020-02-28T02:24:59.828+0000][1][gc,age       ] GC(39) - age   1:      11736 bytes,      11736 total
[2020-02-28T02:24:59.828+0000][1][gc,age       ] GC(39) - age   2:      21848 bytes,      33584 total
[2020-02-28T02:24:59.828+0000][1][gc,age       ] GC(39) - age   3:       3528 bytes,      37112 total
[2020-02-28T02:24:59.828+0000][1][gc,age       ] GC(39) - age   4:       1280 bytes,      38392 total
[2020-02-28T02:24:59.828+0000][1][gc,age       ] GC(39) - age   5:       1312 bytes,      39704 total
[2020-02-28T02:24:59.828+0000][1][gc,age       ] GC(39) - age   6:       2936 bytes,      42640 total
[2020-02-28T02:24:59.828+0000][1][gc,heap      ] GC(39) ParNew: 68213K->46K(76672K)
[2020-02-28T02:24:59.828+0000][1][gc,heap      ] GC(39) CMS: 62558K->62561K(963392K)
[2020-02-28T02:24:59.828+0000][1][gc,metaspace ] GC(39) Metaspace: 79223K->79223K(1122304K)
[2020-02-28T02:24:59.828+0000][1][gc           ] GC(39) Pause Young (Allocation Failure) 127M->61M(1015M) 10.828ms
[2020-02-28T02:24:59.828+0000][1][gc,cpu       ] GC(39) User=0.01s Sys=0.00s Real=0.01s
[2020-02-28T02:24:59.828+0000][1][safepoint    ] Safepoint "GenCollectForAllocation", Time since last: 1387219547 ns, Reaching safepoint: 80276 ns, At safepoint: 10884852 ns, Total: 10965128 ns
[2020-02-28T02:25:00.948+0000][1][safepoint    ] Safepoint "RevokeBias", Time since last: 1119833181 ns, Reaching safepoint: 86757 ns, At safepoint: 22351 ns, Total: 109108 ns
[2020-02-28T02:25:03.462+0000][1][safepoint    ] Safepoint "RevokeBias", Time since last: 2513565894 ns, Reaching safepoint: 72186 ns, At safepoint: 17709 ns, Total: 89895 ns
[2020-02-28T02:25:05.974+0000][1][safepoint    ] Safepoint "RevokeBias", Time since last: 2512033607 ns, Reaching safepoint: 140550 ns, At safepoint: 18607 ns, Total: 159157 ns
[2020-02-28T02:25:08.493+0000][1][safepoint    ] Safepoint "RevokeBias", Time since last: 2518616730 ns, Reaching safepoint: 85006 ns, At safepoint: 19603 ns, Total: 104609 ns
[2020-02-28T02:25:11.010+0000][1][safepoint    ] Safepoint "RevokeBias", Time since last: 2516884298 ns, Reaching safepoint: 74391 ns, At safepoint: 17053 ns, Total: 91444 ns
[2020-02-28T02:25:13.534+0000][1][safepoint    ] Safepoint "RevokeBias", Time since last: 2523872221 ns, Reaching safepoint: 74451 ns, At safepoint: 17240 ns, Total: 91691 ns
[2020-02-28T02:25:16.049+0000][1][safepoint    ] Safepoint "RevokeBias", Time since last: 2515008068 ns, Reaching safepoint: 77770 ns, At safepoint: 18896 ns, Total: 96666 ns
[2020-02-28T02:25:18.051+0000][1][safepoint    ] Safepoint "Cleanup", Time since last: 2002116619 ns, Reaching safepoint: 96416 ns, At safepoint: 6922 ns, Total: 103338 ns
[2020-02-28T02:25:18.566+0000][1][safepoint    ] Safepoint "RevokeBias", Time since last: 515064605 ns, Reaching safepoint: 93923 ns, At safepoint: 17969 ns, Total: 111892 ns
[2020-02-28T02:25:20.567+0000][1][safepoint    ] Safepoint "Cleanup", Time since last: 2001235667 ns, Reaching safepoint: 92956 ns, At safepoint: 8345 ns, Total: 101301 ns
[2020-02-28T02:25:21.085+0000][1][safepoint    ] Safepoint "RevokeBias", Time since last: 517400907 ns, Reaching safepoint: 80192 ns, At safepoint: 18343 ns, Total: 98535 ns
[2020-02-28T02:25:23.594+0000][1][safepoint    ] Safepoint "RevokeBias", Time since last: 2508568938 ns, Reaching safepoint: 73280 ns, At safepoint: 17560 ns, Total: 90840 ns
[2020-02-28T02:25:26.101+0000][1][safepoint    ] Safepoint "BulkRevokeBias", Time since last: 2507181517 ns, Reaching safepoint: 105913 ns, At safepoint: 229341 ns, Total: 335254 ns
[2020-02-28T02:25:28.605+0000][1][safepoint    ] Safepoint "RevokeBias", Time since last: 2503496361 ns, Reaching safepoint: 78524 ns, At safepoint: 18619 ns, Total: 97143 ns
[2020-02-28T02:25:31.112+0000][1][safepoint    ] Safepoint "RevokeBias", Time since last: 2507185177 ns, Reaching safepoint: 85389 ns, At safepoint: 20206 ns, Total: 105595 ns
[2020-02-28T02:25:33.624+0000][1][safepoint    ] Safepoint "RevokeBias", Time since last: 2512184899 ns, Reaching safepoint: 87071 ns, At safepoint: 18521 ns, Total: 105592 ns
[2020-02-28T02:25:35.626+0000][1][safepoint    ] Safepoint "Cleanup", Time since last: 2001619741 ns, Reaching safepoint: 88719 ns, At safepoint: 9086 ns, Total: 97805 ns
[2020-02-28T02:25:36.130+0000][1][safepoint    ] Safepoint "RevokeBias", Time since last: 503387730 ns, Reaching safepoint: 89889 ns, At safepoint: 20228 ns, Total: 110117 ns
[2020-02-28T02:25:38.633+0000][1][safepoint    ] Safepoint "RevokeBias", Time since last: 2502912695 ns, Reaching safepoint: 76449 ns, At safepoint: 18075 ns, Total: 94524 ns
[2020-02-28T02:25:41.139+0000][1][safepoint    ] Safepoint "RevokeBias", Time since last: 2505993427 ns, Reaching safepoint: 76397 ns, At safepoint: 17425 ns, Total: 93822 ns
[2020-02-28T02:25:43.643+0000][1][safepoint    ] Safepoint "RevokeBias", Time since last: 2504387125 ns, Reaching safepoint: 96946 ns, At safepoint: 19061 ns, Total: 116007 ns
[2020-02-28T02:25:46.149+0000][1][safepoint    ] Safepoint "RevokeBias", Time since last: 2505658464 ns, Reaching safepoint: 106448 ns, At safepoint: 19286 ns, Total: 125734 ns
[2020-02-28T02:25:48.652+0000][1][safepoint    ] Safepoint "RevokeBias", Time since last: 2502979155 ns, Reaching safepoint: 77279 ns, At safepoint: 18079 ns, Total: 95358 ns
[2020-02-28T02:25:51.156+0000][1][safepoint    ] Safepoint "RevokeBias", Time since last: 2503591724 ns, Reaching safepoint: 116294 ns, At safepoint: 21245 ns, Total: 137539 ns
[2020-02-28T02:25:53.666+0000][1][safepoint    ] Safepoint "RevokeBias", Time since last: 2510054650 ns, Reaching safepoint: 710312 ns, At safepoint: 19243 ns, Total: 729555 ns
[2020-02-28T02:25:56.178+0000][1][safepoint    ] Safepoint "RevokeBias", Time since last: 2511062964 ns, Reaching safepoint: 92061 ns, At safepoint: 32473 ns, Total: 124534 ns
[2020-02-28T02:25:58.681+0000][1][safepoint    ] Safepoint "RevokeBias", Time since last: 2503237352 ns, Reaching safepoint: 79525 ns, At safepoint: 19248 ns, Total: 98773 ns
[2020-02-28T02:26:01.188+0000][1][safepoint    ] Safepoint "RevokeBias", Time since last: 2507154983 ns, Reaching safepoint: 78929 ns, At safepoint: 17569 ns, Total: 96498 ns
[2020-02-28T02:26:03.697+0000][1][safepoint    ] Safepoint "RevokeBias", Time since last: 2508713684 ns, Reaching safepoint: 85268 ns, At safepoint: 21210 ns, Total: 106478 ns
[2020-02-28T02:26:06.215+0000][1][safepoint    ] Safepoint "RevokeBias", Time since last: 2518085158 ns, Reaching safepoint: 77033 ns, At safepoint: 18605 ns, Total: 95638 ns
[2020-02-28T02:26:07.216+0000][1][safepoint    ] Safepoint "Cleanup", Time since last: 1000258876 ns, Reaching safepoint: 94904 ns, At safepoint: 9271 ns, Total: 104175 ns
[2020-02-28T02:26:08.730+0000][1][safepoint    ] Safepoint "RevokeBias", Time since last: 1514267467 ns, Reaching safepoint: 73154 ns, At safepoint: 66024 ns, Total: 139178 ns
[2020-02-28T02:26:11.237+0000][1][safepoint    ] Safepoint "RevokeBias", Time since last: 2506515123 ns, Reaching safepoint: 64105 ns, At safepoint: 20104 ns, Total: 84209 ns
[2020-02-28T02:26:13.742+0000][1][safepoint    ] Safepoint "RevokeBias", Time since last: 2504779415 ns, Reaching safepoint: 89800 ns, At safepoint: 17551 ns, Total: 107351 ns
[2020-02-28T02:26:16.246+0000][1][safepoint    ] Safepoint "RevokeBias", Time since last: 2504094875 ns, Reaching safepoint: 120139 ns, At safepoint: 23533 ns, Total: 143672 ns
[2020-02-28T02:26:18.758+0000][1][safepoint    ] Safepoint "RevokeBias", Time since last: 2511969701 ns, Reaching safepoint: 76937 ns, At safepoint: 17984 ns, Total: 94921 ns
[2020-02-28T02:26:20.759+0000][1][safepoint    ] Safepoint "Cleanup", Time since last: 2001436153 ns, Reaching safepoint: 84873 ns, At safepoint: 7538 ns, Total: 92411 ns
[2020-02-28T02:26:21.270+0000][1][safepoint    ] Safepoint "RevokeBias", Time since last: 510882874 ns, Reaching safepoint: 92352 ns, At safepoint: 52020 ns, Total: 144372 ns
[2020-02-28T02:26:23.780+0000][1][safepoint    ] Safepoint "RevokeBias", Time since last: 2509603962 ns, Reaching safepoint: 87798 ns, At safepoint: 21372 ns, Total: 109170 ns
[2020-02-28T02:26:26.289+0000][1][safepoint    ] Safepoint "RevokeBias", Time since last: 2509150991 ns, Reaching safepoint: 101156 ns, At safepoint: 18738 ns, Total: 119894 ns
[2020-02-28T02:26:28.792+0000][1][safepoint    ] Safepoint "RevokeBias", Time since last: 2503029125 ns, Reaching safepoint: 86124 ns, At safepoint: 21873 ns, Total: 107997 ns
[2020-02-28T02:26:31.297+0000][1][safepoint    ] Safepoint "RevokeBias", Time since last: 2504004247 ns, Reaching safepoint: 86882 ns, At safepoint: 21462 ns, Total: 108344 ns
[2020-02-28T02:26:33.801+0000][1][safepoint    ] Safepoint "RevokeBias", Time since last: 2504193173 ns, Reaching safepoint: 63800 ns, At safepoint: 19472 ns, Total: 83272 ns
[2020-02-28T02:26:36.307+0000][1][safepoint    ] Safepoint "RevokeBias", Time since last: 2506163125 ns, Reaching safepoint: 87550 ns, At safepoint: 21474 ns, Total: 109024 ns
[2020-02-28T02:26:38.812+0000][1][safepoint    ] Safepoint "BulkRevokeBias", Time since last: 2504250906 ns, Reaching safepoint: 73985 ns, At safepoint: 240857 ns, Total: 314842 ns
[2020-02-28T02:26:41.318+0000][1][safepoint    ] Safepoint "RevokeBias", Time since last: 2506445887 ns, Reaching safepoint: 94225 ns, At safepoint: 20525 ns, Total: 114750 ns
[2020-02-28T02:26:42.319+0000][1][safepoint    ] Safepoint "Cleanup", Time since last: 1000941854 ns, Reaching safepoint: 108000 ns, At safepoint: 7529 ns, Total: 115529 ns
[2020-02-28T02:26:43.824+0000][1][safepoint    ] Safepoint "RevokeBias", Time since last: 1504065885 ns, Reaching safepoint: 123222 ns, At safepoint: 22506 ns, Total: 145728 ns
[2020-02-28T02:26:46.328+0000][1][safepoint    ] Safepoint "RevokeBias", Time since last: 2504357656 ns, Reaching safepoint: 104832 ns, At safepoint: 24316 ns, Total: 129148 ns
[2020-02-28T02:26:48.831+0000][1][safepoint    ] Safepoint "RevokeBias", Time since last: 2503216306 ns, Reaching safepoint: 88513 ns, At safepoint: 21752 ns, Total: 110265 ns
[2020-02-28T02:26:51.342+0000][1][safepoint    ] Safepoint "RevokeBias", Time since last: 2510674319 ns, Reaching safepoint: 76235 ns, At safepoint: 19158 ns, Total: 95393 ns
[2020-02-28T02:26:53.847+0000][1][safepoint    ] Safepoint "RevokeBias", Time since last: 2505157881 ns, Reaching safepoint: 88385 ns, At safepoint: 21039 ns, Total: 109424 ns
[2020-02-28T02:26:56.353+0000][1][safepoint    ] Safepoint "RevokeBias", Time since last: 2505883855 ns, Reaching safepoint: 73643 ns, At safepoint: 18060 ns, Total: 91703 ns
[2020-02-28T02:26:58.857+0000][1][safepoint    ] Safepoint "RevokeBias", Time since last: 2503311011 ns, Reaching safepoint: 114519 ns, At safepoint: 21508 ns, Total: 136027 ns
[2020-02-28T02:27:01.361+0000][1][safepoint    ] Safepoint "RevokeBias", Time since last: 2504322783 ns, Reaching safepoint: 88150 ns, At safepoint: 22220 ns, Total: 110370 ns
[2020-02-28T02:27:03.866+0000][1][safepoint    ] Safepoint "RevokeBias", Time since last: 2504300696 ns, Reaching safepoint: 80077 ns, At safepoint: 20187 ns, Total: 100264 ns
[2020-02-28T02:27:06.370+0000][1][safepoint    ] Safepoint "RevokeBias", Time since last: 2504194537 ns, Reaching safepoint: 78669 ns, At safepoint: 33988 ns, Total: 112657 ns
[2020-02-28T02:27:08.873+0000][1][safepoint    ] Safepoint "RevokeBias", Time since last: 2503089235 ns, Reaching safepoint: 77618 ns, At safepoint: 17778 ns, Total: 95396 ns
[2020-02-28T02:27:11.378+0000][1][safepoint    ] Safepoint "RevokeBias", Time since last: 2504738416 ns, Reaching safepoint: 85921 ns, At safepoint: 20991 ns, Total: 106912 ns
[2020-02-28T02:27:13.885+0000][1][safepoint    ] Safepoint "RevokeBias", Time since last: 2506410415 ns, Reaching safepoint: 87782 ns, At safepoint: 20591 ns, Total: 108373 ns
[2020-02-28T02:27:16.405+0000][1][safepoint    ] Safepoint "RevokeBias", Time since last: 2520514802 ns, Reaching safepoint: 93781 ns, At safepoint: 21968 ns, Total: 115749 ns
[2020-02-28T02:27:18.919+0000][1][safepoint    ] Safepoint "RevokeBias", Time since last: 2513583660 ns, Reaching safepoint: 118023 ns, At safepoint: 22595 ns, Total: 140618 ns
[2020-02-28T02:27:19.913+0000][1][gc,start     ] GC(40) Pause Young (Allocation Failure)
[2020-02-28T02:27:19.913+0000][1][gc,task      ] GC(40) Using 1 workers of 1 for evacuation
[2020-02-28T02:27:19.924+0000][1][gc,age       ] GC(40) Desired survivor size 4358144 bytes, new threshold 6 (max threshold 6)
[2020-02-28T02:27:19.924+0000][1][gc,age       ] GC(40) Age table with threshold 6 (max threshold 6)
[2020-02-28T02:27:19.924+0000][1][gc,age       ] GC(40) - age   1:      14112 bytes,      14112 total
[2020-02-28T02:27:19.924+0000][1][gc,age       ] GC(40) - age   2:        120 bytes,      14232 total
[2020-02-28T02:27:19.924+0000][1][gc,age       ] GC(40) - age   3:      21848 bytes,      36080 total
[2020-02-28T02:27:19.924+0000][1][gc,age       ] GC(40) - age   4:       3528 bytes,      39608 total
[2020-02-28T02:27:19.924+0000][1][gc,age       ] GC(40) - age   5:       1280 bytes,      40888 total
[2020-02-28T02:27:19.924+0000][1][gc,age       ] GC(40) - age   6:       1312 bytes,      42200 total
[2020-02-28T02:27:19.924+0000][1][gc,heap      ] GC(40) ParNew: 68206K->42K(76672K)
[2020-02-28T02:27:19.924+0000][1][gc,heap      ] GC(40) CMS: 62561K->62564K(963392K)
[2020-02-28T02:27:19.924+0000][1][gc,metaspace ] GC(40) Metaspace: 79261K->79261K(1122304K)
[2020-02-28T02:27:19.924+0000][1][gc           ] GC(40) Pause Young (Allocation Failure) 127M->61M(1015M) 11.544ms
[2020-02-28T02:27:19.924+0000][1][gc,cpu       ] GC(40) User=0.01s Sys=0.00s Real=0.01s
[2020-02-28T02:27:19.924+0000][1][safepoint    ] Safepoint "GenCollectForAllocation", Time since last: 993560386 ns, Reaching safepoint: 85215 ns, At safepoint: 11655129 ns, Total: 11740344 ns
[2020-02-28T02:27:21.425+0000][1][safepoint    ] Safepoint "RevokeBias", Time since last: 1501174195 ns, Reaching safepoint: 81893 ns, At safepoint: 19651 ns, Total: 101544 ns
[2020-02-28T02:27:23.427+0000][1][safepoint    ] Safepoint "Cleanup", Time since last: 2001399388 ns, Reaching safepoint: 107029 ns, At safepoint: 8423 ns, Total: 115452 ns
[2020-02-28T02:27:23.930+0000][1][safepoint    ] Safepoint "RevokeBias", Time since last: 503102249 ns, Reaching safepoint: 92397 ns, At safepoint: 21501 ns, Total: 113898 ns
[2020-02-28T02:27:26.437+0000][1][safepoint    ] Safepoint "RevokeBias", Time since last: 2506447492 ns, Reaching safepoint: 88013 ns, At safepoint: 20878 ns, Total: 108891 ns
[2020-02-28T02:27:28.941+0000][1][safepoint    ] Safepoint "RevokeBias", Time since last: 2504398341 ns, Reaching safepoint: 75234 ns, At safepoint: 18296 ns, Total: 93530 ns
[2020-02-28T02:27:31.448+0000][1][safepoint    ] Safepoint "RevokeBias", Time since last: 2506357449 ns, Reaching safepoint: 85456 ns, At safepoint: 20217 ns, Total: 105673 ns
[2020-02-28T02:27:33.952+0000][1][safepoint    ] Safepoint "RevokeBias", Time since last: 2504334552 ns, Reaching safepoint: 162559 ns, At safepoint: 21382 ns, Total: 183941 ns
[2020-02-28T02:27:36.459+0000][1][safepoint    ] Safepoint "RevokeBias", Time since last: 2506886841 ns, Reaching safepoint: 103695 ns, At safepoint: 19954 ns, Total: 123649 ns
[2020-02-28T02:27:38.965+0000][1][safepoint    ] Safepoint "RevokeBias", Time since last: 2506159181 ns, Reaching safepoint: 79275 ns, At safepoint: 18605 ns, Total: 97880 ns
[2020-02-28T02:27:41.472+0000][1][safepoint    ] Safepoint "RevokeBias", Time since last: 2506591566 ns, Reaching safepoint: 64133 ns, At safepoint: 18270 ns, Total: 82403 ns
[2020-02-28T02:27:43.979+0000][1][safepoint    ] Safepoint "RevokeBias", Time since last: 2506318133 ns, Reaching safepoint: 86631 ns, At safepoint: 21218 ns, Total: 107849 ns
[2020-02-28T02:27:46.483+0000][1][safepoint    ] Safepoint "RevokeBias", Time since last: 2504600738 ns, Reaching safepoint: 139455 ns, At safepoint: 23983 ns, Total: 163438 ns
[2020-02-28T02:27:48.988+0000][1][safepoint    ] Safepoint "RevokeBias", Time since last: 2504575425 ns, Reaching safepoint: 88379 ns, At safepoint: 21388 ns, Total: 109767 ns
[2020-02-28T02:27:50.989+0000][1][safepoint    ] Safepoint "Cleanup", Time since last: 2000739829 ns, Reaching safepoint: 90103 ns, At safepoint: 8568 ns, Total: 98671 ns
[2020-02-28T02:27:51.500+0000][1][safepoint    ] Safepoint "BulkRevokeBias", Time since last: 510418632 ns, Reaching safepoint: 86259 ns, At safepoint: 226656 ns, Total: 312915 ns
[2020-02-28T02:27:54.014+0000][1][safepoint    ] Safepoint "RevokeBias", Time since last: 2514535413 ns, Reaching safepoint: 87647 ns, At safepoint: 20943 ns, Total: 108590 ns
[2020-02-28T02:27:56.522+0000][1][safepoint    ] Safepoint "RevokeBias", Time since last: 2507248764 ns, Reaching safepoint: 84691 ns, At safepoint: 20152 ns, Total: 104843 ns
[2020-02-28T02:27:59.038+0000][1][safepoint    ] Safepoint "RevokeBias", Time since last: 2515854336 ns, Reaching safepoint: 74132 ns, At safepoint: 16814 ns, Total: 90946 ns
[2020-02-28T02:28:01.039+0000][1][safepoint    ] Safepoint "Cleanup", Time since last: 2000964354 ns, Reaching safepoint: 99867 ns, At safepoint: 9438 ns, Total: 109305 ns
[2020-02-28T02:28:01.543+0000][1][safepoint    ] Safepoint "RevokeBias", Time since last: 504423427 ns, Reaching safepoint: 84595 ns, At safepoint: 19924 ns, Total: 104519 ns
[2020-02-28T02:28:04.048+0000][1][safepoint    ] Safepoint "RevokeBias", Time since last: 2504539463 ns, Reaching safepoint: 142664 ns, At safepoint: 20258 ns, Total: 162922 ns
[2020-02-28T02:28:06.552+0000][1][safepoint    ] Safepoint "RevokeBias", Time since last: 2504165958 ns, Reaching safepoint: 105997 ns, At safepoint: 20341 ns, Total: 126338 ns
[2020-02-28T02:28:09.056+0000][1][safepoint    ] Safepoint "RevokeBias", Time since last: 2503356061 ns, Reaching safepoint: 87966 ns, At safepoint: 21324 ns, Total: 109290 ns
[2020-02-28T02:28:11.562+0000][1][safepoint    ] Safepoint "RevokeBias", Time since last: 2506719614 ns, Reaching safepoint: 88521 ns, At safepoint: 20534 ns, Total: 109055 ns
[2020-02-28T02:28:12.564+0000][1][safepoint    ] Safepoint "Cleanup", Time since last: 1001230838 ns, Reaching safepoint: 78947 ns, At safepoint: 6056 ns, Total: 85003 ns
[2020-02-28T02:28:14.072+0000][1][safepoint    ] Safepoint "RevokeBias", Time since last: 1508496520 ns, Reaching safepoint: 73931 ns, At safepoint: 17605 ns, Total: 91536 ns
[2020-02-28T02:28:16.589+0000][1][safepoint    ] Safepoint "RevokeBias", Time since last: 2515984868 ns, Reaching safepoint: 180745 ns, At safepoint: 137606 ns, Total: 318351 ns
[2020-02-28T02:28:19.100+0000][1][safepoint    ] Safepoint "RevokeBias", Time since last: 2511422922 ns, Reaching safepoint: 80826 ns, At safepoint: 58516 ns, Total: 139342 ns
[2020-02-28T02:28:21.101+0000][1][safepoint    ] Safepoint "Cleanup", Time since last: 2001164612 ns, Reaching safepoint: 93119 ns, At safepoint: 8254 ns, Total: 101373 ns
[2020-02-28T02:28:21.607+0000][1][safepoint    ] Safepoint "RevokeBias", Time since last: 505571858 ns, Reaching safepoint: 86748 ns, At safepoint: 22131 ns, Total: 108879 ns
[2020-02-28T02:28:24.112+0000][1][safepoint    ] Safepoint "RevokeBias", Time since last: 2504511747 ns, Reaching safepoint: 85237 ns, At safepoint: 20821 ns, Total: 106058 ns
[2020-02-28T02:28:26.618+0000][1][safepoint    ] Safepoint "RevokeBias", Time since last: 2505839073 ns, Reaching safepoint: 85996 ns, At safepoint: 19288 ns, Total: 105284 ns
[2020-02-28T02:28:29.125+0000][1][safepoint    ] Safepoint "RevokeBias", Time since last: 2506746769 ns, Reaching safepoint: 77219 ns, At safepoint: 17470 ns, Total: 94689 ns
[2020-02-28T02:28:31.642+0000][1][safepoint    ] Safepoint "RevokeBias", Time since last: 2517390764 ns, Reaching safepoint: 85762 ns, At safepoint: 21257 ns, Total: 107019 ns
[2020-02-28T02:28:34.149+0000][1][safepoint    ] Safepoint "RevokeBias", Time since last: 2507185979 ns, Reaching safepoint: 75127 ns, At safepoint: 18070 ns, Total: 93197 ns
[2020-02-28T02:28:36.657+0000][1][safepoint    ] Safepoint "RevokeBias", Time since last: 2507650260 ns, Reaching safepoint: 102608 ns, At safepoint: 20169 ns, Total: 122777 ns
[2020-02-28T02:28:39.163+0000][1][safepoint    ] Safepoint "RevokeBias", Time since last: 2505304821 ns, Reaching safepoint: 96416 ns, At safepoint: 105522 ns, Total: 201938 ns
[2020-02-28T02:28:41.164+0000][1][safepoint    ] Safepoint "Cleanup", Time since last: 2001653423 ns, Reaching safepoint: 94826 ns, At safepoint: 8382 ns, Total: 103208 ns
[2020-02-28T02:28:41.669+0000][1][safepoint    ] Safepoint "RevokeBias", Time since last: 504649214 ns, Reaching safepoint: 76085 ns, At safepoint: 18296 ns, Total: 94381 ns
[2020-02-28T02:28:44.175+0000][1][safepoint    ] Safepoint "RevokeBias", Time since last: 2505481861 ns, Reaching safepoint: 167650 ns, At safepoint: 55178 ns, Total: 222828 ns
[2020-02-28T02:28:46.683+0000][1][safepoint    ] Safepoint "RevokeBias", Time since last: 2507747097 ns, Reaching safepoint: 79384 ns, At safepoint: 17885 ns, Total: 97269 ns
[2020-02-28T02:28:49.185+0000][1][safepoint    ] Safepoint "RevokeBias", Time since last: 2502323079 ns, Reaching safepoint: 75405 ns, At safepoint: 18970 ns, Total: 94375 ns
[2020-02-28T02:28:51.186+0000][1][safepoint    ] Safepoint "Cleanup", Time since last: 2000941494 ns, Reaching safepoint: 96400 ns, At safepoint: 9774 ns, Total: 106174 ns
[2020-02-28T02:28:51.692+0000][1][safepoint    ] Safepoint "RevokeBias", Time since last: 505825850 ns, Reaching safepoint: 78749 ns, At safepoint: 18199 ns, Total: 96948 ns
[2020-02-28T02:28:54.199+0000][1][safepoint    ] Safepoint "RevokeBias", Time since last: 2506429865 ns, Reaching safepoint: 144932 ns, At safepoint: 23207 ns, Total: 168139 ns
[2020-02-28T02:28:56.707+0000][1][safepoint    ] Safepoint "RevokeBias", Time since last: 2507947249 ns, Reaching safepoint: 76426 ns, At safepoint: 18598 ns, Total: 95024 ns
[2020-02-28T02:28:59.219+0000][1][safepoint    ] Safepoint "RevokeBias", Time since last: 2511864019 ns, Reaching safepoint: 77441 ns, At safepoint: 17344 ns, Total: 94785 ns
[2020-02-28T02:29:01.220+0000][1][safepoint    ] Safepoint "Cleanup", Time since last: 2000981323 ns, Reaching safepoint: 193272 ns, At safepoint: 10497 ns, Total: 203769 ns
[2020-02-28T02:29:01.725+0000][1][safepoint    ] Safepoint "RevokeBias", Time since last: 504911775 ns, Reaching safepoint: 93528 ns, At safepoint: 23445 ns, Total: 116973 ns
[2020-02-28T02:29:04.230+0000][1][safepoint    ] Safepoint "BulkRevokeBias", Time since last: 2504470468 ns, Reaching safepoint: 93324 ns, At safepoint: 200625 ns, Total: 293949 ns
[2020-02-28T02:29:06.734+0000][1][safepoint    ] Safepoint "RevokeBias", Time since last: 2503926432 ns, Reaching safepoint: 107209 ns, At safepoint: 35320 ns, Total: 142529 ns
[2020-02-28T02:29:09.238+0000][1][safepoint    ] Safepoint "RevokeBias", Time since last: 2504052240 ns, Reaching safepoint: 89579 ns, At safepoint: 20418 ns, Total: 109997 ns
[2020-02-28T02:29:11.240+0000][1][safepoint    ] Safepoint "Cleanup", Time since last: 2001838954 ns, Reaching safepoint: 94775 ns, At safepoint: 7534 ns, Total: 102309 ns
[2020-02-28T02:29:11.744+0000][1][safepoint    ] Safepoint "RevokeBias", Time since last: 504286647 ns, Reaching safepoint: 74590 ns, At safepoint: 18011 ns, Total: 92601 ns
[2020-02-28T02:29:14.248+0000][1][safepoint    ] Safepoint "RevokeBias", Time since last: 2503756073 ns, Reaching safepoint: 89723 ns, At safepoint: 17522 ns, Total: 107245 ns
[2020-02-28T02:29:16.755+0000][1][safepoint    ] Safepoint "RevokeBias", Time since last: 2507253926 ns, Reaching safepoint: 88861 ns, At safepoint: 22137 ns, Total: 110998 ns
[2020-02-28T02:29:19.261+0000][1][safepoint    ] Safepoint "RevokeBias", Time since last: 2505126900 ns, Reaching safepoint: 74106 ns, At safepoint: 18271 ns, Total: 92377 ns
[2020-02-28T02:29:21.262+0000][1][safepoint    ] Safepoint "Cleanup", Time since last: 2001459569 ns, Reaching safepoint: 84476 ns, At safepoint: 8197 ns, Total: 92673 ns
[2020-02-28T02:29:21.767+0000][1][safepoint    ] Safepoint "RevokeBias", Time since last: 504925756 ns, Reaching safepoint: 77534 ns, At safepoint: 18115 ns, Total: 95649 ns
[2020-02-28T02:29:24.272+0000][1][safepoint    ] Safepoint "RevokeBias", Time since last: 2504777520 ns, Reaching safepoint: 89632 ns, At safepoint: 20854 ns, Total: 110486 ns
[2020-02-28T02:29:26.779+0000][1][safepoint    ] Safepoint "RevokeBias", Time since last: 2506993507 ns, Reaching safepoint: 90770 ns, At safepoint: 21469 ns, Total: 112239 ns
[2020-02-28T02:29:29.283+0000][1][safepoint    ] Safepoint "RevokeBias", Time since last: 2503892803 ns, Reaching safepoint: 118306 ns, At safepoint: 23614 ns, Total: 141920 ns
[2020-02-28T02:29:31.789+0000][1][safepoint    ] Safepoint "RevokeBias", Time since last: 2506114075 ns, Reaching safepoint: 88628 ns, At safepoint: 20872 ns, Total: 109500 ns
[2020-02-28T02:29:34.300+0000][1][safepoint    ] Safepoint "RevokeBias", Time since last: 2509934925 ns, Reaching safepoint: 106004 ns, At safepoint: 19895 ns, Total: 125899 ns
[2020-02-28T02:29:36.300+0000][1][safepoint    ] Safepoint "Cleanup", Time since last: 2000862133 ns, Reaching safepoint: 81661 ns, At safepoint: 7500 ns, Total: 89161 ns
[2020-02-28T02:29:36.814+0000][1][safepoint    ] Safepoint "RevokeBias", Time since last: 513124986 ns, Reaching safepoint: 86881 ns, At safepoint: 20304 ns, Total: 107185 ns
[2020-02-28T02:29:39.323+0000][1][safepoint    ] Safepoint "RevokeBias", Time since last: 2509424036 ns, Reaching safepoint: 88390 ns, At safepoint: 18010 ns, Total: 106400 ns
[2020-02-28T02:29:40.010+0000][1][gc,start     ] GC(41) Pause Young (Allocation Failure)
[2020-02-28T02:29:40.010+0000][1][gc,task      ] GC(41) Using 1 workers of 1 for evacuation
[2020-02-28T02:29:40.029+0000][1][gc,age       ] GC(41) Desired survivor size 4358144 bytes, new threshold 6 (max threshold 6)
[2020-02-28T02:29:40.029+0000][1][gc,age       ] GC(41) Age table with threshold 6 (max threshold 6)
[2020-02-28T02:29:40.029+0000][1][gc,age       ] GC(41) - age   1:      14128 bytes,      14128 total
[2020-02-28T02:29:40.029+0000][1][gc,age       ] GC(41) - age   2:       3104 bytes,      17232 total
[2020-02-28T02:29:40.029+0000][1][gc,age       ] GC(41) - age   3:        120 bytes,      17352 total
[2020-02-28T02:29:40.029+0000][1][gc,age       ] GC(41) - age   4:      21848 bytes,      39200 total
[2020-02-28T02:29:40.029+0000][1][gc,age       ] GC(41) - age   5:       3528 bytes,      42728 total
[2020-02-28T02:29:40.029+0000][1][gc,age       ] GC(41) - age   6:       1280 bytes,      44008 total
[2020-02-28T02:29:40.029+0000][1][gc,heap      ] GC(41) ParNew: 68202K->83K(76672K)
[2020-02-28T02:29:40.030+0000][1][gc,heap      ] GC(41) CMS: 62564K->62565K(963392K)
[2020-02-28T02:29:40.030+0000][1][gc,metaspace ] GC(41) Metaspace: 79288K->79288K(1122304K)
[2020-02-28T02:29:40.030+0000][1][gc           ] GC(41) Pause Young (Allocation Failure) 127M->61M(1015M) 19.314ms
[2020-02-28T02:29:40.030+0000][1][gc,cpu       ] GC(41) User=0.01s Sys=0.00s Real=0.02s
[2020-02-28T02:29:40.030+0000][1][safepoint    ] Safepoint "GenCollectForAllocation", Time since last: 686915120 ns, Reaching safepoint: 88213 ns, At safepoint: 19380583 ns, Total: 19468796 ns
[2020-02-28T02:29:41.030+0000][1][safepoint    ] Safepoint "Cleanup", Time since last: 1000600485 ns, Reaching safepoint: 117231 ns, At safepoint: 9830 ns, Total: 127061 ns
[2020-02-28T02:29:41.843+0000][1][safepoint    ] Safepoint "RevokeBias", Time since last: 812076735 ns, Reaching safepoint: 73554 ns, At safepoint: 17017 ns, Total: 90571 ns
[2020-02-28T02:29:44.352+0000][1][safepoint    ] Safepoint "RevokeBias", Time since last: 2509012798 ns, Reaching safepoint: 88693 ns, At safepoint: 20612 ns, Total: 109305 ns
[2020-02-28T02:29:46.865+0000][1][safepoint    ] Safepoint "RevokeBias", Time since last: 2513701544 ns, Reaching safepoint: 77495 ns, At safepoint: 17932 ns, Total: 95427 ns
[2020-02-28T02:29:49.377+0000][1][safepoint    ] Safepoint "RevokeBias", Time since last: 2511750569 ns, Reaching safepoint: 76362 ns, At safepoint: 19328 ns, Total: 95690 ns
[2020-02-28T02:29:51.379+0000][1][safepoint    ] Safepoint "Cleanup", Time since last: 2001157149 ns, Reaching safepoint: 86304 ns, At safepoint: 8163 ns, Total: 94467 ns
[2020-02-28T02:29:51.895+0000][1][safepoint    ] Safepoint "RevokeBias", Time since last: 516527225 ns, Reaching safepoint: 75401 ns, At safepoint: 18200 ns, Total: 93601 ns
[2020-02-28T02:29:54.405+0000][1][safepoint    ] Safepoint "RevokeBias", Time since last: 2510000208 ns, Reaching safepoint: 86176 ns, At safepoint: 21580 ns, Total: 107756 ns
[2020-02-28T02:29:56.920+0000][1][safepoint    ] Safepoint "RevokeBias", Time since last: 2514238738 ns, Reaching safepoint: 150203 ns, At safepoint: 37134 ns, Total: 187337 ns
[2020-02-28T02:29:59.428+0000][1][safepoint    ] Safepoint "RevokeBias", Time since last: 2507867359 ns, Reaching safepoint: 119288 ns, At safepoint: 20986 ns, Total: 140274 ns
[2020-02-28T02:30:01.435+0000][1][safepoint    ] Safepoint "Cleanup", Time since last: 2006728339 ns, Reaching safepoint: 121319 ns, At safepoint: 7467 ns, Total: 128786 ns
[2020-02-28T02:30:01.945+0000][1][safepoint    ] Safepoint "RevokeBias", Time since last: 510124256 ns, Reaching safepoint: 60267 ns, At safepoint: 17332 ns, Total: 77599 ns
[2020-02-28T02:30:04.456+0000][1][safepoint    ] Safepoint "RevokeBias", Time since last: 2511453875 ns, Reaching safepoint: 99541 ns, At safepoint: 22638 ns, Total: 122179 ns
[2020-02-28T02:30:06.973+0000][1][safepoint    ] Safepoint "RevokeBias", Time since last: 2517086847 ns, Reaching safepoint: 67812 ns, At safepoint: 19125 ns, Total: 86937 ns
[2020-02-28T02:30:09.482+0000][1][safepoint    ] Safepoint "RevokeBias", Time since last: 2507920052 ns, Reaching safepoint: 144934 ns, At safepoint: 23802 ns, Total: 168736 ns
[2020-02-28T02:30:11.997+0000][1][safepoint    ] Safepoint "RevokeBias", Time since last: 2515003036 ns, Reaching safepoint: 54971 ns, At safepoint: 16198 ns, Total: 71169 ns
[2020-02-28T02:30:14.503+0000][1][safepoint    ] Safepoint "RevokeBias", Time since last: 2506688549 ns, Reaching safepoint: 106112 ns, At safepoint: 25059 ns, Total: 131171 ns
[2020-02-28T02:30:17.016+0000][1][safepoint    ] Safepoint "BulkRevokeBias", Time since last: 2512385544 ns, Reaching safepoint: 56277 ns, At safepoint: 210723 ns, Total: 267000 ns
[2020-02-28T02:30:19.526+0000][1][safepoint    ] Safepoint "RevokeBias", Time since last: 2509670290 ns, Reaching safepoint: 78206 ns, At safepoint: 18172 ns, Total: 96378 ns
[2020-02-28T02:30:22.031+0000][1][safepoint    ] Safepoint "RevokeBias", Time since last: 2505021452 ns, Reaching safepoint: 88393 ns, At safepoint: 21687 ns, Total: 110080 ns
[2020-02-28T02:30:24.541+0000][1][safepoint    ] Safepoint "RevokeBias", Time since last: 2509758980 ns, Reaching safepoint: 86669 ns, At safepoint: 20993 ns, Total: 107662 ns
[2020-02-28T02:30:27.045+0000][1][safepoint    ] Safepoint "RevokeBias", Time since last: 2504079552 ns, Reaching safepoint: 89239 ns, At safepoint: 21267 ns, Total: 110506 ns
[2020-02-28T02:30:29.549+0000][1][safepoint    ] Safepoint "RevokeBias", Time since last: 2503948408 ns, Reaching safepoint: 164861 ns, At safepoint: 21626 ns, Total: 186487 ns
[2020-02-28T02:30:32.056+0000][1][safepoint    ] Safepoint "RevokeBias", Time since last: 2506652350 ns, Reaching safepoint: 106894 ns, At safepoint: 28745 ns, Total: 135639 ns
[2020-02-28T02:30:34.561+0000][1][safepoint    ] Safepoint "RevokeBias", Time since last: 2505025882 ns, Reaching safepoint: 97021 ns, At safepoint: 20226 ns, Total: 117247 ns
[2020-02-28T02:30:35.562+0000][1][safepoint    ] Safepoint "Cleanup", Time since last: 1000626446 ns, Reaching safepoint: 95984 ns, At safepoint: 10197 ns, Total: 106181 ns
[2020-02-28T02:30:37.067+0000][1][safepoint    ] Safepoint "RevokeBias", Time since last: 1504684964 ns, Reaching safepoint: 83397 ns, At safepoint: 19715 ns, Total: 103112 ns
[2020-02-28T02:30:39.571+0000][1][safepoint    ] Safepoint "RevokeBias", Time since last: 2504274888 ns, Reaching safepoint: 59059 ns, At safepoint: 17153 ns, Total: 76212 ns
[2020-02-28T02:30:42.079+0000][1][safepoint    ] Safepoint "RevokeBias", Time since last: 2508115902 ns, Reaching safepoint: 89182 ns, At safepoint: 19673 ns, Total: 108855 ns
[2020-02-28T02:30:44.584+0000][1][safepoint    ] Safepoint "RevokeBias", Time since last: 2504506273 ns, Reaching safepoint: 106937 ns, At safepoint: 24393 ns, Total: 131330 ns
[2020-02-28T02:30:47.089+0000][1][safepoint    ] Safepoint "RevokeBias", Time since last: 2505374768 ns, Reaching safepoint: 89211 ns, At safepoint: 54711 ns, Total: 143922 ns
[2020-02-28T02:30:49.090+0000][1][safepoint    ] Safepoint "Cleanup", Time since last: 2000902977 ns, Reaching safepoint: 95696 ns, At safepoint: 8992 ns, Total: 104688 ns
[2020-02-28T02:30:49.593+0000][1][safepoint    ] Safepoint "RevokeBias", Time since last: 502155430 ns, Reaching safepoint: 87816 ns, At safepoint: 21396 ns, Total: 109212 ns
[2020-02-28T02:30:52.100+0000][1][safepoint    ] Safepoint "RevokeBias", Time since last: 2507032849 ns, Reaching safepoint: 90260 ns, At safepoint: 21462 ns, Total: 111722 ns
[2020-02-28T02:30:54.605+0000][1][safepoint    ] Safepoint "RevokeBias", Time since last: 2505176789 ns, Reaching safepoint: 89161 ns, At safepoint: 21175 ns, Total: 110336 ns
[2020-02-28T02:30:57.109+0000][1][safepoint    ] Safepoint "RevokeBias", Time since last: 2503669809 ns, Reaching safepoint: 83033 ns, At safepoint: 18221 ns, Total: 101254 ns
[2020-02-28T02:30:59.614+0000][1][safepoint    ] Safepoint "RevokeBias", Time since last: 2504516751 ns, Reaching safepoint: 117142 ns, At safepoint: 18728 ns, Total: 135870 ns
[2020-02-28T02:31:02.120+0000][1][safepoint    ] Safepoint "RevokeBias", Time since last: 2506522326 ns, Reaching safepoint: 89298 ns, At safepoint: 22186 ns, Total: 111484 ns
[2020-02-28T02:31:04.624+0000][1][safepoint    ] Safepoint "RevokeBias", Time since last: 2503553701 ns, Reaching safepoint: 74611 ns, At safepoint: 17508 ns, Total: 92119 ns
[2020-02-28T02:31:07.132+0000][1][safepoint    ] Safepoint "RevokeBias", Time since last: 2508376228 ns, Reaching safepoint: 74834 ns, At safepoint: 16784 ns, Total: 91618 ns
[2020-02-28T02:31:09.638+0000][1][safepoint    ] Safepoint "RevokeBias", Time since last: 2505980462 ns, Reaching safepoint: 141667 ns, At safepoint: 29872 ns, Total: 171539 ns
[2020-02-28T02:31:10.642+0000][1][safepoint    ] Safepoint "Cleanup", Time since last: 1003675561 ns, Reaching safepoint: 102007 ns, At safepoint: 6670 ns, Total: 108677 ns
[2020-02-28T02:31:12.142+0000][1][safepoint    ] Safepoint "RevokeBias", Time since last: 1500077750 ns, Reaching safepoint: 121980 ns, At safepoint: 20817 ns, Total: 142797 ns
[2020-02-28T02:31:13.143+0000][1][safepoint    ] Safepoint "Cleanup", Time since last: 1000884282 ns, Reaching safepoint: 101447 ns, At safepoint: 9467 ns, Total: 110914 ns
[2020-02-28T02:31:14.649+0000][1][safepoint    ] Safepoint "RevokeBias", Time since last: 1505898253 ns, Reaching safepoint: 143510 ns, At safepoint: 26213 ns, Total: 169723 ns
[2020-02-28T02:31:17.156+0000][1][safepoint    ] Safepoint "RevokeBias", Time since last: 2506589800 ns, Reaching safepoint: 83506 ns, At safepoint: 20193 ns, Total: 103699 ns
[2020-02-28T02:31:19.660+0000][1][safepoint    ] Safepoint "RevokeBias", Time since last: 2503409770 ns, Reaching safepoint: 60356 ns, At safepoint: 16851 ns, Total: 77207 ns
[2020-02-28T02:31:22.166+0000][1][safepoint    ] Safepoint "RevokeBias", Time since last: 2506002951 ns, Reaching safepoint: 89656 ns, At safepoint: 20772 ns, Total: 110428 ns
[2020-02-28T02:31:24.672+0000][1][safepoint    ] Safepoint "RevokeBias", Time since last: 2506492160 ns, Reaching safepoint: 84937 ns, At safepoint: 20882 ns, Total: 105819 ns
[2020-02-28T02:31:27.182+0000][1][safepoint    ] Safepoint "RevokeBias", Time since last: 2509360130 ns, Reaching safepoint: 84426 ns, At safepoint: 20822 ns, Total: 105248 ns
[2020-02-28T02:31:29.686+0000][1][safepoint    ] Safepoint "BulkRevokeBias", Time since last: 2503847552 ns, Reaching safepoint: 207889 ns, At safepoint: 441021 ns, Total: 648910 ns
[2020-02-28T02:31:32.192+0000][1][safepoint    ] Safepoint "RevokeBias", Time since last: 2505356399 ns, Reaching safepoint: 146786 ns, At safepoint: 19124 ns, Total: 165910 ns
[2020-02-28T02:31:34.699+0000][1][safepoint    ] Safepoint "RevokeBias", Time since last: 2506519017 ns, Reaching safepoint: 103853 ns, At safepoint: 17296 ns, Total: 121149 ns
[2020-02-28T02:31:35.704+0000][1][safepoint    ] Safepoint "Cleanup", Time since last: 1005078262 ns, Reaching safepoint: 55158 ns, At safepoint: 5669 ns, Total: 60827 ns
[2020-02-28T02:31:37.205+0000][1][safepoint    ] Safepoint "RevokeBias", Time since last: 1501250422 ns, Reaching safepoint: 88838 ns, At safepoint: 20787 ns, Total: 109625 ns
[2020-02-28T02:31:39.710+0000][1][safepoint    ] Safepoint "RevokeBias", Time since last: 2505212628 ns, Reaching safepoint: 61860 ns, At safepoint: 19174 ns, Total: 81034 ns
[2020-02-28T02:31:42.217+0000][1][safepoint    ] Safepoint "RevokeBias", Time since last: 2506366838 ns, Reaching safepoint: 133544 ns, At safepoint: 23220 ns, Total: 156764 ns
[2020-02-28T02:31:44.721+0000][1][safepoint    ] Safepoint "RevokeBias", Time since last: 2504516945 ns, Reaching safepoint: 111016 ns, At safepoint: 24398 ns, Total: 135414 ns
[2020-02-28T02:31:47.230+0000][1][safepoint    ] Safepoint "RevokeBias", Time since last: 2508711744 ns, Reaching safepoint: 78469 ns, At safepoint: 18538 ns, Total: 97007 ns
[2020-02-28T02:31:49.739+0000][1][safepoint    ] Safepoint "RevokeBias", Time since last: 2508771140 ns, Reaching safepoint: 125560 ns, At safepoint: 22701 ns, Total: 148261 ns
[2020-02-28T02:31:52.244+0000][1][safepoint    ] Safepoint "RevokeBias", Time since last: 2504309162 ns, Reaching safepoint: 80012 ns, At safepoint: 18404 ns, Total: 98416 ns
[2020-02-28T02:31:54.749+0000][1][safepoint    ] Safepoint "RevokeBias", Time since last: 2505647887 ns, Reaching safepoint: 80373 ns, At safepoint: 18369 ns, Total: 98742 ns
[2020-02-28T02:31:55.750+0000][1][safepoint    ] Safepoint "Cleanup", Time since last: 1000573027 ns, Reaching safepoint: 79206 ns, At safepoint: 5598 ns, Total: 84804 ns
[2020-02-28T02:31:57.256+0000][1][safepoint    ] Safepoint "RevokeBias", Time since last: 1505843624 ns, Reaching safepoint: 95262 ns, At safepoint: 22187 ns, Total: 117449 ns
[2020-02-28T02:31:59.759+0000][1][gc,start     ] GC(42) Pause Young (Allocation Failure)
[2020-02-28T02:31:59.759+0000][1][gc,task      ] GC(42) Using 1 workers of 1 for evacuation
[2020-02-28T02:31:59.770+0000][1][gc,age       ] GC(42) Desired survivor size 4358144 bytes, new threshold 6 (max threshold 6)
[2020-02-28T02:31:59.770+0000][1][gc,age       ] GC(42) Age table with threshold 6 (max threshold 6)
[2020-02-28T02:31:59.770+0000][1][gc,age       ] GC(42) - age   1:      26912 bytes,      26912 total
[2020-02-28T02:31:59.770+0000][1][gc,age       ] GC(42) - age   2:       2312 bytes,      29224 total
[2020-02-28T02:31:59.770+0000][1][gc,age       ] GC(42) - age   3:       3104 bytes,      32328 total
[2020-02-28T02:31:59.770+0000][1][gc,age       ] GC(42) - age   5:      21496 bytes,      53824 total
[2020-02-28T02:31:59.770+0000][1][gc,age       ] GC(42) - age   6:       3528 bytes,      57352 total
[2020-02-28T02:31:59.770+0000][1][gc,heap      ] GC(42) ParNew: 68243K->79K(76672K)
[2020-02-28T02:31:59.770+0000][1][gc,heap      ] GC(42) CMS: 62565K->62566K(963392K)
[2020-02-28T02:31:59.770+0000][1][gc,metaspace ] GC(42) Metaspace: 79298K->79298K(1122304K)
[2020-02-28T02:31:59.771+0000][1][gc           ] GC(42) Pause Young (Allocation Failure) 127M->61M(1015M) 11.464ms
[2020-02-28T02:31:59.771+0000][1][gc,cpu       ] GC(42) User=0.01s Sys=0.00s Real=0.01s
[2020-02-28T02:31:59.771+0000][1][safepoint    ] Safepoint "GenCollectForAllocation", Time since last: 2502969753 ns, Reaching safepoint: 91728 ns, At safepoint: 11529821 ns, Total: 11621549 ns
[2020-02-28T02:31:59.771+0000][1][safepoint    ] Safepoint "RevokeBias", Time since last: 807673 ns, Reaching safepoint: 72732 ns, At safepoint: 17098 ns, Total: 89830 ns
[2020-02-28T02:32:02.277+0000][1][safepoint    ] Safepoint "RevokeBias", Time since last: 2505578513 ns, Reaching safepoint: 92381 ns, At safepoint: 21128 ns, Total: 113509 ns
[2020-02-28T02:32:04.783+0000][1][safepoint    ] Safepoint "RevokeBias", Time since last: 2505246604 ns, Reaching safepoint: 79616 ns, At safepoint: 18483 ns, Total: 98099 ns
[2020-02-28T02:32:07.289+0000][1][safepoint    ] Safepoint "RevokeBias", Time since last: 2506682982 ns, Reaching safepoint: 78807 ns, At safepoint: 18025 ns, Total: 96832 ns
[2020-02-28T02:32:09.793+0000][1][safepoint    ] Safepoint "RevokeBias", Time since last: 2503493396 ns, Reaching safepoint: 93299 ns, At safepoint: 55585 ns, Total: 148884 ns
[2020-02-28T02:32:12.299+0000][1][safepoint    ] Safepoint "RevokeBias", Time since last: 2506436136 ns, Reaching safepoint: 99281 ns, At safepoint: 22016 ns, Total: 121297 ns
[2020-02-28T02:32:14.806+0000][1][safepoint    ] Safepoint "RevokeBias", Time since last: 2506032268 ns, Reaching safepoint: 115458 ns, At safepoint: 25697 ns, Total: 141155 ns
[2020-02-28T02:32:17.310+0000][1][safepoint    ] Safepoint "RevokeBias", Time since last: 2504691784 ns, Reaching safepoint: 95551 ns, At safepoint: 21441 ns, Total: 116992 ns
[2020-02-28T02:32:19.820+0000][1][safepoint    ] Safepoint "RevokeBias", Time since last: 2509812899 ns, Reaching safepoint: 79274 ns, At safepoint: 18422 ns, Total: 97696 ns
[2020-02-28T02:32:20.821+0000][1][safepoint    ] Safepoint "Cleanup", Time since last: 1000512967 ns, Reaching safepoint: 93380 ns, At safepoint: 8342 ns, Total: 101722 ns
[2020-02-28T02:32:22.334+0000][1][safepoint    ] Safepoint "RevokeBias", Time since last: 1513031942 ns, Reaching safepoint: 160520 ns, At safepoint: 37032 ns, Total: 197552 ns
[2020-02-28T02:32:24.851+0000][1][safepoint    ] Safepoint "RevokeBias", Time since last: 2516601643 ns, Reaching safepoint: 60280 ns, At safepoint: 16646 ns, Total: 76926 ns
[2020-02-28T02:32:27.363+0000][1][safepoint    ] Safepoint "RevokeBias", Time since last: 2512123855 ns, Reaching safepoint: 80931 ns, At safepoint: 18498 ns, Total: 99429 ns
[2020-02-28T02:32:30.199+0000][1][safepoint    ] Safepoint "RevokeBias", Time since last: 2835698382 ns, Reaching safepoint: 94011 ns, At safepoint: 21171 ns, Total: 115182 ns
[2020-02-28T02:32:32.715+0000][1][safepoint    ] Safepoint "RevokeBias", Time since last: 2515528115 ns, Reaching safepoint: 94784 ns, At safepoint: 21430 ns, Total: 116214 ns
[2020-02-28T02:32:35.231+0000][1][safepoint    ] Safepoint "RevokeBias", Time since last: 2516128230 ns, Reaching safepoint: 79358 ns, At safepoint: 18069 ns, Total: 97427 ns
[2020-02-28T02:32:37.745+0000][1][safepoint    ] Safepoint "RevokeBias", Time since last: 2514145184 ns, Reaching safepoint: 83187 ns, At safepoint: 19545 ns, Total: 102732 ns
[2020-02-28T02:32:40.256+0000][1][safepoint    ] Safepoint "RevokeBias", Time since last: 2510449683 ns, Reaching safepoint: 78200 ns, At safepoint: 17706 ns, Total: 95906 ns
[2020-02-28T02:32:41.256+0000][1][safepoint    ] Safepoint "Cleanup", Time since last: 1000761604 ns, Reaching safepoint: 97140 ns, At safepoint: 9763 ns, Total: 106903 ns
[2020-02-28T02:32:42.765+0000][1][safepoint    ] Safepoint "BulkRevokeBias", Time since last: 1508029383 ns, Reaching safepoint: 92145 ns, At safepoint: 288828 ns, Total: 380973 ns
[2020-02-28T02:32:45.287+0000][1][safepoint    ] Safepoint "RevokeBias", Time since last: 2521532472 ns, Reaching safepoint: 73835 ns, At safepoint: 17115 ns, Total: 90950 ns
[2020-02-28T02:32:47.798+0000][1][safepoint    ] Safepoint "RevokeBias", Time since last: 2511373870 ns, Reaching safepoint: 93542 ns, At safepoint: 21336 ns, Total: 114878 ns
[2020-02-28T02:32:50.302+0000][1][safepoint    ] Safepoint "RevokeBias", Time since last: 2504027488 ns, Reaching safepoint: 79921 ns, At safepoint: 18160 ns, Total: 98081 ns
[2020-02-28T02:32:51.302+0000][1][safepoint    ] Safepoint "Cleanup", Time since last: 1000186270 ns, Reaching safepoint: 99609 ns, At safepoint: 9529 ns, Total: 109138 ns
[2020-02-28T02:32:52.808+0000][1][safepoint    ] Safepoint "RevokeBias", Time since last: 1505377968 ns, Reaching safepoint: 88590 ns, At safepoint: 20046 ns, Total: 108636 ns
[2020-02-28T02:32:55.315+0000][1][safepoint    ] Safepoint "RevokeBias", Time since last: 2506542168 ns, Reaching safepoint: 82783 ns, At safepoint: 19389 ns, Total: 102172 ns
[2020-02-28T02:32:57.824+0000][1][safepoint    ] Safepoint "RevokeBias", Time since last: 2508950185 ns, Reaching safepoint: 81948 ns, At safepoint: 20483 ns, Total: 102431 ns
[2020-02-28T02:33:00.329+0000][1][safepoint    ] Safepoint "RevokeBias", Time since last: 2505103755 ns, Reaching safepoint: 92311 ns, At safepoint: 21623 ns, Total: 113934 ns
[2020-02-28T02:33:02.835+0000][1][safepoint    ] Safepoint "RevokeBias", Time since last: 2506306107 ns, Reaching safepoint: 90811 ns, At safepoint: 21496 ns, Total: 112307 ns
[2020-02-28T02:33:05.719+0000][1][safepoint    ] Safepoint "RevokeBias", Time since last: 2512915665 ns, Reaching safepoint: 371084459 ns, At safepoint: 38397 ns, Total: 371122856 ns
[2020-02-28T02:33:07.856+0000][1][safepoint    ] Safepoint "RevokeBias", Time since last: 2137084235 ns, Reaching safepoint: 89800 ns, At safepoint: 20843 ns, Total: 110643 ns
[2020-02-28T02:33:10.360+0000][1][safepoint    ] Safepoint "RevokeBias", Time since last: 2503844432 ns, Reaching safepoint: 92429 ns, At safepoint: 21670 ns, Total: 114099 ns
[2020-02-28T02:33:12.867+0000][1][safepoint    ] Safepoint "RevokeBias", Time since last: 2506294240 ns, Reaching safepoint: 92313 ns, At safepoint: 21971 ns, Total: 114284 ns
[2020-02-28T02:33:15.375+0000][1][safepoint    ] Safepoint "RevokeBias", Time since last: 2507616002 ns, Reaching safepoint: 161122 ns, At safepoint: 20862 ns, Total: 181984 ns
[2020-02-28T02:33:17.880+0000][1][safepoint    ] Safepoint "RevokeBias", Time since last: 2504907830 ns, Reaching safepoint: 100031 ns, At safepoint: 22304 ns, Total: 122335 ns
[2020-02-28T02:33:20.384+0000][1][safepoint    ] Safepoint "RevokeBias", Time since last: 2504204351 ns, Reaching safepoint: 91162 ns, At safepoint: 22354 ns, Total: 113516 ns
[2020-02-28T02:33:21.389+0000][1][safepoint    ] Safepoint "Cleanup", Time since last: 1004723053 ns, Reaching safepoint: 116294 ns, At safepoint: 7090 ns, Total: 123384 ns
[2020-02-28T02:33:22.889+0000][1][safepoint    ] Safepoint "RevokeBias", Time since last: 1500302314 ns, Reaching safepoint: 78296 ns, At safepoint: 17891 ns, Total: 96187 ns
[2020-02-28T02:33:25.394+0000][1][safepoint    ] Safepoint "RevokeBias", Time since last: 2504280920 ns, Reaching safepoint: 89175 ns, At safepoint: 21620 ns, Total: 110795 ns
[2020-02-28T02:33:27.899+0000][1][safepoint    ] Safepoint "RevokeBias", Time since last: 2505584306 ns, Reaching safepoint: 78367 ns, At safepoint: 18514 ns, Total: 96881 ns
[2020-02-28T02:33:30.404+0000][1][safepoint    ] Safepoint "RevokeBias", Time since last: 2504255433 ns, Reaching safepoint: 93107 ns, At safepoint: 22081 ns, Total: 115188 ns
[2020-02-28T02:33:32.913+0000][1][safepoint    ] Safepoint "RevokeBias", Time since last: 2509675851 ns, Reaching safepoint: 75617 ns, At safepoint: 16481 ns, Total: 92098 ns
[2020-02-28T02:33:35.422+0000][1][safepoint    ] Safepoint "RevokeBias", Time since last: 2508908295 ns, Reaching safepoint: 96309 ns, At safepoint: 21174 ns, Total: 117483 ns
[2020-02-28T02:33:37.929+0000][1][safepoint    ] Safepoint "RevokeBias", Time since last: 2506569122 ns, Reaching safepoint: 92077 ns, At safepoint: 21572 ns, Total: 113649 ns
[2020-02-28T02:33:40.433+0000][1][safepoint    ] Safepoint "RevokeBias", Time since last: 2503826478 ns, Reaching safepoint: 93496 ns, At safepoint: 21407 ns, Total: 114903 ns
[2020-02-28T02:33:41.434+0000][1][safepoint    ] Safepoint "Cleanup", Time since last: 1000575098 ns, Reaching safepoint: 101774 ns, At safepoint: 9666 ns, Total: 111440 ns
[2020-02-28T02:33:42.939+0000][1][safepoint    ] Safepoint "RevokeBias", Time since last: 1505477971 ns, Reaching safepoint: 178590 ns, At safepoint: 24429 ns, Total: 203019 ns
[2020-02-28T02:33:45.448+0000][1][safepoint    ] Safepoint "RevokeBias", Time since last: 2508119014 ns, Reaching safepoint: 94986 ns, At safepoint: 21461 ns, Total: 116447 ns
[2020-02-28T02:33:47.961+0000][1][safepoint    ] Safepoint "RevokeBias", Time since last: 2512835897 ns, Reaching safepoint: 74896 ns, At safepoint: 17844 ns, Total: 92740 ns
[2020-02-28T02:33:50.469+0000][1][safepoint    ] Safepoint "RevokeBias", Time since last: 2508344255 ns, Reaching safepoint: 92448 ns, At safepoint: 22233 ns, Total: 114681 ns
[2020-02-28T02:33:52.989+0000][1][safepoint    ] Safepoint "RevokeBias", Time since last: 2519711005 ns, Reaching safepoint: 56781 ns, At safepoint: 15870 ns, Total: 72651 ns
[2020-02-28T02:33:55.497+0000][1][safepoint    ] Safepoint "BulkRevokeBias", Time since last: 2507776111 ns, Reaching safepoint: 93418 ns, At safepoint: 228763 ns, Total: 322181 ns
[2020-02-28T02:33:57.499+0000][1][safepoint    ] Safepoint "Cleanup", Time since last: 2001721227 ns, Reaching safepoint: 99745 ns, At safepoint: 9779 ns, Total: 109524 ns
[2020-02-28T02:33:58.015+0000][1][safepoint    ] Safepoint "RevokeBias", Time since last: 515737293 ns, Reaching safepoint: 55313 ns, At safepoint: 17234 ns, Total: 72547 ns
[2020-02-28T02:34:00.522+0000][1][safepoint    ] Safepoint "RevokeBias", Time since last: 2507495142 ns, Reaching safepoint: 93501 ns, At safepoint: 21625 ns, Total: 115126 ns
[2020-02-28T02:34:01.523+0000][1][safepoint    ] Safepoint "Cleanup", Time since last: 1000606355 ns, Reaching safepoint: 96215 ns, At safepoint: 9009 ns, Total: 105224 ns
[2020-02-28T02:34:03.036+0000][1][safepoint    ] Safepoint "RevokeBias", Time since last: 1512502306 ns, Reaching safepoint: 79013 ns, At safepoint: 18337 ns, Total: 97350 ns
[2020-02-28T02:34:05.546+0000][1][safepoint    ] Safepoint "RevokeBias", Time since last: 2510356366 ns, Reaching safepoint: 98183 ns, At safepoint: 21936 ns, Total: 120119 ns
[2020-02-28T02:34:08.061+0000][1][safepoint    ] Safepoint "RevokeBias", Time since last: 2514426901 ns, Reaching safepoint: 78273 ns, At safepoint: 18566 ns, Total: 96839 ns
[2020-02-28T02:34:10.569+0000][1][safepoint    ] Safepoint "RevokeBias", Time since last: 2507930874 ns, Reaching safepoint: 91950 ns, At safepoint: 21657 ns, Total: 113607 ns
[2020-02-28T02:34:13.083+0000][1][safepoint    ] Safepoint "RevokeBias", Time since last: 2514590818 ns, Reaching safepoint: 219103 ns, At safepoint: 20232 ns, Total: 239335 ns
[2020-02-28T02:34:15.594+0000][1][gc,start     ] GC(43) Pause Young (Allocation Failure)
[2020-02-28T02:34:15.594+0000][1][gc,task      ] GC(43) Using 1 workers of 1 for evacuation
[2020-02-28T02:34:15.605+0000][1][gc,age       ] GC(43) Desired survivor size 4358144 bytes, new threshold 6 (max threshold 6)
[2020-02-28T02:34:15.605+0000][1][gc,age       ] GC(43) Age table with threshold 6 (max threshold 6)
[2020-02-28T02:34:15.605+0000][1][gc,age       ] GC(43) - age   1:      12208 bytes,      12208 total
[2020-02-28T02:34:15.605+0000][1][gc,age       ] GC(43) - age   2:       3336 bytes,      15544 total
[2020-02-28T02:34:15.605+0000][1][gc,age       ] GC(43) - age   3:       2312 bytes,      17856 total
[2020-02-28T02:34:15.605+0000][1][gc,age       ] GC(43) - age   4:       3104 bytes,      20960 total
[2020-02-28T02:34:15.605+0000][1][gc,age       ] GC(43) - age   6:      21496 bytes,      42456 total
[2020-02-28T02:34:15.605+0000][1][gc,heap      ] GC(43) ParNew: 68239K->48K(76672K)
[2020-02-28T02:34:15.605+0000][1][gc,heap      ] GC(43) CMS: 62566K->62570K(963392K)
[2020-02-28T02:34:15.605+0000][1][gc,metaspace ] GC(43) Metaspace: 79354K->79354K(1122304K)
[2020-02-28T02:34:15.605+0000][1][gc           ] GC(43) Pause Young (Allocation Failure) 127M->61M(1015M) 11.332ms
[2020-02-28T02:34:15.606+0000][1][gc,cpu       ] GC(43) User=0.01s Sys=0.00s Real=0.01s
[2020-02-28T02:34:15.606+0000][1][safepoint    ] Safepoint "GenCollectForAllocation", Time since last: 2510646019 ns, Reaching safepoint: 95308 ns, At safepoint: 11388702 ns, Total: 11484010 ns
[2020-02-28T02:34:15.607+0000][1][safepoint    ] Safepoint "RevokeBias", Time since last: 1468019 ns, Reaching safepoint: 73669 ns, At safepoint: 78600 ns, Total: 152269 ns
[2020-02-28T02:34:18.112+0000][1][safepoint    ] Safepoint "RevokeBias", Time since last: 2504445276 ns, Reaching safepoint: 83469 ns, At safepoint: 19460 ns, Total: 102929 ns
[2020-02-28T02:34:20.725+0000][1][safepoint    ] Safepoint "RevokeBias", Time since last: 2504011792 ns, Reaching safepoint: 109343329 ns, At safepoint: 28851 ns, Total: 109372180 ns
[2020-02-28T02:34:23.122+0000][1][safepoint    ] Safepoint "RevokeBias", Time since last: 2396911175 ns, Reaching safepoint: 94630 ns, At safepoint: 21424 ns, Total: 116054 ns
[2020-02-28T02:34:25.628+0000][1][safepoint    ] Safepoint "RevokeBias", Time since last: 2505498037 ns, Reaching safepoint: 110450 ns, At safepoint: 25978 ns, Total: 136428 ns
[2020-02-28T02:34:28.134+0000][1][safepoint    ] Safepoint "RevokeBias", Time since last: 2506443192 ns, Reaching safepoint: 93605 ns, At safepoint: 22000 ns, Total: 115605 ns
[2020-02-28T02:34:30.639+0000][1][safepoint    ] Safepoint "RevokeBias", Time since last: 2504436122 ns, Reaching safepoint: 81661 ns, At safepoint: 18297 ns, Total: 99958 ns
[2020-02-28T02:34:33.146+0000][1][safepoint    ] Safepoint "RevokeBias", Time since last: 2507185106 ns, Reaching safepoint: 80738 ns, At safepoint: 49506 ns, Total: 130244 ns
[2020-02-28T02:34:35.651+0000][1][safepoint    ] Safepoint "RevokeBias", Time since last: 2504393847 ns, Reaching safepoint: 99794 ns, At safepoint: 22240 ns, Total: 122034 ns
[2020-02-28T02:34:38.158+0000][1][safepoint    ] Safepoint "RevokeBias", Time since last: 2506786846 ns, Reaching safepoint: 91225 ns, At safepoint: 22112 ns, Total: 113337 ns
[2020-02-28T02:34:40.664+0000][1][safepoint    ] Safepoint "RevokeBias", Time since last: 2506643600 ns, Reaching safepoint: 80720 ns, At safepoint: 19605 ns, Total: 100325 ns
[2020-02-28T02:34:43.177+0000][1][safepoint    ] Safepoint "RevokeBias", Time since last: 2512126951 ns, Reaching safepoint: 92074 ns, At safepoint: 21805 ns, Total: 113879 ns
[2020-02-28T02:34:45.682+0000][1][safepoint    ] Safepoint "RevokeBias", Time since last: 2505454023 ns, Reaching safepoint: 92292 ns, At safepoint: 21804 ns, Total: 114096 ns
[2020-02-28T02:34:48.186+0000][1][safepoint    ] Safepoint "RevokeBias", Time since last: 2504017213 ns, Reaching safepoint: 80226 ns, At safepoint: 18752 ns, Total: 98978 ns
[2020-02-28T02:34:50.690+0000][1][safepoint    ] Safepoint "RevokeBias", Time since last: 2504134363 ns, Reaching safepoint: 65183 ns, At safepoint: 20823 ns, Total: 86006 ns
[2020-02-28T02:34:53.199+0000][1][safepoint    ] Safepoint "RevokeBias", Time since last: 2508171923 ns, Reaching safepoint: 93333 ns, At safepoint: 22068 ns, Total: 115401 ns
[2020-02-28T02:34:55.703+0000][1][safepoint    ] Safepoint "RevokeBias", Time since last: 2504181931 ns, Reaching safepoint: 100473 ns, At safepoint: 22366 ns, Total: 122839 ns
[2020-02-28T02:34:58.210+0000][1][safepoint    ] Safepoint "RevokeBias", Time since last: 2506705652 ns, Reaching safepoint: 93856 ns, At safepoint: 22014 ns, Total: 115870 ns
[2020-02-28T02:35:00.712+0000][1][safepoint    ] Safepoint "RevokeBias", Time since last: 2502186727 ns, Reaching safepoint: 81393 ns, At safepoint: 19059 ns, Total: 100452 ns
[2020-02-28T02:35:03.218+0000][1][safepoint    ] Safepoint "RevokeBias", Time since last: 2506173574 ns, Reaching safepoint: 116606 ns, At safepoint: 18936 ns, Total: 135542 ns
[2020-02-28T02:35:05.723+0000][1][safepoint    ] Safepoint "RevokeBias", Time since last: 2504871744 ns, Reaching safepoint: 106121 ns, At safepoint: 24181 ns, Total: 130302 ns
[2020-02-28T02:35:08.234+0000][1][safepoint    ] Safepoint "BulkRevokeBias", Time since last: 2509766127 ns, Reaching safepoint: 90738 ns, At safepoint: 235982 ns, Total: 326720 ns
[2020-02-28T02:35:10.740+0000][1][safepoint    ] Safepoint "RevokeBias", Time since last: 2506268860 ns, Reaching safepoint: 84678 ns, At safepoint: 19547 ns, Total: 104225 ns
[2020-02-28T02:35:13.243+0000][1][safepoint    ] Safepoint "RevokeBias", Time since last: 2503386234 ns, Reaching safepoint: 81309 ns, At safepoint: 19627 ns, Total: 100936 ns
[2020-02-28T02:35:15.750+0000][1][safepoint    ] Safepoint "RevokeBias", Time since last: 2506245515 ns, Reaching safepoint: 80478 ns, At safepoint: 18231 ns, Total: 98709 ns
[2020-02-28T02:35:18.258+0000][1][safepoint    ] Safepoint "RevokeBias", Time since last: 2508317962 ns, Reaching safepoint: 83172 ns, At safepoint: 19139 ns, Total: 102311 ns
[2020-02-28T02:35:20.773+0000][1][safepoint    ] Safepoint "RevokeBias", Time since last: 2514953708 ns, Reaching safepoint: 114878 ns, At safepoint: 20222 ns, Total: 135100 ns
[2020-02-28T02:35:23.283+0000][1][safepoint    ] Safepoint "RevokeBias", Time since last: 2509666691 ns, Reaching safepoint: 76721 ns, At safepoint: 18796 ns, Total: 95517 ns
[2020-02-28T02:35:25.799+0000][1][safepoint    ] Safepoint "RevokeBias", Time since last: 2516251143 ns, Reaching safepoint: 95659 ns, At safepoint: 21801 ns, Total: 117460 ns
[2020-02-28T02:35:28.313+0000][1][safepoint    ] Safepoint "RevokeBias", Time since last: 2513211275 ns, Reaching safepoint: 95607 ns, At safepoint: 21341 ns, Total: 116948 ns
[2020-02-28T02:35:30.822+0000][1][safepoint    ] Safepoint "RevokeBias", Time since last: 2508862637 ns, Reaching safepoint: 75422 ns, At safepoint: 17683 ns, Total: 93105 ns
[2020-02-28T02:35:32.918+0000][1][safepoint    ] Safepoint "Cleanup", Time since last: 2096353797 ns, Reaching safepoint: 84306 ns, At safepoint: 7145 ns, Total: 91451 ns
[2020-02-28T02:35:33.334+0000][1][safepoint    ] Safepoint "RevokeBias", Time since last: 415933387 ns, Reaching safepoint: 110054 ns, At safepoint: 22853 ns, Total: 132907 ns
[2020-02-28T02:35:35.340+0000][1][safepoint    ] Safepoint "Cleanup", Time since last: 2005824794 ns, Reaching safepoint: 129990 ns, At safepoint: 6696 ns, Total: 136686 ns
[2020-02-28T02:35:35.850+0000][1][safepoint    ] Safepoint "RevokeBias", Time since last: 510173938 ns, Reaching safepoint: 82062 ns, At safepoint: 18098 ns, Total: 100160 ns
[2020-02-28T02:35:38.366+0000][1][safepoint    ] Safepoint "RevokeBias", Time since last: 2515803288 ns, Reaching safepoint: 179973 ns, At safepoint: 39363 ns, Total: 219336 ns
[2020-02-28T02:35:40.876+0000][1][safepoint    ] Safepoint "RevokeBias", Time since last: 2509735319 ns, Reaching safepoint: 81012 ns, At safepoint: 18735 ns, Total: 99747 ns
[2020-02-28T02:35:42.878+0000][1][safepoint    ] Safepoint "Cleanup", Time since last: 2001119192 ns, Reaching safepoint: 85696 ns, At safepoint: 6497 ns, Total: 92193 ns
[2020-02-28T02:35:43.388+0000][1][safepoint    ] Safepoint "RevokeBias", Time since last: 510426202 ns, Reaching safepoint: 82041 ns, At safepoint: 19094 ns, Total: 101135 ns
[2020-02-28T02:35:45.909+0000][1][safepoint    ] Safepoint "RevokeBias", Time since last: 2520599493 ns, Reaching safepoint: 78987 ns, At safepoint: 18015 ns, Total: 97002 ns
[2020-02-28T02:35:48.425+0000][1][safepoint    ] Safepoint "RevokeBias", Time since last: 2516079841 ns, Reaching safepoint: 91969 ns, At safepoint: 21382 ns, Total: 113351 ns
[2020-02-28T02:35:50.932+0000][1][safepoint    ] Safepoint "RevokeBias", Time since last: 2507477578 ns, Reaching safepoint: 82721 ns, At safepoint: 18686 ns, Total: 101407 ns
[2020-02-28T02:35:53.447+0000][1][safepoint    ] Safepoint "RevokeBias", Time since last: 2514364377 ns, Reaching safepoint: 105497 ns, At safepoint: 21576 ns, Total: 127073 ns
[2020-02-28T02:35:55.965+0000][1][safepoint    ] Safepoint "RevokeBias", Time since last: 2518169801 ns, Reaching safepoint: 95197 ns, At safepoint: 20867 ns, Total: 116064 ns
[2020-02-28T02:35:58.476+0000][1][safepoint    ] Safepoint "RevokeBias", Time since last: 2510861943 ns, Reaching safepoint: 84562 ns, At safepoint: 19550 ns, Total: 104112 ns
[2020-02-28T02:36:00.997+0000][1][safepoint    ] Safepoint "RevokeBias", Time since last: 2520317477 ns, Reaching safepoint: 80173 ns, At safepoint: 17796 ns, Total: 97969 ns
[2020-02-28T02:36:03.514+0000][1][safepoint    ] Safepoint "RevokeBias", Time since last: 2517634712 ns, Reaching safepoint: 80079 ns, At safepoint: 33180 ns, Total: 113259 ns
[2020-02-28T02:36:06.027+0000][1][safepoint    ] Safepoint "RevokeBias", Time since last: 2512127538 ns, Reaching safepoint: 82725 ns, At safepoint: 19423 ns, Total: 102148 ns
[2020-02-28T02:36:08.538+0000][1][safepoint    ] Safepoint "RevokeBias", Time since last: 2510753358 ns, Reaching safepoint: 90881 ns, At safepoint: 21989 ns, Total: 112870 ns
[2020-02-28T02:36:11.046+0000][1][safepoint    ] Safepoint "RevokeBias", Time since last: 2508107726 ns, Reaching safepoint: 58088 ns, At safepoint: 16475 ns, Total: 74563 ns
[2020-02-28T02:36:13.560+0000][1][safepoint    ] Safepoint "RevokeBias", Time since last: 2513927673 ns, Reaching safepoint: 89568 ns, At safepoint: 20945 ns, Total: 110513 ns
[2020-02-28T02:36:16.067+0000][1][safepoint    ] Safepoint "RevokeBias", Time since last: 2507437778 ns, Reaching safepoint: 82484 ns, At safepoint: 17833 ns, Total: 100317 ns
[2020-02-28T02:36:18.575+0000][1][safepoint    ] Safepoint "RevokeBias", Time since last: 2506735833 ns, Reaching safepoint: 1125351 ns, At safepoint: 23327 ns, Total: 1148678 ns
[2020-02-28T02:36:21.081+0000][1][safepoint    ] Safepoint "BulkRevokeBias", Time since last: 2505574001 ns, Reaching safepoint: 93732 ns, At safepoint: 302470 ns, Total: 396202 ns
[2020-02-28T02:36:23.586+0000][1][safepoint    ] Safepoint "RevokeBias", Time since last: 2504286561 ns, Reaching safepoint: 80930 ns, At safepoint: 18761 ns, Total: 99691 ns
[2020-02-28T02:36:26.092+0000][1][safepoint    ] Safepoint "RevokeBias", Time since last: 2506144064 ns, Reaching safepoint: 154456 ns, At safepoint: 23868 ns, Total: 178324 ns
[2020-02-28T02:36:28.594+0000][1][safepoint    ] Safepoint "RevokeBias", Time since last: 2502560619 ns, Reaching safepoint: 79111 ns, At safepoint: 18537 ns, Total: 97648 ns
[2020-02-28T02:36:31.099+0000][1][safepoint    ] Safepoint "RevokeBias", Time since last: 2504876051 ns, Reaching safepoint: 80932 ns, At safepoint: 18818 ns, Total: 99750 ns
[2020-02-28T02:36:33.604+0000][1][safepoint    ] Safepoint "RevokeBias", Time since last: 2503979220 ns, Reaching safepoint: 83874 ns, At safepoint: 19128 ns, Total: 103002 ns
[2020-02-28T02:36:35.376+0000][1][gc,start     ] GC(44) Pause Young (Allocation Failure)
[2020-02-28T02:36:35.376+0000][1][gc,task      ] GC(44) Using 1 workers of 1 for evacuation
[2020-02-28T02:36:35.549+0000][1][gc,age       ] GC(44) Desired survivor size 4358144 bytes, new threshold 6 (max threshold 6)
[2020-02-28T02:36:35.549+0000][1][gc,age       ] GC(44) Age table with threshold 6 (max threshold 6)
[2020-02-28T02:36:35.549+0000][1][gc,age       ] GC(44) - age   1:      15288 bytes,      15288 total
[2020-02-28T02:36:35.549+0000][1][gc,age       ] GC(44) - age   2:       1352 bytes,      16640 total
[2020-02-28T02:36:35.549+0000][1][gc,age       ] GC(44) - age   3:       3216 bytes,      19856 total
[2020-02-28T02:36:35.549+0000][1][gc,age       ] GC(44) - age   4:       2312 bytes,      22168 total
[2020-02-28T02:36:35.549+0000][1][gc,age       ] GC(44) - age   5:       3104 bytes,      25272 total
[2020-02-28T02:36:35.549+0000][1][gc,heap      ] GC(44) ParNew: 68208K->43K(76672K)
[2020-02-28T02:36:35.549+0000][1][gc,heap      ] GC(44) CMS: 62570K->62591K(963392K)
[2020-02-28T02:36:35.549+0000][1][gc,metaspace ] GC(44) Metaspace: 79361K->79361K(1122304K)
[2020-02-28T02:36:35.549+0000][1][gc           ] GC(44) Pause Young (Allocation Failure) 127M->61M(1015M) 172.989ms
[2020-02-28T02:36:35.549+0000][1][gc,cpu       ] GC(44) User=0.01s Sys=0.00s Real=0.18s
[2020-02-28T02:36:35.549+0000][1][safepoint    ] Safepoint "GenCollectForAllocation", Time since last: 1772688823 ns, Reaching safepoint: 63398 ns, At safepoint: 173085475 ns, Total: 173148873 ns
[2020-02-28T02:36:36.108+0000][1][safepoint    ] Safepoint "RevokeBias", Time since last: 558491639 ns, Reaching safepoint: 94290 ns, At safepoint: 21909 ns, Total: 116199 ns
[2020-02-28T02:36:38.613+0000][1][safepoint    ] Safepoint "RevokeBias", Time since last: 2504618209 ns, Reaching safepoint: 92938 ns, At safepoint: 23187 ns, Total: 116125 ns
[2020-02-28T02:36:41.118+0000][1][safepoint    ] Safepoint "RevokeBias", Time since last: 2504848303 ns, Reaching safepoint: 92927 ns, At safepoint: 21870 ns, Total: 114797 ns
[2020-02-28T02:36:42.118+0000][1][safepoint    ] Safepoint "Cleanup", Time since last: 1000524684 ns, Reaching safepoint: 98796 ns, At safepoint: 8846 ns, Total: 107642 ns
[2020-02-28T02:36:43.625+0000][1][safepoint    ] Safepoint "RevokeBias", Time since last: 1506103193 ns, Reaching safepoint: 110291 ns, At safepoint: 23707 ns, Total: 133998 ns
[2020-02-28T02:36:46.130+0000][1][safepoint    ] Safepoint "RevokeBias", Time since last: 2505119821 ns, Reaching safepoint: 127766 ns, At safepoint: 23079 ns, Total: 150845 ns
[2020-02-28T02:36:48.636+0000][1][safepoint    ] Safepoint "RevokeBias", Time since last: 2505686092 ns, Reaching safepoint: 172171 ns, At safepoint: 18928 ns, Total: 191099 ns
[2020-02-28T02:36:51.140+0000][1][safepoint    ] Safepoint "RevokeBias", Time since last: 2504338881 ns, Reaching safepoint: 101962 ns, At safepoint: 19143 ns, Total: 121105 ns
[2020-02-28T02:36:53.644+0000][1][safepoint    ] Safepoint "RevokeBias", Time since last: 2504125008 ns, Reaching safepoint: 80564 ns, At safepoint: 19217 ns, Total: 99781 ns
[2020-02-28T02:36:56.149+0000][1][safepoint    ] Safepoint "RevokeBias", Time since last: 2504096979 ns, Reaching safepoint: 104648 ns, At safepoint: 23650 ns, Total: 128298 ns
[2020-02-28T02:36:58.653+0000][1][safepoint    ] Safepoint "RevokeBias", Time since last: 2504769310 ns, Reaching safepoint: 80886 ns, At safepoint: 17607 ns, Total: 98493 ns
[2020-02-28T02:37:01.158+0000][1][safepoint    ] Safepoint "RevokeBias", Time since last: 2504612239 ns, Reaching safepoint: 97799 ns, At safepoint: 21167 ns, Total: 118966 ns
[2020-02-28T02:37:03.664+0000][1][safepoint    ] Safepoint "RevokeBias", Time since last: 2505463876 ns, Reaching safepoint: 78738 ns, At safepoint: 44829 ns, Total: 123567 ns
[2020-02-28T02:37:06.169+0000][1][safepoint    ] Safepoint "RevokeBias", Time since last: 2504865126 ns, Reaching safepoint: 81109 ns, At safepoint: 18698 ns, Total: 99807 ns
[2020-02-28T02:37:08.674+0000][1][safepoint    ] Safepoint "RevokeBias", Time since last: 2505380879 ns, Reaching safepoint: 82751 ns, At safepoint: 18928 ns, Total: 101679 ns
[2020-02-28T02:37:09.675+0000][1][safepoint    ] Safepoint "Cleanup", Time since last: 1000395458 ns, Reaching safepoint: 84118 ns, At safepoint: 6434 ns, Total: 90552 ns
[2020-02-28T02:37:11.182+0000][1][safepoint    ] Safepoint "RevokeBias", Time since last: 1507553685 ns, Reaching safepoint: 82075 ns, At safepoint: 18503 ns, Total: 100578 ns
[2020-02-28T02:37:13.692+0000][1][safepoint    ] Safepoint "RevokeBias", Time since last: 2509627020 ns, Reaching safepoint: 88958 ns, At safepoint: 20544 ns, Total: 109502 ns
[2020-02-28T02:37:16.198+0000][1][safepoint    ] Safepoint "RevokeBias", Time since last: 2506274514 ns, Reaching safepoint: 81729 ns, At safepoint: 19000 ns, Total: 100729 ns
[2020-02-28T02:37:18.703+0000][1][safepoint    ] Safepoint "RevokeBias", Time since last: 2504279223 ns, Reaching safepoint: 88737 ns, At safepoint: 21624 ns, Total: 110361 ns
[2020-02-28T02:37:21.205+0000][1][safepoint    ] Safepoint "RevokeBias", Time since last: 2502507232 ns, Reaching safepoint: 79650 ns, At safepoint: 17744 ns, Total: 97394 ns
[2020-02-28T02:37:23.712+0000][1][safepoint    ] Safepoint "RevokeBias", Time since last: 2506052598 ns, Reaching safepoint: 138668 ns, At safepoint: 36424 ns, Total: 175092 ns
[2020-02-28T02:37:26.218+0000][1][safepoint    ] Safepoint "RevokeBias", Time since last: 2506521343 ns, Reaching safepoint: 166225 ns, At safepoint: 26876 ns, Total: 193101 ns
[2020-02-28T02:37:28.722+0000][1][safepoint    ] Safepoint "RevokeBias", Time since last: 2503420284 ns, Reaching safepoint: 80303 ns, At safepoint: 19431 ns, Total: 99734 ns
[2020-02-28T02:37:31.226+0000][1][safepoint    ] Safepoint "RevokeBias", Time since last: 2503464050 ns, Reaching safepoint: 79554 ns, At safepoint: 18897 ns, Total: 98451 ns
[2020-02-28T02:37:33.735+0000][1][safepoint    ] Safepoint "BulkRevokeBias", Time since last: 2507945617 ns, Reaching safepoint: 1383823 ns, At safepoint: 204477 ns, Total: 1588300 ns
[2020-02-28T02:37:35.736+0000][1][safepoint    ] Safepoint "Cleanup", Time since last: 2001219515 ns, Reaching safepoint: 213302 ns, At safepoint: 6235 ns, Total: 219537 ns
[2020-02-28T02:37:36.240+0000][1][safepoint    ] Safepoint "RevokeBias", Time since last: 503657351 ns, Reaching safepoint: 93242 ns, At safepoint: 19823 ns, Total: 113065 ns
[2020-02-28T02:37:38.745+0000][1][safepoint    ] Safepoint "RevokeBias", Time since last: 2504969290 ns, Reaching safepoint: 107634 ns, At safepoint: 27163 ns, Total: 134797 ns
[2020-02-28T02:37:41.249+0000][1][safepoint    ] Safepoint "RevokeBias", Time since last: 2503534571 ns, Reaching safepoint: 101830 ns, At safepoint: 19664 ns, Total: 121494 ns
[2020-02-28T02:37:43.757+0000][1][safepoint    ] Safepoint "RevokeBias", Time since last: 2507915740 ns, Reaching safepoint: 91552 ns, At safepoint: 23679 ns, Total: 115231 ns
[2020-02-28T02:37:46.260+0000][1][safepoint    ] Safepoint "RevokeBias", Time since last: 2502475915 ns, Reaching safepoint: 90780 ns, At safepoint: 21655 ns, Total: 112435 ns
[2020-02-28T02:37:47.261+0000][1][safepoint    ] Safepoint "Cleanup", Time since last: 1000945022 ns, Reaching safepoint: 86684 ns, At safepoint: 7655 ns, Total: 94339 ns
[2020-02-28T02:37:48.765+0000][1][safepoint    ] Safepoint "RevokeBias", Time since last: 1503864779 ns, Reaching safepoint: 77394 ns, At safepoint: 18687 ns, Total: 96081 ns
[2020-02-28T02:37:51.270+0000][1][safepoint    ] Safepoint "RevokeBias", Time since last: 2504739027 ns, Reaching safepoint: 211574 ns, At safepoint: 34214 ns, Total: 245788 ns
[2020-02-28T02:37:52.271+0000][1][safepoint    ] Safepoint "Cleanup", Time since last: 1000913309 ns, Reaching safepoint: 159108 ns, At safepoint: 10762 ns, Total: 169870 ns
[2020-02-28T02:37:53.775+0000][1][safepoint    ] Safepoint "RevokeBias", Time since last: 1504201903 ns, Reaching safepoint: 77564 ns, At safepoint: 18867 ns, Total: 96431 ns
[2020-02-28T02:37:56.280+0000][1][safepoint    ] Safepoint "RevokeBias", Time since last: 2504614001 ns, Reaching safepoint: 162596 ns, At safepoint: 34381 ns, Total: 196977 ns
[2020-02-28T02:37:58.786+0000][1][safepoint    ] Safepoint "RevokeBias", Time since last: 2506431759 ns, Reaching safepoint: 107296 ns, At safepoint: 26104 ns, Total: 133400 ns
[2020-02-28T02:38:01.343+0000][1][safepoint    ] Safepoint "RevokeBias", Time since last: 2556543619 ns, Reaching safepoint: 115235 ns, At safepoint: 31230 ns, Total: 146465 ns
[2020-02-28T02:38:03.852+0000][1][safepoint    ] Safepoint "RevokeBias", Time since last: 2508426156 ns, Reaching safepoint: 134666 ns, At safepoint: 66957 ns, Total: 201623 ns
[2020-02-28T02:38:06.366+0000][1][safepoint    ] Safepoint "RevokeBias", Time since last: 2514176777 ns, Reaching safepoint: 94591 ns, At safepoint: 22653 ns, Total: 117244 ns
[2020-02-28T02:38:08.880+0000][1][safepoint    ] Safepoint "RevokeBias", Time since last: 2513445263 ns, Reaching safepoint: 82387 ns, At safepoint: 22912 ns, Total: 105299 ns
[2020-02-28T02:38:11.383+0000][1][safepoint    ] Safepoint "RevokeBias", Time since last: 2503538380 ns, Reaching safepoint: 97960 ns, At safepoint: 22783 ns, Total: 120743 ns
[2020-02-28T02:38:13.888+0000][1][safepoint    ] Safepoint "RevokeBias", Time since last: 2504624179 ns, Reaching safepoint: 107817 ns, At safepoint: 37856 ns, Total: 145673 ns
[2020-02-28T02:38:16.398+0000][1][safepoint    ] Safepoint "RevokeBias", Time since last: 2509714075 ns, Reaching safepoint: 141262 ns, At safepoint: 27998 ns, Total: 169260 ns
[2020-02-28T02:38:18.903+0000][1][safepoint    ] Safepoint "RevokeBias", Time since last: 2504929877 ns, Reaching safepoint: 96475 ns, At safepoint: 19711 ns, Total: 116186 ns
[2020-02-28T02:38:21.416+0000][1][safepoint    ] Safepoint "RevokeBias", Time since last: 2512507228 ns, Reaching safepoint: 110691 ns, At safepoint: 26612 ns, Total: 137303 ns
[2020-02-28T02:38:23.925+0000][1][safepoint    ] Safepoint "RevokeBias", Time since last: 2509299277 ns, Reaching safepoint: 80219 ns, At safepoint: 19909 ns, Total: 100128 ns
[2020-02-28T02:38:26.438+0000][1][safepoint    ] Safepoint "RevokeBias", Time since last: 2512674599 ns, Reaching safepoint: 133088 ns, At safepoint: 34784 ns, Total: 167872 ns
[2020-02-28T02:38:28.947+0000][1][safepoint    ] Safepoint "RevokeBias", Time since last: 2509351919 ns, Reaching safepoint: 115582 ns, At safepoint: 33513 ns, Total: 149095 ns
[2020-02-28T02:38:31.460+0000][1][safepoint    ] Safepoint "RevokeBias", Time since last: 2512204979 ns, Reaching safepoint: 75247 ns, At safepoint: 19131 ns, Total: 94378 ns
[2020-02-28T02:38:33.970+0000][1][safepoint    ] Safepoint "RevokeBias", Time since last: 2510110341 ns, Reaching safepoint: 88992 ns, At safepoint: 21768 ns, Total: 110760 ns
[2020-02-28T02:38:36.485+0000][1][safepoint    ] Safepoint "RevokeBias", Time since last: 2515571766 ns, Reaching safepoint: 79949 ns, At safepoint: 18513 ns, Total: 98462 ns
[2020-02-28T02:38:38.994+0000][1][safepoint    ] Safepoint "RevokeBias", Time since last: 2508693852 ns, Reaching safepoint: 88936 ns, At safepoint: 22037 ns, Total: 110973 ns
[2020-02-28T02:38:41.515+0000][1][safepoint    ] Safepoint "RevokeBias", Time since last: 2520831958 ns, Reaching safepoint: 73587 ns, At safepoint: 19799 ns, Total: 93386 ns
[2020-02-28T02:38:44.026+0000][1][safepoint    ] Safepoint "RevokeBias", Time since last: 2510974099 ns, Reaching safepoint: 110287 ns, At safepoint: 31119 ns, Total: 141406 ns
[2020-02-28T02:38:46.540+0000][1][safepoint    ] Safepoint "BulkRevokeBias", Time since last: 2513519041 ns, Reaching safepoint: 76136 ns, At safepoint: 234423 ns, Total: 310559 ns
[2020-02-28T02:38:49.054+0000][1][safepoint    ] Safepoint "RevokeBias", Time since last: 2514046388 ns, Reaching safepoint: 109612 ns, At safepoint: 25049 ns, Total: 134661 ns
[2020-02-28T02:38:51.060+0000][1][safepoint    ] Safepoint "Cleanup", Time since last: 2005265243 ns, Reaching safepoint: 79410 ns, At safepoint: 5886 ns, Total: 85296 ns
[2020-02-28T02:38:51.571+0000][1][safepoint    ] Safepoint "RevokeBias", Time since last: 511614777 ns, Reaching safepoint: 113143 ns, At safepoint: 18194 ns, Total: 131337 ns
[2020-02-28T02:38:54.079+0000][1][safepoint    ] Safepoint "RevokeBias", Time since last: 2507371633 ns, Reaching safepoint: 88896 ns, At safepoint: 21664 ns, Total: 110560 ns
[2020-02-28T02:38:55.595+0000][1][gc,start     ] GC(45) Pause Young (Allocation Failure)
[2020-02-28T02:38:55.595+0000][1][gc,task      ] GC(45) Using 1 workers of 1 for evacuation
[2020-02-28T02:38:55.606+0000][1][gc,age       ] GC(45) Desired survivor size 4358144 bytes, new threshold 6 (max threshold 6)
[2020-02-28T02:38:55.606+0000][1][gc,age       ] GC(45) Age table with threshold 6 (max threshold 6)
[2020-02-28T02:38:55.606+0000][1][gc,age       ] GC(45) - age   1:      12376 bytes,      12376 total
[2020-02-28T02:38:55.606+0000][1][gc,age       ] GC(45) - age   2:        752 bytes,      13128 total
[2020-02-28T02:38:55.606+0000][1][gc,age       ] GC(45) - age   3:       1232 bytes,      14360 total
[2020-02-28T02:38:55.606+0000][1][gc,age       ] GC(45) - age   4:       3216 bytes,      17576 total
[2020-02-28T02:38:55.606+0000][1][gc,age       ] GC(45) - age   5:       2312 bytes,      19888 total
[2020-02-28T02:38:55.606+0000][1][gc,age       ] GC(45) - age   6:       3104 bytes,      22992 total
[2020-02-28T02:38:55.606+0000][1][gc,heap      ] GC(45) ParNew: 68203K->40K(76672K)
[2020-02-28T02:38:55.606+0000][1][gc,heap      ] GC(45) CMS: 62591K->62591K(963392K)
[2020-02-28T02:38:55.606+0000][1][gc,metaspace ] GC(45) Metaspace: 79389K->79389K(1122304K)
[2020-02-28T02:38:55.606+0000][1][gc           ] GC(45) Pause Young (Allocation Failure) 127M->61M(1015M) 10.828ms
[2020-02-28T02:38:55.606+0000][1][gc,cpu       ] GC(45) User=0.01s Sys=0.00s Real=0.01s
[2020-02-28T02:38:55.606+0000][1][safepoint    ] Safepoint "GenCollectForAllocation", Time since last: 1515959937 ns, Reaching safepoint: 92487 ns, At safepoint: 10881433 ns, Total: 10973920 ns
[2020-02-28T02:38:56.594+0000][1][safepoint    ] Safepoint "RevokeBias", Time since last: 988401697 ns, Reaching safepoint: 63317 ns, At safepoint: 16261 ns, Total: 79578 ns
[2020-02-28T02:38:59.107+0000][1][safepoint    ] Safepoint "RevokeBias", Time since last: 2512953773 ns, Reaching safepoint: 88685 ns, At safepoint: 21524 ns, Total: 110209 ns
[2020-02-28T02:39:01.611+0000][1][safepoint    ] Safepoint "RevokeBias", Time since last: 2503605603 ns, Reaching safepoint: 80822 ns, At safepoint: 19328 ns, Total: 100150 ns
[2020-02-28T02:39:04.115+0000][1][safepoint    ] Safepoint "RevokeBias", Time since last: 2503958319 ns, Reaching safepoint: 62919 ns, At safepoint: 19142 ns, Total: 82061 ns
[2020-02-28T02:39:06.620+0000][1][safepoint    ] Safepoint "RevokeBias", Time since last: 2504560905 ns, Reaching safepoint: 89410 ns, At safepoint: 53094 ns, Total: 142504 ns
[2020-02-28T02:39:09.126+0000][1][safepoint    ] Safepoint "RevokeBias", Time since last: 2505908194 ns, Reaching safepoint: 89643 ns, At safepoint: 21934 ns, Total: 111577 ns
[2020-02-28T02:39:11.630+0000][1][safepoint    ] Safepoint "RevokeBias", Time since last: 2503754546 ns, Reaching safepoint: 92267 ns, At safepoint: 18395 ns, Total: 110662 ns
[2020-02-28T02:39:14.134+0000][1][safepoint    ] Safepoint "RevokeBias", Time since last: 2504447189 ns, Reaching safepoint: 89956 ns, At safepoint: 21941 ns, Total: 111897 ns
[2020-02-28T02:39:16.644+0000][1][safepoint    ] Safepoint "RevokeBias", Time since last: 2509180562 ns, Reaching safepoint: 88089 ns, At safepoint: 22247 ns, Total: 110336 ns
[2020-02-28T02:39:19.148+0000][1][safepoint    ] Safepoint "RevokeBias", Time since last: 2504368692 ns, Reaching safepoint: 89344 ns, At safepoint: 82052 ns, Total: 171396 ns
[2020-02-28T02:39:21.653+0000][1][safepoint    ] Safepoint "RevokeBias", Time since last: 2504933545 ns, Reaching safepoint: 154680 ns, At safepoint: 27725 ns, Total: 182405 ns
[2020-02-28T02:39:24.158+0000][1][safepoint    ] Safepoint "RevokeBias", Time since last: 2504590581 ns, Reaching safepoint: 77096 ns, At safepoint: 18230 ns, Total: 95326 ns
[2020-02-28T02:39:26.663+0000][1][safepoint    ] Safepoint "RevokeBias", Time since last: 2505379186 ns, Reaching safepoint: 77763 ns, At safepoint: 17811 ns, Total: 95574 ns
[2020-02-28T02:39:29.167+0000][1][safepoint    ] Safepoint "RevokeBias", Time since last: 2503599182 ns, Reaching safepoint: 85781 ns, At safepoint: 19282 ns, Total: 105063 ns
[2020-02-28T02:39:31.671+0000][1][safepoint    ] Safepoint "RevokeBias", Time since last: 2504053767 ns, Reaching safepoint: 96277 ns, At safepoint: 21077 ns, Total: 117354 ns
[2020-02-28T02:39:34.175+0000][1][safepoint    ] Safepoint "RevokeBias", Time since last: 2504103154 ns, Reaching safepoint: 76266 ns, At safepoint: 19062 ns, Total: 95328 ns
[2020-02-28T02:39:36.682+0000][1][safepoint    ] Safepoint "RevokeBias", Time since last: 2506539459 ns, Reaching safepoint: 87845 ns, At safepoint: 21456 ns, Total: 109301 ns
[2020-02-28T02:39:39.187+0000][1][safepoint    ] Safepoint "RevokeBias", Time since last: 2504422989 ns, Reaching safepoint: 88280 ns, At safepoint: 21168 ns, Total: 109448 ns
[2020-02-28T02:39:41.693+0000][1][safepoint    ] Safepoint "RevokeBias", Time since last: 2505767620 ns, Reaching safepoint: 118682 ns, At safepoint: 23174 ns, Total: 141856 ns
[2020-02-28T02:39:42.693+0000][1][safepoint    ] Safepoint "Cleanup", Time since last: 1000435958 ns, Reaching safepoint: 118874 ns, At safepoint: 12256 ns, Total: 131130 ns
[2020-02-28T02:39:44.195+0000][1][safepoint    ] Safepoint "RevokeBias", Time since last: 1502231919 ns, Reaching safepoint: 76238 ns, At safepoint: 17703 ns, Total: 93941 ns
[2020-02-28T02:39:46.711+0000][1][safepoint    ] Safepoint "RevokeBias", Time since last: 2515033216 ns, Reaching safepoint: 93708 ns, At safepoint: 26262 ns, Total: 119970 ns
[2020-02-28T02:39:49.212+0000][1][safepoint    ] Safepoint "RevokeBias", Time since last: 2501334389 ns, Reaching safepoint: 78489 ns, At safepoint: 18809 ns, Total: 97298 ns
[2020-02-28T02:39:51.716+0000][1][safepoint    ] Safepoint "RevokeBias", Time since last: 2503526957 ns, Reaching safepoint: 93742 ns, At safepoint: 18914 ns, Total: 112656 ns
[2020-02-28T02:39:54.220+0000][1][safepoint    ] Safepoint "RevokeBias", Time since last: 2503831515 ns, Reaching safepoint: 76315 ns, At safepoint: 18601 ns, Total: 94916 ns
[2020-02-28T02:39:56.726+0000][1][safepoint    ] Safepoint "RevokeBias", Time since last: 2506528607 ns, Reaching safepoint: 94119 ns, At safepoint: 22119 ns, Total: 116238 ns
[2020-02-28T02:39:59.233+0000][1][safepoint    ] Safepoint "BulkRevokeBias", Time since last: 2505866338 ns, Reaching safepoint: 152361 ns, At safepoint: 376976 ns, Total: 529337 ns
[2020-02-28T02:40:01.737+0000][1][safepoint    ] Safepoint "RevokeBias", Time since last: 2504518589 ns, Reaching safepoint: 118900 ns, At safepoint: 20376 ns, Total: 139276 ns
[2020-02-28T02:40:04.241+0000][1][safepoint    ] Safepoint "RevokeBias", Time since last: 2503846863 ns, Reaching safepoint: 89682 ns, At safepoint: 21406 ns, Total: 111088 ns
[2020-02-28T02:40:06.749+0000][1][safepoint    ] Safepoint "RevokeBias", Time since last: 2507213011 ns, Reaching safepoint: 135138 ns, At safepoint: 23492 ns, Total: 158630 ns
[2020-02-28T02:40:09.255+0000][1][safepoint    ] Safepoint "RevokeBias", Time since last: 2506510175 ns, Reaching safepoint: 90583 ns, At safepoint: 21136 ns, Total: 111719 ns
[2020-02-28T02:40:11.763+0000][1][safepoint    ] Safepoint "RevokeBias", Time since last: 2507773366 ns, Reaching safepoint: 79646 ns, At safepoint: 19221 ns, Total: 98867 ns
[2020-02-28T02:40:14.275+0000][1][safepoint    ] Safepoint "RevokeBias", Time since last: 2511872455 ns, Reaching safepoint: 77671 ns, At safepoint: 33636 ns, Total: 111307 ns
[2020-02-28T02:40:16.783+0000][1][safepoint    ] Safepoint "RevokeBias", Time since last: 2507481584 ns, Reaching safepoint: 199140 ns, At safepoint: 19284 ns, Total: 218424 ns
[2020-02-28T02:40:19.288+0000][1][safepoint    ] Safepoint "RevokeBias", Time since last: 2505376787 ns, Reaching safepoint: 80595 ns, At safepoint: 19485 ns, Total: 100080 ns
[2020-02-28T02:40:21.792+0000][1][safepoint    ] Safepoint "RevokeBias", Time since last: 2504049381 ns, Reaching safepoint: 79367 ns, At safepoint: 18024 ns, Total: 97391 ns
[2020-02-28T02:40:24.299+0000][1][safepoint    ] Safepoint "RevokeBias", Time since last: 2506087603 ns, Reaching safepoint: 77423 ns, At safepoint: 18352 ns, Total: 95775 ns
[2020-02-28T02:40:26.803+0000][1][safepoint    ] Safepoint "RevokeBias", Time since last: 2504054801 ns, Reaching safepoint: 99486 ns, At safepoint: 23088 ns, Total: 122574 ns
[2020-02-28T02:40:29.312+0000][1][safepoint    ] Safepoint "RevokeBias", Time since last: 2507210050 ns, Reaching safepoint: 1798573 ns, At safepoint: 29501 ns, Total: 1828074 ns
[2020-02-28T02:40:31.814+0000][1][safepoint    ] Safepoint "RevokeBias", Time since last: 2501830808 ns, Reaching safepoint: 74682 ns, At safepoint: 18470 ns, Total: 93152 ns
[2020-02-28T02:40:34.317+0000][1][safepoint    ] Safepoint "RevokeBias", Time since last: 2503567986 ns, Reaching safepoint: 87522 ns, At safepoint: 21709 ns, Total: 109231 ns
[2020-02-28T02:40:36.929+0000][1][safepoint    ] Safepoint "RevokeBias", Time since last: 2611842356 ns, Reaching safepoint: 84436 ns, At safepoint: 19981 ns, Total: 104417 ns
[2020-02-28T02:40:39.435+0000][1][safepoint    ] Safepoint "RevokeBias", Time since last: 2505334829 ns, Reaching safepoint: 139387 ns, At safepoint: 20025 ns, Total: 159412 ns
[2020-02-28T02:40:41.938+0000][1][safepoint    ] Safepoint "RevokeBias", Time since last: 2503458438 ns, Reaching safepoint: 89203 ns, At safepoint: 22168 ns, Total: 111371 ns
[2020-02-28T02:40:44.444+0000][1][safepoint    ] Safepoint "RevokeBias", Time since last: 2505696388 ns, Reaching safepoint: 98950 ns, At safepoint: 21378 ns, Total: 120328 ns
[2020-02-28T02:40:46.951+0000][1][safepoint    ] Safepoint "RevokeBias", Time since last: 2506379039 ns, Reaching safepoint: 89625 ns, At safepoint: 22407 ns, Total: 112032 ns
[2020-02-28T02:40:49.456+0000][1][safepoint    ] Safepoint "RevokeBias", Time since last: 2504696567 ns, Reaching safepoint: 101540 ns, At safepoint: 21834 ns, Total: 123374 ns
[2020-02-28T02:40:51.960+0000][1][safepoint    ] Safepoint "RevokeBias", Time since last: 2504246839 ns, Reaching safepoint: 83875 ns, At safepoint: 20192 ns, Total: 104067 ns
[2020-02-28T02:40:54.465+0000][1][safepoint    ] Safepoint "RevokeBias", Time since last: 2504720639 ns, Reaching safepoint: 91324 ns, At safepoint: 22880 ns, Total: 114204 ns
[2020-02-28T02:40:56.972+0000][1][safepoint    ] Safepoint "RevokeBias", Time since last: 2506887183 ns, Reaching safepoint: 189147 ns, At safepoint: 37326 ns, Total: 226473 ns
[2020-02-28T02:40:59.477+0000][1][safepoint    ] Safepoint "RevokeBias", Time since last: 2505237865 ns, Reaching safepoint: 88881 ns, At safepoint: 21440 ns, Total: 110321 ns
[2020-02-28T02:41:01.980+0000][1][safepoint    ] Safepoint "RevokeBias", Time since last: 2502844161 ns, Reaching safepoint: 95507 ns, At safepoint: 21353 ns, Total: 116860 ns
[2020-02-28T02:41:04.484+0000][1][safepoint    ] Safepoint "RevokeBias", Time since last: 2503795106 ns, Reaching safepoint: 77365 ns, At safepoint: 18517 ns, Total: 95882 ns
[2020-02-28T02:41:06.990+0000][1][safepoint    ] Safepoint "RevokeBias", Time since last: 2506312828 ns, Reaching safepoint: 78036 ns, At safepoint: 19910 ns, Total: 97946 ns
[2020-02-28T02:41:09.495+0000][1][safepoint    ] Safepoint "RevokeBias", Time since last: 2504572015 ns, Reaching safepoint: 90323 ns, At safepoint: 21782 ns, Total: 112105 ns
[2020-02-28T02:41:11.999+0000][1][safepoint    ] Safepoint "BulkRevokeBias", Time since last: 2503485882 ns, Reaching safepoint: 88363 ns, At safepoint: 293308 ns, Total: 381671 ns
[2020-02-28T02:41:14.505+0000][1][safepoint    ] Safepoint "RevokeBias", Time since last: 2505869621 ns, Reaching safepoint: 73836 ns, At safepoint: 18597 ns, Total: 92433 ns
[2020-02-28T02:41:15.765+0000][1][gc,start     ] GC(46) Pause Young (Allocation Failure)
[2020-02-28T02:41:15.765+0000][1][gc,task      ] GC(46) Using 1 workers of 1 for evacuation
[2020-02-28T02:41:15.784+0000][1][gc,age       ] GC(46) Desired survivor size 4358144 bytes, new threshold 6 (max threshold 6)
[2020-02-28T02:41:15.784+0000][1][gc,age       ] GC(46) Age table with threshold 6 (max threshold 6)
[2020-02-28T02:41:15.784+0000][1][gc,age       ] GC(46) - age   1:      12568 bytes,      12568 total
[2020-02-28T02:41:15.784+0000][1][gc,age       ] GC(46) - age   2:        544 bytes,      13112 total
[2020-02-28T02:41:15.784+0000][1][gc,age       ] GC(46) - age   3:        656 bytes,      13768 total
[2020-02-28T02:41:15.784+0000][1][gc,age       ] GC(46) - age   4:       1232 bytes,      15000 total
[2020-02-28T02:41:15.784+0000][1][gc,age       ] GC(46) - age   5:       3216 bytes,      18216 total
[2020-02-28T02:41:15.784+0000][1][gc,age       ] GC(46) - age   6:       2312 bytes,      20528 total
[2020-02-28T02:41:15.784+0000][1][gc,heap      ] GC(46) ParNew: 68200K->26K(76672K)
[2020-02-28T02:41:15.784+0000][1][gc,heap      ] GC(46) CMS: 62591K->62594K(963392K)
[2020-02-28T02:41:15.784+0000][1][gc,metaspace ] GC(46) Metaspace: 79407K->79407K(1122304K)
[2020-02-28T02:41:15.784+0000][1][gc           ] GC(46) Pause Young (Allocation Failure) 127M->61M(1015M) 19.089ms
[2020-02-28T02:41:15.784+0000][1][gc,cpu       ] GC(46) User=0.01s Sys=0.00s Real=0.02s
[2020-02-28T02:41:15.784+0000][1][safepoint    ] Safepoint "GenCollectForAllocation", Time since last: 1260066977 ns, Reaching safepoint: 77031 ns, At safepoint: 19167976 ns, Total: 19245007 ns
[2020-02-28T02:41:17.010+0000][1][safepoint    ] Safepoint "RevokeBias", Time since last: 1225204790 ns, Reaching safepoint: 95093 ns, At safepoint: 18694 ns, Total: 113787 ns
[2020-02-28T02:41:18.010+0000][1][safepoint    ] Safepoint "Cleanup", Time since last: 1000466461 ns, Reaching safepoint: 86902 ns, At safepoint: 7125 ns, Total: 94027 ns
[2020-02-28T02:41:19.514+0000][1][safepoint    ] Safepoint "RevokeBias", Time since last: 1503415600 ns, Reaching safepoint: 87874 ns, At safepoint: 21596 ns, Total: 109470 ns
[2020-02-28T02:41:21.517+0000][1][safepoint    ] Safepoint "Cleanup", Time since last: 2003618910 ns, Reaching safepoint: 107527 ns, At safepoint: 10751 ns, Total: 118278 ns
[2020-02-28T02:41:22.019+0000][1][safepoint    ] Safepoint "RevokeBias", Time since last: 501167654 ns, Reaching safepoint: 194362 ns, At safepoint: 57702 ns, Total: 252064 ns
[2020-02-28T02:41:24.524+0000][1][safepoint    ] Safepoint "RevokeBias", Time since last: 2504853958 ns, Reaching safepoint: 89949 ns, At safepoint: 21756 ns, Total: 111705 ns
[2020-02-28T02:41:27.031+0000][1][safepoint    ] Safepoint "RevokeBias", Time since last: 2507325330 ns, Reaching safepoint: 107339 ns, At safepoint: 25210 ns, Total: 132549 ns
[2020-02-28T02:41:29.535+0000][1][safepoint    ] Safepoint "RevokeBias", Time since last: 2503351010 ns, Reaching safepoint: 89440 ns, At safepoint: 22293 ns, Total: 111733 ns
[2020-02-28T02:41:32.039+0000][1][safepoint    ] Safepoint "RevokeBias", Time since last: 2503693184 ns, Reaching safepoint: 75136 ns, At safepoint: 17781 ns, Total: 92917 ns
[2020-02-28T02:41:34.544+0000][1][safepoint    ] Safepoint "RevokeBias", Time since last: 2505174620 ns, Reaching safepoint: 81101 ns, At safepoint: 19575 ns, Total: 100676 ns
[2020-02-28T02:41:35.552+0000][1][safepoint    ] Safepoint "Cleanup", Time since last: 1008202936 ns, Reaching safepoint: 87353 ns, At safepoint: 6586 ns, Total: 93939 ns
[2020-02-28T02:41:37.052+0000][1][safepoint    ] Safepoint "RevokeBias", Time since last: 1500092080 ns, Reaching safepoint: 98387 ns, At safepoint: 21928 ns, Total: 120315 ns
[2020-02-28T02:41:39.557+0000][1][safepoint    ] Safepoint "RevokeBias", Time since last: 2504788129 ns, Reaching safepoint: 85145 ns, At safepoint: 19277 ns, Total: 104422 ns
[2020-02-28T02:41:42.061+0000][1][safepoint    ] Safepoint "RevokeBias", Time since last: 2504085349 ns, Reaching safepoint: 81420 ns, At safepoint: 18648 ns, Total: 100068 ns
[2020-02-28T02:41:44.566+0000][1][safepoint    ] Safepoint "RevokeBias", Time since last: 2504216779 ns, Reaching safepoint: 88159 ns, At safepoint: 21459 ns, Total: 109618 ns
[2020-02-28T02:41:47.072+0000][1][safepoint    ] Safepoint "RevokeBias", Time since last: 2506681353 ns, Reaching safepoint: 62748 ns, At safepoint: 18637 ns, Total: 81385 ns
[2020-02-28T02:41:49.578+0000][1][safepoint    ] Safepoint "RevokeBias", Time since last: 2505431477 ns, Reaching safepoint: 89398 ns, At safepoint: 53552 ns, Total: 142950 ns
[2020-02-28T02:41:51.581+0000][1][safepoint    ] Safepoint "Cleanup", Time since last: 2002748277 ns, Reaching safepoint: 94464 ns, At safepoint: 7801 ns, Total: 102265 ns
[2020-02-28T02:41:52.082+0000][1][safepoint    ] Safepoint "RevokeBias", Time since last: 501349114 ns, Reaching safepoint: 87994 ns, At safepoint: 21674 ns, Total: 109668 ns
[2020-02-28T02:41:54.587+0000][1][safepoint    ] Safepoint "RevokeBias", Time since last: 2504465566 ns, Reaching safepoint: 84512 ns, At safepoint: 21238 ns, Total: 105750 ns
[2020-02-28T02:41:57.094+0000][1][safepoint    ] Safepoint "RevokeBias", Time since last: 2506881817 ns, Reaching safepoint: 102248 ns, At safepoint: 49576 ns, Total: 151824 ns
[2020-02-28T02:41:59.599+0000][1][safepoint    ] Safepoint "RevokeBias", Time since last: 2505131946 ns, Reaching safepoint: 76211 ns, At safepoint: 18916 ns, Total: 95127 ns
[2020-02-28T02:42:02.134+0000][1][safepoint    ] Safepoint "RevokeBias", Time since last: 2534829508 ns, Reaching safepoint: 90769 ns, At safepoint: 27440 ns, Total: 118209 ns
[2020-02-28T02:42:04.643+0000][1][safepoint    ] Safepoint "RevokeBias", Time since last: 2509039361 ns, Reaching safepoint: 89122 ns, At safepoint: 25838 ns, Total: 114960 ns
[2020-02-28T02:42:07.153+0000][1][safepoint    ] Safepoint "RevokeBias", Time since last: 2509661887 ns, Reaching safepoint: 94451 ns, At safepoint: 22658 ns, Total: 117109 ns
[2020-02-28T02:42:09.658+0000][1][safepoint    ] Safepoint "RevokeBias", Time since last: 2504810310 ns, Reaching safepoint: 76954 ns, At safepoint: 18148 ns, Total: 95102 ns
[2020-02-28T02:42:12.164+0000][1][safepoint    ] Safepoint "RevokeBias", Time since last: 2505518774 ns, Reaching safepoint: 85627 ns, At safepoint: 21233 ns, Total: 106860 ns
[2020-02-28T02:42:14.670+0000][1][safepoint    ] Safepoint "RevokeBias", Time since last: 2506668874 ns, Reaching safepoint: 77253 ns, At safepoint: 74644 ns, Total: 151897 ns
[2020-02-28T02:42:17.174+0000][1][safepoint    ] Safepoint "RevokeBias", Time since last: 2503311411 ns, Reaching safepoint: 81072 ns, At safepoint: 19525 ns, Total: 100597 ns
[2020-02-28T02:42:19.680+0000][1][safepoint    ] Safepoint "RevokeBias", Time since last: 2505629329 ns, Reaching safepoint: 75318 ns, At safepoint: 18708 ns, Total: 94026 ns
[2020-02-28T02:42:22.184+0000][1][safepoint    ] Safepoint "RevokeBias", Time since last: 2504653417 ns, Reaching safepoint: 78105 ns, At safepoint: 18272 ns, Total: 96377 ns
[2020-02-28T02:42:24.690+0000][1][safepoint    ] Safepoint "BulkRevokeBias", Time since last: 2505111911 ns, Reaching safepoint: 87749 ns, At safepoint: 281019 ns, Total: 368768 ns
[2020-02-28T02:42:27.195+0000][1][safepoint    ] Safepoint "RevokeBias", Time since last: 2505158314 ns, Reaching safepoint: 85301 ns, At safepoint: 21728 ns, Total: 107029 ns
[2020-02-28T02:42:29.699+0000][1][safepoint    ] Safepoint "RevokeBias", Time since last: 2504191540 ns, Reaching safepoint: 73688 ns, At safepoint: 18441 ns, Total: 92129 ns
[2020-02-28T02:42:32.203+0000][1][safepoint    ] Safepoint "RevokeBias", Time since last: 2503168927 ns, Reaching safepoint: 131497 ns, At safepoint: 34273 ns, Total: 165770 ns
[2020-02-28T02:42:34.707+0000][1][safepoint    ] Safepoint "RevokeBias", Time since last: 2504532764 ns, Reaching safepoint: 92857 ns, At safepoint: 35914 ns, Total: 128771 ns
[2020-02-28T02:42:35.708+0000][1][safepoint    ] Safepoint "Cleanup", Time since last: 1000349742 ns, Reaching safepoint: 82230 ns, At safepoint: 7178 ns, Total: 89408 ns
[2020-02-28T02:42:37.214+0000][1][safepoint    ] Safepoint "RevokeBias", Time since last: 1506317574 ns, Reaching safepoint: 104162 ns, At safepoint: 24769 ns, Total: 128931 ns
[2020-02-28T02:42:39.721+0000][1][safepoint    ] Safepoint "RevokeBias", Time since last: 2506232796 ns, Reaching safepoint: 85537 ns, At safepoint: 21560 ns, Total: 107097 ns
[2020-02-28T02:42:42.225+0000][1][safepoint    ] Safepoint "RevokeBias", Time since last: 2504769531 ns, Reaching safepoint: 77850 ns, At safepoint: 18886 ns, Total: 96736 ns
[2020-02-28T02:42:44.731+0000][1][safepoint    ] Safepoint "RevokeBias", Time since last: 2505244961 ns, Reaching safepoint: 74329 ns, At safepoint: 17854 ns, Total: 92183 ns
[2020-02-28T02:42:47.236+0000][1][safepoint    ] Safepoint "RevokeBias", Time since last: 2505066653 ns, Reaching safepoint: 130556 ns, At safepoint: 32172 ns, Total: 162728 ns
[2020-02-28T02:42:49.742+0000][1][safepoint    ] Safepoint "RevokeBias", Time since last: 2505672189 ns, Reaching safepoint: 86329 ns, At safepoint: 21555 ns, Total: 107884 ns
[2020-02-28T02:42:51.749+0000][1][safepoint    ] Safepoint "Cleanup", Time since last: 2007313029 ns, Reaching safepoint: 83325 ns, At safepoint: 7438 ns, Total: 90763 ns
[2020-02-28T02:42:52.248+0000][1][safepoint    ] Safepoint "RevokeBias", Time since last: 499136094 ns, Reaching safepoint: 100632 ns, At safepoint: 20459 ns, Total: 121091 ns
[2020-02-28T02:42:54.759+0000][1][safepoint    ] Safepoint "RevokeBias", Time since last: 2510688271 ns, Reaching safepoint: 108500 ns, At safepoint: 23545 ns, Total: 132045 ns
[2020-02-28T02:42:57.266+0000][1][safepoint    ] Safepoint "RevokeBias", Time since last: 2506385388 ns, Reaching safepoint: 104662 ns, At safepoint: 24935 ns, Total: 129597 ns
[2020-02-28T02:42:59.772+0000][1][safepoint    ] Safepoint "RevokeBias", Time since last: 2505820332 ns, Reaching safepoint: 87344 ns, At safepoint: 20382 ns, Total: 107726 ns
[2020-02-28T02:43:02.280+0000][1][safepoint    ] Safepoint "RevokeBias", Time since last: 2508562691 ns, Reaching safepoint: 152372 ns, At safepoint: 36693 ns, Total: 189065 ns
[2020-02-28T02:43:04.792+0000][1][safepoint    ] Safepoint "RevokeBias", Time since last: 2511127694 ns, Reaching safepoint: 85793 ns, At safepoint: 21012 ns, Total: 106805 ns
[2020-02-28T02:43:07.299+0000][1][safepoint    ] Safepoint "RevokeBias", Time since last: 2507007915 ns, Reaching safepoint: 99221 ns, At safepoint: 18959 ns, Total: 118180 ns
[2020-02-28T02:43:09.299+0000][1][safepoint    ] Safepoint "Cleanup", Time since last: 2000293217 ns, Reaching safepoint: 92158 ns, At safepoint: 8529 ns, Total: 100687 ns
[2020-02-28T02:43:09.804+0000][1][safepoint    ] Safepoint "RevokeBias", Time since last: 504914367 ns, Reaching safepoint: 75950 ns, At safepoint: 17984 ns, Total: 93934 ns
[2020-02-28T02:43:12.308+0000][1][safepoint    ] Safepoint "RevokeBias", Time since last: 2503177858 ns, Reaching safepoint: 75015 ns, At safepoint: 18403 ns, Total: 93418 ns
[2020-02-28T02:43:14.813+0000][1][safepoint    ] Safepoint "RevokeBias", Time since last: 2505201369 ns, Reaching safepoint: 85908 ns, At safepoint: 20987 ns, Total: 106895 ns
[2020-02-28T02:43:17.318+0000][1][safepoint    ] Safepoint "RevokeBias", Time since last: 2505043262 ns, Reaching safepoint: 149616 ns, At safepoint: 21882 ns, Total: 171498 ns
[2020-02-28T02:43:19.823+0000][1][safepoint    ] Safepoint "RevokeBias", Time since last: 2504534482 ns, Reaching safepoint: 84351 ns, At safepoint: 20940 ns, Total: 105291 ns
[2020-02-28T02:43:22.327+0000][1][safepoint    ] Safepoint "RevokeBias", Time since last: 2503776506 ns, Reaching safepoint: 96619 ns, At safepoint: 36191 ns, Total: 132810 ns
[2020-02-28T02:43:24.832+0000][1][safepoint    ] Safepoint "RevokeBias", Time since last: 2505384698 ns, Reaching safepoint: 87422 ns, At safepoint: 61712 ns, Total: 149134 ns
[2020-02-28T02:43:27.339+0000][1][safepoint    ] Safepoint "RevokeBias", Time since last: 2506569750 ns, Reaching safepoint: 164595 ns, At safepoint: 40089 ns, Total: 204684 ns
[2020-02-28T02:43:29.848+0000][1][safepoint    ] Safepoint "RevokeBias", Time since last: 2508635492 ns, Reaching safepoint: 75853 ns, At safepoint: 18347 ns, Total: 94200 ns
[2020-02-28T02:43:32.357+0000][1][safepoint    ] Safepoint "RevokeBias", Time since last: 2509702894 ns, Reaching safepoint: 70603 ns, At safepoint: 17216 ns, Total: 87819 ns
[2020-02-28T02:43:34.863+0000][1][safepoint    ] Safepoint "RevokeBias", Time since last: 2505600816 ns, Reaching safepoint: 80710 ns, At safepoint: 18518 ns, Total: 99228 ns
[2020-02-28T02:43:36.008+0000][1][gc,start     ] GC(47) Pause Young (Allocation Failure)
[2020-02-28T02:43:36.008+0000][1][gc,task      ] GC(47) Using 1 workers of 1 for evacuation
[2020-02-28T02:43:36.024+0000][1][gc,age       ] GC(47) Desired survivor size 4358144 bytes, new threshold 6 (max threshold 6)
[2020-02-28T02:43:36.024+0000][1][gc,age       ] GC(47) Age table with threshold 6 (max threshold 6)
[2020-02-28T02:43:36.024+0000][1][gc,age       ] GC(47) - age   1:      15568 bytes,      15568 total
[2020-02-28T02:43:36.024+0000][1][gc,age       ] GC(47) - age   2:       1512 bytes,      17080 total
[2020-02-28T02:43:36.024+0000][1][gc,age       ] GC(47) - age   3:        424 bytes,      17504 total
[2020-02-28T02:43:36.024+0000][1][gc,age       ] GC(47) - age   4:        656 bytes,      18160 total
[2020-02-28T02:43:36.024+0000][1][gc,age       ] GC(47) - age   5:       1232 bytes,      19392 total
[2020-02-28T02:43:36.024+0000][1][gc,age       ] GC(47) - age   6:       2984 bytes,      22376 total
[2020-02-28T02:43:36.024+0000][1][gc,heap      ] GC(47) ParNew: 68186K->36K(76672K)
[2020-02-28T02:43:36.024+0000][1][gc,heap      ] GC(47) CMS: 62594K->62596K(963392K)
[2020-02-28T02:43:36.024+0000][1][gc,metaspace ] GC(47) Metaspace: 79429K->79429K(1122304K)
[2020-02-28T02:43:36.024+0000][1][gc           ] GC(47) Pause Young (Allocation Failure) 127M->61M(1015M) 15.956ms
[2020-02-28T02:43:36.024+0000][1][gc,cpu       ] GC(47) User=0.01s Sys=0.00s Real=0.01s
[2020-02-28T02:43:36.024+0000][1][safepoint    ] Safepoint "GenCollectForAllocation", Time since last: 1144698752 ns, Reaching safepoint: 76602 ns, At safepoint: 16011273 ns, Total: 16087875 ns
[2020-02-28T02:43:37.378+0000][1][safepoint    ] Safepoint "BulkRevokeBias", Time since last: 1353930878 ns, Reaching safepoint: 100991 ns, At safepoint: 313964 ns, Total: 414955 ns
[2020-02-28T02:43:39.939+0000][1][safepoint    ] Safepoint "RevokeBias", Time since last: 2560283166 ns, Reaching safepoint: 74942 ns, At safepoint: 57151 ns, Total: 132093 ns
[2020-02-28T02:43:42.445+0000][1][safepoint    ] Safepoint "RevokeBias", Time since last: 2506371610 ns, Reaching safepoint: 174226 ns, At safepoint: 19167 ns, Total: 193393 ns
[2020-02-28T02:43:45.131+0000][1][safepoint    ] Safepoint "RevokeBias", Time since last: 2685357288 ns, Reaching safepoint: 95361 ns, At safepoint: 21067 ns, Total: 116428 ns
[2020-02-28T02:43:47.814+0000][1][safepoint    ] Safepoint "RevokeBias", Time since last: 2682695287 ns, Reaching safepoint: 240845 ns, At safepoint: 35509 ns, Total: 276354 ns
[2020-02-28T02:43:50.379+0000][1][safepoint    ] Safepoint "RevokeBias", Time since last: 2564817814 ns, Reaching safepoint: 107072 ns, At safepoint: 141677 ns, Total: 248749 ns
[2020-02-28T02:43:52.884+0000][1][safepoint    ] Safepoint "RevokeBias", Time since last: 2504837125 ns, Reaching safepoint: 84473 ns, At safepoint: 21547 ns, Total: 106020 ns
[2020-02-28T02:43:55.389+0000][1][safepoint    ] Safepoint "RevokeBias", Time since last: 2505334527 ns, Reaching safepoint: 133370 ns, At safepoint: 102192 ns, Total: 235562 ns
[2020-02-28T02:43:57.897+0000][1][safepoint    ] Safepoint "RevokeBias", Time since last: 2507068625 ns, Reaching safepoint: 93374 ns, At safepoint: 194819 ns, Total: 288193 ns
[2020-02-28T02:44:00.402+0000][1][safepoint    ] Safepoint "RevokeBias", Time since last: 2504884517 ns, Reaching safepoint: 79378 ns, At safepoint: 19254 ns, Total: 98632 ns
[2020-02-28T02:44:02.906+0000][1][safepoint    ] Safepoint "RevokeBias", Time since last: 2504358569 ns, Reaching safepoint: 75939 ns, At safepoint: 18380 ns, Total: 94319 ns
[2020-02-28T02:44:05.487+0000][1][safepoint    ] Safepoint "RevokeBias", Time since last: 2581128866 ns, Reaching safepoint: 118203 ns, At safepoint: 28197 ns, Total: 146400 ns
[2020-02-28T02:44:07.994+0000][1][safepoint    ] Safepoint "RevokeBias", Time since last: 2506345025 ns, Reaching safepoint: 89927 ns, At safepoint: 21747 ns, Total: 111674 ns
[2020-02-28T02:44:10.546+0000][1][safepoint    ] Safepoint "RevokeBias", Time since last: 2551629454 ns, Reaching safepoint: 135182 ns, At safepoint: 20402 ns, Total: 155584 ns
[2020-02-28T02:44:13.067+0000][1][safepoint    ] Safepoint "RevokeBias", Time since last: 2521280020 ns, Reaching safepoint: 99716 ns, At safepoint: 24403 ns, Total: 124119 ns
[2020-02-28T02:44:15.591+0000][1][safepoint    ] Safepoint "RevokeBias", Time since last: 2523467507 ns, Reaching safepoint: 105129 ns, At safepoint: 22918 ns, Total: 128047 ns
[2020-02-28T02:44:18.104+0000][1][safepoint    ] Safepoint "RevokeBias", Time since last: 2513466333 ns, Reaching safepoint: 104592 ns, At safepoint: 18594 ns, Total: 123186 ns
[2020-02-28T02:44:20.624+0000][1][safepoint    ] Safepoint "RevokeBias", Time since last: 2519890182 ns, Reaching safepoint: 73849 ns, At safepoint: 18034 ns, Total: 91883 ns
[2020-02-28T02:44:23.133+0000][1][safepoint    ] Safepoint "RevokeBias", Time since last: 2509093197 ns, Reaching safepoint: 87480 ns, At safepoint: 20908 ns, Total: 108388 ns
[2020-02-28T02:44:25.651+0000][1][safepoint    ] Safepoint "RevokeBias", Time since last: 2517474904 ns, Reaching safepoint: 71233 ns, At safepoint: 17603 ns, Total: 88836 ns
[2020-02-28T02:44:28.160+0000][1][safepoint    ] Safepoint "RevokeBias", Time since last: 2509296005 ns, Reaching safepoint: 110112 ns, At safepoint: 24825 ns, Total: 134937 ns
[2020-02-28T02:44:30.681+0000][1][safepoint    ] Safepoint "RevokeBias", Time since last: 2521009554 ns, Reaching safepoint: 100816 ns, At safepoint: 19087 ns, Total: 119903 ns
[2020-02-28T02:44:33.191+0000][1][safepoint    ] Safepoint "RevokeBias", Time since last: 2509513697 ns, Reaching safepoint: 86979 ns, At safepoint: 20977 ns, Total: 107956 ns
[2020-02-28T02:44:34.195+0000][1][safepoint    ] Safepoint "Cleanup", Time since last: 1004060882 ns, Reaching safepoint: 118477 ns, At safepoint: 14284 ns, Total: 132761 ns
[2020-02-28T02:44:35.702+0000][1][safepoint    ] Safepoint "RevokeBias", Time since last: 1507093664 ns, Reaching safepoint: 82188 ns, At safepoint: 18770 ns, Total: 100958 ns
[2020-02-28T02:44:38.218+0000][1][safepoint    ] Safepoint "RevokeBias", Time since last: 2515577215 ns, Reaching safepoint: 93517 ns, At safepoint: 22166 ns, Total: 115683 ns
[2020-02-28T02:44:40.734+0000][1][safepoint    ] Safepoint "RevokeBias", Time since last: 2515338918 ns, Reaching safepoint: 62063 ns, At safepoint: 17930 ns, Total: 79993 ns
[2020-02-28T02:44:42.735+0000][1][safepoint    ] Safepoint "Cleanup", Time since last: 2001401285 ns, Reaching safepoint: 98822 ns, At safepoint: 12446 ns, Total: 111268 ns
[2020-02-28T02:44:43.308+0000][1][safepoint    ] Safepoint "RevokeBias", Time since last: 572438066 ns, Reaching safepoint: 92088 ns, At safepoint: 44507 ns, Total: 136595 ns
[2020-02-28T02:44:45.832+0000][1][safepoint    ] Safepoint "RevokeBias", Time since last: 2523781932 ns, Reaching safepoint: 73759 ns, At safepoint: 17243 ns, Total: 91002 ns
[2020-02-28T02:44:48.347+0000][1][safepoint    ] Safepoint "RevokeBias", Time since last: 2515698465 ns, Reaching safepoint: 135168 ns, At safepoint: 19447 ns, Total: 154615 ns
[2020-02-28T02:44:50.864+0000][1][safepoint    ] Safepoint "BulkRevokeBias", Time since last: 2516844212 ns, Reaching safepoint: 55978 ns, At safepoint: 164182 ns, Total: 220160 ns
[2020-02-28T02:44:53.378+0000][1][safepoint    ] Safepoint "RevokeBias", Time since last: 2513599039 ns, Reaching safepoint: 76862 ns, At safepoint: 19195 ns, Total: 96057 ns
[2020-02-28T02:44:55.890+0000][1][safepoint    ] Safepoint "RevokeBias", Time since last: 2512137231 ns, Reaching safepoint: 71503 ns, At safepoint: 18183 ns, Total: 89686 ns
[2020-02-28T02:44:58.403+0000][1][safepoint    ] Safepoint "RevokeBias", Time since last: 2512829762 ns, Reaching safepoint: 74885 ns, At safepoint: 19515 ns, Total: 94400 ns
[2020-02-28T02:45:00.929+0000][1][safepoint    ] Safepoint "RevokeBias", Time since last: 2525468504 ns, Reaching safepoint: 65624 ns, At safepoint: 19444 ns, Total: 85068 ns
[2020-02-28T02:45:01.929+0000][1][safepoint    ] Safepoint "Cleanup", Time since last: 1000140992 ns, Reaching safepoint: 88463 ns, At safepoint: 6964 ns, Total: 95427 ns
[2020-02-28T02:45:03.438+0000][1][safepoint    ] Safepoint "RevokeBias", Time since last: 1508725369 ns, Reaching safepoint: 74699 ns, At safepoint: 18634 ns, Total: 93333 ns
[2020-02-28T02:45:05.956+0000][1][safepoint    ] Safepoint "RevokeBias", Time since last: 2518133693 ns, Reaching safepoint: 71752 ns, At safepoint: 18006 ns, Total: 89758 ns
[2020-02-28T02:45:08.469+0000][1][safepoint    ] Safepoint "RevokeBias", Time since last: 2512394267 ns, Reaching safepoint: 105988 ns, At safepoint: 21958 ns, Total: 127946 ns
[2020-02-28T02:45:10.981+0000][1][safepoint    ] Safepoint "RevokeBias", Time since last: 2512517615 ns, Reaching safepoint: 53497 ns, At safepoint: 15921 ns, Total: 69418 ns
[2020-02-28T02:45:13.489+0000][1][safepoint    ] Safepoint "RevokeBias", Time since last: 2507342870 ns, Reaching safepoint: 79928 ns, At safepoint: 19085 ns, Total: 99013 ns
[2020-02-28T02:45:16.010+0000][1][safepoint    ] Safepoint "RevokeBias", Time since last: 2521707671 ns, Reaching safepoint: 74566 ns, At safepoint: 18065 ns, Total: 92631 ns
[2020-02-28T02:45:18.527+0000][1][safepoint    ] Safepoint "RevokeBias", Time since last: 2516048695 ns, Reaching safepoint: 72679 ns, At safepoint: 17529 ns, Total: 90208 ns
[2020-02-28T02:45:21.037+0000][1][safepoint    ] Safepoint "RevokeBias", Time since last: 2510620438 ns, Reaching safepoint: 52351 ns, At safepoint: 16030 ns, Total: 68381 ns
[2020-02-28T02:45:23.545+0000][1][safepoint    ] Safepoint "RevokeBias", Time since last: 2507356540 ns, Reaching safepoint: 99038 ns, At safepoint: 20065 ns, Total: 119103 ns
[2020-02-28T02:45:24.549+0000][1][safepoint    ] Safepoint "Cleanup", Time since last: 1003649381 ns, Reaching safepoint: 211325 ns, At safepoint: 9332 ns, Total: 220657 ns
[2020-02-28T02:45:26.072+0000][1][safepoint    ] Safepoint "RevokeBias", Time since last: 1523238438 ns, Reaching safepoint: 72276 ns, At safepoint: 17753 ns, Total: 90029 ns
[2020-02-28T02:45:27.072+0000][1][safepoint    ] Safepoint "Cleanup", Time since last: 1000299210 ns, Reaching safepoint: 105143 ns, At safepoint: 6812 ns, Total: 111955 ns
[2020-02-28T02:45:28.582+0000][1][safepoint    ] Safepoint "RevokeBias", Time since last: 1509577407 ns, Reaching safepoint: 77406 ns, At safepoint: 18344 ns, Total: 95750 ns
[2020-02-28T02:45:31.099+0000][1][safepoint    ] Safepoint "RevokeBias", Time since last: 2516802917 ns, Reaching safepoint: 77133 ns, At safepoint: 18146 ns, Total: 95279 ns
[2020-02-28T02:45:33.610+0000][1][safepoint    ] Safepoint "RevokeBias", Time since last: 2510465965 ns, Reaching safepoint: 82095 ns, At safepoint: 19681 ns, Total: 101776 ns
[2020-02-28T02:45:36.125+0000][1][safepoint    ] Safepoint "RevokeBias", Time since last: 2515243613 ns, Reaching safepoint: 63640 ns, At safepoint: 16454 ns, Total: 80094 ns
[2020-02-28T02:45:38.636+0000][1][safepoint    ] Safepoint "RevokeBias", Time since last: 2511321888 ns, Reaching safepoint: 90455 ns, At safepoint: 21165 ns, Total: 111620 ns
[2020-02-28T02:45:41.154+0000][1][safepoint    ] Safepoint "RevokeBias", Time since last: 2518007012 ns, Reaching safepoint: 73646 ns, At safepoint: 17799 ns, Total: 91445 ns
[2020-02-28T02:45:42.155+0000][1][safepoint    ] Safepoint "Cleanup", Time since last: 1000733330 ns, Reaching safepoint: 102742 ns, At safepoint: 9371 ns, Total: 112113 ns
[2020-02-28T02:45:43.663+0000][1][safepoint    ] Safepoint "RevokeBias", Time since last: 1507881906 ns, Reaching safepoint: 95439 ns, At safepoint: 20386 ns, Total: 115825 ns
[2020-02-28T02:45:46.172+0000][1][safepoint    ] Safepoint "RevokeBias", Time since last: 2508845954 ns, Reaching safepoint: 86871 ns, At safepoint: 22511 ns, Total: 109382 ns
[2020-02-28T02:45:48.690+0000][1][safepoint    ] Safepoint "RevokeBias", Time since last: 2517187046 ns, Reaching safepoint: 145838 ns, At safepoint: 51978 ns, Total: 197816 ns
[2020-02-28T02:45:51.194+0000][1][safepoint    ] Safepoint "RevokeBias", Time since last: 2504059155 ns, Reaching safepoint: 87541 ns, At safepoint: 21293 ns, Total: 108834 ns
[2020-02-28T02:45:53.698+0000][1][safepoint    ] Safepoint "RevokeBias", Time since last: 2503987119 ns, Reaching safepoint: 127521 ns, At safepoint: 28449 ns, Total: 155970 ns
[2020-02-28T02:45:56.203+0000][1][safepoint    ] Safepoint "RevokeBias", Time since last: 2505412842 ns, Reaching safepoint: 86613 ns, At safepoint: 21254 ns, Total: 107867 ns
[2020-02-28T02:45:56.208+0000][1][gc,start     ] GC(48) Pause Young (Allocation Failure)
[2020-02-28T02:45:56.208+0000][1][gc,task      ] GC(48) Using 1 workers of 1 for evacuation
[2020-02-28T02:45:56.220+0000][1][gc,age       ] GC(48) Desired survivor size 4358144 bytes, new threshold 6 (max threshold 6)
[2020-02-28T02:45:56.220+0000][1][gc,age       ] GC(48) Age table with threshold 6 (max threshold 6)
[2020-02-28T02:45:56.220+0000][1][gc,age       ] GC(48) - age   1:      17184 bytes,      17184 total
[2020-02-28T02:45:56.220+0000][1][gc,age       ] GC(48) - age   2:       3544 bytes,      20728 total
[2020-02-28T02:45:56.220+0000][1][gc,age       ] GC(48) - age   3:       1512 bytes,      22240 total
[2020-02-28T02:45:56.220+0000][1][gc,age       ] GC(48) - age   4:        424 bytes,      22664 total
[2020-02-28T02:45:56.220+0000][1][gc,age       ] GC(48) - age   5:        656 bytes,      23320 total
[2020-02-28T02:45:56.220+0000][1][gc,age       ] GC(48) - age   6:       1232 bytes,      24552 total
[2020-02-28T02:45:56.220+0000][1][gc,heap      ] GC(48) ParNew: 68196K->25K(76672K)
[2020-02-28T02:45:56.220+0000][1][gc,heap      ] GC(48) CMS: 62596K->62599K(963392K)
[2020-02-28T02:45:56.220+0000][1][gc,metaspace ] GC(48) Metaspace: 79487K->79487K(1122304K)
[2020-02-28T02:45:56.220+0000][1][gc           ] GC(48) Pause Young (Allocation Failure) 127M->61M(1015M) 12.259ms
[2020-02-28T02:45:56.220+0000][1][gc,cpu       ] GC(48) User=0.02s Sys=0.00s Real=0.01s
[2020-02-28T02:45:56.220+0000][1][safepoint    ] Safepoint "GenCollectForAllocation", Time since last: 4659887 ns, Reaching safepoint: 107298 ns, At safepoint: 12325261 ns, Total: 12432559 ns
[2020-02-28T02:45:58.710+0000][1][safepoint    ] Safepoint "RevokeBias", Time since last: 2489395174 ns, Reaching safepoint: 116095 ns, At safepoint: 23851 ns, Total: 139946 ns
[2020-02-28T02:46:01.216+0000][1][safepoint    ] Safepoint "RevokeBias", Time since last: 2505541161 ns, Reaching safepoint: 74111 ns, At safepoint: 18771 ns, Total: 92882 ns
[2020-02-28T02:46:02.217+0000][1][safepoint    ] Safepoint "Cleanup", Time since last: 1000913576 ns, Reaching safepoint: 153001 ns, At safepoint: 6588 ns, Total: 159589 ns
[2020-02-28T02:46:03.720+0000][1][safepoint    ] Safepoint "BulkRevokeBias", Time since last: 1503098780 ns, Reaching safepoint: 87462 ns, At safepoint: 312561 ns, Total: 400023 ns
[2020-02-28T02:46:06.229+0000][1][safepoint    ] Safepoint "RevokeBias", Time since last: 2508332165 ns, Reaching safepoint: 83475 ns, At safepoint: 20440 ns, Total: 103915 ns
[2020-02-28T02:46:08.733+0000][1][safepoint    ] Safepoint "RevokeBias", Time since last: 2504260845 ns, Reaching safepoint: 106917 ns, At safepoint: 24850 ns, Total: 131767 ns
[2020-02-28T02:46:11.241+0000][1][safepoint    ] Safepoint "RevokeBias", Time since last: 2507384193 ns, Reaching safepoint: 76734 ns, At safepoint: 19074 ns, Total: 95808 ns
[2020-02-28T02:46:13.746+0000][1][safepoint    ] Safepoint "RevokeBias", Time since last: 2505241632 ns, Reaching safepoint: 88565 ns, At safepoint: 22680 ns, Total: 111245 ns
[2020-02-28T02:46:16.250+0000][1][safepoint    ] Safepoint "RevokeBias", Time since last: 2504161124 ns, Reaching safepoint: 86197 ns, At safepoint: 20474 ns, Total: 106671 ns
[2020-02-28T02:46:18.756+0000][1][safepoint    ] Safepoint "RevokeBias", Time since last: 2505388110 ns, Reaching safepoint: 123344 ns, At safepoint: 31372 ns, Total: 154716 ns
[2020-02-28T02:46:21.265+0000][1][safepoint    ] Safepoint "RevokeBias", Time since last: 2509204766 ns, Reaching safepoint: 112821 ns, At safepoint: 35031 ns, Total: 147852 ns
[2020-02-28T02:46:22.266+0000][1][safepoint    ] Safepoint "Cleanup", Time since last: 1000366092 ns, Reaching safepoint: 145478 ns, At safepoint: 11416 ns, Total: 156894 ns
[2020-02-28T02:46:23.769+0000][1][safepoint    ] Safepoint "RevokeBias", Time since last: 1502957655 ns, Reaching safepoint: 84644 ns, At safepoint: 20785 ns, Total: 105429 ns
[2020-02-28T02:46:26.274+0000][1][safepoint    ] Safepoint "RevokeBias", Time since last: 2505416141 ns, Reaching safepoint: 75729 ns, At safepoint: 19820 ns, Total: 95549 ns
[2020-02-28T02:46:28.782+0000][1][safepoint    ] Safepoint "RevokeBias", Time since last: 2508087475 ns, Reaching safepoint: 100621 ns, At safepoint: 26811 ns, Total: 127432 ns
[2020-02-28T02:46:29.788+0000][1][safepoint    ] Safepoint "Cleanup", Time since last: 1005378579 ns, Reaching safepoint: 151351 ns, At safepoint: 15111 ns, Total: 166462 ns
[2020-02-28T02:46:31.290+0000][1][safepoint    ] Safepoint "RevokeBias", Time since last: 1502072967 ns, Reaching safepoint: 84008 ns, At safepoint: 19923 ns, Total: 103931 ns
[2020-02-28T02:46:33.795+0000][1][safepoint    ] Safepoint "RevokeBias", Time since last: 2505128576 ns, Reaching safepoint: 108881 ns, At safepoint: 22765 ns, Total: 131646 ns
[2020-02-28T02:46:35.801+0000][1][safepoint    ] Safepoint "Cleanup", Time since last: 2005193551 ns, Reaching safepoint: 66449 ns, At safepoint: 8143 ns, Total: 74592 ns
[2020-02-28T02:46:36.302+0000][1][safepoint    ] Safepoint "RevokeBias", Time since last: 501155821 ns, Reaching safepoint: 80868 ns, At safepoint: 27032 ns, Total: 107900 ns
[2020-02-28T02:46:38.808+0000][1][safepoint    ] Safepoint "RevokeBias", Time since last: 2505811117 ns, Reaching safepoint: 92097 ns, At safepoint: 22991 ns, Total: 115088 ns
[2020-02-28T02:46:41.313+0000][1][safepoint    ] Safepoint "RevokeBias", Time since last: 2505523769 ns, Reaching safepoint: 78294 ns, At safepoint: 19093 ns, Total: 97387 ns
[2020-02-28T02:46:43.820+0000][1][safepoint    ] Safepoint "RevokeBias", Time since last: 2506339250 ns, Reaching safepoint: 74383 ns, At safepoint: 18779 ns, Total: 93162 ns
[2020-02-28T02:46:46.327+0000][1][safepoint    ] Safepoint "RevokeBias", Time since last: 2506623879 ns, Reaching safepoint: 86664 ns, At safepoint: 49434 ns, Total: 136098 ns
[2020-02-28T02:46:48.950+0000][1][safepoint    ] Safepoint "RevokeBias", Time since last: 2623394784 ns, Reaching safepoint: 105942 ns, At safepoint: 21715 ns, Total: 127657 ns
[2020-02-28T02:46:51.470+0000][1][safepoint    ] Safepoint "RevokeBias", Time since last: 2519331382 ns, Reaching safepoint: 87144 ns, At safepoint: 20854 ns, Total: 107998 ns
[2020-02-28T02:46:53.974+0000][1][safepoint    ] Safepoint "RevokeBias", Time since last: 2504066936 ns, Reaching safepoint: 61206 ns, At safepoint: 19061 ns, Total: 80267 ns
[2020-02-28T02:46:56.481+0000][1][safepoint    ] Safepoint "RevokeBias", Time since last: 2507189279 ns, Reaching safepoint: 86597 ns, At safepoint: 21037 ns, Total: 107634 ns
[2020-02-28T02:46:58.984+0000][1][safepoint    ] Safepoint "RevokeBias", Time since last: 2503241756 ns, Reaching safepoint: 86548 ns, At safepoint: 21080 ns, Total: 107628 ns
[2020-02-28T02:47:01.489+0000][1][safepoint    ] Safepoint "RevokeBias", Time since last: 2504525299 ns, Reaching safepoint: 83468 ns, At safepoint: 21248 ns, Total: 104716 ns
[2020-02-28T02:47:03.993+0000][1][safepoint    ] Safepoint "RevokeBias", Time since last: 2503538250 ns, Reaching safepoint: 102476 ns, At safepoint: 24860 ns, Total: 127336 ns
[2020-02-28T02:47:06.497+0000][1][safepoint    ] Safepoint "RevokeBias", Time since last: 2504071898 ns, Reaching safepoint: 89644 ns, At safepoint: 21661 ns, Total: 111305 ns
[2020-02-28T02:47:09.000+0000][1][safepoint    ] Safepoint "RevokeBias", Time since last: 2503061167 ns, Reaching safepoint: 84031 ns, At safepoint: 21485 ns, Total: 105516 ns
[2020-02-28T02:47:11.506+0000][1][safepoint    ] Safepoint "RevokeBias", Time since last: 2505599729 ns, Reaching safepoint: 89639 ns, At safepoint: 21152 ns, Total: 110791 ns
[2020-02-28T02:47:14.009+0000][1][safepoint    ] Safepoint "RevokeBias", Time since last: 2503609327 ns, Reaching safepoint: 89100 ns, At safepoint: 18093 ns, Total: 107193 ns
[2020-02-28T02:47:16.515+0000][1][safepoint    ] Safepoint "BulkRevokeBias", Time since last: 2504897268 ns, Reaching safepoint: 86784 ns, At safepoint: 296615 ns, Total: 383399 ns
[2020-02-28T02:47:19.020+0000][1][safepoint    ] Safepoint "RevokeBias", Time since last: 2505529231 ns, Reaching safepoint: 78005 ns, At safepoint: 18109 ns, Total: 96114 ns
[2020-02-28T02:47:21.526+0000][1][safepoint    ] Safepoint "RevokeBias", Time since last: 2505892025 ns, Reaching safepoint: 74431 ns, At safepoint: 18629 ns, Total: 93060 ns
[2020-02-28T02:47:24.030+0000][1][safepoint    ] Safepoint "RevokeBias", Time since last: 2503786891 ns, Reaching safepoint: 88909 ns, At safepoint: 20288 ns, Total: 109197 ns
[2020-02-28T02:47:26.545+0000][1][safepoint    ] Safepoint "RevokeBias", Time since last: 2514657554 ns, Reaching safepoint: 106632 ns, At safepoint: 21174 ns, Total: 127806 ns
[2020-02-28T02:47:29.056+0000][1][safepoint    ] Safepoint "RevokeBias", Time since last: 2510471994 ns, Reaching safepoint: 74052 ns, At safepoint: 17836 ns, Total: 91888 ns
[2020-02-28T02:47:31.561+0000][1][safepoint    ] Safepoint "RevokeBias", Time since last: 2505041767 ns, Reaching safepoint: 75822 ns, At safepoint: 18862 ns, Total: 94684 ns
[2020-02-28T02:47:32.562+0000][1][safepoint    ] Safepoint "Cleanup", Time since last: 1000913210 ns, Reaching safepoint: 166635 ns, At safepoint: 16934 ns, Total: 183569 ns
[2020-02-28T02:47:34.065+0000][1][safepoint    ] Safepoint "RevokeBias", Time since last: 1503498101 ns, Reaching safepoint: 85672 ns, At safepoint: 20872 ns, Total: 106544 ns
[2020-02-28T02:47:36.067+0000][1][safepoint    ] Safepoint "Cleanup", Time since last: 2001199687 ns, Reaching safepoint: 105765 ns, At safepoint: 12939 ns, Total: 118704 ns
[2020-02-28T02:47:36.571+0000][1][safepoint    ] Safepoint "RevokeBias", Time since last: 504418995 ns, Reaching safepoint: 88017 ns, At safepoint: 20767 ns, Total: 108784 ns
[2020-02-28T02:47:39.074+0000][1][safepoint    ] Safepoint "RevokeBias", Time since last: 2502596885 ns, Reaching safepoint: 72139 ns, At safepoint: 17250 ns, Total: 89389 ns
[2020-02-28T02:47:41.586+0000][1][safepoint    ] Safepoint "RevokeBias", Time since last: 2512220435 ns, Reaching safepoint: 77793 ns, At safepoint: 19878 ns, Total: 97671 ns
[2020-02-28T02:47:44.096+0000][1][safepoint    ] Safepoint "RevokeBias", Time since last: 2509729195 ns, Reaching safepoint: 102081 ns, At safepoint: 18211 ns, Total: 120292 ns
[2020-02-28T02:47:46.603+0000][1][safepoint    ] Safepoint "RevokeBias", Time since last: 2506596430 ns, Reaching safepoint: 190209 ns, At safepoint: 20120 ns, Total: 210329 ns
[2020-02-28T02:47:49.107+0000][1][safepoint    ] Safepoint "RevokeBias", Time since last: 2503560060 ns, Reaching safepoint: 78153 ns, At safepoint: 19111 ns, Total: 97264 ns
[2020-02-28T02:47:51.613+0000][1][safepoint    ] Safepoint "RevokeBias", Time since last: 2506266771 ns, Reaching safepoint: 91455 ns, At safepoint: 23163 ns, Total: 114618 ns
[2020-02-28T02:47:54.117+0000][1][safepoint    ] Safepoint "RevokeBias", Time since last: 2504323736 ns, Reaching safepoint: 100843 ns, At safepoint: 28770 ns, Total: 129613 ns
[2020-02-28T02:47:56.625+0000][1][safepoint    ] Safepoint "RevokeBias", Time since last: 2506989961 ns, Reaching safepoint: 133405 ns, At safepoint: 20671 ns, Total: 154076 ns
[2020-02-28T02:47:59.130+0000][1][safepoint    ] Safepoint "RevokeBias", Time since last: 2505421295 ns, Reaching safepoint: 77167 ns, At safepoint: 18444 ns, Total: 95611 ns
[2020-02-28T02:48:01.635+0000][1][safepoint    ] Safepoint "RevokeBias", Time since last: 2504485247 ns, Reaching safepoint: 92896 ns, At safepoint: 38915 ns, Total: 131811 ns
[2020-02-28T02:48:04.138+0000][1][safepoint    ] Safepoint "RevokeBias", Time since last: 2503574772 ns, Reaching safepoint: 74518 ns, At safepoint: 72692 ns, Total: 147210 ns
[2020-02-28T02:48:06.767+0000][1][safepoint    ] Safepoint "RevokeBias", Time since last: 2628335282 ns, Reaching safepoint: 147725 ns, At safepoint: 56003 ns, Total: 203728 ns
[2020-02-28T02:48:09.274+0000][1][safepoint    ] Safepoint "RevokeBias", Time since last: 2506532831 ns, Reaching safepoint: 85920 ns, At safepoint: 21442 ns, Total: 107362 ns
[2020-02-28T02:48:11.780+0000][1][safepoint    ] Safepoint "RevokeBias", Time since last: 2505986592 ns, Reaching safepoint: 100850 ns, At safepoint: 21576 ns, Total: 122426 ns
[2020-02-28T02:48:14.284+0000][1][safepoint    ] Safepoint "RevokeBias", Time since last: 2503985561 ns, Reaching safepoint: 83314 ns, At safepoint: 20149 ns, Total: 103463 ns
[2020-02-28T02:48:16.308+0000][1][gc,start     ] GC(49) Pause Young (Allocation Failure)
[2020-02-28T02:48:16.308+0000][1][gc,task      ] GC(49) Using 1 workers of 1 for evacuation
[2020-02-28T02:48:16.321+0000][1][gc,age       ] GC(49) Desired survivor size 4358144 bytes, new threshold 6 (max threshold 6)
[2020-02-28T02:48:16.321+0000][1][gc,age       ] GC(49) Age table with threshold 6 (max threshold 6)
[2020-02-28T02:48:16.321+0000][1][gc,age       ] GC(49) - age   1:      12200 bytes,      12200 total
[2020-02-28T02:48:16.321+0000][1][gc,age       ] GC(49) - age   2:       5408 bytes,      17608 total
[2020-02-28T02:48:16.321+0000][1][gc,age       ] GC(49) - age   3:       3544 bytes,      21152 total
[2020-02-28T02:48:16.321+0000][1][gc,age       ] GC(49) - age   4:       1512 bytes,      22664 total
[2020-02-28T02:48:16.321+0000][1][gc,age       ] GC(49) - age   5:        424 bytes,      23088 total
[2020-02-28T02:48:16.321+0000][1][gc,age       ] GC(49) - age   6:        656 bytes,      23744 total
[2020-02-28T02:48:16.321+0000][1][gc,heap      ] GC(49) ParNew: 68185K->42K(76672K)
[2020-02-28T02:48:16.321+0000][1][gc,heap      ] GC(49) CMS: 62599K->62600K(963392K)
[2020-02-28T02:48:16.321+0000][1][gc,metaspace ] GC(49) Metaspace: 79490K->79490K(1122304K)
[2020-02-28T02:48:16.321+0000][1][gc           ] GC(49) Pause Young (Allocation Failure) 127M->61M(1015M) 12.555ms
[2020-02-28T02:48:16.321+0000][1][gc,cpu       ] GC(49) User=0.02s Sys=0.00s Real=0.01s
[2020-02-28T02:48:16.321+0000][1][safepoint    ] Safepoint "GenCollectForAllocation", Time since last: 2024504207 ns, Reaching safepoint: 87954 ns, At safepoint: 12611497 ns, Total: 12699451 ns
[2020-02-28T02:48:16.794+0000][1][safepoint    ] Safepoint "RevokeBias", Time since last: 472567926 ns, Reaching safepoint: 76039 ns, At safepoint: 18841 ns, Total: 94880 ns
[2020-02-28T02:48:19.299+0000][1][safepoint    ] Safepoint "RevokeBias", Time since last: 2505240416 ns, Reaching safepoint: 76976 ns, At safepoint: 20181 ns, Total: 97157 ns
[2020-02-28T02:48:21.301+0000][1][safepoint    ] Safepoint "Cleanup", Time since last: 2001588671 ns, Reaching safepoint: 122147 ns, At safepoint: 8744 ns, Total: 130891 ns
[2020-02-28T02:48:21.806+0000][1][safepoint    ] Safepoint "RevokeBias", Time since last: 504827817 ns, Reaching safepoint: 106893 ns, At safepoint: 19515 ns, Total: 126408 ns
[2020-02-28T02:48:22.807+0000][1][safepoint    ] Safepoint "Cleanup", Time since last: 1000858768 ns, Reaching safepoint: 84722 ns, At safepoint: 6024 ns, Total: 90746 ns
[2020-02-28T02:48:24.318+0000][1][safepoint    ] Safepoint "RevokeBias", Time since last: 1511438355 ns, Reaching safepoint: 69046 ns, At safepoint: 17147 ns, Total: 86193 ns
[2020-02-28T02:48:26.826+0000][1][safepoint    ] Safepoint "RevokeBias", Time since last: 2508123694 ns, Reaching safepoint: 74517 ns, At safepoint: 17591 ns, Total: 92108 ns
[2020-02-28T02:48:29.347+0000][1][safepoint    ] Safepoint "BulkRevokeBias", Time since last: 2520796044 ns, Reaching safepoint: 75455 ns, At safepoint: 193137 ns, Total: 268592 ns
[2020-02-28T02:48:31.859+0000][1][safepoint    ] Safepoint "RevokeBias", Time since last: 2511387760 ns, Reaching safepoint: 77603 ns, At safepoint: 19340 ns, Total: 96943 ns
[2020-02-28T02:48:34.381+0000][1][safepoint    ] Safepoint "RevokeBias", Time since last: 2522439808 ns, Reaching safepoint: 65093 ns, At safepoint: 40968 ns, Total: 106061 ns
[2020-02-28T02:48:36.892+0000][1][safepoint    ] Safepoint "RevokeBias", Time since last: 2510764064 ns, Reaching safepoint: 121864 ns, At safepoint: 22546 ns, Total: 144410 ns
[2020-02-28T02:48:39.418+0000][1][safepoint    ] Safepoint "RevokeBias", Time since last: 2525214301 ns, Reaching safepoint: 75090 ns, At safepoint: 17504 ns, Total: 92594 ns
[2020-02-28T02:48:41.931+0000][1][safepoint    ] Safepoint "RevokeBias", Time since last: 2513656393 ns, Reaching safepoint: 124099 ns, At safepoint: 26344 ns, Total: 150443 ns
[2020-02-28T02:48:42.932+0000][1][safepoint    ] Safepoint "Cleanup", Time since last: 1000699292 ns, Reaching safepoint: 81077 ns, At safepoint: 6827 ns, Total: 87904 ns
[2020-02-28T02:48:44.449+0000][1][safepoint    ] Safepoint "RevokeBias", Time since last: 1516465582 ns, Reaching safepoint: 165298 ns, At safepoint: 17901 ns, Total: 183199 ns
[2020-02-28T02:48:46.964+0000][1][safepoint    ] Safepoint "RevokeBias", Time since last: 2514947940 ns, Reaching safepoint: 87661 ns, At safepoint: 21544 ns, Total: 109205 ns
[2020-02-28T02:48:49.475+0000][1][safepoint    ] Safepoint "RevokeBias", Time since last: 2510703767 ns, Reaching safepoint: 208108 ns, At safepoint: 62446 ns, Total: 270554 ns
[2020-02-28T02:48:51.476+0000][1][safepoint    ] Safepoint "Cleanup", Time since last: 2001146491 ns, Reaching safepoint: 83062 ns, At safepoint: 6997 ns, Total: 90059 ns
[2020-02-28T02:48:51.990+0000][1][safepoint    ] Safepoint "RevokeBias", Time since last: 513724592 ns, Reaching safepoint: 75295 ns, At safepoint: 19329 ns, Total: 94624 ns
[2020-02-28T02:48:54.512+0000][1][safepoint    ] Safepoint "RevokeBias", Time since last: 2521998191 ns, Reaching safepoint: 52922 ns, At safepoint: 16139 ns, Total: 69061 ns
[2020-02-28T02:48:57.028+0000][1][safepoint    ] Safepoint "RevokeBias", Time since last: 2515962752 ns, Reaching safepoint: 123987 ns, At safepoint: 20652 ns, Total: 144639 ns
[2020-02-28T02:48:59.544+0000][1][safepoint    ] Safepoint "RevokeBias", Time since last: 2515625698 ns, Reaching safepoint: 75886 ns, At safepoint: 17782 ns, Total: 93668 ns
[2020-02-28T02:49:02.058+0000][1][safepoint    ] Safepoint "RevokeBias", Time since last: 2514465803 ns, Reaching safepoint: 87976 ns, At safepoint: 20933 ns, Total: 108909 ns
[2020-02-28T02:49:04.561+0000][1][safepoint    ] Safepoint "RevokeBias", Time since last: 2502277434 ns, Reaching safepoint: 72794 ns, At safepoint: 17508 ns, Total: 90302 ns
[2020-02-28T02:49:05.562+0000][1][safepoint    ] Safepoint "Cleanup", Time since last: 1000759423 ns, Reaching safepoint: 89709 ns, At safepoint: 7848 ns, Total: 97557 ns
[2020-02-28T02:49:07.067+0000][1][safepoint    ] Safepoint "RevokeBias", Time since last: 1505379451 ns, Reaching safepoint: 92016 ns, At safepoint: 20690 ns, Total: 112706 ns
[2020-02-28T02:49:09.571+0000][1][safepoint    ] Safepoint "RevokeBias", Time since last: 2503920422 ns, Reaching safepoint: 88368 ns, At safepoint: 20573 ns, Total: 108941 ns
[2020-02-28T02:49:12.076+0000][1][safepoint    ] Safepoint "RevokeBias", Time since last: 2504330451 ns, Reaching safepoint: 93640 ns, At safepoint: 19204 ns, Total: 112844 ns
[2020-02-28T02:49:14.579+0000][1][safepoint    ] Safepoint "RevokeBias", Time since last: 2503595735 ns, Reaching safepoint: 87465 ns, At safepoint: 21328 ns, Total: 108793 ns
[2020-02-28T02:49:17.085+0000][1][safepoint    ] Safepoint "RevokeBias", Time since last: 2505479467 ns, Reaching safepoint: 72972 ns, At safepoint: 17780 ns, Total: 90752 ns
[2020-02-28T02:49:19.589+0000][1][safepoint    ] Safepoint "RevokeBias", Time since last: 2504387846 ns, Reaching safepoint: 76713 ns, At safepoint: 18841 ns, Total: 95554 ns
[2020-02-28T02:49:22.101+0000][1][safepoint    ] Safepoint "RevokeBias", Time since last: 2511246835 ns, Reaching safepoint: 73243 ns, At safepoint: 18345 ns, Total: 91588 ns
[2020-02-28T02:49:24.609+0000][1][safepoint    ] Safepoint "RevokeBias", Time since last: 2507734958 ns, Reaching safepoint: 81930 ns, At safepoint: 19639 ns, Total: 101569 ns
[2020-02-28T02:49:27.114+0000][1][safepoint    ] Safepoint "RevokeBias", Time since last: 2505265685 ns, Reaching safepoint: 114198 ns, At safepoint: 24048 ns, Total: 138246 ns
[2020-02-28T02:49:29.619+0000][1][safepoint    ] Safepoint "RevokeBias", Time since last: 2505159783 ns, Reaching safepoint: 169829 ns, At safepoint: 18818 ns, Total: 188647 ns
[2020-02-28T02:49:32.126+0000][1][safepoint    ] Safepoint "RevokeBias", Time since last: 2506874124 ns, Reaching safepoint: 108581 ns, At safepoint: 27482 ns, Total: 136063 ns
[2020-02-28T02:49:34.659+0000][1][safepoint    ] Safepoint "RevokeBias", Time since last: 2532295713 ns, Reaching safepoint: 73111 ns, At safepoint: 32713 ns, Total: 105824 ns
[2020-02-28T02:49:35.659+0000][1][safepoint    ] Safepoint "Cleanup", Time since last: 1000207151 ns, Reaching safepoint: 140648 ns, At safepoint: 5610 ns, Total: 146258 ns
[2020-02-28T02:49:37.165+0000][1][safepoint    ] Safepoint "RevokeBias", Time since last: 1505875836 ns, Reaching safepoint: 99703 ns, At safepoint: 21915 ns, Total: 121618 ns
[2020-02-28T02:49:39.670+0000][1][safepoint    ] Safepoint "RevokeBias", Time since last: 2504418237 ns, Reaching safepoint: 80512 ns, At safepoint: 19279 ns, Total: 99791 ns
[2020-02-28T02:49:42.177+0000][1][safepoint    ] Safepoint "BulkRevokeBias", Time since last: 2507000186 ns, Reaching safepoint: 166764 ns, At safepoint: 188411 ns, Total: 355175 ns
[2020-02-28T02:49:44.681+0000][1][safepoint    ] Safepoint "RevokeBias", Time since last: 2503600684 ns, Reaching safepoint: 87988 ns, At safepoint: 21799 ns, Total: 109787 ns
[2020-02-28T02:49:47.187+0000][1][safepoint    ] Safepoint "RevokeBias", Time since last: 2506513732 ns, Reaching safepoint: 86484 ns, At safepoint: 21202 ns, Total: 107686 ns
[2020-02-28T02:49:49.692+0000][1][safepoint    ] Safepoint "RevokeBias", Time since last: 2504646925 ns, Reaching safepoint: 75688 ns, At safepoint: 18942 ns, Total: 94630 ns
[2020-02-28T02:49:52.197+0000][1][safepoint    ] Safepoint "RevokeBias", Time since last: 2504825406 ns, Reaching safepoint: 75777 ns, At safepoint: 18641 ns, Total: 94418 ns
[2020-02-28T02:49:54.700+0000][1][safepoint    ] Safepoint "RevokeBias", Time since last: 2503162304 ns, Reaching safepoint: 88812 ns, At safepoint: 20891 ns, Total: 109703 ns
[2020-02-28T02:49:57.206+0000][1][safepoint    ] Safepoint "RevokeBias", Time since last: 2505923899 ns, Reaching safepoint: 86703 ns, At safepoint: 21504 ns, Total: 108207 ns
[2020-02-28T02:49:59.711+0000][1][safepoint    ] Safepoint "RevokeBias", Time since last: 2504078452 ns, Reaching safepoint: 129117 ns, At safepoint: 20433 ns, Total: 149550 ns
[2020-02-28T02:50:02.217+0000][1][safepoint    ] Safepoint "RevokeBias", Time since last: 2506094988 ns, Reaching safepoint: 98576 ns, At safepoint: 21304 ns, Total: 119880 ns
[2020-02-28T02:50:04.720+0000][1][safepoint    ] Safepoint "RevokeBias", Time since last: 2503435867 ns, Reaching safepoint: 78017 ns, At safepoint: 35358 ns, Total: 113375 ns
[2020-02-28T02:50:07.224+0000][1][safepoint    ] Safepoint "RevokeBias", Time since last: 2503746584 ns, Reaching safepoint: 77618 ns, At safepoint: 18980 ns, Total: 96598 ns
[2020-02-28T02:50:09.731+0000][1][safepoint    ] Safepoint "RevokeBias", Time since last: 2506907362 ns, Reaching safepoint: 77636 ns, At safepoint: 20335 ns, Total: 97971 ns
[2020-02-28T02:50:12.243+0000][1][safepoint    ] Safepoint "RevokeBias", Time since last: 2511359885 ns, Reaching safepoint: 92941 ns, At safepoint: 21295 ns, Total: 114236 ns
[2020-02-28T02:50:14.747+0000][1][safepoint    ] Safepoint "RevokeBias", Time since last: 2504255196 ns, Reaching safepoint: 85365 ns, At safepoint: 21209 ns, Total: 106574 ns
[2020-02-28T02:50:17.254+0000][1][safepoint    ] Safepoint "RevokeBias", Time since last: 2506737099 ns, Reaching safepoint: 78861 ns, At safepoint: 18102 ns, Total: 96963 ns
[2020-02-28T02:50:19.759+0000][1][safepoint    ] Safepoint "RevokeBias", Time since last: 2505223177 ns, Reaching safepoint: 87902 ns, At safepoint: 21134 ns, Total: 109036 ns
[2020-02-28T02:50:22.265+0000][1][safepoint    ] Safepoint "RevokeBias", Time since last: 2506174450 ns, Reaching safepoint: 87486 ns, At safepoint: 21066 ns, Total: 108552 ns
[2020-02-28T02:50:24.769+0000][1][safepoint    ] Safepoint "RevokeBias", Time since last: 2503931280 ns, Reaching safepoint: 83871 ns, At safepoint: 20512 ns, Total: 104383 ns
[2020-02-28T02:50:27.276+0000][1][safepoint    ] Safepoint "RevokeBias", Time since last: 2506456555 ns, Reaching safepoint: 80919 ns, At safepoint: 18678 ns, Total: 99597 ns
[2020-02-28T02:50:29.780+0000][1][safepoint    ] Safepoint "RevokeBias", Time since last: 2504174877 ns, Reaching safepoint: 89186 ns, At safepoint: 21467 ns, Total: 110653 ns
[2020-02-28T02:50:32.285+0000][1][safepoint    ] Safepoint "RevokeBias", Time since last: 2504296743 ns, Reaching safepoint: 88191 ns, At safepoint: 21613 ns, Total: 109804 ns
[2020-02-28T02:50:34.789+0000][1][safepoint    ] Safepoint "RevokeBias", Time since last: 2504680359 ns, Reaching safepoint: 87618 ns, At safepoint: 19426 ns, Total: 107044 ns
[2020-02-28T02:50:36.400+0000][1][gc,start     ] GC(50) Pause Young (Allocation Failure)
[2020-02-28T02:50:36.400+0000][1][gc,task      ] GC(50) Using 1 workers of 1 for evacuation
[2020-02-28T02:50:36.416+0000][1][gc,age       ] GC(50) Desired survivor size 4358144 bytes, new threshold 6 (max threshold 6)
[2020-02-28T02:50:36.416+0000][1][gc,age       ] GC(50) Age table with threshold 6 (max threshold 6)
[2020-02-28T02:50:36.416+0000][1][gc,age       ] GC(50) - age   1:      12752 bytes,      12752 total
[2020-02-28T02:50:36.416+0000][1][gc,age       ] GC(50) - age   2:        408 bytes,      13160 total
[2020-02-28T02:50:36.416+0000][1][gc,age       ] GC(50) - age   3:       5288 bytes,      18448 total
[2020-02-28T02:50:36.416+0000][1][gc,age       ] GC(50) - age   4:       3544 bytes,      21992 total
[2020-02-28T02:50:36.416+0000][1][gc,age       ] GC(50) - age   5:       1512 bytes,      23504 total
[2020-02-28T02:50:36.416+0000][1][gc,age       ] GC(50) - age   6:        424 bytes,      23928 total
[2020-02-28T02:50:36.416+0000][1][gc,heap      ] GC(50) ParNew: 68202K->27K(76672K)
[2020-02-28T02:50:36.416+0000][1][gc,heap      ] GC(50) CMS: 62600K->62601K(963392K)
[2020-02-28T02:50:36.416+0000][1][gc,metaspace ] GC(50) Metaspace: 79530K->79530K(1122304K)
[2020-02-28T02:50:36.416+0000][1][gc           ] GC(50) Pause Young (Allocation Failure) 127M->61M(1015M) 15.448ms
[2020-02-28T02:50:36.416+0000][1][gc,cpu       ] GC(50) User=0.01s Sys=0.00s Real=0.01s
[2020-02-28T02:50:36.416+0000][1][safepoint    ] Safepoint "GenCollectForAllocation", Time since last: 1610633547 ns, Reaching safepoint: 87372 ns, At safepoint: 15503467 ns, Total: 15590839 ns
[2020-02-28T02:50:37.295+0000][1][safepoint    ] Safepoint "RevokeBias", Time since last: 878837387 ns, Reaching safepoint: 86319 ns, At safepoint: 25149 ns, Total: 111468 ns
[2020-02-28T02:50:39.801+0000][1][safepoint    ] Safepoint "RevokeBias", Time since last: 2506202480 ns, Reaching safepoint: 83143 ns, At safepoint: 33955 ns, Total: 117098 ns
[2020-02-28T02:50:42.308+0000][1][safepoint    ] Safepoint "RevokeBias", Time since last: 2506537814 ns, Reaching safepoint: 111476 ns, At safepoint: 24468 ns, Total: 135944 ns
[2020-02-28T02:50:44.941+0000][1][safepoint    ] Safepoint "RevokeBias", Time since last: 2505476135 ns, Reaching safepoint: 128149631 ns, At safepoint: 31771 ns, Total: 128181402 ns
[2020-02-28T02:50:47.321+0000][1][safepoint    ] Safepoint "RevokeBias", Time since last: 2379906569 ns, Reaching safepoint: 141640 ns, At safepoint: 41457 ns, Total: 183097 ns
[2020-02-28T02:50:49.827+0000][1][safepoint    ] Safepoint "RevokeBias", Time since last: 2505450667 ns, Reaching safepoint: 90058 ns, At safepoint: 21594 ns, Total: 111652 ns
[2020-02-28T02:50:52.340+0000][1][safepoint    ] Safepoint "RevokeBias", Time since last: 2512541169 ns, Reaching safepoint: 75848 ns, At safepoint: 18289 ns, Total: 94137 ns
[2020-02-28T02:50:54.855+0000][1][safepoint    ] Safepoint "BulkRevokeBias", Time since last: 2515103154 ns, Reaching safepoint: 86589 ns, At safepoint: 297276 ns, Total: 383865 ns
[2020-02-28T02:50:57.380+0000][1][safepoint    ] Safepoint "RevokeBias", Time since last: 2524185674 ns, Reaching safepoint: 224487 ns, At safepoint: 21424 ns, Total: 245911 ns
[2020-02-28T02:50:59.891+0000][1][safepoint    ] Safepoint "RevokeBias", Time since last: 2510918334 ns, Reaching safepoint: 88400 ns, At safepoint: 21182 ns, Total: 109582 ns
[2020-02-28T02:51:02.406+0000][1][safepoint    ] Safepoint "RevokeBias", Time since last: 2515706719 ns, Reaching safepoint: 75625 ns, At safepoint: 17923 ns, Total: 93548 ns
[2020-02-28T02:51:04.916+0000][1][safepoint    ] Safepoint "RevokeBias", Time since last: 2509163517 ns, Reaching safepoint: 86764 ns, At safepoint: 22006 ns, Total: 108770 ns
[2020-02-28T02:51:07.429+0000][1][safepoint    ] Safepoint "RevokeBias", Time since last: 2513319876 ns, Reaching safepoint: 74782 ns, At safepoint: 18300 ns, Total: 93082 ns
[2020-02-28T02:51:09.937+0000][1][safepoint    ] Safepoint "RevokeBias", Time since last: 2508033148 ns, Reaching safepoint: 82126 ns, At safepoint: 19513 ns, Total: 101639 ns
[2020-02-28T02:51:12.450+0000][1][safepoint    ] Safepoint "RevokeBias", Time since last: 2512578844 ns, Reaching safepoint: 90714 ns, At safepoint: 20952 ns, Total: 111666 ns
[2020-02-28T02:51:14.963+0000][1][safepoint    ] Safepoint "RevokeBias", Time since last: 2513515897 ns, Reaching safepoint: 74899 ns, At safepoint: 17853 ns, Total: 92752 ns
[2020-02-28T02:51:17.476+0000][1][safepoint    ] Safepoint "RevokeBias", Time since last: 2512718794 ns, Reaching safepoint: 62301 ns, At safepoint: 18270 ns, Total: 80571 ns
[2020-02-28T02:51:19.985+0000][1][safepoint    ] Safepoint "RevokeBias", Time since last: 2508441096 ns, Reaching safepoint: 118164 ns, At safepoint: 23658 ns, Total: 141822 ns
[2020-02-28T02:51:22.498+0000][1][safepoint    ] Safepoint "RevokeBias", Time since last: 2513056452 ns, Reaching safepoint: 95642 ns, At safepoint: 18622 ns, Total: 114264 ns
[2020-02-28T02:51:25.007+0000][1][safepoint    ] Safepoint "RevokeBias", Time since last: 2508974754 ns, Reaching safepoint: 89935 ns, At safepoint: 21542 ns, Total: 111477 ns
[2020-02-28T02:51:27.520+0000][1][safepoint    ] Safepoint "RevokeBias", Time since last: 2512917109 ns, Reaching safepoint: 90621 ns, At safepoint: 21436 ns, Total: 112057 ns
[2020-02-28T02:51:30.034+0000][1][safepoint    ] Safepoint "RevokeBias", Time since last: 2513623170 ns, Reaching safepoint: 112001 ns, At safepoint: 21099 ns, Total: 133100 ns
[2020-02-28T02:51:32.553+0000][1][safepoint    ] Safepoint "RevokeBias", Time since last: 2519030153 ns, Reaching safepoint: 54183 ns, At safepoint: 15848 ns, Total: 70031 ns
[2020-02-28T02:51:35.059+0000][1][safepoint    ] Safepoint "RevokeBias", Time since last: 2505717605 ns, Reaching safepoint: 78169 ns, At safepoint: 17712 ns, Total: 95881 ns
[2020-02-28T02:51:37.565+0000][1][safepoint    ] Safepoint "RevokeBias", Time since last: 2506012175 ns, Reaching safepoint: 84716 ns, At safepoint: 21332 ns, Total: 106048 ns
[2020-02-28T02:51:40.070+0000][1][safepoint    ] Safepoint "RevokeBias", Time since last: 2504953591 ns, Reaching safepoint: 104602 ns, At safepoint: 20846 ns, Total: 125448 ns
[2020-02-28T02:51:42.575+0000][1][safepoint    ] Safepoint "RevokeBias", Time since last: 2505155271 ns, Reaching safepoint: 85409 ns, At safepoint: 22762 ns, Total: 108171 ns
[2020-02-28T02:51:45.080+0000][1][safepoint    ] Safepoint "RevokeBias", Time since last: 2504131453 ns, Reaching safepoint: 73824 ns, At safepoint: 90783 ns, Total: 164607 ns
[2020-02-28T02:51:47.587+0000][1][safepoint    ] Safepoint "RevokeBias", Time since last: 2507103144 ns, Reaching safepoint: 71167 ns, At safepoint: 17991 ns, Total: 89158 ns
[2020-02-28T02:51:50.091+0000][1][safepoint    ] Safepoint "RevokeBias", Time since last: 2504654625 ns, Reaching safepoint: 76079 ns, At safepoint: 18081 ns, Total: 94160 ns
[2020-02-28T02:51:52.598+0000][1][safepoint    ] Safepoint "RevokeBias", Time since last: 2506350210 ns, Reaching safepoint: 109984 ns, At safepoint: 24035 ns, Total: 134019 ns
[2020-02-28T02:51:55.102+0000][1][safepoint    ] Safepoint "RevokeBias", Time since last: 2503728725 ns, Reaching safepoint: 73054 ns, At safepoint: 17255 ns, Total: 90309 ns
[2020-02-28T02:51:57.606+0000][1][safepoint    ] Safepoint "RevokeBias", Time since last: 2504541554 ns, Reaching safepoint: 88749 ns, At safepoint: 20911 ns, Total: 109660 ns
[2020-02-28T02:52:00.113+0000][1][safepoint    ] Safepoint "RevokeBias", Time since last: 2506734462 ns, Reaching safepoint: 78803 ns, At safepoint: 18032 ns, Total: 96835 ns
[2020-02-28T02:52:02.624+0000][1][safepoint    ] Safepoint "RevokeBias", Time since last: 2510978531 ns, Reaching safepoint: 93751 ns, At safepoint: 18288 ns, Total: 112039 ns
[2020-02-28T02:52:05.131+0000][1][safepoint    ] Safepoint "RevokeBias", Time since last: 2506443657 ns, Reaching safepoint: 73236 ns, At safepoint: 17927 ns, Total: 91163 ns
[2020-02-28T02:52:06.131+0000][1][safepoint    ] Safepoint "Cleanup", Time since last: 1000178019 ns, Reaching safepoint: 91072 ns, At safepoint: 7109 ns, Total: 98181 ns
[2020-02-28T02:52:07.640+0000][1][safepoint    ] Safepoint "BulkRevokeBias", Time since last: 1508561558 ns, Reaching safepoint: 102795 ns, At safepoint: 270382 ns, Total: 373177 ns
[2020-02-28T02:52:10.147+0000][1][safepoint    ] Safepoint "RevokeBias", Time since last: 2506982275 ns, Reaching safepoint: 81717 ns, At safepoint: 47270 ns, Total: 128987 ns
[2020-02-28T02:52:12.652+0000][1][safepoint    ] Safepoint "RevokeBias", Time since last: 2505084099 ns, Reaching safepoint: 78516 ns, At safepoint: 18968 ns, Total: 97484 ns
[2020-02-28T02:52:15.159+0000][1][safepoint    ] Safepoint "RevokeBias", Time since last: 2506040710 ns, Reaching safepoint: 151860 ns, At safepoint: 25885 ns, Total: 177745 ns
[2020-02-28T02:52:17.669+0000][1][safepoint    ] Safepoint "RevokeBias", Time since last: 2510119890 ns, Reaching safepoint: 94965 ns, At safepoint: 42693 ns, Total: 137658 ns
[2020-02-28T02:52:20.177+0000][1][safepoint    ] Safepoint "RevokeBias", Time since last: 2507780510 ns, Reaching safepoint: 109711 ns, At safepoint: 21036 ns, Total: 130747 ns
[2020-02-28T02:52:22.684+0000][1][safepoint    ] Safepoint "RevokeBias", Time since last: 2506769820 ns, Reaching safepoint: 74553 ns, At safepoint: 18952 ns, Total: 93505 ns
[2020-02-28T02:52:25.186+0000][1][safepoint    ] Safepoint "RevokeBias", Time since last: 2501877907 ns, Reaching safepoint: 79455 ns, At safepoint: 30014 ns, Total: 109469 ns
[2020-02-28T02:52:27.693+0000][1][safepoint    ] Safepoint "RevokeBias", Time since last: 2507345892 ns, Reaching safepoint: 57977 ns, At safepoint: 17304 ns, Total: 75281 ns
[2020-02-28T02:52:30.200+0000][1][safepoint    ] Safepoint "RevokeBias", Time since last: 2506456091 ns, Reaching safepoint: 75930 ns, At safepoint: 18041 ns, Total: 93971 ns
[2020-02-28T02:52:32.204+0000][1][safepoint    ] Safepoint "Cleanup", Time since last: 2004498278 ns, Reaching safepoint: 80153 ns, At safepoint: 5730 ns, Total: 85883 ns
[2020-02-28T02:52:32.706+0000][1][safepoint    ] Safepoint "RevokeBias", Time since last: 501717022 ns, Reaching safepoint: 85854 ns, At safepoint: 21235 ns, Total: 107089 ns
[2020-02-28T02:52:35.210+0000][1][safepoint    ] Safepoint "RevokeBias", Time since last: 2503835519 ns, Reaching safepoint: 85962 ns, At safepoint: 21847 ns, Total: 107809 ns
[2020-02-28T02:52:37.716+0000][1][safepoint    ] Safepoint "RevokeBias", Time since last: 2506119627 ns, Reaching safepoint: 90604 ns, At safepoint: 21686 ns, Total: 112290 ns
[2020-02-28T02:52:40.220+0000][1][safepoint    ] Safepoint "RevokeBias", Time since last: 2504124529 ns, Reaching safepoint: 75193 ns, At safepoint: 18701 ns, Total: 93894 ns
[2020-02-28T02:52:42.730+0000][1][safepoint    ] Safepoint "RevokeBias", Time since last: 2509419823 ns, Reaching safepoint: 73922 ns, At safepoint: 19467 ns, Total: 93389 ns
[2020-02-28T02:52:45.240+0000][1][safepoint    ] Safepoint "RevokeBias", Time since last: 2509496741 ns, Reaching safepoint: 86894 ns, At safepoint: 21583 ns, Total: 108477 ns
[2020-02-28T02:52:47.745+0000][1][safepoint    ] Safepoint "RevokeBias", Time since last: 2505496055 ns, Reaching safepoint: 71869 ns, At safepoint: 17780 ns, Total: 89649 ns
[2020-02-28T02:52:50.252+0000][1][safepoint    ] Safepoint "RevokeBias", Time since last: 2507199099 ns, Reaching safepoint: 88758 ns, At safepoint: 21016 ns, Total: 109774 ns
[2020-02-28T02:52:52.758+0000][1][safepoint    ] Safepoint "RevokeBias", Time since last: 2505712077 ns, Reaching safepoint: 92479 ns, At safepoint: 21818 ns, Total: 114297 ns
[2020-02-28T02:52:55.261+0000][1][safepoint    ] Safepoint "RevokeBias", Time since last: 2503056945 ns, Reaching safepoint: 73455 ns, At safepoint: 17838 ns, Total: 91293 ns
[2020-02-28T02:52:56.551+0000][1][gc,start     ] GC(51) Pause Young (Allocation Failure)
[2020-02-28T02:52:56.551+0000][1][gc,task      ] GC(51) Using 1 workers of 1 for evacuation
[2020-02-28T02:52:56.572+0000][1][gc,age       ] GC(51) Desired survivor size 4358144 bytes, new threshold 6 (max threshold 6)
[2020-02-28T02:52:56.572+0000][1][gc,age       ] GC(51) Age table with threshold 6 (max threshold 6)
[2020-02-28T02:52:56.572+0000][1][gc,age       ] GC(51) - age   1:      12264 bytes,      12264 total
[2020-02-28T02:52:56.572+0000][1][gc,age       ] GC(51) - age   2:        808 bytes,      13072 total
[2020-02-28T02:52:56.572+0000][1][gc,age       ] GC(51) - age   3:        288 bytes,      13360 total
[2020-02-28T02:52:56.572+0000][1][gc,age       ] GC(51) - age   4:       5288 bytes,      18648 total
[2020-02-28T02:52:56.572+0000][1][gc,age       ] GC(51) - age   5:       3312 bytes,      21960 total
[2020-02-28T02:52:56.572+0000][1][gc,age       ] GC(51) - age   6:       1512 bytes,      23472 total
[2020-02-28T02:52:56.572+0000][1][gc,heap      ] GC(51) ParNew: 68187K->42K(76672K)
[2020-02-28T02:52:56.572+0000][1][gc,heap      ] GC(51) CMS: 62601K->62601K(963392K)
[2020-02-28T02:52:56.572+0000][1][gc,metaspace ] GC(51) Metaspace: 79539K->79539K(1122304K)
[2020-02-28T02:52:56.572+0000][1][gc           ] GC(51) Pause Young (Allocation Failure) 127M->61M(1015M) 21.139ms
[2020-02-28T02:52:56.572+0000][1][gc,cpu       ] GC(51) User=0.01s Sys=0.00s Real=0.02s
[2020-02-28T02:52:56.572+0000][1][safepoint    ] Safepoint "GenCollectForAllocation", Time since last: 1289780101 ns, Reaching safepoint: 74075 ns, At safepoint: 21214347 ns, Total: 21288422 ns
[2020-02-28T02:52:57.769+0000][1][safepoint    ] Safepoint "RevokeBias", Time since last: 1196436512 ns, Reaching safepoint: 80883 ns, At safepoint: 47878 ns, Total: 128761 ns
[2020-02-28T02:53:00.273+0000][1][safepoint    ] Safepoint "RevokeBias", Time since last: 2503631350 ns, Reaching safepoint: 85661 ns, At safepoint: 21274 ns, Total: 106935 ns
[2020-02-28T02:53:02.784+0000][1][safepoint    ] Safepoint "RevokeBias", Time since last: 2510733079 ns, Reaching safepoint: 84865 ns, At safepoint: 24127 ns, Total: 108992 ns
[2020-02-28T02:53:05.289+0000][1][safepoint    ] Safepoint "RevokeBias", Time since last: 2504944346 ns, Reaching safepoint: 74906 ns, At safepoint: 18479 ns, Total: 93385 ns
[2020-02-28T02:53:07.793+0000][1][safepoint    ] Safepoint "RevokeBias", Time since last: 2504639362 ns, Reaching safepoint: 74685 ns, At safepoint: 17944 ns, Total: 92629 ns
[2020-02-28T02:53:10.297+0000][1][safepoint    ] Safepoint "RevokeBias", Time since last: 2503978768 ns, Reaching safepoint: 86125 ns, At safepoint: 21133 ns, Total: 107258 ns
[2020-02-28T02:53:12.302+0000][1][safepoint    ] Safepoint "Cleanup", Time since last: 2004312955 ns, Reaching safepoint: 77282 ns, At safepoint: 5681 ns, Total: 82963 ns
[2020-02-28T02:53:12.804+0000][1][safepoint    ] Safepoint "RevokeBias", Time since last: 502192710 ns, Reaching safepoint: 82293 ns, At safepoint: 19714 ns, Total: 102007 ns
[2020-02-28T02:53:15.309+0000][1][safepoint    ] Safepoint "RevokeBias", Time since last: 2505123499 ns, Reaching safepoint: 100175 ns, At safepoint: 20446 ns, Total: 120621 ns
[2020-02-28T02:53:17.816+0000][1][safepoint    ] Safepoint "RevokeBias", Time since last: 2506879516 ns, Reaching safepoint: 84837 ns, At safepoint: 20683 ns, Total: 105520 ns
[2020-02-28T02:53:20.321+0000][1][safepoint    ] Safepoint "BulkRevokeBias", Time since last: 2504592573 ns, Reaching safepoint: 77688 ns, At safepoint: 209680 ns, Total: 287368 ns
[2020-02-28T02:53:22.828+0000][1][safepoint    ] Safepoint "RevokeBias", Time since last: 2506252222 ns, Reaching safepoint: 94226 ns, At safepoint: 21666 ns, Total: 115892 ns
[2020-02-28T02:53:25.331+0000][1][safepoint    ] Safepoint "RevokeBias", Time since last: 2502754477 ns, Reaching safepoint: 84773 ns, At safepoint: 21632 ns, Total: 106405 ns
[2020-02-28T02:53:27.837+0000][1][safepoint    ] Safepoint "RevokeBias", Time since last: 2506350856 ns, Reaching safepoint: 74233 ns, At safepoint: 19070 ns, Total: 93303 ns
[2020-02-28T02:53:30.340+0000][1][safepoint    ] Safepoint "RevokeBias", Time since last: 2503258786 ns, Reaching safepoint: 86914 ns, At safepoint: 21210 ns, Total: 108124 ns
[2020-02-28T02:53:32.845+0000][1][safepoint    ] Safepoint "RevokeBias", Time since last: 2504337999 ns, Reaching safepoint: 86960 ns, At safepoint: 21313 ns, Total: 108273 ns
[2020-02-28T02:53:35.366+0000][1][safepoint    ] Safepoint "RevokeBias", Time since last: 2518598510 ns, Reaching safepoint: 2129207 ns, At safepoint: 29442 ns, Total: 2158649 ns
[2020-02-28T02:53:37.869+0000][1][safepoint    ] Safepoint "RevokeBias", Time since last: 2503652184 ns, Reaching safepoint: 72113 ns, At safepoint: 17596 ns, Total: 89709 ns
[2020-02-28T02:53:40.375+0000][1][safepoint    ] Safepoint "RevokeBias", Time since last: 2505702233 ns, Reaching safepoint: 112795 ns, At safepoint: 18540 ns, Total: 131335 ns
[2020-02-28T02:53:42.881+0000][1][safepoint    ] Safepoint "RevokeBias", Time since last: 2506293909 ns, Reaching safepoint: 75053 ns, At safepoint: 18273 ns, Total: 93326 ns
[2020-02-28T02:53:45.383+0000][1][safepoint    ] Safepoint "RevokeBias", Time since last: 2501722309 ns, Reaching safepoint: 85026 ns, At safepoint: 20776 ns, Total: 105802 ns
[2020-02-28T02:53:46.393+0000][1][safepoint    ] Safepoint "Cleanup", Time since last: 1009104717 ns, Reaching safepoint: 101321 ns, At safepoint: 10229 ns, Total: 111550 ns
[2020-02-28T02:53:47.890+0000][1][safepoint    ] Safepoint "RevokeBias", Time since last: 1497460042 ns, Reaching safepoint: 75789 ns, At safepoint: 18486 ns, Total: 94275 ns
[2020-02-28T02:53:50.394+0000][1][safepoint    ] Safepoint "RevokeBias", Time since last: 2504222242 ns, Reaching safepoint: 100623 ns, At safepoint: 21392 ns, Total: 122015 ns
[2020-02-28T02:53:52.899+0000][1][safepoint    ] Safepoint "RevokeBias", Time since last: 2504400861 ns, Reaching safepoint: 94760 ns, At safepoint: 22528 ns, Total: 117288 ns
[2020-02-28T02:53:55.402+0000][1][safepoint    ] Safepoint "RevokeBias", Time since last: 2503446938 ns, Reaching safepoint: 70912 ns, At safepoint: 17835 ns, Total: 88747 ns
[2020-02-28T02:53:57.907+0000][1][safepoint    ] Safepoint "RevokeBias", Time since last: 2504278657 ns, Reaching safepoint: 71622 ns, At safepoint: 17622 ns, Total: 89244 ns
[2020-02-28T02:54:00.412+0000][1][safepoint    ] Safepoint "RevokeBias", Time since last: 2504696656 ns, Reaching safepoint: 73926 ns, At safepoint: 50096 ns, Total: 124022 ns
[2020-02-28T02:54:02.916+0000][1][safepoint    ] Safepoint "RevokeBias", Time since last: 2503763063 ns, Reaching safepoint: 71994 ns, At safepoint: 81323 ns, Total: 153317 ns
[2020-02-28T02:54:05.419+0000][1][safepoint    ] Safepoint "RevokeBias", Time since last: 2503291257 ns, Reaching safepoint: 75338 ns, At safepoint: 18142 ns, Total: 93480 ns
[2020-02-28T02:54:07.923+0000][1][safepoint    ] Safepoint "RevokeBias", Time since last: 2504011873 ns, Reaching safepoint: 78315 ns, At safepoint: 19769 ns, Total: 98084 ns
[2020-02-28T02:54:10.428+0000][1][safepoint    ] Safepoint "RevokeBias", Time since last: 2504381686 ns, Reaching safepoint: 77855 ns, At safepoint: 34010 ns, Total: 111865 ns
[2020-02-28T02:54:12.437+0000][1][safepoint    ] Safepoint "Cleanup", Time since last: 2009583212 ns, Reaching safepoint: 79006 ns, At safepoint: 6606 ns, Total: 85612 ns
[2020-02-28T02:54:12.933+0000][1][safepoint    ] Safepoint "RevokeBias", Time since last: 495503247 ns, Reaching safepoint: 74744 ns, At safepoint: 19345 ns, Total: 94089 ns
[2020-02-28T02:54:15.435+0000][1][safepoint    ] Safepoint "RevokeBias", Time since last: 2501774965 ns, Reaching safepoint: 73030 ns, At safepoint: 18866 ns, Total: 91896 ns
[2020-02-28T02:54:17.941+0000][1][safepoint    ] Safepoint "RevokeBias", Time since last: 2505888615 ns, Reaching safepoint: 107857 ns, At safepoint: 39793 ns, Total: 147650 ns
[2020-02-28T02:54:20.447+0000][1][safepoint    ] Safepoint "RevokeBias", Time since last: 2506550673 ns, Reaching safepoint: 106768 ns, At safepoint: 16874 ns, Total: 123642 ns
[2020-02-28T02:54:22.953+0000][1][safepoint    ] Safepoint "RevokeBias", Time since last: 2505159924 ns, Reaching safepoint: 103199 ns, At safepoint: 24312 ns, Total: 127511 ns
[2020-02-28T02:54:25.457+0000][1][safepoint    ] Safepoint "RevokeBias", Time since last: 2504517721 ns, Reaching safepoint: 84680 ns, At safepoint: 21259 ns, Total: 105939 ns
[2020-02-28T02:54:27.961+0000][1][safepoint    ] Safepoint "RevokeBias", Time since last: 2503481803 ns, Reaching safepoint: 85787 ns, At safepoint: 21833 ns, Total: 107620 ns
[2020-02-28T02:54:30.466+0000][1][safepoint    ] Safepoint "RevokeBias", Time since last: 2504855605 ns, Reaching safepoint: 85803 ns, At safepoint: 21685 ns, Total: 107488 ns
[2020-02-28T02:54:32.970+0000][1][safepoint    ] Safepoint "BulkRevokeBias", Time since last: 2504032614 ns, Reaching safepoint: 102069 ns, At safepoint: 254184 ns, Total: 356253 ns
[2020-02-28T02:54:35.474+0000][1][safepoint    ] Safepoint "RevokeBias", Time since last: 2503932581 ns, Reaching safepoint: 120831 ns, At safepoint: 19697 ns, Total: 140528 ns
[2020-02-28T02:54:37.980+0000][1][safepoint    ] Safepoint "RevokeBias", Time since last: 2506020889 ns, Reaching safepoint: 74626 ns, At safepoint: 17864 ns, Total: 92490 ns
[2020-02-28T02:54:40.485+0000][1][safepoint    ] Safepoint "RevokeBias", Time since last: 2504565265 ns, Reaching safepoint: 77210 ns, At safepoint: 18880 ns, Total: 96090 ns
[2020-02-28T02:54:42.992+0000][1][safepoint    ] Safepoint "RevokeBias", Time since last: 2506680780 ns, Reaching safepoint: 224010 ns, At safepoint: 38404 ns, Total: 262414 ns
[2020-02-28T02:54:45.497+0000][1][safepoint    ] Safepoint "RevokeBias", Time since last: 2504925469 ns, Reaching safepoint: 120306 ns, At safepoint: 18916 ns, Total: 139222 ns
[2020-02-28T02:54:48.004+0000][1][safepoint    ] Safepoint "RevokeBias", Time since last: 2506392163 ns, Reaching safepoint: 87457 ns, At safepoint: 21280 ns, Total: 108737 ns
[2020-02-28T02:54:50.520+0000][1][safepoint    ] Safepoint "RevokeBias", Time since last: 2516245638 ns, Reaching safepoint: 73466 ns, At safepoint: 17597 ns, Total: 91063 ns
[2020-02-28T02:54:53.031+0000][1][safepoint    ] Safepoint "RevokeBias", Time since last: 2511247689 ns, Reaching safepoint: 71954 ns, At safepoint: 17639 ns, Total: 89593 ns
[2020-02-28T02:54:55.543+0000][1][safepoint    ] Safepoint "RevokeBias", Time since last: 2512048451 ns, Reaching safepoint: 54214 ns, At safepoint: 16476 ns, Total: 70690 ns
[2020-02-28T02:54:58.055+0000][1][safepoint    ] Safepoint "RevokeBias", Time since last: 2511630771 ns, Reaching safepoint: 77472 ns, At safepoint: 19774 ns, Total: 97246 ns
[2020-02-28T02:55:00.569+0000][1][safepoint    ] Safepoint "RevokeBias", Time since last: 2513433200 ns, Reaching safepoint: 74954 ns, At safepoint: 18964 ns, Total: 93918 ns
[2020-02-28T02:55:03.080+0000][1][safepoint    ] Safepoint "RevokeBias", Time since last: 2511284807 ns, Reaching safepoint: 100363 ns, At safepoint: 23816 ns, Total: 124179 ns
[2020-02-28T02:55:05.593+0000][1][safepoint    ] Safepoint "RevokeBias", Time since last: 2513062528 ns, Reaching safepoint: 74534 ns, At safepoint: 17504 ns, Total: 92038 ns
[2020-02-28T02:55:08.103+0000][1][safepoint    ] Safepoint "RevokeBias", Time since last: 2510100211 ns, Reaching safepoint: 74715 ns, At safepoint: 22968 ns, Total: 97683 ns
[2020-02-28T02:55:10.612+0000][1][safepoint    ] Safepoint "RevokeBias", Time since last: 2508639556 ns, Reaching safepoint: 77674 ns, At safepoint: 19827 ns, Total: 97501 ns
[2020-02-28T02:55:13.125+0000][1][safepoint    ] Safepoint "RevokeBias", Time since last: 2512853991 ns, Reaching safepoint: 83294 ns, At safepoint: 20610 ns, Total: 103904 ns
[2020-02-28T02:55:15.643+0000][1][safepoint    ] Safepoint "RevokeBias", Time since last: 2517724314 ns, Reaching safepoint: 78407 ns, At safepoint: 19045 ns, Total: 97452 ns
[2020-02-28T02:55:16.705+0000][1][gc,start     ] GC(52) Pause Young (Allocation Failure)
[2020-02-28T02:55:16.705+0000][1][gc,task      ] GC(52) Using 1 workers of 1 for evacuation
[2020-02-28T02:55:16.717+0000][1][gc,age       ] GC(52) Desired survivor size 4358144 bytes, new threshold 6 (max threshold 6)
[2020-02-28T02:55:16.717+0000][1][gc,age       ] GC(52) Age table with threshold 6 (max threshold 6)
[2020-02-28T02:55:16.717+0000][1][gc,age       ] GC(52) - age   1:      12136 bytes,      12136 total
[2020-02-28T02:55:16.717+0000][1][gc,age       ] GC(52) - age   2:        264 bytes,      12400 total
[2020-02-28T02:55:16.717+0000][1][gc,age       ] GC(52) - age   3:        808 bytes,      13208 total
[2020-02-28T02:55:16.717+0000][1][gc,age       ] GC(52) - age   4:        288 bytes,      13496 total
[2020-02-28T02:55:16.717+0000][1][gc,age       ] GC(52) - age   5:       5288 bytes,      18784 total
[2020-02-28T02:55:16.717+0000][1][gc,age       ] GC(52) - age   6:       3312 bytes,      22096 total
[2020-02-28T02:55:16.717+0000][1][gc,heap      ] GC(52) ParNew: 68202K->27K(76672K)
[2020-02-28T02:55:16.717+0000][1][gc,heap      ] GC(52) CMS: 62601K->62603K(963392K)
[2020-02-28T02:55:16.717+0000][1][gc,metaspace ] GC(52) Metaspace: 79544K->79544K(1122304K)
[2020-02-28T02:55:16.717+0000][1][gc           ] GC(52) Pause Young (Allocation Failure) 127M->61M(1015M) 12.191ms
[2020-02-28T02:55:16.717+0000][1][gc,cpu       ] GC(52) User=0.01s Sys=0.00s Real=0.02s
[2020-02-28T02:55:16.717+0000][1][safepoint    ] Safepoint "GenCollectForAllocation", Time since last: 1061908045 ns, Reaching safepoint: 75482 ns, At safepoint: 12248758 ns, Total: 12324240 ns
[2020-02-28T02:55:18.157+0000][1][safepoint    ] Safepoint "RevokeBias", Time since last: 1439291825 ns, Reaching safepoint: 83598 ns, At safepoint: 58025 ns, Total: 141623 ns
[2020-02-28T02:55:20.676+0000][1][safepoint    ] Safepoint "RevokeBias", Time since last: 2519305979 ns, Reaching safepoint: 55679 ns, At safepoint: 16754 ns, Total: 72433 ns
[2020-02-28T02:55:23.192+0000][1][safepoint    ] Safepoint "RevokeBias", Time since last: 2516372750 ns, Reaching safepoint: 84134 ns, At safepoint: 21216 ns, Total: 105350 ns
[2020-02-28T02:55:25.707+0000][1][safepoint    ] Safepoint "RevokeBias", Time since last: 2514180653 ns, Reaching safepoint: 96544 ns, At safepoint: 25474 ns, Total: 122018 ns
[2020-02-28T02:55:28.219+0000][1][safepoint    ] Safepoint "RevokeBias", Time since last: 2512532842 ns, Reaching safepoint: 75937 ns, At safepoint: 18310 ns, Total: 94247 ns
[2020-02-28T02:55:30.725+0000][1][safepoint    ] Safepoint "RevokeBias", Time since last: 2505859291 ns, Reaching safepoint: 74234 ns, At safepoint: 19376 ns, Total: 93610 ns
[2020-02-28T02:55:33.230+0000][1][safepoint    ] Safepoint "RevokeBias", Time since last: 2504241089 ns, Reaching safepoint: 93468 ns, At safepoint: 20591 ns, Total: 114059 ns
[2020-02-28T02:55:35.733+0000][1][safepoint    ] Safepoint "RevokeBias", Time since last: 2503279653 ns, Reaching safepoint: 85028 ns, At safepoint: 20898 ns, Total: 105926 ns
[2020-02-28T02:55:38.240+0000][1][safepoint    ] Safepoint "RevokeBias", Time since last: 2506415774 ns, Reaching safepoint: 81463 ns, At safepoint: 20099 ns, Total: 101562 ns
[2020-02-28T02:55:40.744+0000][1][safepoint    ] Safepoint "RevokeBias", Time since last: 2504657407 ns, Reaching safepoint: 121579 ns, At safepoint: 21431 ns, Total: 143010 ns
[2020-02-28T02:55:43.250+0000][1][safepoint    ] Safepoint "RevokeBias", Time since last: 2505324829 ns, Reaching safepoint: 104765 ns, At safepoint: 24709 ns, Total: 129474 ns
[2020-02-28T02:55:45.753+0000][1][safepoint    ] Safepoint "BulkRevokeBias", Time since last: 2503114686 ns, Reaching safepoint: 116724 ns, At safepoint: 348157 ns, Total: 464881 ns
[2020-02-28T02:55:48.259+0000][1][safepoint    ] Safepoint "RevokeBias", Time since last: 2505883501 ns, Reaching safepoint: 74348 ns, At safepoint: 18003 ns, Total: 92351 ns
[2020-02-28T02:55:50.764+0000][1][safepoint    ] Safepoint "RevokeBias", Time since last: 2504874601 ns, Reaching safepoint: 74636 ns, At safepoint: 18803 ns, Total: 93439 ns
[2020-02-28T02:55:53.270+0000][1][safepoint    ] Safepoint "RevokeBias", Time since last: 2505572259 ns, Reaching safepoint: 76491 ns, At safepoint: 19427 ns, Total: 95918 ns
[2020-02-28T02:55:55.774+0000][1][safepoint    ] Safepoint "RevokeBias", Time since last: 2503515936 ns, Reaching safepoint: 147248 ns, At safepoint: 33558 ns, Total: 180806 ns
[2020-02-28T02:55:58.280+0000][1][safepoint    ] Safepoint "RevokeBias", Time since last: 2505889023 ns, Reaching safepoint: 87990 ns, At safepoint: 21148 ns, Total: 109138 ns
[2020-02-28T02:56:00.786+0000][1][safepoint    ] Safepoint "RevokeBias", Time since last: 2506069420 ns, Reaching safepoint: 79019 ns, At safepoint: 20678 ns, Total: 99697 ns
[2020-02-28T02:56:03.292+0000][1][safepoint    ] Safepoint "RevokeBias", Time since last: 2505962732 ns, Reaching safepoint: 75813 ns, At safepoint: 18975 ns, Total: 94788 ns
[2020-02-28T02:56:05.796+0000][1][safepoint    ] Safepoint "RevokeBias", Time since last: 2503460982 ns, Reaching safepoint: 70834 ns, At safepoint: 17932 ns, Total: 88766 ns
[2020-02-28T02:56:08.302+0000][1][safepoint    ] Safepoint "RevokeBias", Time since last: 2505993719 ns, Reaching safepoint: 84537 ns, At safepoint: 20730 ns, Total: 105267 ns
[2020-02-28T02:56:10.808+0000][1][safepoint    ] Safepoint "RevokeBias", Time since last: 2506107520 ns, Reaching safepoint: 85081 ns, At safepoint: 20942 ns, Total: 106023 ns
[2020-02-28T02:56:13.314+0000][1][safepoint    ] Safepoint "RevokeBias", Time since last: 2506021116 ns, Reaching safepoint: 167148 ns, At safepoint: 64406 ns, Total: 231554 ns
[2020-02-28T02:56:15.818+0000][1][safepoint    ] Safepoint "RevokeBias", Time since last: 2504039728 ns, Reaching safepoint: 195369 ns, At safepoint: 23168 ns, Total: 218537 ns
[2020-02-28T02:56:18.324+0000][1][safepoint    ] Safepoint "RevokeBias", Time since last: 2505459731 ns, Reaching safepoint: 84027 ns, At safepoint: 21274 ns, Total: 105301 ns
[2020-02-28T02:56:20.829+0000][1][safepoint    ] Safepoint "RevokeBias", Time since last: 2504624044 ns, Reaching safepoint: 72400 ns, At safepoint: 18476 ns, Total: 90876 ns
[2020-02-28T02:56:23.334+0000][1][safepoint    ] Safepoint "RevokeBias", Time since last: 2505728385 ns, Reaching safepoint: 83499 ns, At safepoint: 21256 ns, Total: 104755 ns
[2020-02-28T02:56:25.837+0000][1][safepoint    ] Safepoint "RevokeBias", Time since last: 2502203374 ns, Reaching safepoint: 85529 ns, At safepoint: 21123 ns, Total: 106652 ns
[2020-02-28T02:56:28.342+0000][1][safepoint    ] Safepoint "RevokeBias", Time since last: 2505135799 ns, Reaching safepoint: 85416 ns, At safepoint: 20265 ns, Total: 105681 ns
[2020-02-28T02:56:30.846+0000][1][safepoint    ] Safepoint "RevokeBias", Time since last: 2503807525 ns, Reaching safepoint: 54041 ns, At safepoint: 16893 ns, Total: 70934 ns
[2020-02-28T02:56:33.352+0000][1][safepoint    ] Safepoint "RevokeBias", Time since last: 2505790120 ns, Reaching safepoint: 73092 ns, At safepoint: 18125 ns, Total: 91217 ns
[2020-02-28T02:56:35.855+0000][1][safepoint    ] Safepoint "RevokeBias", Time since last: 2503419133 ns, Reaching safepoint: 84798 ns, At safepoint: 20826 ns, Total: 105624 ns
[2020-02-28T02:56:38.362+0000][1][safepoint    ] Safepoint "RevokeBias", Time since last: 2506457533 ns, Reaching safepoint: 85436 ns, At safepoint: 20267 ns, Total: 105703 ns
[2020-02-28T02:56:40.867+0000][1][safepoint    ] Safepoint "RevokeBias", Time since last: 2504792706 ns, Reaching safepoint: 85282 ns, At safepoint: 21380 ns, Total: 106662 ns
[2020-02-28T02:56:43.371+0000][1][safepoint    ] Safepoint "RevokeBias", Time since last: 2503911066 ns, Reaching safepoint: 103633 ns, At safepoint: 24090 ns, Total: 127723 ns
[2020-02-28T02:56:45.874+0000][1][safepoint    ] Safepoint "RevokeBias", Time since last: 2503205122 ns, Reaching safepoint: 85403 ns, At safepoint: 20447 ns, Total: 105850 ns
[2020-02-28T02:56:48.381+0000][1][safepoint    ] Safepoint "RevokeBias", Time since last: 2506992808 ns, Reaching safepoint: 73401 ns, At safepoint: 17700 ns, Total: 91101 ns
[2020-02-28T02:56:50.888+0000][1][safepoint    ] Safepoint "RevokeBias", Time since last: 2506664968 ns, Reaching safepoint: 147687 ns, At safepoint: 74949 ns, Total: 222636 ns
[2020-02-28T02:56:53.394+0000][1][safepoint    ] Safepoint "RevokeBias", Time since last: 2505780022 ns, Reaching safepoint: 89321 ns, At safepoint: 67742 ns, Total: 157063 ns
[2020-02-28T02:56:55.898+0000][1][safepoint    ] Safepoint "RevokeBias", Time since last: 2503427714 ns, Reaching safepoint: 86645 ns, At safepoint: 21177 ns, Total: 107822 ns
[2020-02-28T02:56:58.404+0000][1][safepoint    ] Safepoint "BulkRevokeBias", Time since last: 2506238315 ns, Reaching safepoint: 148685 ns, At safepoint: 260773 ns, Total: 409458 ns
[2020-02-28T02:57:00.909+0000][1][safepoint    ] Safepoint "RevokeBias", Time since last: 2505055465 ns, Reaching safepoint: 160064 ns, At safepoint: 36123 ns, Total: 196187 ns
[2020-02-28T02:57:03.414+0000][1][safepoint    ] Safepoint "RevokeBias", Time since last: 2504818703 ns, Reaching safepoint: 95608 ns, At safepoint: 20592 ns, Total: 116200 ns
[2020-02-28T02:57:05.929+0000][1][safepoint    ] Safepoint "RevokeBias", Time since last: 2514877795 ns, Reaching safepoint: 110181 ns, At safepoint: 32132 ns, Total: 142313 ns
[2020-02-28T02:57:08.477+0000][1][safepoint    ] Safepoint "RevokeBias", Time since last: 2547845632 ns, Reaching safepoint: 87308 ns, At safepoint: 21068 ns, Total: 108376 ns
[2020-02-28T02:57:10.982+0000][1][safepoint    ] Safepoint "RevokeBias", Time since last: 2504895223 ns, Reaching safepoint: 76852 ns, At safepoint: 19514 ns, Total: 96366 ns
[2020-02-28T02:57:13.498+0000][1][safepoint    ] Safepoint "RevokeBias", Time since last: 2515141588 ns, Reaching safepoint: 52591 ns, At safepoint: 16326 ns, Total: 68917 ns
[2020-02-28T02:57:16.008+0000][1][safepoint    ] Safepoint "RevokeBias", Time since last: 2510737212 ns, Reaching safepoint: 74276 ns, At safepoint: 18933 ns, Total: 93209 ns
[2020-02-28T02:57:18.523+0000][1][safepoint    ] Safepoint "RevokeBias", Time since last: 2514994628 ns, Reaching safepoint: 56303 ns, At safepoint: 18328 ns, Total: 74631 ns
[2020-02-28T02:57:21.039+0000][1][safepoint    ] Safepoint "RevokeBias", Time since last: 2515238273 ns, Reaching safepoint: 72817 ns, At safepoint: 19366 ns, Total: 92183 ns
[2020-02-28T02:57:23.557+0000][1][safepoint    ] Safepoint "RevokeBias", Time since last: 2518200125 ns, Reaching safepoint: 54270 ns, At safepoint: 18128 ns, Total: 72398 ns
[2020-02-28T02:57:26.071+0000][1][safepoint    ] Safepoint "RevokeBias", Time since last: 2513282934 ns, Reaching safepoint: 97598 ns, At safepoint: 58555 ns, Total: 156153 ns
[2020-02-28T02:57:28.584+0000][1][safepoint    ] Safepoint "RevokeBias", Time since last: 2513219931 ns, Reaching safepoint: 124069 ns, At safepoint: 24766 ns, Total: 148835 ns
[2020-02-28T02:57:31.096+0000][1][safepoint    ] Safepoint "RevokeBias", Time since last: 2511818085 ns, Reaching safepoint: 113331 ns, At safepoint: 17905 ns, Total: 131236 ns
[2020-02-28T02:57:32.096+0000][1][safepoint    ] Safepoint "Cleanup", Time since last: 1000300616 ns, Reaching safepoint: 91428 ns, At safepoint: 9191 ns, Total: 100619 ns
[2020-02-28T02:57:33.097+0000][1][safepoint    ] Safepoint "Cleanup", Time since last: 1000272413 ns, Reaching safepoint: 109272 ns, At safepoint: 10813 ns, Total: 120085 ns
[2020-02-28T02:57:33.610+0000][1][safepoint    ] Safepoint "RevokeBias", Time since last: 513539427 ns, Reaching safepoint: 238160 ns, At safepoint: 32670 ns, Total: 270830 ns
[2020-02-28T02:57:35.611+0000][1][safepoint    ] Safepoint "Cleanup", Time since last: 2000794621 ns, Reaching safepoint: 98731 ns, At safepoint: 8753 ns, Total: 107484 ns
[2020-02-28T02:57:36.120+0000][1][gc,start     ] GC(53) Pause Young (Allocation Failure)
[2020-02-28T02:57:36.120+0000][1][gc,task      ] GC(53) Using 1 workers of 1 for evacuation
[2020-02-28T02:57:36.130+0000][1][gc,age       ] GC(53) Desired survivor size 4358144 bytes, new threshold 6 (max threshold 6)
[2020-02-28T02:57:36.130+0000][1][gc,age       ] GC(53) Age table with threshold 6 (max threshold 6)
[2020-02-28T02:57:36.130+0000][1][gc,age       ] GC(53) - age   1:      35648 bytes,      35648 total
[2020-02-28T02:57:36.130+0000][1][gc,age       ] GC(53) - age   2:        136 bytes,      35784 total
[2020-02-28T02:57:36.130+0000][1][gc,age       ] GC(53) - age   3:        264 bytes,      36048 total
[2020-02-28T02:57:36.130+0000][1][gc,age       ] GC(53) - age   4:        808 bytes,      36856 total
[2020-02-28T02:57:36.130+0000][1][gc,age       ] GC(53) - age   5:        288 bytes,      37144 total
[2020-02-28T02:57:36.130+0000][1][gc,age       ] GC(53) - age   6:       5288 bytes,      42432 total
[2020-02-28T02:57:36.130+0000][1][gc,heap      ] GC(53) ParNew: 68187K->58K(76672K)
[2020-02-28T02:57:36.130+0000][1][gc,heap      ] GC(53) CMS: 62603K->62606K(963392K)
[2020-02-28T02:57:36.130+0000][1][gc,metaspace ] GC(53) Metaspace: 79571K->79571K(1122304K)
[2020-02-28T02:57:36.130+0000][1][gc           ] GC(53) Pause Young (Allocation Failure) 127M->61M(1015M) 10.438ms
[2020-02-28T02:57:36.130+0000][1][gc,cpu       ] GC(53) User=0.01s Sys=0.00s Real=0.01s
[2020-02-28T02:57:36.130+0000][1][safepoint    ] Safepoint "GenCollectForAllocation", Time since last: 508447676 ns, Reaching safepoint: 78107 ns, At safepoint: 10492879 ns, Total: 10570986 ns
[2020-02-28T02:57:36.131+0000][1][safepoint    ] Safepoint "RevokeBias", Time since last: 915878 ns, Reaching safepoint: 52924 ns, At safepoint: 16575 ns, Total: 69499 ns
[2020-02-28T02:57:38.661+0000][1][safepoint    ] Safepoint "RevokeBias", Time since last: 2529035930 ns, Reaching safepoint: 101048 ns, At safepoint: 20127 ns, Total: 121175 ns
[2020-02-28T02:57:41.171+0000][1][safepoint    ] Safepoint "RevokeBias", Time since last: 2510864552 ns, Reaching safepoint: 83573 ns, At safepoint: 18525 ns, Total: 102098 ns
[2020-02-28T02:57:43.697+0000][1][safepoint    ] Safepoint "RevokeBias", Time since last: 2524959182 ns, Reaching safepoint: 99659 ns, At safepoint: 25649 ns, Total: 125308 ns
[2020-02-28T02:57:46.212+0000][1][safepoint    ] Safepoint "RevokeBias", Time since last: 2514821760 ns, Reaching safepoint: 98440 ns, At safepoint: 24923 ns, Total: 123363 ns
[2020-02-28T02:57:48.731+0000][1][safepoint    ] Safepoint "RevokeBias", Time since last: 2519541012 ns, Reaching safepoint: 70800 ns, At safepoint: 40489 ns, Total: 111289 ns
[2020-02-28T02:57:51.242+0000][1][safepoint    ] Safepoint "RevokeBias", Time since last: 2511013617 ns, Reaching safepoint: 113501 ns, At safepoint: 24437 ns, Total: 137938 ns
[2020-02-28T02:57:52.243+0000][1][safepoint    ] Safepoint "Cleanup", Time since last: 1000811171 ns, Reaching safepoint: 93674 ns, At safepoint: 9747 ns, Total: 103421 ns
[2020-02-28T02:57:53.758+0000][1][safepoint    ] Safepoint "RevokeBias", Time since last: 1514179713 ns, Reaching safepoint: 119264 ns, At safepoint: 24257 ns, Total: 143521 ns
[2020-02-28T02:57:56.266+0000][1][safepoint    ] Safepoint "RevokeBias", Time since last: 2508095305 ns, Reaching safepoint: 73723 ns, At safepoint: 18007 ns, Total: 91730 ns
[2020-02-28T02:57:58.782+0000][1][safepoint    ] Safepoint "RevokeBias", Time since last: 2516113466 ns, Reaching safepoint: 71840 ns, At safepoint: 18120 ns, Total: 89960 ns
[2020-02-28T02:58:01.293+0000][1][safepoint    ] Safepoint "RevokeBias", Time since last: 2510885889 ns, Reaching safepoint: 76801 ns, At safepoint: 19671 ns, Total: 96472 ns
[2020-02-28T02:58:03.804+0000][1][safepoint    ] Safepoint "RevokeBias", Time since last: 2510858468 ns, Reaching safepoint: 156556 ns, At safepoint: 38698 ns, Total: 195254 ns
[2020-02-28T02:58:06.312+0000][1][safepoint    ] Safepoint "RevokeBias", Time since last: 2508139608 ns, Reaching safepoint: 85171 ns, At safepoint: 21611 ns, Total: 106782 ns
[2020-02-28T02:58:08.832+0000][1][safepoint    ] Safepoint "RevokeBias", Time since last: 2519667600 ns, Reaching safepoint: 54559 ns, At safepoint: 16399 ns, Total: 70958 ns
[2020-02-28T02:58:11.342+0000][1][safepoint    ] Safepoint "BulkRevokeBias", Time since last: 2509895687 ns, Reaching safepoint: 68853 ns, At safepoint: 178111 ns, Total: 246964 ns
[2020-02-28T02:58:13.848+0000][1][safepoint    ] Safepoint "RevokeBias", Time since last: 2505477250 ns, Reaching safepoint: 90190 ns, At safepoint: 18643 ns, Total: 108833 ns
[2020-02-28T02:58:16.351+0000][1][safepoint    ] Safepoint "RevokeBias", Time since last: 2502857772 ns, Reaching safepoint: 83817 ns, At safepoint: 20905 ns, Total: 104722 ns
[2020-02-28T02:58:18.856+0000][1][safepoint    ] Safepoint "RevokeBias", Time since last: 2504664421 ns, Reaching safepoint: 798181 ns, At safepoint: 34627 ns, Total: 832808 ns
[2020-02-28T02:58:21.363+0000][1][safepoint    ] Safepoint "RevokeBias", Time since last: 2506551599 ns, Reaching safepoint: 98222 ns, At safepoint: 19699 ns, Total: 117921 ns
[2020-02-28T02:58:23.869+0000][1][safepoint    ] Safepoint "RevokeBias", Time since last: 2505996728 ns, Reaching safepoint: 102451 ns, At safepoint: 24706 ns, Total: 127157 ns
[2020-02-28T02:58:26.371+0000][1][safepoint    ] Safepoint "RevokeBias", Time since last: 2502336808 ns, Reaching safepoint: 86420 ns, At safepoint: 21096 ns, Total: 107516 ns
[2020-02-28T02:58:28.878+0000][1][safepoint    ] Safepoint "RevokeBias", Time since last: 2506452749 ns, Reaching safepoint: 77792 ns, At safepoint: 18598 ns, Total: 96390 ns
[2020-02-28T02:58:31.381+0000][1][safepoint    ] Safepoint "RevokeBias", Time since last: 2502469859 ns, Reaching safepoint: 77787 ns, At safepoint: 33654 ns, Total: 111441 ns
[2020-02-28T02:58:33.885+0000][1][safepoint    ] Safepoint "RevokeBias", Time since last: 2504763124 ns, Reaching safepoint: 73524 ns, At safepoint: 17815 ns, Total: 91339 ns
[2020-02-28T02:58:36.389+0000][1][safepoint    ] Safepoint "RevokeBias", Time since last: 2503247174 ns, Reaching safepoint: 83876 ns, At safepoint: 21787 ns, Total: 105663 ns
[2020-02-28T02:58:38.896+0000][1][safepoint    ] Safepoint "RevokeBias", Time since last: 2506822878 ns, Reaching safepoint: 123400 ns, At safepoint: 23478 ns, Total: 146878 ns
[2020-02-28T02:58:41.403+0000][1][safepoint    ] Safepoint "RevokeBias", Time since last: 2507253092 ns, Reaching safepoint: 73422 ns, At safepoint: 16504 ns, Total: 89926 ns
[2020-02-28T02:58:42.409+0000][1][safepoint    ] Safepoint "Cleanup", Time since last: 1005908260 ns, Reaching safepoint: 132169 ns, At safepoint: 20696 ns, Total: 152865 ns
[2020-02-28T02:58:43.910+0000][1][safepoint    ] Safepoint "RevokeBias", Time since last: 1500782516 ns, Reaching safepoint: 75314 ns, At safepoint: 17799 ns, Total: 93113 ns
[2020-02-28T02:58:46.413+0000][1][safepoint    ] Safepoint "RevokeBias", Time since last: 2502705461 ns, Reaching safepoint: 72081 ns, At safepoint: 17842 ns, Total: 89923 ns
[2020-02-28T02:58:48.917+0000][1][safepoint    ] Safepoint "RevokeBias", Time since last: 2504110099 ns, Reaching safepoint: 85830 ns, At safepoint: 20890 ns, Total: 106720 ns
[2020-02-28T02:58:51.420+0000][1][safepoint    ] Safepoint "RevokeBias", Time since last: 2502618957 ns, Reaching safepoint: 101837 ns, At safepoint: 19712 ns, Total: 121549 ns
[2020-02-28T02:58:53.927+0000][1][safepoint    ] Safepoint "RevokeBias", Time since last: 2506742881 ns, Reaching safepoint: 103596 ns, At safepoint: 24301 ns, Total: 127897 ns
[2020-02-28T02:58:56.430+0000][1][safepoint    ] Safepoint "RevokeBias", Time since last: 2503294136 ns, Reaching safepoint: 85818 ns, At safepoint: 20827 ns, Total: 106645 ns
[2020-02-28T02:58:58.934+0000][1][safepoint    ] Safepoint "RevokeBias", Time since last: 2504104737 ns, Reaching safepoint: 70769 ns, At safepoint: 17572 ns, Total: 88341 ns
[2020-02-28T02:59:01.446+0000][1][safepoint    ] Safepoint "RevokeBias", Time since last: 2511849294 ns, Reaching safepoint: 77396 ns, At safepoint: 18522 ns, Total: 95918 ns
[2020-02-28T02:59:03.951+0000][1][safepoint    ] Safepoint "RevokeBias", Time since last: 2505074971 ns, Reaching safepoint: 127498 ns, At safepoint: 23372 ns, Total: 150870 ns
[2020-02-28T02:59:06.456+0000][1][safepoint    ] Safepoint "RevokeBias", Time since last: 2504004998 ns, Reaching safepoint: 180466 ns, At safepoint: 22027 ns, Total: 202493 ns
[2020-02-28T02:59:08.963+0000][1][safepoint    ] Safepoint "RevokeBias", Time since last: 2507753080 ns, Reaching safepoint: 75314 ns, At safepoint: 17507 ns, Total: 92821 ns
[2020-02-28T02:59:11.467+0000][1][safepoint    ] Safepoint "RevokeBias", Time since last: 2503158916 ns, Reaching safepoint: 83755 ns, At safepoint: 21798 ns, Total: 105553 ns
[2020-02-28T02:59:13.974+0000][1][safepoint    ] Safepoint "RevokeBias", Time since last: 2507515112 ns, Reaching safepoint: 77002 ns, At safepoint: 18830 ns, Total: 95832 ns
[2020-02-28T02:59:16.477+0000][1][safepoint    ] Safepoint "RevokeBias", Time since last: 2502897736 ns, Reaching safepoint: 72189 ns, At safepoint: 18539 ns, Total: 90728 ns
[2020-02-28T02:59:18.984+0000][1][safepoint    ] Safepoint "RevokeBias", Time since last: 2506170212 ns, Reaching safepoint: 71285 ns, At safepoint: 17619 ns, Total: 88904 ns
[2020-02-28T02:59:21.490+0000][1][safepoint    ] Safepoint "RevokeBias", Time since last: 2506033963 ns, Reaching safepoint: 84311 ns, At safepoint: 51320 ns, Total: 135631 ns
[2020-02-28T02:59:23.996+0000][1][safepoint    ] Safepoint "BulkRevokeBias", Time since last: 2506155538 ns, Reaching safepoint: 103012 ns, At safepoint: 250265 ns, Total: 353277 ns
[2020-02-28T02:59:26.500+0000][1][safepoint    ] Safepoint "RevokeBias", Time since last: 2503861738 ns, Reaching safepoint: 88858 ns, At safepoint: 23157 ns, Total: 112015 ns
[2020-02-28T02:59:29.007+0000][1][safepoint    ] Safepoint "RevokeBias", Time since last: 2506882699 ns, Reaching safepoint: 85619 ns, At safepoint: 22426 ns, Total: 108045 ns
[2020-02-28T02:59:31.514+0000][1][safepoint    ] Safepoint "RevokeBias", Time since last: 2507184145 ns, Reaching safepoint: 84777 ns, At safepoint: 22271 ns, Total: 107048 ns
[2020-02-28T02:59:34.022+0000][1][safepoint    ] Safepoint "RevokeBias", Time since last: 2506950190 ns, Reaching safepoint: 82449 ns, At safepoint: 21074 ns, Total: 103523 ns
[2020-02-28T02:59:36.525+0000][1][safepoint    ] Safepoint "RevokeBias", Time since last: 2503360325 ns, Reaching safepoint: 180089 ns, At safepoint: 19191 ns, Total: 199280 ns
[2020-02-28T02:59:39.033+0000][1][safepoint    ] Safepoint "RevokeBias", Time since last: 2507637534 ns, Reaching safepoint: 473020 ns, At safepoint: 37298 ns, Total: 510318 ns
[2020-02-28T02:59:41.539+0000][1][safepoint    ] Safepoint "RevokeBias", Time since last: 2505862090 ns, Reaching safepoint: 79883 ns, At safepoint: 18938 ns, Total: 98821 ns
[2020-02-28T02:59:44.044+0000][1][safepoint    ] Safepoint "RevokeBias", Time since last: 2505025300 ns, Reaching safepoint: 73968 ns, At safepoint: 17860 ns, Total: 91828 ns
[2020-02-28T02:59:46.563+0000][1][safepoint    ] Safepoint "RevokeBias", Time since last: 2518275968 ns, Reaching safepoint: 69143 ns, At safepoint: 15813 ns, Total: 84956 ns
[2020-02-28T02:59:49.078+0000][1][safepoint    ] Safepoint "RevokeBias", Time since last: 2514784260 ns, Reaching safepoint: 84368 ns, At safepoint: 20866 ns, Total: 105234 ns
[2020-02-28T02:59:51.594+0000][1][safepoint    ] Safepoint "RevokeBias", Time since last: 2516818607 ns, Reaching safepoint: 71321 ns, At safepoint: 17240 ns, Total: 88561 ns
[2020-02-28T02:59:52.434+0000][1][gc,start     ] GC(54) Pause Young (Allocation Failure)
[2020-02-28T02:59:52.434+0000][1][gc,task      ] GC(54) Using 1 workers of 1 for evacuation
[2020-02-28T02:59:52.444+0000][1][gc,age       ] GC(54) Desired survivor size 4358144 bytes, new threshold 6 (max threshold 6)
[2020-02-28T02:59:52.444+0000][1][gc,age       ] GC(54) Age table with threshold 6 (max threshold 6)
[2020-02-28T02:59:52.444+0000][1][gc,age       ] GC(54) - age   1:      11032 bytes,      11032 total
[2020-02-28T02:59:52.444+0000][1][gc,age       ] GC(54) - age   2:       1768 bytes,      12800 total
[2020-02-28T02:59:52.444+0000][1][gc,age       ] GC(54) - age   3:        136 bytes,      12936 total
[2020-02-28T02:59:52.444+0000][1][gc,age       ] GC(54) - age   4:        264 bytes,      13200 total
[2020-02-28T02:59:52.444+0000][1][gc,age       ] GC(54) - age   5:        808 bytes,      14008 total
[2020-02-28T02:59:52.444+0000][1][gc,age       ] GC(54) - age   6:        288 bytes,      14296 total
[2020-02-28T02:59:52.444+0000][1][gc,heap      ] GC(54) ParNew: 68218K->35K(76672K)
[2020-02-28T02:59:52.444+0000][1][gc,heap      ] GC(54) CMS: 62606K->62611K(963392K)
[2020-02-28T02:59:52.444+0000][1][gc,metaspace ] GC(54) Metaspace: 79575K->79575K(1122304K)
[2020-02-28T02:59:52.444+0000][1][gc           ] GC(54) Pause Young (Allocation Failure) 127M->61M(1015M) 10.086ms
[2020-02-28T02:59:52.444+0000][1][gc,cpu       ] GC(54) User=0.01s Sys=0.00s Real=0.01s
[2020-02-28T02:59:52.444+0000][1][safepoint    ] Safepoint "GenCollectForAllocation", Time since last: 839096268 ns, Reaching safepoint: 77074 ns, At safepoint: 10143256 ns, Total: 10220330 ns
[2020-02-28T02:59:54.110+0000][1][safepoint    ] Safepoint "RevokeBias", Time since last: 1666110804 ns, Reaching safepoint: 103684 ns, At safepoint: 24992 ns, Total: 128676 ns
[2020-02-28T02:59:56.619+0000][1][safepoint    ] Safepoint "RevokeBias", Time since last: 2508592793 ns, Reaching safepoint: 126757 ns, At safepoint: 21595 ns, Total: 148352 ns
[2020-02-28T02:59:59.130+0000][1][safepoint    ] Safepoint "RevokeBias", Time since last: 2511329508 ns, Reaching safepoint: 77147 ns, At safepoint: 18864 ns, Total: 96011 ns
[2020-02-28T03:00:01.643+0000][1][safepoint    ] Safepoint "RevokeBias", Time since last: 2512394404 ns, Reaching safepoint: 79451 ns, At safepoint: 19802 ns, Total: 99253 ns
[2020-02-28T03:00:04.159+0000][1][safepoint    ] Safepoint "RevokeBias", Time since last: 2516556511 ns, Reaching safepoint: 190967 ns, At safepoint: 29083 ns, Total: 220050 ns
[2020-02-28T03:00:06.678+0000][1][safepoint    ] Safepoint "RevokeBias", Time since last: 2518242927 ns, Reaching safepoint: 103232 ns, At safepoint: 20553 ns, Total: 123785 ns
[2020-02-28T03:00:09.194+0000][1][safepoint    ] Safepoint "RevokeBias", Time since last: 2516050615 ns, Reaching safepoint: 87795 ns, At safepoint: 20831 ns, Total: 108626 ns
[2020-02-28T03:00:11.714+0000][1][safepoint    ] Safepoint "RevokeBias", Time since last: 2520008316 ns, Reaching safepoint: 55664 ns, At safepoint: 16416 ns, Total: 72080 ns
[2020-02-28T03:00:12.715+0000][1][safepoint    ] Safepoint "Cleanup", Time since last: 1000364452 ns, Reaching safepoint: 95644 ns, At safepoint: 9234 ns, Total: 104878 ns
[2020-02-28T03:00:14.225+0000][1][safepoint    ] Safepoint "RevokeBias", Time since last: 1510388373 ns, Reaching safepoint: 80826 ns, At safepoint: 19423 ns, Total: 100249 ns
[2020-02-28T03:00:16.739+0000][1][safepoint    ] Safepoint "RevokeBias", Time since last: 2513414630 ns, Reaching safepoint: 73390 ns, At safepoint: 17340 ns, Total: 90730 ns
[2020-02-28T03:00:19.251+0000][1][safepoint    ] Safepoint "RevokeBias", Time since last: 2512229469 ns, Reaching safepoint: 76389 ns, At safepoint: 19175 ns, Total: 95564 ns
[2020-02-28T03:00:21.757+0000][1][safepoint    ] Safepoint "RevokeBias", Time since last: 2506103661 ns, Reaching safepoint: 76585 ns, At safepoint: 19219 ns, Total: 95804 ns
[2020-02-28T03:00:24.260+0000][1][safepoint    ] Safepoint "RevokeBias", Time since last: 2503258431 ns, Reaching safepoint: 83549 ns, At safepoint: 20975 ns, Total: 104524 ns
[2020-02-28T03:00:26.764+0000][1][safepoint    ] Safepoint "RevokeBias", Time since last: 2503007052 ns, Reaching safepoint: 85755 ns, At safepoint: 20565 ns, Total: 106320 ns
[2020-02-28T03:00:29.275+0000][1][safepoint    ] Safepoint "RevokeBias", Time since last: 2511192281 ns, Reaching safepoint: 77262 ns, At safepoint: 20895 ns, Total: 98157 ns
[2020-02-28T03:00:31.804+0000][1][safepoint    ] Safepoint "RevokeBias", Time since last: 2528998152 ns, Reaching safepoint: 127224 ns, At safepoint: 56071 ns, Total: 183295 ns
[2020-02-28T03:00:34.308+0000][1][safepoint    ] Safepoint "RevokeBias", Time since last: 2504219315 ns, Reaching safepoint: 86715 ns, At safepoint: 20105 ns, Total: 106820 ns
[2020-02-28T03:00:36.814+0000][1][safepoint    ] Safepoint "BulkRevokeBias", Time since last: 2504833833 ns, Reaching safepoint: 81770 ns, At safepoint: 342382 ns, Total: 424152 ns
[2020-02-28T03:00:39.319+0000][1][safepoint    ] Safepoint "RevokeBias", Time since last: 2505026283 ns, Reaching safepoint: 71501 ns, At safepoint: 18048 ns, Total: 89549 ns
[2020-02-28T03:00:41.826+0000][1][safepoint    ] Safepoint "RevokeBias", Time since last: 2506701291 ns, Reaching safepoint: 84867 ns, At safepoint: 21248 ns, Total: 106115 ns
[2020-02-28T03:00:44.328+0000][1][safepoint    ] Safepoint "RevokeBias", Time since last: 2502804699 ns, Reaching safepoint: 78201 ns, At safepoint: 20268 ns, Total: 98469 ns
[2020-02-28T03:00:46.839+0000][1][safepoint    ] Safepoint "RevokeBias", Time since last: 2510196012 ns, Reaching safepoint: 86412 ns, At safepoint: 22736 ns, Total: 109148 ns
[2020-02-28T03:00:49.344+0000][1][safepoint    ] Safepoint "RevokeBias", Time since last: 2504982369 ns, Reaching safepoint: 84402 ns, At safepoint: 21237 ns, Total: 105639 ns
[2020-02-28T03:00:51.852+0000][1][safepoint    ] Safepoint "RevokeBias", Time since last: 2507811257 ns, Reaching safepoint: 422107 ns, At safepoint: 22291 ns, Total: 444398 ns
[2020-02-28T03:00:52.927+0000][1][safepoint    ] Safepoint "Cleanup", Time since last: 1074597970 ns, Reaching safepoint: 94776 ns, At safepoint: 9366 ns, Total: 104142 ns
[2020-02-28T03:00:54.356+0000][1][safepoint    ] Safepoint "RevokeBias", Time since last: 1428623750 ns, Reaching safepoint: 113532 ns, At safepoint: 24370 ns, Total: 137902 ns
[2020-02-28T03:00:56.859+0000][1][safepoint    ] Safepoint "RevokeBias", Time since last: 2503769843 ns, Reaching safepoint: 73402 ns, At safepoint: 17564 ns, Total: 90966 ns
[2020-02-28T03:00:59.363+0000][1][safepoint    ] Safepoint "RevokeBias", Time since last: 2503700983 ns, Reaching safepoint: 72313 ns, At safepoint: 19045 ns, Total: 91358 ns
[2020-02-28T03:01:01.868+0000][1][safepoint    ] Safepoint "RevokeBias", Time since last: 2504968255 ns, Reaching safepoint: 78752 ns, At safepoint: 33841 ns, Total: 112593 ns
[2020-02-28T03:01:02.869+0000][1][safepoint    ] Safepoint "Cleanup", Time since last: 1000340300 ns, Reaching safepoint: 87029 ns, At safepoint: 10425 ns, Total: 97454 ns
[2020-02-28T03:01:04.376+0000][1][safepoint    ] Safepoint "RevokeBias", Time since last: 1507215380 ns, Reaching safepoint: 88673 ns, At safepoint: 21387 ns, Total: 110060 ns
[2020-02-28T03:01:06.884+0000][1][safepoint    ] Safepoint "RevokeBias", Time since last: 2507984383 ns, Reaching safepoint: 72320 ns, At safepoint: 31898 ns, Total: 104218 ns
[2020-02-28T03:01:09.390+0000][1][safepoint    ] Safepoint "RevokeBias", Time since last: 2505526967 ns, Reaching safepoint: 100747 ns, At safepoint: 27377 ns, Total: 128124 ns
[2020-02-28T03:01:11.898+0000][1][safepoint    ] Safepoint "RevokeBias", Time since last: 2507878700 ns, Reaching safepoint: 76453 ns, At safepoint: 18880 ns, Total: 95333 ns
[2020-02-28T03:01:14.403+0000][1][safepoint    ] Safepoint "RevokeBias", Time since last: 2505168822 ns, Reaching safepoint: 80620 ns, At safepoint: 19442 ns, Total: 100062 ns
[2020-02-28T03:01:16.909+0000][1][safepoint    ] Safepoint "RevokeBias", Time since last: 2505547633 ns, Reaching safepoint: 68460 ns, At safepoint: 19080 ns, Total: 87540 ns
[2020-02-28T03:01:19.413+0000][1][safepoint    ] Safepoint "RevokeBias", Time since last: 2504423971 ns, Reaching safepoint: 85249 ns, At safepoint: 20908 ns, Total: 106157 ns
[2020-02-28T03:01:21.417+0000][1][safepoint    ] Safepoint "Cleanup", Time since last: 2003445574 ns, Reaching safepoint: 96947 ns, At safepoint: 7627 ns, Total: 104574 ns
[2020-02-28T03:01:21.919+0000][1][safepoint    ] Safepoint "RevokeBias", Time since last: 502376909 ns, Reaching safepoint: 73997 ns, At safepoint: 18118 ns, Total: 92115 ns
[2020-02-28T03:01:24.424+0000][1][safepoint    ] Safepoint "RevokeBias", Time since last: 2504171769 ns, Reaching safepoint: 167045 ns, At safepoint: 40008 ns, Total: 207053 ns
[2020-02-28T03:01:26.926+0000][1][safepoint    ] Safepoint "RevokeBias", Time since last: 2502580059 ns, Reaching safepoint: 81589 ns, At safepoint: 19922 ns, Total: 101511 ns
[2020-02-28T03:01:29.430+0000][1][safepoint    ] Safepoint "RevokeBias", Time since last: 2504038597 ns, Reaching safepoint: 127659 ns, At safepoint: 19709 ns, Total: 147368 ns
[2020-02-28T03:01:31.937+0000][1][safepoint    ] Safepoint "RevokeBias", Time since last: 2506192371 ns, Reaching safepoint: 107288 ns, At safepoint: 19855 ns, Total: 127143 ns
[2020-02-28T03:01:34.442+0000][1][safepoint    ] Safepoint "RevokeBias", Time since last: 2504736785 ns, Reaching safepoint: 91323 ns, At safepoint: 21935 ns, Total: 113258 ns
[2020-02-28T03:01:36.945+0000][1][safepoint    ] Safepoint "RevokeBias", Time since last: 2503375977 ns, Reaching safepoint: 85773 ns, At safepoint: 21130 ns, Total: 106903 ns
[2020-02-28T03:01:39.449+0000][1][safepoint    ] Safepoint "RevokeBias", Time since last: 2504262842 ns, Reaching safepoint: 75877 ns, At safepoint: 37796 ns, Total: 113673 ns
[2020-02-28T03:01:41.955+0000][1][safepoint    ] Safepoint "RevokeBias", Time since last: 2505197877 ns, Reaching safepoint: 116050 ns, At safepoint: 25794 ns, Total: 141844 ns
[2020-02-28T03:01:44.460+0000][1][safepoint    ] Safepoint "RevokeBias", Time since last: 2505030066 ns, Reaching safepoint: 82622 ns, At safepoint: 20634 ns, Total: 103256 ns
[2020-02-28T03:01:46.964+0000][1][safepoint    ] Safepoint "RevokeBias", Time since last: 2503568778 ns, Reaching safepoint: 84951 ns, At safepoint: 21479 ns, Total: 106430 ns
[2020-02-28T03:01:49.467+0000][1][safepoint    ] Safepoint "BulkRevokeBias", Time since last: 2503403860 ns, Reaching safepoint: 84169 ns, At safepoint: 320593 ns, Total: 404762 ns
[2020-02-28T03:01:51.973+0000][1][safepoint    ] Safepoint "RevokeBias", Time since last: 2505627247 ns, Reaching safepoint: 109788 ns, At safepoint: 25153 ns, Total: 134941 ns
[2020-02-28T03:01:54.476+0000][1][safepoint    ] Safepoint "RevokeBias", Time since last: 2502927247 ns, Reaching safepoint: 74065 ns, At safepoint: 19575 ns, Total: 93640 ns
[2020-02-28T03:01:56.981+0000][1][safepoint    ] Safepoint "RevokeBias", Time since last: 2504407558 ns, Reaching safepoint: 76097 ns, At safepoint: 19135 ns, Total: 95232 ns
[2020-02-28T03:01:59.490+0000][1][safepoint    ] Safepoint "RevokeBias", Time since last: 2509135940 ns, Reaching safepoint: 74605 ns, At safepoint: 18607 ns, Total: 93212 ns
[2020-02-28T03:02:02.002+0000][1][safepoint    ] Safepoint "RevokeBias", Time since last: 2511559231 ns, Reaching safepoint: 72830 ns, At safepoint: 17657 ns, Total: 90487 ns
[2020-02-28T03:02:03.002+0000][1][safepoint    ] Safepoint "Cleanup", Time since last: 1000226376 ns, Reaching safepoint: 95274 ns, At safepoint: 10446 ns, Total: 105720 ns
[2020-02-28T03:02:04.520+0000][1][safepoint    ] Safepoint "RevokeBias", Time since last: 1517687641 ns, Reaching safepoint: 112707 ns, At safepoint: 25045 ns, Total: 137752 ns
[2020-02-28T03:02:07.029+0000][1][safepoint    ] Safepoint "RevokeBias", Time since last: 2509225711 ns, Reaching safepoint: 81716 ns, At safepoint: 18934 ns, Total: 100650 ns
[2020-02-28T03:02:09.538+0000][1][safepoint    ] Safepoint "RevokeBias", Time since last: 2509069987 ns, Reaching safepoint: 73698 ns, At safepoint: 17879 ns, Total: 91577 ns
[2020-02-28T03:02:12.022+0000][1][gc,start     ] GC(55) Pause Young (Allocation Failure)
[2020-02-28T03:02:12.022+0000][1][gc,task      ] GC(55) Using 1 workers of 1 for evacuation
[2020-02-28T03:02:12.034+0000][1][gc,age       ] GC(55) Desired survivor size 4358144 bytes, new threshold 6 (max threshold 6)
[2020-02-28T03:02:12.034+0000][1][gc,age       ] GC(55) Age table with threshold 6 (max threshold 6)
[2020-02-28T03:02:12.034+0000][1][gc,age       ] GC(55) - age   1:      12416 bytes,      12416 total
[2020-02-28T03:02:12.034+0000][1][gc,age       ] GC(55) - age   2:        160 bytes,      12576 total
[2020-02-28T03:02:12.034+0000][1][gc,age       ] GC(55) - age   3:       1768 bytes,      14344 total
[2020-02-28T03:02:12.034+0000][1][gc,age       ] GC(55) - age   4:        136 bytes,      14480 total
[2020-02-28T03:02:12.034+0000][1][gc,age       ] GC(55) - age   5:         32 bytes,      14512 total
[2020-02-28T03:02:12.034+0000][1][gc,age       ] GC(55) - age   6:        808 bytes,      15320 total
[2020-02-28T03:02:12.034+0000][1][gc,heap      ] GC(55) ParNew: 68195K->24K(76672K)
[2020-02-28T03:02:12.034+0000][1][gc,heap      ] GC(55) CMS: 62611K->62611K(963392K)
[2020-02-28T03:02:12.034+0000][1][gc,metaspace ] GC(55) Metaspace: 79590K->79590K(1122304K)
[2020-02-28T03:02:12.034+0000][1][gc           ] GC(55) Pause Young (Allocation Failure) 127M->61M(1015M) 11.762ms
[2020-02-28T03:02:12.034+0000][1][gc,cpu       ] GC(55) User=0.01s Sys=0.00s Real=0.01s
[2020-02-28T03:02:12.034+0000][1][safepoint    ] Safepoint "GenCollectForAllocation", Time since last: 2484051347 ns, Reaching safepoint: 82797 ns, At safepoint: 11832904 ns, Total: 11915701 ns
[2020-02-28T03:02:12.054+0000][1][safepoint    ] Safepoint "RevokeBias", Time since last: 19803386 ns, Reaching safepoint: 74680 ns, At safepoint: 18340 ns, Total: 93020 ns
[2020-02-28T03:02:14.573+0000][1][safepoint    ] Safepoint "RevokeBias", Time since last: 2518573440 ns, Reaching safepoint: 73966 ns, At safepoint: 19908 ns, Total: 93874 ns
[2020-02-28T03:02:17.087+0000][1][safepoint    ] Safepoint "RevokeBias", Time since last: 2514473634 ns, Reaching safepoint: 93922 ns, At safepoint: 18199 ns, Total: 112121 ns
[2020-02-28T03:02:19.606+0000][1][safepoint    ] Safepoint "RevokeBias", Time since last: 2518759400 ns, Reaching safepoint: 72234 ns, At safepoint: 18224 ns, Total: 90458 ns
[2020-02-28T03:02:22.114+0000][1][safepoint    ] Safepoint "RevokeBias", Time since last: 2508186862 ns, Reaching safepoint: 73280 ns, At safepoint: 18883 ns, Total: 92163 ns
[2020-02-28T03:02:24.624+0000][1][safepoint    ] Safepoint "RevokeBias", Time since last: 2509363422 ns, Reaching safepoint: 55758 ns, At safepoint: 18322 ns, Total: 74080 ns
[2020-02-28T03:02:27.134+0000][1][safepoint    ] Safepoint "RevokeBias", Time since last: 2510174340 ns, Reaching safepoint: 72325 ns, At safepoint: 20244 ns, Total: 92569 ns
[2020-02-28T03:02:29.649+0000][1][safepoint    ] Safepoint "RevokeBias", Time since last: 2515176282 ns, Reaching safepoint: 71393 ns, At safepoint: 18012 ns, Total: 89405 ns
[2020-02-28T03:02:32.166+0000][1][safepoint    ] Safepoint "RevokeBias", Time since last: 2515956950 ns, Reaching safepoint: 85147 ns, At safepoint: 21155 ns, Total: 106302 ns
[2020-02-28T03:02:34.669+0000][1][safepoint    ] Safepoint "RevokeBias", Time since last: 2502904541 ns, Reaching safepoint: 101153 ns, At safepoint: 24504 ns, Total: 125657 ns
[2020-02-28T03:02:37.171+0000][1][safepoint    ] Safepoint "RevokeBias", Time since last: 2502212222 ns, Reaching safepoint: 85968 ns, At safepoint: 21005 ns, Total: 106973 ns
[2020-02-28T03:02:39.679+0000][1][safepoint    ] Safepoint "RevokeBias", Time since last: 2507680102 ns, Reaching safepoint: 90134 ns, At safepoint: 24638 ns, Total: 114772 ns
[2020-02-28T03:02:42.184+0000][1][safepoint    ] Safepoint "RevokeBias", Time since last: 2505080986 ns, Reaching safepoint: 83501 ns, At safepoint: 20789 ns, Total: 104290 ns
[2020-02-28T03:02:43.185+0000][1][safepoint    ] Safepoint "Cleanup", Time since last: 1000595646 ns, Reaching safepoint: 79026 ns, At safepoint: 6491 ns, Total: 85517 ns
[2020-02-28T03:02:44.688+0000][1][safepoint    ] Safepoint "RevokeBias", Time since last: 1503225069 ns, Reaching safepoint: 94911 ns, At safepoint: 22656 ns, Total: 117567 ns
[2020-02-28T03:02:47.192+0000][1][safepoint    ] Safepoint "RevokeBias", Time since last: 2503992844 ns, Reaching safepoint: 95397 ns, At safepoint: 20045 ns, Total: 115442 ns
[2020-02-28T03:02:49.697+0000][1][safepoint    ] Safepoint "RevokeBias", Time since last: 2504703042 ns, Reaching safepoint: 82391 ns, At safepoint: 20487 ns, Total: 102878 ns
[2020-02-28T03:02:52.202+0000][1][safepoint    ] Safepoint "RevokeBias", Time since last: 2505056497 ns, Reaching safepoint: 114782 ns, At safepoint: 22275 ns, Total: 137057 ns
[2020-02-28T03:02:54.706+0000][1][safepoint    ] Safepoint "RevokeBias", Time since last: 2504148176 ns, Reaching safepoint: 88031 ns, At safepoint: 23719 ns, Total: 111750 ns
[2020-02-28T03:02:57.209+0000][1][safepoint    ] Safepoint "RevokeBias", Time since last: 2502884168 ns, Reaching safepoint: 83114 ns, At safepoint: 20286 ns, Total: 103400 ns
[2020-02-28T03:02:59.714+0000][1][safepoint    ] Safepoint "RevokeBias", Time since last: 2504275598 ns, Reaching safepoint: 86043 ns, At safepoint: 20166 ns, Total: 106209 ns
[2020-02-28T03:03:02.221+0000][1][safepoint    ] Safepoint "BulkRevokeBias", Time since last: 2506674564 ns, Reaching safepoint: 77683 ns, At safepoint: 260338 ns, Total: 338021 ns
[2020-02-28T03:03:04.725+0000][1][safepoint    ] Safepoint "RevokeBias", Time since last: 2504166829 ns, Reaching safepoint: 75444 ns, At safepoint: 18627 ns, Total: 94071 ns
[2020-02-28T03:03:05.725+0000][1][safepoint    ] Safepoint "Cleanup", Time since last: 1000465353 ns, Reaching safepoint: 83207 ns, At safepoint: 6940 ns, Total: 90147 ns
[2020-02-28T03:03:07.229+0000][1][safepoint    ] Safepoint "RevokeBias", Time since last: 1502989625 ns, Reaching safepoint: 76609 ns, At safepoint: 18770 ns, Total: 95379 ns
[2020-02-28T03:03:09.732+0000][1][safepoint    ] Safepoint "RevokeBias", Time since last: 2502941440 ns, Reaching safepoint: 88421 ns, At safepoint: 18920 ns, Total: 107341 ns
[2020-02-28T03:03:12.238+0000][1][safepoint    ] Safepoint "RevokeBias", Time since last: 2506681272 ns, Reaching safepoint: 82715 ns, At safepoint: 20503 ns, Total: 103218 ns
[2020-02-28T03:03:13.241+0000][1][safepoint    ] Safepoint "Cleanup", Time since last: 1002115658 ns, Reaching safepoint: 78562 ns, At safepoint: 6002 ns, Total: 84564 ns
[2020-02-28T03:03:14.742+0000][1][safepoint    ] Safepoint "RevokeBias", Time since last: 1501628871 ns, Reaching safepoint: 105464 ns, At safepoint: 25914 ns, Total: 131378 ns
[2020-02-28T03:03:17.246+0000][1][safepoint    ] Safepoint "RevokeBias", Time since last: 2503607812 ns, Reaching safepoint: 84947 ns, At safepoint: 20407 ns, Total: 105354 ns
[2020-02-28T03:03:19.750+0000][1][safepoint    ] Safepoint "RevokeBias", Time since last: 2503575092 ns, Reaching safepoint: 77780 ns, At safepoint: 18872 ns, Total: 96652 ns
[2020-02-28T03:03:22.256+0000][1][safepoint    ] Safepoint "RevokeBias", Time since last: 2506269771 ns, Reaching safepoint: 101806 ns, At safepoint: 19660 ns, Total: 121466 ns
[2020-02-28T03:03:24.760+0000][1][safepoint    ] Safepoint "RevokeBias", Time since last: 2503830303 ns, Reaching safepoint: 83236 ns, At safepoint: 20513 ns, Total: 103749 ns
[2020-02-28T03:03:27.263+0000][1][safepoint    ] Safepoint "RevokeBias", Time since last: 2502788126 ns, Reaching safepoint: 76216 ns, At safepoint: 18815 ns, Total: 95031 ns
[2020-02-28T03:03:29.767+0000][1][safepoint    ] Safepoint "RevokeBias", Time since last: 2504164464 ns, Reaching safepoint: 72722 ns, At safepoint: 17899 ns, Total: 90621 ns
[2020-02-28T03:03:32.273+0000][1][safepoint    ] Safepoint "RevokeBias", Time since last: 2505326539 ns, Reaching safepoint: 84356 ns, At safepoint: 21486 ns, Total: 105842 ns
[2020-02-28T03:03:34.776+0000][1][safepoint    ] Safepoint "RevokeBias", Time since last: 2503432163 ns, Reaching safepoint: 97318 ns, At safepoint: 24206 ns, Total: 121524 ns
[2020-02-28T03:03:37.280+0000][1][safepoint    ] Safepoint "RevokeBias", Time since last: 2503925447 ns, Reaching safepoint: 106600 ns, At safepoint: 18762 ns, Total: 125362 ns
[2020-02-28T03:03:39.784+0000][1][safepoint    ] Safepoint "RevokeBias", Time since last: 2503737785 ns, Reaching safepoint: 83884 ns, At safepoint: 20789 ns, Total: 104673 ns
[2020-02-28T03:03:42.294+0000][1][safepoint    ] Safepoint "RevokeBias", Time since last: 2510108057 ns, Reaching safepoint: 83323 ns, At safepoint: 29317 ns, Total: 112640 ns
[2020-02-28T03:03:44.809+0000][1][safepoint    ] Safepoint "RevokeBias", Time since last: 2514431530 ns, Reaching safepoint: 88878 ns, At safepoint: 19541 ns, Total: 108419 ns
[2020-02-28T03:03:47.315+0000][1][safepoint    ] Safepoint "RevokeBias", Time since last: 2505746334 ns, Reaching safepoint: 79366 ns, At safepoint: 19532 ns, Total: 98898 ns
[2020-02-28T03:03:49.820+0000][1][safepoint    ] Safepoint "RevokeBias", Time since last: 2505596934 ns, Reaching safepoint: 73619 ns, At safepoint: 19537 ns, Total: 93156 ns
[2020-02-28T03:03:52.326+0000][1][safepoint    ] Safepoint "RevokeBias", Time since last: 2505432379 ns, Reaching safepoint: 94250 ns, At safepoint: 19440 ns, Total: 113690 ns
[2020-02-28T03:03:54.830+0000][1][safepoint    ] Safepoint "RevokeBias", Time since last: 2503638826 ns, Reaching safepoint: 73541 ns, At safepoint: 18437 ns, Total: 91978 ns
[2020-02-28T03:03:57.347+0000][1][safepoint    ] Safepoint "RevokeBias", Time since last: 2507515173 ns, Reaching safepoint: 10084159 ns, At safepoint: 30027 ns, Total: 10114186 ns
[2020-02-28T03:03:59.844+0000][1][safepoint    ] Safepoint "RevokeBias", Time since last: 2496756915 ns, Reaching safepoint: 92357 ns, At safepoint: 18634 ns, Total: 110991 ns
[2020-02-28T03:04:02.361+0000][1][safepoint    ] Safepoint "RevokeBias", Time since last: 2517205588 ns, Reaching safepoint: 59363 ns, At safepoint: 19286 ns, Total: 78649 ns
[2020-02-28T03:04:04.873+0000][1][safepoint    ] Safepoint "RevokeBias", Time since last: 2511759830 ns, Reaching safepoint: 74636 ns, At safepoint: 19683 ns, Total: 94319 ns
[2020-02-28T03:04:05.874+0000][1][safepoint    ] Safepoint "Cleanup", Time since last: 1000352930 ns, Reaching safepoint: 87983 ns, At safepoint: 7612 ns, Total: 95595 ns
[2020-02-28T03:04:07.379+0000][1][safepoint    ] Safepoint "RevokeBias", Time since last: 1505151007 ns, Reaching safepoint: 72237 ns, At safepoint: 17714 ns, Total: 89951 ns
[2020-02-28T03:04:09.885+0000][1][safepoint    ] Safepoint "RevokeBias", Time since last: 2505796573 ns, Reaching safepoint: 55417 ns, At safepoint: 16994 ns, Total: 72411 ns
[2020-02-28T03:04:12.391+0000][1][safepoint    ] Safepoint "RevokeBias", Time since last: 2506334272 ns, Reaching safepoint: 108827 ns, At safepoint: 36484 ns, Total: 145311 ns
[2020-02-28T03:04:13.401+0000][1][safepoint    ] Safepoint "Cleanup", Time since last: 1009843474 ns, Reaching safepoint: 112749 ns, At safepoint: 7730 ns, Total: 120479 ns
[2020-02-28T03:04:14.902+0000][1][safepoint    ] Safepoint "BulkRevokeBias", Time since last: 1500485544 ns, Reaching safepoint: 84256 ns, At safepoint: 241948 ns, Total: 326204 ns
[2020-02-28T03:04:17.406+0000][1][safepoint    ] Safepoint "RevokeBias", Time since last: 2503669134 ns, Reaching safepoint: 72576 ns, At safepoint: 18315 ns, Total: 90891 ns
[2020-02-28T03:04:19.910+0000][1][safepoint    ] Safepoint "RevokeBias", Time since last: 2504048320 ns, Reaching safepoint: 87385 ns, At safepoint: 21642 ns, Total: 109027 ns
[2020-02-28T03:04:22.416+0000][1][safepoint    ] Safepoint "RevokeBias", Time since last: 2506159566 ns, Reaching safepoint: 73434 ns, At safepoint: 18095 ns, Total: 91529 ns
[2020-02-28T03:04:24.920+0000][1][safepoint    ] Safepoint "RevokeBias", Time since last: 2503900313 ns, Reaching safepoint: 73734 ns, At safepoint: 17418 ns, Total: 91152 ns
[2020-02-28T03:04:27.425+0000][1][safepoint    ] Safepoint "RevokeBias", Time since last: 2504562146 ns, Reaching safepoint: 76537 ns, At safepoint: 18139 ns, Total: 94676 ns
[2020-02-28T03:04:29.929+0000][1][safepoint    ] Safepoint "RevokeBias", Time since last: 2503965388 ns, Reaching safepoint: 86896 ns, At safepoint: 20804 ns, Total: 107700 ns
[2020-02-28T03:04:32.178+0000][1][gc,start     ] GC(56) Pause Young (Allocation Failure)
[2020-02-28T03:04:32.178+0000][1][gc,task      ] GC(56) Using 1 workers of 1 for evacuation
[2020-02-28T03:04:32.188+0000][1][gc,age       ] GC(56) Desired survivor size 4358144 bytes, new threshold 6 (max threshold 6)
[2020-02-28T03:04:32.188+0000][1][gc,age       ] GC(56) Age table with threshold 6 (max threshold 6)
[2020-02-28T03:04:32.188+0000][1][gc,age       ] GC(56) - age   1:      23168 bytes,      23168 total
[2020-02-28T03:04:32.188+0000][1][gc,age       ] GC(56) - age   2:        384 bytes,      23552 total
[2020-02-28T03:04:32.188+0000][1][gc,age       ] GC(56) - age   3:        160 bytes,      23712 total
[2020-02-28T03:04:32.188+0000][1][gc,age       ] GC(56) - age   4:       1768 bytes,      25480 total
[2020-02-28T03:04:32.188+0000][1][gc,age       ] GC(56) - age   5:        136 bytes,      25616 total
[2020-02-28T03:04:32.188+0000][1][gc,age       ] GC(56) - age   6:         32 bytes,      25648 total
[2020-02-28T03:04:32.188+0000][1][gc,heap      ] GC(56) ParNew: 68184K->28K(76672K)
[2020-02-28T03:04:32.188+0000][1][gc,heap      ] GC(56) CMS: 62611K->62612K(963392K)
[2020-02-28T03:04:32.188+0000][1][gc,metaspace ] GC(56) Metaspace: 79624K->79624K(1122304K)
[2020-02-28T03:04:32.189+0000][1][gc           ] GC(56) Pause Young (Allocation Failure) 127M->61M(1015M) 10.443ms
[2020-02-28T03:04:32.189+0000][1][gc,cpu       ] GC(56) User=0.01s Sys=0.00s Real=0.01s
[2020-02-28T03:04:32.189+0000][1][safepoint    ] Safepoint "GenCollectForAllocation", Time since last: 2249039475 ns, Reaching safepoint: 73044 ns, At safepoint: 10499164 ns, Total: 10572208 ns
[2020-02-28T03:04:32.441+0000][1][safepoint    ] Safepoint "RevokeBias", Time since last: 252325927 ns, Reaching safepoint: 76534 ns, At safepoint: 18815 ns, Total: 95349 ns
[2020-02-28T03:04:33.441+0000][1][safepoint    ] Safepoint "Cleanup", Time since last: 1000131205 ns, Reaching safepoint: 83387 ns, At safepoint: 7077 ns, Total: 90464 ns
[2020-02-28T03:04:34.952+0000][1][safepoint    ] Safepoint "RevokeBias", Time since last: 1510605395 ns, Reaching safepoint: 77977 ns, At safepoint: 19553 ns, Total: 97530 ns
[2020-02-28T03:04:37.457+0000][1][safepoint    ] Safepoint "RevokeBias", Time since last: 2505202541 ns, Reaching safepoint: 81918 ns, At safepoint: 48485 ns, Total: 130403 ns
[2020-02-28T03:04:39.964+0000][1][safepoint    ] Safepoint "RevokeBias", Time since last: 2506563828 ns, Reaching safepoint: 76604 ns, At safepoint: 18643 ns, Total: 95247 ns
[2020-02-28T03:04:42.481+0000][1][safepoint    ] Safepoint "RevokeBias", Time since last: 2516812195 ns, Reaching safepoint: 52352 ns, At safepoint: 16412 ns, Total: 68764 ns
[2020-02-28T03:04:43.481+0000][1][safepoint    ] Safepoint "Cleanup", Time since last: 1000417983 ns, Reaching safepoint: 91835 ns, At safepoint: 9421 ns, Total: 101256 ns
[2020-02-28T03:04:44.991+0000][1][safepoint    ] Safepoint "RevokeBias", Time since last: 1509307457 ns, Reaching safepoint: 93486 ns, At safepoint: 22573 ns, Total: 116059 ns
[2020-02-28T03:04:47.499+0000][1][safepoint    ] Safepoint "RevokeBias", Time since last: 2508271617 ns, Reaching safepoint: 71779 ns, At safepoint: 17164 ns, Total: 88943 ns
[2020-02-28T03:04:50.008+0000][1][safepoint    ] Safepoint "RevokeBias", Time since last: 2508882507 ns, Reaching safepoint: 86875 ns, At safepoint: 21325 ns, Total: 108200 ns
[2020-02-28T03:04:52.523+0000][1][safepoint    ] Safepoint "RevokeBias", Time since last: 2514416665 ns, Reaching safepoint: 68573 ns, At safepoint: 17256 ns, Total: 85829 ns
[2020-02-28T03:04:55.031+0000][1][safepoint    ] Safepoint "RevokeBias", Time since last: 2508486902 ns, Reaching safepoint: 103971 ns, At safepoint: 24744 ns, Total: 128715 ns
[2020-02-28T03:04:57.545+0000][1][safepoint    ] Safepoint "RevokeBias", Time since last: 2513565459 ns, Reaching safepoint: 75225 ns, At safepoint: 38414 ns, Total: 113639 ns
[2020-02-28T03:05:00.058+0000][1][safepoint    ] Safepoint "RevokeBias", Time since last: 2513283198 ns, Reaching safepoint: 85180 ns, At safepoint: 21463 ns, Total: 106643 ns
[2020-02-28T03:05:02.576+0000][1][safepoint    ] Safepoint "RevokeBias", Time since last: 2517350585 ns, Reaching safepoint: 74406 ns, At safepoint: 17979 ns, Total: 92385 ns
[2020-02-28T03:05:05.084+0000][1][safepoint    ] Safepoint "RevokeBias", Time since last: 2508445879 ns, Reaching safepoint: 87252 ns, At safepoint: 22323 ns, Total: 109575 ns
[2020-02-28T03:05:07.603+0000][1][safepoint    ] Safepoint "RevokeBias", Time since last: 2518696722 ns, Reaching safepoint: 55185 ns, At safepoint: 36918 ns, Total: 92103 ns
[2020-02-28T03:05:10.113+0000][1][safepoint    ] Safepoint "RevokeBias", Time since last: 2509532938 ns, Reaching safepoint: 85589 ns, At safepoint: 63057 ns, Total: 148646 ns
[2020-02-28T03:05:12.618+0000][1][safepoint    ] Safepoint "RevokeBias", Time since last: 2505491426 ns, Reaching safepoint: 82862 ns, At safepoint: 20840 ns, Total: 103702 ns
[2020-02-28T03:05:15.124+0000][1][safepoint    ] Safepoint "RevokeBias", Time since last: 2505231482 ns, Reaching safepoint: 78032 ns, At safepoint: 18973 ns, Total: 97005 ns
[2020-02-28T03:05:17.626+0000][1][safepoint    ] Safepoint "RevokeBias", Time since last: 2502653683 ns, Reaching safepoint: 83981 ns, At safepoint: 55309 ns, Total: 139290 ns
[2020-02-28T03:05:20.130+0000][1][safepoint    ] Safepoint "RevokeBias", Time since last: 2503723327 ns, Reaching safepoint: 72847 ns, At safepoint: 18059 ns, Total: 90906 ns
[2020-02-28T03:05:22.635+0000][1][safepoint    ] Safepoint "RevokeBias", Time since last: 2504630210 ns, Reaching safepoint: 102165 ns, At safepoint: 20224 ns, Total: 122389 ns
[2020-02-28T03:05:23.635+0000][1][safepoint    ] Safepoint "Cleanup", Time since last: 1000243225 ns, Reaching safepoint: 103431 ns, At safepoint: 10155 ns, Total: 113586 ns
[2020-02-28T03:05:25.139+0000][1][safepoint    ] Safepoint "RevokeBias", Time since last: 1503045525 ns, Reaching safepoint: 104116 ns, At safepoint: 66698 ns, Total: 170814 ns
[2020-02-28T03:05:27.642+0000][1][safepoint    ] Safepoint "BulkRevokeBias", Time since last: 2502580689 ns, Reaching safepoint: 95723 ns, At safepoint: 251750 ns, Total: 347473 ns
[2020-02-28T03:05:30.146+0000][1][safepoint    ] Safepoint "RevokeBias", Time since last: 2504641718 ns, Reaching safepoint: 83855 ns, At safepoint: 21308 ns, Total: 105163 ns
[2020-02-28T03:05:32.652+0000][1][safepoint    ] Safepoint "RevokeBias", Time since last: 2505420505 ns, Reaching safepoint: 83916 ns, At safepoint: 57064 ns, Total: 140980 ns
[2020-02-28T03:05:35.156+0000][1][safepoint    ] Safepoint "RevokeBias", Time since last: 2504202104 ns, Reaching safepoint: 144770 ns, At safepoint: 20456 ns, Total: 165226 ns
[2020-02-28T03:05:37.662+0000][1][safepoint    ] Safepoint "RevokeBias", Time since last: 2505601022 ns, Reaching safepoint: 89968 ns, At safepoint: 58519 ns, Total: 148487 ns
[2020-02-28T03:05:40.167+0000][1][safepoint    ] Safepoint "RevokeBias", Time since last: 2504829505 ns, Reaching safepoint: 85873 ns, At safepoint: 22184 ns, Total: 108057 ns
[2020-02-28T03:05:42.682+0000][1][safepoint    ] Safepoint "RevokeBias", Time since last: 2514758020 ns, Reaching safepoint: 107990 ns, At safepoint: 19990 ns, Total: 127980 ns
[2020-02-28T03:05:45.186+0000][1][safepoint    ] Safepoint "RevokeBias", Time since last: 2504614980 ns, Reaching safepoint: 73263 ns, At safepoint: 18411 ns, Total: 91674 ns
[2020-02-28T03:05:47.690+0000][1][safepoint    ] Safepoint "RevokeBias", Time since last: 2503793162 ns, Reaching safepoint: 124144 ns, At safepoint: 43337 ns, Total: 167481 ns
[2020-02-28T03:05:50.197+0000][1][safepoint    ] Safepoint "RevokeBias", Time since last: 2506043299 ns, Reaching safepoint: 85164 ns, At safepoint: 21655 ns, Total: 106819 ns
[2020-02-28T03:05:52.701+0000][1][safepoint    ] Safepoint "RevokeBias", Time since last: 2504612481 ns, Reaching safepoint: 73223 ns, At safepoint: 18083 ns, Total: 91306 ns
[2020-02-28T03:05:55.205+0000][1][safepoint    ] Safepoint "RevokeBias", Time since last: 2503722803 ns, Reaching safepoint: 102108 ns, At safepoint: 23771 ns, Total: 125879 ns
[2020-02-28T03:05:57.709+0000][1][safepoint    ] Safepoint "RevokeBias", Time since last: 2503327364 ns, Reaching safepoint: 74080 ns, At safepoint: 18337 ns, Total: 92417 ns
[2020-02-28T03:06:00.214+0000][1][safepoint    ] Safepoint "RevokeBias", Time since last: 2504974417 ns, Reaching safepoint: 72286 ns, At safepoint: 100330 ns, Total: 172616 ns
[2020-02-28T03:06:02.720+0000][1][safepoint    ] Safepoint "RevokeBias", Time since last: 2506673151 ns, Reaching safepoint: 90343 ns, At safepoint: 21296 ns, Total: 111639 ns
[2020-02-28T03:06:05.226+0000][1][safepoint    ] Safepoint "RevokeBias", Time since last: 2505855079 ns, Reaching safepoint: 85661 ns, At safepoint: 21675 ns, Total: 107336 ns
[2020-02-28T03:06:07.730+0000][1][safepoint    ] Safepoint "RevokeBias", Time since last: 2503129191 ns, Reaching safepoint: 92618 ns, At safepoint: 19010 ns, Total: 111628 ns
[2020-02-28T03:06:10.234+0000][1][safepoint    ] Safepoint "RevokeBias", Time since last: 2504097905 ns, Reaching safepoint: 126834 ns, At safepoint: 24315 ns, Total: 151149 ns
[2020-02-28T03:06:12.740+0000][1][safepoint    ] Safepoint "RevokeBias", Time since last: 2506460648 ns, Reaching safepoint: 72878 ns, At safepoint: 18303 ns, Total: 91181 ns
[2020-02-28T03:06:15.245+0000][1][safepoint    ] Safepoint "RevokeBias", Time since last: 2504502615 ns, Reaching safepoint: 111357 ns, At safepoint: 54333 ns, Total: 165690 ns
[2020-02-28T03:06:17.748+0000][1][safepoint    ] Safepoint "RevokeBias", Time since last: 2503033848 ns, Reaching safepoint: 75603 ns, At safepoint: 19092 ns, Total: 94695 ns
[2020-02-28T03:06:20.252+0000][1][safepoint    ] Safepoint "RevokeBias", Time since last: 2503563798 ns, Reaching safepoint: 85653 ns, At safepoint: 21557 ns, Total: 107210 ns
[2020-02-28T03:06:22.760+0000][1][safepoint    ] Safepoint "RevokeBias", Time since last: 2507661918 ns, Reaching safepoint: 85347 ns, At safepoint: 18775 ns, Total: 104122 ns
[2020-02-28T03:06:25.265+0000][1][safepoint    ] Safepoint "RevokeBias", Time since last: 2504994556 ns, Reaching safepoint: 92882 ns, At safepoint: 21416 ns, Total: 114298 ns
[2020-02-28T03:06:27.769+0000][1][safepoint    ] Safepoint "RevokeBias", Time since last: 2504493936 ns, Reaching safepoint: 84442 ns, At safepoint: 20234 ns, Total: 104676 ns
[2020-02-28T03:06:30.274+0000][1][safepoint    ] Safepoint "RevokeBias", Time since last: 2504064012 ns, Reaching safepoint: 77834 ns, At safepoint: 19128 ns, Total: 96962 ns
[2020-02-28T03:06:32.781+0000][1][safepoint    ] Safepoint "RevokeBias", Time since last: 2507360772 ns, Reaching safepoint: 91214 ns, At safepoint: 20067 ns, Total: 111281 ns
[2020-02-28T03:06:35.291+0000][1][safepoint    ] Safepoint "RevokeBias", Time since last: 2509844010 ns, Reaching safepoint: 71821 ns, At safepoint: 17435 ns, Total: 89256 ns
[2020-02-28T03:06:37.803+0000][1][safepoint    ] Safepoint "RevokeBias", Time since last: 2512300023 ns, Reaching safepoint: 103874 ns, At safepoint: 28782 ns, Total: 132656 ns
[2020-02-28T03:06:40.309+0000][1][safepoint    ] Safepoint "BulkRevokeBias", Time since last: 2505150313 ns, Reaching safepoint: 107583 ns, At safepoint: 338898 ns, Total: 446481 ns
[2020-02-28T03:06:42.816+0000][1][safepoint    ] Safepoint "RevokeBias", Time since last: 2506454940 ns, Reaching safepoint: 109615 ns, At safepoint: 29725 ns, Total: 139340 ns
[2020-02-28T03:06:45.320+0000][1][safepoint    ] Safepoint "RevokeBias", Time since last: 2504235295 ns, Reaching safepoint: 77797 ns, At safepoint: 18514 ns, Total: 96311 ns
[2020-02-28T03:06:47.824+0000][1][safepoint    ] Safepoint "RevokeBias", Time since last: 2503894995 ns, Reaching safepoint: 75011 ns, At safepoint: 50205 ns, Total: 125216 ns
[2020-02-28T03:06:50.328+0000][1][safepoint    ] Safepoint "RevokeBias", Time since last: 2503531888 ns, Reaching safepoint: 73061 ns, At safepoint: 17925 ns, Total: 90986 ns
[2020-02-28T03:06:52.228+0000][1][gc,start     ] GC(57) Pause Young (Allocation Failure)
[2020-02-28T03:06:52.228+0000][1][gc,task      ] GC(57) Using 1 workers of 1 for evacuation
[2020-02-28T03:06:52.250+0000][1][gc,age       ] GC(57) Desired survivor size 4358144 bytes, new threshold 6 (max threshold 6)
[2020-02-28T03:06:52.250+0000][1][gc,age       ] GC(57) Age table with threshold 6 (max threshold 6)
[2020-02-28T03:06:52.250+0000][1][gc,age       ] GC(57) - age   1:      29112 bytes,      29112 total
[2020-02-28T03:06:52.250+0000][1][gc,age       ] GC(57) - age   2:      12448 bytes,      41560 total
[2020-02-28T03:06:52.250+0000][1][gc,age       ] GC(57) - age   3:        264 bytes,      41824 total
[2020-02-28T03:06:52.250+0000][1][gc,age       ] GC(57) - age   4:        160 bytes,      41984 total
[2020-02-28T03:06:52.250+0000][1][gc,age       ] GC(57) - age   5:       1768 bytes,      43752 total
[2020-02-28T03:06:52.250+0000][1][gc,age       ] GC(57) - age   6:        136 bytes,      43888 total
[2020-02-28T03:06:52.250+0000][1][gc,heap      ] GC(57) ParNew: 68188K->44K(76672K)
[2020-02-28T03:06:52.250+0000][1][gc,heap      ] GC(57) CMS: 62612K->62612K(963392K)
[2020-02-28T03:06:52.250+0000][1][gc,metaspace ] GC(57) Metaspace: 79699K->79699K(1122304K)
[2020-02-28T03:06:52.250+0000][1][gc           ] GC(57) Pause Young (Allocation Failure) 127M->61M(1015M) 22.399ms
[2020-02-28T03:06:52.250+0000][1][gc,cpu       ] GC(57) User=0.02s Sys=0.00s Real=0.02s
[2020-02-28T03:06:52.250+0000][1][safepoint    ] Safepoint "GenCollectForAllocation", Time since last: 1900124551 ns, Reaching safepoint: 95677 ns, At safepoint: 22457278 ns, Total: 22552955 ns
[2020-02-28T03:06:52.833+0000][1][safepoint    ] Safepoint "RevokeBias", Time since last: 582294618 ns, Reaching safepoint: 76632 ns, At safepoint: 18628 ns, Total: 95260 ns
[2020-02-28T03:06:55.338+0000][1][safepoint    ] Safepoint "RevokeBias", Time since last: 2504995486 ns, Reaching safepoint: 102426 ns, At safepoint: 40649 ns, Total: 143075 ns
[2020-02-28T03:06:57.841+0000][1][safepoint    ] Safepoint "RevokeBias", Time since last: 2502856191 ns, Reaching safepoint: 204446 ns, At safepoint: 36637 ns, Total: 241083 ns
[2020-02-28T03:07:00.346+0000][1][safepoint    ] Safepoint "RevokeBias", Time since last: 2504731519 ns, Reaching safepoint: 114707 ns, At safepoint: 22306 ns, Total: 137013 ns
[2020-02-28T03:07:02.852+0000][1][safepoint    ] Safepoint "RevokeBias", Time since last: 2506270774 ns, Reaching safepoint: 207626 ns, At safepoint: 48581 ns, Total: 256207 ns
[2020-02-28T03:07:05.390+0000][1][safepoint    ] Safepoint "RevokeBias", Time since last: 2537813450 ns, Reaching safepoint: 106477 ns, At safepoint: 21645 ns, Total: 128122 ns
[2020-02-28T03:07:07.897+0000][1][safepoint    ] Safepoint "RevokeBias", Time since last: 2507110129 ns, Reaching safepoint: 82864 ns, At safepoint: 20190 ns, Total: 103054 ns
[2020-02-28T03:07:10.401+0000][1][safepoint    ] Safepoint "RevokeBias", Time since last: 2503915364 ns, Reaching safepoint: 88974 ns, At safepoint: 22121 ns, Total: 111095 ns
[2020-02-28T03:07:12.404+0000][1][safepoint    ] Safepoint "Cleanup", Time since last: 2002334906 ns, Reaching safepoint: 84147 ns, At safepoint: 7618 ns, Total: 91765 ns
[2020-02-28T03:07:12.907+0000][1][safepoint    ] Safepoint "RevokeBias", Time since last: 502683576 ns, Reaching safepoint: 74899 ns, At safepoint: 18866 ns, Total: 93765 ns
[2020-02-28T03:07:15.411+0000][1][safepoint    ] Safepoint "RevokeBias", Time since last: 2503794766 ns, Reaching safepoint: 84792 ns, At safepoint: 21332 ns, Total: 106124 ns
[2020-02-28T03:07:17.916+0000][1][safepoint    ] Safepoint "RevokeBias", Time since last: 2505173718 ns, Reaching safepoint: 88547 ns, At safepoint: 21243 ns, Total: 109790 ns
[2020-02-28T03:07:20.430+0000][1][safepoint    ] Safepoint "RevokeBias", Time since last: 2513971380 ns, Reaching safepoint: 132463 ns, At safepoint: 26731 ns, Total: 159194 ns
[2020-02-28T03:07:22.948+0000][1][safepoint    ] Safepoint "RevokeBias", Time since last: 2517870653 ns, Reaching safepoint: 94536 ns, At safepoint: 24529 ns, Total: 119065 ns
[2020-02-28T03:07:25.474+0000][1][safepoint    ] Safepoint "RevokeBias", Time since last: 2525747474 ns, Reaching safepoint: 89581 ns, At safepoint: 17932 ns, Total: 107513 ns
[2020-02-28T03:07:27.983+0000][1][safepoint    ] Safepoint "RevokeBias", Time since last: 2509358042 ns, Reaching safepoint: 72228 ns, At safepoint: 18147 ns, Total: 90375 ns
[2020-02-28T03:07:30.497+0000][1][safepoint    ] Safepoint "RevokeBias", Time since last: 2513284811 ns, Reaching safepoint: 73363 ns, At safepoint: 16740 ns, Total: 90103 ns
[2020-02-28T03:07:33.012+0000][1][safepoint    ] Safepoint "RevokeBias", Time since last: 2515112689 ns, Reaching safepoint: 77087 ns, At safepoint: 19467 ns, Total: 96554 ns
[2020-02-28T03:07:35.522+0000][1][safepoint    ] Safepoint "RevokeBias", Time since last: 2509669357 ns, Reaching safepoint: 55020 ns, At safepoint: 16807 ns, Total: 71827 ns
[2020-02-28T03:07:38.031+0000][1][safepoint    ] Safepoint "RevokeBias", Time since last: 2508911691 ns, Reaching safepoint: 88234 ns, At safepoint: 21203 ns, Total: 109437 ns
[2020-02-28T03:07:40.543+0000][1][safepoint    ] Safepoint "RevokeBias", Time since last: 2512082558 ns, Reaching safepoint: 74690 ns, At safepoint: 19089 ns, Total: 93779 ns
[2020-02-28T03:07:43.054+0000][1][safepoint    ] Safepoint "RevokeBias", Time since last: 2511188828 ns, Reaching safepoint: 73503 ns, At safepoint: 17916 ns, Total: 91419 ns
[2020-02-28T03:07:45.567+0000][1][safepoint    ] Safepoint "RevokeBias", Time since last: 2512750973 ns, Reaching safepoint: 154253 ns, At safepoint: 51330 ns, Total: 205583 ns
[2020-02-28T03:07:48.078+0000][1][safepoint    ] Safepoint "RevokeBias", Time since last: 2511260276 ns, Reaching safepoint: 74820 ns, At safepoint: 34636 ns, Total: 109456 ns
[2020-02-28T03:07:50.596+0000][1][safepoint    ] Safepoint "RevokeBias", Time since last: 2517215205 ns, Reaching safepoint: 78653 ns, At safepoint: 33669 ns, Total: 112322 ns
[2020-02-28T03:07:53.109+0000][1][safepoint    ] Safepoint "BulkRevokeBias", Time since last: 2513194881 ns, Reaching safepoint: 86674 ns, At safepoint: 256938 ns, Total: 343612 ns
[2020-02-28T03:07:55.621+0000][1][safepoint    ] Safepoint "RevokeBias", Time since last: 2511732241 ns, Reaching safepoint: 58324 ns, At safepoint: 16449 ns, Total: 74773 ns
[2020-02-28T03:07:58.131+0000][1][safepoint    ] Safepoint "RevokeBias", Time since last: 2509453662 ns, Reaching safepoint: 79596 ns, At safepoint: 22477 ns, Total: 102073 ns
[2020-02-28T03:08:00.644+0000][1][safepoint    ] Safepoint "RevokeBias", Time since last: 2513637365 ns, Reaching safepoint: 88113 ns, At safepoint: 20598 ns, Total: 108711 ns
[2020-02-28T03:08:03.159+0000][1][safepoint    ] Safepoint "RevokeBias", Time since last: 2514850849 ns, Reaching safepoint: 94703 ns, At safepoint: 20925 ns, Total: 115628 ns
[2020-02-28T03:08:05.678+0000][1][safepoint    ] Safepoint "RevokeBias", Time since last: 2518652629 ns, Reaching safepoint: 75986 ns, At safepoint: 18851 ns, Total: 94837 ns
[2020-02-28T03:08:08.192+0000][1][safepoint    ] Safepoint "RevokeBias", Time since last: 2513463525 ns, Reaching safepoint: 73087 ns, At safepoint: 17722 ns, Total: 90809 ns
[2020-02-28T03:08:10.698+0000][1][safepoint    ] Safepoint "RevokeBias", Time since last: 2506321646 ns, Reaching safepoint: 84045 ns, At safepoint: 19730 ns, Total: 103775 ns
[2020-02-28T03:08:13.203+0000][1][safepoint    ] Safepoint "RevokeBias", Time since last: 2504998695 ns, Reaching safepoint: 73524 ns, At safepoint: 17595 ns, Total: 91119 ns
[2020-02-28T03:08:15.708+0000][1][safepoint    ] Safepoint "RevokeBias", Time since last: 2504575450 ns, Reaching safepoint: 97404 ns, At safepoint: 20268 ns, Total: 117672 ns
[2020-02-28T03:08:18.212+0000][1][safepoint    ] Safepoint "RevokeBias", Time since last: 2503752333 ns, Reaching safepoint: 75681 ns, At safepoint: 17455 ns, Total: 93136 ns
[2020-02-28T03:08:20.716+0000][1][safepoint    ] Safepoint "RevokeBias", Time since last: 2504209828 ns, Reaching safepoint: 82145 ns, At safepoint: 21242 ns, Total: 103387 ns
[2020-02-28T03:08:23.223+0000][1][safepoint    ] Safepoint "RevokeBias", Time since last: 2506489541 ns, Reaching safepoint: 84030 ns, At safepoint: 19998 ns, Total: 104028 ns
[2020-02-28T03:08:25.727+0000][1][safepoint    ] Safepoint "RevokeBias", Time since last: 2503804451 ns, Reaching safepoint: 171873 ns, At safepoint: 21588 ns, Total: 193461 ns
[2020-02-28T03:08:28.230+0000][1][safepoint    ] Safepoint "RevokeBias", Time since last: 2502853293 ns, Reaching safepoint: 73888 ns, At safepoint: 18268 ns, Total: 92156 ns
[2020-02-28T03:08:30.736+0000][1][safepoint    ] Safepoint "RevokeBias", Time since last: 2506670325 ns, Reaching safepoint: 98787 ns, At safepoint: 22260 ns, Total: 121047 ns
[2020-02-28T03:08:33.241+0000][1][safepoint    ] Safepoint "RevokeBias", Time since last: 2504296408 ns, Reaching safepoint: 81269 ns, At safepoint: 18353 ns, Total: 99622 ns
[2020-02-28T03:08:35.746+0000][1][safepoint    ] Safepoint "RevokeBias", Time since last: 2505256280 ns, Reaching safepoint: 84696 ns, At safepoint: 20877 ns, Total: 105573 ns
[2020-02-28T03:08:38.249+0000][1][safepoint    ] Safepoint "RevokeBias", Time since last: 2502453971 ns, Reaching safepoint: 77637 ns, At safepoint: 18690 ns, Total: 96327 ns
[2020-02-28T03:08:40.753+0000][1][safepoint    ] Safepoint "RevokeBias", Time since last: 2504697839 ns, Reaching safepoint: 85428 ns, At safepoint: 21320 ns, Total: 106748 ns
[2020-02-28T03:08:42.755+0000][1][safepoint    ] Safepoint "Cleanup", Time since last: 2001652541 ns, Reaching safepoint: 92624 ns, At safepoint: 9820 ns, Total: 102444 ns
[2020-02-28T03:08:43.260+0000][1][safepoint    ] Safepoint "RevokeBias", Time since last: 504734714 ns, Reaching safepoint: 86467 ns, At safepoint: 20528 ns, Total: 106995 ns
[2020-02-28T03:08:45.765+0000][1][safepoint    ] Safepoint "RevokeBias", Time since last: 2505159460 ns, Reaching safepoint: 178186 ns, At safepoint: 19016 ns, Total: 197202 ns
[2020-02-28T03:08:48.270+0000][1][safepoint    ] Safepoint "RevokeBias", Time since last: 2504086466 ns, Reaching safepoint: 83536 ns, At safepoint: 20592 ns, Total: 104128 ns
[2020-02-28T03:08:50.774+0000][1][safepoint    ] Safepoint "RevokeBias", Time since last: 2504303723 ns, Reaching safepoint: 98380 ns, At safepoint: 58480 ns, Total: 156860 ns
[2020-02-28T03:08:53.281+0000][1][safepoint    ] Safepoint "RevokeBias", Time since last: 2507030939 ns, Reaching safepoint: 75874 ns, At safepoint: 18325 ns, Total: 94199 ns
[2020-02-28T03:08:55.788+0000][1][safepoint    ] Safepoint "RevokeBias", Time since last: 2506569337 ns, Reaching safepoint: 76184 ns, At safepoint: 32187 ns, Total: 108371 ns
[2020-02-28T03:08:58.291+0000][1][safepoint    ] Safepoint "RevokeBias", Time since last: 2503009511 ns, Reaching safepoint: 88452 ns, At safepoint: 19613 ns, Total: 108065 ns
[2020-02-28T03:09:00.794+0000][1][safepoint    ] Safepoint "RevokeBias", Time since last: 2502863741 ns, Reaching safepoint: 71237 ns, At safepoint: 17646 ns, Total: 88883 ns
[2020-02-28T03:09:03.299+0000][1][safepoint    ] Safepoint "RevokeBias", Time since last: 2504911389 ns, Reaching safepoint: 74462 ns, At safepoint: 17462 ns, Total: 91924 ns
[2020-02-28T03:09:05.804+0000][1][safepoint    ] Safepoint "BulkRevokeBias", Time since last: 2504430545 ns, Reaching safepoint: 85141 ns, At safepoint: 222983 ns, Total: 308124 ns
[2020-02-28T03:09:08.308+0000][1][safepoint    ] Safepoint "RevokeBias", Time since last: 2503735033 ns, Reaching safepoint: 73938 ns, At safepoint: 130266 ns, Total: 204204 ns
[2020-02-28T03:09:10.811+0000][1][safepoint    ] Safepoint "RevokeBias", Time since last: 2503113886 ns, Reaching safepoint: 83702 ns, At safepoint: 21087 ns, Total: 104789 ns
[2020-02-28T03:09:11.301+0000][1][gc,start     ] GC(58) Pause Young (Allocation Failure)
[2020-02-28T03:09:11.301+0000][1][gc,task      ] GC(58) Using 1 workers of 1 for evacuation
[2020-02-28T03:09:11.312+0000][1][gc,age       ] GC(58) Desired survivor size 4358144 bytes, new threshold 6 (max threshold 6)
[2020-02-28T03:09:11.312+0000][1][gc,age       ] GC(58) Age table with threshold 6 (max threshold 6)
[2020-02-28T03:09:11.312+0000][1][gc,age       ] GC(58) - age   1:      10976 bytes,      10976 total
[2020-02-28T03:09:11.312+0000][1][gc,age       ] GC(58) - age   2:      17072 bytes,      28048 total
[2020-02-28T03:09:11.312+0000][1][gc,age       ] GC(58) - age   3:      12448 bytes,      40496 total
[2020-02-28T03:09:11.312+0000][1][gc,age       ] GC(58) - age   4:        264 bytes,      40760 total
[2020-02-28T03:09:11.312+0000][1][gc,age       ] GC(58) - age   5:        160 bytes,      40920 total
[2020-02-28T03:09:11.312+0000][1][gc,age       ] GC(58) - age   6:       1768 bytes,      42688 total
[2020-02-28T03:09:11.312+0000][1][gc,heap      ] GC(58) ParNew: 68204K->75K(76672K)
[2020-02-28T03:09:11.312+0000][1][gc,heap      ] GC(58) CMS: 62612K->62612K(963392K)
[2020-02-28T03:09:11.312+0000][1][gc,metaspace ] GC(58) Metaspace: 79723K->79723K(1122304K)
[2020-02-28T03:09:11.312+0000][1][gc           ] GC(58) Pause Young (Allocation Failure) 127M->61M(1015M) 11.046ms
[2020-02-28T03:09:11.312+0000][1][gc,cpu       ] GC(58) User=0.01s Sys=0.00s Real=0.01s
[2020-02-28T03:09:11.312+0000][1][safepoint    ] Safepoint "GenCollectForAllocation", Time since last: 489930034 ns, Reaching safepoint: 135709 ns, At safepoint: 11101929 ns, Total: 11237638 ns
[2020-02-28T03:09:12.346+0000][1][safepoint    ] Safepoint "Cleanup", Time since last: 1033916293 ns, Reaching safepoint: 58774 ns, At safepoint: 6637 ns, Total: 65411 ns
[2020-02-28T03:09:13.316+0000][1][safepoint    ] Safepoint "RevokeBias", Time since last: 970151167 ns, Reaching safepoint: 81543 ns, At safepoint: 19346 ns, Total: 100889 ns
[2020-02-28T03:09:15.821+0000][1][safepoint    ] Safepoint "RevokeBias", Time since last: 2504569937 ns, Reaching safepoint: 77149 ns, At safepoint: 19102 ns, Total: 96251 ns
[2020-02-28T03:09:18.325+0000][1][safepoint    ] Safepoint "RevokeBias", Time since last: 2504190894 ns, Reaching safepoint: 77068 ns, At safepoint: 18510 ns, Total: 95578 ns
[2020-02-28T03:09:20.831+0000][1][safepoint    ] Safepoint "RevokeBias", Time since last: 2505143200 ns, Reaching safepoint: 225532 ns, At safepoint: 83051 ns, Total: 308583 ns
[2020-02-28T03:09:23.337+0000][1][safepoint    ] Safepoint "RevokeBias", Time since last: 2506343043 ns, Reaching safepoint: 107159 ns, At safepoint: 20051 ns, Total: 127210 ns
[2020-02-28T03:09:25.842+0000][1][safepoint    ] Safepoint "RevokeBias", Time since last: 2504643177 ns, Reaching safepoint: 87486 ns, At safepoint: 22473 ns, Total: 109959 ns
[2020-02-28T03:09:28.346+0000][1][safepoint    ] Safepoint "RevokeBias", Time since last: 2503722281 ns, Reaching safepoint: 86412 ns, At safepoint: 20994 ns, Total: 107406 ns
[2020-02-28T03:09:30.851+0000][1][safepoint    ] Safepoint "RevokeBias", Time since last: 2504719282 ns, Reaching safepoint: 59658 ns, At safepoint: 19976 ns, Total: 79634 ns
[2020-02-28T03:09:33.355+0000][1][safepoint    ] Safepoint "RevokeBias", Time since last: 2504355837 ns, Reaching safepoint: 73076 ns, At safepoint: 97035 ns, Total: 170111 ns
[2020-02-28T03:09:35.864+0000][1][safepoint    ] Safepoint "RevokeBias", Time since last: 2509000321 ns, Reaching safepoint: 95098 ns, At safepoint: 29134 ns, Total: 124232 ns
[2020-02-28T03:09:38.368+0000][1][safepoint    ] Safepoint "RevokeBias", Time since last: 2503334230 ns, Reaching safepoint: 94351 ns, At safepoint: 19163 ns, Total: 113514 ns
[2020-02-28T03:09:40.874+0000][1][safepoint    ] Safepoint "RevokeBias", Time since last: 2506030121 ns, Reaching safepoint: 136896 ns, At safepoint: 23955 ns, Total: 160851 ns
[2020-02-28T03:09:43.397+0000][1][safepoint    ] Safepoint "RevokeBias", Time since last: 2522940455 ns, Reaching safepoint: 86296 ns, At safepoint: 17472 ns, Total: 103768 ns
[2020-02-28T03:09:45.918+0000][1][safepoint    ] Safepoint "RevokeBias", Time since last: 2521020915 ns, Reaching safepoint: 122821 ns, At safepoint: 33802 ns, Total: 156623 ns
[2020-02-28T03:09:48.451+0000][1][safepoint    ] Safepoint "RevokeBias", Time since last: 2533006898 ns, Reaching safepoint: 69662 ns, At safepoint: 16726 ns, Total: 86388 ns
[2020-02-28T03:09:50.961+0000][1][safepoint    ] Safepoint "RevokeBias", Time since last: 2509291281 ns, Reaching safepoint: 120545 ns, At safepoint: 42419 ns, Total: 162964 ns
[2020-02-28T03:09:53.478+0000][1][safepoint    ] Safepoint "RevokeBias", Time since last: 2517726947 ns, Reaching safepoint: 52365 ns, At safepoint: 15799 ns, Total: 68164 ns
[2020-02-28T03:09:55.996+0000][1][safepoint    ] Safepoint "RevokeBias", Time since last: 2517329442 ns, Reaching safepoint: 95934 ns, At safepoint: 78652 ns, Total: 174586 ns
[2020-02-28T03:09:58.512+0000][1][safepoint    ] Safepoint "RevokeBias", Time since last: 2516477746 ns, Reaching safepoint: 72573 ns, At safepoint: 17798 ns, Total: 90371 ns
[2020-02-28T03:10:01.026+0000][1][safepoint    ] Safepoint "RevokeBias", Time since last: 2513064768 ns, Reaching safepoint: 149669 ns, At safepoint: 20508 ns, Total: 170177 ns
[2020-02-28T03:10:03.540+0000][1][safepoint    ] Safepoint "RevokeBias", Time since last: 2514522438 ns, Reaching safepoint: 53813 ns, At safepoint: 16129 ns, Total: 69942 ns
[2020-02-28T03:10:06.049+0000][1][safepoint    ] Safepoint "RevokeBias", Time since last: 2508921021 ns, Reaching safepoint: 87179 ns, At safepoint: 22014 ns, Total: 109193 ns
[2020-02-28T03:10:08.560+0000][1][safepoint    ] Safepoint "RevokeBias", Time since last: 2510465599 ns, Reaching safepoint: 70578 ns, At safepoint: 18106 ns, Total: 88684 ns
[2020-02-28T03:10:11.070+0000][1][safepoint    ] Safepoint "RevokeBias", Time since last: 2509604015 ns, Reaching safepoint: 92024 ns, At safepoint: 24151 ns, Total: 116175 ns
[2020-02-28T03:10:13.588+0000][1][safepoint    ] Safepoint "RevokeBias", Time since last: 2518373259 ns, Reaching safepoint: 55507 ns, At safepoint: 16832 ns, Total: 72339 ns
[2020-02-28T03:10:16.100+0000][1][safepoint    ] Safepoint "RevokeBias", Time since last: 2511697955 ns, Reaching safepoint: 86785 ns, At safepoint: 21894 ns, Total: 108679 ns
[2020-02-28T03:10:18.614+0000][1][safepoint    ] Safepoint "BulkRevokeBias", Time since last: 2514069322 ns, Reaching safepoint: 92279 ns, At safepoint: 260567 ns, Total: 352846 ns
[2020-02-28T03:10:21.131+0000][1][safepoint    ] Safepoint "RevokeBias", Time since last: 2516570582 ns, Reaching safepoint: 103179 ns, At safepoint: 24089 ns, Total: 127268 ns
[2020-02-28T03:10:23.646+0000][1][safepoint    ] Safepoint "RevokeBias", Time since last: 2515251536 ns, Reaching safepoint: 72300 ns, At safepoint: 17632 ns, Total: 89932 ns
[2020-02-28T03:10:26.161+0000][1][safepoint    ] Safepoint "RevokeBias", Time since last: 2514956523 ns, Reaching safepoint: 122577 ns, At safepoint: 19500 ns, Total: 142077 ns
[2020-02-28T03:10:28.678+0000][1][safepoint    ] Safepoint "RevokeBias", Time since last: 2516858631 ns, Reaching safepoint: 97722 ns, At safepoint: 19437 ns, Total: 117159 ns
[2020-02-28T03:10:31.190+0000][1][safepoint    ] Safepoint "RevokeBias", Time since last: 2511441225 ns, Reaching safepoint: 72374 ns, At safepoint: 18179 ns, Total: 90553 ns
[2020-02-28T03:10:33.704+0000][1][safepoint    ] Safepoint "RevokeBias", Time since last: 2514420277 ns, Reaching safepoint: 74444 ns, At safepoint: 17987 ns, Total: 92431 ns
[2020-02-28T03:10:36.217+0000][1][safepoint    ] Safepoint "RevokeBias", Time since last: 2512896823 ns, Reaching safepoint: 116806 ns, At safepoint: 21737 ns, Total: 138543 ns
[2020-02-28T03:10:38.720+0000][1][safepoint    ] Safepoint "RevokeBias", Time since last: 2502372890 ns, Reaching safepoint: 74105 ns, At safepoint: 17825 ns, Total: 91930 ns
[2020-02-28T03:10:41.227+0000][1][safepoint    ] Safepoint "RevokeBias", Time since last: 2506775325 ns, Reaching safepoint: 115978 ns, At safepoint: 21554 ns, Total: 137532 ns
[2020-02-28T03:10:43.734+0000][1][safepoint    ] Safepoint "RevokeBias", Time since last: 2507509873 ns, Reaching safepoint: 146049 ns, At safepoint: 37234 ns, Total: 183283 ns
[2020-02-28T03:10:46.241+0000][1][safepoint    ] Safepoint "RevokeBias", Time since last: 2506264342 ns, Reaching safepoint: 72281 ns, At safepoint: 18700 ns, Total: 90981 ns
[2020-02-28T03:10:48.747+0000][1][safepoint    ] Safepoint "RevokeBias", Time since last: 2505574924 ns, Reaching safepoint: 84854 ns, At safepoint: 21159 ns, Total: 106013 ns
[2020-02-28T03:10:51.250+0000][1][safepoint    ] Safepoint "RevokeBias", Time since last: 2503182859 ns, Reaching safepoint: 94491 ns, At safepoint: 50650 ns, Total: 145141 ns
[2020-02-28T03:10:53.756+0000][1][safepoint    ] Safepoint "RevokeBias", Time since last: 2506009003 ns, Reaching safepoint: 86976 ns, At safepoint: 19463 ns, Total: 106439 ns
[2020-02-28T03:10:56.262+0000][1][safepoint    ] Safepoint "RevokeBias", Time since last: 2505988451 ns, Reaching safepoint: 75341 ns, At safepoint: 18446 ns, Total: 93787 ns
[2020-02-28T03:10:58.764+0000][1][safepoint    ] Safepoint "RevokeBias", Time since last: 2501544725 ns, Reaching safepoint: 76482 ns, At safepoint: 19833 ns, Total: 96315 ns
[2020-02-28T03:11:01.269+0000][1][safepoint    ] Safepoint "RevokeBias", Time since last: 2505365671 ns, Reaching safepoint: 74712 ns, At safepoint: 19095 ns, Total: 93807 ns
[2020-02-28T03:11:03.271+0000][1][safepoint    ] Safepoint "Cleanup", Time since last: 2002186034 ns, Reaching safepoint: 84029 ns, At safepoint: 7113 ns, Total: 91142 ns
[2020-02-28T03:11:03.775+0000][1][safepoint    ] Safepoint "RevokeBias", Time since last: 503550765 ns, Reaching safepoint: 82247 ns, At safepoint: 21361 ns, Total: 103608 ns
[2020-02-28T03:11:06.279+0000][1][safepoint    ] Safepoint "RevokeBias", Time since last: 2504226425 ns, Reaching safepoint: 72044 ns, At safepoint: 17926 ns, Total: 89970 ns
[2020-02-28T03:11:08.785+0000][1][safepoint    ] Safepoint "RevokeBias", Time since last: 2505584195 ns, Reaching safepoint: 111587 ns, At safepoint: 29893 ns, Total: 141480 ns
[2020-02-28T03:11:11.289+0000][1][safepoint    ] Safepoint "RevokeBias", Time since last: 2504156733 ns, Reaching safepoint: 90864 ns, At safepoint: 19794 ns, Total: 110658 ns
[2020-02-28T03:11:13.292+0000][1][safepoint    ] Safepoint "Cleanup", Time since last: 2002025640 ns, Reaching safepoint: 83891 ns, At safepoint: 8943 ns, Total: 92834 ns
[2020-02-28T03:11:13.795+0000][1][safepoint    ] Safepoint "RevokeBias", Time since last: 503703441 ns, Reaching safepoint: 72675 ns, At safepoint: 17820 ns, Total: 90495 ns
[2020-02-28T03:11:16.301+0000][1][safepoint    ] Safepoint "RevokeBias", Time since last: 2505534507 ns, Reaching safepoint: 91377 ns, At safepoint: 19782 ns, Total: 111159 ns
[2020-02-28T03:11:18.805+0000][1][safepoint    ] Safepoint "RevokeBias", Time since last: 2504233760 ns, Reaching safepoint: 71267 ns, At safepoint: 18132 ns, Total: 89399 ns
[2020-02-28T03:11:21.310+0000][1][safepoint    ] Safepoint "RevokeBias", Time since last: 2504706836 ns, Reaching safepoint: 88057 ns, At safepoint: 20737 ns, Total: 108794 ns
[2020-02-28T03:11:23.820+0000][1][safepoint    ] Safepoint "RevokeBias", Time since last: 2508006824 ns, Reaching safepoint: 1506177 ns, At safepoint: 54899 ns, Total: 1561076 ns
[2020-02-28T03:11:26.326+0000][1][safepoint    ] Safepoint "RevokeBias", Time since last: 2506457064 ns, Reaching safepoint: 84151 ns, At safepoint: 20408 ns, Total: 104559 ns
[2020-02-28T03:11:28.831+0000][1][safepoint    ] Safepoint "RevokeBias", Time since last: 2504596719 ns, Reaching safepoint: 76508 ns, At safepoint: 18895 ns, Total: 95403 ns
[2020-02-28T03:11:31.341+0000][1][safepoint    ] Safepoint "BulkRevokeBias", Time since last: 2509925226 ns, Reaching safepoint: 76161 ns, At safepoint: 239446 ns, Total: 315607 ns
[2020-02-28T03:11:32.351+0000][1][safepoint    ] Safepoint "Cleanup", Time since last: 1009778173 ns, Reaching safepoint: 146863 ns, At safepoint: 9540 ns, Total: 156403 ns
[2020-02-28T03:11:32.456+0000][1][gc,start     ] GC(59) Pause Young (Allocation Failure)
[2020-02-28T03:11:32.456+0000][1][gc,task      ] GC(59) Using 1 workers of 1 for evacuation
[2020-02-28T03:11:32.481+0000][1][gc,age       ] GC(59) Desired survivor size 4358144 bytes, new threshold 6 (max threshold 6)
[2020-02-28T03:11:32.481+0000][1][gc,age       ] GC(59) Age table with threshold 6 (max threshold 6)
[2020-02-28T03:11:32.481+0000][1][gc,age       ] GC(59) - age   1:      11880 bytes,      11880 total
[2020-02-28T03:11:32.481+0000][1][gc,age       ] GC(59) - age   2:        176 bytes,      12056 total
[2020-02-28T03:11:32.481+0000][1][gc,age       ] GC(59) - age   3:      17072 bytes,      29128 total
[2020-02-28T03:11:32.481+0000][1][gc,age       ] GC(59) - age   4:      12448 bytes,      41576 total
[2020-02-28T03:11:32.481+0000][1][gc,age       ] GC(59) - age   5:        264 bytes,      41840 total
[2020-02-28T03:11:32.481+0000][1][gc,age       ] GC(59) - age   6:        160 bytes,      42000 total
[2020-02-28T03:11:32.481+0000][1][gc,heap      ] GC(59) ParNew: 68235K->50K(76672K)
[2020-02-28T03:11:32.481+0000][1][gc,heap      ] GC(59) CMS: 62612K->62614K(963392K)
[2020-02-28T03:11:32.481+0000][1][gc,metaspace ] GC(59) Metaspace: 79725K->79725K(1122304K)
[2020-02-28T03:11:32.481+0000][1][gc           ] GC(59) Pause Young (Allocation Failure) 127M->61M(1015M) 24.975ms
[2020-02-28T03:11:32.481+0000][1][gc,cpu       ] GC(59) User=0.01s Sys=0.00s Real=0.03s
[2020-02-28T03:11:32.481+0000][1][safepoint    ] Safepoint "GenCollectForAllocation", Time since last: 104458285 ns, Reaching safepoint: 106183 ns, At safepoint: 25106295 ns, Total: 25212478 ns
[2020-02-28T03:11:33.851+0000][1][safepoint    ] Safepoint "RevokeBias", Time since last: 1370405970 ns, Reaching safepoint: 126437 ns, At safepoint: 32210 ns, Total: 158647 ns
[2020-02-28T03:11:36.356+0000][1][safepoint    ] Safepoint "RevokeBias", Time since last: 2504975657 ns, Reaching safepoint: 72158 ns, At safepoint: 17671 ns, Total: 89829 ns
[2020-02-28T03:11:38.860+0000][1][safepoint    ] Safepoint "RevokeBias", Time since last: 2503795368 ns, Reaching safepoint: 108619 ns, At safepoint: 24113 ns, Total: 132732 ns
[2020-02-28T03:11:41.368+0000][1][safepoint    ] Safepoint "RevokeBias", Time since last: 2507137531 ns, Reaching safepoint: 178496 ns, At safepoint: 20336 ns, Total: 198832 ns
[2020-02-28T03:11:43.874+0000][1][safepoint    ] Safepoint "RevokeBias", Time since last: 2506277491 ns, Reaching safepoint: 87221 ns, At safepoint: 19710 ns, Total: 106931 ns
[2020-02-28T03:11:46.377+0000][1][safepoint    ] Safepoint "RevokeBias", Time since last: 2503230668 ns, Reaching safepoint: 71574 ns, At safepoint: 17865 ns, Total: 89439 ns
[2020-02-28T03:11:48.881+0000][1][safepoint    ] Safepoint "RevokeBias", Time since last: 2503614936 ns, Reaching safepoint: 138192 ns, At safepoint: 47332 ns, Total: 185524 ns
[2020-02-28T03:11:51.393+0000][1][safepoint    ] Safepoint "RevokeBias", Time since last: 2512025195 ns, Reaching safepoint: 135379 ns, At safepoint: 35278 ns, Total: 170657 ns
[2020-02-28T03:11:53.899+0000][1][safepoint    ] Safepoint "RevokeBias", Time since last: 2505439499 ns, Reaching safepoint: 85643 ns, At safepoint: 20873 ns, Total: 106516 ns
[2020-02-28T03:11:56.405+0000][1][safepoint    ] Safepoint "RevokeBias", Time since last: 2506315304 ns, Reaching safepoint: 82325 ns, At safepoint: 20953 ns, Total: 103278 ns
[2020-02-28T03:11:58.953+0000][1][safepoint    ] Safepoint "RevokeBias", Time since last: 2547603662 ns, Reaching safepoint: 114641 ns, At safepoint: 18667 ns, Total: 133308 ns
[2020-02-28T03:12:01.459+0000][1][safepoint    ] Safepoint "RevokeBias", Time since last: 2505777584 ns, Reaching safepoint: 80661 ns, At safepoint: 21562 ns, Total: 102223 ns
[2020-02-28T03:12:03.962+0000][1][safepoint    ] Safepoint "RevokeBias", Time since last: 2503157783 ns, Reaching safepoint: 74183 ns, At safepoint: 17994 ns, Total: 92177 ns
[2020-02-28T03:12:06.468+0000][1][safepoint    ] Safepoint "RevokeBias", Time since last: 2505968836 ns, Reaching safepoint: 82640 ns, At safepoint: 20960 ns, Total: 103600 ns
[2020-02-28T03:12:08.974+0000][1][safepoint    ] Safepoint "RevokeBias", Time since last: 2505212627 ns, Reaching safepoint: 73459 ns, At safepoint: 18151 ns, Total: 91610 ns
[2020-02-28T03:12:11.478+0000][1][safepoint    ] Safepoint "RevokeBias", Time since last: 2504372402 ns, Reaching safepoint: 72603 ns, At safepoint: 18197 ns, Total: 90800 ns
[2020-02-28T03:12:13.984+0000][1][safepoint    ] Safepoint "RevokeBias", Time since last: 2506118393 ns, Reaching safepoint: 77878 ns, At safepoint: 19348 ns, Total: 97226 ns
[2020-02-28T03:12:16.488+0000][1][safepoint    ] Safepoint "RevokeBias", Time since last: 2503673167 ns, Reaching safepoint: 85948 ns, At safepoint: 21079 ns, Total: 107027 ns
[2020-02-28T03:12:18.992+0000][1][safepoint    ] Safepoint "RevokeBias", Time since last: 2503455132 ns, Reaching safepoint: 84619 ns, At safepoint: 21364 ns, Total: 105983 ns
[2020-02-28T03:12:21.502+0000][1][safepoint    ] Safepoint "RevokeBias", Time since last: 2510170163 ns, Reaching safepoint: 73822 ns, At safepoint: 16057 ns, Total: 89879 ns
[2020-02-28T03:12:23.505+0000][1][safepoint    ] Safepoint "Cleanup", Time since last: 2003354223 ns, Reaching safepoint: 85634 ns, At safepoint: 6622 ns, Total: 92256 ns
[2020-02-28T03:12:24.008+0000][1][safepoint    ] Safepoint "RevokeBias", Time since last: 502179033 ns, Reaching safepoint: 72743 ns, At safepoint: 16958 ns, Total: 89701 ns
[2020-02-28T03:12:26.513+0000][1][safepoint    ] Safepoint "RevokeBias", Time since last: 2505665819 ns, Reaching safepoint: 73448 ns, At safepoint: 18339 ns, Total: 91787 ns
[2020-02-28T03:12:29.016+0000][1][safepoint    ] Safepoint "RevokeBias", Time since last: 2502532658 ns, Reaching safepoint: 83572 ns, At safepoint: 20575 ns, Total: 104147 ns
[2020-02-28T03:12:31.522+0000][1][safepoint    ] Safepoint "RevokeBias", Time since last: 2505889339 ns, Reaching safepoint: 101768 ns, At safepoint: 24931 ns, Total: 126699 ns
[2020-02-28T03:12:34.028+0000][1][safepoint    ] Safepoint "RevokeBias", Time since last: 2506132629 ns, Reaching safepoint: 83560 ns, At safepoint: 20651 ns, Total: 104211 ns
[2020-02-28T03:12:36.535+0000][1][safepoint    ] Safepoint "RevokeBias", Time since last: 2506532860 ns, Reaching safepoint: 88534 ns, At safepoint: 22540 ns, Total: 111074 ns
[2020-02-28T03:12:39.038+0000][1][safepoint    ] Safepoint "RevokeBias", Time since last: 2503010048 ns, Reaching safepoint: 59436 ns, At safepoint: 18178 ns, Total: 77614 ns
[2020-02-28T03:12:41.545+0000][1][safepoint    ] Safepoint "RevokeBias", Time since last: 2506846599 ns, Reaching safepoint: 68724 ns, At safepoint: 18880 ns, Total: 87604 ns
[2020-02-28T03:12:44.053+0000][1][safepoint    ] Safepoint "BulkRevokeBias", Time since last: 2507849245 ns, Reaching safepoint: 166181 ns, At safepoint: 405265 ns, Total: 571446 ns
[2020-02-28T03:12:46.559+0000][1][safepoint    ] Safepoint "RevokeBias", Time since last: 2506016759 ns, Reaching safepoint: 73169 ns, At safepoint: 19479 ns, Total: 92648 ns
[2020-02-28T03:12:49.063+0000][1][safepoint    ] Safepoint "RevokeBias", Time since last: 2503780066 ns, Reaching safepoint: 175811 ns, At safepoint: 23201 ns, Total: 199012 ns
[2020-02-28T03:12:51.573+0000][1][safepoint    ] Safepoint "RevokeBias", Time since last: 2509984243 ns, Reaching safepoint: 71558 ns, At safepoint: 18770 ns, Total: 90328 ns
[2020-02-28T03:12:54.082+0000][1][safepoint    ] Safepoint "RevokeBias", Time since last: 2508514467 ns, Reaching safepoint: 91833 ns, At safepoint: 33246 ns, Total: 125079 ns
[2020-02-28T03:12:56.602+0000][1][safepoint    ] Safepoint "RevokeBias", Time since last: 2519704650 ns, Reaching safepoint: 76783 ns, At safepoint: 31392 ns, Total: 108175 ns
[2020-02-28T03:12:59.112+0000][1][safepoint    ] Safepoint "RevokeBias", Time since last: 2509658862 ns, Reaching safepoint: 82746 ns, At safepoint: 21256 ns, Total: 104002 ns
[2020-02-28T03:13:01.631+0000][1][safepoint    ] Safepoint "RevokeBias", Time since last: 2519444344 ns, Reaching safepoint: 77115 ns, At safepoint: 20889 ns, Total: 98004 ns
[2020-02-28T03:13:04.146+0000][1][safepoint    ] Safepoint "RevokeBias", Time since last: 2514920159 ns, Reaching safepoint: 72782 ns, At safepoint: 17673 ns, Total: 90455 ns
[2020-02-28T03:13:06.148+0000][1][safepoint    ] Safepoint "Cleanup", Time since last: 2001181503 ns, Reaching safepoint: 88462 ns, At safepoint: 9517 ns, Total: 97979 ns
[2020-02-28T03:13:06.658+0000][1][safepoint    ] Safepoint "RevokeBias", Time since last: 510810437 ns, Reaching safepoint: 76580 ns, At safepoint: 19335 ns, Total: 95915 ns
[2020-02-28T03:13:09.168+0000][1][safepoint    ] Safepoint "RevokeBias", Time since last: 2509521965 ns, Reaching safepoint: 110771 ns, At safepoint: 19406 ns, Total: 130177 ns
[2020-02-28T03:13:11.702+0000][1][safepoint    ] Safepoint "RevokeBias", Time since last: 2534227923 ns, Reaching safepoint: 71855 ns, At safepoint: 21490 ns, Total: 93345 ns
[2020-02-28T03:13:14.226+0000][1][safepoint    ] Safepoint "RevokeBias", Time since last: 2523563580 ns, Reaching safepoint: 123642 ns, At safepoint: 26278 ns, Total: 149920 ns
[2020-02-28T03:13:16.751+0000][1][safepoint    ] Safepoint "RevokeBias", Time since last: 2524569540 ns, Reaching safepoint: 147906 ns, At safepoint: 23132 ns, Total: 171038 ns
[2020-02-28T03:13:19.275+0000][1][safepoint    ] Safepoint "RevokeBias", Time since last: 2523888527 ns, Reaching safepoint: 73547 ns, At safepoint: 20595 ns, Total: 94142 ns
[2020-02-28T03:13:21.787+0000][1][safepoint    ] Safepoint "RevokeBias", Time since last: 2511782552 ns, Reaching safepoint: 54377 ns, At safepoint: 17527 ns, Total: 71904 ns
[2020-02-28T03:13:24.295+0000][1][safepoint    ] Safepoint "RevokeBias", Time since last: 2508526971 ns, Reaching safepoint: 69966 ns, At safepoint: 17134 ns, Total: 87100 ns
[2020-02-28T03:13:26.809+0000][1][safepoint    ] Safepoint "RevokeBias", Time since last: 2513519798 ns, Reaching safepoint: 70868 ns, At safepoint: 17646 ns, Total: 88514 ns
[2020-02-28T03:13:29.315+0000][1][safepoint    ] Safepoint "RevokeBias", Time since last: 2506028619 ns, Reaching safepoint: 193076 ns, At safepoint: 41898 ns, Total: 234974 ns
[2020-02-28T03:13:31.826+0000][1][safepoint    ] Safepoint "RevokeBias", Time since last: 2510616611 ns, Reaching safepoint: 91011 ns, At safepoint: 21527 ns, Total: 112538 ns
[2020-02-28T03:13:34.338+0000][1][safepoint    ] Safepoint "RevokeBias", Time since last: 2512172708 ns, Reaching safepoint: 82998 ns, At safepoint: 20541 ns, Total: 103539 ns
[2020-02-28T03:13:36.853+0000][1][safepoint    ] Safepoint "RevokeBias", Time since last: 2515165442 ns, Reaching safepoint: 53818 ns, At safepoint: 15934 ns, Total: 69752 ns
[2020-02-28T03:13:39.361+0000][1][safepoint    ] Safepoint "RevokeBias", Time since last: 2507641511 ns, Reaching safepoint: 172190 ns, At safepoint: 51735 ns, Total: 223925 ns
[2020-02-28T03:13:41.882+0000][1][safepoint    ] Safepoint "RevokeBias", Time since last: 2520631357 ns, Reaching safepoint: 53883 ns, At safepoint: 15409 ns, Total: 69292 ns
[2020-02-28T03:13:44.393+0000][1][safepoint    ] Safepoint "RevokeBias", Time since last: 2511008599 ns, Reaching safepoint: 71811 ns, At safepoint: 17992 ns, Total: 89803 ns
[2020-02-28T03:13:46.931+0000][1][safepoint    ] Safepoint "RevokeBias", Time since last: 2537984011 ns, Reaching safepoint: 110848 ns, At safepoint: 30180 ns, Total: 141028 ns
[2020-02-28T03:13:49.430+0000][1][safepoint    ] Safepoint "RevokeBias", Time since last: 2498971909 ns, Reaching safepoint: 73015 ns, At safepoint: 19093 ns, Total: 92108 ns
[2020-02-28T03:13:51.949+0000][1][gc,start     ] GC(60) Pause Young (Allocation Failure)
[2020-02-28T03:13:51.949+0000][1][gc,task      ] GC(60) Using 1 workers of 1 for evacuation
[2020-02-28T03:13:51.974+0000][1][gc,age       ] GC(60) Desired survivor size 4358144 bytes, new threshold 6 (max threshold 6)
[2020-02-28T03:13:51.974+0000][1][gc,age       ] GC(60) Age table with threshold 6 (max threshold 6)
[2020-02-28T03:13:51.974+0000][1][gc,age       ] GC(60) - age   1:      11240 bytes,      11240 total
[2020-02-28T03:13:51.974+0000][1][gc,age       ] GC(60) - age   2:        112 bytes,      11352 total
[2020-02-28T03:13:51.974+0000][1][gc,age       ] GC(60) - age   3:        176 bytes,      11528 total
[2020-02-28T03:13:51.974+0000][1][gc,age       ] GC(60) - age   4:      17072 bytes,      28600 total
[2020-02-28T03:13:51.974+0000][1][gc,age       ] GC(60) - age   5:      12448 bytes,      41048 total
[2020-02-28T03:13:51.974+0000][1][gc,age       ] GC(60) - age   6:         32 bytes,      41080 total
[2020-02-28T03:13:51.974+0000][1][gc,heap      ] GC(60) ParNew: 68154K->74K(76672K)
[2020-02-28T03:13:51.974+0000][1][gc,heap      ] GC(60) CMS: 62614K->62614K(963392K)
[2020-02-28T03:13:51.974+0000][1][gc,metaspace ] GC(60) Metaspace: 79725K->79725K(1122304K)
[2020-02-28T03:13:51.974+0000][1][gc           ] GC(60) Pause Young (Allocation Failure) 127M->61M(1015M) 25.193ms
[2020-02-28T03:13:51.974+0000][1][gc,cpu       ] GC(60) User=0.01s Sys=0.00s Real=0.02s
[2020-02-28T03:13:51.974+0000][1][safepoint    ] Safepoint "GenCollectForAllocation", Time since last: 2518453471 ns, Reaching safepoint: 59407 ns, At safepoint: 25274782 ns, Total: 25334189 ns
[2020-02-28T03:13:51.976+0000][1][safepoint    ] Safepoint "RevokeBias", Time since last: 1375187 ns, Reaching safepoint: 98061 ns, At safepoint: 38898 ns, Total: 136959 ns
[2020-02-28T03:13:54.487+0000][1][safepoint    ] Safepoint "RevokeBias", Time since last: 2511359264 ns, Reaching safepoint: 77774 ns, At safepoint: 20788 ns, Total: 98562 ns
[2020-02-28T03:13:57.001+0000][1][safepoint    ] Safepoint "BulkRevokeBias", Time since last: 2513895549 ns, Reaching safepoint: 67894 ns, At safepoint: 235420 ns, Total: 303314 ns
[2020-02-28T03:13:59.514+0000][1][safepoint    ] Safepoint "RevokeBias", Time since last: 2512853597 ns, Reaching safepoint: 83529 ns, At safepoint: 21631 ns, Total: 105160 ns
[2020-02-28T03:14:02.030+0000][1][safepoint    ] Safepoint "RevokeBias", Time since last: 2515455690 ns, Reaching safepoint: 85496 ns, At safepoint: 20485 ns, Total: 105981 ns
[2020-02-28T03:14:04.534+0000][1][safepoint    ] Safepoint "RevokeBias", Time since last: 2504239730 ns, Reaching safepoint: 81826 ns, At safepoint: 20531 ns, Total: 102357 ns
[2020-02-28T03:14:07.041+0000][1][safepoint    ] Safepoint "RevokeBias", Time since last: 2506687591 ns, Reaching safepoint: 90695 ns, At safepoint: 21075 ns, Total: 111770 ns
[2020-02-28T03:14:09.545+0000][1][safepoint    ] Safepoint "RevokeBias", Time since last: 2504162126 ns, Reaching safepoint: 71859 ns, At safepoint: 18252 ns, Total: 90111 ns
[2020-02-28T03:14:12.051+0000][1][safepoint    ] Safepoint "RevokeBias", Time since last: 2505934140 ns, Reaching safepoint: 75030 ns, At safepoint: 19073 ns, Total: 94103 ns
[2020-02-28T03:14:14.555+0000][1][safepoint    ] Safepoint "RevokeBias", Time since last: 2503578139 ns, Reaching safepoint: 84191 ns, At safepoint: 20908 ns, Total: 105099 ns
[2020-02-28T03:14:17.069+0000][1][safepoint    ] Safepoint "RevokeBias", Time since last: 2514385930 ns, Reaching safepoint: 51997 ns, At safepoint: 16304 ns, Total: 68301 ns
[2020-02-28T03:14:19.644+0000][1][safepoint    ] Safepoint "RevokeBias", Time since last: 2574437417 ns, Reaching safepoint: 270515 ns, At safepoint: 34352 ns, Total: 304867 ns
[2020-02-28T03:14:22.164+0000][1][safepoint    ] Safepoint "RevokeBias", Time since last: 2519368292 ns, Reaching safepoint: 90442 ns, At safepoint: 20642 ns, Total: 111084 ns
[2020-02-28T03:14:23.164+0000][1][safepoint    ] Safepoint "Cleanup", Time since last: 1000416309 ns, Reaching safepoint: 97563 ns, At safepoint: 8692 ns, Total: 106255 ns
[2020-02-28T03:14:24.677+0000][1][safepoint    ] Safepoint "RevokeBias", Time since last: 1513195650 ns, Reaching safepoint: 111672 ns, At safepoint: 24821 ns, Total: 136493 ns
[2020-02-28T03:14:27.199+0000][1][safepoint    ] Safepoint "RevokeBias", Time since last: 2521474356 ns, Reaching safepoint: 53969 ns, At safepoint: 16294 ns, Total: 70263 ns
[2020-02-28T03:14:29.705+0000][1][safepoint    ] Safepoint "RevokeBias", Time since last: 2506300697 ns, Reaching safepoint: 95716 ns, At safepoint: 24571 ns, Total: 120287 ns
[2020-02-28T03:14:32.212+0000][1][safepoint    ] Safepoint "RevokeBias", Time since last: 2506384572 ns, Reaching safepoint: 84362 ns, At safepoint: 20567 ns, Total: 104929 ns
[2020-02-28T03:14:34.716+0000][1][safepoint    ] Safepoint "RevokeBias", Time since last: 2503990216 ns, Reaching safepoint: 83278 ns, At safepoint: 20670 ns, Total: 103948 ns
[2020-02-28T03:14:37.222+0000][1][safepoint    ] Safepoint "RevokeBias", Time since last: 2505656630 ns, Reaching safepoint: 112957 ns, At safepoint: 23126 ns, Total: 136083 ns
[2020-02-28T03:14:39.727+0000][1][safepoint    ] Safepoint "RevokeBias", Time since last: 2505615090 ns, Reaching safepoint: 74177 ns, At safepoint: 17955 ns, Total: 92132 ns
[2020-02-28T03:14:42.233+0000][1][safepoint    ] Safepoint "RevokeBias", Time since last: 2505712411 ns, Reaching safepoint: 73924 ns, At safepoint: 18262 ns, Total: 92186 ns
[2020-02-28T03:14:43.234+0000][1][safepoint    ] Safepoint "Cleanup", Time since last: 1000813908 ns, Reaching safepoint: 81820 ns, At safepoint: 7221 ns, Total: 89041 ns
[2020-02-28T03:14:44.738+0000][1][safepoint    ] Safepoint "RevokeBias", Time since last: 1503282229 ns, Reaching safepoint: 94527 ns, At safepoint: 29037 ns, Total: 123564 ns
[2020-02-28T03:14:47.243+0000][1][safepoint    ] Safepoint "RevokeBias", Time since last: 2505627940 ns, Reaching safepoint: 81061 ns, At safepoint: 19754 ns, Total: 100815 ns
[2020-02-28T03:14:49.746+0000][1][safepoint    ] Safepoint "RevokeBias", Time since last: 2502438067 ns, Reaching safepoint: 82101 ns, At safepoint: 20146 ns, Total: 102247 ns
[2020-02-28T03:14:52.252+0000][1][safepoint    ] Safepoint "RevokeBias", Time since last: 2506556784 ns, Reaching safepoint: 82670 ns, At safepoint: 19799 ns, Total: 102469 ns
[2020-02-28T03:14:54.757+0000][1][safepoint    ] Safepoint "RevokeBias", Time since last: 2504514841 ns, Reaching safepoint: 58076 ns, At safepoint: 18236 ns, Total: 76312 ns
[2020-02-28T03:14:57.274+0000][1][safepoint    ] Safepoint "RevokeBias", Time since last: 2517293768 ns, Reaching safepoint: 57175 ns, At safepoint: 16914 ns, Total: 74089 ns
[2020-02-28T03:14:59.785+0000][1][safepoint    ] Safepoint "RevokeBias", Time since last: 2509910804 ns, Reaching safepoint: 107752 ns, At safepoint: 91830 ns, Total: 199582 ns
[2020-02-28T03:15:02.292+0000][1][safepoint    ] Safepoint "RevokeBias", Time since last: 2506879548 ns, Reaching safepoint: 83527 ns, At safepoint: 19566 ns, Total: 103093 ns
[2020-02-28T03:15:04.795+0000][1][safepoint    ] Safepoint "RevokeBias", Time since last: 2503691234 ns, Reaching safepoint: 107960 ns, At safepoint: 36824 ns, Total: 144784 ns
[2020-02-28T03:15:07.314+0000][1][safepoint    ] Safepoint "RevokeBias", Time since last: 2517348364 ns, Reaching safepoint: 1085383 ns, At safepoint: 101668 ns, Total: 1187051 ns
[2020-02-28T03:15:09.818+0000][1][safepoint    ] Safepoint "BulkRevokeBias", Time since last: 2503455808 ns, Reaching safepoint: 73202 ns, At safepoint: 188691 ns, Total: 261893 ns
[2020-02-28T03:15:12.324+0000][1][safepoint    ] Safepoint "RevokeBias", Time since last: 2506105767 ns, Reaching safepoint: 184479 ns, At safepoint: 38649 ns, Total: 223128 ns
[2020-02-28T03:15:14.828+0000][1][safepoint    ] Safepoint "RevokeBias", Time since last: 2504087772 ns, Reaching safepoint: 100201 ns, At safepoint: 24771 ns, Total: 124972 ns
[2020-02-28T03:15:17.333+0000][1][safepoint    ] Safepoint "RevokeBias", Time since last: 2504891669 ns, Reaching safepoint: 123049 ns, At safepoint: 37670 ns, Total: 160719 ns
[2020-02-28T03:15:19.836+0000][1][safepoint    ] Safepoint "RevokeBias", Time since last: 2503080526 ns, Reaching safepoint: 72222 ns, At safepoint: 18024 ns, Total: 90246 ns
[2020-02-28T03:15:22.340+0000][1][safepoint    ] Safepoint "RevokeBias", Time since last: 2503955401 ns, Reaching safepoint: 74993 ns, At safepoint: 18747 ns, Total: 93740 ns
[2020-02-28T03:15:24.845+0000][1][safepoint    ] Safepoint "RevokeBias", Time since last: 2504194491 ns, Reaching safepoint: 112314 ns, At safepoint: 19033 ns, Total: 131347 ns
[2020-02-28T03:15:27.351+0000][1][safepoint    ] Safepoint "RevokeBias", Time since last: 2506312643 ns, Reaching safepoint: 75663 ns, At safepoint: 18914 ns, Total: 94577 ns
[2020-02-28T03:15:29.859+0000][1][safepoint    ] Safepoint "RevokeBias", Time since last: 2507581175 ns, Reaching safepoint: 90661 ns, At safepoint: 19622 ns, Total: 110283 ns
[2020-02-28T03:15:32.365+0000][1][safepoint    ] Safepoint "RevokeBias", Time since last: 2506043163 ns, Reaching safepoint: 107491 ns, At safepoint: 23264 ns, Total: 130755 ns
[2020-02-28T03:15:34.870+0000][1][safepoint    ] Safepoint "RevokeBias", Time since last: 2504387327 ns, Reaching safepoint: 175937 ns, At safepoint: 20895 ns, Total: 196832 ns
[2020-02-28T03:15:37.375+0000][1][safepoint    ] Safepoint "RevokeBias", Time since last: 2505584451 ns, Reaching safepoint: 71408 ns, At safepoint: 19077 ns, Total: 90485 ns
[2020-02-28T03:15:39.879+0000][1][safepoint    ] Safepoint "RevokeBias", Time since last: 2503878856 ns, Reaching safepoint: 177080 ns, At safepoint: 22247 ns, Total: 199327 ns
[2020-02-28T03:15:42.385+0000][1][safepoint    ] Safepoint "RevokeBias", Time since last: 2505372032 ns, Reaching safepoint: 141252 ns, At safepoint: 24029 ns, Total: 165281 ns
[2020-02-28T03:15:44.890+0000][1][safepoint    ] Safepoint "RevokeBias", Time since last: 2504974670 ns, Reaching safepoint: 91736 ns, At safepoint: 21981 ns, Total: 113717 ns
[2020-02-28T03:15:47.394+0000][1][safepoint    ] Safepoint "RevokeBias", Time since last: 2504073143 ns, Reaching safepoint: 128853 ns, At safepoint: 20745 ns, Total: 149598 ns
[2020-02-28T03:15:49.899+0000][1][safepoint    ] Safepoint "RevokeBias", Time since last: 2504601905 ns, Reaching safepoint: 70780 ns, At safepoint: 16871 ns, Total: 87651 ns
[2020-02-28T03:15:52.405+0000][1][safepoint    ] Safepoint "RevokeBias", Time since last: 2506236434 ns, Reaching safepoint: 72693 ns, At safepoint: 29505 ns, Total: 102198 ns
[2020-02-28T03:15:54.943+0000][1][safepoint    ] Safepoint "RevokeBias", Time since last: 2538009923 ns, Reaching safepoint: 104029 ns, At safepoint: 31441 ns, Total: 135470 ns
[2020-02-28T03:15:57.450+0000][1][safepoint    ] Safepoint "RevokeBias", Time since last: 2506432585 ns, Reaching safepoint: 75560 ns, At safepoint: 18964 ns, Total: 94524 ns
[2020-02-28T03:15:59.960+0000][1][safepoint    ] Safepoint "RevokeBias", Time since last: 2509908211 ns, Reaching safepoint: 276287 ns, At safepoint: 55850 ns, Total: 332137 ns
[2020-02-28T03:16:02.513+0000][1][safepoint    ] Safepoint "RevokeBias", Time since last: 2552803793 ns, Reaching safepoint: 76652 ns, At safepoint: 18869 ns, Total: 95521 ns
[2020-02-28T03:16:05.022+0000][1][safepoint    ] Safepoint "RevokeBias", Time since last: 2509061808 ns, Reaching safepoint: 82753 ns, At safepoint: 21169 ns, Total: 103922 ns
[2020-02-28T03:16:06.025+0000][1][safepoint    ] Safepoint "Cleanup", Time since last: 1003203038 ns, Reaching safepoint: 58933 ns, At safepoint: 5735 ns, Total: 64668 ns
[2020-02-28T03:16:07.529+0000][1][safepoint    ] Safepoint "RevokeBias", Time since last: 1503523266 ns, Reaching safepoint: 94209 ns, At safepoint: 25396 ns, Total: 119605 ns
[2020-02-28T03:16:09.008+0000][1][gc,start     ] GC(61) Pause Young (Allocation Failure)
[2020-02-28T03:16:09.008+0000][1][gc,task      ] GC(61) Using 1 workers of 1 for evacuation
[2020-02-28T03:16:09.020+0000][1][gc,age       ] GC(61) Desired survivor size 4358144 bytes, new threshold 6 (max threshold 6)
[2020-02-28T03:16:09.020+0000][1][gc,age       ] GC(61) Age table with threshold 6 (max threshold 6)
[2020-02-28T03:16:09.020+0000][1][gc,age       ] GC(61) - age   1:      12768 bytes,      12768 total
[2020-02-28T03:16:09.020+0000][1][gc,age       ] GC(61) - age   2:        560 bytes,      13328 total
[2020-02-28T03:16:09.020+0000][1][gc,age       ] GC(61) - age   3:        112 bytes,      13440 total
[2020-02-28T03:16:09.020+0000][1][gc,age       ] GC(61) - age   4:         56 bytes,      13496 total
[2020-02-28T03:16:09.020+0000][1][gc,age       ] GC(61) - age   5:      17072 bytes,      30568 total
[2020-02-28T03:16:09.020+0000][1][gc,age       ] GC(61) - age   6:      12448 bytes,      43016 total
[2020-02-28T03:16:09.020+0000][1][gc,heap      ] GC(61) ParNew: 68234K->48K(76672K)
[2020-02-28T03:16:09.020+0000][1][gc,heap      ] GC(61) CMS: 62614K->62614K(963392K)
[2020-02-28T03:16:09.020+0000][1][gc,metaspace ] GC(61) Metaspace: 79728K->79728K(1122304K)
[2020-02-28T03:16:09.020+0000][1][gc           ] GC(61) Pause Young (Allocation Failure) 127M->61M(1015M) 12.095ms
[2020-02-28T03:16:09.020+0000][1][gc,cpu       ] GC(61) User=0.01s Sys=0.00s Real=0.01s
[2020-02-28T03:16:09.020+0000][1][safepoint    ] Safepoint "GenCollectForAllocation", Time since last: 1479134689 ns, Reaching safepoint: 75768 ns, At safepoint: 12166094 ns, Total: 12241862 ns
[2020-02-28T03:16:10.034+0000][1][safepoint    ] Safepoint "RevokeBias", Time since last: 1013696201 ns, Reaching safepoint: 218926 ns, At safepoint: 34302 ns, Total: 253228 ns
[2020-02-28T03:16:12.541+0000][1][safepoint    ] Safepoint "RevokeBias", Time since last: 2506044357 ns, Reaching safepoint: 74257 ns, At safepoint: 86256 ns, Total: 160513 ns
[2020-02-28T03:16:15.045+0000][1][safepoint    ] Safepoint "RevokeBias", Time since last: 2504242043 ns, Reaching safepoint: 75184 ns, At safepoint: 19718 ns, Total: 94902 ns
[2020-02-28T03:16:17.550+0000][1][safepoint    ] Safepoint "RevokeBias", Time since last: 2504461050 ns, Reaching safepoint: 118746 ns, At safepoint: 16945 ns, Total: 135691 ns
[2020-02-28T03:16:20.053+0000][1][safepoint    ] Safepoint "RevokeBias", Time since last: 2503653555 ns, Reaching safepoint: 137324 ns, At safepoint: 20328 ns, Total: 157652 ns
[2020-02-28T03:16:22.560+0000][1][safepoint    ] Safepoint "BulkRevokeBias", Time since last: 2505882207 ns, Reaching safepoint: 79899 ns, At safepoint: 247255 ns, Total: 327154 ns
[2020-02-28T03:16:25.065+0000][1][safepoint    ] Safepoint "RevokeBias", Time since last: 2504820586 ns, Reaching safepoint: 84596 ns, At safepoint: 21335 ns, Total: 105931 ns
[2020-02-28T03:16:27.571+0000][1][safepoint    ] Safepoint "RevokeBias", Time since last: 2506446336 ns, Reaching safepoint: 106400 ns, At safepoint: 18806 ns, Total: 125206 ns
[2020-02-28T03:16:30.077+0000][1][safepoint    ] Safepoint "RevokeBias", Time since last: 2506218298 ns, Reaching safepoint: 99982 ns, At safepoint: 24698 ns, Total: 124680 ns
[2020-02-28T03:16:32.582+0000][1][safepoint    ] Safepoint "RevokeBias", Time since last: 2504759081 ns, Reaching safepoint: 75699 ns, At safepoint: 19557 ns, Total: 95256 ns
[2020-02-28T03:16:35.087+0000][1][safepoint    ] Safepoint "RevokeBias", Time since last: 2504283710 ns, Reaching safepoint: 74247 ns, At safepoint: 17701 ns, Total: 91948 ns
[2020-02-28T03:16:37.593+0000][1][safepoint    ] Safepoint "RevokeBias", Time since last: 2505941573 ns, Reaching safepoint: 103014 ns, At safepoint: 28444 ns, Total: 131458 ns
[2020-02-28T03:16:40.097+0000][1][safepoint    ] Safepoint "RevokeBias", Time since last: 2504186810 ns, Reaching safepoint: 82363 ns, At safepoint: 21689 ns, Total: 104052 ns
[2020-02-28T03:16:42.603+0000][1][safepoint    ] Safepoint "RevokeBias", Time since last: 2505543603 ns, Reaching safepoint: 69871 ns, At safepoint: 17894 ns, Total: 87765 ns
[2020-02-28T03:16:45.124+0000][1][safepoint    ] Safepoint "RevokeBias", Time since last: 2517795483 ns, Reaching safepoint: 3860604 ns, At safepoint: 21075 ns, Total: 3881679 ns
[2020-02-28T03:16:46.125+0000][1][safepoint    ] Safepoint "Cleanup", Time since last: 1000442682 ns, Reaching safepoint: 97204 ns, At safepoint: 9092 ns, Total: 106296 ns
[2020-02-28T03:16:47.637+0000][1][safepoint    ] Safepoint "RevokeBias", Time since last: 1512366420 ns, Reaching safepoint: 75920 ns, At safepoint: 20486 ns, Total: 96406 ns
[2020-02-28T03:16:50.141+0000][1][safepoint    ] Safepoint "RevokeBias", Time since last: 2503059005 ns, Reaching safepoint: 84919 ns, At safepoint: 21290 ns, Total: 106209 ns
[2020-02-28T03:16:52.647+0000][1][safepoint    ] Safepoint "RevokeBias", Time since last: 2506537827 ns, Reaching safepoint: 75233 ns, At safepoint: 18435 ns, Total: 93668 ns
[2020-02-28T03:16:55.168+0000][1][safepoint    ] Safepoint "RevokeBias", Time since last: 2521088175 ns, Reaching safepoint: 74270 ns, At safepoint: 17870 ns, Total: 92140 ns
[2020-02-28T03:16:57.681+0000][1][safepoint    ] Safepoint "RevokeBias", Time since last: 2512572563 ns, Reaching safepoint: 74552 ns, At safepoint: 18448 ns, Total: 93000 ns
[2020-02-28T03:17:00.197+0000][1][safepoint    ] Safepoint "RevokeBias", Time since last: 2515489823 ns, Reaching safepoint: 128774 ns, At safepoint: 34392 ns, Total: 163166 ns
[2020-02-28T03:17:02.708+0000][1][safepoint    ] Safepoint "RevokeBias", Time since last: 2511537313 ns, Reaching safepoint: 73551 ns, At safepoint: 18532 ns, Total: 92083 ns
[2020-02-28T03:17:05.222+0000][1][safepoint    ] Safepoint "RevokeBias", Time since last: 2513762592 ns, Reaching safepoint: 71148 ns, At safepoint: 18029 ns, Total: 89177 ns
[2020-02-28T03:17:07.738+0000][1][safepoint    ] Safepoint "RevokeBias", Time since last: 2515508808 ns, Reaching safepoint: 84383 ns, At safepoint: 20660 ns, Total: 105043 ns
[2020-02-28T03:17:10.242+0000][1][safepoint    ] Safepoint "RevokeBias", Time since last: 2503942016 ns, Reaching safepoint: 114029 ns, At safepoint: 19323 ns, Total: 133352 ns
[2020-02-28T03:17:12.749+0000][1][safepoint    ] Safepoint "RevokeBias", Time since last: 2506692509 ns, Reaching safepoint: 80085 ns, At safepoint: 20830 ns, Total: 100915 ns
[2020-02-28T03:17:15.253+0000][1][safepoint    ] Safepoint "RevokeBias", Time since last: 2504522473 ns, Reaching safepoint: 82922 ns, At safepoint: 20628 ns, Total: 103550 ns
[2020-02-28T03:17:17.760+0000][1][safepoint    ] Safepoint "RevokeBias", Time since last: 2506626528 ns, Reaching safepoint: 84788 ns, At safepoint: 21503 ns, Total: 106291 ns
[2020-02-28T03:17:20.274+0000][1][safepoint    ] Safepoint "RevokeBias", Time since last: 2513523417 ns, Reaching safepoint: 55914 ns, At safepoint: 18795 ns, Total: 74709 ns
[2020-02-28T03:17:22.782+0000][1][safepoint    ] Safepoint "RevokeBias", Time since last: 2507959917 ns, Reaching safepoint: 92344 ns, At safepoint: 17852 ns, Total: 110196 ns
[2020-02-28T03:17:25.297+0000][1][safepoint    ] Safepoint "RevokeBias", Time since last: 2515170914 ns, Reaching safepoint: 66456 ns, At safepoint: 19810 ns, Total: 86266 ns
[2020-02-28T03:17:26.304+0000][1][safepoint    ] Safepoint "Cleanup", Time since last: 1006638181 ns, Reaching safepoint: 86206 ns, At safepoint: 8561 ns, Total: 94767 ns
[2020-02-28T03:17:27.804+0000][1][safepoint    ] Safepoint "RevokeBias", Time since last: 1500345622 ns, Reaching safepoint: 72215 ns, At safepoint: 18051 ns, Total: 90266 ns
[2020-02-28T03:17:30.315+0000][1][safepoint    ] Safepoint "RevokeBias", Time since last: 2510597282 ns, Reaching safepoint: 170239 ns, At safepoint: 78322 ns, Total: 248561 ns
[2020-02-28T03:17:32.828+0000][1][safepoint    ] Safepoint "RevokeBias", Time since last: 2512747292 ns, Reaching safepoint: 92052 ns, At safepoint: 21609 ns, Total: 113661 ns
[2020-02-28T03:17:35.350+0000][1][safepoint    ] Safepoint "BulkRevokeBias", Time since last: 2517416657 ns, Reaching safepoint: 4807162 ns, At safepoint: 426906 ns, Total: 5234068 ns
[2020-02-28T03:17:37.854+0000][1][safepoint    ] Safepoint "RevokeBias", Time since last: 2503002245 ns, Reaching safepoint: 73637 ns, At safepoint: 56113 ns, Total: 129750 ns
[2020-02-28T03:17:40.366+0000][1][safepoint    ] Safepoint "RevokeBias", Time since last: 2512313783 ns, Reaching safepoint: 54000 ns, At safepoint: 16736 ns, Total: 70736 ns
[2020-02-28T03:17:42.877+0000][1][safepoint    ] Safepoint "RevokeBias", Time since last: 2511166642 ns, Reaching safepoint: 74681 ns, At safepoint: 19087 ns, Total: 93768 ns
[2020-02-28T03:17:45.385+0000][1][safepoint    ] Safepoint "RevokeBias", Time since last: 2508024978 ns, Reaching safepoint: 67728 ns, At safepoint: 17549 ns, Total: 85277 ns
[2020-02-28T03:17:47.897+0000][1][safepoint    ] Safepoint "RevokeBias", Time since last: 2511539586 ns, Reaching safepoint: 75352 ns, At safepoint: 18277 ns, Total: 93629 ns
[2020-02-28T03:17:50.408+0000][1][safepoint    ] Safepoint "RevokeBias", Time since last: 2510618596 ns, Reaching safepoint: 70314 ns, At safepoint: 17823 ns, Total: 88137 ns
[2020-02-28T03:17:52.925+0000][1][safepoint    ] Safepoint "RevokeBias", Time since last: 2517267148 ns, Reaching safepoint: 75931 ns, At safepoint: 18671 ns, Total: 94602 ns
[2020-02-28T03:17:55.437+0000][1][safepoint    ] Safepoint "RevokeBias", Time since last: 2512270559 ns, Reaching safepoint: 52232 ns, At safepoint: 16406 ns, Total: 68638 ns
[2020-02-28T03:17:57.949+0000][1][safepoint    ] Safepoint "RevokeBias", Time since last: 2511430281 ns, Reaching safepoint: 81926 ns, At safepoint: 21449 ns, Total: 103375 ns
[2020-02-28T03:18:00.468+0000][1][safepoint    ] Safepoint "RevokeBias", Time since last: 2519324774 ns, Reaching safepoint: 73529 ns, At safepoint: 20562 ns, Total: 94091 ns
[2020-02-28T03:18:02.983+0000][1][safepoint    ] Safepoint "RevokeBias", Time since last: 2515075323 ns, Reaching safepoint: 73856 ns, At safepoint: 18175 ns, Total: 92031 ns
[2020-02-28T03:18:05.503+0000][1][safepoint    ] Safepoint "RevokeBias", Time since last: 2519305814 ns, Reaching safepoint: 113652 ns, At safepoint: 59936 ns, Total: 173588 ns
[2020-02-28T03:18:08.014+0000][1][safepoint    ] Safepoint "RevokeBias", Time since last: 2511178942 ns, Reaching safepoint: 85261 ns, At safepoint: 20820 ns, Total: 106081 ns
[2020-02-28T03:18:10.530+0000][1][safepoint    ] Safepoint "RevokeBias", Time since last: 2516013236 ns, Reaching safepoint: 66979 ns, At safepoint: 17514 ns, Total: 84493 ns
[2020-02-28T03:18:13.048+0000][1][safepoint    ] Safepoint "RevokeBias", Time since last: 2517184937 ns, Reaching safepoint: 74342 ns, At safepoint: 18429 ns, Total: 92771 ns
[2020-02-28T03:18:15.559+0000][1][safepoint    ] Safepoint "RevokeBias", Time since last: 2511745133 ns, Reaching safepoint: 56191 ns, At safepoint: 17716 ns, Total: 73907 ns
[2020-02-28T03:18:18.069+0000][1][safepoint    ] Safepoint "RevokeBias", Time since last: 2509439173 ns, Reaching safepoint: 73606 ns, At safepoint: 69159 ns, Total: 142765 ns
[2020-02-28T03:18:20.582+0000][1][safepoint    ] Safepoint "RevokeBias", Time since last: 2513284513 ns, Reaching safepoint: 120399 ns, At safepoint: 51961 ns, Total: 172360 ns
[2020-02-28T03:18:23.092+0000][1][safepoint    ] Safepoint "RevokeBias", Time since last: 2509270216 ns, Reaching safepoint: 73045 ns, At safepoint: 18537 ns, Total: 91582 ns
[2020-02-28T03:18:25.606+0000][1][safepoint    ] Safepoint "RevokeBias", Time since last: 2514274066 ns, Reaching safepoint: 53026 ns, At safepoint: 16364 ns, Total: 69390 ns
[2020-02-28T03:18:28.118+0000][1][gc,start     ] GC(62) Pause Young (Allocation Failure)
[2020-02-28T03:18:28.118+0000][1][gc,task      ] GC(62) Using 1 workers of 1 for evacuation
[2020-02-28T03:18:28.128+0000][1][gc,age       ] GC(62) Desired survivor size 4358144 bytes, new threshold 6 (max threshold 6)
[2020-02-28T03:18:28.128+0000][1][gc,age       ] GC(62) Age table with threshold 6 (max threshold 6)
[2020-02-28T03:18:28.128+0000][1][gc,age       ] GC(62) - age   1:      10952 bytes,      10952 total
[2020-02-28T03:18:28.128+0000][1][gc,age       ] GC(62) - age   2:       2048 bytes,      13000 total
[2020-02-28T03:18:28.128+0000][1][gc,age       ] GC(62) - age   3:        320 bytes,      13320 total
[2020-02-28T03:18:28.128+0000][1][gc,age       ] GC(62) - age   4:        112 bytes,      13432 total
[2020-02-28T03:18:28.128+0000][1][gc,age       ] GC(62) - age   5:         56 bytes,      13488 total
[2020-02-28T03:18:28.128+0000][1][gc,age       ] GC(62) - age   6:      17072 bytes,      30560 total
[2020-02-28T03:18:28.128+0000][1][gc,heap      ] GC(62) ParNew: 68208K->37K(76672K)
[2020-02-28T03:18:28.128+0000][1][gc,heap      ] GC(62) CMS: 62614K->62626K(963392K)
[2020-02-28T03:18:28.128+0000][1][gc,metaspace ] GC(62) Metaspace: 79728K->79728K(1122304K)
[2020-02-28T03:18:28.128+0000][1][gc           ] GC(62) Pause Young (Allocation Failure) 127M->61M(1015M) 10.688ms
[2020-02-28T03:18:28.128+0000][1][gc,cpu       ] GC(62) User=0.01s Sys=0.00s Real=0.01s
[2020-02-28T03:18:28.128+0000][1][safepoint    ] Safepoint "GenCollectForAllocation", Time since last: 2511302454 ns, Reaching safepoint: 165113 ns, At safepoint: 10747807 ns, Total: 10912920 ns
[2020-02-28T03:18:28.130+0000][1][safepoint    ] Safepoint "RevokeBias", Time since last: 1520020 ns, Reaching safepoint: 77127 ns, At safepoint: 54041 ns, Total: 131168 ns
[2020-02-28T03:18:30.669+0000][1][safepoint    ] Safepoint "RevokeBias", Time since last: 2528239926 ns, Reaching safepoint: 10971270 ns, At safepoint: 36399 ns, Total: 11007669 ns
[2020-02-28T03:18:33.161+0000][1][safepoint    ] Safepoint "RevokeBias", Time since last: 2491694846 ns, Reaching safepoint: 75129 ns, At safepoint: 19502 ns, Total: 94631 ns
[2020-02-28T03:18:35.676+0000][1][safepoint    ] Safepoint "RevokeBias", Time since last: 2514917431 ns, Reaching safepoint: 71834 ns, At safepoint: 18011 ns, Total: 89845 ns
[2020-02-28T03:18:38.191+0000][1][safepoint    ] Safepoint "RevokeBias", Time since last: 2515164768 ns, Reaching safepoint: 71715 ns, At safepoint: 18661 ns, Total: 90376 ns
[2020-02-28T03:18:40.703+0000][1][safepoint    ] Safepoint "RevokeBias", Time since last: 2511950729 ns, Reaching safepoint: 71009 ns, At safepoint: 17874 ns, Total: 88883 ns
[2020-02-28T03:18:43.220+0000][1][safepoint    ] Safepoint "RevokeBias", Time since last: 2516807281 ns, Reaching safepoint: 74872 ns, At safepoint: 37581 ns, Total: 112453 ns
[2020-02-28T03:18:45.739+0000][1][safepoint    ] Safepoint "RevokeBias", Time since last: 2518148981 ns, Reaching safepoint: 71193 ns, At safepoint: 17481 ns, Total: 88674 ns
[2020-02-28T03:18:48.252+0000][1][safepoint    ] Safepoint "BulkRevokeBias", Time since last: 2512982302 ns, Reaching safepoint: 83511 ns, At safepoint: 215408 ns, Total: 298919 ns
[2020-02-28T03:18:50.762+0000][1][safepoint    ] Safepoint "RevokeBias", Time since last: 2510491303 ns, Reaching safepoint: 71429 ns, At safepoint: 18361 ns, Total: 89790 ns
[2020-02-28T03:18:53.274+0000][1][safepoint    ] Safepoint "RevokeBias", Time since last: 2511223229 ns, Reaching safepoint: 71240 ns, At safepoint: 18492 ns, Total: 89732 ns
[2020-02-28T03:18:55.778+0000][1][safepoint    ] Safepoint "RevokeBias", Time since last: 2503790513 ns, Reaching safepoint: 112840 ns, At safepoint: 23250 ns, Total: 136090 ns
[2020-02-28T03:18:58.283+0000][1][safepoint    ] Safepoint "RevokeBias", Time since last: 2505015853 ns, Reaching safepoint: 84001 ns, At safepoint: 20736 ns, Total: 104737 ns
[2020-02-28T03:19:00.785+0000][1][safepoint    ] Safepoint "RevokeBias", Time since last: 2502461392 ns, Reaching safepoint: 88336 ns, At safepoint: 21034 ns, Total: 109370 ns
[2020-02-28T03:19:03.290+0000][1][safepoint    ] Safepoint "RevokeBias", Time since last: 2504230095 ns, Reaching safepoint: 76010 ns, At safepoint: 18742 ns, Total: 94752 ns
[2020-02-28T03:19:05.794+0000][1][safepoint    ] Safepoint "RevokeBias", Time since last: 2504611321 ns, Reaching safepoint: 75135 ns, At safepoint: 18333 ns, Total: 93468 ns
[2020-02-28T03:19:08.298+0000][1][safepoint    ] Safepoint "RevokeBias", Time since last: 2503479803 ns, Reaching safepoint: 88197 ns, At safepoint: 20666 ns, Total: 108863 ns
[2020-02-28T03:19:10.801+0000][1][safepoint    ] Safepoint "RevokeBias", Time since last: 2503398924 ns, Reaching safepoint: 69518 ns, At safepoint: 20160 ns, Total: 89678 ns
[2020-02-28T03:19:13.308+0000][1][safepoint    ] Safepoint "RevokeBias", Time since last: 2506100893 ns, Reaching safepoint: 76173 ns, At safepoint: 19339 ns, Total: 95512 ns
[2020-02-28T03:19:15.818+0000][1][safepoint    ] Safepoint "RevokeBias", Time since last: 2510316612 ns, Reaching safepoint: 102934 ns, At safepoint: 26928 ns, Total: 129862 ns
[2020-02-28T03:19:18.325+0000][1][safepoint    ] Safepoint "RevokeBias", Time since last: 2506781037 ns, Reaching safepoint: 72119 ns, At safepoint: 17905 ns, Total: 90024 ns
[2020-02-28T03:19:20.829+0000][1][safepoint    ] Safepoint "RevokeBias", Time since last: 2503857720 ns, Reaching safepoint: 106949 ns, At safepoint: 20911 ns, Total: 127860 ns
[2020-02-28T03:19:23.335+0000][1][safepoint    ] Safepoint "RevokeBias", Time since last: 2505974866 ns, Reaching safepoint: 74162 ns, At safepoint: 19071 ns, Total: 93233 ns
[2020-02-28T03:19:25.840+0000][1][safepoint    ] Safepoint "RevokeBias", Time since last: 2505272258 ns, Reaching safepoint: 83448 ns, At safepoint: 21133 ns, Total: 104581 ns
[2020-02-28T03:19:28.346+0000][1][safepoint    ] Safepoint "RevokeBias", Time since last: 2505058428 ns, Reaching safepoint: 127844 ns, At safepoint: 23096 ns, Total: 150940 ns
[2020-02-28T03:19:30.849+0000][1][safepoint    ] Safepoint "RevokeBias", Time since last: 2502925086 ns, Reaching safepoint: 81899 ns, At safepoint: 21428 ns, Total: 103327 ns
[2020-02-28T03:19:33.352+0000][1][safepoint    ] Safepoint "RevokeBias", Time since last: 2503370494 ns, Reaching safepoint: 137065 ns, At safepoint: 21874 ns, Total: 158939 ns
[2020-02-28T03:19:35.857+0000][1][safepoint    ] Safepoint "RevokeBias", Time since last: 2505134140 ns, Reaching safepoint: 73411 ns, At safepoint: 17965 ns, Total: 91376 ns
[2020-02-28T03:19:38.364+0000][1][safepoint    ] Safepoint "RevokeBias", Time since last: 2506211599 ns, Reaching safepoint: 74612 ns, At safepoint: 17287 ns, Total: 91899 ns
[2020-02-28T03:19:40.867+0000][1][safepoint    ] Safepoint "RevokeBias", Time since last: 2503435597 ns, Reaching safepoint: 85175 ns, At safepoint: 21160 ns, Total: 106335 ns
[2020-02-28T03:19:43.374+0000][1][safepoint    ] Safepoint "RevokeBias", Time since last: 2506671837 ns, Reaching safepoint: 84286 ns, At safepoint: 21100 ns, Total: 105386 ns
[2020-02-28T03:19:45.880+0000][1][safepoint    ] Safepoint "RevokeBias", Time since last: 2506020485 ns, Reaching safepoint: 68495 ns, At safepoint: 16371 ns, Total: 84866 ns
[2020-02-28T03:19:48.386+0000][1][safepoint    ] Safepoint "RevokeBias", Time since last: 2506074087 ns, Reaching safepoint: 87098 ns, At safepoint: 21181 ns, Total: 108279 ns
[2020-02-28T03:19:50.890+0000][1][safepoint    ] Safepoint "RevokeBias", Time since last: 2503835535 ns, Reaching safepoint: 74343 ns, At safepoint: 18391 ns, Total: 92734 ns
[2020-02-28T03:19:53.397+0000][1][safepoint    ] Safepoint "RevokeBias", Time since last: 2506354759 ns, Reaching safepoint: 271501 ns, At safepoint: 25174 ns, Total: 296675 ns
[2020-02-28T03:19:55.901+0000][1][safepoint    ] Safepoint "RevokeBias", Time since last: 2504212357 ns, Reaching safepoint: 70918 ns, At safepoint: 17594 ns, Total: 88512 ns
[2020-02-28T03:19:58.405+0000][1][safepoint    ] Safepoint "RevokeBias", Time since last: 2503751447 ns, Reaching safepoint: 85883 ns, At safepoint: 20722 ns, Total: 106605 ns
[2020-02-28T03:20:00.909+0000][1][safepoint    ] Safepoint "BulkRevokeBias", Time since last: 2503126424 ns, Reaching safepoint: 104372 ns, At safepoint: 659325 ns, Total: 763697 ns
[2020-02-28T03:20:03.415+0000][1][safepoint    ] Safepoint "RevokeBias", Time since last: 2505495803 ns, Reaching safepoint: 92118 ns, At safepoint: 24183 ns, Total: 116301 ns
[2020-02-28T03:20:05.920+0000][1][safepoint    ] Safepoint "RevokeBias", Time since last: 2505051151 ns, Reaching safepoint: 84006 ns, At safepoint: 21034 ns, Total: 105040 ns
[2020-02-28T03:20:08.426+0000][1][safepoint    ] Safepoint "RevokeBias", Time since last: 2506393749 ns, Reaching safepoint: 77461 ns, At safepoint: 19635 ns, Total: 97096 ns
[2020-02-28T03:20:10.931+0000][1][safepoint    ] Safepoint "RevokeBias", Time since last: 2504445968 ns, Reaching safepoint: 87934 ns, At safepoint: 24098 ns, Total: 112032 ns
[2020-02-28T03:20:13.436+0000][1][safepoint    ] Safepoint "RevokeBias", Time since last: 2504699033 ns, Reaching safepoint: 104371 ns, At safepoint: 20019 ns, Total: 124390 ns
[2020-02-28T03:20:15.941+0000][1][safepoint    ] Safepoint "RevokeBias", Time since last: 2504965158 ns, Reaching safepoint: 100943 ns, At safepoint: 24998 ns, Total: 125941 ns
[2020-02-28T03:20:18.445+0000][1][safepoint    ] Safepoint "RevokeBias", Time since last: 2504579049 ns, Reaching safepoint: 75782 ns, At safepoint: 19294 ns, Total: 95076 ns
[2020-02-28T03:20:20.948+0000][1][safepoint    ] Safepoint "RevokeBias", Time since last: 2502979918 ns, Reaching safepoint: 93020 ns, At safepoint: 20665 ns, Total: 113685 ns
[2020-02-28T03:20:23.454+0000][1][safepoint    ] Safepoint "RevokeBias", Time since last: 2505532198 ns, Reaching safepoint: 74609 ns, At safepoint: 18131 ns, Total: 92740 ns
[2020-02-28T03:20:25.960+0000][1][safepoint    ] Safepoint "RevokeBias", Time since last: 2505545566 ns, Reaching safepoint: 121986 ns, At safepoint: 19804 ns, Total: 141790 ns
[2020-02-28T03:20:28.466+0000][1][safepoint    ] Safepoint "RevokeBias", Time since last: 2505836122 ns, Reaching safepoint: 80512 ns, At safepoint: 19012 ns, Total: 99524 ns
[2020-02-28T03:20:30.969+0000][1][safepoint    ] Safepoint "RevokeBias", Time since last: 2503390824 ns, Reaching safepoint: 85171 ns, At safepoint: 20703 ns, Total: 105874 ns
[2020-02-28T03:20:33.505+0000][1][safepoint    ] Safepoint "RevokeBias", Time since last: 2535619605 ns, Reaching safepoint: 80863 ns, At safepoint: 20444 ns, Total: 101307 ns
[2020-02-28T03:20:36.012+0000][1][safepoint    ] Safepoint "RevokeBias", Time since last: 2507338797 ns, Reaching safepoint: 74117 ns, At safepoint: 19413 ns, Total: 93530 ns
[2020-02-28T03:20:38.516+0000][1][safepoint    ] Safepoint "RevokeBias", Time since last: 2503539401 ns, Reaching safepoint: 73467 ns, At safepoint: 17943 ns, Total: 91410 ns
[2020-02-28T03:20:41.019+0000][1][safepoint    ] Safepoint "RevokeBias", Time since last: 2502853869 ns, Reaching safepoint: 74859 ns, At safepoint: 19016 ns, Total: 93875 ns
[2020-02-28T03:20:43.523+0000][1][safepoint    ] Safepoint "RevokeBias", Time since last: 2504368486 ns, Reaching safepoint: 106980 ns, At safepoint: 19551 ns, Total: 126531 ns
[2020-02-28T03:20:46.029+0000][1][safepoint    ] Safepoint "RevokeBias", Time since last: 2505371265 ns, Reaching safepoint: 102671 ns, At safepoint: 23875 ns, Total: 126546 ns
[2020-02-28T03:20:47.951+0000][1][gc,start     ] GC(63) Pause Young (Allocation Failure)
[2020-02-28T03:20:47.951+0000][1][gc,task      ] GC(63) Using 1 workers of 1 for evacuation
[2020-02-28T03:20:47.963+0000][1][gc,age       ] GC(63) Desired survivor size 4358144 bytes, new threshold 6 (max threshold 6)
[2020-02-28T03:20:47.963+0000][1][gc,age       ] GC(63) Age table with threshold 6 (max threshold 6)
[2020-02-28T03:20:47.963+0000][1][gc,age       ] GC(63) - age   1:      12520 bytes,      12520 total
[2020-02-28T03:20:47.963+0000][1][gc,age       ] GC(63) - age   3:       2048 bytes,      14568 total
[2020-02-28T03:20:47.963+0000][1][gc,age       ] GC(63) - age   4:        320 bytes,      14888 total
[2020-02-28T03:20:47.963+0000][1][gc,age       ] GC(63) - age   5:        112 bytes,      15000 total
[2020-02-28T03:20:47.963+0000][1][gc,age       ] GC(63) - age   6:         56 bytes,      15056 total
[2020-02-28T03:20:47.963+0000][1][gc,heap      ] GC(63) ParNew: 68197K->31K(76672K)
[2020-02-28T03:20:47.963+0000][1][gc,heap      ] GC(63) CMS: 62626K->62643K(963392K)
[2020-02-28T03:20:47.963+0000][1][gc,metaspace ] GC(63) Metaspace: 79736K->79736K(1122304K)
[2020-02-28T03:20:47.963+0000][1][gc           ] GC(63) Pause Young (Allocation Failure) 127M->61M(1015M) 11.932ms
[2020-02-28T03:20:47.963+0000][1][gc,cpu       ] GC(63) User=0.01s Sys=0.00s Real=0.01s
[2020-02-28T03:20:47.963+0000][1][safepoint    ] Safepoint "GenCollectForAllocation", Time since last: 1922371713 ns, Reaching safepoint: 76095 ns, At safepoint: 11980704 ns, Total: 12056799 ns
[2020-02-28T03:20:48.533+0000][1][safepoint    ] Safepoint "RevokeBias", Time since last: 569717488 ns, Reaching safepoint: 78189 ns, At safepoint: 19216 ns, Total: 97405 ns
[2020-02-28T03:20:51.036+0000][1][safepoint    ] Safepoint "RevokeBias", Time since last: 2503163627 ns, Reaching safepoint: 85133 ns, At safepoint: 20971 ns, Total: 106104 ns
[2020-02-28T03:20:53.546+0000][1][safepoint    ] Safepoint "RevokeBias", Time since last: 2509885279 ns, Reaching safepoint: 53731 ns, At safepoint: 17430 ns, Total: 71161 ns
[2020-02-28T03:20:56.058+0000][1][safepoint    ] Safepoint "RevokeBias", Time since last: 2511345950 ns, Reaching safepoint: 83440 ns, At safepoint: 21433 ns, Total: 104873 ns
[2020-02-28T03:20:58.583+0000][1][safepoint    ] Safepoint "RevokeBias", Time since last: 2525330605 ns, Reaching safepoint: 70918 ns, At safepoint: 18614 ns, Total: 89532 ns
[2020-02-28T03:21:01.091+0000][1][safepoint    ] Safepoint "RevokeBias", Time since last: 2508126906 ns, Reaching safepoint: 90049 ns, At safepoint: 22475 ns, Total: 112524 ns
[2020-02-28T03:21:03.602+0000][1][safepoint    ] Safepoint "RevokeBias", Time since last: 2510638200 ns, Reaching safepoint: 75077 ns, At safepoint: 19572 ns, Total: 94649 ns
[2020-02-28T03:21:05.604+0000][1][safepoint    ] Safepoint "Cleanup", Time since last: 2002075068 ns, Reaching safepoint: 81596 ns, At safepoint: 7874 ns, Total: 89470 ns
[2020-02-28T03:21:06.111+0000][1][safepoint    ] Safepoint "RevokeBias", Time since last: 506189796 ns, Reaching safepoint: 98743 ns, At safepoint: 23245 ns, Total: 121988 ns
[2020-02-28T03:21:08.626+0000][1][safepoint    ] Safepoint "RevokeBias", Time since last: 2515224435 ns, Reaching safepoint: 69889 ns, At safepoint: 18390 ns, Total: 88279 ns
[2020-02-28T03:21:11.135+0000][1][safepoint    ] Safepoint "RevokeBias", Time since last: 2509321365 ns, Reaching safepoint: 82458 ns, At safepoint: 20837 ns, Total: 103295 ns
[2020-02-28T03:21:13.656+0000][1][safepoint    ] Safepoint "BulkRevokeBias", Time since last: 2520473716 ns, Reaching safepoint: 71459 ns, At safepoint: 216434 ns, Total: 287893 ns
[2020-02-28T03:21:16.168+0000][1][safepoint    ] Safepoint "RevokeBias", Time since last: 2511892646 ns, Reaching safepoint: 114314 ns, At safepoint: 22703 ns, Total: 137017 ns
[2020-02-28T03:21:18.689+0000][1][safepoint    ] Safepoint "RevokeBias", Time since last: 2520550076 ns, Reaching safepoint: 70765 ns, At safepoint: 17307 ns, Total: 88072 ns
[2020-02-28T03:21:21.200+0000][1][safepoint    ] Safepoint "RevokeBias", Time since last: 2511117693 ns, Reaching safepoint: 84269 ns, At safepoint: 21326 ns, Total: 105595 ns
[2020-02-28T03:21:23.718+0000][1][safepoint    ] Safepoint "RevokeBias", Time since last: 2518084217 ns, Reaching safepoint: 68342 ns, At safepoint: 67636 ns, Total: 135978 ns
[2020-02-28T03:21:26.231+0000][1][safepoint    ] Safepoint "RevokeBias", Time since last: 2512319977 ns, Reaching safepoint: 76750 ns, At safepoint: 20690 ns, Total: 97440 ns
[2020-02-28T03:21:28.737+0000][1][safepoint    ] Safepoint "RevokeBias", Time since last: 2505918876 ns, Reaching safepoint: 83645 ns, At safepoint: 22222 ns, Total: 105867 ns
[2020-02-28T03:21:31.241+0000][1][safepoint    ] Safepoint "RevokeBias", Time since last: 2503862445 ns, Reaching safepoint: 90525 ns, At safepoint: 20064 ns, Total: 110589 ns
[2020-02-28T03:21:33.747+0000][1][safepoint    ] Safepoint "RevokeBias", Time since last: 2506294297 ns, Reaching safepoint: 74926 ns, At safepoint: 18681 ns, Total: 93607 ns
[2020-02-28T03:21:36.252+0000][1][safepoint    ] Safepoint "RevokeBias", Time since last: 2504968382 ns, Reaching safepoint: 85614 ns, At safepoint: 21696 ns, Total: 107310 ns
[2020-02-28T03:21:38.759+0000][1][safepoint    ] Safepoint "RevokeBias", Time since last: 2506398637 ns, Reaching safepoint: 83532 ns, At safepoint: 20803 ns, Total: 104335 ns
[2020-02-28T03:21:41.262+0000][1][safepoint    ] Safepoint "RevokeBias", Time since last: 2503236199 ns, Reaching safepoint: 75565 ns, At safepoint: 19096 ns, Total: 94661 ns
[2020-02-28T03:21:43.768+0000][1][safepoint    ] Safepoint "RevokeBias", Time since last: 2506340329 ns, Reaching safepoint: 75622 ns, At safepoint: 19027 ns, Total: 94649 ns
[2020-02-28T03:21:46.272+0000][1][safepoint    ] Safepoint "RevokeBias", Time since last: 2503374404 ns, Reaching safepoint: 103770 ns, At safepoint: 24829 ns, Total: 128599 ns
[2020-02-28T03:21:48.777+0000][1][safepoint    ] Safepoint "RevokeBias", Time since last: 2505326130 ns, Reaching safepoint: 84201 ns, At safepoint: 21727 ns, Total: 105928 ns
[2020-02-28T03:21:51.280+0000][1][safepoint    ] Safepoint "RevokeBias", Time since last: 2502630703 ns, Reaching safepoint: 85458 ns, At safepoint: 21705 ns, Total: 107163 ns
[2020-02-28T03:21:53.786+0000][1][safepoint    ] Safepoint "RevokeBias", Time since last: 2505526127 ns, Reaching safepoint: 85586 ns, At safepoint: 21054 ns, Total: 106640 ns
[2020-02-28T03:21:56.290+0000][1][safepoint    ] Safepoint "RevokeBias", Time since last: 2503978348 ns, Reaching safepoint: 112143 ns, At safepoint: 20684 ns, Total: 132827 ns
[2020-02-28T03:21:58.795+0000][1][safepoint    ] Safepoint "RevokeBias", Time since last: 2505194856 ns, Reaching safepoint: 83907 ns, At safepoint: 20944 ns, Total: 104851 ns
[2020-02-28T03:22:01.300+0000][1][safepoint    ] Safepoint "RevokeBias", Time since last: 2503240346 ns, Reaching safepoint: 1323787 ns, At safepoint: 29029 ns, Total: 1352816 ns
[2020-02-28T03:22:03.804+0000][1][safepoint    ] Safepoint "RevokeBias", Time since last: 2504538229 ns, Reaching safepoint: 69890 ns, At safepoint: 17982 ns, Total: 87872 ns
[2020-02-28T03:22:06.309+0000][1][safepoint    ] Safepoint "RevokeBias", Time since last: 2504255871 ns, Reaching safepoint: 80897 ns, At safepoint: 21068 ns, Total: 101965 ns
[2020-02-28T03:22:08.813+0000][1][safepoint    ] Safepoint "RevokeBias", Time since last: 2504150254 ns, Reaching safepoint: 70884 ns, At safepoint: 18001 ns, Total: 88885 ns
[2020-02-28T03:22:11.316+0000][1][safepoint    ] Safepoint "RevokeBias", Time since last: 2503407986 ns, Reaching safepoint: 80728 ns, At safepoint: 21576 ns, Total: 102304 ns
[2020-02-28T03:22:13.820+0000][1][safepoint    ] Safepoint "RevokeBias", Time since last: 2503743065 ns, Reaching safepoint: 75933 ns, At safepoint: 18772 ns, Total: 94705 ns
[2020-02-28T03:22:16.326+0000][1][safepoint    ] Safepoint "RevokeBias", Time since last: 2505844153 ns, Reaching safepoint: 102626 ns, At safepoint: 24618 ns, Total: 127244 ns
[2020-02-28T03:22:18.831+0000][1][safepoint    ] Safepoint "RevokeBias", Time since last: 2504299871 ns, Reaching safepoint: 83613 ns, At safepoint: 21589 ns, Total: 105202 ns
[2020-02-28T03:22:21.334+0000][1][safepoint    ] Safepoint "RevokeBias", Time since last: 2503406369 ns, Reaching safepoint: 77332 ns, At safepoint: 19951 ns, Total: 97283 ns
[2020-02-28T03:22:23.840+0000][1][safepoint    ] Safepoint "RevokeBias", Time since last: 2505871440 ns, Reaching safepoint: 83554 ns, At safepoint: 21147 ns, Total: 104701 ns
[2020-02-28T03:22:26.345+0000][1][safepoint    ] Safepoint "BulkRevokeBias", Time since last: 2504398632 ns, Reaching safepoint: 83686 ns, At safepoint: 216506 ns, Total: 300192 ns
[2020-02-28T03:22:28.851+0000][1][safepoint    ] Safepoint "RevokeBias", Time since last: 2506334802 ns, Reaching safepoint: 126254 ns, At safepoint: 23036 ns, Total: 149290 ns
[2020-02-28T03:22:31.355+0000][1][safepoint    ] Safepoint "RevokeBias", Time since last: 2503887899 ns, Reaching safepoint: 99790 ns, At safepoint: 24145 ns, Total: 123935 ns
[2020-02-28T03:22:33.861+0000][1][safepoint    ] Safepoint "RevokeBias", Time since last: 2505471231 ns, Reaching safepoint: 83688 ns, At safepoint: 21225 ns, Total: 104913 ns
[2020-02-28T03:22:36.368+0000][1][safepoint    ] Safepoint "RevokeBias", Time since last: 2506696052 ns, Reaching safepoint: 86063 ns, At safepoint: 20477 ns, Total: 106540 ns
[2020-02-28T03:22:38.874+0000][1][safepoint    ] Safepoint "RevokeBias", Time since last: 2506113307 ns, Reaching safepoint: 76317 ns, At safepoint: 18942 ns, Total: 95259 ns
[2020-02-28T03:22:41.383+0000][1][safepoint    ] Safepoint "RevokeBias", Time since last: 2508480383 ns, Reaching safepoint: 72150 ns, At safepoint: 19177 ns, Total: 91327 ns
[2020-02-28T03:22:43.895+0000][1][safepoint    ] Safepoint "RevokeBias", Time since last: 2512063410 ns, Reaching safepoint: 83477 ns, At safepoint: 20739 ns, Total: 104216 ns
[2020-02-28T03:22:46.407+0000][1][safepoint    ] Safepoint "RevokeBias", Time since last: 2512328892 ns, Reaching safepoint: 70440 ns, At safepoint: 18175 ns, Total: 88615 ns
[2020-02-28T03:22:48.916+0000][1][safepoint    ] Safepoint "RevokeBias", Time since last: 2508431407 ns, Reaching safepoint: 86368 ns, At safepoint: 20693 ns, Total: 107061 ns
[2020-02-28T03:22:51.434+0000][1][safepoint    ] Safepoint "RevokeBias", Time since last: 2518134214 ns, Reaching safepoint: 51318 ns, At safepoint: 15636 ns, Total: 66954 ns
[2020-02-28T03:22:53.949+0000][1][safepoint    ] Safepoint "RevokeBias", Time since last: 2515406623 ns, Reaching safepoint: 74579 ns, At safepoint: 17856 ns, Total: 92435 ns
[2020-02-28T03:22:56.471+0000][1][safepoint    ] Safepoint "RevokeBias", Time since last: 2520912075 ns, Reaching safepoint: 239440 ns, At safepoint: 55277 ns, Total: 294717 ns
[2020-02-28T03:22:58.983+0000][1][safepoint    ] Safepoint "RevokeBias", Time since last: 2512217096 ns, Reaching safepoint: 83667 ns, At safepoint: 21357 ns, Total: 105024 ns
[2020-02-28T03:23:01.492+0000][1][safepoint    ] Safepoint "RevokeBias", Time since last: 2508533579 ns, Reaching safepoint: 69367 ns, At safepoint: 19253 ns, Total: 88620 ns
[2020-02-28T03:23:04.008+0000][1][safepoint    ] Safepoint "RevokeBias", Time since last: 2516596558 ns, Reaching safepoint: 80329 ns, At safepoint: 20185 ns, Total: 100514 ns
[2020-02-28T03:23:06.513+0000][1][safepoint    ] Safepoint "RevokeBias", Time since last: 2504638445 ns, Reaching safepoint: 77284 ns, At safepoint: 19193 ns, Total: 96477 ns
[2020-02-28T03:23:08.060+0000][1][gc,start     ] GC(64) Pause Young (Allocation Failure)
[2020-02-28T03:23:08.060+0000][1][gc,task      ] GC(64) Using 1 workers of 1 for evacuation
[2020-02-28T03:23:08.070+0000][1][gc,age       ] GC(64) Desired survivor size 4358144 bytes, new threshold 6 (max threshold 6)
[2020-02-28T03:23:08.070+0000][1][gc,age       ] GC(64) Age table with threshold 6 (max threshold 6)
[2020-02-28T03:23:08.070+0000][1][gc,age       ] GC(64) - age   1:      12520 bytes,      12520 total
[2020-02-28T03:23:08.070+0000][1][gc,age       ] GC(64) - age   2:       1424 bytes,      13944 total
[2020-02-28T03:23:08.070+0000][1][gc,age       ] GC(64) - age   4:       2048 bytes,      15992 total
[2020-02-28T03:23:08.070+0000][1][gc,age       ] GC(64) - age   5:         88 bytes,      16080 total
[2020-02-28T03:23:08.070+0000][1][gc,age       ] GC(64) - age   6:        112 bytes,      16192 total
[2020-02-28T03:23:08.070+0000][1][gc,heap      ] GC(64) ParNew: 68191K->26K(76672K)
[2020-02-28T03:23:08.070+0000][1][gc,heap      ] GC(64) CMS: 62643K->62643K(963392K)
[2020-02-28T03:23:08.070+0000][1][gc,metaspace ] GC(64) Metaspace: 79741K->79741K(1122304K)
[2020-02-28T03:23:08.070+0000][1][gc           ] GC(64) Pause Young (Allocation Failure) 127M->61M(1015M) 10.141ms
[2020-02-28T03:23:08.070+0000][1][gc,cpu       ] GC(64) User=0.02s Sys=0.00s Real=0.01s
[2020-02-28T03:23:08.070+0000][1][safepoint    ] Safepoint "GenCollectForAllocation", Time since last: 1547217105 ns, Reaching safepoint: 78253 ns, At safepoint: 10195636 ns, Total: 10273889 ns
[2020-02-28T03:23:09.019+0000][1][safepoint    ] Safepoint "RevokeBias", Time since last: 948659874 ns, Reaching safepoint: 59020 ns, At safepoint: 18580 ns, Total: 77600 ns
[2020-02-28T03:23:11.524+0000][1][safepoint    ] Safepoint "RevokeBias", Time since last: 2504384984 ns, Reaching safepoint: 83860 ns, At safepoint: 20738 ns, Total: 104598 ns
[2020-02-28T03:23:14.031+0000][1][safepoint    ] Safepoint "RevokeBias", Time since last: 2506818434 ns, Reaching safepoint: 77578 ns, At safepoint: 19485 ns, Total: 97063 ns
[2020-02-28T03:23:16.535+0000][1][safepoint    ] Safepoint "RevokeBias", Time since last: 2504797085 ns, Reaching safepoint: 89765 ns, At safepoint: 20593 ns, Total: 110358 ns
[2020-02-28T03:23:19.042+0000][1][safepoint    ] Safepoint "RevokeBias", Time since last: 2506415212 ns, Reaching safepoint: 85317 ns, At safepoint: 21248 ns, Total: 106565 ns
[2020-02-28T03:23:21.545+0000][1][safepoint    ] Safepoint "RevokeBias", Time since last: 2502537057 ns, Reaching safepoint: 75754 ns, At safepoint: 19111 ns, Total: 94865 ns
[2020-02-28T03:23:24.051+0000][1][safepoint    ] Safepoint "RevokeBias", Time since last: 2506348156 ns, Reaching safepoint: 120419 ns, At safepoint: 22890 ns, Total: 143309 ns
[2020-02-28T03:23:26.554+0000][1][safepoint    ] Safepoint "RevokeBias", Time since last: 2502437480 ns, Reaching safepoint: 163285 ns, At safepoint: 19073 ns, Total: 182358 ns
[2020-02-28T03:23:29.060+0000][1][safepoint    ] Safepoint "RevokeBias", Time since last: 2506111995 ns, Reaching safepoint: 84333 ns, At safepoint: 21378 ns, Total: 105711 ns
[2020-02-28T03:23:31.563+0000][1][safepoint    ] Safepoint "RevokeBias", Time since last: 2502912233 ns, Reaching safepoint: 70292 ns, At safepoint: 17395 ns, Total: 87687 ns
[2020-02-28T03:23:34.071+0000][1][safepoint    ] Safepoint "RevokeBias", Time since last: 2507966590 ns, Reaching safepoint: 74930 ns, At safepoint: 20825 ns, Total: 95755 ns
[2020-02-28T03:23:36.080+0000][1][safepoint    ] Safepoint "Cleanup", Time since last: 2009290398 ns, Reaching safepoint: 91478 ns, At safepoint: 9197 ns, Total: 100675 ns
[2020-02-28T03:23:36.577+0000][1][safepoint    ] Safepoint "RevokeBias", Time since last: 496972896 ns, Reaching safepoint: 91531 ns, At safepoint: 18602 ns, Total: 110133 ns
[2020-02-28T03:23:39.084+0000][1][safepoint    ] Safepoint "BulkRevokeBias", Time since last: 2506034437 ns, Reaching safepoint: 82179 ns, At safepoint: 286997 ns, Total: 369176 ns
[2020-02-28T03:23:41.586+0000][1][safepoint    ] Safepoint "RevokeBias", Time since last: 2502431908 ns, Reaching safepoint: 70734 ns, At safepoint: 24161 ns, Total: 94895 ns
[2020-02-28T03:23:44.092+0000][1][safepoint    ] Safepoint "RevokeBias", Time since last: 2505800928 ns, Reaching safepoint: 71148 ns, At safepoint: 18355 ns, Total: 89503 ns
[2020-02-28T03:23:46.598+0000][1][safepoint    ] Safepoint "RevokeBias", Time since last: 2506059175 ns, Reaching safepoint: 89561 ns, At safepoint: 21086 ns, Total: 110647 ns
[2020-02-28T03:23:49.105+0000][1][safepoint    ] Safepoint "RevokeBias", Time since last: 2506154497 ns, Reaching safepoint: 82726 ns, At safepoint: 21340 ns, Total: 104066 ns
[2020-02-28T03:23:51.608+0000][1][safepoint    ] Safepoint "RevokeBias", Time since last: 2503027900 ns, Reaching safepoint: 74659 ns, At safepoint: 17689 ns, Total: 92348 ns
[2020-02-28T03:23:54.112+0000][1][safepoint    ] Safepoint "RevokeBias", Time since last: 2503727265 ns, Reaching safepoint: 84243 ns, At safepoint: 20831 ns, Total: 105074 ns
[2020-02-28T03:23:56.617+0000][1][safepoint    ] Safepoint "RevokeBias", Time since last: 2505197640 ns, Reaching safepoint: 69834 ns, At safepoint: 17599 ns, Total: 87433 ns
[2020-02-28T03:23:59.123+0000][1][safepoint    ] Safepoint "RevokeBias", Time since last: 2506115494 ns, Reaching safepoint: 76051 ns, At safepoint: 36153 ns, Total: 112204 ns
[2020-02-28T03:24:01.630+0000][1][safepoint    ] Safepoint "RevokeBias", Time since last: 2506963458 ns, Reaching safepoint: 74979 ns, At safepoint: 21733 ns, Total: 96712 ns
[2020-02-28T03:24:04.140+0000][1][safepoint    ] Safepoint "RevokeBias", Time since last: 2509517720 ns, Reaching safepoint: 83195 ns, At safepoint: 21560 ns, Total: 104755 ns
[2020-02-28T03:24:06.645+0000][1][safepoint    ] Safepoint "RevokeBias", Time since last: 2504967358 ns, Reaching safepoint: 71737 ns, At safepoint: 18567 ns, Total: 90304 ns
[2020-02-28T03:24:09.161+0000][1][safepoint    ] Safepoint "RevokeBias", Time since last: 2515969864 ns, Reaching safepoint: 125367 ns, At safepoint: 40728 ns, Total: 166095 ns
[2020-02-28T03:24:11.668+0000][1][safepoint    ] Safepoint "RevokeBias", Time since last: 2506496441 ns, Reaching safepoint: 82138 ns, At safepoint: 20973 ns, Total: 103111 ns
[2020-02-28T03:24:14.181+0000][1][safepoint    ] Safepoint "RevokeBias", Time since last: 2512780568 ns, Reaching safepoint: 55534 ns, At safepoint: 16628 ns, Total: 72162 ns
[2020-02-28T03:24:16.690+0000][1][safepoint    ] Safepoint "RevokeBias", Time since last: 2509743209 ns, Reaching safepoint: 81734 ns, At safepoint: 20649 ns, Total: 102383 ns
[2020-02-28T03:24:19.205+0000][1][safepoint    ] Safepoint "RevokeBias", Time since last: 2514300063 ns, Reaching safepoint: 69078 ns, At safepoint: 17348 ns, Total: 86426 ns
[2020-02-28T03:24:21.713+0000][1][safepoint    ] Safepoint "RevokeBias", Time since last: 2507820928 ns, Reaching safepoint: 74221 ns, At safepoint: 18274 ns, Total: 92495 ns
[2020-02-28T03:24:24.225+0000][1][safepoint    ] Safepoint "RevokeBias", Time since last: 2512396003 ns, Reaching safepoint: 52906 ns, At safepoint: 16318 ns, Total: 69224 ns
[2020-02-28T03:24:26.737+0000][1][safepoint    ] Safepoint "RevokeBias", Time since last: 2512001113 ns, Reaching safepoint: 84710 ns, At safepoint: 20482 ns, Total: 105192 ns
[2020-02-28T03:24:29.261+0000][1][safepoint    ] Safepoint "RevokeBias", Time since last: 2523396097 ns, Reaching safepoint: 71542 ns, At safepoint: 17431 ns, Total: 88973 ns
[2020-02-28T03:24:31.770+0000][1][safepoint    ] Safepoint "RevokeBias", Time since last: 2509027507 ns, Reaching safepoint: 104271 ns, At safepoint: 23944 ns, Total: 128215 ns
[2020-02-28T03:24:34.290+0000][1][safepoint    ] Safepoint "RevokeBias", Time since last: 2520305401 ns, Reaching safepoint: 70571 ns, At safepoint: 18215 ns, Total: 88786 ns
[2020-02-28T03:24:36.802+0000][1][safepoint    ] Safepoint "RevokeBias", Time since last: 2511120988 ns, Reaching safepoint: 120851 ns, At safepoint: 67772 ns, Total: 188623 ns
[2020-02-28T03:24:39.308+0000][1][safepoint    ] Safepoint "RevokeBias", Time since last: 2506543648 ns, Reaching safepoint: 72705 ns, At safepoint: 18247 ns, Total: 90952 ns
[2020-02-28T03:24:41.811+0000][1][safepoint    ] Safepoint "RevokeBias", Time since last: 2502943878 ns, Reaching safepoint: 82447 ns, At safepoint: 20214 ns, Total: 102661 ns
[2020-02-28T03:24:44.317+0000][1][safepoint    ] Safepoint "RevokeBias", Time since last: 2505806881 ns, Reaching safepoint: 77803 ns, At safepoint: 19926 ns, Total: 97729 ns
[2020-02-28T03:24:46.822+0000][1][safepoint    ] Safepoint "RevokeBias", Time since last: 2504387283 ns, Reaching safepoint: 74093 ns, At safepoint: 18182 ns, Total: 92275 ns
[2020-02-28T03:24:49.325+0000][1][safepoint    ] Safepoint "RevokeBias", Time since last: 2503233656 ns, Reaching safepoint: 75265 ns, At safepoint: 18544 ns, Total: 93809 ns
[2020-02-28T03:24:51.829+0000][1][safepoint    ] Safepoint "BulkRevokeBias", Time since last: 2503325841 ns, Reaching safepoint: 84870 ns, At safepoint: 221891 ns, Total: 306761 ns
[2020-02-28T03:24:53.833+0000][1][safepoint    ] Safepoint "Cleanup", Time since last: 2003898668 ns, Reaching safepoint: 64541 ns, At safepoint: 19921 ns, Total: 84462 ns
[2020-02-28T03:24:54.335+0000][1][safepoint    ] Safepoint "RevokeBias", Time since last: 501947073 ns, Reaching safepoint: 70528 ns, At safepoint: 18524 ns, Total: 89052 ns
[2020-02-28T03:24:56.840+0000][1][safepoint    ] Safepoint "RevokeBias", Time since last: 2505143581 ns, Reaching safepoint: 82416 ns, At safepoint: 21229 ns, Total: 103645 ns
[2020-02-28T03:24:59.345+0000][1][safepoint    ] Safepoint "RevokeBias", Time since last: 2504653002 ns, Reaching safepoint: 70795 ns, At safepoint: 18031 ns, Total: 88826 ns
[2020-02-28T03:25:01.848+0000][1][safepoint    ] Safepoint "RevokeBias", Time since last: 2503332661 ns, Reaching safepoint: 100978 ns, At safepoint: 24704 ns, Total: 125682 ns
[2020-02-28T03:25:04.355+0000][1][safepoint    ] Safepoint "RevokeBias", Time since last: 2506731603 ns, Reaching safepoint: 83911 ns, At safepoint: 20880 ns, Total: 104791 ns
[2020-02-28T03:25:06.861+0000][1][safepoint    ] Safepoint "RevokeBias", Time since last: 2505557420 ns, Reaching safepoint: 105100 ns, At safepoint: 25626 ns, Total: 130726 ns
[2020-02-28T03:25:09.366+0000][1][safepoint    ] Safepoint "RevokeBias", Time since last: 2505009783 ns, Reaching safepoint: 93846 ns, At safepoint: 54483 ns, Total: 148329 ns
[2020-02-28T03:25:11.870+0000][1][safepoint    ] Safepoint "RevokeBias", Time since last: 2504399343 ns, Reaching safepoint: 103119 ns, At safepoint: 24790 ns, Total: 127909 ns
[2020-02-28T03:25:12.872+0000][1][safepoint    ] Safepoint "Cleanup", Time since last: 1001133698 ns, Reaching safepoint: 96351 ns, At safepoint: 6729 ns, Total: 103080 ns
[2020-02-28T03:25:14.377+0000][1][safepoint    ] Safepoint "RevokeBias", Time since last: 1505250199 ns, Reaching safepoint: 75961 ns, At safepoint: 17953 ns, Total: 93914 ns
[2020-02-28T03:25:16.881+0000][1][safepoint    ] Safepoint "RevokeBias", Time since last: 2504094066 ns, Reaching safepoint: 71863 ns, At safepoint: 19045 ns, Total: 90908 ns
[2020-02-28T03:25:19.386+0000][1][safepoint    ] Safepoint "RevokeBias", Time since last: 2504730522 ns, Reaching safepoint: 113644 ns, At safepoint: 23163 ns, Total: 136807 ns
[2020-02-28T03:25:21.889+0000][1][safepoint    ] Safepoint "RevokeBias", Time since last: 2502760214 ns, Reaching safepoint: 89872 ns, At safepoint: 19265 ns, Total: 109137 ns
[2020-02-28T03:25:24.394+0000][1][safepoint    ] Safepoint "RevokeBias", Time since last: 2505245853 ns, Reaching safepoint: 82819 ns, At safepoint: 21022 ns, Total: 103841 ns
[2020-02-28T03:25:26.903+0000][1][safepoint    ] Safepoint "RevokeBias", Time since last: 2507413166 ns, Reaching safepoint: 1391768 ns, At safepoint: 43802 ns, Total: 1435570 ns
[2020-02-28T03:25:28.178+0000][1][gc,start     ] GC(65) Pause Young (Allocation Failure)
[2020-02-28T03:25:28.178+0000][1][gc,task      ] GC(65) Using 1 workers of 1 for evacuation
[2020-02-28T03:25:28.188+0000][1][gc,age       ] GC(65) Desired survivor size 4358144 bytes, new threshold 6 (max threshold 6)
[2020-02-28T03:25:28.188+0000][1][gc,age       ] GC(65) Age table with threshold 6 (max threshold 6)
[2020-02-28T03:25:28.188+0000][1][gc,age       ] GC(65) - age   1:      12040 bytes,      12040 total
[2020-02-28T03:25:28.188+0000][1][gc,age       ] GC(65) - age   2:        504 bytes,      12544 total
[2020-02-28T03:25:28.188+0000][1][gc,age       ] GC(65) - age   3:       1424 bytes,      13968 total
[2020-02-28T03:25:28.188+0000][1][gc,age       ] GC(65) - age   5:       2048 bytes,      16016 total
[2020-02-28T03:25:28.188+0000][1][gc,age       ] GC(65) - age   6:         88 bytes,      16104 total
[2020-02-28T03:25:28.188+0000][1][gc,heap      ] GC(65) ParNew: 68186K->18K(76672K)
[2020-02-28T03:25:28.188+0000][1][gc,heap      ] GC(65) CMS: 62643K->62643K(963392K)
[2020-02-28T03:25:28.188+0000][1][gc,metaspace ] GC(65) Metaspace: 79763K->79763K(1122304K)
[2020-02-28T03:25:28.188+0000][1][gc           ] GC(65) Pause Young (Allocation Failure) 127M->61M(1015M) 10.019ms
[2020-02-28T03:25:28.188+0000][1][gc,cpu       ] GC(65) User=0.01s Sys=0.00s Real=0.01s
[2020-02-28T03:25:28.188+0000][1][safepoint    ] Safepoint "GenCollectForAllocation", Time since last: 1274747743 ns, Reaching safepoint: 128667 ns, At safepoint: 10073279 ns, Total: 10201946 ns
[2020-02-28T03:25:29.408+0000][1][safepoint    ] Safepoint "RevokeBias", Time since last: 1219882035 ns, Reaching safepoint: 78605 ns, At safepoint: 19917 ns, Total: 98522 ns
[2020-02-28T03:25:31.911+0000][1][safepoint    ] Safepoint "RevokeBias", Time since last: 2502810327 ns, Reaching safepoint: 83696 ns, At safepoint: 21473 ns, Total: 105169 ns
[2020-02-28T03:25:34.416+0000][1][safepoint    ] Safepoint "RevokeBias", Time since last: 2505519400 ns, Reaching safepoint: 86390 ns, At safepoint: 23097 ns, Total: 109487 ns
[2020-02-28T03:25:36.923+0000][1][safepoint    ] Safepoint "RevokeBias", Time since last: 2506090334 ns, Reaching safepoint: 78291 ns, At safepoint: 19328 ns, Total: 97619 ns
[2020-02-28T03:25:39.428+0000][1][safepoint    ] Safepoint "RevokeBias", Time since last: 2505645206 ns, Reaching safepoint: 71346 ns, At safepoint: 17848 ns, Total: 89194 ns
[2020-02-28T03:25:41.942+0000][1][safepoint    ] Safepoint "RevokeBias", Time since last: 2513918390 ns, Reaching safepoint: 85098 ns, At safepoint: 20098 ns, Total: 105196 ns
[2020-02-28T03:25:44.452+0000][1][safepoint    ] Safepoint "RevokeBias", Time since last: 2509240176 ns, Reaching safepoint: 71106 ns, At safepoint: 68731 ns, Total: 139837 ns
[2020-02-28T03:25:46.968+0000][1][safepoint    ] Safepoint "RevokeBias", Time since last: 2516180192 ns, Reaching safepoint: 71773 ns, At safepoint: 17858 ns, Total: 89631 ns
[2020-02-28T03:25:49.482+0000][1][safepoint    ] Safepoint "RevokeBias", Time since last: 2513705392 ns, Reaching safepoint: 77992 ns, At safepoint: 18659 ns, Total: 96651 ns
[2020-02-28T03:25:51.487+0000][1][safepoint    ] Safepoint "Cleanup", Time since last: 2005130482 ns, Reaching safepoint: 75648 ns, At safepoint: 6001 ns, Total: 81649 ns
[2020-02-28T03:25:51.996+0000][1][safepoint    ] Safepoint "RevokeBias", Time since last: 509244123 ns, Reaching safepoint: 69047 ns, At safepoint: 17855 ns, Total: 86902 ns
[2020-02-28T03:25:54.508+0000][1][safepoint    ] Safepoint "RevokeBias", Time since last: 2511344718 ns, Reaching safepoint: 76149 ns, At safepoint: 19081 ns, Total: 95230 ns
[2020-02-28T03:25:57.020+0000][1][safepoint    ] Safepoint "RevokeBias", Time since last: 2511772636 ns, Reaching safepoint: 180604 ns, At safepoint: 44872 ns, Total: 225476 ns
[2020-02-28T03:25:59.530+0000][1][safepoint    ] Safepoint "RevokeBias", Time since last: 2510512009 ns, Reaching safepoint: 84458 ns, At safepoint: 21427 ns, Total: 105885 ns
[2020-02-28T03:26:02.038+0000][1][safepoint    ] Safepoint "RevokeBias", Time since last: 2507434320 ns, Reaching safepoint: 68429 ns, At safepoint: 17020 ns, Total: 85449 ns
[2020-02-28T03:26:04.551+0000][1][safepoint    ] Safepoint "BulkRevokeBias", Time since last: 2511993535 ns, Reaching safepoint: 185858 ns, At safepoint: 488388 ns, Total: 674246 ns
[2020-02-28T03:26:07.061+0000][1][safepoint    ] Safepoint "RevokeBias", Time since last: 2510394298 ns, Reaching safepoint: 70424 ns, At safepoint: 17913 ns, Total: 88337 ns
[2020-02-28T03:26:09.570+0000][1][safepoint    ] Safepoint "RevokeBias", Time since last: 2509116858 ns, Reaching safepoint: 74989 ns, At safepoint: 21117 ns, Total: 96106 ns
[2020-02-28T03:26:12.086+0000][1][safepoint    ] Safepoint "RevokeBias", Time since last: 2515968172 ns, Reaching safepoint: 87980 ns, At safepoint: 20824 ns, Total: 108804 ns
[2020-02-28T03:26:14.598+0000][1][safepoint    ] Safepoint "RevokeBias", Time since last: 2511263974 ns, Reaching safepoint: 77659 ns, At safepoint: 19415 ns, Total: 97074 ns
[2020-02-28T03:26:17.112+0000][1][safepoint    ] Safepoint "RevokeBias", Time since last: 2514325419 ns, Reaching safepoint: 141788 ns, At safepoint: 53125 ns, Total: 194913 ns
[2020-02-28T03:26:19.624+0000][1][safepoint    ] Safepoint "RevokeBias", Time since last: 2511209831 ns, Reaching safepoint: 83281 ns, At safepoint: 20867 ns, Total: 104148 ns
[2020-02-28T03:26:21.628+0000][1][safepoint    ] Safepoint "Cleanup", Time since last: 2003768956 ns, Reaching safepoint: 107609 ns, At safepoint: 6466 ns, Total: 114075 ns
[2020-02-28T03:26:22.127+0000][1][safepoint    ] Safepoint "RevokeBias", Time since last: 499503285 ns, Reaching safepoint: 101167 ns, At safepoint: 39178 ns, Total: 140345 ns
[2020-02-28T03:26:24.634+0000][1][safepoint    ] Safepoint "RevokeBias", Time since last: 2506500059 ns, Reaching safepoint: 84094 ns, At safepoint: 22915 ns, Total: 107009 ns
[2020-02-28T03:26:27.141+0000][1][safepoint    ] Safepoint "RevokeBias", Time since last: 2507366656 ns, Reaching safepoint: 70669 ns, At safepoint: 17491 ns, Total: 88160 ns
[2020-02-28T03:26:29.647+0000][1][safepoint    ] Safepoint "RevokeBias", Time since last: 2505903466 ns, Reaching safepoint: 83660 ns, At safepoint: 21762 ns, Total: 105422 ns
[2020-02-28T03:26:32.153+0000][1][safepoint    ] Safepoint "RevokeBias", Time since last: 2505832931 ns, Reaching safepoint: 69873 ns, At safepoint: 17826 ns, Total: 87699 ns
[2020-02-28T03:26:34.659+0000][1][safepoint    ] Safepoint "RevokeBias", Time since last: 2506240178 ns, Reaching safepoint: 70410 ns, At safepoint: 17551 ns, Total: 87961 ns
[2020-02-28T03:26:37.167+0000][1][safepoint    ] Safepoint "RevokeBias", Time since last: 2507005558 ns, Reaching safepoint: 71492 ns, At safepoint: 18032 ns, Total: 89524 ns
[2020-02-28T03:26:39.670+0000][1][safepoint    ] Safepoint "RevokeBias", Time since last: 2503762661 ns, Reaching safepoint: 73476 ns, At safepoint: 17612 ns, Total: 91088 ns
[2020-02-28T03:26:42.179+0000][1][safepoint    ] Safepoint "RevokeBias", Time since last: 2508604977 ns, Reaching safepoint: 74077 ns, At safepoint: 18143 ns, Total: 92220 ns
[2020-02-28T03:26:44.692+0000][1][safepoint    ] Safepoint "RevokeBias", Time since last: 2513017528 ns, Reaching safepoint: 72439 ns, At safepoint: 18215 ns, Total: 90654 ns
[2020-02-28T03:26:47.198+0000][1][safepoint    ] Safepoint "RevokeBias", Time since last: 2505485978 ns, Reaching safepoint: 74261 ns, At safepoint: 17984 ns, Total: 92245 ns
[2020-02-28T03:26:49.709+0000][1][safepoint    ] Safepoint "RevokeBias", Time since last: 2511481727 ns, Reaching safepoint: 76430 ns, At safepoint: 19222 ns, Total: 95652 ns
[2020-02-28T03:26:52.224+0000][1][safepoint    ] Safepoint "RevokeBias", Time since last: 2514390801 ns, Reaching safepoint: 87985 ns, At safepoint: 19964 ns, Total: 107949 ns
[2020-02-28T03:26:54.731+0000][1][safepoint    ] Safepoint "RevokeBias", Time since last: 2506912410 ns, Reaching safepoint: 84228 ns, At safepoint: 21278 ns, Total: 105506 ns
[2020-02-28T03:26:57.283+0000][1][safepoint    ] Safepoint "RevokeBias", Time since last: 2552202087 ns, Reaching safepoint: 70855 ns, At safepoint: 48358 ns, Total: 119213 ns
[2020-02-28T03:26:59.919+0000][1][safepoint    ] Safepoint "RevokeBias", Time since last: 2635252006 ns, Reaching safepoint: 129658 ns, At safepoint: 54341 ns, Total: 183999 ns
[2020-02-28T03:27:02.470+0000][1][safepoint    ] Safepoint "RevokeBias", Time since last: 2551247003 ns, Reaching safepoint: 67457 ns, At safepoint: 17200 ns, Total: 84657 ns
[2020-02-28T03:27:04.989+0000][1][safepoint    ] Safepoint "RevokeBias", Time since last: 2518689747 ns, Reaching safepoint: 83450 ns, At safepoint: 22179 ns, Total: 105629 ns
[2020-02-28T03:27:07.495+0000][1][safepoint    ] Safepoint "RevokeBias", Time since last: 2505986284 ns, Reaching safepoint: 84587 ns, At safepoint: 21257 ns, Total: 105844 ns
[2020-02-28T03:27:09.495+0000][1][safepoint    ] Safepoint "Cleanup", Time since last: 2000466574 ns, Reaching safepoint: 94107 ns, At safepoint: 9635 ns, Total: 103742 ns
[2020-02-28T03:27:10.002+0000][1][safepoint    ] Safepoint "RevokeBias", Time since last: 506355926 ns, Reaching safepoint: 80114 ns, At safepoint: 20429 ns, Total: 100543 ns
[2020-02-28T03:27:12.505+0000][1][safepoint    ] Safepoint "RevokeBias", Time since last: 2503315797 ns, Reaching safepoint: 80624 ns, At safepoint: 19881 ns, Total: 100505 ns
[2020-02-28T03:27:15.023+0000][1][safepoint    ] Safepoint "RevokeBias", Time since last: 2517455660 ns, Reaching safepoint: 54244 ns, At safepoint: 17348 ns, Total: 71592 ns
[2020-02-28T03:27:17.534+0000][1][safepoint    ] Safepoint "BulkRevokeBias", Time since last: 2510542397 ns, Reaching safepoint: 77464 ns, At safepoint: 271805 ns, Total: 349269 ns
[2020-02-28T03:27:20.043+0000][1][safepoint    ] Safepoint "RevokeBias", Time since last: 2508747650 ns, Reaching safepoint: 70853 ns, At safepoint: 17438 ns, Total: 88291 ns
[2020-02-28T03:27:22.550+0000][1][safepoint    ] Safepoint "RevokeBias", Time since last: 2507708911 ns, Reaching safepoint: 126230 ns, At safepoint: 19356 ns, Total: 145586 ns
[2020-02-28T03:27:23.551+0000][1][safepoint    ] Safepoint "Cleanup", Time since last: 1000783136 ns, Reaching safepoint: 94852 ns, At safepoint: 15564 ns, Total: 110416 ns
[2020-02-28T03:27:25.068+0000][1][safepoint    ] Safepoint "RevokeBias", Time since last: 1516680398 ns, Reaching safepoint: 120871 ns, At safepoint: 18822 ns, Total: 139693 ns
[2020-02-28T03:27:27.579+0000][1][safepoint    ] Safepoint "RevokeBias", Time since last: 2510703376 ns, Reaching safepoint: 83885 ns, At safepoint: 20782 ns, Total: 104667 ns
[2020-02-28T03:27:30.089+0000][1][safepoint    ] Safepoint "RevokeBias", Time since last: 2510277482 ns, Reaching safepoint: 145042 ns, At safepoint: 19269 ns, Total: 164311 ns
[2020-02-28T03:27:32.601+0000][1][safepoint    ] Safepoint "RevokeBias", Time since last: 2511398297 ns, Reaching safepoint: 140337 ns, At safepoint: 30833 ns, Total: 171170 ns
[2020-02-28T03:27:35.115+0000][1][safepoint    ] Safepoint "RevokeBias", Time since last: 2514330064 ns, Reaching safepoint: 70288 ns, At safepoint: 17226 ns, Total: 87514 ns
[2020-02-28T03:27:37.632+0000][1][safepoint    ] Safepoint "RevokeBias", Time since last: 2516956123 ns, Reaching safepoint: 71877 ns, At safepoint: 17768 ns, Total: 89645 ns
[2020-02-28T03:27:40.136+0000][1][safepoint    ] Safepoint "RevokeBias", Time since last: 2503039225 ns, Reaching safepoint: 70994 ns, At safepoint: 17264 ns, Total: 88258 ns
[2020-02-28T03:27:42.641+0000][1][safepoint    ] Safepoint "RevokeBias", Time since last: 2505583614 ns, Reaching safepoint: 79454 ns, At safepoint: 39815 ns, Total: 119269 ns
[2020-02-28T03:27:45.145+0000][1][safepoint    ] Safepoint "RevokeBias", Time since last: 2503261915 ns, Reaching safepoint: 70766 ns, At safepoint: 17596 ns, Total: 88362 ns
[2020-02-28T03:27:47.651+0000][1][safepoint    ] Safepoint "RevokeBias", Time since last: 2506577045 ns, Reaching safepoint: 84289 ns, At safepoint: 21275 ns, Total: 105564 ns
[2020-02-28T03:27:48.271+0000][1][gc,start     ] GC(66) Pause Young (Allocation Failure)
[2020-02-28T03:27:48.271+0000][1][gc,task      ] GC(66) Using 1 workers of 1 for evacuation
[2020-02-28T03:27:48.282+0000][1][gc,age       ] GC(66) Desired survivor size 4358144 bytes, new threshold 6 (max threshold 6)
[2020-02-28T03:27:48.282+0000][1][gc,age       ] GC(66) Age table with threshold 6 (max threshold 6)
[2020-02-28T03:27:48.282+0000][1][gc,age       ] GC(66) - age   1:      13360 bytes,      13360 total
[2020-02-28T03:27:48.282+0000][1][gc,age       ] GC(66) - age   2:        264 bytes,      13624 total
[2020-02-28T03:27:48.282+0000][1][gc,age       ] GC(66) - age   3:        504 bytes,      14128 total
[2020-02-28T03:27:48.282+0000][1][gc,age       ] GC(66) - age   4:       1424 bytes,      15552 total
[2020-02-28T03:27:48.282+0000][1][gc,age       ] GC(66) - age   6:       2048 bytes,      17600 total
[2020-02-28T03:27:48.282+0000][1][gc,heap      ] GC(66) ParNew: 68178K->28K(76672K)
[2020-02-28T03:27:48.282+0000][1][gc,heap      ] GC(66) CMS: 62643K->62643K(963392K)
[2020-02-28T03:27:48.282+0000][1][gc,metaspace ] GC(66) Metaspace: 79799K->79799K(1122304K)
[2020-02-28T03:27:48.282+0000][1][gc           ] GC(66) Pause Young (Allocation Failure) 127M->61M(1015M) 11.369ms
[2020-02-28T03:27:48.282+0000][1][gc,cpu       ] GC(66) User=0.01s Sys=0.00s Real=0.01s
[2020-02-28T03:27:48.282+0000][1][safepoint    ] Safepoint "GenCollectForAllocation", Time since last: 619085745 ns, Reaching safepoint: 126656 ns, At safepoint: 11422577 ns, Total: 11549233 ns
[2020-02-28T03:27:50.155+0000][1][safepoint    ] Safepoint "RevokeBias", Time since last: 1873008585 ns, Reaching safepoint: 84226 ns, At safepoint: 20997 ns, Total: 105223 ns
[2020-02-28T03:27:52.658+0000][1][safepoint    ] Safepoint "RevokeBias", Time since last: 2503029915 ns, Reaching safepoint: 71749 ns, At safepoint: 17570 ns, Total: 89319 ns
[2020-02-28T03:27:55.163+0000][1][safepoint    ] Safepoint "RevokeBias", Time since last: 2504659701 ns, Reaching safepoint: 81538 ns, At safepoint: 20039 ns, Total: 101577 ns
[2020-02-28T03:27:57.669+0000][1][safepoint    ] Safepoint "RevokeBias", Time since last: 2506057469 ns, Reaching safepoint: 69399 ns, At safepoint: 16275 ns, Total: 85674 ns
[2020-02-28T03:28:00.174+0000][1][safepoint    ] Safepoint "RevokeBias", Time since last: 2504369514 ns, Reaching safepoint: 130269 ns, At safepoint: 28508 ns, Total: 158777 ns
[2020-02-28T03:28:02.677+0000][1][safepoint    ] Safepoint "RevokeBias", Time since last: 2503115252 ns, Reaching safepoint: 100857 ns, At safepoint: 24247 ns, Total: 125104 ns
[2020-02-28T03:28:03.678+0000][1][safepoint    ] Safepoint "Cleanup", Time since last: 1001129385 ns, Reaching safepoint: 116579 ns, At safepoint: 6690 ns, Total: 123269 ns
[2020-02-28T03:28:05.181+0000][1][safepoint    ] Safepoint "RevokeBias", Time since last: 1503061395 ns, Reaching safepoint: 76670 ns, At safepoint: 18826 ns, Total: 95496 ns
[2020-02-28T03:28:07.686+0000][1][safepoint    ] Safepoint "RevokeBias", Time since last: 2504451410 ns, Reaching safepoint: 84217 ns, At safepoint: 22179 ns, Total: 106396 ns
[2020-02-28T03:28:10.189+0000][1][safepoint    ] Safepoint "RevokeBias", Time since last: 2503427852 ns, Reaching safepoint: 82501 ns, At safepoint: 20358 ns, Total: 102859 ns
[2020-02-28T03:28:12.692+0000][1][safepoint    ] Safepoint "RevokeBias", Time since last: 2502896854 ns, Reaching safepoint: 93945 ns, At safepoint: 24302 ns, Total: 118247 ns
[2020-02-28T03:28:15.196+0000][1][safepoint    ] Safepoint "RevokeBias", Time since last: 2503528830 ns, Reaching safepoint: 76592 ns, At safepoint: 18917 ns, Total: 95509 ns
[2020-02-28T03:28:17.702+0000][1][safepoint    ] Safepoint "RevokeBias", Time since last: 2506222535 ns, Reaching safepoint: 100912 ns, At safepoint: 24965 ns, Total: 125877 ns
[2020-02-28T03:28:18.703+0000][1][safepoint    ] Safepoint "Cleanup", Time since last: 1000326151 ns, Reaching safepoint: 75854 ns, At safepoint: 6129 ns, Total: 81983 ns
[2020-02-28T03:28:20.208+0000][1][safepoint    ] Safepoint "RevokeBias", Time since last: 1505182270 ns, Reaching safepoint: 74099 ns, At safepoint: 18148 ns, Total: 92247 ns
[2020-02-28T03:28:22.713+0000][1][safepoint    ] Safepoint "RevokeBias", Time since last: 2504903584 ns, Reaching safepoint: 113809 ns, At safepoint: 22594 ns, Total: 136403 ns
[2020-02-28T03:28:25.217+0000][1][safepoint    ] Safepoint "RevokeBias", Time since last: 2503765219 ns, Reaching safepoint: 82079 ns, At safepoint: 21298 ns, Total: 103377 ns
[2020-02-28T03:28:27.724+0000][1][safepoint    ] Safepoint "RevokeBias", Time since last: 2506934300 ns, Reaching safepoint: 96917 ns, At safepoint: 20657 ns, Total: 117574 ns
[2020-02-28T03:28:30.229+0000][1][safepoint    ] Safepoint "BulkRevokeBias", Time since last: 2504196286 ns, Reaching safepoint: 84297 ns, At safepoint: 280397 ns, Total: 364694 ns
[2020-02-28T03:28:32.732+0000][1][safepoint    ] Safepoint "RevokeBias", Time since last: 2503533918 ns, Reaching safepoint: 83139 ns, At safepoint: 21113 ns, Total: 104252 ns
[2020-02-28T03:28:35.236+0000][1][safepoint    ] Safepoint "RevokeBias", Time since last: 2503770247 ns, Reaching safepoint: 82320 ns, At safepoint: 21155 ns, Total: 103475 ns
[2020-02-28T03:28:37.746+0000][1][safepoint    ] Safepoint "RevokeBias", Time since last: 2510077659 ns, Reaching safepoint: 68385 ns, At safepoint: 17484 ns, Total: 85869 ns
[2020-02-28T03:28:40.255+0000][1][safepoint    ] Safepoint "RevokeBias", Time since last: 2509125873 ns, Reaching safepoint: 84234 ns, At safepoint: 20653 ns, Total: 104887 ns
[2020-02-28T03:28:42.770+0000][1][safepoint    ] Safepoint "RevokeBias", Time since last: 2514856963 ns, Reaching safepoint: 93717 ns, At safepoint: 21996 ns, Total: 115713 ns
[2020-02-28T03:28:45.280+0000][1][safepoint    ] Safepoint "RevokeBias", Time since last: 2509671939 ns, Reaching safepoint: 80983 ns, At safepoint: 21278 ns, Total: 102261 ns
[2020-02-28T03:28:47.801+0000][1][safepoint    ] Safepoint "RevokeBias", Time since last: 2520154047 ns, Reaching safepoint: 248597 ns, At safepoint: 59069 ns, Total: 307666 ns
[2020-02-28T03:28:50.314+0000][1][safepoint    ] Safepoint "RevokeBias", Time since last: 2512857353 ns, Reaching safepoint: 84088 ns, At safepoint: 21598 ns, Total: 105686 ns
[2020-02-28T03:28:52.828+0000][1][safepoint    ] Safepoint "RevokeBias", Time since last: 2514513174 ns, Reaching safepoint: 86162 ns, At safepoint: 20277 ns, Total: 106439 ns
[2020-02-28T03:28:55.341+0000][1][safepoint    ] Safepoint "RevokeBias", Time since last: 2511410983 ns, Reaching safepoint: 1411531 ns, At safepoint: 20750 ns, Total: 1432281 ns
[2020-02-28T03:28:56.342+0000][1][safepoint    ] Safepoint "Cleanup", Time since last: 1000669891 ns, Reaching safepoint: 97858 ns, At safepoint: 10189 ns, Total: 108047 ns
[2020-02-28T03:28:57.856+0000][1][safepoint    ] Safepoint "RevokeBias", Time since last: 1513822076 ns, Reaching safepoint: 70637 ns, At safepoint: 17995 ns, Total: 88632 ns
[2020-02-28T03:29:00.366+0000][1][safepoint    ] Safepoint "RevokeBias", Time since last: 2510484661 ns, Reaching safepoint: 86070 ns, At safepoint: 21780 ns, Total: 107850 ns
[2020-02-28T03:29:02.876+0000][1][safepoint    ] Safepoint "RevokeBias", Time since last: 2509097071 ns, Reaching safepoint: 70858 ns, At safepoint: 18684 ns, Total: 89542 ns
[2020-02-28T03:29:05.395+0000][1][safepoint    ] Safepoint "RevokeBias", Time since last: 2519825779 ns, Reaching safepoint: 71860 ns, At safepoint: 18507 ns, Total: 90367 ns
[2020-02-28T03:29:07.899+0000][1][safepoint    ] Safepoint "RevokeBias", Time since last: 2503714075 ns, Reaching safepoint: 85146 ns, At safepoint: 21669 ns, Total: 106815 ns
[2020-02-28T03:29:10.403+0000][1][safepoint    ] Safepoint "RevokeBias", Time since last: 2503539295 ns, Reaching safepoint: 82659 ns, At safepoint: 21385 ns, Total: 104044 ns
[2020-02-28T03:29:12.907+0000][1][safepoint    ] Safepoint "RevokeBias", Time since last: 2503601329 ns, Reaching safepoint: 83835 ns, At safepoint: 21062 ns, Total: 104897 ns
[2020-02-28T03:29:15.410+0000][1][safepoint    ] Safepoint "RevokeBias", Time since last: 2503399343 ns, Reaching safepoint: 84376 ns, At safepoint: 21767 ns, Total: 106143 ns
[2020-02-28T03:29:17.916+0000][1][safepoint    ] Safepoint "RevokeBias", Time since last: 2506192709 ns, Reaching safepoint: 114714 ns, At safepoint: 27119 ns, Total: 141833 ns
[2020-02-28T03:29:20.421+0000][1][safepoint    ] Safepoint "RevokeBias", Time since last: 2504381640 ns, Reaching safepoint: 87896 ns, At safepoint: 20338 ns, Total: 108234 ns
[2020-02-28T03:29:22.924+0000][1][safepoint    ] Safepoint "RevokeBias", Time since last: 2503132667 ns, Reaching safepoint: 121198 ns, At safepoint: 37858 ns, Total: 159056 ns
[2020-02-28T03:29:25.429+0000][1][safepoint    ] Safepoint "RevokeBias", Time since last: 2504279985 ns, Reaching safepoint: 73248 ns, At safepoint: 19001 ns, Total: 92249 ns
[2020-02-28T03:29:27.935+0000][1][safepoint    ] Safepoint "RevokeBias", Time since last: 2506165386 ns, Reaching safepoint: 93851 ns, At safepoint: 22107 ns, Total: 115958 ns
[2020-02-28T03:29:30.439+0000][1][safepoint    ] Safepoint "RevokeBias", Time since last: 2504249453 ns, Reaching safepoint: 100077 ns, At safepoint: 25901 ns, Total: 125978 ns
[2020-02-28T03:29:32.942+0000][1][safepoint    ] Safepoint "RevokeBias", Time since last: 2502856260 ns, Reaching safepoint: 54328 ns, At safepoint: 17725 ns, Total: 72053 ns
[2020-02-28T03:29:35.446+0000][1][safepoint    ] Safepoint "RevokeBias", Time since last: 2503862604 ns, Reaching safepoint: 74673 ns, At safepoint: 18963 ns, Total: 93636 ns
[2020-02-28T03:29:37.953+0000][1][safepoint    ] Safepoint "RevokeBias", Time since last: 2506308769 ns, Reaching safepoint: 84230 ns, At safepoint: 21428 ns, Total: 105658 ns
[2020-02-28T03:29:40.457+0000][1][safepoint    ] Safepoint "RevokeBias", Time since last: 2504684119 ns, Reaching safepoint: 75288 ns, At safepoint: 19106 ns, Total: 94394 ns
[2020-02-28T03:29:42.969+0000][1][safepoint    ] Safepoint "BulkRevokeBias", Time since last: 2511484218 ns, Reaching safepoint: 70515 ns, At safepoint: 185581 ns, Total: 256096 ns
[2020-02-28T03:29:43.970+0000][1][safepoint    ] Safepoint "Cleanup", Time since last: 1000605942 ns, Reaching safepoint: 82203 ns, At safepoint: 8509 ns, Total: 90712 ns
[2020-02-28T03:29:45.487+0000][1][safepoint    ] Safepoint "RevokeBias", Time since last: 1516898883 ns, Reaching safepoint: 84952 ns, At safepoint: 20220 ns, Total: 105172 ns
[2020-02-28T03:29:47.993+0000][1][safepoint    ] Safepoint "RevokeBias", Time since last: 2506076377 ns, Reaching safepoint: 76365 ns, At safepoint: 18926 ns, Total: 95291 ns
[2020-02-28T03:29:50.495+0000][1][safepoint    ] Safepoint "RevokeBias", Time since last: 2502424386 ns, Reaching safepoint: 82904 ns, At safepoint: 21274 ns, Total: 104178 ns
[2020-02-28T03:29:52.999+0000][1][safepoint    ] Safepoint "RevokeBias", Time since last: 2503268744 ns, Reaching safepoint: 85586 ns, At safepoint: 20772 ns, Total: 106358 ns
[2020-02-28T03:29:55.503+0000][1][safepoint    ] Safepoint "RevokeBias", Time since last: 2504314535 ns, Reaching safepoint: 83379 ns, At safepoint: 21405 ns, Total: 104784 ns
[2020-02-28T03:29:58.010+0000][1][safepoint    ] Safepoint "RevokeBias", Time since last: 2506191196 ns, Reaching safepoint: 149596 ns, At safepoint: 33098 ns, Total: 182694 ns
[2020-02-28T03:30:00.514+0000][1][safepoint    ] Safepoint "RevokeBias", Time since last: 2504333437 ns, Reaching safepoint: 83202 ns, At safepoint: 22076 ns, Total: 105278 ns
[2020-02-28T03:30:03.017+0000][1][safepoint    ] Safepoint "RevokeBias", Time since last: 2503007395 ns, Reaching safepoint: 93229 ns, At safepoint: 23284 ns, Total: 116513 ns
[2020-02-28T03:30:05.536+0000][1][safepoint    ] Safepoint "RevokeBias", Time since last: 2518628399 ns, Reaching safepoint: 92027 ns, At safepoint: 18215 ns, Total: 110242 ns
[2020-02-28T03:30:08.048+0000][1][safepoint    ] Safepoint "RevokeBias", Time since last: 2511513467 ns, Reaching safepoint: 76672 ns, At safepoint: 19176 ns, Total: 95848 ns
[2020-02-28T03:30:08.396+0000][1][gc,start     ] GC(67) Pause Young (Allocation Failure)
[2020-02-28T03:30:08.396+0000][1][gc,task      ] GC(67) Using 1 workers of 1 for evacuation
[2020-02-28T03:30:08.408+0000][1][gc,age       ] GC(67) Desired survivor size 4358144 bytes, new threshold 6 (max threshold 6)
[2020-02-28T03:30:08.408+0000][1][gc,age       ] GC(67) Age table with threshold 6 (max threshold 6)
[2020-02-28T03:30:08.408+0000][1][gc,age       ] GC(67) - age   1:      12176 bytes,      12176 total
[2020-02-28T03:30:08.408+0000][1][gc,age       ] GC(67) - age   2:       1400 bytes,      13576 total
[2020-02-28T03:30:08.408+0000][1][gc,age       ] GC(67) - age   3:        264 bytes,      13840 total
[2020-02-28T03:30:08.408+0000][1][gc,age       ] GC(67) - age   4:        384 bytes,      14224 total
[2020-02-28T03:30:08.408+0000][1][gc,age       ] GC(67) - age   5:       1424 bytes,      15648 total
[2020-02-28T03:30:08.408+0000][1][gc,heap      ] GC(67) ParNew: 68188K->16K(76672K)
[2020-02-28T03:30:08.408+0000][1][gc,heap      ] GC(67) CMS: 62643K->62645K(963392K)
[2020-02-28T03:30:08.408+0000][1][gc,metaspace ] GC(67) Metaspace: 79801K->79801K(1122304K)
[2020-02-28T03:30:08.408+0000][1][gc           ] GC(67) Pause Young (Allocation Failure) 127M->61M(1015M) 12.140ms
[2020-02-28T03:30:08.408+0000][1][gc,cpu       ] GC(67) User=0.01s Sys=0.00s Real=0.02s
[2020-02-28T03:30:08.408+0000][1][safepoint    ] Safepoint "GenCollectForAllocation", Time since last: 348227218 ns, Reaching safepoint: 84867 ns, At safepoint: 12200904 ns, Total: 12285771 ns
[2020-02-28T03:30:10.567+0000][1][safepoint    ] Safepoint "RevokeBias", Time since last: 2159317038 ns, Reaching safepoint: 53753 ns, At safepoint: 16280 ns, Total: 70033 ns
[2020-02-28T03:30:13.075+0000][1][safepoint    ] Safepoint "RevokeBias", Time since last: 2507821630 ns, Reaching safepoint: 76154 ns, At safepoint: 18916 ns, Total: 95070 ns
[2020-02-28T03:30:15.585+0000][1][safepoint    ] Safepoint "RevokeBias", Time since last: 2509751638 ns, Reaching safepoint: 73492 ns, At safepoint: 19225 ns, Total: 92717 ns
[2020-02-28T03:30:18.101+0000][1][safepoint    ] Safepoint "RevokeBias", Time since last: 2515309887 ns, Reaching safepoint: 90646 ns, At safepoint: 18178 ns, Total: 108824 ns
[2020-02-28T03:30:20.618+0000][1][safepoint    ] Safepoint "RevokeBias", Time since last: 2517616764 ns, Reaching safepoint: 54114 ns, At safepoint: 16436 ns, Total: 70550 ns
[2020-02-28T03:30:23.132+0000][1][safepoint    ] Safepoint "RevokeBias", Time since last: 2513412223 ns, Reaching safepoint: 73908 ns, At safepoint: 19325 ns, Total: 93233 ns
[2020-02-28T03:30:24.133+0000][1][safepoint    ] Safepoint "Cleanup", Time since last: 1000753230 ns, Reaching safepoint: 84213 ns, At safepoint: 7133 ns, Total: 91346 ns
[2020-02-28T03:30:25.642+0000][1][safepoint    ] Safepoint "RevokeBias", Time since last: 1509198373 ns, Reaching safepoint: 70588 ns, At safepoint: 53537 ns, Total: 124125 ns
[2020-02-28T03:30:28.151+0000][1][safepoint    ] Safepoint "RevokeBias", Time since last: 2508764251 ns, Reaching safepoint: 138662 ns, At safepoint: 24182 ns, Total: 162844 ns
[2020-02-28T03:30:30.664+0000][1][safepoint    ] Safepoint "RevokeBias", Time since last: 2513012966 ns, Reaching safepoint: 68480 ns, At safepoint: 16765 ns, Total: 85245 ns
[2020-02-28T03:30:33.173+0000][1][safepoint    ] Safepoint "RevokeBias", Time since last: 2508952529 ns, Reaching safepoint: 102783 ns, At safepoint: 24857 ns, Total: 127640 ns
[2020-02-28T03:30:35.687+0000][1][safepoint    ] Safepoint "RevokeBias", Time since last: 2514035771 ns, Reaching safepoint: 71725 ns, At safepoint: 17815 ns, Total: 89540 ns
[2020-02-28T03:30:38.198+0000][1][safepoint    ] Safepoint "RevokeBias", Time since last: 2510866503 ns, Reaching safepoint: 80947 ns, At safepoint: 19605 ns, Total: 100552 ns
[2020-02-28T03:30:40.713+0000][1][safepoint    ] Safepoint "RevokeBias", Time since last: 2514898484 ns, Reaching safepoint: 53231 ns, At safepoint: 16277 ns, Total: 69508 ns
[2020-02-28T03:30:43.219+0000][1][safepoint    ] Safepoint "RevokeBias", Time since last: 2505650355 ns, Reaching safepoint: 85457 ns, At safepoint: 20934 ns, Total: 106391 ns
[2020-02-28T03:30:45.723+0000][1][safepoint    ] Safepoint "RevokeBias", Time since last: 2503707492 ns, Reaching safepoint: 82138 ns, At safepoint: 21274 ns, Total: 103412 ns
[2020-02-28T03:30:48.229+0000][1][safepoint    ] Safepoint "RevokeBias", Time since last: 2506045361 ns, Reaching safepoint: 84017 ns, At safepoint: 21423 ns, Total: 105440 ns
[2020-02-28T03:30:50.733+0000][1][safepoint    ] Safepoint "RevokeBias", Time since last: 2504322493 ns, Reaching safepoint: 82239 ns, At safepoint: 21279 ns, Total: 103518 ns
[2020-02-28T03:30:53.237+0000][1][safepoint    ] Safepoint "RevokeBias", Time since last: 2503760874 ns, Reaching safepoint: 82767 ns, At safepoint: 21219 ns, Total: 103986 ns
[2020-02-28T03:30:55.317+0000][1][safepoint    ] Safepoint "Cleanup", Time since last: 2079567745 ns, Reaching safepoint: 70106 ns, At safepoint: 4985 ns, Total: 75091 ns
[2020-02-28T03:30:55.741+0000][1][safepoint    ] Safepoint "BulkRevokeBias", Time since last: 423903375 ns, Reaching safepoint: 71334 ns, At safepoint: 181350 ns, Total: 252684 ns
[2020-02-28T03:30:58.246+0000][1][safepoint    ] Safepoint "RevokeBias", Time since last: 2504548567 ns, Reaching safepoint: 132100 ns, At safepoint: 45434 ns, Total: 177534 ns
[2020-02-28T03:31:00.750+0000][1][safepoint    ] Safepoint "RevokeBias", Time since last: 2504219891 ns, Reaching safepoint: 85166 ns, At safepoint: 21014 ns, Total: 106180 ns
[2020-02-28T03:31:03.254+0000][1][safepoint    ] Safepoint "RevokeBias", Time since last: 2503748841 ns, Reaching safepoint: 99551 ns, At safepoint: 24088 ns, Total: 123639 ns
[2020-02-28T03:31:05.759+0000][1][safepoint    ] Safepoint "RevokeBias", Time since last: 2505235705 ns, Reaching safepoint: 76200 ns, At safepoint: 18851 ns, Total: 95051 ns
[2020-02-28T03:31:08.264+0000][1][safepoint    ] Safepoint "RevokeBias", Time since last: 2504905006 ns, Reaching safepoint: 80191 ns, At safepoint: 20590 ns, Total: 100781 ns
[2020-02-28T03:31:10.768+0000][1][safepoint    ] Safepoint "RevokeBias", Time since last: 2503240276 ns, Reaching safepoint: 83834 ns, At safepoint: 20549 ns, Total: 104383 ns
[2020-02-28T03:31:13.270+0000][1][safepoint    ] Safepoint "RevokeBias", Time since last: 2502623084 ns, Reaching safepoint: 81507 ns, At safepoint: 20727 ns, Total: 102234 ns
[2020-02-28T03:31:15.775+0000][1][safepoint    ] Safepoint "RevokeBias", Time since last: 2504281322 ns, Reaching safepoint: 85007 ns, At safepoint: 21179 ns, Total: 106186 ns
[2020-02-28T03:31:18.284+0000][1][safepoint    ] Safepoint "RevokeBias", Time since last: 2509158931 ns, Reaching safepoint: 183673 ns, At safepoint: 19797 ns, Total: 203470 ns
[2020-02-28T03:31:20.789+0000][1][safepoint    ] Safepoint "RevokeBias", Time since last: 2504611677 ns, Reaching safepoint: 83130 ns, At safepoint: 52388 ns, Total: 135518 ns
[2020-02-28T03:31:23.293+0000][1][safepoint    ] Safepoint "RevokeBias", Time since last: 2504065453 ns, Reaching safepoint: 75259 ns, At safepoint: 18301 ns, Total: 93560 ns
[2020-02-28T03:31:25.797+0000][1][safepoint    ] Safepoint "RevokeBias", Time since last: 2504356957 ns, Reaching safepoint: 85030 ns, At safepoint: 51484 ns, Total: 136514 ns
[2020-02-28T03:31:28.302+0000][1][safepoint    ] Safepoint "RevokeBias", Time since last: 2503933862 ns, Reaching safepoint: 118138 ns, At safepoint: 23569 ns, Total: 141707 ns
[2020-02-28T03:31:30.805+0000][1][safepoint    ] Safepoint "RevokeBias", Time since last: 2503490775 ns, Reaching safepoint: 83274 ns, At safepoint: 46226 ns, Total: 129500 ns
[2020-02-28T03:31:33.309+0000][1][safepoint    ] Safepoint "RevokeBias", Time since last: 2503457333 ns, Reaching safepoint: 99360 ns, At safepoint: 26360 ns, Total: 125720 ns
[2020-02-28T03:31:35.812+0000][1][safepoint    ] Safepoint "RevokeBias", Time since last: 2503329052 ns, Reaching safepoint: 87865 ns, At safepoint: 20681 ns, Total: 108546 ns
[2020-02-28T03:31:38.316+0000][1][safepoint    ] Safepoint "RevokeBias", Time since last: 2504001516 ns, Reaching safepoint: 73177 ns, At safepoint: 18312 ns, Total: 91489 ns
[2020-02-28T03:31:40.820+0000][1][safepoint    ] Safepoint "RevokeBias", Time since last: 2503286725 ns, Reaching safepoint: 75912 ns, At safepoint: 58079 ns, Total: 133991 ns
[2020-02-28T03:31:43.327+0000][1][safepoint    ] Safepoint "RevokeBias", Time since last: 2506869986 ns, Reaching safepoint: 73187 ns, At safepoint: 18152 ns, Total: 91339 ns
[2020-02-28T03:31:45.837+0000][1][safepoint    ] Safepoint "RevokeBias", Time since last: 2510636666 ns, Reaching safepoint: 100673 ns, At safepoint: 23707 ns, Total: 124380 ns
[2020-02-28T03:31:48.356+0000][1][safepoint    ] Safepoint "RevokeBias", Time since last: 2518064959 ns, Reaching safepoint: 53929 ns, At safepoint: 16370 ns, Total: 70299 ns
[2020-02-28T03:31:50.869+0000][1][safepoint    ] Safepoint "RevokeBias", Time since last: 2513456708 ns, Reaching safepoint: 89495 ns, At safepoint: 38480 ns, Total: 127975 ns
[2020-02-28T03:31:51.869+0000][1][safepoint    ] Safepoint "Cleanup", Time since last: 1000137826 ns, Reaching safepoint: 89044 ns, At safepoint: 7705 ns, Total: 96749 ns
[2020-02-28T03:31:53.382+0000][1][safepoint    ] Safepoint "RevokeBias", Time since last: 1512651605 ns, Reaching safepoint: 71367 ns, At safepoint: 17714 ns, Total: 89081 ns
[2020-02-28T03:31:55.890+0000][1][safepoint    ] Safepoint "RevokeBias", Time since last: 2507604258 ns, Reaching safepoint: 72604 ns, At safepoint: 17723 ns, Total: 90327 ns
[2020-02-28T03:31:58.416+0000][1][safepoint    ] Safepoint "RevokeBias", Time since last: 2526606411 ns, Reaching safepoint: 72186 ns, At safepoint: 17966 ns, Total: 90152 ns
[2020-02-28T03:32:00.931+0000][1][safepoint    ] Safepoint "RevokeBias", Time since last: 2513875695 ns, Reaching safepoint: 114768 ns, At safepoint: 23182 ns, Total: 137950 ns
[2020-02-28T03:32:03.445+0000][1][safepoint    ] Safepoint "RevokeBias", Time since last: 2514327269 ns, Reaching safepoint: 71482 ns, At safepoint: 18789 ns, Total: 90271 ns
[2020-02-28T03:32:05.961+0000][1][safepoint    ] Safepoint "RevokeBias", Time since last: 2515707502 ns, Reaching safepoint: 85943 ns, At safepoint: 20704 ns, Total: 106647 ns
[2020-02-28T03:32:08.480+0000][1][safepoint    ] Safepoint "BulkRevokeBias", Time since last: 2519264443 ns, Reaching safepoint: 71130 ns, At safepoint: 234847 ns, Total: 305977 ns
[2020-02-28T03:32:10.990+0000][1][safepoint    ] Safepoint "RevokeBias", Time since last: 2509595549 ns, Reaching safepoint: 130437 ns, At safepoint: 24236 ns, Total: 154673 ns
[2020-02-28T03:32:13.493+0000][1][safepoint    ] Safepoint "RevokeBias", Time since last: 2502875510 ns, Reaching safepoint: 87789 ns, At safepoint: 19494 ns, Total: 107283 ns
[2020-02-28T03:32:15.998+0000][1][safepoint    ] Safepoint "RevokeBias", Time since last: 2504449548 ns, Reaching safepoint: 84490 ns, At safepoint: 20922 ns, Total: 105412 ns
[2020-02-28T03:32:18.505+0000][1][safepoint    ] Safepoint "RevokeBias", Time since last: 2506904023 ns, Reaching safepoint: 81007 ns, At safepoint: 22149 ns, Total: 103156 ns
[2020-02-28T03:32:21.009+0000][1][safepoint    ] Safepoint "RevokeBias", Time since last: 2504000065 ns, Reaching safepoint: 105059 ns, At safepoint: 21571 ns, Total: 126630 ns
[2020-02-28T03:32:22.010+0000][1][safepoint    ] Safepoint "Cleanup", Time since last: 1000846982 ns, Reaching safepoint: 92817 ns, At safepoint: 9266 ns, Total: 102083 ns
[2020-02-28T03:32:23.512+0000][1][safepoint    ] Safepoint "RevokeBias", Time since last: 1502610891 ns, Reaching safepoint: 82384 ns, At safepoint: 20582 ns, Total: 102966 ns
[2020-02-28T03:32:26.016+0000][1][safepoint    ] Safepoint "RevokeBias", Time since last: 2503720515 ns, Reaching safepoint: 76601 ns, At safepoint: 18624 ns, Total: 95225 ns
[2020-02-28T03:32:28.523+0000][1][safepoint    ] Safepoint "RevokeBias", Time since last: 2506219874 ns, Reaching safepoint: 70080 ns, At safepoint: 17301 ns, Total: 87381 ns
[2020-02-28T03:32:28.528+0000][1][gc,start     ] GC(68) Pause Young (Allocation Failure)
[2020-02-28T03:32:28.528+0000][1][gc,task      ] GC(68) Using 1 workers of 1 for evacuation
[2020-02-28T03:32:28.539+0000][1][gc,age       ] GC(68) Desired survivor size 4358144 bytes, new threshold 6 (max threshold 6)
[2020-02-28T03:32:28.539+0000][1][gc,age       ] GC(68) Age table with threshold 6 (max threshold 6)
[2020-02-28T03:32:28.539+0000][1][gc,age       ] GC(68) - age   1:      12568 bytes,      12568 total
[2020-02-28T03:32:28.539+0000][1][gc,age       ] GC(68) - age   2:         56 bytes,      12624 total
[2020-02-28T03:32:28.539+0000][1][gc,age       ] GC(68) - age   3:       1400 bytes,      14024 total
[2020-02-28T03:32:28.539+0000][1][gc,age       ] GC(68) - age   4:        264 bytes,      14288 total
[2020-02-28T03:32:28.539+0000][1][gc,age       ] GC(68) - age   5:        152 bytes,      14440 total
[2020-02-28T03:32:28.539+0000][1][gc,age       ] GC(68) - age   6:       1424 bytes,      15864 total
[2020-02-28T03:32:28.539+0000][1][gc,heap      ] GC(68) ParNew: 68176K->15K(76672K)
[2020-02-28T03:32:28.539+0000][1][gc,heap      ] GC(68) CMS: 62645K->62645K(963392K)
[2020-02-28T03:32:28.539+0000][1][gc,metaspace ] GC(68) Metaspace: 79812K->79812K(1122304K)
[2020-02-28T03:32:28.539+0000][1][gc           ] GC(68) Pause Young (Allocation Failure) 127M->61M(1015M) 11.085ms
[2020-02-28T03:32:28.539+0000][1][gc,cpu       ] GC(68) User=0.01s Sys=0.00s Real=0.01s
[2020-02-28T03:32:28.539+0000][1][safepoint    ] Safepoint "GenCollectForAllocation", Time since last: 5497949 ns, Reaching safepoint: 77354 ns, At safepoint: 11201682 ns, Total: 11279036 ns
[2020-02-28T03:32:31.027+0000][1][safepoint    ] Safepoint "RevokeBias", Time since last: 2488023925 ns, Reaching safepoint: 84065 ns, At safepoint: 21699 ns, Total: 105764 ns
[2020-02-28T03:32:33.531+0000][1][safepoint    ] Safepoint "RevokeBias", Time since last: 2503010077 ns, Reaching safepoint: 84408 ns, At safepoint: 21383 ns, Total: 105791 ns
[2020-02-28T03:32:36.036+0000][1][safepoint    ] Safepoint "RevokeBias", Time since last: 2504878132 ns, Reaching safepoint: 113603 ns, At safepoint: 23398 ns, Total: 137001 ns
[2020-02-28T03:32:38.542+0000][1][safepoint    ] Safepoint "RevokeBias", Time since last: 2506532661 ns, Reaching safepoint: 71393 ns, At safepoint: 16873 ns, Total: 88266 ns
[2020-02-28T03:32:41.046+0000][1][safepoint    ] Safepoint "RevokeBias", Time since last: 2503446338 ns, Reaching safepoint: 83747 ns, At safepoint: 18237 ns, Total: 101984 ns
[2020-02-28T03:32:43.551+0000][1][safepoint    ] Safepoint "RevokeBias", Time since last: 2505499474 ns, Reaching safepoint: 88304 ns, At safepoint: 19145 ns, Total: 107449 ns
[2020-02-28T03:32:46.056+0000][1][safepoint    ] Safepoint "RevokeBias", Time since last: 2504491926 ns, Reaching safepoint: 113721 ns, At safepoint: 22708 ns, Total: 136429 ns
[2020-02-28T03:32:48.562+0000][1][safepoint    ] Safepoint "RevokeBias", Time since last: 2505857318 ns, Reaching safepoint: 84063 ns, At safepoint: 21780 ns, Total: 105843 ns
[2020-02-28T03:32:51.067+0000][1][safepoint    ] Safepoint "RevokeBias", Time since last: 2504489048 ns, Reaching safepoint: 99635 ns, At safepoint: 22859 ns, Total: 122494 ns
[2020-02-28T03:32:52.069+0000][1][safepoint    ] Safepoint "Cleanup", Time since last: 1002147945 ns, Reaching safepoint: 62307 ns, At safepoint: 6320 ns, Total: 68627 ns
[2020-02-28T03:32:53.571+0000][1][safepoint    ] Safepoint "RevokeBias", Time since last: 1502152523 ns, Reaching safepoint: 75407 ns, At safepoint: 18705 ns, Total: 94112 ns
[2020-02-28T03:32:56.075+0000][1][safepoint    ] Safepoint "RevokeBias", Time since last: 2503927580 ns, Reaching safepoint: 71206 ns, At safepoint: 17991 ns, Total: 89197 ns
[2020-02-28T03:32:58.582+0000][1][safepoint    ] Safepoint "RevokeBias", Time since last: 2506995044 ns, Reaching safepoint: 53924 ns, At safepoint: 17386 ns, Total: 71310 ns
[2020-02-28T03:33:01.086+0000][1][safepoint    ] Safepoint "RevokeBias", Time since last: 2503372643 ns, Reaching safepoint: 85124 ns, At safepoint: 21241 ns, Total: 106365 ns
[2020-02-28T03:33:03.590+0000][1][safepoint    ] Safepoint "RevokeBias", Time since last: 2504365149 ns, Reaching safepoint: 69396 ns, At safepoint: 17992 ns, Total: 87388 ns
[2020-02-28T03:33:06.096+0000][1][safepoint    ] Safepoint "RevokeBias", Time since last: 2506095959 ns, Reaching safepoint: 76409 ns, At safepoint: 19648 ns, Total: 96057 ns
[2020-02-28T03:33:08.600+0000][1][safepoint    ] Safepoint "RevokeBias", Time since last: 2503717552 ns, Reaching safepoint: 105332 ns, At safepoint: 23044 ns, Total: 128376 ns
[2020-02-28T03:33:11.108+0000][1][safepoint    ] Safepoint "RevokeBias", Time since last: 2507904097 ns, Reaching safepoint: 54779 ns, At safepoint: 16552 ns, Total: 71331 ns
[2020-02-28T03:33:13.619+0000][1][safepoint    ] Safepoint "RevokeBias", Time since last: 2510996229 ns, Reaching safepoint: 86702 ns, At safepoint: 17868 ns, Total: 104570 ns
[2020-02-28T03:33:16.142+0000][1][safepoint    ] Safepoint "RevokeBias", Time since last: 2523003500 ns, Reaching safepoint: 124133 ns, At safepoint: 51576 ns, Total: 175709 ns
[2020-02-28T03:33:18.658+0000][1][safepoint    ] Safepoint "RevokeBias", Time since last: 2515851023 ns, Reaching safepoint: 84851 ns, At safepoint: 20718 ns, Total: 105569 ns
[2020-02-28T03:33:21.176+0000][1][safepoint    ] Safepoint "BulkRevokeBias", Time since last: 2517405968 ns, Reaching safepoint: 72525 ns, At safepoint: 186328 ns, Total: 258853 ns
[2020-02-28T03:33:23.684+0000][1][safepoint    ] Safepoint "RevokeBias", Time since last: 2507674439 ns, Reaching safepoint: 141450 ns, At safepoint: 30203 ns, Total: 171653 ns
[2020-02-28T03:33:26.205+0000][1][safepoint    ] Safepoint "RevokeBias", Time since last: 2520851120 ns, Reaching safepoint: 71008 ns, At safepoint: 17898 ns, Total: 88906 ns
[2020-02-28T03:33:28.721+0000][1][safepoint    ] Safepoint "RevokeBias", Time since last: 2515780452 ns, Reaching safepoint: 82340 ns, At safepoint: 21030 ns, Total: 103370 ns
[2020-02-28T03:33:31.240+0000][1][safepoint    ] Safepoint "RevokeBias", Time since last: 2518918945 ns, Reaching safepoint: 71133 ns, At safepoint: 19067 ns, Total: 90200 ns
[2020-02-28T03:33:33.750+0000][1][safepoint    ] Safepoint "RevokeBias", Time since last: 2509977911 ns, Reaching safepoint: 93349 ns, At safepoint: 20210 ns, Total: 113559 ns
[2020-02-28T03:33:35.752+0000][1][safepoint    ] Safepoint "Cleanup", Time since last: 2001848548 ns, Reaching safepoint: 148753 ns, At safepoint: 26603 ns, Total: 175356 ns
[2020-02-28T03:33:36.257+0000][1][safepoint    ] Safepoint "RevokeBias", Time since last: 504691045 ns, Reaching safepoint: 72538 ns, At safepoint: 19103 ns, Total: 91641 ns
[2020-02-28T03:33:38.763+0000][1][safepoint    ] Safepoint "RevokeBias", Time since last: 2506307433 ns, Reaching safepoint: 85042 ns, At safepoint: 20813 ns, Total: 105855 ns
[2020-02-28T03:33:41.268+0000][1][safepoint    ] Safepoint "RevokeBias", Time since last: 2504657869 ns, Reaching safepoint: 83428 ns, At safepoint: 21231 ns, Total: 104659 ns
[2020-02-28T03:33:43.771+0000][1][safepoint    ] Safepoint "RevokeBias", Time since last: 2503279370 ns, Reaching safepoint: 75968 ns, At safepoint: 18634 ns, Total: 94602 ns
[2020-02-28T03:33:46.276+0000][1][safepoint    ] Safepoint "RevokeBias", Time since last: 2504806061 ns, Reaching safepoint: 81622 ns, At safepoint: 20689 ns, Total: 102311 ns
[2020-02-28T03:33:48.781+0000][1][safepoint    ] Safepoint "RevokeBias", Time since last: 2505348571 ns, Reaching safepoint: 82607 ns, At safepoint: 20980 ns, Total: 103587 ns
[2020-02-28T03:33:51.286+0000][1][safepoint    ] Safepoint "RevokeBias", Time since last: 2504722063 ns, Reaching safepoint: 81636 ns, At safepoint: 19773 ns, Total: 101409 ns
[2020-02-28T03:33:53.790+0000][1][safepoint    ] Safepoint "RevokeBias", Time since last: 2503527546 ns, Reaching safepoint: 91229 ns, At safepoint: 22243 ns, Total: 113472 ns
[2020-02-28T03:33:56.294+0000][1][safepoint    ] Safepoint "RevokeBias", Time since last: 2504502079 ns, Reaching safepoint: 75233 ns, At safepoint: 18319 ns, Total: 93552 ns
[2020-02-28T03:33:58.800+0000][1][safepoint    ] Safepoint "RevokeBias", Time since last: 2505861698 ns, Reaching safepoint: 73979 ns, At safepoint: 18135 ns, Total: 92114 ns
[2020-02-28T03:34:01.305+0000][1][safepoint    ] Safepoint "RevokeBias", Time since last: 2504307995 ns, Reaching safepoint: 72974 ns, At safepoint: 18246 ns, Total: 91220 ns
[2020-02-28T03:34:03.809+0000][1][safepoint    ] Safepoint "RevokeBias", Time since last: 2503625536 ns, Reaching safepoint: 82924 ns, At safepoint: 21382 ns, Total: 104306 ns
[2020-02-28T03:34:06.313+0000][1][safepoint    ] Safepoint "RevokeBias", Time since last: 2503912653 ns, Reaching safepoint: 72729 ns, At safepoint: 36389 ns, Total: 109118 ns
[2020-02-28T03:34:08.823+0000][1][safepoint    ] Safepoint "RevokeBias", Time since last: 2510439636 ns, Reaching safepoint: 75360 ns, At safepoint: 18494 ns, Total: 93854 ns
[2020-02-28T03:34:11.330+0000][1][safepoint    ] Safepoint "RevokeBias", Time since last: 2506770716 ns, Reaching safepoint: 84918 ns, At safepoint: 20072 ns, Total: 104990 ns
[2020-02-28T03:34:13.331+0000][1][safepoint    ] Safepoint "Cleanup", Time since last: 2001017445 ns, Reaching safepoint: 93521 ns, At safepoint: 9625 ns, Total: 103146 ns
[2020-02-28T03:34:13.834+0000][1][safepoint    ] Safepoint "RevokeBias", Time since last: 502920572 ns, Reaching safepoint: 73560 ns, At safepoint: 19114 ns, Total: 92674 ns
[2020-02-28T03:34:16.339+0000][1][safepoint    ] Safepoint "RevokeBias", Time since last: 2505000793 ns, Reaching safepoint: 81986 ns, At safepoint: 19957 ns, Total: 101943 ns
[2020-02-28T03:34:18.845+0000][1][safepoint    ] Safepoint "RevokeBias", Time since last: 2505530114 ns, Reaching safepoint: 74886 ns, At safepoint: 18659 ns, Total: 93545 ns
[2020-02-28T03:34:21.350+0000][1][safepoint    ] Safepoint "RevokeBias", Time since last: 2505286695 ns, Reaching safepoint: 102626 ns, At safepoint: 20680 ns, Total: 123306 ns
[2020-02-28T03:34:23.854+0000][1][safepoint    ] Safepoint "RevokeBias", Time since last: 2503515630 ns, Reaching safepoint: 99985 ns, At safepoint: 25226 ns, Total: 125211 ns
[2020-02-28T03:34:26.359+0000][1][safepoint    ] Safepoint "RevokeBias", Time since last: 2505211005 ns, Reaching safepoint: 83509 ns, At safepoint: 20855 ns, Total: 104364 ns
[2020-02-28T03:34:28.864+0000][1][safepoint    ] Safepoint "RevokeBias", Time since last: 2504566380 ns, Reaching safepoint: 56352 ns, At safepoint: 17860 ns, Total: 74212 ns
[2020-02-28T03:34:31.368+0000][1][safepoint    ] Safepoint "RevokeBias", Time since last: 2504523779 ns, Reaching safepoint: 80975 ns, At safepoint: 21006 ns, Total: 101981 ns
[2020-02-28T03:34:33.880+0000][1][safepoint    ] Safepoint "BulkRevokeBias", Time since last: 2511166957 ns, Reaching safepoint: 72010 ns, At safepoint: 257269 ns, Total: 329279 ns
[2020-02-28T03:34:36.394+0000][1][safepoint    ] Safepoint "RevokeBias", Time since last: 2514135578 ns, Reaching safepoint: 78800 ns, At safepoint: 47866 ns, Total: 126666 ns
[2020-02-28T03:34:38.912+0000][1][safepoint    ] Safepoint "RevokeBias", Time since last: 2517601690 ns, Reaching safepoint: 70866 ns, At safepoint: 17970 ns, Total: 88836 ns
[2020-02-28T03:34:41.427+0000][1][safepoint    ] Safepoint "RevokeBias", Time since last: 2514921296 ns, Reaching safepoint: 86008 ns, At safepoint: 21730 ns, Total: 107738 ns
[2020-02-28T03:34:43.428+0000][1][safepoint    ] Safepoint "Cleanup", Time since last: 2000586215 ns, Reaching safepoint: 99425 ns, At safepoint: 8351 ns, Total: 107776 ns
[2020-02-28T03:34:43.935+0000][1][safepoint    ] Safepoint "RevokeBias", Time since last: 506871631 ns, Reaching safepoint: 52928 ns, At safepoint: 16542 ns, Total: 69470 ns
[2020-02-28T03:34:46.451+0000][1][gc,start     ] GC(69) Pause Young (Allocation Failure)
[2020-02-28T03:34:46.451+0000][1][gc,task      ] GC(69) Using 1 workers of 1 for evacuation
[2020-02-28T03:34:46.462+0000][1][gc,age       ] GC(69) Desired survivor size 4358144 bytes, new threshold 6 (max threshold 6)
[2020-02-28T03:34:46.462+0000][1][gc,age       ] GC(69) Age table with threshold 6 (max threshold 6)
[2020-02-28T03:34:46.462+0000][1][gc,age       ] GC(69) - age   1:      18520 bytes,      18520 total
[2020-02-28T03:34:46.462+0000][1][gc,age       ] GC(69) - age   2:       1584 bytes,      20104 total
[2020-02-28T03:34:46.462+0000][1][gc,age       ] GC(69) - age   3:         56 bytes,      20160 total
[2020-02-28T03:34:46.462+0000][1][gc,age       ] GC(69) - age   4:       1400 bytes,      21560 total
[2020-02-28T03:34:46.462+0000][1][gc,age       ] GC(69) - age   5:        264 bytes,      21824 total
[2020-02-28T03:34:46.462+0000][1][gc,age       ] GC(69) - age   6:        152 bytes,      21976 total
[2020-02-28T03:34:46.462+0000][1][gc,heap      ] GC(69) ParNew: 68175K->31K(76672K)
[2020-02-28T03:34:46.462+0000][1][gc,heap      ] GC(69) CMS: 62645K->62647K(963392K)
[2020-02-28T03:34:46.462+0000][1][gc,metaspace ] GC(69) Metaspace: 79836K->79836K(1122304K)
[2020-02-28T03:34:46.463+0000][1][gc           ] GC(69) Pause Young (Allocation Failure) 127M->61M(1015M) 11.650ms
[2020-02-28T03:34:46.463+0000][1][gc,cpu       ] GC(69) User=0.01s Sys=0.00s Real=0.01s
[2020-02-28T03:34:46.463+0000][1][safepoint    ] Safepoint "GenCollectForAllocation", Time since last: 2516111239 ns, Reaching safepoint: 131383 ns, At safepoint: 11707484 ns, Total: 11838867 ns
[2020-02-28T03:34:46.463+0000][1][safepoint    ] Safepoint "RevokeBias", Time since last: 520891 ns, Reaching safepoint: 73588 ns, At safepoint: 17355 ns, Total: 90943 ns
[2020-02-28T03:34:48.976+0000][1][safepoint    ] Safepoint "RevokeBias", Time since last: 2512659589 ns, Reaching safepoint: 216425 ns, At safepoint: 55650 ns, Total: 272075 ns
[2020-02-28T03:34:51.487+0000][1][safepoint    ] Safepoint "RevokeBias", Time since last: 2510436755 ns, Reaching safepoint: 89251 ns, At safepoint: 21114 ns, Total: 110365 ns
[2020-02-28T03:34:54.001+0000][1][safepoint    ] Safepoint "RevokeBias", Time since last: 2513862293 ns, Reaching safepoint: 84947 ns, At safepoint: 22454 ns, Total: 107401 ns
[2020-02-28T03:34:56.511+0000][1][safepoint    ] Safepoint "RevokeBias", Time since last: 2509976345 ns, Reaching safepoint: 70754 ns, At safepoint: 17556 ns, Total: 88310 ns
[2020-02-28T03:34:59.017+0000][1][safepoint    ] Safepoint "RevokeBias", Time since last: 2506047116 ns, Reaching safepoint: 72182 ns, At safepoint: 17347 ns, Total: 89529 ns
[2020-02-28T03:35:01.521+0000][1][safepoint    ] Safepoint "RevokeBias", Time since last: 2504314170 ns, Reaching safepoint: 85676 ns, At safepoint: 20678 ns, Total: 106354 ns
[2020-02-28T03:35:04.024+0000][1][safepoint    ] Safepoint "RevokeBias", Time since last: 2503007787 ns, Reaching safepoint: 83366 ns, At safepoint: 20370 ns, Total: 103736 ns
[2020-02-28T03:35:06.528+0000][1][safepoint    ] Safepoint "RevokeBias", Time since last: 2503769675 ns, Reaching safepoint: 71785 ns, At safepoint: 18937 ns, Total: 90722 ns
[2020-02-28T03:35:09.034+0000][1][safepoint    ] Safepoint "RevokeBias", Time since last: 2505739902 ns, Reaching safepoint: 58943 ns, At safepoint: 20044 ns, Total: 78987 ns
[2020-02-28T03:35:11.548+0000][1][safepoint    ] Safepoint "RevokeBias", Time since last: 2513944224 ns, Reaching safepoint: 120225 ns, At safepoint: 22212 ns, Total: 142437 ns
[2020-02-28T03:35:12.549+0000][1][safepoint    ] Safepoint "Cleanup", Time since last: 1000466393 ns, Reaching safepoint: 103999 ns, At safepoint: 7146 ns, Total: 111145 ns
[2020-02-28T03:35:14.053+0000][1][safepoint    ] Safepoint "RevokeBias", Time since last: 1504544672 ns, Reaching safepoint: 138526 ns, At safepoint: 34544 ns, Total: 173070 ns
[2020-02-28T03:35:16.558+0000][1][safepoint    ] Safepoint "RevokeBias", Time since last: 2504208377 ns, Reaching safepoint: 84676 ns, At safepoint: 21014 ns, Total: 105690 ns
[2020-02-28T03:35:19.063+0000][1][safepoint    ] Safepoint "RevokeBias", Time since last: 2505320455 ns, Reaching safepoint: 80458 ns, At safepoint: 20914 ns, Total: 101372 ns
[2020-02-28T03:35:21.569+0000][1][safepoint    ] Safepoint "RevokeBias", Time since last: 2506039700 ns, Reaching safepoint: 91626 ns, At safepoint: 21076 ns, Total: 112702 ns
[2020-02-28T03:35:24.073+0000][1][safepoint    ] Safepoint "RevokeBias", Time since last: 2504010592 ns, Reaching safepoint: 84387 ns, At safepoint: 20897 ns, Total: 105284 ns
[2020-02-28T03:35:26.580+0000][1][safepoint    ] Safepoint "RevokeBias", Time since last: 2506174396 ns, Reaching safepoint: 81021 ns, At safepoint: 19992 ns, Total: 101013 ns
[2020-02-28T03:35:29.083+0000][1][safepoint    ] Safepoint "RevokeBias", Time since last: 2503345965 ns, Reaching safepoint: 69725 ns, At safepoint: 17571 ns, Total: 87296 ns
[2020-02-28T03:35:31.588+0000][1][safepoint    ] Safepoint "RevokeBias", Time since last: 2505105059 ns, Reaching safepoint: 73433 ns, At safepoint: 17208 ns, Total: 90641 ns
[2020-02-28T03:35:34.091+0000][1][safepoint    ] Safepoint "RevokeBias", Time since last: 2502383651 ns, Reaching safepoint: 70247 ns, At safepoint: 18490 ns, Total: 88737 ns
[2020-02-28T03:35:36.595+0000][1][safepoint    ] Safepoint "RevokeBias", Time since last: 2504312959 ns, Reaching safepoint: 125949 ns, At safepoint: 24955 ns, Total: 150904 ns
[2020-02-28T03:35:39.100+0000][1][safepoint    ] Safepoint "RevokeBias", Time since last: 2504511691 ns, Reaching safepoint: 83842 ns, At safepoint: 21134 ns, Total: 104976 ns
[2020-02-28T03:35:41.605+0000][1][safepoint    ] Safepoint "RevokeBias", Time since last: 2505104874 ns, Reaching safepoint: 68008 ns, At safepoint: 17722 ns, Total: 85730 ns
[2020-02-28T03:35:44.109+0000][1][safepoint    ] Safepoint "RevokeBias", Time since last: 2503926287 ns, Reaching safepoint: 102698 ns, At safepoint: 21355 ns, Total: 124053 ns
[2020-02-28T03:35:46.614+0000][1][safepoint    ] Safepoint "BulkRevokeBias", Time since last: 2504970758 ns, Reaching safepoint: 103037 ns, At safepoint: 223193 ns, Total: 326230 ns
[2020-02-28T03:35:49.120+0000][1][safepoint    ] Safepoint "RevokeBias", Time since last: 2505592064 ns, Reaching safepoint: 74974 ns, At safepoint: 18782 ns, Total: 93756 ns
[2020-02-28T03:35:51.625+0000][1][safepoint    ] Safepoint "RevokeBias", Time since last: 2504628583 ns, Reaching safepoint: 75731 ns, At safepoint: 28120 ns, Total: 103851 ns
[2020-02-28T03:35:54.129+0000][1][safepoint    ] Safepoint "RevokeBias", Time since last: 2503600596 ns, Reaching safepoint: 84485 ns, At safepoint: 22100 ns, Total: 106585 ns
[2020-02-28T03:35:56.634+0000][1][safepoint    ] Safepoint "RevokeBias", Time since last: 2505428234 ns, Reaching safepoint: 81760 ns, At safepoint: 21183 ns, Total: 102943 ns
[2020-02-28T03:35:59.140+0000][1][safepoint    ] Safepoint "RevokeBias", Time since last: 2506238177 ns, Reaching safepoint: 75956 ns, At safepoint: 19130 ns, Total: 95086 ns
[2020-02-28T03:36:01.659+0000][1][safepoint    ] Safepoint "RevokeBias", Time since last: 2518993645 ns, Reaching safepoint: 71345 ns, At safepoint: 18112 ns, Total: 89457 ns
[2020-02-28T03:36:04.167+0000][1][safepoint    ] Safepoint "RevokeBias", Time since last: 2507521966 ns, Reaching safepoint: 68724 ns, At safepoint: 16519 ns, Total: 85243 ns
[2020-02-28T03:36:06.679+0000][1][safepoint    ] Safepoint "RevokeBias", Time since last: 2512142293 ns, Reaching safepoint: 74146 ns, At safepoint: 19683 ns, Total: 93829 ns
[2020-02-28T03:36:09.190+0000][1][safepoint    ] Safepoint "RevokeBias", Time since last: 2510709477 ns, Reaching safepoint: 80081 ns, At safepoint: 19457 ns, Total: 99538 ns
[2020-02-28T03:36:11.708+0000][1][safepoint    ] Safepoint "RevokeBias", Time since last: 2517961795 ns, Reaching safepoint: 126585 ns, At safepoint: 23976 ns, Total: 150561 ns
[2020-02-28T03:36:14.220+0000][1][safepoint    ] Safepoint "RevokeBias", Time since last: 2511946748 ns, Reaching safepoint: 103598 ns, At safepoint: 21861 ns, Total: 125459 ns
[2020-02-28T03:36:16.736+0000][1][safepoint    ] Safepoint "RevokeBias", Time since last: 2515500618 ns, Reaching safepoint: 70100 ns, At safepoint: 18170 ns, Total: 88270 ns
[2020-02-28T03:36:19.251+0000][1][safepoint    ] Safepoint "RevokeBias", Time since last: 2515317359 ns, Reaching safepoint: 81462 ns, At safepoint: 21142 ns, Total: 102604 ns
[2020-02-28T03:36:21.771+0000][1][safepoint    ] Safepoint "RevokeBias", Time since last: 2519758849 ns, Reaching safepoint: 57563 ns, At safepoint: 18325 ns, Total: 75888 ns
[2020-02-28T03:36:24.280+0000][1][safepoint    ] Safepoint "RevokeBias", Time since last: 2509061159 ns, Reaching safepoint: 77921 ns, At safepoint: 19338 ns, Total: 97259 ns
[2020-02-28T03:36:26.785+0000][1][safepoint    ] Safepoint "RevokeBias", Time since last: 2504988323 ns, Reaching safepoint: 68845 ns, At safepoint: 17889 ns, Total: 86734 ns
[2020-02-28T03:36:29.291+0000][1][safepoint    ] Safepoint "RevokeBias", Time since last: 2505074662 ns, Reaching safepoint: 73957 ns, At safepoint: 18250 ns, Total: 92207 ns
[2020-02-28T03:36:31.798+0000][1][safepoint    ] Safepoint "RevokeBias", Time since last: 2507346833 ns, Reaching safepoint: 68777 ns, At safepoint: 18836 ns, Total: 87613 ns
[2020-02-28T03:36:34.306+0000][1][safepoint    ] Safepoint "RevokeBias", Time since last: 2508303294 ns, Reaching safepoint: 85476 ns, At safepoint: 21119 ns, Total: 106595 ns
[2020-02-28T03:36:36.811+0000][1][safepoint    ] Safepoint "RevokeBias", Time since last: 2504039820 ns, Reaching safepoint: 116054 ns, At safepoint: 23746 ns, Total: 139800 ns
[2020-02-28T03:36:39.317+0000][1][safepoint    ] Safepoint "RevokeBias", Time since last: 2506152893 ns, Reaching safepoint: 74298 ns, At safepoint: 18179 ns, Total: 92477 ns
[2020-02-28T03:36:41.822+0000][1][safepoint    ] Safepoint "RevokeBias", Time since last: 2504989865 ns, Reaching safepoint: 72520 ns, At safepoint: 17834 ns, Total: 90354 ns
[2020-02-28T03:36:42.822+0000][1][safepoint    ] Safepoint "Cleanup", Time since last: 1000456655 ns, Reaching safepoint: 106096 ns, At safepoint: 9695 ns, Total: 115791 ns
[2020-02-28T03:36:44.324+0000][1][safepoint    ] Safepoint "RevokeBias", Time since last: 1501371482 ns, Reaching safepoint: 76327 ns, At safepoint: 18169 ns, Total: 94496 ns
[2020-02-28T03:36:46.829+0000][1][safepoint    ] Safepoint "RevokeBias", Time since last: 2504721892 ns, Reaching safepoint: 77569 ns, At safepoint: 19048 ns, Total: 96617 ns
[2020-02-28T03:36:49.335+0000][1][safepoint    ] Safepoint "RevokeBias", Time since last: 2506454619 ns, Reaching safepoint: 89202 ns, At safepoint: 20077 ns, Total: 109279 ns
[2020-02-28T03:36:51.839+0000][1][safepoint    ] Safepoint "RevokeBias", Time since last: 2503423916 ns, Reaching safepoint: 83005 ns, At safepoint: 20682 ns, Total: 103687 ns
[2020-02-28T03:36:54.343+0000][1][safepoint    ] Safepoint "RevokeBias", Time since last: 2503759214 ns, Reaching safepoint: 101364 ns, At safepoint: 23791 ns, Total: 125155 ns
[2020-02-28T03:36:56.849+0000][1][safepoint    ] Safepoint "RevokeBias", Time since last: 2505723488 ns, Reaching safepoint: 83497 ns, At safepoint: 20782 ns, Total: 104279 ns
[2020-02-28T03:36:57.849+0000][1][safepoint    ] Safepoint "Cleanup", Time since last: 1000312237 ns, Reaching safepoint: 94933 ns, At safepoint: 9196 ns, Total: 104129 ns
[2020-02-28T03:36:59.353+0000][1][safepoint    ] Safepoint "BulkRevokeBias", Time since last: 1503547411 ns, Reaching safepoint: 87181 ns, At safepoint: 334254 ns, Total: 421435 ns
[2020-02-28T03:37:01.858+0000][1][safepoint    ] Safepoint "RevokeBias", Time since last: 2504537182 ns, Reaching safepoint: 77128 ns, At safepoint: 19397 ns, Total: 96525 ns
[2020-02-28T03:37:04.362+0000][1][safepoint    ] Safepoint "RevokeBias", Time since last: 2504694236 ns, Reaching safepoint: 82724 ns, At safepoint: 22087 ns, Total: 104811 ns
[2020-02-28T03:37:05.370+0000][1][gc,start     ] GC(70) Pause Young (Allocation Failure)
[2020-02-28T03:37:05.371+0000][1][gc,task      ] GC(70) Using 1 workers of 1 for evacuation
[2020-02-28T03:37:05.393+0000][1][gc,age       ] GC(70) Desired survivor size 4358144 bytes, new threshold 6 (max threshold 6)
[2020-02-28T03:37:05.393+0000][1][gc,age       ] GC(70) Age table with threshold 6 (max threshold 6)
[2020-02-28T03:37:05.393+0000][1][gc,age       ] GC(70) - age   1:      14856 bytes,      14856 total
[2020-02-28T03:37:05.393+0000][1][gc,age       ] GC(70) - age   2:        120 bytes,      14976 total
[2020-02-28T03:37:05.393+0000][1][gc,age       ] GC(70) - age   3:       1584 bytes,      16560 total
[2020-02-28T03:37:05.393+0000][1][gc,age       ] GC(70) - age   4:         56 bytes,      16616 total
[2020-02-28T03:37:05.393+0000][1][gc,age       ] GC(70) - age   5:       1400 bytes,      18016 total
[2020-02-28T03:37:05.393+0000][1][gc,age       ] GC(70) - age   6:        264 bytes,      18280 total
[2020-02-28T03:37:05.393+0000][1][gc,heap      ] GC(70) ParNew: 68191K->19K(76672K)
[2020-02-28T03:37:05.393+0000][1][gc,heap      ] GC(70) CMS: 62647K->62647K(963392K)
[2020-02-28T03:37:05.393+0000][1][gc,metaspace ] GC(70) Metaspace: 79844K->79844K(1122304K)
[2020-02-28T03:37:05.394+0000][1][gc           ] GC(70) Pause Young (Allocation Failure) 127M->61M(1015M) 23.078ms
[2020-02-28T03:37:05.394+0000][1][gc,cpu       ] GC(70) User=0.01s Sys=0.00s Real=0.02s
[2020-02-28T03:37:05.394+0000][1][safepoint    ] Safepoint "GenCollectForAllocation", Time since last: 1007971407 ns, Reaching safepoint: 86921 ns, At safepoint: 23144389 ns, Total: 23231310 ns
[2020-02-28T03:37:06.869+0000][1][safepoint    ] Safepoint "RevokeBias", Time since last: 1474902655 ns, Reaching safepoint: 84249 ns, At safepoint: 21465 ns, Total: 105714 ns
[2020-02-28T03:37:09.375+0000][1][safepoint    ] Safepoint "RevokeBias", Time since last: 2506016803 ns, Reaching safepoint: 77000 ns, At safepoint: 19114 ns, Total: 96114 ns
[2020-02-28T03:37:11.880+0000][1][safepoint    ] Safepoint "RevokeBias", Time since last: 2505527420 ns, Reaching safepoint: 70673 ns, At safepoint: 17609 ns, Total: 88282 ns
[2020-02-28T03:37:12.881+0000][1][safepoint    ] Safepoint "Cleanup", Time since last: 1000736169 ns, Reaching safepoint: 88924 ns, At safepoint: 8827 ns, Total: 97751 ns
[2020-02-28T03:37:14.384+0000][1][safepoint    ] Safepoint "RevokeBias", Time since last: 1502212919 ns, Reaching safepoint: 131531 ns, At safepoint: 22309 ns, Total: 153840 ns
[2020-02-28T03:37:16.888+0000][1][safepoint    ] Safepoint "RevokeBias", Time since last: 2504634237 ns, Reaching safepoint: 76857 ns, At safepoint: 19227 ns, Total: 96084 ns
[2020-02-28T03:37:19.394+0000][1][safepoint    ] Safepoint "RevokeBias", Time since last: 2505720478 ns, Reaching safepoint: 73603 ns, At safepoint: 18466 ns, Total: 92069 ns
[2020-02-28T03:37:21.397+0000][1][safepoint    ] Safepoint "Cleanup", Time since last: 2002987639 ns, Reaching safepoint: 93487 ns, At safepoint: 9990 ns, Total: 103477 ns
[2020-02-28T03:37:21.900+0000][1][safepoint    ] Safepoint "RevokeBias", Time since last: 503213841 ns, Reaching safepoint: 98124 ns, At safepoint: 20929 ns, Total: 119053 ns
[2020-02-28T03:37:23.901+0000][1][safepoint    ] Safepoint "Cleanup", Time since last: 2000255308 ns, Reaching safepoint: 118339 ns, At safepoint: 7406 ns, Total: 125745 ns
[2020-02-28T03:37:24.404+0000][1][safepoint    ] Safepoint "RevokeBias", Time since last: 503261288 ns, Reaching safepoint: 72683 ns, At safepoint: 33830 ns, Total: 106513 ns
[2020-02-28T03:37:26.908+0000][1][safepoint    ] Safepoint "RevokeBias", Time since last: 2503428936 ns, Reaching safepoint: 84085 ns, At safepoint: 21292 ns, Total: 105377 ns
[2020-02-28T03:37:29.412+0000][1][safepoint    ] Safepoint "RevokeBias", Time since last: 2503649302 ns, Reaching safepoint: 83744 ns, At safepoint: 20557 ns, Total: 104301 ns
[2020-02-28T03:37:31.915+0000][1][safepoint    ] Safepoint "RevokeBias", Time since last: 2503364593 ns, Reaching safepoint: 77561 ns, At safepoint: 28273 ns, Total: 105834 ns
[2020-02-28T03:37:34.428+0000][1][safepoint    ] Safepoint "RevokeBias", Time since last: 2513156844 ns, Reaching safepoint: 72100 ns, At safepoint: 17589 ns, Total: 89689 ns
[2020-02-28T03:37:36.938+0000][1][safepoint    ] Safepoint "RevokeBias", Time since last: 2509937265 ns, Reaching safepoint: 81272 ns, At safepoint: 19932 ns, Total: 101204 ns
[2020-02-28T03:37:39.450+0000][1][safepoint    ] Safepoint "RevokeBias", Time since last: 2511656419 ns, Reaching safepoint: 52404 ns, At safepoint: 16412 ns, Total: 68816 ns
[2020-02-28T03:37:41.960+0000][1][safepoint    ] Safepoint "RevokeBias", Time since last: 2509807838 ns, Reaching safepoint: 80971 ns, At safepoint: 20509 ns, Total: 101480 ns
[2020-02-28T03:37:44.470+0000][1][safepoint    ] Safepoint "RevokeBias", Time since last: 2510003486 ns, Reaching safepoint: 85799 ns, At safepoint: 18076 ns, Total: 103875 ns
[2020-02-28T03:37:46.989+0000][1][safepoint    ] Safepoint "RevokeBias", Time since last: 2519262242 ns, Reaching safepoint: 80357 ns, At safepoint: 20781 ns, Total: 101138 ns
[2020-02-28T03:37:49.508+0000][1][safepoint    ] Safepoint "RevokeBias", Time since last: 2518097199 ns, Reaching safepoint: 70353 ns, At safepoint: 17216 ns, Total: 87569 ns
[2020-02-28T03:37:51.508+0000][1][safepoint    ] Safepoint "Cleanup", Time since last: 2000556406 ns, Reaching safepoint: 82829 ns, At safepoint: 8935 ns, Total: 91764 ns
[2020-02-28T03:37:52.017+0000][1][safepoint    ] Safepoint "RevokeBias", Time since last: 508705813 ns, Reaching safepoint: 80330 ns, At safepoint: 20144 ns, Total: 100474 ns
[2020-02-28T03:37:54.556+0000][1][safepoint    ] Safepoint "RevokeBias", Time since last: 2538553681 ns, Reaching safepoint: 75940 ns, At safepoint: 20260 ns, Total: 96200 ns
[2020-02-28T03:37:57.067+0000][1][safepoint    ] Safepoint "RevokeBias", Time since last: 2511100357 ns, Reaching safepoint: 61902 ns, At safepoint: 18591 ns, Total: 80493 ns
[2020-02-28T03:37:59.573+0000][1][safepoint    ] Safepoint "RevokeBias", Time since last: 2505707455 ns, Reaching safepoint: 86317 ns, At safepoint: 20874 ns, Total: 107191 ns
[2020-02-28T03:38:02.078+0000][1][safepoint    ] Safepoint "RevokeBias", Time since last: 2505548743 ns, Reaching safepoint: 77722 ns, At safepoint: 18257 ns, Total: 95979 ns
[2020-02-28T03:38:04.587+0000][1][safepoint    ] Safepoint "RevokeBias", Time since last: 2509034519 ns, Reaching safepoint: 72687 ns, At safepoint: 18929 ns, Total: 91616 ns
[2020-02-28T03:38:07.099+0000][1][safepoint    ] Safepoint "RevokeBias", Time since last: 2511814582 ns, Reaching safepoint: 76226 ns, At safepoint: 19252 ns, Total: 95478 ns
[2020-02-28T03:38:09.607+0000][1][safepoint    ] Safepoint "RevokeBias", Time since last: 2507279833 ns, Reaching safepoint: 83080 ns, At safepoint: 20985 ns, Total: 104065 ns
[2020-02-28T03:38:12.111+0000][1][safepoint    ] Safepoint "BulkRevokeBias", Time since last: 2504041896 ns, Reaching safepoint: 79702 ns, At safepoint: 209957 ns, Total: 289659 ns
[2020-02-28T03:38:13.112+0000][1][safepoint    ] Safepoint "Cleanup", Time since last: 1000407826 ns, Reaching safepoint: 122056 ns, At safepoint: 9838 ns, Total: 131894 ns
[2020-02-28T03:38:14.614+0000][1][safepoint    ] Safepoint "RevokeBias", Time since last: 1502510684 ns, Reaching safepoint: 83552 ns, At safepoint: 20748 ns, Total: 104300 ns
[2020-02-28T03:38:17.120+0000][1][safepoint    ] Safepoint "RevokeBias", Time since last: 2505704732 ns, Reaching safepoint: 83490 ns, At safepoint: 20827 ns, Total: 104317 ns
[2020-02-28T03:38:19.626+0000][1][safepoint    ] Safepoint "RevokeBias", Time since last: 2506270737 ns, Reaching safepoint: 80199 ns, At safepoint: 19933 ns, Total: 100132 ns
[2020-02-28T03:38:21.628+0000][1][safepoint    ] Safepoint "Cleanup", Time since last: 2001189337 ns, Reaching safepoint: 102361 ns, At safepoint: 11577 ns, Total: 113938 ns
[2020-02-28T03:38:22.133+0000][1][safepoint    ] Safepoint "RevokeBias", Time since last: 505157548 ns, Reaching safepoint: 85855 ns, At safepoint: 20814 ns, Total: 106669 ns
[2020-02-28T03:38:24.637+0000][1][safepoint    ] Safepoint "RevokeBias", Time since last: 2503661977 ns, Reaching safepoint: 81552 ns, At safepoint: 21218 ns, Total: 102770 ns
[2020-02-28T03:38:27.142+0000][1][safepoint    ] Safepoint "RevokeBias", Time since last: 2505303026 ns, Reaching safepoint: 83491 ns, At safepoint: 20239 ns, Total: 103730 ns
[2020-02-28T03:38:29.648+0000][1][safepoint    ] Safepoint "RevokeBias", Time since last: 2506221679 ns, Reaching safepoint: 82393 ns, At safepoint: 20589 ns, Total: 102982 ns
[2020-02-28T03:38:32.153+0000][1][safepoint    ] Safepoint "RevokeBias", Time since last: 2504706625 ns, Reaching safepoint: 80011 ns, At safepoint: 45715 ns, Total: 125726 ns
[2020-02-28T03:38:34.657+0000][1][safepoint    ] Safepoint "RevokeBias", Time since last: 2504061258 ns, Reaching safepoint: 56650 ns, At safepoint: 16750 ns, Total: 73400 ns
[2020-02-28T03:38:37.164+0000][1][safepoint    ] Safepoint "RevokeBias", Time since last: 2506723693 ns, Reaching safepoint: 100712 ns, At safepoint: 21187 ns, Total: 121899 ns
[2020-02-28T03:38:39.671+0000][1][safepoint    ] Safepoint "RevokeBias", Time since last: 2506239558 ns, Reaching safepoint: 75659 ns, At safepoint: 18868 ns, Total: 94527 ns
[2020-02-28T03:38:42.175+0000][1][safepoint    ] Safepoint "RevokeBias", Time since last: 2504477670 ns, Reaching safepoint: 77167 ns, At safepoint: 18964 ns, Total: 96131 ns
[2020-02-28T03:38:43.178+0000][1][safepoint    ] Safepoint "Cleanup", Time since last: 1002604500 ns, Reaching safepoint: 197073 ns, At safepoint: 26954 ns, Total: 224027 ns
[2020-02-28T03:38:44.679+0000][1][safepoint    ] Safepoint "RevokeBias", Time since last: 1501187690 ns, Reaching safepoint: 84871 ns, At safepoint: 38241 ns, Total: 123112 ns
[2020-02-28T03:38:47.184+0000][1][safepoint    ] Safepoint "RevokeBias", Time since last: 2504692046 ns, Reaching safepoint: 78635 ns, At safepoint: 19137 ns, Total: 97772 ns
[2020-02-28T03:38:49.690+0000][1][safepoint    ] Safepoint "RevokeBias", Time since last: 2506040075 ns, Reaching safepoint: 82143 ns, At safepoint: 20343 ns, Total: 102486 ns
[2020-02-28T03:38:52.195+0000][1][safepoint    ] Safepoint "RevokeBias", Time since last: 2504962402 ns, Reaching safepoint: 83568 ns, At safepoint: 20468 ns, Total: 104036 ns
[2020-02-28T03:38:54.699+0000][1][safepoint    ] Safepoint "RevokeBias", Time since last: 2503388120 ns, Reaching safepoint: 101678 ns, At safepoint: 23916 ns, Total: 125594 ns
[2020-02-28T03:38:57.226+0000][1][safepoint    ] Safepoint "RevokeBias", Time since last: 2526790578 ns, Reaching safepoint: 73239 ns, At safepoint: 18709 ns, Total: 91948 ns
[2020-02-28T03:38:59.742+0000][1][safepoint    ] Safepoint "RevokeBias", Time since last: 2515929744 ns, Reaching safepoint: 72102 ns, At safepoint: 17563 ns, Total: 89665 ns
[2020-02-28T03:39:02.262+0000][1][safepoint    ] Safepoint "RevokeBias", Time since last: 2520594435 ns, Reaching safepoint: 70458 ns, At safepoint: 16645 ns, Total: 87103 ns
[2020-02-28T03:39:04.776+0000][1][safepoint    ] Safepoint "RevokeBias", Time since last: 2513695553 ns, Reaching safepoint: 83882 ns, At safepoint: 21037 ns, Total: 104919 ns
[2020-02-28T03:39:07.295+0000][1][safepoint    ] Safepoint "RevokeBias", Time since last: 2518979285 ns, Reaching safepoint: 54263 ns, At safepoint: 16035 ns, Total: 70298 ns
[2020-02-28T03:39:09.807+0000][1][safepoint    ] Safepoint "RevokeBias", Time since last: 2511622194 ns, Reaching safepoint: 84304 ns, At safepoint: 49576 ns, Total: 133880 ns
[2020-02-28T03:39:12.322+0000][1][safepoint    ] Safepoint "RevokeBias", Time since last: 2514556139 ns, Reaching safepoint: 53593 ns, At safepoint: 16686 ns, Total: 70279 ns
[2020-02-28T03:39:14.919+0000][1][safepoint    ] Safepoint "RevokeBias", Time since last: 2597640715 ns, Reaching safepoint: 70036 ns, At safepoint: 17378 ns, Total: 87414 ns
[2020-02-28T03:39:17.445+0000][1][safepoint    ] Safepoint "RevokeBias", Time since last: 2521146431 ns, Reaching safepoint: 4502340 ns, At safepoint: 18283 ns, Total: 4520623 ns
[2020-02-28T03:39:19.954+0000][1][safepoint    ] Safepoint "RevokeBias", Time since last: 2509157176 ns, Reaching safepoint: 75573 ns, At safepoint: 19975 ns, Total: 95548 ns
[2020-02-28T03:39:22.481+0000][1][safepoint    ] Safepoint "RevokeBias", Time since last: 2526833480 ns, Reaching safepoint: 53476 ns, At safepoint: 16007 ns, Total: 69483 ns
[2020-02-28T03:39:24.987+0000][1][gc,start     ] GC(71) Pause Young (Allocation Failure)
[2020-02-28T03:39:24.987+0000][1][gc,task      ] GC(71) Using 1 workers of 1 for evacuation
[2020-02-28T03:39:24.998+0000][1][gc,age       ] GC(71) Desired survivor size 4358144 bytes, new threshold 6 (max threshold 6)
[2020-02-28T03:39:24.998+0000][1][gc,age       ] GC(71) Age table with threshold 6 (max threshold 6)
[2020-02-28T03:39:24.998+0000][1][gc,age       ] GC(71) - age   1:      11688 bytes,      11688 total
[2020-02-28T03:39:24.998+0000][1][gc,age       ] GC(71) - age   2:        472 bytes,      12160 total
[2020-02-28T03:39:24.998+0000][1][gc,age       ] GC(71) - age   3:        120 bytes,      12280 total
[2020-02-28T03:39:24.998+0000][1][gc,age       ] GC(71) - age   4:       1584 bytes,      13864 total
[2020-02-28T03:39:24.998+0000][1][gc,age       ] GC(71) - age   5:         56 bytes,      13920 total
[2020-02-28T03:39:24.998+0000][1][gc,age       ] GC(71) - age   6:       1400 bytes,      15320 total
[2020-02-28T03:39:24.998+0000][1][gc,heap      ] GC(71) ParNew: 68179K->18K(76672K)
[2020-02-28T03:39:24.998+0000][1][gc,heap      ] GC(71) CMS: 62647K->62647K(963392K)
[2020-02-28T03:39:24.998+0000][1][gc,metaspace ] GC(71) Metaspace: 79894K->79894K(1122304K)
[2020-02-28T03:39:24.998+0000][1][gc           ] GC(71) Pause Young (Allocation Failure) 127M->61M(1015M) 11.149ms
[2020-02-28T03:39:24.998+0000][1][gc,cpu       ] GC(71) User=0.01s Sys=0.00s Real=0.01s
[2020-02-28T03:39:24.998+0000][1][safepoint    ] Safepoint "GenCollectForAllocation", Time since last: 2505291652 ns, Reaching safepoint: 102193 ns, At safepoint: 11205014 ns, Total: 11307207 ns
[2020-02-28T03:39:24.999+0000][1][safepoint    ] Safepoint "BulkRevokeBias", Time since last: 1210792 ns, Reaching safepoint: 66524 ns, At safepoint: 215887 ns, Total: 282411 ns
[2020-02-28T03:39:27.506+0000][1][safepoint    ] Safepoint "RevokeBias", Time since last: 2506336984 ns, Reaching safepoint: 71430 ns, At safepoint: 17822 ns, Total: 89252 ns
[2020-02-28T03:39:30.010+0000][1][safepoint    ] Safepoint "RevokeBias", Time since last: 2504505372 ns, Reaching safepoint: 71881 ns, At safepoint: 17907 ns, Total: 89788 ns
[2020-02-28T03:39:32.513+0000][1][safepoint    ] Safepoint "RevokeBias", Time since last: 2502865455 ns, Reaching safepoint: 83760 ns, At safepoint: 21354 ns, Total: 105114 ns
[2020-02-28T03:39:35.016+0000][1][safepoint    ] Safepoint "RevokeBias", Time since last: 2502752665 ns, Reaching safepoint: 109137 ns, At safepoint: 26290 ns, Total: 135427 ns
[2020-02-28T03:39:37.521+0000][1][safepoint    ] Safepoint "RevokeBias", Time since last: 2505030061 ns, Reaching safepoint: 75188 ns, At safepoint: 18854 ns, Total: 94042 ns
[2020-02-28T03:39:40.027+0000][1][safepoint    ] Safepoint "RevokeBias", Time since last: 2505771225 ns, Reaching safepoint: 84182 ns, At safepoint: 21744 ns, Total: 105926 ns
[2020-02-28T03:39:42.532+0000][1][safepoint    ] Safepoint "RevokeBias", Time since last: 2504647135 ns, Reaching safepoint: 77632 ns, At safepoint: 18914 ns, Total: 96546 ns
[2020-02-28T03:39:44.533+0000][1][safepoint    ] Safepoint "Cleanup", Time since last: 2001227259 ns, Reaching safepoint: 95878 ns, At safepoint: 8478 ns, Total: 104356 ns
[2020-02-28T03:39:45.037+0000][1][safepoint    ] Safepoint "RevokeBias", Time since last: 503206170 ns, Reaching safepoint: 84020 ns, At safepoint: 21088 ns, Total: 105108 ns
[2020-02-28T03:39:47.543+0000][1][safepoint    ] Safepoint "RevokeBias", Time since last: 2506315589 ns, Reaching safepoint: 81114 ns, At safepoint: 20212 ns, Total: 101326 ns
[2020-02-28T03:39:50.049+0000][1][safepoint    ] Safepoint "RevokeBias", Time since last: 2506175647 ns, Reaching safepoint: 75997 ns, At safepoint: 18825 ns, Total: 94822 ns
[2020-02-28T03:39:52.553+0000][1][safepoint    ] Safepoint "RevokeBias", Time since last: 2503239027 ns, Reaching safepoint: 69894 ns, At safepoint: 17905 ns, Total: 87799 ns
[2020-02-28T03:39:54.554+0000][1][safepoint    ] Safepoint "Cleanup", Time since last: 2000874094 ns, Reaching safepoint: 91590 ns, At safepoint: 9474 ns, Total: 101064 ns
[2020-02-28T03:39:55.061+0000][1][safepoint    ] Safepoint "RevokeBias", Time since last: 507007261 ns, Reaching safepoint: 92424 ns, At safepoint: 19488 ns, Total: 111912 ns
[2020-02-28T03:39:57.568+0000][1][safepoint    ] Safepoint "RevokeBias", Time since last: 2507063779 ns, Reaching safepoint: 75867 ns, At safepoint: 19112 ns, Total: 94979 ns
[2020-02-28T03:40:00.073+0000][1][safepoint    ] Safepoint "RevokeBias", Time since last: 2504601809 ns, Reaching safepoint: 126373 ns, At safepoint: 20667 ns, Total: 147040 ns
[2020-02-28T03:40:02.576+0000][1][safepoint    ] Safepoint "RevokeBias", Time since last: 2503474166 ns, Reaching safepoint: 83310 ns, At safepoint: 20826 ns, Total: 104136 ns
[2020-02-28T03:40:05.079+0000][1][safepoint    ] Safepoint "RevokeBias", Time since last: 2502771870 ns, Reaching safepoint: 92768 ns, At safepoint: 21871 ns, Total: 114639 ns
[2020-02-28T03:40:07.583+0000][1][safepoint    ] Safepoint "RevokeBias", Time since last: 2503661013 ns, Reaching safepoint: 76193 ns, At safepoint: 18855 ns, Total: 95048 ns
[2020-02-28T03:40:10.089+0000][1][safepoint    ] Safepoint "RevokeBias", Time since last: 2505821769 ns, Reaching safepoint: 121743 ns, At safepoint: 23158 ns, Total: 144901 ns
[2020-02-28T03:40:12.595+0000][1][safepoint    ] Safepoint "RevokeBias", Time since last: 2506163653 ns, Reaching safepoint: 82869 ns, At safepoint: 20635 ns, Total: 103504 ns
[2020-02-28T03:40:15.098+0000][1][safepoint    ] Safepoint "RevokeBias", Time since last: 2503168305 ns, Reaching safepoint: 82990 ns, At safepoint: 20994 ns, Total: 103984 ns
[2020-02-28T03:40:17.604+0000][1][safepoint    ] Safepoint "RevokeBias", Time since last: 2505196292 ns, Reaching safepoint: 115298 ns, At safepoint: 23222 ns, Total: 138520 ns
[2020-02-28T03:40:20.110+0000][1][safepoint    ] Safepoint "RevokeBias", Time since last: 2505870112 ns, Reaching safepoint: 76693 ns, At safepoint: 19067 ns, Total: 95760 ns
[2020-02-28T03:40:22.614+0000][1][safepoint    ] Safepoint "RevokeBias", Time since last: 2503956555 ns, Reaching safepoint: 72599 ns, At safepoint: 18453 ns, Total: 91052 ns
[2020-02-28T03:40:25.116+0000][1][safepoint    ] Safepoint "RevokeBias", Time since last: 2502173242 ns, Reaching safepoint: 69015 ns, At safepoint: 17299 ns, Total: 86314 ns
[2020-02-28T03:40:27.621+0000][1][safepoint    ] Safepoint "RevokeBias", Time since last: 2504720463 ns, Reaching safepoint: 71112 ns, At safepoint: 20302 ns, Total: 91414 ns
[2020-02-28T03:40:30.139+0000][1][safepoint    ] Safepoint "RevokeBias", Time since last: 2518539871 ns, Reaching safepoint: 70599 ns, At safepoint: 17853 ns, Total: 88452 ns
[2020-02-28T03:40:32.649+0000][1][safepoint    ] Safepoint "RevokeBias", Time since last: 2509160106 ns, Reaching safepoint: 81875 ns, At safepoint: 21522 ns, Total: 103397 ns
[2020-02-28T03:40:35.170+0000][1][safepoint    ] Safepoint "RevokeBias", Time since last: 2520835127 ns, Reaching safepoint: 89433 ns, At safepoint: 20534 ns, Total: 109967 ns
[2020-02-28T03:40:37.679+0000][1][safepoint    ] Safepoint "BulkRevokeBias", Time since last: 2508900676 ns, Reaching safepoint: 182855 ns, At safepoint: 212140 ns, Total: 394995 ns
[2020-02-28T03:40:40.196+0000][1][safepoint    ] Safepoint "RevokeBias", Time since last: 2516909485 ns, Reaching safepoint: 148612 ns, At safepoint: 18300 ns, Total: 166912 ns
[2020-02-28T03:40:42.712+0000][1][safepoint    ] Safepoint "RevokeBias", Time since last: 2515932629 ns, Reaching safepoint: 84409 ns, At safepoint: 21510 ns, Total: 105919 ns
[2020-02-28T03:40:45.232+0000][1][safepoint    ] Safepoint "RevokeBias", Time since last: 2520266680 ns, Reaching safepoint: 53440 ns, At safepoint: 16350 ns, Total: 69790 ns
[2020-02-28T03:40:47.743+0000][1][safepoint    ] Safepoint "RevokeBias", Time since last: 2510763477 ns, Reaching safepoint: 85628 ns, At safepoint: 21839 ns, Total: 107467 ns
[2020-02-28T03:40:50.254+0000][1][safepoint    ] Safepoint "RevokeBias", Time since last: 2510453763 ns, Reaching safepoint: 70813 ns, At safepoint: 18116 ns, Total: 88929 ns
[2020-02-28T03:40:52.770+0000][1][safepoint    ] Safepoint "RevokeBias", Time since last: 2515682956 ns, Reaching safepoint: 72683 ns, At safepoint: 82304 ns, Total: 154987 ns
[2020-02-28T03:40:55.274+0000][1][safepoint    ] Safepoint "RevokeBias", Time since last: 2504023087 ns, Reaching safepoint: 73130 ns, At safepoint: 17683 ns, Total: 90813 ns
[2020-02-28T03:40:57.779+0000][1][safepoint    ] Safepoint "RevokeBias", Time since last: 2505062780 ns, Reaching safepoint: 84941 ns, At safepoint: 21340 ns, Total: 106281 ns
[2020-02-28T03:41:00.282+0000][1][safepoint    ] Safepoint "RevokeBias", Time since last: 2503232471 ns, Reaching safepoint: 101814 ns, At safepoint: 25995 ns, Total: 127809 ns
[2020-02-28T03:41:02.788+0000][1][safepoint    ] Safepoint "RevokeBias", Time since last: 2505407154 ns, Reaching safepoint: 82906 ns, At safepoint: 55305 ns, Total: 138211 ns
[2020-02-28T03:41:05.291+0000][1][safepoint    ] Safepoint "RevokeBias", Time since last: 2502863890 ns, Reaching safepoint: 87203 ns, At safepoint: 20446 ns, Total: 107649 ns
[2020-02-28T03:41:07.797+0000][1][safepoint    ] Safepoint "RevokeBias", Time since last: 2505708973 ns, Reaching safepoint: 68503 ns, At safepoint: 17478 ns, Total: 85981 ns
[2020-02-28T03:41:10.304+0000][1][safepoint    ] Safepoint "RevokeBias", Time since last: 2507039369 ns, Reaching safepoint: 88128 ns, At safepoint: 19724 ns, Total: 107852 ns
[2020-02-28T03:41:12.810+0000][1][safepoint    ] Safepoint "RevokeBias", Time since last: 2506562857 ns, Reaching safepoint: 87074 ns, At safepoint: 20325 ns, Total: 107399 ns
[2020-02-28T03:41:15.314+0000][1][safepoint    ] Safepoint "RevokeBias", Time since last: 2503414635 ns, Reaching safepoint: 75094 ns, At safepoint: 22587 ns, Total: 97681 ns
[2020-02-28T03:41:17.819+0000][1][safepoint    ] Safepoint "RevokeBias", Time since last: 2505530844 ns, Reaching safepoint: 76091 ns, At safepoint: 19665 ns, Total: 95756 ns
[2020-02-28T03:41:20.326+0000][1][safepoint    ] Safepoint "RevokeBias", Time since last: 2506288397 ns, Reaching safepoint: 83682 ns, At safepoint: 20485 ns, Total: 104167 ns
[2020-02-28T03:41:22.832+0000][1][safepoint    ] Safepoint "RevokeBias", Time since last: 2505756683 ns, Reaching safepoint: 86279 ns, At safepoint: 20720 ns, Total: 106999 ns
[2020-02-28T03:41:25.335+0000][1][safepoint    ] Safepoint "RevokeBias", Time since last: 2503309914 ns, Reaching safepoint: 84725 ns, At safepoint: 21056 ns, Total: 105781 ns
[2020-02-28T03:41:27.840+0000][1][safepoint    ] Safepoint "RevokeBias", Time since last: 2504250396 ns, Reaching safepoint: 82664 ns, At safepoint: 20691 ns, Total: 103355 ns
[2020-02-28T03:41:30.346+0000][1][safepoint    ] Safepoint "RevokeBias", Time since last: 2505937111 ns, Reaching safepoint: 131644 ns, At safepoint: 30626 ns, Total: 162270 ns
[2020-02-28T03:41:32.853+0000][1][safepoint    ] Safepoint "RevokeBias", Time since last: 2507298709 ns, Reaching safepoint: 83460 ns, At safepoint: 20881 ns, Total: 104341 ns
[2020-02-28T03:41:35.368+0000][1][safepoint    ] Safepoint "RevokeBias", Time since last: 2514700796 ns, Reaching safepoint: 189927 ns, At safepoint: 19013 ns, Total: 208940 ns
[2020-02-28T03:41:37.877+0000][1][safepoint    ] Safepoint "RevokeBias", Time since last: 2509050341 ns, Reaching safepoint: 69786 ns, At safepoint: 17229 ns, Total: 87015 ns
[2020-02-28T03:41:40.382+0000][1][safepoint    ] Safepoint "RevokeBias", Time since last: 2504855315 ns, Reaching safepoint: 72816 ns, At safepoint: 19255 ns, Total: 92071 ns
[2020-02-28T03:41:42.888+0000][1][safepoint    ] Safepoint "RevokeBias", Time since last: 2505909689 ns, Reaching safepoint: 100058 ns, At safepoint: 20915 ns, Total: 120973 ns
[2020-02-28T03:41:43.939+0000][1][gc,start     ] GC(72) Pause Young (Allocation Failure)
[2020-02-28T03:41:43.939+0000][1][gc,task      ] GC(72) Using 1 workers of 1 for evacuation
[2020-02-28T03:41:43.951+0000][1][gc,age       ] GC(72) Desired survivor size 4358144 bytes, new threshold 6 (max threshold 6)
[2020-02-28T03:41:43.951+0000][1][gc,age       ] GC(72) Age table with threshold 6 (max threshold 6)
[2020-02-28T03:41:43.951+0000][1][gc,age       ] GC(72) - age   1:      12216 bytes,      12216 total
[2020-02-28T03:41:43.951+0000][1][gc,age       ] GC(72) - age   2:        928 bytes,      13144 total
[2020-02-28T03:41:43.951+0000][1][gc,age       ] GC(72) - age   3:        256 bytes,      13400 total
[2020-02-28T03:41:43.951+0000][1][gc,age       ] GC(72) - age   5:       1488 bytes,      14888 total
[2020-02-28T03:41:43.951+0000][1][gc,age       ] GC(72) - age   6:         56 bytes,      14944 total
[2020-02-28T03:41:43.951+0000][1][gc,heap      ] GC(72) ParNew: 68178K->15K(76672K)
[2020-02-28T03:41:43.951+0000][1][gc,heap      ] GC(72) CMS: 62647K->62648K(963392K)
[2020-02-28T03:41:43.951+0000][1][gc,metaspace ] GC(72) Metaspace: 79904K->79904K(1122304K)
[2020-02-28T03:41:43.951+0000][1][gc           ] GC(72) Pause Young (Allocation Failure) 127M->61M(1015M) 12.446ms
[2020-02-28T03:41:43.951+0000][1][gc,cpu       ] GC(72) User=0.02s Sys=0.00s Real=0.01s
[2020-02-28T03:41:43.951+0000][1][safepoint    ] Safepoint "GenCollectForAllocation", Time since last: 1050477761 ns, Reaching safepoint: 71118 ns, At safepoint: 12501943 ns, Total: 12573061 ns
[2020-02-28T03:41:45.391+0000][1][safepoint    ] Safepoint "RevokeBias", Time since last: 1440167630 ns, Reaching safepoint: 84887 ns, At safepoint: 20699 ns, Total: 105586 ns
[2020-02-28T03:41:47.896+0000][1][safepoint    ] Safepoint "RevokeBias", Time since last: 2504435043 ns, Reaching safepoint: 85106 ns, At safepoint: 52346 ns, Total: 137452 ns
[2020-02-28T03:41:50.402+0000][1][safepoint    ] Safepoint "BulkRevokeBias", Time since last: 2506192175 ns, Reaching safepoint: 84678 ns, At safepoint: 264794 ns, Total: 349472 ns
[2020-02-28T03:41:52.906+0000][1][safepoint    ] Safepoint "RevokeBias", Time since last: 2503153495 ns, Reaching safepoint: 76692 ns, At safepoint: 18793 ns, Total: 95485 ns
[2020-02-28T03:41:55.410+0000][1][safepoint    ] Safepoint "RevokeBias", Time since last: 2503870483 ns, Reaching safepoint: 84418 ns, At safepoint: 21647 ns, Total: 106065 ns
[2020-02-28T03:41:57.917+0000][1][safepoint    ] Safepoint "RevokeBias", Time since last: 2507694849 ns, Reaching safepoint: 82886 ns, At safepoint: 20940 ns, Total: 103826 ns
[2020-02-28T03:42:00.422+0000][1][safepoint    ] Safepoint "RevokeBias", Time since last: 2504000185 ns, Reaching safepoint: 95842 ns, At safepoint: 23348 ns, Total: 119190 ns
[2020-02-28T03:42:02.935+0000][1][safepoint    ] Safepoint "RevokeBias", Time since last: 2513770236 ns, Reaching safepoint: 81596 ns, At safepoint: 18511 ns, Total: 100107 ns
[2020-02-28T03:42:05.446+0000][1][safepoint    ] Safepoint "RevokeBias", Time since last: 2510839732 ns, Reaching safepoint: 72289 ns, At safepoint: 17865 ns, Total: 90154 ns
[2020-02-28T03:42:07.965+0000][1][safepoint    ] Safepoint "RevokeBias", Time since last: 2518844704 ns, Reaching safepoint: 71458 ns, At safepoint: 18012 ns, Total: 89470 ns
[2020-02-28T03:42:10.479+0000][1][safepoint    ] Safepoint "RevokeBias", Time since last: 2513839199 ns, Reaching safepoint: 75073 ns, At safepoint: 19318 ns, Total: 94391 ns
[2020-02-28T03:42:12.994+0000][1][safepoint    ] Safepoint "RevokeBias", Time since last: 2514984078 ns, Reaching safepoint: 72306 ns, At safepoint: 17802 ns, Total: 90108 ns
[2020-02-28T03:42:15.506+0000][1][safepoint    ] Safepoint "RevokeBias", Time since last: 2511821453 ns, Reaching safepoint: 76857 ns, At safepoint: 19432 ns, Total: 96289 ns
[2020-02-28T03:42:18.015+0000][1][safepoint    ] Safepoint "RevokeBias", Time since last: 2508288296 ns, Reaching safepoint: 54572 ns, At safepoint: 16792 ns, Total: 71364 ns
[2020-02-28T03:42:20.520+0000][1][safepoint    ] Safepoint "RevokeBias", Time since last: 2505667923 ns, Reaching safepoint: 89351 ns, At safepoint: 19552 ns, Total: 108903 ns
[2020-02-28T03:42:23.038+0000][1][safepoint    ] Safepoint "RevokeBias", Time since last: 2517582253 ns, Reaching safepoint: 54459 ns, At safepoint: 17011 ns, Total: 71470 ns
[2020-02-28T03:42:25.547+0000][1][safepoint    ] Safepoint "RevokeBias", Time since last: 2509232438 ns, Reaching safepoint: 90106 ns, At safepoint: 21107 ns, Total: 111213 ns
[2020-02-28T03:42:28.051+0000][1][safepoint    ] Safepoint "RevokeBias", Time since last: 2503608996 ns, Reaching safepoint: 89889 ns, At safepoint: 20834 ns, Total: 110723 ns
[2020-02-28T03:42:30.556+0000][1][safepoint    ] Safepoint "RevokeBias", Time since last: 2504579349 ns, Reaching safepoint: 74946 ns, At safepoint: 18648 ns, Total: 93594 ns
[2020-02-28T03:42:33.061+0000][1][safepoint    ] Safepoint "RevokeBias", Time since last: 2505202340 ns, Reaching safepoint: 83168 ns, At safepoint: 20992 ns, Total: 104160 ns
[2020-02-28T03:42:35.571+0000][1][safepoint    ] Safepoint "RevokeBias", Time since last: 2509737595 ns, Reaching safepoint: 127807 ns, At safepoint: 24020 ns, Total: 151827 ns
[2020-02-28T03:42:38.079+0000][1][safepoint    ] Safepoint "RevokeBias", Time since last: 2507404899 ns, Reaching safepoint: 84672 ns, At safepoint: 21567 ns, Total: 106239 ns
[2020-02-28T03:42:40.582+0000][1][safepoint    ] Safepoint "RevokeBias", Time since last: 2503385226 ns, Reaching safepoint: 84295 ns, At safepoint: 20784 ns, Total: 105079 ns
[2020-02-28T03:42:43.087+0000][1][safepoint    ] Safepoint "RevokeBias", Time since last: 2505002900 ns, Reaching safepoint: 78846 ns, At safepoint: 19209 ns, Total: 98055 ns
[2020-02-28T03:42:45.590+0000][1][safepoint    ] Safepoint "RevokeBias", Time since last: 2502841085 ns, Reaching safepoint: 84428 ns, At safepoint: 21055 ns, Total: 105483 ns
[2020-02-28T03:42:48.096+0000][1][safepoint    ] Safepoint "RevokeBias", Time since last: 2506003694 ns, Reaching safepoint: 81751 ns, At safepoint: 20425 ns, Total: 102176 ns
[2020-02-28T03:42:50.599+0000][1][safepoint    ] Safepoint "RevokeBias", Time since last: 2502827745 ns, Reaching safepoint: 119647 ns, At safepoint: 25771 ns, Total: 145418 ns
[2020-02-28T03:42:53.106+0000][1][safepoint    ] Safepoint "RevokeBias", Time since last: 2507138011 ns, Reaching safepoint: 113788 ns, At safepoint: 24022 ns, Total: 137810 ns
[2020-02-28T03:42:55.609+0000][1][safepoint    ] Safepoint "RevokeBias", Time since last: 2502163255 ns, Reaching safepoint: 116309 ns, At safepoint: 23254 ns, Total: 139563 ns
[2020-02-28T03:42:58.113+0000][1][safepoint    ] Safepoint "RevokeBias", Time since last: 2503929173 ns, Reaching safepoint: 102661 ns, At safepoint: 23254 ns, Total: 125915 ns
[2020-02-28T03:43:00.617+0000][1][safepoint    ] Safepoint "RevokeBias", Time since last: 2504262742 ns, Reaching safepoint: 83803 ns, At safepoint: 21692 ns, Total: 105495 ns
[2020-02-28T03:43:03.121+0000][1][safepoint    ] Safepoint "BulkRevokeBias", Time since last: 2503835553 ns, Reaching safepoint: 75737 ns, At safepoint: 281222 ns, Total: 356959 ns
[2020-02-28T03:43:05.624+0000][1][safepoint    ] Safepoint "RevokeBias", Time since last: 2503052519 ns, Reaching safepoint: 79356 ns, At safepoint: 19218 ns, Total: 98574 ns
[2020-02-28T03:43:08.130+0000][1][safepoint    ] Safepoint "RevokeBias", Time since last: 2505924038 ns, Reaching safepoint: 84147 ns, At safepoint: 20947 ns, Total: 105094 ns
[2020-02-28T03:43:10.635+0000][1][safepoint    ] Safepoint "RevokeBias", Time since last: 2504332730 ns, Reaching safepoint: 84067 ns, At safepoint: 21571 ns, Total: 105638 ns
[2020-02-28T03:43:13.140+0000][1][safepoint    ] Safepoint "RevokeBias", Time since last: 2504851068 ns, Reaching safepoint: 80904 ns, At safepoint: 20721 ns, Total: 101625 ns
[2020-02-28T03:43:15.644+0000][1][safepoint    ] Safepoint "RevokeBias", Time since last: 2503771949 ns, Reaching safepoint: 90156 ns, At safepoint: 29701 ns, Total: 119857 ns
[2020-02-28T03:43:18.150+0000][1][safepoint    ] Safepoint "RevokeBias", Time since last: 2505884261 ns, Reaching safepoint: 83583 ns, At safepoint: 20761 ns, Total: 104344 ns
[2020-02-28T03:43:20.671+0000][1][safepoint    ] Safepoint "RevokeBias", Time since last: 2520770634 ns, Reaching safepoint: 70847 ns, At safepoint: 17302 ns, Total: 88149 ns
[2020-02-28T03:43:23.207+0000][1][safepoint    ] Safepoint "RevokeBias", Time since last: 2536532424 ns, Reaching safepoint: 72966 ns, At safepoint: 18352 ns, Total: 91318 ns
[2020-02-28T03:43:25.730+0000][1][safepoint    ] Safepoint "RevokeBias", Time since last: 2522545256 ns, Reaching safepoint: 51915 ns, At safepoint: 16598 ns, Total: 68513 ns
[2020-02-28T03:43:28.239+0000][1][safepoint    ] Safepoint "RevokeBias", Time since last: 2509342901 ns, Reaching safepoint: 85930 ns, At safepoint: 20761 ns, Total: 106691 ns
[2020-02-28T03:43:30.753+0000][1][safepoint    ] Safepoint "RevokeBias", Time since last: 2513445136 ns, Reaching safepoint: 52755 ns, At safepoint: 16195 ns, Total: 68950 ns
[2020-02-28T03:43:33.264+0000][1][safepoint    ] Safepoint "RevokeBias", Time since last: 2511143672 ns, Reaching safepoint: 72834 ns, At safepoint: 16800 ns, Total: 89634 ns
[2020-02-28T03:43:34.264+0000][1][safepoint    ] Safepoint "Cleanup", Time since last: 1000260939 ns, Reaching safepoint: 86435 ns, At safepoint: 8924 ns, Total: 95359 ns
[2020-02-28T03:43:35.772+0000][1][safepoint    ] Safepoint "RevokeBias", Time since last: 1507060300 ns, Reaching safepoint: 73695 ns, At safepoint: 19159 ns, Total: 92854 ns
[2020-02-28T03:43:38.281+0000][1][safepoint    ] Safepoint "RevokeBias", Time since last: 2509123146 ns, Reaching safepoint: 82196 ns, At safepoint: 20365 ns, Total: 102561 ns
[2020-02-28T03:43:40.797+0000][1][safepoint    ] Safepoint "RevokeBias", Time since last: 2515683448 ns, Reaching safepoint: 71083 ns, At safepoint: 17923 ns, Total: 89006 ns
[2020-02-28T03:43:43.307+0000][1][safepoint    ] Safepoint "RevokeBias", Time since last: 2510466539 ns, Reaching safepoint: 84002 ns, At safepoint: 20873 ns, Total: 104875 ns
[2020-02-28T03:43:45.825+0000][1][safepoint    ] Safepoint "RevokeBias", Time since last: 2517326380 ns, Reaching safepoint: 53887 ns, At safepoint: 15889 ns, Total: 69776 ns
[2020-02-28T03:43:48.338+0000][1][safepoint    ] Safepoint "RevokeBias", Time since last: 2513564468 ns, Reaching safepoint: 78070 ns, At safepoint: 19817 ns, Total: 97887 ns
[2020-02-28T03:43:50.848+0000][1][safepoint    ] Safepoint "RevokeBias", Time since last: 2510039274 ns, Reaching safepoint: 67232 ns, At safepoint: 17850 ns, Total: 85082 ns
[2020-02-28T03:43:53.354+0000][1][safepoint    ] Safepoint "RevokeBias", Time since last: 2505917219 ns, Reaching safepoint: 73878 ns, At safepoint: 17388 ns, Total: 91266 ns
[2020-02-28T03:43:55.858+0000][1][safepoint    ] Safepoint "RevokeBias", Time since last: 2503562384 ns, Reaching safepoint: 82149 ns, At safepoint: 20884 ns, Total: 103033 ns
[2020-02-28T03:43:58.365+0000][1][safepoint    ] Safepoint "RevokeBias", Time since last: 2506705701 ns, Reaching safepoint: 94835 ns, At safepoint: 21988 ns, Total: 116823 ns
[2020-02-28T03:44:00.868+0000][1][safepoint    ] Safepoint "RevokeBias", Time since last: 2503110074 ns, Reaching safepoint: 69244 ns, At safepoint: 17391 ns, Total: 86635 ns
[2020-02-28T03:44:03.373+0000][1][safepoint    ] Safepoint "RevokeBias", Time since last: 2504974067 ns, Reaching safepoint: 92980 ns, At safepoint: 21711 ns, Total: 114691 ns
[2020-02-28T03:44:04.046+0000][1][gc,start     ] GC(73) Pause Young (Allocation Failure)
[2020-02-28T03:44:04.046+0000][1][gc,task      ] GC(73) Using 1 workers of 1 for evacuation
[2020-02-28T03:44:04.057+0000][1][gc,age       ] GC(73) Desired survivor size 4358144 bytes, new threshold 6 (max threshold 6)
[2020-02-28T03:44:04.057+0000][1][gc,age       ] GC(73) Age table with threshold 6 (max threshold 6)
[2020-02-28T03:44:04.057+0000][1][gc,age       ] GC(73) - age   1:      11040 bytes,      11040 total
[2020-02-28T03:44:04.057+0000][1][gc,age       ] GC(73) - age   2:        128 bytes,      11168 total
[2020-02-28T03:44:04.057+0000][1][gc,age       ] GC(73) - age   3:        928 bytes,      12096 total
[2020-02-28T03:44:04.057+0000][1][gc,age       ] GC(73) - age   4:        256 bytes,      12352 total
[2020-02-28T03:44:04.057+0000][1][gc,age       ] GC(73) - age   6:       1352 bytes,      13704 total
[2020-02-28T03:44:04.057+0000][1][gc,heap      ] GC(73) ParNew: 68175K->14K(76672K)
[2020-02-28T03:44:04.057+0000][1][gc,heap      ] GC(73) CMS: 62648K->62648K(963392K)
[2020-02-28T03:44:04.057+0000][1][gc,metaspace ] GC(73) Metaspace: 79910K->79910K(1122304K)
[2020-02-28T03:44:04.057+0000][1][gc           ] GC(73) Pause Young (Allocation Failure) 127M->61M(1015M) 10.585ms
[2020-02-28T03:44:04.057+0000][1][gc,cpu       ] GC(73) User=0.01s Sys=0.00s Real=0.02s
[2020-02-28T03:44:04.057+0000][1][safepoint    ] Safepoint "GenCollectForAllocation", Time since last: 673126733 ns, Reaching safepoint: 82791 ns, At safepoint: 10638891 ns, Total: 10721682 ns
[2020-02-28T03:44:05.878+0000][1][safepoint    ] Safepoint "RevokeBias", Time since last: 1820682089 ns, Reaching safepoint: 85075 ns, At safepoint: 21138 ns, Total: 106213 ns
[2020-02-28T03:44:08.384+0000][1][safepoint    ] Safepoint "RevokeBias", Time since last: 2505735618 ns, Reaching safepoint: 75340 ns, At safepoint: 18792 ns, Total: 94132 ns
[2020-02-28T03:44:10.888+0000][1][safepoint    ] Safepoint "RevokeBias", Time since last: 2504685058 ns, Reaching safepoint: 73958 ns, At safepoint: 18695 ns, Total: 92653 ns
[2020-02-28T03:44:13.395+0000][1][safepoint    ] Safepoint "RevokeBias", Time since last: 2506294456 ns, Reaching safepoint: 90755 ns, At safepoint: 20046 ns, Total: 110801 ns
[2020-02-28T03:44:15.898+0000][1][safepoint    ] Safepoint "BulkRevokeBias", Time since last: 2503350120 ns, Reaching safepoint: 102995 ns, At safepoint: 197679 ns, Total: 300674 ns
[2020-02-28T03:44:18.405+0000][1][safepoint    ] Safepoint "RevokeBias", Time since last: 2506291265 ns, Reaching safepoint: 84196 ns, At safepoint: 21013 ns, Total: 105209 ns
[2020-02-28T03:44:20.909+0000][1][safepoint    ] Safepoint "RevokeBias", Time since last: 2504215079 ns, Reaching safepoint: 82225 ns, At safepoint: 21472 ns, Total: 103697 ns
[2020-02-28T03:44:23.413+0000][1][safepoint    ] Safepoint "RevokeBias", Time since last: 2504254144 ns, Reaching safepoint: 90013 ns, At safepoint: 17996 ns, Total: 108009 ns
[2020-02-28T03:44:25.916+0000][1][safepoint    ] Safepoint "RevokeBias", Time since last: 2502816165 ns, Reaching safepoint: 115976 ns, At safepoint: 23412 ns, Total: 139388 ns
[2020-02-28T03:44:28.421+0000][1][safepoint    ] Safepoint "RevokeBias", Time since last: 2504548681 ns, Reaching safepoint: 102324 ns, At safepoint: 24174 ns, Total: 126498 ns
[2020-02-28T03:44:30.925+0000][1][safepoint    ] Safepoint "RevokeBias", Time since last: 2503567586 ns, Reaching safepoint: 58122 ns, At safepoint: 17474 ns, Total: 75596 ns
[2020-02-28T03:44:33.430+0000][1][safepoint    ] Safepoint "RevokeBias", Time since last: 2505431433 ns, Reaching safepoint: 80985 ns, At safepoint: 20800 ns, Total: 101785 ns
[2020-02-28T03:44:35.934+0000][1][safepoint    ] Safepoint "RevokeBias", Time since last: 2503198376 ns, Reaching safepoint: 78236 ns, At safepoint: 19690 ns, Total: 97926 ns
[2020-02-28T03:44:38.440+0000][1][safepoint    ] Safepoint "RevokeBias", Time since last: 2505894970 ns, Reaching safepoint: 85020 ns, At safepoint: 20989 ns, Total: 106009 ns
[2020-02-28T03:44:40.943+0000][1][safepoint    ] Safepoint "RevokeBias", Time since last: 2502823320 ns, Reaching safepoint: 123853 ns, At safepoint: 24767 ns, Total: 148620 ns
[2020-02-28T03:44:43.460+0000][1][safepoint    ] Safepoint "RevokeBias", Time since last: 2517301332 ns, Reaching safepoint: 71593 ns, At safepoint: 17922 ns, Total: 89515 ns
[2020-02-28T03:44:45.967+0000][1][safepoint    ] Safepoint "RevokeBias", Time since last: 2506796909 ns, Reaching safepoint: 75682 ns, At safepoint: 17595 ns, Total: 93277 ns
[2020-02-28T03:44:48.485+0000][1][safepoint    ] Safepoint "RevokeBias", Time since last: 2518318720 ns, Reaching safepoint: 72666 ns, At safepoint: 17570 ns, Total: 90236 ns
[2020-02-28T03:44:50.999+0000][1][safepoint    ] Safepoint "RevokeBias", Time since last: 2513168227 ns, Reaching safepoint: 81675 ns, At safepoint: 20137 ns, Total: 101812 ns
[2020-02-28T03:44:53.510+0000][1][safepoint    ] Safepoint "RevokeBias", Time since last: 2511775023 ns, Reaching safepoint: 140263 ns, At safepoint: 31684 ns, Total: 171947 ns
[2020-02-28T03:44:56.023+0000][1][safepoint    ] Safepoint "RevokeBias", Time since last: 2512905431 ns, Reaching safepoint: 71632 ns, At safepoint: 18219 ns, Total: 89851 ns
[2020-02-28T03:44:58.536+0000][1][safepoint    ] Safepoint "RevokeBias", Time since last: 2512369489 ns, Reaching safepoint: 67988 ns, At safepoint: 18194 ns, Total: 86182 ns
[2020-02-28T03:45:01.045+0000][1][safepoint    ] Safepoint "RevokeBias", Time since last: 2509408407 ns, Reaching safepoint: 80964 ns, At safepoint: 20827 ns, Total: 101791 ns
[2020-02-28T03:45:03.552+0000][1][safepoint    ] Safepoint "RevokeBias", Time since last: 2506538364 ns, Reaching safepoint: 74640 ns, At safepoint: 17540 ns, Total: 92180 ns
[2020-02-28T03:45:06.056+0000][1][safepoint    ] Safepoint "RevokeBias", Time since last: 2503473350 ns, Reaching safepoint: 83463 ns, At safepoint: 21087 ns, Total: 104550 ns
[2020-02-28T03:45:08.561+0000][1][safepoint    ] Safepoint "RevokeBias", Time since last: 2504889804 ns, Reaching safepoint: 98881 ns, At safepoint: 23216 ns, Total: 122097 ns
[2020-02-28T03:45:11.065+0000][1][safepoint    ] Safepoint "RevokeBias", Time since last: 2504045529 ns, Reaching safepoint: 102447 ns, At safepoint: 23909 ns, Total: 126356 ns
[2020-02-28T03:45:13.070+0000][1][safepoint    ] Safepoint "Cleanup", Time since last: 2005253737 ns, Reaching safepoint: 123649 ns, At safepoint: 6042 ns, Total: 129691 ns
[2020-02-28T03:45:13.570+0000][1][safepoint    ] Safepoint "RevokeBias", Time since last: 500145775 ns, Reaching safepoint: 95077 ns, At safepoint: 20818 ns, Total: 115895 ns
[2020-02-28T03:45:16.074+0000][1][safepoint    ] Safepoint "RevokeBias", Time since last: 2503422710 ns, Reaching safepoint: 71850 ns, At safepoint: 18380 ns, Total: 90230 ns
[2020-02-28T03:45:18.582+0000][1][safepoint    ] Safepoint "RevokeBias", Time since last: 2507974856 ns, Reaching safepoint: 87091 ns, At safepoint: 18074 ns, Total: 105165 ns
[2020-02-28T03:45:21.086+0000][1][safepoint    ] Safepoint "RevokeBias", Time since last: 2503838567 ns, Reaching safepoint: 83658 ns, At safepoint: 20216 ns, Total: 103874 ns
[2020-02-28T03:45:23.590+0000][1][safepoint    ] Safepoint "RevokeBias", Time since last: 2504075396 ns, Reaching safepoint: 85257 ns, At safepoint: 21204 ns, Total: 106461 ns
[2020-02-28T03:45:26.093+0000][1][safepoint    ] Safepoint "RevokeBias", Time since last: 2503181640 ns, Reaching safepoint: 76430 ns, At safepoint: 18894 ns, Total: 95324 ns
[2020-02-28T03:45:28.598+0000][1][safepoint    ] Safepoint "BulkRevokeBias", Time since last: 2504183909 ns, Reaching safepoint: 85338 ns, At safepoint: 281348 ns, Total: 366686 ns
[2020-02-28T03:45:31.102+0000][1][safepoint    ] Safepoint "RevokeBias", Time since last: 2504032203 ns, Reaching safepoint: 86016 ns, At safepoint: 22220 ns, Total: 108236 ns
[2020-02-28T03:45:33.606+0000][1][safepoint    ] Safepoint "RevokeBias", Time since last: 2503947963 ns, Reaching safepoint: 82906 ns, At safepoint: 20634 ns, Total: 103540 ns
[2020-02-28T03:45:36.109+0000][1][safepoint    ] Safepoint "RevokeBias", Time since last: 2502751793 ns, Reaching safepoint: 83782 ns, At safepoint: 20529 ns, Total: 104311 ns
[2020-02-28T03:45:38.615+0000][1][safepoint    ] Safepoint "RevokeBias", Time since last: 2505904909 ns, Reaching safepoint: 100952 ns, At safepoint: 24339 ns, Total: 125291 ns
[2020-02-28T03:45:41.119+0000][1][safepoint    ] Safepoint "RevokeBias", Time since last: 2503800353 ns, Reaching safepoint: 69050 ns, At safepoint: 17331 ns, Total: 86381 ns
[2020-02-28T03:45:43.623+0000][1][safepoint    ] Safepoint "RevokeBias", Time since last: 2504364636 ns, Reaching safepoint: 83223 ns, At safepoint: 20785 ns, Total: 104008 ns
[2020-02-28T03:45:46.126+0000][1][safepoint    ] Safepoint "RevokeBias", Time since last: 2502268133 ns, Reaching safepoint: 74365 ns, At safepoint: 18158 ns, Total: 92523 ns
[2020-02-28T03:45:48.632+0000][1][safepoint    ] Safepoint "RevokeBias", Time since last: 2505720681 ns, Reaching safepoint: 116056 ns, At safepoint: 22799 ns, Total: 138855 ns
[2020-02-28T03:45:51.135+0000][1][safepoint    ] Safepoint "RevokeBias", Time since last: 2503025334 ns, Reaching safepoint: 83588 ns, At safepoint: 20444 ns, Total: 104032 ns
[2020-02-28T03:45:53.641+0000][1][safepoint    ] Safepoint "RevokeBias", Time since last: 2506272211 ns, Reaching safepoint: 99944 ns, At safepoint: 23332 ns, Total: 123276 ns
[2020-02-28T03:45:56.146+0000][1][safepoint    ] Safepoint "RevokeBias", Time since last: 2504870239 ns, Reaching safepoint: 81709 ns, At safepoint: 33602 ns, Total: 115311 ns
[2020-02-28T03:45:58.650+0000][1][safepoint    ] Safepoint "RevokeBias", Time since last: 2503710006 ns, Reaching safepoint: 82317 ns, At safepoint: 21337 ns, Total: 103654 ns
[2020-02-28T03:46:01.156+0000][1][safepoint    ] Safepoint "RevokeBias", Time since last: 2505379790 ns, Reaching safepoint: 75056 ns, At safepoint: 125642 ns, Total: 200698 ns
[2020-02-28T03:46:03.663+0000][1][safepoint    ] Safepoint "RevokeBias", Time since last: 2507091496 ns, Reaching safepoint: 81802 ns, At safepoint: 69636 ns, Total: 151438 ns
[2020-02-28T03:46:06.168+0000][1][safepoint    ] Safepoint "RevokeBias", Time since last: 2504884316 ns, Reaching safepoint: 206945 ns, At safepoint: 21534 ns, Total: 228479 ns
[2020-02-28T03:46:08.674+0000][1][safepoint    ] Safepoint "RevokeBias", Time since last: 2505489106 ns, Reaching safepoint: 93383 ns, At safepoint: 22221 ns, Total: 115604 ns
[2020-02-28T03:46:11.184+0000][1][safepoint    ] Safepoint "RevokeBias", Time since last: 2510306872 ns, Reaching safepoint: 69650 ns, At safepoint: 17264 ns, Total: 86914 ns
[2020-02-28T03:46:13.697+0000][1][safepoint    ] Safepoint "RevokeBias", Time since last: 2513265083 ns, Reaching safepoint: 73712 ns, At safepoint: 18338 ns, Total: 92050 ns
[2020-02-28T03:46:16.207+0000][1][safepoint    ] Safepoint "RevokeBias", Time since last: 2509158558 ns, Reaching safepoint: 213973 ns, At safepoint: 53583 ns, Total: 267556 ns
[2020-02-28T03:46:18.720+0000][1][safepoint    ] Safepoint "RevokeBias", Time since last: 2513108689 ns, Reaching safepoint: 83913 ns, At safepoint: 21041 ns, Total: 104954 ns
[2020-02-28T03:46:21.234+0000][1][safepoint    ] Safepoint "RevokeBias", Time since last: 2513491350 ns, Reaching safepoint: 70646 ns, At safepoint: 21266 ns, Total: 91912 ns
[2020-02-28T03:46:23.742+0000][1][safepoint    ] Safepoint "RevokeBias", Time since last: 2508542969 ns, Reaching safepoint: 74209 ns, At safepoint: 18890 ns, Total: 93099 ns
[2020-02-28T03:46:24.124+0000][1][gc,start     ] GC(74) Pause Young (Allocation Failure)
[2020-02-28T03:46:24.124+0000][1][gc,task      ] GC(74) Using 1 workers of 1 for evacuation
[2020-02-28T03:46:24.136+0000][1][gc,age       ] GC(74) Desired survivor size 4358144 bytes, new threshold 6 (max threshold 6)
[2020-02-28T03:46:24.136+0000][1][gc,age       ] GC(74) Age table with threshold 6 (max threshold 6)
[2020-02-28T03:46:24.136+0000][1][gc,age       ] GC(74) - age   1:      11232 bytes,      11232 total
[2020-02-28T03:46:24.136+0000][1][gc,age       ] GC(74) - age   2:        256 bytes,      11488 total
[2020-02-28T03:46:24.136+0000][1][gc,age       ] GC(74) - age   3:        128 bytes,      11616 total
[2020-02-28T03:46:24.136+0000][1][gc,age       ] GC(74) - age   4:        928 bytes,      12544 total
[2020-02-28T03:46:24.136+0000][1][gc,age       ] GC(74) - age   5:        256 bytes,      12800 total
[2020-02-28T03:46:24.136+0000][1][gc,heap      ] GC(74) ParNew: 68174K->13K(76672K)
[2020-02-28T03:46:24.136+0000][1][gc,heap      ] GC(74) CMS: 62648K->62650K(963392K)
[2020-02-28T03:46:24.136+0000][1][gc,metaspace ] GC(74) Metaspace: 79913K->79913K(1122304K)
[2020-02-28T03:46:24.136+0000][1][gc           ] GC(74) Pause Young (Allocation Failure) 127M->61M(1015M) 12.191ms
[2020-02-28T03:46:24.136+0000][1][gc,cpu       ] GC(74) User=0.01s Sys=0.00s Real=0.01s
[2020-02-28T03:46:24.136+0000][1][safepoint    ] Safepoint "GenCollectForAllocation", Time since last: 381822969 ns, Reaching safepoint: 81028 ns, At safepoint: 12270393 ns, Total: 12351421 ns
[2020-02-28T03:46:26.262+0000][1][safepoint    ] Safepoint "RevokeBias", Time since last: 2125218438 ns, Reaching safepoint: 72531 ns, At safepoint: 18001 ns, Total: 90532 ns
[2020-02-28T03:46:28.772+0000][1][safepoint    ] Safepoint "RevokeBias", Time since last: 2510451355 ns, Reaching safepoint: 76431 ns, At safepoint: 19701 ns, Total: 96132 ns
[2020-02-28T03:46:31.291+0000][1][safepoint    ] Safepoint "RevokeBias", Time since last: 2518640913 ns, Reaching safepoint: 72238 ns, At safepoint: 17695 ns, Total: 89933 ns
[2020-02-28T03:46:33.802+0000][1][safepoint    ] Safepoint "RevokeBias", Time since last: 2510527539 ns, Reaching safepoint: 84613 ns, At safepoint: 20736 ns, Total: 105349 ns
[2020-02-28T03:46:36.303+0000][1][safepoint    ] Safepoint "RevokeBias", Time since last: 2501739416 ns, Reaching safepoint: 77106 ns, At safepoint: 18006 ns, Total: 95112 ns
[2020-02-28T03:46:38.809+0000][1][safepoint    ] Safepoint "RevokeBias", Time since last: 2505560884 ns, Reaching safepoint: 90030 ns, At safepoint: 21176 ns, Total: 111206 ns
[2020-02-28T03:46:41.315+0000][1][safepoint    ] Safepoint "BulkRevokeBias", Time since last: 2505608632 ns, Reaching safepoint: 83653 ns, At safepoint: 260193 ns, Total: 343846 ns
[2020-02-28T03:46:43.316+0000][1][safepoint    ] Safepoint "Cleanup", Time since last: 2000499382 ns, Reaching safepoint: 91868 ns, At safepoint: 8541 ns, Total: 100409 ns
[2020-02-28T03:46:43.820+0000][1][safepoint    ] Safepoint "RevokeBias", Time since last: 504133512 ns, Reaching safepoint: 85357 ns, At safepoint: 20218 ns, Total: 105575 ns
[2020-02-28T03:46:46.324+0000][1][safepoint    ] Safepoint "RevokeBias", Time since last: 2504116393 ns, Reaching safepoint: 87129 ns, At safepoint: 21917 ns, Total: 109046 ns
[2020-02-28T03:46:48.828+0000][1][safepoint    ] Safepoint "RevokeBias", Time since last: 2503653271 ns, Reaching safepoint: 72143 ns, At safepoint: 18114 ns, Total: 90257 ns
[2020-02-28T03:46:49.828+0000][1][safepoint    ] Safepoint "Cleanup", Time since last: 1000236865 ns, Reaching safepoint: 92722 ns, At safepoint: 9662 ns, Total: 102384 ns
[2020-02-28T03:46:51.332+0000][1][safepoint    ] Safepoint "RevokeBias", Time since last: 1503574343 ns, Reaching safepoint: 81857 ns, At safepoint: 20734 ns, Total: 102591 ns
[2020-02-28T03:46:53.839+0000][1][safepoint    ] Safepoint "RevokeBias", Time since last: 2506628522 ns, Reaching safepoint: 85387 ns, At safepoint: 20677 ns, Total: 106064 ns
[2020-02-28T03:46:56.344+0000][1][safepoint    ] Safepoint "RevokeBias", Time since last: 2504983471 ns, Reaching safepoint: 118537 ns, At safepoint: 20341 ns, Total: 138878 ns
[2020-02-28T03:46:58.850+0000][1][safepoint    ] Safepoint "RevokeBias", Time since last: 2506168480 ns, Reaching safepoint: 90253 ns, At safepoint: 22960 ns, Total: 113213 ns
[2020-02-28T03:47:01.354+0000][1][safepoint    ] Safepoint "RevokeBias", Time since last: 2504348004 ns, Reaching safepoint: 80799 ns, At safepoint: 19456 ns, Total: 100255 ns
[2020-02-28T03:47:03.859+0000][1][safepoint    ] Safepoint "RevokeBias", Time since last: 2504817139 ns, Reaching safepoint: 85008 ns, At safepoint: 20811 ns, Total: 105819 ns
[2020-02-28T03:47:06.363+0000][1][safepoint    ] Safepoint "RevokeBias", Time since last: 2503250759 ns, Reaching safepoint: 70909 ns, At safepoint: 17394 ns, Total: 88303 ns
[2020-02-28T03:47:08.868+0000][1][safepoint    ] Safepoint "RevokeBias", Time since last: 2505012369 ns, Reaching safepoint: 87494 ns, At safepoint: 21340 ns, Total: 108834 ns
[2020-02-28T03:47:11.372+0000][1][safepoint    ] Safepoint "RevokeBias", Time since last: 2503951855 ns, Reaching safepoint: 71574 ns, At safepoint: 17840 ns, Total: 89414 ns
[2020-02-28T03:47:13.877+0000][1][safepoint    ] Safepoint "RevokeBias", Time since last: 2504748770 ns, Reaching safepoint: 80871 ns, At safepoint: 21732 ns, Total: 102603 ns
[2020-02-28T03:47:16.381+0000][1][safepoint    ] Safepoint "RevokeBias", Time since last: 2503739030 ns, Reaching safepoint: 82115 ns, At safepoint: 21468 ns, Total: 103583 ns
[2020-02-28T03:47:18.942+0000][1][safepoint    ] Safepoint "RevokeBias", Time since last: 2561638127 ns, Reaching safepoint: 73322 ns, At safepoint: 33836 ns, Total: 107158 ns
[2020-02-28T03:47:21.446+0000][1][safepoint    ] Safepoint "RevokeBias", Time since last: 2503834890 ns, Reaching safepoint: 74003 ns, At safepoint: 17859 ns, Total: 91862 ns
[2020-02-28T03:47:23.952+0000][1][safepoint    ] Safepoint "RevokeBias", Time since last: 2506107529 ns, Reaching safepoint: 81102 ns, At safepoint: 20735 ns, Total: 101837 ns
[2020-02-28T03:47:26.456+0000][1][safepoint    ] Safepoint "RevokeBias", Time since last: 2503795434 ns, Reaching safepoint: 123974 ns, At safepoint: 18710 ns, Total: 142684 ns
[2020-02-28T03:47:28.963+0000][1][safepoint    ] Safepoint "RevokeBias", Time since last: 2506616905 ns, Reaching safepoint: 74634 ns, At safepoint: 18328 ns, Total: 92962 ns
[2020-02-28T03:47:31.467+0000][1][safepoint    ] Safepoint "RevokeBias", Time since last: 2504215774 ns, Reaching safepoint: 73246 ns, At safepoint: 18456 ns, Total: 91702 ns
[2020-02-28T03:47:33.974+0000][1][safepoint    ] Safepoint "RevokeBias", Time since last: 2506109519 ns, Reaching safepoint: 73200 ns, At safepoint: 17898 ns, Total: 91098 ns
[2020-02-28T03:47:36.476+0000][1][safepoint    ] Safepoint "RevokeBias", Time since last: 2502272347 ns, Reaching safepoint: 73326 ns, At safepoint: 18481 ns, Total: 91807 ns
[2020-02-28T03:47:38.983+0000][1][safepoint    ] Safepoint "RevokeBias", Time since last: 2506527509 ns, Reaching safepoint: 143276 ns, At safepoint: 23848 ns, Total: 167124 ns
[2020-02-28T03:47:41.491+0000][1][safepoint    ] Safepoint "RevokeBias", Time since last: 2508725415 ns, Reaching safepoint: 76110 ns, At safepoint: 19219 ns, Total: 95329 ns
[2020-02-28T03:47:43.998+0000][1][safepoint    ] Safepoint "RevokeBias", Time since last: 2506829349 ns, Reaching safepoint: 93609 ns, At safepoint: 19732 ns, Total: 113341 ns
[2020-02-28T03:47:46.502+0000][1][safepoint    ] Safepoint "RevokeBias", Time since last: 2503528517 ns, Reaching safepoint: 70734 ns, At safepoint: 17735 ns, Total: 88469 ns
[2020-02-28T03:47:49.016+0000][1][safepoint    ] Safepoint "RevokeBias", Time since last: 2513810464 ns, Reaching safepoint: 68123 ns, At safepoint: 16999 ns, Total: 85122 ns
[2020-02-28T03:47:51.523+0000][1][safepoint    ] Safepoint "RevokeBias", Time since last: 2506970700 ns, Reaching safepoint: 207905 ns, At safepoint: 34863 ns, Total: 242768 ns
[2020-02-28T03:47:54.042+0000][1][safepoint    ] Safepoint "BulkRevokeBias", Time since last: 2518555665 ns, Reaching safepoint: 117898 ns, At safepoint: 260814 ns, Total: 378712 ns
[2020-02-28T03:47:56.554+0000][1][safepoint    ] Safepoint "RevokeBias", Time since last: 2512038956 ns, Reaching safepoint: 89958 ns, At safepoint: 23099 ns, Total: 113057 ns
[2020-02-28T03:47:59.069+0000][1][safepoint    ] Safepoint "RevokeBias", Time since last: 2514511137 ns, Reaching safepoint: 73362 ns, At safepoint: 17229 ns, Total: 90591 ns
[2020-02-28T03:48:01.580+0000][1][safepoint    ] Safepoint "RevokeBias", Time since last: 2510740646 ns, Reaching safepoint: 183564 ns, At safepoint: 34206 ns, Total: 217770 ns
[2020-02-28T03:48:04.103+0000][1][safepoint    ] Safepoint "RevokeBias", Time since last: 2523310435 ns, Reaching safepoint: 72196 ns, At safepoint: 36179 ns, Total: 108375 ns
[2020-02-28T03:48:06.615+0000][1][safepoint    ] Safepoint "RevokeBias", Time since last: 2511500845 ns, Reaching safepoint: 77398 ns, At safepoint: 19216 ns, Total: 96614 ns
[2020-02-28T03:48:09.133+0000][1][safepoint    ] Safepoint "RevokeBias", Time since last: 2517993500 ns, Reaching safepoint: 66997 ns, At safepoint: 19623 ns, Total: 86620 ns
[2020-02-28T03:48:11.642+0000][1][safepoint    ] Safepoint "RevokeBias", Time since last: 2509203172 ns, Reaching safepoint: 82553 ns, At safepoint: 21147 ns, Total: 103700 ns
[2020-02-28T03:48:12.643+0000][1][safepoint    ] Safepoint "Cleanup", Time since last: 1000380244 ns, Reaching safepoint: 130987 ns, At safepoint: 28443 ns, Total: 159430 ns
[2020-02-28T03:48:14.162+0000][1][safepoint    ] Safepoint "RevokeBias", Time since last: 1519431964 ns, Reaching safepoint: 70409 ns, At safepoint: 17744 ns, Total: 88153 ns
[2020-02-28T03:48:16.676+0000][1][safepoint    ] Safepoint "RevokeBias", Time since last: 2513686968 ns, Reaching safepoint: 98918 ns, At safepoint: 41085 ns, Total: 140003 ns
[2020-02-28T03:48:19.195+0000][1][safepoint    ] Safepoint "RevokeBias", Time since last: 2519198024 ns, Reaching safepoint: 77415 ns, At safepoint: 19615 ns, Total: 97030 ns
[2020-02-28T03:48:21.709+0000][1][safepoint    ] Safepoint "RevokeBias", Time since last: 2513701010 ns, Reaching safepoint: 76988 ns, At safepoint: 19150 ns, Total: 96138 ns
[2020-02-28T03:48:24.229+0000][1][safepoint    ] Safepoint "RevokeBias", Time since last: 2519325151 ns, Reaching safepoint: 173220 ns, At safepoint: 31234 ns, Total: 204454 ns
[2020-02-28T03:48:26.740+0000][1][safepoint    ] Safepoint "RevokeBias", Time since last: 2511692732 ns, Reaching safepoint: 108139 ns, At safepoint: 18716 ns, Total: 126855 ns
[2020-02-28T03:48:29.254+0000][1][safepoint    ] Safepoint "RevokeBias", Time since last: 2513003579 ns, Reaching safepoint: 110046 ns, At safepoint: 21795 ns, Total: 131841 ns
[2020-02-28T03:48:31.769+0000][1][safepoint    ] Safepoint "RevokeBias", Time since last: 2514873084 ns, Reaching safepoint: 82927 ns, At safepoint: 20812 ns, Total: 103739 ns
[2020-02-28T03:48:34.278+0000][1][safepoint    ] Safepoint "RevokeBias", Time since last: 2509528558 ns, Reaching safepoint: 73875 ns, At safepoint: 18173 ns, Total: 92048 ns
[2020-02-28T03:48:36.785+0000][1][safepoint    ] Safepoint "RevokeBias", Time since last: 2507180082 ns, Reaching safepoint: 72794 ns, At safepoint: 17795 ns, Total: 90589 ns
[2020-02-28T03:48:39.303+0000][1][safepoint    ] Safepoint "RevokeBias", Time since last: 2517359899 ns, Reaching safepoint: 84240 ns, At safepoint: 19616 ns, Total: 103856 ns
[2020-02-28T03:48:41.817+0000][1][safepoint    ] Safepoint "RevokeBias", Time since last: 2514335382 ns, Reaching safepoint: 75899 ns, At safepoint: 38905 ns, Total: 114804 ns
[2020-02-28T03:48:44.263+0000][1][gc,start     ] GC(75) Pause Young (Allocation Failure)
[2020-02-28T03:48:44.263+0000][1][gc,task      ] GC(75) Using 1 workers of 1 for evacuation
[2020-02-28T03:48:44.280+0000][1][gc,age       ] GC(75) Desired survivor size 4358144 bytes, new threshold 6 (max threshold 6)
[2020-02-28T03:48:44.280+0000][1][gc,age       ] GC(75) Age table with threshold 6 (max threshold 6)
[2020-02-28T03:48:44.280+0000][1][gc,age       ] GC(75) - age   1:      11096 bytes,      11096 total
[2020-02-28T03:48:44.280+0000][1][gc,age       ] GC(75) - age   2:        112 bytes,      11208 total
[2020-02-28T03:48:44.280+0000][1][gc,age       ] GC(75) - age   3:        256 bytes,      11464 total
[2020-02-28T03:48:44.280+0000][1][gc,age       ] GC(75) - age   4:        128 bytes,      11592 total
[2020-02-28T03:48:44.280+0000][1][gc,age       ] GC(75) - age   5:        928 bytes,      12520 total
[2020-02-28T03:48:44.280+0000][1][gc,age       ] GC(75) - age   6:        256 bytes,      12776 total
[2020-02-28T03:48:44.280+0000][1][gc,heap      ] GC(75) ParNew: 68173K->12K(76672K)
[2020-02-28T03:48:44.280+0000][1][gc,heap      ] GC(75) CMS: 62650K->62650K(963392K)
[2020-02-28T03:48:44.280+0000][1][gc,metaspace ] GC(75) Metaspace: 79913K->79913K(1122304K)
[2020-02-28T03:48:44.280+0000][1][gc           ] GC(75) Pause Young (Allocation Failure) 127M->61M(1015M) 16.561ms
[2020-02-28T03:48:44.280+0000][1][gc,cpu       ] GC(75) User=0.01s Sys=0.00s Real=0.02s
[2020-02-28T03:48:44.280+0000][1][safepoint    ] Safepoint "GenCollectForAllocation", Time since last: 2445676675 ns, Reaching safepoint: 73560 ns, At safepoint: 16618636 ns, Total: 16692196 ns
[2020-02-28T03:48:44.336+0000][1][safepoint    ] Safepoint "RevokeBias", Time since last: 56200479 ns, Reaching safepoint: 361629 ns, At safepoint: 18208 ns, Total: 379837 ns
[2020-02-28T03:48:46.854+0000][1][safepoint    ] Safepoint "RevokeBias", Time since last: 2517352049 ns, Reaching safepoint: 80522 ns, At safepoint: 22165 ns, Total: 102687 ns
[2020-02-28T03:48:49.464+0000][1][safepoint    ] Safepoint "RevokeBias", Time since last: 2609649170 ns, Reaching safepoint: 76105 ns, At safepoint: 28345 ns, Total: 104450 ns
[2020-02-28T03:48:51.465+0000][1][safepoint    ] Safepoint "Cleanup", Time since last: 2001066309 ns, Reaching safepoint: 97218 ns, At safepoint: 11580 ns, Total: 108798 ns
[2020-02-28T03:48:51.973+0000][1][safepoint    ] Safepoint "RevokeBias", Time since last: 508287918 ns, Reaching safepoint: 168391 ns, At safepoint: 51114 ns, Total: 219505 ns
[2020-02-28T03:48:54.480+0000][1][safepoint    ] Safepoint "RevokeBias", Time since last: 2506484918 ns, Reaching safepoint: 72650 ns, At safepoint: 18803 ns, Total: 91453 ns
[2020-02-28T03:48:56.984+0000][1][safepoint    ] Safepoint "RevokeBias", Time since last: 2503617941 ns, Reaching safepoint: 83684 ns, At safepoint: 21241 ns, Total: 104925 ns
[2020-02-28T03:48:59.490+0000][1][safepoint    ] Safepoint "RevokeBias", Time since last: 2506443004 ns, Reaching safepoint: 103868 ns, At safepoint: 21322 ns, Total: 125190 ns
[2020-02-28T03:49:01.995+0000][1][safepoint    ] Safepoint "RevokeBias", Time since last: 2504769207 ns, Reaching safepoint: 75396 ns, At safepoint: 18151 ns, Total: 93547 ns
[2020-02-28T03:49:04.500+0000][1][safepoint    ] Safepoint "RevokeBias", Time since last: 2504953997 ns, Reaching safepoint: 87661 ns, At safepoint: 21181 ns, Total: 108842 ns
[2020-02-28T03:49:07.003+0000][1][safepoint    ] Safepoint "BulkRevokeBias", Time since last: 2502921041 ns, Reaching safepoint: 83388 ns, At safepoint: 274305 ns, Total: 357693 ns
[2020-02-28T03:49:09.509+0000][1][safepoint    ] Safepoint "RevokeBias", Time since last: 2505325708 ns, Reaching safepoint: 100938 ns, At safepoint: 24471 ns, Total: 125409 ns
[2020-02-28T03:49:12.013+0000][1][safepoint    ] Safepoint "RevokeBias", Time since last: 2503769525 ns, Reaching safepoint: 84693 ns, At safepoint: 21141 ns, Total: 105834 ns
[2020-02-28T03:49:14.519+0000][1][safepoint    ] Safepoint "RevokeBias", Time since last: 2505927570 ns, Reaching safepoint: 83158 ns, At safepoint: 20883 ns, Total: 104041 ns
[2020-02-28T03:49:17.029+0000][1][safepoint    ] Safepoint "RevokeBias", Time since last: 2510261640 ns, Reaching safepoint: 73794 ns, At safepoint: 20190 ns, Total: 93984 ns
[2020-02-28T03:49:19.539+0000][1][safepoint    ] Safepoint "RevokeBias", Time since last: 2510202007 ns, Reaching safepoint: 77731 ns, At safepoint: 19428 ns, Total: 97159 ns
[2020-02-28T03:49:22.043+0000][1][safepoint    ] Safepoint "RevokeBias", Time since last: 2504058943 ns, Reaching safepoint: 74618 ns, At safepoint: 18449 ns, Total: 93067 ns
[2020-02-28T03:49:24.547+0000][1][safepoint    ] Safepoint "RevokeBias", Time since last: 2503631416 ns, Reaching safepoint: 77385 ns, At safepoint: 18681 ns, Total: 96066 ns
[2020-02-28T03:49:27.051+0000][1][safepoint    ] Safepoint "RevokeBias", Time since last: 2503261345 ns, Reaching safepoint: 101899 ns, At safepoint: 26829 ns, Total: 128728 ns
[2020-02-28T03:49:29.557+0000][1][safepoint    ] Safepoint "RevokeBias", Time since last: 2506316201 ns, Reaching safepoint: 74787 ns, At safepoint: 19467 ns, Total: 94254 ns
[2020-02-28T03:49:32.062+0000][1][safepoint    ] Safepoint "RevokeBias", Time since last: 2505062480 ns, Reaching safepoint: 83266 ns, At safepoint: 20710 ns, Total: 103976 ns
[2020-02-28T03:49:34.566+0000][1][safepoint    ] Safepoint "RevokeBias", Time since last: 2503802437 ns, Reaching safepoint: 82554 ns, At safepoint: 20640 ns, Total: 103194 ns
[2020-02-28T03:49:37.070+0000][1][safepoint    ] Safepoint "RevokeBias", Time since last: 2503704377 ns, Reaching safepoint: 160796 ns, At safepoint: 23083 ns, Total: 183879 ns
[2020-02-28T03:49:39.575+0000][1][safepoint    ] Safepoint "RevokeBias", Time since last: 2504682008 ns, Reaching safepoint: 140189 ns, At safepoint: 20844 ns, Total: 161033 ns
[2020-02-28T03:49:42.081+0000][1][safepoint    ] Safepoint "RevokeBias", Time since last: 2505559286 ns, Reaching safepoint: 162406 ns, At safepoint: 35518 ns, Total: 197924 ns
[2020-02-28T03:49:44.587+0000][1][safepoint    ] Safepoint "RevokeBias", Time since last: 2506031852 ns, Reaching safepoint: 75341 ns, At safepoint: 18493 ns, Total: 93834 ns
[2020-02-28T03:49:47.090+0000][1][safepoint    ] Safepoint "RevokeBias", Time since last: 2503167843 ns, Reaching safepoint: 74553 ns, At safepoint: 18670 ns, Total: 93223 ns
[2020-02-28T03:49:49.595+0000][1][safepoint    ] Safepoint "RevokeBias", Time since last: 2505262971 ns, Reaching safepoint: 56769 ns, At safepoint: 16864 ns, Total: 73633 ns
[2020-02-28T03:49:52.101+0000][1][safepoint    ] Safepoint "RevokeBias", Time since last: 2505145733 ns, Reaching safepoint: 69671 ns, At safepoint: 17171 ns, Total: 86842 ns
[2020-02-28T03:49:54.604+0000][1][safepoint    ] Safepoint "RevokeBias", Time since last: 2503645348 ns, Reaching safepoint: 84339 ns, At safepoint: 20644 ns, Total: 104983 ns
[2020-02-28T03:49:57.116+0000][1][safepoint    ] Safepoint "RevokeBias", Time since last: 2511398636 ns, Reaching safepoint: 72448 ns, At safepoint: 17716 ns, Total: 90164 ns
[2020-02-28T03:49:59.625+0000][1][safepoint    ] Safepoint "RevokeBias", Time since last: 2508884691 ns, Reaching safepoint: 72758 ns, At safepoint: 18189 ns, Total: 90947 ns
[2020-02-28T03:50:02.137+0000][1][safepoint    ] Safepoint "RevokeBias", Time since last: 2512098550 ns, Reaching safepoint: 100089 ns, At safepoint: 55880 ns, Total: 155969 ns
[2020-02-28T03:50:04.649+0000][1][safepoint    ] Safepoint "RevokeBias", Time since last: 2511577799 ns, Reaching safepoint: 85553 ns, At safepoint: 22028 ns, Total: 107581 ns
[2020-02-28T03:50:07.166+0000][1][safepoint    ] Safepoint "RevokeBias", Time since last: 2516993250 ns, Reaching safepoint: 70347 ns, At safepoint: 18124 ns, Total: 88471 ns
[2020-02-28T03:50:09.678+0000][1][safepoint    ] Safepoint "RevokeBias", Time since last: 2512391514 ns, Reaching safepoint: 92949 ns, At safepoint: 22968 ns, Total: 115917 ns
[2020-02-28T03:50:12.200+0000][1][safepoint    ] Safepoint "RevokeBias", Time since last: 2521725890 ns, Reaching safepoint: 70032 ns, At safepoint: 18074 ns, Total: 88106 ns
[2020-02-28T03:50:14.713+0000][1][safepoint    ] Safepoint "RevokeBias", Time since last: 2512538660 ns, Reaching safepoint: 78818 ns, At safepoint: 20049 ns, Total: 98867 ns
[2020-02-28T03:50:17.222+0000][1][safepoint    ] Safepoint "RevokeBias", Time since last: 2509392774 ns, Reaching safepoint: 72875 ns, At safepoint: 18413 ns, Total: 91288 ns
[2020-02-28T03:50:19.733+0000][1][safepoint    ] Safepoint "BulkRevokeBias", Time since last: 2510312516 ns, Reaching safepoint: 88779 ns, At safepoint: 204498 ns, Total: 293277 ns
[2020-02-28T03:50:22.244+0000][1][safepoint    ] Safepoint "RevokeBias", Time since last: 2511136948 ns, Reaching safepoint: 52820 ns, At safepoint: 16399 ns, Total: 69219 ns
[2020-02-28T03:50:24.755+0000][1][safepoint    ] Safepoint "RevokeBias", Time since last: 2510447711 ns, Reaching safepoint: 109285 ns, At safepoint: 29957 ns, Total: 139242 ns
[2020-02-28T03:50:27.276+0000][1][safepoint    ] Safepoint "RevokeBias", Time since last: 2521189321 ns, Reaching safepoint: 71542 ns, At safepoint: 18431 ns, Total: 89973 ns
[2020-02-28T03:50:29.793+0000][1][safepoint    ] Safepoint "RevokeBias", Time since last: 2516823774 ns, Reaching safepoint: 85819 ns, At safepoint: 21032 ns, Total: 106851 ns
[2020-02-28T03:50:32.307+0000][1][safepoint    ] Safepoint "RevokeBias", Time since last: 2513859487 ns, Reaching safepoint: 97333 ns, At safepoint: 55296 ns, Total: 152629 ns
[2020-02-28T03:50:34.821+0000][1][safepoint    ] Safepoint "RevokeBias", Time since last: 2513804349 ns, Reaching safepoint: 85644 ns, At safepoint: 21682 ns, Total: 107326 ns
[2020-02-28T03:50:37.335+0000][1][safepoint    ] Safepoint "RevokeBias", Time since last: 2513839184 ns, Reaching safepoint: 82039 ns, At safepoint: 17855 ns, Total: 99894 ns
[2020-02-28T03:50:39.841+0000][1][safepoint    ] Safepoint "RevokeBias", Time since last: 2505991679 ns, Reaching safepoint: 195522 ns, At safepoint: 64948 ns, Total: 260470 ns
[2020-02-28T03:50:42.352+0000][1][safepoint    ] Safepoint "RevokeBias", Time since last: 2510738075 ns, Reaching safepoint: 157350 ns, At safepoint: 22387 ns, Total: 179737 ns
[2020-02-28T03:50:43.378+0000][1][safepoint    ] Safepoint "Cleanup", Time since last: 1026055504 ns, Reaching safepoint: 91389 ns, At safepoint: 8227 ns, Total: 99616 ns
[2020-02-28T03:50:44.864+0000][1][safepoint    ] Safepoint "RevokeBias", Time since last: 1486065049 ns, Reaching safepoint: 159212 ns, At safepoint: 22752 ns, Total: 181964 ns
[2020-02-28T03:50:47.369+0000][1][safepoint    ] Safepoint "RevokeBias", Time since last: 2504762771 ns, Reaching safepoint: 195548 ns, At safepoint: 43101 ns, Total: 238649 ns
[2020-02-28T03:50:49.879+0000][1][safepoint    ] Safepoint "RevokeBias", Time since last: 2509449394 ns, Reaching safepoint: 94123 ns, At safepoint: 24516 ns, Total: 118639 ns
[2020-02-28T03:50:52.391+0000][1][safepoint    ] Safepoint "RevokeBias", Time since last: 2512287819 ns, Reaching safepoint: 136993 ns, At safepoint: 20188 ns, Total: 157181 ns
[2020-02-28T03:50:54.898+0000][1][safepoint    ] Safepoint "RevokeBias", Time since last: 2506112795 ns, Reaching safepoint: 113967 ns, At safepoint: 22908 ns, Total: 136875 ns
[2020-02-28T03:50:57.402+0000][1][safepoint    ] Safepoint "RevokeBias", Time since last: 2504020828 ns, Reaching safepoint: 135067 ns, At safepoint: 56209 ns, Total: 191276 ns
[2020-02-28T03:50:59.908+0000][1][safepoint    ] Safepoint "RevokeBias", Time since last: 2506428160 ns, Reaching safepoint: 73236 ns, At safepoint: 19093 ns, Total: 92329 ns
[2020-02-28T03:51:02.414+0000][1][safepoint    ] Safepoint "RevokeBias", Time since last: 2505525169 ns, Reaching safepoint: 72526 ns, At safepoint: 18143 ns, Total: 90669 ns
[2020-02-28T03:51:04.374+0000][1][gc,start     ] GC(76) Pause Young (Allocation Failure)
[2020-02-28T03:51:04.374+0000][1][gc,task      ] GC(76) Using 1 workers of 1 for evacuation
[2020-02-28T03:51:04.387+0000][1][gc,age       ] GC(76) Desired survivor size 4358144 bytes, new threshold 6 (max threshold 6)
[2020-02-28T03:51:04.387+0000][1][gc,age       ] GC(76) Age table with threshold 6 (max threshold 6)
[2020-02-28T03:51:04.387+0000][1][gc,age       ] GC(76) - age   1:      12592 bytes,      12592 total
[2020-02-28T03:51:04.387+0000][1][gc,age       ] GC(76) - age   2:        240 bytes,      12832 total
[2020-02-28T03:51:04.387+0000][1][gc,age       ] GC(76) - age   3:        112 bytes,      12944 total
[2020-02-28T03:51:04.387+0000][1][gc,age       ] GC(76) - age   4:        256 bytes,      13200 total
[2020-02-28T03:51:04.387+0000][1][gc,age       ] GC(76) - age   5:        128 bytes,      13328 total
[2020-02-28T03:51:04.387+0000][1][gc,age       ] GC(76) - age   6:        928 bytes,      14256 total
[2020-02-28T03:51:04.387+0000][1][gc,heap      ] GC(76) ParNew: 68172K->25K(76672K)
[2020-02-28T03:51:04.387+0000][1][gc,heap      ] GC(76) CMS: 62650K->62650K(963392K)
[2020-02-28T03:51:04.387+0000][1][gc,metaspace ] GC(76) Metaspace: 79916K->79916K(1122304K)
[2020-02-28T03:51:04.387+0000][1][gc           ] GC(76) Pause Young (Allocation Failure) 127M->61M(1015M) 13.145ms
[2020-02-28T03:51:04.387+0000][1][gc,cpu       ] GC(76) User=0.01s Sys=0.00s Real=0.02s
[2020-02-28T03:51:04.387+0000][1][safepoint    ] Safepoint "GenCollectForAllocation", Time since last: 1960251932 ns, Reaching safepoint: 83581 ns, At safepoint: 13203504 ns, Total: 13287085 ns
[2020-02-28T03:51:04.919+0000][1][safepoint    ] Safepoint "RevokeBias", Time since last: 531800087 ns, Reaching safepoint: 74189 ns, At safepoint: 18683 ns, Total: 92872 ns
[2020-02-28T03:51:07.424+0000][1][safepoint    ] Safepoint "RevokeBias", Time since last: 2504808152 ns, Reaching safepoint: 75027 ns, At safepoint: 19348 ns, Total: 94375 ns
[2020-02-28T03:51:09.935+0000][1][safepoint    ] Safepoint "RevokeBias", Time since last: 2510720322 ns, Reaching safepoint: 73340 ns, At safepoint: 122573 ns, Total: 195913 ns
[2020-02-28T03:51:12.440+0000][1][safepoint    ] Safepoint "RevokeBias", Time since last: 2505015660 ns, Reaching safepoint: 84022 ns, At safepoint: 21229 ns, Total: 105251 ns
[2020-02-28T03:51:14.946+0000][1][safepoint    ] Safepoint "RevokeBias", Time since last: 2506002088 ns, Reaching safepoint: 75032 ns, At safepoint: 19300 ns, Total: 94332 ns
[2020-02-28T03:51:17.450+0000][1][safepoint    ] Safepoint "RevokeBias", Time since last: 2503302145 ns, Reaching safepoint: 87472 ns, At safepoint: 24002 ns, Total: 111474 ns
[2020-02-28T03:51:19.957+0000][1][safepoint    ] Safepoint "RevokeBias", Time since last: 2507006168 ns, Reaching safepoint: 251612 ns, At safepoint: 57546 ns, Total: 309158 ns
[2020-02-28T03:51:22.463+0000][1][safepoint    ] Safepoint "RevokeBias", Time since last: 2506135611 ns, Reaching safepoint: 70517 ns, At safepoint: 17926 ns, Total: 88443 ns
[2020-02-28T03:51:24.969+0000][1][safepoint    ] Safepoint "RevokeBias", Time since last: 2505376050 ns, Reaching safepoint: 193226 ns, At safepoint: 20158 ns, Total: 213384 ns
[2020-02-28T03:51:27.471+0000][1][safepoint    ] Safepoint "RevokeBias", Time since last: 2501727862 ns, Reaching safepoint: 122788 ns, At safepoint: 24200 ns, Total: 146988 ns
[2020-02-28T03:51:29.977+0000][1][safepoint    ] Safepoint "RevokeBias", Time since last: 2506484212 ns, Reaching safepoint: 69882 ns, At safepoint: 16943 ns, Total: 86825 ns
[2020-02-28T03:51:32.483+0000][1][safepoint    ] Safepoint "BulkRevokeBias", Time since last: 2505120964 ns, Reaching safepoint: 106032 ns, At safepoint: 208293 ns, Total: 314325 ns
[2020-02-28T03:51:34.990+0000][1][safepoint    ] Safepoint "RevokeBias", Time since last: 2507026150 ns, Reaching safepoint: 92088 ns, At safepoint: 23924 ns, Total: 116012 ns
[2020-02-28T03:51:37.494+0000][1][safepoint    ] Safepoint "RevokeBias", Time since last: 2503855919 ns, Reaching safepoint: 111012 ns, At safepoint: 20464 ns, Total: 131476 ns
[2020-02-28T03:51:39.998+0000][1][safepoint    ] Safepoint "RevokeBias", Time since last: 2504217941 ns, Reaching safepoint: 83666 ns, At safepoint: 21169 ns, Total: 104835 ns
[2020-02-28T03:51:42.502+0000][1][safepoint    ] Safepoint "RevokeBias", Time since last: 2504085296 ns, Reaching safepoint: 76881 ns, At safepoint: 20149 ns, Total: 97030 ns
[2020-02-28T03:51:45.009+0000][1][safepoint    ] Safepoint "RevokeBias", Time since last: 2506150248 ns, Reaching safepoint: 90842 ns, At safepoint: 22629 ns, Total: 113471 ns
[2020-02-28T03:51:47.511+0000][1][safepoint    ] Safepoint "RevokeBias", Time since last: 2502555806 ns, Reaching safepoint: 80216 ns, At safepoint: 20375 ns, Total: 100591 ns
[2020-02-28T03:51:50.015+0000][1][safepoint    ] Safepoint "RevokeBias", Time since last: 2504017324 ns, Reaching safepoint: 84015 ns, At safepoint: 20588 ns, Total: 104603 ns
[2020-02-28T03:51:52.522+0000][1][safepoint    ] Safepoint "RevokeBias", Time since last: 2506527868 ns, Reaching safepoint: 73529 ns, At safepoint: 18782 ns, Total: 92311 ns
[2020-02-28T03:51:55.025+0000][1][safepoint    ] Safepoint "RevokeBias", Time since last: 2503077067 ns, Reaching safepoint: 81410 ns, At safepoint: 20931 ns, Total: 102341 ns
[2020-02-28T03:51:57.529+0000][1][safepoint    ] Safepoint "RevokeBias", Time since last: 2503849801 ns, Reaching safepoint: 77053 ns, At safepoint: 18839 ns, Total: 95892 ns
[2020-02-28T03:52:00.035+0000][1][safepoint    ] Safepoint "RevokeBias", Time since last: 2505616378 ns, Reaching safepoint: 74563 ns, At safepoint: 18196 ns, Total: 92759 ns
[2020-02-28T03:52:02.542+0000][1][safepoint    ] Safepoint "RevokeBias", Time since last: 2507101235 ns, Reaching safepoint: 102855 ns, At safepoint: 23868 ns, Total: 126723 ns
[2020-02-28T03:52:05.063+0000][1][safepoint    ] Safepoint "RevokeBias", Time since last: 2520368239 ns, Reaching safepoint: 72379 ns, At safepoint: 18108 ns, Total: 90487 ns
[2020-02-28T03:52:07.571+0000][1][safepoint    ] Safepoint "RevokeBias", Time since last: 2508260958 ns, Reaching safepoint: 79089 ns, At safepoint: 19463 ns, Total: 98552 ns
[2020-02-28T03:52:10.086+0000][1][safepoint    ] Safepoint "RevokeBias", Time since last: 2514741554 ns, Reaching safepoint: 54101 ns, At safepoint: 15679 ns, Total: 69780 ns
[2020-02-28T03:52:12.601+0000][1][safepoint    ] Safepoint "RevokeBias", Time since last: 2515406016 ns, Reaching safepoint: 83692 ns, At safepoint: 20745 ns, Total: 104437 ns
[2020-02-28T03:52:15.127+0000][1][safepoint    ] Safepoint "RevokeBias", Time since last: 2525254813 ns, Reaching safepoint: 153818 ns, At safepoint: 78947 ns, Total: 232765 ns
[2020-02-28T03:52:17.640+0000][1][safepoint    ] Safepoint "RevokeBias", Time since last: 2513023223 ns, Reaching safepoint: 84929 ns, At safepoint: 20584 ns, Total: 105513 ns
[2020-02-28T03:52:20.157+0000][1][safepoint    ] Safepoint "RevokeBias", Time since last: 2517435093 ns, Reaching safepoint: 90814 ns, At safepoint: 19059 ns, Total: 109873 ns
[2020-02-28T03:52:22.242+0000][1][safepoint    ] Safepoint "Cleanup", Time since last: 2084291784 ns, Reaching safepoint: 91903 ns, At safepoint: 8378 ns, Total: 100281 ns
[2020-02-28T03:52:22.667+0000][1][safepoint    ] Safepoint "RevokeBias", Time since last: 425542637 ns, Reaching safepoint: 75159 ns, At safepoint: 18716 ns, Total: 93875 ns
[2020-02-28T03:52:25.179+0000][1][safepoint    ] Safepoint "RevokeBias", Time since last: 2511579344 ns, Reaching safepoint: 70887 ns, At safepoint: 17507 ns, Total: 88394 ns
[2020-02-28T03:52:27.687+0000][1][safepoint    ] Safepoint "RevokeBias", Time since last: 2507539267 ns, Reaching safepoint: 83507 ns, At safepoint: 21324 ns, Total: 104831 ns
[2020-02-28T03:52:30.209+0000][1][safepoint    ] Safepoint "RevokeBias", Time since last: 2522251929 ns, Reaching safepoint: 67999 ns, At safepoint: 18815 ns, Total: 86814 ns
[2020-02-28T03:52:32.720+0000][1][safepoint    ] Safepoint "RevokeBias", Time since last: 2510647166 ns, Reaching safepoint: 101014 ns, At safepoint: 19988 ns, Total: 121002 ns
[2020-02-28T03:52:35.240+0000][1][safepoint    ] Safepoint "RevokeBias", Time since last: 2519932661 ns, Reaching safepoint: 56006 ns, At safepoint: 16599 ns, Total: 72605 ns
[2020-02-28T03:52:37.752+0000][1][safepoint    ] Safepoint "RevokeBias", Time since last: 2511711267 ns, Reaching safepoint: 85528 ns, At safepoint: 21356 ns, Total: 106884 ns
[2020-02-28T03:52:40.262+0000][1][safepoint    ] Safepoint "RevokeBias", Time since last: 2510677821 ns, Reaching safepoint: 82564 ns, At safepoint: 18424 ns, Total: 100988 ns
[2020-02-28T03:52:42.778+0000][1][safepoint    ] Safepoint "RevokeBias", Time since last: 2515389486 ns, Reaching safepoint: 86883 ns, At safepoint: 23186 ns, Total: 110069 ns
[2020-02-28T03:52:45.294+0000][1][safepoint    ] Safepoint "BulkRevokeBias", Time since last: 2516216433 ns, Reaching safepoint: 55651 ns, At safepoint: 151604 ns, Total: 207255 ns
[2020-02-28T03:52:47.801+0000][1][safepoint    ] Safepoint "RevokeBias", Time since last: 2506963759 ns, Reaching safepoint: 72323 ns, At safepoint: 17624 ns, Total: 89947 ns
[2020-02-28T03:52:50.314+0000][1][safepoint    ] Safepoint "RevokeBias", Time since last: 2512793516 ns, Reaching safepoint: 72065 ns, At safepoint: 18441 ns, Total: 90506 ns
[2020-02-28T03:52:52.823+0000][1][safepoint    ] Safepoint "RevokeBias", Time since last: 2508702832 ns, Reaching safepoint: 71126 ns, At safepoint: 18073 ns, Total: 89199 ns
[2020-02-28T03:52:55.339+0000][1][safepoint    ] Safepoint "RevokeBias", Time since last: 2515339586 ns, Reaching safepoint: 73807 ns, At safepoint: 18090 ns, Total: 91897 ns
[2020-02-28T03:52:57.850+0000][1][safepoint    ] Safepoint "RevokeBias", Time since last: 2511590526 ns, Reaching safepoint: 93599 ns, At safepoint: 20959 ns, Total: 114558 ns
[2020-02-28T03:53:00.357+0000][1][safepoint    ] Safepoint "RevokeBias", Time since last: 2506715932 ns, Reaching safepoint: 103167 ns, At safepoint: 24451 ns, Total: 127618 ns
[2020-02-28T03:53:02.860+0000][1][safepoint    ] Safepoint "RevokeBias", Time since last: 2503110507 ns, Reaching safepoint: 84449 ns, At safepoint: 20541 ns, Total: 104990 ns
[2020-02-28T03:53:05.413+0000][1][safepoint    ] Safepoint "RevokeBias", Time since last: 2552427121 ns, Reaching safepoint: 70115 ns, At safepoint: 17984 ns, Total: 88099 ns
[2020-02-28T03:53:07.917+0000][1][safepoint    ] Safepoint "RevokeBias", Time since last: 2503973780 ns, Reaching safepoint: 74729 ns, At safepoint: 18502 ns, Total: 93231 ns
[2020-02-28T03:53:10.419+0000][1][safepoint    ] Safepoint "RevokeBias", Time since last: 2502408189 ns, Reaching safepoint: 84677 ns, At safepoint: 21199 ns, Total: 105876 ns
[2020-02-28T03:53:12.924+0000][1][safepoint    ] Safepoint "RevokeBias", Time since last: 2504700974 ns, Reaching safepoint: 86039 ns, At safepoint: 23479 ns, Total: 109518 ns
[2020-02-28T03:53:15.430+0000][1][safepoint    ] Safepoint "RevokeBias", Time since last: 2506030780 ns, Reaching safepoint: 88177 ns, At safepoint: 18857 ns, Total: 107034 ns
[2020-02-28T03:53:17.933+0000][1][safepoint    ] Safepoint "RevokeBias", Time since last: 2502423411 ns, Reaching safepoint: 71925 ns, At safepoint: 17615 ns, Total: 89540 ns
[2020-02-28T03:53:20.441+0000][1][safepoint    ] Safepoint "RevokeBias", Time since last: 2508348162 ns, Reaching safepoint: 137043 ns, At safepoint: 20761 ns, Total: 157804 ns
[2020-02-28T03:53:22.949+0000][1][safepoint    ] Safepoint "RevokeBias", Time since last: 2507441633 ns, Reaching safepoint: 73430 ns, At safepoint: 73980 ns, Total: 147410 ns
[2020-02-28T03:53:24.506+0000][1][gc,start     ] GC(77) Pause Young (Allocation Failure)
[2020-02-28T03:53:24.506+0000][1][gc,task      ] GC(77) Using 1 workers of 1 for evacuation
[2020-02-28T03:53:24.523+0000][1][gc,age       ] GC(77) Desired survivor size 4358144 bytes, new threshold 6 (max threshold 6)
[2020-02-28T03:53:24.523+0000][1][gc,age       ] GC(77) Age table with threshold 6 (max threshold 6)
[2020-02-28T03:53:24.523+0000][1][gc,age       ] GC(77) - age   1:      12544 bytes,      12544 total
[2020-02-28T03:53:24.523+0000][1][gc,age       ] GC(77) - age   2:       1016 bytes,      13560 total
[2020-02-28T03:53:24.523+0000][1][gc,age       ] GC(77) - age   4:        112 bytes,      13672 total
[2020-02-28T03:53:24.523+0000][1][gc,age       ] GC(77) - age   5:        120 bytes,      13792 total
[2020-02-28T03:53:24.523+0000][1][gc,age       ] GC(77) - age   6:         32 bytes,      13824 total
[2020-02-28T03:53:24.523+0000][1][gc,heap      ] GC(77) ParNew: 68185K->16K(76672K)
[2020-02-28T03:53:24.523+0000][1][gc,heap      ] GC(77) CMS: 62650K->62651K(963392K)
[2020-02-28T03:53:24.523+0000][1][gc,metaspace ] GC(77) Metaspace: 79918K->79918K(1122304K)
[2020-02-28T03:53:24.524+0000][1][gc           ] GC(77) Pause Young (Allocation Failure) 127M->61M(1015M) 17.384ms
[2020-02-28T03:53:24.524+0000][1][gc,cpu       ] GC(77) User=0.02s Sys=0.00s Real=0.02s
[2020-02-28T03:53:24.524+0000][1][safepoint    ] Safepoint "GenCollectForAllocation", Time since last: 1557065681 ns, Reaching safepoint: 82717 ns, At safepoint: 17443713 ns, Total: 17526430 ns
[2020-02-28T03:53:25.455+0000][1][safepoint    ] Safepoint "RevokeBias", Time since last: 931734484 ns, Reaching safepoint: 148509 ns, At safepoint: 19649 ns, Total: 168158 ns
[2020-02-28T03:53:27.958+0000][1][safepoint    ] Safepoint "RevokeBias", Time since last: 2502330213 ns, Reaching safepoint: 76940 ns, At safepoint: 18665 ns, Total: 95605 ns
[2020-02-28T03:53:30.461+0000][1][safepoint    ] Safepoint "RevokeBias", Time since last: 2503435463 ns, Reaching safepoint: 71433 ns, At safepoint: 17396 ns, Total: 88829 ns
[2020-02-28T03:53:32.967+0000][1][safepoint    ] Safepoint "RevokeBias", Time since last: 2505226767 ns, Reaching safepoint: 72861 ns, At safepoint: 17422 ns, Total: 90283 ns
[2020-02-28T03:53:35.471+0000][1][safepoint    ] Safepoint "RevokeBias", Time since last: 2503744109 ns, Reaching safepoint: 96289 ns, At safepoint: 20567 ns, Total: 116856 ns
[2020-02-28T03:53:37.974+0000][1][safepoint    ] Safepoint "RevokeBias", Time since last: 2503564898 ns, Reaching safepoint: 75073 ns, At safepoint: 18920 ns, Total: 93993 ns
[2020-02-28T03:53:40.479+0000][1][safepoint    ] Safepoint "RevokeBias", Time since last: 2504253318 ns, Reaching safepoint: 83015 ns, At safepoint: 21232 ns, Total: 104247 ns
[2020-02-28T03:53:42.983+0000][1][safepoint    ] Safepoint "RevokeBias", Time since last: 2504529182 ns, Reaching safepoint: 81756 ns, At safepoint: 21598 ns, Total: 103354 ns
[2020-02-28T03:53:45.491+0000][1][safepoint    ] Safepoint "RevokeBias", Time since last: 2507536567 ns, Reaching safepoint: 83560 ns, At safepoint: 18133 ns, Total: 101693 ns
[2020-02-28T03:53:47.994+0000][1][safepoint    ] Safepoint "RevokeBias", Time since last: 2503087228 ns, Reaching safepoint: 76258 ns, At safepoint: 17024 ns, Total: 93282 ns
[2020-02-28T03:53:50.501+0000][1][safepoint    ] Safepoint "RevokeBias", Time since last: 2506441151 ns, Reaching safepoint: 82811 ns, At safepoint: 20484 ns, Total: 103295 ns
[2020-02-28T03:53:53.004+0000][1][safepoint    ] Safepoint "RevokeBias", Time since last: 2503728797 ns, Reaching safepoint: 85471 ns, At safepoint: 21548 ns, Total: 107019 ns
[2020-02-28T03:53:55.509+0000][1][safepoint    ] Safepoint "RevokeBias", Time since last: 2504917089 ns, Reaching safepoint: 84852 ns, At safepoint: 20658 ns, Total: 105510 ns
[2020-02-28T03:53:58.014+0000][1][safepoint    ] Safepoint "BulkRevokeBias", Time since last: 2504248274 ns, Reaching safepoint: 79226 ns, At safepoint: 219677 ns, Total: 298903 ns
[2020-02-28T03:54:00.521+0000][1][safepoint    ] Safepoint "RevokeBias", Time since last: 2506499055 ns, Reaching safepoint: 86106 ns, At safepoint: 20540 ns, Total: 106646 ns
[2020-02-28T03:54:03.025+0000][1][safepoint    ] Safepoint "RevokeBias", Time since last: 2504623114 ns, Reaching safepoint: 83184 ns, At safepoint: 20899 ns, Total: 104083 ns
[2020-02-28T03:54:05.531+0000][1][safepoint    ] Safepoint "RevokeBias", Time since last: 2505949586 ns, Reaching safepoint: 76103 ns, At safepoint: 17949 ns, Total: 94052 ns
[2020-02-28T03:54:08.037+0000][1][safepoint    ] Safepoint "RevokeBias", Time since last: 2505248904 ns, Reaching safepoint: 61613 ns, At safepoint: 19721 ns, Total: 81334 ns
[2020-02-28T03:54:10.543+0000][1][safepoint    ] Safepoint "RevokeBias", Time since last: 2506431753 ns, Reaching safepoint: 82591 ns, At safepoint: 21124 ns, Total: 103715 ns
[2020-02-28T03:54:13.048+0000][1][safepoint    ] Safepoint "RevokeBias", Time since last: 2504953161 ns, Reaching safepoint: 86814 ns, At safepoint: 21284 ns, Total: 108098 ns
[2020-02-28T03:54:15.555+0000][1][safepoint    ] Safepoint "RevokeBias", Time since last: 2506612814 ns, Reaching safepoint: 111843 ns, At safepoint: 25250 ns, Total: 137093 ns
[2020-02-28T03:54:18.058+0000][1][safepoint    ] Safepoint "RevokeBias", Time since last: 2503069454 ns, Reaching safepoint: 86186 ns, At safepoint: 20801 ns, Total: 106987 ns
[2020-02-28T03:54:20.565+0000][1][safepoint    ] Safepoint "RevokeBias", Time since last: 2506180970 ns, Reaching safepoint: 85097 ns, At safepoint: 21401 ns, Total: 106498 ns
[2020-02-28T03:54:22.245+0000][1][safepoint    ] Safepoint "Cleanup", Time since last: 1680598931 ns, Reaching safepoint: 92543 ns, At safepoint: 8381 ns, Total: 100924 ns
[2020-02-28T03:54:23.068+0000][1][safepoint    ] Safepoint "RevokeBias", Time since last: 822799358 ns, Reaching safepoint: 74586 ns, At safepoint: 19993 ns, Total: 94579 ns
[2020-02-28T03:54:25.574+0000][1][safepoint    ] Safepoint "RevokeBias", Time since last: 2505479786 ns, Reaching safepoint: 71356 ns, At safepoint: 18347 ns, Total: 89703 ns
[2020-02-28T03:54:28.077+0000][1][safepoint    ] Safepoint "RevokeBias", Time since last: 2502759812 ns, Reaching safepoint: 72357 ns, At safepoint: 17771 ns, Total: 90128 ns
[2020-02-28T03:54:30.583+0000][1][safepoint    ] Safepoint "RevokeBias", Time since last: 2506214215 ns, Reaching safepoint: 113511 ns, At safepoint: 24530 ns, Total: 138041 ns
[2020-02-28T03:54:33.090+0000][1][safepoint    ] Safepoint "RevokeBias", Time since last: 2506671778 ns, Reaching safepoint: 81292 ns, At safepoint: 25593 ns, Total: 106885 ns
[2020-02-28T03:54:35.596+0000][1][safepoint    ] Safepoint "RevokeBias", Time since last: 2506457805 ns, Reaching safepoint: 108189 ns, At safepoint: 23132 ns, Total: 131321 ns
[2020-02-28T03:54:38.100+0000][1][safepoint    ] Safepoint "RevokeBias", Time since last: 2504136499 ns, Reaching safepoint: 75092 ns, At safepoint: 18947 ns, Total: 94039 ns
[2020-02-28T03:54:40.609+0000][1][safepoint    ] Safepoint "RevokeBias", Time since last: 2508319574 ns, Reaching safepoint: 86080 ns, At safepoint: 21240 ns, Total: 107320 ns
[2020-02-28T03:54:43.114+0000][1][safepoint    ] Safepoint "RevokeBias", Time since last: 2504672421 ns, Reaching safepoint: 84849 ns, At safepoint: 20942 ns, Total: 105791 ns
[2020-02-28T03:54:45.620+0000][1][safepoint    ] Safepoint "RevokeBias", Time since last: 2506071645 ns, Reaching safepoint: 146206 ns, At safepoint: 41611 ns, Total: 187817 ns
[2020-02-28T03:54:48.124+0000][1][safepoint    ] Safepoint "RevokeBias", Time since last: 2504215150 ns, Reaching safepoint: 111354 ns, At safepoint: 24024 ns, Total: 135378 ns
[2020-02-28T03:54:50.630+0000][1][safepoint    ] Safepoint "RevokeBias", Time since last: 2505227006 ns, Reaching safepoint: 105153 ns, At safepoint: 26866 ns, Total: 132019 ns
[2020-02-28T03:54:51.630+0000][1][safepoint    ] Safepoint "Cleanup", Time since last: 1000406607 ns, Reaching safepoint: 86710 ns, At safepoint: 7940 ns, Total: 94650 ns
[2020-02-28T03:54:53.135+0000][1][safepoint    ] Safepoint "RevokeBias", Time since last: 1504592711 ns, Reaching safepoint: 88953 ns, At safepoint: 23056 ns, Total: 112009 ns
[2020-02-28T03:54:55.642+0000][1][safepoint    ] Safepoint "RevokeBias", Time since last: 2506671906 ns, Reaching safepoint: 74182 ns, At safepoint: 18936 ns, Total: 93118 ns
[2020-02-28T03:54:58.159+0000][1][safepoint    ] Safepoint "RevokeBias", Time since last: 2517240128 ns, Reaching safepoint: 72972 ns, At safepoint: 18887 ns, Total: 91859 ns
[2020-02-28T03:55:00.672+0000][1][safepoint    ] Safepoint "RevokeBias", Time since last: 2512638919 ns, Reaching safepoint: 76472 ns, At safepoint: 21034 ns, Total: 97506 ns
[2020-02-28T03:55:03.240+0000][1][safepoint    ] Safepoint "RevokeBias", Time since last: 2568524251 ns, Reaching safepoint: 94959 ns, At safepoint: 22918 ns, Total: 117877 ns
[2020-02-28T03:55:05.971+0000][1][safepoint    ] Safepoint "RevokeBias", Time since last: 2730706039 ns, Reaching safepoint: 128993 ns, At safepoint: 21618 ns, Total: 150611 ns
[2020-02-28T03:55:08.494+0000][1][safepoint    ] Safepoint "RevokeBias", Time since last: 2522570692 ns, Reaching safepoint: 90771 ns, At safepoint: 22851 ns, Total: 113622 ns
[2020-02-28T03:55:11.022+0000][1][safepoint    ] Safepoint "BulkRevokeBias", Time since last: 2527652871 ns, Reaching safepoint: 76521 ns, At safepoint: 236993 ns, Total: 313514 ns
[2020-02-28T03:55:13.536+0000][1][safepoint    ] Safepoint "RevokeBias", Time since last: 2513852262 ns, Reaching safepoint: 101488 ns, At safepoint: 26688 ns, Total: 128176 ns
[2020-02-28T03:55:16.040+0000][1][safepoint    ] Safepoint "RevokeBias", Time since last: 2503706265 ns, Reaching safepoint: 101031 ns, At safepoint: 24469 ns, Total: 125500 ns
[2020-02-28T03:55:18.561+0000][1][safepoint    ] Safepoint "RevokeBias", Time since last: 2521384811 ns, Reaching safepoint: 87915 ns, At safepoint: 21743 ns, Total: 109658 ns
[2020-02-28T03:55:21.080+0000][1][safepoint    ] Safepoint "RevokeBias", Time since last: 2519043064 ns, Reaching safepoint: 88746 ns, At safepoint: 20600 ns, Total: 109346 ns
[2020-02-28T03:55:23.591+0000][1][safepoint    ] Safepoint "RevokeBias", Time since last: 2510904058 ns, Reaching safepoint: 85034 ns, At safepoint: 22145 ns, Total: 107179 ns
[2020-02-28T03:55:26.095+0000][1][safepoint    ] Safepoint "RevokeBias", Time since last: 2503988585 ns, Reaching safepoint: 116629 ns, At safepoint: 23803 ns, Total: 140432 ns
[2020-02-28T03:55:28.599+0000][1][safepoint    ] Safepoint "RevokeBias", Time since last: 2503755667 ns, Reaching safepoint: 74223 ns, At safepoint: 18071 ns, Total: 92294 ns
[2020-02-28T03:55:31.102+0000][1][safepoint    ] Safepoint "RevokeBias", Time since last: 2502626866 ns, Reaching safepoint: 80453 ns, At safepoint: 19664 ns, Total: 100117 ns
[2020-02-28T03:55:33.616+0000][1][safepoint    ] Safepoint "RevokeBias", Time since last: 2514215830 ns, Reaching safepoint: 73088 ns, At safepoint: 18689 ns, Total: 91777 ns
[2020-02-28T03:55:36.130+0000][1][safepoint    ] Safepoint "RevokeBias", Time since last: 2513587240 ns, Reaching safepoint: 71338 ns, At safepoint: 17928 ns, Total: 89266 ns
[2020-02-28T03:55:38.637+0000][1][safepoint    ] Safepoint "RevokeBias", Time since last: 2507381192 ns, Reaching safepoint: 71223 ns, At safepoint: 18862 ns, Total: 90085 ns
[2020-02-28T03:55:41.140+0000][1][safepoint    ] Safepoint "RevokeBias", Time since last: 2502657196 ns, Reaching safepoint: 75539 ns, At safepoint: 18314 ns, Total: 93853 ns
[2020-02-28T03:55:43.647+0000][1][safepoint    ] Safepoint "RevokeBias", Time since last: 2507000046 ns, Reaching safepoint: 90408 ns, At safepoint: 68546 ns, Total: 158954 ns
[2020-02-28T03:55:44.808+0000][1][gc,start     ] GC(78) Pause Young (Allocation Failure)
[2020-02-28T03:55:44.950+0000][1][gc,task      ] GC(78) Using 1 workers of 1 for evacuation
[2020-02-28T03:55:45.024+0000][1][gc,age       ] GC(78) Desired survivor size 4358144 bytes, new threshold 6 (max threshold 6)
[2020-02-28T03:55:45.024+0000][1][gc,age       ] GC(78) Age table with threshold 6 (max threshold 6)
[2020-02-28T03:55:45.024+0000][1][gc,age       ] GC(78) - age   1:      11288 bytes,      11288 total
[2020-02-28T03:55:45.024+0000][1][gc,age       ] GC(78) - age   2:        656 bytes,      11944 total
[2020-02-28T03:55:45.024+0000][1][gc,age       ] GC(78) - age   3:        896 bytes,      12840 total
[2020-02-28T03:55:45.024+0000][1][gc,age       ] GC(78) - age   5:        112 bytes,      12952 total
[2020-02-28T03:55:45.024+0000][1][gc,age       ] GC(78) - age   6:        120 bytes,      13072 total
[2020-02-28T03:55:45.025+0000][1][gc,heap      ] GC(78) ParNew: 68176K->24K(76672K)
[2020-02-28T03:55:45.025+0000][1][gc,heap      ] GC(78) CMS: 62651K->62651K(963392K)
[2020-02-28T03:55:45.025+0000][1][gc,metaspace ] GC(78) Metaspace: 79921K->79921K(1122304K)
[2020-02-28T03:55:45.025+0000][1][gc           ] GC(78) Pause Young (Allocation Failure) 127M->61M(1015M) 216.771ms
[2020-02-28T03:55:45.025+0000][1][gc,cpu       ] GC(78) User=0.01s Sys=0.01s Real=0.21s
[2020-02-28T03:55:45.025+0000][1][safepoint    ] Safepoint "GenCollectForAllocation", Time since last: 1018277257 ns, Reaching safepoint: 74416 ns, At safepoint: 359027693 ns, Total: 359102109 ns
[2020-02-28T03:55:46.198+0000][1][safepoint    ] Safepoint "RevokeBias", Time since last: 1130731942 ns, Reaching safepoint: 42730545 ns, At safepoint: 66121 ns, Total: 42796666 ns
[2020-02-28T03:55:48.659+0000][1][safepoint    ] Safepoint "RevokeBias", Time since last: 2460659371 ns, Reaching safepoint: 84284 ns, At safepoint: 20757 ns, Total: 105041 ns
[2020-02-28T03:55:51.174+0000][1][safepoint    ] Safepoint "RevokeBias", Time since last: 2515124056 ns, Reaching safepoint: 93812 ns, At safepoint: 23216 ns, Total: 117028 ns
[2020-02-28T03:55:53.704+0000][1][safepoint    ] Safepoint "RevokeBias", Time since last: 2529668989 ns, Reaching safepoint: 70030 ns, At safepoint: 17965 ns, Total: 87995 ns
[2020-02-28T03:55:56.213+0000][1][safepoint    ] Safepoint "RevokeBias", Time since last: 2509346855 ns, Reaching safepoint: 74135 ns, At safepoint: 19186 ns, Total: 93321 ns
[2020-02-28T03:55:58.716+0000][1][safepoint    ] Safepoint "RevokeBias", Time since last: 2501954237 ns, Reaching safepoint: 75217 ns, At safepoint: 19355 ns, Total: 94572 ns
[2020-02-28T03:56:01.218+0000][1][safepoint    ] Safepoint "RevokeBias", Time since last: 2502589376 ns, Reaching safepoint: 71991 ns, At safepoint: 18803 ns, Total: 90794 ns
[2020-02-28T03:56:03.724+0000][1][safepoint    ] Safepoint "RevokeBias", Time since last: 2505762865 ns, Reaching safepoint: 107303 ns, At safepoint: 23195 ns, Total: 130498 ns
[2020-02-28T03:56:06.227+0000][1][safepoint    ] Safepoint "RevokeBias", Time since last: 2503057843 ns, Reaching safepoint: 70846 ns, At safepoint: 18255 ns, Total: 89101 ns
[2020-02-28T03:56:08.739+0000][1][safepoint    ] Safepoint "RevokeBias", Time since last: 2511874969 ns, Reaching safepoint: 52320 ns, At safepoint: 83916 ns, Total: 136236 ns
[2020-02-28T03:56:11.259+0000][1][safepoint    ] Safepoint "RevokeBias", Time since last: 2519994544 ns, Reaching safepoint: 73218 ns, At safepoint: 18637 ns, Total: 91855 ns
[2020-02-28T03:56:13.769+0000][1][safepoint    ] Safepoint "RevokeBias", Time since last: 2509849000 ns, Reaching safepoint: 89360 ns, At safepoint: 36378 ns, Total: 125738 ns
[2020-02-28T03:56:16.279+0000][1][safepoint    ] Safepoint "RevokeBias", Time since last: 2509235226 ns, Reaching safepoint: 175955 ns, At safepoint: 22135 ns, Total: 198090 ns
[2020-02-28T03:56:18.781+0000][1][safepoint    ] Safepoint "RevokeBias", Time since last: 2501755808 ns, Reaching safepoint: 83242 ns, At safepoint: 20125 ns, Total: 103367 ns
[2020-02-28T03:56:21.288+0000][1][safepoint    ] Safepoint "RevokeBias", Time since last: 2506769941 ns, Reaching safepoint: 118821 ns, At safepoint: 21980 ns, Total: 140801 ns
[2020-02-28T03:56:23.795+0000][1][safepoint    ] Safepoint "BulkRevokeBias", Time since last: 2506769192 ns, Reaching safepoint: 84344 ns, At safepoint: 222379 ns, Total: 306723 ns
[2020-02-28T03:56:26.305+0000][1][safepoint    ] Safepoint "RevokeBias", Time since last: 2510012296 ns, Reaching safepoint: 69081 ns, At safepoint: 17885 ns, Total: 86966 ns
[2020-02-28T03:56:28.830+0000][1][safepoint    ] Safepoint "RevokeBias", Time since last: 2524845698 ns, Reaching safepoint: 68209 ns, At safepoint: 18269 ns, Total: 86478 ns
[2020-02-28T03:56:31.340+0000][1][safepoint    ] Safepoint "RevokeBias", Time since last: 2510057960 ns, Reaching safepoint: 82777 ns, At safepoint: 21371 ns, Total: 104148 ns
[2020-02-28T03:56:33.844+0000][1][safepoint    ] Safepoint "RevokeBias", Time since last: 2504452626 ns, Reaching safepoint: 83346 ns, At safepoint: 21326 ns, Total: 104672 ns
[2020-02-28T03:56:36.349+0000][1][safepoint    ] Safepoint "RevokeBias", Time since last: 2504718206 ns, Reaching safepoint: 99178 ns, At safepoint: 25767 ns, Total: 124945 ns
[2020-02-28T03:56:38.855+0000][1][safepoint    ] Safepoint "RevokeBias", Time since last: 2505539110 ns, Reaching safepoint: 80516 ns, At safepoint: 20152 ns, Total: 100668 ns
[2020-02-28T03:56:41.359+0000][1][safepoint    ] Safepoint "RevokeBias", Time since last: 2503725497 ns, Reaching safepoint: 100936 ns, At safepoint: 21507 ns, Total: 122443 ns
[2020-02-28T03:56:43.361+0000][1][safepoint    ] Safepoint "Cleanup", Time since last: 2002148219 ns, Reaching safepoint: 73481 ns, At safepoint: 5477 ns, Total: 78958 ns
[2020-02-28T03:56:43.882+0000][1][safepoint    ] Safepoint "RevokeBias", Time since last: 520963198 ns, Reaching safepoint: 71187 ns, At safepoint: 31522 ns, Total: 102709 ns
[2020-02-28T03:56:46.409+0000][1][safepoint    ] Safepoint "RevokeBias", Time since last: 2526732170 ns, Reaching safepoint: 67123 ns, At safepoint: 16980 ns, Total: 84103 ns
[2020-02-28T03:56:48.917+0000][1][safepoint    ] Safepoint "RevokeBias", Time since last: 2507753010 ns, Reaching safepoint: 71391 ns, At safepoint: 18604 ns, Total: 89995 ns
[2020-02-28T03:56:51.425+0000][1][safepoint    ] Safepoint "RevokeBias", Time since last: 2507127485 ns, Reaching safepoint: 1596823 ns, At safepoint: 45335 ns, Total: 1642158 ns
[2020-02-28T03:56:53.928+0000][1][safepoint    ] Safepoint "RevokeBias", Time since last: 2502208939 ns, Reaching safepoint: 81116 ns, At safepoint: 20364 ns, Total: 101480 ns
[2020-02-28T03:56:56.433+0000][1][safepoint    ] Safepoint "RevokeBias", Time since last: 2504766936 ns, Reaching safepoint: 156854 ns, At safepoint: 19767 ns, Total: 176621 ns
[2020-02-28T03:56:58.937+0000][1][safepoint    ] Safepoint "RevokeBias", Time since last: 2504247253 ns, Reaching safepoint: 72966 ns, At safepoint: 17950 ns, Total: 90916 ns
[2020-02-28T03:57:01.458+0000][1][safepoint    ] Safepoint "RevokeBias", Time since last: 2520860768 ns, Reaching safepoint: 71628 ns, At safepoint: 17480 ns, Total: 89108 ns
[2020-02-28T03:57:03.987+0000][1][safepoint    ] Safepoint "RevokeBias", Time since last: 2529087442 ns, Reaching safepoint: 52584 ns, At safepoint: 16592 ns, Total: 69176 ns
[2020-02-28T03:57:06.494+0000][1][safepoint    ] Safepoint "RevokeBias", Time since last: 2507243812 ns, Reaching safepoint: 99250 ns, At safepoint: 24044 ns, Total: 123294 ns
[2020-02-28T03:57:08.998+0000][1][safepoint    ] Safepoint "RevokeBias", Time since last: 2503755738 ns, Reaching safepoint: 73055 ns, At safepoint: 18145 ns, Total: 91200 ns
[2020-02-28T03:57:11.503+0000][1][safepoint    ] Safepoint "RevokeBias", Time since last: 2504138073 ns, Reaching safepoint: 72596 ns, At safepoint: 17604 ns, Total: 90200 ns
[2020-02-28T03:57:14.009+0000][1][safepoint    ] Safepoint "RevokeBias", Time since last: 2506413411 ns, Reaching safepoint: 73744 ns, At safepoint: 19141 ns, Total: 92885 ns
[2020-02-28T03:57:16.513+0000][1][safepoint    ] Safepoint "RevokeBias", Time since last: 2504337146 ns, Reaching safepoint: 69359 ns, At safepoint: 17621 ns, Total: 86980 ns
[2020-02-28T03:57:19.022+0000][1][safepoint    ] Safepoint "RevokeBias", Time since last: 2508178293 ns, Reaching safepoint: 151322 ns, At safepoint: 17337 ns, Total: 168659 ns
[2020-02-28T03:57:21.537+0000][1][safepoint    ] Safepoint "RevokeBias", Time since last: 2515036451 ns, Reaching safepoint: 52904 ns, At safepoint: 16445 ns, Total: 69349 ns
[2020-02-28T03:57:24.049+0000][1][safepoint    ] Safepoint "RevokeBias", Time since last: 2511681837 ns, Reaching safepoint: 84799 ns, At safepoint: 22675 ns, Total: 107474 ns
[2020-02-28T03:57:26.552+0000][1][safepoint    ] Safepoint "RevokeBias", Time since last: 2503010893 ns, Reaching safepoint: 83944 ns, At safepoint: 20058 ns, Total: 104002 ns
[2020-02-28T03:57:29.194+0000][1][safepoint    ] Safepoint "RevokeBias", Time since last: 2642158317 ns, Reaching safepoint: 68247 ns, At safepoint: 16780 ns, Total: 85027 ns
[2020-02-28T03:57:31.700+0000][1][safepoint    ] Safepoint "RevokeBias", Time since last: 2505557478 ns, Reaching safepoint: 84628 ns, At safepoint: 20825 ns, Total: 105453 ns
[2020-02-28T03:57:34.203+0000][1][safepoint    ] Safepoint "RevokeBias", Time since last: 2503242236 ns, Reaching safepoint: 138274 ns, At safepoint: 22642 ns, Total: 160916 ns
[2020-02-28T03:57:36.716+0000][1][safepoint    ] Safepoint "BulkRevokeBias", Time since last: 2512504949 ns, Reaching safepoint: 87419 ns, At safepoint: 226404 ns, Total: 313823 ns
[2020-02-28T03:57:39.232+0000][1][safepoint    ] Safepoint "RevokeBias", Time since last: 2515839488 ns, Reaching safepoint: 53733 ns, At safepoint: 16967 ns, Total: 70700 ns
[2020-02-28T03:57:41.741+0000][1][safepoint    ] Safepoint "RevokeBias", Time since last: 2508726294 ns, Reaching safepoint: 123008 ns, At safepoint: 23428 ns, Total: 146436 ns
[2020-02-28T03:57:44.246+0000][1][safepoint    ] Safepoint "RevokeBias", Time since last: 2505513016 ns, Reaching safepoint: 82534 ns, At safepoint: 20933 ns, Total: 103467 ns
[2020-02-28T03:57:46.750+0000][1][safepoint    ] Safepoint "RevokeBias", Time since last: 2503497911 ns, Reaching safepoint: 99261 ns, At safepoint: 25137 ns, Total: 124398 ns
[2020-02-28T03:57:49.255+0000][1][safepoint    ] Safepoint "RevokeBias", Time since last: 2504832540 ns, Reaching safepoint: 76137 ns, At safepoint: 19194 ns, Total: 95331 ns
[2020-02-28T03:57:51.759+0000][1][safepoint    ] Safepoint "RevokeBias", Time since last: 2504114649 ns, Reaching safepoint: 70924 ns, At safepoint: 18471 ns, Total: 89395 ns
[2020-02-28T03:57:54.274+0000][1][safepoint    ] Safepoint "RevokeBias", Time since last: 2514418550 ns, Reaching safepoint: 74536 ns, At safepoint: 34030 ns, Total: 108566 ns
[2020-02-28T03:57:56.791+0000][1][safepoint    ] Safepoint "RevokeBias", Time since last: 2517320651 ns, Reaching safepoint: 52798 ns, At safepoint: 17373 ns, Total: 70171 ns
[2020-02-28T03:57:59.303+0000][1][safepoint    ] Safepoint "RevokeBias", Time since last: 2512044839 ns, Reaching safepoint: 70797 ns, At safepoint: 18362 ns, Total: 89159 ns
[2020-02-28T03:58:01.807+0000][1][safepoint    ] Safepoint "RevokeBias", Time since last: 2503645110 ns, Reaching safepoint: 71056 ns, At safepoint: 19411 ns, Total: 90467 ns
[2020-02-28T03:58:04.313+0000][1][safepoint    ] Safepoint "RevokeBias", Time since last: 2505573536 ns, Reaching safepoint: 69746 ns, At safepoint: 17588 ns, Total: 87334 ns
[2020-02-28T03:58:05.128+0000][1][gc,start     ] GC(79) Pause Young (Allocation Failure)
[2020-02-28T03:58:05.129+0000][1][gc,task      ] GC(79) Using 1 workers of 1 for evacuation
[2020-02-28T03:58:05.140+0000][1][gc,age       ] GC(79) Desired survivor size 4358144 bytes, new threshold 6 (max threshold 6)
[2020-02-28T03:58:05.140+0000][1][gc,age       ] GC(79) Age table with threshold 6 (max threshold 6)
[2020-02-28T03:58:05.140+0000][1][gc,age       ] GC(79) - age   1:      12488 bytes,      12488 total
[2020-02-28T03:58:05.140+0000][1][gc,age       ] GC(79) - age   2:        376 bytes,      12864 total
[2020-02-28T03:58:05.140+0000][1][gc,age       ] GC(79) - age   3:        656 bytes,      13520 total
[2020-02-28T03:58:05.140+0000][1][gc,age       ] GC(79) - age   4:        896 bytes,      14416 total
[2020-02-28T03:58:05.140+0000][1][gc,age       ] GC(79) - age   6:        112 bytes,      14528 total
[2020-02-28T03:58:05.140+0000][1][gc,heap      ] GC(79) ParNew: 68184K->15K(76672K)
[2020-02-28T03:58:05.140+0000][1][gc,heap      ] GC(79) CMS: 62651K->62651K(963392K)
[2020-02-28T03:58:05.140+0000][1][gc,metaspace ] GC(79) Metaspace: 79938K->79938K(1122304K)
[2020-02-28T03:58:05.140+0000][1][gc           ] GC(79) Pause Young (Allocation Failure) 127M->61M(1015M) 12.087ms
[2020-02-28T03:58:05.141+0000][1][gc,cpu       ] GC(79) User=0.01s Sys=0.00s Real=0.01s
[2020-02-28T03:58:05.141+0000][1][safepoint    ] Safepoint "GenCollectForAllocation", Time since last: 815719754 ns, Reaching safepoint: 84951 ns, At safepoint: 12160091 ns, Total: 12245042 ns
[2020-02-28T03:58:06.817+0000][1][safepoint    ] Safepoint "RevokeBias", Time since last: 1675887057 ns, Reaching safepoint: 84336 ns, At safepoint: 21437 ns, Total: 105773 ns
[2020-02-28T03:58:09.320+0000][1][safepoint    ] Safepoint "RevokeBias", Time since last: 2503566276 ns, Reaching safepoint: 136208 ns, At safepoint: 20251 ns, Total: 156459 ns
[2020-02-28T03:58:11.844+0000][1][safepoint    ] Safepoint "RevokeBias", Time since last: 2523663906 ns, Reaching safepoint: 128346 ns, At safepoint: 18070 ns, Total: 146416 ns
[2020-02-28T03:58:13.846+0000][1][safepoint    ] Safepoint "Cleanup", Time since last: 2001382476 ns, Reaching safepoint: 104144 ns, At safepoint: 10850 ns, Total: 114994 ns
[2020-02-28T03:58:14.368+0000][1][safepoint    ] Safepoint "RevokeBias", Time since last: 522166729 ns, Reaching safepoint: 57671 ns, At safepoint: 35426 ns, Total: 93097 ns
[2020-02-28T03:58:16.879+0000][1][safepoint    ] Safepoint "RevokeBias", Time since last: 2510811861 ns, Reaching safepoint: 89558 ns, At safepoint: 21558 ns, Total: 111116 ns
[2020-02-28T03:58:19.384+0000][1][safepoint    ] Safepoint "RevokeBias", Time since last: 2504696048 ns, Reaching safepoint: 83447 ns, At safepoint: 21278 ns, Total: 104725 ns
[2020-02-28T03:58:21.888+0000][1][safepoint    ] Safepoint "RevokeBias", Time since last: 2504149305 ns, Reaching safepoint: 116227 ns, At safepoint: 22360 ns, Total: 138587 ns
[2020-02-28T03:58:24.394+0000][1][safepoint    ] Safepoint "RevokeBias", Time since last: 2506094140 ns, Reaching safepoint: 83995 ns, At safepoint: 21619 ns, Total: 105614 ns
[2020-02-28T03:58:26.899+0000][1][safepoint    ] Safepoint "RevokeBias", Time since last: 2505326682 ns, Reaching safepoint: 83131 ns, At safepoint: 21048 ns, Total: 104179 ns
[2020-02-28T03:58:29.421+0000][1][safepoint    ] Safepoint "RevokeBias", Time since last: 2521627282 ns, Reaching safepoint: 70858 ns, At safepoint: 18121 ns, Total: 88979 ns
[2020-02-28T03:58:31.946+0000][1][safepoint    ] Safepoint "RevokeBias", Time since last: 2524751139 ns, Reaching safepoint: 52083 ns, At safepoint: 16815 ns, Total: 68898 ns
[2020-02-28T03:58:34.460+0000][1][safepoint    ] Safepoint "RevokeBias", Time since last: 2514315848 ns, Reaching safepoint: 113491 ns, At safepoint: 19484 ns, Total: 132975 ns
[2020-02-28T03:58:35.465+0000][1][safepoint    ] Safepoint "Cleanup", Time since last: 1004538113 ns, Reaching safepoint: 76495 ns, At safepoint: 6543 ns, Total: 83038 ns
[2020-02-28T03:58:36.966+0000][1][safepoint    ] Safepoint "RevokeBias", Time since last: 1501206067 ns, Reaching safepoint: 81980 ns, At safepoint: 19692 ns, Total: 101672 ns
[2020-02-28T03:58:39.470+0000][1][safepoint    ] Safepoint "RevokeBias", Time since last: 2503688980 ns, Reaching safepoint: 206818 ns, At safepoint: 42851 ns, Total: 249669 ns
[2020-02-28T03:58:41.976+0000][1][safepoint    ] Safepoint "RevokeBias", Time since last: 2505514434 ns, Reaching safepoint: 81049 ns, At safepoint: 21618 ns, Total: 102667 ns
[2020-02-28T03:58:44.482+0000][1][safepoint    ] Safepoint "RevokeBias", Time since last: 2505953249 ns, Reaching safepoint: 83717 ns, At safepoint: 20601 ns, Total: 104318 ns
[2020-02-28T03:58:46.996+0000][1][safepoint    ] Safepoint "RevokeBias", Time since last: 2513575803 ns, Reaching safepoint: 132394 ns, At safepoint: 20804 ns, Total: 153198 ns
[2020-02-28T03:58:49.511+0000][1][safepoint    ] Safepoint "BulkRevokeBias", Time since last: 2515474329 ns, Reaching safepoint: 66810 ns, At safepoint: 175316 ns, Total: 242126 ns
[2020-02-28T03:58:52.021+0000][1][safepoint    ] Safepoint "RevokeBias", Time since last: 2509817580 ns, Reaching safepoint: 68901 ns, At safepoint: 17868 ns, Total: 86769 ns
[2020-02-28T03:58:54.527+0000][1][safepoint    ] Safepoint "RevokeBias", Time since last: 2505633553 ns, Reaching safepoint: 69028 ns, At safepoint: 17594 ns, Total: 86622 ns
[2020-02-28T03:58:57.031+0000][1][safepoint    ] Safepoint "RevokeBias", Time since last: 2503712431 ns, Reaching safepoint: 77745 ns, At safepoint: 19380 ns, Total: 97125 ns
[2020-02-28T03:58:59.533+0000][1][safepoint    ] Safepoint "RevokeBias", Time since last: 2502353856 ns, Reaching safepoint: 83165 ns, At safepoint: 21614 ns, Total: 104779 ns
[2020-02-28T03:59:02.037+0000][1][safepoint    ] Safepoint "RevokeBias", Time since last: 2503955540 ns, Reaching safepoint: 82970 ns, At safepoint: 85247 ns, Total: 168217 ns
[2020-02-28T03:59:04.548+0000][1][safepoint    ] Safepoint "RevokeBias", Time since last: 2510675145 ns, Reaching safepoint: 52744 ns, At safepoint: 17051 ns, Total: 69795 ns
[2020-02-28T03:59:07.070+0000][1][safepoint    ] Safepoint "RevokeBias", Time since last: 2521492763 ns, Reaching safepoint: 68119 ns, At safepoint: 17996 ns, Total: 86115 ns
[2020-02-28T03:59:09.577+0000][1][safepoint    ] Safepoint "RevokeBias", Time since last: 2507064990 ns, Reaching safepoint: 112773 ns, At safepoint: 22645 ns, Total: 135418 ns
[2020-02-28T03:59:12.081+0000][1][safepoint    ] Safepoint "RevokeBias", Time since last: 2503875031 ns, Reaching safepoint: 58390 ns, At safepoint: 19649 ns, Total: 78039 ns
[2020-02-28T03:59:14.588+0000][1][safepoint    ] Safepoint "RevokeBias", Time since last: 2506538265 ns, Reaching safepoint: 108063 ns, At safepoint: 70833 ns, Total: 178896 ns
[2020-02-28T03:59:15.589+0000][1][safepoint    ] Safepoint "Cleanup", Time since last: 1001112596 ns, Reaching safepoint: 68748 ns, At safepoint: 6930 ns, Total: 75678 ns
[2020-02-28T03:59:17.092+0000][1][safepoint    ] Safepoint "RevokeBias", Time since last: 1503385817 ns, Reaching safepoint: 122645 ns, At safepoint: 28981 ns, Total: 151626 ns
[2020-02-28T03:59:19.596+0000][1][safepoint    ] Safepoint "RevokeBias", Time since last: 2503662859 ns, Reaching safepoint: 82150 ns, At safepoint: 21053 ns, Total: 103203 ns
[2020-02-28T03:59:22.107+0000][1][safepoint    ] Safepoint "RevokeBias", Time since last: 2510925689 ns, Reaching safepoint: 68496 ns, At safepoint: 17576 ns, Total: 86072 ns
[2020-02-28T03:59:24.626+0000][1][safepoint    ] Safepoint "RevokeBias", Time since last: 2518726578 ns, Reaching safepoint: 71236 ns, At safepoint: 18282 ns, Total: 89518 ns
[2020-02-28T03:59:25.627+0000][1][safepoint    ] Safepoint "Cleanup", Time since last: 1000617020 ns, Reaching safepoint: 95482 ns, At safepoint: 8271 ns, Total: 103753 ns
[2020-02-28T03:59:27.135+0000][1][safepoint    ] Safepoint "RevokeBias", Time since last: 1507909809 ns, Reaching safepoint: 78863 ns, At safepoint: 19652 ns, Total: 98515 ns
[2020-02-28T03:59:29.638+0000][1][safepoint    ] Safepoint "RevokeBias", Time since last: 2502905287 ns, Reaching safepoint: 68872 ns, At safepoint: 17223 ns, Total: 86095 ns
[2020-02-28T03:59:32.142+0000][1][safepoint    ] Safepoint "RevokeBias", Time since last: 2504258026 ns, Reaching safepoint: 72338 ns, At safepoint: 18111 ns, Total: 90449 ns
[2020-02-28T03:59:34.649+0000][1][safepoint    ] Safepoint "RevokeBias", Time since last: 2507320170 ns, Reaching safepoint: 82405 ns, At safepoint: 20625 ns, Total: 103030 ns
[2020-02-28T03:59:37.154+0000][1][safepoint    ] Safepoint "RevokeBias", Time since last: 2504765295 ns, Reaching safepoint: 122371 ns, At safepoint: 23428 ns, Total: 145799 ns
[2020-02-28T03:59:39.668+0000][1][safepoint    ] Safepoint "RevokeBias", Time since last: 2513048558 ns, Reaching safepoint: 69916 ns, At safepoint: 17456 ns, Total: 87372 ns
[2020-02-28T03:59:42.320+0000][1][safepoint    ] Safepoint "RevokeBias", Time since last: 2651900899 ns, Reaching safepoint: 91956 ns, At safepoint: 19472 ns, Total: 111428 ns
[2020-02-28T03:59:43.320+0000][1][safepoint    ] Safepoint "Cleanup", Time since last: 1000542550 ns, Reaching safepoint: 79923 ns, At safepoint: 8189 ns, Total: 88112 ns
[2020-02-28T03:59:44.844+0000][1][safepoint    ] Safepoint "RevokeBias", Time since last: 1523495468 ns, Reaching safepoint: 71094 ns, At safepoint: 18364 ns, Total: 89458 ns
[2020-02-28T03:59:47.355+0000][1][safepoint    ] Safepoint "RevokeBias", Time since last: 2511093744 ns, Reaching safepoint: 177309 ns, At safepoint: 43511 ns, Total: 220820 ns
[2020-02-28T03:59:49.858+0000][1][safepoint    ] Safepoint "RevokeBias", Time since last: 2502636923 ns, Reaching safepoint: 114914 ns, At safepoint: 23656 ns, Total: 138570 ns
[2020-02-28T03:59:52.362+0000][1][safepoint    ] Safepoint "RevokeBias", Time since last: 2503605972 ns, Reaching safepoint: 73284 ns, At safepoint: 17998 ns, Total: 91282 ns
[2020-02-28T03:59:54.867+0000][1][safepoint    ] Safepoint "RevokeBias", Time since last: 2505220445 ns, Reaching safepoint: 84085 ns, At safepoint: 21990 ns, Total: 106075 ns
[2020-02-28T03:59:57.371+0000][1][safepoint    ] Safepoint "RevokeBias", Time since last: 2504369511 ns, Reaching safepoint: 69985 ns, At safepoint: 127263 ns, Total: 197248 ns
[2020-02-28T03:59:59.880+0000][1][safepoint    ] Safepoint "RevokeBias", Time since last: 2508452423 ns, Reaching safepoint: 69901 ns, At safepoint: 17337 ns, Total: 87238 ns
[2020-02-28T04:00:02.406+0000][1][safepoint    ] Safepoint "BulkRevokeBias", Time since last: 2525691823 ns, Reaching safepoint: 84790 ns, At safepoint: 240048 ns, Total: 324838 ns
[2020-02-28T04:00:04.914+0000][1][safepoint    ] Safepoint "RevokeBias", Time since last: 2508196118 ns, Reaching safepoint: 69991 ns, At safepoint: 18085 ns, Total: 88076 ns
[2020-02-28T04:00:07.419+0000][1][safepoint    ] Safepoint "RevokeBias", Time since last: 2504479235 ns, Reaching safepoint: 71023 ns, At safepoint: 18364 ns, Total: 89387 ns
[2020-02-28T04:00:09.921+0000][1][safepoint    ] Safepoint "RevokeBias", Time since last: 2502236999 ns, Reaching safepoint: 86263 ns, At safepoint: 21454 ns, Total: 107717 ns
[2020-02-28T04:00:12.426+0000][1][safepoint    ] Safepoint "RevokeBias", Time since last: 2505057916 ns, Reaching safepoint: 139721 ns, At safepoint: 23807 ns, Total: 163528 ns
[2020-02-28T04:00:14.933+0000][1][safepoint    ] Safepoint "RevokeBias", Time since last: 2506275312 ns, Reaching safepoint: 71964 ns, At safepoint: 18207 ns, Total: 90171 ns
[2020-02-28T04:00:17.441+0000][1][safepoint    ] Safepoint "RevokeBias", Time since last: 2508521431 ns, Reaching safepoint: 53736 ns, At safepoint: 17011 ns, Total: 70747 ns
[2020-02-28T04:00:19.957+0000][1][safepoint    ] Safepoint "RevokeBias", Time since last: 2515166530 ns, Reaching safepoint: 74444 ns, At safepoint: 18319 ns, Total: 92763 ns
[2020-02-28T04:00:22.467+0000][1][safepoint    ] Safepoint "RevokeBias", Time since last: 2510541517 ns, Reaching safepoint: 76094 ns, At safepoint: 19822 ns, Total: 95916 ns
[2020-02-28T04:00:24.974+0000][1][safepoint    ] Safepoint "RevokeBias", Time since last: 2506554764 ns, Reaching safepoint: 74315 ns, At safepoint: 19656 ns, Total: 93971 ns
[2020-02-28T04:00:25.245+0000][1][gc,start     ] GC(80) Pause Young (Allocation Failure)
[2020-02-28T04:00:25.245+0000][1][gc,task      ] GC(80) Using 1 workers of 1 for evacuation
[2020-02-28T04:00:25.364+0000][1][gc,age       ] GC(80) Desired survivor size 4358144 bytes, new threshold 6 (max threshold 6)
[2020-02-28T04:00:25.364+0000][1][gc,age       ] GC(80) Age table with threshold 6 (max threshold 6)
[2020-02-28T04:00:25.364+0000][1][gc,age       ] GC(80) - age   1:      11960 bytes,      11960 total
[2020-02-28T04:00:25.364+0000][1][gc,age       ] GC(80) - age   2:        840 bytes,      12800 total
[2020-02-28T04:00:25.364+0000][1][gc,age       ] GC(80) - age   3:        256 bytes,      13056 total
[2020-02-28T04:00:25.364+0000][1][gc,age       ] GC(80) - age   4:        656 bytes,      13712 total
[2020-02-28T04:00:25.364+0000][1][gc,age       ] GC(80) - age   5:        896 bytes,      14608 total
[2020-02-28T04:00:25.365+0000][1][gc,heap      ] GC(80) ParNew: 68175K->25K(76672K)
[2020-02-28T04:00:25.365+0000][1][gc,heap      ] GC(80) CMS: 62651K->62651K(963392K)
[2020-02-28T04:00:25.365+0000][1][gc,metaspace ] GC(80) Metaspace: 79946K->79946K(1122304K)
[2020-02-28T04:00:25.365+0000][1][gc           ] GC(80) Pause Young (Allocation Failure) 127M->61M(1015M) 119.287ms
[2020-02-28T04:00:25.365+0000][1][gc,cpu       ] GC(80) User=0.01s Sys=0.00s Real=0.12s
[2020-02-28T04:00:25.365+0000][1][safepoint    ] Safepoint "GenCollectForAllocation", Time since last: 271298024 ns, Reaching safepoint: 170039 ns, At safepoint: 119425187 ns, Total: 119595226 ns
[2020-02-28T04:00:27.479+0000][1][safepoint    ] Safepoint "RevokeBias", Time since last: 2114021017 ns, Reaching safepoint: 102558 ns, At safepoint: 20822 ns, Total: 123380 ns
[2020-02-28T04:00:29.982+0000][1][safepoint    ] Safepoint "RevokeBias", Time since last: 2502808048 ns, Reaching safepoint: 74663 ns, At safepoint: 19300 ns, Total: 93963 ns
[2020-02-28T04:00:32.501+0000][1][safepoint    ] Safepoint "RevokeBias", Time since last: 2519370093 ns, Reaching safepoint: 115890 ns, At safepoint: 25055 ns, Total: 140945 ns
[2020-02-28T04:00:35.022+0000][1][safepoint    ] Safepoint "RevokeBias", Time since last: 2520970528 ns, Reaching safepoint: 68954 ns, At safepoint: 17938 ns, Total: 86892 ns
[2020-02-28T04:00:37.533+0000][1][safepoint    ] Safepoint "RevokeBias", Time since last: 2510087771 ns, Reaching safepoint: 80982 ns, At safepoint: 20959 ns, Total: 101941 ns
[2020-02-28T04:00:40.038+0000][1][safepoint    ] Safepoint "RevokeBias", Time since last: 2504808282 ns, Reaching safepoint: 76473 ns, At safepoint: 19220 ns, Total: 95693 ns
[2020-02-28T04:00:42.542+0000][1][safepoint    ] Safepoint "RevokeBias", Time since last: 2504835760 ns, Reaching safepoint: 83995 ns, At safepoint: 20678 ns, Total: 104673 ns
[2020-02-28T04:00:45.048+0000][1][safepoint    ] Safepoint "RevokeBias", Time since last: 2505599466 ns, Reaching safepoint: 70512 ns, At safepoint: 18570 ns, Total: 89082 ns
[2020-02-28T04:00:47.553+0000][1][safepoint    ] Safepoint "RevokeBias", Time since last: 2504261487 ns, Reaching safepoint: 84847 ns, At safepoint: 61098 ns, Total: 145945 ns
[2020-02-28T04:00:50.077+0000][1][safepoint    ] Safepoint "RevokeBias", Time since last: 2523919311 ns, Reaching safepoint: 71675 ns, At safepoint: 17646 ns, Total: 89321 ns
[2020-02-28T04:00:52.592+0000][1][safepoint    ] Safepoint "RevokeBias", Time since last: 2515765716 ns, Reaching safepoint: 69917 ns, At safepoint: 17750 ns, Total: 87667 ns
[2020-02-28T04:00:55.101+0000][1][safepoint    ] Safepoint "RevokeBias", Time since last: 2508523530 ns, Reaching safepoint: 69490 ns, At safepoint: 17381 ns, Total: 86871 ns
[2020-02-28T04:00:57.604+0000][1][safepoint    ] Safepoint "RevokeBias", Time since last: 2503126047 ns, Reaching safepoint: 77743 ns, At safepoint: 19622 ns, Total: 97365 ns
[2020-02-28T04:01:00.108+0000][1][safepoint    ] Safepoint "RevokeBias", Time since last: 2503469688 ns, Reaching safepoint: 83048 ns, At safepoint: 20849 ns, Total: 103897 ns
[2020-02-28T04:01:02.614+0000][1][safepoint    ] Safepoint "RevokeBias", Time since last: 2505868354 ns, Reaching safepoint: 94573 ns, At safepoint: 22355 ns, Total: 116928 ns
[2020-02-28T04:01:05.120+0000][1][safepoint    ] Safepoint "RevokeBias", Time since last: 2506171644 ns, Reaching safepoint: 76820 ns, At safepoint: 19575 ns, Total: 96395 ns
[2020-02-28T04:01:07.635+0000][1][safepoint    ] Safepoint "RevokeBias", Time since last: 2514908850 ns, Reaching safepoint: 70622 ns, At safepoint: 18459 ns, Total: 89081 ns
[2020-02-28T04:01:10.155+0000][1][safepoint    ] Safepoint "RevokeBias", Time since last: 2519354890 ns, Reaching safepoint: 76825 ns, At safepoint: 21971 ns, Total: 98796 ns
[2020-02-28T04:01:12.665+0000][1][safepoint    ] Safepoint "RevokeBias", Time since last: 2510496170 ns, Reaching safepoint: 75849 ns, At safepoint: 21041 ns, Total: 96890 ns
[2020-02-28T04:01:15.176+0000][1][safepoint    ] Safepoint "BulkRevokeBias", Time since last: 2510588600 ns, Reaching safepoint: 198882 ns, At safepoint: 587524 ns, Total: 786406 ns
[2020-02-28T04:01:17.698+0000][1][safepoint    ] Safepoint "RevokeBias", Time since last: 2518176988 ns, Reaching safepoint: 3428838 ns, At safepoint: 43332 ns, Total: 3472170 ns
[2020-02-28T04:01:20.209+0000][1][safepoint    ] Safepoint "RevokeBias", Time since last: 2510717287 ns, Reaching safepoint: 57953 ns, At safepoint: 21229 ns, Total: 79182 ns
[2020-02-28T04:01:22.721+0000][1][safepoint    ] Safepoint "RevokeBias", Time since last: 2512368502 ns, Reaching safepoint: 58021 ns, At safepoint: 17987 ns, Total: 76008 ns
[2020-02-28T04:01:25.237+0000][1][safepoint    ] Safepoint "RevokeBias", Time since last: 2515233601 ns, Reaching safepoint: 74577 ns, At safepoint: 18607 ns, Total: 93184 ns
[2020-02-28T04:01:27.758+0000][1][safepoint    ] Safepoint "RevokeBias", Time since last: 2521368198 ns, Reaching safepoint: 70362 ns, At safepoint: 17778 ns, Total: 88140 ns
[2020-02-28T04:01:30.276+0000][1][safepoint    ] Safepoint "RevokeBias", Time since last: 2517644833 ns, Reaching safepoint: 72121 ns, At safepoint: 18354 ns, Total: 90475 ns
[2020-02-28T04:01:32.788+0000][1][safepoint    ] Safepoint "RevokeBias", Time since last: 2512316477 ns, Reaching safepoint: 76230 ns, At safepoint: 21594 ns, Total: 97824 ns
[2020-02-28T04:01:35.303+0000][1][safepoint    ] Safepoint "RevokeBias", Time since last: 2514988741 ns, Reaching safepoint: 112142 ns, At safepoint: 36258 ns, Total: 148400 ns
[2020-02-28T04:01:37.821+0000][1][safepoint    ] Safepoint "RevokeBias", Time since last: 2517140360 ns, Reaching safepoint: 76472 ns, At safepoint: 22841 ns, Total: 99313 ns
[2020-02-28T04:01:40.329+0000][1][safepoint    ] Safepoint "RevokeBias", Time since last: 2508555957 ns, Reaching safepoint: 73072 ns, At safepoint: 19868 ns, Total: 92940 ns
[2020-02-28T04:01:42.841+0000][1][safepoint    ] Safepoint "RevokeBias", Time since last: 2511800365 ns, Reaching safepoint: 52577 ns, At safepoint: 135520 ns, Total: 188097 ns
[2020-02-28T04:01:45.353+0000][1][safepoint    ] Safepoint "RevokeBias", Time since last: 2511441262 ns, Reaching safepoint: 70717 ns, At safepoint: 18197 ns, Total: 88914 ns
[2020-02-28T04:01:48.007+0000][1][safepoint    ] Safepoint "RevokeBias", Time since last: 2519023850 ns, Reaching safepoint: 134635684 ns, At safepoint: 24866 ns, Total: 134660550 ns
[2020-02-28T04:01:50.382+0000][1][safepoint    ] Safepoint "RevokeBias", Time since last: 2375508703 ns, Reaching safepoint: 84722 ns, At safepoint: 20628 ns, Total: 105350 ns
[2020-02-28T04:01:52.887+0000][1][safepoint    ] Safepoint "RevokeBias", Time since last: 2504420715 ns, Reaching safepoint: 81746 ns, At safepoint: 20538 ns, Total: 102284 ns
[2020-02-28T04:01:55.392+0000][1][safepoint    ] Safepoint "RevokeBias", Time since last: 2505120601 ns, Reaching safepoint: 82005 ns, At safepoint: 21792 ns, Total: 103797 ns
[2020-02-28T04:01:57.897+0000][1][safepoint    ] Safepoint "RevokeBias", Time since last: 2504475285 ns, Reaching safepoint: 272879 ns, At safepoint: 21885 ns, Total: 294764 ns
[2020-02-28T04:02:00.404+0000][1][safepoint    ] Safepoint "RevokeBias", Time since last: 2506971346 ns, Reaching safepoint: 72564 ns, At safepoint: 18345 ns, Total: 90909 ns
[2020-02-28T04:02:02.928+0000][1][safepoint    ] Safepoint "RevokeBias", Time since last: 2524389327 ns, Reaching safepoint: 72652 ns, At safepoint: 19113 ns, Total: 91765 ns
[2020-02-28T04:02:05.548+0000][1][safepoint    ] Safepoint "RevokeBias", Time since last: 2522871039 ns, Reaching safepoint: 96692597 ns, At safepoint: 24920 ns, Total: 96717517 ns
[2020-02-28T04:02:06.677+0000][1][safepoint    ] Safepoint "Cleanup", Time since last: 1007032682 ns, Reaching safepoint: 98780 ns, At safepoint: 7488 ns, Total: 106268 ns
[2020-02-28T04:02:07.959+0000][1][safepoint    ] Safepoint "RevokeBias", Time since last: 1403881272 ns, Reaching safepoint: 138005 ns, At safepoint: 36304 ns, Total: 174309 ns
[2020-02-28T04:02:10.462+0000][1][safepoint    ] Safepoint "RevokeBias", Time since last: 2503122204 ns, Reaching safepoint: 134495 ns, At safepoint: 19389 ns, Total: 153884 ns
[2020-02-28T04:02:12.968+0000][1][safepoint    ] Safepoint "RevokeBias", Time since last: 2505216003 ns, Reaching safepoint: 83410 ns, At safepoint: 21157 ns, Total: 104567 ns
[2020-02-28T04:02:15.473+0000][1][safepoint    ] Safepoint "RevokeBias", Time since last: 2505567802 ns, Reaching safepoint: 69923 ns, At safepoint: 18128 ns, Total: 88051 ns
[2020-02-28T04:02:17.987+0000][1][safepoint    ] Safepoint "RevokeBias", Time since last: 2513290420 ns, Reaching safepoint: 91848 ns, At safepoint: 42641 ns, Total: 134489 ns
[2020-02-28T04:02:20.507+0000][1][safepoint    ] Safepoint "RevokeBias", Time since last: 2519990885 ns, Reaching safepoint: 71331 ns, At safepoint: 18858 ns, Total: 90189 ns
[2020-02-28T04:02:23.020+0000][1][safepoint    ] Safepoint "RevokeBias", Time since last: 2512838244 ns, Reaching safepoint: 76525 ns, At safepoint: 19997 ns, Total: 96522 ns
[2020-02-28T04:02:25.523+0000][1][safepoint    ] Safepoint "RevokeBias", Time since last: 2503548451 ns, Reaching safepoint: 87370 ns, At safepoint: 20357 ns, Total: 107727 ns
[2020-02-28T04:02:28.029+0000][1][safepoint    ] Safepoint "BulkRevokeBias", Time since last: 2504911258 ns, Reaching safepoint: 73146 ns, At safepoint: 206194 ns, Total: 279340 ns
[2020-02-28T04:02:30.531+0000][1][safepoint    ] Safepoint "RevokeBias", Time since last: 2502216332 ns, Reaching safepoint: 79365 ns, At safepoint: 20833 ns, Total: 100198 ns
[2020-02-28T04:02:33.045+0000][1][safepoint    ] Safepoint "RevokeBias", Time since last: 2514542029 ns, Reaching safepoint: 72371 ns, At safepoint: 18255 ns, Total: 90626 ns
[2020-02-28T04:02:35.567+0000][1][safepoint    ] Safepoint "RevokeBias", Time since last: 2521770127 ns, Reaching safepoint: 52098 ns, At safepoint: 16081 ns, Total: 68179 ns
[2020-02-28T04:02:38.078+0000][1][safepoint    ] Safepoint "RevokeBias", Time since last: 2510608449 ns, Reaching safepoint: 102157 ns, At safepoint: 25166 ns, Total: 127323 ns
[2020-02-28T04:02:40.581+0000][1][safepoint    ] Safepoint "RevokeBias", Time since last: 2503214875 ns, Reaching safepoint: 160074 ns, At safepoint: 24254 ns, Total: 184328 ns
[2020-02-28T04:02:43.086+0000][1][safepoint    ] Safepoint "RevokeBias", Time since last: 2504111684 ns, Reaching safepoint: 70527 ns, At safepoint: 17622 ns, Total: 88149 ns
[2020-02-28T04:02:45.615+0000][1][gc,start     ] GC(81) Pause Young (Allocation Failure)
[2020-02-28T04:02:45.615+0000][1][gc,task      ] GC(81) Using 1 workers of 1 for evacuation
[2020-02-28T04:02:45.708+0000][1][gc,age       ] GC(81) Desired survivor size 4358144 bytes, new threshold 6 (max threshold 6)
[2020-02-28T04:02:45.708+0000][1][gc,age       ] GC(81) Age table with threshold 6 (max threshold 6)
[2020-02-28T04:02:45.708+0000][1][gc,age       ] GC(81) - age   1:      12824 bytes,      12824 total
[2020-02-28T04:02:45.708+0000][1][gc,age       ] GC(81) - age   2:        120 bytes,      12944 total
[2020-02-28T04:02:45.708+0000][1][gc,age       ] GC(81) - age   3:        840 bytes,      13784 total
[2020-02-28T04:02:45.708+0000][1][gc,age       ] GC(81) - age   4:        256 bytes,      14040 total
[2020-02-28T04:02:45.708+0000][1][gc,age       ] GC(81) - age   5:        424 bytes,      14464 total
[2020-02-28T04:02:45.708+0000][1][gc,age       ] GC(81) - age   6:        896 bytes,      15360 total
[2020-02-28T04:02:45.709+0000][1][gc,heap      ] GC(81) ParNew: 68185K->16K(76672K)
[2020-02-28T04:02:45.709+0000][1][gc,heap      ] GC(81) CMS: 62651K->62651K(963392K)
[2020-02-28T04:02:45.709+0000][1][gc,metaspace ] GC(81) Metaspace: 79958K->79958K(1122304K)
[2020-02-28T04:02:45.709+0000][1][gc           ] GC(81) Pause Young (Allocation Failure) 127M->61M(1015M) 229.765ms
[2020-02-28T04:02:45.709+0000][1][gc,cpu       ] GC(81) User=0.01s Sys=0.00s Real=0.23s
[2020-02-28T04:02:45.709+0000][1][safepoint    ] Safepoint "GenCollectForAllocation", Time since last: 2393057036 ns, Reaching safepoint: 76034 ns, At safepoint: 229827231 ns, Total: 229903265 ns
[2020-02-28T04:02:45.710+0000][1][safepoint    ] Safepoint "RevokeBias", Time since last: 1796940 ns, Reaching safepoint: 66857 ns, At safepoint: 17031 ns, Total: 83888 ns
[2020-02-28T04:02:48.216+0000][1][safepoint    ] Safepoint "RevokeBias", Time since last: 2505395548 ns, Reaching safepoint: 78335 ns, At safepoint: 21127 ns, Total: 99462 ns
[2020-02-28T04:02:50.814+0000][1][safepoint    ] Safepoint "RevokeBias", Time since last: 2598152377 ns, Reaching safepoint: 248237 ns, At safepoint: 22240 ns, Total: 270477 ns
[2020-02-28T04:02:53.325+0000][1][safepoint    ] Safepoint "RevokeBias", Time since last: 2510479716 ns, Reaching safepoint: 125942 ns, At safepoint: 20951 ns, Total: 146893 ns
[2020-02-28T04:02:55.831+0000][1][safepoint    ] Safepoint "RevokeBias", Time since last: 2506190718 ns, Reaching safepoint: 86691 ns, At safepoint: 21835 ns, Total: 108526 ns
[2020-02-28T04:02:58.459+0000][1][safepoint    ] Safepoint "RevokeBias", Time since last: 2627485435 ns, Reaching safepoint: 80516 ns, At safepoint: 22586 ns, Total: 103102 ns
[2020-02-28T04:03:00.962+0000][1][safepoint    ] Safepoint "RevokeBias", Time since last: 2503094855 ns, Reaching safepoint: 100668 ns, At safepoint: 23725 ns, Total: 124393 ns
[2020-02-28T04:03:03.468+0000][1][safepoint    ] Safepoint "RevokeBias", Time since last: 2506033930 ns, Reaching safepoint: 75027 ns, At safepoint: 18904 ns, Total: 93931 ns
[2020-02-28T04:03:05.991+0000][1][safepoint    ] Safepoint "RevokeBias", Time since last: 2522519312 ns, Reaching safepoint: 71353 ns, At safepoint: 17635 ns, Total: 88988 ns
[2020-02-28T04:03:08.521+0000][1][safepoint    ] Safepoint "RevokeBias", Time since last: 2530106165 ns, Reaching safepoint: 68958 ns, At safepoint: 19564 ns, Total: 88522 ns
[2020-02-28T04:03:11.048+0000][1][safepoint    ] Safepoint "RevokeBias", Time since last: 2526542322 ns, Reaching safepoint: 85877 ns, At safepoint: 17853 ns, Total: 103730 ns
[2020-02-28T04:03:13.561+0000][1][safepoint    ] Safepoint "RevokeBias", Time since last: 2513144214 ns, Reaching safepoint: 73560 ns, At safepoint: 20073 ns, Total: 93633 ns
[2020-02-28T04:03:16.067+0000][1][safepoint    ] Safepoint "RevokeBias", Time since last: 2506074946 ns, Reaching safepoint: 73034 ns, At safepoint: 19226 ns, Total: 92260 ns
[2020-02-28T04:03:18.571+0000][1][safepoint    ] Safepoint "RevokeBias", Time since last: 2504147156 ns, Reaching safepoint: 100778 ns, At safepoint: 21859 ns, Total: 122637 ns
[2020-02-28T04:03:21.075+0000][1][safepoint    ] Safepoint "RevokeBias", Time since last: 2503678284 ns, Reaching safepoint: 76480 ns, At safepoint: 18438 ns, Total: 94918 ns
[2020-02-28T04:03:23.582+0000][1][safepoint    ] Safepoint "RevokeBias", Time since last: 2506318441 ns, Reaching safepoint: 202572 ns, At safepoint: 39453 ns, Total: 242025 ns
[2020-02-28T04:03:26.099+0000][1][safepoint    ] Safepoint "RevokeBias", Time since last: 2516924134 ns, Reaching safepoint: 56697 ns, At safepoint: 19197 ns, Total: 75894 ns
[2020-02-28T04:03:28.621+0000][1][safepoint    ] Safepoint "RevokeBias", Time since last: 2522458988 ns, Reaching safepoint: 70942 ns, At safepoint: 17934 ns, Total: 88876 ns
[2020-02-28T04:03:31.132+0000][1][safepoint    ] Safepoint "RevokeBias", Time since last: 2510402610 ns, Reaching safepoint: 82103 ns, At safepoint: 20746 ns, Total: 102849 ns
[2020-02-28T04:03:33.637+0000][1][safepoint    ] Safepoint "RevokeBias", Time since last: 2504681917 ns, Reaching safepoint: 94361 ns, At safepoint: 23707 ns, Total: 118068 ns
[2020-02-28T04:03:36.142+0000][1][safepoint    ] Safepoint "RevokeBias", Time since last: 2505107657 ns, Reaching safepoint: 83576 ns, At safepoint: 20465 ns, Total: 104041 ns
[2020-02-28T04:03:38.648+0000][1][safepoint    ] Safepoint "RevokeBias", Time since last: 2506013791 ns, Reaching safepoint: 99763 ns, At safepoint: 25104 ns, Total: 124867 ns
[2020-02-28T04:03:41.157+0000][1][safepoint    ] Safepoint "BulkRevokeBias", Time since last: 2508981067 ns, Reaching safepoint: 69084 ns, At safepoint: 184143 ns, Total: 253227 ns
[2020-02-28T04:03:43.677+0000][1][safepoint    ] Safepoint "RevokeBias", Time since last: 2519376623 ns, Reaching safepoint: 78396 ns, At safepoint: 20282 ns, Total: 98678 ns
[2020-02-28T04:03:46.187+0000][1][safepoint    ] Safepoint "RevokeBias", Time since last: 2510554016 ns, Reaching safepoint: 83119 ns, At safepoint: 20321 ns, Total: 103440 ns
[2020-02-28T04:03:48.694+0000][1][safepoint    ] Safepoint "RevokeBias", Time since last: 2506137158 ns, Reaching safepoint: 113225 ns, At safepoint: 23361 ns, Total: 136586 ns
[2020-02-28T04:03:51.197+0000][1][safepoint    ] Safepoint "RevokeBias", Time since last: 2503256361 ns, Reaching safepoint: 84204 ns, At safepoint: 21362 ns, Total: 105566 ns
[2020-02-28T04:03:53.703+0000][1][safepoint    ] Safepoint "RevokeBias", Time since last: 2505481913 ns, Reaching safepoint: 112316 ns, At safepoint: 23303 ns, Total: 135619 ns
[2020-02-28T04:03:56.208+0000][1][safepoint    ] Safepoint "RevokeBias", Time since last: 2505725560 ns, Reaching safepoint: 74756 ns, At safepoint: 18443 ns, Total: 93199 ns
[2020-02-28T04:03:58.723+0000][1][safepoint    ] Safepoint "RevokeBias", Time since last: 2513924028 ns, Reaching safepoint: 153473 ns, At safepoint: 34471 ns, Total: 187944 ns
[2020-02-28T04:04:01.240+0000][1][safepoint    ] Safepoint "RevokeBias", Time since last: 2517087003 ns, Reaching safepoint: 51907 ns, At safepoint: 16039 ns, Total: 67946 ns
[2020-02-28T04:04:03.766+0000][1][safepoint    ] Safepoint "RevokeBias", Time since last: 2526196386 ns, Reaching safepoint: 50878 ns, At safepoint: 15984 ns, Total: 66862 ns
[2020-02-28T04:04:06.276+0000][1][safepoint    ] Safepoint "RevokeBias", Time since last: 2509571898 ns, Reaching safepoint: 89642 ns, At safepoint: 22290 ns, Total: 111932 ns
[2020-02-28T04:04:08.782+0000][1][safepoint    ] Safepoint "RevokeBias", Time since last: 2506456937 ns, Reaching safepoint: 103943 ns, At safepoint: 25332 ns, Total: 129275 ns
[2020-02-28T04:04:11.286+0000][1][safepoint    ] Safepoint "RevokeBias", Time since last: 2503231629 ns, Reaching safepoint: 74574 ns, At safepoint: 19204 ns, Total: 93778 ns
[2020-02-28T04:04:13.790+0000][1][safepoint    ] Safepoint "RevokeBias", Time since last: 2504268700 ns, Reaching safepoint: 70339 ns, At safepoint: 18750 ns, Total: 89089 ns
[2020-02-28T04:04:16.294+0000][1][safepoint    ] Safepoint "RevokeBias", Time since last: 2503721719 ns, Reaching safepoint: 131714 ns, At safepoint: 22879 ns, Total: 154593 ns
[2020-02-28T04:04:18.810+0000][1][safepoint    ] Safepoint "RevokeBias", Time since last: 2516015213 ns, Reaching safepoint: 72372 ns, At safepoint: 18735 ns, Total: 91107 ns
[2020-02-28T04:04:21.334+0000][1][safepoint    ] Safepoint "RevokeBias", Time since last: 2524500497 ns, Reaching safepoint: 71404 ns, At safepoint: 17816 ns, Total: 89220 ns
[2020-02-28T04:04:23.843+0000][1][safepoint    ] Safepoint "RevokeBias", Time since last: 2508943956 ns, Reaching safepoint: 83133 ns, At safepoint: 20962 ns, Total: 104095 ns
[2020-02-28T04:04:26.349+0000][1][safepoint    ] Safepoint "RevokeBias", Time since last: 2505697362 ns, Reaching safepoint: 73610 ns, At safepoint: 18575 ns, Total: 92185 ns
[2020-02-28T04:04:28.853+0000][1][safepoint    ] Safepoint "RevokeBias", Time since last: 2503333127 ns, Reaching safepoint: 115002 ns, At safepoint: 22981 ns, Total: 137983 ns
[2020-02-28T04:04:31.356+0000][1][safepoint    ] Safepoint "RevokeBias", Time since last: 2503305958 ns, Reaching safepoint: 86838 ns, At safepoint: 22461 ns, Total: 109299 ns
[2020-02-28T04:04:33.861+0000][1][safepoint    ] Safepoint "RevokeBias", Time since last: 2504222762 ns, Reaching safepoint: 116988 ns, At safepoint: 21945 ns, Total: 138933 ns
[2020-02-28T04:04:35.864+0000][1][safepoint    ] Safepoint "Cleanup", Time since last: 2003468259 ns, Reaching safepoint: 78136 ns, At safepoint: 6990 ns, Total: 85126 ns
[2020-02-28T04:04:36.375+0000][1][safepoint    ] Safepoint "RevokeBias", Time since last: 510984200 ns, Reaching safepoint: 86234 ns, At safepoint: 20934 ns, Total: 107168 ns
[2020-02-28T04:04:38.905+0000][1][safepoint    ] Safepoint "RevokeBias", Time since last: 2529665766 ns, Reaching safepoint: 71429 ns, At safepoint: 18071 ns, Total: 89500 ns
[2020-02-28T04:04:41.412+0000][1][safepoint    ] Safepoint "RevokeBias", Time since last: 2507007496 ns, Reaching safepoint: 82626 ns, At safepoint: 21358 ns, Total: 103984 ns
[2020-02-28T04:04:43.919+0000][1][safepoint    ] Safepoint "RevokeBias", Time since last: 2506396053 ns, Reaching safepoint: 92612 ns, At safepoint: 19463 ns, Total: 112075 ns
[2020-02-28T04:04:46.424+0000][1][safepoint    ] Safepoint "RevokeBias", Time since last: 2505726964 ns, Reaching safepoint: 82507 ns, At safepoint: 61352 ns, Total: 143859 ns
[2020-02-28T04:04:48.927+0000][1][safepoint    ] Safepoint "RevokeBias", Time since last: 2502773990 ns, Reaching safepoint: 75733 ns, At safepoint: 18913 ns, Total: 94646 ns
[2020-02-28T04:04:51.439+0000][1][safepoint    ] Safepoint "RevokeBias", Time since last: 2511561375 ns, Reaching safepoint: 210891 ns, At safepoint: 58191 ns, Total: 269082 ns
[2020-02-28T04:04:52.441+0000][1][safepoint    ] Safepoint "Cleanup", Time since last: 1002294468 ns, Reaching safepoint: 79789 ns, At safepoint: 7064 ns, Total: 86853 ns
[2020-02-28T04:04:53.957+0000][1][safepoint    ] Safepoint "BulkRevokeBias", Time since last: 1515607030 ns, Reaching safepoint: 70194 ns, At safepoint: 184859 ns, Total: 255053 ns
[2020-02-28T04:04:56.472+0000][1][safepoint    ] Safepoint "RevokeBias", Time since last: 2514067392 ns, Reaching safepoint: 73961 ns, At safepoint: 18024 ns, Total: 91985 ns
[2020-02-28T04:04:58.986+0000][1][safepoint    ] Safepoint "RevokeBias", Time since last: 2514554861 ns, Reaching safepoint: 70010 ns, At safepoint: 18075 ns, Total: 88085 ns
[2020-02-28T04:05:01.496+0000][1][safepoint    ] Safepoint "RevokeBias", Time since last: 2509364187 ns, Reaching safepoint: 55963 ns, At safepoint: 17910 ns, Total: 73873 ns
[2020-02-28T04:05:04.004+0000][1][safepoint    ] Safepoint "RevokeBias", Time since last: 2508065495 ns, Reaching safepoint: 139985 ns, At safepoint: 21227 ns, Total: 161212 ns
[2020-02-28T04:05:05.817+0000][1][gc,start     ] GC(82) Pause Young (Allocation Failure)
[2020-02-28T04:05:05.817+0000][1][gc,task      ] GC(82) Using 1 workers of 1 for evacuation
[2020-02-28T04:05:05.876+0000][1][gc,age       ] GC(82) Desired survivor size 4358144 bytes, new threshold 6 (max threshold 6)
[2020-02-28T04:05:05.876+0000][1][gc,age       ] GC(82) Age table with threshold 6 (max threshold 6)
[2020-02-28T04:05:05.876+0000][1][gc,age       ] GC(82) - age   1:      12368 bytes,      12368 total
[2020-02-28T04:05:05.876+0000][1][gc,age       ] GC(82) - age   2:       1000 bytes,      13368 total
[2020-02-28T04:05:05.876+0000][1][gc,age       ] GC(82) - age   4:        840 bytes,      14208 total
[2020-02-28T04:05:05.876+0000][1][gc,age       ] GC(82) - age   5:        136 bytes,      14344 total
[2020-02-28T04:05:05.876+0000][1][gc,age       ] GC(82) - age   6:        424 bytes,      14768 total
[2020-02-28T04:05:05.876+0000][1][gc,heap      ] GC(82) ParNew: 68176K->26K(76672K)
[2020-02-28T04:05:05.876+0000][1][gc,heap      ] GC(82) CMS: 62651K->62652K(963392K)
[2020-02-28T04:05:05.876+0000][1][gc,metaspace ] GC(82) Metaspace: 79968K->79968K(1122304K)
[2020-02-28T04:05:05.876+0000][1][gc           ] GC(82) Pause Young (Allocation Failure) 127M->61M(1015M) 59.394ms
[2020-02-28T04:05:05.876+0000][1][gc,cpu       ] GC(82) User=0.01s Sys=0.01s Real=0.05s
[2020-02-28T04:05:05.876+0000][1][safepoint    ] Safepoint "GenCollectForAllocation", Time since last: 1812921952 ns, Reaching safepoint: 92913 ns, At safepoint: 59513878 ns, Total: 59606791 ns
[2020-02-28T04:05:06.519+0000][1][safepoint    ] Safepoint "RevokeBias", Time since last: 642279753 ns, Reaching safepoint: 54261 ns, At safepoint: 48165 ns, Total: 102426 ns
[2020-02-28T04:05:09.044+0000][1][safepoint    ] Safepoint "RevokeBias", Time since last: 2524978456 ns, Reaching safepoint: 96138 ns, At safepoint: 20856 ns, Total: 116994 ns
[2020-02-28T04:05:11.559+0000][1][safepoint    ] Safepoint "RevokeBias", Time since last: 2515398728 ns, Reaching safepoint: 111920 ns, At safepoint: 41449 ns, Total: 153369 ns
[2020-02-28T04:05:14.076+0000][1][safepoint    ] Safepoint "RevokeBias", Time since last: 2516078109 ns, Reaching safepoint: 76111 ns, At safepoint: 20562 ns, Total: 96673 ns
[2020-02-28T04:05:16.583+0000][1][safepoint    ] Safepoint "RevokeBias", Time since last: 2507304904 ns, Reaching safepoint: 56302 ns, At safepoint: 17836 ns, Total: 74138 ns
[2020-02-28T04:05:19.098+0000][1][safepoint    ] Safepoint "RevokeBias", Time since last: 2515020995 ns, Reaching safepoint: 73157 ns, At safepoint: 18468 ns, Total: 91625 ns
[2020-02-28T04:05:21.608+0000][1][safepoint    ] Safepoint "RevokeBias", Time since last: 2509681879 ns, Reaching safepoint: 71624 ns, At safepoint: 85765 ns, Total: 157389 ns
[2020-02-28T04:05:24.119+0000][1][safepoint    ] Safepoint "RevokeBias", Time since last: 2510690096 ns, Reaching safepoint: 73383 ns, At safepoint: 18601 ns, Total: 91984 ns
[2020-02-28T04:05:26.631+0000][1][safepoint    ] Safepoint "RevokeBias", Time since last: 2512399665 ns, Reaching safepoint: 153873 ns, At safepoint: 24232 ns, Total: 178105 ns
[2020-02-28T04:05:29.149+0000][1][safepoint    ] Safepoint "RevokeBias", Time since last: 2517451432 ns, Reaching safepoint: 138977 ns, At safepoint: 46058 ns, Total: 185035 ns
[2020-02-28T04:05:31.669+0000][1][safepoint    ] Safepoint "RevokeBias", Time since last: 2520450986 ns, Reaching safepoint: 53404 ns, At safepoint: 15172 ns, Total: 68576 ns
[2020-02-28T04:05:34.180+0000][1][safepoint    ] Safepoint "RevokeBias", Time since last: 2510533270 ns, Reaching safepoint: 72121 ns, At safepoint: 18840 ns, Total: 90961 ns
[2020-02-28T04:05:36.188+0000][1][safepoint    ] Safepoint "Cleanup", Time since last: 2007470061 ns, Reaching safepoint: 82145 ns, At safepoint: 6909 ns, Total: 89054 ns
[2020-02-28T04:05:36.683+0000][1][safepoint    ] Safepoint "RevokeBias", Time since last: 495674268 ns, Reaching safepoint: 80861 ns, At safepoint: 21814 ns, Total: 102675 ns
[2020-02-28T04:05:39.188+0000][1][safepoint    ] Safepoint "RevokeBias", Time since last: 2504027794 ns, Reaching safepoint: 114579 ns, At safepoint: 23101 ns, Total: 137680 ns
[2020-02-28T04:05:41.703+0000][1][safepoint    ] Safepoint "RevokeBias", Time since last: 2515853233 ns, Reaching safepoint: 69573 ns, At safepoint: 20273 ns, Total: 89846 ns
[2020-02-28T04:05:44.223+0000][1][safepoint    ] Safepoint "RevokeBias", Time since last: 2519300873 ns, Reaching safepoint: 71726 ns, At safepoint: 18565 ns, Total: 90291 ns
[2020-02-28T04:05:46.733+0000][1][safepoint    ] Safepoint "RevokeBias", Time since last: 2510157649 ns, Reaching safepoint: 70252 ns, At safepoint: 18099 ns, Total: 88351 ns
[2020-02-28T04:05:49.245+0000][1][safepoint    ] Safepoint "RevokeBias", Time since last: 2511967003 ns, Reaching safepoint: 87531 ns, At safepoint: 20571 ns, Total: 108102 ns
[2020-02-28T04:05:51.749+0000][1][safepoint    ] Safepoint "RevokeBias", Time since last: 2503876874 ns, Reaching safepoint: 86932 ns, At safepoint: 21476 ns, Total: 108408 ns
[2020-02-28T04:05:54.254+0000][1][safepoint    ] Safepoint "RevokeBias", Time since last: 2504884012 ns, Reaching safepoint: 77163 ns, At safepoint: 19951 ns, Total: 97114 ns
[2020-02-28T04:05:56.758+0000][1][safepoint    ] Safepoint "RevokeBias", Time since last: 2503307423 ns, Reaching safepoint: 76130 ns, At safepoint: 19724 ns, Total: 95854 ns
[2020-02-28T04:05:59.262+0000][1][safepoint    ] Safepoint "RevokeBias", Time since last: 2504289480 ns, Reaching safepoint: 71789 ns, At safepoint: 18017 ns, Total: 89806 ns
[2020-02-28T04:06:01.773+0000][1][safepoint    ] Safepoint "RevokeBias", Time since last: 2511455513 ns, Reaching safepoint: 53384 ns, At safepoint: 16909 ns, Total: 70293 ns
[2020-02-28T04:06:04.281+0000][1][safepoint    ] Safepoint "RevokeBias", Time since last: 2507075214 ns, Reaching safepoint: 85030 ns, At safepoint: 21993 ns, Total: 107023 ns
[2020-02-28T04:06:06.282+0000][1][safepoint    ] Safepoint "Cleanup", Time since last: 2001131465 ns, Reaching safepoint: 96375 ns, At safepoint: 7100 ns, Total: 103475 ns
[2020-02-28T04:06:06.784+0000][1][safepoint    ] Safepoint "BulkRevokeBias", Time since last: 502237368 ns, Reaching safepoint: 100518 ns, At safepoint: 230513 ns, Total: 331031 ns
[2020-02-28T04:06:09.291+0000][1][safepoint    ] Safepoint "RevokeBias", Time since last: 2506200191 ns, Reaching safepoint: 70983 ns, At safepoint: 18023 ns, Total: 89006 ns
[2020-02-28T04:06:11.793+0000][1][safepoint    ] Safepoint "RevokeBias", Time since last: 2502575792 ns, Reaching safepoint: 90252 ns, At safepoint: 18490 ns, Total: 108742 ns
[2020-02-28T04:06:14.300+0000][1][safepoint    ] Safepoint "RevokeBias", Time since last: 2506237374 ns, Reaching safepoint: 82296 ns, At safepoint: 20132 ns, Total: 102428 ns
[2020-02-28T04:06:16.818+0000][1][safepoint    ] Safepoint "RevokeBias", Time since last: 2517618102 ns, Reaching safepoint: 110983 ns, At safepoint: 35461 ns, Total: 146444 ns
[2020-02-28T04:06:19.343+0000][1][safepoint    ] Safepoint "RevokeBias", Time since last: 2525012844 ns, Reaching safepoint: 50916 ns, At safepoint: 15502 ns, Total: 66418 ns
[2020-02-28T04:06:21.853+0000][1][safepoint    ] Safepoint "RevokeBias", Time since last: 2510510364 ns, Reaching safepoint: 118221 ns, At safepoint: 23728 ns, Total: 141949 ns
[2020-02-28T04:06:24.357+0000][1][safepoint    ] Safepoint "RevokeBias", Time since last: 2503662277 ns, Reaching safepoint: 81105 ns, At safepoint: 20681 ns, Total: 101786 ns
[2020-02-28T04:06:26.861+0000][1][safepoint    ] Safepoint "RevokeBias", Time since last: 2503809905 ns, Reaching safepoint: 73718 ns, At safepoint: 18517 ns, Total: 92235 ns
[2020-02-28T04:06:29.366+0000][1][safepoint    ] Safepoint "RevokeBias", Time since last: 2505250705 ns, Reaching safepoint: 84343 ns, At safepoint: 22107 ns, Total: 106450 ns
[2020-02-28T04:06:31.870+0000][1][safepoint    ] Safepoint "RevokeBias", Time since last: 2503589630 ns, Reaching safepoint: 105608 ns, At safepoint: 19953 ns, Total: 125561 ns
[2020-02-28T04:06:34.388+0000][1][safepoint    ] Safepoint "RevokeBias", Time since last: 2518286220 ns, Reaching safepoint: 84124 ns, At safepoint: 23345 ns, Total: 107469 ns
[2020-02-28T04:06:36.911+0000][1][safepoint    ] Safepoint "RevokeBias", Time since last: 2522306546 ns, Reaching safepoint: 268080 ns, At safepoint: 65034 ns, Total: 333114 ns
[2020-02-28T04:06:39.440+0000][1][safepoint    ] Safepoint "RevokeBias", Time since last: 2529127133 ns, Reaching safepoint: 73146 ns, At safepoint: 18230 ns, Total: 91376 ns
[2020-02-28T04:06:41.954+0000][1][safepoint    ] Safepoint "RevokeBias", Time since last: 2513540975 ns, Reaching safepoint: 117050 ns, At safepoint: 23733 ns, Total: 140783 ns
[2020-02-28T04:06:44.459+0000][1][safepoint    ] Safepoint "RevokeBias", Time since last: 2505377286 ns, Reaching safepoint: 87924 ns, At safepoint: 18169 ns, Total: 106093 ns
[2020-02-28T04:06:46.964+0000][1][safepoint    ] Safepoint "RevokeBias", Time since last: 2504200984 ns, Reaching safepoint: 84708 ns, At safepoint: 20574 ns, Total: 105282 ns
[2020-02-28T04:06:49.470+0000][1][safepoint    ] Safepoint "RevokeBias", Time since last: 2506060754 ns, Reaching safepoint: 115667 ns, At safepoint: 23914 ns, Total: 139581 ns
[2020-02-28T04:06:51.974+0000][1][safepoint    ] Safepoint "RevokeBias", Time since last: 2503800795 ns, Reaching safepoint: 84823 ns, At safepoint: 21574 ns, Total: 106397 ns
[2020-02-28T04:06:54.496+0000][1][safepoint    ] Safepoint "RevokeBias", Time since last: 2521975851 ns, Reaching safepoint: 78609 ns, At safepoint: 19345 ns, Total: 97954 ns
[2020-02-28T04:06:57.012+0000][1][safepoint    ] Safepoint "RevokeBias", Time since last: 2516512370 ns, Reaching safepoint: 68408 ns, At safepoint: 17143 ns, Total: 85551 ns
[2020-02-28T04:06:59.521+0000][1][safepoint    ] Safepoint "RevokeBias", Time since last: 2508505583 ns, Reaching safepoint: 210309 ns, At safepoint: 20118 ns, Total: 230427 ns
[2020-02-28T04:07:02.027+0000][1][safepoint    ] Safepoint "RevokeBias", Time since last: 2506063133 ns, Reaching safepoint: 103346 ns, At safepoint: 25406 ns, Total: 128752 ns
[2020-02-28T04:07:04.533+0000][1][safepoint    ] Safepoint "RevokeBias", Time since last: 2505025407 ns, Reaching safepoint: 73313 ns, At safepoint: 18804 ns, Total: 92117 ns
[2020-02-28T04:07:07.037+0000][1][safepoint    ] Safepoint "RevokeBias", Time since last: 2504117732 ns, Reaching safepoint: 73860 ns, At safepoint: 18595 ns, Total: 92455 ns
[2020-02-28T04:07:09.541+0000][1][safepoint    ] Safepoint "RevokeBias", Time since last: 2504520241 ns, Reaching safepoint: 78001 ns, At safepoint: 18803 ns, Total: 96804 ns
[2020-02-28T04:07:12.051+0000][1][safepoint    ] Safepoint "RevokeBias", Time since last: 2509510917 ns, Reaching safepoint: 66405 ns, At safepoint: 16825 ns, Total: 83230 ns
[2020-02-28T04:07:14.571+0000][1][safepoint    ] Safepoint "RevokeBias", Time since last: 2519889637 ns, Reaching safepoint: 71251 ns, At safepoint: 18265 ns, Total: 89516 ns
[2020-02-28T04:07:17.080+0000][1][safepoint    ] Safepoint "RevokeBias", Time since last: 2508478143 ns, Reaching safepoint: 114813 ns, At safepoint: 23395 ns, Total: 138208 ns
[2020-02-28T04:07:19.586+0000][1][safepoint    ] Safepoint "BulkRevokeBias", Time since last: 2505882019 ns, Reaching safepoint: 100277 ns, At safepoint: 252885 ns, Total: 353162 ns
[2020-02-28T04:07:22.090+0000][1][safepoint    ] Safepoint "RevokeBias", Time since last: 2503987989 ns, Reaching safepoint: 79824 ns, At safepoint: 20498 ns, Total: 100322 ns
[2020-02-28T04:07:24.596+0000][1][safepoint    ] Safepoint "RevokeBias", Time since last: 2506237917 ns, Reaching safepoint: 97923 ns, At safepoint: 24625 ns, Total: 122548 ns
[2020-02-28T04:07:25.997+0000][1][gc,start     ] GC(83) Pause Young (Allocation Failure)
[2020-02-28T04:07:25.997+0000][1][gc,task      ] GC(83) Using 1 workers of 1 for evacuation
[2020-02-28T04:07:26.024+0000][1][gc,age       ] GC(83) Desired survivor size 4358144 bytes, new threshold 6 (max threshold 6)
[2020-02-28T04:07:26.024+0000][1][gc,age       ] GC(83) Age table with threshold 6 (max threshold 6)
[2020-02-28T04:07:26.024+0000][1][gc,age       ] GC(83) - age   1:      13112 bytes,      13112 total
[2020-02-28T04:07:26.024+0000][1][gc,age       ] GC(83) - age   2:        352 bytes,      13464 total
[2020-02-28T04:07:26.024+0000][1][gc,age       ] GC(83) - age   3:       1000 bytes,      14464 total
[2020-02-28T04:07:26.024+0000][1][gc,age       ] GC(83) - age   5:        840 bytes,      15304 total
[2020-02-28T04:07:26.024+0000][1][gc,age       ] GC(83) - age   6:        136 bytes,      15440 total
[2020-02-28T04:07:26.024+0000][1][gc,heap      ] GC(83) ParNew: 68186K->17K(76672K)
[2020-02-28T04:07:26.024+0000][1][gc,heap      ] GC(83) CMS: 62652K->62652K(963392K)
[2020-02-28T04:07:26.024+0000][1][gc,metaspace ] GC(83) Metaspace: 79993K->79993K(1122304K)
[2020-02-28T04:07:26.024+0000][1][gc           ] GC(83) Pause Young (Allocation Failure) 127M->61M(1015M) 26.918ms
[2020-02-28T04:07:26.024+0000][1][gc,cpu       ] GC(83) User=0.01s Sys=0.00s Real=0.03s
[2020-02-28T04:07:26.024+0000][1][safepoint    ] Safepoint "GenCollectForAllocation", Time since last: 1400856055 ns, Reaching safepoint: 74046 ns, At safepoint: 27052625 ns, Total: 27126671 ns
[2020-02-28T04:07:27.100+0000][1][safepoint    ] Safepoint "RevokeBias", Time since last: 1075824439 ns, Reaching safepoint: 89345 ns, At safepoint: 22421 ns, Total: 111766 ns
[2020-02-28T04:07:29.605+0000][1][safepoint    ] Safepoint "RevokeBias", Time since last: 2505189295 ns, Reaching safepoint: 82854 ns, At safepoint: 21481 ns, Total: 104335 ns
[2020-02-28T04:07:32.123+0000][1][safepoint    ] Safepoint "RevokeBias", Time since last: 2517567343 ns, Reaching safepoint: 155852 ns, At safepoint: 21646 ns, Total: 177498 ns
[2020-02-28T04:07:34.640+0000][1][safepoint    ] Safepoint "RevokeBias", Time since last: 2516167862 ns, Reaching safepoint: 199481 ns, At safepoint: 58925 ns, Total: 258406 ns
[2020-02-28T04:07:37.155+0000][1][safepoint    ] Safepoint "RevokeBias", Time since last: 2515187040 ns, Reaching safepoint: 84521 ns, At safepoint: 21526 ns, Total: 106047 ns
[2020-02-28T04:07:39.661+0000][1][safepoint    ] Safepoint "RevokeBias", Time since last: 2505991725 ns, Reaching safepoint: 85169 ns, At safepoint: 22913 ns, Total: 108082 ns
[2020-02-28T04:07:42.164+0000][1][safepoint    ] Safepoint "RevokeBias", Time since last: 2503261115 ns, Reaching safepoint: 74568 ns, At safepoint: 88986 ns, Total: 163554 ns
[2020-02-28T04:07:44.166+0000][1][safepoint    ] Safepoint "Cleanup", Time since last: 2001134863 ns, Reaching safepoint: 78675 ns, At safepoint: 6898 ns, Total: 85573 ns
[2020-02-28T04:07:44.670+0000][1][safepoint    ] Safepoint "RevokeBias", Time since last: 504679423 ns, Reaching safepoint: 76319 ns, At safepoint: 48097 ns, Total: 124416 ns
[2020-02-28T04:07:47.174+0000][1][safepoint    ] Safepoint "RevokeBias", Time since last: 2503036245 ns, Reaching safepoint: 98990 ns, At safepoint: 24175 ns, Total: 123165 ns
[2020-02-28T04:07:49.689+0000][1][safepoint    ] Safepoint "RevokeBias", Time since last: 2515605270 ns, Reaching safepoint: 235104 ns, At safepoint: 21835 ns, Total: 256939 ns
[2020-02-28T04:07:52.208+0000][1][safepoint    ] Safepoint "RevokeBias", Time since last: 2518285307 ns, Reaching safepoint: 88150 ns, At safepoint: 18933 ns, Total: 107083 ns
[2020-02-28T04:07:54.727+0000][1][safepoint    ] Safepoint "RevokeBias", Time since last: 2518620441 ns, Reaching safepoint: 72522 ns, At safepoint: 18560 ns, Total: 91082 ns
[2020-02-28T04:07:57.244+0000][1][safepoint    ] Safepoint "RevokeBias", Time since last: 2516907446 ns, Reaching safepoint: 73193 ns, At safepoint: 18051 ns, Total: 91244 ns
[2020-02-28T04:07:59.750+0000][1][safepoint    ] Safepoint "RevokeBias", Time since last: 2506001229 ns, Reaching safepoint: 76779 ns, At safepoint: 18586 ns, Total: 95365 ns
[2020-02-28T04:08:02.253+0000][1][safepoint    ] Safepoint "RevokeBias", Time since last: 2502995468 ns, Reaching safepoint: 73301 ns, At safepoint: 18107 ns, Total: 91408 ns
[2020-02-28T04:08:04.949+0000][1][safepoint    ] Safepoint "RevokeBias", Time since last: 2696248133 ns, Reaching safepoint: 82811 ns, At safepoint: 21535 ns, Total: 104346 ns
[2020-02-28T04:08:07.454+0000][1][safepoint    ] Safepoint "RevokeBias", Time since last: 2504765905 ns, Reaching safepoint: 113032 ns, At safepoint: 26847 ns, Total: 139879 ns
[2020-02-28T04:08:09.977+0000][1][safepoint    ] Safepoint "RevokeBias", Time since last: 2523204342 ns, Reaching safepoint: 70581 ns, At safepoint: 17929 ns, Total: 88510 ns
[2020-02-28T04:08:12.832+0000][1][safepoint    ] Safepoint "RevokeBias", Time since last: 2854942167 ns, Reaching safepoint: 143393 ns, At safepoint: 44931 ns, Total: 188324 ns
[2020-02-28T04:08:13.893+0000][1][safepoint    ] Safepoint "Cleanup", Time since last: 1000197072 ns, Reaching safepoint: 60805478 ns, At safepoint: 9081 ns, Total: 60814559 ns
[2020-02-28T04:08:15.347+0000][1][safepoint    ] Safepoint "RevokeBias", Time since last: 1453168538 ns, Reaching safepoint: 58722 ns, At safepoint: 18155 ns, Total: 76877 ns
[2020-02-28T04:08:17.863+0000][1][safepoint    ] Safepoint "RevokeBias", Time since last: 2516009986 ns, Reaching safepoint: 92473 ns, At safepoint: 21988 ns, Total: 114461 ns
[2020-02-28T04:08:20.373+0000][1][safepoint    ] Safepoint "RevokeBias", Time since last: 2510195800 ns, Reaching safepoint: 99309 ns, At safepoint: 22627 ns, Total: 121936 ns
[2020-02-28T04:08:22.876+0000][1][safepoint    ] Safepoint "RevokeBias", Time since last: 2502657482 ns, Reaching safepoint: 88696 ns, At safepoint: 22943 ns, Total: 111639 ns
[2020-02-28T04:08:25.382+0000][1][safepoint    ] Safepoint "RevokeBias", Time since last: 2506372276 ns, Reaching safepoint: 84623 ns, At safepoint: 21091 ns, Total: 105714 ns
[2020-02-28T04:08:27.887+0000][1][safepoint    ] Safepoint "RevokeBias", Time since last: 2504901718 ns, Reaching safepoint: 165021 ns, At safepoint: 33137 ns, Total: 198158 ns
[2020-02-28T04:08:30.395+0000][1][safepoint    ] Safepoint "RevokeBias", Time since last: 2506998716 ns, Reaching safepoint: 95712 ns, At safepoint: 20849 ns, Total: 116561 ns
[2020-02-28T04:08:32.913+0000][1][safepoint    ] Safepoint "BulkRevokeBias", Time since last: 2518313929 ns, Reaching safepoint: 109287 ns, At safepoint: 206263 ns, Total: 315550 ns
[2020-02-28T04:08:35.537+0000][1][safepoint    ] Safepoint "RevokeBias", Time since last: 2608551084 ns, Reaching safepoint: 14969605 ns, At safepoint: 23140 ns, Total: 14992745 ns
[2020-02-28T04:08:38.032+0000][1][safepoint    ] Safepoint "RevokeBias", Time since last: 2494768073 ns, Reaching safepoint: 75525 ns, At safepoint: 19670 ns, Total: 95195 ns
[2020-02-28T04:08:40.535+0000][1][safepoint    ] Safepoint "RevokeBias", Time since last: 2503322906 ns, Reaching safepoint: 91282 ns, At safepoint: 25334 ns, Total: 116616 ns
[2020-02-28T04:08:43.039+0000][1][safepoint    ] Safepoint "RevokeBias", Time since last: 2504019627 ns, Reaching safepoint: 76651 ns, At safepoint: 19141 ns, Total: 95792 ns
[2020-02-28T04:08:45.545+0000][1][safepoint    ] Safepoint "RevokeBias", Time since last: 2505955160 ns, Reaching safepoint: 76741 ns, At safepoint: 18806 ns, Total: 95547 ns
[2020-02-28T04:08:48.051+0000][1][safepoint    ] Safepoint "RevokeBias", Time since last: 2505143485 ns, Reaching safepoint: 100102 ns, At safepoint: 24901 ns, Total: 125003 ns
[2020-02-28T04:08:50.567+0000][1][safepoint    ] Safepoint "RevokeBias", Time since last: 2515919600 ns, Reaching safepoint: 72169 ns, At safepoint: 17941 ns, Total: 90110 ns
[2020-02-28T04:08:53.085+0000][1][safepoint    ] Safepoint "RevokeBias", Time since last: 2517967730 ns, Reaching safepoint: 51656 ns, At safepoint: 15181 ns, Total: 66837 ns
[2020-02-28T04:08:55.602+0000][1][safepoint    ] Safepoint "RevokeBias", Time since last: 2517198049 ns, Reaching safepoint: 71920 ns, At safepoint: 17834 ns, Total: 89754 ns
[2020-02-28T04:08:58.131+0000][1][safepoint    ] Safepoint "RevokeBias", Time since last: 2528566105 ns, Reaching safepoint: 85994 ns, At safepoint: 21272 ns, Total: 107266 ns
[2020-02-28T04:09:00.637+0000][1][safepoint    ] Safepoint "RevokeBias", Time since last: 2505987757 ns, Reaching safepoint: 83386 ns, At safepoint: 21546 ns, Total: 104932 ns
[2020-02-28T04:09:03.140+0000][1][safepoint    ] Safepoint "RevokeBias", Time since last: 2503537177 ns, Reaching safepoint: 84144 ns, At safepoint: 21403 ns, Total: 105547 ns
[2020-02-28T04:09:05.647+0000][1][safepoint    ] Safepoint "RevokeBias", Time since last: 2506960316 ns, Reaching safepoint: 73762 ns, At safepoint: 19835 ns, Total: 93597 ns
[2020-02-28T04:09:08.171+0000][1][safepoint    ] Safepoint "RevokeBias", Time since last: 2523414645 ns, Reaching safepoint: 77526 ns, At safepoint: 19092 ns, Total: 96618 ns
[2020-02-28T04:09:10.683+0000][1][safepoint    ] Safepoint "RevokeBias", Time since last: 2511961234 ns, Reaching safepoint: 83425 ns, At safepoint: 17170 ns, Total: 100595 ns
[2020-02-28T04:09:13.207+0000][1][safepoint    ] Safepoint "RevokeBias", Time since last: 2524417089 ns, Reaching safepoint: 94511 ns, At safepoint: 35533 ns, Total: 130044 ns
[2020-02-28T04:09:14.208+0000][1][safepoint    ] Safepoint "Cleanup", Time since last: 1000309111 ns, Reaching safepoint: 92706 ns, At safepoint: 7563 ns, Total: 100269 ns
[2020-02-28T04:09:15.748+0000][1][safepoint    ] Safepoint "RevokeBias", Time since last: 1539588511 ns, Reaching safepoint: 186338 ns, At safepoint: 19092 ns, Total: 205430 ns
[2020-02-28T04:09:18.271+0000][1][safepoint    ] Safepoint "RevokeBias", Time since last: 2523038381 ns, Reaching safepoint: 128693 ns, At safepoint: 28146 ns, Total: 156839 ns
[2020-02-28T04:09:20.801+0000][1][safepoint    ] Safepoint "RevokeBias", Time since last: 2530041268 ns, Reaching safepoint: 138752 ns, At safepoint: 65810 ns, Total: 204562 ns
[2020-02-28T04:09:23.319+0000][1][safepoint    ] Safepoint "RevokeBias", Time since last: 2517405100 ns, Reaching safepoint: 75526 ns, At safepoint: 19508 ns, Total: 95034 ns
[2020-02-28T04:09:25.834+0000][1][safepoint    ] Safepoint "RevokeBias", Time since last: 2514855921 ns, Reaching safepoint: 184362 ns, At safepoint: 37326 ns, Total: 221688 ns
[2020-02-28T04:09:28.349+0000][1][safepoint    ] Safepoint "RevokeBias", Time since last: 2515006422 ns, Reaching safepoint: 167449 ns, At safepoint: 22633 ns, Total: 190082 ns
[2020-02-28T04:09:30.869+0000][1][safepoint    ] Safepoint "RevokeBias", Time since last: 2520168848 ns, Reaching safepoint: 55769 ns, At safepoint: 16194 ns, Total: 71963 ns
[2020-02-28T04:09:33.381+0000][1][safepoint    ] Safepoint "RevokeBias", Time since last: 2511975190 ns, Reaching safepoint: 318012 ns, At safepoint: 84890 ns, Total: 402902 ns
[2020-02-28T04:09:35.900+0000][1][safepoint    ] Safepoint "RevokeBias", Time since last: 2518657088 ns, Reaching safepoint: 73951 ns, At safepoint: 18774 ns, Total: 92725 ns
[2020-02-28T04:09:38.415+0000][1][safepoint    ] Safepoint "RevokeBias", Time since last: 2514403884 ns, Reaching safepoint: 85572 ns, At safepoint: 20362 ns, Total: 105934 ns
[2020-02-28T04:09:40.929+0000][1][safepoint    ] Safepoint "RevokeBias", Time since last: 2514535635 ns, Reaching safepoint: 61631 ns, At safepoint: 19260 ns, Total: 80891 ns
[2020-02-28T04:09:43.442+0000][1][safepoint    ] Safepoint "RevokeBias", Time since last: 2512089739 ns, Reaching safepoint: 177545 ns, At safepoint: 51066 ns, Total: 228611 ns
[2020-02-28T04:09:45.954+0000][1][safepoint    ] Safepoint "BulkRevokeBias", Time since last: 2512159678 ns, Reaching safepoint: 94565 ns, At safepoint: 188508 ns, Total: 283073 ns
[2020-02-28T04:09:46.125+0000][1][gc,start     ] GC(84) Pause Young (Allocation Failure)
[2020-02-28T04:09:46.125+0000][1][gc,task      ] GC(84) Using 1 workers of 1 for evacuation
[2020-02-28T04:09:46.151+0000][1][gc,age       ] GC(84) Desired survivor size 4358144 bytes, new threshold 6 (max threshold 6)
[2020-02-28T04:09:46.151+0000][1][gc,age       ] GC(84) Age table with threshold 6 (max threshold 6)
[2020-02-28T04:09:46.151+0000][1][gc,age       ] GC(84) - age   1:      13104 bytes,      13104 total
[2020-02-28T04:09:46.151+0000][1][gc,age       ] GC(84) - age   2:       1184 bytes,      14288 total
[2020-02-28T04:09:46.151+0000][1][gc,age       ] GC(84) - age   3:        352 bytes,      14640 total
[2020-02-28T04:09:46.151+0000][1][gc,age       ] GC(84) - age   4:       1000 bytes,      15640 total
[2020-02-28T04:09:46.151+0000][1][gc,age       ] GC(84) - age   6:        840 bytes,      16480 total
[2020-02-28T04:09:46.151+0000][1][gc,heap      ] GC(84) ParNew: 68177K->26K(76672K)
[2020-02-28T04:09:46.151+0000][1][gc,heap      ] GC(84) CMS: 62652K->62653K(963392K)
[2020-02-28T04:09:46.151+0000][1][gc,metaspace ] GC(84) Metaspace: 80047K->80047K(1122304K)
[2020-02-28T04:09:46.151+0000][1][gc           ] GC(84) Pause Young (Allocation Failure) 127M->61M(1015M) 26.117ms
[2020-02-28T04:09:46.151+0000][1][gc,cpu       ] GC(84) User=0.01s Sys=0.00s Real=0.03s
[2020-02-28T04:09:46.151+0000][1][safepoint    ] Safepoint "GenCollectForAllocation", Time since last: 170916401 ns, Reaching safepoint: 177341 ns, At safepoint: 26177897 ns, Total: 26355238 ns
[2020-02-28T04:09:48.470+0000][1][safepoint    ] Safepoint "RevokeBias", Time since last: 2318252494 ns, Reaching safepoint: 72733 ns, At safepoint: 19463 ns, Total: 92196 ns
[2020-02-28T04:09:50.986+0000][1][safepoint    ] Safepoint "RevokeBias", Time since last: 2516353633 ns, Reaching safepoint: 70736 ns, At safepoint: 18366 ns, Total: 89102 ns
[2020-02-28T04:09:53.501+0000][1][safepoint    ] Safepoint "RevokeBias", Time since last: 2515104712 ns, Reaching safepoint: 94576 ns, At safepoint: 37068 ns, Total: 131644 ns
[2020-02-28T04:09:56.018+0000][1][safepoint    ] Safepoint "RevokeBias", Time since last: 2515938931 ns, Reaching safepoint: 158385 ns, At safepoint: 40818 ns, Total: 199203 ns
[2020-02-28T04:09:58.533+0000][1][safepoint    ] Safepoint "RevokeBias", Time since last: 2515406587 ns, Reaching safepoint: 89234 ns, At safepoint: 18291 ns, Total: 107525 ns
[2020-02-28T04:10:01.044+0000][1][safepoint    ] Safepoint "RevokeBias", Time since last: 2510864621 ns, Reaching safepoint: 115804 ns, At safepoint: 23969 ns, Total: 139773 ns
[2020-02-28T04:10:03.547+0000][1][safepoint    ] Safepoint "RevokeBias", Time since last: 2502998231 ns, Reaching safepoint: 88814 ns, At safepoint: 54066 ns, Total: 142880 ns
[2020-02-28T04:10:06.059+0000][1][safepoint    ] Safepoint "RevokeBias", Time since last: 2511850986 ns, Reaching safepoint: 67194 ns, At safepoint: 17748 ns, Total: 84942 ns
[2020-02-28T04:10:08.578+0000][1][safepoint    ] Safepoint "RevokeBias", Time since last: 2518339019 ns, Reaching safepoint: 53490 ns, At safepoint: 16428 ns, Total: 69918 ns
[2020-02-28T04:10:11.090+0000][1][safepoint    ] Safepoint "RevokeBias", Time since last: 2512050829 ns, Reaching safepoint: 76524 ns, At safepoint: 19089 ns, Total: 95613 ns
[2020-02-28T04:10:13.593+0000][1][safepoint    ] Safepoint "RevokeBias", Time since last: 2503432214 ns, Reaching safepoint: 84875 ns, At safepoint: 20563 ns, Total: 105438 ns
[2020-02-28T04:10:16.100+0000][1][safepoint    ] Safepoint "RevokeBias", Time since last: 2506399744 ns, Reaching safepoint: 70612 ns, At safepoint: 17404 ns, Total: 88016 ns
[2020-02-28T04:10:18.606+0000][1][safepoint    ] Safepoint "RevokeBias", Time since last: 2506361222 ns, Reaching safepoint: 75037 ns, At safepoint: 19143 ns, Total: 94180 ns
[2020-02-28T04:10:21.112+0000][1][safepoint    ] Safepoint "RevokeBias", Time since last: 2505730930 ns, Reaching safepoint: 87096 ns, At safepoint: 20888 ns, Total: 107984 ns
[2020-02-28T04:10:23.628+0000][1][safepoint    ] Safepoint "RevokeBias", Time since last: 2515819728 ns, Reaching safepoint: 71191 ns, At safepoint: 17511 ns, Total: 88702 ns
[2020-02-28T04:10:26.145+0000][1][safepoint    ] Safepoint "RevokeBias", Time since last: 2517436844 ns, Reaching safepoint: 72682 ns, At safepoint: 18464 ns, Total: 91146 ns
[2020-02-28T04:10:28.666+0000][1][safepoint    ] Safepoint "RevokeBias", Time since last: 2520344588 ns, Reaching safepoint: 82180 ns, At safepoint: 19610 ns, Total: 101790 ns
[2020-02-28T04:10:31.177+0000][1][safepoint    ] Safepoint "RevokeBias", Time since last: 2510587680 ns, Reaching safepoint: 80280 ns, At safepoint: 20134 ns, Total: 100414 ns
[2020-02-28T04:10:33.679+0000][1][safepoint    ] Safepoint "RevokeBias", Time since last: 2501959197 ns, Reaching safepoint: 83671 ns, At safepoint: 21827 ns, Total: 105498 ns
[2020-02-28T04:10:36.184+0000][1][safepoint    ] Safepoint "RevokeBias", Time since last: 2504732149 ns, Reaching safepoint: 140325 ns, At safepoint: 24068 ns, Total: 164393 ns
[2020-02-28T04:10:38.689+0000][1][safepoint    ] Safepoint "RevokeBias", Time since last: 2505577745 ns, Reaching safepoint: 75350 ns, At safepoint: 19575 ns, Total: 94925 ns
[2020-02-28T04:10:41.303+0000][1][safepoint    ] Safepoint "RevokeBias", Time since last: 2509763200 ns, Reaching safepoint: 103932494 ns, At safepoint: 27060 ns, Total: 103959554 ns
[2020-02-28T04:10:43.715+0000][1][safepoint    ] Safepoint "RevokeBias", Time since last: 2411694375 ns, Reaching safepoint: 72614 ns, At safepoint: 18225 ns, Total: 90839 ns
[2020-02-28T04:10:44.716+0000][1][safepoint    ] Safepoint "Cleanup", Time since last: 1000766921 ns, Reaching safepoint: 92767 ns, At safepoint: 8522 ns, Total: 101289 ns
[2020-02-28T04:10:46.238+0000][1][safepoint    ] Safepoint "RevokeBias", Time since last: 1521891158 ns, Reaching safepoint: 72499 ns, At safepoint: 19026 ns, Total: 91525 ns
[2020-02-28T04:10:48.757+0000][1][safepoint    ] Safepoint "RevokeBias", Time since last: 2519191712 ns, Reaching safepoint: 68199 ns, At safepoint: 16918 ns, Total: 85117 ns
[2020-02-28T04:10:51.273+0000][1][safepoint    ] Safepoint "RevokeBias", Time since last: 2515823254 ns, Reaching safepoint: 88416 ns, At safepoint: 25285 ns, Total: 113701 ns
[2020-02-28T04:10:53.776+0000][1][safepoint    ] Safepoint "RevokeBias", Time since last: 2502991195 ns, Reaching safepoint: 70046 ns, At safepoint: 17968 ns, Total: 88014 ns
[2020-02-28T04:10:56.282+0000][1][safepoint    ] Safepoint "RevokeBias", Time since last: 2505807126 ns, Reaching safepoint: 84323 ns, At safepoint: 21530 ns, Total: 105853 ns
[2020-02-28T04:10:58.786+0000][1][safepoint    ] Safepoint "BulkRevokeBias", Time since last: 2503900610 ns, Reaching safepoint: 88835 ns, At safepoint: 311878 ns, Total: 400713 ns
[2020-02-28T04:11:01.293+0000][1][safepoint    ] Safepoint "RevokeBias", Time since last: 2506705805 ns, Reaching safepoint: 88087 ns, At safepoint: 23082 ns, Total: 111169 ns
[2020-02-28T04:11:03.809+0000][1][safepoint    ] Safepoint "RevokeBias", Time since last: 2515894190 ns, Reaching safepoint: 94142 ns, At safepoint: 24344 ns, Total: 118486 ns
[2020-02-28T04:11:06.452+0000][1][safepoint    ] Safepoint "RevokeBias", Time since last: 2642585600 ns, Reaching safepoint: 74720 ns, At safepoint: 19431 ns, Total: 94151 ns
[2020-02-28T04:11:08.959+0000][1][safepoint    ] Safepoint "RevokeBias", Time since last: 2506990796 ns, Reaching safepoint: 73587 ns, At safepoint: 74226 ns, Total: 147813 ns
[2020-02-28T04:11:11.465+0000][1][safepoint    ] Safepoint "RevokeBias", Time since last: 2506086947 ns, Reaching safepoint: 82416 ns, At safepoint: 21079 ns, Total: 103495 ns
[2020-02-28T04:11:13.968+0000][1][safepoint    ] Safepoint "RevokeBias", Time since last: 2503197913 ns, Reaching safepoint: 84890 ns, At safepoint: 20548 ns, Total: 105438 ns
[2020-02-28T04:11:16.474+0000][1][safepoint    ] Safepoint "RevokeBias", Time since last: 2505293633 ns, Reaching safepoint: 72641 ns, At safepoint: 18524 ns, Total: 91165 ns
[2020-02-28T04:11:18.976+0000][1][safepoint    ] Safepoint "RevokeBias", Time since last: 2502787800 ns, Reaching safepoint: 72615 ns, At safepoint: 17968 ns, Total: 90583 ns
[2020-02-28T04:11:21.487+0000][1][safepoint    ] Safepoint "RevokeBias", Time since last: 2510396527 ns, Reaching safepoint: 55970 ns, At safepoint: 15922 ns, Total: 71892 ns
[2020-02-28T04:11:24.013+0000][1][safepoint    ] Safepoint "RevokeBias", Time since last: 2525690014 ns, Reaching safepoint: 91331 ns, At safepoint: 18801 ns, Total: 110132 ns
[2020-02-28T04:11:26.533+0000][1][safepoint    ] Safepoint "RevokeBias", Time since last: 2520130428 ns, Reaching safepoint: 51824 ns, At safepoint: 15680 ns, Total: 67504 ns
[2020-02-28T04:11:29.042+0000][1][safepoint    ] Safepoint "RevokeBias", Time since last: 2508839917 ns, Reaching safepoint: 119452 ns, At safepoint: 23111 ns, Total: 142563 ns
[2020-02-28T04:11:31.549+0000][1][safepoint    ] Safepoint "RevokeBias", Time since last: 2506587620 ns, Reaching safepoint: 83408 ns, At safepoint: 21196 ns, Total: 104604 ns
[2020-02-28T04:11:34.053+0000][1][safepoint    ] Safepoint "RevokeBias", Time since last: 2503933525 ns, Reaching safepoint: 82988 ns, At safepoint: 21924 ns, Total: 104912 ns
[2020-02-28T04:11:36.558+0000][1][safepoint    ] Safepoint "RevokeBias", Time since last: 2505720297 ns, Reaching safepoint: 82150 ns, At safepoint: 20817 ns, Total: 102967 ns
[2020-02-28T04:11:39.064+0000][1][safepoint    ] Safepoint "RevokeBias", Time since last: 2505579183 ns, Reaching safepoint: 82141 ns, At safepoint: 20886 ns, Total: 103027 ns
[2020-02-28T04:11:41.575+0000][1][safepoint    ] Safepoint "RevokeBias", Time since last: 2510898302 ns, Reaching safepoint: 53148 ns, At safepoint: 16513 ns, Total: 69661 ns
[2020-02-28T04:11:44.095+0000][1][safepoint    ] Safepoint "RevokeBias", Time since last: 2520029142 ns, Reaching safepoint: 70604 ns, At safepoint: 18434 ns, Total: 89038 ns
[2020-02-28T04:11:46.617+0000][1][safepoint    ] Safepoint "RevokeBias", Time since last: 2521700647 ns, Reaching safepoint: 82854 ns, At safepoint: 18754 ns, Total: 101608 ns
[2020-02-28T04:11:49.128+0000][1][safepoint    ] Safepoint "RevokeBias", Time since last: 2510339879 ns, Reaching safepoint: 114320 ns, At safepoint: 24634 ns, Total: 138954 ns
[2020-02-28T04:11:51.633+0000][1][safepoint    ] Safepoint "RevokeBias", Time since last: 2505642780 ns, Reaching safepoint: 74186 ns, At safepoint: 18400 ns, Total: 92586 ns
[2020-02-28T04:11:54.137+0000][1][safepoint    ] Safepoint "RevokeBias", Time since last: 2503296040 ns, Reaching safepoint: 83899 ns, At safepoint: 21740 ns, Total: 105639 ns
[2020-02-28T04:11:56.643+0000][1][safepoint    ] Safepoint "RevokeBias", Time since last: 2505775088 ns, Reaching safepoint: 84798 ns, At safepoint: 21511 ns, Total: 106309 ns
[2020-02-28T04:11:59.149+0000][1][safepoint    ] Safepoint "RevokeBias", Time since last: 2506441125 ns, Reaching safepoint: 102051 ns, At safepoint: 24467 ns, Total: 126518 ns
[2020-02-28T04:12:01.655+0000][1][safepoint    ] Safepoint "RevokeBias", Time since last: 2505648126 ns, Reaching safepoint: 81663 ns, At safepoint: 21000 ns, Total: 102663 ns
[2020-02-28T04:12:04.167+0000][1][safepoint    ] Safepoint "RevokeBias", Time since last: 2512099582 ns, Reaching safepoint: 68681 ns, At safepoint: 16935 ns, Total: 85616 ns
[2020-02-28T04:12:06.376+0000][1][gc,start     ] GC(85) Pause Young (Allocation Failure)
[2020-02-28T04:12:06.376+0000][1][gc,task      ] GC(85) Using 1 workers of 1 for evacuation
[2020-02-28T04:12:06.387+0000][1][gc,age       ] GC(85) Desired survivor size 4358144 bytes, new threshold 6 (max threshold 6)
[2020-02-28T04:12:06.387+0000][1][gc,age       ] GC(85) Age table with threshold 6 (max threshold 6)
[2020-02-28T04:12:06.387+0000][1][gc,age       ] GC(85) - age   1:      12352 bytes,      12352 total
[2020-02-28T04:12:06.387+0000][1][gc,age       ] GC(85) - age   2:       1048 bytes,      13400 total
[2020-02-28T04:12:06.387+0000][1][gc,age       ] GC(85) - age   3:       1184 bytes,      14584 total
[2020-02-28T04:12:06.387+0000][1][gc,age       ] GC(85) - age   4:        352 bytes,      14936 total
[2020-02-28T04:12:06.387+0000][1][gc,age       ] GC(85) - age   5:        768 bytes,      15704 total
[2020-02-28T04:12:06.387+0000][1][gc,heap      ] GC(85) ParNew: 68186K->18K(76672K)
[2020-02-28T04:12:06.387+0000][1][gc,heap      ] GC(85) CMS: 62653K->62653K(963392K)
[2020-02-28T04:12:06.387+0000][1][gc,metaspace ] GC(85) Metaspace: 80053K->80053K(1122304K)
[2020-02-28T04:12:06.387+0000][1][gc           ] GC(85) Pause Young (Allocation Failure) 127M->61M(1015M) 10.901ms
[2020-02-28T04:12:06.387+0000][1][gc,cpu       ] GC(85) User=0.01s Sys=0.00s Real=0.02s
[2020-02-28T04:12:06.387+0000][1][safepoint    ] Safepoint "GenCollectForAllocation", Time since last: 2208875764 ns, Reaching safepoint: 85666 ns, At safepoint: 10954858 ns, Total: 11040524 ns
[2020-02-28T04:12:06.696+0000][1][safepoint    ] Safepoint "RevokeBias", Time since last: 308912470 ns, Reaching safepoint: 70791 ns, At safepoint: 18105 ns, Total: 88896 ns
[2020-02-28T04:12:09.207+0000][1][safepoint    ] Safepoint "RevokeBias", Time since last: 2510406156 ns, Reaching safepoint: 101318 ns, At safepoint: 32160 ns, Total: 133478 ns
[2020-02-28T04:12:11.712+0000][1][safepoint    ] Safepoint "BulkRevokeBias", Time since last: 2504961992 ns, Reaching safepoint: 75277 ns, At safepoint: 207070 ns, Total: 282347 ns
[2020-02-28T04:12:14.214+0000][1][safepoint    ] Safepoint "RevokeBias", Time since last: 2502458019 ns, Reaching safepoint: 83329 ns, At safepoint: 21283 ns, Total: 104612 ns
[2020-02-28T04:12:16.721+0000][1][safepoint    ] Safepoint "RevokeBias", Time since last: 2506637655 ns, Reaching safepoint: 86138 ns, At safepoint: 22164 ns, Total: 108302 ns
[2020-02-28T04:12:19.228+0000][1][safepoint    ] Safepoint "RevokeBias", Time since last: 2506596624 ns, Reaching safepoint: 74131 ns, At safepoint: 19082 ns, Total: 93213 ns
[2020-02-28T04:12:21.734+0000][1][safepoint    ] Safepoint "RevokeBias", Time since last: 2506145400 ns, Reaching safepoint: 82744 ns, At safepoint: 20924 ns, Total: 103668 ns
[2020-02-28T04:12:24.245+0000][1][safepoint    ] Safepoint "RevokeBias", Time since last: 2511099990 ns, Reaching safepoint: 53024 ns, At safepoint: 16416 ns, Total: 69440 ns
[2020-02-28T04:12:26.765+0000][1][safepoint    ] Safepoint "RevokeBias", Time since last: 2519803340 ns, Reaching safepoint: 124247 ns, At safepoint: 19442 ns, Total: 143689 ns
[2020-02-28T04:12:29.289+0000][1][safepoint    ] Safepoint "RevokeBias", Time since last: 2523995968 ns, Reaching safepoint: 69311 ns, At safepoint: 18933 ns, Total: 88244 ns
[2020-02-28T04:12:31.803+0000][1][safepoint    ] Safepoint "RevokeBias", Time since last: 2513760835 ns, Reaching safepoint: 121810 ns, At safepoint: 25863 ns, Total: 147673 ns
[2020-02-28T04:12:34.411+0000][1][safepoint    ] Safepoint "RevokeBias", Time since last: 2608029208 ns, Reaching safepoint: 86461 ns, At safepoint: 22254 ns, Total: 108715 ns
[2020-02-28T04:12:36.915+0000][1][safepoint    ] Safepoint "RevokeBias", Time since last: 2503786020 ns, Reaching safepoint: 74479 ns, At safepoint: 18698 ns, Total: 93177 ns
[2020-02-28T04:12:39.421+0000][1][safepoint    ] Safepoint "RevokeBias", Time since last: 2505417551 ns, Reaching safepoint: 79801 ns, At safepoint: 20093 ns, Total: 99894 ns
[2020-02-28T04:12:41.925+0000][1][safepoint    ] Safepoint "RevokeBias", Time since last: 2504407607 ns, Reaching safepoint: 84764 ns, At safepoint: 21479 ns, Total: 106243 ns
[2020-02-28T04:12:44.428+0000][1][safepoint    ] Safepoint "RevokeBias", Time since last: 2503058931 ns, Reaching safepoint: 71854 ns, At safepoint: 18382 ns, Total: 90236 ns
[2020-02-28T04:12:46.943+0000][1][safepoint    ] Safepoint "RevokeBias", Time since last: 2515082029 ns, Reaching safepoint: 71082 ns, At safepoint: 18416 ns, Total: 89498 ns
[2020-02-28T04:12:49.462+0000][1][safepoint    ] Safepoint "RevokeBias", Time since last: 2518148220 ns, Reaching safepoint: 69445 ns, At safepoint: 17606 ns, Total: 87051 ns
[2020-02-28T04:12:51.985+0000][1][safepoint    ] Safepoint "RevokeBias", Time since last: 2523118071 ns, Reaching safepoint: 52205 ns, At safepoint: 16088 ns, Total: 68293 ns
[2020-02-28T04:12:54.495+0000][1][safepoint    ] Safepoint "RevokeBias", Time since last: 2509864247 ns, Reaching safepoint: 102528 ns, At safepoint: 24615 ns, Total: 127143 ns
[2020-02-28T04:12:56.999+0000][1][safepoint    ] Safepoint "RevokeBias", Time since last: 2504229768 ns, Reaching safepoint: 81380 ns, At safepoint: 21441 ns, Total: 102821 ns
[2020-02-28T04:12:59.506+0000][1][safepoint    ] Safepoint "RevokeBias", Time since last: 2506310623 ns, Reaching safepoint: 85691 ns, At safepoint: 20957 ns, Total: 106648 ns
[2020-02-28T04:13:02.009+0000][1][safepoint    ] Safepoint "RevokeBias", Time since last: 2503716694 ns, Reaching safepoint: 84876 ns, At safepoint: 21044 ns, Total: 105920 ns
[2020-02-28T04:13:04.514+0000][1][safepoint    ] Safepoint "RevokeBias", Time since last: 2504490380 ns, Reaching safepoint: 53068 ns, At safepoint: 15970 ns, Total: 69038 ns
[2020-02-28T04:13:07.026+0000][1][safepoint    ] Safepoint "RevokeBias", Time since last: 2511633818 ns, Reaching safepoint: 68486 ns, At safepoint: 17137 ns, Total: 85623 ns
[2020-02-28T04:13:09.546+0000][1][safepoint    ] Safepoint "RevokeBias", Time since last: 2520050966 ns, Reaching safepoint: 52639 ns, At safepoint: 16354 ns, Total: 68993 ns
[2020-02-28T04:13:12.054+0000][1][safepoint    ] Safepoint "RevokeBias", Time since last: 2507536662 ns, Reaching safepoint: 73803 ns, At safepoint: 19344 ns, Total: 93147 ns
[2020-02-28T04:13:14.556+0000][1][safepoint    ] Safepoint "RevokeBias", Time since last: 2502619000 ns, Reaching safepoint: 130756 ns, At safepoint: 29911 ns, Total: 160667 ns
[2020-02-28T04:13:17.061+0000][1][safepoint    ] Safepoint "RevokeBias", Time since last: 2504267965 ns, Reaching safepoint: 75490 ns, At safepoint: 19543 ns, Total: 95033 ns
[2020-02-28T04:13:19.566+0000][1][safepoint    ] Safepoint "RevokeBias", Time since last: 2505715424 ns, Reaching safepoint: 93050 ns, At safepoint: 35746 ns, Total: 128796 ns
[2020-02-28T04:13:22.071+0000][1][safepoint    ] Safepoint "RevokeBias", Time since last: 2503906270 ns, Reaching safepoint: 84990 ns, At safepoint: 20812 ns, Total: 105802 ns
[2020-02-28T04:13:24.573+0000][1][safepoint    ] Safepoint "BulkRevokeBias", Time since last: 2502354823 ns, Reaching safepoint: 83805 ns, At safepoint: 220900 ns, Total: 304705 ns
[2020-02-28T04:13:27.087+0000][1][safepoint    ] Safepoint "RevokeBias", Time since last: 2514114739 ns, Reaching safepoint: 52370 ns, At safepoint: 43308 ns, Total: 95678 ns
[2020-02-28T04:13:29.613+0000][1][safepoint    ] Safepoint "RevokeBias", Time since last: 2525224677 ns, Reaching safepoint: 72455 ns, At safepoint: 18161 ns, Total: 90616 ns
[2020-02-28T04:13:32.129+0000][1][safepoint    ] Safepoint "RevokeBias", Time since last: 2515894652 ns, Reaching safepoint: 68494 ns, At safepoint: 16687 ns, Total: 85181 ns
[2020-02-28T04:13:34.637+0000][1][safepoint    ] Safepoint "RevokeBias", Time since last: 2508147053 ns, Reaching safepoint: 72269 ns, At safepoint: 18001 ns, Total: 90270 ns
[2020-02-28T04:13:37.141+0000][1][safepoint    ] Safepoint "RevokeBias", Time since last: 2504057008 ns, Reaching safepoint: 86886 ns, At safepoint: 21179 ns, Total: 108065 ns
[2020-02-28T04:13:39.647+0000][1][safepoint    ] Safepoint "RevokeBias", Time since last: 2505695960 ns, Reaching safepoint: 74212 ns, At safepoint: 19468 ns, Total: 93680 ns
[2020-02-28T04:13:42.151+0000][1][safepoint    ] Safepoint "RevokeBias", Time since last: 2503565057 ns, Reaching safepoint: 82652 ns, At safepoint: 21586 ns, Total: 104238 ns
[2020-02-28T04:13:44.654+0000][1][safepoint    ] Safepoint "RevokeBias", Time since last: 2503800318 ns, Reaching safepoint: 102012 ns, At safepoint: 23636 ns, Total: 125648 ns
[2020-02-28T04:13:47.159+0000][1][safepoint    ] Safepoint "RevokeBias", Time since last: 2504489853 ns, Reaching safepoint: 106965 ns, At safepoint: 18810 ns, Total: 125775 ns
[2020-02-28T04:13:49.669+0000][1][safepoint    ] Safepoint "RevokeBias", Time since last: 2510009822 ns, Reaching safepoint: 69959 ns, At safepoint: 17223 ns, Total: 87182 ns
[2020-02-28T04:13:52.191+0000][1][safepoint    ] Safepoint "RevokeBias", Time since last: 2521846422 ns, Reaching safepoint: 86546 ns, At safepoint: 61019 ns, Total: 147565 ns
[2020-02-28T04:13:54.706+0000][1][safepoint    ] Safepoint "RevokeBias", Time since last: 2514734925 ns, Reaching safepoint: 122918 ns, At safepoint: 22467 ns, Total: 145385 ns
[2020-02-28T04:13:57.211+0000][1][safepoint    ] Safepoint "RevokeBias", Time since last: 2504722199 ns, Reaching safepoint: 82793 ns, At safepoint: 21729 ns, Total: 104522 ns
[2020-02-28T04:13:59.717+0000][1][safepoint    ] Safepoint "RevokeBias", Time since last: 2506144846 ns, Reaching safepoint: 71491 ns, At safepoint: 17759 ns, Total: 89250 ns
[2020-02-28T04:14:02.221+0000][1][safepoint    ] Safepoint "RevokeBias", Time since last: 2503779243 ns, Reaching safepoint: 84916 ns, At safepoint: 21161 ns, Total: 106077 ns
[2020-02-28T04:14:04.724+0000][1][safepoint    ] Safepoint "RevokeBias", Time since last: 2503146793 ns, Reaching safepoint: 84972 ns, At safepoint: 20940 ns, Total: 105912 ns
[2020-02-28T04:14:07.227+0000][1][safepoint    ] Safepoint "RevokeBias", Time since last: 2503155125 ns, Reaching safepoint: 74044 ns, At safepoint: 18416 ns, Total: 92460 ns
[2020-02-28T04:14:09.733+0000][1][safepoint    ] Safepoint "RevokeBias", Time since last: 2504970023 ns, Reaching safepoint: 91818 ns, At safepoint: 21230 ns, Total: 113048 ns
[2020-02-28T04:14:12.245+0000][1][safepoint    ] Safepoint "RevokeBias", Time since last: 2512150960 ns, Reaching safepoint: 71869 ns, At safepoint: 19436 ns, Total: 91305 ns
[2020-02-28T04:14:14.770+0000][1][safepoint    ] Safepoint "RevokeBias", Time since last: 2525475482 ns, Reaching safepoint: 73431 ns, At safepoint: 17507 ns, Total: 90938 ns
[2020-02-28T04:14:17.281+0000][1][safepoint    ] Safepoint "RevokeBias", Time since last: 2510311532 ns, Reaching safepoint: 85189 ns, At safepoint: 53942 ns, Total: 139131 ns
[2020-02-28T04:14:19.785+0000][1][safepoint    ] Safepoint "RevokeBias", Time since last: 2503600572 ns, Reaching safepoint: 120370 ns, At safepoint: 24021 ns, Total: 144391 ns
[2020-02-28T04:14:22.287+0000][1][safepoint    ] Safepoint "RevokeBias", Time since last: 2502823404 ns, Reaching safepoint: 56523 ns, At safepoint: 17600 ns, Total: 74123 ns
[2020-02-28T04:14:24.791+0000][1][safepoint    ] Safepoint "RevokeBias", Time since last: 2503730596 ns, Reaching safepoint: 74639 ns, At safepoint: 19223 ns, Total: 93862 ns
[2020-02-28T04:14:26.479+0000][1][gc,start     ] GC(86) Pause Young (Allocation Failure)
[2020-02-28T04:14:26.479+0000][1][gc,task      ] GC(86) Using 1 workers of 1 for evacuation
[2020-02-28T04:14:26.855+0000][1][gc,age       ] GC(86) Desired survivor size 4358144 bytes, new threshold 6 (max threshold 6)
[2020-02-28T04:14:26.855+0000][1][gc,age       ] GC(86) Age table with threshold 6 (max threshold 6)
[2020-02-28T04:14:26.855+0000][1][gc,age       ] GC(86) - age   1:      11720 bytes,      11720 total
[2020-02-28T04:14:26.855+0000][1][gc,age       ] GC(86) - age   2:        448 bytes,      12168 total
[2020-02-28T04:14:26.855+0000][1][gc,age       ] GC(86) - age   3:       1048 bytes,      13216 total
[2020-02-28T04:14:26.855+0000][1][gc,age       ] GC(86) - age   4:       1184 bytes,      14400 total
[2020-02-28T04:14:26.855+0000][1][gc,age       ] GC(86) - age   5:        352 bytes,      14752 total
[2020-02-28T04:14:26.855+0000][1][gc,age       ] GC(86) - age   6:        768 bytes,      15520 total
[2020-02-28T04:14:26.855+0000][1][gc,heap      ] GC(86) ParNew: 68178K->27K(76672K)
[2020-02-28T04:14:26.855+0000][1][gc,heap      ] GC(86) CMS: 62653K->62653K(963392K)
[2020-02-28T04:14:26.855+0000][1][gc,metaspace ] GC(86) Metaspace: 80059K->80059K(1122304K)
[2020-02-28T04:14:26.855+0000][1][gc           ] GC(86) Pause Young (Allocation Failure) 127M->61M(1015M) 376.825ms
[2020-02-28T04:14:26.856+0000][1][gc,cpu       ] GC(86) User=0.01s Sys=0.00s Real=0.37s
[2020-02-28T04:14:26.856+0000][1][safepoint    ] Safepoint "GenCollectForAllocation", Time since last: 1687288163 ns, Reaching safepoint: 69102 ns, At safepoint: 376882520 ns, Total: 376951622 ns
[2020-02-28T04:14:27.295+0000][1][safepoint    ] Safepoint "RevokeBias", Time since last: 439184823 ns, Reaching safepoint: 80051 ns, At safepoint: 19342 ns, Total: 99393 ns
[2020-02-28T04:14:29.801+0000][1][safepoint    ] Safepoint "RevokeBias", Time since last: 2506045188 ns, Reaching safepoint: 69442 ns, At safepoint: 17800 ns, Total: 87242 ns
[2020-02-28T04:14:32.305+0000][1][safepoint    ] Safepoint "RevokeBias", Time since last: 2504319605 ns, Reaching safepoint: 75676 ns, At safepoint: 19578 ns, Total: 95254 ns
[2020-02-28T04:14:34.818+0000][1][safepoint    ] Safepoint "RevokeBias", Time since last: 2512818512 ns, Reaching safepoint: 74115 ns, At safepoint: 18999 ns, Total: 93114 ns
[2020-02-28T04:14:37.340+0000][1][safepoint    ] Safepoint "BulkRevokeBias", Time since last: 2521545398 ns, Reaching safepoint: 55823 ns, At safepoint: 155332 ns, Total: 211155 ns
[2020-02-28T04:14:39.859+0000][1][safepoint    ] Safepoint "RevokeBias", Time since last: 2518681794 ns, Reaching safepoint: 86121 ns, At safepoint: 20804 ns, Total: 106925 ns
[2020-02-28T04:14:42.372+0000][1][safepoint    ] Safepoint "RevokeBias", Time since last: 2513206241 ns, Reaching safepoint: 71569 ns, At safepoint: 18606 ns, Total: 90175 ns
[2020-02-28T04:14:44.875+0000][1][safepoint    ] Safepoint "RevokeBias", Time since last: 2502668996 ns, Reaching safepoint: 72025 ns, At safepoint: 18330 ns, Total: 90355 ns
[2020-02-28T04:14:47.378+0000][1][safepoint    ] Safepoint "RevokeBias", Time since last: 2502868985 ns, Reaching safepoint: 72743 ns, At safepoint: 18465 ns, Total: 91208 ns
[2020-02-28T04:14:49.882+0000][1][safepoint    ] Safepoint "RevokeBias", Time since last: 2503742830 ns, Reaching safepoint: 83159 ns, At safepoint: 20845 ns, Total: 104004 ns
[2020-02-28T04:14:52.385+0000][1][safepoint    ] Safepoint "RevokeBias", Time since last: 2503472148 ns, Reaching safepoint: 70872 ns, At safepoint: 17692 ns, Total: 88564 ns
[2020-02-28T04:14:54.888+0000][1][safepoint    ] Safepoint "RevokeBias", Time since last: 2502927370 ns, Reaching safepoint: 83686 ns, At safepoint: 22255 ns, Total: 105941 ns
[2020-02-28T04:14:55.889+0000][1][safepoint    ] Safepoint "Cleanup", Time since last: 1000516392 ns, Reaching safepoint: 92663 ns, At safepoint: 7975 ns, Total: 100638 ns
[2020-02-28T04:14:57.396+0000][1][safepoint    ] Safepoint "RevokeBias", Time since last: 1507466203 ns, Reaching safepoint: 55571 ns, At safepoint: 17093 ns, Total: 72664 ns
[2020-02-28T04:14:59.921+0000][1][safepoint    ] Safepoint "RevokeBias", Time since last: 2524517769 ns, Reaching safepoint: 71048 ns, At safepoint: 17268 ns, Total: 88316 ns
[2020-02-28T04:15:02.450+0000][1][safepoint    ] Safepoint "RevokeBias", Time since last: 2529133663 ns, Reaching safepoint: 81582 ns, At safepoint: 21611 ns, Total: 103193 ns
[2020-02-28T04:15:04.960+0000][1][safepoint    ] Safepoint "RevokeBias", Time since last: 2509342958 ns, Reaching safepoint: 72935 ns, At safepoint: 19927 ns, Total: 92862 ns
[2020-02-28T04:15:07.464+0000][1][safepoint    ] Safepoint "RevokeBias", Time since last: 2504562500 ns, Reaching safepoint: 84732 ns, At safepoint: 20706 ns, Total: 105438 ns
[2020-02-28T04:15:09.970+0000][1][safepoint    ] Safepoint "RevokeBias", Time since last: 2505704669 ns, Reaching safepoint: 141406 ns, At safepoint: 38614 ns, Total: 180020 ns
[2020-02-28T04:15:12.474+0000][1][safepoint    ] Safepoint "RevokeBias", Time since last: 2503794385 ns, Reaching safepoint: 71634 ns, At safepoint: 17504 ns, Total: 89138 ns
[2020-02-28T04:15:14.977+0000][1][safepoint    ] Safepoint "RevokeBias", Time since last: 2503079389 ns, Reaching safepoint: 72611 ns, At safepoint: 17743 ns, Total: 90354 ns
[2020-02-28T04:15:17.482+0000][1][safepoint    ] Safepoint "RevokeBias", Time since last: 2504355716 ns, Reaching safepoint: 77814 ns, At safepoint: 19806 ns, Total: 97620 ns
[2020-02-28T04:15:19.994+0000][1][safepoint    ] Safepoint "RevokeBias", Time since last: 2512042242 ns, Reaching safepoint: 86746 ns, At safepoint: 20541 ns, Total: 107287 ns
[2020-02-28T04:15:22.508+0000][1][safepoint    ] Safepoint "RevokeBias", Time since last: 2514372256 ns, Reaching safepoint: 70856 ns, At safepoint: 17572 ns, Total: 88428 ns
[2020-02-28T04:15:25.025+0000][1][safepoint    ] Safepoint "RevokeBias", Time since last: 2516660948 ns, Reaching safepoint: 73467 ns, At safepoint: 18703 ns, Total: 92170 ns
[2020-02-28T04:15:27.534+0000][1][safepoint    ] Safepoint "RevokeBias", Time since last: 2508312170 ns, Reaching safepoint: 57599 ns, At safepoint: 18166 ns, Total: 75765 ns
[2020-02-28T04:15:30.038+0000][1][safepoint    ] Safepoint "RevokeBias", Time since last: 2504724865 ns, Reaching safepoint: 81217 ns, At safepoint: 20953 ns, Total: 102170 ns
[2020-02-28T04:15:32.543+0000][1][safepoint    ] Safepoint "RevokeBias", Time since last: 2504580026 ns, Reaching safepoint: 84513 ns, At safepoint: 21369 ns, Total: 105882 ns
[2020-02-28T04:15:35.046+0000][1][safepoint    ] Safepoint "RevokeBias", Time since last: 2502916992 ns, Reaching safepoint: 73210 ns, At safepoint: 17898 ns, Total: 91108 ns
[2020-02-28T04:15:37.550+0000][1][safepoint    ] Safepoint "RevokeBias", Time since last: 2504261214 ns, Reaching safepoint: 84125 ns, At safepoint: 21278 ns, Total: 105403 ns
[2020-02-28T04:15:40.057+0000][1][safepoint    ] Safepoint "RevokeBias", Time since last: 2506011184 ns, Reaching safepoint: 83185 ns, At safepoint: 21135 ns, Total: 104320 ns
[2020-02-28T04:15:42.560+0000][1][safepoint    ] Safepoint "RevokeBias", Time since last: 2503353065 ns, Reaching safepoint: 87941 ns, At safepoint: 18511 ns, Total: 106452 ns
[2020-02-28T04:15:45.067+0000][1][safepoint    ] Safepoint "RevokeBias", Time since last: 2506955054 ns, Reaching safepoint: 51824 ns, At safepoint: 15491 ns, Total: 67315 ns
[2020-02-28T04:15:47.579+0000][1][safepoint    ] Safepoint "RevokeBias", Time since last: 2512222198 ns, Reaching safepoint: 70606 ns, At safepoint: 18548 ns, Total: 89154 ns
[2020-02-28T04:15:50.102+0000][1][safepoint    ] Safepoint "BulkRevokeBias", Time since last: 2522698596 ns, Reaching safepoint: 92659 ns, At safepoint: 189072 ns, Total: 281731 ns
[2020-02-28T04:15:52.604+0000][1][safepoint    ] Safepoint "RevokeBias", Time since last: 2502019672 ns, Reaching safepoint: 76467 ns, At safepoint: 19391 ns, Total: 95858 ns
[2020-02-28T04:15:55.108+0000][1][safepoint    ] Safepoint "RevokeBias", Time since last: 2503643730 ns, Reaching safepoint: 82371 ns, At safepoint: 20856 ns, Total: 103227 ns
[2020-02-28T04:15:56.117+0000][1][safepoint    ] Safepoint "Cleanup", Time since last: 1008232105 ns, Reaching safepoint: 142721 ns, At safepoint: 6143 ns, Total: 148864 ns
[2020-02-28T04:15:57.613+0000][1][safepoint    ] Safepoint "RevokeBias", Time since last: 1496446895 ns, Reaching safepoint: 151777 ns, At safepoint: 56341 ns, Total: 208118 ns
[2020-02-28T04:16:00.120+0000][1][safepoint    ] Safepoint "RevokeBias", Time since last: 2506699174 ns, Reaching safepoint: 86498 ns, At safepoint: 21018 ns, Total: 107516 ns
[2020-02-28T04:16:02.624+0000][1][safepoint    ] Safepoint "RevokeBias", Time since last: 2503474623 ns, Reaching safepoint: 70489 ns, At safepoint: 17679 ns, Total: 88168 ns
[2020-02-28T04:16:05.126+0000][1][safepoint    ] Safepoint "RevokeBias", Time since last: 2502498549 ns, Reaching safepoint: 73243 ns, At safepoint: 19186 ns, Total: 92429 ns
[2020-02-28T04:16:07.636+0000][1][safepoint    ] Safepoint "RevokeBias", Time since last: 2509657156 ns, Reaching safepoint: 52194 ns, At safepoint: 16638 ns, Total: 68832 ns
[2020-02-28T04:16:10.158+0000][1][safepoint    ] Safepoint "RevokeBias", Time since last: 2522231984 ns, Reaching safepoint: 232659 ns, At safepoint: 61277 ns, Total: 293936 ns
[2020-02-28T04:16:12.672+0000][1][safepoint    ] Safepoint "RevokeBias", Time since last: 2513523592 ns, Reaching safepoint: 71634 ns, At safepoint: 18348 ns, Total: 89982 ns
[2020-02-28T04:16:15.180+0000][1][safepoint    ] Safepoint "RevokeBias", Time since last: 2507570798 ns, Reaching safepoint: 100157 ns, At safepoint: 21179 ns, Total: 121336 ns
[2020-02-28T04:16:17.685+0000][1][safepoint    ] Safepoint "RevokeBias", Time since last: 2505436436 ns, Reaching safepoint: 84809 ns, At safepoint: 21970 ns, Total: 106779 ns
[2020-02-28T04:16:20.192+0000][1][safepoint    ] Safepoint "RevokeBias", Time since last: 2506517505 ns, Reaching safepoint: 85760 ns, At safepoint: 21036 ns, Total: 106796 ns
[2020-02-28T04:16:22.695+0000][1][safepoint    ] Safepoint "RevokeBias", Time since last: 2503017649 ns, Reaching safepoint: 84332 ns, At safepoint: 21642 ns, Total: 105974 ns
[2020-02-28T04:16:25.200+0000][1][safepoint    ] Safepoint "RevokeBias", Time since last: 2504377629 ns, Reaching safepoint: 114170 ns, At safepoint: 21995 ns, Total: 136165 ns
[2020-02-28T04:16:27.703+0000][1][safepoint    ] Safepoint "RevokeBias", Time since last: 2503666528 ns, Reaching safepoint: 81988 ns, At safepoint: 20716 ns, Total: 102704 ns
[2020-02-28T04:16:30.210+0000][1][safepoint    ] Safepoint "RevokeBias", Time since last: 2506317902 ns, Reaching safepoint: 81138 ns, At safepoint: 18473 ns, Total: 99611 ns
[2020-02-28T04:16:32.725+0000][1][safepoint    ] Safepoint "RevokeBias", Time since last: 2515170459 ns, Reaching safepoint: 54182 ns, At safepoint: 17391 ns, Total: 71573 ns
[2020-02-28T04:16:35.241+0000][1][safepoint    ] Safepoint "RevokeBias", Time since last: 2515701712 ns, Reaching safepoint: 145110 ns, At safepoint: 18264 ns, Total: 163374 ns
[2020-02-28T04:16:37.754+0000][1][safepoint    ] Safepoint "RevokeBias", Time since last: 2513368136 ns, Reaching safepoint: 76567 ns, At safepoint: 19600 ns, Total: 96167 ns
[2020-02-28T04:16:40.262+0000][1][safepoint    ] Safepoint "RevokeBias", Time since last: 2507204729 ns, Reaching safepoint: 76231 ns, At safepoint: 18429 ns, Total: 94660 ns
[2020-02-28T04:16:42.767+0000][1][safepoint    ] Safepoint "RevokeBias", Time since last: 2504827604 ns, Reaching safepoint: 84197 ns, At safepoint: 21955 ns, Total: 106152 ns
[2020-02-28T04:16:45.270+0000][1][safepoint    ] Safepoint "RevokeBias", Time since last: 2503617438 ns, Reaching safepoint: 101872 ns, At safepoint: 24609 ns, Total: 126481 ns
[2020-02-28T04:16:46.952+0000][1][gc,start     ] GC(87) Pause Young (Allocation Failure)
[2020-02-28T04:16:46.952+0000][1][gc,task      ] GC(87) Using 1 workers of 1 for evacuation
[2020-02-28T04:16:46.970+0000][1][gc,age       ] GC(87) Desired survivor size 4358144 bytes, new threshold 6 (max threshold 6)
[2020-02-28T04:16:46.970+0000][1][gc,age       ] GC(87) Age table with threshold 6 (max threshold 6)
[2020-02-28T04:16:46.970+0000][1][gc,age       ] GC(87) - age   1:      10912 bytes,      10912 total
[2020-02-28T04:16:46.970+0000][1][gc,age       ] GC(87) - age   3:        448 bytes,      11360 total
[2020-02-28T04:16:46.970+0000][1][gc,age       ] GC(87) - age   4:       1048 bytes,      12408 total
[2020-02-28T04:16:46.970+0000][1][gc,age       ] GC(87) - age   5:       1184 bytes,      13592 total
[2020-02-28T04:16:46.970+0000][1][gc,age       ] GC(87) - age   6:        352 bytes,      13944 total
[2020-02-28T04:16:46.970+0000][1][gc,heap      ] GC(87) ParNew: 68187K->18K(76672K)
[2020-02-28T04:16:46.970+0000][1][gc,heap      ] GC(87) CMS: 62653K->62654K(963392K)
[2020-02-28T04:16:46.970+0000][1][gc,metaspace ] GC(87) Metaspace: 80063K->80063K(1122304K)
[2020-02-28T04:16:46.970+0000][1][gc           ] GC(87) Pause Young (Allocation Failure) 127M->61M(1015M) 18.263ms
[2020-02-28T04:16:46.970+0000][1][gc,cpu       ] GC(87) User=0.01s Sys=0.00s Real=0.02s
[2020-02-28T04:16:46.970+0000][1][safepoint    ] Safepoint "GenCollectForAllocation", Time since last: 1681818506 ns, Reaching safepoint: 71336 ns, At safepoint: 18316163 ns, Total: 18387499 ns
[2020-02-28T04:16:47.774+0000][1][safepoint    ] Safepoint "RevokeBias", Time since last: 803160255 ns, Reaching safepoint: 76410 ns, At safepoint: 20391 ns, Total: 96801 ns
[2020-02-28T04:16:50.279+0000][1][safepoint    ] Safepoint "RevokeBias", Time since last: 2505439265 ns, Reaching safepoint: 87882 ns, At safepoint: 21335 ns, Total: 109217 ns
[2020-02-28T04:16:52.784+0000][1][safepoint    ] Safepoint "RevokeBias", Time since last: 2504284690 ns, Reaching safepoint: 81605 ns, At safepoint: 21751 ns, Total: 103356 ns
[2020-02-28T04:16:55.290+0000][1][safepoint    ] Safepoint "RevokeBias", Time since last: 2506725531 ns, Reaching safepoint: 72641 ns, At safepoint: 18189 ns, Total: 90830 ns
[2020-02-28T04:16:57.817+0000][1][safepoint    ] Safepoint "RevokeBias", Time since last: 2525981217 ns, Reaching safepoint: 53621 ns, At safepoint: 16375 ns, Total: 69996 ns
[2020-02-28T04:17:00.343+0000][1][safepoint    ] Safepoint "RevokeBias", Time since last: 2526620599 ns, Reaching safepoint: 70944 ns, At safepoint: 18416 ns, Total: 89360 ns
[2020-02-28T04:17:02.858+0000][1][safepoint    ] Safepoint "BulkRevokeBias", Time since last: 2513883573 ns, Reaching safepoint: 76045 ns, At safepoint: 307180 ns, Total: 383225 ns
[2020-02-28T04:17:05.372+0000][1][safepoint    ] Safepoint "RevokeBias", Time since last: 2514892631 ns, Reaching safepoint: 71741 ns, At safepoint: 18526 ns, Total: 90267 ns
[2020-02-28T04:17:07.876+0000][1][safepoint    ] Safepoint "RevokeBias", Time since last: 2503343493 ns, Reaching safepoint: 82120 ns, At safepoint: 20417 ns, Total: 102537 ns
[2020-02-28T04:17:10.380+0000][1][safepoint    ] Safepoint "RevokeBias", Time since last: 2503793631 ns, Reaching safepoint: 102320 ns, At safepoint: 24478 ns, Total: 126798 ns
[2020-02-28T04:17:12.887+0000][1][safepoint    ] Safepoint "RevokeBias", Time since last: 2507235477 ns, Reaching safepoint: 82693 ns, At safepoint: 23203 ns, Total: 105896 ns
[2020-02-28T04:17:15.391+0000][1][safepoint    ] Safepoint "RevokeBias", Time since last: 2503970642 ns, Reaching safepoint: 75968 ns, At safepoint: 19367 ns, Total: 95335 ns
[2020-02-28T04:17:16.392+0000][1][safepoint    ] Safepoint "Cleanup", Time since last: 1000377043 ns, Reaching safepoint: 97201 ns, At safepoint: 8592 ns, Total: 105793 ns
[2020-02-28T04:17:17.895+0000][1][safepoint    ] Safepoint "RevokeBias", Time since last: 1503649828 ns, Reaching safepoint: 78873 ns, At safepoint: 19995 ns, Total: 98868 ns
[2020-02-28T04:17:20.412+0000][1][safepoint    ] Safepoint "RevokeBias", Time since last: 2516521109 ns, Reaching safepoint: 231420 ns, At safepoint: 56025 ns, Total: 287445 ns
[2020-02-28T04:17:22.413+0000][1][safepoint    ] Safepoint "Cleanup", Time since last: 2000910137 ns, Reaching safepoint: 81965 ns, At safepoint: 6776 ns, Total: 88741 ns
[2020-02-28T04:17:22.936+0000][1][safepoint    ] Safepoint "RevokeBias", Time since last: 522554347 ns, Reaching safepoint: 72681 ns, At safepoint: 18506 ns, Total: 91187 ns
[2020-02-28T04:17:25.451+0000][1][safepoint    ] Safepoint "RevokeBias", Time since last: 2515073474 ns, Reaching safepoint: 53292 ns, At safepoint: 16470 ns, Total: 69762 ns
[2020-02-28T04:17:27.965+0000][1][safepoint    ] Safepoint "RevokeBias", Time since last: 2513363494 ns, Reaching safepoint: 75131 ns, At safepoint: 19604 ns, Total: 94735 ns
[2020-02-28T04:17:30.470+0000][1][safepoint    ] Safepoint "RevokeBias", Time since last: 2505716869 ns, Reaching safepoint: 82114 ns, At safepoint: 21179 ns, Total: 103293 ns
[2020-02-28T04:17:32.975+0000][1][safepoint    ] Safepoint "RevokeBias", Time since last: 2504499364 ns, Reaching safepoint: 113917 ns, At safepoint: 25625 ns, Total: 139542 ns
[2020-02-28T04:17:35.479+0000][1][safepoint    ] Safepoint "RevokeBias", Time since last: 2503861554 ns, Reaching safepoint: 84764 ns, At safepoint: 21316 ns, Total: 106080 ns
[2020-02-28T04:17:37.984+0000][1][safepoint    ] Safepoint "RevokeBias", Time since last: 2505049203 ns, Reaching safepoint: 83031 ns, At safepoint: 21763 ns, Total: 104794 ns
[2020-02-28T04:17:40.489+0000][1][safepoint    ] Safepoint "RevokeBias", Time since last: 2504332078 ns, Reaching safepoint: 101567 ns, At safepoint: 24867 ns, Total: 126434 ns
[2020-02-28T04:17:42.992+0000][1][safepoint    ] Safepoint "RevokeBias", Time since last: 2502883644 ns, Reaching safepoint: 71818 ns, At safepoint: 17898 ns, Total: 89716 ns
[2020-02-28T04:17:45.500+0000][1][safepoint    ] Safepoint "RevokeBias", Time since last: 2508057069 ns, Reaching safepoint: 70790 ns, At safepoint: 17720 ns, Total: 88510 ns
[2020-02-28T04:17:48.025+0000][1][safepoint    ] Safepoint "RevokeBias", Time since last: 2524829717 ns, Reaching safepoint: 71613 ns, At safepoint: 18373 ns, Total: 89986 ns
[2020-02-28T04:17:50.660+0000][1][safepoint    ] Safepoint "RevokeBias", Time since last: 2523839466 ns, Reaching safepoint: 111344006 ns, At safepoint: 85411 ns, Total: 111429417 ns
[2020-02-28T04:17:53.056+0000][1][safepoint    ] Safepoint "RevokeBias", Time since last: 2396454381 ns, Reaching safepoint: 87867 ns, At safepoint: 21724 ns, Total: 109591 ns
[2020-02-28T04:17:55.560+0000][1][safepoint    ] Safepoint "RevokeBias", Time since last: 2503806323 ns, Reaching safepoint: 82625 ns, At safepoint: 21376 ns, Total: 104001 ns
[2020-02-28T04:17:58.066+0000][1][safepoint    ] Safepoint "RevokeBias", Time since last: 2505986403 ns, Reaching safepoint: 84407 ns, At safepoint: 21164 ns, Total: 105571 ns
[2020-02-28T04:18:00.573+0000][1][safepoint    ] Safepoint "RevokeBias", Time since last: 2506431269 ns, Reaching safepoint: 84113 ns, At safepoint: 21291 ns, Total: 105404 ns
[2020-02-28T04:18:03.077+0000][1][safepoint    ] Safepoint "RevokeBias", Time since last: 2504155814 ns, Reaching safepoint: 72365 ns, At safepoint: 18907 ns, Total: 91272 ns
[2020-02-28T04:18:05.580+0000][1][safepoint    ] Safepoint "RevokeBias", Time since last: 2503121655 ns, Reaching safepoint: 102412 ns, At safepoint: 24865 ns, Total: 127277 ns
[2020-02-28T04:18:08.101+0000][1][safepoint    ] Safepoint "RevokeBias", Time since last: 2519988260 ns, Reaching safepoint: 54493 ns, At safepoint: 16953 ns, Total: 71446 ns
[2020-02-28T04:18:10.623+0000][1][safepoint    ] Safepoint "RevokeBias", Time since last: 2522409003 ns, Reaching safepoint: 70794 ns, At safepoint: 18273 ns, Total: 89067 ns
[2020-02-28T04:18:13.139+0000][1][safepoint    ] Safepoint "RevokeBias", Time since last: 2515641895 ns, Reaching safepoint: 73234 ns, At safepoint: 18603 ns, Total: 91837 ns
[2020-02-28T04:18:15.649+0000][1][safepoint    ] Safepoint "BulkRevokeBias", Time since last: 2509401611 ns, Reaching safepoint: 123111 ns, At safepoint: 244049 ns, Total: 367160 ns
[2020-02-28T04:18:18.510+0000][1][safepoint    ] Safepoint "RevokeBias", Time since last: 2504793819 ns, Reaching safepoint: 356929862 ns, At safepoint: 25838 ns, Total: 356955700 ns
[2020-02-28T04:18:20.660+0000][1][safepoint    ] Safepoint "RevokeBias", Time since last: 2149451163 ns, Reaching safepoint: 83397 ns, At safepoint: 21334 ns, Total: 104731 ns
[2020-02-28T04:18:23.165+0000][1][safepoint    ] Safepoint "RevokeBias", Time since last: 2505230994 ns, Reaching safepoint: 84267 ns, At safepoint: 20482 ns, Total: 104749 ns
[2020-02-28T04:18:25.668+0000][1][safepoint    ] Safepoint "RevokeBias", Time since last: 2502815696 ns, Reaching safepoint: 71284 ns, At safepoint: 18282 ns, Total: 89566 ns
[2020-02-28T04:18:28.172+0000][1][safepoint    ] Safepoint "RevokeBias", Time since last: 2503756829 ns, Reaching safepoint: 84229 ns, At safepoint: 21592 ns, Total: 105821 ns
[2020-02-28T04:18:30.678+0000][1][safepoint    ] Safepoint "RevokeBias", Time since last: 2505596131 ns, Reaching safepoint: 83913 ns, At safepoint: 21009 ns, Total: 104922 ns
[2020-02-28T04:18:33.191+0000][1][safepoint    ] Safepoint "RevokeBias", Time since last: 2513297931 ns, Reaching safepoint: 68304 ns, At safepoint: 17246 ns, Total: 85550 ns
[2020-02-28T04:18:35.702+0000][1][safepoint    ] Safepoint "RevokeBias", Time since last: 2511065382 ns, Reaching safepoint: 68488 ns, At safepoint: 16083 ns, Total: 84571 ns
[2020-02-28T04:18:38.225+0000][1][safepoint    ] Safepoint "RevokeBias", Time since last: 2522452307 ns, Reaching safepoint: 174473 ns, At safepoint: 39869 ns, Total: 214342 ns
[2020-02-28T04:18:40.740+0000][1][safepoint    ] Safepoint "RevokeBias", Time since last: 2514626190 ns, Reaching safepoint: 82651 ns, At safepoint: 21460 ns, Total: 104111 ns
[2020-02-28T04:18:43.245+0000][1][safepoint    ] Safepoint "RevokeBias", Time since last: 2504918761 ns, Reaching safepoint: 84620 ns, At safepoint: 21335 ns, Total: 105955 ns
[2020-02-28T04:18:45.748+0000][1][safepoint    ] Safepoint "RevokeBias", Time since last: 2503221563 ns, Reaching safepoint: 82923 ns, At safepoint: 20223 ns, Total: 103146 ns
[2020-02-28T04:18:48.253+0000][1][safepoint    ] Safepoint "RevokeBias", Time since last: 2504496374 ns, Reaching safepoint: 84057 ns, At safepoint: 21024 ns, Total: 105081 ns
[2020-02-28T04:18:50.759+0000][1][safepoint    ] Safepoint "RevokeBias", Time since last: 2506052649 ns, Reaching safepoint: 95174 ns, At safepoint: 38107 ns, Total: 133281 ns
[2020-02-28T04:18:53.262+0000][1][safepoint    ] Safepoint "RevokeBias", Time since last: 2503604531 ns, Reaching safepoint: 71250 ns, At safepoint: 18575 ns, Total: 89825 ns
[2020-02-28T04:18:55.864+0000][1][safepoint    ] Safepoint "RevokeBias", Time since last: 2601034766 ns, Reaching safepoint: 86281 ns, At safepoint: 21329 ns, Total: 107610 ns
[2020-02-28T04:18:58.417+0000][1][safepoint    ] Safepoint "RevokeBias", Time since last: 2552996492 ns, Reaching safepoint: 97432 ns, At safepoint: 22092 ns, Total: 119524 ns
[2020-02-28T04:19:00.932+0000][1][safepoint    ] Safepoint "RevokeBias", Time since last: 2514823242 ns, Reaching safepoint: 70770 ns, At safepoint: 18907 ns, Total: 89677 ns
[2020-02-28T04:19:03.641+0000][1][safepoint    ] Safepoint "RevokeBias", Time since last: 2709341126 ns, Reaching safepoint: 138584 ns, At safepoint: 20827 ns, Total: 159411 ns
[2020-02-28T04:19:06.156+0000][1][safepoint    ] Safepoint "RevokeBias", Time since last: 2514383597 ns, Reaching safepoint: 69555 ns, At safepoint: 17679 ns, Total: 87234 ns
[2020-02-28T04:19:07.070+0000][1][gc,start     ] GC(88) Pause Young (Allocation Failure)
[2020-02-28T04:19:07.070+0000][1][gc,task      ] GC(88) Using 1 workers of 1 for evacuation
[2020-02-28T04:19:07.080+0000][1][gc,age       ] GC(88) Desired survivor size 4358144 bytes, new threshold 6 (max threshold 6)
[2020-02-28T04:19:07.080+0000][1][gc,age       ] GC(88) Age table with threshold 6 (max threshold 6)
[2020-02-28T04:19:07.080+0000][1][gc,age       ] GC(88) - age   1:      12136 bytes,      12136 total
[2020-02-28T04:19:07.080+0000][1][gc,age       ] GC(88) - age   4:        448 bytes,      12584 total
[2020-02-28T04:19:07.080+0000][1][gc,age       ] GC(88) - age   5:       1048 bytes,      13632 total
[2020-02-28T04:19:07.080+0000][1][gc,age       ] GC(88) - age   6:       1184 bytes,      14816 total
[2020-02-28T04:19:07.081+0000][1][gc,heap      ] GC(88) ParNew: 68178K->24K(76672K)
[2020-02-28T04:19:07.081+0000][1][gc,heap      ] GC(88) CMS: 62654K->62654K(963392K)
[2020-02-28T04:19:07.081+0000][1][gc,metaspace ] GC(88) Metaspace: 80063K->80063K(1122304K)
[2020-02-28T04:19:07.081+0000][1][gc           ] GC(88) Pause Young (Allocation Failure) 127M->61M(1015M) 10.534ms
[2020-02-28T04:19:07.081+0000][1][gc,cpu       ] GC(88) User=0.01s Sys=0.00s Real=0.01s
[2020-02-28T04:19:07.081+0000][1][safepoint    ] Safepoint "GenCollectForAllocation", Time since last: 914401903 ns, Reaching safepoint: 85008 ns, At safepoint: 10648024 ns, Total: 10733032 ns
[2020-02-28T04:19:08.679+0000][1][safepoint    ] Safepoint "RevokeBias", Time since last: 1598473927 ns, Reaching safepoint: 68798 ns, At safepoint: 17919 ns, Total: 86717 ns
[2020-02-28T04:19:11.188+0000][1][safepoint    ] Safepoint "RevokeBias", Time since last: 2508787785 ns, Reaching safepoint: 130742 ns, At safepoint: 24044 ns, Total: 154786 ns
[2020-02-28T04:19:12.189+0000][1][safepoint    ] Safepoint "Cleanup", Time since last: 1001168876 ns, Reaching safepoint: 78722 ns, At safepoint: 6735 ns, Total: 85457 ns
[2020-02-28T04:19:13.702+0000][1][safepoint    ] Safepoint "RevokeBias", Time since last: 1512101276 ns, Reaching safepoint: 86682 ns, At safepoint: 20017 ns, Total: 106699 ns
[2020-02-28T04:19:14.704+0000][1][safepoint    ] Safepoint "Cleanup", Time since last: 1002305349 ns, Reaching safepoint: 74750 ns, At safepoint: 5925 ns, Total: 80675 ns
[2020-02-28T04:19:16.205+0000][1][safepoint    ] Safepoint "RevokeBias", Time since last: 1500934633 ns, Reaching safepoint: 89111 ns, At safepoint: 20709 ns, Total: 109820 ns
[2020-02-28T04:19:18.712+0000][1][safepoint    ] Safepoint "RevokeBias", Time since last: 2506570227 ns, Reaching safepoint: 85941 ns, At safepoint: 21213 ns, Total: 107154 ns
[2020-02-28T04:19:21.218+0000][1][safepoint    ] Safepoint "RevokeBias", Time since last: 2506584434 ns, Reaching safepoint: 84184 ns, At safepoint: 20601 ns, Total: 104785 ns
[2020-02-28T04:19:23.759+0000][1][safepoint    ] Safepoint "RevokeBias", Time since last: 2540537503 ns, Reaching safepoint: 71263 ns, At safepoint: 17603 ns, Total: 88866 ns
[2020-02-28T04:19:26.263+0000][1][safepoint    ] Safepoint "RevokeBias", Time since last: 2503993203 ns, Reaching safepoint: 103828 ns, At safepoint: 24742 ns, Total: 128570 ns
[2020-02-28T04:19:28.821+0000][1][safepoint    ] Safepoint "BulkRevokeBias", Time since last: 2557838155 ns, Reaching safepoint: 54296 ns, At safepoint: 149089 ns, Total: 203385 ns
[2020-02-28T04:19:31.333+0000][1][safepoint    ] Safepoint "RevokeBias", Time since last: 2511191075 ns, Reaching safepoint: 169320 ns, At safepoint: 59149 ns, Total: 228469 ns
[2020-02-28T04:19:33.869+0000][1][safepoint    ] Safepoint "RevokeBias", Time since last: 2536305225 ns, Reaching safepoint: 70736 ns, At safepoint: 18295 ns, Total: 89031 ns
[2020-02-28T04:19:36.412+0000][1][safepoint    ] Safepoint "RevokeBias", Time since last: 2543305391 ns, Reaching safepoint: 99251 ns, At safepoint: 18856 ns, Total: 118107 ns
[2020-02-28T04:19:38.925+0000][1][safepoint    ] Safepoint "RevokeBias", Time since last: 2512533808 ns, Reaching safepoint: 81936 ns, At safepoint: 21756 ns, Total: 103692 ns
[2020-02-28T04:19:41.431+0000][1][safepoint    ] Safepoint "RevokeBias", Time since last: 2506134802 ns, Reaching safepoint: 74256 ns, At safepoint: 20023 ns, Total: 94279 ns
[2020-02-28T04:19:43.936+0000][1][safepoint    ] Safepoint "RevokeBias", Time since last: 2504606321 ns, Reaching safepoint: 84905 ns, At safepoint: 21631 ns, Total: 106536 ns
[2020-02-28T04:19:46.439+0000][1][safepoint    ] Safepoint "RevokeBias", Time since last: 2503316314 ns, Reaching safepoint: 76437 ns, At safepoint: 19476 ns, Total: 95913 ns
[2020-02-28T04:19:48.946+0000][1][safepoint    ] Safepoint "RevokeBias", Time since last: 2506229861 ns, Reaching safepoint: 70998 ns, At safepoint: 19222 ns, Total: 90220 ns
[2020-02-28T04:19:51.451+0000][1][safepoint    ] Safepoint "RevokeBias", Time since last: 2504730236 ns, Reaching safepoint: 84698 ns, At safepoint: 23101 ns, Total: 107799 ns
[2020-02-28T04:19:54.153+0000][1][safepoint    ] Safepoint "RevokeBias", Time since last: 2702370400 ns, Reaching safepoint: 81526 ns, At safepoint: 21609 ns, Total: 103135 ns
[2020-02-28T04:19:56.656+0000][1][safepoint    ] Safepoint "RevokeBias", Time since last: 2503099348 ns, Reaching safepoint: 87733 ns, At safepoint: 21837 ns, Total: 109570 ns
[2020-02-28T04:19:59.177+0000][1][safepoint    ] Safepoint "RevokeBias", Time since last: 2520530937 ns, Reaching safepoint: 74619 ns, At safepoint: 18564 ns, Total: 93183 ns
[2020-02-28T04:20:01.702+0000][1][safepoint    ] Safepoint "RevokeBias", Time since last: 2525315626 ns, Reaching safepoint: 85006 ns, At safepoint: 21114 ns, Total: 106120 ns
[2020-02-28T04:20:04.219+0000][1][safepoint    ] Safepoint "RevokeBias", Time since last: 2516938555 ns, Reaching safepoint: 71390 ns, At safepoint: 18220 ns, Total: 89610 ns
[2020-02-28T04:20:06.861+0000][1][safepoint    ] Safepoint "RevokeBias", Time since last: 2641332803 ns, Reaching safepoint: 69823 ns, At safepoint: 17586 ns, Total: 87409 ns
[2020-02-28T04:20:07.862+0000][1][safepoint    ] Safepoint "Cleanup", Time since last: 1000869549 ns, Reaching safepoint: 66833 ns, At safepoint: 7802 ns, Total: 74635 ns
[2020-02-28T04:20:09.376+0000][1][safepoint    ] Safepoint "RevokeBias", Time since last: 1513637007 ns, Reaching safepoint: 83690 ns, At safepoint: 22362 ns, Total: 106052 ns
[2020-02-28T04:20:11.881+0000][1][safepoint    ] Safepoint "RevokeBias", Time since last: 2505869532 ns, Reaching safepoint: 82638 ns, At safepoint: 21542 ns, Total: 104180 ns
[2020-02-28T04:20:14.388+0000][1][safepoint    ] Safepoint "RevokeBias", Time since last: 2506598695 ns, Reaching safepoint: 118817 ns, At safepoint: 23555 ns, Total: 142372 ns
[2020-02-28T04:20:16.892+0000][1][safepoint    ] Safepoint "RevokeBias", Time since last: 2503668325 ns, Reaching safepoint: 84705 ns, At safepoint: 21187 ns, Total: 105892 ns
[2020-02-28T04:20:19.397+0000][1][safepoint    ] Safepoint "RevokeBias", Time since last: 2505357364 ns, Reaching safepoint: 72545 ns, At safepoint: 17875 ns, Total: 90420 ns
[2020-02-28T04:20:21.904+0000][1][safepoint    ] Safepoint "RevokeBias", Time since last: 2506683497 ns, Reaching safepoint: 88965 ns, At safepoint: 21188 ns, Total: 110153 ns
[2020-02-28T04:20:24.411+0000][1][safepoint    ] Safepoint "RevokeBias", Time since last: 2506413100 ns, Reaching safepoint: 102063 ns, At safepoint: 25594 ns, Total: 127657 ns
[2020-02-28T04:20:26.914+0000][1][safepoint    ] Safepoint "RevokeBias", Time since last: 2503122970 ns, Reaching safepoint: 72460 ns, At safepoint: 17862 ns, Total: 90322 ns
[2020-02-28T04:20:29.430+0000][1][safepoint    ] Safepoint "RevokeBias", Time since last: 2516006403 ns, Reaching safepoint: 70042 ns, At safepoint: 17825 ns, Total: 87867 ns
[2020-02-28T04:20:32.070+0000][1][safepoint    ] Safepoint "RevokeBias", Time since last: 2531546523 ns, Reaching safepoint: 107972670 ns, At safepoint: 26155 ns, Total: 107998825 ns
[2020-02-28T04:20:34.471+0000][1][safepoint    ] Safepoint "RevokeBias", Time since last: 2400997408 ns, Reaching safepoint: 84766 ns, At safepoint: 21317 ns, Total: 106083 ns
[2020-02-28T04:20:35.472+0000][1][safepoint    ] Safepoint "Cleanup", Time since last: 1000814553 ns, Reaching safepoint: 162261 ns, At safepoint: 7154 ns, Total: 169415 ns
[2020-02-28T04:20:36.973+0000][1][safepoint    ] Safepoint "RevokeBias", Time since last: 1501165717 ns, Reaching safepoint: 74207 ns, At safepoint: 19205 ns, Total: 93412 ns
[2020-02-28T04:20:39.479+0000][1][safepoint    ] Safepoint "RevokeBias", Time since last: 2506184724 ns, Reaching safepoint: 94206 ns, At safepoint: 18661 ns, Total: 112867 ns
[2020-02-28T04:20:41.984+0000][1][safepoint    ] Safepoint "BulkRevokeBias", Time since last: 2504845240 ns, Reaching safepoint: 102575 ns, At safepoint: 221021 ns, Total: 323596 ns
[2020-02-28T04:20:44.495+0000][1][safepoint    ] Safepoint "RevokeBias", Time since last: 2510168349 ns, Reaching safepoint: 82642 ns, At safepoint: 20934 ns, Total: 103576 ns
[2020-02-28T04:20:46.998+0000][1][safepoint    ] Safepoint "RevokeBias", Time since last: 2503351843 ns, Reaching safepoint: 155583 ns, At safepoint: 25193 ns, Total: 180776 ns
[2020-02-28T04:20:49.502+0000][1][safepoint    ] Safepoint "RevokeBias", Time since last: 2503252184 ns, Reaching safepoint: 82990 ns, At safepoint: 22024 ns, Total: 105014 ns
[2020-02-28T04:20:52.008+0000][1][safepoint    ] Safepoint "RevokeBias", Time since last: 2506318585 ns, Reaching safepoint: 83758 ns, At safepoint: 42979 ns, Total: 126737 ns
[2020-02-28T04:20:54.520+0000][1][safepoint    ] Safepoint "RevokeBias", Time since last: 2511826330 ns, Reaching safepoint: 274176 ns, At safepoint: 40505 ns, Total: 314681 ns
[2020-02-28T04:20:57.039+0000][1][safepoint    ] Safepoint "RevokeBias", Time since last: 2518780127 ns, Reaching safepoint: 72077 ns, At safepoint: 18879 ns, Total: 90956 ns
[2020-02-28T04:20:59.561+0000][1][safepoint    ] Safepoint "RevokeBias", Time since last: 2522281694 ns, Reaching safepoint: 71437 ns, At safepoint: 18146 ns, Total: 89583 ns
[2020-02-28T04:21:02.073+0000][1][safepoint    ] Safepoint "RevokeBias", Time since last: 2511917802 ns, Reaching safepoint: 73450 ns, At safepoint: 19756 ns, Total: 93206 ns
[2020-02-28T04:21:04.577+0000][1][safepoint    ] Safepoint "RevokeBias", Time since last: 2503733348 ns, Reaching safepoint: 83732 ns, At safepoint: 42096 ns, Total: 125828 ns
[2020-02-28T04:21:07.081+0000][1][safepoint    ] Safepoint "RevokeBias", Time since last: 2503429997 ns, Reaching safepoint: 84311 ns, At safepoint: 21534 ns, Total: 105845 ns
[2020-02-28T04:21:09.588+0000][1][safepoint    ] Safepoint "RevokeBias", Time since last: 2506805099 ns, Reaching safepoint: 69721 ns, At safepoint: 17645 ns, Total: 87366 ns
[2020-02-28T04:21:12.095+0000][1][safepoint    ] Safepoint "RevokeBias", Time since last: 2507574980 ns, Reaching safepoint: 84183 ns, At safepoint: 21650 ns, Total: 105833 ns
[2020-02-28T04:21:14.601+0000][1][safepoint    ] Safepoint "RevokeBias", Time since last: 2505294160 ns, Reaching safepoint: 76292 ns, At safepoint: 18921 ns, Total: 95213 ns
[2020-02-28T04:21:17.106+0000][1][safepoint    ] Safepoint "RevokeBias", Time since last: 2505085166 ns, Reaching safepoint: 70067 ns, At safepoint: 18295 ns, Total: 88362 ns
[2020-02-28T04:21:19.611+0000][1][safepoint    ] Safepoint "RevokeBias", Time since last: 2505327533 ns, Reaching safepoint: 86998 ns, At safepoint: 20864 ns, Total: 107862 ns
[2020-02-28T04:21:22.119+0000][1][safepoint    ] Safepoint "RevokeBias", Time since last: 2507445092 ns, Reaching safepoint: 72425 ns, At safepoint: 17988 ns, Total: 90413 ns
[2020-02-28T04:21:24.645+0000][1][safepoint    ] Safepoint "RevokeBias", Time since last: 2525881204 ns, Reaching safepoint: 149158 ns, At safepoint: 20024 ns, Total: 169182 ns
[2020-02-28T04:21:27.167+0000][1][safepoint    ] Safepoint "RevokeBias", Time since last: 2522023901 ns, Reaching safepoint: 73146 ns, At safepoint: 18502 ns, Total: 91648 ns
[2020-02-28T04:21:27.209+0000][1][gc,start     ] GC(89) Pause Young (Allocation Failure)
[2020-02-28T04:21:27.209+0000][1][gc,task      ] GC(89) Using 1 workers of 1 for evacuation
[2020-02-28T04:21:27.219+0000][1][gc,age       ] GC(89) Desired survivor size 4358144 bytes, new threshold 6 (max threshold 6)
[2020-02-28T04:21:27.219+0000][1][gc,age       ] GC(89) Age table with threshold 6 (max threshold 6)
[2020-02-28T04:21:27.219+0000][1][gc,age       ] GC(89) - age   1:      13016 bytes,      13016 total
[2020-02-28T04:21:27.219+0000][1][gc,age       ] GC(89) - age   2:        208 bytes,      13224 total
[2020-02-28T04:21:27.219+0000][1][gc,age       ] GC(89) - age   5:        328 bytes,      13552 total
[2020-02-28T04:21:27.219+0000][1][gc,age       ] GC(89) - age   6:       1048 bytes,      14600 total
[2020-02-28T04:21:27.219+0000][1][gc,heap      ] GC(89) ParNew: 68184K->17K(76672K)
[2020-02-28T04:21:27.219+0000][1][gc,heap      ] GC(89) CMS: 62654K->62656K(963392K)
[2020-02-28T04:21:27.219+0000][1][gc,metaspace ] GC(89) Metaspace: 80064K->80064K(1122304K)
[2020-02-28T04:21:27.219+0000][1][gc           ] GC(89) Pause Young (Allocation Failure) 127M->61M(1015M) 10.362ms
[2020-02-28T04:21:27.219+0000][1][gc,cpu       ] GC(89) User=0.01s Sys=0.00s Real=0.01s
[2020-02-28T04:21:27.219+0000][1][safepoint    ] Safepoint "GenCollectForAllocation", Time since last: 41763660 ns, Reaching safepoint: 69244 ns, At safepoint: 10414753 ns, Total: 10483997 ns
[2020-02-28T04:21:29.678+0000][1][safepoint    ] Safepoint "RevokeBias", Time since last: 2458591688 ns, Reaching safepoint: 76487 ns, At safepoint: 19305 ns, Total: 95792 ns
[2020-02-28T04:21:32.181+0000][1][safepoint    ] Safepoint "RevokeBias", Time since last: 2503303880 ns, Reaching safepoint: 82166 ns, At safepoint: 22012 ns, Total: 104178 ns
[2020-02-28T04:21:34.688+0000][1][safepoint    ] Safepoint "RevokeBias", Time since last: 2506313200 ns, Reaching safepoint: 84489 ns, At safepoint: 21762 ns, Total: 106251 ns
[2020-02-28T04:21:37.191+0000][1][safepoint    ] Safepoint "RevokeBias", Time since last: 2503455421 ns, Reaching safepoint: 84230 ns, At safepoint: 20883 ns, Total: 105113 ns
[2020-02-28T04:21:39.696+0000][1][safepoint    ] Safepoint "RevokeBias", Time since last: 2504479668 ns, Reaching safepoint: 84366 ns, At safepoint: 42666 ns, Total: 127032 ns
[2020-02-28T04:21:42.199+0000][1][safepoint    ] Safepoint "RevokeBias", Time since last: 2502528344 ns, Reaching safepoint: 119735 ns, At safepoint: 23486 ns, Total: 143221 ns
[2020-02-28T04:21:44.704+0000][1][safepoint    ] Safepoint "RevokeBias", Time since last: 2505327983 ns, Reaching safepoint: 86422 ns, At safepoint: 21140 ns, Total: 107562 ns
[2020-02-28T04:21:47.208+0000][1][safepoint    ] Safepoint "RevokeBias", Time since last: 2503462071 ns, Reaching safepoint: 88879 ns, At safepoint: 18253 ns, Total: 107132 ns
[2020-02-28T04:21:49.728+0000][1][safepoint    ] Safepoint "RevokeBias", Time since last: 2520303940 ns, Reaching safepoint: 85152 ns, At safepoint: 21666 ns, Total: 106818 ns
[2020-02-28T04:21:52.245+0000][1][safepoint    ] Safepoint "RevokeBias", Time since last: 2516538224 ns, Reaching safepoint: 71349 ns, At safepoint: 18532 ns, Total: 89881 ns
[2020-02-28T04:21:54.761+0000][1][safepoint    ] Safepoint "BulkRevokeBias", Time since last: 2516208418 ns, Reaching safepoint: 50933 ns, At safepoint: 263672 ns, Total: 314605 ns
[2020-02-28T04:21:57.274+0000][1][safepoint    ] Safepoint "RevokeBias", Time since last: 2512455523 ns, Reaching safepoint: 84226 ns, At safepoint: 21929 ns, Total: 106155 ns
[2020-02-28T04:21:59.778+0000][1][safepoint    ] Safepoint "RevokeBias", Time since last: 2503730816 ns, Reaching safepoint: 79304 ns, At safepoint: 21682 ns, Total: 100986 ns
[2020-02-28T04:22:02.282+0000][1][safepoint    ] Safepoint "RevokeBias", Time since last: 2503708287 ns, Reaching safepoint: 93983 ns, At safepoint: 21149 ns, Total: 115132 ns
[2020-02-28T04:22:04.787+0000][1][safepoint    ] Safepoint "RevokeBias", Time since last: 2505042090 ns, Reaching safepoint: 59936 ns, At safepoint: 20197 ns, Total: 80133 ns
[2020-02-28T04:22:07.296+0000][1][safepoint    ] Safepoint "RevokeBias", Time since last: 2509304795 ns, Reaching safepoint: 134766 ns, At safepoint: 19580 ns, Total: 154346 ns
[2020-02-28T04:22:09.821+0000][1][safepoint    ] Safepoint "RevokeBias", Time since last: 2525233465 ns, Reaching safepoint: 112408 ns, At safepoint: 18630 ns, Total: 131038 ns
[2020-02-28T04:22:12.326+0000][1][safepoint    ] Safepoint "RevokeBias", Time since last: 2504421649 ns, Reaching safepoint: 70933 ns, At safepoint: 17946 ns, Total: 88879 ns
[2020-02-28T04:22:14.856+0000][1][safepoint    ] Safepoint "RevokeBias", Time since last: 2528498349 ns, Reaching safepoint: 1378967 ns, At safepoint: 21590 ns, Total: 1400557 ns
[2020-02-28T04:22:17.357+0000][1][safepoint    ] Safepoint "RevokeBias", Time since last: 2501246188 ns, Reaching safepoint: 72017 ns, At safepoint: 18551 ns, Total: 90568 ns
[2020-02-28T04:22:19.874+0000][1][safepoint    ] Safepoint "RevokeBias", Time since last: 2516908094 ns, Reaching safepoint: 71257 ns, At safepoint: 17565 ns, Total: 88822 ns
[2020-02-28T04:22:22.394+0000][1][safepoint    ] Safepoint "RevokeBias", Time since last: 2520100842 ns, Reaching safepoint: 103992 ns, At safepoint: 40832 ns, Total: 144824 ns
[2020-02-28T04:22:24.925+0000][1][safepoint    ] Safepoint "RevokeBias", Time since last: 2530441770 ns, Reaching safepoint: 172596 ns, At safepoint: 59067 ns, Total: 231663 ns
[2020-02-28T04:22:27.438+0000][1][safepoint    ] Safepoint "RevokeBias", Time since last: 2513077777 ns, Reaching safepoint: 81230 ns, At safepoint: 20001 ns, Total: 101231 ns
[2020-02-28T04:22:29.944+0000][1][safepoint    ] Safepoint "RevokeBias", Time since last: 2505508814 ns, Reaching safepoint: 84858 ns, At safepoint: 21057 ns, Total: 105915 ns
[2020-02-28T04:22:32.448+0000][1][safepoint    ] Safepoint "RevokeBias", Time since last: 2504410469 ns, Reaching safepoint: 83446 ns, At safepoint: 21352 ns, Total: 104798 ns
[2020-02-28T04:22:34.954+0000][1][safepoint    ] Safepoint "RevokeBias", Time since last: 2505217334 ns, Reaching safepoint: 84341 ns, At safepoint: 21636 ns, Total: 105977 ns
[2020-02-28T04:22:37.457+0000][1][safepoint    ] Safepoint "RevokeBias", Time since last: 2503270558 ns, Reaching safepoint: 84428 ns, At safepoint: 21446 ns, Total: 105874 ns
[2020-02-28T04:22:39.964+0000][1][safepoint    ] Safepoint "RevokeBias", Time since last: 2506497576 ns, Reaching safepoint: 97135 ns, At safepoint: 20600 ns, Total: 117735 ns
[2020-02-28T04:22:42.468+0000][1][safepoint    ] Safepoint "RevokeBias", Time since last: 2503868492 ns, Reaching safepoint: 83317 ns, At safepoint: 21045 ns, Total: 104362 ns
[2020-02-28T04:22:44.973+0000][1][safepoint    ] Safepoint "RevokeBias", Time since last: 2505121585 ns, Reaching safepoint: 102451 ns, At safepoint: 31651 ns, Total: 134102 ns
[2020-02-28T04:22:47.476+0000][1][safepoint    ] Safepoint "RevokeBias", Time since last: 2503032509 ns, Reaching safepoint: 84561 ns, At safepoint: 20577 ns, Total: 105138 ns
[2020-02-28T04:22:49.997+0000][1][safepoint    ] Safepoint "RevokeBias", Time since last: 2520729479 ns, Reaching safepoint: 71331 ns, At safepoint: 17932 ns, Total: 89263 ns
[2020-02-28T04:22:52.522+0000][1][safepoint    ] Safepoint "RevokeBias", Time since last: 2525042718 ns, Reaching safepoint: 71988 ns, At safepoint: 18224 ns, Total: 90212 ns
[2020-02-28T04:22:55.041+0000][1][safepoint    ] Safepoint "RevokeBias", Time since last: 2519285138 ns, Reaching safepoint: 70911 ns, At safepoint: 17729 ns, Total: 88640 ns
[2020-02-28T04:22:57.558+0000][1][safepoint    ] Safepoint "RevokeBias", Time since last: 2516568938 ns, Reaching safepoint: 70267 ns, At safepoint: 18125 ns, Total: 88392 ns
[2020-02-28T04:23:00.073+0000][1][safepoint    ] Safepoint "RevokeBias", Time since last: 2515249284 ns, Reaching safepoint: 83522 ns, At safepoint: 21998 ns, Total: 105520 ns
[2020-02-28T04:23:02.579+0000][1][safepoint    ] Safepoint "RevokeBias", Time since last: 2505034756 ns, Reaching safepoint: 84199 ns, At safepoint: 20723 ns, Total: 104922 ns
[2020-02-28T04:23:05.185+0000][1][safepoint    ] Safepoint "RevokeBias", Time since last: 2606131463 ns, Reaching safepoint: 84081 ns, At safepoint: 21510 ns, Total: 105591 ns
[2020-02-28T04:23:07.687+0000][1][safepoint    ] Safepoint "BulkRevokeBias", Time since last: 2501987873 ns, Reaching safepoint: 111640 ns, At safepoint: 322038 ns, Total: 433678 ns
[2020-02-28T04:23:10.193+0000][1][safepoint    ] Safepoint "RevokeBias", Time since last: 2505487082 ns, Reaching safepoint: 60352 ns, At safepoint: 19697 ns, Total: 80049 ns
[2020-02-28T04:23:12.697+0000][1][safepoint    ] Safepoint "RevokeBias", Time since last: 2503913339 ns, Reaching safepoint: 138182 ns, At safepoint: 25329 ns, Total: 163511 ns
[2020-02-28T04:23:15.201+0000][1][safepoint    ] Safepoint "RevokeBias", Time since last: 2504034825 ns, Reaching safepoint: 102773 ns, At safepoint: 25706 ns, Total: 128479 ns
[2020-02-28T04:23:17.704+0000][1][safepoint    ] Safepoint "RevokeBias", Time since last: 2502773512 ns, Reaching safepoint: 84271 ns, At safepoint: 21303 ns, Total: 105574 ns
[2020-02-28T04:23:20.210+0000][1][safepoint    ] Safepoint "RevokeBias", Time since last: 2506104457 ns, Reaching safepoint: 70462 ns, At safepoint: 18049 ns, Total: 88511 ns
[2020-02-28T04:23:22.212+0000][1][safepoint    ] Safepoint "Cleanup", Time since last: 2001735103 ns, Reaching safepoint: 74949 ns, At safepoint: 5501 ns, Total: 80450 ns
[2020-02-28T04:23:22.719+0000][1][safepoint    ] Safepoint "RevokeBias", Time since last: 506576975 ns, Reaching safepoint: 67726 ns, At safepoint: 16619 ns, Total: 84345 ns
[2020-02-28T04:23:25.239+0000][1][safepoint    ] Safepoint "RevokeBias", Time since last: 2520198893 ns, Reaching safepoint: 54539 ns, At safepoint: 16679 ns, Total: 71218 ns
[2020-02-28T04:23:27.751+0000][1][safepoint    ] Safepoint "RevokeBias", Time since last: 2511812013 ns, Reaching safepoint: 52670 ns, At safepoint: 16079 ns, Total: 68749 ns
[2020-02-28T04:23:30.257+0000][1][safepoint    ] Safepoint "RevokeBias", Time since last: 2506326624 ns, Reaching safepoint: 83559 ns, At safepoint: 21978 ns, Total: 105537 ns
[2020-02-28T04:23:32.762+0000][1][safepoint    ] Safepoint "RevokeBias", Time since last: 2504365396 ns, Reaching safepoint: 98140 ns, At safepoint: 19916 ns, Total: 118056 ns
[2020-02-28T04:23:35.268+0000][1][safepoint    ] Safepoint "RevokeBias", Time since last: 2505781474 ns, Reaching safepoint: 85839 ns, At safepoint: 21096 ns, Total: 106935 ns
[2020-02-28T04:23:37.771+0000][1][safepoint    ] Safepoint "RevokeBias", Time since last: 2503695426 ns, Reaching safepoint: 74724 ns, At safepoint: 18871 ns, Total: 93595 ns
[2020-02-28T04:23:40.278+0000][1][safepoint    ] Safepoint "RevokeBias", Time since last: 2506111222 ns, Reaching safepoint: 81677 ns, At safepoint: 20888 ns, Total: 102565 ns
[2020-02-28T04:23:42.783+0000][1][safepoint    ] Safepoint "RevokeBias", Time since last: 2504997821 ns, Reaching safepoint: 129880 ns, At safepoint: 18777 ns, Total: 148657 ns
[2020-02-28T04:23:45.288+0000][1][safepoint    ] Safepoint "RevokeBias", Time since last: 2505245752 ns, Reaching safepoint: 88436 ns, At safepoint: 21393 ns, Total: 109829 ns
[2020-02-28T04:23:47.352+0000][1][gc,start     ] GC(90) Pause Young (Allocation Failure)
[2020-02-28T04:23:47.352+0000][1][gc,task      ] GC(90) Using 1 workers of 1 for evacuation
[2020-02-28T04:23:47.371+0000][1][gc,age       ] GC(90) Desired survivor size 4358144 bytes, new threshold 6 (max threshold 6)
[2020-02-28T04:23:47.371+0000][1][gc,age       ] GC(90) Age table with threshold 6 (max threshold 6)
[2020-02-28T04:23:47.371+0000][1][gc,age       ] GC(90) - age   1:      11552 bytes,      11552 total
[2020-02-28T04:23:47.371+0000][1][gc,age       ] GC(90) - age   2:       1272 bytes,      12824 total
[2020-02-28T04:23:47.371+0000][1][gc,age       ] GC(90) - age   3:        208 bytes,      13032 total
[2020-02-28T04:23:47.372+0000][1][gc,age       ] GC(90) - age   6:         96 bytes,      13128 total
[2020-02-28T04:23:47.372+0000][1][gc,heap      ] GC(90) ParNew: 68177K->25K(76672K)
[2020-02-28T04:23:47.372+0000][1][gc,heap      ] GC(90) CMS: 62656K->62657K(963392K)
[2020-02-28T04:23:47.372+0000][1][gc,metaspace ] GC(90) Metaspace: 80064K->80064K(1122304K)
[2020-02-28T04:23:47.372+0000][1][gc           ] GC(90) Pause Young (Allocation Failure) 127M->61M(1015M) 19.934ms
[2020-02-28T04:23:47.372+0000][1][gc,cpu       ] GC(90) User=0.02s Sys=0.00s Real=0.02s
[2020-02-28T04:23:47.372+0000][1][safepoint    ] Safepoint "GenCollectForAllocation", Time since last: 2063462412 ns, Reaching safepoint: 123128 ns, At safepoint: 19999051 ns, Total: 20122179 ns
[2020-02-28T04:23:47.791+0000][1][safepoint    ] Safepoint "RevokeBias", Time since last: 419372067 ns, Reaching safepoint: 72379 ns, At safepoint: 19060 ns, Total: 91439 ns
[2020-02-28T04:23:50.308+0000][1][safepoint    ] Safepoint "RevokeBias", Time since last: 2516674674 ns, Reaching safepoint: 90236 ns, At safepoint: 24855 ns, Total: 115091 ns
[2020-02-28T04:23:52.839+0000][1][safepoint    ] Safepoint "RevokeBias", Time since last: 2531173088 ns, Reaching safepoint: 70669 ns, At safepoint: 18147 ns, Total: 88816 ns
[2020-02-28T04:23:55.354+0000][1][safepoint    ] Safepoint "RevokeBias", Time since last: 2515216770 ns, Reaching safepoint: 70833 ns, At safepoint: 20536 ns, Total: 91369 ns
[2020-02-28T04:23:57.864+0000][1][safepoint    ] Safepoint "RevokeBias", Time since last: 2509690734 ns, Reaching safepoint: 83698 ns, At safepoint: 22852 ns, Total: 106550 ns
[2020-02-28T04:24:00.370+0000][1][safepoint    ] Safepoint "RevokeBias", Time since last: 2505937109 ns, Reaching safepoint: 73303 ns, At safepoint: 18193 ns, Total: 91496 ns
[2020-02-28T04:24:02.873+0000][1][safepoint    ] Safepoint "RevokeBias", Time since last: 2502657880 ns, Reaching safepoint: 74476 ns, At safepoint: 20819 ns, Total: 95295 ns
[2020-02-28T04:24:05.400+0000][1][safepoint    ] Safepoint "RevokeBias", Time since last: 2526928018 ns, Reaching safepoint: 162693 ns, At safepoint: 26968 ns, Total: 189661 ns
[2020-02-28T04:24:07.905+0000][1][safepoint    ] Safepoint "RevokeBias", Time since last: 2505147633 ns, Reaching safepoint: 74310 ns, At safepoint: 17974 ns, Total: 92284 ns
[2020-02-28T04:24:10.411+0000][1][safepoint    ] Safepoint "RevokeBias", Time since last: 2505638776 ns, Reaching safepoint: 72304 ns, At safepoint: 18456 ns, Total: 90760 ns
[2020-02-28T04:24:12.915+0000][1][safepoint    ] Safepoint "RevokeBias", Time since last: 2503843788 ns, Reaching safepoint: 72726 ns, At safepoint: 18094 ns, Total: 90820 ns
[2020-02-28T04:24:15.434+0000][1][safepoint    ] Safepoint "RevokeBias", Time since last: 2518461822 ns, Reaching safepoint: 70741 ns, At safepoint: 18033 ns, Total: 88774 ns
[2020-02-28T04:24:17.948+0000][1][safepoint    ] Safepoint "RevokeBias", Time since last: 2514400640 ns, Reaching safepoint: 114228 ns, At safepoint: 19716 ns, Total: 133944 ns
[2020-02-28T04:24:20.470+0000][1][safepoint    ] Safepoint "BulkRevokeBias", Time since last: 2521475188 ns, Reaching safepoint: 71073 ns, At safepoint: 280371 ns, Total: 351444 ns
[2020-02-28T04:24:22.979+0000][1][safepoint    ] Safepoint "RevokeBias", Time since last: 2509407743 ns, Reaching safepoint: 75932 ns, At safepoint: 18919 ns, Total: 94851 ns
[2020-02-28T04:24:25.485+0000][1][safepoint    ] Safepoint "RevokeBias", Time since last: 2505398911 ns, Reaching safepoint: 102487 ns, At safepoint: 25173 ns, Total: 127660 ns
[2020-02-28T04:24:27.988+0000][1][safepoint    ] Safepoint "RevokeBias", Time since last: 2503300219 ns, Reaching safepoint: 86072 ns, At safepoint: 19517 ns, Total: 105589 ns
[2020-02-28T04:24:30.493+0000][1][safepoint    ] Safepoint "RevokeBias", Time since last: 2504644051 ns, Reaching safepoint: 74900 ns, At safepoint: 21007 ns, Total: 95907 ns
[2020-02-28T04:24:32.997+0000][1][safepoint    ] Safepoint "RevokeBias", Time since last: 2503800837 ns, Reaching safepoint: 72173 ns, At safepoint: 18526 ns, Total: 90699 ns
[2020-02-28T04:24:35.513+0000][1][safepoint    ] Safepoint "RevokeBias", Time since last: 2505656031 ns, Reaching safepoint: 10449024 ns, At safepoint: 27710 ns, Total: 10476734 ns
[2020-02-28T04:24:38.006+0000][1][safepoint    ] Safepoint "RevokeBias", Time since last: 2492509021 ns, Reaching safepoint: 114718 ns, At safepoint: 25417 ns, Total: 140135 ns
[2020-02-28T04:24:40.522+0000][1][safepoint    ] Safepoint "RevokeBias", Time since last: 2516279563 ns, Reaching safepoint: 72196 ns, At safepoint: 35720 ns, Total: 107916 ns
[2020-02-28T04:24:43.035+0000][1][safepoint    ] Safepoint "RevokeBias", Time since last: 2512643029 ns, Reaching safepoint: 53608 ns, At safepoint: 15816 ns, Total: 69424 ns
[2020-02-28T04:24:45.554+0000][1][safepoint    ] Safepoint "RevokeBias", Time since last: 2519018757 ns, Reaching safepoint: 71999 ns, At safepoint: 17827 ns, Total: 89826 ns
[2020-02-28T04:24:48.063+0000][1][safepoint    ] Safepoint "RevokeBias", Time since last: 2509281221 ns, Reaching safepoint: 132621 ns, At safepoint: 26879 ns, Total: 159500 ns
[2020-02-28T04:24:50.569+0000][1][safepoint    ] Safepoint "RevokeBias", Time since last: 2505858439 ns, Reaching safepoint: 74478 ns, At safepoint: 48448 ns, Total: 122926 ns
[2020-02-28T04:24:53.076+0000][1][safepoint    ] Safepoint "RevokeBias", Time since last: 2506256640 ns, Reaching safepoint: 117620 ns, At safepoint: 35020 ns, Total: 152640 ns
[2020-02-28T04:24:55.581+0000][1][safepoint    ] Safepoint "RevokeBias", Time since last: 2504776070 ns, Reaching safepoint: 115032 ns, At safepoint: 24375 ns, Total: 139407 ns
[2020-02-28T04:24:58.082+0000][1][safepoint    ] Safepoint "RevokeBias", Time since last: 2501370199 ns, Reaching safepoint: 83607 ns, At safepoint: 21649 ns, Total: 105256 ns
[2020-02-28T04:25:00.588+0000][1][safepoint    ] Safepoint "RevokeBias", Time since last: 2505418883 ns, Reaching safepoint: 79124 ns, At safepoint: 19516 ns, Total: 98640 ns
[2020-02-28T04:25:03.091+0000][1][safepoint    ] Safepoint "RevokeBias", Time since last: 2502995807 ns, Reaching safepoint: 123562 ns, At safepoint: 22793 ns, Total: 146355 ns
[2020-02-28T04:25:05.604+0000][1][safepoint    ] Safepoint "RevokeBias", Time since last: 2513351329 ns, Reaching safepoint: 71178 ns, At safepoint: 18077 ns, Total: 89255 ns
[2020-02-28T04:25:08.127+0000][1][safepoint    ] Safepoint "RevokeBias", Time since last: 2522636924 ns, Reaching safepoint: 71646 ns, At safepoint: 17818 ns, Total: 89464 ns
[2020-02-28T04:25:10.647+0000][1][safepoint    ] Safepoint "RevokeBias", Time since last: 2519837842 ns, Reaching safepoint: 75243 ns, At safepoint: 18589 ns, Total: 93832 ns
[2020-02-28T04:25:13.165+0000][1][safepoint    ] Safepoint "RevokeBias", Time since last: 2517578890 ns, Reaching safepoint: 176733 ns, At safepoint: 22035 ns, Total: 198768 ns
[2020-02-28T04:25:15.672+0000][1][safepoint    ] Safepoint "RevokeBias", Time since last: 2506944170 ns, Reaching safepoint: 72858 ns, At safepoint: 18538 ns, Total: 91396 ns
[2020-02-28T04:25:18.175+0000][1][safepoint    ] Safepoint "RevokeBias", Time since last: 2503414940 ns, Reaching safepoint: 164144 ns, At safepoint: 21575 ns, Total: 185719 ns
[2020-02-28T04:25:20.680+0000][1][safepoint    ] Safepoint "RevokeBias", Time since last: 2504770753 ns, Reaching safepoint: 104191 ns, At safepoint: 24941 ns, Total: 129132 ns
[2020-02-28T04:25:23.185+0000][1][safepoint    ] Safepoint "RevokeBias", Time since last: 2504117181 ns, Reaching safepoint: 82901 ns, At safepoint: 20664 ns, Total: 103565 ns
[2020-02-28T04:25:25.691+0000][1][safepoint    ] Safepoint "RevokeBias", Time since last: 2505861700 ns, Reaching safepoint: 116447 ns, At safepoint: 23088 ns, Total: 139535 ns
[2020-02-28T04:25:28.195+0000][1][safepoint    ] Safepoint "RevokeBias", Time since last: 2504056232 ns, Reaching safepoint: 127283 ns, At safepoint: 18345 ns, Total: 145628 ns
[2020-02-28T04:25:30.701+0000][1][safepoint    ] Safepoint "RevokeBias", Time since last: 2506231466 ns, Reaching safepoint: 85633 ns, At safepoint: 71370 ns, Total: 157003 ns
[2020-02-28T04:25:33.207+0000][1][safepoint    ] Safepoint "BulkRevokeBias", Time since last: 2505227726 ns, Reaching safepoint: 83620 ns, At safepoint: 282516 ns, Total: 366136 ns
[2020-02-28T04:25:35.721+0000][1][safepoint    ] Safepoint "RevokeBias", Time since last: 2514654628 ns, Reaching safepoint: 54955 ns, At safepoint: 17213 ns, Total: 72168 ns
[2020-02-28T04:25:38.238+0000][1][safepoint    ] Safepoint "RevokeBias", Time since last: 2516914169 ns, Reaching safepoint: 77862 ns, At safepoint: 19666 ns, Total: 97528 ns
[2020-02-28T04:25:40.769+0000][1][safepoint    ] Safepoint "RevokeBias", Time since last: 2530719187 ns, Reaching safepoint: 71879 ns, At safepoint: 18181 ns, Total: 90060 ns
[2020-02-28T04:25:43.290+0000][1][safepoint    ] Safepoint "RevokeBias", Time since last: 2520834265 ns, Reaching safepoint: 70702 ns, At safepoint: 18463 ns, Total: 89165 ns
[2020-02-28T04:25:45.805+0000][1][safepoint    ] Safepoint "RevokeBias", Time since last: 2515144024 ns, Reaching safepoint: 83014 ns, At safepoint: 51320 ns, Total: 134334 ns
[2020-02-28T04:25:48.308+0000][1][safepoint    ] Safepoint "RevokeBias", Time since last: 2502286094 ns, Reaching safepoint: 82791 ns, At safepoint: 21554 ns, Total: 104345 ns
[2020-02-28T04:25:50.814+0000][1][safepoint    ] Safepoint "RevokeBias", Time since last: 2505998940 ns, Reaching safepoint: 139805 ns, At safepoint: 31271 ns, Total: 171076 ns
[2020-02-28T04:25:53.322+0000][1][safepoint    ] Safepoint "RevokeBias", Time since last: 2507456361 ns, Reaching safepoint: 83187 ns, At safepoint: 21353 ns, Total: 104540 ns
[2020-02-28T04:25:55.826+0000][1][safepoint    ] Safepoint "RevokeBias", Time since last: 2504758207 ns, Reaching safepoint: 83112 ns, At safepoint: 20979 ns, Total: 104091 ns
[2020-02-28T04:25:58.330+0000][1][safepoint    ] Safepoint "RevokeBias", Time since last: 2503440079 ns, Reaching safepoint: 83430 ns, At safepoint: 21581 ns, Total: 105011 ns
[2020-02-28T04:26:00.835+0000][1][safepoint    ] Safepoint "RevokeBias", Time since last: 2505221552 ns, Reaching safepoint: 70660 ns, At safepoint: 18280 ns, Total: 88940 ns
[2020-02-28T04:26:03.350+0000][1][safepoint    ] Safepoint "RevokeBias", Time since last: 2514510171 ns, Reaching safepoint: 70740 ns, At safepoint: 19464 ns, Total: 90204 ns
[2020-02-28T04:26:05.873+0000][1][safepoint    ] Safepoint "RevokeBias", Time since last: 2522712326 ns, Reaching safepoint: 93339 ns, At safepoint: 24358 ns, Total: 117697 ns
[2020-02-28T04:26:07.459+0000][1][gc,start     ] GC(91) Pause Young (Allocation Failure)
[2020-02-28T04:26:07.459+0000][1][gc,task      ] GC(91) Using 1 workers of 1 for evacuation
[2020-02-28T04:26:07.469+0000][1][gc,age       ] GC(91) Desired survivor size 4358144 bytes, new threshold 6 (max threshold 6)
[2020-02-28T04:26:07.469+0000][1][gc,age       ] GC(91) Age table with threshold 6 (max threshold 6)
[2020-02-28T04:26:07.469+0000][1][gc,age       ] GC(91) - age   1:      12320 bytes,      12320 total
[2020-02-28T04:26:07.469+0000][1][gc,age       ] GC(91) - age   2:        496 bytes,      12816 total
[2020-02-28T04:26:07.469+0000][1][gc,age       ] GC(91) - age   3:       1272 bytes,      14088 total
[2020-02-28T04:26:07.469+0000][1][gc,age       ] GC(91) - age   4:        208 bytes,      14296 total
[2020-02-28T04:26:07.469+0000][1][gc,heap      ] GC(91) ParNew: 68185K->16K(76672K)
[2020-02-28T04:26:07.469+0000][1][gc,heap      ] GC(91) CMS: 62657K->62657K(963392K)
[2020-02-28T04:26:07.469+0000][1][gc,metaspace ] GC(91) Metaspace: 80076K->80076K(1122304K)
[2020-02-28T04:26:07.469+0000][1][gc           ] GC(91) Pause Young (Allocation Failure) 127M->61M(1015M) 10.449ms
[2020-02-28T04:26:07.469+0000][1][gc,cpu       ] GC(91) User=0.01s Sys=0.00s Real=0.01s
[2020-02-28T04:26:07.469+0000][1][safepoint    ] Safepoint "GenCollectForAllocation", Time since last: 1585657143 ns, Reaching safepoint: 86692 ns, At safepoint: 10501569 ns, Total: 10588261 ns
[2020-02-28T04:26:08.396+0000][1][safepoint    ] Safepoint "RevokeBias", Time since last: 927031920 ns, Reaching safepoint: 90859 ns, At safepoint: 19382 ns, Total: 110241 ns
[2020-02-28T04:26:10.911+0000][1][safepoint    ] Safepoint "RevokeBias", Time since last: 2514581312 ns, Reaching safepoint: 173650 ns, At safepoint: 58892 ns, Total: 232542 ns
[2020-02-28T04:26:13.424+0000][1][safepoint    ] Safepoint "RevokeBias", Time since last: 2513430283 ns, Reaching safepoint: 58029 ns, At safepoint: 19883 ns, Total: 77912 ns
[2020-02-28T04:26:15.929+0000][1][safepoint    ] Safepoint "RevokeBias", Time since last: 2504186280 ns, Reaching safepoint: 73219 ns, At safepoint: 17912 ns, Total: 91131 ns
[2020-02-28T04:26:18.431+0000][1][safepoint    ] Safepoint "RevokeBias", Time since last: 2502095519 ns, Reaching safepoint: 85708 ns, At safepoint: 48513 ns, Total: 134221 ns
[2020-02-28T04:26:20.937+0000][1][safepoint    ] Safepoint "RevokeBias", Time since last: 2506275207 ns, Reaching safepoint: 103060 ns, At safepoint: 24216 ns, Total: 127276 ns
[2020-02-28T04:26:23.440+0000][1][safepoint    ] Safepoint "RevokeBias", Time since last: 2502932368 ns, Reaching safepoint: 83852 ns, At safepoint: 21297 ns, Total: 105149 ns
[2020-02-28T04:26:25.947+0000][1][safepoint    ] Safepoint "RevokeBias", Time since last: 2506223499 ns, Reaching safepoint: 85663 ns, At safepoint: 21845 ns, Total: 107508 ns
[2020-02-28T04:26:28.449+0000][1][safepoint    ] Safepoint "RevokeBias", Time since last: 2501729534 ns, Reaching safepoint: 116671 ns, At safepoint: 25803 ns, Total: 142474 ns
[2020-02-28T04:26:30.962+0000][1][safepoint    ] Safepoint "RevokeBias", Time since last: 2513371358 ns, Reaching safepoint: 63194 ns, At safepoint: 16544 ns, Total: 79738 ns
[2020-02-28T04:26:33.482+0000][1][safepoint    ] Safepoint "RevokeBias", Time since last: 2519564540 ns, Reaching safepoint: 71747 ns, At safepoint: 18822 ns, Total: 90569 ns
[2020-02-28T04:26:36.002+0000][1][safepoint    ] Safepoint "RevokeBias", Time since last: 2520489699 ns, Reaching safepoint: 86525 ns, At safepoint: 18633 ns, Total: 105158 ns
[2020-02-28T04:26:38.512+0000][1][safepoint    ] Safepoint "RevokeBias", Time since last: 2509699158 ns, Reaching safepoint: 84513 ns, At safepoint: 21858 ns, Total: 106371 ns
[2020-02-28T04:26:41.017+0000][1][safepoint    ] Safepoint "RevokeBias", Time since last: 2505109856 ns, Reaching safepoint: 82996 ns, At safepoint: 20975 ns, Total: 103971 ns
[2020-02-28T04:26:43.524+0000][1][safepoint    ] Safepoint "RevokeBias", Time since last: 2506108524 ns, Reaching safepoint: 73193 ns, At safepoint: 19491 ns, Total: 92684 ns
[2020-02-28T04:26:46.029+0000][1][safepoint    ] Safepoint "BulkRevokeBias", Time since last: 2505035254 ns, Reaching safepoint: 76652 ns, At safepoint: 280912 ns, Total: 357564 ns
[2020-02-28T04:26:48.532+0000][1][safepoint    ] Safepoint "RevokeBias", Time since last: 2502740081 ns, Reaching safepoint: 80233 ns, At safepoint: 19875 ns, Total: 100108 ns
[2020-02-28T04:26:51.040+0000][1][safepoint    ] Safepoint "RevokeBias", Time since last: 2507821081 ns, Reaching safepoint: 207130 ns, At safepoint: 41268 ns, Total: 248398 ns
[2020-02-28T04:26:53.556+0000][1][safepoint    ] Safepoint "RevokeBias", Time since last: 2516146770 ns, Reaching safepoint: 53373 ns, At safepoint: 16032 ns, Total: 69405 ns
[2020-02-28T04:26:56.083+0000][1][safepoint    ] Safepoint "RevokeBias", Time since last: 2526373616 ns, Reaching safepoint: 258946 ns, At safepoint: 39723 ns, Total: 298669 ns
[2020-02-28T04:26:57.083+0000][1][safepoint    ] Safepoint "Cleanup", Time since last: 1000223641 ns, Reaching safepoint: 85217 ns, At safepoint: 8466 ns, Total: 93683 ns
[2020-02-28T04:26:58.592+0000][1][safepoint    ] Safepoint "RevokeBias", Time since last: 1508478744 ns, Reaching safepoint: 81388 ns, At safepoint: 20940 ns, Total: 102328 ns
[2020-02-28T04:27:01.097+0000][1][safepoint    ] Safepoint "RevokeBias", Time since last: 2505663920 ns, Reaching safepoint: 99243 ns, At safepoint: 21135 ns, Total: 120378 ns
[2020-02-28T04:27:03.602+0000][1][safepoint    ] Safepoint "RevokeBias", Time since last: 2504419058 ns, Reaching safepoint: 131025 ns, At safepoint: 24521 ns, Total: 155546 ns
[2020-02-28T04:27:06.107+0000][1][safepoint    ] Safepoint "RevokeBias", Time since last: 2505102315 ns, Reaching safepoint: 100476 ns, At safepoint: 25131 ns, Total: 125607 ns
[2020-02-28T04:27:08.611+0000][1][safepoint    ] Safepoint "RevokeBias", Time since last: 2503424101 ns, Reaching safepoint: 79334 ns, At safepoint: 21122 ns, Total: 100456 ns
[2020-02-28T04:27:11.117+0000][1][safepoint    ] Safepoint "RevokeBias", Time since last: 2506188010 ns, Reaching safepoint: 115295 ns, At safepoint: 23310 ns, Total: 138605 ns
[2020-02-28T04:27:13.637+0000][1][safepoint    ] Safepoint "RevokeBias", Time since last: 2519924379 ns, Reaching safepoint: 70974 ns, At safepoint: 18240 ns, Total: 89214 ns
[2020-02-28T04:27:16.156+0000][1][safepoint    ] Safepoint "RevokeBias", Time since last: 2518815652 ns, Reaching safepoint: 88578 ns, At safepoint: 18805 ns, Total: 107383 ns
[2020-02-28T04:27:18.672+0000][1][safepoint    ] Safepoint "RevokeBias", Time since last: 2516328998 ns, Reaching safepoint: 72372 ns, At safepoint: 17850 ns, Total: 90222 ns
[2020-02-28T04:27:21.188+0000][1][safepoint    ] Safepoint "RevokeBias", Time since last: 2515229434 ns, Reaching safepoint: 82983 ns, At safepoint: 21614 ns, Total: 104597 ns
[2020-02-28T04:27:23.693+0000][1][safepoint    ] Safepoint "RevokeBias", Time since last: 2505088179 ns, Reaching safepoint: 83802 ns, At safepoint: 21469 ns, Total: 105271 ns
[2020-02-28T04:27:26.200+0000][1][safepoint    ] Safepoint "RevokeBias", Time since last: 2506864401 ns, Reaching safepoint: 72593 ns, At safepoint: 19250 ns, Total: 91843 ns
[2020-02-28T04:27:28.706+0000][1][safepoint    ] Safepoint "RevokeBias", Time since last: 2505978024 ns, Reaching safepoint: 138072 ns, At safepoint: 81954 ns, Total: 220026 ns
[2020-02-28T04:27:31.213+0000][1][safepoint    ] Safepoint "RevokeBias", Time since last: 2506995788 ns, Reaching safepoint: 162723 ns, At safepoint: 33221 ns, Total: 195944 ns
[2020-02-28T04:27:33.727+0000][1][safepoint    ] Safepoint "RevokeBias", Time since last: 2513883497 ns, Reaching safepoint: 92720 ns, At safepoint: 17847 ns, Total: 110567 ns
[2020-02-28T04:27:36.391+0000][1][safepoint    ] Safepoint "RevokeBias", Time since last: 2663947353 ns, Reaching safepoint: 87530 ns, At safepoint: 20897 ns, Total: 108427 ns
[2020-02-28T04:27:38.917+0000][1][safepoint    ] Safepoint "RevokeBias", Time since last: 2525641566 ns, Reaching safepoint: 71033 ns, At safepoint: 17925 ns, Total: 88958 ns
[2020-02-28T04:27:41.426+0000][1][safepoint    ] Safepoint "RevokeBias", Time since last: 2509022392 ns, Reaching safepoint: 96771 ns, At safepoint: 18419 ns, Total: 115190 ns
[2020-02-28T04:27:43.634+0000][1][safepoint    ] Safepoint "Cleanup", Time since last: 2207507587 ns, Reaching safepoint: 90211 ns, At safepoint: 8027 ns, Total: 98238 ns
[2020-02-28T04:27:43.931+0000][1][safepoint    ] Safepoint "RevokeBias", Time since last: 296729219 ns, Reaching safepoint: 76647 ns, At safepoint: 20673 ns, Total: 97320 ns
[2020-02-28T04:27:46.436+0000][1][safepoint    ] Safepoint "RevokeBias", Time since last: 2505713317 ns, Reaching safepoint: 91199 ns, At safepoint: 20942 ns, Total: 112141 ns
[2020-02-28T04:27:48.941+0000][1][safepoint    ] Safepoint "RevokeBias", Time since last: 2504072003 ns, Reaching safepoint: 118960 ns, At safepoint: 23388 ns, Total: 142348 ns
[2020-02-28T04:27:51.446+0000][1][safepoint    ] Safepoint "RevokeBias", Time since last: 2505224928 ns, Reaching safepoint: 116425 ns, At safepoint: 23231 ns, Total: 139656 ns
[2020-02-28T04:27:53.950+0000][1][safepoint    ] Safepoint "RevokeBias", Time since last: 2503883685 ns, Reaching safepoint: 69974 ns, At safepoint: 18059 ns, Total: 88033 ns
[2020-02-28T04:27:56.461+0000][1][safepoint    ] Safepoint "RevokeBias", Time since last: 2510525816 ns, Reaching safepoint: 72532 ns, At safepoint: 18292 ns, Total: 90824 ns
[2020-02-28T04:27:58.986+0000][1][safepoint    ] Safepoint "BulkRevokeBias", Time since last: 2524943670 ns, Reaching safepoint: 72030 ns, At safepoint: 368361 ns, Total: 440391 ns
[2020-02-28T04:28:01.515+0000][1][safepoint    ] Safepoint "RevokeBias", Time since last: 2528511220 ns, Reaching safepoint: 114872 ns, At safepoint: 41083 ns, Total: 155955 ns
[2020-02-28T04:28:04.024+0000][1][safepoint    ] Safepoint "RevokeBias", Time since last: 2509320947 ns, Reaching safepoint: 83140 ns, At safepoint: 21037 ns, Total: 104177 ns
[2020-02-28T04:28:06.530+0000][1][safepoint    ] Safepoint "RevokeBias", Time since last: 2505775222 ns, Reaching safepoint: 69677 ns, At safepoint: 17673 ns, Total: 87350 ns
[2020-02-28T04:28:09.034+0000][1][safepoint    ] Safepoint "RevokeBias", Time since last: 2504032815 ns, Reaching safepoint: 72230 ns, At safepoint: 18772 ns, Total: 91002 ns
[2020-02-28T04:28:11.539+0000][1][safepoint    ] Safepoint "RevokeBias", Time since last: 2505240329 ns, Reaching safepoint: 84666 ns, At safepoint: 21358 ns, Total: 106024 ns
[2020-02-28T04:28:14.045+0000][1][safepoint    ] Safepoint "RevokeBias", Time since last: 2504957024 ns, Reaching safepoint: 86251 ns, At safepoint: 52096 ns, Total: 138347 ns
[2020-02-28T04:28:16.551+0000][1][safepoint    ] Safepoint "RevokeBias", Time since last: 2506495648 ns, Reaching safepoint: 165969 ns, At safepoint: 25342 ns, Total: 191311 ns
[2020-02-28T04:28:19.067+0000][1][safepoint    ] Safepoint "RevokeBias", Time since last: 2515677490 ns, Reaching safepoint: 70326 ns, At safepoint: 18480 ns, Total: 88806 ns
[2020-02-28T04:28:21.583+0000][1][safepoint    ] Safepoint "RevokeBias", Time since last: 2515794062 ns, Reaching safepoint: 51807 ns, At safepoint: 17043 ns, Total: 68850 ns
[2020-02-28T04:28:24.095+0000][1][safepoint    ] Safepoint "RevokeBias", Time since last: 2512098863 ns, Reaching safepoint: 79941 ns, At safepoint: 18774 ns, Total: 98715 ns
[2020-02-28T04:28:26.600+0000][1][safepoint    ] Safepoint "RevokeBias", Time since last: 2505032052 ns, Reaching safepoint: 93883 ns, At safepoint: 22442 ns, Total: 116325 ns
[2020-02-28T04:28:27.672+0000][1][gc,start     ] GC(92) Pause Young (Allocation Failure)
[2020-02-28T04:28:27.672+0000][1][gc,task      ] GC(92) Using 1 workers of 1 for evacuation
[2020-02-28T04:28:27.682+0000][1][gc,age       ] GC(92) Desired survivor size 4358144 bytes, new threshold 6 (max threshold 6)
[2020-02-28T04:28:27.682+0000][1][gc,age       ] GC(92) Age table with threshold 6 (max threshold 6)
[2020-02-28T04:28:27.682+0000][1][gc,age       ] GC(92) - age   1:      12256 bytes,      12256 total
[2020-02-28T04:28:27.682+0000][1][gc,age       ] GC(92) - age   2:        448 bytes,      12704 total
[2020-02-28T04:28:27.682+0000][1][gc,age       ] GC(92) - age   3:        496 bytes,      13200 total
[2020-02-28T04:28:27.682+0000][1][gc,age       ] GC(92) - age   4:       1272 bytes,      14472 total
[2020-02-28T04:28:27.682+0000][1][gc,age       ] GC(92) - age   5:        208 bytes,      14680 total
[2020-02-28T04:28:27.682+0000][1][gc,heap      ] GC(92) ParNew: 68176K->24K(76672K)
[2020-02-28T04:28:27.682+0000][1][gc,heap      ] GC(92) CMS: 62657K->62657K(963392K)
[2020-02-28T04:28:27.682+0000][1][gc,metaspace ] GC(92) Metaspace: 80082K->80082K(1122304K)
[2020-02-28T04:28:27.682+0000][1][gc           ] GC(92) Pause Young (Allocation Failure) 127M->61M(1015M) 10.716ms
[2020-02-28T04:28:27.682+0000][1][gc,cpu       ] GC(92) User=0.01s Sys=0.00s Real=0.01s
[2020-02-28T04:28:27.683+0000][1][safepoint    ] Safepoint "GenCollectForAllocation", Time since last: 1071346816 ns, Reaching safepoint: 71898 ns, At safepoint: 10893741 ns, Total: 10965639 ns
[2020-02-28T04:28:29.103+0000][1][safepoint    ] Safepoint "RevokeBias", Time since last: 1420646560 ns, Reaching safepoint: 83588 ns, At safepoint: 21802 ns, Total: 105390 ns
[2020-02-28T04:28:31.609+0000][1][safepoint    ] Safepoint "RevokeBias", Time since last: 2506036862 ns, Reaching safepoint: 77578 ns, At safepoint: 19254 ns, Total: 96832 ns
[2020-02-28T04:28:34.112+0000][1][safepoint    ] Safepoint "RevokeBias", Time since last: 2502881677 ns, Reaching safepoint: 78539 ns, At safepoint: 21119 ns, Total: 99658 ns
[2020-02-28T04:28:36.618+0000][1][safepoint    ] Safepoint "RevokeBias", Time since last: 2505864537 ns, Reaching safepoint: 76683 ns, At safepoint: 20081 ns, Total: 96764 ns
[2020-02-28T04:28:39.133+0000][1][safepoint    ] Safepoint "RevokeBias", Time since last: 2514166758 ns, Reaching safepoint: 70131 ns, At safepoint: 17855 ns, Total: 87986 ns
[2020-02-28T04:28:41.649+0000][1][safepoint    ] Safepoint "RevokeBias", Time since last: 2516377091 ns, Reaching safepoint: 91883 ns, At safepoint: 22918 ns, Total: 114801 ns
[2020-02-28T04:28:44.491+0000][1][safepoint    ] Safepoint "RevokeBias", Time since last: 2518729676 ns, Reaching safepoint: 323365278 ns, At safepoint: 28149 ns, Total: 323393427 ns
[2020-02-28T04:28:46.677+0000][1][safepoint    ] Safepoint "RevokeBias", Time since last: 2186039654 ns, Reaching safepoint: 81817 ns, At safepoint: 20256 ns, Total: 102073 ns
[2020-02-28T04:28:49.181+0000][1][safepoint    ] Safepoint "RevokeBias", Time since last: 2503497717 ns, Reaching safepoint: 73025 ns, At safepoint: 18385 ns, Total: 91410 ns
[2020-02-28T04:28:51.690+0000][1][safepoint    ] Safepoint "RevokeBias", Time since last: 2509071655 ns, Reaching safepoint: 179717 ns, At safepoint: 19669 ns, Total: 199386 ns
[2020-02-28T04:28:54.209+0000][1][safepoint    ] Safepoint "RevokeBias", Time since last: 2518789748 ns, Reaching safepoint: 75249 ns, At safepoint: 75788 ns, Total: 151037 ns
[2020-02-28T04:28:56.721+0000][1][safepoint    ] Safepoint "RevokeBias", Time since last: 2512043393 ns, Reaching safepoint: 160853 ns, At safepoint: 94693 ns, Total: 255546 ns
[2020-02-28T04:28:57.722+0000][1][safepoint    ] Safepoint "Cleanup", Time since last: 1000287338 ns, Reaching safepoint: 80719 ns, At safepoint: 6980 ns, Total: 87699 ns
[2020-02-28T04:28:59.233+0000][1][safepoint    ] Safepoint "RevokeBias", Time since last: 1510871348 ns, Reaching safepoint: 145125 ns, At safepoint: 20263 ns, Total: 165388 ns
[2020-02-28T04:29:01.750+0000][1][safepoint    ] Safepoint "RevokeBias", Time since last: 2516781121 ns, Reaching safepoint: 137358 ns, At safepoint: 19809 ns, Total: 157167 ns
[2020-02-28T04:29:04.271+0000][1][safepoint    ] Safepoint "RevokeBias", Time since last: 2520751504 ns, Reaching safepoint: 195133 ns, At safepoint: 54876 ns, Total: 250009 ns
[2020-02-28T04:29:06.795+0000][1][safepoint    ] Safepoint "RevokeBias", Time since last: 2523933804 ns, Reaching safepoint: 59135 ns, At safepoint: 18386 ns, Total: 77521 ns
[2020-02-28T04:29:09.307+0000][1][safepoint    ] Safepoint "RevokeBias", Time since last: 2512239530 ns, Reaching safepoint: 55243 ns, At safepoint: 19022 ns, Total: 74265 ns
[2020-02-28T04:29:11.821+0000][1][safepoint    ] Safepoint "BulkRevokeBias", Time since last: 2513599351 ns, Reaching safepoint: 98329 ns, At safepoint: 205162 ns, Total: 303491 ns
[2020-02-28T04:29:14.335+0000][1][safepoint    ] Safepoint "RevokeBias", Time since last: 2513590705 ns, Reaching safepoint: 54151 ns, At safepoint: 17972 ns, Total: 72123 ns
[2020-02-28T04:29:16.848+0000][1][safepoint    ] Safepoint "RevokeBias", Time since last: 2513483042 ns, Reaching safepoint: 99505 ns, At safepoint: 20905 ns, Total: 120410 ns
[2020-02-28T04:29:19.358+0000][1][safepoint    ] Safepoint "RevokeBias", Time since last: 2509338193 ns, Reaching safepoint: 157998 ns, At safepoint: 28918 ns, Total: 186916 ns
[2020-02-28T04:29:21.878+0000][1][safepoint    ] Safepoint "RevokeBias", Time since last: 2520222668 ns, Reaching safepoint: 212133 ns, At safepoint: 57424 ns, Total: 269557 ns
[2020-02-28T04:29:24.395+0000][1][safepoint    ] Safepoint "RevokeBias", Time since last: 2516997030 ns, Reaching safepoint: 129982 ns, At safepoint: 20139 ns, Total: 150121 ns
[2020-02-28T04:29:26.908+0000][1][safepoint    ] Safepoint "RevokeBias", Time since last: 2512491444 ns, Reaching safepoint: 90284 ns, At safepoint: 19956 ns, Total: 110240 ns
[2020-02-28T04:29:29.421+0000][1][safepoint    ] Safepoint "RevokeBias", Time since last: 2513057698 ns, Reaching safepoint: 76162 ns, At safepoint: 21124 ns, Total: 97286 ns
[2020-02-28T04:29:31.935+0000][1][safepoint    ] Safepoint "RevokeBias", Time since last: 2513290518 ns, Reaching safepoint: 77661 ns, At safepoint: 20515 ns, Total: 98176 ns
[2020-02-28T04:29:34.446+0000][1][safepoint    ] Safepoint "RevokeBias", Time since last: 2510969965 ns, Reaching safepoint: 72750 ns, At safepoint: 17926 ns, Total: 90676 ns
[2020-02-28T04:29:36.965+0000][1][safepoint    ] Safepoint "RevokeBias", Time since last: 2519106422 ns, Reaching safepoint: 67670 ns, At safepoint: 73256 ns, Total: 140926 ns
[2020-02-28T04:29:39.482+0000][1][safepoint    ] Safepoint "RevokeBias", Time since last: 2516768538 ns, Reaching safepoint: 71584 ns, At safepoint: 40425 ns, Total: 112009 ns
[2020-02-28T04:29:41.995+0000][1][safepoint    ] Safepoint "RevokeBias", Time since last: 2513253201 ns, Reaching safepoint: 129389 ns, At safepoint: 64848 ns, Total: 194237 ns
[2020-02-28T04:29:44.500+0000][1][safepoint    ] Safepoint "RevokeBias", Time since last: 2504439088 ns, Reaching safepoint: 73688 ns, At safepoint: 19050 ns, Total: 92738 ns
[2020-02-28T04:29:47.013+0000][1][safepoint    ] Safepoint "RevokeBias", Time since last: 2513119153 ns, Reaching safepoint: 71379 ns, At safepoint: 18550 ns, Total: 89929 ns
[2020-02-28T04:29:49.519+0000][1][safepoint    ] Safepoint "RevokeBias", Time since last: 2506030300 ns, Reaching safepoint: 83648 ns, At safepoint: 22188 ns, Total: 105836 ns
[2020-02-28T04:29:52.026+0000][1][safepoint    ] Safepoint "RevokeBias", Time since last: 2507073170 ns, Reaching safepoint: 156237 ns, At safepoint: 41206 ns, Total: 197443 ns
[2020-02-28T04:29:54.542+0000][1][safepoint    ] Safepoint "RevokeBias", Time since last: 2515269328 ns, Reaching safepoint: 72374 ns, At safepoint: 17820 ns, Total: 90194 ns
[2020-02-28T04:29:57.060+0000][1][safepoint    ] Safepoint "RevokeBias", Time since last: 2518140538 ns, Reaching safepoint: 67250 ns, At safepoint: 19465 ns, Total: 86715 ns
[2020-02-28T04:29:59.582+0000][1][safepoint    ] Safepoint "RevokeBias", Time since last: 2521802409 ns, Reaching safepoint: 51929 ns, At safepoint: 17558 ns, Total: 69487 ns
[2020-02-28T04:30:02.094+0000][1][safepoint    ] Safepoint "RevokeBias", Time since last: 2511570966 ns, Reaching safepoint: 118615 ns, At safepoint: 23442 ns, Total: 142057 ns
[2020-02-28T04:30:04.701+0000][1][safepoint    ] Safepoint "RevokeBias", Time since last: 2507541883 ns, Reaching safepoint: 100213884 ns, At safepoint: 83813 ns, Total: 100297697 ns
[2020-02-28T04:30:05.718+0000][1][safepoint    ] Safepoint "Cleanup", Time since last: 1016202200 ns, Reaching safepoint: 98013 ns, At safepoint: 6632 ns, Total: 104645 ns
[2020-02-28T04:30:06.719+0000][1][safepoint    ] Safepoint "Cleanup", Time since last: 1000891970 ns, Reaching safepoint: 93023 ns, At safepoint: 8274 ns, Total: 101297 ns
[2020-02-28T04:30:07.105+0000][1][safepoint    ] Safepoint "RevokeBias", Time since last: 386149764 ns, Reaching safepoint: 85200 ns, At safepoint: 40901 ns, Total: 126101 ns
[2020-02-28T04:30:09.609+0000][1][safepoint    ] Safepoint "RevokeBias", Time since last: 2503768094 ns, Reaching safepoint: 74562 ns, At safepoint: 20637 ns, Total: 95199 ns
[2020-02-28T04:30:12.116+0000][1][safepoint    ] Safepoint "RevokeBias", Time since last: 2506723992 ns, Reaching safepoint: 72070 ns, At safepoint: 18557 ns, Total: 90627 ns
[2020-02-28T04:30:14.627+0000][1][safepoint    ] Safepoint "RevokeBias", Time since last: 2511135296 ns, Reaching safepoint: 69672 ns, At safepoint: 17932 ns, Total: 87604 ns
[2020-02-28T04:30:17.148+0000][1][safepoint    ] Safepoint "RevokeBias", Time since last: 2520755929 ns, Reaching safepoint: 205017 ns, At safepoint: 21817 ns, Total: 226834 ns
[2020-02-28T04:30:19.666+0000][1][safepoint    ] Safepoint "RevokeBias", Time since last: 2518026617 ns, Reaching safepoint: 72237 ns, At safepoint: 18219 ns, Total: 90456 ns
[2020-02-28T04:30:22.178+0000][1][safepoint    ] Safepoint "RevokeBias", Time since last: 2511748403 ns, Reaching safepoint: 114997 ns, At safepoint: 24196 ns, Total: 139193 ns
[2020-02-28T04:30:24.684+0000][1][safepoint    ] Safepoint "BulkRevokeBias", Time since last: 2506076537 ns, Reaching safepoint: 84060 ns, At safepoint: 228105 ns, Total: 312165 ns
[2020-02-28T04:30:27.190+0000][1][safepoint    ] Safepoint "RevokeBias", Time since last: 2505818092 ns, Reaching safepoint: 103194 ns, At safepoint: 21043 ns, Total: 124237 ns
[2020-02-28T04:30:29.694+0000][1][safepoint    ] Safepoint "RevokeBias", Time since last: 2503940419 ns, Reaching safepoint: 71309 ns, At safepoint: 18026 ns, Total: 89335 ns
[2020-02-28T04:30:32.199+0000][1][safepoint    ] Safepoint "RevokeBias", Time since last: 2504885127 ns, Reaching safepoint: 84273 ns, At safepoint: 22036 ns, Total: 106309 ns
[2020-02-28T04:30:33.200+0000][1][safepoint    ] Safepoint "Cleanup", Time since last: 1000397036 ns, Reaching safepoint: 84090 ns, At safepoint: 7573 ns, Total: 91663 ns
[2020-02-28T04:30:34.704+0000][1][safepoint    ] Safepoint "RevokeBias", Time since last: 1504062932 ns, Reaching safepoint: 68952 ns, At safepoint: 17233 ns, Total: 86185 ns
[2020-02-28T04:30:37.214+0000][1][safepoint    ] Safepoint "RevokeBias", Time since last: 2510239074 ns, Reaching safepoint: 84795 ns, At safepoint: 20697 ns, Total: 105492 ns
[2020-02-28T04:30:39.733+0000][1][safepoint    ] Safepoint "RevokeBias", Time since last: 2518809704 ns, Reaching safepoint: 70317 ns, At safepoint: 18383 ns, Total: 88700 ns
[2020-02-28T04:30:42.267+0000][1][safepoint    ] Safepoint "RevokeBias", Time since last: 2533873712 ns, Reaching safepoint: 71295 ns, At safepoint: 18526 ns, Total: 89821 ns
[2020-02-28T04:30:44.776+0000][1][safepoint    ] Safepoint "RevokeBias", Time since last: 2509277558 ns, Reaching safepoint: 76479 ns, At safepoint: 19500 ns, Total: 95979 ns
[2020-02-28T04:30:47.283+0000][1][safepoint    ] Safepoint "RevokeBias", Time since last: 2506236356 ns, Reaching safepoint: 130012 ns, At safepoint: 18880 ns, Total: 148892 ns
[2020-02-28T04:30:47.811+0000][1][gc,start     ] GC(93) Pause Young (Allocation Failure)
[2020-02-28T04:30:47.811+0000][1][gc,task      ] GC(93) Using 1 workers of 1 for evacuation
[2020-02-28T04:30:47.837+0000][1][gc,age       ] GC(93) Desired survivor size 4358144 bytes, new threshold 6 (max threshold 6)
[2020-02-28T04:30:47.837+0000][1][gc,age       ] GC(93) Age table with threshold 6 (max threshold 6)
[2020-02-28T04:30:47.837+0000][1][gc,age       ] GC(93) - age   1:      12552 bytes,      12552 total
[2020-02-28T04:30:47.837+0000][1][gc,age       ] GC(93) - age   2:        576 bytes,      13128 total
[2020-02-28T04:30:47.837+0000][1][gc,age       ] GC(93) - age   3:        328 bytes,      13456 total
[2020-02-28T04:30:47.837+0000][1][gc,age       ] GC(93) - age   4:        496 bytes,      13952 total
[2020-02-28T04:30:47.837+0000][1][gc,age       ] GC(93) - age   5:       1152 bytes,      15104 total
[2020-02-28T04:30:47.837+0000][1][gc,age       ] GC(93) - age   6:        208 bytes,      15312 total
[2020-02-28T04:30:47.837+0000][1][gc,heap      ] GC(93) ParNew: 68184K->16K(76672K)
[2020-02-28T04:30:47.837+0000][1][gc,heap      ] GC(93) CMS: 62657K->62657K(963392K)
[2020-02-28T04:30:47.837+0000][1][gc,metaspace ] GC(93) Metaspace: 80096K->80096K(1122304K)
[2020-02-28T04:30:47.837+0000][1][gc           ] GC(93) Pause Young (Allocation Failure) 127M->61M(1015M) 25.940ms
[2020-02-28T04:30:47.837+0000][1][gc,cpu       ] GC(93) User=0.01s Sys=0.00s Real=0.03s
[2020-02-28T04:30:47.837+0000][1][safepoint    ] Safepoint "GenCollectForAllocation", Time since last: 528117615 ns, Reaching safepoint: 84528 ns, At safepoint: 25995563 ns, Total: 26080091 ns
[2020-02-28T04:30:49.786+0000][1][safepoint    ] Safepoint "RevokeBias", Time since last: 1949077325 ns, Reaching safepoint: 125882 ns, At safepoint: 24396 ns, Total: 150278 ns
[2020-02-28T04:30:52.293+0000][1][safepoint    ] Safepoint "RevokeBias", Time since last: 2506293073 ns, Reaching safepoint: 70816 ns, At safepoint: 18713 ns, Total: 89529 ns
[2020-02-28T04:30:54.797+0000][1][safepoint    ] Safepoint "RevokeBias", Time since last: 2504421130 ns, Reaching safepoint: 76871 ns, At safepoint: 19307 ns, Total: 96178 ns
[2020-02-28T04:30:57.321+0000][1][safepoint    ] Safepoint "RevokeBias", Time since last: 2523721803 ns, Reaching safepoint: 56646 ns, At safepoint: 18099 ns, Total: 74745 ns
[2020-02-28T04:30:59.846+0000][1][safepoint    ] Safepoint "RevokeBias", Time since last: 2524731917 ns, Reaching safepoint: 52112 ns, At safepoint: 16015 ns, Total: 68127 ns
[2020-02-28T04:31:02.362+0000][1][safepoint    ] Safepoint "RevokeBias", Time since last: 2515876782 ns, Reaching safepoint: 73986 ns, At safepoint: 18930 ns, Total: 92916 ns
[2020-02-28T04:31:04.879+0000][1][safepoint    ] Safepoint "RevokeBias", Time since last: 2516847407 ns, Reaching safepoint: 81937 ns, At safepoint: 20698 ns, Total: 102635 ns
[2020-02-28T04:31:07.385+0000][1][safepoint    ] Safepoint "RevokeBias", Time since last: 2505627642 ns, Reaching safepoint: 168327 ns, At safepoint: 46698 ns, Total: 215025 ns
[2020-02-28T04:31:09.888+0000][1][safepoint    ] Safepoint "RevokeBias", Time since last: 2503229835 ns, Reaching safepoint: 115988 ns, At safepoint: 23132 ns, Total: 139120 ns
[2020-02-28T04:31:12.392+0000][1][safepoint    ] Safepoint "RevokeBias", Time since last: 2504230952 ns, Reaching safepoint: 72772 ns, At safepoint: 18107 ns, Total: 90879 ns
[2020-02-28T04:31:14.456+0000][1][safepoint    ] Safepoint "Cleanup", Time since last: 2009472807 ns, Reaching safepoint: 54110078 ns, At safepoint: 9808 ns, Total: 54119886 ns
[2020-02-28T04:31:14.898+0000][1][safepoint    ] Safepoint "RevokeBias", Time since last: 441801672 ns, Reaching safepoint: 78195 ns, At safepoint: 18780 ns, Total: 96975 ns
[2020-02-28T04:31:16.904+0000][1][safepoint    ] Safepoint "Cleanup", Time since last: 2006290941 ns, Reaching safepoint: 81609 ns, At safepoint: 6568 ns, Total: 88177 ns
[2020-02-28T04:31:17.403+0000][1][safepoint    ] Safepoint "RevokeBias", Time since last: 498544614 ns, Reaching safepoint: 71737 ns, At safepoint: 17962 ns, Total: 89699 ns
[2020-02-28T04:31:18.403+0000][1][safepoint    ] Safepoint "Cleanup", Time since last: 1000178390 ns, Reaching safepoint: 93751 ns, At safepoint: 8282 ns, Total: 102033 ns
[2020-02-28T04:31:19.924+0000][1][safepoint    ] Safepoint "RevokeBias", Time since last: 1521423069 ns, Reaching safepoint: 53285 ns, At safepoint: 16361 ns, Total: 69646 ns
[2020-02-28T04:31:22.443+0000][1][safepoint    ] Safepoint "RevokeBias", Time since last: 2518297140 ns, Reaching safepoint: 75545 ns, At safepoint: 19777 ns, Total: 95322 ns
[2020-02-28T04:31:24.952+0000][1][safepoint    ] Safepoint "RevokeBias", Time since last: 2508629381 ns, Reaching safepoint: 110617 ns, At safepoint: 21697 ns, Total: 132314 ns
[2020-02-28T04:31:27.455+0000][1][safepoint    ] Safepoint "RevokeBias", Time since last: 2503464504 ns, Reaching safepoint: 75815 ns, At safepoint: 18990 ns, Total: 94805 ns
[2020-02-28T04:31:29.959+0000][1][safepoint    ] Safepoint "RevokeBias", Time since last: 2504028885 ns, Reaching safepoint: 77545 ns, At safepoint: 20642 ns, Total: 98187 ns
[2020-02-28T04:31:32.463+0000][1][safepoint    ] Safepoint "RevokeBias", Time since last: 2503914308 ns, Reaching safepoint: 86292 ns, At safepoint: 22217 ns, Total: 108509 ns
[2020-02-28T04:31:34.969+0000][1][safepoint    ] Safepoint "RevokeBias", Time since last: 2505314547 ns, Reaching safepoint: 112944 ns, At safepoint: 23043 ns, Total: 135987 ns
[2020-02-28T04:31:35.969+0000][1][safepoint    ] Safepoint "Cleanup", Time since last: 1000315165 ns, Reaching safepoint: 177691 ns, At safepoint: 14999 ns, Total: 192690 ns
[2020-02-28T04:31:37.472+0000][1][safepoint    ] Safepoint "BulkRevokeBias", Time since last: 1502663613 ns, Reaching safepoint: 182357 ns, At safepoint: 219905 ns, Total: 402262 ns
[2020-02-28T04:31:39.977+0000][1][safepoint    ] Safepoint "RevokeBias", Time since last: 2504159452 ns, Reaching safepoint: 89832 ns, At safepoint: 87194 ns, Total: 177026 ns
[2020-02-28T04:31:42.492+0000][1][safepoint    ] Safepoint "RevokeBias", Time since last: 2515419056 ns, Reaching safepoint: 71834 ns, At safepoint: 19037 ns, Total: 90871 ns
[2020-02-28T04:31:44.494+0000][1][safepoint    ] Safepoint "Cleanup", Time since last: 2002026411 ns, Reaching safepoint: 104658 ns, At safepoint: 7903 ns, Total: 112561 ns
[2020-02-28T04:31:45.008+0000][1][safepoint    ] Safepoint "RevokeBias", Time since last: 513918974 ns, Reaching safepoint: 109845 ns, At safepoint: 19223 ns, Total: 129068 ns
[2020-02-28T04:31:47.519+0000][1][safepoint    ] Safepoint "RevokeBias", Time since last: 2510521997 ns, Reaching safepoint: 84510 ns, At safepoint: 21985 ns, Total: 106495 ns
[2020-02-28T04:31:50.022+0000][1][safepoint    ] Safepoint "RevokeBias", Time since last: 2503040326 ns, Reaching safepoint: 101844 ns, At safepoint: 24167 ns, Total: 126011 ns
[2020-02-28T04:31:52.529+0000][1][safepoint    ] Safepoint "RevokeBias", Time since last: 2506511101 ns, Reaching safepoint: 73142 ns, At safepoint: 18852 ns, Total: 91994 ns
[2020-02-28T04:31:55.035+0000][1][safepoint    ] Safepoint "RevokeBias", Time since last: 2506372269 ns, Reaching safepoint: 81983 ns, At safepoint: 21067 ns, Total: 103050 ns
[2020-02-28T04:31:57.541+0000][1][safepoint    ] Safepoint "RevokeBias", Time since last: 2505960305 ns, Reaching safepoint: 79927 ns, At safepoint: 21331 ns, Total: 101258 ns
[2020-02-28T04:32:00.045+0000][1][safepoint    ] Safepoint "RevokeBias", Time since last: 2503675272 ns, Reaching safepoint: 90926 ns, At safepoint: 38202 ns, Total: 129128 ns
[2020-02-28T04:32:02.563+0000][1][safepoint    ] Safepoint "RevokeBias", Time since last: 2517656107 ns, Reaching safepoint: 72267 ns, At safepoint: 19197 ns, Total: 91464 ns
[2020-02-28T04:32:05.084+0000][1][safepoint    ] Safepoint "RevokeBias", Time since last: 2521341613 ns, Reaching safepoint: 106368 ns, At safepoint: 20360 ns, Total: 126728 ns
[2020-02-28T04:32:07.595+0000][1][safepoint    ] Safepoint "RevokeBias", Time since last: 2510994268 ns, Reaching safepoint: 97757 ns, At safepoint: 22949 ns, Total: 120706 ns
[2020-02-28T04:32:10.098+0000][1][safepoint    ] Safepoint "RevokeBias", Time since last: 2502496838 ns, Reaching safepoint: 74371 ns, At safepoint: 19663 ns, Total: 94034 ns
[2020-02-28T04:32:12.603+0000][1][safepoint    ] Safepoint "RevokeBias", Time since last: 2505306410 ns, Reaching safepoint: 78150 ns, At safepoint: 20723 ns, Total: 98873 ns
[2020-02-28T04:32:15.108+0000][1][safepoint    ] Safepoint "RevokeBias", Time since last: 2504001141 ns, Reaching safepoint: 82753 ns, At safepoint: 22482 ns, Total: 105235 ns
[2020-02-28T04:32:17.614+0000][1][safepoint    ] Safepoint "RevokeBias", Time since last: 2506415195 ns, Reaching safepoint: 71328 ns, At safepoint: 18594 ns, Total: 89922 ns
[2020-02-28T04:32:20.118+0000][1][safepoint    ] Safepoint "RevokeBias", Time since last: 2503690630 ns, Reaching safepoint: 71437 ns, At safepoint: 18751 ns, Total: 90188 ns
[2020-02-28T04:32:22.620+0000][1][safepoint    ] Safepoint "RevokeBias", Time since last: 2502157674 ns, Reaching safepoint: 70933 ns, At safepoint: 18761 ns, Total: 89694 ns
[2020-02-28T04:32:25.141+0000][1][safepoint    ] Safepoint "RevokeBias", Time since last: 2520843194 ns, Reaching safepoint: 52493 ns, At safepoint: 15881 ns, Total: 68374 ns
[2020-02-28T04:32:27.661+0000][1][safepoint    ] Safepoint "RevokeBias", Time since last: 2519757753 ns, Reaching safepoint: 72861 ns, At safepoint: 19601 ns, Total: 92462 ns
[2020-02-28T04:32:30.170+0000][1][safepoint    ] Safepoint "RevokeBias", Time since last: 2509338424 ns, Reaching safepoint: 136780 ns, At safepoint: 62720 ns, Total: 199500 ns
[2020-02-28T04:32:32.688+0000][1][safepoint    ] Safepoint "RevokeBias", Time since last: 2517336375 ns, Reaching safepoint: 71423 ns, At safepoint: 18763 ns, Total: 90186 ns
[2020-02-28T04:32:35.203+0000][1][safepoint    ] Safepoint "RevokeBias", Time since last: 2514915860 ns, Reaching safepoint: 70024 ns, At safepoint: 18020 ns, Total: 88044 ns
[2020-02-28T04:32:37.725+0000][1][safepoint    ] Safepoint "RevokeBias", Time since last: 2522347210 ns, Reaching safepoint: 86501 ns, At safepoint: 20721 ns, Total: 107222 ns
[2020-02-28T04:32:40.237+0000][1][safepoint    ] Safepoint "RevokeBias", Time since last: 2511521713 ns, Reaching safepoint: 114088 ns, At safepoint: 59843 ns, Total: 173931 ns
[2020-02-28T04:32:42.758+0000][1][safepoint    ] Safepoint "RevokeBias", Time since last: 2521126043 ns, Reaching safepoint: 53097 ns, At safepoint: 17546 ns, Total: 70643 ns
[2020-02-28T04:32:45.270+0000][1][safepoint    ] Safepoint "RevokeBias", Time since last: 2511984549 ns, Reaching safepoint: 71471 ns, At safepoint: 17781 ns, Total: 89252 ns
[2020-02-28T04:32:47.779+0000][1][safepoint    ] Safepoint "RevokeBias", Time since last: 2508255556 ns, Reaching safepoint: 103070 ns, At safepoint: 25483 ns, Total: 128553 ns
[2020-02-28T04:32:50.282+0000][1][safepoint    ] Safepoint "BulkRevokeBias", Time since last: 2503346297 ns, Reaching safepoint: 83379 ns, At safepoint: 277196 ns, Total: 360575 ns
[2020-02-28T04:32:52.794+0000][1][safepoint    ] Safepoint "RevokeBias", Time since last: 2511351836 ns, Reaching safepoint: 71633 ns, At safepoint: 83486 ns, Total: 155119 ns
[2020-02-28T04:32:55.314+0000][1][safepoint    ] Safepoint "RevokeBias", Time since last: 2519753476 ns, Reaching safepoint: 622996 ns, At safepoint: 18886 ns, Total: 641882 ns
[2020-02-28T04:32:57.828+0000][1][safepoint    ] Safepoint "RevokeBias", Time since last: 2513622242 ns, Reaching safepoint: 124310 ns, At safepoint: 18720 ns, Total: 143030 ns
[2020-02-28T04:33:00.344+0000][1][safepoint    ] Safepoint "RevokeBias", Time since last: 2516308207 ns, Reaching safepoint: 71441 ns, At safepoint: 18829 ns, Total: 90270 ns
[2020-02-28T04:33:02.853+0000][1][safepoint    ] Safepoint "RevokeBias", Time since last: 2508600639 ns, Reaching safepoint: 82868 ns, At safepoint: 21051 ns, Total: 103919 ns
[2020-02-28T04:33:05.366+0000][1][safepoint    ] Safepoint "RevokeBias", Time since last: 2511586535 ns, Reaching safepoint: 1586423 ns, At safepoint: 26636 ns, Total: 1613059 ns
[2020-02-28T04:33:07.534+0000][1][safepoint    ] Safepoint "Cleanup", Time since last: 2167801389 ns, Reaching safepoint: 97873 ns, At safepoint: 6462 ns, Total: 104335 ns
[2020-02-28T04:33:07.868+0000][1][safepoint    ] Safepoint "RevokeBias", Time since last: 334060275 ns, Reaching safepoint: 80252 ns, At safepoint: 20598 ns, Total: 100850 ns
[2020-02-28T04:33:08.063+0000][1][gc,start     ] GC(94) Pause Young (Allocation Failure)
[2020-02-28T04:33:08.063+0000][1][gc,task      ] GC(94) Using 1 workers of 1 for evacuation
[2020-02-28T04:33:08.076+0000][1][gc,age       ] GC(94) Desired survivor size 4358144 bytes, new threshold 6 (max threshold 6)
[2020-02-28T04:33:08.076+0000][1][gc,age       ] GC(94) Age table with threshold 6 (max threshold 6)
[2020-02-28T04:33:08.076+0000][1][gc,age       ] GC(94) - age   1:      12976 bytes,      12976 total
[2020-02-28T04:33:08.076+0000][1][gc,age       ] GC(94) - age   2:        544 bytes,      13520 total
[2020-02-28T04:33:08.076+0000][1][gc,age       ] GC(94) - age   3:        576 bytes,      14096 total
[2020-02-28T04:33:08.076+0000][1][gc,age       ] GC(94) - age   4:        328 bytes,      14424 total
[2020-02-28T04:33:08.076+0000][1][gc,age       ] GC(94) - age   5:        264 bytes,      14688 total
[2020-02-28T04:33:08.076+0000][1][gc,age       ] GC(94) - age   6:       1152 bytes,      15840 total
[2020-02-28T04:33:08.076+0000][1][gc,heap      ] GC(94) ParNew: 68176K->26K(76672K)
[2020-02-28T04:33:08.076+0000][1][gc,heap      ] GC(94) CMS: 62657K->62657K(963392K)
[2020-02-28T04:33:08.076+0000][1][gc,metaspace ] GC(94) Metaspace: 80098K->80098K(1122304K)
[2020-02-28T04:33:08.076+0000][1][gc           ] GC(94) Pause Young (Allocation Failure) 127M->61M(1015M) 12.651ms
[2020-02-28T04:33:08.076+0000][1][gc,cpu       ] GC(94) User=0.01s Sys=0.00s Real=0.01s
[2020-02-28T04:33:08.076+0000][1][safepoint    ] Safepoint "GenCollectForAllocation", Time since last: 194840706 ns, Reaching safepoint: 89424 ns, At safepoint: 12709926 ns, Total: 12799350 ns
[2020-02-28T04:33:10.372+0000][1][safepoint    ] Safepoint "RevokeBias", Time since last: 2295967112 ns, Reaching safepoint: 70386 ns, At safepoint: 18154 ns, Total: 88540 ns
[2020-02-28T04:33:12.875+0000][1][safepoint    ] Safepoint "RevokeBias", Time since last: 2503002482 ns, Reaching safepoint: 83499 ns, At safepoint: 21409 ns, Total: 104908 ns
[2020-02-28T04:33:15.382+0000][1][safepoint    ] Safepoint "RevokeBias", Time since last: 2506287320 ns, Reaching safepoint: 74161 ns, At safepoint: 18334 ns, Total: 92495 ns
[2020-02-28T04:33:17.887+0000][1][safepoint    ] Safepoint "RevokeBias", Time since last: 2505745144 ns, Reaching safepoint: 64762 ns, At safepoint: 19750 ns, Total: 84512 ns
[2020-02-28T04:33:20.401+0000][1][safepoint    ] Safepoint "RevokeBias", Time since last: 2513543635 ns, Reaching safepoint: 69574 ns, At safepoint: 18211 ns, Total: 87785 ns
[2020-02-28T04:33:22.919+0000][1][safepoint    ] Safepoint "RevokeBias", Time since last: 2518093152 ns, Reaching safepoint: 71386 ns, At safepoint: 17945 ns, Total: 89331 ns
[2020-02-28T04:33:25.442+0000][1][safepoint    ] Safepoint "RevokeBias", Time since last: 2522637279 ns, Reaching safepoint: 52297 ns, At safepoint: 16109 ns, Total: 68406 ns
[2020-02-28T04:33:27.952+0000][1][safepoint    ] Safepoint "RevokeBias", Time since last: 2509692690 ns, Reaching safepoint: 77684 ns, At safepoint: 19969 ns, Total: 97653 ns
[2020-02-28T04:33:30.455+0000][1][safepoint    ] Safepoint "RevokeBias", Time since last: 2503107683 ns, Reaching safepoint: 86676 ns, At safepoint: 20965 ns, Total: 107641 ns
[2020-02-28T04:33:32.960+0000][1][safepoint    ] Safepoint "RevokeBias", Time since last: 2504522103 ns, Reaching safepoint: 82273 ns, At safepoint: 21870 ns, Total: 104143 ns
[2020-02-28T04:33:35.465+0000][1][safepoint    ] Safepoint "RevokeBias", Time since last: 2505393863 ns, Reaching safepoint: 74484 ns, At safepoint: 19049 ns, Total: 93533 ns
[2020-02-28T04:33:37.969+0000][1][safepoint    ] Safepoint "RevokeBias", Time since last: 2504059892 ns, Reaching safepoint: 87094 ns, At safepoint: 20790 ns, Total: 107884 ns
[2020-02-28T04:33:40.473+0000][1][safepoint    ] Safepoint "RevokeBias", Time since last: 2504179473 ns, Reaching safepoint: 81659 ns, At safepoint: 21391 ns, Total: 103050 ns
[2020-02-28T04:33:42.992+0000][1][safepoint    ] Safepoint "RevokeBias", Time since last: 2518388921 ns, Reaching safepoint: 51860 ns, At safepoint: 16875 ns, Total: 68735 ns
[2020-02-28T04:33:45.517+0000][1][safepoint    ] Safepoint "RevokeBias", Time since last: 2524775547 ns, Reaching safepoint: 69341 ns, At safepoint: 17532 ns, Total: 86873 ns
[2020-02-28T04:33:48.038+0000][1][safepoint    ] Safepoint "RevokeBias", Time since last: 2521338511 ns, Reaching safepoint: 86686 ns, At safepoint: 21272 ns, Total: 107958 ns
[2020-02-28T04:33:50.547+0000][1][safepoint    ] Safepoint "RevokeBias", Time since last: 2508617828 ns, Reaching safepoint: 81630 ns, At safepoint: 21530 ns, Total: 103160 ns
[2020-02-28T04:33:53.051+0000][1][safepoint    ] Safepoint "RevokeBias", Time since last: 2503815635 ns, Reaching safepoint: 72067 ns, At safepoint: 19439 ns, Total: 91506 ns
[2020-02-28T04:33:55.559+0000][1][safepoint    ] Safepoint "RevokeBias", Time since last: 2508363902 ns, Reaching safepoint: 83858 ns, At safepoint: 22507 ns, Total: 106365 ns
[2020-02-28T04:33:56.573+0000][1][safepoint    ] Safepoint "Cleanup", Time since last: 1013949256 ns, Reaching safepoint: 92779 ns, At safepoint: 5933 ns, Total: 98712 ns
[2020-02-28T04:33:58.072+0000][1][safepoint    ] Safepoint "RevokeBias", Time since last: 1498802603 ns, Reaching safepoint: 99596 ns, At safepoint: 20658 ns, Total: 120254 ns
[2020-02-28T04:34:00.576+0000][1][safepoint    ] Safepoint "RevokeBias", Time since last: 2503507370 ns, Reaching safepoint: 70993 ns, At safepoint: 17104 ns, Total: 88097 ns
[2020-02-28T04:34:03.080+0000][1][safepoint    ] Safepoint "BulkRevokeBias", Time since last: 2503806865 ns, Reaching safepoint: 83279 ns, At safepoint: 257264 ns, Total: 340543 ns
[2020-02-28T04:34:05.587+0000][1][safepoint    ] Safepoint "RevokeBias", Time since last: 2507150373 ns, Reaching safepoint: 70430 ns, At safepoint: 18418 ns, Total: 88848 ns
[2020-02-28T04:34:08.100+0000][1][safepoint    ] Safepoint "RevokeBias", Time since last: 2512585690 ns, Reaching safepoint: 51396 ns, At safepoint: 16656 ns, Total: 68052 ns
[2020-02-28T04:34:10.625+0000][1][safepoint    ] Safepoint "RevokeBias", Time since last: 2525068869 ns, Reaching safepoint: 70555 ns, At safepoint: 18928 ns, Total: 89483 ns
[2020-02-28T04:34:13.141+0000][1][safepoint    ] Safepoint "RevokeBias", Time since last: 2516026067 ns, Reaching safepoint: 118591 ns, At safepoint: 23786 ns, Total: 142377 ns
[2020-02-28T04:34:15.657+0000][1][safepoint    ] Safepoint "RevokeBias", Time since last: 2515163063 ns, Reaching safepoint: 84888 ns, At safepoint: 21761 ns, Total: 106649 ns
[2020-02-28T04:34:18.161+0000][1][safepoint    ] Safepoint "RevokeBias", Time since last: 2504158540 ns, Reaching safepoint: 103776 ns, At safepoint: 24969 ns, Total: 128745 ns
[2020-02-28T04:34:20.664+0000][1][safepoint    ] Safepoint "RevokeBias", Time since last: 2502669472 ns, Reaching safepoint: 77405 ns, At safepoint: 19721 ns, Total: 97126 ns
[2020-02-28T04:34:23.168+0000][1][safepoint    ] Safepoint "RevokeBias", Time since last: 2504114828 ns, Reaching safepoint: 115371 ns, At safepoint: 24154 ns, Total: 139525 ns
[2020-02-28T04:34:25.673+0000][1][safepoint    ] Safepoint "RevokeBias", Time since last: 2505019774 ns, Reaching safepoint: 112922 ns, At safepoint: 19236 ns, Total: 132158 ns
[2020-02-28T04:34:28.184+0000][1][safepoint    ] Safepoint "RevokeBias", Time since last: 2510806894 ns, Reaching safepoint: 71822 ns, At safepoint: 17887 ns, Total: 89709 ns
[2020-02-28T04:34:30.708+0000][1][safepoint    ] Safepoint "RevokeBias", Time since last: 2523923117 ns, Reaching safepoint: 161518 ns, At safepoint: 60570 ns, Total: 222088 ns
[2020-02-28T04:34:33.231+0000][1][safepoint    ] Safepoint "RevokeBias", Time since last: 2522449417 ns, Reaching safepoint: 56508 ns, At safepoint: 15889 ns, Total: 72397 ns
[2020-02-28T04:34:35.745+0000][1][safepoint    ] Safepoint "RevokeBias", Time since last: 2514357128 ns, Reaching safepoint: 73322 ns, At safepoint: 18287 ns, Total: 91609 ns
[2020-02-28T04:34:38.248+0000][1][safepoint    ] Safepoint "RevokeBias", Time since last: 2503210448 ns, Reaching safepoint: 71349 ns, At safepoint: 18165 ns, Total: 89514 ns
[2020-02-28T04:34:40.752+0000][1][safepoint    ] Safepoint "RevokeBias", Time since last: 2503536971 ns, Reaching safepoint: 83817 ns, At safepoint: 19638 ns, Total: 103455 ns
[2020-02-28T04:34:43.256+0000][1][safepoint    ] Safepoint "RevokeBias", Time since last: 2503558143 ns, Reaching safepoint: 115676 ns, At safepoint: 23308 ns, Total: 138984 ns
[2020-02-28T04:34:45.760+0000][1][safepoint    ] Safepoint "RevokeBias", Time since last: 2504618126 ns, Reaching safepoint: 119052 ns, At safepoint: 41008 ns, Total: 160060 ns
[2020-02-28T04:34:48.265+0000][1][safepoint    ] Safepoint "RevokeBias", Time since last: 2504206974 ns, Reaching safepoint: 134951 ns, At safepoint: 62486 ns, Total: 197437 ns
[2020-02-28T04:34:50.784+0000][1][safepoint    ] Safepoint "RevokeBias", Time since last: 2519501221 ns, Reaching safepoint: 54745 ns, At safepoint: 16677 ns, Total: 71422 ns
[2020-02-28T04:34:53.454+0000][1][safepoint    ] Safepoint "RevokeBias", Time since last: 2669483242 ns, Reaching safepoint: 80116 ns, At safepoint: 19937 ns, Total: 100053 ns
[2020-02-28T04:34:55.973+0000][1][safepoint    ] Safepoint "RevokeBias", Time since last: 2519315120 ns, Reaching safepoint: 59424 ns, At safepoint: 27006 ns, Total: 86430 ns
[2020-02-28T04:34:58.482+0000][1][safepoint    ] Safepoint "RevokeBias", Time since last: 2508182108 ns, Reaching safepoint: 84423 ns, At safepoint: 21485 ns, Total: 105908 ns
[2020-02-28T04:35:00.985+0000][1][safepoint    ] Safepoint "RevokeBias", Time since last: 2502996557 ns, Reaching safepoint: 77133 ns, At safepoint: 18961 ns, Total: 96094 ns
[2020-02-28T04:35:03.487+0000][1][safepoint    ] Safepoint "RevokeBias", Time since last: 2502455363 ns, Reaching safepoint: 82500 ns, At safepoint: 21791 ns, Total: 104291 ns
[2020-02-28T04:35:05.991+0000][1][safepoint    ] Safepoint "RevokeBias", Time since last: 2503632221 ns, Reaching safepoint: 82286 ns, At safepoint: 21066 ns, Total: 103352 ns
[2020-02-28T04:35:08.496+0000][1][safepoint    ] Safepoint "RevokeBias", Time since last: 2504861353 ns, Reaching safepoint: 90794 ns, At safepoint: 18471 ns, Total: 109265 ns
[2020-02-28T04:35:10.999+0000][1][safepoint    ] Safepoint "RevokeBias", Time since last: 2502877574 ns, Reaching safepoint: 74223 ns, At safepoint: 19681 ns, Total: 93904 ns
[2020-02-28T04:35:13.509+0000][1][safepoint    ] Safepoint "RevokeBias", Time since last: 2509741541 ns, Reaching safepoint: 70657 ns, At safepoint: 17871 ns, Total: 88528 ns
[2020-02-28T04:35:16.044+0000][1][safepoint    ] Safepoint "BulkRevokeBias", Time since last: 2534836208 ns, Reaching safepoint: 52994 ns, At safepoint: 188042 ns, Total: 241036 ns
[2020-02-28T04:35:18.551+0000][1][safepoint    ] Safepoint "RevokeBias", Time since last: 2506907799 ns, Reaching safepoint: 136902 ns, At safepoint: 32717 ns, Total: 169619 ns
[2020-02-28T04:35:21.054+0000][1][safepoint    ] Safepoint "RevokeBias", Time since last: 2503225852 ns, Reaching safepoint: 74246 ns, At safepoint: 18324 ns, Total: 92570 ns
[2020-02-28T04:35:23.558+0000][1][safepoint    ] Safepoint "RevokeBias", Time since last: 2504019949 ns, Reaching safepoint: 79877 ns, At safepoint: 23914 ns, Total: 103791 ns
[2020-02-28T04:35:26.065+0000][1][safepoint    ] Safepoint "RevokeBias", Time since last: 2506205131 ns, Reaching safepoint: 116357 ns, At safepoint: 69920 ns, Total: 186277 ns
[2020-02-28T04:35:28.561+0000][1][gc,start     ] GC(95) Pause Young (Allocation Failure)
[2020-02-28T04:35:28.561+0000][1][gc,task      ] GC(95) Using 1 workers of 1 for evacuation
[2020-02-28T04:35:28.573+0000][1][gc,age       ] GC(95) Desired survivor size 4358144 bytes, new threshold 6 (max threshold 6)
[2020-02-28T04:35:28.573+0000][1][gc,age       ] GC(95) Age table with threshold 6 (max threshold 6)
[2020-02-28T04:35:28.573+0000][1][gc,age       ] GC(95) - age   1:      10840 bytes,      10840 total
[2020-02-28T04:35:28.573+0000][1][gc,age       ] GC(95) - age   2:        944 bytes,      11784 total
[2020-02-28T04:35:28.573+0000][1][gc,age       ] GC(95) - age   3:        544 bytes,      12328 total
[2020-02-28T04:35:28.573+0000][1][gc,age       ] GC(95) - age   4:        576 bytes,      12904 total
[2020-02-28T04:35:28.573+0000][1][gc,age       ] GC(95) - age   5:        328 bytes,      13232 total
[2020-02-28T04:35:28.573+0000][1][gc,age       ] GC(95) - age   6:        264 bytes,      13496 total
[2020-02-28T04:35:28.573+0000][1][gc,heap      ] GC(95) ParNew: 68186K->18K(76672K)
[2020-02-28T04:35:28.573+0000][1][gc,heap      ] GC(95) CMS: 62657K->62658K(963392K)
[2020-02-28T04:35:28.573+0000][1][gc,metaspace ] GC(95) Metaspace: 80099K->80099K(1122304K)
[2020-02-28T04:35:28.573+0000][1][gc           ] GC(95) Pause Young (Allocation Failure) 127M->61M(1015M) 12.085ms
[2020-02-28T04:35:28.573+0000][1][gc,cpu       ] GC(95) User=0.01s Sys=0.00s Real=0.01s
[2020-02-28T04:35:28.573+0000][1][safepoint    ] Safepoint "GenCollectForAllocation", Time since last: 2496408531 ns, Reaching safepoint: 78681 ns, At safepoint: 12146310 ns, Total: 12224991 ns
[2020-02-28T04:35:28.575+0000][1][safepoint    ] Safepoint "RevokeBias", Time since last: 1081989 ns, Reaching safepoint: 65789 ns, At safepoint: 16509 ns, Total: 82298 ns
[2020-02-28T04:35:31.079+0000][1][safepoint    ] Safepoint "RevokeBias", Time since last: 2504514358 ns, Reaching safepoint: 112395 ns, At safepoint: 19910 ns, Total: 132305 ns
[2020-02-28T04:35:33.588+0000][1][safepoint    ] Safepoint "RevokeBias", Time since last: 2508768013 ns, Reaching safepoint: 72857 ns, At safepoint: 18902 ns, Total: 91759 ns
[2020-02-28T04:35:36.108+0000][1][safepoint    ] Safepoint "RevokeBias", Time since last: 2519476806 ns, Reaching safepoint: 83520 ns, At safepoint: 21548 ns, Total: 105068 ns
[2020-02-28T04:35:38.624+0000][1][safepoint    ] Safepoint "RevokeBias", Time since last: 2515894902 ns, Reaching safepoint: 70413 ns, At safepoint: 18168 ns, Total: 88581 ns
[2020-02-28T04:35:41.132+0000][1][safepoint    ] Safepoint "RevokeBias", Time since last: 2508020682 ns, Reaching safepoint: 83558 ns, At safepoint: 61201 ns, Total: 144759 ns
[2020-02-28T04:35:43.637+0000][1][safepoint    ] Safepoint "RevokeBias", Time since last: 2505396685 ns, Reaching safepoint: 113729 ns, At safepoint: 21621 ns, Total: 135350 ns
[2020-02-28T04:35:46.144+0000][1][safepoint    ] Safepoint "RevokeBias", Time since last: 2506015285 ns, Reaching safepoint: 151046 ns, At safepoint: 24725 ns, Total: 175771 ns
[2020-02-28T04:35:48.656+0000][1][safepoint    ] Safepoint "RevokeBias", Time since last: 2512258714 ns, Reaching safepoint: 72373 ns, At safepoint: 17526 ns, Total: 89899 ns
[2020-02-28T04:35:51.187+0000][1][safepoint    ] Safepoint "RevokeBias", Time since last: 2530818854 ns, Reaching safepoint: 83201 ns, At safepoint: 21641 ns, Total: 104842 ns
[2020-02-28T04:35:53.693+0000][1][safepoint    ] Safepoint "RevokeBias", Time since last: 2505642619 ns, Reaching safepoint: 83820 ns, At safepoint: 21727 ns, Total: 105547 ns
[2020-02-28T04:35:56.206+0000][1][safepoint    ] Safepoint "RevokeBias", Time since last: 2513420859 ns, Reaching safepoint: 55792 ns, At safepoint: 17618 ns, Total: 73410 ns
[2020-02-28T04:35:58.727+0000][1][safepoint    ] Safepoint "RevokeBias", Time since last: 2520374722 ns, Reaching safepoint: 72769 ns, At safepoint: 17669 ns, Total: 90438 ns
[2020-02-28T04:36:01.247+0000][1][safepoint    ] Safepoint "RevokeBias", Time since last: 2520280671 ns, Reaching safepoint: 71120 ns, At safepoint: 18046 ns, Total: 89166 ns
[2020-02-28T04:36:03.760+0000][1][safepoint    ] Safepoint "RevokeBias", Time since last: 2512999270 ns, Reaching safepoint: 71264 ns, At safepoint: 39321 ns, Total: 110585 ns
[2020-02-28T04:36:06.266+0000][1][safepoint    ] Safepoint "RevokeBias", Time since last: 2506339800 ns, Reaching safepoint: 76907 ns, At safepoint: 19384 ns, Total: 96291 ns
[2020-02-28T04:36:08.769+0000][1][safepoint    ] Safepoint "RevokeBias", Time since last: 2502494135 ns, Reaching safepoint: 75893 ns, At safepoint: 19422 ns, Total: 95315 ns
[2020-02-28T04:36:11.271+0000][1][safepoint    ] Safepoint "RevokeBias", Time since last: 2502298441 ns, Reaching safepoint: 72492 ns, At safepoint: 19008 ns, Total: 91500 ns
[2020-02-28T04:36:13.774+0000][1][safepoint    ] Safepoint "RevokeBias", Time since last: 2502898489 ns, Reaching safepoint: 72331 ns, At safepoint: 17157 ns, Total: 89488 ns
[2020-02-28T04:36:16.277+0000][1][safepoint    ] Safepoint "RevokeBias", Time since last: 2502566332 ns, Reaching safepoint: 100638 ns, At safepoint: 24513 ns, Total: 125151 ns
[2020-02-28T04:36:18.797+0000][1][safepoint    ] Safepoint "RevokeBias", Time since last: 2519361345 ns, Reaching safepoint: 52579 ns, At safepoint: 15804 ns, Total: 68383 ns
[2020-02-28T04:36:21.319+0000][1][safepoint    ] Safepoint "RevokeBias", Time since last: 2521897676 ns, Reaching safepoint: 52228 ns, At safepoint: 16685 ns, Total: 68913 ns
[2020-02-28T04:36:23.837+0000][1][safepoint    ] Safepoint "RevokeBias", Time since last: 2518483641 ns, Reaching safepoint: 71128 ns, At safepoint: 17836 ns, Total: 88964 ns
[2020-02-28T04:36:26.347+0000][1][safepoint    ] Safepoint "RevokeBias", Time since last: 2510075346 ns, Reaching safepoint: 84440 ns, At safepoint: 22055 ns, Total: 106495 ns
[2020-02-28T04:36:28.852+0000][1][safepoint    ] Safepoint "BulkRevokeBias", Time since last: 2504548433 ns, Reaching safepoint: 74801 ns, At safepoint: 301707 ns, Total: 376508 ns
[2020-02-28T04:36:31.356+0000][1][safepoint    ] Safepoint "RevokeBias", Time since last: 2503439150 ns, Reaching safepoint: 75728 ns, At safepoint: 19557 ns, Total: 95285 ns
[2020-02-28T04:36:33.859+0000][1][safepoint    ] Safepoint "RevokeBias", Time since last: 2503419849 ns, Reaching safepoint: 85226 ns, At safepoint: 21591 ns, Total: 106817 ns
[2020-02-28T04:36:36.368+0000][1][safepoint    ] Safepoint "RevokeBias", Time since last: 2508735595 ns, Reaching safepoint: 75596 ns, At safepoint: 17517 ns, Total: 93113 ns
[2020-02-28T04:36:38.872+0000][1][safepoint    ] Safepoint "RevokeBias", Time since last: 2503502080 ns, Reaching safepoint: 82112 ns, At safepoint: 21706 ns, Total: 103818 ns
[2020-02-28T04:36:41.383+0000][1][safepoint    ] Safepoint "RevokeBias", Time since last: 2511431804 ns, Reaching safepoint: 70933 ns, At safepoint: 18460 ns, Total: 89393 ns
[2020-02-28T04:36:43.898+0000][1][safepoint    ] Safepoint "RevokeBias", Time since last: 2514772383 ns, Reaching safepoint: 71293 ns, At safepoint: 18712 ns, Total: 90005 ns
[2020-02-28T04:36:46.415+0000][1][safepoint    ] Safepoint "RevokeBias", Time since last: 2517234675 ns, Reaching safepoint: 111182 ns, At safepoint: 22014 ns, Total: 133196 ns
[2020-02-28T04:36:48.927+0000][1][safepoint    ] Safepoint "RevokeBias", Time since last: 2511812307 ns, Reaching safepoint: 85262 ns, At safepoint: 21787 ns, Total: 107049 ns
[2020-02-28T04:36:51.430+0000][1][safepoint    ] Safepoint "RevokeBias", Time since last: 2502110729 ns, Reaching safepoint: 84407 ns, At safepoint: 21141 ns, Total: 105548 ns
[2020-02-28T04:36:53.934+0000][1][safepoint    ] Safepoint "RevokeBias", Time since last: 2504239001 ns, Reaching safepoint: 73757 ns, At safepoint: 19098 ns, Total: 92855 ns
[2020-02-28T04:36:56.449+0000][1][safepoint    ] Safepoint "RevokeBias", Time since last: 2515264999 ns, Reaching safepoint: 81828 ns, At safepoint: 17761 ns, Total: 99589 ns
[2020-02-28T04:36:58.963+0000][1][safepoint    ] Safepoint "RevokeBias", Time since last: 2513525101 ns, Reaching safepoint: 191142 ns, At safepoint: 20344 ns, Total: 211486 ns
[2020-02-28T04:37:01.476+0000][1][safepoint    ] Safepoint "RevokeBias", Time since last: 2512741197 ns, Reaching safepoint: 72098 ns, At safepoint: 18321 ns, Total: 90419 ns
[2020-02-28T04:37:03.989+0000][1][safepoint    ] Safepoint "RevokeBias", Time since last: 2513030037 ns, Reaching safepoint: 126489 ns, At safepoint: 23177 ns, Total: 149666 ns
[2020-02-28T04:37:06.504+0000][1][safepoint    ] Safepoint "RevokeBias", Time since last: 2514777375 ns, Reaching safepoint: 71729 ns, At safepoint: 17466 ns, Total: 89195 ns
[2020-02-28T04:37:09.020+0000][1][safepoint    ] Safepoint "RevokeBias", Time since last: 2516034212 ns, Reaching safepoint: 150076 ns, At safepoint: 149982 ns, Total: 300058 ns
[2020-02-28T04:37:11.538+0000][1][safepoint    ] Safepoint "RevokeBias", Time since last: 2518000891 ns, Reaching safepoint: 127952 ns, At safepoint: 23864 ns, Total: 151816 ns
[2020-02-28T04:37:14.056+0000][1][safepoint    ] Safepoint "RevokeBias", Time since last: 2517411251 ns, Reaching safepoint: 70882 ns, At safepoint: 67609 ns, Total: 138491 ns
[2020-02-28T04:37:15.060+0000][1][safepoint    ] Safepoint "Cleanup", Time since last: 1003871106 ns, Reaching safepoint: 147516 ns, At safepoint: 6769 ns, Total: 154285 ns
[2020-02-28T04:37:16.564+0000][1][safepoint    ] Safepoint "RevokeBias", Time since last: 1504050645 ns, Reaching safepoint: 101487 ns, At safepoint: 25474 ns, Total: 126961 ns
[2020-02-28T04:37:19.074+0000][1][safepoint    ] Safepoint "RevokeBias", Time since last: 2509628342 ns, Reaching safepoint: 71440 ns, At safepoint: 17741 ns, Total: 89181 ns
[2020-02-28T04:37:21.728+0000][1][safepoint    ] Safepoint "RevokeBias", Time since last: 2653567148 ns, Reaching safepoint: 72892 ns, At safepoint: 19118 ns, Total: 92010 ns
[2020-02-28T04:37:24.231+0000][1][safepoint    ] Safepoint "RevokeBias", Time since last: 2503553031 ns, Reaching safepoint: 71661 ns, At safepoint: 18518 ns, Total: 90179 ns
[2020-02-28T04:37:26.737+0000][1][safepoint    ] Safepoint "RevokeBias", Time since last: 2505960844 ns, Reaching safepoint: 99932 ns, At safepoint: 24420 ns, Total: 124352 ns
[2020-02-28T04:37:29.243+0000][1][safepoint    ] Safepoint "RevokeBias", Time since last: 2505558999 ns, Reaching safepoint: 85116 ns, At safepoint: 20748 ns, Total: 105864 ns
[2020-02-28T04:37:31.746+0000][1][safepoint    ] Safepoint "RevokeBias", Time since last: 2502785883 ns, Reaching safepoint: 71520 ns, At safepoint: 18133 ns, Total: 89653 ns
[2020-02-28T04:37:34.263+0000][1][safepoint    ] Safepoint "RevokeBias", Time since last: 2517350888 ns, Reaching safepoint: 55057 ns, At safepoint: 33921 ns, Total: 88978 ns
[2020-02-28T04:37:36.265+0000][1][safepoint    ] Safepoint "Cleanup", Time since last: 2001398097 ns, Reaching safepoint: 80780 ns, At safepoint: 6860 ns, Total: 87640 ns
[2020-02-28T04:37:36.788+0000][1][safepoint    ] Safepoint "RevokeBias", Time since last: 522763346 ns, Reaching safepoint: 52080 ns, At safepoint: 16421 ns, Total: 68501 ns
[2020-02-28T04:37:39.308+0000][1][safepoint    ] Safepoint "RevokeBias", Time since last: 2520131790 ns, Reaching safepoint: 51824 ns, At safepoint: 16206 ns, Total: 68030 ns
[2020-02-28T04:37:41.815+0000][1][safepoint    ] Safepoint "BulkRevokeBias", Time since last: 2507132891 ns, Reaching safepoint: 70587 ns, At safepoint: 185716 ns, Total: 256303 ns
[2020-02-28T04:37:44.376+0000][1][safepoint    ] Safepoint "RevokeBias", Time since last: 2504030129 ns, Reaching safepoint: 56459208 ns, At safepoint: 26567 ns, Total: 56485775 ns
[2020-02-28T04:37:46.825+0000][1][safepoint    ] Safepoint "RevokeBias", Time since last: 2449467876 ns, Reaching safepoint: 132127 ns, At safepoint: 29856 ns, Total: 161983 ns
[2020-02-28T04:37:48.301+0000][1][gc,start     ] GC(96) Pause Young (Allocation Failure)
[2020-02-28T04:37:48.301+0000][1][gc,task      ] GC(96) Using 1 workers of 1 for evacuation
[2020-02-28T04:37:48.417+0000][1][gc,age       ] GC(96) Desired survivor size 4358144 bytes, new threshold 6 (max threshold 6)
[2020-02-28T04:37:48.417+0000][1][gc,age       ] GC(96) Age table with threshold 6 (max threshold 6)
[2020-02-28T04:37:48.417+0000][1][gc,age       ] GC(96) - age   1:      12144 bytes,      12144 total
[2020-02-28T04:37:48.417+0000][1][gc,age       ] GC(96) - age   2:        120 bytes,      12264 total
[2020-02-28T04:37:48.417+0000][1][gc,age       ] GC(96) - age   3:        944 bytes,      13208 total
[2020-02-28T04:37:48.417+0000][1][gc,age       ] GC(96) - age   4:        544 bytes,      13752 total
[2020-02-28T04:37:48.417+0000][1][gc,age       ] GC(96) - age   5:        576 bytes,      14328 total
[2020-02-28T04:37:48.417+0000][1][gc,age       ] GC(96) - age   6:        328 bytes,      14656 total
[2020-02-28T04:37:48.418+0000][1][gc,heap      ] GC(96) ParNew: 68178K->24K(76672K)
[2020-02-28T04:37:48.418+0000][1][gc,heap      ] GC(96) CMS: 62658K->62658K(963392K)
[2020-02-28T04:37:48.418+0000][1][gc,metaspace ] GC(96) Metaspace: 80107K->80107K(1122304K)
[2020-02-28T04:37:48.418+0000][1][gc           ] GC(96) Pause Young (Allocation Failure) 127M->61M(1015M) 116.460ms
[2020-02-28T04:37:48.418+0000][1][gc,cpu       ] GC(96) User=0.01s Sys=0.00s Real=0.12s
[2020-02-28T04:37:48.418+0000][1][safepoint    ] Safepoint "GenCollectForAllocation", Time since last: 1475728444 ns, Reaching safepoint: 72793 ns, At safepoint: 116517499 ns, Total: 116590292 ns
[2020-02-28T04:37:49.330+0000][1][safepoint    ] Safepoint "RevokeBias", Time since last: 912642648 ns, Reaching safepoint: 85887 ns, At safepoint: 21878 ns, Total: 107765 ns
[2020-02-28T04:37:51.835+0000][1][safepoint    ] Safepoint "RevokeBias", Time since last: 2504060829 ns, Reaching safepoint: 82256 ns, At safepoint: 21980 ns, Total: 104236 ns
[2020-02-28T04:37:54.341+0000][1][safepoint    ] Safepoint "RevokeBias", Time since last: 2505935055 ns, Reaching safepoint: 83710 ns, At safepoint: 21824 ns, Total: 105534 ns
[2020-02-28T04:37:56.853+0000][1][safepoint    ] Safepoint "RevokeBias", Time since last: 2512667970 ns, Reaching safepoint: 73470 ns, At safepoint: 18025 ns, Total: 91495 ns
[2020-02-28T04:37:59.375+0000][1][safepoint    ] Safepoint "RevokeBias", Time since last: 2521859766 ns, Reaching safepoint: 70098 ns, At safepoint: 18079 ns, Total: 88177 ns
[2020-02-28T04:38:01.882+0000][1][safepoint    ] Safepoint "RevokeBias", Time since last: 2506471143 ns, Reaching safepoint: 85901 ns, At safepoint: 19178 ns, Total: 105079 ns
[2020-02-28T04:38:04.385+0000][1][safepoint    ] Safepoint "RevokeBias", Time since last: 2503320076 ns, Reaching safepoint: 99648 ns, At safepoint: 23004 ns, Total: 122652 ns
[2020-02-28T04:38:06.891+0000][1][safepoint    ] Safepoint "RevokeBias", Time since last: 2505745439 ns, Reaching safepoint: 69445 ns, At safepoint: 18064 ns, Total: 87509 ns
[2020-02-28T04:38:09.396+0000][1][safepoint    ] Safepoint "RevokeBias", Time since last: 2505228083 ns, Reaching safepoint: 93957 ns, At safepoint: 20521 ns, Total: 114478 ns
[2020-02-28T04:38:11.899+0000][1][safepoint    ] Safepoint "RevokeBias", Time since last: 2502404002 ns, Reaching safepoint: 99101 ns, At safepoint: 24418 ns, Total: 123519 ns
[2020-02-28T04:38:14.408+0000][1][safepoint    ] Safepoint "RevokeBias", Time since last: 2504486487 ns, Reaching safepoint: 4563553 ns, At safepoint: 48161 ns, Total: 4611714 ns
[2020-02-28T04:38:16.923+0000][1][safepoint    ] Safepoint "RevokeBias", Time since last: 2514411907 ns, Reaching safepoint: 87488 ns, At safepoint: 20848 ns, Total: 108336 ns
[2020-02-28T04:38:19.447+0000][1][safepoint    ] Safepoint "RevokeBias", Time since last: 2524407471 ns, Reaching safepoint: 56031 ns, At safepoint: 35474 ns, Total: 91505 ns
[2020-02-28T04:38:21.965+0000][1][safepoint    ] Safepoint "RevokeBias", Time since last: 2518183160 ns, Reaching safepoint: 155075 ns, At safepoint: 19665 ns, Total: 174740 ns
[2020-02-28T04:38:24.478+0000][1][safepoint    ] Safepoint "RevokeBias", Time since last: 2512462294 ns, Reaching safepoint: 73708 ns, At safepoint: 18688 ns, Total: 92396 ns
[2020-02-28T04:38:26.984+0000][1][safepoint    ] Safepoint "RevokeBias", Time since last: 2505447257 ns, Reaching safepoint: 73037 ns, At safepoint: 18646 ns, Total: 91683 ns
[2020-02-28T04:38:29.488+0000][1][safepoint    ] Safepoint "RevokeBias", Time since last: 2504449155 ns, Reaching safepoint: 95301 ns, At safepoint: 40692 ns, Total: 135993 ns
[2020-02-28T04:38:31.996+0000][1][safepoint    ] Safepoint "RevokeBias", Time since last: 2507246196 ns, Reaching safepoint: 114903 ns, At safepoint: 23008 ns, Total: 137911 ns
[2020-02-28T04:38:34.499+0000][1][safepoint    ] Safepoint "RevokeBias", Time since last: 2503728975 ns, Reaching safepoint: 84036 ns, At safepoint: 52819 ns, Total: 136855 ns
[2020-02-28T04:38:37.005+0000][1][safepoint    ] Safepoint "RevokeBias", Time since last: 2505422536 ns, Reaching safepoint: 76719 ns, At safepoint: 19435 ns, Total: 96154 ns
[2020-02-28T04:38:39.524+0000][1][safepoint    ] Safepoint "RevokeBias", Time since last: 2518851422 ns, Reaching safepoint: 71987 ns, At safepoint: 17833 ns, Total: 89820 ns
[2020-02-28T04:38:42.048+0000][1][safepoint    ] Safepoint "RevokeBias", Time since last: 2523622414 ns, Reaching safepoint: 53958 ns, At safepoint: 16761 ns, Total: 70719 ns
[2020-02-28T04:38:44.557+0000][1][safepoint    ] Safepoint "RevokeBias", Time since last: 2508857144 ns, Reaching safepoint: 84803 ns, At safepoint: 20522 ns, Total: 105325 ns
[2020-02-28T04:38:47.063+0000][1][safepoint    ] Safepoint "RevokeBias", Time since last: 2506076715 ns, Reaching safepoint: 92664 ns, At safepoint: 19565 ns, Total: 112229 ns
[2020-02-28T04:38:49.568+0000][1][safepoint    ] Safepoint "RevokeBias", Time since last: 2505227466 ns, Reaching safepoint: 83232 ns, At safepoint: 21234 ns, Total: 104466 ns
[2020-02-28T04:38:52.072+0000][1][safepoint    ] Safepoint "RevokeBias", Time since last: 2503934851 ns, Reaching safepoint: 82049 ns, At safepoint: 18834 ns, Total: 100883 ns
[2020-02-28T04:38:54.577+0000][1][safepoint    ] Safepoint "BulkRevokeBias", Time since last: 2504988823 ns, Reaching safepoint: 108508 ns, At safepoint: 205883 ns, Total: 314391 ns
[2020-02-28T04:38:57.081+0000][1][safepoint    ] Safepoint "RevokeBias", Time since last: 2503618871 ns, Reaching safepoint: 84512 ns, At safepoint: 21958 ns, Total: 106470 ns
[2020-02-28T04:38:59.600+0000][1][safepoint    ] Safepoint "RevokeBias", Time since last: 2518486337 ns, Reaching safepoint: 73627 ns, At safepoint: 17327 ns, Total: 90954 ns
[2020-02-28T04:39:02.117+0000][1][safepoint    ] Safepoint "RevokeBias", Time since last: 2516971618 ns, Reaching safepoint: 55830 ns, At safepoint: 17840 ns, Total: 73670 ns
[2020-02-28T04:39:04.632+0000][1][safepoint    ] Safepoint "RevokeBias", Time since last: 2515038693 ns, Reaching safepoint: 72017 ns, At safepoint: 18159 ns, Total: 90176 ns
[2020-02-28T04:39:07.149+0000][1][safepoint    ] Safepoint "RevokeBias", Time since last: 2516836926 ns, Reaching safepoint: 71849 ns, At safepoint: 18368 ns, Total: 90217 ns
[2020-02-28T04:39:09.655+0000][1][safepoint    ] Safepoint "RevokeBias", Time since last: 2506009708 ns, Reaching safepoint: 114995 ns, At safepoint: 24010 ns, Total: 139005 ns
[2020-02-28T04:39:12.158+0000][1][safepoint    ] Safepoint "RevokeBias", Time since last: 2503396387 ns, Reaching safepoint: 83971 ns, At safepoint: 21725 ns, Total: 105696 ns
[2020-02-28T04:39:14.669+0000][1][safepoint    ] Safepoint "RevokeBias", Time since last: 2510683117 ns, Reaching safepoint: 78605 ns, At safepoint: 43050 ns, Total: 121655 ns
[2020-02-28T04:39:17.186+0000][1][safepoint    ] Safepoint "RevokeBias", Time since last: 2516963937 ns, Reaching safepoint: 85392 ns, At safepoint: 17923 ns, Total: 103315 ns
[2020-02-28T04:39:19.711+0000][1][safepoint    ] Safepoint "RevokeBias", Time since last: 2525040847 ns, Reaching safepoint: 73882 ns, At safepoint: 18987 ns, Total: 92869 ns
[2020-02-28T04:39:22.225+0000][1][safepoint    ] Safepoint "RevokeBias", Time since last: 2513841665 ns, Reaching safepoint: 70372 ns, At safepoint: 17832 ns, Total: 88204 ns
[2020-02-28T04:39:24.735+0000][1][safepoint    ] Safepoint "RevokeBias", Time since last: 2509337376 ns, Reaching safepoint: 72209 ns, At safepoint: 17844 ns, Total: 90053 ns
[2020-02-28T04:39:27.248+0000][1][safepoint    ] Safepoint "RevokeBias", Time since last: 2513097145 ns, Reaching safepoint: 58761 ns, At safepoint: 16601 ns, Total: 75362 ns
[2020-02-28T04:39:29.766+0000][1][safepoint    ] Safepoint "RevokeBias", Time since last: 2517874772 ns, Reaching safepoint: 90057 ns, At safepoint: 20151 ns, Total: 110208 ns
[2020-02-28T04:39:32.276+0000][1][safepoint    ] Safepoint "RevokeBias", Time since last: 2509904456 ns, Reaching safepoint: 183996 ns, At safepoint: 61068 ns, Total: 245064 ns
[2020-02-28T04:39:34.800+0000][1][safepoint    ] Safepoint "RevokeBias", Time since last: 2523881760 ns, Reaching safepoint: 173671 ns, At safepoint: 18881 ns, Total: 192552 ns
[2020-02-28T04:39:37.311+0000][1][safepoint    ] Safepoint "RevokeBias", Time since last: 2510978063 ns, Reaching safepoint: 72999 ns, At safepoint: 18786 ns, Total: 91785 ns
[2020-02-28T04:39:39.817+0000][1][safepoint    ] Safepoint "RevokeBias", Time since last: 2505202959 ns, Reaching safepoint: 85002 ns, At safepoint: 21270 ns, Total: 106272 ns
[2020-02-28T04:39:42.321+0000][1][safepoint    ] Safepoint "RevokeBias", Time since last: 2504212682 ns, Reaching safepoint: 73466 ns, At safepoint: 18266 ns, Total: 91732 ns
[2020-02-28T04:39:44.825+0000][1][safepoint    ] Safepoint "RevokeBias", Time since last: 2504322770 ns, Reaching safepoint: 82715 ns, At safepoint: 21283 ns, Total: 103998 ns
[2020-02-28T04:39:47.330+0000][1][safepoint    ] Safepoint "RevokeBias", Time since last: 2504873632 ns, Reaching safepoint: 90186 ns, At safepoint: 20547 ns, Total: 110733 ns
[2020-02-28T04:39:49.847+0000][1][safepoint    ] Safepoint "RevokeBias", Time since last: 2516711909 ns, Reaching safepoint: 310836 ns, At safepoint: 59955 ns, Total: 370791 ns
[2020-02-28T04:39:52.374+0000][1][safepoint    ] Safepoint "RevokeBias", Time since last: 2526344488 ns, Reaching safepoint: 74423 ns, At safepoint: 19198 ns, Total: 93621 ns
[2020-02-28T04:39:54.891+0000][1][safepoint    ] Safepoint "RevokeBias", Time since last: 2516732093 ns, Reaching safepoint: 53434 ns, At safepoint: 15698 ns, Total: 69132 ns
[2020-02-28T04:39:57.401+0000][1][safepoint    ] Safepoint "RevokeBias", Time since last: 2510284283 ns, Reaching safepoint: 71162 ns, At safepoint: 17607 ns, Total: 88769 ns
[2020-02-28T04:39:59.905+0000][1][safepoint    ] Safepoint "RevokeBias", Time since last: 2504237656 ns, Reaching safepoint: 77481 ns, At safepoint: 20075 ns, Total: 97556 ns
[2020-02-28T04:40:02.409+0000][1][safepoint    ] Safepoint "RevokeBias", Time since last: 2502973500 ns, Reaching safepoint: 277421 ns, At safepoint: 59810 ns, Total: 337231 ns
[2020-02-28T04:40:04.916+0000][1][safepoint    ] Safepoint "RevokeBias", Time since last: 2507217168 ns, Reaching safepoint: 72020 ns, At safepoint: 18926 ns, Total: 90946 ns
[2020-02-28T04:40:05.917+0000][1][safepoint    ] Safepoint "Cleanup", Time since last: 1000935620 ns, Reaching safepoint: 86256 ns, At safepoint: 6551 ns, Total: 92807 ns
[2020-02-28T04:40:07.421+0000][1][safepoint    ] Safepoint "BulkRevokeBias", Time since last: 1503859529 ns, Reaching safepoint: 78568 ns, At safepoint: 197886 ns, Total: 276454 ns
[2020-02-28T04:40:08.532+0000][1][gc,start     ] GC(97) Pause Young (Allocation Failure)
[2020-02-28T04:40:08.532+0000][1][gc,task      ] GC(97) Using 1 workers of 1 for evacuation
[2020-02-28T04:40:08.543+0000][1][gc,age       ] GC(97) Desired survivor size 4358144 bytes, new threshold 6 (max threshold 6)
[2020-02-28T04:40:08.543+0000][1][gc,age       ] GC(97) Age table with threshold 6 (max threshold 6)
[2020-02-28T04:40:08.543+0000][1][gc,age       ] GC(97) - age   1:      11152 bytes,      11152 total
[2020-02-28T04:40:08.543+0000][1][gc,age       ] GC(97) - age   2:        176 bytes,      11328 total
[2020-02-28T04:40:08.543+0000][1][gc,age       ] GC(97) - age   4:        944 bytes,      12272 total
[2020-02-28T04:40:08.543+0000][1][gc,age       ] GC(97) - age   5:        544 bytes,      12816 total
[2020-02-28T04:40:08.543+0000][1][gc,age       ] GC(97) - age   6:        576 bytes,      13392 total
[2020-02-28T04:40:08.543+0000][1][gc,heap      ] GC(97) ParNew: 68184K->16K(76672K)
[2020-02-28T04:40:08.543+0000][1][gc,heap      ] GC(97) CMS: 62658K->62659K(963392K)
[2020-02-28T04:40:08.543+0000][1][gc,metaspace ] GC(97) Metaspace: 80120K->80120K(1122304K)
[2020-02-28T04:40:08.543+0000][1][gc           ] GC(97) Pause Young (Allocation Failure) 127M->61M(1015M) 11.036ms
[2020-02-28T04:40:08.543+0000][1][gc,cpu       ] GC(97) User=0.01s Sys=0.00s Real=0.01s
[2020-02-28T04:40:08.543+0000][1][safepoint    ] Safepoint "GenCollectForAllocation", Time since last: 1110459970 ns, Reaching safepoint: 77330 ns, At safepoint: 11097589 ns, Total: 11174919 ns
[2020-02-28T04:40:09.925+0000][1][safepoint    ] Safepoint "RevokeBias", Time since last: 1381769608 ns, Reaching safepoint: 74588 ns, At safepoint: 19071 ns, Total: 93659 ns
[2020-02-28T04:40:12.436+0000][1][safepoint    ] Safepoint "RevokeBias", Time since last: 2510948080 ns, Reaching safepoint: 138919 ns, At safepoint: 187249 ns, Total: 326168 ns
[2020-02-28T04:40:14.961+0000][1][safepoint    ] Safepoint "RevokeBias", Time since last: 2524913964 ns, Reaching safepoint: 192854 ns, At safepoint: 60639 ns, Total: 253493 ns
[2020-02-28T04:40:17.472+0000][1][safepoint    ] Safepoint "RevokeBias", Time since last: 2510573375 ns, Reaching safepoint: 120849 ns, At safepoint: 38538 ns, Total: 159387 ns
[2020-02-28T04:40:19.978+0000][1][safepoint    ] Safepoint "RevokeBias", Time since last: 2506262823 ns, Reaching safepoint: 74991 ns, At safepoint: 19281 ns, Total: 94272 ns
[2020-02-28T04:40:22.481+0000][1][safepoint    ] Safepoint "RevokeBias", Time since last: 2503193335 ns, Reaching safepoint: 74159 ns, At safepoint: 18271 ns, Total: 92430 ns
[2020-02-28T04:40:24.989+0000][1][safepoint    ] Safepoint "RevokeBias", Time since last: 2507436989 ns, Reaching safepoint: 76875 ns, At safepoint: 19774 ns, Total: 96649 ns
[2020-02-28T04:40:27.495+0000][1][safepoint    ] Safepoint "RevokeBias", Time since last: 2505726888 ns, Reaching safepoint: 74475 ns, At safepoint: 18933 ns, Total: 93408 ns
[2020-02-28T04:40:30.005+0000][1][safepoint    ] Safepoint "RevokeBias", Time since last: 2510497791 ns, Reaching safepoint: 71270 ns, At safepoint: 18539 ns, Total: 89809 ns
[2020-02-28T04:40:32.520+0000][1][safepoint    ] Safepoint "RevokeBias", Time since last: 2514755093 ns, Reaching safepoint: 73574 ns, At safepoint: 19783 ns, Total: 93357 ns
[2020-02-28T04:40:35.037+0000][1][safepoint    ] Safepoint "RevokeBias", Time since last: 2516702313 ns, Reaching safepoint: 71389 ns, At safepoint: 18437 ns, Total: 89826 ns
[2020-02-28T04:40:37.550+0000][1][safepoint    ] Safepoint "RevokeBias", Time since last: 2513023086 ns, Reaching safepoint: 62012 ns, At safepoint: 19571 ns, Total: 81583 ns
[2020-02-28T04:40:40.055+0000][1][safepoint    ] Safepoint "RevokeBias", Time since last: 2504796301 ns, Reaching safepoint: 84176 ns, At safepoint: 47346 ns, Total: 131522 ns
[2020-02-28T04:40:42.558+0000][1][safepoint    ] Safepoint "RevokeBias", Time since last: 2502952503 ns, Reaching safepoint: 85378 ns, At safepoint: 21054 ns, Total: 106432 ns
[2020-02-28T04:40:45.063+0000][1][safepoint    ] Safepoint "RevokeBias", Time since last: 2504806027 ns, Reaching safepoint: 85269 ns, At safepoint: 21155 ns, Total: 106424 ns
[2020-02-28T04:40:47.568+0000][1][safepoint    ] Safepoint "RevokeBias", Time since last: 2505191523 ns, Reaching safepoint: 75750 ns, At safepoint: 19430 ns, Total: 95180 ns
[2020-02-28T04:40:50.073+0000][1][safepoint    ] Safepoint "RevokeBias", Time since last: 2504650298 ns, Reaching safepoint: 70985 ns, At safepoint: 17885 ns, Total: 88870 ns
[2020-02-28T04:40:52.585+0000][1][safepoint    ] Safepoint "RevokeBias", Time since last: 2512107838 ns, Reaching safepoint: 74745 ns, At safepoint: 19473 ns, Total: 94218 ns
[2020-02-28T04:40:55.113+0000][1][safepoint    ] Safepoint "RevokeBias", Time since last: 2527477105 ns, Reaching safepoint: 52547 ns, At safepoint: 16259 ns, Total: 68806 ns
[2020-02-28T04:40:57.626+0000][1][safepoint    ] Safepoint "RevokeBias", Time since last: 2513146166 ns, Reaching safepoint: 69372 ns, At safepoint: 19150 ns, Total: 88522 ns
[2020-02-28T04:41:00.138+0000][1][safepoint    ] Safepoint "RevokeBias", Time since last: 2511829619 ns, Reaching safepoint: 73547 ns, At safepoint: 18958 ns, Total: 92505 ns
[2020-02-28T04:41:02.640+0000][1][safepoint    ] Safepoint "RevokeBias", Time since last: 2501577780 ns, Reaching safepoint: 81817 ns, At safepoint: 20615 ns, Total: 102432 ns
[2020-02-28T04:41:05.144+0000][1][safepoint    ] Safepoint "RevokeBias", Time since last: 2503957431 ns, Reaching safepoint: 75127 ns, At safepoint: 19048 ns, Total: 94175 ns
[2020-02-28T04:41:07.649+0000][1][safepoint    ] Safepoint "RevokeBias", Time since last: 2504740171 ns, Reaching safepoint: 102256 ns, At safepoint: 25597 ns, Total: 127853 ns
[2020-02-28T04:41:10.155+0000][1][safepoint    ] Safepoint "RevokeBias", Time since last: 2506442792 ns, Reaching safepoint: 114385 ns, At safepoint: 26574 ns, Total: 140959 ns
[2020-02-28T04:41:12.660+0000][1][safepoint    ] Safepoint "RevokeBias", Time since last: 2505158065 ns, Reaching safepoint: 123499 ns, At safepoint: 20365 ns, Total: 143864 ns
[2020-02-28T04:41:15.180+0000][1][safepoint    ] Safepoint "RevokeBias", Time since last: 2519537342 ns, Reaching safepoint: 72980 ns, At safepoint: 17423 ns, Total: 90403 ns
[2020-02-28T04:41:17.704+0000][1][safepoint    ] Safepoint "RevokeBias", Time since last: 2523772378 ns, Reaching safepoint: 72066 ns, At safepoint: 18668 ns, Total: 90734 ns
[2020-02-28T04:41:20.218+0000][1][safepoint    ] Safepoint "BulkRevokeBias", Time since last: 2514113209 ns, Reaching safepoint: 69709 ns, At safepoint: 184289 ns, Total: 253998 ns
[2020-02-28T04:41:22.730+0000][1][safepoint    ] Safepoint "RevokeBias", Time since last: 2511606000 ns, Reaching safepoint: 53116 ns, At safepoint: 16662 ns, Total: 69778 ns
[2020-02-28T04:41:25.243+0000][1][safepoint    ] Safepoint "RevokeBias", Time since last: 2513079969 ns, Reaching safepoint: 76456 ns, At safepoint: 19082 ns, Total: 95538 ns
[2020-02-28T04:41:27.758+0000][1][safepoint    ] Safepoint "RevokeBias", Time since last: 2514814678 ns, Reaching safepoint: 72112 ns, At safepoint: 18661 ns, Total: 90773 ns
[2020-02-28T04:41:30.271+0000][1][safepoint    ] Safepoint "RevokeBias", Time since last: 2513099573 ns, Reaching safepoint: 71047 ns, At safepoint: 18498 ns, Total: 89545 ns
[2020-02-28T04:41:32.779+0000][1][safepoint    ] Safepoint "RevokeBias", Time since last: 2507687085 ns, Reaching safepoint: 101978 ns, At safepoint: 20381 ns, Total: 122359 ns
[2020-02-28T04:41:35.292+0000][1][safepoint    ] Safepoint "RevokeBias", Time since last: 2512873038 ns, Reaching safepoint: 87114 ns, At safepoint: 21487 ns, Total: 108601 ns
[2020-02-28T04:41:37.806+0000][1][safepoint    ] Safepoint "RevokeBias", Time since last: 2513462492 ns, Reaching safepoint: 85734 ns, At safepoint: 49074 ns, Total: 134808 ns
[2020-02-28T04:41:40.328+0000][1][safepoint    ] Safepoint "RevokeBias", Time since last: 2522238419 ns, Reaching safepoint: 70337 ns, At safepoint: 17537 ns, Total: 87874 ns
[2020-02-28T04:41:42.853+0000][1][safepoint    ] Safepoint "RevokeBias", Time since last: 2524899233 ns, Reaching safepoint: 54402 ns, At safepoint: 17524 ns, Total: 71926 ns
[2020-02-28T04:41:45.367+0000][1][safepoint    ] Safepoint "RevokeBias", Time since last: 2514088385 ns, Reaching safepoint: 72753 ns, At safepoint: 18323 ns, Total: 91076 ns
[2020-02-28T04:41:47.873+0000][1][safepoint    ] Safepoint "RevokeBias", Time since last: 2505536665 ns, Reaching safepoint: 83690 ns, At safepoint: 52615 ns, Total: 136305 ns
[2020-02-28T04:41:50.379+0000][1][safepoint    ] Safepoint "RevokeBias", Time since last: 2505899253 ns, Reaching safepoint: 89472 ns, At safepoint: 17929 ns, Total: 107401 ns
[2020-02-28T04:41:52.882+0000][1][safepoint    ] Safepoint "RevokeBias", Time since last: 2503265035 ns, Reaching safepoint: 80236 ns, At safepoint: 19193 ns, Total: 99429 ns
[2020-02-28T04:41:55.388+0000][1][safepoint    ] Safepoint "RevokeBias", Time since last: 2505414937 ns, Reaching safepoint: 126222 ns, At safepoint: 24894 ns, Total: 151116 ns
[2020-02-28T04:41:57.901+0000][1][safepoint    ] Safepoint "RevokeBias", Time since last: 2513153861 ns, Reaching safepoint: 88097 ns, At safepoint: 21292 ns, Total: 109389 ns
[2020-02-28T04:42:00.429+0000][1][safepoint    ] Safepoint "RevokeBias", Time since last: 2527750951 ns, Reaching safepoint: 72798 ns, At safepoint: 18252 ns, Total: 91050 ns
[2020-02-28T04:42:02.960+0000][1][safepoint    ] Safepoint "RevokeBias", Time since last: 2530878680 ns, Reaching safepoint: 172582 ns, At safepoint: 21284 ns, Total: 193866 ns
[2020-02-28T04:42:05.467+0000][1][safepoint    ] Safepoint "RevokeBias", Time since last: 2506590998 ns, Reaching safepoint: 76790 ns, At safepoint: 19232 ns, Total: 96022 ns
[2020-02-28T04:42:07.970+0000][1][safepoint    ] Safepoint "RevokeBias", Time since last: 2503700595 ns, Reaching safepoint: 83535 ns, At safepoint: 21046 ns, Total: 104581 ns
[2020-02-28T04:42:10.475+0000][1][safepoint    ] Safepoint "RevokeBias", Time since last: 2504414236 ns, Reaching safepoint: 69781 ns, At safepoint: 17967 ns, Total: 87748 ns
[2020-02-28T04:42:12.978+0000][1][safepoint    ] Safepoint "RevokeBias", Time since last: 2502746750 ns, Reaching safepoint: 75281 ns, At safepoint: 19582 ns, Total: 94863 ns
[2020-02-28T04:42:15.484+0000][1][safepoint    ] Safepoint "RevokeBias", Time since last: 2505971639 ns, Reaching safepoint: 75152 ns, At safepoint: 19041 ns, Total: 94193 ns
[2020-02-28T04:42:17.996+0000][1][safepoint    ] Safepoint "RevokeBias", Time since last: 2512148221 ns, Reaching safepoint: 69900 ns, At safepoint: 18584 ns, Total: 88484 ns
[2020-02-28T04:42:20.513+0000][1][safepoint    ] Safepoint "RevokeBias", Time since last: 2516467006 ns, Reaching safepoint: 53075 ns, At safepoint: 16628 ns, Total: 69703 ns
[2020-02-28T04:42:23.024+0000][1][safepoint    ] Safepoint "RevokeBias", Time since last: 2510986940 ns, Reaching safepoint: 130245 ns, At safepoint: 21506 ns, Total: 151751 ns
[2020-02-28T04:42:25.528+0000][1][safepoint    ] Safepoint "RevokeBias", Time since last: 2504563462 ns, Reaching safepoint: 78253 ns, At safepoint: 19114 ns, Total: 97367 ns
[2020-02-28T04:42:28.032+0000][1][safepoint    ] Safepoint "RevokeBias", Time since last: 2503959774 ns, Reaching safepoint: 88722 ns, At safepoint: 20912 ns, Total: 109634 ns
[2020-02-28T04:42:28.913+0000][1][gc,start     ] GC(98) Pause Young (Allocation Failure)
[2020-02-28T04:42:28.913+0000][1][gc,task      ] GC(98) Using 1 workers of 1 for evacuation
[2020-02-28T04:42:28.922+0000][1][gc,age       ] GC(98) Desired survivor size 4358144 bytes, new threshold 6 (max threshold 6)
[2020-02-28T04:42:28.922+0000][1][gc,age       ] GC(98) Age table with threshold 6 (max threshold 6)
[2020-02-28T04:42:28.922+0000][1][gc,age       ] GC(98) - age   1:      11048 bytes,      11048 total
[2020-02-28T04:42:28.922+0000][1][gc,age       ] GC(98) - age   3:        176 bytes,      11224 total
[2020-02-28T04:42:28.922+0000][1][gc,age       ] GC(98) - age   5:        712 bytes,      11936 total
[2020-02-28T04:42:28.922+0000][1][gc,age       ] GC(98) - age   6:        544 bytes,      12480 total
[2020-02-28T04:42:28.922+0000][1][gc,heap      ] GC(98) ParNew: 68176K->23K(76672K)
[2020-02-28T04:42:28.922+0000][1][gc,heap      ] GC(98) CMS: 62659K->62659K(963392K)
[2020-02-28T04:42:28.922+0000][1][gc,metaspace ] GC(98) Metaspace: 80120K->80120K(1122304K)
[2020-02-28T04:42:28.922+0000][1][gc           ] GC(98) Pause Young (Allocation Failure) 127M->61M(1015M) 9.773ms
[2020-02-28T04:42:28.922+0000][1][gc,cpu       ] GC(98) User=0.01s Sys=0.00s Real=0.01s
[2020-02-28T04:42:28.922+0000][1][safepoint    ] Safepoint "GenCollectForAllocation", Time since last: 880147003 ns, Reaching safepoint: 73439 ns, At safepoint: 9827599 ns, Total: 9901038 ns
[2020-02-28T04:42:30.539+0000][1][safepoint    ] Safepoint "RevokeBias", Time since last: 1616170469 ns, Reaching safepoint: 78231 ns, At safepoint: 20720 ns, Total: 98951 ns
[2020-02-28T04:42:33.042+0000][1][safepoint    ] Safepoint "BulkRevokeBias", Time since last: 2502354939 ns, Reaching safepoint: 71758 ns, At safepoint: 365597 ns, Total: 437355 ns
[2020-02-28T04:42:35.553+0000][1][safepoint    ] Safepoint "RevokeBias", Time since last: 2511773228 ns, Reaching safepoint: 71227 ns, At safepoint: 41793 ns, Total: 113020 ns
[2020-02-28T04:42:38.067+0000][1][safepoint    ] Safepoint "RevokeBias", Time since last: 2513226180 ns, Reaching safepoint: 80337 ns, At safepoint: 18909 ns, Total: 99246 ns
[2020-02-28T04:42:40.578+0000][1][safepoint    ] Safepoint "RevokeBias", Time since last: 2511059884 ns, Reaching safepoint: 100618 ns, At safepoint: 20656 ns, Total: 121274 ns
[2020-02-28T04:42:43.095+0000][1][safepoint    ] Safepoint "RevokeBias", Time since last: 2517022769 ns, Reaching safepoint: 71571 ns, At safepoint: 36832 ns, Total: 108403 ns
[2020-02-28T04:42:45.097+0000][1][safepoint    ] Safepoint "Cleanup", Time since last: 2001900292 ns, Reaching safepoint: 153495 ns, At safepoint: 24842 ns, Total: 178337 ns
[2020-02-28T04:42:45.613+0000][1][safepoint    ] Safepoint "RevokeBias", Time since last: 515786123 ns, Reaching safepoint: 158381 ns, At safepoint: 36236 ns, Total: 194617 ns
[2020-02-28T04:42:48.125+0000][1][safepoint    ] Safepoint "RevokeBias", Time since last: 2511436408 ns, Reaching safepoint: 52928 ns, At safepoint: 17504 ns, Total: 70432 ns
[2020-02-28T04:42:50.643+0000][1][safepoint    ] Safepoint "RevokeBias", Time since last: 2518734012 ns, Reaching safepoint: 55707 ns, At safepoint: 17570 ns, Total: 73277 ns
[2020-02-28T04:42:51.649+0000][1][safepoint    ] Safepoint "Cleanup", Time since last: 1005056505 ns, Reaching safepoint: 80014 ns, At safepoint: 7133 ns, Total: 87147 ns
[2020-02-28T04:42:53.152+0000][1][safepoint    ] Safepoint "RevokeBias", Time since last: 1503698087 ns, Reaching safepoint: 70849 ns, At safepoint: 22494 ns, Total: 93343 ns
[2020-02-28T04:42:55.668+0000][1][safepoint    ] Safepoint "RevokeBias", Time since last: 2515567108 ns, Reaching safepoint: 71177 ns, At safepoint: 18765 ns, Total: 89942 ns
[2020-02-28T04:42:58.180+0000][1][safepoint    ] Safepoint "RevokeBias", Time since last: 2511759433 ns, Reaching safepoint: 110054 ns, At safepoint: 27053 ns, Total: 137107 ns
[2020-02-28T04:43:00.693+0000][1][safepoint    ] Safepoint "RevokeBias", Time since last: 2512984203 ns, Reaching safepoint: 74923 ns, At safepoint: 23159 ns, Total: 98082 ns
[2020-02-28T04:43:03.204+0000][1][safepoint    ] Safepoint "RevokeBias", Time since last: 2510916028 ns, Reaching safepoint: 78291 ns, At safepoint: 21653 ns, Total: 99944 ns
[2020-02-28T04:43:05.716+0000][1][safepoint    ] Safepoint "RevokeBias", Time since last: 2511772394 ns, Reaching safepoint: 52869 ns, At safepoint: 17220 ns, Total: 70089 ns
[2020-02-28T04:43:08.226+0000][1][safepoint    ] Safepoint "RevokeBias", Time since last: 2509999123 ns, Reaching safepoint: 96967 ns, At safepoint: 20502 ns, Total: 117469 ns
[2020-02-28T04:43:10.737+0000][1][safepoint    ] Safepoint "RevokeBias", Time since last: 2511199837 ns, Reaching safepoint: 101843 ns, At safepoint: 22956 ns, Total: 124799 ns
[2020-02-28T04:43:13.241+0000][1][safepoint    ] Safepoint "RevokeBias", Time since last: 2503404720 ns, Reaching safepoint: 110405 ns, At safepoint: 23472 ns, Total: 133877 ns
[2020-02-28T04:43:15.747+0000][1][safepoint    ] Safepoint "RevokeBias", Time since last: 2505956154 ns, Reaching safepoint: 84158 ns, At safepoint: 22892 ns, Total: 107050 ns
[2020-02-28T04:43:18.258+0000][1][safepoint    ] Safepoint "RevokeBias", Time since last: 2511544772 ns, Reaching safepoint: 53163 ns, At safepoint: 17147 ns, Total: 70310 ns
[2020-02-28T04:43:20.781+0000][1][safepoint    ] Safepoint "RevokeBias", Time since last: 2522228368 ns, Reaching safepoint: 72753 ns, At safepoint: 18704 ns, Total: 91457 ns
[2020-02-28T04:43:23.290+0000][1][safepoint    ] Safepoint "RevokeBias", Time since last: 2508842933 ns, Reaching safepoint: 94426 ns, At safepoint: 18696 ns, Total: 113122 ns
[2020-02-28T04:43:25.795+0000][1][safepoint    ] Safepoint "RevokeBias", Time since last: 2504714285 ns, Reaching safepoint: 81322 ns, At safepoint: 20556 ns, Total: 101878 ns
[2020-02-28T04:43:28.299+0000][1][safepoint    ] Safepoint "RevokeBias", Time since last: 2504739647 ns, Reaching safepoint: 108240 ns, At safepoint: 22390 ns, Total: 130630 ns
[2020-02-28T04:43:30.806+0000][1][safepoint    ] Safepoint "RevokeBias", Time since last: 2506767265 ns, Reaching safepoint: 141669 ns, At safepoint: 44018 ns, Total: 185687 ns
[2020-02-28T04:43:33.317+0000][1][safepoint    ] Safepoint "RevokeBias", Time since last: 2510786745 ns, Reaching safepoint: 145561 ns, At safepoint: 24426 ns, Total: 169987 ns
[2020-02-28T04:43:35.951+0000][1][safepoint    ] Safepoint "RevokeBias", Time since last: 2521178927 ns, Reaching safepoint: 112429387 ns, At safepoint: 27154 ns, Total: 112456541 ns
[2020-02-28T04:43:38.346+0000][1][safepoint    ] Safepoint "RevokeBias", Time since last: 2395051069 ns, Reaching safepoint: 190728 ns, At safepoint: 19419 ns, Total: 210147 ns
[2020-02-28T04:43:40.849+0000][1][safepoint    ] Safepoint "RevokeBias", Time since last: 2502491511 ns, Reaching safepoint: 83393 ns, At safepoint: 21590 ns, Total: 104983 ns
[2020-02-28T04:43:43.352+0000][1][safepoint    ] Safepoint "RevokeBias", Time since last: 2503020138 ns, Reaching safepoint: 74389 ns, At safepoint: 18927 ns, Total: 93316 ns
[2020-02-28T04:43:45.858+0000][1][safepoint    ] Safepoint "BulkRevokeBias", Time since last: 2505220589 ns, Reaching safepoint: 84209 ns, At safepoint: 257385 ns, Total: 341594 ns
[2020-02-28T04:43:48.367+0000][1][safepoint    ] Safepoint "RevokeBias", Time since last: 2508941508 ns, Reaching safepoint: 71820 ns, At safepoint: 18011 ns, Total: 89831 ns
[2020-02-28T04:43:50.885+0000][1][safepoint    ] Safepoint "RevokeBias", Time since last: 2518264263 ns, Reaching safepoint: 72404 ns, At safepoint: 18625 ns, Total: 91029 ns
[2020-02-28T04:43:53.411+0000][1][safepoint    ] Safepoint "RevokeBias", Time since last: 2525868603 ns, Reaching safepoint: 72692 ns, At safepoint: 18372 ns, Total: 91064 ns
[2020-02-28T04:43:55.920+0000][1][safepoint    ] Safepoint "RevokeBias", Time since last: 2508735974 ns, Reaching safepoint: 70386 ns, At safepoint: 18153 ns, Total: 88539 ns
[2020-02-28T04:43:58.424+0000][1][safepoint    ] Safepoint "RevokeBias", Time since last: 2504058523 ns, Reaching safepoint: 129716 ns, At safepoint: 26836 ns, Total: 156552 ns
[2020-02-28T04:44:00.948+0000][1][safepoint    ] Safepoint "RevokeBias", Time since last: 2524103165 ns, Reaching safepoint: 90617 ns, At safepoint: 18815 ns, Total: 109432 ns
[2020-02-28T04:44:03.453+0000][1][safepoint    ] Safepoint "RevokeBias", Time since last: 2504531184 ns, Reaching safepoint: 72135 ns, At safepoint: 18759 ns, Total: 90894 ns
[2020-02-28T04:44:05.960+0000][1][safepoint    ] Safepoint "RevokeBias", Time since last: 2506779360 ns, Reaching safepoint: 79338 ns, At safepoint: 67551 ns, Total: 146889 ns
[2020-02-28T04:44:08.480+0000][1][safepoint    ] Safepoint "RevokeBias", Time since last: 2520474034 ns, Reaching safepoint: 52408 ns, At safepoint: 16305 ns, Total: 68713 ns
[2020-02-28T04:44:10.996+0000][1][safepoint    ] Safepoint "RevokeBias", Time since last: 2515733744 ns, Reaching safepoint: 96138 ns, At safepoint: 19447 ns, Total: 115585 ns
[2020-02-28T04:44:13.506+0000][1][safepoint    ] Safepoint "RevokeBias", Time since last: 2509467398 ns, Reaching safepoint: 60590 ns, At safepoint: 34381 ns, Total: 94971 ns
[2020-02-28T04:44:16.012+0000][1][safepoint    ] Safepoint "RevokeBias", Time since last: 2506053491 ns, Reaching safepoint: 72674 ns, At safepoint: 19148 ns, Total: 91822 ns
[2020-02-28T04:44:18.516+0000][1][safepoint    ] Safepoint "RevokeBias", Time since last: 2504061052 ns, Reaching safepoint: 85249 ns, At safepoint: 21219 ns, Total: 106468 ns
[2020-02-28T04:44:21.021+0000][1][safepoint    ] Safepoint "RevokeBias", Time since last: 2504863064 ns, Reaching safepoint: 86909 ns, At safepoint: 22032 ns, Total: 108941 ns
[2020-02-28T04:44:23.524+0000][1][safepoint    ] Safepoint "RevokeBias", Time since last: 2503426073 ns, Reaching safepoint: 83800 ns, At safepoint: 21764 ns, Total: 105564 ns
[2020-02-28T04:44:26.046+0000][1][safepoint    ] Safepoint "RevokeBias", Time since last: 2521866744 ns, Reaching safepoint: 53583 ns, At safepoint: 16950 ns, Total: 70533 ns
[2020-02-28T04:44:28.573+0000][1][safepoint    ] Safepoint "RevokeBias", Time since last: 2526521371 ns, Reaching safepoint: 88934 ns, At safepoint: 21098 ns, Total: 110032 ns
[2020-02-28T04:44:31.088+0000][1][safepoint    ] Safepoint "RevokeBias", Time since last: 2515349139 ns, Reaching safepoint: 75465 ns, At safepoint: 19700 ns, Total: 95165 ns
[2020-02-28T04:44:33.591+0000][1][safepoint    ] Safepoint "RevokeBias", Time since last: 2502921935 ns, Reaching safepoint: 70746 ns, At safepoint: 17865 ns, Total: 88611 ns
[2020-02-28T04:44:36.097+0000][1][safepoint    ] Safepoint "RevokeBias", Time since last: 2505413603 ns, Reaching safepoint: 73191 ns, At safepoint: 17934 ns, Total: 91125 ns
[2020-02-28T04:44:38.601+0000][1][safepoint    ] Safepoint "RevokeBias", Time since last: 2503979255 ns, Reaching safepoint: 174040 ns, At safepoint: 20534 ns, Total: 194574 ns
[2020-02-28T04:44:41.111+0000][1][safepoint    ] Safepoint "RevokeBias", Time since last: 2509834638 ns, Reaching safepoint: 72409 ns, At safepoint: 19726 ns, Total: 92135 ns
[2020-02-28T04:44:43.623+0000][1][safepoint    ] Safepoint "RevokeBias", Time since last: 2511735637 ns, Reaching safepoint: 70435 ns, At safepoint: 18592 ns, Total: 89027 ns
[2020-02-28T04:44:46.140+0000][1][safepoint    ] Safepoint "RevokeBias", Time since last: 2516772314 ns, Reaching safepoint: 70219 ns, At safepoint: 18194 ns, Total: 88413 ns
[2020-02-28T04:44:48.662+0000][1][safepoint    ] Safepoint "RevokeBias", Time since last: 2522633842 ns, Reaching safepoint: 71308 ns, At safepoint: 18577 ns, Total: 89885 ns
[2020-02-28T04:44:48.763+0000][1][gc,start     ] GC(99) Pause Young (Allocation Failure)
[2020-02-28T04:44:48.763+0000][1][gc,task      ] GC(99) Using 1 workers of 1 for evacuation
[2020-02-28T04:44:48.775+0000][1][gc,age       ] GC(99) Desired survivor size 4358144 bytes, new threshold 6 (max threshold 6)
[2020-02-28T04:44:48.775+0000][1][gc,age       ] GC(99) Age table with threshold 6 (max threshold 6)
[2020-02-28T04:44:48.775+0000][1][gc,age       ] GC(99) - age   1:      12056 bytes,      12056 total
[2020-02-28T04:44:48.775+0000][1][gc,age       ] GC(99) - age   2:        264 bytes,      12320 total
[2020-02-28T04:44:48.775+0000][1][gc,age       ] GC(99) - age   4:        176 bytes,      12496 total
[2020-02-28T04:44:48.775+0000][1][gc,age       ] GC(99) - age   6:        712 bytes,      13208 total
[2020-02-28T04:44:48.775+0000][1][gc,heap      ] GC(99) ParNew: 68183K->15K(76672K)
[2020-02-28T04:44:48.775+0000][1][gc,heap      ] GC(99) CMS: 62659K->62660K(963392K)
[2020-02-28T04:44:48.775+0000][1][gc,metaspace ] GC(99) Metaspace: 80120K->80120K(1122304K)
[2020-02-28T04:44:48.775+0000][1][gc           ] GC(99) Pause Young (Allocation Failure) 127M->61M(1015M) 11.925ms
[2020-02-28T04:44:48.775+0000][1][gc,cpu       ] GC(99) User=0.01s Sys=0.00s Real=0.01s
[2020-02-28T04:44:48.775+0000][1][safepoint    ] Safepoint "GenCollectForAllocation", Time since last: 100787714 ns, Reaching safepoint: 54372 ns, At safepoint: 11979787 ns, Total: 12034159 ns
[2020-02-28T04:44:51.177+0000][1][safepoint    ] Safepoint "RevokeBias", Time since last: 2402005987 ns, Reaching safepoint: 75365 ns, At safepoint: 19525 ns, Total: 94890 ns
[2020-02-28T04:44:53.682+0000][1][safepoint    ] Safepoint "RevokeBias", Time since last: 2504220862 ns, Reaching safepoint: 100530 ns, At safepoint: 27433 ns, Total: 127963 ns
[2020-02-28T04:44:56.187+0000][1][safepoint    ] Safepoint "RevokeBias", Time since last: 2505088629 ns, Reaching safepoint: 80058 ns, At safepoint: 21389 ns, Total: 101447 ns
[2020-02-28T04:44:58.691+0000][1][safepoint    ] Safepoint "BulkRevokeBias", Time since last: 2503529965 ns, Reaching safepoint: 98774 ns, At safepoint: 280026 ns, Total: 378800 ns
[2020-02-28T04:45:01.196+0000][1][safepoint    ] Safepoint "RevokeBias", Time since last: 2504923515 ns, Reaching safepoint: 67527 ns, At safepoint: 17824 ns, Total: 85351 ns
[2020-02-28T04:45:03.718+0000][1][safepoint    ] Safepoint "RevokeBias", Time since last: 2521843923 ns, Reaching safepoint: 52039 ns, At safepoint: 17101 ns, Total: 69140 ns
[2020-02-28T04:45:06.239+0000][1][safepoint    ] Safepoint "RevokeBias", Time since last: 2521622547 ns, Reaching safepoint: 55021 ns, At safepoint: 17010 ns, Total: 72031 ns
[2020-02-28T04:45:08.755+0000][1][safepoint    ] Safepoint "RevokeBias", Time since last: 2515643109 ns, Reaching safepoint: 51238 ns, At safepoint: 16967 ns, Total: 68205 ns
[2020-02-28T04:45:11.270+0000][1][safepoint    ] Safepoint "RevokeBias", Time since last: 2515206115 ns, Reaching safepoint: 76436 ns, At safepoint: 19841 ns, Total: 96277 ns
[2020-02-28T04:45:13.773+0000][1][safepoint    ] Safepoint "RevokeBias", Time since last: 2502116120 ns, Reaching safepoint: 105943 ns, At safepoint: 19528 ns, Total: 125471 ns
[2020-02-28T04:45:16.277+0000][1][safepoint    ] Safepoint "RevokeBias", Time since last: 2504184771 ns, Reaching safepoint: 83810 ns, At safepoint: 21287 ns, Total: 105097 ns
[2020-02-28T04:45:18.781+0000][1][safepoint    ] Safepoint "RevokeBias", Time since last: 2504145282 ns, Reaching safepoint: 85808 ns, At safepoint: 21953 ns, Total: 107761 ns
[2020-02-28T04:45:21.298+0000][1][safepoint    ] Safepoint "RevokeBias", Time since last: 2516303237 ns, Reaching safepoint: 70139 ns, At safepoint: 18163 ns, Total: 88302 ns
[2020-02-28T04:45:23.808+0000][1][safepoint    ] Safepoint "RevokeBias", Time since last: 2510006500 ns, Reaching safepoint: 89701 ns, At safepoint: 21541 ns, Total: 111242 ns
[2020-02-28T04:45:26.329+0000][1][safepoint    ] Safepoint "RevokeBias", Time since last: 2521110807 ns, Reaching safepoint: 123255 ns, At safepoint: 19225 ns, Total: 142480 ns
[2020-02-28T04:45:28.838+0000][1][safepoint    ] Safepoint "RevokeBias", Time since last: 2508845703 ns, Reaching safepoint: 70382 ns, At safepoint: 18689 ns, Total: 89071 ns
[2020-02-28T04:45:31.343+0000][1][safepoint    ] Safepoint "RevokeBias", Time since last: 2505205634 ns, Reaching safepoint: 107161 ns, At safepoint: 24686 ns, Total: 131847 ns
[2020-02-28T04:45:33.846+0000][1][safepoint    ] Safepoint "RevokeBias", Time since last: 2502734067 ns, Reaching safepoint: 85324 ns, At safepoint: 21068 ns, Total: 106392 ns
[2020-02-28T04:45:36.353+0000][1][safepoint    ] Safepoint "RevokeBias", Time since last: 2506727578 ns, Reaching safepoint: 73882 ns, At safepoint: 19517 ns, Total: 93399 ns
[2020-02-28T04:45:38.864+0000][1][safepoint    ] Safepoint "RevokeBias", Time since last: 2510583398 ns, Reaching safepoint: 156343 ns, At safepoint: 58289 ns, Total: 214632 ns
[2020-02-28T04:45:41.396+0000][1][safepoint    ] Safepoint "RevokeBias", Time since last: 2531797882 ns, Reaching safepoint: 70174 ns, At safepoint: 110696 ns, Total: 180870 ns
[2020-02-28T04:45:43.915+0000][1][safepoint    ] Safepoint "RevokeBias", Time since last: 2519085968 ns, Reaching safepoint: 71934 ns, At safepoint: 17729 ns, Total: 89663 ns
[2020-02-28T04:45:46.427+0000][1][safepoint    ] Safepoint "RevokeBias", Time since last: 2511831592 ns, Reaching safepoint: 71902 ns, At safepoint: 18095 ns, Total: 89997 ns
[2020-02-28T04:45:48.947+0000][1][safepoint    ] Safepoint "RevokeBias", Time since last: 2520438973 ns, Reaching safepoint: 170353 ns, At safepoint: 22283 ns, Total: 192636 ns
[2020-02-28T04:45:51.461+0000][1][safepoint    ] Safepoint "RevokeBias", Time since last: 2513273195 ns, Reaching safepoint: 145519 ns, At safepoint: 19049 ns, Total: 164568 ns
[2020-02-28T04:45:53.970+0000][1][safepoint    ] Safepoint "RevokeBias", Time since last: 2508590925 ns, Reaching safepoint: 158712 ns, At safepoint: 26160 ns, Total: 184872 ns
[2020-02-28T04:45:56.482+0000][1][safepoint    ] Safepoint "RevokeBias", Time since last: 2512182975 ns, Reaching safepoint: 76693 ns, At safepoint: 46775 ns, Total: 123468 ns
[2020-02-28T04:45:59.000+0000][1][safepoint    ] Safepoint "RevokeBias", Time since last: 2518027319 ns, Reaching safepoint: 67646 ns, At safepoint: 17891 ns, Total: 85537 ns
[2020-02-28T04:46:01.514+0000][1][safepoint    ] Safepoint "RevokeBias", Time since last: 2513339352 ns, Reaching safepoint: 99418 ns, At safepoint: 20407 ns, Total: 119825 ns
[2020-02-28T04:46:04.021+0000][1][safepoint    ] Safepoint "RevokeBias", Time since last: 2507286962 ns, Reaching safepoint: 51703 ns, At safepoint: 16931 ns, Total: 68634 ns
[2020-02-28T04:46:06.538+0000][1][safepoint    ] Safepoint "RevokeBias", Time since last: 2516749670 ns, Reaching safepoint: 74482 ns, At safepoint: 19622 ns, Total: 94104 ns
[2020-02-28T04:46:09.048+0000][1][safepoint    ] Safepoint "RevokeBias", Time since last: 2509773157 ns, Reaching safepoint: 138665 ns, At safepoint: 19372 ns, Total: 158037 ns
[2020-02-28T04:46:11.564+0000][1][safepoint    ] Safepoint "BulkRevokeBias", Time since last: 2515944263 ns, Reaching safepoint: 89363 ns, At safepoint: 262897 ns, Total: 352260 ns
[2020-02-28T04:46:14.075+0000][1][safepoint    ] Safepoint "RevokeBias", Time since last: 2510548318 ns, Reaching safepoint: 52002 ns, At safepoint: 16583 ns, Total: 68585 ns
[2020-02-28T04:46:16.587+0000][1][safepoint    ] Safepoint "RevokeBias", Time since last: 2512138502 ns, Reaching safepoint: 151361 ns, At safepoint: 18947 ns, Total: 170308 ns
[2020-02-28T04:46:19.101+0000][1][safepoint    ] Safepoint "RevokeBias", Time since last: 2514033571 ns, Reaching safepoint: 142493 ns, At safepoint: 20546 ns, Total: 163039 ns
[2020-02-28T04:46:21.625+0000][1][safepoint    ] Safepoint "RevokeBias", Time since last: 2523329661 ns, Reaching safepoint: 58997 ns, At safepoint: 17642 ns, Total: 76639 ns
[2020-02-28T04:46:24.148+0000][1][safepoint    ] Safepoint "RevokeBias", Time since last: 2523004710 ns, Reaching safepoint: 107353 ns, At safepoint: 22033 ns, Total: 129386 ns
[2020-02-28T04:46:26.663+0000][1][safepoint    ] Safepoint "RevokeBias", Time since last: 2515363375 ns, Reaching safepoint: 73908 ns, At safepoint: 18572 ns, Total: 92480 ns
[2020-02-28T04:46:27.669+0000][1][safepoint    ] Safepoint "Cleanup", Time since last: 1005597018 ns, Reaching safepoint: 66041 ns, At safepoint: 6671 ns, Total: 72712 ns
[2020-02-28T04:46:29.168+0000][1][safepoint    ] Safepoint "RevokeBias", Time since last: 1499103397 ns, Reaching safepoint: 75812 ns, At safepoint: 19018 ns, Total: 94830 ns
[2020-02-28T04:46:31.673+0000][1][safepoint    ] Safepoint "RevokeBias", Time since last: 2504932602 ns, Reaching safepoint: 100855 ns, At safepoint: 25719 ns, Total: 126574 ns
[2020-02-28T04:46:34.176+0000][1][safepoint    ] Safepoint "RevokeBias", Time since last: 2502806445 ns, Reaching safepoint: 86065 ns, At safepoint: 19770 ns, Total: 105835 ns
[2020-02-28T04:46:36.686+0000][1][safepoint    ] Safepoint "RevokeBias", Time since last: 2509851652 ns, Reaching safepoint: 53491 ns, At safepoint: 16574 ns, Total: 70065 ns
[2020-02-28T04:46:39.207+0000][1][safepoint    ] Safepoint "RevokeBias", Time since last: 2520948133 ns, Reaching safepoint: 56379 ns, At safepoint: 16931 ns, Total: 73310 ns
[2020-02-28T04:46:41.719+0000][1][safepoint    ] Safepoint "RevokeBias", Time since last: 2511599603 ns, Reaching safepoint: 72558 ns, At safepoint: 18363 ns, Total: 90921 ns
[2020-02-28T04:46:44.222+0000][1][safepoint    ] Safepoint "RevokeBias", Time since last: 2503759110 ns, Reaching safepoint: 60260 ns, At safepoint: 19804 ns, Total: 80064 ns
[2020-02-28T04:46:46.727+0000][1][safepoint    ] Safepoint "RevokeBias", Time since last: 2504788578 ns, Reaching safepoint: 85667 ns, At safepoint: 21818 ns, Total: 107485 ns
[2020-02-28T04:46:49.233+0000][1][safepoint    ] Safepoint "RevokeBias", Time since last: 2505237408 ns, Reaching safepoint: 73280 ns, At safepoint: 18651 ns, Total: 91931 ns
[2020-02-28T04:46:51.738+0000][1][safepoint    ] Safepoint "RevokeBias", Time since last: 2505049263 ns, Reaching safepoint: 72424 ns, At safepoint: 18501 ns, Total: 90925 ns
[2020-02-28T04:46:54.248+0000][1][safepoint    ] Safepoint "RevokeBias", Time since last: 2510223416 ns, Reaching safepoint: 69612 ns, At safepoint: 19516 ns, Total: 89128 ns
[2020-02-28T04:46:56.777+0000][1][safepoint    ] Safepoint "RevokeBias", Time since last: 2522998129 ns, Reaching safepoint: 5771149 ns, At safepoint: 28401 ns, Total: 5799550 ns
[2020-02-28T04:46:59.281+0000][1][safepoint    ] Safepoint "RevokeBias", Time since last: 2504477352 ns, Reaching safepoint: 74974 ns, At safepoint: 17939 ns, Total: 92913 ns
[2020-02-28T04:47:01.785+0000][1][safepoint    ] Safepoint "RevokeBias", Time since last: 2503402294 ns, Reaching safepoint: 91334 ns, At safepoint: 21031 ns, Total: 112365 ns
[2020-02-28T04:47:04.289+0000][1][safepoint    ] Safepoint "RevokeBias", Time since last: 2503510516 ns, Reaching safepoint: 71486 ns, At safepoint: 18636 ns, Total: 90122 ns
[2020-02-28T04:47:06.795+0000][1][safepoint    ] Safepoint "RevokeBias", Time since last: 2506105513 ns, Reaching safepoint: 72027 ns, At safepoint: 18347 ns, Total: 90374 ns
[2020-02-28T04:47:08.987+0000][1][gc,start     ] GC(100) Pause Young (Allocation Failure)
[2020-02-28T04:47:08.987+0000][1][gc,task      ] GC(100) Using 1 workers of 1 for evacuation
[2020-02-28T04:47:09.004+0000][1][gc,age       ] GC(100) Desired survivor size 4358144 bytes, new threshold 6 (max threshold 6)
[2020-02-28T04:47:09.004+0000][1][gc,age       ] GC(100) Age table with threshold 6 (max threshold 6)
[2020-02-28T04:47:09.004+0000][1][gc,age       ] GC(100) - age   1:      12064 bytes,      12064 total
[2020-02-28T04:47:09.004+0000][1][gc,age       ] GC(100) - age   3:        264 bytes,      12328 total
[2020-02-28T04:47:09.004+0000][1][gc,age       ] GC(100) - age   5:        176 bytes,      12504 total
[2020-02-28T04:47:09.004+0000][1][gc,heap      ] GC(100) ParNew: 68175K->23K(76672K)
[2020-02-28T04:47:09.004+0000][1][gc,heap      ] GC(100) CMS: 62660K->62660K(963392K)
[2020-02-28T04:47:09.004+0000][1][gc,metaspace ] GC(100) Metaspace: 80121K->80121K(1122304K)
[2020-02-28T04:47:09.004+0000][1][gc           ] GC(100) Pause Young (Allocation Failure) 127M->61M(1015M) 17.041ms
[2020-02-28T04:47:09.004+0000][1][gc,cpu       ] GC(100) User=0.01s Sys=0.00s Real=0.01s
[2020-02-28T04:47:09.004+0000][1][safepoint    ] Safepoint "GenCollectForAllocation", Time since last: 2191717187 ns, Reaching safepoint: 265600 ns, At safepoint: 17165476 ns, Total: 17431076 ns
[2020-02-28T04:47:09.300+0000][1][safepoint    ] Safepoint "RevokeBias", Time since last: 296306204 ns, Reaching safepoint: 172976 ns, At safepoint: 55473 ns, Total: 228449 ns
[2020-02-28T04:47:11.819+0000][1][safepoint    ] Safepoint "RevokeBias", Time since last: 2518862380 ns, Reaching safepoint: 73051 ns, At safepoint: 18798 ns, Total: 91849 ns
[2020-02-28T04:47:14.336+0000][1][safepoint    ] Safepoint "RevokeBias", Time since last: 2516796771 ns, Reaching safepoint: 71303 ns, At safepoint: 18637 ns, Total: 89940 ns
[2020-02-28T04:47:16.847+0000][1][safepoint    ] Safepoint "RevokeBias", Time since last: 2510418229 ns, Reaching safepoint: 86270 ns, At safepoint: 21750 ns, Total: 108020 ns
[2020-02-28T04:47:19.350+0000][1][safepoint    ] Safepoint "RevokeBias", Time since last: 2503489330 ns, Reaching safepoint: 126924 ns, At safepoint: 20894 ns, Total: 147818 ns
[2020-02-28T04:47:21.857+0000][1][safepoint    ] Safepoint "RevokeBias", Time since last: 2505783352 ns, Reaching safepoint: 320032 ns, At safepoint: 41607 ns, Total: 361639 ns
[2020-02-28T04:47:24.358+0000][1][safepoint    ] Safepoint "BulkRevokeBias", Time since last: 2501193348 ns, Reaching safepoint: 94105 ns, At safepoint: 277968 ns, Total: 372073 ns
[2020-02-28T04:47:26.863+0000][1][safepoint    ] Safepoint "RevokeBias", Time since last: 2504840178 ns, Reaching safepoint: 72578 ns, At safepoint: 17407 ns, Total: 89985 ns
[2020-02-28T04:47:29.382+0000][1][safepoint    ] Safepoint "RevokeBias", Time since last: 2519143387 ns, Reaching safepoint: 97916 ns, At safepoint: 63462 ns, Total: 161378 ns
[2020-02-28T04:47:31.904+0000][1][safepoint    ] Safepoint "RevokeBias", Time since last: 2521619199 ns, Reaching safepoint: 108843 ns, At safepoint: 37735 ns, Total: 146578 ns
[2020-02-28T04:47:34.416+0000][1][safepoint    ] Safepoint "RevokeBias", Time since last: 2512155201 ns, Reaching safepoint: 103308 ns, At safepoint: 25053 ns, Total: 128361 ns
[2020-02-28T04:47:36.924+0000][1][safepoint    ] Safepoint "RevokeBias", Time since last: 2506954737 ns, Reaching safepoint: 81933 ns, At safepoint: 22126 ns, Total: 104059 ns
[2020-02-28T04:47:39.428+0000][1][safepoint    ] Safepoint "RevokeBias", Time since last: 2504739934 ns, Reaching safepoint: 93970 ns, At safepoint: 29462 ns, Total: 123432 ns
[2020-02-28T04:47:41.934+0000][1][safepoint    ] Safepoint "RevokeBias", Time since last: 2505958451 ns, Reaching safepoint: 73785 ns, At safepoint: 17787 ns, Total: 91572 ns
[2020-02-28T04:47:44.448+0000][1][safepoint    ] Safepoint "RevokeBias", Time since last: 2513569581 ns, Reaching safepoint: 75888 ns, At safepoint: 19197 ns, Total: 95085 ns
[2020-02-28T04:47:46.964+0000][1][safepoint    ] Safepoint "RevokeBias", Time since last: 2516135221 ns, Reaching safepoint: 134196 ns, At safepoint: 53862 ns, Total: 188058 ns
[2020-02-28T04:47:49.475+0000][1][safepoint    ] Safepoint "RevokeBias", Time since last: 2510653690 ns, Reaching safepoint: 76257 ns, At safepoint: 19002 ns, Total: 95259 ns
[2020-02-28T04:47:51.981+0000][1][safepoint    ] Safepoint "RevokeBias", Time since last: 2505671996 ns, Reaching safepoint: 83070 ns, At safepoint: 22262 ns, Total: 105332 ns
[2020-02-28T04:47:54.484+0000][1][safepoint    ] Safepoint "RevokeBias", Time since last: 2503078828 ns, Reaching safepoint: 72736 ns, At safepoint: 18638 ns, Total: 91374 ns
[2020-02-28T04:47:56.989+0000][1][safepoint    ] Safepoint "RevokeBias", Time since last: 2505107490 ns, Reaching safepoint: 81370 ns, At safepoint: 76957 ns, Total: 158327 ns
[2020-02-28T04:47:59.494+0000][1][safepoint    ] Safepoint "RevokeBias", Time since last: 2504469848 ns, Reaching safepoint: 85869 ns, At safepoint: 21813 ns, Total: 107682 ns
[2020-02-28T04:48:02.005+0000][1][safepoint    ] Safepoint "RevokeBias", Time since last: 2510484307 ns, Reaching safepoint: 73504 ns, At safepoint: 18322 ns, Total: 91826 ns
[2020-02-28T04:48:04.775+0000][1][safepoint    ] Safepoint "RevokeBias", Time since last: 2770189357 ns, Reaching safepoint: 106517 ns, At safepoint: 22480 ns, Total: 128997 ns
[2020-02-28T04:48:07.281+0000][1][safepoint    ] Safepoint "RevokeBias", Time since last: 2506234220 ns, Reaching safepoint: 71831 ns, At safepoint: 18982 ns, Total: 90813 ns
[2020-02-28T04:48:09.901+0000][1][safepoint    ] Safepoint "RevokeBias", Time since last: 2619287128 ns, Reaching safepoint: 138551 ns, At safepoint: 57216 ns, Total: 195767 ns
[2020-02-28T04:48:12.404+0000][1][safepoint    ] Safepoint "RevokeBias", Time since last: 2503472291 ns, Reaching safepoint: 87607 ns, At safepoint: 21471 ns, Total: 109078 ns
[2020-02-28T04:48:15.043+0000][1][safepoint    ] Safepoint "RevokeBias", Time since last: 2503988018 ns, Reaching safepoint: 134278736 ns, At safepoint: 25578 ns, Total: 134304314 ns
[2020-02-28T04:48:17.422+0000][1][safepoint    ] Safepoint "RevokeBias", Time since last: 2379598475 ns, Reaching safepoint: 51113 ns, At safepoint: 68509 ns, Total: 119622 ns
[2020-02-28T04:48:19.941+0000][1][safepoint    ] Safepoint "RevokeBias", Time since last: 2518490714 ns, Reaching safepoint: 99893 ns, At safepoint: 39917 ns, Total: 139810 ns
[2020-02-28T04:48:22.453+0000][1][safepoint    ] Safepoint "RevokeBias", Time since last: 2511735746 ns, Reaching safepoint: 93986 ns, At safepoint: 19217 ns, Total: 113203 ns
[2020-02-28T04:48:24.956+0000][1][safepoint    ] Safepoint "RevokeBias", Time since last: 2503151335 ns, Reaching safepoint: 75102 ns, At safepoint: 19132 ns, Total: 94234 ns
[2020-02-28T04:48:27.463+0000][1][safepoint    ] Safepoint "RevokeBias", Time since last: 2506551163 ns, Reaching safepoint: 81619 ns, At safepoint: 21654 ns, Total: 103273 ns
[2020-02-28T04:48:29.970+0000][1][safepoint    ] Safepoint "RevokeBias", Time since last: 2507021585 ns, Reaching safepoint: 83741 ns, At safepoint: 19902 ns, Total: 103643 ns
[2020-02-28T04:48:32.475+0000][1][safepoint    ] Safepoint "RevokeBias", Time since last: 2505301013 ns, Reaching safepoint: 71875 ns, At safepoint: 17588 ns, Total: 89463 ns
[2020-02-28T04:48:34.984+0000][1][safepoint    ] Safepoint "RevokeBias", Time since last: 2508312344 ns, Reaching safepoint: 107611 ns, At safepoint: 21720 ns, Total: 129331 ns
[2020-02-28T04:48:37.504+0000][1][safepoint    ] Safepoint "BulkRevokeBias", Time since last: 2519597412 ns, Reaching safepoint: 98993 ns, At safepoint: 211820 ns, Total: 310813 ns
[2020-02-28T04:48:40.022+0000][1][safepoint    ] Safepoint "RevokeBias", Time since last: 2517923981 ns, Reaching safepoint: 52971 ns, At safepoint: 16914 ns, Total: 69885 ns
[2020-02-28T04:48:42.534+0000][1][safepoint    ] Safepoint "RevokeBias", Time since last: 2512095906 ns, Reaching safepoint: 84576 ns, At safepoint: 56460 ns, Total: 141036 ns
[2020-02-28T04:48:45.038+0000][1][safepoint    ] Safepoint "RevokeBias", Time since last: 2504534003 ns, Reaching safepoint: 69192 ns, At safepoint: 16580 ns, Total: 85772 ns
[2020-02-28T04:48:47.545+0000][1][safepoint    ] Safepoint "RevokeBias", Time since last: 2506036495 ns, Reaching safepoint: 87638 ns, At safepoint: 21598 ns, Total: 109236 ns
[2020-02-28T04:48:50.049+0000][1][safepoint    ] Safepoint "RevokeBias", Time since last: 2504528372 ns, Reaching safepoint: 84830 ns, At safepoint: 23814 ns, Total: 108644 ns
[2020-02-28T04:48:52.051+0000][1][safepoint    ] Safepoint "Cleanup", Time since last: 2001753026 ns, Reaching safepoint: 69103 ns, At safepoint: 7170 ns, Total: 76273 ns
[2020-02-28T04:48:52.554+0000][1][safepoint    ] Safepoint "RevokeBias", Time since last: 502558164 ns, Reaching safepoint: 119630 ns, At safepoint: 39630 ns, Total: 159260 ns
[2020-02-28T04:48:55.070+0000][1][safepoint    ] Safepoint "RevokeBias", Time since last: 2516455974 ns, Reaching safepoint: 53908 ns, At safepoint: 17373 ns, Total: 71281 ns
[2020-02-28T04:48:57.591+0000][1][safepoint    ] Safepoint "RevokeBias", Time since last: 2520615210 ns, Reaching safepoint: 57098 ns, At safepoint: 16890 ns, Total: 73988 ns
[2020-02-28T04:49:00.102+0000][1][safepoint    ] Safepoint "RevokeBias", Time since last: 2510853411 ns, Reaching safepoint: 90863 ns, At safepoint: 48571 ns, Total: 139434 ns
[2020-02-28T04:49:02.607+0000][1][safepoint    ] Safepoint "RevokeBias", Time since last: 2505466726 ns, Reaching safepoint: 71143 ns, At safepoint: 18812 ns, Total: 89955 ns
[2020-02-28T04:49:05.110+0000][1][safepoint    ] Safepoint "RevokeBias", Time since last: 2502290023 ns, Reaching safepoint: 90728 ns, At safepoint: 22028 ns, Total: 112756 ns
[2020-02-28T04:49:07.616+0000][1][safepoint    ] Safepoint "RevokeBias", Time since last: 2506169583 ns, Reaching safepoint: 93067 ns, At safepoint: 47696 ns, Total: 140763 ns
[2020-02-28T04:49:10.121+0000][1][safepoint    ] Safepoint "RevokeBias", Time since last: 2505000225 ns, Reaching safepoint: 84424 ns, At safepoint: 21733 ns, Total: 106157 ns
[2020-02-28T04:49:12.638+0000][1][safepoint    ] Safepoint "RevokeBias", Time since last: 2516564583 ns, Reaching safepoint: 70829 ns, At safepoint: 17814 ns, Total: 88643 ns
[2020-02-28T04:49:15.156+0000][1][safepoint    ] Safepoint "RevokeBias", Time since last: 2518172898 ns, Reaching safepoint: 85396 ns, At safepoint: 20636 ns, Total: 106032 ns
[2020-02-28T04:49:17.669+0000][1][safepoint    ] Safepoint "RevokeBias", Time since last: 2512674407 ns, Reaching safepoint: 84176 ns, At safepoint: 21678 ns, Total: 105854 ns
[2020-02-28T04:49:20.174+0000][1][safepoint    ] Safepoint "RevokeBias", Time since last: 2505040214 ns, Reaching safepoint: 86203 ns, At safepoint: 22378 ns, Total: 108581 ns
[2020-02-28T04:49:22.681+0000][1][safepoint    ] Safepoint "RevokeBias", Time since last: 2506576190 ns, Reaching safepoint: 92448 ns, At safepoint: 25060 ns, Total: 117508 ns
[2020-02-28T04:49:25.184+0000][1][safepoint    ] Safepoint "RevokeBias", Time since last: 2503499136 ns, Reaching safepoint: 70361 ns, At safepoint: 17984 ns, Total: 88345 ns
[2020-02-28T04:49:27.691+0000][1][safepoint    ] Safepoint "RevokeBias", Time since last: 2506342900 ns, Reaching safepoint: 83837 ns, At safepoint: 22527 ns, Total: 106364 ns
[2020-02-28T04:49:29.988+0000][1][gc,start     ] GC(101) Pause Young (Allocation Failure)
[2020-02-28T04:49:29.988+0000][1][gc,task      ] GC(101) Using 1 workers of 1 for evacuation
[2020-02-28T04:49:30.014+0000][1][gc,age       ] GC(101) Desired survivor size 4358144 bytes, new threshold 6 (max threshold 6)
[2020-02-28T04:49:30.014+0000][1][gc,age       ] GC(101) Age table with threshold 6 (max threshold 6)
[2020-02-28T04:49:30.014+0000][1][gc,age       ] GC(101) - age   1:      11088 bytes,      11088 total
[2020-02-28T04:49:30.014+0000][1][gc,age       ] GC(101) - age   4:        264 bytes,      11352 total
[2020-02-28T04:49:30.014+0000][1][gc,age       ] GC(101) - age   6:        176 bytes,      11528 total
[2020-02-28T04:49:30.014+0000][1][gc,heap      ] GC(101) ParNew: 68183K->14K(76672K)
[2020-02-28T04:49:30.014+0000][1][gc,heap      ] GC(101) CMS: 62660K->62660K(963392K)
[2020-02-28T04:49:30.014+0000][1][gc,metaspace ] GC(101) Metaspace: 80121K->80121K(1122304K)
[2020-02-28T04:49:30.014+0000][1][gc           ] GC(101) Pause Young (Allocation Failure) 127M->61M(1015M) 26.709ms
[2020-02-28T04:49:30.014+0000][1][gc,cpu       ] GC(101) User=0.01s Sys=0.00s Real=0.02s
[2020-02-28T04:49:30.014+0000][1][safepoint    ] Safepoint "GenCollectForAllocation", Time since last: 2296796220 ns, Reaching safepoint: 54750 ns, At safepoint: 26761470 ns, Total: 26816220 ns
[2020-02-28T04:49:30.205+0000][1][safepoint    ] Safepoint "RevokeBias", Time since last: 190494937 ns, Reaching safepoint: 211205 ns, At safepoint: 84585 ns, Total: 295790 ns
[2020-02-28T04:49:32.722+0000][1][safepoint    ] Safepoint "RevokeBias", Time since last: 2516557216 ns, Reaching safepoint: 54224 ns, At safepoint: 17426 ns, Total: 71650 ns
[2020-02-28T04:49:35.237+0000][1][safepoint    ] Safepoint "RevokeBias", Time since last: 2514619544 ns, Reaching safepoint: 72782 ns, At safepoint: 18888 ns, Total: 91670 ns
[2020-02-28T04:49:37.749+0000][1][safepoint    ] Safepoint "RevokeBias", Time since last: 2511789617 ns, Reaching safepoint: 84603 ns, At safepoint: 21467 ns, Total: 106070 ns
[2020-02-28T04:49:40.255+0000][1][safepoint    ] Safepoint "RevokeBias", Time since last: 2506311710 ns, Reaching safepoint: 84905 ns, At safepoint: 21317 ns, Total: 106222 ns
[2020-02-28T04:49:42.759+0000][1][safepoint    ] Safepoint "RevokeBias", Time since last: 2504073924 ns, Reaching safepoint: 75853 ns, At safepoint: 19058 ns, Total: 94911 ns
[2020-02-28T04:49:45.369+0000][1][safepoint    ] Safepoint "RevokeBias", Time since last: 2503860236 ns, Reaching safepoint: 106128476 ns, At safepoint: 46076 ns, Total: 106174552 ns
[2020-02-28T04:49:46.384+0000][1][safepoint    ] Safepoint "Cleanup", Time since last: 1015022381 ns, Reaching safepoint: 128047 ns, At safepoint: 7646 ns, Total: 135693 ns
[2020-02-28T04:49:47.769+0000][1][safepoint    ] Safepoint "RevokeBias", Time since last: 1384483753 ns, Reaching safepoint: 126673 ns, At safepoint: 23786 ns, Total: 150459 ns
[2020-02-28T04:49:50.280+0000][1][safepoint    ] Safepoint "BulkRevokeBias", Time since last: 2511022789 ns, Reaching safepoint: 73137 ns, At safepoint: 175551 ns, Total: 248688 ns
[2020-02-28T04:49:52.792+0000][1][safepoint    ] Safepoint "RevokeBias", Time since last: 2511480237 ns, Reaching safepoint: 134686 ns, At safepoint: 19663 ns, Total: 154349 ns
[2020-02-28T04:49:55.309+0000][1][safepoint    ] Safepoint "RevokeBias", Time since last: 2516975678 ns, Reaching safepoint: 57021 ns, At safepoint: 17276 ns, Total: 74297 ns
[2020-02-28T04:49:57.821+0000][1][safepoint    ] Safepoint "RevokeBias", Time since last: 2512220698 ns, Reaching safepoint: 109545 ns, At safepoint: 96823 ns, Total: 206368 ns
[2020-02-28T04:50:00.335+0000][1][safepoint    ] Safepoint "RevokeBias", Time since last: 2513627452 ns, Reaching safepoint: 57568 ns, At safepoint: 18277 ns, Total: 75845 ns
[2020-02-28T04:50:02.847+0000][1][safepoint    ] Safepoint "RevokeBias", Time since last: 2511903635 ns, Reaching safepoint: 81949 ns, At safepoint: 42974 ns, Total: 124923 ns
[2020-02-28T04:50:05.392+0000][1][safepoint    ] Safepoint "RevokeBias", Time since last: 2520722953 ns, Reaching safepoint: 24219383 ns, At safepoint: 33075 ns, Total: 24252458 ns
[2020-02-28T04:50:07.883+0000][1][safepoint    ] Safepoint "RevokeBias", Time since last: 2490460028 ns, Reaching safepoint: 69837 ns, At safepoint: 16306 ns, Total: 86143 ns
[2020-02-28T04:50:10.394+0000][1][safepoint    ] Safepoint "RevokeBias", Time since last: 2511261357 ns, Reaching safepoint: 101952 ns, At safepoint: 39949 ns, Total: 141901 ns
[2020-02-28T04:50:12.906+0000][1][safepoint    ] Safepoint "RevokeBias", Time since last: 2511559611 ns, Reaching safepoint: 83355 ns, At safepoint: 21953 ns, Total: 105308 ns
[2020-02-28T04:50:15.433+0000][1][safepoint    ] Safepoint "RevokeBias", Time since last: 2526799731 ns, Reaching safepoint: 142413 ns, At safepoint: 25133 ns, Total: 167546 ns
[2020-02-28T04:50:17.959+0000][1][safepoint    ] Safepoint "RevokeBias", Time since last: 2526377996 ns, Reaching safepoint: 265738 ns, At safepoint: 22353 ns, Total: 288091 ns
[2020-02-28T04:50:20.476+0000][1][safepoint    ] Safepoint "RevokeBias", Time since last: 2516823718 ns, Reaching safepoint: 88218 ns, At safepoint: 18525 ns, Total: 106743 ns
[2020-02-28T04:50:22.992+0000][1][safepoint    ] Safepoint "RevokeBias", Time since last: 2515760790 ns, Reaching safepoint: 107503 ns, At safepoint: 25068 ns, Total: 132571 ns
[2020-02-28T04:50:25.504+0000][1][safepoint    ] Safepoint "RevokeBias", Time since last: 2511648070 ns, Reaching safepoint: 72447 ns, At safepoint: 18568 ns, Total: 91015 ns
[2020-02-28T04:50:28.016+0000][1][safepoint    ] Safepoint "RevokeBias", Time since last: 2512460925 ns, Reaching safepoint: 72404 ns, At safepoint: 18990 ns, Total: 91394 ns
[2020-02-28T04:50:30.529+0000][1][safepoint    ] Safepoint "RevokeBias", Time since last: 2512182076 ns, Reaching safepoint: 140317 ns, At safepoint: 38243 ns, Total: 178560 ns
[2020-02-28T04:50:33.036+0000][1][safepoint    ] Safepoint "RevokeBias", Time since last: 2507428217 ns, Reaching safepoint: 76906 ns, At safepoint: 20202 ns, Total: 97108 ns
[2020-02-28T04:50:35.539+0000][1][safepoint    ] Safepoint "RevokeBias", Time since last: 2502368992 ns, Reaching safepoint: 87931 ns, At safepoint: 21220 ns, Total: 109151 ns
[2020-02-28T04:50:38.056+0000][1][safepoint    ] Safepoint "RevokeBias", Time since last: 2516641358 ns, Reaching safepoint: 137941 ns, At safepoint: 55283 ns, Total: 193224 ns
[2020-02-28T04:50:40.584+0000][1][safepoint    ] Safepoint "RevokeBias", Time since last: 2528650486 ns, Reaching safepoint: 66526 ns, At safepoint: 19598 ns, Total: 86124 ns
[2020-02-28T04:50:43.153+0000][1][safepoint    ] Safepoint "RevokeBias", Time since last: 2568009115 ns, Reaching safepoint: 146471 ns, At safepoint: 46513 ns, Total: 192984 ns
[2020-02-28T04:50:45.682+0000][1][safepoint    ] Safepoint "RevokeBias", Time since last: 2529527042 ns, Reaching safepoint: 80338 ns, At safepoint: 37198 ns, Total: 117536 ns
[2020-02-28T04:50:48.210+0000][1][safepoint    ] Safepoint "RevokeBias", Time since last: 2527471049 ns, Reaching safepoint: 97404 ns, At safepoint: 74913 ns, Total: 172317 ns
[2020-02-28T04:50:50.768+0000][1][safepoint    ] Safepoint "RevokeBias", Time since last: 2558226576 ns, Reaching safepoint: 86668 ns, At safepoint: 23423 ns, Total: 110091 ns
[2020-02-28T04:50:53.329+0000][1][safepoint    ] Safepoint "RevokeBias", Time since last: 2560525474 ns, Reaching safepoint: 87402 ns, At safepoint: 18302 ns, Total: 105704 ns
[2020-02-28T04:50:55.841+0000][1][safepoint    ] Safepoint "RevokeBias", Time since last: 2511745844 ns, Reaching safepoint: 91339 ns, At safepoint: 21746 ns, Total: 113085 ns
[2020-02-28T04:50:58.345+0000][1][safepoint    ] Safepoint "RevokeBias", Time since last: 2503785187 ns, Reaching safepoint: 136678 ns, At safepoint: 24179 ns, Total: 160857 ns
[2020-02-28T04:51:00.861+0000][1][safepoint    ] Safepoint "RevokeBias", Time since last: 2516422864 ns, Reaching safepoint: 70962 ns, At safepoint: 18073 ns, Total: 89035 ns
[2020-02-28T04:51:03.374+0000][1][safepoint    ] Safepoint "BulkRevokeBias", Time since last: 2512762626 ns, Reaching safepoint: 110771 ns, At safepoint: 189686 ns, Total: 300457 ns
[2020-02-28T04:51:05.885+0000][1][safepoint    ] Safepoint "RevokeBias", Time since last: 2510864440 ns, Reaching safepoint: 71083 ns, At safepoint: 18204 ns, Total: 89287 ns
[2020-02-28T04:51:08.398+0000][1][safepoint    ] Safepoint "RevokeBias", Time since last: 2512925003 ns, Reaching safepoint: 73048 ns, At safepoint: 19507 ns, Total: 92555 ns
[2020-02-28T04:51:10.910+0000][1][safepoint    ] Safepoint "RevokeBias", Time since last: 2511774903 ns, Reaching safepoint: 71787 ns, At safepoint: 18891 ns, Total: 90678 ns
[2020-02-28T04:51:13.428+0000][1][safepoint    ] Safepoint "RevokeBias", Time since last: 2518178026 ns, Reaching safepoint: 90407 ns, At safepoint: 18079 ns, Total: 108486 ns
[2020-02-28T04:51:15.942+0000][1][safepoint    ] Safepoint "RevokeBias", Time since last: 2513209217 ns, Reaching safepoint: 102632 ns, At safepoint: 44595 ns, Total: 147227 ns
[2020-02-28T04:51:18.449+0000][1][safepoint    ] Safepoint "RevokeBias", Time since last: 2506987187 ns, Reaching safepoint: 52861 ns, At safepoint: 17594 ns, Total: 70455 ns
[2020-02-28T04:51:20.967+0000][1][safepoint    ] Safepoint "RevokeBias", Time since last: 2517896923 ns, Reaching safepoint: 80877 ns, At safepoint: 18409 ns, Total: 99286 ns
[2020-02-28T04:51:23.472+0000][1][safepoint    ] Safepoint "RevokeBias", Time since last: 2504924251 ns, Reaching safepoint: 77021 ns, At safepoint: 19182 ns, Total: 96203 ns
[2020-02-28T04:51:26.097+0000][1][safepoint    ] Safepoint "RevokeBias", Time since last: 2507276467 ns, Reaching safepoint: 117658092 ns, At safepoint: 47054 ns, Total: 117705146 ns
[2020-02-28T04:51:28.495+0000][1][safepoint    ] Safepoint "RevokeBias", Time since last: 2397825360 ns, Reaching safepoint: 71655 ns, At safepoint: 17691 ns, Total: 89346 ns
[2020-02-28T04:51:31.008+0000][1][safepoint    ] Safepoint "RevokeBias", Time since last: 2513023564 ns, Reaching safepoint: 80322 ns, At safepoint: 20844 ns, Total: 101166 ns
[2020-02-28T04:51:33.521+0000][1][safepoint    ] Safepoint "RevokeBias", Time since last: 2513681753 ns, Reaching safepoint: 54022 ns, At safepoint: 17069 ns, Total: 71091 ns
[2020-02-28T04:51:36.044+0000][1][safepoint    ] Safepoint "RevokeBias", Time since last: 2521985609 ns, Reaching safepoint: 53366 ns, At safepoint: 38918 ns, Total: 92284 ns
[2020-02-28T04:51:38.556+0000][1][safepoint    ] Safepoint "RevokeBias", Time since last: 2512515175 ns, Reaching safepoint: 70501 ns, At safepoint: 18830 ns, Total: 89331 ns
[2020-02-28T04:51:41.062+0000][1][safepoint    ] Safepoint "RevokeBias", Time since last: 2505826388 ns, Reaching safepoint: 89516 ns, At safepoint: 19073 ns, Total: 108589 ns
[2020-02-28T04:51:43.566+0000][1][safepoint    ] Safepoint "RevokeBias", Time since last: 2504205632 ns, Reaching safepoint: 119232 ns, At safepoint: 29348 ns, Total: 148580 ns
[2020-02-28T04:51:46.072+0000][1][safepoint    ] Safepoint "RevokeBias", Time since last: 2505802593 ns, Reaching safepoint: 84372 ns, At safepoint: 21462 ns, Total: 105834 ns
[2020-02-28T04:51:48.576+0000][1][safepoint    ] Safepoint "RevokeBias", Time since last: 2503750723 ns, Reaching safepoint: 73691 ns, At safepoint: 19116 ns, Total: 92807 ns
[2020-02-28T04:51:49.960+0000][1][gc,start     ] GC(102) Pause Young (Allocation Failure)
[2020-02-28T04:51:49.960+0000][1][gc,task      ] GC(102) Using 1 workers of 1 for evacuation
[2020-02-28T04:51:49.972+0000][1][gc,age       ] GC(102) Desired survivor size 4358144 bytes, new threshold 6 (max threshold 6)
[2020-02-28T04:51:49.972+0000][1][gc,age       ] GC(102) Age table with threshold 6 (max threshold 6)
[2020-02-28T04:51:49.972+0000][1][gc,age       ] GC(102) - age   1:      12272 bytes,      12272 total
[2020-02-28T04:51:49.972+0000][1][gc,age       ] GC(102) - age   2:        336 bytes,      12608 total
[2020-02-28T04:51:49.972+0000][1][gc,age       ] GC(102) - age   5:        168 bytes,      12776 total
[2020-02-28T04:51:49.972+0000][1][gc,heap      ] GC(102) ParNew: 68174K->20K(76672K)
[2020-02-28T04:51:49.972+0000][1][gc,heap      ] GC(102) CMS: 62660K->62660K(963392K)
[2020-02-28T04:51:49.972+0000][1][gc,metaspace ] GC(102) Metaspace: 80122K->80122K(1122304K)
[2020-02-28T04:51:49.972+0000][1][gc           ] GC(102) Pause Young (Allocation Failure) 127M->61M(1015M) 11.901ms
[2020-02-28T04:51:49.972+0000][1][gc,cpu       ] GC(102) User=0.01s Sys=0.00s Real=0.01s
[2020-02-28T04:51:49.972+0000][1][safepoint    ] Safepoint "GenCollectForAllocation", Time since last: 1383659705 ns, Reaching safepoint: 119880 ns, At safepoint: 11969323 ns, Total: 12089203 ns
[2020-02-28T04:51:51.094+0000][1][safepoint    ] Safepoint "RevokeBias", Time since last: 1121735955 ns, Reaching safepoint: 51495 ns, At safepoint: 16763 ns, Total: 68258 ns
[2020-02-28T04:51:53.612+0000][1][safepoint    ] Safepoint "RevokeBias", Time since last: 2518102645 ns, Reaching safepoint: 85932 ns, At safepoint: 21472 ns, Total: 107404 ns
[2020-02-28T04:51:56.120+0000][1][safepoint    ] Safepoint "RevokeBias", Time since last: 2507885250 ns, Reaching safepoint: 84834 ns, At safepoint: 52108 ns, Total: 136942 ns
[2020-02-28T04:51:58.623+0000][1][safepoint    ] Safepoint "RevokeBias", Time since last: 2503171766 ns, Reaching safepoint: 84959 ns, At safepoint: 22033 ns, Total: 106992 ns
[2020-02-28T04:52:01.127+0000][1][safepoint    ] Safepoint "RevokeBias", Time since last: 2503773260 ns, Reaching safepoint: 84489 ns, At safepoint: 21961 ns, Total: 106450 ns
[2020-02-28T04:52:03.632+0000][1][safepoint    ] Safepoint "RevokeBias", Time since last: 2504420061 ns, Reaching safepoint: 88963 ns, At safepoint: 18317 ns, Total: 107280 ns
[2020-02-28T04:52:06.135+0000][1][safepoint    ] Safepoint "RevokeBias", Time since last: 2503307242 ns, Reaching safepoint: 74531 ns, At safepoint: 18682 ns, Total: 93213 ns
[2020-02-28T04:52:08.653+0000][1][safepoint    ] Safepoint "RevokeBias", Time since last: 2517620827 ns, Reaching safepoint: 71294 ns, At safepoint: 19493 ns, Total: 90787 ns
[2020-02-28T04:52:11.176+0000][1][safepoint    ] Safepoint "RevokeBias", Time since last: 2523353334 ns, Reaching safepoint: 173649 ns, At safepoint: 59989 ns, Total: 233638 ns
[2020-02-28T04:52:13.690+0000][1][safepoint    ] Safepoint "RevokeBias", Time since last: 2513391377 ns, Reaching safepoint: 113051 ns, At safepoint: 23611 ns, Total: 136662 ns
[2020-02-28T04:52:16.193+0000][1][safepoint    ] Safepoint "BulkRevokeBias", Time since last: 2502608906 ns, Reaching safepoint: 86302 ns, At safepoint: 244525 ns, Total: 330827 ns
[2020-02-28T04:52:18.697+0000][1][safepoint    ] Safepoint "RevokeBias", Time since last: 2504564594 ns, Reaching safepoint: 73288 ns, At safepoint: 19824 ns, Total: 93112 ns
[2020-02-28T04:52:21.311+0000][1][safepoint    ] Safepoint "RevokeBias", Time since last: 2506841888 ns, Reaching safepoint: 106383272 ns, At safepoint: 79165 ns, Total: 106462437 ns
[2020-02-28T04:52:23.708+0000][1][safepoint    ] Safepoint "RevokeBias", Time since last: 2397047922 ns, Reaching safepoint: 140435 ns, At safepoint: 26206 ns, Total: 166641 ns
[2020-02-28T04:52:26.217+0000][1][safepoint    ] Safepoint "RevokeBias", Time since last: 2508832956 ns, Reaching safepoint: 71010 ns, At safepoint: 17865 ns, Total: 88875 ns
[2020-02-28T04:52:28.750+0000][1][safepoint    ] Safepoint "RevokeBias", Time since last: 2533184370 ns, Reaching safepoint: 64111 ns, At safepoint: 16951 ns, Total: 81062 ns
[2020-02-28T04:52:31.381+0000][1][safepoint    ] Safepoint "RevokeBias", Time since last: 2511523286 ns, Reaching safepoint: 119118764 ns, At safepoint: 31356 ns, Total: 119150120 ns
[2020-02-28T04:52:33.765+0000][1][safepoint    ] Safepoint "RevokeBias", Time since last: 2384409604 ns, Reaching safepoint: 85971 ns, At safepoint: 21820 ns, Total: 107791 ns
[2020-02-28T04:52:36.270+0000][1][safepoint    ] Safepoint "RevokeBias", Time since last: 2504021019 ns, Reaching safepoint: 115095 ns, At safepoint: 32429 ns, Total: 147524 ns
[2020-02-28T04:52:38.775+0000][1][safepoint    ] Safepoint "RevokeBias", Time since last: 2504787429 ns, Reaching safepoint: 291371 ns, At safepoint: 22240 ns, Total: 313611 ns
[2020-02-28T04:52:41.279+0000][1][safepoint    ] Safepoint "RevokeBias", Time since last: 2503841384 ns, Reaching safepoint: 94204 ns, At safepoint: 35818 ns, Total: 130022 ns
[2020-02-28T04:52:43.796+0000][1][safepoint    ] Safepoint "RevokeBias", Time since last: 2517632418 ns, Reaching safepoint: 87692 ns, At safepoint: 18184 ns, Total: 105876 ns
[2020-02-28T04:52:46.316+0000][1][safepoint    ] Safepoint "RevokeBias", Time since last: 2519246564 ns, Reaching safepoint: 199409 ns, At safepoint: 22138 ns, Total: 221547 ns
[2020-02-28T04:52:48.832+0000][1][safepoint    ] Safepoint "RevokeBias", Time since last: 2515992428 ns, Reaching safepoint: 76552 ns, At safepoint: 19736 ns, Total: 96288 ns
[2020-02-28T04:52:51.337+0000][1][safepoint    ] Safepoint "RevokeBias", Time since last: 2505055490 ns, Reaching safepoint: 99447 ns, At safepoint: 22434 ns, Total: 121881 ns
[2020-02-28T04:52:52.338+0000][1][safepoint    ] Safepoint "Cleanup", Time since last: 1000548373 ns, Reaching safepoint: 83505 ns, At safepoint: 7392 ns, Total: 90897 ns
[2020-02-28T04:52:53.841+0000][1][safepoint    ] Safepoint "RevokeBias", Time since last: 1503108909 ns, Reaching safepoint: 85992 ns, At safepoint: 22376 ns, Total: 108368 ns
[2020-02-28T04:52:56.343+0000][1][safepoint    ] Safepoint "RevokeBias", Time since last: 2501941774 ns, Reaching safepoint: 163467 ns, At safepoint: 20849 ns, Total: 184316 ns
[2020-02-28T04:52:58.847+0000][1][safepoint    ] Safepoint "RevokeBias", Time since last: 2503598556 ns, Reaching safepoint: 81788 ns, At safepoint: 21303 ns, Total: 103091 ns
[2020-02-28T04:53:01.359+0000][1][safepoint    ] Safepoint "RevokeBias", Time since last: 2512256940 ns, Reaching safepoint: 95273 ns, At safepoint: 23001 ns, Total: 118274 ns
[2020-02-28T04:53:03.885+0000][1][safepoint    ] Safepoint "RevokeBias", Time since last: 2525773778 ns, Reaching safepoint: 53529 ns, At safepoint: 17567 ns, Total: 71096 ns
[2020-02-28T04:53:06.394+0000][1][safepoint    ] Safepoint "RevokeBias", Time since last: 2508903811 ns, Reaching safepoint: 74016 ns, At safepoint: 18621 ns, Total: 92637 ns
[2020-02-28T04:53:08.898+0000][1][safepoint    ] Safepoint "RevokeBias", Time since last: 2503445100 ns, Reaching safepoint: 88472 ns, At safepoint: 22074 ns, Total: 110546 ns
[2020-02-28T04:53:11.404+0000][1][safepoint    ] Safepoint "RevokeBias", Time since last: 2505995088 ns, Reaching safepoint: 84463 ns, At safepoint: 21656 ns, Total: 106119 ns
[2020-02-28T04:53:13.908+0000][1][safepoint    ] Safepoint "RevokeBias", Time since last: 2504083347 ns, Reaching safepoint: 78848 ns, At safepoint: 21710 ns, Total: 100558 ns
[2020-02-28T04:53:14.908+0000][1][safepoint    ] Safepoint "Cleanup", Time since last: 1000420108 ns, Reaching safepoint: 93668 ns, At safepoint: 8528 ns, Total: 102196 ns
[2020-02-28T04:53:16.413+0000][1][safepoint    ] Safepoint "RevokeBias", Time since last: 1504548159 ns, Reaching safepoint: 113208 ns, At safepoint: 26630 ns, Total: 139838 ns
[2020-02-28T04:53:17.414+0000][1][safepoint    ] Safepoint "Cleanup", Time since last: 1000702536 ns, Reaching safepoint: 85311 ns, At safepoint: 7193 ns, Total: 92504 ns
[2020-02-28T04:53:18.928+0000][1][safepoint    ] Safepoint "RevokeBias", Time since last: 1514076633 ns, Reaching safepoint: 70703 ns, At safepoint: 18165 ns, Total: 88868 ns
[2020-02-28T04:53:21.453+0000][1][safepoint    ] Safepoint "RevokeBias", Time since last: 2524802460 ns, Reaching safepoint: 70145 ns, At safepoint: 18346 ns, Total: 88491 ns
[2020-02-28T04:53:23.974+0000][1][safepoint    ] Safepoint "RevokeBias", Time since last: 2520666638 ns, Reaching safepoint: 53840 ns, At safepoint: 17245 ns, Total: 71085 ns
[2020-02-28T04:53:26.483+0000][1][safepoint    ] Safepoint "RevokeBias", Time since last: 2508825777 ns, Reaching safepoint: 85066 ns, At safepoint: 22175 ns, Total: 107241 ns
[2020-02-28T04:53:28.987+0000][1][safepoint    ] Safepoint "BulkRevokeBias", Time since last: 2504538286 ns, Reaching safepoint: 86075 ns, At safepoint: 279964 ns, Total: 366039 ns
[2020-02-28T04:53:31.493+0000][1][safepoint    ] Safepoint "RevokeBias", Time since last: 2505109312 ns, Reaching safepoint: 74192 ns, At safepoint: 19708 ns, Total: 93900 ns
[2020-02-28T04:53:33.997+0000][1][safepoint    ] Safepoint "RevokeBias", Time since last: 2504083792 ns, Reaching safepoint: 83242 ns, At safepoint: 22095 ns, Total: 105337 ns
[2020-02-28T04:53:36.500+0000][1][safepoint    ] Safepoint "RevokeBias", Time since last: 2502644016 ns, Reaching safepoint: 72183 ns, At safepoint: 18899 ns, Total: 91082 ns
[2020-02-28T04:53:39.012+0000][1][safepoint    ] Safepoint "RevokeBias", Time since last: 2512434573 ns, Reaching safepoint: 87085 ns, At safepoint: 20344 ns, Total: 107429 ns
[2020-02-28T04:53:41.538+0000][1][safepoint    ] Safepoint "RevokeBias", Time since last: 2525298930 ns, Reaching safepoint: 53172 ns, At safepoint: 17362 ns, Total: 70534 ns
[2020-02-28T04:53:44.059+0000][1][safepoint    ] Safepoint "RevokeBias", Time since last: 2521055867 ns, Reaching safepoint: 139886 ns, At safepoint: 20676 ns, Total: 160562 ns
[2020-02-28T04:53:46.567+0000][1][safepoint    ] Safepoint "RevokeBias", Time since last: 2508574943 ns, Reaching safepoint: 72705 ns, At safepoint: 18923 ns, Total: 91628 ns
[2020-02-28T04:53:49.070+0000][1][safepoint    ] Safepoint "RevokeBias", Time since last: 2502931192 ns, Reaching safepoint: 83624 ns, At safepoint: 21790 ns, Total: 105414 ns
[2020-02-28T04:53:51.577+0000][1][safepoint    ] Safepoint "RevokeBias", Time since last: 2506136064 ns, Reaching safepoint: 84563 ns, At safepoint: 22335 ns, Total: 106898 ns
[2020-02-28T04:53:54.081+0000][1][safepoint    ] Safepoint "RevokeBias", Time since last: 2503963770 ns, Reaching safepoint: 71684 ns, At safepoint: 18872 ns, Total: 90556 ns
[2020-02-28T04:53:56.585+0000][1][safepoint    ] Safepoint "RevokeBias", Time since last: 2503649247 ns, Reaching safepoint: 123107 ns, At safepoint: 38387 ns, Total: 161494 ns
[2020-02-28T04:53:59.100+0000][1][safepoint    ] Safepoint "RevokeBias", Time since last: 2515424617 ns, Reaching safepoint: 55870 ns, At safepoint: 17722 ns, Total: 73592 ns
[2020-02-28T04:54:01.618+0000][1][safepoint    ] Safepoint "RevokeBias", Time since last: 2517580298 ns, Reaching safepoint: 56923 ns, At safepoint: 18634 ns, Total: 75557 ns
[2020-02-28T04:54:04.146+0000][1][safepoint    ] Safepoint "RevokeBias", Time since last: 2528007044 ns, Reaching safepoint: 74795 ns, At safepoint: 55277 ns, Total: 130072 ns
[2020-02-28T04:54:06.654+0000][1][safepoint    ] Safepoint "RevokeBias", Time since last: 2507714251 ns, Reaching safepoint: 76028 ns, At safepoint: 19117 ns, Total: 95145 ns
[2020-02-28T04:54:09.173+0000][1][safepoint    ] Safepoint "RevokeBias", Time since last: 2519677347 ns, Reaching safepoint: 91246 ns, At safepoint: 22398 ns, Total: 113644 ns
[2020-02-28T04:54:10.076+0000][1][gc,start     ] GC(103) Pause Young (Allocation Failure)
[2020-02-28T04:54:10.076+0000][1][gc,task      ] GC(103) Using 1 workers of 1 for evacuation
[2020-02-28T04:54:10.095+0000][1][gc,age       ] GC(103) Desired survivor size 4358144 bytes, new threshold 6 (max threshold 6)
[2020-02-28T04:54:10.095+0000][1][gc,age       ] GC(103) Age table with threshold 6 (max threshold 6)
[2020-02-28T04:54:10.095+0000][1][gc,age       ] GC(103) - age   1:      11792 bytes,      11792 total
[2020-02-28T04:54:10.095+0000][1][gc,age       ] GC(103) - age   2:        368 bytes,      12160 total
[2020-02-28T04:54:10.095+0000][1][gc,age       ] GC(103) - age   3:        336 bytes,      12496 total
[2020-02-28T04:54:10.095+0000][1][gc,age       ] GC(103) - age   6:         32 bytes,      12528 total
[2020-02-28T04:54:10.095+0000][1][gc,heap      ] GC(103) ParNew: 68180K->23K(76672K)
[2020-02-28T04:54:10.096+0000][1][gc,heap      ] GC(103) CMS: 62660K->62660K(963392K)
[2020-02-28T04:54:10.096+0000][1][gc,metaspace ] GC(103) Metaspace: 80123K->80123K(1122304K)
[2020-02-28T04:54:10.096+0000][1][gc           ] GC(103) Pause Young (Allocation Failure) 127M->61M(1015M) 19.904ms
[2020-02-28T04:54:10.096+0000][1][gc,cpu       ] GC(103) User=0.01s Sys=0.00s Real=0.02s
[2020-02-28T04:54:10.096+0000][1][safepoint    ] Safepoint "GenCollectForAllocation", Time since last: 902106979 ns, Reaching safepoint: 78228 ns, At safepoint: 19960831 ns, Total: 20039059 ns
[2020-02-28T04:54:11.681+0000][1][safepoint    ] Safepoint "RevokeBias", Time since last: 1585585919 ns, Reaching safepoint: 92738 ns, At safepoint: 24073 ns, Total: 116811 ns
[2020-02-28T04:54:14.185+0000][1][safepoint    ] Safepoint "RevokeBias", Time since last: 2503870955 ns, Reaching safepoint: 84423 ns, At safepoint: 21827 ns, Total: 106250 ns
[2020-02-28T04:54:16.787+0000][1][safepoint    ] Safepoint "RevokeBias", Time since last: 2602033390 ns, Reaching safepoint: 83570 ns, At safepoint: 22094 ns, Total: 105664 ns
[2020-02-28T04:54:19.307+0000][1][safepoint    ] Safepoint "RevokeBias", Time since last: 2519578799 ns, Reaching safepoint: 73089 ns, At safepoint: 18936 ns, Total: 92025 ns
[2020-02-28T04:54:21.835+0000][1][safepoint    ] Safepoint "RevokeBias", Time since last: 2527660356 ns, Reaching safepoint: 162143 ns, At safepoint: 18694 ns, Total: 180837 ns
[2020-02-28T04:54:24.365+0000][1][safepoint    ] Safepoint "RevokeBias", Time since last: 2529670196 ns, Reaching safepoint: 135915 ns, At safepoint: 22672 ns, Total: 158587 ns
[2020-02-28T04:54:26.872+0000][1][safepoint    ] Safepoint "RevokeBias", Time since last: 2507010380 ns, Reaching safepoint: 115061 ns, At safepoint: 24202 ns, Total: 139263 ns
[2020-02-28T04:54:29.377+0000][1][safepoint    ] Safepoint "RevokeBias", Time since last: 2504811723 ns, Reaching safepoint: 84523 ns, At safepoint: 56946 ns, Total: 141469 ns
[2020-02-28T04:54:31.883+0000][1][safepoint    ] Safepoint "RevokeBias", Time since last: 2506156007 ns, Reaching safepoint: 116182 ns, At safepoint: 24162 ns, Total: 140344 ns
[2020-02-28T04:54:34.389+0000][1][safepoint    ] Safepoint "RevokeBias", Time since last: 2505685027 ns, Reaching safepoint: 117159 ns, At safepoint: 24543 ns, Total: 141702 ns
[2020-02-28T04:54:36.892+0000][1][safepoint    ] Safepoint "RevokeBias", Time since last: 2503186946 ns, Reaching safepoint: 115911 ns, At safepoint: 26926 ns, Total: 142837 ns
[2020-02-28T04:54:39.398+0000][1][safepoint    ] Safepoint "RevokeBias", Time since last: 2505121560 ns, Reaching safepoint: 82608 ns, At safepoint: 21038 ns, Total: 103646 ns
[2020-02-28T04:54:41.911+0000][1][safepoint    ] Safepoint "BulkRevokeBias", Time since last: 2513374768 ns, Reaching safepoint: 69983 ns, At safepoint: 246363 ns, Total: 316346 ns
[2020-02-28T04:54:44.433+0000][1][safepoint    ] Safepoint "RevokeBias", Time since last: 2521972934 ns, Reaching safepoint: 76173 ns, At safepoint: 21044 ns, Total: 97217 ns
[2020-02-28T04:54:46.944+0000][1][safepoint    ] Safepoint "RevokeBias", Time since last: 2510746355 ns, Reaching safepoint: 72271 ns, At safepoint: 18668 ns, Total: 90939 ns
[2020-02-28T04:54:49.473+0000][1][safepoint    ] Safepoint "RevokeBias", Time since last: 2510393675 ns, Reaching safepoint: 18711646 ns, At safepoint: 46852 ns, Total: 18758498 ns
[2020-02-28T04:54:51.959+0000][1][safepoint    ] Safepoint "RevokeBias", Time since last: 2485670109 ns, Reaching safepoint: 75648 ns, At safepoint: 18448 ns, Total: 94096 ns
[2020-02-28T04:54:54.464+0000][1][safepoint    ] Safepoint "RevokeBias", Time since last: 2504440292 ns, Reaching safepoint: 76114 ns, At safepoint: 19644 ns, Total: 95758 ns
[2020-02-28T04:54:56.967+0000][1][safepoint    ] Safepoint "RevokeBias", Time since last: 2503055703 ns, Reaching safepoint: 69105 ns, At safepoint: 17542 ns, Total: 86647 ns
[2020-02-28T04:54:59.470+0000][1][safepoint    ] Safepoint "RevokeBias", Time since last: 2502995316 ns, Reaching safepoint: 80466 ns, At safepoint: 21795 ns, Total: 102261 ns
[2020-02-28T04:55:01.984+0000][1][safepoint    ] Safepoint "RevokeBias", Time since last: 2514068401 ns, Reaching safepoint: 70650 ns, At safepoint: 18396 ns, Total: 89046 ns
[2020-02-28T04:55:04.504+0000][1][safepoint    ] Safepoint "RevokeBias", Time since last: 2519670177 ns, Reaching safepoint: 55050 ns, At safepoint: 16753 ns, Total: 71803 ns
[2020-02-28T04:55:07.019+0000][1][safepoint    ] Safepoint "RevokeBias", Time since last: 2514691205 ns, Reaching safepoint: 53076 ns, At safepoint: 40497 ns, Total: 93573 ns
[2020-02-28T04:55:09.528+0000][1][safepoint    ] Safepoint "RevokeBias", Time since last: 2509556224 ns, Reaching safepoint: 93214 ns, At safepoint: 25543 ns, Total: 118757 ns
[2020-02-28T04:55:12.032+0000][1][safepoint    ] Safepoint "RevokeBias", Time since last: 2503473483 ns, Reaching safepoint: 84086 ns, At safepoint: 21196 ns, Total: 105282 ns
[2020-02-28T04:55:14.537+0000][1][safepoint    ] Safepoint "RevokeBias", Time since last: 2504646255 ns, Reaching safepoint: 83657 ns, At safepoint: 21461 ns, Total: 105118 ns
[2020-02-28T04:55:17.040+0000][1][safepoint    ] Safepoint "RevokeBias", Time since last: 2503609646 ns, Reaching safepoint: 78331 ns, At safepoint: 19855 ns, Total: 98186 ns
[2020-02-28T04:55:19.545+0000][1][safepoint    ] Safepoint "RevokeBias", Time since last: 2504764796 ns, Reaching safepoint: 94934 ns, At safepoint: 23307 ns, Total: 118241 ns
[2020-02-28T04:55:22.058+0000][1][safepoint    ] Safepoint "RevokeBias", Time since last: 2513066179 ns, Reaching safepoint: 67675 ns, At safepoint: 17883 ns, Total: 85558 ns
[2020-02-28T04:55:24.577+0000][1][safepoint    ] Safepoint "RevokeBias", Time since last: 2518605537 ns, Reaching safepoint: 71193 ns, At safepoint: 18732 ns, Total: 89925 ns
[2020-02-28T04:55:27.096+0000][1][safepoint    ] Safepoint "RevokeBias", Time since last: 2518517035 ns, Reaching safepoint: 68952 ns, At safepoint: 17515 ns, Total: 86467 ns
[2020-02-28T04:55:29.609+0000][1][safepoint    ] Safepoint "RevokeBias", Time since last: 2513236758 ns, Reaching safepoint: 77152 ns, At safepoint: 19608 ns, Total: 96760 ns
[2020-02-28T04:55:32.116+0000][1][safepoint    ] Safepoint "RevokeBias", Time since last: 2506616018 ns, Reaching safepoint: 110314 ns, At safepoint: 20547 ns, Total: 130861 ns
[2020-02-28T04:55:34.620+0000][1][safepoint    ] Safepoint "RevokeBias", Time since last: 2504061662 ns, Reaching safepoint: 84392 ns, At safepoint: 21576 ns, Total: 105968 ns
[2020-02-28T04:55:37.124+0000][1][safepoint    ] Safepoint "RevokeBias", Time since last: 2504221416 ns, Reaching safepoint: 74297 ns, At safepoint: 19563 ns, Total: 93860 ns
[2020-02-28T04:55:39.629+0000][1][safepoint    ] Safepoint "RevokeBias", Time since last: 2505108372 ns, Reaching safepoint: 111459 ns, At safepoint: 92511 ns, Total: 203970 ns
[2020-02-28T04:55:42.136+0000][1][safepoint    ] Safepoint "RevokeBias", Time since last: 2506215069 ns, Reaching safepoint: 73212 ns, At safepoint: 20504 ns, Total: 93716 ns
[2020-02-28T04:55:44.647+0000][1][safepoint    ] Safepoint "RevokeBias", Time since last: 2510725134 ns, Reaching safepoint: 111561 ns, At safepoint: 21704 ns, Total: 133265 ns
[2020-02-28T04:55:47.159+0000][1][safepoint    ] Safepoint "RevokeBias", Time since last: 2511868564 ns, Reaching safepoint: 153815 ns, At safepoint: 56904 ns, Total: 210719 ns
[2020-02-28T04:55:49.669+0000][1][safepoint    ] Safepoint "RevokeBias", Time since last: 2509752363 ns, Reaching safepoint: 102104 ns, At safepoint: 62349 ns, Total: 164453 ns
[2020-02-28T04:55:52.182+0000][1][safepoint    ] Safepoint "RevokeBias", Time since last: 2513112232 ns, Reaching safepoint: 96121 ns, At safepoint: 20742 ns, Total: 116863 ns
[2020-02-28T04:55:54.692+0000][1][safepoint    ] Safepoint "BulkRevokeBias", Time since last: 2509908543 ns, Reaching safepoint: 75657 ns, At safepoint: 198185 ns, Total: 273842 ns
[2020-02-28T04:55:57.194+0000][1][safepoint    ] Safepoint "RevokeBias", Time since last: 2502043990 ns, Reaching safepoint: 83447 ns, At safepoint: 21284 ns, Total: 104731 ns
[2020-02-28T04:55:59.701+0000][1][safepoint    ] Safepoint "RevokeBias", Time since last: 2506230012 ns, Reaching safepoint: 241938 ns, At safepoint: 44533 ns, Total: 286471 ns
[2020-02-28T04:56:02.205+0000][1][safepoint    ] Safepoint "RevokeBias", Time since last: 2504326417 ns, Reaching safepoint: 114768 ns, At safepoint: 23927 ns, Total: 138695 ns
[2020-02-28T04:56:04.709+0000][1][safepoint    ] Safepoint "RevokeBias", Time since last: 2504222639 ns, Reaching safepoint: 114397 ns, At safepoint: 24676 ns, Total: 139073 ns
[2020-02-28T04:56:07.220+0000][1][safepoint    ] Safepoint "RevokeBias", Time since last: 2510036470 ns, Reaching safepoint: 52115 ns, At safepoint: 17240 ns, Total: 69355 ns
[2020-02-28T04:56:09.737+0000][1][safepoint    ] Safepoint "RevokeBias", Time since last: 2516938915 ns, Reaching safepoint: 77764 ns, At safepoint: 20937 ns, Total: 98701 ns
[2020-02-28T04:56:12.263+0000][1][safepoint    ] Safepoint "RevokeBias", Time since last: 2526432022 ns, Reaching safepoint: 196480 ns, At safepoint: 43208 ns, Total: 239688 ns
[2020-02-28T04:56:14.776+0000][1][safepoint    ] Safepoint "RevokeBias", Time since last: 2512193834 ns, Reaching safepoint: 74476 ns, At safepoint: 19547 ns, Total: 94023 ns
[2020-02-28T04:56:17.420+0000][1][safepoint    ] Safepoint "RevokeBias", Time since last: 2643959826 ns, Reaching safepoint: 117286 ns, At safepoint: 29604 ns, Total: 146890 ns
[2020-02-28T04:56:19.786+0000][1][safepoint    ] Safepoint "RevokeBias", Time since last: 2366395520 ns, Reaching safepoint: 91612 ns, At safepoint: 22447 ns, Total: 114059 ns
[2020-02-28T04:56:22.290+0000][1][safepoint    ] Safepoint "RevokeBias", Time since last: 2503345568 ns, Reaching safepoint: 70960 ns, At safepoint: 18909 ns, Total: 89869 ns
[2020-02-28T04:56:24.800+0000][1][safepoint    ] Safepoint "RevokeBias", Time since last: 2510727867 ns, Reaching safepoint: 73092 ns, At safepoint: 18074 ns, Total: 91166 ns
[2020-02-28T04:56:27.310+0000][1][safepoint    ] Safepoint "RevokeBias", Time since last: 2509861782 ns, Reaching safepoint: 72948 ns, At safepoint: 18634 ns, Total: 91582 ns
[2020-02-28T04:56:29.840+0000][1][safepoint    ] Safepoint "RevokeBias", Time since last: 2529285510 ns, Reaching safepoint: 50811 ns, At safepoint: 16837 ns, Total: 67648 ns
[2020-02-28T04:56:30.227+0000][1][gc,start     ] GC(104) Pause Young (Allocation Failure)
[2020-02-28T04:56:30.228+0000][1][gc,task      ] GC(104) Using 1 workers of 1 for evacuation
[2020-02-28T04:56:30.237+0000][1][gc,age       ] GC(104) Desired survivor size 4358144 bytes, new threshold 6 (max threshold 6)
[2020-02-28T04:56:30.237+0000][1][gc,age       ] GC(104) Age table with threshold 6 (max threshold 6)
[2020-02-28T04:56:30.237+0000][1][gc,age       ] GC(104) - age   1:      10856 bytes,      10856 total
[2020-02-28T04:56:30.237+0000][1][gc,age       ] GC(104) - age   2:        784 bytes,      11640 total
[2020-02-28T04:56:30.237+0000][1][gc,age       ] GC(104) - age   3:        128 bytes,      11768 total
[2020-02-28T04:56:30.237+0000][1][gc,age       ] GC(104) - age   4:        336 bytes,      12104 total
[2020-02-28T04:56:30.237+0000][1][gc,heap      ] GC(104) ParNew: 68183K->15K(76672K)
[2020-02-28T04:56:30.237+0000][1][gc,heap      ] GC(104) CMS: 62660K->62661K(963392K)
[2020-02-28T04:56:30.237+0000][1][gc,metaspace ] GC(104) Metaspace: 80123K->80123K(1122304K)
[2020-02-28T04:56:30.237+0000][1][gc           ] GC(104) Pause Young (Allocation Failure) 127M->61M(1015M) 9.440ms
[2020-02-28T04:56:30.237+0000][1][gc,cpu       ] GC(104) User=0.01s Sys=0.00s Real=0.01s
[2020-02-28T04:56:30.237+0000][1][safepoint    ] Safepoint "GenCollectForAllocation", Time since last: 387579780 ns, Reaching safepoint: 72802 ns, At safepoint: 9495303 ns, Total: 9568105 ns
[2020-02-28T04:56:32.366+0000][1][safepoint    ] Safepoint "RevokeBias", Time since last: 2128926462 ns, Reaching safepoint: 87894 ns, At safepoint: 22551 ns, Total: 110445 ns
[2020-02-28T04:56:34.866+0000][1][safepoint    ] Safepoint "RevokeBias", Time since last: 2499608192 ns, Reaching safepoint: 131923 ns, At safepoint: 22842 ns, Total: 154765 ns
[2020-02-28T04:56:37.368+0000][1][safepoint    ] Safepoint "RevokeBias", Time since last: 2502021870 ns, Reaching safepoint: 74246 ns, At safepoint: 20459 ns, Total: 94705 ns
[2020-02-28T04:56:39.870+0000][1][safepoint    ] Safepoint "RevokeBias", Time since last: 2502502454 ns, Reaching safepoint: 74501 ns, At safepoint: 20096 ns, Total: 94597 ns
[2020-02-28T04:56:42.376+0000][1][safepoint    ] Safepoint "RevokeBias", Time since last: 2505842336 ns, Reaching safepoint: 91068 ns, At safepoint: 34956 ns, Total: 126024 ns
[2020-02-28T04:56:44.880+0000][1][safepoint    ] Safepoint "RevokeBias", Time since last: 2503359665 ns, Reaching safepoint: 75806 ns, At safepoint: 18819 ns, Total: 94625 ns
[2020-02-28T04:56:47.390+0000][1][safepoint    ] Safepoint "RevokeBias", Time since last: 2510295591 ns, Reaching safepoint: 126876 ns, At safepoint: 45180 ns, Total: 172056 ns
[2020-02-28T04:56:49.912+0000][1][safepoint    ] Safepoint "RevokeBias", Time since last: 2521526113 ns, Reaching safepoint: 82254 ns, At safepoint: 21779 ns, Total: 104033 ns
[2020-02-28T04:56:52.438+0000][1][safepoint    ] Safepoint "RevokeBias", Time since last: 2525629324 ns, Reaching safepoint: 75816 ns, At safepoint: 17930 ns, Total: 93746 ns
[2020-02-28T04:56:54.952+0000][1][safepoint    ] Safepoint "RevokeBias", Time since last: 2514564683 ns, Reaching safepoint: 78776 ns, At safepoint: 20210 ns, Total: 98986 ns
[2020-02-28T04:56:57.455+0000][1][safepoint    ] Safepoint "RevokeBias", Time since last: 2502780086 ns, Reaching safepoint: 95229 ns, At safepoint: 21961 ns, Total: 117190 ns
[2020-02-28T04:56:59.960+0000][1][safepoint    ] Safepoint "RevokeBias", Time since last: 2504918136 ns, Reaching safepoint: 73778 ns, At safepoint: 19408 ns, Total: 93186 ns
[2020-02-28T04:57:02.466+0000][1][safepoint    ] Safepoint "RevokeBias", Time since last: 2505473888 ns, Reaching safepoint: 83712 ns, At safepoint: 21104 ns, Total: 104816 ns
[2020-02-28T04:57:04.970+0000][1][safepoint    ] Safepoint "RevokeBias", Time since last: 2504211502 ns, Reaching safepoint: 101072 ns, At safepoint: 25296 ns, Total: 126368 ns
[2020-02-28T04:57:07.474+0000][1][safepoint    ] Safepoint "BulkRevokeBias", Time since last: 2503097475 ns, Reaching safepoint: 72672 ns, At safepoint: 281955 ns, Total: 354627 ns
[2020-02-28T04:57:09.978+0000][1][safepoint    ] Safepoint "RevokeBias", Time since last: 2504331698 ns, Reaching safepoint: 159640 ns, At safepoint: 20327 ns, Total: 179967 ns
[2020-02-28T04:57:12.499+0000][1][safepoint    ] Safepoint "RevokeBias", Time since last: 2520318915 ns, Reaching safepoint: 70617 ns, At safepoint: 18500 ns, Total: 89117 ns
[2020-02-28T04:57:15.017+0000][1][safepoint    ] Safepoint "RevokeBias", Time since last: 2518618876 ns, Reaching safepoint: 216870 ns, At safepoint: 58189 ns, Total: 275059 ns
[2020-02-28T04:57:17.537+0000][1][safepoint    ] Safepoint "RevokeBias", Time since last: 2519687750 ns, Reaching safepoint: 52029 ns, At safepoint: 17703 ns, Total: 69732 ns
[2020-02-28T04:57:20.051+0000][1][safepoint    ] Safepoint "RevokeBias", Time since last: 2513547649 ns, Reaching safepoint: 87163 ns, At safepoint: 22556 ns, Total: 109719 ns
[2020-02-28T04:57:22.058+0000][1][safepoint    ] Safepoint "Cleanup", Time since last: 2006818312 ns, Reaching safepoint: 83304 ns, At safepoint: 7156 ns, Total: 90460 ns
[2020-02-28T04:57:22.557+0000][1][safepoint    ] Safepoint "RevokeBias", Time since last: 499078021 ns, Reaching safepoint: 78278 ns, At safepoint: 19942 ns, Total: 98220 ns
[2020-02-28T04:57:25.060+0000][1][safepoint    ] Safepoint "RevokeBias", Time since last: 2503238668 ns, Reaching safepoint: 72402 ns, At safepoint: 19211 ns, Total: 91613 ns
[2020-02-28T04:57:27.563+0000][1][safepoint    ] Safepoint "RevokeBias", Time since last: 2502666730 ns, Reaching safepoint: 84538 ns, At safepoint: 22011 ns, Total: 106549 ns
[2020-02-28T04:57:30.068+0000][1][safepoint    ] Safepoint "RevokeBias", Time since last: 2505308308 ns, Reaching safepoint: 83947 ns, At safepoint: 21395 ns, Total: 105342 ns
[2020-02-28T04:57:32.574+0000][1][safepoint    ] Safepoint "RevokeBias", Time since last: 2505774541 ns, Reaching safepoint: 71672 ns, At safepoint: 18697 ns, Total: 90369 ns
[2020-02-28T04:57:35.083+0000][1][safepoint    ] Safepoint "RevokeBias", Time since last: 2508319356 ns, Reaching safepoint: 86336 ns, At safepoint: 21894 ns, Total: 108230 ns
[2020-02-28T04:57:37.604+0000][1][safepoint    ] Safepoint "RevokeBias", Time since last: 2521387843 ns, Reaching safepoint: 78555 ns, At safepoint: 19183 ns, Total: 97738 ns
[2020-02-28T04:57:40.125+0000][1][safepoint    ] Safepoint "RevokeBias", Time since last: 2520911710 ns, Reaching safepoint: 54266 ns, At safepoint: 16805 ns, Total: 71071 ns
[2020-02-28T04:57:41.127+0000][1][safepoint    ] Safepoint "Cleanup", Time since last: 1001711112 ns, Reaching safepoint: 88964 ns, At safepoint: 7937 ns, Total: 96901 ns
[2020-02-28T04:57:42.654+0000][1][safepoint    ] Safepoint "RevokeBias", Time since last: 1527134848 ns, Reaching safepoint: 74166 ns, At safepoint: 19469 ns, Total: 93635 ns
[2020-02-28T04:57:45.166+0000][1][safepoint    ] Safepoint "RevokeBias", Time since last: 2511517911 ns, Reaching safepoint: 159869 ns, At safepoint: 20266 ns, Total: 180135 ns
[2020-02-28T04:57:47.669+0000][1][safepoint    ] Safepoint "RevokeBias", Time since last: 2503344301 ns, Reaching safepoint: 82401 ns, At safepoint: 21591 ns, Total: 103992 ns
[2020-02-28T04:57:50.173+0000][1][safepoint    ] Safepoint "RevokeBias", Time since last: 2503380141 ns, Reaching safepoint: 81716 ns, At safepoint: 21543 ns, Total: 103259 ns
[2020-02-28T04:57:52.681+0000][1][safepoint    ] Safepoint "RevokeBias", Time since last: 2507945947 ns, Reaching safepoint: 74940 ns, At safepoint: 19868 ns, Total: 94808 ns
[2020-02-28T04:57:55.185+0000][1][safepoint    ] Safepoint "RevokeBias", Time since last: 2503890375 ns, Reaching safepoint: 74039 ns, At safepoint: 18400 ns, Total: 92439 ns
[2020-02-28T04:57:57.688+0000][1][safepoint    ] Safepoint "RevokeBias", Time since last: 2502819332 ns, Reaching safepoint: 83984 ns, At safepoint: 21987 ns, Total: 105971 ns
[2020-02-28T04:58:02.331+0000][1][safepoint    ] Safepoint "RevokeBias", Time since last: 4642801314 ns, Reaching safepoint: 77472 ns, At safepoint: 21104 ns, Total: 98576 ns
[2020-02-28T04:58:04.841+0000][1][safepoint    ] Safepoint "RevokeBias", Time since last: 2509710628 ns, Reaching safepoint: 106420 ns, At safepoint: 25101 ns, Total: 131521 ns
[2020-02-28T04:58:07.429+0000][1][safepoint    ] Safepoint "RevokeBias", Time since last: 2506689471 ns, Reaching safepoint: 81380632 ns, At safepoint: 27118 ns, Total: 81407750 ns
[2020-02-28T04:58:09.852+0000][1][safepoint    ] Safepoint "RevokeBias", Time since last: 2423652398 ns, Reaching safepoint: 84401 ns, At safepoint: 22880 ns, Total: 107281 ns
[2020-02-28T04:58:12.358+0000][1][safepoint    ] Safepoint "RevokeBias", Time since last: 2505470130 ns, Reaching safepoint: 73883 ns, At safepoint: 18806 ns, Total: 92689 ns
[2020-02-28T04:58:14.862+0000][1][safepoint    ] Safepoint "RevokeBias", Time since last: 2504365611 ns, Reaching safepoint: 85571 ns, At safepoint: 21468 ns, Total: 107039 ns
[2020-02-28T04:58:17.369+0000][1][safepoint    ] Safepoint "RevokeBias", Time since last: 2505939864 ns, Reaching safepoint: 86952 ns, At safepoint: 18751 ns, Total: 105703 ns
[2020-02-28T04:58:19.884+0000][1][safepoint    ] Safepoint "RevokeBias", Time since last: 2515052215 ns, Reaching safepoint: 71142 ns, At safepoint: 19486 ns, Total: 90628 ns
[2020-02-28T04:58:22.411+0000][1][safepoint    ] Safepoint "BulkRevokeBias", Time since last: 2527522741 ns, Reaching safepoint: 67799 ns, At safepoint: 220612 ns, Total: 288411 ns
[2020-02-28T04:58:24.931+0000][1][safepoint    ] Safepoint "RevokeBias", Time since last: 2519424606 ns, Reaching safepoint: 69776 ns, At safepoint: 17656 ns, Total: 87432 ns
[2020-02-28T04:58:27.443+0000][1][safepoint    ] Safepoint "RevokeBias", Time since last: 2511621284 ns, Reaching safepoint: 72247 ns, At safepoint: 18894 ns, Total: 91141 ns
[2020-02-28T04:58:29.947+0000][1][safepoint    ] Safepoint "RevokeBias", Time since last: 2503811969 ns, Reaching safepoint: 75617 ns, At safepoint: 18552 ns, Total: 94169 ns
[2020-02-28T04:58:32.452+0000][1][safepoint    ] Safepoint "RevokeBias", Time since last: 2504882220 ns, Reaching safepoint: 71447 ns, At safepoint: 18229 ns, Total: 89676 ns
[2020-02-28T04:58:34.957+0000][1][safepoint    ] Safepoint "RevokeBias", Time since last: 2504949631 ns, Reaching safepoint: 94583 ns, At safepoint: 24528 ns, Total: 119111 ns
[2020-02-28T04:58:35.957+0000][1][safepoint    ] Safepoint "Cleanup", Time since last: 1000147857 ns, Reaching safepoint: 66527 ns, At safepoint: 6875 ns, Total: 73402 ns
[2020-02-28T04:58:37.462+0000][1][safepoint    ] Safepoint "RevokeBias", Time since last: 1505548088 ns, Reaching safepoint: 74144 ns, At safepoint: 19939 ns, Total: 94083 ns
[2020-02-28T04:58:39.966+0000][1][safepoint    ] Safepoint "RevokeBias", Time since last: 2503214894 ns, Reaching safepoint: 88633 ns, At safepoint: 20823 ns, Total: 109456 ns
[2020-02-28T04:58:42.471+0000][1][safepoint    ] Safepoint "RevokeBias", Time since last: 2504951359 ns, Reaching safepoint: 73404 ns, At safepoint: 18466 ns, Total: 91870 ns
[2020-02-28T04:58:44.983+0000][1][safepoint    ] Safepoint "RevokeBias", Time since last: 2512130596 ns, Reaching safepoint: 69597 ns, At safepoint: 18247 ns, Total: 87844 ns
[2020-02-28T04:58:47.505+0000][1][safepoint    ] Safepoint "RevokeBias", Time since last: 2521758456 ns, Reaching safepoint: 70653 ns, At safepoint: 19096 ns, Total: 89749 ns
[2020-02-28T04:58:50.024+0000][1][safepoint    ] Safepoint "RevokeBias", Time since last: 2518898337 ns, Reaching safepoint: 71405 ns, At safepoint: 17932 ns, Total: 89337 ns
[2020-02-28T04:58:50.303+0000][1][gc,start     ] GC(105) Pause Young (Allocation Failure)
[2020-02-28T04:58:50.303+0000][1][gc,task      ] GC(105) Using 1 workers of 1 for evacuation
[2020-02-28T04:58:50.313+0000][1][gc,age       ] GC(105) Desired survivor size 4358144 bytes, new threshold 6 (max threshold 6)
[2020-02-28T04:58:50.313+0000][1][gc,age       ] GC(105) Age table with threshold 6 (max threshold 6)
[2020-02-28T04:58:50.313+0000][1][gc,age       ] GC(105) - age   1:      13856 bytes,      13856 total
[2020-02-28T04:58:50.313+0000][1][gc,age       ] GC(105) - age   2:        192 bytes,      14048 total
[2020-02-28T04:58:50.313+0000][1][gc,age       ] GC(105) - age   3:        784 bytes,      14832 total
[2020-02-28T04:58:50.313+0000][1][gc,age       ] GC(105) - age   4:        128 bytes,      14960 total
[2020-02-28T04:58:50.313+0000][1][gc,age       ] GC(105) - age   5:        336 bytes,      15296 total
[2020-02-28T04:58:50.313+0000][1][gc,heap      ] GC(105) ParNew: 68175K->21K(76672K)
[2020-02-28T04:58:50.313+0000][1][gc,heap      ] GC(105) CMS: 62661K->62661K(963392K)
[2020-02-28T04:58:50.313+0000][1][gc,metaspace ] GC(105) Metaspace: 80123K->80123K(1122304K)
[2020-02-28T04:58:50.313+0000][1][gc           ] GC(105) Pause Young (Allocation Failure) 127M->61M(1015M) 10.812ms
[2020-02-28T04:58:50.313+0000][1][gc,cpu       ] GC(105) User=0.01s Sys=0.00s Real=0.01s
[2020-02-28T04:58:50.314+0000][1][safepoint    ] Safepoint "GenCollectForAllocation", Time since last: 278630681 ns, Reaching safepoint: 76086 ns, At safepoint: 10885848 ns, Total: 10961934 ns
[2020-02-28T04:58:52.535+0000][1][safepoint    ] Safepoint "RevokeBias", Time since last: 2221414659 ns, Reaching safepoint: 83506 ns, At safepoint: 21699 ns, Total: 105205 ns
[2020-02-28T04:58:55.041+0000][1][safepoint    ] Safepoint "RevokeBias", Time since last: 2505866635 ns, Reaching safepoint: 70605 ns, At safepoint: 18190 ns, Total: 88795 ns
[2020-02-28T04:58:57.548+0000][1][safepoint    ] Safepoint "RevokeBias", Time since last: 2506540307 ns, Reaching safepoint: 84795 ns, At safepoint: 22043 ns, Total: 106838 ns
[2020-02-28T04:59:00.051+0000][1][safepoint    ] Safepoint "RevokeBias", Time since last: 2503472954 ns, Reaching safepoint: 76676 ns, At safepoint: 36500 ns, Total: 113176 ns
[2020-02-28T04:59:02.557+0000][1][safepoint    ] Safepoint "RevokeBias", Time since last: 2505752707 ns, Reaching safepoint: 88988 ns, At safepoint: 20402 ns, Total: 109390 ns
[2020-02-28T04:59:05.077+0000][1][safepoint    ] Safepoint "RevokeBias", Time since last: 2519462222 ns, Reaching safepoint: 89443 ns, At safepoint: 20833 ns, Total: 110276 ns
[2020-02-28T04:59:07.594+0000][1][safepoint    ] Safepoint "RevokeBias", Time since last: 2517672303 ns, Reaching safepoint: 70478 ns, At safepoint: 18044 ns, Total: 88522 ns
[2020-02-28T04:59:10.108+0000][1][safepoint    ] Safepoint "RevokeBias", Time since last: 2513601764 ns, Reaching safepoint: 70590 ns, At safepoint: 18408 ns, Total: 88998 ns
[2020-02-28T04:59:12.638+0000][1][safepoint    ] Safepoint "RevokeBias", Time since last: 2529321586 ns, Reaching safepoint: 180195 ns, At safepoint: 25686 ns, Total: 205881 ns
[2020-02-28T04:59:15.151+0000][1][safepoint    ] Safepoint "RevokeBias", Time since last: 2513508818 ns, Reaching safepoint: 75599 ns, At safepoint: 19246 ns, Total: 94845 ns
[2020-02-28T04:59:17.661+0000][1][safepoint    ] Safepoint "RevokeBias", Time since last: 2509571087 ns, Reaching safepoint: 71394 ns, At safepoint: 19141 ns, Total: 90535 ns
[2020-02-28T04:59:20.163+0000][1][safepoint    ] Safepoint "RevokeBias", Time since last: 2502213695 ns, Reaching safepoint: 130756 ns, At safepoint: 25489 ns, Total: 156245 ns
[2020-02-28T04:59:22.670+0000][1][safepoint    ] Safepoint "RevokeBias", Time since last: 2506147118 ns, Reaching safepoint: 76949 ns, At safepoint: 19148 ns, Total: 96097 ns
[2020-02-28T04:59:25.175+0000][1][safepoint    ] Safepoint "RevokeBias", Time since last: 2505035073 ns, Reaching safepoint: 100823 ns, At safepoint: 21985 ns, Total: 122808 ns
[2020-02-28T04:59:27.680+0000][1][safepoint    ] Safepoint "RevokeBias", Time since last: 2505544043 ns, Reaching safepoint: 84863 ns, At safepoint: 21684 ns, Total: 106547 ns
[2020-02-28T04:59:30.196+0000][1][safepoint    ] Safepoint "RevokeBias", Time since last: 2515183803 ns, Reaching safepoint: 71436 ns, At safepoint: 19284 ns, Total: 90720 ns
[2020-02-28T04:59:32.719+0000][1][safepoint    ] Safepoint "RevokeBias", Time since last: 2523681585 ns, Reaching safepoint: 132313 ns, At safepoint: 16545 ns, Total: 148858 ns
[2020-02-28T04:59:35.237+0000][1][safepoint    ] Safepoint "BulkRevokeBias", Time since last: 2516572463 ns, Reaching safepoint: 109427 ns, At safepoint: 452349 ns, Total: 561776 ns
[2020-02-28T04:59:37.801+0000][1][safepoint    ] Safepoint "RevokeBias", Time since last: 2564830462 ns, Reaching safepoint: 56322 ns, At safepoint: 17122 ns, Total: 73444 ns
[2020-02-28T04:59:40.359+0000][1][safepoint    ] Safepoint "RevokeBias", Time since last: 2557471633 ns, Reaching safepoint: 70625 ns, At safepoint: 18801 ns, Total: 89426 ns
[2020-02-28T04:59:42.866+0000][1][safepoint    ] Safepoint "RevokeBias", Time since last: 2506408951 ns, Reaching safepoint: 73682 ns, At safepoint: 50673 ns, Total: 124355 ns
[2020-02-28T04:59:45.369+0000][1][safepoint    ] Safepoint "RevokeBias", Time since last: 2503610703 ns, Reaching safepoint: 86394 ns, At safepoint: 20934 ns, Total: 107328 ns
[2020-02-28T04:59:47.875+0000][1][safepoint    ] Safepoint "RevokeBias", Time since last: 2505334513 ns, Reaching safepoint: 75015 ns, At safepoint: 19847 ns, Total: 94862 ns
[2020-02-28T04:59:50.379+0000][1][safepoint    ] Safepoint "RevokeBias", Time since last: 2504006137 ns, Reaching safepoint: 72457 ns, At safepoint: 18693 ns, Total: 91150 ns
[2020-02-28T04:59:52.884+0000][1][safepoint    ] Safepoint "RevokeBias", Time since last: 2505488692 ns, Reaching safepoint: 74098 ns, At safepoint: 18769 ns, Total: 92867 ns
[2020-02-28T04:59:55.400+0000][1][safepoint    ] Safepoint "RevokeBias", Time since last: 2515705033 ns, Reaching safepoint: 151660 ns, At safepoint: 21208 ns, Total: 172868 ns
[2020-02-28T04:59:57.921+0000][1][safepoint    ] Safepoint "RevokeBias", Time since last: 2520925222 ns, Reaching safepoint: 98060 ns, At safepoint: 25724 ns, Total: 123784 ns
[2020-02-28T05:00:00.449+0000][1][safepoint    ] Safepoint "RevokeBias", Time since last: 2520546381 ns, Reaching safepoint: 7269714 ns, At safepoint: 25734 ns, Total: 7295448 ns
[2020-02-28T05:00:02.954+0000][1][safepoint    ] Safepoint "RevokeBias", Time since last: 2504357974 ns, Reaching safepoint: 73921 ns, At safepoint: 19101 ns, Total: 93022 ns
[2020-02-28T05:00:05.478+0000][1][safepoint    ] Safepoint "RevokeBias", Time since last: 2520710902 ns, Reaching safepoint: 4141736 ns, At safepoint: 34545 ns, Total: 4176281 ns
[2020-02-28T05:00:07.484+0000][1][safepoint    ] Safepoint "Cleanup", Time since last: 2005268929 ns, Reaching safepoint: 87532 ns, At safepoint: 7750 ns, Total: 95282 ns
[2020-02-28T05:00:07.988+0000][1][safepoint    ] Safepoint "RevokeBias", Time since last: 504465598 ns, Reaching safepoint: 82595 ns, At safepoint: 21720 ns, Total: 104315 ns
[2020-02-28T05:00:10.492+0000][1][safepoint    ] Safepoint "RevokeBias", Time since last: 2503516436 ns, Reaching safepoint: 120719 ns, At safepoint: 20987 ns, Total: 141706 ns
[2020-02-28T05:00:12.998+0000][1][safepoint    ] Safepoint "RevokeBias", Time since last: 2506110523 ns, Reaching safepoint: 84114 ns, At safepoint: 21823 ns, Total: 105937 ns
[2020-02-28T05:00:15.503+0000][1][safepoint    ] Safepoint "RevokeBias", Time since last: 2504754054 ns, Reaching safepoint: 126866 ns, At safepoint: 20787 ns, Total: 147653 ns
[2020-02-28T05:00:18.009+0000][1][safepoint    ] Safepoint "RevokeBias", Time since last: 2505441719 ns, Reaching safepoint: 76723 ns, At safepoint: 19385 ns, Total: 96108 ns
[2020-02-28T05:00:20.516+0000][1][safepoint    ] Safepoint "RevokeBias", Time since last: 2506944014 ns, Reaching safepoint: 67203 ns, At safepoint: 19192 ns, Total: 86395 ns
[2020-02-28T05:00:23.030+0000][1][safepoint    ] Safepoint "RevokeBias", Time since last: 2514129172 ns, Reaching safepoint: 73397 ns, At safepoint: 18040 ns, Total: 91437 ns
[2020-02-28T05:00:25.551+0000][1][safepoint    ] Safepoint "RevokeBias", Time since last: 2521268449 ns, Reaching safepoint: 100420 ns, At safepoint: 25922 ns, Total: 126342 ns
[2020-02-28T05:00:28.075+0000][1][safepoint    ] Safepoint "RevokeBias", Time since last: 2523670228 ns, Reaching safepoint: 73910 ns, At safepoint: 18909 ns, Total: 92819 ns
[2020-02-28T05:00:30.584+0000][1][safepoint    ] Safepoint "RevokeBias", Time since last: 2509013612 ns, Reaching safepoint: 84291 ns, At safepoint: 41125 ns, Total: 125416 ns
[2020-02-28T05:00:33.089+0000][1][safepoint    ] Safepoint "RevokeBias", Time since last: 2504472602 ns, Reaching safepoint: 181684 ns, At safepoint: 22236 ns, Total: 203920 ns
[2020-02-28T05:00:35.594+0000][1][safepoint    ] Safepoint "RevokeBias", Time since last: 2504739541 ns, Reaching safepoint: 73878 ns, At safepoint: 18603 ns, Total: 92481 ns
[2020-02-28T05:00:38.098+0000][1][safepoint    ] Safepoint "RevokeBias", Time since last: 2504424017 ns, Reaching safepoint: 114859 ns, At safepoint: 22726 ns, Total: 137585 ns
[2020-02-28T05:00:40.601+0000][1][safepoint    ] Safepoint "RevokeBias", Time since last: 2502185854 ns, Reaching safepoint: 70010 ns, At safepoint: 17739 ns, Total: 87749 ns
[2020-02-28T05:00:43.106+0000][1][safepoint    ] Safepoint "RevokeBias", Time since last: 2505277033 ns, Reaching safepoint: 75605 ns, At safepoint: 18774 ns, Total: 94379 ns
[2020-02-28T05:00:45.620+0000][1][safepoint    ] Safepoint "RevokeBias", Time since last: 2514048864 ns, Reaching safepoint: 56473 ns, At safepoint: 63689 ns, Total: 120162 ns
[2020-02-28T05:00:48.141+0000][1][safepoint    ] Safepoint "BulkRevokeBias", Time since last: 2520267258 ns, Reaching safepoint: 57304 ns, At safepoint: 232850 ns, Total: 290154 ns
[2020-02-28T05:00:50.655+0000][1][safepoint    ] Safepoint "RevokeBias", Time since last: 2514575605 ns, Reaching safepoint: 86245 ns, At safepoint: 20983 ns, Total: 107228 ns
[2020-02-28T05:00:52.681+0000][1][safepoint    ] Safepoint "Cleanup", Time since last: 2025493962 ns, Reaching safepoint: 89396 ns, At safepoint: 8486 ns, Total: 97882 ns
[2020-02-28T05:00:53.171+0000][1][safepoint    ] Safepoint "RevokeBias", Time since last: 489460334 ns, Reaching safepoint: 70022 ns, At safepoint: 18475 ns, Total: 88497 ns
[2020-02-28T05:00:55.688+0000][1][safepoint    ] Safepoint "RevokeBias", Time since last: 2517741036 ns, Reaching safepoint: 70797 ns, At safepoint: 18275 ns, Total: 89072 ns
[2020-02-28T05:00:58.202+0000][1][safepoint    ] Safepoint "RevokeBias", Time since last: 2513782128 ns, Reaching safepoint: 85335 ns, At safepoint: 21638 ns, Total: 106973 ns
[2020-02-28T05:01:00.706+0000][1][safepoint    ] Safepoint "RevokeBias", Time since last: 2503561613 ns, Reaching safepoint: 97049 ns, At safepoint: 21678 ns, Total: 118727 ns
[2020-02-28T05:01:03.211+0000][1][safepoint    ] Safepoint "RevokeBias", Time since last: 2504821618 ns, Reaching safepoint: 123707 ns, At safepoint: 39935 ns, Total: 163642 ns
[2020-02-28T05:01:05.715+0000][1][safepoint    ] Safepoint "RevokeBias", Time since last: 2504334527 ns, Reaching safepoint: 85692 ns, At safepoint: 21754 ns, Total: 107446 ns
[2020-02-28T05:01:08.219+0000][1][safepoint    ] Safepoint "RevokeBias", Time since last: 2503658780 ns, Reaching safepoint: 85098 ns, At safepoint: 21933 ns, Total: 107031 ns
[2020-02-28T05:01:10.442+0000][1][gc,start     ] GC(106) Pause Young (Allocation Failure)
[2020-02-28T05:01:10.442+0000][1][gc,task      ] GC(106) Using 1 workers of 1 for evacuation
[2020-02-28T05:01:10.452+0000][1][gc,age       ] GC(106) Desired survivor size 4358144 bytes, new threshold 6 (max threshold 6)
[2020-02-28T05:01:10.452+0000][1][gc,age       ] GC(106) Age table with threshold 6 (max threshold 6)
[2020-02-28T05:01:10.452+0000][1][gc,age       ] GC(106) - age   1:      12032 bytes,      12032 total
[2020-02-28T05:01:10.452+0000][1][gc,age       ] GC(106) - age   2:       1976 bytes,      14008 total
[2020-02-28T05:01:10.452+0000][1][gc,age       ] GC(106) - age   3:         72 bytes,      14080 total
[2020-02-28T05:01:10.452+0000][1][gc,age       ] GC(106) - age   4:        784 bytes,      14864 total
[2020-02-28T05:01:10.452+0000][1][gc,age       ] GC(106) - age   5:        128 bytes,      14992 total
[2020-02-28T05:01:10.452+0000][1][gc,age       ] GC(106) - age   6:        336 bytes,      15328 total
[2020-02-28T05:01:10.452+0000][1][gc,heap      ] GC(106) ParNew: 68181K->27K(76672K)
[2020-02-28T05:01:10.452+0000][1][gc,heap      ] GC(106) CMS: 62661K->62661K(963392K)
[2020-02-28T05:01:10.452+0000][1][gc,metaspace ] GC(106) Metaspace: 80123K->80123K(1122304K)
[2020-02-28T05:01:10.452+0000][1][gc           ] GC(106) Pause Young (Allocation Failure) 127M->61M(1015M) 10.438ms
[2020-02-28T05:01:10.452+0000][1][gc,cpu       ] GC(106) User=0.01s Sys=0.00s Real=0.01s
[2020-02-28T05:01:10.452+0000][1][safepoint    ] Safepoint "GenCollectForAllocation", Time since last: 2222466729 ns, Reaching safepoint: 73517 ns, At safepoint: 10493173 ns, Total: 10566690 ns
[2020-02-28T05:01:10.827+0000][1][safepoint    ] Safepoint "RevokeBias", Time since last: 270596654 ns, Reaching safepoint: 104002902 ns, At safepoint: 28828 ns, Total: 104031730 ns
[2020-02-28T05:01:13.228+0000][1][safepoint    ] Safepoint "RevokeBias", Time since last: 2401504211 ns, Reaching safepoint: 83815 ns, At safepoint: 21604 ns, Total: 105419 ns
[2020-02-28T05:01:15.739+0000][1][safepoint    ] Safepoint "RevokeBias", Time since last: 2510366191 ns, Reaching safepoint: 73395 ns, At safepoint: 19036 ns, Total: 92431 ns
[2020-02-28T05:01:18.254+0000][1][safepoint    ] Safepoint "RevokeBias", Time since last: 2515228206 ns, Reaching safepoint: 104430 ns, At safepoint: 57827 ns, Total: 162257 ns
[2020-02-28T05:01:20.890+0000][1][safepoint    ] Safepoint "RevokeBias", Time since last: 2525755563 ns, Reaching safepoint: 109945133 ns, At safepoint: 49372 ns, Total: 109994505 ns
[2020-02-28T05:01:23.300+0000][1][safepoint    ] Safepoint "RevokeBias", Time since last: 2409632614 ns, Reaching safepoint: 71416 ns, At safepoint: 18161 ns, Total: 89577 ns
[2020-02-28T05:01:25.814+0000][1][safepoint    ] Safepoint "RevokeBias", Time since last: 2514313136 ns, Reaching safepoint: 84431 ns, At safepoint: 21581 ns, Total: 106012 ns
[2020-02-28T05:01:28.320+0000][1][safepoint    ] Safepoint "RevokeBias", Time since last: 2506060941 ns, Reaching safepoint: 71319 ns, At safepoint: 17346 ns, Total: 88665 ns
[2020-02-28T05:01:30.825+0000][1][safepoint    ] Safepoint "RevokeBias", Time since last: 2504602688 ns, Reaching safepoint: 69361 ns, At safepoint: 17622 ns, Total: 86983 ns
[2020-02-28T05:01:33.330+0000][1][safepoint    ] Safepoint "RevokeBias", Time since last: 2504709196 ns, Reaching safepoint: 83238 ns, At safepoint: 49593 ns, Total: 132831 ns
[2020-02-28T05:01:35.833+0000][1][safepoint    ] Safepoint "RevokeBias", Time since last: 2503284249 ns, Reaching safepoint: 99527 ns, At safepoint: 25951 ns, Total: 125478 ns
[2020-02-28T05:01:38.342+0000][1][safepoint    ] Safepoint "RevokeBias", Time since last: 2508778794 ns, Reaching safepoint: 132104 ns, At safepoint: 59073 ns, Total: 191177 ns
[2020-02-28T05:01:40.847+0000][1][safepoint    ] Safepoint "RevokeBias", Time since last: 2504271976 ns, Reaching safepoint: 75736 ns, At safepoint: 19041 ns, Total: 94777 ns
[2020-02-28T05:01:43.352+0000][1][safepoint    ] Safepoint "RevokeBias", Time since last: 2505560256 ns, Reaching safepoint: 82275 ns, At safepoint: 21897 ns, Total: 104172 ns
[2020-02-28T05:01:45.360+0000][1][safepoint    ] Safepoint "Cleanup", Time since last: 2007719546 ns, Reaching safepoint: 81032 ns, At safepoint: 6979 ns, Total: 88011 ns
[2020-02-28T05:01:45.873+0000][1][safepoint    ] Safepoint "RevokeBias", Time since last: 512727734 ns, Reaching safepoint: 78918 ns, At safepoint: 21568 ns, Total: 100486 ns
[2020-02-28T05:01:48.402+0000][1][safepoint    ] Safepoint "RevokeBias", Time since last: 2528901935 ns, Reaching safepoint: 121787 ns, At safepoint: 136358 ns, Total: 258145 ns
[2020-02-28T05:01:50.921+0000][1][safepoint    ] Safepoint "RevokeBias", Time since last: 2518949919 ns, Reaching safepoint: 82393 ns, At safepoint: 20712 ns, Total: 103105 ns
[2020-02-28T05:01:53.441+0000][1][safepoint    ] Safepoint "RevokeBias", Time since last: 2519727765 ns, Reaching safepoint: 73292 ns, At safepoint: 18726 ns, Total: 92018 ns
[2020-02-28T05:01:55.954+0000][1][safepoint    ] Safepoint "RevokeBias", Time since last: 2513273504 ns, Reaching safepoint: 90674 ns, At safepoint: 72136 ns, Total: 162810 ns
[2020-02-28T05:01:58.459+0000][1][safepoint    ] Safepoint "RevokeBias", Time since last: 2504772530 ns, Reaching safepoint: 124667 ns, At safepoint: 23319 ns, Total: 147986 ns
[2020-02-28T05:02:00.964+0000][1][safepoint    ] Safepoint "BulkRevokeBias", Time since last: 2504492873 ns, Reaching safepoint: 180117 ns, At safepoint: 501364 ns, Total: 681481 ns
[2020-02-28T05:02:03.470+0000][1][safepoint    ] Safepoint "RevokeBias", Time since last: 2505741404 ns, Reaching safepoint: 87169 ns, At safepoint: 22811 ns, Total: 109980 ns
[2020-02-28T05:02:05.491+0000][1][safepoint    ] Safepoint "Cleanup", Time since last: 2009442303 ns, Reaching safepoint: 11327625 ns, At safepoint: 17844 ns, Total: 11345469 ns
[2020-02-28T05:02:05.979+0000][1][safepoint    ] Safepoint "RevokeBias", Time since last: 487502588 ns, Reaching safepoint: 72899 ns, At safepoint: 33626 ns, Total: 106525 ns
[2020-02-28T05:02:08.491+0000][1][safepoint    ] Safepoint "RevokeBias", Time since last: 2512253678 ns, Reaching safepoint: 91910 ns, At safepoint: 20710 ns, Total: 112620 ns
[2020-02-28T05:02:11.003+0000][1][safepoint    ] Safepoint "RevokeBias", Time since last: 2512146964 ns, Reaching safepoint: 72954 ns, At safepoint: 19361 ns, Total: 92315 ns
[2020-02-28T05:02:13.515+0000][1][safepoint    ] Safepoint "RevokeBias", Time since last: 2511260136 ns, Reaching safepoint: 71082 ns, At safepoint: 18448 ns, Total: 89530 ns
[2020-02-28T05:02:16.025+0000][1][safepoint    ] Safepoint "RevokeBias", Time since last: 2510378617 ns, Reaching safepoint: 71965 ns, At safepoint: 18454 ns, Total: 90419 ns
[2020-02-28T05:02:18.538+0000][1][safepoint    ] Safepoint "RevokeBias", Time since last: 2512744131 ns, Reaching safepoint: 70255 ns, At safepoint: 18626 ns, Total: 88881 ns
[2020-02-28T05:02:21.052+0000][1][safepoint    ] Safepoint "RevokeBias", Time since last: 2513855517 ns, Reaching safepoint: 73079 ns, At safepoint: 18972 ns, Total: 92051 ns
[2020-02-28T05:02:23.567+0000][1][safepoint    ] Safepoint "RevokeBias", Time since last: 2515134071 ns, Reaching safepoint: 71509 ns, At safepoint: 18974 ns, Total: 90483 ns
[2020-02-28T05:02:26.081+0000][1][safepoint    ] Safepoint "RevokeBias", Time since last: 2513603081 ns, Reaching safepoint: 106491 ns, At safepoint: 24885 ns, Total: 131376 ns
[2020-02-28T05:02:28.602+0000][1][safepoint    ] Safepoint "RevokeBias", Time since last: 2520688487 ns, Reaching safepoint: 72411 ns, At safepoint: 17983 ns, Total: 90394 ns
[2020-02-28T05:02:31.121+0000][1][safepoint    ] Safepoint "RevokeBias", Time since last: 2519531316 ns, Reaching safepoint: 70814 ns, At safepoint: 18428 ns, Total: 89242 ns
[2020-02-28T05:02:33.638+0000][1][safepoint    ] Safepoint "RevokeBias", Time since last: 2516650920 ns, Reaching safepoint: 85056 ns, At safepoint: 92657 ns, Total: 177713 ns
[2020-02-28T05:02:36.156+0000][1][safepoint    ] Safepoint "RevokeBias", Time since last: 2518292533 ns, Reaching safepoint: 78811 ns, At safepoint: 18206 ns, Total: 97017 ns
[2020-02-28T05:02:38.670+0000][1][safepoint    ] Safepoint "RevokeBias", Time since last: 2513057013 ns, Reaching safepoint: 73000 ns, At safepoint: 18608 ns, Total: 91608 ns
[2020-02-28T05:02:41.176+0000][1][safepoint    ] Safepoint "RevokeBias", Time since last: 2506231317 ns, Reaching safepoint: 87720 ns, At safepoint: 22420 ns, Total: 110140 ns
[2020-02-28T05:02:43.689+0000][1][safepoint    ] Safepoint "RevokeBias", Time since last: 2513138706 ns, Reaching safepoint: 59007 ns, At safepoint: 16875 ns, Total: 75882 ns
[2020-02-28T05:02:46.200+0000][1][safepoint    ] Safepoint "RevokeBias", Time since last: 2510590873 ns, Reaching safepoint: 85076 ns, At safepoint: 20845 ns, Total: 105921 ns
[2020-02-28T05:02:48.717+0000][1][safepoint    ] Safepoint "RevokeBias", Time since last: 2517466100 ns, Reaching safepoint: 74486 ns, At safepoint: 35027 ns, Total: 109513 ns
[2020-02-28T05:02:51.229+0000][1][safepoint    ] Safepoint "RevokeBias", Time since last: 2511685404 ns, Reaching safepoint: 72485 ns, At safepoint: 20906 ns, Total: 93391 ns
[2020-02-28T05:02:53.737+0000][1][safepoint    ] Safepoint "RevokeBias", Time since last: 2508130936 ns, Reaching safepoint: 92468 ns, At safepoint: 18134 ns, Total: 110602 ns
[2020-02-28T05:02:56.245+0000][1][safepoint    ] Safepoint "RevokeBias", Time since last: 2507717039 ns, Reaching safepoint: 87420 ns, At safepoint: 21587 ns, Total: 109007 ns
[2020-02-28T05:02:58.750+0000][1][safepoint    ] Safepoint "RevokeBias", Time since last: 2504157165 ns, Reaching safepoint: 198028 ns, At safepoint: 21955 ns, Total: 219983 ns
[2020-02-28T05:03:01.261+0000][1][safepoint    ] Safepoint "RevokeBias", Time since last: 2511149612 ns, Reaching safepoint: 71818 ns, At safepoint: 18837 ns, Total: 90655 ns
[2020-02-28T05:03:03.775+0000][1][safepoint    ] Safepoint "RevokeBias", Time since last: 2514131796 ns, Reaching safepoint: 129748 ns, At safepoint: 20838 ns, Total: 150586 ns
[2020-02-28T05:03:06.288+0000][1][safepoint    ] Safepoint "RevokeBias", Time since last: 2512260643 ns, Reaching safepoint: 76487 ns, At safepoint: 20797 ns, Total: 97284 ns
[2020-02-28T05:03:08.796+0000][1][safepoint    ] Safepoint "RevokeBias", Time since last: 2508765103 ns, Reaching safepoint: 71587 ns, At safepoint: 19403 ns, Total: 90990 ns
[2020-02-28T05:03:11.313+0000][1][safepoint    ] Safepoint "RevokeBias", Time since last: 2516287620 ns, Reaching safepoint: 86986 ns, At safepoint: 21669 ns, Total: 108655 ns
[2020-02-28T05:03:13.825+0000][1][safepoint    ] Safepoint "BulkRevokeBias", Time since last: 2511922972 ns, Reaching safepoint: 73189 ns, At safepoint: 192328 ns, Total: 265517 ns
[2020-02-28T05:03:15.877+0000][1][safepoint    ] Safepoint "Cleanup", Time since last: 2002847321 ns, Reaching safepoint: 48725040 ns, At safepoint: 19558 ns, Total: 48744598 ns
[2020-02-28T05:03:17.896+0000][1][safepoint    ] Safepoint "Cleanup", Time since last: 2004864571 ns, Reaching safepoint: 14443480 ns, At safepoint: 10564 ns, Total: 14454044 ns
[2020-02-28T05:03:19.236+0000][1][safepoint    ] Safepoint "Cleanup", Time since last: 1003002957 ns, Reaching safepoint: 337038153 ns, At safepoint: 61991 ns, Total: 337100144 ns
[2020-02-28T05:03:20.240+0000][1][safepoint    ] Safepoint "Cleanup", Time since last: 1001017702 ns, Reaching safepoint: 3194340 ns, At safepoint: 31052 ns, Total: 3225392 ns
[2020-02-28T05:03:20.464+0000][1][safepoint    ] Safepoint "RevokeBias", Time since last: 223668739 ns, Reaching safepoint: 86432 ns, At safepoint: 18313 ns, Total: 104745 ns
[2020-02-28T05:03:22.975+0000][1][safepoint    ] Safepoint "RevokeBias", Time since last: 2510794089 ns, Reaching safepoint: 56050 ns, At safepoint: 16949 ns, Total: 72999 ns
[2020-02-28T05:03:25.483+0000][1][safepoint    ] Safepoint "RevokeBias", Time since last: 2507696758 ns, Reaching safepoint: 71260 ns, At safepoint: 18109 ns, Total: 89369 ns
[2020-02-28T05:03:27.484+0000][1][safepoint    ] Safepoint "Cleanup", Time since last: 2001360664 ns, Reaching safepoint: 79660 ns, At safepoint: 6469 ns, Total: 86129 ns
[2020-02-28T05:03:27.992+0000][1][safepoint    ] Safepoint "RevokeBias", Time since last: 507990062 ns, Reaching safepoint: 74833 ns, At safepoint: 18494 ns, Total: 93327 ns
[2020-02-28T05:03:30.502+0000][1][safepoint    ] Safepoint "RevokeBias", Time since last: 2509364358 ns, Reaching safepoint: 105601 ns, At safepoint: 21539 ns, Total: 127140 ns
[2020-02-28T05:03:30.569+0000][1][gc,start     ] GC(107) Pause Young (Allocation Failure)
[2020-02-28T05:03:30.569+0000][1][gc,task      ] GC(107) Using 1 workers of 1 for evacuation
[2020-02-28T05:03:30.616+0000][1][gc,age       ] GC(107) Desired survivor size 4358144 bytes, new threshold 6 (max threshold 6)
[2020-02-28T05:03:30.616+0000][1][gc,age       ] GC(107) Age table with threshold 6 (max threshold 6)
[2020-02-28T05:03:30.616+0000][1][gc,age       ] GC(107) - age   1:      49824 bytes,      49824 total
[2020-02-28T05:03:30.616+0000][1][gc,age       ] GC(107) - age   2:        240 bytes,      50064 total
[2020-02-28T05:03:30.616+0000][1][gc,age       ] GC(107) - age   3:       1976 bytes,      52040 total
[2020-02-28T05:03:30.616+0000][1][gc,age       ] GC(107) - age   4:         72 bytes,      52112 total
[2020-02-28T05:03:30.616+0000][1][gc,age       ] GC(107) - age   5:        648 bytes,      52760 total
[2020-02-28T05:03:30.616+0000][1][gc,age       ] GC(107) - age   6:         32 bytes,      52792 total
[2020-02-28T05:03:30.616+0000][1][gc,heap      ] GC(107) ParNew: 68187K->53K(76672K)
[2020-02-28T05:03:30.616+0000][1][gc,heap      ] GC(107) CMS: 62661K->62661K(963392K)
[2020-02-28T05:03:30.616+0000][1][gc,metaspace ] GC(107) Metaspace: 80240K->80240K(1122304K)
[2020-02-28T05:03:30.616+0000][1][gc           ] GC(107) Pause Young (Allocation Failure) 127M->61M(1015M) 46.780ms
[2020-02-28T05:03:30.616+0000][1][gc,cpu       ] GC(107) User=0.01s Sys=0.00s Real=0.04s
[2020-02-28T05:03:30.616+0000][1][safepoint    ] Safepoint "GenCollectForAllocation", Time since last: 67222431 ns, Reaching safepoint: 73075 ns, At safepoint: 46843925 ns, Total: 46917000 ns
[2020-02-28T05:03:33.008+0000][1][safepoint    ] Safepoint "RevokeBias", Time since last: 2391548353 ns, Reaching safepoint: 120141 ns, At safepoint: 19747 ns, Total: 139888 ns
[2020-02-28T05:03:35.516+0000][1][safepoint    ] Safepoint "RevokeBias", Time since last: 2508032681 ns, Reaching safepoint: 69437 ns, At safepoint: 18342 ns, Total: 87779 ns
[2020-02-28T05:03:38.034+0000][1][safepoint    ] Safepoint "RevokeBias", Time since last: 2518390900 ns, Reaching safepoint: 73224 ns, At safepoint: 18994 ns, Total: 92218 ns
[2020-02-28T05:03:40.545+0000][1][safepoint    ] Safepoint "RevokeBias", Time since last: 2511022599 ns, Reaching safepoint: 67758 ns, At safepoint: 19335 ns, Total: 87093 ns
[2020-02-28T05:03:43.054+0000][1][safepoint    ] Safepoint "RevokeBias", Time since last: 2508395298 ns, Reaching safepoint: 159931 ns, At safepoint: 34386 ns, Total: 194317 ns
[2020-02-28T05:03:45.057+0000][1][safepoint    ] Safepoint "Cleanup", Time since last: 2002676169 ns, Reaching safepoint: 83642 ns, At safepoint: 7090 ns, Total: 90732 ns
[2020-02-28T05:03:45.571+0000][1][safepoint    ] Safepoint "RevokeBias", Time since last: 514250698 ns, Reaching safepoint: 72200 ns, At safepoint: 19212 ns, Total: 91412 ns
[2020-02-28T05:03:48.102+0000][1][safepoint    ] Safepoint "RevokeBias", Time since last: 2530903927 ns, Reaching safepoint: 71824 ns, At safepoint: 32525 ns, Total: 104349 ns
[2020-02-28T05:03:50.611+0000][1][safepoint    ] Safepoint "RevokeBias", Time since last: 2508743339 ns, Reaching safepoint: 172800 ns, At safepoint: 20152 ns, Total: 192952 ns
[2020-02-28T05:03:53.116+0000][1][safepoint    ] Safepoint "RevokeBias", Time since last: 2504683745 ns, Reaching safepoint: 74730 ns, At safepoint: 19085 ns, Total: 93815 ns
[2020-02-28T05:03:55.622+0000][1][safepoint    ] Safepoint "RevokeBias", Time since last: 2505792225 ns, Reaching safepoint: 120538 ns, At safepoint: 24470 ns, Total: 145008 ns
[2020-02-28T05:03:58.128+0000][1][safepoint    ] Safepoint "RevokeBias", Time since last: 2505910708 ns, Reaching safepoint: 85290 ns, At safepoint: 22195 ns, Total: 107485 ns
[2020-02-28T05:04:00.630+0000][1][safepoint    ] Safepoint "RevokeBias", Time since last: 2502559000 ns, Reaching safepoint: 75057 ns, At safepoint: 18217 ns, Total: 93274 ns
[2020-02-28T05:04:03.136+0000][1][safepoint    ] Safepoint "RevokeBias", Time since last: 2505945397 ns, Reaching safepoint: 78796 ns, At safepoint: 20120 ns, Total: 98916 ns
[2020-02-28T05:04:05.641+0000][1][safepoint    ] Safepoint "RevokeBias", Time since last: 2504609357 ns, Reaching safepoint: 76529 ns, At safepoint: 21287 ns, Total: 97816 ns
[2020-02-28T05:04:08.146+0000][1][safepoint    ] Safepoint "RevokeBias", Time since last: 2504621124 ns, Reaching safepoint: 81070 ns, At safepoint: 21516 ns, Total: 102586 ns
[2020-02-28T05:04:10.649+0000][1][safepoint    ] Safepoint "RevokeBias", Time since last: 2502981195 ns, Reaching safepoint: 87896 ns, At safepoint: 22435 ns, Total: 110331 ns
[2020-02-28T05:04:13.168+0000][1][safepoint    ] Safepoint "RevokeBias", Time since last: 2519258340 ns, Reaching safepoint: 75656 ns, At safepoint: 18346 ns, Total: 94002 ns
[2020-02-28T05:04:15.686+0000][1][safepoint    ] Safepoint "RevokeBias", Time since last: 2517769034 ns, Reaching safepoint: 72872 ns, At safepoint: 18865 ns, Total: 91737 ns
[2020-02-28T05:04:18.195+0000][1][safepoint    ] Safepoint "RevokeBias", Time since last: 2508870501 ns, Reaching safepoint: 73574 ns, At safepoint: 18924 ns, Total: 92498 ns
[2020-02-28T05:04:20.697+0000][1][safepoint    ] Safepoint "RevokeBias", Time since last: 2502078119 ns, Reaching safepoint: 75497 ns, At safepoint: 19292 ns, Total: 94789 ns
[2020-02-28T05:04:23.200+0000][1][safepoint    ] Safepoint "RevokeBias", Time since last: 2502695133 ns, Reaching safepoint: 72363 ns, At safepoint: 18019 ns, Total: 90382 ns
[2020-02-28T05:04:25.705+0000][1][safepoint    ] Safepoint "RevokeBias", Time since last: 2504809109 ns, Reaching safepoint: 53385 ns, At safepoint: 17422 ns, Total: 70807 ns
[2020-02-28T05:04:28.211+0000][1][safepoint    ] Safepoint "BulkRevokeBias", Time since last: 2506138648 ns, Reaching safepoint: 84020 ns, At safepoint: 246281 ns, Total: 330301 ns
[2020-02-28T05:04:30.723+0000][1][safepoint    ] Safepoint "RevokeBias", Time since last: 2511628162 ns, Reaching safepoint: 194347 ns, At safepoint: 20540 ns, Total: 214887 ns
[2020-02-28T05:04:33.250+0000][1][safepoint    ] Safepoint "RevokeBias", Time since last: 2527047968 ns, Reaching safepoint: 73779 ns, At safepoint: 18882 ns, Total: 92661 ns
[2020-02-28T05:04:35.766+0000][1][safepoint    ] Safepoint "RevokeBias", Time since last: 2515989670 ns, Reaching safepoint: 74159 ns, At safepoint: 19490 ns, Total: 93649 ns
[2020-02-28T05:04:38.273+0000][1][safepoint    ] Safepoint "RevokeBias", Time since last: 2506181008 ns, Reaching safepoint: 84508 ns, At safepoint: 21379 ns, Total: 105887 ns
[2020-02-28T05:04:40.776+0000][1][safepoint    ] Safepoint "RevokeBias", Time since last: 2503092238 ns, Reaching safepoint: 103583 ns, At safepoint: 25211 ns, Total: 128794 ns
[2020-02-28T05:04:43.284+0000][1][safepoint    ] Safepoint "RevokeBias", Time since last: 2507520489 ns, Reaching safepoint: 71949 ns, At safepoint: 17670 ns, Total: 89619 ns
[2020-02-28T05:04:45.790+0000][1][safepoint    ] Safepoint "RevokeBias", Time since last: 2506444910 ns, Reaching safepoint: 84904 ns, At safepoint: 48790 ns, Total: 133694 ns
[2020-02-28T05:04:48.294+0000][1][safepoint    ] Safepoint "RevokeBias", Time since last: 2504000338 ns, Reaching safepoint: 80195 ns, At safepoint: 19432 ns, Total: 99627 ns
[2020-02-28T05:04:50.810+0000][1][safepoint    ] Safepoint "RevokeBias", Time since last: 2516129475 ns, Reaching safepoint: 100288 ns, At safepoint: 26870 ns, Total: 127158 ns
[2020-02-28T05:04:53.331+0000][1][safepoint    ] Safepoint "RevokeBias", Time since last: 2520937026 ns, Reaching safepoint: 88788 ns, At safepoint: 18639 ns, Total: 107427 ns
[2020-02-28T05:04:55.840+0000][1][safepoint    ] Safepoint "RevokeBias", Time since last: 2508668603 ns, Reaching safepoint: 102413 ns, At safepoint: 21087 ns, Total: 123500 ns
[2020-02-28T05:04:58.344+0000][1][safepoint    ] Safepoint "RevokeBias", Time since last: 2503838245 ns, Reaching safepoint: 85196 ns, At safepoint: 21668 ns, Total: 106864 ns
[2020-02-28T05:05:00.846+0000][1][safepoint    ] Safepoint "RevokeBias", Time since last: 2501901360 ns, Reaching safepoint: 84698 ns, At safepoint: 21402 ns, Total: 106100 ns
[2020-02-28T05:05:03.350+0000][1][safepoint    ] Safepoint "RevokeBias", Time since last: 2503327492 ns, Reaching safepoint: 82799 ns, At safepoint: 21313 ns, Total: 104112 ns
[2020-02-28T05:05:05.856+0000][1][safepoint    ] Safepoint "RevokeBias", Time since last: 2506115150 ns, Reaching safepoint: 108624 ns, At safepoint: 19897 ns, Total: 128521 ns
[2020-02-28T05:05:08.474+0000][1][safepoint    ] Safepoint "RevokeBias", Time since last: 2514814296 ns, Reaching safepoint: 103022455 ns, At safepoint: 68592 ns, Total: 103091047 ns
[2020-02-28T05:05:10.903+0000][1][safepoint    ] Safepoint "RevokeBias", Time since last: 2428605016 ns, Reaching safepoint: 88331 ns, At safepoint: 21961 ns, Total: 110292 ns
[2020-02-28T05:05:13.414+0000][1][safepoint    ] Safepoint "RevokeBias", Time since last: 2511326114 ns, Reaching safepoint: 71367 ns, At safepoint: 18673 ns, Total: 90040 ns
[2020-02-28T05:05:15.415+0000][1][safepoint    ] Safepoint "Cleanup", Time since last: 2000673710 ns, Reaching safepoint: 86518 ns, At safepoint: 6956 ns, Total: 93474 ns
[2020-02-28T05:05:15.924+0000][1][safepoint    ] Safepoint "RevokeBias", Time since last: 509501605 ns, Reaching safepoint: 81921 ns, At safepoint: 19649 ns, Total: 101570 ns
[2020-02-28T05:05:18.430+0000][1][safepoint    ] Safepoint "RevokeBias", Time since last: 2505466808 ns, Reaching safepoint: 75409 ns, At safepoint: 19291 ns, Total: 94700 ns
[2020-02-28T05:05:20.932+0000][1][safepoint    ] Safepoint "RevokeBias", Time since last: 2502505563 ns, Reaching safepoint: 85432 ns, At safepoint: 21809 ns, Total: 107241 ns
[2020-02-28T05:05:21.933+0000][1][safepoint    ] Safepoint "Cleanup", Time since last: 1000441103 ns, Reaching safepoint: 88082 ns, At safepoint: 8541 ns, Total: 96623 ns
[2020-02-28T05:05:23.435+0000][1][safepoint    ] Safepoint "RevokeBias", Time since last: 1501965680 ns, Reaching safepoint: 101713 ns, At safepoint: 24369 ns, Total: 126082 ns
[2020-02-28T05:05:25.941+0000][1][safepoint    ] Safepoint "RevokeBias", Time since last: 2505296486 ns, Reaching safepoint: 120470 ns, At safepoint: 24105 ns, Total: 144575 ns
[2020-02-28T05:05:28.454+0000][1][safepoint    ] Safepoint "RevokeBias", Time since last: 2512945802 ns, Reaching safepoint: 73902 ns, At safepoint: 19230 ns, Total: 93132 ns
[2020-02-28T05:05:30.970+0000][1][safepoint    ] Safepoint "RevokeBias", Time since last: 2515973827 ns, Reaching safepoint: 55102 ns, At safepoint: 16875 ns, Total: 71977 ns
[2020-02-28T05:05:33.479+0000][1][safepoint    ] Safepoint "RevokeBias", Time since last: 2509278117 ns, Reaching safepoint: 77765 ns, At safepoint: 19878 ns, Total: 97643 ns
[2020-02-28T05:05:35.983+0000][1][safepoint    ] Safepoint "RevokeBias", Time since last: 2503556292 ns, Reaching safepoint: 85178 ns, At safepoint: 22345 ns, Total: 107523 ns
[2020-02-28T05:05:38.486+0000][1][safepoint    ] Safepoint "RevokeBias", Time since last: 2503337315 ns, Reaching safepoint: 83044 ns, At safepoint: 22117 ns, Total: 105161 ns
[2020-02-28T05:05:40.990+0000][1][safepoint    ] Safepoint "BulkRevokeBias", Time since last: 2503077134 ns, Reaching safepoint: 109895 ns, At safepoint: 273657 ns, Total: 383552 ns
[2020-02-28T05:05:43.502+0000][1][safepoint    ] Safepoint "RevokeBias", Time since last: 2512523754 ns, Reaching safepoint: 72247 ns, At safepoint: 17962 ns, Total: 90209 ns
[2020-02-28T05:05:46.018+0000][1][safepoint    ] Safepoint "RevokeBias", Time since last: 2515504842 ns, Reaching safepoint: 134619 ns, At safepoint: 17768 ns, Total: 152387 ns
[2020-02-28T05:05:48.540+0000][1][safepoint    ] Safepoint "RevokeBias", Time since last: 2522009549 ns, Reaching safepoint: 55204 ns, At safepoint: 17319 ns, Total: 72523 ns
[2020-02-28T05:05:50.719+0000][1][gc,start     ] GC(108) Pause Young (Allocation Failure)
[2020-02-28T05:05:50.719+0000][1][gc,task      ] GC(108) Using 1 workers of 1 for evacuation
[2020-02-28T05:05:50.729+0000][1][gc,age       ] GC(108) Desired survivor size 4358144 bytes, new threshold 6 (max threshold 6)
[2020-02-28T05:05:50.729+0000][1][gc,age       ] GC(108) Age table with threshold 6 (max threshold 6)
[2020-02-28T05:05:50.729+0000][1][gc,age       ] GC(108) - age   1:      13488 bytes,      13488 total
[2020-02-28T05:05:50.729+0000][1][gc,age       ] GC(108) - age   2:      35544 bytes,      49032 total
[2020-02-28T05:05:50.729+0000][1][gc,age       ] GC(108) - age   3:        120 bytes,      49152 total
[2020-02-28T05:05:50.729+0000][1][gc,age       ] GC(108) - age   4:       1976 bytes,      51128 total
[2020-02-28T05:05:50.729+0000][1][gc,age       ] GC(108) - age   5:         72 bytes,      51200 total
[2020-02-28T05:05:50.729+0000][1][gc,age       ] GC(108) - age   6:        648 bytes,      51848 total
[2020-02-28T05:05:50.729+0000][1][gc,heap      ] GC(108) ParNew: 68213K->69K(76672K)
[2020-02-28T05:05:50.729+0000][1][gc,heap      ] GC(108) CMS: 62661K->62661K(963392K)
[2020-02-28T05:05:50.729+0000][1][gc,metaspace ] GC(108) Metaspace: 80243K->80243K(1122304K)
[2020-02-28T05:05:50.729+0000][1][gc           ] GC(108) Pause Young (Allocation Failure) 127M->61M(1015M) 10.437ms
[2020-02-28T05:05:50.729+0000][1][gc,cpu       ] GC(108) User=0.01s Sys=0.00s Real=0.01s
[2020-02-28T05:05:50.729+0000][1][safepoint    ] Safepoint "GenCollectForAllocation", Time since last: 2178975813 ns, Reaching safepoint: 87409 ns, At safepoint: 10492361 ns, Total: 10579770 ns
[2020-02-28T05:05:51.060+0000][1][safepoint    ] Safepoint "RevokeBias", Time since last: 330110523 ns, Reaching safepoint: 70874 ns, At safepoint: 19232 ns, Total: 90106 ns
[2020-02-28T05:05:53.573+0000][1][safepoint    ] Safepoint "RevokeBias", Time since last: 2512841947 ns, Reaching safepoint: 83039 ns, At safepoint: 21420 ns, Total: 104459 ns
[2020-02-28T05:05:56.078+0000][1][safepoint    ] Safepoint "RevokeBias", Time since last: 2504910610 ns, Reaching safepoint: 130367 ns, At safepoint: 23427 ns, Total: 153794 ns
[2020-02-28T05:05:58.584+0000][1][safepoint    ] Safepoint "RevokeBias", Time since last: 2505845751 ns, Reaching safepoint: 87291 ns, At safepoint: 21308 ns, Total: 108599 ns
[2020-02-28T05:06:01.087+0000][1][safepoint    ] Safepoint "RevokeBias", Time since last: 2503455022 ns, Reaching safepoint: 73685 ns, At safepoint: 19395 ns, Total: 93080 ns
[2020-02-28T05:06:03.591+0000][1][safepoint    ] Safepoint "RevokeBias", Time since last: 2503716217 ns, Reaching safepoint: 84993 ns, At safepoint: 21393 ns, Total: 106386 ns
[2020-02-28T05:06:06.100+0000][1][safepoint    ] Safepoint "RevokeBias", Time since last: 2509242980 ns, Reaching safepoint: 57137 ns, At safepoint: 15712 ns, Total: 72849 ns
[2020-02-28T05:06:08.625+0000][1][safepoint    ] Safepoint "RevokeBias", Time since last: 2524563846 ns, Reaching safepoint: 69402 ns, At safepoint: 17872 ns, Total: 87274 ns
[2020-02-28T05:06:11.133+0000][1][safepoint    ] Safepoint "RevokeBias", Time since last: 2507843764 ns, Reaching safepoint: 85446 ns, At safepoint: 21143 ns, Total: 106589 ns
[2020-02-28T05:06:13.638+0000][1][safepoint    ] Safepoint "RevokeBias", Time since last: 2504664608 ns, Reaching safepoint: 84335 ns, At safepoint: 21685 ns, Total: 106020 ns
[2020-02-28T05:06:16.144+0000][1][safepoint    ] Safepoint "RevokeBias", Time since last: 2505942489 ns, Reaching safepoint: 194359 ns, At safepoint: 58275 ns, Total: 252634 ns
[2020-02-28T05:06:18.650+0000][1][safepoint    ] Safepoint "RevokeBias", Time since last: 2506422013 ns, Reaching safepoint: 83600 ns, At safepoint: 21791 ns, Total: 105391 ns
[2020-02-28T05:06:21.153+0000][1][safepoint    ] Safepoint "RevokeBias", Time since last: 2502289465 ns, Reaching safepoint: 80964 ns, At safepoint: 20787 ns, Total: 101751 ns
[2020-02-28T05:06:23.655+0000][1][safepoint    ] Safepoint "RevokeBias", Time since last: 2502204012 ns, Reaching safepoint: 82297 ns, At safepoint: 21425 ns, Total: 103722 ns
[2020-02-28T05:06:26.168+0000][1][safepoint    ] Safepoint "RevokeBias", Time since last: 2513094461 ns, Reaching safepoint: 71700 ns, At safepoint: 18384 ns, Total: 90084 ns
[2020-02-28T05:06:28.796+0000][1][safepoint    ] Safepoint "RevokeBias", Time since last: 2627220412 ns, Reaching safepoint: 72827 ns, At safepoint: 18685 ns, Total: 91512 ns
[2020-02-28T05:06:31.306+0000][1][safepoint    ] Safepoint "RevokeBias", Time since last: 2510678652 ns, Reaching safepoint: 71713 ns, At safepoint: 17878 ns, Total: 89591 ns
[2020-02-28T05:06:33.812+0000][1][safepoint    ] Safepoint "RevokeBias", Time since last: 2505771231 ns, Reaching safepoint: 84225 ns, At safepoint: 41425 ns, Total: 125650 ns
[2020-02-28T05:06:36.317+0000][1][safepoint    ] Safepoint "RevokeBias", Time since last: 2504745165 ns, Reaching safepoint: 73432 ns, At safepoint: 18020 ns, Total: 91452 ns
[2020-02-28T05:06:38.822+0000][1][safepoint    ] Safepoint "RevokeBias", Time since last: 2504419773 ns, Reaching safepoint: 72736 ns, At safepoint: 19420 ns, Total: 92156 ns
[2020-02-28T05:06:41.325+0000][1][safepoint    ] Safepoint "RevokeBias", Time since last: 2502748715 ns, Reaching safepoint: 99675 ns, At safepoint: 65204 ns, Total: 164879 ns
[2020-02-28T05:06:43.836+0000][1][safepoint    ] Safepoint "RevokeBias", Time since last: 2511429107 ns, Reaching safepoint: 66685 ns, At safepoint: 16361 ns, Total: 83046 ns
[2020-02-28T05:06:46.354+0000][1][safepoint    ] Safepoint "RevokeBias", Time since last: 2517807510 ns, Reaching safepoint: 55341 ns, At safepoint: 17363 ns, Total: 72704 ns
[2020-02-28T05:06:48.875+0000][1][safepoint    ] Safepoint "RevokeBias", Time since last: 2520484657 ns, Reaching safepoint: 51746 ns, At safepoint: 16498 ns, Total: 68244 ns
[2020-02-28T05:06:51.386+0000][1][safepoint    ] Safepoint "RevokeBias", Time since last: 2510991611 ns, Reaching safepoint: 70877 ns, At safepoint: 17737 ns, Total: 88614 ns
[2020-02-28T05:06:53.889+0000][1][safepoint    ] Safepoint "BulkRevokeBias", Time since last: 2503183744 ns, Reaching safepoint: 76290 ns, At safepoint: 198270 ns, Total: 274560 ns
[2020-02-28T05:06:56.395+0000][1][safepoint    ] Safepoint "RevokeBias", Time since last: 2506047700 ns, Reaching safepoint: 89958 ns, At safepoint: 33003 ns, Total: 122961 ns
[2020-02-28T05:06:58.900+0000][1][safepoint    ] Safepoint "RevokeBias", Time since last: 2505036680 ns, Reaching safepoint: 92667 ns, At safepoint: 19860 ns, Total: 112527 ns
[2020-02-28T05:07:01.415+0000][1][safepoint    ] Safepoint "RevokeBias", Time since last: 2514587068 ns, Reaching safepoint: 70534 ns, At safepoint: 17734 ns, Total: 88268 ns
[2020-02-28T05:07:03.939+0000][1][safepoint    ] Safepoint "RevokeBias", Time since last: 2524147651 ns, Reaching safepoint: 73907 ns, At safepoint: 20749 ns, Total: 94656 ns
[2020-02-28T05:07:06.456+0000][1][safepoint    ] Safepoint "RevokeBias", Time since last: 2516235172 ns, Reaching safepoint: 71709 ns, At safepoint: 18151 ns, Total: 89860 ns
[2020-02-28T05:07:08.971+0000][1][safepoint    ] Safepoint "RevokeBias", Time since last: 2515207209 ns, Reaching safepoint: 137727 ns, At safepoint: 48009 ns, Total: 185736 ns
[2020-02-28T05:07:11.474+0000][1][safepoint    ] Safepoint "RevokeBias", Time since last: 2503198835 ns, Reaching safepoint: 89966 ns, At safepoint: 22716 ns, Total: 112682 ns
[2020-02-28T05:07:13.978+0000][1][safepoint    ] Safepoint "RevokeBias", Time since last: 2503351127 ns, Reaching safepoint: 74444 ns, At safepoint: 19190 ns, Total: 93634 ns
[2020-02-28T05:07:16.484+0000][1][safepoint    ] Safepoint "RevokeBias", Time since last: 2506085749 ns, Reaching safepoint: 107174 ns, At safepoint: 22222 ns, Total: 129396 ns
[2020-02-28T05:07:19.000+0000][1][safepoint    ] Safepoint "RevokeBias", Time since last: 2516091878 ns, Reaching safepoint: 52886 ns, At safepoint: 16624 ns, Total: 69510 ns
[2020-02-28T05:07:21.522+0000][1][safepoint    ] Safepoint "RevokeBias", Time since last: 2521709911 ns, Reaching safepoint: 71310 ns, At safepoint: 16837 ns, Total: 88147 ns
[2020-02-28T05:07:24.038+0000][1][safepoint    ] Safepoint "RevokeBias", Time since last: 2515918738 ns, Reaching safepoint: 69660 ns, At safepoint: 17835 ns, Total: 87495 ns
[2020-02-28T05:07:26.556+0000][1][safepoint    ] Safepoint "RevokeBias", Time since last: 2517976620 ns, Reaching safepoint: 100783 ns, At safepoint: 46992 ns, Total: 147775 ns
[2020-02-28T05:07:28.559+0000][1][safepoint    ] Safepoint "Cleanup", Time since last: 2002646758 ns, Reaching safepoint: 84192 ns, At safepoint: 7252 ns, Total: 91444 ns
[2020-02-28T05:07:29.063+0000][1][safepoint    ] Safepoint "RevokeBias", Time since last: 503743046 ns, Reaching safepoint: 80036 ns, At safepoint: 21845 ns, Total: 101881 ns
[2020-02-28T05:07:31.567+0000][1][safepoint    ] Safepoint "RevokeBias", Time since last: 2504123909 ns, Reaching safepoint: 82925 ns, At safepoint: 20990 ns, Total: 103915 ns
[2020-02-28T05:07:34.071+0000][1][safepoint    ] Safepoint "RevokeBias", Time since last: 2503775987 ns, Reaching safepoint: 73049 ns, At safepoint: 18424 ns, Total: 91473 ns
[2020-02-28T05:07:36.076+0000][1][safepoint    ] Safepoint "Cleanup", Time since last: 2005249585 ns, Reaching safepoint: 85824 ns, At safepoint: 6424 ns, Total: 92248 ns
[2020-02-28T05:07:36.575+0000][1][safepoint    ] Safepoint "RevokeBias", Time since last: 499158874 ns, Reaching safepoint: 83111 ns, At safepoint: 21832 ns, Total: 104943 ns
[2020-02-28T05:07:39.091+0000][1][safepoint    ] Safepoint "RevokeBias", Time since last: 2515446814 ns, Reaching safepoint: 52533 ns, At safepoint: 16348 ns, Total: 68881 ns
[2020-02-28T05:07:41.609+0000][1][safepoint    ] Safepoint "RevokeBias", Time since last: 2517816060 ns, Reaching safepoint: 70779 ns, At safepoint: 18600 ns, Total: 89379 ns
[2020-02-28T05:07:44.125+0000][1][safepoint    ] Safepoint "RevokeBias", Time since last: 2515755021 ns, Reaching safepoint: 75868 ns, At safepoint: 19285 ns, Total: 95153 ns
[2020-02-28T05:07:46.629+0000][1][safepoint    ] Safepoint "RevokeBias", Time since last: 2504284978 ns, Reaching safepoint: 118639 ns, At safepoint: 20924 ns, Total: 139563 ns
[2020-02-28T05:07:49.136+0000][1][safepoint    ] Safepoint "RevokeBias", Time since last: 2506452455 ns, Reaching safepoint: 83286 ns, At safepoint: 21449 ns, Total: 104735 ns
[2020-02-28T05:07:51.639+0000][1][safepoint    ] Safepoint "RevokeBias", Time since last: 2503315898 ns, Reaching safepoint: 115062 ns, At safepoint: 23443 ns, Total: 138505 ns
[2020-02-28T05:07:54.143+0000][1][safepoint    ] Safepoint "RevokeBias", Time since last: 2504074136 ns, Reaching safepoint: 81727 ns, At safepoint: 21591 ns, Total: 103318 ns
[2020-02-28T05:07:56.670+0000][1][safepoint    ] Safepoint "RevokeBias", Time since last: 2527014284 ns, Reaching safepoint: 85337 ns, At safepoint: 20983 ns, Total: 106320 ns
[2020-02-28T05:07:59.202+0000][1][safepoint    ] Safepoint "RevokeBias", Time since last: 2531472726 ns, Reaching safepoint: 73554 ns, At safepoint: 18912 ns, Total: 92466 ns
[2020-02-28T05:08:01.725+0000][1][safepoint    ] Safepoint "RevokeBias", Time since last: 2523121822 ns, Reaching safepoint: 52042 ns, At safepoint: 16773 ns, Total: 68815 ns
[2020-02-28T05:08:04.233+0000][1][safepoint    ] Safepoint "RevokeBias", Time since last: 2507420213 ns, Reaching safepoint: 78220 ns, At safepoint: 19894 ns, Total: 98114 ns
[2020-02-28T05:08:06.239+0000][1][safepoint    ] Safepoint "Cleanup", Time since last: 2006007127 ns, Reaching safepoint: 92166 ns, At safepoint: 8451 ns, Total: 100617 ns
[2020-02-28T05:08:06.738+0000][1][safepoint    ] Safepoint "BulkRevokeBias", Time since last: 498670636 ns, Reaching safepoint: 120212 ns, At safepoint: 233001 ns, Total: 353213 ns
[2020-02-28T05:08:08.226+0000][1][gc,start     ] GC(109) Pause Young (Allocation Failure)
[2020-02-28T05:08:08.226+0000][1][gc,task      ] GC(109) Using 1 workers of 1 for evacuation
[2020-02-28T05:08:08.238+0000][1][gc,age       ] GC(109) Desired survivor size 4358144 bytes, new threshold 6 (max threshold 6)
[2020-02-28T05:08:08.238+0000][1][gc,age       ] GC(109) Age table with threshold 6 (max threshold 6)
[2020-02-28T05:08:08.238+0000][1][gc,age       ] GC(109) - age   1:      12832 bytes,      12832 total
[2020-02-28T05:08:08.238+0000][1][gc,age       ] GC(109) - age   2:        120 bytes,      12952 total
[2020-02-28T05:08:08.238+0000][1][gc,age       ] GC(109) - age   3:      35544 bytes,      48496 total
[2020-02-28T05:08:08.238+0000][1][gc,age       ] GC(109) - age   4:        120 bytes,      48616 total
[2020-02-28T05:08:08.238+0000][1][gc,age       ] GC(109) - age   5:       1976 bytes,      50592 total
[2020-02-28T05:08:08.238+0000][1][gc,age       ] GC(109) - age   6:         72 bytes,      50664 total
[2020-02-28T05:08:08.238+0000][1][gc,heap      ] GC(109) ParNew: 68206K->93K(76672K)
[2020-02-28T05:08:08.238+0000][1][gc,heap      ] GC(109) CMS: 62661K->62662K(963392K)
[2020-02-28T05:08:08.238+0000][1][gc,metaspace ] GC(109) Metaspace: 80246K->80246K(1122304K)
[2020-02-28T05:08:08.238+0000][1][gc           ] GC(109) Pause Young (Allocation Failure) 127M->61M(1015M) 12.194ms
[2020-02-28T05:08:08.238+0000][1][gc,cpu       ] GC(109) User=0.01s Sys=0.00s Real=0.02s
[2020-02-28T05:08:08.238+0000][1][safepoint    ] Safepoint "GenCollectForAllocation", Time since last: 1488327538 ns, Reaching safepoint: 75171 ns, At safepoint: 12253080 ns, Total: 12328251 ns
[2020-02-28T05:08:09.243+0000][1][safepoint    ] Safepoint "RevokeBias", Time since last: 1004183016 ns, Reaching safepoint: 82335 ns, At safepoint: 72244 ns, Total: 154579 ns
[2020-02-28T05:08:11.746+0000][1][safepoint    ] Safepoint "RevokeBias", Time since last: 2502856416 ns, Reaching safepoint: 77034 ns, At safepoint: 19609 ns, Total: 96643 ns
[2020-02-28T05:08:14.249+0000][1][safepoint    ] Safepoint "RevokeBias", Time since last: 2502932290 ns, Reaching safepoint: 73109 ns, At safepoint: 18381 ns, Total: 91490 ns
[2020-02-28T05:08:16.772+0000][1][safepoint    ] Safepoint "RevokeBias", Time since last: 2522881381 ns, Reaching safepoint: 53963 ns, At safepoint: 16979 ns, Total: 70942 ns
[2020-02-28T05:08:19.411+0000][1][safepoint    ] Safepoint "RevokeBias", Time since last: 2638801507 ns, Reaching safepoint: 72865 ns, At safepoint: 18323 ns, Total: 91188 ns
[2020-02-28T05:08:21.924+0000][1][safepoint    ] Safepoint "RevokeBias", Time since last: 2513631728 ns, Reaching safepoint: 104813 ns, At safepoint: 25513 ns, Total: 130326 ns
[2020-02-28T05:08:24.428+0000][1][safepoint    ] Safepoint "RevokeBias", Time since last: 2503674863 ns, Reaching safepoint: 84718 ns, At safepoint: 22089 ns, Total: 106807 ns
[2020-02-28T05:08:26.933+0000][1][safepoint    ] Safepoint "RevokeBias", Time since last: 2504786029 ns, Reaching safepoint: 101387 ns, At safepoint: 25193 ns, Total: 126580 ns
[2020-02-28T05:08:28.939+0000][1][safepoint    ] Safepoint "Cleanup", Time since last: 2005962479 ns, Reaching safepoint: 119832 ns, At safepoint: 6977 ns, Total: 126809 ns
[2020-02-28T05:08:29.437+0000][1][safepoint    ] Safepoint "RevokeBias", Time since last: 497470010 ns, Reaching safepoint: 82230 ns, At safepoint: 21297 ns, Total: 103527 ns
[2020-02-28T05:08:31.940+0000][1][safepoint    ] Safepoint "RevokeBias", Time since last: 2502900502 ns, Reaching safepoint: 84713 ns, At safepoint: 24467 ns, Total: 109180 ns
[2020-02-28T05:08:34.450+0000][1][safepoint    ] Safepoint "RevokeBias", Time since last: 2510321849 ns, Reaching safepoint: 72416 ns, At safepoint: 18923 ns, Total: 91339 ns
[2020-02-28T05:08:36.970+0000][1][safepoint    ] Safepoint "RevokeBias", Time since last: 2519814317 ns, Reaching safepoint: 76082 ns, At safepoint: 19645 ns, Total: 95727 ns
[2020-02-28T05:08:39.477+0000][1][safepoint    ] Safepoint "RevokeBias", Time since last: 2507364052 ns, Reaching safepoint: 78609 ns, At safepoint: 18598 ns, Total: 97207 ns
[2020-02-28T05:08:42.081+0000][1][safepoint    ] Safepoint "RevokeBias", Time since last: 2603621151 ns, Reaching safepoint: 60230 ns, At safepoint: 19518 ns, Total: 79748 ns
[2020-02-28T05:08:44.587+0000][1][safepoint    ] Safepoint "RevokeBias", Time since last: 2505205831 ns, Reaching safepoint: 234518 ns, At safepoint: 34461 ns, Total: 268979 ns
[2020-02-28T05:08:47.092+0000][1][safepoint    ] Safepoint "RevokeBias", Time since last: 2504907450 ns, Reaching safepoint: 72961 ns, At safepoint: 18389 ns, Total: 91350 ns
[2020-02-28T05:08:49.602+0000][1][safepoint    ] Safepoint "RevokeBias", Time since last: 2510443012 ns, Reaching safepoint: 69203 ns, At safepoint: 17746 ns, Total: 86949 ns
[2020-02-28T05:08:52.120+0000][1][safepoint    ] Safepoint "RevokeBias", Time since last: 2517887856 ns, Reaching safepoint: 71219 ns, At safepoint: 18170 ns, Total: 89389 ns
[2020-02-28T05:08:54.636+0000][1][safepoint    ] Safepoint "RevokeBias", Time since last: 2516112217 ns, Reaching safepoint: 70564 ns, At safepoint: 21884 ns, Total: 92448 ns
[2020-02-28T05:08:57.149+0000][1][safepoint    ] Safepoint "RevokeBias", Time since last: 2512824355 ns, Reaching safepoint: 96726 ns, At safepoint: 24492 ns, Total: 121218 ns
[2020-02-28T05:08:59.652+0000][1][safepoint    ] Safepoint "RevokeBias", Time since last: 2503044471 ns, Reaching safepoint: 83723 ns, At safepoint: 21714 ns, Total: 105437 ns
[2020-02-28T05:09:02.155+0000][1][safepoint    ] Safepoint "RevokeBias", Time since last: 2502080886 ns, Reaching safepoint: 85812 ns, At safepoint: 22165 ns, Total: 107977 ns
[2020-02-28T05:09:04.658+0000][1][safepoint    ] Safepoint "RevokeBias", Time since last: 2502965499 ns, Reaching safepoint: 84459 ns, At safepoint: 21151 ns, Total: 105610 ns
[2020-02-28T05:09:07.165+0000][1][safepoint    ] Safepoint "RevokeBias", Time since last: 2506734169 ns, Reaching safepoint: 102144 ns, At safepoint: 24920 ns, Total: 127064 ns
[2020-02-28T05:09:09.683+0000][1][safepoint    ] Safepoint "RevokeBias", Time since last: 2518078035 ns, Reaching safepoint: 70991 ns, At safepoint: 18289 ns, Total: 89280 ns
[2020-02-28T05:09:12.205+0000][1][safepoint    ] Safepoint "RevokeBias", Time since last: 2521828204 ns, Reaching safepoint: 70426 ns, At safepoint: 17858 ns, Total: 88284 ns
[2020-02-28T05:09:13.188+0000][1][safepoint    ] Safepoint "RevokeBias", Time since last: 983206102 ns, Reaching safepoint: 82124 ns, At safepoint: 8122 ns, Total: 90246 ns
[2020-02-28T05:09:13.375+0000][1][safepoint    ] Safepoint "RevokeBias", Time since last: 186769861 ns, Reaching safepoint: 89183 ns, At safepoint: 8084 ns, Total: 97267 ns
[2020-02-28T05:09:13.589+0000][1][safepoint    ] Safepoint "RevokeBias", Time since last: 125231085 ns, Reaching safepoint: 88433362 ns, At safepoint: 15419 ns, Total: 88448781 ns
[2020-02-28T05:09:13.605+0000][1][safepoint    ] Safepoint "RevokeBias", Time since last: 1382321 ns, Reaching safepoint: 15337975 ns, At safepoint: 19773 ns, Total: 15357748 ns
[2020-02-28T05:09:13.605+0000][1][safepoint    ] Safepoint "RevokeBias", Time since last: 106386 ns, Reaching safepoint: 67002 ns, At safepoint: 7518 ns, Total: 74520 ns
[2020-02-28T05:09:13.756+0000][1][safepoint    ] Safepoint "RevokeBias", Time since last: 74614346 ns, Reaching safepoint: 75588696 ns, At safepoint: 17375 ns, Total: 75606071 ns
[2020-02-28T05:09:13.823+0000][1][safepoint    ] Safepoint "RevokeBias", Time since last: 603355 ns, Reaching safepoint: 66658633 ns, At safepoint: 12854 ns, Total: 66671487 ns
[2020-02-28T05:09:13.864+0000][1][safepoint    ] Safepoint "RevokeBias", Time since last: 425502 ns, Reaching safepoint: 41033568 ns, At safepoint: 32692 ns, Total: 41066260 ns
[2020-02-28T05:09:13.904+0000][1][safepoint    ] Safepoint "RevokeBias", Time since last: 38979882 ns, Reaching safepoint: 811925 ns, At safepoint: 27300 ns, Total: 839225 ns
[2020-02-28T05:09:14.195+0000][1][safepoint    ] Safepoint "RevokeBias", Time since last: 220803816 ns, Reaching safepoint: 70003591 ns, At safepoint: 11576 ns, Total: 70015167 ns
[2020-02-28T05:09:14.288+0000][1][safepoint    ] Safepoint "RevokeBias", Time since last: 93210018 ns, Reaching safepoint: 127327 ns, At safepoint: 9345 ns, Total: 136672 ns
[2020-02-28T05:09:14.627+0000][1][safepoint    ] Safepoint "RevokeBias", Time since last: 302694177 ns, Reaching safepoint: 35771912 ns, At safepoint: 56723 ns, Total: 35828635 ns
[2020-02-28T05:09:14.632+0000][1][safepoint    ] Safepoint "RevokeBias", Time since last: 1226204 ns, Reaching safepoint: 4154308 ns, At safepoint: 14548 ns, Total: 4168856 ns
[2020-02-28T05:09:14.635+0000][1][safepoint    ] Safepoint "RevokeBias", Time since last: 206808 ns, Reaching safepoint: 2315351 ns, At safepoint: 11936 ns, Total: 2327287 ns
[2020-02-28T05:09:14.864+0000][1][safepoint    ] Safepoint "RevokeBias", Time since last: 228583979 ns, Reaching safepoint: 75251 ns, At safepoint: 7648 ns, Total: 82899 ns
[2020-02-28T05:09:14.920+0000][1][safepoint    ] Safepoint "RevokeBias", Time since last: 56141256 ns, Reaching safepoint: 82578 ns, At safepoint: 8875 ns, Total: 91453 ns
[2020-02-28T05:09:14.920+0000][1][safepoint    ] Safepoint "RevokeBias", Time since last: 373057 ns, Reaching safepoint: 52946 ns, At safepoint: 6321 ns, Total: 59267 ns
[2020-02-28T05:09:15.423+0000][1][safepoint    ] Safepoint "RevokeBias", Time since last: 470370674 ns, Reaching safepoint: 32277709 ns, At safepoint: 16203 ns, Total: 32293912 ns
[2020-02-28T05:09:16.132+0000][1][safepoint    ] Safepoint "RevokeBias", Time since last: 708649254 ns, Reaching safepoint: 87730 ns, At safepoint: 9649 ns, Total: 97379 ns
[2020-02-28T05:09:16.463+0000][1][safepoint    ] Safepoint "RevokeBias", Time since last: 330853688 ns, Reaching safepoint: 73698 ns, At safepoint: 7410 ns, Total: 81108 ns
[2020-02-28T05:09:16.623+0000][1][safepoint    ] Safepoint "RevokeBias", Time since last: 160069526 ns, Reaching safepoint: 129114 ns, At safepoint: 62015 ns, Total: 191129 ns
[2020-02-28T05:09:16.623+0000][1][safepoint    ] Safepoint "RevokeBias", Time since last: 246666 ns, Reaching safepoint: 38902 ns, At safepoint: 5128 ns, Total: 44030 ns
[2020-02-28T05:09:16.623+0000][1][safepoint    ] Safepoint "RevokeBias", Time since last: 47770 ns, Reaching safepoint: 33754 ns, At safepoint: 4302 ns, Total: 38056 ns
[2020-02-28T05:09:16.623+0000][1][safepoint    ] Safepoint "RevokeBias", Time since last: 30223 ns, Reaching safepoint: 33072 ns, At safepoint: 4198 ns, Total: 37270 ns
[2020-02-28T05:09:16.651+0000][1][safepoint    ] Safepoint "RevokeBias", Time since last: 545276 ns, Reaching safepoint: 27349803 ns, At safepoint: 15472 ns, Total: 27365275 ns
[2020-02-28T05:09:16.651+0000][1][safepoint    ] Safepoint "RevokeBias", Time since last: 159626 ns, Reaching safepoint: 42901 ns, At safepoint: 4938 ns, Total: 47839 ns
[2020-02-28T05:09:16.963+0000][1][safepoint    ] Safepoint "RevokeBias", Time since last: 311392579 ns, Reaching safepoint: 70491 ns, At safepoint: 8437 ns, Total: 78928 ns
[2020-02-28T05:09:16.999+0000][1][safepoint    ] Safepoint "RevokeBias", Time since last: 36071180 ns, Reaching safepoint: 77498 ns, At safepoint: 8480 ns, Total: 85978 ns
[2020-02-28T05:09:17.117+0000][1][safepoint    ] Safepoint "RevokeBias", Time since last: 117529246 ns, Reaching safepoint: 73618 ns, At safepoint: 7452 ns, Total: 81070 ns
[2020-02-28T05:09:17.222+0000][1][safepoint    ] Safepoint "RevokeBias", Time since last: 105780343 ns, Reaching safepoint: 68796 ns, At safepoint: 7120 ns, Total: 75916 ns
[2020-02-28T05:09:17.258+0000][1][safepoint    ] Safepoint "RevokeBias", Time since last: 35060167 ns, Reaching safepoint: 72692 ns, At safepoint: 7771 ns, Total: 80463 ns
[2020-02-28T05:09:17.480+0000][1][safepoint    ] Safepoint "RevokeBias", Time since last: 221931053 ns, Reaching safepoint: 63943 ns, At safepoint: 6693 ns, Total: 70636 ns
[2020-02-28T05:09:17.722+0000][1][safepoint    ] Safepoint "RevokeBias", Time since last: 242814106 ns, Reaching safepoint: 71381 ns, At safepoint: 8478 ns, Total: 79859 ns
[2020-02-28T05:09:17.723+0000][1][safepoint    ] Safepoint "RevokeBias", Time since last: 616908 ns, Reaching safepoint: 59324 ns, At safepoint: 7034 ns, Total: 66358 ns
[2020-02-28T05:09:17.959+0000][1][safepoint    ] Safepoint "RevokeBias", Time since last: 158318583 ns, Reaching safepoint: 77749068 ns, At safepoint: 43592 ns, Total: 77792660 ns
[2020-02-28T05:09:18.004+0000][1][safepoint    ] Safepoint "RevokeBias", Time since last: 1476237 ns, Reaching safepoint: 43650343 ns, At safepoint: 14559 ns, Total: 43664902 ns
[2020-02-28T05:09:18.241+0000][1][safepoint    ] Safepoint "BulkRevokeBias", Time since last: 12438551 ns, Reaching safepoint: 153873843 ns, At safepoint: 70163141 ns, Total: 224036984 ns
[2020-02-28T05:09:18.258+0000][1][safepoint    ] Safepoint "RevokeBias", Time since last: 1727276 ns, Reaching safepoint: 15123769 ns, At safepoint: 11331 ns, Total: 15135100 ns
[2020-02-28T05:09:18.261+0000][1][safepoint    ] Safepoint "RevokeBias", Time since last: 1473450 ns, Reaching safepoint: 1848409 ns, At safepoint: 10272 ns, Total: 1858681 ns
[2020-02-28T05:09:18.262+0000][1][safepoint    ] Safepoint "RevokeBias", Time since last: 86939 ns, Reaching safepoint: 469854 ns, At safepoint: 20805 ns, Total: 490659 ns
[2020-02-28T05:09:18.311+0000][1][safepoint    ] Safepoint "RevokeBias", Time since last: 1103677 ns, Reaching safepoint: 48088887 ns, At safepoint: 11810 ns, Total: 48100697 ns
[2020-02-28T05:09:18.311+0000][1][safepoint    ] Safepoint "BulkRevokeBias", Time since last: 215195 ns, Reaching safepoint: 41052 ns, At safepoint: 130611 ns, Total: 171663 ns
[2020-02-28T05:09:18.469+0000][1][safepoint    ] Safepoint "RevokeBias", Time since last: 117108839 ns, Reaching safepoint: 40166372 ns, At safepoint: 13182 ns, Total: 40179554 ns
[2020-02-28T05:09:18.469+0000][1][safepoint    ] Safepoint "RevokeBias", Time since last: 118165 ns, Reaching safepoint: 427077 ns, At safepoint: 8869 ns, Total: 435946 ns
[2020-02-28T05:09:18.470+0000][1][safepoint    ] Safepoint "RevokeBias", Time since last: 74210 ns, Reaching safepoint: 511456 ns, At safepoint: 8249 ns, Total: 519705 ns
[2020-02-28T05:09:18.824+0000][1][safepoint    ] Safepoint "RevokeBias", Time since last: 304446598 ns, Reaching safepoint: 49337592 ns, At safepoint: 13393 ns, Total: 49350985 ns
[2020-02-28T05:09:18.904+0000][1][safepoint    ] Safepoint "RevokeBias", Time since last: 80314482 ns, Reaching safepoint: 64854 ns, At safepoint: 7010 ns, Total: 71864 ns
[2020-02-28T05:09:18.953+0000][1][safepoint    ] Safepoint "RevokeBias", Time since last: 49175832 ns, Reaching safepoint: 72832 ns, At safepoint: 18020 ns, Total: 90852 ns
[2020-02-28T05:09:19.208+0000][1][safepoint    ] Safepoint "RevokeBias", Time since last: 254708725 ns, Reaching safepoint: 89160 ns, At safepoint: 19612 ns, Total: 108772 ns
[2020-02-28T05:09:19.208+0000][1][safepoint    ] Safepoint "RevokeBias", Time since last: 82963 ns, Reaching safepoint: 46510 ns, At safepoint: 14256 ns, Total: 60766 ns
[2020-02-28T05:09:19.208+0000][1][safepoint    ] Safepoint "RevokeBias", Time since last: 45911 ns, Reaching safepoint: 63569 ns, At safepoint: 17694 ns, Total: 81263 ns
[2020-02-28T05:09:19.208+0000][1][safepoint    ] Safepoint "RevokeBias", Time since last: 39746 ns, Reaching safepoint: 44639 ns, At safepoint: 12254 ns, Total: 56893 ns
[2020-02-28T05:09:19.208+0000][1][safepoint    ] Safepoint "RevokeBias", Time since last: 38635 ns, Reaching safepoint: 42543 ns, At safepoint: 12484 ns, Total: 55027 ns
[2020-02-28T05:09:19.209+0000][1][safepoint    ] Safepoint "RevokeBias", Time since last: 30736 ns, Reaching safepoint: 41967 ns, At safepoint: 12011 ns, Total: 53978 ns
[2020-02-28T05:09:19.209+0000][1][safepoint    ] Safepoint "RevokeBias", Time since last: 34962 ns, Reaching safepoint: 41841 ns, At safepoint: 12191 ns, Total: 54032 ns
[2020-02-28T05:09:19.209+0000][1][safepoint    ] Safepoint "RevokeBias", Time since last: 30575 ns, Reaching safepoint: 41712 ns, At safepoint: 11782 ns, Total: 53494 ns
[2020-02-28T05:09:19.209+0000][1][safepoint    ] Safepoint "RevokeBias", Time since last: 34990 ns, Reaching safepoint: 41849 ns, At safepoint: 12245 ns, Total: 54094 ns
[2020-02-28T05:09:19.209+0000][1][safepoint    ] Safepoint "RevokeBias", Time since last: 66687 ns, Reaching safepoint: 48442 ns, At safepoint: 13331 ns, Total: 61773 ns
[2020-02-28T05:09:19.209+0000][1][safepoint    ] Safepoint "RevokeBias", Time since last: 46926 ns, Reaching safepoint: 42885 ns, At safepoint: 12540 ns, Total: 55425 ns
[2020-02-28T05:09:19.209+0000][1][safepoint    ] Safepoint "RevokeBias", Time since last: 30910 ns, Reaching safepoint: 41893 ns, At safepoint: 11958 ns, Total: 53851 ns
[2020-02-28T05:09:19.209+0000][1][safepoint    ] Safepoint "RevokeBias", Time since last: 35364 ns, Reaching safepoint: 41852 ns, At safepoint: 12126 ns, Total: 53978 ns
[2020-02-28T05:09:19.209+0000][1][safepoint    ] Safepoint "RevokeBias", Time since last: 30362 ns, Reaching safepoint: 41777 ns, At safepoint: 11842 ns, Total: 53619 ns
[2020-02-28T05:09:19.209+0000][1][safepoint    ] Safepoint "RevokeBias", Time since last: 34599 ns, Reaching safepoint: 41785 ns, At safepoint: 12190 ns, Total: 53975 ns
[2020-02-28T05:09:19.209+0000][1][safepoint    ] Safepoint "RevokeBias", Time since last: 30054 ns, Reaching safepoint: 76058 ns, At safepoint: 15213 ns, Total: 91271 ns
[2020-02-28T05:09:19.210+0000][1][safepoint    ] Safepoint "RevokeBias", Time since last: 47919 ns, Reaching safepoint: 42750 ns, At safepoint: 12277 ns, Total: 55027 ns
[2020-02-28T05:09:19.210+0000][1][safepoint    ] Safepoint "RevokeBias", Time since last: 31153 ns, Reaching safepoint: 41937 ns, At safepoint: 11980 ns, Total: 53917 ns
[2020-02-28T05:09:19.210+0000][1][safepoint    ] Safepoint "RevokeBias", Time since last: 34552 ns, Reaching safepoint: 41794 ns, At safepoint: 12056 ns, Total: 53850 ns
[2020-02-28T05:09:19.210+0000][1][safepoint    ] Safepoint "RevokeBias", Time since last: 35999 ns, Reaching safepoint: 42050 ns, At safepoint: 12209 ns, Total: 54259 ns
[2020-02-28T05:09:19.210+0000][1][safepoint    ] Safepoint "RevokeBias", Time since last: 35537 ns, Reaching safepoint: 41968 ns, At safepoint: 12121 ns, Total: 54089 ns
[2020-02-28T05:09:19.210+0000][1][safepoint    ] Safepoint "RevokeBias", Time since last: 30699 ns, Reaching safepoint: 61158 ns, At safepoint: 16406 ns, Total: 77564 ns
[2020-02-28T05:09:19.210+0000][1][safepoint    ] Safepoint "RevokeBias", Time since last: 44397 ns, Reaching safepoint: 43002 ns, At safepoint: 12373 ns, Total: 55375 ns
[2020-02-28T05:09:19.210+0000][1][safepoint    ] Safepoint "RevokeBias", Time since last: 30666 ns, Reaching safepoint: 41892 ns, At safepoint: 12109 ns, Total: 54001 ns
[2020-02-28T05:09:19.210+0000][1][safepoint    ] Safepoint "RevokeBias", Time since last: 35060 ns, Reaching safepoint: 41954 ns, At safepoint: 12158 ns, Total: 54112 ns
[2020-02-28T05:09:19.211+0000][1][safepoint    ] Safepoint "BulkRevokeBias", Time since last: 30456 ns, Reaching safepoint: 41813 ns, At safepoint: 175696 ns, Total: 217509 ns
[2020-02-28T05:09:19.211+0000][1][safepoint    ] Safepoint "RevokeBias", Time since last: 78089 ns, Reaching safepoint: 47894 ns, At safepoint: 13492 ns, Total: 61386 ns
[2020-02-28T05:09:19.211+0000][1][safepoint    ] Safepoint "RevokeBias", Time since last: 36809 ns, Reaching safepoint: 42144 ns, At safepoint: 12574 ns, Total: 54718 ns
[2020-02-28T05:09:19.211+0000][1][safepoint    ] Safepoint "RevokeBias", Time since last: 35434 ns, Reaching safepoint: 41874 ns, At safepoint: 12054 ns, Total: 53928 ns
[2020-02-28T05:09:19.211+0000][1][safepoint    ] Safepoint "RevokeBias", Time since last: 35676 ns, Reaching safepoint: 41920 ns, At safepoint: 12191 ns, Total: 54111 ns
[2020-02-28T05:09:19.211+0000][1][safepoint    ] Safepoint "RevokeBias", Time since last: 34706 ns, Reaching safepoint: 41775 ns, At safepoint: 11987 ns, Total: 53762 ns
[2020-02-28T05:09:19.211+0000][1][safepoint    ] Safepoint "BulkRevokeBias", Time since last: 34970 ns, Reaching safepoint: 41805 ns, At safepoint: 176502 ns, Total: 218307 ns
[2020-02-28T05:09:19.212+0000][1][safepoint    ] Safepoint "RevokeBias", Time since last: 342151 ns, Reaching safepoint: 45720 ns, At safepoint: 13913 ns, Total: 59633 ns
[2020-02-28T05:09:19.226+0000][1][safepoint    ] Safepoint "RevokeBias", Time since last: 14011792 ns, Reaching safepoint: 49703 ns, At safepoint: 14209 ns, Total: 63912 ns
[2020-02-28T05:09:19.226+0000][1][safepoint    ] Safepoint "RevokeBias", Time since last: 90007 ns, Reaching safepoint: 35463 ns, At safepoint: 11601 ns, Total: 47064 ns
[2020-02-28T05:09:19.263+0000][1][safepoint    ] Safepoint "RevokeBias", Time since last: 21834752 ns, Reaching safepoint: 15605703 ns, At safepoint: 29894 ns, Total: 15635597 ns
[2020-02-28T05:09:19.264+0000][1][safepoint    ] Safepoint "RevokeBias", Time since last: 316915 ns, Reaching safepoint: 59087 ns, At safepoint: 15468 ns, Total: 74555 ns
[2020-02-28T05:09:19.265+0000][1][safepoint    ] Safepoint "RevokeBias", Time since last: 764464 ns, Reaching safepoint: 52317 ns, At safepoint: 15769 ns, Total: 68086 ns
[2020-02-28T05:09:19.293+0000][1][safepoint    ] Safepoint "RevokeBias", Time since last: 28057887 ns, Reaching safepoint: 72848 ns, At safepoint: 18483 ns, Total: 91331 ns
[2020-02-28T05:09:19.476+0000][1][safepoint    ] Safepoint "RevokeBias", Time since last: 165980032 ns, Reaching safepoint: 16844611 ns, At safepoint: 20596 ns, Total: 16865207 ns
[2020-02-28T05:09:19.889+0000][1][safepoint    ] Safepoint "RevokeBias", Time since last: 413752502 ns, Reaching safepoint: 65049 ns, At safepoint: 6503 ns, Total: 71552 ns
[2020-02-28T05:09:19.943+0000][1][safepoint    ] Safepoint "RevokeBias", Time since last: 53518979 ns, Reaching safepoint: 63016 ns, At safepoint: 6660 ns, Total: 69676 ns
[2020-02-28T05:09:20.128+0000][1][safepoint    ] Safepoint "RevokeBias", Time since last: 184391539 ns, Reaching safepoint: 82956 ns, At safepoint: 8669 ns, Total: 91625 ns
[2020-02-28T05:09:20.613+0000][1][safepoint    ] Safepoint "RevokeBias", Time since last: 466925129 ns, Reaching safepoint: 18122256 ns, At safepoint: 12182 ns, Total: 18134438 ns
[2020-02-28T05:09:20.613+0000][1][safepoint    ] Safepoint "RevokeBias", Time since last: 118462 ns, Reaching safepoint: 11764 ns, At safepoint: 4022 ns, Total: 15786 ns
[2020-02-28T05:09:20.614+0000][1][safepoint    ] Safepoint "RevokeBias", Time since last: 1271025 ns, Reaching safepoint: 21696 ns, At safepoint: 13456 ns, Total: 35152 ns
[2020-02-28T05:09:21.042+0000][1][gc,heap,exit ] Heap
[2020-02-28T05:09:21.042+0000][1][gc,heap,exit ]  par new generation   total 76672K, used 39435K [0x00000000c0000000, 0x00000000c5330000, 0x00000000c5330000)
[2020-02-28T05:09:21.042+0000][1][gc,heap,exit ]   eden space 68160K,  57% used [0x00000000c0000000, 0x00000000c266b890, 0x00000000c4290000)
[2020-02-28T05:09:21.042+0000][1][gc,heap,exit ]   from space 8512K,   1% used [0x00000000c4ae0000, 0x00000000c4af75a0, 0x00000000c5330000)
[2020-02-28T05:09:21.042+0000][1][gc,heap,exit ]   to   space 8512K,   0% used [0x00000000c4290000, 0x00000000c4290000, 0x00000000c4ae0000)
[2020-02-28T05:09:21.042+0000][1][gc,heap,exit ]  concurrent mark-sweep generation total 963392K, used 62662K [0x00000000c5330000, 0x0000000100000000, 0x0000000100000000)
[2020-02-28T05:09:21.042+0000][1][gc,heap,exit ]  Metaspace       used 80438K, capacity 86775K, committed 87132K, reserved 1124352K
[2020-02-28T05:09:21.042+0000][1][gc,heap,exit ]   class space    used 10600K, capacity 13210K, committed 13328K, reserved 1048576K
