[2020-03-02T07:40:38.410+0000][1][gc] Using Concurrent Mark Sweep
[2020-03-02T07:40:38.410+0000][1][gc,heap,coops] Heap address: 0x00000000c0000000, size: 1024 MB, Compressed Oops mode: 32-bit
[2020-03-02T07:40:38.624+0000][1][safepoint    ] Safepoint "EnableBiasedLocking", Time since last: 179044602 ns, Reaching safepoint: 5573170 ns, At safepoint: 32570 ns, Total: 5605740 ns
[2020-03-02T07:40:38.649+0000][1][safepoint    ] Safepoint "RevokeBias", Time since last: 19247777 ns, Reaching safepoint: 5920249 ns, At safepoint: 46302 ns, Total: 5966551 ns
[2020-03-02T07:40:38.732+0000][1][safepoint    ] Safepoint "Deoptimize", Time since last: 82481548 ns, Reaching safepoint: 114200 ns, At safepoint: 35532 ns, Total: 149732 ns
[2020-03-02T07:40:39.732+0000][1][safepoint    ] Safepoint "Cleanup", Time since last: 1000373005 ns, Reaching safepoint: 46338 ns, At safepoint: 4122 ns, Total: 50460 ns
[2020-03-02T07:40:39.796+0000][1][safepoint    ] Safepoint "RevokeBias", Time since last: 64163642 ns, Reaching safepoint: 14520 ns, At safepoint: 22340 ns, Total: 36860 ns
[2020-03-02T07:40:39.846+0000][1][safepoint    ] Safepoint "Deoptimize", Time since last: 50125392 ns, Reaching safepoint: 18218 ns, At safepoint: 86777 ns, Total: 104995 ns
[2020-03-02T07:40:40.044+0000][1][safepoint    ] Safepoint "Deoptimize", Time since last: 197318537 ns, Reaching safepoint: 23885 ns, At safepoint: 64470 ns, Total: 88355 ns
[2020-03-02T07:40:41.044+0000][1][safepoint    ] Safepoint "Cleanup", Time since last: 1000113636 ns, Reaching safepoint: 94049 ns, At safepoint: 5059 ns, Total: 99108 ns
[2020-03-02T07:40:41.673+0000][1][safepoint    ] Safepoint "Deoptimize", Time since last: 629279726 ns, Reaching safepoint: 53011 ns, At safepoint: 118383 ns, Total: 171394 ns
[2020-03-02T07:40:42.082+0000][1][safepoint    ] Safepoint "Deoptimize", Time since last: 408339433 ns, Reaching safepoint: 57077 ns, At safepoint: 128877 ns, Total: 185954 ns
[2020-03-02T07:40:43.102+0000][1][safepoint    ] Safepoint "Cleanup", Time since last: 1007704347 ns, Reaching safepoint: 12591642 ns, At safepoint: 5767 ns, Total: 12597409 ns
[2020-03-02T07:40:43.697+0000][1][safepoint    ] Safepoint "Deoptimize", Time since last: 594039453 ns, Reaching safepoint: 54178 ns, At safepoint: 203072 ns, Total: 257250 ns
[2020-03-02T07:40:44.123+0000][1][safepoint    ] Safepoint "Deoptimize", Time since last: 426805401 ns, Reaching safepoint: 31533 ns, At safepoint: 92287 ns, Total: 123820 ns
[2020-03-02T07:40:44.651+0000][1][safepoint    ] Safepoint "Deoptimize", Time since last: 527688792 ns, Reaching safepoint: 44162 ns, At safepoint: 172900 ns, Total: 217062 ns
[2020-03-02T07:40:44.654+0000][1][safepoint    ] Safepoint "RevokeBias", Time since last: 2355191 ns, Reaching safepoint: 43535 ns, At safepoint: 129857 ns, Total: 173392 ns
[2020-03-02T07:40:45.654+0000][1][safepoint    ] Safepoint "Cleanup", Time since last: 1000404194 ns, Reaching safepoint: 83757 ns, At safepoint: 3731 ns, Total: 87488 ns
[2020-03-02T07:40:45.851+0000][1][safepoint    ] Safepoint "Deoptimize", Time since last: 196514202 ns, Reaching safepoint: 21648 ns, At safepoint: 241384 ns, Total: 263032 ns
[2020-03-02T07:40:45.852+0000][1][safepoint    ] Safepoint "Deoptimize", Time since last: 134489 ns, Reaching safepoint: 10110 ns, At safepoint: 163304 ns, Total: 173414 ns
[2020-03-02T07:40:46.611+0000][1][safepoint    ] Safepoint "Deoptimize", Time since last: 759027354 ns, Reaching safepoint: 86845 ns, At safepoint: 356483 ns, Total: 443328 ns
[2020-03-02T07:40:46.614+0000][1][safepoint    ] Safepoint "Deoptimize", Time since last: 3232215 ns, Reaching safepoint: 23367 ns, At safepoint: 231721 ns, Total: 255088 ns
[2020-03-02T07:40:46.659+0000][1][safepoint    ] Safepoint "RevokeBias", Time since last: 44563298 ns, Reaching safepoint: 196752 ns, At safepoint: 42578 ns, Total: 239330 ns
[2020-03-02T07:40:46.665+0000][1][safepoint    ] Safepoint "RevokeBias", Time since last: 4167525 ns, Reaching safepoint: 1236092 ns, At safepoint: 32196 ns, Total: 1268288 ns
[2020-03-02T07:40:46.665+0000][1][safepoint    ] Safepoint "RevokeBias", Time since last: 51827 ns, Reaching safepoint: 214474 ns, At safepoint: 30577 ns, Total: 245051 ns
[2020-03-02T07:40:46.665+0000][1][safepoint    ] Safepoint "RevokeBias", Time since last: 70133 ns, Reaching safepoint: 99990 ns, At safepoint: 26448 ns, Total: 126438 ns
[2020-03-02T07:40:46.666+0000][1][safepoint    ] Safepoint "RevokeBias", Time since last: 149846 ns, Reaching safepoint: 223994 ns, At safepoint: 31109 ns, Total: 255103 ns
[2020-03-02T07:40:46.949+0000][1][gc,start     ] GC(0) Pause Young (Allocation Failure)
[2020-03-02T07:40:46.949+0000][1][gc,task      ] GC(0) Using 1 workers of 1 for evacuation
[2020-03-02T07:40:46.981+0000][1][gc,age       ] GC(0) Desired survivor size 4358144 bytes, new threshold 1 (max threshold 6)
[2020-03-02T07:40:46.981+0000][1][gc,age       ] GC(0) Age table with threshold 1 (max threshold 6)
[2020-03-02T07:40:46.981+0000][1][gc,age       ] GC(0) - age   1:    8417904 bytes,    8417904 total
[2020-03-02T07:40:46.982+0000][1][gc,heap      ] GC(0) ParNew: 68160K->8257K(76672K)
[2020-03-02T07:40:46.982+0000][1][gc,heap      ] GC(0) CMS: 0K->0K(963392K)
[2020-03-02T07:40:46.982+0000][1][gc,metaspace ] GC(0) Metaspace: 12529K->12529K(1060864K)
[2020-03-02T07:40:46.982+0000][1][gc           ] GC(0) Pause Young (Allocation Failure) 66M->8M(1015M) 32.271ms
[2020-03-02T07:40:46.982+0000][1][gc,cpu       ] GC(0) User=0.03s Sys=0.00s Real=0.03s
[2020-03-02T07:40:46.982+0000][1][safepoint    ] Safepoint "GenCollectForAllocation", Time since last: 283681038 ns, Reaching safepoint: 38419 ns, At safepoint: 32362025 ns, Total: 32400444 ns
[2020-03-02T07:40:46.994+0000][1][safepoint    ] Safepoint "RevokeBias", Time since last: 12506640 ns, Reaching safepoint: 29978 ns, At safepoint: 37852 ns, Total: 67830 ns
[2020-03-02T07:40:46.994+0000][1][safepoint    ] Safepoint "RevokeBias", Time since last: 118114 ns, Reaching safepoint: 13192 ns, At safepoint: 17929 ns, Total: 31121 ns
[2020-03-02T07:40:46.994+0000][1][safepoint    ] Safepoint "RevokeBias", Time since last: 38841 ns, Reaching safepoint: 11581 ns, At safepoint: 16268 ns, Total: 27849 ns
[2020-03-02T07:40:46.995+0000][1][safepoint    ] Safepoint "RevokeBias", Time since last: 24799 ns, Reaching safepoint: 10894 ns, At safepoint: 15578 ns, Total: 26472 ns
[2020-03-02T07:40:46.995+0000][1][safepoint    ] Safepoint "RevokeBias", Time since last: 29106 ns, Reaching safepoint: 11172 ns, At safepoint: 15740 ns, Total: 26912 ns
[2020-03-02T07:40:46.995+0000][1][safepoint    ] Safepoint "RevokeBias", Time since last: 23749 ns, Reaching safepoint: 10747 ns, At safepoint: 15614 ns, Total: 26361 ns
[2020-03-02T07:40:46.995+0000][1][safepoint    ] Safepoint "RevokeBias", Time since last: 27272 ns, Reaching safepoint: 11237 ns, At safepoint: 102633 ns, Total: 113870 ns
[2020-03-02T07:40:46.995+0000][1][safepoint    ] Safepoint "RevokeBias", Time since last: 35613 ns, Reaching safepoint: 13297 ns, At safepoint: 16279 ns, Total: 29576 ns
[2020-03-02T07:40:46.995+0000][1][safepoint    ] Safepoint "RevokeBias", Time since last: 30780 ns, Reaching safepoint: 11704 ns, At safepoint: 15914 ns, Total: 27618 ns
[2020-03-02T07:40:46.995+0000][1][safepoint    ] Safepoint "RevokeBias", Time since last: 24115 ns, Reaching safepoint: 10694 ns, At safepoint: 15427 ns, Total: 26121 ns
[2020-03-02T07:40:46.995+0000][1][safepoint    ] Safepoint "RevokeBias", Time since last: 27451 ns, Reaching safepoint: 11128 ns, At safepoint: 15574 ns, Total: 26702 ns
[2020-03-02T07:40:46.995+0000][1][safepoint    ] Safepoint "RevokeBias", Time since last: 23726 ns, Reaching safepoint: 10739 ns, At safepoint: 15488 ns, Total: 26227 ns
[2020-03-02T07:40:46.995+0000][1][safepoint    ] Safepoint "RevokeBias", Time since last: 26950 ns, Reaching safepoint: 11190 ns, At safepoint: 15497 ns, Total: 26687 ns
[2020-03-02T07:40:46.995+0000][1][safepoint    ] Safepoint "RevokeBias", Time since last: 23422 ns, Reaching safepoint: 10712 ns, At safepoint: 15562 ns, Total: 26274 ns
[2020-03-02T07:40:46.995+0000][1][safepoint    ] Safepoint "RevokeBias", Time since last: 27121 ns, Reaching safepoint: 11113 ns, At safepoint: 15596 ns, Total: 26709 ns
[2020-03-02T07:40:46.995+0000][1][safepoint    ] Safepoint "RevokeBias", Time since last: 30489 ns, Reaching safepoint: 10966 ns, At safepoint: 41745 ns, Total: 52711 ns
[2020-03-02T07:40:46.995+0000][1][safepoint    ] Safepoint "RevokeBias", Time since last: 49856 ns, Reaching safepoint: 13041 ns, At safepoint: 16160 ns, Total: 29201 ns
[2020-03-02T07:40:46.995+0000][1][safepoint    ] Safepoint "RevokeBias", Time since last: 24814 ns, Reaching safepoint: 10942 ns, At safepoint: 15494 ns, Total: 26436 ns
[2020-03-02T07:40:46.996+0000][1][safepoint    ] Safepoint "RevokeBias", Time since last: 67416 ns, Reaching safepoint: 11225 ns, At safepoint: 15930 ns, Total: 27155 ns
[2020-03-02T07:40:46.996+0000][1][safepoint    ] Safepoint "RevokeBias", Time since last: 23671 ns, Reaching safepoint: 10765 ns, At safepoint: 15481 ns, Total: 26246 ns
[2020-03-02T07:40:46.996+0000][1][safepoint    ] Safepoint "RevokeBias", Time since last: 444487 ns, Reaching safepoint: 14332 ns, At safepoint: 17914 ns, Total: 32246 ns
[2020-03-02T07:40:46.996+0000][1][safepoint    ] Safepoint "RevokeBias", Time since last: 29157 ns, Reaching safepoint: 10963 ns, At safepoint: 15773 ns, Total: 26736 ns
[2020-03-02T07:40:46.996+0000][1][safepoint    ] Safepoint "RevokeBias", Time since last: 28201 ns, Reaching safepoint: 11419 ns, At safepoint: 15819 ns, Total: 27238 ns
[2020-03-02T07:40:46.996+0000][1][safepoint    ] Safepoint "RevokeBias", Time since last: 23899 ns, Reaching safepoint: 10733 ns, At safepoint: 15604 ns, Total: 26337 ns
[2020-03-02T07:40:46.996+0000][1][safepoint    ] Safepoint "RevokeBias", Time since last: 27285 ns, Reaching safepoint: 11095 ns, At safepoint: 15625 ns, Total: 26720 ns
[2020-03-02T07:40:46.996+0000][1][safepoint    ] Safepoint "RevokeBias", Time since last: 23380 ns, Reaching safepoint: 10710 ns, At safepoint: 15361 ns, Total: 26071 ns
[2020-03-02T07:40:46.996+0000][1][safepoint    ] Safepoint "RevokeBias", Time since last: 26590 ns, Reaching safepoint: 11107 ns, At safepoint: 15689 ns, Total: 26796 ns
[2020-03-02T07:40:46.996+0000][1][safepoint    ] Safepoint "RevokeBias", Time since last: 23284 ns, Reaching safepoint: 77159 ns, At safepoint: 40060 ns, Total: 117219 ns
[2020-03-02T07:40:47.048+0000][1][safepoint    ] Safepoint "RevokeBias", Time since last: 51091121 ns, Reaching safepoint: 132295 ns, At safepoint: 54842 ns, Total: 187137 ns
[2020-03-02T07:40:47.056+0000][1][safepoint    ] Safepoint "RevokeBias", Time since last: 7756927 ns, Reaching safepoint: 903912 ns, At safepoint: 26461 ns, Total: 930373 ns
[2020-03-02T07:40:47.057+0000][1][safepoint    ] Safepoint "RevokeBias", Time since last: 113611 ns, Reaching safepoint: 835278 ns, At safepoint: 12955 ns, Total: 848233 ns
[2020-03-02T07:40:47.931+0000][1][safepoint    ] Safepoint "Deoptimize", Time since last: 873241107 ns, Reaching safepoint: 61715 ns, At safepoint: 431945 ns, Total: 493660 ns
[2020-03-02T07:40:48.800+0000][1][safepoint    ] Safepoint "RevokeBias", Time since last: 869141624 ns, Reaching safepoint: 76886 ns, At safepoint: 33807 ns, Total: 110693 ns
[2020-03-02T07:40:49.810+0000][1][safepoint    ] Safepoint "Cleanup", Time since last: 1004338891 ns, Reaching safepoint: 5213224 ns, At safepoint: 11317 ns, Total: 5224541 ns
[2020-03-02T07:40:50.043+0000][1][safepoint    ] Safepoint "Deoptimize", Time since last: 232916983 ns, Reaching safepoint: 43561 ns, At safepoint: 344670 ns, Total: 388231 ns
[2020-03-02T07:40:50.044+0000][1][safepoint    ] Safepoint "Deoptimize", Time since last: 575586 ns, Reaching safepoint: 22371 ns, At safepoint: 508254 ns, Total: 530625 ns
[2020-03-02T07:40:50.438+0000][1][gc,start     ] GC(1) Pause Young (Allocation Failure)
[2020-03-02T07:40:50.438+0000][1][gc,task      ] GC(1) Using 1 workers of 1 for evacuation
[2020-03-02T07:40:50.564+0000][1][gc,age       ] GC(1) Desired survivor size 4358144 bytes, new threshold 6 (max threshold 6)
[2020-03-02T07:40:50.564+0000][1][gc,age       ] GC(1) Age table with threshold 6 (max threshold 6)
[2020-03-02T07:40:50.564+0000][1][gc,age       ] GC(1) - age   1:    3696584 bytes,    3696584 total
[2020-03-02T07:40:50.564+0000][1][gc,heap      ] GC(1) ParNew: 76417K->5931K(76672K)
[2020-03-02T07:40:50.564+0000][1][gc,heap      ] GC(1) CMS: 0K->6844K(963392K)
[2020-03-02T07:40:50.564+0000][1][gc,metaspace ] GC(1) Metaspace: 17343K->17343K(1064960K)
[2020-03-02T07:40:50.564+0000][1][gc           ] GC(1) Pause Young (Allocation Failure) 74M->12M(1015M) 126.162ms
[2020-03-02T07:40:50.564+0000][1][gc,cpu       ] GC(1) User=0.06s Sys=0.00s Real=0.13s
[2020-03-02T07:40:50.564+0000][1][safepoint    ] Safepoint "GenCollectForAllocation", Time since last: 393469704 ns, Reaching safepoint: 32599 ns, At safepoint: 126281560 ns, Total: 126314159 ns
[2020-03-02T07:40:50.598+0000][1][safepoint    ] Safepoint "BulkRevokeBias", Time since last: 28570906 ns, Reaching safepoint: 5286419 ns, At safepoint: 72956 ns, Total: 5359375 ns
[2020-03-02T07:40:50.604+0000][1][safepoint    ] Safepoint "RevokeBias", Time since last: 111953 ns, Reaching safepoint: 5649541 ns, At safepoint: 44415 ns, Total: 5693956 ns
[2020-03-02T07:40:50.610+0000][1][safepoint    ] Safepoint "RevokeBias", Time since last: 60018 ns, Reaching safepoint: 5789157 ns, At safepoint: 41279 ns, Total: 5830436 ns
[2020-03-02T07:40:50.621+0000][1][safepoint    ] Safepoint "RevokeBias", Time since last: 67968 ns, Reaching safepoint: 11077352 ns, At safepoint: 48157 ns, Total: 11125509 ns
[2020-03-02T07:40:50.631+0000][1][safepoint    ] Safepoint "RevokeBias", Time since last: 66906 ns, Reaching safepoint: 10276925 ns, At safepoint: 40523 ns, Total: 10317448 ns
[2020-03-02T07:40:50.642+0000][1][safepoint    ] Safepoint "RevokeBias", Time since last: 86304 ns, Reaching safepoint: 10267581 ns, At safepoint: 79510 ns, Total: 10347091 ns
[2020-03-02T07:40:50.653+0000][1][safepoint    ] Safepoint "RevokeBias", Time since last: 135754 ns, Reaching safepoint: 10823655 ns, At safepoint: 44233 ns, Total: 10867888 ns
[2020-03-02T07:40:50.659+0000][1][safepoint    ] Safepoint "RevokeBias", Time since last: 91589 ns, Reaching safepoint: 5800715 ns, At safepoint: 55481 ns, Total: 5856196 ns
[2020-03-02T07:40:50.665+0000][1][safepoint    ] Safepoint "RevokeBias", Time since last: 84409 ns, Reaching safepoint: 5794179 ns, At safepoint: 46475 ns, Total: 5840654 ns
[2020-03-02T07:40:50.671+0000][1][safepoint    ] Safepoint "BulkRevokeBias", Time since last: 91395 ns, Reaching safepoint: 5777432 ns, At safepoint: 67657 ns, Total: 5845089 ns
[2020-03-02T07:40:50.677+0000][1][safepoint    ] Safepoint "BulkRevokeBias", Time since last: 45937 ns, Reaching safepoint: 5897839 ns, At safepoint: 75956 ns, Total: 5973795 ns
[2020-03-02T07:40:51.094+0000][1][safepoint    ] Safepoint "Deoptimize", Time since last: 416903642 ns, Reaching safepoint: 65915 ns, At safepoint: 643158 ns, Total: 709073 ns
[2020-03-02T07:40:51.556+0000][1][gc,start     ] GC(2) Pause Young (Allocation Failure)
[2020-03-02T07:40:51.556+0000][1][gc,task      ] GC(2) Using 1 workers of 1 for evacuation
[2020-03-02T07:40:51.583+0000][1][gc,age       ] GC(2) Desired survivor size 4358144 bytes, new threshold 2 (max threshold 6)
[2020-03-02T07:40:51.583+0000][1][gc,age       ] GC(2) Age table with threshold 2 (max threshold 6)
[2020-03-02T07:40:51.583+0000][1][gc,age       ] GC(2) - age   1:    1637464 bytes,    1637464 total
[2020-03-02T07:40:51.583+0000][1][gc,age       ] GC(2) - age   2:    3368384 bytes,    5005848 total
[2020-03-02T07:40:51.583+0000][1][gc,heap      ] GC(2) ParNew: 74091K->8387K(76672K)
[2020-03-02T07:40:51.583+0000][1][gc,heap      ] GC(2) CMS: 6844K->6844K(963392K)
[2020-03-02T07:40:51.583+0000][1][gc,metaspace ] GC(2) Metaspace: 18529K->18529K(1067008K)
[2020-03-02T07:40:51.583+0000][1][gc           ] GC(2) Pause Young (Allocation Failure) 79M->14M(1015M) 27.392ms
[2020-03-02T07:40:51.583+0000][1][gc,cpu       ] GC(2) User=0.02s Sys=0.00s Real=0.02s
[2020-03-02T07:40:51.583+0000][1][safepoint    ] Safepoint "GenCollectForAllocation", Time since last: 461497432 ns, Reaching safepoint: 63954 ns, At safepoint: 27482908 ns, Total: 27546862 ns
[2020-03-02T07:40:51.610+0000][1][safepoint    ] Safepoint "RevokeBias", Time since last: 10582458 ns, Reaching safepoint: 16242463 ns, At safepoint: 79668 ns, Total: 16322131 ns
[2020-03-02T07:40:51.611+0000][1][safepoint    ] Safepoint "RevokeBias", Time since last: 1003935 ns, Reaching safepoint: 148060 ns, At safepoint: 54061 ns, Total: 202121 ns
[2020-03-02T07:40:51.612+0000][1][safepoint    ] Safepoint "RevokeBias", Time since last: 79498 ns, Reaching safepoint: 106279 ns, At safepoint: 42731 ns, Total: 149010 ns
[2020-03-02T07:40:51.612+0000][1][safepoint    ] Safepoint "RevokeBias", Time since last: 93502 ns, Reaching safepoint: 318351 ns, At safepoint: 48347 ns, Total: 366698 ns
[2020-03-02T07:40:51.621+0000][1][safepoint    ] Safepoint "RevokeBias", Time since last: 7742701 ns, Reaching safepoint: 680217 ns, At safepoint: 29248 ns, Total: 709465 ns
[2020-03-02T07:40:51.621+0000][1][safepoint    ] Safepoint "RevokeBias", Time since last: 68643 ns, Reaching safepoint: 728881 ns, At safepoint: 26622 ns, Total: 755503 ns
[2020-03-02T07:40:52.622+0000][1][safepoint    ] Safepoint "Cleanup", Time since last: 1000262661 ns, Reaching safepoint: 66502 ns, At safepoint: 6934 ns, Total: 73436 ns
[2020-03-02T07:40:52.961+0000][1][gc,start     ] GC(3) Pause Young (Allocation Failure)
[2020-03-02T07:40:52.961+0000][1][gc,task      ] GC(3) Using 1 workers of 1 for evacuation
[2020-03-02T07:40:53.019+0000][1][gc,age       ] GC(3) Desired survivor size 4358144 bytes, new threshold 6 (max threshold 6)
[2020-03-02T07:40:53.019+0000][1][gc,age       ] GC(3) Age table with threshold 6 (max threshold 6)
[2020-03-02T07:40:53.019+0000][1][gc,age       ] GC(3) - age   1:    1853048 bytes,    1853048 total
[2020-03-02T07:40:53.019+0000][1][gc,age       ] GC(3) - age   2:     337984 bytes,    2191032 total
[2020-03-02T07:40:53.020+0000][1][gc,heap      ] GC(3) ParNew: 76547K->2878K(76672K)
[2020-03-02T07:40:53.020+0000][1][gc,heap      ] GC(3) CMS: 6844K->10167K(963392K)
[2020-03-02T07:40:53.020+0000][1][gc,metaspace ] GC(3) Metaspace: 18765K->18765K(1067008K)
[2020-03-02T07:40:53.020+0000][1][gc           ] GC(3) Pause Young (Allocation Failure) 81M->12M(1015M) 58.671ms
[2020-03-02T07:40:53.020+0000][1][gc,cpu       ] GC(3) User=0.05s Sys=0.00s Real=0.06s
[2020-03-02T07:40:53.020+0000][1][safepoint    ] Safepoint "GenCollectForAllocation", Time since last: 339189260 ns, Reaching safepoint: 32873 ns, At safepoint: 58859571 ns, Total: 58892444 ns
[2020-03-02T07:40:53.025+0000][1][safepoint    ] Safepoint "RevokeBias", Time since last: 5105801 ns, Reaching safepoint: 41975 ns, At safepoint: 32098 ns, Total: 74073 ns
[2020-03-02T07:40:53.025+0000][1][safepoint    ] Safepoint "RevokeBias", Time since last: 61005 ns, Reaching safepoint: 8913 ns, At safepoint: 15037 ns, Total: 23950 ns
[2020-03-02T07:40:53.025+0000][1][safepoint    ] Safepoint "RevokeBias", Time since last: 41420 ns, Reaching safepoint: 6356 ns, At safepoint: 12033 ns, Total: 18389 ns
[2020-03-02T07:40:53.025+0000][1][safepoint    ] Safepoint "RevokeBias", Time since last: 19447 ns, Reaching safepoint: 5100 ns, At safepoint: 11251 ns, Total: 16351 ns
[2020-03-02T07:40:53.025+0000][1][safepoint    ] Safepoint "RevokeBias", Time since last: 21686 ns, Reaching safepoint: 5526 ns, At safepoint: 11111 ns, Total: 16637 ns
[2020-03-02T07:40:53.025+0000][1][safepoint    ] Safepoint "RevokeBias", Time since last: 18568 ns, Reaching safepoint: 5048 ns, At safepoint: 11555 ns, Total: 16603 ns
[2020-03-02T07:40:53.952+0000][1][gc,start     ] GC(4) Pause Young (Allocation Failure)
[2020-03-02T07:40:53.952+0000][1][gc,task      ] GC(4) Using 1 workers of 1 for evacuation
[2020-03-02T07:40:53.969+0000][1][gc,age       ] GC(4) Desired survivor size 4358144 bytes, new threshold 6 (max threshold 6)
[2020-03-02T07:40:53.969+0000][1][gc,age       ] GC(4) Age table with threshold 6 (max threshold 6)
[2020-03-02T07:40:53.969+0000][1][gc,age       ] GC(4) - age   1:    1737208 bytes,    1737208 total
[2020-03-02T07:40:53.969+0000][1][gc,age       ] GC(4) - age   2:     320912 bytes,    2058120 total
[2020-03-02T07:40:53.969+0000][1][gc,age       ] GC(4) - age   3:     337888 bytes,    2396008 total
[2020-03-02T07:40:53.969+0000][1][gc,heap      ] GC(4) ParNew: 71038K->4648K(76672K)
[2020-03-02T07:40:53.969+0000][1][gc,heap      ] GC(4) CMS: 10167K->10167K(963392K)
[2020-03-02T07:40:53.969+0000][1][gc,metaspace ] GC(4) Metaspace: 19369K->19369K(1067008K)
[2020-03-02T07:40:53.969+0000][1][gc           ] GC(4) Pause Young (Allocation Failure) 79M->14M(1015M) 17.581ms
[2020-03-02T07:40:53.969+0000][1][gc,cpu       ] GC(4) User=0.01s Sys=0.00s Real=0.02s
[2020-03-02T07:40:53.969+0000][1][safepoint    ] Safepoint "GenCollectForAllocation", Time since last: 926322365 ns, Reaching safepoint: 52147 ns, At safepoint: 17644732 ns, Total: 17696879 ns
[2020-03-02T07:40:53.991+0000][1][safepoint    ] Safepoint "BulkRevokeBias", Time since last: 16146754 ns, Reaching safepoint: 5177457 ns, At safepoint: 141969 ns, Total: 5319426 ns
[2020-03-02T07:40:53.994+0000][1][safepoint    ] Safepoint "RevokeBias", Time since last: 84869 ns, Reaching safepoint: 3300436 ns, At safepoint: 53276 ns, Total: 3353712 ns
[2020-03-02T07:40:53.998+0000][1][safepoint    ] Safepoint "RevokeBias", Time since last: 3352140 ns, Reaching safepoint: 125049 ns, At safepoint: 37692 ns, Total: 162741 ns
[2020-03-02T07:40:54.008+0000][1][safepoint    ] Safepoint "RevokeBias", Time since last: 9881048 ns, Reaching safepoint: 259998 ns, At safepoint: 45815 ns, Total: 305813 ns
[2020-03-02T07:40:54.008+0000][1][safepoint    ] Safepoint "RevokeBias", Time since last: 114642 ns, Reaching safepoint: 140262 ns, At safepoint: 86294 ns, Total: 226556 ns
[2020-03-02T07:40:54.009+0000][1][safepoint    ] Safepoint "RevokeBias", Time since last: 41182 ns, Reaching safepoint: 718177 ns, At safepoint: 50838 ns, Total: 769015 ns
[2020-03-02T07:40:54.052+0000][1][safepoint    ] Safepoint "RevokeBias", Time since last: 42850353 ns, Reaching safepoint: 31262 ns, At safepoint: 11866 ns, Total: 43128 ns
[2020-03-02T07:40:54.052+0000][1][safepoint    ] Safepoint "RevokeBias", Time since last: 68038 ns, Reaching safepoint: 12505 ns, At safepoint: 6631 ns, Total: 19136 ns
[2020-03-02T07:40:54.054+0000][1][safepoint    ] Safepoint "Deoptimize", Time since last: 1875133 ns, Reaching safepoint: 21999 ns, At safepoint: 448080 ns, Total: 470079 ns
[2020-03-02T07:40:54.179+0000][1][safepoint    ] Safepoint "Deoptimize", Time since last: 123955677 ns, Reaching safepoint: 118162 ns, At safepoint: 409510 ns, Total: 527672 ns
[2020-03-02T07:40:54.426+0000][1][gc,start     ] GC(5) Pause Young (Allocation Failure)
[2020-03-02T07:40:54.426+0000][1][gc,task      ] GC(5) Using 1 workers of 1 for evacuation
[2020-03-02T07:40:54.456+0000][1][gc,age       ] GC(5) Desired survivor size 4358144 bytes, new threshold 6 (max threshold 6)
[2020-03-02T07:40:54.456+0000][1][gc,age       ] GC(5) Age table with threshold 6 (max threshold 6)
[2020-03-02T07:40:54.456+0000][1][gc,age       ] GC(5) - age   1:    1553128 bytes,    1553128 total
[2020-03-02T07:40:54.456+0000][1][gc,age       ] GC(5) - age   2:    1273320 bytes,    2826448 total
[2020-03-02T07:40:54.456+0000][1][gc,age       ] GC(5) - age   3:     320912 bytes,    3147360 total
[2020-03-02T07:40:54.456+0000][1][gc,age       ] GC(5) - age   4:     337832 bytes,    3485192 total
[2020-03-02T07:40:54.456+0000][1][gc,heap      ] GC(5) ParNew: 72808K->4375K(76672K)
[2020-03-02T07:40:54.456+0000][1][gc,heap      ] GC(5) CMS: 10167K->10167K(963392K)
[2020-03-02T07:40:54.456+0000][1][gc,metaspace ] GC(5) Metaspace: 19610K->19610K(1067008K)
[2020-03-02T07:40:54.456+0000][1][gc           ] GC(5) Pause Young (Allocation Failure) 81M->14M(1015M) 29.810ms
[2020-03-02T07:40:54.456+0000][1][gc,cpu       ] GC(5) User=0.03s Sys=0.00s Real=0.03s
[2020-03-02T07:40:54.456+0000][1][safepoint    ] Safepoint "GenCollectForAllocation", Time since last: 247431539 ns, Reaching safepoint: 74357 ns, At safepoint: 29888611 ns, Total: 29962968 ns
[2020-03-02T07:40:54.461+0000][1][safepoint    ] Safepoint "RevokeBias", Time since last: 4290067 ns, Reaching safepoint: 39158 ns, At safepoint: 32186 ns, Total: 71344 ns
[2020-03-02T07:40:54.461+0000][1][safepoint    ] Safepoint "RevokeBias", Time since last: 56133 ns, Reaching safepoint: 12822 ns, At safepoint: 21408 ns, Total: 34230 ns
[2020-03-02T07:40:54.461+0000][1][safepoint    ] Safepoint "RevokeBias", Time since last: 34073 ns, Reaching safepoint: 12063 ns, At safepoint: 19401 ns, Total: 31464 ns
[2020-03-02T07:40:54.461+0000][1][safepoint    ] Safepoint "RevokeBias", Time since last: 24262 ns, Reaching safepoint: 11414 ns, At safepoint: 18927 ns, Total: 30341 ns
[2020-03-02T07:40:54.461+0000][1][safepoint    ] Safepoint "RevokeBias", Time since last: 36635 ns, Reaching safepoint: 11601 ns, At safepoint: 19012 ns, Total: 30613 ns
[2020-03-02T07:40:54.461+0000][1][safepoint    ] Safepoint "RevokeBias", Time since last: 23684 ns, Reaching safepoint: 11098 ns, At safepoint: 18776 ns, Total: 29874 ns
[2020-03-02T07:40:54.875+0000][1][gc,start     ] GC(6) Pause Young (Allocation Failure)
[2020-03-02T07:40:54.875+0000][1][gc,task      ] GC(6) Using 1 workers of 1 for evacuation
[2020-03-02T07:40:54.901+0000][1][gc,age       ] GC(6) Desired survivor size 4358144 bytes, new threshold 4 (max threshold 6)
[2020-03-02T07:40:54.901+0000][1][gc,age       ] GC(6) Age table with threshold 4 (max threshold 6)
[2020-03-02T07:40:54.901+0000][1][gc,age       ] GC(6) - age   1:    1341328 bytes,    1341328 total
[2020-03-02T07:40:54.901+0000][1][gc,age       ] GC(6) - age   2:    1525648 bytes,    2866976 total
[2020-03-02T07:40:54.901+0000][1][gc,age       ] GC(6) - age   3:    1272976 bytes,    4139952 total
[2020-03-02T07:40:54.901+0000][1][gc,age       ] GC(6) - age   4:     320912 bytes,    4460864 total
[2020-03-02T07:40:54.901+0000][1][gc,age       ] GC(6) - age   5:     337752 bytes,    4798616 total
[2020-03-02T07:40:54.901+0000][1][gc,heap      ] GC(6) ParNew: 72535K->5834K(76672K)
[2020-03-02T07:40:54.901+0000][1][gc,heap      ] GC(6) CMS: 10167K->10167K(963392K)
[2020-03-02T07:40:54.901+0000][1][gc,metaspace ] GC(6) Metaspace: 19705K->19705K(1067008K)
[2020-03-02T07:40:54.901+0000][1][gc           ] GC(6) Pause Young (Allocation Failure) 80M->15M(1015M) 26.310ms
[2020-03-02T07:40:54.901+0000][1][gc,cpu       ] GC(6) User=0.03s Sys=0.00s Real=0.02s
[2020-03-02T07:40:54.901+0000][1][safepoint    ] Safepoint "GenCollectForAllocation", Time since last: 413595919 ns, Reaching safepoint: 48946 ns, At safepoint: 26382314 ns, Total: 26431260 ns
[2020-03-02T07:40:54.909+0000][1][safepoint    ] Safepoint "RevokeBias", Time since last: 8089866 ns, Reaching safepoint: 108628 ns, At safepoint: 70632 ns, Total: 179260 ns
[2020-03-02T07:40:54.909+0000][1][safepoint    ] Safepoint "RevokeBias", Time since last: 52476 ns, Reaching safepoint: 13460 ns, At safepoint: 25286 ns, Total: 38746 ns
[2020-03-02T07:40:54.909+0000][1][safepoint    ] Safepoint "RevokeBias", Time since last: 46914 ns, Reaching safepoint: 12115 ns, At safepoint: 19932 ns, Total: 32047 ns
[2020-03-02T07:40:54.909+0000][1][safepoint    ] Safepoint "RevokeBias", Time since last: 24394 ns, Reaching safepoint: 11306 ns, At safepoint: 18917 ns, Total: 30223 ns
[2020-03-02T07:40:55.561+0000][1][gc,start     ] GC(7) Pause Young (Allocation Failure)
[2020-03-02T07:40:55.561+0000][1][gc,task      ] GC(7) Using 1 workers of 1 for evacuation
[2020-03-02T07:40:55.586+0000][1][gc,age       ] GC(7) Desired survivor size 4358144 bytes, new threshold 4 (max threshold 6)
[2020-03-02T07:40:55.586+0000][1][gc,age       ] GC(7) Age table with threshold 4 (max threshold 6)
[2020-03-02T07:40:55.586+0000][1][gc,age       ] GC(7) - age   1:    1954792 bytes,    1954792 total
[2020-03-02T07:40:55.586+0000][1][gc,age       ] GC(7) - age   2:     414800 bytes,    2369592 total
[2020-03-02T07:40:55.586+0000][1][gc,age       ] GC(7) - age   3:    1523712 bytes,    3893304 total
[2020-03-02T07:40:55.586+0000][1][gc,age       ] GC(7) - age   4:    1272320 bytes,    5165624 total
[2020-03-02T07:40:55.586+0000][1][gc,heap      ] GC(7) ParNew: 73994K->8487K(76672K)
[2020-03-02T07:40:55.586+0000][1][gc,heap      ] GC(7) CMS: 10167K->10821K(963392K)
[2020-03-02T07:40:55.587+0000][1][gc,metaspace ] GC(7) Metaspace: 19933K->19933K(1067008K)
[2020-03-02T07:40:55.587+0000][1][gc           ] GC(7) Pause Young (Allocation Failure) 82M->18M(1015M) 26.032ms
[2020-03-02T07:40:55.587+0000][1][gc,cpu       ] GC(7) User=0.03s Sys=0.00s Real=0.03s
[2020-03-02T07:40:55.587+0000][1][safepoint    ] Safepoint "GenCollectForAllocation", Time since last: 651069165 ns, Reaching safepoint: 42914 ns, At safepoint: 26078502 ns, Total: 26121416 ns
[2020-03-02T07:40:55.600+0000][1][safepoint    ] Safepoint "RevokeBias", Time since last: 8959198 ns, Reaching safepoint: 4327729 ns, At safepoint: 35368 ns, Total: 4363097 ns
[2020-03-02T07:40:55.607+0000][1][safepoint    ] Safepoint "RevokeBias", Time since last: 66817 ns, Reaching safepoint: 6724533 ns, At safepoint: 28742 ns, Total: 6753275 ns
[2020-03-02T07:40:55.619+0000][1][safepoint    ] Safepoint "RevokeBias", Time since last: 9102885 ns, Reaching safepoint: 2808003 ns, At safepoint: 28304 ns, Total: 2836307 ns
[2020-03-02T07:40:55.622+0000][1][safepoint    ] Safepoint "RevokeBias", Time since last: 62937 ns, Reaching safepoint: 2957481 ns, At safepoint: 36078 ns, Total: 2993559 ns
[2020-03-02T07:40:55.816+0000][1][safepoint    ] Safepoint "RevokeBias", Time since last: 194221988 ns, Reaching safepoint: 44983 ns, At safepoint: 17835 ns, Total: 62818 ns
[2020-03-02T07:40:55.817+0000][1][safepoint    ] Safepoint "RevokeBias", Time since last: 382648 ns, Reaching safepoint: 59719 ns, At safepoint: 28398 ns, Total: 88117 ns
[2020-03-02T07:40:55.828+0000][1][safepoint    ] Safepoint "CollectForMetadataAllocation", Time since last: 11371311 ns, Reaching safepoint: 27772 ns, At safepoint: 208267 ns, Total: 236039 ns
[2020-03-02T07:40:55.959+0000][1][gc,start     ] GC(8) Pause Young (Allocation Failure)
[2020-03-02T07:40:55.959+0000][1][gc,task      ] GC(8) Using 1 workers of 1 for evacuation
[2020-03-02T07:40:55.978+0000][1][gc,age       ] GC(8) Desired survivor size 4358144 bytes, new threshold 4 (max threshold 6)
[2020-03-02T07:40:55.979+0000][1][gc,age       ] GC(8) Age table with threshold 4 (max threshold 6)
[2020-03-02T07:40:55.979+0000][1][gc,age       ] GC(8) - age   1:    1977088 bytes,    1977088 total
[2020-03-02T07:40:55.979+0000][1][gc,age       ] GC(8) - age   2:     853016 bytes,    2830104 total
[2020-03-02T07:40:55.979+0000][1][gc,age       ] GC(8) - age   3:     414800 bytes,    3244904 total
[2020-03-02T07:40:55.979+0000][1][gc,age       ] GC(8) - age   4:    1523632 bytes,    4768536 total
[2020-03-02T07:40:55.979+0000][1][gc,heap      ] GC(8) ParNew: 76647K->5905K(76672K)
[2020-03-02T07:40:55.979+0000][1][gc,heap      ] GC(8) CMS: 10821K->12077K(963392K)
[2020-03-02T07:40:55.979+0000][1][gc,metaspace ] GC(8) Metaspace: 20289K->20289K(1069056K)
[2020-03-02T07:40:55.979+0000][1][gc           ] GC(8) Pause Young (Allocation Failure) 85M->17M(1015M) 19.584ms
[2020-03-02T07:40:55.979+0000][1][gc,cpu       ] GC(8) User=0.02s Sys=0.00s Real=0.02s
[2020-03-02T07:40:55.979+0000][1][safepoint    ] Safepoint "GenCollectForAllocation", Time since last: 130880805 ns, Reaching safepoint: 29821 ns, At safepoint: 19632711 ns, Total: 19662532 ns
[2020-03-02T07:40:55.998+0000][1][gc,start     ] GC(9) Pause Initial Mark
[2020-03-02T07:40:56.007+0000][1][gc           ] GC(9) Pause Initial Mark 22M->22M(1015M) 8.889ms
[2020-03-02T07:40:56.007+0000][1][gc,cpu       ] GC(9) User=0.01s Sys=0.00s Real=0.01s
[2020-03-02T07:40:56.007+0000][1][safepoint    ] Safepoint "RevokeBias", Time since last: 15056563 ns, Reaching safepoint: 4181760 ns, At safepoint: 9001237 ns, Total: 13182997 ns
[2020-03-02T07:40:56.009+0000][1][gc           ] GC(9) Concurrent Mark
[2020-03-02T07:40:56.029+0000][1][safepoint    ] Safepoint "RevokeBias", Time since last: 10674336 ns, Reaching safepoint: 11195629 ns, At safepoint: 36071 ns, Total: 11231700 ns
[2020-03-02T07:40:56.029+0000][1][safepoint    ] Safepoint "RevokeBias", Time since last: 74910 ns, Reaching safepoint: 13485 ns, At safepoint: 19595 ns, Total: 33080 ns
[2020-03-02T07:40:56.029+0000][1][safepoint    ] Safepoint "RevokeBias", Time since last: 25500 ns, Reaching safepoint: 11286 ns, At safepoint: 17218 ns, Total: 28504 ns
[2020-03-02T07:40:56.029+0000][1][safepoint    ] Safepoint "BulkRevokeBias", Time since last: 33281 ns, Reaching safepoint: 11825 ns, At safepoint: 40211 ns, Total: 52036 ns
[2020-03-02T07:40:56.036+0000][1][safepoint    ] Safepoint "BulkRevokeBias", Time since last: 5750094 ns, Reaching safepoint: 1200171 ns, At safepoint: 160581 ns, Total: 1360752 ns
[2020-03-02T07:40:56.098+0000][1][gc           ] GC(9) Concurrent Mark 88.920ms
[2020-03-02T07:40:56.098+0000][1][gc,cpu       ] GC(9) User=0.08s Sys=0.00s Real=0.09s
[2020-03-02T07:40:56.098+0000][1][gc           ] GC(9) Concurrent Preclean
[2020-03-02T07:40:56.099+0000][1][gc           ] GC(9) Concurrent Preclean 1.165ms
[2020-03-02T07:40:56.099+0000][1][gc,cpu       ] GC(9) User=0.00s Sys=0.00s Real=0.00s
[2020-03-02T07:40:56.099+0000][1][gc           ] GC(9) Concurrent Abortable Preclean
[2020-03-02T07:40:56.381+0000][1][gc,start     ] GC(10) Pause Young (Allocation Failure)
[2020-03-02T07:40:56.381+0000][1][gc,task      ] GC(10) Using 1 workers of 1 for evacuation
[2020-03-02T07:40:56.394+0000][1][gc           ] GC(9) Concurrent Abortable Preclean 294.550ms
[2020-03-02T07:40:56.394+0000][1][gc,cpu       ] GC(9) User=0.22s Sys=0.01s Real=0.30s
[2020-03-02T07:40:56.403+0000][1][gc,age       ] GC(10) Desired survivor size 4358144 bytes, new threshold 4 (max threshold 6)
[2020-03-02T07:40:56.403+0000][1][gc,age       ] GC(10) Age table with threshold 4 (max threshold 6)
[2020-03-02T07:40:56.403+0000][1][gc,age       ] GC(10) - age   1:    2330832 bytes,    2330832 total
[2020-03-02T07:40:56.403+0000][1][gc,age       ] GC(10) - age   2:    1134576 bytes,    3465408 total
[2020-03-02T07:40:56.403+0000][1][gc,age       ] GC(10) - age   3:     853016 bytes,    4318424 total
[2020-03-02T07:40:56.403+0000][1][gc,age       ] GC(10) - age   4:     414800 bytes,    4733224 total
[2020-03-02T07:40:56.403+0000][1][gc,heap      ] GC(10) ParNew: 74065K->8461K(76672K)
[2020-03-02T07:40:56.403+0000][1][gc,heap      ] GC(10) CMS: 12077K->13577K(963392K)
[2020-03-02T07:40:56.403+0000][1][gc,metaspace ] GC(10) Metaspace: 20310K->20310K(1069056K)
[2020-03-02T07:40:56.403+0000][1][gc           ] GC(10) Pause Young (Allocation Failure) 84M->21M(1015M) 21.404ms
[2020-03-02T07:40:56.403+0000][1][gc,cpu       ] GC(10) User=0.02s Sys=0.00s Real=0.02s
[2020-03-02T07:40:56.403+0000][1][safepoint    ] Safepoint "GenCollectForAllocation", Time since last: 345024389 ns, Reaching safepoint: 50440 ns, At safepoint: 21450638 ns, Total: 21501078 ns
[2020-03-02T07:40:56.409+0000][1][gc,start     ] GC(9) Pause Remark
[2020-03-02T07:40:56.419+0000][1][gc           ] GC(9) Pause Remark 24M->24M(1015M) 9.838ms
[2020-03-02T07:40:56.419+0000][1][gc,cpu       ] GC(9) User=0.01s Sys=0.00s Real=0.01s
[2020-03-02T07:40:56.419+0000][1][safepoint    ] Safepoint "CMS_Final_Remark", Time since last: 6021754 ns, Reaching safepoint: 183595 ns, At safepoint: 9939338 ns, Total: 10122933 ns
[2020-03-02T07:40:56.422+0000][1][gc           ] GC(9) Concurrent Sweep
[2020-03-02T07:40:56.430+0000][1][gc           ] GC(9) Concurrent Sweep 8.256ms
[2020-03-02T07:40:56.430+0000][1][gc,cpu       ] GC(9) User=0.01s Sys=0.00s Real=0.01s
[2020-03-02T07:40:56.430+0000][1][gc           ] GC(9) Concurrent Reset
[2020-03-02T07:40:56.431+0000][1][gc           ] GC(9) Concurrent Reset 1.072ms
[2020-03-02T07:40:56.431+0000][1][gc,cpu       ] GC(9) User=0.00s Sys=0.00s Real=0.00s
[2020-03-02T07:40:56.431+0000][1][gc,heap      ] GC(9) Old: 12077K->13564K(963392K)
[2020-03-02T07:40:56.983+0000][1][gc,start     ] GC(11) Pause Young (Allocation Failure)
[2020-03-02T07:40:56.983+0000][1][gc,task      ] GC(11) Using 1 workers of 1 for evacuation
[2020-03-02T07:40:56.998+0000][1][gc,age       ] GC(11) Desired survivor size 4358144 bytes, new threshold 6 (max threshold 6)
[2020-03-02T07:40:56.998+0000][1][gc,age       ] GC(11) Age table with threshold 6 (max threshold 6)
[2020-03-02T07:40:56.998+0000][1][gc,age       ] GC(11) - age   1:    2025984 bytes,    2025984 total
[2020-03-02T07:40:56.998+0000][1][gc,age       ] GC(11) - age   2:     323440 bytes,    2349424 total
[2020-03-02T07:40:56.998+0000][1][gc,age       ] GC(11) - age   3:    1134344 bytes,    3483768 total
[2020-03-02T07:40:56.998+0000][1][gc,age       ] GC(11) - age   4:     853016 bytes,    4336784 total
[2020-03-02T07:40:56.998+0000][1][gc,heap      ] GC(11) ParNew: 76621K->5582K(76672K)
[2020-03-02T07:40:56.999+0000][1][gc,heap      ] GC(11) CMS: 13564K->13973K(963392K)
[2020-03-02T07:40:56.999+0000][1][gc,metaspace ] GC(11) Metaspace: 21105K->21105K(1069056K)
[2020-03-02T07:40:56.999+0000][1][gc           ] GC(11) Pause Young (Allocation Failure) 88M->19M(1015M) 16.004ms
[2020-03-02T07:40:56.999+0000][1][gc,cpu       ] GC(11) User=0.01s Sys=0.00s Real=0.02s
[2020-03-02T07:40:56.999+0000][1][safepoint    ] Safepoint "GenCollectForAllocation", Time since last: 563334815 ns, Reaching safepoint: 356686 ns, At safepoint: 16054046 ns, Total: 16410732 ns
[2020-03-02T07:40:57.257+0000][1][gc,start     ] GC(12) Pause Young (Allocation Failure)
[2020-03-02T07:40:57.257+0000][1][gc,task      ] GC(12) Using 1 workers of 1 for evacuation
[2020-03-02T07:40:57.278+0000][1][gc,age       ] GC(12) Desired survivor size 4358144 bytes, new threshold 6 (max threshold 6)
[2020-03-02T07:40:57.278+0000][1][gc,age       ] GC(12) Age table with threshold 6 (max threshold 6)
[2020-03-02T07:40:57.278+0000][1][gc,age       ] GC(12) - age   1:     938152 bytes,     938152 total
[2020-03-02T07:40:57.278+0000][1][gc,age       ] GC(12) - age   2:     570424 bytes,    1508576 total
[2020-03-02T07:40:57.278+0000][1][gc,age       ] GC(12) - age   3:     323440 bytes,    1832016 total
[2020-03-02T07:40:57.278+0000][1][gc,age       ] GC(12) - age   4:    1134344 bytes,    2966360 total
[2020-03-02T07:40:57.278+0000][1][gc,age       ] GC(12) - age   5:     853016 bytes,    3819376 total
[2020-03-02T07:40:57.278+0000][1][gc,heap      ] GC(12) ParNew: 73742K->3874K(76672K)
[2020-03-02T07:40:57.278+0000][1][gc,heap      ] GC(12) CMS: 13973K->13973K(963392K)
[2020-03-02T07:40:57.278+0000][1][gc,metaspace ] GC(12) Metaspace: 21123K->21123K(1069056K)
[2020-03-02T07:40:57.278+0000][1][gc           ] GC(12) Pause Young (Allocation Failure) 85M->17M(1015M) 20.471ms
[2020-03-02T07:40:57.278+0000][1][gc,cpu       ] GC(12) User=0.02s Sys=0.00s Real=0.02s
[2020-03-02T07:40:57.279+0000][1][safepoint    ] Safepoint "GenCollectForAllocation", Time since last: 258543430 ns, Reaching safepoint: 84408 ns, At safepoint: 21488366 ns, Total: 21572774 ns
[2020-03-02T07:40:57.550+0000][1][gc,start     ] GC(13) Pause Young (Allocation Failure)
[2020-03-02T07:40:57.550+0000][1][gc,task      ] GC(13) Using 1 workers of 1 for evacuation
[2020-03-02T07:40:57.584+0000][1][gc,age       ] GC(13) Desired survivor size 4358144 bytes, new threshold 6 (max threshold 6)
[2020-03-02T07:40:57.584+0000][1][gc,age       ] GC(13) Age table with threshold 6 (max threshold 6)
[2020-03-02T07:40:57.584+0000][1][gc,age       ] GC(13) - age   1:    1986840 bytes,    1986840 total
[2020-03-02T07:40:57.584+0000][1][gc,age       ] GC(13) - age   2:     206568 bytes,    2193408 total
[2020-03-02T07:40:57.584+0000][1][gc,age       ] GC(13) - age   3:     570312 bytes,    2763720 total
[2020-03-02T07:40:57.584+0000][1][gc,age       ] GC(13) - age   4:     323440 bytes,    3087160 total
[2020-03-02T07:40:57.585+0000][1][gc,age       ] GC(13) - age   5:    1134344 bytes,    4221504 total
[2020-03-02T07:40:57.585+0000][1][gc,age       ] GC(13) - age   6:     853016 bytes,    5074520 total
[2020-03-02T07:40:57.585+0000][1][gc,heap      ] GC(13) ParNew: 72034K->7531K(76672K)
[2020-03-02T07:40:57.585+0000][1][gc,heap      ] GC(13) CMS: 13973K->13973K(963392K)
[2020-03-02T07:40:57.585+0000][1][gc,metaspace ] GC(13) Metaspace: 21220K->21220K(1069056K)
[2020-03-02T07:40:57.585+0000][1][gc           ] GC(13) Pause Young (Allocation Failure) 83M->21M(1015M) 35.094ms
[2020-03-02T07:40:57.585+0000][1][gc,cpu       ] GC(13) User=0.03s Sys=0.00s Real=0.04s
[2020-03-02T07:40:57.585+0000][1][safepoint    ] Safepoint "GenCollectForAllocation", Time since last: 270989162 ns, Reaching safepoint: 19901 ns, At safepoint: 35173411 ns, Total: 35193312 ns
[2020-03-02T07:40:58.040+0000][1][gc,start     ] GC(14) Pause Young (Allocation Failure)
[2020-03-02T07:40:58.040+0000][1][gc,task      ] GC(14) Using 1 workers of 1 for evacuation
[2020-03-02T07:40:58.058+0000][1][gc,age       ] GC(14) Desired survivor size 4358144 bytes, new threshold 6 (max threshold 6)
[2020-03-02T07:40:58.058+0000][1][gc,age       ] GC(14) Age table with threshold 6 (max threshold 6)
[2020-03-02T07:40:58.058+0000][1][gc,age       ] GC(14) - age   1:    1986712 bytes,    1986712 total
[2020-03-02T07:40:58.058+0000][1][gc,age       ] GC(14) - age   2:      98376 bytes,    2085088 total
[2020-03-02T07:40:58.058+0000][1][gc,age       ] GC(14) - age   3:     206568 bytes,    2291656 total
[2020-03-02T07:40:58.058+0000][1][gc,age       ] GC(14) - age   4:     570312 bytes,    2861968 total
[2020-03-02T07:40:58.058+0000][1][gc,age       ] GC(14) - age   5:     323440 bytes,    3185408 total
[2020-03-02T07:40:58.058+0000][1][gc,age       ] GC(14) - age   6:    1134344 bytes,    4319752 total
[2020-03-02T07:40:58.058+0000][1][gc,heap      ] GC(14) ParNew: 75691K->4658K(76672K)
[2020-03-02T07:40:58.058+0000][1][gc,heap      ] GC(14) CMS: 13973K->14812K(963392K)
[2020-03-02T07:40:58.058+0000][1][gc,metaspace ] GC(14) Metaspace: 21280K->21280K(1069056K)
[2020-03-02T07:40:58.058+0000][1][gc           ] GC(14) Pause Young (Allocation Failure) 87M->19M(1015M) 18.529ms
[2020-03-02T07:40:58.058+0000][1][gc,cpu       ] GC(14) User=0.02s Sys=0.00s Real=0.02s
[2020-03-02T07:40:58.058+0000][1][safepoint    ] Safepoint "GenCollectForAllocation", Time since last: 454589272 ns, Reaching safepoint: 47655 ns, At safepoint: 18572363 ns, Total: 18620018 ns
[2020-03-02T07:40:58.278+0000][1][gc,start     ] GC(15) Pause Young (Allocation Failure)
[2020-03-02T07:40:58.278+0000][1][gc,task      ] GC(15) Using 1 workers of 1 for evacuation
[2020-03-02T07:40:58.296+0000][1][gc,age       ] GC(15) Desired survivor size 4358144 bytes, new threshold 6 (max threshold 6)
[2020-03-02T07:40:58.296+0000][1][gc,age       ] GC(15) Age table with threshold 6 (max threshold 6)
[2020-03-02T07:40:58.296+0000][1][gc,age       ] GC(15) - age   1:    1222136 bytes,    1222136 total
[2020-03-02T07:40:58.296+0000][1][gc,age       ] GC(15) - age   2:     306856 bytes,    1528992 total
[2020-03-02T07:40:58.297+0000][1][gc,age       ] GC(15) - age   3:      98376 bytes,    1627368 total
[2020-03-02T07:40:58.297+0000][1][gc,age       ] GC(15) - age   4:     206568 bytes,    1833936 total
[2020-03-02T07:40:58.297+0000][1][gc,age       ] GC(15) - age   5:     570160 bytes,    2404096 total
[2020-03-02T07:40:58.297+0000][1][gc,age       ] GC(15) - age   6:     323440 bytes,    2727536 total
[2020-03-02T07:40:58.297+0000][1][gc,heap      ] GC(15) ParNew: 72818K->4328K(76672K)
[2020-03-02T07:40:58.297+0000][1][gc,heap      ] GC(15) CMS: 14812K->15926K(963392K)
[2020-03-02T07:40:58.297+0000][1][gc,metaspace ] GC(15) Metaspace: 21296K->21296K(1069056K)
[2020-03-02T07:40:58.297+0000][1][gc           ] GC(15) Pause Young (Allocation Failure) 85M->19M(1015M) 19.024ms
[2020-03-02T07:40:58.297+0000][1][gc,cpu       ] GC(15) User=0.02s Sys=0.00s Real=0.02s
[2020-03-02T07:40:58.297+0000][1][safepoint    ] Safepoint "GenCollectForAllocation", Time since last: 219518483 ns, Reaching safepoint: 33089 ns, At safepoint: 19076146 ns, Total: 19109235 ns
[2020-03-02T07:40:58.448+0000][1][safepoint    ] Safepoint "Deoptimize", Time since last: 150491300 ns, Reaching safepoint: 25489 ns, At safepoint: 389336 ns, Total: 414825 ns
[2020-03-02T07:40:59.448+0000][1][safepoint    ] Safepoint "Cleanup", Time since last: 1000479900 ns, Reaching safepoint: 250669 ns, At safepoint: 10295 ns, Total: 260964 ns
[2020-03-02T07:41:00.198+0000][1][safepoint    ] Safepoint "Deoptimize", Time since last: 749431324 ns, Reaching safepoint: 61875 ns, At safepoint: 551076 ns, Total: 612951 ns
[2020-03-02T07:41:00.220+0000][1][safepoint    ] Safepoint "Deoptimize", Time since last: 20809033 ns, Reaching safepoint: 94888 ns, At safepoint: 532848 ns, Total: 627736 ns
[2020-03-02T07:41:00.246+0000][1][safepoint    ] Safepoint "Deoptimize", Time since last: 25811451 ns, Reaching safepoint: 25311 ns, At safepoint: 329434 ns, Total: 354745 ns
[2020-03-02T07:41:00.561+0000][1][gc,start     ] GC(16) Pause Young (Allocation Failure)
[2020-03-02T07:41:00.561+0000][1][gc,task      ] GC(16) Using 1 workers of 1 for evacuation
[2020-03-02T07:41:00.606+0000][1][gc,age       ] GC(16) Desired survivor size 4358144 bytes, new threshold 5 (max threshold 6)
[2020-03-02T07:41:00.606+0000][1][gc,age       ] GC(16) Age table with threshold 5 (max threshold 6)
[2020-03-02T07:41:00.606+0000][1][gc,age       ] GC(16) - age   1:    3613840 bytes,    3613840 total
[2020-03-02T07:41:00.606+0000][1][gc,age       ] GC(16) - age   2:     155464 bytes,    3769304 total
[2020-03-02T07:41:00.606+0000][1][gc,age       ] GC(16) - age   3:     306648 bytes,    4075952 total
[2020-03-02T07:41:00.606+0000][1][gc,age       ] GC(16) - age   4:      98192 bytes,    4174144 total
[2020-03-02T07:41:00.606+0000][1][gc,age       ] GC(16) - age   5:     206568 bytes,    4380712 total
[2020-03-02T07:41:00.606+0000][1][gc,age       ] GC(16) - age   6:     569432 bytes,    4950144 total
[2020-03-02T07:41:00.606+0000][1][gc,heap      ] GC(16) ParNew: 72488K->6159K(76672K)
[2020-03-02T07:41:00.606+0000][1][gc,heap      ] GC(16) CMS: 15926K->16243K(963392K)
[2020-03-02T07:41:00.606+0000][1][gc,metaspace ] GC(16) Metaspace: 27344K->27344K(1075200K)
[2020-03-02T07:41:00.606+0000][1][gc           ] GC(16) Pause Young (Allocation Failure) 86M->21M(1015M) 44.662ms
[2020-03-02T07:41:00.606+0000][1][gc,cpu       ] GC(16) User=0.04s Sys=0.00s Real=0.05s
[2020-03-02T07:41:00.606+0000][1][safepoint    ] Safepoint "GenCollectForAllocation", Time since last: 315012980 ns, Reaching safepoint: 157929 ns, At safepoint: 44737484 ns, Total: 44895413 ns
[2020-03-02T07:41:01.629+0000][1][safepoint    ] Safepoint "Cleanup", Time since last: 1009366798 ns, Reaching safepoint: 13225239 ns, At safepoint: 10873 ns, Total: 13236112 ns
[2020-03-02T07:41:02.647+0000][1][safepoint    ] Safepoint "Cleanup", Time since last: 1012769792 ns, Reaching safepoint: 5236712 ns, At safepoint: 13287 ns, Total: 5249999 ns
[2020-03-02T07:41:03.658+0000][1][safepoint    ] Safepoint "Cleanup", Time since last: 1004824046 ns, Reaching safepoint: 6434207 ns, At safepoint: 18689 ns, Total: 6452896 ns
[2020-03-02T07:41:04.154+0000][1][gc,start     ] GC(17) Pause Young (Allocation Failure)
[2020-03-02T07:41:04.154+0000][1][gc,task      ] GC(17) Using 1 workers of 1 for evacuation
[2020-03-02T07:41:04.234+0000][1][gc,age       ] GC(17) Desired survivor size 4358144 bytes, new threshold 1 (max threshold 6)
[2020-03-02T07:41:04.234+0000][1][gc,age       ] GC(17) Age table with threshold 1 (max threshold 6)
[2020-03-02T07:41:04.234+0000][1][gc,age       ] GC(17) - age   1:    5996240 bytes,    5996240 total
[2020-03-02T07:41:04.234+0000][1][gc,age       ] GC(17) - age   2:    2181208 bytes,    8177448 total
[2020-03-02T07:41:04.234+0000][1][gc,age       ] GC(17) - age   3:     152248 bytes,    8329696 total
[2020-03-02T07:41:04.234+0000][1][gc,age       ] GC(17) - age   4:     294696 bytes,    8624392 total
[2020-03-02T07:41:04.234+0000][1][gc,age       ] GC(17) - age   5:      91672 bytes,    8716064 total
[2020-03-02T07:41:04.234+0000][1][gc,heap      ] GC(17) ParNew: 74319K->8512K(76672K)
[2020-03-02T07:41:04.234+0000][1][gc,heap      ] GC(17) CMS: 16243K->21582K(963392K)
[2020-03-02T07:41:04.234+0000][1][gc,metaspace ] GC(17) Metaspace: 28227K->28227K(1075200K)
[2020-03-02T07:41:04.234+0000][1][gc           ] GC(17) Pause Young (Allocation Failure) 88M->29M(1015M) 80.758ms
[2020-03-02T07:41:04.234+0000][1][gc,cpu       ] GC(17) User=0.07s Sys=0.00s Real=0.09s
[2020-03-02T07:41:04.234+0000][1][safepoint    ] Safepoint "GenCollectForAllocation", Time since last: 495721987 ns, Reaching safepoint: 49995 ns, At safepoint: 80808152 ns, Total: 80858147 ns
[2020-03-02T07:41:05.172+0000][1][safepoint    ] Safepoint "RevokeBias", Time since last: 937198041 ns, Reaching safepoint: 66381 ns, At safepoint: 29939 ns, Total: 96320 ns
[2020-03-02T07:41:05.702+0000][1][gc,start     ] GC(18) Pause Young (Allocation Failure)
[2020-03-02T07:41:05.702+0000][1][gc,task      ] GC(18) Using 1 workers of 1 for evacuation
[2020-03-02T07:41:05.834+0000][1][gc,age       ] GC(18) Desired survivor size 4358144 bytes, new threshold 1 (max threshold 6)
[2020-03-02T07:41:05.834+0000][1][gc,age       ] GC(18) Age table with threshold 1 (max threshold 6)
[2020-03-02T07:41:05.834+0000][1][gc,age       ] GC(18) - age   1:    8716224 bytes,    8716224 total
[2020-03-02T07:41:05.834+0000][1][gc,heap      ] GC(18) ParNew: 76672K->8512K(76672K)
[2020-03-02T07:41:05.834+0000][1][gc,heap      ] GC(18) CMS: 21582K->30866K(963392K)
[2020-03-02T07:41:05.834+0000][1][gc,metaspace ] GC(18) Metaspace: 28289K->28289K(1075200K)
[2020-03-02T07:41:05.834+0000][1][gc           ] GC(18) Pause Young (Allocation Failure) 95M->38M(1015M) 132.761ms
[2020-03-02T07:41:05.834+0000][1][gc,cpu       ] GC(18) User=0.13s Sys=0.00s Real=0.14s
[2020-03-02T07:41:05.834+0000][1][safepoint    ] Safepoint "GenCollectForAllocation", Time since last: 529824560 ns, Reaching safepoint: 76033 ns, At safepoint: 132868604 ns, Total: 132944637 ns
[2020-03-02T07:41:06.837+0000][1][safepoint    ] Safepoint "Cleanup", Time since last: 1002363601 ns, Reaching safepoint: 46099 ns, At safepoint: 6815 ns, Total: 52914 ns
[2020-03-02T07:41:07.066+0000][1][safepoint    ] Safepoint "RevokeBias", Time since last: 228954454 ns, Reaching safepoint: 28776 ns, At safepoint: 29635 ns, Total: 58411 ns
[2020-03-02T07:41:07.510+0000][1][gc,start     ] GC(19) Pause Young (Allocation Failure)
[2020-03-02T07:41:07.511+0000][1][gc,task      ] GC(19) Using 1 workers of 1 for evacuation
[2020-03-02T07:41:07.561+0000][1][gc,age       ] GC(19) Desired survivor size 4358144 bytes, new threshold 1 (max threshold 6)
[2020-03-02T07:41:07.561+0000][1][gc,age       ] GC(19) Age table with threshold 1 (max threshold 6)
[2020-03-02T07:41:07.561+0000][1][gc,age       ] GC(19) - age   1:    6876112 bytes,    6876112 total
[2020-03-02T07:41:07.561+0000][1][gc,heap      ] GC(19) ParNew: 76672K->8254K(76672K)
[2020-03-02T07:41:07.561+0000][1][gc,heap      ] GC(19) CMS: 30866K->39309K(963392K)
[2020-03-02T07:41:07.561+0000][1][gc,metaspace ] GC(19) Metaspace: 30909K->30909K(1077248K)
[2020-03-02T07:41:07.561+0000][1][gc           ] GC(19) Pause Young (Allocation Failure) 105M->46M(1015M) 50.544ms
[2020-03-02T07:41:07.561+0000][1][gc,cpu       ] GC(19) User=0.05s Sys=0.00s Real=0.05s
[2020-03-02T07:41:07.561+0000][1][safepoint    ] Safepoint "GenCollectForAllocation", Time since last: 444456808 ns, Reaching safepoint: 42996 ns, At safepoint: 50593327 ns, Total: 50636323 ns
[2020-03-02T07:41:07.727+0000][1][safepoint    ] Safepoint "RevokeBias", Time since last: 165681268 ns, Reaching safepoint: 38554 ns, At safepoint: 26635 ns, Total: 65189 ns
[2020-03-02T07:41:07.857+0000][1][safepoint    ] Safepoint "RevokeBias", Time since last: 130188347 ns, Reaching safepoint: 48324 ns, At safepoint: 86875 ns, Total: 135199 ns
[2020-03-02T07:41:07.871+0000][1][safepoint    ] Safepoint "RevokeBias", Time since last: 13703300 ns, Reaching safepoint: 24723 ns, At safepoint: 42967 ns, Total: 67690 ns
[2020-03-02T07:41:07.895+0000][1][safepoint    ] Safepoint "RevokeBias", Time since last: 23792760 ns, Reaching safepoint: 30624 ns, At safepoint: 26555 ns, Total: 57179 ns
[2020-03-02T07:41:07.907+0000][1][safepoint    ] Safepoint "RevokeBias", Time since last: 12520670 ns, Reaching safepoint: 21524 ns, At safepoint: 24979 ns, Total: 46503 ns
[2020-03-02T07:41:07.920+0000][1][safepoint    ] Safepoint "RevokeBias", Time since last: 12795499 ns, Reaching safepoint: 243920 ns, At safepoint: 47109 ns, Total: 291029 ns
[2020-03-02T07:41:07.930+0000][1][safepoint    ] Safepoint "RevokeBias", Time since last: 9595837 ns, Reaching safepoint: 44171 ns, At safepoint: 47015 ns, Total: 91186 ns
[2020-03-02T07:41:07.937+0000][1][safepoint    ] Safepoint "RevokeBias", Time since last: 6675777 ns, Reaching safepoint: 19740 ns, At safepoint: 25014 ns, Total: 44754 ns
[2020-03-02T07:41:08.292+0000][1][safepoint    ] Safepoint "CollectForMetadataAllocation", Time since last: 354733326 ns, Reaching safepoint: 44253 ns, At safepoint: 171531 ns, Total: 215784 ns
[2020-03-02T07:41:08.335+0000][1][safepoint    ] Safepoint "CollectForMetadataAllocation", Time since last: 43123083 ns, Reaching safepoint: 40549 ns, At safepoint: 345155 ns, Total: 385704 ns
[2020-03-02T07:41:08.375+0000][1][safepoint    ] Safepoint "CollectForMetadataAllocation", Time since last: 39264563 ns, Reaching safepoint: 32686 ns, At safepoint: 370730 ns, Total: 403416 ns
[2020-03-02T07:41:08.578+0000][1][gc,start     ] GC(20) Pause Young (Allocation Failure)
[2020-03-02T07:41:08.578+0000][1][gc,task      ] GC(20) Using 1 workers of 1 for evacuation
[2020-03-02T07:41:08.632+0000][1][gc,age       ] GC(20) Desired survivor size 4358144 bytes, new threshold 6 (max threshold 6)
[2020-03-02T07:41:08.632+0000][1][gc,age       ] GC(20) Age table with threshold 6 (max threshold 6)
[2020-03-02T07:41:08.632+0000][1][gc,age       ] GC(20) - age   1:    1198760 bytes,    1198760 total
[2020-03-02T07:41:08.632+0000][1][gc,heap      ] GC(20) ParNew: 76414K->7099K(76672K)
[2020-03-02T07:41:08.632+0000][1][gc,heap      ] GC(20) CMS: 39309K->46029K(963392K)
[2020-03-02T07:41:08.632+0000][1][gc,metaspace ] GC(20) Metaspace: 34188K->34188K(1081344K)
[2020-03-02T07:41:08.632+0000][1][gc           ] GC(20) Pause Young (Allocation Failure) 113M->51M(1015M) 54.472ms
[2020-03-02T07:41:08.632+0000][1][gc,cpu       ] GC(20) User=0.05s Sys=0.00s Real=0.05s
[2020-03-02T07:41:08.632+0000][1][safepoint    ] Safepoint "GenCollectForAllocation", Time since last: 202624155 ns, Reaching safepoint: 42107 ns, At safepoint: 54579457 ns, Total: 54621564 ns
[2020-03-02T07:41:08.647+0000][1][gc,start     ] GC(21) Pause Initial Mark
[2020-03-02T07:41:08.659+0000][1][gc           ] GC(21) Pause Initial Mark 61M->61M(1015M) 12.620ms
[2020-03-02T07:41:08.659+0000][1][gc,cpu       ] GC(21) User=0.01s Sys=0.00s Real=0.01s
[2020-03-02T07:41:08.660+0000][1][safepoint    ] Safepoint "CMS_Initial_Mark", Time since last: 13501441 ns, Reaching safepoint: 1186291 ns, At safepoint: 12718858 ns, Total: 13905149 ns
[2020-03-02T07:41:08.670+0000][1][gc           ] GC(21) Concurrent Mark
[2020-03-02T07:41:08.874+0000][1][gc           ] GC(21) Concurrent Mark 203.526ms
[2020-03-02T07:41:08.874+0000][1][gc,cpu       ] GC(21) User=0.19s Sys=0.01s Real=0.21s
[2020-03-02T07:41:08.874+0000][1][gc           ] GC(21) Concurrent Preclean
[2020-03-02T07:41:08.886+0000][1][gc           ] GC(21) Concurrent Preclean 12.084ms
[2020-03-02T07:41:08.886+0000][1][gc,cpu       ] GC(21) User=0.01s Sys=0.00s Real=0.01s
[2020-03-02T07:41:08.886+0000][1][gc           ] GC(21) Concurrent Abortable Preclean
[2020-03-02T07:41:08.942+0000][1][safepoint    ] Safepoint "CollectForMetadataAllocation", Time since last: 282681551 ns, Reaching safepoint: 55574 ns, At safepoint: 222551 ns, Total: 278125 ns
[2020-03-02T07:41:09.607+0000][1][safepoint    ] Safepoint "CollectForMetadataAllocation", Time since last: 663913406 ns, Reaching safepoint: 68066 ns, At safepoint: 708146 ns, Total: 776212 ns
[2020-03-02T07:41:09.713+0000][1][safepoint    ] Safepoint "CollectForMetadataAllocation", Time since last: 105929530 ns, Reaching safepoint: 55216 ns, At safepoint: 320983 ns, Total: 376199 ns
[2020-03-02T07:41:09.761+0000][1][safepoint    ] Safepoint "CollectForMetadataAllocation", Time since last: 47674507 ns, Reaching safepoint: 30331 ns, At safepoint: 86952 ns, Total: 117283 ns
[2020-03-02T07:41:09.881+0000][1][safepoint    ] Safepoint "CollectForMetadataAllocation", Time since last: 119328642 ns, Reaching safepoint: 114421 ns, At safepoint: 306881 ns, Total: 421302 ns
[2020-03-02T07:41:09.894+0000][1][gc,start     ] GC(22) Pause Young (Allocation Failure)
[2020-03-02T07:41:09.894+0000][1][gc,task      ] GC(22) Using 1 workers of 1 for evacuation
[2020-03-02T07:41:09.916+0000][1][gc,age       ] GC(22) Desired survivor size 4358144 bytes, new threshold 6 (max threshold 6)
[2020-03-02T07:41:09.916+0000][1][gc,age       ] GC(22) Age table with threshold 6 (max threshold 6)
[2020-03-02T07:41:09.917+0000][1][gc,age       ] GC(22) - age   1:    1810368 bytes,    1810368 total
[2020-03-02T07:41:09.917+0000][1][gc,age       ] GC(22) - age   2:    1136776 bytes,    2947144 total
[2020-03-02T07:41:09.917+0000][1][gc,heap      ] GC(22) ParNew: 75259K->3988K(76672K)
[2020-03-02T07:41:09.917+0000][1][gc,heap      ] GC(22) CMS: 46029K->46029K(963392K)
[2020-03-02T07:41:09.917+0000][1][gc,metaspace ] GC(22) Metaspace: 35469K->35469K(1081344K)
[2020-03-02T07:41:09.917+0000][1][gc           ] GC(22) Pause Young (Allocation Failure) 118M->48M(1015M) 22.421ms
[2020-03-02T07:41:09.917+0000][1][gc,cpu       ] GC(22) User=0.03s Sys=0.00s Real=0.02s
[2020-03-02T07:41:09.917+0000][1][safepoint    ] Safepoint "GenCollectForAllocation", Time since last: 13103409 ns, Reaching safepoint: 40085 ns, At safepoint: 22468898 ns, Total: 22508983 ns
[2020-03-02T07:41:09.973+0000][1][safepoint    ] Safepoint "CollectForMetadataAllocation", Time since last: 56537286 ns, Reaching safepoint: 59976 ns, At safepoint: 257168 ns, Total: 317144 ns
[2020-03-02T07:41:10.022+0000][1][safepoint    ] Safepoint "CollectForMetadataAllocation", Time since last: 47899944 ns, Reaching safepoint: 44175 ns, At safepoint: 186857 ns, Total: 231032 ns
[2020-03-02T07:41:10.139+0000][1][safepoint    ] Safepoint "CollectForMetadataAllocation", Time since last: 116782610 ns, Reaching safepoint: 44810 ns, At safepoint: 319373 ns, Total: 364183 ns
[2020-03-02T07:41:10.265+0000][1][safepoint    ] Safepoint "CollectForMetadataAllocation", Time since last: 125814511 ns, Reaching safepoint: 340009 ns, At safepoint: 348206 ns, Total: 688215 ns
[2020-03-02T07:41:10.361+0000][1][safepoint    ] Safepoint "CollectForMetadataAllocation", Time since last: 89548672 ns, Reaching safepoint: 5634237 ns, At safepoint: 173821 ns, Total: 5808058 ns
[2020-03-02T07:41:10.415+0000][1][safepoint    ] Safepoint "CollectForMetadataAllocation", Time since last: 53777578 ns, Reaching safepoint: 35033 ns, At safepoint: 270036 ns, Total: 305069 ns
[2020-03-02T07:41:10.462+0000][1][safepoint    ] Safepoint "CollectForMetadataAllocation", Time since last: 47407703 ns, Reaching safepoint: 33774 ns, At safepoint: 273179 ns, Total: 306953 ns
[2020-03-02T07:41:10.569+0000][1][safepoint    ] Safepoint "RevokeBias", Time since last: 106596737 ns, Reaching safepoint: 41252 ns, At safepoint: 57637 ns, Total: 98889 ns
[2020-03-02T07:41:10.585+0000][1][safepoint    ] Safepoint "Deoptimize", Time since last: 15317799 ns, Reaching safepoint: 51125 ns, At safepoint: 611482 ns, Total: 662607 ns
[2020-03-02T07:41:10.622+0000][1][safepoint    ] Safepoint "CollectForMetadataAllocation", Time since last: 36486804 ns, Reaching safepoint: 42124 ns, At safepoint: 256615 ns, Total: 298739 ns
[2020-03-02T07:41:10.802+0000][1][safepoint    ] Safepoint "CollectForMetadataAllocation", Time since last: 179828650 ns, Reaching safepoint: 62958 ns, At safepoint: 207025 ns, Total: 269983 ns
[2020-03-02T07:41:10.826+0000][1][safepoint    ] Safepoint "CollectForMetadataAllocation", Time since last: 24229292 ns, Reaching safepoint: 38692 ns, At safepoint: 161714 ns, Total: 200406 ns
[2020-03-02T07:41:10.915+0000][1][safepoint    ] Safepoint "CollectForMetadataAllocation", Time since last: 88262994 ns, Reaching safepoint: 61552 ns, At safepoint: 184702 ns, Total: 246254 ns
[2020-03-02T07:41:10.946+0000][1][safepoint    ] Safepoint "CollectForMetadataAllocation", Time since last: 31232602 ns, Reaching safepoint: 92269 ns, At safepoint: 182062 ns, Total: 274331 ns
[2020-03-02T07:41:10.999+0000][1][safepoint    ] Safepoint "CollectForMetadataAllocation", Time since last: 52736195 ns, Reaching safepoint: 72228 ns, At safepoint: 213044 ns, Total: 285272 ns
[2020-03-02T07:41:11.038+0000][1][safepoint    ] Safepoint "CollectForMetadataAllocation", Time since last: 38023731 ns, Reaching safepoint: 37219 ns, At safepoint: 194402 ns, Total: 231621 ns
[2020-03-02T07:41:11.084+0000][1][safepoint    ] Safepoint "CollectForMetadataAllocation", Time since last: 45967232 ns, Reaching safepoint: 46306 ns, At safepoint: 362358 ns, Total: 408664 ns
[2020-03-02T07:41:11.133+0000][1][safepoint    ] Safepoint "CollectForMetadataAllocation", Time since last: 48289825 ns, Reaching safepoint: 122762 ns, At safepoint: 239109 ns, Total: 361871 ns
[2020-03-02T07:41:11.189+0000][1][safepoint    ] Safepoint "CollectForMetadataAllocation", Time since last: 56319482 ns, Reaching safepoint: 103917 ns, At safepoint: 230785 ns, Total: 334702 ns
[2020-03-02T07:41:11.309+0000][1][safepoint    ] Safepoint "CollectForMetadataAllocation", Time since last: 119459061 ns, Reaching safepoint: 38114 ns, At safepoint: 139852 ns, Total: 177966 ns
[2020-03-02T07:41:11.358+0000][1][safepoint    ] Safepoint "CollectForMetadataAllocation", Time since last: 48431352 ns, Reaching safepoint: 34463 ns, At safepoint: 218630 ns, Total: 253093 ns
[2020-03-02T07:41:11.475+0000][1][safepoint    ] Safepoint "CollectForMetadataAllocation", Time since last: 111868360 ns, Reaching safepoint: 5564639 ns, At safepoint: 142616 ns, Total: 5707255 ns
[2020-03-02T07:41:11.512+0000][1][safepoint    ] Safepoint "CollectForMetadataAllocation", Time since last: 31079596 ns, Reaching safepoint: 5766314 ns, At safepoint: 163482 ns, Total: 5929796 ns
[2020-03-02T07:41:11.707+0000][1][safepoint    ] Safepoint "CollectForMetadataAllocation", Time since last: 194096139 ns, Reaching safepoint: 16727 ns, At safepoint: 313616 ns, Total: 330343 ns
[2020-03-02T07:41:11.829+0000][1][safepoint    ] Safepoint "CollectForMetadataAllocation", Time since last: 114685712 ns, Reaching safepoint: 7362231 ns, At safepoint: 198714 ns, Total: 7560945 ns
[2020-03-02T07:41:11.897+0000][1][gc           ] GC(21) Concurrent Abortable Preclean 3011.349ms
[2020-03-02T07:41:11.897+0000][1][gc,cpu       ] GC(21) User=2.61s Sys=0.15s Real=3.01s
[2020-03-02T07:41:11.907+0000][1][gc,start     ] GC(21) Pause Remark
[2020-03-02T07:41:11.994+0000][1][gc           ] GC(21) Pause Remark 82M->82M(1015M) 87.309ms
[2020-03-02T07:41:11.994+0000][1][gc,cpu       ] GC(21) User=0.08s Sys=0.00s Real=0.09s
[2020-03-02T07:41:11.994+0000][1][safepoint    ] Safepoint "CMS_Final_Remark", Time since last: 68531376 ns, Reaching safepoint: 9047228 ns, At safepoint: 87427987 ns, Total: 96475215 ns
[2020-03-02T07:41:12.002+0000][1][gc           ] GC(21) Concurrent Sweep
[2020-03-02T07:41:12.049+0000][1][safepoint    ] Safepoint "CollectForMetadataAllocation", Time since last: 53647881 ns, Reaching safepoint: 745370 ns, At safepoint: 160276 ns, Total: 905646 ns
[2020-03-02T07:41:12.083+0000][1][gc           ] GC(21) Concurrent Sweep 81.876ms
[2020-03-02T07:41:12.083+0000][1][gc,cpu       ] GC(21) User=0.08s Sys=0.00s Real=0.08s
[2020-03-02T07:41:12.083+0000][1][gc           ] GC(21) Concurrent Reset
[2020-03-02T07:41:12.085+0000][1][gc           ] GC(21) Concurrent Reset 1.139ms
[2020-03-02T07:41:12.085+0000][1][gc,cpu       ] GC(21) User=0.00s Sys=0.00s Real=0.01s
[2020-03-02T07:41:12.085+0000][1][gc,heap      ] GC(21) Old: 46029K->45821K(963392K)
[2020-03-02T07:41:12.288+0000][1][safepoint    ] Safepoint "RevokeBias", Time since last: 239253123 ns, Reaching safepoint: 37661 ns, At safepoint: 36031 ns, Total: 73692 ns
[2020-03-02T07:41:12.292+0000][1][safepoint    ] Safepoint "RevokeBias", Time since last: 3794385 ns, Reaching safepoint: 31803 ns, At safepoint: 41109 ns, Total: 72912 ns
[2020-03-02T07:41:12.292+0000][1][safepoint    ] Safepoint "RevokeBias", Time since last: 169750 ns, Reaching safepoint: 18287 ns, At safepoint: 26571 ns, Total: 44858 ns
[2020-03-02T07:41:13.300+0000][1][safepoint    ] Safepoint "Cleanup", Time since last: 1001779810 ns, Reaching safepoint: 6053927 ns, At safepoint: 11921 ns, Total: 6065848 ns
[2020-03-02T07:41:15.307+0000][1][safepoint    ] Safepoint "Cleanup", Time since last: 2006501977 ns, Reaching safepoint: 789142 ns, At safepoint: 9364 ns, Total: 798506 ns
[2020-03-02T07:41:15.594+0000][1][gc,start     ] GC(23) Pause Young (Allocation Failure)
[2020-03-02T07:41:15.594+0000][1][gc,task      ] GC(23) Using 1 workers of 1 for evacuation
[2020-03-02T07:41:15.644+0000][1][gc,age       ] GC(23) Desired survivor size 4358144 bytes, new threshold 2 (max threshold 6)
[2020-03-02T07:41:15.644+0000][1][gc,age       ] GC(23) Age table with threshold 2 (max threshold 6)
[2020-03-02T07:41:15.644+0000][1][gc,age       ] GC(23) - age   1:    2722016 bytes,    2722016 total
[2020-03-02T07:41:15.644+0000][1][gc,age       ] GC(23) - age   2:    1783776 bytes,    4505792 total
[2020-03-02T07:41:15.644+0000][1][gc,age       ] GC(23) - age   3:    1134568 bytes,    5640360 total
[2020-03-02T07:41:15.644+0000][1][gc,heap      ] GC(23) ParNew: 72148K->7971K(76672K)
[2020-03-02T07:41:15.644+0000][1][gc,heap      ] GC(23) CMS: 45821K->45821K(963392K)
[2020-03-02T07:41:15.644+0000][1][gc,metaspace ] GC(23) Metaspace: 44654K->44654K(1091584K)
[2020-03-02T07:41:15.644+0000][1][gc           ] GC(23) Pause Young (Allocation Failure) 115M->52M(1015M) 50.186ms
[2020-03-02T07:41:15.644+0000][1][gc,cpu       ] GC(23) User=0.05s Sys=0.00s Real=0.06s
[2020-03-02T07:41:15.644+0000][1][safepoint    ] Safepoint "GenCollectForAllocation", Time since last: 286404079 ns, Reaching safepoint: 52508 ns, At safepoint: 50255303 ns, Total: 50307811 ns
[2020-03-02T07:41:16.136+0000][1][safepoint    ] Safepoint "RevokeBias", Time since last: 491879131 ns, Reaching safepoint: 42802 ns, At safepoint: 108550 ns, Total: 151352 ns
[2020-03-02T07:41:16.140+0000][1][safepoint    ] Safepoint "RevokeBias", Time since last: 4282361 ns, Reaching safepoint: 59038 ns, At safepoint: 59248 ns, Total: 118286 ns
[2020-03-02T07:41:16.521+0000][1][safepoint    ] Safepoint "RevokeBias", Time since last: 381120875 ns, Reaching safepoint: 73281 ns, At safepoint: 34667 ns, Total: 107948 ns
[2020-03-02T07:41:16.573+0000][1][safepoint    ] Safepoint "RevokeBias", Time since last: 51677217 ns, Reaching safepoint: 28183 ns, At safepoint: 40033 ns, Total: 68216 ns
[2020-03-02T07:41:16.589+0000][1][safepoint    ] Safepoint "RevokeBias", Time since last: 16109099 ns, Reaching safepoint: 32448 ns, At safepoint: 43775 ns, Total: 76223 ns
[2020-03-02T07:41:17.233+0000][1][safepoint    ] Safepoint "RevokeBias", Time since last: 634462466 ns, Reaching safepoint: 9258490 ns, At safepoint: 41934 ns, Total: 9300424 ns
[2020-03-02T07:41:17.233+0000][1][safepoint    ] Safepoint "RevokeBias", Time since last: 211749 ns, Reaching safepoint: 53971 ns, At safepoint: 66453 ns, Total: 120424 ns
[2020-03-02T07:41:17.240+0000][1][safepoint    ] Safepoint "RevokeBias", Time since last: 2958759 ns, Reaching safepoint: 3872482 ns, At safepoint: 28101 ns, Total: 3900583 ns
[2020-03-02T07:41:17.245+0000][1][safepoint    ] Safepoint "RevokeBias", Time since last: 4406003 ns, Reaching safepoint: 161963 ns, At safepoint: 62236 ns, Total: 224199 ns
[2020-03-02T07:41:17.278+0000][1][safepoint    ] Safepoint "RevokeBias", Time since last: 25623555 ns, Reaching safepoint: 7857369 ns, At safepoint: 50488 ns, Total: 7907857 ns
[2020-03-02T07:41:17.285+0000][1][safepoint    ] Safepoint "RevokeBias", Time since last: 3167817 ns, Reaching safepoint: 2838823 ns, At safepoint: 48657 ns, Total: 2887480 ns
[2020-03-02T07:41:17.285+0000][1][safepoint    ] Safepoint "RevokeBias", Time since last: 157373 ns, Reaching safepoint: 505722 ns, At safepoint: 37649 ns, Total: 543371 ns
[2020-03-02T07:41:17.286+0000][1][safepoint    ] Safepoint "BulkRevokeBias", Time since last: 68642 ns, Reaching safepoint: 386029 ns, At safepoint: 73564 ns, Total: 459593 ns
[2020-03-02T07:41:17.286+0000][1][safepoint    ] Safepoint "RevokeBias", Time since last: 331682 ns, Reaching safepoint: 63170 ns, At safepoint: 107744 ns, Total: 170914 ns
[2020-03-02T07:41:17.286+0000][1][safepoint    ] Safepoint "RevokeBias", Time since last: 37622 ns, Reaching safepoint: 104803 ns, At safepoint: 36402 ns, Total: 141205 ns
[2020-03-02T07:41:17.287+0000][1][safepoint    ] Safepoint "RevokeBias", Time since last: 58968 ns, Reaching safepoint: 89841 ns, At safepoint: 33256 ns, Total: 123097 ns
[2020-03-02T07:41:17.287+0000][1][safepoint    ] Safepoint "RevokeBias", Time since last: 94398 ns, Reaching safepoint: 179896 ns, At safepoint: 38755 ns, Total: 218651 ns
[2020-03-02T07:41:17.645+0000][1][safepoint    ] Safepoint "RevokeBias", Time since last: 357970771 ns, Reaching safepoint: 133271 ns, At safepoint: 64514 ns, Total: 197785 ns
[2020-03-02T07:41:17.645+0000][1][safepoint    ] Safepoint "RevokeBias", Time since last: 121069 ns, Reaching safepoint: 27356 ns, At safepoint: 76277 ns, Total: 103633 ns
[2020-03-02T07:41:17.646+0000][1][safepoint    ] Safepoint "RevokeBias", Time since last: 149153 ns, Reaching safepoint: 43350 ns, At safepoint: 30507 ns, Total: 73857 ns
[2020-03-02T07:41:17.647+0000][1][safepoint    ] Safepoint "RevokeBias", Time since last: 1707473 ns, Reaching safepoint: 54425 ns, At safepoint: 38481 ns, Total: 92906 ns
[2020-03-02T07:41:17.652+0000][1][safepoint    ] Safepoint "RevokeBias", Time since last: 4455765 ns, Reaching safepoint: 40795 ns, At safepoint: 39196 ns, Total: 79991 ns
[2020-03-02T07:41:17.653+0000][1][safepoint    ] Safepoint "RevokeBias", Time since last: 984578 ns, Reaching safepoint: 28347 ns, At safepoint: 30815 ns, Total: 59162 ns
[2020-03-02T07:41:17.653+0000][1][safepoint    ] Safepoint "RevokeBias", Time since last: 122745 ns, Reaching safepoint: 21451 ns, At safepoint: 23455 ns, Total: 44906 ns
[2020-03-02T07:41:17.653+0000][1][safepoint    ] Safepoint "RevokeBias", Time since last: 29968 ns, Reaching safepoint: 17929 ns, At safepoint: 20909 ns, Total: 38838 ns
[2020-03-02T07:41:17.653+0000][1][safepoint    ] Safepoint "RevokeBias", Time since last: 27138 ns, Reaching safepoint: 17426 ns, At safepoint: 91368 ns, Total: 108794 ns
[2020-03-02T07:41:17.653+0000][1][safepoint    ] Safepoint "RevokeBias", Time since last: 48805 ns, Reaching safepoint: 21169 ns, At safepoint: 21197 ns, Total: 42366 ns
[2020-03-02T07:41:17.653+0000][1][safepoint    ] Safepoint "RevokeBias", Time since last: 24887 ns, Reaching safepoint: 17337 ns, At safepoint: 20426 ns, Total: 37763 ns
[2020-03-02T07:41:17.654+0000][1][safepoint    ] Safepoint "RevokeBias", Time since last: 24480 ns, Reaching safepoint: 17221 ns, At safepoint: 20532 ns, Total: 37753 ns
[2020-03-02T07:41:17.654+0000][1][safepoint    ] Safepoint "RevokeBias", Time since last: 24620 ns, Reaching safepoint: 17281 ns, At safepoint: 20491 ns, Total: 37772 ns
[2020-03-02T07:41:17.654+0000][1][safepoint    ] Safepoint "RevokeBias", Time since last: 24652 ns, Reaching safepoint: 17244 ns, At safepoint: 20415 ns, Total: 37659 ns
[2020-03-02T07:41:17.654+0000][1][safepoint    ] Safepoint "RevokeBias", Time since last: 26414 ns, Reaching safepoint: 17250 ns, At safepoint: 20229 ns, Total: 37479 ns
[2020-03-02T07:41:17.654+0000][1][safepoint    ] Safepoint "RevokeBias", Time since last: 45241 ns, Reaching safepoint: 18239 ns, At safepoint: 21254 ns, Total: 39493 ns
[2020-03-02T07:41:17.654+0000][1][safepoint    ] Safepoint "RevokeBias", Time since last: 29848 ns, Reaching safepoint: 63958 ns, At safepoint: 45302 ns, Total: 109260 ns
[2020-03-02T07:41:17.658+0000][1][safepoint    ] Safepoint "RevokeBias", Time since last: 4349131 ns, Reaching safepoint: 41595 ns, At safepoint: 29986 ns, Total: 71581 ns
[2020-03-02T07:41:17.684+0000][1][safepoint    ] Safepoint "RevokeBias", Time since last: 14819738 ns, Reaching safepoint: 10550647 ns, At safepoint: 45043 ns, Total: 10595690 ns
[2020-03-02T07:41:17.684+0000][1][safepoint    ] Safepoint "RevokeBias", Time since last: 301922 ns, Reaching safepoint: 25706 ns, At safepoint: 26289 ns, Total: 51995 ns
[2020-03-02T07:41:17.684+0000][1][safepoint    ] Safepoint "RevokeBias", Time since last: 42492 ns, Reaching safepoint: 18631 ns, At safepoint: 21449 ns, Total: 40080 ns
[2020-03-02T07:41:17.684+0000][1][safepoint    ] Safepoint "RevokeBias", Time since last: 50557 ns, Reaching safepoint: 24516 ns, At safepoint: 23327 ns, Total: 47843 ns
[2020-03-02T07:41:17.684+0000][1][safepoint    ] Safepoint "RevokeBias", Time since last: 30436 ns, Reaching safepoint: 17867 ns, At safepoint: 20832 ns, Total: 38699 ns
[2020-03-02T07:41:17.684+0000][1][safepoint    ] Safepoint "RevokeBias", Time since last: 31943 ns, Reaching safepoint: 17816 ns, At safepoint: 20410 ns, Total: 38226 ns
[2020-03-02T07:41:17.685+0000][1][safepoint    ] Safepoint "RevokeBias", Time since last: 25654 ns, Reaching safepoint: 17440 ns, At safepoint: 20274 ns, Total: 37714 ns
[2020-03-02T07:41:17.685+0000][1][safepoint    ] Safepoint "RevokeBias", Time since last: 24827 ns, Reaching safepoint: 17490 ns, At safepoint: 20059 ns, Total: 37549 ns
[2020-03-02T07:41:17.685+0000][1][safepoint    ] Safepoint "BulkRevokeBias", Time since last: 24995 ns, Reaching safepoint: 17642 ns, At safepoint: 72871 ns, Total: 90513 ns
[2020-03-02T07:41:17.685+0000][1][safepoint    ] Safepoint "RevokeBias", Time since last: 228605 ns, Reaching safepoint: 22343 ns, At safepoint: 25896 ns, Total: 48239 ns
[2020-03-02T07:41:17.685+0000][1][safepoint    ] Safepoint "RevokeBias", Time since last: 317057 ns, Reaching safepoint: 22315 ns, At safepoint: 47096 ns, Total: 69411 ns
[2020-03-02T07:41:17.686+0000][1][safepoint    ] Safepoint "RevokeBias", Time since last: 130800 ns, Reaching safepoint: 44908 ns, At safepoint: 48493 ns, Total: 93401 ns
[2020-03-02T07:41:17.686+0000][1][safepoint    ] Safepoint "RevokeBias", Time since last: 54117 ns, Reaching safepoint: 20683 ns, At safepoint: 45175 ns, Total: 65858 ns
[2020-03-02T07:41:17.686+0000][1][safepoint    ] Safepoint "RevokeBias", Time since last: 125135 ns, Reaching safepoint: 19750 ns, At safepoint: 41499 ns, Total: 61249 ns
[2020-03-02T07:41:17.686+0000][1][safepoint    ] Safepoint "RevokeBias", Time since last: 307725 ns, Reaching safepoint: 30146 ns, At safepoint: 22675 ns, Total: 52821 ns
[2020-03-02T07:41:17.686+0000][1][safepoint    ] Safepoint "RevokeBias", Time since last: 32384 ns, Reaching safepoint: 20187 ns, At safepoint: 19848 ns, Total: 40035 ns
[2020-03-02T07:41:17.686+0000][1][safepoint    ] Safepoint "RevokeBias", Time since last: 25396 ns, Reaching safepoint: 19563 ns, At safepoint: 19563 ns, Total: 39126 ns
[2020-03-02T07:41:17.686+0000][1][safepoint    ] Safepoint "RevokeBias", Time since last: 24730 ns, Reaching safepoint: 19494 ns, At safepoint: 19535 ns, Total: 39029 ns
[2020-03-02T07:41:17.687+0000][1][safepoint    ] Safepoint "RevokeBias", Time since last: 24580 ns, Reaching safepoint: 19439 ns, At safepoint: 19438 ns, Total: 38877 ns
[2020-03-02T07:41:17.687+0000][1][safepoint    ] Safepoint "RevokeBias", Time since last: 26199 ns, Reaching safepoint: 19385 ns, At safepoint: 19522 ns, Total: 38907 ns
[2020-03-02T07:41:17.687+0000][1][safepoint    ] Safepoint "RevokeBias", Time since last: 26091 ns, Reaching safepoint: 19216 ns, At safepoint: 74964 ns, Total: 94180 ns
[2020-03-02T07:41:17.687+0000][1][safepoint    ] Safepoint "RevokeBias", Time since last: 54404 ns, Reaching safepoint: 23933 ns, At safepoint: 20769 ns, Total: 44702 ns
[2020-03-02T07:41:17.687+0000][1][safepoint    ] Safepoint "RevokeBias", Time since last: 24924 ns, Reaching safepoint: 19261 ns, At safepoint: 19845 ns, Total: 39106 ns
[2020-03-02T07:41:17.687+0000][1][safepoint    ] Safepoint "RevokeBias", Time since last: 26239 ns, Reaching safepoint: 19355 ns, At safepoint: 19259 ns, Total: 38614 ns
[2020-03-02T07:41:17.687+0000][1][safepoint    ] Safepoint "RevokeBias", Time since last: 24427 ns, Reaching safepoint: 19396 ns, At safepoint: 19295 ns, Total: 38691 ns
[2020-03-02T07:41:17.687+0000][1][safepoint    ] Safepoint "RevokeBias", Time since last: 24426 ns, Reaching safepoint: 19231 ns, At safepoint: 19170 ns, Total: 38401 ns
[2020-03-02T07:41:17.687+0000][1][safepoint    ] Safepoint "RevokeBias", Time since last: 25379 ns, Reaching safepoint: 19201 ns, At safepoint: 19406 ns, Total: 38607 ns
[2020-03-02T07:41:17.687+0000][1][safepoint    ] Safepoint "RevokeBias", Time since last: 24467 ns, Reaching safepoint: 19193 ns, At safepoint: 19298 ns, Total: 38491 ns
[2020-03-02T07:41:17.687+0000][1][safepoint    ] Safepoint "RevokeBias", Time since last: 24435 ns, Reaching safepoint: 19267 ns, At safepoint: 19338 ns, Total: 38605 ns
[2020-03-02T07:41:17.687+0000][1][safepoint    ] Safepoint "BulkRevokeBias", Time since last: 114211 ns, Reaching safepoint: 24998 ns, At safepoint: 108722 ns, Total: 133720 ns
[2020-03-02T07:41:17.695+0000][1][safepoint    ] Safepoint "RevokeBias", Time since last: 3936624 ns, Reaching safepoint: 3471017 ns, At safepoint: 31135 ns, Total: 3502152 ns
[2020-03-02T07:41:17.695+0000][1][safepoint    ] Safepoint "RevokeBias", Time since last: 164756 ns, Reaching safepoint: 26616 ns, At safepoint: 25793 ns, Total: 52409 ns
[2020-03-02T07:41:17.704+0000][1][safepoint    ] Safepoint "RevokeBias", Time since last: 5643591 ns, Reaching safepoint: 3092764 ns, At safepoint: 46294 ns, Total: 3139058 ns
[2020-03-02T07:41:17.707+0000][1][safepoint    ] Safepoint "RevokeBias", Time since last: 83400 ns, Reaching safepoint: 2852166 ns, At safepoint: 87109 ns, Total: 2939275 ns
[2020-03-02T07:41:17.710+0000][1][safepoint    ] Safepoint "RevokeBias", Time since last: 3373120 ns, Reaching safepoint: 38040 ns, At safepoint: 58804 ns, Total: 96844 ns
[2020-03-02T07:41:17.711+0000][1][safepoint    ] Safepoint "RevokeBias", Time since last: 61113 ns, Reaching safepoint: 23221 ns, At safepoint: 32600 ns, Total: 55821 ns
[2020-03-02T07:41:17.711+0000][1][safepoint    ] Safepoint "RevokeBias", Time since last: 233531 ns, Reaching safepoint: 21515 ns, At safepoint: 29736 ns, Total: 51251 ns
[2020-03-02T07:41:17.711+0000][1][safepoint    ] Safepoint "RevokeBias", Time since last: 120370 ns, Reaching safepoint: 20308 ns, At safepoint: 43722 ns, Total: 64030 ns
[2020-03-02T07:41:17.711+0000][1][safepoint    ] Safepoint "RevokeBias", Time since last: 380242 ns, Reaching safepoint: 24355 ns, At safepoint: 32080 ns, Total: 56435 ns
[2020-03-02T07:41:17.712+0000][1][safepoint    ] Safepoint "RevokeBias", Time since last: 410322 ns, Reaching safepoint: 23736 ns, At safepoint: 31650 ns, Total: 55386 ns
[2020-03-02T07:41:17.712+0000][1][safepoint    ] Safepoint "RevokeBias", Time since last: 72335 ns, Reaching safepoint: 19986 ns, At safepoint: 31605 ns, Total: 51591 ns
[2020-03-02T07:41:17.712+0000][1][safepoint    ] Safepoint "RevokeBias", Time since last: 220569 ns, Reaching safepoint: 42196 ns, At safepoint: 30471 ns, Total: 72667 ns
[2020-03-02T07:41:17.717+0000][1][safepoint    ] Safepoint "RevokeBias", Time since last: 4685940 ns, Reaching safepoint: 47473 ns, At safepoint: 107893 ns, Total: 155366 ns
[2020-03-02T07:41:17.718+0000][1][safepoint    ] Safepoint "RevokeBias", Time since last: 266084 ns, Reaching safepoint: 33504 ns, At safepoint: 40383 ns, Total: 73887 ns
[2020-03-02T07:41:17.718+0000][1][safepoint    ] Safepoint "RevokeBias", Time since last: 37641 ns, Reaching safepoint: 24468 ns, At safepoint: 68547 ns, Total: 93015 ns
[2020-03-02T07:41:17.719+0000][1][safepoint    ] Safepoint "RevokeBias", Time since last: 1615098 ns, Reaching safepoint: 50872 ns, At safepoint: 114257 ns, Total: 165129 ns
[2020-03-02T07:41:17.735+0000][1][safepoint    ] Safepoint "RevokeBias", Time since last: 3394206 ns, Reaching safepoint: 11984442 ns, At safepoint: 72510 ns, Total: 12056952 ns
[2020-03-02T07:41:17.741+0000][1][safepoint    ] Safepoint "RevokeBias", Time since last: 5816331 ns, Reaching safepoint: 132413 ns, At safepoint: 27207 ns, Total: 159620 ns
[2020-03-02T07:41:18.103+0000][1][gc,start     ] GC(24) Pause Young (Allocation Failure)
[2020-03-02T07:41:18.103+0000][1][gc,task      ] GC(24) Using 1 workers of 1 for evacuation
[2020-03-02T07:41:18.154+0000][1][gc,age       ] GC(24) Desired survivor size 4358144 bytes, new threshold 2 (max threshold 6)
[2020-03-02T07:41:18.154+0000][1][gc,age       ] GC(24) Age table with threshold 2 (max threshold 6)
[2020-03-02T07:41:18.154+0000][1][gc,age       ] GC(24) - age   1:    2744240 bytes,    2744240 total
[2020-03-02T07:41:18.154+0000][1][gc,age       ] GC(24) - age   2:    2611256 bytes,    5355496 total
[2020-03-02T07:41:18.154+0000][1][gc,heap      ] GC(24) ParNew: 76131K->8512K(76672K)
[2020-03-02T07:41:18.154+0000][1][gc,heap      ] GC(24) CMS: 45821K->48744K(963392K)
[2020-03-02T07:41:18.154+0000][1][gc,metaspace ] GC(24) Metaspace: 49855K->49855K(1095680K)
[2020-03-02T07:41:18.154+0000][1][gc           ] GC(24) Pause Young (Allocation Failure) 119M->55M(1015M) 51.400ms
[2020-03-02T07:41:18.154+0000][1][gc,cpu       ] GC(24) User=0.05s Sys=0.00s Real=0.06s
[2020-03-02T07:41:18.154+0000][1][safepoint    ] Safepoint "GenCollectForAllocation", Time since last: 361864983 ns, Reaching safepoint: 102291 ns, At safepoint: 51452647 ns, Total: 51554938 ns
[2020-03-02T07:41:18.166+0000][1][safepoint    ] Safepoint "RevokeBias", Time since last: 11943388 ns, Reaching safepoint: 35931 ns, At safepoint: 11099 ns, Total: 47030 ns
[2020-03-02T07:41:18.166+0000][1][safepoint    ] Safepoint "RevokeBias", Time since last: 94752 ns, Reaching safepoint: 21240 ns, At safepoint: 9651 ns, Total: 30891 ns
[2020-03-02T07:41:18.166+0000][1][safepoint    ] Safepoint "RevokeBias", Time since last: 34803 ns, Reaching safepoint: 16066 ns, At safepoint: 8442 ns, Total: 24508 ns
[2020-03-02T07:41:18.166+0000][1][safepoint    ] Safepoint "RevokeBias", Time since last: 24667 ns, Reaching safepoint: 15379 ns, At safepoint: 8138 ns, Total: 23517 ns
[2020-03-02T07:41:18.167+0000][1][safepoint    ] Safepoint "RevokeBias", Time since last: 38310 ns, Reaching safepoint: 15645 ns, At safepoint: 8223 ns, Total: 23868 ns
[2020-03-02T07:41:18.214+0000][1][safepoint    ] Safepoint "RevokeBias", Time since last: 46989869 ns, Reaching safepoint: 110915 ns, At safepoint: 46426 ns, Total: 157341 ns
[2020-03-02T07:41:18.214+0000][1][safepoint    ] Safepoint "RevokeBias", Time since last: 62000 ns, Reaching safepoint: 21109 ns, At safepoint: 10014 ns, Total: 31123 ns
[2020-03-02T07:41:18.297+0000][1][safepoint    ] Safepoint "RevokeBias", Time since last: 82767810 ns, Reaching safepoint: 66681 ns, At safepoint: 12944 ns, Total: 79625 ns
[2020-03-02T07:41:18.297+0000][1][safepoint    ] Safepoint "RevokeBias", Time since last: 173394 ns, Reaching safepoint: 22101 ns, At safepoint: 8386 ns, Total: 30487 ns
[2020-03-02T07:41:18.298+0000][1][safepoint    ] Safepoint "RevokeBias", Time since last: 655698 ns, Reaching safepoint: 24446 ns, At safepoint: 8813 ns, Total: 33259 ns
[2020-03-02T07:41:18.298+0000][1][safepoint    ] Safepoint "RevokeBias", Time since last: 44768 ns, Reaching safepoint: 18993 ns, At safepoint: 7471 ns, Total: 26464 ns
[2020-03-02T07:41:19.231+0000][1][safepoint    ] Safepoint "RevokeBias", Time since last: 933269245 ns, Reaching safepoint: 440919 ns, At safepoint: 16571 ns, Total: 457490 ns
[2020-03-02T07:41:19.263+0000][1][safepoint    ] Safepoint "RevokeBias", Time since last: 31342418 ns, Reaching safepoint: 43275 ns, At safepoint: 12267 ns, Total: 55542 ns
[2020-03-02T07:41:19.271+0000][1][safepoint    ] Safepoint "RevokeBias", Time since last: 8215145 ns, Reaching safepoint: 49515 ns, At safepoint: 13864 ns, Total: 63379 ns
[2020-03-02T07:41:19.356+0000][1][safepoint    ] Safepoint "RevokeBias", Time since last: 84148944 ns, Reaching safepoint: 426130 ns, At safepoint: 116924 ns, Total: 543054 ns
[2020-03-02T07:41:20.071+0000][1][gc,start     ] GC(25) Pause Young (Allocation Failure)
[2020-03-02T07:41:20.071+0000][1][gc,task      ] GC(25) Using 1 workers of 1 for evacuation
[2020-03-02T07:41:20.162+0000][1][gc,age       ] GC(25) Desired survivor size 4358144 bytes, new threshold 6 (max threshold 6)
[2020-03-02T07:41:20.162+0000][1][gc,age       ] GC(25) Age table with threshold 6 (max threshold 6)
[2020-03-02T07:41:20.162+0000][1][gc,age       ] GC(25) - age   1:    1656224 bytes,    1656224 total
[2020-03-02T07:41:20.162+0000][1][gc,age       ] GC(25) - age   2:    2685216 bytes,    4341440 total
[2020-03-02T07:41:20.162+0000][1][gc,heap      ] GC(25) ParNew: 76672K->5121K(76672K)
[2020-03-02T07:41:20.162+0000][1][gc,heap      ] GC(25) CMS: 48744K->51370K(963392K)
[2020-03-02T07:41:20.162+0000][1][gc,metaspace ] GC(25) Metaspace: 57213K->57213K(1101824K)
[2020-03-02T07:41:20.162+0000][1][gc           ] GC(25) Pause Young (Allocation Failure) 122M->55M(1015M) 91.446ms
[2020-03-02T07:41:20.162+0000][1][gc,cpu       ] GC(25) User=0.09s Sys=0.00s Real=0.09s
[2020-03-02T07:41:20.162+0000][1][safepoint    ] Safepoint "GenCollectForAllocation", Time since last: 715180860 ns, Reaching safepoint: 53756 ns, At safepoint: 91519770 ns, Total: 91573526 ns
[2020-03-02T07:41:20.167+0000][1][safepoint    ] Safepoint "RevokeBias", Time since last: 4836069 ns, Reaching safepoint: 26872 ns, At safepoint: 11536 ns, Total: 38408 ns
[2020-03-02T07:41:20.249+0000][1][safepoint    ] Safepoint "RevokeBias", Time since last: 72296831 ns, Reaching safepoint: 9667401 ns, At safepoint: 15578 ns, Total: 9682979 ns
[2020-03-02T07:41:20.255+0000][1][safepoint    ] Safepoint "Deoptimize", Time since last: 1913629 ns, Reaching safepoint: 3065266 ns, At safepoint: 487563 ns, Total: 3552829 ns
[2020-03-02T07:41:20.261+0000][1][safepoint    ] Safepoint "RevokeBias", Time since last: 5926582 ns, Reaching safepoint: 211876 ns, At safepoint: 26169 ns, Total: 238045 ns
[2020-03-02T07:41:20.988+0000][1][safepoint    ] Safepoint "Deoptimize", Time since last: 724518965 ns, Reaching safepoint: 1649405 ns, At safepoint: 1290995 ns, Total: 2940400 ns
[2020-03-02T07:41:21.147+0000][1][safepoint    ] Safepoint "RevokeBias", Time since last: 150036495 ns, Reaching safepoint: 8274833 ns, At safepoint: 36018 ns, Total: 8310851 ns
[2020-03-02T07:41:21.151+0000][1][safepoint    ] Safepoint "RevokeBias", Time since last: 3960082 ns, Reaching safepoint: 149182 ns, At safepoint: 35572 ns, Total: 184754 ns
[2020-03-02T07:41:21.151+0000][1][safepoint    ] Safepoint "RevokeBias", Time since last: 136456 ns, Reaching safepoint: 324889 ns, At safepoint: 34058 ns, Total: 358947 ns
[2020-03-02T07:41:21.154+0000][1][safepoint    ] Safepoint "RevokeBias", Time since last: 2648459 ns, Reaching safepoint: 306042 ns, At safepoint: 34897 ns, Total: 340939 ns
[2020-03-02T07:41:21.283+0000][1][safepoint    ] Safepoint "RevokeBias", Time since last: 128249002 ns, Reaching safepoint: 465915 ns, At safepoint: 15491 ns, Total: 481406 ns
[2020-03-02T07:41:21.583+0000][1][safepoint    ] Safepoint "RevokeBias", Time since last: 300139774 ns, Reaching safepoint: 83311 ns, At safepoint: 15344 ns, Total: 98655 ns
[2020-03-02T07:41:21.723+0000][1][safepoint    ] Safepoint "Deoptimize", Time since last: 138778326 ns, Reaching safepoint: 50303 ns, At safepoint: 833655 ns, Total: 883958 ns
[2020-03-02T07:41:21.740+0000][1][safepoint    ] Safepoint "RevokeBias", Time since last: 16677655 ns, Reaching safepoint: 53541 ns, At safepoint: 15094 ns, Total: 68635 ns
[2020-03-02T07:41:21.751+0000][1][safepoint    ] Safepoint "BulkRevokeBias", Time since last: 10734060 ns, Reaching safepoint: 52755 ns, At safepoint: 115610 ns, Total: 168365 ns
[2020-03-02T07:41:22.586+0000][1][gc,start     ] GC(26) Pause Young (Allocation Failure)
[2020-03-02T07:41:22.586+0000][1][gc,task      ] GC(26) Using 1 workers of 1 for evacuation
[2020-03-02T07:41:22.639+0000][1][gc,age       ] GC(26) Desired survivor size 4358144 bytes, new threshold 2 (max threshold 6)
[2020-03-02T07:41:22.639+0000][1][gc,age       ] GC(26) Age table with threshold 2 (max threshold 6)
[2020-03-02T07:41:22.639+0000][1][gc,age       ] GC(26) - age   1:    3620680 bytes,    3620680 total
[2020-03-02T07:41:22.639+0000][1][gc,age       ] GC(26) - age   2:    1510528 bytes,    5131208 total
[2020-03-02T07:41:22.639+0000][1][gc,age       ] GC(26) - age   3:    2666808 bytes,    7798016 total
[2020-03-02T07:41:22.639+0000][1][gc,heap      ] GC(26) ParNew: 73281K->8512K(76672K)
[2020-03-02T07:41:22.639+0000][1][gc,heap      ] GC(26) CMS: 51370K->51370K(963392K)
[2020-03-02T07:41:22.639+0000][1][gc,metaspace ] GC(26) Metaspace: 64439K->64439K(1107968K)
[2020-03-02T07:41:22.639+0000][1][gc           ] GC(26) Pause Young (Allocation Failure) 121M->58M(1015M) 52.334ms
[2020-03-02T07:41:22.639+0000][1][gc,cpu       ] GC(26) User=0.06s Sys=0.00s Real=0.05s
[2020-03-02T07:41:22.639+0000][1][safepoint    ] Safepoint "GenCollectForAllocation", Time since last: 835672157 ns, Reaching safepoint: 88223 ns, At safepoint: 52385271 ns, Total: 52473494 ns
[2020-03-02T07:41:23.091+0000][1][safepoint    ] Safepoint "Deoptimize", Time since last: 450929427 ns, Reaching safepoint: 65680 ns, At safepoint: 750384 ns, Total: 816064 ns
[2020-03-02T07:41:23.194+0000][1][safepoint    ] Safepoint "RevokeBias", Time since last: 102807155 ns, Reaching safepoint: 203087 ns, At safepoint: 68653 ns, Total: 271740 ns
[2020-03-02T07:41:23.194+0000][1][safepoint    ] Safepoint "RevokeBias", Time since last: 735229 ns, Reaching safepoint: 18662 ns, At safepoint: 19842 ns, Total: 38504 ns
[2020-03-02T07:41:23.195+0000][1][safepoint    ] Safepoint "RevokeBias", Time since last: 694355 ns, Reaching safepoint: 13811 ns, At safepoint: 25357 ns, Total: 39168 ns
[2020-03-02T07:41:23.196+0000][1][safepoint    ] Safepoint "RevokeBias", Time since last: 761772 ns, Reaching safepoint: 60190 ns, At safepoint: 31202 ns, Total: 91392 ns
[2020-03-02T07:41:23.196+0000][1][safepoint    ] Safepoint "RevokeBias", Time since last: 59353 ns, Reaching safepoint: 24622 ns, At safepoint: 25250 ns, Total: 49872 ns
[2020-03-02T07:41:23.197+0000][1][safepoint    ] Safepoint "RevokeBias", Time since last: 283222 ns, Reaching safepoint: 164474 ns, At safepoint: 55138 ns, Total: 219612 ns
[2020-03-02T07:41:23.197+0000][1][safepoint    ] Safepoint "RevokeBias", Time since last: 274493 ns, Reaching safepoint: 36454 ns, At safepoint: 30969 ns, Total: 67423 ns
[2020-03-02T07:41:23.197+0000][1][safepoint    ] Safepoint "RevokeBias", Time since last: 301175 ns, Reaching safepoint: 25896 ns, At safepoint: 20009 ns, Total: 45905 ns
[2020-03-02T07:41:23.197+0000][1][safepoint    ] Safepoint "RevokeBias", Time since last: 35548 ns, Reaching safepoint: 23490 ns, At safepoint: 18168 ns, Total: 41658 ns
[2020-03-02T07:41:23.198+0000][1][safepoint    ] Safepoint "RevokeBias", Time since last: 705425 ns, Reaching safepoint: 23577 ns, At safepoint: 20372 ns, Total: 43949 ns
[2020-03-02T07:41:23.199+0000][1][safepoint    ] Safepoint "RevokeBias", Time since last: 1062857 ns, Reaching safepoint: 29842 ns, At safepoint: 21697 ns, Total: 51539 ns
[2020-03-02T07:41:23.199+0000][1][safepoint    ] Safepoint "RevokeBias", Time since last: 87643 ns, Reaching safepoint: 23195 ns, At safepoint: 18762 ns, Total: 41957 ns
[2020-03-02T07:41:23.205+0000][1][safepoint    ] Safepoint "Deoptimize", Time since last: 4607002 ns, Reaching safepoint: 39993 ns, At safepoint: 680635 ns, Total: 720628 ns
[2020-03-02T07:41:23.224+0000][1][safepoint    ] Safepoint "RevokeBias", Time since last: 18878359 ns, Reaching safepoint: 48463 ns, At safepoint: 31039 ns, Total: 79502 ns
[2020-03-02T07:41:23.353+0000][1][safepoint    ] Safepoint "RevokeBias", Time since last: 129193793 ns, Reaching safepoint: 57361 ns, At safepoint: 17699 ns, Total: 75060 ns
[2020-03-02T07:41:23.441+0000][1][safepoint    ] Safepoint "RevokeBias", Time since last: 87693682 ns, Reaching safepoint: 39369 ns, At safepoint: 27829 ns, Total: 67198 ns
[2020-03-02T07:41:23.441+0000][1][safepoint    ] Safepoint "RevokeBias", Time since last: 169308 ns, Reaching safepoint: 26928 ns, At safepoint: 15332 ns, Total: 42260 ns
[2020-03-02T07:41:23.443+0000][1][safepoint    ] Safepoint "RevokeBias", Time since last: 1940584 ns, Reaching safepoint: 40070 ns, At safepoint: 19040 ns, Total: 59110 ns
[2020-03-02T07:41:23.443+0000][1][safepoint    ] Safepoint "RevokeBias", Time since last: 106175 ns, Reaching safepoint: 53895 ns, At safepoint: 33208 ns, Total: 87103 ns
[2020-03-02T07:41:23.444+0000][1][safepoint    ] Safepoint "RevokeBias", Time since last: 493181 ns, Reaching safepoint: 40230 ns, At safepoint: 53506 ns, Total: 93736 ns
[2020-03-02T07:41:23.444+0000][1][safepoint    ] Safepoint "RevokeBias", Time since last: 114239 ns, Reaching safepoint: 33164 ns, At safepoint: 15280 ns, Total: 48444 ns
[2020-03-02T07:41:23.444+0000][1][safepoint    ] Safepoint "RevokeBias", Time since last: 50783 ns, Reaching safepoint: 63072 ns, At safepoint: 12222 ns, Total: 75294 ns
[2020-03-02T07:41:23.445+0000][1][safepoint    ] Safepoint "RevokeBias", Time since last: 526141 ns, Reaching safepoint: 31705 ns, At safepoint: 14231 ns, Total: 45936 ns
[2020-03-02T07:41:23.445+0000][1][safepoint    ] Safepoint "RevokeBias", Time since last: 289468 ns, Reaching safepoint: 27257 ns, At safepoint: 13974 ns, Total: 41231 ns
[2020-03-02T07:41:23.445+0000][1][safepoint    ] Safepoint "RevokeBias", Time since last: 36398 ns, Reaching safepoint: 60027 ns, At safepoint: 22298 ns, Total: 82325 ns
[2020-03-02T07:41:23.445+0000][1][safepoint    ] Safepoint "RevokeBias", Time since last: 484966 ns, Reaching safepoint: 25762 ns, At safepoint: 13389 ns, Total: 39151 ns
[2020-03-02T07:41:23.453+0000][1][safepoint    ] Safepoint "RevokeBias", Time since last: 7322586 ns, Reaching safepoint: 75799 ns, At safepoint: 22759 ns, Total: 98558 ns
[2020-03-02T07:41:23.458+0000][1][safepoint    ] Safepoint "RevokeBias", Time since last: 4515108 ns, Reaching safepoint: 112525 ns, At safepoint: 57743 ns, Total: 170268 ns
[2020-03-02T07:41:23.537+0000][1][safepoint    ] Safepoint "RevokeBias", Time since last: 79181262 ns, Reaching safepoint: 255545 ns, At safepoint: 47658 ns, Total: 303203 ns
[2020-03-02T07:41:23.541+0000][1][safepoint    ] Safepoint "RevokeBias", Time since last: 3413798 ns, Reaching safepoint: 135617 ns, At safepoint: 18387 ns, Total: 154004 ns
[2020-03-02T07:41:23.552+0000][1][safepoint    ] Safepoint "RevokeBias", Time since last: 5860652 ns, Reaching safepoint: 5796768 ns, At safepoint: 33748 ns, Total: 5830516 ns
[2020-03-02T07:41:23.563+0000][1][safepoint    ] Safepoint "RevokeBias", Time since last: 10392442 ns, Reaching safepoint: 41113 ns, At safepoint: 16873 ns, Total: 57986 ns
[2020-03-02T07:41:23.563+0000][1][safepoint    ] Safepoint "RevokeBias", Time since last: 56447 ns, Reaching safepoint: 22072 ns, At safepoint: 11916 ns, Total: 33988 ns
[2020-03-02T07:41:23.563+0000][1][safepoint    ] Safepoint "RevokeBias", Time since last: 34343 ns, Reaching safepoint: 22653 ns, At safepoint: 11740 ns, Total: 34393 ns
[2020-03-02T07:41:23.612+0000][1][safepoint    ] Safepoint "RevokeBias", Time since last: 48731531 ns, Reaching safepoint: 100478 ns, At safepoint: 23505 ns, Total: 123983 ns
[2020-03-02T07:41:23.625+0000][1][safepoint    ] Safepoint "RevokeBias", Time since last: 13250453 ns, Reaching safepoint: 51006 ns, At safepoint: 15379 ns, Total: 66385 ns
[2020-03-02T07:41:23.631+0000][1][safepoint    ] Safepoint "RevokeBias", Time since last: 5706053 ns, Reaching safepoint: 43155 ns, At safepoint: 19463 ns, Total: 62618 ns
[2020-03-02T07:41:23.663+0000][1][safepoint    ] Safepoint "RevokeBias", Time since last: 31958496 ns, Reaching safepoint: 31996 ns, At safepoint: 16402 ns, Total: 48398 ns
[2020-03-02T07:41:23.664+0000][1][safepoint    ] Safepoint "RevokeBias", Time since last: 938302 ns, Reaching safepoint: 91444 ns, At safepoint: 32076 ns, Total: 123520 ns
[2020-03-02T07:41:23.664+0000][1][safepoint    ] Safepoint "RevokeBias", Time since last: 99303 ns, Reaching safepoint: 27395 ns, At safepoint: 8997 ns, Total: 36392 ns
[2020-03-02T07:41:23.671+0000][1][safepoint    ] Safepoint "RevokeBias", Time since last: 7059457 ns, Reaching safepoint: 57231 ns, At safepoint: 23662 ns, Total: 80893 ns
[2020-03-02T07:41:23.671+0000][1][safepoint    ] Safepoint "RevokeBias", Time since last: 179654 ns, Reaching safepoint: 37349 ns, At safepoint: 35462 ns, Total: 72811 ns
[2020-03-02T07:41:23.705+0000][1][safepoint    ] Safepoint "RevokeBias", Time since last: 33241168 ns, Reaching safepoint: 68831 ns, At safepoint: 19260 ns, Total: 88091 ns
[2020-03-02T07:41:23.709+0000][1][safepoint    ] Safepoint "RevokeBias", Time since last: 3716668 ns, Reaching safepoint: 37507 ns, At safepoint: 16082 ns, Total: 53589 ns
[2020-03-02T07:41:23.716+0000][1][safepoint    ] Safepoint "RevokeBias", Time since last: 7342550 ns, Reaching safepoint: 44266 ns, At safepoint: 17111 ns, Total: 61377 ns
[2020-03-02T07:41:23.749+0000][1][safepoint    ] Safepoint "RevokeBias", Time since last: 27359467 ns, Reaching safepoint: 5150260 ns, At safepoint: 25229 ns, Total: 5175489 ns
[2020-03-02T07:41:23.755+0000][1][safepoint    ] Safepoint "RevokeBias", Time since last: 2997911 ns, Reaching safepoint: 2959520 ns, At safepoint: 23760 ns, Total: 2983280 ns
[2020-03-02T07:41:23.757+0000][1][safepoint    ] Safepoint "RevokeBias", Time since last: 2386526 ns, Reaching safepoint: 42281 ns, At safepoint: 15236 ns, Total: 57517 ns
[2020-03-02T07:41:23.763+0000][1][safepoint    ] Safepoint "RevokeBias", Time since last: 5607653 ns, Reaching safepoint: 52985 ns, At safepoint: 18006 ns, Total: 70991 ns
[2020-03-02T07:41:23.838+0000][1][safepoint    ] Safepoint "BulkRevokeBias", Time since last: 68577131 ns, Reaching safepoint: 6344373 ns, At safepoint: 145671 ns, Total: 6490044 ns
[2020-03-02T07:41:23.885+0000][1][safepoint    ] Safepoint "RevokeBias", Time since last: 46763240 ns, Reaching safepoint: 63308 ns, At safepoint: 94548 ns, Total: 157856 ns
[2020-03-02T07:41:23.885+0000][1][safepoint    ] Safepoint "RevokeBias", Time since last: 442670 ns, Reaching safepoint: 37071 ns, At safepoint: 22230 ns, Total: 59301 ns
[2020-03-02T07:41:23.886+0000][1][safepoint    ] Safepoint "RevokeBias", Time since last: 331523 ns, Reaching safepoint: 34294 ns, At safepoint: 13656 ns, Total: 47950 ns
[2020-03-02T07:41:23.984+0000][1][safepoint    ] Safepoint "RevokeBias", Time since last: 87373939 ns, Reaching safepoint: 11011683 ns, At safepoint: 42505 ns, Total: 11054188 ns
[2020-03-02T07:41:23.999+0000][1][safepoint    ] Safepoint "RevokeBias", Time since last: 10277741 ns, Reaching safepoint: 4517343 ns, At safepoint: 49561 ns, Total: 4566904 ns
[2020-03-02T07:41:24.007+0000][1][safepoint    ] Safepoint "RevokeBias", Time since last: 3236210 ns, Reaching safepoint: 4593611 ns, At safepoint: 47020 ns, Total: 4640631 ns
[2020-03-02T07:41:24.010+0000][1][safepoint    ] Safepoint "RevokeBias", Time since last: 3617843 ns, Reaching safepoint: 53043 ns, At safepoint: 24877 ns, Total: 77920 ns
[2020-03-02T07:41:24.010+0000][1][safepoint    ] Safepoint "RevokeBias", Time since last: 80119 ns, Reaching safepoint: 30232 ns, At safepoint: 19356 ns, Total: 49588 ns
[2020-03-02T07:41:24.011+0000][1][safepoint    ] Safepoint "RevokeBias", Time since last: 44500 ns, Reaching safepoint: 28929 ns, At safepoint: 18437 ns, Total: 47366 ns
[2020-03-02T07:41:24.012+0000][1][safepoint    ] Safepoint "RevokeBias", Time since last: 1085885 ns, Reaching safepoint: 34551 ns, At safepoint: 21168 ns, Total: 55719 ns
[2020-03-02T07:41:24.013+0000][1][safepoint    ] Safepoint "RevokeBias", Time since last: 1065455 ns, Reaching safepoint: 33438 ns, At safepoint: 21047 ns, Total: 54485 ns
[2020-03-02T07:41:24.014+0000][1][safepoint    ] Safepoint "RevokeBias", Time since last: 676981 ns, Reaching safepoint: 30645 ns, At safepoint: 14714 ns, Total: 45359 ns
[2020-03-02T07:41:24.096+0000][1][safepoint    ] Safepoint "RevokeBias", Time since last: 43555567 ns, Reaching safepoint: 38846454 ns, At safepoint: 363429 ns, Total: 39209883 ns
[2020-03-02T07:41:24.098+0000][1][safepoint    ] Safepoint "RevokeBias", Time since last: 1732963 ns, Reaching safepoint: 101075 ns, At safepoint: 103243 ns, Total: 204318 ns
[2020-03-02T07:41:24.111+0000][1][safepoint    ] Safepoint "RevokeBias", Time since last: 5895774 ns, Reaching safepoint: 6329021 ns, At safepoint: 138090 ns, Total: 6467111 ns
[2020-03-02T07:41:24.116+0000][1][safepoint    ] Safepoint "RevokeBias", Time since last: 5169719 ns, Reaching safepoint: 67716 ns, At safepoint: 64141 ns, Total: 131857 ns
[2020-03-02T07:41:24.144+0000][1][safepoint    ] Safepoint "RevokeBias", Time since last: 21959761 ns, Reaching safepoint: 5048887 ns, At safepoint: 621692 ns, Total: 5670579 ns
[2020-03-02T07:41:24.151+0000][1][safepoint    ] Safepoint "RevokeBias", Time since last: 756194 ns, Reaching safepoint: 6216198 ns, At safepoint: 58774 ns, Total: 6274972 ns
[2020-03-02T07:41:24.154+0000][1][safepoint    ] Safepoint "RevokeBias", Time since last: 3309104 ns, Reaching safepoint: 168137 ns, At safepoint: 95975 ns, Total: 264112 ns
[2020-03-02T07:41:24.164+0000][1][safepoint    ] Safepoint "RevokeBias", Time since last: 3836661 ns, Reaching safepoint: 6238030 ns, At safepoint: 30966 ns, Total: 6268996 ns
[2020-03-02T07:41:24.182+0000][1][safepoint    ] Safepoint "RevokeBias", Time since last: 1483770 ns, Reaching safepoint: 15905097 ns, At safepoint: 35502 ns, Total: 15940599 ns
[2020-03-02T07:41:24.202+0000][1][safepoint    ] Safepoint "RevokeBias", Time since last: 552916 ns, Reaching safepoint: 20194077 ns, At safepoint: 41660 ns, Total: 20235737 ns
[2020-03-02T07:41:24.210+0000][1][safepoint    ] Safepoint "RevokeBias", Time since last: 4295379 ns, Reaching safepoint: 3191385 ns, At safepoint: 52544 ns, Total: 3243929 ns
[2020-03-02T07:41:24.255+0000][1][safepoint    ] Safepoint "RevokeBias", Time since last: 30130057 ns, Reaching safepoint: 14372786 ns, At safepoint: 19395 ns, Total: 14392181 ns
[2020-03-02T07:41:24.262+0000][1][safepoint    ] Safepoint "RevokeBias", Time since last: 4238772 ns, Reaching safepoint: 2851111 ns, At safepoint: 11906 ns, Total: 2863017 ns
[2020-03-02T07:41:24.271+0000][1][safepoint    ] Safepoint "RevokeBias", Time since last: 3192070 ns, Reaching safepoint: 5760883 ns, At safepoint: 24239 ns, Total: 5785122 ns
[2020-03-02T07:41:24.395+0000][1][safepoint    ] Safepoint "RevokeBias", Time since last: 124653153 ns, Reaching safepoint: 159180 ns, At safepoint: 9772 ns, Total: 168952 ns
[2020-03-02T07:41:24.402+0000][1][safepoint    ] Safepoint "RevokeBias", Time since last: 6894221 ns, Reaching safepoint: 63608 ns, At safepoint: 28432 ns, Total: 92040 ns
[2020-03-02T07:41:24.403+0000][1][safepoint    ] Safepoint "RevokeBias", Time since last: 391031 ns, Reaching safepoint: 51036 ns, At safepoint: 6018 ns, Total: 57054 ns
[2020-03-02T07:41:24.403+0000][1][safepoint    ] Safepoint "RevokeBias", Time since last: 41665 ns, Reaching safepoint: 39347 ns, At safepoint: 4338 ns, Total: 43685 ns
[2020-03-02T07:41:24.403+0000][1][safepoint    ] Safepoint "RevokeBias", Time since last: 222036 ns, Reaching safepoint: 77858 ns, At safepoint: 5372 ns, Total: 83230 ns
[2020-03-02T07:41:24.404+0000][1][safepoint    ] Safepoint "RevokeBias", Time since last: 915896 ns, Reaching safepoint: 49248 ns, At safepoint: 5182 ns, Total: 54430 ns
[2020-03-02T07:41:24.412+0000][1][safepoint    ] Safepoint "RevokeBias", Time since last: 7531708 ns, Reaching safepoint: 67808 ns, At safepoint: 6808 ns, Total: 74616 ns
[2020-03-02T07:41:24.427+0000][1][safepoint    ] Safepoint "RevokeBias", Time since last: 15386360 ns, Reaching safepoint: 46245 ns, At safepoint: 8894 ns, Total: 55139 ns
[2020-03-02T07:41:24.427+0000][1][safepoint    ] Safepoint "RevokeBias", Time since last: 117281 ns, Reaching safepoint: 24140 ns, At safepoint: 4044 ns, Total: 28184 ns
[2020-03-02T07:41:24.543+0000][1][safepoint    ] Safepoint "RevokeBias", Time since last: 112809936 ns, Reaching safepoint: 2248684 ns, At safepoint: 39409 ns, Total: 2288093 ns
[2020-03-02T07:41:24.552+0000][1][safepoint    ] Safepoint "RevokeBias", Time since last: 7380682 ns, Reaching safepoint: 1599757 ns, At safepoint: 12831 ns, Total: 1612588 ns
[2020-03-02T07:41:24.560+0000][1][safepoint    ] Safepoint "RevokeBias", Time since last: 8003150 ns, Reaching safepoint: 826502 ns, At safepoint: 12505 ns, Total: 839007 ns
[2020-03-02T07:41:24.602+0000][1][safepoint    ] Safepoint "RevokeBias", Time since last: 35253387 ns, Reaching safepoint: 5927189 ns, At safepoint: 15132 ns, Total: 5942321 ns
[2020-03-02T07:41:24.613+0000][1][safepoint    ] Safepoint "RevokeBias", Time since last: 4260592 ns, Reaching safepoint: 7122428 ns, At safepoint: 70570 ns, Total: 7192998 ns
[2020-03-02T07:41:24.637+0000][1][safepoint    ] Safepoint "RevokeBias", Time since last: 14902490 ns, Reaching safepoint: 9508579 ns, At safepoint: 14066 ns, Total: 9522645 ns
[2020-03-02T07:41:24.643+0000][1][safepoint    ] Safepoint "Deoptimize", Time since last: 4850259 ns, Reaching safepoint: 113053 ns, At safepoint: 997152 ns, Total: 1110205 ns
[2020-03-02T07:41:24.646+0000][1][gc,start     ] GC(27) Pause Young (Allocation Failure)
[2020-03-02T07:41:24.646+0000][1][gc,task      ] GC(27) Using 1 workers of 1 for evacuation
[2020-03-02T07:41:24.727+0000][1][gc,age       ] GC(27) Desired survivor size 4358144 bytes, new threshold 2 (max threshold 6)
[2020-03-02T07:41:24.727+0000][1][gc,age       ] GC(27) Age table with threshold 2 (max threshold 6)
[2020-03-02T07:41:24.727+0000][1][gc,age       ] GC(27) - age   1:    2267656 bytes,    2267656 total
[2020-03-02T07:41:24.727+0000][1][gc,age       ] GC(27) - age   2:    3526584 bytes,    5794240 total
[2020-03-02T07:41:24.727+0000][1][gc,heap      ] GC(27) ParNew: 76672K->6826K(76672K)
[2020-03-02T07:41:24.727+0000][1][gc,heap      ] GC(27) CMS: 51370K->55440K(963392K)
[2020-03-02T07:41:24.727+0000][1][gc,metaspace ] GC(27) Metaspace: 71480K->71480K(1114112K)
[2020-03-02T07:41:24.727+0000][1][gc           ] GC(27) Pause Young (Allocation Failure) 125M->60M(1015M) 81.504ms
[2020-03-02T07:41:24.727+0000][1][gc,cpu       ] GC(27) User=0.08s Sys=0.00s Real=0.08s
[2020-03-02T07:41:24.727+0000][1][safepoint    ] Safepoint "GenCollectForAllocation", Time since last: 2082411 ns, Reaching safepoint: 117949 ns, At safepoint: 81584438 ns, Total: 81702387 ns
[2020-03-02T07:41:24.765+0000][1][safepoint    ] Safepoint "RevokeBias", Time since last: 26853329 ns, Reaching safepoint: 10616929 ns, At safepoint: 67617 ns, Total: 10684546 ns
[2020-03-02T07:41:24.787+0000][1][safepoint    ] Safepoint "RevokeBias", Time since last: 10706659 ns, Reaching safepoint: 11344162 ns, At safepoint: 87012 ns, Total: 11431174 ns
[2020-03-02T07:41:24.791+0000][1][safepoint    ] Safepoint "RevokeBias", Time since last: 3760570 ns, Reaching safepoint: 37969 ns, At safepoint: 385714 ns, Total: 423683 ns
[2020-03-02T07:41:24.791+0000][1][safepoint    ] Safepoint "RevokeBias", Time since last: 53154 ns, Reaching safepoint: 60145 ns, At safepoint: 3281 ns, Total: 63426 ns
[2020-03-02T07:41:24.791+0000][1][safepoint    ] Safepoint "RevokeBias", Time since last: 28173 ns, Reaching safepoint: 41668 ns, At safepoint: 2777 ns, Total: 44445 ns
[2020-03-02T07:41:24.821+0000][1][safepoint    ] Safepoint "RevokeBias", Time since last: 15810076 ns, Reaching safepoint: 13746775 ns, At safepoint: 24510 ns, Total: 13771285 ns
[2020-03-02T07:41:24.840+0000][1][safepoint    ] Safepoint "RevokeBias", Time since last: 13488493 ns, Reaching safepoint: 6180000 ns, At safepoint: 12956 ns, Total: 6192956 ns
[2020-03-02T07:41:24.843+0000][1][safepoint    ] Safepoint "RevokeBias", Time since last: 77343 ns, Reaching safepoint: 2368879 ns, At safepoint: 24829 ns, Total: 2393708 ns
[2020-03-02T07:41:24.850+0000][1][safepoint    ] Safepoint "CollectForMetadataAllocation", Time since last: 6238698 ns, Reaching safepoint: 188339 ns, At safepoint: 342614 ns, Total: 530953 ns
[2020-03-02T07:41:24.863+0000][1][safepoint    ] Safepoint "CollectForMetadataAllocation", Time since last: 4146479 ns, Reaching safepoint: 9053278 ns, At safepoint: 31208 ns, Total: 9084486 ns
[2020-03-02T07:41:24.931+0000][1][safepoint    ] Safepoint "RevokeBias", Time since last: 59898723 ns, Reaching safepoint: 8430274 ns, At safepoint: 14787 ns, Total: 8445061 ns
[2020-03-02T07:41:24.934+0000][1][safepoint    ] Safepoint "RevokeBias", Time since last: 92989 ns, Reaching safepoint: 2242966 ns, At safepoint: 10814 ns, Total: 2253780 ns
[2020-03-02T07:41:24.946+0000][1][safepoint    ] Safepoint "RevokeBias", Time since last: 7920291 ns, Reaching safepoint: 4058586 ns, At safepoint: 13668 ns, Total: 4072254 ns
[2020-03-02T07:41:24.953+0000][1][safepoint    ] Safepoint "RevokeBias", Time since last: 2962050 ns, Reaching safepoint: 4189248 ns, At safepoint: 13244 ns, Total: 4202492 ns
[2020-03-02T07:41:24.964+0000][1][safepoint    ] Safepoint "CollectForMetadataAllocation", Time since last: 4888904 ns, Reaching safepoint: 5777803 ns, At safepoint: 279561 ns, Total: 6057364 ns
[2020-03-02T07:41:24.980+0000][1][safepoint    ] Safepoint "RevokeBias", Time since last: 16000408 ns, Reaching safepoint: 80700 ns, At safepoint: 7506 ns, Total: 88206 ns
[2020-03-02T07:41:24.987+0000][1][safepoint    ] Safepoint "BulkRevokeBias", Time since last: 4780842 ns, Reaching safepoint: 72705 ns, At safepoint: 1797491 ns, Total: 1870196 ns
[2020-03-02T07:41:24.987+0000][1][safepoint    ] Safepoint "RevokeBias", Time since last: 72110 ns, Reaching safepoint: 173794 ns, At safepoint: 8930 ns, Total: 182724 ns
[2020-03-02T07:41:24.987+0000][1][safepoint    ] Safepoint "RevokeBias", Time since last: 299756 ns, Reaching safepoint: 51320 ns, At safepoint: 4797 ns, Total: 56117 ns
[2020-03-02T07:41:24.989+0000][1][safepoint    ] Safepoint "CollectForMetadataAllocation", Time since last: 1373092 ns, Reaching safepoint: 140079 ns, At safepoint: 531331 ns, Total: 671410 ns
[2020-03-02T07:41:25.044+0000][1][safepoint    ] Safepoint "RevokeBias", Time since last: 50309017 ns, Reaching safepoint: 4268815 ns, At safepoint: 13408 ns, Total: 4282223 ns
[2020-03-02T07:41:25.059+0000][1][safepoint    ] Safepoint "BulkRevokeBias", Time since last: 105612 ns, Reaching safepoint: 2747454 ns, At safepoint: 12231930 ns, Total: 14979384 ns
[2020-03-02T07:41:25.072+0000][1][safepoint    ] Safepoint "RevokeBias", Time since last: 2241539 ns, Reaching safepoint: 10640324 ns, At safepoint: 15100 ns, Total: 10655424 ns
[2020-03-02T07:41:25.075+0000][1][safepoint    ] Safepoint "Deoptimize", Time since last: 1689435 ns, Reaching safepoint: 57667 ns, At safepoint: 1207423 ns, Total: 1265090 ns
[2020-03-02T07:41:25.102+0000][1][safepoint    ] Safepoint "CollectForMetadataAllocation", Time since last: 27039452 ns, Reaching safepoint: 105298 ns, At safepoint: 352339 ns, Total: 457637 ns
[2020-03-02T07:41:25.155+0000][1][safepoint    ] Safepoint "RevokeBias", Time since last: 35774746 ns, Reaching safepoint: 16750386 ns, At safepoint: 43109 ns, Total: 16793495 ns
[2020-03-02T07:41:25.174+0000][1][safepoint    ] Safepoint "RevokeBias", Time since last: 16829214 ns, Reaching safepoint: 2824832 ns, At safepoint: 16429 ns, Total: 2841261 ns
[2020-03-02T07:41:25.213+0000][1][safepoint    ] Safepoint "RevokeBias", Time since last: 28725738 ns, Reaching safepoint: 9540649 ns, At safepoint: 14983 ns, Total: 9555632 ns
[2020-03-02T07:41:25.232+0000][1][safepoint    ] Safepoint "RevokeBias", Time since last: 13645470 ns, Reaching safepoint: 5410239 ns, At safepoint: 23812 ns, Total: 5434051 ns
[2020-03-02T07:41:25.242+0000][1][safepoint    ] Safepoint "RevokeBias", Time since last: 2400326 ns, Reaching safepoint: 8277378 ns, At safepoint: 17108 ns, Total: 8294486 ns
[2020-03-02T07:41:25.251+0000][1][safepoint    ] Safepoint "RevokeBias", Time since last: 3020998 ns, Reaching safepoint: 5870823 ns, At safepoint: 15549 ns, Total: 5886372 ns
[2020-03-02T07:41:25.260+0000][1][safepoint    ] Safepoint "RevokeBias", Time since last: 8375593 ns, Reaching safepoint: 48987 ns, At safepoint: 5619 ns, Total: 54606 ns
[2020-03-02T07:41:25.260+0000][1][safepoint    ] Safepoint "RevokeBias", Time since last: 57256 ns, Reaching safepoint: 20025 ns, At safepoint: 3944 ns, Total: 23969 ns
[2020-03-02T07:41:25.260+0000][1][safepoint    ] Safepoint "RevokeBias", Time since last: 21536 ns, Reaching safepoint: 17129 ns, At safepoint: 3516 ns, Total: 20645 ns
[2020-03-02T07:41:25.260+0000][1][safepoint    ] Safepoint "RevokeBias", Time since last: 18923 ns, Reaching safepoint: 16267 ns, At safepoint: 3513 ns, Total: 19780 ns
[2020-03-02T07:41:25.280+0000][1][safepoint    ] Safepoint "RevokeBias", Time since last: 4137176 ns, Reaching safepoint: 15395344 ns, At safepoint: 14797 ns, Total: 15410141 ns
[2020-03-02T07:41:25.294+0000][1][safepoint    ] Safepoint "RevokeBias", Time since last: 4927471 ns, Reaching safepoint: 9434893 ns, At safepoint: 14201 ns, Total: 9449094 ns
[2020-03-02T07:41:25.317+0000][1][safepoint    ] Safepoint "RevokeBias", Time since last: 19796818 ns, Reaching safepoint: 3002273 ns, At safepoint: 81929 ns, Total: 3084202 ns
[2020-03-02T07:41:25.352+0000][1][safepoint    ] Safepoint "RevokeBias", Time since last: 22745888 ns, Reaching safepoint: 12475928 ns, At safepoint: 461052 ns, Total: 12936980 ns
[2020-03-02T07:41:25.379+0000][1][safepoint    ] Safepoint "RevokeBias", Time since last: 17170319 ns, Reaching safepoint: 9015942 ns, At safepoint: 38919 ns, Total: 9054861 ns
[2020-03-02T07:41:25.427+0000][1][safepoint    ] Safepoint "RevokeBias", Time since last: 47966163 ns, Reaching safepoint: 477017 ns, At safepoint: 17300 ns, Total: 494317 ns
[2020-03-02T07:41:25.462+0000][1][safepoint    ] Safepoint "RevokeBias", Time since last: 11898196 ns, Reaching safepoint: 22730051 ns, At safepoint: 17519 ns, Total: 22747570 ns
[2020-03-02T07:41:25.493+0000][1][safepoint    ] Safepoint "RevokeBias", Time since last: 21939792 ns, Reaching safepoint: 9104186 ns, At safepoint: 216458 ns, Total: 9320644 ns
[2020-03-02T07:41:25.538+0000][1][safepoint    ] Safepoint "RevokeBias", Time since last: 29052489 ns, Reaching safepoint: 15569268 ns, At safepoint: 25499 ns, Total: 15594767 ns
[2020-03-02T07:41:25.702+0000][1][safepoint    ] Safepoint "Deoptimize", Time since last: 147040967 ns, Reaching safepoint: 17064411 ns, At safepoint: 612257 ns, Total: 17676668 ns
[2020-03-02T07:41:25.727+0000][1][safepoint    ] Safepoint "CollectForMetadataAllocation", Time since last: 19114599 ns, Reaching safepoint: 4763458 ns, At safepoint: 228864 ns, Total: 4992322 ns
[2020-03-02T07:41:25.754+0000][1][safepoint    ] Safepoint "CollectForMetadataAllocation", Time since last: 19976847 ns, Reaching safepoint: 7253896 ns, At safepoint: 15794 ns, Total: 7269690 ns
[2020-03-02T07:41:25.793+0000][1][safepoint    ] Safepoint "RevokeBias", Time since last: 26056263 ns, Reaching safepoint: 12742016 ns, At safepoint: 23955 ns, Total: 12765971 ns
[2020-03-02T07:41:25.821+0000][1][safepoint    ] Safepoint "RevokeBias", Time since last: 12042710 ns, Reaching safepoint: 16169002 ns, At safepoint: 83968 ns, Total: 16252970 ns
[2020-03-02T07:41:25.831+0000][1][safepoint    ] Safepoint "RevokeBias", Time since last: 2977470 ns, Reaching safepoint: 7350708 ns, At safepoint: 51030 ns, Total: 7401738 ns
[2020-03-02T07:41:25.858+0000][1][safepoint    ] Safepoint "Deoptimize", Time since last: 17542677 ns, Reaching safepoint: 8629712 ns, At safepoint: 654217 ns, Total: 9283929 ns
[2020-03-02T07:41:25.901+0000][1][safepoint    ] Safepoint "RevokeBias", Time since last: 30609431 ns, Reaching safepoint: 12041554 ns, At safepoint: 27326 ns, Total: 12068880 ns
[2020-03-02T07:41:26.151+0000][1][safepoint    ] Safepoint "RevokeBias", Time since last: 236955390 ns, Reaching safepoint: 12897107 ns, At safepoint: 25581 ns, Total: 12922688 ns
[2020-03-02T07:41:26.187+0000][1][safepoint    ] Safepoint "RevokeBias", Time since last: 20136852 ns, Reaching safepoint: 15928797 ns, At safepoint: 16442 ns, Total: 15945239 ns
[2020-03-02T07:41:26.193+0000][1][safepoint    ] Safepoint "RevokeBias", Time since last: 3043893 ns, Reaching safepoint: 2830570 ns, At safepoint: 49074 ns, Total: 2879644 ns
[2020-03-02T07:41:26.226+0000][1][safepoint    ] Safepoint "RevokeBias", Time since last: 7252351 ns, Reaching safepoint: 25900120 ns, At safepoint: 23187 ns, Total: 25923307 ns
[2020-03-02T07:41:26.229+0000][1][safepoint    ] Safepoint "RevokeBias", Time since last: 225438 ns, Reaching safepoint: 2624724 ns, At safepoint: 112656 ns, Total: 2737380 ns
[2020-03-02T07:41:26.256+0000][1][safepoint    ] Safepoint "RevokeBias", Time since last: 10983837 ns, Reaching safepoint: 15084668 ns, At safepoint: 639950 ns, Total: 15724618 ns
[2020-03-02T07:41:26.428+0000][1][safepoint    ] Safepoint "RevokeBias", Time since last: 156440638 ns, Reaching safepoint: 15497554 ns, At safepoint: 26513 ns, Total: 15524067 ns
[2020-03-02T07:41:26.446+0000][1][safepoint    ] Safepoint "RevokeBias", Time since last: 12299861 ns, Reaching safepoint: 5868771 ns, At safepoint: 16005 ns, Total: 5884776 ns
[2020-03-02T07:41:26.495+0000][1][safepoint    ] Safepoint "RevokeBias", Time since last: 44812850 ns, Reaching safepoint: 4795388 ns, At safepoint: 15089 ns, Total: 4810477 ns
[2020-03-02T07:41:26.588+0000][1][safepoint    ] Safepoint "RevokeBias", Time since last: 86500817 ns, Reaching safepoint: 5756358 ns, At safepoint: 17068 ns, Total: 5773426 ns
[2020-03-02T07:41:26.602+0000][1][safepoint    ] Safepoint "RevokeBias", Time since last: 7905237 ns, Reaching safepoint: 6317648 ns, At safepoint: 49325 ns, Total: 6366973 ns
[2020-03-02T07:41:26.615+0000][1][safepoint    ] Safepoint "RevokeBias", Time since last: 9725590 ns, Reaching safepoint: 3232098 ns, At safepoint: 33315 ns, Total: 3265413 ns
[2020-03-02T07:41:26.651+0000][1][gc,start     ] GC(28) Pause Initial Mark
[2020-03-02T07:41:26.683+0000][1][gc           ] GC(28) Pause Initial Mark 88M->88M(1015M) 31.130ms
[2020-03-02T07:41:26.683+0000][1][gc,cpu       ] GC(28) User=0.02s Sys=0.00s Real=0.03s
[2020-03-02T07:41:26.683+0000][1][safepoint    ] Safepoint "CMS_Initial_Mark", Time since last: 32543304 ns, Reaching safepoint: 4072959 ns, At safepoint: 31241729 ns, Total: 35314688 ns
[2020-03-02T07:41:26.714+0000][1][gc           ] GC(28) Concurrent Mark
[2020-03-02T07:41:26.804+0000][1][safepoint    ] Safepoint "RevokeBias", Time since last: 62986854 ns, Reaching safepoint: 57901961 ns, At safepoint: 22422 ns, Total: 57924383 ns
[2020-03-02T07:41:26.870+0000][1][safepoint    ] Safepoint "RevokeBias", Time since last: 29316454 ns, Reaching safepoint: 37154679 ns, At safepoint: 49844 ns, Total: 37204523 ns
[2020-03-02T07:41:26.929+0000][1][safepoint    ] Safepoint "CollectForMetadataAllocation", Time since last: 35958759 ns, Reaching safepoint: 22413733 ns, At safepoint: 191420 ns, Total: 22605153 ns
[2020-03-02T07:41:27.036+0000][1][safepoint    ] Safepoint "RevokeBias", Time since last: 101240018 ns, Reaching safepoint: 6216242 ns, At safepoint: 48403 ns, Total: 6264645 ns
[2020-03-02T07:41:27.110+0000][1][safepoint    ] Safepoint "CollectForMetadataAllocation", Time since last: 64175391 ns, Reaching safepoint: 9449284 ns, At safepoint: 279005 ns, Total: 9728289 ns
[2020-03-02T07:41:27.167+0000][1][safepoint    ] Safepoint "RevokeBias", Time since last: 48997296 ns, Reaching safepoint: 7619512 ns, At safepoint: 22732 ns, Total: 7642244 ns
[2020-03-02T07:41:27.201+0000][1][safepoint    ] Safepoint "RevokeBias", Time since last: 12007965 ns, Reaching safepoint: 22253723 ns, At safepoint: 20142 ns, Total: 22273865 ns
[2020-03-02T07:41:27.243+0000][1][safepoint    ] Safepoint "RevokeBias", Time since last: 29955729 ns, Reaching safepoint: 12158809 ns, At safepoint: 25267 ns, Total: 12184076 ns
[2020-03-02T07:41:27.278+0000][1][safepoint    ] Safepoint "RevokeBias", Time since last: 19058797 ns, Reaching safepoint: 15538576 ns, At safepoint: 19715 ns, Total: 15558291 ns
[2020-03-02T07:41:27.406+0000][1][safepoint    ] Safepoint "CollectForMetadataAllocation", Time since last: 102601397 ns, Reaching safepoint: 25082530 ns, At safepoint: 621614 ns, Total: 25704144 ns
[2020-03-02T07:41:27.407+0000][1][safepoint    ] Safepoint "RevokeBias", Time since last: 867338 ns, Reaching safepoint: 93087 ns, At safepoint: 22268 ns, Total: 115355 ns
[2020-03-02T07:41:27.417+0000][1][safepoint    ] Safepoint "CollectForMetadataAllocation", Time since last: 3518368 ns, Reaching safepoint: 6330124 ns, At safepoint: 17364 ns, Total: 6347488 ns
[2020-03-02T07:41:27.451+0000][1][safepoint    ] Safepoint "RevokeBias", Time since last: 31477020 ns, Reaching safepoint: 2214473 ns, At safepoint: 24726 ns, Total: 2239199 ns
[2020-03-02T07:41:27.472+0000][1][safepoint    ] Safepoint "RevokeBias", Time since last: 6204703 ns, Reaching safepoint: 15249737 ns, At safepoint: 50224 ns, Total: 15299961 ns
[2020-03-02T07:41:27.499+0000][1][safepoint    ] Safepoint "RevokeBias", Time since last: 19478140 ns, Reaching safepoint: 7131180 ns, At safepoint: 17068 ns, Total: 7148248 ns
[2020-03-02T07:41:27.511+0000][1][gc           ] GC(28) Concurrent Mark 797.755ms
[2020-03-02T07:41:27.511+0000][1][gc,cpu       ] GC(28) User=0.57s Sys=0.07s Real=0.79s
[2020-03-02T07:41:27.511+0000][1][gc           ] GC(28) Concurrent Preclean
[2020-03-02T07:41:27.535+0000][1][safepoint    ] Safepoint "RevokeBias", Time since last: 19507705 ns, Reaching safepoint: 16406685 ns, At safepoint: 24109 ns, Total: 16430794 ns
[2020-03-02T07:41:27.540+0000][1][safepoint    ] Safepoint "RevokeBias", Time since last: 4161188 ns, Reaching safepoint: 769561 ns, At safepoint: 25092 ns, Total: 794653 ns
[2020-03-02T07:41:27.574+0000][1][gc           ] GC(28) Concurrent Preclean 62.609ms
[2020-03-02T07:41:27.574+0000][1][gc,cpu       ] GC(28) User=0.05s Sys=0.01s Real=0.07s
[2020-03-02T07:41:27.574+0000][1][gc           ] GC(28) Concurrent Abortable Preclean
[2020-03-02T07:41:27.686+0000][1][safepoint    ] Safepoint "RevokeBias", Time since last: 127144686 ns, Reaching safepoint: 18870675 ns, At safepoint: 21431 ns, Total: 18892106 ns
[2020-03-02T07:41:27.692+0000][1][safepoint    ] Safepoint "RevokeBias", Time since last: 1437538 ns, Reaching safepoint: 4485029 ns, At safepoint: 30910 ns, Total: 4515939 ns
[2020-03-02T07:41:27.749+0000][1][safepoint    ] Safepoint "RevokeBias", Time since last: 46724216 ns, Reaching safepoint: 10415580 ns, At safepoint: 18889 ns, Total: 10434469 ns
[2020-03-02T07:41:27.773+0000][1][safepoint    ] Safepoint "RevokeBias", Time since last: 18630005 ns, Reaching safepoint: 5520249 ns, At safepoint: 16354 ns, Total: 5536603 ns
[2020-03-02T07:41:27.823+0000][1][safepoint    ] Safepoint "RevokeBias", Time since last: 37982518 ns, Reaching safepoint: 12218616 ns, At safepoint: 243270 ns, Total: 12461886 ns
[2020-03-02T07:41:27.870+0000][1][safepoint    ] Safepoint "RevokeBias", Time since last: 38127021 ns, Reaching safepoint: 8278892 ns, At safepoint: 23078 ns, Total: 8301970 ns
[2020-03-02T07:41:27.935+0000][1][safepoint    ] Safepoint "RevokeBias", Time since last: 21822761 ns, Reaching safepoint: 43459215 ns, At safepoint: 23933 ns, Total: 43483148 ns
[2020-03-02T07:41:27.980+0000][1][safepoint    ] Safepoint "RevokeBias", Time since last: 39333745 ns, Reaching safepoint: 5212521 ns, At safepoint: 366425 ns, Total: 5578946 ns
[2020-03-02T07:41:27.990+0000][1][safepoint    ] Safepoint "RevokeBias", Time since last: 9488527 ns, Reaching safepoint: 166718 ns, At safepoint: 19403 ns, Total: 186121 ns
[2020-03-02T07:41:28.030+0000][1][gc,start     ] GC(29) Pause Young (Allocation Failure)
[2020-03-02T07:41:28.030+0000][1][gc,task      ] GC(29) Using 1 workers of 1 for evacuation
[2020-03-02T07:41:28.097+0000][1][gc,age       ] GC(29) Desired survivor size 4358144 bytes, new threshold 6 (max threshold 6)
[2020-03-02T07:41:28.097+0000][1][gc,age       ] GC(29) Age table with threshold 6 (max threshold 6)
[2020-03-02T07:41:28.097+0000][1][gc,age       ] GC(29) - age   1:    1380152 bytes,    1380152 total
[2020-03-02T07:41:28.097+0000][1][gc,age       ] GC(29) - age   2:    2105984 bytes,    3486136 total
[2020-03-02T07:41:28.097+0000][1][gc,heap      ] GC(29) ParNew: 74986K->5950K(76672K)
[2020-03-02T07:41:28.097+0000][1][gc,heap      ] GC(29) CMS: 55440K->59005K(963392K)
[2020-03-02T07:41:28.097+0000][1][gc,metaspace ] GC(29) Metaspace: 75233K->75233K(1118208K)
[2020-03-02T07:41:28.097+0000][1][gc           ] GC(29) Pause Young (Allocation Failure) 127M->63M(1015M) 66.835ms
[2020-03-02T07:41:28.097+0000][1][gc,cpu       ] GC(29) User=0.06s Sys=0.00s Real=0.07s
[2020-03-02T07:41:28.097+0000][1][safepoint    ] Safepoint "RevokeBias", Time since last: 24853357 ns, Reaching safepoint: 15446889 ns, At safepoint: 66935516 ns, Total: 82382405 ns
[2020-03-02T07:41:28.128+0000][1][safepoint    ] Safepoint "RevokeBias", Time since last: 25372776 ns, Reaching safepoint: 6089690 ns, At safepoint: 40104 ns, Total: 6129794 ns
[2020-03-02T07:41:28.198+0000][1][safepoint    ] Safepoint "RevokeBias", Time since last: 59239932 ns, Reaching safepoint: 10130297 ns, At safepoint: 22164 ns, Total: 10152461 ns
[2020-03-02T07:41:28.231+0000][1][safepoint    ] Safepoint "RevokeBias", Time since last: 7358645 ns, Reaching safepoint: 26216086 ns, At safepoint: 18793 ns, Total: 26234879 ns
[2020-03-02T07:41:28.276+0000][1][safepoint    ] Safepoint "RevokeBias", Time since last: 12510128 ns, Reaching safepoint: 32475789 ns, At safepoint: 21587 ns, Total: 32497376 ns
[2020-03-02T07:41:28.302+0000][1][safepoint    ] Safepoint "CollectForMetadataAllocation", Time since last: 13660736 ns, Reaching safepoint: 11803898 ns, At safepoint: 342576 ns, Total: 12146474 ns
[2020-03-02T07:41:28.345+0000][1][safepoint    ] Safepoint "CollectForMetadataAllocation", Time since last: 19829993 ns, Reaching safepoint: 22942931 ns, At safepoint: 74702 ns, Total: 23017633 ns
[2020-03-02T07:41:28.350+0000][1][safepoint    ] Safepoint "BulkRevokeBias", Time since last: 4753214 ns, Reaching safepoint: 219118 ns, At safepoint: 399223 ns, Total: 618341 ns
[2020-03-02T07:41:28.672+0000][1][safepoint    ] Safepoint "RevokeBias", Time since last: 288842046 ns, Reaching safepoint: 32134398 ns, At safepoint: 46397 ns, Total: 32180795 ns
[2020-03-02T07:41:28.710+0000][1][safepoint    ] Safepoint "RevokeBias", Time since last: 10870183 ns, Reaching safepoint: 27462430 ns, At safepoint: 28608 ns, Total: 27491038 ns
[2020-03-02T07:41:28.741+0000][1][safepoint    ] Safepoint "CollectForMetadataAllocation", Time since last: 19898741 ns, Reaching safepoint: 10731518 ns, At safepoint: 308780 ns, Total: 11040298 ns
[2020-03-02T07:41:28.837+0000][1][safepoint    ] Safepoint "RevokeBias", Time since last: 84105487 ns, Reaching safepoint: 11571464 ns, At safepoint: 25085 ns, Total: 11596549 ns
[2020-03-02T07:41:28.913+0000][1][safepoint    ] Safepoint "CollectForMetadataAllocation", Time since last: 53046795 ns, Reaching safepoint: 23306137 ns, At safepoint: 273593 ns, Total: 23579730 ns
[2020-03-02T07:41:28.976+0000][1][safepoint    ] Safepoint "CollectForMetadataAllocation", Time since last: 43687308 ns, Reaching safepoint: 18905453 ns, At safepoint: 17518 ns, Total: 18922971 ns
[2020-03-02T07:41:29.008+0000][1][safepoint    ] Safepoint "CollectForMetadataAllocation", Time since last: 9936868 ns, Reaching safepoint: 22180491 ns, At safepoint: 34119 ns, Total: 22214610 ns
[2020-03-02T07:41:29.042+0000][1][safepoint    ] Safepoint "CollectForMetadataAllocation", Time since last: 14435331 ns, Reaching safepoint: 18984608 ns, At safepoint: 271367 ns, Total: 19255975 ns
[2020-03-02T07:41:29.070+0000][1][safepoint    ] Safepoint "CollectForMetadataAllocation", Time since last: 9287791 ns, Reaching safepoint: 19415866 ns, At safepoint: 39460 ns, Total: 19455326 ns
[2020-03-02T07:41:29.144+0000][1][safepoint    ] Safepoint "RevokeBias", Time since last: 68754855 ns, Reaching safepoint: 4792597 ns, At safepoint: 46110 ns, Total: 4838707 ns
[2020-03-02T07:41:29.153+0000][1][safepoint    ] Safepoint "RevokeBias", Time since last: 9225965 ns, Reaching safepoint: 273915 ns, At safepoint: 32695 ns, Total: 306610 ns
[2020-03-02T07:41:29.166+0000][1][gc           ] GC(28) Concurrent Abortable Preclean 1591.604ms
[2020-03-02T07:41:29.166+0000][1][gc,cpu       ] GC(28) User=1.36s Sys=0.18s Real=1.59s
[2020-03-02T07:41:29.169+0000][1][gc,start     ] GC(28) Pause Remark
[2020-03-02T07:41:29.260+0000][1][gc           ] GC(28) Pause Remark 97M->97M(1015M) 91.309ms
[2020-03-02T07:41:29.260+0000][1][gc,cpu       ] GC(28) User=0.09s Sys=0.00s Real=0.09s
[2020-03-02T07:41:29.260+0000][1][safepoint    ] Safepoint "CMS_Final_Remark", Time since last: 15150710 ns, Reaching safepoint: 317727 ns, At safepoint: 91418686 ns, Total: 91736413 ns
[2020-03-02T07:41:29.285+0000][1][gc           ] GC(28) Concurrent Sweep
[2020-03-02T07:41:29.429+0000][1][safepoint    ] Safepoint "RevokeBias", Time since last: 156179751 ns, Reaching safepoint: 12380084 ns, At safepoint: 25195 ns, Total: 12405279 ns
[2020-03-02T07:41:29.456+0000][1][safepoint    ] Safepoint "RevokeBias", Time since last: 15121069 ns, Reaching safepoint: 12207111 ns, At safepoint: 63301 ns, Total: 12270412 ns
[2020-03-02T07:41:29.477+0000][1][gc           ] GC(28) Concurrent Sweep 192.049ms
[2020-03-02T07:41:29.477+0000][1][gc,cpu       ] GC(28) User=0.16s Sys=0.02s Real=0.19s
[2020-03-02T07:41:29.477+0000][1][gc           ] GC(28) Concurrent Reset
[2020-03-02T07:41:29.523+0000][1][gc           ] GC(28) Concurrent Reset 45.996ms
[2020-03-02T07:41:29.523+0000][1][gc,cpu       ] GC(28) User=0.04s Sys=0.01s Real=0.04s
[2020-03-02T07:41:29.523+0000][1][gc,heap      ] GC(28) Old: 55440K->58497K(963392K)
[2020-03-02T07:41:29.834+0000][1][safepoint    ] Safepoint "RevokeBias", Time since last: 376900255 ns, Reaching safepoint: 1027565 ns, At safepoint: 34426 ns, Total: 1061991 ns
[2020-03-02T07:41:29.840+0000][1][safepoint    ] Safepoint "RevokeBias", Time since last: 4512886 ns, Reaching safepoint: 683828 ns, At safepoint: 34162 ns, Total: 717990 ns
[2020-03-02T07:41:29.861+0000][1][safepoint    ] Safepoint "RevokeBias", Time since last: 16267317 ns, Reaching safepoint: 5039810 ns, At safepoint: 14558 ns, Total: 5054368 ns
[2020-03-02T07:41:29.890+0000][1][safepoint    ] Safepoint "RevokeBias", Time since last: 24099825 ns, Reaching safepoint: 4828610 ns, At safepoint: 19674 ns, Total: 4848284 ns
[2020-03-02T07:41:29.939+0000][1][safepoint    ] Safepoint "RevokeBias", Time since last: 44903274 ns, Reaching safepoint: 4292097 ns, At safepoint: 26811 ns, Total: 4318908 ns
[2020-03-02T07:41:29.940+0000][1][safepoint    ] Safepoint "RevokeBias", Time since last: 802517 ns, Reaching safepoint: 338721 ns, At safepoint: 26216 ns, Total: 364937 ns
[2020-03-02T07:41:30.003+0000][1][gc,start     ] GC(30) Pause Young (Allocation Failure)
[2020-03-02T07:41:30.003+0000][1][gc,task      ] GC(30) Using 1 workers of 1 for evacuation
[2020-03-02T07:41:30.030+0000][1][gc,age       ] GC(30) Desired survivor size 4358144 bytes, new threshold 6 (max threshold 6)
[2020-03-02T07:41:30.030+0000][1][gc,age       ] GC(30) Age table with threshold 6 (max threshold 6)
[2020-03-02T07:41:30.030+0000][1][gc,age       ] GC(30) - age   1:     705880 bytes,     705880 total
[2020-03-02T07:41:30.030+0000][1][gc,age       ] GC(30) - age   2:    1139096 bytes,    1844976 total
[2020-03-02T07:41:30.030+0000][1][gc,age       ] GC(30) - age   3:    2051416 bytes,    3896392 total
[2020-03-02T07:41:30.030+0000][1][gc,heap      ] GC(30) ParNew: 74110K->5528K(76672K)
[2020-03-02T07:41:30.030+0000][1][gc,heap      ] GC(30) CMS: 58497K->58497K(963392K)
[2020-03-02T07:41:30.030+0000][1][gc,metaspace ] GC(30) Metaspace: 77768K->77768K(1120256K)
[2020-03-02T07:41:30.030+0000][1][gc           ] GC(30) Pause Young (Allocation Failure) 129M->62M(1015M) 27.295ms
[2020-03-02T07:41:30.030+0000][1][gc,cpu       ] GC(30) User=0.03s Sys=0.00s Real=0.03s
[2020-03-02T07:41:30.030+0000][1][safepoint    ] Safepoint "GenCollectForAllocation", Time since last: 62803556 ns, Reaching safepoint: 56997 ns, At safepoint: 27368423 ns, Total: 27425420 ns
[2020-03-02T07:41:30.328+0000][1][safepoint    ] Safepoint "RevokeBias", Time since last: 285205806 ns, Reaching safepoint: 12307921 ns, At safepoint: 30395 ns, Total: 12338316 ns
[2020-03-02T07:41:30.459+0000][1][safepoint    ] Safepoint "RevokeBias", Time since last: 130894932 ns, Reaching safepoint: 86191 ns, At safepoint: 26393 ns, Total: 112584 ns
[2020-03-02T07:41:30.460+0000][1][safepoint    ] Safepoint "RevokeBias", Time since last: 484430 ns, Reaching safepoint: 58219 ns, At safepoint: 28846 ns, Total: 87065 ns
[2020-03-02T07:41:31.460+0000][1][safepoint    ] Safepoint "Cleanup", Time since last: 1000181710 ns, Reaching safepoint: 154880 ns, At safepoint: 7509 ns, Total: 162389 ns
[2020-03-02T07:41:32.461+0000][1][safepoint    ] Safepoint "Cleanup", Time since last: 1000804949 ns, Reaching safepoint: 97948 ns, At safepoint: 9396 ns, Total: 107344 ns
[2020-03-02T07:41:33.461+0000][1][safepoint    ] Safepoint "Cleanup", Time since last: 1000326558 ns, Reaching safepoint: 138801 ns, At safepoint: 24755 ns, Total: 163556 ns
[2020-03-02T07:41:35.462+0000][1][safepoint    ] Safepoint "Cleanup", Time since last: 2000260881 ns, Reaching safepoint: 84095 ns, At safepoint: 7705 ns, Total: 91800 ns
[2020-03-02T07:41:36.463+0000][1][safepoint    ] Safepoint "Cleanup", Time since last: 1000999493 ns, Reaching safepoint: 108186 ns, At safepoint: 13067 ns, Total: 121253 ns
[2020-03-02T07:41:37.463+0000][1][safepoint    ] Safepoint "Cleanup", Time since last: 1000280353 ns, Reaching safepoint: 113201 ns, At safepoint: 7646 ns, Total: 120847 ns
[2020-03-02T07:41:38.464+0000][1][safepoint    ] Safepoint "Cleanup", Time since last: 1000965678 ns, Reaching safepoint: 89019 ns, At safepoint: 8009 ns, Total: 97028 ns
[2020-03-02T07:41:39.465+0000][1][safepoint    ] Safepoint "Cleanup", Time since last: 1001124908 ns, Reaching safepoint: 102569 ns, At safepoint: 13469 ns, Total: 116038 ns
[2020-03-02T07:41:40.466+0000][1][safepoint    ] Safepoint "Cleanup", Time since last: 1000253688 ns, Reaching safepoint: 131533 ns, At safepoint: 18116 ns, Total: 149649 ns
[2020-03-02T07:41:42.467+0000][1][safepoint    ] Safepoint "Cleanup", Time since last: 2001421099 ns, Reaching safepoint: 105340 ns, At safepoint: 7867 ns, Total: 113207 ns
[2020-03-02T07:41:44.468+0000][1][safepoint    ] Safepoint "Cleanup", Time since last: 2000555424 ns, Reaching safepoint: 87729 ns, At safepoint: 17585 ns, Total: 105314 ns
[2020-03-02T07:41:46.667+0000][1][safepoint    ] Safepoint "RevokeBias", Time since last: 2198767078 ns, Reaching safepoint: 89626 ns, At safepoint: 13014 ns, Total: 102640 ns
[2020-03-02T07:41:47.668+0000][1][safepoint    ] Safepoint "Cleanup", Time since last: 1000838776 ns, Reaching safepoint: 86443 ns, At safepoint: 9104 ns, Total: 95547 ns
[2020-03-02T07:41:50.669+0000][1][safepoint    ] Safepoint "Cleanup", Time since last: 3001082897 ns, Reaching safepoint: 165680 ns, At safepoint: 41384 ns, Total: 207064 ns
[2020-03-02T07:41:52.671+0000][1][safepoint    ] Safepoint "Cleanup", Time since last: 2001314095 ns, Reaching safepoint: 82196 ns, At safepoint: 11807 ns, Total: 94003 ns
[2020-03-02T07:41:54.122+0000][1][safepoint    ] Safepoint "RevokeBias", Time since last: 1451208057 ns, Reaching safepoint: 73574 ns, At safepoint: 22210 ns, Total: 95784 ns
[2020-03-02T07:41:54.122+0000][1][safepoint    ] Safepoint "RevokeBias", Time since last: 145371 ns, Reaching safepoint: 45149 ns, At safepoint: 14740 ns, Total: 59889 ns
[2020-03-02T07:41:55.123+0000][1][safepoint    ] Safepoint "Cleanup", Time since last: 1000888601 ns, Reaching safepoint: 107032 ns, At safepoint: 7613 ns, Total: 114645 ns
[2020-03-02T07:41:57.124+0000][1][safepoint    ] Safepoint "Cleanup", Time since last: 2000596322 ns, Reaching safepoint: 93461 ns, At safepoint: 9006 ns, Total: 102467 ns
[2020-03-02T07:41:58.124+0000][1][safepoint    ] Safepoint "Cleanup", Time since last: 1000163355 ns, Reaching safepoint: 81125 ns, At safepoint: 8888 ns, Total: 90013 ns
[2020-03-02T07:41:58.353+0000][1][safepoint    ] Safepoint "RevokeBias", Time since last: 228458112 ns, Reaching safepoint: 65711 ns, At safepoint: 21932 ns, Total: 87643 ns
[2020-03-02T07:41:58.355+0000][1][safepoint    ] Safepoint "RevokeBias", Time since last: 2378657 ns, Reaching safepoint: 71659 ns, At safepoint: 44355 ns, Total: 116014 ns
[2020-03-02T07:41:59.358+0000][1][safepoint    ] Safepoint "Cleanup", Time since last: 1002670846 ns, Reaching safepoint: 85413 ns, At safepoint: 6807 ns, Total: 92220 ns
[2020-03-02T07:42:00.359+0000][1][safepoint    ] Safepoint "Cleanup", Time since last: 1000936360 ns, Reaching safepoint: 126666 ns, At safepoint: 9376 ns, Total: 136042 ns
[2020-03-02T07:42:03.360+0000][1][safepoint    ] Safepoint "Cleanup", Time since last: 3001134683 ns, Reaching safepoint: 121877 ns, At safepoint: 15763 ns, Total: 137640 ns
[2020-03-02T07:42:05.361+0000][1][safepoint    ] Safepoint "Cleanup", Time since last: 2000737076 ns, Reaching safepoint: 123252 ns, At safepoint: 24851 ns, Total: 148103 ns
[2020-03-02T07:42:06.361+0000][1][safepoint    ] Safepoint "Cleanup", Time since last: 1000263251 ns, Reaching safepoint: 84117 ns, At safepoint: 10694 ns, Total: 94811 ns
[2020-03-02T07:42:08.362+0000][1][safepoint    ] Safepoint "Cleanup", Time since last: 2000780320 ns, Reaching safepoint: 206956 ns, At safepoint: 16164 ns, Total: 223120 ns
[2020-03-02T07:42:10.363+0000][1][safepoint    ] Safepoint "Cleanup", Time since last: 2000701820 ns, Reaching safepoint: 79860 ns, At safepoint: 8767 ns, Total: 88627 ns
[2020-03-02T07:42:12.365+0000][1][safepoint    ] Safepoint "Cleanup", Time since last: 2001144759 ns, Reaching safepoint: 133205 ns, At safepoint: 14050 ns, Total: 147255 ns
[2020-03-02T07:42:15.366+0000][1][safepoint    ] Safepoint "Cleanup", Time since last: 3001703561 ns, Reaching safepoint: 94980 ns, At safepoint: 7453 ns, Total: 102433 ns
[2020-03-02T07:42:16.367+0000][1][safepoint    ] Safepoint "Cleanup", Time since last: 1000783450 ns, Reaching safepoint: 275686 ns, At safepoint: 14326 ns, Total: 290012 ns
[2020-03-02T07:42:17.368+0000][1][safepoint    ] Safepoint "Cleanup", Time since last: 1000418633 ns, Reaching safepoint: 187570 ns, At safepoint: 17039 ns, Total: 204609 ns
[2020-03-02T07:42:18.369+0000][1][safepoint    ] Safepoint "Cleanup", Time since last: 1000594221 ns, Reaching safepoint: 223170 ns, At safepoint: 27523 ns, Total: 250693 ns
[2020-03-02T07:42:19.370+0000][1][safepoint    ] Safepoint "Cleanup", Time since last: 1000508019 ns, Reaching safepoint: 138324 ns, At safepoint: 30004 ns, Total: 168328 ns
[2020-03-02T07:42:22.375+0000][1][safepoint    ] Safepoint "Cleanup", Time since last: 3005775557 ns, Reaching safepoint: 157745 ns, At safepoint: 31032 ns, Total: 188777 ns
[2020-03-02T07:42:23.376+0000][1][safepoint    ] Safepoint "Cleanup", Time since last: 1000588592 ns, Reaching safepoint: 94221 ns, At safepoint: 9380 ns, Total: 103601 ns
[2020-03-02T07:42:24.377+0000][1][safepoint    ] Safepoint "Cleanup", Time since last: 1000185059 ns, Reaching safepoint: 139001 ns, At safepoint: 11891 ns, Total: 150892 ns
[2020-03-02T07:42:25.377+0000][1][safepoint    ] Safepoint "Cleanup", Time since last: 1000458912 ns, Reaching safepoint: 112579 ns, At safepoint: 27144 ns, Total: 139723 ns
[2020-03-02T07:42:26.378+0000][1][safepoint    ] Safepoint "Cleanup", Time since last: 1001033693 ns, Reaching safepoint: 129689 ns, At safepoint: 8805 ns, Total: 138494 ns
[2020-03-02T07:42:28.379+0000][1][safepoint    ] Safepoint "Cleanup", Time since last: 2000530786 ns, Reaching safepoint: 97144 ns, At safepoint: 7853 ns, Total: 104997 ns
[2020-03-02T07:42:29.379+0000][1][safepoint    ] Safepoint "Cleanup", Time since last: 1000371506 ns, Reaching safepoint: 85338 ns, At safepoint: 8273 ns, Total: 93611 ns
[2020-03-02T07:42:30.381+0000][1][safepoint    ] Safepoint "Cleanup", Time since last: 1001163621 ns, Reaching safepoint: 137290 ns, At safepoint: 19081 ns, Total: 156371 ns
[2020-03-02T07:42:33.391+0000][1][safepoint    ] Safepoint "Cleanup", Time since last: 3009749977 ns, Reaching safepoint: 93037 ns, At safepoint: 7805 ns, Total: 100842 ns
[2020-03-02T07:42:35.392+0000][1][safepoint    ] Safepoint "Cleanup", Time since last: 2000890171 ns, Reaching safepoint: 88862 ns, At safepoint: 8464 ns, Total: 97326 ns
[2020-03-02T07:42:36.387+0000][1][safepoint    ] Safepoint "RevokeBias", Time since last: 995214889 ns, Reaching safepoint: 116399 ns, At safepoint: 25849 ns, Total: 142248 ns
[2020-03-02T07:42:36.395+0000][1][safepoint    ] Safepoint "Deoptimize", Time since last: 6162829 ns, Reaching safepoint: 100506 ns, At safepoint: 1462374 ns, Total: 1562880 ns
[2020-03-02T07:42:36.417+0000][1][safepoint    ] Safepoint "RevokeBias", Time since last: 22649748 ns, Reaching safepoint: 55005 ns, At safepoint: 17100 ns, Total: 72105 ns
[2020-03-02T07:42:36.419+0000][1][safepoint    ] Safepoint "RevokeBias", Time since last: 2028741 ns, Reaching safepoint: 49823 ns, At safepoint: 19586 ns, Total: 69409 ns
[2020-03-02T07:42:36.430+0000][1][safepoint    ] Safepoint "RevokeBias", Time since last: 10525026 ns, Reaching safepoint: 119303 ns, At safepoint: 31774 ns, Total: 151077 ns
[2020-03-02T07:42:36.430+0000][1][safepoint    ] Safepoint "RevokeBias", Time since last: 110104 ns, Reaching safepoint: 80482 ns, At safepoint: 10914 ns, Total: 91396 ns
[2020-03-02T07:42:36.431+0000][1][safepoint    ] Safepoint "RevokeBias", Time since last: 343939 ns, Reaching safepoint: 73801 ns, At safepoint: 18433 ns, Total: 92234 ns
[2020-03-02T07:42:36.433+0000][1][safepoint    ] Safepoint "RevokeBias", Time since last: 1656172 ns, Reaching safepoint: 87984 ns, At safepoint: 15380 ns, Total: 103364 ns
[2020-03-02T07:42:36.433+0000][1][safepoint    ] Safepoint "RevokeBias", Time since last: 568464 ns, Reaching safepoint: 63528 ns, At safepoint: 14702 ns, Total: 78230 ns
[2020-03-02T07:42:36.433+0000][1][safepoint    ] Safepoint "RevokeBias", Time since last: 72167 ns, Reaching safepoint: 39837 ns, At safepoint: 9884 ns, Total: 49721 ns
[2020-03-02T07:42:36.433+0000][1][safepoint    ] Safepoint "RevokeBias", Time since last: 33523 ns, Reaching safepoint: 38784 ns, At safepoint: 8651 ns, Total: 47435 ns
[2020-03-02T07:42:36.433+0000][1][safepoint    ] Safepoint "RevokeBias", Time since last: 41190 ns, Reaching safepoint: 39014 ns, At safepoint: 9117 ns, Total: 48131 ns
[2020-03-02T07:42:36.434+0000][1][safepoint    ] Safepoint "RevokeBias", Time since last: 247828 ns, Reaching safepoint: 45127 ns, At safepoint: 10353 ns, Total: 55480 ns
[2020-03-02T07:42:36.434+0000][1][safepoint    ] Safepoint "RevokeBias", Time since last: 43749 ns, Reaching safepoint: 39545 ns, At safepoint: 9430 ns, Total: 48975 ns
[2020-03-02T07:42:36.434+0000][1][safepoint    ] Safepoint "RevokeBias", Time since last: 33069 ns, Reaching safepoint: 39800 ns, At safepoint: 8503 ns, Total: 48303 ns
[2020-03-02T07:42:36.434+0000][1][safepoint    ] Safepoint "RevokeBias", Time since last: 33700 ns, Reaching safepoint: 38672 ns, At safepoint: 8983 ns, Total: 47655 ns
[2020-03-02T07:42:36.434+0000][1][safepoint    ] Safepoint "RevokeBias", Time since last: 350777 ns, Reaching safepoint: 85885 ns, At safepoint: 11683 ns, Total: 97568 ns
[2020-03-02T07:42:36.435+0000][1][safepoint    ] Safepoint "RevokeBias", Time since last: 363789 ns, Reaching safepoint: 66868 ns, At safepoint: 11495 ns, Total: 78363 ns
[2020-03-02T07:42:36.437+0000][1][safepoint    ] Safepoint "RevokeBias", Time since last: 2306920 ns, Reaching safepoint: 69056 ns, At safepoint: 14805 ns, Total: 83861 ns
[2020-03-02T07:42:36.437+0000][1][safepoint    ] Safepoint "RevokeBias", Time since last: 68301 ns, Reaching safepoint: 42479 ns, At safepoint: 10200 ns, Total: 52679 ns
[2020-03-02T07:42:36.438+0000][1][safepoint    ] Safepoint "RevokeBias", Time since last: 39912 ns, Reaching safepoint: 39064 ns, At safepoint: 9112 ns, Total: 48176 ns
[2020-03-02T07:42:36.438+0000][1][safepoint    ] Safepoint "RevokeBias", Time since last: 651202 ns, Reaching safepoint: 68384 ns, At safepoint: 14072 ns, Total: 82456 ns
[2020-03-02T07:42:36.438+0000][1][safepoint    ] Safepoint "RevokeBias", Time since last: 114571 ns, Reaching safepoint: 58716 ns, At safepoint: 14435 ns, Total: 73151 ns
[2020-03-02T07:42:36.439+0000][1][safepoint    ] Safepoint "RevokeBias", Time since last: 55368 ns, Reaching safepoint: 108497 ns, At safepoint: 16107 ns, Total: 124604 ns
[2020-03-02T07:42:36.439+0000][1][safepoint    ] Safepoint "RevokeBias", Time since last: 87685 ns, Reaching safepoint: 67382 ns, At safepoint: 16017 ns, Total: 83399 ns
[2020-03-02T07:42:36.439+0000][1][safepoint    ] Safepoint "RevokeBias", Time since last: 44282 ns, Reaching safepoint: 41624 ns, At safepoint: 9686 ns, Total: 51310 ns
[2020-03-02T07:42:36.440+0000][1][safepoint    ] Safepoint "RevokeBias", Time since last: 1177320 ns, Reaching safepoint: 76825 ns, At safepoint: 19282 ns, Total: 96107 ns
[2020-03-02T07:42:36.442+0000][1][safepoint    ] Safepoint "RevokeBias", Time since last: 1929404 ns, Reaching safepoint: 60883 ns, At safepoint: 12189 ns, Total: 73072 ns
[2020-03-02T07:42:36.442+0000][1][safepoint    ] Safepoint "RevokeBias", Time since last: 163746 ns, Reaching safepoint: 43349 ns, At safepoint: 10364 ns, Total: 53713 ns
[2020-03-02T07:42:36.442+0000][1][safepoint    ] Safepoint "RevokeBias", Time since last: 39017 ns, Reaching safepoint: 39520 ns, At safepoint: 8919 ns, Total: 48439 ns
[2020-03-02T07:42:36.443+0000][1][safepoint    ] Safepoint "RevokeBias", Time since last: 33317 ns, Reaching safepoint: 88086 ns, At safepoint: 30076 ns, Total: 118162 ns
[2020-03-02T07:42:36.443+0000][1][safepoint    ] Safepoint "RevokeBias", Time since last: 48872 ns, Reaching safepoint: 40184 ns, At safepoint: 8758 ns, Total: 48942 ns
[2020-03-02T07:42:36.443+0000][1][safepoint    ] Safepoint "RevokeBias", Time since last: 32420 ns, Reaching safepoint: 38485 ns, At safepoint: 8423 ns, Total: 46908 ns
[2020-03-02T07:42:36.443+0000][1][safepoint    ] Safepoint "RevokeBias", Time since last: 31408 ns, Reaching safepoint: 38419 ns, At safepoint: 8382 ns, Total: 46801 ns
[2020-03-02T07:42:36.443+0000][1][safepoint    ] Safepoint "RevokeBias", Time since last: 32243 ns, Reaching safepoint: 38369 ns, At safepoint: 8327 ns, Total: 46696 ns
[2020-03-02T07:42:36.443+0000][1][safepoint    ] Safepoint "RevokeBias", Time since last: 36598 ns, Reaching safepoint: 38694 ns, At safepoint: 8605 ns, Total: 47299 ns
[2020-03-02T07:42:36.443+0000][1][safepoint    ] Safepoint "RevokeBias", Time since last: 33129 ns, Reaching safepoint: 38113 ns, At safepoint: 8300 ns, Total: 46413 ns
[2020-03-02T07:42:36.443+0000][1][safepoint    ] Safepoint "RevokeBias", Time since last: 140972 ns, Reaching safepoint: 42342 ns, At safepoint: 9397 ns, Total: 51739 ns
[2020-03-02T07:42:36.443+0000][1][safepoint    ] Safepoint "RevokeBias", Time since last: 37368 ns, Reaching safepoint: 38931 ns, At safepoint: 9190 ns, Total: 48121 ns
[2020-03-02T07:42:36.443+0000][1][safepoint    ] Safepoint "RevokeBias", Time since last: 32869 ns, Reaching safepoint: 38674 ns, At safepoint: 8538 ns, Total: 47212 ns
[2020-03-02T07:42:36.444+0000][1][safepoint    ] Safepoint "BulkRevokeBias", Time since last: 32025 ns, Reaching safepoint: 105888 ns, At safepoint: 192478 ns, Total: 298366 ns
[2020-03-02T07:42:36.539+0000][1][safepoint    ] Safepoint "RevokeBias", Time since last: 95321034 ns, Reaching safepoint: 118102 ns, At safepoint: 54028 ns, Total: 172130 ns
[2020-03-02T07:42:36.540+0000][1][safepoint    ] Safepoint "RevokeBias", Time since last: 878231 ns, Reaching safepoint: 54782 ns, At safepoint: 14976 ns, Total: 69758 ns
[2020-03-02T07:42:37.541+0000][1][safepoint    ] Safepoint "Cleanup", Time since last: 1000498166 ns, Reaching safepoint: 134137 ns, At safepoint: 26769 ns, Total: 160906 ns
[2020-03-02T07:42:38.541+0000][1][safepoint    ] Safepoint "Cleanup", Time since last: 1000203851 ns, Reaching safepoint: 113875 ns, At safepoint: 8960 ns, Total: 122835 ns
[2020-03-02T07:42:40.542+0000][1][safepoint    ] Safepoint "Cleanup", Time since last: 2000522296 ns, Reaching safepoint: 83762 ns, At safepoint: 8171 ns, Total: 91933 ns
[2020-03-02T07:42:41.543+0000][1][safepoint    ] Safepoint "Cleanup", Time since last: 1001223609 ns, Reaching safepoint: 140301 ns, At safepoint: 8234 ns, Total: 148535 ns
[2020-03-02T07:42:42.239+0000][1][gc,start     ] GC(31) Pause Young (Allocation Failure)
[2020-03-02T07:42:42.239+0000][1][gc,task      ] GC(31) Using 1 workers of 1 for evacuation
[2020-03-02T07:42:42.269+0000][1][gc,age       ] GC(31) Desired survivor size 4358144 bytes, new threshold 6 (max threshold 6)
[2020-03-02T07:42:42.269+0000][1][gc,age       ] GC(31) Age table with threshold 6 (max threshold 6)
[2020-03-02T07:42:42.269+0000][1][gc,age       ] GC(31) - age   1:     243488 bytes,     243488 total
[2020-03-02T07:42:42.269+0000][1][gc,age       ] GC(31) - age   2:     597664 bytes,     841152 total
[2020-03-02T07:42:42.269+0000][1][gc,age       ] GC(31) - age   3:    1127024 bytes,    1968176 total
[2020-03-02T07:42:42.269+0000][1][gc,age       ] GC(31) - age   4:    2046160 bytes,    4014336 total
[2020-03-02T07:42:42.269+0000][1][gc,heap      ] GC(31) ParNew: 73688K->7089K(76672K)
[2020-03-02T07:42:42.269+0000][1][gc,heap      ] GC(31) CMS: 58497K->58497K(963392K)
[2020-03-02T07:42:42.269+0000][1][gc,metaspace ] GC(31) Metaspace: 78562K->78562K(1122304K)
[2020-03-02T07:42:42.269+0000][1][gc           ] GC(31) Pause Young (Allocation Failure) 129M->64M(1015M) 30.875ms
[2020-03-02T07:42:42.269+0000][1][gc,cpu       ] GC(31) User=0.03s Sys=0.00s Real=0.03s
[2020-03-02T07:42:42.269+0000][1][safepoint    ] Safepoint "GenCollectForAllocation", Time since last: 695244791 ns, Reaching safepoint: 102919 ns, At safepoint: 30937773 ns, Total: 31040692 ns
[2020-03-02T07:42:43.271+0000][1][safepoint    ] Safepoint "Cleanup", Time since last: 1000932355 ns, Reaching safepoint: 160025 ns, At safepoint: 8021 ns, Total: 168046 ns
[2020-03-02T07:42:45.272+0000][1][safepoint    ] Safepoint "Cleanup", Time since last: 2001664244 ns, Reaching safepoint: 102575 ns, At safepoint: 6805 ns, Total: 109380 ns
[2020-03-02T07:42:46.273+0000][1][safepoint    ] Safepoint "Cleanup", Time since last: 1000303676 ns, Reaching safepoint: 87451 ns, At safepoint: 7120 ns, Total: 94571 ns
[2020-03-02T07:42:47.273+0000][1][safepoint    ] Safepoint "Cleanup", Time since last: 1000189627 ns, Reaching safepoint: 85051 ns, At safepoint: 8004 ns, Total: 93055 ns
[2020-03-02T07:42:48.273+0000][1][safepoint    ] Safepoint "Cleanup", Time since last: 1000316040 ns, Reaching safepoint: 96893 ns, At safepoint: 8134 ns, Total: 105027 ns
[2020-03-02T07:42:50.274+0000][1][safepoint    ] Safepoint "Cleanup", Time since last: 2000671833 ns, Reaching safepoint: 92073 ns, At safepoint: 7816 ns, Total: 99889 ns
[2020-03-02T07:42:54.139+0000][1][safepoint    ] Safepoint "RevokeBias", Time since last: 3864341359 ns, Reaching safepoint: 159210 ns, At safepoint: 23911 ns, Total: 183121 ns
[2020-03-02T07:42:54.153+0000][1][safepoint    ] Safepoint "RevokeBias", Time since last: 13716637 ns, Reaching safepoint: 243726 ns, At safepoint: 18917 ns, Total: 262643 ns
[2020-03-02T07:42:54.370+0000][1][safepoint    ] Safepoint "RevokeBias", Time since last: 216713951 ns, Reaching safepoint: 123949 ns, At safepoint: 26634 ns, Total: 150583 ns
[2020-03-02T07:42:55.372+0000][1][safepoint    ] Safepoint "Cleanup", Time since last: 1002095517 ns, Reaching safepoint: 78419 ns, At safepoint: 7353 ns, Total: 85772 ns
[2020-03-02T07:43:00.377+0000][1][safepoint    ] Safepoint "Cleanup", Time since last: 5004595764 ns, Reaching safepoint: 135958 ns, At safepoint: 20215 ns, Total: 156173 ns
[2020-03-02T07:43:07.392+0000][1][safepoint    ] Safepoint "Cleanup", Time since last: 7014864397 ns, Reaching safepoint: 304259 ns, At safepoint: 11419 ns, Total: 315678 ns
[2020-03-02T07:43:08.393+0000][1][safepoint    ] Safepoint "Cleanup", Time since last: 1000692009 ns, Reaching safepoint: 207242 ns, At safepoint: 13204 ns, Total: 220446 ns
[2020-03-02T07:43:09.396+0000][1][safepoint    ] Safepoint "Cleanup", Time since last: 1002697681 ns, Reaching safepoint: 326140 ns, At safepoint: 14082 ns, Total: 340222 ns
[2020-03-02T07:43:10.398+0000][1][safepoint    ] Safepoint "Cleanup", Time since last: 1002052880 ns, Reaching safepoint: 104460 ns, At safepoint: 10361 ns, Total: 114821 ns
[2020-03-02T07:43:12.400+0000][1][safepoint    ] Safepoint "Cleanup", Time since last: 2001805436 ns, Reaching safepoint: 113838 ns, At safepoint: 7296 ns, Total: 121134 ns
[2020-03-02T07:43:26.542+0000][1][safepoint    ] Safepoint "Cleanup", Time since last: 14068945976 ns, Reaching safepoint: 73494630 ns, At safepoint: 12154 ns, Total: 73506784 ns
[2020-03-02T07:43:28.592+0000][1][safepoint    ] Safepoint "Cleanup", Time since last: 2049484409 ns, Reaching safepoint: 100622 ns, At safepoint: 8308 ns, Total: 108930 ns
[2020-03-02T07:43:29.595+0000][1][safepoint    ] Safepoint "Cleanup", Time since last: 1002890899 ns, Reaching safepoint: 93262 ns, At safepoint: 7771 ns, Total: 101033 ns
[2020-03-02T07:43:31.597+0000][1][safepoint    ] Safepoint "Cleanup", Time since last: 2002498233 ns, Reaching safepoint: 64963 ns, At safepoint: 8262 ns, Total: 73225 ns
[2020-03-02T07:43:37.315+0000][1][safepoint    ] Safepoint "Cleanup", Time since last: 5007719843 ns, Reaching safepoint: 710306981 ns, At safepoint: 13869 ns, Total: 710320850 ns
[2020-03-02T07:43:38.317+0000][1][safepoint    ] Safepoint "Cleanup", Time since last: 1000905534 ns, Reaching safepoint: 615193 ns, At safepoint: 12686 ns, Total: 627879 ns
[2020-03-02T07:43:45.333+0000][1][safepoint    ] Safepoint "Cleanup", Time since last: 7015580655 ns, Reaching safepoint: 147005 ns, At safepoint: 8796 ns, Total: 155801 ns
[2020-03-02T07:43:46.334+0000][1][safepoint    ] Safepoint "Cleanup", Time since last: 1000705281 ns, Reaching safepoint: 103570 ns, At safepoint: 10598 ns, Total: 114168 ns
[2020-03-02T07:43:48.341+0000][1][safepoint    ] Safepoint "Cleanup", Time since last: 2007825432 ns, Reaching safepoint: 93651 ns, At safepoint: 7936 ns, Total: 101587 ns
[2020-03-02T07:43:53.629+0000][1][safepoint    ] Safepoint "Cleanup", Time since last: 5011302591 ns, Reaching safepoint: 276570940 ns, At safepoint: 33036 ns, Total: 276603976 ns
[2020-03-02T07:43:54.632+0000][1][safepoint    ] Safepoint "Cleanup", Time since last: 1002117516 ns, Reaching safepoint: 81981 ns, At safepoint: 11009 ns, Total: 92990 ns
[2020-03-02T07:43:58.643+0000][1][safepoint    ] Safepoint "Cleanup", Time since last: 4011276992 ns, Reaching safepoint: 97250 ns, At safepoint: 7040 ns, Total: 104290 ns
[2020-03-02T07:44:02.655+0000][1][safepoint    ] Safepoint "Cleanup", Time since last: 4011650872 ns, Reaching safepoint: 107513 ns, At safepoint: 6524 ns, Total: 114037 ns
[2020-03-02T07:44:05.666+0000][1][safepoint    ] Safepoint "Cleanup", Time since last: 3011087632 ns, Reaching safepoint: 134084 ns, At safepoint: 13820 ns, Total: 147904 ns
[2020-03-02T07:44:07.673+0000][1][safepoint    ] Safepoint "Cleanup", Time since last: 2006836130 ns, Reaching safepoint: 91010 ns, At safepoint: 23477 ns, Total: 114487 ns
[2020-03-02T07:44:08.676+0000][1][safepoint    ] Safepoint "Cleanup", Time since last: 1003393096 ns, Reaching safepoint: 98039 ns, At safepoint: 6859 ns, Total: 104898 ns
[2020-03-02T07:44:10.678+0000][1][safepoint    ] Safepoint "Cleanup", Time since last: 2001914814 ns, Reaching safepoint: 168240 ns, At safepoint: 10758 ns, Total: 178998 ns
[2020-03-02T07:44:23.701+0000][1][safepoint    ] Safepoint "Cleanup", Time since last: 13022207694 ns, Reaching safepoint: 138161 ns, At safepoint: 9124 ns, Total: 147285 ns
[2020-03-02T07:44:28.718+0000][1][safepoint    ] Safepoint "Cleanup", Time since last: 5016908698 ns, Reaching safepoint: 114119 ns, At safepoint: 9413 ns, Total: 123532 ns
[2020-03-02T07:44:35.743+0000][1][safepoint    ] Safepoint "Cleanup", Time since last: 7024837735 ns, Reaching safepoint: 132141 ns, At safepoint: 13130 ns, Total: 145271 ns
[2020-03-02T07:44:38.752+0000][1][safepoint    ] Safepoint "Cleanup", Time since last: 3008857298 ns, Reaching safepoint: 140285 ns, At safepoint: 7111 ns, Total: 147396 ns
[2020-03-02T07:44:39.753+0000][1][safepoint    ] Safepoint "Cleanup", Time since last: 1000874666 ns, Reaching safepoint: 83884 ns, At safepoint: 7097 ns, Total: 90981 ns
[2020-03-02T07:44:40.756+0000][1][safepoint    ] Safepoint "Cleanup", Time since last: 1002483824 ns, Reaching safepoint: 184829 ns, At safepoint: 15416 ns, Total: 200245 ns
[2020-03-02T07:44:41.756+0000][1][safepoint    ] Safepoint "Cleanup", Time since last: 1000724055 ns, Reaching safepoint: 204940 ns, At safepoint: 17414 ns, Total: 222354 ns
[2020-03-02T07:44:48.695+0000][1][gc,start     ] GC(32) Pause Young (Allocation Failure)
[2020-03-02T07:44:48.695+0000][1][gc,task      ] GC(32) Using 1 workers of 1 for evacuation
[2020-03-02T07:44:48.761+0000][1][gc,age       ] GC(32) Desired survivor size 4358144 bytes, new threshold 6 (max threshold 6)
[2020-03-02T07:44:48.761+0000][1][gc,age       ] GC(32) Age table with threshold 6 (max threshold 6)
[2020-03-02T07:44:48.761+0000][1][gc,age       ] GC(32) - age   1:      75736 bytes,      75736 total
[2020-03-02T07:44:48.761+0000][1][gc,age       ] GC(32) - age   2:     194536 bytes,     270272 total
[2020-03-02T07:44:48.761+0000][1][gc,age       ] GC(32) - age   3:     597576 bytes,     867848 total
[2020-03-02T07:44:48.761+0000][1][gc,age       ] GC(32) - age   4:    1127024 bytes,    1994872 total
[2020-03-02T07:44:48.761+0000][1][gc,age       ] GC(32) - age   5:    2045648 bytes,    4040520 total
[2020-03-02T07:44:48.761+0000][1][gc,heap      ] GC(32) ParNew: 75249K->4712K(76672K)
[2020-03-02T07:44:48.761+0000][1][gc,heap      ] GC(32) CMS: 58497K->58497K(963392K)
[2020-03-02T07:44:48.761+0000][1][gc,metaspace ] GC(32) Metaspace: 78760K->78760K(1122304K)
[2020-03-02T07:44:48.761+0000][1][gc           ] GC(32) Pause Young (Allocation Failure) 130M->61M(1015M) 65.818ms
[2020-03-02T07:44:48.761+0000][1][gc,cpu       ] GC(32) User=0.03s Sys=0.00s Real=0.06s
[2020-03-02T07:44:48.761+0000][1][safepoint    ] Safepoint "GenCollectForAllocation", Time since last: 6938682608 ns, Reaching safepoint: 61117 ns, At safepoint: 65900528 ns, Total: 65961645 ns
[2020-03-02T07:44:52.767+0000][1][safepoint    ] Safepoint "Cleanup", Time since last: 4005225349 ns, Reaching safepoint: 254999 ns, At safepoint: 21847 ns, Total: 276846 ns
[2020-03-02T07:44:53.768+0000][1][safepoint    ] Safepoint "Cleanup", Time since last: 1001624380 ns, Reaching safepoint: 120079 ns, At safepoint: 12330 ns, Total: 132409 ns
[2020-03-02T07:44:56.866+0000][1][safepoint    ] Safepoint "Cleanup", Time since last: 3097096046 ns, Reaching safepoint: 103513 ns, At safepoint: 8203 ns, Total: 111716 ns
[2020-03-02T07:44:57.868+0000][1][safepoint    ] Safepoint "Cleanup", Time since last: 1002189548 ns, Reaching safepoint: 124150 ns, At safepoint: 8009 ns, Total: 132159 ns
[2020-03-02T07:44:58.869+0000][1][safepoint    ] Safepoint "Cleanup", Time since last: 1000849604 ns, Reaching safepoint: 136089 ns, At safepoint: 14362 ns, Total: 150451 ns
[2020-03-02T07:45:00.873+0000][1][safepoint    ] Safepoint "Cleanup", Time since last: 2003510269 ns, Reaching safepoint: 98990 ns, At safepoint: 5414 ns, Total: 104404 ns
[2020-03-02T07:45:03.879+0000][1][safepoint    ] Safepoint "Cleanup", Time since last: 3006877845 ns, Reaching safepoint: 91478 ns, At safepoint: 7242 ns, Total: 98720 ns
[2020-03-02T07:45:05.886+0000][1][safepoint    ] Safepoint "Cleanup", Time since last: 2006207700 ns, Reaching safepoint: 127173 ns, At safepoint: 21322 ns, Total: 148495 ns
[2020-03-02T07:45:09.834+0000][1][safepoint    ] Safepoint "RevokeBias", Time since last: 3947826916 ns, Reaching safepoint: 154000 ns, At safepoint: 106862 ns, Total: 260862 ns
[2020-03-02T07:45:10.841+0000][1][safepoint    ] Safepoint "Cleanup", Time since last: 1006523015 ns, Reaching safepoint: 173662 ns, At safepoint: 7753 ns, Total: 181415 ns
[2020-03-02T07:45:11.997+0000][1][safepoint    ] Safepoint "Cleanup", Time since last: 1003029840 ns, Reaching safepoint: 152832237 ns, At safepoint: 12814 ns, Total: 152845051 ns
[2020-03-02T07:45:12.997+0000][1][safepoint    ] Safepoint "Cleanup", Time since last: 1000195303 ns, Reaching safepoint: 105035 ns, At safepoint: 7198 ns, Total: 112233 ns
[2020-03-02T07:45:21.000+0000][1][safepoint    ] Safepoint "Cleanup", Time since last: 8003255101 ns, Reaching safepoint: 201477 ns, At safepoint: 16222 ns, Total: 217699 ns
[2020-03-02T07:45:24.002+0000][1][safepoint    ] Safepoint "Cleanup", Time since last: 3001736602 ns, Reaching safepoint: 122038 ns, At safepoint: 13683 ns, Total: 135721 ns
[2020-03-02T07:45:26.003+0000][1][safepoint    ] Safepoint "Cleanup", Time since last: 2000957694 ns, Reaching safepoint: 110755 ns, At safepoint: 12839 ns, Total: 123594 ns
[2020-03-02T07:45:31.005+0000][1][safepoint    ] Safepoint "Cleanup", Time since last: 5002138330 ns, Reaching safepoint: 108196 ns, At safepoint: 7380 ns, Total: 115576 ns
[2020-03-02T07:45:34.016+0000][1][safepoint    ] Safepoint "Cleanup", Time since last: 3010685813 ns, Reaching safepoint: 114667 ns, At safepoint: 12765 ns, Total: 127432 ns
[2020-03-02T07:45:49.024+0000][1][safepoint    ] Safepoint "Cleanup", Time since last: 15007808594 ns, Reaching safepoint: 93749 ns, At safepoint: 8259 ns, Total: 102008 ns
[2020-03-02T07:45:52.026+0000][1][safepoint    ] Safepoint "Cleanup", Time since last: 3001202779 ns, Reaching safepoint: 192620 ns, At safepoint: 32913 ns, Total: 225533 ns
[2020-03-02T07:45:55.030+0000][1][safepoint    ] Safepoint "Cleanup", Time since last: 3004075973 ns, Reaching safepoint: 182129 ns, At safepoint: 9695 ns, Total: 191824 ns
[2020-03-02T07:46:05.035+0000][1][safepoint    ] Safepoint "Cleanup", Time since last: 10005093509 ns, Reaching safepoint: 90890 ns, At safepoint: 6952 ns, Total: 97842 ns
[2020-03-02T07:46:08.046+0000][1][safepoint    ] Safepoint "Cleanup", Time since last: 3011166423 ns, Reaching safepoint: 90003 ns, At safepoint: 7489 ns, Total: 97492 ns
[2020-03-02T07:46:10.047+0000][1][safepoint    ] Safepoint "Cleanup", Time since last: 2000791691 ns, Reaching safepoint: 141106 ns, At safepoint: 9966 ns, Total: 151072 ns
[2020-03-02T07:46:13.049+0000][1][safepoint    ] Safepoint "Cleanup", Time since last: 3001250206 ns, Reaching safepoint: 122068 ns, At safepoint: 9442 ns, Total: 131510 ns
[2020-03-02T07:46:15.050+0000][1][safepoint    ] Safepoint "Cleanup", Time since last: 2000617454 ns, Reaching safepoint: 171804 ns, At safepoint: 27210 ns, Total: 199014 ns
[2020-03-02T07:46:19.127+0000][1][safepoint    ] Safepoint "Cleanup", Time since last: 4076988711 ns, Reaching safepoint: 99297 ns, At safepoint: 7528 ns, Total: 106825 ns
[2020-03-02T07:46:20.127+0000][1][safepoint    ] Safepoint "Cleanup", Time since last: 1000494711 ns, Reaching safepoint: 98651 ns, At safepoint: 14116 ns, Total: 112767 ns
[2020-03-02T07:46:25.129+0000][1][safepoint    ] Safepoint "Cleanup", Time since last: 5001559774 ns, Reaching safepoint: 93794 ns, At safepoint: 8732 ns, Total: 102526 ns
[2020-03-02T07:46:31.134+0000][1][safepoint    ] Safepoint "Cleanup", Time since last: 6004628802 ns, Reaching safepoint: 192324 ns, At safepoint: 10799 ns, Total: 203123 ns
[2020-03-02T07:46:32.616+0000][1][safepoint    ] Safepoint "RevokeBias", Time since last: 1482006911 ns, Reaching safepoint: 143848 ns, At safepoint: 14149 ns, Total: 157997 ns
[2020-03-02T07:46:32.653+0000][1][safepoint    ] Safepoint "RevokeBias", Time since last: 20910877 ns, Reaching safepoint: 15961962 ns, At safepoint: 44346 ns, Total: 16006308 ns
[2020-03-02T07:46:32.757+0000][1][safepoint    ] Safepoint "RevokeBias", Time since last: 103994903 ns, Reaching safepoint: 83047 ns, At safepoint: 27053 ns, Total: 110100 ns
[2020-03-02T07:46:32.758+0000][1][safepoint    ] Safepoint "RevokeBias", Time since last: 1056551 ns, Reaching safepoint: 80415 ns, At safepoint: 17244 ns, Total: 97659 ns
[2020-03-02T07:46:45.767+0000][1][safepoint    ] Safepoint "Cleanup", Time since last: 13008587733 ns, Reaching safepoint: 126348 ns, At safepoint: 10584 ns, Total: 136932 ns
[2020-03-02T07:46:50.771+0000][1][safepoint    ] Safepoint "Cleanup", Time since last: 5003829884 ns, Reaching safepoint: 90079 ns, At safepoint: 7522 ns, Total: 97601 ns
[2020-03-02T07:46:53.773+0000][1][safepoint    ] Safepoint "Cleanup", Time since last: 3002013964 ns, Reaching safepoint: 94022 ns, At safepoint: 7702 ns, Total: 101724 ns
[2020-03-02T07:46:56.774+0000][1][safepoint    ] Safepoint "Cleanup", Time since last: 3001427442 ns, Reaching safepoint: 101753 ns, At safepoint: 8031 ns, Total: 109784 ns
[2020-03-02T07:47:08.784+0000][1][safepoint    ] Safepoint "Cleanup", Time since last: 12009628535 ns, Reaching safepoint: 235049 ns, At safepoint: 29204 ns, Total: 264253 ns
[2020-03-02T07:47:11.786+0000][1][safepoint    ] Safepoint "Cleanup", Time since last: 3001925087 ns, Reaching safepoint: 130093 ns, At safepoint: 16620 ns, Total: 146713 ns
[2020-03-02T07:47:13.884+0000][1][gc,start     ] GC(33) Pause Young (Allocation Failure)
[2020-03-02T07:47:13.884+0000][1][gc,task      ] GC(33) Using 1 workers of 1 for evacuation
[2020-03-02T07:47:14.030+0000][1][gc,age       ] GC(33) Desired survivor size 4358144 bytes, new threshold 6 (max threshold 6)
[2020-03-02T07:47:14.030+0000][1][gc,age       ] GC(33) Age table with threshold 6 (max threshold 6)
[2020-03-02T07:47:14.030+0000][1][gc,age       ] GC(33) - age   1:      77208 bytes,      77208 total
[2020-03-02T07:47:14.030+0000][1][gc,age       ] GC(33) - age   2:      67936 bytes,     145144 total
[2020-03-02T07:47:14.030+0000][1][gc,age       ] GC(33) - age   3:     194536 bytes,     339680 total
[2020-03-02T07:47:14.030+0000][1][gc,age       ] GC(33) - age   4:     597576 bytes,     937256 total
[2020-03-02T07:47:14.030+0000][1][gc,age       ] GC(33) - age   5:    1126952 bytes,    2064208 total
[2020-03-02T07:47:14.030+0000][1][gc,age       ] GC(33) - age   6:    2045568 bytes,    4109776 total
[2020-03-02T07:47:14.030+0000][1][gc,heap      ] GC(33) ParNew: 72872K->7096K(76672K)
[2020-03-02T07:47:14.030+0000][1][gc,heap      ] GC(33) CMS: 58497K->58497K(963392K)
[2020-03-02T07:47:14.030+0000][1][gc,metaspace ] GC(33) Metaspace: 79058K->79058K(1122304K)
[2020-03-02T07:47:14.030+0000][1][gc           ] GC(33) Pause Young (Allocation Failure) 128M->64M(1015M) 146.375ms
[2020-03-02T07:47:14.030+0000][1][gc,cpu       ] GC(33) User=0.03s Sys=0.01s Real=0.14s
[2020-03-02T07:47:14.030+0000][1][safepoint    ] Safepoint "GenCollectForAllocation", Time since last: 2097217481 ns, Reaching safepoint: 85674 ns, At safepoint: 146436809 ns, Total: 146522483 ns
[2020-03-02T07:47:19.128+0000][1][safepoint    ] Safepoint "Cleanup", Time since last: 5097394304 ns, Reaching safepoint: 133125 ns, At safepoint: 9357 ns, Total: 142482 ns
[2020-03-02T07:47:22.130+0000][1][safepoint    ] Safepoint "Cleanup", Time since last: 3001776202 ns, Reaching safepoint: 132975 ns, At safepoint: 8181 ns, Total: 141156 ns
[2020-03-02T07:47:27.135+0000][1][safepoint    ] Safepoint "Cleanup", Time since last: 5005105166 ns, Reaching safepoint: 182151 ns, At safepoint: 7208 ns, Total: 189359 ns
[2020-03-02T07:47:29.136+0000][1][safepoint    ] Safepoint "Cleanup", Time since last: 2001070143 ns, Reaching safepoint: 95828 ns, At safepoint: 7962 ns, Total: 103790 ns
[2020-03-02T07:47:32.137+0000][1][safepoint    ] Safepoint "Cleanup", Time since last: 3000928827 ns, Reaching safepoint: 100640 ns, At safepoint: 8190 ns, Total: 108830 ns
[2020-03-02T07:47:34.143+0000][1][safepoint    ] Safepoint "Cleanup", Time since last: 2005469892 ns, Reaching safepoint: 176166 ns, At safepoint: 19308 ns, Total: 195474 ns
[2020-03-02T07:47:37.144+0000][1][safepoint    ] Safepoint "Cleanup", Time since last: 3001324576 ns, Reaching safepoint: 132200 ns, At safepoint: 13034 ns, Total: 145234 ns
[2020-03-02T07:47:39.145+0000][1][safepoint    ] Safepoint "Cleanup", Time since last: 2001124308 ns, Reaching safepoint: 156423 ns, At safepoint: 8997 ns, Total: 165420 ns
[2020-03-02T07:47:40.146+0000][1][safepoint    ] Safepoint "Cleanup", Time since last: 1000281888 ns, Reaching safepoint: 92439 ns, At safepoint: 7766 ns, Total: 100205 ns
[2020-03-02T07:47:42.146+0000][1][safepoint    ] Safepoint "Cleanup", Time since last: 2000455256 ns, Reaching safepoint: 109033 ns, At safepoint: 7831 ns, Total: 116864 ns
[2020-03-02T07:47:49.150+0000][1][safepoint    ] Safepoint "Cleanup", Time since last: 7003861661 ns, Reaching safepoint: 124286 ns, At safepoint: 8697 ns, Total: 132983 ns
[2020-03-02T07:47:50.151+0000][1][safepoint    ] Safepoint "Cleanup", Time since last: 1000271081 ns, Reaching safepoint: 88153 ns, At safepoint: 8198 ns, Total: 96351 ns
[2020-03-02T07:47:52.152+0000][1][safepoint    ] Safepoint "Cleanup", Time since last: 2001000030 ns, Reaching safepoint: 111295 ns, At safepoint: 11197 ns, Total: 122492 ns
[2020-03-02T07:47:57.158+0000][1][safepoint    ] Safepoint "Cleanup", Time since last: 5006068616 ns, Reaching safepoint: 105748 ns, At safepoint: 8003 ns, Total: 113751 ns
[2020-03-02T07:47:58.158+0000][1][safepoint    ] Safepoint "Cleanup", Time since last: 1000269062 ns, Reaching safepoint: 95580 ns, At safepoint: 8239 ns, Total: 103819 ns
[2020-03-02T07:47:59.159+0000][1][safepoint    ] Safepoint "Cleanup", Time since last: 1000597174 ns, Reaching safepoint: 110603 ns, At safepoint: 9848 ns, Total: 120451 ns
[2020-03-02T07:48:05.161+0000][1][safepoint    ] Safepoint "Cleanup", Time since last: 6001997315 ns, Reaching safepoint: 87934 ns, At safepoint: 8275 ns, Total: 96209 ns
[2020-03-02T07:48:13.168+0000][1][safepoint    ] Safepoint "Cleanup", Time since last: 8006505092 ns, Reaching safepoint: 200944 ns, At safepoint: 39256 ns, Total: 240200 ns
[2020-03-02T07:48:26.179+0000][1][safepoint    ] Safepoint "Cleanup", Time since last: 13011227522 ns, Reaching safepoint: 166966 ns, At safepoint: 14202 ns, Total: 181168 ns
[2020-03-02T07:48:31.188+0000][1][safepoint    ] Safepoint "Cleanup", Time since last: 5008886782 ns, Reaching safepoint: 156051 ns, At safepoint: 16545 ns, Total: 172596 ns
[2020-03-02T07:48:38.192+0000][1][safepoint    ] Safepoint "Cleanup", Time since last: 7002959728 ns, Reaching safepoint: 99943 ns, At safepoint: 10379 ns, Total: 110322 ns
[2020-03-02T07:48:41.199+0000][1][safepoint    ] Safepoint "Cleanup", Time since last: 3007411447 ns, Reaching safepoint: 98430 ns, At safepoint: 8516 ns, Total: 106946 ns
[2020-03-02T07:48:46.201+0000][1][safepoint    ] Safepoint "Cleanup", Time since last: 5001794205 ns, Reaching safepoint: 91021 ns, At safepoint: 7562 ns, Total: 98583 ns
[2020-03-02T07:48:55.205+0000][1][safepoint    ] Safepoint "Cleanup", Time since last: 9004042115 ns, Reaching safepoint: 214592 ns, At safepoint: 9563 ns, Total: 224155 ns
[2020-03-02T07:48:56.206+0000][1][safepoint    ] Safepoint "Cleanup", Time since last: 1000760390 ns, Reaching safepoint: 196244 ns, At safepoint: 11244 ns, Total: 207488 ns
[2020-03-02T07:48:58.207+0000][1][safepoint    ] Safepoint "Cleanup", Time since last: 2001160601 ns, Reaching safepoint: 120952 ns, At safepoint: 11173 ns, Total: 132125 ns
[2020-03-02T07:49:37.692+0000][1][safepoint    ] Safepoint "RevokeBias", Time since last: 38771103584 ns, Reaching safepoint: 712162657 ns, At safepoint: 885201 ns, Total: 713047858 ns
[2020-03-02T07:49:37.791+0000][1][safepoint    ] Safepoint "BulkRevokeBias", Time since last: 12483549 ns, Reaching safepoint: 2722032 ns, At safepoint: 83738939 ns, Total: 86460971 ns
[2020-03-02T07:49:43.037+0000][1][safepoint    ] Safepoint "Cleanup", Time since last: 5246056540 ns, Reaching safepoint: 492381 ns, At safepoint: 10295 ns, Total: 502676 ns
[2020-03-02T07:49:44.038+0000][1][safepoint    ] Safepoint "Cleanup", Time since last: 1000793561 ns, Reaching safepoint: 113084 ns, At safepoint: 7587 ns, Total: 120671 ns
[2020-03-02T07:49:48.041+0000][1][safepoint    ] Safepoint "Cleanup", Time since last: 4003054483 ns, Reaching safepoint: 107690 ns, At safepoint: 7711 ns, Total: 115401 ns
[2020-03-02T07:49:50.045+0000][1][safepoint    ] Safepoint "Cleanup", Time since last: 2003598182 ns, Reaching safepoint: 151035 ns, At safepoint: 28245 ns, Total: 179280 ns
[2020-03-02T07:49:52.046+0000][1][safepoint    ] Safepoint "Cleanup", Time since last: 2001308824 ns, Reaching safepoint: 123442 ns, At safepoint: 6600 ns, Total: 130042 ns
[2020-03-02T07:49:57.050+0000][1][safepoint    ] Safepoint "Cleanup", Time since last: 5002954921 ns, Reaching safepoint: 116861 ns, At safepoint: 9500 ns, Total: 126361 ns
[2020-03-02T07:49:59.218+0000][1][gc,start     ] GC(34) Pause Young (Allocation Failure)
[2020-03-02T07:49:59.219+0000][1][gc,task      ] GC(34) Using 1 workers of 1 for evacuation
[2020-03-02T07:50:02.421+0000][1][gc,age       ] GC(34) Desired survivor size 4358144 bytes, new threshold 6 (max threshold 6)
[2020-03-02T07:50:02.421+0000][1][gc,age       ] GC(34) Age table with threshold 6 (max threshold 6)
[2020-03-02T07:50:02.421+0000][1][gc,age       ] GC(34) - age   1:      55440 bytes,      55440 total
[2020-03-02T07:50:02.421+0000][1][gc,age       ] GC(34) - age   2:      67448 bytes,     122888 total
[2020-03-02T07:50:02.421+0000][1][gc,age       ] GC(34) - age   3:      49904 bytes,     172792 total
[2020-03-02T07:50:02.421+0000][1][gc,age       ] GC(34) - age   4:     188848 bytes,     361640 total
[2020-03-02T07:50:02.421+0000][1][gc,age       ] GC(34) - age   5:     597576 bytes,     959216 total
[2020-03-02T07:50:02.421+0000][1][gc,age       ] GC(34) - age   6:    1078968 bytes,    2038184 total
[2020-03-02T07:50:02.421+0000][1][gc,heap      ] GC(34) ParNew: 75256K->2392K(76672K)
[2020-03-02T07:50:02.421+0000][1][gc,heap      ] GC(34) CMS: 58497K->60534K(963392K)
[2020-03-02T07:50:02.421+0000][1][gc,metaspace ] GC(34) Metaspace: 79217K->79217K(1122304K)
[2020-03-02T07:50:02.421+0000][1][gc           ] GC(34) Pause Young (Allocation Failure) 130M->61M(1015M) 3202.778ms
[2020-03-02T07:50:02.421+0000][1][gc,cpu       ] GC(34) User=0.15s Sys=0.00s Real=3.20s
[2020-03-02T07:50:02.421+0000][1][safepoint    ] Safepoint "GenCollectForAllocation", Time since last: 2168803458 ns, Reaching safepoint: 92218 ns, At safepoint: 3202989559 ns, Total: 3203081777 ns
[2020-03-02T07:50:03.422+0000][1][safepoint    ] Safepoint "Cleanup", Time since last: 1000791625 ns, Reaching safepoint: 281537 ns, At safepoint: 9970 ns, Total: 291507 ns
[2020-03-02T07:50:08.425+0000][1][safepoint    ] Safepoint "Cleanup", Time since last: 5002705882 ns, Reaching safepoint: 165682 ns, At safepoint: 15067 ns, Total: 180749 ns
[2020-03-02T07:50:10.427+0000][1][safepoint    ] Safepoint "Cleanup", Time since last: 2001063132 ns, Reaching safepoint: 227552 ns, At safepoint: 26837 ns, Total: 254389 ns
[2020-03-02T07:50:15.431+0000][1][safepoint    ] Safepoint "Cleanup", Time since last: 5004646192 ns, Reaching safepoint: 99221 ns, At safepoint: 7126 ns, Total: 106347 ns
[2020-03-02T07:50:22.435+0000][1][safepoint    ] Safepoint "Cleanup", Time since last: 7003216488 ns, Reaching safepoint: 131165 ns, At safepoint: 9008 ns, Total: 140173 ns
[2020-03-02T07:50:25.437+0000][1][safepoint    ] Safepoint "Cleanup", Time since last: 3001785755 ns, Reaching safepoint: 92440 ns, At safepoint: 7912 ns, Total: 100352 ns
[2020-03-02T07:50:30.440+0000][1][safepoint    ] Safepoint "Cleanup", Time since last: 5003083288 ns, Reaching safepoint: 146078 ns, At safepoint: 17855 ns, Total: 163933 ns
[2020-03-02T07:50:33.442+0000][1][safepoint    ] Safepoint "Cleanup", Time since last: 3001867455 ns, Reaching safepoint: 132481 ns, At safepoint: 10962 ns, Total: 143443 ns
[2020-03-02T07:50:35.452+0000][1][safepoint    ] Safepoint "Cleanup", Time since last: 2010064970 ns, Reaching safepoint: 210243 ns, At safepoint: 12398 ns, Total: 222641 ns
[2020-03-02T07:50:38.454+0000][1][safepoint    ] Safepoint "Cleanup", Time since last: 3001652652 ns, Reaching safepoint: 167885 ns, At safepoint: 15247 ns, Total: 183132 ns
[2020-03-02T07:50:50.460+0000][1][safepoint    ] Safepoint "Cleanup", Time since last: 12005973332 ns, Reaching safepoint: 153514 ns, At safepoint: 23901 ns, Total: 177415 ns
[2020-03-02T07:50:53.462+0000][1][safepoint    ] Safepoint "Cleanup", Time since last: 3001246451 ns, Reaching safepoint: 139381 ns, At safepoint: 9055 ns, Total: 148436 ns
[2020-03-02T07:50:55.463+0000][1][safepoint    ] Safepoint "Cleanup", Time since last: 2001133492 ns, Reaching safepoint: 118012 ns, At safepoint: 12101 ns, Total: 130113 ns
[2020-03-02T07:51:07.470+0000][1][safepoint    ] Safepoint "Cleanup", Time since last: 12006987380 ns, Reaching safepoint: 168988 ns, At safepoint: 32263 ns, Total: 201251 ns
[2020-03-02T07:51:26.481+0000][1][safepoint    ] Safepoint "Cleanup", Time since last: 19010738166 ns, Reaching safepoint: 108154 ns, At safepoint: 9905 ns, Total: 118059 ns
[2020-03-02T07:51:28.352+0000][1][safepoint    ] Safepoint "RevokeBias", Time since last: 1871058032 ns, Reaching safepoint: 106984 ns, At safepoint: 19190 ns, Total: 126174 ns
[2020-03-02T07:51:31.362+0000][1][safepoint    ] Safepoint "Cleanup", Time since last: 3009202628 ns, Reaching safepoint: 484221 ns, At safepoint: 12753 ns, Total: 496974 ns
[2020-03-02T07:51:36.364+0000][1][safepoint    ] Safepoint "Cleanup", Time since last: 5002157431 ns, Reaching safepoint: 264478 ns, At safepoint: 52501 ns, Total: 316979 ns
[2020-03-02T07:51:41.375+0000][1][safepoint    ] Safepoint "Cleanup", Time since last: 5010203640 ns, Reaching safepoint: 103628 ns, At safepoint: 8788 ns, Total: 112416 ns
[2020-03-02T07:51:44.376+0000][1][safepoint    ] Safepoint "Cleanup", Time since last: 3001349510 ns, Reaching safepoint: 152400 ns, At safepoint: 12178 ns, Total: 164578 ns
[2020-03-02T07:51:46.377+0000][1][safepoint    ] Safepoint "Cleanup", Time since last: 2000956378 ns, Reaching safepoint: 214721 ns, At safepoint: 26830 ns, Total: 241551 ns
[2020-03-02T07:51:54.384+0000][1][safepoint    ] Safepoint "Cleanup", Time since last: 8006472278 ns, Reaching safepoint: 121375 ns, At safepoint: 13977 ns, Total: 135352 ns
[2020-03-02T07:51:56.384+0000][1][safepoint    ] Safepoint "Cleanup", Time since last: 2000393137 ns, Reaching safepoint: 96529 ns, At safepoint: 17064 ns, Total: 113593 ns
[2020-03-02T07:52:01.387+0000][1][safepoint    ] Safepoint "Cleanup", Time since last: 5002198591 ns, Reaching safepoint: 97768 ns, At safepoint: 17176 ns, Total: 114944 ns
[2020-03-02T07:52:04.394+0000][1][safepoint    ] Safepoint "Cleanup", Time since last: 3006699738 ns, Reaching safepoint: 138696 ns, At safepoint: 8442 ns, Total: 147138 ns
[2020-03-02T07:52:06.395+0000][1][safepoint    ] Safepoint "Cleanup", Time since last: 2001376538 ns, Reaching safepoint: 156826 ns, At safepoint: 8533 ns, Total: 165359 ns
[2020-03-02T07:52:09.397+0000][1][safepoint    ] Safepoint "Cleanup", Time since last: 3001477252 ns, Reaching safepoint: 96825 ns, At safepoint: 7965 ns, Total: 104790 ns
[2020-03-02T07:52:22.404+0000][1][safepoint    ] Safepoint "Cleanup", Time since last: 13007473819 ns, Reaching safepoint: 102090 ns, At safepoint: 7450 ns, Total: 109540 ns
[2020-03-02T07:52:23.405+0000][1][safepoint    ] Safepoint "Cleanup", Time since last: 1000218963 ns, Reaching safepoint: 101410 ns, At safepoint: 7293 ns, Total: 108703 ns
[2020-03-02T07:52:27.974+0000][1][gc,start     ] GC(35) Pause Young (Allocation Failure)
[2020-03-02T07:52:27.975+0000][1][gc,task      ] GC(35) Using 1 workers of 1 for evacuation
[2020-03-02T07:52:28.003+0000][1][gc,age       ] GC(35) Desired survivor size 4358144 bytes, new threshold 6 (max threshold 6)
[2020-03-02T07:52:28.003+0000][1][gc,age       ] GC(35) Age table with threshold 6 (max threshold 6)
[2020-03-02T07:52:28.003+0000][1][gc,age       ] GC(35) - age   1:      52064 bytes,      52064 total
[2020-03-02T07:52:28.003+0000][1][gc,age       ] GC(35) - age   2:      48728 bytes,     100792 total
[2020-03-02T07:52:28.003+0000][1][gc,age       ] GC(35) - age   3:      67448 bytes,     168240 total
[2020-03-02T07:52:28.003+0000][1][gc,age       ] GC(35) - age   4:      49904 bytes,     218144 total
[2020-03-02T07:52:28.003+0000][1][gc,age       ] GC(35) - age   5:     188848 bytes,     406992 total
[2020-03-02T07:52:28.003+0000][1][gc,age       ] GC(35) - age   6:     597440 bytes,    1004432 total
[2020-03-02T07:52:28.004+0000][1][gc,heap      ] GC(35) ParNew: 70552K->2090K(76672K)
[2020-03-02T07:52:28.004+0000][1][gc,heap      ] GC(35) CMS: 60534K->61605K(963392K)
[2020-03-02T07:52:28.004+0000][1][gc,metaspace ] GC(35) Metaspace: 79285K->79285K(1122304K)
[2020-03-02T07:52:28.004+0000][1][gc           ] GC(35) Pause Young (Allocation Failure) 128M->62M(1015M) 29.235ms
[2020-03-02T07:52:28.004+0000][1][gc,cpu       ] GC(35) User=0.03s Sys=0.00s Real=0.03s
[2020-03-02T07:52:28.004+0000][1][safepoint    ] Safepoint "GenCollectForAllocation", Time since last: 4569669062 ns, Reaching safepoint: 92134 ns, At safepoint: 29352746 ns, Total: 29444880 ns
[2020-03-02T07:52:34.008+0000][1][safepoint    ] Safepoint "Cleanup", Time since last: 6004225026 ns, Reaching safepoint: 93671 ns, At safepoint: 8519 ns, Total: 102190 ns
[2020-03-02T07:52:50.023+0000][1][safepoint    ] Safepoint "Cleanup", Time since last: 16014609170 ns, Reaching safepoint: 114349 ns, At safepoint: 8932 ns, Total: 123281 ns
[2020-03-02T07:52:52.024+0000][1][safepoint    ] Safepoint "Cleanup", Time since last: 2001305253 ns, Reaching safepoint: 100577 ns, At safepoint: 7885 ns, Total: 108462 ns
[2020-03-02T07:52:55.029+0000][1][safepoint    ] Safepoint "Cleanup", Time since last: 3004834017 ns, Reaching safepoint: 204706 ns, At safepoint: 22456 ns, Total: 227162 ns
[2020-03-02T07:53:12.050+0000][1][safepoint    ] Safepoint "Cleanup", Time since last: 17020902215 ns, Reaching safepoint: 204326 ns, At safepoint: 8719 ns, Total: 213045 ns
[2020-03-02T07:53:15.052+0000][1][safepoint    ] Safepoint "Cleanup", Time since last: 3001462610 ns, Reaching safepoint: 92828 ns, At safepoint: 8156 ns, Total: 100984 ns
[2020-03-02T07:53:17.054+0000][1][safepoint    ] Safepoint "Cleanup", Time since last: 2001479510 ns, Reaching safepoint: 121467 ns, At safepoint: 6930 ns, Total: 128397 ns
[2020-03-02T07:53:22.058+0000][1][safepoint    ] Safepoint "Cleanup", Time since last: 5004809294 ns, Reaching safepoint: 101336 ns, At safepoint: 7529 ns, Total: 108865 ns
[2020-03-02T07:53:27.061+0000][1][safepoint    ] Safepoint "Cleanup", Time since last: 5002035220 ns, Reaching safepoint: 100959 ns, At safepoint: 7795 ns, Total: 108754 ns
[2020-03-02T07:53:30.062+0000][1][safepoint    ] Safepoint "Cleanup", Time since last: 3001510438 ns, Reaching safepoint: 107426 ns, At safepoint: 7949 ns, Total: 115375 ns
[2020-03-02T07:53:37.073+0000][1][safepoint    ] Safepoint "Cleanup", Time since last: 7010761612 ns, Reaching safepoint: 118933 ns, At safepoint: 7791 ns, Total: 126724 ns
[2020-03-02T07:53:38.074+0000][1][safepoint    ] Safepoint "Cleanup", Time since last: 1000744320 ns, Reaching safepoint: 101995 ns, At safepoint: 15420 ns, Total: 117415 ns
[2020-03-02T07:53:47.082+0000][1][safepoint    ] Safepoint "Cleanup", Time since last: 9007531306 ns, Reaching safepoint: 131930 ns, At safepoint: 49851 ns, Total: 181781 ns
[2020-03-02T07:53:50.084+0000][1][safepoint    ] Safepoint "Cleanup", Time since last: 3001542297 ns, Reaching safepoint: 273997 ns, At safepoint: 32769 ns, Total: 306766 ns
[2020-03-02T07:53:55.089+0000][1][safepoint    ] Safepoint "Cleanup", Time since last: 5005121270 ns, Reaching safepoint: 91489 ns, At safepoint: 14046 ns, Total: 105535 ns
[2020-03-02T07:54:00.092+0000][1][safepoint    ] Safepoint "Cleanup", Time since last: 5003525021 ns, Reaching safepoint: 109468 ns, At safepoint: 7431 ns, Total: 116899 ns
[2020-03-02T07:54:15.103+0000][1][safepoint    ] Safepoint "Cleanup", Time since last: 15010415304 ns, Reaching safepoint: 89032 ns, At safepoint: 8183 ns, Total: 97215 ns
[2020-03-02T07:54:30.116+0000][1][safepoint    ] Safepoint "Cleanup", Time since last: 15012483314 ns, Reaching safepoint: 111344 ns, At safepoint: 15080 ns, Total: 126424 ns
[2020-03-02T07:54:37.128+0000][1][safepoint    ] Safepoint "Cleanup", Time since last: 7011819848 ns, Reaching safepoint: 209237 ns, At safepoint: 10674 ns, Total: 219911 ns
[2020-03-02T07:54:38.128+0000][1][safepoint    ] Safepoint "Cleanup", Time since last: 1000204156 ns, Reaching safepoint: 119059 ns, At safepoint: 9671 ns, Total: 128730 ns
[2020-03-02T07:54:58.107+0000][1][gc,start     ] GC(36) Pause Young (Allocation Failure)
[2020-03-02T07:54:58.107+0000][1][gc,task      ] GC(36) Using 1 workers of 1 for evacuation
[2020-03-02T07:54:58.124+0000][1][gc,age       ] GC(36) Desired survivor size 4358144 bytes, new threshold 6 (max threshold 6)
[2020-03-02T07:54:58.124+0000][1][gc,age       ] GC(36) Age table with threshold 6 (max threshold 6)
[2020-03-02T07:54:58.124+0000][1][gc,age       ] GC(36) - age   1:      29576 bytes,      29576 total
[2020-03-02T07:54:58.124+0000][1][gc,age       ] GC(36) - age   2:      44456 bytes,      74032 total
[2020-03-02T07:54:58.124+0000][1][gc,age       ] GC(36) - age   3:      48648 bytes,     122680 total
[2020-03-02T07:54:58.124+0000][1][gc,age       ] GC(36) - age   4:      67448 bytes,     190128 total
[2020-03-02T07:54:58.124+0000][1][gc,age       ] GC(36) - age   5:      49904 bytes,     240032 total
[2020-03-02T07:54:58.124+0000][1][gc,age       ] GC(36) - age   6:     188848 bytes,     428880 total
[2020-03-02T07:54:58.124+0000][1][gc,heap      ] GC(36) ParNew: 70250K->890K(76672K)
[2020-03-02T07:54:58.124+0000][1][gc,heap      ] GC(36) CMS: 61605K->62206K(963392K)
[2020-03-02T07:54:58.124+0000][1][gc,metaspace ] GC(36) Metaspace: 79509K->79509K(1122304K)
[2020-03-02T07:54:58.124+0000][1][gc           ] GC(36) Pause Young (Allocation Failure) 128M->61M(1015M) 17.290ms
[2020-03-02T07:54:58.124+0000][1][gc,cpu       ] GC(36) User=0.02s Sys=0.00s Real=0.02s
[2020-03-02T07:54:58.124+0000][1][safepoint    ] Safepoint "GenCollectForAllocation", Time since last: 19978889780 ns, Reaching safepoint: 112067 ns, At safepoint: 17517434 ns, Total: 17629501 ns
[2020-03-02T07:55:07.130+0000][1][safepoint    ] Safepoint "Cleanup", Time since last: 9005899114 ns, Reaching safepoint: 97208 ns, At safepoint: 7950 ns, Total: 105158 ns
[2020-03-02T07:55:15.138+0000][1][safepoint    ] Safepoint "Cleanup", Time since last: 8007038210 ns, Reaching safepoint: 170808 ns, At safepoint: 9898 ns, Total: 180706 ns
[2020-03-02T07:55:28.148+0000][1][safepoint    ] Safepoint "Cleanup", Time since last: 13010222602 ns, Reaching safepoint: 230172 ns, At safepoint: 9179 ns, Total: 239351 ns
[2020-03-02T07:55:38.155+0000][1][safepoint    ] Safepoint "Cleanup", Time since last: 10006903336 ns, Reaching safepoint: 114770 ns, At safepoint: 7981 ns, Total: 122751 ns
[2020-03-02T07:56:20.195+0000][1][safepoint    ] Safepoint "Cleanup", Time since last: 42039301199 ns, Reaching safepoint: 112520 ns, At safepoint: 7177 ns, Total: 119697 ns
[2020-03-02T07:56:53.218+0000][1][safepoint    ] Safepoint "Cleanup", Time since last: 33022967381 ns, Reaching safepoint: 129200 ns, At safepoint: 7616 ns, Total: 136816 ns
[2020-03-02T07:57:03.230+0000][1][safepoint    ] Safepoint "Cleanup", Time since last: 10011684857 ns, Reaching safepoint: 224970 ns, At safepoint: 36196 ns, Total: 261166 ns
[2020-03-02T07:57:03.478+0000][1][safepoint    ] Safepoint "RevokeBias", Time since last: 248062932 ns, Reaching safepoint: 116415 ns, At safepoint: 10376 ns, Total: 126791 ns
[2020-03-02T07:57:03.478+0000][1][safepoint    ] Safepoint "RevokeBias", Time since last: 238856 ns, Reaching safepoint: 63092 ns, At safepoint: 5998 ns, Total: 69090 ns
[2020-03-02T07:57:03.488+0000][1][safepoint    ] Safepoint "RevokeBias", Time since last: 1360906 ns, Reaching safepoint: 8468997 ns, At safepoint: 37798 ns, Total: 8506795 ns
[2020-03-02T07:57:03.503+0000][1][safepoint    ] Safepoint "RevokeBias", Time since last: 2504361 ns, Reaching safepoint: 12655149 ns, At safepoint: 19124 ns, Total: 12674273 ns
[2020-03-02T07:57:03.516+0000][1][safepoint    ] Safepoint "RevokeBias", Time since last: 254169 ns, Reaching safepoint: 12857055 ns, At safepoint: 76947 ns, Total: 12934002 ns
[2020-03-02T07:57:03.517+0000][1][safepoint    ] Safepoint "RevokeBias", Time since last: 604534 ns, Reaching safepoint: 182617 ns, At safepoint: 28109 ns, Total: 210726 ns
[2020-03-02T07:57:03.898+0000][1][safepoint    ] Safepoint "RevokeBias", Time since last: 1300006 ns, Reaching safepoint: 379283135 ns, At safepoint: 26618 ns, Total: 379309753 ns
[2020-03-02T07:57:04.167+0000][1][safepoint    ] Safepoint "RevokeBias", Time since last: 268660756 ns, Reaching safepoint: 82924 ns, At safepoint: 7995 ns, Total: 90919 ns
[2020-03-02T07:57:04.167+0000][1][safepoint    ] Safepoint "RevokeBias", Time since last: 380180 ns, Reaching safepoint: 69875 ns, At safepoint: 17206 ns, Total: 87081 ns
[2020-03-02T07:57:04.168+0000][1][safepoint    ] Safepoint "RevokeBias", Time since last: 1256462 ns, Reaching safepoint: 56455 ns, At safepoint: 7136 ns, Total: 63591 ns
[2020-03-02T07:57:04.431+0000][1][safepoint    ] Safepoint "RevokeBias", Time since last: 262548978 ns, Reaching safepoint: 102844 ns, At safepoint: 7708 ns, Total: 110552 ns
[2020-03-02T07:57:04.431+0000][1][safepoint    ] Safepoint "RevokeBias", Time since last: 183044 ns, Reaching safepoint: 50919 ns, At safepoint: 5759 ns, Total: 56678 ns
[2020-03-02T07:57:04.431+0000][1][safepoint    ] Safepoint "RevokeBias", Time since last: 44802 ns, Reaching safepoint: 38956 ns, At safepoint: 4813 ns, Total: 43769 ns
[2020-03-02T07:57:04.431+0000][1][safepoint    ] Safepoint "RevokeBias", Time since last: 41775 ns, Reaching safepoint: 81098 ns, At safepoint: 4589 ns, Total: 85687 ns
[2020-03-02T07:57:04.432+0000][1][safepoint    ] Safepoint "RevokeBias", Time since last: 164753 ns, Reaching safepoint: 43862 ns, At safepoint: 5203 ns, Total: 49065 ns
[2020-03-02T07:57:04.432+0000][1][safepoint    ] Safepoint "RevokeBias", Time since last: 34675 ns, Reaching safepoint: 38516 ns, At safepoint: 4324 ns, Total: 42840 ns
[2020-03-02T07:57:04.432+0000][1][safepoint    ] Safepoint "RevokeBias", Time since last: 219937 ns, Reaching safepoint: 129389 ns, At safepoint: 7424 ns, Total: 136813 ns
[2020-03-02T07:57:04.433+0000][1][safepoint    ] Safepoint "RevokeBias", Time since last: 625789 ns, Reaching safepoint: 52318 ns, At safepoint: 5325 ns, Total: 57643 ns
[2020-03-02T07:57:04.916+0000][1][safepoint    ] Safepoint "RevokeBias", Time since last: 483001455 ns, Reaching safepoint: 59335 ns, At safepoint: 7726 ns, Total: 67061 ns
[2020-03-02T07:57:04.917+0000][1][safepoint    ] Safepoint "RevokeBias", Time since last: 1042624 ns, Reaching safepoint: 43294 ns, At safepoint: 6470 ns, Total: 49764 ns
[2020-03-02T07:57:04.917+0000][1][safepoint    ] Safepoint "RevokeBias", Time since last: 428090 ns, Reaching safepoint: 65995 ns, At safepoint: 20206 ns, Total: 86201 ns
[2020-03-02T07:57:04.918+0000][1][safepoint    ] Safepoint "RevokeBias", Time since last: 134344 ns, Reaching safepoint: 49999 ns, At safepoint: 5030 ns, Total: 55029 ns
[2020-03-02T07:57:04.918+0000][1][safepoint    ] Safepoint "RevokeBias", Time since last: 35882 ns, Reaching safepoint: 38685 ns, At safepoint: 4518 ns, Total: 43203 ns
[2020-03-02T07:57:04.918+0000][1][safepoint    ] Safepoint "RevokeBias", Time since last: 40477 ns, Reaching safepoint: 38698 ns, At safepoint: 4687 ns, Total: 43385 ns
[2020-03-02T07:57:04.918+0000][1][safepoint    ] Safepoint "RevokeBias", Time since last: 490886 ns, Reaching safepoint: 48223 ns, At safepoint: 5875 ns, Total: 54098 ns
[2020-03-02T07:57:04.918+0000][1][safepoint    ] Safepoint "RevokeBias", Time since last: 36201 ns, Reaching safepoint: 36881 ns, At safepoint: 4484 ns, Total: 41365 ns
[2020-03-02T07:57:04.919+0000][1][safepoint    ] Safepoint "RevokeBias", Time since last: 684803 ns, Reaching safepoint: 45081 ns, At safepoint: 6053 ns, Total: 51134 ns
[2020-03-02T07:57:04.919+0000][1][safepoint    ] Safepoint "RevokeBias", Time since last: 48642 ns, Reaching safepoint: 35955 ns, At safepoint: 4384 ns, Total: 40339 ns
[2020-03-02T07:57:04.919+0000][1][safepoint    ] Safepoint "RevokeBias", Time since last: 30420 ns, Reaching safepoint: 35317 ns, At safepoint: 4270 ns, Total: 39587 ns
[2020-03-02T07:57:04.919+0000][1][safepoint    ] Safepoint "RevokeBias", Time since last: 40479 ns, Reaching safepoint: 35761 ns, At safepoint: 4403 ns, Total: 40164 ns
[2020-03-02T07:57:04.920+0000][1][safepoint    ] Safepoint "RevokeBias", Time since last: 90334 ns, Reaching safepoint: 40794 ns, At safepoint: 5092 ns, Total: 45886 ns
[2020-03-02T07:57:04.920+0000][1][safepoint    ] Safepoint "RevokeBias", Time since last: 94710 ns, Reaching safepoint: 40031 ns, At safepoint: 4941 ns, Total: 44972 ns
[2020-03-02T07:57:04.922+0000][1][safepoint    ] Safepoint "RevokeBias", Time since last: 1826548 ns, Reaching safepoint: 61309 ns, At safepoint: 6623 ns, Total: 67932 ns
[2020-03-02T07:57:04.974+0000][1][safepoint    ] Safepoint "RevokeBias", Time since last: 52045633 ns, Reaching safepoint: 188932 ns, At safepoint: 10561 ns, Total: 199493 ns
[2020-03-02T07:57:04.990+0000][1][safepoint    ] Safepoint "RevokeBias", Time since last: 16126370 ns, Reaching safepoint: 213613 ns, At safepoint: 28953 ns, Total: 242566 ns
[2020-03-02T07:57:04.991+0000][1][safepoint    ] Safepoint "RevokeBias", Time since last: 334836 ns, Reaching safepoint: 49053 ns, At safepoint: 16884 ns, Total: 65937 ns
[2020-03-02T07:57:05.001+0000][1][safepoint    ] Safepoint "RevokeBias", Time since last: 5101528 ns, Reaching safepoint: 5359033 ns, At safepoint: 12151 ns, Total: 5371184 ns
[2020-03-02T07:57:05.002+0000][1][safepoint    ] Safepoint "RevokeBias", Time since last: 419590 ns, Reaching safepoint: 206783 ns, At safepoint: 9156 ns, Total: 215939 ns
[2020-03-02T07:57:05.002+0000][1][safepoint    ] Safepoint "RevokeBias", Time since last: 66245 ns, Reaching safepoint: 74730 ns, At safepoint: 20599 ns, Total: 95329 ns
[2020-03-02T07:57:05.004+0000][1][safepoint    ] Safepoint "BulkRevokeBias", Time since last: 1753000 ns, Reaching safepoint: 70584 ns, At safepoint: 313968 ns, Total: 384552 ns
[2020-03-02T07:57:05.019+0000][1][safepoint    ] Safepoint "RevokeBias", Time since last: 14755926 ns, Reaching safepoint: 65432 ns, At safepoint: 6429 ns, Total: 71861 ns
[2020-03-02T07:57:05.271+0000][1][safepoint    ] Safepoint "RevokeBias", Time since last: 251669412 ns, Reaching safepoint: 87277 ns, At safepoint: 18438 ns, Total: 105715 ns
[2020-03-02T07:57:05.271+0000][1][safepoint    ] Safepoint "RevokeBias", Time since last: 63215 ns, Reaching safepoint: 41165 ns, At safepoint: 11194 ns, Total: 52359 ns
[2020-03-02T07:57:05.271+0000][1][safepoint    ] Safepoint "RevokeBias", Time since last: 45980 ns, Reaching safepoint: 38206 ns, At safepoint: 10419 ns, Total: 48625 ns
[2020-03-02T07:57:05.271+0000][1][safepoint    ] Safepoint "RevokeBias", Time since last: 27350 ns, Reaching safepoint: 38068 ns, At safepoint: 10107 ns, Total: 48175 ns
[2020-03-02T07:57:05.271+0000][1][safepoint    ] Safepoint "RevokeBias", Time since last: 104985 ns, Reaching safepoint: 38200 ns, At safepoint: 10575 ns, Total: 48775 ns
[2020-[2020-03-02T07:57:07.298+0000][1][safepoint    ] Safepoint "RevokeBias", Time since last: 123806546 ns, Reaching safepoint: 340654 ns, At safepoint: 10209 ns, Total: 350863 ns
[2020-03-02T07:57:07.301+0000][1][safepoint    ] Safepoint "RevokeBias", Time since last: 171380 ns, Reaching safepoint: 2716393 ns, At safepoint: 11942 ns, Total: 2728335 ns
[2020-03-02T07:57:07.305+0000][1][safepoint    ] Safepoint "RevokeBias", Time since last: 1368659 ns, Reaching safepoint: 2054630 ns, At safepoint: 8319 ns, Total: 2062949 ns
[2020-03-02T07:57:07.310+0000][1][safepoint    ] Safepoint "RevokeBias", Time since last: 1852100 ns, Reaching safepoint: 3418082 ns, At safepoint: 36195 ns, Total: 3454277 ns
[2020-03-02T07:57:07.312+0000][1][safepoint    ] Safepoint "RevokeBias", Time since last: 1923074 ns, Reaching safepoint: 28228 ns, At safepoint: 7124 ns, Total: 35352 ns
[2020-03-02T07:57:07.312+0000][1][safepoint    ] Safepoint "RevokeBias", Time since last: 647000 ns, Reaching safepoint: 17562 ns, At safepoint: 4985 ns, Total: 22547 ns
[2020-03-02T07:57:07.374+0000][1][safepoint    ] Safepoint "RevokeBias", Time since last: 2008800 ns, Reaching safepoint: 59201563 ns, At safepoint: 29797 ns, Total: 59231360 ns
[2020-03-02T07:57:07.482+0000][1][safepoint    ] Safepoint "RevokeBias", Time since last: 108353543 ns, Reaching safepoint: 22644 ns, At safepoint: 12581 ns, Total: 35225 ns
[2020-03-02T07:57:07.482+0000][1][gc,heap,exit ] Heap
[2020-03-02T07:57:07.482+0000][1][gc,heap,exit ]  par new generation   total 76672K, used 65845K [0x00000000c0000000, 0x00000000c5330000, 0x00000000c5330000)
[2020-03-02T07:57:07.482+0000][1][gc,heap,exit ]   eden space 68160K,  95% used [0x00000000c0000000, 0x00000000c3f6ebf0, 0x00000000c4290000)
[2020-03-02T07:57:07.482+0000][1][gc,heap,exit ]   from space 8512K,  10% used [0x00000000c4290000, 0x00000000c436ea28, 0x00000000c4ae0000)
[2020-03-02T07:57:07.482+0000][1][gc,heap,exit ]   to   space 8512K,   0% used [0x00000000c4ae0000, 0x00000000c4ae0000, 0x00000000c5330000)
[2020-03-02T07:57:07.482+0000][1][gc,heap,exit ]  concurrent mark-sweep generation total 963392K, used 62206K [0x00000000c5330000, 0x0000000100000000, 0x0000000100000000)
[2020-03-02T07:57:07.482+0000][1][gc,heap,exit ]  Metaspace       used 79696K, capacity 86047K, committed 86260K, reserved 1122304K
[2020-03-02T07:57:07.482+0000][1][gc,heap,exit ]   class space    used 10639K, capacity 13240K, committed 13256K, reserved 1048576K
