[2020-03-02T08:20:32.787+0000][1][gc] Using Concurrent Mark Sweep
[2020-03-02T08:20:32.787+0000][1][gc,heap,coops] Heap address: 0x00000000c0000000, size: 1024 MB, Compressed Oops mode: 32-bit
[2020-03-02T08:20:32.981+0000][1][safepoint    ] Safepoint "EnableBiasedLocking", Time since last: 164666356 ns, Reaching safepoint: 3144918 ns, At safepoint: 34144 ns, Total: 3179062 ns
[2020-03-02T08:20:33.002+0000][1][safepoint    ] Safepoint "RevokeBias", Time since last: 16375384 ns, Reaching safepoint: 4672101 ns, At safepoint: 45158 ns, Total: 4717259 ns
[2020-03-02T08:20:33.055+0000][1][safepoint    ] Safepoint "Deoptimize", Time since last: 53478778 ns, Reaching safepoint: 13700 ns, At safepoint: 18082 ns, Total: 31782 ns
[2020-03-02T08:20:34.060+0000][1][safepoint    ] Safepoint "Cleanup", Time since last: 1004307655 ns, Reaching safepoint: 41178 ns, At safepoint: 8527 ns, Total: 49705 ns
[2020-03-02T08:20:35.061+0000][1][safepoint    ] Safepoint "Cleanup", Time since last: 1000952379 ns, Reaching safepoint: 33053 ns, At safepoint: 6149 ns, Total: 39202 ns
[2020-03-02T08:20:35.678+0000][1][safepoint    ] Safepoint "Deoptimize", Time since last: 617405164 ns, Reaching safepoint: 29467 ns, At safepoint: 52352 ns, Total: 81819 ns
[2020-03-02T08:20:36.186+0000][1][safepoint    ] Safepoint "Deoptimize", Time since last: 507641382 ns, Reaching safepoint: 34083 ns, At safepoint: 84498 ns, Total: 118581 ns
[2020-03-02T08:20:37.187+0000][1][safepoint    ] Safepoint "Cleanup", Time since last: 1001405071 ns, Reaching safepoint: 110933 ns, At safepoint: 5465 ns, Total: 116398 ns
[2020-03-02T08:20:38.189+0000][1][safepoint    ] Safepoint "Cleanup", Time since last: 1001464010 ns, Reaching safepoint: 66421 ns, At safepoint: 5527 ns, Total: 71948 ns
[2020-03-02T08:20:39.210+0000][1][safepoint    ] Safepoint "Cleanup", Time since last: 1006670747 ns, Reaching safepoint: 14154448 ns, At safepoint: 7251 ns, Total: 14161699 ns
[2020-03-02T08:20:40.215+0000][1][safepoint    ] Safepoint "Cleanup", Time since last: 1005596832 ns, Reaching safepoint: 34158 ns, At safepoint: 7285 ns, Total: 41443 ns
[2020-03-02T08:20:40.286+0000][1][safepoint    ] Safepoint "Deoptimize", Time since last: 70640491 ns, Reaching safepoint: 27832 ns, At safepoint: 257439 ns, Total: 285271 ns
[2020-03-02T08:20:40.592+0000][1][safepoint    ] Safepoint "Deoptimize", Time since last: 305716021 ns, Reaching safepoint: 38007 ns, At safepoint: 109524 ns, Total: 147531 ns
[2020-03-02T08:20:41.588+0000][1][safepoint    ] Safepoint "Deoptimize", Time since last: 995244393 ns, Reaching safepoint: 53974 ns, At safepoint: 360091 ns, Total: 414065 ns
[2020-03-02T08:20:42.591+0000][1][safepoint    ] Safepoint "Cleanup", Time since last: 1000385315 ns, Reaching safepoint: 2971483 ns, At safepoint: 7116 ns, Total: 2978599 ns
[2020-03-02T08:20:43.608+0000][1][safepoint    ] Safepoint "Cleanup", Time since last: 1002116099 ns, Reaching safepoint: 15073547 ns, At safepoint: 7496 ns, Total: 15081043 ns
[2020-03-02T08:20:43.708+0000][1][safepoint    ] Safepoint "Deoptimize", Time since last: 99054709 ns, Reaching safepoint: 14915 ns, At safepoint: 92886 ns, Total: 107801 ns
[2020-03-02T08:20:44.560+0000][1][safepoint    ] Safepoint "Deoptimize", Time since last: 851834104 ns, Reaching safepoint: 38180 ns, At safepoint: 104400 ns, Total: 142580 ns
[2020-03-02T08:20:45.565+0000][1][safepoint    ] Safepoint "Cleanup", Time since last: 1002617833 ns, Reaching safepoint: 3191157 ns, At safepoint: 31099 ns, Total: 3222256 ns
[2020-03-02T08:20:45.753+0000][1][safepoint    ] Safepoint "Deoptimize", Time since last: 186353543 ns, Reaching safepoint: 98587 ns, At safepoint: 806278 ns, Total: 904865 ns
[2020-03-02T08:20:45.756+0000][1][safepoint    ] Safepoint "RevokeBias", Time since last: 2773447 ns, Reaching safepoint: 27089 ns, At safepoint: 145044 ns, Total: 172133 ns
[2020-03-02T08:20:46.762+0000][1][safepoint    ] Safepoint "Cleanup", Time since last: 1001526629 ns, Reaching safepoint: 5063540 ns, At safepoint: 25599 ns, Total: 5089139 ns
[2020-03-02T08:20:47.765+0000][1][safepoint    ] Safepoint "Cleanup", Time since last: 1003017832 ns, Reaching safepoint: 82919 ns, At safepoint: 5525 ns, Total: 88444 ns
[2020-03-02T08:20:48.082+0000][1][safepoint    ] Safepoint "Deoptimize", Time since last: 316441231 ns, Reaching safepoint: 20511 ns, At safepoint: 195241 ns, Total: 215752 ns
[2020-03-02T08:20:48.083+0000][1][safepoint    ] Safepoint "Deoptimize", Time since last: 197787 ns, Reaching safepoint: 10290 ns, At safepoint: 370223 ns, Total: 380513 ns
[2020-03-02T08:20:48.804+0000][1][safepoint    ] Safepoint "Deoptimize", Time since last: 721590731 ns, Reaching safepoint: 36144 ns, At safepoint: 300518 ns, Total: 336662 ns
[2020-03-02T08:20:48.917+0000][1][safepoint    ] Safepoint "Deoptimize", Time since last: 112244795 ns, Reaching safepoint: 33759 ns, At safepoint: 245141 ns, Total: 278900 ns
[2020-03-02T08:20:48.989+0000][1][safepoint    ] Safepoint "RevokeBias", Time since last: 68828921 ns, Reaching safepoint: 3067409 ns, At safepoint: 57388 ns, Total: 3124797 ns
[2020-03-02T08:20:49.006+0000][1][safepoint    ] Safepoint "RevokeBias", Time since last: 6117043 ns, Reaching safepoint: 10948366 ns, At safepoint: 86570 ns, Total: 11034936 ns
[2020-03-02T08:20:49.012+0000][1][safepoint    ] Safepoint "RevokeBias", Time since last: 225800 ns, Reaching safepoint: 5611894 ns, At safepoint: 81713 ns, Total: 5693607 ns
[2020-03-02T08:20:49.018+0000][1][safepoint    ] Safepoint "RevokeBias", Time since last: 544735 ns, Reaching safepoint: 5348736 ns, At safepoint: 50759 ns, Total: 5399495 ns
[2020-03-02T08:20:49.024+0000][1][safepoint    ] Safepoint "RevokeBias", Time since last: 394158 ns, Reaching safepoint: 5498053 ns, At safepoint: 72014 ns, Total: 5570067 ns
[2020-03-02T08:20:49.431+0000][1][safepoint    ] Safepoint "RevokeBias", Time since last: 407230841 ns, Reaching safepoint: 41007 ns, At safepoint: 17079 ns, Total: 58086 ns
[2020-03-02T08:20:49.814+0000][1][gc,start     ] GC(0) Pause Young (Allocation Failure)
[2020-03-02T08:20:49.815+0000][1][gc,task      ] GC(0) Using 1 workers of 1 for evacuation
[2020-03-02T08:20:49.925+0000][1][gc,age       ] GC(0) Desired survivor size 4358144 bytes, new threshold 1 (max threshold 6)
[2020-03-02T08:20:49.925+0000][1][gc,age       ] GC(0) Age table with threshold 1 (max threshold 6)
[2020-03-02T08:20:49.925+0000][1][gc,age       ] GC(0) - age   1:    8434688 bytes,    8434688 total
[2020-03-02T08:20:49.925+0000][1][gc,heap      ] GC(0) ParNew: 68160K->8276K(76672K)
[2020-03-02T08:20:49.925+0000][1][gc,heap      ] GC(0) CMS: 0K->0K(963392K)
[2020-03-02T08:20:49.925+0000][1][gc,metaspace ] GC(0) Metaspace: 12571K->12571K(1060864K)
[2020-03-02T08:20:49.925+0000][1][gc           ] GC(0) Pause Young (Allocation Failure) 66M->8M(1015M) 110.508ms
[2020-03-02T08:20:49.925+0000][1][gc,cpu       ] GC(0) User=0.04s Sys=0.00s Real=0.11s
[2020-03-02T08:20:49.925+0000][1][safepoint    ] Safepoint "GenCollectForAllocation", Time since last: 383204988 ns, Reaching safepoint: 32145 ns, At safepoint: 110561358 ns, Total: 110593503 ns
[2020-03-02T08:20:49.966+0000][1][safepoint    ] Safepoint "RevokeBias", Time since last: 36278740 ns, Reaching safepoint: 4128755 ns, At safepoint: 118017 ns, Total: 4246772 ns
[2020-03-02T08:20:49.974+0000][1][safepoint    ] Safepoint "RevokeBias", Time since last: 199404 ns, Reaching safepoint: 8570242 ns, At safepoint: 31894 ns, Total: 8602136 ns
[2020-03-02T08:20:49.978+0000][1][safepoint    ] Safepoint "RevokeBias", Time since last: 167989 ns, Reaching safepoint: 3805838 ns, At safepoint: 31384 ns, Total: 3837222 ns
[2020-03-02T08:20:49.990+0000][1][safepoint    ] Safepoint "RevokeBias", Time since last: 70459 ns, Reaching safepoint: 11076216 ns, At safepoint: 33186 ns, Total: 11109402 ns
[2020-03-02T08:20:49.990+0000][1][safepoint    ] Safepoint "RevokeBias", Time since last: 254132 ns, Reaching safepoint: 578079 ns, At safepoint: 56939 ns, Total: 635018 ns
[2020-03-02T08:20:49.995+0000][1][safepoint    ] Safepoint "RevokeBias", Time since last: 110962 ns, Reaching safepoint: 4854490 ns, At safepoint: 28156 ns, Total: 4882646 ns
[2020-03-02T08:20:49.999+0000][1][safepoint    ] Safepoint "RevokeBias", Time since last: 73783 ns, Reaching safepoint: 3854235 ns, At safepoint: 51839 ns, Total: 3906074 ns
[2020-03-02T08:20:50.003+0000][1][safepoint    ] Safepoint "RevokeBias", Time since last: 123070 ns, Reaching safepoint: 3788151 ns, At safepoint: 25440 ns, Total: 3813591 ns
[2020-03-02T08:20:50.009+0000][1][safepoint    ] Safepoint "RevokeBias", Time since last: 85030 ns, Reaching safepoint: 5812852 ns, At safepoint: 28609 ns, Total: 5841461 ns
[2020-03-02T08:20:50.013+0000][1][safepoint    ] Safepoint "RevokeBias", Time since last: 106163 ns, Reaching safepoint: 3840953 ns, At safepoint: 30825 ns, Total: 3871778 ns
[2020-03-02T08:20:50.026+0000][1][safepoint    ] Safepoint "RevokeBias", Time since last: 4069748 ns, Reaching safepoint: 8822720 ns, At safepoint: 34208 ns, Total: 8856928 ns
[2020-03-02T08:20:50.030+0000][1][safepoint    ] Safepoint "RevokeBias", Time since last: 69768 ns, Reaching safepoint: 3892753 ns, At safepoint: 34793 ns, Total: 3927546 ns
[2020-03-02T08:20:50.035+0000][1][safepoint    ] Safepoint "RevokeBias", Time since last: 111276 ns, Reaching safepoint: 4897570 ns, At safepoint: 41018 ns, Total: 4938588 ns
[2020-03-02T08:20:50.039+0000][1][safepoint    ] Safepoint "RevokeBias", Time since last: 97861 ns, Reaching safepoint: 3827047 ns, At safepoint: 47365 ns, Total: 3874412 ns
[2020-03-02T08:20:50.044+0000][1][safepoint    ] Safepoint "RevokeBias", Time since last: 115554 ns, Reaching safepoint: 4802085 ns, At safepoint: 54371 ns, Total: 4856456 ns
[2020-03-02T08:20:50.053+0000][1][safepoint    ] Safepoint "RevokeBias", Time since last: 3998645 ns, Reaching safepoint: 4983042 ns, At safepoint: 40681 ns, Total: 5023723 ns
[2020-03-02T08:20:50.059+0000][1][safepoint    ] Safepoint "RevokeBias", Time since last: 2982634 ns, Reaching safepoint: 2874846 ns, At safepoint: 27618 ns, Total: 2902464 ns
[2020-03-02T08:20:50.062+0000][1][safepoint    ] Safepoint "RevokeBias", Time since last: 74127 ns, Reaching safepoint: 2956961 ns, At safepoint: 24051 ns, Total: 2981012 ns
[2020-03-02T08:20:50.068+0000][1][safepoint    ] Safepoint "RevokeBias", Time since last: 134481 ns, Reaching safepoint: 5810102 ns, At safepoint: 36316 ns, Total: 5846418 ns
[2020-03-02T08:20:50.071+0000][1][safepoint    ] Safepoint "RevokeBias", Time since last: 78258 ns, Reaching safepoint: 2881891 ns, At safepoint: 32917 ns, Total: 2914808 ns
[2020-03-02T08:20:50.077+0000][1][safepoint    ] Safepoint "RevokeBias", Time since last: 495037 ns, Reaching safepoint: 5452633 ns, At safepoint: 57183 ns, Total: 5509816 ns
[2020-03-02T08:20:50.086+0000][1][safepoint    ] Safepoint "RevokeBias", Time since last: 67132 ns, Reaching safepoint: 8913804 ns, At safepoint: 29402 ns, Total: 8943206 ns
[2020-03-02T08:20:50.089+0000][1][safepoint    ] Safepoint "RevokeBias", Time since last: 149597 ns, Reaching safepoint: 2707395 ns, At safepoint: 31516 ns, Total: 2738911 ns
[2020-03-02T08:20:50.093+0000][1][safepoint    ] Safepoint "RevokeBias", Time since last: 72471 ns, Reaching safepoint: 3880745 ns, At safepoint: 30814 ns, Total: 3911559 ns
[2020-03-02T08:20:50.098+0000][1][safepoint    ] Safepoint "RevokeBias", Time since last: 1444943 ns, Reaching safepoint: 3614994 ns, At safepoint: 54939 ns, Total: 3669933 ns
[2020-03-02T08:20:50.105+0000][1][safepoint    ] Safepoint "RevokeBias", Time since last: 80798 ns, Reaching safepoint: 6826800 ns, At safepoint: 57508 ns, Total: 6884308 ns
[2020-03-02T08:20:50.110+0000][1][safepoint    ] Safepoint "RevokeBias", Time since last: 135681 ns, Reaching safepoint: 4793526 ns, At safepoint: 106362 ns, Total: 4899888 ns
[2020-03-02T08:20:50.114+0000][1][safepoint    ] Safepoint "RevokeBias", Time since last: 86505 ns, Reaching safepoint: 3855970 ns, At safepoint: 76935 ns, Total: 3932905 ns
[2020-03-02T08:20:51.135+0000][1][safepoint    ] Safepoint "Cleanup", Time since last: 1012089730 ns, Reaching safepoint: 9110182 ns, At safepoint: 13894 ns, Total: 9124076 ns
[2020-03-02T08:20:51.968+0000][1][safepoint    ] Safepoint "Deoptimize", Time since last: 832190793 ns, Reaching safepoint: 36839 ns, At safepoint: 245475 ns, Total: 282314 ns
[2020-03-02T08:20:52.979+0000][1][safepoint    ] Safepoint "Cleanup", Time since last: 1004366543 ns, Reaching safepoint: 7197367 ns, At safepoint: 10415 ns, Total: 7207782 ns
[2020-03-02T08:20:53.143+0000][1][safepoint    ] Safepoint "RevokeBias", Time since last: 163944831 ns, Reaching safepoint: 33563 ns, At safepoint: 29638 ns, Total: 63201 ns
[2020-03-02T08:20:54.153+0000][1][safepoint    ] Safepoint "Cleanup", Time since last: 1004110976 ns, Reaching safepoint: 5707687 ns, At safepoint: 11440 ns, Total: 5719127 ns
[2020-03-02T08:20:54.991+0000][1][safepoint    ] Safepoint "Deoptimize", Time since last: 837348283 ns, Reaching safepoint: 105173 ns, At safepoint: 480590 ns, Total: 585763 ns
[2020-03-02T08:20:54.992+0000][1][safepoint    ] Safepoint "Deoptimize", Time since last: 714221 ns, Reaching safepoint: 22377 ns, At safepoint: 385275 ns, Total: 407652 ns
[2020-03-02T08:20:55.471+0000][1][gc,start     ] GC(1) Pause Young (Allocation Failure)
[2020-03-02T08:20:55.471+0000][1][gc,task      ] GC(1) Using 1 workers of 1 for evacuation
[2020-03-02T08:20:55.612+0000][1][gc,age       ] GC(1) Desired survivor size 4358144 bytes, new threshold 6 (max threshold 6)
[2020-03-02T08:20:55.612+0000][1][gc,age       ] GC(1) Age table with threshold 6 (max threshold 6)
[2020-03-02T08:20:55.612+0000][1][gc,age       ] GC(1) - age   1:    3728192 bytes,    3728192 total
[2020-03-02T08:20:55.612+0000][1][gc,heap      ] GC(1) ParNew: 76436K->5944K(76672K)
[2020-03-02T08:20:55.612+0000][1][gc,heap      ] GC(1) CMS: 0K->6829K(963392K)
[2020-03-02T08:20:55.612+0000][1][gc,metaspace ] GC(1) Metaspace: 17386K->17386K(1064960K)
[2020-03-02T08:20:55.612+0000][1][gc           ] GC(1) Pause Young (Allocation Failure) 74M->12M(1015M) 141.189ms
[2020-03-02T08:20:55.612+0000][1][gc,cpu       ] GC(1) User=0.06s Sys=0.00s Real=0.14s
[2020-03-02T08:20:55.612+0000][1][safepoint    ] Safepoint "GenCollectForAllocation", Time since last: 472888748 ns, Reaching safepoint: 5572529 ns, At safepoint: 141284953 ns, Total: 146857482 ns
[2020-03-02T08:20:55.638+0000][1][safepoint    ] Safepoint "BulkRevokeBias", Time since last: 20563879 ns, Reaching safepoint: 5610316 ns, At safepoint: 111928 ns, Total: 5722244 ns
[2020-03-02T08:20:55.644+0000][1][safepoint    ] Safepoint "RevokeBias", Time since last: 256107 ns, Reaching safepoint: 5672730 ns, At safepoint: 164844 ns, Total: 5837574 ns
[2020-03-02T08:20:55.654+0000][1][safepoint    ] Safepoint "RevokeBias", Time since last: 5811804 ns, Reaching safepoint: 3995434 ns, At safepoint: 52956 ns, Total: 4048390 ns
[2020-03-02T08:20:55.660+0000][1][safepoint    ] Safepoint "RevokeBias", Time since last: 98702 ns, Reaching safepoint: 5882215 ns, At safepoint: 37168 ns, Total: 5919383 ns
[2020-03-02T08:20:55.666+0000][1][safepoint    ] Safepoint "RevokeBias", Time since last: 44147 ns, Reaching safepoint: 5842112 ns, At safepoint: 59379 ns, Total: 5901491 ns
[2020-03-02T08:20:55.674+0000][1][safepoint    ] Safepoint "RevokeBias", Time since last: 95130 ns, Reaching safepoint: 7910726 ns, At safepoint: 43808 ns, Total: 7954534 ns
[2020-03-02T08:20:55.685+0000][1][safepoint    ] Safepoint "RevokeBias", Time since last: 76706 ns, Reaching safepoint: 10658100 ns, At safepoint: 57691 ns, Total: 10715791 ns
[2020-03-02T08:20:55.691+0000][1][safepoint    ] Safepoint "RevokeBias", Time since last: 92098 ns, Reaching safepoint: 5886456 ns, At safepoint: 45871 ns, Total: 5932327 ns
[2020-03-02T08:20:55.697+0000][1][safepoint    ] Safepoint "RevokeBias", Time since last: 95580 ns, Reaching safepoint: 5818439 ns, At safepoint: 73598 ns, Total: 5892037 ns
[2020-03-02T08:20:55.703+0000][1][safepoint    ] Safepoint "BulkRevokeBias", Time since last: 2117660 ns, Reaching safepoint: 3813928 ns, At safepoint: 71084 ns, Total: 3885012 ns
[2020-03-02T08:20:55.709+0000][1][safepoint    ] Safepoint "BulkRevokeBias", Time since last: 74448 ns, Reaching safepoint: 5764721 ns, At safepoint: 77527 ns, Total: 5842248 ns
[2020-03-02T08:20:55.958+0000][1][safepoint    ] Safepoint "Deoptimize", Time since last: 248619084 ns, Reaching safepoint: 34533 ns, At safepoint: 355527 ns, Total: 390060 ns
[2020-03-02T08:20:56.166+0000][1][safepoint    ] Safepoint "RevokeBias", Time since last: 208223139 ns, Reaching safepoint: 52132 ns, At safepoint: 43487 ns, Total: 95619 ns
[2020-03-02T08:20:56.172+0000][1][safepoint    ] Safepoint "RevokeBias", Time since last: 6063065 ns, Reaching safepoint: 16685 ns, At safepoint: 25796 ns, Total: 42481 ns
[2020-03-02T08:20:56.278+0000][1][safepoint    ] Safepoint "RevokeBias", Time since last: 94060807 ns, Reaching safepoint: 11036787 ns, At safepoint: 38251 ns, Total: 11075038 ns
[2020-03-02T08:20:56.281+0000][1][safepoint    ] Safepoint "RevokeBias", Time since last: 3251019 ns, Reaching safepoint: 23158 ns, At safepoint: 31216 ns, Total: 54374 ns
[2020-03-02T08:20:56.362+0000][1][safepoint    ] Safepoint "RevokeBias", Time since last: 80857772 ns, Reaching safepoint: 38930 ns, At safepoint: 31751 ns, Total: 70681 ns
[2020-03-02T08:20:56.374+0000][1][safepoint    ] Safepoint "RevokeBias", Time since last: 12484348 ns, Reaching safepoint: 22309 ns, At safepoint: 28687 ns, Total: 50996 ns
[2020-03-02T08:20:56.438+0000][1][gc,start     ] GC(2) Pause Young (Allocation Failure)
[2020-03-02T08:20:56.439+0000][1][gc,task      ] GC(2) Using 1 workers of 1 for evacuation
[2020-03-02T08:20:56.485+0000][1][gc,age       ] GC(2) Desired survivor size 4358144 bytes, new threshold 2 (max threshold 6)
[2020-03-02T08:20:56.485+0000][1][gc,age       ] GC(2) Age table with threshold 2 (max threshold 6)
[2020-03-02T08:20:56.485+0000][1][gc,age       ] GC(2) - age   1:    1642880 bytes,    1642880 total
[2020-03-02T08:20:56.485+0000][1][gc,age       ] GC(2) - age   2:    3400520 bytes,    5043400 total
[2020-03-02T08:20:56.485+0000][1][gc,heap      ] GC(2) ParNew: 74104K->8440K(76672K)
[2020-03-02T08:20:56.485+0000][1][gc,heap      ] GC(2) CMS: 6829K->6829K(963392K)
[2020-03-02T08:20:56.485+0000][1][gc,metaspace ] GC(2) Metaspace: 18654K->18654K(1067008K)
[2020-03-02T08:20:56.485+0000][1][gc           ] GC(2) Pause Young (Allocation Failure) 79M->14M(1015M) 46.280ms
[2020-03-02T08:20:56.485+0000][1][gc,cpu       ] GC(2) User=0.03s Sys=0.00s Real=0.04s
[2020-03-02T08:20:56.485+0000][1][safepoint    ] Safepoint "GenCollectForAllocation", Time since last: 64062856 ns, Reaching safepoint: 29360 ns, At safepoint: 46348608 ns, Total: 46377968 ns
[2020-03-02T08:20:56.518+0000][1][safepoint    ] Safepoint "RevokeBias", Time since last: 29440670 ns, Reaching safepoint: 3669498 ns, At safepoint: 75091 ns, Total: 3744589 ns
[2020-03-02T08:20:56.519+0000][1][safepoint    ] Safepoint "RevokeBias", Time since last: 104708 ns, Reaching safepoint: 831032 ns, At safepoint: 71863 ns, Total: 902895 ns
[2020-03-02T08:20:56.520+0000][1][safepoint    ] Safepoint "RevokeBias", Time since last: 952111 ns, Reaching safepoint: 195951 ns, At safepoint: 36410 ns, Total: 232361 ns
[2020-03-02T08:20:56.521+0000][1][safepoint    ] Safepoint "RevokeBias", Time since last: 47258 ns, Reaching safepoint: 715274 ns, At safepoint: 36969 ns, Total: 752243 ns
[2020-03-02T08:20:56.521+0000][1][safepoint    ] Safepoint "RevokeBias", Time since last: 52275 ns, Reaching safepoint: 180270 ns, At safepoint: 31947 ns, Total: 212217 ns
[2020-03-02T08:20:56.521+0000][1][safepoint    ] Safepoint "RevokeBias", Time since last: 31617 ns, Reaching safepoint: 76051 ns, At safepoint: 32304 ns, Total: 108355 ns
[2020-03-02T08:20:56.552+0000][1][safepoint    ] Safepoint "RevokeBias", Time since last: 30637155 ns, Reaching safepoint: 27917 ns, At safepoint: 32022 ns, Total: 59939 ns
[2020-03-02T08:20:56.561+0000][1][safepoint    ] Safepoint "RevokeBias", Time since last: 8678128 ns, Reaching safepoint: 20866 ns, At safepoint: 27982 ns, Total: 48848 ns
[2020-03-02T08:20:57.561+0000][1][safepoint    ] Safepoint "Cleanup", Time since last: 1000366538 ns, Reaching safepoint: 67690 ns, At safepoint: 8282 ns, Total: 75972 ns
[2020-03-02T08:20:58.265+0000][1][gc,start     ] GC(3) Pause Young (Allocation Failure)
[2020-03-02T08:20:58.265+0000][1][gc,task      ] GC(3) Using 1 workers of 1 for evacuation
[2020-03-02T08:20:58.293+0000][1][gc,age       ] GC(3) Desired survivor size 4358144 bytes, new threshold 6 (max threshold 6)
[2020-03-02T08:20:58.293+0000][1][gc,age       ] GC(3) Age table with threshold 6 (max threshold 6)
[2020-03-02T08:20:58.293+0000][1][gc,age       ] GC(3) - age   1:    1910384 bytes,    1910384 total
[2020-03-02T08:20:58.293+0000][1][gc,age       ] GC(3) - age   2:     339952 bytes,    2250336 total
[2020-03-02T08:20:58.293+0000][1][gc,heap      ] GC(3) ParNew: 76600K->2898K(76672K)
[2020-03-02T08:20:58.293+0000][1][gc,heap      ] GC(3) CMS: 6829K->10183K(963392K)
[2020-03-02T08:20:58.293+0000][1][gc,metaspace ] GC(3) Metaspace: 18893K->18893K(1067008K)
[2020-03-02T08:20:58.293+0000][1][gc           ] GC(3) Pause Young (Allocation Failure) 81M->12M(1015M) 28.221ms
[2020-03-02T08:20:58.293+0000][1][gc,cpu       ] GC(3) User=0.03s Sys=0.00s Real=0.03s
[2020-03-02T08:20:58.293+0000][1][safepoint    ] Safepoint "GenCollectForAllocation", Time since last: 703499460 ns, Reaching safepoint: 28737 ns, At safepoint: 28356684 ns, Total: 28385421 ns
[2020-03-02T08:20:58.295+0000][1][safepoint    ] Safepoint "RevokeBias", Time since last: 1916730 ns, Reaching safepoint: 64784 ns, At safepoint: 28990 ns, Total: 93774 ns
[2020-03-02T08:20:58.295+0000][1][safepoint    ] Safepoint "RevokeBias", Time since last: 58596 ns, Reaching safepoint: 12426 ns, At safepoint: 19571 ns, Total: 31997 ns
[2020-03-02T08:20:58.295+0000][1][safepoint    ] Safepoint "RevokeBias", Time since last: 33600 ns, Reaching safepoint: 11828 ns, At safepoint: 19109 ns, Total: 30937 ns
[2020-03-02T08:20:58.295+0000][1][safepoint    ] Safepoint "RevokeBias", Time since last: 23958 ns, Reaching safepoint: 11061 ns, At safepoint: 17909 ns, Total: 28970 ns
[2020-03-02T08:20:58.295+0000][1][safepoint    ] Safepoint "RevokeBias", Time since last: 26878 ns, Reaching safepoint: 11203 ns, At safepoint: 18097 ns, Total: 29300 ns
[2020-03-02T08:20:58.295+0000][1][safepoint    ] Safepoint "RevokeBias", Time since last: 23490 ns, Reaching safepoint: 10899 ns, At safepoint: 17883 ns, Total: 28782 ns
[2020-03-02T08:20:59.301+0000][1][safepoint    ] Safepoint "Cleanup", Time since last: 1004990409 ns, Reaching safepoint: 281972 ns, At safepoint: 7596 ns, Total: 289568 ns
[2020-03-02T08:20:59.470+0000][1][gc,start     ] GC(4) Pause Young (Allocation Failure)
[2020-03-02T08:20:59.470+0000][1][gc,task      ] GC(4) Using 1 workers of 1 for evacuation
[2020-03-02T08:20:59.540+0000][1][gc,age       ] GC(4) Desired survivor size 4358144 bytes, new threshold 6 (max threshold 6)
[2020-03-02T08:20:59.540+0000][1][gc,age       ] GC(4) Age table with threshold 6 (max threshold 6)
[2020-03-02T08:20:59.540+0000][1][gc,age       ] GC(4) - age   1:    1875992 bytes,    1875992 total
[2020-03-02T08:20:59.540+0000][1][gc,age       ] GC(4) - age   2:     320912 bytes,    2196904 total
[2020-03-02T08:20:59.540+0000][1][gc,age       ] GC(4) - age   3:     339856 bytes,    2536760 total
[2020-03-02T08:20:59.540+0000][1][gc,heap      ] GC(4) ParNew: 71058K->4745K(76672K)
[2020-03-02T08:20:59.540+0000][1][gc,heap      ] GC(4) CMS: 10183K->10183K(963392K)
[2020-03-02T08:20:59.540+0000][1][gc,metaspace ] GC(4) Metaspace: 19495K->19495K(1067008K)
[2020-03-02T08:20:59.540+0000][1][gc           ] GC(4) Pause Young (Allocation Failure) 79M->14M(1015M) 69.789ms
[2020-03-02T08:20:59.540+0000][1][gc,cpu       ] GC(4) User=0.01s Sys=0.01s Real=0.07s
[2020-03-02T08:20:59.540+0000][1][safepoint    ] Safepoint "GenCollectForAllocation", Time since last: 169496286 ns, Reaching safepoint: 47381 ns, At safepoint: 69851702 ns, Total: 69899083 ns
[2020-03-02T08:20:59.563+0000][1][safepoint    ] Safepoint "BulkRevokeBias", Time since last: 16681662 ns, Reaching safepoint: 5977764 ns, At safepoint: 102294 ns, Total: 6080058 ns
[2020-03-02T08:20:59.575+0000][1][safepoint    ] Safepoint "RevokeBias", Time since last: 125209 ns, Reaching safepoint: 11686563 ns, At safepoint: 36831 ns, Total: 11723394 ns
[2020-03-02T08:20:59.581+0000][1][safepoint    ] Safepoint "RevokeBias", Time since last: 87517 ns, Reaching safepoint: 6087879 ns, At safepoint: 44065 ns, Total: 6131944 ns
[2020-03-02T08:20:59.584+0000][1][safepoint    ] Safepoint "RevokeBias", Time since last: 86085 ns, Reaching safepoint: 2720961 ns, At safepoint: 45824 ns, Total: 2766785 ns
[2020-03-02T08:20:59.594+0000][1][safepoint    ] Safepoint "RevokeBias", Time since last: 1920408 ns, Reaching safepoint: 8390817 ns, At safepoint: 38200 ns, Total: 8429017 ns
[2020-03-02T08:20:59.609+0000][1][safepoint    ] Safepoint "RevokeBias", Time since last: 12566021 ns, Reaching safepoint: 1941818 ns, At safepoint: 63255 ns, Total: 2005073 ns
[2020-03-02T08:20:59.685+0000][1][safepoint    ] Safepoint "RevokeBias", Time since last: 76149161 ns, Reaching safepoint: 29633 ns, At safepoint: 12006 ns, Total: 41639 ns
[2020-03-02T08:20:59.688+0000][1][safepoint    ] Safepoint "Deoptimize", Time since last: 2437722 ns, Reaching safepoint: 80666 ns, At safepoint: 404340 ns, Total: 485006 ns
[2020-03-02T08:20:59.920+0000][1][safepoint    ] Safepoint "Deoptimize", Time since last: 231249834 ns, Reaching safepoint: 253616 ns, At safepoint: 268144 ns, Total: 521760 ns
[2020-03-02T08:20:59.926+0000][1][safepoint    ] Safepoint "RevokeBias", Time since last: 6509470 ns, Reaching safepoint: 88964 ns, At safepoint: 101797 ns, Total: 190761 ns
[2020-03-02T08:21:00.098+0000][1][safepoint    ] Safepoint "RevokeBias", Time since last: 172052929 ns, Reaching safepoint: 47273 ns, At safepoint: 29796 ns, Total: 77069 ns
[2020-03-02T08:21:00.108+0000][1][safepoint    ] Safepoint "RevokeBias", Time since last: 9280121 ns, Reaching safepoint: 28542 ns, At safepoint: 25049 ns, Total: 53591 ns
[2020-03-02T08:21:00.110+0000][1][safepoint    ] Safepoint "RevokeBias", Time since last: 1768275 ns, Reaching safepoint: 19970 ns, At safepoint: 21703 ns, Total: 41673 ns
[2020-03-02T08:21:00.192+0000][1][gc,start     ] GC(5) Pause Young (Allocation Failure)
[2020-03-02T08:21:00.192+0000][1][gc,task      ] GC(5) Using 1 workers of 1 for evacuation
[2020-03-02T08:21:00.210+0000][1][gc,age       ] GC(5) Desired survivor size 4358144 bytes, new threshold 6 (max threshold 6)
[2020-03-02T08:21:00.210+0000][1][gc,age       ] GC(5) Age table with threshold 6 (max threshold 6)
[2020-03-02T08:21:00.210+0000][1][gc,age       ] GC(5) - age   1:    1753464 bytes,    1753464 total
[2020-03-02T08:21:00.210+0000][1][gc,age       ] GC(5) - age   2:    1273712 bytes,    3027176 total
[2020-03-02T08:21:00.210+0000][1][gc,age       ] GC(5) - age   3:     320912 bytes,    3348088 total
[2020-03-02T08:21:00.210+0000][1][gc,age       ] GC(5) - age   4:     339800 bytes,    3687888 total
[2020-03-02T08:21:00.210+0000][1][gc,heap      ] GC(5) ParNew: 72905K->4566K(76672K)
[2020-03-02T08:21:00.210+0000][1][gc,heap      ] GC(5) CMS: 10183K->10183K(963392K)
[2020-03-02T08:21:00.210+0000][1][gc,metaspace ] GC(5) Metaspace: 19734K->19734K(1067008K)
[2020-03-02T08:21:00.210+0000][1][gc           ] GC(5) Pause Young (Allocation Failure) 81M->14M(1015M) 18.527ms
[2020-03-02T08:21:00.210+0000][1][gc,cpu       ] GC(5) User=0.02s Sys=0.00s Real=0.02s
[2020-03-02T08:21:00.210+0000][1][safepoint    ] Safepoint "GenCollectForAllocation", Time since last: 82074871 ns, Reaching safepoint: 33246 ns, At safepoint: 18593907 ns, Total: 18627153 ns
[2020-03-02T08:21:00.219+0000][1][safepoint    ] Safepoint "RevokeBias", Time since last: 9116795 ns, Reaching safepoint: 27287 ns, At safepoint: 33612 ns, Total: 60899 ns
[2020-03-02T08:21:00.220+0000][1][safepoint    ] Safepoint "RevokeBias", Time since last: 53165 ns, Reaching safepoint: 15294 ns, At safepoint: 22512 ns, Total: 37806 ns
[2020-03-02T08:21:00.220+0000][1][safepoint    ] Safepoint "RevokeBias", Time since last: 72204 ns, Reaching safepoint: 12257 ns, At safepoint: 25672 ns, Total: 37929 ns
[2020-03-02T08:21:00.220+0000][1][safepoint    ] Safepoint "RevokeBias", Time since last: 24014 ns, Reaching safepoint: 11165 ns, At safepoint: 18910 ns, Total: 30075 ns
[2020-03-02T08:21:00.220+0000][1][safepoint    ] Safepoint "RevokeBias", Time since last: 36797 ns, Reaching safepoint: 11496 ns, At safepoint: 19297 ns, Total: 30793 ns
[2020-03-02T08:21:00.220+0000][1][safepoint    ] Safepoint "RevokeBias", Time since last: 31734 ns, Reaching safepoint: 11297 ns, At safepoint: 19094 ns, Total: 30391 ns
[2020-03-02T08:21:00.362+0000][1][safepoint    ] Safepoint "RevokeBias", Time since last: 141780161 ns, Reaching safepoint: 98867 ns, At safepoint: 49040 ns, Total: 147907 ns
[2020-03-02T08:21:00.363+0000][1][safepoint    ] Safepoint "RevokeBias", Time since last: 1431462 ns, Reaching safepoint: 20106 ns, At safepoint: 51039 ns, Total: 71145 ns
[2020-03-02T08:21:00.480+0000][1][safepoint    ] Safepoint "RevokeBias", Time since last: 116667713 ns, Reaching safepoint: 30697 ns, At safepoint: 27827 ns, Total: 58524 ns
[2020-03-02T08:21:00.486+0000][1][safepoint    ] Safepoint "RevokeBias", Time since last: 5982676 ns, Reaching safepoint: 16837 ns, At safepoint: 25288 ns, Total: 42125 ns
[2020-03-02T08:21:00.567+0000][1][gc,start     ] GC(6) Pause Young (Allocation Failure)
[2020-03-02T08:21:00.568+0000][1][gc,task      ] GC(6) Using 1 workers of 1 for evacuation
[2020-03-02T08:21:00.603+0000][1][gc,age       ] GC(6) Desired survivor size 4358144 bytes, new threshold 6 (max threshold 6)
[2020-03-02T08:21:00.603+0000][1][gc,age       ] GC(6) Age table with threshold 6 (max threshold 6)
[2020-03-02T08:21:00.603+0000][1][gc,age       ] GC(6) - age   1:     445528 bytes,     445528 total
[2020-03-02T08:21:00.603+0000][1][gc,age       ] GC(6) - age   2:    1525976 bytes,    1971504 total
[2020-03-02T08:21:00.603+0000][1][gc,age       ] GC(6) - age   3:    1273368 bytes,    3244872 total
[2020-03-02T08:21:00.603+0000][1][gc,age       ] GC(6) - age   4:     320912 bytes,    3565784 total
[2020-03-02T08:21:00.603+0000][1][gc,age       ] GC(6) - age   5:     339720 bytes,    3905504 total
[2020-03-02T08:21:00.603+0000][1][gc,heap      ] GC(6) ParNew: 72726K->6163K(76672K)
[2020-03-02T08:21:00.603+0000][1][gc,heap      ] GC(6) CMS: 10183K->10183K(963392K)
[2020-03-02T08:21:00.603+0000][1][gc,metaspace ] GC(6) Metaspace: 19820K->19820K(1067008K)
[2020-03-02T08:21:00.603+0000][1][gc           ] GC(6) Pause Young (Allocation Failure) 80M->15M(1015M) 35.389ms
[2020-03-02T08:21:00.603+0000][1][gc,cpu       ] GC(6) User=0.02s Sys=0.00s Real=0.03s
[2020-03-02T08:21:00.603+0000][1][safepoint    ] Safepoint "GenCollectForAllocation", Time since last: 81202569 ns, Reaching safepoint: 84423 ns, At safepoint: 35472885 ns, Total: 35557308 ns
[2020-03-02T08:21:00.610+0000][1][safepoint    ] Safepoint "RevokeBias", Time since last: 7149735 ns, Reaching safepoint: 34692 ns, At safepoint: 36844 ns, Total: 71536 ns
[2020-03-02T08:21:00.610+0000][1][safepoint    ] Safepoint "RevokeBias", Time since last: 57428 ns, Reaching safepoint: 14722 ns, At safepoint: 31071 ns, Total: 45793 ns
[2020-03-02T08:21:00.610+0000][1][safepoint    ] Safepoint "RevokeBias", Time since last: 48985 ns, Reaching safepoint: 12949 ns, At safepoint: 21784 ns, Total: 34733 ns
[2020-03-02T08:21:00.610+0000][1][safepoint    ] Safepoint "RevokeBias", Time since last: 25076 ns, Reaching safepoint: 11551 ns, At safepoint: 19871 ns, Total: 31422 ns
[2020-03-02T08:21:01.245+0000][1][gc,start     ] GC(7) Pause Young (Allocation Failure)
[2020-03-02T08:21:01.245+0000][1][gc,task      ] GC(7) Using 1 workers of 1 for evacuation
[2020-03-02T08:21:01.264+0000][1][gc,age       ] GC(7) Desired survivor size 4358144 bytes, new threshold 4 (max threshold 6)
[2020-03-02T08:21:01.264+0000][1][gc,age       ] GC(7) Age table with threshold 4 (max threshold 6)
[2020-03-02T08:21:01.264+0000][1][gc,age       ] GC(7) - age   1:    2017008 bytes,    2017008 total
[2020-03-02T08:21:01.264+0000][1][gc,age       ] GC(7) - age   2:     416504 bytes,    2433512 total
[2020-03-02T08:21:01.264+0000][1][gc,age       ] GC(7) - age   3:    1524040 bytes,    3957552 total
[2020-03-02T08:21:01.264+0000][1][gc,age       ] GC(7) - age   4:    1272712 bytes,    5230264 total
[2020-03-02T08:21:01.264+0000][1][gc,age       ] GC(7) - age   5:     320912 bytes,    5551176 total
[2020-03-02T08:21:01.264+0000][1][gc,age       ] GC(7) - age   6:     339720 bytes,    5890896 total
[2020-03-02T08:21:01.264+0000][1][gc,heap      ] GC(7) ParNew: 74323K->7261K(76672K)
[2020-03-02T08:21:01.264+0000][1][gc,heap      ] GC(7) CMS: 10183K->10183K(963392K)
[2020-03-02T08:21:01.264+0000][1][gc,metaspace ] GC(7) Metaspace: 20054K->20054K(1067008K)
[2020-03-02T08:21:01.264+0000][1][gc           ] GC(7) Pause Young (Allocation Failure) 82M->17M(1015M) 19.406ms
[2020-03-02T08:21:01.264+0000][1][gc,cpu       ] GC(7) User=0.02s Sys=0.00s Real=0.02s
[2020-03-02T08:21:01.264+0000][1][safepoint    ] Safepoint "GenCollectForAllocation", Time since last: 634559570 ns, Reaching safepoint: 45802 ns, At safepoint: 19451786 ns, Total: 19497588 ns
[2020-03-02T08:21:01.282+0000][1][safepoint    ] Safepoint "RevokeBias", Time since last: 9972399 ns, Reaching safepoint: 8028470 ns, At safepoint: 81673 ns, Total: 8110143 ns
[2020-03-02T08:21:01.286+0000][1][safepoint    ] Safepoint "RevokeBias", Time since last: 3853335 ns, Reaching safepoint: 116140 ns, At safepoint: 55023 ns, Total: 171163 ns
[2020-03-02T08:21:01.287+0000][1][safepoint    ] Safepoint "RevokeBias", Time since last: 92209 ns, Reaching safepoint: 102803 ns, At safepoint: 41180 ns, Total: 143983 ns
[2020-03-02T08:21:01.287+0000][1][safepoint    ] Safepoint "RevokeBias", Time since last: 34012 ns, Reaching safepoint: 54407 ns, At safepoint: 37754 ns, Total: 92161 ns
[2020-03-02T08:21:01.438+0000][1][safepoint    ] Safepoint "CollectForMetadataAllocation", Time since last: 151325580 ns, Reaching safepoint: 33531 ns, At safepoint: 129496 ns, Total: 163027 ns
[2020-03-02T08:21:01.489+0000][1][safepoint    ] Safepoint "RevokeBias", Time since last: 50245545 ns, Reaching safepoint: 108740 ns, At safepoint: 14568 ns, Total: 123308 ns
[2020-03-02T08:21:01.489+0000][1][safepoint    ] Safepoint "RevokeBias", Time since last: 179517 ns, Reaching safepoint: 19043 ns, At safepoint: 8724 ns, Total: 27767 ns
[2020-03-02T08:21:01.740+0000][1][gc,start     ] GC(8) Pause Young (Allocation Failure)
[2020-03-02T08:21:01.740+0000][1][gc,task      ] GC(8) Using 1 workers of 1 for evacuation
[2020-03-02T08:21:01.764+0000][1][gc,age       ] GC(8) Desired survivor size 4358144 bytes, new threshold 6 (max threshold 6)
[2020-03-02T08:21:01.764+0000][1][gc,age       ] GC(8) Age table with threshold 6 (max threshold 6)
[2020-03-02T08:21:01.764+0000][1][gc,age       ] GC(8) - age   1:    1300480 bytes,    1300480 total
[2020-03-02T08:21:01.764+0000][1][gc,age       ] GC(8) - age   2:     849632 bytes,    2150112 total
[2020-03-02T08:21:01.764+0000][1][gc,age       ] GC(8) - age   3:     416448 bytes,    2566560 total
[2020-03-02T08:21:01.764+0000][1][gc,age       ] GC(8) - age   4:    1523960 bytes,    4090520 total
[2020-03-02T08:21:01.764+0000][1][gc,heap      ] GC(8) ParNew: 75421K->5222K(76672K)
[2020-03-02T08:21:01.764+0000][1][gc,heap      ] GC(8) CMS: 10183K->12096K(963392K)
[2020-03-02T08:21:01.764+0000][1][gc,metaspace ] GC(8) Metaspace: 20405K->20405K(1069056K)
[2020-03-02T08:21:01.764+0000][1][gc           ] GC(8) Pause Young (Allocation Failure) 83M->16M(1015M) 23.605ms
[2020-03-02T08:21:01.764+0000][1][gc,cpu       ] GC(8) User=0.03s Sys=0.00s Real=0.02s
[2020-03-02T08:21:01.764+0000][1][safepoint    ] Safepoint "GenCollectForAllocation", Time since last: 251279790 ns, Reaching safepoint: 27634 ns, At safepoint: 23728475 ns, Total: 23756109 ns
[2020-03-02T08:21:01.775+0000][1][gc,start     ] GC(9) Pause Initial Mark
[2020-03-02T08:21:01.800+0000][1][gc           ] GC(9) Pause Initial Mark 23M->23M(1015M) 24.706ms
[2020-03-02T08:21:01.800+0000][1][gc,cpu       ] GC(9) User=0.02s Sys=0.00s Real=0.03s
[2020-03-02T08:21:01.800+0000][1][safepoint    ] Safepoint "RevokeBias", Time since last: 11044561 ns, Reaching safepoint: 28231 ns, At safepoint: 25001580 ns, Total: 25029811 ns
[2020-03-02T08:21:01.800+0000][1][gc           ] GC(9) Concurrent Mark
[2020-03-02T08:21:01.832+0000][1][safepoint    ] Safepoint "RevokeBias", Time since last: 10024647 ns, Reaching safepoint: 21811484 ns, At safepoint: 133866 ns, Total: 21945350 ns
[2020-03-02T08:21:01.860+0000][1][gc           ] GC(9) Concurrent Mark 59.838ms
[2020-03-02T08:21:01.860+0000][1][gc,cpu       ] GC(9) User=0.06s Sys=0.01s Real=0.06s
[2020-03-02T08:21:01.860+0000][1][safepoint    ] Safepoint "RevokeBias", Time since last: 12303119 ns, Reaching safepoint: 15914608 ns, At safepoint: 36458 ns, Total: 15951066 ns
[2020-03-02T08:21:01.860+0000][1][safepoint    ] Safepoint "RevokeBias", Time since last: 32379 ns, Reaching safepoint: 12930 ns, At safepoint: 19770 ns, Total: 32700 ns
[2020-03-02T08:21:01.860+0000][1][safepoint    ] Safepoint "BulkRevokeBias", Time since last: 38047 ns, Reaching safepoint: 12298 ns, At safepoint: 40244 ns, Total: 52542 ns
[2020-03-02T08:21:01.860+0000][1][safepoint    ] Safepoint "BulkRevokeBias", Time since last: 23163 ns, Reaching safepoint: 11534 ns, At safepoint: 35585 ns, Total: 47119 ns
[2020-03-02T08:21:01.860+0000][1][gc           ] GC(9) Concurrent Preclean
[2020-03-02T08:21:01.862+0000][1][gc           ] GC(9) Concurrent Preclean 1.227ms
[2020-03-02T08:21:01.862+0000][1][gc,cpu       ] GC(9) User=0.00s Sys=0.00s Real=0.00s
[2020-03-02T08:21:01.862+0000][1][gc           ] GC(9) Concurrent Abortable Preclean
[2020-03-02T08:21:02.095+0000][1][gc,start     ] GC(10) Pause Young (Allocation Failure)
[2020-03-02T08:21:02.095+0000][1][gc,task      ] GC(10) Using 1 workers of 1 for evacuation
[2020-03-02T08:21:02.110+0000][1][gc,age       ] GC(10) Desired survivor size 4358144 bytes, new threshold 6 (max threshold 6)
[2020-03-02T08:21:02.110+0000][1][gc,age       ] GC(10) Age table with threshold 6 (max threshold 6)
[2020-03-02T08:21:02.110+0000][1][gc,age       ] GC(10) - age   1:     340824 bytes,     340824 total
[2020-03-02T08:21:02.110+0000][1][gc,age       ] GC(10) - age   2:    1133904 bytes,    1474728 total
[2020-03-02T08:21:02.110+0000][1][gc,age       ] GC(10) - age   3:     849632 bytes,    2324360 total
[2020-03-02T08:21:02.110+0000][1][gc,age       ] GC(10) - age   4:     416448 bytes,    2740808 total
[2020-03-02T08:21:02.110+0000][1][gc,age       ] GC(10) - age   5:    1523936 bytes,    4264744 total
[2020-03-02T08:21:02.110+0000][1][gc,heap      ] GC(10) ParNew: 73382K->4301K(76672K)
[2020-03-02T08:21:02.110+0000][1][gc,heap      ] GC(10) CMS: 12096K->12096K(963392K)
[2020-03-02T08:21:02.110+0000][1][gc,metaspace ] GC(10) Metaspace: 20424K->20424K(1069056K)
[2020-03-02T08:21:02.110+0000][1][gc           ] GC(10) Pause Young (Allocation Failure) 83M->16M(1015M) 15.619ms
[2020-03-02T08:21:02.110+0000][1][gc,cpu       ] GC(10) User=0.01s Sys=0.00s Real=0.02s
[2020-03-02T08:21:02.110+0000][1][safepoint    ] Safepoint "GenCollectForAllocation", Time since last: 234322219 ns, Reaching safepoint: 40416 ns, At safepoint: 15668513 ns, Total: 15708929 ns
[2020-03-02T08:21:02.266+0000][1][safepoint    ] Safepoint "CollectForMetadataAllocation", Time since last: 155100074 ns, Reaching safepoint: 31877 ns, At safepoint: 119120 ns, Total: 150997 ns
[2020-03-02T08:21:02.385+0000][1][safepoint    ] Safepoint "CollectForMetadataAllocation", Time since last: 119021895 ns, Reaching safepoint: 26920 ns, At safepoint: 134365 ns, Total: 161285 ns
[2020-03-02T08:21:02.639+0000][1][safepoint    ] Safepoint "CollectForMetadataAllocation", Time since last: 254198403 ns, Reaching safepoint: 35085 ns, At safepoint: 142018 ns, Total: 177103 ns
[2020-03-02T08:21:02.878+0000][1][gc,start     ] GC(11) Pause Young (Allocation Failure)
[2020-03-02T08:21:02.878+0000][1][gc,task      ] GC(11) Using 1 workers of 1 for evacuation
[2020-03-02T08:21:02.899+0000][1][gc           ] GC(9) Concurrent Abortable Preclean 1037.241ms
[2020-03-02T08:21:02.899+0000][1][gc,cpu       ] GC(9) User=0.78s Sys=0.05s Real=1.04s
[2020-03-02T08:21:02.904+0000][1][gc,age       ] GC(11) Desired survivor size 4358144 bytes, new threshold 4 (max threshold 6)
[2020-03-02T08:21:02.904+0000][1][gc,age       ] GC(11) Age table with threshold 4 (max threshold 6)
[2020-03-02T08:21:02.904+0000][1][gc,age       ] GC(11) - age   1:    2226104 bytes,    2226104 total
[2020-03-02T08:21:02.904+0000][1][gc,age       ] GC(11) - age   2:     324792 bytes,    2550896 total
[2020-03-02T08:21:02.904+0000][1][gc,age       ] GC(11) - age   3:    1133576 bytes,    3684472 total
[2020-03-02T08:21:02.904+0000][1][gc,age       ] GC(11) - age   4:     849632 bytes,    4534104 total
[2020-03-02T08:21:02.904+0000][1][gc,age       ] GC(11) - age   5:     416448 bytes,    4950552 total
[2020-03-02T08:21:02.904+0000][1][gc,age       ] GC(11) - age   6:    1523624 bytes,    6474176 total
[2020-03-02T08:21:02.904+0000][1][gc,heap      ] GC(11) ParNew: 72461K->8397K(76672K)
[2020-03-02T08:21:02.904+0000][1][gc,heap      ] GC(11) CMS: 12096K->12096K(963392K)
[2020-03-02T08:21:02.904+0000][1][gc,metaspace ] GC(11) Metaspace: 21224K->21224K(1069056K)
[2020-03-02T08:21:02.904+0000][1][gc           ] GC(11) Pause Young (Allocation Failure) 82M->20M(1015M) 25.975ms
[2020-03-02T08:21:02.904+0000][1][gc,cpu       ] GC(11) User=0.03s Sys=0.00s Real=0.02s
[2020-03-02T08:21:02.904+0000][1][safepoint    ] Safepoint "GenCollectForAllocation", Time since last: 239006133 ns, Reaching safepoint: 37406 ns, At safepoint: 26028815 ns, Total: 26066221 ns
[2020-03-02T08:21:02.920+0000][1][gc,start     ] GC(9) Pause Remark
[2020-03-02T08:21:02.944+0000][1][gc           ] GC(9) Pause Remark 25M->25M(1015M) 24.369ms
[2020-03-02T08:21:02.944+0000][1][gc,cpu       ] GC(9) User=0.03s Sys=0.00s Real=0.02s
[2020-03-02T08:21:02.944+0000][1][safepoint    ] Safepoint "CMS_Final_Remark", Time since last: 11591449 ns, Reaching safepoint: 4024842 ns, At safepoint: 24493914 ns, Total: 28518756 ns
[2020-03-02T08:21:02.953+0000][1][gc           ] GC(9) Concurrent Sweep
[2020-03-02T08:21:02.957+0000][1][gc           ] GC(9) Concurrent Sweep 4.785ms
[2020-03-02T08:21:02.958+0000][1][gc,cpu       ] GC(9) User=0.01s Sys=0.00s Real=0.01s
[2020-03-02T08:21:02.958+0000][1][gc           ] GC(9) Concurrent Reset
[2020-03-02T08:21:02.966+0000][1][gc           ] GC(9) Concurrent Reset 8.292ms
[2020-03-02T08:21:02.966+0000][1][gc,cpu       ] GC(9) User=0.00s Sys=0.00s Real=0.00s
[2020-03-02T08:21:02.966+0000][1][gc,heap      ] GC(9) Old: 12096K->12088K(963392K)
[2020-03-02T08:21:03.173+0000][1][gc,start     ] GC(12) Pause Young (Allocation Failure)
[2020-03-02T08:21:03.173+0000][1][gc,task      ] GC(12) Using 1 workers of 1 for evacuation
[2020-03-02T08:21:03.227+0000][1][gc,age       ] GC(12) Desired survivor size 4358144 bytes, new threshold 6 (max threshold 6)
[2020-03-02T08:21:03.227+0000][1][gc,age       ] GC(12) Age table with threshold 6 (max threshold 6)
[2020-03-02T08:21:03.227+0000][1][gc,age       ] GC(12) - age   1:    1235544 bytes,    1235544 total
[2020-03-02T08:21:03.227+0000][1][gc,age       ] GC(12) - age   2:     568880 bytes,    1804424 total
[2020-03-02T08:21:03.227+0000][1][gc,age       ] GC(12) - age   3:     324792 bytes,    2129216 total
[2020-03-02T08:21:03.227+0000][1][gc,age       ] GC(12) - age   4:    1133576 bytes,    3262792 total
[2020-03-02T08:21:03.227+0000][1][gc,heap      ] GC(12) ParNew: 76557K->5791K(76672K)
[2020-03-02T08:21:03.227+0000][1][gc,heap      ] GC(12) CMS: 12088K->14833K(963392K)
[2020-03-02T08:21:03.227+0000][1][gc,metaspace ] GC(12) Metaspace: 21250K->21250K(1069056K)
[2020-03-02T08:21:03.227+0000][1][gc           ] GC(12) Pause Young (Allocation Failure) 86M->20M(1015M) 54.562ms
[2020-03-02T08:21:03.227+0000][1][gc,cpu       ] GC(12) User=0.04s Sys=0.00s Real=0.06s
[2020-03-02T08:21:03.227+0000][1][safepoint    ] Safepoint "GenCollectForAllocation", Time since last: 227944236 ns, Reaching safepoint: 382035 ns, At safepoint: 54610361 ns, Total: 54992396 ns
[2020-03-02T08:21:03.483+0000][1][gc,start     ] GC(13) Pause Young (Allocation Failure)
[2020-03-02T08:21:03.483+0000][1][gc,task      ] GC(13) Using 1 workers of 1 for evacuation
[2020-03-02T08:21:03.506+0000][1][gc,age       ] GC(13) Desired survivor size 4358144 bytes, new threshold 6 (max threshold 6)
[2020-03-02T08:21:03.506+0000][1][gc,age       ] GC(13) Age table with threshold 6 (max threshold 6)
[2020-03-02T08:21:03.506+0000][1][gc,age       ] GC(13) - age   1:     112360 bytes,     112360 total
[2020-03-02T08:21:03.506+0000][1][gc,age       ] GC(13) - age   2:     206568 bytes,     318928 total
[2020-03-02T08:21:03.506+0000][1][gc,age       ] GC(13) - age   3:     568768 bytes,     887696 total
[2020-03-02T08:21:03.506+0000][1][gc,age       ] GC(13) - age   4:     324792 bytes,    1212488 total
[2020-03-02T08:21:03.506+0000][1][gc,age       ] GC(13) - age   5:    1133576 bytes,    2346064 total
[2020-03-02T08:21:03.506+0000][1][gc,heap      ] GC(13) ParNew: 73951K->2642K(76672K)
[2020-03-02T08:21:03.506+0000][1][gc,heap      ] GC(13) CMS: 14833K->14833K(963392K)
[2020-03-02T08:21:03.506+0000][1][gc,metaspace ] GC(13) Metaspace: 21347K->21347K(1069056K)
[2020-03-02T08:21:03.506+0000][1][gc           ] GC(13) Pause Young (Allocation Failure) 86M->17M(1015M) 22.647ms
[2020-03-02T08:21:03.506+0000][1][gc,cpu       ] GC(13) User=0.02s Sys=0.00s Real=0.02s
[2020-03-02T08:21:03.506+0000][1][safepoint    ] Safepoint "GenCollectForAllocation", Time since last: 255971305 ns, Reaching safepoint: 27465 ns, At safepoint: 22829021 ns, Total: 22856486 ns
[2020-03-02T08:21:04.106+0000][1][gc,start     ] GC(14) Pause Young (Allocation Failure)
[2020-03-02T08:21:04.106+0000][1][gc,task      ] GC(14) Using 1 workers of 1 for evacuation
[2020-03-02T08:21:04.138+0000][1][gc,age       ] GC(14) Desired survivor size 4358144 bytes, new threshold 6 (max threshold 6)
[2020-03-02T08:21:04.138+0000][1][gc,age       ] GC(14) Age table with threshold 6 (max threshold 6)
[2020-03-02T08:21:04.138+0000][1][gc,age       ] GC(14) - age   1:    2060184 bytes,    2060184 total
[2020-03-02T08:21:04.138+0000][1][gc,age       ] GC(14) - age   2:     100264 bytes,    2160448 total
[2020-03-02T08:21:04.138+0000][1][gc,age       ] GC(14) - age   3:     206568 bytes,    2367016 total
[2020-03-02T08:21:04.138+0000][1][gc,age       ] GC(14) - age   4:     568768 bytes,    2935784 total
[2020-03-02T08:21:04.138+0000][1][gc,age       ] GC(14) - age   5:     324792 bytes,    3260576 total
[2020-03-02T08:21:04.138+0000][1][gc,age       ] GC(14) - age   6:    1133576 bytes,    4394152 total
[2020-03-02T08:21:04.138+0000][1][gc,heap      ] GC(14) ParNew: 70802K->4757K(76672K)
[2020-03-02T08:21:04.138+0000][1][gc,heap      ] GC(14) CMS: 14833K->14833K(963392K)
[2020-03-02T08:21:04.138+0000][1][gc,metaspace ] GC(14) Metaspace: 21409K->21409K(1069056K)
[2020-03-02T08:21:04.144+0000][1][gc           ] GC(14) Pause Young (Allocation Failure) 83M->19M(1015M) 37.551ms
[2020-03-02T08:21:04.144+0000][1][gc,cpu       ] GC(14) User=0.04s Sys=0.00s Real=0.04s
[2020-03-02T08:21:04.144+0000][1][safepoint    ] Safepoint "GenCollectForAllocation", Time since last: 599812532 ns, Reaching safepoint: 31246 ns, At safepoint: 37638771 ns, Total: 37670017 ns
[2020-03-02T08:21:04.359+0000][1][gc,start     ] GC(15) Pause Young (Allocation Failure)
[2020-03-02T08:21:04.359+0000][1][gc,task      ] GC(15) Using 1 workers of 1 for evacuation
[2020-03-02T08:21:04.384+0000][1][gc,age       ] GC(15) Desired survivor size 4358144 bytes, new threshold 6 (max threshold 6)
[2020-03-02T08:21:04.384+0000][1][gc,age       ] GC(15) Age table with threshold 6 (max threshold 6)
[2020-03-02T08:21:04.384+0000][1][gc,age       ] GC(15) - age   1:    1330720 bytes,    1330720 total
[2020-03-02T08:21:04.384+0000][1][gc,age       ] GC(15) - age   2:     304680 bytes,    1635400 total
[2020-03-02T08:21:04.384+0000][1][gc,age       ] GC(15) - age   3:     100264 bytes,    1735664 total
[2020-03-02T08:21:04.384+0000][1][gc,age       ] GC(15) - age   4:     206568 bytes,    1942232 total
[2020-03-02T08:21:04.384+0000][1][gc,age       ] GC(15) - age   5:     568616 bytes,    2510848 total
[2020-03-02T08:21:04.384+0000][1][gc,age       ] GC(15) - age   6:     324792 bytes,    2835640 total
[2020-03-02T08:21:04.384+0000][1][gc,heap      ] GC(15) ParNew: 72917K->3813K(76672K)
[2020-03-02T08:21:04.384+0000][1][gc,heap      ] GC(15) CMS: 14833K->15946K(963392K)
[2020-03-02T08:21:04.384+0000][1][gc,metaspace ] GC(15) Metaspace: 21424K->21424K(1069056K)
[2020-03-02T08:21:04.384+0000][1][gc           ] GC(15) Pause Young (Allocation Failure) 85M->19M(1015M) 25.457ms
[2020-03-02T08:21:04.384+0000][1][gc,cpu       ] GC(15) User=0.03s Sys=0.00s Real=0.02s
[2020-03-02T08:21:04.384+0000][1][safepoint    ] Safepoint "GenCollectForAllocation", Time since last: 215049356 ns, Reaching safepoint: 30029 ns, At safepoint: 25507165 ns, Total: 25537194 ns
[2020-03-02T08:21:05.389+0000][1][safepoint    ] Safepoint "Cleanup", Time since last: 1004066705 ns, Reaching safepoint: 212939 ns, At safepoint: 8254 ns, Total: 221193 ns
[2020-03-02T08:21:06.428+0000][1][safepoint    ] Safepoint "Cleanup", Time since last: 1010954139 ns, Reaching safepoint: 28063419 ns, At safepoint: 9750 ns, Total: 28073169 ns
[2020-03-02T08:21:06.492+0000][1][safepoint    ] Safepoint "Deoptimize", Time since last: 64025976 ns, Reaching safepoint: 31409 ns, At safepoint: 482968 ns, Total: 514377 ns
[2020-03-02T08:21:06.519+0000][1][safepoint    ] Safepoint "Deoptimize", Time since last: 25715553 ns, Reaching safepoint: 28890 ns, At safepoint: 631346 ns, Total: 660236 ns
[2020-03-02T08:21:06.545+0000][1][safepoint    ] Safepoint "Deoptimize", Time since last: 26230910 ns, Reaching safepoint: 20864 ns, At safepoint: 410945 ns, Total: 431809 ns
[2020-03-02T08:21:07.452+0000][1][gc,start     ] GC(16) Pause Young (Allocation Failure)
[2020-03-02T08:21:07.452+0000][1][gc,task      ] GC(16) Using 1 workers of 1 for evacuation
[2020-03-02T08:21:07.511+0000][1][gc,age       ] GC(16) Desired survivor size 4358144 bytes, new threshold 5 (max threshold 6)
[2020-03-02T08:21:07.511+0000][1][gc,age       ] GC(16) Age table with threshold 5 (max threshold 6)
[2020-03-02T08:21:07.511+0000][1][gc,age       ] GC(16) - age   1:    3739528 bytes,    3739528 total
[2020-03-02T08:21:07.511+0000][1][gc,age       ] GC(16) - age   2:     155848 bytes,    3895376 total
[2020-03-02T08:21:07.511+0000][1][gc,age       ] GC(16) - age   3:     304272 bytes,    4199648 total
[2020-03-02T08:21:07.511+0000][1][gc,age       ] GC(16) - age   4:     100080 bytes,    4299728 total
[2020-03-02T08:21:07.511+0000][1][gc,age       ] GC(16) - age   5:     206568 bytes,    4506296 total
[2020-03-02T08:21:07.511+0000][1][gc,age       ] GC(16) - age   6:     567888 bytes,    5074184 total
[2020-03-02T08:21:07.511+0000][1][gc,heap      ] GC(16) ParNew: 71973K->6060K(76672K)
[2020-03-02T08:21:07.511+0000][1][gc,heap      ] GC(16) CMS: 15946K->16264K(963392K)
[2020-03-02T08:21:07.511+0000][1][gc,metaspace ] GC(16) Metaspace: 27543K->27543K(1075200K)
[2020-03-02T08:21:07.511+0000][1][gc           ] GC(16) Pause Young (Allocation Failure) 85M->21M(1015M) 58.975ms
[2020-03-02T08:21:07.511+0000][1][gc,cpu       ] GC(16) User=0.02s Sys=0.00s Real=0.06s
[2020-03-02T08:21:07.511+0000][1][safepoint    ] Safepoint "GenCollectForAllocation", Time since last: 906892239 ns, Reaching safepoint: 156906 ns, At safepoint: 59046767 ns, Total: 59203673 ns
[2020-03-02T08:21:08.541+0000][1][safepoint    ] Safepoint "Cleanup", Time since last: 1000685807 ns, Reaching safepoint: 29021031 ns, At safepoint: 11046 ns, Total: 29032077 ns
[2020-03-02T08:21:09.543+0000][1][safepoint    ] Safepoint "Cleanup", Time since last: 1001821289 ns, Reaching safepoint: 405365 ns, At safepoint: 13025 ns, Total: 418390 ns
[2020-03-02T08:21:10.088+0000][1][safepoint    ] Safepoint "RevokeBias", Time since last: 544368299 ns, Reaching safepoint: 95778 ns, At safepoint: 54411 ns, Total: 150189 ns
[2020-03-02T08:21:10.150+0000][1][gc,start     ] GC(17) Pause Young (Allocation Failure)
[2020-03-02T08:21:10.151+0000][1][gc,task      ] GC(17) Using 1 workers of 1 for evacuation
[2020-03-02T08:21:10.215+0000][1][gc,age       ] GC(17) Desired survivor size 4358144 bytes, new threshold 1 (max threshold 6)
[2020-03-02T08:21:10.216+0000][1][gc,age       ] GC(17) Age table with threshold 1 (max threshold 6)
[2020-03-02T08:21:10.216+0000][1][gc,age       ] GC(17) - age   1:    5898488 bytes,    5898488 total
[2020-03-02T08:21:10.216+0000][1][gc,age       ] GC(17) - age   2:    2278168 bytes,    8176656 total
[2020-03-02T08:21:10.216+0000][1][gc,age       ] GC(17) - age   3:     152248 bytes,    8328904 total
[2020-03-02T08:21:10.216+0000][1][gc,age       ] GC(17) - age   4:     292808 bytes,    8621712 total
[2020-03-02T08:21:10.216+0000][1][gc,age       ] GC(17) - age   5:      93560 bytes,    8715272 total
[2020-03-02T08:21:10.216+0000][1][gc,heap      ] GC(17) ParNew: 74220K->8512K(76672K)
[2020-03-02T08:21:10.216+0000][1][gc,heap      ] GC(17) CMS: 16264K->22922K(963392K)
[2020-03-02T08:21:10.216+0000][1][gc,metaspace ] GC(17) Metaspace: 28172K->28172K(1075200K)
[2020-03-02T08:21:10.216+0000][1][gc           ] GC(17) Pause Young (Allocation Failure) 88M->30M(1015M) 65.336ms
[2020-03-02T08:21:10.216+0000][1][gc,cpu       ] GC(17) User=0.06s Sys=0.00s Real=0.06s
[2020-03-02T08:21:10.216+0000][1][safepoint    ] Safepoint "GenCollectForAllocation", Time since last: 62471868 ns, Reaching safepoint: 67634 ns, At safepoint: 65389745 ns, Total: 65457379 ns
[2020-03-02T08:21:11.426+0000][1][safepoint    ] Safepoint "Cleanup", Time since last: 1210514450 ns, Reaching safepoint: 104569 ns, At safepoint: 7182 ns, Total: 111751 ns
[2020-03-02T08:21:11.636+0000][1][gc,start     ] GC(18) Pause Young (Allocation Failure)
[2020-03-02T08:21:11.636+0000][1][gc,task      ] GC(18) Using 1 workers of 1 for evacuation
[2020-03-02T08:21:11.747+0000][1][gc,age       ] GC(18) Desired survivor size 4358144 bytes, new threshold 1 (max threshold 6)
[2020-03-02T08:21:11.747+0000][1][gc,age       ] GC(18) Age table with threshold 1 (max threshold 6)
[2020-03-02T08:21:11.747+0000][1][gc,age       ] GC(18) - age   1:    8703872 bytes,    8703872 total
[2020-03-02T08:21:11.747+0000][1][gc,heap      ] GC(18) ParNew: 76672K->8512K(76672K)
[2020-03-02T08:21:11.747+0000][1][gc,heap      ] GC(18) CMS: 22922K->30748K(963392K)
[2020-03-02T08:21:11.747+0000][1][gc,metaspace ] GC(18) Metaspace: 28326K->28326K(1075200K)
[2020-03-02T08:21:11.747+0000][1][gc           ] GC(18) Pause Young (Allocation Failure) 97M->38M(1015M) 111.475ms
[2020-03-02T08:21:11.747+0000][1][gc,cpu       ] GC(18) User=0.09s Sys=0.00s Real=0.12s
[2020-03-02T08:21:11.747+0000][1][safepoint    ] Safepoint "GenCollectForAllocation", Time since last: 209583882 ns, Reaching safepoint: 39324 ns, At safepoint: 111523324 ns, Total: 111562648 ns
[2020-03-02T08:21:12.751+0000][1][safepoint    ] Safepoint "Cleanup", Time since last: 1000300416 ns, Reaching safepoint: 2870265 ns, At safepoint: 14739 ns, Total: 2885004 ns
[2020-03-02T08:21:13.767+0000][1][safepoint    ] Safepoint "Cleanup", Time since last: 1006202676 ns, Reaching safepoint: 10197225 ns, At safepoint: 13217 ns, Total: 10210442 ns
[2020-03-02T08:21:14.457+0000][1][gc,start     ] GC(19) Pause Young (Allocation Failure)
[2020-03-02T08:21:14.457+0000][1][gc,task      ] GC(19) Using 1 workers of 1 for evacuation
[2020-03-02T08:21:14.607+0000][1][gc,age       ] GC(19) Desired survivor size 4358144 bytes, new threshold 1 (max threshold 6)
[2020-03-02T08:21:14.607+0000][1][gc,age       ] GC(19) Age table with threshold 1 (max threshold 6)
[2020-03-02T08:21:14.607+0000][1][gc,age       ] GC(19) - age   1:    6945064 bytes,    6945064 total
[2020-03-02T08:21:14.607+0000][1][gc,heap      ] GC(19) ParNew: 76672K->8250K(76672K)
[2020-03-02T08:21:14.607+0000][1][gc,heap      ] GC(19) CMS: 30748K->39329K(963392K)
[2020-03-02T08:21:14.607+0000][1][gc,metaspace ] GC(19) Metaspace: 31195K->31195K(1079296K)
[2020-03-02T08:21:14.607+0000][1][gc           ] GC(19) Pause Young (Allocation Failure) 104M->46M(1015M) 150.511ms
[2020-03-02T08:21:14.607+0000][1][gc,cpu       ] GC(19) User=0.07s Sys=0.00s Real=0.16s
[2020-03-02T08:21:14.607+0000][1][safepoint    ] Safepoint "GenCollectForAllocation", Time since last: 689582488 ns, Reaching safepoint: 41451 ns, At safepoint: 150556253 ns, Total: 150597704 ns
[2020-03-02T08:21:15.450+0000][1][gc,start     ] GC(20) Pause Young (Allocation Failure)
[2020-03-02T08:21:15.450+0000][1][gc,task      ] GC(20) Using 1 workers of 1 for evacuation
[2020-03-02T08:21:15.488+0000][1][gc,age       ] GC(20) Desired survivor size 4358144 bytes, new threshold 6 (max threshold 6)
[2020-03-02T08:21:15.489+0000][1][gc,age       ] GC(20) Age table with threshold 6 (max threshold 6)
[2020-03-02T08:21:15.489+0000][1][gc,age       ] GC(20) - age   1:    1116912 bytes,    1116912 total
[2020-03-02T08:21:15.489+0000][1][gc,heap      ] GC(20) ParNew: 76410K->7149K(76672K)
[2020-03-02T08:21:15.489+0000][1][gc,heap      ] GC(20) CMS: 39329K->46112K(963392K)
[2020-03-02T08:21:15.489+0000][1][gc,metaspace ] GC(20) Metaspace: 34216K->34216K(1081344K)
[2020-03-02T08:21:15.489+0000][1][gc           ] GC(20) Pause Young (Allocation Failure) 113M->52M(1015M) 38.403ms
[2020-03-02T08:21:15.489+0000][1][gc,cpu       ] GC(20) User=0.03s Sys=0.00s Real=0.04s
[2020-03-02T08:21:15.489+0000][1][safepoint    ] Safepoint "GenCollectForAllocation", Time since last: 842882395 ns, Reaching safepoint: 53451 ns, At safepoint: 38451648 ns, Total: 38505099 ns
[2020-03-02T08:21:16.490+0000][1][safepoint    ] Safepoint "Cleanup", Time since last: 1001097970 ns, Reaching safepoint: 94356 ns, At safepoint: 22544 ns, Total: 116900 ns
[2020-03-02T08:21:16.525+0000][1][safepoint    ] Safepoint "CollectForMetadataAllocation", Time since last: 35415863 ns, Reaching safepoint: 24477 ns, At safepoint: 122398 ns, Total: 146875 ns
[2020-03-02T08:21:16.553+0000][1][safepoint    ] Safepoint "CollectForMetadataAllocation", Time since last: 27485229 ns, Reaching safepoint: 34118 ns, At safepoint: 135898 ns, Total: 170016 ns
[2020-03-02T08:21:16.715+0000][1][safepoint    ] Safepoint "CollectForMetadataAllocation", Time since last: 161837628 ns, Reaching safepoint: 128914 ns, At safepoint: 223340 ns, Total: 352254 ns
[2020-03-02T08:21:16.764+0000][1][safepoint    ] Safepoint "CollectForMetadataAllocation", Time since last: 49038066 ns, Reaching safepoint: 32769 ns, At safepoint: 88043 ns, Total: 120812 ns
[2020-03-02T08:21:17.498+0000][1][gc,start     ] GC(21) Pause Initial Mark
[2020-03-02T08:21:17.599+0000][1][gc           ] GC(21) Pause Initial Mark 118M->118M(1015M) 101.174ms
[2020-03-02T08:21:17.599+0000][1][gc,cpu       ] GC(21) User=0.04s Sys=0.00s Real=0.10s
[2020-03-02T08:21:17.599+0000][1][safepoint    ] Safepoint "CMS_Initial_Mark", Time since last: 733354978 ns, Reaching safepoint: 42154 ns, At safepoint: 101271594 ns, Total: 101313748 ns
[2020-03-02T08:21:17.600+0000][1][gc           ] GC(21) Concurrent Mark
[2020-03-02T08:21:17.739+0000][1][gc           ] GC(21) Concurrent Mark 138.831ms
[2020-03-02T08:21:17.739+0000][1][gc,cpu       ] GC(21) User=0.07s Sys=0.00s Real=0.14s
[2020-03-02T08:21:17.739+0000][1][gc           ] GC(21) Concurrent Preclean
[2020-03-02T08:21:17.741+0000][1][gc           ] GC(21) Concurrent Preclean 2.274ms
[2020-03-02T08:21:17.741+0000][1][gc,cpu       ] GC(21) User=0.00s Sys=0.00s Real=0.00s
[2020-03-02T08:21:17.741+0000][1][gc           ] GC(21) Concurrent Abortable Preclean
[2020-03-02T08:21:17.876+0000][1][safepoint    ] Safepoint "CollectForMetadataAllocation", Time since last: 276587986 ns, Reaching safepoint: 34519 ns, At safepoint: 223567 ns, Total: 258086 ns
[2020-03-02T08:21:17.922+0000][1][gc,start     ] GC(22) Pause Young (Allocation Failure)
[2020-03-02T08:21:17.922+0000][1][gc,task      ] GC(22) Using 1 workers of 1 for evacuation
[2020-03-02T08:21:17.960+0000][1][gc,age       ] GC(22) Desired survivor size 4358144 bytes, new threshold 6 (max threshold 6)
[2020-03-02T08:21:17.960+0000][1][gc,age       ] GC(22) Age table with threshold 6 (max threshold 6)
[2020-03-02T08:21:17.960+0000][1][gc,age       ] GC(22) - age   1:    1866448 bytes,    1866448 total
[2020-03-02T08:21:17.961+0000][1][gc,age       ] GC(22) - age   2:    1060224 bytes,    2926672 total
[2020-03-02T08:21:17.961+0000][1][gc,heap      ] GC(22) ParNew: 75309K->3983K(76672K)
[2020-03-02T08:21:17.961+0000][1][gc,heap      ] GC(22) CMS: 46112K->46112K(963392K)
[2020-03-02T08:21:17.961+0000][1][gc,metaspace ] GC(22) Metaspace: 36011K->36011K(1083392K)
[2020-03-02T08:21:17.961+0000][1][gc           ] GC(22) Pause Young (Allocation Failure) 118M->48M(1015M) 38.792ms
[2020-03-02T08:21:17.961+0000][1][gc,cpu       ] GC(22) User=0.03s Sys=0.00s Real=0.04s
[2020-03-02T08:21:17.961+0000][1][safepoint    ] Safepoint "GenCollectForAllocation", Time since last: 34817486 ns, Reaching safepoint: 11049055 ns, At safepoint: 38856602 ns, Total: 49905657 ns
[2020-03-02T08:21:18.119+0000][1][safepoint    ] Safepoint "CollectForMetadataAllocation", Time since last: 158276280 ns, Reaching safepoint: 20149 ns, At safepoint: 153524 ns, Total: 173673 ns
[2020-03-02T08:21:18.265+0000][1][safepoint    ] Safepoint "CollectForMetadataAllocation", Time since last: 146092706 ns, Reaching safepoint: 36472 ns, At safepoint: 158043 ns, Total: 194515 ns
[2020-03-02T08:21:18.369+0000][1][safepoint    ] Safepoint "CollectForMetadataAllocation", Time since last: 103349014 ns, Reaching safepoint: 29619 ns, At safepoint: 140364 ns, Total: 169983 ns
[2020-03-02T08:21:18.516+0000][1][safepoint    ] Safepoint "CollectForMetadataAllocation", Time since last: 147131032 ns, Reaching safepoint: 40087 ns, At safepoint: 85464 ns, Total: 125551 ns
[2020-03-02T08:21:18.710+0000][1][safepoint    ] Safepoint "CollectForMetadataAllocation", Time since last: 181234898 ns, Reaching safepoint: 12726398 ns, At safepoint: 307317 ns, Total: 13033715 ns
[2020-03-02T08:21:18.987+0000][1][safepoint    ] Safepoint "CollectForMetadataAllocation", Time since last: 276376060 ns, Reaching safepoint: 90763 ns, At safepoint: 210413 ns, Total: 301176 ns
[2020-03-02T08:21:18.999+0000][1][safepoint    ] Safepoint "CollectForMetadataAllocation", Time since last: 10829014 ns, Reaching safepoint: 1372466 ns, At safepoint: 16878 ns, Total: 1389344 ns
[2020-03-02T08:21:19.035+0000][1][safepoint    ] Safepoint "RevokeBias", Time since last: 32199680 ns, Reaching safepoint: 3032401 ns, At safepoint: 58807 ns, Total: 3091208 ns
[2020-03-02T08:21:19.037+0000][1][safepoint    ] Safepoint "Deoptimize", Time since last: 1329369 ns, Reaching safepoint: 26352 ns, At safepoint: 566079 ns, Total: 592431 ns
[2020-03-02T08:21:19.090+0000][1][safepoint    ] Safepoint "RevokeBias", Time since last: 53140047 ns, Reaching safepoint: 27264 ns, At safepoint: 38025 ns, Total: 65289 ns
[2020-03-02T08:21:19.179+0000][1][safepoint    ] Safepoint "CollectForMetadataAllocation", Time since last: 85214328 ns, Reaching safepoint: 3862083 ns, At safepoint: 218865 ns, Total: 4080948 ns
[2020-03-02T08:21:19.189+0000][1][safepoint    ] Safepoint "RevokeBias", Time since last: 9717597 ns, Reaching safepoint: 46370 ns, At safepoint: 118150 ns, Total: 164520 ns
[2020-03-02T08:21:19.486+0000][1][safepoint    ] Safepoint "CollectForMetadataAllocation", Time since last: 295053910 ns, Reaching safepoint: 1995169 ns, At safepoint: 284441 ns, Total: 2279610 ns
[2020-03-02T08:21:19.609+0000][1][safepoint    ] Safepoint "CollectForMetadataAllocation", Time since last: 119684846 ns, Reaching safepoint: 3028162 ns, At safepoint: 147088 ns, Total: 3175250 ns
[2020-03-02T08:21:19.839+0000][1][safepoint    ] Safepoint "CollectForMetadataAllocation", Time since last: 230088621 ns, Reaching safepoint: 48382 ns, At safepoint: 121143 ns, Total: 169525 ns
[2020-03-02T08:21:19.938+0000][1][safepoint    ] Safepoint "CollectForMetadataAllocation", Time since last: 98339185 ns, Reaching safepoint: 35927 ns, At safepoint: 132890 ns, Total: 168817 ns
[2020-03-02T08:21:20.161+0000][1][safepoint    ] Safepoint "CollectForMetadataAllocation", Time since last: 206510080 ns, Reaching safepoint: 16681919 ns, At safepoint: 201505 ns, Total: 16883424 ns
[2020-03-02T08:21:20.306+0000][1][safepoint    ] Safepoint "CollectForMetadataAllocation", Time since last: 144154199 ns, Reaching safepoint: 22338 ns, At safepoint: 101688 ns, Total: 124026 ns
[2020-03-02T08:21:20.467+0000][1][safepoint    ] Safepoint "CollectForMetadataAllocation", Time since last: 151608470 ns, Reaching safepoint: 9386478 ns, At safepoint: 229285 ns, Total: 9615763 ns
[2020-03-02T08:21:20.604+0000][1][safepoint    ] Safepoint "CollectForMetadataAllocation", Time since last: 137451497 ns, Reaching safepoint: 25514 ns, At safepoint: 114782 ns, Total: 140296 ns
[2020-03-02T08:21:20.764+0000][1][safepoint    ] Safepoint "CollectForMetadataAllocation", Time since last: 159678483 ns, Reaching safepoint: 16055 ns, At safepoint: 113660 ns, Total: 129715 ns
[2020-03-02T08:21:20.897+0000][1][safepoint    ] Safepoint "CollectForMetadataAllocation", Time since last: 132625130 ns, Reaching safepoint: 41669 ns, At safepoint: 121730 ns, Total: 163399 ns
[2020-03-02T08:21:21.015+0000][1][safepoint    ] Safepoint "CollectForMetadataAllocation", Time since last: 106397734 ns, Reaching safepoint: 11777676 ns, At safepoint: 184179 ns, Total: 11961855 ns
[2020-03-02T08:21:21.072+0000][1][safepoint    ] Safepoint "CollectForMetadataAllocation", Time since last: 56289480 ns, Reaching safepoint: 34942 ns, At safepoint: 119385 ns, Total: 154327 ns
[2020-03-02T08:21:21.145+0000][1][safepoint    ] Safepoint "CollectForMetadataAllocation", Time since last: 72706794 ns, Reaching safepoint: 56815 ns, At safepoint: 125977 ns, Total: 182792 ns
[2020-03-02T08:21:21.225+0000][1][safepoint    ] Safepoint "CollectForMetadataAllocation", Time since last: 79119360 ns, Reaching safepoint: 755738 ns, At safepoint: 119019 ns, Total: 874757 ns
[2020-03-02T08:21:21.291+0000][1][safepoint    ] Safepoint "CollectForMetadataAllocation", Time since last: 66101074 ns, Reaching safepoint: 43615 ns, At safepoint: 116582 ns, Total: 160197 ns
[2020-03-02T08:21:21.423+0000][1][safepoint    ] Safepoint "CollectForMetadataAllocation", Time since last: 132298711 ns, Reaching safepoint: 37247 ns, At safepoint: 203848 ns, Total: 241095 ns
[2020-03-02T08:21:21.528+0000][1][gc           ] GC(21) Concurrent Abortable Preclean 3786.616ms
[2020-03-02T08:21:21.528+0000][1][gc,cpu       ] GC(21) User=1.96s Sys=0.08s Real=3.79s
[2020-03-02T08:21:21.528+0000][1][gc,start     ] GC(21) Pause Remark
[2020-03-02T08:21:21.558+0000][1][gc           ] GC(21) Pause Remark 83M->83M(1015M) 29.988ms
[2020-03-02T08:21:21.558+0000][1][gc,cpu       ] GC(21) User=0.03s Sys=0.00s Real=0.03s
[2020-03-02T08:21:21.558+0000][1][safepoint    ] Safepoint "CMS_Final_Remark", Time since last: 104303134 ns, Reaching safepoint: 41705 ns, At safepoint: 30082991 ns, Total: 30124696 ns
[2020-03-02T08:21:21.576+0000][1][gc           ] GC(21) Concurrent Sweep
[2020-03-02T08:21:21.642+0000][1][safepoint    ] Safepoint "CollectForMetadataAllocation", Time since last: 82880707 ns, Reaching safepoint: 786791 ns, At safepoint: 140276 ns, Total: 927067 ns
[2020-03-02T08:21:21.649+0000][1][gc           ] GC(21) Concurrent Sweep 73.318ms
[2020-03-02T08:21:21.649+0000][1][gc,cpu       ] GC(21) User=0.07s Sys=0.00s Real=0.08s
[2020-03-02T08:21:21.649+0000][1][gc           ] GC(21) Concurrent Reset
[2020-03-02T08:21:21.650+0000][1][gc           ] GC(21) Concurrent Reset 1.241ms
[2020-03-02T08:21:21.650+0000][1][gc,cpu       ] GC(21) User=0.00s Sys=0.00s Real=0.00s
[2020-03-02T08:21:21.650+0000][1][gc,heap      ] GC(21) Old: 46112K->45903K(963392K)
[2020-03-02T08:21:21.786+0000][1][safepoint    ] Safepoint "RevokeBias", Time since last: 133269677 ns, Reaching safepoint: 11061437 ns, At safepoint: 41669 ns, Total: 11103106 ns
[2020-03-02T08:21:22.792+0000][1][safepoint    ] Safepoint "Cleanup", Time since last: 1003981439 ns, Reaching safepoint: 1605172 ns, At safepoint: 10039 ns, Total: 1615211 ns
[2020-03-02T08:21:23.806+0000][1][safepoint    ] Safepoint "Cleanup", Time since last: 1001217762 ns, Reaching safepoint: 12992608 ns, At safepoint: 10276 ns, Total: 13002884 ns
[2020-03-02T08:21:24.807+0000][1][safepoint    ] Safepoint "Cleanup", Time since last: 1001175298 ns, Reaching safepoint: 325701 ns, At safepoint: 12632 ns, Total: 338333 ns
[2020-03-02T08:21:25.276+0000][1][gc,start     ] GC(23) Pause Young (Allocation Failure)
[2020-03-02T08:21:25.276+0000][1][gc,task      ] GC(23) Using 1 workers of 1 for evacuation
[2020-03-02T08:21:25.307+0000][1][gc,age       ] GC(23) Desired survivor size 4358144 bytes, new threshold 2 (max threshold 6)
[2020-03-02T08:21:25.307+0000][1][gc,age       ] GC(23) Age table with threshold 2 (max threshold 6)
[2020-03-02T08:21:25.307+0000][1][gc,age       ] GC(23) - age   1:    2672480 bytes,    2672480 total
[2020-03-02T08:21:25.307+0000][1][gc,age       ] GC(23) - age   2:    1840032 bytes,    4512512 total
[2020-03-02T08:21:25.307+0000][1][gc,age       ] GC(23) - age   3:    1059352 bytes,    5571864 total
[2020-03-02T08:21:25.307+0000][1][gc,heap      ] GC(23) ParNew: 72143K->7924K(76672K)
[2020-03-02T08:21:25.307+0000][1][gc,heap      ] GC(23) CMS: 45903K->45903K(963392K)
[2020-03-02T08:21:25.307+0000][1][gc,metaspace ] GC(23) Metaspace: 44682K->44682K(1091584K)
[2020-03-02T08:21:25.307+0000][1][gc           ] GC(23) Pause Young (Allocation Failure) 115M->52M(1015M) 31.313ms
[2020-03-02T08:21:25.307+0000][1][gc,cpu       ] GC(23) User=0.03s Sys=0.00s Real=0.04s
[2020-03-02T08:21:25.308+0000][1][safepoint    ] Safepoint "GenCollectForAllocation", Time since last: 468723092 ns, Reaching safepoint: 43352 ns, At safepoint: 31367148 ns, Total: 31410500 ns
[2020-03-02T08:21:26.321+0000][1][safepoint    ] Safepoint "Cleanup", Time since last: 1002311593 ns, Reaching safepoint: 10772507 ns, At safepoint: 9897 ns, Total: 10782404 ns
[2020-03-02T08:21:26.323+0000][1][safepoint    ] Safepoint "RevokeBias", Time since last: 2634152 ns, Reaching safepoint: 24506 ns, At safepoint: 50464 ns, Total: 74970 ns
[2020-03-02T08:21:26.345+0000][1][safepoint    ] Safepoint "RevokeBias", Time since last: 22065114 ns, Reaching safepoint: 26872 ns, At safepoint: 28156 ns, Total: 55028 ns
[2020-03-02T08:21:26.781+0000][1][safepoint    ] Safepoint "RevokeBias", Time since last: 435178791 ns, Reaching safepoint: 44896 ns, At safepoint: 41010 ns, Total: 85906 ns
[2020-03-02T08:21:26.781+0000][1][safepoint    ] Safepoint "RevokeBias", Time since last: 296428 ns, Reaching safepoint: 17468 ns, At safepoint: 123445 ns, Total: 140913 ns
[2020-03-02T08:21:26.781+0000][1][safepoint    ] Safepoint "RevokeBias", Time since last: 62627 ns, Reaching safepoint: 15179 ns, At safepoint: 20018 ns, Total: 35197 ns
[2020-03-02T08:21:26.781+0000][1][safepoint    ] Safepoint "RevokeBias", Time since last: 24065 ns, Reaching safepoint: 8102 ns, At safepoint: 19528 ns, Total: 27630 ns
[2020-03-02T08:21:26.781+0000][1][safepoint    ] Safepoint "RevokeBias", Time since last: 47408 ns, Reaching safepoint: 9284 ns, At safepoint: 18045 ns, Total: 27329 ns
[2020-03-02T08:21:26.781+0000][1][safepoint    ] Safepoint "RevokeBias", Time since last: 26564 ns, Reaching safepoint: 8051 ns, At safepoint: 17050 ns, Total: 25101 ns
[2020-03-02T08:21:26.782+0000][1][safepoint    ] Safepoint "RevokeBias", Time since last: 67091 ns, Reaching safepoint: 16057 ns, At safepoint: 17999 ns, Total: 34056 ns
[2020-03-02T08:21:26.783+0000][1][safepoint    ] Safepoint "RevokeBias", Time since last: 1323216 ns, Reaching safepoint: 25205 ns, At safepoint: 54746 ns, Total: 79951 ns
[2020-03-02T08:21:26.783+0000][1][safepoint    ] Safepoint "RevokeBias", Time since last: 458508 ns, Reaching safepoint: 27149 ns, At safepoint: 36369 ns, Total: 63518 ns
[2020-03-02T08:21:26.784+0000][1][safepoint    ] Safepoint "RevokeBias", Time since last: 321476 ns, Reaching safepoint: 29747 ns, At safepoint: 34922 ns, Total: 64669 ns
[2020-03-02T08:21:26.784+0000][1][safepoint    ] Safepoint "RevokeBias", Time since last: 75327 ns, Reaching safepoint: 19083 ns, At safepoint: 30924 ns, Total: 50007 ns
[2020-03-02T08:21:27.070+0000][1][safepoint    ] Safepoint "RevokeBias", Time since last: 286230032 ns, Reaching safepoint: 55975 ns, At safepoint: 84368 ns, Total: 140343 ns
[2020-03-02T08:21:27.518+0000][1][safepoint    ] Safepoint "RevokeBias", Time since last: 441883357 ns, Reaching safepoint: 5133278 ns, At safepoint: 170891 ns, Total: 5304169 ns
[2020-03-02T08:21:27.522+0000][1][safepoint    ] Safepoint "RevokeBias", Time since last: 284437 ns, Reaching safepoint: 4430861 ns, At safepoint: 210423 ns, Total: 4641284 ns
[2020-03-02T08:21:27.540+0000][1][safepoint    ] Safepoint "RevokeBias", Time since last: 7574348 ns, Reaching safepoint: 9983960 ns, At safepoint: 60569 ns, Total: 10044529 ns
[2020-03-02T08:21:27.879+0000][1][safepoint    ] Safepoint "RevokeBias", Time since last: 327580377 ns, Reaching safepoint: 11163115 ns, At safepoint: 91968 ns, Total: 11255083 ns
[2020-03-02T08:21:27.879+0000][1][safepoint    ] Safepoint "RevokeBias", Time since last: 303130 ns, Reaching safepoint: 220084 ns, At safepoint: 39857 ns, Total: 259941 ns
[2020-03-02T08:21:27.880+0000][1][safepoint    ] Safepoint "RevokeBias", Time since last: 230557 ns, Reaching safepoint: 19951 ns, At safepoint: 26217 ns, Total: 46168 ns
[2020-03-02T08:21:27.890+0000][1][safepoint    ] Safepoint "RevokeBias", Time since last: 5212710 ns, Reaching safepoint: 5074870 ns, At safepoint: 50030 ns, Total: 5124900 ns
[2020-03-02T08:21:27.900+0000][1][safepoint    ] Safepoint "RevokeBias", Time since last: 5977246 ns, Reaching safepoint: 4057683 ns, At safepoint: 53949 ns, Total: 4111632 ns
[2020-03-02T08:21:27.905+0000][1][safepoint    ] Safepoint "RevokeBias", Time since last: 1459884 ns, Reaching safepoint: 3463323 ns, At safepoint: 47232 ns, Total: 3510555 ns
[2020-03-02T08:21:27.908+0000][1][safepoint    ] Safepoint "RevokeBias", Time since last: 2266272 ns, Reaching safepoint: 68399 ns, At safepoint: 94686 ns, Total: 163085 ns
[2020-03-02T08:21:27.908+0000][1][safepoint    ] Safepoint "RevokeBias", Time since last: 99338 ns, Reaching safepoint: 20827 ns, At safepoint: 41328 ns, Total: 62155 ns
[2020-03-02T08:21:27.916+0000][1][safepoint    ] Safepoint "RevokeBias", Time since last: 2844430 ns, Reaching safepoint: 5112943 ns, At safepoint: 99124 ns, Total: 5212067 ns
[2020-03-02T08:21:27.927+0000][1][safepoint    ] Safepoint "RevokeBias", Time since last: 6035136 ns, Reaching safepoint: 5043821 ns, At safepoint: 85426 ns, Total: 5129247 ns
[2020-03-02T08:21:27.932+0000][1][safepoint    ] Safepoint "RevokeBias", Time since last: 96476 ns, Reaching safepoint: 5391767 ns, At safepoint: 79011 ns, Total: 5470778 ns
[2020-03-02T08:21:27.934+0000][1][safepoint    ] Safepoint "RevokeBias", Time since last: 1176252 ns, Reaching safepoint: 42165 ns, At safepoint: 40367 ns, Total: 82532 ns
[2020-03-02T08:21:27.934+0000][1][safepoint    ] Safepoint "RevokeBias", Time since last: 45168 ns, Reaching safepoint: 21814 ns, At safepoint: 29537 ns, Total: 51351 ns
[2020-03-02T08:21:27.934+0000][1][safepoint    ] Safepoint "RevokeBias", Time since last: 26396 ns, Reaching safepoint: 18445 ns, At safepoint: 27934 ns, Total: 46379 ns
[2020-03-02T08:21:27.934+0000][1][safepoint    ] Safepoint "RevokeBias", Time since last: 25803 ns, Reaching safepoint: 18161 ns, At safepoint: 26728 ns, Total: 44889 ns
[2020-03-02T08:21:27.934+0000][1][safepoint    ] Safepoint "RevokeBias", Time since last: 40955 ns, Reaching safepoint: 19356 ns, At safepoint: 27876 ns, Total: 47232 ns
[2020-03-02T08:21:27.934+0000][1][safepoint    ] Safepoint "RevokeBias", Time since last: 29508 ns, Reaching safepoint: 18963 ns, At safepoint: 117111 ns, Total: 136074 ns
[2020-03-02T08:21:27.938+0000][1][safepoint    ] Safepoint "RevokeBias", Time since last: 3905733 ns, Reaching safepoint: 37623 ns, At safepoint: 34517 ns, Total: 72140 ns
[2020-03-02T08:21:27.938+0000][1][safepoint    ] Safepoint "RevokeBias", Time since last: 77420 ns, Reaching safepoint: 22456 ns, At safepoint: 29596 ns, Total: 52052 ns
[2020-03-02T08:21:27.938+0000][1][safepoint    ] Safepoint "RevokeBias", Time since last: 28297 ns, Reaching safepoint: 19429 ns, At safepoint: 27189 ns, Total: 46618 ns
[2020-03-02T08:21:27.939+0000][1][safepoint    ] Safepoint "RevokeBias", Time since last: 25506 ns, Reaching safepoint: 18746 ns, At safepoint: 50351 ns, Total: 69097 ns
[2020-03-02T08:21:27.939+0000][1][safepoint    ] Safepoint "RevokeBias", Time since last: 86384 ns, Reaching safepoint: 24383 ns, At safepoint: 30444 ns, Total: 54827 ns
[2020-03-02T08:21:27.939+0000][1][safepoint    ] Safepoint "RevokeBias", Time since last: 25539 ns, Reaching safepoint: 18585 ns, At safepoint: 26895 ns, Total: 45480 ns
[2020-03-02T08:21:27.939+0000][1][safepoint    ] Safepoint "RevokeBias", Time since last: 25096 ns, Reaching safepoint: 18402 ns, At safepoint: 26542 ns, Total: 44944 ns
[2020-03-02T08:21:27.939+0000][1][safepoint    ] Safepoint "RevokeBias", Time since last: 25078 ns, Reaching safepoint: 18391 ns, At safepoint: 26642 ns, Total: 45033 ns
[2020-03-02T08:21:27.939+0000][1][safepoint    ] Safepoint "RevokeBias", Time since last: 37291 ns, Reaching safepoint: 18755 ns, At safepoint: 26752 ns, Total: 45507 ns
[2020-03-02T08:21:27.939+0000][1][safepoint    ] Safepoint "BulkRevokeBias", Time since last: 25361 ns, Reaching safepoint: 18486 ns, At safepoint: 90074 ns, Total: 108560 ns
[2020-03-02T08:21:27.940+0000][1][safepoint    ] Safepoint "BulkRevokeBias", Time since last: 296802 ns, Reaching safepoint: 30455 ns, At safepoint: 199120 ns, Total: 229575 ns
[2020-03-02T08:21:27.940+0000][1][safepoint    ] Safepoint "RevokeBias", Time since last: 226436 ns, Reaching safepoint: 25310 ns, At safepoint: 49807 ns, Total: 75117 ns
[2020-03-02T08:21:27.940+0000][1][safepoint    ] Safepoint "RevokeBias", Time since last: 180512 ns, Reaching safepoint: 60709 ns, At safepoint: 91436 ns, Total: 152145 ns
[2020-03-02T08:21:27.941+0000][1][safepoint    ] Safepoint "RevokeBias", Time since last: 91486 ns, Reaching safepoint: 74386 ns, At safepoint: 87088 ns, Total: 161474 ns
[2020-03-02T08:21:27.969+0000][1][safepoint    ] Safepoint "RevokeBias", Time since last: 27935114 ns, Reaching safepoint: 68898 ns, At safepoint: 75912 ns, Total: 144810 ns
[2020-03-02T08:21:27.969+0000][1][safepoint    ] Safepoint "RevokeBias", Time since last: 74152 ns, Reaching safepoint: 23741 ns, At safepoint: 50893 ns, Total: 74634 ns
[2020-03-02T08:21:27.969+0000][1][safepoint    ] Safepoint "RevokeBias", Time since last: 120454 ns, Reaching safepoint: 20655 ns, At safepoint: 41677 ns, Total: 62332 ns
[2020-03-02T08:21:27.969+0000][1][safepoint    ] Safepoint "RevokeBias", Time since last: 295905 ns, Reaching safepoint: 26594 ns, At safepoint: 40498 ns, Total: 67092 ns
[2020-03-02T08:21:27.969+0000][1][safepoint    ] Safepoint "RevokeBias", Time since last: 37344 ns, Reaching safepoint: 19984 ns, At safepoint: 20206 ns, Total: 40190 ns
[2020-03-02T08:21:27.969+0000][1][safepoint    ] Safepoint "RevokeBias", Time since last: 28865 ns, Reaching safepoint: 19454 ns, At safepoint: 19448 ns, Total: 38902 ns
[2020-03-02T08:21:27.969+0000][1][safepoint    ] Safepoint "RevokeBias", Time since last: 25116 ns, Reaching safepoint: 19417 ns, At safepoint: 19575 ns, Total: 38992 ns
[2020-03-02T08:21:27.970+0000][1][safepoint    ] Safepoint "RevokeBias", Time since last: 24440 ns, Reaching safepoint: 19230 ns, At safepoint: 19350 ns, Total: 38580 ns
[2020-03-02T08:21:27.970+0000][1][safepoint    ] Safepoint "RevokeBias", Time since last: 24970 ns, Reaching safepoint: 19204 ns, At safepoint: 19604 ns, Total: 38808 ns
[2020-03-02T08:21:27.970+0000][1][safepoint    ] Safepoint "RevokeBias", Time since last: 25873 ns, Reaching safepoint: 19196 ns, At safepoint: 19454 ns, Total: 38650 ns
[2020-03-02T08:21:27.970+0000][1][safepoint    ] Safepoint "RevokeBias", Time since last: 26202 ns, Reaching safepoint: 19231 ns, At safepoint: 72983 ns, Total: 92214 ns
[2020-03-02T08:21:27.970+0000][1][safepoint    ] Safepoint "RevokeBias", Time since last: 37550 ns, Reaching safepoint: 22996 ns, At safepoint: 19916 ns, Total: 42912 ns
[2020-03-02T08:21:27.970+0000][1][safepoint    ] Safepoint "RevokeBias", Time since last: 25162 ns, Reaching safepoint: 19312 ns, At safepoint: 20701 ns, Total: 40013 ns
[2020-03-02T08:21:27.970+0000][1][safepoint    ] Safepoint "RevokeBias", Time since last: 26267 ns, Reaching safepoint: 19286 ns, At safepoint: 19392 ns, Total: 38678 ns
[2020-03-02T08:21:27.970+0000][1][safepoint    ] Safepoint "RevokeBias", Time since last: 24840 ns, Reaching safepoint: 19165 ns, At safepoint: 19418 ns, Total: 38583 ns
[2020-03-02T08:21:27.970+0000][1][safepoint    ] Safepoint "RevokeBias", Time since last: 24587 ns, Reaching safepoint: 19237 ns, At safepoint: 19200 ns, Total: 38437 ns
[2020-03-02T08:21:27.970+0000][1][safepoint    ] Safepoint "RevokeBias", Time since last: 24454 ns, Reaching safepoint: 19199 ns, At safepoint: 19526 ns, Total: 38725 ns
[2020-03-02T08:21:27.970+0000][1][safepoint    ] Safepoint "RevokeBias", Time since last: 24436 ns, Reaching safepoint: 19136 ns, At safepoint: 19140 ns, Total: 38276 ns
[2020-03-02T08:21:27.970+0000][1][safepoint    ] Safepoint "BulkRevokeBias", Time since last: 30665 ns, Reaching safepoint: 19373 ns, At safepoint: 118130 ns, Total: 137503 ns
[2020-03-02T08:21:27.971+0000][1][safepoint    ] Safepoint "RevokeBias", Time since last: 947392 ns, Reaching safepoint: 29056 ns, At safepoint: 36728 ns, Total: 65784 ns
[2020-03-02T08:21:27.972+0000][1][safepoint    ] Safepoint "RevokeBias", Time since last: 64125 ns, Reaching safepoint: 21391 ns, At safepoint: 29201 ns, Total: 50592 ns
[2020-03-02T08:21:27.972+0000][1][safepoint    ] Safepoint "RevokeBias", Time since last: 138735 ns, Reaching safepoint: 24576 ns, At safepoint: 29709 ns, Total: 54285 ns
[2020-03-02T08:21:27.972+0000][1][safepoint    ] Safepoint "RevokeBias", Time since last: 41162 ns, Reaching safepoint: 18235 ns, At safepoint: 27399 ns, Total: 45634 ns
[2020-03-02T08:21:27.972+0000][1][safepoint    ] Safepoint "RevokeBias", Time since last: 25831 ns, Reaching safepoint: 17655 ns, At safepoint: 26852 ns, Total: 44507 ns
[2020-03-02T08:21:27.972+0000][1][safepoint    ] Safepoint "RevokeBias", Time since last: 24418 ns, Reaching safepoint: 17447 ns, At safepoint: 26685 ns, Total: 44132 ns
[2020-03-02T08:21:27.972+0000][1][safepoint    ] Safepoint "RevokeBias", Time since last: 216716 ns, Reaching safepoint: 20207 ns, At safepoint: 45303 ns, Total: 65510 ns
[2020-03-02T08:21:27.972+0000][1][safepoint    ] Safepoint "RevokeBias", Time since last: 101118 ns, Reaching safepoint: 21278 ns, At safepoint: 29252 ns, Total: 50530 ns
[2020-03-02T08:21:27.973+0000][1][safepoint    ] Safepoint "RevokeBias", Time since last: 302145 ns, Reaching safepoint: 22371 ns, At safepoint: 31533 ns, Total: 53904 ns
[2020-03-02T08:21:27.973+0000][1][safepoint    ] Safepoint "RevokeBias", Time since last: 429595 ns, Reaching safepoint: 23757 ns, At safepoint: 38489 ns, Total: 62246 ns
[2020-03-02T08:21:27.973+0000][1][safepoint    ] Safepoint "RevokeBias", Time since last: 75154 ns, Reaching safepoint: 19659 ns, At safepoint: 30093 ns, Total: 49752 ns
[2020-03-02T08:21:27.974+0000][1][safepoint    ] Safepoint "RevokeBias", Time since last: 296520 ns, Reaching safepoint: 27439 ns, At safepoint: 68965 ns, Total: 96404 ns
[2020-03-02T08:21:28.000+0000][1][safepoint    ] Safepoint "RevokeBias", Time since last: 21449770 ns, Reaching safepoint: 5157448 ns, At safepoint: 60278 ns, Total: 5217726 ns
[2020-03-02T08:21:28.006+0000][1][safepoint    ] Safepoint "RevokeBias", Time since last: 75387 ns, Reaching safepoint: 5005637 ns, At safepoint: 60080 ns, Total: 5065717 ns
[2020-03-02T08:21:28.009+0000][1][safepoint    ] Safepoint "RevokeBias", Time since last: 3149034 ns, Reaching safepoint: 46609 ns, At safepoint: 43295 ns, Total: 89904 ns
[2020-03-02T08:21:28.434+0000][1][safepoint    ] Safepoint "RevokeBias", Time since last: 414251130 ns, Reaching safepoint: 10590225 ns, At safepoint: 125033 ns, Total: 10715258 ns
[2020-03-02T08:21:28.438+0000][1][safepoint    ] Safepoint "RevokeBias", Time since last: 274395 ns, Reaching safepoint: 3574140 ns, At safepoint: 19048 ns, Total: 3593188 ns
[2020-03-02T08:21:28.443+0000][1][safepoint    ] Safepoint "RevokeBias", Time since last: 5276186 ns, Reaching safepoint: 172481 ns, At safepoint: 52586 ns, Total: 225067 ns
[2020-03-02T08:21:28.550+0000][1][gc,start     ] GC(24) Pause Young (Allocation Failure)
[2020-03-02T08:21:28.550+0000][1][gc,task      ] GC(24) Using 1 workers of 1 for evacuation
[2020-03-02T08:21:28.602+0000][1][gc,age       ] GC(24) Desired survivor size 4358144 bytes, new threshold 2 (max threshold 6)
[2020-03-02T08:21:28.602+0000][1][gc,age       ] GC(24) Age table with threshold 2 (max threshold 6)
[2020-03-02T08:21:28.602+0000][1][gc,age       ] GC(24) - age   1:    2748976 bytes,    2748976 total
[2020-03-02T08:21:28.602+0000][1][gc,age       ] GC(24) - age   2:    2559128 bytes,    5308104 total
[2020-03-02T08:21:28.602+0000][1][gc,heap      ] GC(24) ParNew: 76084K->8512K(76672K)
[2020-03-02T08:21:28.602+0000][1][gc,heap      ] GC(24) CMS: 45903K->48807K(963392K)
[2020-03-02T08:21:28.602+0000][1][gc,metaspace ] GC(24) Metaspace: 49895K->49895K(1095680K)
[2020-03-02T08:21:28.602+0000][1][gc           ] GC(24) Pause Young (Allocation Failure) 119M->55M(1015M) 51.901ms
[2020-03-02T08:21:28.602+0000][1][gc,cpu       ] GC(24) User=0.05s Sys=0.00s Real=0.05s
[2020-03-02T08:21:28.602+0000][1][safepoint    ] Safepoint "GenCollectForAllocation", Time since last: 106536529 ns, Reaching safepoint: 64089 ns, At safepoint: 51971868 ns, Total: 52035957 ns
[2020-03-02T08:21:28.620+0000][1][safepoint    ] Safepoint "RevokeBias", Time since last: 17884017 ns, Reaching safepoint: 37299 ns, At safepoint: 15203 ns, Total: 52502 ns
[2020-03-02T08:21:28.620+0000][1][safepoint    ] Safepoint "RevokeBias", Time since last: 103181 ns, Reaching safepoint: 20555 ns, At safepoint: 26804 ns, Total: 47359 ns
[2020-03-02T08:21:28.620+0000][1][safepoint    ] Safepoint "RevokeBias", Time since last: 63154 ns, Reaching safepoint: 77285 ns, At safepoint: 29716 ns, Total: 107001 ns
[2020-03-02T08:21:28.763+0000][1][safepoint    ] Safepoint "RevokeBias", Time since last: 142987245 ns, Reaching safepoint: 53535 ns, At safepoint: 15522 ns, Total: 69057 ns
[2020-03-02T08:21:28.764+0000][1][safepoint    ] Safepoint "RevokeBias", Time since last: 787557 ns, Reaching safepoint: 33956 ns, At safepoint: 10641 ns, Total: 44597 ns
[2020-03-02T08:21:29.485+0000][1][safepoint    ] Safepoint "RevokeBias", Time since last: 706261686 ns, Reaching safepoint: 15225072 ns, At safepoint: 56024 ns, Total: 15281096 ns
[2020-03-02T08:21:29.870+0000][1][safepoint    ] Safepoint "RevokeBias", Time since last: 384583242 ns, Reaching safepoint: 58225 ns, At safepoint: 13955 ns, Total: 72180 ns
[2020-03-02T08:21:30.154+0000][1][safepoint    ] Safepoint "RevokeBias", Time since last: 284029387 ns, Reaching safepoint: 36725 ns, At safepoint: 13957 ns, Total: 50682 ns
[2020-03-02T08:21:30.157+0000][1][safepoint    ] Safepoint "RevokeBias", Time since last: 2791195 ns, Reaching safepoint: 50231 ns, At safepoint: 12955 ns, Total: 63186 ns
[2020-03-02T08:21:30.157+0000][1][safepoint    ] Safepoint "RevokeBias", Time since last: 61966 ns, Reaching safepoint: 13685 ns, At safepoint: 6305 ns, Total: 19990 ns
[2020-03-02T08:21:30.157+0000][1][safepoint    ] Safepoint "RevokeBias", Time since last: 24353 ns, Reaching safepoint: 9564 ns, At safepoint: 5359 ns, Total: 14923 ns
[2020-03-02T08:21:30.494+0000][1][safepoint    ] Safepoint "RevokeBias", Time since last: 335902666 ns, Reaching safepoint: 491855 ns, At safepoint: 19915 ns, Total: 511770 ns
[2020-03-02T08:21:31.494+0000][1][safepoint    ] Safepoint "Cleanup", Time since last: 1000634291 ns, Reaching safepoint: 105977 ns, At safepoint: 11030 ns, Total: 117007 ns
[2020-03-02T08:21:31.505+0000][1][safepoint    ] Safepoint "RevokeBias", Time since last: 10785237 ns, Reaching safepoint: 47736 ns, At safepoint: 25169 ns, Total: 72905 ns
[2020-03-02T08:21:32.058+0000][1][gc,start     ] GC(25) Pause Young (Allocation Failure)
[2020-03-02T08:21:32.058+0000][1][gc,task      ] GC(25) Using 1 workers of 1 for evacuation
[2020-03-02T08:21:32.134+0000][1][gc,age       ] GC(25) Desired survivor size 4358144 bytes, new threshold 6 (max threshold 6)
[2020-03-02T08:21:32.134+0000][1][gc,age       ] GC(25) Age table with threshold 6 (max threshold 6)
[2020-03-02T08:21:32.134+0000][1][gc,age       ] GC(25) - age   1:    1615976 bytes,    1615976 total
[2020-03-02T08:21:32.134+0000][1][gc,age       ] GC(25) - age   2:    2682608 bytes,    4298584 total
[2020-03-02T08:21:32.134+0000][1][gc,heap      ] GC(25) ParNew: 76672K->5073K(76672K)
[2020-03-02T08:21:32.134+0000][1][gc,heap      ] GC(25) CMS: 48807K->51382K(963392K)
[2020-03-02T08:21:32.134+0000][1][gc,metaspace ] GC(25) Metaspace: 57138K->57138K(1101824K)
[2020-03-02T08:21:32.134+0000][1][gc           ] GC(25) Pause Young (Allocation Failure) 122M->55M(1015M) 75.619ms
[2020-03-02T08:21:32.134+0000][1][gc,cpu       ] GC(25) User=0.08s Sys=0.00s Real=0.07s
[2020-03-02T08:21:32.134+0000][1][safepoint    ] Safepoint "GenCollectForAllocation", Time since last: 552941189 ns, Reaching safepoint: 71001 ns, At safepoint: 75798333 ns, Total: 75869334 ns
[2020-03-02T08:21:32.144+0000][1][safepoint    ] Safepoint "RevokeBias", Time since last: 9780102 ns, Reaching safepoint: 105571 ns, At safepoint: 39085 ns, Total: 144656 ns
[2020-03-02T08:21:32.350+0000][1][safepoint    ] Safepoint "Deoptimize", Time since last: 205585124 ns, Reaching safepoint: 41333 ns, At safepoint: 399989 ns, Total: 441322 ns
[2020-03-02T08:21:32.507+0000][1][safepoint    ] Safepoint "RevokeBias", Time since last: 157303210 ns, Reaching safepoint: 120271 ns, At safepoint: 70626 ns, Total: 190897 ns
[2020-03-02T08:21:32.508+0000][1][safepoint    ] Safepoint "RevokeBias", Time since last: 319032 ns, Reaching safepoint: 517326 ns, At safepoint: 59128 ns, Total: 576454 ns
[2020-03-02T08:21:33.203+0000][1][safepoint    ] Safepoint "RevokeBias", Time since last: 693357761 ns, Reaching safepoint: 1117900 ns, At safepoint: 23834 ns, Total: 1141734 ns
[2020-03-02T08:21:33.208+0000][1][safepoint    ] Safepoint "RevokeBias", Time since last: 5032755 ns, Reaching safepoint: 155646 ns, At safepoint: 86914 ns, Total: 242560 ns
[2020-03-02T08:21:33.215+0000][1][safepoint    ] Safepoint "RevokeBias", Time since last: 6374709 ns, Reaching safepoint: 46962 ns, At safepoint: 15692 ns, Total: 62654 ns
[2020-03-02T08:21:33.215+0000][1][safepoint    ] Safepoint "BulkRevokeBias", Time since last: 104411 ns, Reaching safepoint: 27948 ns, At safepoint: 106032 ns, Total: 133980 ns
[2020-03-02T08:21:33.283+0000][1][safepoint    ] Safepoint "Deoptimize", Time since last: 67688015 ns, Reaching safepoint: 47348 ns, At safepoint: 572805 ns, Total: 620153 ns
[2020-03-02T08:21:33.489+0000][1][safepoint    ] Safepoint "RevokeBias", Time since last: 205876103 ns, Reaching safepoint: 213955 ns, At safepoint: 53163 ns, Total: 267118 ns
[2020-03-02T08:21:33.489+0000][1][safepoint    ] Safepoint "RevokeBias", Time since last: 178931 ns, Reaching safepoint: 48463 ns, At safepoint: 42391 ns, Total: 90854 ns
[2020-03-02T08:21:33.491+0000][1][safepoint    ] Safepoint "RevokeBias", Time since last: 181991 ns, Reaching safepoint: 1035684 ns, At safepoint: 35461 ns, Total: 1071145 ns
[2020-03-02T08:21:33.494+0000][1][safepoint    ] Safepoint "RevokeBias", Time since last: 2738558 ns, Reaching safepoint: 144876 ns, At safepoint: 35290 ns, Total: 180166 ns
[2020-03-02T08:21:34.173+0000][1][safepoint    ] Safepoint "Deoptimize", Time since last: 678630865 ns, Reaching safepoint: 72096 ns, At safepoint: 783405 ns, Total: 855501 ns
[2020-03-02T08:21:34.844+0000][1][gc,start     ] GC(26) Pause Young (Allocation Failure)
[2020-03-02T08:21:34.844+0000][1][gc,task      ] GC(26) Using 1 workers of 1 for evacuation
[2020-03-02T08:21:34.889+0000][1][gc,age       ] GC(26) Desired survivor size 4358144 bytes, new threshold 2 (max threshold 6)
[2020-03-02T08:21:34.889+0000][1][gc,age       ] GC(26) Age table with threshold 2 (max threshold 6)
[2020-03-02T08:21:34.889+0000][1][gc,age       ] GC(26) - age   1:    3604552 bytes,    3604552 total
[2020-03-02T08:21:34.889+0000][1][gc,age       ] GC(26) - age   2:    1472048 bytes,    5076600 total
[2020-03-02T08:21:34.889+0000][1][gc,age       ] GC(26) - age   3:    2664456 bytes,    7741056 total
[2020-03-02T08:21:34.889+0000][1][gc,heap      ] GC(26) ParNew: 73233K->8512K(76672K)
[2020-03-02T08:21:34.889+0000][1][gc,heap      ] GC(26) CMS: 51382K->51382K(963392K)
[2020-03-02T08:21:34.889+0000][1][gc,metaspace ] GC(26) Metaspace: 64308K->64308K(1107968K)
[2020-03-02T08:21:34.889+0000][1][gc           ] GC(26) Pause Young (Allocation Failure) 121M->58M(1015M) 45.160ms
[2020-03-02T08:21:34.889+0000][1][gc,cpu       ] GC(26) User=0.04s Sys=0.00s Real=0.05s
[2020-03-02T08:21:34.889+0000][1][safepoint    ] Safepoint "GenCollectForAllocation", Time since last: 670364702 ns, Reaching safepoint: 63380 ns, At safepoint: 45213460 ns, Total: 45276840 ns
[2020-03-02T08:21:35.513+0000][1][safepoint    ] Safepoint "RevokeBias", Time since last: 623860618 ns, Reaching safepoint: 64666 ns, At safepoint: 15345 ns, Total: 80011 ns
[2020-03-02T08:21:35.721+0000][1][safepoint    ] Safepoint "Deoptimize", Time since last: 207230898 ns, Reaching safepoint: 160587 ns, At safepoint: 907261 ns, Total: 1067848 ns
[2020-03-02T08:21:35.735+0000][1][safepoint    ] Safepoint "RevokeBias", Time since last: 13442090 ns, Reaching safepoint: 35201 ns, At safepoint: 196468 ns, Total: 231669 ns
[2020-03-02T08:21:35.928+0000][1][safepoint    ] Safepoint "RevokeBias", Time since last: 193196480 ns, Reaching safepoint: 220456 ns, At safepoint: 43705 ns, Total: 264161 ns
[2020-03-02T08:21:35.929+0000][1][safepoint    ] Safepoint "RevokeBias", Time since last: 822230 ns, Reaching safepoint: 108460 ns, At safepoint: 37857 ns, Total: 146317 ns
[2020-03-02T08:21:35.931+0000][1][safepoint    ] Safepoint "RevokeBias", Time since last: 1229745 ns, Reaching safepoint: 145016 ns, At safepoint: 32915 ns, Total: 177931 ns
[2020-03-02T08:21:35.932+0000][1][safepoint    ] Safepoint "RevokeBias", Time since last: 557181 ns, Reaching safepoint: 1103538 ns, At safepoint: 47016 ns, Total: 1150554 ns
[2020-03-02T08:21:35.933+0000][1][safepoint    ] Safepoint "RevokeBias", Time since last: 69156 ns, Reaching safepoint: 844346 ns, At safepoint: 61714 ns, Total: 906060 ns
[2020-03-02T08:21:35.934+0000][1][safepoint    ] Safepoint "RevokeBias", Time since last: 200373 ns, Reaching safepoint: 757846 ns, At safepoint: 41267 ns, Total: 799113 ns
[2020-03-02T08:21:35.935+0000][1][safepoint    ] Safepoint "RevokeBias", Time since last: 198108 ns, Reaching safepoint: 687767 ns, At safepoint: 25988 ns, Total: 713755 ns
[2020-03-02T08:21:35.936+0000][1][safepoint    ] Safepoint "RevokeBias", Time since last: 191093 ns, Reaching safepoint: 865518 ns, At safepoint: 26188 ns, Total: 891706 ns
[2020-03-02T08:21:35.936+0000][1][safepoint    ] Safepoint "RevokeBias", Time since last: 45365 ns, Reaching safepoint: 132081 ns, At safepoint: 22836 ns, Total: 154917 ns
[2020-03-02T08:21:35.938+0000][1][safepoint    ] Safepoint "RevokeBias", Time since last: 662453 ns, Reaching safepoint: 1067758 ns, At safepoint: 28547 ns, Total: 1096305 ns
[2020-03-02T08:21:35.944+0000][1][safepoint    ] Safepoint "RevokeBias", Time since last: 5870268 ns, Reaching safepoint: 62052 ns, At safepoint: 34859 ns, Total: 96911 ns
[2020-03-02T08:21:35.944+0000][1][safepoint    ] Safepoint "RevokeBias", Time since last: 131748 ns, Reaching safepoint: 27955 ns, At safepoint: 23472 ns, Total: 51427 ns
[2020-03-02T08:21:35.949+0000][1][safepoint    ] Safepoint "Deoptimize", Time since last: 3805212 ns, Reaching safepoint: 37158 ns, At safepoint: 639902 ns, Total: 677060 ns
[2020-03-02T08:21:36.122+0000][1][safepoint    ] Safepoint "RevokeBias", Time since last: 173065105 ns, Reaching safepoint: 48580 ns, At safepoint: 18325 ns, Total: 66905 ns
[2020-03-02T08:21:36.191+0000][1][safepoint    ] Safepoint "RevokeBias", Time since last: 68581499 ns, Reaching safepoint: 138921 ns, At safepoint: 42902 ns, Total: 181823 ns
[2020-03-02T08:21:36.191+0000][1][safepoint    ] Safepoint "RevokeBias", Time since last: 321818 ns, Reaching safepoint: 27179 ns, At safepoint: 17784 ns, Total: 44963 ns
[2020-03-02T08:21:36.194+0000][1][safepoint    ] Safepoint "RevokeBias", Time since last: 2528581 ns, Reaching safepoint: 34736 ns, At safepoint: 18575 ns, Total: 53311 ns
[2020-03-02T08:21:36.194+0000][1][safepoint    ] Safepoint "RevokeBias", Time since last: 265454 ns, Reaching safepoint: 28279 ns, At safepoint: 15197 ns, Total: 43476 ns
[2020-03-02T08:21:36.194+0000][1][safepoint    ] Safepoint "RevokeBias", Time since last: 66518 ns, Reaching safepoint: 24836 ns, At safepoint: 11910 ns, Total: 36746 ns
[2020-03-02T08:21:36.194+0000][1][safepoint    ] Safepoint "RevokeBias", Time since last: 35107 ns, Reaching safepoint: 22596 ns, At safepoint: 11676 ns, Total: 34272 ns
[2020-03-02T08:21:36.194+0000][1][safepoint    ] Safepoint "RevokeBias", Time since last: 283013 ns, Reaching safepoint: 30427 ns, At safepoint: 29187 ns, Total: 59614 ns
[2020-03-02T08:21:36.195+0000][1][safepoint    ] Safepoint "RevokeBias", Time since last: 244927 ns, Reaching safepoint: 26503 ns, At safepoint: 14452 ns, Total: 40955 ns
[2020-03-02T08:21:36.195+0000][1][safepoint    ] Safepoint "RevokeBias", Time since last: 43249 ns, Reaching safepoint: 23785 ns, At safepoint: 14797 ns, Total: 38582 ns
[2020-03-02T08:21:36.240+0000][1][safepoint    ] Safepoint "RevokeBias", Time since last: 44862200 ns, Reaching safepoint: 58314 ns, At safepoint: 20308 ns, Total: 78622 ns
[2020-03-02T08:21:36.281+0000][1][safepoint    ] Safepoint "RevokeBias", Time since last: 37510148 ns, Reaching safepoint: 3987398 ns, At safepoint: 22562 ns, Total: 4009960 ns
[2020-03-02T08:21:36.282+0000][1][safepoint    ] Safepoint "RevokeBias", Time since last: 83868 ns, Reaching safepoint: 763704 ns, At safepoint: 18909 ns, Total: 782613 ns
[2020-03-02T08:21:36.296+0000][1][safepoint    ] Safepoint "RevokeBias", Time since last: 10711338 ns, Reaching safepoint: 2632948 ns, At safepoint: 24324 ns, Total: 2657272 ns
[2020-03-02T08:21:36.296+0000][1][safepoint    ] Safepoint "RevokeBias", Time since last: 407029 ns, Reaching safepoint: 189068 ns, At safepoint: 20827 ns, Total: 209895 ns
[2020-03-02T08:21:36.296+0000][1][safepoint    ] Safepoint "RevokeBias", Time since last: 59844 ns, Reaching safepoint: 137011 ns, At safepoint: 16277 ns, Total: 153288 ns
[2020-03-02T08:21:36.303+0000][1][safepoint    ] Safepoint "RevokeBias", Time since last: 3879052 ns, Reaching safepoint: 3075330 ns, At safepoint: 122010 ns, Total: 3197340 ns
[2020-03-02T08:21:36.306+0000][1][safepoint    ] Safepoint "RevokeBias", Time since last: 1526947 ns, Reaching safepoint: 888346 ns, At safepoint: 38000 ns, Total: 926346 ns
[2020-03-02T08:21:36.310+0000][1][safepoint    ] Safepoint "RevokeBias", Time since last: 3310593 ns, Reaching safepoint: 987479 ns, At safepoint: 37523 ns, Total: 1025002 ns
[2020-03-02T08:21:36.310+0000][1][safepoint    ] Safepoint "RevokeBias", Time since last: 79842 ns, Reaching safepoint: 64135 ns, At safepoint: 14625 ns, Total: 78760 ns
[2020-03-02T08:21:36.311+0000][1][safepoint    ] Safepoint "RevokeBias", Time since last: 42357 ns, Reaching safepoint: 117799 ns, At safepoint: 19118 ns, Total: 136917 ns
[2020-03-02T08:21:36.323+0000][1][safepoint    ] Safepoint "RevokeBias", Time since last: 7986798 ns, Reaching safepoint: 4625313 ns, At safepoint: 25284 ns, Total: 4650597 ns
[2020-03-02T08:21:36.323+0000][1][safepoint    ] Safepoint "RevokeBias", Time since last: 140998 ns, Reaching safepoint: 59340 ns, At safepoint: 11909 ns, Total: 71249 ns
[2020-03-02T08:21:36.329+0000][1][safepoint    ] Safepoint "RevokeBias", Time since last: 5418805 ns, Reaching safepoint: 160251 ns, At safepoint: 81717 ns, Total: 241968 ns
[2020-03-02T08:21:36.374+0000][1][safepoint    ] Safepoint "RevokeBias", Time since last: 44669486 ns, Reaching safepoint: 28522 ns, At safepoint: 124425 ns, Total: 152947 ns
[2020-03-02T08:21:36.374+0000][1][safepoint    ] Safepoint "RevokeBias", Time since last: 362448 ns, Reaching safepoint: 18912 ns, At safepoint: 13580 ns, Total: 32492 ns
[2020-03-02T08:21:36.374+0000][1][safepoint    ] Safepoint "RevokeBias", Time since last: 55162 ns, Reaching safepoint: 9291 ns, At safepoint: 8552 ns, Total: 17843 ns
[2020-03-02T08:21:36.383+0000][1][safepoint    ] Safepoint "RevokeBias", Time since last: 8843241 ns, Reaching safepoint: 50518 ns, At safepoint: 18754 ns, Total: 69272 ns
[2020-03-02T08:21:36.383+0000][1][safepoint    ] Safepoint "RevokeBias", Time since last: 68352 ns, Reaching safepoint: 26101 ns, At safepoint: 12127 ns, Total: 38228 ns
[2020-03-02T08:21:36.432+0000][1][safepoint    ] Safepoint "RevokeBias", Time since last: 48437757 ns, Reaching safepoint: 65675 ns, At safepoint: 18290 ns, Total: 83965 ns
[2020-03-02T08:21:36.432+0000][1][safepoint    ] Safepoint "RevokeBias", Time since last: 57982 ns, Reaching safepoint: 28194 ns, At safepoint: 12556 ns, Total: 40750 ns
[2020-03-02T08:21:36.437+0000][1][safepoint    ] Safepoint "RevokeBias", Time since last: 5243141 ns, Reaching safepoint: 36977 ns, At safepoint: 19431 ns, Total: 56408 ns
[2020-03-02T08:21:36.459+0000][1][safepoint    ] Safepoint "RevokeBias", Time since last: 21196129 ns, Reaching safepoint: 176897 ns, At safepoint: 25153 ns, Total: 202050 ns
[2020-03-02T08:21:36.460+0000][1][safepoint    ] Safepoint "RevokeBias", Time since last: 848043 ns, Reaching safepoint: 207319 ns, At safepoint: 19672 ns, Total: 226991 ns
[2020-03-02T08:21:36.581+0000][1][safepoint    ] Safepoint "RevokeBias", Time since last: 121026218 ns, Reaching safepoint: 213004 ns, At safepoint: 83429 ns, Total: 296433 ns
[2020-03-02T08:21:36.582+0000][1][safepoint    ] Safepoint "RevokeBias", Time since last: 1014595 ns, Reaching safepoint: 92423 ns, At safepoint: 130485 ns, Total: 222908 ns
[2020-03-02T08:21:36.583+0000][1][safepoint    ] Safepoint "RevokeBias", Time since last: 334064 ns, Reaching safepoint: 56036 ns, At safepoint: 34282 ns, Total: 90318 ns
[2020-03-02T08:21:36.645+0000][1][safepoint    ] Safepoint "RevokeBias", Time since last: 56869532 ns, Reaching safepoint: 5614345 ns, At safepoint: 58621 ns, Total: 5672966 ns
[2020-03-02T08:21:36.648+0000][1][safepoint    ] Safepoint "RevokeBias", Time since last: 2582067 ns, Reaching safepoint: 45632 ns, At safepoint: 23230 ns, Total: 68862 ns
[2020-03-02T08:21:36.649+0000][1][safepoint    ] Safepoint "RevokeBias", Time since last: 589741 ns, Reaching safepoint: 34947 ns, At safepoint: 13326 ns, Total: 48273 ns
[2020-03-02T08:21:36.681+0000][1][safepoint    ] Safepoint "RevokeBias", Time since last: 32317825 ns, Reaching safepoint: 170080 ns, At safepoint: 34277 ns, Total: 204357 ns
[2020-03-02T08:21:36.696+0000][1][safepoint    ] Safepoint "RevokeBias", Time since last: 14803213 ns, Reaching safepoint: 223248 ns, At safepoint: 28865 ns, Total: 252113 ns
[2020-03-02T08:21:36.702+0000][1][safepoint    ] Safepoint "RevokeBias", Time since last: 5393301 ns, Reaching safepoint: 52128 ns, At safepoint: 18565 ns, Total: 70693 ns
[2020-03-02T08:21:36.702+0000][1][safepoint    ] Safepoint "RevokeBias", Time since last: 57893 ns, Reaching safepoint: 31329 ns, At safepoint: 12481 ns, Total: 43810 ns
[2020-03-02T08:21:36.704+0000][1][safepoint    ] Safepoint "RevokeBias", Time since last: 1781212 ns, Reaching safepoint: 42264 ns, At safepoint: 16692 ns, Total: 58956 ns
[2020-03-02T08:21:36.704+0000][1][safepoint    ] Safepoint "RevokeBias", Time since last: 134787 ns, Reaching safepoint: 29629 ns, At safepoint: 13335 ns, Total: 42964 ns
[2020-03-02T08:21:36.704+0000][1][safepoint    ] Safepoint "RevokeBias", Time since last: 33210 ns, Reaching safepoint: 25930 ns, At safepoint: 11940 ns, Total: 37870 ns
[2020-03-02T08:21:36.769+0000][1][safepoint    ] Safepoint "RevokeBias", Time since last: 30484835 ns, Reaching safepoint: 34971078 ns, At safepoint: 30130 ns, Total: 35001208 ns
[2020-03-02T08:21:36.771+0000][1][safepoint    ] Safepoint "RevokeBias", Time since last: 827735 ns, Reaching safepoint: 499263 ns, At safepoint: 60899 ns, Total: 560162 ns
[2020-03-02T08:21:36.777+0000][1][safepoint    ] Safepoint "RevokeBias", Time since last: 6569209 ns, Reaching safepoint: 124932 ns, At safepoint: 22211 ns, Total: 147143 ns
[2020-03-02T08:21:36.779+0000][1][safepoint    ] Safepoint "RevokeBias", Time since last: 542855 ns, Reaching safepoint: 968994 ns, At safepoint: 41940 ns, Total: 1010934 ns
[2020-03-02T08:21:36.788+0000][1][safepoint    ] Safepoint "RevokeBias", Time since last: 614556 ns, Reaching safepoint: 8553979 ns, At safepoint: 39152 ns, Total: 8593131 ns
[2020-03-02T08:21:36.814+0000][1][safepoint    ] Safepoint "RevokeBias", Time since last: 23147080 ns, Reaching safepoint: 2503169 ns, At safepoint: 53906 ns, Total: 2557075 ns
[2020-03-02T08:21:36.822+0000][1][safepoint    ] Safepoint "RevokeBias", Time since last: 3859280 ns, Reaching safepoint: 4238830 ns, At safepoint: 110718 ns, Total: 4349548 ns
[2020-03-02T08:21:36.833+0000][1][safepoint    ] Safepoint "RevokeBias", Time since last: 5440349 ns, Reaching safepoint: 5257012 ns, At safepoint: 115810 ns, Total: 5372822 ns
[2020-03-02T08:21:36.862+0000][1][safepoint    ] Safepoint "RevokeBias", Time since last: 10342904 ns, Reaching safepoint: 18444552 ns, At safepoint: 201753 ns, Total: 18646305 ns
[2020-03-02T08:21:36.869+0000][1][safepoint    ] Safepoint "RevokeBias", Time since last: 6985159 ns, Reaching safepoint: 65509 ns, At safepoint: 29053 ns, Total: 94562 ns
[2020-03-02T08:21:36.925+0000][1][safepoint    ] Safepoint "RevokeBias", Time since last: 19920169 ns, Reaching safepoint: 35903570 ns, At safepoint: 123706 ns, Total: 36027276 ns
[2020-03-02T08:21:36.941+0000][1][safepoint    ] Safepoint "RevokeBias", Time since last: 9506015 ns, Reaching safepoint: 6200215 ns, At safepoint: 124947 ns, Total: 6325162 ns
[2020-03-02T08:21:36.944+0000][1][safepoint    ] Safepoint "BulkRevokeBias", Time since last: 2316825 ns, Reaching safepoint: 67657 ns, At safepoint: 384535 ns, Total: 452192 ns
[2020-03-02T08:21:36.944+0000][1][safepoint    ] Safepoint "RevokeBias", Time since last: 111913 ns, Reaching safepoint: 47321 ns, At safepoint: 42215 ns, Total: 89536 ns
[2020-03-02T08:21:36.944+0000][1][safepoint    ] Safepoint "RevokeBias", Time since last: 300952 ns, Reaching safepoint: 41196 ns, At safepoint: 31971 ns, Total: 73167 ns
[2020-03-02T08:21:37.097+0000][1][safepoint    ] Safepoint "RevokeBias", Time since last: 137553295 ns, Reaching safepoint: 15159736 ns, At safepoint: 52716 ns, Total: 15212452 ns
[2020-03-02T08:21:37.113+0000][1][safepoint    ] Safepoint "RevokeBias", Time since last: 7492046 ns, Reaching safepoint: 9053170 ns, At safepoint: 14564 ns, Total: 9067734 ns
[2020-03-02T08:21:37.116+0000][1][safepoint    ] Safepoint "RevokeBias", Time since last: 2499263 ns, Reaching safepoint: 69978 ns, At safepoint: 8256 ns, Total: 78234 ns
[2020-03-02T08:21:37.143+0000][1][safepoint    ] Safepoint "RevokeBias", Time since last: 21004091 ns, Reaching safepoint: 5963620 ns, At safepoint: 15468 ns, Total: 5979088 ns
[2020-03-02T08:21:37.153+0000][1][safepoint    ] Safepoint "RevokeBias", Time since last: 4668751 ns, Reaching safepoint: 5217240 ns, At safepoint: 58155 ns, Total: 5275395 ns
[2020-03-02T08:21:37.161+0000][1][safepoint    ] Safepoint "RevokeBias", Time since last: 6374263 ns, Reaching safepoint: 1724293 ns, At safepoint: 33443 ns, Total: 1757736 ns
[2020-03-02T08:21:37.163+0000][1][safepoint    ] Safepoint "RevokeBias", Time since last: 1491781 ns, Reaching safepoint: 86950 ns, At safepoint: 30148 ns, Total: 117098 ns
[2020-03-02T08:21:37.178+0000][1][safepoint    ] Safepoint "RevokeBias", Time since last: 14867411 ns, Reaching safepoint: 374634 ns, At safepoint: 13372 ns, Total: 388006 ns
[2020-03-02T08:21:37.183+0000][1][safepoint    ] Safepoint "RevokeBias", Time since last: 3497428 ns, Reaching safepoint: 1478319 ns, At safepoint: 14798 ns, Total: 1493117 ns
[2020-03-02T08:21:37.211+0000][1][safepoint    ] Safepoint "RevokeBias", Time since last: 27847572 ns, Reaching safepoint: 70632 ns, At safepoint: 10690 ns, Total: 81322 ns
[2020-03-02T08:21:37.211+0000][1][safepoint    ] Safepoint "RevokeBias", Time since last: 376351 ns, Reaching safepoint: 62206 ns, At safepoint: 6054 ns, Total: 68260 ns
[2020-03-02T08:21:37.212+0000][1][safepoint    ] Safepoint "RevokeBias", Time since last: 515612 ns, Reaching safepoint: 53676 ns, At safepoint: 5984 ns, Total: 59660 ns
[2020-03-02T08:21:37.212+0000][1][safepoint    ] Safepoint "RevokeBias", Time since last: 35716 ns, Reaching safepoint: 41639 ns, At safepoint: 4355 ns, Total: 45994 ns
[2020-03-02T08:21:37.212+0000][1][safepoint    ] Safepoint "RevokeBias", Time since last: 150518 ns, Reaching safepoint: 45195 ns, At safepoint: 4978 ns, Total: 50173 ns
[2020-03-02T08:21:37.213+0000][1][safepoint    ] Safepoint "RevokeBias", Time since last: 904075 ns, Reaching safepoint: 49199 ns, At safepoint: 5766 ns, Total: 54965 ns
[2020-03-02T08:21:37.213+0000][1][safepoint    ] Safepoint "RevokeBias", Time since last: 214009 ns, Reaching safepoint: 47087 ns, At safepoint: 5358 ns, Total: 52445 ns
[2020-03-02T08:21:37.229+0000][1][safepoint    ] Safepoint "RevokeBias", Time since last: 15749177 ns, Reaching safepoint: 103128 ns, At safepoint: 12530 ns, Total: 115658 ns
[2020-03-02T08:21:37.229+0000][1][safepoint    ] Safepoint "RevokeBias", Time since last: 82201 ns, Reaching safepoint: 70916 ns, At safepoint: 7866 ns, Total: 78782 ns
[2020-03-02T08:21:37.370+0000][1][safepoint    ] Safepoint "RevokeBias", Time since last: 140628508 ns, Reaching safepoint: 129844 ns, At safepoint: 13613 ns, Total: 143457 ns
[2020-03-02T08:21:37.370+0000][1][safepoint    ] Safepoint "RevokeBias", Time since last: 155352 ns, Reaching safepoint: 54628 ns, At safepoint: 5686 ns, Total: 60314 ns
[2020-03-02T08:21:37.436+0000][1][gc,start     ] GC(27) Pause Young (Allocation Failure)
[2020-03-02T08:21:37.436+0000][1][gc,task      ] GC(27) Using 1 workers of 1 for evacuation
[2020-03-02T08:21:37.534+0000][1][gc,age       ] GC(27) Desired survivor size 4358144 bytes, new threshold 2 (max threshold 6)
[2020-03-02T08:21:37.534+0000][1][gc,age       ] GC(27) Age table with threshold 2 (max threshold 6)
[2020-03-02T08:21:37.534+0000][1][gc,age       ] GC(27) - age   1:    2249200 bytes,    2249200 total
[2020-03-02T08:21:37.534+0000][1][gc,age       ] GC(27) - age   2:    3510392 bytes,    5759592 total
[2020-03-02T08:21:37.534+0000][1][gc,heap      ] GC(27) ParNew: 76672K->6773K(76672K)
[2020-03-02T08:21:37.534+0000][1][gc,heap      ] GC(27) CMS: 51382K->55418K(963392K)
[2020-03-02T08:21:37.534+0000][1][gc,metaspace ] GC(27) Metaspace: 71729K->71729K(1116160K)
[2020-03-02T08:21:37.534+0000][1][gc           ] GC(27) Pause Young (Allocation Failure) 125M->60M(1015M) 98.364ms
[2020-03-02T08:21:37.534+0000][1][gc,cpu       ] GC(27) User=0.09s Sys=0.00s Real=0.10s
[2020-03-02T08:21:37.534+0000][1][safepoint    ] Safepoint "GenCollectForAllocation", Time since last: 65399926 ns, Reaching safepoint: 71447 ns, At safepoint: 98415406 ns, Total: 98486853 ns
[2020-03-02T08:21:37.550+0000][1][safepoint    ] Safepoint "RevokeBias", Time since last: 15554100 ns, Reaching safepoint: 76531 ns, At safepoint: 9347 ns, Total: 85878 ns
[2020-03-02T08:21:37.559+0000][1][safepoint    ] Safepoint "RevokeBias", Time since last: 8711449 ns, Reaching safepoint: 250859 ns, At safepoint: 10403 ns, Total: 261262 ns
[2020-03-02T08:21:37.568+0000][1][safepoint    ] Safepoint "Deoptimize", Time since last: 6301815 ns, Reaching safepoint: 72896 ns, At safepoint: 2223688 ns, Total: 2296584 ns
[2020-03-02T08:21:37.636+0000][1][safepoint    ] Safepoint "RevokeBias", Time since last: 61206203 ns, Reaching safepoint: 6938373 ns, At safepoint: 53072 ns, Total: 6991445 ns
[2020-03-02T08:21:37.680+0000][1][safepoint    ] Safepoint "CollectForMetadataAllocation", Time since last: 34819425 ns, Reaching safepoint: 9099252 ns, At safepoint: 385307 ns, Total: 9484559 ns
[2020-03-02T08:21:37.697+0000][1][safepoint    ] Safepoint "RevokeBias", Time since last: 9493584 ns, Reaching safepoint: 7578987 ns, At safepoint: 13559 ns, Total: 7592546 ns
[2020-03-02T08:21:37.702+0000][1][safepoint    ] Safepoint "RevokeBias", Time since last: 4652631 ns, Reaching safepoint: 210806 ns, At safepoint: 11039 ns, Total: 221845 ns
[2020-03-02T08:21:37.708+0000][1][safepoint    ] Safepoint "RevokeBias", Time since last: 5541727 ns, Reaching safepoint: 651810 ns, At safepoint: 152852 ns, Total: 804662 ns
[2020-03-02T08:21:37.726+0000][1][safepoint    ] Safepoint "Deoptimize", Time since last: 6409473 ns, Reaching safepoint: 10886650 ns, At safepoint: 444106 ns, Total: 11330756 ns
[2020-03-02T08:21:37.737+0000][1][safepoint    ] Safepoint "BulkRevokeBias", Time since last: 4469372 ns, Reaching safepoint: 5819900 ns, At safepoint: 517592 ns, Total: 6337492 ns
[2020-03-02T08:21:37.737+0000][1][safepoint    ] Safepoint "RevokeBias", Time since last: 251064 ns, Reaching safepoint: 37673 ns, At safepoint: 21945 ns, Total: 59618 ns
[2020-03-02T08:21:37.741+0000][1][safepoint    ] Safepoint "BulkRevokeBias", Time since last: 3682560 ns, Reaching safepoint: 95313 ns, At safepoint: 532267 ns, Total: 627580 ns
[2020-03-02T08:21:37.806+0000][1][safepoint    ] Safepoint "CollectForMetadataAllocation", Time since last: 44452039 ns, Reaching safepoint: 20270627 ns, At safepoint: 137678 ns, Total: 20408305 ns
[2020-03-02T08:21:37.848+0000][1][safepoint    ] Safepoint "CollectForMetadataAllocation", Time since last: 35158265 ns, Reaching safepoint: 6675645 ns, At safepoint: 316569 ns, Total: 6992214 ns
[2020-03-02T08:21:37.850+0000][1][safepoint    ] Safepoint "Deoptimize", Time since last: 519852 ns, Reaching safepoint: 92740 ns, At safepoint: 746331 ns, Total: 839071 ns
[2020-03-02T08:21:37.863+0000][1][safepoint    ] Safepoint "RevokeBias", Time since last: 9090758 ns, Reaching safepoint: 4096237 ns, At safepoint: 12852 ns, Total: 4109089 ns
[2020-03-02T08:21:37.900+0000][1][safepoint    ] Safepoint "CollectForMetadataAllocation", Time since last: 23077918 ns, Reaching safepoint: 13253164 ns, At safepoint: 235548 ns, Total: 13488712 ns
[2020-03-02T08:21:37.912+0000][1][safepoint    ] Safepoint "RevokeBias", Time since last: 9535799 ns, Reaching safepoint: 3190012 ns, At safepoint: 121992 ns, Total: 3312004 ns
[2020-03-02T08:21:37.937+0000][1][safepoint    ] Safepoint "RevokeBias", Time since last: 15992117 ns, Reaching safepoint: 8508027 ns, At safepoint: 79462 ns, Total: 8587489 ns
[2020-03-02T08:21:38.022+0000][1][safepoint    ] Safepoint "RevokeBias", Time since last: 19399767 ns, Reaching safepoint: 65191619 ns, At safepoint: 67581 ns, Total: 65259200 ns
[2020-03-02T08:21:38.048+0000][1][safepoint    ] Safepoint "CollectForMetadataAllocation", Time since last: 4826744 ns, Reaching safepoint: 21022755 ns, At safepoint: 161219 ns, Total: 21183974 ns
[2020-03-02T08:21:38.057+0000][1][safepoint    ] Safepoint "RevokeBias", Time since last: 8867067 ns, Reaching safepoint: 70687 ns, At safepoint: 62411 ns, Total: 133098 ns
[2020-03-02T08:21:38.064+0000][1][safepoint    ] Safepoint "RevokeBias", Time since last: 7592745 ns, Reaching safepoint: 172457 ns, At safepoint: 41027 ns, Total: 213484 ns
[2020-03-02T08:21:38.072+0000][1][safepoint    ] Safepoint "RevokeBias", Time since last: 7018998 ns, Reaching safepoint: 491876 ns, At safepoint: 81521 ns, Total: 573397 ns
[2020-03-02T08:21:38.094+0000][1][safepoint    ] Safepoint "RevokeBias", Time since last: 12539475 ns, Reaching safepoint: 9756998 ns, At safepoint: 25977 ns, Total: 9782975 ns
[2020-03-02T08:21:38.122+0000][1][safepoint    ] Safepoint "RevokeBias", Time since last: 25626895 ns, Reaching safepoint: 2339963 ns, At safepoint: 25293 ns, Total: 2365256 ns
[2020-03-02T08:21:38.132+0000][1][safepoint    ] Safepoint "RevokeBias", Time since last: 6127396 ns, Reaching safepoint: 3214817 ns, At safepoint: 59199 ns, Total: 3274016 ns
[2020-03-02T08:21:38.156+0000][1][safepoint    ] Safepoint "RevokeBias", Time since last: 16677067 ns, Reaching safepoint: 7783344 ns, At safepoint: 37259 ns, Total: 7820603 ns
[2020-03-02T08:21:38.188+0000][1][safepoint    ] Safepoint "RevokeBias", Time since last: 27881518 ns, Reaching safepoint: 3533467 ns, At safepoint: 27032 ns, Total: 3560499 ns
[2020-03-02T08:21:38.206+0000][1][safepoint    ] Safepoint "RevokeBias", Time since last: 13824300 ns, Reaching safepoint: 4012485 ns, At safepoint: 31269 ns, Total: 4043754 ns
[2020-03-02T08:21:38.222+0000][1][safepoint    ] Safepoint "RevokeBias", Time since last: 9450609 ns, Reaching safepoint: 6462372 ns, At safepoint: 54978 ns, Total: 6517350 ns
[2020-03-02T08:21:38.232+0000][1][safepoint    ] Safepoint "RevokeBias", Time since last: 6819787 ns, Reaching safepoint: 3844987 ns, At safepoint: 14294 ns, Total: 3859281 ns
[2020-03-02T08:21:38.244+0000][1][safepoint    ] Safepoint "RevokeBias", Time since last: 8885854 ns, Reaching safepoint: 2807994 ns, At safepoint: 30487 ns, Total: 2838481 ns
[2020-03-02T08:21:38.292+0000][1][safepoint    ] Safepoint "CollectForMetadataAllocation", Time since last: 39025286 ns, Reaching safepoint: 8948505 ns, At safepoint: 174491 ns, Total: 9122996 ns
[2020-03-02T08:21:38.317+0000][1][safepoint    ] Safepoint "RevokeBias", Time since last: 18825999 ns, Reaching safepoint: 5802726 ns, At safepoint: 22592 ns, Total: 5825318 ns
[2020-03-02T08:21:38.342+0000][1][safepoint    ] Safepoint "BulkRevokeBias", Time since last: 22256871 ns, Reaching safepoint: 2696505 ns, At safepoint: 399082 ns, Total: 3095587 ns
[2020-03-02T08:21:38.373+0000][1][safepoint    ] Safepoint "RevokeBias", Time since last: 23009092 ns, Reaching safepoint: 7488145 ns, At safepoint: 18624 ns, Total: 7506769 ns
[2020-03-02T08:21:38.393+0000][1][safepoint    ] Safepoint "RevokeBias", Time since last: 15204817 ns, Reaching safepoint: 5094204 ns, At safepoint: 92825 ns, Total: 5187029 ns
[2020-03-02T08:21:38.419+0000][1][safepoint    ] Safepoint "RevokeBias", Time since last: 23385332 ns, Reaching safepoint: 2291095 ns, At safepoint: 21989 ns, Total: 2313084 ns
[2020-03-02T08:21:38.430+0000][1][safepoint    ] Safepoint "RevokeBias", Time since last: 10421511 ns, Reaching safepoint: 533907 ns, At safepoint: 26850 ns, Total: 560757 ns
[2020-03-02T08:21:38.431+0000][1][safepoint    ] Safepoint "RevokeBias", Time since last: 1329834 ns, Reaching safepoint: 133121 ns, At safepoint: 16687 ns, Total: 149808 ns
[2020-03-02T08:21:38.434+0000][1][safepoint    ] Safepoint "RevokeBias", Time since last: 1836314 ns, Reaching safepoint: 689886 ns, At safepoint: 51031 ns, Total: 740917 ns
[2020-03-02T08:21:38.434+0000][1][safepoint    ] Safepoint "RevokeBias", Time since last: 130798 ns, Reaching safepoint: 536513 ns, At safepoint: 12644 ns, Total: 549157 ns
[2020-03-02T08:21:38.436+0000][1][safepoint    ] Safepoint "RevokeBias", Time since last: 49453 ns, Reaching safepoint: 1920866 ns, At safepoint: 20992 ns, Total: 1941858 ns
[2020-03-02T08:21:38.437+0000][1][safepoint    ] Safepoint "RevokeBias", Time since last: 94251 ns, Reaching safepoint: 272333 ns, At safepoint: 13239 ns, Total: 285572 ns
[2020-03-02T08:21:38.443+0000][1][safepoint    ] Safepoint "RevokeBias", Time since last: 5154655 ns, Reaching safepoint: 525904 ns, At safepoint: 26973 ns, Total: 552877 ns
[2020-03-02T08:21:38.472+0000][1][safepoint    ] Safepoint "RevokeBias", Time since last: 23835105 ns, Reaching safepoint: 5745456 ns, At safepoint: 35085 ns, Total: 5780541 ns
[2020-03-02T08:21:38.487+0000][1][safepoint    ] Safepoint "RevokeBias", Time since last: 9106661 ns, Reaching safepoint: 6119273 ns, At safepoint: 15224 ns, Total: 6134497 ns
[2020-03-02T08:21:38.590+0000][1][safepoint    ] Safepoint "RevokeBias", Time since last: 83445237 ns, Reaching safepoint: 19338110 ns, At safepoint: 24011 ns, Total: 19362121 ns
[2020-03-02T08:21:38.719+0000][1][safepoint    ] Safepoint "RevokeBias", Time since last: 114027268 ns, Reaching safepoint: 14588679 ns, At safepoint: 15719 ns, Total: 14604398 ns
[2020-03-02T08:21:38.737+0000][1][safepoint    ] Safepoint "RevokeBias", Time since last: 12375928 ns, Reaching safepoint: 5597188 ns, At safepoint: 22577 ns, Total: 5619765 ns
[2020-03-02T08:21:38.851+0000][1][safepoint    ] Safepoint "RevokeBias", Time since last: 109096561 ns, Reaching safepoint: 4594018 ns, At safepoint: 16433 ns, Total: 4610451 ns
[2020-03-02T08:21:38.901+0000][1][safepoint    ] Safepoint "RevokeBias", Time since last: 47966822 ns, Reaching safepoint: 2789748 ns, At safepoint: 34696 ns, Total: 2824444 ns
[2020-03-02T08:21:38.908+0000][1][safepoint    ] Safepoint "RevokeBias", Time since last: 1647491 ns, Reaching safepoint: 4595115 ns, At safepoint: 18232 ns, Total: 4613347 ns
[2020-03-02T08:21:38.924+0000][1][safepoint    ] Safepoint "RevokeBias", Time since last: 13706629 ns, Reaching safepoint: 2945965 ns, At safepoint: 19915 ns, Total: 2965880 ns
[2020-03-02T08:21:39.041+0000][1][safepoint    ] Safepoint "RevokeBias", Time since last: 107208800 ns, Reaching safepoint: 9707999 ns, At safepoint: 59621 ns, Total: 9767620 ns
[2020-03-02T08:21:39.056+0000][1][safepoint    ] Safepoint "RevokeBias", Time since last: 11899430 ns, Reaching safepoint: 2793493 ns, At safepoint: 28820 ns, Total: 2822313 ns
[2020-03-02T08:21:39.082+0000][1][safepoint    ] Safepoint "CollectForMetadataAllocation", Time since last: 15105392 ns, Reaching safepoint: 10682761 ns, At safepoint: 260385 ns, Total: 10943146 ns
[2020-03-02T08:21:39.219+0000][1][safepoint    ] Safepoint "Deoptimize", Time since last: 135959465 ns, Reaching safepoint: 68173 ns, At safepoint: 510409 ns, Total: 578582 ns
[2020-03-02T08:21:39.255+0000][1][safepoint    ] Safepoint "CollectForMetadataAllocation", Time since last: 28029547 ns, Reaching safepoint: 7874403 ns, At safepoint: 173279 ns, Total: 8047682 ns
[2020-03-02T08:21:39.345+0000][1][safepoint    ] Safepoint "RevokeBias", Time since last: 90112686 ns, Reaching safepoint: 538695 ns, At safepoint: 20601 ns, Total: 559296 ns
[2020-03-02T08:21:39.348+0000][1][safepoint    ] Safepoint "RevokeBias", Time since last: 358649 ns, Reaching safepoint: 2328210 ns, At safepoint: 20414 ns, Total: 2348624 ns
[2020-03-02T08:21:39.358+0000][1][safepoint    ] Safepoint "RevokeBias", Time since last: 10329336 ns, Reaching safepoint: 65588 ns, At safepoint: 11539 ns, Total: 77127 ns
[2020-03-02T08:21:39.391+0000][1][safepoint    ] Safepoint "CollectForMetadataAllocation", Time since last: 31964272 ns, Reaching safepoint: 50493 ns, At safepoint: 165410 ns, Total: 215903 ns
[2020-03-02T08:21:39.393+0000][1][safepoint    ] Safepoint "RevokeBias", Time since last: 2753335 ns, Reaching safepoint: 113164 ns, At safepoint: 18379 ns, Total: 131543 ns
[2020-03-02T08:21:39.394+0000][1][safepoint    ] Safepoint "RevokeBias", Time since last: 667615 ns, Reaching safepoint: 58711 ns, At safepoint: 7778 ns, Total: 66489 ns
[2020-03-02T08:21:39.552+0000][1][gc,start     ] GC(28) Pause Initial Mark
[2020-03-02T08:21:39.701+0000][1][gc           ] GC(28) Pause Initial Mark 112M->112M(1015M) 149.179ms
[2020-03-02T08:21:39.701+0000][1][gc,cpu       ] GC(28) User=0.14s Sys=0.00s Real=0.15s
[2020-03-02T08:21:39.701+0000][1][safepoint    ] Safepoint "CMS_Initial_Mark", Time since last: 148502569 ns, Reaching safepoint: 8880803 ns, At safepoint: 149390865 ns, Total: 158271668 ns
[2020-03-02T08:21:39.703+0000][1][gc           ] GC(28) Concurrent Mark
[2020-03-02T08:21:39.748+0000][1][safepoint    ] Safepoint "RevokeBias", Time since last: 44730366 ns, Reaching safepoint: 2459530 ns, At safepoint: 24244 ns, Total: 2483774 ns
[2020-03-02T08:21:39.761+0000][1][safepoint    ] Safepoint "RevokeBias", Time since last: 5392149 ns, Reaching safepoint: 7075226 ns, At safepoint: 13922 ns, Total: 7089148 ns
[2020-03-02T08:21:39.784+0000][1][safepoint    ] Safepoint "RevokeBias", Time since last: 22951042 ns, Reaching safepoint: 229650 ns, At safepoint: 32485 ns, Total: 262135 ns
[2020-03-02T08:21:39.926+0000][1][safepoint    ] Safepoint "CollectForMetadataAllocation", Time since last: 141762275 ns, Reaching safepoint: 113169 ns, At safepoint: 252672 ns, Total: 365841 ns
[2020-03-02T08:21:39.935+0000][1][safepoint    ] Safepoint "CollectForMetadataAllocation", Time since last: 3468872 ns, Reaching safepoint: 5980426 ns, At safepoint: 18010 ns, Total: 5998436 ns
[2020-03-02T08:21:40.005+0000][1][safepoint    ] Safepoint "CollectForMetadataAllocation", Time since last: 62074112 ns, Reaching safepoint: 7756056 ns, At safepoint: 158762 ns, Total: 7914818 ns
[2020-03-02T08:21:40.068+0000][1][gc           ] GC(28) Concurrent Mark 365.382ms
[2020-03-02T08:21:40.068+0000][1][gc,cpu       ] GC(28) User=0.34s Sys=0.02s Real=0.37s
[2020-03-02T08:21:40.068+0000][1][safepoint    ] Safepoint "RevokeBias", Time since last: 62557744 ns, Reaching safepoint: 432101 ns, At safepoint: 28738 ns, Total: 460839 ns
[2020-03-02T08:21:40.069+0000][1][gc           ] GC(28) Concurrent Preclean
[2020-03-02T08:21:40.072+0000][1][safepoint    ] Safepoint "RevokeBias", Time since last: 2941444 ns, Reaching safepoint: 68990 ns, At safepoint: 5651 ns, Total: 74641 ns
[2020-03-02T08:21:40.085+0000][1][gc           ] GC(28) Concurrent Preclean 16.740ms
[2020-03-02T08:21:40.085+0000][1][gc,cpu       ] GC(28) User=0.01s Sys=0.00s Real=0.01s
[2020-03-02T08:21:40.085+0000][1][gc           ] GC(28) Concurrent Abortable Preclean
[2020-03-02T08:21:40.094+0000][1][safepoint    ] Safepoint "CollectForMetadataAllocation", Time since last: 22300226 ns, Reaching safepoint: 162224 ns, At safepoint: 137804 ns, Total: 300028 ns
[2020-03-02T08:21:40.148+0000][1][safepoint    ] Safepoint "RevokeBias", Time since last: 54085569 ns, Reaching safepoint: 80117 ns, At safepoint: 15092 ns, Total: 95209 ns
[2020-03-02T08:21:40.202+0000][1][safepoint    ] Safepoint "CollectForMetadataAllocation", Time since last: 53098901 ns, Reaching safepoint: 79908 ns, At safepoint: 259230 ns, Total: 339138 ns
[2020-03-02T08:21:40.299+0000][1][safepoint    ] Safepoint "RevokeBias", Time since last: 89180235 ns, Reaching safepoint: 8101409 ns, At safepoint: 48746 ns, Total: 8150155 ns
[2020-03-02T08:21:40.299+0000][1][safepoint    ] Safepoint "RevokeBias", Time since last: 60683 ns, Reaching safepoint: 53766 ns, At safepoint: 33784 ns, Total: 87550 ns
[2020-03-02T08:21:40.368+0000][1][gc,start     ] GC(29) Pause Young (Allocation Failure)
[2020-03-02T08:21:40.369+0000][1][gc,task      ] GC(29) Using 1 workers of 1 for evacuation
[2020-03-02T08:21:40.421+0000][1][gc,age       ] GC(29) Desired survivor size 4358144 bytes, new threshold 6 (max threshold 6)
[2020-03-02T08:21:40.421+0000][1][gc,age       ] GC(29) Age table with threshold 6 (max threshold 6)
[2020-03-02T08:21:40.421+0000][1][gc,age       ] GC(29) - age   1:    1728160 bytes,    1728160 total
[2020-03-02T08:21:40.421+0000][1][gc,age       ] GC(29) - age   2:    2086120 bytes,    3814280 total
[2020-03-02T08:21:40.421+0000][1][gc,heap      ] GC(29) ParNew: 74933K->5911K(76672K)
[2020-03-02T08:21:40.421+0000][1][gc,heap      ] GC(29) CMS: 55418K->58967K(963392K)
[2020-03-02T08:21:40.421+0000][1][gc,metaspace ] GC(29) Metaspace: 76336K->76336K(1120256K)
[2020-03-02T08:21:40.421+0000][1][gc           ] GC(29) Pause Young (Allocation Failure) 127M->63M(1015M) 52.500ms
[2020-03-02T08:21:40.421+0000][1][gc,cpu       ] GC(29) User=0.04s Sys=0.00s Real=0.05s
[2020-03-02T08:21:40.421+0000][1][safepoint    ] Safepoint "GenCollectForAllocation", Time since last: 67509490 ns, Reaching safepoint: 1661901 ns, At safepoint: 52552306 ns, Total: 54214207 ns
[2020-03-02T08:21:40.533+0000][1][safepoint    ] Safepoint "CollectForMetadataAllocation", Time since last: 111686240 ns, Reaching safepoint: 181080 ns, At safepoint: 162158 ns, Total: 343238 ns
[2020-03-02T08:21:40.673+0000][1][safepoint    ] Safepoint "CollectForMetadataAllocation", Time since last: 139998385 ns, Reaching safepoint: 98894 ns, At safepoint: 201871 ns, Total: 300765 ns
[2020-03-02T08:21:40.730+0000][1][safepoint    ] Safepoint "CollectForMetadataAllocation", Time since last: 56315622 ns, Reaching safepoint: 56124 ns, At safepoint: 140543 ns, Total: 196667 ns
[2020-03-02T08:21:40.785+0000][1][safepoint    ] Safepoint "RevokeBias", Time since last: 54905358 ns, Reaching safepoint: 77938 ns, At safepoint: 8088 ns, Total: 86026 ns
[2020-03-02T08:21:40.800+0000][1][safepoint    ] Safepoint "RevokeBias", Time since last: 15153983 ns, Reaching safepoint: 159656 ns, At safepoint: 18027 ns, Total: 177683 ns
[2020-03-02T08:21:40.847+0000][1][safepoint    ] Safepoint "RevokeBias", Time since last: 46655011 ns, Reaching safepoint: 56921 ns, At safepoint: 12655 ns, Total: 69576 ns
[2020-03-02T08:21:40.951+0000][1][safepoint    ] Safepoint "RevokeBias", Time since last: 104378816 ns, Reaching safepoint: 77041 ns, At safepoint: 14777 ns, Total: 91818 ns
[2020-03-02T08:21:40.955+0000][1][safepoint    ] Safepoint "RevokeBias", Time since last: 3506759 ns, Reaching safepoint: 73958 ns, At safepoint: 19569 ns, Total: 93527 ns
[2020-03-02T08:21:40.958+0000][1][safepoint    ] Safepoint "RevokeBias", Time since last: 3030053 ns, Reaching safepoint: 72181 ns, At safepoint: 16482 ns, Total: 88663 ns
[2020-03-02T08:21:40.964+0000][1][safepoint    ] Safepoint "RevokeBias", Time since last: 5689917 ns, Reaching safepoint: 107600 ns, At safepoint: 16105 ns, Total: 123705 ns
[2020-03-02T08:21:41.790+0000][1][safepoint    ] Safepoint "RevokeBias", Time since last: 826447680 ns, Reaching safepoint: 40607 ns, At safepoint: 15260 ns, Total: 55867 ns
[2020-03-02T08:21:42.269+0000][1][safepoint    ] Safepoint "CollectForMetadataAllocation", Time since last: 472122140 ns, Reaching safepoint: 6427931 ns, At safepoint: 185879 ns, Total: 6613810 ns
[2020-03-02T08:21:42.281+0000][1][safepoint    ] Safepoint "RevokeBias", Time since last: 11542044 ns, Reaching safepoint: 52818 ns, At safepoint: 14405 ns, Total: 67223 ns
[2020-03-02T08:21:43.282+0000][1][safepoint    ] Safepoint "Cleanup", Time since last: 1000943826 ns, Reaching safepoint: 168426 ns, At safepoint: 6983 ns, Total: 175409 ns
[2020-03-02T08:21:44.802+0000][1][safepoint    ] Safepoint "RevokeBias", Time since last: 1519857569 ns, Reaching safepoint: 51325 ns, At safepoint: 15861 ns, Total: 67186 ns
[2020-03-02T08:21:45.174+0000][1][gc           ] GC(28) Concurrent Abortable Preclean 5088.504ms
[2020-03-02T08:21:45.174+0000][1][gc,cpu       ] GC(28) User=1.96s Sys=0.04s Real=5.09s
[2020-03-02T08:21:45.174+0000][1][gc,start     ] GC(28) Pause Remark
[2020-03-02T08:21:45.256+0000][1][gc           ] GC(28) Pause Remark 74M->74M(1015M) 81.902ms
[2020-03-02T08:21:45.256+0000][1][gc,cpu       ] GC(28) User=0.07s Sys=0.01s Real=0.08s
[2020-03-02T08:21:45.256+0000][1][safepoint    ] Safepoint "CMS_Final_Remark", Time since last: 372223184 ns, Reaching safepoint: 68327 ns, At safepoint: 82024734 ns, Total: 82093061 ns
[2020-03-02T08:21:45.256+0000][1][gc           ] GC(28) Concurrent Sweep
[2020-03-02T08:21:45.293+0000][1][gc           ] GC(28) Concurrent Sweep 37.271ms
[2020-03-02T08:21:45.293+0000][1][gc,cpu       ] GC(28) User=0.04s Sys=0.00s Real=0.04s
[2020-03-02T08:21:45.293+0000][1][gc           ] GC(28) Concurrent Reset
[2020-03-02T08:21:45.295+0000][1][gc           ] GC(28) Concurrent Reset 1.163ms
[2020-03-02T08:21:45.295+0000][1][gc,cpu       ] GC(28) User=0.00s Sys=0.00s Real=0.00s
[2020-03-02T08:21:45.295+0000][1][gc,heap      ] GC(28) Old: 55418K->58452K(963392K)
[2020-03-02T08:21:47.258+0000][1][safepoint    ] Safepoint "Cleanup", Time since last: 2000771530 ns, Reaching safepoint: 951415 ns, At safepoint: 20171 ns, Total: 971586 ns
[2020-03-02T08:21:47.315+0000][1][safepoint    ] Safepoint "RevokeBias", Time since last: 57383062 ns, Reaching safepoint: 120721 ns, At safepoint: 18477 ns, Total: 139198 ns
[2020-03-02T08:21:47.636+0000][1][safepoint    ] Safepoint "RevokeBias", Time since last: 318451982 ns, Reaching safepoint: 2298915 ns, At safepoint: 26125 ns, Total: 2325040 ns
[2020-03-02T08:21:47.645+0000][1][safepoint    ] Safepoint "RevokeBias", Time since last: 8109071 ns, Reaching safepoint: 412556 ns, At safepoint: 24901 ns, Total: 437457 ns
[2020-03-02T08:21:47.782+0000][1][safepoint    ] Safepoint "RevokeBias", Time since last: 30065305 ns, Reaching safepoint: 107171799 ns, At safepoint: 51236 ns, Total: 107223035 ns
[2020-03-02T08:21:47.824+0000][1][safepoint    ] Safepoint "RevokeBias", Time since last: 25548524 ns, Reaching safepoint: 16778076 ns, At safepoint: 48952 ns, Total: 16827028 ns
[2020-03-02T08:21:47.834+0000][1][safepoint    ] Safepoint "RevokeBias", Time since last: 9586751 ns, Reaching safepoint: 269872 ns, At safepoint: 19225 ns, Total: 289097 ns
[2020-03-02T08:21:47.850+0000][1][safepoint    ] Safepoint "RevokeBias", Time since last: 14486164 ns, Reaching safepoint: 829573 ns, At safepoint: 20381 ns, Total: 849954 ns
[2020-03-02T08:21:47.886+0000][1][safepoint    ] Safepoint "RevokeBias", Time since last: 36190474 ns, Reaching safepoint: 357077 ns, At safepoint: 34957 ns, Total: 392034 ns
[2020-03-02T08:21:47.900+0000][1][safepoint    ] Safepoint "RevokeBias", Time since last: 13706053 ns, Reaching safepoint: 324085 ns, At safepoint: 21431 ns, Total: 345516 ns
[2020-03-02T08:21:48.129+0000][1][safepoint    ] Safepoint "RevokeBias", Time since last: 225050961 ns, Reaching safepoint: 3433240 ns, At safepoint: 24994 ns, Total: 3458234 ns
[2020-03-02T08:21:48.139+0000][1][safepoint    ] Safepoint "BulkRevokeBias", Time since last: 6275099 ns, Reaching safepoint: 4007619 ns, At safepoint: 425424 ns, Total: 4433043 ns
[2020-03-02T08:21:49.028+0000][1][safepoint    ] Safepoint "RevokeBias", Time since last: 888588099 ns, Reaching safepoint: 77494 ns, At safepoint: 8713 ns, Total: 86207 ns
[2020-03-02T08:21:50.029+0000][1][safepoint    ] Safepoint "Cleanup", Time since last: 1000745060 ns, Reaching safepoint: 103246 ns, At safepoint: 10423 ns, Total: 113669 ns
[2020-03-02T08:21:51.029+0000][1][safepoint    ] Safepoint "Cleanup", Time since last: 1000263048 ns, Reaching safepoint: 89530 ns, At safepoint: 8361 ns, Total: 97891 ns
[2020-03-02T08:21:52.030+0000][1][safepoint    ] Safepoint "Cleanup", Time since last: 1000821810 ns, Reaching safepoint: 84249 ns, At safepoint: 11974 ns, Total: 96223 ns
[2020-03-02T08:21:53.032+0000][1][safepoint    ] Safepoint "Cleanup", Time since last: 1001419113 ns, Reaching safepoint: 91347 ns, At safepoint: 8221 ns, Total: 99568 ns
[2020-03-02T08:21:55.033+0000][1][safepoint    ] Safepoint "Cleanup", Time since last: 2001134176 ns, Reaching safepoint: 130441 ns, At safepoint: 30510 ns, Total: 160951 ns
[2020-03-02T08:21:58.034+0000][1][safepoint    ] Safepoint "Cleanup", Time since last: 3000976456 ns, Reaching safepoint: 140639 ns, At safepoint: 14466 ns, Total: 155105 ns
[2020-03-02T08:21:58.136+0000][1][safepoint    ] Safepoint "RevokeBias", Time since last: 101785845 ns, Reaching safepoint: 75748 ns, At safepoint: 32918 ns, Total: 108666 ns
[2020-03-02T08:21:58.276+0000][1][safepoint    ] Safepoint "RevokeBias", Time since last: 139825827 ns, Reaching safepoint: 100424 ns, At safepoint: 18387 ns, Total: 118811 ns
[2020-03-02T08:21:58.276+0000][1][safepoint    ] Safepoint "RevokeBias", Time since last: 124864 ns, Reaching safepoint: 51472 ns, At safepoint: 12907 ns, Total: 64379 ns
[2020-03-02T08:21:58.276+0000][1][safepoint    ] Safepoint "RevokeBias", Time since last: 37248 ns, Reaching safepoint: 40921 ns, At safepoint: 10003 ns, Total: 50924 ns
[2020-03-02T08:21:58.276+0000][1][safepoint    ] Safepoint "RevokeBias", Time since last: 25943 ns, Reaching safepoint: 41764 ns, At safepoint: 9643 ns, Total: 51407 ns
[2020-03-02T08:21:58.276+0000][1][safepoint    ] Safepoint "RevokeBias", Time since last: 39843 ns, Reaching safepoint: 41012 ns, At safepoint: 9795 ns, Total: 50807 ns
[2020-03-02T08:21:58.276+0000][1][safepoint    ] Safepoint "RevokeBias", Time since last: 26787 ns, Reaching safepoint: 41811 ns, At safepoint: 9643 ns, Total: 51454 ns
[2020-03-02T08:21:58.277+0000][1][safepoint    ] Safepoint "RevokeBias", Time since last: 104324 ns, Reaching safepoint: 41042 ns, At safepoint: 10107 ns, Total: 51149 ns
[2020-03-02T08:21:58.277+0000][1][safepoint    ] Safepoint "RevokeBias", Time since last: 101509 ns, Reaching safepoint: 44631 ns, At safepoint: 11339 ns, Total: 55970 ns
[2020-03-02T08:21:58.277+0000][1][safepoint    ] Safepoint "RevokeBias", Time since last: 47255 ns, Reaching safepoint: 40686 ns, At safepoint: 9880 ns, Total: 50566 ns
[2020-03-02T08:21:58.277+0000][1][safepoint    ] Safepoint "RevokeBias", Time since last: 313011 ns, Reaching safepoint: 46279 ns, At safepoint: 11514 ns, Total: 57793 ns
[2020-03-02T08:21:58.277+0000][1][safepoint    ] Safepoint "RevokeBias", Time since last: 163432 ns, Reaching safepoint: 45318 ns, At safepoint: 11529 ns, Total: 56847 ns
[2020-03-02T08:21:58.278+0000][1][safepoint    ] Safepoint "RevokeBias", Time since last: 78624 ns, Reaching safepoint: 43074 ns, At safepoint: 10351 ns, Total: 53425 ns
[2020-03-02T08:21:58.283+0000][1][safepoint    ] Safepoint "RevokeBias", Time since last: 5502975 ns, Reaching safepoint: 108888 ns, At safepoint: 34369 ns, Total: 143257 ns
[2020-03-02T08:21:58.284+0000][1][safepoint    ] Safepoint "RevokeBias", Time since last: 430342 ns, Reaching safepoint: 151791 ns, At safepoint: 31827 ns, Total: 183618 ns
[2020-03-02T08:21:58.286+0000][1][safepoint    ] Safepoint "RevokeBias", Time since last: 2305970 ns, Reaching safepoint: 139916 ns, At safepoint: 24462 ns, Total: 164378 ns
[2020-03-02T08:21:58.290+0000][1][safepoint    ] Safepoint "RevokeBias", Time since last: 3850875 ns, Reaching safepoint: 102919 ns, At safepoint: 24452 ns, Total: 127371 ns
[2020-03-02T08:21:58.291+0000][1][safepoint    ] Safepoint "RevokeBias", Time since last: 166986 ns, Reaching safepoint: 99379 ns, At safepoint: 50102 ns, Total: 149481 ns
[2020-03-02T08:21:59.293+0000][1][safepoint    ] Safepoint "Cleanup", Time since last: 1001598513 ns, Reaching safepoint: 249136 ns, At safepoint: 28944 ns, Total: 278080 ns
[2020-03-02T08:22:00.293+0000][1][safepoint    ] Safepoint "Cleanup", Time since last: 1000721656 ns, Reaching safepoint: 155822 ns, At safepoint: 16694 ns, Total: 172516 ns
[2020-03-02T08:22:01.294+0000][1][safepoint    ] Safepoint "Cleanup", Time since last: 1000245523 ns, Reaching safepoint: 80789 ns, At safepoint: 8674 ns, Total: 89463 ns
[2020-03-02T08:22:02.294+0000][1][safepoint    ] Safepoint "Cleanup", Time since last: 1000504357 ns, Reaching safepoint: 81949 ns, At safepoint: 10866 ns, Total: 92815 ns
[2020-03-02T08:22:03.295+0000][1][safepoint    ] Safepoint "Cleanup", Time since last: 1000654244 ns, Reaching safepoint: 82412 ns, At safepoint: 8584 ns, Total: 90996 ns
[2020-03-02T08:22:05.059+0000][1][safepoint    ] Safepoint "RevokeBias", Time since last: 1763787514 ns, Reaching safepoint: 86919 ns, At safepoint: 16667 ns, Total: 103586 ns
[2020-03-02T08:22:05.062+0000][1][safepoint    ] Safepoint "Deoptimize", Time since last: 1994568 ns, Reaching safepoint: 64524 ns, At safepoint: 978473 ns, Total: 1042997 ns
[2020-03-02T08:22:05.077+0000][1][safepoint    ] Safepoint "RevokeBias", Time since last: 14801074 ns, Reaching safepoint: 74218 ns, At safepoint: 16554 ns, Total: 90772 ns
[2020-03-02T08:22:05.078+0000][1][safepoint    ] Safepoint "RevokeBias", Time since last: 682813 ns, Reaching safepoint: 63245 ns, At safepoint: 14437 ns, Total: 77682 ns
[2020-03-02T08:22:05.080+0000][1][safepoint    ] Safepoint "RevokeBias", Time since last: 2350724 ns, Reaching safepoint: 67388 ns, At safepoint: 17631 ns, Total: 85019 ns
[2020-03-02T08:22:05.086+0000][1][safepoint    ] Safepoint "RevokeBias", Time since last: 5709015 ns, Reaching safepoint: 68613 ns, At safepoint: 18579 ns, Total: 87192 ns
[2020-03-02T08:22:05.089+0000][1][safepoint    ] Safepoint "RevokeBias", Time since last: 3257410 ns, Reaching safepoint: 75194 ns, At safepoint: 17065 ns, Total: 92259 ns
[2020-03-02T08:22:05.090+0000][1][safepoint    ] Safepoint "RevokeBias", Time since last: 315021 ns, Reaching safepoint: 54171 ns, At safepoint: 13101 ns, Total: 67272 ns
[2020-03-02T08:22:05.090+0000][1][safepoint    ] Safepoint "RevokeBias", Time since last: 41717 ns, Reaching safepoint: 39291 ns, At safepoint: 10093 ns, Total: 49384 ns
[2020-03-02T08:22:05.090+0000][1][safepoint    ] Safepoint "RevokeBias", Time since last: 202394 ns, Reaching safepoint: 44638 ns, At safepoint: 11400 ns, Total: 56038 ns
[2020-03-02T08:22:05.090+0000][1][safepoint    ] Safepoint "RevokeBias", Time since last: 35460 ns, Reaching safepoint: 120842 ns, At safepoint: 26456 ns, Total: 147298 ns
[2020-03-02T08:22:05.090+0000][1][safepoint    ] Safepoint "RevokeBias", Time since last: 72905 ns, Reaching safepoint: 68274 ns, At safepoint: 17049 ns, Total: 85323 ns
[2020-03-02T08:22:05.090+0000][1][safepoint    ] Safepoint "RevokeBias", Time since last: 56502 ns, Reaching safepoint: 64686 ns, At safepoint: 16327 ns, Total: 81013 ns
[2020-03-02T08:22:05.091+0000][1][safepoint    ] Safepoint "RevokeBias", Time since last: 327235 ns, Reaching safepoint: 76417 ns, At safepoint: 20439 ns, Total: 96856 ns
[2020-03-02T08:22:05.093+0000][1][safepoint    ] Safepoint "RevokeBias", Time since last: 1854992 ns, Reaching safepoint: 88912 ns, At safepoint: 24326 ns, Total: 113238 ns
[2020-03-02T08:22:05.093+0000][1][safepoint    ] Safepoint "RevokeBias", Time since last: 83600 ns, Reaching safepoint: 67403 ns, At safepoint: 18489 ns, Total: 85892 ns
[2020-03-02T08:22:05.093+0000][1][safepoint    ] Safepoint "RevokeBias", Time since last: 58467 ns, Reaching safepoint: 65908 ns, At safepoint: 16994 ns, Total: 82902 ns
[2020-03-02T08:22:05.094+0000][1][safepoint    ] Safepoint "RevokeBias", Time since last: 412819 ns, Reaching safepoint: 73765 ns, At safepoint: 21414 ns, Total: 95179 ns
[2020-03-02T08:22:05.097+0000][1][safepoint    ] Safepoint "RevokeBias", Time since last: 3130258 ns, Reaching safepoint: 117243 ns, At safepoint: 29936 ns, Total: 147179 ns
[2020-03-02T08:22:05.098+0000][1][safepoint    ] Safepoint "RevokeBias", Time since last: 452716 ns, Reaching safepoint: 87438 ns, At safepoint: 24446 ns, Total: 111884 ns
[2020-03-02T08:22:05.098+0000][1][safepoint    ] Safepoint "RevokeBias", Time since last: 98378 ns, Reaching safepoint: 44729 ns, At safepoint: 12899 ns, Total: 57628 ns
[2020-03-02T08:22:05.098+0000][1][safepoint    ] Safepoint "RevokeBias", Time since last: 96005 ns, Reaching safepoint: 49086 ns, At safepoint: 13030 ns, Total: 62116 ns
[2020-03-02T08:22:05.098+0000][1][safepoint    ] Safepoint "RevokeBias", Time since last: 450379 ns, Reaching safepoint: 54761 ns, At safepoint: 63215 ns, Total: 117976 ns
[2020-03-02T08:22:05.100+0000][1][safepoint    ] Safepoint "RevokeBias", Time since last: 1080223 ns, Reaching safepoint: 188000 ns, At safepoint: 31602 ns, Total: 219602 ns
[2020-03-02T08:22:05.100+0000][1][safepoint    ] Safepoint "RevokeBias", Time since last: 139534 ns, Reaching safepoint: 92361 ns, At safepoint: 17298 ns, Total: 109659 ns
[2020-03-02T08:22:05.100+0000][1][safepoint    ] Safepoint "RevokeBias", Time since last: 56514 ns, Reaching safepoint: 54501 ns, At safepoint: 15587 ns, Total: 70088 ns
[2020-03-02T08:22:05.100+0000][1][safepoint    ] Safepoint "RevokeBias", Time since last: 49976 ns, Reaching safepoint: 54034 ns, At safepoint: 15579 ns, Total: 69613 ns
[2020-03-02T08:22:05.101+0000][1][safepoint    ] Safepoint "RevokeBias", Time since last: 965797 ns, Reaching safepoint: 41653 ns, At safepoint: 17944 ns, Total: 59597 ns
[2020-03-02T08:22:05.102+0000][1][safepoint    ] Safepoint "RevokeBias", Time since last: 294325 ns, Reaching safepoint: 41840 ns, At safepoint: 103408 ns, Total: 145248 ns
[2020-03-02T08:22:05.103+0000][1][safepoint    ] Safepoint "RevokeBias", Time since last: 1613996 ns, Reaching safepoint: 66580 ns, At safepoint: 19197 ns, Total: 85777 ns
[2020-03-02T08:22:05.104+0000][1][safepoint    ] Safepoint "RevokeBias", Time since last: 97479 ns, Reaching safepoint: 149389 ns, At safepoint: 15344 ns, Total: 164733 ns
[2020-03-02T08:22:05.104+0000][1][safepoint    ] Safepoint "RevokeBias", Time since last: 47191 ns, Reaching safepoint: 18948 ns, At safepoint: 8069 ns, Total: 27017 ns
[2020-03-02T08:22:05.104+0000][1][safepoint    ] Safepoint "RevokeBias", Time since last: 24982 ns, Reaching safepoint: 14851 ns, At safepoint: 7230 ns, Total: 22081 ns
[2020-03-02T08:22:05.104+0000][1][safepoint    ] Safepoint "RevokeBias", Time since last: 22387 ns, Reaching safepoint: 14657 ns, At safepoint: 6901 ns, Total: 21558 ns
[2020-03-02T08:22:05.104+0000][1][safepoint    ] Safepoint "RevokeBias", Time since last: 22567 ns, Reaching safepoint: 14630 ns, At safepoint: 6915 ns, Total: 21545 ns
[2020-03-02T08:22:05.104+0000][1][safepoint    ] Safepoint "RevokeBias", Time since last: 23831 ns, Reaching safepoint: 14660 ns, At safepoint: 6813 ns, Total: 21473 ns
[2020-03-02T08:22:05.104+0000][1][safepoint    ] Safepoint "RevokeBias", Time since last: 22211 ns, Reaching safepoint: 14611 ns, At safepoint: 6931 ns, Total: 21542 ns
[2020-03-02T08:22:05.104+0000][1][safepoint    ] Safepoint "RevokeBias", Time since last: 22309 ns, Reaching safepoint: 14619 ns, At safepoint: 6841 ns, Total: 21460 ns
[2020-03-02T08:22:05.104+0000][1][safepoint    ] Safepoint "RevokeBias", Time since last: 252797 ns, Reaching safepoint: 37799 ns, At safepoint: 9724 ns, Total: 47523 ns
[2020-03-02T08:22:05.104+0000][1][safepoint    ] Safepoint "RevokeBias", Time since last: 29420 ns, Reaching safepoint: 14771 ns, At safepoint: 7079 ns, Total: 21850 ns
[2020-03-02T08:22:05.104+0000][1][safepoint    ] Safepoint "RevokeBias", Time since last: 24268 ns, Reaching safepoint: 14683 ns, At safepoint: 6969 ns, Total: 21652 ns
[2020-03-02T08:22:05.105+0000][1][safepoint    ] Safepoint "BulkRevokeBias", Time since last: 22855 ns, Reaching safepoint: 14599 ns, At safepoint: 141328 ns, Total: 155927 ns
[2020-03-02T08:22:05.149+0000][1][safepoint    ] Safepoint "RevokeBias", Time since last: 44783717 ns, Reaching safepoint: 87852 ns, At safepoint: 17396 ns, Total: 105248 ns
[2020-03-02T08:22:05.150+0000][1][safepoint    ] Safepoint "RevokeBias", Time since last: 746770 ns, Reaching safepoint: 111322 ns, At safepoint: 21617 ns, Total: 132939 ns
[2020-03-02T08:22:05.307+0000][1][safepoint    ] Safepoint "RevokeBias", Time since last: 156334551 ns, Reaching safepoint: 95603 ns, At safepoint: 28141 ns, Total: 123744 ns
[2020-03-02T08:22:05.335+0000][1][safepoint    ] Safepoint "RevokeBias", Time since last: 27645641 ns, Reaching safepoint: 783519 ns, At safepoint: 48658 ns, Total: 832177 ns
[2020-03-02T08:22:05.339+0000][1][safepoint    ] Safepoint "RevokeBias", Time since last: 3316584 ns, Reaching safepoint: 337908 ns, At safepoint: 83260 ns, Total: 421168 ns
[2020-03-02T08:22:05.339+0000][1][safepoint    ] Safepoint "RevokeBias", Time since last: 112979 ns, Reaching safepoint: 196963 ns, At safepoint: 29640 ns, Total: 226603 ns
[2020-03-02T08:22:05.340+0000][1][safepoint    ] Safepoint "RevokeBias", Time since last: 74204 ns, Reaching safepoint: 145055 ns, At safepoint: 64763 ns, Total: 209818 ns
[2020-03-02T08:22:05.341+0000][1][safepoint    ] Safepoint "RevokeBias", Time since last: 65447 ns, Reaching safepoint: 972396 ns, At safepoint: 42078 ns, Total: 1014474 ns
[2020-03-02T08:22:05.341+0000][1][safepoint    ] Safepoint "RevokeBias", Time since last: 104548 ns, Reaching safepoint: 197327 ns, At safepoint: 38810 ns, Total: 236137 ns
[2020-03-02T08:22:05.342+0000][1][safepoint    ] Safepoint "RevokeBias", Time since last: 243134 ns, Reaching safepoint: 280651 ns, At safepoint: 32007 ns, Total: 312658 ns
[2020-03-02T08:22:05.342+0000][1][safepoint    ] Safepoint "RevokeBias", Time since last: 118244 ns, Reaching safepoint: 786269 ns, At safepoint: 22615 ns, Total: 808884 ns
[2020-03-02T08:22:05.354+0000][1][safepoint    ] Safepoint "RevokeBias", Time since last: 10858169 ns, Reaching safepoint: 829905 ns, At safepoint: 100267 ns, Total: 930172 ns
[2020-03-02T08:22:05.355+0000][1][safepoint    ] Safepoint "RevokeBias", Time since last: 429477 ns, Reaching safepoint: 622462 ns, At safepoint: 54318 ns, Total: 676780 ns
[2020-03-02T08:22:05.359+0000][1][safepoint    ] Safepoint "RevokeBias", Time since last: 194304 ns, Reaching safepoint: 2958460 ns, At safepoint: 29725 ns, Total: 2988185 ns
[2020-03-02T08:22:05.359+0000][1][safepoint    ] Safepoint "RevokeBias", Time since last: 139916 ns, Reaching safepoint: 46870 ns, At safepoint: 16977 ns, Total: 63847 ns
[2020-03-02T08:22:05.359+0000][1][safepoint    ] Safepoint "RevokeBias", Time since last: 33313 ns, Reaching safepoint: 41446 ns, At safepoint: 15199 ns, Total: 56645 ns
[2020-03-02T08:22:05.359+0000][1][safepoint    ] Safepoint "RevokeBias", Time since last: 410800 ns, Reaching safepoint: 51881 ns, At safepoint: 19623 ns, Total: 71504 ns
[2020-03-02T08:22:05.359+0000][1][safepoint    ] Safepoint "RevokeBias", Time since last: 45786 ns, Reaching safepoint: 43147 ns, At safepoint: 15570 ns, Total: 58717 ns
[2020-03-02T08:22:05.360+0000][1][safepoint    ] Safepoint "RevokeBias", Time since last: 216182 ns, Reaching safepoint: 68753 ns, At safepoint: 43587 ns, Total: 112340 ns
[2020-03-02T08:22:05.360+0000][1][safepoint    ] Safepoint "RevokeBias", Time since last: 91915 ns, Reaching safepoint: 62043 ns, At safepoint: 15294 ns, Total: 77337 ns
[2020-03-02T08:22:05.360+0000][1][safepoint    ] Safepoint "RevokeBias", Time since last: 70972 ns, Reaching safepoint: 77521 ns, At safepoint: 14709 ns, Total: 92230 ns
[2020-03-02T08:22:05.360+0000][1][safepoint    ] Safepoint "RevokeBias", Time since last: 70927 ns, Reaching safepoint: 41239 ns, At safepoint: 14489 ns, Total: 55728 ns
[2020-03-02T08:22:05.361+0000][1][safepoint    ] Safepoint "BulkRevokeBias", Time since last: 90889 ns, Reaching safepoint: 46935 ns, At safepoint: 803987 ns, Total: 850922 ns
[2020-03-02T08:22:05.654+0000][1][safepoint    ] Safepoint "RevokeBias", Time since last: 292161149 ns, Reaching safepoint: 187289 ns, At safepoint: 24802 ns, Total: 212091 ns
[2020-03-02T08:22:05.678+0000][1][safepoint    ] Safepoint "RevokeBias", Time since last: 24486155 ns, Reaching safepoint: 117095 ns, At safepoint: 42273 ns, Total: 159368 ns
[2020-03-02T08:22:06.366+0000][1][safepoint    ] Safepoint "RevokeBias", Time since last: 687683567 ns, Reaching safepoint: 78243 ns, At safepoint: 18956 ns, Total: 97199 ns
[2020-03-02T08:22:06.366+0000][1][safepoint    ] Safepoint "RevokeBias", Time since last: 120854 ns, Reaching safepoint: 44748 ns, At safepoint: 22264 ns, Total: 67012 ns
[2020-03-02T08:22:06.366+0000][1][safepoint    ] Safepoint "RevokeBias", Time since last: 105261 ns, Reaching safepoint: 71262 ns, At safepoint: 19689 ns, Total: 90951 ns
[2020-03-02T08:22:06.782+0000][1][safepoint    ] Safepoint "RevokeBias", Time since last: 414322000 ns, Reaching safepoint: 928650 ns, At safepoint: 47678 ns, Total: 976328 ns
[2020-03-02T08:22:06.795+0000][1][safepoint    ] Safepoint "RevokeBias", Time since last: 11896439 ns, Reaching safepoint: 1618394 ns, At safepoint: 46711 ns, Total: 1665105 ns
[2020-03-02T08:22:06.805+0000][1][safepoint    ] Safepoint "RevokeBias", Time since last: 8794358 ns, Reaching safepoint: 551133 ns, At safepoint: 43582 ns, Total: 594715 ns
[2020-03-02T08:22:06.813+0000][1][safepoint    ] Safepoint "RevokeBias", Time since last: 8312273 ns, Reaching safepoint: 184193 ns, At safepoint: 49331 ns, Total: 233524 ns
[2020-03-02T08:22:06.818+0000][1][safepoint    ] Safepoint "RevokeBias", Time since last: 4097455 ns, Reaching safepoint: 559445 ns, At safepoint: 38513 ns, Total: 597958 ns
[2020-03-02T08:22:07.818+0000][1][safepoint    ] Safepoint "Cleanup", Time since last: 1000425816 ns, Reaching safepoint: 141332 ns, At safepoint: 14073 ns, Total: 155405 ns
[2020-03-02T08:22:10.821+0000][1][safepoint    ] Safepoint "Cleanup", Time since last: 3001956377 ns, Reaching safepoint: 123239 ns, At safepoint: 12906 ns, Total: 136145 ns
[2020-03-02T08:22:12.471+0000][1][gc,start     ] GC(30) Pause Young (Allocation Failure)
[2020-03-02T08:22:12.471+0000][1][gc,task      ] GC(30) Using 1 workers of 1 for evacuation
[2020-03-02T08:22:12.505+0000][1][gc,age       ] GC(30) Desired survivor size 4358144 bytes, new threshold 6 (max threshold 6)
[2020-03-02T08:22:12.505+0000][1][gc,age       ] GC(30) Age table with threshold 6 (max threshold 6)
[2020-03-02T08:22:12.505+0000][1][gc,age       ] GC(30) - age   1:     632944 bytes,     632944 total
[2020-03-02T08:22:12.505+0000][1][gc,age       ] GC(30) - age   2:    1463944 bytes,    2096888 total
[2020-03-02T08:22:12.505+0000][1][gc,age       ] GC(30) - age   3:    2025816 bytes,    4122704 total
[2020-03-02T08:22:12.505+0000][1][gc,heap      ] GC(30) ParNew: 74071K->4271K(76672K)
[2020-03-02T08:22:12.505+0000][1][gc,heap      ] GC(30) CMS: 58452K->58452K(963392K)
[2020-03-02T08:22:12.505+0000][1][gc,metaspace ] GC(30) Metaspace: 78152K->78152K(1122304K)
[2020-03-02T08:22:12.505+0000][1][gc           ] GC(30) Pause Young (Allocation Failure) 129M->61M(1015M) 33.638ms
[2020-03-02T08:22:12.505+0000][1][gc,cpu       ] GC(30) User=0.03s Sys=0.00s Real=0.03s
[2020-03-02T08:22:12.505+0000][1][safepoint    ] Safepoint "GenCollectForAllocation", Time since last: 1650475703 ns, Reaching safepoint: 83155 ns, At safepoint: 33714745 ns, Total: 33797900 ns
[2020-03-02T08:22:15.517+0000][1][safepoint    ] Safepoint "Cleanup", Time since last: 3012071578 ns, Reaching safepoint: 266093 ns, At safepoint: 28961 ns, Total: 295054 ns
[2020-03-02T08:22:16.518+0000][1][safepoint    ] Safepoint "Cleanup", Time since last: 1000571626 ns, Reaching safepoint: 186475 ns, At safepoint: 11631 ns, Total: 198106 ns
[2020-03-02T08:22:18.521+0000][1][safepoint    ] Safepoint "Cleanup", Time since last: 2002652189 ns, Reaching safepoint: 101759 ns, At safepoint: 11781 ns, Total: 113540 ns
[2020-03-02T08:22:23.528+0000][1][safepoint    ] Safepoint "Cleanup", Time since last: 5006797543 ns, Reaching safepoint: 104161 ns, At safepoint: 8603 ns, Total: 112764 ns
[2020-03-02T08:22:24.528+0000][1][safepoint    ] Safepoint "Cleanup", Time since last: 1000720817 ns, Reaching safepoint: 83736 ns, At safepoint: 9654 ns, Total: 93390 ns
[2020-03-02T08:22:25.530+0000][1][safepoint    ] Safepoint "Cleanup", Time since last: 1001448684 ns, Reaching safepoint: 237840 ns, At safepoint: 31507 ns, Total: 269347 ns
[2020-03-02T08:22:28.536+0000][1][safepoint    ] Safepoint "Cleanup", Time since last: 3005416502 ns, Reaching safepoint: 145582 ns, At safepoint: 10904 ns, Total: 156486 ns
[2020-03-02T08:22:32.548+0000][1][safepoint    ] Safepoint "Cleanup", Time since last: 4011548302 ns, Reaching safepoint: 317851 ns, At safepoint: 14339 ns, Total: 332190 ns
[2020-03-02T08:22:33.549+0000][1][safepoint    ] Safepoint "Cleanup", Time since last: 1000881841 ns, Reaching safepoint: 108672 ns, At safepoint: 8472 ns, Total: 117144 ns
[2020-03-02T08:22:35.384+0000][1][safepoint    ] Safepoint "RevokeBias", Time since last: 1819891235 ns, Reaching safepoint: 15502537 ns, At safepoint: 38059 ns, Total: 15540596 ns
[2020-03-02T08:22:35.483+0000][1][safepoint    ] Safepoint "RevokeBias", Time since last: 98300932 ns, Reaching safepoint: 81746 ns, At safepoint: 114350 ns, Total: 196096 ns
[2020-03-02T08:22:36.487+0000][1][safepoint    ] Safepoint "Cleanup", Time since last: 1004070172 ns, Reaching safepoint: 99913 ns, At safepoint: 62145 ns, Total: 162058 ns
[2020-03-02T08:22:37.487+0000][1][safepoint    ] Safepoint "Cleanup", Time since last: 1000359698 ns, Reaching safepoint: 185167 ns, At safepoint: 16919 ns, Total: 202086 ns
[2020-03-02T08:22:39.625+0000][1][safepoint    ] Safepoint "Cleanup", Time since last: 2009725254 ns, Reaching safepoint: 127510686 ns, At safepoint: 58059 ns, Total: 127568745 ns
[2020-03-02T08:22:41.947+0000][1][safepoint    ] Safepoint "Cleanup", Time since last: 1005100983 ns, Reaching safepoint: 1317178515 ns, At safepoint: 14633 ns, Total: 1317193148 ns
[2020-03-02T08:22:43.948+0000][1][safepoint    ] Safepoint "Cleanup", Time since last: 2000736774 ns, Reaching safepoint: 86676 ns, At safepoint: 8696 ns, Total: 95372 ns
[2020-03-02T08:22:45.949+0000][1][safepoint    ] Safepoint "Cleanup", Time since last: 2000891949 ns, Reaching safepoint: 77688 ns, At safepoint: 9034 ns, Total: 86722 ns
[2020-03-02T08:22:46.950+0000][1][safepoint    ] Safepoint "Cleanup", Time since last: 1000712838 ns, Reaching safepoint: 183040 ns, At safepoint: 9925 ns, Total: 192965 ns
[2020-03-02T08:22:49.954+0000][1][safepoint    ] Safepoint "Cleanup", Time since last: 3004750598 ns, Reaching safepoint: 90340 ns, At safepoint: 9141 ns, Total: 99481 ns
[2020-03-02T08:22:50.956+0000][1][safepoint    ] Safepoint "Cleanup", Time since last: 1000983892 ns, Reaching safepoint: 104294 ns, At safepoint: 8368 ns, Total: 112662 ns
[2020-03-02T08:22:52.960+0000][1][safepoint    ] Safepoint "Cleanup", Time since last: 2003255881 ns, Reaching safepoint: 144308 ns, At safepoint: 20572 ns, Total: 164880 ns
[2020-03-02T08:22:53.961+0000][1][safepoint    ] Safepoint "Cleanup", Time since last: 1001462112 ns, Reaching safepoint: 87861 ns, At safepoint: 8455 ns, Total: 96316 ns
[2020-03-02T08:22:54.962+0000][1][safepoint    ] Safepoint "Cleanup", Time since last: 1001127079 ns, Reaching safepoint: 68112 ns, At safepoint: 8126 ns, Total: 76238 ns
[2020-03-02T08:22:55.966+0000][1][safepoint    ] Safepoint "Cleanup", Time since last: 1004256165 ns, Reaching safepoint: 97916 ns, At safepoint: 9210 ns, Total: 107126 ns
[2020-03-02T08:22:56.967+0000][1][safepoint    ] Safepoint "Cleanup", Time since last: 1001231893 ns, Reaching safepoint: 103469 ns, At safepoint: 8049 ns, Total: 111518 ns
[2020-03-02T08:22:57.969+0000][1][safepoint    ] Safepoint "Cleanup", Time since last: 1001190760 ns, Reaching safepoint: 110784 ns, At safepoint: 8937 ns, Total: 119721 ns
[2020-03-02T08:22:58.970+0000][1][safepoint    ] Safepoint "Cleanup", Time since last: 1001304166 ns, Reaching safepoint: 88881 ns, At safepoint: 6998 ns, Total: 95879 ns
[2020-03-02T08:22:59.971+0000][1][safepoint    ] Safepoint "Cleanup", Time since last: 1000531070 ns, Reaching safepoint: 185860 ns, At safepoint: 30229 ns, Total: 216089 ns
[2020-03-02T08:23:00.974+0000][1][safepoint    ] Safepoint "Cleanup", Time since last: 1002727568 ns, Reaching safepoint: 79077 ns, At safepoint: 11747 ns, Total: 90824 ns
[2020-03-02T08:23:02.014+0000][1][safepoint    ] Safepoint "Cleanup", Time since last: 1001013997 ns, Reaching safepoint: 39253220 ns, At safepoint: 11572 ns, Total: 39264792 ns
[2020-03-02T08:23:03.015+0000][1][safepoint    ] Safepoint "Cleanup", Time since last: 1000477108 ns, Reaching safepoint: 91677 ns, At safepoint: 8012 ns, Total: 99689 ns
[2020-03-02T08:23:04.020+0000][1][safepoint    ] Safepoint "Cleanup", Time since last: 1004894411 ns, Reaching safepoint: 213397 ns, At safepoint: 12159 ns, Total: 225556 ns
[2020-03-02T08:23:05.020+0000][1][safepoint    ] Safepoint "Cleanup", Time since last: 1000142598 ns, Reaching safepoint: 125998 ns, At safepoint: 12446 ns, Total: 138444 ns
[2020-03-02T08:23:06.025+0000][1][safepoint    ] Safepoint "Cleanup", Time since last: 1004157042 ns, Reaching safepoint: 415640 ns, At safepoint: 11144 ns, Total: 426784 ns
[2020-03-02T08:23:07.028+0000][1][safepoint    ] Safepoint "Cleanup", Time since last: 1002867107 ns, Reaching safepoint: 93091 ns, At safepoint: 10505 ns, Total: 103596 ns
[2020-03-02T08:23:08.029+0000][1][safepoint    ] Safepoint "Cleanup", Time since last: 1000961772 ns, Reaching safepoint: 87367 ns, At safepoint: 8054 ns, Total: 95421 ns
[2020-03-02T08:23:09.038+0000][1][safepoint    ] Safepoint "Cleanup", Time since last: 1009475308 ns, Reaching safepoint: 178885 ns, At safepoint: 12590 ns, Total: 191475 ns
[2020-03-02T08:23:10.039+0000][1][safepoint    ] Safepoint "Cleanup", Time since last: 1000223223 ns, Reaching safepoint: 135142 ns, At safepoint: 12713 ns, Total: 147855 ns
[2020-03-02T08:23:11.040+0000][1][safepoint    ] Safepoint "Cleanup", Time since last: 1001514074 ns, Reaching safepoint: 97468 ns, At safepoint: 38520 ns, Total: 135988 ns
[2020-03-02T08:23:12.042+0000][1][safepoint    ] Safepoint "Cleanup", Time since last: 1001730946 ns, Reaching safepoint: 120858 ns, At safepoint: 10412 ns, Total: 131270 ns
[2020-03-02T08:23:13.044+0000][1][safepoint    ] Safepoint "Cleanup", Time since last: 1001223173 ns, Reaching safepoint: 117630 ns, At safepoint: 8269 ns, Total: 125899 ns
[2020-03-02T08:23:14.055+0000][1][safepoint    ] Safepoint "Cleanup", Time since last: 1002256961 ns, Reaching safepoint: 8992537 ns, At safepoint: 19055 ns, Total: 9011592 ns
[2020-03-02T08:23:15.056+0000][1][safepoint    ] Safepoint "Cleanup", Time since last: 1001282395 ns, Reaching safepoint: 129796 ns, At safepoint: 29522 ns, Total: 159318 ns
[2020-03-02T08:23:16.058+0000][1][safepoint    ] Safepoint "Cleanup", Time since last: 1001166682 ns, Reaching safepoint: 107299 ns, At safepoint: 11700 ns, Total: 118999 ns
[2020-03-02T08:23:17.059+0000][1][safepoint    ] Safepoint "Cleanup", Time since last: 1001176035 ns, Reaching safepoint: 114741 ns, At safepoint: 10191 ns, Total: 124932 ns
[2020-03-02T08:23:18.060+0000][1][safepoint    ] Safepoint "Cleanup", Time since last: 1000678646 ns, Reaching safepoint: 81412 ns, At safepoint: 6678 ns, Total: 88090 ns
[2020-03-02T08:23:19.062+0000][1][safepoint    ] Safepoint "Cleanup", Time since last: 1002673177 ns, Reaching safepoint: 102310 ns, At safepoint: 8954 ns, Total: 111264 ns
[2020-03-02T08:23:20.066+0000][1][safepoint    ] Safepoint "Cleanup", Time since last: 1003287870 ns, Reaching safepoint: 197231 ns, At safepoint: 11348 ns, Total: 208579 ns
[2020-03-02T08:23:21.067+0000][1][safepoint    ] Safepoint "Cleanup", Time since last: 1001178798 ns, Reaching safepoint: 92723 ns, At safepoint: 10816 ns, Total: 103539 ns
[2020-03-02T08:23:22.069+0000][1][safepoint    ] Safepoint "Cleanup", Time since last: 1002078484 ns, Reaching safepoint: 172024 ns, At safepoint: 7358 ns, Total: 179382 ns
[2020-03-02T08:23:23.072+0000][1][safepoint    ] Safepoint "Cleanup", Time since last: 1002180732 ns, Reaching safepoint: 104825 ns, At safepoint: 9657 ns, Total: 114482 ns
[2020-03-02T08:23:24.080+0000][1][safepoint    ] Safepoint "Cleanup", Time since last: 1008162833 ns, Reaching safepoint: 96262 ns, At safepoint: 8190 ns, Total: 104452 ns
[2020-03-02T08:23:25.081+0000][1][safepoint    ] Safepoint "Cleanup", Time since last: 1000606443 ns, Reaching safepoint: 163868 ns, At safepoint: 9727 ns, Total: 173595 ns
[2020-03-02T08:23:26.081+0000][1][safepoint    ] Safepoint "Cleanup", Time since last: 1000301897 ns, Reaching safepoint: 92132 ns, At safepoint: 9020 ns, Total: 101152 ns
[2020-03-02T08:23:27.083+0000][1][safepoint    ] Safepoint "Cleanup", Time since last: 1001597954 ns, Reaching safepoint: 90163 ns, At safepoint: 9422 ns, Total: 99585 ns
[2020-03-02T08:23:28.126+0000][1][safepoint    ] Safepoint "Cleanup", Time since last: 1043034572 ns, Reaching safepoint: 116552 ns, At safepoint: 9472 ns, Total: 126024 ns
[2020-03-02T08:23:29.127+0000][1][safepoint    ] Safepoint "Cleanup", Time since last: 1000859820 ns, Reaching safepoint: 84283 ns, At safepoint: 8762 ns, Total: 93045 ns
[2020-03-02T08:23:30.127+0000][1][safepoint    ] Safepoint "Cleanup", Time since last: 1000354982 ns, Reaching safepoint: 110198 ns, At safepoint: 13979 ns, Total: 124177 ns
[2020-03-02T08:23:31.128+0000][1][safepoint    ] Safepoint "Cleanup", Time since last: 1000571037 ns, Reaching safepoint: 87518 ns, At safepoint: 8875 ns, Total: 96393 ns
[2020-03-02T08:23:32.155+0000][1][safepoint    ] Safepoint "Cleanup", Time since last: 1001040462 ns, Reaching safepoint: 25637466 ns, At safepoint: 17478 ns, Total: 25654944 ns
[2020-03-02T08:23:33.161+0000][1][safepoint    ] Safepoint "Cleanup", Time since last: 1006133515 ns, Reaching safepoint: 87364 ns, At safepoint: 9889 ns, Total: 97253 ns
[2020-03-02T08:23:34.165+0000][1][safepoint    ] Safepoint "Cleanup", Time since last: 1003858511 ns, Reaching safepoint: 149576 ns, At safepoint: 13102 ns, Total: 162678 ns
[2020-03-02T08:23:36.032+0000][1][safepoint    ] Safepoint "Cleanup", Time since last: 1866651653 ns, Reaching safepoint: 117831 ns, At safepoint: 8685 ns, Total: 126516 ns
[2020-03-02T08:23:37.033+0000][1][safepoint    ] Safepoint "Cleanup", Time since last: 1001153034 ns, Reaching safepoint: 259939 ns, At safepoint: 40997 ns, Total: 300936 ns
[2020-03-02T08:23:38.789+0000][1][safepoint    ] Safepoint "Cleanup", Time since last: 1232246918 ns, Reaching safepoint: 523860879 ns, At safepoint: 15905 ns, Total: 523876784 ns
[2020-03-02T08:23:39.790+0000][1][safepoint    ] Safepoint "Cleanup", Time since last: 1000393137 ns, Reaching safepoint: 94553 ns, At safepoint: 9075 ns, Total: 103628 ns
[2020-03-02T08:23:40.795+0000][1][safepoint    ] Safepoint "Cleanup", Time since last: 1005157899 ns, Reaching safepoint: 87866 ns, At safepoint: 8735 ns, Total: 96601 ns
[2020-03-02T08:23:41.807+0000][1][safepoint    ] Safepoint "Cleanup", Time since last: 1012017510 ns, Reaching safepoint: 99181 ns, At safepoint: 10647 ns, Total: 109828 ns
[2020-03-02T08:23:42.808+0000][1][safepoint    ] Safepoint "Cleanup", Time since last: 1000252039 ns, Reaching safepoint: 93939 ns, At safepoint: 9058 ns, Total: 102997 ns
[2020-03-02T08:23:43.808+0000][1][safepoint    ] Safepoint "Cleanup", Time since last: 1000730097 ns, Reaching safepoint: 84582 ns, At safepoint: 7514 ns, Total: 92096 ns
[2020-03-02T08:23:44.809+0000][1][safepoint    ] Safepoint "Cleanup", Time since last: 1000859708 ns, Reaching safepoint: 117928 ns, At safepoint: 10398 ns, Total: 128326 ns
[2020-03-02T08:23:45.811+0000][1][safepoint    ] Safepoint "Cleanup", Time since last: 1001431881 ns, Reaching safepoint: 86383 ns, At safepoint: 30361 ns, Total: 116744 ns
[2020-03-02T08:23:46.812+0000][1][safepoint    ] Safepoint "Cleanup", Time since last: 1000895780 ns, Reaching safepoint: 137805 ns, At safepoint: 8943 ns, Total: 146748 ns
[2020-03-02T08:23:47.813+0000][1][safepoint    ] Safepoint "Cleanup", Time since last: 1000361455 ns, Reaching safepoint: 104338 ns, At safepoint: 10604 ns, Total: 114942 ns
[2020-03-02T08:23:48.816+0000][1][safepoint    ] Safepoint "Cleanup", Time since last: 1002944680 ns, Reaching safepoint: 209565 ns, At safepoint: 10476 ns, Total: 220041 ns
[2020-03-02T08:23:49.818+0000][1][safepoint    ] Safepoint "Cleanup", Time since last: 1002283930 ns, Reaching safepoint: 88367 ns, At safepoint: 10744 ns, Total: 99111 ns
[2020-03-02T08:23:50.819+0000][1][safepoint    ] Safepoint "Cleanup", Time since last: 1000823220 ns, Reaching safepoint: 235818 ns, At safepoint: 11694 ns, Total: 247512 ns
[2020-03-02T08:23:51.824+0000][1][safepoint    ] Safepoint "Cleanup", Time since last: 1004350743 ns, Reaching safepoint: 127916 ns, At safepoint: 9846 ns, Total: 137762 ns
[2020-03-02T08:23:52.826+0000][1][safepoint    ] Safepoint "Cleanup", Time since last: 1002260796 ns, Reaching safepoint: 89493 ns, At safepoint: 9670 ns, Total: 99163 ns
[2020-03-02T08:23:53.827+0000][1][safepoint    ] Safepoint "Cleanup", Time since last: 1001344993 ns, Reaching safepoint: 99669 ns, At safepoint: 8686 ns, Total: 108355 ns
[2020-03-02T08:23:54.829+0000][1][safepoint    ] Safepoint "Cleanup", Time since last: 1001059982 ns, Reaching safepoint: 83722 ns, At safepoint: 9481 ns, Total: 93203 ns
[2020-03-02T08:23:55.829+0000][1][safepoint    ] Safepoint "Cleanup", Time since last: 1000530543 ns, Reaching safepoint: 187536 ns, At safepoint: 11727 ns, Total: 199263 ns
[2020-03-02T08:23:56.831+0000][1][safepoint    ] Safepoint "Cleanup", Time since last: 1001636655 ns, Reaching safepoint: 142147 ns, At safepoint: 27006 ns, Total: 169153 ns
[2020-03-02T08:23:57.835+0000][1][safepoint    ] Safepoint "Cleanup", Time since last: 1003546296 ns, Reaching safepoint: 128896 ns, At safepoint: 12560 ns, Total: 141456 ns
[2020-03-02T08:23:58.907+0000][1][safepoint    ] Safepoint "Cleanup", Time since last: 1000718502 ns, Reaching safepoint: 71715077 ns, At safepoint: 23195 ns, Total: 71738272 ns
[2020-03-02T08:23:59.914+0000][1][safepoint    ] Safepoint "Cleanup", Time since last: 1006596409 ns, Reaching safepoint: 126806 ns, At safepoint: 11695 ns, Total: 138501 ns
[2020-03-02T08:24:00.915+0000][1][safepoint    ] Safepoint "Cleanup", Time since last: 1000720336 ns, Reaching safepoint: 110396 ns, At safepoint: 8267 ns, Total: 118663 ns
[2020-03-02T08:24:01.917+0000][1][safepoint    ] Safepoint "Cleanup", Time since last: 1001807870 ns, Reaching safepoint: 113194 ns, At safepoint: 10739 ns, Total: 123933 ns
[2020-03-02T08:24:02.918+0000][1][safepoint    ] Safepoint "Cleanup", Time since last: 1000718832 ns, Reaching safepoint: 150966 ns, At safepoint: 11463 ns, Total: 162429 ns
[2020-03-02T08:24:03.924+0000][1][safepoint    ] Safepoint "Cleanup", Time since last: 1005797681 ns, Reaching safepoint: 89540 ns, At safepoint: 16963 ns, Total: 106503 ns
[2020-03-02T08:24:04.930+0000][1][safepoint    ] Safepoint "Cleanup", Time since last: 1006056226 ns, Reaching safepoint: 289832 ns, At safepoint: 12199 ns, Total: 302031 ns
[2020-03-02T08:24:05.934+0000][1][safepoint    ] Safepoint "Cleanup", Time since last: 1003862305 ns, Reaching safepoint: 88492 ns, At safepoint: 9123 ns, Total: 97615 ns
[2020-03-02T08:24:06.934+0000][1][safepoint    ] Safepoint "Cleanup", Time since last: 1000275499 ns, Reaching safepoint: 117428 ns, At safepoint: 9161 ns, Total: 126589 ns
[2020-03-02T08:24:07.937+0000][1][safepoint    ] Safepoint "Cleanup", Time since last: 1002293189 ns, Reaching safepoint: 84492 ns, At safepoint: 9319 ns, Total: 93811 ns
[2020-03-02T08:24:08.948+0000][1][safepoint    ] Safepoint "Cleanup", Time since last: 1005044295 ns, Reaching safepoint: 6145904 ns, At safepoint: 27088 ns, Total: 6172992 ns
[2020-03-02T08:24:09.952+0000][1][safepoint    ] Safepoint "Cleanup", Time since last: 1003839857 ns, Reaching safepoint: 94581 ns, At safepoint: 8895 ns, Total: 103476 ns
[2020-03-02T08:24:10.954+0000][1][safepoint    ] Safepoint "Cleanup", Time since last: 1001601863 ns, Reaching safepoint: 130699 ns, At safepoint: 11139 ns, Total: 141838 ns
[2020-03-02T08:24:11.955+0000][1][safepoint    ] Safepoint "Cleanup", Time since last: 1001176389 ns, Reaching safepoint: 110361 ns, At safepoint: 13124 ns, Total: 123485 ns
[2020-03-02T08:24:12.956+0000][1][safepoint    ] Safepoint "Cleanup", Time since last: 1001516499 ns, Reaching safepoint: 91862 ns, At safepoint: 8900 ns, Total: 100762 ns
[2020-03-02T08:24:13.959+0000][1][safepoint    ] Safepoint "Cleanup", Time since last: 1002340693 ns, Reaching safepoint: 142459 ns, At safepoint: 14804 ns, Total: 157263 ns
[2020-03-02T08:24:14.960+0000][1][safepoint    ] Safepoint "Cleanup", Time since last: 1000668096 ns, Reaching safepoint: 169506 ns, At safepoint: 13752 ns, Total: 183258 ns
[2020-03-02T08:24:15.962+0000][1][safepoint    ] Safepoint "Cleanup", Time since last: 1002169102 ns, Reaching safepoint: 173786 ns, At safepoint: 13500 ns, Total: 187286 ns
[2020-03-02T08:24:16.972+0000][1][safepoint    ] Safepoint "Cleanup", Time since last: 1010099913 ns, Reaching safepoint: 91290 ns, At safepoint: 10713 ns, Total: 102003 ns
[2020-03-02T08:24:17.977+0000][1][safepoint    ] Safepoint "Cleanup", Time since last: 1004567055 ns, Reaching safepoint: 146468 ns, At safepoint: 11076 ns, Total: 157544 ns
[2020-03-02T08:24:18.978+0000][1][safepoint    ] Safepoint "Cleanup", Time since last: 1000630109 ns, Reaching safepoint: 91229 ns, At safepoint: 10001 ns, Total: 101230 ns
[2020-03-02T08:24:19.978+0000][1][safepoint    ] Safepoint "Cleanup", Time since last: 1000467077 ns, Reaching safepoint: 119661 ns, At safepoint: 9408 ns, Total: 129069 ns
[2020-03-02T08:24:20.988+0000][1][safepoint    ] Safepoint "Cleanup", Time since last: 1005481196 ns, Reaching safepoint: 3866062 ns, At safepoint: 21623 ns, Total: 3887685 ns
[2020-03-02T08:24:21.989+0000][1][safepoint    ] Safepoint "Cleanup", Time since last: 1001125079 ns, Reaching safepoint: 99484 ns, At safepoint: 10000 ns, Total: 109484 ns
[2020-03-02T08:24:22.990+0000][1][safepoint    ] Safepoint "Cleanup", Time since last: 1000839112 ns, Reaching safepoint: 139985 ns, At safepoint: 12667 ns, Total: 152652 ns
[2020-03-02T08:24:23.992+0000][1][safepoint    ] Safepoint "Cleanup", Time since last: 1001744056 ns, Reaching safepoint: 108182 ns, At safepoint: 8941 ns, Total: 117123 ns
[2020-03-02T08:24:24.996+0000][1][safepoint    ] Safepoint "Cleanup", Time since last: 1003746900 ns, Reaching safepoint: 81166 ns, At safepoint: 9522 ns, Total: 90688 ns
[2020-03-02T08:24:26.000+0000][1][safepoint    ] Safepoint "Cleanup", Time since last: 1004043805 ns, Reaching safepoint: 85802 ns, At safepoint: 8542 ns, Total: 94344 ns
[2020-03-02T08:24:27.001+0000][1][safepoint    ] Safepoint "Cleanup", Time since last: 1000680415 ns, Reaching safepoint: 89982 ns, At safepoint: 9523 ns, Total: 99505 ns
[2020-03-02T08:24:28.003+0000][1][safepoint    ] Safepoint "Cleanup", Time since last: 1001885730 ns, Reaching safepoint: 100945 ns, At safepoint: 8166 ns, Total: 109111 ns
[2020-03-02T08:24:29.007+0000][1][safepoint    ] Safepoint "Cleanup", Time since last: 1003879926 ns, Reaching safepoint: 159716 ns, At safepoint: 30030 ns, Total: 189746 ns
[2020-03-02T08:24:30.010+0000][1][safepoint    ] Safepoint "Cleanup", Time since last: 1003042069 ns, Reaching safepoint: 61198 ns, At safepoint: 6952 ns, Total: 68150 ns
[2020-03-02T08:24:30.949+0000][1][safepoint    ] Safepoint "RevokeBias", Time since last: 938443527 ns, Reaching safepoint: 154966 ns, At safepoint: 101087 ns, Total: 256053 ns
[2020-03-02T08:24:31.959+0000][1][safepoint    ] Safepoint "Cleanup", Time since last: 1000260799 ns, Reaching safepoint: 10113309 ns, At safepoint: 14209 ns, Total: 10127518 ns
[2020-03-02T08:24:32.306+0000][1][gc,start     ] GC(31) Pause Young (Allocation Failure)
[2020-03-02T08:24:32.358+0000][1][gc,task      ] GC(31) Using 1 workers of 1 for evacuation
[2020-03-02T08:24:35.747+0000][1][gc,age       ] GC(31) Desired survivor size 4358144 bytes, new threshold 6 (max threshold 6)
[2020-03-02T08:24:35.747+0000][1][gc,age       ] GC(31) Age table with threshold 6 (max threshold 6)
[2020-03-02T08:24:35.747+0000][1][gc,age       ] GC(31) - age   1:     108264 bytes,     108264 total
[2020-03-02T08:24:35.747+0000][1][gc,age       ] GC(31) - age   2:     599224 bytes,     707488 total
[2020-03-02T08:24:35.747+0000][1][gc,age       ] GC(31) - age   3:    1463496 bytes,    2170984 total
[2020-03-02T08:24:35.747+0000][1][gc,age       ] GC(31) - age   4:    2025576 bytes,    4196560 total
[2020-03-02T08:24:35.747+0000][1][gc,heap      ] GC(31) ParNew: 72431K->8174K(76672K)
[2020-03-02T08:24:35.747+0000][1][gc,heap      ] GC(31) CMS: 58452K->58452K(963392K)
[2020-03-02T08:24:35.747+0000][1][gc,metaspace ] GC(31) Metaspace: 78766K->78766K(1122304K)
[2020-03-02T08:24:35.747+0000][1][gc           ] GC(31) Pause Young (Allocation Failure) 127M->65M(1015M) 3441.239ms
[2020-03-02T08:24:35.747+0000][1][gc,cpu       ] GC(31) User=0.03s Sys=0.01s Real=3.45s
[2020-03-02T08:24:35.747+0000][1][safepoint    ] Safepoint "GenCollectForAllocation", Time since last: 272922533 ns, Reaching safepoint: 25632675 ns, At safepoint: 3489950659 ns, Total: 3515583334 ns
[2020-03-02T08:24:36.749+0000][1][safepoint    ] Safepoint "Cleanup", Time since last: 1001480250 ns, Reaching safepoint: 135058 ns, At safepoint: 10036 ns, Total: 145094 ns
[2020-03-02T08:24:37.750+0000][1][safepoint    ] Safepoint "Cleanup", Time since last: 1000734834 ns, Reaching safepoint: 180385 ns, At safepoint: 9694 ns, Total: 190079 ns
[2020-03-02T08:24:38.751+0000][1][safepoint    ] Safepoint "Cleanup", Time since last: 1000735311 ns, Reaching safepoint: 94244 ns, At safepoint: 8710 ns, Total: 102954 ns
[2020-03-02T08:24:39.752+0000][1][safepoint    ] Safepoint "Cleanup", Time since last: 1000840168 ns, Reaching safepoint: 135799 ns, At safepoint: 11767 ns, Total: 147566 ns
[2020-03-02T08:24:40.753+0000][1][safepoint    ] Safepoint "Cleanup", Time since last: 1000841531 ns, Reaching safepoint: 181431 ns, At safepoint: 15779 ns, Total: 197210 ns
[2020-03-02T08:24:41.755+0000][1][safepoint    ] Safepoint "Cleanup", Time since last: 1001900853 ns, Reaching safepoint: 201853 ns, At safepoint: 11915 ns, Total: 213768 ns
[2020-03-02T08:24:42.756+0000][1][safepoint    ] Safepoint "Cleanup", Time since last: 1001089372 ns, Reaching safepoint: 215924 ns, At safepoint: 9625 ns, Total: 225549 ns
[2020-03-02T08:24:43.758+0000][1][safepoint    ] Safepoint "Cleanup", Time since last: 1001189914 ns, Reaching safepoint: 129045 ns, At safepoint: 6817 ns, Total: 135862 ns
[2020-03-02T08:24:44.758+0000][1][safepoint    ] Safepoint "Cleanup", Time since last: 1000251071 ns, Reaching safepoint: 132492 ns, At safepoint: 9537 ns, Total: 142029 ns
[2020-03-02T08:24:45.760+0000][1][safepoint    ] Safepoint "Cleanup", Time since last: 1001987534 ns, Reaching safepoint: 85907 ns, At safepoint: 7276 ns, Total: 93183 ns
[2020-03-02T08:24:46.761+0000][1][safepoint    ] Safepoint "Cleanup", Time since last: 1000459406 ns, Reaching safepoint: 114845 ns, At safepoint: 9984 ns, Total: 124829 ns
[2020-03-02T08:24:47.761+0000][1][safepoint    ] Safepoint "Cleanup", Time since last: 1000240384 ns, Reaching safepoint: 113535 ns, At safepoint: 11794 ns, Total: 125329 ns
[2020-03-02T08:24:48.761+0000][1][safepoint    ] Safepoint "Cleanup", Time since last: 1000205428 ns, Reaching safepoint: 95738 ns, At safepoint: 14593 ns, Total: 110331 ns
[2020-03-02T08:24:49.762+0000][1][safepoint    ] Safepoint "Cleanup", Time since last: 1000272556 ns, Reaching safepoint: 98853 ns, At safepoint: 9755 ns, Total: 108608 ns
[2020-03-02T08:24:50.763+0000][1][safepoint    ] Safepoint "Cleanup", Time since last: 1000920733 ns, Reaching safepoint: 70824 ns, At safepoint: 6496 ns, Total: 77320 ns
[2020-03-02T08:24:51.765+0000][1][safepoint    ] Safepoint "Cleanup", Time since last: 1001572902 ns, Reaching safepoint: 217135 ns, At safepoint: 11714 ns, Total: 228849 ns
[2020-03-02T08:24:52.766+0000][1][safepoint    ] Safepoint "Cleanup", Time since last: 1001698244 ns, Reaching safepoint: 84367 ns, At safepoint: 8628 ns, Total: 92995 ns
[2020-03-02T08:24:53.657+0000][1][safepoint    ] Safepoint "RevokeBias", Time since last: 890576440 ns, Reaching safepoint: 96449 ns, At safepoint: 16369 ns, Total: 112818 ns
[2020-03-02T08:24:53.658+0000][1][safepoint    ] Safepoint "RevokeBias", Time since last: 745608 ns, Reaching safepoint: 70367 ns, At safepoint: 13675 ns, Total: 84042 ns
[2020-03-02T08:24:54.659+0000][1][safepoint    ] Safepoint "Cleanup", Time since last: 1000879642 ns, Reaching safepoint: 94144 ns, At safepoint: 11346 ns, Total: 105490 ns
[2020-03-02T08:24:55.659+0000][1][safepoint    ] Safepoint "Cleanup", Time since last: 1000149875 ns, Reaching safepoint: 85848 ns, At safepoint: 15851 ns, Total: 101699 ns
[2020-03-02T08:24:56.659+0000][1][safepoint    ] Safepoint "Cleanup", Time since last: 1000295745 ns, Reaching safepoint: 93745 ns, At safepoint: 9657 ns, Total: 103402 ns
[2020-03-02T08:24:57.660+0000][1][safepoint    ] Safepoint "Cleanup", Time since last: 1000190641 ns, Reaching safepoint: 150321 ns, At safepoint: 9190 ns, Total: 159511 ns
[2020-03-02T08:24:58.660+0000][1][safepoint    ] Safepoint "Cleanup", Time since last: 1000139138 ns, Reaching safepoint: 87120 ns, At safepoint: 11858 ns, Total: 98978 ns
[2020-03-02T08:24:59.660+0000][1][safepoint    ] Safepoint "Cleanup", Time since last: 1000288017 ns, Reaching safepoint: 85345 ns, At safepoint: 9743 ns, Total: 95088 ns
[2020-03-02T08:25:00.665+0000][1][safepoint    ] Safepoint "Cleanup", Time since last: 1004165359 ns, Reaching safepoint: 93655 ns, At safepoint: 9703 ns, Total: 103358 ns
[2020-03-02T08:25:01.668+0000][1][safepoint    ] Safepoint "Cleanup", Time since last: 1003314305 ns, Reaching safepoint: 103854 ns, At safepoint: 10818 ns, Total: 114672 ns
[2020-03-02T08:25:02.669+0000][1][safepoint    ] Safepoint "Cleanup", Time since last: 1000610703 ns, Reaching safepoint: 101645 ns, At safepoint: 11028 ns, Total: 112673 ns
[2020-03-02T08:25:03.699+0000][1][safepoint    ] Safepoint "Cleanup", Time since last: 1029856872 ns, Reaching safepoint: 168637 ns, At safepoint: 11500 ns, Total: 180137 ns
[2020-03-02T08:25:04.806+0000][1][safepoint    ] Safepoint "Cleanup", Time since last: 1106964132 ns, Reaching safepoint: 86507 ns, At safepoint: 6490 ns, Total: 92997 ns
[2020-03-02T08:25:06.455+0000][1][safepoint    ] Safepoint "Cleanup", Time since last: 1648899937 ns, Reaching safepoint: 93949 ns, At safepoint: 5886 ns, Total: 99835 ns
[2020-03-02T08:25:07.456+0000][1][safepoint    ] Safepoint "Cleanup", Time since last: 1000958478 ns, Reaching safepoint: 95144 ns, At safepoint: 8137 ns, Total: 103281 ns
[2020-03-02T08:25:08.457+0000][1][safepoint    ] Safepoint "Cleanup", Time since last: 1000833003 ns, Reaching safepoint: 99282 ns, At safepoint: 8613 ns, Total: 107895 ns
[2020-03-02T08:25:09.457+0000][1][safepoint    ] Safepoint "Cleanup", Time since last: 1000259796 ns, Reaching safepoint: 147757 ns, At safepoint: 14070 ns, Total: 161827 ns
[2020-03-02T08:25:10.458+0000][1][safepoint    ] Safepoint "Cleanup", Time since last: 1000454123 ns, Reaching safepoint: 92371 ns, At safepoint: 8152 ns, Total: 100523 ns
[2020-03-02T08:25:11.461+0000][1][safepoint    ] Safepoint "Cleanup", Time since last: 1002896606 ns, Reaching safepoint: 126114 ns, At safepoint: 27839 ns, Total: 153953 ns
[2020-03-02T08:25:12.462+0000][1][safepoint    ] Safepoint "Cleanup", Time since last: 1001132368 ns, Reaching safepoint: 76898 ns, At safepoint: 7818 ns, Total: 84716 ns
[2020-03-02T08:25:13.463+0000][1][safepoint    ] Safepoint "Cleanup", Time since last: 1000450870 ns, Reaching safepoint: 97089 ns, At safepoint: 8462 ns, Total: 105551 ns
[2020-03-02T08:25:14.474+0000][1][safepoint    ] Safepoint "Cleanup", Time since last: 1010806641 ns, Reaching safepoint: 86206 ns, At safepoint: 6744 ns, Total: 92950 ns
[2020-03-02T08:25:14.995+0000][1][safepoint    ] Safepoint "RevokeBias", Time since last: 520723253 ns, Reaching safepoint: 103418 ns, At safepoint: 24515 ns, Total: 127933 ns
[2020-03-02T08:25:15.599+0000][1][safepoint    ] Safepoint "RevokeBias", Time since last: 604054229 ns, Reaching safepoint: 115096 ns, At safepoint: 47170 ns, Total: 162266 ns
[2020-03-02T08:25:16.470+0000][1][safepoint    ] Safepoint "RevokeBias", Time since last: 870887940 ns, Reaching safepoint: 85004 ns, At safepoint: 20535 ns, Total: 105539 ns
[2020-03-02T08:25:17.107+0000][1][safepoint    ] Safepoint "RevokeBias", Time since last: 636856503 ns, Reaching safepoint: 142959 ns, At safepoint: 11288 ns, Total: 154247 ns
[2020-03-02T08:25:17.313+0000][1][safepoint    ] Safepoint "RevokeBias", Time since last: 205897431 ns, Reaching safepoint: 123891 ns, At safepoint: 28740 ns, Total: 152631 ns
[2020-03-02T08:25:17.341+0000][1][safepoint    ] Safepoint "RevokeBias", Time since last: 28513311 ns, Reaching safepoint: 85537 ns, At safepoint: 9684 ns, Total: 95221 ns
[2020-03-02T08:25:17.407+0000][1][safepoint    ] Safepoint "RevokeBias", Time since last: 65951127 ns, Reaching safepoint: 82990 ns, At safepoint: 20963 ns, Total: 103953 ns
[2020-03-02T08:25:17.411+0000][1][safepoint    ] Safepoint "RevokeBias", Time since last: 3653996 ns, Reaching safepoint: 121756 ns, At safepoint: 44525 ns, Total: 166281 ns
[2020-03-02T08:25:17.475+0000][1][safepoint    ] Safepoint "RevokeBias", Time since last: 64017347 ns, Reaching safepoint: 80050 ns, At safepoint: 20558 ns, Total: 100608 ns
[2020-03-02T08:25:17.487+0000][1][safepoint    ] Safepoint "RevokeBias", Time since last: 11387516 ns, Reaching safepoint: 142910 ns, At safepoint: 29312 ns, Total: 172222 ns
[2020-03-02T08:25:17.525+0000][1][safepoint    ] Safepoint "RevokeBias", Time since last: 37540781 ns, Reaching safepoint: 80922 ns, At safepoint: 21409 ns, Total: 102331 ns
[2020-03-02T08:25:17.527+0000][1][safepoint    ] Safepoint "RevokeBias", Time since last: 2158103 ns, Reaching safepoint: 77067 ns, At safepoint: 21173 ns, Total: 98240 ns
[2020-03-02T08:25:18.534+0000][1][safepoint    ] Safepoint "Cleanup", Time since last: 1006645984 ns, Reaching safepoint: 110606 ns, At safepoint: 10967 ns, Total: 121573 ns
[2020-03-02T08:25:19.534+0000][1][safepoint    ] Safepoint "Cleanup", Time since last: 1000709274 ns, Reaching safepoint: 82852 ns, At safepoint: 7565 ns, Total: 90417 ns
[2020-03-02T08:25:20.535+0000][1][safepoint    ] Safepoint "Cleanup", Time since last: 1000615253 ns, Reaching safepoint: 88125 ns, At safepoint: 8204 ns, Total: 96329 ns
[2020-03-02T08:25:21.536+0000][1][safepoint    ] Safepoint "Cleanup", Time since last: 1000376206 ns, Reaching safepoint: 142584 ns, At safepoint: 10907 ns, Total: 153491 ns
[2020-03-02T08:25:22.536+0000][1][safepoint    ] Safepoint "Cleanup", Time since last: 1000486198 ns, Reaching safepoint: 95438 ns, At safepoint: 9380 ns, Total: 104818 ns
[2020-03-02T08:25:23.537+0000][1][safepoint    ] Safepoint "Cleanup", Time since last: 1000459401 ns, Reaching safepoint: 175674 ns, At safepoint: 13871 ns, Total: 189545 ns
[2020-03-02T08:25:24.538+0000][1][safepoint    ] Safepoint "Cleanup", Time since last: 1000880651 ns, Reaching safepoint: 93674 ns, At safepoint: 9208 ns, Total: 102882 ns
[2020-03-02T08:25:25.539+0000][1][safepoint    ] Safepoint "Cleanup", Time since last: 1000678920 ns, Reaching safepoint: 195803 ns, At safepoint: 10628 ns, Total: 206431 ns
[2020-03-02T08:25:26.601+0000][1][safepoint    ] Safepoint "Cleanup", Time since last: 1000291910 ns, Reaching safepoint: 61945983 ns, At safepoint: 41640 ns, Total: 61987623 ns
[2020-03-02T08:25:27.602+0000][1][safepoint    ] Safepoint "Cleanup", Time since last: 1000548201 ns, Reaching safepoint: 92010 ns, At safepoint: 11772 ns, Total: 103782 ns
[2020-03-02T08:25:28.605+0000][1][safepoint    ] Safepoint "Cleanup", Time since last: 1003082937 ns, Reaching safepoint: 91082 ns, At safepoint: 7709 ns, Total: 98791 ns
[2020-03-02T08:25:29.606+0000][1][safepoint    ] Safepoint "Cleanup", Time since last: 1000561589 ns, Reaching safepoint: 87822 ns, At safepoint: 8309 ns, Total: 96131 ns
[2020-03-02T08:25:30.607+0000][1][safepoint    ] Safepoint "Cleanup", Time since last: 1000939011 ns, Reaching safepoint: 117743 ns, At safepoint: 10989 ns, Total: 128732 ns
[2020-03-02T08:25:31.607+0000][1][safepoint    ] Safepoint "Cleanup", Time since last: 1000591651 ns, Reaching safepoint: 87158 ns, At safepoint: 9054 ns, Total: 96212 ns
[2020-03-02T08:25:32.608+0000][1][safepoint    ] Safepoint "Cleanup", Time since last: 1000737265 ns, Reaching safepoint: 96139 ns, At safepoint: 8867 ns, Total: 105006 ns
[2020-03-02T08:25:33.609+0000][1][safepoint    ] Safepoint "Cleanup", Time since last: 1000367538 ns, Reaching safepoint: 129578 ns, At safepoint: 8569 ns, Total: 138147 ns
[2020-03-02T08:25:34.609+0000][1][safepoint    ] Safepoint "Cleanup", Time since last: 1000381614 ns, Reaching safepoint: 91794 ns, At safepoint: 9938 ns, Total: 101732 ns
[2020-03-02T08:25:35.610+0000][1][safepoint    ] Safepoint "Cleanup", Time since last: 1000829604 ns, Reaching safepoint: 132788 ns, At safepoint: 12949 ns, Total: 145737 ns
[2020-03-02T08:25:36.610+0000][1][safepoint    ] Safepoint "Cleanup", Time since last: 1000202890 ns, Reaching safepoint: 92412 ns, At safepoint: 11030 ns, Total: 103442 ns
[2020-03-02T08:25:37.611+0000][1][safepoint    ] Safepoint "Cleanup", Time since last: 1000969993 ns, Reaching safepoint: 97124 ns, At safepoint: 10426 ns, Total: 107550 ns
[2020-03-02T08:25:38.612+0000][1][safepoint    ] Safepoint "Cleanup", Time since last: 1000298933 ns, Reaching safepoint: 103998 ns, At safepoint: 8937 ns, Total: 112935 ns
[2020-03-02T08:25:39.613+0000][1][safepoint    ] Safepoint "Cleanup", Time since last: 1001160367 ns, Reaching safepoint: 96040 ns, At safepoint: 11255 ns, Total: 107295 ns
[2020-03-02T08:25:40.615+0000][1][safepoint    ] Safepoint "Cleanup", Time since last: 1001887860 ns, Reaching safepoint: 75758 ns, At safepoint: 26363 ns, Total: 102121 ns
[2020-03-02T08:25:41.617+0000][1][safepoint    ] Safepoint "Cleanup", Time since last: 1001612008 ns, Reaching safepoint: 140833 ns, At safepoint: 13363 ns, Total: 154196 ns
[2020-03-02T08:25:42.617+0000][1][safepoint    ] Safepoint "Cleanup", Time since last: 1000270303 ns, Reaching safepoint: 115517 ns, At safepoint: 10365 ns, Total: 125882 ns
[2020-03-02T08:25:43.618+0000][1][safepoint    ] Safepoint "Cleanup", Time since last: 1000854161 ns, Reaching safepoint: 104903 ns, At safepoint: 10072 ns, Total: 114975 ns
[2020-03-02T08:25:44.619+0000][1][safepoint    ] Safepoint "Cleanup", Time since last: 1000947505 ns, Reaching safepoint: 99230 ns, At safepoint: 8971 ns, Total: 108201 ns
[2020-03-02T08:25:45.620+0000][1][safepoint    ] Safepoint "Cleanup", Time since last: 1000892604 ns, Reaching safepoint: 102256 ns, At safepoint: 9106 ns, Total: 111362 ns
[2020-03-02T08:25:46.621+0000][1][safepoint    ] Safepoint "Cleanup", Time since last: 1000762315 ns, Reaching safepoint: 179324 ns, At safepoint: 13875 ns, Total: 193199 ns
[2020-03-02T08:25:47.622+0000][1][safepoint    ] Safepoint "Cleanup", Time since last: 1000570830 ns, Reaching safepoint: 91308 ns, At safepoint: 8930 ns, Total: 100238 ns
[2020-03-02T08:25:48.622+0000][1][safepoint    ] Safepoint "Cleanup", Time since last: 1000162068 ns, Reaching safepoint: 88141 ns, At safepoint: 8215 ns, Total: 96356 ns
[2020-03-02T08:25:49.623+0000][1][safepoint    ] Safepoint "Cleanup", Time since last: 1000565187 ns, Reaching safepoint: 188491 ns, At safepoint: 11734 ns, Total: 200225 ns
[2020-03-02T08:25:50.624+0000][1][safepoint    ] Safepoint "Cleanup", Time since last: 1000667679 ns, Reaching safepoint: 87951 ns, At safepoint: 9015 ns, Total: 96966 ns
[2020-03-02T08:25:51.627+0000][1][safepoint    ] Safepoint "Cleanup", Time since last: 1003200053 ns, Reaching safepoint: 73749 ns, At safepoint: 8731 ns, Total: 82480 ns
[2020-03-02T08:25:52.628+0000][1][safepoint    ] Safepoint "Cleanup", Time since last: 1000432069 ns, Reaching safepoint: 88300 ns, At safepoint: 10084 ns, Total: 98384 ns
[2020-03-02T08:25:53.629+0000][1][safepoint    ] Safepoint "Cleanup", Time since last: 1001126650 ns, Reaching safepoint: 135754 ns, At safepoint: 12695 ns, Total: 148449 ns
[2020-03-02T08:25:54.629+0000][1][safepoint    ] Safepoint "Cleanup", Time since last: 1000202644 ns, Reaching safepoint: 107423 ns, At safepoint: 10199 ns, Total: 117622 ns
[2020-03-02T08:25:55.630+0000][1][safepoint    ] Safepoint "Cleanup", Time since last: 1000428977 ns, Reaching safepoint: 88813 ns, At safepoint: 8760 ns, Total: 97573 ns
[2020-03-02T08:25:56.631+0000][1][safepoint    ] Safepoint "Cleanup", Time since last: 1001135057 ns, Reaching safepoint: 245697 ns, At safepoint: 9149 ns, Total: 254846 ns
[2020-03-02T08:25:57.632+0000][1][safepoint    ] Safepoint "Cleanup", Time since last: 1000755594 ns, Reaching safepoint: 97312 ns, At safepoint: 8874 ns, Total: 106186 ns
[2020-03-02T08:25:58.632+0000][1][safepoint    ] Safepoint "Cleanup", Time since last: 1000295142 ns, Reaching safepoint: 132646 ns, At safepoint: 10348 ns, Total: 142994 ns
[2020-03-02T08:25:59.633+0000][1][safepoint    ] Safepoint "Cleanup", Time since last: 1000414978 ns, Reaching safepoint: 169761 ns, At safepoint: 73968 ns, Total: 243729 ns
[2020-03-02T08:26:00.649+0000][1][safepoint    ] Safepoint "Cleanup", Time since last: 1000443822 ns, Reaching safepoint: 15751012 ns, At safepoint: 12524 ns, Total: 15763536 ns
[2020-03-02T08:26:01.650+0000][1][safepoint    ] Safepoint "Cleanup", Time since last: 1000806514 ns, Reaching safepoint: 110099 ns, At safepoint: 8911 ns, Total: 119010 ns
[2020-03-02T08:26:02.651+0000][1][safepoint    ] Safepoint "Cleanup", Time since last: 1000733883 ns, Reaching safepoint: 86621 ns, At safepoint: 8954 ns, Total: 95575 ns
[2020-03-02T08:26:03.652+0000][1][safepoint    ] Safepoint "Cleanup", Time since last: 1000605362 ns, Reaching safepoint: 127966 ns, At safepoint: 9411 ns, Total: 137377 ns
[2020-03-02T08:26:04.652+0000][1][safepoint    ] Safepoint "Cleanup", Time since last: 1000311650 ns, Reaching safepoint: 97030 ns, At safepoint: 9422 ns, Total: 106452 ns
[2020-03-02T08:26:05.652+0000][1][safepoint    ] Safepoint "Cleanup", Time since last: 1000089168 ns, Reaching safepoint: 96259 ns, At safepoint: 8547 ns, Total: 104806 ns
[2020-03-02T08:26:06.653+0000][1][safepoint    ] Safepoint "Cleanup", Time since last: 1000204495 ns, Reaching safepoint: 235798 ns, At safepoint: 12782 ns, Total: 248580 ns
[2020-03-02T08:26:07.653+0000][1][safepoint    ] Safepoint "Cleanup", Time since last: 1000167760 ns, Reaching safepoint: 101074 ns, At safepoint: 10654 ns, Total: 111728 ns
[2020-03-02T08:26:08.655+0000][1][safepoint    ] Safepoint "Cleanup", Time since last: 1002141197 ns, Reaching safepoint: 82103 ns, At safepoint: 7303 ns, Total: 89406 ns
[2020-03-02T08:26:09.656+0000][1][safepoint    ] Safepoint "Cleanup", Time since last: 1000319925 ns, Reaching safepoint: 160686 ns, At safepoint: 13821 ns, Total: 174507 ns
[2020-03-02T08:26:09.883+0000][1][gc,start     ] GC(32) Pause Young (Allocation Failure)
[2020-03-02T08:26:09.927+0000][1][gc,task      ] GC(32) Using 1 workers of 1 for evacuation
[2020-03-02T08:26:10.007+0000][1][gc,age       ] GC(32) Desired survivor size 4358144 bytes, new threshold 4 (max threshold 6)
[2020-03-02T08:26:10.007+0000][1][gc,age       ] GC(32) Age table with threshold 4 (max threshold 6)
[2020-03-02T08:26:10.007+0000][1][gc,age       ] GC(32) - age   1:    3507736 bytes,    3507736 total
[2020-03-02T08:26:10.007+0000][1][gc,age       ] GC(32) - age   2:      90200 bytes,    3597936 total
[2020-03-02T08:26:10.007+0000][1][gc,age       ] GC(32) - age   3:     558856 bytes,    4156792 total
[2020-03-02T08:26:10.007+0000][1][gc,age       ] GC(32) - age   4:    1413720 bytes,    5570512 total
[2020-03-02T08:26:10.007+0000][1][gc,age       ] GC(32) - age   5:    2025464 bytes,    7595976 total
[2020-03-02T08:26:10.007+0000][1][gc,heap      ] GC(32) ParNew: 76334K->8512K(76672K)
[2020-03-02T08:26:10.007+0000][1][gc,heap      ] GC(32) CMS: 58452K->58452K(963392K)
[2020-03-02T08:26:10.007+0000][1][gc,metaspace ] GC(32) Metaspace: 80073K->80073K(1124352K)
[2020-03-02T08:26:10.007+0000][1][gc           ] GC(32) Pause Young (Allocation Failure) 131M->65M(1015M) 123.957ms
[2020-03-02T08:26:10.007+0000][1][gc,cpu       ] GC(32) User=0.03s Sys=0.00s Real=0.12s
[2020-03-02T08:26:10.007+0000][1][safepoint    ] Safepoint "GenCollectForAllocation", Time since last: 226936104 ns, Reaching safepoint: 86100 ns, At safepoint: 124077724 ns, Total: 124163824 ns
[2020-03-02T08:26:11.007+0000][1][safepoint    ] Safepoint "Cleanup", Time since last: 1000238232 ns, Reaching safepoint: 90725 ns, At safepoint: 10536 ns, Total: 101261 ns
[2020-03-02T08:26:12.008+0000][1][safepoint    ] Safepoint "Cleanup", Time since last: 1000172102 ns, Reaching safepoint: 127304 ns, At safepoint: 11343 ns, Total: 138647 ns
[2020-03-02T08:26:13.009+0000][1][safepoint    ] Safepoint "Cleanup", Time since last: 1000788702 ns, Reaching safepoint: 175304 ns, At safepoint: 10131 ns, Total: 185435 ns
[2020-03-02T08:26:14.009+0000][1][safepoint    ] Safepoint "Cleanup", Time since last: 1000338507 ns, Reaching safepoint: 175717 ns, At safepoint: 7155 ns, Total: 182872 ns
[2020-03-02T08:26:15.009+0000][1][safepoint    ] Safepoint "Cleanup", Time since last: 1000293325 ns, Reaching safepoint: 96601 ns, At safepoint: 9438 ns, Total: 106039 ns
[2020-03-02T08:26:16.010+0000][1][safepoint    ] Safepoint "Cleanup", Time since last: 1000571205 ns, Reaching safepoint: 87752 ns, At safepoint: 8164 ns, Total: 95916 ns
[2020-03-02T08:26:17.011+0000][1][safepoint    ] Safepoint "Cleanup", Time since last: 1000508448 ns, Reaching safepoint: 112483 ns, At safepoint: 7534 ns, Total: 120017 ns
[2020-03-02T08:26:18.011+0000][1][safepoint    ] Safepoint "Cleanup", Time since last: 1000574721 ns, Reaching safepoint: 104194 ns, At safepoint: 8889 ns, Total: 113083 ns
[2020-03-02T08:26:19.012+0000][1][safepoint    ] Safepoint "Cleanup", Time since last: 1000614106 ns, Reaching safepoint: 88971 ns, At safepoint: 10186 ns, Total: 99157 ns
[2020-03-02T08:26:20.013+0000][1][safepoint    ] Safepoint "Cleanup", Time since last: 1000687982 ns, Reaching safepoint: 94616 ns, At safepoint: 8877 ns, Total: 103493 ns
[2020-03-02T08:26:21.014+0000][1][safepoint    ] Safepoint "Cleanup", Time since last: 1000556348 ns, Reaching safepoint: 95099 ns, At safepoint: 11101 ns, Total: 106200 ns
[2020-03-02T08:26:22.024+0000][1][safepoint    ] Safepoint "Cleanup", Time since last: 1010634092 ns, Reaching safepoint: 105861 ns, At safepoint: 7726 ns, Total: 113587 ns
[2020-03-02T08:26:23.025+0000][1][safepoint    ] Safepoint "Cleanup", Time since last: 1000215589 ns, Reaching safepoint: 100946 ns, At safepoint: 10577 ns, Total: 111523 ns
[2020-03-02T08:26:24.025+0000][1][safepoint    ] Safepoint "Cleanup", Time since last: 1000371162 ns, Reaching safepoint: 104867 ns, At safepoint: 8833 ns, Total: 113700 ns
[2020-03-02T08:26:25.031+0000][1][safepoint    ] Safepoint "Cleanup", Time since last: 1005871934 ns, Reaching safepoint: 74767 ns, At safepoint: 8783 ns, Total: 83550 ns
[2020-03-02T08:26:26.031+0000][1][safepoint    ] Safepoint "Cleanup", Time since last: 1000228574 ns, Reaching safepoint: 87110 ns, At safepoint: 8655 ns, Total: 95765 ns
[2020-03-02T08:26:27.032+0000][1][safepoint    ] Safepoint "Cleanup", Time since last: 1000364122 ns, Reaching safepoint: 112024 ns, At safepoint: 9640 ns, Total: 121664 ns
[2020-03-02T08:26:28.033+0000][1][safepoint    ] Safepoint "Cleanup", Time since last: 1000575869 ns, Reaching safepoint: 113089 ns, At safepoint: 9006 ns, Total: 122095 ns
[2020-03-02T08:26:29.033+0000][1][safepoint    ] Safepoint "Cleanup", Time since last: 1000520387 ns, Reaching safepoint: 228154 ns, At safepoint: 31588 ns, Total: 259742 ns
[2020-03-02T08:26:30.034+0000][1][safepoint    ] Safepoint "Cleanup", Time since last: 1000431474 ns, Reaching safepoint: 143181 ns, At safepoint: 12886 ns, Total: 156067 ns
[2020-03-02T08:26:31.034+0000][1][safepoint    ] Safepoint "Cleanup", Time since last: 1000282119 ns, Reaching safepoint: 110914 ns, At safepoint: 11256 ns, Total: 122170 ns
[2020-03-02T08:26:32.035+0000][1][safepoint    ] Safepoint "Cleanup", Time since last: 1000414798 ns, Reaching safepoint: 90078 ns, At safepoint: 10251 ns, Total: 100329 ns
[2020-03-02T08:26:33.036+0000][1][safepoint    ] Safepoint "Cleanup", Time since last: 1000492288 ns, Reaching safepoint: 89392 ns, At safepoint: 11172 ns, Total: 100564 ns
[2020-03-02T08:26:34.036+0000][1][safepoint    ] Safepoint "Cleanup", Time since last: 1000670973 ns, Reaching safepoint: 97033 ns, At safepoint: 10098 ns, Total: 107131 ns
[2020-03-02T08:26:35.037+0000][1][safepoint    ] Safepoint "Cleanup", Time since last: 1000295080 ns, Reaching safepoint: 113705 ns, At safepoint: 21517 ns, Total: 135222 ns
[2020-03-02T08:26:36.045+0000][1][safepoint    ] Safepoint "Cleanup", Time since last: 1007862711 ns, Reaching safepoint: 67128 ns, At safepoint: 9070 ns, Total: 76198 ns
[2020-03-02T08:26:37.045+0000][1][safepoint    ] Safepoint "Cleanup", Time since last: 1000629652 ns, Reaching safepoint: 97533 ns, At safepoint: 16865 ns, Total: 114398 ns
[2020-03-02T08:26:38.046+0000][1][safepoint    ] Safepoint "Cleanup", Time since last: 1000640895 ns, Reaching safepoint: 173478 ns, At safepoint: 12618 ns, Total: 186096 ns
[2020-03-02T08:26:39.047+0000][1][safepoint    ] Safepoint "Cleanup", Time since last: 1000231758 ns, Reaching safepoint: 127601 ns, At safepoint: 25666 ns, Total: 153267 ns
[2020-03-02T08:26:40.047+0000][1][safepoint    ] Safepoint "Cleanup", Time since last: 1000245434 ns, Reaching safepoint: 130010 ns, At safepoint: 15854 ns, Total: 145864 ns
[2020-03-02T08:26:41.048+0000][1][safepoint    ] Safepoint "Cleanup", Time since last: 1000796399 ns, Reaching safepoint: 198798 ns, At safepoint: 37822 ns, Total: 236620 ns
[2020-03-02T08:26:42.049+0000][1][safepoint    ] Safepoint "Cleanup", Time since last: 1000583219 ns, Reaching safepoint: 78595 ns, At safepoint: 11142 ns, Total: 89737 ns
[2020-03-02T08:26:43.050+0000][1][safepoint    ] Safepoint "Cleanup", Time since last: 1000862523 ns, Reaching safepoint: 94942 ns, At safepoint: 8696 ns, Total: 103638 ns
[2020-03-02T08:26:44.050+0000][1][safepoint    ] Safepoint "Cleanup", Time since last: 1000399273 ns, Reaching safepoint: 98185 ns, At safepoint: 9679 ns, Total: 107864 ns
[2020-03-02T08:26:45.051+0000][1][safepoint    ] Safepoint "Cleanup", Time since last: 1000372278 ns, Reaching safepoint: 167969 ns, At safepoint: 12085 ns, Total: 180054 ns
[2020-03-02T08:26:46.052+0000][1][safepoint    ] Safepoint "Cleanup", Time since last: 1000718980 ns, Reaching safepoint: 119121 ns, At safepoint: 10595 ns, Total: 129716 ns
[2020-03-02T08:26:47.059+0000][1][safepoint    ] Safepoint "Cleanup", Time since last: 1006845781 ns, Reaching safepoint: 74242 ns, At safepoint: 8719 ns, Total: 82961 ns
[2020-03-02T08:26:48.059+0000][1][safepoint    ] Safepoint "Cleanup", Time since last: 1000602943 ns, Reaching safepoint: 92136 ns, At safepoint: 9258 ns, Total: 101394 ns
[2020-03-02T08:26:49.060+0000][1][safepoint    ] Safepoint "Cleanup", Time since last: 1000221014 ns, Reaching safepoint: 122480 ns, At safepoint: 12204 ns, Total: 134684 ns
[2020-03-02T08:26:50.060+0000][1][safepoint    ] Safepoint "Cleanup", Time since last: 1000239470 ns, Reaching safepoint: 95054 ns, At safepoint: 8817 ns, Total: 103871 ns
[2020-03-02T08:26:51.061+0000][1][safepoint    ] Safepoint "Cleanup", Time since last: 1000588743 ns, Reaching safepoint: 88490 ns, At safepoint: 9926 ns, Total: 98416 ns
[2020-03-02T08:26:52.061+0000][1][safepoint    ] Safepoint "Cleanup", Time since last: 1000424772 ns, Reaching safepoint: 108243 ns, At safepoint: 10374 ns, Total: 118617 ns
[2020-03-02T08:26:53.062+0000][1][safepoint    ] Safepoint "Cleanup", Time since last: 1000377570 ns, Reaching safepoint: 331655 ns, At safepoint: 13308 ns, Total: 344963 ns
[2020-03-02T08:26:54.063+0000][1][safepoint    ] Safepoint "Cleanup", Time since last: 1001062340 ns, Reaching safepoint: 165092 ns, At safepoint: 15709 ns, Total: 180801 ns
[2020-03-02T08:26:55.064+0000][1][safepoint    ] Safepoint "Cleanup", Time since last: 1001053800 ns, Reaching safepoint: 111790 ns, At safepoint: 38723 ns, Total: 150513 ns
[2020-03-02T08:26:56.065+0000][1][safepoint    ] Safepoint "Cleanup", Time since last: 1000356263 ns, Reaching safepoint: 89727 ns, At safepoint: 9692 ns, Total: 99419 ns
[2020-03-02T08:26:57.065+0000][1][safepoint    ] Safepoint "Cleanup", Time since last: 1000318623 ns, Reaching safepoint: 107189 ns, At safepoint: 8975 ns, Total: 116164 ns
[2020-03-02T08:26:58.071+0000][1][safepoint    ] Safepoint "Cleanup", Time since last: 1005817070 ns, Reaching safepoint: 130840 ns, At safepoint: 9610 ns, Total: 140450 ns
[2020-03-02T08:26:59.072+0000][1][safepoint    ] Safepoint "Cleanup", Time since last: 1000289291 ns, Reaching safepoint: 153073 ns, At safepoint: 11364 ns, Total: 164437 ns
[2020-03-02T08:27:00.073+0000][1][safepoint    ] Safepoint "Cleanup", Time since last: 1000858142 ns, Reaching safepoint: 90938 ns, At safepoint: 8316 ns, Total: 99254 ns
[2020-03-02T08:27:01.073+0000][1][safepoint    ] Safepoint "Cleanup", Time since last: 1000130895 ns, Reaching safepoint: 98567 ns, At safepoint: 8947 ns, Total: 107514 ns
[2020-03-02T08:27:02.074+0000][1][safepoint    ] Safepoint "Cleanup", Time since last: 1000732953 ns, Reaching safepoint: 104857 ns, At safepoint: 8998 ns, Total: 113855 ns
[2020-03-02T08:27:03.074+0000][1][safepoint    ] Safepoint "Cleanup", Time since last: 1000230983 ns, Reaching safepoint: 93817 ns, At safepoint: 15446 ns, Total: 109263 ns
[2020-03-02T08:27:04.075+0000][1][safepoint    ] Safepoint "Cleanup", Time since last: 1000659573 ns, Reaching safepoint: 122149 ns, At safepoint: 29686 ns, Total: 151835 ns
[2020-03-02T08:27:05.075+0000][1][safepoint    ] Safepoint "Cleanup", Time since last: 1000429749 ns, Reaching safepoint: 90675 ns, At safepoint: 8964 ns, Total: 99639 ns
[2020-03-02T08:27:06.077+0000][1][safepoint    ] Safepoint "Cleanup", Time since last: 1001368598 ns, Reaching safepoint: 166904 ns, At safepoint: 36301 ns, Total: 203205 ns
[2020-03-02T08:27:07.077+0000][1][safepoint    ] Safepoint "Cleanup", Time since last: 1000188152 ns, Reaching safepoint: 197528 ns, At safepoint: 28090 ns, Total: 225618 ns
[2020-03-02T08:27:08.078+0000][1][safepoint    ] Safepoint "Cleanup", Time since last: 1000681181 ns, Reaching safepoint: 106668 ns, At safepoint: 10176 ns, Total: 116844 ns
[2020-03-02T08:27:09.080+0000][1][safepoint    ] Safepoint "Cleanup", Time since last: 1001623587 ns, Reaching safepoint: 86436 ns, At safepoint: 9846 ns, Total: 96282 ns
[2020-03-02T08:27:10.081+0000][1][safepoint    ] Safepoint "Cleanup", Time since last: 1000537308 ns, Reaching safepoint: 149191 ns, At safepoint: 14413 ns, Total: 163604 ns
[2020-03-02T08:27:11.081+0000][1][safepoint    ] Safepoint "Cleanup", Time since last: 1000368747 ns, Reaching safepoint: 92479 ns, At safepoint: 7530 ns, Total: 100009 ns
[2020-03-02T08:27:12.082+0000][1][safepoint    ] Safepoint "Cleanup", Time since last: 1001132160 ns, Reaching safepoint: 104323 ns, At safepoint: 8936 ns, Total: 113259 ns
[2020-03-02T08:27:13.083+0000][1][safepoint    ] Safepoint "Cleanup", Time since last: 1000275308 ns, Reaching safepoint: 155338 ns, At safepoint: 10774 ns, Total: 166112 ns
[2020-03-02T08:27:14.084+0000][1][safepoint    ] Safepoint "Cleanup", Time since last: 1001136201 ns, Reaching safepoint: 212340 ns, At safepoint: 31742 ns, Total: 244082 ns
[2020-03-02T08:27:15.084+0000][1][safepoint    ] Safepoint "Cleanup", Time since last: 1000110847 ns, Reaching safepoint: 244505 ns, At safepoint: 33027 ns, Total: 277532 ns
[2020-03-02T08:27:16.086+0000][1][safepoint    ] Safepoint "Cleanup", Time since last: 1000920199 ns, Reaching safepoint: 131831 ns, At safepoint: 15398 ns, Total: 147229 ns
[2020-03-02T08:27:17.086+0000][1][safepoint    ] Safepoint "Cleanup", Time since last: 1000342001 ns, Reaching safepoint: 87129 ns, At safepoint: 8898 ns, Total: 96027 ns
[2020-03-02T08:27:18.086+0000][1][safepoint    ] Safepoint "Cleanup", Time since last: 1000158609 ns, Reaching safepoint: 88612 ns, At safepoint: 9486 ns, Total: 98098 ns
[2020-03-02T08:27:19.088+0000][1][safepoint    ] Safepoint "Cleanup", Time since last: 1001232287 ns, Reaching safepoint: 117638 ns, At safepoint: 12326 ns, Total: 129964 ns
[2020-03-02T08:27:20.089+0000][1][safepoint    ] Safepoint "Cleanup", Time since last: 1001098459 ns, Reaching safepoint: 111238 ns, At safepoint: 9310 ns, Total: 120548 ns
[2020-03-02T08:27:21.089+0000][1][safepoint    ] Safepoint "Cleanup", Time since last: 1000430497 ns, Reaching safepoint: 183081 ns, At safepoint: 36568 ns, Total: 219649 ns
[2020-03-02T08:27:22.090+0000][1][safepoint    ] Safepoint "Cleanup", Time since last: 1000482718 ns, Reaching safepoint: 107013 ns, At safepoint: 11570 ns, Total: 118583 ns
[2020-03-02T08:27:23.091+0000][1][safepoint    ] Safepoint "Cleanup", Time since last: 1000823278 ns, Reaching safepoint: 138216 ns, At safepoint: 11550 ns, Total: 149766 ns
[2020-03-02T08:27:24.092+0000][1][safepoint    ] Safepoint "Cleanup", Time since last: 1001017757 ns, Reaching safepoint: 161523 ns, At safepoint: 16128 ns, Total: 177651 ns
[2020-03-02T08:27:25.093+0000][1][safepoint    ] Safepoint "Cleanup", Time since last: 1000685001 ns, Reaching safepoint: 115916 ns, At safepoint: 11742 ns, Total: 127658 ns
[2020-03-02T08:27:26.094+0000][1][safepoint    ] Safepoint "Cleanup", Time since last: 1000826970 ns, Reaching safepoint: 158922 ns, At safepoint: 9977 ns, Total: 168899 ns
[2020-03-02T08:27:27.095+0000][1][safepoint    ] Safepoint "Cleanup", Time since last: 1000861808 ns, Reaching safepoint: 140893 ns, At safepoint: 9100 ns, Total: 149993 ns
[2020-03-02T08:27:28.095+0000][1][safepoint    ] Safepoint "Cleanup", Time since last: 1000328813 ns, Reaching safepoint: 93148 ns, At safepoint: 11394 ns, Total: 104542 ns
[2020-03-02T08:27:29.097+0000][1][safepoint    ] Safepoint "Cleanup", Time since last: 1001038308 ns, Reaching safepoint: 98438 ns, At safepoint: 9830 ns, Total: 108268 ns
[2020-03-02T08:27:30.098+0000][1][safepoint    ] Safepoint "Cleanup", Time since last: 1000770133 ns, Reaching safepoint: 146081 ns, At safepoint: 10313 ns, Total: 156394 ns
[2020-03-02T08:27:31.106+0000][1][safepoint    ] Safepoint "Cleanup", Time since last: 1007957287 ns, Reaching safepoint: 92725 ns, At safepoint: 9212 ns, Total: 101937 ns
[2020-03-02T08:27:32.106+0000][1][safepoint    ] Safepoint "Cleanup", Time since last: 1000639832 ns, Reaching safepoint: 114971 ns, At safepoint: 11013 ns, Total: 125984 ns
[2020-03-02T08:27:33.108+0000][1][safepoint    ] Safepoint "Cleanup", Time since last: 1001008531 ns, Reaching safepoint: 111182 ns, At safepoint: 10718 ns, Total: 121900 ns
[2020-03-02T08:27:34.108+0000][1][safepoint    ] Safepoint "Cleanup", Time since last: 1000386215 ns, Reaching safepoint: 92901 ns, At safepoint: 12068 ns, Total: 104969 ns
[2020-03-02T08:27:35.109+0000][1][safepoint    ] Safepoint "Cleanup", Time since last: 1001088194 ns, Reaching safepoint: 97901 ns, At safepoint: 10421 ns, Total: 108322 ns
[2020-03-02T08:27:36.110+0000][1][safepoint    ] Safepoint "Cleanup", Time since last: 1000260506 ns, Reaching safepoint: 114181 ns, At safepoint: 9424 ns, Total: 123605 ns
[2020-03-02T08:27:37.110+0000][1][safepoint    ] Safepoint "Cleanup", Time since last: 1000232275 ns, Reaching safepoint: 98832 ns, At safepoint: 15128 ns, Total: 113960 ns
[2020-03-02T08:27:38.110+0000][1][safepoint    ] Safepoint "Cleanup", Time since last: 1000224085 ns, Reaching safepoint: 105872 ns, At safepoint: 10080 ns, Total: 115952 ns
[2020-03-02T08:27:39.111+0000][1][safepoint    ] Safepoint "Cleanup", Time since last: 1000325608 ns, Reaching safepoint: 108288 ns, At safepoint: 8830 ns, Total: 117118 ns
[2020-03-02T08:27:40.111+0000][1][safepoint    ] Safepoint "Cleanup", Time since last: 1000144081 ns, Reaching safepoint: 107757 ns, At safepoint: 8894 ns, Total: 116651 ns
[2020-03-02T08:27:41.120+0000][1][safepoint    ] Safepoint "Cleanup", Time since last: 1009300302 ns, Reaching safepoint: 142602 ns, At safepoint: 9537 ns, Total: 152139 ns
[2020-03-02T08:27:42.123+0000][1][safepoint    ] Safepoint "Cleanup", Time since last: 1002359174 ns, Reaching safepoint: 150478 ns, At safepoint: 10662 ns, Total: 161140 ns
[2020-03-02T08:27:43.124+0000][1][safepoint    ] Safepoint "Cleanup", Time since last: 1000558249 ns, Reaching safepoint: 126774 ns, At safepoint: 12166 ns, Total: 138940 ns
[2020-03-02T08:27:44.124+0000][1][safepoint    ] Safepoint "Cleanup", Time since last: 1000371578 ns, Reaching safepoint: 93957 ns, At safepoint: 10910 ns, Total: 104867 ns
[2020-03-02T08:27:45.125+0000][1][safepoint    ] Safepoint "Cleanup", Time since last: 1000576888 ns, Reaching safepoint: 98065 ns, At safepoint: 9440 ns, Total: 107505 ns
[2020-03-02T08:27:46.126+0000][1][safepoint    ] Safepoint "Cleanup", Time since last: 1000695584 ns, Reaching safepoint: 90073 ns, At safepoint: 8877 ns, Total: 98950 ns
[2020-03-02T08:27:47.126+0000][1][safepoint    ] Safepoint "Cleanup", Time since last: 1000722643 ns, Reaching safepoint: 93805 ns, At safepoint: 10040 ns, Total: 103845 ns
[2020-03-02T08:27:48.127+0000][1][safepoint    ] Safepoint "Cleanup", Time since last: 1000610935 ns, Reaching safepoint: 122876 ns, At safepoint: 9955 ns, Total: 132831 ns
[2020-03-02T08:27:49.128+0000][1][safepoint    ] Safepoint "Cleanup", Time since last: 1000626697 ns, Reaching safepoint: 92035 ns, At safepoint: 9953 ns, Total: 101988 ns
[2020-03-02T08:27:50.129+0000][1][safepoint    ] Safepoint "Cleanup", Time since last: 1001007144 ns, Reaching safepoint: 90532 ns, At safepoint: 8921 ns, Total: 99453 ns
[2020-03-02T08:27:51.130+0000][1][safepoint    ] Safepoint "Cleanup", Time since last: 1000549092 ns, Reaching safepoint: 91489 ns, At safepoint: 10876 ns, Total: 102365 ns
[2020-03-02T08:27:52.130+0000][1][safepoint    ] Safepoint "Cleanup", Time since last: 1000399715 ns, Reaching safepoint: 92030 ns, At safepoint: 8418 ns, Total: 100448 ns
[2020-03-02T08:27:53.135+0000][1][safepoint    ] Safepoint "Cleanup", Time since last: 1004908147 ns, Reaching safepoint: 176836 ns, At safepoint: 11637 ns, Total: 188473 ns
[2020-03-02T08:27:54.137+0000][1][safepoint    ] Safepoint "Cleanup", Time since last: 1001541329 ns, Reaching safepoint: 89924 ns, At safepoint: 9412 ns, Total: 99336 ns
[2020-03-02T08:27:55.138+0000][1][safepoint    ] Safepoint "Cleanup", Time since last: 1000800747 ns, Reaching safepoint: 95101 ns, At safepoint: 11758 ns, Total: 106859 ns
[2020-03-02T08:27:56.138+0000][1][safepoint    ] Safepoint "Cleanup", Time since last: 1000458631 ns, Reaching safepoint: 110228 ns, At safepoint: 33919 ns, Total: 144147 ns
[2020-03-02T08:27:57.139+0000][1][safepoint    ] Safepoint "Cleanup", Time since last: 1000540204 ns, Reaching safepoint: 115360 ns, At safepoint: 8716 ns, Total: 124076 ns
[2020-03-02T08:27:58.139+0000][1][safepoint    ] Safepoint "Cleanup", Time since last: 1000255673 ns, Reaching safepoint: 110911 ns, At safepoint: 9282 ns, Total: 120193 ns
[2020-03-02T08:27:59.140+0000][1][safepoint    ] Safepoint "Cleanup", Time since last: 1000668340 ns, Reaching safepoint: 97638 ns, At safepoint: 9234 ns, Total: 106872 ns
[2020-03-02T08:28:00.141+0000][1][safepoint    ] Safepoint "Cleanup", Time since last: 1000668941 ns, Reaching safepoint: 103402 ns, At safepoint: 10469 ns, Total: 113871 ns
[2020-03-02T08:28:01.141+0000][1][safepoint    ] Safepoint "Cleanup", Time since last: 1000309992 ns, Reaching safepoint: 87243 ns, At safepoint: 9143 ns, Total: 96386 ns
[2020-03-02T08:28:02.143+0000][1][safepoint    ] Safepoint "Cleanup", Time since last: 1000948985 ns, Reaching safepoint: 165270 ns, At safepoint: 10103 ns, Total: 175373 ns
[2020-03-02T08:28:03.143+0000][1][safepoint    ] Safepoint "Cleanup", Time since last: 1000377447 ns, Reaching safepoint: 154287 ns, At safepoint: 9223 ns, Total: 163510 ns
[2020-03-02T08:28:04.144+0000][1][safepoint    ] Safepoint "Cleanup", Time since last: 1001074623 ns, Reaching safepoint: 100220 ns, At safepoint: 10570 ns, Total: 110790 ns
[2020-03-02T08:28:05.145+0000][1][safepoint    ] Safepoint "Cleanup", Time since last: 1000518236 ns, Reaching safepoint: 122449 ns, At safepoint: 10631 ns, Total: 133080 ns
[2020-03-02T08:28:06.146+0000][1][safepoint    ] Safepoint "Cleanup", Time since last: 1000526136 ns, Reaching safepoint: 86161 ns, At safepoint: 9288 ns, Total: 95449 ns
[2020-03-02T08:28:07.147+0000][1][safepoint    ] Safepoint "Cleanup", Time since last: 1000868127 ns, Reaching safepoint: 159470 ns, At safepoint: 28794 ns, Total: 188264 ns
[2020-03-02T08:28:08.148+0000][1][safepoint    ] Safepoint "Cleanup", Time since last: 1000930927 ns, Reaching safepoint: 200160 ns, At safepoint: 17167 ns, Total: 217327 ns
[2020-03-02T08:28:09.149+0000][1][safepoint    ] Safepoint "Cleanup", Time since last: 1001092985 ns, Reaching safepoint: 88892 ns, At safepoint: 9557 ns, Total: 98449 ns
[2020-03-02T08:28:10.150+0000][1][safepoint    ] Safepoint "Cleanup", Time since last: 1000753188 ns, Reaching safepoint: 98577 ns, At safepoint: 9500 ns, Total: 108077 ns
[2020-03-02T08:28:11.151+0000][1][safepoint    ] Safepoint "Cleanup", Time since last: 1000924318 ns, Reaching safepoint: 103524 ns, At safepoint: 11825 ns, Total: 115349 ns
[2020-03-02T08:28:12.152+0000][1][safepoint    ] Safepoint "Cleanup", Time since last: 1000779573 ns, Reaching safepoint: 91510 ns, At safepoint: 11315 ns, Total: 102825 ns
[2020-03-02T08:28:13.152+0000][1][safepoint    ] Safepoint "Cleanup", Time since last: 1000467601 ns, Reaching safepoint: 98212 ns, At safepoint: 9466 ns, Total: 107678 ns
[2020-03-02T08:28:14.152+0000][1][safepoint    ] Safepoint "Cleanup", Time since last: 1000098660 ns, Reaching safepoint: 104136 ns, At safepoint: 7994 ns, Total: 112130 ns
[2020-03-02T08:28:15.153+0000][1][safepoint    ] Safepoint "Cleanup", Time since last: 1000674886 ns, Reaching safepoint: 130575 ns, At safepoint: 14161 ns, Total: 144736 ns
[2020-03-02T08:28:16.159+0000][1][safepoint    ] Safepoint "Cleanup", Time since last: 1005176519 ns, Reaching safepoint: 87008 ns, At safepoint: 34159 ns, Total: 121167 ns
[2020-03-02T08:28:17.164+0000][1][safepoint    ] Safepoint "Cleanup", Time since last: 1005287364 ns, Reaching safepoint: 152168 ns, At safepoint: 24814 ns, Total: 176982 ns
[2020-03-02T08:28:18.166+0000][1][safepoint    ] Safepoint "Cleanup", Time since last: 1001423191 ns, Reaching safepoint: 147702 ns, At safepoint: 14740 ns, Total: 162442 ns
[2020-03-02T08:28:19.166+0000][1][safepoint    ] Safepoint "Cleanup", Time since last: 1000433100 ns, Reaching safepoint: 105988 ns, At safepoint: 11883 ns, Total: 117871 ns
[2020-03-02T08:28:20.171+0000][1][safepoint    ] Safepoint "Cleanup", Time since last: 1004213094 ns, Reaching safepoint: 128697 ns, At safepoint: 9049 ns, Total: 137746 ns
[2020-03-02T08:28:21.171+0000][1][safepoint    ] Safepoint "Cleanup", Time since last: 1000265462 ns, Reaching safepoint: 87552 ns, At safepoint: 7723 ns, Total: 95275 ns
[2020-03-02T08:28:22.172+0000][1][safepoint    ] Safepoint "Cleanup", Time since last: 1000406570 ns, Reaching safepoint: 156137 ns, At safepoint: 15049 ns, Total: 171186 ns
[2020-03-02T08:28:22.183+0000][1][gc,start     ] GC(33) Pause Young (Allocation Failure)
[2020-03-02T08:28:22.183+0000][1][gc,task      ] GC(33) Using 1 workers of 1 for evacuation
[2020-03-02T08:28:24.367+0000][1][gc,age       ] GC(33) Desired survivor size 4358144 bytes, new threshold 6 (max threshold 6)
[2020-03-02T08:28:24.367+0000][1][gc,age       ] GC(33) Age table with threshold 6 (max threshold 6)
[2020-03-02T08:28:24.367+0000][1][gc,age       ] GC(33) - age   1:      18192 bytes,      18192 total
[2020-03-02T08:28:24.367+0000][1][gc,age       ] GC(33) - age   2:    3484168 bytes,    3502360 total
[2020-03-02T08:28:24.367+0000][1][gc,age       ] GC(33) - age   3:      83176 bytes,    3585536 total
[2020-03-02T08:28:24.367+0000][1][gc,age       ] GC(33) - age   4:     558856 bytes,    4144392 total
[2020-03-02T08:28:24.367+0000][1][gc,heap      ] GC(33) ParNew: 76672K->4571K(76672K)
[2020-03-02T08:28:24.367+0000][1][gc,heap      ] GC(33) CMS: 58452K->61877K(963392K)
[2020-03-02T08:28:24.367+0000][1][gc,metaspace ] GC(33) Metaspace: 80257K->80257K(1124352K)
[2020-03-02T08:28:24.367+0000][1][gc           ] GC(33) Pause Young (Allocation Failure) 131M->64M(1015M) 2184.397ms
[2020-03-02T08:28:24.367+0000][1][gc,cpu       ] GC(33) User=0.04s Sys=0.05s Real=2.19s
[2020-03-02T08:28:24.367+0000][1][safepoint    ] Safepoint "GenCollectForAllocation", Time since last: 11251071 ns, Reaching safepoint: 133827 ns, At safepoint: 2184452926 ns, Total: 2184586753 ns
[2020-03-02T08:28:25.368+0000][1][safepoint    ] Safepoint "Cleanup", Time since last: 1000089643 ns, Reaching safepoint: 93860 ns, At safepoint: 8628 ns, Total: 102488 ns
[2020-03-02T08:28:26.368+0000][1][safepoint    ] Safepoint "Cleanup", Time since last: 1000128320 ns, Reaching safepoint: 83758 ns, At safepoint: 7030 ns, Total: 90788 ns
[2020-03-02T08:28:27.369+0000][1][safepoint    ] Safepoint "Cleanup", Time since last: 1000444845 ns, Reaching safepoint: 250200 ns, At safepoint: 68350 ns, Total: 318550 ns
[2020-03-02T08:28:28.371+0000][1][safepoint    ] Safepoint "Cleanup", Time since last: 1001978703 ns, Reaching safepoint: 572868 ns, At safepoint: 16323 ns, Total: 589191 ns
[2020-03-02T08:28:29.372+0000][1][safepoint    ] Safepoint "Cleanup", Time since last: 1000482588 ns, Reaching safepoint: 82220 ns, At safepoint: 8431 ns, Total: 90651 ns
[2020-03-02T08:28:30.374+0000][1][safepoint    ] Safepoint "Cleanup", Time since last: 1001767497 ns, Reaching safepoint: 100100 ns, At safepoint: 13731 ns, Total: 113831 ns
[2020-03-02T08:28:31.375+0000][1][safepoint    ] Safepoint "Cleanup", Time since last: 1000961335 ns, Reaching safepoint: 170484 ns, At safepoint: 16885 ns, Total: 187369 ns
[2020-03-02T08:28:32.377+0000][1][safepoint    ] Safepoint "Cleanup", Time since last: 1002249502 ns, Reaching safepoint: 237987 ns, At safepoint: 79099 ns, Total: 317086 ns
[2020-03-02T08:28:33.384+0000][1][safepoint    ] Safepoint "Cleanup", Time since last: 1006369752 ns, Reaching safepoint: 84716 ns, At safepoint: 18920 ns, Total: 103636 ns
[2020-03-02T08:28:34.387+0000][1][safepoint    ] Safepoint "Cleanup", Time since last: 1002802443 ns, Reaching safepoint: 114792 ns, At safepoint: 9251 ns, Total: 124043 ns
[2020-03-02T08:28:35.406+0000][1][safepoint    ] Safepoint "Cleanup", Time since last: 1019003567 ns, Reaching safepoint: 312167 ns, At safepoint: 15008 ns, Total: 327175 ns
[2020-03-02T08:28:36.409+0000][1][safepoint    ] Safepoint "Cleanup", Time since last: 1003157469 ns, Reaching safepoint: 208542 ns, At safepoint: 34711 ns, Total: 243253 ns
[2020-03-02T08:28:37.411+0000][1][safepoint    ] Safepoint "Cleanup", Time since last: 1001535833 ns, Reaching safepoint: 108343 ns, At safepoint: 8529 ns, Total: 116872 ns
[2020-03-02T08:28:38.412+0000][1][safepoint    ] Safepoint "Cleanup", Time since last: 1000604515 ns, Reaching safepoint: 183296 ns, At safepoint: 33119 ns, Total: 216415 ns
[2020-03-02T08:28:39.413+0000][1][safepoint    ] Safepoint "Cleanup", Time since last: 1000909614 ns, Reaching safepoint: 88587 ns, At safepoint: 8762 ns, Total: 97349 ns
[2020-03-02T08:28:40.417+0000][1][safepoint    ] Safepoint "Cleanup", Time since last: 1003976303 ns, Reaching safepoint: 74476 ns, At safepoint: 9110 ns, Total: 83586 ns
[2020-03-02T08:28:41.419+0000][1][safepoint    ] Safepoint "Cleanup", Time since last: 1001620130 ns, Reaching safepoint: 67751 ns, At safepoint: 8199 ns, Total: 75950 ns
[2020-03-02T08:28:42.423+0000][1][safepoint    ] Safepoint "Cleanup", Time since last: 1004273272 ns, Reaching safepoint: 87066 ns, At safepoint: 10475 ns, Total: 97541 ns
[2020-03-02T08:28:43.427+0000][1][safepoint    ] Safepoint "Cleanup", Time since last: 1003834125 ns, Reaching safepoint: 88240 ns, At safepoint: 8460 ns, Total: 96700 ns
[2020-03-02T08:28:44.430+0000][1][safepoint    ] Safepoint "Cleanup", Time since last: 1002834150 ns, Reaching safepoint: 92074 ns, At safepoint: 9579 ns, Total: 101653 ns
[2020-03-02T08:28:45.436+0000][1][safepoint    ] Safepoint "Cleanup", Time since last: 1005852982 ns, Reaching safepoint: 87783 ns, At safepoint: 17001 ns, Total: 104784 ns
[2020-03-02T08:28:46.439+0000][1][safepoint    ] Safepoint "Cleanup", Time since last: 1002776485 ns, Reaching safepoint: 187687 ns, At safepoint: 31158 ns, Total: 218845 ns
[2020-03-02T08:28:47.439+0000][1][safepoint    ] Safepoint "Cleanup", Time since last: 1000333294 ns, Reaching safepoint: 114146 ns, At safepoint: 15518 ns, Total: 129664 ns
[2020-03-02T08:28:48.444+0000][1][safepoint    ] Safepoint "Cleanup", Time since last: 1004400956 ns, Reaching safepoint: 82975 ns, At safepoint: 8398 ns, Total: 91373 ns
[2020-03-02T08:28:49.446+0000][1][safepoint    ] Safepoint "Cleanup", Time since last: 1002110225 ns, Reaching safepoint: 116695 ns, At safepoint: 11720 ns, Total: 128415 ns
[2020-03-02T08:28:50.448+0000][1][safepoint    ] Safepoint "Cleanup", Time since last: 1001574008 ns, Reaching safepoint: 84767 ns, At safepoint: 9453 ns, Total: 94220 ns
[2020-03-02T08:28:51.449+0000][1][safepoint    ] Safepoint "Cleanup", Time since last: 1001126390 ns, Reaching safepoint: 89203 ns, At safepoint: 7321 ns, Total: 96524 ns
[2020-03-02T08:28:52.455+0000][1][safepoint    ] Safepoint "Cleanup", Time since last: 1005686556 ns, Reaching safepoint: 74797 ns, At safepoint: 10270 ns, Total: 85067 ns
[2020-03-02T08:28:53.456+0000][1][safepoint    ] Safepoint "Cleanup", Time since last: 1001029651 ns, Reaching safepoint: 202120 ns, At safepoint: 29928 ns, Total: 232048 ns
[2020-03-02T08:28:54.459+0000][1][safepoint    ] Safepoint "Cleanup", Time since last: 1002708710 ns, Reaching safepoint: 103292 ns, At safepoint: 13427 ns, Total: 116719 ns
[2020-03-02T08:28:55.462+0000][1][safepoint    ] Safepoint "Cleanup", Time since last: 1003104625 ns, Reaching safepoint: 141237 ns, At safepoint: 26591 ns, Total: 167828 ns
[2020-03-02T08:28:56.470+0000][1][safepoint    ] Safepoint "Cleanup", Time since last: 1007867193 ns, Reaching safepoint: 106199 ns, At safepoint: 10171 ns, Total: 116370 ns
[2020-03-02T08:28:57.471+0000][1][safepoint    ] Safepoint "Cleanup", Time since last: 1000540070 ns, Reaching safepoint: 88642 ns, At safepoint: 12699 ns, Total: 101341 ns
[2020-03-02T08:28:58.476+0000][1][safepoint    ] Safepoint "Cleanup", Time since last: 1005142302 ns, Reaching safepoint: 112082 ns, At safepoint: 9703 ns, Total: 121785 ns
[2020-03-02T08:28:59.482+0000][1][safepoint    ] Safepoint "Cleanup", Time since last: 1006044211 ns, Reaching safepoint: 94284 ns, At safepoint: 9967 ns, Total: 104251 ns
[2020-03-02T08:29:00.483+0000][1][safepoint    ] Safepoint "Cleanup", Time since last: 1000715645 ns, Reaching safepoint: 85708 ns, At safepoint: 8620 ns, Total: 94328 ns
[2020-03-02T08:29:01.485+0000][1][safepoint    ] Safepoint "Cleanup", Time since last: 1002028825 ns, Reaching safepoint: 85714 ns, At safepoint: 9297 ns, Total: 95011 ns
[2020-03-02T08:29:02.486+0000][1][safepoint    ] Safepoint "Cleanup", Time since last: 1000897082 ns, Reaching safepoint: 87537 ns, At safepoint: 9170 ns, Total: 96707 ns
[2020-03-02T08:29:03.488+0000][1][safepoint    ] Safepoint "Cleanup", Time since last: 1001489196 ns, Reaching safepoint: 130291 ns, At safepoint: 52003 ns, Total: 182294 ns
[2020-03-02T08:29:04.490+0000][1][safepoint    ] Safepoint "Cleanup", Time since last: 1002256981 ns, Reaching safepoint: 67728 ns, At safepoint: 7368 ns, Total: 75096 ns
[2020-03-02T08:29:05.500+0000][1][safepoint    ] Safepoint "Cleanup", Time since last: 1009663989 ns, Reaching safepoint: 82317 ns, At safepoint: 7739 ns, Total: 90056 ns
[2020-03-02T08:29:06.501+0000][1][safepoint    ] Safepoint "Cleanup", Time since last: 1000728373 ns, Reaching safepoint: 104971 ns, At safepoint: 8257 ns, Total: 113228 ns
[2020-03-02T08:29:07.502+0000][1][safepoint    ] Safepoint "Cleanup", Time since last: 1000883459 ns, Reaching safepoint: 114114 ns, At safepoint: 7646 ns, Total: 121760 ns
[2020-03-02T08:29:08.502+0000][1][safepoint    ] Safepoint "Cleanup", Time since last: 1000282792 ns, Reaching safepoint: 201831 ns, At safepoint: 35260 ns, Total: 237091 ns
[2020-03-02T08:29:09.506+0000][1][safepoint    ] Safepoint "Cleanup", Time since last: 1003497764 ns, Reaching safepoint: 137305 ns, At safepoint: 31982 ns, Total: 169287 ns
[2020-03-02T08:29:10.507+0000][1][safepoint    ] Safepoint "Cleanup", Time since last: 1000797559 ns, Reaching safepoint: 92738 ns, At safepoint: 9513 ns, Total: 102251 ns
[2020-03-02T08:29:11.508+0000][1][safepoint    ] Safepoint "Cleanup", Time since last: 1001053833 ns, Reaching safepoint: 94852 ns, At safepoint: 10020 ns, Total: 104872 ns
[2020-03-02T08:29:12.510+0000][1][safepoint    ] Safepoint "Cleanup", Time since last: 1001696518 ns, Reaching safepoint: 70840 ns, At safepoint: 8949 ns, Total: 79789 ns
[2020-03-02T08:29:13.515+0000][1][safepoint    ] Safepoint "Cleanup", Time since last: 1004838110 ns, Reaching safepoint: 87920 ns, At safepoint: 8695 ns, Total: 96615 ns
[2020-03-02T08:29:14.516+0000][1][safepoint    ] Safepoint "Cleanup", Time since last: 1000907477 ns, Reaching safepoint: 154912 ns, At safepoint: 9100 ns, Total: 164012 ns
[2020-03-02T08:29:15.519+0000][1][safepoint    ] Safepoint "Cleanup", Time since last: 1002749559 ns, Reaching safepoint: 146622 ns, At safepoint: 14984 ns, Total: 161606 ns
[2020-03-02T08:29:16.519+0000][1][safepoint    ] Safepoint "Cleanup", Time since last: 1000784825 ns, Reaching safepoint: 116049 ns, At safepoint: 14225 ns, Total: 130274 ns
[2020-03-02T08:29:17.521+0000][1][safepoint    ] Safepoint "Cleanup", Time since last: 1001016834 ns, Reaching safepoint: 100571 ns, At safepoint: 10353 ns, Total: 110924 ns
[2020-03-02T08:29:18.523+0000][1][safepoint    ] Safepoint "Cleanup", Time since last: 1002004912 ns, Reaching safepoint: 98032 ns, At safepoint: 10132 ns, Total: 108164 ns
[2020-03-02T08:29:19.525+0000][1][safepoint    ] Safepoint "Cleanup", Time since last: 1001968879 ns, Reaching safepoint: 105559 ns, At safepoint: 9148 ns, Total: 114707 ns
[2020-03-02T08:29:20.527+0000][1][safepoint    ] Safepoint "Cleanup", Time since last: 1001970637 ns, Reaching safepoint: 97645 ns, At safepoint: 10234 ns, Total: 107879 ns
[2020-03-02T08:29:21.528+0000][1][safepoint    ] Safepoint "Cleanup", Time since last: 1000861651 ns, Reaching safepoint: 169771 ns, At safepoint: 31160 ns, Total: 200931 ns
[2020-03-02T08:29:22.529+0000][1][safepoint    ] Safepoint "Cleanup", Time since last: 1000720385 ns, Reaching safepoint: 111206 ns, At safepoint: 9497 ns, Total: 120703 ns
[2020-03-02T08:29:23.531+0000][1][safepoint    ] Safepoint "Cleanup", Time since last: 1001931437 ns, Reaching safepoint: 152733 ns, At safepoint: 9345 ns, Total: 162078 ns
[2020-03-02T08:29:24.535+0000][1][safepoint    ] Safepoint "Cleanup", Time since last: 1003614112 ns, Reaching safepoint: 104432 ns, At safepoint: 12142 ns, Total: 116574 ns
[2020-03-02T08:29:25.536+0000][1][safepoint    ] Safepoint "Cleanup", Time since last: 1001013790 ns, Reaching safepoint: 196915 ns, At safepoint: 11909 ns, Total: 208824 ns
[2020-03-02T08:29:26.538+0000][1][safepoint    ] Safepoint "Cleanup", Time since last: 1001797932 ns, Reaching safepoint: 135079 ns, At safepoint: 9470 ns, Total: 144549 ns
[2020-03-02T08:29:27.540+0000][1][safepoint    ] Safepoint "Cleanup", Time since last: 1002007448 ns, Reaching safepoint: 158377 ns, At safepoint: 9118 ns, Total: 167495 ns
[2020-03-02T08:29:28.541+0000][1][safepoint    ] Safepoint "Cleanup", Time since last: 1000904103 ns, Reaching safepoint: 69687 ns, At safepoint: 17055 ns, Total: 86742 ns
[2020-03-02T08:29:29.542+0000][1][safepoint    ] Safepoint "Cleanup", Time since last: 1000431946 ns, Reaching safepoint: 167130 ns, At safepoint: 9062 ns, Total: 176192 ns
[2020-03-02T08:29:30.551+0000][1][safepoint    ] Safepoint "Cleanup", Time since last: 1008948037 ns, Reaching safepoint: 96914 ns, At safepoint: 10932 ns, Total: 107846 ns
[2020-03-02T08:29:31.555+0000][1][safepoint    ] Safepoint "Cleanup", Time since last: 1003939524 ns, Reaching safepoint: 88507 ns, At safepoint: 9316 ns, Total: 97823 ns
[2020-03-02T08:29:32.557+0000][1][safepoint    ] Safepoint "Cleanup", Time since last: 1002074950 ns, Reaching safepoint: 86892 ns, At safepoint: 8689 ns, Total: 95581 ns
[2020-03-02T08:29:33.558+0000][1][safepoint    ] Safepoint "Cleanup", Time since last: 1001562752 ns, Reaching safepoint: 113247 ns, At safepoint: 8353 ns, Total: 121600 ns
[2020-03-02T08:29:34.560+0000][1][safepoint    ] Safepoint "Cleanup", Time since last: 1001099366 ns, Reaching safepoint: 86698 ns, At safepoint: 8942 ns, Total: 95640 ns
[2020-03-02T08:29:35.565+0000][1][safepoint    ] Safepoint "Cleanup", Time since last: 1004936340 ns, Reaching safepoint: 101253 ns, At safepoint: 13442 ns, Total: 114695 ns
[2020-03-02T08:29:36.566+0000][1][safepoint    ] Safepoint "Cleanup", Time since last: 1000760256 ns, Reaching safepoint: 193027 ns, At safepoint: 11024 ns, Total: 204051 ns
[2020-03-02T08:29:37.566+0000][1][safepoint    ] Safepoint "Cleanup", Time since last: 1000250310 ns, Reaching safepoint: 107025 ns, At safepoint: 13181 ns, Total: 120206 ns
[2020-03-02T08:29:38.567+0000][1][safepoint    ] Safepoint "Cleanup", Time since last: 1000791885 ns, Reaching safepoint: 129124 ns, At safepoint: 9750 ns, Total: 138874 ns
[2020-03-02T08:29:39.569+0000][1][safepoint    ] Safepoint "Cleanup", Time since last: 1001821979 ns, Reaching safepoint: 132044 ns, At safepoint: 9314 ns, Total: 141358 ns
[2020-03-02T08:29:40.571+0000][1][safepoint    ] Safepoint "Cleanup", Time since last: 1001736993 ns, Reaching safepoint: 66914 ns, At safepoint: 8555 ns, Total: 75469 ns
[2020-03-02T08:29:41.572+0000][1][safepoint    ] Safepoint "Cleanup", Time since last: 1000925151 ns, Reaching safepoint: 66076 ns, At safepoint: 8508 ns, Total: 74584 ns
[2020-03-02T08:29:42.643+0000][1][safepoint    ] Safepoint "Cleanup", Time since last: 1007325262 ns, Reaching safepoint: 63439890 ns, At safepoint: 33651 ns, Total: 63473541 ns
[2020-03-02T08:29:43.646+0000][1][safepoint    ] Safepoint "Cleanup", Time since last: 1002896478 ns, Reaching safepoint: 188453 ns, At safepoint: 10487 ns, Total: 198940 ns
[2020-03-02T08:29:44.649+0000][1][safepoint    ] Safepoint "Cleanup", Time since last: 1003125152 ns, Reaching safepoint: 71281 ns, At safepoint: 8306 ns, Total: 79587 ns
[2020-03-02T08:29:45.650+0000][1][safepoint    ] Safepoint "Cleanup", Time since last: 1000885085 ns, Reaching safepoint: 63388 ns, At safepoint: 7320 ns, Total: 70708 ns
[2020-03-02T08:29:46.653+0000][1][safepoint    ] Safepoint "Cleanup", Time since last: 1002612454 ns, Reaching safepoint: 84429 ns, At safepoint: 8987 ns, Total: 93416 ns
[2020-03-02T08:29:47.653+0000][1][safepoint    ] Safepoint "Cleanup", Time since last: 1000243515 ns, Reaching safepoint: 134983 ns, At safepoint: 30636 ns, Total: 165619 ns
[2020-03-02T08:29:48.655+0000][1][safepoint    ] Safepoint "Cleanup", Time since last: 1001891778 ns, Reaching safepoint: 68024 ns, At safepoint: 8654 ns, Total: 76678 ns
[2020-03-02T08:29:48.836+0000][1][safepoint    ] Safepoint "RevokeBias", Time since last: 180999829 ns, Reaching safepoint: 78847 ns, At safepoint: 21136 ns, Total: 99983 ns
[2020-03-02T08:29:49.839+0000][1][safepoint    ] Safepoint "Cleanup", Time since last: 1003112807 ns, Reaching safepoint: 100265 ns, At safepoint: 8288 ns, Total: 108553 ns
[2020-03-02T08:29:50.842+0000][1][safepoint    ] Safepoint "Cleanup", Time since last: 1003105665 ns, Reaching safepoint: 144704 ns, At safepoint: 28821 ns, Total: 173525 ns
[2020-03-02T08:29:51.844+0000][1][safepoint    ] Safepoint "Cleanup", Time since last: 1001379853 ns, Reaching safepoint: 62578 ns, At safepoint: 7558 ns, Total: 70136 ns
[2020-03-02T08:29:52.844+0000][1][safepoint    ] Safepoint "Cleanup", Time since last: 1000416447 ns, Reaching safepoint: 113765 ns, At safepoint: 9030 ns, Total: 122795 ns
[2020-03-02T08:29:53.853+0000][1][safepoint    ] Safepoint "Cleanup", Time since last: 1008017291 ns, Reaching safepoint: 87034 ns, At safepoint: 10047 ns, Total: 97081 ns
[2020-03-02T08:29:54.860+0000][1][safepoint    ] Safepoint "Cleanup", Time since last: 1007038622 ns, Reaching safepoint: 67588 ns, At safepoint: 9416 ns, Total: 77004 ns
[2020-03-02T08:29:55.865+0000][1][safepoint    ] Safepoint "Cleanup", Time since last: 1004847988 ns, Reaching safepoint: 87154 ns, At safepoint: 9729 ns, Total: 96883 ns
[2020-03-02T08:29:56.869+0000][1][safepoint    ] Safepoint "Cleanup", Time since last: 1004019166 ns, Reaching safepoint: 86953 ns, At safepoint: 9751 ns, Total: 96704 ns
[2020-03-02T08:29:57.869+0000][1][safepoint    ] Safepoint "Cleanup", Time since last: 1000589145 ns, Reaching safepoint: 101498 ns, At safepoint: 8400 ns, Total: 109898 ns
[2020-03-02T08:29:58.875+0000][1][safepoint    ] Safepoint "Cleanup", Time since last: 1005646653 ns, Reaching safepoint: 93529 ns, At safepoint: 8964 ns, Total: 102493 ns
[2020-03-02T08:29:59.876+0000][1][safepoint    ] Safepoint "Cleanup", Time since last: 1001157865 ns, Reaching safepoint: 94634 ns, At safepoint: 9016 ns, Total: 103650 ns
[2020-03-02T08:30:00.878+0000][1][safepoint    ] Safepoint "Cleanup", Time since last: 1001033841 ns, Reaching safepoint: 155935 ns, At safepoint: 26136 ns, Total: 182071 ns
[2020-03-02T08:30:01.883+0000][1][safepoint    ] Safepoint "Cleanup", Time since last: 1005193570 ns, Reaching safepoint: 101413 ns, At safepoint: 18849 ns, Total: 120262 ns
[2020-03-02T08:30:02.886+0000][1][safepoint    ] Safepoint "Cleanup", Time since last: 1002709290 ns, Reaching safepoint: 91459 ns, At safepoint: 9606 ns, Total: 101065 ns
[2020-03-02T08:30:03.806+0000][1][safepoint    ] Safepoint "RevokeBias", Time since last: 920223290 ns, Reaching safepoint: 71185 ns, At safepoint: 22906 ns, Total: 94091 ns
[2020-03-02T08:30:04.811+0000][1][safepoint    ] Safepoint "Cleanup", Time since last: 1004871962 ns, Reaching safepoint: 93254 ns, At safepoint: 9308 ns, Total: 102562 ns
[2020-03-02T08:30:05.813+0000][1][safepoint    ] Safepoint "Cleanup", Time since last: 1001818999 ns, Reaching safepoint: 67027 ns, At safepoint: 8473 ns, Total: 75500 ns
[2020-03-02T08:30:06.814+0000][1][safepoint    ] Safepoint "Cleanup", Time since last: 1000560635 ns, Reaching safepoint: 88677 ns, At safepoint: 8483 ns, Total: 97160 ns
[2020-03-02T08:30:07.825+0000][1][safepoint    ] Safepoint "Cleanup", Time since last: 1010817350 ns, Reaching safepoint: 148494 ns, At safepoint: 9572 ns, Total: 158066 ns
[2020-03-02T08:30:08.825+0000][1][safepoint    ] Safepoint "Cleanup", Time since last: 1000249218 ns, Reaching safepoint: 113992 ns, At safepoint: 13247 ns, Total: 127239 ns
[2020-03-02T08:30:09.826+0000][1][safepoint    ] Safepoint "Cleanup", Time since last: 1000547601 ns, Reaching safepoint: 86088 ns, At safepoint: 10021 ns, Total: 96109 ns
[2020-03-02T08:30:10.826+0000][1][safepoint    ] Safepoint "Cleanup", Time since last: 1000546914 ns, Reaching safepoint: 87686 ns, At safepoint: 8725 ns, Total: 96411 ns
[2020-03-02T08:30:11.828+0000][1][safepoint    ] Safepoint "Cleanup", Time since last: 1001214702 ns, Reaching safepoint: 100605 ns, At safepoint: 9790 ns, Total: 110395 ns
[2020-03-02T08:30:12.828+0000][1][safepoint    ] Safepoint "Cleanup", Time since last: 1000360918 ns, Reaching safepoint: 118532 ns, At safepoint: 9541 ns, Total: 128073 ns
[2020-03-02T08:30:13.830+0000][1][safepoint    ] Safepoint "Cleanup", Time since last: 1001881203 ns, Reaching safepoint: 95479 ns, At safepoint: 8478 ns, Total: 103957 ns
[2020-03-02T08:30:14.833+0000][1][safepoint    ] Safepoint "Cleanup", Time since last: 1002521271 ns, Reaching safepoint: 118311 ns, At safepoint: 10855 ns, Total: 129166 ns
[2020-03-02T08:30:15.833+0000][1][safepoint    ] Safepoint "Cleanup", Time since last: 1000603361 ns, Reaching safepoint: 100891 ns, At safepoint: 9494 ns, Total: 110385 ns
[2020-03-02T08:30:16.840+0000][1][safepoint    ] Safepoint "Cleanup", Time since last: 1005806077 ns, Reaching safepoint: 91532 ns, At safepoint: 135223 ns, Total: 226755 ns
[2020-03-02T08:30:17.842+0000][1][safepoint    ] Safepoint "Cleanup", Time since last: 1002502919 ns, Reaching safepoint: 127274 ns, At safepoint: 9676 ns, Total: 136950 ns
[2020-03-02T08:30:18.843+0000][1][safepoint    ] Safepoint "Cleanup", Time since last: 1000542580 ns, Reaching safepoint: 100889 ns, At safepoint: 9646 ns, Total: 110535 ns
[2020-03-02T08:30:19.846+0000][1][safepoint    ] Safepoint "Cleanup", Time since last: 1002621575 ns, Reaching safepoint: 187882 ns, At safepoint: 11700 ns, Total: 199582 ns
[2020-03-02T08:30:20.846+0000][1][safepoint    ] Safepoint "Cleanup", Time since last: 1000245453 ns, Reaching safepoint: 88686 ns, At safepoint: 9513 ns, Total: 98199 ns
[2020-03-02T08:30:21.847+0000][1][safepoint    ] Safepoint "Cleanup", Time since last: 1000487081 ns, Reaching safepoint: 90865 ns, At safepoint: 10895 ns, Total: 101760 ns
[2020-03-02T08:30:22.847+0000][1][safepoint    ] Safepoint "Cleanup", Time since last: 1000229265 ns, Reaching safepoint: 99776 ns, At safepoint: 7823 ns, Total: 107599 ns
[2020-03-02T08:30:23.847+0000][1][safepoint    ] Safepoint "Cleanup", Time since last: 1000305043 ns, Reaching safepoint: 91007 ns, At safepoint: 9263 ns, Total: 100270 ns
[2020-03-02T08:30:24.850+0000][1][safepoint    ] Safepoint "Cleanup", Time since last: 1002129987 ns, Reaching safepoint: 88667 ns, At safepoint: 8924 ns, Total: 97591 ns
[2020-03-02T08:30:25.853+0000][1][safepoint    ] Safepoint "Cleanup", Time since last: 1002976818 ns, Reaching safepoint: 90438 ns, At safepoint: 9366 ns, Total: 99804 ns
[2020-03-02T08:30:26.831+0000][1][gc,start     ] GC(34) Pause Young (Allocation Failure)
[2020-03-02T08:30:26.831+0000][1][gc,task      ] GC(34) Using 1 workers of 1 for evacuation
[2020-03-02T08:30:26.848+0000][1][gc,age       ] GC(34) Desired survivor size 4358144 bytes, new threshold 6 (max threshold 6)
[2020-03-02T08:30:26.848+0000][1][gc,age       ] GC(34) Age table with threshold 6 (max threshold 6)
[2020-03-02T08:30:26.848+0000][1][gc,age       ] GC(34) - age   1:      64232 bytes,      64232 total
[2020-03-02T08:30:26.848+0000][1][gc,age       ] GC(34) - age   2:       9152 bytes,      73384 total
[2020-03-02T08:30:26.848+0000][1][gc,age       ] GC(34) - age   3:    3464928 bytes,    3538312 total
[2020-03-02T08:30:26.848+0000][1][gc,age       ] GC(34) - age   4:      83176 bytes,    3621488 total
[2020-03-02T08:30:26.848+0000][1][gc,age       ] GC(34) - age   5:     558856 bytes,    4180344 total
[2020-03-02T08:30:26.848+0000][1][gc,heap      ] GC(34) ParNew: 72731K->4178K(76672K)
[2020-03-02T08:30:26.848+0000][1][gc,heap      ] GC(34) CMS: 61877K->61877K(963392K)
[2020-03-02T08:30:26.848+0000][1][gc,metaspace ] GC(34) Metaspace: 80425K->80425K(1124352K)
[2020-03-02T08:30:26.848+0000][1][gc           ] GC(34) Pause Young (Allocation Failure) 131M->64M(1015M) 17.178ms
[2020-03-02T08:30:26.848+0000][1][gc,cpu       ] GC(34) User=0.01s Sys=0.00s Real=0.02s
[2020-03-02T08:30:26.848+0000][1][safepoint    ] Safepoint "GenCollectForAllocation", Time since last: 977987561 ns, Reaching safepoint: 80928 ns, At safepoint: 17263337 ns, Total: 17344265 ns
[2020-03-02T08:30:27.849+0000][1][safepoint    ] Safepoint "Cleanup", Time since last: 1000529433 ns, Reaching safepoint: 95631 ns, At safepoint: 8911 ns, Total: 104542 ns
[2020-03-02T08:30:28.857+0000][1][safepoint    ] Safepoint "Cleanup", Time since last: 1008088348 ns, Reaching safepoint: 167721 ns, At safepoint: 11281 ns, Total: 179002 ns
[2020-03-02T08:30:29.858+0000][1][safepoint    ] Safepoint "Cleanup", Time since last: 1000811073 ns, Reaching safepoint: 94116 ns, At safepoint: 8649 ns, Total: 102765 ns
[2020-03-02T08:30:30.858+0000][1][safepoint    ] Safepoint "Cleanup", Time since last: 1000133100 ns, Reaching safepoint: 102451 ns, At safepoint: 7764 ns, Total: 110215 ns
[2020-03-02T08:30:31.862+0000][1][safepoint    ] Safepoint "Cleanup", Time since last: 1003786827 ns, Reaching safepoint: 203746 ns, At safepoint: 10909 ns, Total: 214655 ns
[2020-03-02T08:30:32.863+0000][1][safepoint    ] Safepoint "Cleanup", Time since last: 1000849730 ns, Reaching safepoint: 87157 ns, At safepoint: 8378 ns, Total: 95535 ns
[2020-03-02T08:30:33.863+0000][1][safepoint    ] Safepoint "Cleanup", Time since last: 1000284772 ns, Reaching safepoint: 161484 ns, At safepoint: 9392 ns, Total: 170876 ns
[2020-03-02T08:30:34.867+0000][1][safepoint    ] Safepoint "Cleanup", Time since last: 1003682195 ns, Reaching safepoint: 105845 ns, At safepoint: 8999 ns, Total: 114844 ns
[2020-03-02T08:30:35.868+0000][1][safepoint    ] Safepoint "Cleanup", Time since last: 1000709515 ns, Reaching safepoint: 90374 ns, At safepoint: 10331 ns, Total: 100705 ns
[2020-03-02T08:30:36.869+0000][1][safepoint    ] Safepoint "Cleanup", Time since last: 1001213986 ns, Reaching safepoint: 107323 ns, At safepoint: 8751 ns, Total: 116074 ns
[2020-03-02T08:30:37.870+0000][1][safepoint    ] Safepoint "Cleanup", Time since last: 1000180450 ns, Reaching safepoint: 96786 ns, At safepoint: 9528 ns, Total: 106314 ns
[2020-03-02T08:30:38.877+0000][1][safepoint    ] Safepoint "Cleanup", Time since last: 1007223408 ns, Reaching safepoint: 88845 ns, At safepoint: 8903 ns, Total: 97748 ns
[2020-03-02T08:30:39.879+0000][1][safepoint    ] Safepoint "Cleanup", Time since last: 1002129669 ns, Reaching safepoint: 125138 ns, At safepoint: 9938 ns, Total: 135076 ns
[2020-03-02T08:30:40.882+0000][1][safepoint    ] Safepoint "Cleanup", Time since last: 1002379664 ns, Reaching safepoint: 93529 ns, At safepoint: 9069 ns, Total: 102598 ns
[2020-03-02T08:30:41.882+0000][1][safepoint    ] Safepoint "Cleanup", Time since last: 1000547112 ns, Reaching safepoint: 97928 ns, At safepoint: 10329 ns, Total: 108257 ns
[2020-03-02T08:30:42.883+0000][1][safepoint    ] Safepoint "Cleanup", Time since last: 1000413578 ns, Reaching safepoint: 87027 ns, At safepoint: 10382 ns, Total: 97409 ns
[2020-03-02T08:30:43.889+0000][1][safepoint    ] Safepoint "Cleanup", Time since last: 1006389618 ns, Reaching safepoint: 96779 ns, At safepoint: 9433 ns, Total: 106212 ns
[2020-03-02T08:30:44.891+0000][1][safepoint    ] Safepoint "Cleanup", Time since last: 1001101172 ns, Reaching safepoint: 118701 ns, At safepoint: 10995 ns, Total: 129696 ns
[2020-03-02T08:30:45.891+0000][1][safepoint    ] Safepoint "Cleanup", Time since last: 1000793067 ns, Reaching safepoint: 95818 ns, At safepoint: 9238 ns, Total: 105056 ns
[2020-03-02T08:30:46.987+0000][1][safepoint    ] Safepoint "Cleanup", Time since last: 1095583240 ns, Reaching safepoint: 111625 ns, At safepoint: 8172 ns, Total: 119797 ns
[2020-03-02T08:30:47.988+0000][1][safepoint    ] Safepoint "Cleanup", Time since last: 1000202073 ns, Reaching safepoint: 107293 ns, At safepoint: 9795 ns, Total: 117088 ns
[2020-03-02T08:30:48.988+0000][1][safepoint    ] Safepoint "Cleanup", Time since last: 1000396202 ns, Reaching safepoint: 151184 ns, At safepoint: 8154 ns, Total: 159338 ns
[2020-03-02T08:30:49.989+0000][1][safepoint    ] Safepoint "Cleanup", Time since last: 1000553018 ns, Reaching safepoint: 122930 ns, At safepoint: 8960 ns, Total: 131890 ns
[2020-03-02T08:30:50.994+0000][1][safepoint    ] Safepoint "Cleanup", Time since last: 1005123275 ns, Reaching safepoint: 84772 ns, At safepoint: 8054 ns, Total: 92826 ns
[2020-03-02T08:30:51.994+0000][1][safepoint    ] Safepoint "Cleanup", Time since last: 1000435385 ns, Reaching safepoint: 99223 ns, At safepoint: 8784 ns, Total: 108007 ns
[2020-03-02T08:30:52.995+0000][1][safepoint    ] Safepoint "Cleanup", Time since last: 1000497730 ns, Reaching safepoint: 181177 ns, At safepoint: 10060 ns, Total: 191237 ns
[2020-03-02T08:30:53.996+0000][1][safepoint    ] Safepoint "Cleanup", Time since last: 1000406855 ns, Reaching safepoint: 92873 ns, At safepoint: 12634 ns, Total: 105507 ns
[2020-03-02T08:30:54.996+0000][1][safepoint    ] Safepoint "Cleanup", Time since last: 1000532656 ns, Reaching safepoint: 86919 ns, At safepoint: 9102 ns, Total: 96021 ns
[2020-03-02T08:30:55.997+0000][1][safepoint    ] Safepoint "Cleanup", Time since last: 1000484227 ns, Reaching safepoint: 119296 ns, At safepoint: 11156 ns, Total: 130452 ns
[2020-03-02T08:30:56.998+0000][1][safepoint    ] Safepoint "Cleanup", Time since last: 1000616045 ns, Reaching safepoint: 93448 ns, At safepoint: 9057 ns, Total: 102505 ns
[2020-03-02T08:30:57.998+0000][1][safepoint    ] Safepoint "Cleanup", Time since last: 1000224395 ns, Reaching safepoint: 121571 ns, At safepoint: 9550 ns, Total: 131121 ns
[2020-03-02T08:30:58.998+0000][1][safepoint    ] Safepoint "Cleanup", Time since last: 1000183861 ns, Reaching safepoint: 147666 ns, At safepoint: 20906 ns, Total: 168572 ns
[2020-03-02T08:30:59.999+0000][1][safepoint    ] Safepoint "Cleanup", Time since last: 1000252772 ns, Reaching safepoint: 87970 ns, At safepoint: 9278 ns, Total: 97248 ns
[2020-03-02T08:31:01.000+0000][1][safepoint    ] Safepoint "Cleanup", Time since last: 1001128459 ns, Reaching safepoint: 86088 ns, At safepoint: 15780 ns, Total: 101868 ns
[2020-03-02T08:31:02.008+0000][1][safepoint    ] Safepoint "Cleanup", Time since last: 1001952220 ns, Reaching safepoint: 5870979 ns, At safepoint: 12255 ns, Total: 5883234 ns
[2020-03-02T08:31:02.157+0000][1][safepoint    ] Safepoint "BulkRevokeBias", Time since last: 105361400 ns, Reaching safepoint: 110159 ns, At safepoint: 43687015 ns, Total: 43797174 ns
[2020-03-02T08:31:02.280+0000][1][safepoint    ] Safepoint "RevokeBias", Time since last: 112943905 ns, Reaching safepoint: 9984850 ns, At safepoint: 35420 ns, Total: 10020270 ns
[2020-03-02T08:31:02.522+0000][1][safepoint    ] Safepoint "RevokeBias", Time since last: 241882273 ns, Reaching safepoint: 105494 ns, At safepoint: 39599 ns, Total: 145093 ns
[2020-03-02T08:31:02.522+0000][1][safepoint    ] Safepoint "RevokeBias", Time since last: 276919 ns, Reaching safepoint: 38005 ns, At safepoint: 15998 ns, Total: 54003 ns
[2020-03-02T08:31:02.671+0000][1][safepoint    ] Safepoint "RevokeBias", Time since last: 148218899 ns, Reaching safepoint: 84875 ns, At safepoint: 21820 ns, Total: 106695 ns
[2020-03-02T08:31:03.035+0000][1][safepoint    ] Safepoint "RevokeBias", Time since last: 363798089 ns, Reaching safepoint: 139571 ns, At safepoint: 31494 ns, Total: 171065 ns
[2020-03-02T08:31:03.051+0000][1][safepoint    ] Safepoint "RevokeBias", Time since last: 16749510 ns, Reaching safepoint: 60458 ns, At safepoint: 18861 ns, Total: 79319 ns
[2020-03-02T08:31:03.053+0000][1][safepoint    ] Safepoint "RevokeBias", Time since last: 1224303 ns, Reaching safepoint: 58726 ns, At safepoint: 18491 ns, Total: 77217 ns
[2020-03-02T08:31:03.053+0000][1][safepoint    ] Safepoint "RevokeBias", Time since last: 62827 ns, Reaching safepoint: 25637 ns, At safepoint: 9824 ns, Total: 35461 ns
[2020-03-02T08:31:03.641+0000][1][safepoint    ] Safepoint "RevokeBias", Time since last: 588576368 ns, Reaching safepoint: 124809 ns, At safepoint: 10883 ns, Total: 135692 ns
[2020-03-02T08:31:03.731+0000][1][safepoint    ] Safepoint "RevokeBias", Time since last: 89322081 ns, Reaching safepoint: 66987 ns, At safepoint: 18453 ns, Total: 85440 ns
[2020-03-02T08:31:03.731+0000][1][safepoint    ] Safepoint "RevokeBias", Time since last: 426791 ns, Reaching safepoint: 47738 ns, At safepoint: 14364 ns, Total: 62102 ns
[2020-03-02T08:31:03.771+0000][1][safepoint    ] Safepoint "Deoptimize", Time since last: 38078282 ns, Reaching safepoint: 128711 ns, At safepoint: 1229755 ns, Total: 1358466 ns
[2020-03-02T08:31:04.047+0000][1][safepoint    ] Safepoint "RevokeBias", Time since last: 275786333 ns, Reaching safepoint: 96970 ns, At safepoint: 20608 ns, Total: 117578 ns
[2020-03-02T08:31:04.100+0000][1][safepoint    ] Safepoint "RevokeBias", Time since last: 53478440 ns, Reaching safepoint: 113053 ns, At safepoint: 26817 ns, Total: 139870 ns
[2020-03-02T08:31:04.115+0000][1][safepoint    ] Safepoint "RevokeBias", Time since last: 14685494 ns, Reaching safepoint: 166734 ns, At safepoint: 61958 ns, Total: 228692 ns
[2020-03-02T08:31:04.121+0000][1][safepoint    ] Safepoint "RevokeBias", Time since last: 5383717 ns, Reaching safepoint: 143649 ns, At safepoint: 37729 ns, Total: 181378 ns
[2020-03-02T08:31:04.122+0000][1][safepoint    ] Safepoint "RevokeBias", Time since last: 1188250 ns, Reaching safepoint: 56617 ns, At safepoint: 65981 ns, Total: 122598 ns
[2020-03-02T08:31:04.321+0000][1][safepoint    ] Safepoint "RevokeBias", Time since last: 181145628 ns, Reaching safepoint: 17522203 ns, At safepoint: 27476 ns, Total: 17549679 ns
[2020-03-02T08:31:04.352+0000][1][safepoint    ] Safepoint "RevokeBias", Time since last: 4296713 ns, Reaching safepoint: 27157442 ns, At safepoint: 89121 ns, Total: 27246563 ns
[2020-03-02T08:31:04.355+0000][1][safepoint    ] Safepoint "RevokeBias", Time since last: 2628700 ns, Reaching safepoint: 87247 ns, At safepoint: 27865 ns, Total: 115112 ns
[2020-03-02T08:31:04.355+0000][1][safepoint    ] Safepoint "RevokeBias", Time since last: 116480 ns, Reaching safepoint: 57134 ns, At safepoint: 12820 ns, Total: 69954 ns
[2020-03-02T08:31:04.371+0000][1][safepoint    ] Safepoint "RevokeBias", Time since last: 15788562 ns, Reaching safepoint: 87210 ns, At safepoint: 48121 ns, Total: 135331 ns
[2020-03-02T08:31:04.411+0000][1][safepoint    ] Safepoint "RevokeBias", Time since last: 39070659 ns, Reaching safepoint: 254766 ns, At safepoint: 35461 ns, Total: 290227 ns
[2020-03-02T08:31:04.423+0000][1][safepoint    ] Safepoint "RevokeBias", Time since last: 12120469 ns, Reaching safepoint: 83655 ns, At safepoint: 20417 ns, Total: 104072 ns
[2020-03-02T08:31:05.431+0000][1][safepoint    ] Safepoint "Cleanup", Time since last: 1007914806 ns, Reaching safepoint: 138045 ns, At safepoint: 9070 ns, Total: 147115 ns
[2020-03-02T08:31:06.434+0000][1][safepoint    ] Safepoint "Cleanup", Time since last: 1002930526 ns, Reaching safepoint: 145861 ns, At safepoint: 13139 ns, Total: 159000 ns
[2020-03-02T08:31:07.439+0000][1][safepoint    ] Safepoint "Cleanup", Time since last: 1004839052 ns, Reaching safepoint: 97284 ns, At safepoint: 8877 ns, Total: 106161 ns
[2020-03-02T08:31:08.440+0000][1][safepoint    ] Safepoint "Cleanup", Time since last: 1000517101 ns, Reaching safepoint: 200816 ns, At safepoint: 30414 ns, Total: 231230 ns
[2020-03-02T08:31:09.440+0000][1][safepoint    ] Safepoint "Cleanup", Time since last: 1000399291 ns, Reaching safepoint: 95779 ns, At safepoint: 9271 ns, Total: 105050 ns
[2020-03-02T08:31:10.440+0000][1][safepoint    ] Safepoint "Cleanup", Time since last: 1000213386 ns, Reaching safepoint: 92059 ns, At safepoint: 8576 ns, Total: 100635 ns
[2020-03-02T08:31:11.441+0000][1][safepoint    ] Safepoint "Cleanup", Time since last: 1000428430 ns, Reaching safepoint: 192082 ns, At safepoint: 10073 ns, Total: 202155 ns
[2020-03-02T08:31:12.442+0000][1][safepoint    ] Safepoint "Cleanup", Time since last: 1000211250 ns, Reaching safepoint: 215791 ns, At safepoint: 26852 ns, Total: 242643 ns
[2020-03-02T08:31:13.442+0000][1][safepoint    ] Safepoint "Cleanup", Time since last: 1000233679 ns, Reaching safepoint: 105451 ns, At safepoint: 45329 ns, Total: 150780 ns
[2020-03-02T08:31:14.450+0000][1][safepoint    ] Safepoint "Cleanup", Time since last: 1007802851 ns, Reaching safepoint: 69266 ns, At safepoint: 9342 ns, Total: 78608 ns
[2020-03-02T08:31:15.451+0000][1][safepoint    ] Safepoint "Cleanup", Time since last: 1000631675 ns, Reaching safepoint: 93056 ns, At safepoint: 11323 ns, Total: 104379 ns
[2020-03-02T08:31:16.451+0000][1][safepoint    ] Safepoint "Cleanup", Time since last: 1000452504 ns, Reaching safepoint: 115478 ns, At safepoint: 9253 ns, Total: 124731 ns
[2020-03-02T08:31:17.452+0000][1][safepoint    ] Safepoint "Cleanup", Time since last: 1000480854 ns, Reaching safepoint: 108843 ns, At safepoint: 9353 ns, Total: 118196 ns
[2020-03-02T08:31:18.457+0000][1][safepoint    ] Safepoint "Cleanup", Time since last: 1005379450 ns, Reaching safepoint: 91200 ns, At safepoint: 8780 ns, Total: 99980 ns
[2020-03-02T08:31:19.459+0000][1][safepoint    ] Safepoint "Cleanup", Time since last: 1001180297 ns, Reaching safepoint: 130918 ns, At safepoint: 9671 ns, Total: 140589 ns
[2020-03-02T08:31:20.459+0000][1][safepoint    ] Safepoint "Cleanup", Time since last: 1000370912 ns, Reaching safepoint: 230594 ns, At safepoint: 12184 ns, Total: 242778 ns
[2020-03-02T08:31:21.459+0000][1][safepoint    ] Safepoint "Cleanup", Time since last: 1000184084 ns, Reaching safepoint: 110826 ns, At safepoint: 8964 ns, Total: 119790 ns
[2020-03-02T08:31:22.460+0000][1][safepoint    ] Safepoint "Cleanup", Time since last: 1000337873 ns, Reaching safepoint: 122162 ns, At safepoint: 30017 ns, Total: 152179 ns
[2020-03-02T08:31:23.460+0000][1][safepoint    ] Safepoint "Cleanup", Time since last: 1000204535 ns, Reaching safepoint: 107741 ns, At safepoint: 9966 ns, Total: 117707 ns
[2020-03-02T08:31:24.461+0000][1][safepoint    ] Safepoint "Cleanup", Time since last: 1000486259 ns, Reaching safepoint: 105376 ns, At safepoint: 11064 ns, Total: 116440 ns
[2020-03-02T08:31:25.463+0000][1][safepoint    ] Safepoint "Cleanup", Time since last: 1002277322 ns, Reaching safepoint: 77542 ns, At safepoint: 7834 ns, Total: 85376 ns
[2020-03-02T08:31:26.464+0000][1][safepoint    ] Safepoint "Cleanup", Time since last: 1000202932 ns, Reaching safepoint: 178345 ns, At safepoint: 32417 ns, Total: 210762 ns
[2020-03-02T08:31:27.464+0000][1][safepoint    ] Safepoint "Cleanup", Time since last: 1000339590 ns, Reaching safepoint: 170239 ns, At safepoint: 13414 ns, Total: 183653 ns
[2020-03-02T08:31:28.465+0000][1][safepoint    ] Safepoint "Cleanup", Time since last: 1000732590 ns, Reaching safepoint: 135878 ns, At safepoint: 10153 ns, Total: 146031 ns
[2020-03-02T08:31:29.466+0000][1][safepoint    ] Safepoint "Cleanup", Time since last: 1000570525 ns, Reaching safepoint: 90083 ns, At safepoint: 9251 ns, Total: 99334 ns
[2020-03-02T08:31:30.467+0000][1][safepoint    ] Safepoint "Cleanup", Time since last: 1000777184 ns, Reaching safepoint: 124334 ns, At safepoint: 8801 ns, Total: 133135 ns
[2020-03-02T08:31:31.467+0000][1][safepoint    ] Safepoint "Cleanup", Time since last: 1000562147 ns, Reaching safepoint: 90767 ns, At safepoint: 8626 ns, Total: 99393 ns
[2020-03-02T08:31:32.468+0000][1][safepoint    ] Safepoint "Cleanup", Time since last: 1000819506 ns, Reaching safepoint: 109216 ns, At safepoint: 10031 ns, Total: 119247 ns
[2020-03-02T08:31:33.469+0000][1][safepoint    ] Safepoint "Cleanup", Time since last: 1000794242 ns, Reaching safepoint: 95619 ns, At safepoint: 9472 ns, Total: 105091 ns
[2020-03-02T08:31:34.470+0000][1][safepoint    ] Safepoint "Cleanup", Time since last: 1000658106 ns, Reaching safepoint: 117978 ns, At safepoint: 9588 ns, Total: 127566 ns
[2020-03-02T08:31:35.471+0000][1][safepoint    ] Safepoint "Cleanup", Time since last: 1000722407 ns, Reaching safepoint: 108838 ns, At safepoint: 10116 ns, Total: 118954 ns
[2020-03-02T08:31:36.473+0000][1][safepoint    ] Safepoint "Cleanup", Time since last: 1002456848 ns, Reaching safepoint: 112137 ns, At safepoint: 19358 ns, Total: 131495 ns
[2020-03-02T08:31:37.480+0000][1][safepoint    ] Safepoint "Cleanup", Time since last: 1006902989 ns, Reaching safepoint: 98113 ns, At safepoint: 9234 ns, Total: 107347 ns
[2020-03-02T08:31:38.481+0000][1][safepoint    ] Safepoint "Cleanup", Time since last: 1000532458 ns, Reaching safepoint: 110377 ns, At safepoint: 12300 ns, Total: 122677 ns
[2020-03-02T08:31:39.482+0000][1][safepoint    ] Safepoint "Cleanup", Time since last: 1000657104 ns, Reaching safepoint: 110402 ns, At safepoint: 9291 ns, Total: 119693 ns
[2020-03-02T08:31:40.482+0000][1][safepoint    ] Safepoint "Cleanup", Time since last: 1000287516 ns, Reaching safepoint: 93959 ns, At safepoint: 8928 ns, Total: 102887 ns
[2020-03-02T08:31:41.483+0000][1][safepoint    ] Safepoint "Cleanup", Time since last: 1000838565 ns, Reaching safepoint: 98125 ns, At safepoint: 10106 ns, Total: 108231 ns
[2020-03-02T08:31:42.484+0000][1][safepoint    ] Safepoint "Cleanup", Time since last: 1000413739 ns, Reaching safepoint: 103200 ns, At safepoint: 8598 ns, Total: 111798 ns
[2020-03-02T08:31:43.484+0000][1][safepoint    ] Safepoint "Cleanup", Time since last: 1000290849 ns, Reaching safepoint: 98796 ns, At safepoint: 9408 ns, Total: 108204 ns
[2020-03-02T08:31:44.485+0000][1][safepoint    ] Safepoint "Cleanup", Time since last: 1000483891 ns, Reaching safepoint: 91683 ns, At safepoint: 16884 ns, Total: 108567 ns
[2020-03-02T08:31:45.485+0000][1][safepoint    ] Safepoint "Cleanup", Time since last: 1000289024 ns, Reaching safepoint: 196704 ns, At safepoint: 8887 ns, Total: 205591 ns
[2020-03-02T08:31:46.486+0000][1][safepoint    ] Safepoint "Cleanup", Time since last: 1000263808 ns, Reaching safepoint: 113028 ns, At safepoint: 9535 ns, Total: 122563 ns
[2020-03-02T08:31:47.486+0000][1][safepoint    ] Safepoint "Cleanup", Time since last: 1000332330 ns, Reaching safepoint: 107105 ns, At safepoint: 9300 ns, Total: 116405 ns
[2020-03-02T08:31:48.496+0000][1][safepoint    ] Safepoint "Cleanup", Time since last: 1009517706 ns, Reaching safepoint: 114422 ns, At safepoint: 8516 ns, Total: 122938 ns
[2020-03-02T08:31:49.498+0000][1][safepoint    ] Safepoint "Cleanup", Time since last: 1002400887 ns, Reaching safepoint: 168624 ns, At safepoint: 13174 ns, Total: 181798 ns
[2020-03-02T08:31:50.499+0000][1][safepoint    ] Safepoint "Cleanup", Time since last: 1001124895 ns, Reaching safepoint: 108504 ns, At safepoint: 10327 ns, Total: 118831 ns
[2020-03-02T08:31:51.500+0000][1][safepoint    ] Safepoint "Cleanup", Time since last: 1000352322 ns, Reaching safepoint: 98973 ns, At safepoint: 9193 ns, Total: 108166 ns
[2020-03-02T08:31:52.047+0000][1][gc,start     ] GC(35) Pause Young (Allocation Failure)
[2020-03-02T08:31:52.047+0000][1][gc,task      ] GC(35) Using 1 workers of 1 for evacuation
[2020-03-02T08:31:52.164+0000][1][gc,age       ] GC(35) Desired survivor size 4358144 bytes, new threshold 6 (max threshold 6)
[2020-03-02T08:31:52.164+0000][1][gc,age       ] GC(35) Age table with threshold 6 (max threshold 6)
[2020-03-02T08:31:52.164+0000][1][gc,age       ] GC(35) - age   1:     307064 bytes,     307064 total
[2020-03-02T08:31:52.164+0000][1][gc,age       ] GC(35) - age   2:      52040 bytes,     359104 total
[2020-03-02T08:31:52.164+0000][1][gc,age       ] GC(35) - age   3:       9152 bytes,     368256 total
[2020-03-02T08:31:52.164+0000][1][gc,age       ] GC(35) - age   4:    2610528 bytes,    2978784 total
[2020-03-02T08:31:52.164+0000][1][gc,age       ] GC(35) - age   5:      83176 bytes,    3061960 total
[2020-03-02T08:31:52.164+0000][1][gc,age       ] GC(35) - age   6:     543480 bytes,    3605440 total
[2020-03-02T08:31:52.165+0000][1][gc,heap      ] GC(35) ParNew: 72338K->4106K(76672K)
[2020-03-02T08:31:52.165+0000][1][gc,heap      ] GC(35) CMS: 61877K->61877K(963392K)
[2020-03-02T08:31:52.165+0000][1][gc,metaspace ] GC(35) Metaspace: 82058K->82058K(1124352K)
[2020-03-02T08:31:52.165+0000][1][gc           ] GC(35) Pause Young (Allocation Failure) 131M->64M(1015M) 117.977ms
[2020-03-02T08:31:52.165+0000][1][gc,cpu       ] GC(35) User=0.02s Sys=0.01s Real=0.12s
[2020-03-02T08:31:52.165+0000][1][safepoint    ] Safepoint "GenCollectForAllocation", Time since last: 546577540 ns, Reaching safepoint: 85529 ns, At safepoint: 118040805 ns, Total: 118126334 ns
[2020-03-02T08:31:53.166+0000][1][safepoint    ] Safepoint "Cleanup", Time since last: 1000768914 ns, Reaching safepoint: 129869 ns, At safepoint: 10196 ns, Total: 140065 ns
[2020-03-02T08:31:54.167+0000][1][safepoint    ] Safepoint "Cleanup", Time since last: 1001187172 ns, Reaching safepoint: 113169 ns, At safepoint: 9258 ns, Total: 122427 ns
[2020-03-02T08:31:55.169+0000][1][safepoint    ] Safepoint "Cleanup", Time since last: 1002113874 ns, Reaching safepoint: 96572 ns, At safepoint: 9398 ns, Total: 105970 ns
[2020-03-02T08:31:56.169+0000][1][safepoint    ] Safepoint "Cleanup", Time since last: 1000222612 ns, Reaching safepoint: 98500 ns, At safepoint: 8954 ns, Total: 107454 ns
[2020-03-02T08:31:57.170+0000][1][safepoint    ] Safepoint "Cleanup", Time since last: 1000370850 ns, Reaching safepoint: 129262 ns, At safepoint: 8632 ns, Total: 137894 ns
[2020-03-02T08:31:58.170+0000][1][safepoint    ] Safepoint "Cleanup", Time since last: 1000177127 ns, Reaching safepoint: 123510 ns, At safepoint: 15747 ns, Total: 139257 ns
[2020-03-02T08:31:59.177+0000][1][safepoint    ] Safepoint "Cleanup", Time since last: 1006207541 ns, Reaching safepoint: 127306 ns, At safepoint: 11267 ns, Total: 138573 ns
[2020-03-02T08:32:00.177+0000][1][safepoint    ] Safepoint "Cleanup", Time since last: 1000214383 ns, Reaching safepoint: 141565 ns, At safepoint: 31078 ns, Total: 172643 ns
[2020-03-02T08:32:01.114+0000][1][safepoint    ] Safepoint "RevokeBias", Time since last: 937085647 ns, Reaching safepoint: 151670 ns, At safepoint: 46950 ns, Total: 198620 ns
[2020-03-02T08:32:01.116+0000][1][safepoint    ] Safepoint "RevokeBias", Time since last: 1343189 ns, Reaching safepoint: 138695 ns, At safepoint: 28850 ns, Total: 167545 ns
[2020-03-02T08:32:01.117+0000][1][safepoint    ] Safepoint "RevokeBias", Time since last: 660518 ns, Reaching safepoint: 217117 ns, At safepoint: 53138 ns, Total: 270255 ns
[2020-03-02T08:32:02.118+0000][1][safepoint    ] Safepoint "Cleanup", Time since last: 1001246691 ns, Reaching safepoint: 97040 ns, At safepoint: 9586 ns, Total: 106626 ns
[2020-03-02T08:32:03.118+0000][1][safepoint    ] Safepoint "Cleanup", Time since last: 1000130279 ns, Reaching safepoint: 116072 ns, At safepoint: 12030 ns, Total: 128102 ns
[2020-03-02T08:32:04.119+0000][1][safepoint    ] Safepoint "Cleanup", Time since last: 1000487947 ns, Reaching safepoint: 118106 ns, At safepoint: 9220 ns, Total: 127326 ns
[2020-03-02T08:32:05.120+0000][1][safepoint    ] Safepoint "Cleanup", Time since last: 1000499766 ns, Reaching safepoint: 108665 ns, At safepoint: 10166 ns, Total: 118831 ns
[2020-03-02T08:32:05.366+0000][1][safepoint    ] Safepoint "RevokeBias", Time since last: 246275654 ns, Reaching safepoint: 92964 ns, At safepoint: 32528 ns, Total: 125492 ns
[2020-03-02T08:32:06.366+0000][1][safepoint    ] Safepoint "Cleanup", Time since last: 1000255185 ns, Reaching safepoint: 96762 ns, At safepoint: 11560 ns, Total: 108322 ns
[2020-03-02T08:32:07.367+0000][1][safepoint    ] Safepoint "Cleanup", Time since last: 1000356959 ns, Reaching safepoint: 109949 ns, At safepoint: 12203 ns, Total: 122152 ns
[2020-03-02T08:32:08.367+0000][1][safepoint    ] Safepoint "Cleanup", Time since last: 1000441965 ns, Reaching safepoint: 132125 ns, At safepoint: 14751 ns, Total: 146876 ns
[2020-03-02T08:32:09.368+0000][1][safepoint    ] Safepoint "Cleanup", Time since last: 1000283890 ns, Reaching safepoint: 91355 ns, At safepoint: 11698 ns, Total: 103053 ns
[2020-03-02T08:32:10.373+0000][1][safepoint    ] Safepoint "Cleanup", Time since last: 1005098014 ns, Reaching safepoint: 125352 ns, At safepoint: 9060 ns, Total: 134412 ns
[2020-03-02T08:32:11.373+0000][1][safepoint    ] Safepoint "Cleanup", Time since last: 1000310141 ns, Reaching safepoint: 94454 ns, At safepoint: 9079 ns, Total: 103533 ns
[2020-03-02T08:32:12.374+0000][1][safepoint    ] Safepoint "Cleanup", Time since last: 1000442117 ns, Reaching safepoint: 94696 ns, At safepoint: 8624 ns, Total: 103320 ns
[2020-03-02T08:32:13.374+0000][1][safepoint    ] Safepoint "Cleanup", Time since last: 1000253016 ns, Reaching safepoint: 110330 ns, At safepoint: 9775 ns, Total: 120105 ns
[2020-03-02T08:32:14.375+0000][1][safepoint    ] Safepoint "Cleanup", Time since last: 1000459962 ns, Reaching safepoint: 90645 ns, At safepoint: 8724 ns, Total: 99369 ns
[2020-03-02T08:32:15.375+0000][1][safepoint    ] Safepoint "Cleanup", Time since last: 1000425882 ns, Reaching safepoint: 93730 ns, At safepoint: 9729 ns, Total: 103459 ns
[2020-03-02T08:32:16.376+0000][1][safepoint    ] Safepoint "Cleanup", Time since last: 1000426433 ns, Reaching safepoint: 96258 ns, At safepoint: 9288 ns, Total: 105546 ns
[2020-03-02T08:32:17.377+0000][1][safepoint    ] Safepoint "Cleanup", Time since last: 1000650598 ns, Reaching safepoint: 97243 ns, At safepoint: 8903 ns, Total: 106146 ns
[2020-03-02T08:32:18.377+0000][1][safepoint    ] Safepoint "Cleanup", Time since last: 1000318281 ns, Reaching safepoint: 117615 ns, At safepoint: 11312 ns, Total: 128927 ns
[2020-03-02T08:32:19.378+0000][1][safepoint    ] Safepoint "Cleanup", Time since last: 1000502596 ns, Reaching safepoint: 91019 ns, At safepoint: 9593 ns, Total: 100612 ns
[2020-03-02T08:32:20.378+0000][1][safepoint    ] Safepoint "Cleanup", Time since last: 1000474377 ns, Reaching safepoint: 171966 ns, At safepoint: 27465 ns, Total: 199431 ns
[2020-03-02T08:32:21.379+0000][1][safepoint    ] Safepoint "Cleanup", Time since last: 1000891675 ns, Reaching safepoint: 172145 ns, At safepoint: 31141 ns, Total: 203286 ns
[2020-03-02T08:32:22.380+0000][1][safepoint    ] Safepoint "Cleanup", Time since last: 1000254949 ns, Reaching safepoint: 139336 ns, At safepoint: 18636 ns, Total: 157972 ns
[2020-03-02T08:32:23.381+0000][1][safepoint    ] Safepoint "Cleanup", Time since last: 1001269728 ns, Reaching safepoint: 144098 ns, At safepoint: 12175 ns, Total: 156273 ns
[2020-03-02T08:32:24.382+0000][1][safepoint    ] Safepoint "Cleanup", Time since last: 1000095566 ns, Reaching safepoint: 168011 ns, At safepoint: 20985 ns, Total: 188996 ns
[2020-03-02T08:32:25.383+0000][1][safepoint    ] Safepoint "Cleanup", Time since last: 1001157455 ns, Reaching safepoint: 96183 ns, At safepoint: 13848 ns, Total: 110031 ns
[2020-03-02T08:32:26.383+0000][1][safepoint    ] Safepoint "Cleanup", Time since last: 1000269393 ns, Reaching safepoint: 125859 ns, At safepoint: 15446 ns, Total: 141305 ns
[2020-03-02T08:32:27.384+0000][1][safepoint    ] Safepoint "Cleanup", Time since last: 1000174172 ns, Reaching safepoint: 131112 ns, At safepoint: 16461 ns, Total: 147573 ns
[2020-03-02T08:32:27.886+0000][1][safepoint    ] Safepoint "RevokeBias", Time since last: 502782284 ns, Reaching safepoint: 91336 ns, At safepoint: 9914 ns, Total: 101250 ns
[2020-03-02T08:32:27.961+0000][1][safepoint    ] Safepoint "RevokeBias", Time since last: 74161774 ns, Reaching safepoint: 100921 ns, At safepoint: 10141 ns, Total: 111062 ns
[2020-03-02T08:32:27.961+0000][1][safepoint    ] Safepoint "RevokeBias", Time since last: 58533 ns, Reaching safepoint: 105893 ns, At safepoint: 9682 ns, Total: 115575 ns
[2020-03-02T08:32:28.455+0000][1][safepoint    ] Safepoint "RevokeBias", Time since last: 493581742 ns, Reaching safepoint: 82989 ns, At safepoint: 22453 ns, Total: 105442 ns
[2020-03-02T08:32:28.463+0000][1][safepoint    ] Safepoint "RevokeBias", Time since last: 7648124 ns, Reaching safepoint: 180838 ns, At safepoint: 50353 ns, Total: 231191 ns
[2020-03-02T08:32:28.464+0000][1][safepoint    ] Safepoint "RevokeBias", Time since last: 1578069 ns, Reaching safepoint: 138373 ns, At safepoint: 31949 ns, Total: 170322 ns
[2020-03-02T08:32:28.469+0000][1][safepoint    ] Safepoint "RevokeBias", Time since last: 4087415 ns, Reaching safepoint: 174162 ns, At safepoint: 25743 ns, Total: 199905 ns
[2020-03-02T08:32:28.469+0000][1][safepoint    ] Safepoint "RevokeBias", Time since last: 182343 ns, Reaching safepoint: 72644 ns, At safepoint: 17203 ns, Total: 89847 ns
[2020-03-02T08:32:28.497+0000][1][safepoint    ] Safepoint "RevokeBias", Time since last: 27946714 ns, Reaching safepoint: 67887 ns, At safepoint: 22191 ns, Total: 90078 ns
[2020-03-02T08:32:28.532+0000][1][safepoint    ] Safepoint "RevokeBias", Time since last: 35364350 ns, Reaching safepoint: 120451 ns, At safepoint: 29226 ns, Total: 149677 ns
[2020-03-02T08:32:28.534+0000][1][safepoint    ] Safepoint "RevokeBias", Time since last: 1442768 ns, Reaching safepoint: 199356 ns, At safepoint: 39567 ns, Total: 238923 ns
[2020-03-02T08:32:28.670+0000][1][safepoint    ] Safepoint "RevokeBias", Time since last: 135808058 ns, Reaching safepoint: 90229 ns, At safepoint: 21525 ns, Total: 111754 ns
[2020-03-02T08:32:28.670+0000][1][safepoint    ] Safepoint "RevokeBias", Time since last: 69628 ns, Reaching safepoint: 127701 ns, At safepoint: 20861 ns, Total: 148562 ns
[2020-03-02T08:32:28.911+0000][1][safepoint    ] Safepoint "RevokeBias", Time since last: 240593737 ns, Reaching safepoint: 181278 ns, At safepoint: 69865 ns, Total: 251143 ns
[2020-03-02T08:32:29.060+0000][1][safepoint    ] Safepoint "RevokeBias", Time since last: 148674413 ns, Reaching safepoint: 95166 ns, At safepoint: 8874 ns, Total: 104040 ns
[2020-03-02T08:32:29.187+0000][1][safepoint    ] Safepoint "RevokeBias", Time since last: 126615369 ns, Reaching safepoint: 226120 ns, At safepoint: 25345 ns, Total: 251465 ns
[2020-03-02T08:32:29.380+0000][1][safepoint    ] Safepoint "RevokeBias", Time since last: 193088129 ns, Reaching safepoint: 71236 ns, At safepoint: 21850 ns, Total: 93086 ns
[2020-03-02T08:32:29.387+0000][1][safepoint    ] Safepoint "RevokeBias", Time since last: 7222105 ns, Reaching safepoint: 82265 ns, At safepoint: 80185 ns, Total: 162450 ns
[2020-03-02T08:32:30.388+0000][1][safepoint    ] Safepoint "Cleanup", Time since last: 1000369574 ns, Reaching safepoint: 121566 ns, At safepoint: 11784 ns, Total: 133350 ns
[2020-03-02T08:32:31.388+0000][1][safepoint    ] Safepoint "Cleanup", Time since last: 1000230732 ns, Reaching safepoint: 99526 ns, At safepoint: 9391 ns, Total: 108917 ns
[2020-03-02T08:32:32.389+0000][1][safepoint    ] Safepoint "Cleanup", Time since last: 1001285586 ns, Reaching safepoint: 96115 ns, At safepoint: 8881 ns, Total: 104996 ns
[2020-03-02T08:32:33.390+0000][1][safepoint    ] Safepoint "Cleanup", Time since last: 1000464956 ns, Reaching safepoint: 113912 ns, At safepoint: 11915 ns, Total: 125827 ns
[2020-03-02T08:32:34.390+0000][1][safepoint    ] Safepoint "Cleanup", Time since last: 1000151284 ns, Reaching safepoint: 103366 ns, At safepoint: 15193 ns, Total: 118559 ns
[2020-03-02T08:32:35.392+0000][1][safepoint    ] Safepoint "Cleanup", Time since last: 1001364056 ns, Reaching safepoint: 107738 ns, At safepoint: 9299 ns, Total: 117037 ns
[2020-03-02T08:32:36.393+0000][1][safepoint    ] Safepoint "Cleanup", Time since last: 1000696135 ns, Reaching safepoint: 160084 ns, At safepoint: 11619 ns, Total: 171703 ns
[2020-03-02T08:32:37.393+0000][1][safepoint    ] Safepoint "Cleanup", Time since last: 1000121081 ns, Reaching safepoint: 129967 ns, At safepoint: 10564 ns, Total: 140531 ns
[2020-03-02T08:32:38.394+0000][1][safepoint    ] Safepoint "Cleanup", Time since last: 1000320615 ns, Reaching safepoint: 198310 ns, At safepoint: 19243 ns, Total: 217553 ns
[2020-03-02T08:32:39.394+0000][1][safepoint    ] Safepoint "Cleanup", Time since last: 1000833895 ns, Reaching safepoint: 125769 ns, At safepoint: 13490 ns, Total: 139259 ns
[2020-03-02T08:32:40.395+0000][1][safepoint    ] Safepoint "Cleanup", Time since last: 1000524549 ns, Reaching safepoint: 109145 ns, At safepoint: 9662 ns, Total: 118807 ns
[2020-03-02T08:32:41.396+0000][1][safepoint    ] Safepoint "Cleanup", Time since last: 1000595114 ns, Reaching safepoint: 120591 ns, At safepoint: 21594 ns, Total: 142185 ns
[2020-03-02T08:32:42.396+0000][1][safepoint    ] Safepoint "Cleanup", Time since last: 1000335220 ns, Reaching safepoint: 139237 ns, At safepoint: 27081 ns, Total: 166318 ns
[2020-03-02T08:32:43.401+0000][1][safepoint    ] Safepoint "Cleanup", Time since last: 1004830871 ns, Reaching safepoint: 73443 ns, At safepoint: 8931 ns, Total: 82374 ns
[2020-03-02T08:32:44.402+0000][1][safepoint    ] Safepoint "Cleanup", Time since last: 1000346086 ns, Reaching safepoint: 106447 ns, At safepoint: 8515 ns, Total: 114962 ns
[2020-03-02T08:32:45.403+0000][1][safepoint    ] Safepoint "Cleanup", Time since last: 1001138885 ns, Reaching safepoint: 102450 ns, At safepoint: 8134 ns, Total: 110584 ns
[2020-03-02T08:32:46.404+0000][1][safepoint    ] Safepoint "Cleanup", Time since last: 1001014489 ns, Reaching safepoint: 107564 ns, At safepoint: 8741 ns, Total: 116305 ns
[2020-03-02T08:32:47.405+0000][1][safepoint    ] Safepoint "Cleanup", Time since last: 1000584949 ns, Reaching safepoint: 108183 ns, At safepoint: 11216 ns, Total: 119399 ns
[2020-03-02T08:32:48.406+0000][1][safepoint    ] Safepoint "Cleanup", Time since last: 1001064812 ns, Reaching safepoint: 139523 ns, At safepoint: 9828 ns, Total: 149351 ns
[2020-03-02T08:32:49.407+0000][1][safepoint    ] Safepoint "Cleanup", Time since last: 1000819172 ns, Reaching safepoint: 255689 ns, At safepoint: 16779 ns, Total: 272468 ns
[2020-03-02T08:32:50.408+0000][1][safepoint    ] Safepoint "Cleanup", Time since last: 1000724739 ns, Reaching safepoint: 174304 ns, At safepoint: 10605 ns, Total: 184909 ns
[2020-03-02T08:32:51.409+0000][1][safepoint    ] Safepoint "Cleanup", Time since last: 1001071145 ns, Reaching safepoint: 233027 ns, At safepoint: 9994 ns, Total: 243021 ns
[2020-03-02T08:32:52.410+0000][1][safepoint    ] Safepoint "Cleanup", Time since last: 1000762823 ns, Reaching safepoint: 195336 ns, At safepoint: 14990 ns, Total: 210326 ns
[2020-03-02T08:32:53.411+0000][1][safepoint    ] Safepoint "Cleanup", Time since last: 1000991547 ns, Reaching safepoint: 145292 ns, At safepoint: 17750 ns, Total: 163042 ns
[2020-03-02T08:32:54.412+0000][1][safepoint    ] Safepoint "Cleanup", Time since last: 1000666231 ns, Reaching safepoint: 144713 ns, At safepoint: 25624 ns, Total: 170337 ns
[2020-03-02T08:32:55.413+0000][1][safepoint    ] Safepoint "Cleanup", Time since last: 1000593593 ns, Reaching safepoint: 107419 ns, At safepoint: 8800 ns, Total: 116219 ns
[2020-03-02T08:32:56.415+0000][1][safepoint    ] Safepoint "Cleanup", Time since last: 1001526488 ns, Reaching safepoint: 374128 ns, At safepoint: 19107 ns, Total: 393235 ns
[2020-03-02T08:32:57.415+0000][1][safepoint    ] Safepoint "Cleanup", Time since last: 1000271412 ns, Reaching safepoint: 130165 ns, At safepoint: 9779 ns, Total: 139944 ns
[2020-03-02T08:32:58.416+0000][1][safepoint    ] Safepoint "Cleanup", Time since last: 1000470512 ns, Reaching safepoint: 96506 ns, At safepoint: 8808 ns, Total: 105314 ns
[2020-03-02T08:32:59.416+0000][1][safepoint    ] Safepoint "Cleanup", Time since last: 1000277333 ns, Reaching safepoint: 244076 ns, At safepoint: 11977 ns, Total: 256053 ns
[2020-03-02T08:33:00.417+0000][1][safepoint    ] Safepoint "Cleanup", Time since last: 1000847037 ns, Reaching safepoint: 104095 ns, At safepoint: 9146 ns, Total: 113241 ns
[2020-03-02T08:33:01.418+0000][1][safepoint    ] Safepoint "Cleanup", Time since last: 1000292085 ns, Reaching safepoint: 102983 ns, At safepoint: 8970 ns, Total: 111953 ns
[2020-03-02T08:33:02.418+0000][1][safepoint    ] Safepoint "Cleanup", Time since last: 1000363424 ns, Reaching safepoint: 96186 ns, At safepoint: 8141 ns, Total: 104327 ns
[2020-03-02T08:33:03.419+0000][1][safepoint    ] Safepoint "Cleanup", Time since last: 1000322276 ns, Reaching safepoint: 139370 ns, At safepoint: 10757 ns, Total: 150127 ns
[2020-03-02T08:33:04.419+0000][1][safepoint    ] Safepoint "Cleanup", Time since last: 1000260559 ns, Reaching safepoint: 140797 ns, At safepoint: 9008 ns, Total: 149805 ns
[2020-03-02T08:33:05.422+0000][1][safepoint    ] Safepoint "Cleanup", Time since last: 1002206347 ns, Reaching safepoint: 156371 ns, At safepoint: 9595 ns, Total: 165966 ns
[2020-03-02T08:33:06.422+0000][1][safepoint    ] Safepoint "Cleanup", Time since last: 1000484580 ns, Reaching safepoint: 98818 ns, At safepoint: 9196 ns, Total: 108014 ns
[2020-03-02T08:33:07.423+0000][1][safepoint    ] Safepoint "Cleanup", Time since last: 1000763666 ns, Reaching safepoint: 121065 ns, At safepoint: 9932 ns, Total: 130997 ns
[2020-03-02T08:33:08.424+0000][1][safepoint    ] Safepoint "Cleanup", Time since last: 1000292940 ns, Reaching safepoint: 247958 ns, At safepoint: 26491 ns, Total: 274449 ns
[2020-03-02T08:33:09.424+0000][1][safepoint    ] Safepoint "Cleanup", Time since last: 1000170584 ns, Reaching safepoint: 97571 ns, At safepoint: 9300 ns, Total: 106871 ns
[2020-03-02T08:33:10.424+0000][1][safepoint    ] Safepoint "Cleanup", Time since last: 1000183659 ns, Reaching safepoint: 114104 ns, At safepoint: 10172 ns, Total: 124276 ns
[2020-03-02T08:33:11.425+0000][1][safepoint    ] Safepoint "Cleanup", Time since last: 1000278967 ns, Reaching safepoint: 136898 ns, At safepoint: 17280 ns, Total: 154178 ns
[2020-03-02T08:33:12.425+0000][1][safepoint    ] Safepoint "Cleanup", Time since last: 1000282523 ns, Reaching safepoint: 101437 ns, At safepoint: 8579 ns, Total: 110016 ns
[2020-03-02T08:33:13.425+0000][1][safepoint    ] Safepoint "Cleanup", Time since last: 1000192230 ns, Reaching safepoint: 162469 ns, At safepoint: 9436 ns, Total: 171905 ns
[2020-03-02T08:33:14.426+0000][1][safepoint    ] Safepoint "Cleanup", Time since last: 1000157684 ns, Reaching safepoint: 111046 ns, At safepoint: 10876 ns, Total: 121922 ns
[2020-03-02T08:33:15.426+0000][1][safepoint    ] Safepoint "Cleanup", Time since last: 1000371918 ns, Reaching safepoint: 262248 ns, At safepoint: 51359 ns, Total: 313607 ns
[2020-03-02T08:33:16.427+0000][1][safepoint    ] Safepoint "Cleanup", Time since last: 1000827151 ns, Reaching safepoint: 141653 ns, At safepoint: 8362 ns, Total: 150015 ns
[2020-03-02T08:33:17.428+0000][1][safepoint    ] Safepoint "Cleanup", Time since last: 1000490908 ns, Reaching safepoint: 193700 ns, At safepoint: 10178 ns, Total: 203878 ns
[2020-03-02T08:33:18.429+0000][1][safepoint    ] Safepoint "Cleanup", Time since last: 1000554229 ns, Reaching safepoint: 113757 ns, At safepoint: 17047 ns, Total: 130804 ns
[2020-03-02T08:33:19.430+0000][1][safepoint    ] Safepoint "Cleanup", Time since last: 1000726268 ns, Reaching safepoint: 95010 ns, At safepoint: 8233 ns, Total: 103243 ns
[2020-03-02T08:33:20.430+0000][1][safepoint    ] Safepoint "Cleanup", Time since last: 1000307686 ns, Reaching safepoint: 110564 ns, At safepoint: 8038 ns, Total: 118602 ns
[2020-03-02T08:33:21.431+0000][1][safepoint    ] Safepoint "Cleanup", Time since last: 1000634420 ns, Reaching safepoint: 127996 ns, At safepoint: 8874 ns, Total: 136870 ns
[2020-03-02T08:33:22.432+0000][1][safepoint    ] Safepoint "Cleanup", Time since last: 1000737799 ns, Reaching safepoint: 123822 ns, At safepoint: 9008 ns, Total: 132830 ns
[2020-03-02T08:33:23.432+0000][1][safepoint    ] Safepoint "Cleanup", Time since last: 1000553981 ns, Reaching safepoint: 116544 ns, At safepoint: 9693 ns, Total: 126237 ns
[2020-03-02T08:33:24.433+0000][1][safepoint    ] Safepoint "Cleanup", Time since last: 1000724755 ns, Reaching safepoint: 104568 ns, At safepoint: 11790 ns, Total: 116358 ns
[2020-03-02T08:33:25.434+0000][1][safepoint    ] Safepoint "Cleanup", Time since last: 1000736290 ns, Reaching safepoint: 114897 ns, At safepoint: 10836 ns, Total: 125733 ns
[2020-03-02T08:33:26.434+0000][1][safepoint    ] Safepoint "Cleanup", Time since last: 1000247500 ns, Reaching safepoint: 123879 ns, At safepoint: 10523 ns, Total: 134402 ns
[2020-03-02T08:33:27.440+0000][1][safepoint    ] Safepoint "Cleanup", Time since last: 1005391586 ns, Reaching safepoint: 189510 ns, At safepoint: 10891 ns, Total: 200401 ns
[2020-03-02T08:33:28.441+0000][1][safepoint    ] Safepoint "Cleanup", Time since last: 1000788615 ns, Reaching safepoint: 318498 ns, At safepoint: 32787 ns, Total: 351285 ns
[2020-03-02T08:33:29.442+0000][1][safepoint    ] Safepoint "Cleanup", Time since last: 1000922586 ns, Reaching safepoint: 153567 ns, At safepoint: 10181 ns, Total: 163748 ns
[2020-03-02T08:33:30.443+0000][1][safepoint    ] Safepoint "Cleanup", Time since last: 1000305723 ns, Reaching safepoint: 167612 ns, At safepoint: 26576 ns, Total: 194188 ns
[2020-03-02T08:33:31.443+0000][1][safepoint    ] Safepoint "Cleanup", Time since last: 1000193193 ns, Reaching safepoint: 153090 ns, At safepoint: 14140 ns, Total: 167230 ns
[2020-03-02T08:33:32.443+0000][1][safepoint    ] Safepoint "Cleanup", Time since last: 1000234226 ns, Reaching safepoint: 153241 ns, At safepoint: 18052 ns, Total: 171293 ns
[2020-03-02T08:33:33.445+0000][1][safepoint    ] Safepoint "Cleanup", Time since last: 1000863624 ns, Reaching safepoint: 294207 ns, At safepoint: 29148 ns, Total: 323355 ns
[2020-03-02T08:33:34.445+0000][1][safepoint    ] Safepoint "Cleanup", Time since last: 1000347957 ns, Reaching safepoint: 135883 ns, At safepoint: 24886 ns, Total: 160769 ns
[2020-03-02T08:33:35.446+0000][1][safepoint    ] Safepoint "Cleanup", Time since last: 1000618817 ns, Reaching safepoint: 114172 ns, At safepoint: 11521 ns, Total: 125693 ns
[2020-03-02T08:33:36.447+0000][1][safepoint    ] Safepoint "Cleanup", Time since last: 1000634261 ns, Reaching safepoint: 114594 ns, At safepoint: 8960 ns, Total: 123554 ns
[2020-03-02T08:33:37.260+0000][1][gc,start     ] GC(36) Pause Young (Allocation Failure)
[2020-03-02T08:33:37.260+0000][1][gc,task      ] GC(36) Using 1 workers of 1 for evacuation
[2020-03-02T08:33:37.378+0000][1][gc,age       ] GC(36) Desired survivor size 4358144 bytes, new threshold 6 (max threshold 6)
[2020-03-02T08:33:37.378+0000][1][gc,age       ] GC(36) Age table with threshold 6 (max threshold 6)
[2020-03-02T08:33:37.378+0000][1][gc,age       ] GC(36) - age   1:     308816 bytes,     308816 total
[2020-03-02T08:33:37.378+0000][1][gc,age       ] GC(36) - age   2:     259216 bytes,     568032 total
[2020-03-02T08:33:37.378+0000][1][gc,age       ] GC(36) - age   3:      39896 bytes,     607928 total
[2020-03-02T08:33:37.378+0000][1][gc,age       ] GC(36) - age   4:       9152 bytes,     617080 total
[2020-03-02T08:33:37.378+0000][1][gc,age       ] GC(36) - age   5:    2560080 bytes,    3177160 total
[2020-03-02T08:33:37.378+0000][1][gc,age       ] GC(36) - age   6:      83176 bytes,    3260336 total
[2020-03-02T08:33:37.378+0000][1][gc,heap      ] GC(36) ParNew: 72266K->3667K(76672K)
[2020-03-02T08:33:37.378+0000][1][gc,heap      ] GC(36) CMS: 61877K->62420K(963392K)
[2020-03-02T08:33:37.378+0000][1][gc,metaspace ] GC(36) Metaspace: 82867K->82867K(1126400K)
[2020-03-02T08:33:37.378+0000][1][gc           ] GC(36) Pause Young (Allocation Failure) 130M->64M(1015M) 118.320ms
[2020-03-02T08:33:37.378+0000][1][gc,cpu       ] GC(36) User=0.02s Sys=0.00s Real=0.12s
[2020-03-02T08:33:37.378+0000][1][safepoint    ] Safepoint "GenCollectForAllocation", Time since last: 813293653 ns, Reaching safepoint: 93008 ns, At safepoint: 118400919 ns, Total: 118493927 ns
[2020-03-02T08:33:38.385+0000][1][safepoint    ] Safepoint "Cleanup", Time since last: 1006430355 ns, Reaching safepoint: 120137 ns, At safepoint: 11390 ns, Total: 131527 ns
[2020-03-02T08:33:39.386+0000][1][safepoint    ] Safepoint "Cleanup", Time since last: 1000675947 ns, Reaching safepoint: 98511 ns, At safepoint: 6823 ns, Total: 105334 ns
[2020-03-02T08:33:40.386+0000][1][safepoint    ] Safepoint "Cleanup", Time since last: 1000628803 ns, Reaching safepoint: 94228 ns, At safepoint: 7711 ns, Total: 101939 ns
[2020-03-02T08:33:41.387+0000][1][safepoint    ] Safepoint "Cleanup", Time since last: 1000384206 ns, Reaching safepoint: 93663 ns, At safepoint: 7895 ns, Total: 101558 ns
[2020-03-02T08:33:42.387+0000][1][safepoint    ] Safepoint "Cleanup", Time since last: 1000297515 ns, Reaching safepoint: 87449 ns, At safepoint: 8464 ns, Total: 95913 ns
[2020-03-02T08:33:43.388+0000][1][safepoint    ] Safepoint "Cleanup", Time since last: 1000144939 ns, Reaching safepoint: 121307 ns, At safepoint: 7757 ns, Total: 129064 ns
[2020-03-02T08:33:44.388+0000][1][safepoint    ] Safepoint "Cleanup", Time since last: 1000221342 ns, Reaching safepoint: 99110 ns, At safepoint: 10908 ns, Total: 110018 ns
[2020-03-02T08:33:45.388+0000][1][safepoint    ] Safepoint "Cleanup", Time since last: 1000364262 ns, Reaching safepoint: 102206 ns, At safepoint: 9089 ns, Total: 111295 ns
[2020-03-02T08:33:46.390+0000][1][safepoint    ] Safepoint "Cleanup", Time since last: 1001193554 ns, Reaching safepoint: 111911 ns, At safepoint: 11103 ns, Total: 123014 ns
[2020-03-02T08:33:47.390+0000][1][safepoint    ] Safepoint "Cleanup", Time since last: 1000266122 ns, Reaching safepoint: 102576 ns, At safepoint: 8309 ns, Total: 110885 ns
[2020-03-02T08:33:48.391+0000][1][safepoint    ] Safepoint "Cleanup", Time since last: 1001099694 ns, Reaching safepoint: 123239 ns, At safepoint: 69259 ns, Total: 192498 ns
[2020-03-02T08:33:49.400+0000][1][safepoint    ] Safepoint "Cleanup", Time since last: 1008149484 ns, Reaching safepoint: 71932 ns, At safepoint: 8763 ns, Total: 80695 ns
[2020-03-02T08:33:50.400+0000][1][safepoint    ] Safepoint "Cleanup", Time since last: 1000481694 ns, Reaching safepoint: 97519 ns, At safepoint: 9191 ns, Total: 106710 ns
[2020-03-02T08:33:51.401+0000][1][safepoint    ] Safepoint "Cleanup", Time since last: 1000290867 ns, Reaching safepoint: 123470 ns, At safepoint: 9703 ns, Total: 133173 ns
[2020-03-02T08:33:52.401+0000][1][safepoint    ] Safepoint "Cleanup", Time since last: 1000345055 ns, Reaching safepoint: 102301 ns, At safepoint: 9424 ns, Total: 111725 ns
[2020-03-02T08:33:53.401+0000][1][safepoint    ] Safepoint "Cleanup", Time since last: 1000159272 ns, Reaching safepoint: 125425 ns, At safepoint: 9622 ns, Total: 135047 ns
[2020-03-02T08:33:54.402+0000][1][safepoint    ] Safepoint "Cleanup", Time since last: 1000233681 ns, Reaching safepoint: 105222 ns, At safepoint: 9036 ns, Total: 114258 ns
[2020-03-02T08:33:55.402+0000][1][safepoint    ] Safepoint "Cleanup", Time since last: 1000223547 ns, Reaching safepoint: 96712 ns, At safepoint: 8205 ns, Total: 104917 ns
[2020-03-02T08:33:56.402+0000][1][safepoint    ] Safepoint "Cleanup", Time since last: 1000232309 ns, Reaching safepoint: 102170 ns, At safepoint: 8783 ns, Total: 110953 ns
[2020-03-02T08:33:57.403+0000][1][safepoint    ] Safepoint "Cleanup", Time since last: 1000223130 ns, Reaching safepoint: 96592 ns, At safepoint: 9233 ns, Total: 105825 ns
[2020-03-02T08:33:58.403+0000][1][safepoint    ] Safepoint "Cleanup", Time since last: 1000300709 ns, Reaching safepoint: 136193 ns, At safepoint: 9400 ns, Total: 145593 ns
[2020-03-02T08:33:59.403+0000][1][safepoint    ] Safepoint "Cleanup", Time since last: 1000088960 ns, Reaching safepoint: 102985 ns, At safepoint: 11266 ns, Total: 114251 ns
[2020-03-02T08:34:00.409+0000][1][safepoint    ] Safepoint "Cleanup", Time since last: 1005166860 ns, Reaching safepoint: 74893 ns, At safepoint: 9517 ns, Total: 84410 ns
[2020-03-02T08:34:01.409+0000][1][safepoint    ] Safepoint "Cleanup", Time since last: 1000341383 ns, Reaching safepoint: 106694 ns, At safepoint: 9587 ns, Total: 116281 ns
[2020-03-02T08:34:02.410+0000][1][safepoint    ] Safepoint "Cleanup", Time since last: 1000334833 ns, Reaching safepoint: 131796 ns, At safepoint: 11474 ns, Total: 143270 ns
[2020-03-02T08:34:03.411+0000][1][safepoint    ] Safepoint "Cleanup", Time since last: 1001121935 ns, Reaching safepoint: 115503 ns, At safepoint: 20432 ns, Total: 135935 ns
[2020-03-02T08:34:04.412+0000][1][safepoint    ] Safepoint "Cleanup", Time since last: 1000633550 ns, Reaching safepoint: 105735 ns, At safepoint: 29861 ns, Total: 135596 ns
[2020-03-02T08:34:05.412+0000][1][safepoint    ] Safepoint "Cleanup", Time since last: 1000213720 ns, Reaching safepoint: 97554 ns, At safepoint: 10710 ns, Total: 108264 ns
[2020-03-02T08:34:06.413+0000][1][safepoint    ] Safepoint "Cleanup", Time since last: 1001088133 ns, Reaching safepoint: 200754 ns, At safepoint: 28329 ns, Total: 229083 ns
[2020-03-02T08:34:07.414+0000][1][safepoint    ] Safepoint "Cleanup", Time since last: 1000150263 ns, Reaching safepoint: 96571 ns, At safepoint: 8375 ns, Total: 104946 ns
[2020-03-02T08:34:08.414+0000][1][safepoint    ] Safepoint "Cleanup", Time since last: 1000163384 ns, Reaching safepoint: 162037 ns, At safepoint: 31521 ns, Total: 193558 ns
[2020-03-02T08:34:09.415+0000][1][safepoint    ] Safepoint "Cleanup", Time since last: 1001186032 ns, Reaching safepoint: 96665 ns, At safepoint: 9134 ns, Total: 105799 ns
[2020-03-02T08:34:10.416+0000][1][safepoint    ] Safepoint "Cleanup", Time since last: 1000205770 ns, Reaching safepoint: 103651 ns, At safepoint: 10770 ns, Total: 114421 ns
[2020-03-02T08:34:11.417+0000][1][safepoint    ] Safepoint "Cleanup", Time since last: 1001388700 ns, Reaching safepoint: 92119 ns, At safepoint: 8421 ns, Total: 100540 ns
[2020-03-02T08:34:12.417+0000][1][safepoint    ] Safepoint "Cleanup", Time since last: 1000273227 ns, Reaching safepoint: 99481 ns, At safepoint: 15135 ns, Total: 114616 ns
[2020-03-02T08:34:13.418+0000][1][safepoint    ] Safepoint "Cleanup", Time since last: 1000838623 ns, Reaching safepoint: 140146 ns, At safepoint: 9739 ns, Total: 149885 ns
[2020-03-02T08:34:14.419+0000][1][safepoint    ] Safepoint "Cleanup", Time since last: 1000677667 ns, Reaching safepoint: 126575 ns, At safepoint: 10724 ns, Total: 137299 ns
[2020-03-02T08:34:15.420+0000][1][safepoint    ] Safepoint "Cleanup", Time since last: 1000597215 ns, Reaching safepoint: 119574 ns, At safepoint: 9570 ns, Total: 129144 ns
[2020-03-02T08:34:16.420+0000][1][safepoint    ] Safepoint "Cleanup", Time since last: 1000079994 ns, Reaching safepoint: 99314 ns, At safepoint: 9107 ns, Total: 108421 ns
[2020-03-02T08:34:17.421+0000][1][safepoint    ] Safepoint "Cleanup", Time since last: 1000701729 ns, Reaching safepoint: 97639 ns, At safepoint: 10989 ns, Total: 108628 ns
[2020-03-02T08:34:18.421+0000][1][safepoint    ] Safepoint "Cleanup", Time since last: 1000366268 ns, Reaching safepoint: 115932 ns, At safepoint: 9071 ns, Total: 125003 ns
[2020-03-02T08:34:19.422+0000][1][safepoint    ] Safepoint "Cleanup", Time since last: 1000757672 ns, Reaching safepoint: 102711 ns, At safepoint: 9937 ns, Total: 112648 ns
[2020-03-02T08:34:20.423+0000][1][safepoint    ] Safepoint "Cleanup", Time since last: 1000697000 ns, Reaching safepoint: 107001 ns, At safepoint: 9066 ns, Total: 116067 ns
[2020-03-02T08:34:21.424+0000][1][safepoint    ] Safepoint "Cleanup", Time since last: 1000706774 ns, Reaching safepoint: 278843 ns, At safepoint: 31529 ns, Total: 310372 ns
[2020-03-02T08:34:22.428+0000][1][safepoint    ] Safepoint "Cleanup", Time since last: 1003559414 ns, Reaching safepoint: 134220 ns, At safepoint: 28355 ns, Total: 162575 ns
[2020-03-02T08:34:23.429+0000][1][safepoint    ] Safepoint "Cleanup", Time since last: 1000730760 ns, Reaching safepoint: 136659 ns, At safepoint: 9242 ns, Total: 145901 ns
[2020-03-02T08:34:24.430+0000][1][safepoint    ] Safepoint "Cleanup", Time since last: 1000875115 ns, Reaching safepoint: 98321 ns, At safepoint: 10551 ns, Total: 108872 ns
[2020-03-02T08:34:25.431+0000][1][safepoint    ] Safepoint "Cleanup", Time since last: 1000938262 ns, Reaching safepoint: 94852 ns, At safepoint: 8381 ns, Total: 103233 ns
[2020-03-02T08:34:26.431+0000][1][safepoint    ] Safepoint "Cleanup", Time since last: 1000405765 ns, Reaching safepoint: 97319 ns, At safepoint: 8809 ns, Total: 106128 ns
[2020-03-02T08:34:27.432+0000][1][safepoint    ] Safepoint "Cleanup", Time since last: 1000163242 ns, Reaching safepoint: 108075 ns, At safepoint: 9146 ns, Total: 117221 ns
[2020-03-02T08:34:28.432+0000][1][safepoint    ] Safepoint "Cleanup", Time since last: 1000334198 ns, Reaching safepoint: 96723 ns, At safepoint: 9760 ns, Total: 106483 ns
[2020-03-02T08:34:29.432+0000][1][safepoint    ] Safepoint "Cleanup", Time since last: 1000244810 ns, Reaching safepoint: 149129 ns, At safepoint: 9446 ns, Total: 158575 ns
[2020-03-02T08:34:30.434+0000][1][safepoint    ] Safepoint "Cleanup", Time since last: 1001111734 ns, Reaching safepoint: 122269 ns, At safepoint: 10483 ns, Total: 132752 ns
[2020-03-02T08:34:31.434+0000][1][safepoint    ] Safepoint "Cleanup", Time since last: 1000224443 ns, Reaching safepoint: 188990 ns, At safepoint: 10914 ns, Total: 199904 ns
[2020-03-02T08:34:32.435+0000][1][safepoint    ] Safepoint "Cleanup", Time since last: 1001139320 ns, Reaching safepoint: 104520 ns, At safepoint: 9234 ns, Total: 113754 ns
[2020-03-02T08:34:33.440+0000][1][safepoint    ] Safepoint "Cleanup", Time since last: 1004112441 ns, Reaching safepoint: 96709 ns, At safepoint: 8425 ns, Total: 105134 ns
[2020-03-02T08:34:34.440+0000][1][safepoint    ] Safepoint "Cleanup", Time since last: 1000296263 ns, Reaching safepoint: 151667 ns, At safepoint: 8947 ns, Total: 160614 ns
[2020-03-02T08:34:35.441+0000][1][safepoint    ] Safepoint "Cleanup", Time since last: 1000619000 ns, Reaching safepoint: 97427 ns, At safepoint: 8418 ns, Total: 105845 ns
[2020-03-02T08:34:36.441+0000][1][safepoint    ] Safepoint "Cleanup", Time since last: 1000155900 ns, Reaching safepoint: 299337 ns, At safepoint: 27187 ns, Total: 326524 ns
[2020-03-02T08:34:37.442+0000][1][safepoint    ] Safepoint "Cleanup", Time since last: 1000955902 ns, Reaching safepoint: 135139 ns, At safepoint: 16588 ns, Total: 151727 ns
[2020-03-02T08:34:38.443+0000][1][safepoint    ] Safepoint "Cleanup", Time since last: 1000680403 ns, Reaching safepoint: 134556 ns, At safepoint: 12995 ns, Total: 147551 ns
[2020-03-02T08:34:39.444+0000][1][safepoint    ] Safepoint "Cleanup", Time since last: 1000560375 ns, Reaching safepoint: 94055 ns, At safepoint: 9688 ns, Total: 103743 ns
[2020-03-02T08:34:40.445+0000][1][safepoint    ] Safepoint "Cleanup", Time since last: 1000790252 ns, Reaching safepoint: 106364 ns, At safepoint: 9853 ns, Total: 116217 ns
[2020-03-02T08:34:41.446+0000][1][safepoint    ] Safepoint "Cleanup", Time since last: 1000753139 ns, Reaching safepoint: 117568 ns, At safepoint: 9195 ns, Total: 126763 ns
[2020-03-02T08:34:42.447+0000][1][safepoint    ] Safepoint "Cleanup", Time since last: 1001122052 ns, Reaching safepoint: 112459 ns, At safepoint: 10973 ns, Total: 123432 ns
[2020-03-02T08:34:43.448+0000][1][safepoint    ] Safepoint "Cleanup", Time since last: 1000995564 ns, Reaching safepoint: 125135 ns, At safepoint: 11272 ns, Total: 136407 ns
[2020-03-02T08:34:44.452+0000][1][safepoint    ] Safepoint "Cleanup", Time since last: 1004261244 ns, Reaching safepoint: 94291 ns, At safepoint: 9372 ns, Total: 103663 ns
[2020-03-02T08:34:45.453+0000][1][safepoint    ] Safepoint "Cleanup", Time since last: 1000816421 ns, Reaching safepoint: 102528 ns, At safepoint: 9686 ns, Total: 112214 ns
[2020-03-02T08:34:46.454+0000][1][safepoint    ] Safepoint "Cleanup", Time since last: 1000619481 ns, Reaching safepoint: 157374 ns, At safepoint: 10739 ns, Total: 168113 ns
[2020-03-02T08:34:47.455+0000][1][safepoint    ] Safepoint "Cleanup", Time since last: 1001119935 ns, Reaching safepoint: 97362 ns, At safepoint: 9141 ns, Total: 106503 ns
[2020-03-02T08:34:48.456+0000][1][safepoint    ] Safepoint "Cleanup", Time since last: 1000185111 ns, Reaching safepoint: 251979 ns, At safepoint: 29573 ns, Total: 281552 ns
[2020-03-02T08:34:49.457+0000][1][safepoint    ] Safepoint "Cleanup", Time since last: 1000987265 ns, Reaching safepoint: 195217 ns, At safepoint: 9996 ns, Total: 205213 ns
[2020-03-02T08:34:50.458+0000][1][safepoint    ] Safepoint "Cleanup", Time since last: 1000363933 ns, Reaching safepoint: 301388 ns, At safepoint: 8766 ns, Total: 310154 ns
[2020-03-02T08:34:51.458+0000][1][safepoint    ] Safepoint "Cleanup", Time since last: 1000185396 ns, Reaching safepoint: 94761 ns, At safepoint: 8320 ns, Total: 103081 ns
[2020-03-02T08:34:52.459+0000][1][safepoint    ] Safepoint "Cleanup", Time since last: 1000438268 ns, Reaching safepoint: 265463 ns, At safepoint: 27761 ns, Total: 293224 ns
[2020-03-02T08:34:53.459+0000][1][safepoint    ] Safepoint "Cleanup", Time since last: 1000188550 ns, Reaching safepoint: 124190 ns, At safepoint: 9227 ns, Total: 133417 ns
[2020-03-02T08:34:54.459+0000][1][safepoint    ] Safepoint "Cleanup", Time since last: 1000317981 ns, Reaching safepoint: 120308 ns, At safepoint: 9382 ns, Total: 129690 ns
[2020-03-02T08:34:55.464+0000][1][safepoint    ] Safepoint "Cleanup", Time since last: 1004098866 ns, Reaching safepoint: 99595 ns, At safepoint: 8997 ns, Total: 108592 ns
[2020-03-02T08:34:56.464+0000][1][safepoint    ] Safepoint "Cleanup", Time since last: 1000246766 ns, Reaching safepoint: 102652 ns, At safepoint: 9653 ns, Total: 112305 ns
[2020-03-02T08:34:57.464+0000][1][safepoint    ] Safepoint "Cleanup", Time since last: 1000312235 ns, Reaching safepoint: 98179 ns, At safepoint: 9132 ns, Total: 107311 ns
[2020-03-02T08:34:58.465+0000][1][safepoint    ] Safepoint "Cleanup", Time since last: 1000256477 ns, Reaching safepoint: 124987 ns, At safepoint: 11981 ns, Total: 136968 ns
[2020-03-02T08:34:59.465+0000][1][safepoint    ] Safepoint "Cleanup", Time since last: 1000444251 ns, Reaching safepoint: 145085 ns, At safepoint: 9712 ns, Total: 154797 ns
[2020-03-02T08:35:00.466+0000][1][safepoint    ] Safepoint "Cleanup", Time since last: 1000245805 ns, Reaching safepoint: 96011 ns, At safepoint: 9115 ns, Total: 105126 ns
[2020-03-02T08:35:01.466+0000][1][safepoint    ] Safepoint "Cleanup", Time since last: 1000172222 ns, Reaching safepoint: 119155 ns, At safepoint: 9629 ns, Total: 128784 ns
[2020-03-02T08:35:02.467+0000][1][safepoint    ] Safepoint "Cleanup", Time since last: 1000452828 ns, Reaching safepoint: 99892 ns, At safepoint: 10695 ns, Total: 110587 ns
[2020-03-02T08:35:03.468+0000][1][safepoint    ] Safepoint "Cleanup", Time since last: 1001163753 ns, Reaching safepoint: 104911 ns, At safepoint: 8737 ns, Total: 113648 ns
[2020-03-02T08:35:04.468+0000][1][safepoint    ] Safepoint "Cleanup", Time since last: 1000407809 ns, Reaching safepoint: 110987 ns, At safepoint: 10395 ns, Total: 121382 ns
[2020-03-02T08:35:05.469+0000][1][safepoint    ] Safepoint "Cleanup", Time since last: 1000283106 ns, Reaching safepoint: 112958 ns, At safepoint: 8862 ns, Total: 121820 ns
[2020-03-02T08:35:06.473+0000][1][safepoint    ] Safepoint "Cleanup", Time since last: 1004185602 ns, Reaching safepoint: 191704 ns, At safepoint: 15310 ns, Total: 207014 ns
[2020-03-02T08:35:07.475+0000][1][safepoint    ] Safepoint "Cleanup", Time since last: 1001056732 ns, Reaching safepoint: 235470 ns, At safepoint: 29725 ns, Total: 265195 ns
[2020-03-02T08:35:08.476+0000][1][safepoint    ] Safepoint "Cleanup", Time since last: 1001237485 ns, Reaching safepoint: 120322 ns, At safepoint: 11667 ns, Total: 131989 ns
[2020-03-02T08:35:09.476+0000][1][safepoint    ] Safepoint "Cleanup", Time since last: 1000156189 ns, Reaching safepoint: 108396 ns, At safepoint: 17440 ns, Total: 125836 ns
[2020-03-02T08:35:10.477+0000][1][safepoint    ] Safepoint "Cleanup", Time since last: 1000526054 ns, Reaching safepoint: 187308 ns, At safepoint: 12709 ns, Total: 200017 ns
[2020-03-02T08:35:11.478+0000][1][safepoint    ] Safepoint "Cleanup", Time since last: 1001099213 ns, Reaching safepoint: 170222 ns, At safepoint: 14797 ns, Total: 185019 ns
[2020-03-02T08:35:12.479+0000][1][safepoint    ] Safepoint "Cleanup", Time since last: 1001043748 ns, Reaching safepoint: 99838 ns, At safepoint: 10336 ns, Total: 110174 ns
[2020-03-02T08:35:13.480+0000][1][safepoint    ] Safepoint "Cleanup", Time since last: 1000330061 ns, Reaching safepoint: 115318 ns, At safepoint: 10292 ns, Total: 125610 ns
[2020-03-02T08:35:14.481+0000][1][safepoint    ] Safepoint "Cleanup", Time since last: 1001163890 ns, Reaching safepoint: 97867 ns, At safepoint: 10015 ns, Total: 107882 ns
[2020-03-02T08:35:15.482+0000][1][safepoint    ] Safepoint "Cleanup", Time since last: 1001199191 ns, Reaching safepoint: 156111 ns, At safepoint: 14950 ns, Total: 171061 ns
[2020-03-02T08:35:16.483+0000][1][safepoint    ] Safepoint "Cleanup", Time since last: 1000377596 ns, Reaching safepoint: 94358 ns, At safepoint: 8445 ns, Total: 102803 ns
[2020-03-02T08:35:17.487+0000][1][safepoint    ] Safepoint "Cleanup", Time since last: 1004132329 ns, Reaching safepoint: 160714 ns, At safepoint: 9968 ns, Total: 170682 ns
[2020-03-02T08:35:18.488+0000][1][safepoint    ] Safepoint "Cleanup", Time since last: 1000285533 ns, Reaching safepoint: 97980 ns, At safepoint: 9074 ns, Total: 107054 ns
[2020-03-02T08:35:19.489+0000][1][safepoint    ] Safepoint "Cleanup", Time since last: 1001476192 ns, Reaching safepoint: 258048 ns, At safepoint: 12577 ns, Total: 270625 ns
[2020-03-02T08:35:20.490+0000][1][safepoint    ] Safepoint "Cleanup", Time since last: 1000818745 ns, Reaching safepoint: 266856 ns, At safepoint: 15814 ns, Total: 282670 ns
[2020-03-02T08:35:21.492+0000][1][safepoint    ] Safepoint "Cleanup", Time since last: 1001110624 ns, Reaching safepoint: 95106 ns, At safepoint: 10478 ns, Total: 105584 ns
[2020-03-02T08:35:22.492+0000][1][safepoint    ] Safepoint "Cleanup", Time since last: 1000443652 ns, Reaching safepoint: 95880 ns, At safepoint: 9205 ns, Total: 105085 ns
[2020-03-02T08:35:23.493+0000][1][safepoint    ] Safepoint "Cleanup", Time since last: 1000232532 ns, Reaching safepoint: 210056 ns, At safepoint: 16148 ns, Total: 226204 ns
[2020-03-02T08:35:24.493+0000][1][safepoint    ] Safepoint "Cleanup", Time since last: 1000230051 ns, Reaching safepoint: 97871 ns, At safepoint: 9233 ns, Total: 107104 ns
[2020-03-02T08:35:25.494+0000][1][safepoint    ] Safepoint "Cleanup", Time since last: 1001263163 ns, Reaching safepoint: 101367 ns, At safepoint: 9234 ns, Total: 110601 ns
[2020-03-02T08:35:26.496+0000][1][safepoint    ] Safepoint "Cleanup", Time since last: 1001109636 ns, Reaching safepoint: 116818 ns, At safepoint: 8878 ns, Total: 125696 ns
[2020-03-02T08:35:27.496+0000][1][safepoint    ] Safepoint "Cleanup", Time since last: 1000226821 ns, Reaching safepoint: 97007 ns, At safepoint: 8741 ns, Total: 105748 ns
[2020-03-02T08:35:28.497+0000][1][safepoint    ] Safepoint "Cleanup", Time since last: 1001353393 ns, Reaching safepoint: 107276 ns, At safepoint: 7944 ns, Total: 115220 ns
[2020-03-02T08:35:29.498+0000][1][safepoint    ] Safepoint "Cleanup", Time since last: 1000737016 ns, Reaching safepoint: 108501 ns, At safepoint: 10362 ns, Total: 118863 ns
[2020-03-02T08:35:30.499+0000][1][safepoint    ] Safepoint "Cleanup", Time since last: 1000196934 ns, Reaching safepoint: 105135 ns, At safepoint: 8686 ns, Total: 113821 ns
[2020-03-02T08:35:31.500+0000][1][safepoint    ] Safepoint "Cleanup", Time since last: 1000981452 ns, Reaching safepoint: 97243 ns, At safepoint: 8867 ns, Total: 106110 ns
[2020-03-02T08:35:32.503+0000][1][safepoint    ] Safepoint "Cleanup", Time since last: 1003169335 ns, Reaching safepoint: 99272 ns, At safepoint: 8097 ns, Total: 107369 ns
[2020-03-02T08:35:33.504+0000][1][safepoint    ] Safepoint "Cleanup", Time since last: 1000396819 ns, Reaching safepoint: 213878 ns, At safepoint: 10114 ns, Total: 223992 ns
[2020-03-02T08:35:34.505+0000][1][safepoint    ] Safepoint "Cleanup", Time since last: 1000896940 ns, Reaching safepoint: 161876 ns, At safepoint: 9582 ns, Total: 171458 ns
[2020-03-02T08:35:35.506+0000][1][safepoint    ] Safepoint "Cleanup", Time since last: 1000931327 ns, Reaching safepoint: 134333 ns, At safepoint: 10172 ns, Total: 144505 ns
[2020-03-02T08:35:36.507+0000][1][safepoint    ] Safepoint "Cleanup", Time since last: 1000950492 ns, Reaching safepoint: 218828 ns, At safepoint: 8885 ns, Total: 227713 ns
[2020-03-02T08:35:37.456+0000][1][safepoint    ] Safepoint "RevokeBias", Time since last: 948591637 ns, Reaching safepoint: 89001 ns, At safepoint: 34913 ns, Total: 123914 ns
[2020-03-02T08:35:38.456+0000][1][safepoint    ] Safepoint "Cleanup", Time since last: 1000618425 ns, Reaching safepoint: 123368 ns, At safepoint: 10672 ns, Total: 134040 ns
[2020-03-02T08:35:39.457+0000][1][safepoint    ] Safepoint "Cleanup", Time since last: 1000905731 ns, Reaching safepoint: 116340 ns, At safepoint: 10087 ns, Total: 126427 ns
[2020-03-02T08:35:40.458+0000][1][safepoint    ] Safepoint "Cleanup", Time since last: 1000483667 ns, Reaching safepoint: 187554 ns, At safepoint: 18841 ns, Total: 206395 ns
[2020-03-02T08:35:41.459+0000][1][safepoint    ] Safepoint "Cleanup", Time since last: 1000814033 ns, Reaching safepoint: 127563 ns, At safepoint: 8967 ns, Total: 136530 ns
[2020-03-02T08:35:42.460+0000][1][safepoint    ] Safepoint "Cleanup", Time since last: 1001353598 ns, Reaching safepoint: 84001 ns, At safepoint: 7382 ns, Total: 91383 ns
[2020-03-02T08:35:43.462+0000][1][safepoint    ] Safepoint "Cleanup", Time since last: 1001049239 ns, Reaching safepoint: 183021 ns, At safepoint: 9688 ns, Total: 192709 ns
[2020-03-02T08:35:44.463+0000][1][safepoint    ] Safepoint "Cleanup", Time since last: 1001107735 ns, Reaching safepoint: 93227 ns, At safepoint: 8298 ns, Total: 101525 ns
[2020-03-02T08:35:45.463+0000][1][safepoint    ] Safepoint "Cleanup", Time since last: 1000388271 ns, Reaching safepoint: 126967 ns, At safepoint: 8707 ns, Total: 135674 ns
[2020-03-02T08:35:46.465+0000][1][safepoint    ] Safepoint "Cleanup", Time since last: 1001122097 ns, Reaching safepoint: 94404 ns, At safepoint: 9382 ns, Total: 103786 ns
[2020-03-02T08:35:47.465+0000][1][safepoint    ] Safepoint "Cleanup", Time since last: 1000424745 ns, Reaching safepoint: 133620 ns, At safepoint: 8342 ns, Total: 141962 ns
[2020-03-02T08:35:48.465+0000][1][safepoint    ] Safepoint "Cleanup", Time since last: 1000120773 ns, Reaching safepoint: 96676 ns, At safepoint: 10182 ns, Total: 106858 ns
[2020-03-02T08:35:49.471+0000][1][safepoint    ] Safepoint "Cleanup", Time since last: 1005130874 ns, Reaching safepoint: 131741 ns, At safepoint: 10183 ns, Total: 141924 ns
[2020-03-02T08:35:50.471+0000][1][safepoint    ] Safepoint "Cleanup", Time since last: 1000318303 ns, Reaching safepoint: 98435 ns, At safepoint: 9263 ns, Total: 107698 ns
[2020-03-02T08:35:51.472+0000][1][safepoint    ] Safepoint "Cleanup", Time since last: 1000659281 ns, Reaching safepoint: 243924 ns, At safepoint: 31545 ns, Total: 275469 ns
[2020-03-02T08:35:52.476+0000][1][safepoint    ] Safepoint "Cleanup", Time since last: 1003651393 ns, Reaching safepoint: 158161 ns, At safepoint: 27574 ns, Total: 185735 ns
[2020-03-02T08:35:53.476+0000][1][safepoint    ] Safepoint "Cleanup", Time since last: 1000224171 ns, Reaching safepoint: 124585 ns, At safepoint: 8949 ns, Total: 133534 ns
[2020-03-02T08:35:54.477+0000][1][safepoint    ] Safepoint "Cleanup", Time since last: 1000416896 ns, Reaching safepoint: 97463 ns, At safepoint: 9764 ns, Total: 107227 ns
[2020-03-02T08:35:55.478+0000][1][safepoint    ] Safepoint "Cleanup", Time since last: 1000951475 ns, Reaching safepoint: 96821 ns, At safepoint: 9406 ns, Total: 106227 ns
[2020-03-02T08:35:56.478+0000][1][safepoint    ] Safepoint "Cleanup", Time since last: 1000280899 ns, Reaching safepoint: 95807 ns, At safepoint: 9588 ns, Total: 105395 ns
[2020-03-02T08:35:57.479+0000][1][safepoint    ] Safepoint "Cleanup", Time since last: 1000911561 ns, Reaching safepoint: 115020 ns, At safepoint: 9448 ns, Total: 124468 ns
[2020-03-02T08:35:58.480+0000][1][safepoint    ] Safepoint "Cleanup", Time since last: 1000642098 ns, Reaching safepoint: 96026 ns, At safepoint: 8243 ns, Total: 104269 ns
[2020-03-02T08:35:59.480+0000][1][safepoint    ] Safepoint "Cleanup", Time since last: 1000205439 ns, Reaching safepoint: 124219 ns, At safepoint: 10033 ns, Total: 134252 ns
[2020-03-02T08:36:00.490+0000][1][safepoint    ] Safepoint "Cleanup", Time since last: 1009976768 ns, Reaching safepoint: 102674 ns, At safepoint: 9205 ns, Total: 111879 ns
[2020-03-02T08:36:01.491+0000][1][safepoint    ] Safepoint "Cleanup", Time since last: 1000244780 ns, Reaching safepoint: 97031 ns, At safepoint: 9872 ns, Total: 106903 ns
[2020-03-02T08:36:02.492+0000][1][safepoint    ] Safepoint "Cleanup", Time since last: 1000900151 ns, Reaching safepoint: 103400 ns, At safepoint: 9546 ns, Total: 112946 ns
[2020-03-02T08:36:03.493+0000][1][safepoint    ] Safepoint "Cleanup", Time since last: 1000799097 ns, Reaching safepoint: 105223 ns, At safepoint: 8568 ns, Total: 113791 ns
[2020-03-02T08:36:04.493+0000][1][safepoint    ] Safepoint "Cleanup", Time since last: 1000273789 ns, Reaching safepoint: 96266 ns, At safepoint: 9962 ns, Total: 106228 ns
[2020-03-02T08:36:05.494+0000][1][safepoint    ] Safepoint "Cleanup", Time since last: 1000690248 ns, Reaching safepoint: 98442 ns, At safepoint: 10979 ns, Total: 109421 ns
[2020-03-02T08:36:06.495+0000][1][safepoint    ] Safepoint "Cleanup", Time since last: 1000764664 ns, Reaching safepoint: 106863 ns, At safepoint: 8721 ns, Total: 115584 ns
[2020-03-02T08:36:07.474+0000][1][gc,start     ] GC(37) Pause Young (Allocation Failure)
[2020-03-02T08:36:07.474+0000][1][gc,task      ] GC(37) Using 1 workers of 1 for evacuation
[2020-03-02T08:36:07.589+0000][1][gc,age       ] GC(37) Desired survivor size 4358144 bytes, new threshold 6 (max threshold 6)
[2020-03-02T08:36:07.589+0000][1][gc,age       ] GC(37) Age table with threshold 6 (max threshold 6)
[2020-03-02T08:36:07.589+0000][1][gc,age       ] GC(37) - age   1:      10304 bytes,      10304 total
[2020-03-02T08:36:07.589+0000][1][gc,age       ] GC(37) - age   2:     293376 bytes,     303680 total
[2020-03-02T08:36:07.589+0000][1][gc,age       ] GC(37) - age   3:     258896 bytes,     562576 total
[2020-03-02T08:36:07.589+0000][1][gc,age       ] GC(37) - age   4:      39896 bytes,     602472 total
[2020-03-02T08:36:07.589+0000][1][gc,age       ] GC(37) - age   5:       9152 bytes,     611624 total
[2020-03-02T08:36:07.589+0000][1][gc,age       ] GC(37) - age   6:    2560080 bytes,    3171704 total
[2020-03-02T08:36:07.589+0000][1][gc,heap      ] GC(37) ParNew: 71827K->3304K(76672K)
[2020-03-02T08:36:07.589+0000][1][gc,heap      ] GC(37) CMS: 62420K->62502K(963392K)
[2020-03-02T08:36:07.589+0000][1][gc,metaspace ] GC(37) Metaspace: 83065K->83065K(1126400K)
[2020-03-02T08:36:07.589+0000][1][gc           ] GC(37) Pause Young (Allocation Failure) 131M->64M(1015M) 115.526ms
[2020-03-02T08:36:07.589+0000][1][gc,cpu       ] GC(37) User=0.02s Sys=0.00s Real=0.12s
[2020-03-02T08:36:07.589+0000][1][safepoint    ] Safepoint "GenCollectForAllocation", Time since last: 978679697 ns, Reaching safepoint: 108883 ns, At safepoint: 115597219 ns, Total: 115706102 ns
[2020-03-02T08:36:08.590+0000][1][safepoint    ] Safepoint "Cleanup", Time since last: 1000369603 ns, Reaching safepoint: 96782 ns, At safepoint: 9878 ns, Total: 106660 ns
[2020-03-02T08:36:09.590+0000][1][safepoint    ] Safepoint "Cleanup", Time since last: 1000288866 ns, Reaching safepoint: 188523 ns, At safepoint: 12188 ns, Total: 200711 ns
[2020-03-02T08:36:10.591+0000][1][safepoint    ] Safepoint "Cleanup", Time since last: 1000588691 ns, Reaching safepoint: 100672 ns, At safepoint: 9073 ns, Total: 109745 ns
[2020-03-02T08:36:11.601+0000][1][safepoint    ] Safepoint "Cleanup", Time since last: 1010239669 ns, Reaching safepoint: 137128 ns, At safepoint: 9546 ns, Total: 146674 ns
[2020-03-02T08:36:12.602+0000][1][safepoint    ] Safepoint "Cleanup", Time since last: 1000717692 ns, Reaching safepoint: 100003 ns, At safepoint: 10906 ns, Total: 110909 ns
[2020-03-02T08:36:13.603+0000][1][safepoint    ] Safepoint "Cleanup", Time since last: 1001101827 ns, Reaching safepoint: 132457 ns, At safepoint: 8464 ns, Total: 140921 ns
[2020-03-02T08:36:14.605+0000][1][safepoint    ] Safepoint "Cleanup", Time since last: 1001161917 ns, Reaching safepoint: 101656 ns, At safepoint: 9497 ns, Total: 111153 ns
[2020-03-02T08:36:15.605+0000][1][safepoint    ] Safepoint "Cleanup", Time since last: 1000159096 ns, Reaching safepoint: 101160 ns, At safepoint: 10490 ns, Total: 111650 ns
[2020-03-02T08:36:16.605+0000][1][safepoint    ] Safepoint "Cleanup", Time since last: 1000423062 ns, Reaching safepoint: 117216 ns, At safepoint: 10228 ns, Total: 127444 ns
[2020-03-02T08:36:17.606+0000][1][safepoint    ] Safepoint "Cleanup", Time since last: 1000210495 ns, Reaching safepoint: 135063 ns, At safepoint: 11786 ns, Total: 146849 ns
[2020-03-02T08:36:18.606+0000][1][safepoint    ] Safepoint "Cleanup", Time since last: 1000389023 ns, Reaching safepoint: 98931 ns, At safepoint: 9755 ns, Total: 108686 ns
[2020-03-02T08:36:19.607+0000][1][safepoint    ] Safepoint "Cleanup", Time since last: 1001109122 ns, Reaching safepoint: 106692 ns, At safepoint: 8745 ns, Total: 115437 ns
[2020-03-02T08:36:20.608+0000][1][safepoint    ] Safepoint "Cleanup", Time since last: 1000413481 ns, Reaching safepoint: 114821 ns, At safepoint: 9242 ns, Total: 124063 ns
[2020-03-02T08:36:21.608+0000][1][safepoint    ] Safepoint "Cleanup", Time since last: 1000178761 ns, Reaching safepoint: 132478 ns, At safepoint: 8502 ns, Total: 140980 ns
[2020-03-02T08:36:22.611+0000][1][safepoint    ] Safepoint "Cleanup", Time since last: 1002094778 ns, Reaching safepoint: 104141 ns, At safepoint: 9192 ns, Total: 113333 ns
[2020-03-02T08:36:23.611+0000][1][safepoint    ] Safepoint "Cleanup", Time since last: 1000282343 ns, Reaching safepoint: 153655 ns, At safepoint: 9881 ns, Total: 163536 ns
[2020-03-02T08:36:24.611+0000][1][safepoint    ] Safepoint "Cleanup", Time since last: 1000331581 ns, Reaching safepoint: 123413 ns, At safepoint: 10801 ns, Total: 134214 ns
[2020-03-02T08:36:25.612+0000][1][safepoint    ] Safepoint "Cleanup", Time since last: 1000387979 ns, Reaching safepoint: 105700 ns, At safepoint: 9727 ns, Total: 115427 ns
[2020-03-02T08:36:26.620+0000][1][safepoint    ] Safepoint "Cleanup", Time since last: 1007804256 ns, Reaching safepoint: 104962 ns, At safepoint: 8176 ns, Total: 113138 ns
[2020-03-02T08:36:27.621+0000][1][safepoint    ] Safepoint "Cleanup", Time since last: 1000682280 ns, Reaching safepoint: 95982 ns, At safepoint: 9240 ns, Total: 105222 ns
[2020-03-02T08:36:28.622+0000][1][safepoint    ] Safepoint "Cleanup", Time since last: 1000753016 ns, Reaching safepoint: 111917 ns, At safepoint: 8462 ns, Total: 120379 ns
[2020-03-02T08:36:29.622+0000][1][safepoint    ] Safepoint "Cleanup", Time since last: 1000564155 ns, Reaching safepoint: 96816 ns, At safepoint: 8118 ns, Total: 104934 ns
[2020-03-02T08:36:30.623+0000][1][safepoint    ] Safepoint "Cleanup", Time since last: 1000743621 ns, Reaching safepoint: 121235 ns, At safepoint: 8290 ns, Total: 129525 ns
[2020-03-02T08:36:31.624+0000][1][safepoint    ] Safepoint "Cleanup", Time since last: 1000422080 ns, Reaching safepoint: 116882 ns, At safepoint: 11510 ns, Total: 128392 ns
[2020-03-02T08:36:32.624+0000][1][safepoint    ] Safepoint "Cleanup", Time since last: 1000344080 ns, Reaching safepoint: 196981 ns, At safepoint: 24524 ns, Total: 221505 ns
[2020-03-02T08:36:33.632+0000][1][safepoint    ] Safepoint "Cleanup", Time since last: 1007730655 ns, Reaching safepoint: 108854 ns, At safepoint: 14967 ns, Total: 123821 ns
[2020-03-02T08:36:34.633+0000][1][safepoint    ] Safepoint "Cleanup", Time since last: 1000681237 ns, Reaching safepoint: 103873 ns, At safepoint: 8987 ns, Total: 112860 ns
[2020-03-02T08:36:35.633+0000][1][safepoint    ] Safepoint "Cleanup", Time since last: 1000200482 ns, Reaching safepoint: 102160 ns, At safepoint: 10376 ns, Total: 112536 ns
[2020-03-02T08:36:36.634+0000][1][safepoint    ] Safepoint "Cleanup", Time since last: 1000417276 ns, Reaching safepoint: 111262 ns, At safepoint: 10326 ns, Total: 121588 ns
[2020-03-02T08:36:37.634+0000][1][safepoint    ] Safepoint "Cleanup", Time since last: 1000542068 ns, Reaching safepoint: 97448 ns, At safepoint: 10958 ns, Total: 108406 ns
[2020-03-02T08:36:38.635+0000][1][safepoint    ] Safepoint "Cleanup", Time since last: 1000779373 ns, Reaching safepoint: 108301 ns, At safepoint: 11067 ns, Total: 119368 ns
[2020-03-02T08:36:39.636+0000][1][safepoint    ] Safepoint "Cleanup", Time since last: 1000224761 ns, Reaching safepoint: 99440 ns, At safepoint: 8765 ns, Total: 108205 ns
[2020-03-02T08:36:40.636+0000][1][safepoint    ] Safepoint "Cleanup", Time since last: 1000528292 ns, Reaching safepoint: 107223 ns, At safepoint: 8427 ns, Total: 115650 ns
[2020-03-02T08:36:41.637+0000][1][safepoint    ] Safepoint "Cleanup", Time since last: 1000463138 ns, Reaching safepoint: 96517 ns, At safepoint: 8167 ns, Total: 104684 ns
[2020-03-02T08:36:42.637+0000][1][safepoint    ] Safepoint "Cleanup", Time since last: 1000573290 ns, Reaching safepoint: 99987 ns, At safepoint: 9207 ns, Total: 109194 ns
[2020-03-02T08:36:43.638+0000][1][safepoint    ] Safepoint "Cleanup", Time since last: 1000487919 ns, Reaching safepoint: 97859 ns, At safepoint: 10203 ns, Total: 108062 ns
[2020-03-02T08:36:44.639+0000][1][safepoint    ] Safepoint "Cleanup", Time since last: 1000432567 ns, Reaching safepoint: 74145 ns, At safepoint: 8478 ns, Total: 82623 ns
[2020-03-02T08:36:45.640+0000][1][safepoint    ] Safepoint "Cleanup", Time since last: 1001077973 ns, Reaching safepoint: 103703 ns, At safepoint: 10707 ns, Total: 114410 ns
[2020-03-02T08:36:46.641+0000][1][safepoint    ] Safepoint "Cleanup", Time since last: 1000655787 ns, Reaching safepoint: 95006 ns, At safepoint: 8692 ns, Total: 103698 ns
[2020-03-02T08:36:47.641+0000][1][safepoint    ] Safepoint "Cleanup", Time since last: 1000507994 ns, Reaching safepoint: 95134 ns, At safepoint: 8496 ns, Total: 103630 ns
[2020-03-02T08:36:48.641+0000][1][safepoint    ] Safepoint "Cleanup", Time since last: 1000124520 ns, Reaching safepoint: 128207 ns, At safepoint: 10587 ns, Total: 138794 ns
[2020-03-02T08:36:49.642+0000][1][safepoint    ] Safepoint "Cleanup", Time since last: 1000644097 ns, Reaching safepoint: 100694 ns, At safepoint: 9519 ns, Total: 110213 ns
[2020-03-02T08:36:50.642+0000][1][safepoint    ] Safepoint "Cleanup", Time since last: 1000163282 ns, Reaching safepoint: 100866 ns, At safepoint: 10134 ns, Total: 111000 ns
[2020-03-02T08:36:51.643+0000][1][safepoint    ] Safepoint "Cleanup", Time since last: 1000133741 ns, Reaching safepoint: 96190 ns, At safepoint: 8595 ns, Total: 104785 ns
[2020-03-02T08:36:52.643+0000][1][safepoint    ] Safepoint "Cleanup", Time since last: 1000172469 ns, Reaching safepoint: 106201 ns, At safepoint: 8978 ns, Total: 115179 ns
[2020-03-02T08:36:53.643+0000][1][safepoint    ] Safepoint "Cleanup", Time since last: 1000161342 ns, Reaching safepoint: 115760 ns, At safepoint: 9341 ns, Total: 125101 ns
[2020-03-02T08:36:54.645+0000][1][safepoint    ] Safepoint "Cleanup", Time since last: 1001347690 ns, Reaching safepoint: 91805 ns, At safepoint: 8804 ns, Total: 100609 ns
[2020-03-02T08:36:55.649+0000][1][safepoint    ] Safepoint "Cleanup", Time since last: 1003997287 ns, Reaching safepoint: 112103 ns, At safepoint: 8877 ns, Total: 120980 ns
[2020-03-02T08:36:56.649+0000][1][safepoint    ] Safepoint "Cleanup", Time since last: 1000335640 ns, Reaching safepoint: 96304 ns, At safepoint: 8955 ns, Total: 105259 ns
[2020-03-02T08:36:57.651+0000][1][safepoint    ] Safepoint "Cleanup", Time since last: 1001656240 ns, Reaching safepoint: 94404 ns, At safepoint: 9299 ns, Total: 103703 ns
[2020-03-02T08:36:58.657+0000][1][safepoint    ] Safepoint "Cleanup", Time since last: 1005652030 ns, Reaching safepoint: 73468 ns, At safepoint: 9516 ns, Total: 82984 ns
[2020-03-02T08:36:59.659+0000][1][safepoint    ] Safepoint "Cleanup", Time since last: 1002200966 ns, Reaching safepoint: 154435 ns, At safepoint: 10419 ns, Total: 164854 ns
[2020-03-02T08:37:00.660+0000][1][safepoint    ] Safepoint "Cleanup", Time since last: 1000796001 ns, Reaching safepoint: 189573 ns, At safepoint: 9059 ns, Total: 198632 ns
[2020-03-02T08:37:01.661+0000][1][safepoint    ] Safepoint "Cleanup", Time since last: 1000645215 ns, Reaching safepoint: 95755 ns, At safepoint: 8937 ns, Total: 104692 ns
[2020-03-02T08:37:02.662+0000][1][safepoint    ] Safepoint "Cleanup", Time since last: 1000926701 ns, Reaching safepoint: 98860 ns, At safepoint: 7954 ns, Total: 106814 ns
[2020-03-02T08:37:02.680+0000][1][safepoint    ] Safepoint "RevokeBias", Time since last: 17929373 ns, Reaching safepoint: 88612 ns, At safepoint: 20498 ns, Total: 109110 ns
[2020-03-02T08:37:02.742+0000][1][safepoint    ] Safepoint "RevokeBias", Time since last: 62353114 ns, Reaching safepoint: 60277 ns, At safepoint: 16549 ns, Total: 76826 ns
[2020-03-02T08:37:02.743+0000][1][safepoint    ] Safepoint "RevokeBias", Time since last: 128673 ns, Reaching safepoint: 33635 ns, At safepoint: 9969 ns, Total: 43604 ns
[2020-03-02T08:37:02.750+0000][1][safepoint    ] Safepoint "RevokeBias", Time since last: 6809098 ns, Reaching safepoint: 186355 ns, At safepoint: 38980 ns, Total: 225335 ns
[2020-03-02T08:37:02.750+0000][1][safepoint    ] Safepoint "RevokeBias", Time since last: 219501 ns, Reaching safepoint: 68693 ns, At safepoint: 15066 ns, Total: 83759 ns
[2020-03-02T08:37:02.798+0000][1][safepoint    ] Safepoint "RevokeBias", Time since last: 48225037 ns, Reaching safepoint: 86441 ns, At safepoint: 20297 ns, Total: 106738 ns
[2020-03-02T08:37:02.801+0000][1][safepoint    ] Safepoint "RevokeBias", Time since last: 2293249 ns, Reaching safepoint: 161843 ns, At safepoint: 54705 ns, Total: 216548 ns
[2020-03-02T08:37:03.805+0000][1][safepoint    ] Safepoint "Cleanup", Time since last: 1003723077 ns, Reaching safepoint: 102781 ns, At safepoint: 9055 ns, Total: 111836 ns
[2020-03-02T08:37:04.805+0000][1][safepoint    ] Safepoint "Cleanup", Time since last: 1000808099 ns, Reaching safepoint: 96893 ns, At safepoint: 8613 ns, Total: 105506 ns
[2020-03-02T08:37:05.810+0000][1][safepoint    ] Safepoint "Cleanup", Time since last: 1004342410 ns, Reaching safepoint: 115216 ns, At safepoint: 9502 ns, Total: 124718 ns
[2020-03-02T08:37:06.812+0000][1][safepoint    ] Safepoint "Cleanup", Time since last: 1001772579 ns, Reaching safepoint: 94860 ns, At safepoint: 8143 ns, Total: 103003 ns
[2020-03-02T08:37:07.812+0000][1][safepoint    ] Safepoint "Cleanup", Time since last: 1000598843 ns, Reaching safepoint: 71605 ns, At safepoint: 8246 ns, Total: 79851 ns
[2020-03-02T08:37:08.813+0000][1][safepoint    ] Safepoint "Cleanup", Time since last: 1000290151 ns, Reaching safepoint: 240078 ns, At safepoint: 8818 ns, Total: 248896 ns
[2020-03-02T08:37:09.815+0000][1][safepoint    ] Safepoint "Cleanup", Time since last: 1001837925 ns, Reaching safepoint: 94799 ns, At safepoint: 9035 ns, Total: 103834 ns
[2020-03-02T08:37:10.820+0000][1][safepoint    ] Safepoint "Cleanup", Time since last: 1004867948 ns, Reaching safepoint: 156915 ns, At safepoint: 13523 ns, Total: 170438 ns
[2020-03-02T08:37:11.832+0000][1][safepoint    ] Safepoint "Cleanup", Time since last: 1011661989 ns, Reaching safepoint: 130836 ns, At safepoint: 9283 ns, Total: 140119 ns
[2020-03-02T08:37:12.835+0000][1][safepoint    ] Safepoint "Cleanup", Time since last: 1002821112 ns, Reaching safepoint: 111527 ns, At safepoint: 11834 ns, Total: 123361 ns
[2020-03-02T08:37:13.836+0000][1][safepoint    ] Safepoint "Cleanup", Time since last: 1001058037 ns, Reaching safepoint: 115275 ns, At safepoint: 11849 ns, Total: 127124 ns
[2020-03-02T08:37:14.840+0000][1][safepoint    ] Safepoint "Cleanup", Time since last: 1003859956 ns, Reaching safepoint: 105560 ns, At safepoint: 10317 ns, Total: 115877 ns
[2020-03-02T08:37:15.843+0000][1][safepoint    ] Safepoint "Cleanup", Time since last: 1002597019 ns, Reaching safepoint: 92668 ns, At safepoint: 15285 ns, Total: 107953 ns
[2020-03-02T08:37:16.844+0000][1][safepoint    ] Safepoint "Cleanup", Time since last: 1000926692 ns, Reaching safepoint: 95641 ns, At safepoint: 8454 ns, Total: 104095 ns
[2020-03-02T08:37:17.845+0000][1][safepoint    ] Safepoint "Cleanup", Time since last: 1001035489 ns, Reaching safepoint: 128035 ns, At safepoint: 8673 ns, Total: 136708 ns
[2020-03-02T08:37:18.847+0000][1][safepoint    ] Safepoint "Cleanup", Time since last: 1002013335 ns, Reaching safepoint: 207999 ns, At safepoint: 14334 ns, Total: 222333 ns
[2020-03-02T08:37:19.849+0000][1][safepoint    ] Safepoint "Cleanup", Time since last: 1001747298 ns, Reaching safepoint: 200280 ns, At safepoint: 25531 ns, Total: 225811 ns
[2020-03-02T08:37:20.850+0000][1][safepoint    ] Safepoint "Cleanup", Time since last: 1000759617 ns, Reaching safepoint: 132987 ns, At safepoint: 8644 ns, Total: 141631 ns
[2020-03-02T08:37:21.851+0000][1][safepoint    ] Safepoint "Cleanup", Time since last: 1001404796 ns, Reaching safepoint: 136376 ns, At safepoint: 9671 ns, Total: 146047 ns
[2020-03-02T08:37:22.852+0000][1][safepoint    ] Safepoint "Cleanup", Time since last: 1000686052 ns, Reaching safepoint: 95820 ns, At safepoint: 9133 ns, Total: 104953 ns
[2020-03-02T08:37:23.853+0000][1][safepoint    ] Safepoint "Cleanup", Time since last: 1000734172 ns, Reaching safepoint: 124711 ns, At safepoint: 8987 ns, Total: 133698 ns
[2020-03-02T08:37:24.854+0000][1][safepoint    ] Safepoint "Cleanup", Time since last: 1000324839 ns, Reaching safepoint: 109003 ns, At safepoint: 8892 ns, Total: 117895 ns
[2020-03-02T08:37:25.854+0000][1][safepoint    ] Safepoint "Cleanup", Time since last: 1000327875 ns, Reaching safepoint: 77871 ns, At safepoint: 9946 ns, Total: 87817 ns
[2020-03-02T08:37:26.856+0000][1][safepoint    ] Safepoint "Cleanup", Time since last: 1001618101 ns, Reaching safepoint: 79716 ns, At safepoint: 7788 ns, Total: 87504 ns
[2020-03-02T08:37:27.857+0000][1][safepoint    ] Safepoint "Cleanup", Time since last: 1000884322 ns, Reaching safepoint: 116563 ns, At safepoint: 8983 ns, Total: 125546 ns
[2020-03-02T08:37:28.858+0000][1][safepoint    ] Safepoint "Cleanup", Time since last: 1000963054 ns, Reaching safepoint: 92148 ns, At safepoint: 8586 ns, Total: 100734 ns
[2020-03-02T08:37:29.860+0000][1][safepoint    ] Safepoint "Cleanup", Time since last: 1001580625 ns, Reaching safepoint: 143162 ns, At safepoint: 12234 ns, Total: 155396 ns
[2020-03-02T08:37:30.861+0000][1][safepoint    ] Safepoint "Cleanup", Time since last: 1001217980 ns, Reaching safepoint: 174533 ns, At safepoint: 9808 ns, Total: 184341 ns
[2020-03-02T08:37:31.866+0000][1][safepoint    ] Safepoint "Cleanup", Time since last: 1005348065 ns, Reaching safepoint: 110845 ns, At safepoint: 9244 ns, Total: 120089 ns
[2020-03-02T08:37:32.873+0000][1][safepoint    ] Safepoint "Cleanup", Time since last: 1006114560 ns, Reaching safepoint: 169493 ns, At safepoint: 24067 ns, Total: 193560 ns
[2020-03-02T08:37:33.874+0000][1][safepoint    ] Safepoint "Cleanup", Time since last: 1000903128 ns, Reaching safepoint: 108748 ns, At safepoint: 9045 ns, Total: 117793 ns
[2020-03-02T08:37:34.876+0000][1][safepoint    ] Safepoint "Cleanup", Time since last: 1002160728 ns, Reaching safepoint: 105681 ns, At safepoint: 9522 ns, Total: 115203 ns
[2020-03-02T08:37:35.878+0000][1][safepoint    ] Safepoint "Cleanup", Time since last: 1001526465 ns, Reaching safepoint: 95378 ns, At safepoint: 8960 ns, Total: 104338 ns
[2020-03-02T08:37:36.879+0000][1][safepoint    ] Safepoint "Cleanup", Time since last: 1000972311 ns, Reaching safepoint: 116054 ns, At safepoint: 9023 ns, Total: 125077 ns
[2020-03-02T08:37:37.884+0000][1][safepoint    ] Safepoint "Cleanup", Time since last: 1005008251 ns, Reaching safepoint: 122174 ns, At safepoint: 13662 ns, Total: 135836 ns
[2020-03-02T08:37:38.885+0000][1][safepoint    ] Safepoint "Cleanup", Time since last: 1000862859 ns, Reaching safepoint: 110881 ns, At safepoint: 11612 ns, Total: 122493 ns
[2020-03-02T08:37:39.888+0000][1][safepoint    ] Safepoint "Cleanup", Time since last: 1002692982 ns, Reaching safepoint: 135038 ns, At safepoint: 9537 ns, Total: 144575 ns
[2020-03-02T08:37:40.889+0000][1][safepoint    ] Safepoint "Cleanup", Time since last: 1000975985 ns, Reaching safepoint: 138431 ns, At safepoint: 12511 ns, Total: 150942 ns
[2020-03-02T08:37:41.893+0000][1][safepoint    ] Safepoint "Cleanup", Time since last: 1003791697 ns, Reaching safepoint: 91341 ns, At safepoint: 9416 ns, Total: 100757 ns
[2020-03-02T08:37:42.894+0000][1][safepoint    ] Safepoint "Cleanup", Time since last: 1000853454 ns, Reaching safepoint: 76491 ns, At safepoint: 8809 ns, Total: 85300 ns
[2020-03-02T08:37:43.896+0000][1][safepoint    ] Safepoint "Cleanup", Time since last: 1002044189 ns, Reaching safepoint: 251396 ns, At safepoint: 30953 ns, Total: 282349 ns
[2020-03-02T08:37:44.898+0000][1][safepoint    ] Safepoint "Cleanup", Time since last: 1002049704 ns, Reaching safepoint: 125173 ns, At safepoint: 8872 ns, Total: 134045 ns
[2020-03-02T08:37:45.904+0000][1][safepoint    ] Safepoint "Cleanup", Time since last: 1005708040 ns, Reaching safepoint: 97708 ns, At safepoint: 10658 ns, Total: 108366 ns
[2020-03-02T08:37:46.906+0000][1][safepoint    ] Safepoint "Cleanup", Time since last: 1001811301 ns, Reaching safepoint: 104246 ns, At safepoint: 8286 ns, Total: 112532 ns
[2020-03-02T08:37:47.908+0000][1][safepoint    ] Safepoint "Cleanup", Time since last: 1001741957 ns, Reaching safepoint: 105725 ns, At safepoint: 10969 ns, Total: 116694 ns
[2020-03-02T08:37:48.909+0000][1][safepoint    ] Safepoint "Cleanup", Time since last: 1001133279 ns, Reaching safepoint: 132560 ns, At safepoint: 8815 ns, Total: 141375 ns
[2020-03-02T08:37:49.912+0000][1][safepoint    ] Safepoint "Cleanup", Time since last: 1002673228 ns, Reaching safepoint: 95302 ns, At safepoint: 8983 ns, Total: 104285 ns
[2020-03-02T08:37:50.918+0000][1][safepoint    ] Safepoint "Cleanup", Time since last: 1005870783 ns, Reaching safepoint: 129729 ns, At safepoint: 17923 ns, Total: 147652 ns
[2020-03-02T08:37:51.919+0000][1][safepoint    ] Safepoint "Cleanup", Time since last: 1001028726 ns, Reaching safepoint: 101278 ns, At safepoint: 8902 ns, Total: 110180 ns
[2020-03-02T08:37:52.920+0000][1][safepoint    ] Safepoint "Cleanup", Time since last: 1000928014 ns, Reaching safepoint: 116793 ns, At safepoint: 9091 ns, Total: 125884 ns
[2020-03-02T08:37:53.929+0000][1][safepoint    ] Safepoint "Cleanup", Time since last: 1008647857 ns, Reaching safepoint: 127499 ns, At safepoint: 9094 ns, Total: 136593 ns
[2020-03-02T08:37:54.933+0000][1][safepoint    ] Safepoint "Cleanup", Time since last: 1004563439 ns, Reaching safepoint: 95076 ns, At safepoint: 8544 ns, Total: 103620 ns
[2020-03-02T08:37:55.935+0000][1][safepoint    ] Safepoint "Cleanup", Time since last: 1001326148 ns, Reaching safepoint: 74736 ns, At safepoint: 8753 ns, Total: 83489 ns
[2020-03-02T08:37:56.944+0000][1][safepoint    ] Safepoint "Cleanup", Time since last: 1008984589 ns, Reaching safepoint: 94929 ns, At safepoint: 8777 ns, Total: 103706 ns
[2020-03-02T08:37:57.948+0000][1][safepoint    ] Safepoint "Cleanup", Time since last: 1003616948 ns, Reaching safepoint: 93972 ns, At safepoint: 8668 ns, Total: 102640 ns
[2020-03-02T08:37:58.949+0000][1][safepoint    ] Safepoint "Cleanup", Time since last: 1000839002 ns, Reaching safepoint: 120049 ns, At safepoint: 9423 ns, Total: 129472 ns
[2020-03-02T08:37:59.950+0000][1][safepoint    ] Safepoint "Cleanup", Time since last: 1000942761 ns, Reaching safepoint: 114925 ns, At safepoint: 8687 ns, Total: 123612 ns
[2020-03-02T08:38:00.951+0000][1][safepoint    ] Safepoint "Cleanup", Time since last: 1000730854 ns, Reaching safepoint: 75444 ns, At safepoint: 8244 ns, Total: 83688 ns
[2020-03-02T08:38:01.954+0000][1][safepoint    ] Safepoint "Cleanup", Time since last: 1003787477 ns, Reaching safepoint: 141990 ns, At safepoint: 13218 ns, Total: 155208 ns
[2020-03-02T08:38:02.956+0000][1][safepoint    ] Safepoint "Cleanup", Time since last: 1001483677 ns, Reaching safepoint: 160329 ns, At safepoint: 12292 ns, Total: 172621 ns
[2020-03-02T08:38:03.957+0000][1][safepoint    ] Safepoint "Cleanup", Time since last: 1000631754 ns, Reaching safepoint: 93719 ns, At safepoint: 8532 ns, Total: 102251 ns
[2020-03-02T08:38:04.975+0000][1][safepoint    ] Safepoint "Cleanup", Time since last: 1018137328 ns, Reaching safepoint: 79750 ns, At safepoint: 7944 ns, Total: 87694 ns
[2020-03-02T08:38:05.978+0000][1][safepoint    ] Safepoint "Cleanup", Time since last: 1002437013 ns, Reaching safepoint: 109042 ns, At safepoint: 8632 ns, Total: 117674 ns
[2020-03-02T08:38:06.979+0000][1][safepoint    ] Safepoint "Cleanup", Time since last: 1000779731 ns, Reaching safepoint: 113000 ns, At safepoint: 28966 ns, Total: 141966 ns
[2020-03-02T08:38:07.985+0000][1][safepoint    ] Safepoint "Cleanup", Time since last: 1006079574 ns, Reaching safepoint: 75697 ns, At safepoint: 9014 ns, Total: 84711 ns
[2020-03-02T08:38:08.988+0000][1][safepoint    ] Safepoint "Cleanup", Time since last: 1002985379 ns, Reaching safepoint: 97596 ns, At safepoint: 8784 ns, Total: 106380 ns
[2020-03-02T08:38:09.993+0000][1][safepoint    ] Safepoint "Cleanup", Time since last: 1004840636 ns, Reaching safepoint: 119742 ns, At safepoint: 9242 ns, Total: 128984 ns
[2020-03-02T08:38:10.994+0000][1][safepoint    ] Safepoint "Cleanup", Time since last: 1000832183 ns, Reaching safepoint: 105861 ns, At safepoint: 9016 ns, Total: 114877 ns
[2020-03-02T08:38:11.996+0000][1][safepoint    ] Safepoint "Cleanup", Time since last: 1002003239 ns, Reaching safepoint: 153644 ns, At safepoint: 9355 ns, Total: 162999 ns
[2020-03-02T08:38:12.997+0000][1][safepoint    ] Safepoint "Cleanup", Time since last: 1000898365 ns, Reaching safepoint: 97974 ns, At safepoint: 8578 ns, Total: 106552 ns
[2020-03-02T08:38:13.998+0000][1][safepoint    ] Safepoint "Cleanup", Time since last: 1000654412 ns, Reaching safepoint: 113527 ns, At safepoint: 8233 ns, Total: 121760 ns
[2020-03-02T08:38:14.018+0000][1][safepoint    ] Safepoint "RevokeBias", Time since last: 20193874 ns, Reaching safepoint: 137495 ns, At safepoint: 71077 ns, Total: 208572 ns
[2020-03-02T08:38:14.133+0000][1][safepoint    ] Safepoint "RevokeBias", Time since last: 115015067 ns, Reaching safepoint: 105426 ns, At safepoint: 40073 ns, Total: 145499 ns
[2020-03-02T08:38:14.495+0000][1][gc,start     ] GC(38) Pause Young (Allocation Failure)
[2020-03-02T08:38:14.495+0000][1][gc,task      ] GC(38) Using 1 workers of 1 for evacuation
[2020-03-02T08:38:15.061+0000][1][gc,age       ] GC(38) Desired survivor size 4358144 bytes, new threshold 6 (max threshold 6)
[2020-03-02T08:38:15.061+0000][1][gc,age       ] GC(38) Age table with threshold 6 (max threshold 6)
[2020-03-02T08:38:15.061+0000][1][gc,age       ] GC(38) - age   1:      94456 bytes,      94456 total
[2020-03-02T08:38:15.061+0000][1][gc,age       ] GC(38) - age   2:       1872 bytes,      96328 total
[2020-03-02T08:38:15.061+0000][1][gc,age       ] GC(38) - age   3:     274976 bytes,     371304 total
[2020-03-02T08:38:15.061+0000][1][gc,age       ] GC(38) - age   4:     241616 bytes,     612920 total
[2020-03-02T08:38:15.061+0000][1][gc,age       ] GC(38) - age   5:      39896 bytes,     652816 total
[2020-03-02T08:38:15.061+0000][1][gc,age       ] GC(38) - age   6:       9152 bytes,     661968 total
[2020-03-02T08:38:15.061+0000][1][gc,heap      ] GC(38) ParNew: 71464K->3149K(76672K)
[2020-03-02T08:38:15.061+0000][1][gc,heap      ] GC(38) CMS: 62502K->65006K(963392K)
[2020-03-02T08:38:15.061+0000][1][gc,metaspace ] GC(38) Metaspace: 83105K->83105K(1126400K)
[2020-03-02T08:38:15.061+0000][1][gc           ] GC(38) Pause Young (Allocation Failure) 130M->66M(1015M) 566.741ms
[2020-03-02T08:38:15.061+0000][1][gc,cpu       ] GC(38) User=0.03s Sys=0.01s Real=0.57s
[2020-03-02T08:38:15.061+0000][1][safepoint    ] Safepoint "GenCollectForAllocation", Time since last: 361072112 ns, Reaching safepoint: 146597 ns, At safepoint: 566852943 ns, Total: 566999540 ns
[2020-03-02T08:38:15.101+0000][1][safepoint    ] Safepoint "RevokeBias", Time since last: 39960890 ns, Reaching safepoint: 63097 ns, At safepoint: 17907 ns, Total: 81004 ns
[2020-03-02T08:38:15.102+0000][1][safepoint    ] Safepoint "RevokeBias", Time since last: 184253 ns, Reaching safepoint: 141998 ns, At safepoint: 23159 ns, Total: 165157 ns
[2020-03-02T08:38:15.102+0000][1][safepoint    ] Safepoint "RevokeBias", Time since last: 58127 ns, Reaching safepoint: 108033 ns, At safepoint: 20122 ns, Total: 128155 ns
[2020-03-02T08:38:15.102+0000][1][safepoint    ] Safepoint "RevokeBias", Time since last: 282030 ns, Reaching safepoint: 109864 ns, At safepoint: 20282 ns, Total: 130146 ns
[2020-03-02T08:38:15.103+0000][1][safepoint    ] Safepoint "RevokeBias", Time since last: 68158 ns, Reaching safepoint: 179818 ns, At safepoint: 11430 ns, Total: 191248 ns
[2020-03-02T08:38:15.125+0000][1][safepoint    ] Safepoint "RevokeBias", Time since last: 22617541 ns, Reaching safepoint: 159961 ns, At safepoint: 29334 ns, Total: 189295 ns
[2020-03-02T08:38:15.126+0000][1][safepoint    ] Safepoint "RevokeBias", Time since last: 720778 ns, Reaching safepoint: 152561 ns, At safepoint: 26104 ns, Total: 178665 ns
[2020-03-02T08:38:15.127+0000][1][safepoint    ] Safepoint "RevokeBias", Time since last: 136982 ns, Reaching safepoint: 74179 ns, At safepoint: 23594 ns, Total: 97773 ns
[2020-03-02T08:38:15.130+0000][1][safepoint    ] Safepoint "RevokeBias", Time since last: 3265103 ns, Reaching safepoint: 90268 ns, At safepoint: 54828 ns, Total: 145096 ns
[2020-03-02T08:38:15.131+0000][1][safepoint    ] Safepoint "RevokeBias", Time since last: 962680 ns, Reaching safepoint: 53131 ns, At safepoint: 14830 ns, Total: 67961 ns
[2020-03-02T08:38:15.131+0000][1][safepoint    ] Safepoint "RevokeBias", Time since last: 88909 ns, Reaching safepoint: 26370 ns, At safepoint: 9066 ns, Total: 35436 ns
[2020-03-02T08:38:15.131+0000][1][safepoint    ] Safepoint "RevokeBias", Time since last: 143619 ns, Reaching safepoint: 25747 ns, At safepoint: 9590 ns, Total: 35337 ns
[2020-03-02T08:38:15.171+0000][1][safepoint    ] Safepoint "RevokeBias", Time since last: 36584858 ns, Reaching safepoint: 2812938 ns, At safepoint: 31402 ns, Total: 2844340 ns
[2020-03-02T08:38:16.172+0000][1][safepoint    ] Safepoint "Cleanup", Time since last: 1001154152 ns, Reaching safepoint: 187159 ns, At safepoint: 13395 ns, Total: 200554 ns
[2020-03-02T08:38:16.520+0000][1][safepoint    ] Safepoint "RevokeBias", Time since last: 347517050 ns, Reaching safepoint: 116558 ns, At safepoint: 23780 ns, Total: 140338 ns
[2020-03-02T08:38:16.529+0000][1][safepoint    ] Safepoint "RevokeBias", Time since last: 2616078 ns, Reaching safepoint: 6299420 ns, At safepoint: 31528 ns, Total: 6330948 ns
[2020-03-02T08:38:17.530+0000][1][safepoint    ] Safepoint "Cleanup", Time since last: 1001672130 ns, Reaching safepoint: 105893 ns, At safepoint: 9714 ns, Total: 115607 ns
[2020-03-02T08:38:18.533+0000][1][safepoint    ] Safepoint "Cleanup", Time since last: 1002346883 ns, Reaching safepoint: 109086 ns, At safepoint: 11170 ns, Total: 120256 ns
[2020-03-02T08:38:19.538+0000][1][safepoint    ] Safepoint "Cleanup", Time since last: 1000812178 ns, Reaching safepoint: 3796320 ns, At safepoint: 11619 ns, Total: 3807939 ns
[2020-03-02T08:38:20.538+0000][1][safepoint    ] Safepoint "Cleanup", Time since last: 1000586754 ns, Reaching safepoint: 135767 ns, At safepoint: 24364 ns, Total: 160131 ns
[2020-03-02T08:38:21.544+0000][1][safepoint    ] Safepoint "Cleanup", Time since last: 1005607318 ns, Reaching safepoint: 122191 ns, At safepoint: 12250 ns, Total: 134441 ns
[2020-03-02T08:38:22.407+0000][1][safepoint    ] Safepoint "RevokeBias", Time since last: 863032899 ns, Reaching safepoint: 104966 ns, At safepoint: 34899 ns, Total: 139865 ns
[2020-03-02T08:38:22.408+0000][1][safepoint    ] Safepoint "RevokeBias", Time since last: 277447 ns, Reaching safepoint: 84782 ns, At safepoint: 21369 ns, Total: 106151 ns
[2020-03-02T08:38:22.574+0000][1][safepoint    ] Safepoint "RevokeBias", Time since last: 165977519 ns, Reaching safepoint: 259435 ns, At safepoint: 67718 ns, Total: 327153 ns
[2020-03-02T08:38:23.303+0000][1][safepoint    ] Safepoint "RevokeBias", Time since last: 727465054 ns, Reaching safepoint: 1774170 ns, At safepoint: 52072 ns, Total: 1826242 ns
[2020-03-02T08:38:23.418+0000][1][safepoint    ] Safepoint "RevokeBias", Time since last: 114587685 ns, Reaching safepoint: 101626 ns, At safepoint: 21041 ns, Total: 122667 ns
[2020-03-02T08:38:23.620+0000][1][safepoint    ] Safepoint "RevokeBias", Time since last: 202072624 ns, Reaching safepoint: 177796 ns, At safepoint: 46101 ns, Total: 223897 ns
[2020-03-02T08:38:23.620+0000][1][safepoint    ] Safepoint "RevokeBias", Time since last: 166701 ns, Reaching safepoint: 109593 ns, At safepoint: 42961 ns, Total: 152554 ns
[2020-03-02T08:38:23.621+0000][1][safepoint    ] Safepoint "RevokeBias", Time since last: 109841 ns, Reaching safepoint: 90098 ns, At safepoint: 16223 ns, Total: 106321 ns
[2020-03-02T08:38:24.623+0000][1][safepoint    ] Safepoint "Cleanup", Time since last: 1002446744 ns, Reaching safepoint: 73024 ns, At safepoint: 6846 ns, Total: 79870 ns
[2020-03-02T08:38:25.624+0000][1][safepoint    ] Safepoint "Cleanup", Time since last: 1000715925 ns, Reaching safepoint: 91100 ns, At safepoint: 7030 ns, Total: 98130 ns
[2020-03-02T08:38:26.037+0000][1][safepoint    ] Safepoint "RevokeBias", Time since last: 411973328 ns, Reaching safepoint: 1062903 ns, At safepoint: 39681 ns, Total: 1102584 ns
[2020-03-02T08:38:26.040+0000][1][safepoint    ] Safepoint "RevokeBias", Time since last: 1975064 ns, Reaching safepoint: 662207 ns, At safepoint: 26726 ns, Total: 688933 ns
[2020-03-02T08:38:26.075+0000][1][safepoint    ] Safepoint "RevokeBias", Time since last: 19438859 ns, Reaching safepoint: 15655346 ns, At safepoint: 53059 ns, Total: 15708405 ns
[2020-03-02T08:38:26.098+0000][1][safepoint    ] Safepoint "RevokeBias", Time since last: 19452084 ns, Reaching safepoint: 3294438 ns, At safepoint: 55693 ns, Total: 3350131 ns
[2020-03-02T08:38:26.347+0000][1][safepoint    ] Safepoint "RevokeBias", Time since last: 235906099 ns, Reaching safepoint: 12741154 ns, At safepoint: 722006 ns, Total: 13463160 ns
[2020-03-02T08:38:27.352+0000][1][safepoint    ] Safepoint "Cleanup", Time since last: 1004788498 ns, Reaching safepoint: 144145 ns, At safepoint: 13339 ns, Total: 157484 ns
[2020-03-02T08:38:28.359+0000][1][safepoint    ] Safepoint "Cleanup", Time since last: 1006357845 ns, Reaching safepoint: 112292 ns, At safepoint: 13024 ns, Total: 125316 ns
[2020-03-02T08:38:29.361+0000][1][safepoint    ] Safepoint "Cleanup", Time since last: 1002769688 ns, Reaching safepoint: 175263 ns, At safepoint: 11475 ns, Total: 186738 ns
[2020-03-02T08:38:30.364+0000][1][safepoint    ] Safepoint "Cleanup", Time since last: 1002302085 ns, Reaching safepoint: 130527 ns, At safepoint: 13282 ns, Total: 143809 ns
[2020-03-02T08:38:31.371+0000][1][safepoint    ] Safepoint "Cleanup", Time since last: 1006563694 ns, Reaching safepoint: 127183 ns, At safepoint: 9456 ns, Total: 136639 ns
[2020-03-02T08:38:32.372+0000][1][safepoint    ] Safepoint "Cleanup", Time since last: 1001136240 ns, Reaching safepoint: 86929 ns, At safepoint: 9068 ns, Total: 95997 ns
[2020-03-02T08:38:33.372+0000][1][safepoint    ] Safepoint "Cleanup", Time since last: 1000467114 ns, Reaching safepoint: 102826 ns, At safepoint: 9800 ns, Total: 112626 ns
[2020-03-02T08:38:34.373+0000][1][safepoint    ] Safepoint "Cleanup", Time since last: 1000360778 ns, Reaching safepoint: 209405 ns, At safepoint: 14340 ns, Total: 223745 ns
[2020-03-02T08:38:35.373+0000][1][safepoint    ] Safepoint "Cleanup", Time since last: 1000206780 ns, Reaching safepoint: 225422 ns, At safepoint: 23544 ns, Total: 248966 ns
[2020-03-02T08:38:36.374+0000][1][safepoint    ] Safepoint "Cleanup", Time since last: 1000489993 ns, Reaching safepoint: 169001 ns, At safepoint: 11152 ns, Total: 180153 ns
[2020-03-02T08:38:37.375+0000][1][safepoint    ] Safepoint "Cleanup", Time since last: 1000746821 ns, Reaching safepoint: 162187 ns, At safepoint: 65479 ns, Total: 227666 ns
[2020-03-02T08:38:38.376+0000][1][safepoint    ] Safepoint "Cleanup", Time since last: 1000632448 ns, Reaching safepoint: 153075 ns, At safepoint: 15445 ns, Total: 168520 ns
[2020-03-02T08:38:39.378+0000][1][safepoint    ] Safepoint "Cleanup", Time since last: 1002189536 ns, Reaching safepoint: 84050 ns, At safepoint: 11948 ns, Total: 95998 ns
[2020-03-02T08:38:40.379+0000][1][safepoint    ] Safepoint "Cleanup", Time since last: 1000232325 ns, Reaching safepoint: 103614 ns, At safepoint: 11950 ns, Total: 115564 ns
[2020-03-02T08:38:41.380+0000][1][safepoint    ] Safepoint "Cleanup", Time since last: 1000940722 ns, Reaching safepoint: 101172 ns, At safepoint: 10794 ns, Total: 111966 ns
[2020-03-02T08:38:42.380+0000][1][safepoint    ] Safepoint "Cleanup", Time since last: 1000733610 ns, Reaching safepoint: 109975 ns, At safepoint: 10243 ns, Total: 120218 ns
[2020-03-02T08:38:43.387+0000][1][safepoint    ] Safepoint "Cleanup", Time since last: 1006646129 ns, Reaching safepoint: 94972 ns, At safepoint: 8655 ns, Total: 103627 ns
[2020-03-02T08:38:44.392+0000][1][safepoint    ] Safepoint "Cleanup", Time since last: 1003561993 ns, Reaching safepoint: 806115 ns, At safepoint: 10050 ns, Total: 816165 ns
[2020-03-02T08:38:45.392+0000][1][safepoint    ] Safepoint "Cleanup", Time since last: 1000567056 ns, Reaching safepoint: 105227 ns, At safepoint: 8685 ns, Total: 113912 ns
[2020-03-02T08:38:46.393+0000][1][safepoint    ] Safepoint "Cleanup", Time since last: 1000554669 ns, Reaching safepoint: 123122 ns, At safepoint: 19354 ns, Total: 142476 ns
[2020-03-02T08:38:47.394+0000][1][safepoint    ] Safepoint "Cleanup", Time since last: 1000714583 ns, Reaching safepoint: 136078 ns, At safepoint: 11041 ns, Total: 147119 ns
[2020-03-02T08:38:48.395+0000][1][safepoint    ] Safepoint "Cleanup", Time since last: 1000667552 ns, Reaching safepoint: 120257 ns, At safepoint: 15196 ns, Total: 135453 ns
[2020-03-02T08:38:49.395+0000][1][safepoint    ] Safepoint "Cleanup", Time since last: 1000574140 ns, Reaching safepoint: 142041 ns, At safepoint: 10506 ns, Total: 152547 ns
[2020-03-02T08:38:50.397+0000][1][safepoint    ] Safepoint "Cleanup", Time since last: 1001408259 ns, Reaching safepoint: 159326 ns, At safepoint: 12342 ns, Total: 171668 ns
[2020-03-02T08:38:51.398+0000][1][safepoint    ] Safepoint "Cleanup", Time since last: 1000440817 ns, Reaching safepoint: 113105 ns, At safepoint: 10950 ns, Total: 124055 ns
[2020-03-02T08:38:52.398+0000][1][safepoint    ] Safepoint "Cleanup", Time since last: 1000278542 ns, Reaching safepoint: 178922 ns, At safepoint: 35995 ns, Total: 214917 ns
[2020-03-02T08:38:52.621+0000][1][safepoint    ] Safepoint "RevokeBias", Time since last: 223000501 ns, Reaching safepoint: 105482 ns, At safepoint: 27067 ns, Total: 132549 ns
[2020-03-02T08:38:52.623+0000][1][safepoint    ] Safepoint "RevokeBias", Time since last: 1303858 ns, Reaching safepoint: 79051 ns, At safepoint: 23649 ns, Total: 102700 ns
[2020-03-02T08:38:53.623+0000][1][safepoint    ] Safepoint "Cleanup", Time since last: 1000200839 ns, Reaching safepoint: 104910 ns, At safepoint: 10057 ns, Total: 114967 ns
[2020-03-02T08:38:54.623+0000][1][safepoint    ] Safepoint "Cleanup", Time since last: 1000288332 ns, Reaching safepoint: 105204 ns, At safepoint: 8504 ns, Total: 113708 ns
[2020-03-02T08:38:55.628+0000][1][safepoint    ] Safepoint "Cleanup", Time since last: 1004569098 ns, Reaching safepoint: 133886 ns, At safepoint: 8953 ns, Total: 142839 ns
[2020-03-02T08:38:56.629+0000][1][safepoint    ] Safepoint "Cleanup", Time since last: 1000508609 ns, Reaching safepoint: 207482 ns, At safepoint: 27906 ns, Total: 235388 ns
[2020-03-02T08:38:57.629+0000][1][safepoint    ] Safepoint "Cleanup", Time since last: 1000287509 ns, Reaching safepoint: 148170 ns, At safepoint: 13011 ns, Total: 161181 ns
[2020-03-02T08:38:58.630+0000][1][safepoint    ] Safepoint "Cleanup", Time since last: 1000115176 ns, Reaching safepoint: 206624 ns, At safepoint: 27902 ns, Total: 234526 ns
[2020-03-02T08:38:59.630+0000][1][safepoint    ] Safepoint "Cleanup", Time since last: 1000352813 ns, Reaching safepoint: 102648 ns, At safepoint: 8829 ns, Total: 111477 ns
[2020-03-02T08:39:00.630+0000][1][safepoint    ] Safepoint "Cleanup", Time since last: 1000310913 ns, Reaching safepoint: 101362 ns, At safepoint: 9281 ns, Total: 110643 ns
[2020-03-02T08:39:01.634+0000][1][safepoint    ] Safepoint "Cleanup", Time since last: 1003306039 ns, Reaching safepoint: 75818 ns, At safepoint: 10290 ns, Total: 86108 ns
[2020-03-02T08:39:02.638+0000][1][safepoint    ] Safepoint "Cleanup", Time since last: 1003861012 ns, Reaching safepoint: 133341 ns, At safepoint: 11742 ns, Total: 145083 ns
[2020-03-02T08:39:03.639+0000][1][safepoint    ] Safepoint "Cleanup", Time since last: 1001048582 ns, Reaching safepoint: 81771 ns, At safepoint: 8441 ns, Total: 90212 ns
[2020-03-02T08:39:04.642+0000][1][safepoint    ] Safepoint "Cleanup", Time since last: 1002629061 ns, Reaching safepoint: 102840 ns, At safepoint: 8553 ns, Total: 111393 ns
[2020-03-02T08:39:05.643+0000][1][safepoint    ] Safepoint "Cleanup", Time since last: 1001100486 ns, Reaching safepoint: 89916 ns, At safepoint: 10339 ns, Total: 100255 ns
[2020-03-02T08:39:06.645+0000][1][safepoint    ] Safepoint "Cleanup", Time since last: 1002507763 ns, Reaching safepoint: 95094 ns, At safepoint: 8270 ns, Total: 103364 ns
[2020-03-02T08:39:07.647+0000][1][safepoint    ] Safepoint "Cleanup", Time since last: 1001082940 ns, Reaching safepoint: 94855 ns, At safepoint: 8508 ns, Total: 103363 ns
[2020-03-02T08:39:08.647+0000][1][safepoint    ] Safepoint "Cleanup", Time since last: 1000194518 ns, Reaching safepoint: 96822 ns, At safepoint: 14837 ns, Total: 111659 ns
[2020-03-02T08:39:09.648+0000][1][safepoint    ] Safepoint "Cleanup", Time since last: 1000380679 ns, Reaching safepoint: 152490 ns, At safepoint: 12397 ns, Total: 164887 ns
[2020-03-02T08:39:10.648+0000][1][safepoint    ] Safepoint "Cleanup", Time since last: 1000405404 ns, Reaching safepoint: 110627 ns, At safepoint: 9015 ns, Total: 119642 ns
[2020-03-02T08:39:11.648+0000][1][safepoint    ] Safepoint "Cleanup", Time since last: 1000211520 ns, Reaching safepoint: 147120 ns, At safepoint: 9655 ns, Total: 156775 ns
[2020-03-02T08:39:12.649+0000][1][safepoint    ] Safepoint "Cleanup", Time since last: 1000286941 ns, Reaching safepoint: 117770 ns, At safepoint: 15475 ns, Total: 133245 ns
[2020-03-02T08:39:13.649+0000][1][safepoint    ] Safepoint "Cleanup", Time since last: 1000374214 ns, Reaching safepoint: 138948 ns, At safepoint: 11488 ns, Total: 150436 ns
[2020-03-02T08:39:14.650+0000][1][safepoint    ] Safepoint "Cleanup", Time since last: 1000094683 ns, Reaching safepoint: 228847 ns, At safepoint: 12948 ns, Total: 241795 ns
[2020-03-02T08:39:15.650+0000][1][safepoint    ] Safepoint "Cleanup", Time since last: 1000427464 ns, Reaching safepoint: 243952 ns, At safepoint: 12842 ns, Total: 256794 ns
[2020-03-02T08:39:16.651+0000][1][safepoint    ] Safepoint "Cleanup", Time since last: 1000797155 ns, Reaching safepoint: 163724 ns, At safepoint: 15653 ns, Total: 179377 ns
[2020-03-02T08:39:17.652+0000][1][safepoint    ] Safepoint "Cleanup", Time since last: 1000132320 ns, Reaching safepoint: 108201 ns, At safepoint: 8560 ns, Total: 116761 ns
[2020-03-02T08:39:18.654+0000][1][safepoint    ] Safepoint "Cleanup", Time since last: 1002540914 ns, Reaching safepoint: 104478 ns, At safepoint: 9975 ns, Total: 114453 ns
[2020-03-02T08:39:19.655+0000][1][safepoint    ] Safepoint "Cleanup", Time since last: 1000852042 ns, Reaching safepoint: 95792 ns, At safepoint: 17814 ns, Total: 113606 ns
[2020-03-02T08:39:20.656+0000][1][safepoint    ] Safepoint "Cleanup", Time since last: 1000229803 ns, Reaching safepoint: 167177 ns, At safepoint: 11906 ns, Total: 179083 ns
[2020-03-02T08:39:21.656+0000][1][safepoint    ] Safepoint "Cleanup", Time since last: 1000247246 ns, Reaching safepoint: 102924 ns, At safepoint: 15692 ns, Total: 118616 ns
[2020-03-02T08:39:22.725+0000][1][safepoint    ] Safepoint "Cleanup", Time since last: 1001042224 ns, Reaching safepoint: 67733944 ns, At safepoint: 11563 ns, Total: 67745507 ns
[2020-03-02T08:39:23.725+0000][1][safepoint    ] Safepoint "Cleanup", Time since last: 1000543509 ns, Reaching safepoint: 112903 ns, At safepoint: 10625 ns, Total: 123528 ns
[2020-03-02T08:39:24.727+0000][1][safepoint    ] Safepoint "Cleanup", Time since last: 1001119149 ns, Reaching safepoint: 109439 ns, At safepoint: 10922 ns, Total: 120361 ns
[2020-03-02T08:39:25.727+0000][1][safepoint    ] Safepoint "Cleanup", Time since last: 1000198523 ns, Reaching safepoint: 102882 ns, At safepoint: 9047 ns, Total: 111929 ns
[2020-03-02T08:39:26.727+0000][1][safepoint    ] Safepoint "Cleanup", Time since last: 1000242042 ns, Reaching safepoint: 110532 ns, At safepoint: 10017 ns, Total: 120549 ns
[2020-03-02T08:39:27.728+0000][1][safepoint    ] Safepoint "Cleanup", Time since last: 1000227568 ns, Reaching safepoint: 106360 ns, At safepoint: 10473 ns, Total: 116833 ns
[2020-03-02T08:39:27.772+0000][1][gc,start     ] GC(39) Pause Young (Allocation Failure)
[2020-03-02T08:39:27.772+0000][1][gc,task      ] GC(39) Using 1 workers of 1 for evacuation
[2020-03-02T08:39:27.788+0000][1][gc,age       ] GC(39) Desired survivor size 4358144 bytes, new threshold 6 (max threshold 6)
[2020-03-02T08:39:27.788+0000][1][gc,age       ] GC(39) Age table with threshold 6 (max threshold 6)
[2020-03-02T08:39:27.788+0000][1][gc,age       ] GC(39) - age   1:     312584 bytes,     312584 total
[2020-03-02T08:39:27.788+0000][1][gc,age       ] GC(39) - age   2:      38840 bytes,     351424 total
[2020-03-02T08:39:27.788+0000][1][gc,age       ] GC(39) - age   3:       1872 bytes,     353296 total
[2020-03-02T08:39:27.788+0000][1][gc,age       ] GC(39) - age   4:     219728 bytes,     573024 total
[2020-03-02T08:39:27.788+0000][1][gc,age       ] GC(39) - age   5:     209272 bytes,     782296 total
[2020-03-02T08:39:27.788+0000][1][gc,age       ] GC(39) - age   6:      38760 bytes,     821056 total
[2020-03-02T08:39:27.788+0000][1][gc,heap      ] GC(39) ParNew: 71309K->948K(76672K)
[2020-03-02T08:39:27.788+0000][1][gc,heap      ] GC(39) CMS: 65006K->65015K(963392K)
[2020-03-02T08:39:27.788+0000][1][gc,metaspace ] GC(39) Metaspace: 83203K->83203K(1126400K)
[2020-03-02T08:39:27.788+0000][1][gc           ] GC(39) Pause Young (Allocation Failure) 133M->64M(1015M) 16.627ms
[2020-03-02T08:39:27.788+0000][1][gc,cpu       ] GC(39) User=0.01s Sys=0.00s Real=0.02s
[2020-03-02T08:39:27.788+0000][1][safepoint    ] Safepoint "GenCollectForAllocation", Time since last: 43797055 ns, Reaching safepoint: 120012 ns, At safepoint: 16790469 ns, Total: 16910481 ns
[2020-03-02T08:39:28.789+0000][1][safepoint    ] Safepoint "Cleanup", Time since last: 1000331635 ns, Reaching safepoint: 158465 ns, At safepoint: 30136 ns, Total: 188601 ns
[2020-03-02T08:39:29.796+0000][1][safepoint    ] Safepoint "Cleanup", Time since last: 1007158128 ns, Reaching safepoint: 215395 ns, At safepoint: 17770 ns, Total: 233165 ns
[2020-03-02T08:39:30.797+0000][1][safepoint    ] Safepoint "Cleanup", Time since last: 1000295819 ns, Reaching safepoint: 136164 ns, At safepoint: 36282 ns, Total: 172446 ns
[2020-03-02T08:39:31.797+0000][1][safepoint    ] Safepoint "Cleanup", Time since last: 1000302814 ns, Reaching safepoint: 111478 ns, At safepoint: 9572 ns, Total: 121050 ns
[2020-03-02T08:39:32.798+0000][1][safepoint    ] Safepoint "Cleanup", Time since last: 1000948771 ns, Reaching safepoint: 156921 ns, At safepoint: 9716 ns, Total: 166637 ns
[2020-03-02T08:39:33.799+0000][1][safepoint    ] Safepoint "Cleanup", Time since last: 1000531098 ns, Reaching safepoint: 108497 ns, At safepoint: 9280 ns, Total: 117777 ns
[2020-03-02T08:39:34.799+0000][1][safepoint    ] Safepoint "Cleanup", Time since last: 1000225561 ns, Reaching safepoint: 96258 ns, At safepoint: 9979 ns, Total: 106237 ns
[2020-03-02T08:39:35.800+0000][1][safepoint    ] Safepoint "Cleanup", Time since last: 1000517362 ns, Reaching safepoint: 183935 ns, At safepoint: 12118 ns, Total: 196053 ns
[2020-03-02T08:39:36.801+0000][1][safepoint    ] Safepoint "Cleanup", Time since last: 1000606656 ns, Reaching safepoint: 111131 ns, At safepoint: 15220 ns, Total: 126351 ns
[2020-03-02T08:39:37.802+0000][1][safepoint    ] Safepoint "Cleanup", Time since last: 1001047122 ns, Reaching safepoint: 105307 ns, At safepoint: 10037 ns, Total: 115344 ns
[2020-03-02T08:39:38.803+0000][1][safepoint    ] Safepoint "Cleanup", Time since last: 1000361830 ns, Reaching safepoint: 204261 ns, At safepoint: 16214 ns, Total: 220475 ns
[2020-03-02T08:39:39.803+0000][1][safepoint    ] Safepoint "Cleanup", Time since last: 1000266992 ns, Reaching safepoint: 112344 ns, At safepoint: 9044 ns, Total: 121388 ns
[2020-03-02T08:39:40.808+0000][1][safepoint    ] Safepoint "Cleanup", Time since last: 1004525481 ns, Reaching safepoint: 105271 ns, At safepoint: 9861 ns, Total: 115132 ns
[2020-03-02T08:39:41.817+0000][1][safepoint    ] Safepoint "Cleanup", Time since last: 1002988518 ns, Reaching safepoint: 6560371 ns, At safepoint: 13679 ns, Total: 6574050 ns
[2020-03-02T08:39:42.818+0000][1][safepoint    ] Safepoint "Cleanup", Time since last: 1000437884 ns, Reaching safepoint: 157872 ns, At safepoint: 30604 ns, Total: 188476 ns
[2020-03-02T08:39:43.818+0000][1][safepoint    ] Safepoint "Cleanup", Time since last: 1000540537 ns, Reaching safepoint: 143037 ns, At safepoint: 10869 ns, Total: 153906 ns
[2020-03-02T08:39:44.819+0000][1][safepoint    ] Safepoint "Cleanup", Time since last: 1000170128 ns, Reaching safepoint: 104536 ns, At safepoint: 7788 ns, Total: 112324 ns
[2020-03-02T08:39:45.820+0000][1][safepoint    ] Safepoint "Cleanup", Time since last: 1000634517 ns, Reaching safepoint: 129446 ns, At safepoint: 16716 ns, Total: 146162 ns
[2020-03-02T08:39:46.820+0000][1][safepoint    ] Safepoint "Cleanup", Time since last: 1000225677 ns, Reaching safepoint: 106343 ns, At safepoint: 9106 ns, Total: 115449 ns
[2020-03-02T08:39:47.821+0000][1][safepoint    ] Safepoint "Cleanup", Time since last: 1000713278 ns, Reaching safepoint: 98876 ns, At safepoint: 8994 ns, Total: 107870 ns
[2020-03-02T08:39:48.821+0000][1][safepoint    ] Safepoint "Cleanup", Time since last: 1000156285 ns, Reaching safepoint: 142796 ns, At safepoint: 49903 ns, Total: 192699 ns
[2020-03-02T08:39:49.823+0000][1][safepoint    ] Safepoint "Cleanup", Time since last: 1001754154 ns, Reaching safepoint: 105142 ns, At safepoint: 9502 ns, Total: 114644 ns
[2020-03-02T08:39:50.824+0000][1][safepoint    ] Safepoint "Cleanup", Time since last: 1000682704 ns, Reaching safepoint: 97862 ns, At safepoint: 8876 ns, Total: 106738 ns
[2020-03-02T08:39:51.824+0000][1][safepoint    ] Safepoint "Cleanup", Time since last: 1000686703 ns, Reaching safepoint: 131465 ns, At safepoint: 10003 ns, Total: 141468 ns
[2020-03-02T08:39:52.830+0000][1][safepoint    ] Safepoint "Cleanup", Time since last: 1005116987 ns, Reaching safepoint: 208373 ns, At safepoint: 10347 ns, Total: 218720 ns
[2020-03-02T08:39:53.831+0000][1][safepoint    ] Safepoint "Cleanup", Time since last: 1000732715 ns, Reaching safepoint: 169320 ns, At safepoint: 15742 ns, Total: 185062 ns
[2020-03-02T08:39:54.831+0000][1][safepoint    ] Safepoint "Cleanup", Time since last: 1000370577 ns, Reaching safepoint: 134795 ns, At safepoint: 13461 ns, Total: 148256 ns
[2020-03-02T08:39:55.832+0000][1][safepoint    ] Safepoint "Cleanup", Time since last: 1000642711 ns, Reaching safepoint: 133341 ns, At safepoint: 39447 ns, Total: 172788 ns
[2020-03-02T08:39:56.832+0000][1][safepoint    ] Safepoint "Cleanup", Time since last: 1000157750 ns, Reaching safepoint: 96355 ns, At safepoint: 17485 ns, Total: 113840 ns
[2020-03-02T08:39:57.833+0000][1][safepoint    ] Safepoint "Cleanup", Time since last: 1000229019 ns, Reaching safepoint: 105881 ns, At safepoint: 9909 ns, Total: 115790 ns
[2020-03-02T08:39:58.834+0000][1][safepoint    ] Safepoint "Cleanup", Time since last: 1001188622 ns, Reaching safepoint: 110194 ns, At safepoint: 11548 ns, Total: 121742 ns
[2020-03-02T08:39:59.834+0000][1][safepoint    ] Safepoint "Cleanup", Time since last: 1000167549 ns, Reaching safepoint: 272438 ns, At safepoint: 13415 ns, Total: 285853 ns
[2020-03-02T08:40:00.836+0000][1][safepoint    ] Safepoint "Cleanup", Time since last: 1000987321 ns, Reaching safepoint: 118415 ns, At safepoint: 10914 ns, Total: 129329 ns
[2020-03-02T08:40:01.836+0000][1][safepoint    ] Safepoint "Cleanup", Time since last: 1000461656 ns, Reaching safepoint: 162639 ns, At safepoint: 9653 ns, Total: 172292 ns
[2020-03-02T08:40:02.837+0000][1][safepoint    ] Safepoint "Cleanup", Time since last: 1000372456 ns, Reaching safepoint: 111380 ns, At safepoint: 12155 ns, Total: 123535 ns
[2020-03-02T08:40:03.838+0000][1][safepoint    ] Safepoint "Cleanup", Time since last: 1000957573 ns, Reaching safepoint: 105415 ns, At safepoint: 8975 ns, Total: 114390 ns
[2020-03-02T08:40:04.838+0000][1][safepoint    ] Safepoint "Cleanup", Time since last: 1000163871 ns, Reaching safepoint: 95992 ns, At safepoint: 8164 ns, Total: 104156 ns
[2020-03-02T08:40:05.839+0000][1][safepoint    ] Safepoint "Cleanup", Time since last: 1000503466 ns, Reaching safepoint: 244061 ns, At safepoint: 11462 ns, Total: 255523 ns
[2020-03-02T08:40:06.839+0000][1][safepoint    ] Safepoint "Cleanup", Time since last: 1000209655 ns, Reaching safepoint: 106606 ns, At safepoint: 9493 ns, Total: 116099 ns
[2020-03-02T08:40:07.840+0000][1][safepoint    ] Safepoint "Cleanup", Time since last: 1000323558 ns, Reaching safepoint: 145762 ns, At safepoint: 23829 ns, Total: 169591 ns
[2020-03-02T08:40:08.840+0000][1][safepoint    ] Safepoint "Cleanup", Time since last: 1000452306 ns, Reaching safepoint: 123454 ns, At safepoint: 11572 ns, Total: 135026 ns
[2020-03-02T08:40:09.841+0000][1][safepoint    ] Safepoint "Cleanup", Time since last: 1000225643 ns, Reaching safepoint: 104457 ns, At safepoint: 10925 ns, Total: 115382 ns
[2020-03-02T08:40:10.842+0000][1][safepoint    ] Safepoint "Cleanup", Time since last: 1001064453 ns, Reaching safepoint: 108026 ns, At safepoint: 10061 ns, Total: 118087 ns
[2020-03-02T08:40:11.844+0000][1][safepoint    ] Safepoint "Cleanup", Time since last: 1001375661 ns, Reaching safepoint: 418366 ns, At safepoint: 16116 ns, Total: 434482 ns
[2020-03-02T08:40:12.845+0000][1][safepoint    ] Safepoint "Cleanup", Time since last: 1000896397 ns, Reaching safepoint: 212027 ns, At safepoint: 10524 ns, Total: 222551 ns
[2020-03-02T08:40:13.846+0000][1][safepoint    ] Safepoint "Cleanup", Time since last: 1000588766 ns, Reaching safepoint: 254551 ns, At safepoint: 26894 ns, Total: 281445 ns
[2020-03-02T08:40:14.849+0000][1][safepoint    ] Safepoint "Cleanup", Time since last: 1003699380 ns, Reaching safepoint: 188054 ns, At safepoint: 10455 ns, Total: 198509 ns
[2020-03-02T08:40:15.850+0000][1][safepoint    ] Safepoint "Cleanup", Time since last: 1000830093 ns, Reaching safepoint: 101420 ns, At safepoint: 9388 ns, Total: 110808 ns
[2020-03-02T08:40:16.851+0000][1][safepoint    ] Safepoint "Cleanup", Time since last: 1000657375 ns, Reaching safepoint: 99753 ns, At safepoint: 8251 ns, Total: 108004 ns
[2020-03-02T08:40:17.852+0000][1][safepoint    ] Safepoint "Cleanup", Time since last: 1000493000 ns, Reaching safepoint: 107377 ns, At safepoint: 9039 ns, Total: 116416 ns
[2020-03-02T08:40:18.853+0000][1][safepoint    ] Safepoint "Cleanup", Time since last: 1000661244 ns, Reaching safepoint: 183873 ns, At safepoint: 8325 ns, Total: 192198 ns
[2020-03-02T08:40:19.853+0000][1][safepoint    ] Safepoint "Cleanup", Time since last: 1000297581 ns, Reaching safepoint: 205746 ns, At safepoint: 11973 ns, Total: 217719 ns
[2020-03-02T08:40:20.855+0000][1][safepoint    ] Safepoint "Cleanup", Time since last: 1001610914 ns, Reaching safepoint: 93747 ns, At safepoint: 10247 ns, Total: 103994 ns
[2020-03-02T08:40:21.855+0000][1][safepoint    ] Safepoint "Cleanup", Time since last: 1000324530 ns, Reaching safepoint: 142251 ns, At safepoint: 31814 ns, Total: 174065 ns
[2020-03-02T08:40:22.856+0000][1][safepoint    ] Safepoint "Cleanup", Time since last: 1000867131 ns, Reaching safepoint: 111375 ns, At safepoint: 22294 ns, Total: 133669 ns
[2020-03-02T08:40:23.857+0000][1][safepoint    ] Safepoint "Cleanup", Time since last: 1000701531 ns, Reaching safepoint: 113885 ns, At safepoint: 11476 ns, Total: 125361 ns
[2020-03-02T08:40:24.858+0000][1][safepoint    ] Safepoint "Cleanup", Time since last: 1000288452 ns, Reaching safepoint: 111976 ns, At safepoint: 8945 ns, Total: 120921 ns
[2020-03-02T08:40:25.865+0000][1][safepoint    ] Safepoint "Cleanup", Time since last: 1006911619 ns, Reaching safepoint: 74717 ns, At safepoint: 7800 ns, Total: 82517 ns
[2020-03-02T08:40:26.946+0000][1][safepoint    ] Safepoint "Cleanup", Time since last: 1081684150 ns, Reaching safepoint: 92044 ns, At safepoint: 7688 ns, Total: 99732 ns
[2020-03-02T08:40:28.352+0000][1][safepoint    ] Safepoint "Cleanup", Time since last: 1405611244 ns, Reaching safepoint: 502557 ns, At safepoint: 12568 ns, Total: 515125 ns
[2020-03-02T08:40:29.426+0000][1][safepoint    ] Safepoint "Cleanup", Time since last: 1038647454 ns, Reaching safepoint: 139487 ns, At safepoint: 35217386 ns, Total: 35356873 ns
[2020-03-02T08:40:30.819+0000][1][safepoint    ] Safepoint "Cleanup", Time since last: 1391982658 ns, Reaching safepoint: 823284 ns, At safepoint: 13454 ns, Total: 836738 ns
[2020-03-02T08:40:31.827+0000][1][safepoint    ] Safepoint "Cleanup", Time since last: 1007764387 ns, Reaching safepoint: 89772 ns, At safepoint: 8416 ns, Total: 98188 ns
[2020-03-02T08:40:32.829+0000][1][safepoint    ] Safepoint "Cleanup", Time since last: 1001687020 ns, Reaching safepoint: 98100 ns, At safepoint: 8353 ns, Total: 106453 ns
[2020-03-02T08:40:33.832+0000][1][safepoint    ] Safepoint "Cleanup", Time since last: 1002917186 ns, Reaching safepoint: 88344 ns, At safepoint: 7249 ns, Total: 95593 ns
[2020-03-02T08:40:34.833+0000][1][safepoint    ] Safepoint "Cleanup", Time since last: 1000975718 ns, Reaching safepoint: 129927 ns, At safepoint: 30935 ns, Total: 160862 ns
[2020-03-02T08:40:35.833+0000][1][safepoint    ] Safepoint "Cleanup", Time since last: 1000150809 ns, Reaching safepoint: 177171 ns, At safepoint: 29490 ns, Total: 206661 ns
[2020-03-02T08:40:36.835+0000][1][safepoint    ] Safepoint "Cleanup", Time since last: 1001151891 ns, Reaching safepoint: 94481 ns, At safepoint: 8995 ns, Total: 103476 ns
[2020-03-02T08:40:37.836+0000][1][safepoint    ] Safepoint "Cleanup", Time since last: 1001299193 ns, Reaching safepoint: 150210 ns, At safepoint: 7490 ns, Total: 157700 ns
[2020-03-02T08:40:38.837+0000][1][safepoint    ] Safepoint "Cleanup", Time since last: 1001133657 ns, Reaching safepoint: 98869 ns, At safepoint: 8605 ns, Total: 107474 ns
[2020-03-02T08:40:39.838+0000][1][safepoint    ] Safepoint "Cleanup", Time since last: 1000604154 ns, Reaching safepoint: 96289 ns, At safepoint: 9208 ns, Total: 105497 ns
[2020-03-02T08:40:40.839+0000][1][safepoint    ] Safepoint "Cleanup", Time since last: 1000756823 ns, Reaching safepoint: 96997 ns, At safepoint: 8697 ns, Total: 105694 ns
[2020-03-02T08:40:41.843+0000][1][safepoint    ] Safepoint "Cleanup", Time since last: 1000481464 ns, Reaching safepoint: 3912138 ns, At safepoint: 15817 ns, Total: 3927955 ns
[2020-03-02T08:40:42.845+0000][1][safepoint    ] Safepoint "Cleanup", Time since last: 1001207914 ns, Reaching safepoint: 91101 ns, At safepoint: 8432 ns, Total: 99533 ns
[2020-03-02T08:40:43.845+0000][1][safepoint    ] Safepoint "Cleanup", Time since last: 1000313144 ns, Reaching safepoint: 90634 ns, At safepoint: 8304 ns, Total: 98938 ns
[2020-03-02T08:40:44.846+0000][1][safepoint    ] Safepoint "Cleanup", Time since last: 1000634236 ns, Reaching safepoint: 274460 ns, At safepoint: 11764 ns, Total: 286224 ns
[2020-03-02T08:40:45.846+0000][1][safepoint    ] Safepoint "Cleanup", Time since last: 1000332321 ns, Reaching safepoint: 103422 ns, At safepoint: 9905 ns, Total: 113327 ns
[2020-03-02T08:40:46.847+0000][1][safepoint    ] Safepoint "Cleanup", Time since last: 1000587560 ns, Reaching safepoint: 103275 ns, At safepoint: 9456 ns, Total: 112731 ns
[2020-03-02T08:40:47.848+0000][1][safepoint    ] Safepoint "Cleanup", Time since last: 1000639527 ns, Reaching safepoint: 248571 ns, At safepoint: 25331 ns, Total: 273902 ns
[2020-03-02T08:40:48.849+0000][1][safepoint    ] Safepoint "Cleanup", Time since last: 1000304689 ns, Reaching safepoint: 196420 ns, At safepoint: 9490 ns, Total: 205910 ns
[2020-03-02T08:40:49.849+0000][1][safepoint    ] Safepoint "Cleanup", Time since last: 1000493446 ns, Reaching safepoint: 164804 ns, At safepoint: 12202 ns, Total: 177006 ns
[2020-03-02T08:40:50.850+0000][1][safepoint    ] Safepoint "Cleanup", Time since last: 1000450787 ns, Reaching safepoint: 156841 ns, At safepoint: 8305 ns, Total: 165146 ns
[2020-03-02T08:40:51.850+0000][1][safepoint    ] Safepoint "Cleanup", Time since last: 1000432265 ns, Reaching safepoint: 94871 ns, At safepoint: 7887 ns, Total: 102758 ns
[2020-03-02T08:40:52.851+0000][1][safepoint    ] Safepoint "Cleanup", Time since last: 1000874562 ns, Reaching safepoint: 88744 ns, At safepoint: 9226 ns, Total: 97970 ns
[2020-03-02T08:40:53.852+0000][1][safepoint    ] Safepoint "Cleanup", Time since last: 1000227111 ns, Reaching safepoint: 167656 ns, At safepoint: 14437 ns, Total: 182093 ns
[2020-03-02T08:40:54.852+0000][1][safepoint    ] Safepoint "Cleanup", Time since last: 1000413583 ns, Reaching safepoint: 95369 ns, At safepoint: 8063 ns, Total: 103432 ns
[2020-03-02T08:40:55.854+0000][1][safepoint    ] Safepoint "Cleanup", Time since last: 1001969177 ns, Reaching safepoint: 86212 ns, At safepoint: 7336 ns, Total: 93548 ns
[2020-03-02T08:40:56.855+0000][1][safepoint    ] Safepoint "Cleanup", Time since last: 1000254923 ns, Reaching safepoint: 85202 ns, At safepoint: 8469 ns, Total: 93671 ns
[2020-03-02T08:40:57.855+0000][1][safepoint    ] Safepoint "Cleanup", Time since last: 1000198740 ns, Reaching safepoint: 109401 ns, At safepoint: 9099 ns, Total: 118500 ns
[2020-03-02T08:40:58.856+0000][1][safepoint    ] Safepoint "Cleanup", Time since last: 1000583110 ns, Reaching safepoint: 89869 ns, At safepoint: 8000 ns, Total: 97869 ns
[2020-03-02T08:40:59.857+0000][1][safepoint    ] Safepoint "Cleanup", Time since last: 1000623009 ns, Reaching safepoint: 135059 ns, At safepoint: 10045 ns, Total: 145104 ns
[2020-03-02T08:41:00.857+0000][1][safepoint    ] Safepoint "Cleanup", Time since last: 1000496937 ns, Reaching safepoint: 102454 ns, At safepoint: 8315 ns, Total: 110769 ns
[2020-03-02T08:41:01.858+0000][1][safepoint    ] Safepoint "Cleanup", Time since last: 1000357808 ns, Reaching safepoint: 86959 ns, At safepoint: 7420 ns, Total: 94379 ns
[2020-03-02T08:41:02.858+0000][1][safepoint    ] Safepoint "Cleanup", Time since last: 1000797367 ns, Reaching safepoint: 85721 ns, At safepoint: 6903 ns, Total: 92624 ns
[2020-03-02T08:41:03.861+0000][1][safepoint    ] Safepoint "Cleanup", Time since last: 1002176995 ns, Reaching safepoint: 94920 ns, At safepoint: 9499 ns, Total: 104419 ns
[2020-03-02T08:41:04.861+0000][1][safepoint    ] Safepoint "Cleanup", Time since last: 1000244102 ns, Reaching safepoint: 130642 ns, At safepoint: 30428 ns, Total: 161070 ns
[2020-03-02T08:41:05.862+0000][1][safepoint    ] Safepoint "Cleanup", Time since last: 1000578407 ns, Reaching safepoint: 105325 ns, At safepoint: 9153 ns, Total: 114478 ns
[2020-03-02T08:41:06.863+0000][1][safepoint    ] Safepoint "Cleanup", Time since last: 1000607020 ns, Reaching safepoint: 288890 ns, At safepoint: 35718 ns, Total: 324608 ns
[2020-03-02T08:41:07.863+0000][1][safepoint    ] Safepoint "Cleanup", Time since last: 1000554376 ns, Reaching safepoint: 105798 ns, At safepoint: 8989 ns, Total: 114787 ns
[2020-03-02T08:41:08.864+0000][1][safepoint    ] Safepoint "Cleanup", Time since last: 1000865833 ns, Reaching safepoint: 141370 ns, At safepoint: 20615 ns, Total: 161985 ns
[2020-03-02T08:41:09.865+0000][1][safepoint    ] Safepoint "Cleanup", Time since last: 1000517299 ns, Reaching safepoint: 110367 ns, At safepoint: 10672 ns, Total: 121039 ns
[2020-03-02T08:41:10.866+0000][1][safepoint    ] Safepoint "Cleanup", Time since last: 1001121234 ns, Reaching safepoint: 109211 ns, At safepoint: 19268 ns, Total: 128479 ns
[2020-03-02T08:41:11.867+0000][1][safepoint    ] Safepoint "Cleanup", Time since last: 1000655300 ns, Reaching safepoint: 122671 ns, At safepoint: 8770 ns, Total: 131441 ns
[2020-03-02T08:41:12.868+0000][1][safepoint    ] Safepoint "Cleanup", Time since last: 1000677858 ns, Reaching safepoint: 93732 ns, At safepoint: 19329 ns, Total: 113061 ns
[2020-03-02T08:41:13.869+0000][1][safepoint    ] Safepoint "Cleanup", Time since last: 1000912900 ns, Reaching safepoint: 99262 ns, At safepoint: 8875 ns, Total: 108137 ns
[2020-03-02T08:41:14.879+0000][1][safepoint    ] Safepoint "Cleanup", Time since last: 1010072362 ns, Reaching safepoint: 144017 ns, At safepoint: 8644 ns, Total: 152661 ns
[2020-03-02T08:41:15.880+0000][1][safepoint    ] Safepoint "Cleanup", Time since last: 1000375532 ns, Reaching safepoint: 126585 ns, At safepoint: 9781 ns, Total: 136366 ns
[2020-03-02T08:41:16.881+0000][1][safepoint    ] Safepoint "Cleanup", Time since last: 1000874834 ns, Reaching safepoint: 157333 ns, At safepoint: 11441 ns, Total: 168774 ns
[2020-03-02T08:41:17.882+0000][1][safepoint    ] Safepoint "Cleanup", Time since last: 1000782810 ns, Reaching safepoint: 96576 ns, At safepoint: 9013 ns, Total: 105589 ns
[2020-03-02T08:41:18.882+0000][1][safepoint    ] Safepoint "Cleanup", Time since last: 1000188123 ns, Reaching safepoint: 116035 ns, At safepoint: 8468 ns, Total: 124503 ns
[2020-03-02T08:41:19.883+0000][1][safepoint    ] Safepoint "Cleanup", Time since last: 1000600755 ns, Reaching safepoint: 117359 ns, At safepoint: 8772 ns, Total: 126131 ns
[2020-03-02T08:41:20.883+0000][1][safepoint    ] Safepoint "Cleanup", Time since last: 1000513287 ns, Reaching safepoint: 99584 ns, At safepoint: 9667 ns, Total: 109251 ns
[2020-03-02T08:41:21.885+0000][1][safepoint    ] Safepoint "Cleanup", Time since last: 1001299802 ns, Reaching safepoint: 129302 ns, At safepoint: 9829 ns, Total: 139131 ns
[2020-03-02T08:41:22.886+0000][1][safepoint    ] Safepoint "Cleanup", Time since last: 1000687790 ns, Reaching safepoint: 98324 ns, At safepoint: 8628 ns, Total: 106952 ns
[2020-03-02T08:41:23.886+0000][1][safepoint    ] Safepoint "Cleanup", Time since last: 1000442928 ns, Reaching safepoint: 112657 ns, At safepoint: 8903 ns, Total: 121560 ns
[2020-03-02T08:41:24.887+0000][1][safepoint    ] Safepoint "Cleanup", Time since last: 1000402339 ns, Reaching safepoint: 126731 ns, At safepoint: 8837 ns, Total: 135568 ns
[2020-03-02T08:41:25.887+0000][1][safepoint    ] Safepoint "Cleanup", Time since last: 1000238641 ns, Reaching safepoint: 133775 ns, At safepoint: 8610 ns, Total: 142385 ns
[2020-03-02T08:41:26.888+0000][1][safepoint    ] Safepoint "Cleanup", Time since last: 1000597390 ns, Reaching safepoint: 124420 ns, At safepoint: 10184 ns, Total: 134604 ns
[2020-03-02T08:41:27.888+0000][1][safepoint    ] Safepoint "Cleanup", Time since last: 1000074400 ns, Reaching safepoint: 112249 ns, At safepoint: 8965 ns, Total: 121214 ns
[2020-03-02T08:41:28.888+0000][1][safepoint    ] Safepoint "Cleanup", Time since last: 1000231951 ns, Reaching safepoint: 95206 ns, At safepoint: 7945 ns, Total: 103151 ns
[2020-03-02T08:41:29.889+0000][1][safepoint    ] Safepoint "Cleanup", Time since last: 1000343094 ns, Reaching safepoint: 105762 ns, At safepoint: 8257 ns, Total: 114019 ns
[2020-03-02T08:41:30.889+0000][1][safepoint    ] Safepoint "Cleanup", Time since last: 1000348607 ns, Reaching safepoint: 158652 ns, At safepoint: 9212 ns, Total: 167864 ns
[2020-03-02T08:41:31.890+0000][1][safepoint    ] Safepoint "Cleanup", Time since last: 1000215743 ns, Reaching safepoint: 104161 ns, At safepoint: 8720 ns, Total: 112881 ns
[2020-03-02T08:41:32.890+0000][1][safepoint    ] Safepoint "Cleanup", Time since last: 1000302233 ns, Reaching safepoint: 95579 ns, At safepoint: 8844 ns, Total: 104423 ns
[2020-03-02T08:41:33.891+0000][1][safepoint    ] Safepoint "Cleanup", Time since last: 1000746060 ns, Reaching safepoint: 132564 ns, At safepoint: 10378 ns, Total: 142942 ns
[2020-03-02T08:41:34.892+0000][1][safepoint    ] Safepoint "Cleanup", Time since last: 1000646448 ns, Reaching safepoint: 102218 ns, At safepoint: 8012 ns, Total: 110230 ns
[2020-03-02T08:41:35.892+0000][1][safepoint    ] Safepoint "Cleanup", Time since last: 1000303325 ns, Reaching safepoint: 125971 ns, At safepoint: 11900 ns, Total: 137871 ns
[2020-03-02T08:41:36.904+0000][1][safepoint    ] Safepoint "Cleanup", Time since last: 1011724194 ns, Reaching safepoint: 88039 ns, At safepoint: 8584 ns, Total: 96623 ns
[2020-03-02T08:41:37.587+0000][1][safepoint    ] Safepoint "RevokeBias", Time since last: 683166420 ns, Reaching safepoint: 80075 ns, At safepoint: 8300 ns, Total: 88375 ns
[2020-03-02T08:41:37.694+0000][1][safepoint    ] Safepoint "RevokeBias", Time since last: 106469429 ns, Reaching safepoint: 311589 ns, At safepoint: 54309 ns, Total: 365898 ns
[2020-03-02T08:41:37.719+0000][1][safepoint    ] Safepoint "RevokeBias", Time since last: 3080090 ns, Reaching safepoint: 21608529 ns, At safepoint: 14999 ns, Total: 21623528 ns
[2020-03-02T08:41:37.762+0000][1][safepoint    ] Safepoint "RevokeBias", Time since last: 2542117 ns, Reaching safepoint: 41033366 ns, At safepoint: 16168 ns, Total: 41049534 ns
[2020-03-02T08:41:37.789+0000][1][safepoint    ] Safepoint "RevokeBias", Time since last: 391083 ns, Reaching safepoint: 26710687 ns, At safepoint: 44651 ns, Total: 26755338 ns
[2020-03-02T08:41:37.791+0000][1][safepoint    ] Safepoint "RevokeBias", Time since last: 1287244 ns, Reaching safepoint: 102870 ns, At safepoint: 9668 ns, Total: 112538 ns
[2020-03-02T08:41:37.803+0000][1][safepoint    ] Safepoint "RevokeBias", Time since last: 11510805 ns, Reaching safepoint: 284829 ns, At safepoint: 28857 ns, Total: 313686 ns
[2020-03-02T08:41:37.847+0000][1][safepoint    ] Safepoint "RevokeBias", Time since last: 44425912 ns, Reaching safepoint: 93049 ns, At safepoint: 7741 ns, Total: 100790 ns
[2020-03-02T08:41:37.847+0000][1][safepoint    ] Safepoint "RevokeBias", Time since last: 164653 ns, Reaching safepoint: 58292 ns, At safepoint: 72979 ns, Total: 131271 ns
[2020-03-02T08:41:37.911+0000][1][safepoint    ] Safepoint "RevokeBias", Time since last: 63276154 ns, Reaching safepoint: 186362 ns, At safepoint: 10699 ns, Total: 197061 ns
[2020-03-02T08:41:37.971+0000][1][safepoint    ] Safepoint "RevokeBias", Time since last: 59743147 ns, Reaching safepoint: 137233 ns, At safepoint: 15343 ns, Total: 152576 ns
[2020-03-02T08:41:37.971+0000][1][safepoint    ] Safepoint "RevokeBias", Time since last: 225972 ns, Reaching safepoint: 91880 ns, At safepoint: 10657 ns, Total: 102537 ns
[2020-03-02T08:41:38.010+0000][1][safepoint    ] Safepoint "RevokeBias", Time since last: 534787 ns, Reaching safepoint: 37868710 ns, At safepoint: 17637 ns, Total: 37886347 ns
[2020-03-02T08:41:38.027+0000][1][safepoint    ] Safepoint "RevokeBias", Time since last: 17282746 ns, Reaching safepoint: 88813 ns, At safepoint: 9564 ns, Total: 98377 ns
[2020-03-02T08:41:38.027+0000][1][safepoint    ] Safepoint "RevokeBias", Time since last: 134580 ns, Reaching safepoint: 85737 ns, At safepoint: 7619 ns, Total: 93356 ns
[2020-03-02T08:41:38.027+0000][1][safepoint    ] Safepoint "RevokeBias", Time since last: 211754 ns, Reaching safepoint: 47825 ns, At safepoint: 5590 ns, Total: 53415 ns
[2020-03-02T08:41:38.044+0000][1][safepoint    ] Safepoint "RevokeBias", Time since last: 16906716 ns, Reaching safepoint: 102025 ns, At safepoint: 10262 ns, Total: 112287 ns
[2020-03-02T08:41:38.469+0000][1][safepoint    ] Safepoint "RevokeBias", Time since last: 424527488 ns, Reaching safepoint: 90738 ns, At safepoint: 8413 ns, Total: 99151 ns
[2020-03-02T08:41:38.470+0000][1][safepoint    ] Safepoint "RevokeBias", Time since last: 507273 ns, Reaching safepoint: 70286 ns, At safepoint: 7190 ns, Total: 77476 ns
[2020-03-02T08:41:38.470+0000][1][safepoint    ] Safepoint "RevokeBias", Time since last: 557074 ns, Reaching safepoint: 80922 ns, At safepoint: 21042 ns, Total: 101964 ns
[2020-03-02T08:41:38.470+0000][1][safepoint    ] Safepoint "RevokeBias", Time since last: 91943 ns, Reaching safepoint: 51011 ns, At safepoint: 5443 ns, Total: 56454 ns
[2020-03-02T08:41:38.471+0000][1][safepoint    ] Safepoint "RevokeBias", Time since last: 31976 ns, Reaching safepoint: 44900 ns, At safepoint: 4567 ns, Total: 49467 ns
[2020-03-02T08:41:38.471+0000][1][safepoint    ] Safepoint "RevokeBias", Time since last: 28060 ns, Reaching safepoint: 44048 ns, At safepoint: 26136 ns, Total: 70184 ns
[2020-03-02T08:41:38.471+0000][1][safepoint    ] Safepoint "RevokeBias", Time since last: 647034 ns, Reaching safepoint: 131436 ns, At safepoint: 7945 ns, Total: 139381 ns
[2020-03-02T08:41:38.472+0000][1][safepoint    ] Safepoint "RevokeBias", Time since last: 46015 ns, Reaching safepoint: 44394 ns, At safepoint: 4876 ns, Total: 49270 ns
[2020-03-02T08:41:38.475+0000][1][safepoint    ] Safepoint "RevokeBias", Time since last: 3271777 ns, Reaching safepoint: 78467 ns, At safepoint: 8273 ns, Total: 86740 ns
[2020-03-02T08:41:38.475+0000][1][safepoint    ] Safepoint "RevokeBias", Time since last: 71054 ns, Reaching safepoint: 86425 ns, At safepoint: 4964 ns, Total: 91389 ns
[2020-03-02T08:41:38.475+0000][1][safepoint    ] Safepoint "RevokeBias", Time since last: 33669 ns, Reaching safepoint: 41935 ns, At safepoint: 4612 ns, Total: 46547 ns
[2020-03-02T08:41:38.475+0000][1][safepoint    ] Safepoint "RevokeBias", Time since last: 138580 ns, Reaching safepoint: 63489 ns, At safepoint: 9308 ns, Total: 72797 ns
[2020-03-02T08:41:38.476+0000][1][safepoint    ] Safepoint "RevokeBias", Time since last: 86507 ns, Reaching safepoint: 58370 ns, At safepoint: 8610 ns, Total: 66980 ns
[2020-03-02T08:41:38.476+0000][1][safepoint    ] Safepoint "RevokeBias", Time since last: 79504 ns, Reaching safepoint: 108036 ns, At safepoint: 7819 ns, Total: 115855 ns
[2020-03-02T08:41:38.476+0000][1][safepoint    ] Safepoint "RevokeBias", Time since last: 669411 ns, Reaching safepoint: 62774 ns, At safepoint: 6351 ns, Total: 69125 ns
[2020-03-02T08:41:38.477+0000][1][safepoint    ] Safepoint "RevokeBias", Time since last: 453477 ns, Reaching safepoint: 52409 ns, At safepoint: 5922 ns, Total: 58331 ns
[2020-03-02T08:41:38.478+0000][1][safepoint    ] Safepoint "RevokeBias", Time since last: 955890 ns, Reaching safepoint: 58637 ns, At safepoint: 6547 ns, Total: 65184 ns
[2020-03-02T08:41:38.478+0000][1][safepoint    ] Safepoint "RevokeBias", Time since last: 165744 ns, Reaching safepoint: 51911 ns, At safepoint: 17637 ns, Total: 69548 ns
[2020-03-02T08:41:38.587+0000][1][safepoint    ] Safepoint "RevokeBias", Time since last: 108121665 ns, Reaching safepoint: 251659 ns, At safepoint: 14017 ns, Total: 265676 ns
[2020-03-02T08:41:38.587+0000][1][safepoint    ] Safepoint "RevokeBias", Time since last: 359172 ns, Reaching safepoint: 204308 ns, At safepoint: 22934 ns, Total: 227242 ns
[2020-03-02T08:41:38.587+0000][1][safepoint    ] Safepoint "RevokeBias", Time since last: 63617 ns, Reaching safepoint: 78614 ns, At safepoint: 19495 ns, Total: 98109 ns
[2020-03-02T08:41:38.588+0000][1][safepoint    ] Safepoint "BulkRevokeBias", Time since last: 730559 ns, Reaching safepoint: 49579 ns, At safepoint: 247739 ns, Total: 297318 ns
[2020-03-02T08:41:38.630+0000][1][safepoint    ] Safepoint "RevokeBias", Time since last: 41857396 ns, Reaching safepoint: 85835 ns, At safepoint: 7878 ns, Total: 93713 ns
[2020-03-02T08:41:38.630+0000][1][safepoint    ] Safepoint "RevokeBias", Time since last: 76346 ns, Reaching safepoint: 47723 ns, At safepoint: 4956 ns, Total: 52679 ns
[2020-03-02T08:41:38.631+0000][1][safepoint    ] Safepoint "RevokeBias", Time since last: 32036 ns, Reaching safepoint: 42843 ns, At safepoint: 4525 ns, Total: 47368 ns
[2020-03-02T08:41:38.631+0000][1][safepoint    ] Safepoint "RevokeBias", Time since last: 30044 ns, Reaching safepoint: 42742 ns, At safepoint: 4499 ns, Total: 47241 ns
[2020-03-02T08:41:38.631+0000][1][safepoint    ] Safepoint "RevokeBias", Time since last: 362834 ns, Reaching safepoint: 65168 ns, At safepoint: 16988 ns, Total: 82156 ns
[2020-03-02T08:41:38.631+0000][1][safepoint    ] Safepoint "RevokeBias", Time since last: 37222 ns, Reaching safepoint: 55860 ns, At safepoint: 11504 ns, Total: 67364 ns
[2020-03-02T08:41:38.631+0000][1][safepoint    ] Safepoint "RevokeBias", Time since last: 35691 ns, Reaching safepoint: 45956 ns, At safepoint: 10713 ns, Total: 56669 ns
[2020-03-02T08:41:38.631+0000][1][safepoint    ] Safepoint "RevokeBias", Time since last: 25716 ns, Reaching safepoint: 45848 ns, At safepoint: 10400 ns, Total: 56248 ns
[2020-03-02T08:41:38.631+0000][1][safepoint    ] Safepoint "RevokeBias", Time since last: 97762 ns, Reaching safepoint: 49190 ns, At safepoint: 12196 ns, Total: 61386 ns
[2020-03-02T08:41:38.632+0000][1][safepoint    ] Safepoint "RevokeBias", Time since last: 45690 ns, Reaching safepoint: 44233 ns, At safepoint: 10795 ns, Total: 55028 ns
[2020-03-02T08:41:38.632+0000][1][safepoint    ] Safepoint "RevokeBias", Time since last: 33181 ns, Reaching safepoint: 43950 ns, At safepoint: 10427 ns, Total: 54377 ns
[2020-03-02T08:41:38.632+0000][1][safepoint    ] Safepoint "RevokeBias", Time since last: 250254 ns, Reaching safepoint: 50787 ns, At safepoint: 35426 ns, Total: 86213 ns
[2020-03-02T08:41:38.632+0000][1][safepoint    ] Safepoint "RevokeBias", Time since last: 62429 ns, Reaching safepoint: 49761 ns, At safepoint: 11948 ns, Total: 61709 ns
[2020-03-02T08:41:38.632+0000][1][safepoint    ] Safepoint "RevokeBias", Time since last: 38390 ns, Reaching safepoint: 46462 ns, At safepoint: 10681 ns, Total: 57143 ns
[2020-03-02T08:41:38.633+0000][1][safepoint    ] Safepoint "RevokeBias", Time since last: 639256 ns, Reaching safepoint: 49554 ns, At safepoint: 13834 ns, Total: 63388 ns
[2020-03-02T08:41:38.637+0000][1][safepoint    ] Safepoint "RevokeBias", Time since last: 2986381 ns, Reaching safepoint: 746436 ns, At safepoint: 18903 ns, Total: 765339 ns
[2020-03-02T08:41:38.640+0000][1][safepoint    ] Safepoint "RevokeBias", Time since last: 2768492 ns, Reaching safepoint: 371147 ns, At safepoint: 33140 ns, Total: 404287 ns
[2020-03-02T08:41:38.643+0000][1][safepoint    ] Safepoint "RevokeBias", Time since last: 1860825 ns, Reaching safepoint: 735724 ns, At safepoint: 34001 ns, Total: 769725 ns
[2020-03-02T08:41:38.647+0000][1][safepoint    ] Safepoint "RevokeBias", Time since last: 3791785 ns, Reaching safepoint: 235547 ns, At safepoint: 21096 ns, Total: 256643 ns
[2020-03-02T08:41:38.868+0000][1][safepoint    ] Safepoint "RevokeBias", Time since last: 221478892 ns, Reaching safepoint: 122947 ns, At safepoint: 13159 ns, Total: 136106 ns
[2020-03-02T08:41:38.972+0000][1][safepoint    ] Safepoint "RevokeBias", Time since last: 84825608 ns, Reaching safepoint: 19190608 ns, At safepoint: 20251 ns, Total: 19210859 ns
[2020-03-02T08:41:39.005+0000][1][safepoint    ] Safepoint "RevokeBias", Time since last: 447004 ns, Reaching safepoint: 32030497 ns, At safepoint: 14274 ns, Total: 32044771 ns
[2020-03-02T08:41:39.260+0000][1][safepoint    ] Safepoint "RevokeBias", Time since last: 97957398 ns, Reaching safepoint: 157404309 ns, At safepoint: 17857 ns, Total: 157422166 ns
[2020-03-02T08:41:39.373+0000][1][safepoint    ] Safepoint "BulkRevokeBias", Time since last: 50922620 ns, Reaching safepoint: 61754882 ns, At safepoint: 219347 ns, Total: 61974229 ns
[2020-03-02T08:41:39.429+0000][1][safepoint    ] Safepoint "RevokeBias", Time since last: 56207455 ns, Reaching safepoint: 27528 ns, At safepoint: 10026 ns, Total: 37554 ns
[2020-03-02T08:41:39.431+0000][1][safepoint    ] Safepoint "RevokeBias", Time since last: 1452285 ns, Reaching safepoint: 20977 ns, At safepoint: 24612 ns, Total: 45589 ns
[2020-03-02T08:41:39.483+0000][1][gc,start     ] GC(40) Pause Young (Allocation Failure)
[2020-03-02T08:41:39.483+0000][1][gc,task      ] GC(40) Using 1 workers of 1 for evacuation
[2020-03-02T08:41:39.517+0000][1][gc,age       ] GC(40) Desired survivor size 4358144 bytes, new threshold 6 (max threshold 6)
[2020-03-02T08:41:39.517+0000][1][gc,age       ] GC(40) Age table with threshold 6 (max threshold 6)
[2020-03-02T08:41:39.517+0000][1][gc,age       ] GC(40) - age   1:     144488 bytes,     144488 total
[2020-03-02T08:41:39.517+0000][1][gc,age       ] GC(40) - age   2:      55544 bytes,     200032 total
[2020-03-02T08:41:39.517+0000][1][gc,age       ] GC(40) - age   3:      26792 bytes,     226824 total
[2020-03-02T08:41:39.518+0000][1][gc,age       ] GC(40) - age   4:       1872 bytes,     228696 total
[2020-03-02T08:41:39.518+0000][1][gc,age       ] GC(40) - age   5:     201456 bytes,     430152 total
[2020-03-02T08:41:39.518+0000][1][gc,age       ] GC(40) - age   6:     202552 bytes,     632704 total
[2020-03-02T08:41:39.518+0000][1][gc,heap      ] GC(40) ParNew: 69108K->838K(76672K)
[2020-03-02T08:41:39.518+0000][1][gc,heap      ] GC(40) CMS: 65015K->65053K(963392K)
[2020-03-02T08:41:39.518+0000][1][gc,metaspace ] GC(40) Metaspace: 83377K->83377K(1126400K)
[2020-03-02T08:41:39.518+0000][1][gc           ] GC(40) Pause Young (Allocation Failure) 130M->64M(1015M) 34.896ms
[2020-03-02T08:41:39.518+0000][1][gc,cpu       ] GC(40) User=0.01s Sys=0.00s Real=0.04s
[2020-03-02T08:41:39.518+0000][1][safepoint    ] Safepoint "GenCollectForAllocation", Time since last: 51865678 ns, Reaching safepoint: 81555 ns, At safepoint: 34944499 ns, Total: 35026054 ns
[2020-03-02T08:41:39.722+0000][1][safepoint    ] Safepoint "RevokeBias", Time since last: 203857212 ns, Reaching safepoint: 27333 ns, At safepoint: 13828 ns, Total: 41161 ns
[2020-03-02T08:41:39.722+0000][1][gc,heap,exit ] Heap
[2020-03-02T08:41:39.722+0000][1][gc,heap,exit ]  par new generation   total 76672K, used 1414K [0x00000000c0000000, 0x00000000c5330000, 0x00000000c5330000)
[2020-03-02T08:41:39.722+0000][1][gc,heap,exit ]   eden space 68160K,   0% used [0x00000000c0000000, 0x00000000c008fe78, 0x00000000c4290000)
[2020-03-02T08:41:39.722+0000][1][gc,heap,exit ]   from space 8512K,   9% used [0x00000000c4290000, 0x00000000c4361a58, 0x00000000c4ae0000)
[2020-03-02T08:41:39.722+0000][1][gc,heap,exit ]   to   space 8512K,   0% used [0x00000000c4ae0000, 0x00000000c4ae0000, 0x00000000c5330000)
[2020-03-02T08:41:39.722+0000][1][gc,heap,exit ]  concurrent mark-sweep generation total 963392K, used 65053K [0x00000000c5330000, 0x0000000100000000, 0x0000000100000000)
[2020-03-02T08:41:39.722+0000][1][gc,heap,exit ]  Metaspace       used 83379K, capacity 90071K, committed 90328K, reserved 1126400K
[2020-03-02T08:41:39.722+0000][1][gc,heap,exit ]   class space    used 11124K, capacity 13861K, committed 13864K, reserved 1048576K
