[2020-02-29T04:37:29.876+0000][1][gc] Using Concurrent Mark Sweep
[2020-02-29T04:37:29.876+0000][1][gc,heap,coops] Heap address: 0x00000000c0000000, size: 1024 MB, Compressed Oops mode: 32-bit
[2020-02-29T04:37:30.271+0000][1][safepoint    ] Safepoint "EnableBiasedLocking", Time since last: 302094832 ns, Reaching safepoint: 8030059 ns, At safepoint: 75454 ns, Total: 8105513 ns
[2020-02-29T04:37:30.285+0000][1][safepoint    ] Safepoint "RevokeBias", Time since last: 10942429 ns, Reaching safepoint: 2473238 ns, At safepoint: 120324 ns, Total: 2593562 ns
[2020-02-29T04:37:30.383+0000][1][safepoint    ] Safepoint "Deoptimize", Time since last: 98016171 ns, Reaching safepoint: 13467 ns, At safepoint: 16795 ns, Total: 30262 ns
[2020-02-29T04:37:31.383+0000][1][safepoint    ] Safepoint "Cleanup", Time since last: 1000404377 ns, Reaching safepoint: 28544 ns, At safepoint: 4191 ns, Total: 32735 ns
[2020-02-29T04:37:32.383+0000][1][safepoint    ] Safepoint "Cleanup", Time since last: 1000268890 ns, Reaching safepoint: 38566 ns, At safepoint: 5979 ns, Total: 44545 ns
[2020-02-29T04:37:33.418+0000][1][safepoint    ] Safepoint "Cleanup", Time since last: 1005474495 ns, Reaching safepoint: 28835195 ns, At safepoint: 6100 ns, Total: 28841295 ns
[2020-02-29T04:37:33.610+0000][1][safepoint    ] Safepoint "Deoptimize", Time since last: 191834184 ns, Reaching safepoint: 39929 ns, At safepoint: 62890 ns, Total: 102819 ns
[2020-02-29T04:37:34.778+0000][1][safepoint    ] Safepoint "Deoptimize", Time since last: 1168658479 ns, Reaching safepoint: 38085 ns, At safepoint: 79984 ns, Total: 118069 ns
[2020-02-29T04:37:35.779+0000][1][safepoint    ] Safepoint "Cleanup", Time since last: 1001008186 ns, Reaching safepoint: 62550 ns, At safepoint: 4009 ns, Total: 66559 ns
[2020-02-29T04:37:36.781+0000][1][safepoint    ] Safepoint "Cleanup", Time since last: 1001291445 ns, Reaching safepoint: 33728 ns, At safepoint: 4117 ns, Total: 37845 ns
[2020-02-29T04:37:37.797+0000][1][safepoint    ] Safepoint "Cleanup", Time since last: 1010669382 ns, Reaching safepoint: 5815857 ns, At safepoint: 7481 ns, Total: 5823338 ns
[2020-02-29T04:37:38.798+0000][1][safepoint    ] Safepoint "Cleanup", Time since last: 1000209231 ns, Reaching safepoint: 50232 ns, At safepoint: 3724 ns, Total: 53956 ns
[2020-02-29T04:37:39.798+0000][1][safepoint    ] Safepoint "Cleanup", Time since last: 1000392641 ns, Reaching safepoint: 44116 ns, At safepoint: 5774 ns, Total: 49890 ns
[2020-02-29T04:37:40.798+0000][1][safepoint    ] Safepoint "Cleanup", Time since last: 1000227049 ns, Reaching safepoint: 42040 ns, At safepoint: 6038 ns, Total: 48078 ns
[2020-02-29T04:37:41.802+0000][1][safepoint    ] Safepoint "Cleanup", Time since last: 1003494052 ns, Reaching safepoint: 94589 ns, At safepoint: 4078 ns, Total: 98667 ns
[2020-02-29T04:37:42.807+0000][1][safepoint    ] Safepoint "Cleanup", Time since last: 1005205114 ns, Reaching safepoint: 65779 ns, At safepoint: 3427 ns, Total: 69206 ns
[2020-02-29T04:37:43.808+0000][1][safepoint    ] Safepoint "Cleanup", Time since last: 1000492722 ns, Reaching safepoint: 38893 ns, At safepoint: 5721 ns, Total: 44614 ns
[2020-02-29T04:37:44.523+0000][1][safepoint    ] Safepoint "Deoptimize", Time since last: 715544369 ns, Reaching safepoint: 16298 ns, At safepoint: 91939 ns, Total: 108237 ns
[2020-02-29T04:37:45.601+0000][1][safepoint    ] Safepoint "Cleanup", Time since last: 1000310891 ns, Reaching safepoint: 77449957 ns, At safepoint: 5907 ns, Total: 77455864 ns
[2020-02-29T04:37:46.620+0000][1][safepoint    ] Safepoint "Cleanup", Time since last: 1003928565 ns, Reaching safepoint: 15264400 ns, At safepoint: 6941 ns, Total: 15271341 ns
[2020-02-29T04:37:46.730+0000][1][safepoint    ] Safepoint "Deoptimize", Time since last: 109692619 ns, Reaching safepoint: 29595 ns, At safepoint: 100373 ns, Total: 129968 ns
[2020-02-29T04:37:47.753+0000][1][safepoint    ] Safepoint "Cleanup", Time since last: 1020539955 ns, Reaching safepoint: 2117985 ns, At safepoint: 7947 ns, Total: 2125932 ns
[2020-02-29T04:37:49.799+0000][1][safepoint    ] Safepoint "Cleanup", Time since last: 2046091185 ns, Reaching safepoint: 39219 ns, At safepoint: 3542 ns, Total: 42761 ns
[2020-02-29T04:37:51.808+0000][1][safepoint    ] Safepoint "Cleanup", Time since last: 2009255183 ns, Reaching safepoint: 43702 ns, At safepoint: 5852 ns, Total: 49554 ns
[2020-02-29T04:37:53.169+0000][1][safepoint    ] Safepoint "Cleanup", Time since last: 1009978944 ns, Reaching safepoint: 350896056 ns, At safepoint: 5956 ns, Total: 350902012 ns
[2020-02-29T04:37:56.187+0000][1][safepoint    ] Safepoint "Cleanup", Time since last: 3018347095 ns, Reaching safepoint: 44887 ns, At safepoint: 5456 ns, Total: 50343 ns
[2020-02-29T04:37:57.189+0000][1][safepoint    ] Safepoint "Cleanup", Time since last: 1001738516 ns, Reaching safepoint: 60527 ns, At safepoint: 3859 ns, Total: 64386 ns
[2020-02-29T04:37:58.031+0000][1][safepoint    ] Safepoint "Deoptimize", Time since last: 841321237 ns, Reaching safepoint: 26840 ns, At safepoint: 197723 ns, Total: 224563 ns
[2020-02-29T04:37:59.062+0000][1][safepoint    ] Safepoint "Cleanup", Time since last: 1003809642 ns, Reaching safepoint: 27309170 ns, At safepoint: 9278 ns, Total: 27318448 ns
[2020-02-29T04:38:00.094+0000][1][safepoint    ] Safepoint "Cleanup", Time since last: 1001734158 ns, Reaching safepoint: 30499752 ns, At safepoint: 5627 ns, Total: 30505379 ns
[2020-02-29T04:38:01.169+0000][1][safepoint    ] Safepoint "Cleanup", Time since last: 1009736670 ns, Reaching safepoint: 65227325 ns, At safepoint: 8989 ns, Total: 65236314 ns
[2020-02-29T04:38:01.585+0000][1][safepoint    ] Safepoint "Deoptimize", Time since last: 415303467 ns, Reaching safepoint: 65540 ns, At safepoint: 146501 ns, Total: 212041 ns
[2020-02-29T04:38:03.588+0000][1][safepoint    ] Safepoint "Cleanup", Time since last: 2003460851 ns, Reaching safepoint: 40827 ns, At safepoint: 5607 ns, Total: 46434 ns
[2020-02-29T04:38:04.589+0000][1][safepoint    ] Safepoint "Cleanup", Time since last: 1000302249 ns, Reaching safepoint: 51095 ns, At safepoint: 5663 ns, Total: 56758 ns
[2020-02-29T04:38:05.329+0000][1][safepoint    ] Safepoint "Deoptimize", Time since last: 740001541 ns, Reaching safepoint: 17156 ns, At safepoint: 114466 ns, Total: 131622 ns
[2020-02-29T04:38:05.395+0000][1][safepoint    ] Safepoint "RevokeBias", Time since last: 66174034 ns, Reaching safepoint: 16521 ns, At safepoint: 49270 ns, Total: 65791 ns
[2020-02-29T04:38:07.423+0000][1][safepoint    ] Safepoint "Cleanup", Time since last: 2002898778 ns, Reaching safepoint: 25363128 ns, At safepoint: 17510 ns, Total: 25380638 ns
[2020-02-29T04:38:09.459+0000][1][safepoint    ] Safepoint "Cleanup", Time since last: 2008699714 ns, Reaching safepoint: 27047010 ns, At safepoint: 6455 ns, Total: 27053465 ns
[2020-02-29T04:38:10.525+0000][1][safepoint    ] Safepoint "Cleanup", Time since last: 1001728159 ns, Reaching safepoint: 64776039 ns, At safepoint: 7369 ns, Total: 64783408 ns
[2020-02-29T04:38:11.586+0000][1][safepoint    ] Safepoint "Cleanup", Time since last: 1002206314 ns, Reaching safepoint: 58334800 ns, At safepoint: 5647 ns, Total: 58340447 ns
[2020-02-29T04:38:12.600+0000][1][safepoint    ] Safepoint "Cleanup", Time since last: 1011790692 ns, Reaching safepoint: 2242150 ns, At safepoint: 5612 ns, Total: 2247762 ns
[2020-02-29T04:38:13.611+0000][1][safepoint    ] Safepoint "Cleanup", Time since last: 1010886971 ns, Reaching safepoint: 64081 ns, At safepoint: 4126 ns, Total: 68207 ns
[2020-02-29T04:38:14.612+0000][1][safepoint    ] Safepoint "Cleanup", Time since last: 1000727655 ns, Reaching safepoint: 30358 ns, At safepoint: 5217 ns, Total: 35575 ns
[2020-02-29T04:38:16.023+0000][1][safepoint    ] Safepoint "Deoptimize", Time since last: 1410601271 ns, Reaching safepoint: 21523 ns, At safepoint: 194990 ns, Total: 216513 ns
[2020-02-29T04:38:16.023+0000][1][safepoint    ] Safepoint "Deoptimize", Time since last: 266711 ns, Reaching safepoint: 11260 ns, At safepoint: 174879 ns, Total: 186139 ns
[2020-02-29T04:38:18.026+0000][1][safepoint    ] Safepoint "Cleanup", Time since last: 2002657005 ns, Reaching safepoint: 100636 ns, At safepoint: 4708 ns, Total: 105344 ns
[2020-02-29T04:38:20.078+0000][1][safepoint    ] Safepoint "Cleanup", Time since last: 2005696485 ns, Reaching safepoint: 46900718 ns, At safepoint: 9307 ns, Total: 46910025 ns
[2020-02-29T04:38:20.228+0000][1][safepoint    ] Safepoint "Deoptimize", Time since last: 149938006 ns, Reaching safepoint: 23028 ns, At safepoint: 122847 ns, Total: 145875 ns
[2020-02-29T04:38:20.551+0000][1][safepoint    ] Safepoint "Deoptimize", Time since last: 321805894 ns, Reaching safepoint: 27932 ns, At safepoint: 286877 ns, Total: 314809 ns
[2020-02-29T04:38:21.237+0000][1][safepoint    ] Safepoint "RevokeBias", Time since last: 680963863 ns, Reaching safepoint: 5286707 ns, At safepoint: 24731 ns, Total: 5311438 ns
[2020-02-29T04:38:21.237+0000][1][safepoint    ] Safepoint "RevokeBias", Time since last: 110822 ns, Reaching safepoint: 11433 ns, At safepoint: 11883 ns, Total: 23316 ns
[2020-02-29T04:38:21.302+0000][1][safepoint    ] Safepoint "RevokeBias", Time since last: 12985369 ns, Reaching safepoint: 51949861 ns, At safepoint: 31546 ns, Total: 51981407 ns
[2020-02-29T04:38:21.572+0000][1][safepoint    ] Safepoint "RevokeBias", Time since last: 2946306 ns, Reaching safepoint: 267003705 ns, At safepoint: 34937 ns, Total: 267038642 ns
[2020-02-29T04:38:21.573+0000][1][safepoint    ] Safepoint "RevokeBias", Time since last: 719755 ns, Reaching safepoint: 16369 ns, At safepoint: 13368 ns, Total: 29737 ns
[2020-02-29T04:38:22.612+0000][1][safepoint    ] Safepoint "Cleanup", Time since last: 1000999677 ns, Reaching safepoint: 38090089 ns, At safepoint: 8730 ns, Total: 38098819 ns
[2020-02-29T04:38:23.850+0000][1][safepoint    ] Safepoint "Cleanup", Time since last: 1000221585 ns, Reaching safepoint: 237857570 ns, At safepoint: 10410 ns, Total: 237867980 ns
[2020-02-29T04:38:26.902+0000][1][safepoint    ] Safepoint "Cleanup", Time since last: 3019217268 ns, Reaching safepoint: 32944864 ns, At safepoint: 25531 ns, Total: 32970395 ns
[2020-02-29T04:38:27.914+0000][1][safepoint    ] Safepoint "Cleanup", Time since last: 1001648123 ns, Reaching safepoint: 10197441 ns, At safepoint: 8133 ns, Total: 10205574 ns
[2020-02-29T04:38:28.941+0000][1][safepoint    ] Safepoint "Cleanup", Time since last: 1001549447 ns, Reaching safepoint: 25195714 ns, At safepoint: 29633 ns, Total: 25225347 ns
[2020-02-29T04:38:39.595+0000][1][gc,start     ] GC(0) Pause Young (Allocation Failure)
[2020-02-29T04:38:39.876+0000][1][gc,task      ] GC(0) Using 1 workers of 1 for evacuation
[2020-02-29T04:38:48.895+0000][1][gc,age       ] GC(0) Desired survivor size 4358144 bytes, new threshold 1 (max threshold 6)
[2020-02-29T04:38:48.895+0000][1][gc,age       ] GC(0) Age table with threshold 1 (max threshold 6)
[2020-02-29T04:38:48.895+0000][1][gc,age       ] GC(0) - age   1:    7980096 bytes,    7980096 total
[2020-02-29T04:38:48.895+0000][1][gc,heap      ] GC(0) ParNew: 68160K->7828K(76672K)
[2020-02-29T04:38:48.895+0000][1][gc,heap      ] GC(0) CMS: 0K->0K(963392K)
[2020-02-29T04:38:48.895+0000][1][gc,metaspace ] GC(0) Metaspace: 12598K->12598K(1060864K)
[2020-02-29T04:38:48.895+0000][1][gc           ] GC(0) Pause Young (Allocation Failure) 66M->7M(1015M) 9299.763ms
[2020-02-29T04:38:48.895+0000][1][gc,cpu       ] GC(0) User=0.06s Sys=0.04s Real=9.30s
[2020-02-29T04:38:48.895+0000][1][safepoint    ] Safepoint "GenCollectForAllocation", Time since last: 10654483810 ns, Reaching safepoint: 50521 ns, At safepoint: 9299859497 ns, Total: 9299910018 ns
[2020-02-29T04:38:49.088+0000][1][safepoint    ] Safepoint "RevokeBias", Time since last: 3381183 ns, Reaching safepoint: 189696258 ns, At safepoint: 25056 ns, Total: 189721314 ns
[2020-02-29T04:38:49.089+0000][1][safepoint    ] Safepoint "RevokeBias", Time since last: 617956 ns, Reaching safepoint: 22540 ns, At safepoint: 40141 ns, Total: 62681 ns
[2020-02-29T04:38:49.089+0000][1][safepoint    ] Safepoint "RevokeBias", Time since last: 92726 ns, Reaching safepoint: 13446 ns, At safepoint: 18646 ns, Total: 32092 ns
[2020-02-29T04:38:49.089+0000][1][safepoint    ] Safepoint "RevokeBias", Time since last: 68108 ns, Reaching safepoint: 27985 ns, At safepoint: 18477 ns, Total: 46462 ns
[2020-02-29T04:38:49.089+0000][1][safepoint    ] Safepoint "RevokeBias", Time since last: 61882 ns, Reaching safepoint: 12203 ns, At safepoint: 17124 ns, Total: 29327 ns
[2020-02-29T04:38:49.089+0000][1][safepoint    ] Safepoint "RevokeBias", Time since last: 25020 ns, Reaching safepoint: 11372 ns, At safepoint: 16417 ns, Total: 27789 ns
[2020-02-29T04:38:49.089+0000][1][safepoint    ] Safepoint "RevokeBias", Time since last: 27663 ns, Reaching safepoint: 11809 ns, At safepoint: 16548 ns, Total: 28357 ns
[2020-02-29T04:38:49.089+0000][1][safepoint    ] Safepoint "RevokeBias", Time since last: 23609 ns, Reaching safepoint: 11110 ns, At safepoint: 16381 ns, Total: 27491 ns
[2020-02-29T04:38:49.089+0000][1][safepoint    ] Safepoint "RevokeBias", Time since last: 71828 ns, Reaching safepoint: 11804 ns, At safepoint: 16652 ns, Total: 28456 ns
[2020-02-29T04:38:49.090+0000][1][safepoint    ] Safepoint "RevokeBias", Time since last: 23453 ns, Reaching safepoint: 11240 ns, At safepoint: 16346 ns, Total: 27586 ns
[2020-02-29T04:38:49.090+0000][1][safepoint    ] Safepoint "RevokeBias", Time since last: 79522 ns, Reaching safepoint: 14197 ns, At safepoint: 17629 ns, Total: 31826 ns
[2020-02-29T04:38:49.090+0000][1][safepoint    ] Safepoint "RevokeBias", Time since last: 24266 ns, Reaching safepoint: 11429 ns, At safepoint: 16433 ns, Total: 27862 ns
[2020-02-29T04:38:49.090+0000][1][safepoint    ] Safepoint "RevokeBias", Time since last: 26974 ns, Reaching safepoint: 11602 ns, At safepoint: 16519 ns, Total: 28121 ns
[2020-02-29T04:38:49.090+0000][1][safepoint    ] Safepoint "RevokeBias", Time since last: 23229 ns, Reaching safepoint: 11153 ns, At safepoint: 16399 ns, Total: 27552 ns
[2020-02-29T04:38:49.090+0000][1][safepoint    ] Safepoint "RevokeBias", Time since last: 270070 ns, Reaching safepoint: 15366 ns, At safepoint: 36414 ns, Total: 51780 ns
[2020-02-29T04:38:49.090+0000][1][safepoint    ] Safepoint "RevokeBias", Time since last: 33594 ns, Reaching safepoint: 11340 ns, At safepoint: 16578 ns, Total: 27918 ns
[2020-02-29T04:38:49.090+0000][1][safepoint    ] Safepoint "RevokeBias", Time since last: 30767 ns, Reaching safepoint: 16767 ns, At safepoint: 39057 ns, Total: 55824 ns
[2020-02-29T04:38:49.090+0000][1][safepoint    ] Safepoint "RevokeBias", Time since last: 40115 ns, Reaching safepoint: 27888 ns, At safepoint: 136140 ns, Total: 164028 ns
[2020-02-29T04:38:49.091+0000][1][safepoint    ] Safepoint "RevokeBias", Time since last: 363231 ns, Reaching safepoint: 16040 ns, At safepoint: 21044 ns, Total: 37084 ns
[2020-02-29T04:38:49.091+0000][1][safepoint    ] Safepoint "RevokeBias", Time since last: 35093 ns, Reaching safepoint: 11602 ns, At safepoint: 17381 ns, Total: 28983 ns
[2020-02-29T04:38:49.091+0000][1][safepoint    ] Safepoint "RevokeBias", Time since last: 299341 ns, Reaching safepoint: 14871 ns, At safepoint: 18925 ns, Total: 33796 ns
[2020-02-29T04:38:49.091+0000][1][safepoint    ] Safepoint "RevokeBias", Time since last: 29967 ns, Reaching safepoint: 11664 ns, At safepoint: 30083 ns, Total: 41747 ns
[2020-02-29T04:38:49.091+0000][1][safepoint    ] Safepoint "RevokeBias", Time since last: 29150 ns, Reaching safepoint: 12061 ns, At safepoint: 17154 ns, Total: 29215 ns
[2020-02-29T04:38:49.091+0000][1][safepoint    ] Safepoint "RevokeBias", Time since last: 24463 ns, Reaching safepoint: 11584 ns, At safepoint: 16896 ns, Total: 28480 ns
[2020-02-29T04:38:49.092+0000][1][safepoint    ] Safepoint "RevokeBias", Time since last: 28101 ns, Reaching safepoint: 11880 ns, At safepoint: 17162 ns, Total: 29042 ns
[2020-02-29T04:38:49.092+0000][1][safepoint    ] Safepoint "RevokeBias", Time since last: 44472 ns, Reaching safepoint: 14298 ns, At safepoint: 17973 ns, Total: 32271 ns
[2020-02-29T04:38:49.092+0000][1][safepoint    ] Safepoint "RevokeBias", Time since last: 180593 ns, Reaching safepoint: 12304 ns, At safepoint: 17179 ns, Total: 29483 ns
[2020-02-29T04:38:49.092+0000][1][safepoint    ] Safepoint "RevokeBias", Time since last: 24152 ns, Reaching safepoint: 11532 ns, At safepoint: 16822 ns, Total: 28354 ns
[2020-02-29T04:38:50.139+0000][1][safepoint    ] Safepoint "Cleanup", Time since last: 1047162778 ns, Reaching safepoint: 105173 ns, At safepoint: 7528 ns, Total: 112701 ns
[2020-02-29T04:38:50.765+0000][1][safepoint    ] Safepoint "RevokeBias", Time since last: 625847318 ns, Reaching safepoint: 40700 ns, At safepoint: 18695 ns, Total: 59395 ns
[2020-02-29T04:38:51.769+0000][1][safepoint    ] Safepoint "Cleanup", Time since last: 1003681649 ns, Reaching safepoint: 48461 ns, At safepoint: 7462 ns, Total: 55923 ns
[2020-02-29T04:38:52.772+0000][1][safepoint    ] Safepoint "Cleanup", Time since last: 1002825343 ns, Reaching safepoint: 143256 ns, At safepoint: 6865 ns, Total: 150121 ns
[2020-02-29T04:38:53.828+0000][1][safepoint    ] Safepoint "Cleanup", Time since last: 1026138670 ns, Reaching safepoint: 30203396 ns, At safepoint: 12924 ns, Total: 30216320 ns
[2020-02-29T04:38:55.219+0000][1][safepoint    ] Safepoint "Cleanup", Time since last: 1004001552 ns, Reaching safepoint: 386843164 ns, At safepoint: 11428 ns, Total: 386854592 ns
[2020-02-29T04:38:56.266+0000][1][safepoint    ] Safepoint "Cleanup", Time since last: 1011336834 ns, Reaching safepoint: 35647972 ns, At safepoint: 15320 ns, Total: 35663292 ns
[2020-02-29T04:38:57.280+0000][1][safepoint    ] Safepoint "Cleanup", Time since last: 1000193726 ns, Reaching safepoint: 13991558 ns, At safepoint: 11793 ns, Total: 14003351 ns
[2020-02-29T04:38:58.309+0000][1][safepoint    ] Safepoint "Cleanup", Time since last: 1011479552 ns, Reaching safepoint: 17161835 ns, At safepoint: 9687 ns, Total: 17171522 ns
[2020-02-29T04:39:01.140+0000][1][safepoint    ] Safepoint "Cleanup", Time since last: 2002288888 ns, Reaching safepoint: 829150766 ns, At safepoint: 8202 ns, Total: 829158968 ns
[2020-02-29T04:39:01.227+0000][1][safepoint    ] Safepoint "Deoptimize", Time since last: 86218135 ns, Reaching safepoint: 30699 ns, At safepoint: 400599 ns, Total: 431298 ns
[2020-02-29T04:39:02.229+0000][1][safepoint    ] Safepoint "Cleanup", Time since last: 1002057677 ns, Reaching safepoint: 46044 ns, At safepoint: 6664 ns, Total: 52708 ns
[2020-02-29T04:39:03.236+0000][1][safepoint    ] Safepoint "Cleanup", Time since last: 1007044759 ns, Reaching safepoint: 43977 ns, At safepoint: 5740 ns, Total: 49717 ns
[2020-02-29T04:39:04.240+0000][1][safepoint    ] Safepoint "Cleanup", Time since last: 1003586180 ns, Reaching safepoint: 39828 ns, At safepoint: 6751 ns, Total: 46579 ns
[2020-02-29T04:39:05.240+0000][1][safepoint    ] Safepoint "Cleanup", Time since last: 1000362110 ns, Reaching safepoint: 53135 ns, At safepoint: 7542 ns, Total: 60677 ns
[2020-02-29T04:39:06.241+0000][1][safepoint    ] Safepoint "Cleanup", Time since last: 1000914908 ns, Reaching safepoint: 40275 ns, At safepoint: 6798 ns, Total: 47073 ns
[2020-02-29T04:39:07.244+0000][1][safepoint    ] Safepoint "Cleanup", Time since last: 1002660359 ns, Reaching safepoint: 37499 ns, At safepoint: 5240 ns, Total: 42739 ns
[2020-02-29T04:39:08.249+0000][1][safepoint    ] Safepoint "Cleanup", Time since last: 1005354348 ns, Reaching safepoint: 53007 ns, At safepoint: 6978 ns, Total: 59985 ns
[2020-02-29T04:39:11.274+0000][1][safepoint    ] Safepoint "Cleanup", Time since last: 3024515874 ns, Reaching safepoint: 59186 ns, At safepoint: 7493 ns, Total: 66679 ns
[2020-02-29T04:39:12.295+0000][1][safepoint    ] Safepoint "Cleanup", Time since last: 1004915600 ns, Reaching safepoint: 16281751 ns, At safepoint: 10283 ns, Total: 16292034 ns
[2020-02-29T04:39:13.302+0000][1][safepoint    ] Safepoint "Cleanup", Time since last: 1004684295 ns, Reaching safepoint: 2577678 ns, At safepoint: 16356 ns, Total: 2594034 ns
[2020-02-29T04:39:14.303+0000][1][safepoint    ] Safepoint "Cleanup", Time since last: 1000623058 ns, Reaching safepoint: 58006 ns, At safepoint: 6965 ns, Total: 64971 ns
[2020-02-29T04:39:14.591+0000][1][safepoint    ] Safepoint "RevokeBias", Time since last: 287918604 ns, Reaching safepoint: 22537 ns, At safepoint: 27093 ns, Total: 49630 ns
[2020-02-29T04:39:15.673+0000][1][safepoint    ] Safepoint "Cleanup", Time since last: 1011736163 ns, Reaching safepoint: 70463986 ns, At safepoint: 10340 ns, Total: 70474326 ns
[2020-02-29T04:39:16.723+0000][1][safepoint    ] Safepoint "Cleanup", Time since last: 1002424212 ns, Reaching safepoint: 47589268 ns, At safepoint: 12483 ns, Total: 47601751 ns
[2020-02-29T04:39:17.726+0000][1][safepoint    ] Safepoint "Cleanup", Time since last: 1002619030 ns, Reaching safepoint: 100164 ns, At safepoint: 20780 ns, Total: 120944 ns
[2020-02-29T04:39:18.727+0000][1][safepoint    ] Safepoint "Cleanup", Time since last: 1001122477 ns, Reaching safepoint: 54066 ns, At safepoint: 6712 ns, Total: 60778 ns
[2020-02-29T04:39:19.744+0000][1][safepoint    ] Safepoint "Cleanup", Time since last: 1003519812 ns, Reaching safepoint: 13153414 ns, At safepoint: 8889 ns, Total: 13162303 ns
[2020-02-29T04:39:20.783+0000][1][safepoint    ] Safepoint "Cleanup", Time since last: 1002157474 ns, Reaching safepoint: 37360244 ns, At safepoint: 21894 ns, Total: 37382138 ns
[2020-02-29T04:39:21.826+0000][1][safepoint    ] Safepoint "RevokeBias", Time since last: 969334017 ns, Reaching safepoint: 73258637 ns, At safepoint: 47376 ns, Total: 73306013 ns
[2020-02-29T04:39:22.826+0000][1][safepoint    ] Safepoint "Cleanup", Time since last: 1000118594 ns, Reaching safepoint: 49939 ns, At safepoint: 6376 ns, Total: 56315 ns
[2020-02-29T04:39:23.216+0000][1][safepoint    ] Safepoint "Deoptimize", Time since last: 389317099 ns, Reaching safepoint: 35485 ns, At safepoint: 412745 ns, Total: 448230 ns
[2020-02-29T04:39:23.217+0000][1][safepoint    ] Safepoint "Deoptimize", Time since last: 597584 ns, Reaching safepoint: 18958 ns, At safepoint: 321307 ns, Total: 340265 ns
[2020-02-29T04:39:23.827+0000][1][gc,start     ] GC(1) Pause Young (Allocation Failure)
[2020-02-29T04:39:23.827+0000][1][gc,task      ] GC(1) Using 1 workers of 1 for evacuation
[2020-02-29T04:39:37.128+0000][1][gc,age       ] GC(1) Desired survivor size 4358144 bytes, new threshold 6 (max threshold 6)
[2020-02-29T04:39:37.128+0000][1][gc,age       ] GC(1) Age table with threshold 6 (max threshold 6)
[2020-02-29T04:39:37.128+0000][1][gc,age       ] GC(1) - age   1:    3068000 bytes,    3068000 total
[2020-02-29T04:39:37.128+0000][1][gc,heap      ] GC(1) ParNew: 75988K->5500K(76672K)
[2020-02-29T04:39:37.128+0000][1][gc,heap      ] GC(1) CMS: 0K->6851K(963392K)
[2020-02-29T04:39:37.128+0000][1][gc,metaspace ] GC(1) Metaspace: 17397K->17397K(1064960K)
[2020-02-29T04:39:37.267+0000][1][gc           ] GC(1) Pause Young (Allocation Failure) 74M->12M(1015M) 13439.797ms
[2020-02-29T04:39:37.267+0000][1][gc,cpu       ] GC(1) User=0.09s Sys=0.06s Real=13.44s
[2020-02-29T04:39:37.267+0000][1][safepoint    ] Safepoint "GenCollectForAllocation", Time since last: 560073931 ns, Reaching safepoint: 50043184 ns, At safepoint: 13439914084 ns, Total: 13489957268 ns
[2020-02-29T04:39:37.439+0000][1][safepoint    ] Safepoint "BulkRevokeBias", Time since last: 5859843 ns, Reaching safepoint: 166164172 ns, At safepoint: 241728 ns, Total: 166405900 ns
[2020-02-29T04:39:37.509+0000][1][safepoint    ] Safepoint "RevokeBias", Time since last: 33657693 ns, Reaching safepoint: 35896396 ns, At safepoint: 45041 ns, Total: 35941437 ns
[2020-02-29T04:39:37.511+0000][1][safepoint    ] Safepoint "RevokeBias", Time since last: 65327 ns, Reaching safepoint: 2450991 ns, At safepoint: 65992 ns, Total: 2516983 ns
[2020-02-29T04:39:37.519+0000][1][safepoint    ] Safepoint "RevokeBias", Time since last: 1706391 ns, Reaching safepoint: 6158562 ns, At safepoint: 69313 ns, Total: 6227875 ns
[2020-02-29T04:39:37.525+0000][1][safepoint    ] Safepoint "RevokeBias", Time since last: 102652 ns, Reaching safepoint: 5586360 ns, At safepoint: 56209 ns, Total: 5642569 ns
[2020-02-29T04:39:37.528+0000][1][safepoint    ] Safepoint "RevokeBias", Time since last: 65649 ns, Reaching safepoint: 2846726 ns, At safepoint: 53627 ns, Total: 2900353 ns
[2020-02-29T04:39:37.531+0000][1][safepoint    ] Safepoint "RevokeBias", Time since last: 78057 ns, Reaching safepoint: 2910616 ns, At safepoint: 52510 ns, Total: 2963126 ns
[2020-02-29T04:39:37.534+0000][1][safepoint    ] Safepoint "RevokeBias", Time since last: 1740455 ns, Reaching safepoint: 1347423 ns, At safepoint: 53528 ns, Total: 1400951 ns
[2020-02-29T04:39:37.535+0000][1][safepoint    ] Safepoint "RevokeBias", Time since last: 63694 ns, Reaching safepoint: 575653 ns, At safepoint: 37829 ns, Total: 613482 ns
[2020-02-29T04:39:37.538+0000][1][safepoint    ] Safepoint "RevokeBias", Time since last: 43008 ns, Reaching safepoint: 2873761 ns, At safepoint: 47493 ns, Total: 2921254 ns
[2020-02-29T04:39:37.544+0000][1][safepoint    ] Safepoint "BulkRevokeBias", Time since last: 89080 ns, Reaching safepoint: 6082678 ns, At safepoint: 51106 ns, Total: 6133784 ns
[2020-02-29T04:39:37.547+0000][1][safepoint    ] Safepoint "BulkRevokeBias", Time since last: 55411 ns, Reaching safepoint: 2686880 ns, At safepoint: 80134 ns, Total: 2767014 ns
[2020-02-29T04:39:38.586+0000][1][safepoint    ] Safepoint "Cleanup", Time since last: 1005055986 ns, Reaching safepoint: 34188200 ns, At safepoint: 11785 ns, Total: 34199985 ns
[2020-02-29T04:39:40.223+0000][1][safepoint    ] Safepoint "Deoptimize", Time since last: 1636844374 ns, Reaching safepoint: 34563 ns, At safepoint: 354358 ns, Total: 388921 ns
[2020-02-29T04:39:41.232+0000][1][safepoint    ] Safepoint "Cleanup", Time since last: 1007833620 ns, Reaching safepoint: 399180 ns, At safepoint: 6786 ns, Total: 405966 ns
[2020-02-29T04:39:42.233+0000][1][safepoint    ] Safepoint "Cleanup", Time since last: 1001008888 ns, Reaching safepoint: 56241 ns, At safepoint: 7483 ns, Total: 63724 ns
[2020-02-29T04:39:42.585+0000][1][gc,start     ] GC(2) Pause Young (Allocation Failure)
[2020-02-29T04:39:42.585+0000][1][gc,task      ] GC(2) Using 1 workers of 1 for evacuation
[2020-02-29T04:39:42.620+0000][1][gc,age       ] GC(2) Desired survivor size 4358144 bytes, new threshold 2 (max threshold 6)
[2020-02-29T04:39:42.620+0000][1][gc,age       ] GC(2) Age table with threshold 2 (max threshold 6)
[2020-02-29T04:39:42.620+0000][1][gc,age       ] GC(2) - age   1:    1784832 bytes,    1784832 total
[2020-02-29T04:39:42.620+0000][1][gc,age       ] GC(2) - age   2:    2943280 bytes,    4728112 total
[2020-02-29T04:39:42.620+0000][1][gc,heap      ] GC(2) ParNew: 73660K->5004K(76672K)
[2020-02-29T04:39:42.620+0000][1][gc,heap      ] GC(2) CMS: 6851K->6851K(963392K)
[2020-02-29T04:39:42.620+0000][1][gc,metaspace ] GC(2) Metaspace: 18655K->18655K(1067008K)
[2020-02-29T04:39:42.620+0000][1][gc           ] GC(2) Pause Young (Allocation Failure) 78M->11M(1015M) 34.715ms
[2020-02-29T04:39:42.620+0000][1][gc,cpu       ] GC(2) User=0.01s Sys=0.00s Real=0.03s
[2020-02-29T04:39:42.620+0000][1][safepoint    ] Safepoint "GenCollectForAllocation", Time since last: 349536516 ns, Reaching safepoint: 2807362 ns, At safepoint: 34794060 ns, Total: 37601422 ns
[2020-02-29T04:39:42.716+0000][1][safepoint    ] Safepoint "RevokeBias", Time since last: 41856863 ns, Reaching safepoint: 54715653 ns, At safepoint: 29229 ns, Total: 54744882 ns
[2020-02-29T04:39:43.077+0000][1][safepoint    ] Safepoint "RevokeBias", Time since last: 7377741 ns, Reaching safepoint: 353229973 ns, At safepoint: 30609 ns, Total: 353260582 ns
[2020-02-29T04:39:43.280+0000][1][safepoint    ] Safepoint "RevokeBias", Time since last: 3934108 ns, Reaching safepoint: 199111349 ns, At safepoint: 34945 ns, Total: 199146294 ns
[2020-02-29T04:39:43.579+0000][1][safepoint    ] Safepoint "RevokeBias", Time since last: 5921867 ns, Reaching safepoint: 293069189 ns, At safepoint: 30817 ns, Total: 293100006 ns
[2020-02-29T04:39:43.691+0000][1][safepoint    ] Safepoint "RevokeBias", Time since last: 10410707 ns, Reaching safepoint: 101524008 ns, At safepoint: 94104 ns, Total: 101618112 ns
[2020-02-29T04:39:43.773+0000][1][safepoint    ] Safepoint "RevokeBias", Time since last: 1722098 ns, Reaching safepoint: 80133159 ns, At safepoint: 29362 ns, Total: 80162521 ns
[2020-02-29T04:39:43.778+0000][1][safepoint    ] Safepoint "RevokeBias", Time since last: 1032231 ns, Reaching safepoint: 3959325 ns, At safepoint: 29361 ns, Total: 3988686 ns
[2020-02-29T04:39:43.782+0000][1][safepoint    ] Safepoint "RevokeBias", Time since last: 82477 ns, Reaching safepoint: 3509776 ns, At safepoint: 24318 ns, Total: 3534094 ns
[2020-02-29T04:39:43.783+0000][1][safepoint    ] Safepoint "RevokeBias", Time since last: 46348 ns, Reaching safepoint: 777759 ns, At safepoint: 28258 ns, Total: 806017 ns
[2020-02-29T04:39:44.944+0000][1][safepoint    ] Safepoint "Cleanup", Time since last: 1001227491 ns, Reaching safepoint: 159824204 ns, At safepoint: 24447 ns, Total: 159848651 ns
[2020-02-29T04:39:45.973+0000][1][safepoint    ] Safepoint "Cleanup", Time since last: 1015279179 ns, Reaching safepoint: 13977803 ns, At safepoint: 12222 ns, Total: 13990025 ns
[2020-02-29T04:39:46.997+0000][1][safepoint    ] Safepoint "Cleanup", Time since last: 1024050656 ns, Reaching safepoint: 34890 ns, At safepoint: 6107 ns, Total: 40997 ns
[2020-02-29T04:39:48.859+0000][1][gc,start     ] GC(3) Pause Young (Allocation Failure)
[2020-02-29T04:39:48.860+0000][1][gc,task      ] GC(3) Using 1 workers of 1 for evacuation
[2020-02-29T04:39:51.664+0000][1][gc,age       ] GC(3) Desired survivor size 4358144 bytes, new threshold 6 (max threshold 6)
[2020-02-29T04:39:51.664+0000][1][gc,age       ] GC(3) Age table with threshold 6 (max threshold 6)
[2020-02-29T04:39:51.664+0000][1][gc,age       ] GC(3) - age   1:    1519560 bytes,    1519560 total
[2020-02-29T04:39:51.664+0000][1][gc,age       ] GC(3) - age   2:     753304 bytes,    2272864 total
[2020-02-29T04:39:51.664+0000][1][gc,heap      ] GC(3) ParNew: 73164K->4082K(76672K)
[2020-02-29T04:39:51.664+0000][1][gc,heap      ] GC(3) CMS: 6851K->9754K(963392K)
[2020-02-29T04:39:51.664+0000][1][gc,metaspace ] GC(3) Metaspace: 18901K->18901K(1067008K)
[2020-02-29T04:39:51.664+0000][1][gc           ] GC(3) Pause Young (Allocation Failure) 78M->13M(1015M) 2804.741ms
[2020-02-29T04:39:51.664+0000][1][gc,cpu       ] GC(3) User=0.12s Sys=0.02s Real=2.81s
[2020-02-29T04:39:51.664+0000][1][safepoint    ] Safepoint "GenCollectForAllocation", Time since last: 1862387717 ns, Reaching safepoint: 57369 ns, At safepoint: 2804789690 ns, Total: 2804847059 ns
[2020-02-29T04:39:51.666+0000][1][safepoint    ] Safepoint "RevokeBias", Time since last: 2091079 ns, Reaching safepoint: 25888 ns, At safepoint: 25803 ns, Total: 51691 ns
[2020-02-29T04:39:51.666+0000][1][safepoint    ] Safepoint "RevokeBias", Time since last: 47228 ns, Reaching safepoint: 11619 ns, At safepoint: 19627 ns, Total: 31246 ns
[2020-02-29T04:39:51.896+0000][1][safepoint    ] Safepoint "RevokeBias", Time since last: 165889657 ns, Reaching safepoint: 63754185 ns, At safepoint: 43222 ns, Total: 63797407 ns
[2020-02-29T04:39:51.901+0000][1][safepoint    ] Safepoint "RevokeBias", Time since last: 243795 ns, Reaching safepoint: 4358703 ns, At safepoint: 32339 ns, Total: 4391042 ns
[2020-02-29T04:39:51.901+0000][1][safepoint    ] Safepoint "RevokeBias", Time since last: 78343 ns, Reaching safepoint: 324394 ns, At safepoint: 28172 ns, Total: 352566 ns
[2020-02-29T04:39:51.905+0000][1][safepoint    ] Safepoint "RevokeBias", Time since last: 38231 ns, Reaching safepoint: 3522128 ns, At safepoint: 27298 ns, Total: 3549426 ns
[2020-02-29T04:39:52.907+0000][1][safepoint    ] Safepoint "Cleanup", Time since last: 1002079641 ns, Reaching safepoint: 35704 ns, At safepoint: 5957 ns, Total: 41661 ns
[2020-02-29T04:39:53.911+0000][1][safepoint    ] Safepoint "Cleanup", Time since last: 1003925814 ns, Reaching safepoint: 36530 ns, At safepoint: 6651 ns, Total: 43181 ns
[2020-02-29T04:39:55.914+0000][1][safepoint    ] Safepoint "Cleanup", Time since last: 2002892820 ns, Reaching safepoint: 71070 ns, At safepoint: 7329 ns, Total: 78399 ns
[2020-02-29T04:39:56.923+0000][1][safepoint    ] Safepoint "Cleanup", Time since last: 1009237178 ns, Reaching safepoint: 110562 ns, At safepoint: 8266 ns, Total: 118828 ns
[2020-02-29T04:39:57.937+0000][1][safepoint    ] Safepoint "Cleanup", Time since last: 1013870491 ns, Reaching safepoint: 43457 ns, At safepoint: 5145 ns, Total: 48602 ns
[2020-02-29T04:39:58.946+0000][1][safepoint    ] Safepoint "Cleanup", Time since last: 1008630814 ns, Reaching safepoint: 66091 ns, At safepoint: 5805 ns, Total: 71896 ns
[2020-02-29T04:39:59.656+0000][1][gc,start     ] GC(4) Pause Young (Allocation Failure)
[2020-02-29T04:39:59.656+0000][1][gc,task      ] GC(4) Using 1 workers of 1 for evacuation
[2020-02-29T04:39:59.679+0000][1][gc,age       ] GC(4) Desired survivor size 4358144 bytes, new threshold 6 (max threshold 6)
[2020-02-29T04:39:59.679+0000][1][gc,age       ] GC(4) Age table with threshold 6 (max threshold 6)
[2020-02-29T04:39:59.679+0000][1][gc,age       ] GC(4) - age   1:    1286304 bytes,    1286304 total
[2020-02-29T04:39:59.679+0000][1][gc,age       ] GC(4) - age   2:     320912 bytes,    1607216 total
[2020-02-29T04:39:59.679+0000][1][gc,age       ] GC(4) - age   3:     753208 bytes,    2360424 total
[2020-02-29T04:39:59.679+0000][1][gc,heap      ] GC(4) ParNew: 72242K->3706K(76672K)
[2020-02-29T04:39:59.679+0000][1][gc,heap      ] GC(4) CMS: 9754K->9754K(963392K)
[2020-02-29T04:39:59.679+0000][1][gc,metaspace ] GC(4) Metaspace: 19478K->19478K(1067008K)
[2020-02-29T04:39:59.679+0000][1][gc           ] GC(4) Pause Young (Allocation Failure) 80M->13M(1015M) 23.228ms
[2020-02-29T04:39:59.679+0000][1][gc,cpu       ] GC(4) User=0.01s Sys=0.00s Real=0.02s
[2020-02-29T04:39:59.679+0000][1][safepoint    ] Safepoint "GenCollectForAllocation", Time since last: 710006633 ns, Reaching safepoint: 74952 ns, At safepoint: 23271377 ns, Total: 23346329 ns
[2020-02-29T04:39:59.680+0000][1][safepoint    ] Safepoint "BulkRevokeBias", Time since last: 294374 ns, Reaching safepoint: 32948 ns, At safepoint: 112490 ns, Total: 145438 ns
[2020-02-29T04:39:59.680+0000][1][safepoint    ] Safepoint "RevokeBias", Time since last: 156745 ns, Reaching safepoint: 18272 ns, At safepoint: 28434 ns, Total: 46706 ns
[2020-02-29T04:39:59.680+0000][1][safepoint    ] Safepoint "RevokeBias", Time since last: 58309 ns, Reaching safepoint: 19403 ns, At safepoint: 43992 ns, Total: 63395 ns
[2020-02-29T04:39:59.682+0000][1][safepoint    ] Safepoint "RevokeBias", Time since last: 2208505 ns, Reaching safepoint: 20133 ns, At safepoint: 27923 ns, Total: 48056 ns
[2020-02-29T04:39:59.682+0000][1][safepoint    ] Safepoint "RevokeBias", Time since last: 77685 ns, Reaching safepoint: 12411 ns, At safepoint: 22060 ns, Total: 34471 ns
[2020-02-29T04:39:59.682+0000][1][safepoint    ] Safepoint "RevokeBias", Time since last: 26820 ns, Reaching safepoint: 10743 ns, At safepoint: 19500 ns, Total: 30243 ns
[2020-02-29T04:40:00.628+0000][1][safepoint    ] Safepoint "RevokeBias", Time since last: 945701286 ns, Reaching safepoint: 40651 ns, At safepoint: 13891 ns, Total: 54542 ns
[2020-02-29T04:40:00.813+0000][1][safepoint    ] Safepoint "Deoptimize", Time since last: 183977908 ns, Reaching safepoint: 37663 ns, At safepoint: 384819 ns, Total: 422482 ns
[2020-02-29T04:40:01.993+0000][1][safepoint    ] Safepoint "Cleanup", Time since last: 1000440031 ns, Reaching safepoint: 179980202 ns, At safepoint: 6636 ns, Total: 179986838 ns
[2020-02-29T04:40:03.674+0000][1][safepoint    ] Safepoint "Deoptimize", Time since last: 1680063341 ns, Reaching safepoint: 31857 ns, At safepoint: 501881 ns, Total: 533738 ns
[2020-02-29T04:40:04.588+0000][1][gc,start     ] GC(5) Pause Young (Allocation Failure)
[2020-02-29T04:40:04.640+0000][1][gc,task      ] GC(5) Using 1 workers of 1 for evacuation
[2020-02-29T04:40:05.341+0000][1][gc,age       ] GC(5) Desired survivor size 4358144 bytes, new threshold 6 (max threshold 6)
[2020-02-29T04:40:05.341+0000][1][gc,age       ] GC(5) Age table with threshold 6 (max threshold 6)
[2020-02-29T04:40:05.341+0000][1][gc,age       ] GC(5) - age   1:    1964968 bytes,    1964968 total
[2020-02-29T04:40:05.341+0000][1][gc,age       ] GC(5) - age   2:    1272808 bytes,    3237776 total
[2020-02-29T04:40:05.341+0000][1][gc,age       ] GC(5) - age   3:     320912 bytes,    3558688 total
[2020-02-29T04:40:05.341+0000][1][gc,age       ] GC(5) - age   4:     753152 bytes,    4311840 total
[2020-02-29T04:40:05.341+0000][1][gc,heap      ] GC(5) ParNew: 71866K->4384K(76672K)
[2020-02-29T04:40:05.341+0000][1][gc,heap      ] GC(5) CMS: 9754K->9754K(963392K)
[2020-02-29T04:40:05.341+0000][1][gc,metaspace ] GC(5) Metaspace: 19738K->19738K(1067008K)
[2020-02-29T04:40:05.342+0000][1][gc           ] GC(5) Pause Young (Allocation Failure) 79M->13M(1015M) 753.127ms
[2020-02-29T04:40:05.342+0000][1][gc,cpu       ] GC(5) User=0.19s Sys=0.00s Real=0.76s
[2020-02-29T04:40:05.342+0000][1][safepoint    ] Safepoint "GenCollectForAllocation", Time since last: 914793717 ns, Reaching safepoint: 39686 ns, At safepoint: 753176971 ns, Total: 753216657 ns
[2020-02-29T04:40:05.401+0000][1][safepoint    ] Safepoint "RevokeBias", Time since last: 47532624 ns, Reaching safepoint: 12122395 ns, At safepoint: 38614 ns, Total: 12161009 ns
[2020-02-29T04:40:05.409+0000][1][safepoint    ] Safepoint "RevokeBias", Time since last: 67619 ns, Reaching safepoint: 7367793 ns, At safepoint: 41570 ns, Total: 7409363 ns
[2020-02-29T04:40:05.419+0000][1][safepoint    ] Safepoint "RevokeBias", Time since last: 10384984 ns, Reaching safepoint: 40155 ns, At safepoint: 41069 ns, Total: 81224 ns
[2020-02-29T04:40:05.419+0000][1][safepoint    ] Safepoint "RevokeBias", Time since last: 109659 ns, Reaching safepoint: 33179 ns, At safepoint: 44323 ns, Total: 77502 ns
[2020-02-29T04:40:05.419+0000][1][safepoint    ] Safepoint "RevokeBias", Time since last: 81233 ns, Reaching safepoint: 13609 ns, At safepoint: 22634 ns, Total: 36243 ns
[2020-02-29T04:40:05.420+0000][1][safepoint    ] Safepoint "RevokeBias", Time since last: 76477 ns, Reaching safepoint: 18458 ns, At safepoint: 60018 ns, Total: 78476 ns
[2020-02-29T04:40:06.421+0000][1][safepoint    ] Safepoint "Cleanup", Time since last: 1001624169 ns, Reaching safepoint: 143865 ns, At safepoint: 10376 ns, Total: 154241 ns
[2020-02-29T04:40:07.358+0000][1][gc,start     ] GC(6) Pause Young (Allocation Failure)
[2020-02-29T04:40:07.358+0000][1][gc,task      ] GC(6) Using 1 workers of 1 for evacuation
[2020-02-29T04:40:07.453+0000][1][gc,age       ] GC(6) Desired survivor size 4358144 bytes, new threshold 5 (max threshold 6)
[2020-02-29T04:40:07.453+0000][1][gc,age       ] GC(6) Age table with threshold 5 (max threshold 6)
[2020-02-29T04:40:07.453+0000][1][gc,age       ] GC(6) - age   1:     875288 bytes,     875288 total
[2020-02-29T04:40:07.453+0000][1][gc,age       ] GC(6) - age   2:    1527960 bytes,    2403248 total
[2020-02-29T04:40:07.453+0000][1][gc,age       ] GC(6) - age   3:    1272464 bytes,    3675712 total
[2020-02-29T04:40:07.453+0000][1][gc,age       ] GC(6) - age   4:     320912 bytes,    3996624 total
[2020-02-29T04:40:07.453+0000][1][gc,age       ] GC(6) - age   5:     753072 bytes,    4749696 total
[2020-02-29T04:40:07.454+0000][1][gc,heap      ] GC(6) ParNew: 72544K->7412K(76672K)
[2020-02-29T04:40:07.454+0000][1][gc,heap      ] GC(6) CMS: 9754K->9754K(963392K)
[2020-02-29T04:40:07.454+0000][1][gc,metaspace ] GC(6) Metaspace: 19828K->19828K(1067008K)
[2020-02-29T04:40:07.454+0000][1][gc           ] GC(6) Pause Young (Allocation Failure) 80M->16M(1015M) 95.414ms
[2020-02-29T04:40:07.454+0000][1][gc,cpu       ] GC(6) User=0.02s Sys=0.00s Real=0.10s
[2020-02-29T04:40:07.457+0000][1][safepoint    ] Safepoint "GenCollectForAllocation", Time since last: 936661835 ns, Reaching safepoint: 29161 ns, At safepoint: 98823721 ns, Total: 98852882 ns
[2020-02-29T04:40:07.492+0000][1][safepoint    ] Safepoint "RevokeBias", Time since last: 29997393 ns, Reaching safepoint: 4776736 ns, At safepoint: 47152 ns, Total: 4823888 ns
[2020-02-29T04:40:07.494+0000][1][safepoint    ] Safepoint "RevokeBias", Time since last: 65930 ns, Reaching safepoint: 1916797 ns, At safepoint: 38768 ns, Total: 1955565 ns
[2020-02-29T04:40:07.496+0000][1][safepoint    ] Safepoint "RevokeBias", Time since last: 1731871 ns, Reaching safepoint: 23114 ns, At safepoint: 30455 ns, Total: 53569 ns
[2020-02-29T04:40:07.496+0000][1][safepoint    ] Safepoint "RevokeBias", Time since last: 41778 ns, Reaching safepoint: 13301 ns, At safepoint: 22216 ns, Total: 35517 ns
[2020-02-29T04:40:08.500+0000][1][safepoint    ] Safepoint "Cleanup", Time since last: 1001972180 ns, Reaching safepoint: 2167618 ns, At safepoint: 9517 ns, Total: 2177135 ns
[2020-02-29T04:40:09.513+0000][1][safepoint    ] Safepoint "Cleanup", Time since last: 1013208468 ns, Reaching safepoint: 46451 ns, At safepoint: 6931 ns, Total: 53382 ns
[2020-02-29T04:40:10.871+0000][1][gc,start     ] GC(7) Pause Young (Allocation Failure)
[2020-02-29T04:40:10.871+0000][1][gc,task      ] GC(7) Using 1 workers of 1 for evacuation
[2020-02-29T04:40:11.419+0000][1][gc,age       ] GC(7) Desired survivor size 4358144 bytes, new threshold 4 (max threshold 6)
[2020-02-29T04:40:11.419+0000][1][gc,age       ] GC(7) Age table with threshold 4 (max threshold 6)
[2020-02-29T04:40:11.419+0000][1][gc,age       ] GC(7) - age   1:    1337328 bytes,    1337328 total
[2020-02-29T04:40:11.419+0000][1][gc,age       ] GC(7) - age   2:     415152 bytes,    1752480 total
[2020-02-29T04:40:11.419+0000][1][gc,age       ] GC(7) - age   3:    1525968 bytes,    3278448 total
[2020-02-29T04:40:11.419+0000][1][gc,age       ] GC(7) - age   4:    1271808 bytes,    4550256 total
[2020-02-29T04:40:11.419+0000][1][gc,age       ] GC(7) - age   5:     320912 bytes,    4871168 total
[2020-02-29T04:40:11.419+0000][1][gc,heap      ] GC(7) ParNew: 75572K->8512K(76672K)
[2020-02-29T04:40:11.419+0000][1][gc,heap      ] GC(7) CMS: 9754K->10500K(963392K)
[2020-02-29T04:40:11.419+0000][1][gc,metaspace ] GC(7) Metaspace: 20064K->20064K(1067008K)
[2020-02-29T04:40:11.419+0000][1][gc           ] GC(7) Pause Young (Allocation Failure) 83M->18M(1015M) 547.885ms
[2020-02-29T04:40:11.419+0000][1][gc,cpu       ] GC(7) User=0.08s Sys=0.00s Real=0.54s
[2020-02-29T04:40:11.419+0000][1][safepoint    ] Safepoint "GenCollectForAllocation", Time since last: 1357771211 ns, Reaching safepoint: 23181 ns, At safepoint: 547968164 ns, Total: 547991345 ns
[2020-02-29T04:40:11.500+0000][1][safepoint    ] Safepoint "RevokeBias", Time since last: 58850683 ns, Reaching safepoint: 22251055 ns, At safepoint: 43433 ns, Total: 22294488 ns
[2020-02-29T04:40:11.528+0000][1][safepoint    ] Safepoint "RevokeBias", Time since last: 57722 ns, Reaching safepoint: 27883874 ns, At safepoint: 28727 ns, Total: 27912601 ns
[2020-02-29T04:40:11.553+0000][1][safepoint    ] Safepoint "RevokeBias", Time since last: 10109888 ns, Reaching safepoint: 14590413 ns, At safepoint: 39252 ns, Total: 14629665 ns
[2020-02-29T04:40:11.578+0000][1][safepoint    ] Safepoint "RevokeBias", Time since last: 24407762 ns, Reaching safepoint: 885797 ns, At safepoint: 29424 ns, Total: 915221 ns
[2020-02-29T04:40:12.363+0000][1][safepoint    ] Safepoint "CollectForMetadataAllocation", Time since last: 784777563 ns, Reaching safepoint: 83267 ns, At safepoint: 338679 ns, Total: 421946 ns
[2020-02-29T04:40:12.466+0000][1][safepoint    ] Safepoint "RevokeBias", Time since last: 102281611 ns, Reaching safepoint: 25892 ns, At safepoint: 10797 ns, Total: 36689 ns
[2020-02-29T04:40:12.492+0000][1][safepoint    ] Safepoint "RevokeBias", Time since last: 26457709 ns, Reaching safepoint: 32004 ns, At safepoint: 11289 ns, Total: 43293 ns
[2020-02-29T04:40:12.743+0000][1][safepoint    ] Safepoint "CollectForMetadataAllocation", Time since last: 250488896 ns, Reaching safepoint: 28760 ns, At safepoint: 138942 ns, Total: 167702 ns
[2020-02-29T04:40:13.349+0000][1][gc,start     ] GC(8) Pause Young (Allocation Failure)
[2020-02-29T04:40:13.349+0000][1][gc,task      ] GC(8) Using 1 workers of 1 for evacuation
[2020-02-29T04:40:13.663+0000][1][gc,age       ] GC(8) Desired survivor size 4358144 bytes, new threshold 4 (max threshold 6)
[2020-02-29T04:40:13.663+0000][1][gc,age       ] GC(8) Age table with threshold 4 (max threshold 6)
[2020-02-29T04:40:13.663+0000][1][gc,age       ] GC(8) - age   1:    1568160 bytes,    1568160 total
[2020-02-29T04:40:13.663+0000][1][gc,age       ] GC(8) - age   2:     849688 bytes,    2417848 total
[2020-02-29T04:40:13.663+0000][1][gc,age       ] GC(8) - age   3:     415152 bytes,    2833000 total
[2020-02-29T04:40:13.663+0000][1][gc,age       ] GC(8) - age   4:    1525888 bytes,    4358888 total
[2020-02-29T04:40:13.664+0000][1][gc,heap      ] GC(8) ParNew: 76672K->5770K(76672K)
[2020-02-29T04:40:13.664+0000][1][gc,heap      ] GC(8) CMS: 10500K->12073K(963392K)
[2020-02-29T04:40:13.664+0000][1][gc,metaspace ] GC(8) Metaspace: 20416K->20416K(1069056K)
[2020-02-29T04:40:13.664+0000][1][gc           ] GC(8) Pause Young (Allocation Failure) 85M->17M(1015M) 314.909ms
[2020-02-29T04:40:13.664+0000][1][gc,cpu       ] GC(8) User=0.06s Sys=0.00s Real=0.32s
[2020-02-29T04:40:13.664+0000][1][safepoint    ] Safepoint "GenCollectForAllocation", Time since last: 605931821 ns, Reaching safepoint: 25155 ns, At safepoint: 314951338 ns, Total: 314976493 ns
[2020-02-29T04:40:13.736+0000][1][gc,start     ] GC(9) Pause Initial Mark
[2020-02-29T04:40:13.740+0000][1][gc           ] GC(9) Pause Initial Mark 21M->21M(1015M) 3.413ms
[2020-02-29T04:40:13.740+0000][1][gc,cpu       ] GC(9) User=0.00s Sys=0.00s Real=0.00s
[2020-02-29T04:40:13.740+0000][1][safepoint    ] Safepoint "RevokeBias", Time since last: 50314344 ns, Reaching safepoint: 22122554 ns, At safepoint: 3529460 ns, Total: 25652014 ns
[2020-02-29T04:40:13.740+0000][1][gc           ] GC(9) Concurrent Mark
[2020-02-29T04:40:13.797+0000][1][safepoint    ] Safepoint "RevokeBias", Time since last: 31326569 ns, Reaching safepoint: 26018776 ns, At safepoint: 33864 ns, Total: 26052640 ns
[2020-02-29T04:40:13.838+0000][1][safepoint    ] Safepoint "RevokeBias", Time since last: 1916802 ns, Reaching safepoint: 39143432 ns, At safepoint: 46644 ns, Total: 39190076 ns
[2020-02-29T04:40:13.844+0000][1][safepoint    ] Safepoint "RevokeBias", Time since last: 5412474 ns, Reaching safepoint: 900511 ns, At safepoint: 34516 ns, Total: 935027 ns
[2020-02-29T04:40:13.844+0000][1][safepoint    ] Safepoint "RevokeBias", Time since last: 65801 ns, Reaching safepoint: 12933 ns, At safepoint: 20651 ns, Total: 33584 ns
[2020-02-29T04:40:13.845+0000][1][safepoint    ] Safepoint "RevokeBias", Time since last: 23950 ns, Reaching safepoint: 10714 ns, At safepoint: 18222 ns, Total: 28936 ns
[2020-02-29T04:40:13.912+0000][1][gc           ] GC(9) Concurrent Mark 172.181ms
[2020-02-29T04:40:13.912+0000][1][gc,cpu       ] GC(9) User=0.04s Sys=0.00s Real=0.18s
[2020-02-29T04:40:13.912+0000][1][gc           ] GC(9) Concurrent Preclean
[2020-02-29T04:40:13.913+0000][1][gc           ] GC(9) Concurrent Preclean 1.230ms
[2020-02-29T04:40:13.913+0000][1][gc,cpu       ] GC(9) User=0.00s Sys=0.00s Real=0.00s
[2020-02-29T04:40:13.913+0000][1][gc           ] GC(9) Concurrent Abortable Preclean
[2020-02-29T04:40:14.861+0000][1][safepoint    ] Safepoint "Cleanup", Time since last: 1016754896 ns, Reaching safepoint: 66612 ns, At safepoint: 4213 ns, Total: 70825 ns
[2020-02-29T04:40:15.580+0000][1][gc,start     ] GC(10) Pause Young (Allocation Failure)
[2020-02-29T04:40:15.580+0000][1][gc,task      ] GC(10) Using 1 workers of 1 for evacuation
[2020-02-29T04:40:15.715+0000][1][gc,age       ] GC(10) Desired survivor size 4358144 bytes, new threshold 4 (max threshold 6)
[2020-02-29T04:40:15.715+0000][1][gc,age       ] GC(10) Age table with threshold 4 (max threshold 6)
[2020-02-29T04:40:15.715+0000][1][gc,age       ] GC(10) - age   1:    2037512 bytes,    2037512 total
[2020-02-29T04:40:15.715+0000][1][gc,age       ] GC(10) - age   2:    1134176 bytes,    3171688 total
[2020-02-29T04:40:15.715+0000][1][gc,age       ] GC(10) - age   3:     849688 bytes,    4021376 total
[2020-02-29T04:40:15.715+0000][1][gc,age       ] GC(10) - age   4:     415152 bytes,    4436528 total
[2020-02-29T04:40:15.715+0000][1][gc,heap      ] GC(10) ParNew: 73930K->7827K(76672K)
[2020-02-29T04:40:15.715+0000][1][gc,heap      ] GC(10) CMS: 12073K->13575K(963392K)
[2020-02-29T04:40:15.715+0000][1][gc,metaspace ] GC(10) Metaspace: 20438K->20438K(1069056K)
[2020-02-29T04:40:15.715+0000][1][gc           ] GC(10) Pause Young (Allocation Failure) 83M->20M(1015M) 135.369ms
[2020-02-29T04:40:15.715+0000][1][gc,cpu       ] GC(10) User=0.04s Sys=0.00s Real=0.13s
[2020-02-29T04:40:15.715+0000][1][safepoint    ] Safepoint "GenCollectForAllocation", Time since last: 718355934 ns, Reaching safepoint: 136197 ns, At safepoint: 135417856 ns, Total: 135554053 ns
[2020-02-29T04:40:15.810+0000][1][safepoint    ] Safepoint "RevokeBias", Time since last: 72486508 ns, Reaching safepoint: 22056583 ns, At safepoint: 56150 ns, Total: 22112733 ns
[2020-02-29T04:40:15.813+0000][1][safepoint    ] Safepoint "RevokeBias", Time since last: 66546 ns, Reaching safepoint: 2775171 ns, At safepoint: 45686 ns, Total: 2820857 ns
[2020-02-29T04:40:15.819+0000][1][safepoint    ] Safepoint "RevokeBias", Time since last: 59864 ns, Reaching safepoint: 6083868 ns, At safepoint: 40891 ns, Total: 6124759 ns
[2020-02-29T04:40:15.824+0000][1][safepoint    ] Safepoint "RevokeBias", Time since last: 41818 ns, Reaching safepoint: 5280533 ns, At safepoint: 45123 ns, Total: 5325656 ns
[2020-02-29T04:40:15.829+0000][1][safepoint    ] Safepoint "RevokeBias", Time since last: 111426 ns, Reaching safepoint: 4601086 ns, At safepoint: 35673 ns, Total: 4636759 ns
[2020-02-29T04:40:15.835+0000][1][safepoint    ] Safepoint "RevokeBias", Time since last: 40896 ns, Reaching safepoint: 5578694 ns, At safepoint: 53758 ns, Total: 5632452 ns
[2020-02-29T04:40:15.841+0000][1][safepoint    ] Safepoint "RevokeBias", Time since last: 79668 ns, Reaching safepoint: 6013591 ns, At safepoint: 47666 ns, Total: 6061257 ns
[2020-02-29T04:40:15.843+0000][1][safepoint    ] Safepoint "RevokeBias", Time since last: 45800 ns, Reaching safepoint: 2193957 ns, At safepoint: 48469 ns, Total: 2242426 ns
[2020-02-29T04:40:15.845+0000][1][safepoint    ] Safepoint "RevokeBias", Time since last: 64578 ns, Reaching safepoint: 1676493 ns, At safepoint: 132573 ns, Total: 1809066 ns
[2020-02-29T04:40:15.850+0000][1][safepoint    ] Safepoint "RevokeBias", Time since last: 63161 ns, Reaching safepoint: 4942895 ns, At safepoint: 53214 ns, Total: 4996109 ns
[2020-02-29T04:40:15.867+0000][1][safepoint    ] Safepoint "RevokeBias", Time since last: 2137979 ns, Reaching safepoint: 14913538 ns, At safepoint: 42419 ns, Total: 14955957 ns
[2020-02-29T04:40:15.894+0000][1][safepoint    ] Safepoint "RevokeBias", Time since last: 22918973 ns, Reaching safepoint: 3986303 ns, At safepoint: 102577 ns, Total: 4088880 ns
[2020-02-29T04:40:15.894+0000][1][safepoint    ] Safepoint "RevokeBias", Time since last: 164561 ns, Reaching safepoint: 15132 ns, At safepoint: 81270 ns, Total: 96402 ns
[2020-02-29T04:40:15.895+0000][1][safepoint    ] Safepoint "RevokeBias", Time since last: 126673 ns, Reaching safepoint: 33478 ns, At safepoint: 37287 ns, Total: 70765 ns
[2020-02-29T04:40:15.895+0000][1][safepoint    ] Safepoint "RevokeBias", Time since last: 94457 ns, Reaching safepoint: 31163 ns, At safepoint: 50935 ns, Total: 82098 ns
[2020-02-29T04:40:15.895+0000][1][safepoint    ] Safepoint "RevokeBias", Time since last: 56911 ns, Reaching safepoint: 25405 ns, At safepoint: 55761 ns, Total: 81166 ns
[2020-02-29T04:40:17.328+0000][1][safepoint    ] Safepoint "Cleanup", Time since last: 1432722705 ns, Reaching safepoint: 89691 ns, At safepoint: 4838 ns, Total: 94529 ns
[2020-02-29T04:40:17.395+0000][1][safepoint    ] Safepoint "CollectForMetadataAllocation", Time since last: 67208063 ns, Reaching safepoint: 118654 ns, At safepoint: 258579 ns, Total: 377233 ns
[2020-02-29T04:40:17.764+0000][1][safepoint    ] Safepoint "CollectForMetadataAllocation", Time since last: 368709494 ns, Reaching safepoint: 48209 ns, At safepoint: 112919 ns, Total: 161128 ns
[2020-02-29T04:40:17.786+0000][1][safepoint    ] Safepoint "CollectForMetadataAllocation", Time since last: 19127886 ns, Reaching safepoint: 3062110 ns, At safepoint: 13273 ns, Total: 3075383 ns
[2020-02-29T04:40:18.265+0000][1][gc           ] GC(9) Concurrent Abortable Preclean 4351.483ms
[2020-02-29T04:40:18.265+0000][1][gc,cpu       ] GC(9) User=0.95s Sys=0.05s Real=4.35s
[2020-02-29T04:40:18.265+0000][1][gc,start     ] GC(9) Pause Remark
[2020-02-29T04:40:18.471+0000][1][gc           ] GC(9) Pause Remark 80M->80M(1015M) 206.358ms
[2020-02-29T04:40:18.471+0000][1][gc,cpu       ] GC(9) User=0.05s Sys=0.00s Real=0.21s
[2020-02-29T04:40:18.471+0000][1][safepoint    ] Safepoint "CMS_Final_Remark", Time since last: 478230342 ns, Reaching safepoint: 40148 ns, At safepoint: 206530784 ns, Total: 206570932 ns
[2020-02-29T04:40:18.483+0000][1][gc           ] GC(9) Concurrent Sweep
[2020-02-29T04:40:18.544+0000][1][gc           ] GC(9) Concurrent Sweep 60.990ms
[2020-02-29T04:40:18.544+0000][1][gc,cpu       ] GC(9) User=0.02s Sys=0.00s Real=0.06s
[2020-02-29T04:40:18.544+0000][1][gc           ] GC(9) Concurrent Reset
[2020-02-29T04:40:18.545+0000][1][gc           ] GC(9) Concurrent Reset 1.211ms
[2020-02-29T04:40:18.545+0000][1][gc,cpu       ] GC(9) User=0.00s Sys=0.00s Real=0.00s
[2020-02-29T04:40:18.562+0000][1][gc,heap      ] GC(9) Old: 12073K->13563K(963392K)
[2020-02-29T04:40:18.749+0000][1][gc,start     ] GC(11) Pause Young (Allocation Failure)
[2020-02-29T04:40:18.749+0000][1][gc,task      ] GC(11) Using 1 workers of 1 for evacuation
[2020-02-29T04:40:18.801+0000][1][gc,age       ] GC(11) Desired survivor size 4358144 bytes, new threshold 6 (max threshold 6)
[2020-02-29T04:40:18.801+0000][1][gc,age       ] GC(11) Age table with threshold 6 (max threshold 6)
[2020-02-29T04:40:18.801+0000][1][gc,age       ] GC(11) - age   1:    1675712 bytes,    1675712 total
[2020-02-29T04:40:18.801+0000][1][gc,age       ] GC(11) - age   2:     323088 bytes,    1998800 total
[2020-02-29T04:40:18.801+0000][1][gc,age       ] GC(11) - age   3:    1133944 bytes,    3132744 total
[2020-02-29T04:40:18.801+0000][1][gc,age       ] GC(11) - age   4:     849688 bytes,    3982432 total
[2020-02-29T04:40:18.801+0000][1][gc,heap      ] GC(11) ParNew: 75987K->5206K(76672K)
[2020-02-29T04:40:18.801+0000][1][gc,heap      ] GC(11) CMS: 13563K->13972K(963392K)
[2020-02-29T04:40:18.801+0000][1][gc,metaspace ] GC(11) Metaspace: 21234K->21234K(1069056K)
[2020-02-29T04:40:18.801+0000][1][gc           ] GC(11) Pause Young (Allocation Failure) 87M->18M(1015M) 51.806ms
[2020-02-29T04:40:18.801+0000][1][gc,cpu       ] GC(11) User=0.02s Sys=0.00s Real=0.06s
[2020-02-29T04:40:18.801+0000][1][safepoint    ] Safepoint "GenCollectForAllocation", Time since last: 277712712 ns, Reaching safepoint: 355322 ns, At safepoint: 51867566 ns, Total: 52222888 ns
[2020-02-29T04:40:18.825+0000][1][safepoint    ] Safepoint "BulkRevokeBias", Time since last: 20624790 ns, Reaching safepoint: 3277545 ns, At safepoint: 70679 ns, Total: 3348224 ns
[2020-02-29T04:40:18.834+0000][1][safepoint    ] Safepoint "BulkRevokeBias", Time since last: 5909633 ns, Reaching safepoint: 2893966 ns, At safepoint: 54719 ns, Total: 2948685 ns
[2020-02-29T04:40:19.581+0000][1][gc,start     ] GC(12) Pause Young (Allocation Failure)
[2020-02-29T04:40:19.582+0000][1][gc,task      ] GC(12) Using 1 workers of 1 for evacuation
[2020-02-29T04:40:19.664+0000][1][gc,age       ] GC(12) Desired survivor size 4358144 bytes, new threshold 6 (max threshold 6)
[2020-02-29T04:40:19.664+0000][1][gc,age       ] GC(12) Age table with threshold 6 (max threshold 6)
[2020-02-29T04:40:19.664+0000][1][gc,age       ] GC(12) - age   1:     981056 bytes,     981056 total
[2020-02-29T04:40:19.664+0000][1][gc,age       ] GC(12) - age   2:     575416 bytes,    1556472 total
[2020-02-29T04:40:19.664+0000][1][gc,age       ] GC(12) - age   3:     323088 bytes,    1879560 total
[2020-02-29T04:40:19.664+0000][1][gc,age       ] GC(12) - age   4:    1133944 bytes,    3013504 total
[2020-02-29T04:40:19.664+0000][1][gc,age       ] GC(12) - age   5:     849688 bytes,    3863192 total
[2020-02-29T04:40:19.664+0000][1][gc,heap      ] GC(12) ParNew: 73366K->7135K(76672K)
[2020-02-29T04:40:19.664+0000][1][gc,heap      ] GC(12) CMS: 13972K->13972K(963392K)
[2020-02-29T04:40:19.664+0000][1][gc,metaspace ] GC(12) Metaspace: 21252K->21252K(1069056K)
[2020-02-29T04:40:19.664+0000][1][gc           ] GC(12) Pause Young (Allocation Failure) 85M->20M(1015M) 82.621ms
[2020-02-29T04:40:19.664+0000][1][gc,cpu       ] GC(12) User=0.02s Sys=0.00s Real=0.08s
[2020-02-29T04:40:19.664+0000][1][safepoint    ] Safepoint "GenCollectForAllocation", Time since last: 747361538 ns, Reaching safepoint: 54780 ns, At safepoint: 82714925 ns, Total: 82769705 ns
[2020-02-29T04:40:19.710+0000][1][safepoint    ] Safepoint "RevokeBias", Time since last: 46035843 ns, Reaching safepoint: 71936 ns, At safepoint: 101964 ns, Total: 173900 ns
[2020-02-29T04:40:19.711+0000][1][safepoint    ] Safepoint "RevokeBias", Time since last: 121379 ns, Reaching safepoint: 14474 ns, At safepoint: 21761 ns, Total: 36235 ns
[2020-02-29T04:40:19.711+0000][1][safepoint    ] Safepoint "RevokeBias", Time since last: 60121 ns, Reaching safepoint: 11673 ns, At safepoint: 18099 ns, Total: 29772 ns
[2020-02-29T04:40:19.711+0000][1][safepoint    ] Safepoint "RevokeBias", Time since last: 25814 ns, Reaching safepoint: 10937 ns, At safepoint: 17521 ns, Total: 28458 ns
[2020-02-29T04:40:19.711+0000][1][safepoint    ] Safepoint "RevokeBias", Time since last: 27831 ns, Reaching safepoint: 11346 ns, At safepoint: 17522 ns, Total: 28868 ns
[2020-02-29T04:40:19.732+0000][1][safepoint    ] Safepoint "RevokeBias", Time since last: 4305458 ns, Reaching safepoint: 17019875 ns, At safepoint: 57122 ns, Total: 17076997 ns
[2020-02-29T04:40:19.739+0000][1][safepoint    ] Safepoint "RevokeBias", Time since last: 84397 ns, Reaching safepoint: 6610672 ns, At safepoint: 79011 ns, Total: 6689683 ns
[2020-02-29T04:40:19.756+0000][1][safepoint    ] Safepoint "RevokeBias", Time since last: 12319050 ns, Reaching safepoint: 4594594 ns, At safepoint: 53532 ns, Total: 4648126 ns
[2020-02-29T04:40:20.621+0000][1][gc,start     ] GC(13) Pause Young (Allocation Failure)
[2020-02-29T04:40:20.621+0000][1][gc,task      ] GC(13) Using 1 workers of 1 for evacuation
[2020-02-29T04:40:20.751+0000][1][gc,age       ] GC(13) Desired survivor size 4358144 bytes, new threshold 6 (max threshold 6)
[2020-02-29T04:40:20.751+0000][1][gc,age       ] GC(13) Age table with threshold 6 (max threshold 6)
[2020-02-29T04:40:20.751+0000][1][gc,age       ] GC(13) - age   1:    1758480 bytes,    1758480 total
[2020-02-29T04:40:20.751+0000][1][gc,age       ] GC(13) - age   2:     206776 bytes,    1965256 total
[2020-02-29T04:40:20.751+0000][1][gc,age       ] GC(13) - age   3:     575304 bytes,    2540560 total
[2020-02-29T04:40:20.751+0000][1][gc,age       ] GC(13) - age   4:     323088 bytes,    2863648 total
[2020-02-29T04:40:20.751+0000][1][gc,age       ] GC(13) - age   5:    1133944 bytes,    3997592 total
[2020-02-29T04:40:20.751+0000][1][gc,age       ] GC(13) - age   6:     849688 bytes,    4847280 total
[2020-02-29T04:40:20.751+0000][1][gc,heap      ] GC(13) ParNew: 75295K->6919K(76672K)
[2020-02-29T04:40:20.751+0000][1][gc,heap      ] GC(13) CMS: 13972K->13972K(963392K)
[2020-02-29T04:40:20.751+0000][1][gc,metaspace ] GC(13) Metaspace: 21349K->21349K(1069056K)
[2020-02-29T04:40:20.751+0000][1][gc           ] GC(13) Pause Young (Allocation Failure) 87M->20M(1015M) 129.816ms
[2020-02-29T04:40:20.751+0000][1][gc,cpu       ] GC(13) User=0.03s Sys=0.00s Real=0.13s
[2020-02-29T04:40:20.751+0000][1][safepoint    ] Safepoint "GenCollectForAllocation", Time since last: 865298779 ns, Reaching safepoint: 21205 ns, At safepoint: 129862104 ns, Total: 129883309 ns
[2020-02-29T04:40:20.825+0000][1][safepoint    ] Safepoint "RevokeBias", Time since last: 55130899 ns, Reaching safepoint: 18866541 ns, At safepoint: 39337 ns, Total: 18905878 ns
[2020-02-29T04:40:20.835+0000][1][safepoint    ] Safepoint "RevokeBias", Time since last: 65376 ns, Reaching safepoint: 9658614 ns, At safepoint: 74294 ns, Total: 9732908 ns
[2020-02-29T04:40:20.878+0000][1][safepoint    ] Safepoint "RevokeBias", Time since last: 19099559 ns, Reaching safepoint: 23971130 ns, At safepoint: 180416 ns, Total: 24151546 ns
[2020-02-29T04:40:20.884+0000][1][safepoint    ] Safepoint "RevokeBias", Time since last: 163567 ns, Reaching safepoint: 5912133 ns, At safepoint: 64346 ns, Total: 5976479 ns
[2020-02-29T04:40:22.287+0000][1][safepoint    ] Safepoint "Cleanup", Time since last: 1374672308 ns, Reaching safepoint: 28067429 ns, At safepoint: 13421 ns, Total: 28080850 ns
[2020-02-29T04:40:22.982+0000][1][gc,start     ] GC(14) Pause Young (Allocation Failure)
[2020-02-29T04:40:22.982+0000][1][gc,task      ] GC(14) Using 1 workers of 1 for evacuation
[2020-02-29T04:40:23.100+0000][1][gc,age       ] GC(14) Desired survivor size 4358144 bytes, new threshold 6 (max threshold 6)
[2020-02-29T04:40:23.100+0000][1][gc,age       ] GC(14) Age table with threshold 6 (max threshold 6)
[2020-02-29T04:40:23.100+0000][1][gc,age       ] GC(14) - age   1:    1505472 bytes,    1505472 total
[2020-02-29T04:40:23.100+0000][1][gc,age       ] GC(14) - age   2:      98120 bytes,    1603592 total
[2020-02-29T04:40:23.105+0000][1][gc,age       ] GC(14) - age   3:     206776 bytes,    1810368 total
[2020-02-29T04:40:23.105+0000][1][gc,age       ] GC(14) - age   4:     575304 bytes,    2385672 total
[2020-02-29T04:40:23.105+0000][1][gc,age       ] GC(14) - age   5:     323088 bytes,    2708760 total
[2020-02-29T04:40:23.105+0000][1][gc,age       ] GC(14) - age   6:    1133944 bytes,    3842704 total
[2020-02-29T04:40:23.105+0000][1][gc,heap      ] GC(14) ParNew: 75079K->4126K(76672K)
[2020-02-29T04:40:23.105+0000][1][gc,heap      ] GC(14) CMS: 13972K->14808K(963392K)
[2020-02-29T04:40:23.105+0000][1][gc,metaspace ] GC(14) Metaspace: 21409K->21409K(1069056K)
[2020-02-29T04:40:23.105+0000][1][gc           ] GC(14) Pause Young (Allocation Failure) 86M->18M(1015M) 122.712ms
[2020-02-29T04:40:23.105+0000][1][gc,cpu       ] GC(14) User=0.03s Sys=0.00s Real=0.12s
[2020-02-29T04:40:23.105+0000][1][safepoint    ] Safepoint "GenCollectForAllocation", Time since last: 695047171 ns, Reaching safepoint: 27012 ns, At safepoint: 122756376 ns, Total: 122783388 ns
[2020-02-29T04:40:23.139+0000][1][safepoint    ] Safepoint "RevokeBias", Time since last: 23989264 ns, Reaching safepoint: 10565942 ns, At safepoint: 35490 ns, Total: 10601432 ns
[2020-02-29T04:40:23.147+0000][1][safepoint    ] Safepoint "RevokeBias", Time since last: 62537 ns, Reaching safepoint: 7757295 ns, At safepoint: 36525 ns, Total: 7793820 ns
[2020-02-29T04:40:23.170+0000][1][safepoint    ] Safepoint "RevokeBias", Time since last: 8710083 ns, Reaching safepoint: 13794120 ns, At safepoint: 44804 ns, Total: 13838924 ns
[2020-02-29T04:40:23.188+0000][1][safepoint    ] Safepoint "RevokeBias", Time since last: 69705 ns, Reaching safepoint: 18348252 ns, At safepoint: 44644 ns, Total: 18392896 ns
[2020-02-29T04:40:23.197+0000][1][safepoint    ] Safepoint "RevokeBias", Time since last: 1540502 ns, Reaching safepoint: 7175204 ns, At safepoint: 55896 ns, Total: 7231100 ns
[2020-02-29T04:40:23.212+0000][1][safepoint    ] Safepoint "RevokeBias", Time since last: 12613664 ns, Reaching safepoint: 2171200 ns, At safepoint: 34876 ns, Total: 2206076 ns
[2020-02-29T04:40:23.238+0000][1][safepoint    ] Safepoint "RevokeBias", Time since last: 8061529 ns, Reaching safepoint: 17756182 ns, At safepoint: 38860 ns, Total: 17795042 ns
[2020-02-29T04:40:23.259+0000][1][safepoint    ] Safepoint "RevokeBias", Time since last: 21592030 ns, Reaching safepoint: 32641 ns, At safepoint: 38508 ns, Total: 71149 ns
[2020-02-29T04:40:23.260+0000][1][safepoint    ] Safepoint "RevokeBias", Time since last: 70337 ns, Reaching safepoint: 13710 ns, At safepoint: 26537 ns, Total: 40247 ns
[2020-02-29T04:40:23.260+0000][1][safepoint    ] Safepoint "RevokeBias", Time since last: 26602 ns, Reaching safepoint: 12243 ns, At safepoint: 24604 ns, Total: 36847 ns
[2020-02-29T04:40:24.099+0000][1][gc,start     ] GC(15) Pause Young (Allocation Failure)
[2020-02-29T04:40:24.099+0000][1][gc,task      ] GC(15) Using 1 workers of 1 for evacuation
[2020-02-29T04:40:24.123+0000][1][gc,age       ] GC(15) Desired survivor size 4358144 bytes, new threshold 6 (max threshold 6)
[2020-02-29T04:40:24.123+0000][1][gc,age       ] GC(15) Age table with threshold 6 (max threshold 6)
[2020-02-29T04:40:24.123+0000][1][gc,age       ] GC(15) - age   1:     360536 bytes,     360536 total
[2020-02-29T04:40:24.123+0000][1][gc,age       ] GC(15) - age   2:     306616 bytes,     667152 total
[2020-02-29T04:40:24.123+0000][1][gc,age       ] GC(15) - age   3:      98120 bytes,     765272 total
[2020-02-29T04:40:24.123+0000][1][gc,age       ] GC(15) - age   4:     206776 bytes,     972048 total
[2020-02-29T04:40:24.123+0000][1][gc,age       ] GC(15) - age   5:     575152 bytes,    1547200 total
[2020-02-29T04:40:24.123+0000][1][gc,age       ] GC(15) - age   6:     323088 bytes,    1870288 total
[2020-02-29T04:40:24.123+0000][1][gc,heap      ] GC(15) ParNew: 72286K->3846K(76672K)
[2020-02-29T04:40:24.123+0000][1][gc,heap      ] GC(15) CMS: 14808K->15922K(963392K)
[2020-02-29T04:40:24.123+0000][1][gc,metaspace ] GC(15) Metaspace: 21424K->21424K(1069056K)
[2020-02-29T04:40:24.123+0000][1][gc           ] GC(15) Pause Young (Allocation Failure) 85M->19M(1015M) 24.756ms
[2020-02-29T04:40:24.123+0000][1][gc,cpu       ] GC(15) User=0.01s Sys=0.00s Real=0.03s
[2020-02-29T04:40:24.123+0000][1][safepoint    ] Safepoint "GenCollectForAllocation", Time since last: 838981514 ns, Reaching safepoint: 23118 ns, At safepoint: 24797836 ns, Total: 24820954 ns
[2020-02-29T04:40:24.179+0000][1][safepoint    ] Safepoint "RevokeBias", Time since last: 53834942 ns, Reaching safepoint: 1564379 ns, At safepoint: 35576 ns, Total: 1599955 ns
[2020-02-29T04:40:24.184+0000][1][safepoint    ] Safepoint "RevokeBias", Time since last: 68651 ns, Reaching safepoint: 5223868 ns, At safepoint: 22312 ns, Total: 5246180 ns
[2020-02-29T04:40:24.186+0000][1][safepoint    ] Safepoint "RevokeBias", Time since last: 60445 ns, Reaching safepoint: 1566656 ns, At safepoint: 40503 ns, Total: 1607159 ns
[2020-02-29T04:40:24.193+0000][1][safepoint    ] Safepoint "RevokeBias", Time since last: 55321 ns, Reaching safepoint: 6956748 ns, At safepoint: 31844 ns, Total: 6988592 ns
[2020-02-29T04:40:24.196+0000][1][safepoint    ] Safepoint "RevokeBias", Time since last: 71997 ns, Reaching safepoint: 3186152 ns, At safepoint: 51828 ns, Total: 3237980 ns
[2020-02-29T04:40:24.199+0000][1][safepoint    ] Safepoint "RevokeBias", Time since last: 191324 ns, Reaching safepoint: 2424591 ns, At safepoint: 61352 ns, Total: 2485943 ns
[2020-02-29T04:40:25.218+0000][1][safepoint    ] Safepoint "Cleanup", Time since last: 1006483530 ns, Reaching safepoint: 12650412 ns, At safepoint: 11117 ns, Total: 12661529 ns
[2020-02-29T04:40:26.219+0000][1][safepoint    ] Safepoint "Cleanup", Time since last: 1001117986 ns, Reaching safepoint: 59353 ns, At safepoint: 26877 ns, Total: 86230 ns
[2020-02-29T04:40:28.229+0000][1][safepoint    ] Safepoint "Cleanup", Time since last: 2009911945 ns, Reaching safepoint: 41660 ns, At safepoint: 7483 ns, Total: 49143 ns
[2020-02-29T04:40:29.231+0000][1][safepoint    ] Safepoint "Cleanup", Time since last: 1001907570 ns, Reaching safepoint: 79263 ns, At safepoint: 7516 ns, Total: 86779 ns
[2020-02-29T04:40:31.242+0000][1][safepoint    ] Safepoint "Cleanup", Time since last: 2007036563 ns, Reaching safepoint: 3889092 ns, At safepoint: 10109 ns, Total: 3899201 ns
[2020-02-29T04:40:32.255+0000][1][safepoint    ] Safepoint "Cleanup", Time since last: 1012661531 ns, Reaching safepoint: 183301 ns, At safepoint: 6505 ns, Total: 189806 ns
[2020-02-29T04:40:33.259+0000][1][safepoint    ] Safepoint "Cleanup", Time since last: 1001851272 ns, Reaching safepoint: 2040881 ns, At safepoint: 23737 ns, Total: 2064618 ns
[2020-02-29T04:40:33.463+0000][1][safepoint    ] Safepoint "RevokeBias", Time since last: 204213941 ns, Reaching safepoint: 39602 ns, At safepoint: 11188 ns, Total: 50790 ns
[2020-02-29T04:40:33.585+0000][1][safepoint    ] Safepoint "RevokeBias", Time since last: 122058280 ns, Reaching safepoint: 25506 ns, At safepoint: 52931 ns, Total: 78437 ns
[2020-02-29T04:40:34.469+0000][1][gc,start     ] GC(16) Pause Young (Allocation Failure)
[2020-02-29T04:40:34.469+0000][1][gc,task      ] GC(16) Using 1 workers of 1 for evacuation
[2020-02-29T04:40:34.545+0000][1][gc,age       ] GC(16) Desired survivor size 4358144 bytes, new threshold 6 (max threshold 6)
[2020-02-29T04:40:34.545+0000][1][gc,age       ] GC(16) Age table with threshold 6 (max threshold 6)
[2020-02-29T04:40:34.545+0000][1][gc,age       ] GC(16) - age   1:    1786224 bytes,    1786224 total
[2020-02-29T04:40:34.545+0000][1][gc,age       ] GC(16) - age   2:     155544 bytes,    1941768 total
[2020-02-29T04:40:34.545+0000][1][gc,age       ] GC(16) - age   3:     306408 bytes,    2248176 total
[2020-02-29T04:40:34.545+0000][1][gc,age       ] GC(16) - age   4:      97952 bytes,    2346128 total
[2020-02-29T04:40:34.545+0000][1][gc,age       ] GC(16) - age   5:     206776 bytes,    2552904 total
[2020-02-29T04:40:34.545+0000][1][gc,age       ] GC(16) - age   6:     574640 bytes,    3127544 total
[2020-02-29T04:40:34.545+0000][1][gc,heap      ] GC(16) ParNew: 72006K->3292K(76672K)
[2020-02-29T04:40:34.545+0000][1][gc,heap      ] GC(16) CMS: 15922K->16238K(963392K)
[2020-02-29T04:40:34.545+0000][1][gc,metaspace ] GC(16) Metaspace: 26293K->26293K(1073152K)
[2020-02-29T04:40:34.545+0000][1][gc           ] GC(16) Pause Young (Allocation Failure) 85M->19M(1015M) 75.525ms
[2020-02-29T04:40:34.545+0000][1][gc,cpu       ] GC(16) User=0.02s Sys=0.00s Real=0.08s
[2020-02-29T04:40:34.545+0000][1][safepoint    ] Safepoint "GenCollectForAllocation", Time since last: 884081710 ns, Reaching safepoint: 38253 ns, At safepoint: 75575716 ns, Total: 75613969 ns
[2020-02-29T04:40:34.577+0000][1][safepoint    ] Safepoint "RevokeBias", Time since last: 31654097 ns, Reaching safepoint: 40293 ns, At safepoint: 59397 ns, Total: 99690 ns
[2020-02-29T04:40:34.577+0000][1][safepoint    ] Safepoint "RevokeBias", Time since last: 58844 ns, Reaching safepoint: 17129 ns, At safepoint: 40279 ns, Total: 57408 ns
[2020-02-29T04:40:34.577+0000][1][safepoint    ] Safepoint "RevokeBias", Time since last: 41934 ns, Reaching safepoint: 14811 ns, At safepoint: 36124 ns, Total: 50935 ns
[2020-02-29T04:40:34.577+0000][1][safepoint    ] Safepoint "RevokeBias", Time since last: 24923 ns, Reaching safepoint: 13996 ns, At safepoint: 34291 ns, Total: 48287 ns
[2020-02-29T04:40:34.579+0000][1][safepoint    ] Safepoint "RevokeBias", Time since last: 1599925 ns, Reaching safepoint: 85779 ns, At safepoint: 46923 ns, Total: 132702 ns
[2020-02-29T04:40:34.579+0000][1][safepoint    ] Safepoint "RevokeBias", Time since last: 43239 ns, Reaching safepoint: 16169 ns, At safepoint: 36031 ns, Total: 52200 ns
[2020-02-29T04:40:34.579+0000][1][safepoint    ] Safepoint "RevokeBias", Time since last: 48212 ns, Reaching safepoint: 14625 ns, At safepoint: 35337 ns, Total: 49962 ns
[2020-02-29T04:40:34.579+0000][1][safepoint    ] Safepoint "RevokeBias", Time since last: 25224 ns, Reaching safepoint: 14238 ns, At safepoint: 34241 ns, Total: 48479 ns
[2020-02-29T04:40:34.579+0000][1][safepoint    ] Safepoint "BulkRevokeBias", Time since last: 36963 ns, Reaching safepoint: 14524 ns, At safepoint: 51282 ns, Total: 65806 ns
[2020-02-29T04:40:34.579+0000][1][safepoint    ] Safepoint "BulkRevokeBias", Time since last: 24798 ns, Reaching safepoint: 27996 ns, At safepoint: 55206 ns, Total: 83202 ns
[2020-02-29T04:40:35.178+0000][1][safepoint    ] Safepoint "Deoptimize", Time since last: 598824681 ns, Reaching safepoint: 28008 ns, At safepoint: 249144 ns, Total: 277152 ns
[2020-02-29T04:40:35.553+0000][1][safepoint    ] Safepoint "Deoptimize", Time since last: 373919752 ns, Reaching safepoint: 36616 ns, At safepoint: 534994 ns, Total: 571610 ns
[2020-02-29T04:40:35.679+0000][1][safepoint    ] Safepoint "Deoptimize", Time since last: 125341919 ns, Reaching safepoint: 29072 ns, At safepoint: 396024 ns, Total: 425096 ns
[2020-02-29T04:40:36.136+0000][1][safepoint    ] Safepoint "RevokeBias", Time since last: 457867105 ns, Reaching safepoint: 27587 ns, At safepoint: 6231 ns, Total: 33818 ns
[2020-02-29T04:40:36.142+0000][1][safepoint    ] Safepoint "RevokeBias", Time since last: 5425689 ns, Reaching safepoint: 74709 ns, At safepoint: 6054 ns, Total: 80763 ns
[2020-02-29T04:40:37.153+0000][1][safepoint    ] Safepoint "Cleanup", Time since last: 1003000136 ns, Reaching safepoint: 8324100 ns, At safepoint: 12611 ns, Total: 8336711 ns
[2020-02-29T04:40:38.169+0000][1][safepoint    ] Safepoint "Cleanup", Time since last: 1013353191 ns, Reaching safepoint: 2097969 ns, At safepoint: 9589 ns, Total: 2107558 ns
[2020-02-29T04:40:39.193+0000][1][safepoint    ] Safepoint "Cleanup", Time since last: 1003015332 ns, Reaching safepoint: 20988375 ns, At safepoint: 11844 ns, Total: 21000219 ns
[2020-02-29T04:40:40.210+0000][1][safepoint    ] Safepoint "Cleanup", Time since last: 1000342525 ns, Reaching safepoint: 16926685 ns, At safepoint: 11440 ns, Total: 16938125 ns
[2020-02-29T04:40:41.220+0000][1][safepoint    ] Safepoint "Cleanup", Time since last: 1001955889 ns, Reaching safepoint: 8056690 ns, At safepoint: 9868 ns, Total: 8066558 ns
[2020-02-29T04:40:42.235+0000][1][safepoint    ] Safepoint "Cleanup", Time since last: 1011918838 ns, Reaching safepoint: 3135019 ns, At safepoint: 10272 ns, Total: 3145291 ns
[2020-02-29T04:40:44.252+0000][1][safepoint    ] Safepoint "Cleanup", Time since last: 2008994830 ns, Reaching safepoint: 7715705 ns, At safepoint: 10400 ns, Total: 7726105 ns
[2020-02-29T04:40:45.260+0000][1][safepoint    ] Safepoint "Cleanup", Time since last: 1004185585 ns, Reaching safepoint: 3712756 ns, At safepoint: 9081 ns, Total: 3721837 ns
[2020-02-29T04:40:45.350+0000][1][gc,start     ] GC(17) Pause Young (Allocation Failure)
[2020-02-29T04:40:45.350+0000][1][gc,task      ] GC(17) Using 1 workers of 1 for evacuation
[2020-02-29T04:40:45.839+0000][1][gc,age       ] GC(17) Desired survivor size 4358144 bytes, new threshold 1 (max threshold 6)
[2020-02-29T04:40:45.839+0000][1][gc,age       ] GC(17) Age table with threshold 1 (max threshold 6)
[2020-02-29T04:40:45.839+0000][1][gc,age       ] GC(17) - age   1:    7068696 bytes,    7068696 total
[2020-02-29T04:40:45.839+0000][1][gc,age       ] GC(17) - age   2:     905904 bytes,    7974600 total
[2020-02-29T04:40:45.839+0000][1][gc,age       ] GC(17) - age   3:     152248 bytes,    8126848 total
[2020-02-29T04:40:45.839+0000][1][gc,age       ] GC(17) - age   4:     294720 bytes,    8421568 total
[2020-02-29T04:40:45.839+0000][1][gc,age       ] GC(17) - age   5:      91672 bytes,    8513240 total
[2020-02-29T04:40:45.839+0000][1][gc,age       ] GC(17) - age   6:     202944 bytes,    8716184 total
[2020-02-29T04:40:45.839+0000][1][gc,heap      ] GC(17) ParNew: 71452K->8512K(76672K)
[2020-02-29T04:40:45.839+0000][1][gc,heap      ] GC(17) CMS: 16238K->21410K(963392K)
[2020-02-29T04:40:45.839+0000][1][gc,metaspace ] GC(17) Metaspace: 28170K->28170K(1075200K)
[2020-02-29T04:40:45.839+0000][1][gc           ] GC(17) Pause Young (Allocation Failure) 85M->29M(1015M) 488.861ms
[2020-02-29T04:40:45.839+0000][1][gc,cpu       ] GC(17) User=0.07s Sys=0.01s Real=0.48s
[2020-02-29T04:40:45.839+0000][1][safepoint    ] Safepoint "GenCollectForAllocation", Time since last: 90537603 ns, Reaching safepoint: 31653 ns, At safepoint: 488903646 ns, Total: 488935299 ns
[2020-02-29T04:40:46.882+0000][1][safepoint    ] Safepoint "Cleanup", Time since last: 1037407062 ns, Reaching safepoint: 5523270 ns, At safepoint: 25641 ns, Total: 5548911 ns
[2020-02-29T04:40:47.918+0000][1][safepoint    ] Safepoint "Cleanup", Time since last: 1005839537 ns, Reaching safepoint: 29782614 ns, At safepoint: 13593 ns, Total: 29796207 ns
[2020-02-29T04:40:48.724+0000][1][safepoint    ] Safepoint "RevokeBias", Time since last: 806434139 ns, Reaching safepoint: 36104 ns, At safepoint: 32330 ns, Total: 68434 ns
[2020-02-29T04:40:49.736+0000][1][safepoint    ] Safepoint "Cleanup", Time since last: 1003416887 ns, Reaching safepoint: 8351275 ns, At safepoint: 9237 ns, Total: 8360512 ns
[2020-02-29T04:40:51.290+0000][1][gc,start     ] GC(18) Pause Young (Allocation Failure)
[2020-02-29T04:40:51.290+0000][1][gc,task      ] GC(18) Using 1 workers of 1 for evacuation
[2020-02-29T04:40:52.822+0000][1][gc,age       ] GC(18) Desired survivor size 4358144 bytes, new threshold 1 (max threshold 6)
[2020-02-29T04:40:52.822+0000][1][gc,age       ] GC(18) Age table with threshold 1 (max threshold 6)
[2020-02-29T04:40:52.822+0000][1][gc,age       ] GC(18) - age   1:    8583168 bytes,    8583168 total
[2020-02-29T04:40:52.822+0000][1][gc,heap      ] GC(18) ParNew: 76672K->8512K(76672K)
[2020-02-29T04:40:52.822+0000][1][gc,heap      ] GC(18) CMS: 21410K->30249K(963392K)
[2020-02-29T04:40:52.822+0000][1][gc,metaspace ] GC(18) Metaspace: 28350K->28350K(1075200K)
[2020-02-29T04:40:52.822+0000][1][gc           ] GC(18) Pause Young (Allocation Failure) 95M->37M(1015M) 1532.620ms
[2020-02-29T04:40:52.822+0000][1][gc,cpu       ] GC(18) User=0.37s Sys=0.02s Real=1.54s
[2020-02-29T04:40:52.822+0000][1][safepoint    ] Safepoint "GenCollectForAllocation", Time since last: 1553575515 ns, Reaching safepoint: 36977 ns, At safepoint: 1532663289 ns, Total: 1532700266 ns
[2020-02-29T04:40:54.838+0000][1][safepoint    ] Safepoint "Cleanup", Time since last: 2014128001 ns, Reaching safepoint: 1636978 ns, At safepoint: 5619 ns, Total: 1642597 ns
[2020-02-29T04:40:55.848+0000][1][safepoint    ] Safepoint "Cleanup", Time since last: 1005311089 ns, Reaching safepoint: 4037506 ns, At safepoint: 11366 ns, Total: 4048872 ns
[2020-02-29T04:40:56.850+0000][1][safepoint    ] Safepoint "Cleanup", Time since last: 1001348192 ns, Reaching safepoint: 1460430 ns, At safepoint: 7614 ns, Total: 1468044 ns
[2020-02-29T04:40:57.851+0000][1][safepoint    ] Safepoint "Cleanup", Time since last: 1000472710 ns, Reaching safepoint: 51626 ns, At safepoint: 5124 ns, Total: 56750 ns
[2020-02-29T04:40:58.449+0000][1][safepoint    ] Safepoint "RevokeBias", Time since last: 597716504 ns, Reaching safepoint: 29257 ns, At safepoint: 37085 ns, Total: 66342 ns
[2020-02-29T04:40:59.459+0000][1][safepoint    ] Safepoint "Cleanup", Time since last: 1009647983 ns, Reaching safepoint: 815274 ns, At safepoint: 6667 ns, Total: 821941 ns
[2020-02-29T04:41:00.461+0000][1][safepoint    ] Safepoint "Cleanup", Time since last: 1001881050 ns, Reaching safepoint: 70349 ns, At safepoint: 9124 ns, Total: 79473 ns
[2020-02-29T04:41:01.187+0000][1][gc,start     ] GC(19) Pause Young (Allocation Failure)
[2020-02-29T04:41:01.187+0000][1][gc,task      ] GC(19) Using 1 workers of 1 for evacuation
[2020-02-29T04:41:01.830+0000][1][gc,age       ] GC(19) Desired survivor size 4358144 bytes, new threshold 1 (max threshold 6)
[2020-02-29T04:41:01.830+0000][1][gc,age       ] GC(19) Age table with threshold 1 (max threshold 6)
[2020-02-29T04:41:01.830+0000][1][gc,age       ] GC(19) - age   1:    7551520 bytes,    7551520 total
[2020-02-29T04:41:01.830+0000][1][gc,heap      ] GC(19) ParNew: 76672K->8051K(76672K)
[2020-02-29T04:41:01.830+0000][1][gc,heap      ] GC(19) CMS: 30249K->38504K(963392K)
[2020-02-29T04:41:01.830+0000][1][gc,metaspace ] GC(19) Metaspace: 30583K->30583K(1077248K)
[2020-02-29T04:41:01.830+0000][1][gc           ] GC(19) Pause Young (Allocation Failure) 104M->45M(1015M) 642.572ms
[2020-02-29T04:41:01.830+0000][1][gc,cpu       ] GC(19) User=0.08s Sys=0.01s Real=0.65s
[2020-02-29T04:41:01.830+0000][1][safepoint    ] Safepoint "GenCollectForAllocation", Time since last: 726078425 ns, Reaching safepoint: 32255 ns, At safepoint: 642628159 ns, Total: 642660414 ns
[2020-02-29T04:41:02.620+0000][1][safepoint    ] Safepoint "RevokeBias", Time since last: 790380118 ns, Reaching safepoint: 31444 ns, At safepoint: 24154 ns, Total: 55598 ns
[2020-02-29T04:41:02.679+0000][1][safepoint    ] Safepoint "RevokeBias", Time since last: 58519654 ns, Reaching safepoint: 18441 ns, At safepoint: 25452 ns, Total: 43893 ns
[2020-02-29T04:41:03.239+0000][1][safepoint    ] Safepoint "RevokeBias", Time since last: 560168015 ns, Reaching safepoint: 24497 ns, At safepoint: 79314 ns, Total: 103811 ns
[2020-02-29T04:41:03.336+0000][1][safepoint    ] Safepoint "RevokeBias", Time since last: 96760331 ns, Reaching safepoint: 20328 ns, At safepoint: 25733 ns, Total: 46061 ns
[2020-02-29T04:41:03.425+0000][1][safepoint    ] Safepoint "RevokeBias", Time since last: 88484902 ns, Reaching safepoint: 60664 ns, At safepoint: 111948 ns, Total: 172612 ns
[2020-02-29T04:41:03.487+0000][1][safepoint    ] Safepoint "RevokeBias", Time since last: 62160659 ns, Reaching safepoint: 18851 ns, At safepoint: 45292 ns, Total: 64143 ns
[2020-02-29T04:41:03.543+0000][1][safepoint    ] Safepoint "RevokeBias", Time since last: 56051532 ns, Reaching safepoint: 28150 ns, At safepoint: 26191 ns, Total: 54341 ns
[2020-02-29T04:41:03.618+0000][1][safepoint    ] Safepoint "RevokeBias", Time since last: 75541532 ns, Reaching safepoint: 21814 ns, At safepoint: 23673 ns, Total: 45487 ns
[2020-02-29T04:41:04.619+0000][1][safepoint    ] Safepoint "Cleanup", Time since last: 1000305412 ns, Reaching safepoint: 82258 ns, At safepoint: 6595 ns, Total: 88853 ns
[2020-02-29T04:41:05.630+0000][1][safepoint    ] Safepoint "Cleanup", Time since last: 1002071816 ns, Reaching safepoint: 9268737 ns, At safepoint: 9279 ns, Total: 9278016 ns
[2020-02-29T04:41:06.563+0000][1][gc,start     ] GC(20) Pause Young (Allocation Failure)
[2020-02-29T04:41:06.563+0000][1][gc,task      ] GC(20) Using 1 workers of 1 for evacuation
[2020-02-29T04:41:07.423+0000][1][gc,age       ] GC(20) Desired survivor size 4358144 bytes, new threshold 6 (max threshold 6)
[2020-02-29T04:41:07.424+0000][1][gc,age       ] GC(20) Age table with threshold 6 (max threshold 6)
[2020-02-29T04:41:07.424+0000][1][gc,age       ] GC(20) - age   1:    1301768 bytes,    1301768 total
[2020-02-29T04:41:07.424+0000][1][gc,heap      ] GC(20) ParNew: 76211K->7543K(76672K)
[2020-02-29T04:41:07.424+0000][1][gc,heap      ] GC(20) CMS: 38504K->45883K(963392K)
[2020-02-29T04:41:07.424+0000][1][gc,metaspace ] GC(20) Metaspace: 34264K->34264K(1081344K)
[2020-02-29T04:41:07.424+0000][1][gc           ] GC(20) Pause Young (Allocation Failure) 112M->52M(1015M) 860.799ms
[2020-02-29T04:41:07.424+0000][1][gc,cpu       ] GC(20) User=0.07s Sys=0.02s Real=0.86s
[2020-02-29T04:41:07.424+0000][1][safepoint    ] Safepoint "GenCollectForAllocation", Time since last: 932535242 ns, Reaching safepoint: 61003 ns, At safepoint: 860852226 ns, Total: 860913229 ns
[2020-02-29T04:41:08.437+0000][1][safepoint    ] Safepoint "Cleanup", Time since last: 1012315393 ns, Reaching safepoint: 961933 ns, At safepoint: 8770 ns, Total: 970703 ns
[2020-02-29T04:41:09.448+0000][1][safepoint    ] Safepoint "Cleanup", Time since last: 1004768221 ns, Reaching safepoint: 6150059 ns, At safepoint: 13535 ns, Total: 6163594 ns
[2020-02-29T04:41:10.111+0000][1][gc,start     ] GC(21) Pause Young (Allocation Failure)
[2020-02-29T04:41:10.111+0000][1][gc,task      ] GC(21) Using 1 workers of 1 for evacuation
[2020-02-29T04:41:10.178+0000][1][gc,age       ] GC(21) Desired survivor size 4358144 bytes, new threshold 6 (max threshold 6)
[2020-02-29T04:41:10.178+0000][1][gc,age       ] GC(21) Age table with threshold 6 (max threshold 6)
[2020-02-29T04:41:10.178+0000][1][gc,age       ] GC(21) - age   1:    1429544 bytes,    1429544 total
[2020-02-29T04:41:10.178+0000][1][gc,age       ] GC(21) - age   2:    1234056 bytes,    2663600 total
[2020-02-29T04:41:10.178+0000][1][gc,heap      ] GC(21) ParNew: 75703K->4248K(76672K)
[2020-02-29T04:41:10.178+0000][1][gc,heap      ] GC(21) CMS: 45883K->45883K(963392K)
[2020-02-29T04:41:10.178+0000][1][gc,metaspace ] GC(21) Metaspace: 34711K->34711K(1081344K)
[2020-02-29T04:41:10.179+0000][1][gc           ] GC(21) Pause Young (Allocation Failure) 118M->48M(1015M) 67.394ms
[2020-02-29T04:41:10.179+0000][1][gc,cpu       ] GC(21) User=0.02s Sys=0.00s Real=0.06s
[2020-02-29T04:41:10.179+0000][1][safepoint    ] Safepoint "GenCollectForAllocation", Time since last: 663218290 ns, Reaching safepoint: 39584 ns, At safepoint: 67443604 ns, Total: 67483188 ns
[2020-02-29T04:41:10.249+0000][1][safepoint    ] Safepoint "CollectForMetadataAllocation", Time since last: 70590587 ns, Reaching safepoint: 25243 ns, At safepoint: 131761 ns, Total: 157004 ns
[2020-02-29T04:41:11.204+0000][1][safepoint    ] Safepoint "CollectForMetadataAllocation", Time since last: 953929587 ns, Reaching safepoint: 84859 ns, At safepoint: 171718 ns, Total: 256577 ns
[2020-02-29T04:41:11.523+0000][1][safepoint    ] Safepoint "CollectForMetadataAllocation", Time since last: 319064673 ns, Reaching safepoint: 19705 ns, At safepoint: 140320 ns, Total: 160025 ns
[2020-02-29T04:41:11.674+0000][1][safepoint    ] Safepoint "CollectForMetadataAllocation", Time since last: 151103919 ns, Reaching safepoint: 30500 ns, At safepoint: 148353 ns, Total: 178853 ns
[2020-02-29T04:41:11.895+0000][1][safepoint    ] Safepoint "CollectForMetadataAllocation", Time since last: 221216589 ns, Reaching safepoint: 21636 ns, At safepoint: 123338 ns, Total: 144974 ns
[2020-02-29T04:41:12.072+0000][1][safepoint    ] Safepoint "CollectForMetadataAllocation", Time since last: 176160450 ns, Reaching safepoint: 24195 ns, At safepoint: 205393 ns, Total: 229588 ns
[2020-02-29T04:41:12.181+0000][1][safepoint    ] Safepoint "CollectForMetadataAllocation", Time since last: 109142702 ns, Reaching safepoint: 18365 ns, At safepoint: 129320 ns, Total: 147685 ns
[2020-02-29T04:41:12.237+0000][1][gc,start     ] GC(22) Pause Initial Mark
[2020-02-29T04:41:12.249+0000][1][gc           ] GC(22) Pause Initial Mark 59M->59M(1015M) 11.935ms
[2020-02-29T04:41:12.249+0000][1][gc,cpu       ] GC(22) User=0.00s Sys=0.01s Real=0.01s
[2020-02-29T04:41:12.249+0000][1][safepoint    ] Safepoint "CMS_Initial_Mark", Time since last: 54446745 ns, Reaching safepoint: 1545046 ns, At safepoint: 12075580 ns, Total: 13620626 ns
[2020-02-29T04:41:12.273+0000][1][gc           ] GC(22) Concurrent Mark
[2020-02-29T04:41:12.375+0000][1][safepoint    ] Safepoint "CollectForMetadataAllocation", Time since last: 125719739 ns, Reaching safepoint: 35881 ns, At safepoint: 132399 ns, Total: 168280 ns
[2020-02-29T04:41:12.639+0000][1][safepoint    ] Safepoint "CollectForMetadataAllocation", Time since last: 263524091 ns, Reaching safepoint: 37388 ns, At safepoint: 77107 ns, Total: 114495 ns
[2020-02-29T04:41:12.838+0000][1][safepoint    ] Safepoint "CollectForMetadataAllocation", Time since last: 198814739 ns, Reaching safepoint: 42219 ns, At safepoint: 117251 ns, Total: 159470 ns
[2020-02-29T04:41:12.877+0000][1][gc           ] GC(22) Concurrent Mark 604.283ms
[2020-02-29T04:41:12.877+0000][1][gc,cpu       ] GC(22) User=0.14s Sys=0.00s Real=0.60s
[2020-02-29T04:41:12.877+0000][1][gc           ] GC(22) Concurrent Preclean
[2020-02-29T04:41:12.913+0000][1][gc           ] GC(22) Concurrent Preclean 35.201ms
[2020-02-29T04:41:12.913+0000][1][gc,cpu       ] GC(22) User=0.01s Sys=0.00s Real=0.04s
[2020-02-29T04:41:12.913+0000][1][gc           ] GC(22) Concurrent Abortable Preclean
[2020-02-29T04:41:13.076+0000][1][safepoint    ] Safepoint "CollectForMetadataAllocation", Time since last: 237936170 ns, Reaching safepoint: 49302 ns, At safepoint: 152000 ns, Total: 201302 ns
[2020-02-29T04:41:13.340+0000][1][safepoint    ] Safepoint "RevokeBias", Time since last: 259038331 ns, Reaching safepoint: 5212687 ns, At safepoint: 50418 ns, Total: 5263105 ns
[2020-02-29T04:41:13.371+0000][1][safepoint    ] Safepoint "Deoptimize", Time since last: 24866277 ns, Reaching safepoint: 5970676 ns, At safepoint: 303131 ns, Total: 6273807 ns
[2020-02-29T04:41:15.010+0000][1][safepoint    ] Safepoint "Cleanup", Time since last: 1010655026 ns, Reaching safepoint: 628283652 ns, At safepoint: 8150 ns, Total: 628291802 ns
[2020-02-29T04:41:15.919+0000][1][safepoint    ] Safepoint "CollectForMetadataAllocation", Time since last: 907567084 ns, Reaching safepoint: 1096877 ns, At safepoint: 249179 ns, Total: 1346056 ns
[2020-02-29T04:41:16.306+0000][1][safepoint    ] Safepoint "CollectForMetadataAllocation", Time since last: 387139796 ns, Reaching safepoint: 114512 ns, At safepoint: 152987 ns, Total: 267499 ns
[2020-02-29T04:41:16.534+0000][1][safepoint    ] Safepoint "CollectForMetadataAllocation", Time since last: 226976557 ns, Reaching safepoint: 56730 ns, At safepoint: 347288 ns, Total: 404018 ns
[2020-02-29T04:41:16.875+0000][1][safepoint    ] Safepoint "CollectForMetadataAllocation", Time since last: 341403912 ns, Reaching safepoint: 36360 ns, At safepoint: 179643 ns, Total: 216003 ns
[2020-02-29T04:41:17.031+0000][1][safepoint    ] Safepoint "CollectForMetadataAllocation", Time since last: 155675491 ns, Reaching safepoint: 24048 ns, At safepoint: 89453 ns, Total: 113501 ns
[2020-02-29T04:41:17.394+0000][1][safepoint    ] Safepoint "CollectForMetadataAllocation", Time since last: 362537085 ns, Reaching safepoint: 30482 ns, At safepoint: 217808 ns, Total: 248290 ns
[2020-02-29T04:41:17.749+0000][1][safepoint    ] Safepoint "CollectForMetadataAllocation", Time since last: 354685854 ns, Reaching safepoint: 39105 ns, At safepoint: 220217 ns, Total: 259322 ns
[2020-02-29T04:41:17.927+0000][1][gc           ] GC(22) Concurrent Abortable Preclean 5013.979ms
[2020-02-29T04:41:17.927+0000][1][gc,cpu       ] GC(22) User=0.77s Sys=0.04s Real=5.01s
[2020-02-29T04:41:17.927+0000][1][gc,start     ] GC(22) Pause Remark
[2020-02-29T04:41:18.102+0000][1][gc           ] GC(22) Pause Remark 74M->74M(1015M) 175.412ms
[2020-02-29T04:41:18.102+0000][1][gc,cpu       ] GC(22) User=0.04s Sys=0.00s Real=0.18s
[2020-02-29T04:41:18.102+0000][1][safepoint    ] Safepoint "CMS_Final_Remark", Time since last: 177808272 ns, Reaching safepoint: 70973 ns, At safepoint: 175501309 ns, Total: 175572282 ns
[2020-02-29T04:41:18.127+0000][1][gc           ] GC(22) Concurrent Sweep
[2020-02-29T04:41:18.397+0000][1][safepoint    ] Safepoint "CollectForMetadataAllocation", Time since last: 281636129 ns, Reaching safepoint: 12797137 ns, At safepoint: 99398 ns, Total: 12896535 ns
[2020-02-29T04:41:18.561+0000][1][gc           ] GC(22) Concurrent Sweep 433.863ms
[2020-02-29T04:41:18.561+0000][1][gc,cpu       ] GC(22) User=0.06s Sys=0.00s Real=0.44s
[2020-02-29T04:41:18.561+0000][1][gc           ] GC(22) Concurrent Reset
[2020-02-29T04:41:18.562+0000][1][gc           ] GC(22) Concurrent Reset 1.076ms
[2020-02-29T04:41:18.562+0000][1][gc,cpu       ] GC(22) User=0.01s Sys=0.00s Real=0.00s
[2020-02-29T04:41:18.562+0000][1][gc,heap      ] GC(22) Old: 45883K->45668K(963392K)
[2020-02-29T04:41:19.414+0000][1][safepoint    ] Safepoint "Cleanup", Time since last: 1014203396 ns, Reaching safepoint: 2954630 ns, At safepoint: 14277 ns, Total: 2968907 ns
[2020-02-29T04:41:20.432+0000][1][safepoint    ] Safepoint "Cleanup", Time since last: 1010825287 ns, Reaching safepoint: 7098656 ns, At safepoint: 13518 ns, Total: 7112174 ns
[2020-02-29T04:41:21.444+0000][1][safepoint    ] Safepoint "Cleanup", Time since last: 1004939041 ns, Reaching safepoint: 7034941 ns, At safepoint: 29713 ns, Total: 7064654 ns
[2020-02-29T04:41:22.466+0000][1][safepoint    ] Safepoint "Cleanup", Time since last: 1021978788 ns, Reaching safepoint: 49083 ns, At safepoint: 7215 ns, Total: 56298 ns
[2020-02-29T04:41:23.499+0000][1][safepoint    ] Safepoint "Cleanup", Time since last: 1012949821 ns, Reaching safepoint: 19806780 ns, At safepoint: 11521 ns, Total: 19818301 ns
[2020-02-29T04:41:25.521+0000][1][safepoint    ] Safepoint "Cleanup", Time since last: 2005085771 ns, Reaching safepoint: 17128751 ns, At safepoint: 11975 ns, Total: 17140726 ns
[2020-02-29T04:41:27.671+0000][1][safepoint    ] Safepoint "RevokeBias", Time since last: 2127239079 ns, Reaching safepoint: 22526536 ns, At safepoint: 75842 ns, Total: 22602378 ns
[2020-02-29T04:41:27.680+0000][1][safepoint    ] Safepoint "RevokeBias", Time since last: 288147 ns, Reaching safepoint: 8628582 ns, At safepoint: 49340 ns, Total: 8677922 ns
[2020-02-29T04:41:27.695+0000][1][safepoint    ] Safepoint "RevokeBias", Time since last: 1962631 ns, Reaching safepoint: 13027720 ns, At safepoint: 48739 ns, Total: 13076459 ns
[2020-02-29T04:41:27.700+0000][1][safepoint    ] Safepoint "RevokeBias", Time since last: 212405 ns, Reaching safepoint: 4714038 ns, At safepoint: 44487 ns, Total: 4758525 ns
[2020-02-29T04:41:27.713+0000][1][safepoint    ] Safepoint "RevokeBias", Time since last: 9489969 ns, Reaching safepoint: 3489482 ns, At safepoint: 47156 ns, Total: 3536638 ns
[2020-02-29T04:41:27.749+0000][1][safepoint    ] Safepoint "RevokeBias", Time since last: 18992635 ns, Reaching safepoint: 17020478 ns, At safepoint: 109856 ns, Total: 17130334 ns
[2020-02-29T04:41:27.764+0000][1][safepoint    ] Safepoint "RevokeBias", Time since last: 72521 ns, Reaching safepoint: 14351673 ns, At safepoint: 69660 ns, Total: 14421333 ns
[2020-02-29T04:41:27.787+0000][1][safepoint    ] Safepoint "RevokeBias", Time since last: 10127909 ns, Reaching safepoint: 12841215 ns, At safepoint: 208172 ns, Total: 13049387 ns
[2020-02-29T04:41:27.815+0000][1][safepoint    ] Safepoint "RevokeBias", Time since last: 100620 ns, Reaching safepoint: 27986299 ns, At safepoint: 54027 ns, Total: 28040326 ns
[2020-02-29T04:41:27.831+0000][1][safepoint    ] Safepoint "RevokeBias", Time since last: 14069128 ns, Reaching safepoint: 1731684 ns, At safepoint: 109571 ns, Total: 1841255 ns
[2020-02-29T04:41:27.847+0000][1][safepoint    ] Safepoint "RevokeBias", Time since last: 14493806 ns, Reaching safepoint: 1604020 ns, At safepoint: 50837 ns, Total: 1654857 ns
[2020-02-29T04:41:27.972+0000][1][safepoint    ] Safepoint "RevokeBias", Time since last: 111854243 ns, Reaching safepoint: 12945955 ns, At safepoint: 157439 ns, Total: 13103394 ns
[2020-02-29T04:41:27.983+0000][1][safepoint    ] Safepoint "RevokeBias", Time since last: 847720 ns, Reaching safepoint: 10016049 ns, At safepoint: 55535 ns, Total: 10071584 ns
[2020-02-29T04:41:27.987+0000][1][safepoint    ] Safepoint "RevokeBias", Time since last: 554713 ns, Reaching safepoint: 3398331 ns, At safepoint: 70065 ns, Total: 3468396 ns
[2020-02-29T04:41:28.006+0000][1][safepoint    ] Safepoint "RevokeBias", Time since last: 8098353 ns, Reaching safepoint: 10953823 ns, At safepoint: 49082 ns, Total: 11002905 ns
[2020-02-29T04:41:28.010+0000][1][safepoint    ] Safepoint "RevokeBias", Time since last: 94659 ns, Reaching safepoint: 3767900 ns, At safepoint: 48293 ns, Total: 3816193 ns
[2020-02-29T04:41:31.018+0000][1][safepoint    ] Safepoint "Cleanup", Time since last: 3007920774 ns, Reaching safepoint: 45819 ns, At safepoint: 6719 ns, Total: 52538 ns
[2020-02-29T04:41:33.057+0000][1][safepoint    ] Safepoint "Cleanup", Time since last: 2036920257 ns, Reaching safepoint: 2067403 ns, At safepoint: 9052 ns, Total: 2076455 ns
[2020-02-29T04:41:34.072+0000][1][safepoint    ] Safepoint "Cleanup", Time since last: 1012201390 ns, Reaching safepoint: 3009515 ns, At safepoint: 15115 ns, Total: 3024630 ns
[2020-02-29T04:41:34.431+0000][1][gc,start     ] GC(23) Pause Young (Allocation Failure)
[2020-02-29T04:41:34.431+0000][1][gc,task      ] GC(23) Using 1 workers of 1 for evacuation
[2020-02-29T04:41:34.599+0000][1][gc,age       ] GC(23) Desired survivor size 4358144 bytes, new threshold 2 (max threshold 6)
[2020-02-29T04:41:34.599+0000][1][gc,age       ] GC(23) Age table with threshold 2 (max threshold 6)
[2020-02-29T04:41:34.599+0000][1][gc,age       ] GC(23) - age   1:    3101000 bytes,    3101000 total
[2020-02-29T04:41:34.599+0000][1][gc,age       ] GC(23) - age   2:    1424232 bytes,    4525232 total
[2020-02-29T04:41:34.599+0000][1][gc,age       ] GC(23) - age   3:    1230904 bytes,    5756136 total
[2020-02-29T04:41:34.599+0000][1][gc,heap      ] GC(23) ParNew: 72408K->7445K(76672K)
[2020-02-29T04:41:34.599+0000][1][gc,heap      ] GC(23) CMS: 45668K->45668K(963392K)
[2020-02-29T04:41:34.599+0000][1][gc,metaspace ] GC(23) Metaspace: 44742K->44742K(1091584K)
[2020-02-29T04:41:34.599+0000][1][gc           ] GC(23) Pause Young (Allocation Failure) 115M->51M(1015M) 167.519ms
[2020-02-29T04:41:34.599+0000][1][gc,cpu       ] GC(23) User=0.04s Sys=0.00s Real=0.16s
[2020-02-29T04:41:34.599+0000][1][safepoint    ] Safepoint "GenCollectForAllocation", Time since last: 359111263 ns, Reaching safepoint: 30714 ns, At safepoint: 167562592 ns, Total: 167593306 ns
[2020-02-29T04:41:35.611+0000][1][safepoint    ] Safepoint "Cleanup", Time since last: 1009344827 ns, Reaching safepoint: 3021623 ns, At safepoint: 10720 ns, Total: 3032343 ns
[2020-02-29T04:41:35.867+0000][1][safepoint    ] Safepoint "BulkRevokeBias", Time since last: 255538054 ns, Reaching safepoint: 36917 ns, At safepoint: 62171 ns, Total: 99088 ns
[2020-02-29T04:41:36.878+0000][1][safepoint    ] Safepoint "Cleanup", Time since last: 1011407567 ns, Reaching safepoint: 143560 ns, At safepoint: 7918 ns, Total: 151478 ns
[2020-02-29T04:41:37.468+0000][1][safepoint    ] Safepoint "RevokeBias", Time since last: 589795076 ns, Reaching safepoint: 26558 ns, At safepoint: 26812 ns, Total: 53370 ns
[2020-02-29T04:41:37.471+0000][1][safepoint    ] Safepoint "RevokeBias", Time since last: 2522852 ns, Reaching safepoint: 21149 ns, At safepoint: 23007 ns, Total: 44156 ns
[2020-02-29T04:41:38.500+0000][1][safepoint    ] Safepoint "Cleanup", Time since last: 1015100682 ns, Reaching safepoint: 14513531 ns, At safepoint: 11753 ns, Total: 14525284 ns
[2020-02-29T04:41:38.826+0000][1][safepoint    ] Safepoint "RevokeBias", Time since last: 326066581 ns, Reaching safepoint: 39990 ns, At safepoint: 32274 ns, Total: 72264 ns
[2020-02-29T04:41:39.247+0000][1][safepoint    ] Safepoint "RevokeBias", Time since last: 420067860 ns, Reaching safepoint: 26265 ns, At safepoint: 33189 ns, Total: 59454 ns
[2020-02-29T04:41:39.319+0000][1][safepoint    ] Safepoint "RevokeBias", Time since last: 72446274 ns, Reaching safepoint: 34166 ns, At safepoint: 35478 ns, Total: 69644 ns
[2020-02-29T04:41:40.325+0000][1][safepoint    ] Safepoint "Cleanup", Time since last: 1005926089 ns, Reaching safepoint: 69313 ns, At safepoint: 8726 ns, Total: 78039 ns
[2020-02-29T04:41:41.120+0000][1][safepoint    ] Safepoint "RevokeBias", Time since last: 795206561 ns, Reaching safepoint: 29234 ns, At safepoint: 37676 ns, Total: 66910 ns
[2020-02-29T04:41:42.144+0000][1][safepoint    ] Safepoint "Cleanup", Time since last: 1012550174 ns, Reaching safepoint: 11515514 ns, At safepoint: 28272 ns, Total: 11543786 ns
[2020-02-29T04:41:42.259+0000][1][safepoint    ] Safepoint "RevokeBias", Time since last: 111060997 ns, Reaching safepoint: 3593546 ns, At safepoint: 48593 ns, Total: 3642139 ns
[2020-02-29T04:41:42.324+0000][1][safepoint    ] Safepoint "RevokeBias", Time since last: 36411659 ns, Reaching safepoint: 20182191 ns, At safepoint: 8184723 ns, Total: 28366914 ns
[2020-02-29T04:41:42.326+0000][1][safepoint    ] Safepoint "RevokeBias", Time since last: 122041 ns, Reaching safepoint: 1879355 ns, At safepoint: 41205 ns, Total: 1920560 ns
[2020-02-29T04:41:43.148+0000][1][safepoint    ] Safepoint "RevokeBias", Time since last: 822151621 ns, Reaching safepoint: 63525 ns, At safepoint: 30437 ns, Total: 93962 ns
[2020-02-29T04:41:43.162+0000][1][safepoint    ] Safepoint "RevokeBias", Time since last: 14022334 ns, Reaching safepoint: 33245 ns, At safepoint: 31675 ns, Total: 64920 ns
[2020-02-29T04:41:43.163+0000][1][safepoint    ] Safepoint "RevokeBias", Time since last: 138473 ns, Reaching safepoint: 22856 ns, At safepoint: 23360 ns, Total: 46216 ns
[2020-02-29T04:41:43.163+0000][1][safepoint    ] Safepoint "RevokeBias", Time since last: 765676 ns, Reaching safepoint: 22510 ns, At safepoint: 25165 ns, Total: 47675 ns
[2020-02-29T04:41:43.255+0000][1][safepoint    ] Safepoint "RevokeBias", Time since last: 78811724 ns, Reaching safepoint: 13060691 ns, At safepoint: 64911 ns, Total: 13125602 ns
[2020-02-29T04:41:43.267+0000][1][safepoint    ] Safepoint "RevokeBias", Time since last: 305488 ns, Reaching safepoint: 11241334 ns, At safepoint: 31127 ns, Total: 11272461 ns
[2020-02-29T04:41:43.268+0000][1][safepoint    ] Safepoint "RevokeBias", Time since last: 632321 ns, Reaching safepoint: 21617 ns, At safepoint: 23759 ns, Total: 45376 ns
[2020-02-29T04:41:43.281+0000][1][safepoint    ] Safepoint "RevokeBias", Time since last: 12570083 ns, Reaching safepoint: 698762 ns, At safepoint: 40218 ns, Total: 738980 ns
[2020-02-29T04:41:43.295+0000][1][safepoint    ] Safepoint "RevokeBias", Time since last: 13741622 ns, Reaching safepoint: 75058 ns, At safepoint: 45066 ns, Total: 120124 ns
[2020-02-29T04:41:43.296+0000][1][safepoint    ] Safepoint "RevokeBias", Time since last: 1302759 ns, Reaching safepoint: 33673 ns, At safepoint: 33468 ns, Total: 67141 ns
[2020-02-29T04:41:43.296+0000][1][safepoint    ] Safepoint "RevokeBias", Time since last: 137870 ns, Reaching safepoint: 26181 ns, At safepoint: 29157 ns, Total: 55338 ns
[2020-02-29T04:41:43.296+0000][1][safepoint    ] Safepoint "RevokeBias", Time since last: 33877 ns, Reaching safepoint: 19797 ns, At safepoint: 25166 ns, Total: 44963 ns
[2020-02-29T04:41:43.296+0000][1][safepoint    ] Safepoint "RevokeBias", Time since last: 27493 ns, Reaching safepoint: 19116 ns, At safepoint: 25014 ns, Total: 44130 ns
[2020-02-29T04:41:43.296+0000][1][safepoint    ] Safepoint "RevokeBias", Time since last: 25044 ns, Reaching safepoint: 19032 ns, At safepoint: 24629 ns, Total: 43661 ns
[2020-02-29T04:41:43.297+0000][1][safepoint    ] Safepoint "RevokeBias", Time since last: 30202 ns, Reaching safepoint: 19280 ns, At safepoint: 25053 ns, Total: 44333 ns
[2020-02-29T04:41:43.297+0000][1][safepoint    ] Safepoint "RevokeBias", Time since last: 25301 ns, Reaching safepoint: 19095 ns, At safepoint: 24492 ns, Total: 43587 ns
[2020-02-29T04:41:43.297+0000][1][safepoint    ] Safepoint "RevokeBias", Time since last: 25042 ns, Reaching safepoint: 48475 ns, At safepoint: 27682 ns, Total: 76157 ns
[2020-02-29T04:41:43.297+0000][1][safepoint    ] Safepoint "RevokeBias", Time since last: 35352 ns, Reaching safepoint: 18907 ns, At safepoint: 25345 ns, Total: 44252 ns
[2020-02-29T04:41:43.297+0000][1][safepoint    ] Safepoint "RevokeBias", Time since last: 25312 ns, Reaching safepoint: 18988 ns, At safepoint: 24958 ns, Total: 43946 ns
[2020-02-29T04:41:43.297+0000][1][safepoint    ] Safepoint "RevokeBias", Time since last: 36768 ns, Reaching safepoint: 19860 ns, At safepoint: 24923 ns, Total: 44783 ns
[2020-02-29T04:41:43.297+0000][1][safepoint    ] Safepoint "RevokeBias", Time since last: 27865 ns, Reaching safepoint: 19515 ns, At safepoint: 24552 ns, Total: 44067 ns
[2020-02-29T04:41:43.379+0000][1][safepoint    ] Safepoint "RevokeBias", Time since last: 71118311 ns, Reaching safepoint: 10626752 ns, At safepoint: 44124 ns, Total: 10670876 ns
[2020-02-29T04:41:43.386+0000][1][safepoint    ] Safepoint "RevokeBias", Time since last: 1270908 ns, Reaching safepoint: 5829347 ns, At safepoint: 41664 ns, Total: 5871011 ns
[2020-02-29T04:41:43.386+0000][1][safepoint    ] Safepoint "RevokeBias", Time since last: 168400 ns, Reaching safepoint: 15737 ns, At safepoint: 18454 ns, Total: 34191 ns
[2020-02-29T04:41:43.386+0000][1][safepoint    ] Safepoint "RevokeBias", Time since last: 26731 ns, Reaching safepoint: 9151 ns, At safepoint: 13583 ns, Total: 22734 ns
[2020-02-29T04:41:43.386+0000][1][safepoint    ] Safepoint "RevokeBias", Time since last: 21259 ns, Reaching safepoint: 8513 ns, At safepoint: 13093 ns, Total: 21606 ns
[2020-02-29T04:41:43.386+0000][1][safepoint    ] Safepoint "RevokeBias", Time since last: 19914 ns, Reaching safepoint: 8347 ns, At safepoint: 12915 ns, Total: 21262 ns
[2020-02-29T04:41:43.386+0000][1][safepoint    ] Safepoint "RevokeBias", Time since last: 42140 ns, Reaching safepoint: 13840 ns, At safepoint: 15054 ns, Total: 28894 ns
[2020-02-29T04:41:43.386+0000][1][safepoint    ] Safepoint "RevokeBias", Time since last: 20470 ns, Reaching safepoint: 8472 ns, At safepoint: 12841 ns, Total: 21313 ns
[2020-02-29T04:41:43.386+0000][1][safepoint    ] Safepoint "RevokeBias", Time since last: 19775 ns, Reaching safepoint: 8269 ns, At safepoint: 12748 ns, Total: 21017 ns
[2020-02-29T04:41:43.387+0000][1][safepoint    ] Safepoint "BulkRevokeBias", Time since last: 19746 ns, Reaching safepoint: 8382 ns, At safepoint: 52167 ns, Total: 60549 ns
[2020-02-29T04:41:43.387+0000][1][safepoint    ] Safepoint "RevokeBias", Time since last: 167742 ns, Reaching safepoint: 11516 ns, At safepoint: 17551 ns, Total: 29067 ns
[2020-02-29T04:41:43.387+0000][1][safepoint    ] Safepoint "RevokeBias", Time since last: 67783 ns, Reaching safepoint: 89472 ns, At safepoint: 51496 ns, Total: 140968 ns
[2020-02-29T04:41:43.387+0000][1][safepoint    ] Safepoint "RevokeBias", Time since last: 163993 ns, Reaching safepoint: 13569 ns, At safepoint: 29499 ns, Total: 43068 ns
[2020-02-29T04:41:43.387+0000][1][safepoint    ] Safepoint "RevokeBias", Time since last: 48904 ns, Reaching safepoint: 10708 ns, At safepoint: 26555 ns, Total: 37263 ns
[2020-02-29T04:41:43.387+0000][1][safepoint    ] Safepoint "RevokeBias", Time since last: 157298 ns, Reaching safepoint: 30405 ns, At safepoint: 62594 ns, Total: 92999 ns
[2020-02-29T04:41:43.388+0000][1][safepoint    ] Safepoint "RevokeBias", Time since last: 284352 ns, Reaching safepoint: 15392 ns, At safepoint: 16010 ns, Total: 31402 ns
[2020-02-29T04:41:43.388+0000][1][safepoint    ] Safepoint "RevokeBias", Time since last: 75224 ns, Reaching safepoint: 28796 ns, At safepoint: 15282 ns, Total: 44078 ns
[2020-02-29T04:41:43.388+0000][1][safepoint    ] Safepoint "RevokeBias", Time since last: 44281 ns, Reaching safepoint: 9762 ns, At safepoint: 12695 ns, Total: 22457 ns
[2020-02-29T04:41:43.388+0000][1][safepoint    ] Safepoint "RevokeBias", Time since last: 20163 ns, Reaching safepoint: 9310 ns, At safepoint: 12419 ns, Total: 21729 ns
[2020-02-29T04:41:43.388+0000][1][safepoint    ] Safepoint "RevokeBias", Time since last: 19402 ns, Reaching safepoint: 9181 ns, At safepoint: 12441 ns, Total: 21622 ns
[2020-02-29T04:41:43.388+0000][1][safepoint    ] Safepoint "RevokeBias", Time since last: 20757 ns, Reaching safepoint: 9225 ns, At safepoint: 12305 ns, Total: 21530 ns
[2020-02-29T04:41:43.388+0000][1][safepoint    ] Safepoint "RevokeBias", Time since last: 21031 ns, Reaching safepoint: 9329 ns, At safepoint: 12302 ns, Total: 21631 ns
[2020-02-29T04:41:43.388+0000][1][safepoint    ] Safepoint "RevokeBias", Time since last: 19597 ns, Reaching safepoint: 9190 ns, At safepoint: 12141 ns, Total: 21331 ns
[2020-02-29T04:41:43.388+0000][1][safepoint    ] Safepoint "RevokeBias", Time since last: 19342 ns, Reaching safepoint: 9027 ns, At safepoint: 12311 ns, Total: 21338 ns
[2020-02-29T04:41:43.388+0000][1][safepoint    ] Safepoint "RevokeBias", Time since last: 20658 ns, Reaching safepoint: 9190 ns, At safepoint: 12191 ns, Total: 21381 ns
[2020-02-29T04:41:43.388+0000][1][safepoint    ] Safepoint "RevokeBias", Time since last: 19338 ns, Reaching safepoint: 9171 ns, At safepoint: 12456 ns, Total: 21627 ns
[2020-02-29T04:41:43.388+0000][1][safepoint    ] Safepoint "RevokeBias", Time since last: 64400 ns, Reaching safepoint: 14363 ns, At safepoint: 32175 ns, Total: 46538 ns
[2020-02-29T04:41:43.388+0000][1][safepoint    ] Safepoint "RevokeBias", Time since last: 22955 ns, Reaching safepoint: 9245 ns, At safepoint: 12444 ns, Total: 21689 ns
[2020-02-29T04:41:43.388+0000][1][safepoint    ] Safepoint "RevokeBias", Time since last: 19764 ns, Reaching safepoint: 9198 ns, At safepoint: 12074 ns, Total: 21272 ns
[2020-02-29T04:41:43.389+0000][1][safepoint    ] Safepoint "RevokeBias", Time since last: 19889 ns, Reaching safepoint: 9134 ns, At safepoint: 12326 ns, Total: 21460 ns
[2020-02-29T04:41:43.389+0000][1][safepoint    ] Safepoint "BulkRevokeBias", Time since last: 19679 ns, Reaching safepoint: 9137 ns, At safepoint: 49543 ns, Total: 58680 ns
[2020-02-29T04:41:43.406+0000][1][safepoint    ] Safepoint "RevokeBias", Time since last: 17553655 ns, Reaching safepoint: 41286 ns, At safepoint: 37980 ns, Total: 79266 ns
[2020-02-29T04:41:43.406+0000][1][safepoint    ] Safepoint "RevokeBias", Time since last: 75171 ns, Reaching safepoint: 23707 ns, At safepoint: 27906 ns, Total: 51613 ns
[2020-02-29T04:41:43.407+0000][1][safepoint    ] Safepoint "RevokeBias", Time since last: 111736 ns, Reaching safepoint: 22706 ns, At safepoint: 26659 ns, Total: 49365 ns
[2020-02-29T04:41:43.407+0000][1][safepoint    ] Safepoint "RevokeBias", Time since last: 96665 ns, Reaching safepoint: 23542 ns, At safepoint: 26827 ns, Total: 50369 ns
[2020-02-29T04:41:43.407+0000][1][safepoint    ] Safepoint "RevokeBias", Time since last: 29238 ns, Reaching safepoint: 18295 ns, At safepoint: 24929 ns, Total: 43224 ns
[2020-02-29T04:41:43.407+0000][1][safepoint    ] Safepoint "RevokeBias", Time since last: 24649 ns, Reaching safepoint: 18064 ns, At safepoint: 24735 ns, Total: 42799 ns
[2020-02-29T04:41:43.407+0000][1][safepoint    ] Safepoint "RevokeBias", Time since last: 210629 ns, Reaching safepoint: 20924 ns, At safepoint: 104888 ns, Total: 125812 ns
[2020-02-29T04:41:43.407+0000][1][safepoint    ] Safepoint "RevokeBias", Time since last: 120585 ns, Reaching safepoint: 21314 ns, At safepoint: 26515 ns, Total: 47829 ns
[2020-02-29T04:41:43.408+0000][1][safepoint    ] Safepoint "RevokeBias", Time since last: 328175 ns, Reaching safepoint: 23382 ns, At safepoint: 28330 ns, Total: 51712 ns
[2020-02-29T04:41:43.408+0000][1][safepoint    ] Safepoint "RevokeBias", Time since last: 357172 ns, Reaching safepoint: 40571 ns, At safepoint: 86951 ns, Total: 127522 ns
[2020-02-29T04:41:43.408+0000][1][safepoint    ] Safepoint "RevokeBias", Time since last: 95505 ns, Reaching safepoint: 19657 ns, At safepoint: 27132 ns, Total: 46789 ns
[2020-02-29T04:41:43.409+0000][1][safepoint    ] Safepoint "RevokeBias", Time since last: 187291 ns, Reaching safepoint: 21740 ns, At safepoint: 26760 ns, Total: 48500 ns
[2020-02-29T04:41:43.431+0000][1][safepoint    ] Safepoint "RevokeBias", Time since last: 22737899 ns, Reaching safepoint: 42348 ns, At safepoint: 41452 ns, Total: 83800 ns
[2020-02-29T04:41:43.433+0000][1][safepoint    ] Safepoint "RevokeBias", Time since last: 1904229 ns, Reaching safepoint: 46803 ns, At safepoint: 38553 ns, Total: 85356 ns
[2020-02-29T04:41:43.442+0000][1][safepoint    ] Safepoint "RevokeBias", Time since last: 8742072 ns, Reaching safepoint: 62098 ns, At safepoint: 46057 ns, Total: 108155 ns
[2020-02-29T04:41:43.442+0000][1][safepoint    ] Safepoint "RevokeBias", Time since last: 69250 ns, Reaching safepoint: 28008 ns, At safepoint: 31212 ns, Total: 59220 ns
[2020-02-29T04:41:43.442+0000][1][safepoint    ] Safepoint "RevokeBias", Time since last: 30212 ns, Reaching safepoint: 24546 ns, At safepoint: 28218 ns, Total: 52764 ns
[2020-02-29T04:41:43.443+0000][1][safepoint    ] Safepoint "RevokeBias", Time since last: 286230 ns, Reaching safepoint: 25837 ns, At safepoint: 31153 ns, Total: 56990 ns
[2020-02-29T04:41:44.218+0000][1][safepoint    ] Safepoint "RevokeBias", Time since last: 764082749 ns, Reaching safepoint: 11129558 ns, At safepoint: 22959 ns, Total: 11152517 ns
[2020-02-29T04:41:44.465+0000][1][gc,start     ] GC(24) Pause Young (Allocation Failure)
[2020-02-29T04:41:44.465+0000][1][gc,task      ] GC(24) Using 1 workers of 1 for evacuation
[2020-02-29T04:41:44.869+0000][1][gc,age       ] GC(24) Desired survivor size 4358144 bytes, new threshold 2 (max threshold 6)
[2020-02-29T04:41:44.869+0000][1][gc,age       ] GC(24) Age table with threshold 2 (max threshold 6)
[2020-02-29T04:41:44.869+0000][1][gc,age       ] GC(24) - age   1:    2716592 bytes,    2716592 total
[2020-02-29T04:41:44.869+0000][1][gc,age       ] GC(24) - age   2:    2891512 bytes,    5608104 total
[2020-02-29T04:41:44.869+0000][1][gc,heap      ] GC(24) ParNew: 75605K->8512K(76672K)
[2020-02-29T04:41:44.869+0000][1][gc,heap      ] GC(24) CMS: 45668K->48312K(963392K)
[2020-02-29T04:41:44.869+0000][1][gc,metaspace ] GC(24) Metaspace: 49530K->49530K(1095680K)
[2020-02-29T04:41:44.869+0000][1][gc           ] GC(24) Pause Young (Allocation Failure) 118M->55M(1015M) 404.116ms
[2020-02-29T04:41:44.869+0000][1][gc,cpu       ] GC(24) User=0.05s Sys=0.02s Real=0.40s
[2020-02-29T04:41:44.869+0000][1][safepoint    ] Safepoint "GenCollectForAllocation", Time since last: 247215040 ns, Reaching safepoint: 33341 ns, At safepoint: 404172508 ns, Total: 404205849 ns
[2020-02-29T04:41:44.888+0000][1][safepoint    ] Safepoint "RevokeBias", Time since last: 14785062 ns, Reaching safepoint: 3922459 ns, At safepoint: 15248 ns, Total: 3937707 ns
[2020-02-29T04:41:45.238+0000][1][safepoint    ] Safepoint "RevokeBias", Time since last: 349866948 ns, Reaching safepoint: 441075 ns, At safepoint: 22950 ns, Total: 464025 ns
[2020-02-29T04:41:45.691+0000][1][safepoint    ] Safepoint "RevokeBias", Time since last: 452172247 ns, Reaching safepoint: 31163 ns, At safepoint: 59400 ns, Total: 90563 ns
[2020-02-29T04:41:45.691+0000][1][safepoint    ] Safepoint "RevokeBias", Time since last: 163907 ns, Reaching safepoint: 18878 ns, At safepoint: 7353 ns, Total: 26231 ns
[2020-02-29T04:41:45.691+0000][1][safepoint    ] Safepoint "RevokeBias", Time since last: 282162 ns, Reaching safepoint: 15052 ns, At safepoint: 7285 ns, Total: 22337 ns
[2020-02-29T04:41:46.293+0000][1][safepoint    ] Safepoint "RevokeBias", Time since last: 601090225 ns, Reaching safepoint: 382532 ns, At safepoint: 20176 ns, Total: 402708 ns
[2020-02-29T04:41:47.300+0000][1][safepoint    ] Safepoint "Cleanup", Time since last: 1007137970 ns, Reaching safepoint: 72938 ns, At safepoint: 6649 ns, Total: 79587 ns
[2020-02-29T04:41:48.307+0000][1][safepoint    ] Safepoint "Cleanup", Time since last: 1006335868 ns, Reaching safepoint: 426098 ns, At safepoint: 7182 ns, Total: 433280 ns
[2020-02-29T04:41:49.116+0000][1][safepoint    ] Safepoint "RevokeBias", Time since last: 809583336 ns, Reaching safepoint: 42655 ns, At safepoint: 12114 ns, Total: 54769 ns
[2020-02-29T04:41:49.136+0000][1][safepoint    ] Safepoint "RevokeBias", Time since last: 19767334 ns, Reaching safepoint: 39319 ns, At safepoint: 13066 ns, Total: 52385 ns
[2020-02-29T04:41:49.951+0000][1][safepoint    ] Safepoint "RevokeBias", Time since last: 813756336 ns, Reaching safepoint: 1057996 ns, At safepoint: 136507 ns, Total: 1194503 ns
[2020-02-29T04:41:49.951+0000][1][gc,start     ] GC(25) Pause Young (Allocation Failure)
[2020-02-29T04:41:49.951+0000][1][gc,task      ] GC(25) Using 1 workers of 1 for evacuation
[2020-02-29T04:41:50.628+0000][1][gc,age       ] GC(25) Desired survivor size 4358144 bytes, new threshold 6 (max threshold 6)
[2020-02-29T04:41:50.628+0000][1][gc,age       ] GC(25) Age table with threshold 6 (max threshold 6)
[2020-02-29T04:41:50.628+0000][1][gc,age       ] GC(25) - age   1:    1190328 bytes,    1190328 total
[2020-02-29T04:41:50.628+0000][1][gc,age       ] GC(25) - age   2:    2681896 bytes,    3872224 total
[2020-02-29T04:41:50.628+0000][1][gc,heap      ] GC(25) ParNew: 76672K->5316K(76672K)
[2020-02-29T04:41:50.628+0000][1][gc,heap      ] GC(25) CMS: 48312K->51226K(963392K)
[2020-02-29T04:41:50.628+0000][1][gc,metaspace ] GC(25) Metaspace: 55475K->55475K(1099776K)
[2020-02-29T04:41:50.628+0000][1][gc           ] GC(25) Pause Young (Allocation Failure) 122M->55M(1015M) 676.313ms
[2020-02-29T04:41:50.628+0000][1][gc,cpu       ] GC(25) User=0.06s Sys=0.01s Real=0.67s
[2020-02-29T04:41:50.628+0000][1][safepoint    ] Safepoint "GenCollectForAllocation", Time since last: 200694 ns, Reaching safepoint: 38998 ns, At safepoint: 676367081 ns, Total: 676406079 ns
[2020-02-29T04:41:50.666+0000][1][safepoint    ] Safepoint "RevokeBias", Time since last: 37939839 ns, Reaching safepoint: 45269 ns, At safepoint: 35582 ns, Total: 80851 ns
[2020-02-29T04:41:50.666+0000][1][safepoint    ] Safepoint "RevokeBias", Time since last: 76382 ns, Reaching safepoint: 13816 ns, At safepoint: 18691 ns, Total: 32507 ns
[2020-02-29T04:41:50.666+0000][1][safepoint    ] Safepoint "RevokeBias", Time since last: 477123 ns, Reaching safepoint: 36914 ns, At safepoint: 41713 ns, Total: 78627 ns
[2020-02-29T04:41:50.667+0000][1][safepoint    ] Safepoint "RevokeBias", Time since last: 117531 ns, Reaching safepoint: 27365 ns, At safepoint: 60300 ns, Total: 87665 ns
[2020-02-29T04:41:50.710+0000][1][safepoint    ] Safepoint "RevokeBias", Time since last: 43032310 ns, Reaching safepoint: 61512 ns, At safepoint: 14856 ns, Total: 76368 ns
[2020-02-29T04:41:50.710+0000][1][safepoint    ] Safepoint "BulkRevokeBias", Time since last: 63482 ns, Reaching safepoint: 19771 ns, At safepoint: 76885 ns, Total: 96656 ns
[2020-02-29T04:41:51.714+0000][1][safepoint    ] Safepoint "Cleanup", Time since last: 1004153977 ns, Reaching safepoint: 64532 ns, At safepoint: 7618 ns, Total: 72150 ns
[2020-02-29T04:41:52.722+0000][1][safepoint    ] Safepoint "Cleanup", Time since last: 1007954552 ns, Reaching safepoint: 127306 ns, At safepoint: 10184 ns, Total: 137490 ns
[2020-02-29T04:41:53.728+0000][1][safepoint    ] Safepoint "Cleanup", Time since last: 1005825094 ns, Reaching safepoint: 59376 ns, At safepoint: 7535 ns, Total: 66911 ns
[2020-02-29T04:41:54.742+0000][1][safepoint    ] Safepoint "Cleanup", Time since last: 1014033614 ns, Reaching safepoint: 76925 ns, At safepoint: 8075 ns, Total: 85000 ns
[2020-02-29T04:41:55.744+0000][1][safepoint    ] Safepoint "Cleanup", Time since last: 1001562323 ns, Reaching safepoint: 493747 ns, At safepoint: 9565 ns, Total: 503312 ns
[2020-02-29T04:41:56.604+0000][1][safepoint    ] Safepoint "Deoptimize", Time since last: 858040961 ns, Reaching safepoint: 1105181 ns, At safepoint: 370171 ns, Total: 1475352 ns
[2020-02-29T04:41:56.949+0000][1][safepoint    ] Safepoint "RevokeBias", Time since last: 335240995 ns, Reaching safepoint: 10031637 ns, At safepoint: 55165 ns, Total: 10086802 ns
[2020-02-29T04:41:56.952+0000][1][safepoint    ] Safepoint "RevokeBias", Time since last: 119504 ns, Reaching safepoint: 2620168 ns, At safepoint: 73627 ns, Total: 2693795 ns
[2020-02-29T04:41:56.966+0000][1][safepoint    ] Safepoint "RevokeBias", Time since last: 200449 ns, Reaching safepoint: 14185105 ns, At safepoint: 69527 ns, Total: 14254632 ns
[2020-02-29T04:41:56.998+0000][1][safepoint    ] Safepoint "RevokeBias", Time since last: 31015847 ns, Reaching safepoint: 238127 ns, At safepoint: 79620 ns, Total: 317747 ns
[2020-02-29T04:41:58.007+0000][1][safepoint    ] Safepoint "Cleanup", Time since last: 1000365757 ns, Reaching safepoint: 8769041 ns, At safepoint: 9868 ns, Total: 8778909 ns
[2020-02-29T04:41:58.745+0000][1][safepoint    ] Safepoint "Deoptimize", Time since last: 737768301 ns, Reaching safepoint: 50365 ns, At safepoint: 670059 ns, Total: 720424 ns
[2020-02-29T04:41:59.483+0000][1][gc,start     ] GC(26) Pause Young (Allocation Failure)
[2020-02-29T04:41:59.483+0000][1][gc,task      ] GC(26) Using 1 workers of 1 for evacuation
[2020-02-29T04:41:59.567+0000][1][gc,age       ] GC(26) Desired survivor size 4358144 bytes, new threshold 2 (max threshold 6)
[2020-02-29T04:41:59.567+0000][1][gc,age       ] GC(26) Age table with threshold 2 (max threshold 6)
[2020-02-29T04:41:59.567+0000][1][gc,age       ] GC(26) - age   1:    3744928 bytes,    3744928 total
[2020-02-29T04:41:59.567+0000][1][gc,age       ] GC(26) - age   2:    1118840 bytes,    4863768 total
[2020-02-29T04:41:59.567+0000][1][gc,age       ] GC(26) - age   3:    2652432 bytes,    7516200 total
[2020-02-29T04:41:59.567+0000][1][gc,heap      ] GC(26) ParNew: 73476K->8330K(76672K)
[2020-02-29T04:41:59.567+0000][1][gc,heap      ] GC(26) CMS: 51226K->51226K(963392K)
[2020-02-29T04:41:59.567+0000][1][gc,metaspace ] GC(26) Metaspace: 63377K->63377K(1107968K)
[2020-02-29T04:41:59.567+0000][1][gc           ] GC(26) Pause Young (Allocation Failure) 121M->58M(1015M) 84.034ms
[2020-02-29T04:41:59.567+0000][1][gc,cpu       ] GC(26) User=0.03s Sys=0.00s Real=0.08s
[2020-02-29T04:41:59.567+0000][1][safepoint    ] Safepoint "GenCollectForAllocation", Time since last: 737643524 ns, Reaching safepoint: 92722 ns, At safepoint: 84104031 ns, Total: 84196753 ns
[2020-02-29T04:42:00.571+0000][1][safepoint    ] Safepoint "Cleanup", Time since last: 1000801650 ns, Reaching safepoint: 2940700 ns, At safepoint: 12079 ns, Total: 2952779 ns
[2020-02-29T04:42:01.576+0000][1][safepoint    ] Safepoint "Cleanup", Time since last: 1000856853 ns, Reaching safepoint: 4138040 ns, At safepoint: 12211 ns, Total: 4150251 ns
[2020-02-29T04:42:02.291+0000][1][safepoint    ] Safepoint "RevokeBias", Time since last: 714484287 ns, Reaching safepoint: 41403 ns, At safepoint: 10878 ns, Total: 52281 ns
[2020-02-29T04:42:02.663+0000][1][safepoint    ] Safepoint "CollectForMetadataAllocation", Time since last: 372520764 ns, Reaching safepoint: 69022 ns, At safepoint: 76566 ns, Total: 145588 ns
[2020-02-29T04:42:02.786+0000][1][safepoint    ] Safepoint "Deoptimize", Time since last: 122232112 ns, Reaching safepoint: 109063 ns, At safepoint: 773282 ns, Total: 882345 ns
[2020-02-29T04:42:02.846+0000][1][safepoint    ] Safepoint "CollectForMetadataAllocation", Time since last: 59949652 ns, Reaching safepoint: 31450 ns, At safepoint: 188958 ns, Total: 220408 ns
[2020-02-29T04:42:02.967+0000][1][safepoint    ] Safepoint "RevokeBias", Time since last: 120734704 ns, Reaching safepoint: 49597 ns, At safepoint: 48281 ns, Total: 97878 ns
[2020-02-29T04:42:02.967+0000][1][safepoint    ] Safepoint "RevokeBias", Time since last: 73937 ns, Reaching safepoint: 24309 ns, At safepoint: 33608 ns, Total: 57917 ns
[2020-02-29T04:42:02.968+0000][1][safepoint    ] Safepoint "RevokeBias", Time since last: 35169 ns, Reaching safepoint: 22348 ns, At safepoint: 29641 ns, Total: 51989 ns
[2020-02-29T04:42:02.968+0000][1][safepoint    ] Safepoint "RevokeBias", Time since last: 31692 ns, Reaching safepoint: 21927 ns, At safepoint: 28690 ns, Total: 50617 ns
[2020-02-29T04:42:02.968+0000][1][safepoint    ] Safepoint "RevokeBias", Time since last: 43607 ns, Reaching safepoint: 22105 ns, At safepoint: 99364 ns, Total: 121469 ns
[2020-02-29T04:42:02.968+0000][1][safepoint    ] Safepoint "RevokeBias", Time since last: 49001 ns, Reaching safepoint: 25240 ns, At safepoint: 29622 ns, Total: 54862 ns
[2020-02-29T04:42:02.968+0000][1][safepoint    ] Safepoint "RevokeBias", Time since last: 33619 ns, Reaching safepoint: 21959 ns, At safepoint: 28628 ns, Total: 50587 ns
[2020-02-29T04:42:02.968+0000][1][safepoint    ] Safepoint "RevokeBias", Time since last: 32484 ns, Reaching safepoint: 22107 ns, At safepoint: 28721 ns, Total: 50828 ns
[2020-02-29T04:42:03.203+0000][1][safepoint    ] Safepoint "CollectForMetadataAllocation", Time since last: 234765608 ns, Reaching safepoint: 44104 ns, At safepoint: 160845 ns, Total: 204949 ns
[2020-02-29T04:42:03.372+0000][1][safepoint    ] Safepoint "BulkRevokeBias", Time since last: 168430309 ns, Reaching safepoint: 62242 ns, At safepoint: 132157 ns, Total: 194399 ns
[2020-02-29T04:42:03.402+0000][1][safepoint    ] Safepoint "RevokeBias", Time since last: 30630534 ns, Reaching safepoint: 36711 ns, At safepoint: 27682 ns, Total: 64393 ns
[2020-02-29T04:42:03.403+0000][1][safepoint    ] Safepoint "RevokeBias", Time since last: 561451 ns, Reaching safepoint: 36116 ns, At safepoint: 25092 ns, Total: 61208 ns
[2020-02-29T04:42:03.403+0000][1][safepoint    ] Safepoint "RevokeBias", Time since last: 46976 ns, Reaching safepoint: 26660 ns, At safepoint: 18886 ns, Total: 45546 ns
[2020-02-29T04:42:03.403+0000][1][safepoint    ] Safepoint "RevokeBias", Time since last: 400432 ns, Reaching safepoint: 24344 ns, At safepoint: 22273 ns, Total: 46617 ns
[2020-02-29T04:42:03.404+0000][1][safepoint    ] Safepoint "RevokeBias", Time since last: 149409 ns, Reaching safepoint: 26438 ns, At safepoint: 19693 ns, Total: 46131 ns
[2020-02-29T04:42:03.404+0000][1][safepoint    ] Safepoint "RevokeBias", Time since last: 33479 ns, Reaching safepoint: 98868 ns, At safepoint: 26574 ns, Total: 125442 ns
[2020-02-29T04:42:03.405+0000][1][safepoint    ] Safepoint "RevokeBias", Time since last: 1560819 ns, Reaching safepoint: 34422 ns, At safepoint: 23772 ns, Total: 58194 ns
[2020-02-29T04:42:03.410+0000][1][safepoint    ] Safepoint "RevokeBias", Time since last: 4464472 ns, Reaching safepoint: 165564 ns, At safepoint: 89077 ns, Total: 254641 ns
[2020-02-29T04:42:03.446+0000][1][safepoint    ] Safepoint "CollectForMetadataAllocation", Time since last: 35845993 ns, Reaching safepoint: 30334 ns, At safepoint: 113456 ns, Total: 143790 ns
[2020-02-29T04:42:03.494+0000][1][safepoint    ] Safepoint "Deoptimize", Time since last: 47263203 ns, Reaching safepoint: 28848 ns, At safepoint: 371200 ns, Total: 400048 ns
[2020-02-29T04:42:03.494+0000][1][safepoint    ] Safepoint "RevokeBias", Time since last: 485298 ns, Reaching safepoint: 16983 ns, At safepoint: 41980 ns, Total: 58963 ns
[2020-02-29T04:42:03.645+0000][1][gc,start     ] GC(27) Pause Initial Mark
[2020-02-29T04:42:03.745+0000][1][gc           ] GC(27) Pause Initial Mark 102M->102M(1015M) 99.961ms
[2020-02-29T04:42:03.745+0000][1][gc,cpu       ] GC(27) User=0.04s Sys=0.00s Real=0.10s
[2020-02-29T04:42:03.745+0000][1][safepoint    ] Safepoint "CMS_Initial_Mark", Time since last: 125523512 ns, Reaching safepoint: 25190030 ns, At safepoint: 100074823 ns, Total: 125264853 ns
[2020-02-29T04:42:03.768+0000][1][gc           ] GC(27) Concurrent Mark
[2020-02-29T04:42:04.226+0000][1][gc           ] GC(27) Concurrent Mark 457.523ms
[2020-02-29T04:42:04.226+0000][1][gc,cpu       ] GC(27) User=0.18s Sys=0.00s Real=0.46s
[2020-02-29T04:42:04.226+0000][1][gc           ] GC(27) Concurrent Preclean
[2020-02-29T04:42:04.228+0000][1][gc           ] GC(27) Concurrent Preclean 2.385ms
[2020-02-29T04:42:04.228+0000][1][gc,cpu       ] GC(27) User=0.00s Sys=0.00s Real=0.00s
[2020-02-29T04:42:04.228+0000][1][gc           ] GC(27) Concurrent Abortable Preclean
[2020-02-29T04:42:04.407+0000][1][safepoint    ] Safepoint "RevokeBias", Time since last: 657192087 ns, Reaching safepoint: 4471247 ns, At safepoint: 21411 ns, Total: 4492658 ns
[2020-02-29T04:42:04.413+0000][1][safepoint    ] Safepoint "RevokeBias", Time since last: 148152 ns, Reaching safepoint: 6021034 ns, At safepoint: 49716 ns, Total: 6070750 ns
[2020-02-29T04:42:04.456+0000][1][safepoint    ] Safepoint "CollectForMetadataAllocation", Time since last: 32536643 ns, Reaching safepoint: 10126507 ns, At safepoint: 264791 ns, Total: 10391298 ns
[2020-02-29T04:42:04.471+0000][1][safepoint    ] Safepoint "RevokeBias", Time since last: 7498111 ns, Reaching safepoint: 7372664 ns, At safepoint: 45334 ns, Total: 7417998 ns
[2020-02-29T04:42:04.475+0000][1][safepoint    ] Safepoint "RevokeBias", Time since last: 1270130 ns, Reaching safepoint: 2846742 ns, At safepoint: 57298 ns, Total: 2904040 ns
[2020-02-29T04:42:04.479+0000][1][safepoint    ] Safepoint "RevokeBias", Time since last: 101342 ns, Reaching safepoint: 3888376 ns, At safepoint: 25471 ns, Total: 3913847 ns
[2020-02-29T04:42:04.485+0000][1][safepoint    ] Safepoint "RevokeBias", Time since last: 68467 ns, Reaching safepoint: 5502678 ns, At safepoint: 19040 ns, Total: 5521718 ns
[2020-02-29T04:42:04.502+0000][1][safepoint    ] Safepoint "RevokeBias", Time since last: 4041895 ns, Reaching safepoint: 13586990 ns, At safepoint: 54653 ns, Total: 13641643 ns
[2020-02-29T04:42:04.503+0000][1][safepoint    ] Safepoint "RevokeBias", Time since last: 934760 ns, Reaching safepoint: 107223 ns, At safepoint: 69669 ns, Total: 176892 ns
[2020-02-29T04:42:04.504+0000][1][safepoint    ] Safepoint "RevokeBias", Time since last: 167999 ns, Reaching safepoint: 95399 ns, At safepoint: 25662 ns, Total: 121061 ns
[2020-02-29T04:42:04.749+0000][1][safepoint    ] Safepoint "RevokeBias", Time since last: 210179927 ns, Reaching safepoint: 34918926 ns, At safepoint: 18239 ns, Total: 34937165 ns
[2020-02-29T04:42:04.749+0000][1][safepoint    ] Safepoint "RevokeBias", Time since last: 77276 ns, Reaching safepoint: 13098 ns, At safepoint: 8234 ns, Total: 21332 ns
[2020-02-29T04:42:04.873+0000][1][safepoint    ] Safepoint "RevokeBias", Time since last: 104644648 ns, Reaching safepoint: 19229845 ns, At safepoint: 17135 ns, Total: 19246980 ns
[2020-02-29T04:42:04.873+0000][1][safepoint    ] Safepoint "RevokeBias", Time since last: 118954 ns, Reaching safepoint: 24580 ns, At safepoint: 8723 ns, Total: 33303 ns
[2020-02-29T04:42:04.916+0000][1][safepoint    ] Safepoint "RevokeBias", Time since last: 41695840 ns, Reaching safepoint: 915725 ns, At safepoint: 19516 ns, Total: 935241 ns
[2020-02-29T04:42:04.916+0000][1][safepoint    ] Safepoint "CollectForMetadataAllocation", Time since last: 666255 ns, Reaching safepoint: 39797 ns, At safepoint: 72832 ns, Total: 112629 ns
[2020-02-29T04:42:05.010+0000][1][safepoint    ] Safepoint "RevokeBias", Time since last: 93022125 ns, Reaching safepoint: 57871 ns, At safepoint: 16002 ns, Total: 73873 ns
[2020-02-29T04:42:05.010+0000][1][safepoint    ] Safepoint "RevokeBias", Time since last: 327890 ns, Reaching safepoint: 16859 ns, At safepoint: 10472 ns, Total: 27331 ns
[2020-02-29T04:42:05.010+0000][1][safepoint    ] Safepoint "RevokeBias", Time since last: 52623 ns, Reaching safepoint: 9159 ns, At safepoint: 6675 ns, Total: 15834 ns
[2020-02-29T04:42:05.040+0000][1][safepoint    ] Safepoint "RevokeBias", Time since last: 29909605 ns, Reaching safepoint: 59091 ns, At safepoint: 12016 ns, Total: 71107 ns
[2020-02-29T04:42:05.061+0000][1][safepoint    ] Safepoint "RevokeBias", Time since last: 20834068 ns, Reaching safepoint: 52713 ns, At safepoint: 16219 ns, Total: 68932 ns
[2020-02-29T04:42:05.097+0000][1][safepoint    ] Safepoint "RevokeBias", Time since last: 27209535 ns, Reaching safepoint: 9089413 ns, At safepoint: 18773 ns, Total: 9108186 ns
[2020-02-29T04:42:05.097+0000][1][safepoint    ] Safepoint "RevokeBias", Time since last: 67851 ns, Reaching safepoint: 15496 ns, At safepoint: 7967 ns, Total: 23463 ns
[2020-02-29T04:42:05.157+0000][1][safepoint    ] Safepoint "RevokeBias", Time since last: 59530287 ns, Reaching safepoint: 49260 ns, At safepoint: 16958 ns, Total: 66218 ns
[2020-02-29T04:42:05.219+0000][1][safepoint    ] Safepoint "RevokeBias", Time since last: 60043702 ns, Reaching safepoint: 1595024 ns, At safepoint: 13451 ns, Total: 1608475 ns
[2020-02-29T04:42:05.240+0000][1][safepoint    ] Safepoint "RevokeBias", Time since last: 21927822 ns, Reaching safepoint: 41440 ns, At safepoint: 11316 ns, Total: 52756 ns
[2020-02-29T04:42:05.321+0000][1][safepoint    ] Safepoint "CollectForMetadataAllocation", Time since last: 62267627 ns, Reaching safepoint: 18160137 ns, At safepoint: 150513 ns, Total: 18310650 ns
[2020-02-29T04:42:05.713+0000][1][safepoint    ] Safepoint "RevokeBias", Time since last: 391838276 ns, Reaching safepoint: 141477 ns, At safepoint: 19975 ns, Total: 161452 ns
[2020-02-29T04:42:05.714+0000][1][safepoint    ] Safepoint "RevokeBias", Time since last: 492433 ns, Reaching safepoint: 33983 ns, At safepoint: 12766 ns, Total: 46749 ns
[2020-02-29T04:42:05.714+0000][1][safepoint    ] Safepoint "RevokeBias", Time since last: 306049 ns, Reaching safepoint: 30411 ns, At safepoint: 12545 ns, Total: 42956 ns
[2020-02-29T04:42:05.814+0000][1][safepoint    ] Safepoint "CollectForMetadataAllocation", Time since last: 100027792 ns, Reaching safepoint: 52993 ns, At safepoint: 97703 ns, Total: 150696 ns
[2020-02-29T04:42:05.815+0000][1][safepoint    ] Safepoint "RevokeBias", Time since last: 852585 ns, Reaching safepoint: 25167 ns, At safepoint: 9444 ns, Total: 34611 ns
[2020-02-29T04:42:05.830+0000][1][safepoint    ] Safepoint "RevokeBias", Time since last: 9114948 ns, Reaching safepoint: 5694956 ns, At safepoint: 18319 ns, Total: 5713275 ns
[2020-02-29T04:42:05.895+0000][1][safepoint    ] Safepoint "RevokeBias", Time since last: 55562981 ns, Reaching safepoint: 9533014 ns, At safepoint: 48180 ns, Total: 9581194 ns
[2020-02-29T04:42:05.915+0000][1][safepoint    ] Safepoint "RevokeBias", Time since last: 19559410 ns, Reaching safepoint: 50361 ns, At safepoint: 15005 ns, Total: 65366 ns
[2020-02-29T04:42:05.915+0000][1][safepoint    ] Safepoint "RevokeBias", Time since last: 56725 ns, Reaching safepoint: 102715 ns, At safepoint: 12612 ns, Total: 115327 ns
[2020-02-29T04:42:05.915+0000][1][safepoint    ] Safepoint "RevokeBias", Time since last: 66253 ns, Reaching safepoint: 43108 ns, At safepoint: 21098 ns, Total: 64206 ns
[2020-02-29T04:42:05.917+0000][1][safepoint    ] Safepoint "RevokeBias", Time since last: 1669331 ns, Reaching safepoint: 60900 ns, At safepoint: 11798 ns, Total: 72698 ns
[2020-02-29T04:42:05.930+0000][1][safepoint    ] Safepoint "RevokeBias", Time since last: 10603074 ns, Reaching safepoint: 2924491 ns, At safepoint: 16079 ns, Total: 2940570 ns
[2020-02-29T04:42:05.930+0000][1][safepoint    ] Safepoint "RevokeBias", Time since last: 65428 ns, Reaching safepoint: 12274 ns, At safepoint: 8228 ns, Total: 20502 ns
[2020-02-29T04:42:06.053+0000][1][safepoint    ] Safepoint "RevokeBias", Time since last: 79996780 ns, Reaching safepoint: 42749856 ns, At safepoint: 69411 ns, Total: 42819267 ns
[2020-02-29T04:42:06.125+0000][1][safepoint    ] Safepoint "RevokeBias", Time since last: 32679354 ns, Reaching safepoint: 39061159 ns, At safepoint: 30210 ns, Total: 39091369 ns
[2020-02-29T04:42:06.140+0000][1][safepoint    ] Safepoint "RevokeBias", Time since last: 14902622 ns, Reaching safepoint: 54931 ns, At safepoint: 17573 ns, Total: 72504 ns
[2020-02-29T04:42:06.143+0000][1][safepoint    ] Safepoint "RevokeBias", Time since last: 2649037 ns, Reaching safepoint: 89248 ns, At safepoint: 63297 ns, Total: 152545 ns
[2020-02-29T04:42:06.185+0000][1][safepoint    ] Safepoint "RevokeBias", Time since last: 26694932 ns, Reaching safepoint: 15765282 ns, At safepoint: 81049 ns, Total: 15846331 ns
[2020-02-29T04:42:06.232+0000][1][safepoint    ] Safepoint "CollectForMetadataAllocation", Time since last: 15493155 ns, Reaching safepoint: 31045869 ns, At safepoint: 209134 ns, Total: 31255003 ns
[2020-02-29T04:42:06.270+0000][1][safepoint    ] Safepoint "RevokeBias", Time since last: 18073184 ns, Reaching safepoint: 19699527 ns, At safepoint: 63758 ns, Total: 19763285 ns
[2020-02-29T04:42:06.271+0000][1][safepoint    ] Safepoint "RevokeBias", Time since last: 1056208 ns, Reaching safepoint: 43590 ns, At safepoint: 40188 ns, Total: 83778 ns
[2020-02-29T04:42:06.426+0000][1][safepoint    ] Safepoint "RevokeBias", Time since last: 135096294 ns, Reaching safepoint: 19936168 ns, At safepoint: 72804 ns, Total: 20008972 ns
[2020-02-29T04:42:06.441+0000][1][safepoint    ] Safepoint "RevokeBias", Time since last: 7018285 ns, Reaching safepoint: 7987825 ns, At safepoint: 237118 ns, Total: 8224943 ns
[2020-02-29T04:42:06.441+0000][1][safepoint    ] Safepoint "RevokeBias", Time since last: 120577 ns, Reaching safepoint: 80077 ns, At safepoint: 19149 ns, Total: 99226 ns
[2020-02-29T04:42:06.442+0000][1][safepoint    ] Safepoint "RevokeBias", Time since last: 657266 ns, Reaching safepoint: 136443 ns, At safepoint: 54442 ns, Total: 190885 ns
[2020-02-29T04:42:06.443+0000][1][safepoint    ] Safepoint "RevokeBias", Time since last: 143919 ns, Reaching safepoint: 51864 ns, At safepoint: 35959 ns, Total: 87823 ns
[2020-02-29T04:42:06.531+0000][1][safepoint    ] Safepoint "RevokeBias", Time since last: 70106419 ns, Reaching safepoint: 18114726 ns, At safepoint: 26287 ns, Total: 18141013 ns
[2020-02-29T04:42:06.567+0000][1][safepoint    ] Safepoint "RevokeBias", Time since last: 35671093 ns, Reaching safepoint: 137781 ns, At safepoint: 7580 ns, Total: 145361 ns
[2020-02-29T04:42:06.567+0000][1][safepoint    ] Safepoint "RevokeBias", Time since last: 120230 ns, Reaching safepoint: 75943 ns, At safepoint: 3048 ns, Total: 78991 ns
[2020-02-29T04:42:06.623+0000][1][gc,start     ] GC(28) Pause Young (Allocation Failure)
[2020-02-29T04:42:06.623+0000][1][gc,task      ] GC(28) Using 1 workers of 1 for evacuation
[2020-02-29T04:42:07.655+0000][1][gc,age       ] GC(28) Desired survivor size 4358144 bytes, new threshold 2 (max threshold 6)
[2020-02-29T04:42:07.655+0000][1][gc,age       ] GC(28) Age table with threshold 2 (max threshold 6)
[2020-02-29T04:42:07.655+0000][1][gc,age       ] GC(28) - age   1:    2613792 bytes,    2613792 total
[2020-02-29T04:42:07.656+0000][1][gc,age       ] GC(28) - age   2:    3299784 bytes,    5913576 total
[2020-02-29T04:42:07.656+0000][1][gc,heap      ] GC(28) ParNew: 76490K->6546K(76672K)
[2020-02-29T04:42:07.656+0000][1][gc,heap      ] GC(28) CMS: 51226K->54949K(963392K)
[2020-02-29T04:42:07.656+0000][1][gc,metaspace ] GC(28) Metaspace: 69820K->69820K(1114112K)
[2020-02-29T04:42:07.656+0000][1][gc           ] GC(28) Pause Young (Allocation Failure) 124M->60M(1015M) 1032.279ms
[2020-02-29T04:42:07.656+0000][1][gc,cpu       ] GC(28) User=0.28s Sys=0.01s Real=1.03s
[2020-02-29T04:42:07.656+0000][1][safepoint    ] Safepoint "GenCollectForAllocation", Time since last: 56386835 ns, Reaching safepoint: 78033 ns, At safepoint: 1032333350 ns, Total: 1032411383 ns
[2020-02-29T04:42:07.755+0000][1][safepoint    ] Safepoint "RevokeBias", Time since last: 84029410 ns, Reaching safepoint: 15276225 ns, At safepoint: 26280 ns, Total: 15302505 ns
[2020-02-29T04:42:07.782+0000][1][safepoint    ] Safepoint "RevokeBias", Time since last: 22652124 ns, Reaching safepoint: 4725172 ns, At safepoint: 13088 ns, Total: 4738260 ns
[2020-02-29T04:42:07.798+0000][1][safepoint    ] Safepoint "RevokeBias", Time since last: 10087899 ns, Reaching safepoint: 5636666 ns, At safepoint: 227382 ns, Total: 5864048 ns
[2020-02-29T04:42:07.867+0000][1][safepoint    ] Safepoint "CollectForMetadataAllocation", Time since last: 59958411 ns, Reaching safepoint: 8497173 ns, At safepoint: 124975 ns, Total: 8622148 ns
[2020-02-29T04:42:07.868+0000][1][safepoint    ] Safepoint "CollectForMetadataAllocation", Time since last: 623070 ns, Reaching safepoint: 61640 ns, At safepoint: 8158 ns, Total: 69798 ns
[2020-02-29T04:42:07.868+0000][1][safepoint    ] Safepoint "CollectForMetadataAllocation", Time since last: 218736 ns, Reaching safepoint: 46040 ns, At safepoint: 3228 ns, Total: 49268 ns
[2020-02-29T04:42:08.015+0000][1][safepoint    ] Safepoint "RevokeBias", Time since last: 145044608 ns, Reaching safepoint: 1779610 ns, At safepoint: 7016 ns, Total: 1786626 ns
[2020-02-29T04:42:08.015+0000][1][safepoint    ] Safepoint "RevokeBias", Time since last: 59754 ns, Reaching safepoint: 41643 ns, At safepoint: 2848 ns, Total: 44491 ns
[2020-02-29T04:42:08.073+0000][1][safepoint    ] Safepoint "CollectForMetadataAllocation", Time since last: 41955553 ns, Reaching safepoint: 16477966 ns, At safepoint: 76075 ns, Total: 16554041 ns
[2020-02-29T04:42:08.074+0000][1][safepoint    ] Safepoint "CollectForMetadataAllocation", Time since last: 471043 ns, Reaching safepoint: 35487 ns, At safepoint: 3637 ns, Total: 39124 ns
[2020-02-29T04:42:08.102+0000][1][safepoint    ] Safepoint "RevokeBias", Time since last: 13331505 ns, Reaching safepoint: 14753144 ns, At safepoint: 30798 ns, Total: 14783942 ns
[2020-02-29T04:42:08.184+0000][1][safepoint    ] Safepoint "RevokeBias", Time since last: 78646281 ns, Reaching safepoint: 3121320 ns, At safepoint: 23340 ns, Total: 3144660 ns
[2020-02-29T04:42:08.217+0000][1][safepoint    ] Safepoint "RevokeBias", Time since last: 12359998 ns, Reaching safepoint: 20879550 ns, At safepoint: 9278 ns, Total: 20888828 ns
[2020-02-29T04:42:08.217+0000][1][safepoint    ] Safepoint "RevokeBias", Time since last: 82812 ns, Reaching safepoint: 46129 ns, At safepoint: 2974 ns, Total: 49103 ns
[2020-02-29T04:42:08.217+0000][1][safepoint    ] Safepoint "RevokeBias", Time since last: 172789 ns, Reaching safepoint: 54155 ns, At safepoint: 3223 ns, Total: 57378 ns
[2020-02-29T04:42:08.218+0000][1][safepoint    ] Safepoint "RevokeBias", Time since last: 281740 ns, Reaching safepoint: 47763 ns, At safepoint: 3392 ns, Total: 51155 ns
[2020-02-29T04:42:08.273+0000][1][safepoint    ] Safepoint "RevokeBias", Time since last: 48113090 ns, Reaching safepoint: 6794826 ns, At safepoint: 10176 ns, Total: 6805002 ns
[2020-02-29T04:42:08.273+0000][1][safepoint    ] Safepoint "RevokeBias", Time since last: 243436 ns, Reaching safepoint: 47650 ns, At safepoint: 3317 ns, Total: 50967 ns
[2020-02-29T04:42:08.275+0000][1][safepoint    ] Safepoint "RevokeBias", Time since last: 1690561 ns, Reaching safepoint: 68403 ns, At safepoint: 4366 ns, Total: 72769 ns
[2020-02-29T04:42:08.275+0000][1][safepoint    ] Safepoint "RevokeBias", Time since last: 105636 ns, Reaching safepoint: 49888 ns, At safepoint: 3587 ns, Total: 53475 ns
[2020-02-29T04:42:08.320+0000][1][safepoint    ] Safepoint "CollectForMetadataAllocation", Time since last: 31028063 ns, Reaching safepoint: 13745736 ns, At safepoint: 196427 ns, Total: 13942163 ns
[2020-02-29T04:42:08.321+0000][1][safepoint    ] Safepoint "RevokeBias", Time since last: 681606 ns, Reaching safepoint: 61627 ns, At safepoint: 3473 ns, Total: 65100 ns
[2020-02-29T04:42:08.321+0000][1][safepoint    ] Safepoint "RevokeBias", Time since last: 38952 ns, Reaching safepoint: 49615 ns, At safepoint: 2777 ns, Total: 52392 ns
[2020-02-29T04:42:08.321+0000][1][safepoint    ] Safepoint "RevokeBias", Time since last: 26984 ns, Reaching safepoint: 49330 ns, At safepoint: 2749 ns, Total: 52079 ns
[2020-02-29T04:42:08.321+0000][1][safepoint    ] Safepoint "RevokeBias", Time since last: 205540 ns, Reaching safepoint: 56182 ns, At safepoint: 3191 ns, Total: 59373 ns
[2020-02-29T04:42:08.476+0000][1][safepoint    ] Safepoint "CollectForMetadataAllocation", Time since last: 155054923 ns, Reaching safepoint: 110601 ns, At safepoint: 152724 ns, Total: 263325 ns
[2020-02-29T04:42:08.550+0000][1][safepoint    ] Safepoint "RevokeBias", Time since last: 53701161 ns, Reaching safepoint: 19813511 ns, At safepoint: 13949 ns, Total: 19827460 ns
[2020-02-29T04:42:08.571+0000][1][safepoint    ] Safepoint "RevokeBias", Time since last: 15469385 ns, Reaching safepoint: 5534673 ns, At safepoint: 7094 ns, Total: 5541767 ns
[2020-02-29T04:42:08.571+0000][1][safepoint    ] Safepoint "CollectForMetadataAllocation", Time since last: 408294 ns, Reaching safepoint: 31315 ns, At safepoint: 122976 ns, Total: 154291 ns
[2020-02-29T04:42:08.622+0000][1][safepoint    ] Safepoint "CollectForMetadataAllocation", Time since last: 40119885 ns, Reaching safepoint: 10618715 ns, At safepoint: 144036 ns, Total: 10762751 ns
[2020-02-29T04:42:08.756+0000][1][safepoint    ] Safepoint "CollectForMetadataAllocation", Time since last: 128505855 ns, Reaching safepoint: 5477281 ns, At safepoint: 127740 ns, Total: 5605021 ns
[2020-02-29T04:42:08.892+0000][1][safepoint    ] Safepoint "Deoptimize", Time since last: 123011983 ns, Reaching safepoint: 11606990 ns, At safepoint: 658590 ns, Total: 12265580 ns
[2020-02-29T04:42:08.916+0000][1][safepoint    ] Safepoint "CollectForMetadataAllocation", Time since last: 6647352 ns, Reaching safepoint: 17950489 ns, At safepoint: 132936 ns, Total: 18083425 ns
[2020-02-29T04:42:08.979+0000][1][safepoint    ] Safepoint "RevokeBias", Time since last: 27674843 ns, Reaching safepoint: 35062325 ns, At safepoint: 157559 ns, Total: 35219884 ns
[2020-02-29T04:42:09.013+0000][1][safepoint    ] Safepoint "RevokeBias", Time since last: 10610903 ns, Reaching safepoint: 23472223 ns, At safepoint: 29774 ns, Total: 23501997 ns
[2020-02-29T04:42:09.043+0000][1][safepoint    ] Safepoint "RevokeBias", Time since last: 5912803 ns, Reaching safepoint: 23405781 ns, At safepoint: 19567 ns, Total: 23425348 ns
[2020-02-29T04:42:09.054+0000][1][safepoint    ] Safepoint "RevokeBias", Time since last: 10594821 ns, Reaching safepoint: 619616 ns, At safepoint: 80138 ns, Total: 699754 ns
[2020-02-29T04:42:09.099+0000][1][safepoint    ] Safepoint "CollectForMetadataAllocation", Time since last: 32419416 ns, Reaching safepoint: 12422680 ns, At safepoint: 66453 ns, Total: 12489133 ns
[2020-02-29T04:42:09.117+0000][1][safepoint    ] Safepoint "CollectForMetadataAllocation", Time since last: 6025087 ns, Reaching safepoint: 11886882 ns, At safepoint: 19955 ns, Total: 11906837 ns
[2020-02-29T04:42:09.141+0000][1][safepoint    ] Safepoint "Deoptimize", Time since last: 17050193 ns, Reaching safepoint: 6276632 ns, At safepoint: 987223 ns, Total: 7263855 ns
[2020-02-29T04:42:09.149+0000][1][safepoint    ] Safepoint "RevokeBias", Time since last: 7943085 ns, Reaching safepoint: 145203 ns, At safepoint: 8859 ns, Total: 154062 ns
[2020-02-29T04:42:09.182+0000][1][safepoint    ] Safepoint "BulkRevokeBias", Time since last: 18036572 ns, Reaching safepoint: 14062099 ns, At safepoint: 427972 ns, Total: 14490071 ns
[2020-02-29T04:42:09.182+0000][1][safepoint    ] Safepoint "RevokeBias", Time since last: 70894 ns, Reaching safepoint: 47801 ns, At safepoint: 3135 ns, Total: 50936 ns
[2020-02-29T04:42:09.290+0000][1][safepoint    ] Safepoint "CollectForMetadataAllocation", Time since last: 107604169 ns, Reaching safepoint: 127152 ns, At safepoint: 122897 ns, Total: 250049 ns
[2020-02-29T04:42:09.349+0000][1][safepoint    ] Safepoint "RevokeBias", Time since last: 48102716 ns, Reaching safepoint: 10750453 ns, At safepoint: 14113 ns, Total: 10764566 ns
[2020-02-29T04:42:09.350+0000][1][safepoint    ] Safepoint "RevokeBias", Time since last: 807254 ns, Reaching safepoint: 74819 ns, At safepoint: 12321 ns, Total: 87140 ns
[2020-02-29T04:42:09.478+0000][1][safepoint    ] Safepoint "BulkRevokeBias", Time since last: 128042570 ns, Reaching safepoint: 327309 ns, At safepoint: 557539 ns, Total: 884848 ns
[2020-02-29T04:42:09.571+0000][1][safepoint    ] Safepoint "RevokeBias", Time since last: 39735723 ns, Reaching safepoint: 52919830 ns, At safepoint: 17648 ns, Total: 52937478 ns
[2020-02-29T04:42:09.633+0000][1][safepoint    ] Safepoint "RevokeBias", Time since last: 48880997 ns, Reaching safepoint: 12926123 ns, At safepoint: 8110 ns, Total: 12934233 ns
[2020-02-29T04:42:09.713+0000][1][gc           ] GC(27) Concurrent Abortable Preclean 5484.987ms
[2020-02-29T04:42:09.713+0000][1][gc,cpu       ] GC(27) User=1.95s Sys=0.11s Real=5.49s
[2020-02-29T04:42:09.713+0000][1][safepoint    ] Safepoint "RevokeBias", Time since last: 72509717 ns, Reaching safepoint: 7696878 ns, At safepoint: 8286 ns, Total: 7705164 ns
[2020-02-29T04:42:09.714+0000][1][safepoint    ] Safepoint "RevokeBias", Time since last: 365395 ns, Reaching safepoint: 67223 ns, At safepoint: 3488 ns, Total: 70711 ns
[2020-02-29T04:42:09.714+0000][1][gc,start     ] GC(27) Pause Remark
[2020-02-29T04:42:09.918+0000][1][gc           ] GC(27) Pause Remark 87M->87M(1015M) 204.228ms
[2020-02-29T04:42:09.918+0000][1][gc,cpu       ] GC(27) User=0.07s Sys=0.00s Real=0.20s
[2020-02-29T04:42:09.918+0000][1][safepoint    ] Safepoint "CMS_Final_Remark", Time since last: 38800 ns, Reaching safepoint: 35122 ns, At safepoint: 204345354 ns, Total: 204380476 ns
[2020-02-29T04:42:09.939+0000][1][gc           ] GC(27) Concurrent Sweep
[2020-02-29T04:42:09.993+0000][1][safepoint    ] Safepoint "CollectForMetadataAllocation", Time since last: 54312619 ns, Reaching safepoint: 20346851 ns, At safepoint: 19741 ns, Total: 20366592 ns
[2020-02-29T04:42:09.993+0000][1][safepoint    ] Safepoint "CollectForMetadataAllocation", Time since last: 82604 ns, Reaching safepoint: 26111 ns, At safepoint: 118814 ns, Total: 144925 ns
[2020-02-29T04:42:10.103+0000][1][safepoint    ] Safepoint "RevokeBias", Time since last: 95564371 ns, Reaching safepoint: 14820689 ns, At safepoint: 19980 ns, Total: 14840669 ns
[2020-02-29T04:42:10.115+0000][1][safepoint    ] Safepoint "RevokeBias", Time since last: 10596520 ns, Reaching safepoint: 763241 ns, At safepoint: 9794 ns, Total: 773035 ns
[2020-02-29T04:42:10.128+0000][1][safepoint    ] Safepoint "RevokeBias", Time since last: 13260606 ns, Reaching safepoint: 56734 ns, At safepoint: 5664 ns, Total: 62398 ns
[2020-02-29T04:42:10.128+0000][1][safepoint    ] Safepoint "RevokeBias", Time since last: 52782 ns, Reaching safepoint: 16098 ns, At safepoint: 2380 ns, Total: 18478 ns
[2020-02-29T04:42:10.128+0000][1][safepoint    ] Safepoint "RevokeBias", Time since last: 19153 ns, Reaching safepoint: 12417 ns, At safepoint: 2256 ns, Total: 14673 ns
[2020-02-29T04:42:10.128+0000][1][safepoint    ] Safepoint "RevokeBias", Time since last: 16154 ns, Reaching safepoint: 12086 ns, At safepoint: 2202 ns, Total: 14288 ns
[2020-02-29T04:42:10.128+0000][1][safepoint    ] Safepoint "RevokeBias", Time since last: 17086 ns, Reaching safepoint: 12076 ns, At safepoint: 2190 ns, Total: 14266 ns
[2020-02-29T04:42:10.128+0000][1][safepoint    ] Safepoint "RevokeBias", Time since last: 16480 ns, Reaching safepoint: 11963 ns, At safepoint: 2215 ns, Total: 14178 ns
[2020-02-29T04:42:10.128+0000][1][safepoint    ] Safepoint "RevokeBias", Time since last: 15902 ns, Reaching safepoint: 11967 ns, At safepoint: 2157 ns, Total: 14124 ns
[2020-02-29T04:42:10.188+0000][1][gc           ] GC(27) Concurrent Sweep 248.348ms
[2020-02-29T04:42:10.188+0000][1][gc,cpu       ] GC(27) User=0.08s Sys=0.00s Real=0.25s
[2020-02-29T04:42:10.188+0000][1][gc           ] GC(27) Concurrent Reset
[2020-02-29T04:42:10.200+0000][1][gc           ] GC(27) Concurrent Reset 12.270ms
[2020-02-29T04:42:10.200+0000][1][gc,cpu       ] GC(27) User=0.01s Sys=0.00s Real=0.02s
[2020-02-29T04:42:10.200+0000][1][gc,heap      ] GC(27) Old: 51226K->54641K(963392K)
[2020-02-29T04:42:10.711+0000][1][safepoint    ] Safepoint "RevokeBias", Time since last: 583091648 ns, Reaching safepoint: 39775 ns, At safepoint: 7738 ns, Total: 47513 ns
[2020-02-29T04:42:10.718+0000][1][safepoint    ] Safepoint "RevokeBias", Time since last: 6959377 ns, Reaching safepoint: 55624 ns, At safepoint: 7125 ns, Total: 62749 ns
[2020-02-29T04:42:10.817+0000][1][safepoint    ] Safepoint "RevokeBias", Time since last: 98705991 ns, Reaching safepoint: 63480 ns, At safepoint: 7101 ns, Total: 70581 ns
[2020-02-29T04:42:10.830+0000][1][safepoint    ] Safepoint "RevokeBias", Time since last: 13188802 ns, Reaching safepoint: 60178 ns, At safepoint: 7367 ns, Total: 67545 ns
[2020-02-29T04:42:10.835+0000][1][safepoint    ] Safepoint "RevokeBias", Time since last: 4248209 ns, Reaching safepoint: 34974 ns, At safepoint: 6499 ns, Total: 41473 ns
[2020-02-29T04:42:10.866+0000][1][safepoint    ] Safepoint "RevokeBias", Time since last: 31379556 ns, Reaching safepoint: 93011 ns, At safepoint: 9767 ns, Total: 102778 ns
[2020-02-29T04:42:11.047+0000][1][safepoint    ] Safepoint "RevokeBias", Time since last: 129971729 ns, Reaching safepoint: 50940962 ns, At safepoint: 15055 ns, Total: 50956017 ns
[2020-02-29T04:42:11.066+0000][1][safepoint    ] Safepoint "RevokeBias", Time since last: 756158 ns, Reaching safepoint: 18084383 ns, At safepoint: 38725 ns, Total: 18123108 ns
[2020-02-29T04:42:11.959+0000][1][safepoint    ] Safepoint "RevokeBias", Time since last: 893274202 ns, Reaching safepoint: 41410 ns, At safepoint: 6727 ns, Total: 48137 ns
[2020-02-29T04:42:12.013+0000][1][safepoint    ] Safepoint "RevokeBias", Time since last: 54091341 ns, Reaching safepoint: 38262 ns, At safepoint: 6949 ns, Total: 45211 ns
[2020-02-29T04:42:12.048+0000][1][safepoint    ] Safepoint "RevokeBias", Time since last: 34955210 ns, Reaching safepoint: 62080 ns, At safepoint: 7134 ns, Total: 69214 ns
[2020-02-29T04:42:12.209+0000][1][safepoint    ] Safepoint "RevokeBias", Time since last: 151559720 ns, Reaching safepoint: 9043058 ns, At safepoint: 68129 ns, Total: 9111187 ns
[2020-02-29T04:42:12.608+0000][1][safepoint    ] Safepoint "RevokeBias", Time since last: 398793998 ns, Reaching safepoint: 46171 ns, At safepoint: 7540 ns, Total: 53711 ns
[2020-02-29T04:42:12.652+0000][1][safepoint    ] Safepoint "RevokeBias", Time since last: 43478015 ns, Reaching safepoint: 37194 ns, At safepoint: 11361 ns, Total: 48555 ns
[2020-02-29T04:42:12.776+0000][1][safepoint    ] Safepoint "RevokeBias", Time since last: 119551233 ns, Reaching safepoint: 4836040 ns, At safepoint: 23595 ns, Total: 4859635 ns
[2020-02-29T04:42:13.657+0000][1][safepoint    ] Safepoint "RevokeBias", Time since last: 881079202 ns, Reaching safepoint: 72432 ns, At safepoint: 7510 ns, Total: 79942 ns
[2020-02-29T04:42:13.701+0000][1][safepoint    ] Safepoint "RevokeBias", Time since last: 43308375 ns, Reaching safepoint: 74154 ns, At safepoint: 8336 ns, Total: 82490 ns
[2020-02-29T04:42:13.847+0000][1][safepoint    ] Safepoint "RevokeBias", Time since last: 146639598 ns, Reaching safepoint: 60013 ns, At safepoint: 20652 ns, Total: 80665 ns
[2020-02-29T04:42:14.262+0000][1][safepoint    ] Safepoint "RevokeBias", Time since last: 414266437 ns, Reaching safepoint: 45882 ns, At safepoint: 13026 ns, Total: 58908 ns
[2020-02-29T04:42:14.268+0000][1][safepoint    ] Safepoint "RevokeBias", Time since last: 6363363 ns, Reaching safepoint: 39690 ns, At safepoint: 26086 ns, Total: 65776 ns
[2020-02-29T04:42:14.428+0000][1][safepoint    ] Safepoint "RevokeBias", Time since last: 152986933 ns, Reaching safepoint: 7267331 ns, At safepoint: 55284 ns, Total: 7322615 ns
[2020-02-29T04:42:14.442+0000][1][safepoint    ] Safepoint "RevokeBias", Time since last: 83276 ns, Reaching safepoint: 13878687 ns, At safepoint: 53270 ns, Total: 13931957 ns
[2020-02-29T04:42:14.803+0000][1][safepoint    ] Safepoint "RevokeBias", Time since last: 339185262 ns, Reaching safepoint: 21100997 ns, At safepoint: 56534 ns, Total: 21157531 ns
[2020-02-29T04:42:15.804+0000][1][safepoint    ] Safepoint "Cleanup", Time since last: 1001594751 ns, Reaching safepoint: 95938 ns, At safepoint: 5302 ns, Total: 101240 ns
[2020-02-29T04:42:16.214+0000][1][safepoint    ] Safepoint "RevokeBias", Time since last: 409281074 ns, Reaching safepoint: 147390 ns, At safepoint: 8900 ns, Total: 156290 ns
[2020-02-29T04:42:16.234+0000][1][safepoint    ] Safepoint "RevokeBias", Time since last: 19881924 ns, Reaching safepoint: 52430 ns, At safepoint: 13584 ns, Total: 66014 ns
[2020-02-29T04:42:16.249+0000][1][gc,start     ] GC(29) Pause Young (Allocation Failure)
[2020-02-29T04:42:16.249+0000][1][gc,task      ] GC(29) Using 1 workers of 1 for evacuation
[2020-02-29T04:42:16.693+0000][1][gc,age       ] GC(29) Desired survivor size 4358144 bytes, new threshold 6 (max threshold 6)
[2020-02-29T04:42:16.693+0000][1][gc,age       ] GC(29) Age table with threshold 6 (max threshold 6)
[2020-02-29T04:42:16.693+0000][1][gc,age       ] GC(29) - age   1:    1927552 bytes,    1927552 total
[2020-02-29T04:42:16.693+0000][1][gc,age       ] GC(29) - age   2:    2378424 bytes,    4305976 total
[2020-02-29T04:42:16.693+0000][1][gc,heap      ] GC(29) ParNew: 74706K->5967K(76672K)
[2020-02-29T04:42:16.693+0000][1][gc,heap      ] GC(29) CMS: 54641K->57974K(963392K)
[2020-02-29T04:42:16.693+0000][1][gc,metaspace ] GC(29) Metaspace: 76820K->76820K(1120256K)
[2020-02-29T04:42:16.693+0000][1][gc           ] GC(29) Pause Young (Allocation Failure) 126M->62M(1015M) 444.125ms
[2020-02-29T04:42:16.693+0000][1][gc,cpu       ] GC(29) User=0.05s Sys=0.02s Real=0.45s
[2020-02-29T04:42:16.693+0000][1][safepoint    ] Safepoint "GenCollectForAllocation", Time since last: 15450242 ns, Reaching safepoint: 64978 ns, At safepoint: 444178496 ns, Total: 444243474 ns
[2020-02-29T04:42:16.709+0000][1][safepoint    ] Safepoint "RevokeBias", Time since last: 15296687 ns, Reaching safepoint: 78204 ns, At safepoint: 90426 ns, Total: 168630 ns
[2020-02-29T04:42:16.709+0000][1][safepoint    ] Safepoint "RevokeBias", Time since last: 223078 ns, Reaching safepoint: 62760 ns, At safepoint: 12170 ns, Total: 74930 ns
[2020-02-29T04:42:16.748+0000][1][safepoint    ] Safepoint "RevokeBias", Time since last: 38269617 ns, Reaching safepoint: 52920 ns, At safepoint: 14462 ns, Total: 67382 ns
[2020-02-29T04:42:17.543+0000][1][safepoint    ] Safepoint "RevokeBias", Time since last: 785871912 ns, Reaching safepoint: 9538807 ns, At safepoint: 18081 ns, Total: 9556888 ns
[2020-02-29T04:42:18.046+0000][1][safepoint    ] Safepoint "RevokeBias", Time since last: 503264064 ns, Reaching safepoint: 38315 ns, At safepoint: 13547 ns, Total: 51862 ns
[2020-02-29T04:42:20.046+0000][1][safepoint    ] Safepoint "RevokeBias", Time since last: 1999356450 ns, Reaching safepoint: 65138 ns, At safepoint: 15688 ns, Total: 80826 ns
[2020-02-29T04:42:21.056+0000][1][safepoint    ] Safepoint "Cleanup", Time since last: 1010093216 ns, Reaching safepoint: 73196 ns, At safepoint: 9759 ns, Total: 82955 ns
[2020-02-29T04:42:22.060+0000][1][safepoint    ] Safepoint "Cleanup", Time since last: 1004122398 ns, Reaching safepoint: 74591 ns, At safepoint: 7799 ns, Total: 82390 ns
[2020-02-29T04:42:22.599+0000][1][safepoint    ] Safepoint "RevokeBias", Time since last: 538650475 ns, Reaching safepoint: 39656 ns, At safepoint: 14058 ns, Total: 53714 ns
[2020-02-29T04:42:23.601+0000][1][safepoint    ] Safepoint "Cleanup", Time since last: 1001931930 ns, Reaching safepoint: 75418 ns, At safepoint: 8009 ns, Total: 83427 ns
[2020-02-29T04:42:24.605+0000][1][safepoint    ] Safepoint "Cleanup", Time since last: 1003932307 ns, Reaching safepoint: 77037 ns, At safepoint: 8140 ns, Total: 85177 ns
[2020-02-29T04:42:25.214+0000][1][safepoint    ] Safepoint "RevokeBias", Time since last: 594484413 ns, Reaching safepoint: 14635289 ns, At safepoint: 51852 ns, Total: 14687141 ns
[2020-02-29T04:42:27.719+0000][1][safepoint    ] Safepoint "RevokeBias", Time since last: 2505043682 ns, Reaching safepoint: 70353 ns, At safepoint: 17231 ns, Total: 87584 ns
[2020-02-29T04:42:28.511+0000][1][safepoint    ] Safepoint "RevokeBias", Time since last: 792229790 ns, Reaching safepoint: 80903 ns, At safepoint: 9546 ns, Total: 90449 ns
[2020-02-29T04:42:29.517+0000][1][safepoint    ] Safepoint "Cleanup", Time since last: 1005363212 ns, Reaching safepoint: 79708 ns, At safepoint: 8056 ns, Total: 87764 ns
[2020-02-29T04:42:30.235+0000][1][safepoint    ] Safepoint "RevokeBias", Time since last: 718304052 ns, Reaching safepoint: 69383 ns, At safepoint: 17628 ns, Total: 87011 ns
[2020-02-29T04:42:32.747+0000][1][safepoint    ] Safepoint "RevokeBias", Time since last: 2511646046 ns, Reaching safepoint: 91280 ns, At safepoint: 18591 ns, Total: 109871 ns
[2020-02-29T04:42:33.749+0000][1][safepoint    ] Safepoint "Cleanup", Time since last: 1001524489 ns, Reaching safepoint: 73116 ns, At safepoint: 7285 ns, Total: 80401 ns
[2020-02-29T04:42:35.260+0000][1][safepoint    ] Safepoint "RevokeBias", Time since last: 1510886085 ns, Reaching safepoint: 83061 ns, At safepoint: 19608 ns, Total: 102669 ns
[2020-02-29T04:42:36.813+0000][1][safepoint    ] Safepoint "RevokeBias", Time since last: 1552920533 ns, Reaching safepoint: 71429 ns, At safepoint: 18368 ns, Total: 89797 ns
[2020-02-29T04:42:37.814+0000][1][safepoint    ] Safepoint "Cleanup", Time since last: 1001385695 ns, Reaching safepoint: 66926 ns, At safepoint: 7307 ns, Total: 74233 ns
[2020-02-29T04:42:37.876+0000][1][safepoint    ] Safepoint "RevokeBias", Time since last: 61543750 ns, Reaching safepoint: 111804 ns, At safepoint: 18653 ns, Total: 130457 ns
[2020-02-29T04:42:38.881+0000][1][safepoint    ] Safepoint "Cleanup", Time since last: 1005146809 ns, Reaching safepoint: 77724 ns, At safepoint: 8044 ns, Total: 85768 ns
[2020-02-29T04:42:40.431+0000][1][safepoint    ] Safepoint "RevokeBias", Time since last: 1549931488 ns, Reaching safepoint: 64254 ns, At safepoint: 14752 ns, Total: 79006 ns
[2020-02-29T04:42:42.439+0000][1][safepoint    ] Safepoint "Cleanup", Time since last: 2007753123 ns, Reaching safepoint: 57253 ns, At safepoint: 7309 ns, Total: 64562 ns
[2020-02-29T04:42:43.057+0000][1][safepoint    ] Safepoint "RevokeBias", Time since last: 617705386 ns, Reaching safepoint: 48169 ns, At safepoint: 14465 ns, Total: 62634 ns
[2020-02-29T04:42:43.247+0000][1][safepoint    ] Safepoint "RevokeBias", Time since last: 190686676 ns, Reaching safepoint: 61914 ns, At safepoint: 14525 ns, Total: 76439 ns
[2020-02-29T04:42:43.259+0000][1][safepoint    ] Safepoint "RevokeBias", Time since last: 11512208 ns, Reaching safepoint: 68410 ns, At safepoint: 14257 ns, Total: 82667 ns
[2020-02-29T04:42:43.317+0000][1][safepoint    ] Safepoint "RevokeBias", Time since last: 58061112 ns, Reaching safepoint: 65295 ns, At safepoint: 16490 ns, Total: 81785 ns
[2020-02-29T04:42:43.317+0000][1][safepoint    ] Safepoint "RevokeBias", Time since last: 70390 ns, Reaching safepoint: 41285 ns, At safepoint: 21616 ns, Total: 62901 ns
[2020-02-29T04:42:44.322+0000][1][safepoint    ] Safepoint "Cleanup", Time since last: 1004802795 ns, Reaching safepoint: 134906 ns, At safepoint: 7176 ns, Total: 142082 ns
[2020-02-29T04:42:44.720+0000][1][safepoint    ] Safepoint "RevokeBias", Time since last: 398097589 ns, Reaching safepoint: 62264 ns, At safepoint: 14626 ns, Total: 76890 ns
[2020-02-29T04:42:44.735+0000][1][safepoint    ] Safepoint "RevokeBias", Time since last: 4907762 ns, Reaching safepoint: 9840016 ns, At safepoint: 22833 ns, Total: 9862849 ns
[2020-02-29T04:42:45.617+0000][1][safepoint    ] Safepoint "BulkRevokeBias", Time since last: 860323733 ns, Reaching safepoint: 21150086 ns, At safepoint: 259377 ns, Total: 21409463 ns
[2020-02-29T04:42:46.622+0000][1][safepoint    ] Safepoint "Cleanup", Time since last: 1005183379 ns, Reaching safepoint: 109230 ns, At safepoint: 8019 ns, Total: 117249 ns
[2020-02-29T04:42:47.632+0000][1][safepoint    ] Safepoint "Cleanup", Time since last: 1009938552 ns, Reaching safepoint: 55893 ns, At safepoint: 8057 ns, Total: 63950 ns
[2020-02-29T04:42:48.120+0000][1][safepoint    ] Safepoint "RevokeBias", Time since last: 488080418 ns, Reaching safepoint: 44576 ns, At safepoint: 16735 ns, Total: 61311 ns
[2020-02-29T04:42:49.120+0000][1][safepoint    ] Safepoint "Cleanup", Time since last: 1000093300 ns, Reaching safepoint: 75819 ns, At safepoint: 8884 ns, Total: 84703 ns
[2020-02-29T04:42:50.121+0000][1][safepoint    ] Safepoint "Cleanup", Time since last: 1000318110 ns, Reaching safepoint: 74834 ns, At safepoint: 7718 ns, Total: 82552 ns
[2020-02-29T04:42:50.778+0000][1][safepoint    ] Safepoint "RevokeBias", Time since last: 656919692 ns, Reaching safepoint: 73041 ns, At safepoint: 19020 ns, Total: 92061 ns
[2020-02-29T04:42:51.781+0000][1][safepoint    ] Safepoint "Cleanup", Time since last: 1002972456 ns, Reaching safepoint: 78101 ns, At safepoint: 7593 ns, Total: 85694 ns
[2020-02-29T04:42:52.784+0000][1][safepoint    ] Safepoint "Cleanup", Time since last: 1002922938 ns, Reaching safepoint: 68307 ns, At safepoint: 5770 ns, Total: 74077 ns
[2020-02-29T04:42:53.295+0000][1][safepoint    ] Safepoint "RevokeBias", Time since last: 511298809 ns, Reaching safepoint: 43733 ns, At safepoint: 15554 ns, Total: 59287 ns
[2020-02-29T04:42:54.296+0000][1][safepoint    ] Safepoint "Cleanup", Time since last: 1000451470 ns, Reaching safepoint: 117207 ns, At safepoint: 30096 ns, Total: 147303 ns
[2020-02-29T04:42:55.306+0000][1][safepoint    ] Safepoint "Cleanup", Time since last: 1009966977 ns, Reaching safepoint: 77036 ns, At safepoint: 7974 ns, Total: 85010 ns
[2020-02-29T04:42:55.805+0000][1][safepoint    ] Safepoint "RevokeBias", Time since last: 499178149 ns, Reaching safepoint: 138263 ns, At safepoint: 19365 ns, Total: 157628 ns
[2020-02-29T04:42:56.806+0000][1][safepoint    ] Safepoint "Cleanup", Time since last: 1000487483 ns, Reaching safepoint: 133811 ns, At safepoint: 7315 ns, Total: 141126 ns
[2020-02-29T04:42:57.317+0000][1][safepoint    ] Safepoint "RevokeBias", Time since last: 511364594 ns, Reaching safepoint: 74879 ns, At safepoint: 13653 ns, Total: 88532 ns
[2020-02-29T04:42:57.318+0000][1][safepoint    ] Safepoint "RevokeBias", Time since last: 117403 ns, Reaching safepoint: 60455 ns, At safepoint: 10682 ns, Total: 71137 ns
[2020-02-29T04:42:58.322+0000][1][safepoint    ] Safepoint "Cleanup", Time since last: 1004295890 ns, Reaching safepoint: 64296 ns, At safepoint: 7083 ns, Total: 71379 ns
[2020-02-29T04:42:58.325+0000][1][safepoint    ] Safepoint "RevokeBias", Time since last: 3497824 ns, Reaching safepoint: 42205 ns, At safepoint: 15106 ns, Total: 57311 ns
[2020-02-29T04:42:59.332+0000][1][safepoint    ] Safepoint "Cleanup", Time since last: 1006378375 ns, Reaching safepoint: 134564 ns, At safepoint: 26538 ns, Total: 161102 ns
[2020-02-29T04:43:00.333+0000][1][safepoint    ] Safepoint "Cleanup", Time since last: 1001169674 ns, Reaching safepoint: 149321 ns, At safepoint: 20664 ns, Total: 169985 ns
[2020-02-29T04:43:00.848+0000][1][safepoint    ] Safepoint "RevokeBias", Time since last: 514116989 ns, Reaching safepoint: 138352 ns, At safepoint: 89895 ns, Total: 228247 ns
[2020-02-29T04:43:01.851+0000][1][safepoint    ] Safepoint "Cleanup", Time since last: 1003222199 ns, Reaching safepoint: 90491 ns, At safepoint: 7432 ns, Total: 97923 ns
[2020-02-29T04:43:02.859+0000][1][safepoint    ] Safepoint "Cleanup", Time since last: 1007696415 ns, Reaching safepoint: 58138 ns, At safepoint: 6422 ns, Total: 64560 ns
[2020-02-29T04:43:03.380+0000][1][safepoint    ] Safepoint "RevokeBias", Time since last: 520957166 ns, Reaching safepoint: 72670 ns, At safepoint: 17657 ns, Total: 90327 ns
[2020-02-29T04:43:04.381+0000][1][safepoint    ] Safepoint "Cleanup", Time since last: 1001197596 ns, Reaching safepoint: 95626 ns, At safepoint: 7337 ns, Total: 102963 ns
[2020-02-29T04:43:05.385+0000][1][safepoint    ] Safepoint "Cleanup", Time since last: 1003779222 ns, Reaching safepoint: 58625 ns, At safepoint: 7684 ns, Total: 66309 ns
[2020-02-29T04:43:05.951+0000][1][safepoint    ] Safepoint "RevokeBias", Time since last: 566252269 ns, Reaching safepoint: 47847 ns, At safepoint: 14442 ns, Total: 62289 ns
[2020-02-29T04:43:06.953+0000][1][safepoint    ] Safepoint "Cleanup", Time since last: 1001359115 ns, Reaching safepoint: 61314 ns, At safepoint: 6515 ns, Total: 67829 ns
[2020-02-29T04:43:07.518+0000][1][safepoint    ] Safepoint "RevokeBias", Time since last: 564888386 ns, Reaching safepoint: 41427 ns, At safepoint: 17692 ns, Total: 59119 ns
[2020-02-29T04:43:08.522+0000][1][safepoint    ] Safepoint "Cleanup", Time since last: 1004649090 ns, Reaching safepoint: 98811 ns, At safepoint: 6846 ns, Total: 105657 ns
[2020-02-29T04:43:08.593+0000][1][safepoint    ] Safepoint "RevokeBias", Time since last: 70051111 ns, Reaching safepoint: 70445 ns, At safepoint: 17260 ns, Total: 87705 ns
[2020-02-29T04:43:09.597+0000][1][safepoint    ] Safepoint "Cleanup", Time since last: 1004195600 ns, Reaching safepoint: 73366 ns, At safepoint: 6948 ns, Total: 80314 ns
[2020-02-29T04:43:10.603+0000][1][safepoint    ] Safepoint "Cleanup", Time since last: 1006123315 ns, Reaching safepoint: 111087 ns, At safepoint: 7700 ns, Total: 118787 ns
[2020-02-29T04:43:11.113+0000][1][safepoint    ] Safepoint "RevokeBias", Time since last: 509637970 ns, Reaching safepoint: 64474 ns, At safepoint: 16245 ns, Total: 80719 ns
[2020-02-29T04:43:12.125+0000][1][safepoint    ] Safepoint "Cleanup", Time since last: 1012326435 ns, Reaching safepoint: 62217 ns, At safepoint: 7515 ns, Total: 69732 ns
[2020-02-29T04:43:13.178+0000][1][safepoint    ] Safepoint "Cleanup", Time since last: 1000532486 ns, Reaching safepoint: 52341607 ns, At safepoint: 12418 ns, Total: 52354025 ns
[2020-02-29T04:43:13.687+0000][1][safepoint    ] Safepoint "RevokeBias", Time since last: 509132596 ns, Reaching safepoint: 87340 ns, At safepoint: 17964 ns, Total: 105304 ns
[2020-02-29T04:43:14.697+0000][1][safepoint    ] Safepoint "Cleanup", Time since last: 1009594449 ns, Reaching safepoint: 61580 ns, At safepoint: 6850 ns, Total: 68430 ns
[2020-02-29T04:43:15.698+0000][1][safepoint    ] Safepoint "Cleanup", Time since last: 1000466849 ns, Reaching safepoint: 80752 ns, At safepoint: 7623 ns, Total: 88375 ns
[2020-02-29T04:43:16.208+0000][1][safepoint    ] Safepoint "RevokeBias", Time since last: 509966573 ns, Reaching safepoint: 71896 ns, At safepoint: 19598 ns, Total: 91494 ns
[2020-02-29T04:43:17.215+0000][1][safepoint    ] Safepoint "Cleanup", Time since last: 1007164375 ns, Reaching safepoint: 58506 ns, At safepoint: 8446 ns, Total: 66952 ns
[2020-02-29T04:43:18.221+0000][1][safepoint    ] Safepoint "Cleanup", Time since last: 1006157424 ns, Reaching safepoint: 111829 ns, At safepoint: 7493 ns, Total: 119322 ns
[2020-02-29T04:43:18.727+0000][1][safepoint    ] Safepoint "RevokeBias", Time since last: 506289117 ns, Reaching safepoint: 63470 ns, At safepoint: 18522 ns, Total: 81992 ns
[2020-02-29T04:43:19.728+0000][1][safepoint    ] Safepoint "Cleanup", Time since last: 1000452070 ns, Reaching safepoint: 58094 ns, At safepoint: 7026 ns, Total: 65120 ns
[2020-02-29T04:43:20.730+0000][1][safepoint    ] Safepoint "Cleanup", Time since last: 1002115753 ns, Reaching safepoint: 87115 ns, At safepoint: 6869 ns, Total: 93984 ns
[2020-02-29T04:43:21.246+0000][1][safepoint    ] Safepoint "RevokeBias", Time since last: 515504909 ns, Reaching safepoint: 51314 ns, At safepoint: 15386 ns, Total: 66700 ns
[2020-02-29T04:43:22.247+0000][1][safepoint    ] Safepoint "Cleanup", Time since last: 1001129534 ns, Reaching safepoint: 64307 ns, At safepoint: 7273 ns, Total: 71580 ns
[2020-02-29T04:43:23.249+0000][1][safepoint    ] Safepoint "Cleanup", Time since last: 1002000795 ns, Reaching safepoint: 208172 ns, At safepoint: 10771 ns, Total: 218943 ns
[2020-02-29T04:43:23.836+0000][1][safepoint    ] Safepoint "RevokeBias", Time since last: 576929365 ns, Reaching safepoint: 9730268 ns, At safepoint: 24702 ns, Total: 9754970 ns
[2020-02-29T04:43:24.845+0000][1][safepoint    ] Safepoint "Cleanup", Time since last: 1009187059 ns, Reaching safepoint: 123090 ns, At safepoint: 7440 ns, Total: 130530 ns
[2020-02-29T04:43:25.849+0000][1][safepoint    ] Safepoint "Cleanup", Time since last: 1003793798 ns, Reaching safepoint: 71283 ns, At safepoint: 5781 ns, Total: 77064 ns
[2020-02-29T04:43:26.353+0000][1][safepoint    ] Safepoint "RevokeBias", Time since last: 503455779 ns, Reaching safepoint: 80722 ns, At safepoint: 34729 ns, Total: 115451 ns
[2020-02-29T04:43:27.362+0000][1][safepoint    ] Safepoint "Cleanup", Time since last: 1009092495 ns, Reaching safepoint: 79818 ns, At safepoint: 7931 ns, Total: 87749 ns
[2020-02-29T04:43:28.362+0000][1][safepoint    ] Safepoint "Cleanup", Time since last: 1000114172 ns, Reaching safepoint: 79358 ns, At safepoint: 8245 ns, Total: 87603 ns
[2020-02-29T04:43:28.874+0000][1][safepoint    ] Safepoint "RevokeBias", Time since last: 511459062 ns, Reaching safepoint: 47145 ns, At safepoint: 17258 ns, Total: 64403 ns
[2020-02-29T04:43:29.880+0000][1][safepoint    ] Safepoint "Cleanup", Time since last: 1006709063 ns, Reaching safepoint: 60859 ns, At safepoint: 7389 ns, Total: 68248 ns
[2020-02-29T04:43:30.888+0000][1][safepoint    ] Safepoint "Cleanup", Time since last: 1007735862 ns, Reaching safepoint: 70379 ns, At safepoint: 6040 ns, Total: 76419 ns
[2020-02-29T04:43:31.383+0000][1][safepoint    ] Safepoint "RevokeBias", Time since last: 494644695 ns, Reaching safepoint: 66223 ns, At safepoint: 17678 ns, Total: 83901 ns
[2020-02-29T04:43:32.384+0000][1][safepoint    ] Safepoint "Cleanup", Time since last: 1000767417 ns, Reaching safepoint: 77325 ns, At safepoint: 6787 ns, Total: 84112 ns
[2020-02-29T04:43:33.386+0000][1][safepoint    ] Safepoint "Cleanup", Time since last: 1002037030 ns, Reaching safepoint: 75684 ns, At safepoint: 7140 ns, Total: 82824 ns
[2020-02-29T04:43:33.891+0000][1][safepoint    ] Safepoint "RevokeBias", Time since last: 504797333 ns, Reaching safepoint: 65399 ns, At safepoint: 17384 ns, Total: 82783 ns
[2020-02-29T04:43:34.892+0000][1][safepoint    ] Safepoint "Cleanup", Time since last: 1001588521 ns, Reaching safepoint: 89568 ns, At safepoint: 7927 ns, Total: 97495 ns
[2020-02-29T04:43:35.893+0000][1][safepoint    ] Safepoint "Cleanup", Time since last: 1000367318 ns, Reaching safepoint: 63341 ns, At safepoint: 6817 ns, Total: 70158 ns
[2020-02-29T04:43:36.430+0000][1][safepoint    ] Safepoint "RevokeBias", Time since last: 537531754 ns, Reaching safepoint: 81807 ns, At safepoint: 21297 ns, Total: 103104 ns
[2020-02-29T04:43:37.434+0000][1][safepoint    ] Safepoint "Cleanup", Time since last: 1003717150 ns, Reaching safepoint: 65910 ns, At safepoint: 7196 ns, Total: 73106 ns
[2020-02-29T04:43:38.438+0000][1][safepoint    ] Safepoint "Cleanup", Time since last: 1003729035 ns, Reaching safepoint: 93181 ns, At safepoint: 7644 ns, Total: 100825 ns
[2020-02-29T04:43:38.959+0000][1][safepoint    ] Safepoint "RevokeBias", Time since last: 515325055 ns, Reaching safepoint: 5401486 ns, At safepoint: 31425 ns, Total: 5432911 ns
[2020-02-29T04:43:39.967+0000][1][safepoint    ] Safepoint "Cleanup", Time since last: 1008042814 ns, Reaching safepoint: 61461 ns, At safepoint: 7532 ns, Total: 68993 ns
[2020-02-29T04:43:40.968+0000][1][safepoint    ] Safepoint "Cleanup", Time since last: 1000938078 ns, Reaching safepoint: 82095 ns, At safepoint: 7376 ns, Total: 89471 ns
[2020-02-29T04:43:41.465+0000][1][safepoint    ] Safepoint "RevokeBias", Time since last: 496818805 ns, Reaching safepoint: 124167 ns, At safepoint: 36243 ns, Total: 160410 ns
[2020-02-29T04:43:42.465+0000][1][safepoint    ] Safepoint "Cleanup", Time since last: 1000250687 ns, Reaching safepoint: 84104 ns, At safepoint: 8165 ns, Total: 92269 ns
[2020-02-29T04:43:43.469+0000][1][safepoint    ] Safepoint "Cleanup", Time since last: 1003688668 ns, Reaching safepoint: 61162 ns, At safepoint: 8079 ns, Total: 69241 ns
[2020-02-29T04:43:43.996+0000][1][safepoint    ] Safepoint "RevokeBias", Time since last: 527218563 ns, Reaching safepoint: 80395 ns, At safepoint: 54463 ns, Total: 134858 ns
[2020-02-29T04:43:44.997+0000][1][safepoint    ] Safepoint "Cleanup", Time since last: 1000539627 ns, Reaching safepoint: 60003 ns, At safepoint: 7106 ns, Total: 67109 ns
[2020-02-29T04:43:46.000+0000][1][safepoint    ] Safepoint "Cleanup", Time since last: 1002669361 ns, Reaching safepoint: 62159 ns, At safepoint: 6768 ns, Total: 68927 ns
[2020-02-29T04:43:46.509+0000][1][safepoint    ] Safepoint "RevokeBias", Time since last: 508861669 ns, Reaching safepoint: 43907 ns, At safepoint: 14877 ns, Total: 58784 ns
[2020-02-29T04:43:47.516+0000][1][safepoint    ] Safepoint "Cleanup", Time since last: 1007431485 ns, Reaching safepoint: 80052 ns, At safepoint: 8525 ns, Total: 88577 ns
[2020-02-29T04:43:48.521+0000][1][safepoint    ] Safepoint "Cleanup", Time since last: 1004731355 ns, Reaching safepoint: 65787 ns, At safepoint: 6972 ns, Total: 72759 ns
[2020-02-29T04:43:49.078+0000][1][safepoint    ] Safepoint "RevokeBias", Time since last: 556393455 ns, Reaching safepoint: 76402 ns, At safepoint: 19452 ns, Total: 95854 ns
[2020-02-29T04:43:50.084+0000][1][safepoint    ] Safepoint "Cleanup", Time since last: 1006225555 ns, Reaching safepoint: 78961 ns, At safepoint: 7454 ns, Total: 86415 ns
[2020-02-29T04:43:51.088+0000][1][safepoint    ] Safepoint "Cleanup", Time since last: 1004089289 ns, Reaching safepoint: 80016 ns, At safepoint: 7307 ns, Total: 87323 ns
[2020-02-29T04:43:51.607+0000][1][safepoint    ] Safepoint "RevokeBias", Time since last: 518885760 ns, Reaching safepoint: 68694 ns, At safepoint: 21033 ns, Total: 89727 ns
[2020-02-29T04:43:52.608+0000][1][safepoint    ] Safepoint "Cleanup", Time since last: 1000785317 ns, Reaching safepoint: 60791 ns, At safepoint: 6755 ns, Total: 67546 ns
[2020-02-29T04:43:53.614+0000][1][safepoint    ] Safepoint "Cleanup", Time since last: 1006155916 ns, Reaching safepoint: 77747 ns, At safepoint: 7002 ns, Total: 84749 ns
[2020-02-29T04:43:54.250+0000][1][safepoint    ] Safepoint "RevokeBias", Time since last: 635371975 ns, Reaching safepoint: 70160 ns, At safepoint: 18625 ns, Total: 88785 ns
[2020-02-29T04:43:55.250+0000][1][safepoint    ] Safepoint "Cleanup", Time since last: 1000513717 ns, Reaching safepoint: 79923 ns, At safepoint: 9106 ns, Total: 89029 ns
[2020-02-29T04:43:56.251+0000][1][safepoint    ] Safepoint "Cleanup", Time since last: 1000694824 ns, Reaching safepoint: 75823 ns, At safepoint: 6657 ns, Total: 82480 ns
[2020-02-29T04:43:56.765+0000][1][safepoint    ] Safepoint "RevokeBias", Time since last: 513571795 ns, Reaching safepoint: 62312 ns, At safepoint: 15755 ns, Total: 78067 ns
[2020-02-29T04:43:57.767+0000][1][safepoint    ] Safepoint "Cleanup", Time since last: 1002054072 ns, Reaching safepoint: 61955 ns, At safepoint: 7606 ns, Total: 69561 ns
[2020-02-29T04:43:58.775+0000][1][safepoint    ] Safepoint "Cleanup", Time since last: 1008742595 ns, Reaching safepoint: 60736 ns, At safepoint: 7206 ns, Total: 67942 ns
[2020-02-29T04:43:59.286+0000][1][safepoint    ] Safepoint "BulkRevokeBias", Time since last: 510745623 ns, Reaching safepoint: 46875 ns, At safepoint: 128562 ns, Total: 175437 ns
[2020-02-29T04:44:00.290+0000][1][safepoint    ] Safepoint "Cleanup", Time since last: 1003280573 ns, Reaching safepoint: 150658 ns, At safepoint: 8174 ns, Total: 158832 ns
[2020-02-29T04:44:01.296+0000][1][safepoint    ] Safepoint "Cleanup", Time since last: 1005839917 ns, Reaching safepoint: 75577 ns, At safepoint: 7252 ns, Total: 82829 ns
[2020-02-29T04:44:01.810+0000][1][safepoint    ] Safepoint "RevokeBias", Time since last: 514034428 ns, Reaching safepoint: 90664 ns, At safepoint: 19645 ns, Total: 110309 ns
[2020-02-29T04:44:02.818+0000][1][safepoint    ] Safepoint "Cleanup", Time since last: 1007813405 ns, Reaching safepoint: 60993 ns, At safepoint: 7871 ns, Total: 68864 ns
[2020-02-29T04:44:03.823+0000][1][safepoint    ] Safepoint "Cleanup", Time since last: 1005005559 ns, Reaching safepoint: 77206 ns, At safepoint: 6795 ns, Total: 84001 ns
[2020-02-29T04:44:04.332+0000][1][safepoint    ] Safepoint "RevokeBias", Time since last: 509253437 ns, Reaching safepoint: 183409 ns, At safepoint: 18941 ns, Total: 202350 ns
[2020-02-29T04:44:05.333+0000][1][safepoint    ] Safepoint "Cleanup", Time since last: 1000676192 ns, Reaching safepoint: 167003 ns, At safepoint: 23187 ns, Total: 190190 ns
[2020-02-29T04:44:06.336+0000][1][safepoint    ] Safepoint "Cleanup", Time since last: 1002509281 ns, Reaching safepoint: 58839 ns, At safepoint: 6413 ns, Total: 65252 ns
[2020-02-29T04:44:06.854+0000][1][safepoint    ] Safepoint "RevokeBias", Time since last: 517972420 ns, Reaching safepoint: 67158 ns, At safepoint: 18421 ns, Total: 85579 ns
[2020-02-29T04:44:07.864+0000][1][safepoint    ] Safepoint "Cleanup", Time since last: 1010038655 ns, Reaching safepoint: 117276 ns, At safepoint: 26036 ns, Total: 143312 ns
[2020-02-29T04:44:08.865+0000][1][safepoint    ] Safepoint "Cleanup", Time since last: 1000653221 ns, Reaching safepoint: 97981 ns, At safepoint: 8393 ns, Total: 106374 ns
[2020-02-29T04:44:09.382+0000][1][safepoint    ] Safepoint "RevokeBias", Time since last: 516785975 ns, Reaching safepoint: 79384 ns, At safepoint: 19599 ns, Total: 98983 ns
[2020-02-29T04:44:10.386+0000][1][safepoint    ] Safepoint "Cleanup", Time since last: 1004467955 ns, Reaching safepoint: 84450 ns, At safepoint: 6785 ns, Total: 91235 ns
[2020-02-29T04:44:11.388+0000][1][safepoint    ] Safepoint "Cleanup", Time since last: 1002002759 ns, Reaching safepoint: 79424 ns, At safepoint: 7691 ns, Total: 87115 ns
[2020-02-29T04:44:11.897+0000][1][safepoint    ] Safepoint "RevokeBias", Time since last: 508612609 ns, Reaching safepoint: 53009 ns, At safepoint: 16660 ns, Total: 69669 ns
[2020-02-29T04:44:12.899+0000][1][safepoint    ] Safepoint "Cleanup", Time since last: 1001855946 ns, Reaching safepoint: 80841 ns, At safepoint: 8154 ns, Total: 88995 ns
[2020-02-29T04:44:13.906+0000][1][safepoint    ] Safepoint "Cleanup", Time since last: 1007096952 ns, Reaching safepoint: 81797 ns, At safepoint: 6666 ns, Total: 88463 ns
[2020-02-29T04:44:14.421+0000][1][safepoint    ] Safepoint "RevokeBias", Time since last: 515004712 ns, Reaching safepoint: 67788 ns, At safepoint: 45860 ns, Total: 113648 ns
[2020-02-29T04:44:15.424+0000][1][safepoint    ] Safepoint "Cleanup", Time since last: 1001785850 ns, Reaching safepoint: 582759 ns, At safepoint: 9435 ns, Total: 592194 ns
[2020-02-29T04:44:16.431+0000][1][safepoint    ] Safepoint "Cleanup", Time since last: 1007719122 ns, Reaching safepoint: 104664 ns, At safepoint: 9646 ns, Total: 114310 ns
[2020-02-29T04:44:16.937+0000][1][safepoint    ] Safepoint "RevokeBias", Time since last: 505331485 ns, Reaching safepoint: 75541 ns, At safepoint: 17837 ns, Total: 93378 ns
[2020-02-29T04:44:17.170+0000][1][gc,start     ] GC(30) Pause Young (Allocation Failure)
[2020-02-29T04:44:17.170+0000][1][gc,task      ] GC(30) Using 1 workers of 1 for evacuation
[2020-02-29T04:44:17.295+0000][1][gc,age       ] GC(30) Desired survivor size 4358144 bytes, new threshold 3 (max threshold 6)
[2020-02-29T04:44:17.295+0000][1][gc,age       ] GC(30) Age table with threshold 3 (max threshold 6)
[2020-02-29T04:44:17.295+0000][1][gc,age       ] GC(30) - age   1:     312144 bytes,     312144 total
[2020-02-29T04:44:17.295+0000][1][gc,age       ] GC(30) - age   2:    1787920 bytes,    2100064 total
[2020-02-29T04:44:17.295+0000][1][gc,age       ] GC(30) - age   3:    2377744 bytes,    4477808 total
[2020-02-29T04:44:17.295+0000][1][gc,heap      ] GC(30) ParNew: 74115K->4645K(76672K)
[2020-02-29T04:44:17.295+0000][1][gc,heap      ] GC(30) CMS: 57974K->57974K(963392K)
[2020-02-29T04:44:17.295+0000][1][gc,metaspace ] GC(30) Metaspace: 77921K->77921K(1120256K)
[2020-02-29T04:44:17.295+0000][1][gc           ] GC(30) Pause Young (Allocation Failure) 128M->61M(1015M) 125.500ms
[2020-02-29T04:44:17.295+0000][1][gc,cpu       ] GC(30) User=0.03s Sys=0.00s Real=0.13s
[2020-02-29T04:44:17.295+0000][1][safepoint    ] Safepoint "GenCollectForAllocation", Time since last: 232703130 ns, Reaching safepoint: 74056 ns, At safepoint: 125559399 ns, Total: 125633455 ns
[2020-02-29T04:44:18.296+0000][1][safepoint    ] Safepoint "Cleanup", Time since last: 1000368999 ns, Reaching safepoint: 77743 ns, At safepoint: 5942 ns, Total: 83685 ns
[2020-02-29T04:44:19.297+0000][1][safepoint    ] Safepoint "Cleanup", Time since last: 1001055355 ns, Reaching safepoint: 58388 ns, At safepoint: 5943 ns, Total: 64331 ns
[2020-02-29T04:44:19.452+0000][1][safepoint    ] Safepoint "RevokeBias", Time since last: 154997407 ns, Reaching safepoint: 52227 ns, At safepoint: 75999 ns, Total: 128226 ns
[2020-02-29T04:44:20.457+0000][1][safepoint    ] Safepoint "Cleanup", Time since last: 1005056138 ns, Reaching safepoint: 75167 ns, At safepoint: 6161 ns, Total: 81328 ns
[2020-02-29T04:44:21.467+0000][1][safepoint    ] Safepoint "Cleanup", Time since last: 1010056696 ns, Reaching safepoint: 73545 ns, At safepoint: 5781 ns, Total: 79326 ns
[2020-02-29T04:44:21.977+0000][1][safepoint    ] Safepoint "RevokeBias", Time since last: 509273206 ns, Reaching safepoint: 45779 ns, At safepoint: 14742 ns, Total: 60521 ns
[2020-02-29T04:44:22.977+0000][1][safepoint    ] Safepoint "Cleanup", Time since last: 1000389741 ns, Reaching safepoint: 95806 ns, At safepoint: 7683 ns, Total: 103489 ns
[2020-02-29T04:44:23.977+0000][1][safepoint    ] Safepoint "Cleanup", Time since last: 1000266116 ns, Reaching safepoint: 81655 ns, At safepoint: 7612 ns, Total: 89267 ns
[2020-02-29T04:44:24.526+0000][1][safepoint    ] Safepoint "RevokeBias", Time since last: 548826125 ns, Reaching safepoint: 56934 ns, At safepoint: 16761 ns, Total: 73695 ns
[2020-02-29T04:44:25.527+0000][1][safepoint    ] Safepoint "Cleanup", Time since last: 1000585483 ns, Reaching safepoint: 81134 ns, At safepoint: 7093 ns, Total: 88227 ns
[2020-02-29T04:44:26.527+0000][1][safepoint    ] Safepoint "Cleanup", Time since last: 1000170021 ns, Reaching safepoint: 80917 ns, At safepoint: 7339 ns, Total: 88256 ns
[2020-02-29T04:44:27.046+0000][1][safepoint    ] Safepoint "RevokeBias", Time since last: 518337710 ns, Reaching safepoint: 48422 ns, At safepoint: 15273 ns, Total: 63695 ns
[2020-02-29T04:44:28.047+0000][1][safepoint    ] Safepoint "Cleanup", Time since last: 1001472276 ns, Reaching safepoint: 80615 ns, At safepoint: 7225 ns, Total: 87840 ns
[2020-02-29T04:44:29.052+0000][1][safepoint    ] Safepoint "Cleanup", Time since last: 1005094814 ns, Reaching safepoint: 168963 ns, At safepoint: 29540 ns, Total: 198503 ns
[2020-02-29T04:44:29.559+0000][1][safepoint    ] Safepoint "RevokeBias", Time since last: 506047899 ns, Reaching safepoint: 66288 ns, At safepoint: 50371 ns, Total: 116659 ns
[2020-02-29T04:44:30.562+0000][1][safepoint    ] Safepoint "Cleanup", Time since last: 1003521230 ns, Reaching safepoint: 61970 ns, At safepoint: 7151 ns, Total: 69121 ns
[2020-02-29T04:44:31.567+0000][1][safepoint    ] Safepoint "Cleanup", Time since last: 1004479702 ns, Reaching safepoint: 96719 ns, At safepoint: 19786 ns, Total: 116505 ns
[2020-02-29T04:44:32.074+0000][1][safepoint    ] Safepoint "RevokeBias", Time since last: 507386390 ns, Reaching safepoint: 128740 ns, At safepoint: 22359 ns, Total: 151099 ns
[2020-02-29T04:44:33.075+0000][1][safepoint    ] Safepoint "Cleanup", Time since last: 1000695561 ns, Reaching safepoint: 77593 ns, At safepoint: 6872 ns, Total: 84465 ns
[2020-02-29T04:44:34.075+0000][1][safepoint    ] Safepoint "Cleanup", Time since last: 1000186665 ns, Reaching safepoint: 91161 ns, At safepoint: 9138 ns, Total: 100299 ns
[2020-02-29T04:44:34.604+0000][1][safepoint    ] Safepoint "RevokeBias", Time since last: 528820057 ns, Reaching safepoint: 48511 ns, At safepoint: 15457 ns, Total: 63968 ns
[2020-02-29T04:44:35.609+0000][1][safepoint    ] Safepoint "Cleanup", Time since last: 1004316701 ns, Reaching safepoint: 82418 ns, At safepoint: 6757 ns, Total: 89175 ns
[2020-02-29T04:44:36.615+0000][1][safepoint    ] Safepoint "Cleanup", Time since last: 1006381395 ns, Reaching safepoint: 62192 ns, At safepoint: 8092 ns, Total: 70284 ns
[2020-02-29T04:44:37.122+0000][1][safepoint    ] Safepoint "RevokeBias", Time since last: 506296182 ns, Reaching safepoint: 72413 ns, At safepoint: 16588 ns, Total: 89001 ns
[2020-02-29T04:44:38.131+0000][1][safepoint    ] Safepoint "Cleanup", Time since last: 1009481086 ns, Reaching safepoint: 69768 ns, At safepoint: 7743 ns, Total: 77511 ns
[2020-02-29T04:44:39.134+0000][1][safepoint    ] Safepoint "Cleanup", Time since last: 1003220829 ns, Reaching safepoint: 60956 ns, At safepoint: 7467 ns, Total: 68423 ns
[2020-02-29T04:44:39.644+0000][1][safepoint    ] Safepoint "RevokeBias", Time since last: 509632749 ns, Reaching safepoint: 53679 ns, At safepoint: 15507 ns, Total: 69186 ns
[2020-02-29T04:44:40.650+0000][1][safepoint    ] Safepoint "Cleanup", Time since last: 1006076300 ns, Reaching safepoint: 83936 ns, At safepoint: 7200 ns, Total: 91136 ns
[2020-02-29T04:44:41.651+0000][1][safepoint    ] Safepoint "Cleanup", Time since last: 1000553498 ns, Reaching safepoint: 83811 ns, At safepoint: 7977 ns, Total: 91788 ns
[2020-02-29T04:44:42.405+0000][1][safepoint    ] Safepoint "RevokeBias", Time since last: 753955804 ns, Reaching safepoint: 72867 ns, At safepoint: 87288 ns, Total: 160155 ns
[2020-02-29T04:44:43.410+0000][1][safepoint    ] Safepoint "Cleanup", Time since last: 1004880895 ns, Reaching safepoint: 90403 ns, At safepoint: 22561 ns, Total: 112964 ns
[2020-02-29T04:44:44.412+0000][1][safepoint    ] Safepoint "Cleanup", Time since last: 1002012081 ns, Reaching safepoint: 67870 ns, At safepoint: 6947 ns, Total: 74817 ns
[2020-02-29T04:44:44.924+0000][1][safepoint    ] Safepoint "RevokeBias", Time since last: 512195990 ns, Reaching safepoint: 50578 ns, At safepoint: 15746 ns, Total: 66324 ns
[2020-02-29T04:44:45.925+0000][1][safepoint    ] Safepoint "Cleanup", Time since last: 1000603235 ns, Reaching safepoint: 166818 ns, At safepoint: 8587 ns, Total: 175405 ns
[2020-02-29T04:44:46.930+0000][1][safepoint    ] Safepoint "Cleanup", Time since last: 1004915414 ns, Reaching safepoint: 63590 ns, At safepoint: 7315 ns, Total: 70905 ns
[2020-02-29T04:44:47.437+0000][1][safepoint    ] Safepoint "RevokeBias", Time since last: 506697959 ns, Reaching safepoint: 54609 ns, At safepoint: 15979 ns, Total: 70588 ns
[2020-02-29T04:44:48.444+0000][1][safepoint    ] Safepoint "Cleanup", Time since last: 1006679337 ns, Reaching safepoint: 62791 ns, At safepoint: 7648 ns, Total: 70439 ns
[2020-02-29T04:44:49.449+0000][1][safepoint    ] Safepoint "Cleanup", Time since last: 1005320292 ns, Reaching safepoint: 78954 ns, At safepoint: 9723 ns, Total: 88677 ns
[2020-02-29T04:44:49.951+0000][1][safepoint    ] Safepoint "RevokeBias", Time since last: 501767355 ns, Reaching safepoint: 46536 ns, At safepoint: 14952 ns, Total: 61488 ns
[2020-02-29T04:44:50.952+0000][1][safepoint    ] Safepoint "Cleanup", Time since last: 1000837068 ns, Reaching safepoint: 98078 ns, At safepoint: 9698 ns, Total: 107776 ns
[2020-02-29T04:44:51.953+0000][1][safepoint    ] Safepoint "Cleanup", Time since last: 1001150091 ns, Reaching safepoint: 61751 ns, At safepoint: 6975 ns, Total: 68726 ns
[2020-02-29T04:44:52.471+0000][1][safepoint    ] Safepoint "RevokeBias", Time since last: 517610768 ns, Reaching safepoint: 48935 ns, At safepoint: 15481 ns, Total: 64416 ns
[2020-02-29T04:44:53.477+0000][1][safepoint    ] Safepoint "Cleanup", Time since last: 1006283163 ns, Reaching safepoint: 68605 ns, At safepoint: 7115 ns, Total: 75720 ns
[2020-02-29T04:44:54.480+0000][1][safepoint    ] Safepoint "Cleanup", Time since last: 1002701415 ns, Reaching safepoint: 70621 ns, At safepoint: 6474 ns, Total: 77095 ns
[2020-02-29T04:44:54.988+0000][1][safepoint    ] Safepoint "RevokeBias", Time since last: 507790649 ns, Reaching safepoint: 83775 ns, At safepoint: 15791 ns, Total: 99566 ns
[2020-02-29T04:44:55.993+0000][1][safepoint    ] Safepoint "Cleanup", Time since last: 1004913551 ns, Reaching safepoint: 65362 ns, At safepoint: 7696 ns, Total: 73058 ns
[2020-02-29T04:44:56.994+0000][1][safepoint    ] Safepoint "Cleanup", Time since last: 1001052468 ns, Reaching safepoint: 67477 ns, At safepoint: 7600 ns, Total: 75077 ns
[2020-02-29T04:44:57.499+0000][1][safepoint    ] Safepoint "RevokeBias", Time since last: 504765191 ns, Reaching safepoint: 74635 ns, At safepoint: 17149 ns, Total: 91784 ns
[2020-02-29T04:44:58.506+0000][1][safepoint    ] Safepoint "Cleanup", Time since last: 1007134179 ns, Reaching safepoint: 79801 ns, At safepoint: 7007 ns, Total: 86808 ns
[2020-02-29T04:44:59.507+0000][1][safepoint    ] Safepoint "Cleanup", Time since last: 1001207466 ns, Reaching safepoint: 62701 ns, At safepoint: 6608 ns, Total: 69309 ns
[2020-02-29T04:45:00.021+0000][1][safepoint    ] Safepoint "RevokeBias", Time since last: 513276183 ns, Reaching safepoint: 72368 ns, At safepoint: 53292 ns, Total: 125660 ns
[2020-02-29T04:45:01.021+0000][1][safepoint    ] Safepoint "Cleanup", Time since last: 1000671886 ns, Reaching safepoint: 82902 ns, At safepoint: 7534 ns, Total: 90436 ns
[2020-02-29T04:45:02.022+0000][1][safepoint    ] Safepoint "Cleanup", Time since last: 1000144614 ns, Reaching safepoint: 85432 ns, At safepoint: 8770 ns, Total: 94202 ns
[2020-02-29T04:45:02.551+0000][1][safepoint    ] Safepoint "RevokeBias", Time since last: 529470188 ns, Reaching safepoint: 58009 ns, At safepoint: 19060 ns, Total: 77069 ns
[2020-02-29T04:45:03.552+0000][1][safepoint    ] Safepoint "Cleanup", Time since last: 1000803848 ns, Reaching safepoint: 146511 ns, At safepoint: 11034 ns, Total: 157545 ns
[2020-02-29T04:45:04.553+0000][1][safepoint    ] Safepoint "Cleanup", Time since last: 1000402926 ns, Reaching safepoint: 194217 ns, At safepoint: 9149 ns, Total: 203366 ns
[2020-02-29T04:45:05.083+0000][1][safepoint    ] Safepoint "RevokeBias", Time since last: 530080355 ns, Reaching safepoint: 67897 ns, At safepoint: 17354 ns, Total: 85251 ns
[2020-02-29T04:45:06.087+0000][1][safepoint    ] Safepoint "Cleanup", Time since last: 1003987566 ns, Reaching safepoint: 81651 ns, At safepoint: 7819 ns, Total: 89470 ns
[2020-02-29T04:45:07.088+0000][1][safepoint    ] Safepoint "Cleanup", Time since last: 1001262003 ns, Reaching safepoint: 113435 ns, At safepoint: 8630 ns, Total: 122065 ns
[2020-02-29T04:45:07.608+0000][1][safepoint    ] Safepoint "RevokeBias", Time since last: 519982825 ns, Reaching safepoint: 61294 ns, At safepoint: 19268 ns, Total: 80562 ns
[2020-02-29T04:45:08.613+0000][1][safepoint    ] Safepoint "Cleanup", Time since last: 1004569266 ns, Reaching safepoint: 111483 ns, At safepoint: 7719 ns, Total: 119202 ns
[2020-02-29T04:45:09.620+0000][1][safepoint    ] Safepoint "Cleanup", Time since last: 1006769379 ns, Reaching safepoint: 56974 ns, At safepoint: 6089 ns, Total: 63063 ns
[2020-02-29T04:45:10.149+0000][1][safepoint    ] Safepoint "RevokeBias", Time since last: 529175239 ns, Reaching safepoint: 71835 ns, At safepoint: 17004 ns, Total: 88839 ns
[2020-02-29T04:45:11.154+0000][1][safepoint    ] Safepoint "Cleanup", Time since last: 1004796219 ns, Reaching safepoint: 134779 ns, At safepoint: 6557 ns, Total: 141336 ns
[2020-02-29T04:45:12.158+0000][1][safepoint    ] Safepoint "Cleanup", Time since last: 1004059843 ns, Reaching safepoint: 67470 ns, At safepoint: 7727 ns, Total: 75197 ns
[2020-02-29T04:45:12.663+0000][1][safepoint    ] Safepoint "BulkRevokeBias", Time since last: 504859270 ns, Reaching safepoint: 71980 ns, At safepoint: 247475 ns, Total: 319455 ns
[2020-02-29T04:45:13.667+0000][1][safepoint    ] Safepoint "Cleanup", Time since last: 1003521866 ns, Reaching safepoint: 67704 ns, At safepoint: 7343 ns, Total: 75047 ns
[2020-02-29T04:45:14.672+0000][1][safepoint    ] Safepoint "Cleanup", Time since last: 1005177812 ns, Reaching safepoint: 79441 ns, At safepoint: 6784 ns, Total: 86225 ns
[2020-02-29T04:45:15.183+0000][1][safepoint    ] Safepoint "RevokeBias", Time since last: 510950458 ns, Reaching safepoint: 74400 ns, At safepoint: 16315 ns, Total: 90715 ns
[2020-02-29T04:45:16.184+0000][1][safepoint    ] Safepoint "Cleanup", Time since last: 1000250700 ns, Reaching safepoint: 96497 ns, At safepoint: 6963 ns, Total: 103460 ns
[2020-02-29T04:45:17.186+0000][1][safepoint    ] Safepoint "Cleanup", Time since last: 1002297933 ns, Reaching safepoint: 81947 ns, At safepoint: 7382 ns, Total: 89329 ns
[2020-02-29T04:45:17.712+0000][1][safepoint    ] Safepoint "RevokeBias", Time since last: 525413606 ns, Reaching safepoint: 48686 ns, At safepoint: 16082 ns, Total: 64768 ns
[2020-02-29T04:45:18.720+0000][1][safepoint    ] Safepoint "Cleanup", Time since last: 1008351011 ns, Reaching safepoint: 149123 ns, At safepoint: 7587 ns, Total: 156710 ns
[2020-02-29T04:45:19.725+0000][1][safepoint    ] Safepoint "Cleanup", Time since last: 1005284541 ns, Reaching safepoint: 58057 ns, At safepoint: 6224 ns, Total: 64281 ns
[2020-02-29T04:45:20.232+0000][1][safepoint    ] Safepoint "RevokeBias", Time since last: 506712563 ns, Reaching safepoint: 128397 ns, At safepoint: 17676 ns, Total: 146073 ns
[2020-02-29T04:45:21.237+0000][1][safepoint    ] Safepoint "Cleanup", Time since last: 1004732030 ns, Reaching safepoint: 102345 ns, At safepoint: 8297 ns, Total: 110642 ns
[2020-02-29T04:45:22.241+0000][1][safepoint    ] Safepoint "Cleanup", Time since last: 1003996985 ns, Reaching safepoint: 59409 ns, At safepoint: 5993 ns, Total: 65402 ns
[2020-02-29T04:45:22.750+0000][1][safepoint    ] Safepoint "RevokeBias", Time since last: 508288385 ns, Reaching safepoint: 71960 ns, At safepoint: 17339 ns, Total: 89299 ns
[2020-02-29T04:45:23.750+0000][1][safepoint    ] Safepoint "Cleanup", Time since last: 1000218926 ns, Reaching safepoint: 89965 ns, At safepoint: 10016 ns, Total: 99981 ns
[2020-02-29T04:45:24.750+0000][1][safepoint    ] Safepoint "Cleanup", Time since last: 1000447794 ns, Reaching safepoint: 83534 ns, At safepoint: 8801 ns, Total: 92335 ns
[2020-02-29T04:45:25.275+0000][1][safepoint    ] Safepoint "RevokeBias", Time since last: 524447471 ns, Reaching safepoint: 75000 ns, At safepoint: 17722 ns, Total: 92722 ns
[2020-02-29T04:45:26.276+0000][1][safepoint    ] Safepoint "Cleanup", Time since last: 1001319458 ns, Reaching safepoint: 78458 ns, At safepoint: 7097 ns, Total: 85555 ns
[2020-02-29T04:45:27.280+0000][1][safepoint    ] Safepoint "Cleanup", Time since last: 1003438638 ns, Reaching safepoint: 76996 ns, At safepoint: 7551 ns, Total: 84547 ns
[2020-02-29T04:45:27.789+0000][1][safepoint    ] Safepoint "RevokeBias", Time since last: 509020005 ns, Reaching safepoint: 53860 ns, At safepoint: 16103 ns, Total: 69963 ns
[2020-02-29T04:45:28.797+0000][1][safepoint    ] Safepoint "Cleanup", Time since last: 1008250326 ns, Reaching safepoint: 60548 ns, At safepoint: 7032 ns, Total: 67580 ns
[2020-02-29T04:45:29.798+0000][1][safepoint    ] Safepoint "Cleanup", Time since last: 1000295638 ns, Reaching safepoint: 78891 ns, At safepoint: 7112 ns, Total: 86003 ns
[2020-02-29T04:45:30.310+0000][1][safepoint    ] Safepoint "RevokeBias", Time since last: 512254046 ns, Reaching safepoint: 103428 ns, At safepoint: 18095 ns, Total: 121523 ns
[2020-02-29T04:45:31.311+0000][1][safepoint    ] Safepoint "Cleanup", Time since last: 1000324418 ns, Reaching safepoint: 94328 ns, At safepoint: 7798 ns, Total: 102126 ns
[2020-02-29T04:45:32.318+0000][1][safepoint    ] Safepoint "Cleanup", Time since last: 1007436245 ns, Reaching safepoint: 177054 ns, At safepoint: 25812 ns, Total: 202866 ns
[2020-02-29T04:45:32.839+0000][1][safepoint    ] Safepoint "RevokeBias", Time since last: 521119236 ns, Reaching safepoint: 70805 ns, At safepoint: 17395 ns, Total: 88200 ns
[2020-02-29T04:45:33.840+0000][1][safepoint    ] Safepoint "Cleanup", Time since last: 1000301195 ns, Reaching safepoint: 96773 ns, At safepoint: 7217 ns, Total: 103990 ns
[2020-02-29T04:45:34.840+0000][1][safepoint    ] Safepoint "Cleanup", Time since last: 1000258518 ns, Reaching safepoint: 165319 ns, At safepoint: 8782 ns, Total: 174101 ns
[2020-02-29T04:45:35.365+0000][1][safepoint    ] Safepoint "RevokeBias", Time since last: 524713059 ns, Reaching safepoint: 159201 ns, At safepoint: 35086 ns, Total: 194287 ns
[2020-02-29T04:45:36.368+0000][1][safepoint    ] Safepoint "Cleanup", Time since last: 1003153814 ns, Reaching safepoint: 65560 ns, At safepoint: 7739 ns, Total: 73299 ns
[2020-02-29T04:45:37.369+0000][1][safepoint    ] Safepoint "Cleanup", Time since last: 1000621810 ns, Reaching safepoint: 109096 ns, At safepoint: 7144 ns, Total: 116240 ns
[2020-02-29T04:45:37.893+0000][1][safepoint    ] Safepoint "RevokeBias", Time since last: 523766195 ns, Reaching safepoint: 54920 ns, At safepoint: 15896 ns, Total: 70816 ns
[2020-02-29T04:45:38.902+0000][1][safepoint    ] Safepoint "Cleanup", Time since last: 1008739305 ns, Reaching safepoint: 64709 ns, At safepoint: 7933 ns, Total: 72642 ns
[2020-02-29T04:45:39.912+0000][1][safepoint    ] Safepoint "Cleanup", Time since last: 1010055348 ns, Reaching safepoint: 55843 ns, At safepoint: 5709 ns, Total: 61552 ns
[2020-02-29T04:45:40.418+0000][1][safepoint    ] Safepoint "RevokeBias", Time since last: 505528827 ns, Reaching safepoint: 146938 ns, At safepoint: 16023 ns, Total: 162961 ns
[2020-02-29T04:45:41.419+0000][1][safepoint    ] Safepoint "Cleanup", Time since last: 1001398343 ns, Reaching safepoint: 83627 ns, At safepoint: 8281 ns, Total: 91908 ns
[2020-02-29T04:45:42.425+0000][1][safepoint    ] Safepoint "Cleanup", Time since last: 1005929104 ns, Reaching safepoint: 117776 ns, At safepoint: 37325 ns, Total: 155101 ns
[2020-02-29T04:45:42.935+0000][1][safepoint    ] Safepoint "RevokeBias", Time since last: 509689428 ns, Reaching safepoint: 70290 ns, At safepoint: 17809 ns, Total: 88099 ns
[2020-02-29T04:45:43.950+0000][1][safepoint    ] Safepoint "Cleanup", Time since last: 1015215919 ns, Reaching safepoint: 89384 ns, At safepoint: 7984 ns, Total: 97368 ns
[2020-02-29T04:45:44.955+0000][1][safepoint    ] Safepoint "Cleanup", Time since last: 1004592214 ns, Reaching safepoint: 79736 ns, At safepoint: 7208 ns, Total: 86944 ns
[2020-02-29T04:45:45.446+0000][1][safepoint    ] Safepoint "RevokeBias", Time since last: 491259630 ns, Reaching safepoint: 53152 ns, At safepoint: 16787 ns, Total: 69939 ns
[2020-02-29T04:45:46.447+0000][1][safepoint    ] Safepoint "Cleanup", Time since last: 1000706397 ns, Reaching safepoint: 66642 ns, At safepoint: 6977 ns, Total: 73619 ns
[2020-02-29T04:45:47.449+0000][1][safepoint    ] Safepoint "Cleanup", Time since last: 1001862882 ns, Reaching safepoint: 68400 ns, At safepoint: 7824 ns, Total: 76224 ns
[2020-02-29T04:45:47.955+0000][1][safepoint    ] Safepoint "RevokeBias", Time since last: 505837066 ns, Reaching safepoint: 71309 ns, At safepoint: 18504 ns, Total: 89813 ns
[2020-02-29T04:45:48.955+0000][1][safepoint    ] Safepoint "Cleanup", Time since last: 1000186477 ns, Reaching safepoint: 90734 ns, At safepoint: 8897 ns, Total: 99631 ns
[2020-02-29T04:45:49.956+0000][1][safepoint    ] Safepoint "Cleanup", Time since last: 1000452990 ns, Reaching safepoint: 81898 ns, At safepoint: 7524 ns, Total: 89422 ns
[2020-02-29T04:45:50.469+0000][1][safepoint    ] Safepoint "RevokeBias", Time since last: 513163002 ns, Reaching safepoint: 48586 ns, At safepoint: 16532 ns, Total: 65118 ns
[2020-02-29T04:45:51.475+0000][1][safepoint    ] Safepoint "Cleanup", Time since last: 1006239703 ns, Reaching safepoint: 84635 ns, At safepoint: 5106 ns, Total: 89741 ns
[2020-02-29T04:45:52.477+0000][1][safepoint    ] Safepoint "Cleanup", Time since last: 1001804045 ns, Reaching safepoint: 76668 ns, At safepoint: 5820 ns, Total: 82488 ns
[2020-02-29T04:45:52.996+0000][1][safepoint    ] Safepoint "RevokeBias", Time since last: 518889156 ns, Reaching safepoint: 50075 ns, At safepoint: 15981 ns, Total: 66056 ns
[2020-02-29T04:45:54.001+0000][1][safepoint    ] Safepoint "Cleanup", Time since last: 1004776149 ns, Reaching safepoint: 60469 ns, At safepoint: 6582 ns, Total: 67051 ns
[2020-02-29T04:45:55.002+0000][1][safepoint    ] Safepoint "Cleanup", Time since last: 1001152993 ns, Reaching safepoint: 93750 ns, At safepoint: 5543 ns, Total: 99293 ns
[2020-02-29T04:45:55.515+0000][1][safepoint    ] Safepoint "RevokeBias", Time since last: 512176490 ns, Reaching safepoint: 127360 ns, At safepoint: 53281 ns, Total: 180641 ns
[2020-02-29T04:45:56.515+0000][1][safepoint    ] Safepoint "Cleanup", Time since last: 1000639902 ns, Reaching safepoint: 81737 ns, At safepoint: 7959 ns, Total: 89696 ns
[2020-02-29T04:45:57.516+0000][1][safepoint    ] Safepoint "Cleanup", Time since last: 1000778716 ns, Reaching safepoint: 106954 ns, At safepoint: 6712 ns, Total: 113666 ns
[2020-02-29T04:45:58.030+0000][1][safepoint    ] Safepoint "RevokeBias", Time since last: 513827138 ns, Reaching safepoint: 130367 ns, At safepoint: 16972 ns, Total: 147339 ns
[2020-02-29T04:45:59.032+0000][1][safepoint    ] Safepoint "Cleanup", Time since last: 1001906192 ns, Reaching safepoint: 66816 ns, At safepoint: 7241 ns, Total: 74057 ns
[2020-02-29T04:46:00.038+0000][1][safepoint    ] Safepoint "Cleanup", Time since last: 1005631575 ns, Reaching safepoint: 97380 ns, At safepoint: 7260 ns, Total: 104640 ns
[2020-02-29T04:46:00.556+0000][1][safepoint    ] Safepoint "RevokeBias", Time since last: 518203639 ns, Reaching safepoint: 48310 ns, At safepoint: 14949 ns, Total: 63259 ns
[2020-02-29T04:46:01.557+0000][1][safepoint    ] Safepoint "Cleanup", Time since last: 1000903976 ns, Reaching safepoint: 80755 ns, At safepoint: 7432 ns, Total: 88187 ns
[2020-02-29T04:46:02.558+0000][1][safepoint    ] Safepoint "Cleanup", Time since last: 1000580587 ns, Reaching safepoint: 80438 ns, At safepoint: 7478 ns, Total: 87916 ns
[2020-02-29T04:46:03.072+0000][1][safepoint    ] Safepoint "RevokeBias", Time since last: 514575517 ns, Reaching safepoint: 52412 ns, At safepoint: 15851 ns, Total: 68263 ns
[2020-02-29T04:46:04.073+0000][1][safepoint    ] Safepoint "Cleanup", Time since last: 1000769888 ns, Reaching safepoint: 109510 ns, At safepoint: 8045 ns, Total: 117555 ns
[2020-02-29T04:46:05.074+0000][1][safepoint    ] Safepoint "Cleanup", Time since last: 1000494930 ns, Reaching safepoint: 84114 ns, At safepoint: 7249 ns, Total: 91363 ns
[2020-02-29T04:46:05.598+0000][1][safepoint    ] Safepoint "RevokeBias", Time since last: 524371272 ns, Reaching safepoint: 69738 ns, At safepoint: 17552 ns, Total: 87290 ns
[2020-02-29T04:46:06.599+0000][1][safepoint    ] Safepoint "Cleanup", Time since last: 1000864987 ns, Reaching safepoint: 85174 ns, At safepoint: 8767 ns, Total: 93941 ns
[2020-02-29T04:46:07.600+0000][1][safepoint    ] Safepoint "Cleanup", Time since last: 1000850680 ns, Reaching safepoint: 82548 ns, At safepoint: 8991 ns, Total: 91539 ns
[2020-02-29T04:46:08.120+0000][1][safepoint    ] Safepoint "RevokeBias", Time since last: 519984669 ns, Reaching safepoint: 49609 ns, At safepoint: 15740 ns, Total: 65349 ns
[2020-02-29T04:46:09.122+0000][1][safepoint    ] Safepoint "Cleanup", Time since last: 1002002559 ns, Reaching safepoint: 64201 ns, At safepoint: 7248 ns, Total: 71449 ns
[2020-02-29T04:46:10.137+0000][1][safepoint    ] Safepoint "Cleanup", Time since last: 1003916038 ns, Reaching safepoint: 10946188 ns, At safepoint: 10994 ns, Total: 10957182 ns
[2020-02-29T04:46:10.652+0000][1][safepoint    ] Safepoint "RevokeBias", Time since last: 514380799 ns, Reaching safepoint: 84028 ns, At safepoint: 17083 ns, Total: 101111 ns
[2020-02-29T04:46:11.658+0000][1][safepoint    ] Safepoint "Cleanup", Time since last: 1005886087 ns, Reaching safepoint: 97839 ns, At safepoint: 7879 ns, Total: 105718 ns
[2020-02-29T04:46:12.658+0000][1][safepoint    ] Safepoint "Cleanup", Time since last: 1000643925 ns, Reaching safepoint: 97321 ns, At safepoint: 7428 ns, Total: 104749 ns
[2020-02-29T04:46:13.170+0000][1][safepoint    ] Safepoint "RevokeBias", Time since last: 511226806 ns, Reaching safepoint: 76052 ns, At safepoint: 17374 ns, Total: 93426 ns
[2020-02-29T04:46:14.175+0000][1][safepoint    ] Safepoint "Cleanup", Time since last: 1005381916 ns, Reaching safepoint: 109696 ns, At safepoint: 7886 ns, Total: 117582 ns
[2020-02-29T04:46:15.178+0000][1][safepoint    ] Safepoint "Cleanup", Time since last: 1002928533 ns, Reaching safepoint: 156759 ns, At safepoint: 8709 ns, Total: 165468 ns
[2020-02-29T04:46:15.683+0000][1][safepoint    ] Safepoint "RevokeBias", Time since last: 504230106 ns, Reaching safepoint: 52211 ns, At safepoint: 15016 ns, Total: 67227 ns
[2020-02-29T04:46:16.687+0000][1][safepoint    ] Safepoint "Cleanup", Time since last: 1004617943 ns, Reaching safepoint: 67126 ns, At safepoint: 7412 ns, Total: 74538 ns
[2020-02-29T04:46:17.688+0000][1][safepoint    ] Safepoint "Cleanup", Time since last: 1000202794 ns, Reaching safepoint: 85105 ns, At safepoint: 7572 ns, Total: 92677 ns
[2020-02-29T04:46:18.211+0000][1][safepoint    ] Safepoint "RevokeBias", Time since last: 523466051 ns, Reaching safepoint: 74203 ns, At safepoint: 17408 ns, Total: 91611 ns
[2020-02-29T04:46:19.212+0000][1][safepoint    ] Safepoint "Cleanup", Time since last: 1000615195 ns, Reaching safepoint: 116564 ns, At safepoint: 7600 ns, Total: 124164 ns
[2020-02-29T04:46:20.212+0000][1][safepoint    ] Safepoint "Cleanup", Time since last: 1000385899 ns, Reaching safepoint: 81910 ns, At safepoint: 7777 ns, Total: 89687 ns
[2020-02-29T04:46:20.733+0000][1][safepoint    ] Safepoint "RevokeBias", Time since last: 520746197 ns, Reaching safepoint: 50359 ns, At safepoint: 16189 ns, Total: 66548 ns
[2020-02-29T04:46:21.736+0000][1][safepoint    ] Safepoint "Cleanup", Time since last: 1002971002 ns, Reaching safepoint: 80534 ns, At safepoint: 7276 ns, Total: 87810 ns
[2020-02-29T04:46:22.737+0000][1][safepoint    ] Safepoint "Cleanup", Time since last: 1000491780 ns, Reaching safepoint: 81426 ns, At safepoint: 7238 ns, Total: 88664 ns
[2020-02-29T04:46:23.244+0000][1][safepoint    ] Safepoint "RevokeBias", Time since last: 506992072 ns, Reaching safepoint: 100855 ns, At safepoint: 19913 ns, Total: 120768 ns
[2020-02-29T04:46:24.244+0000][1][safepoint    ] Safepoint "Cleanup", Time since last: 1000167274 ns, Reaching safepoint: 83586 ns, At safepoint: 9740 ns, Total: 93326 ns
[2020-02-29T04:46:25.245+0000][1][safepoint    ] Safepoint "Cleanup", Time since last: 1000376543 ns, Reaching safepoint: 93056 ns, At safepoint: 8114 ns, Total: 101170 ns
[2020-02-29T04:46:25.760+0000][1][safepoint    ] Safepoint "BulkRevokeBias", Time since last: 515210312 ns, Reaching safepoint: 49759 ns, At safepoint: 150544 ns, Total: 200303 ns
[2020-02-29T04:46:26.763+0000][1][safepoint    ] Safepoint "Cleanup", Time since last: 1003209538 ns, Reaching safepoint: 65689 ns, At safepoint: 7236 ns, Total: 72925 ns
[2020-02-29T04:46:27.765+0000][1][safepoint    ] Safepoint "Cleanup", Time since last: 1001455845 ns, Reaching safepoint: 82301 ns, At safepoint: 7206 ns, Total: 89507 ns
[2020-02-29T04:46:28.288+0000][1][safepoint    ] Safepoint "RevokeBias", Time since last: 523360931 ns, Reaching safepoint: 103849 ns, At safepoint: 17551 ns, Total: 121400 ns
[2020-02-29T04:46:29.289+0000][1][safepoint    ] Safepoint "Cleanup", Time since last: 1000536161 ns, Reaching safepoint: 61100 ns, At safepoint: 6568 ns, Total: 67668 ns
[2020-02-29T04:46:30.292+0000][1][safepoint    ] Safepoint "Cleanup", Time since last: 1003063295 ns, Reaching safepoint: 62778 ns, At safepoint: 7397 ns, Total: 70175 ns
[2020-02-29T04:46:30.804+0000][1][safepoint    ] Safepoint "RevokeBias", Time since last: 512010007 ns, Reaching safepoint: 75253 ns, At safepoint: 18687 ns, Total: 93940 ns
[2020-02-29T04:46:31.805+0000][1][safepoint    ] Safepoint "Cleanup", Time since last: 1000811134 ns, Reaching safepoint: 102971 ns, At safepoint: 9268 ns, Total: 112239 ns
[2020-02-29T04:46:32.806+0000][1][safepoint    ] Safepoint "Cleanup", Time since last: 1000204459 ns, Reaching safepoint: 98955 ns, At safepoint: 7588 ns, Total: 106543 ns
[2020-02-29T04:46:33.319+0000][1][gc,start     ] GC(31) Pause Young (Allocation Failure)
[2020-02-29T04:46:33.319+0000][1][gc,task      ] GC(31) Using 1 workers of 1 for evacuation
[2020-02-29T04:46:33.968+0000][1][gc,age       ] GC(31) Desired survivor size 4358144 bytes, new threshold 6 (max threshold 6)
[2020-02-29T04:46:33.968+0000][1][gc,age       ] GC(31) Age table with threshold 6 (max threshold 6)
[2020-02-29T04:46:33.968+0000][1][gc,age       ] GC(31) - age   1:      59776 bytes,      59776 total
[2020-02-29T04:46:33.968+0000][1][gc,age       ] GC(31) - age   2:     295816 bytes,     355592 total
[2020-02-29T04:46:33.968+0000][1][gc,age       ] GC(31) - age   3:    1787920 bytes,    2143512 total
[2020-02-29T04:46:33.968+0000][1][gc,heap      ] GC(31) ParNew: 72805K->4441K(76672K)
[2020-02-29T04:46:33.968+0000][1][gc,heap      ] GC(31) CMS: 57974K->60361K(963392K)
[2020-02-29T04:46:33.968+0000][1][gc,metaspace ] GC(31) Metaspace: 78166K->78166K(1120256K)
[2020-02-29T04:46:33.968+0000][1][gc           ] GC(31) Pause Young (Allocation Failure) 127M->63M(1015M) 649.231ms
[2020-02-29T04:46:33.968+0000][1][gc,cpu       ] GC(31) User=0.02s Sys=0.02s Real=0.65s
[2020-02-29T04:46:33.968+0000][1][safepoint    ] Safepoint "GenCollectForAllocation", Time since last: 513487477 ns, Reaching safepoint: 88184 ns, At safepoint: 649287472 ns, Total: 649375656 ns
[2020-02-29T04:46:33.970+0000][1][safepoint    ] Safepoint "RevokeBias", Time since last: 1938081 ns, Reaching safepoint: 73504 ns, At safepoint: 17513 ns, Total: 91017 ns
[2020-02-29T04:46:34.976+0000][1][safepoint    ] Safepoint "Cleanup", Time since last: 1005350184 ns, Reaching safepoint: 124639 ns, At safepoint: 5532 ns, Total: 130171 ns
[2020-02-29T04:46:35.979+0000][1][safepoint    ] Safepoint "Cleanup", Time since last: 1002826319 ns, Reaching safepoint: 144813 ns, At safepoint: 21868 ns, Total: 166681 ns
[2020-02-29T04:46:36.486+0000][1][safepoint    ] Safepoint "RevokeBias", Time since last: 507218982 ns, Reaching safepoint: 70795 ns, At safepoint: 18474 ns, Total: 89269 ns
[2020-02-29T04:46:37.487+0000][1][safepoint    ] Safepoint "Cleanup", Time since last: 1000689477 ns, Reaching safepoint: 143273 ns, At safepoint: 6922 ns, Total: 150195 ns
[2020-02-29T04:46:38.488+0000][1][safepoint    ] Safepoint "Cleanup", Time since last: 1000749713 ns, Reaching safepoint: 94410 ns, At safepoint: 9118 ns, Total: 103528 ns
[2020-02-29T04:46:39.031+0000][1][safepoint    ] Safepoint "RevokeBias", Time since last: 542563345 ns, Reaching safepoint: 53461 ns, At safepoint: 16659 ns, Total: 70120 ns
[2020-02-29T04:46:40.042+0000][1][safepoint    ] Safepoint "Cleanup", Time since last: 1005372617 ns, Reaching safepoint: 6223664 ns, At safepoint: 10769 ns, Total: 6234433 ns
[2020-02-29T04:46:41.043+0000][1][safepoint    ] Safepoint "Cleanup", Time since last: 1001104583 ns, Reaching safepoint: 81301 ns, At safepoint: 7207 ns, Total: 88508 ns
[2020-02-29T04:46:41.551+0000][1][safepoint    ] Safepoint "RevokeBias", Time since last: 507448135 ns, Reaching safepoint: 72551 ns, At safepoint: 16613 ns, Total: 89164 ns
[2020-02-29T04:46:42.552+0000][1][safepoint    ] Safepoint "Cleanup", Time since last: 1000776853 ns, Reaching safepoint: 60750 ns, At safepoint: 7022 ns, Total: 67772 ns
[2020-02-29T04:46:43.553+0000][1][safepoint    ] Safepoint "Cleanup", Time since last: 1000955892 ns, Reaching safepoint: 102067 ns, At safepoint: 7081 ns, Total: 109148 ns
[2020-02-29T04:46:44.061+0000][1][safepoint    ] Safepoint "RevokeBias", Time since last: 508229814 ns, Reaching safepoint: 76450 ns, At safepoint: 18437 ns, Total: 94887 ns
[2020-02-29T04:46:45.062+0000][1][safepoint    ] Safepoint "Cleanup", Time since last: 1000550659 ns, Reaching safepoint: 86093 ns, At safepoint: 9070 ns, Total: 95163 ns
[2020-02-29T04:46:46.062+0000][1][safepoint    ] Safepoint "Cleanup", Time since last: 1000638059 ns, Reaching safepoint: 93481 ns, At safepoint: 6221 ns, Total: 99702 ns
[2020-02-29T04:46:46.583+0000][1][safepoint    ] Safepoint "RevokeBias", Time since last: 520083087 ns, Reaching safepoint: 76416 ns, At safepoint: 19392 ns, Total: 95808 ns
[2020-02-29T04:46:47.584+0000][1][safepoint    ] Safepoint "Cleanup", Time since last: 1001261956 ns, Reaching safepoint: 85146 ns, At safepoint: 8264 ns, Total: 93410 ns
[2020-02-29T04:46:48.584+0000][1][safepoint    ] Safepoint "Cleanup", Time since last: 1000312131 ns, Reaching safepoint: 131119 ns, At safepoint: 23523 ns, Total: 154642 ns
[2020-02-29T04:46:49.109+0000][1][safepoint    ] Safepoint "RevokeBias", Time since last: 524146895 ns, Reaching safepoint: 112659 ns, At safepoint: 31296 ns, Total: 143955 ns
[2020-02-29T04:46:50.113+0000][1][safepoint    ] Safepoint "Cleanup", Time since last: 1004039380 ns, Reaching safepoint: 97514 ns, At safepoint: 7410 ns, Total: 104924 ns
[2020-02-29T04:46:51.116+0000][1][safepoint    ] Safepoint "Cleanup", Time since last: 1003171200 ns, Reaching safepoint: 103257 ns, At safepoint: 6222 ns, Total: 109479 ns
[2020-02-29T04:46:51.668+0000][1][safepoint    ] Safepoint "RevokeBias", Time since last: 551969783 ns, Reaching safepoint: 71814 ns, At safepoint: 17207 ns, Total: 89021 ns
[2020-02-29T04:46:52.678+0000][1][safepoint    ] Safepoint "Cleanup", Time since last: 1009764119 ns, Reaching safepoint: 64795 ns, At safepoint: 7631 ns, Total: 72426 ns
[2020-02-29T04:46:53.678+0000][1][safepoint    ] Safepoint "Cleanup", Time since last: 1000232072 ns, Reaching safepoint: 123261 ns, At safepoint: 7942 ns, Total: 131203 ns
[2020-02-29T04:46:54.213+0000][1][safepoint    ] Safepoint "RevokeBias", Time since last: 534791401 ns, Reaching safepoint: 51752 ns, At safepoint: 16006 ns, Total: 67758 ns
[2020-02-29T04:46:55.214+0000][1][safepoint    ] Safepoint "Cleanup", Time since last: 1000559764 ns, Reaching safepoint: 63099 ns, At safepoint: 7050 ns, Total: 70149 ns
[2020-02-29T04:46:56.223+0000][1][safepoint    ] Safepoint "Cleanup", Time since last: 1008885374 ns, Reaching safepoint: 190512 ns, At safepoint: 7602 ns, Total: 198114 ns
[2020-02-29T04:46:56.722+0000][1][safepoint    ] Safepoint "RevokeBias", Time since last: 498474362 ns, Reaching safepoint: 72312 ns, At safepoint: 79983 ns, Total: 152295 ns
[2020-02-29T04:46:57.723+0000][1][safepoint    ] Safepoint "Cleanup", Time since last: 1001097868 ns, Reaching safepoint: 181940 ns, At safepoint: 7922 ns, Total: 189862 ns
[2020-02-29T04:46:58.728+0000][1][safepoint    ] Safepoint "Cleanup", Time since last: 1004800960 ns, Reaching safepoint: 62464 ns, At safepoint: 7186 ns, Total: 69650 ns
[2020-02-29T04:46:59.238+0000][1][safepoint    ] Safepoint "RevokeBias", Time since last: 510421488 ns, Reaching safepoint: 75290 ns, At safepoint: 18262 ns, Total: 93552 ns
[2020-02-29T04:47:00.240+0000][1][safepoint    ] Safepoint "Cleanup", Time since last: 1001180153 ns, Reaching safepoint: 86980 ns, At safepoint: 26457 ns, Total: 113437 ns
[2020-02-29T04:47:01.240+0000][1][safepoint    ] Safepoint "Cleanup", Time since last: 1000424801 ns, Reaching safepoint: 99619 ns, At safepoint: 8195 ns, Total: 107814 ns
[2020-02-29T04:47:01.883+0000][1][safepoint    ] Safepoint "RevokeBias", Time since last: 642712351 ns, Reaching safepoint: 52566 ns, At safepoint: 15705 ns, Total: 68271 ns
[2020-02-29T04:47:02.884+0000][1][safepoint    ] Safepoint "Cleanup", Time since last: 1001061338 ns, Reaching safepoint: 63708 ns, At safepoint: 7062 ns, Total: 70770 ns
[2020-02-29T04:47:03.885+0000][1][safepoint    ] Safepoint "Cleanup", Time since last: 1000990862 ns, Reaching safepoint: 61967 ns, At safepoint: 7203 ns, Total: 69170 ns
[2020-02-29T04:47:04.407+0000][1][safepoint    ] Safepoint "RevokeBias", Time since last: 521639122 ns, Reaching safepoint: 50819 ns, At safepoint: 16314 ns, Total: 67133 ns
[2020-02-29T04:47:05.413+0000][1][safepoint    ] Safepoint "Cleanup", Time since last: 1005895929 ns, Reaching safepoint: 61210 ns, At safepoint: 7623 ns, Total: 68833 ns
[2020-02-29T04:47:06.415+0000][1][safepoint    ] Safepoint "Cleanup", Time since last: 1002031218 ns, Reaching safepoint: 64809 ns, At safepoint: 7708 ns, Total: 72517 ns
[2020-02-29T04:47:06.932+0000][1][safepoint    ] Safepoint "RevokeBias", Time since last: 516725920 ns, Reaching safepoint: 50662 ns, At safepoint: 15961 ns, Total: 66623 ns
[2020-02-29T04:47:07.932+0000][1][safepoint    ] Safepoint "Cleanup", Time since last: 1000228549 ns, Reaching safepoint: 83907 ns, At safepoint: 8809 ns, Total: 92716 ns
[2020-02-29T04:47:08.933+0000][1][safepoint    ] Safepoint "Cleanup", Time since last: 1000562783 ns, Reaching safepoint: 81542 ns, At safepoint: 7537 ns, Total: 89079 ns
[2020-02-29T04:47:09.456+0000][1][safepoint    ] Safepoint "RevokeBias", Time since last: 522768661 ns, Reaching safepoint: 52260 ns, At safepoint: 16241 ns, Total: 68501 ns
[2020-02-29T04:47:10.457+0000][1][safepoint    ] Safepoint "Cleanup", Time since last: 1001332632 ns, Reaching safepoint: 71130 ns, At safepoint: 10787 ns, Total: 81917 ns
[2020-02-29T04:47:11.466+0000][1][safepoint    ] Safepoint "Cleanup", Time since last: 1008809253 ns, Reaching safepoint: 77533 ns, At safepoint: 6299 ns, Total: 83832 ns
[2020-02-29T04:47:11.989+0000][1][safepoint    ] Safepoint "RevokeBias", Time since last: 523133109 ns, Reaching safepoint: 148948 ns, At safepoint: 20436 ns, Total: 169384 ns
[2020-02-29T04:47:12.994+0000][1][safepoint    ] Safepoint "Cleanup", Time since last: 1005200847 ns, Reaching safepoint: 64573 ns, At safepoint: 7164 ns, Total: 71737 ns
[2020-02-29T04:47:13.995+0000][1][safepoint    ] Safepoint "Cleanup", Time since last: 1000420037 ns, Reaching safepoint: 59194 ns, At safepoint: 5983 ns, Total: 65177 ns
[2020-02-29T04:47:14.501+0000][1][safepoint    ] Safepoint "RevokeBias", Time since last: 505937879 ns, Reaching safepoint: 86529 ns, At safepoint: 20194 ns, Total: 106723 ns
[2020-02-29T04:47:15.502+0000][1][safepoint    ] Safepoint "Cleanup", Time since last: 1000840186 ns, Reaching safepoint: 85922 ns, At safepoint: 8410 ns, Total: 94332 ns
[2020-02-29T04:47:16.509+0000][1][safepoint    ] Safepoint "Cleanup", Time since last: 1006824813 ns, Reaching safepoint: 129212 ns, At safepoint: 23641 ns, Total: 152853 ns
[2020-02-29T04:47:17.022+0000][1][safepoint    ] Safepoint "RevokeBias", Time since last: 513577040 ns, Reaching safepoint: 54453 ns, At safepoint: 16390 ns, Total: 70843 ns
[2020-02-29T04:47:18.025+0000][1][safepoint    ] Safepoint "Cleanup", Time since last: 1002928559 ns, Reaching safepoint: 68023 ns, At safepoint: 7282 ns, Total: 75305 ns
[2020-02-29T04:47:18.368+0000][1][safepoint    ] Safepoint "RevokeBias", Time since last: 342008565 ns, Reaching safepoint: 49348 ns, At safepoint: 7440 ns, Total: 56788 ns
[2020-02-29T04:47:18.370+0000][1][safepoint    ] Safepoint "RevokeBias", Time since last: 2723601 ns, Reaching safepoint: 43453 ns, At safepoint: 14396 ns, Total: 57849 ns
[2020-02-29T04:47:18.475+0000][1][safepoint    ] Safepoint "RevokeBias", Time since last: 104333976 ns, Reaching safepoint: 72674 ns, At safepoint: 17832 ns, Total: 90506 ns
[2020-02-29T04:47:18.483+0000][1][safepoint    ] Safepoint "RevokeBias", Time since last: 7994782 ns, Reaching safepoint: 99575 ns, At safepoint: 19828 ns, Total: 119403 ns
[2020-02-29T04:47:19.484+0000][1][safepoint    ] Safepoint "Cleanup", Time since last: 1001463695 ns, Reaching safepoint: 67268 ns, At safepoint: 7240 ns, Total: 74508 ns
[2020-02-29T04:47:19.552+0000][1][safepoint    ] Safepoint "RevokeBias", Time since last: 66944495 ns, Reaching safepoint: 133011 ns, At safepoint: 53634 ns, Total: 186645 ns
[2020-02-29T04:47:20.562+0000][1][safepoint    ] Safepoint "Cleanup", Time since last: 1010437800 ns, Reaching safepoint: 82309 ns, At safepoint: 7356 ns, Total: 89665 ns
[2020-02-29T04:47:21.563+0000][1][safepoint    ] Safepoint "Cleanup", Time since last: 1000880946 ns, Reaching safepoint: 62859 ns, At safepoint: 7102 ns, Total: 69961 ns
[2020-02-29T04:47:22.072+0000][1][safepoint    ] Safepoint "RevokeBias", Time since last: 509203098 ns, Reaching safepoint: 58039 ns, At safepoint: 18871 ns, Total: 76910 ns
[2020-02-29T04:47:23.073+0000][1][safepoint    ] Safepoint "Cleanup", Time since last: 1000444508 ns, Reaching safepoint: 64670 ns, At safepoint: 7172 ns, Total: 71842 ns
[2020-02-29T04:47:24.078+0000][1][safepoint    ] Safepoint "Cleanup", Time since last: 1005019539 ns, Reaching safepoint: 122053 ns, At safepoint: 7321 ns, Total: 129374 ns
[2020-02-29T04:47:24.599+0000][1][safepoint    ] Safepoint "RevokeBias", Time since last: 521257080 ns, Reaching safepoint: 66136 ns, At safepoint: 19397 ns, Total: 85533 ns
[2020-02-29T04:47:25.601+0000][1][safepoint    ] Safepoint "Cleanup", Time since last: 1001774756 ns, Reaching safepoint: 82639 ns, At safepoint: 7410 ns, Total: 90049 ns
[2020-02-29T04:47:26.602+0000][1][safepoint    ] Safepoint "Cleanup", Time since last: 1000279426 ns, Reaching safepoint: 82542 ns, At safepoint: 8614 ns, Total: 91156 ns
[2020-02-29T04:47:27.125+0000][1][safepoint    ] Safepoint "RevokeBias", Time since last: 522937228 ns, Reaching safepoint: 51562 ns, At safepoint: 16124 ns, Total: 67686 ns
[2020-02-29T04:47:28.132+0000][1][safepoint    ] Safepoint "Cleanup", Time since last: 1007702609 ns, Reaching safepoint: 69625 ns, At safepoint: 7771 ns, Total: 77396 ns
[2020-02-29T04:47:29.135+0000][1][safepoint    ] Safepoint "Cleanup", Time since last: 1002942060 ns, Reaching safepoint: 81161 ns, At safepoint: 7116 ns, Total: 88277 ns
[2020-02-29T04:47:29.647+0000][1][safepoint    ] Safepoint "RevokeBias", Time since last: 511356662 ns, Reaching safepoint: 60845 ns, At safepoint: 100199 ns, Total: 161044 ns
[2020-02-29T04:47:30.650+0000][1][safepoint    ] Safepoint "Cleanup", Time since last: 1002818367 ns, Reaching safepoint: 63902 ns, At safepoint: 7162 ns, Total: 71064 ns
[2020-02-29T04:47:31.654+0000][1][safepoint    ] Safepoint "Cleanup", Time since last: 1004407105 ns, Reaching safepoint: 63264 ns, At safepoint: 7242 ns, Total: 70506 ns
[2020-02-29T04:47:32.182+0000][1][safepoint    ] Safepoint "RevokeBias", Time since last: 522152344 ns, Reaching safepoint: 6049214 ns, At safepoint: 22889 ns, Total: 6072103 ns
[2020-02-29T04:47:33.183+0000][1][safepoint    ] Safepoint "Cleanup", Time since last: 1000221950 ns, Reaching safepoint: 86463 ns, At safepoint: 5318 ns, Total: 91781 ns
[2020-02-29T04:47:34.184+0000][1][safepoint    ] Safepoint "Cleanup", Time since last: 1000706176 ns, Reaching safepoint: 81039 ns, At safepoint: 8578 ns, Total: 89617 ns
[2020-02-29T04:47:34.698+0000][1][safepoint    ] Safepoint "RevokeBias", Time since last: 514220671 ns, Reaching safepoint: 50750 ns, At safepoint: 15469 ns, Total: 66219 ns
[2020-02-29T04:47:35.704+0000][1][safepoint    ] Safepoint "Cleanup", Time since last: 1006270054 ns, Reaching safepoint: 63090 ns, At safepoint: 7201 ns, Total: 70291 ns
[2020-02-29T04:47:36.709+0000][1][safepoint    ] Safepoint "Cleanup", Time since last: 1004615390 ns, Reaching safepoint: 96602 ns, At safepoint: 8132 ns, Total: 104734 ns
[2020-02-29T04:47:37.220+0000][1][safepoint    ] Safepoint "RevokeBias", Time since last: 511063391 ns, Reaching safepoint: 74208 ns, At safepoint: 18018 ns, Total: 92226 ns
[2020-02-29T04:47:38.221+0000][1][safepoint    ] Safepoint "Cleanup", Time since last: 1000592554 ns, Reaching safepoint: 161276 ns, At safepoint: 24732 ns, Total: 186008 ns
[2020-02-29T04:47:39.228+0000][1][safepoint    ] Safepoint "Cleanup", Time since last: 1006847577 ns, Reaching safepoint: 113709 ns, At safepoint: 7200 ns, Total: 120909 ns
[2020-02-29T04:47:39.753+0000][1][safepoint    ] Safepoint "BulkRevokeBias", Time since last: 524542329 ns, Reaching safepoint: 76070 ns, At safepoint: 194554 ns, Total: 270624 ns
[2020-02-29T04:47:40.754+0000][1][safepoint    ] Safepoint "Cleanup", Time since last: 1000569870 ns, Reaching safepoint: 291886 ns, At safepoint: 25216 ns, Total: 317102 ns
[2020-02-29T04:47:41.758+0000][1][safepoint    ] Safepoint "Cleanup", Time since last: 1004529334 ns, Reaching safepoint: 91281 ns, At safepoint: 7067 ns, Total: 98348 ns
[2020-02-29T04:47:42.281+0000][1][safepoint    ] Safepoint "RevokeBias", Time since last: 522678433 ns, Reaching safepoint: 74024 ns, At safepoint: 17356 ns, Total: 91380 ns
[2020-02-29T04:47:43.285+0000][1][safepoint    ] Safepoint "Cleanup", Time since last: 1004215752 ns, Reaching safepoint: 54287 ns, At safepoint: 7179 ns, Total: 61466 ns
[2020-02-29T04:47:44.286+0000][1][safepoint    ] Safepoint "Cleanup", Time since last: 1000707060 ns, Reaching safepoint: 84227 ns, At safepoint: 9180 ns, Total: 93407 ns
[2020-02-29T04:47:44.825+0000][1][safepoint    ] Safepoint "RevokeBias", Time since last: 538542238 ns, Reaching safepoint: 73544 ns, At safepoint: 17618 ns, Total: 91162 ns
[2020-02-29T04:47:45.827+0000][1][safepoint    ] Safepoint "Cleanup", Time since last: 1002486625 ns, Reaching safepoint: 63480 ns, At safepoint: 7457 ns, Total: 70937 ns
[2020-02-29T04:47:46.831+0000][1][safepoint    ] Safepoint "Cleanup", Time since last: 1003332229 ns, Reaching safepoint: 77435 ns, At safepoint: 5920 ns, Total: 83355 ns
[2020-02-29T04:47:47.343+0000][1][safepoint    ] Safepoint "RevokeBias", Time since last: 512785952 ns, Reaching safepoint: 73778 ns, At safepoint: 18644 ns, Total: 92422 ns
[2020-02-29T04:47:48.349+0000][1][safepoint    ] Safepoint "Cleanup", Time since last: 1005228696 ns, Reaching safepoint: 80323 ns, At safepoint: 21345 ns, Total: 101668 ns
[2020-02-29T04:47:49.358+0000][1][safepoint    ] Safepoint "Cleanup", Time since last: 1009349741 ns, Reaching safepoint: 96055 ns, At safepoint: 7823 ns, Total: 103878 ns
[2020-02-29T04:47:49.879+0000][1][safepoint    ] Safepoint "RevokeBias", Time since last: 520575384 ns, Reaching safepoint: 51519 ns, At safepoint: 16048 ns, Total: 67567 ns
[2020-02-29T04:47:50.889+0000][1][safepoint    ] Safepoint "Cleanup", Time since last: 1009884867 ns, Reaching safepoint: 81307 ns, At safepoint: 7193 ns, Total: 88500 ns
[2020-02-29T04:47:51.889+0000][1][safepoint    ] Safepoint "Cleanup", Time since last: 1000457557 ns, Reaching safepoint: 79705 ns, At safepoint: 5921 ns, Total: 85626 ns
[2020-02-29T04:47:52.401+0000][1][safepoint    ] Safepoint "RevokeBias", Time since last: 511463001 ns, Reaching safepoint: 138702 ns, At safepoint: 17998 ns, Total: 156700 ns
[2020-02-29T04:47:53.402+0000][1][safepoint    ] Safepoint "Cleanup", Time since last: 1001226472 ns, Reaching safepoint: 62028 ns, At safepoint: 7108 ns, Total: 69136 ns
[2020-02-29T04:47:54.404+0000][1][safepoint    ] Safepoint "Cleanup", Time since last: 1001406661 ns, Reaching safepoint: 97860 ns, At safepoint: 7685 ns, Total: 105545 ns
[2020-02-29T04:47:54.932+0000][1][safepoint    ] Safepoint "RevokeBias", Time since last: 528214722 ns, Reaching safepoint: 57570 ns, At safepoint: 16343 ns, Total: 73913 ns
[2020-02-29T04:47:55.938+0000][1][safepoint    ] Safepoint "Cleanup", Time since last: 1005898207 ns, Reaching safepoint: 83567 ns, At safepoint: 7734 ns, Total: 91301 ns
[2020-02-29T04:47:56.941+0000][1][safepoint    ] Safepoint "Cleanup", Time since last: 1003106224 ns, Reaching safepoint: 65091 ns, At safepoint: 7967 ns, Total: 73058 ns
[2020-02-29T04:47:57.464+0000][1][safepoint    ] Safepoint "RevokeBias", Time since last: 522191046 ns, Reaching safepoint: 80158 ns, At safepoint: 21077 ns, Total: 101235 ns
[2020-02-29T04:47:58.473+0000][1][safepoint    ] Safepoint "Cleanup", Time since last: 1009251904 ns, Reaching safepoint: 133103 ns, At safepoint: 21352 ns, Total: 154455 ns
[2020-02-29T04:47:59.478+0000][1][safepoint    ] Safepoint "Cleanup", Time since last: 1005106202 ns, Reaching safepoint: 82400 ns, At safepoint: 7728 ns, Total: 90128 ns
[2020-02-29T04:47:59.980+0000][1][safepoint    ] Safepoint "RevokeBias", Time since last: 501928706 ns, Reaching safepoint: 72345 ns, At safepoint: 17767 ns, Total: 90112 ns
[2020-02-29T04:48:00.984+0000][1][safepoint    ] Safepoint "Cleanup", Time since last: 1003888650 ns, Reaching safepoint: 106489 ns, At safepoint: 8977 ns, Total: 115466 ns
[2020-02-29T04:48:01.987+0000][1][safepoint    ] Safepoint "Cleanup", Time since last: 1002439220 ns, Reaching safepoint: 79188 ns, At safepoint: 7188 ns, Total: 86376 ns
[2020-02-29T04:48:02.496+0000][1][safepoint    ] Safepoint "RevokeBias", Time since last: 509207863 ns, Reaching safepoint: 54737 ns, At safepoint: 17711 ns, Total: 72448 ns
[2020-02-29T04:48:03.501+0000][1][safepoint    ] Safepoint "Cleanup", Time since last: 1005018773 ns, Reaching safepoint: 74128 ns, At safepoint: 7574 ns, Total: 81702 ns
[2020-02-29T04:48:04.511+0000][1][safepoint    ] Safepoint "Cleanup", Time since last: 1009798783 ns, Reaching safepoint: 62150 ns, At safepoint: 7656 ns, Total: 69806 ns
[2020-02-29T04:48:05.011+0000][1][safepoint    ] Safepoint "RevokeBias", Time since last: 499990715 ns, Reaching safepoint: 52794 ns, At safepoint: 15323 ns, Total: 68117 ns
[2020-02-29T04:48:06.022+0000][1][safepoint    ] Safepoint "Cleanup", Time since last: 1010649404 ns, Reaching safepoint: 64308 ns, At safepoint: 7780 ns, Total: 72088 ns
[2020-02-29T04:48:07.023+0000][1][safepoint    ] Safepoint "Cleanup", Time since last: 1000874270 ns, Reaching safepoint: 64332 ns, At safepoint: 7661 ns, Total: 71993 ns
[2020-02-29T04:48:07.529+0000][1][safepoint    ] Safepoint "RevokeBias", Time since last: 505782311 ns, Reaching safepoint: 74361 ns, At safepoint: 19131 ns, Total: 93492 ns
[2020-02-29T04:48:08.535+0000][1][safepoint    ] Safepoint "Cleanup", Time since last: 1006306076 ns, Reaching safepoint: 104412 ns, At safepoint: 7696 ns, Total: 112108 ns
[2020-02-29T04:48:09.543+0000][1][safepoint    ] Safepoint "Cleanup", Time since last: 1008018883 ns, Reaching safepoint: 62344 ns, At safepoint: 6976 ns, Total: 69320 ns
[2020-02-29T04:48:10.055+0000][1][safepoint    ] Safepoint "RevokeBias", Time since last: 506252252 ns, Reaching safepoint: 5739835 ns, At safepoint: 25207 ns, Total: 5765042 ns
[2020-02-29T04:48:11.059+0000][1][safepoint    ] Safepoint "Cleanup", Time since last: 1003926550 ns, Reaching safepoint: 81829 ns, At safepoint: 7036 ns, Total: 88865 ns
[2020-02-29T04:48:12.062+0000][1][safepoint    ] Safepoint "Cleanup", Time since last: 1002743408 ns, Reaching safepoint: 81502 ns, At safepoint: 6751 ns, Total: 88253 ns
[2020-02-29T04:48:12.587+0000][1][safepoint    ] Safepoint "RevokeBias", Time since last: 524832368 ns, Reaching safepoint: 75017 ns, At safepoint: 17321 ns, Total: 92338 ns
[2020-02-29T04:48:13.597+0000][1][safepoint    ] Safepoint "Cleanup", Time since last: 1009773718 ns, Reaching safepoint: 229780 ns, At safepoint: 7933 ns, Total: 237713 ns
[2020-02-29T04:48:14.601+0000][1][safepoint    ] Safepoint "Cleanup", Time since last: 1004006221 ns, Reaching safepoint: 66920 ns, At safepoint: 6979 ns, Total: 73899 ns
[2020-02-29T04:48:15.105+0000][1][safepoint    ] Safepoint "RevokeBias", Time since last: 503919405 ns, Reaching safepoint: 76609 ns, At safepoint: 18478 ns, Total: 95087 ns
[2020-02-29T04:48:16.106+0000][1][safepoint    ] Safepoint "Cleanup", Time since last: 1000422808 ns, Reaching safepoint: 85288 ns, At safepoint: 8734 ns, Total: 94022 ns
[2020-02-29T04:48:17.106+0000][1][safepoint    ] Safepoint "Cleanup", Time since last: 1000389200 ns, Reaching safepoint: 160735 ns, At safepoint: 7488 ns, Total: 168223 ns
[2020-02-29T04:48:17.654+0000][1][safepoint    ] Safepoint "RevokeBias", Time since last: 548311152 ns, Reaching safepoint: 55318 ns, At safepoint: 15708 ns, Total: 71026 ns
[2020-02-29T04:48:18.656+0000][1][safepoint    ] Safepoint "Cleanup", Time since last: 1001006304 ns, Reaching safepoint: 86141 ns, At safepoint: 7125 ns, Total: 93266 ns
[2020-02-29T04:48:19.657+0000][1][safepoint    ] Safepoint "Cleanup", Time since last: 1001527536 ns, Reaching safepoint: 80209 ns, At safepoint: 6872 ns, Total: 87081 ns
[2020-02-29T04:48:20.170+0000][1][safepoint    ] Safepoint "RevokeBias", Time since last: 513047881 ns, Reaching safepoint: 72858 ns, At safepoint: 17988 ns, Total: 90846 ns
[2020-02-29T04:48:21.171+0000][1][safepoint    ] Safepoint "Cleanup", Time since last: 1000643231 ns, Reaching safepoint: 62084 ns, At safepoint: 7004 ns, Total: 69088 ns
[2020-02-29T04:48:22.176+0000][1][safepoint    ] Safepoint "Cleanup", Time since last: 1005031495 ns, Reaching safepoint: 65061 ns, At safepoint: 7913 ns, Total: 72974 ns
[2020-02-29T04:48:22.697+0000][1][safepoint    ] Safepoint "RevokeBias", Time since last: 521139889 ns, Reaching safepoint: 50272 ns, At safepoint: 14578 ns, Total: 64850 ns
[2020-02-29T04:48:23.698+0000][1][safepoint    ] Safepoint "Cleanup", Time since last: 1000392479 ns, Reaching safepoint: 89041 ns, At safepoint: 7895 ns, Total: 96936 ns
[2020-02-29T04:48:24.699+0000][1][safepoint    ] Safepoint "Cleanup", Time since last: 1001324822 ns, Reaching safepoint: 98779 ns, At safepoint: 7289 ns, Total: 106068 ns
[2020-02-29T04:48:25.215+0000][1][safepoint    ] Safepoint "RevokeBias", Time since last: 515756549 ns, Reaching safepoint: 139348 ns, At safepoint: 19744 ns, Total: 159092 ns
[2020-02-29T04:48:26.217+0000][1][safepoint    ] Safepoint "Cleanup", Time since last: 1002106418 ns, Reaching safepoint: 79354 ns, At safepoint: 6927 ns, Total: 86281 ns
[2020-02-29T04:48:27.221+0000][1][safepoint    ] Safepoint "Cleanup", Time since last: 1003708828 ns, Reaching safepoint: 80051 ns, At safepoint: 6310 ns, Total: 86361 ns
[2020-02-29T04:48:27.736+0000][1][safepoint    ] Safepoint "RevokeBias", Time since last: 515144760 ns, Reaching safepoint: 73678 ns, At safepoint: 17710 ns, Total: 91388 ns
[2020-02-29T04:48:28.739+0000][1][safepoint    ] Safepoint "Cleanup", Time since last: 1002344161 ns, Reaching safepoint: 77913 ns, At safepoint: 7147 ns, Total: 85060 ns
[2020-02-29T04:48:29.746+0000][1][safepoint    ] Safepoint "Cleanup", Time since last: 1007321953 ns, Reaching safepoint: 62972 ns, At safepoint: 6811 ns, Total: 69783 ns
[2020-02-29T04:48:30.247+0000][1][safepoint    ] Safepoint "RevokeBias", Time since last: 500669914 ns, Reaching safepoint: 102790 ns, At safepoint: 20758 ns, Total: 123548 ns
[2020-02-29T04:48:31.253+0000][1][safepoint    ] Safepoint "Cleanup", Time since last: 1006208209 ns, Reaching safepoint: 176765 ns, At safepoint: 25190 ns, Total: 201955 ns
[2020-02-29T04:48:32.263+0000][1][safepoint    ] Safepoint "Cleanup", Time since last: 1009518924 ns, Reaching safepoint: 152101 ns, At safepoint: 23328 ns, Total: 175429 ns
[2020-02-29T04:48:32.773+0000][1][safepoint    ] Safepoint "RevokeBias", Time since last: 510123405 ns, Reaching safepoint: 77983 ns, At safepoint: 18420 ns, Total: 96403 ns
[2020-02-29T04:48:33.778+0000][1][safepoint    ] Safepoint "Cleanup", Time since last: 1004806164 ns, Reaching safepoint: 81242 ns, At safepoint: 7227 ns, Total: 88469 ns
[2020-02-29T04:48:34.782+0000][1][safepoint    ] Safepoint "Cleanup", Time since last: 1004037535 ns, Reaching safepoint: 88490 ns, At safepoint: 7789 ns, Total: 96279 ns
[2020-02-29T04:48:35.296+0000][1][safepoint    ] Safepoint "RevokeBias", Time since last: 513887934 ns, Reaching safepoint: 73529 ns, At safepoint: 18925 ns, Total: 92454 ns
[2020-02-29T04:48:36.297+0000][1][safepoint    ] Safepoint "Cleanup", Time since last: 1000895910 ns, Reaching safepoint: 59828 ns, At safepoint: 6861 ns, Total: 66689 ns
[2020-02-29T04:48:37.299+0000][1][safepoint    ] Safepoint "Cleanup", Time since last: 1001538998 ns, Reaching safepoint: 58265 ns, At safepoint: 5432 ns, Total: 63697 ns
[2020-02-29T04:48:37.813+0000][1][safepoint    ] Safepoint "RevokeBias", Time since last: 514124372 ns, Reaching safepoint: 57390 ns, At safepoint: 15992 ns, Total: 73382 ns
[2020-02-29T04:48:38.822+0000][1][safepoint    ] Safepoint "Cleanup", Time since last: 1008986278 ns, Reaching safepoint: 101944 ns, At safepoint: 6974 ns, Total: 108918 ns
[2020-02-29T04:48:39.824+0000][1][safepoint    ] Safepoint "Cleanup", Time since last: 1001401866 ns, Reaching safepoint: 381551 ns, At safepoint: 7812 ns, Total: 389363 ns
[2020-02-29T04:48:40.337+0000][1][safepoint    ] Safepoint "RevokeBias", Time since last: 512791778 ns, Reaching safepoint: 79743 ns, At safepoint: 69193 ns, Total: 148936 ns
[2020-02-29T04:48:41.338+0000][1][safepoint    ] Safepoint "Cleanup", Time since last: 1000870379 ns, Reaching safepoint: 105490 ns, At safepoint: 7724 ns, Total: 113214 ns
[2020-02-29T04:48:42.341+0000][1][safepoint    ] Safepoint "Cleanup", Time since last: 1002799549 ns, Reaching safepoint: 82021 ns, At safepoint: 7358 ns, Total: 89379 ns
[2020-02-29T04:48:42.849+0000][1][safepoint    ] Safepoint "RevokeBias", Time since last: 508219071 ns, Reaching safepoint: 117938 ns, At safepoint: 17710 ns, Total: 135648 ns
[2020-02-29T04:48:43.851+0000][1][safepoint    ] Safepoint "Cleanup", Time since last: 1001883198 ns, Reaching safepoint: 100438 ns, At safepoint: 7118 ns, Total: 107556 ns
[2020-02-29T04:48:44.852+0000][1][safepoint    ] Safepoint "Cleanup", Time since last: 1000541003 ns, Reaching safepoint: 90833 ns, At safepoint: 9443 ns, Total: 100276 ns
[2020-02-29T04:48:45.377+0000][1][safepoint    ] Safepoint "RevokeBias", Time since last: 525543442 ns, Reaching safepoint: 74620 ns, At safepoint: 18115 ns, Total: 92735 ns
[2020-02-29T04:48:46.388+0000][1][safepoint    ] Safepoint "Cleanup", Time since last: 1010370491 ns, Reaching safepoint: 63643 ns, At safepoint: 7096 ns, Total: 70739 ns
[2020-02-29T04:48:47.393+0000][1][safepoint    ] Safepoint "Cleanup", Time since last: 1005240786 ns, Reaching safepoint: 60637 ns, At safepoint: 5528 ns, Total: 66165 ns
[2020-02-29T04:48:47.896+0000][1][safepoint    ] Safepoint "RevokeBias", Time since last: 502361869 ns, Reaching safepoint: 152918 ns, At safepoint: 21151 ns, Total: 174069 ns
[2020-02-29T04:48:48.901+0000][1][safepoint    ] Safepoint "Cleanup", Time since last: 1005260679 ns, Reaching safepoint: 70872 ns, At safepoint: 6792 ns, Total: 77664 ns
[2020-02-29T04:48:49.901+0000][1][safepoint    ] Safepoint "Cleanup", Time since last: 1000149410 ns, Reaching safepoint: 63084 ns, At safepoint: 7207 ns, Total: 70291 ns
[2020-02-29T04:48:50.406+0000][1][safepoint    ] Safepoint "RevokeBias", Time since last: 504648262 ns, Reaching safepoint: 77998 ns, At safepoint: 19923 ns, Total: 97921 ns
[2020-02-29T04:48:51.406+0000][1][safepoint    ] Safepoint "Cleanup", Time since last: 1000366854 ns, Reaching safepoint: 77002 ns, At safepoint: 6519 ns, Total: 83521 ns
[2020-02-29T04:48:52.413+0000][1][safepoint    ] Safepoint "Cleanup", Time since last: 1006655212 ns, Reaching safepoint: 154834 ns, At safepoint: 10629 ns, Total: 165463 ns
[2020-02-29T04:48:52.931+0000][1][safepoint    ] Safepoint "BulkRevokeBias", Time since last: 517470787 ns, Reaching safepoint: 54889 ns, At safepoint: 152217 ns, Total: 207106 ns
[2020-02-29T04:48:53.459+0000][1][gc,start     ] GC(32) Pause Young (Allocation Failure)
[2020-02-29T04:48:53.459+0000][1][gc,task      ] GC(32) Using 1 workers of 1 for evacuation
[2020-02-29T04:48:53.483+0000][1][gc,age       ] GC(32) Desired survivor size 4358144 bytes, new threshold 6 (max threshold 6)
[2020-02-29T04:48:53.483+0000][1][gc,age       ] GC(32) Age table with threshold 6 (max threshold 6)
[2020-02-29T04:48:53.483+0000][1][gc,age       ] GC(32) - age   1:      49456 bytes,      49456 total
[2020-02-29T04:48:53.483+0000][1][gc,age       ] GC(32) - age   2:      14576 bytes,      64032 total
[2020-02-29T04:48:53.483+0000][1][gc,age       ] GC(32) - age   3:     293352 bytes,     357384 total
[2020-02-29T04:48:53.483+0000][1][gc,age       ] GC(32) - age   4:    1787920 bytes,    2145304 total
[2020-02-29T04:48:53.483+0000][1][gc,heap      ] GC(32) ParNew: 72601K->3790K(76672K)
[2020-02-29T04:48:53.483+0000][1][gc,heap      ] GC(32) CMS: 60361K->60361K(963392K)
[2020-02-29T04:48:53.483+0000][1][gc,metaspace ] GC(32) Metaspace: 78449K->78449K(1122304K)
[2020-02-29T04:48:53.483+0000][1][gc           ] GC(32) Pause Young (Allocation Failure) 129M->62M(1015M) 23.802ms
[2020-02-29T04:48:53.483+0000][1][gc,cpu       ] GC(32) User=0.02s Sys=0.00s Real=0.03s
[2020-02-29T04:48:53.483+0000][1][safepoint    ] Safepoint "GenCollectForAllocation", Time since last: 528252711 ns, Reaching safepoint: 62108 ns, At safepoint: 23850954 ns, Total: 23913062 ns
[2020-02-29T04:48:54.484+0000][1][safepoint    ] Safepoint "Cleanup", Time since last: 1000514380 ns, Reaching safepoint: 127584 ns, At safepoint: 7256 ns, Total: 134840 ns
[2020-02-29T04:48:55.452+0000][1][safepoint    ] Safepoint "RevokeBias", Time since last: 968315543 ns, Reaching safepoint: 53305 ns, At safepoint: 15077 ns, Total: 68382 ns
[2020-02-29T04:48:56.454+0000][1][safepoint    ] Safepoint "Cleanup", Time since last: 1001547064 ns, Reaching safepoint: 59359 ns, At safepoint: 6166 ns, Total: 65525 ns
[2020-02-29T04:48:57.455+0000][1][safepoint    ] Safepoint "Cleanup", Time since last: 1001050676 ns, Reaching safepoint: 59315 ns, At safepoint: 5756 ns, Total: 65071 ns
[2020-02-29T04:48:57.966+0000][1][safepoint    ] Safepoint "RevokeBias", Time since last: 511297709 ns, Reaching safepoint: 91700 ns, At safepoint: 18135 ns, Total: 109835 ns
[2020-02-29T04:48:58.969+0000][1][safepoint    ] Safepoint "Cleanup", Time since last: 1002980572 ns, Reaching safepoint: 65995 ns, At safepoint: 6054 ns, Total: 72049 ns
[2020-02-29T04:48:59.979+0000][1][safepoint    ] Safepoint "Cleanup", Time since last: 1008987090 ns, Reaching safepoint: 218786 ns, At safepoint: 5657 ns, Total: 224443 ns
[2020-02-29T04:49:00.483+0000][1][safepoint    ] Safepoint "RevokeBias", Time since last: 504395558 ns, Reaching safepoint: 102742 ns, At safepoint: 20268 ns, Total: 123010 ns
[2020-02-29T04:49:01.487+0000][1][safepoint    ] Safepoint "Cleanup", Time since last: 1003790701 ns, Reaching safepoint: 56738 ns, At safepoint: 5551 ns, Total: 62289 ns
[2020-02-29T04:49:02.488+0000][1][safepoint    ] Safepoint "Cleanup", Time since last: 1001071596 ns, Reaching safepoint: 79168 ns, At safepoint: 5487 ns, Total: 84655 ns
[2020-02-29T04:49:03.002+0000][1][safepoint    ] Safepoint "RevokeBias", Time since last: 514093035 ns, Reaching safepoint: 74020 ns, At safepoint: 17635 ns, Total: 91655 ns
[2020-02-29T04:49:04.005+0000][1][safepoint    ] Safepoint "Cleanup", Time since last: 1002348854 ns, Reaching safepoint: 141419 ns, At safepoint: 21209 ns, Total: 162628 ns
[2020-02-29T04:49:05.006+0000][1][safepoint    ] Safepoint "Cleanup", Time since last: 1000883041 ns, Reaching safepoint: 78765 ns, At safepoint: 6818 ns, Total: 85583 ns
[2020-02-29T04:49:05.519+0000][1][safepoint    ] Safepoint "RevokeBias", Time since last: 512727968 ns, Reaching safepoint: 53556 ns, At safepoint: 17122 ns, Total: 70678 ns
[2020-02-29T04:49:06.522+0000][1][safepoint    ] Safepoint "Cleanup", Time since last: 1003671229 ns, Reaching safepoint: 64399 ns, At safepoint: 8635 ns, Total: 73034 ns
[2020-02-29T04:49:07.523+0000][1][safepoint    ] Safepoint "Cleanup", Time since last: 1000499426 ns, Reaching safepoint: 64599 ns, At safepoint: 6992 ns, Total: 71591 ns
[2020-02-29T04:49:08.046+0000][1][safepoint    ] Safepoint "RevokeBias", Time since last: 523490967 ns, Reaching safepoint: 79200 ns, At safepoint: 18666 ns, Total: 97866 ns
[2020-02-29T04:49:09.053+0000][1][safepoint    ] Safepoint "Cleanup", Time since last: 1005979085 ns, Reaching safepoint: 116747 ns, At safepoint: 54744 ns, Total: 171491 ns
[2020-02-29T04:49:10.057+0000][1][safepoint    ] Safepoint "Cleanup", Time since last: 1000754825 ns, Reaching safepoint: 3805474 ns, At safepoint: 10891 ns, Total: 3816365 ns
[2020-02-29T04:49:10.570+0000][1][safepoint    ] Safepoint "RevokeBias", Time since last: 512572911 ns, Reaching safepoint: 57925 ns, At safepoint: 106920 ns, Total: 164845 ns
[2020-02-29T04:49:11.572+0000][1][safepoint    ] Safepoint "Cleanup", Time since last: 1002273307 ns, Reaching safepoint: 81146 ns, At safepoint: 6958 ns, Total: 88104 ns
[2020-02-29T04:49:12.574+0000][1][safepoint    ] Safepoint "Cleanup", Time since last: 1001473222 ns, Reaching safepoint: 66861 ns, At safepoint: 7678 ns, Total: 74539 ns
[2020-02-29T04:49:13.090+0000][1][safepoint    ] Safepoint "RevokeBias", Time since last: 516242227 ns, Reaching safepoint: 145012 ns, At safepoint: 36760 ns, Total: 181772 ns
[2020-02-29T04:49:14.093+0000][1][safepoint    ] Safepoint "Cleanup", Time since last: 1002551179 ns, Reaching safepoint: 84195 ns, At safepoint: 7630 ns, Total: 91825 ns
[2020-02-29T04:49:15.096+0000][1][safepoint    ] Safepoint "Cleanup", Time since last: 1003028075 ns, Reaching safepoint: 64036 ns, At safepoint: 6815 ns, Total: 70851 ns
[2020-02-29T04:49:15.613+0000][1][safepoint    ] Safepoint "RevokeBias", Time since last: 516433641 ns, Reaching safepoint: 136791 ns, At safepoint: 39434 ns, Total: 176225 ns
[2020-02-29T04:49:16.616+0000][1][safepoint    ] Safepoint "Cleanup", Time since last: 1003187682 ns, Reaching safepoint: 107192 ns, At safepoint: 12245 ns, Total: 119437 ns
[2020-02-29T04:49:17.616+0000][1][safepoint    ] Safepoint "Cleanup", Time since last: 1000454670 ns, Reaching safepoint: 91730 ns, At safepoint: 10327 ns, Total: 102057 ns
[2020-02-29T04:49:18.137+0000][1][safepoint    ] Safepoint "RevokeBias", Time since last: 520656314 ns, Reaching safepoint: 69406 ns, At safepoint: 15363 ns, Total: 84769 ns
[2020-02-29T04:49:19.138+0000][1][safepoint    ] Safepoint "Cleanup", Time since last: 1000842105 ns, Reaching safepoint: 141072 ns, At safepoint: 8480 ns, Total: 149552 ns
[2020-02-29T04:49:20.144+0000][1][safepoint    ] Safepoint "Cleanup", Time since last: 1005781797 ns, Reaching safepoint: 94996 ns, At safepoint: 6908 ns, Total: 101904 ns
[2020-02-29T04:49:20.659+0000][1][safepoint    ] Safepoint "RevokeBias", Time since last: 514887106 ns, Reaching safepoint: 53003 ns, At safepoint: 15847 ns, Total: 68850 ns
[2020-02-29T04:49:21.660+0000][1][safepoint    ] Safepoint "Cleanup", Time since last: 1001032387 ns, Reaching safepoint: 62810 ns, At safepoint: 7085 ns, Total: 69895 ns
[2020-02-29T04:49:22.661+0000][1][safepoint    ] Safepoint "Cleanup", Time since last: 1001099175 ns, Reaching safepoint: 94723 ns, At safepoint: 6351 ns, Total: 101074 ns
[2020-02-29T04:49:23.169+0000][1][safepoint    ] Safepoint "RevokeBias", Time since last: 507433902 ns, Reaching safepoint: 82270 ns, At safepoint: 16968 ns, Total: 99238 ns
[2020-02-29T04:49:24.169+0000][1][safepoint    ] Safepoint "Cleanup", Time since last: 1000264686 ns, Reaching safepoint: 91393 ns, At safepoint: 7927 ns, Total: 99320 ns
[2020-02-29T04:49:25.170+0000][1][safepoint    ] Safepoint "Cleanup", Time since last: 1000569044 ns, Reaching safepoint: 85057 ns, At safepoint: 7433 ns, Total: 92490 ns
[2020-02-29T04:49:25.686+0000][1][safepoint    ] Safepoint "RevokeBias", Time since last: 516172918 ns, Reaching safepoint: 135385 ns, At safepoint: 36076 ns, Total: 171461 ns
[2020-02-29T04:49:26.694+0000][1][safepoint    ] Safepoint "Cleanup", Time since last: 1007642116 ns, Reaching safepoint: 62706 ns, At safepoint: 7006 ns, Total: 69712 ns
[2020-02-29T04:49:27.697+0000][1][safepoint    ] Safepoint "Cleanup", Time since last: 1003095516 ns, Reaching safepoint: 79723 ns, At safepoint: 6296 ns, Total: 86019 ns
[2020-02-29T04:49:28.212+0000][1][safepoint    ] Safepoint "RevokeBias", Time since last: 514376270 ns, Reaching safepoint: 61460 ns, At safepoint: 15914 ns, Total: 77374 ns
[2020-02-29T04:49:29.216+0000][1][safepoint    ] Safepoint "Cleanup", Time since last: 1004147636 ns, Reaching safepoint: 64178 ns, At safepoint: 6927 ns, Total: 71105 ns
[2020-02-29T04:49:30.225+0000][1][safepoint    ] Safepoint "Cleanup", Time since last: 1009448658 ns, Reaching safepoint: 78698 ns, At safepoint: 7154 ns, Total: 85852 ns
[2020-02-29T04:49:30.727+0000][1][safepoint    ] Safepoint "RevokeBias", Time since last: 501447386 ns, Reaching safepoint: 76120 ns, At safepoint: 17481 ns, Total: 93601 ns
[2020-02-29T04:49:31.727+0000][1][safepoint    ] Safepoint "Cleanup", Time since last: 1000312239 ns, Reaching safepoint: 116103 ns, At safepoint: 7178 ns, Total: 123281 ns
[2020-02-29T04:49:32.728+0000][1][safepoint    ] Safepoint "Cleanup", Time since last: 1000329661 ns, Reaching safepoint: 129621 ns, At safepoint: 7006 ns, Total: 136627 ns
[2020-02-29T04:49:33.248+0000][1][safepoint    ] Safepoint "RevokeBias", Time since last: 520443695 ns, Reaching safepoint: 80134 ns, At safepoint: 18454 ns, Total: 98588 ns
[2020-02-29T04:49:34.253+0000][1][safepoint    ] Safepoint "Cleanup", Time since last: 1004855351 ns, Reaching safepoint: 219719 ns, At safepoint: 28083 ns, Total: 247802 ns
[2020-02-29T04:49:35.255+0000][1][safepoint    ] Safepoint "Cleanup", Time since last: 1001733225 ns, Reaching safepoint: 105972 ns, At safepoint: 26155 ns, Total: 132127 ns
[2020-02-29T04:49:35.796+0000][1][safepoint    ] Safepoint "RevokeBias", Time since last: 535310452 ns, Reaching safepoint: 5197968 ns, At safepoint: 26917 ns, Total: 5224885 ns
[2020-02-29T04:49:36.797+0000][1][safepoint    ] Safepoint "Cleanup", Time since last: 1001351533 ns, Reaching safepoint: 83763 ns, At safepoint: 7512 ns, Total: 91275 ns
[2020-02-29T04:49:37.798+0000][1][safepoint    ] Safepoint "Cleanup", Time since last: 1000287113 ns, Reaching safepoint: 65407 ns, At safepoint: 7760 ns, Total: 73167 ns
[2020-02-29T04:49:38.312+0000][1][safepoint    ] Safepoint "RevokeBias", Time since last: 514518154 ns, Reaching safepoint: 57551 ns, At safepoint: 16599 ns, Total: 74150 ns
[2020-02-29T04:49:39.313+0000][1][safepoint    ] Safepoint "Cleanup", Time since last: 1000545275 ns, Reaching safepoint: 62515 ns, At safepoint: 7029 ns, Total: 69544 ns
[2020-02-29T04:49:40.318+0000][1][safepoint    ] Safepoint "Cleanup", Time since last: 1005419109 ns, Reaching safepoint: 64927 ns, At safepoint: 7486 ns, Total: 72413 ns
[2020-02-29T04:49:40.822+0000][1][safepoint    ] Safepoint "RevokeBias", Time since last: 503477913 ns, Reaching safepoint: 54480 ns, At safepoint: 16106 ns, Total: 70586 ns
[2020-02-29T04:49:41.822+0000][1][safepoint    ] Safepoint "Cleanup", Time since last: 1000313481 ns, Reaching safepoint: 95313 ns, At safepoint: 7321 ns, Total: 102634 ns
[2020-02-29T04:49:42.823+0000][1][safepoint    ] Safepoint "Cleanup", Time since last: 1000221099 ns, Reaching safepoint: 97326 ns, At safepoint: 7403 ns, Total: 104729 ns
[2020-02-29T04:49:43.340+0000][1][safepoint    ] Safepoint "RevokeBias", Time since last: 516996281 ns, Reaching safepoint: 99015 ns, At safepoint: 18445 ns, Total: 117460 ns
[2020-02-29T04:49:44.347+0000][1][safepoint    ] Safepoint "Cleanup", Time since last: 1006641807 ns, Reaching safepoint: 136740 ns, At safepoint: 7474 ns, Total: 144214 ns
[2020-02-29T04:49:45.350+0000][1][safepoint    ] Safepoint "Cleanup", Time since last: 1003703999 ns, Reaching safepoint: 63695 ns, At safepoint: 5881 ns, Total: 69576 ns
[2020-02-29T04:49:45.869+0000][1][safepoint    ] Safepoint "RevokeBias", Time since last: 518452522 ns, Reaching safepoint: 114090 ns, At safepoint: 17727 ns, Total: 131817 ns
[2020-02-29T04:49:46.870+0000][1][safepoint    ] Safepoint "Cleanup", Time since last: 1000885429 ns, Reaching safepoint: 134828 ns, At safepoint: 7717 ns, Total: 142545 ns
[2020-02-29T04:49:47.878+0000][1][safepoint    ] Safepoint "Cleanup", Time since last: 1008405374 ns, Reaching safepoint: 91198 ns, At safepoint: 7699 ns, Total: 98897 ns
[2020-02-29T04:49:48.382+0000][1][safepoint    ] Safepoint "RevokeBias", Time since last: 503229970 ns, Reaching safepoint: 78149 ns, At safepoint: 17647 ns, Total: 95796 ns
[2020-02-29T04:49:49.382+0000][1][safepoint    ] Safepoint "Cleanup", Time since last: 1000170991 ns, Reaching safepoint: 85080 ns, At safepoint: 8623 ns, Total: 93703 ns
[2020-02-29T04:49:50.389+0000][1][safepoint    ] Safepoint "Cleanup", Time since last: 1007116213 ns, Reaching safepoint: 65153 ns, At safepoint: 7414 ns, Total: 72567 ns
[2020-02-29T04:49:50.899+0000][1][safepoint    ] Safepoint "RevokeBias", Time since last: 509477940 ns, Reaching safepoint: 57468 ns, At safepoint: 16735 ns, Total: 74203 ns
[2020-02-29T04:49:51.906+0000][1][safepoint    ] Safepoint "Cleanup", Time since last: 1007235032 ns, Reaching safepoint: 65385 ns, At safepoint: 7422 ns, Total: 72807 ns
[2020-02-29T04:49:52.907+0000][1][safepoint    ] Safepoint "Cleanup", Time since last: 1000631783 ns, Reaching safepoint: 64554 ns, At safepoint: 6648 ns, Total: 71202 ns
[2020-02-29T04:49:53.440+0000][1][safepoint    ] Safepoint "RevokeBias", Time since last: 532761686 ns, Reaching safepoint: 54692 ns, At safepoint: 17819 ns, Total: 72511 ns
[2020-02-29T04:49:54.441+0000][1][safepoint    ] Safepoint "Cleanup", Time since last: 1001478545 ns, Reaching safepoint: 67260 ns, At safepoint: 7848 ns, Total: 75108 ns
[2020-02-29T04:49:55.442+0000][1][safepoint    ] Safepoint "Cleanup", Time since last: 1001108942 ns, Reaching safepoint: 65711 ns, At safepoint: 7985 ns, Total: 73696 ns
[2020-02-29T04:49:55.952+0000][1][safepoint    ] Safepoint "RevokeBias", Time since last: 509117970 ns, Reaching safepoint: 110251 ns, At safepoint: 20381 ns, Total: 130632 ns
[2020-02-29T04:49:56.955+0000][1][safepoint    ] Safepoint "Cleanup", Time since last: 1003405847 ns, Reaching safepoint: 79982 ns, At safepoint: 8895 ns, Total: 88877 ns
[2020-02-29T04:49:57.964+0000][1][safepoint    ] Safepoint "Cleanup", Time since last: 1009127464 ns, Reaching safepoint: 72305 ns, At safepoint: 8477 ns, Total: 80782 ns
[2020-02-29T04:49:58.476+0000][1][safepoint    ] Safepoint "RevokeBias", Time since last: 511256015 ns, Reaching safepoint: 54976 ns, At safepoint: 15770 ns, Total: 70746 ns
[2020-02-29T04:49:59.476+0000][1][safepoint    ] Safepoint "Cleanup", Time since last: 1000463050 ns, Reaching safepoint: 88156 ns, At safepoint: 8317 ns, Total: 96473 ns
[2020-02-29T04:50:00.477+0000][1][safepoint    ] Safepoint "Cleanup", Time since last: 1000372208 ns, Reaching safepoint: 98646 ns, At safepoint: 10496 ns, Total: 109142 ns
[2020-02-29T04:50:00.996+0000][1][safepoint    ] Safepoint "RevokeBias", Time since last: 518767431 ns, Reaching safepoint: 56157 ns, At safepoint: 16299 ns, Total: 72456 ns
[2020-02-29T04:50:02.000+0000][1][safepoint    ] Safepoint "Cleanup", Time since last: 1004756934 ns, Reaching safepoint: 59240 ns, At safepoint: 6634 ns, Total: 65874 ns
[2020-02-29T04:50:03.005+0000][1][safepoint    ] Safepoint "Cleanup", Time since last: 1005051711 ns, Reaching safepoint: 62369 ns, At safepoint: 6644 ns, Total: 69013 ns
[2020-02-29T04:50:03.514+0000][1][safepoint    ] Safepoint "RevokeBias", Time since last: 508062076 ns, Reaching safepoint: 54062 ns, At safepoint: 16675 ns, Total: 70737 ns
[2020-02-29T04:50:04.515+0000][1][safepoint    ] Safepoint "Cleanup", Time since last: 1001236912 ns, Reaching safepoint: 65007 ns, At safepoint: 7495 ns, Total: 72502 ns
[2020-02-29T04:50:05.517+0000][1][safepoint    ] Safepoint "Cleanup", Time since last: 1002159246 ns, Reaching safepoint: 61062 ns, At safepoint: 5833 ns, Total: 66895 ns
[2020-02-29T04:50:06.030+0000][1][safepoint    ] Safepoint "BulkRevokeBias", Time since last: 512205344 ns, Reaching safepoint: 100208 ns, At safepoint: 214421 ns, Total: 314629 ns
[2020-02-29T04:50:07.030+0000][1][safepoint    ] Safepoint "Cleanup", Time since last: 1000390436 ns, Reaching safepoint: 85298 ns, At safepoint: 7460 ns, Total: 92758 ns
[2020-02-29T04:50:08.030+0000][1][safepoint    ] Safepoint "Cleanup", Time since last: 1000262505 ns, Reaching safepoint: 95635 ns, At safepoint: 8942 ns, Total: 104577 ns
[2020-02-29T04:50:08.546+0000][1][safepoint    ] Safepoint "RevokeBias", Time since last: 515461220 ns, Reaching safepoint: 55253 ns, At safepoint: 16590 ns, Total: 71843 ns
[2020-02-29T04:50:09.548+0000][1][safepoint    ] Safepoint "Cleanup", Time since last: 1002194437 ns, Reaching safepoint: 82221 ns, At safepoint: 20547 ns, Total: 102768 ns
[2020-02-29T04:50:10.554+0000][1][safepoint    ] Safepoint "Cleanup", Time since last: 1005721643 ns, Reaching safepoint: 96921 ns, At safepoint: 7766 ns, Total: 104687 ns
[2020-02-29T04:50:11.070+0000][1][safepoint    ] Safepoint "RevokeBias", Time since last: 515756468 ns, Reaching safepoint: 57467 ns, At safepoint: 17129 ns, Total: 74596 ns
[2020-02-29T04:50:12.079+0000][1][safepoint    ] Safepoint "Cleanup", Time since last: 1008609954 ns, Reaching safepoint: 62320 ns, At safepoint: 6723 ns, Total: 69043 ns
[2020-02-29T04:50:13.082+0000][1][safepoint    ] Safepoint "Cleanup", Time since last: 1003511889 ns, Reaching safepoint: 210125 ns, At safepoint: 20208 ns, Total: 230333 ns
[2020-02-29T04:50:13.608+0000][1][safepoint    ] Safepoint "RevokeBias", Time since last: 524789916 ns, Reaching safepoint: 346551 ns, At safepoint: 19591 ns, Total: 366142 ns
[2020-02-29T04:50:14.614+0000][1][safepoint    ] Safepoint "Cleanup", Time since last: 1006267548 ns, Reaching safepoint: 104674 ns, At safepoint: 22375 ns, Total: 127049 ns
[2020-02-29T04:50:15.616+0000][1][safepoint    ] Safepoint "Cleanup", Time since last: 1002357491 ns, Reaching safepoint: 117026 ns, At safepoint: 8375 ns, Total: 125401 ns
[2020-02-29T04:50:16.118+0000][1][safepoint    ] Safepoint "RevokeBias", Time since last: 501962436 ns, Reaching safepoint: 75750 ns, At safepoint: 17983 ns, Total: 93733 ns
[2020-02-29T04:50:17.125+0000][1][safepoint    ] Safepoint "Cleanup", Time since last: 1006676377 ns, Reaching safepoint: 64485 ns, At safepoint: 7379 ns, Total: 71864 ns
[2020-02-29T04:50:18.132+0000][1][safepoint    ] Safepoint "Cleanup", Time since last: 1006867214 ns, Reaching safepoint: 62026 ns, At safepoint: 6800 ns, Total: 68826 ns
[2020-02-29T04:50:18.658+0000][1][safepoint    ] Safepoint "RevokeBias", Time since last: 525603437 ns, Reaching safepoint: 54031 ns, At safepoint: 16185 ns, Total: 70216 ns
[2020-02-29T04:50:19.660+0000][1][safepoint    ] Safepoint "Cleanup", Time since last: 1002190764 ns, Reaching safepoint: 93291 ns, At safepoint: 11296 ns, Total: 104587 ns
[2020-02-29T04:50:20.665+0000][1][safepoint    ] Safepoint "Cleanup", Time since last: 1004967734 ns, Reaching safepoint: 139932 ns, At safepoint: 21291 ns, Total: 161223 ns
[2020-02-29T04:50:21.174+0000][1][safepoint    ] Safepoint "RevokeBias", Time since last: 508878346 ns, Reaching safepoint: 137364 ns, At safepoint: 17949 ns, Total: 155313 ns
[2020-02-29T04:50:22.182+0000][1][safepoint    ] Safepoint "Cleanup", Time since last: 1007749277 ns, Reaching safepoint: 83897 ns, At safepoint: 7869 ns, Total: 91766 ns
[2020-02-29T04:50:23.190+0000][1][safepoint    ] Safepoint "Cleanup", Time since last: 1007379143 ns, Reaching safepoint: 82291 ns, At safepoint: 7124 ns, Total: 89415 ns
[2020-02-29T04:50:23.693+0000][1][safepoint    ] Safepoint "RevokeBias", Time since last: 503005933 ns, Reaching safepoint: 134226 ns, At safepoint: 21400 ns, Total: 155626 ns
[2020-02-29T04:50:24.701+0000][1][safepoint    ] Safepoint "Cleanup", Time since last: 1008380262 ns, Reaching safepoint: 64386 ns, At safepoint: 7026 ns, Total: 71412 ns
[2020-02-29T04:50:25.702+0000][1][safepoint    ] Safepoint "Cleanup", Time since last: 1000756689 ns, Reaching safepoint: 108185 ns, At safepoint: 9378 ns, Total: 117563 ns
[2020-02-29T04:50:26.226+0000][1][safepoint    ] Safepoint "RevokeBias", Time since last: 523451170 ns, Reaching safepoint: 204509 ns, At safepoint: 28716 ns, Total: 233225 ns
[2020-02-29T04:50:27.231+0000][1][safepoint    ] Safepoint "Cleanup", Time since last: 1005245833 ns, Reaching safepoint: 64798 ns, At safepoint: 7099 ns, Total: 71897 ns
[2020-02-29T04:50:28.232+0000][1][safepoint    ] Safepoint "Cleanup", Time since last: 1000720348 ns, Reaching safepoint: 64882 ns, At safepoint: 7362 ns, Total: 72244 ns
[2020-02-29T04:50:28.745+0000][1][safepoint    ] Safepoint "RevokeBias", Time since last: 512699967 ns, Reaching safepoint: 75624 ns, At safepoint: 18103 ns, Total: 93727 ns
[2020-02-29T04:50:29.745+0000][1][safepoint    ] Safepoint "Cleanup", Time since last: 1000334160 ns, Reaching safepoint: 96899 ns, At safepoint: 10581 ns, Total: 107480 ns
[2020-02-29T04:50:30.751+0000][1][safepoint    ] Safepoint "Cleanup", Time since last: 1005991492 ns, Reaching safepoint: 65034 ns, At safepoint: 7133 ns, Total: 72167 ns
[2020-02-29T04:50:31.259+0000][1][safepoint    ] Safepoint "RevokeBias", Time since last: 507633650 ns, Reaching safepoint: 76486 ns, At safepoint: 18187 ns, Total: 94673 ns
[2020-02-29T04:50:32.260+0000][1][safepoint    ] Safepoint "Cleanup", Time since last: 1001204574 ns, Reaching safepoint: 77216 ns, At safepoint: 6603 ns, Total: 83819 ns
[2020-02-29T04:50:33.262+0000][1][safepoint    ] Safepoint "Cleanup", Time since last: 1001818342 ns, Reaching safepoint: 67230 ns, At safepoint: 6955 ns, Total: 74185 ns
[2020-02-29T04:50:33.787+0000][1][safepoint    ] Safepoint "RevokeBias", Time since last: 525183686 ns, Reaching safepoint: 54723 ns, At safepoint: 16188 ns, Total: 70911 ns
[2020-02-29T04:50:34.789+0000][1][safepoint    ] Safepoint "Cleanup", Time since last: 1001197980 ns, Reaching safepoint: 80958 ns, At safepoint: 5772 ns, Total: 86730 ns
[2020-02-29T04:50:35.790+0000][1][safepoint    ] Safepoint "Cleanup", Time since last: 1001104802 ns, Reaching safepoint: 97596 ns, At safepoint: 7000 ns, Total: 104596 ns
[2020-02-29T04:50:36.300+0000][1][safepoint    ] Safepoint "RevokeBias", Time since last: 510054055 ns, Reaching safepoint: 274739 ns, At safepoint: 50648 ns, Total: 325387 ns
[2020-02-29T04:50:37.301+0000][1][safepoint    ] Safepoint "Cleanup", Time since last: 1000294746 ns, Reaching safepoint: 226353 ns, At safepoint: 26733 ns, Total: 253086 ns
[2020-02-29T04:50:38.306+0000][1][safepoint    ] Safepoint "Cleanup", Time since last: 1004658357 ns, Reaching safepoint: 68785 ns, At safepoint: 7281 ns, Total: 76066 ns
[2020-02-29T04:50:38.823+0000][1][safepoint    ] Safepoint "RevokeBias", Time since last: 517396418 ns, Reaching safepoint: 52367 ns, At safepoint: 15826 ns, Total: 68193 ns
[2020-02-29T04:50:39.827+0000][1][safepoint    ] Safepoint "Cleanup", Time since last: 1004080656 ns, Reaching safepoint: 85330 ns, At safepoint: 7493 ns, Total: 92823 ns
[2020-02-29T04:50:40.828+0000][1][safepoint    ] Safepoint "Cleanup", Time since last: 1000504227 ns, Reaching safepoint: 91263 ns, At safepoint: 8318 ns, Total: 99581 ns
[2020-02-29T04:50:41.341+0000][1][safepoint    ] Safepoint "RevokeBias", Time since last: 513640138 ns, Reaching safepoint: 77711 ns, At safepoint: 18191 ns, Total: 95902 ns
[2020-02-29T04:50:42.344+0000][1][safepoint    ] Safepoint "Cleanup", Time since last: 1002218615 ns, Reaching safepoint: 82327 ns, At safepoint: 7632 ns, Total: 89959 ns
[2020-02-29T04:50:43.348+0000][1][safepoint    ] Safepoint "Cleanup", Time since last: 1004040999 ns, Reaching safepoint: 167564 ns, At safepoint: 26698 ns, Total: 194262 ns
[2020-02-29T04:50:43.876+0000][1][safepoint    ] Safepoint "RevokeBias", Time since last: 527499697 ns, Reaching safepoint: 59602 ns, At safepoint: 16301 ns, Total: 75903 ns
[2020-02-29T04:50:44.880+0000][1][safepoint    ] Safepoint "Cleanup", Time since last: 1004566270 ns, Reaching safepoint: 65318 ns, At safepoint: 6859 ns, Total: 72177 ns
[2020-02-29T04:50:45.881+0000][1][safepoint    ] Safepoint "Cleanup", Time since last: 1001168618 ns, Reaching safepoint: 72744 ns, At safepoint: 7292 ns, Total: 80036 ns
[2020-02-29T04:50:46.406+0000][1][safepoint    ] Safepoint "RevokeBias", Time since last: 524136070 ns, Reaching safepoint: 54833 ns, At safepoint: 16986 ns, Total: 71819 ns
[2020-02-29T04:50:47.407+0000][1][safepoint    ] Safepoint "Cleanup", Time since last: 1001701922 ns, Reaching safepoint: 64250 ns, At safepoint: 6982 ns, Total: 71232 ns
[2020-02-29T04:50:48.408+0000][1][safepoint    ] Safepoint "Cleanup", Time since last: 1000513135 ns, Reaching safepoint: 96520 ns, At safepoint: 8908 ns, Total: 105428 ns
[2020-02-29T04:50:48.929+0000][1][safepoint    ] Safepoint "RevokeBias", Time since last: 520404509 ns, Reaching safepoint: 79600 ns, At safepoint: 18034 ns, Total: 97634 ns
[2020-02-29T04:50:49.931+0000][1][safepoint    ] Safepoint "Cleanup", Time since last: 1002652402 ns, Reaching safepoint: 83451 ns, At safepoint: 7875 ns, Total: 91326 ns
[2020-02-29T04:50:50.940+0000][1][safepoint    ] Safepoint "Cleanup", Time since last: 1009076366 ns, Reaching safepoint: 70853 ns, At safepoint: 7526 ns, Total: 78379 ns
[2020-02-29T04:50:51.445+0000][1][safepoint    ] Safepoint "RevokeBias", Time since last: 504779352 ns, Reaching safepoint: 114503 ns, At safepoint: 47076 ns, Total: 161579 ns
[2020-02-29T04:50:52.450+0000][1][safepoint    ] Safepoint "Cleanup", Time since last: 1004620402 ns, Reaching safepoint: 62994 ns, At safepoint: 7991 ns, Total: 70985 ns
[2020-02-29T04:50:53.455+0000][1][safepoint    ] Safepoint "Cleanup", Time since last: 1004979426 ns, Reaching safepoint: 105808 ns, At safepoint: 7281 ns, Total: 113089 ns
[2020-02-29T04:50:53.980+0000][1][safepoint    ] Safepoint "RevokeBias", Time since last: 524673350 ns, Reaching safepoint: 76434 ns, At safepoint: 18747 ns, Total: 95181 ns
[2020-02-29T04:50:54.982+0000][1][safepoint    ] Safepoint "Cleanup", Time since last: 1001844679 ns, Reaching safepoint: 86561 ns, At safepoint: 8100 ns, Total: 94661 ns
[2020-02-29T04:50:55.982+0000][1][safepoint    ] Safepoint "Cleanup", Time since last: 1000440031 ns, Reaching safepoint: 96437 ns, At safepoint: 10017 ns, Total: 106454 ns
[2020-02-29T04:50:56.510+0000][1][safepoint    ] Safepoint "RevokeBias", Time since last: 527015044 ns, Reaching safepoint: 71567 ns, At safepoint: 19176 ns, Total: 90743 ns
[2020-02-29T04:50:57.511+0000][1][safepoint    ] Safepoint "Cleanup", Time since last: 1001064761 ns, Reaching safepoint: 96253 ns, At safepoint: 6512 ns, Total: 102765 ns
[2020-02-29T04:50:58.515+0000][1][safepoint    ] Safepoint "Cleanup", Time since last: 1004092444 ns, Reaching safepoint: 103588 ns, At safepoint: 7441 ns, Total: 111029 ns
[2020-02-29T04:50:59.030+0000][1][safepoint    ] Safepoint "RevokeBias", Time since last: 515236841 ns, Reaching safepoint: 152233 ns, At safepoint: 20302 ns, Total: 172535 ns
[2020-02-29T04:51:00.031+0000][1][safepoint    ] Safepoint "Cleanup", Time since last: 1000422425 ns, Reaching safepoint: 66775 ns, At safepoint: 7653 ns, Total: 74428 ns
[2020-02-29T04:51:01.032+0000][1][safepoint    ] Safepoint "Cleanup", Time since last: 1001466333 ns, Reaching safepoint: 81936 ns, At safepoint: 7247 ns, Total: 89183 ns
[2020-02-29T04:51:01.542+0000][1][safepoint    ] Safepoint "RevokeBias", Time since last: 509686979 ns, Reaching safepoint: 79963 ns, At safepoint: 18191 ns, Total: 98154 ns
[2020-02-29T04:51:02.543+0000][1][safepoint    ] Safepoint "Cleanup", Time since last: 1000895711 ns, Reaching safepoint: 64402 ns, At safepoint: 7147 ns, Total: 71549 ns
[2020-02-29T04:51:03.544+0000][1][safepoint    ] Safepoint "Cleanup", Time since last: 1001230841 ns, Reaching safepoint: 84701 ns, At safepoint: 7647 ns, Total: 92348 ns
[2020-02-29T04:51:04.055+0000][1][safepoint    ] Safepoint "RevokeBias", Time since last: 510233973 ns, Reaching safepoint: 83687 ns, At safepoint: 80429 ns, Total: 164116 ns
[2020-02-29T04:51:05.058+0000][1][safepoint    ] Safepoint "Cleanup", Time since last: 1003314757 ns, Reaching safepoint: 99237 ns, At safepoint: 7287 ns, Total: 106524 ns
[2020-02-29T04:51:06.063+0000][1][safepoint    ] Safepoint "Cleanup", Time since last: 1004521121 ns, Reaching safepoint: 63478 ns, At safepoint: 7499 ns, Total: 70977 ns
[2020-02-29T04:51:06.577+0000][1][safepoint    ] Safepoint "RevokeBias", Time since last: 513734817 ns, Reaching safepoint: 55190 ns, At safepoint: 16841 ns, Total: 72031 ns
[2020-02-29T04:51:07.579+0000][1][safepoint    ] Safepoint "Cleanup", Time since last: 1001940276 ns, Reaching safepoint: 84464 ns, At safepoint: 6999 ns, Total: 91463 ns
[2020-02-29T04:51:08.579+0000][1][safepoint    ] Safepoint "Cleanup", Time since last: 1000239197 ns, Reaching safepoint: 65982 ns, At safepoint: 7030 ns, Total: 73012 ns
[2020-02-29T04:51:09.088+0000][1][safepoint    ] Safepoint "RevokeBias", Time since last: 508953427 ns, Reaching safepoint: 76866 ns, At safepoint: 17378 ns, Total: 94244 ns
[2020-02-29T04:51:10.047+0000][1][gc,start     ] GC(33) Pause Young (Allocation Failure)
[2020-02-29T04:51:10.047+0000][1][gc,task      ] GC(33) Using 1 workers of 1 for evacuation
[2020-02-29T04:51:10.071+0000][1][gc,age       ] GC(33) Desired survivor size 4358144 bytes, new threshold 6 (max threshold 6)
[2020-02-29T04:51:10.071+0000][1][gc,age       ] GC(33) Age table with threshold 6 (max threshold 6)
[2020-02-29T04:51:10.071+0000][1][gc,age       ] GC(33) - age   1:      15944 bytes,      15944 total
[2020-02-29T04:51:10.071+0000][1][gc,age       ] GC(33) - age   2:      37864 bytes,      53808 total
[2020-02-29T04:51:10.071+0000][1][gc,age       ] GC(33) - age   3:      14576 bytes,      68384 total
[2020-02-29T04:51:10.071+0000][1][gc,age       ] GC(33) - age   4:     293352 bytes,     361736 total
[2020-02-29T04:51:10.071+0000][1][gc,age       ] GC(33) - age   5:    1787920 bytes,    2149656 total
[2020-02-29T04:51:10.071+0000][1][gc,heap      ] GC(33) ParNew: 71950K->2518K(76672K)
[2020-02-29T04:51:10.071+0000][1][gc,heap      ] GC(33) CMS: 60361K->60361K(963392K)
[2020-02-29T04:51:10.071+0000][1][gc,metaspace ] GC(33) Metaspace: 78585K->78585K(1122304K)
[2020-02-29T04:51:10.071+0000][1][gc           ] GC(33) Pause Young (Allocation Failure) 129M->61M(1015M) 24.102ms
[2020-02-29T04:51:10.071+0000][1][gc,cpu       ] GC(33) User=0.02s Sys=0.00s Real=0.03s
[2020-02-29T04:51:10.071+0000][1][safepoint    ] Safepoint "GenCollectForAllocation", Time since last: 958640692 ns, Reaching safepoint: 68001 ns, At safepoint: 24155635 ns, Total: 24223636 ns
[2020-02-29T04:51:11.080+0000][1][safepoint    ] Safepoint "Cleanup", Time since last: 1008664463 ns, Reaching safepoint: 72362 ns, At safepoint: 7799 ns, Total: 80161 ns
[2020-02-29T04:51:11.600+0000][1][safepoint    ] Safepoint "RevokeBias", Time since last: 520305738 ns, Reaching safepoint: 59961 ns, At safepoint: 17735 ns, Total: 77696 ns
[2020-02-29T04:51:12.601+0000][1][safepoint    ] Safepoint "Cleanup", Time since last: 1001105999 ns, Reaching safepoint: 81381 ns, At safepoint: 6532 ns, Total: 87913 ns
[2020-02-29T04:51:13.602+0000][1][safepoint    ] Safepoint "Cleanup", Time since last: 1000702264 ns, Reaching safepoint: 83411 ns, At safepoint: 7572 ns, Total: 90983 ns
[2020-02-29T04:51:14.127+0000][1][safepoint    ] Safepoint "RevokeBias", Time since last: 525195956 ns, Reaching safepoint: 75879 ns, At safepoint: 18471 ns, Total: 94350 ns
[2020-02-29T04:51:15.128+0000][1][safepoint    ] Safepoint "Cleanup", Time since last: 1000215531 ns, Reaching safepoint: 66517 ns, At safepoint: 7417 ns, Total: 73934 ns
[2020-02-29T04:51:16.129+0000][1][safepoint    ] Safepoint "Cleanup", Time since last: 1001086469 ns, Reaching safepoint: 64939 ns, At safepoint: 7841 ns, Total: 72780 ns
[2020-02-29T04:51:16.648+0000][1][safepoint    ] Safepoint "RevokeBias", Time since last: 519579980 ns, Reaching safepoint: 53971 ns, At safepoint: 16013 ns, Total: 69984 ns
[2020-02-29T04:51:17.652+0000][1][safepoint    ] Safepoint "Cleanup", Time since last: 1003774851 ns, Reaching safepoint: 85767 ns, At safepoint: 7093 ns, Total: 92860 ns
[2020-02-29T04:51:18.654+0000][1][safepoint    ] Safepoint "Cleanup", Time since last: 1001458682 ns, Reaching safepoint: 71788 ns, At safepoint: 7212 ns, Total: 79000 ns
[2020-02-29T04:51:19.169+0000][1][safepoint    ] Safepoint "BulkRevokeBias", Time since last: 514757054 ns, Reaching safepoint: 79579 ns, At safepoint: 280785 ns, Total: 360364 ns
[2020-02-29T04:51:20.169+0000][1][safepoint    ] Safepoint "Cleanup", Time since last: 1000358277 ns, Reaching safepoint: 91507 ns, At safepoint: 8386 ns, Total: 99893 ns
[2020-02-29T04:51:21.170+0000][1][safepoint    ] Safepoint "Cleanup", Time since last: 1000162313 ns, Reaching safepoint: 84898 ns, At safepoint: 7640 ns, Total: 92538 ns
[2020-02-29T04:51:21.686+0000][1][safepoint    ] Safepoint "RevokeBias", Time since last: 516473993 ns, Reaching safepoint: 55545 ns, At safepoint: 15893 ns, Total: 71438 ns
[2020-02-29T04:51:22.691+0000][1][safepoint    ] Safepoint "Cleanup", Time since last: 1004663193 ns, Reaching safepoint: 63096 ns, At safepoint: 6789 ns, Total: 69885 ns
[2020-02-29T04:51:23.701+0000][1][safepoint    ] Safepoint "Cleanup", Time since last: 1010272290 ns, Reaching safepoint: 64613 ns, At safepoint: 7880 ns, Total: 72493 ns
[2020-02-29T04:51:24.201+0000][1][safepoint    ] Safepoint "RevokeBias", Time since last: 499932684 ns, Reaching safepoint: 76596 ns, At safepoint: 19239 ns, Total: 95835 ns
[2020-02-29T04:51:25.203+0000][1][safepoint    ] Safepoint "Cleanup", Time since last: 1001828349 ns, Reaching safepoint: 102284 ns, At safepoint: 7393 ns, Total: 109677 ns
[2020-02-29T04:51:26.212+0000][1][safepoint    ] Safepoint "Cleanup", Time since last: 1008464447 ns, Reaching safepoint: 100306 ns, At safepoint: 7219 ns, Total: 107525 ns
[2020-02-29T04:51:26.725+0000][1][safepoint    ] Safepoint "RevokeBias", Time since last: 513113258 ns, Reaching safepoint: 78342 ns, At safepoint: 55453 ns, Total: 133795 ns
[2020-02-29T04:51:27.730+0000][1][safepoint    ] Safepoint "Cleanup", Time since last: 1004702048 ns, Reaching safepoint: 64142 ns, At safepoint: 7037 ns, Total: 71179 ns
[2020-02-29T04:51:28.731+0000][1][safepoint    ] Safepoint "Cleanup", Time since last: 1001270005 ns, Reaching safepoint: 79390 ns, At safepoint: 7010 ns, Total: 86400 ns
[2020-02-29T04:51:29.246+0000][1][safepoint    ] Safepoint "RevokeBias", Time since last: 515161221 ns, Reaching safepoint: 76338 ns, At safepoint: 18265 ns, Total: 94603 ns
[2020-02-29T04:51:30.256+0000][1][safepoint    ] Safepoint "Cleanup", Time since last: 1009718807 ns, Reaching safepoint: 67921 ns, At safepoint: 7370 ns, Total: 75291 ns
[2020-02-29T04:51:31.258+0000][1][safepoint    ] Safepoint "Cleanup", Time since last: 1001827386 ns, Reaching safepoint: 180690 ns, At safepoint: 38922 ns, Total: 219612 ns
[2020-02-29T04:51:31.756+0000][1][safepoint    ] Safepoint "RevokeBias", Time since last: 497266431 ns, Reaching safepoint: 81917 ns, At safepoint: 19621 ns, Total: 101538 ns
[2020-02-29T04:51:32.756+0000][1][safepoint    ] Safepoint "Cleanup", Time since last: 1000349596 ns, Reaching safepoint: 88411 ns, At safepoint: 8198 ns, Total: 96609 ns
[2020-02-29T04:51:33.757+0000][1][safepoint    ] Safepoint "Cleanup", Time since last: 1000957257 ns, Reaching safepoint: 80872 ns, At safepoint: 7051 ns, Total: 87923 ns
[2020-02-29T04:51:34.279+0000][1][safepoint    ] Safepoint "RevokeBias", Time since last: 521547145 ns, Reaching safepoint: 53989 ns, At safepoint: 15019 ns, Total: 69008 ns
[2020-02-29T04:51:35.284+0000][1][safepoint    ] Safepoint "Cleanup", Time since last: 1004979463 ns, Reaching safepoint: 65712 ns, At safepoint: 6898 ns, Total: 72610 ns
[2020-02-29T04:51:36.285+0000][1][safepoint    ] Safepoint "Cleanup", Time since last: 1000893621 ns, Reaching safepoint: 96983 ns, At safepoint: 7309 ns, Total: 104292 ns
[2020-02-29T04:51:36.797+0000][1][safepoint    ] Safepoint "RevokeBias", Time since last: 511565740 ns, Reaching safepoint: 130887 ns, At safepoint: 19324 ns, Total: 150211 ns
[2020-02-29T04:51:37.797+0000][1][safepoint    ] Safepoint "Cleanup", Time since last: 1000508213 ns, Reaching safepoint: 83260 ns, At safepoint: 7214 ns, Total: 90474 ns
[2020-02-29T04:51:38.802+0000][1][safepoint    ] Safepoint "Cleanup", Time since last: 1004447357 ns, Reaching safepoint: 98186 ns, At safepoint: 21777 ns, Total: 119963 ns
[2020-02-29T04:51:39.317+0000][1][safepoint    ] Safepoint "RevokeBias", Time since last: 515052068 ns, Reaching safepoint: 80316 ns, At safepoint: 18736 ns, Total: 99052 ns
[2020-02-29T04:51:40.318+0000][1][safepoint    ] Safepoint "Cleanup", Time since last: 1001189054 ns, Reaching safepoint: 81448 ns, At safepoint: 7602 ns, Total: 89050 ns
[2020-02-29T04:51:41.319+0000][1][safepoint    ] Safepoint "Cleanup", Time since last: 1001067345 ns, Reaching safepoint: 64743 ns, At safepoint: 6785 ns, Total: 71528 ns
[2020-02-29T04:51:41.836+0000][1][safepoint    ] Safepoint "RevokeBias", Time since last: 516976969 ns, Reaching safepoint: 56720 ns, At safepoint: 16014 ns, Total: 72734 ns
[2020-02-29T04:51:42.837+0000][1][safepoint    ] Safepoint "Cleanup", Time since last: 1000344540 ns, Reaching safepoint: 129305 ns, At safepoint: 13558 ns, Total: 142863 ns
[2020-02-29T04:51:43.837+0000][1][safepoint    ] Safepoint "Cleanup", Time since last: 1000482313 ns, Reaching safepoint: 89227 ns, At safepoint: 8417 ns, Total: 97644 ns
[2020-02-29T04:51:44.358+0000][1][safepoint    ] Safepoint "RevokeBias", Time since last: 520269621 ns, Reaching safepoint: 76776 ns, At safepoint: 18430 ns, Total: 95206 ns
[2020-02-29T04:51:45.359+0000][1][safepoint    ] Safepoint "Cleanup", Time since last: 1001256162 ns, Reaching safepoint: 63475 ns, At safepoint: 7384 ns, Total: 70859 ns
[2020-02-29T04:51:46.363+0000][1][safepoint    ] Safepoint "Cleanup", Time since last: 1003479338 ns, Reaching safepoint: 228006 ns, At safepoint: 23063 ns, Total: 251069 ns
[2020-02-29T04:51:46.884+0000][1][safepoint    ] Safepoint "RevokeBias", Time since last: 521209658 ns, Reaching safepoint: 56130 ns, At safepoint: 16924 ns, Total: 73054 ns
[2020-02-29T04:51:47.885+0000][1][safepoint    ] Safepoint "Cleanup", Time since last: 1001158763 ns, Reaching safepoint: 82899 ns, At safepoint: 7303 ns, Total: 90202 ns
[2020-02-29T04:51:48.896+0000][1][safepoint    ] Safepoint "Cleanup", Time since last: 1010805901 ns, Reaching safepoint: 109641 ns, At safepoint: 8634 ns, Total: 118275 ns
[2020-02-29T04:51:49.412+0000][1][safepoint    ] Safepoint "RevokeBias", Time since last: 515647359 ns, Reaching safepoint: 131133 ns, At safepoint: 18421 ns, Total: 149554 ns
[2020-02-29T04:51:50.413+0000][1][safepoint    ] Safepoint "Cleanup", Time since last: 1000422824 ns, Reaching safepoint: 97152 ns, At safepoint: 10804 ns, Total: 107956 ns
[2020-02-29T04:51:51.414+0000][1][safepoint    ] Safepoint "Cleanup", Time since last: 1000739896 ns, Reaching safepoint: 135795 ns, At safepoint: 22027 ns, Total: 157822 ns
[2020-02-29T04:51:51.929+0000][1][safepoint    ] Safepoint "RevokeBias", Time since last: 515881758 ns, Reaching safepoint: 54735 ns, At safepoint: 17263 ns, Total: 71998 ns
[2020-02-29T04:51:52.936+0000][1][safepoint    ] Safepoint "Cleanup", Time since last: 1006179414 ns, Reaching safepoint: 238047 ns, At safepoint: 7978 ns, Total: 246025 ns
[2020-02-29T04:51:53.937+0000][1][safepoint    ] Safepoint "Cleanup", Time since last: 1001418971 ns, Reaching safepoint: 60038 ns, At safepoint: 5854 ns, Total: 65892 ns
[2020-02-29T04:51:54.456+0000][1][safepoint    ] Safepoint "RevokeBias", Time since last: 518698911 ns, Reaching safepoint: 109633 ns, At safepoint: 21811 ns, Total: 131444 ns
[2020-02-29T04:51:55.459+0000][1][safepoint    ] Safepoint "Cleanup", Time since last: 1003044424 ns, Reaching safepoint: 125830 ns, At safepoint: 24774 ns, Total: 150604 ns
[2020-02-29T04:51:56.464+0000][1][safepoint    ] Safepoint "Cleanup", Time since last: 1004028886 ns, Reaching safepoint: 98972 ns, At safepoint: 6298 ns, Total: 105270 ns
[2020-02-29T04:51:56.966+0000][1][safepoint    ] Safepoint "RevokeBias", Time since last: 501822560 ns, Reaching safepoint: 109589 ns, At safepoint: 37428 ns, Total: 147017 ns
[2020-02-29T04:51:57.967+0000][1][safepoint    ] Safepoint "Cleanup", Time since last: 1001714400 ns, Reaching safepoint: 102613 ns, At safepoint: 8091 ns, Total: 110704 ns
[2020-02-29T04:51:58.968+0000][1][safepoint    ] Safepoint "Cleanup", Time since last: 1000755809 ns, Reaching safepoint: 109842 ns, At safepoint: 7552 ns, Total: 117394 ns
[2020-02-29T04:51:59.483+0000][1][safepoint    ] Safepoint "RevokeBias", Time since last: 514314501 ns, Reaching safepoint: 77524 ns, At safepoint: 18796 ns, Total: 96320 ns
[2020-02-29T04:52:00.483+0000][1][safepoint    ] Safepoint "Cleanup", Time since last: 1000203850 ns, Reaching safepoint: 64833 ns, At safepoint: 7053 ns, Total: 71886 ns
[2020-02-29T04:52:01.485+0000][1][safepoint    ] Safepoint "Cleanup", Time since last: 1001896726 ns, Reaching safepoint: 60933 ns, At safepoint: 7038 ns, Total: 67971 ns
[2020-02-29T04:52:02.029+0000][1][safepoint    ] Safepoint "RevokeBias", Time since last: 539877224 ns, Reaching safepoint: 4162438 ns, At safepoint: 24229 ns, Total: 4186667 ns
[2020-02-29T04:52:03.036+0000][1][safepoint    ] Safepoint "Cleanup", Time since last: 1007260466 ns, Reaching safepoint: 61503 ns, At safepoint: 7033 ns, Total: 68536 ns
[2020-02-29T04:52:04.037+0000][1][safepoint    ] Safepoint "Cleanup", Time since last: 1000954999 ns, Reaching safepoint: 172763 ns, At safepoint: 23349 ns, Total: 196112 ns
[2020-02-29T04:52:04.537+0000][1][safepoint    ] Safepoint "RevokeBias", Time since last: 499880249 ns, Reaching safepoint: 57618 ns, At safepoint: 18060 ns, Total: 75678 ns
[2020-02-29T04:52:05.541+0000][1][safepoint    ] Safepoint "Cleanup", Time since last: 1003783868 ns, Reaching safepoint: 64169 ns, At safepoint: 7214 ns, Total: 71383 ns
[2020-02-29T04:52:06.543+0000][1][safepoint    ] Safepoint "Cleanup", Time since last: 1002112770 ns, Reaching safepoint: 80192 ns, At safepoint: 6127 ns, Total: 86319 ns
[2020-02-29T04:52:07.056+0000][1][safepoint    ] Safepoint "RevokeBias", Time since last: 512718104 ns, Reaching safepoint: 75968 ns, At safepoint: 17051 ns, Total: 93019 ns
[2020-02-29T04:52:08.061+0000][1][safepoint    ] Safepoint "Cleanup", Time since last: 1004856443 ns, Reaching safepoint: 66474 ns, At safepoint: 5852 ns, Total: 72326 ns
[2020-02-29T04:52:09.061+0000][1][safepoint    ] Safepoint "Cleanup", Time since last: 1000212257 ns, Reaching safepoint: 92800 ns, At safepoint: 8451 ns, Total: 101251 ns
[2020-02-29T04:52:09.566+0000][1][safepoint    ] Safepoint "RevokeBias", Time since last: 504001294 ns, Reaching safepoint: 159884 ns, At safepoint: 53897 ns, Total: 213781 ns
[2020-02-29T04:52:10.569+0000][1][safepoint    ] Safepoint "Cleanup", Time since last: 1003382339 ns, Reaching safepoint: 65926 ns, At safepoint: 7498 ns, Total: 73424 ns
[2020-02-29T04:52:11.577+0000][1][safepoint    ] Safepoint "Cleanup", Time since last: 1008005396 ns, Reaching safepoint: 67204 ns, At safepoint: 7521 ns, Total: 74725 ns
[2020-02-29T04:52:12.094+0000][1][safepoint    ] Safepoint "RevokeBias", Time since last: 516678667 ns, Reaching safepoint: 76476 ns, At safepoint: 19003 ns, Total: 95479 ns
[2020-02-29T04:52:13.098+0000][1][safepoint    ] Safepoint "Cleanup", Time since last: 1004076664 ns, Reaching safepoint: 192997 ns, At safepoint: 8080 ns, Total: 201077 ns
[2020-02-29T04:52:13.251+0000][1][safepoint    ] Safepoint "RevokeBias", Time since last: 152937809 ns, Reaching safepoint: 91032 ns, At safepoint: 14339 ns, Total: 105371 ns
[2020-02-29T04:52:13.252+0000][1][safepoint    ] Safepoint "RevokeBias", Time since last: 135772 ns, Reaching safepoint: 49399 ns, At safepoint: 14588 ns, Total: 63987 ns
[2020-02-29T04:52:14.253+0000][1][safepoint    ] Safepoint "Cleanup", Time since last: 1001419270 ns, Reaching safepoint: 92521 ns, At safepoint: 6965 ns, Total: 99486 ns
[2020-02-29T04:52:14.628+0000][1][safepoint    ] Safepoint "RevokeBias", Time since last: 374557794 ns, Reaching safepoint: 117459 ns, At safepoint: 18764 ns, Total: 136223 ns
[2020-02-29T04:52:15.628+0000][1][safepoint    ] Safepoint "Cleanup", Time since last: 1000129579 ns, Reaching safepoint: 95984 ns, At safepoint: 10771 ns, Total: 106755 ns
[2020-02-29T04:52:16.629+0000][1][safepoint    ] Safepoint "Cleanup", Time since last: 1000497419 ns, Reaching safepoint: 96000 ns, At safepoint: 10142 ns, Total: 106142 ns
[2020-02-29T04:52:17.158+0000][1][safepoint    ] Safepoint "RevokeBias", Time since last: 529657384 ns, Reaching safepoint: 77280 ns, At safepoint: 18864 ns, Total: 96144 ns
[2020-02-29T04:52:18.160+0000][1][safepoint    ] Safepoint "Cleanup", Time since last: 1001512748 ns, Reaching safepoint: 87244 ns, At safepoint: 4988 ns, Total: 92232 ns
[2020-02-29T04:52:19.161+0000][1][safepoint    ] Safepoint "Cleanup", Time since last: 1000571966 ns, Reaching safepoint: 62991 ns, At safepoint: 6827 ns, Total: 69818 ns
[2020-02-29T04:52:19.677+0000][1][safepoint    ] Safepoint "RevokeBias", Time since last: 516311384 ns, Reaching safepoint: 163024 ns, At safepoint: 45623 ns, Total: 208647 ns
[2020-02-29T04:52:20.678+0000][1][safepoint    ] Safepoint "Cleanup", Time since last: 1000524203 ns, Reaching safepoint: 63972 ns, At safepoint: 7701 ns, Total: 71673 ns
[2020-02-29T04:52:21.678+0000][1][safepoint    ] Safepoint "Cleanup", Time since last: 1000131927 ns, Reaching safepoint: 67637 ns, At safepoint: 7327 ns, Total: 74964 ns
[2020-02-29T04:52:22.196+0000][1][safepoint    ] Safepoint "RevokeBias", Time since last: 517811551 ns, Reaching safepoint: 186892 ns, At safepoint: 21846 ns, Total: 208738 ns
[2020-02-29T04:52:23.199+0000][1][safepoint    ] Safepoint "Cleanup", Time since last: 1002737849 ns, Reaching safepoint: 121105 ns, At safepoint: 7007 ns, Total: 128112 ns
[2020-02-29T04:52:24.199+0000][1][safepoint    ] Safepoint "Cleanup", Time since last: 1000556175 ns, Reaching safepoint: 86596 ns, At safepoint: 8827 ns, Total: 95423 ns
[2020-02-29T04:52:24.720+0000][1][safepoint    ] Safepoint "RevokeBias", Time since last: 520157171 ns, Reaching safepoint: 56044 ns, At safepoint: 16793 ns, Total: 72837 ns
[2020-02-29T04:52:25.724+0000][1][safepoint    ] Safepoint "Cleanup", Time since last: 1004025588 ns, Reaching safepoint: 170067 ns, At safepoint: 26440 ns, Total: 196507 ns
[2020-02-29T04:52:26.726+0000][1][safepoint    ] Safepoint "Cleanup", Time since last: 1002225779 ns, Reaching safepoint: 90676 ns, At safepoint: 6202 ns, Total: 96878 ns
[2020-02-29T04:52:27.234+0000][1][safepoint    ] Safepoint "RevokeBias", Time since last: 507682070 ns, Reaching safepoint: 77835 ns, At safepoint: 17762 ns, Total: 95597 ns
[2020-02-29T04:52:28.242+0000][1][safepoint    ] Safepoint "Cleanup", Time since last: 1008113753 ns, Reaching safepoint: 56987 ns, At safepoint: 5031 ns, Total: 62018 ns
[2020-02-29T04:52:29.245+0000][1][safepoint    ] Safepoint "Cleanup", Time since last: 1003210772 ns, Reaching safepoint: 61049 ns, At safepoint: 5643 ns, Total: 66692 ns
[2020-02-29T04:52:29.745+0000][1][safepoint    ] Safepoint "RevokeBias", Time since last: 499215830 ns, Reaching safepoint: 106807 ns, At safepoint: 22053 ns, Total: 128860 ns
[2020-02-29T04:52:30.753+0000][1][safepoint    ] Safepoint "Cleanup", Time since last: 1008191879 ns, Reaching safepoint: 58429 ns, At safepoint: 5756 ns, Total: 64185 ns
[2020-02-29T04:52:31.756+0000][1][safepoint    ] Safepoint "Cleanup", Time since last: 1002593346 ns, Reaching safepoint: 99914 ns, At safepoint: 7080 ns, Total: 106994 ns
[2020-02-29T04:52:32.256+0000][1][safepoint    ] Safepoint "BulkRevokeBias", Time since last: 499659828 ns, Reaching safepoint: 142301 ns, At safepoint: 220152 ns, Total: 362453 ns
[2020-02-29T04:52:33.258+0000][1][safepoint    ] Safepoint "Cleanup", Time since last: 1002078088 ns, Reaching safepoint: 81661 ns, At safepoint: 7126 ns, Total: 88787 ns
[2020-02-29T04:52:34.259+0000][1][safepoint    ] Safepoint "Cleanup", Time since last: 1001077827 ns, Reaching safepoint: 84186 ns, At safepoint: 7146 ns, Total: 91332 ns
[2020-02-29T04:52:34.781+0000][1][safepoint    ] Safepoint "RevokeBias", Time since last: 521927675 ns, Reaching safepoint: 74167 ns, At safepoint: 19642 ns, Total: 93809 ns
[2020-02-29T04:52:35.785+0000][1][safepoint    ] Safepoint "Cleanup", Time since last: 1003702624 ns, Reaching safepoint: 76592 ns, At safepoint: 7240 ns, Total: 83832 ns
[2020-02-29T04:52:36.789+0000][1][safepoint    ] Safepoint "Cleanup", Time since last: 1003851550 ns, Reaching safepoint: 68327 ns, At safepoint: 5224 ns, Total: 73551 ns
[2020-02-29T04:52:37.298+0000][1][safepoint    ] Safepoint "RevokeBias", Time since last: 509150385 ns, Reaching safepoint: 71875 ns, At safepoint: 17723 ns, Total: 89598 ns
[2020-02-29T04:52:38.302+0000][1][safepoint    ] Safepoint "Cleanup", Time since last: 1004036100 ns, Reaching safepoint: 106102 ns, At safepoint: 8254 ns, Total: 114356 ns
[2020-02-29T04:52:39.303+0000][1][safepoint    ] Safepoint "Cleanup", Time since last: 1000671742 ns, Reaching safepoint: 78227 ns, At safepoint: 7140 ns, Total: 85367 ns
[2020-02-29T04:52:39.821+0000][1][safepoint    ] Safepoint "RevokeBias", Time since last: 517810384 ns, Reaching safepoint: 53271 ns, At safepoint: 15995 ns, Total: 69266 ns
[2020-02-29T04:52:40.821+0000][1][safepoint    ] Safepoint "Cleanup", Time since last: 1000320791 ns, Reaching safepoint: 81864 ns, At safepoint: 9503 ns, Total: 91367 ns
[2020-02-29T04:52:41.822+0000][1][safepoint    ] Safepoint "Cleanup", Time since last: 1000532824 ns, Reaching safepoint: 81580 ns, At safepoint: 8045 ns, Total: 89625 ns
[2020-02-29T04:52:42.338+0000][1][safepoint    ] Safepoint "RevokeBias", Time since last: 515834444 ns, Reaching safepoint: 77424 ns, At safepoint: 17384 ns, Total: 94808 ns
[2020-02-29T04:52:43.338+0000][1][safepoint    ] Safepoint "Cleanup", Time since last: 1000382334 ns, Reaching safepoint: 163194 ns, At safepoint: 6003 ns, Total: 169197 ns
[2020-02-29T04:52:44.347+0000][1][safepoint    ] Safepoint "Cleanup", Time since last: 1008580478 ns, Reaching safepoint: 174531 ns, At safepoint: 8988 ns, Total: 183519 ns
[2020-02-29T04:52:44.861+0000][1][safepoint    ] Safepoint "RevokeBias", Time since last: 513388254 ns, Reaching safepoint: 74066 ns, At safepoint: 18378 ns, Total: 92444 ns
[2020-02-29T04:52:45.861+0000][1][safepoint    ] Safepoint "Cleanup", Time since last: 1000531739 ns, Reaching safepoint: 61878 ns, At safepoint: 6796 ns, Total: 68674 ns
[2020-02-29T04:52:46.862+0000][1][safepoint    ] Safepoint "Cleanup", Time since last: 1000435565 ns, Reaching safepoint: 93870 ns, At safepoint: 6965 ns, Total: 100835 ns
[2020-02-29T04:52:47.381+0000][1][safepoint    ] Safepoint "RevokeBias", Time since last: 517602240 ns, Reaching safepoint: 1403106 ns, At safepoint: 26920 ns, Total: 1430026 ns
[2020-02-29T04:52:48.387+0000][1][safepoint    ] Safepoint "Cleanup", Time since last: 1006516321 ns, Reaching safepoint: 63245 ns, At safepoint: 6789 ns, Total: 70034 ns
[2020-02-29T04:52:49.389+0000][1][safepoint    ] Safepoint "Cleanup", Time since last: 1001523378 ns, Reaching safepoint: 194394 ns, At safepoint: 6777 ns, Total: 201171 ns
[2020-02-29T04:52:49.898+0000][1][safepoint    ] Safepoint "RevokeBias", Time since last: 509183293 ns, Reaching safepoint: 135335 ns, At safepoint: 17276 ns, Total: 152611 ns
[2020-02-29T04:52:50.899+0000][1][safepoint    ] Safepoint "Cleanup", Time since last: 1000868433 ns, Reaching safepoint: 95666 ns, At safepoint: 7658 ns, Total: 103324 ns
[2020-02-29T04:52:51.900+0000][1][safepoint    ] Safepoint "Cleanup", Time since last: 1000961586 ns, Reaching safepoint: 78065 ns, At safepoint: 7561 ns, Total: 85626 ns
[2020-02-29T04:52:52.421+0000][1][safepoint    ] Safepoint "RevokeBias", Time since last: 520535340 ns, Reaching safepoint: 80775 ns, At safepoint: 19696 ns, Total: 100471 ns
[2020-02-29T04:52:53.425+0000][1][safepoint    ] Safepoint "Cleanup", Time since last: 1003553984 ns, Reaching safepoint: 162383 ns, At safepoint: 26907 ns, Total: 189290 ns
[2020-02-29T04:52:54.426+0000][1][safepoint    ] Safepoint "Cleanup", Time since last: 1001181330 ns, Reaching safepoint: 146660 ns, At safepoint: 9171 ns, Total: 155831 ns
[2020-02-29T04:52:54.939+0000][1][safepoint    ] Safepoint "RevokeBias", Time since last: 513123466 ns, Reaching safepoint: 73716 ns, At safepoint: 19652 ns, Total: 93368 ns
[2020-02-29T04:52:55.942+0000][1][safepoint    ] Safepoint "Cleanup", Time since last: 1002660307 ns, Reaching safepoint: 84574 ns, At safepoint: 13335 ns, Total: 97909 ns
[2020-02-29T04:52:56.943+0000][1][safepoint    ] Safepoint "Cleanup", Time since last: 1000936358 ns, Reaching safepoint: 77197 ns, At safepoint: 6117 ns, Total: 83314 ns
[2020-02-29T04:52:57.463+0000][1][safepoint    ] Safepoint "RevokeBias", Time since last: 519603830 ns, Reaching safepoint: 155911 ns, At safepoint: 36992 ns, Total: 192903 ns
[2020-02-29T04:52:58.465+0000][1][safepoint    ] Safepoint "Cleanup", Time since last: 1002153495 ns, Reaching safepoint: 61519 ns, At safepoint: 7910 ns, Total: 69429 ns
[2020-02-29T04:52:59.466+0000][1][safepoint    ] Safepoint "Cleanup", Time since last: 1000509673 ns, Reaching safepoint: 85318 ns, At safepoint: 9901 ns, Total: 95219 ns
[2020-02-29T04:52:59.987+0000][1][safepoint    ] Safepoint "RevokeBias", Time since last: 520714446 ns, Reaching safepoint: 76088 ns, At safepoint: 18331 ns, Total: 94419 ns
[2020-02-29T04:53:00.988+0000][1][safepoint    ] Safepoint "Cleanup", Time since last: 1001157710 ns, Reaching safepoint: 63178 ns, At safepoint: 7227 ns, Total: 70405 ns
[2020-02-29T04:53:01.989+0000][1][safepoint    ] Safepoint "Cleanup", Time since last: 1001407033 ns, Reaching safepoint: 63543 ns, At safepoint: 7261 ns, Total: 70804 ns
[2020-02-29T04:53:02.512+0000][1][safepoint    ] Safepoint "RevokeBias", Time since last: 522334901 ns, Reaching safepoint: 54367 ns, At safepoint: 15932 ns, Total: 70299 ns
[2020-02-29T04:53:03.521+0000][1][safepoint    ] Safepoint "Cleanup", Time since last: 1009521436 ns, Reaching safepoint: 123830 ns, At safepoint: 14866 ns, Total: 138696 ns
[2020-02-29T04:53:04.522+0000][1][safepoint    ] Safepoint "Cleanup", Time since last: 1000425614 ns, Reaching safepoint: 108683 ns, At safepoint: 7366 ns, Total: 116049 ns
[2020-02-29T04:53:05.043+0000][1][safepoint    ] Safepoint "RevokeBias", Time since last: 520738022 ns, Reaching safepoint: 55175 ns, At safepoint: 16646 ns, Total: 71821 ns
[2020-02-29T04:53:06.044+0000][1][safepoint    ] Safepoint "Cleanup", Time since last: 1001047092 ns, Reaching safepoint: 185467 ns, At safepoint: 6834 ns, Total: 192301 ns
[2020-02-29T04:53:07.045+0000][1][safepoint    ] Safepoint "Cleanup", Time since last: 1000628566 ns, Reaching safepoint: 83150 ns, At safepoint: 9048 ns, Total: 92198 ns
[2020-02-29T04:53:07.569+0000][1][safepoint    ] Safepoint "RevokeBias", Time since last: 524455894 ns, Reaching safepoint: 73697 ns, At safepoint: 18196 ns, Total: 91893 ns
[2020-02-29T04:53:08.571+0000][1][safepoint    ] Safepoint "Cleanup", Time since last: 1001587646 ns, Reaching safepoint: 63344 ns, At safepoint: 7286 ns, Total: 70630 ns
[2020-02-29T04:53:09.574+0000][1][safepoint    ] Safepoint "Cleanup", Time since last: 1003034393 ns, Reaching safepoint: 99974 ns, At safepoint: 7549 ns, Total: 107523 ns
[2020-02-29T04:53:10.203+0000][1][safepoint    ] Safepoint "RevokeBias", Time since last: 628546692 ns, Reaching safepoint: 57404 ns, At safepoint: 16202 ns, Total: 73606 ns
[2020-02-29T04:53:11.212+0000][1][safepoint    ] Safepoint "Cleanup", Time since last: 1009412949 ns, Reaching safepoint: 109637 ns, At safepoint: 11783 ns, Total: 121420 ns
[2020-02-29T04:53:12.218+0000][1][safepoint    ] Safepoint "Cleanup", Time since last: 1005958009 ns, Reaching safepoint: 65832 ns, At safepoint: 7209 ns, Total: 73041 ns
[2020-02-29T04:53:12.730+0000][1][safepoint    ] Safepoint "RevokeBias", Time since last: 511524446 ns, Reaching safepoint: 135775 ns, At safepoint: 19847 ns, Total: 155622 ns
[2020-02-29T04:53:13.731+0000][1][safepoint    ] Safepoint "Cleanup", Time since last: 1000502931 ns, Reaching safepoint: 82341 ns, At safepoint: 7923 ns, Total: 90264 ns
[2020-02-29T04:53:14.731+0000][1][safepoint    ] Safepoint "Cleanup", Time since last: 1000328407 ns, Reaching safepoint: 157390 ns, At safepoint: 7388 ns, Total: 164778 ns
[2020-02-29T04:53:15.244+0000][1][safepoint    ] Safepoint "RevokeBias", Time since last: 513290899 ns, Reaching safepoint: 74110 ns, At safepoint: 17346 ns, Total: 91456 ns
[2020-02-29T04:53:16.251+0000][1][safepoint    ] Safepoint "Cleanup", Time since last: 1006437401 ns, Reaching safepoint: 115003 ns, At safepoint: 7096 ns, Total: 122099 ns
[2020-02-29T04:53:17.260+0000][1][safepoint    ] Safepoint "Cleanup", Time since last: 1008861230 ns, Reaching safepoint: 63754 ns, At safepoint: 6919 ns, Total: 70673 ns
[2020-02-29T04:53:17.770+0000][1][safepoint    ] Safepoint "RevokeBias", Time since last: 509633081 ns, Reaching safepoint: 78650 ns, At safepoint: 19078 ns, Total: 97728 ns
[2020-02-29T04:53:18.771+0000][1][safepoint    ] Safepoint "Cleanup", Time since last: 1000996193 ns, Reaching safepoint: 62752 ns, At safepoint: 6428 ns, Total: 69180 ns
[2020-02-29T04:53:19.775+0000][1][safepoint    ] Safepoint "Cleanup", Time since last: 1004580081 ns, Reaching safepoint: 63524 ns, At safepoint: 7404 ns, Total: 70928 ns
[2020-02-29T04:53:20.290+0000][1][safepoint    ] Safepoint "RevokeBias", Time since last: 514238289 ns, Reaching safepoint: 72273 ns, At safepoint: 17943 ns, Total: 90216 ns
[2020-02-29T04:53:21.291+0000][1][safepoint    ] Safepoint "Cleanup", Time since last: 1000804897 ns, Reaching safepoint: 79991 ns, At safepoint: 9021 ns, Total: 89012 ns
[2020-02-29T04:53:22.292+0000][1][safepoint    ] Safepoint "Cleanup", Time since last: 1000878488 ns, Reaching safepoint: 176783 ns, At safepoint: 8269 ns, Total: 185052 ns
[2020-02-29T04:53:22.812+0000][1][safepoint    ] Safepoint "RevokeBias", Time since last: 520301137 ns, Reaching safepoint: 73917 ns, At safepoint: 17237 ns, Total: 91154 ns
[2020-02-29T04:53:23.818+0000][1][safepoint    ] Safepoint "Cleanup", Time since last: 1006271328 ns, Reaching safepoint: 125707 ns, At safepoint: 11176 ns, Total: 136883 ns
[2020-02-29T04:53:24.823+0000][1][safepoint    ] Safepoint "Cleanup", Time since last: 1004493353 ns, Reaching safepoint: 84267 ns, At safepoint: 8512 ns, Total: 92779 ns
[2020-02-29T04:53:25.353+0000][1][safepoint    ] Safepoint "RevokeBias", Time since last: 530152400 ns, Reaching safepoint: 74914 ns, At safepoint: 19269 ns, Total: 94183 ns
[2020-02-29T04:53:26.363+0000][1][safepoint    ] Safepoint "Cleanup", Time since last: 1010144964 ns, Reaching safepoint: 95817 ns, At safepoint: 7667 ns, Total: 103484 ns
[2020-02-29T04:53:27.366+0000][1][safepoint    ] Safepoint "Cleanup", Time since last: 1001940386 ns, Reaching safepoint: 139666 ns, At safepoint: 5980 ns, Total: 145646 ns
[2020-02-29T04:53:27.867+0000][1][safepoint    ] Safepoint "RevokeBias", Time since last: 501211552 ns, Reaching safepoint: 73293 ns, At safepoint: 18621 ns, Total: 91914 ns
[2020-02-29T04:53:28.762+0000][1][gc,start     ] GC(34) Pause Young (Allocation Failure)
[2020-02-29T04:53:28.762+0000][1][gc,task      ] GC(34) Using 1 workers of 1 for evacuation
[2020-02-29T04:53:28.799+0000][1][gc,age       ] GC(34) Desired survivor size 4358144 bytes, new threshold 6 (max threshold 6)
[2020-02-29T04:53:28.799+0000][1][gc,age       ] GC(34) Age table with threshold 6 (max threshold 6)
[2020-02-29T04:53:28.799+0000][1][gc,age       ] GC(34) - age   1:      15176 bytes,      15176 total
[2020-02-29T04:53:28.799+0000][1][gc,age       ] GC(34) - age   2:       1304 bytes,      16480 total
[2020-02-29T04:53:28.799+0000][1][gc,age       ] GC(34) - age   3:      37744 bytes,      54224 total
[2020-02-29T04:53:28.799+0000][1][gc,age       ] GC(34) - age   4:      14576 bytes,      68800 total
[2020-02-29T04:53:28.800+0000][1][gc,age       ] GC(34) - age   5:     293352 bytes,     362152 total
[2020-02-29T04:53:28.800+0000][1][gc,age       ] GC(34) - age   6:    1787784 bytes,    2149936 total
[2020-02-29T04:53:28.800+0000][1][gc,heap      ] GC(34) ParNew: 70678K->3778K(76672K)
[2020-02-29T04:53:28.800+0000][1][gc,heap      ] GC(34) CMS: 60361K->60361K(963392K)
[2020-02-29T04:53:28.800+0000][1][gc,metaspace ] GC(34) Metaspace: 78711K->78711K(1122304K)
[2020-02-29T04:53:28.800+0000][1][gc           ] GC(34) Pause Young (Allocation Failure) 127M->62M(1015M) 37.583ms
[2020-02-29T04:53:28.800+0000][1][gc,cpu       ] GC(34) User=0.02s Sys=0.00s Real=0.04s
[2020-02-29T04:53:28.800+0000][1][safepoint    ] Safepoint "GenCollectForAllocation", Time since last: 895138503 ns, Reaching safepoint: 60585 ns, At safepoint: 37636691 ns, Total: 37697276 ns
[2020-02-29T04:53:29.801+0000][1][safepoint    ] Safepoint "Cleanup", Time since last: 1001654115 ns, Reaching safepoint: 80767 ns, At safepoint: 7396 ns, Total: 88163 ns
[2020-02-29T04:53:30.386+0000][1][safepoint    ] Safepoint "RevokeBias", Time since last: 583910789 ns, Reaching safepoint: 172668 ns, At safepoint: 50102 ns, Total: 222770 ns
[2020-02-29T04:53:31.391+0000][1][safepoint    ] Safepoint "Cleanup", Time since last: 1005197175 ns, Reaching safepoint: 58308 ns, At safepoint: 5968 ns, Total: 64276 ns
[2020-02-29T04:53:32.397+0000][1][safepoint    ] Safepoint "Cleanup", Time since last: 1006263121 ns, Reaching safepoint: 80911 ns, At safepoint: 7720 ns, Total: 88631 ns
[2020-02-29T04:53:32.915+0000][1][safepoint    ] Safepoint "RevokeBias", Time since last: 517876890 ns, Reaching safepoint: 54822 ns, At safepoint: 16654 ns, Total: 71476 ns
[2020-02-29T04:53:33.916+0000][1][safepoint    ] Safepoint "Cleanup", Time since last: 1000768415 ns, Reaching safepoint: 83745 ns, At safepoint: 8949 ns, Total: 92694 ns
[2020-02-29T04:53:34.926+0000][1][safepoint    ] Safepoint "Cleanup", Time since last: 1009624073 ns, Reaching safepoint: 65868 ns, At safepoint: 8703 ns, Total: 74571 ns
[2020-02-29T04:53:35.432+0000][1][safepoint    ] Safepoint "RevokeBias", Time since last: 506285453 ns, Reaching safepoint: 158333 ns, At safepoint: 37343 ns, Total: 195676 ns
[2020-02-29T04:53:36.433+0000][1][safepoint    ] Safepoint "Cleanup", Time since last: 1000226834 ns, Reaching safepoint: 107549 ns, At safepoint: 9376 ns, Total: 116925 ns
[2020-02-29T04:53:37.434+0000][1][safepoint    ] Safepoint "Cleanup", Time since last: 1001681179 ns, Reaching safepoint: 78068 ns, At safepoint: 7664 ns, Total: 85732 ns
[2020-02-29T04:53:38.065+0000][1][safepoint    ] Safepoint "RevokeBias", Time since last: 630134787 ns, Reaching safepoint: 80175 ns, At safepoint: 18570 ns, Total: 98745 ns
[2020-02-29T04:53:39.067+0000][1][safepoint    ] Safepoint "Cleanup", Time since last: 1001842081 ns, Reaching safepoint: 156202 ns, At safepoint: 26028 ns, Total: 182230 ns
[2020-02-29T04:53:40.073+0000][1][safepoint    ] Safepoint "Cleanup", Time since last: 1000592897 ns, Reaching safepoint: 6279982 ns, At safepoint: 11343 ns, Total: 6291325 ns
[2020-02-29T04:53:40.588+0000][1][safepoint    ] Safepoint "RevokeBias", Time since last: 514915512 ns, Reaching safepoint: 77692 ns, At safepoint: 18447 ns, Total: 96139 ns
[2020-02-29T04:53:41.594+0000][1][safepoint    ] Safepoint "Cleanup", Time since last: 1005637447 ns, Reaching safepoint: 80280 ns, At safepoint: 7526 ns, Total: 87806 ns
[2020-02-29T04:53:42.597+0000][1][safepoint    ] Safepoint "Cleanup", Time since last: 1002713642 ns, Reaching safepoint: 66021 ns, At safepoint: 7621 ns, Total: 73642 ns
[2020-02-29T04:53:43.102+0000][1][safepoint    ] Safepoint "RevokeBias", Time since last: 504721243 ns, Reaching safepoint: 54657 ns, At safepoint: 16498 ns, Total: 71155 ns
[2020-02-29T04:53:44.110+0000][1][safepoint    ] Safepoint "Cleanup", Time since last: 1008260813 ns, Reaching safepoint: 97596 ns, At safepoint: 7665 ns, Total: 105261 ns
[2020-02-29T04:53:45.112+0000][1][safepoint    ] Safepoint "Cleanup", Time since last: 1001938299 ns, Reaching safepoint: 79647 ns, At safepoint: 7340 ns, Total: 86987 ns
[2020-02-29T04:53:45.619+0000][1][safepoint    ] Safepoint "BulkRevokeBias", Time since last: 506598944 ns, Reaching safepoint: 54001 ns, At safepoint: 279049 ns, Total: 333050 ns
[2020-02-29T04:53:46.622+0000][1][safepoint    ] Safepoint "Cleanup", Time since last: 1002885148 ns, Reaching safepoint: 64138 ns, At safepoint: 7292 ns, Total: 71430 ns
[2020-02-29T04:53:47.623+0000][1][safepoint    ] Safepoint "Cleanup", Time since last: 1001155159 ns, Reaching safepoint: 77884 ns, At safepoint: 7073 ns, Total: 84957 ns
[2020-02-29T04:53:48.140+0000][1][safepoint    ] Safepoint "RevokeBias", Time since last: 516777261 ns, Reaching safepoint: 78312 ns, At safepoint: 17574 ns, Total: 95886 ns
[2020-02-29T04:53:49.141+0000][1][safepoint    ] Safepoint "Cleanup", Time since last: 1000594076 ns, Reaching safepoint: 90163 ns, At safepoint: 9045 ns, Total: 99208 ns
[2020-02-29T04:53:50.141+0000][1][safepoint    ] Safepoint "Cleanup", Time since last: 1000297486 ns, Reaching safepoint: 87293 ns, At safepoint: 9386 ns, Total: 96679 ns
[2020-02-29T04:53:50.665+0000][1][safepoint    ] Safepoint "RevokeBias", Time since last: 523618889 ns, Reaching safepoint: 53413 ns, At safepoint: 14138 ns, Total: 67551 ns
[2020-02-29T04:53:51.667+0000][1][safepoint    ] Safepoint "Cleanup", Time since last: 1002292792 ns, Reaching safepoint: 96302 ns, At safepoint: 7076 ns, Total: 103378 ns
[2020-02-29T04:53:52.668+0000][1][safepoint    ] Safepoint "Cleanup", Time since last: 1000746454 ns, Reaching safepoint: 80282 ns, At safepoint: 6938 ns, Total: 87220 ns
[2020-02-29T04:53:53.192+0000][1][safepoint    ] Safepoint "RevokeBias", Time since last: 524138587 ns, Reaching safepoint: 76679 ns, At safepoint: 18002 ns, Total: 94681 ns
[2020-02-29T04:53:54.202+0000][1][safepoint    ] Safepoint "Cleanup", Time since last: 1009363276 ns, Reaching safepoint: 104348 ns, At safepoint: 7510 ns, Total: 111858 ns
[2020-02-29T04:53:55.211+0000][1][safepoint    ] Safepoint "Cleanup", Time since last: 1009006803 ns, Reaching safepoint: 95598 ns, At safepoint: 7569 ns, Total: 103167 ns
[2020-02-29T04:53:55.714+0000][1][safepoint    ] Safepoint "RevokeBias", Time since last: 503352445 ns, Reaching safepoint: 85208 ns, At safepoint: 21948 ns, Total: 107156 ns
[2020-02-29T04:53:56.715+0000][1][safepoint    ] Safepoint "Cleanup", Time since last: 1000414387 ns, Reaching safepoint: 82581 ns, At safepoint: 7647 ns, Total: 90228 ns
[2020-02-29T04:53:57.716+0000][1][safepoint    ] Safepoint "Cleanup", Time since last: 1000972260 ns, Reaching safepoint: 76413 ns, At safepoint: 5849 ns, Total: 82262 ns
[2020-02-29T04:53:58.233+0000][1][safepoint    ] Safepoint "RevokeBias", Time since last: 516448799 ns, Reaching safepoint: 79160 ns, At safepoint: 96734 ns, Total: 175894 ns
[2020-02-29T04:53:59.236+0000][1][safepoint    ] Safepoint "Cleanup", Time since last: 1003118319 ns, Reaching safepoint: 134893 ns, At safepoint: 6751 ns, Total: 141644 ns
[2020-02-29T04:54:00.239+0000][1][safepoint    ] Safepoint "Cleanup", Time since last: 1002839616 ns, Reaching safepoint: 281472 ns, At safepoint: 26469 ns, Total: 307941 ns
[2020-02-29T04:54:00.750+0000][1][safepoint    ] Safepoint "RevokeBias", Time since last: 511062086 ns, Reaching safepoint: 56661 ns, At safepoint: 16240 ns, Total: 72901 ns
[2020-02-29T04:54:01.753+0000][1][safepoint    ] Safepoint "Cleanup", Time since last: 1003015857 ns, Reaching safepoint: 111332 ns, At safepoint: 7432 ns, Total: 118764 ns
[2020-02-29T04:54:02.754+0000][1][safepoint    ] Safepoint "Cleanup", Time since last: 1000523349 ns, Reaching safepoint: 226800 ns, At safepoint: 6060 ns, Total: 232860 ns
[2020-02-29T04:54:03.260+0000][1][safepoint    ] Safepoint "RevokeBias", Time since last: 505452047 ns, Reaching safepoint: 72917 ns, At safepoint: 17447 ns, Total: 90364 ns
[2020-02-29T04:54:04.266+0000][1][safepoint    ] Safepoint "Cleanup", Time since last: 1006567891 ns, Reaching safepoint: 62084 ns, At safepoint: 7015 ns, Total: 69099 ns
[2020-02-29T04:54:05.273+0000][1][safepoint    ] Safepoint "Cleanup", Time since last: 1006618432 ns, Reaching safepoint: 79133 ns, At safepoint: 7340 ns, Total: 86473 ns
[2020-02-29T04:54:05.776+0000][1][safepoint    ] Safepoint "RevokeBias", Time since last: 503106685 ns, Reaching safepoint: 54289 ns, At safepoint: 15873 ns, Total: 70162 ns
[2020-02-29T04:54:06.781+0000][1][safepoint    ] Safepoint "Cleanup", Time since last: 1005165621 ns, Reaching safepoint: 107308 ns, At safepoint: 6836 ns, Total: 114144 ns
[2020-02-29T04:54:07.782+0000][1][safepoint    ] Safepoint "Cleanup", Time since last: 1000670731 ns, Reaching safepoint: 79642 ns, At safepoint: 6929 ns, Total: 86571 ns
[2020-02-29T04:54:08.301+0000][1][safepoint    ] Safepoint "RevokeBias", Time since last: 519251465 ns, Reaching safepoint: 63227 ns, At safepoint: 16998 ns, Total: 80225 ns
[2020-02-29T04:54:09.303+0000][1][safepoint    ] Safepoint "Cleanup", Time since last: 1001674878 ns, Reaching safepoint: 129000 ns, At safepoint: 23589 ns, Total: 152589 ns
[2020-02-29T04:54:10.306+0000][1][safepoint    ] Safepoint "Cleanup", Time since last: 1002777308 ns, Reaching safepoint: 68676 ns, At safepoint: 7033 ns, Total: 75709 ns
[2020-02-29T04:54:10.824+0000][1][safepoint    ] Safepoint "RevokeBias", Time since last: 517573727 ns, Reaching safepoint: 56774 ns, At safepoint: 18123 ns, Total: 74897 ns
[2020-02-29T04:54:11.833+0000][1][safepoint    ] Safepoint "Cleanup", Time since last: 1009370608 ns, Reaching safepoint: 177114 ns, At safepoint: 26382 ns, Total: 203496 ns
[2020-02-29T04:54:12.838+0000][1][safepoint    ] Safepoint "Cleanup", Time since last: 1004291375 ns, Reaching safepoint: 97216 ns, At safepoint: 7081 ns, Total: 104297 ns
[2020-02-29T04:54:13.350+0000][1][safepoint    ] Safepoint "RevokeBias", Time since last: 512535551 ns, Reaching safepoint: 79364 ns, At safepoint: 19709 ns, Total: 99073 ns
[2020-02-29T04:54:14.351+0000][1][safepoint    ] Safepoint "Cleanup", Time since last: 1000733156 ns, Reaching safepoint: 101764 ns, At safepoint: 9223 ns, Total: 110987 ns
[2020-02-29T04:54:15.352+0000][1][safepoint    ] Safepoint "Cleanup", Time since last: 1000589510 ns, Reaching safepoint: 240707 ns, At safepoint: 9990 ns, Total: 250697 ns
[2020-02-29T04:54:15.873+0000][1][safepoint    ] Safepoint "RevokeBias", Time since last: 520925624 ns, Reaching safepoint: 75483 ns, At safepoint: 18381 ns, Total: 93864 ns
[2020-02-29T04:54:16.874+0000][1][safepoint    ] Safepoint "Cleanup", Time since last: 1000644331 ns, Reaching safepoint: 109632 ns, At safepoint: 8960 ns, Total: 118592 ns
[2020-02-29T04:54:17.881+0000][1][safepoint    ] Safepoint "Cleanup", Time since last: 1006957074 ns, Reaching safepoint: 94852 ns, At safepoint: 7816 ns, Total: 102668 ns
[2020-02-29T04:54:18.409+0000][1][safepoint    ] Safepoint "RevokeBias", Time since last: 528095839 ns, Reaching safepoint: 74577 ns, At safepoint: 18250 ns, Total: 92827 ns
[2020-02-29T04:54:19.413+0000][1][safepoint    ] Safepoint "Cleanup", Time since last: 1004023661 ns, Reaching safepoint: 81455 ns, At safepoint: 23480 ns, Total: 104935 ns
[2020-02-29T04:54:20.416+0000][1][safepoint    ] Safepoint "Cleanup", Time since last: 1002995615 ns, Reaching safepoint: 65348 ns, At safepoint: 8163 ns, Total: 73511 ns
[2020-02-29T04:54:20.923+0000][1][safepoint    ] Safepoint "RevokeBias", Time since last: 506091660 ns, Reaching safepoint: 83697 ns, At safepoint: 20750 ns, Total: 104447 ns
[2020-02-29T04:54:21.924+0000][1][safepoint    ] Safepoint "Cleanup", Time since last: 1000878681 ns, Reaching safepoint: 99385 ns, At safepoint: 7375 ns, Total: 106760 ns
[2020-02-29T04:54:22.924+0000][1][safepoint    ] Safepoint "Cleanup", Time since last: 1000778445 ns, Reaching safepoint: 78428 ns, At safepoint: 6367 ns, Total: 84795 ns
[2020-02-29T04:54:23.447+0000][1][safepoint    ] Safepoint "RevokeBias", Time since last: 522562212 ns, Reaching safepoint: 81134 ns, At safepoint: 36377 ns, Total: 117511 ns
[2020-02-29T04:54:24.449+0000][1][safepoint    ] Safepoint "Cleanup", Time since last: 1001598762 ns, Reaching safepoint: 77337 ns, At safepoint: 7933 ns, Total: 85270 ns
[2020-02-29T04:54:25.456+0000][1][safepoint    ] Safepoint "Cleanup", Time since last: 1006690818 ns, Reaching safepoint: 95972 ns, At safepoint: 15221 ns, Total: 111193 ns
[2020-02-29T04:54:25.978+0000][1][safepoint    ] Safepoint "RevokeBias", Time since last: 522768221 ns, Reaching safepoint: 53717 ns, At safepoint: 15802 ns, Total: 69519 ns
[2020-02-29T04:54:26.979+0000][1][safepoint    ] Safepoint "Cleanup", Time since last: 1000600127 ns, Reaching safepoint: 123490 ns, At safepoint: 7332 ns, Total: 130822 ns
[2020-02-29T04:54:27.980+0000][1][safepoint    ] Safepoint "Cleanup", Time since last: 1000692567 ns, Reaching safepoint: 61737 ns, At safepoint: 7281 ns, Total: 69018 ns
[2020-02-29T04:54:28.499+0000][1][safepoint    ] Safepoint "RevokeBias", Time since last: 519138450 ns, Reaching safepoint: 78180 ns, At safepoint: 16746 ns, Total: 94926 ns
[2020-02-29T04:54:29.499+0000][1][safepoint    ] Safepoint "Cleanup", Time since last: 1000117809 ns, Reaching safepoint: 93314 ns, At safepoint: 9553 ns, Total: 102867 ns
[2020-02-29T04:54:30.500+0000][1][safepoint    ] Safepoint "Cleanup", Time since last: 1000829890 ns, Reaching safepoint: 80816 ns, At safepoint: 7981 ns, Total: 88797 ns
[2020-02-29T04:54:31.016+0000][1][safepoint    ] Safepoint "RevokeBias", Time since last: 515437563 ns, Reaching safepoint: 89728 ns, At safepoint: 16706 ns, Total: 106434 ns
[2020-02-29T04:54:32.019+0000][1][safepoint    ] Safepoint "Cleanup", Time since last: 1003415017 ns, Reaching safepoint: 159362 ns, At safepoint: 8445 ns, Total: 167807 ns
[2020-02-29T04:54:33.022+0000][1][safepoint    ] Safepoint "Cleanup", Time since last: 1002234978 ns, Reaching safepoint: 97592 ns, At safepoint: 8031 ns, Total: 105623 ns
[2020-02-29T04:54:33.535+0000][1][safepoint    ] Safepoint "RevokeBias", Time since last: 512861714 ns, Reaching safepoint: 56630 ns, At safepoint: 16491 ns, Total: 73121 ns
[2020-02-29T04:54:34.538+0000][1][safepoint    ] Safepoint "Cleanup", Time since last: 1003523605 ns, Reaching safepoint: 79537 ns, At safepoint: 6897 ns, Total: 86434 ns
[2020-02-29T04:54:35.543+0000][1][safepoint    ] Safepoint "Cleanup", Time since last: 1004572100 ns, Reaching safepoint: 61964 ns, At safepoint: 7275 ns, Total: 69239 ns
[2020-02-29T04:54:36.044+0000][1][safepoint    ] Safepoint "RevokeBias", Time since last: 500772938 ns, Reaching safepoint: 75070 ns, At safepoint: 18847 ns, Total: 93917 ns
[2020-02-29T04:54:37.044+0000][1][safepoint    ] Safepoint "Cleanup", Time since last: 1000427329 ns, Reaching safepoint: 84453 ns, At safepoint: 8530 ns, Total: 92983 ns
[2020-02-29T04:54:38.045+0000][1][safepoint    ] Safepoint "Cleanup", Time since last: 1000361894 ns, Reaching safepoint: 81229 ns, At safepoint: 7573 ns, Total: 88802 ns
[2020-02-29T04:54:38.554+0000][1][safepoint    ] Safepoint "RevokeBias", Time since last: 508938479 ns, Reaching safepoint: 159828 ns, At safepoint: 51459 ns, Total: 211287 ns
[2020-02-29T04:54:39.555+0000][1][safepoint    ] Safepoint "Cleanup", Time since last: 1001095991 ns, Reaching safepoint: 62135 ns, At safepoint: 7190 ns, Total: 69325 ns
[2020-02-29T04:54:40.558+0000][1][safepoint    ] Safepoint "Cleanup", Time since last: 1003346167 ns, Reaching safepoint: 85231 ns, At safepoint: 7203 ns, Total: 92434 ns
[2020-02-29T04:54:41.075+0000][1][safepoint    ] Safepoint "RevokeBias", Time since last: 515996493 ns, Reaching safepoint: 73765 ns, At safepoint: 18888 ns, Total: 92653 ns
[2020-02-29T04:54:42.079+0000][1][safepoint    ] Safepoint "Cleanup", Time since last: 1004109322 ns, Reaching safepoint: 98162 ns, At safepoint: 7168 ns, Total: 105330 ns
[2020-02-29T04:54:43.087+0000][1][safepoint    ] Safepoint "Cleanup", Time since last: 1008154495 ns, Reaching safepoint: 79500 ns, At safepoint: 7845 ns, Total: 87345 ns
[2020-02-29T04:54:43.590+0000][1][safepoint    ] Safepoint "RevokeBias", Time since last: 502559515 ns, Reaching safepoint: 71670 ns, At safepoint: 17039 ns, Total: 88709 ns
[2020-02-29T04:54:44.590+0000][1][safepoint    ] Safepoint "Cleanup", Time since last: 1000720593 ns, Reaching safepoint: 81550 ns, At safepoint: 6838 ns, Total: 88388 ns
[2020-02-29T04:54:45.601+0000][1][safepoint    ] Safepoint "Cleanup", Time since last: 1010624749 ns, Reaching safepoint: 108495 ns, At safepoint: 9058 ns, Total: 117553 ns
[2020-02-29T04:54:46.101+0000][1][safepoint    ] Safepoint "RevokeBias", Time since last: 499503536 ns, Reaching safepoint: 76624 ns, At safepoint: 17844 ns, Total: 94468 ns
[2020-02-29T04:54:47.101+0000][1][safepoint    ] Safepoint "Cleanup", Time since last: 1000258417 ns, Reaching safepoint: 64524 ns, At safepoint: 7463 ns, Total: 71987 ns
[2020-02-29T04:54:48.103+0000][1][safepoint    ] Safepoint "Cleanup", Time since last: 1001996632 ns, Reaching safepoint: 62769 ns, At safepoint: 6816 ns, Total: 69585 ns
[2020-02-29T04:54:48.620+0000][1][safepoint    ] Safepoint "RevokeBias", Time since last: 516770549 ns, Reaching safepoint: 59356 ns, At safepoint: 14312 ns, Total: 73668 ns
[2020-02-29T04:54:49.622+0000][1][safepoint    ] Safepoint "Cleanup", Time since last: 1001656967 ns, Reaching safepoint: 77418 ns, At safepoint: 6214 ns, Total: 83632 ns
[2020-02-29T04:54:50.628+0000][1][safepoint    ] Safepoint "Cleanup", Time since last: 1006108942 ns, Reaching safepoint: 76311 ns, At safepoint: 6114 ns, Total: 82425 ns
[2020-02-29T04:54:51.134+0000][1][safepoint    ] Safepoint "RevokeBias", Time since last: 505470231 ns, Reaching safepoint: 58250 ns, At safepoint: 17344 ns, Total: 75594 ns
[2020-02-29T04:54:52.135+0000][1][safepoint    ] Safepoint "Cleanup", Time since last: 1000671182 ns, Reaching safepoint: 309985 ns, At safepoint: 22798 ns, Total: 332783 ns
[2020-02-29T04:54:53.137+0000][1][safepoint    ] Safepoint "Cleanup", Time since last: 1002657828 ns, Reaching safepoint: 206527 ns, At safepoint: 26028 ns, Total: 232555 ns
[2020-02-29T04:54:53.657+0000][1][safepoint    ] Safepoint "RevokeBias", Time since last: 519009552 ns, Reaching safepoint: 57371 ns, At safepoint: 15368 ns, Total: 72739 ns
[2020-02-29T04:54:54.657+0000][1][safepoint    ] Safepoint "Cleanup", Time since last: 1000575454 ns, Reaching safepoint: 62971 ns, At safepoint: 7215 ns, Total: 70186 ns
[2020-02-29T04:54:55.660+0000][1][safepoint    ] Safepoint "Cleanup", Time since last: 1002511703 ns, Reaching safepoint: 79970 ns, At safepoint: 7428 ns, Total: 87398 ns
[2020-02-29T04:54:56.171+0000][1][safepoint    ] Safepoint "RevokeBias", Time since last: 511600018 ns, Reaching safepoint: 92129 ns, At safepoint: 19363 ns, Total: 111492 ns
[2020-02-29T04:54:57.172+0000][1][safepoint    ] Safepoint "Cleanup", Time since last: 1000478613 ns, Reaching safepoint: 86489 ns, At safepoint: 8275 ns, Total: 94764 ns
[2020-02-29T04:54:58.172+0000][1][safepoint    ] Safepoint "Cleanup", Time since last: 1000316618 ns, Reaching safepoint: 82354 ns, At safepoint: 8149 ns, Total: 90503 ns
[2020-02-29T04:54:58.695+0000][1][safepoint    ] Safepoint "BulkRevokeBias", Time since last: 522127450 ns, Reaching safepoint: 55770 ns, At safepoint: 148403 ns, Total: 204173 ns
[2020-02-29T04:54:59.696+0000][1][safepoint    ] Safepoint "Cleanup", Time since last: 1000857081 ns, Reaching safepoint: 108582 ns, At safepoint: 6934 ns, Total: 115516 ns
[2020-02-29T04:55:00.698+0000][1][safepoint    ] Safepoint "Cleanup", Time since last: 1002245170 ns, Reaching safepoint: 74067 ns, At safepoint: 5718 ns, Total: 79785 ns
[2020-02-29T04:55:01.213+0000][1][safepoint    ] Safepoint "RevokeBias", Time since last: 515045000 ns, Reaching safepoint: 77361 ns, At safepoint: 35421 ns, Total: 112782 ns
[2020-02-29T04:55:02.214+0000][1][safepoint    ] Safepoint "Cleanup", Time since last: 1000470754 ns, Reaching safepoint: 81027 ns, At safepoint: 8246 ns, Total: 89273 ns
[2020-02-29T04:55:03.223+0000][1][safepoint    ] Safepoint "Cleanup", Time since last: 1009113283 ns, Reaching safepoint: 89646 ns, At safepoint: 14394 ns, Total: 104040 ns
[2020-02-29T04:55:03.728+0000][1][safepoint    ] Safepoint "RevokeBias", Time since last: 504904147 ns, Reaching safepoint: 170676 ns, At safepoint: 20575 ns, Total: 191251 ns
[2020-02-29T04:55:04.729+0000][1][safepoint    ] Safepoint "Cleanup", Time since last: 1000505482 ns, Reaching safepoint: 86161 ns, At safepoint: 9320 ns, Total: 95481 ns
[2020-02-29T04:55:05.729+0000][1][safepoint    ] Safepoint "Cleanup", Time since last: 1000538476 ns, Reaching safepoint: 73822 ns, At safepoint: 6323 ns, Total: 80145 ns
[2020-02-29T04:55:06.246+0000][1][safepoint    ] Safepoint "RevokeBias", Time since last: 516930091 ns, Reaching safepoint: 74979 ns, At safepoint: 17825 ns, Total: 92804 ns
[2020-02-29T04:55:07.249+0000][1][safepoint    ] Safepoint "Cleanup", Time since last: 1002911076 ns, Reaching safepoint: 108524 ns, At safepoint: 7341 ns, Total: 115865 ns
[2020-02-29T04:55:08.250+0000][1][safepoint    ] Safepoint "Cleanup", Time since last: 1000456748 ns, Reaching safepoint: 62992 ns, At safepoint: 7271 ns, Total: 70263 ns
[2020-02-29T04:55:08.855+0000][1][safepoint    ] Safepoint "RevokeBias", Time since last: 604643043 ns, Reaching safepoint: 58496 ns, At safepoint: 15358 ns, Total: 73854 ns
[2020-02-29T04:55:09.860+0000][1][safepoint    ] Safepoint "Cleanup", Time since last: 1005052566 ns, Reaching safepoint: 79993 ns, At safepoint: 7199 ns, Total: 87192 ns
[2020-02-29T04:55:10.867+0000][1][safepoint    ] Safepoint "Cleanup", Time since last: 1007402681 ns, Reaching safepoint: 91309 ns, At safepoint: 7390 ns, Total: 98699 ns
[2020-02-29T04:55:11.374+0000][1][safepoint    ] Safepoint "RevokeBias", Time since last: 506475556 ns, Reaching safepoint: 58820 ns, At safepoint: 16052 ns, Total: 74872 ns
[2020-02-29T04:55:12.374+0000][1][safepoint    ] Safepoint "Cleanup", Time since last: 1000578184 ns, Reaching safepoint: 84908 ns, At safepoint: 9257 ns, Total: 94165 ns
[2020-02-29T04:55:13.375+0000][1][safepoint    ] Safepoint "Cleanup", Time since last: 1000697235 ns, Reaching safepoint: 93856 ns, At safepoint: 10606 ns, Total: 104462 ns
[2020-02-29T04:55:13.903+0000][1][safepoint    ] Safepoint "RevokeBias", Time since last: 527810729 ns, Reaching safepoint: 74467 ns, At safepoint: 17528 ns, Total: 91995 ns
[2020-02-29T04:55:14.907+0000][1][safepoint    ] Safepoint "Cleanup", Time since last: 1003692825 ns, Reaching safepoint: 106292 ns, At safepoint: 20111 ns, Total: 126403 ns
[2020-02-29T04:55:15.908+0000][1][safepoint    ] Safepoint "Cleanup", Time since last: 1000744042 ns, Reaching safepoint: 61754 ns, At safepoint: 7110 ns, Total: 68864 ns
[2020-02-29T04:55:16.422+0000][1][safepoint    ] Safepoint "RevokeBias", Time since last: 514155830 ns, Reaching safepoint: 151631 ns, At safepoint: 20705 ns, Total: 172336 ns
[2020-02-29T04:55:17.425+0000][1][safepoint    ] Safepoint "Cleanup", Time since last: 1002413316 ns, Reaching safepoint: 326581 ns, At safepoint: 115333 ns, Total: 441914 ns
[2020-02-29T04:55:18.428+0000][1][safepoint    ] Safepoint "Cleanup", Time since last: 1002070094 ns, Reaching safepoint: 361639 ns, At safepoint: 44321 ns, Total: 405960 ns
[2020-02-29T04:55:18.937+0000][1][safepoint    ] Safepoint "RevokeBias", Time since last: 509093634 ns, Reaching safepoint: 74312 ns, At safepoint: 17621 ns, Total: 91933 ns
[2020-02-29T04:55:19.937+0000][1][safepoint    ] Safepoint "Cleanup", Time since last: 1000391396 ns, Reaching safepoint: 80199 ns, At safepoint: 7461 ns, Total: 87660 ns
[2020-02-29T04:55:20.937+0000][1][safepoint    ] Safepoint "Cleanup", Time since last: 1000150695 ns, Reaching safepoint: 81410 ns, At safepoint: 7980 ns, Total: 89390 ns
[2020-02-29T04:55:21.448+0000][1][safepoint    ] Safepoint "RevokeBias", Time since last: 510126644 ns, Reaching safepoint: 58243 ns, At safepoint: 15874 ns, Total: 74117 ns
[2020-02-29T04:55:22.454+0000][1][safepoint    ] Safepoint "Cleanup", Time since last: 1006263412 ns, Reaching safepoint: 82817 ns, At safepoint: 7255 ns, Total: 90072 ns
[2020-02-29T04:55:23.456+0000][1][safepoint    ] Safepoint "Cleanup", Time since last: 1001593690 ns, Reaching safepoint: 62601 ns, At safepoint: 6862 ns, Total: 69463 ns
[2020-02-29T04:55:23.977+0000][1][safepoint    ] Safepoint "RevokeBias", Time since last: 520980540 ns, Reaching safepoint: 74271 ns, At safepoint: 16869 ns, Total: 91140 ns
[2020-02-29T04:55:24.980+0000][1][safepoint    ] Safepoint "Cleanup", Time since last: 1003441826 ns, Reaching safepoint: 107720 ns, At safepoint: 7008 ns, Total: 114728 ns
[2020-02-29T04:55:25.981+0000][1][safepoint    ] Safepoint "Cleanup", Time since last: 1000446769 ns, Reaching safepoint: 62119 ns, At safepoint: 6784 ns, Total: 68903 ns
[2020-02-29T04:55:26.495+0000][1][safepoint    ] Safepoint "RevokeBias", Time since last: 514300547 ns, Reaching safepoint: 75180 ns, At safepoint: 18124 ns, Total: 93304 ns
[2020-02-29T04:55:27.496+0000][1][safepoint    ] Safepoint "Cleanup", Time since last: 1000337381 ns, Reaching safepoint: 78402 ns, At safepoint: 7214 ns, Total: 85616 ns
[2020-02-29T04:55:28.497+0000][1][safepoint    ] Safepoint "Cleanup", Time since last: 1000892599 ns, Reaching safepoint: 87795 ns, At safepoint: 7541 ns, Total: 95336 ns
[2020-02-29T04:55:29.022+0000][1][safepoint    ] Safepoint "RevokeBias", Time since last: 525646019 ns, Reaching safepoint: 79565 ns, At safepoint: 19274 ns, Total: 98839 ns
[2020-02-29T04:55:30.023+0000][1][safepoint    ] Safepoint "Cleanup", Time since last: 1000518878 ns, Reaching safepoint: 69127 ns, At safepoint: 8014 ns, Total: 77141 ns
[2020-02-29T04:55:31.024+0000][1][safepoint    ] Safepoint "Cleanup", Time since last: 1001423045 ns, Reaching safepoint: 58706 ns, At safepoint: 6127 ns, Total: 64833 ns
[2020-02-29T04:55:31.543+0000][1][safepoint    ] Safepoint "RevokeBias", Time since last: 518541480 ns, Reaching safepoint: 75534 ns, At safepoint: 17678 ns, Total: 93212 ns
[2020-02-29T04:55:32.548+0000][1][safepoint    ] Safepoint "Cleanup", Time since last: 1005183200 ns, Reaching safepoint: 64144 ns, At safepoint: 7588 ns, Total: 71732 ns
[2020-02-29T04:55:33.555+0000][1][safepoint    ] Safepoint "Cleanup", Time since last: 1006937709 ns, Reaching safepoint: 84980 ns, At safepoint: 7762 ns, Total: 92742 ns
[2020-02-29T04:55:34.061+0000][1][safepoint    ] Safepoint "RevokeBias", Time since last: 505129912 ns, Reaching safepoint: 83471 ns, At safepoint: 18923 ns, Total: 102394 ns
[2020-02-29T04:55:35.061+0000][1][safepoint    ] Safepoint "Cleanup", Time since last: 1000842578 ns, Reaching safepoint: 80514 ns, At safepoint: 8624 ns, Total: 89138 ns
[2020-02-29T04:55:36.062+0000][1][safepoint    ] Safepoint "Cleanup", Time since last: 1000388062 ns, Reaching safepoint: 86166 ns, At safepoint: 8379 ns, Total: 94545 ns
[2020-02-29T04:55:36.581+0000][1][safepoint    ] Safepoint "RevokeBias", Time since last: 518734443 ns, Reaching safepoint: 75526 ns, At safepoint: 76651 ns, Total: 152177 ns
[2020-02-29T04:55:37.583+0000][1][safepoint    ] Safepoint "Cleanup", Time since last: 1001474565 ns, Reaching safepoint: 165091 ns, At safepoint: 24138 ns, Total: 189229 ns
[2020-02-29T04:55:38.584+0000][1][safepoint    ] Safepoint "Cleanup", Time since last: 1001354025 ns, Reaching safepoint: 135563 ns, At safepoint: 23747 ns, Total: 159310 ns
[2020-02-29T04:55:39.106+0000][1][safepoint    ] Safepoint "RevokeBias", Time since last: 521630792 ns, Reaching safepoint: 123159 ns, At safepoint: 18368 ns, Total: 141527 ns
[2020-02-29T04:55:40.115+0000][1][safepoint    ] Safepoint "Cleanup", Time since last: 1002101472 ns, Reaching safepoint: 6640697 ns, At safepoint: 28851 ns, Total: 6669548 ns
[2020-02-29T04:55:41.122+0000][1][safepoint    ] Safepoint "Cleanup", Time since last: 1007181925 ns, Reaching safepoint: 64242 ns, At safepoint: 7558 ns, Total: 71800 ns
[2020-02-29T04:55:41.619+0000][1][safepoint    ] Safepoint "RevokeBias", Time since last: 496960793 ns, Reaching safepoint: 88118 ns, At safepoint: 17225 ns, Total: 105343 ns
[2020-02-29T04:55:42.620+0000][1][safepoint    ] Safepoint "Cleanup", Time since last: 1000677284 ns, Reaching safepoint: 93562 ns, At safepoint: 7273 ns, Total: 100835 ns
[2020-02-29T04:55:43.624+0000][1][safepoint    ] Safepoint "Cleanup", Time since last: 1004705867 ns, Reaching safepoint: 76425 ns, At safepoint: 6351 ns, Total: 82776 ns
[2020-02-29T04:55:44.135+0000][1][safepoint    ] Safepoint "RevokeBias", Time since last: 509967709 ns, Reaching safepoint: 73912 ns, At safepoint: 17802 ns, Total: 91714 ns
[2020-02-29T04:55:45.137+0000][1][safepoint    ] Safepoint "Cleanup", Time since last: 1002488218 ns, Reaching safepoint: 127428 ns, At safepoint: 7197 ns, Total: 134625 ns
[2020-02-29T04:55:46.141+0000][1][safepoint    ] Safepoint "Cleanup", Time since last: 1004226582 ns, Reaching safepoint: 98869 ns, At safepoint: 7023 ns, Total: 105892 ns
[2020-02-29T04:55:46.658+0000][1][safepoint    ] Safepoint "RevokeBias", Time since last: 516007852 ns, Reaching safepoint: 59406 ns, At safepoint: 16567 ns, Total: 75973 ns
[2020-02-29T04:55:47.663+0000][1][safepoint    ] Safepoint "Cleanup", Time since last: 1005629917 ns, Reaching safepoint: 121978 ns, At safepoint: 21799 ns, Total: 143777 ns
[2020-02-29T04:55:48.664+0000][1][safepoint    ] Safepoint "Cleanup", Time since last: 1000593740 ns, Reaching safepoint: 128270 ns, At safepoint: 6906 ns, Total: 135176 ns
[2020-02-29T04:55:48.938+0000][1][gc,start     ] GC(35) Pause Young (Allocation Failure)
[2020-02-29T04:55:48.938+0000][1][gc,task      ] GC(35) Using 1 workers of 1 for evacuation
[2020-02-29T04:55:49.203+0000][1][gc,age       ] GC(35) Desired survivor size 4358144 bytes, new threshold 6 (max threshold 6)
[2020-02-29T04:55:49.203+0000][1][gc,age       ] GC(35) Age table with threshold 6 (max threshold 6)
[2020-02-29T04:55:49.203+0000][1][gc,age       ] GC(35) - age   1:      13184 bytes,      13184 total
[2020-02-29T04:55:49.203+0000][1][gc,age       ] GC(35) - age   2:       4296 bytes,      17480 total
[2020-02-29T04:55:49.203+0000][1][gc,age       ] GC(35) - age   3:       1208 bytes,      18688 total
[2020-02-29T04:55:49.203+0000][1][gc,age       ] GC(35) - age   4:      37744 bytes,      56432 total
[2020-02-29T04:55:49.203+0000][1][gc,age       ] GC(35) - age   5:      14576 bytes,      71008 total
[2020-02-29T04:55:49.203+0000][1][gc,age       ] GC(35) - age   6:     293352 bytes,     364360 total
[2020-02-29T04:55:49.203+0000][1][gc,heap      ] GC(35) ParNew: 71938K->1259K(76672K)
[2020-02-29T04:55:49.203+0000][1][gc,heap      ] GC(35) CMS: 60361K->62152K(963392K)
[2020-02-29T04:55:49.203+0000][1][gc,metaspace ] GC(35) Metaspace: 78778K->78778K(1122304K)
[2020-02-29T04:55:49.203+0000][1][gc           ] GC(35) Pause Young (Allocation Failure) 129M->61M(1015M) 265.930ms
[2020-02-29T04:55:49.203+0000][1][gc,cpu       ] GC(35) User=0.02s Sys=0.01s Real=0.27s
[2020-02-29T04:55:49.204+0000][1][safepoint    ] Safepoint "GenCollectForAllocation", Time since last: 273408961 ns, Reaching safepoint: 59220 ns, At safepoint: 265982915 ns, Total: 266042135 ns
[2020-02-29T04:55:49.208+0000][1][safepoint    ] Safepoint "RevokeBias", Time since last: 4452400 ns, Reaching safepoint: 76487 ns, At safepoint: 18575 ns, Total: 95062 ns
[2020-02-29T04:55:50.210+0000][1][safepoint    ] Safepoint "Cleanup", Time since last: 1002238801 ns, Reaching safepoint: 80653 ns, At safepoint: 6380 ns, Total: 87033 ns
[2020-02-29T04:55:51.212+0000][1][safepoint    ] Safepoint "Cleanup", Time since last: 1001822989 ns, Reaching safepoint: 59294 ns, At safepoint: 6143 ns, Total: 65437 ns
[2020-02-29T04:55:51.726+0000][1][safepoint    ] Safepoint "RevokeBias", Time since last: 513868135 ns, Reaching safepoint: 94639 ns, At safepoint: 20894 ns, Total: 115533 ns
[2020-02-29T04:55:52.726+0000][1][safepoint    ] Safepoint "Cleanup", Time since last: 1000052858 ns, Reaching safepoint: 144389 ns, At safepoint: 23909 ns, Total: 168298 ns
[2020-02-29T04:55:53.727+0000][1][safepoint    ] Safepoint "Cleanup", Time since last: 1000397109 ns, Reaching safepoint: 78719 ns, At safepoint: 8398 ns, Total: 87117 ns
[2020-02-29T04:55:54.251+0000][1][safepoint    ] Safepoint "RevokeBias", Time since last: 523676972 ns, Reaching safepoint: 81132 ns, At safepoint: 17723 ns, Total: 98855 ns
[2020-02-29T04:55:55.256+0000][1][safepoint    ] Safepoint "Cleanup", Time since last: 1005272702 ns, Reaching safepoint: 73304 ns, At safepoint: 6222 ns, Total: 79526 ns
[2020-02-29T04:55:56.259+0000][1][safepoint    ] Safepoint "Cleanup", Time since last: 1002499107 ns, Reaching safepoint: 74890 ns, At safepoint: 5863 ns, Total: 80753 ns
[2020-02-29T04:55:56.778+0000][1][safepoint    ] Safepoint "RevokeBias", Time since last: 519627818 ns, Reaching safepoint: 74672 ns, At safepoint: 17436 ns, Total: 92108 ns
[2020-02-29T04:55:57.779+0000][1][safepoint    ] Safepoint "Cleanup", Time since last: 1000220388 ns, Reaching safepoint: 172420 ns, At safepoint: 11002 ns, Total: 183422 ns
[2020-02-29T04:55:58.779+0000][1][safepoint    ] Safepoint "Cleanup", Time since last: 1000390192 ns, Reaching safepoint: 108142 ns, At safepoint: 6968 ns, Total: 115110 ns
[2020-02-29T04:55:59.295+0000][1][safepoint    ] Safepoint "RevokeBias", Time since last: 515626862 ns, Reaching safepoint: 77045 ns, At safepoint: 17690 ns, Total: 94735 ns
[2020-02-29T04:56:00.298+0000][1][safepoint    ] Safepoint "Cleanup", Time since last: 1002615022 ns, Reaching safepoint: 63684 ns, At safepoint: 7252 ns, Total: 70936 ns
[2020-02-29T04:56:01.308+0000][1][safepoint    ] Safepoint "Cleanup", Time since last: 1010214689 ns, Reaching safepoint: 82373 ns, At safepoint: 9737 ns, Total: 92110 ns
[2020-02-29T04:56:01.810+0000][1][safepoint    ] Safepoint "RevokeBias", Time since last: 501747163 ns, Reaching safepoint: 78064 ns, At safepoint: 17952 ns, Total: 96016 ns
[2020-02-29T04:56:02.811+0000][1][safepoint    ] Safepoint "Cleanup", Time since last: 1001461758 ns, Reaching safepoint: 63053 ns, At safepoint: 6909 ns, Total: 69962 ns
[2020-02-29T04:56:03.821+0000][1][safepoint    ] Safepoint "Cleanup", Time since last: 1009355867 ns, Reaching safepoint: 94132 ns, At safepoint: 6599 ns, Total: 100731 ns
[2020-02-29T04:56:04.334+0000][1][safepoint    ] Safepoint "RevokeBias", Time since last: 513368778 ns, Reaching safepoint: 93619 ns, At safepoint: 20872 ns, Total: 114491 ns
[2020-02-29T04:56:05.335+0000][1][safepoint    ] Safepoint "Cleanup", Time since last: 1000484524 ns, Reaching safepoint: 92223 ns, At safepoint: 7570 ns, Total: 99793 ns
[2020-02-29T04:56:06.335+0000][1][safepoint    ] Safepoint "Cleanup", Time since last: 1000287980 ns, Reaching safepoint: 81978 ns, At safepoint: 21574 ns, Total: 103552 ns
[2020-02-29T04:56:06.852+0000][1][safepoint    ] Safepoint "RevokeBias", Time since last: 516651834 ns, Reaching safepoint: 162604 ns, At safepoint: 48923 ns, Total: 211527 ns
[2020-02-29T04:56:07.853+0000][1][safepoint    ] Safepoint "Cleanup", Time since last: 1000786248 ns, Reaching safepoint: 61953 ns, At safepoint: 6648 ns, Total: 68601 ns
[2020-02-29T04:56:08.858+0000][1][safepoint    ] Safepoint "Cleanup", Time since last: 1004758832 ns, Reaching safepoint: 75905 ns, At safepoint: 6795 ns, Total: 82700 ns
[2020-02-29T04:56:09.383+0000][1][safepoint    ] Safepoint "RevokeBias", Time since last: 524582099 ns, Reaching safepoint: 153451 ns, At safepoint: 36564 ns, Total: 190015 ns
[2020-02-29T04:56:10.385+0000][1][safepoint    ] Safepoint "Cleanup", Time since last: 1002288287 ns, Reaching safepoint: 65522 ns, At safepoint: 7175 ns, Total: 72697 ns
[2020-02-29T04:56:11.392+0000][1][safepoint    ] Safepoint "Cleanup", Time since last: 1006927550 ns, Reaching safepoint: 59975 ns, At safepoint: 5701 ns, Total: 65676 ns
[2020-02-29T04:56:11.899+0000][1][safepoint    ] Safepoint "BulkRevokeBias", Time since last: 507078962 ns, Reaching safepoint: 74149 ns, At safepoint: 265729 ns, Total: 339878 ns
[2020-02-29T04:56:12.900+0000][1][safepoint    ] Safepoint "Cleanup", Time since last: 1000585024 ns, Reaching safepoint: 62863 ns, At safepoint: 7716 ns, Total: 70579 ns
[2020-02-29T04:56:13.900+0000][1][safepoint    ] Safepoint "Cleanup", Time since last: 1000303077 ns, Reaching safepoint: 66701 ns, At safepoint: 6843 ns, Total: 73544 ns
[2020-02-29T04:56:14.411+0000][1][safepoint    ] Safepoint "RevokeBias", Time since last: 510846843 ns, Reaching safepoint: 147823 ns, At safepoint: 40982 ns, Total: 188805 ns
[2020-02-29T04:56:15.415+0000][1][safepoint    ] Safepoint "Cleanup", Time since last: 1003795268 ns, Reaching safepoint: 91133 ns, At safepoint: 8332 ns, Total: 99465 ns
[2020-02-29T04:56:16.416+0000][1][safepoint    ] Safepoint "Cleanup", Time since last: 1000827078 ns, Reaching safepoint: 93073 ns, At safepoint: 10530 ns, Total: 103603 ns
[2020-02-29T04:56:16.936+0000][1][safepoint    ] Safepoint "RevokeBias", Time since last: 519304047 ns, Reaching safepoint: 58559 ns, At safepoint: 16007 ns, Total: 74566 ns
[2020-02-29T04:56:17.939+0000][1][safepoint    ] Safepoint "Cleanup", Time since last: 1003222779 ns, Reaching safepoint: 82398 ns, At safepoint: 7661 ns, Total: 90059 ns
[2020-02-29T04:56:18.940+0000][1][safepoint    ] Safepoint "Cleanup", Time since last: 1000949141 ns, Reaching safepoint: 69462 ns, At safepoint: 7124 ns, Total: 76586 ns
[2020-02-29T04:56:19.463+0000][1][safepoint    ] Safepoint "RevokeBias", Time since last: 522482211 ns, Reaching safepoint: 55629 ns, At safepoint: 16417 ns, Total: 72046 ns
[2020-02-29T04:56:20.466+0000][1][safepoint    ] Safepoint "Cleanup", Time since last: 1003532977 ns, Reaching safepoint: 65715 ns, At safepoint: 7101 ns, Total: 72816 ns
[2020-02-29T04:56:21.470+0000][1][safepoint    ] Safepoint "Cleanup", Time since last: 1003700462 ns, Reaching safepoint: 61631 ns, At safepoint: 6931 ns, Total: 68562 ns
[2020-02-29T04:56:21.973+0000][1][safepoint    ] Safepoint "RevokeBias", Time since last: 502402979 ns, Reaching safepoint: 189539 ns, At safepoint: 34484 ns, Total: 224023 ns
[2020-02-29T04:56:22.973+0000][1][safepoint    ] Safepoint "Cleanup", Time since last: 1000192795 ns, Reaching safepoint: 129353 ns, At safepoint: 27586 ns, Total: 156939 ns
[2020-02-29T04:56:23.974+0000][1][safepoint    ] Safepoint "Cleanup", Time since last: 1000938727 ns, Reaching safepoint: 75840 ns, At safepoint: 6821 ns, Total: 82661 ns
[2020-02-29T04:56:24.486+0000][1][safepoint    ] Safepoint "RevokeBias", Time since last: 511589965 ns, Reaching safepoint: 58090 ns, At safepoint: 16032 ns, Total: 74122 ns
[2020-02-29T04:56:25.489+0000][1][safepoint    ] Safepoint "Cleanup", Time since last: 1003419396 ns, Reaching safepoint: 155322 ns, At safepoint: 29530 ns, Total: 184852 ns
[2020-02-29T04:56:26.500+0000][1][safepoint    ] Safepoint "Cleanup", Time since last: 1010911772 ns, Reaching safepoint: 76364 ns, At safepoint: 6991 ns, Total: 83355 ns
[2020-02-29T04:56:27.013+0000][1][safepoint    ] Safepoint "RevokeBias", Time since last: 512692934 ns, Reaching safepoint: 56870 ns, At safepoint: 15319 ns, Total: 72189 ns
[2020-02-29T04:56:28.013+0000][1][safepoint    ] Safepoint "Cleanup", Time since last: 1000414632 ns, Reaching safepoint: 63511 ns, At safepoint: 6843 ns, Total: 70354 ns
[2020-02-29T04:56:29.014+0000][1][safepoint    ] Safepoint "Cleanup", Time since last: 1000670859 ns, Reaching safepoint: 62345 ns, At safepoint: 6498 ns, Total: 68843 ns
[2020-02-29T04:56:29.522+0000][1][safepoint    ] Safepoint "RevokeBias", Time since last: 507720016 ns, Reaching safepoint: 77256 ns, At safepoint: 17931 ns, Total: 95187 ns
[2020-02-29T04:56:30.527+0000][1][safepoint    ] Safepoint "Cleanup", Time since last: 1004963376 ns, Reaching safepoint: 80845 ns, At safepoint: 7288 ns, Total: 88133 ns
[2020-02-29T04:56:31.532+0000][1][safepoint    ] Safepoint "Cleanup", Time since last: 1004652773 ns, Reaching safepoint: 82628 ns, At safepoint: 7240 ns, Total: 89868 ns
[2020-02-29T04:56:32.071+0000][1][safepoint    ] Safepoint "RevokeBias", Time since last: 539555904 ns, Reaching safepoint: 53313 ns, At safepoint: 14537 ns, Total: 67850 ns
[2020-02-29T04:56:33.072+0000][1][safepoint    ] Safepoint "Cleanup", Time since last: 1000721663 ns, Reaching safepoint: 64274 ns, At safepoint: 7266 ns, Total: 71540 ns
[2020-02-29T04:56:34.073+0000][1][safepoint    ] Safepoint "Cleanup", Time since last: 1000443076 ns, Reaching safepoint: 85982 ns, At safepoint: 9702 ns, Total: 95684 ns
[2020-02-29T04:56:34.613+0000][1][safepoint    ] Safepoint "RevokeBias", Time since last: 539842312 ns, Reaching safepoint: 76101 ns, At safepoint: 19138 ns, Total: 95239 ns
[2020-02-29T04:56:35.615+0000][1][safepoint    ] Safepoint "Cleanup", Time since last: 1002092810 ns, Reaching safepoint: 118628 ns, At safepoint: 7984 ns, Total: 126612 ns
[2020-02-29T04:56:36.618+0000][1][safepoint    ] Safepoint "Cleanup", Time since last: 1003256009 ns, Reaching safepoint: 97059 ns, At safepoint: 7156 ns, Total: 104215 ns
[2020-02-29T04:56:37.137+0000][1][safepoint    ] Safepoint "RevokeBias", Time since last: 514233595 ns, Reaching safepoint: 4016614 ns, At safepoint: 22014 ns, Total: 4038628 ns
[2020-02-29T04:56:38.138+0000][1][safepoint    ] Safepoint "Cleanup", Time since last: 1001266760 ns, Reaching safepoint: 64637 ns, At safepoint: 7643 ns, Total: 72280 ns
[2020-02-29T04:56:39.144+0000][1][safepoint    ] Safepoint "Cleanup", Time since last: 1006010536 ns, Reaching safepoint: 81367 ns, At safepoint: 8659 ns, Total: 90026 ns
[2020-02-29T04:56:39.659+0000][1][safepoint    ] Safepoint "RevokeBias", Time since last: 515316004 ns, Reaching safepoint: 139554 ns, At safepoint: 19528 ns, Total: 159082 ns
[2020-02-29T04:56:40.660+0000][1][safepoint    ] Safepoint "Cleanup", Time since last: 1000545302 ns, Reaching safepoint: 84959 ns, At safepoint: 9732 ns, Total: 94691 ns
[2020-02-29T04:56:41.660+0000][1][safepoint    ] Safepoint "Cleanup", Time since last: 1000210665 ns, Reaching safepoint: 80137 ns, At safepoint: 7839 ns, Total: 87976 ns
[2020-02-29T04:56:42.195+0000][1][safepoint    ] Safepoint "RevokeBias", Time since last: 534211212 ns, Reaching safepoint: 54547 ns, At safepoint: 15250 ns, Total: 69797 ns
[2020-02-29T04:56:43.201+0000][1][safepoint    ] Safepoint "Cleanup", Time since last: 1006379082 ns, Reaching safepoint: 81428 ns, At safepoint: 7302 ns, Total: 88730 ns
[2020-02-29T04:56:44.206+0000][1][safepoint    ] Safepoint "Cleanup", Time since last: 1004926073 ns, Reaching safepoint: 147753 ns, At safepoint: 23499 ns, Total: 171252 ns
[2020-02-29T04:56:44.718+0000][1][safepoint    ] Safepoint "RevokeBias", Time since last: 511188248 ns, Reaching safepoint: 56711 ns, At safepoint: 15051 ns, Total: 71762 ns
[2020-02-29T04:56:45.720+0000][1][safepoint    ] Safepoint "Cleanup", Time since last: 1002160362 ns, Reaching safepoint: 62867 ns, At safepoint: 7173 ns, Total: 70040 ns
[2020-02-29T04:56:46.722+0000][1][safepoint    ] Safepoint "Cleanup", Time since last: 1002348280 ns, Reaching safepoint: 154632 ns, At safepoint: 8606 ns, Total: 163238 ns
[2020-02-29T04:56:47.235+0000][1][safepoint    ] Safepoint "RevokeBias", Time since last: 512363288 ns, Reaching safepoint: 79616 ns, At safepoint: 18612 ns, Total: 98228 ns
[2020-02-29T04:56:48.235+0000][1][safepoint    ] Safepoint "Cleanup", Time since last: 1000458222 ns, Reaching safepoint: 85023 ns, At safepoint: 10009 ns, Total: 95032 ns
[2020-02-29T04:56:49.238+0000][1][safepoint    ] Safepoint "Cleanup", Time since last: 1003014795 ns, Reaching safepoint: 67388 ns, At safepoint: 7465 ns, Total: 74853 ns
[2020-02-29T04:56:49.740+0000][1][safepoint    ] Safepoint "RevokeBias", Time since last: 501595150 ns, Reaching safepoint: 111049 ns, At safepoint: 18401 ns, Total: 129450 ns
[2020-02-29T04:56:50.742+0000][1][safepoint    ] Safepoint "Cleanup", Time since last: 1001958885 ns, Reaching safepoint: 64389 ns, At safepoint: 7516 ns, Total: 71905 ns
[2020-02-29T04:56:51.743+0000][1][safepoint    ] Safepoint "Cleanup", Time since last: 1000824584 ns, Reaching safepoint: 78421 ns, At safepoint: 7208 ns, Total: 85629 ns
[2020-02-29T04:56:52.259+0000][1][safepoint    ] Safepoint "RevokeBias", Time since last: 515871434 ns, Reaching safepoint: 83274 ns, At safepoint: 16928 ns, Total: 100202 ns
[2020-02-29T04:56:53.260+0000][1][safepoint    ] Safepoint "Cleanup", Time since last: 1000927431 ns, Reaching safepoint: 79794 ns, At safepoint: 6569 ns, Total: 86363 ns
[2020-02-29T04:56:54.261+0000][1][safepoint    ] Safepoint "Cleanup", Time since last: 1000769789 ns, Reaching safepoint: 82185 ns, At safepoint: 8077 ns, Total: 90262 ns
[2020-02-29T04:56:54.783+0000][1][safepoint    ] Safepoint "RevokeBias", Time since last: 521578010 ns, Reaching safepoint: 55990 ns, At safepoint: 15677 ns, Total: 71667 ns
[2020-02-29T04:56:55.785+0000][1][safepoint    ] Safepoint "Cleanup", Time since last: 1002366047 ns, Reaching safepoint: 61606 ns, At safepoint: 7264 ns, Total: 68870 ns
[2020-02-29T04:56:56.790+0000][1][safepoint    ] Safepoint "Cleanup", Time since last: 1005289356 ns, Reaching safepoint: 77875 ns, At safepoint: 7737 ns, Total: 85612 ns
[2020-02-29T04:56:57.307+0000][1][safepoint    ] Safepoint "RevokeBias", Time since last: 516506750 ns, Reaching safepoint: 56076 ns, At safepoint: 16423 ns, Total: 72499 ns
[2020-02-29T04:56:58.310+0000][1][safepoint    ] Safepoint "Cleanup", Time since last: 1002931498 ns, Reaching safepoint: 63179 ns, At safepoint: 7409 ns, Total: 70588 ns
[2020-02-29T04:56:59.284+0000][1][safepoint    ] Safepoint "RevokeBias", Time since last: 973645267 ns, Reaching safepoint: 64794 ns, At safepoint: 27242 ns, Total: 92036 ns
[2020-02-29T04:56:59.819+0000][1][safepoint    ] Safepoint "RevokeBias", Time since last: 535595242 ns, Reaching safepoint: 77390 ns, At safepoint: 17111 ns, Total: 94501 ns
[2020-02-29T04:57:00.820+0000][1][safepoint    ] Safepoint "Cleanup", Time since last: 1000634989 ns, Reaching safepoint: 81940 ns, At safepoint: 7777 ns, Total: 89717 ns
[2020-02-29T04:57:01.820+0000][1][safepoint    ] Safepoint "Cleanup", Time since last: 1000274350 ns, Reaching safepoint: 76316 ns, At safepoint: 6375 ns, Total: 82691 ns
[2020-02-29T04:57:02.338+0000][1][safepoint    ] Safepoint "RevokeBias", Time since last: 517308276 ns, Reaching safepoint: 76588 ns, At safepoint: 17117 ns, Total: 93705 ns
[2020-02-29T04:57:03.344+0000][1][safepoint    ] Safepoint "Cleanup", Time since last: 1006238118 ns, Reaching safepoint: 86301 ns, At safepoint: 8455 ns, Total: 94756 ns
[2020-02-29T04:57:04.349+0000][1][safepoint    ] Safepoint "Cleanup", Time since last: 1005111105 ns, Reaching safepoint: 97016 ns, At safepoint: 8067 ns, Total: 105083 ns
[2020-02-29T04:57:04.859+0000][1][safepoint    ] Safepoint "RevokeBias", Time since last: 509809615 ns, Reaching safepoint: 79499 ns, At safepoint: 18988 ns, Total: 98487 ns
[2020-02-29T04:57:05.864+0000][1][safepoint    ] Safepoint "Cleanup", Time since last: 1004732092 ns, Reaching safepoint: 110201 ns, At safepoint: 8783 ns, Total: 118984 ns
[2020-02-29T04:57:06.872+0000][1][safepoint    ] Safepoint "Cleanup", Time since last: 1007493635 ns, Reaching safepoint: 79348 ns, At safepoint: 20568 ns, Total: 99916 ns
[2020-02-29T04:57:07.380+0000][1][safepoint    ] Safepoint "RevokeBias", Time since last: 507895299 ns, Reaching safepoint: 151546 ns, At safepoint: 35821 ns, Total: 187367 ns
[2020-02-29T04:57:08.389+0000][1][safepoint    ] Safepoint "Cleanup", Time since last: 1009191084 ns, Reaching safepoint: 70121 ns, At safepoint: 7796 ns, Total: 77917 ns
[2020-02-29T04:57:09.392+0000][1][safepoint    ] Safepoint "Cleanup", Time since last: 1002809033 ns, Reaching safepoint: 63957 ns, At safepoint: 7320 ns, Total: 71277 ns
[2020-02-29T04:57:09.897+0000][1][safepoint    ] Safepoint "RevokeBias", Time since last: 504912527 ns, Reaching safepoint: 62144 ns, At safepoint: 16083 ns, Total: 78227 ns
[2020-02-29T04:57:10.902+0000][1][safepoint    ] Safepoint "Cleanup", Time since last: 1005238486 ns, Reaching safepoint: 62893 ns, At safepoint: 7484 ns, Total: 70377 ns
[2020-02-29T04:57:11.903+0000][1][safepoint    ] Safepoint "Cleanup", Time since last: 1000278739 ns, Reaching safepoint: 80009 ns, At safepoint: 7627 ns, Total: 87636 ns
[2020-02-29T04:57:12.436+0000][1][safepoint    ] Safepoint "RevokeBias", Time since last: 533586425 ns, Reaching safepoint: 66128 ns, At safepoint: 17736 ns, Total: 83864 ns
[2020-02-29T04:57:13.441+0000][1][safepoint    ] Safepoint "Cleanup", Time since last: 1004584205 ns, Reaching safepoint: 82879 ns, At safepoint: 8401 ns, Total: 91280 ns
[2020-02-29T04:57:14.444+0000][1][safepoint    ] Safepoint "Cleanup", Time since last: 1002931473 ns, Reaching safepoint: 80585 ns, At safepoint: 8154 ns, Total: 88739 ns
[2020-02-29T04:57:14.961+0000][1][safepoint    ] Safepoint "RevokeBias", Time since last: 516957095 ns, Reaching safepoint: 57240 ns, At safepoint: 16137 ns, Total: 73377 ns
[2020-02-29T04:57:15.966+0000][1][safepoint    ] Safepoint "Cleanup", Time since last: 1004819174 ns, Reaching safepoint: 80108 ns, At safepoint: 6179 ns, Total: 86287 ns
[2020-02-29T04:57:16.967+0000][1][safepoint    ] Safepoint "Cleanup", Time since last: 1001232677 ns, Reaching safepoint: 81161 ns, At safepoint: 7509 ns, Total: 88670 ns
[2020-02-29T04:57:17.478+0000][1][safepoint    ] Safepoint "RevokeBias", Time since last: 510817823 ns, Reaching safepoint: 75854 ns, At safepoint: 17070 ns, Total: 92924 ns
[2020-02-29T04:57:18.479+0000][1][safepoint    ] Safepoint "Cleanup", Time since last: 1000575188 ns, Reaching safepoint: 209024 ns, At safepoint: 25824 ns, Total: 234848 ns
[2020-02-29T04:57:19.480+0000][1][safepoint    ] Safepoint "Cleanup", Time since last: 1000657838 ns, Reaching safepoint: 78896 ns, At safepoint: 6812 ns, Total: 85708 ns
[2020-02-29T04:57:19.991+0000][1][safepoint    ] Safepoint "RevokeBias", Time since last: 511709792 ns, Reaching safepoint: 57699 ns, At safepoint: 15308 ns, Total: 73007 ns
[2020-02-29T04:57:20.993+0000][1][safepoint    ] Safepoint "Cleanup", Time since last: 1001686472 ns, Reaching safepoint: 64079 ns, At safepoint: 7040 ns, Total: 71119 ns
[2020-02-29T04:57:21.994+0000][1][safepoint    ] Safepoint "Cleanup", Time since last: 1000416170 ns, Reaching safepoint: 97291 ns, At safepoint: 6933 ns, Total: 104224 ns
[2020-02-29T04:57:22.528+0000][1][safepoint    ] Safepoint "RevokeBias", Time since last: 533673904 ns, Reaching safepoint: 55702 ns, At safepoint: 32684 ns, Total: 88386 ns
[2020-02-29T04:57:23.530+0000][1][safepoint    ] Safepoint "Cleanup", Time since last: 1002705012 ns, Reaching safepoint: 97438 ns, At safepoint: 7516 ns, Total: 104954 ns
[2020-02-29T04:57:24.532+0000][1][safepoint    ] Safepoint "Cleanup", Time since last: 1001460385 ns, Reaching safepoint: 63586 ns, At safepoint: 7109 ns, Total: 70695 ns
[2020-02-29T04:57:25.041+0000][1][safepoint    ] Safepoint "BulkRevokeBias", Time since last: 509117225 ns, Reaching safepoint: 76258 ns, At safepoint: 189624 ns, Total: 265882 ns
[2020-02-29T04:57:26.042+0000][1][safepoint    ] Safepoint "Cleanup", Time since last: 1000460958 ns, Reaching safepoint: 80488 ns, At safepoint: 7610 ns, Total: 88098 ns
[2020-02-29T04:57:27.043+0000][1][safepoint    ] Safepoint "Cleanup", Time since last: 1000855007 ns, Reaching safepoint: 80139 ns, At safepoint: 7874 ns, Total: 88013 ns
[2020-02-29T04:57:27.559+0000][1][safepoint    ] Safepoint "RevokeBias", Time since last: 516199173 ns, Reaching safepoint: 58436 ns, At safepoint: 16422 ns, Total: 74858 ns
[2020-02-29T04:57:28.561+0000][1][safepoint    ] Safepoint "Cleanup", Time since last: 1002294544 ns, Reaching safepoint: 62509 ns, At safepoint: 6748 ns, Total: 69257 ns
[2020-02-29T04:57:29.566+0000][1][safepoint    ] Safepoint "Cleanup", Time since last: 1004444978 ns, Reaching safepoint: 63613 ns, At safepoint: 7439 ns, Total: 71052 ns
[2020-02-29T04:57:30.090+0000][1][safepoint    ] Safepoint "RevokeBias", Time since last: 523690266 ns, Reaching safepoint: 54351 ns, At safepoint: 15198 ns, Total: 69549 ns
[2020-02-29T04:57:31.100+0000][1][safepoint    ] Safepoint "Cleanup", Time since last: 1010384976 ns, Reaching safepoint: 81245 ns, At safepoint: 7669 ns, Total: 88914 ns
[2020-02-29T04:57:32.104+0000][1][safepoint    ] Safepoint "Cleanup", Time since last: 1003834531 ns, Reaching safepoint: 76305 ns, At safepoint: 7031 ns, Total: 83336 ns
[2020-02-29T04:57:32.606+0000][1][safepoint    ] Safepoint "RevokeBias", Time since last: 501692449 ns, Reaching safepoint: 74830 ns, At safepoint: 17538 ns, Total: 92368 ns
[2020-02-29T04:57:33.607+0000][1][safepoint    ] Safepoint "Cleanup", Time since last: 1000622960 ns, Reaching safepoint: 80368 ns, At safepoint: 9365 ns, Total: 89733 ns
[2020-02-29T04:57:34.607+0000][1][safepoint    ] Safepoint "Cleanup", Time since last: 1000235357 ns, Reaching safepoint: 80742 ns, At safepoint: 7258 ns, Total: 88000 ns
[2020-02-29T04:57:35.131+0000][1][safepoint    ] Safepoint "RevokeBias", Time since last: 523857916 ns, Reaching safepoint: 55498 ns, At safepoint: 15914 ns, Total: 71412 ns
[2020-02-29T04:57:36.133+0000][1][safepoint    ] Safepoint "Cleanup", Time since last: 1002506332 ns, Reaching safepoint: 91656 ns, At safepoint: 7098 ns, Total: 98754 ns
[2020-02-29T04:57:37.137+0000][1][safepoint    ] Safepoint "Cleanup", Time since last: 1003846022 ns, Reaching safepoint: 58150 ns, At safepoint: 6157 ns, Total: 64307 ns
[2020-02-29T04:57:37.669+0000][1][safepoint    ] Safepoint "RevokeBias", Time since last: 531473907 ns, Reaching safepoint: 73415 ns, At safepoint: 16896 ns, Total: 90311 ns
[2020-02-29T04:57:38.670+0000][1][safepoint    ] Safepoint "Cleanup", Time since last: 1000863340 ns, Reaching safepoint: 69708 ns, At safepoint: 7274 ns, Total: 76982 ns
[2020-02-29T04:57:39.671+0000][1][safepoint    ] Safepoint "Cleanup", Time since last: 1001384949 ns, Reaching safepoint: 78460 ns, At safepoint: 7348 ns, Total: 85808 ns
[2020-02-29T04:57:40.184+0000][1][safepoint    ] Safepoint "RevokeBias", Time since last: 512252799 ns, Reaching safepoint: 97759 ns, At safepoint: 20627 ns, Total: 118386 ns
[2020-02-29T04:57:41.192+0000][1][safepoint    ] Safepoint "Cleanup", Time since last: 1008347622 ns, Reaching safepoint: 197027 ns, At safepoint: 22708 ns, Total: 219735 ns
[2020-02-29T04:57:42.193+0000][1][safepoint    ] Safepoint "Cleanup", Time since last: 1000795352 ns, Reaching safepoint: 61070 ns, At safepoint: 5626 ns, Total: 66696 ns
[2020-02-29T04:57:42.702+0000][1][safepoint    ] Safepoint "RevokeBias", Time since last: 508889522 ns, Reaching safepoint: 55583 ns, At safepoint: 16138 ns, Total: 71721 ns
[2020-02-29T04:57:43.711+0000][1][safepoint    ] Safepoint "Cleanup", Time since last: 1008591532 ns, Reaching safepoint: 111542 ns, At safepoint: 7399 ns, Total: 118941 ns
[2020-02-29T04:57:44.715+0000][1][safepoint    ] Safepoint "Cleanup", Time since last: 1004059462 ns, Reaching safepoint: 63813 ns, At safepoint: 7826 ns, Total: 71639 ns
[2020-02-29T04:57:45.227+0000][1][safepoint    ] Safepoint "RevokeBias", Time since last: 511545883 ns, Reaching safepoint: 74767 ns, At safepoint: 18236 ns, Total: 93003 ns
[2020-02-29T04:57:46.236+0000][1][safepoint    ] Safepoint "Cleanup", Time since last: 1009043984 ns, Reaching safepoint: 64860 ns, At safepoint: 7667 ns, Total: 72527 ns
[2020-02-29T04:57:47.240+0000][1][safepoint    ] Safepoint "Cleanup", Time since last: 1003796514 ns, Reaching safepoint: 177143 ns, At safepoint: 9537 ns, Total: 186680 ns
[2020-02-29T04:57:47.741+0000][1][safepoint    ] Safepoint "RevokeBias", Time since last: 501133293 ns, Reaching safepoint: 141288 ns, At safepoint: 22708 ns, Total: 163996 ns
[2020-02-29T04:57:48.741+0000][1][safepoint    ] Safepoint "Cleanup", Time since last: 1000303336 ns, Reaching safepoint: 215382 ns, At safepoint: 25535 ns, Total: 240917 ns
[2020-02-29T04:57:49.742+0000][1][safepoint    ] Safepoint "Cleanup", Time since last: 1000728982 ns, Reaching safepoint: 81317 ns, At safepoint: 7040 ns, Total: 88357 ns
[2020-02-29T04:57:50.264+0000][1][safepoint    ] Safepoint "RevokeBias", Time since last: 521594700 ns, Reaching safepoint: 76048 ns, At safepoint: 18527 ns, Total: 94575 ns
[2020-02-29T04:57:51.265+0000][1][safepoint    ] Safepoint "Cleanup", Time since last: 1000955299 ns, Reaching safepoint: 81864 ns, At safepoint: 7556 ns, Total: 89420 ns
[2020-02-29T04:57:52.266+0000][1][safepoint    ] Safepoint "Cleanup", Time since last: 1001100093 ns, Reaching safepoint: 78890 ns, At safepoint: 6205 ns, Total: 85095 ns
[2020-02-29T04:57:52.779+0000][1][safepoint    ] Safepoint "RevokeBias", Time since last: 512435355 ns, Reaching safepoint: 79102 ns, At safepoint: 35250 ns, Total: 114352 ns
[2020-02-29T04:57:53.779+0000][1][safepoint    ] Safepoint "Cleanup", Time since last: 1000336101 ns, Reaching safepoint: 64367 ns, At safepoint: 7594 ns, Total: 71961 ns
[2020-02-29T04:57:54.785+0000][1][safepoint    ] Safepoint "Cleanup", Time since last: 1005728153 ns, Reaching safepoint: 96072 ns, At safepoint: 7611 ns, Total: 103683 ns
[2020-02-29T04:57:55.289+0000][1][safepoint    ] Safepoint "RevokeBias", Time since last: 504056940 ns, Reaching safepoint: 76861 ns, At safepoint: 19217 ns, Total: 96078 ns
[2020-02-29T04:57:56.291+0000][1][safepoint    ] Safepoint "Cleanup", Time since last: 1002137644 ns, Reaching safepoint: 64150 ns, At safepoint: 7610 ns, Total: 71760 ns
[2020-02-29T04:57:57.297+0000][1][safepoint    ] Safepoint "Cleanup", Time since last: 1005738574 ns, Reaching safepoint: 62364 ns, At safepoint: 6971 ns, Total: 69335 ns
[2020-02-29T04:57:57.805+0000][1][safepoint    ] Safepoint "RevokeBias", Time since last: 507774535 ns, Reaching safepoint: 152857 ns, At safepoint: 20135 ns, Total: 172992 ns
[2020-02-29T04:57:58.805+0000][1][safepoint    ] Safepoint "Cleanup", Time since last: 1000163969 ns, Reaching safepoint: 89315 ns, At safepoint: 6785 ns, Total: 96100 ns
[2020-02-29T04:57:59.806+0000][1][safepoint    ] Safepoint "Cleanup", Time since last: 1000253630 ns, Reaching safepoint: 78754 ns, At safepoint: 7689 ns, Total: 86443 ns
[2020-02-29T04:58:00.319+0000][1][safepoint    ] Safepoint "RevokeBias", Time since last: 512928285 ns, Reaching safepoint: 60634 ns, At safepoint: 16269 ns, Total: 76903 ns
[2020-02-29T04:58:01.328+0000][1][safepoint    ] Safepoint "Cleanup", Time since last: 1009045656 ns, Reaching safepoint: 63201 ns, At safepoint: 7355 ns, Total: 70556 ns
[2020-02-29T04:58:02.329+0000][1][safepoint    ] Safepoint "Cleanup", Time since last: 1000781247 ns, Reaching safepoint: 80825 ns, At safepoint: 7242 ns, Total: 88067 ns
[2020-02-29T04:58:02.836+0000][1][safepoint    ] Safepoint "RevokeBias", Time since last: 507610060 ns, Reaching safepoint: 75521 ns, At safepoint: 16915 ns, Total: 92436 ns
[2020-02-29T04:58:03.841+0000][1][safepoint    ] Safepoint "Cleanup", Time since last: 1004373194 ns, Reaching safepoint: 78725 ns, At safepoint: 7199 ns, Total: 85924 ns
[2020-02-29T04:58:04.845+0000][1][safepoint    ] Safepoint "Cleanup", Time since last: 1003998783 ns, Reaching safepoint: 110794 ns, At safepoint: 6689 ns, Total: 117483 ns
[2020-02-29T04:58:05.357+0000][1][safepoint    ] Safepoint "RevokeBias", Time since last: 511840712 ns, Reaching safepoint: 56074 ns, At safepoint: 15020 ns, Total: 71094 ns
[2020-02-29T04:58:06.357+0000][1][safepoint    ] Safepoint "Cleanup", Time since last: 1000197319 ns, Reaching safepoint: 81573 ns, At safepoint: 7454 ns, Total: 89027 ns
[2020-02-29T04:58:07.358+0000][1][safepoint    ] Safepoint "Cleanup", Time since last: 1000622709 ns, Reaching safepoint: 79509 ns, At safepoint: 8010 ns, Total: 87519 ns
[2020-02-29T04:58:07.737+0000][1][gc,start     ] GC(36) Pause Young (Allocation Failure)
[2020-02-29T04:58:07.737+0000][1][gc,task      ] GC(36) Using 1 workers of 1 for evacuation
[2020-02-29T04:58:07.870+0000][1][gc,age       ] GC(36) Desired survivor size 4358144 bytes, new threshold 6 (max threshold 6)
[2020-02-29T04:58:07.870+0000][1][gc,age       ] GC(36) Age table with threshold 6 (max threshold 6)
[2020-02-29T04:58:07.870+0000][1][gc,age       ] GC(36) - age   1:      27088 bytes,      27088 total
[2020-02-29T04:58:07.870+0000][1][gc,age       ] GC(36) - age   2:       1400 bytes,      28488 total
[2020-02-29T04:58:07.870+0000][1][gc,age       ] GC(36) - age   3:       4176 bytes,      32664 total
[2020-02-29T04:58:07.870+0000][1][gc,age       ] GC(36) - age   4:       1208 bytes,      33872 total
[2020-02-29T04:58:07.870+0000][1][gc,age       ] GC(36) - age   5:      37744 bytes,      71616 total
[2020-02-29T04:58:07.870+0000][1][gc,age       ] GC(36) - age   6:      14576 bytes,      86192 total
[2020-02-29T04:58:07.870+0000][1][gc,heap      ] GC(36) ParNew: 69414K->403K(76672K)
[2020-02-29T04:58:07.870+0000][1][gc,heap      ] GC(36) CMS: 62152K->62441K(963392K)
[2020-02-29T04:58:07.870+0000][1][gc,metaspace ] GC(36) Metaspace: 78990K->78990K(1122304K)
[2020-02-29T04:58:07.870+0000][1][gc           ] GC(36) Pause Young (Allocation Failure) 128M->61M(1015M) 133.894ms
[2020-02-29T04:58:07.871+0000][1][gc,cpu       ] GC(36) User=0.01s Sys=0.00s Real=0.14s
[2020-02-29T04:58:07.871+0000][1][safepoint    ] Safepoint "GenCollectForAllocation", Time since last: 378620860 ns, Reaching safepoint: 72263 ns, At safepoint: 133951144 ns, Total: 134023407 ns
[2020-02-29T04:58:07.909+0000][1][safepoint    ] Safepoint "RevokeBias", Time since last: 38724496 ns, Reaching safepoint: 91322 ns, At safepoint: 21228 ns, Total: 112550 ns
[2020-02-29T04:58:08.910+0000][1][safepoint    ] Safepoint "Cleanup", Time since last: 1000292400 ns, Reaching safepoint: 88133 ns, At safepoint: 7433 ns, Total: 95566 ns
[2020-02-29T04:58:09.914+0000][1][safepoint    ] Safepoint "Cleanup", Time since last: 1004511314 ns, Reaching safepoint: 81713 ns, At safepoint: 7974 ns, Total: 89687 ns
[2020-02-29T04:58:10.404+0000][1][safepoint    ] Safepoint "RevokeBias", Time since last: 489878287 ns, Reaching safepoint: 55647 ns, At safepoint: 15864 ns, Total: 71511 ns
[2020-02-29T04:58:11.410+0000][1][safepoint    ] Safepoint "Cleanup", Time since last: 1005797600 ns, Reaching safepoint: 64687 ns, At safepoint: 7800 ns, Total: 72487 ns
[2020-02-29T04:58:12.413+0000][1][safepoint    ] Safepoint "Cleanup", Time since last: 1002730052 ns, Reaching safepoint: 104744 ns, At safepoint: 11659 ns, Total: 116403 ns
[2020-02-29T04:58:12.921+0000][1][safepoint    ] Safepoint "RevokeBias", Time since last: 507806794 ns, Reaching safepoint: 199131 ns, At safepoint: 55156 ns, Total: 254287 ns
[2020-02-29T04:58:13.922+0000][1][safepoint    ] Safepoint "Cleanup", Time since last: 1000461412 ns, Reaching safepoint: 155236 ns, At safepoint: 26691 ns, Total: 181927 ns
[2020-02-29T04:58:14.923+0000][1][safepoint    ] Safepoint "Cleanup", Time since last: 1000672814 ns, Reaching safepoint: 92817 ns, At safepoint: 9270 ns, Total: 102087 ns
[2020-02-29T04:58:15.439+0000][1][safepoint    ] Safepoint "RevokeBias", Time since last: 516750548 ns, Reaching safepoint: 56717 ns, At safepoint: 16132 ns, Total: 72849 ns
[2020-02-29T04:58:16.441+0000][1][safepoint    ] Safepoint "Cleanup", Time since last: 1001487948 ns, Reaching safepoint: 61251 ns, At safepoint: 6949 ns, Total: 68200 ns
[2020-02-29T04:58:17.447+0000][1][safepoint    ] Safepoint "Cleanup", Time since last: 1006010604 ns, Reaching safepoint: 82974 ns, At safepoint: 8632 ns, Total: 91606 ns
[2020-02-29T04:58:17.969+0000][1][safepoint    ] Safepoint "RevokeBias", Time since last: 517170303 ns, Reaching safepoint: 5043214 ns, At safepoint: 23585 ns, Total: 5066799 ns
[2020-02-29T04:58:18.971+0000][1][safepoint    ] Safepoint "Cleanup", Time since last: 1001708253 ns, Reaching safepoint: 62866 ns, At safepoint: 6986 ns, Total: 69852 ns
[2020-02-29T04:58:19.972+0000][1][safepoint    ] Safepoint "Cleanup", Time since last: 1000477403 ns, Reaching safepoint: 62720 ns, At safepoint: 6902 ns, Total: 69622 ns
[2020-02-29T04:58:20.481+0000][1][safepoint    ] Safepoint "RevokeBias", Time since last: 509258709 ns, Reaching safepoint: 76038 ns, At safepoint: 17465 ns, Total: 93503 ns
[2020-02-29T04:58:21.483+0000][1][safepoint    ] Safepoint "Cleanup", Time since last: 1001768922 ns, Reaching safepoint: 59796 ns, At safepoint: 6876 ns, Total: 66672 ns
[2020-02-29T04:58:22.485+0000][1][safepoint    ] Safepoint "Cleanup", Time since last: 1001913262 ns, Reaching safepoint: 79623 ns, At safepoint: 6578 ns, Total: 86201 ns
[2020-02-29T04:58:23.014+0000][1][safepoint    ] Safepoint "RevokeBias", Time since last: 528796126 ns, Reaching safepoint: 127910 ns, At safepoint: 36753 ns, Total: 164663 ns
[2020-02-29T04:58:24.015+0000][1][safepoint    ] Safepoint "Cleanup", Time since last: 1001108064 ns, Reaching safepoint: 80317 ns, At safepoint: 7738 ns, Total: 88055 ns
[2020-02-29T04:58:25.020+0000][1][safepoint    ] Safepoint "Cleanup", Time since last: 1004946306 ns, Reaching safepoint: 65852 ns, At safepoint: 7445 ns, Total: 73297 ns
[2020-02-29T04:58:25.523+0000][1][safepoint    ] Safepoint "RevokeBias", Time since last: 502764788 ns, Reaching safepoint: 76457 ns, At safepoint: 17043 ns, Total: 93500 ns
[2020-02-29T04:58:26.523+0000][1][safepoint    ] Safepoint "Cleanup", Time since last: 1000455566 ns, Reaching safepoint: 84556 ns, At safepoint: 8275 ns, Total: 92831 ns
[2020-02-29T04:58:27.529+0000][1][safepoint    ] Safepoint "Cleanup", Time since last: 1005304245 ns, Reaching safepoint: 81319 ns, At safepoint: 8035 ns, Total: 89354 ns
[2020-02-29T04:58:28.040+0000][1][safepoint    ] Safepoint "RevokeBias", Time since last: 510862153 ns, Reaching safepoint: 76047 ns, At safepoint: 17039 ns, Total: 93086 ns
[2020-02-29T04:58:29.049+0000][1][safepoint    ] Safepoint "Cleanup", Time since last: 1009525801 ns, Reaching safepoint: 64296 ns, At safepoint: 7467 ns, Total: 71763 ns
[2020-02-29T04:58:30.059+0000][1][safepoint    ] Safepoint "Cleanup", Time since last: 1009910658 ns, Reaching safepoint: 99191 ns, At safepoint: 11943 ns, Total: 111134 ns
[2020-02-29T04:58:30.565+0000][1][safepoint    ] Safepoint "RevokeBias", Time since last: 505727009 ns, Reaching safepoint: 230009 ns, At safepoint: 57603 ns, Total: 287612 ns
[2020-02-29T04:58:31.566+0000][1][safepoint    ] Safepoint "Cleanup", Time since last: 1000571812 ns, Reaching safepoint: 63658 ns, At safepoint: 7478 ns, Total: 71136 ns
[2020-02-29T04:58:32.570+0000][1][safepoint    ] Safepoint "Cleanup", Time since last: 1004175737 ns, Reaching safepoint: 76480 ns, At safepoint: 7340 ns, Total: 83820 ns
[2020-02-29T04:58:33.211+0000][1][safepoint    ] Safepoint "RevokeBias", Time since last: 512641650 ns, Reaching safepoint: 128602109 ns, At safepoint: 31651 ns, Total: 128633760 ns
[2020-02-29T04:58:34.212+0000][1][safepoint    ] Safepoint "Cleanup", Time since last: 1000748736 ns, Reaching safepoint: 80371 ns, At safepoint: 7641 ns, Total: 88012 ns
[2020-02-29T04:58:35.213+0000][1][safepoint    ] Safepoint "Cleanup", Time since last: 1000109207 ns, Reaching safepoint: 76513 ns, At safepoint: 6863 ns, Total: 83376 ns
[2020-02-29T04:58:35.599+0000][1][safepoint    ] Safepoint "RevokeBias", Time since last: 386210377 ns, Reaching safepoint: 74709 ns, At safepoint: 18332 ns, Total: 93041 ns
[2020-02-29T04:58:36.603+0000][1][safepoint    ] Safepoint "Cleanup", Time since last: 1004020375 ns, Reaching safepoint: 63596 ns, At safepoint: 7334 ns, Total: 70930 ns
[2020-02-29T04:58:37.612+0000][1][safepoint    ] Safepoint "Cleanup", Time since last: 1008939662 ns, Reaching safepoint: 62642 ns, At safepoint: 6942 ns, Total: 69584 ns
[2020-02-29T04:58:38.132+0000][1][safepoint    ] Safepoint "BulkRevokeBias", Time since last: 519143059 ns, Reaching safepoint: 76879 ns, At safepoint: 441011 ns, Total: 517890 ns
[2020-02-29T04:58:39.133+0000][1][safepoint    ] Safepoint "Cleanup", Time since last: 1001636011 ns, Reaching safepoint: 191413 ns, At safepoint: 7705 ns, Total: 199118 ns
[2020-02-29T04:58:40.144+0000][1][safepoint    ] Safepoint "Cleanup", Time since last: 1004820892 ns, Reaching safepoint: 6141343 ns, At safepoint: 10530 ns, Total: 6151873 ns
[2020-02-29T04:58:40.672+0000][1][safepoint    ] Safepoint "RevokeBias", Time since last: 527876063 ns, Reaching safepoint: 97196 ns, At safepoint: 20676 ns, Total: 117872 ns
[2020-02-29T04:58:41.673+0000][1][safepoint    ] Safepoint "Cleanup", Time since last: 1000871302 ns, Reaching safepoint: 82815 ns, At safepoint: 9205 ns, Total: 92020 ns
[2020-02-29T04:58:42.674+0000][1][safepoint    ] Safepoint "Cleanup", Time since last: 1000257942 ns, Reaching safepoint: 135326 ns, At safepoint: 7015 ns, Total: 142341 ns
[2020-02-29T04:58:43.187+0000][1][safepoint    ] Safepoint "RevokeBias", Time since last: 513156068 ns, Reaching safepoint: 57794 ns, At safepoint: 15986 ns, Total: 73780 ns
[2020-02-29T04:58:44.197+0000][1][safepoint    ] Safepoint "Cleanup", Time since last: 1010445101 ns, Reaching safepoint: 62696 ns, At safepoint: 7476 ns, Total: 70172 ns
[2020-02-29T04:58:45.198+0000][1][safepoint    ] Safepoint "Cleanup", Time since last: 1000675653 ns, Reaching safepoint: 91764 ns, At safepoint: 8601 ns, Total: 100365 ns
[2020-02-29T04:58:45.715+0000][1][safepoint    ] Safepoint "RevokeBias", Time since last: 516810964 ns, Reaching safepoint: 85236 ns, At safepoint: 17178 ns, Total: 102414 ns
[2020-02-29T04:58:46.718+0000][1][safepoint    ] Safepoint "Cleanup", Time since last: 1002912939 ns, Reaching safepoint: 82213 ns, At safepoint: 6811 ns, Total: 89024 ns
[2020-02-29T04:58:47.721+0000][1][safepoint    ] Safepoint "Cleanup", Time since last: 1002587393 ns, Reaching safepoint: 63018 ns, At safepoint: 7357 ns, Total: 70375 ns
[2020-02-29T04:58:48.234+0000][1][safepoint    ] Safepoint "RevokeBias", Time since last: 513257923 ns, Reaching safepoint: 75869 ns, At safepoint: 16877 ns, Total: 92746 ns
[2020-02-29T04:58:49.245+0000][1][safepoint    ] Safepoint "Cleanup", Time since last: 1010407103 ns, Reaching safepoint: 87977 ns, At safepoint: 7168 ns, Total: 95145 ns
[2020-02-29T04:58:50.246+0000][1][safepoint    ] Safepoint "Cleanup", Time since last: 1000802440 ns, Reaching safepoint: 80969 ns, At safepoint: 7417 ns, Total: 88386 ns
[2020-02-29T04:58:50.754+0000][1][safepoint    ] Safepoint "RevokeBias", Time since last: 508445852 ns, Reaching safepoint: 75611 ns, At safepoint: 16548 ns, Total: 92159 ns
[2020-02-29T04:58:51.764+0000][1][safepoint    ] Safepoint "Cleanup", Time since last: 1010079503 ns, Reaching safepoint: 67031 ns, At safepoint: 8212 ns, Total: 75243 ns
[2020-02-29T04:58:52.765+0000][1][safepoint    ] Safepoint "Cleanup", Time since last: 1000426002 ns, Reaching safepoint: 99750 ns, At safepoint: 8178 ns, Total: 107928 ns
[2020-02-29T04:58:53.272+0000][1][safepoint    ] Safepoint "RevokeBias", Time since last: 507146722 ns, Reaching safepoint: 60080 ns, At safepoint: 17205 ns, Total: 77285 ns
[2020-02-29T04:58:54.277+0000][1][safepoint    ] Safepoint "Cleanup", Time since last: 1005216724 ns, Reaching safepoint: 79528 ns, At safepoint: 7264 ns, Total: 86792 ns
[2020-02-29T04:58:55.288+0000][1][safepoint    ] Safepoint "Cleanup", Time since last: 1010023008 ns, Reaching safepoint: 203853 ns, At safepoint: 8583 ns, Total: 212436 ns
[2020-02-29T04:58:55.794+0000][1][safepoint    ] Safepoint "RevokeBias", Time since last: 505985803 ns, Reaching safepoint: 82670 ns, At safepoint: 17412 ns, Total: 100082 ns
[2020-02-29T04:58:56.795+0000][1][safepoint    ] Safepoint "Cleanup", Time since last: 1001398996 ns, Reaching safepoint: 81222 ns, At safepoint: 7420 ns, Total: 88642 ns
[2020-02-29T04:58:57.796+0000][1][safepoint    ] Safepoint "Cleanup", Time since last: 1001137521 ns, Reaching safepoint: 90806 ns, At safepoint: 7274 ns, Total: 98080 ns
[2020-02-29T04:58:58.312+0000][1][safepoint    ] Safepoint "RevokeBias", Time since last: 515390146 ns, Reaching safepoint: 78049 ns, At safepoint: 21938 ns, Total: 99987 ns
[2020-02-29T04:58:59.317+0000][1][safepoint    ] Safepoint "Cleanup", Time since last: 1005404291 ns, Reaching safepoint: 59002 ns, At safepoint: 7678 ns, Total: 66680 ns
[2020-02-29T04:59:00.318+0000][1][safepoint    ] Safepoint "Cleanup", Time since last: 1000659388 ns, Reaching safepoint: 86932 ns, At safepoint: 9291 ns, Total: 96223 ns
[2020-02-29T04:59:00.843+0000][1][safepoint    ] Safepoint "RevokeBias", Time since last: 525000880 ns, Reaching safepoint: 76717 ns, At safepoint: 18334 ns, Total: 95051 ns
[2020-02-29T04:59:01.854+0000][1][safepoint    ] Safepoint "Cleanup", Time since last: 1010619946 ns, Reaching safepoint: 80459 ns, At safepoint: 7950 ns, Total: 88409 ns
[2020-02-29T04:59:02.862+0000][1][safepoint    ] Safepoint "Cleanup", Time since last: 1007781546 ns, Reaching safepoint: 177035 ns, At safepoint: 7673 ns, Total: 184708 ns
[2020-02-29T04:59:03.359+0000][1][safepoint    ] Safepoint "RevokeBias", Time since last: 497127572 ns, Reaching safepoint: 75347 ns, At safepoint: 17763 ns, Total: 93110 ns
[2020-02-29T04:59:04.370+0000][1][safepoint    ] Safepoint "Cleanup", Time since last: 1010732732 ns, Reaching safepoint: 94297 ns, At safepoint: 7942 ns, Total: 102239 ns
[2020-02-29T04:59:05.378+0000][1][safepoint    ] Safepoint "Cleanup", Time since last: 1007894699 ns, Reaching safepoint: 78075 ns, At safepoint: 7105 ns, Total: 85180 ns
[2020-02-29T04:59:05.873+0000][1][safepoint    ] Safepoint "RevokeBias", Time since last: 495171813 ns, Reaching safepoint: 58044 ns, At safepoint: 16123 ns, Total: 74167 ns
[2020-02-29T04:59:06.879+0000][1][safepoint    ] Safepoint "Cleanup", Time since last: 1005570549 ns, Reaching safepoint: 116915 ns, At safepoint: 7176 ns, Total: 124091 ns
[2020-02-29T04:59:07.880+0000][1][safepoint    ] Safepoint "Cleanup", Time since last: 1000678482 ns, Reaching safepoint: 71721 ns, At safepoint: 6245 ns, Total: 77966 ns
[2020-02-29T04:59:08.397+0000][1][safepoint    ] Safepoint "RevokeBias", Time since last: 517798613 ns, Reaching safepoint: 56142 ns, At safepoint: 15898 ns, Total: 72040 ns
[2020-02-29T04:59:09.401+0000][1][safepoint    ] Safepoint "Cleanup", Time since last: 1003004907 ns, Reaching safepoint: 64283 ns, At safepoint: 7360 ns, Total: 71643 ns
[2020-02-29T04:59:10.407+0000][1][safepoint    ] Safepoint "Cleanup", Time since last: 1006637820 ns, Reaching safepoint: 70814 ns, At safepoint: 7875 ns, Total: 78689 ns
[2020-02-29T04:59:10.927+0000][1][safepoint    ] Safepoint "RevokeBias", Time since last: 519654096 ns, Reaching safepoint: 58865 ns, At safepoint: 14376 ns, Total: 73241 ns
[2020-02-29T04:59:11.928+0000][1][safepoint    ] Safepoint "Cleanup", Time since last: 1001166093 ns, Reaching safepoint: 64470 ns, At safepoint: 6771 ns, Total: 71241 ns
[2020-02-29T04:59:12.929+0000][1][safepoint    ] Safepoint "Cleanup", Time since last: 1000682434 ns, Reaching safepoint: 90905 ns, At safepoint: 6200 ns, Total: 97105 ns
[2020-02-29T04:59:13.449+0000][1][safepoint    ] Safepoint "RevokeBias", Time since last: 519593596 ns, Reaching safepoint: 57064 ns, At safepoint: 30921 ns, Total: 87985 ns
[2020-02-29T04:59:14.450+0000][1][safepoint    ] Safepoint "Cleanup", Time since last: 1001366770 ns, Reaching safepoint: 81262 ns, At safepoint: 7424 ns, Total: 88686 ns
[2020-02-29T04:59:15.451+0000][1][safepoint    ] Safepoint "Cleanup", Time since last: 1000366562 ns, Reaching safepoint: 80211 ns, At safepoint: 7413 ns, Total: 87624 ns
[2020-02-29T04:59:15.972+0000][1][safepoint    ] Safepoint "RevokeBias", Time since last: 521643983 ns, Reaching safepoint: 133476 ns, At safepoint: 44386 ns, Total: 177862 ns
[2020-02-29T04:59:16.975+0000][1][safepoint    ] Safepoint "Cleanup", Time since last: 1002838157 ns, Reaching safepoint: 149157 ns, At safepoint: 7301 ns, Total: 156458 ns
[2020-02-29T04:59:17.979+0000][1][safepoint    ] Safepoint "Cleanup", Time since last: 1003980104 ns, Reaching safepoint: 76901 ns, At safepoint: 5113 ns, Total: 82014 ns
[2020-02-29T04:59:18.494+0000][1][safepoint    ] Safepoint "RevokeBias", Time since last: 514889358 ns, Reaching safepoint: 54696 ns, At safepoint: 14727 ns, Total: 69423 ns
[2020-02-29T04:59:19.498+0000][1][safepoint    ] Safepoint "Cleanup", Time since last: 1003678723 ns, Reaching safepoint: 80310 ns, At safepoint: 7379 ns, Total: 87689 ns
[2020-02-29T04:59:20.502+0000][1][safepoint    ] Safepoint "Cleanup", Time since last: 1003957880 ns, Reaching safepoint: 78425 ns, At safepoint: 7726 ns, Total: 86151 ns
[2020-02-29T04:59:21.011+0000][1][safepoint    ] Safepoint "RevokeBias", Time since last: 509040642 ns, Reaching safepoint: 60695 ns, At safepoint: 16171 ns, Total: 76866 ns
[2020-02-29T04:59:22.012+0000][1][safepoint    ] Safepoint "Cleanup", Time since last: 1000497573 ns, Reaching safepoint: 78404 ns, At safepoint: 7465 ns, Total: 85869 ns
[2020-02-29T04:59:23.015+0000][1][safepoint    ] Safepoint "Cleanup", Time since last: 1003330893 ns, Reaching safepoint: 98815 ns, At safepoint: 6118 ns, Total: 104933 ns
[2020-02-29T04:59:23.535+0000][1][safepoint    ] Safepoint "RevokeBias", Time since last: 519451438 ns, Reaching safepoint: 142579 ns, At safepoint: 87271 ns, Total: 229850 ns
[2020-02-29T04:59:24.536+0000][1][safepoint    ] Safepoint "Cleanup", Time since last: 1000856641 ns, Reaching safepoint: 62408 ns, At safepoint: 7513 ns, Total: 69921 ns
[2020-02-29T04:59:25.545+0000][1][safepoint    ] Safepoint "Cleanup", Time since last: 1009039388 ns, Reaching safepoint: 79188 ns, At safepoint: 7843 ns, Total: 87031 ns
[2020-02-29T04:59:26.049+0000][1][safepoint    ] Safepoint "RevokeBias", Time since last: 504080230 ns, Reaching safepoint: 56696 ns, At safepoint: 15555 ns, Total: 72251 ns
[2020-02-29T04:59:27.055+0000][1][safepoint    ] Safepoint "Cleanup", Time since last: 1005760354 ns, Reaching safepoint: 108509 ns, At safepoint: 7389 ns, Total: 115898 ns
[2020-02-29T04:59:28.058+0000][1][safepoint    ] Safepoint "Cleanup", Time since last: 1002634771 ns, Reaching safepoint: 80002 ns, At safepoint: 7759 ns, Total: 87761 ns
[2020-02-29T04:59:28.568+0000][1][safepoint    ] Safepoint "RevokeBias", Time since last: 509728755 ns, Reaching safepoint: 57315 ns, At safepoint: 16604 ns, Total: 73919 ns
[2020-02-29T04:59:29.574+0000][1][safepoint    ] Safepoint "Cleanup", Time since last: 1006436337 ns, Reaching safepoint: 78591 ns, At safepoint: 19928 ns, Total: 98519 ns
[2020-02-29T04:59:30.575+0000][1][safepoint    ] Safepoint "Cleanup", Time since last: 1000851920 ns, Reaching safepoint: 62301 ns, At safepoint: 7294 ns, Total: 69595 ns
[2020-02-29T04:59:31.072+0000][1][safepoint    ] Safepoint "RevokeBias", Time since last: 497218483 ns, Reaching safepoint: 75817 ns, At safepoint: 17779 ns, Total: 93596 ns
[2020-02-29T04:59:32.073+0000][1][safepoint    ] Safepoint "Cleanup", Time since last: 1000402929 ns, Reaching safepoint: 80012 ns, At safepoint: 7376 ns, Total: 87388 ns
[2020-02-29T04:59:33.082+0000][1][safepoint    ] Safepoint "Cleanup", Time since last: 1008814491 ns, Reaching safepoint: 215078 ns, At safepoint: 7111 ns, Total: 222189 ns
[2020-02-29T04:59:33.599+0000][1][safepoint    ] Safepoint "RevokeBias", Time since last: 516508609 ns, Reaching safepoint: 102011 ns, At safepoint: 21686 ns, Total: 123697 ns
[2020-02-29T04:59:34.600+0000][1][safepoint    ] Safepoint "Cleanup", Time since last: 1001320689 ns, Reaching safepoint: 95293 ns, At safepoint: 7198 ns, Total: 102491 ns
[2020-02-29T04:59:35.610+0000][1][safepoint    ] Safepoint "Cleanup", Time since last: 1010065040 ns, Reaching safepoint: 76166 ns, At safepoint: 5956 ns, Total: 82122 ns
[2020-02-29T04:59:36.119+0000][1][safepoint    ] Safepoint "RevokeBias", Time since last: 508729373 ns, Reaching safepoint: 73818 ns, At safepoint: 17525 ns, Total: 91343 ns
[2020-02-29T04:59:37.125+0000][1][safepoint    ] Safepoint "Cleanup", Time since last: 1005849004 ns, Reaching safepoint: 81644 ns, At safepoint: 7568 ns, Total: 89212 ns
[2020-02-29T04:59:38.127+0000][1][safepoint    ] Safepoint "Cleanup", Time since last: 1002259512 ns, Reaching safepoint: 79926 ns, At safepoint: 7534 ns, Total: 87460 ns
[2020-02-29T04:59:38.629+0000][1][safepoint    ] Safepoint "RevokeBias", Time since last: 501831679 ns, Reaching safepoint: 127182 ns, At safepoint: 22931 ns, Total: 150113 ns
[2020-02-29T04:59:39.630+0000][1][safepoint    ] Safepoint "Cleanup", Time since last: 1000506793 ns, Reaching safepoint: 83454 ns, At safepoint: 8234 ns, Total: 91688 ns
[2020-02-29T04:59:40.630+0000][1][safepoint    ] Safepoint "Cleanup", Time since last: 1000318237 ns, Reaching safepoint: 154162 ns, At safepoint: 7459 ns, Total: 161621 ns
[2020-02-29T04:59:41.140+0000][1][safepoint    ] Safepoint "RevokeBias", Time since last: 509426638 ns, Reaching safepoint: 76051 ns, At safepoint: 17783 ns, Total: 93834 ns
[2020-02-29T04:59:42.143+0000][1][safepoint    ] Safepoint "Cleanup", Time since last: 1002916701 ns, Reaching safepoint: 79542 ns, At safepoint: 7231 ns, Total: 86773 ns
[2020-02-29T04:59:43.148+0000][1][safepoint    ] Safepoint "Cleanup", Time since last: 1004940145 ns, Reaching safepoint: 73478 ns, At safepoint: 5666 ns, Total: 79144 ns
[2020-02-29T04:59:43.655+0000][1][safepoint    ] Safepoint "RevokeBias", Time since last: 507432081 ns, Reaching safepoint: 56416 ns, At safepoint: 16565 ns, Total: 72981 ns
[2020-02-29T04:59:44.657+0000][1][safepoint    ] Safepoint "Cleanup", Time since last: 1001826376 ns, Reaching safepoint: 61832 ns, At safepoint: 6201 ns, Total: 68033 ns
[2020-02-29T04:59:45.660+0000][1][safepoint    ] Safepoint "Cleanup", Time since last: 1002709766 ns, Reaching safepoint: 59589 ns, At safepoint: 6123 ns, Total: 65712 ns
[2020-02-29T04:59:46.169+0000][1][safepoint    ] Safepoint "RevokeBias", Time since last: 508470501 ns, Reaching safepoint: 79489 ns, At safepoint: 18214 ns, Total: 97703 ns
[2020-02-29T04:59:47.169+0000][1][safepoint    ] Safepoint "Cleanup", Time since last: 1000406131 ns, Reaching safepoint: 82403 ns, At safepoint: 8870 ns, Total: 91273 ns
[2020-02-29T04:59:48.171+0000][1][safepoint    ] Safepoint "Cleanup", Time since last: 1002081887 ns, Reaching safepoint: 75630 ns, At safepoint: 7055 ns, Total: 82685 ns
[2020-02-29T04:59:48.682+0000][1][safepoint    ] Safepoint "RevokeBias", Time since last: 511101545 ns, Reaching safepoint: 78192 ns, At safepoint: 17236 ns, Total: 95428 ns
[2020-02-29T04:59:49.693+0000][1][safepoint    ] Safepoint "Cleanup", Time since last: 1010603308 ns, Reaching safepoint: 79894 ns, At safepoint: 7510 ns, Total: 87404 ns
[2020-02-29T04:59:50.698+0000][1][safepoint    ] Safepoint "Cleanup", Time since last: 1005178088 ns, Reaching safepoint: 62967 ns, At safepoint: 7847 ns, Total: 70814 ns
[2020-02-29T04:59:51.206+0000][1][safepoint    ] Safepoint "BulkRevokeBias", Time since last: 507818843 ns, Reaching safepoint: 78193 ns, At safepoint: 166321 ns, Total: 244514 ns
[2020-02-29T04:59:52.207+0000][1][safepoint    ] Safepoint "Cleanup", Time since last: 1000857818 ns, Reaching safepoint: 129719 ns, At safepoint: 23549 ns, Total: 153268 ns
[2020-02-29T04:59:53.209+0000][1][safepoint    ] Safepoint "Cleanup", Time since last: 1000995690 ns, Reaching safepoint: 166715 ns, At safepoint: 7517 ns, Total: 174232 ns
[2020-02-29T04:59:53.720+0000][1][safepoint    ] Safepoint "RevokeBias", Time since last: 511548790 ns, Reaching safepoint: 112273 ns, At safepoint: 37045 ns, Total: 149318 ns
[2020-02-29T04:59:54.721+0000][1][safepoint    ] Safepoint "Cleanup", Time since last: 1000388256 ns, Reaching safepoint: 82301 ns, At safepoint: 8839 ns, Total: 91140 ns
[2020-02-29T04:59:55.726+0000][1][safepoint    ] Safepoint "Cleanup", Time since last: 1005297780 ns, Reaching safepoint: 95455 ns, At safepoint: 7882 ns, Total: 103337 ns
[2020-02-29T04:59:56.241+0000][1][safepoint    ] Safepoint "RevokeBias", Time since last: 514254886 ns, Reaching safepoint: 111223 ns, At safepoint: 21038 ns, Total: 132261 ns
[2020-02-29T04:59:57.244+0000][1][safepoint    ] Safepoint "Cleanup", Time since last: 1003181180 ns, Reaching safepoint: 246643 ns, At safepoint: 10773 ns, Total: 257416 ns
[2020-02-29T04:59:58.247+0000][1][safepoint    ] Safepoint "Cleanup", Time since last: 1003167173 ns, Reaching safepoint: 102097 ns, At safepoint: 7477 ns, Total: 109574 ns
[2020-02-29T04:59:58.765+0000][1][safepoint    ] Safepoint "RevokeBias", Time since last: 517415299 ns, Reaching safepoint: 77158 ns, At safepoint: 17299 ns, Total: 94457 ns
[2020-02-29T04:59:59.769+0000][1][safepoint    ] Safepoint "Cleanup", Time since last: 1003884353 ns, Reaching safepoint: 83037 ns, At safepoint: 7595 ns, Total: 90632 ns
[2020-02-29T05:00:00.772+0000][1][safepoint    ] Safepoint "Cleanup", Time since last: 1002658469 ns, Reaching safepoint: 62528 ns, At safepoint: 8154 ns, Total: 70682 ns
[2020-02-29T05:00:01.281+0000][1][safepoint    ] Safepoint "RevokeBias", Time since last: 508948522 ns, Reaching safepoint: 77122 ns, At safepoint: 17666 ns, Total: 94788 ns
[2020-02-29T05:00:02.281+0000][1][safepoint    ] Safepoint "Cleanup", Time since last: 1000607908 ns, Reaching safepoint: 79803 ns, At safepoint: 7949 ns, Total: 87752 ns
[2020-02-29T05:00:03.286+0000][1][safepoint    ] Safepoint "Cleanup", Time since last: 1004844199 ns, Reaching safepoint: 63760 ns, At safepoint: 7547 ns, Total: 71307 ns
[2020-02-29T05:00:03.798+0000][1][safepoint    ] Safepoint "RevokeBias", Time since last: 511423799 ns, Reaching safepoint: 58534 ns, At safepoint: 16049 ns, Total: 74583 ns
[2020-02-29T05:00:04.806+0000][1][safepoint    ] Safepoint "Cleanup", Time since last: 1008630874 ns, Reaching safepoint: 77968 ns, At safepoint: 8110 ns, Total: 86078 ns
[2020-02-29T05:00:05.816+0000][1][safepoint    ] Safepoint "Cleanup", Time since last: 1009848076 ns, Reaching safepoint: 162579 ns, At safepoint: 26906 ns, Total: 189485 ns
[2020-02-29T05:00:06.315+0000][1][safepoint    ] Safepoint "RevokeBias", Time since last: 498075237 ns, Reaching safepoint: 72934 ns, At safepoint: 18924 ns, Total: 91858 ns
[2020-02-29T05:00:07.320+0000][1][safepoint    ] Safepoint "Cleanup", Time since last: 1005461703 ns, Reaching safepoint: 78512 ns, At safepoint: 6968 ns, Total: 85480 ns
[2020-02-29T05:00:08.322+0000][1][safepoint    ] Safepoint "Cleanup", Time since last: 1002119592 ns, Reaching safepoint: 68181 ns, At safepoint: 6965 ns, Total: 75146 ns
[2020-02-29T05:00:08.838+0000][1][safepoint    ] Safepoint "RevokeBias", Time since last: 515724338 ns, Reaching safepoint: 91955 ns, At safepoint: 18261 ns, Total: 110216 ns
[2020-02-29T05:00:09.839+0000][1][safepoint    ] Safepoint "Cleanup", Time since last: 1000435032 ns, Reaching safepoint: 83116 ns, At safepoint: 8284 ns, Total: 91400 ns
[2020-02-29T05:00:10.839+0000][1][safepoint    ] Safepoint "Cleanup", Time since last: 1000413023 ns, Reaching safepoint: 81046 ns, At safepoint: 9071 ns, Total: 90117 ns
[2020-02-29T05:00:11.365+0000][1][safepoint    ] Safepoint "RevokeBias", Time since last: 520122815 ns, Reaching safepoint: 5504807 ns, At safepoint: 32289 ns, Total: 5537096 ns
[2020-02-29T05:00:12.368+0000][1][safepoint    ] Safepoint "Cleanup", Time since last: 1002947299 ns, Reaching safepoint: 149503 ns, At safepoint: 8997 ns, Total: 158500 ns
[2020-02-29T05:00:13.373+0000][1][safepoint    ] Safepoint "Cleanup", Time since last: 1005013072 ns, Reaching safepoint: 78008 ns, At safepoint: 6118 ns, Total: 84126 ns
[2020-02-29T05:00:13.873+0000][1][safepoint    ] Safepoint "RevokeBias", Time since last: 500066964 ns, Reaching safepoint: 56889 ns, At safepoint: 15626 ns, Total: 72515 ns
[2020-02-29T05:00:14.880+0000][1][safepoint    ] Safepoint "Cleanup", Time since last: 1006956570 ns, Reaching safepoint: 76628 ns, At safepoint: 6275 ns, Total: 82903 ns
[2020-02-29T05:00:15.886+0000][1][safepoint    ] Safepoint "Cleanup", Time since last: 1005591985 ns, Reaching safepoint: 59057 ns, At safepoint: 5848 ns, Total: 64905 ns
[2020-02-29T05:00:16.389+0000][1][safepoint    ] Safepoint "RevokeBias", Time since last: 502960309 ns, Reaching safepoint: 88318 ns, At safepoint: 21351 ns, Total: 109669 ns
[2020-02-29T05:00:17.389+0000][1][safepoint    ] Safepoint "Cleanup", Time since last: 1000285499 ns, Reaching safepoint: 82078 ns, At safepoint: 8086 ns, Total: 90164 ns
[2020-02-29T05:00:18.390+0000][1][safepoint    ] Safepoint "Cleanup", Time since last: 1000592813 ns, Reaching safepoint: 83799 ns, At safepoint: 9410 ns, Total: 93209 ns
[2020-02-29T05:00:18.904+0000][1][safepoint    ] Safepoint "RevokeBias", Time since last: 513656453 ns, Reaching safepoint: 58871 ns, At safepoint: 16466 ns, Total: 75337 ns
[2020-02-29T05:00:19.908+0000][1][safepoint    ] Safepoint "Cleanup", Time since last: 1003882354 ns, Reaching safepoint: 63698 ns, At safepoint: 7638 ns, Total: 71336 ns
[2020-02-29T05:00:20.908+0000][1][safepoint    ] Safepoint "Cleanup", Time since last: 1000297906 ns, Reaching safepoint: 62830 ns, At safepoint: 7402 ns, Total: 70232 ns
[2020-02-29T05:00:21.420+0000][1][safepoint    ] Safepoint "RevokeBias", Time since last: 512194193 ns, Reaching safepoint: 77088 ns, At safepoint: 18080 ns, Total: 95168 ns
[2020-02-29T05:00:22.422+0000][1][safepoint    ] Safepoint "Cleanup", Time since last: 1001873046 ns, Reaching safepoint: 117331 ns, At safepoint: 7457 ns, Total: 124788 ns
[2020-02-29T05:00:23.424+0000][1][safepoint    ] Safepoint "Cleanup", Time since last: 1001940987 ns, Reaching safepoint: 118348 ns, At safepoint: 7625 ns, Total: 125973 ns
[2020-02-29T05:00:23.939+0000][1][safepoint    ] Safepoint "RevokeBias", Time since last: 514571731 ns, Reaching safepoint: 75817 ns, At safepoint: 33639 ns, Total: 109456 ns
[2020-02-29T05:00:24.473+0000][1][gc,start     ] GC(37) Pause Young (Allocation Failure)
[2020-02-29T05:00:24.473+0000][1][gc,task      ] GC(37) Using 1 workers of 1 for evacuation
[2020-02-29T05:00:24.483+0000][1][gc,age       ] GC(37) Desired survivor size 4358144 bytes, new threshold 6 (max threshold 6)
[2020-02-29T05:00:24.483+0000][1][gc,age       ] GC(37) Age table with threshold 6 (max threshold 6)
[2020-02-29T05:00:24.483+0000][1][gc,age       ] GC(37) - age   1:      14720 bytes,      14720 total
[2020-02-29T05:00:24.483+0000][1][gc,age       ] GC(37) - age   2:       3088 bytes,      17808 total
[2020-02-29T05:00:24.483+0000][1][gc,age       ] GC(37) - age   3:       1280 bytes,      19088 total
[2020-02-29T05:00:24.483+0000][1][gc,age       ] GC(37) - age   4:       4176 bytes,      23264 total
[2020-02-29T05:00:24.483+0000][1][gc,age       ] GC(37) - age   5:       1208 bytes,      24472 total
[2020-02-29T05:00:24.483+0000][1][gc,age       ] GC(37) - age   6:      37744 bytes,      62216 total
[2020-02-29T05:00:24.483+0000][1][gc,heap      ] GC(37) ParNew: 68563K->122K(76672K)
[2020-02-29T05:00:24.483+0000][1][gc,heap      ] GC(37) CMS: 62441K->62455K(963392K)
[2020-02-29T05:00:24.483+0000][1][gc,metaspace ] GC(37) Metaspace: 79042K->79042K(1122304K)
[2020-02-29T05:00:24.483+0000][1][gc           ] GC(37) Pause Young (Allocation Failure) 127M->61M(1015M) 10.366ms
[2020-02-29T05:00:24.483+0000][1][gc,cpu       ] GC(37) User=0.01s Sys=0.00s Real=0.01s
[2020-02-29T05:00:24.483+0000][1][safepoint    ] Safepoint "GenCollectForAllocation", Time since last: 533712894 ns, Reaching safepoint: 76327 ns, At safepoint: 10422557 ns, Total: 10498884 ns
[2020-02-29T05:00:25.487+0000][1][safepoint    ] Safepoint "Cleanup", Time since last: 1003971326 ns, Reaching safepoint: 128873 ns, At safepoint: 9705 ns, Total: 138578 ns
[2020-02-29T05:00:26.452+0000][1][safepoint    ] Safepoint "RevokeBias", Time since last: 964885887 ns, Reaching safepoint: 75251 ns, At safepoint: 17593 ns, Total: 92844 ns
[2020-02-29T05:00:27.458+0000][1][safepoint    ] Safepoint "Cleanup", Time since last: 1005815364 ns, Reaching safepoint: 73380 ns, At safepoint: 5804 ns, Total: 79184 ns
[2020-02-29T05:00:28.459+0000][1][safepoint    ] Safepoint "Cleanup", Time since last: 1000985523 ns, Reaching safepoint: 74094 ns, At safepoint: 6139 ns, Total: 80233 ns
[2020-02-29T05:00:28.973+0000][1][safepoint    ] Safepoint "RevokeBias", Time since last: 513217138 ns, Reaching safepoint: 123639 ns, At safepoint: 19922 ns, Total: 143561 ns
[2020-02-29T05:00:29.983+0000][1][safepoint    ] Safepoint "Cleanup", Time since last: 1010303415 ns, Reaching safepoint: 62534 ns, At safepoint: 5885 ns, Total: 68419 ns
[2020-02-29T05:00:30.987+0000][1][safepoint    ] Safepoint "Cleanup", Time since last: 1004113549 ns, Reaching safepoint: 76334 ns, At safepoint: 22401 ns, Total: 98735 ns
[2020-02-29T05:00:31.498+0000][1][safepoint    ] Safepoint "RevokeBias", Time since last: 510781043 ns, Reaching safepoint: 68790 ns, At safepoint: 20010 ns, Total: 88800 ns
[2020-02-29T05:00:32.504+0000][1][safepoint    ] Safepoint "Cleanup", Time since last: 1006034192 ns, Reaching safepoint: 53689 ns, At safepoint: 5122 ns, Total: 58811 ns
[2020-02-29T05:00:33.505+0000][1][safepoint    ] Safepoint "Cleanup", Time since last: 1000674007 ns, Reaching safepoint: 58622 ns, At safepoint: 5657 ns, Total: 64279 ns
[2020-02-29T05:00:34.019+0000][1][safepoint    ] Safepoint "RevokeBias", Time since last: 513122796 ns, Reaching safepoint: 190926 ns, At safepoint: 108412 ns, Total: 299338 ns
[2020-02-29T05:00:35.026+0000][1][safepoint    ] Safepoint "Cleanup", Time since last: 1007517968 ns, Reaching safepoint: 64888 ns, At safepoint: 7437 ns, Total: 72325 ns
[2020-02-29T05:00:36.032+0000][1][safepoint    ] Safepoint "Cleanup", Time since last: 1005954070 ns, Reaching safepoint: 77681 ns, At safepoint: 7557 ns, Total: 85238 ns
[2020-02-29T05:00:36.535+0000][1][safepoint    ] Safepoint "RevokeBias", Time since last: 502880420 ns, Reaching safepoint: 55281 ns, At safepoint: 15067 ns, Total: 70348 ns
[2020-02-29T05:00:37.545+0000][1][safepoint    ] Safepoint "Cleanup", Time since last: 1009719349 ns, Reaching safepoint: 95625 ns, At safepoint: 7694 ns, Total: 103319 ns
[2020-02-29T05:00:38.546+0000][1][safepoint    ] Safepoint "Cleanup", Time since last: 1000605800 ns, Reaching safepoint: 82672 ns, At safepoint: 8214 ns, Total: 90886 ns
[2020-02-29T05:00:39.062+0000][1][safepoint    ] Safepoint "RevokeBias", Time since last: 516780574 ns, Reaching safepoint: 54335 ns, At safepoint: 15934 ns, Total: 70269 ns
[2020-02-29T05:00:40.078+0000][1][safepoint    ] Safepoint "Cleanup", Time since last: 1005475560 ns, Reaching safepoint: 10342388 ns, At safepoint: 7704 ns, Total: 10350092 ns
[2020-02-29T05:00:41.083+0000][1][safepoint    ] Safepoint "Cleanup", Time since last: 1004695877 ns, Reaching safepoint: 147328 ns, At safepoint: 23922 ns, Total: 171250 ns
[2020-02-29T05:00:41.583+0000][1][safepoint    ] Safepoint "RevokeBias", Time since last: 499767625 ns, Reaching safepoint: 91554 ns, At safepoint: 16637 ns, Total: 108191 ns
[2020-02-29T05:00:42.593+0000][1][safepoint    ] Safepoint "Cleanup", Time since last: 1009611459 ns, Reaching safepoint: 64698 ns, At safepoint: 7426 ns, Total: 72124 ns
[2020-02-29T05:00:43.602+0000][1][safepoint    ] Safepoint "Cleanup", Time since last: 1009307766 ns, Reaching safepoint: 59827 ns, At safepoint: 7405 ns, Total: 67232 ns
[2020-02-29T05:00:44.092+0000][1][safepoint    ] Safepoint "RevokeBias", Time since last: 490304314 ns, Reaching safepoint: 80143 ns, At safepoint: 18589 ns, Total: 98732 ns
[2020-02-29T05:00:45.093+0000][1][safepoint    ] Safepoint "Cleanup", Time since last: 1000261307 ns, Reaching safepoint: 88526 ns, At safepoint: 10079 ns, Total: 98605 ns
[2020-02-29T05:00:46.093+0000][1][safepoint    ] Safepoint "Cleanup", Time since last: 1000261033 ns, Reaching safepoint: 87637 ns, At safepoint: 9005 ns, Total: 96642 ns
[2020-02-29T05:00:46.612+0000][1][safepoint    ] Safepoint "RevokeBias", Time since last: 518301058 ns, Reaching safepoint: 57572 ns, At safepoint: 15513 ns, Total: 73085 ns
[2020-02-29T05:00:47.613+0000][1][safepoint    ] Safepoint "Cleanup", Time since last: 1000972018 ns, Reaching safepoint: 64140 ns, At safepoint: 6495 ns, Total: 70635 ns
[2020-02-29T05:00:48.618+0000][1][safepoint    ] Safepoint "Cleanup", Time since last: 1004914780 ns, Reaching safepoint: 79203 ns, At safepoint: 7256 ns, Total: 86459 ns
[2020-02-29T05:00:49.138+0000][1][safepoint    ] Safepoint "RevokeBias", Time since last: 520361976 ns, Reaching safepoint: 75319 ns, At safepoint: 17414 ns, Total: 92733 ns
[2020-02-29T05:00:50.139+0000][1][safepoint    ] Safepoint "Cleanup", Time since last: 1001040098 ns, Reaching safepoint: 64115 ns, At safepoint: 6907 ns, Total: 71022 ns
[2020-02-29T05:00:51.140+0000][1][safepoint    ] Safepoint "Cleanup", Time since last: 1000630132 ns, Reaching safepoint: 97236 ns, At safepoint: 6986 ns, Total: 104222 ns
[2020-02-29T05:00:51.648+0000][1][safepoint    ] Safepoint "RevokeBias", Time since last: 508228856 ns, Reaching safepoint: 76592 ns, At safepoint: 17764 ns, Total: 94356 ns
[2020-02-29T05:00:52.649+0000][1][safepoint    ] Safepoint "Cleanup", Time since last: 1000287026 ns, Reaching safepoint: 113784 ns, At safepoint: 7276 ns, Total: 121060 ns
[2020-02-29T05:00:53.649+0000][1][safepoint    ] Safepoint "Cleanup", Time since last: 1000332539 ns, Reaching safepoint: 80442 ns, At safepoint: 8198 ns, Total: 88640 ns
[2020-02-29T05:00:54.176+0000][1][safepoint    ] Safepoint "RevokeBias", Time since last: 526789061 ns, Reaching safepoint: 168462 ns, At safepoint: 50221 ns, Total: 218683 ns
[2020-02-29T05:00:55.543+0000][1][safepoint    ] Safepoint "Cleanup", Time since last: 1366709075 ns, Reaching safepoint: 82006 ns, At safepoint: 7078 ns, Total: 89084 ns
[2020-02-29T05:00:56.547+0000][1][safepoint    ] Safepoint "Cleanup", Time since last: 1004313103 ns, Reaching safepoint: 60038 ns, At safepoint: 5311 ns, Total: 65349 ns
[2020-02-29T05:00:56.700+0000][1][safepoint    ] Safepoint "RevokeBias", Time since last: 152775387 ns, Reaching safepoint: 55868 ns, At safepoint: 90865 ns, Total: 146733 ns
[2020-02-29T05:00:57.708+0000][1][safepoint    ] Safepoint "Cleanup", Time since last: 1007495311 ns, Reaching safepoint: 98446 ns, At safepoint: 7215 ns, Total: 105661 ns
[2020-02-29T05:00:58.711+0000][1][safepoint    ] Safepoint "Cleanup", Time since last: 1003274562 ns, Reaching safepoint: 93895 ns, At safepoint: 5967 ns, Total: 99862 ns
[2020-02-29T05:00:59.211+0000][1][safepoint    ] Safepoint "RevokeBias", Time since last: 499257722 ns, Reaching safepoint: 75555 ns, At safepoint: 101291 ns, Total: 176846 ns
[2020-02-29T05:01:00.212+0000][1][safepoint    ] Safepoint "Cleanup", Time since last: 1001679236 ns, Reaching safepoint: 62798 ns, At safepoint: 7193 ns, Total: 69991 ns
[2020-02-29T05:01:01.213+0000][1][safepoint    ] Safepoint "Cleanup", Time since last: 1000244774 ns, Reaching safepoint: 80000 ns, At safepoint: 7737 ns, Total: 87737 ns
[2020-02-29T05:01:01.721+0000][1][safepoint    ] Safepoint "RevokeBias", Time since last: 507860642 ns, Reaching safepoint: 56436 ns, At safepoint: 16840 ns, Total: 73276 ns
[2020-02-29T05:01:02.723+0000][1][safepoint    ] Safepoint "Cleanup", Time since last: 1001846059 ns, Reaching safepoint: 234301 ns, At safepoint: 8411 ns, Total: 242712 ns
[2020-02-29T05:01:03.725+0000][1][safepoint    ] Safepoint "Cleanup", Time since last: 1002512255 ns, Reaching safepoint: 62801 ns, At safepoint: 6795 ns, Total: 69596 ns
[2020-02-29T05:01:04.251+0000][1][safepoint    ] Safepoint "BulkRevokeBias", Time since last: 525274720 ns, Reaching safepoint: 58195 ns, At safepoint: 147970 ns, Total: 206165 ns
[2020-02-29T05:01:05.252+0000][1][safepoint    ] Safepoint "Cleanup", Time since last: 1001337819 ns, Reaching safepoint: 65191 ns, At safepoint: 7081 ns, Total: 72272 ns
[2020-02-29T05:01:06.255+0000][1][safepoint    ] Safepoint "Cleanup", Time since last: 1002280302 ns, Reaching safepoint: 81118 ns, At safepoint: 7349 ns, Total: 88467 ns
[2020-02-29T05:01:06.765+0000][1][safepoint    ] Safepoint "RevokeBias", Time since last: 510029737 ns, Reaching safepoint: 74360 ns, At safepoint: 17003 ns, Total: 91363 ns
[2020-02-29T05:01:07.765+0000][1][safepoint    ] Safepoint "Cleanup", Time since last: 1000180083 ns, Reaching safepoint: 82438 ns, At safepoint: 8117 ns, Total: 90555 ns
[2020-02-29T05:01:08.770+0000][1][safepoint    ] Safepoint "Cleanup", Time since last: 1004885035 ns, Reaching safepoint: 224274 ns, At safepoint: 27076 ns, Total: 251350 ns
[2020-02-29T05:01:09.277+0000][1][safepoint    ] Safepoint "RevokeBias", Time since last: 506642237 ns, Reaching safepoint: 60925 ns, At safepoint: 16408 ns, Total: 77333 ns
[2020-02-29T05:01:10.282+0000][1][safepoint    ] Safepoint "Cleanup", Time since last: 1005465222 ns, Reaching safepoint: 120790 ns, At safepoint: 7705 ns, Total: 128495 ns
[2020-02-29T05:01:11.285+0000][1][safepoint    ] Safepoint "Cleanup", Time since last: 1002707484 ns, Reaching safepoint: 78312 ns, At safepoint: 7079 ns, Total: 85391 ns
[2020-02-29T05:01:11.802+0000][1][safepoint    ] Safepoint "RevokeBias", Time since last: 516925816 ns, Reaching safepoint: 118333 ns, At safepoint: 26186 ns, Total: 144519 ns
[2020-02-29T05:01:12.806+0000][1][safepoint    ] Safepoint "Cleanup", Time since last: 1004015527 ns, Reaching safepoint: 70498 ns, At safepoint: 8901 ns, Total: 79399 ns
[2020-02-29T05:01:13.812+0000][1][safepoint    ] Safepoint "Cleanup", Time since last: 1005928447 ns, Reaching safepoint: 80534 ns, At safepoint: 7285 ns, Total: 87819 ns
[2020-02-29T05:01:14.316+0000][1][safepoint    ] Safepoint "RevokeBias", Time since last: 503672623 ns, Reaching safepoint: 81564 ns, At safepoint: 19370 ns, Total: 100934 ns
[2020-02-29T05:01:15.317+0000][1][safepoint    ] Safepoint "Cleanup", Time since last: 1000384613 ns, Reaching safepoint: 85387 ns, At safepoint: 7984 ns, Total: 93371 ns
[2020-02-29T05:01:16.326+0000][1][safepoint    ] Safepoint "Cleanup", Time since last: 1009219710 ns, Reaching safepoint: 79055 ns, At safepoint: 7125 ns, Total: 86180 ns
[2020-02-29T05:01:16.834+0000][1][safepoint    ] Safepoint "RevokeBias", Time since last: 507606831 ns, Reaching safepoint: 73967 ns, At safepoint: 17772 ns, Total: 91739 ns
[2020-02-29T05:01:17.841+0000][1][safepoint    ] Safepoint "Cleanup", Time since last: 1007646557 ns, Reaching safepoint: 153917 ns, At safepoint: 8003 ns, Total: 161920 ns
[2020-02-29T05:01:18.843+0000][1][safepoint    ] Safepoint "Cleanup", Time since last: 1001534249 ns, Reaching safepoint: 62252 ns, At safepoint: 7463 ns, Total: 69715 ns
[2020-02-29T05:01:19.360+0000][1][safepoint    ] Safepoint "RevokeBias", Time since last: 517423251 ns, Reaching safepoint: 56173 ns, At safepoint: 16319 ns, Total: 72492 ns
[2020-02-29T05:01:20.366+0000][1][safepoint    ] Safepoint "Cleanup", Time since last: 1005723240 ns, Reaching safepoint: 62449 ns, At safepoint: 7508 ns, Total: 69957 ns
[2020-02-29T05:01:21.369+0000][1][safepoint    ] Safepoint "Cleanup", Time since last: 1002362956 ns, Reaching safepoint: 79705 ns, At safepoint: 7049 ns, Total: 86754 ns
[2020-02-29T05:01:21.873+0000][1][safepoint    ] Safepoint "RevokeBias", Time since last: 503889630 ns, Reaching safepoint: 75161 ns, At safepoint: 17098 ns, Total: 92259 ns
[2020-02-29T05:01:22.873+0000][1][safepoint    ] Safepoint "Cleanup", Time since last: 1000466177 ns, Reaching safepoint: 163174 ns, At safepoint: 14247 ns, Total: 177421 ns
[2020-02-29T05:01:23.874+0000][1][safepoint    ] Safepoint "Cleanup", Time since last: 1000620668 ns, Reaching safepoint: 98788 ns, At safepoint: 7513 ns, Total: 106301 ns
[2020-02-29T05:01:24.403+0000][1][safepoint    ] Safepoint "RevokeBias", Time since last: 528523801 ns, Reaching safepoint: 59856 ns, At safepoint: 35306 ns, Total: 95162 ns
[2020-02-29T05:01:25.408+0000][1][safepoint    ] Safepoint "Cleanup", Time since last: 1005069380 ns, Reaching safepoint: 105691 ns, At safepoint: 7265 ns, Total: 112956 ns
[2020-02-29T05:01:26.410+0000][1][safepoint    ] Safepoint "Cleanup", Time since last: 1002207846 ns, Reaching safepoint: 78001 ns, At safepoint: 5974 ns, Total: 83975 ns
[2020-02-29T05:01:26.914+0000][1][safepoint    ] Safepoint "RevokeBias", Time since last: 504074815 ns, Reaching safepoint: 162713 ns, At safepoint: 19552 ns, Total: 182265 ns
[2020-02-29T05:01:27.918+0000][1][safepoint    ] Safepoint "Cleanup", Time since last: 1003735457 ns, Reaching safepoint: 77948 ns, At safepoint: 6865 ns, Total: 84813 ns
[2020-02-29T05:01:28.920+0000][1][safepoint    ] Safepoint "Cleanup", Time since last: 1001758047 ns, Reaching safepoint: 78536 ns, At safepoint: 6708 ns, Total: 85244 ns
[2020-02-29T05:01:29.432+0000][1][safepoint    ] Safepoint "RevokeBias", Time since last: 512252532 ns, Reaching safepoint: 75861 ns, At safepoint: 18013 ns, Total: 93874 ns
[2020-02-29T05:01:30.433+0000][1][safepoint    ] Safepoint "Cleanup", Time since last: 1000534571 ns, Reaching safepoint: 96543 ns, At safepoint: 8205 ns, Total: 104748 ns
[2020-02-29T05:01:31.434+0000][1][safepoint    ] Safepoint "Cleanup", Time since last: 1000614183 ns, Reaching safepoint: 79794 ns, At safepoint: 8058 ns, Total: 87852 ns
[2020-02-29T05:01:31.946+0000][1][safepoint    ] Safepoint "RevokeBias", Time since last: 512164516 ns, Reaching safepoint: 75905 ns, At safepoint: 17134 ns, Total: 93039 ns
[2020-02-29T05:01:32.956+0000][1][safepoint    ] Safepoint "Cleanup", Time since last: 1009638722 ns, Reaching safepoint: 76825 ns, At safepoint: 6618 ns, Total: 83443 ns
[2020-02-29T05:01:33.966+0000][1][safepoint    ] Safepoint "Cleanup", Time since last: 1010286412 ns, Reaching safepoint: 82336 ns, At safepoint: 7680 ns, Total: 90016 ns
[2020-02-29T05:01:34.472+0000][1][safepoint    ] Safepoint "RevokeBias", Time since last: 505415263 ns, Reaching safepoint: 161941 ns, At safepoint: 52525 ns, Total: 214466 ns
[2020-02-29T05:01:35.473+0000][1][safepoint    ] Safepoint "Cleanup", Time since last: 1001186604 ns, Reaching safepoint: 148199 ns, At safepoint: 12214 ns, Total: 160413 ns
[2020-02-29T05:01:36.482+0000][1][safepoint    ] Safepoint "Cleanup", Time since last: 1008613173 ns, Reaching safepoint: 80508 ns, At safepoint: 7523 ns, Total: 88031 ns
[2020-02-29T05:01:36.992+0000][1][safepoint    ] Safepoint "RevokeBias", Time since last: 509935203 ns, Reaching safepoint: 58260 ns, At safepoint: 16654 ns, Total: 74914 ns
[2020-02-29T05:01:38.002+0000][1][safepoint    ] Safepoint "Cleanup", Time since last: 1010319839 ns, Reaching safepoint: 99836 ns, At safepoint: 7179 ns, Total: 107015 ns
[2020-02-29T05:01:39.004+0000][1][safepoint    ] Safepoint "Cleanup", Time since last: 1001468282 ns, Reaching safepoint: 66884 ns, At safepoint: 6425 ns, Total: 73309 ns
[2020-02-29T05:01:39.512+0000][1][safepoint    ] Safepoint "RevokeBias", Time since last: 508068521 ns, Reaching safepoint: 74493 ns, At safepoint: 16700 ns, Total: 91193 ns
[2020-02-29T05:01:40.514+0000][1][safepoint    ] Safepoint "Cleanup", Time since last: 1002036966 ns, Reaching safepoint: 63399 ns, At safepoint: 7198 ns, Total: 70597 ns
[2020-02-29T05:01:41.515+0000][1][safepoint    ] Safepoint "Cleanup", Time since last: 1001004603 ns, Reaching safepoint: 63098 ns, At safepoint: 7525 ns, Total: 70623 ns
[2020-02-29T05:01:42.028+0000][1][safepoint    ] Safepoint "RevokeBias", Time since last: 512574724 ns, Reaching safepoint: 76497 ns, At safepoint: 17869 ns, Total: 94366 ns
[2020-02-29T05:01:43.035+0000][1][safepoint    ] Safepoint "Cleanup", Time since last: 1006834621 ns, Reaching safepoint: 63642 ns, At safepoint: 7005 ns, Total: 70647 ns
[2020-02-29T05:01:44.035+0000][1][safepoint    ] Safepoint "Cleanup", Time since last: 1000316738 ns, Reaching safepoint: 82732 ns, At safepoint: 7845 ns, Total: 90577 ns
[2020-02-29T05:01:44.562+0000][1][safepoint    ] Safepoint "RevokeBias", Time since last: 527054736 ns, Reaching safepoint: 76657 ns, At safepoint: 18805 ns, Total: 95462 ns
[2020-02-29T05:01:45.565+0000][1][safepoint    ] Safepoint "Cleanup", Time since last: 1002457522 ns, Reaching safepoint: 187172 ns, At safepoint: 9413 ns, Total: 196585 ns
[2020-02-29T05:01:46.569+0000][1][safepoint    ] Safepoint "Cleanup", Time since last: 1004113593 ns, Reaching safepoint: 55682 ns, At safepoint: 5696 ns, Total: 61378 ns
[2020-02-29T05:01:47.086+0000][1][safepoint    ] Safepoint "RevokeBias", Time since last: 516517914 ns, Reaching safepoint: 192431 ns, At safepoint: 28048 ns, Total: 220479 ns
[2020-02-29T05:01:48.087+0000][1][safepoint    ] Safepoint "Cleanup", Time since last: 1001128433 ns, Reaching safepoint: 75941 ns, At safepoint: 6010 ns, Total: 81951 ns
[2020-02-29T05:01:49.088+0000][1][safepoint    ] Safepoint "Cleanup", Time since last: 1000742753 ns, Reaching safepoint: 77835 ns, At safepoint: 7294 ns, Total: 85129 ns
[2020-02-29T05:01:49.604+0000][1][safepoint    ] Safepoint "RevokeBias", Time since last: 515616756 ns, Reaching safepoint: 78469 ns, At safepoint: 18976 ns, Total: 97445 ns
[2020-02-29T05:01:50.604+0000][1][safepoint    ] Safepoint "Cleanup", Time since last: 1000263969 ns, Reaching safepoint: 78611 ns, At safepoint: 7180 ns, Total: 85791 ns
[2020-02-29T05:01:51.615+0000][1][safepoint    ] Safepoint "Cleanup", Time since last: 1011126786 ns, Reaching safepoint: 75348 ns, At safepoint: 7500 ns, Total: 82848 ns
[2020-02-29T05:01:52.125+0000][1][safepoint    ] Safepoint "RevokeBias", Time since last: 510024213 ns, Reaching safepoint: 56703 ns, At safepoint: 16340 ns, Total: 73043 ns
[2020-02-29T05:01:53.130+0000][1][safepoint    ] Safepoint "Cleanup", Time since last: 1005014990 ns, Reaching safepoint: 174908 ns, At safepoint: 7149 ns, Total: 182057 ns
[2020-02-29T05:01:54.139+0000][1][safepoint    ] Safepoint "Cleanup", Time since last: 1008319687 ns, Reaching safepoint: 71940 ns, At safepoint: 6109 ns, Total: 78049 ns
[2020-02-29T05:01:54.652+0000][1][safepoint    ] Safepoint "RevokeBias", Time since last: 513028410 ns, Reaching safepoint: 76772 ns, At safepoint: 17669 ns, Total: 94441 ns
[2020-02-29T05:01:55.656+0000][1][safepoint    ] Safepoint "Cleanup", Time since last: 1003983158 ns, Reaching safepoint: 107308 ns, At safepoint: 6556 ns, Total: 113864 ns
[2020-02-29T05:01:56.657+0000][1][safepoint    ] Safepoint "Cleanup", Time since last: 1001133099 ns, Reaching safepoint: 116889 ns, At safepoint: 7686 ns, Total: 124575 ns
[2020-02-29T05:01:57.169+0000][1][safepoint    ] Safepoint "RevokeBias", Time since last: 511288415 ns, Reaching safepoint: 76949 ns, At safepoint: 16667 ns, Total: 93616 ns
[2020-02-29T05:01:58.172+0000][1][safepoint    ] Safepoint "Cleanup", Time since last: 1003411837 ns, Reaching safepoint: 90674 ns, At safepoint: 6763 ns, Total: 97437 ns
[2020-02-29T05:01:59.175+0000][1][safepoint    ] Safepoint "Cleanup", Time since last: 1002865073 ns, Reaching safepoint: 82053 ns, At safepoint: 23712 ns, Total: 105765 ns
[2020-02-29T05:01:59.684+0000][1][safepoint    ] Safepoint "RevokeBias", Time since last: 508365721 ns, Reaching safepoint: 63804 ns, At safepoint: 15884 ns, Total: 79688 ns
[2020-02-29T05:02:00.688+0000][1][safepoint    ] Safepoint "Cleanup", Time since last: 1003927271 ns, Reaching safepoint: 63515 ns, At safepoint: 7569 ns, Total: 71084 ns
[2020-02-29T05:02:01.688+0000][1][safepoint    ] Safepoint "Cleanup", Time since last: 1000583098 ns, Reaching safepoint: 84586 ns, At safepoint: 10511 ns, Total: 95097 ns
[2020-02-29T05:02:02.211+0000][1][safepoint    ] Safepoint "RevokeBias", Time since last: 522712938 ns, Reaching safepoint: 56066 ns, At safepoint: 15579 ns, Total: 71645 ns
[2020-02-29T05:02:03.212+0000][1][safepoint    ] Safepoint "Cleanup", Time since last: 1000686616 ns, Reaching safepoint: 64868 ns, At safepoint: 7150 ns, Total: 72018 ns
[2020-02-29T05:02:04.213+0000][1][safepoint    ] Safepoint "Cleanup", Time since last: 1001220348 ns, Reaching safepoint: 59237 ns, At safepoint: 5843 ns, Total: 65080 ns
[2020-02-29T05:02:04.722+0000][1][safepoint    ] Safepoint "RevokeBias", Time since last: 508556686 ns, Reaching safepoint: 59066 ns, At safepoint: 15460 ns, Total: 74526 ns
[2020-02-29T05:02:05.730+0000][1][safepoint    ] Safepoint "Cleanup", Time since last: 1007878215 ns, Reaching safepoint: 62535 ns, At safepoint: 6465 ns, Total: 69000 ns
[2020-02-29T05:02:06.731+0000][1][safepoint    ] Safepoint "Cleanup", Time since last: 1001549548 ns, Reaching safepoint: 89645 ns, At safepoint: 8007 ns, Total: 97652 ns
[2020-02-29T05:02:07.236+0000][1][safepoint    ] Safepoint "RevokeBias", Time since last: 504694003 ns, Reaching safepoint: 107887 ns, At safepoint: 20986 ns, Total: 128873 ns
[2020-02-29T05:02:08.241+0000][1][safepoint    ] Safepoint "Cleanup", Time since last: 1004578329 ns, Reaching safepoint: 91480 ns, At safepoint: 7210 ns, Total: 98690 ns
[2020-02-29T05:02:09.241+0000][1][safepoint    ] Safepoint "Cleanup", Time since last: 1000423434 ns, Reaching safepoint: 82661 ns, At safepoint: 8506 ns, Total: 91167 ns
[2020-02-29T05:02:09.759+0000][1][safepoint    ] Safepoint "RevokeBias", Time since last: 517936171 ns, Reaching safepoint: 74069 ns, At safepoint: 18160 ns, Total: 92229 ns
[2020-02-29T05:02:10.762+0000][1][safepoint    ] Safepoint "Cleanup", Time since last: 1002703063 ns, Reaching safepoint: 61298 ns, At safepoint: 6913 ns, Total: 68211 ns
[2020-02-29T05:02:11.766+0000][1][safepoint    ] Safepoint "Cleanup", Time since last: 1003664136 ns, Reaching safepoint: 77209 ns, At safepoint: 7287 ns, Total: 84496 ns
[2020-02-29T05:02:12.286+0000][1][safepoint    ] Safepoint "RevokeBias", Time since last: 519712009 ns, Reaching safepoint: 74527 ns, At safepoint: 17639 ns, Total: 92166 ns
[2020-02-29T05:02:13.289+0000][1][safepoint    ] Safepoint "Cleanup", Time since last: 1003540193 ns, Reaching safepoint: 96161 ns, At safepoint: 7500 ns, Total: 103661 ns
[2020-02-29T05:02:14.293+0000][1][safepoint    ] Safepoint "Cleanup", Time since last: 1003849648 ns, Reaching safepoint: 77064 ns, At safepoint: 6143 ns, Total: 83207 ns
[2020-02-29T05:02:14.806+0000][1][safepoint    ] Safepoint "RevokeBias", Time since last: 512439418 ns, Reaching safepoint: 58138 ns, At safepoint: 17355 ns, Total: 75493 ns
[2020-02-29T05:02:15.807+0000][1][safepoint    ] Safepoint "Cleanup", Time since last: 1001342641 ns, Reaching safepoint: 105684 ns, At safepoint: 11803 ns, Total: 117487 ns
[2020-02-29T05:02:16.808+0000][1][safepoint    ] Safepoint "Cleanup", Time since last: 1000708877 ns, Reaching safepoint: 77803 ns, At safepoint: 7454 ns, Total: 85257 ns
[2020-02-29T05:02:17.329+0000][1][safepoint    ] Safepoint "BulkRevokeBias", Time since last: 520219406 ns, Reaching safepoint: 110039 ns, At safepoint: 151456 ns, Total: 261495 ns
[2020-02-29T05:02:18.333+0000][1][safepoint    ] Safepoint "Cleanup", Time since last: 1004263807 ns, Reaching safepoint: 76421 ns, At safepoint: 21840 ns, Total: 98261 ns
[2020-02-29T05:02:19.336+0000][1][safepoint    ] Safepoint "Cleanup", Time since last: 1002987677 ns, Reaching safepoint: 107199 ns, At safepoint: 6172 ns, Total: 113371 ns
[2020-02-29T05:02:19.841+0000][1][safepoint    ] Safepoint "RevokeBias", Time since last: 504731538 ns, Reaching safepoint: 72719 ns, At safepoint: 17496 ns, Total: 90215 ns
[2020-02-29T05:02:20.843+0000][1][safepoint    ] Safepoint "Cleanup", Time since last: 1002361567 ns, Reaching safepoint: 60604 ns, At safepoint: 7032 ns, Total: 67636 ns
[2020-02-29T05:02:21.847+0000][1][safepoint    ] Safepoint "Cleanup", Time since last: 1004047485 ns, Reaching safepoint: 76375 ns, At safepoint: 7371 ns, Total: 83746 ns
[2020-02-29T05:02:22.358+0000][1][safepoint    ] Safepoint "RevokeBias", Time since last: 510805171 ns, Reaching safepoint: 72510 ns, At safepoint: 17835 ns, Total: 90345 ns
[2020-02-29T05:02:23.364+0000][1][safepoint    ] Safepoint "Cleanup", Time since last: 1005541613 ns, Reaching safepoint: 239571 ns, At safepoint: 7882 ns, Total: 247453 ns
[2020-02-29T05:02:24.365+0000][1][safepoint    ] Safepoint "Cleanup", Time since last: 1000584089 ns, Reaching safepoint: 84839 ns, At safepoint: 7979 ns, Total: 92818 ns
[2020-02-29T05:02:24.886+0000][1][safepoint    ] Safepoint "RevokeBias", Time since last: 520880416 ns, Reaching safepoint: 53943 ns, At safepoint: 135936 ns, Total: 189879 ns
[2020-02-29T05:02:25.886+0000][1][safepoint    ] Safepoint "Cleanup", Time since last: 1000388785 ns, Reaching safepoint: 78437 ns, At safepoint: 7005 ns, Total: 85442 ns
[2020-02-29T05:02:26.896+0000][1][safepoint    ] Safepoint "Cleanup", Time since last: 1009946690 ns, Reaching safepoint: 73443 ns, At safepoint: 6231 ns, Total: 79674 ns
[2020-02-29T05:02:27.404+0000][1][safepoint    ] Safepoint "RevokeBias", Time since last: 507137701 ns, Reaching safepoint: 55262 ns, At safepoint: 16402 ns, Total: 71664 ns
[2020-02-29T05:02:28.408+0000][1][safepoint    ] Safepoint "Cleanup", Time since last: 1004566198 ns, Reaching safepoint: 79417 ns, At safepoint: 6895 ns, Total: 86312 ns
[2020-02-29T05:02:29.411+0000][1][safepoint    ] Safepoint "Cleanup", Time since last: 1002445962 ns, Reaching safepoint: 77223 ns, At safepoint: 7009 ns, Total: 84232 ns
[2020-02-29T05:02:29.916+0000][1][safepoint    ] Safepoint "RevokeBias", Time since last: 504812573 ns, Reaching safepoint: 72375 ns, At safepoint: 17959 ns, Total: 90334 ns
[2020-02-29T05:02:30.916+0000][1][safepoint    ] Safepoint "Cleanup", Time since last: 1000513578 ns, Reaching safepoint: 78055 ns, At safepoint: 8505 ns, Total: 86560 ns
[2020-02-29T05:02:31.917+0000][1][safepoint    ] Safepoint "Cleanup", Time since last: 1000333891 ns, Reaching safepoint: 79996 ns, At safepoint: 7797 ns, Total: 87793 ns
[2020-02-29T05:02:32.429+0000][1][safepoint    ] Safepoint "RevokeBias", Time since last: 511988209 ns, Reaching safepoint: 74221 ns, At safepoint: 17761 ns, Total: 91982 ns
[2020-02-29T05:02:33.430+0000][1][safepoint    ] Safepoint "Cleanup", Time since last: 1001317433 ns, Reaching safepoint: 62147 ns, At safepoint: 7733 ns, Total: 69880 ns
[2020-02-29T05:02:34.433+0000][1][safepoint    ] Safepoint "Cleanup", Time since last: 1002812641 ns, Reaching safepoint: 81988 ns, At safepoint: 7683 ns, Total: 89671 ns
[2020-02-29T05:02:34.949+0000][1][safepoint    ] Safepoint "RevokeBias", Time since last: 516179331 ns, Reaching safepoint: 57827 ns, At safepoint: 16831 ns, Total: 74658 ns
[2020-02-29T05:02:35.950+0000][1][safepoint    ] Safepoint "Cleanup", Time since last: 1000932107 ns, Reaching safepoint: 60306 ns, At safepoint: 6222 ns, Total: 66528 ns
[2020-02-29T05:02:36.955+0000][1][safepoint    ] Safepoint "Cleanup", Time since last: 1004971398 ns, Reaching safepoint: 60154 ns, At safepoint: 6947 ns, Total: 67101 ns
[2020-02-29T05:02:37.461+0000][1][safepoint    ] Safepoint "RevokeBias", Time since last: 505651644 ns, Reaching safepoint: 78434 ns, At safepoint: 18622 ns, Total: 97056 ns
[2020-02-29T05:02:38.461+0000][1][safepoint    ] Safepoint "Cleanup", Time since last: 1000266389 ns, Reaching safepoint: 95576 ns, At safepoint: 10059 ns, Total: 105635 ns
[2020-02-29T05:02:39.463+0000][1][safepoint    ] Safepoint "Cleanup", Time since last: 1001258109 ns, Reaching safepoint: 92298 ns, At safepoint: 6777 ns, Total: 99075 ns
[2020-02-29T05:02:39.974+0000][1][safepoint    ] Safepoint "RevokeBias", Time since last: 511355953 ns, Reaching safepoint: 56723 ns, At safepoint: 18010 ns, Total: 74733 ns
[2020-02-29T05:02:40.105+0000][1][gc,start     ] GC(38) Pause Young (Allocation Failure)
[2020-02-29T05:02:40.105+0000][1][gc,task      ] GC(38) Using 1 workers of 1 for evacuation
[2020-02-29T05:02:40.228+0000][1][gc,age       ] GC(38) Desired survivor size 4358144 bytes, new threshold 6 (max threshold 6)
[2020-02-29T05:02:40.228+0000][1][gc,age       ] GC(38) Age table with threshold 6 (max threshold 6)
[2020-02-29T05:02:40.228+0000][1][gc,age       ] GC(38) - age   1:      18616 bytes,      18616 total
[2020-02-29T05:02:40.228+0000][1][gc,age       ] GC(38) - age   2:       3056 bytes,      21672 total
[2020-02-29T05:02:40.228+0000][1][gc,age       ] GC(38) - age   3:       2968 bytes,      24640 total
[2020-02-29T05:02:40.228+0000][1][gc,age       ] GC(38) - age   4:       1280 bytes,      25920 total
[2020-02-29T05:02:40.228+0000][1][gc,age       ] GC(38) - age   5:       3944 bytes,      29864 total
[2020-02-29T05:02:40.228+0000][1][gc,age       ] GC(38) - age   6:       1208 bytes,      31072 total
[2020-02-29T05:02:40.228+0000][1][gc,heap      ] GC(38) ParNew: 68282K->53K(76672K)
[2020-02-29T05:02:40.228+0000][1][gc,heap      ] GC(38) CMS: 62455K->62492K(963392K)
[2020-02-29T05:02:40.228+0000][1][gc,metaspace ] GC(38) Metaspace: 79093K->79093K(1122304K)
[2020-02-29T05:02:40.228+0000][1][gc           ] GC(38) Pause Young (Allocation Failure) 127M->61M(1015M) 123.258ms
[2020-02-29T05:02:40.228+0000][1][gc,cpu       ] GC(38) User=0.02s Sys=0.00s Real=0.12s
[2020-02-29T05:02:40.228+0000][1][safepoint    ] Safepoint "GenCollectForAllocation", Time since last: 130540990 ns, Reaching safepoint: 139249 ns, At safepoint: 123314932 ns, Total: 123454181 ns
[2020-02-29T05:02:41.229+0000][1][safepoint    ] Safepoint "Cleanup", Time since last: 1000947401 ns, Reaching safepoint: 95264 ns, At safepoint: 7646 ns, Total: 102910 ns
[2020-02-29T05:02:42.235+0000][1][safepoint    ] Safepoint "Cleanup", Time since last: 1005560843 ns, Reaching safepoint: 57973 ns, At safepoint: 5086 ns, Total: 63059 ns
[2020-02-29T05:02:42.511+0000][1][safepoint    ] Safepoint "RevokeBias", Time since last: 276164707 ns, Reaching safepoint: 73594 ns, At safepoint: 17797 ns, Total: 91391 ns
[2020-02-29T05:02:43.512+0000][1][safepoint    ] Safepoint "Cleanup", Time since last: 1000686642 ns, Reaching safepoint: 64092 ns, At safepoint: 7092 ns, Total: 71184 ns
[2020-02-29T05:02:44.522+0000][1][safepoint    ] Safepoint "Cleanup", Time since last: 1010343298 ns, Reaching safepoint: 103729 ns, At safepoint: 8143 ns, Total: 111872 ns
[2020-02-29T05:02:45.037+0000][1][safepoint    ] Safepoint "RevokeBias", Time since last: 514210147 ns, Reaching safepoint: 159624 ns, At safepoint: 35135 ns, Total: 194759 ns
[2020-02-29T05:02:46.040+0000][1][safepoint    ] Safepoint "Cleanup", Time since last: 1003029326 ns, Reaching safepoint: 85499 ns, At safepoint: 8202 ns, Total: 93701 ns
[2020-02-29T05:02:47.041+0000][1][safepoint    ] Safepoint "Cleanup", Time since last: 1001489402 ns, Reaching safepoint: 79068 ns, At safepoint: 6811 ns, Total: 85879 ns
[2020-02-29T05:02:47.550+0000][1][safepoint    ] Safepoint "RevokeBias", Time since last: 508038585 ns, Reaching safepoint: 74015 ns, At safepoint: 18408 ns, Total: 92423 ns
[2020-02-29T05:02:48.557+0000][1][safepoint    ] Safepoint "Cleanup", Time since last: 1007320670 ns, Reaching safepoint: 76160 ns, At safepoint: 7751 ns, Total: 83911 ns
[2020-02-29T05:02:49.557+0000][1][safepoint    ] Safepoint "Cleanup", Time since last: 1000167282 ns, Reaching safepoint: 79509 ns, At safepoint: 7452 ns, Total: 86961 ns
[2020-02-29T05:02:50.065+0000][1][safepoint    ] Safepoint "RevokeBias", Time since last: 507565247 ns, Reaching safepoint: 82400 ns, At safepoint: 18012 ns, Total: 100412 ns
[2020-02-29T05:02:51.068+0000][1][safepoint    ] Safepoint "Cleanup", Time since last: 1003255208 ns, Reaching safepoint: 62419 ns, At safepoint: 7266 ns, Total: 69685 ns
[2020-02-29T05:02:52.069+0000][1][safepoint    ] Safepoint "Cleanup", Time since last: 1001028755 ns, Reaching safepoint: 60884 ns, At safepoint: 7128 ns, Total: 68012 ns
[2020-02-29T05:02:52.579+0000][1][safepoint    ] Safepoint "RevokeBias", Time since last: 509942086 ns, Reaching safepoint: 56205 ns, At safepoint: 15859 ns, Total: 72064 ns
[2020-02-29T05:02:53.580+0000][1][safepoint    ] Safepoint "Cleanup", Time since last: 1000356515 ns, Reaching safepoint: 96525 ns, At safepoint: 7281 ns, Total: 103806 ns
[2020-02-29T05:02:54.581+0000][1][safepoint    ] Safepoint "Cleanup", Time since last: 1000975389 ns, Reaching safepoint: 77614 ns, At safepoint: 7107 ns, Total: 84721 ns
[2020-02-29T05:02:55.093+0000][1][safepoint    ] Safepoint "RevokeBias", Time since last: 512268245 ns, Reaching safepoint: 56046 ns, At safepoint: 16412 ns, Total: 72458 ns
[2020-02-29T05:02:56.094+0000][1][safepoint    ] Safepoint "Cleanup", Time since last: 1000907135 ns, Reaching safepoint: 98014 ns, At safepoint: 7531 ns, Total: 105545 ns
[2020-02-29T05:02:57.102+0000][1][safepoint    ] Safepoint "Cleanup", Time since last: 1007765125 ns, Reaching safepoint: 77034 ns, At safepoint: 7794 ns, Total: 84828 ns
[2020-02-29T05:02:57.614+0000][1][safepoint    ] Safepoint "RevokeBias", Time since last: 511375461 ns, Reaching safepoint: 75618 ns, At safepoint: 17236 ns, Total: 92854 ns
[2020-02-29T05:02:58.616+0000][1][safepoint    ] Safepoint "Cleanup", Time since last: 1002450411 ns, Reaching safepoint: 131780 ns, At safepoint: 7734 ns, Total: 139514 ns
[2020-02-29T05:02:59.621+0000][1][safepoint    ] Safepoint "Cleanup", Time since last: 1004863728 ns, Reaching safepoint: 126634 ns, At safepoint: 7985 ns, Total: 134619 ns
[2020-02-29T05:03:00.128+0000][1][safepoint    ] Safepoint "RevokeBias", Time since last: 506439191 ns, Reaching safepoint: 74273 ns, At safepoint: 17444 ns, Total: 91717 ns
[2020-02-29T05:03:01.136+0000][1][safepoint    ] Safepoint "Cleanup", Time since last: 1008028118 ns, Reaching safepoint: 76803 ns, At safepoint: 7425 ns, Total: 84228 ns
[2020-02-29T05:03:02.142+0000][1][safepoint    ] Safepoint "Cleanup", Time since last: 1006039628 ns, Reaching safepoint: 78796 ns, At safepoint: 7187 ns, Total: 85983 ns
[2020-02-29T05:03:02.641+0000][1][safepoint    ] Safepoint "RevokeBias", Time since last: 498377717 ns, Reaching safepoint: 163053 ns, At safepoint: 53831 ns, Total: 216884 ns
[2020-02-29T05:03:03.642+0000][1][safepoint    ] Safepoint "Cleanup", Time since last: 1001698432 ns, Reaching safepoint: 102871 ns, At safepoint: 6623 ns, Total: 109494 ns
[2020-02-29T05:03:04.643+0000][1][safepoint    ] Safepoint "Cleanup", Time since last: 1000545949 ns, Reaching safepoint: 58885 ns, At safepoint: 7067 ns, Total: 65952 ns
[2020-02-29T05:03:05.167+0000][1][safepoint    ] Safepoint "RevokeBias", Time since last: 523740758 ns, Reaching safepoint: 54553 ns, At safepoint: 15793 ns, Total: 70346 ns
[2020-02-29T05:03:06.172+0000][1][safepoint    ] Safepoint "Cleanup", Time since last: 1005548149 ns, Reaching safepoint: 158152 ns, At safepoint: 7443 ns, Total: 165595 ns
[2020-02-29T05:03:07.175+0000][1][safepoint    ] Safepoint "Cleanup", Time since last: 1002803441 ns, Reaching safepoint: 131448 ns, At safepoint: 7371 ns, Total: 138819 ns
[2020-02-29T05:03:07.677+0000][1][safepoint    ] Safepoint "RevokeBias", Time since last: 501628723 ns, Reaching safepoint: 75285 ns, At safepoint: 17492 ns, Total: 92777 ns
[2020-02-29T05:03:08.678+0000][1][safepoint    ] Safepoint "Cleanup", Time since last: 1000666617 ns, Reaching safepoint: 89759 ns, At safepoint: 9012 ns, Total: 98771 ns
[2020-02-29T05:03:09.683+0000][1][safepoint    ] Safepoint "Cleanup", Time since last: 1004867385 ns, Reaching safepoint: 75979 ns, At safepoint: 7194 ns, Total: 83173 ns
[2020-02-29T05:03:10.182+0000][1][safepoint    ] Safepoint "RevokeBias", Time since last: 499122726 ns, Reaching safepoint: 75038 ns, At safepoint: 18470 ns, Total: 93508 ns
[2020-02-29T05:03:11.182+0000][1][safepoint    ] Safepoint "Cleanup", Time since last: 1000180195 ns, Reaching safepoint: 79355 ns, At safepoint: 8612 ns, Total: 87967 ns
[2020-02-29T05:03:12.183+0000][1][safepoint    ] Safepoint "Cleanup", Time since last: 1000566466 ns, Reaching safepoint: 77078 ns, At safepoint: 7117 ns, Total: 84195 ns
[2020-02-29T05:03:12.696+0000][1][safepoint    ] Safepoint "RevokeBias", Time since last: 512517722 ns, Reaching safepoint: 74789 ns, At safepoint: 18207 ns, Total: 92996 ns
[2020-02-29T05:03:13.705+0000][1][safepoint    ] Safepoint "Cleanup", Time since last: 1009637347 ns, Reaching safepoint: 123239 ns, At safepoint: 7098 ns, Total: 130337 ns
[2020-02-29T05:03:14.706+0000][1][safepoint    ] Safepoint "Cleanup", Time since last: 1000542236 ns, Reaching safepoint: 77585 ns, At safepoint: 6984 ns, Total: 84569 ns
[2020-02-29T05:03:15.218+0000][1][safepoint    ] Safepoint "RevokeBias", Time since last: 511642663 ns, Reaching safepoint: 75479 ns, At safepoint: 18486 ns, Total: 93965 ns
[2020-02-29T05:03:16.219+0000][1][safepoint    ] Safepoint "Cleanup", Time since last: 1001427563 ns, Reaching safepoint: 62351 ns, At safepoint: 6744 ns, Total: 69095 ns
[2020-02-29T05:03:17.227+0000][1][safepoint    ] Safepoint "Cleanup", Time since last: 1007712018 ns, Reaching safepoint: 77458 ns, At safepoint: 7508 ns, Total: 84966 ns
[2020-02-29T05:03:17.734+0000][1][safepoint    ] Safepoint "RevokeBias", Time since last: 507136929 ns, Reaching safepoint: 77112 ns, At safepoint: 17785 ns, Total: 94897 ns
[2020-02-29T05:03:18.735+0000][1][safepoint    ] Safepoint "Cleanup", Time since last: 1000337230 ns, Reaching safepoint: 94033 ns, At safepoint: 10477 ns, Total: 104510 ns
[2020-02-29T05:03:19.736+0000][1][safepoint    ] Safepoint "Cleanup", Time since last: 1001212622 ns, Reaching safepoint: 98695 ns, At safepoint: 6962 ns, Total: 105657 ns
[2020-02-29T05:03:20.260+0000][1][safepoint    ] Safepoint "RevokeBias", Time since last: 524240846 ns, Reaching safepoint: 55427 ns, At safepoint: 16658 ns, Total: 72085 ns
[2020-02-29T05:03:21.265+0000][1][safepoint    ] Safepoint "Cleanup", Time since last: 1005061417 ns, Reaching safepoint: 62632 ns, At safepoint: 7071 ns, Total: 69703 ns
[2020-02-29T05:03:22.273+0000][1][safepoint    ] Safepoint "Cleanup", Time since last: 1007454134 ns, Reaching safepoint: 80153 ns, At safepoint: 7292 ns, Total: 87445 ns
[2020-02-29T05:03:22.785+0000][1][safepoint    ] Safepoint "RevokeBias", Time since last: 512125704 ns, Reaching safepoint: 213433 ns, At safepoint: 52975 ns, Total: 266408 ns
[2020-02-29T05:03:23.787+0000][1][safepoint    ] Safepoint "Cleanup", Time since last: 1000967116 ns, Reaching safepoint: 150908 ns, At safepoint: 7048 ns, Total: 157956 ns
[2020-02-29T05:03:24.788+0000][1][safepoint    ] Safepoint "Cleanup", Time since last: 1001722590 ns, Reaching safepoint: 77835 ns, At safepoint: 6708 ns, Total: 84543 ns
[2020-02-29T05:03:25.304+0000][1][safepoint    ] Safepoint "RevokeBias", Time since last: 515701055 ns, Reaching safepoint: 78334 ns, At safepoint: 17528 ns, Total: 95862 ns
[2020-02-29T05:03:26.305+0000][1][safepoint    ] Safepoint "Cleanup", Time since last: 1000769753 ns, Reaching safepoint: 161178 ns, At safepoint: 12545 ns, Total: 173723 ns
[2020-02-29T05:03:27.306+0000][1][safepoint    ] Safepoint "Cleanup", Time since last: 1000883961 ns, Reaching safepoint: 83947 ns, At safepoint: 8949 ns, Total: 92896 ns
[2020-02-29T05:03:27.820+0000][1][safepoint    ] Safepoint "RevokeBias", Time since last: 513755978 ns, Reaching safepoint: 57869 ns, At safepoint: 16675 ns, Total: 74544 ns
[2020-02-29T05:03:28.821+0000][1][safepoint    ] Safepoint "Cleanup", Time since last: 1001328183 ns, Reaching safepoint: 130878 ns, At safepoint: 7113 ns, Total: 137991 ns
[2020-02-29T05:03:29.822+0000][1][safepoint    ] Safepoint "Cleanup", Time since last: 1000626355 ns, Reaching safepoint: 60665 ns, At safepoint: 7022 ns, Total: 67687 ns
[2020-02-29T05:03:30.346+0000][1][safepoint    ] Safepoint "BulkRevokeBias", Time since last: 523363279 ns, Reaching safepoint: 74620 ns, At safepoint: 184666 ns, Total: 259286 ns
[2020-02-29T05:03:31.346+0000][1][safepoint    ] Safepoint "Cleanup", Time since last: 1000424112 ns, Reaching safepoint: 61391 ns, At safepoint: 7150 ns, Total: 68541 ns
[2020-02-29T05:03:32.347+0000][1][safepoint    ] Safepoint "Cleanup", Time since last: 1000709860 ns, Reaching safepoint: 137135 ns, At safepoint: 6722 ns, Total: 143857 ns
[2020-02-29T05:03:32.877+0000][1][safepoint    ] Safepoint "RevokeBias", Time since last: 530374237 ns, Reaching safepoint: 97980 ns, At safepoint: 22627 ns, Total: 120607 ns
[2020-02-29T05:03:33.883+0000][1][safepoint    ] Safepoint "Cleanup", Time since last: 1005619487 ns, Reaching safepoint: 78668 ns, At safepoint: 7515 ns, Total: 86183 ns
[2020-02-29T05:03:34.891+0000][1][safepoint    ] Safepoint "Cleanup", Time since last: 1007991082 ns, Reaching safepoint: 65639 ns, At safepoint: 20054 ns, Total: 85693 ns
[2020-02-29T05:03:35.401+0000][1][safepoint    ] Safepoint "RevokeBias", Time since last: 509154167 ns, Reaching safepoint: 88849 ns, At safepoint: 31567 ns, Total: 120416 ns
[2020-02-29T05:03:36.406+0000][1][safepoint    ] Safepoint "Cleanup", Time since last: 1005769391 ns, Reaching safepoint: 62452 ns, At safepoint: 7576 ns, Total: 70028 ns
[2020-02-29T05:03:37.408+0000][1][safepoint    ] Safepoint "Cleanup", Time since last: 1002000760 ns, Reaching safepoint: 87071 ns, At safepoint: 8047 ns, Total: 95118 ns
[2020-02-29T05:03:37.916+0000][1][safepoint    ] Safepoint "RevokeBias", Time since last: 507315372 ns, Reaching safepoint: 73740 ns, At safepoint: 17366 ns, Total: 91106 ns
[2020-02-29T05:03:38.916+0000][1][safepoint    ] Safepoint "Cleanup", Time since last: 1000200081 ns, Reaching safepoint: 78096 ns, At safepoint: 7335 ns, Total: 85431 ns
[2020-02-29T05:03:39.927+0000][1][safepoint    ] Safepoint "Cleanup", Time since last: 1011140959 ns, Reaching safepoint: 65148 ns, At safepoint: 7529 ns, Total: 72677 ns
[2020-02-29T05:03:40.452+0000][1][safepoint    ] Safepoint "RevokeBias", Time since last: 521100100 ns, Reaching safepoint: 3711237 ns, At safepoint: 18703 ns, Total: 3729940 ns
[2020-02-29T05:03:41.454+0000][1][safepoint    ] Safepoint "Cleanup", Time since last: 1001511579 ns, Reaching safepoint: 77408 ns, At safepoint: 6940 ns, Total: 84348 ns
[2020-02-29T05:03:42.455+0000][1][safepoint    ] Safepoint "Cleanup", Time since last: 1001101645 ns, Reaching safepoint: 81463 ns, At safepoint: 7303 ns, Total: 88766 ns
[2020-02-29T05:03:42.966+0000][1][safepoint    ] Safepoint "RevokeBias", Time since last: 510733714 ns, Reaching safepoint: 77105 ns, At safepoint: 17551 ns, Total: 94656 ns
[2020-02-29T05:03:43.969+0000][1][safepoint    ] Safepoint "Cleanup", Time since last: 1002958747 ns, Reaching safepoint: 59490 ns, At safepoint: 6395 ns, Total: 65885 ns
[2020-02-29T05:03:44.970+0000][1][safepoint    ] Safepoint "Cleanup", Time since last: 1000957182 ns, Reaching safepoint: 61412 ns, At safepoint: 7233 ns, Total: 68645 ns
[2020-02-29T05:03:45.477+0000][1][safepoint    ] Safepoint "RevokeBias", Time since last: 507460965 ns, Reaching safepoint: 87126 ns, At safepoint: 21669 ns, Total: 108795 ns
[2020-02-29T05:03:46.478+0000][1][safepoint    ] Safepoint "Cleanup", Time since last: 1000530417 ns, Reaching safepoint: 78329 ns, At safepoint: 7463 ns, Total: 85792 ns
[2020-02-29T05:03:47.479+0000][1][safepoint    ] Safepoint "Cleanup", Time since last: 1000365503 ns, Reaching safepoint: 93678 ns, At safepoint: 9350 ns, Total: 103028 ns
[2020-02-29T05:03:47.990+0000][1][safepoint    ] Safepoint "RevokeBias", Time since last: 511483638 ns, Reaching safepoint: 137179 ns, At safepoint: 29798 ns, Total: 166977 ns
[2020-02-29T05:03:48.992+0000][1][safepoint    ] Safepoint "Cleanup", Time since last: 1001487849 ns, Reaching safepoint: 159078 ns, At safepoint: 28967 ns, Total: 188045 ns
[2020-02-29T05:03:49.992+0000][1][safepoint    ] Safepoint "Cleanup", Time since last: 1000331798 ns, Reaching safepoint: 75365 ns, At safepoint: 7145 ns, Total: 82510 ns
[2020-02-29T05:03:50.510+0000][1][safepoint    ] Safepoint "RevokeBias", Time since last: 517589610 ns, Reaching safepoint: 54696 ns, At safepoint: 14334 ns, Total: 69030 ns
[2020-02-29T05:03:51.520+0000][1][safepoint    ] Safepoint "Cleanup", Time since last: 1010317715 ns, Reaching safepoint: 112590 ns, At safepoint: 26772 ns, Total: 139362 ns
[2020-02-29T05:03:52.521+0000][1][safepoint    ] Safepoint "Cleanup", Time since last: 1000971095 ns, Reaching safepoint: 73672 ns, At safepoint: 7000 ns, Total: 80672 ns
[2020-02-29T05:03:53.053+0000][1][safepoint    ] Safepoint "RevokeBias", Time since last: 531697878 ns, Reaching safepoint: 74272 ns, At safepoint: 17360 ns, Total: 91632 ns
[2020-02-29T05:03:54.055+0000][1][safepoint    ] Safepoint "Cleanup", Time since last: 1001649725 ns, Reaching safepoint: 93964 ns, At safepoint: 7418 ns, Total: 101382 ns
[2020-02-29T05:03:55.057+0000][1][safepoint    ] Safepoint "Cleanup", Time since last: 1002107075 ns, Reaching safepoint: 61624 ns, At safepoint: 7024 ns, Total: 68648 ns
[2020-02-29T05:03:55.593+0000][1][safepoint    ] Safepoint "RevokeBias", Time since last: 532084989 ns, Reaching safepoint: 3811004 ns, At safepoint: 21676 ns, Total: 3832680 ns
[2020-02-29T05:03:56.603+0000][1][safepoint    ] Safepoint "Cleanup", Time since last: 1010112611 ns, Reaching safepoint: 64642 ns, At safepoint: 6114 ns, Total: 70756 ns
[2020-02-29T05:03:57.606+0000][1][safepoint    ] Safepoint "Cleanup", Time since last: 1002939077 ns, Reaching safepoint: 56013 ns, At safepoint: 5817 ns, Total: 61830 ns
[2020-02-29T05:03:58.098+0000][1][safepoint    ] Safepoint "RevokeBias", Time since last: 492102409 ns, Reaching safepoint: 75303 ns, At safepoint: 16946 ns, Total: 92249 ns
[2020-02-29T05:03:59.988+0000][1][safepoint    ] Safepoint "Cleanup", Time since last: 1889564810 ns, Reaching safepoint: 98919 ns, At safepoint: 15175 ns, Total: 114094 ns
[2020-02-29T05:04:00.616+0000][1][safepoint    ] Safepoint "RevokeBias", Time since last: 628118149 ns, Reaching safepoint: 55177 ns, At safepoint: 15999 ns, Total: 71176 ns
[2020-02-29T05:04:01.618+0000][1][safepoint    ] Safepoint "Cleanup", Time since last: 1001639935 ns, Reaching safepoint: 57578 ns, At safepoint: 5630 ns, Total: 63208 ns
[2020-02-29T05:04:02.619+0000][1][safepoint    ] Safepoint "Cleanup", Time since last: 1000670711 ns, Reaching safepoint: 56335 ns, At safepoint: 5871 ns, Total: 62206 ns
[2020-02-29T05:04:03.143+0000][1][safepoint    ] Safepoint "RevokeBias", Time since last: 524364701 ns, Reaching safepoint: 73915 ns, At safepoint: 18696 ns, Total: 92611 ns
[2020-02-29T05:04:04.151+0000][1][safepoint    ] Safepoint "Cleanup", Time since last: 1007738995 ns, Reaching safepoint: 62724 ns, At safepoint: 7399 ns, Total: 70123 ns
[2020-02-29T05:04:05.152+0000][1][safepoint    ] Safepoint "Cleanup", Time since last: 1000886978 ns, Reaching safepoint: 94256 ns, At safepoint: 7960 ns, Total: 102216 ns
[2020-02-29T05:04:05.666+0000][1][safepoint    ] Safepoint "RevokeBias", Time since last: 513616895 ns, Reaching safepoint: 56631 ns, At safepoint: 15547 ns, Total: 72178 ns
[2020-02-29T05:04:06.666+0000][1][safepoint    ] Safepoint "Cleanup", Time since last: 1000693408 ns, Reaching safepoint: 78435 ns, At safepoint: 8056 ns, Total: 86491 ns
[2020-02-29T05:04:07.667+0000][1][safepoint    ] Safepoint "Cleanup", Time since last: 1000698387 ns, Reaching safepoint: 78464 ns, At safepoint: 8846 ns, Total: 87310 ns
[2020-02-29T05:04:08.185+0000][1][safepoint    ] Safepoint "RevokeBias", Time since last: 518024061 ns, Reaching safepoint: 53328 ns, At safepoint: 16341 ns, Total: 69669 ns
[2020-02-29T05:04:09.186+0000][1][safepoint    ] Safepoint "Cleanup", Time since last: 1000411468 ns, Reaching safepoint: 96256 ns, At safepoint: 7594 ns, Total: 103850 ns
[2020-02-29T05:04:10.186+0000][1][safepoint    ] Safepoint "Cleanup", Time since last: 1000412683 ns, Reaching safepoint: 80079 ns, At safepoint: 7553 ns, Total: 87632 ns
[2020-02-29T05:04:10.717+0000][1][safepoint    ] Safepoint "RevokeBias", Time since last: 530926996 ns, Reaching safepoint: 78851 ns, At safepoint: 18674 ns, Total: 97525 ns
[2020-02-29T05:04:11.721+0000][1][safepoint    ] Safepoint "Cleanup", Time since last: 1003606461 ns, Reaching safepoint: 140927 ns, At safepoint: 8849 ns, Total: 149776 ns
[2020-02-29T05:04:12.722+0000][1][safepoint    ] Safepoint "Cleanup", Time since last: 1001002918 ns, Reaching safepoint: 82349 ns, At safepoint: 7079 ns, Total: 89428 ns
[2020-02-29T05:04:13.241+0000][1][safepoint    ] Safepoint "RevokeBias", Time since last: 518745178 ns, Reaching safepoint: 74028 ns, At safepoint: 17653 ns, Total: 91681 ns
[2020-02-29T05:04:14.242+0000][1][safepoint    ] Safepoint "Cleanup", Time since last: 1000722472 ns, Reaching safepoint: 60883 ns, At safepoint: 6949 ns, Total: 67832 ns
[2020-02-29T05:04:15.243+0000][1][safepoint    ] Safepoint "Cleanup", Time since last: 1000685456 ns, Reaching safepoint: 80740 ns, At safepoint: 8721 ns, Total: 89461 ns
[2020-02-29T05:04:15.767+0000][1][safepoint    ] Safepoint "RevokeBias", Time since last: 523962259 ns, Reaching safepoint: 73736 ns, At safepoint: 17736 ns, Total: 91472 ns
[2020-02-29T05:04:16.777+0000][1][safepoint    ] Safepoint "Cleanup", Time since last: 1010525191 ns, Reaching safepoint: 57963 ns, At safepoint: 6405 ns, Total: 64368 ns
[2020-02-29T05:04:17.780+0000][1][safepoint    ] Safepoint "Cleanup", Time since last: 1002663443 ns, Reaching safepoint: 93965 ns, At safepoint: 7569 ns, Total: 101534 ns
[2020-02-29T05:04:18.276+0000][1][safepoint    ] Safepoint "RevokeBias", Time since last: 495495185 ns, Reaching safepoint: 135810 ns, At safepoint: 19877 ns, Total: 155687 ns
[2020-02-29T05:04:19.276+0000][1][safepoint    ] Safepoint "Cleanup", Time since last: 1000263200 ns, Reaching safepoint: 84592 ns, At safepoint: 8544 ns, Total: 93136 ns
[2020-02-29T05:04:20.277+0000][1][safepoint    ] Safepoint "Cleanup", Time since last: 1001154018 ns, Reaching safepoint: 60527 ns, At safepoint: 7006 ns, Total: 67533 ns
[2020-02-29T05:04:20.790+0000][1][safepoint    ] Safepoint "RevokeBias", Time since last: 512430806 ns, Reaching safepoint: 55245 ns, At safepoint: 16386 ns, Total: 71631 ns
[2020-02-29T05:04:21.797+0000][1][safepoint    ] Safepoint "Cleanup", Time since last: 1007135721 ns, Reaching safepoint: 60235 ns, At safepoint: 7759 ns, Total: 67994 ns
[2020-02-29T05:04:22.804+0000][1][safepoint    ] Safepoint "Cleanup", Time since last: 1007128111 ns, Reaching safepoint: 62897 ns, At safepoint: 6991 ns, Total: 69888 ns
[2020-02-29T05:04:23.322+0000][1][safepoint    ] Safepoint "RevokeBias", Time since last: 518073748 ns, Reaching safepoint: 55771 ns, At safepoint: 16754 ns, Total: 72525 ns
[2020-02-29T05:04:24.329+0000][1][safepoint    ] Safepoint "Cleanup", Time since last: 1006752885 ns, Reaching safepoint: 61007 ns, At safepoint: 6848 ns, Total: 67855 ns
[2020-02-29T05:04:25.332+0000][1][safepoint    ] Safepoint "Cleanup", Time since last: 1002305995 ns, Reaching safepoint: 75212 ns, At safepoint: 7317 ns, Total: 82529 ns
[2020-02-29T05:04:25.839+0000][1][safepoint    ] Safepoint "RevokeBias", Time since last: 506916050 ns, Reaching safepoint: 74609 ns, At safepoint: 17756 ns, Total: 92365 ns
[2020-02-29T05:04:26.839+0000][1][safepoint    ] Safepoint "Cleanup", Time since last: 1000462076 ns, Reaching safepoint: 89961 ns, At safepoint: 10197 ns, Total: 100158 ns
[2020-02-29T05:04:27.840+0000][1][safepoint    ] Safepoint "Cleanup", Time since last: 1000401488 ns, Reaching safepoint: 81501 ns, At safepoint: 8148 ns, Total: 89649 ns
[2020-02-29T05:04:28.367+0000][1][safepoint    ] Safepoint "RevokeBias", Time since last: 527449854 ns, Reaching safepoint: 143380 ns, At safepoint: 19264 ns, Total: 162644 ns
[2020-02-29T05:04:30.066+0000][1][safepoint    ] Safepoint "Cleanup", Time since last: 1698173280 ns, Reaching safepoint: 123945 ns, At safepoint: 5818 ns, Total: 129763 ns
[2020-02-29T05:04:30.885+0000][1][safepoint    ] Safepoint "RevokeBias", Time since last: 818988572 ns, Reaching safepoint: 54813 ns, At safepoint: 15889 ns, Total: 70702 ns
[2020-02-29T05:04:31.890+0000][1][safepoint    ] Safepoint "Cleanup", Time since last: 1005583900 ns, Reaching safepoint: 59657 ns, At safepoint: 7203 ns, Total: 66860 ns
[2020-02-29T05:04:32.892+0000][1][safepoint    ] Safepoint "Cleanup", Time since last: 1001218878 ns, Reaching safepoint: 72886 ns, At safepoint: 6866 ns, Total: 79752 ns
[2020-02-29T05:04:33.399+0000][1][safepoint    ] Safepoint "RevokeBias", Time since last: 507121922 ns, Reaching safepoint: 97358 ns, At safepoint: 49384 ns, Total: 146742 ns
[2020-02-29T05:04:34.400+0000][1][safepoint    ] Safepoint "Cleanup", Time since last: 1001134865 ns, Reaching safepoint: 62886 ns, At safepoint: 6849 ns, Total: 69735 ns
[2020-02-29T05:04:35.401+0000][1][safepoint    ] Safepoint "Cleanup", Time since last: 1001296286 ns, Reaching safepoint: 77293 ns, At safepoint: 7243 ns, Total: 84536 ns
[2020-02-29T05:04:35.922+0000][1][safepoint    ] Safepoint "RevokeBias", Time since last: 520123027 ns, Reaching safepoint: 54243 ns, At safepoint: 14987 ns, Total: 69230 ns
[2020-02-29T05:04:36.930+0000][1][safepoint    ] Safepoint "Cleanup", Time since last: 1008521528 ns, Reaching safepoint: 60207 ns, At safepoint: 7027 ns, Total: 67234 ns
[2020-02-29T05:04:37.931+0000][1][safepoint    ] Safepoint "Cleanup", Time since last: 1000869577 ns, Reaching safepoint: 59475 ns, At safepoint: 6328 ns, Total: 65803 ns
[2020-02-29T05:04:38.436+0000][1][safepoint    ] Safepoint "RevokeBias", Time since last: 504543197 ns, Reaching safepoint: 75414 ns, At safepoint: 17072 ns, Total: 92486 ns
[2020-02-29T05:04:39.437+0000][1][safepoint    ] Safepoint "Cleanup", Time since last: 1000815870 ns, Reaching safepoint: 89580 ns, At safepoint: 9577 ns, Total: 99157 ns
[2020-02-29T05:04:40.440+0000][1][safepoint    ] Safepoint "Cleanup", Time since last: 1003260271 ns, Reaching safepoint: 183738 ns, At safepoint: 7888 ns, Total: 191626 ns
[2020-02-29T05:04:40.945+0000][1][safepoint    ] Safepoint "RevokeBias", Time since last: 504430752 ns, Reaching safepoint: 95089 ns, At safepoint: 35837 ns, Total: 130926 ns
[2020-02-29T05:04:41.950+0000][1][safepoint    ] Safepoint "Cleanup", Time since last: 1005196283 ns, Reaching safepoint: 137200 ns, At safepoint: 7186 ns, Total: 144386 ns
[2020-02-29T05:04:42.956+0000][1][safepoint    ] Safepoint "Cleanup", Time since last: 1006204880 ns, Reaching safepoint: 73335 ns, At safepoint: 5742 ns, Total: 79077 ns
[2020-02-29T05:04:43.477+0000][1][safepoint    ] Safepoint "BulkRevokeBias", Time since last: 520290656 ns, Reaching safepoint: 59249 ns, At safepoint: 147458 ns, Total: 206707 ns
[2020-02-29T05:04:44.481+0000][1][safepoint    ] Safepoint "Cleanup", Time since last: 1003975605 ns, Reaching safepoint: 114436 ns, At safepoint: 8675 ns, Total: 123111 ns
[2020-02-29T05:04:45.486+0000][1][safepoint    ] Safepoint "Cleanup", Time since last: 1004779270 ns, Reaching safepoint: 60737 ns, At safepoint: 6960 ns, Total: 67697 ns
[2020-02-29T05:04:45.989+0000][1][safepoint    ] Safepoint "RevokeBias", Time since last: 503510836 ns, Reaching safepoint: 87474 ns, At safepoint: 21600 ns, Total: 109074 ns
[2020-02-29T05:04:46.990+0000][1][safepoint    ] Safepoint "Cleanup", Time since last: 1000384084 ns, Reaching safepoint: 75188 ns, At safepoint: 6418 ns, Total: 81606 ns
[2020-02-29T05:04:47.990+0000][1][safepoint    ] Safepoint "Cleanup", Time since last: 1000597698 ns, Reaching safepoint: 79943 ns, At safepoint: 6963 ns, Total: 86906 ns
[2020-02-29T05:04:48.503+0000][1][safepoint    ] Safepoint "RevokeBias", Time since last: 512256223 ns, Reaching safepoint: 56071 ns, At safepoint: 15908 ns, Total: 71979 ns
[2020-02-29T05:04:49.503+0000][1][safepoint    ] Safepoint "Cleanup", Time since last: 1000557265 ns, Reaching safepoint: 74619 ns, At safepoint: 5850 ns, Total: 80469 ns
[2020-02-29T05:04:50.506+0000][1][safepoint    ] Safepoint "Cleanup", Time since last: 1002740689 ns, Reaching safepoint: 131807 ns, At safepoint: 21044 ns, Total: 152851 ns
[2020-02-29T05:04:51.021+0000][1][safepoint    ] Safepoint "RevokeBias", Time since last: 514436199 ns, Reaching safepoint: 74804 ns, At safepoint: 17180 ns, Total: 91984 ns
[2020-02-29T05:04:52.030+0000][1][safepoint    ] Safepoint "Cleanup", Time since last: 1009002826 ns, Reaching safepoint: 63594 ns, At safepoint: 7034 ns, Total: 70628 ns
[2020-02-29T05:04:53.031+0000][1][safepoint    ] Safepoint "Cleanup", Time since last: 1000665121 ns, Reaching safepoint: 79539 ns, At safepoint: 7302 ns, Total: 86841 ns
[2020-02-29T05:04:53.538+0000][1][safepoint    ] Safepoint "RevokeBias", Time since last: 507519828 ns, Reaching safepoint: 55438 ns, At safepoint: 15366 ns, Total: 70804 ns
[2020-02-29T05:04:54.543+0000][1][safepoint    ] Safepoint "Cleanup", Time since last: 1004865938 ns, Reaching safepoint: 60973 ns, At safepoint: 7003 ns, Total: 67976 ns
[2020-02-29T05:04:55.546+0000][1][safepoint    ] Safepoint "Cleanup", Time since last: 1002806014 ns, Reaching safepoint: 77774 ns, At safepoint: 7549 ns, Total: 85323 ns
[2020-02-29T05:04:56.060+0000][1][safepoint    ] Safepoint "RevokeBias", Time since last: 514168972 ns, Reaching safepoint: 70778 ns, At safepoint: 65036 ns, Total: 135814 ns
[2020-02-29T05:04:57.067+0000][1][safepoint    ] Safepoint "Cleanup", Time since last: 1006655852 ns, Reaching safepoint: 137708 ns, At safepoint: 21716 ns, Total: 159424 ns
[2020-02-29T05:04:58.068+0000][1][safepoint    ] Safepoint "Cleanup", Time since last: 1000864570 ns, Reaching safepoint: 62473 ns, At safepoint: 6946 ns, Total: 69419 ns
[2020-02-29T05:04:58.571+0000][1][safepoint    ] Safepoint "RevokeBias", Time since last: 502329490 ns, Reaching safepoint: 77135 ns, At safepoint: 17322 ns, Total: 94457 ns
[2020-02-29T05:04:59.571+0000][1][safepoint    ] Safepoint "Cleanup", Time since last: 1000731469 ns, Reaching safepoint: 85223 ns, At safepoint: 7413 ns, Total: 92636 ns
[2020-02-29T05:04:59.791+0000][1][gc,start     ] GC(39) Pause Young (Allocation Failure)
[2020-02-29T05:04:59.792+0000][1][gc,task      ] GC(39) Using 1 workers of 1 for evacuation
[2020-02-29T05:04:59.819+0000][1][gc,age       ] GC(39) Desired survivor size 4358144 bytes, new threshold 6 (max threshold 6)
[2020-02-29T05:04:59.819+0000][1][gc,age       ] GC(39) Age table with threshold 6 (max threshold 6)
[2020-02-29T05:04:59.819+0000][1][gc,age       ] GC(39) - age   1:      14312 bytes,      14312 total
[2020-02-29T05:04:59.820+0000][1][gc,age       ] GC(39) - age   2:       4144 bytes,      18456 total
[2020-02-29T05:04:59.820+0000][1][gc,age       ] GC(39) - age   3:       2936 bytes,      21392 total
[2020-02-29T05:04:59.820+0000][1][gc,age       ] GC(39) - age   4:       2968 bytes,      24360 total
[2020-02-29T05:04:59.820+0000][1][gc,age       ] GC(39) - age   5:       1280 bytes,      25640 total
[2020-02-29T05:04:59.820+0000][1][gc,age       ] GC(39) - age   6:       3944 bytes,      29584 total
[2020-02-29T05:04:59.820+0000][1][gc,heap      ] GC(39) ParNew: 68213K->49K(76672K)
[2020-02-29T05:04:59.820+0000][1][gc,heap      ] GC(39) CMS: 62492K->62494K(963392K)
[2020-02-29T05:04:59.820+0000][1][gc,metaspace ] GC(39) Metaspace: 79164K->79164K(1122304K)
[2020-02-29T05:04:59.820+0000][1][gc           ] GC(39) Pause Young (Allocation Failure) 127M->61M(1015M) 28.160ms
[2020-02-29T05:04:59.820+0000][1][gc,cpu       ] GC(39) User=0.01s Sys=0.00s Real=0.02s
[2020-02-29T05:04:59.820+0000][1][safepoint    ] Safepoint "GenCollectForAllocation", Time since last: 219944901 ns, Reaching safepoint: 72807 ns, At safepoint: 28214661 ns, Total: 28287468 ns
[2020-02-29T05:05:00.824+0000][1][safepoint    ] Safepoint "Cleanup", Time since last: 1004600315 ns, Reaching safepoint: 77435 ns, At safepoint: 7967 ns, Total: 85402 ns
[2020-02-29T05:05:01.094+0000][1][safepoint    ] Safepoint "RevokeBias", Time since last: 269854462 ns, Reaching safepoint: 74935 ns, At safepoint: 17967 ns, Total: 92902 ns
[2020-02-29T05:05:02.097+0000][1][safepoint    ] Safepoint "Cleanup", Time since last: 1002534171 ns, Reaching safepoint: 134303 ns, At safepoint: 7559 ns, Total: 141862 ns
[2020-02-29T05:05:03.100+0000][1][safepoint    ] Safepoint "Cleanup", Time since last: 1003213434 ns, Reaching safepoint: 77701 ns, At safepoint: 6719 ns, Total: 84420 ns
[2020-02-29T05:05:03.611+0000][1][safepoint    ] Safepoint "RevokeBias", Time since last: 510387785 ns, Reaching safepoint: 76614 ns, At safepoint: 35291 ns, Total: 111905 ns
[2020-02-29T05:05:04.618+0000][1][safepoint    ] Safepoint "Cleanup", Time since last: 1007469225 ns, Reaching safepoint: 58785 ns, At safepoint: 5488 ns, Total: 64273 ns
[2020-02-29T05:05:05.619+0000][1][safepoint    ] Safepoint "Cleanup", Time since last: 1000294382 ns, Reaching safepoint: 74332 ns, At safepoint: 6206 ns, Total: 80538 ns
[2020-02-29T05:05:06.130+0000][1][safepoint    ] Safepoint "RevokeBias", Time since last: 510752426 ns, Reaching safepoint: 91417 ns, At safepoint: 17948 ns, Total: 109365 ns
[2020-02-29T05:05:07.138+0000][1][safepoint    ] Safepoint "Cleanup", Time since last: 1008488584 ns, Reaching safepoint: 57210 ns, At safepoint: 5689 ns, Total: 62899 ns
[2020-02-29T05:05:08.139+0000][1][safepoint    ] Safepoint "Cleanup", Time since last: 1000661132 ns, Reaching safepoint: 54295 ns, At safepoint: 5197 ns, Total: 59492 ns
[2020-02-29T05:05:08.639+0000][1][safepoint    ] Safepoint "RevokeBias", Time since last: 500116603 ns, Reaching safepoint: 112869 ns, At safepoint: 19943 ns, Total: 132812 ns
[2020-02-29T05:05:09.640+0000][1][safepoint    ] Safepoint "Cleanup", Time since last: 1000831792 ns, Reaching safepoint: 57460 ns, At safepoint: 5229 ns, Total: 62689 ns
[2020-02-29T05:05:10.646+0000][1][safepoint    ] Safepoint "Cleanup", Time since last: 1005983641 ns, Reaching safepoint: 180405 ns, At safepoint: 8142 ns, Total: 188547 ns
[2020-02-29T05:05:11.155+0000][1][safepoint    ] Safepoint "RevokeBias", Time since last: 508806932 ns, Reaching safepoint: 74676 ns, At safepoint: 17083 ns, Total: 91759 ns
[2020-02-29T05:05:12.161+0000][1][safepoint    ] Safepoint "Cleanup", Time since last: 1005920596 ns, Reaching safepoint: 168005 ns, At safepoint: 28794 ns, Total: 196799 ns
[2020-02-29T05:05:13.162+0000][1][safepoint    ] Safepoint "Cleanup", Time since last: 1000230293 ns, Reaching safepoint: 153782 ns, At safepoint: 14894 ns, Total: 168676 ns
[2020-02-29T05:05:13.681+0000][1][safepoint    ] Safepoint "RevokeBias", Time since last: 519871216 ns, Reaching safepoint: 55985 ns, At safepoint: 15242 ns, Total: 71227 ns
[2020-02-29T05:05:14.689+0000][1][safepoint    ] Safepoint "Cleanup", Time since last: 1007647666 ns, Reaching safepoint: 56250 ns, At safepoint: 5625 ns, Total: 61875 ns
[2020-02-29T05:05:15.700+0000][1][safepoint    ] Safepoint "Cleanup", Time since last: 1010464161 ns, Reaching safepoint: 58417 ns, At safepoint: 5648 ns, Total: 64065 ns
[2020-02-29T05:05:16.196+0000][1][safepoint    ] Safepoint "RevokeBias", Time since last: 495794845 ns, Reaching safepoint: 184048 ns, At safepoint: 33537 ns, Total: 217585 ns
[2020-02-29T05:05:17.196+0000][1][safepoint    ] Safepoint "Cleanup", Time since last: 1000253795 ns, Reaching safepoint: 75202 ns, At safepoint: 6990 ns, Total: 82192 ns
[2020-02-29T05:05:18.205+0000][1][safepoint    ] Safepoint "Cleanup", Time since last: 1008433494 ns, Reaching safepoint: 61039 ns, At safepoint: 7225 ns, Total: 68264 ns
[2020-02-29T05:05:18.710+0000][1][safepoint    ] Safepoint "RevokeBias", Time since last: 505357697 ns, Reaching safepoint: 56127 ns, At safepoint: 16132 ns, Total: 72259 ns
[2020-02-29T05:05:19.712+0000][1][safepoint    ] Safepoint "Cleanup", Time since last: 1001968759 ns, Reaching safepoint: 80026 ns, At safepoint: 7732 ns, Total: 87758 ns
[2020-02-29T05:05:20.713+0000][1][safepoint    ] Safepoint "Cleanup", Time since last: 1000800750 ns, Reaching safepoint: 93004 ns, At safepoint: 7478 ns, Total: 100482 ns
[2020-02-29T05:05:21.232+0000][1][safepoint    ] Safepoint "RevokeBias", Time since last: 518688584 ns, Reaching safepoint: 52649 ns, At safepoint: 14719 ns, Total: 67368 ns
[2020-02-29T05:05:22.233+0000][1][safepoint    ] Safepoint "Cleanup", Time since last: 1001244579 ns, Reaching safepoint: 62258 ns, At safepoint: 7167 ns, Total: 69425 ns
[2020-02-29T05:05:23.236+0000][1][safepoint    ] Safepoint "Cleanup", Time since last: 1003225099 ns, Reaching safepoint: 60943 ns, At safepoint: 7230 ns, Total: 68173 ns
[2020-02-29T05:05:23.743+0000][1][safepoint    ] Safepoint "RevokeBias", Time since last: 506741028 ns, Reaching safepoint: 81830 ns, At safepoint: 18312 ns, Total: 100142 ns
[2020-02-29T05:05:24.744+0000][1][safepoint    ] Safepoint "Cleanup", Time since last: 1000926011 ns, Reaching safepoint: 79904 ns, At safepoint: 9125 ns, Total: 89029 ns
[2020-02-29T05:05:25.745+0000][1][safepoint    ] Safepoint "Cleanup", Time since last: 1000698176 ns, Reaching safepoint: 101348 ns, At safepoint: 9605 ns, Total: 110953 ns
[2020-02-29T05:05:26.267+0000][1][safepoint    ] Safepoint "RevokeBias", Time since last: 521647395 ns, Reaching safepoint: 76611 ns, At safepoint: 17942 ns, Total: 94553 ns
[2020-02-29T05:05:27.270+0000][1][safepoint    ] Safepoint "Cleanup", Time since last: 1003415021 ns, Reaching safepoint: 177165 ns, At safepoint: 7645 ns, Total: 184810 ns
[2020-02-29T05:05:28.275+0000][1][safepoint    ] Safepoint "Cleanup", Time since last: 1004923824 ns, Reaching safepoint: 112489 ns, At safepoint: 7673 ns, Total: 120162 ns
[2020-02-29T05:05:28.793+0000][1][safepoint    ] Safepoint "RevokeBias", Time since last: 517202831 ns, Reaching safepoint: 75451 ns, At safepoint: 17270 ns, Total: 92721 ns
[2020-02-29T05:05:29.796+0000][1][safepoint    ] Safepoint "Cleanup", Time since last: 1003057522 ns, Reaching safepoint: 62367 ns, At safepoint: 7004 ns, Total: 69371 ns
[2020-02-29T05:05:30.803+0000][1][safepoint    ] Safepoint "Cleanup", Time since last: 1007248924 ns, Reaching safepoint: 62314 ns, At safepoint: 7869 ns, Total: 70183 ns
[2020-02-29T05:05:31.324+0000][1][safepoint    ] Safepoint "RevokeBias", Time since last: 520589630 ns, Reaching safepoint: 55692 ns, At safepoint: 16023 ns, Total: 71715 ns
[2020-02-29T05:05:32.325+0000][1][safepoint    ] Safepoint "Cleanup", Time since last: 1001092286 ns, Reaching safepoint: 62213 ns, At safepoint: 7411 ns, Total: 69624 ns
[2020-02-29T05:05:33.327+0000][1][safepoint    ] Safepoint "Cleanup", Time since last: 1002448169 ns, Reaching safepoint: 78050 ns, At safepoint: 6999 ns, Total: 85049 ns
[2020-02-29T05:05:33.852+0000][1][safepoint    ] Safepoint "RevokeBias", Time since last: 524377584 ns, Reaching safepoint: 75425 ns, At safepoint: 16889 ns, Total: 92314 ns
[2020-02-29T05:05:34.857+0000][1][safepoint    ] Safepoint "Cleanup", Time since last: 1005361984 ns, Reaching safepoint: 55949 ns, At safepoint: 7057 ns, Total: 63006 ns
[2020-02-29T05:05:35.867+0000][1][safepoint    ] Safepoint "Cleanup", Time since last: 1009861404 ns, Reaching safepoint: 61910 ns, At safepoint: 7699 ns, Total: 69609 ns
[2020-02-29T05:05:36.369+0000][1][safepoint    ] Safepoint "RevokeBias", Time since last: 501504644 ns, Reaching safepoint: 73983 ns, At safepoint: 17054 ns, Total: 91037 ns
[2020-02-29T05:05:37.370+0000][1][safepoint    ] Safepoint "Cleanup", Time since last: 1000800031 ns, Reaching safepoint: 78691 ns, At safepoint: 7400 ns, Total: 86091 ns
[2020-02-29T05:05:38.371+0000][1][safepoint    ] Safepoint "Cleanup", Time since last: 1000962195 ns, Reaching safepoint: 84165 ns, At safepoint: 8541 ns, Total: 92706 ns
[2020-02-29T05:05:38.883+0000][1][safepoint    ] Safepoint "RevokeBias", Time since last: 512318679 ns, Reaching safepoint: 57837 ns, At safepoint: 79905 ns, Total: 137742 ns
[2020-02-29T05:05:39.884+0000][1][safepoint    ] Safepoint "Cleanup", Time since last: 1000530392 ns, Reaching safepoint: 75165 ns, At safepoint: 6866 ns, Total: 82031 ns
[2020-02-29T05:05:40.885+0000][1][safepoint    ] Safepoint "Cleanup", Time since last: 1000985842 ns, Reaching safepoint: 65333 ns, At safepoint: 7493 ns, Total: 72826 ns
[2020-02-29T05:05:41.404+0000][1][safepoint    ] Safepoint "RevokeBias", Time since last: 519107812 ns, Reaching safepoint: 56366 ns, At safepoint: 16029 ns, Total: 72395 ns
[2020-02-29T05:05:42.412+0000][1][safepoint    ] Safepoint "Cleanup", Time since last: 1007624297 ns, Reaching safepoint: 113341 ns, At safepoint: 10723 ns, Total: 124064 ns
[2020-02-29T05:05:43.419+0000][1][safepoint    ] Safepoint "Cleanup", Time since last: 1007197120 ns, Reaching safepoint: 95242 ns, At safepoint: 6857 ns, Total: 102099 ns
[2020-02-29T05:05:43.926+0000][1][safepoint    ] Safepoint "RevokeBias", Time since last: 506418259 ns, Reaching safepoint: 78178 ns, At safepoint: 17980 ns, Total: 96158 ns
[2020-02-29T05:05:44.927+0000][1][safepoint    ] Safepoint "Cleanup", Time since last: 1000890711 ns, Reaching safepoint: 98339 ns, At safepoint: 10686 ns, Total: 109025 ns
[2020-02-29T05:05:45.927+0000][1][safepoint    ] Safepoint "Cleanup", Time since last: 1000327019 ns, Reaching safepoint: 86201 ns, At safepoint: 11677 ns, Total: 97878 ns
[2020-02-29T05:05:46.451+0000][1][safepoint    ] Safepoint "RevokeBias", Time since last: 524040500 ns, Reaching safepoint: 75405 ns, At safepoint: 18052 ns, Total: 93457 ns
[2020-02-29T05:05:47.452+0000][1][safepoint    ] Safepoint "Cleanup", Time since last: 1000796258 ns, Reaching safepoint: 61794 ns, At safepoint: 7442 ns, Total: 69236 ns
[2020-02-29T05:05:48.453+0000][1][safepoint    ] Safepoint "Cleanup", Time since last: 1000819043 ns, Reaching safepoint: 78075 ns, At safepoint: 6793 ns, Total: 84868 ns
[2020-02-29T05:05:48.966+0000][1][safepoint    ] Safepoint "RevokeBias", Time since last: 513271434 ns, Reaching safepoint: 54870 ns, At safepoint: 32201 ns, Total: 87071 ns
[2020-02-29T05:05:49.967+0000][1][safepoint    ] Safepoint "Cleanup", Time since last: 1000826682 ns, Reaching safepoint: 60690 ns, At safepoint: 6448 ns, Total: 67138 ns
[2020-02-29T05:05:50.968+0000][1][safepoint    ] Safepoint "Cleanup", Time since last: 1000815967 ns, Reaching safepoint: 60730 ns, At safepoint: 6983 ns, Total: 67713 ns
[2020-02-29T05:05:51.486+0000][1][safepoint    ] Safepoint "RevokeBias", Time since last: 517746862 ns, Reaching safepoint: 55016 ns, At safepoint: 15932 ns, Total: 70948 ns
[2020-02-29T05:05:52.490+0000][1][safepoint    ] Safepoint "Cleanup", Time since last: 1003647687 ns, Reaching safepoint: 58075 ns, At safepoint: 6187 ns, Total: 64262 ns
[2020-02-29T05:05:53.491+0000][1][safepoint    ] Safepoint "Cleanup", Time since last: 1001601235 ns, Reaching safepoint: 82665 ns, At safepoint: 10746 ns, Total: 93411 ns
[2020-02-29T05:05:54.006+0000][1][safepoint    ] Safepoint "RevokeBias", Time since last: 514104098 ns, Reaching safepoint: 57482 ns, At safepoint: 17156 ns, Total: 74638 ns
[2020-02-29T05:05:55.016+0000][1][safepoint    ] Safepoint "Cleanup", Time since last: 1010148348 ns, Reaching safepoint: 74594 ns, At safepoint: 6524 ns, Total: 81118 ns
[2020-02-29T05:05:56.017+0000][1][safepoint    ] Safepoint "Cleanup", Time since last: 1001166301 ns, Reaching safepoint: 61669 ns, At safepoint: 6251 ns, Total: 67920 ns
[2020-02-29T05:05:56.515+0000][1][safepoint    ] Safepoint "BulkRevokeBias", Time since last: 497065851 ns, Reaching safepoint: 76793 ns, At safepoint: 372666 ns, Total: 449459 ns
[2020-02-29T05:05:57.515+0000][1][safepoint    ] Safepoint "Cleanup", Time since last: 1000615870 ns, Reaching safepoint: 93238 ns, At safepoint: 9732 ns, Total: 102970 ns
[2020-02-29T05:05:58.516+0000][1][safepoint    ] Safepoint "Cleanup", Time since last: 1000740135 ns, Reaching safepoint: 92254 ns, At safepoint: 9994 ns, Total: 102248 ns
[2020-02-29T05:05:59.029+0000][1][safepoint    ] Safepoint "RevokeBias", Time since last: 513145021 ns, Reaching safepoint: 72336 ns, At safepoint: 18056 ns, Total: 90392 ns
[2020-02-29T05:06:00.034+0000][1][safepoint    ] Safepoint "Cleanup", Time since last: 1004628889 ns, Reaching safepoint: 76905 ns, At safepoint: 7695 ns, Total: 84600 ns
[2020-02-29T05:06:01.043+0000][1][safepoint    ] Safepoint "Cleanup", Time since last: 1009266095 ns, Reaching safepoint: 56809 ns, At safepoint: 5968 ns, Total: 62777 ns
[2020-02-29T05:06:01.550+0000][1][safepoint    ] Safepoint "RevokeBias", Time since last: 506202112 ns, Reaching safepoint: 61445 ns, At safepoint: 15655 ns, Total: 77100 ns
[2020-02-29T05:06:02.551+0000][1][safepoint    ] Safepoint "Cleanup", Time since last: 1001238290 ns, Reaching safepoint: 64115 ns, At safepoint: 7380 ns, Total: 71495 ns
[2020-02-29T05:06:03.557+0000][1][safepoint    ] Safepoint "Cleanup", Time since last: 1005966951 ns, Reaching safepoint: 82364 ns, At safepoint: 6801 ns, Total: 89165 ns
[2020-02-29T05:06:04.078+0000][1][safepoint    ] Safepoint "RevokeBias", Time since last: 520542108 ns, Reaching safepoint: 74049 ns, At safepoint: 17352 ns, Total: 91401 ns
[2020-02-29T05:06:05.080+0000][1][safepoint    ] Safepoint "Cleanup", Time since last: 1002526168 ns, Reaching safepoint: 75052 ns, At safepoint: 6794 ns, Total: 81846 ns
[2020-02-29T05:06:06.082+0000][1][safepoint    ] Safepoint "Cleanup", Time since last: 1001889477 ns, Reaching safepoint: 195578 ns, At safepoint: 6685 ns, Total: 202263 ns
[2020-02-29T05:06:06.597+0000][1][safepoint    ] Safepoint "RevokeBias", Time since last: 514268252 ns, Reaching safepoint: 223529 ns, At safepoint: 53772 ns, Total: 277301 ns
[2020-02-29T05:06:07.604+0000][1][safepoint    ] Safepoint "Cleanup", Time since last: 1007369442 ns, Reaching safepoint: 61043 ns, At safepoint: 6997 ns, Total: 68040 ns
[2020-02-29T05:06:08.605+0000][1][safepoint    ] Safepoint "Cleanup", Time since last: 1000911344 ns, Reaching safepoint: 96392 ns, At safepoint: 7838 ns, Total: 104230 ns
[2020-02-29T05:06:09.122+0000][1][safepoint    ] Safepoint "RevokeBias", Time since last: 516374630 ns, Reaching safepoint: 55000 ns, At safepoint: 16135 ns, Total: 71135 ns
[2020-02-29T05:06:10.133+0000][1][safepoint    ] Safepoint "Cleanup", Time since last: 1007472527 ns, Reaching safepoint: 3602176 ns, At safepoint: 10595 ns, Total: 3612771 ns
[2020-02-29T05:06:11.136+0000][1][safepoint    ] Safepoint "Cleanup", Time since last: 1002853183 ns, Reaching safepoint: 61123 ns, At safepoint: 6902 ns, Total: 68025 ns
[2020-02-29T05:06:11.648+0000][1][safepoint    ] Safepoint "RevokeBias", Time since last: 511813969 ns, Reaching safepoint: 55997 ns, At safepoint: 15950 ns, Total: 71947 ns
[2020-02-29T05:06:12.651+0000][1][safepoint    ] Safepoint "Cleanup", Time since last: 1002740987 ns, Reaching safepoint: 59993 ns, At safepoint: 6647 ns, Total: 66640 ns
[2020-02-29T05:06:13.653+0000][1][safepoint    ] Safepoint "Cleanup", Time since last: 1001964315 ns, Reaching safepoint: 97921 ns, At safepoint: 9253 ns, Total: 107174 ns
[2020-02-29T05:06:14.168+0000][1][safepoint    ] Safepoint "RevokeBias", Time since last: 514907195 ns, Reaching safepoint: 88020 ns, At safepoint: 17746 ns, Total: 105766 ns
[2020-02-29T05:06:15.170+0000][1][safepoint    ] Safepoint "Cleanup", Time since last: 1002180750 ns, Reaching safepoint: 60487 ns, At safepoint: 6934 ns, Total: 67421 ns
[2020-02-29T05:06:16.171+0000][1][safepoint    ] Safepoint "Cleanup", Time since last: 1001292003 ns, Reaching safepoint: 63582 ns, At safepoint: 7235 ns, Total: 70817 ns
[2020-02-29T05:06:16.681+0000][1][safepoint    ] Safepoint "RevokeBias", Time since last: 509721093 ns, Reaching safepoint: 74568 ns, At safepoint: 64867 ns, Total: 139435 ns
[2020-02-29T05:06:17.682+0000][1][safepoint    ] Safepoint "Cleanup", Time since last: 1000820388 ns, Reaching safepoint: 61621 ns, At safepoint: 6985 ns, Total: 68606 ns
[2020-02-29T05:06:18.683+0000][1][safepoint    ] Safepoint "Cleanup", Time since last: 1000448114 ns, Reaching safepoint: 92322 ns, At safepoint: 9545 ns, Total: 101867 ns
[2020-02-29T05:06:19.203+0000][1][safepoint    ] Safepoint "RevokeBias", Time since last: 520020826 ns, Reaching safepoint: 73767 ns, At safepoint: 17744 ns, Total: 91511 ns
[2020-02-29T05:06:20.211+0000][1][safepoint    ] Safepoint "Cleanup", Time since last: 1008355789 ns, Reaching safepoint: 67385 ns, At safepoint: 7701 ns, Total: 75086 ns
[2020-02-29T05:06:21.214+0000][1][safepoint    ] Safepoint "Cleanup", Time since last: 1002751305 ns, Reaching safepoint: 74452 ns, At safepoint: 5977 ns, Total: 80429 ns
[2020-02-29T05:06:21.711+0000][1][safepoint    ] Safepoint "RevokeBias", Time since last: 497223594 ns, Reaching safepoint: 74616 ns, At safepoint: 16478 ns, Total: 91094 ns
[2020-02-29T05:06:22.717+0000][1][safepoint    ] Safepoint "Cleanup", Time since last: 1005460136 ns, Reaching safepoint: 79419 ns, At safepoint: 7675 ns, Total: 87094 ns
[2020-02-29T05:06:23.718+0000][1][safepoint    ] Safepoint "Cleanup", Time since last: 1001276853 ns, Reaching safepoint: 57211 ns, At safepoint: 5317 ns, Total: 62528 ns
[2020-02-29T05:06:24.236+0000][1][safepoint    ] Safepoint "RevokeBias", Time since last: 517471150 ns, Reaching safepoint: 100199 ns, At safepoint: 67581 ns, Total: 167780 ns
[2020-02-29T05:06:25.244+0000][1][safepoint    ] Safepoint "Cleanup", Time since last: 1008339191 ns, Reaching safepoint: 63202 ns, At safepoint: 7516 ns, Total: 70718 ns
[2020-02-29T05:06:26.255+0000][1][safepoint    ] Safepoint "Cleanup", Time since last: 1010694730 ns, Reaching safepoint: 62774 ns, At safepoint: 8128 ns, Total: 70902 ns
[2020-02-29T05:06:26.751+0000][1][safepoint    ] Safepoint "RevokeBias", Time since last: 495671708 ns, Reaching safepoint: 74837 ns, At safepoint: 18805 ns, Total: 93642 ns
[2020-02-29T05:06:27.759+0000][1][safepoint    ] Safepoint "Cleanup", Time since last: 1008663927 ns, Reaching safepoint: 62091 ns, At safepoint: 7472 ns, Total: 69563 ns
[2020-02-29T05:06:28.760+0000][1][safepoint    ] Safepoint "Cleanup", Time since last: 1000871511 ns, Reaching safepoint: 60774 ns, At safepoint: 7126 ns, Total: 67900 ns
[2020-02-29T05:06:29.276+0000][1][safepoint    ] Safepoint "RevokeBias", Time since last: 516008933 ns, Reaching safepoint: 76819 ns, At safepoint: 17802 ns, Total: 94621 ns
[2020-02-29T05:06:30.278+0000][1][safepoint    ] Safepoint "Cleanup", Time since last: 1001881245 ns, Reaching safepoint: 75889 ns, At safepoint: 7212 ns, Total: 83101 ns
[2020-02-29T05:06:31.284+0000][1][safepoint    ] Safepoint "Cleanup", Time since last: 1005220958 ns, Reaching safepoint: 111317 ns, At safepoint: 7066 ns, Total: 118383 ns
[2020-02-29T05:06:31.805+0000][1][safepoint    ] Safepoint "RevokeBias", Time since last: 521212950 ns, Reaching safepoint: 54928 ns, At safepoint: 15428 ns, Total: 70356 ns
[2020-02-29T05:06:32.805+0000][1][safepoint    ] Safepoint "Cleanup", Time since last: 1000138849 ns, Reaching safepoint: 79528 ns, At safepoint: 6712 ns, Total: 86240 ns
[2020-02-29T05:06:33.806+0000][1][safepoint    ] Safepoint "Cleanup", Time since last: 1000553087 ns, Reaching safepoint: 83944 ns, At safepoint: 7180 ns, Total: 91124 ns
[2020-02-29T05:06:34.322+0000][1][safepoint    ] Safepoint "RevokeBias", Time since last: 516452985 ns, Reaching safepoint: 56488 ns, At safepoint: 32507 ns, Total: 88995 ns
[2020-02-29T05:06:35.327+0000][1][safepoint    ] Safepoint "Cleanup", Time since last: 1004813024 ns, Reaching safepoint: 81959 ns, At safepoint: 7171 ns, Total: 89130 ns
[2020-02-29T05:06:36.329+0000][1][safepoint    ] Safepoint "Cleanup", Time since last: 1001345939 ns, Reaching safepoint: 60859 ns, At safepoint: 7428 ns, Total: 68287 ns
[2020-02-29T05:06:36.852+0000][1][safepoint    ] Safepoint "RevokeBias", Time since last: 523098199 ns, Reaching safepoint: 73663 ns, At safepoint: 16905 ns, Total: 90568 ns
[2020-02-29T05:06:37.853+0000][1][safepoint    ] Safepoint "Cleanup", Time since last: 1000939073 ns, Reaching safepoint: 92089 ns, At safepoint: 9580 ns, Total: 101669 ns
[2020-02-29T05:06:38.854+0000][1][safepoint    ] Safepoint "Cleanup", Time since last: 1000652239 ns, Reaching safepoint: 80491 ns, At safepoint: 8628 ns, Total: 89119 ns
[2020-02-29T05:06:39.375+0000][1][safepoint    ] Safepoint "RevokeBias", Time since last: 521179644 ns, Reaching safepoint: 56977 ns, At safepoint: 34605 ns, Total: 91582 ns
[2020-02-29T05:06:40.380+0000][1][safepoint    ] Safepoint "Cleanup", Time since last: 1005229862 ns, Reaching safepoint: 62294 ns, At safepoint: 8158 ns, Total: 70452 ns
[2020-02-29T05:06:41.381+0000][1][safepoint    ] Safepoint "Cleanup", Time since last: 1000381475 ns, Reaching safepoint: 113782 ns, At safepoint: 6610 ns, Total: 120392 ns
[2020-02-29T05:06:41.895+0000][1][safepoint    ] Safepoint "RevokeBias", Time since last: 514196833 ns, Reaching safepoint: 104060 ns, At safepoint: 19178 ns, Total: 123238 ns
[2020-02-29T05:06:42.897+0000][1][safepoint    ] Safepoint "Cleanup", Time since last: 1002267216 ns, Reaching safepoint: 62013 ns, At safepoint: 7208 ns, Total: 69221 ns
[2020-02-29T05:06:43.898+0000][1][safepoint    ] Safepoint "Cleanup", Time since last: 1000856420 ns, Reaching safepoint: 66555 ns, At safepoint: 6932 ns, Total: 73487 ns
[2020-02-29T05:06:44.425+0000][1][safepoint    ] Safepoint "RevokeBias", Time since last: 526251194 ns, Reaching safepoint: 145689 ns, At safepoint: 54435 ns, Total: 200124 ns
[2020-02-29T05:06:45.426+0000][1][safepoint    ] Safepoint "Cleanup", Time since last: 1001044152 ns, Reaching safepoint: 139653 ns, At safepoint: 23785 ns, Total: 163438 ns
[2020-02-29T05:06:46.427+0000][1][safepoint    ] Safepoint "Cleanup", Time since last: 1000655571 ns, Reaching safepoint: 160485 ns, At safepoint: 26930 ns, Total: 187415 ns
[2020-02-29T05:06:46.945+0000][1][safepoint    ] Safepoint "RevokeBias", Time since last: 517792329 ns, Reaching safepoint: 59473 ns, At safepoint: 17924 ns, Total: 77397 ns
[2020-02-29T05:06:47.954+0000][1][safepoint    ] Safepoint "Cleanup", Time since last: 1009368272 ns, Reaching safepoint: 56886 ns, At safepoint: 5222 ns, Total: 62108 ns
[2020-02-29T05:06:48.958+0000][1][safepoint    ] Safepoint "Cleanup", Time since last: 1004106100 ns, Reaching safepoint: 134717 ns, At safepoint: 9141 ns, Total: 143858 ns
[2020-02-29T05:06:49.454+0000][1][safepoint    ] Safepoint "RevokeBias", Time since last: 494983246 ns, Reaching safepoint: 87504 ns, At safepoint: 20315 ns, Total: 107819 ns
[2020-02-29T05:06:50.454+0000][1][safepoint    ] Safepoint "Cleanup", Time since last: 1000197368 ns, Reaching safepoint: 89024 ns, At safepoint: 9546 ns, Total: 98570 ns
[2020-02-29T05:06:51.454+0000][1][safepoint    ] Safepoint "Cleanup", Time since last: 1000298417 ns, Reaching safepoint: 90814 ns, At safepoint: 8980 ns, Total: 99794 ns
[2020-02-29T05:06:51.974+0000][1][safepoint    ] Safepoint "RevokeBias", Time since last: 519364378 ns, Reaching safepoint: 57497 ns, At safepoint: 16718 ns, Total: 74215 ns
[2020-02-29T05:06:52.979+0000][1][safepoint    ] Safepoint "Cleanup", Time since last: 1005479016 ns, Reaching safepoint: 77500 ns, At safepoint: 7173 ns, Total: 84673 ns
[2020-02-29T05:06:53.986+0000][1][safepoint    ] Safepoint "Cleanup", Time since last: 1006934800 ns, Reaching safepoint: 58503 ns, At safepoint: 5735 ns, Total: 64238 ns
[2020-02-29T05:06:54.497+0000][1][safepoint    ] Safepoint "RevokeBias", Time since last: 511159881 ns, Reaching safepoint: 55517 ns, At safepoint: 15207 ns, Total: 70724 ns
[2020-02-29T05:06:55.500+0000][1][safepoint    ] Safepoint "Cleanup", Time since last: 1002344983 ns, Reaching safepoint: 60002 ns, At safepoint: 6837 ns, Total: 66839 ns
[2020-02-29T05:06:56.501+0000][1][safepoint    ] Safepoint "Cleanup", Time since last: 1000904882 ns, Reaching safepoint: 57372 ns, At safepoint: 5829 ns, Total: 63201 ns
[2020-02-29T05:06:57.004+0000][1][safepoint    ] Safepoint "RevokeBias", Time since last: 503206530 ns, Reaching safepoint: 145886 ns, At safepoint: 23219 ns, Total: 169105 ns
[2020-02-29T05:06:58.005+0000][1][safepoint    ] Safepoint "Cleanup", Time since last: 1000584604 ns, Reaching safepoint: 79054 ns, At safepoint: 8111 ns, Total: 87165 ns
[2020-02-29T05:06:59.005+0000][1][safepoint    ] Safepoint "Cleanup", Time since last: 1000504870 ns, Reaching safepoint: 83042 ns, At safepoint: 8870 ns, Total: 91912 ns
[2020-02-29T05:06:59.524+0000][1][safepoint    ] Safepoint "RevokeBias", Time since last: 518187358 ns, Reaching safepoint: 61841 ns, At safepoint: 16159 ns, Total: 78000 ns
[2020-02-29T05:07:00.525+0000][1][safepoint    ] Safepoint "Cleanup", Time since last: 1001519202 ns, Reaching safepoint: 63481 ns, At safepoint: 6790 ns, Total: 70271 ns
[2020-02-29T05:07:01.531+0000][1][safepoint    ] Safepoint "Cleanup", Time since last: 1005188211 ns, Reaching safepoint: 70651 ns, At safepoint: 5514 ns, Total: 76165 ns
[2020-02-29T05:07:02.045+0000][1][safepoint    ] Safepoint "RevokeBias", Time since last: 514106811 ns, Reaching safepoint: 54953 ns, At safepoint: 15847 ns, Total: 70800 ns
[2020-02-29T05:07:03.047+0000][1][safepoint    ] Safepoint "Cleanup", Time since last: 1002492548 ns, Reaching safepoint: 60987 ns, At safepoint: 6687 ns, Total: 67674 ns
[2020-02-29T05:07:04.048+0000][1][safepoint    ] Safepoint "Cleanup", Time since last: 1000671035 ns, Reaching safepoint: 79833 ns, At safepoint: 6442 ns, Total: 86275 ns
[2020-02-29T05:07:04.558+0000][1][safepoint    ] Safepoint "RevokeBias", Time since last: 509643792 ns, Reaching safepoint: 101854 ns, At safepoint: 35944 ns, Total: 137798 ns
[2020-02-29T05:07:05.559+0000][1][safepoint    ] Safepoint "Cleanup", Time since last: 1000592413 ns, Reaching safepoint: 94554 ns, At safepoint: 10328 ns, Total: 104882 ns
[2020-02-29T05:07:06.559+0000][1][safepoint    ] Safepoint "Cleanup", Time since last: 1000443808 ns, Reaching safepoint: 78726 ns, At safepoint: 7011 ns, Total: 85737 ns
[2020-02-29T05:07:07.079+0000][1][safepoint    ] Safepoint "RevokeBias", Time since last: 520024253 ns, Reaching safepoint: 56159 ns, At safepoint: 15638 ns, Total: 71797 ns
[2020-02-29T05:07:08.084+0000][1][safepoint    ] Safepoint "Cleanup", Time since last: 1004633365 ns, Reaching safepoint: 223009 ns, At safepoint: 24336 ns, Total: 247345 ns
[2020-02-29T05:07:09.088+0000][1][safepoint    ] Safepoint "Cleanup", Time since last: 1003982641 ns, Reaching safepoint: 59720 ns, At safepoint: 6404 ns, Total: 66124 ns
[2020-02-29T05:07:09.600+0000][1][safepoint    ] Safepoint "BulkRevokeBias", Time since last: 511983987 ns, Reaching safepoint: 53725 ns, At safepoint: 288265 ns, Total: 341990 ns
[2020-02-29T05:07:10.602+0000][1][safepoint    ] Safepoint "Cleanup", Time since last: 1001704647 ns, Reaching safepoint: 87730 ns, At safepoint: 6954 ns, Total: 94684 ns
[2020-02-29T05:07:11.608+0000][1][safepoint    ] Safepoint "Cleanup", Time since last: 1005917140 ns, Reaching safepoint: 56222 ns, At safepoint: 6089 ns, Total: 62311 ns
[2020-02-29T05:07:12.127+0000][1][safepoint    ] Safepoint "RevokeBias", Time since last: 518528466 ns, Reaching safepoint: 54559 ns, At safepoint: 15296 ns, Total: 69855 ns
[2020-02-29T05:07:13.133+0000][1][safepoint    ] Safepoint "Cleanup", Time since last: 1006291508 ns, Reaching safepoint: 63297 ns, At safepoint: 6688 ns, Total: 69985 ns
[2020-02-29T05:07:14.134+0000][1][safepoint    ] Safepoint "Cleanup", Time since last: 1000762470 ns, Reaching safepoint: 81832 ns, At safepoint: 7726 ns, Total: 89558 ns
[2020-02-29T05:07:14.648+0000][1][safepoint    ] Safepoint "RevokeBias", Time since last: 513450228 ns, Reaching safepoint: 56489 ns, At safepoint: 15134 ns, Total: 71623 ns
[2020-02-29T05:07:15.652+0000][1][safepoint    ] Safepoint "Cleanup", Time since last: 1004816068 ns, Reaching safepoint: 63850 ns, At safepoint: 7137 ns, Total: 70987 ns
[2020-02-29T05:07:16.655+0000][1][safepoint    ] Safepoint "Cleanup", Time since last: 1002853106 ns, Reaching safepoint: 77898 ns, At safepoint: 7035 ns, Total: 84933 ns
[2020-02-29T05:07:17.172+0000][1][safepoint    ] Safepoint "RevokeBias", Time since last: 516155505 ns, Reaching safepoint: 54549 ns, At safepoint: 15715 ns, Total: 70264 ns
[2020-02-29T05:07:18.179+0000][1][safepoint    ] Safepoint "Cleanup", Time since last: 1007657127 ns, Reaching safepoint: 62191 ns, At safepoint: 7329 ns, Total: 69520 ns
[2020-02-29T05:07:19.184+0000][1][safepoint    ] Safepoint "Cleanup", Time since last: 1004306475 ns, Reaching safepoint: 62010 ns, At safepoint: 7233 ns, Total: 69243 ns
[2020-02-29T05:07:19.701+0000][1][safepoint    ] Safepoint "RevokeBias", Time since last: 516725617 ns, Reaching safepoint: 73560 ns, At safepoint: 19813 ns, Total: 93373 ns
[2020-02-29T05:07:19.944+0000][1][gc,start     ] GC(40) Pause Young (Allocation Failure)
[2020-02-29T05:07:19.944+0000][1][gc,task      ] GC(40) Using 1 workers of 1 for evacuation
[2020-02-29T05:07:19.953+0000][1][gc,age       ] GC(40) Desired survivor size 4358144 bytes, new threshold 6 (max threshold 6)
[2020-02-29T05:07:19.953+0000][1][gc,age       ] GC(40) Age table with threshold 6 (max threshold 6)
[2020-02-29T05:07:19.953+0000][1][gc,age       ] GC(40) - age   1:      13264 bytes,      13264 total
[2020-02-29T05:07:19.953+0000][1][gc,age       ] GC(40) - age   2:       2528 bytes,      15792 total
[2020-02-29T05:07:19.953+0000][1][gc,age       ] GC(40) - age   3:       4048 bytes,      19840 total
[2020-02-29T05:07:19.953+0000][1][gc,age       ] GC(40) - age   4:       2936 bytes,      22776 total
[2020-02-29T05:07:19.953+0000][1][gc,age       ] GC(40) - age   5:       2968 bytes,      25744 total
[2020-02-29T05:07:19.953+0000][1][gc,age       ] GC(40) - age   6:       1280 bytes,      27024 total
[2020-02-29T05:07:19.954+0000][1][gc,heap      ] GC(40) ParNew: 68209K->34K(76672K)
[2020-02-29T05:07:19.954+0000][1][gc,heap      ] GC(40) CMS: 62494K->62497K(963392K)
[2020-02-29T05:07:19.954+0000][1][gc,metaspace ] GC(40) Metaspace: 79210K->79210K(1122304K)
[2020-02-29T05:07:19.954+0000][1][gc           ] GC(40) Pause Young (Allocation Failure) 127M->61M(1015M) 9.254ms
[2020-02-29T05:07:19.954+0000][1][gc,cpu       ] GC(40) User=0.01s Sys=0.00s Real=0.01s
[2020-02-29T05:07:19.954+0000][1][safepoint    ] Safepoint "GenCollectForAllocation", Time since last: 243643807 ns, Reaching safepoint: 108907 ns, At safepoint: 9307548 ns, Total: 9416455 ns
[2020-02-29T05:07:20.964+0000][1][safepoint    ] Safepoint "Cleanup", Time since last: 1010231466 ns, Reaching safepoint: 61994 ns, At safepoint: 6997 ns, Total: 68991 ns
[2020-02-29T05:07:21.967+0000][1][safepoint    ] Safepoint "Cleanup", Time since last: 1002921382 ns, Reaching safepoint: 58896 ns, At safepoint: 5935 ns, Total: 64831 ns
[2020-02-29T05:07:22.206+0000][1][safepoint    ] Safepoint "RevokeBias", Time since last: 239226558 ns, Reaching safepoint: 136695 ns, At safepoint: 39866 ns, Total: 176561 ns
[2020-02-29T05:07:23.211+0000][1][safepoint    ] Safepoint "Cleanup", Time since last: 1004733203 ns, Reaching safepoint: 73450 ns, At safepoint: 6203 ns, Total: 79653 ns
[2020-02-29T05:07:24.212+0000][1][safepoint    ] Safepoint "Cleanup", Time since last: 1001002582 ns, Reaching safepoint: 75028 ns, At safepoint: 5946 ns, Total: 80974 ns
[2020-02-29T05:07:24.733+0000][1][safepoint    ] Safepoint "RevokeBias", Time since last: 520430576 ns, Reaching safepoint: 102124 ns, At safepoint: 59495 ns, Total: 161619 ns
[2020-02-29T05:07:25.736+0000][1][safepoint    ] Safepoint "Cleanup", Time since last: 1003569226 ns, Reaching safepoint: 126884 ns, At safepoint: 20505 ns, Total: 147389 ns
[2020-02-29T05:07:26.737+0000][1][safepoint    ] Safepoint "Cleanup", Time since last: 1000760323 ns, Reaching safepoint: 176361 ns, At safepoint: 27567 ns, Total: 203928 ns
[2020-02-29T05:07:27.246+0000][1][safepoint    ] Safepoint "RevokeBias", Time since last: 508658195 ns, Reaching safepoint: 55827 ns, At safepoint: 15647 ns, Total: 71474 ns
[2020-02-29T05:07:28.250+0000][1][safepoint    ] Safepoint "Cleanup", Time since last: 1003886700 ns, Reaching safepoint: 73988 ns, At safepoint: 5885 ns, Total: 79873 ns
[2020-02-29T05:07:29.251+0000][1][safepoint    ] Safepoint "Cleanup", Time since last: 1000994335 ns, Reaching safepoint: 75165 ns, At safepoint: 6595 ns, Total: 81760 ns
[2020-02-29T05:07:29.758+0000][1][safepoint    ] Safepoint "RevokeBias", Time since last: 506839536 ns, Reaching safepoint: 57643 ns, At safepoint: 16722 ns, Total: 74365 ns
[2020-02-29T05:07:30.759+0000][1][safepoint    ] Safepoint "Cleanup", Time since last: 1000628762 ns, Reaching safepoint: 59634 ns, At safepoint: 33939 ns, Total: 93573 ns
[2020-02-29T05:07:31.842+0000][1][safepoint    ] Safepoint "Cleanup", Time since last: 1083072089 ns, Reaching safepoint: 61204 ns, At safepoint: 6406 ns, Total: 67610 ns
[2020-02-29T05:07:32.280+0000][1][safepoint    ] Safepoint "RevokeBias", Time since last: 437712087 ns, Reaching safepoint: 76729 ns, At safepoint: 18446 ns, Total: 95175 ns
[2020-02-29T05:07:33.281+0000][1][safepoint    ] Safepoint "Cleanup", Time since last: 1001080243 ns, Reaching safepoint: 93915 ns, At safepoint: 6814 ns, Total: 100729 ns
[2020-02-29T05:07:34.285+0000][1][safepoint    ] Safepoint "Cleanup", Time since last: 1003934469 ns, Reaching safepoint: 81313 ns, At safepoint: 7460 ns, Total: 88773 ns
[2020-02-29T05:07:34.796+0000][1][safepoint    ] Safepoint "RevokeBias", Time since last: 510988840 ns, Reaching safepoint: 75645 ns, At safepoint: 17806 ns, Total: 93451 ns
[2020-02-29T05:07:35.797+0000][1][safepoint    ] Safepoint "Cleanup", Time since last: 1000576536 ns, Reaching safepoint: 78823 ns, At safepoint: 7521 ns, Total: 86344 ns
[2020-02-29T05:07:36.800+0000][1][safepoint    ] Safepoint "Cleanup", Time since last: 1003210560 ns, Reaching safepoint: 113870 ns, At safepoint: 6527 ns, Total: 120397 ns
[2020-02-29T05:07:37.313+0000][1][safepoint    ] Safepoint "RevokeBias", Time since last: 513147439 ns, Reaching safepoint: 74631 ns, At safepoint: 17083 ns, Total: 91714 ns
[2020-02-29T05:07:38.324+0000][1][safepoint    ] Safepoint "Cleanup", Time since last: 1010676771 ns, Reaching safepoint: 77247 ns, At safepoint: 7174 ns, Total: 84421 ns
[2020-02-29T05:07:39.325+0000][1][safepoint    ] Safepoint "Cleanup", Time since last: 1000836060 ns, Reaching safepoint: 82055 ns, At safepoint: 8848 ns, Total: 90903 ns
[2020-02-29T05:07:39.839+0000][1][safepoint    ] Safepoint "RevokeBias", Time since last: 514144667 ns, Reaching safepoint: 74955 ns, At safepoint: 17779 ns, Total: 92734 ns
[2020-02-29T05:07:40.846+0000][1][safepoint    ] Safepoint "Cleanup", Time since last: 1006439725 ns, Reaching safepoint: 168278 ns, At safepoint: 26765 ns, Total: 195043 ns
[2020-02-29T05:07:41.847+0000][1][safepoint    ] Safepoint "Cleanup", Time since last: 1000998961 ns, Reaching safepoint: 165613 ns, At safepoint: 24865 ns, Total: 190478 ns
[2020-02-29T05:07:42.368+0000][1][safepoint    ] Safepoint "RevokeBias", Time since last: 520342819 ns, Reaching safepoint: 133512 ns, At safepoint: 31699 ns, Total: 165211 ns
[2020-02-29T05:07:43.378+0000][1][safepoint    ] Safepoint "Cleanup", Time since last: 1010090097 ns, Reaching safepoint: 75840 ns, At safepoint: 7425 ns, Total: 83265 ns
[2020-02-29T05:07:44.379+0000][1][safepoint    ] Safepoint "Cleanup", Time since last: 1001045994 ns, Reaching safepoint: 160888 ns, At safepoint: 7728 ns, Total: 168616 ns
[2020-02-29T05:07:44.889+0000][1][safepoint    ] Safepoint "RevokeBias", Time since last: 509842276 ns, Reaching safepoint: 75369 ns, At safepoint: 17760 ns, Total: 93129 ns
[2020-02-29T05:07:45.890+0000][1][safepoint    ] Safepoint "Cleanup", Time since last: 1001414369 ns, Reaching safepoint: 51731 ns, At safepoint: 4870 ns, Total: 56601 ns
[2020-02-29T05:07:46.891+0000][1][safepoint    ] Safepoint "Cleanup", Time since last: 1000082174 ns, Reaching safepoint: 85232 ns, At safepoint: 9307 ns, Total: 94539 ns
[2020-02-29T05:07:47.418+0000][1][safepoint    ] Safepoint "RevokeBias", Time since last: 526929636 ns, Reaching safepoint: 61355 ns, At safepoint: 18084 ns, Total: 79439 ns
[2020-02-29T05:07:48.419+0000][1][safepoint    ] Safepoint "Cleanup", Time since last: 1000917716 ns, Reaching safepoint: 61346 ns, At safepoint: 6712 ns, Total: 68058 ns
[2020-02-29T05:07:49.419+0000][1][safepoint    ] Safepoint "Cleanup", Time since last: 1000396782 ns, Reaching safepoint: 89108 ns, At safepoint: 6822 ns, Total: 95930 ns
[2020-02-29T05:07:49.927+0000][1][safepoint    ] Safepoint "RevokeBias", Time since last: 507521349 ns, Reaching safepoint: 81352 ns, At safepoint: 19204 ns, Total: 100556 ns
[2020-02-29T05:07:50.928+0000][1][safepoint    ] Safepoint "Cleanup", Time since last: 1000641557 ns, Reaching safepoint: 199539 ns, At safepoint: 27815 ns, Total: 227354 ns
[2020-02-29T05:07:51.938+0000][1][safepoint    ] Safepoint "Cleanup", Time since last: 1010630751 ns, Reaching safepoint: 56627 ns, At safepoint: 5437 ns, Total: 62064 ns
[2020-02-29T05:07:52.435+0000][1][safepoint    ] Safepoint "RevokeBias", Time since last: 496342457 ns, Reaching safepoint: 108887 ns, At safepoint: 31561 ns, Total: 140448 ns
[2020-02-29T05:07:53.436+0000][1][safepoint    ] Safepoint "Cleanup", Time since last: 1001189173 ns, Reaching safepoint: 67356 ns, At safepoint: 7254 ns, Total: 74610 ns
[2020-02-29T05:07:54.440+0000][1][safepoint    ] Safepoint "Cleanup", Time since last: 1004111838 ns, Reaching safepoint: 125233 ns, At safepoint: 21833 ns, Total: 147066 ns
[2020-02-29T05:07:54.965+0000][1][safepoint    ] Safepoint "RevokeBias", Time since last: 524966661 ns, Reaching safepoint: 107310 ns, At safepoint: 72299 ns, Total: 179609 ns
[2020-02-29T05:07:55.969+0000][1][safepoint    ] Safepoint "Cleanup", Time since last: 1003570384 ns, Reaching safepoint: 104678 ns, At safepoint: 6774 ns, Total: 111452 ns
[2020-02-29T05:07:56.978+0000][1][safepoint    ] Safepoint "Cleanup", Time since last: 1008816179 ns, Reaching safepoint: 78676 ns, At safepoint: 7177 ns, Total: 85853 ns
[2020-02-29T05:07:57.492+0000][1][safepoint    ] Safepoint "RevokeBias", Time since last: 514097170 ns, Reaching safepoint: 57164 ns, At safepoint: 17222 ns, Total: 74386 ns
[2020-02-29T05:07:58.493+0000][1][safepoint    ] Safepoint "Cleanup", Time since last: 1000296437 ns, Reaching safepoint: 90352 ns, At safepoint: 10125 ns, Total: 100477 ns
[2020-02-29T05:07:59.493+0000][1][safepoint    ] Safepoint "Cleanup", Time since last: 1000692729 ns, Reaching safepoint: 83168 ns, At safepoint: 9947 ns, Total: 93115 ns
[2020-02-29T05:08:00.014+0000][1][safepoint    ] Safepoint "RevokeBias", Time since last: 520272283 ns, Reaching safepoint: 93583 ns, At safepoint: 24264 ns, Total: 117847 ns
[2020-02-29T05:08:01.024+0000][1][safepoint    ] Safepoint "Cleanup", Time since last: 1010023070 ns, Reaching safepoint: 96546 ns, At safepoint: 8822 ns, Total: 105368 ns
[2020-02-29T05:08:02.025+0000][1][safepoint    ] Safepoint "Cleanup", Time since last: 1001276190 ns, Reaching safepoint: 62487 ns, At safepoint: 6724 ns, Total: 69211 ns
[2020-02-29T05:08:02.529+0000][1][safepoint    ] Safepoint "RevokeBias", Time since last: 503580961 ns, Reaching safepoint: 110136 ns, At safepoint: 19064 ns, Total: 129200 ns
[2020-02-29T05:08:03.533+0000][1][safepoint    ] Safepoint "Cleanup", Time since last: 1003941080 ns, Reaching safepoint: 78766 ns, At safepoint: 6820 ns, Total: 85586 ns
[2020-02-29T05:08:04.542+0000][1][safepoint    ] Safepoint "Cleanup", Time since last: 1008810731 ns, Reaching safepoint: 78009 ns, At safepoint: 7392 ns, Total: 85401 ns
[2020-02-29T05:08:05.040+0000][1][safepoint    ] Safepoint "RevokeBias", Time since last: 497987233 ns, Reaching safepoint: 125302 ns, At safepoint: 150060 ns, Total: 275362 ns
[2020-02-29T05:08:06.045+0000][1][safepoint    ] Safepoint "Cleanup", Time since last: 1005131457 ns, Reaching safepoint: 62221 ns, At safepoint: 7465 ns, Total: 69686 ns
[2020-02-29T05:08:07.050+0000][1][safepoint    ] Safepoint "Cleanup", Time since last: 1005051420 ns, Reaching safepoint: 61900 ns, At safepoint: 7199 ns, Total: 69099 ns
[2020-02-29T05:08:07.565+0000][1][safepoint    ] Safepoint "RevokeBias", Time since last: 514194800 ns, Reaching safepoint: 55078 ns, At safepoint: 16203 ns, Total: 71281 ns
[2020-02-29T05:08:08.955+0000][1][safepoint    ] Safepoint "Cleanup", Time since last: 1390116402 ns, Reaching safepoint: 98805 ns, At safepoint: 10088 ns, Total: 108893 ns
[2020-02-29T05:08:09.956+0000][1][safepoint    ] Safepoint "Cleanup", Time since last: 1000751106 ns, Reaching safepoint: 80856 ns, At safepoint: 9224 ns, Total: 90080 ns
[2020-02-29T05:08:10.090+0000][1][safepoint    ] Safepoint "RevokeBias", Time since last: 134649549 ns, Reaching safepoint: 72432 ns, At safepoint: 16354 ns, Total: 88786 ns
[2020-02-29T05:08:11.091+0000][1][safepoint    ] Safepoint "Cleanup", Time since last: 1000213618 ns, Reaching safepoint: 76354 ns, At safepoint: 7013 ns, Total: 83367 ns
[2020-02-29T05:08:12.091+0000][1][safepoint    ] Safepoint "Cleanup", Time since last: 1000522288 ns, Reaching safepoint: 86011 ns, At safepoint: 7771 ns, Total: 93782 ns
[2020-02-29T05:08:12.610+0000][1][safepoint    ] Safepoint "RevokeBias", Time since last: 518632729 ns, Reaching safepoint: 81381 ns, At safepoint: 17740 ns, Total: 99121 ns
[2020-02-29T05:08:13.614+0000][1][safepoint    ] Safepoint "Cleanup", Time since last: 1003772606 ns, Reaching safepoint: 154956 ns, At safepoint: 27311 ns, Total: 182267 ns
[2020-02-29T05:08:14.625+0000][1][safepoint    ] Safepoint "Cleanup", Time since last: 1010779355 ns, Reaching safepoint: 63719 ns, At safepoint: 7144 ns, Total: 70863 ns
[2020-02-29T05:08:15.130+0000][1][safepoint    ] Safepoint "RevokeBias", Time since last: 505425376 ns, Reaching safepoint: 58143 ns, At safepoint: 17323 ns, Total: 75466 ns
[2020-02-29T05:08:16.137+0000][1][safepoint    ] Safepoint "Cleanup", Time since last: 1006675907 ns, Reaching safepoint: 77497 ns, At safepoint: 7097 ns, Total: 84594 ns
[2020-02-29T05:08:17.141+0000][1][safepoint    ] Safepoint "Cleanup", Time since last: 1003981274 ns, Reaching safepoint: 106219 ns, At safepoint: 6907 ns, Total: 113126 ns
[2020-02-29T05:08:17.666+0000][1][safepoint    ] Safepoint "RevokeBias", Time since last: 524430311 ns, Reaching safepoint: 54658 ns, At safepoint: 15906 ns, Total: 70564 ns
[2020-02-29T05:08:18.673+0000][1][safepoint    ] Safepoint "Cleanup", Time since last: 1007454759 ns, Reaching safepoint: 59739 ns, At safepoint: 6876 ns, Total: 66615 ns
[2020-02-29T05:08:19.677+0000][1][safepoint    ] Safepoint "Cleanup", Time since last: 1003395034 ns, Reaching safepoint: 122935 ns, At safepoint: 28246 ns, Total: 151181 ns
[2020-02-29T05:08:20.181+0000][1][safepoint    ] Safepoint "RevokeBias", Time since last: 504423868 ns, Reaching safepoint: 55152 ns, At safepoint: 16386 ns, Total: 71538 ns
[2020-02-29T05:08:21.188+0000][1][safepoint    ] Safepoint "Cleanup", Time since last: 1006431622 ns, Reaching safepoint: 62950 ns, At safepoint: 7280 ns, Total: 70230 ns
[2020-02-29T05:08:22.193+0000][1][safepoint    ] Safepoint "Cleanup", Time since last: 1005361641 ns, Reaching safepoint: 61724 ns, At safepoint: 7965 ns, Total: 69689 ns
[2020-02-29T05:08:22.698+0000][1][safepoint    ] Safepoint "BulkRevokeBias", Time since last: 504301484 ns, Reaching safepoint: 72858 ns, At safepoint: 183916 ns, Total: 256774 ns
[2020-02-29T05:08:23.699+0000][1][safepoint    ] Safepoint "Cleanup", Time since last: 1000668933 ns, Reaching safepoint: 78370 ns, At safepoint: 6461 ns, Total: 84831 ns
[2020-02-29T05:08:24.707+0000][1][safepoint    ] Safepoint "Cleanup", Time since last: 1008507134 ns, Reaching safepoint: 56825 ns, At safepoint: 10029 ns, Total: 66854 ns
[2020-02-29T05:08:25.229+0000][1][safepoint    ] Safepoint "RevokeBias", Time since last: 521280751 ns, Reaching safepoint: 74468 ns, At safepoint: 17726 ns, Total: 92194 ns
[2020-02-29T05:08:26.234+0000][1][safepoint    ] Safepoint "Cleanup", Time since last: 1005644109 ns, Reaching safepoint: 76689 ns, At safepoint: 6830 ns, Total: 83519 ns
[2020-02-29T05:08:27.236+0000][1][safepoint    ] Safepoint "Cleanup", Time since last: 1001635468 ns, Reaching safepoint: 96817 ns, At safepoint: 7093 ns, Total: 103910 ns
[2020-02-29T05:08:27.749+0000][1][safepoint    ] Safepoint "RevokeBias", Time since last: 513224948 ns, Reaching safepoint: 53634 ns, At safepoint: 15919 ns, Total: 69553 ns
[2020-02-29T05:08:28.752+0000][1][safepoint    ] Safepoint "Cleanup", Time since last: 1002435025 ns, Reaching safepoint: 60512 ns, At safepoint: 6851 ns, Total: 67363 ns
[2020-02-29T05:08:29.752+0000][1][safepoint    ] Safepoint "Cleanup", Time since last: 1000498167 ns, Reaching safepoint: 84428 ns, At safepoint: 9688 ns, Total: 94116 ns
[2020-02-29T05:08:30.266+0000][1][safepoint    ] Safepoint "RevokeBias", Time since last: 513824028 ns, Reaching safepoint: 58933 ns, At safepoint: 15865 ns, Total: 74798 ns
[2020-02-29T05:08:31.274+0000][1][safepoint    ] Safepoint "Cleanup", Time since last: 1007602123 ns, Reaching safepoint: 77782 ns, At safepoint: 7317 ns, Total: 85099 ns
[2020-02-29T05:08:32.275+0000][1][safepoint    ] Safepoint "Cleanup", Time since last: 1001051145 ns, Reaching safepoint: 62223 ns, At safepoint: 7713 ns, Total: 69936 ns
[2020-02-29T05:08:32.782+0000][1][safepoint    ] Safepoint "RevokeBias", Time since last: 506457929 ns, Reaching safepoint: 74360 ns, At safepoint: 18331 ns, Total: 92691 ns
[2020-02-29T05:08:33.791+0000][1][safepoint    ] Safepoint "Cleanup", Time since last: 1009438865 ns, Reaching safepoint: 79313 ns, At safepoint: 7326 ns, Total: 86639 ns
[2020-02-29T05:08:34.792+0000][1][safepoint    ] Safepoint "Cleanup", Time since last: 1000531406 ns, Reaching safepoint: 94472 ns, At safepoint: 6686 ns, Total: 101158 ns
[2020-02-29T05:08:35.298+0000][1][safepoint    ] Safepoint "RevokeBias", Time since last: 506434405 ns, Reaching safepoint: 73894 ns, At safepoint: 49197 ns, Total: 123091 ns
[2020-02-29T05:08:36.299+0000][1][safepoint    ] Safepoint "Cleanup", Time since last: 1000271939 ns, Reaching safepoint: 76312 ns, At safepoint: 7599 ns, Total: 83911 ns
[2020-02-29T05:08:37.300+0000][1][safepoint    ] Safepoint "Cleanup", Time since last: 1001431634 ns, Reaching safepoint: 96869 ns, At safepoint: 27597 ns, Total: 124466 ns
[2020-02-29T05:08:37.817+0000][1][safepoint    ] Safepoint "RevokeBias", Time since last: 516122309 ns, Reaching safepoint: 146131 ns, At safepoint: 19307 ns, Total: 165438 ns
[2020-02-29T05:08:38.824+0000][1][safepoint    ] Safepoint "Cleanup", Time since last: 1007337421 ns, Reaching safepoint: 67600 ns, At safepoint: 7195 ns, Total: 74795 ns
[2020-02-29T05:08:39.826+0000][1][safepoint    ] Safepoint "Cleanup", Time since last: 1002447822 ns, Reaching safepoint: 60818 ns, At safepoint: 6937 ns, Total: 67755 ns
[2020-02-29T05:08:40.333+0000][1][safepoint    ] Safepoint "RevokeBias", Time since last: 506114866 ns, Reaching safepoint: 74333 ns, At safepoint: 17062 ns, Total: 91395 ns
[2020-02-29T05:08:41.334+0000][1][safepoint    ] Safepoint "Cleanup", Time since last: 1000777009 ns, Reaching safepoint: 218193 ns, At safepoint: 27426 ns, Total: 245619 ns
[2020-02-29T05:08:42.336+0000][1][safepoint    ] Safepoint "Cleanup", Time since last: 1001780227 ns, Reaching safepoint: 181337 ns, At safepoint: 8007 ns, Total: 189344 ns
[2020-02-29T05:08:42.850+0000][1][safepoint    ] Safepoint "RevokeBias", Time since last: 514134973 ns, Reaching safepoint: 56629 ns, At safepoint: 16344 ns, Total: 72973 ns
[2020-02-29T05:08:43.850+0000][1][safepoint    ] Safepoint "Cleanup", Time since last: 1000427699 ns, Reaching safepoint: 60932 ns, At safepoint: 6765 ns, Total: 67697 ns
[2020-02-29T05:08:44.851+0000][1][safepoint    ] Safepoint "Cleanup", Time since last: 1000796991 ns, Reaching safepoint: 62800 ns, At safepoint: 7320 ns, Total: 70120 ns
[2020-02-29T05:08:45.380+0000][1][safepoint    ] Safepoint "RevokeBias", Time since last: 528551612 ns, Reaching safepoint: 195890 ns, At safepoint: 45797 ns, Total: 241687 ns
[2020-02-29T05:08:46.385+0000][1][safepoint    ] Safepoint "Cleanup", Time since last: 1005250539 ns, Reaching safepoint: 107387 ns, At safepoint: 6968 ns, Total: 114355 ns
[2020-02-29T05:08:47.386+0000][1][safepoint    ] Safepoint "Cleanup", Time since last: 1000332023 ns, Reaching safepoint: 63460 ns, At safepoint: 7554 ns, Total: 71014 ns
[2020-02-29T05:08:47.904+0000][1][safepoint    ] Safepoint "RevokeBias", Time since last: 517991558 ns, Reaching safepoint: 54285 ns, At safepoint: 14640 ns, Total: 68925 ns
[2020-02-29T05:08:48.905+0000][1][safepoint    ] Safepoint "Cleanup", Time since last: 1000751785 ns, Reaching safepoint: 94053 ns, At safepoint: 10541 ns, Total: 104594 ns
[2020-02-29T05:08:49.905+0000][1][safepoint    ] Safepoint "Cleanup", Time since last: 1000330113 ns, Reaching safepoint: 82936 ns, At safepoint: 9473 ns, Total: 92409 ns
[2020-02-29T05:08:50.424+0000][1][safepoint    ] Safepoint "RevokeBias", Time since last: 518364238 ns, Reaching safepoint: 73714 ns, At safepoint: 17864 ns, Total: 91578 ns
[2020-02-29T05:08:51.427+0000][1][safepoint    ] Safepoint "Cleanup", Time since last: 1003479403 ns, Reaching safepoint: 93722 ns, At safepoint: 8638 ns, Total: 102360 ns
[2020-02-29T05:08:52.437+0000][1][safepoint    ] Safepoint "Cleanup", Time since last: 1009934905 ns, Reaching safepoint: 63023 ns, At safepoint: 7677 ns, Total: 70700 ns
[2020-02-29T05:08:52.944+0000][1][safepoint    ] Safepoint "RevokeBias", Time since last: 506764003 ns, Reaching safepoint: 56895 ns, At safepoint: 16658 ns, Total: 73553 ns
[2020-02-29T05:08:53.949+0000][1][safepoint    ] Safepoint "Cleanup", Time since last: 1004955959 ns, Reaching safepoint: 112859 ns, At safepoint: 7960 ns, Total: 120819 ns
[2020-02-29T05:08:54.957+0000][1][safepoint    ] Safepoint "Cleanup", Time since last: 1007962738 ns, Reaching safepoint: 136964 ns, At safepoint: 23004 ns, Total: 159968 ns
[2020-02-29T05:08:55.461+0000][1][safepoint    ] Safepoint "RevokeBias", Time since last: 503737598 ns, Reaching safepoint: 111526 ns, At safepoint: 17836 ns, Total: 129362 ns
[2020-02-29T05:08:56.469+0000][1][safepoint    ] Safepoint "Cleanup", Time since last: 1008016384 ns, Reaching safepoint: 62109 ns, At safepoint: 7232 ns, Total: 69341 ns
[2020-02-29T05:08:57.470+0000][1][safepoint    ] Safepoint "Cleanup", Time since last: 1000984063 ns, Reaching safepoint: 79921 ns, At safepoint: 7439 ns, Total: 87360 ns
[2020-02-29T05:08:57.987+0000][1][safepoint    ] Safepoint "RevokeBias", Time since last: 516211809 ns, Reaching safepoint: 55150 ns, At safepoint: 15733 ns, Total: 70883 ns
[2020-02-29T05:08:58.988+0000][1][safepoint    ] Safepoint "Cleanup", Time since last: 1001743285 ns, Reaching safepoint: 60516 ns, At safepoint: 6669 ns, Total: 67185 ns
[2020-02-29T05:08:59.991+0000][1][safepoint    ] Safepoint "Cleanup", Time since last: 1002628040 ns, Reaching safepoint: 78376 ns, At safepoint: 23448 ns, Total: 101824 ns
[2020-02-29T05:09:00.498+0000][1][safepoint    ] Safepoint "RevokeBias", Time since last: 505813269 ns, Reaching safepoint: 1230921 ns, At safepoint: 54489 ns, Total: 1285410 ns
[2020-02-29T05:09:01.499+0000][1][safepoint    ] Safepoint "Cleanup", Time since last: 1000258931 ns, Reaching safepoint: 89142 ns, At safepoint: 9047 ns, Total: 98189 ns
[2020-02-29T05:09:02.499+0000][1][safepoint    ] Safepoint "Cleanup", Time since last: 1000691632 ns, Reaching safepoint: 81291 ns, At safepoint: 8004 ns, Total: 89295 ns
[2020-02-29T05:09:03.009+0000][1][safepoint    ] Safepoint "RevokeBias", Time since last: 509934198 ns, Reaching safepoint: 75726 ns, At safepoint: 17468 ns, Total: 93194 ns
[2020-02-29T05:09:04.010+0000][1][safepoint    ] Safepoint "Cleanup", Time since last: 1000500080 ns, Reaching safepoint: 113425 ns, At safepoint: 7669 ns, Total: 121094 ns
[2020-02-29T05:09:05.011+0000][1][safepoint    ] Safepoint "Cleanup", Time since last: 1001212829 ns, Reaching safepoint: 58721 ns, At safepoint: 5690 ns, Total: 64411 ns
[2020-02-29T05:09:05.533+0000][1][safepoint    ] Safepoint "RevokeBias", Time since last: 522104557 ns, Reaching safepoint: 55323 ns, At safepoint: 32562 ns, Total: 87885 ns
[2020-02-29T05:09:06.537+0000][1][safepoint    ] Safepoint "Cleanup", Time since last: 1003912850 ns, Reaching safepoint: 124986 ns, At safepoint: 7213 ns, Total: 132199 ns
[2020-02-29T05:09:07.542+0000][1][safepoint    ] Safepoint "Cleanup", Time since last: 1004750029 ns, Reaching safepoint: 77997 ns, At safepoint: 7312 ns, Total: 85309 ns
[2020-02-29T05:09:08.060+0000][1][safepoint    ] Safepoint "RevokeBias", Time since last: 517207104 ns, Reaching safepoint: 54189 ns, At safepoint: 14970 ns, Total: 69159 ns
[2020-02-29T05:09:09.066+0000][1][safepoint    ] Safepoint "Cleanup", Time since last: 1006524109 ns, Reaching safepoint: 186174 ns, At safepoint: 7770 ns, Total: 193944 ns
[2020-02-29T05:09:10.068+0000][1][safepoint    ] Safepoint "Cleanup", Time since last: 1001497533 ns, Reaching safepoint: 278387 ns, At safepoint: 9162 ns, Total: 287549 ns
[2020-02-29T05:09:10.582+0000][1][safepoint    ] Safepoint "RevokeBias", Time since last: 513699841 ns, Reaching safepoint: 74954 ns, At safepoint: 17065 ns, Total: 92019 ns
[2020-02-29T05:09:11.586+0000][1][safepoint    ] Safepoint "Cleanup", Time since last: 1004411244 ns, Reaching safepoint: 61406 ns, At safepoint: 7548 ns, Total: 68954 ns
[2020-02-29T05:09:12.591+0000][1][safepoint    ] Safepoint "Cleanup", Time since last: 1004595661 ns, Reaching safepoint: 58255 ns, At safepoint: 5938 ns, Total: 64193 ns
[2020-02-29T05:09:13.094+0000][1][safepoint    ] Safepoint "RevokeBias", Time since last: 503272821 ns, Reaching safepoint: 75829 ns, At safepoint: 17327 ns, Total: 93156 ns
[2020-02-29T05:09:14.095+0000][1][safepoint    ] Safepoint "Cleanup", Time since last: 1000993179 ns, Reaching safepoint: 77875 ns, At safepoint: 6704 ns, Total: 84579 ns
[2020-02-29T05:09:15.100+0000][1][safepoint    ] Safepoint "Cleanup", Time since last: 1004678587 ns, Reaching safepoint: 62239 ns, At safepoint: 7224 ns, Total: 69463 ns
[2020-02-29T05:09:15.611+0000][1][safepoint    ] Safepoint "RevokeBias", Time since last: 510979423 ns, Reaching safepoint: 54262 ns, At safepoint: 32300 ns, Total: 86562 ns
[2020-02-29T05:09:16.612+0000][1][safepoint    ] Safepoint "Cleanup", Time since last: 1000882490 ns, Reaching safepoint: 168677 ns, At safepoint: 26938 ns, Total: 195615 ns
[2020-02-29T05:09:17.617+0000][1][safepoint    ] Safepoint "Cleanup", Time since last: 1005028788 ns, Reaching safepoint: 58852 ns, At safepoint: 19525 ns, Total: 78377 ns
[2020-02-29T05:09:18.135+0000][1][safepoint    ] Safepoint "RevokeBias", Time since last: 517330530 ns, Reaching safepoint: 57280 ns, At safepoint: 15676 ns, Total: 72956 ns
[2020-02-29T05:09:19.136+0000][1][safepoint    ] Safepoint "Cleanup", Time since last: 1001435977 ns, Reaching safepoint: 76858 ns, At safepoint: 6864 ns, Total: 83722 ns
[2020-02-29T05:09:20.141+0000][1][safepoint    ] Safepoint "Cleanup", Time since last: 1004269015 ns, Reaching safepoint: 96282 ns, At safepoint: 6992 ns, Total: 103274 ns
[2020-02-29T05:09:20.661+0000][1][safepoint    ] Safepoint "RevokeBias", Time since last: 520055177 ns, Reaching safepoint: 100780 ns, At safepoint: 19871 ns, Total: 120651 ns
[2020-02-29T05:09:21.662+0000][1][safepoint    ] Safepoint "Cleanup", Time since last: 1001290947 ns, Reaching safepoint: 78171 ns, At safepoint: 7274 ns, Total: 85445 ns
[2020-02-29T05:09:22.663+0000][1][safepoint    ] Safepoint "Cleanup", Time since last: 1000512683 ns, Reaching safepoint: 91936 ns, At safepoint: 10660 ns, Total: 102596 ns
[2020-02-29T05:09:23.188+0000][1][safepoint    ] Safepoint "RevokeBias", Time since last: 525357042 ns, Reaching safepoint: 56796 ns, At safepoint: 14487 ns, Total: 71283 ns
[2020-02-29T05:09:24.191+0000][1][safepoint    ] Safepoint "Cleanup", Time since last: 1002818250 ns, Reaching safepoint: 122273 ns, At safepoint: 25627 ns, Total: 147900 ns
[2020-02-29T05:09:25.194+0000][1][safepoint    ] Safepoint "Cleanup", Time since last: 1002958697 ns, Reaching safepoint: 71500 ns, At safepoint: 6052 ns, Total: 77552 ns
[2020-02-29T05:09:25.705+0000][1][safepoint    ] Safepoint "RevokeBias", Time since last: 510563313 ns, Reaching safepoint: 78601 ns, At safepoint: 16937 ns, Total: 95538 ns
[2020-02-29T05:09:26.705+0000][1][safepoint    ] Safepoint "Cleanup", Time since last: 1000187685 ns, Reaching safepoint: 81732 ns, At safepoint: 8774 ns, Total: 90506 ns
[2020-02-29T05:09:27.707+0000][1][safepoint    ] Safepoint "Cleanup", Time since last: 1001493607 ns, Reaching safepoint: 62024 ns, At safepoint: 7004 ns, Total: 69028 ns
[2020-02-29T05:09:28.220+0000][1][safepoint    ] Safepoint "RevokeBias", Time since last: 512576327 ns, Reaching safepoint: 54167 ns, At safepoint: 16519 ns, Total: 70686 ns
[2020-02-29T05:09:29.222+0000][1][safepoint    ] Safepoint "Cleanup", Time since last: 1002439941 ns, Reaching safepoint: 165328 ns, At safepoint: 24760 ns, Total: 190088 ns
[2020-02-29T05:09:30.223+0000][1][safepoint    ] Safepoint "Cleanup", Time since last: 1000896531 ns, Reaching safepoint: 64250 ns, At safepoint: 6995 ns, Total: 71245 ns
[2020-02-29T05:09:30.746+0000][1][safepoint    ] Safepoint "RevokeBias", Time since last: 523049294 ns, Reaching safepoint: 56163 ns, At safepoint: 16165 ns, Total: 72328 ns
[2020-02-29T05:09:31.747+0000][1][safepoint    ] Safepoint "Cleanup", Time since last: 1001046997 ns, Reaching safepoint: 63946 ns, At safepoint: 7568 ns, Total: 71514 ns
[2020-02-29T05:09:32.748+0000][1][safepoint    ] Safepoint "Cleanup", Time since last: 1000720383 ns, Reaching safepoint: 76223 ns, At safepoint: 7232 ns, Total: 83455 ns
[2020-02-29T05:09:33.294+0000][1][safepoint    ] Safepoint "RevokeBias", Time since last: 545862092 ns, Reaching safepoint: 76695 ns, At safepoint: 19928 ns, Total: 96623 ns
[2020-02-29T05:09:34.299+0000][1][safepoint    ] Safepoint "Cleanup", Time since last: 1004699067 ns, Reaching safepoint: 77675 ns, At safepoint: 7139 ns, Total: 84814 ns
[2020-02-29T05:09:35.301+0000][1][safepoint    ] Safepoint "Cleanup", Time since last: 1002219830 ns, Reaching safepoint: 92880 ns, At safepoint: 7554 ns, Total: 100434 ns
[2020-02-29T05:09:35.811+0000][1][safepoint    ] Safepoint "BulkRevokeBias", Time since last: 509775089 ns, Reaching safepoint: 55244 ns, At safepoint: 139000 ns, Total: 194244 ns
[2020-02-29T05:09:36.814+0000][1][safepoint    ] Safepoint "Cleanup", Time since last: 1002788409 ns, Reaching safepoint: 58720 ns, At safepoint: 6705 ns, Total: 65425 ns
[2020-02-29T05:09:37.817+0000][1][safepoint    ] Safepoint "Cleanup", Time since last: 1002853932 ns, Reaching safepoint: 178257 ns, At safepoint: 7617 ns, Total: 185874 ns
[2020-02-29T05:09:38.336+0000][1][safepoint    ] Safepoint "RevokeBias", Time since last: 518893283 ns, Reaching safepoint: 75158 ns, At safepoint: 17596 ns, Total: 92754 ns
[2020-02-29T05:09:39.347+0000][1][safepoint    ] Safepoint "Cleanup", Time since last: 1010781258 ns, Reaching safepoint: 221071 ns, At safepoint: 28479 ns, Total: 249550 ns
[2020-02-29T05:09:40.053+0000][1][gc,start     ] GC(41) Pause Young (Allocation Failure)
[2020-02-29T05:09:40.053+0000][1][gc,task      ] GC(41) Using 1 workers of 1 for evacuation
[2020-02-29T05:09:40.062+0000][1][gc,age       ] GC(41) Desired survivor size 4358144 bytes, new threshold 6 (max threshold 6)
[2020-02-29T05:09:40.062+0000][1][gc,age       ] GC(41) Age table with threshold 6 (max threshold 6)
[2020-02-29T05:09:40.062+0000][1][gc,age       ] GC(41) - age   1:      18344 bytes,      18344 total
[2020-02-29T05:09:40.062+0000][1][gc,age       ] GC(41) - age   2:       1376 bytes,      19720 total
[2020-02-29T05:09:40.062+0000][1][gc,age       ] GC(41) - age   3:       2528 bytes,      22248 total
[2020-02-29T05:09:40.062+0000][1][gc,age       ] GC(41) - age   4:       4048 bytes,      26296 total
[2020-02-29T05:09:40.062+0000][1][gc,age       ] GC(41) - age   5:       2816 bytes,      29112 total
[2020-02-29T05:09:40.062+0000][1][gc,age       ] GC(41) - age   6:       2968 bytes,      32080 total
[2020-02-29T05:09:40.062+0000][1][gc,heap      ] GC(41) ParNew: 68194K->48K(76672K)
[2020-02-29T05:09:40.062+0000][1][gc,heap      ] GC(41) CMS: 62497K->62499K(963392K)
[2020-02-29T05:09:40.062+0000][1][gc,metaspace ] GC(41) Metaspace: 79234K->79234K(1122304K)
[2020-02-29T05:09:40.062+0000][1][gc           ] GC(41) Pause Young (Allocation Failure) 127M->61M(1015M) 9.199ms
[2020-02-29T05:09:40.062+0000][1][gc,cpu       ] GC(41) User=0.01s Sys=0.00s Real=0.01s
[2020-02-29T05:09:40.062+0000][1][safepoint    ] Safepoint "GenCollectForAllocation", Time since last: 705386905 ns, Reaching safepoint: 99863 ns, At safepoint: 9270701 ns, Total: 9370564 ns
[2020-02-29T05:09:40.855+0000][1][safepoint    ] Safepoint "RevokeBias", Time since last: 793386559 ns, Reaching safepoint: 56954 ns, At safepoint: 15990 ns, Total: 72944 ns
[2020-02-29T05:09:41.860+0000][1][safepoint    ] Safepoint "Cleanup", Time since last: 1004553870 ns, Reaching safepoint: 61868 ns, At safepoint: 7193 ns, Total: 69061 ns
[2020-02-29T05:09:42.864+0000][1][safepoint    ] Safepoint "Cleanup", Time since last: 1004050130 ns, Reaching safepoint: 62880 ns, At safepoint: 7801 ns, Total: 70681 ns
[2020-02-29T05:09:43.371+0000][1][safepoint    ] Safepoint "RevokeBias", Time since last: 507311194 ns, Reaching safepoint: 80804 ns, At safepoint: 18683 ns, Total: 99487 ns
[2020-02-29T05:09:44.372+0000][1][safepoint    ] Safepoint "Cleanup", Time since last: 1000289423 ns, Reaching safepoint: 102154 ns, At safepoint: 8172 ns, Total: 110326 ns
[2020-02-29T05:09:45.372+0000][1][safepoint    ] Safepoint "Cleanup", Time since last: 1000530874 ns, Reaching safepoint: 80002 ns, At safepoint: 8680 ns, Total: 88682 ns
[2020-02-29T05:09:45.882+0000][1][safepoint    ] Safepoint "RevokeBias", Time since last: 509748384 ns, Reaching safepoint: 130668 ns, At safepoint: 36677 ns, Total: 167345 ns
[2020-02-29T05:09:46.887+0000][1][safepoint    ] Safepoint "Cleanup", Time since last: 1004676109 ns, Reaching safepoint: 80095 ns, At safepoint: 7703 ns, Total: 87798 ns
[2020-02-29T05:09:47.893+0000][1][safepoint    ] Safepoint "Cleanup", Time since last: 1005889254 ns, Reaching safepoint: 168899 ns, At safepoint: 23952 ns, Total: 192851 ns
[2020-02-29T05:09:48.396+0000][1][safepoint    ] Safepoint "RevokeBias", Time since last: 502491322 ns, Reaching safepoint: 77454 ns, At safepoint: 18431 ns, Total: 95885 ns
[2020-02-29T05:09:49.396+0000][1][safepoint    ] Safepoint "Cleanup", Time since last: 1000161026 ns, Reaching safepoint: 65218 ns, At safepoint: 7155 ns, Total: 72373 ns
[2020-02-29T05:09:50.401+0000][1][safepoint    ] Safepoint "Cleanup", Time since last: 1004629912 ns, Reaching safepoint: 80410 ns, At safepoint: 7760 ns, Total: 88170 ns
[2020-02-29T05:09:50.921+0000][1][safepoint    ] Safepoint "RevokeBias", Time since last: 520459142 ns, Reaching safepoint: 54408 ns, At safepoint: 15271 ns, Total: 69679 ns
[2020-02-29T05:09:51.922+0000][1][safepoint    ] Safepoint "Cleanup", Time since last: 1000560410 ns, Reaching safepoint: 92375 ns, At safepoint: 9326 ns, Total: 101701 ns
[2020-02-29T05:09:52.923+0000][1][safepoint    ] Safepoint "Cleanup", Time since last: 1000669557 ns, Reaching safepoint: 85665 ns, At safepoint: 9393 ns, Total: 95058 ns
[2020-02-29T05:09:53.450+0000][1][safepoint    ] Safepoint "RevokeBias", Time since last: 527526719 ns, Reaching safepoint: 76291 ns, At safepoint: 17355 ns, Total: 93646 ns
[2020-02-29T05:09:54.458+0000][1][safepoint    ] Safepoint "Cleanup", Time since last: 1008011762 ns, Reaching safepoint: 63215 ns, At safepoint: 7868 ns, Total: 71083 ns
[2020-02-29T05:09:55.462+0000][1][safepoint    ] Safepoint "Cleanup", Time since last: 1003394441 ns, Reaching safepoint: 61460 ns, At safepoint: 7149 ns, Total: 68609 ns
[2020-02-29T05:09:55.967+0000][1][safepoint    ] Safepoint "RevokeBias", Time since last: 505090658 ns, Reaching safepoint: 75738 ns, At safepoint: 18143 ns, Total: 93881 ns
[2020-02-29T05:09:56.971+0000][1][safepoint    ] Safepoint "Cleanup", Time since last: 1003527683 ns, Reaching safepoint: 59561 ns, At safepoint: 7053 ns, Total: 66614 ns
[2020-02-29T05:09:57.972+0000][1][safepoint    ] Safepoint "Cleanup", Time since last: 1000708194 ns, Reaching safepoint: 169708 ns, At safepoint: 6442 ns, Total: 176150 ns
[2020-02-29T05:09:58.483+0000][1][safepoint    ] Safepoint "RevokeBias", Time since last: 511528389 ns, Reaching safepoint: 54269 ns, At safepoint: 15854 ns, Total: 70123 ns
[2020-02-29T05:09:59.484+0000][1][safepoint    ] Safepoint "Cleanup", Time since last: 1000539279 ns, Reaching safepoint: 92956 ns, At safepoint: 7558 ns, Total: 100514 ns
[2020-02-29T05:10:00.487+0000][1][safepoint    ] Safepoint "Cleanup", Time since last: 1003030069 ns, Reaching safepoint: 64086 ns, At safepoint: 6955 ns, Total: 71041 ns
[2020-02-29T05:10:01.023+0000][1][safepoint    ] Safepoint "RevokeBias", Time since last: 535489423 ns, Reaching safepoint: 79464 ns, At safepoint: 19579 ns, Total: 99043 ns
[2020-02-29T05:10:02.028+0000][1][safepoint    ] Safepoint "Cleanup", Time since last: 1005133922 ns, Reaching safepoint: 68363 ns, At safepoint: 7027 ns, Total: 75390 ns
[2020-02-29T05:10:03.031+0000][1][safepoint    ] Safepoint "Cleanup", Time since last: 1003490567 ns, Reaching safepoint: 59567 ns, At safepoint: 6604 ns, Total: 66171 ns
[2020-02-29T05:10:03.530+0000][1][safepoint    ] Safepoint "RevokeBias", Time since last: 498967763 ns, Reaching safepoint: 94595 ns, At safepoint: 42037 ns, Total: 136632 ns
[2020-02-29T05:10:04.531+0000][1][safepoint    ] Safepoint "Cleanup", Time since last: 1000330018 ns, Reaching safepoint: 89714 ns, At safepoint: 9425 ns, Total: 99139 ns
[2020-02-29T05:10:05.531+0000][1][safepoint    ] Safepoint "Cleanup", Time since last: 1000195750 ns, Reaching safepoint: 81684 ns, At safepoint: 7818 ns, Total: 89502 ns
[2020-02-29T05:10:06.042+0000][1][safepoint    ] Safepoint "RevokeBias", Time since last: 511144245 ns, Reaching safepoint: 55106 ns, At safepoint: 16437 ns, Total: 71543 ns
[2020-02-29T05:10:07.045+0000][1][safepoint    ] Safepoint "Cleanup", Time since last: 1002496263 ns, Reaching safepoint: 59231 ns, At safepoint: 6748 ns, Total: 65979 ns
[2020-02-29T05:10:08.052+0000][1][safepoint    ] Safepoint "Cleanup", Time since last: 1006924360 ns, Reaching safepoint: 101329 ns, At safepoint: 13449 ns, Total: 114778 ns
[2020-02-29T05:10:08.570+0000][1][safepoint    ] Safepoint "RevokeBias", Time since last: 517722140 ns, Reaching safepoint: 73929 ns, At safepoint: 16976 ns, Total: 90905 ns
[2020-02-29T05:10:09.575+0000][1][safepoint    ] Safepoint "Cleanup", Time since last: 1004963511 ns, Reaching safepoint: 66294 ns, At safepoint: 7117 ns, Total: 73411 ns
[2020-02-29T05:10:10.578+0000][1][safepoint    ] Safepoint "Cleanup", Time since last: 1003524668 ns, Reaching safepoint: 64334 ns, At safepoint: 7094 ns, Total: 71428 ns
[2020-02-29T05:10:11.088+0000][1][safepoint    ] Safepoint "RevokeBias", Time since last: 509911493 ns, Reaching safepoint: 70260 ns, At safepoint: 17355 ns, Total: 87615 ns
[2020-02-29T05:10:12.090+0000][1][safepoint    ] Safepoint "Cleanup", Time since last: 1001971569 ns, Reaching safepoint: 75019 ns, At safepoint: 6535 ns, Total: 81554 ns
[2020-02-29T05:10:13.091+0000][1][safepoint    ] Safepoint "Cleanup", Time since last: 1000629261 ns, Reaching safepoint: 92274 ns, At safepoint: 9317 ns, Total: 101591 ns
[2020-02-29T05:10:13.618+0000][1][safepoint    ] Safepoint "RevokeBias", Time since last: 526705053 ns, Reaching safepoint: 103479 ns, At safepoint: 20711 ns, Total: 124190 ns
[2020-02-29T05:10:14.620+0000][1][safepoint    ] Safepoint "Cleanup", Time since last: 1002329467 ns, Reaching safepoint: 91525 ns, At safepoint: 7069 ns, Total: 98594 ns
[2020-02-29T05:10:15.626+0000][1][safepoint    ] Safepoint "Cleanup", Time since last: 1005333005 ns, Reaching safepoint: 61590 ns, At safepoint: 6852 ns, Total: 68442 ns
[2020-02-29T05:10:16.126+0000][1][safepoint    ] Safepoint "RevokeBias", Time since last: 500266182 ns, Reaching safepoint: 79681 ns, At safepoint: 19645 ns, Total: 99326 ns
[2020-02-29T05:10:17.128+0000][1][safepoint    ] Safepoint "Cleanup", Time since last: 1001180031 ns, Reaching safepoint: 193022 ns, At safepoint: 8586 ns, Total: 201608 ns
[2020-02-29T05:10:18.131+0000][1][safepoint    ] Safepoint "Cleanup", Time since last: 1003789656 ns, Reaching safepoint: 62949 ns, At safepoint: 6588 ns, Total: 69537 ns
[2020-02-29T05:10:18.639+0000][1][safepoint    ] Safepoint "RevokeBias", Time since last: 507492554 ns, Reaching safepoint: 53831 ns, At safepoint: 14585 ns, Total: 68416 ns
[2020-02-29T05:10:19.643+0000][1][safepoint    ] Safepoint "Cleanup", Time since last: 1004254218 ns, Reaching safepoint: 208601 ns, At safepoint: 26365 ns, Total: 234966 ns
[2020-02-29T05:10:20.645+0000][1][safepoint    ] Safepoint "Cleanup", Time since last: 1001321667 ns, Reaching safepoint: 62644 ns, At safepoint: 7501 ns, Total: 70145 ns
[2020-02-29T05:10:21.159+0000][1][safepoint    ] Safepoint "RevokeBias", Time since last: 514359301 ns, Reaching safepoint: 56665 ns, At safepoint: 15690 ns, Total: 72355 ns
[2020-02-29T05:10:22.161+0000][1][safepoint    ] Safepoint "Cleanup", Time since last: 1001097088 ns, Reaching safepoint: 166734 ns, At safepoint: 26122 ns, Total: 192856 ns
[2020-02-29T05:10:23.162+0000][1][safepoint    ] Safepoint "Cleanup", Time since last: 1001309029 ns, Reaching safepoint: 77568 ns, At safepoint: 8996 ns, Total: 86564 ns
[2020-02-29T05:10:23.686+0000][1][safepoint    ] Safepoint "RevokeBias", Time since last: 523755349 ns, Reaching safepoint: 57067 ns, At safepoint: 16022 ns, Total: 73089 ns
[2020-02-29T05:10:24.694+0000][1][safepoint    ] Safepoint "Cleanup", Time since last: 1008299003 ns, Reaching safepoint: 61952 ns, At safepoint: 7395 ns, Total: 69347 ns
[2020-02-29T05:10:25.696+0000][1][safepoint    ] Safepoint "Cleanup", Time since last: 1002154573 ns, Reaching safepoint: 76082 ns, At safepoint: 6650 ns, Total: 82732 ns
[2020-02-29T05:10:26.211+0000][1][safepoint    ] Safepoint "RevokeBias", Time since last: 514398483 ns, Reaching safepoint: 77058 ns, At safepoint: 17888 ns, Total: 94946 ns
[2020-02-29T05:10:27.221+0000][1][safepoint    ] Safepoint "Cleanup", Time since last: 1009907159 ns, Reaching safepoint: 62379 ns, At safepoint: 7415 ns, Total: 69794 ns
[2020-02-29T05:10:28.222+0000][1][safepoint    ] Safepoint "Cleanup", Time since last: 1000822385 ns, Reaching safepoint: 78743 ns, At safepoint: 26584 ns, Total: 105327 ns
[2020-02-29T05:10:28.729+0000][1][safepoint    ] Safepoint "RevokeBias", Time since last: 507143730 ns, Reaching safepoint: 74447 ns, At safepoint: 17700 ns, Total: 92147 ns
[2020-02-29T05:10:29.729+0000][1][safepoint    ] Safepoint "Cleanup", Time since last: 1000297664 ns, Reaching safepoint: 85237 ns, At safepoint: 8721 ns, Total: 93958 ns
[2020-02-29T05:10:30.730+0000][1][safepoint    ] Safepoint "Cleanup", Time since last: 1000284510 ns, Reaching safepoint: 90691 ns, At safepoint: 9288 ns, Total: 99979 ns
[2020-02-29T05:10:31.239+0000][1][safepoint    ] Safepoint "RevokeBias", Time since last: 509271446 ns, Reaching safepoint: 79591 ns, At safepoint: 50672 ns, Total: 130263 ns
[2020-02-29T05:10:32.243+0000][1][safepoint    ] Safepoint "Cleanup", Time since last: 1004089790 ns, Reaching safepoint: 77601 ns, At safepoint: 7482 ns, Total: 85083 ns
[2020-02-29T05:10:33.248+0000][1][safepoint    ] Safepoint "Cleanup", Time since last: 1004763877 ns, Reaching safepoint: 61920 ns, At safepoint: 7083 ns, Total: 69003 ns
[2020-02-29T05:10:33.760+0000][1][safepoint    ] Safepoint "RevokeBias", Time since last: 511234075 ns, Reaching safepoint: 55084 ns, At safepoint: 16154 ns, Total: 71238 ns
[2020-02-29T05:10:35.421+0000][1][safepoint    ] Safepoint "Cleanup", Time since last: 1661698315 ns, Reaching safepoint: 114444 ns, At safepoint: 7275 ns, Total: 121719 ns
[2020-02-29T05:10:36.291+0000][1][safepoint    ] Safepoint "RevokeBias", Time since last: 869898741 ns, Reaching safepoint: 74956 ns, At safepoint: 17124 ns, Total: 92080 ns
[2020-02-29T05:10:37.294+0000][1][safepoint    ] Safepoint "Cleanup", Time since last: 1002868588 ns, Reaching safepoint: 116378 ns, At safepoint: 6723 ns, Total: 123101 ns
[2020-02-29T05:10:38.295+0000][1][safepoint    ] Safepoint "Cleanup", Time since last: 1000739831 ns, Reaching safepoint: 77125 ns, At safepoint: 7056 ns, Total: 84181 ns
[2020-02-29T05:10:38.817+0000][1][safepoint    ] Safepoint "RevokeBias", Time since last: 521605116 ns, Reaching safepoint: 80964 ns, At safepoint: 20550 ns, Total: 101514 ns
[2020-02-29T05:10:39.823+0000][1][safepoint    ] Safepoint "Cleanup", Time since last: 1006394223 ns, Reaching safepoint: 61537 ns, At safepoint: 7074 ns, Total: 68611 ns
[2020-02-29T05:10:40.831+0000][1][safepoint    ] Safepoint "Cleanup", Time since last: 1007505561 ns, Reaching safepoint: 79434 ns, At safepoint: 7519 ns, Total: 86953 ns
[2020-02-29T05:10:41.339+0000][1][safepoint    ] Safepoint "RevokeBias", Time since last: 507653942 ns, Reaching safepoint: 72669 ns, At safepoint: 17163 ns, Total: 89832 ns
[2020-02-29T05:10:42.342+0000][1][safepoint    ] Safepoint "Cleanup", Time since last: 1003344851 ns, Reaching safepoint: 78218 ns, At safepoint: 7080 ns, Total: 85298 ns
[2020-02-29T05:10:43.343+0000][1][safepoint    ] Safepoint "Cleanup", Time since last: 1000516434 ns, Reaching safepoint: 60954 ns, At safepoint: 7160 ns, Total: 68114 ns
[2020-02-29T05:10:43.863+0000][1][safepoint    ] Safepoint "RevokeBias", Time since last: 519758142 ns, Reaching safepoint: 182184 ns, At safepoint: 56139 ns, Total: 238323 ns
[2020-02-29T05:10:44.866+0000][1][safepoint    ] Safepoint "Cleanup", Time since last: 1003101266 ns, Reaching safepoint: 63624 ns, At safepoint: 7709 ns, Total: 71333 ns
[2020-02-29T05:10:45.871+0000][1][safepoint    ] Safepoint "Cleanup", Time since last: 1005074679 ns, Reaching safepoint: 78642 ns, At safepoint: 7492 ns, Total: 86134 ns
[2020-02-29T05:10:46.371+0000][1][safepoint    ] Safepoint "RevokeBias", Time since last: 500021442 ns, Reaching safepoint: 103305 ns, At safepoint: 19591 ns, Total: 122896 ns
[2020-02-29T05:10:47.372+0000][1][safepoint    ] Safepoint "Cleanup", Time since last: 1000988852 ns, Reaching safepoint: 94227 ns, At safepoint: 7062 ns, Total: 101289 ns
[2020-02-29T05:10:48.377+0000][1][safepoint    ] Safepoint "Cleanup", Time since last: 1004800731 ns, Reaching safepoint: 75338 ns, At safepoint: 7460 ns, Total: 82798 ns
[2020-02-29T05:10:48.896+0000][1][safepoint    ] Safepoint "BulkRevokeBias", Time since last: 518332084 ns, Reaching safepoint: 93699 ns, At safepoint: 268116 ns, Total: 361815 ns
[2020-02-29T05:10:49.906+0000][1][safepoint    ] Safepoint "Cleanup", Time since last: 1010191185 ns, Reaching safepoint: 60775 ns, At safepoint: 7404 ns, Total: 68179 ns
[2020-02-29T05:10:50.907+0000][1][safepoint    ] Safepoint "Cleanup", Time since last: 1000965844 ns, Reaching safepoint: 142005 ns, At safepoint: 21648 ns, Total: 163653 ns
[2020-02-29T05:10:51.418+0000][1][safepoint    ] Safepoint "RevokeBias", Time since last: 510419258 ns, Reaching safepoint: 100054 ns, At safepoint: 19040 ns, Total: 119094 ns
[2020-02-29T05:10:52.427+0000][1][safepoint    ] Safepoint "Cleanup", Time since last: 1009335340 ns, Reaching safepoint: 128714 ns, At safepoint: 7417 ns, Total: 136131 ns
[2020-02-29T05:10:53.433+0000][1][safepoint    ] Safepoint "Cleanup", Time since last: 1005977942 ns, Reaching safepoint: 61007 ns, At safepoint: 7466 ns, Total: 68473 ns
[2020-02-29T05:10:53.942+0000][1][safepoint    ] Safepoint "RevokeBias", Time since last: 508850561 ns, Reaching safepoint: 58786 ns, At safepoint: 16533 ns, Total: 75319 ns
[2020-02-29T05:10:54.943+0000][1][safepoint    ] Safepoint "Cleanup", Time since last: 1000639701 ns, Reaching safepoint: 95040 ns, At safepoint: 7210 ns, Total: 102250 ns
[2020-02-29T05:10:55.946+0000][1][safepoint    ] Safepoint "Cleanup", Time since last: 1002939466 ns, Reaching safepoint: 77534 ns, At safepoint: 6574 ns, Total: 84108 ns
[2020-02-29T05:10:56.466+0000][1][safepoint    ] Safepoint "RevokeBias", Time since last: 519802292 ns, Reaching safepoint: 90143 ns, At safepoint: 18532 ns, Total: 108675 ns
[2020-02-29T05:10:57.467+0000][1][safepoint    ] Safepoint "Cleanup", Time since last: 1000808370 ns, Reaching safepoint: 63500 ns, At safepoint: 7492 ns, Total: 70992 ns
[2020-02-29T05:10:58.476+0000][1][safepoint    ] Safepoint "Cleanup", Time since last: 1009467378 ns, Reaching safepoint: 62785 ns, At safepoint: 7762 ns, Total: 70547 ns
[2020-02-29T05:10:58.975+0000][1][safepoint    ] Safepoint "RevokeBias", Time since last: 498295338 ns, Reaching safepoint: 78548 ns, At safepoint: 17759 ns, Total: 96307 ns
[2020-02-29T05:10:59.980+0000][1][safepoint    ] Safepoint "Cleanup", Time since last: 1005424582 ns, Reaching safepoint: 57371 ns, At safepoint: 6902 ns, Total: 64273 ns
[2020-02-29T05:11:00.982+0000][1][safepoint    ] Safepoint "Cleanup", Time since last: 1002102120 ns, Reaching safepoint: 104630 ns, At safepoint: 7067 ns, Total: 111697 ns
[2020-02-29T05:11:01.479+0000][1][safepoint    ] Safepoint "RevokeBias", Time since last: 496312375 ns, Reaching safepoint: 114554 ns, At safepoint: 20953 ns, Total: 135507 ns
[2020-02-29T05:11:02.479+0000][1][safepoint    ] Safepoint "Cleanup", Time since last: 1000190612 ns, Reaching safepoint: 80105 ns, At safepoint: 7631 ns, Total: 87736 ns
[2020-02-29T05:11:03.480+0000][1][safepoint    ] Safepoint "Cleanup", Time since last: 1000406032 ns, Reaching safepoint: 77838 ns, At safepoint: 7796 ns, Total: 85634 ns
[2020-02-29T05:11:03.992+0000][1][safepoint    ] Safepoint "RevokeBias", Time since last: 512520317 ns, Reaching safepoint: 74282 ns, At safepoint: 17616 ns, Total: 91898 ns
[2020-02-29T05:11:04.994+0000][1][safepoint    ] Safepoint "Cleanup", Time since last: 1001962700 ns, Reaching safepoint: 74101 ns, At safepoint: 5666 ns, Total: 79767 ns
[2020-02-29T05:11:05.999+0000][1][safepoint    ] Safepoint "Cleanup", Time since last: 1004933351 ns, Reaching safepoint: 61359 ns, At safepoint: 7350 ns, Total: 68709 ns
[2020-02-29T05:11:06.511+0000][1][safepoint    ] Safepoint "RevokeBias", Time since last: 511526476 ns, Reaching safepoint: 73108 ns, At safepoint: 17422 ns, Total: 90530 ns
[2020-02-29T05:11:07.520+0000][1][safepoint    ] Safepoint "Cleanup", Time since last: 1009340656 ns, Reaching safepoint: 80155 ns, At safepoint: 7811 ns, Total: 87966 ns
[2020-02-29T05:11:08.522+0000][1][safepoint    ] Safepoint "Cleanup", Time since last: 1001816251 ns, Reaching safepoint: 60668 ns, At safepoint: 7588 ns, Total: 68256 ns
[2020-02-29T05:11:09.027+0000][1][safepoint    ] Safepoint "RevokeBias", Time since last: 504784689 ns, Reaching safepoint: 123228 ns, At safepoint: 23447 ns, Total: 146675 ns
[2020-02-29T05:11:10.030+0000][1][safepoint    ] Safepoint "Cleanup", Time since last: 1001710529 ns, Reaching safepoint: 895195 ns, At safepoint: 9164 ns, Total: 904359 ns
[2020-02-29T05:11:11.030+0000][1][safepoint    ] Safepoint "Cleanup", Time since last: 1000138704 ns, Reaching safepoint: 98295 ns, At safepoint: 9238 ns, Total: 107533 ns
[2020-02-29T05:11:11.541+0000][1][safepoint    ] Safepoint "RevokeBias", Time since last: 510887119 ns, Reaching safepoint: 78869 ns, At safepoint: 17096 ns, Total: 95965 ns
[2020-02-29T05:11:12.543+0000][1][safepoint    ] Safepoint "Cleanup", Time since last: 1002135871 ns, Reaching safepoint: 59905 ns, At safepoint: 7072 ns, Total: 66977 ns
[2020-02-29T05:11:13.546+0000][1][safepoint    ] Safepoint "Cleanup", Time since last: 1003038618 ns, Reaching safepoint: 64346 ns, At safepoint: 7352 ns, Total: 71698 ns
[2020-02-29T05:11:14.058+0000][1][safepoint    ] Safepoint "RevokeBias", Time since last: 512040875 ns, Reaching safepoint: 89528 ns, At safepoint: 21064 ns, Total: 110592 ns
[2020-02-29T05:11:15.063+0000][1][safepoint    ] Safepoint "Cleanup", Time since last: 1004305249 ns, Reaching safepoint: 93379 ns, At safepoint: 6348 ns, Total: 99727 ns
[2020-02-29T05:11:16.066+0000][1][safepoint    ] Safepoint "Cleanup", Time since last: 1003266637 ns, Reaching safepoint: 149989 ns, At safepoint: 10612 ns, Total: 160601 ns
[2020-02-29T05:11:16.576+0000][1][safepoint    ] Safepoint "RevokeBias", Time since last: 509556540 ns, Reaching safepoint: 74622 ns, At safepoint: 17778 ns, Total: 92400 ns
[2020-02-29T05:11:17.578+0000][1][safepoint    ] Safepoint "Cleanup", Time since last: 1001990786 ns, Reaching safepoint: 61465 ns, At safepoint: 6709 ns, Total: 68174 ns
[2020-02-29T05:11:18.579+0000][1][safepoint    ] Safepoint "Cleanup", Time since last: 1000975259 ns, Reaching safepoint: 80463 ns, At safepoint: 6703 ns, Total: 87166 ns
[2020-02-29T05:11:19.095+0000][1][safepoint    ] Safepoint "RevokeBias", Time since last: 516351237 ns, Reaching safepoint: 56227 ns, At safepoint: 15512 ns, Total: 71739 ns
[2020-02-29T05:11:20.100+0000][1][safepoint    ] Safepoint "Cleanup", Time since last: 1004820251 ns, Reaching safepoint: 62475 ns, At safepoint: 7464 ns, Total: 69939 ns
[2020-02-29T05:11:21.105+0000][1][safepoint    ] Safepoint "Cleanup", Time since last: 1004305158 ns, Reaching safepoint: 78559 ns, At safepoint: 7582 ns, Total: 86141 ns
[2020-02-29T05:11:21.606+0000][1][safepoint    ] Safepoint "RevokeBias", Time since last: 501565764 ns, Reaching safepoint: 87264 ns, At safepoint: 22164 ns, Total: 109428 ns
[2020-02-29T05:11:22.607+0000][1][safepoint    ] Safepoint "Cleanup", Time since last: 1000931144 ns, Reaching safepoint: 89162 ns, At safepoint: 8500 ns, Total: 97662 ns
[2020-02-29T05:11:23.609+0000][1][safepoint    ] Safepoint "Cleanup", Time since last: 1001012426 ns, Reaching safepoint: 73789 ns, At safepoint: 5367 ns, Total: 79156 ns
[2020-02-29T05:11:24.130+0000][1][safepoint    ] Safepoint "RevokeBias", Time since last: 520919916 ns, Reaching safepoint: 53480 ns, At safepoint: 15966 ns, Total: 69446 ns
[2020-02-29T05:11:25.131+0000][1][safepoint    ] Safepoint "Cleanup", Time since last: 1001818337 ns, Reaching safepoint: 63049 ns, At safepoint: 7290 ns, Total: 70339 ns
[2020-02-29T05:11:26.132+0000][1][safepoint    ] Safepoint "Cleanup", Time since last: 1000615336 ns, Reaching safepoint: 60815 ns, At safepoint: 6920 ns, Total: 67735 ns
[2020-02-29T05:11:26.658+0000][1][safepoint    ] Safepoint "RevokeBias", Time since last: 525877592 ns, Reaching safepoint: 53850 ns, At safepoint: 15748 ns, Total: 69598 ns
[2020-02-29T05:11:27.659+0000][1][safepoint    ] Safepoint "Cleanup", Time since last: 1000571996 ns, Reaching safepoint: 63717 ns, At safepoint: 7129 ns, Total: 70846 ns
[2020-02-29T05:11:28.660+0000][1][safepoint    ] Safepoint "Cleanup", Time since last: 1001336316 ns, Reaching safepoint: 77928 ns, At safepoint: 7148 ns, Total: 85076 ns
[2020-02-29T05:11:29.179+0000][1][safepoint    ] Safepoint "RevokeBias", Time since last: 518756437 ns, Reaching safepoint: 76819 ns, At safepoint: 20053 ns, Total: 96872 ns
[2020-02-29T05:11:30.188+0000][1][safepoint    ] Safepoint "Cleanup", Time since last: 1009321353 ns, Reaching safepoint: 109165 ns, At safepoint: 8083 ns, Total: 117248 ns
[2020-02-29T05:11:31.193+0000][1][safepoint    ] Safepoint "Cleanup", Time since last: 1004712373 ns, Reaching safepoint: 62556 ns, At safepoint: 7240 ns, Total: 69796 ns
[2020-02-29T05:11:31.694+0000][1][safepoint    ] Safepoint "RevokeBias", Time since last: 500310709 ns, Reaching safepoint: 53713 ns, At safepoint: 15807 ns, Total: 69520 ns
[2020-02-29T05:11:32.700+0000][1][safepoint    ] Safepoint "Cleanup", Time since last: 1006631206 ns, Reaching safepoint: 59647 ns, At safepoint: 7089 ns, Total: 66736 ns
[2020-02-29T05:11:33.710+0000][1][safepoint    ] Safepoint "Cleanup", Time since last: 1009793327 ns, Reaching safepoint: 75102 ns, At safepoint: 7717 ns, Total: 82819 ns
[2020-02-29T05:11:34.205+0000][1][safepoint    ] Safepoint "RevokeBias", Time since last: 494836422 ns, Reaching safepoint: 83063 ns, At safepoint: 20380 ns, Total: 103443 ns
[2020-02-29T05:11:35.206+0000][1][safepoint    ] Safepoint "Cleanup", Time since last: 1000610328 ns, Reaching safepoint: 89413 ns, At safepoint: 9636 ns, Total: 99049 ns
[2020-02-29T05:11:36.207+0000][1][safepoint    ] Safepoint "Cleanup", Time since last: 1000801458 ns, Reaching safepoint: 80696 ns, At safepoint: 7962 ns, Total: 88658 ns
[2020-02-29T05:11:36.725+0000][1][safepoint    ] Safepoint "RevokeBias", Time since last: 518746530 ns, Reaching safepoint: 74986 ns, At safepoint: 17285 ns, Total: 92271 ns
[2020-02-29T05:11:37.727+0000][1][safepoint    ] Safepoint "Cleanup", Time since last: 1001705543 ns, Reaching safepoint: 128744 ns, At safepoint: 6809 ns, Total: 135553 ns
[2020-02-29T05:11:38.994+0000][1][safepoint    ] Safepoint "Cleanup", Time since last: 1266549857 ns, Reaching safepoint: 100150 ns, At safepoint: 7920 ns, Total: 108070 ns
[2020-02-29T05:11:39.255+0000][1][safepoint    ] Safepoint "RevokeBias", Time since last: 260730907 ns, Reaching safepoint: 224677 ns, At safepoint: 56436 ns, Total: 281113 ns
[2020-02-29T05:11:40.263+0000][1][safepoint    ] Safepoint "Cleanup", Time since last: 1002093945 ns, Reaching safepoint: 6118401 ns, At safepoint: 8311 ns, Total: 6126712 ns
[2020-02-29T05:11:41.265+0000][1][safepoint    ] Safepoint "Cleanup", Time since last: 1001921597 ns, Reaching safepoint: 61295 ns, At safepoint: 7088 ns, Total: 68383 ns
[2020-02-29T05:11:41.776+0000][1][safepoint    ] Safepoint "RevokeBias", Time since last: 510818966 ns, Reaching safepoint: 56199 ns, At safepoint: 15645 ns, Total: 71844 ns
[2020-02-29T05:11:42.776+0000][1][safepoint    ] Safepoint "Cleanup", Time since last: 1000253712 ns, Reaching safepoint: 78842 ns, At safepoint: 6364 ns, Total: 85206 ns
[2020-02-29T05:11:43.777+0000][1][safepoint    ] Safepoint "Cleanup", Time since last: 1000458294 ns, Reaching safepoint: 86921 ns, At safepoint: 9144 ns, Total: 96065 ns
[2020-02-29T05:11:44.318+0000][1][safepoint    ] Safepoint "RevokeBias", Time since last: 540822206 ns, Reaching safepoint: 77699 ns, At safepoint: 17839 ns, Total: 95538 ns
[2020-02-29T05:11:45.324+0000][1][safepoint    ] Safepoint "Cleanup", Time since last: 1005697776 ns, Reaching safepoint: 76697 ns, At safepoint: 7316 ns, Total: 84013 ns
[2020-02-29T05:11:46.325+0000][1][safepoint    ] Safepoint "Cleanup", Time since last: 1001122388 ns, Reaching safepoint: 79895 ns, At safepoint: 7955 ns, Total: 87850 ns
[2020-02-29T05:11:46.827+0000][1][safepoint    ] Safepoint "RevokeBias", Time since last: 502436743 ns, Reaching safepoint: 81008 ns, At safepoint: 18680 ns, Total: 99688 ns
[2020-02-29T05:11:47.828+0000][1][safepoint    ] Safepoint "Cleanup", Time since last: 1000219655 ns, Reaching safepoint: 81517 ns, At safepoint: 8718 ns, Total: 90235 ns
[2020-02-29T05:11:48.834+0000][1][safepoint    ] Safepoint "Cleanup", Time since last: 1006515021 ns, Reaching safepoint: 149627 ns, At safepoint: 21576 ns, Total: 171203 ns
[2020-02-29T05:11:49.339+0000][1][safepoint    ] Safepoint "RevokeBias", Time since last: 504001368 ns, Reaching safepoint: 76730 ns, At safepoint: 17371 ns, Total: 94101 ns
[2020-02-29T05:11:50.342+0000][1][safepoint    ] Safepoint "Cleanup", Time since last: 1003639396 ns, Reaching safepoint: 83272 ns, At safepoint: 7690 ns, Total: 90962 ns
[2020-02-29T05:11:51.343+0000][1][safepoint    ] Safepoint "Cleanup", Time since last: 1000340597 ns, Reaching safepoint: 61259 ns, At safepoint: 6449 ns, Total: 67708 ns
[2020-02-29T05:11:51.850+0000][1][safepoint    ] Safepoint "RevokeBias", Time since last: 507590432 ns, Reaching safepoint: 73880 ns, At safepoint: 17655 ns, Total: 91535 ns
[2020-02-29T05:11:52.851+0000][1][safepoint    ] Safepoint "Cleanup", Time since last: 1000420266 ns, Reaching safepoint: 66451 ns, At safepoint: 7354 ns, Total: 73805 ns
[2020-02-29T05:11:53.853+0000][1][safepoint    ] Safepoint "Cleanup", Time since last: 1002148825 ns, Reaching safepoint: 59040 ns, At safepoint: 5853 ns, Total: 64893 ns
[2020-02-29T05:11:54.366+0000][1][safepoint    ] Safepoint "RevokeBias", Time since last: 512782854 ns, Reaching safepoint: 78507 ns, At safepoint: 18425 ns, Total: 96932 ns
[2020-02-29T05:11:55.376+0000][1][safepoint    ] Safepoint "Cleanup", Time since last: 1009820615 ns, Reaching safepoint: 60971 ns, At safepoint: 7527 ns, Total: 68498 ns
[2020-02-29T05:11:55.677+0000][1][gc,start     ] GC(42) Pause Young (Allocation Failure)
[2020-02-29T05:11:55.678+0000][1][gc,task      ] GC(42) Using 1 workers of 1 for evacuation
[2020-02-29T05:11:55.687+0000][1][gc,age       ] GC(42) Desired survivor size 4358144 bytes, new threshold 6 (max threshold 6)
[2020-02-29T05:11:55.687+0000][1][gc,age       ] GC(42) Age table with threshold 6 (max threshold 6)
[2020-02-29T05:11:55.687+0000][1][gc,age       ] GC(42) - age   1:      13064 bytes,      13064 total
[2020-02-29T05:11:55.687+0000][1][gc,age       ] GC(42) - age   2:       3752 bytes,      16816 total
[2020-02-29T05:11:55.687+0000][1][gc,age       ] GC(42) - age   3:       1376 bytes,      18192 total
[2020-02-29T05:11:55.687+0000][1][gc,age       ] GC(42) - age   4:       2528 bytes,      20720 total
[2020-02-29T05:11:55.687+0000][1][gc,age       ] GC(42) - age   5:       4048 bytes,      24768 total
[2020-02-29T05:11:55.687+0000][1][gc,age       ] GC(42) - age   6:       2816 bytes,      27584 total
[2020-02-29T05:11:55.688+0000][1][gc,heap      ] GC(42) ParNew: 68208K->29K(76672K)
[2020-02-29T05:11:55.688+0000][1][gc,heap      ] GC(42) CMS: 62499K->62502K(963392K)
[2020-02-29T05:11:55.688+0000][1][gc,metaspace ] GC(42) Metaspace: 79250K->79250K(1122304K)
[2020-02-29T05:11:55.688+0000][1][gc           ] GC(42) Pause Young (Allocation Failure) 127M->61M(1015M) 10.186ms
[2020-02-29T05:11:55.688+0000][1][gc,cpu       ] GC(42) User=0.01s Sys=0.00s Real=0.01s
[2020-02-29T05:11:55.688+0000][1][safepoint    ] Safepoint "GenCollectForAllocation", Time since last: 301395989 ns, Reaching safepoint: 104546 ns, At safepoint: 10258578 ns, Total: 10363124 ns
[2020-02-29T05:11:56.692+0000][1][safepoint    ] Safepoint "Cleanup", Time since last: 1004479510 ns, Reaching safepoint: 106096 ns, At safepoint: 5463 ns, Total: 111559 ns
[2020-02-29T05:11:56.883+0000][1][safepoint    ] Safepoint "RevokeBias", Time since last: 190300934 ns, Reaching safepoint: 159562 ns, At safepoint: 35366 ns, Total: 194928 ns
[2020-02-29T05:11:57.883+0000][1][safepoint    ] Safepoint "Cleanup", Time since last: 1000219038 ns, Reaching safepoint: 58588 ns, At safepoint: 5926 ns, Total: 64514 ns
[2020-02-29T05:11:58.891+0000][1][safepoint    ] Safepoint "Cleanup", Time since last: 1007762992 ns, Reaching safepoint: 87727 ns, At safepoint: 7168 ns, Total: 94895 ns
[2020-02-29T05:11:59.392+0000][1][safepoint    ] Safepoint "RevokeBias", Time since last: 501073062 ns, Reaching safepoint: 87111 ns, At safepoint: 39124 ns, Total: 126235 ns
[2020-02-29T05:12:00.397+0000][1][safepoint    ] Safepoint "Cleanup", Time since last: 1004878386 ns, Reaching safepoint: 63080 ns, At safepoint: 7486 ns, Total: 70566 ns
[2020-02-29T05:12:01.402+0000][1][safepoint    ] Safepoint "Cleanup", Time since last: 1005039466 ns, Reaching safepoint: 61392 ns, At safepoint: 7573 ns, Total: 68965 ns
[2020-02-29T05:12:01.903+0000][1][safepoint    ] Safepoint "BulkRevokeBias", Time since last: 500414841 ns, Reaching safepoint: 74210 ns, At safepoint: 225751 ns, Total: 299961 ns
[2020-02-29T05:12:02.910+0000][1][safepoint    ] Safepoint "Cleanup", Time since last: 1007528965 ns, Reaching safepoint: 73618 ns, At safepoint: 6211 ns, Total: 79829 ns
[2020-02-29T05:12:03.911+0000][1][safepoint    ] Safepoint "Cleanup", Time since last: 1000578121 ns, Reaching safepoint: 74008 ns, At safepoint: 5672 ns, Total: 79680 ns
[2020-02-29T05:12:04.427+0000][1][safepoint    ] Safepoint "RevokeBias", Time since last: 516277715 ns, Reaching safepoint: 58164 ns, At safepoint: 55264 ns, Total: 113428 ns
[2020-02-29T05:12:05.431+0000][1][safepoint    ] Safepoint "Cleanup", Time since last: 1003330487 ns, Reaching safepoint: 73560 ns, At safepoint: 6038 ns, Total: 79598 ns
[2020-02-29T05:12:06.434+0000][1][safepoint    ] Safepoint "Cleanup", Time since last: 1002906649 ns, Reaching safepoint: 75903 ns, At safepoint: 5586 ns, Total: 81489 ns
[2020-02-29T05:12:06.937+0000][1][safepoint    ] Safepoint "RevokeBias", Time since last: 502791883 ns, Reaching safepoint: 82689 ns, At safepoint: 18499 ns, Total: 101188 ns
[2020-02-29T05:12:07.937+0000][1][safepoint    ] Safepoint "Cleanup", Time since last: 1000589241 ns, Reaching safepoint: 87443 ns, At safepoint: 8423 ns, Total: 95866 ns
[2020-02-29T05:12:08.938+0000][1][safepoint    ] Safepoint "Cleanup", Time since last: 1000179217 ns, Reaching safepoint: 85741 ns, At safepoint: 8753 ns, Total: 94494 ns
[2020-02-29T05:12:09.456+0000][1][safepoint    ] Safepoint "RevokeBias", Time since last: 517896334 ns, Reaching safepoint: 78854 ns, At safepoint: 18011 ns, Total: 96865 ns
[2020-02-29T05:12:10.456+0000][1][safepoint    ] Safepoint "Cleanup", Time since last: 1000384398 ns, Reaching safepoint: 64457 ns, At safepoint: 6901 ns, Total: 71358 ns
[2020-02-29T05:12:11.458+0000][1][safepoint    ] Safepoint "Cleanup", Time since last: 1001845241 ns, Reaching safepoint: 167978 ns, At safepoint: 24374 ns, Total: 192352 ns
[2020-02-29T05:12:11.975+0000][1][safepoint    ] Safepoint "RevokeBias", Time since last: 516483548 ns, Reaching safepoint: 76792 ns, At safepoint: 18112 ns, Total: 94904 ns
[2020-02-29T05:12:12.980+0000][1][safepoint    ] Safepoint "Cleanup", Time since last: 1004956686 ns, Reaching safepoint: 61138 ns, At safepoint: 5693 ns, Total: 66831 ns
[2020-02-29T05:12:13.980+0000][1][safepoint    ] Safepoint "Cleanup", Time since last: 1000344458 ns, Reaching safepoint: 65206 ns, At safepoint: 6963 ns, Total: 72169 ns
[2020-02-29T05:12:14.513+0000][1][safepoint    ] Safepoint "RevokeBias", Time since last: 532704890 ns, Reaching safepoint: 59797 ns, At safepoint: 17317 ns, Total: 77114 ns
[2020-02-29T05:12:15.520+0000][1][safepoint    ] Safepoint "Cleanup", Time since last: 1007237222 ns, Reaching safepoint: 64625 ns, At safepoint: 7628 ns, Total: 72253 ns
[2020-02-29T05:12:16.528+0000][1][safepoint    ] Safepoint "Cleanup", Time since last: 1007910181 ns, Reaching safepoint: 61085 ns, At safepoint: 5450 ns, Total: 66535 ns
[2020-02-29T05:12:17.032+0000][1][safepoint    ] Safepoint "RevokeBias", Time since last: 503667886 ns, Reaching safepoint: 55938 ns, At safepoint: 16464 ns, Total: 72402 ns
[2020-02-29T05:12:18.036+0000][1][safepoint    ] Safepoint "Cleanup", Time since last: 1004066776 ns, Reaching safepoint: 139402 ns, At safepoint: 24151 ns, Total: 163553 ns
[2020-02-29T05:12:19.041+0000][1][safepoint    ] Safepoint "Cleanup", Time since last: 1004648051 ns, Reaching safepoint: 77873 ns, At safepoint: 7908 ns, Total: 85781 ns
[2020-02-29T05:12:19.541+0000][1][safepoint    ] Safepoint "RevokeBias", Time since last: 500256242 ns, Reaching safepoint: 77716 ns, At safepoint: 17590 ns, Total: 95306 ns
[2020-02-29T05:12:20.542+0000][1][safepoint    ] Safepoint "Cleanup", Time since last: 1000242350 ns, Reaching safepoint: 83866 ns, At safepoint: 7796 ns, Total: 91662 ns
[2020-02-29T05:12:21.542+0000][1][safepoint    ] Safepoint "Cleanup", Time since last: 1000711217 ns, Reaching safepoint: 86578 ns, At safepoint: 7891 ns, Total: 94469 ns
[2020-02-29T05:12:22.054+0000][1][safepoint    ] Safepoint "RevokeBias", Time since last: 511180476 ns, Reaching safepoint: 92036 ns, At safepoint: 17100 ns, Total: 109136 ns
[2020-02-29T05:12:23.059+0000][1][safepoint    ] Safepoint "Cleanup", Time since last: 1004884677 ns, Reaching safepoint: 65798 ns, At safepoint: 7384 ns, Total: 73182 ns
[2020-02-29T05:12:24.067+0000][1][safepoint    ] Safepoint "Cleanup", Time since last: 1007892740 ns, Reaching safepoint: 66140 ns, At safepoint: 7584 ns, Total: 73724 ns
[2020-02-29T05:12:24.586+0000][1][safepoint    ] Safepoint "RevokeBias", Time since last: 519012131 ns, Reaching safepoint: 194434 ns, At safepoint: 26817 ns, Total: 221251 ns
[2020-02-29T05:12:25.587+0000][1][safepoint    ] Safepoint "Cleanup", Time since last: 1001451146 ns, Reaching safepoint: 82777 ns, At safepoint: 7052 ns, Total: 89829 ns
[2020-02-29T05:12:26.588+0000][1][safepoint    ] Safepoint "Cleanup", Time since last: 1000137030 ns, Reaching safepoint: 65675 ns, At safepoint: 7487 ns, Total: 73162 ns
[2020-02-29T05:12:27.111+0000][1][safepoint    ] Safepoint "RevokeBias", Time since last: 523496539 ns, Reaching safepoint: 122776 ns, At safepoint: 20047 ns, Total: 142823 ns
[2020-02-29T05:12:28.115+0000][1][safepoint    ] Safepoint "Cleanup", Time since last: 1004005487 ns, Reaching safepoint: 78369 ns, At safepoint: 8748 ns, Total: 87117 ns
[2020-02-29T05:12:29.120+0000][1][safepoint    ] Safepoint "Cleanup", Time since last: 1004630197 ns, Reaching safepoint: 95127 ns, At safepoint: 7611 ns, Total: 102738 ns
[2020-02-29T05:12:29.630+0000][1][safepoint    ] Safepoint "RevokeBias", Time since last: 509309182 ns, Reaching safepoint: 220040 ns, At safepoint: 47127 ns, Total: 267167 ns
[2020-02-29T05:12:30.635+0000][1][safepoint    ] Safepoint "Cleanup", Time since last: 1005273787 ns, Reaching safepoint: 65304 ns, At safepoint: 7060 ns, Total: 72364 ns
[2020-02-29T05:12:31.640+0000][1][safepoint    ] Safepoint "Cleanup", Time since last: 1004553033 ns, Reaching safepoint: 103746 ns, At safepoint: 7931 ns, Total: 111677 ns
[2020-02-29T05:12:32.138+0000][1][safepoint    ] Safepoint "RevokeBias", Time since last: 497866190 ns, Reaching safepoint: 134651 ns, At safepoint: 19841 ns, Total: 154492 ns
[2020-02-29T05:12:33.139+0000][1][safepoint    ] Safepoint "Cleanup", Time since last: 1000761319 ns, Reaching safepoint: 86557 ns, At safepoint: 8670 ns, Total: 95227 ns
[2020-02-29T05:12:34.140+0000][1][safepoint    ] Safepoint "Cleanup", Time since last: 1001503043 ns, Reaching safepoint: 127848 ns, At safepoint: 7435 ns, Total: 135283 ns
[2020-02-29T05:12:34.651+0000][1][safepoint    ] Safepoint "RevokeBias", Time since last: 510201651 ns, Reaching safepoint: 80120 ns, At safepoint: 17896 ns, Total: 98016 ns
[2020-02-29T05:12:35.652+0000][1][safepoint    ] Safepoint "Cleanup", Time since last: 1001165975 ns, Reaching safepoint: 66125 ns, At safepoint: 7651 ns, Total: 73776 ns
[2020-02-29T05:12:36.653+0000][1][safepoint    ] Safepoint "Cleanup", Time since last: 1000841404 ns, Reaching safepoint: 85568 ns, At safepoint: 7277 ns, Total: 92845 ns
[2020-02-29T05:12:37.171+0000][1][safepoint    ] Safepoint "RevokeBias", Time since last: 518680133 ns, Reaching safepoint: 76230 ns, At safepoint: 18115 ns, Total: 94345 ns
[2020-02-29T05:12:38.177+0000][1][safepoint    ] Safepoint "Cleanup", Time since last: 1005801630 ns, Reaching safepoint: 118425 ns, At safepoint: 28743 ns, Total: 147168 ns
[2020-02-29T05:12:39.179+0000][1][safepoint    ] Safepoint "Cleanup", Time since last: 1000971716 ns, Reaching safepoint: 99830 ns, At safepoint: 9786 ns, Total: 109616 ns
[2020-02-29T05:12:39.698+0000][1][safepoint    ] Safepoint "RevokeBias", Time since last: 519060655 ns, Reaching safepoint: 119435 ns, At safepoint: 18029 ns, Total: 137464 ns
[2020-02-29T05:12:40.698+0000][1][safepoint    ] Safepoint "Cleanup", Time since last: 1000565745 ns, Reaching safepoint: 90908 ns, At safepoint: 8726 ns, Total: 99634 ns
[2020-02-29T05:12:41.699+0000][1][safepoint    ] Safepoint "Cleanup", Time since last: 1000876378 ns, Reaching safepoint: 91048 ns, At safepoint: 9452 ns, Total: 100500 ns
[2020-02-29T05:12:42.213+0000][1][safepoint    ] Safepoint "RevokeBias", Time since last: 513735430 ns, Reaching safepoint: 80508 ns, At safepoint: 17987 ns, Total: 98495 ns
[2020-02-29T05:12:43.218+0000][1][safepoint    ] Safepoint "Cleanup", Time since last: 1005069582 ns, Reaching safepoint: 66332 ns, At safepoint: 6690 ns, Total: 73022 ns
[2020-02-29T05:12:44.223+0000][1][safepoint    ] Safepoint "Cleanup", Time since last: 1004985781 ns, Reaching safepoint: 65943 ns, At safepoint: 7262 ns, Total: 73205 ns
[2020-02-29T05:12:44.731+0000][1][safepoint    ] Safepoint "RevokeBias", Time since last: 507069896 ns, Reaching safepoint: 114484 ns, At safepoint: 24598 ns, Total: 139082 ns
[2020-02-29T05:12:45.731+0000][1][safepoint    ] Safepoint "Cleanup", Time since last: 1000211901 ns, Reaching safepoint: 66989 ns, At safepoint: 7439 ns, Total: 74428 ns
[2020-02-29T05:12:46.735+0000][1][safepoint    ] Safepoint "Cleanup", Time since last: 1004446343 ns, Reaching safepoint: 82223 ns, At safepoint: 7531 ns, Total: 89754 ns
[2020-02-29T05:12:47.246+0000][1][safepoint    ] Safepoint "RevokeBias", Time since last: 510067573 ns, Reaching safepoint: 81536 ns, At safepoint: 18883 ns, Total: 100419 ns
[2020-02-29T05:12:48.251+0000][1][safepoint    ] Safepoint "Cleanup", Time since last: 1005089255 ns, Reaching safepoint: 83880 ns, At safepoint: 6779 ns, Total: 90659 ns
[2020-02-29T05:12:49.254+0000][1][safepoint    ] Safepoint "Cleanup", Time since last: 1003340999 ns, Reaching safepoint: 65183 ns, At safepoint: 7072 ns, Total: 72255 ns
[2020-02-29T05:12:49.765+0000][1][safepoint    ] Safepoint "RevokeBias", Time since last: 511117737 ns, Reaching safepoint: 57642 ns, At safepoint: 16195 ns, Total: 73837 ns
[2020-02-29T05:12:50.770+0000][1][safepoint    ] Safepoint "Cleanup", Time since last: 1004566459 ns, Reaching safepoint: 167270 ns, At safepoint: 23655 ns, Total: 190925 ns
[2020-02-29T05:12:51.774+0000][1][safepoint    ] Safepoint "Cleanup", Time since last: 1003796446 ns, Reaching safepoint: 81230 ns, At safepoint: 6744 ns, Total: 87974 ns
[2020-02-29T05:12:52.277+0000][1][safepoint    ] Safepoint "RevokeBias", Time since last: 502513661 ns, Reaching safepoint: 112087 ns, At safepoint: 20611 ns, Total: 132698 ns
[2020-02-29T05:12:53.277+0000][1][safepoint    ] Safepoint "Cleanup", Time since last: 1000561244 ns, Reaching safepoint: 99117 ns, At safepoint: 10436 ns, Total: 109553 ns
[2020-02-29T05:12:54.278+0000][1][safepoint    ] Safepoint "Cleanup", Time since last: 1000277580 ns, Reaching safepoint: 99523 ns, At safepoint: 10398 ns, Total: 109921 ns
[2020-02-29T05:12:54.790+0000][1][safepoint    ] Safepoint "RevokeBias", Time since last: 512314920 ns, Reaching safepoint: 64236 ns, At safepoint: 33870 ns, Total: 98106 ns
[2020-02-29T05:12:55.791+0000][1][safepoint    ] Safepoint "Cleanup", Time since last: 1000839606 ns, Reaching safepoint: 66549 ns, At safepoint: 7648 ns, Total: 74197 ns
[2020-02-29T05:12:56.792+0000][1][safepoint    ] Safepoint "Cleanup", Time since last: 1001083572 ns, Reaching safepoint: 73292 ns, At safepoint: 5963 ns, Total: 79255 ns
[2020-02-29T05:12:57.335+0000][1][safepoint    ] Safepoint "RevokeBias", Time since last: 542443723 ns, Reaching safepoint: 84674 ns, At safepoint: 19593 ns, Total: 104267 ns
[2020-02-29T05:12:58.339+0000][1][safepoint    ] Safepoint "Cleanup", Time since last: 1004047296 ns, Reaching safepoint: 77672 ns, At safepoint: 6041 ns, Total: 83713 ns
[2020-02-29T05:12:59.344+0000][1][safepoint    ] Safepoint "Cleanup", Time since last: 1005330815 ns, Reaching safepoint: 88876 ns, At safepoint: 6014 ns, Total: 94890 ns
[2020-02-29T05:12:59.860+0000][1][safepoint    ] Safepoint "RevokeBias", Time since last: 515247724 ns, Reaching safepoint: 81263 ns, At safepoint: 17976 ns, Total: 99239 ns
[2020-02-29T05:13:00.861+0000][1][safepoint    ] Safepoint "Cleanup", Time since last: 1001023527 ns, Reaching safepoint: 64573 ns, At safepoint: 7478 ns, Total: 72051 ns
[2020-02-29T05:13:01.861+0000][1][safepoint    ] Safepoint "Cleanup", Time since last: 1000109125 ns, Reaching safepoint: 80203 ns, At safepoint: 7169 ns, Total: 87372 ns
[2020-02-29T05:13:02.383+0000][1][safepoint    ] Safepoint "RevokeBias", Time since last: 521502157 ns, Reaching safepoint: 124848 ns, At safepoint: 17418 ns, Total: 142266 ns
[2020-02-29T05:13:03.390+0000][1][safepoint    ] Safepoint "Cleanup", Time since last: 1007110481 ns, Reaching safepoint: 65359 ns, At safepoint: 6891 ns, Total: 72250 ns
[2020-02-29T05:13:04.391+0000][1][safepoint    ] Safepoint "Cleanup", Time since last: 1001300468 ns, Reaching safepoint: 91582 ns, At safepoint: 5877 ns, Total: 97459 ns
[2020-02-29T05:13:04.900+0000][1][safepoint    ] Safepoint "RevokeBias", Time since last: 509156177 ns, Reaching safepoint: 57536 ns, At safepoint: 15793 ns, Total: 73329 ns
[2020-02-29T05:13:05.901+0000][1][safepoint    ] Safepoint "Cleanup", Time since last: 1000393435 ns, Reaching safepoint: 58375 ns, At safepoint: 6287 ns, Total: 64662 ns
[2020-02-29T05:13:06.903+0000][1][safepoint    ] Safepoint "Cleanup", Time since last: 1002217785 ns, Reaching safepoint: 55660 ns, At safepoint: 6150 ns, Total: 61810 ns
[2020-02-29T05:13:07.423+0000][1][safepoint    ] Safepoint "RevokeBias", Time since last: 519558385 ns, Reaching safepoint: 83104 ns, At safepoint: 19277 ns, Total: 102381 ns
[2020-02-29T05:13:08.427+0000][1][safepoint    ] Safepoint "Cleanup", Time since last: 1003959485 ns, Reaching safepoint: 99692 ns, At safepoint: 7376 ns, Total: 107068 ns
[2020-02-29T05:13:09.428+0000][1][safepoint    ] Safepoint "Cleanup", Time since last: 1001191844 ns, Reaching safepoint: 118660 ns, At safepoint: 11071 ns, Total: 129731 ns
[2020-02-29T05:13:09.937+0000][1][safepoint    ] Safepoint "RevokeBias", Time since last: 508689417 ns, Reaching safepoint: 95780 ns, At safepoint: 20483 ns, Total: 116263 ns
[2020-02-29T05:13:10.937+0000][1][safepoint    ] Safepoint "Cleanup", Time since last: 1000354275 ns, Reaching safepoint: 85209 ns, At safepoint: 9109 ns, Total: 94318 ns
[2020-02-29T05:13:11.944+0000][1][safepoint    ] Safepoint "Cleanup", Time since last: 1006403270 ns, Reaching safepoint: 64709 ns, At safepoint: 7704 ns, Total: 72413 ns
[2020-02-29T05:13:12.453+0000][1][safepoint    ] Safepoint "RevokeBias", Time since last: 509269271 ns, Reaching safepoint: 59087 ns, At safepoint: 15917 ns, Total: 75004 ns
[2020-02-29T05:13:13.454+0000][1][safepoint    ] Safepoint "Cleanup", Time since last: 1000697967 ns, Reaching safepoint: 63260 ns, At safepoint: 6609 ns, Total: 69869 ns
[2020-02-29T05:13:14.459+0000][1][safepoint    ] Safepoint "Cleanup", Time since last: 1004716757 ns, Reaching safepoint: 96180 ns, At safepoint: 9647 ns, Total: 105827 ns
[2020-02-29T05:13:14.996+0000][1][safepoint    ] Safepoint "BulkRevokeBias", Time since last: 537181500 ns, Reaching safepoint: 59668 ns, At safepoint: 152104 ns, Total: 211772 ns
[2020-02-29T05:13:15.997+0000][1][safepoint    ] Safepoint "Cleanup", Time since last: 1000351133 ns, Reaching safepoint: 121322 ns, At safepoint: 10084 ns, Total: 131406 ns
[2020-02-29T05:13:16.998+0000][1][safepoint    ] Safepoint "Cleanup", Time since last: 1001237406 ns, Reaching safepoint: 66411 ns, At safepoint: 7453 ns, Total: 73864 ns
[2020-02-29T05:13:17.518+0000][1][safepoint    ] Safepoint "RevokeBias", Time since last: 519466687 ns, Reaching safepoint: 59038 ns, At safepoint: 15935 ns, Total: 74973 ns
[2020-02-29T05:13:18.518+0000][1][safepoint    ] Safepoint "Cleanup", Time since last: 1000157034 ns, Reaching safepoint: 68067 ns, At safepoint: 8874 ns, Total: 76941 ns
[2020-02-29T05:13:19.518+0000][1][safepoint    ] Safepoint "Cleanup", Time since last: 1000237108 ns, Reaching safepoint: 93941 ns, At safepoint: 9550 ns, Total: 103491 ns
[2020-02-29T05:13:20.043+0000][1][safepoint    ] Safepoint "RevokeBias", Time since last: 524936816 ns, Reaching safepoint: 80843 ns, At safepoint: 19849 ns, Total: 100692 ns
[2020-02-29T05:13:21.052+0000][1][safepoint    ] Safepoint "Cleanup", Time since last: 1008756587 ns, Reaching safepoint: 78944 ns, At safepoint: 8243 ns, Total: 87187 ns
[2020-02-29T05:13:22.057+0000][1][safepoint    ] Safepoint "Cleanup", Time since last: 1004625862 ns, Reaching safepoint: 98828 ns, At safepoint: 7484 ns, Total: 106312 ns
[2020-02-29T05:13:22.569+0000][1][safepoint    ] Safepoint "RevokeBias", Time since last: 512210746 ns, Reaching safepoint: 56802 ns, At safepoint: 16110 ns, Total: 72912 ns
[2020-02-29T05:13:23.570+0000][1][safepoint    ] Safepoint "Cleanup", Time since last: 1000721664 ns, Reaching safepoint: 62785 ns, At safepoint: 7077 ns, Total: 69862 ns
[2020-02-29T05:13:24.571+0000][1][safepoint    ] Safepoint "Cleanup", Time since last: 1001088022 ns, Reaching safepoint: 66316 ns, At safepoint: 7553 ns, Total: 73869 ns
[2020-02-29T05:13:25.102+0000][1][safepoint    ] Safepoint "RevokeBias", Time since last: 530439316 ns, Reaching safepoint: 57224 ns, At safepoint: 16046 ns, Total: 73270 ns
[2020-02-29T05:13:26.108+0000][1][safepoint    ] Safepoint "Cleanup", Time since last: 1006513692 ns, Reaching safepoint: 62320 ns, At safepoint: 6561 ns, Total: 68881 ns
[2020-02-29T05:13:27.109+0000][1][safepoint    ] Safepoint "Cleanup", Time since last: 1000995252 ns, Reaching safepoint: 64227 ns, At safepoint: 7370 ns, Total: 71597 ns
[2020-02-29T05:13:27.633+0000][1][safepoint    ] Safepoint "RevokeBias", Time since last: 523328903 ns, Reaching safepoint: 57282 ns, At safepoint: 15901 ns, Total: 73183 ns
[2020-02-29T05:13:28.639+0000][1][safepoint    ] Safepoint "Cleanup", Time since last: 1006535044 ns, Reaching safepoint: 108173 ns, At safepoint: 7524 ns, Total: 115697 ns
[2020-02-29T05:13:29.643+0000][1][safepoint    ] Safepoint "Cleanup", Time since last: 1003882442 ns, Reaching safepoint: 140683 ns, At safepoint: 7611 ns, Total: 148294 ns
[2020-02-29T05:13:30.150+0000][1][safepoint    ] Safepoint "RevokeBias", Time since last: 506142913 ns, Reaching safepoint: 77980 ns, At safepoint: 17746 ns, Total: 95726 ns
[2020-02-29T05:13:31.150+0000][1][safepoint    ] Safepoint "Cleanup", Time since last: 1000677310 ns, Reaching safepoint: 90344 ns, At safepoint: 9602 ns, Total: 99946 ns
[2020-02-29T05:13:32.151+0000][1][safepoint    ] Safepoint "Cleanup", Time since last: 1000674729 ns, Reaching safepoint: 89395 ns, At safepoint: 9385 ns, Total: 98780 ns
[2020-02-29T05:13:32.666+0000][1][safepoint    ] Safepoint "RevokeBias", Time since last: 514349901 ns, Reaching safepoint: 95036 ns, At safepoint: 20148 ns, Total: 115184 ns
[2020-02-29T05:13:33.667+0000][1][safepoint    ] Safepoint "Cleanup", Time since last: 1001748457 ns, Reaching safepoint: 156902 ns, At safepoint: 7365 ns, Total: 164267 ns
[2020-02-29T05:13:34.670+0000][1][safepoint    ] Safepoint "Cleanup", Time since last: 1002612251 ns, Reaching safepoint: 80114 ns, At safepoint: 7576 ns, Total: 87690 ns
[2020-02-29T05:13:35.181+0000][1][safepoint    ] Safepoint "RevokeBias", Time since last: 510678464 ns, Reaching safepoint: 85519 ns, At safepoint: 17709 ns, Total: 103228 ns
[2020-02-29T05:13:36.182+0000][1][safepoint    ] Safepoint "Cleanup", Time since last: 1000909623 ns, Reaching safepoint: 63337 ns, At safepoint: 6903 ns, Total: 70240 ns
[2020-02-29T05:13:37.184+0000][1][safepoint    ] Safepoint "Cleanup", Time since last: 1001770716 ns, Reaching safepoint: 61429 ns, At safepoint: 6963 ns, Total: 68392 ns
[2020-02-29T05:13:37.689+0000][1][safepoint    ] Safepoint "RevokeBias", Time since last: 505251943 ns, Reaching safepoint: 57305 ns, At safepoint: 16265 ns, Total: 73570 ns
[2020-02-29T05:13:38.690+0000][1][safepoint    ] Safepoint "Cleanup", Time since last: 1000791082 ns, Reaching safepoint: 61402 ns, At safepoint: 6740 ns, Total: 68142 ns
[2020-02-29T05:13:39.700+0000][1][safepoint    ] Safepoint "Cleanup", Time since last: 1010309602 ns, Reaching safepoint: 64122 ns, At safepoint: 6999 ns, Total: 71121 ns
[2020-02-29T05:13:40.210+0000][1][safepoint    ] Safepoint "RevokeBias", Time since last: 509218891 ns, Reaching safepoint: 254351 ns, At safepoint: 35296 ns, Total: 289647 ns
[2020-02-29T05:13:41.213+0000][1][safepoint    ] Safepoint "Cleanup", Time since last: 1003376402 ns, Reaching safepoint: 64226 ns, At safepoint: 7402 ns, Total: 71628 ns
[2020-02-29T05:13:42.215+0000][1][safepoint    ] Safepoint "Cleanup", Time since last: 1001767828 ns, Reaching safepoint: 84032 ns, At safepoint: 7724 ns, Total: 91756 ns
[2020-02-29T05:13:42.721+0000][1][safepoint    ] Safepoint "RevokeBias", Time since last: 505443362 ns, Reaching safepoint: 92261 ns, At safepoint: 21008 ns, Total: 113269 ns
[2020-02-29T05:13:43.721+0000][1][safepoint    ] Safepoint "Cleanup", Time since last: 1000392387 ns, Reaching safepoint: 94338 ns, At safepoint: 9724 ns, Total: 104062 ns
[2020-02-29T05:13:44.722+0000][1][safepoint    ] Safepoint "Cleanup", Time since last: 1000854290 ns, Reaching safepoint: 242513 ns, At safepoint: 21082 ns, Total: 263595 ns
[2020-02-29T05:13:45.234+0000][1][safepoint    ] Safepoint "RevokeBias", Time since last: 511397646 ns, Reaching safepoint: 102034 ns, At safepoint: 19649 ns, Total: 121683 ns
[2020-02-29T05:13:46.239+0000][1][safepoint    ] Safepoint "Cleanup", Time since last: 1005006312 ns, Reaching safepoint: 65151 ns, At safepoint: 7369 ns, Total: 72520 ns
[2020-02-29T05:13:47.240+0000][1][safepoint    ] Safepoint "Cleanup", Time since last: 1000888979 ns, Reaching safepoint: 147135 ns, At safepoint: 9301 ns, Total: 156436 ns
[2020-02-29T05:13:47.753+0000][1][safepoint    ] Safepoint "RevokeBias", Time since last: 513168947 ns, Reaching safepoint: 160579 ns, At safepoint: 51641 ns, Total: 212220 ns
[2020-02-29T05:13:48.754+0000][1][safepoint    ] Safepoint "Cleanup", Time since last: 1000657266 ns, Reaching safepoint: 230918 ns, At safepoint: 8548 ns, Total: 239466 ns
[2020-02-29T05:13:49.755+0000][1][safepoint    ] Safepoint "Cleanup", Time since last: 1001060016 ns, Reaching safepoint: 160979 ns, At safepoint: 10122 ns, Total: 171101 ns
[2020-02-29T05:13:50.279+0000][1][safepoint    ] Safepoint "RevokeBias", Time since last: 523773598 ns, Reaching safepoint: 57005 ns, At safepoint: 15831 ns, Total: 72836 ns
[2020-02-29T05:13:51.280+0000][1][safepoint    ] Safepoint "Cleanup", Time since last: 1000169610 ns, Reaching safepoint: 94769 ns, At safepoint: 8942 ns, Total: 103711 ns
[2020-02-29T05:13:52.280+0000][1][safepoint    ] Safepoint "Cleanup", Time since last: 1000203433 ns, Reaching safepoint: 90712 ns, At safepoint: 23921 ns, Total: 114633 ns
[2020-02-29T05:13:52.810+0000][1][safepoint    ] Safepoint "RevokeBias", Time since last: 530200713 ns, Reaching safepoint: 109954 ns, At safepoint: 19259 ns, Total: 129213 ns
[2020-02-29T05:13:53.813+0000][1][safepoint    ] Safepoint "Cleanup", Time since last: 1002801142 ns, Reaching safepoint: 111687 ns, At safepoint: 7806 ns, Total: 119493 ns
[2020-02-29T05:13:54.814+0000][1][safepoint    ] Safepoint "Cleanup", Time since last: 1000516555 ns, Reaching safepoint: 62119 ns, At safepoint: 7139 ns, Total: 69258 ns
[2020-02-29T05:13:55.320+0000][1][safepoint    ] Safepoint "RevokeBias", Time since last: 505828234 ns, Reaching safepoint: 77652 ns, At safepoint: 17826 ns, Total: 95478 ns
[2020-02-29T05:13:56.320+0000][1][safepoint    ] Safepoint "Cleanup", Time since last: 1000402612 ns, Reaching safepoint: 61735 ns, At safepoint: 6734 ns, Total: 68469 ns
[2020-02-29T05:13:57.330+0000][1][safepoint    ] Safepoint "Cleanup", Time since last: 1010037518 ns, Reaching safepoint: 78276 ns, At safepoint: 7229 ns, Total: 85505 ns
[2020-02-29T05:13:57.837+0000][1][safepoint    ] Safepoint "RevokeBias", Time since last: 507108479 ns, Reaching safepoint: 100869 ns, At safepoint: 20139 ns, Total: 121008 ns
[2020-02-29T05:13:58.839+0000][1][safepoint    ] Safepoint "Cleanup", Time since last: 1001853543 ns, Reaching safepoint: 79842 ns, At safepoint: 8036 ns, Total: 87878 ns
[2020-02-29T05:13:59.843+0000][1][safepoint    ] Safepoint "Cleanup", Time since last: 1003921696 ns, Reaching safepoint: 98478 ns, At safepoint: 7207 ns, Total: 105685 ns
[2020-02-29T05:14:00.363+0000][1][safepoint    ] Safepoint "RevokeBias", Time since last: 519501237 ns, Reaching safepoint: 143527 ns, At safepoint: 37240 ns, Total: 180767 ns
[2020-02-29T05:14:01.369+0000][1][safepoint    ] Safepoint "Cleanup", Time since last: 1005671125 ns, Reaching safepoint: 61338 ns, At safepoint: 7012 ns, Total: 68350 ns
[2020-02-29T05:14:02.374+0000][1][safepoint    ] Safepoint "Cleanup", Time since last: 1005252484 ns, Reaching safepoint: 112837 ns, At safepoint: 25333 ns, Total: 138170 ns
[2020-02-29T05:14:02.874+0000][1][safepoint    ] Safepoint "RevokeBias", Time since last: 499528702 ns, Reaching safepoint: 110267 ns, At safepoint: 20341 ns, Total: 130608 ns
[2020-02-29T05:14:03.874+0000][1][safepoint    ] Safepoint "Cleanup", Time since last: 1000202000 ns, Reaching safepoint: 153798 ns, At safepoint: 10435 ns, Total: 164233 ns
[2020-02-29T05:14:04.875+0000][1][safepoint    ] Safepoint "Cleanup", Time since last: 1000845959 ns, Reaching safepoint: 221792 ns, At safepoint: 43441 ns, Total: 265233 ns
[2020-02-29T05:14:05.396+0000][1][safepoint    ] Safepoint "RevokeBias", Time since last: 520519297 ns, Reaching safepoint: 57048 ns, At safepoint: 16047 ns, Total: 73095 ns
[2020-02-29T05:14:06.399+0000][1][safepoint    ] Safepoint "Cleanup", Time since last: 1003435448 ns, Reaching safepoint: 63454 ns, At safepoint: 6679 ns, Total: 70133 ns
[2020-02-29T05:14:07.403+0000][1][safepoint    ] Safepoint "Cleanup", Time since last: 1002977610 ns, Reaching safepoint: 81786 ns, At safepoint: 7517 ns, Total: 89303 ns
[2020-02-29T05:14:07.913+0000][1][safepoint    ] Safepoint "RevokeBias", Time since last: 509964996 ns, Reaching safepoint: 97738 ns, At safepoint: 19085 ns, Total: 116823 ns
[2020-02-29T05:14:08.913+0000][1][safepoint    ] Safepoint "Cleanup", Time since last: 1000104871 ns, Reaching safepoint: 82756 ns, At safepoint: 7473 ns, Total: 90229 ns
[2020-02-29T05:14:09.913+0000][1][safepoint    ] Safepoint "Cleanup", Time since last: 1000337099 ns, Reaching safepoint: 232335 ns, At safepoint: 26598 ns, Total: 258933 ns
[2020-02-29T05:14:10.423+0000][1][safepoint    ] Safepoint "RevokeBias", Time since last: 509151795 ns, Reaching safepoint: 78591 ns, At safepoint: 30683 ns, Total: 109274 ns
[2020-02-29T05:14:11.425+0000][1][safepoint    ] Safepoint "Cleanup", Time since last: 1002595007 ns, Reaching safepoint: 62894 ns, At safepoint: 7292 ns, Total: 70186 ns
[2020-02-29T05:14:12.427+0000][1][safepoint    ] Safepoint "Cleanup", Time since last: 1001727944 ns, Reaching safepoint: 208886 ns, At safepoint: 10463 ns, Total: 219349 ns
[2020-02-29T05:14:12.936+0000][1][safepoint    ] Safepoint "RevokeBias", Time since last: 508186414 ns, Reaching safepoint: 82243 ns, At safepoint: 18704 ns, Total: 100947 ns
[2020-02-29T05:14:13.937+0000][1][safepoint    ] Safepoint "Cleanup", Time since last: 1001250318 ns, Reaching safepoint: 60138 ns, At safepoint: 5656 ns, Total: 65794 ns
[2020-02-29T05:14:14.940+0000][1][safepoint    ] Safepoint "Cleanup", Time since last: 1002958893 ns, Reaching safepoint: 130145 ns, At safepoint: 5537 ns, Total: 135682 ns
[2020-02-29T05:14:15.416+0000][1][gc,start     ] GC(43) Pause Young (Allocation Failure)
[2020-02-29T05:14:15.416+0000][1][gc,task      ] GC(43) Using 1 workers of 1 for evacuation
[2020-02-29T05:14:15.425+0000][1][gc,age       ] GC(43) Desired survivor size 4358144 bytes, new threshold 6 (max threshold 6)
[2020-02-29T05:14:15.425+0000][1][gc,age       ] GC(43) Age table with threshold 6 (max threshold 6)
[2020-02-29T05:14:15.425+0000][1][gc,age       ] GC(43) - age   1:      13200 bytes,      13200 total
[2020-02-29T05:14:15.425+0000][1][gc,age       ] GC(43) - age   2:       2352 bytes,      15552 total
[2020-02-29T05:14:15.425+0000][1][gc,age       ] GC(43) - age   3:       3656 bytes,      19208 total
[2020-02-29T05:14:15.425+0000][1][gc,age       ] GC(43) - age   4:       1376 bytes,      20584 total
[2020-02-29T05:14:15.425+0000][1][gc,age       ] GC(43) - age   5:       2528 bytes,      23112 total
[2020-02-29T05:14:15.425+0000][1][gc,age       ] GC(43) - age   6:       3816 bytes,      26928 total
[2020-02-29T05:14:15.425+0000][1][gc,heap      ] GC(43) ParNew: 68189K->27K(76672K)
[2020-02-29T05:14:15.425+0000][1][gc,heap      ] GC(43) CMS: 62502K->62504K(963392K)
[2020-02-29T05:14:15.425+0000][1][gc,metaspace ] GC(43) Metaspace: 79307K->79307K(1122304K)
[2020-02-29T05:14:15.425+0000][1][gc           ] GC(43) Pause Young (Allocation Failure) 127M->61M(1015M) 9.392ms
[2020-02-29T05:14:15.425+0000][1][gc,cpu       ] GC(43) User=0.01s Sys=0.00s Real=0.01s
[2020-02-29T05:14:15.425+0000][1][safepoint    ] Safepoint "GenCollectForAllocation", Time since last: 475888215 ns, Reaching safepoint: 58230 ns, At safepoint: 9520477 ns, Total: 9578707 ns
[2020-02-29T05:14:15.458+0000][1][safepoint    ] Safepoint "RevokeBias", Time since last: 32626454 ns, Reaching safepoint: 198583 ns, At safepoint: 57456 ns, Total: 256039 ns
[2020-02-29T05:14:16.462+0000][1][safepoint    ] Safepoint "Cleanup", Time since last: 1003523925 ns, Reaching safepoint: 62244 ns, At safepoint: 6038 ns, Total: 68282 ns
[2020-02-29T05:14:17.463+0000][1][safepoint    ] Safepoint "Cleanup", Time since last: 1000855044 ns, Reaching safepoint: 62441 ns, At safepoint: 5579 ns, Total: 68020 ns
[2020-02-29T05:14:17.980+0000][1][safepoint    ] Safepoint "RevokeBias", Time since last: 517504355 ns, Reaching safepoint: 57582 ns, At safepoint: 16387 ns, Total: 73969 ns
[2020-02-29T05:14:18.988+0000][1][safepoint    ] Safepoint "Cleanup", Time since last: 1007087526 ns, Reaching safepoint: 78239 ns, At safepoint: 25244 ns, Total: 103483 ns
[2020-02-29T05:14:19.992+0000][1][safepoint    ] Safepoint "Cleanup", Time since last: 1004387730 ns, Reaching safepoint: 67391 ns, At safepoint: 6161 ns, Total: 73552 ns
[2020-02-29T05:14:20.489+0000][1][safepoint    ] Safepoint "RevokeBias", Time since last: 496346510 ns, Reaching safepoint: 80247 ns, At safepoint: 20312 ns, Total: 100559 ns
[2020-02-29T05:14:21.489+0000][1][safepoint    ] Safepoint "Cleanup", Time since last: 1000502311 ns, Reaching safepoint: 93437 ns, At safepoint: 11439 ns, Total: 104876 ns
[2020-02-29T05:14:22.489+0000][1][safepoint    ] Safepoint "Cleanup", Time since last: 1000242441 ns, Reaching safepoint: 95544 ns, At safepoint: 9650 ns, Total: 105194 ns
[2020-02-29T05:14:23.008+0000][1][safepoint    ] Safepoint "RevokeBias", Time since last: 518054554 ns, Reaching safepoint: 56767 ns, At safepoint: 15648 ns, Total: 72415 ns
[2020-02-29T05:14:24.012+0000][1][safepoint    ] Safepoint "Cleanup", Time since last: 1004531668 ns, Reaching safepoint: 62964 ns, At safepoint: 5750 ns, Total: 68714 ns
[2020-02-29T05:14:25.013+0000][1][safepoint    ] Safepoint "Cleanup", Time since last: 1000591991 ns, Reaching safepoint: 60101 ns, At safepoint: 5838 ns, Total: 65939 ns
[2020-02-29T05:14:25.552+0000][1][safepoint    ] Safepoint "RevokeBias", Time since last: 539294260 ns, Reaching safepoint: 149176 ns, At safepoint: 114724 ns, Total: 263900 ns
[2020-02-29T05:14:26.558+0000][1][safepoint    ] Safepoint "Cleanup", Time since last: 1005856704 ns, Reaching safepoint: 63089 ns, At safepoint: 7078 ns, Total: 70167 ns
[2020-02-29T05:14:27.569+0000][1][safepoint    ] Safepoint "Cleanup", Time since last: 1010965308 ns, Reaching safepoint: 93252 ns, At safepoint: 6611 ns, Total: 99863 ns
[2020-02-29T05:14:28.073+0000][1][safepoint    ] Safepoint "BulkRevokeBias", Time since last: 502927151 ns, Reaching safepoint: 77882 ns, At safepoint: 285027 ns, Total: 362909 ns
[2020-02-29T05:14:29.081+0000][1][safepoint    ] Safepoint "Cleanup", Time since last: 1008572056 ns, Reaching safepoint: 81603 ns, At safepoint: 7851 ns, Total: 89454 ns
[2020-02-29T05:14:30.082+0000][1][safepoint    ] Safepoint "Cleanup", Time since last: 1000499184 ns, Reaching safepoint: 99567 ns, At safepoint: 7601 ns, Total: 107168 ns
[2020-02-29T05:14:30.593+0000][1][safepoint    ] Safepoint "RevokeBias", Time since last: 510929302 ns, Reaching safepoint: 60490 ns, At safepoint: 15795 ns, Total: 76285 ns
[2020-02-29T05:14:31.600+0000][1][safepoint    ] Safepoint "Cleanup", Time since last: 1006489278 ns, Reaching safepoint: 65375 ns, At safepoint: 7330 ns, Total: 72705 ns
[2020-02-29T05:14:32.600+0000][1][safepoint    ] Safepoint "Cleanup", Time since last: 1000552661 ns, Reaching safepoint: 109931 ns, At safepoint: 7051 ns, Total: 116982 ns
[2020-02-29T05:14:33.101+0000][1][safepoint    ] Safepoint "RevokeBias", Time since last: 500421733 ns, Reaching safepoint: 79418 ns, At safepoint: 18010 ns, Total: 97428 ns
[2020-02-29T05:14:34.101+0000][1][safepoint    ] Safepoint "Cleanup", Time since last: 1000358843 ns, Reaching safepoint: 93783 ns, At safepoint: 9452 ns, Total: 103235 ns
[2020-02-29T05:14:35.101+0000][1][safepoint    ] Safepoint "Cleanup", Time since last: 1000167577 ns, Reaching safepoint: 82413 ns, At safepoint: 7548 ns, Total: 89961 ns
[2020-02-29T05:14:35.617+0000][1][safepoint    ] Safepoint "RevokeBias", Time since last: 515517644 ns, Reaching safepoint: 58762 ns, At safepoint: 18137 ns, Total: 76899 ns
[2020-02-29T05:14:36.619+0000][1][safepoint    ] Safepoint "Cleanup", Time since last: 1002152835 ns, Reaching safepoint: 63845 ns, At safepoint: 7401 ns, Total: 71246 ns
[2020-02-29T05:14:37.622+0000][1][safepoint    ] Safepoint "Cleanup", Time since last: 1003034835 ns, Reaching safepoint: 81527 ns, At safepoint: 7284 ns, Total: 88811 ns
[2020-02-29T05:14:38.140+0000][1][safepoint    ] Safepoint "RevokeBias", Time since last: 517942086 ns, Reaching safepoint: 57537 ns, At safepoint: 15949 ns, Total: 73486 ns
[2020-02-29T05:14:39.143+0000][1][safepoint    ] Safepoint "Cleanup", Time since last: 1002722161 ns, Reaching safepoint: 153422 ns, At safepoint: 23851 ns, Total: 177273 ns
[2020-02-29T05:14:40.165+0000][1][safepoint    ] Safepoint "Cleanup", Time since last: 1009846912 ns, Reaching safepoint: 11441342 ns, At safepoint: 28082 ns, Total: 11469424 ns
[2020-02-29T05:14:40.662+0000][1][safepoint    ] Safepoint "RevokeBias", Time since last: 497691496 ns, Reaching safepoint: 57143 ns, At safepoint: 15781 ns, Total: 72924 ns
[2020-02-29T05:14:41.666+0000][1][safepoint    ] Safepoint "Cleanup", Time since last: 1003735484 ns, Reaching safepoint: 63352 ns, At safepoint: 7543 ns, Total: 70895 ns
[2020-02-29T05:14:42.667+0000][1][safepoint    ] Safepoint "Cleanup", Time since last: 1000651865 ns, Reaching safepoint: 82088 ns, At safepoint: 8953 ns, Total: 91041 ns
[2020-02-29T05:14:43.180+0000][1][safepoint    ] Safepoint "RevokeBias", Time since last: 512630174 ns, Reaching safepoint: 58913 ns, At safepoint: 15308 ns, Total: 74221 ns
[2020-02-29T05:14:44.188+0000][1][safepoint    ] Safepoint "Cleanup", Time since last: 1008542648 ns, Reaching safepoint: 62901 ns, At safepoint: 6704 ns, Total: 69605 ns
[2020-02-29T05:14:45.189+0000][1][safepoint    ] Safepoint "Cleanup", Time since last: 1000608494 ns, Reaching safepoint: 110404 ns, At safepoint: 7290 ns, Total: 117694 ns
[2020-02-29T05:14:45.695+0000][1][safepoint    ] Safepoint "RevokeBias", Time since last: 505554080 ns, Reaching safepoint: 79249 ns, At safepoint: 18688 ns, Total: 97937 ns
[2020-02-29T05:14:46.696+0000][1][safepoint    ] Safepoint "Cleanup", Time since last: 1000849695 ns, Reaching safepoint: 86076 ns, At safepoint: 9373 ns, Total: 95449 ns
[2020-02-29T05:14:47.696+0000][1][safepoint    ] Safepoint "Cleanup", Time since last: 1000310094 ns, Reaching safepoint: 63980 ns, At safepoint: 7010 ns, Total: 70990 ns
[2020-02-29T05:14:48.213+0000][1][safepoint    ] Safepoint "RevokeBias", Time since last: 516733923 ns, Reaching safepoint: 76985 ns, At safepoint: 73300 ns, Total: 150285 ns
[2020-02-29T05:14:49.214+0000][1][safepoint    ] Safepoint "Cleanup", Time since last: 1001491618 ns, Reaching safepoint: 79460 ns, At safepoint: 6684 ns, Total: 86144 ns
[2020-02-29T05:14:50.217+0000][1][safepoint    ] Safepoint "Cleanup", Time since last: 1002875178 ns, Reaching safepoint: 63753 ns, At safepoint: 7165 ns, Total: 70918 ns
[2020-02-29T05:14:50.732+0000][1][safepoint    ] Safepoint "RevokeBias", Time since last: 514640137 ns, Reaching safepoint: 79652 ns, At safepoint: 18836 ns, Total: 98488 ns
[2020-02-29T05:14:51.734+0000][1][safepoint    ] Safepoint "Cleanup", Time since last: 1002098079 ns, Reaching safepoint: 61480 ns, At safepoint: 6957 ns, Total: 68437 ns
[2020-02-29T05:14:52.738+0000][1][safepoint    ] Safepoint "Cleanup", Time since last: 1004073666 ns, Reaching safepoint: 79758 ns, At safepoint: 7220 ns, Total: 86978 ns
[2020-02-29T05:14:53.249+0000][1][safepoint    ] Safepoint "RevokeBias", Time since last: 510832225 ns, Reaching safepoint: 78256 ns, At safepoint: 17154 ns, Total: 95410 ns
[2020-02-29T05:14:54.251+0000][1][safepoint    ] Safepoint "Cleanup", Time since last: 1001150100 ns, Reaching safepoint: 97760 ns, At safepoint: 10136 ns, Total: 107896 ns
[2020-02-29T05:14:55.251+0000][1][safepoint    ] Safepoint "Cleanup", Time since last: 1000413238 ns, Reaching safepoint: 93046 ns, At safepoint: 9832 ns, Total: 102878 ns
[2020-02-29T05:14:55.768+0000][1][safepoint    ] Safepoint "RevokeBias", Time since last: 516993702 ns, Reaching safepoint: 58383 ns, At safepoint: 16014 ns, Total: 74397 ns
[2020-02-29T05:14:56.769+0000][1][safepoint    ] Safepoint "Cleanup", Time since last: 1000860696 ns, Reaching safepoint: 113935 ns, At safepoint: 6783 ns, Total: 120718 ns
[2020-02-29T05:14:57.775+0000][1][safepoint    ] Safepoint "Cleanup", Time since last: 1006060213 ns, Reaching safepoint: 64098 ns, At safepoint: 7485 ns, Total: 71583 ns
[2020-02-29T05:14:58.280+0000][1][safepoint    ] Safepoint "RevokeBias", Time since last: 504402534 ns, Reaching safepoint: 140794 ns, At safepoint: 108607 ns, Total: 249401 ns
[2020-02-29T05:14:59.281+0000][1][safepoint    ] Safepoint "Cleanup", Time since last: 1000857377 ns, Reaching safepoint: 92336 ns, At safepoint: 7468 ns, Total: 99804 ns
[2020-02-29T05:15:00.282+0000][1][safepoint    ] Safepoint "Cleanup", Time since last: 1000832520 ns, Reaching safepoint: 63881 ns, At safepoint: 6699 ns, Total: 70580 ns
[2020-02-29T05:15:00.800+0000][1][safepoint    ] Safepoint "RevokeBias", Time since last: 517798333 ns, Reaching safepoint: 183537 ns, At safepoint: 39370 ns, Total: 222907 ns
[2020-02-29T05:15:01.801+0000][1][safepoint    ] Safepoint "Cleanup", Time since last: 1001334726 ns, Reaching safepoint: 78277 ns, At safepoint: 6465 ns, Total: 84742 ns
[2020-02-29T05:15:02.806+0000][1][safepoint    ] Safepoint "Cleanup", Time since last: 1004360210 ns, Reaching safepoint: 78507 ns, At safepoint: 7003 ns, Total: 85510 ns
[2020-02-29T05:15:03.327+0000][1][safepoint    ] Safepoint "RevokeBias", Time since last: 520967809 ns, Reaching safepoint: 103517 ns, At safepoint: 19108 ns, Total: 122625 ns
[2020-02-29T05:15:04.329+0000][1][safepoint    ] Safepoint "Cleanup", Time since last: 1001989556 ns, Reaching safepoint: 63964 ns, At safepoint: 7187 ns, Total: 71151 ns
[2020-02-29T05:15:05.332+0000][1][safepoint    ] Safepoint "Cleanup", Time since last: 1002722055 ns, Reaching safepoint: 80397 ns, At safepoint: 7304 ns, Total: 87701 ns
[2020-02-29T05:15:05.840+0000][1][safepoint    ] Safepoint "RevokeBias", Time since last: 508091530 ns, Reaching safepoint: 93060 ns, At safepoint: 21855 ns, Total: 114915 ns
[2020-02-29T05:15:06.841+0000][1][safepoint    ] Safepoint "Cleanup", Time since last: 1000889031 ns, Reaching safepoint: 82039 ns, At safepoint: 7852 ns, Total: 89891 ns
[2020-02-29T05:15:07.842+0000][1][safepoint    ] Safepoint "Cleanup", Time since last: 1001035860 ns, Reaching safepoint: 95870 ns, At safepoint: 10530 ns, Total: 106400 ns
[2020-02-29T05:15:08.357+0000][1][safepoint    ] Safepoint "RevokeBias", Time since last: 514740879 ns, Reaching safepoint: 84981 ns, At safepoint: 17767 ns, Total: 102748 ns
[2020-02-29T05:15:09.368+0000][1][safepoint    ] Safepoint "Cleanup", Time since last: 1010708979 ns, Reaching safepoint: 118227 ns, At safepoint: 22246 ns, Total: 140473 ns
[2020-02-29T05:15:10.369+0000][1][safepoint    ] Safepoint "Cleanup", Time since last: 1000985179 ns, Reaching safepoint: 63329 ns, At safepoint: 7219 ns, Total: 70548 ns
[2020-02-29T05:15:10.882+0000][1][safepoint    ] Safepoint "RevokeBias", Time since last: 513149490 ns, Reaching safepoint: 57556 ns, At safepoint: 15482 ns, Total: 73038 ns
[2020-02-29T05:15:11.886+0000][1][safepoint    ] Safepoint "Cleanup", Time since last: 1004356491 ns, Reaching safepoint: 107807 ns, At safepoint: 6803 ns, Total: 114610 ns
[2020-02-29T05:15:12.894+0000][1][safepoint    ] Safepoint "Cleanup", Time since last: 1007671226 ns, Reaching safepoint: 98480 ns, At safepoint: 9328 ns, Total: 107808 ns
[2020-02-29T05:15:13.408+0000][1][safepoint    ] Safepoint "RevokeBias", Time since last: 513763956 ns, Reaching safepoint: 78430 ns, At safepoint: 17422 ns, Total: 95852 ns
[2020-02-29T05:15:14.413+0000][1][safepoint    ] Safepoint "Cleanup", Time since last: 1004717189 ns, Reaching safepoint: 59994 ns, At safepoint: 5703 ns, Total: 65697 ns
[2020-02-29T05:15:15.422+0000][1][safepoint    ] Safepoint "Cleanup", Time since last: 1009110394 ns, Reaching safepoint: 164350 ns, At safepoint: 6312 ns, Total: 170662 ns
[2020-02-29T05:15:15.928+0000][1][safepoint    ] Safepoint "RevokeBias", Time since last: 505497905 ns, Reaching safepoint: 160159 ns, At safepoint: 23338 ns, Total: 183497 ns
[2020-02-29T05:15:16.931+0000][1][safepoint    ] Safepoint "Cleanup", Time since last: 1003328218 ns, Reaching safepoint: 75787 ns, At safepoint: 7235 ns, Total: 83022 ns
[2020-02-29T05:15:17.938+0000][1][safepoint    ] Safepoint "Cleanup", Time since last: 1006575407 ns, Reaching safepoint: 62886 ns, At safepoint: 7449 ns, Total: 70335 ns
[2020-02-29T05:15:18.443+0000][1][safepoint    ] Safepoint "RevokeBias", Time since last: 504640440 ns, Reaching safepoint: 59077 ns, At safepoint: 15288 ns, Total: 74365 ns
[2020-02-29T05:15:19.445+0000][1][safepoint    ] Safepoint "Cleanup", Time since last: 1002624354 ns, Reaching safepoint: 65127 ns, At safepoint: 7537 ns, Total: 72664 ns
[2020-02-29T05:15:20.446+0000][1][safepoint    ] Safepoint "Cleanup", Time since last: 1000884511 ns, Reaching safepoint: 69136 ns, At safepoint: 6793 ns, Total: 75929 ns
[2020-02-29T05:15:20.960+0000][1][safepoint    ] Safepoint "RevokeBias", Time since last: 514040814 ns, Reaching safepoint: 58914 ns, At safepoint: 15910 ns, Total: 74824 ns
[2020-02-29T05:15:21.961+0000][1][safepoint    ] Safepoint "Cleanup", Time since last: 1000368142 ns, Reaching safepoint: 94482 ns, At safepoint: 6714 ns, Total: 101196 ns
[2020-02-29T05:15:22.971+0000][1][safepoint    ] Safepoint "Cleanup", Time since last: 1010009705 ns, Reaching safepoint: 111291 ns, At safepoint: 26107 ns, Total: 137398 ns
[2020-02-29T05:15:23.468+0000][1][safepoint    ] Safepoint "RevokeBias", Time since last: 497210077 ns, Reaching safepoint: 91425 ns, At safepoint: 20545 ns, Total: 111970 ns
[2020-02-29T05:15:24.469+0000][1][safepoint    ] Safepoint "Cleanup", Time since last: 1000274546 ns, Reaching safepoint: 96837 ns, At safepoint: 9923 ns, Total: 106760 ns
[2020-02-29T05:15:25.469+0000][1][safepoint    ] Safepoint "Cleanup", Time since last: 1000269315 ns, Reaching safepoint: 90613 ns, At safepoint: 8988 ns, Total: 99601 ns
[2020-02-29T05:15:25.985+0000][1][safepoint    ] Safepoint "RevokeBias", Time since last: 516199642 ns, Reaching safepoint: 78524 ns, At safepoint: 18145 ns, Total: 96669 ns
[2020-02-29T05:15:26.986+0000][1][safepoint    ] Safepoint "Cleanup", Time since last: 1000289967 ns, Reaching safepoint: 63597 ns, At safepoint: 6927 ns, Total: 70524 ns
[2020-02-29T05:15:27.987+0000][1][safepoint    ] Safepoint "Cleanup", Time since last: 1001258088 ns, Reaching safepoint: 87384 ns, At safepoint: 8232 ns, Total: 95616 ns
[2020-02-29T05:15:28.502+0000][1][safepoint    ] Safepoint "RevokeBias", Time since last: 515236142 ns, Reaching safepoint: 56980 ns, At safepoint: 16505 ns, Total: 73485 ns
[2020-02-29T05:15:29.503+0000][1][safepoint    ] Safepoint "Cleanup", Time since last: 1000255424 ns, Reaching safepoint: 113886 ns, At safepoint: 6675 ns, Total: 120561 ns
[2020-02-29T05:15:30.504+0000][1][safepoint    ] Safepoint "Cleanup", Time since last: 1000918418 ns, Reaching safepoint: 79290 ns, At safepoint: 7309 ns, Total: 86599 ns
[2020-02-29T05:15:31.022+0000][1][safepoint    ] Safepoint "RevokeBias", Time since last: 518289426 ns, Reaching safepoint: 148810 ns, At safepoint: 34456 ns, Total: 183266 ns
[2020-02-29T05:15:32.027+0000][1][safepoint    ] Safepoint "Cleanup", Time since last: 1004822070 ns, Reaching safepoint: 108278 ns, At safepoint: 7036 ns, Total: 115314 ns
[2020-02-29T05:15:33.080+0000][1][safepoint    ] Safepoint "Cleanup", Time since last: 1052899726 ns, Reaching safepoint: 83401 ns, At safepoint: 7937 ns, Total: 91338 ns
[2020-02-29T05:15:33.543+0000][1][safepoint    ] Safepoint "RevokeBias", Time since last: 462803896 ns, Reaching safepoint: 77112 ns, At safepoint: 17517 ns, Total: 94629 ns
[2020-02-29T05:15:34.545+0000][1][safepoint    ] Safepoint "Cleanup", Time since last: 1001384752 ns, Reaching safepoint: 79447 ns, At safepoint: 7292 ns, Total: 86739 ns
[2020-02-29T05:15:35.549+0000][1][safepoint    ] Safepoint "Cleanup", Time since last: 1004165440 ns, Reaching safepoint: 60502 ns, At safepoint: 6662 ns, Total: 67164 ns
[2020-02-29T05:15:36.068+0000][1][safepoint    ] Safepoint "RevokeBias", Time since last: 519251745 ns, Reaching safepoint: 58589 ns, At safepoint: 16000 ns, Total: 74589 ns
[2020-02-29T05:15:37.069+0000][1][safepoint    ] Safepoint "Cleanup", Time since last: 1000759641 ns, Reaching safepoint: 102512 ns, At safepoint: 8949 ns, Total: 111461 ns
[2020-02-29T05:15:38.070+0000][1][safepoint    ] Safepoint "Cleanup", Time since last: 1000925207 ns, Reaching safepoint: 83431 ns, At safepoint: 6168 ns, Total: 89599 ns
[2020-02-29T05:15:38.602+0000][1][safepoint    ] Safepoint "RevokeBias", Time since last: 532145743 ns, Reaching safepoint: 60063 ns, At safepoint: 16538 ns, Total: 76601 ns
[2020-02-29T05:15:39.608+0000][1][safepoint    ] Safepoint "Cleanup", Time since last: 1006005370 ns, Reaching safepoint: 63936 ns, At safepoint: 7103 ns, Total: 71039 ns
[2020-02-29T05:15:40.614+0000][1][safepoint    ] Safepoint "Cleanup", Time since last: 1005014112 ns, Reaching safepoint: 194836 ns, At safepoint: 7879 ns, Total: 202715 ns
[2020-02-29T05:15:41.125+0000][1][safepoint    ] Safepoint "BulkRevokeBias", Time since last: 510959879 ns, Reaching safepoint: 57704 ns, At safepoint: 270481 ns, Total: 328185 ns
[2020-02-29T05:15:42.130+0000][1][safepoint    ] Safepoint "Cleanup", Time since last: 1005382509 ns, Reaching safepoint: 63450 ns, At safepoint: 7112 ns, Total: 70562 ns
[2020-02-29T05:15:43.134+0000][1][safepoint    ] Safepoint "Cleanup", Time since last: 1003928995 ns, Reaching safepoint: 83525 ns, At safepoint: 7253 ns, Total: 90778 ns
[2020-02-29T05:15:43.645+0000][1][safepoint    ] Safepoint "RevokeBias", Time since last: 510493404 ns, Reaching safepoint: 127782 ns, At safepoint: 17893 ns, Total: 145675 ns
[2020-02-29T05:15:44.648+0000][1][safepoint    ] Safepoint "Cleanup", Time since last: 1003361852 ns, Reaching safepoint: 82285 ns, At safepoint: 7758 ns, Total: 90043 ns
[2020-02-29T05:15:45.650+0000][1][safepoint    ] Safepoint "Cleanup", Time since last: 1001376286 ns, Reaching safepoint: 81318 ns, At safepoint: 6773 ns, Total: 88091 ns
[2020-02-29T05:15:46.170+0000][1][safepoint    ] Safepoint "RevokeBias", Time since last: 519661729 ns, Reaching safepoint: 76108 ns, At safepoint: 18596 ns, Total: 94704 ns
[2020-02-29T05:15:47.171+0000][1][safepoint    ] Safepoint "Cleanup", Time since last: 1001280677 ns, Reaching safepoint: 61524 ns, At safepoint: 6734 ns, Total: 68258 ns
[2020-02-29T05:15:48.181+0000][1][safepoint    ] Safepoint "Cleanup", Time since last: 1010195734 ns, Reaching safepoint: 62817 ns, At safepoint: 7884 ns, Total: 70701 ns
[2020-02-29T05:15:48.684+0000][1][safepoint    ] Safepoint "RevokeBias", Time since last: 502305987 ns, Reaching safepoint: 107301 ns, At safepoint: 21346 ns, Total: 128647 ns
[2020-02-29T05:15:49.684+0000][1][safepoint    ] Safepoint "Cleanup", Time since last: 1000462014 ns, Reaching safepoint: 87298 ns, At safepoint: 9327 ns, Total: 96625 ns
[2020-02-29T05:15:50.685+0000][1][safepoint    ] Safepoint "Cleanup", Time since last: 1000360154 ns, Reaching safepoint: 85741 ns, At safepoint: 9077 ns, Total: 94818 ns
[2020-02-29T05:15:51.199+0000][1][safepoint    ] Safepoint "RevokeBias", Time since last: 514755502 ns, Reaching safepoint: 57276 ns, At safepoint: 16316 ns, Total: 73592 ns
[2020-02-29T05:15:52.200+0000][1][safepoint    ] Safepoint "Cleanup", Time since last: 1000862861 ns, Reaching safepoint: 117426 ns, At safepoint: 23665 ns, Total: 141091 ns
[2020-02-29T05:15:53.201+0000][1][safepoint    ] Safepoint "Cleanup", Time since last: 1000198110 ns, Reaching safepoint: 171927 ns, At safepoint: 23806 ns, Total: 195733 ns
[2020-02-29T05:15:53.720+0000][1][safepoint    ] Safepoint "RevokeBias", Time since last: 518864712 ns, Reaching safepoint: 59947 ns, At safepoint: 16122 ns, Total: 76069 ns
[2020-02-29T05:15:54.721+0000][1][safepoint    ] Safepoint "Cleanup", Time since last: 1001079825 ns, Reaching safepoint: 65146 ns, At safepoint: 7311 ns, Total: 72457 ns
[2020-02-29T05:15:55.722+0000][1][safepoint    ] Safepoint "Cleanup", Time since last: 1001226247 ns, Reaching safepoint: 137300 ns, At safepoint: 24551 ns, Total: 161851 ns
[2020-02-29T05:15:56.241+0000][1][safepoint    ] Safepoint "RevokeBias", Time since last: 518761066 ns, Reaching safepoint: 132845 ns, At safepoint: 32665 ns, Total: 165510 ns
[2020-02-29T05:15:57.242+0000][1][safepoint    ] Safepoint "Cleanup", Time since last: 1000342130 ns, Reaching safepoint: 92142 ns, At safepoint: 7458 ns, Total: 99600 ns
[2020-02-29T05:15:58.243+0000][1][safepoint    ] Safepoint "Cleanup", Time since last: 1001066959 ns, Reaching safepoint: 61142 ns, At safepoint: 5810 ns, Total: 66952 ns
[2020-02-29T05:15:58.765+0000][1][safepoint    ] Safepoint "RevokeBias", Time since last: 522207127 ns, Reaching safepoint: 56382 ns, At safepoint: 16114 ns, Total: 72496 ns
[2020-02-29T05:15:59.766+0000][1][safepoint    ] Safepoint "Cleanup", Time since last: 1001042342 ns, Reaching safepoint: 80416 ns, At safepoint: 7780 ns, Total: 88196 ns
[2020-02-29T05:16:00.773+0000][1][safepoint    ] Safepoint "Cleanup", Time since last: 1006715973 ns, Reaching safepoint: 62660 ns, At safepoint: 6962 ns, Total: 69622 ns
[2020-02-29T05:16:01.276+0000][1][safepoint    ] Safepoint "RevokeBias", Time since last: 502922643 ns, Reaching safepoint: 77796 ns, At safepoint: 35460 ns, Total: 113256 ns
[2020-02-29T05:16:02.277+0000][1][safepoint    ] Safepoint "Cleanup", Time since last: 1000404968 ns, Reaching safepoint: 84393 ns, At safepoint: 8794 ns, Total: 93187 ns
[2020-02-29T05:16:03.280+0000][1][safepoint    ] Safepoint "Cleanup", Time since last: 1003451270 ns, Reaching safepoint: 62611 ns, At safepoint: 6731 ns, Total: 69342 ns
[2020-02-29T05:16:03.792+0000][1][safepoint    ] Safepoint "RevokeBias", Time since last: 511343306 ns, Reaching safepoint: 56826 ns, At safepoint: 16337 ns, Total: 73163 ns
[2020-02-29T05:16:04.793+0000][1][safepoint    ] Safepoint "Cleanup", Time since last: 1001860007 ns, Reaching safepoint: 61907 ns, At safepoint: 6945 ns, Total: 68852 ns
[2020-02-29T05:16:05.798+0000][1][safepoint    ] Safepoint "Cleanup", Time since last: 1004819121 ns, Reaching safepoint: 56374 ns, At safepoint: 5476 ns, Total: 61850 ns
[2020-02-29T05:16:06.324+0000][1][safepoint    ] Safepoint "RevokeBias", Time since last: 525616622 ns, Reaching safepoint: 77798 ns, At safepoint: 16991 ns, Total: 94789 ns
[2020-02-29T05:16:07.333+0000][1][safepoint    ] Safepoint "Cleanup", Time since last: 1009200910 ns, Reaching safepoint: 85565 ns, At safepoint: 8245 ns, Total: 93810 ns
[2020-02-29T05:16:08.334+0000][1][safepoint    ] Safepoint "Cleanup", Time since last: 1000961326 ns, Reaching safepoint: 80291 ns, At safepoint: 7017 ns, Total: 87308 ns
[2020-02-29T05:16:08.845+0000][1][safepoint    ] Safepoint "RevokeBias", Time since last: 510077343 ns, Reaching safepoint: 57532 ns, At safepoint: 16555 ns, Total: 74087 ns
[2020-02-29T05:16:09.845+0000][1][safepoint    ] Safepoint "Cleanup", Time since last: 1000665933 ns, Reaching safepoint: 79775 ns, At safepoint: 7376 ns, Total: 87151 ns
[2020-02-29T05:16:10.851+0000][1][safepoint    ] Safepoint "Cleanup", Time since last: 1005996752 ns, Reaching safepoint: 79907 ns, At safepoint: 6824 ns, Total: 86731 ns
[2020-02-29T05:16:11.367+0000][1][safepoint    ] Safepoint "RevokeBias", Time since last: 515410808 ns, Reaching safepoint: 83215 ns, At safepoint: 35099 ns, Total: 118314 ns
[2020-02-29T05:16:12.367+0000][1][safepoint    ] Safepoint "Cleanup", Time since last: 1000427937 ns, Reaching safepoint: 80834 ns, At safepoint: 7204 ns, Total: 88038 ns
[2020-02-29T05:16:13.368+0000][1][safepoint    ] Safepoint "Cleanup", Time since last: 1000349338 ns, Reaching safepoint: 81017 ns, At safepoint: 6991 ns, Total: 88008 ns
[2020-02-29T05:16:13.882+0000][1][safepoint    ] Safepoint "RevokeBias", Time since last: 513601256 ns, Reaching safepoint: 81116 ns, At safepoint: 18914 ns, Total: 100030 ns
[2020-02-29T05:16:14.883+0000][1][safepoint    ] Safepoint "Cleanup", Time since last: 1001483794 ns, Reaching safepoint: 129260 ns, At safepoint: 7013 ns, Total: 136273 ns
[2020-02-29T05:16:15.884+0000][1][safepoint    ] Safepoint "Cleanup", Time since last: 1000924251 ns, Reaching safepoint: 92173 ns, At safepoint: 5992 ns, Total: 98165 ns
[2020-02-29T05:16:16.394+0000][1][safepoint    ] Safepoint "RevokeBias", Time since last: 510101533 ns, Reaching safepoint: 95414 ns, At safepoint: 36610 ns, Total: 132024 ns
[2020-02-29T05:16:17.395+0000][1][safepoint    ] Safepoint "Cleanup", Time since last: 1000318324 ns, Reaching safepoint: 87306 ns, At safepoint: 8093 ns, Total: 95399 ns
[2020-02-29T05:16:18.395+0000][1][safepoint    ] Safepoint "Cleanup", Time since last: 1000198672 ns, Reaching safepoint: 92812 ns, At safepoint: 9985 ns, Total: 102797 ns
[2020-02-29T05:16:18.909+0000][1][safepoint    ] Safepoint "RevokeBias", Time since last: 513925200 ns, Reaching safepoint: 57528 ns, At safepoint: 16086 ns, Total: 73614 ns
[2020-02-29T05:16:19.920+0000][1][safepoint    ] Safepoint "Cleanup", Time since last: 1011050013 ns, Reaching safepoint: 60827 ns, At safepoint: 7213 ns, Total: 68040 ns
[2020-02-29T05:16:20.934+0000][1][safepoint    ] Safepoint "Cleanup", Time since last: 1013706160 ns, Reaching safepoint: 62922 ns, At safepoint: 6923 ns, Total: 69845 ns
[2020-02-29T05:16:21.446+0000][1][safepoint    ] Safepoint "RevokeBias", Time since last: 512310052 ns, Reaching safepoint: 79393 ns, At safepoint: 17387 ns, Total: 96780 ns
[2020-02-29T05:16:22.451+0000][1][safepoint    ] Safepoint "Cleanup", Time since last: 1004661388 ns, Reaching safepoint: 67346 ns, At safepoint: 7747 ns, Total: 75093 ns
[2020-02-29T05:16:23.456+0000][1][safepoint    ] Safepoint "Cleanup", Time since last: 1004913543 ns, Reaching safepoint: 82910 ns, At safepoint: 6830 ns, Total: 89740 ns
[2020-02-29T05:16:23.969+0000][1][safepoint    ] Safepoint "RevokeBias", Time since last: 513101852 ns, Reaching safepoint: 80125 ns, At safepoint: 18693 ns, Total: 98818 ns
[2020-02-29T05:16:24.976+0000][1][safepoint    ] Safepoint "Cleanup", Time since last: 1006288218 ns, Reaching safepoint: 63689 ns, At safepoint: 7405 ns, Total: 71094 ns
[2020-02-29T05:16:25.981+0000][1][safepoint    ] Safepoint "Cleanup", Time since last: 1005424592 ns, Reaching safepoint: 62355 ns, At safepoint: 7448 ns, Total: 69803 ns
[2020-02-29T05:16:26.474+0000][1][safepoint    ] Safepoint "RevokeBias", Time since last: 492217982 ns, Reaching safepoint: 79358 ns, At safepoint: 18233 ns, Total: 97591 ns
[2020-02-29T05:16:27.474+0000][1][safepoint    ] Safepoint "Cleanup", Time since last: 1000301511 ns, Reaching safepoint: 82017 ns, At safepoint: 7398 ns, Total: 89415 ns
[2020-02-29T05:16:28.474+0000][1][safepoint    ] Safepoint "Cleanup", Time since last: 1000164925 ns, Reaching safepoint: 112293 ns, At safepoint: 7552 ns, Total: 119845 ns
[2020-02-29T05:16:28.989+0000][1][safepoint    ] Safepoint "RevokeBias", Time since last: 514385129 ns, Reaching safepoint: 273994 ns, At safepoint: 56522 ns, Total: 330516 ns
[2020-02-29T05:16:29.990+0000][1][safepoint    ] Safepoint "Cleanup", Time since last: 1000940322 ns, Reaching safepoint: 72090 ns, At safepoint: 7381 ns, Total: 79471 ns
[2020-02-29T05:16:31.000+0000][1][safepoint    ] Safepoint "Cleanup", Time since last: 1010139239 ns, Reaching safepoint: 62747 ns, At safepoint: 6209 ns, Total: 68956 ns
[2020-02-29T05:16:31.498+0000][1][safepoint    ] Safepoint "RevokeBias", Time since last: 497764383 ns, Reaching safepoint: 110386 ns, At safepoint: 19795 ns, Total: 130181 ns
[2020-02-29T05:16:32.499+0000][1][safepoint    ] Safepoint "Cleanup", Time since last: 1000497907 ns, Reaching safepoint: 95321 ns, At safepoint: 8514 ns, Total: 103835 ns
[2020-02-29T05:16:33.501+0000][1][safepoint    ] Safepoint "Cleanup", Time since last: 1002018633 ns, Reaching safepoint: 63724 ns, At safepoint: 7339 ns, Total: 71063 ns
[2020-02-29T05:16:34.007+0000][1][safepoint    ] Safepoint "RevokeBias", Time since last: 506095985 ns, Reaching safepoint: 130206 ns, At safepoint: 17483 ns, Total: 147689 ns
[2020-02-29T05:16:35.008+0000][1][safepoint    ] Safepoint "Cleanup", Time since last: 1001098012 ns, Reaching safepoint: 63067 ns, At safepoint: 7152 ns, Total: 70219 ns
[2020-02-29T05:16:35.575+0000][1][gc,start     ] GC(44) Pause Young (Allocation Failure)
[2020-02-29T05:16:35.575+0000][1][gc,task      ] GC(44) Using 1 workers of 1 for evacuation
[2020-02-29T05:16:35.589+0000][1][gc,age       ] GC(44) Desired survivor size 4358144 bytes, new threshold 6 (max threshold 6)
[2020-02-29T05:16:35.589+0000][1][gc,age       ] GC(44) Age table with threshold 6 (max threshold 6)
[2020-02-29T05:16:35.589+0000][1][gc,age       ] GC(44) - age   1:      12720 bytes,      12720 total
[2020-02-29T05:16:35.589+0000][1][gc,age       ] GC(44) - age   2:       1304 bytes,      14024 total
[2020-02-29T05:16:35.590+0000][1][gc,age       ] GC(44) - age   3:       2232 bytes,      16256 total
[2020-02-29T05:16:35.590+0000][1][gc,age       ] GC(44) - age   4:       3656 bytes,      19912 total
[2020-02-29T05:16:35.590+0000][1][gc,age       ] GC(44) - age   5:       1376 bytes,      21288 total
[2020-02-29T05:16:35.590+0000][1][gc,age       ] GC(44) - age   6:       2528 bytes,      23816 total
[2020-02-29T05:16:35.590+0000][1][gc,heap      ] GC(44) ParNew: 68187K->26K(76672K)
[2020-02-29T05:16:35.590+0000][1][gc,heap      ] GC(44) CMS: 62504K->62508K(963392K)
[2020-02-29T05:16:35.590+0000][1][gc,metaspace ] GC(44) Metaspace: 79316K->79316K(1122304K)
[2020-02-29T05:16:35.590+0000][1][gc           ] GC(44) Pause Young (Allocation Failure) 127M->61M(1015M) 14.467ms
[2020-02-29T05:16:35.590+0000][1][gc,cpu       ] GC(44) User=0.01s Sys=0.00s Real=0.01s
[2020-02-29T05:16:35.590+0000][1][safepoint    ] Safepoint "GenCollectForAllocation", Time since last: 566876170 ns, Reaching safepoint: 77647 ns, At safepoint: 14521908 ns, Total: 14599555 ns
[2020-02-29T05:16:36.532+0000][1][safepoint    ] Safepoint "RevokeBias", Time since last: 942752231 ns, Reaching safepoint: 56823 ns, At safepoint: 16264 ns, Total: 73087 ns
[2020-02-29T05:16:37.533+0000][1][safepoint    ] Safepoint "Cleanup", Time since last: 1000277203 ns, Reaching safepoint: 81259 ns, At safepoint: 5995 ns, Total: 87254 ns
[2020-02-29T05:16:38.535+0000][1][safepoint    ] Safepoint "Cleanup", Time since last: 1002208775 ns, Reaching safepoint: 220769 ns, At safepoint: 5579 ns, Total: 226348 ns
[2020-02-29T05:16:39.054+0000][1][safepoint    ] Safepoint "RevokeBias", Time since last: 518707859 ns, Reaching safepoint: 79079 ns, At safepoint: 18000 ns, Total: 97079 ns
[2020-02-29T05:16:40.062+0000][1][safepoint    ] Safepoint "Cleanup", Time since last: 1002029335 ns, Reaching safepoint: 5981209 ns, At safepoint: 10555 ns, Total: 5991764 ns
[2020-02-29T05:16:41.063+0000][1][safepoint    ] Safepoint "Cleanup", Time since last: 1000574039 ns, Reaching safepoint: 86045 ns, At safepoint: 7909 ns, Total: 93954 ns
[2020-02-29T05:16:41.577+0000][1][safepoint    ] Safepoint "RevokeBias", Time since last: 513912618 ns, Reaching safepoint: 79514 ns, At safepoint: 18130 ns, Total: 97644 ns
[2020-02-29T05:16:42.581+0000][1][safepoint    ] Safepoint "Cleanup", Time since last: 1004435379 ns, Reaching safepoint: 80085 ns, At safepoint: 7188 ns, Total: 87273 ns
[2020-02-29T05:16:43.586+0000][1][safepoint    ] Safepoint "Cleanup", Time since last: 1005051981 ns, Reaching safepoint: 110571 ns, At safepoint: 7148 ns, Total: 117719 ns
[2020-02-29T05:16:44.088+0000][1][safepoint    ] Safepoint "RevokeBias", Time since last: 501065528 ns, Reaching safepoint: 79122 ns, At safepoint: 17862 ns, Total: 96984 ns
[2020-02-29T05:16:45.090+0000][1][safepoint    ] Safepoint "Cleanup", Time since last: 1002223751 ns, Reaching safepoint: 98968 ns, At safepoint: 7306 ns, Total: 106274 ns
[2020-02-29T05:16:46.091+0000][1][safepoint    ] Safepoint "Cleanup", Time since last: 1001101777 ns, Reaching safepoint: 110121 ns, At safepoint: 7083 ns, Total: 117204 ns
[2020-02-29T05:16:46.602+0000][1][safepoint    ] Safepoint "RevokeBias", Time since last: 511109499 ns, Reaching safepoint: 78203 ns, At safepoint: 112167 ns, Total: 190370 ns
[2020-02-29T05:16:47.603+0000][1][safepoint    ] Safepoint "Cleanup", Time since last: 1000915548 ns, Reaching safepoint: 82344 ns, At safepoint: 7198 ns, Total: 89542 ns
[2020-02-29T05:16:48.605+0000][1][safepoint    ] Safepoint "Cleanup", Time since last: 1001791197 ns, Reaching safepoint: 81892 ns, At safepoint: 7539 ns, Total: 89431 ns
[2020-02-29T05:16:49.123+0000][1][safepoint    ] Safepoint "RevokeBias", Time since last: 517944678 ns, Reaching safepoint: 57022 ns, At safepoint: 15371 ns, Total: 72393 ns
[2020-02-29T05:16:50.124+0000][1][safepoint    ] Safepoint "Cleanup", Time since last: 1000791223 ns, Reaching safepoint: 64213 ns, At safepoint: 7141 ns, Total: 71354 ns
[2020-02-29T05:16:51.128+0000][1][safepoint    ] Safepoint "Cleanup", Time since last: 1003923188 ns, Reaching safepoint: 63309 ns, At safepoint: 7608 ns, Total: 70917 ns
[2020-02-29T05:16:51.650+0000][1][safepoint    ] Safepoint "RevokeBias", Time since last: 521674171 ns, Reaching safepoint: 63051 ns, At safepoint: 17637 ns, Total: 80688 ns
[2020-02-29T05:16:52.734+0000][1][safepoint    ] Safepoint "Cleanup", Time since last: 1084224289 ns, Reaching safepoint: 94283 ns, At safepoint: 7923 ns, Total: 102206 ns
[2020-02-29T05:16:53.735+0000][1][safepoint    ] Safepoint "Cleanup", Time since last: 1000539466 ns, Reaching safepoint: 93256 ns, At safepoint: 10031 ns, Total: 103287 ns
[2020-02-29T05:16:54.176+0000][1][safepoint    ] Safepoint "BulkRevokeBias", Time since last: 440506763 ns, Reaching safepoint: 57511 ns, At safepoint: 620974 ns, Total: 678485 ns
[2020-02-29T05:16:55.182+0000][1][safepoint    ] Safepoint "Cleanup", Time since last: 1006213852 ns, Reaching safepoint: 60750 ns, At safepoint: 5686 ns, Total: 66436 ns
[2020-02-29T05:16:56.183+0000][1][safepoint    ] Safepoint "Cleanup", Time since last: 1000668745 ns, Reaching safepoint: 58193 ns, At safepoint: 5374 ns, Total: 63567 ns
[2020-02-29T05:16:56.699+0000][1][safepoint    ] Safepoint "RevokeBias", Time since last: 516247404 ns, Reaching safepoint: 57654 ns, At safepoint: 16366 ns, Total: 74020 ns
[2020-02-29T05:16:57.706+0000][1][safepoint    ] Safepoint "Cleanup", Time since last: 1006770080 ns, Reaching safepoint: 79087 ns, At safepoint: 6049 ns, Total: 85136 ns
[2020-02-29T05:16:58.710+0000][1][safepoint    ] Safepoint "Cleanup", Time since last: 1003975567 ns, Reaching safepoint: 60995 ns, At safepoint: 6030 ns, Total: 67025 ns
[2020-02-29T05:16:59.230+0000][1][safepoint    ] Safepoint "RevokeBias", Time since last: 519704123 ns, Reaching safepoint: 57408 ns, At safepoint: 15952 ns, Total: 73360 ns
[2020-02-29T05:17:00.231+0000][1][safepoint    ] Safepoint "Cleanup", Time since last: 1001107032 ns, Reaching safepoint: 123689 ns, At safepoint: 9847 ns, Total: 133536 ns
[2020-02-29T05:17:01.235+0000][1][safepoint    ] Safepoint "Cleanup", Time since last: 1003953891 ns, Reaching safepoint: 61493 ns, At safepoint: 6886 ns, Total: 68379 ns
[2020-02-29T05:17:01.766+0000][1][safepoint    ] Safepoint "RevokeBias", Time since last: 530574129 ns, Reaching safepoint: 58437 ns, At safepoint: 15992 ns, Total: 74429 ns
[2020-02-29T05:17:02.775+0000][1][safepoint    ] Safepoint "Cleanup", Time since last: 1008804378 ns, Reaching safepoint: 81226 ns, At safepoint: 7892 ns, Total: 89118 ns
[2020-02-29T05:17:03.780+0000][1][safepoint    ] Safepoint "Cleanup", Time since last: 1005248320 ns, Reaching safepoint: 81082 ns, At safepoint: 7333 ns, Total: 88415 ns
[2020-02-29T05:17:04.277+0000][1][safepoint    ] Safepoint "RevokeBias", Time since last: 496343261 ns, Reaching safepoint: 89097 ns, At safepoint: 20612 ns, Total: 109709 ns
[2020-02-29T05:17:05.277+0000][1][safepoint    ] Safepoint "Cleanup", Time since last: 1000395331 ns, Reaching safepoint: 96101 ns, At safepoint: 10034 ns, Total: 106135 ns
[2020-02-29T05:17:06.278+0000][1][safepoint    ] Safepoint "Cleanup", Time since last: 1000572386 ns, Reaching safepoint: 85738 ns, At safepoint: 8662 ns, Total: 94400 ns
[2020-02-29T05:17:06.789+0000][1][safepoint    ] Safepoint "RevokeBias", Time since last: 511153889 ns, Reaching safepoint: 94649 ns, At safepoint: 17133 ns, Total: 111782 ns
[2020-02-29T05:17:07.798+0000][1][safepoint    ] Safepoint "Cleanup", Time since last: 1008578339 ns, Reaching safepoint: 63811 ns, At safepoint: 7225 ns, Total: 71036 ns
[2020-02-29T05:17:08.805+0000][1][safepoint    ] Safepoint "Cleanup", Time since last: 1006809284 ns, Reaching safepoint: 66505 ns, At safepoint: 9241 ns, Total: 75746 ns
[2020-02-29T05:17:09.318+0000][1][safepoint    ] Safepoint "RevokeBias", Time since last: 512697210 ns, Reaching safepoint: 79124 ns, At safepoint: 20329 ns, Total: 99453 ns
[2020-02-29T05:17:10.324+0000][1][safepoint    ] Safepoint "Cleanup", Time since last: 1006344595 ns, Reaching safepoint: 99067 ns, At safepoint: 7452 ns, Total: 106519 ns
[2020-02-29T05:17:11.327+0000][1][safepoint    ] Safepoint "Cleanup", Time since last: 1003201123 ns, Reaching safepoint: 75184 ns, At safepoint: 5366 ns, Total: 80550 ns
[2020-02-29T05:17:11.841+0000][1][safepoint    ] Safepoint "RevokeBias", Time since last: 513848961 ns, Reaching safepoint: 142649 ns, At safepoint: 19223 ns, Total: 161872 ns
[2020-02-29T05:17:12.845+0000][1][safepoint    ] Safepoint "Cleanup", Time since last: 1003414899 ns, Reaching safepoint: 85946 ns, At safepoint: 7558 ns, Total: 93504 ns
[2020-02-29T05:17:13.845+0000][1][safepoint    ] Safepoint "Cleanup", Time since last: 1000334796 ns, Reaching safepoint: 91255 ns, At safepoint: 8066 ns, Total: 99321 ns
[2020-02-29T05:17:14.366+0000][1][safepoint    ] Safepoint "RevokeBias", Time since last: 520901670 ns, Reaching safepoint: 84358 ns, At safepoint: 19277 ns, Total: 103635 ns
[2020-02-29T05:17:15.372+0000][1][safepoint    ] Safepoint "Cleanup", Time since last: 1005728506 ns, Reaching safepoint: 62800 ns, At safepoint: 6693 ns, Total: 69493 ns
[2020-02-29T05:17:16.374+0000][1][safepoint    ] Safepoint "Cleanup", Time since last: 1002334456 ns, Reaching safepoint: 153927 ns, At safepoint: 6481 ns, Total: 160408 ns
[2020-02-29T05:17:16.877+0000][1][safepoint    ] Safepoint "RevokeBias", Time since last: 501994474 ns, Reaching safepoint: 102755 ns, At safepoint: 22123 ns, Total: 124878 ns
[2020-02-29T05:17:17.877+0000][1][safepoint    ] Safepoint "Cleanup", Time since last: 1000466828 ns, Reaching safepoint: 98817 ns, At safepoint: 8895 ns, Total: 107712 ns
[2020-02-29T05:17:18.877+0000][1][safepoint    ] Safepoint "Cleanup", Time since last: 1000191103 ns, Reaching safepoint: 96982 ns, At safepoint: 7954 ns, Total: 104936 ns
[2020-02-29T05:17:19.392+0000][1][safepoint    ] Safepoint "RevokeBias", Time since last: 514152879 ns, Reaching safepoint: 56981 ns, At safepoint: 15802 ns, Total: 72783 ns
[2020-02-29T05:17:20.402+0000][1][safepoint    ] Safepoint "Cleanup", Time since last: 1010642403 ns, Reaching safepoint: 64456 ns, At safepoint: 7595 ns, Total: 72051 ns
[2020-02-29T05:17:21.403+0000][1][safepoint    ] Safepoint "Cleanup", Time since last: 1000640751 ns, Reaching safepoint: 100542 ns, At safepoint: 7588 ns, Total: 108130 ns
[2020-02-29T05:17:21.922+0000][1][safepoint    ] Safepoint "RevokeBias", Time since last: 518388482 ns, Reaching safepoint: 57314 ns, At safepoint: 16297 ns, Total: 73611 ns
[2020-02-29T05:17:22.923+0000][1][safepoint    ] Safepoint "Cleanup", Time since last: 1001606620 ns, Reaching safepoint: 81552 ns, At safepoint: 7064 ns, Total: 88616 ns
[2020-02-29T05:17:23.928+0000][1][safepoint    ] Safepoint "Cleanup", Time since last: 1004885487 ns, Reaching safepoint: 64321 ns, At safepoint: 7488 ns, Total: 71809 ns
[2020-02-29T05:17:24.443+0000][1][safepoint    ] Safepoint "RevokeBias", Time since last: 514453142 ns, Reaching safepoint: 78588 ns, At safepoint: 17959 ns, Total: 96547 ns
[2020-02-29T05:17:25.444+0000][1][safepoint    ] Safepoint "Cleanup", Time since last: 1000940480 ns, Reaching safepoint: 98477 ns, At safepoint: 7613 ns, Total: 106090 ns
[2020-02-29T05:17:26.444+0000][1][safepoint    ] Safepoint "Cleanup", Time since last: 1000124319 ns, Reaching safepoint: 66054 ns, At safepoint: 7479 ns, Total: 73533 ns
[2020-02-29T05:17:26.970+0000][1][safepoint    ] Safepoint "RevokeBias", Time since last: 525393617 ns, Reaching safepoint: 78889 ns, At safepoint: 18102 ns, Total: 96991 ns
[2020-02-29T05:17:27.978+0000][1][safepoint    ] Safepoint "Cleanup", Time since last: 1008726497 ns, Reaching safepoint: 82370 ns, At safepoint: 8307 ns, Total: 90677 ns
[2020-02-29T05:17:28.985+0000][1][safepoint    ] Safepoint "Cleanup", Time since last: 1006834008 ns, Reaching safepoint: 63185 ns, At safepoint: 7285 ns, Total: 70470 ns
[2020-02-29T05:17:29.486+0000][1][safepoint    ] Safepoint "RevokeBias", Time since last: 499825198 ns, Reaching safepoint: 1083264 ns, At safepoint: 21746 ns, Total: 1105010 ns
[2020-02-29T05:17:30.487+0000][1][safepoint    ] Safepoint "Cleanup", Time since last: 1000279708 ns, Reaching safepoint: 82104 ns, At safepoint: 7121 ns, Total: 89225 ns
[2020-02-29T05:17:31.488+0000][1][safepoint    ] Safepoint "Cleanup", Time since last: 1001512318 ns, Reaching safepoint: 81663 ns, At safepoint: 7687 ns, Total: 89350 ns
[2020-02-29T05:17:31.999+0000][1][safepoint    ] Safepoint "RevokeBias", Time since last: 510420002 ns, Reaching safepoint: 78119 ns, At safepoint: 18405 ns, Total: 96524 ns
[2020-02-29T05:17:33.002+0000][1][safepoint    ] Safepoint "Cleanup", Time since last: 1002948469 ns, Reaching safepoint: 64208 ns, At safepoint: 7679 ns, Total: 71887 ns
[2020-02-29T05:17:34.005+0000][1][safepoint    ] Safepoint "Cleanup", Time since last: 1003376855 ns, Reaching safepoint: 64411 ns, At safepoint: 7932 ns, Total: 72343 ns
[2020-02-29T05:17:34.510+0000][1][safepoint    ] Safepoint "RevokeBias", Time since last: 504321001 ns, Reaching safepoint: 78474 ns, At safepoint: 17417 ns, Total: 95891 ns
[2020-02-29T05:17:35.521+0000][1][safepoint    ] Safepoint "Cleanup", Time since last: 1011215750 ns, Reaching safepoint: 88466 ns, At safepoint: 8442 ns, Total: 96908 ns
[2020-02-29T05:17:36.522+0000][1][safepoint    ] Safepoint "Cleanup", Time since last: 1000973067 ns, Reaching safepoint: 63083 ns, At safepoint: 7445 ns, Total: 70528 ns
[2020-02-29T05:17:37.029+0000][1][safepoint    ] Safepoint "RevokeBias", Time since last: 507202916 ns, Reaching safepoint: 57498 ns, At safepoint: 15743 ns, Total: 73241 ns
[2020-02-29T05:17:38.042+0000][1][safepoint    ] Safepoint "Cleanup", Time since last: 1012533681 ns, Reaching safepoint: 80663 ns, At safepoint: 7539 ns, Total: 88202 ns
[2020-02-29T05:17:39.049+0000][1][safepoint    ] Safepoint "Cleanup", Time since last: 1007208138 ns, Reaching safepoint: 95543 ns, At safepoint: 26874 ns, Total: 122417 ns
[2020-02-29T05:17:39.540+0000][1][safepoint    ] Safepoint "RevokeBias", Time since last: 490382199 ns, Reaching safepoint: 79481 ns, At safepoint: 18443 ns, Total: 97924 ns
[2020-02-29T05:17:40.543+0000][1][safepoint    ] Safepoint "Cleanup", Time since last: 1003359601 ns, Reaching safepoint: 87463 ns, At safepoint: 7206 ns, Total: 94669 ns
[2020-02-29T05:17:41.544+0000][1][safepoint    ] Safepoint "Cleanup", Time since last: 1000550012 ns, Reaching safepoint: 59948 ns, At safepoint: 5693 ns, Total: 65641 ns
[2020-02-29T05:17:42.059+0000][1][safepoint    ] Safepoint "RevokeBias", Time since last: 514673153 ns, Reaching safepoint: 78312 ns, At safepoint: 35316 ns, Total: 113628 ns
[2020-02-29T05:17:43.066+0000][1][safepoint    ] Safepoint "Cleanup", Time since last: 1007262283 ns, Reaching safepoint: 62613 ns, At safepoint: 5782 ns, Total: 68395 ns
[2020-02-29T05:17:44.071+0000][1][safepoint    ] Safepoint "Cleanup", Time since last: 1005138471 ns, Reaching safepoint: 177513 ns, At safepoint: 10407 ns, Total: 187920 ns
[2020-02-29T05:17:44.579+0000][1][safepoint    ] Safepoint "RevokeBias", Time since last: 507653246 ns, Reaching safepoint: 56492 ns, At safepoint: 15699 ns, Total: 72191 ns
[2020-02-29T05:17:45.584+0000][1][safepoint    ] Safepoint "Cleanup", Time since last: 1005378444 ns, Reaching safepoint: 96935 ns, At safepoint: 7196 ns, Total: 104131 ns
[2020-02-29T05:17:46.585+0000][1][safepoint    ] Safepoint "Cleanup", Time since last: 1000628549 ns, Reaching safepoint: 66332 ns, At safepoint: 7903 ns, Total: 74235 ns
[2020-02-29T05:17:47.087+0000][1][safepoint    ] Safepoint "RevokeBias", Time since last: 501313723 ns, Reaching safepoint: 91389 ns, At safepoint: 21401 ns, Total: 112790 ns
[2020-02-29T05:17:48.087+0000][1][safepoint    ] Safepoint "Cleanup", Time since last: 1000320328 ns, Reaching safepoint: 80852 ns, At safepoint: 7856 ns, Total: 88708 ns
[2020-02-29T05:17:49.088+0000][1][safepoint    ] Safepoint "Cleanup", Time since last: 1000940728 ns, Reaching safepoint: 94224 ns, At safepoint: 10286 ns, Total: 104510 ns
[2020-02-29T05:17:49.600+0000][1][safepoint    ] Safepoint "RevokeBias", Time since last: 511474168 ns, Reaching safepoint: 55622 ns, At safepoint: 16175 ns, Total: 71797 ns
[2020-02-29T05:17:50.602+0000][1][safepoint    ] Safepoint "Cleanup", Time since last: 1002443766 ns, Reaching safepoint: 64029 ns, At safepoint: 7395 ns, Total: 71424 ns
[2020-02-29T05:17:51.605+0000][1][safepoint    ] Safepoint "Cleanup", Time since last: 1003134557 ns, Reaching safepoint: 82646 ns, At safepoint: 7899 ns, Total: 90545 ns
[2020-02-29T05:17:52.117+0000][1][safepoint    ] Safepoint "RevokeBias", Time since last: 511205811 ns, Reaching safepoint: 59017 ns, At safepoint: 16923 ns, Total: 75940 ns
[2020-02-29T05:17:53.118+0000][1][safepoint    ] Safepoint "Cleanup", Time since last: 1001151825 ns, Reaching safepoint: 77737 ns, At safepoint: 6819 ns, Total: 84556 ns
[2020-02-29T05:17:54.123+0000][1][safepoint    ] Safepoint "Cleanup", Time since last: 1005281334 ns, Reaching safepoint: 64067 ns, At safepoint: 7629 ns, Total: 71696 ns
[2020-02-29T05:17:54.646+0000][1][safepoint    ] Safepoint "RevokeBias", Time since last: 522669543 ns, Reaching safepoint: 168266 ns, At safepoint: 34488 ns, Total: 202754 ns
[2020-02-29T05:17:55.653+0000][1][safepoint    ] Safepoint "Cleanup", Time since last: 1006997929 ns, Reaching safepoint: 63668 ns, At safepoint: 7160 ns, Total: 70828 ns
[2020-02-29T05:17:56.654+0000][1][safepoint    ] Safepoint "Cleanup", Time since last: 1000692181 ns, Reaching safepoint: 63526 ns, At safepoint: 6601 ns, Total: 70127 ns
[2020-02-29T05:17:57.167+0000][1][safepoint    ] Safepoint "RevokeBias", Time since last: 512667278 ns, Reaching safepoint: 58827 ns, At safepoint: 15646 ns, Total: 74473 ns
[2020-02-29T05:17:58.176+0000][1][safepoint    ] Safepoint "Cleanup", Time since last: 1009772842 ns, Reaching safepoint: 62581 ns, At safepoint: 7487 ns, Total: 70068 ns
[2020-02-29T05:17:59.178+0000][1][safepoint    ] Safepoint "Cleanup", Time since last: 1001810920 ns, Reaching safepoint: 80734 ns, At safepoint: 7006 ns, Total: 87740 ns
[2020-02-29T05:17:59.679+0000][1][safepoint    ] Safepoint "RevokeBias", Time since last: 500704406 ns, Reaching safepoint: 156281 ns, At safepoint: 21871 ns, Total: 178152 ns
[2020-02-29T05:18:00.680+0000][1][safepoint    ] Safepoint "Cleanup", Time since last: 1001079118 ns, Reaching safepoint: 71874 ns, At safepoint: 6216 ns, Total: 78090 ns
[2020-02-29T05:18:01.685+0000][1][safepoint    ] Safepoint "Cleanup", Time since last: 1004737852 ns, Reaching safepoint: 62813 ns, At safepoint: 6682 ns, Total: 69495 ns
[2020-02-29T05:18:02.198+0000][1][safepoint    ] Safepoint "RevokeBias", Time since last: 512626965 ns, Reaching safepoint: 57843 ns, At safepoint: 16719 ns, Total: 74562 ns
[2020-02-29T05:18:03.199+0000][1][safepoint    ] Safepoint "Cleanup", Time since last: 1001434446 ns, Reaching safepoint: 63781 ns, At safepoint: 6855 ns, Total: 70636 ns
[2020-02-29T05:18:04.202+0000][1][safepoint    ] Safepoint "Cleanup", Time since last: 1002395949 ns, Reaching safepoint: 80332 ns, At safepoint: 7631 ns, Total: 87963 ns
[2020-02-29T05:18:04.722+0000][1][safepoint    ] Safepoint "RevokeBias", Time since last: 516851089 ns, Reaching safepoint: 3741218 ns, At safepoint: 23160 ns, Total: 3764378 ns
[2020-02-29T05:18:05.726+0000][1][safepoint    ] Safepoint "Cleanup", Time since last: 1003244467 ns, Reaching safepoint: 67590 ns, At safepoint: 4963 ns, Total: 72553 ns
[2020-02-29T05:18:06.727+0000][1][safepoint    ] Safepoint "Cleanup", Time since last: 1000900634 ns, Reaching safepoint: 78467 ns, At safepoint: 5508 ns, Total: 83975 ns
[2020-02-29T05:18:07.234+0000][1][safepoint    ] Safepoint "BulkRevokeBias", Time since last: 506942085 ns, Reaching safepoint: 60878 ns, At safepoint: 179868 ns, Total: 240746 ns
[2020-02-29T05:18:08.234+0000][1][safepoint    ] Safepoint "Cleanup", Time since last: 1000218641 ns, Reaching safepoint: 94282 ns, At safepoint: 10198 ns, Total: 104480 ns
[2020-02-29T05:18:09.235+0000][1][safepoint    ] Safepoint "Cleanup", Time since last: 1000348240 ns, Reaching safepoint: 94478 ns, At safepoint: 7973 ns, Total: 102451 ns
[2020-02-29T05:18:09.762+0000][1][safepoint    ] Safepoint "RevokeBias", Time since last: 527393155 ns, Reaching safepoint: 78378 ns, At safepoint: 17735 ns, Total: 96113 ns
[2020-02-29T05:18:10.762+0000][1][safepoint    ] Safepoint "Cleanup", Time since last: 1000112274 ns, Reaching safepoint: 95252 ns, At safepoint: 7565 ns, Total: 102817 ns
[2020-02-29T05:18:11.771+0000][1][safepoint    ] Safepoint "Cleanup", Time since last: 1008011559 ns, Reaching safepoint: 65239 ns, At safepoint: 7823 ns, Total: 73062 ns
[2020-02-29T05:18:12.283+0000][1][safepoint    ] Safepoint "RevokeBias", Time since last: 512078823 ns, Reaching safepoint: 55092 ns, At safepoint: 40691 ns, Total: 95783 ns
[2020-02-29T05:18:13.284+0000][1][safepoint    ] Safepoint "Cleanup", Time since last: 1000936074 ns, Reaching safepoint: 197646 ns, At safepoint: 24633 ns, Total: 222279 ns
[2020-02-29T05:18:14.286+0000][1][safepoint    ] Safepoint "Cleanup", Time since last: 1002256475 ns, Reaching safepoint: 60226 ns, At safepoint: 6034 ns, Total: 66260 ns
[2020-02-29T05:18:14.816+0000][1][safepoint    ] Safepoint "RevokeBias", Time since last: 529958238 ns, Reaching safepoint: 87373 ns, At safepoint: 18167 ns, Total: 105540 ns
[2020-02-29T05:18:15.817+0000][1][safepoint    ] Safepoint "Cleanup", Time since last: 1000995808 ns, Reaching safepoint: 80221 ns, At safepoint: 6630 ns, Total: 86851 ns
[2020-02-29T05:18:16.823+0000][1][safepoint    ] Safepoint "Cleanup", Time since last: 1005830880 ns, Reaching safepoint: 64911 ns, At safepoint: 7382 ns, Total: 72293 ns
[2020-02-29T05:18:17.341+0000][1][safepoint    ] Safepoint "RevokeBias", Time since last: 517252049 ns, Reaching safepoint: 76198 ns, At safepoint: 111164 ns, Total: 187362 ns
[2020-02-29T05:18:18.346+0000][1][safepoint    ] Safepoint "Cleanup", Time since last: 1005674917 ns, Reaching safepoint: 82772 ns, At safepoint: 7899 ns, Total: 90671 ns
[2020-02-29T05:18:19.347+0000][1][safepoint    ] Safepoint "Cleanup", Time since last: 1000550332 ns, Reaching safepoint: 223983 ns, At safepoint: 25599 ns, Total: 249582 ns
[2020-02-29T05:18:19.851+0000][1][safepoint    ] Safepoint "RevokeBias", Time since last: 503459466 ns, Reaching safepoint: 84337 ns, At safepoint: 20003 ns, Total: 104340 ns
[2020-02-29T05:18:20.852+0000][1][safepoint    ] Safepoint "Cleanup", Time since last: 1000734858 ns, Reaching safepoint: 81980 ns, At safepoint: 8527 ns, Total: 90507 ns
[2020-02-29T05:18:21.852+0000][1][safepoint    ] Safepoint "Cleanup", Time since last: 1000666737 ns, Reaching safepoint: 81897 ns, At safepoint: 8321 ns, Total: 90218 ns
[2020-02-29T05:18:22.361+0000][1][safepoint    ] Safepoint "RevokeBias", Time since last: 508174051 ns, Reaching safepoint: 100780 ns, At safepoint: 19961 ns, Total: 120741 ns
[2020-02-29T05:18:23.362+0000][1][safepoint    ] Safepoint "Cleanup", Time since last: 1001162871 ns, Reaching safepoint: 81416 ns, At safepoint: 7005 ns, Total: 88421 ns
[2020-02-29T05:18:24.363+0000][1][safepoint    ] Safepoint "Cleanup", Time since last: 1001489937 ns, Reaching safepoint: 80269 ns, At safepoint: 7011 ns, Total: 87280 ns
[2020-02-29T05:18:24.895+0000][1][safepoint    ] Safepoint "RevokeBias", Time since last: 531812841 ns, Reaching safepoint: 117390 ns, At safepoint: 28665 ns, Total: 146055 ns
[2020-02-29T05:18:25.902+0000][1][safepoint    ] Safepoint "Cleanup", Time since last: 1006846326 ns, Reaching safepoint: 68776 ns, At safepoint: 6876 ns, Total: 75652 ns
[2020-02-29T05:18:26.906+0000][1][safepoint    ] Safepoint "Cleanup", Time since last: 1003853583 ns, Reaching safepoint: 63793 ns, At safepoint: 7243 ns, Total: 71036 ns
[2020-02-29T05:18:27.422+0000][1][safepoint    ] Safepoint "RevokeBias", Time since last: 515975381 ns, Reaching safepoint: 76572 ns, At safepoint: 35143 ns, Total: 111715 ns
[2020-02-29T05:18:28.427+0000][1][safepoint    ] Safepoint "Cleanup", Time since last: 1004705664 ns, Reaching safepoint: 82477 ns, At safepoint: 8558 ns, Total: 91035 ns
[2020-02-29T05:18:29.430+0000][1][safepoint    ] Safepoint "Cleanup", Time since last: 1002565315 ns, Reaching safepoint: 96635 ns, At safepoint: 7308 ns, Total: 103943 ns
[2020-02-29T05:18:29.950+0000][1][safepoint    ] Safepoint "RevokeBias", Time since last: 520408363 ns, Reaching safepoint: 74844 ns, At safepoint: 18166 ns, Total: 93010 ns
[2020-02-29T05:18:30.951+0000][1][safepoint    ] Safepoint "Cleanup", Time since last: 1000957704 ns, Reaching safepoint: 78759 ns, At safepoint: 6685 ns, Total: 85444 ns
[2020-02-29T05:18:31.955+0000][1][safepoint    ] Safepoint "Cleanup", Time since last: 1003808221 ns, Reaching safepoint: 77731 ns, At safepoint: 6895 ns, Total: 84626 ns
[2020-02-29T05:18:32.464+0000][1][safepoint    ] Safepoint "RevokeBias", Time since last: 508869761 ns, Reaching safepoint: 77701 ns, At safepoint: 18155 ns, Total: 95856 ns
[2020-02-29T05:18:33.465+0000][1][safepoint    ] Safepoint "Cleanup", Time since last: 1000231563 ns, Reaching safepoint: 84450 ns, At safepoint: 7085 ns, Total: 91535 ns
[2020-02-29T05:18:34.465+0000][1][safepoint    ] Safepoint "Cleanup", Time since last: 1000502196 ns, Reaching safepoint: 81407 ns, At safepoint: 8137 ns, Total: 89544 ns
[2020-02-29T05:18:34.974+0000][1][safepoint    ] Safepoint "RevokeBias", Time since last: 509199674 ns, Reaching safepoint: 59416 ns, At safepoint: 17178 ns, Total: 76594 ns
[2020-02-29T05:18:35.975+0000][1][safepoint    ] Safepoint "Cleanup", Time since last: 1000795318 ns, Reaching safepoint: 61023 ns, At safepoint: 6522 ns, Total: 67545 ns
[2020-02-29T05:18:36.976+0000][1][safepoint    ] Safepoint "Cleanup", Time since last: 1001006668 ns, Reaching safepoint: 60608 ns, At safepoint: 6999 ns, Total: 67607 ns
[2020-02-29T05:18:37.510+0000][1][safepoint    ] Safepoint "RevokeBias", Time since last: 534045403 ns, Reaching safepoint: 55561 ns, At safepoint: 15342 ns, Total: 70903 ns
[2020-02-29T05:18:38.519+0000][1][safepoint    ] Safepoint "Cleanup", Time since last: 1007890106 ns, Reaching safepoint: 120569 ns, At safepoint: 7921 ns, Total: 128490 ns
[2020-02-29T05:18:39.522+0000][1][safepoint    ] Safepoint "Cleanup", Time since last: 1003820169 ns, Reaching safepoint: 82183 ns, At safepoint: 7084 ns, Total: 89267 ns
[2020-02-29T05:18:40.027+0000][1][safepoint    ] Safepoint "RevokeBias", Time since last: 503974986 ns, Reaching safepoint: 85747 ns, At safepoint: 22021 ns, Total: 107768 ns
[2020-02-29T05:18:41.063+0000][1][safepoint    ] Safepoint "Cleanup", Time since last: 1036643238 ns, Reaching safepoint: 62737 ns, At safepoint: 6601 ns, Total: 69338 ns
[2020-02-29T05:18:42.064+0000][1][safepoint    ] Safepoint "Cleanup", Time since last: 1000776602 ns, Reaching safepoint: 78910 ns, At safepoint: 7251 ns, Total: 86161 ns
[2020-02-29T05:18:42.549+0000][1][safepoint    ] Safepoint "RevokeBias", Time since last: 484802897 ns, Reaching safepoint: 137935 ns, At safepoint: 20172 ns, Total: 158107 ns
[2020-02-29T05:18:43.557+0000][1][safepoint    ] Safepoint "Cleanup", Time since last: 1008287567 ns, Reaching safepoint: 62873 ns, At safepoint: 7673 ns, Total: 70546 ns
[2020-02-29T05:18:44.561+0000][1][safepoint    ] Safepoint "Cleanup", Time since last: 1003719758 ns, Reaching safepoint: 63309 ns, At safepoint: 7024 ns, Total: 70333 ns
[2020-02-29T05:18:45.058+0000][1][safepoint    ] Safepoint "RevokeBias", Time since last: 496812584 ns, Reaching safepoint: 77351 ns, At safepoint: 17509 ns, Total: 94860 ns
[2020-02-29T05:18:46.060+0000][1][safepoint    ] Safepoint "Cleanup", Time since last: 1001707483 ns, Reaching safepoint: 82294 ns, At safepoint: 6848 ns, Total: 89142 ns
[2020-02-29T05:18:47.063+0000][1][safepoint    ] Safepoint "Cleanup", Time since last: 1002955848 ns, Reaching safepoint: 63791 ns, At safepoint: 7490 ns, Total: 71281 ns
[2020-02-29T05:18:47.585+0000][1][safepoint    ] Safepoint "RevokeBias", Time since last: 522129262 ns, Reaching safepoint: 60419 ns, At safepoint: 17767 ns, Total: 78186 ns
[2020-02-29T05:18:48.586+0000][1][safepoint    ] Safepoint "Cleanup", Time since last: 1000529521 ns, Reaching safepoint: 113856 ns, At safepoint: 7681 ns, Total: 121537 ns
[2020-02-29T05:18:49.591+0000][1][safepoint    ] Safepoint "Cleanup", Time since last: 1005476492 ns, Reaching safepoint: 64717 ns, At safepoint: 7818 ns, Total: 72535 ns
[2020-02-29T05:18:50.110+0000][1][safepoint    ] Safepoint "RevokeBias", Time since last: 518919705 ns, Reaching safepoint: 55892 ns, At safepoint: 15624 ns, Total: 71516 ns
[2020-02-29T05:18:51.111+0000][1][safepoint    ] Safepoint "Cleanup", Time since last: 1000856720 ns, Reaching safepoint: 95177 ns, At safepoint: 10417 ns, Total: 105594 ns
[2020-02-29T05:18:51.317+0000][1][gc,start     ] GC(45) Pause Young (Allocation Failure)
[2020-02-29T05:18:51.317+0000][1][gc,task      ] GC(45) Using 1 workers of 1 for evacuation
[2020-02-29T05:18:51.326+0000][1][gc,age       ] GC(45) Desired survivor size 4358144 bytes, new threshold 6 (max threshold 6)
[2020-02-29T05:18:51.326+0000][1][gc,age       ] GC(45) Age table with threshold 6 (max threshold 6)
[2020-02-29T05:18:51.326+0000][1][gc,age       ] GC(45) - age   1:      11296 bytes,      11296 total
[2020-02-29T05:18:51.326+0000][1][gc,age       ] GC(45) - age   2:       1072 bytes,      12368 total
[2020-02-29T05:18:51.326+0000][1][gc,age       ] GC(45) - age   3:       1304 bytes,      13672 total
[2020-02-29T05:18:51.326+0000][1][gc,age       ] GC(45) - age   4:       2232 bytes,      15904 total
[2020-02-29T05:18:51.326+0000][1][gc,age       ] GC(45) - age   5:       3656 bytes,      19560 total
[2020-02-29T05:18:51.326+0000][1][gc,age       ] GC(45) - age   6:       1376 bytes,      20936 total
[2020-02-29T05:18:51.326+0000][1][gc,heap      ] GC(45) ParNew: 68186K->24K(76672K)
[2020-02-29T05:18:51.326+0000][1][gc,heap      ] GC(45) CMS: 62508K->62511K(963392K)
[2020-02-29T05:18:51.326+0000][1][gc,metaspace ] GC(45) Metaspace: 79345K->79345K(1122304K)
[2020-02-29T05:18:51.326+0000][1][gc           ] GC(45) Pause Young (Allocation Failure) 127M->61M(1015M) 9.096ms
[2020-02-29T05:18:51.326+0000][1][gc,cpu       ] GC(45) User=0.01s Sys=0.00s Real=0.01s
[2020-02-29T05:18:51.326+0000][1][safepoint    ] Safepoint "GenCollectForAllocation", Time since last: 205691553 ns, Reaching safepoint: 58911 ns, At safepoint: 9153083 ns, Total: 9211994 ns
[2020-02-29T05:18:52.330+0000][1][safepoint    ] Safepoint "Cleanup", Time since last: 1003985383 ns, Reaching safepoint: 75638 ns, At safepoint: 5882 ns, Total: 81520 ns
[2020-02-29T05:18:52.637+0000][1][safepoint    ] Safepoint "RevokeBias", Time since last: 307125413 ns, Reaching safepoint: 74771 ns, At safepoint: 17431 ns, Total: 92202 ns
[2020-02-29T05:18:53.642+0000][1][safepoint    ] Safepoint "Cleanup", Time since last: 1004545882 ns, Reaching safepoint: 62194 ns, At safepoint: 6040 ns, Total: 68234 ns
[2020-02-29T05:18:54.648+0000][1][safepoint    ] Safepoint "Cleanup", Time since last: 1006099289 ns, Reaching safepoint: 60832 ns, At safepoint: 6386 ns, Total: 67218 ns
[2020-02-29T05:18:55.151+0000][1][safepoint    ] Safepoint "RevokeBias", Time since last: 503128019 ns, Reaching safepoint: 76003 ns, At safepoint: 18305 ns, Total: 94308 ns
[2020-02-29T05:18:56.154+0000][1][safepoint    ] Safepoint "Cleanup", Time since last: 1002752430 ns, Reaching safepoint: 61731 ns, At safepoint: 5508 ns, Total: 67239 ns
[2020-02-29T05:18:57.164+0000][1][safepoint    ] Safepoint "Cleanup", Time since last: 1009104420 ns, Reaching safepoint: 159316 ns, At safepoint: 30120 ns, Total: 189436 ns
[2020-02-29T05:18:57.663+0000][1][safepoint    ] Safepoint "RevokeBias", Time since last: 499457749 ns, Reaching safepoint: 129495 ns, At safepoint: 30802 ns, Total: 160297 ns
[2020-02-29T05:18:58.665+0000][1][safepoint    ] Safepoint "Cleanup", Time since last: 1001916954 ns, Reaching safepoint: 61597 ns, At safepoint: 6061 ns, Total: 67658 ns
[2020-02-29T05:18:59.668+0000][1][safepoint    ] Safepoint "Cleanup", Time since last: 1002728944 ns, Reaching safepoint: 61029 ns, At safepoint: 5925 ns, Total: 66954 ns
[2020-02-29T05:19:00.190+0000][1][safepoint    ] Safepoint "RevokeBias", Time since last: 522262294 ns, Reaching safepoint: 74321 ns, At safepoint: 17414 ns, Total: 91735 ns
[2020-02-29T05:19:01.191+0000][1][safepoint    ] Safepoint "Cleanup", Time since last: 1000822289 ns, Reaching safepoint: 66005 ns, At safepoint: 7302 ns, Total: 73307 ns
[2020-02-29T05:19:02.200+0000][1][safepoint    ] Safepoint "Cleanup", Time since last: 1008624090 ns, Reaching safepoint: 62771 ns, At safepoint: 7104 ns, Total: 69875 ns
[2020-02-29T05:19:02.706+0000][1][safepoint    ] Safepoint "RevokeBias", Time since last: 505770796 ns, Reaching safepoint: 118939 ns, At safepoint: 21668 ns, Total: 140607 ns
[2020-02-29T05:19:03.707+0000][1][safepoint    ] Safepoint "Cleanup", Time since last: 1000654415 ns, Reaching safepoint: 97706 ns, At safepoint: 11940 ns, Total: 109646 ns
[2020-02-29T05:19:04.707+0000][1][safepoint    ] Safepoint "Cleanup", Time since last: 1000524559 ns, Reaching safepoint: 94352 ns, At safepoint: 9321 ns, Total: 103673 ns
[2020-02-29T05:19:05.220+0000][1][safepoint    ] Safepoint "RevokeBias", Time since last: 513006687 ns, Reaching safepoint: 55844 ns, At safepoint: 15639 ns, Total: 71483 ns
[2020-02-29T05:19:06.221+0000][1][safepoint    ] Safepoint "Cleanup", Time since last: 1000617488 ns, Reaching safepoint: 64398 ns, At safepoint: 7208 ns, Total: 71606 ns
[2020-02-29T05:19:07.226+0000][1][safepoint    ] Safepoint "Cleanup", Time since last: 1005055495 ns, Reaching safepoint: 62293 ns, At safepoint: 7612 ns, Total: 69905 ns
[2020-02-29T05:19:07.739+0000][1][safepoint    ] Safepoint "RevokeBias", Time since last: 513058213 ns, Reaching safepoint: 112854 ns, At safepoint: 18887 ns, Total: 131741 ns
[2020-02-29T05:19:09.072+0000][1][safepoint    ] Safepoint "Cleanup", Time since last: 1332558744 ns, Reaching safepoint: 64426 ns, At safepoint: 7658 ns, Total: 72084 ns
[2020-02-29T05:19:10.094+0000][1][safepoint    ] Safepoint "Cleanup", Time since last: 1011274445 ns, Reaching safepoint: 10831111 ns, At safepoint: 11798 ns, Total: 10842909 ns
[2020-02-29T05:19:10.261+0000][1][safepoint    ] Safepoint "RevokeBias", Time since last: 166427120 ns, Reaching safepoint: 77021 ns, At safepoint: 18327 ns, Total: 95348 ns
[2020-02-29T05:19:11.266+0000][1][safepoint    ] Safepoint "Cleanup", Time since last: 1005130122 ns, Reaching safepoint: 63236 ns, At safepoint: 7115 ns, Total: 70351 ns
[2020-02-29T05:19:12.270+0000][1][safepoint    ] Safepoint "Cleanup", Time since last: 1004534394 ns, Reaching safepoint: 80178 ns, At safepoint: 7363 ns, Total: 87541 ns
[2020-02-29T05:19:12.786+0000][1][safepoint    ] Safepoint "RevokeBias", Time since last: 515303756 ns, Reaching safepoint: 75935 ns, At safepoint: 17572 ns, Total: 93507 ns
[2020-02-29T05:19:13.786+0000][1][safepoint    ] Safepoint "Cleanup", Time since last: 1000150824 ns, Reaching safepoint: 92159 ns, At safepoint: 6979 ns, Total: 99138 ns
[2020-02-29T05:19:14.790+0000][1][safepoint    ] Safepoint "Cleanup", Time since last: 1003762508 ns, Reaching safepoint: 64369 ns, At safepoint: 7329 ns, Total: 71698 ns
[2020-02-29T05:19:15.295+0000][1][safepoint    ] Safepoint "RevokeBias", Time since last: 505137363 ns, Reaching safepoint: 82280 ns, At safepoint: 19113 ns, Total: 101393 ns
[2020-02-29T05:19:16.296+0000][1][safepoint    ] Safepoint "Cleanup", Time since last: 1000373158 ns, Reaching safepoint: 94078 ns, At safepoint: 8684 ns, Total: 102762 ns
[2020-02-29T05:19:17.296+0000][1][safepoint    ] Safepoint "Cleanup", Time since last: 1000459967 ns, Reaching safepoint: 89344 ns, At safepoint: 9009 ns, Total: 98353 ns
[2020-02-29T05:19:17.813+0000][1][safepoint    ] Safepoint "RevokeBias", Time since last: 516867029 ns, Reaching safepoint: 56956 ns, At safepoint: 16122 ns, Total: 73078 ns
[2020-02-29T05:19:18.817+0000][1][safepoint    ] Safepoint "Cleanup", Time since last: 1003922658 ns, Reaching safepoint: 76801 ns, At safepoint: 7554 ns, Total: 84355 ns
[2020-02-29T05:19:19.820+0000][1][safepoint    ] Safepoint "Cleanup", Time since last: 1003141203 ns, Reaching safepoint: 132665 ns, At safepoint: 20104 ns, Total: 152769 ns
[2020-02-29T05:19:20.324+0000][1][safepoint    ] Safepoint "BulkRevokeBias", Time since last: 503439801 ns, Reaching safepoint: 73974 ns, At safepoint: 335323 ns, Total: 409297 ns
[2020-02-29T05:19:21.327+0000][1][safepoint    ] Safepoint "Cleanup", Time since last: 1002179017 ns, Reaching safepoint: 81496 ns, At safepoint: 6926 ns, Total: 88422 ns
[2020-02-29T05:19:22.331+0000][1][safepoint    ] Safepoint "Cleanup", Time since last: 1004384971 ns, Reaching safepoint: 219554 ns, At safepoint: 27429 ns, Total: 246983 ns
[2020-02-29T05:19:22.838+0000][1][safepoint    ] Safepoint "RevokeBias", Time since last: 506351910 ns, Reaching safepoint: 76306 ns, At safepoint: 17026 ns, Total: 93332 ns
[2020-02-29T05:19:23.841+0000][1][safepoint    ] Safepoint "Cleanup", Time since last: 1003572909 ns, Reaching safepoint: 63486 ns, At safepoint: 7306 ns, Total: 70792 ns
[2020-02-29T05:19:24.847+0000][1][safepoint    ] Safepoint "Cleanup", Time since last: 1005589555 ns, Reaching safepoint: 189631 ns, At safepoint: 24186 ns, Total: 213817 ns
[2020-02-29T05:19:25.359+0000][1][safepoint    ] Safepoint "RevokeBias", Time since last: 511595387 ns, Reaching safepoint: 91273 ns, At safepoint: 21263 ns, Total: 112536 ns
[2020-02-29T05:19:26.362+0000][1][safepoint    ] Safepoint "Cleanup", Time since last: 1002920769 ns, Reaching safepoint: 60769 ns, At safepoint: 6408 ns, Total: 67177 ns
[2020-02-29T05:19:27.364+0000][1][safepoint    ] Safepoint "Cleanup", Time since last: 1002455138 ns, Reaching safepoint: 66111 ns, At safepoint: 5951 ns, Total: 72062 ns
[2020-02-29T05:19:27.874+0000][1][safepoint    ] Safepoint "RevokeBias", Time since last: 509672664 ns, Reaching safepoint: 81207 ns, At safepoint: 19566 ns, Total: 100773 ns
[2020-02-29T05:19:28.875+0000][1][safepoint    ] Safepoint "Cleanup", Time since last: 1000643655 ns, Reaching safepoint: 87203 ns, At safepoint: 9901 ns, Total: 97104 ns
[2020-02-29T05:19:29.875+0000][1][safepoint    ] Safepoint "Cleanup", Time since last: 1000198954 ns, Reaching safepoint: 126261 ns, At safepoint: 12268 ns, Total: 138529 ns
[2020-02-29T05:19:30.410+0000][1][safepoint    ] Safepoint "RevokeBias", Time since last: 531426069 ns, Reaching safepoint: 3547790 ns, At safepoint: 22213 ns, Total: 3570003 ns
[2020-02-29T05:19:31.416+0000][1][safepoint    ] Safepoint "Cleanup", Time since last: 1005963757 ns, Reaching safepoint: 83979 ns, At safepoint: 7598 ns, Total: 91577 ns
[2020-02-29T05:19:32.418+0000][1][safepoint    ] Safepoint "Cleanup", Time since last: 1002075561 ns, Reaching safepoint: 78387 ns, At safepoint: 5760 ns, Total: 84147 ns
[2020-02-29T05:19:32.932+0000][1][safepoint    ] Safepoint "RevokeBias", Time since last: 513926997 ns, Reaching safepoint: 53317 ns, At safepoint: 15944 ns, Total: 69261 ns
[2020-02-29T05:19:33.936+0000][1][safepoint    ] Safepoint "Cleanup", Time since last: 1003826369 ns, Reaching safepoint: 114321 ns, At safepoint: 7552 ns, Total: 121873 ns
[2020-02-29T05:19:34.940+0000][1][safepoint    ] Safepoint "Cleanup", Time since last: 1003852199 ns, Reaching safepoint: 138219 ns, At safepoint: 7936 ns, Total: 146155 ns
[2020-02-29T05:19:35.453+0000][1][safepoint    ] Safepoint "RevokeBias", Time since last: 513038260 ns, Reaching safepoint: 54636 ns, At safepoint: 16125 ns, Total: 70761 ns
[2020-02-29T05:19:36.459+0000][1][safepoint    ] Safepoint "Cleanup", Time since last: 1005882372 ns, Reaching safepoint: 81545 ns, At safepoint: 8058 ns, Total: 89603 ns
[2020-02-29T05:19:37.460+0000][1][safepoint    ] Safepoint "Cleanup", Time since last: 1000502017 ns, Reaching safepoint: 63522 ns, At safepoint: 7323 ns, Total: 70845 ns
[2020-02-29T05:19:37.975+0000][1][safepoint    ] Safepoint "RevokeBias", Time since last: 514548937 ns, Reaching safepoint: 131804 ns, At safepoint: 19824 ns, Total: 151628 ns
[2020-02-29T05:19:38.978+0000][1][safepoint    ] Safepoint "Cleanup", Time since last: 1003331874 ns, Reaching safepoint: 102682 ns, At safepoint: 6444 ns, Total: 109126 ns
[2020-02-29T05:19:39.988+0000][1][safepoint    ] Safepoint "Cleanup", Time since last: 1010196339 ns, Reaching safepoint: 137236 ns, At safepoint: 21801 ns, Total: 159037 ns
[2020-02-29T05:19:40.489+0000][1][safepoint    ] Safepoint "RevokeBias", Time since last: 500408556 ns, Reaching safepoint: 83480 ns, At safepoint: 19782 ns, Total: 103262 ns
[2020-02-29T05:19:41.490+0000][1][safepoint    ] Safepoint "Cleanup", Time since last: 1000624602 ns, Reaching safepoint: 96558 ns, At safepoint: 10337 ns, Total: 106895 ns
[2020-02-29T05:19:42.490+0000][1][safepoint    ] Safepoint "Cleanup", Time since last: 1000459132 ns, Reaching safepoint: 111999 ns, At safepoint: 13343 ns, Total: 125342 ns
[2020-02-29T05:19:43.006+0000][1][safepoint    ] Safepoint "RevokeBias", Time since last: 515490141 ns, Reaching safepoint: 55041 ns, At safepoint: 15839 ns, Total: 70880 ns
[2020-02-29T05:19:44.009+0000][1][safepoint    ] Safepoint "Cleanup", Time since last: 1003444441 ns, Reaching safepoint: 63386 ns, At safepoint: 7623 ns, Total: 71009 ns
[2020-02-29T05:19:45.017+0000][1][safepoint    ] Safepoint "Cleanup", Time since last: 1007263274 ns, Reaching safepoint: 63630 ns, At safepoint: 7581 ns, Total: 71211 ns
[2020-02-29T05:19:45.529+0000][1][safepoint    ] Safepoint "RevokeBias", Time since last: 512610655 ns, Reaching safepoint: 55042 ns, At safepoint: 15469 ns, Total: 70511 ns
[2020-02-29T05:19:46.537+0000][1][safepoint    ] Safepoint "Cleanup", Time since last: 1007312752 ns, Reaching safepoint: 80475 ns, At safepoint: 7481 ns, Total: 87956 ns
[2020-02-29T05:19:47.542+0000][1][safepoint    ] Safepoint "Cleanup", Time since last: 1005128016 ns, Reaching safepoint: 96868 ns, At safepoint: 7325 ns, Total: 104193 ns
[2020-02-29T05:19:48.048+0000][1][safepoint    ] Safepoint "RevokeBias", Time since last: 506245110 ns, Reaching safepoint: 76338 ns, At safepoint: 18724 ns, Total: 95062 ns
[2020-02-29T05:19:49.056+0000][1][safepoint    ] Safepoint "Cleanup", Time since last: 1007719274 ns, Reaching safepoint: 62719 ns, At safepoint: 6512 ns, Total: 69231 ns
[2020-02-29T05:19:50.064+0000][1][safepoint    ] Safepoint "Cleanup", Time since last: 1007732034 ns, Reaching safepoint: 128072 ns, At safepoint: 7737 ns, Total: 135809 ns
[2020-02-29T05:19:50.563+0000][1][safepoint    ] Safepoint "RevokeBias", Time since last: 498643768 ns, Reaching safepoint: 54256 ns, At safepoint: 14929 ns, Total: 69185 ns
[2020-02-29T05:19:51.568+0000][1][safepoint    ] Safepoint "Cleanup", Time since last: 1005226501 ns, Reaching safepoint: 80863 ns, At safepoint: 7593 ns, Total: 88456 ns
[2020-02-29T05:19:52.570+0000][1][safepoint    ] Safepoint "Cleanup", Time since last: 1002056862 ns, Reaching safepoint: 79946 ns, At safepoint: 7258 ns, Total: 87204 ns
[2020-02-29T05:19:53.084+0000][1][safepoint    ] Safepoint "RevokeBias", Time since last: 513551603 ns, Reaching safepoint: 80206 ns, At safepoint: 18437 ns, Total: 98643 ns
[2020-02-29T05:19:54.086+0000][1][safepoint    ] Safepoint "Cleanup", Time since last: 1001913354 ns, Reaching safepoint: 90556 ns, At safepoint: 6429 ns, Total: 96985 ns
[2020-02-29T05:19:55.088+0000][1][safepoint    ] Safepoint "Cleanup", Time since last: 1002244372 ns, Reaching safepoint: 80126 ns, At safepoint: 7253 ns, Total: 87379 ns
[2020-02-29T05:19:55.606+0000][1][safepoint    ] Safepoint "RevokeBias", Time since last: 517231977 ns, Reaching safepoint: 75088 ns, At safepoint: 88243 ns, Total: 163331 ns
[2020-02-29T05:19:56.612+0000][1][safepoint    ] Safepoint "Cleanup", Time since last: 1006411478 ns, Reaching safepoint: 75515 ns, At safepoint: 7364 ns, Total: 82879 ns
[2020-02-29T05:19:57.617+0000][1][safepoint    ] Safepoint "Cleanup", Time since last: 1004666778 ns, Reaching safepoint: 63708 ns, At safepoint: 8004 ns, Total: 71712 ns
[2020-02-29T05:19:58.134+0000][1][safepoint    ] Safepoint "RevokeBias", Time since last: 517581208 ns, Reaching safepoint: 74299 ns, At safepoint: 54786 ns, Total: 129085 ns
[2020-02-29T05:19:59.138+0000][1][safepoint    ] Safepoint "Cleanup", Time since last: 1003410253 ns, Reaching safepoint: 126514 ns, At safepoint: 6724 ns, Total: 133238 ns
[2020-02-29T05:20:00.139+0000][1][safepoint    ] Safepoint "Cleanup", Time since last: 1000558021 ns, Reaching safepoint: 96779 ns, At safepoint: 9125 ns, Total: 105904 ns
[2020-02-29T05:20:00.667+0000][1][safepoint    ] Safepoint "RevokeBias", Time since last: 527830578 ns, Reaching safepoint: 57385 ns, At safepoint: 15940 ns, Total: 73325 ns
[2020-02-29T05:20:01.668+0000][1][safepoint    ] Safepoint "Cleanup", Time since last: 1001253179 ns, Reaching safepoint: 164706 ns, At safepoint: 7350 ns, Total: 172056 ns
[2020-02-29T05:20:02.676+0000][1][safepoint    ] Safepoint "Cleanup", Time since last: 1007820759 ns, Reaching safepoint: 187588 ns, At safepoint: 25747 ns, Total: 213335 ns
[2020-02-29T05:20:03.201+0000][1][safepoint    ] Safepoint "RevokeBias", Time since last: 523562107 ns, Reaching safepoint: 1810961 ns, At safepoint: 40188 ns, Total: 1851149 ns
[2020-02-29T05:20:04.209+0000][1][safepoint    ] Safepoint "Cleanup", Time since last: 1006957749 ns, Reaching safepoint: 69936 ns, At safepoint: 7616 ns, Total: 77552 ns
[2020-02-29T05:20:05.213+0000][1][safepoint    ] Safepoint "Cleanup", Time since last: 1004773203 ns, Reaching safepoint: 61943 ns, At safepoint: 5800 ns, Total: 67743 ns
[2020-02-29T05:20:05.716+0000][1][safepoint    ] Safepoint "RevokeBias", Time since last: 502632387 ns, Reaching safepoint: 79462 ns, At safepoint: 18420 ns, Total: 97882 ns
[2020-02-29T05:20:06.721+0000][1][safepoint    ] Safepoint "Cleanup", Time since last: 1004322351 ns, Reaching safepoint: 187774 ns, At safepoint: 11964 ns, Total: 199738 ns
[2020-02-29T05:20:07.727+0000][1][safepoint    ] Safepoint "Cleanup", Time since last: 1006483545 ns, Reaching safepoint: 81136 ns, At safepoint: 7383 ns, Total: 88519 ns
[2020-02-29T05:20:08.242+0000][1][safepoint    ] Safepoint "RevokeBias", Time since last: 514354279 ns, Reaching safepoint: 78175 ns, At safepoint: 17531 ns, Total: 95706 ns
[2020-02-29T05:20:09.252+0000][1][safepoint    ] Safepoint "Cleanup", Time since last: 1010033269 ns, Reaching safepoint: 90387 ns, At safepoint: 7248 ns, Total: 97635 ns
[2020-02-29T05:20:10.254+0000][1][safepoint    ] Safepoint "Cleanup", Time since last: 1002417852 ns, Reaching safepoint: 278364 ns, At safepoint: 21703 ns, Total: 300067 ns
[2020-02-29T05:20:10.752+0000][1][safepoint    ] Safepoint "RevokeBias", Time since last: 497405071 ns, Reaching safepoint: 165446 ns, At safepoint: 43166 ns, Total: 208612 ns
[2020-02-29T05:20:11.753+0000][1][safepoint    ] Safepoint "Cleanup", Time since last: 1000685762 ns, Reaching safepoint: 90645 ns, At safepoint: 7598 ns, Total: 98243 ns
[2020-02-29T05:20:12.754+0000][1][safepoint    ] Safepoint "Cleanup", Time since last: 1001104718 ns, Reaching safepoint: 80321 ns, At safepoint: 6340 ns, Total: 86661 ns
[2020-02-29T05:20:13.271+0000][1][safepoint    ] Safepoint "RevokeBias", Time since last: 517196860 ns, Reaching safepoint: 61358 ns, At safepoint: 31938 ns, Total: 93296 ns
[2020-02-29T05:20:14.277+0000][1][safepoint    ] Safepoint "Cleanup", Time since last: 1005568048 ns, Reaching safepoint: 131867 ns, At safepoint: 7115 ns, Total: 138982 ns
[2020-02-29T05:20:15.286+0000][1][safepoint    ] Safepoint "Cleanup", Time since last: 1009110507 ns, Reaching safepoint: 219500 ns, At safepoint: 46728 ns, Total: 266228 ns
[2020-02-29T05:20:15.803+0000][1][safepoint    ] Safepoint "RevokeBias", Time since last: 516625435 ns, Reaching safepoint: 86291 ns, At safepoint: 21783 ns, Total: 108074 ns
[2020-02-29T05:20:16.804+0000][1][safepoint    ] Safepoint "Cleanup", Time since last: 1000600174 ns, Reaching safepoint: 65068 ns, At safepoint: 7709 ns, Total: 72777 ns
[2020-02-29T05:20:17.814+0000][1][safepoint    ] Safepoint "Cleanup", Time since last: 1010371873 ns, Reaching safepoint: 62171 ns, At safepoint: 5758 ns, Total: 67929 ns
[2020-02-29T05:20:18.310+0000][1][safepoint    ] Safepoint "RevokeBias", Time since last: 495853567 ns, Reaching safepoint: 54390 ns, At safepoint: 15755 ns, Total: 70145 ns
[2020-02-29T05:20:19.311+0000][1][safepoint    ] Safepoint "Cleanup", Time since last: 1000572586 ns, Reaching safepoint: 79639 ns, At safepoint: 7869 ns, Total: 87508 ns
[2020-02-29T05:20:20.312+0000][1][safepoint    ] Safepoint "Cleanup", Time since last: 1001322001 ns, Reaching safepoint: 60886 ns, At safepoint: 6556 ns, Total: 67442 ns
[2020-02-29T05:20:20.835+0000][1][safepoint    ] Safepoint "RevokeBias", Time since last: 523005485 ns, Reaching safepoint: 76033 ns, At safepoint: 18336 ns, Total: 94369 ns
[2020-02-29T05:20:21.840+0000][1][safepoint    ] Safepoint "Cleanup", Time since last: 1004599788 ns, Reaching safepoint: 82058 ns, At safepoint: 7352 ns, Total: 89410 ns
[2020-02-29T05:20:22.842+0000][1][safepoint    ] Safepoint "Cleanup", Time since last: 1001902719 ns, Reaching safepoint: 81017 ns, At safepoint: 7221 ns, Total: 88238 ns
[2020-02-29T05:20:23.344+0000][1][safepoint    ] Safepoint "RevokeBias", Time since last: 502302954 ns, Reaching safepoint: 85903 ns, At safepoint: 21542 ns, Total: 107445 ns
[2020-02-29T05:20:24.345+0000][1][safepoint    ] Safepoint "Cleanup", Time since last: 1000227549 ns, Reaching safepoint: 96159 ns, At safepoint: 9708 ns, Total: 105867 ns
[2020-02-29T05:20:25.346+0000][1][safepoint    ] Safepoint "Cleanup", Time since last: 1000796236 ns, Reaching safepoint: 111741 ns, At safepoint: 14439 ns, Total: 126180 ns
[2020-02-29T05:20:25.853+0000][1][safepoint    ] Safepoint "RevokeBias", Time since last: 507281997 ns, Reaching safepoint: 56405 ns, At safepoint: 16442 ns, Total: 72847 ns
[2020-02-29T05:20:26.862+0000][1][safepoint    ] Safepoint "Cleanup", Time since last: 1008884928 ns, Reaching safepoint: 170212 ns, At safepoint: 7478 ns, Total: 177690 ns
[2020-02-29T05:20:27.863+0000][1][safepoint    ] Safepoint "Cleanup", Time since last: 1001076052 ns, Reaching safepoint: 61148 ns, At safepoint: 5316 ns, Total: 66464 ns
[2020-02-29T05:20:28.378+0000][1][safepoint    ] Safepoint "RevokeBias", Time since last: 514507241 ns, Reaching safepoint: 77065 ns, At safepoint: 17786 ns, Total: 94851 ns
[2020-02-29T05:20:30.018+0000][1][safepoint    ] Safepoint "Cleanup", Time since last: 1640203944 ns, Reaching safepoint: 183117 ns, At safepoint: 10201 ns, Total: 193318 ns
[2020-02-29T05:20:30.890+0000][1][safepoint    ] Safepoint "RevokeBias", Time since last: 871306265 ns, Reaching safepoint: 88196 ns, At safepoint: 21140 ns, Total: 109336 ns
[2020-02-29T05:20:31.890+0000][1][safepoint    ] Safepoint "Cleanup", Time since last: 1000675213 ns, Reaching safepoint: 88616 ns, At safepoint: 7971 ns, Total: 96587 ns
[2020-02-29T05:20:32.891+0000][1][safepoint    ] Safepoint "Cleanup", Time since last: 1000144819 ns, Reaching safepoint: 91872 ns, At safepoint: 7487 ns, Total: 99359 ns
[2020-02-29T05:20:33.408+0000][1][safepoint    ] Safepoint "BulkRevokeBias", Time since last: 516955279 ns, Reaching safepoint: 76880 ns, At safepoint: 193657 ns, Total: 270537 ns
[2020-02-29T05:20:34.413+0000][1][safepoint    ] Safepoint "Cleanup", Time since last: 1005297037 ns, Reaching safepoint: 142809 ns, At safepoint: 22667 ns, Total: 165476 ns
[2020-02-29T05:20:35.419+0000][1][safepoint    ] Safepoint "Cleanup", Time since last: 1005650272 ns, Reaching safepoint: 57296 ns, At safepoint: 5759 ns, Total: 63055 ns
[2020-02-29T05:20:35.923+0000][1][safepoint    ] Safepoint "RevokeBias", Time since last: 503995934 ns, Reaching safepoint: 53750 ns, At safepoint: 15723 ns, Total: 69473 ns
[2020-02-29T05:20:36.930+0000][1][safepoint    ] Safepoint "Cleanup", Time since last: 1007157434 ns, Reaching safepoint: 64976 ns, At safepoint: 6274 ns, Total: 71250 ns
[2020-02-29T05:20:37.935+0000][1][safepoint    ] Safepoint "Cleanup", Time since last: 1004696311 ns, Reaching safepoint: 94966 ns, At safepoint: 6428 ns, Total: 101394 ns
[2020-02-29T05:20:38.447+0000][1][safepoint    ] Safepoint "RevokeBias", Time since last: 511782503 ns, Reaching safepoint: 103433 ns, At safepoint: 18607 ns, Total: 122040 ns
[2020-02-29T05:20:39.449+0000][1][safepoint    ] Safepoint "Cleanup", Time since last: 1001356829 ns, Reaching safepoint: 59812 ns, At safepoint: 5469 ns, Total: 65281 ns
[2020-02-29T05:20:40.449+0000][1][safepoint    ] Safepoint "Cleanup", Time since last: 1000197702 ns, Reaching safepoint: 105094 ns, At safepoint: 9262 ns, Total: 114356 ns
[2020-02-29T05:20:41.028+0000][1][safepoint    ] Safepoint "RevokeBias", Time since last: 578751411 ns, Reaching safepoint: 106528 ns, At safepoint: 37683 ns, Total: 144211 ns
[2020-02-29T05:20:42.029+0000][1][safepoint    ] Safepoint "Cleanup", Time since last: 1001610688 ns, Reaching safepoint: 114202 ns, At safepoint: 6970 ns, Total: 121172 ns
[2020-02-29T05:20:43.037+0000][1][safepoint    ] Safepoint "Cleanup", Time since last: 1007420288 ns, Reaching safepoint: 63710 ns, At safepoint: 6956 ns, Total: 70666 ns
[2020-02-29T05:20:43.540+0000][1][safepoint    ] Safepoint "RevokeBias", Time since last: 503041763 ns, Reaching safepoint: 76863 ns, At safepoint: 18760 ns, Total: 95623 ns
[2020-02-29T05:20:45.405+0000][1][safepoint    ] Safepoint "Cleanup", Time since last: 1865063608 ns, Reaching safepoint: 63098 ns, At safepoint: 6465 ns, Total: 69563 ns
[2020-02-29T05:20:46.104+0000][1][safepoint    ] Safepoint "RevokeBias", Time since last: 698970649 ns, Reaching safepoint: 55384 ns, At safepoint: 16503 ns, Total: 71887 ns
[2020-02-29T05:20:47.105+0000][1][safepoint    ] Safepoint "Cleanup", Time since last: 1001099339 ns, Reaching safepoint: 114165 ns, At safepoint: 7233 ns, Total: 121398 ns
[2020-02-29T05:20:48.109+0000][1][safepoint    ] Safepoint "Cleanup", Time since last: 1003555341 ns, Reaching safepoint: 116333 ns, At safepoint: 6576 ns, Total: 122909 ns
[2020-02-29T05:20:48.641+0000][1][safepoint    ] Safepoint "RevokeBias", Time since last: 532217107 ns, Reaching safepoint: 55486 ns, At safepoint: 15448 ns, Total: 70934 ns
[2020-02-29T05:20:49.642+0000][1][safepoint    ] Safepoint "Cleanup", Time since last: 1000603127 ns, Reaching safepoint: 62948 ns, At safepoint: 7387 ns, Total: 70335 ns
[2020-02-29T05:20:50.643+0000][1][safepoint    ] Safepoint "Cleanup", Time since last: 1000853857 ns, Reaching safepoint: 135236 ns, At safepoint: 7152 ns, Total: 142388 ns
[2020-02-29T05:20:51.176+0000][1][safepoint    ] Safepoint "RevokeBias", Time since last: 532517912 ns, Reaching safepoint: 75287 ns, At safepoint: 17446 ns, Total: 92733 ns
[2020-02-29T05:20:52.176+0000][1][safepoint    ] Safepoint "Cleanup", Time since last: 1000403950 ns, Reaching safepoint: 122668 ns, At safepoint: 10690 ns, Total: 133358 ns
[2020-02-29T05:20:53.177+0000][1][safepoint    ] Safepoint "Cleanup", Time since last: 1000492502 ns, Reaching safepoint: 72369 ns, At safepoint: 10612 ns, Total: 82981 ns
[2020-02-29T05:20:53.700+0000][1][safepoint    ] Safepoint "RevokeBias", Time since last: 523164565 ns, Reaching safepoint: 72828 ns, At safepoint: 17389 ns, Total: 90217 ns
[2020-02-29T05:20:54.704+0000][1][safepoint    ] Safepoint "Cleanup", Time since last: 1004049817 ns, Reaching safepoint: 160742 ns, At safepoint: 10326 ns, Total: 171068 ns
[2020-02-29T05:20:55.705+0000][1][safepoint    ] Safepoint "Cleanup", Time since last: 1000958536 ns, Reaching safepoint: 81024 ns, At safepoint: 6904 ns, Total: 87928 ns
[2020-02-29T05:20:56.244+0000][1][safepoint    ] Safepoint "RevokeBias", Time since last: 538669928 ns, Reaching safepoint: 60738 ns, At safepoint: 15462 ns, Total: 76200 ns
[2020-02-29T05:20:57.246+0000][1][safepoint    ] Safepoint "Cleanup", Time since last: 1001847311 ns, Reaching safepoint: 64835 ns, At safepoint: 7104 ns, Total: 71939 ns
[2020-02-29T05:20:58.256+0000][1][safepoint    ] Safepoint "Cleanup", Time since last: 1009825654 ns, Reaching safepoint: 81581 ns, At safepoint: 7515 ns, Total: 89096 ns
[2020-02-29T05:20:58.763+0000][1][safepoint    ] Safepoint "RevokeBias", Time since last: 507247560 ns, Reaching safepoint: 54221 ns, At safepoint: 15797 ns, Total: 70018 ns
[2020-02-29T05:20:59.773+0000][1][safepoint    ] Safepoint "Cleanup", Time since last: 1009510951 ns, Reaching safepoint: 78246 ns, At safepoint: 7856 ns, Total: 86102 ns
[2020-02-29T05:21:00.777+0000][1][safepoint    ] Safepoint "Cleanup", Time since last: 1004135800 ns, Reaching safepoint: 63800 ns, At safepoint: 6903 ns, Total: 70703 ns
[2020-02-29T05:21:01.281+0000][1][safepoint    ] Safepoint "RevokeBias", Time since last: 504057826 ns, Reaching safepoint: 75346 ns, At safepoint: 17386 ns, Total: 92732 ns
[2020-02-29T05:21:02.282+0000][1][safepoint    ] Safepoint "Cleanup", Time since last: 1000346152 ns, Reaching safepoint: 97059 ns, At safepoint: 9974 ns, Total: 107033 ns
[2020-02-29T05:21:03.282+0000][1][safepoint    ] Safepoint "Cleanup", Time since last: 1000222106 ns, Reaching safepoint: 84331 ns, At safepoint: 7721 ns, Total: 92052 ns
[2020-02-29T05:21:03.800+0000][1][safepoint    ] Safepoint "RevokeBias", Time since last: 518006885 ns, Reaching safepoint: 76474 ns, At safepoint: 18965 ns, Total: 95439 ns
[2020-02-29T05:21:04.804+0000][1][safepoint    ] Safepoint "Cleanup", Time since last: 1003707738 ns, Reaching safepoint: 81998 ns, At safepoint: 26477 ns, Total: 108475 ns
[2020-02-29T05:21:05.815+0000][1][safepoint    ] Safepoint "Cleanup", Time since last: 1010918602 ns, Reaching safepoint: 159871 ns, At safepoint: 6511 ns, Total: 166382 ns
[2020-02-29T05:21:06.313+0000][1][safepoint    ] Safepoint "RevokeBias", Time since last: 498188412 ns, Reaching safepoint: 91649 ns, At safepoint: 20090 ns, Total: 111739 ns
[2020-02-29T05:21:07.314+0000][1][safepoint    ] Safepoint "Cleanup", Time since last: 1001088868 ns, Reaching safepoint: 60894 ns, At safepoint: 5680 ns, Total: 66574 ns
[2020-02-29T05:21:08.319+0000][1][safepoint    ] Safepoint "Cleanup", Time since last: 1004565530 ns, Reaching safepoint: 60292 ns, At safepoint: 5884 ns, Total: 66176 ns
[2020-02-29T05:21:08.895+0000][1][safepoint    ] Safepoint "RevokeBias", Time since last: 575369869 ns, Reaching safepoint: 66929 ns, At safepoint: 48496 ns, Total: 115425 ns
[2020-02-29T05:21:09.898+0000][1][safepoint    ] Safepoint "Cleanup", Time since last: 1003511950 ns, Reaching safepoint: 108282 ns, At safepoint: 7455 ns, Total: 115737 ns
[2020-02-29T05:21:10.876+0000][1][gc,start     ] GC(46) Pause Young (Allocation Failure)
[2020-02-29T05:21:10.876+0000][1][gc,task      ] GC(46) Using 1 workers of 1 for evacuation
[2020-02-29T05:21:10.887+0000][1][gc,age       ] GC(46) Desired survivor size 4358144 bytes, new threshold 6 (max threshold 6)
[2020-02-29T05:21:10.887+0000][1][gc,age       ] GC(46) Age table with threshold 6 (max threshold 6)
[2020-02-29T05:21:10.887+0000][1][gc,age       ] GC(46) - age   1:      13592 bytes,      13592 total
[2020-02-29T05:21:10.887+0000][1][gc,age       ] GC(46) - age   2:        488 bytes,      14080 total
[2020-02-29T05:21:10.887+0000][1][gc,age       ] GC(46) - age   3:        952 bytes,      15032 total
[2020-02-29T05:21:10.887+0000][1][gc,age       ] GC(46) - age   4:       1304 bytes,      16336 total
[2020-02-29T05:21:10.887+0000][1][gc,age       ] GC(46) - age   5:       2232 bytes,      18568 total
[2020-02-29T05:21:10.887+0000][1][gc,age       ] GC(46) - age   6:       3656 bytes,      22224 total
[2020-02-29T05:21:10.887+0000][1][gc,heap      ] GC(46) ParNew: 68184K->42K(76672K)
[2020-02-29T05:21:10.887+0000][1][gc,heap      ] GC(46) CMS: 62511K->62512K(963392K)
[2020-02-29T05:21:10.887+0000][1][gc,metaspace ] GC(46) Metaspace: 79359K->79359K(1122304K)
[2020-02-29T05:21:10.887+0000][1][gc           ] GC(46) Pause Young (Allocation Failure) 127M->61M(1015M) 10.887ms
[2020-02-29T05:21:10.887+0000][1][gc,cpu       ] GC(46) User=0.01s Sys=0.00s Real=0.01s
[2020-02-29T05:21:10.887+0000][1][safepoint    ] Safepoint "GenCollectForAllocation", Time since last: 977655397 ns, Reaching safepoint: 99250 ns, At safepoint: 10942328 ns, Total: 11041578 ns
[2020-02-29T05:21:11.417+0000][1][safepoint    ] Safepoint "RevokeBias", Time since last: 530308162 ns, Reaching safepoint: 90937 ns, At safepoint: 20744 ns, Total: 111681 ns
[2020-02-29T05:21:12.419+0000][1][safepoint    ] Safepoint "Cleanup", Time since last: 1001551882 ns, Reaching safepoint: 73613 ns, At safepoint: 6158 ns, Total: 79771 ns
[2020-02-29T05:21:13.420+0000][1][safepoint    ] Safepoint "Cleanup", Time since last: 1000982305 ns, Reaching safepoint: 72773 ns, At safepoint: 5179 ns, Total: 77952 ns
[2020-02-29T05:21:13.947+0000][1][safepoint    ] Safepoint "RevokeBias", Time since last: 527145662 ns, Reaching safepoint: 75903 ns, At safepoint: 17680 ns, Total: 93583 ns
[2020-02-29T05:21:14.948+0000][1][safepoint    ] Safepoint "Cleanup", Time since last: 1000492520 ns, Reaching safepoint: 82013 ns, At safepoint: 6564 ns, Total: 88577 ns
[2020-02-29T05:21:15.949+0000][1][safepoint    ] Safepoint "Cleanup", Time since last: 1001061319 ns, Reaching safepoint: 59279 ns, At safepoint: 5605 ns, Total: 64884 ns
[2020-02-29T05:21:16.810+0000][1][safepoint    ] Safepoint "RevokeBias", Time since last: 861453090 ns, Reaching safepoint: 55025 ns, At safepoint: 16625 ns, Total: 71650 ns
[2020-02-29T05:21:17.814+0000][1][safepoint    ] Safepoint "Cleanup", Time since last: 1003741440 ns, Reaching safepoint: 61021 ns, At safepoint: 5433 ns, Total: 66454 ns
[2020-02-29T05:21:18.821+0000][1][safepoint    ] Safepoint "Cleanup", Time since last: 1006683190 ns, Reaching safepoint: 76099 ns, At safepoint: 5351 ns, Total: 81450 ns
[2020-02-29T05:21:19.382+0000][1][safepoint    ] Safepoint "RevokeBias", Time since last: 561218641 ns, Reaching safepoint: 55141 ns, At safepoint: 16095 ns, Total: 71236 ns
[2020-02-29T05:21:20.383+0000][1][safepoint    ] Safepoint "Cleanup", Time since last: 1000322189 ns, Reaching safepoint: 83095 ns, At safepoint: 7514 ns, Total: 90609 ns
[2020-02-29T05:21:21.384+0000][1][safepoint    ] Safepoint "Cleanup", Time since last: 1000689545 ns, Reaching safepoint: 96210 ns, At safepoint: 10372 ns, Total: 106582 ns
[2020-02-29T05:21:21.918+0000][1][safepoint    ] Safepoint "RevokeBias", Time since last: 534171388 ns, Reaching safepoint: 75254 ns, At safepoint: 92707 ns, Total: 167961 ns
[2020-02-29T05:21:22.919+0000][1][safepoint    ] Safepoint "Cleanup", Time since last: 1001150189 ns, Reaching safepoint: 63060 ns, At safepoint: 6584 ns, Total: 69644 ns
[2020-02-29T05:21:23.928+0000][1][safepoint    ] Safepoint "Cleanup", Time since last: 1008615509 ns, Reaching safepoint: 61916 ns, At safepoint: 6843 ns, Total: 68759 ns
[2020-02-29T05:21:24.453+0000][1][safepoint    ] Safepoint "RevokeBias", Time since last: 525408558 ns, Reaching safepoint: 75034 ns, At safepoint: 18040 ns, Total: 93074 ns
[2020-02-29T05:21:25.454+0000][1][safepoint    ] Safepoint "Cleanup", Time since last: 1000574381 ns, Reaching safepoint: 156761 ns, At safepoint: 15518 ns, Total: 172279 ns
[2020-02-29T05:21:26.454+0000][1][safepoint    ] Safepoint "Cleanup", Time since last: 1000249036 ns, Reaching safepoint: 86790 ns, At safepoint: 8942 ns, Total: 95732 ns
[2020-02-29T05:21:26.976+0000][1][safepoint    ] Safepoint "RevokeBias", Time since last: 521158008 ns, Reaching safepoint: 73950 ns, At safepoint: 18097 ns, Total: 92047 ns
[2020-02-29T05:21:27.985+0000][1][safepoint    ] Safepoint "Cleanup", Time since last: 1009705743 ns, Reaching safepoint: 124069 ns, At safepoint: 6696 ns, Total: 130765 ns
[2020-02-29T05:21:28.992+0000][1][safepoint    ] Safepoint "Cleanup", Time since last: 1006716401 ns, Reaching safepoint: 77301 ns, At safepoint: 7953 ns, Total: 85254 ns
[2020-02-29T05:21:29.502+0000][1][safepoint    ] Safepoint "RevokeBias", Time since last: 509546842 ns, Reaching safepoint: 55285 ns, At safepoint: 15825 ns, Total: 71110 ns
[2020-02-29T05:21:31.263+0000][1][safepoint    ] Safepoint "Cleanup", Time since last: 1761287998 ns, Reaching safepoint: 105082 ns, At safepoint: 7563 ns, Total: 112645 ns
[2020-02-29T05:21:32.027+0000][1][safepoint    ] Safepoint "RevokeBias", Time since last: 764009706 ns, Reaching safepoint: 155570 ns, At safepoint: 35846 ns, Total: 191416 ns
[2020-02-29T05:21:33.032+0000][1][safepoint    ] Safepoint "Cleanup", Time since last: 1004703571 ns, Reaching safepoint: 80060 ns, At safepoint: 7323 ns, Total: 87383 ns
[2020-02-29T05:21:34.036+0000][1][safepoint    ] Safepoint "Cleanup", Time since last: 1003804911 ns, Reaching safepoint: 81540 ns, At safepoint: 6973 ns, Total: 88513 ns
[2020-02-29T05:21:34.567+0000][1][safepoint    ] Safepoint "RevokeBias", Time since last: 530384635 ns, Reaching safepoint: 59618 ns, At safepoint: 16443 ns, Total: 76061 ns
[2020-02-29T05:21:35.572+0000][1][safepoint    ] Safepoint "Cleanup", Time since last: 1005653472 ns, Reaching safepoint: 64033 ns, At safepoint: 7236 ns, Total: 71269 ns
[2020-02-29T05:21:36.577+0000][1][safepoint    ] Safepoint "Cleanup", Time since last: 1004314373 ns, Reaching safepoint: 81190 ns, At safepoint: 7379 ns, Total: 88569 ns
[2020-02-29T05:21:37.082+0000][1][safepoint    ] Safepoint "RevokeBias", Time since last: 505103863 ns, Reaching safepoint: 90491 ns, At safepoint: 20646 ns, Total: 111137 ns
[2020-02-29T05:21:38.083+0000][1][safepoint    ] Safepoint "Cleanup", Time since last: 1000683868 ns, Reaching safepoint: 122889 ns, At safepoint: 13142 ns, Total: 136031 ns
[2020-02-29T05:21:39.086+0000][1][safepoint    ] Safepoint "Cleanup", Time since last: 1003183520 ns, Reaching safepoint: 63234 ns, At safepoint: 7374 ns, Total: 70608 ns
[2020-02-29T05:21:39.594+0000][1][safepoint    ] Safepoint "RevokeBias", Time since last: 508086390 ns, Reaching safepoint: 75083 ns, At safepoint: 16855 ns, Total: 91938 ns
[2020-02-29T05:21:40.604+0000][1][safepoint    ] Safepoint "Cleanup", Time since last: 1009990675 ns, Reaching safepoint: 82206 ns, At safepoint: 6954 ns, Total: 89160 ns
[2020-02-29T05:21:41.607+0000][1][safepoint    ] Safepoint "Cleanup", Time since last: 1002375877 ns, Reaching safepoint: 98676 ns, At safepoint: 7386 ns, Total: 106062 ns
[2020-02-29T05:21:42.108+0000][1][safepoint    ] Safepoint "RevokeBias", Time since last: 501528542 ns, Reaching safepoint: 55500 ns, At safepoint: 31652 ns, Total: 87152 ns
[2020-02-29T05:21:43.110+0000][1][safepoint    ] Safepoint "Cleanup", Time since last: 1001578200 ns, Reaching safepoint: 83025 ns, At safepoint: 7476 ns, Total: 90501 ns
[2020-02-29T05:21:44.111+0000][1][safepoint    ] Safepoint "Cleanup", Time since last: 1001168968 ns, Reaching safepoint: 98768 ns, At safepoint: 6899 ns, Total: 105667 ns
[2020-02-29T05:21:44.625+0000][1][safepoint    ] Safepoint "RevokeBias", Time since last: 513297042 ns, Reaching safepoint: 81568 ns, At safepoint: 19276 ns, Total: 100844 ns
[2020-02-29T05:21:45.625+0000][1][safepoint    ] Safepoint "Cleanup", Time since last: 1000644697 ns, Reaching safepoint: 85701 ns, At safepoint: 8835 ns, Total: 94536 ns
[2020-02-29T05:21:46.626+0000][1][safepoint    ] Safepoint "Cleanup", Time since last: 1000728668 ns, Reaching safepoint: 97466 ns, At safepoint: 10573 ns, Total: 108039 ns
[2020-02-29T05:21:47.142+0000][1][safepoint    ] Safepoint "BulkRevokeBias", Time since last: 515563089 ns, Reaching safepoint: 54973 ns, At safepoint: 143517 ns, Total: 198490 ns
[2020-02-29T05:21:48.144+0000][1][safepoint    ] Safepoint "Cleanup", Time since last: 1001278459 ns, Reaching safepoint: 127831 ns, At safepoint: 23512 ns, Total: 151343 ns
[2020-02-29T05:21:49.154+0000][1][safepoint    ] Safepoint "Cleanup", Time since last: 1010214758 ns, Reaching safepoint: 79656 ns, At safepoint: 6205 ns, Total: 85861 ns
[2020-02-29T05:21:49.664+0000][1][safepoint    ] Safepoint "RevokeBias", Time since last: 508515676 ns, Reaching safepoint: 1979627 ns, At safepoint: 26024 ns, Total: 2005651 ns
[2020-02-29T05:21:50.669+0000][1][safepoint    ] Safepoint "Cleanup", Time since last: 1004452453 ns, Reaching safepoint: 95473 ns, At safepoint: 6951 ns, Total: 102424 ns
[2020-02-29T05:21:51.675+0000][1][safepoint    ] Safepoint "Cleanup", Time since last: 1006003691 ns, Reaching safepoint: 105215 ns, At safepoint: 6643 ns, Total: 111858 ns
[2020-02-29T05:21:52.184+0000][1][safepoint    ] Safepoint "RevokeBias", Time since last: 508939886 ns, Reaching safepoint: 56036 ns, At safepoint: 34400 ns, Total: 90436 ns
[2020-02-29T05:21:53.194+0000][1][safepoint    ] Safepoint "Cleanup", Time since last: 1009732080 ns, Reaching safepoint: 64283 ns, At safepoint: 7418 ns, Total: 71701 ns
[2020-02-29T05:21:54.198+0000][1][safepoint    ] Safepoint "Cleanup", Time since last: 1004254896 ns, Reaching safepoint: 62707 ns, At safepoint: 7204 ns, Total: 69911 ns
[2020-02-29T05:21:54.701+0000][1][safepoint    ] Safepoint "RevokeBias", Time since last: 502870610 ns, Reaching safepoint: 147523 ns, At safepoint: 19563 ns, Total: 167086 ns
[2020-02-29T05:21:55.707+0000][1][safepoint    ] Safepoint "Cleanup", Time since last: 1006073470 ns, Reaching safepoint: 165996 ns, At safepoint: 7289 ns, Total: 173285 ns
[2020-02-29T05:21:56.708+0000][1][safepoint    ] Safepoint "Cleanup", Time since last: 1000449272 ns, Reaching safepoint: 101895 ns, At safepoint: 26850 ns, Total: 128745 ns
[2020-02-29T05:21:57.216+0000][1][safepoint    ] Safepoint "RevokeBias", Time since last: 507438990 ns, Reaching safepoint: 85297 ns, At safepoint: 19356 ns, Total: 104653 ns
[2020-02-29T05:21:58.216+0000][1][safepoint    ] Safepoint "Cleanup", Time since last: 1000435067 ns, Reaching safepoint: 95080 ns, At safepoint: 10159 ns, Total: 105239 ns
[2020-02-29T05:21:59.217+0000][1][safepoint    ] Safepoint "Cleanup", Time since last: 1000689998 ns, Reaching safepoint: 87522 ns, At safepoint: 24229 ns, Total: 111751 ns
[2020-02-29T05:21:59.736+0000][1][safepoint    ] Safepoint "RevokeBias", Time since last: 518607323 ns, Reaching safepoint: 76430 ns, At safepoint: 18057 ns, Total: 94487 ns
[2020-02-29T05:22:00.736+0000][1][safepoint    ] Safepoint "Cleanup", Time since last: 1000612409 ns, Reaching safepoint: 82013 ns, At safepoint: 6943 ns, Total: 88956 ns
[2020-02-29T05:22:01.745+0000][1][safepoint    ] Safepoint "Cleanup", Time since last: 1008404139 ns, Reaching safepoint: 202421 ns, At safepoint: 7034 ns, Total: 209455 ns
[2020-02-29T05:22:02.283+0000][1][safepoint    ] Safepoint "RevokeBias", Time since last: 534382853 ns, Reaching safepoint: 3689187 ns, At safepoint: 20993 ns, Total: 3710180 ns
[2020-02-29T05:22:03.288+0000][1][safepoint    ] Safepoint "Cleanup", Time since last: 1005138794 ns, Reaching safepoint: 180236 ns, At safepoint: 7779 ns, Total: 188015 ns
[2020-02-29T05:22:04.291+0000][1][safepoint    ] Safepoint "Cleanup", Time since last: 1002995102 ns, Reaching safepoint: 76594 ns, At safepoint: 5823 ns, Total: 82417 ns
[2020-02-29T05:22:04.808+0000][1][safepoint    ] Safepoint "RevokeBias", Time since last: 516948700 ns, Reaching safepoint: 57673 ns, At safepoint: 15208 ns, Total: 72881 ns
[2020-02-29T05:22:05.816+0000][1][safepoint    ] Safepoint "Cleanup", Time since last: 1007286551 ns, Reaching safepoint: 154877 ns, At safepoint: 27355 ns, Total: 182232 ns
[2020-02-29T05:22:06.820+0000][1][safepoint    ] Safepoint "Cleanup", Time since last: 1003949216 ns, Reaching safepoint: 61251 ns, At safepoint: 5634 ns, Total: 66885 ns
[2020-02-29T05:22:07.327+0000][1][safepoint    ] Safepoint "RevokeBias", Time since last: 506969529 ns, Reaching safepoint: 73012 ns, At safepoint: 17318 ns, Total: 90330 ns
[2020-02-29T05:22:08.327+0000][1][safepoint    ] Safepoint "Cleanup", Time since last: 1000169456 ns, Reaching safepoint: 91713 ns, At safepoint: 5452 ns, Total: 97165 ns
[2020-02-29T05:22:09.328+0000][1][safepoint    ] Safepoint "Cleanup", Time since last: 1000306494 ns, Reaching safepoint: 87225 ns, At safepoint: 7964 ns, Total: 95189 ns
[2020-02-29T05:22:09.858+0000][1][safepoint    ] Safepoint "RevokeBias", Time since last: 530604191 ns, Reaching safepoint: 94675 ns, At safepoint: 19960 ns, Total: 114635 ns
[2020-02-29T05:22:10.859+0000][1][safepoint    ] Safepoint "Cleanup", Time since last: 1000288681 ns, Reaching safepoint: 73428 ns, At safepoint: 7048 ns, Total: 80476 ns
[2020-02-29T05:22:11.861+0000][1][safepoint    ] Safepoint "Cleanup", Time since last: 1002275336 ns, Reaching safepoint: 126750 ns, At safepoint: 7128 ns, Total: 133878 ns
[2020-02-29T05:22:12.385+0000][1][safepoint    ] Safepoint "RevokeBias", Time since last: 524217193 ns, Reaching safepoint: 95554 ns, At safepoint: 18946 ns, Total: 114500 ns
[2020-02-29T05:22:13.388+0000][1][safepoint    ] Safepoint "Cleanup", Time since last: 1002118043 ns, Reaching safepoint: 64812 ns, At safepoint: 7404 ns, Total: 72216 ns
[2020-02-29T05:22:14.391+0000][1][safepoint    ] Safepoint "Cleanup", Time since last: 1003254868 ns, Reaching safepoint: 79780 ns, At safepoint: 7240 ns, Total: 87020 ns
[2020-02-29T05:22:14.897+0000][1][safepoint    ] Safepoint "RevokeBias", Time since last: 505538900 ns, Reaching safepoint: 75056 ns, At safepoint: 16589 ns, Total: 91645 ns
[2020-02-29T05:22:15.897+0000][1][safepoint    ] Safepoint "Cleanup", Time since last: 1000462803 ns, Reaching safepoint: 80515 ns, At safepoint: 8286 ns, Total: 88801 ns
[2020-02-29T05:22:16.898+0000][1][safepoint    ] Safepoint "Cleanup", Time since last: 1000347518 ns, Reaching safepoint: 80401 ns, At safepoint: 7639 ns, Total: 88040 ns
[2020-02-29T05:22:17.410+0000][1][safepoint    ] Safepoint "RevokeBias", Time since last: 512462829 ns, Reaching safepoint: 88685 ns, At safepoint: 21348 ns, Total: 110033 ns
[2020-02-29T05:22:18.415+0000][1][safepoint    ] Safepoint "Cleanup", Time since last: 1004748837 ns, Reaching safepoint: 192005 ns, At safepoint: 25678 ns, Total: 217683 ns
[2020-02-29T05:22:19.421+0000][1][safepoint    ] Safepoint "Cleanup", Time since last: 1006120127 ns, Reaching safepoint: 63108 ns, At safepoint: 8015 ns, Total: 71123 ns
[2020-02-29T05:22:19.932+0000][1][safepoint    ] Safepoint "RevokeBias", Time since last: 510461508 ns, Reaching safepoint: 55275 ns, At safepoint: 16227 ns, Total: 71502 ns
[2020-02-29T05:22:20.935+0000][1][safepoint    ] Safepoint "Cleanup", Time since last: 1003152157 ns, Reaching safepoint: 79761 ns, At safepoint: 7236 ns, Total: 86997 ns
[2020-02-29T05:22:21.936+0000][1][safepoint    ] Safepoint "Cleanup", Time since last: 1000718653 ns, Reaching safepoint: 62843 ns, At safepoint: 7219 ns, Total: 70062 ns
[2020-02-29T05:22:22.460+0000][1][safepoint    ] Safepoint "RevokeBias", Time since last: 523971281 ns, Reaching safepoint: 181680 ns, At safepoint: 35895 ns, Total: 217575 ns
[2020-02-29T05:22:23.467+0000][1][safepoint    ] Safepoint "Cleanup", Time since last: 1006891329 ns, Reaching safepoint: 65463 ns, At safepoint: 7335 ns, Total: 72798 ns
[2020-02-29T05:22:24.477+0000][1][safepoint    ] Safepoint "Cleanup", Time since last: 1009997482 ns, Reaching safepoint: 60856 ns, At safepoint: 7265 ns, Total: 68121 ns
[2020-02-29T05:22:24.979+0000][1][safepoint    ] Safepoint "RevokeBias", Time since last: 501413436 ns, Reaching safepoint: 76160 ns, At safepoint: 19422 ns, Total: 95582 ns
[2020-02-29T05:22:25.982+0000][1][safepoint    ] Safepoint "Cleanup", Time since last: 1003169319 ns, Reaching safepoint: 105002 ns, At safepoint: 6390 ns, Total: 111392 ns
[2020-02-29T05:22:26.987+0000][1][safepoint    ] Safepoint "Cleanup", Time since last: 1004884238 ns, Reaching safepoint: 195021 ns, At safepoint: 6928 ns, Total: 201949 ns
[2020-02-29T05:22:27.490+0000][1][safepoint    ] Safepoint "RevokeBias", Time since last: 503130537 ns, Reaching safepoint: 108703 ns, At safepoint: 23717 ns, Total: 132420 ns
[2020-02-29T05:22:28.491+0000][1][safepoint    ] Safepoint "Cleanup", Time since last: 1000729887 ns, Reaching safepoint: 94174 ns, At safepoint: 10450 ns, Total: 104624 ns
[2020-02-29T05:22:29.492+0000][1][safepoint    ] Safepoint "Cleanup", Time since last: 1001029891 ns, Reaching safepoint: 82455 ns, At safepoint: 9373 ns, Total: 91828 ns
[2020-02-29T05:22:30.004+0000][1][safepoint    ] Safepoint "RevokeBias", Time since last: 511432492 ns, Reaching safepoint: 54472 ns, At safepoint: 16328 ns, Total: 70800 ns
[2020-02-29T05:22:31.008+0000][1][safepoint    ] Safepoint "Cleanup", Time since last: 1003656832 ns, Reaching safepoint: 166997 ns, At safepoint: 25541 ns, Total: 192538 ns
[2020-02-29T05:22:32.014+0000][1][safepoint    ] Safepoint "Cleanup", Time since last: 1006665704 ns, Reaching safepoint: 63667 ns, At safepoint: 7413 ns, Total: 71080 ns
[2020-02-29T05:22:32.519+0000][1][safepoint    ] Safepoint "RevokeBias", Time since last: 504999710 ns, Reaching safepoint: 56075 ns, At safepoint: 15913 ns, Total: 71988 ns
[2020-02-29T05:22:33.520+0000][1][safepoint    ] Safepoint "Cleanup", Time since last: 1000307246 ns, Reaching safepoint: 190018 ns, At safepoint: 39796 ns, Total: 229814 ns
[2020-02-29T05:22:34.521+0000][1][safepoint    ] Safepoint "Cleanup", Time since last: 1001139648 ns, Reaching safepoint: 80762 ns, At safepoint: 9188 ns, Total: 89950 ns
[2020-02-29T05:22:35.051+0000][1][safepoint    ] Safepoint "RevokeBias", Time since last: 526088606 ns, Reaching safepoint: 3799913 ns, At safepoint: 19550 ns, Total: 3819463 ns
[2020-02-29T05:22:36.055+0000][1][safepoint    ] Safepoint "Cleanup", Time since last: 1004192503 ns, Reaching safepoint: 95695 ns, At safepoint: 6939 ns, Total: 102634 ns
[2020-02-29T05:22:37.059+0000][1][safepoint    ] Safepoint "Cleanup", Time since last: 1003306541 ns, Reaching safepoint: 62079 ns, At safepoint: 6249 ns, Total: 68328 ns
[2020-02-29T05:22:37.576+0000][1][safepoint    ] Safepoint "RevokeBias", Time since last: 516732637 ns, Reaching safepoint: 55321 ns, At safepoint: 15665 ns, Total: 70986 ns
[2020-02-29T05:22:38.579+0000][1][safepoint    ] Safepoint "Cleanup", Time since last: 1003560387 ns, Reaching safepoint: 62943 ns, At safepoint: 7172 ns, Total: 70115 ns
[2020-02-29T05:22:39.581+0000][1][safepoint    ] Safepoint "Cleanup", Time since last: 1001105137 ns, Reaching safepoint: 200249 ns, At safepoint: 26245 ns, Total: 226494 ns
[2020-02-29T05:22:40.165+0000][1][safepoint    ] Safepoint "RevokeBias", Time since last: 584776266 ns, Reaching safepoint: 153575 ns, At safepoint: 18527 ns, Total: 172102 ns
[2020-02-29T05:22:41.169+0000][1][safepoint    ] Safepoint "Cleanup", Time since last: 1003444926 ns, Reaching safepoint: 76874 ns, At safepoint: 6972 ns, Total: 83846 ns
[2020-02-29T05:22:42.170+0000][1][safepoint    ] Safepoint "Cleanup", Time since last: 1000858679 ns, Reaching safepoint: 89235 ns, At safepoint: 9315 ns, Total: 98550 ns
[2020-02-29T05:22:42.694+0000][1][safepoint    ] Safepoint "RevokeBias", Time since last: 524238704 ns, Reaching safepoint: 74470 ns, At safepoint: 16955 ns, Total: 91425 ns
[2020-02-29T05:22:43.695+0000][1][safepoint    ] Safepoint "Cleanup", Time since last: 1000338293 ns, Reaching safepoint: 62740 ns, At safepoint: 7309 ns, Total: 70049 ns
[2020-02-29T05:22:44.701+0000][1][safepoint    ] Safepoint "Cleanup", Time since last: 1006455800 ns, Reaching safepoint: 58997 ns, At safepoint: 6627 ns, Total: 65624 ns
[2020-02-29T05:22:45.209+0000][1][safepoint    ] Safepoint "RevokeBias", Time since last: 507804330 ns, Reaching safepoint: 72504 ns, At safepoint: 18682 ns, Total: 91186 ns
[2020-02-29T05:22:46.216+0000][1][safepoint    ] Safepoint "Cleanup", Time since last: 1006901579 ns, Reaching safepoint: 136686 ns, At safepoint: 7179 ns, Total: 143865 ns
[2020-02-29T05:22:47.221+0000][1][safepoint    ] Safepoint "Cleanup", Time since last: 1004746973 ns, Reaching safepoint: 95847 ns, At safepoint: 7264 ns, Total: 103111 ns
[2020-02-29T05:22:47.725+0000][1][safepoint    ] Safepoint "RevokeBias", Time since last: 504412706 ns, Reaching safepoint: 56223 ns, At safepoint: 16474 ns, Total: 72697 ns
[2020-02-29T05:22:48.729+0000][1][safepoint    ] Safepoint "Cleanup", Time since last: 1003301297 ns, Reaching safepoint: 62110 ns, At safepoint: 6925 ns, Total: 69035 ns
[2020-02-29T05:22:49.736+0000][1][safepoint    ] Safepoint "Cleanup", Time since last: 1007283330 ns, Reaching safepoint: 148944 ns, At safepoint: 26105 ns, Total: 175049 ns
[2020-02-29T05:22:50.247+0000][1][safepoint    ] Safepoint "RevokeBias", Time since last: 511022642 ns, Reaching safepoint: 57522 ns, At safepoint: 15883 ns, Total: 73405 ns
[2020-02-29T05:22:51.248+0000][1][safepoint    ] Safepoint "Cleanup", Time since last: 1000305525 ns, Reaching safepoint: 81729 ns, At safepoint: 7252 ns, Total: 88981 ns
[2020-02-29T05:22:52.249+0000][1][safepoint    ] Safepoint "Cleanup", Time since last: 1001426196 ns, Reaching safepoint: 78454 ns, At safepoint: 7313 ns, Total: 85767 ns
[2020-02-29T05:22:52.768+0000][1][safepoint    ] Safepoint "RevokeBias", Time since last: 518308367 ns, Reaching safepoint: 74603 ns, At safepoint: 34684 ns, Total: 109287 ns
[2020-02-29T05:22:53.768+0000][1][safepoint    ] Safepoint "Cleanup", Time since last: 1000496243 ns, Reaching safepoint: 93683 ns, At safepoint: 10438 ns, Total: 104121 ns
[2020-02-29T05:22:54.769+0000][1][safepoint    ] Safepoint "Cleanup", Time since last: 1000747605 ns, Reaching safepoint: 92383 ns, At safepoint: 9344 ns, Total: 101727 ns
[2020-02-29T05:22:55.286+0000][1][safepoint    ] Safepoint "RevokeBias", Time since last: 516683476 ns, Reaching safepoint: 54778 ns, At safepoint: 15686 ns, Total: 70464 ns
[2020-02-29T05:22:56.292+0000][1][safepoint    ] Safepoint "Cleanup", Time since last: 1005827229 ns, Reaching safepoint: 72332 ns, At safepoint: 5922 ns, Total: 78254 ns
[2020-02-29T05:22:57.293+0000][1][safepoint    ] Safepoint "Cleanup", Time since last: 1001029954 ns, Reaching safepoint: 77674 ns, At safepoint: 7624 ns, Total: 85298 ns
[2020-02-29T05:22:57.797+0000][1][safepoint    ] Safepoint "RevokeBias", Time since last: 503876352 ns, Reaching safepoint: 76686 ns, At safepoint: 16976 ns, Total: 93662 ns
[2020-02-29T05:22:58.803+0000][1][safepoint    ] Safepoint "Cleanup", Time since last: 1005865900 ns, Reaching safepoint: 63438 ns, At safepoint: 7863 ns, Total: 71301 ns
[2020-02-29T05:22:59.805+0000][1][safepoint    ] Safepoint "Cleanup", Time since last: 1002482262 ns, Reaching safepoint: 62690 ns, At safepoint: 7618 ns, Total: 70308 ns
[2020-02-29T05:23:00.307+0000][1][safepoint    ] Safepoint "BulkRevokeBias", Time since last: 501796058 ns, Reaching safepoint: 54213 ns, At safepoint: 241530 ns, Total: 295743 ns
[2020-02-29T05:23:01.308+0000][1][safepoint    ] Safepoint "Cleanup", Time since last: 1000135197 ns, Reaching safepoint: 94317 ns, At safepoint: 7138 ns, Total: 101455 ns
[2020-02-29T05:23:02.308+0000][1][safepoint    ] Safepoint "Cleanup", Time since last: 1000346151 ns, Reaching safepoint: 84957 ns, At safepoint: 9368 ns, Total: 94325 ns
[2020-02-29T05:23:02.830+0000][1][safepoint    ] Safepoint "RevokeBias", Time since last: 521507194 ns, Reaching safepoint: 56057 ns, At safepoint: 32391 ns, Total: 88448 ns
[2020-02-29T05:23:03.840+0000][1][safepoint    ] Safepoint "Cleanup", Time since last: 1010202302 ns, Reaching safepoint: 57365 ns, At safepoint: 5762 ns, Total: 63127 ns
[2020-02-29T05:23:04.842+0000][1][safepoint    ] Safepoint "Cleanup", Time since last: 1001845294 ns, Reaching safepoint: 62661 ns, At safepoint: 7389 ns, Total: 70050 ns
[2020-02-29T05:23:05.352+0000][1][safepoint    ] Safepoint "RevokeBias", Time since last: 510460671 ns, Reaching safepoint: 74318 ns, At safepoint: 16638 ns, Total: 90956 ns
[2020-02-29T05:23:06.357+0000][1][safepoint    ] Safepoint "Cleanup", Time since last: 1004632144 ns, Reaching safepoint: 81431 ns, At safepoint: 7260 ns, Total: 88691 ns
[2020-02-29T05:23:07.359+0000][1][safepoint    ] Safepoint "Cleanup", Time since last: 1001802969 ns, Reaching safepoint: 108281 ns, At safepoint: 20526 ns, Total: 128807 ns
[2020-02-29T05:23:07.875+0000][1][safepoint    ] Safepoint "RevokeBias", Time since last: 515353944 ns, Reaching safepoint: 55501 ns, At safepoint: 15911 ns, Total: 71412 ns
[2020-02-29T05:23:08.885+0000][1][safepoint    ] Safepoint "Cleanup", Time since last: 1010409250 ns, Reaching safepoint: 62668 ns, At safepoint: 7126 ns, Total: 69794 ns
[2020-02-29T05:23:09.886+0000][1][safepoint    ] Safepoint "Cleanup", Time since last: 1001027978 ns, Reaching safepoint: 60890 ns, At safepoint: 6901 ns, Total: 67791 ns
[2020-02-29T05:23:10.429+0000][1][safepoint    ] Safepoint "RevokeBias", Time since last: 542749336 ns, Reaching safepoint: 78454 ns, At safepoint: 17532 ns, Total: 95986 ns
[2020-02-29T05:23:11.432+0000][1][safepoint    ] Safepoint "Cleanup", Time since last: 1002718911 ns, Reaching safepoint: 164623 ns, At safepoint: 7029 ns, Total: 171652 ns
[2020-02-29T05:23:12.432+0000][1][safepoint    ] Safepoint "Cleanup", Time since last: 1000117528 ns, Reaching safepoint: 84771 ns, At safepoint: 7828 ns, Total: 92599 ns
[2020-02-29T05:23:12.967+0000][1][safepoint    ] Safepoint "RevokeBias", Time since last: 534928039 ns, Reaching safepoint: 74281 ns, At safepoint: 17969 ns, Total: 92250 ns
[2020-02-29T05:23:13.968+0000][1][safepoint    ] Safepoint "Cleanup", Time since last: 1000577536 ns, Reaching safepoint: 95042 ns, At safepoint: 8171 ns, Total: 103213 ns
[2020-02-29T05:23:14.968+0000][1][safepoint    ] Safepoint "Cleanup", Time since last: 1000414172 ns, Reaching safepoint: 93837 ns, At safepoint: 9272 ns, Total: 103109 ns
[2020-02-29T05:23:15.481+0000][1][safepoint    ] Safepoint "RevokeBias", Time since last: 512840779 ns, Reaching safepoint: 73145 ns, At safepoint: 17823 ns, Total: 90968 ns
[2020-02-29T05:23:16.483+0000][1][safepoint    ] Safepoint "Cleanup", Time since last: 1001705858 ns, Reaching safepoint: 65540 ns, At safepoint: 7342 ns, Total: 72882 ns
[2020-02-29T05:23:17.493+0000][1][safepoint    ] Safepoint "Cleanup", Time since last: 1009892589 ns, Reaching safepoint: 80307 ns, At safepoint: 7772 ns, Total: 88079 ns
[2020-02-29T05:23:18.010+0000][1][safepoint    ] Safepoint "RevokeBias", Time since last: 517172472 ns, Reaching safepoint: 74020 ns, At safepoint: 16952 ns, Total: 90972 ns
[2020-02-29T05:23:19.011+0000][1][safepoint    ] Safepoint "Cleanup", Time since last: 1000571754 ns, Reaching safepoint: 80937 ns, At safepoint: 7551 ns, Total: 88488 ns
[2020-02-29T05:23:20.012+0000][1][safepoint    ] Safepoint "Cleanup", Time since last: 1000653722 ns, Reaching safepoint: 80514 ns, At safepoint: 8580 ns, Total: 89094 ns
[2020-02-29T05:23:20.645+0000][1][safepoint    ] Safepoint "RevokeBias", Time since last: 633358362 ns, Reaching safepoint: 96732 ns, At safepoint: 24052 ns, Total: 120784 ns
[2020-02-29T05:23:21.651+0000][1][safepoint    ] Safepoint "Cleanup", Time since last: 1005962538 ns, Reaching safepoint: 62725 ns, At safepoint: 7498 ns, Total: 70223 ns
[2020-02-29T05:23:22.658+0000][1][safepoint    ] Safepoint "Cleanup", Time since last: 1006693743 ns, Reaching safepoint: 79640 ns, At safepoint: 6554 ns, Total: 86194 ns
[2020-02-29T05:23:23.154+0000][1][safepoint    ] Safepoint "RevokeBias", Time since last: 496210061 ns, Reaching safepoint: 81026 ns, At safepoint: 18297 ns, Total: 99323 ns
[2020-02-29T05:23:24.155+0000][1][safepoint    ] Safepoint "Cleanup", Time since last: 1000457788 ns, Reaching safepoint: 84920 ns, At safepoint: 7931 ns, Total: 92851 ns
[2020-02-29T05:23:25.160+0000][1][safepoint    ] Safepoint "Cleanup", Time since last: 1005302003 ns, Reaching safepoint: 181297 ns, At safepoint: 7804 ns, Total: 189101 ns
[2020-02-29T05:23:25.666+0000][1][safepoint    ] Safepoint "RevokeBias", Time since last: 505545293 ns, Reaching safepoint: 73974 ns, At safepoint: 17435 ns, Total: 91409 ns
[2020-02-29T05:23:26.670+0000][1][safepoint    ] Safepoint "Cleanup", Time since last: 1004193280 ns, Reaching safepoint: 60991 ns, At safepoint: 6580 ns, Total: 67571 ns
[2020-02-29T05:23:27.678+0000][1][safepoint    ] Safepoint "Cleanup", Time since last: 1007768457 ns, Reaching safepoint: 62463 ns, At safepoint: 7696 ns, Total: 70159 ns
[2020-02-29T05:23:28.195+0000][1][safepoint    ] Safepoint "RevokeBias", Time since last: 516953108 ns, Reaching safepoint: 72964 ns, At safepoint: 18654 ns, Total: 91618 ns
[2020-02-29T05:23:29.199+0000][1][safepoint    ] Safepoint "Cleanup", Time since last: 1003784014 ns, Reaching safepoint: 91825 ns, At safepoint: 7269 ns, Total: 99094 ns
[2020-02-29T05:23:30.205+0000][1][safepoint    ] Safepoint "Cleanup", Time since last: 1006215754 ns, Reaching safepoint: 150507 ns, At safepoint: 22765 ns, Total: 173272 ns
[2020-02-29T05:23:30.712+0000][1][safepoint    ] Safepoint "RevokeBias", Time since last: 506785094 ns, Reaching safepoint: 122059 ns, At safepoint: 25665 ns, Total: 147724 ns
[2020-02-29T05:23:31.030+0000][1][gc,start     ] GC(47) Pause Young (Allocation Failure)
[2020-02-29T05:23:31.030+0000][1][gc,task      ] GC(47) Using 1 workers of 1 for evacuation
[2020-02-29T05:23:31.046+0000][1][gc,age       ] GC(47) Desired survivor size 4358144 bytes, new threshold 6 (max threshold 6)
[2020-02-29T05:23:31.046+0000][1][gc,age       ] GC(47) Age table with threshold 6 (max threshold 6)
[2020-02-29T05:23:31.046+0000][1][gc,age       ] GC(47) - age   1:      15672 bytes,      15672 total
[2020-02-29T05:23:31.046+0000][1][gc,age       ] GC(47) - age   2:       1648 bytes,      17320 total
[2020-02-29T05:23:31.046+0000][1][gc,age       ] GC(47) - age   3:        488 bytes,      17808 total
[2020-02-29T05:23:31.046+0000][1][gc,age       ] GC(47) - age   4:        952 bytes,      18760 total
[2020-02-29T05:23:31.046+0000][1][gc,age       ] GC(47) - age   5:       1072 bytes,      19832 total
[2020-02-29T05:23:31.046+0000][1][gc,age       ] GC(47) - age   6:       2232 bytes,      22064 total
[2020-02-29T05:23:31.046+0000][1][gc,heap      ] GC(47) ParNew: 68202K->26K(76672K)
[2020-02-29T05:23:31.046+0000][1][gc,heap      ] GC(47) CMS: 62512K->62516K(963392K)
[2020-02-29T05:23:31.046+0000][1][gc,metaspace ] GC(47) Metaspace: 79378K->79378K(1122304K)
[2020-02-29T05:23:31.046+0000][1][gc           ] GC(47) Pause Young (Allocation Failure) 127M->61M(1015M) 16.129ms
[2020-02-29T05:23:31.046+0000][1][gc,cpu       ] GC(47) User=0.01s Sys=0.00s Real=0.02s
[2020-02-29T05:23:31.046+0000][1][safepoint    ] Safepoint "GenCollectForAllocation", Time since last: 317485913 ns, Reaching safepoint: 75873 ns, At safepoint: 16183844 ns, Total: 16259717 ns
[2020-02-29T05:23:32.050+0000][1][safepoint    ] Safepoint "Cleanup", Time since last: 1004261220 ns, Reaching safepoint: 66183 ns, At safepoint: 8158 ns, Total: 74341 ns
[2020-02-29T05:23:33.054+0000][1][safepoint    ] Safepoint "Cleanup", Time since last: 1003741766 ns, Reaching safepoint: 57684 ns, At safepoint: 6186 ns, Total: 63870 ns
[2020-02-29T05:23:33.225+0000][1][safepoint    ] Safepoint "RevokeBias", Time since last: 171032543 ns, Reaching safepoint: 73781 ns, At safepoint: 17753 ns, Total: 91534 ns
[2020-02-29T05:23:34.226+0000][1][safepoint    ] Safepoint "Cleanup", Time since last: 1000906407 ns, Reaching safepoint: 59021 ns, At safepoint: 5381 ns, Total: 64402 ns
[2020-02-29T05:23:35.227+0000][1][safepoint    ] Safepoint "Cleanup", Time since last: 1000908096 ns, Reaching safepoint: 59172 ns, At safepoint: 5369 ns, Total: 64541 ns
[2020-02-29T05:23:35.743+0000][1][safepoint    ] Safepoint "RevokeBias", Time since last: 515195179 ns, Reaching safepoint: 88372 ns, At safepoint: 20670 ns, Total: 109042 ns
[2020-02-29T05:23:36.743+0000][1][safepoint    ] Safepoint "Cleanup", Time since last: 1000447991 ns, Reaching safepoint: 81275 ns, At safepoint: 7399 ns, Total: 88674 ns
[2020-02-29T05:23:37.744+0000][1][safepoint    ] Safepoint "Cleanup", Time since last: 1001110162 ns, Reaching safepoint: 62784 ns, At safepoint: 7333 ns, Total: 70117 ns
[2020-02-29T05:23:38.256+0000][1][safepoint    ] Safepoint "RevokeBias", Time since last: 511970200 ns, Reaching safepoint: 53643 ns, At safepoint: 15684 ns, Total: 69327 ns
[2020-02-29T05:23:39.257+0000][1][safepoint    ] Safepoint "Cleanup", Time since last: 1000809748 ns, Reaching safepoint: 61035 ns, At safepoint: 7063 ns, Total: 68098 ns
[2020-02-29T05:23:40.258+0000][1][safepoint    ] Safepoint "Cleanup", Time since last: 1001091459 ns, Reaching safepoint: 96286 ns, At safepoint: 7838 ns, Total: 104124 ns
[2020-02-29T05:23:40.784+0000][1][safepoint    ] Safepoint "RevokeBias", Time since last: 525195778 ns, Reaching safepoint: 54082 ns, At safepoint: 15471 ns, Total: 69553 ns
[2020-02-29T05:23:41.786+0000][1][safepoint    ] Safepoint "Cleanup", Time since last: 1002587486 ns, Reaching safepoint: 59190 ns, At safepoint: 6504 ns, Total: 65694 ns
[2020-02-29T05:23:42.794+0000][1][safepoint    ] Safepoint "Cleanup", Time since last: 1008014607 ns, Reaching safepoint: 77398 ns, At safepoint: 7554 ns, Total: 84952 ns
[2020-02-29T05:23:43.303+0000][1][safepoint    ] Safepoint "RevokeBias", Time since last: 508042605 ns, Reaching safepoint: 56334 ns, At safepoint: 15572 ns, Total: 71906 ns
[2020-02-29T05:23:44.308+0000][1][safepoint    ] Safepoint "Cleanup", Time since last: 1005537514 ns, Reaching safepoint: 60484 ns, At safepoint: 6211 ns, Total: 66695 ns
[2020-02-29T05:23:45.309+0000][1][safepoint    ] Safepoint "Cleanup", Time since last: 1000983632 ns, Reaching safepoint: 118512 ns, At safepoint: 8923 ns, Total: 127435 ns
[2020-02-29T05:23:45.824+0000][1][safepoint    ] Safepoint "RevokeBias", Time since last: 515117385 ns, Reaching safepoint: 74300 ns, At safepoint: 17350 ns, Total: 91650 ns
[2020-02-29T05:23:46.827+0000][1][safepoint    ] Safepoint "Cleanup", Time since last: 1002528902 ns, Reaching safepoint: 61950 ns, At safepoint: 6602 ns, Total: 68552 ns
[2020-02-29T05:23:47.832+0000][1][safepoint    ] Safepoint "Cleanup", Time since last: 1005121587 ns, Reaching safepoint: 214938 ns, At safepoint: 22261 ns, Total: 237199 ns
[2020-02-29T05:23:48.337+0000][1][safepoint    ] Safepoint "RevokeBias", Time since last: 504497955 ns, Reaching safepoint: 74883 ns, At safepoint: 17911 ns, Total: 92794 ns
[2020-02-29T05:23:49.337+0000][1][safepoint    ] Safepoint "Cleanup", Time since last: 1000107073 ns, Reaching safepoint: 93101 ns, At safepoint: 7445 ns, Total: 100546 ns
[2020-02-29T05:23:50.343+0000][1][safepoint    ] Safepoint "Cleanup", Time since last: 1005904655 ns, Reaching safepoint: 78749 ns, At safepoint: 6260 ns, Total: 85009 ns
[2020-02-29T05:23:50.854+0000][1][safepoint    ] Safepoint "RevokeBias", Time since last: 510769152 ns, Reaching safepoint: 84721 ns, At safepoint: 23955 ns, Total: 108676 ns
[2020-02-29T05:23:51.855+0000][1][safepoint    ] Safepoint "Cleanup", Time since last: 1001026497 ns, Reaching safepoint: 78434 ns, At safepoint: 7366 ns, Total: 85800 ns
[2020-02-29T05:23:52.864+0000][1][safepoint    ] Safepoint "Cleanup", Time since last: 1008887929 ns, Reaching safepoint: 79148 ns, At safepoint: 8423 ns, Total: 87571 ns
[2020-02-29T05:23:53.379+0000][1][safepoint    ] Safepoint "RevokeBias", Time since last: 515041361 ns, Reaching safepoint: 74390 ns, At safepoint: 17503 ns, Total: 91893 ns
[2020-02-29T05:23:54.385+0000][1][safepoint    ] Safepoint "Cleanup", Time since last: 1005885134 ns, Reaching safepoint: 80481 ns, At safepoint: 7500 ns, Total: 87981 ns
[2020-02-29T05:23:55.389+0000][1][safepoint    ] Safepoint "Cleanup", Time since last: 1003780550 ns, Reaching safepoint: 59800 ns, At safepoint: 6166 ns, Total: 65966 ns
[2020-02-29T05:23:55.900+0000][1][safepoint    ] Safepoint "RevokeBias", Time since last: 510839380 ns, Reaching safepoint: 73693 ns, At safepoint: 71973 ns, Total: 145666 ns
[2020-02-29T05:23:56.901+0000][1][safepoint    ] Safepoint "Cleanup", Time since last: 1000751372 ns, Reaching safepoint: 79204 ns, At safepoint: 8668 ns, Total: 87872 ns
[2020-02-29T05:23:57.902+0000][1][safepoint    ] Safepoint "Cleanup", Time since last: 1000969876 ns, Reaching safepoint: 80699 ns, At safepoint: 8902 ns, Total: 89601 ns
[2020-02-29T05:23:58.428+0000][1][safepoint    ] Safepoint "RevokeBias", Time since last: 525474507 ns, Reaching safepoint: 58186 ns, At safepoint: 18166 ns, Total: 76352 ns
[2020-02-29T05:23:59.438+0000][1][safepoint    ] Safepoint "Cleanup", Time since last: 1010352575 ns, Reaching safepoint: 63671 ns, At safepoint: 7776 ns, Total: 71447 ns
[2020-02-29T05:24:00.444+0000][1][safepoint    ] Safepoint "Cleanup", Time since last: 1006272716 ns, Reaching safepoint: 131176 ns, At safepoint: 7530 ns, Total: 138706 ns
[2020-02-29T05:24:00.980+0000][1][safepoint    ] Safepoint "RevokeBias", Time since last: 535745587 ns, Reaching safepoint: 91225 ns, At safepoint: 20529 ns, Total: 111754 ns
[2020-02-29T05:24:01.984+0000][1][safepoint    ] Safepoint "Cleanup", Time since last: 1004008300 ns, Reaching safepoint: 136841 ns, At safepoint: 7779 ns, Total: 144620 ns
[2020-02-29T05:24:02.985+0000][1][safepoint    ] Safepoint "Cleanup", Time since last: 1000666978 ns, Reaching safepoint: 62767 ns, At safepoint: 6931 ns, Total: 69698 ns
[2020-02-29T05:24:03.505+0000][1][safepoint    ] Safepoint "RevokeBias", Time since last: 520081506 ns, Reaching safepoint: 54781 ns, At safepoint: 14792 ns, Total: 69573 ns
[2020-02-29T05:24:04.512+0000][1][safepoint    ] Safepoint "Cleanup", Time since last: 1006498385 ns, Reaching safepoint: 108557 ns, At safepoint: 7874 ns, Total: 116431 ns
[2020-02-29T05:24:05.513+0000][1][safepoint    ] Safepoint "Cleanup", Time since last: 1001330726 ns, Reaching safepoint: 98029 ns, At safepoint: 7593 ns, Total: 105622 ns
[2020-02-29T05:24:06.027+0000][1][safepoint    ] Safepoint "RevokeBias", Time since last: 513809834 ns, Reaching safepoint: 92174 ns, At safepoint: 16534 ns, Total: 108708 ns
[2020-02-29T05:24:07.031+0000][1][safepoint    ] Safepoint "Cleanup", Time since last: 1003361484 ns, Reaching safepoint: 80076 ns, At safepoint: 7097 ns, Total: 87173 ns
[2020-02-29T05:24:08.031+0000][1][safepoint    ] Safepoint "Cleanup", Time since last: 1000668260 ns, Reaching safepoint: 62185 ns, At safepoint: 6902 ns, Total: 69087 ns
[2020-02-29T05:24:08.543+0000][1][safepoint    ] Safepoint "RevokeBias", Time since last: 511098748 ns, Reaching safepoint: 91990 ns, At safepoint: 20149 ns, Total: 112139 ns
[2020-02-29T05:24:09.543+0000][1][safepoint    ] Safepoint "Cleanup", Time since last: 1000191701 ns, Reaching safepoint: 92160 ns, At safepoint: 10001 ns, Total: 102161 ns
[2020-02-29T05:24:10.552+0000][1][safepoint    ] Safepoint "Cleanup", Time since last: 1009214465 ns, Reaching safepoint: 84401 ns, At safepoint: 7948 ns, Total: 92349 ns
[2020-02-29T05:24:11.059+0000][1][safepoint    ] Safepoint "RevokeBias", Time since last: 507007286 ns, Reaching safepoint: 71777 ns, At safepoint: 18441 ns, Total: 90218 ns
[2020-02-29T05:24:12.060+0000][1][safepoint    ] Safepoint "Cleanup", Time since last: 1000770797 ns, Reaching safepoint: 81400 ns, At safepoint: 7020 ns, Total: 88420 ns
[2020-02-29T05:24:13.065+0000][1][safepoint    ] Safepoint "Cleanup", Time since last: 1005132867 ns, Reaching safepoint: 62304 ns, At safepoint: 6685 ns, Total: 68989 ns
[2020-02-29T05:24:13.585+0000][1][safepoint    ] Safepoint "BulkRevokeBias", Time since last: 519429789 ns, Reaching safepoint: 121505 ns, At safepoint: 234879 ns, Total: 356384 ns
[2020-02-29T05:24:14.586+0000][1][safepoint    ] Safepoint "Cleanup", Time since last: 1000572960 ns, Reaching safepoint: 79685 ns, At safepoint: 7479 ns, Total: 87164 ns
[2020-02-29T05:24:15.592+0000][1][safepoint    ] Safepoint "Cleanup", Time since last: 1005912159 ns, Reaching safepoint: 79720 ns, At safepoint: 7571 ns, Total: 87291 ns
[2020-02-29T05:24:16.107+0000][1][safepoint    ] Safepoint "RevokeBias", Time since last: 515340767 ns, Reaching safepoint: 74201 ns, At safepoint: 96554 ns, Total: 170755 ns
[2020-02-29T05:24:17.116+0000][1][safepoint    ] Safepoint "Cleanup", Time since last: 1008537851 ns, Reaching safepoint: 77688 ns, At safepoint: 6698 ns, Total: 84386 ns
[2020-02-29T05:24:18.123+0000][1][safepoint    ] Safepoint "Cleanup", Time since last: 1006744466 ns, Reaching safepoint: 78161 ns, At safepoint: 7340 ns, Total: 85501 ns
[2020-02-29T05:24:18.619+0000][1][safepoint    ] Safepoint "RevokeBias", Time since last: 496466765 ns, Reaching safepoint: 55256 ns, At safepoint: 15581 ns, Total: 70837 ns
[2020-02-29T05:24:19.620+0000][1][safepoint    ] Safepoint "Cleanup", Time since last: 1000686234 ns, Reaching safepoint: 136575 ns, At safepoint: 7943 ns, Total: 144518 ns
[2020-02-29T05:24:21.130+0000][1][safepoint    ] Safepoint "RevokeBias", Time since last: 1509912156 ns, Reaching safepoint: 88007 ns, At safepoint: 21096 ns, Total: 109103 ns
[2020-02-29T05:24:22.136+0000][1][safepoint    ] Safepoint "Cleanup", Time since last: 1005541785 ns, Reaching safepoint: 64119 ns, At safepoint: 6915 ns, Total: 71034 ns
[2020-02-29T05:24:23.142+0000][1][safepoint    ] Safepoint "Cleanup", Time since last: 1006179729 ns, Reaching safepoint: 59620 ns, At safepoint: 7041 ns, Total: 66661 ns
[2020-02-29T05:24:23.642+0000][1][safepoint    ] Safepoint "RevokeBias", Time since last: 499442931 ns, Reaching safepoint: 55690 ns, At safepoint: 15714 ns, Total: 71404 ns
[2020-02-29T05:24:24.644+0000][1][safepoint    ] Safepoint "Cleanup", Time since last: 1002254823 ns, Reaching safepoint: 116748 ns, At safepoint: 25857 ns, Total: 142605 ns
[2020-02-29T05:24:25.647+0000][1][safepoint    ] Safepoint "Cleanup", Time since last: 1003045663 ns, Reaching safepoint: 60028 ns, At safepoint: 5508 ns, Total: 65536 ns
[2020-02-29T05:24:26.154+0000][1][safepoint    ] Safepoint "RevokeBias", Time since last: 506612737 ns, Reaching safepoint: 138979 ns, At safepoint: 90902 ns, Total: 229881 ns
[2020-02-29T05:24:27.154+0000][1][safepoint    ] Safepoint "Cleanup", Time since last: 1000331988 ns, Reaching safepoint: 86418 ns, At safepoint: 8904 ns, Total: 95322 ns
[2020-02-29T05:24:28.155+0000][1][safepoint    ] Safepoint "Cleanup", Time since last: 1000614503 ns, Reaching safepoint: 83302 ns, At safepoint: 8214 ns, Total: 91516 ns
[2020-02-29T05:24:28.679+0000][1][safepoint    ] Safepoint "RevokeBias", Time since last: 523438253 ns, Reaching safepoint: 73596 ns, At safepoint: 18356 ns, Total: 91952 ns
[2020-02-29T05:24:29.689+0000][1][safepoint    ] Safepoint "Cleanup", Time since last: 1010475174 ns, Reaching safepoint: 61332 ns, At safepoint: 6690 ns, Total: 68022 ns
[2020-02-29T05:24:30.693+0000][1][safepoint    ] Safepoint "Cleanup", Time since last: 1003959176 ns, Reaching safepoint: 61751 ns, At safepoint: 6921 ns, Total: 68672 ns
[2020-02-29T05:24:31.196+0000][1][safepoint    ] Safepoint "RevokeBias", Time since last: 502674832 ns, Reaching safepoint: 77318 ns, At safepoint: 19069 ns, Total: 96387 ns
[2020-02-29T05:24:32.197+0000][1][safepoint    ] Safepoint "Cleanup", Time since last: 1000939696 ns, Reaching safepoint: 63101 ns, At safepoint: 6943 ns, Total: 70044 ns
[2020-02-29T05:24:33.199+0000][1][safepoint    ] Safepoint "Cleanup", Time since last: 1001913875 ns, Reaching safepoint: 81127 ns, At safepoint: 7807 ns, Total: 88934 ns
[2020-02-29T05:24:33.709+0000][1][safepoint    ] Safepoint "RevokeBias", Time since last: 509811284 ns, Reaching safepoint: 64250 ns, At safepoint: 19898 ns, Total: 84148 ns
[2020-02-29T05:24:34.714+0000][1][safepoint    ] Safepoint "Cleanup", Time since last: 1005200601 ns, Reaching safepoint: 63290 ns, At safepoint: 7350 ns, Total: 70640 ns
[2020-02-29T05:24:35.715+0000][1][safepoint    ] Safepoint "Cleanup", Time since last: 1000616124 ns, Reaching safepoint: 78723 ns, At safepoint: 6955 ns, Total: 85678 ns
[2020-02-29T05:24:36.239+0000][1][safepoint    ] Safepoint "RevokeBias", Time since last: 524264535 ns, Reaching safepoint: 82180 ns, At safepoint: 19261 ns, Total: 101441 ns
[2020-02-29T05:24:37.243+0000][1][safepoint    ] Safepoint "Cleanup", Time since last: 1004129339 ns, Reaching safepoint: 102529 ns, At safepoint: 7725 ns, Total: 110254 ns
[2020-02-29T05:24:38.253+0000][1][safepoint    ] Safepoint "Cleanup", Time since last: 1009696367 ns, Reaching safepoint: 117868 ns, At safepoint: 7566 ns, Total: 125434 ns
[2020-02-29T05:24:38.747+0000][1][safepoint    ] Safepoint "RevokeBias", Time since last: 494144815 ns, Reaching safepoint: 83594 ns, At safepoint: 19519 ns, Total: 103113 ns
[2020-02-29T05:24:39.748+0000][1][safepoint    ] Safepoint "Cleanup", Time since last: 1000746614 ns, Reaching safepoint: 92061 ns, At safepoint: 9721 ns, Total: 101782 ns
[2020-02-29T05:24:40.749+0000][1][safepoint    ] Safepoint "Cleanup", Time since last: 1000275839 ns, Reaching safepoint: 117976 ns, At safepoint: 9759 ns, Total: 127735 ns
[2020-02-29T05:24:41.267+0000][1][safepoint    ] Safepoint "RevokeBias", Time since last: 518638837 ns, Reaching safepoint: 54634 ns, At safepoint: 32975 ns, Total: 87609 ns
[2020-02-29T05:24:42.273+0000][1][safepoint    ] Safepoint "Cleanup", Time since last: 1005196676 ns, Reaching safepoint: 63484 ns, At safepoint: 7746 ns, Total: 71230 ns
[2020-02-29T05:24:43.281+0000][1][safepoint    ] Safepoint "Cleanup", Time since last: 1007931781 ns, Reaching safepoint: 76829 ns, At safepoint: 7883 ns, Total: 84712 ns
[2020-02-29T05:24:43.798+0000][1][safepoint    ] Safepoint "RevokeBias", Time since last: 517107074 ns, Reaching safepoint: 54758 ns, At safepoint: 15750 ns, Total: 70508 ns
[2020-02-29T05:24:44.802+0000][1][safepoint    ] Safepoint "Cleanup", Time since last: 1004275366 ns, Reaching safepoint: 95069 ns, At safepoint: 7706 ns, Total: 102775 ns
[2020-02-29T05:24:45.813+0000][1][safepoint    ] Safepoint "Cleanup", Time since last: 1010776354 ns, Reaching safepoint: 63397 ns, At safepoint: 7095 ns, Total: 70492 ns
[2020-02-29T05:24:46.319+0000][1][safepoint    ] Safepoint "RevokeBias", Time since last: 506128893 ns, Reaching safepoint: 55775 ns, At safepoint: 16051 ns, Total: 71826 ns
[2020-02-29T05:24:47.321+0000][1][safepoint    ] Safepoint "Cleanup", Time since last: 1002069445 ns, Reaching safepoint: 61971 ns, At safepoint: 6875 ns, Total: 68846 ns
[2020-02-29T05:24:48.323+0000][1][safepoint    ] Safepoint "Cleanup", Time since last: 1001174729 ns, Reaching safepoint: 83433 ns, At safepoint: 6976 ns, Total: 90409 ns
[2020-02-29T05:24:48.840+0000][1][safepoint    ] Safepoint "RevokeBias", Time since last: 517223285 ns, Reaching safepoint: 72494 ns, At safepoint: 52761 ns, Total: 125255 ns
[2020-02-29T05:24:49.845+0000][1][safepoint    ] Safepoint "Cleanup", Time since last: 1005205256 ns, Reaching safepoint: 61922 ns, At safepoint: 6897 ns, Total: 68819 ns
[2020-02-29T05:24:50.846+0000][1][safepoint    ] Safepoint "Cleanup", Time since last: 1000893154 ns, Reaching safepoint: 87601 ns, At safepoint: 8102 ns, Total: 95703 ns
[2020-02-29T05:24:51.360+0000][1][safepoint    ] Safepoint "RevokeBias", Time since last: 513306580 ns, Reaching safepoint: 85945 ns, At safepoint: 19388 ns, Total: 105333 ns
[2020-02-29T05:24:52.360+0000][1][safepoint    ] Safepoint "Cleanup", Time since last: 1000596151 ns, Reaching safepoint: 89274 ns, At safepoint: 10524 ns, Total: 99798 ns
[2020-02-29T05:24:53.361+0000][1][safepoint    ] Safepoint "Cleanup", Time since last: 1000208828 ns, Reaching safepoint: 87073 ns, At safepoint: 8050 ns, Total: 95123 ns
[2020-02-29T05:24:53.886+0000][1][safepoint    ] Safepoint "RevokeBias", Time since last: 524794938 ns, Reaching safepoint: 75741 ns, At safepoint: 18059 ns, Total: 93800 ns
[2020-02-29T05:24:54.887+0000][1][safepoint    ] Safepoint "Cleanup", Time since last: 1001084773 ns, Reaching safepoint: 61729 ns, At safepoint: 7391 ns, Total: 69120 ns
[2020-02-29T05:24:55.892+0000][1][safepoint    ] Safepoint "Cleanup", Time since last: 1004791574 ns, Reaching safepoint: 136645 ns, At safepoint: 11983 ns, Total: 148628 ns
[2020-02-29T05:24:56.401+0000][1][safepoint    ] Safepoint "RevokeBias", Time since last: 509092262 ns, Reaching safepoint: 54755 ns, At safepoint: 16052 ns, Total: 70807 ns
[2020-02-29T05:24:57.402+0000][1][safepoint    ] Safepoint "Cleanup", Time since last: 1000843128 ns, Reaching safepoint: 163999 ns, At safepoint: 11533 ns, Total: 175532 ns
[2020-02-29T05:24:58.404+0000][1][safepoint    ] Safepoint "Cleanup", Time since last: 1001819861 ns, Reaching safepoint: 63472 ns, At safepoint: 7423 ns, Total: 70895 ns
[2020-02-29T05:24:58.930+0000][1][safepoint    ] Safepoint "RevokeBias", Time since last: 526542561 ns, Reaching safepoint: 53416 ns, At safepoint: 15230 ns, Total: 68646 ns
[2020-02-29T05:24:59.937+0000][1][safepoint    ] Safepoint "Cleanup", Time since last: 1006898783 ns, Reaching safepoint: 62491 ns, At safepoint: 7108 ns, Total: 69599 ns
[2020-02-29T05:25:00.941+0000][1][safepoint    ] Safepoint "Cleanup", Time since last: 1003788747 ns, Reaching safepoint: 88787 ns, At safepoint: 8158 ns, Total: 96945 ns
[2020-02-29T05:25:01.451+0000][1][safepoint    ] Safepoint "RevokeBias", Time since last: 509423455 ns, Reaching safepoint: 76447 ns, At safepoint: 43014 ns, Total: 119461 ns
[2020-02-29T05:25:02.452+0000][1][safepoint    ] Safepoint "Cleanup", Time since last: 1000953740 ns, Reaching safepoint: 63571 ns, At safepoint: 7154 ns, Total: 70725 ns
[2020-02-29T05:25:03.453+0000][1][safepoint    ] Safepoint "Cleanup", Time since last: 1001293491 ns, Reaching safepoint: 78110 ns, At safepoint: 7418 ns, Total: 85528 ns
[2020-02-29T05:25:03.960+0000][1][safepoint    ] Safepoint "RevokeBias", Time since last: 506909199 ns, Reaching safepoint: 127703 ns, At safepoint: 19010 ns, Total: 146713 ns
[2020-02-29T05:25:04.961+0000][1][safepoint    ] Safepoint "Cleanup", Time since last: 1000383089 ns, Reaching safepoint: 78227 ns, At safepoint: 8804 ns, Total: 87031 ns
[2020-02-29T05:25:05.962+0000][1][safepoint    ] Safepoint "Cleanup", Time since last: 1000645128 ns, Reaching safepoint: 80975 ns, At safepoint: 8497 ns, Total: 89472 ns
[2020-02-29T05:25:06.479+0000][1][safepoint    ] Safepoint "RevokeBias", Time since last: 517615991 ns, Reaching safepoint: 55395 ns, At safepoint: 15814 ns, Total: 71209 ns
[2020-02-29T05:25:07.480+0000][1][safepoint    ] Safepoint "Cleanup", Time since last: 1000683669 ns, Reaching safepoint: 62331 ns, At safepoint: 6665 ns, Total: 68996 ns
[2020-02-29T05:25:08.481+0000][1][safepoint    ] Safepoint "Cleanup", Time since last: 1000746969 ns, Reaching safepoint: 60809 ns, At safepoint: 7130 ns, Total: 67939 ns
[2020-02-29T05:25:09.008+0000][1][safepoint    ] Safepoint "RevokeBias", Time since last: 527584598 ns, Reaching safepoint: 54957 ns, At safepoint: 15904 ns, Total: 70861 ns
[2020-02-29T05:25:10.019+0000][1][safepoint    ] Safepoint "Cleanup", Time since last: 1010056545 ns, Reaching safepoint: 168433 ns, At safepoint: 6848 ns, Total: 175281 ns
[2020-02-29T05:25:11.020+0000][1][safepoint    ] Safepoint "Cleanup", Time since last: 1001683094 ns, Reaching safepoint: 91729 ns, At safepoint: 8272 ns, Total: 100001 ns
[2020-02-29T05:25:11.532+0000][1][safepoint    ] Safepoint "RevokeBias", Time since last: 511652549 ns, Reaching safepoint: 54820 ns, At safepoint: 14866 ns, Total: 69686 ns
[2020-02-29T05:25:12.534+0000][1][safepoint    ] Safepoint "Cleanup", Time since last: 1001554132 ns, Reaching safepoint: 77679 ns, At safepoint: 7360 ns, Total: 85039 ns
[2020-02-29T05:25:13.534+0000][1][safepoint    ] Safepoint "Cleanup", Time since last: 1000392818 ns, Reaching safepoint: 91618 ns, At safepoint: 10279 ns, Total: 101897 ns
[2020-02-29T05:25:14.052+0000][1][safepoint    ] Safepoint "RevokeBias", Time since last: 517051186 ns, Reaching safepoint: 180485 ns, At safepoint: 51320 ns, Total: 231805 ns
[2020-02-29T05:25:15.055+0000][1][safepoint    ] Safepoint "Cleanup", Time since last: 1003412795 ns, Reaching safepoint: 95227 ns, At safepoint: 7598 ns, Total: 102825 ns
[2020-02-29T05:25:16.057+0000][1][safepoint    ] Safepoint "Cleanup", Time since last: 1001706523 ns, Reaching safepoint: 63068 ns, At safepoint: 7183 ns, Total: 70251 ns
[2020-02-29T05:25:16.570+0000][1][safepoint    ] Safepoint "RevokeBias", Time since last: 512817631 ns, Reaching safepoint: 113536 ns, At safepoint: 21752 ns, Total: 135288 ns
[2020-02-29T05:25:17.570+0000][1][safepoint    ] Safepoint "Cleanup", Time since last: 1000226964 ns, Reaching safepoint: 93548 ns, At safepoint: 11900 ns, Total: 105448 ns
[2020-02-29T05:25:18.571+0000][1][safepoint    ] Safepoint "Cleanup", Time since last: 1000266317 ns, Reaching safepoint: 154255 ns, At safepoint: 22764 ns, Total: 177019 ns
[2020-02-29T05:25:19.078+0000][1][safepoint    ] Safepoint "RevokeBias", Time since last: 507552523 ns, Reaching safepoint: 54639 ns, At safepoint: 15879 ns, Total: 70518 ns
[2020-02-29T05:25:20.082+0000][1][safepoint    ] Safepoint "Cleanup", Time since last: 1003965031 ns, Reaching safepoint: 174700 ns, At safepoint: 9131 ns, Total: 183831 ns
[2020-02-29T05:25:21.090+0000][1][safepoint    ] Safepoint "Cleanup", Time since last: 1007422031 ns, Reaching safepoint: 77635 ns, At safepoint: 7028 ns, Total: 84663 ns
[2020-02-29T05:25:21.605+0000][1][safepoint    ] Safepoint "RevokeBias", Time since last: 514659289 ns, Reaching safepoint: 55326 ns, At safepoint: 15599 ns, Total: 70925 ns
[2020-02-29T05:25:22.608+0000][1][safepoint    ] Safepoint "Cleanup", Time since last: 1003329119 ns, Reaching safepoint: 78169 ns, At safepoint: 6681 ns, Total: 84850 ns
[2020-02-29T05:25:23.617+0000][1][safepoint    ] Safepoint "Cleanup", Time since last: 1009131271 ns, Reaching safepoint: 134023 ns, At safepoint: 7014 ns, Total: 141037 ns
[2020-02-29T05:25:24.128+0000][1][safepoint    ] Safepoint "RevokeBias", Time since last: 510797567 ns, Reaching safepoint: 53708 ns, At safepoint: 15763 ns, Total: 69471 ns
[2020-02-29T05:25:25.129+0000][1][safepoint    ] Safepoint "Cleanup", Time since last: 1000230958 ns, Reaching safepoint: 129103 ns, At safepoint: 6456 ns, Total: 135559 ns
[2020-02-29T05:25:26.129+0000][1][safepoint    ] Safepoint "Cleanup", Time since last: 1000570644 ns, Reaching safepoint: 77030 ns, At safepoint: 7385 ns, Total: 84415 ns
[2020-02-29T05:25:26.652+0000][1][safepoint    ] Safepoint "BulkRevokeBias", Time since last: 522663089 ns, Reaching safepoint: 54507 ns, At safepoint: 266131 ns, Total: 320638 ns
[2020-02-29T05:25:27.660+0000][1][safepoint    ] Safepoint "Cleanup", Time since last: 1008056987 ns, Reaching safepoint: 62027 ns, At safepoint: 6834 ns, Total: 68861 ns
[2020-02-29T05:25:28.661+0000][1][safepoint    ] Safepoint "Cleanup", Time since last: 1000639898 ns, Reaching safepoint: 78329 ns, At safepoint: 6612 ns, Total: 84941 ns
[2020-02-29T05:25:29.172+0000][1][safepoint    ] Safepoint "RevokeBias", Time since last: 511253100 ns, Reaching safepoint: 55548 ns, At safepoint: 14839 ns, Total: 70387 ns
[2020-02-29T05:25:30.179+0000][1][safepoint    ] Safepoint "Cleanup", Time since last: 1006508207 ns, Reaching safepoint: 81998 ns, At safepoint: 7879 ns, Total: 89877 ns
[2020-02-29T05:25:31.180+0000][1][safepoint    ] Safepoint "Cleanup", Time since last: 1000963168 ns, Reaching safepoint: 90629 ns, At safepoint: 6401 ns, Total: 97030 ns
[2020-02-29T05:25:31.690+0000][1][safepoint    ] Safepoint "RevokeBias", Time since last: 510049077 ns, Reaching safepoint: 73750 ns, At safepoint: 18180 ns, Total: 91930 ns
[2020-02-29T05:25:32.698+0000][1][safepoint    ] Safepoint "Cleanup", Time since last: 1007965999 ns, Reaching safepoint: 62320 ns, At safepoint: 7301 ns, Total: 69621 ns
[2020-02-29T05:25:33.699+0000][1][safepoint    ] Safepoint "Cleanup", Time since last: 1000951706 ns, Reaching safepoint: 56924 ns, At safepoint: 5693 ns, Total: 62617 ns
[2020-02-29T05:25:34.219+0000][1][safepoint    ] Safepoint "RevokeBias", Time since last: 519478653 ns, Reaching safepoint: 54431 ns, At safepoint: 15964 ns, Total: 70395 ns
[2020-02-29T05:25:35.226+0000][1][safepoint    ] Safepoint "Cleanup", Time since last: 1007343740 ns, Reaching safepoint: 62872 ns, At safepoint: 7025 ns, Total: 69897 ns
[2020-02-29T05:25:36.227+0000][1][safepoint    ] Safepoint "Cleanup", Time since last: 1000913079 ns, Reaching safepoint: 61120 ns, At safepoint: 6977 ns, Total: 68097 ns
[2020-02-29T05:25:36.740+0000][1][safepoint    ] Safepoint "RevokeBias", Time since last: 512462648 ns, Reaching safepoint: 109189 ns, At safepoint: 20856 ns, Total: 130045 ns
[2020-02-29T05:25:37.740+0000][1][safepoint    ] Safepoint "Cleanup", Time since last: 1000607175 ns, Reaching safepoint: 91932 ns, At safepoint: 10144 ns, Total: 102076 ns
[2020-02-29T05:25:38.741+0000][1][safepoint    ] Safepoint "Cleanup", Time since last: 1000221443 ns, Reaching safepoint: 84151 ns, At safepoint: 9520 ns, Total: 93671 ns
[2020-02-29T05:25:39.261+0000][1][safepoint    ] Safepoint "RevokeBias", Time since last: 520342732 ns, Reaching safepoint: 70781 ns, At safepoint: 17278 ns, Total: 88059 ns
[2020-02-29T05:25:40.262+0000][1][safepoint    ] Safepoint "Cleanup", Time since last: 1000712862 ns, Reaching safepoint: 77513 ns, At safepoint: 7026 ns, Total: 84539 ns
[2020-02-29T05:25:41.268+0000][1][safepoint    ] Safepoint "Cleanup", Time since last: 1006068518 ns, Reaching safepoint: 240894 ns, At safepoint: 26819 ns, Total: 267713 ns
[2020-02-29T05:25:41.797+0000][1][safepoint    ] Safepoint "RevokeBias", Time since last: 528714682 ns, Reaching safepoint: 54894 ns, At safepoint: 32439 ns, Total: 87333 ns
[2020-02-29T05:25:42.802+0000][1][safepoint    ] Safepoint "Cleanup", Time since last: 1004746967 ns, Reaching safepoint: 64224 ns, At safepoint: 8262 ns, Total: 72486 ns
[2020-02-29T05:25:43.810+0000][1][safepoint    ] Safepoint "Cleanup", Time since last: 1007883054 ns, Reaching safepoint: 62675 ns, At safepoint: 7224 ns, Total: 69899 ns
[2020-02-29T05:25:44.311+0000][1][safepoint    ] Safepoint "RevokeBias", Time since last: 500649280 ns, Reaching safepoint: 73219 ns, At safepoint: 17234 ns, Total: 90453 ns
[2020-02-29T05:25:45.320+0000][1][safepoint    ] Safepoint "Cleanup", Time since last: 1009690555 ns, Reaching safepoint: 62184 ns, At safepoint: 7834 ns, Total: 70018 ns
[2020-02-29T05:25:46.321+0000][1][safepoint    ] Safepoint "Cleanup", Time since last: 1000717243 ns, Reaching safepoint: 80257 ns, At safepoint: 6886 ns, Total: 87143 ns
[2020-02-29T05:25:46.841+0000][1][gc,start     ] GC(48) Pause Young (Allocation Failure)
[2020-02-29T05:25:46.841+0000][1][gc,task      ] GC(48) Using 1 workers of 1 for evacuation
[2020-02-29T05:25:46.861+0000][1][gc,age       ] GC(48) Desired survivor size 4358144 bytes, new threshold 6 (max threshold 6)
[2020-02-29T05:25:46.861+0000][1][gc,age       ] GC(48) Age table with threshold 6 (max threshold 6)
[2020-02-29T05:25:46.861+0000][1][gc,age       ] GC(48) - age   1:      25592 bytes,      25592 total
[2020-02-29T05:25:46.861+0000][1][gc,age       ] GC(48) - age   2:       3736 bytes,      29328 total
[2020-02-29T05:25:46.861+0000][1][gc,age       ] GC(48) - age   3:       1528 bytes,      30856 total
[2020-02-29T05:25:46.861+0000][1][gc,age       ] GC(48) - age   4:        488 bytes,      31344 total
[2020-02-29T05:25:46.861+0000][1][gc,age       ] GC(48) - age   5:        952 bytes,      32296 total
[2020-02-29T05:25:46.861+0000][1][gc,age       ] GC(48) - age   6:       1072 bytes,      33368 total
[2020-02-29T05:25:46.861+0000][1][gc,heap      ] GC(48) ParNew: 68186K->39K(76672K)
[2020-02-29T05:25:46.861+0000][1][gc,heap      ] GC(48) CMS: 62516K->62518K(963392K)
[2020-02-29T05:25:46.861+0000][1][gc,metaspace ] GC(48) Metaspace: 79426K->79426K(1122304K)
[2020-02-29T05:25:46.861+0000][1][gc           ] GC(48) Pause Young (Allocation Failure) 127M->61M(1015M) 20.334ms
[2020-02-29T05:25:46.861+0000][1][gc,cpu       ] GC(48) User=0.01s Sys=0.00s Real=0.02s
[2020-02-29T05:25:46.861+0000][1][safepoint    ] Safepoint "GenCollectForAllocation", Time since last: 519360695 ns, Reaching safepoint: 53742 ns, At safepoint: 20386780 ns, Total: 20440522 ns
[2020-02-29T05:25:46.862+0000][1][safepoint    ] Safepoint "RevokeBias", Time since last: 565506 ns, Reaching safepoint: 192772 ns, At safepoint: 35516 ns, Total: 228288 ns
[2020-02-29T05:25:47.867+0000][1][safepoint    ] Safepoint "Cleanup", Time since last: 1005352327 ns, Reaching safepoint: 61263 ns, At safepoint: 5771 ns, Total: 67034 ns
[2020-02-29T05:25:48.876+0000][1][safepoint    ] Safepoint "Cleanup", Time since last: 1008986896 ns, Reaching safepoint: 126149 ns, At safepoint: 5930 ns, Total: 132079 ns
[2020-02-29T05:25:49.368+0000][1][safepoint    ] Safepoint "RevokeBias", Time since last: 491654353 ns, Reaching safepoint: 73526 ns, At safepoint: 16845 ns, Total: 90371 ns
[2020-02-29T05:25:50.369+0000][1][safepoint    ] Safepoint "Cleanup", Time since last: 1000843599 ns, Reaching safepoint: 75875 ns, At safepoint: 6724 ns, Total: 82599 ns
[2020-02-29T05:25:51.373+0000][1][safepoint    ] Safepoint "Cleanup", Time since last: 1004084334 ns, Reaching safepoint: 64350 ns, At safepoint: 7201 ns, Total: 71551 ns
[2020-02-29T05:25:51.881+0000][1][safepoint    ] Safepoint "RevokeBias", Time since last: 507785148 ns, Reaching safepoint: 54666 ns, At safepoint: 15759 ns, Total: 70425 ns
[2020-02-29T05:25:52.886+0000][1][safepoint    ] Safepoint "Cleanup", Time since last: 1005086675 ns, Reaching safepoint: 61252 ns, At safepoint: 7056 ns, Total: 68308 ns
[2020-02-29T05:25:53.888+0000][1][safepoint    ] Safepoint "Cleanup", Time since last: 1002070800 ns, Reaching safepoint: 131499 ns, At safepoint: 7985 ns, Total: 139484 ns
[2020-02-29T05:25:54.407+0000][1][safepoint    ] Safepoint "RevokeBias", Time since last: 518414466 ns, Reaching safepoint: 73673 ns, At safepoint: 17584 ns, Total: 91257 ns
[2020-02-29T05:25:55.408+0000][1][safepoint    ] Safepoint "Cleanup", Time since last: 1001397523 ns, Reaching safepoint: 79227 ns, At safepoint: 7127 ns, Total: 86354 ns
[2020-02-29T05:25:56.413+0000][1][safepoint    ] Safepoint "Cleanup", Time since last: 1004472905 ns, Reaching safepoint: 62203 ns, At safepoint: 7985 ns, Total: 70188 ns
[2020-02-29T05:25:56.915+0000][1][safepoint    ] Safepoint "RevokeBias", Time since last: 502274150 ns, Reaching safepoint: 135784 ns, At safepoint: 19057 ns, Total: 154841 ns
[2020-02-29T05:25:57.916+0000][1][safepoint    ] Safepoint "Cleanup", Time since last: 1000373683 ns, Reaching safepoint: 91239 ns, At safepoint: 11286 ns, Total: 102525 ns
[2020-02-29T05:25:58.917+0000][1][safepoint    ] Safepoint "Cleanup", Time since last: 1000780990 ns, Reaching safepoint: 77262 ns, At safepoint: 7237 ns, Total: 84499 ns
[2020-02-29T05:25:59.429+0000][1][safepoint    ] Safepoint "RevokeBias", Time since last: 512295810 ns, Reaching safepoint: 54257 ns, At safepoint: 16160 ns, Total: 70417 ns
[2020-02-29T05:26:00.430+0000][1][safepoint    ] Safepoint "Cleanup", Time since last: 1001334765 ns, Reaching safepoint: 89298 ns, At safepoint: 8786 ns, Total: 98084 ns
[2020-02-29T05:26:01.432+0000][1][safepoint    ] Safepoint "Cleanup", Time since last: 1001867670 ns, Reaching safepoint: 78310 ns, At safepoint: 7115 ns, Total: 85425 ns
[2020-02-29T05:26:01.966+0000][1][safepoint    ] Safepoint "RevokeBias", Time since last: 525378799 ns, Reaching safepoint: 7668391 ns, At safepoint: 26262 ns, Total: 7694653 ns
[2020-02-29T05:26:02.972+0000][1][safepoint    ] Safepoint "Cleanup", Time since last: 1006504430 ns, Reaching safepoint: 175340 ns, At safepoint: 20562 ns, Total: 195902 ns
[2020-02-29T05:26:03.979+0000][1][safepoint    ] Safepoint "Cleanup", Time since last: 1006653624 ns, Reaching safepoint: 56713 ns, At safepoint: 5501 ns, Total: 62214 ns
[2020-02-29T05:26:04.479+0000][1][safepoint    ] Safepoint "RevokeBias", Time since last: 500134664 ns, Reaching safepoint: 74467 ns, At safepoint: 17391 ns, Total: 91858 ns
[2020-02-29T05:26:05.480+0000][1][safepoint    ] Safepoint "Cleanup", Time since last: 1001050153 ns, Reaching safepoint: 62300 ns, At safepoint: 6889 ns, Total: 69189 ns
[2020-02-29T05:26:06.490+0000][1][safepoint    ] Safepoint "Cleanup", Time since last: 1009648475 ns, Reaching safepoint: 60718 ns, At safepoint: 5652 ns, Total: 66370 ns
[2020-02-29T05:26:06.993+0000][1][safepoint    ] Safepoint "RevokeBias", Time since last: 503320460 ns, Reaching safepoint: 53928 ns, At safepoint: 16432 ns, Total: 70360 ns
[2020-02-29T05:26:08.003+0000][1][safepoint    ] Safepoint "Cleanup", Time since last: 1009923626 ns, Reaching safepoint: 59601 ns, At safepoint: 5216 ns, Total: 64817 ns
[2020-02-29T05:26:09.009+0000][1][safepoint    ] Safepoint "Cleanup", Time since last: 1005796223 ns, Reaching safepoint: 89080 ns, At safepoint: 6373 ns, Total: 95453 ns
[2020-02-29T05:26:09.507+0000][1][safepoint    ] Safepoint "RevokeBias", Time since last: 497165578 ns, Reaching safepoint: 99990 ns, At safepoint: 22841 ns, Total: 122831 ns
[2020-02-29T05:26:10.507+0000][1][safepoint    ] Safepoint "Cleanup", Time since last: 1000130308 ns, Reaching safepoint: 98943 ns, At safepoint: 6131 ns, Total: 105074 ns
[2020-02-29T05:26:11.508+0000][1][safepoint    ] Safepoint "Cleanup", Time since last: 1001552320 ns, Reaching safepoint: 158522 ns, At safepoint: 7206 ns, Total: 165728 ns
[2020-02-29T05:26:12.017+0000][1][safepoint    ] Safepoint "RevokeBias", Time since last: 508459551 ns, Reaching safepoint: 76331 ns, At safepoint: 63844 ns, Total: 140175 ns
[2020-02-29T05:26:13.025+0000][1][safepoint    ] Safepoint "Cleanup", Time since last: 1007876389 ns, Reaching safepoint: 73593 ns, At safepoint: 6074 ns, Total: 79667 ns
[2020-02-29T05:26:14.026+0000][1][safepoint    ] Safepoint "Cleanup", Time since last: 1000765101 ns, Reaching safepoint: 62711 ns, At safepoint: 5910 ns, Total: 68621 ns
[2020-02-29T05:26:14.538+0000][1][safepoint    ] Safepoint "RevokeBias", Time since last: 512480860 ns, Reaching safepoint: 59365 ns, At safepoint: 15046 ns, Total: 74411 ns
[2020-02-29T05:26:15.544+0000][1][safepoint    ] Safepoint "Cleanup", Time since last: 1005818124 ns, Reaching safepoint: 62350 ns, At safepoint: 6936 ns, Total: 69286 ns
[2020-02-29T05:26:16.545+0000][1][safepoint    ] Safepoint "Cleanup", Time since last: 1000504151 ns, Reaching safepoint: 64131 ns, At safepoint: 7338 ns, Total: 71469 ns
[2020-02-29T05:26:17.058+0000][1][safepoint    ] Safepoint "RevokeBias", Time since last: 513123120 ns, Reaching safepoint: 56025 ns, At safepoint: 16360 ns, Total: 72385 ns
[2020-02-29T05:26:18.062+0000][1][safepoint    ] Safepoint "Cleanup", Time since last: 1003388031 ns, Reaching safepoint: 61681 ns, At safepoint: 7025 ns, Total: 68706 ns
[2020-02-29T05:26:19.063+0000][1][safepoint    ] Safepoint "Cleanup", Time since last: 1001845809 ns, Reaching safepoint: 76665 ns, At safepoint: 6562 ns, Total: 83227 ns
[2020-02-29T05:26:19.584+0000][1][safepoint    ] Safepoint "RevokeBias", Time since last: 520320430 ns, Reaching safepoint: 71783 ns, At safepoint: 15603 ns, Total: 87386 ns
[2020-02-29T05:26:20.585+0000][1][safepoint    ] Safepoint "Cleanup", Time since last: 1000914352 ns, Reaching safepoint: 137561 ns, At safepoint: 24232 ns, Total: 161793 ns
[2020-02-29T05:26:21.589+0000][1][safepoint    ] Safepoint "Cleanup", Time since last: 1004217290 ns, Reaching safepoint: 78171 ns, At safepoint: 7128 ns, Total: 85299 ns
[2020-02-29T05:26:22.094+0000][1][safepoint    ] Safepoint "RevokeBias", Time since last: 504550596 ns, Reaching safepoint: 76053 ns, At safepoint: 17677 ns, Total: 93730 ns
[2020-02-29T05:26:23.095+0000][1][safepoint    ] Safepoint "Cleanup", Time since last: 1000743115 ns, Reaching safepoint: 87199 ns, At safepoint: 9636 ns, Total: 96835 ns
[2020-02-29T05:26:24.095+0000][1][safepoint    ] Safepoint "Cleanup", Time since last: 1000212870 ns, Reaching safepoint: 88600 ns, At safepoint: 11202 ns, Total: 99802 ns
[2020-02-29T05:26:24.605+0000][1][safepoint    ] Safepoint "RevokeBias", Time since last: 510197259 ns, Reaching safepoint: 56852 ns, At safepoint: 16330 ns, Total: 73182 ns
[2020-02-29T05:26:25.615+0000][1][safepoint    ] Safepoint "Cleanup", Time since last: 1009099545 ns, Reaching safepoint: 178771 ns, At safepoint: 7586 ns, Total: 186357 ns
[2020-02-29T05:26:26.616+0000][1][safepoint    ] Safepoint "Cleanup", Time since last: 1001373592 ns, Reaching safepoint: 79172 ns, At safepoint: 7340 ns, Total: 86512 ns
[2020-02-29T05:26:27.125+0000][1][safepoint    ] Safepoint "RevokeBias", Time since last: 508938675 ns, Reaching safepoint: 55246 ns, At safepoint: 16010 ns, Total: 71256 ns
[2020-02-29T05:26:28.134+0000][1][safepoint    ] Safepoint "Cleanup", Time since last: 1009313944 ns, Reaching safepoint: 79781 ns, At safepoint: 7176 ns, Total: 86957 ns
[2020-02-29T05:26:29.139+0000][1][safepoint    ] Safepoint "Cleanup", Time since last: 1004784832 ns, Reaching safepoint: 61726 ns, At safepoint: 6942 ns, Total: 68668 ns
[2020-02-29T05:26:29.641+0000][1][safepoint    ] Safepoint "RevokeBias", Time since last: 501801480 ns, Reaching safepoint: 107308 ns, At safepoint: 19613 ns, Total: 126921 ns
[2020-02-29T05:26:30.646+0000][1][safepoint    ] Safepoint "Cleanup", Time since last: 1004774036 ns, Reaching safepoint: 63183 ns, At safepoint: 7477 ns, Total: 70660 ns
[2020-02-29T05:26:31.650+0000][1][safepoint    ] Safepoint "Cleanup", Time since last: 1003880424 ns, Reaching safepoint: 63243 ns, At safepoint: 7332 ns, Total: 70575 ns
[2020-02-29T05:26:32.165+0000][1][safepoint    ] Safepoint "RevokeBias", Time since last: 515327702 ns, Reaching safepoint: 73637 ns, At safepoint: 18618 ns, Total: 92255 ns
[2020-02-29T05:26:33.168+0000][1][safepoint    ] Safepoint "Cleanup", Time since last: 1002376403 ns, Reaching safepoint: 62169 ns, At safepoint: 7133 ns, Total: 69302 ns
[2020-02-29T05:26:34.178+0000][1][safepoint    ] Safepoint "Cleanup", Time since last: 1009483494 ns, Reaching safepoint: 77818 ns, At safepoint: 7514 ns, Total: 85332 ns
[2020-02-29T05:26:34.695+0000][1][safepoint    ] Safepoint "RevokeBias", Time since last: 517629983 ns, Reaching safepoint: 76298 ns, At safepoint: 19231 ns, Total: 95529 ns
[2020-02-29T05:26:35.698+0000][1][safepoint    ] Safepoint "Cleanup", Time since last: 1002979866 ns, Reaching safepoint: 96582 ns, At safepoint: 7597 ns, Total: 104179 ns
[2020-02-29T05:26:36.699+0000][1][safepoint    ] Safepoint "Cleanup", Time since last: 1000325483 ns, Reaching safepoint: 75831 ns, At safepoint: 6687 ns, Total: 82518 ns
[2020-02-29T05:26:37.217+0000][1][safepoint    ] Safepoint "RevokeBias", Time since last: 518247631 ns, Reaching safepoint: 56304 ns, At safepoint: 15387 ns, Total: 71691 ns
[2020-02-29T05:26:38.224+0000][1][safepoint    ] Safepoint "Cleanup", Time since last: 1007125563 ns, Reaching safepoint: 61848 ns, At safepoint: 6738 ns, Total: 68586 ns
[2020-02-29T05:26:39.225+0000][1][safepoint    ] Safepoint "Cleanup", Time since last: 1001034198 ns, Reaching safepoint: 61960 ns, At safepoint: 6929 ns, Total: 68889 ns
[2020-02-29T05:26:39.734+0000][1][safepoint    ] Safepoint "BulkRevokeBias", Time since last: 507911001 ns, Reaching safepoint: 74653 ns, At safepoint: 185289 ns, Total: 259942 ns
[2020-02-29T05:26:41.067+0000][1][safepoint    ] Safepoint "Cleanup", Time since last: 1333107721 ns, Reaching safepoint: 215742 ns, At safepoint: 37494 ns, Total: 253236 ns
[2020-02-29T05:26:42.068+0000][1][safepoint    ] Safepoint "Cleanup", Time since last: 1001105502 ns, Reaching safepoint: 67254 ns, At safepoint: 7943 ns, Total: 75197 ns
[2020-02-29T05:26:42.254+0000][1][safepoint    ] Safepoint "RevokeBias", Time since last: 186059970 ns, Reaching safepoint: 76464 ns, At safepoint: 34076 ns, Total: 110540 ns
[2020-02-29T05:26:43.256+0000][1][safepoint    ] Safepoint "Cleanup", Time since last: 1001540037 ns, Reaching safepoint: 62565 ns, At safepoint: 7106 ns, Total: 69671 ns
[2020-02-29T05:26:44.258+0000][1][safepoint    ] Safepoint "Cleanup", Time since last: 1001790030 ns, Reaching safepoint: 61757 ns, At safepoint: 7174 ns, Total: 68931 ns
[2020-02-29T05:26:44.768+0000][1][safepoint    ] Safepoint "RevokeBias", Time since last: 510281277 ns, Reaching safepoint: 118224 ns, At safepoint: 20525 ns, Total: 138749 ns
[2020-02-29T05:26:45.769+0000][1][safepoint    ] Safepoint "Cleanup", Time since last: 1000428146 ns, Reaching safepoint: 110260 ns, At safepoint: 12368 ns, Total: 122628 ns
[2020-02-29T05:26:46.770+0000][1][safepoint    ] Safepoint "Cleanup", Time since last: 1000675990 ns, Reaching safepoint: 202513 ns, At safepoint: 26893 ns, Total: 229406 ns
[2020-02-29T05:26:47.290+0000][1][safepoint    ] Safepoint "RevokeBias", Time since last: 520254938 ns, Reaching safepoint: 76780 ns, At safepoint: 17823 ns, Total: 94603 ns
[2020-02-29T05:26:48.299+0000][1][safepoint    ] Safepoint "Cleanup", Time since last: 1008935410 ns, Reaching safepoint: 60960 ns, At safepoint: 6611 ns, Total: 67571 ns
[2020-02-29T05:26:49.301+0000][1][safepoint    ] Safepoint "Cleanup", Time since last: 1002157515 ns, Reaching safepoint: 70285 ns, At safepoint: 9785 ns, Total: 80070 ns
[2020-02-29T05:26:49.811+0000][1][safepoint    ] Safepoint "RevokeBias", Time since last: 509581555 ns, Reaching safepoint: 112550 ns, At safepoint: 17960 ns, Total: 130510 ns
[2020-02-29T05:26:50.816+0000][1][safepoint    ] Safepoint "Cleanup", Time since last: 1005105159 ns, Reaching safepoint: 78754 ns, At safepoint: 7638 ns, Total: 86392 ns
[2020-02-29T05:26:51.824+0000][1][safepoint    ] Safepoint "Cleanup", Time since last: 1007891204 ns, Reaching safepoint: 62390 ns, At safepoint: 7249 ns, Total: 69639 ns
[2020-02-29T05:26:52.335+0000][1][safepoint    ] Safepoint "RevokeBias", Time since last: 510800363 ns, Reaching safepoint: 77084 ns, At safepoint: 17309 ns, Total: 94393 ns
[2020-02-29T05:26:53.340+0000][1][safepoint    ] Safepoint "Cleanup", Time since last: 1004503469 ns, Reaching safepoint: 89723 ns, At safepoint: 6777 ns, Total: 96500 ns
[2020-02-29T05:26:54.350+0000][1][safepoint    ] Safepoint "Cleanup", Time since last: 1010838867 ns, Reaching safepoint: 95076 ns, At safepoint: 8461 ns, Total: 103537 ns
[2020-02-29T05:26:54.853+0000][1][safepoint    ] Safepoint "RevokeBias", Time since last: 502688274 ns, Reaching safepoint: 54825 ns, At safepoint: 16875 ns, Total: 71700 ns
[2020-02-29T05:26:55.856+0000][1][safepoint    ] Safepoint "Cleanup", Time since last: 1003137850 ns, Reaching safepoint: 75585 ns, At safepoint: 5608 ns, Total: 81193 ns
[2020-02-29T05:26:56.866+0000][1][safepoint    ] Safepoint "Cleanup", Time since last: 1009262891 ns, Reaching safepoint: 77085 ns, At safepoint: 7617 ns, Total: 84702 ns
[2020-02-29T05:26:57.370+0000][1][safepoint    ] Safepoint "RevokeBias", Time since last: 504541459 ns, Reaching safepoint: 84226 ns, At safepoint: 19498 ns, Total: 103724 ns
[2020-02-29T05:26:58.371+0000][1][safepoint    ] Safepoint "Cleanup", Time since last: 1000654243 ns, Reaching safepoint: 94747 ns, At safepoint: 10219 ns, Total: 104966 ns
[2020-02-29T05:26:59.372+0000][1][safepoint    ] Safepoint "Cleanup", Time since last: 1000700309 ns, Reaching safepoint: 87626 ns, At safepoint: 8816 ns, Total: 96442 ns
[2020-02-29T05:26:59.890+0000][1][safepoint    ] Safepoint "RevokeBias", Time since last: 517433171 ns, Reaching safepoint: 73470 ns, At safepoint: 17092 ns, Total: 90562 ns
[2020-02-29T05:27:00.892+0000][1][safepoint    ] Safepoint "Cleanup", Time since last: 1002189503 ns, Reaching safepoint: 61736 ns, At safepoint: 7109 ns, Total: 68845 ns
[2020-02-29T05:27:01.897+0000][1][safepoint    ] Safepoint "Cleanup", Time since last: 1004973940 ns, Reaching safepoint: 62635 ns, At safepoint: 7075 ns, Total: 69710 ns
[2020-02-29T05:27:02.411+0000][1][safepoint    ] Safepoint "RevokeBias", Time since last: 513952587 ns, Reaching safepoint: 84384 ns, At safepoint: 19112 ns, Total: 103496 ns
[2020-02-29T05:27:03.419+0000][1][safepoint    ] Safepoint "Cleanup", Time since last: 1008409509 ns, Reaching safepoint: 78915 ns, At safepoint: 7056 ns, Total: 85971 ns
[2020-02-29T05:27:04.422+0000][1][safepoint    ] Safepoint "Cleanup", Time since last: 1002273026 ns, Reaching safepoint: 78345 ns, At safepoint: 7205 ns, Total: 85550 ns
[2020-02-29T05:27:04.935+0000][1][safepoint    ] Safepoint "RevokeBias", Time since last: 513265410 ns, Reaching safepoint: 54328 ns, At safepoint: 15832 ns, Total: 70160 ns
[2020-02-29T05:27:05.938+0000][1][safepoint    ] Safepoint "Cleanup", Time since last: 1003104894 ns, Reaching safepoint: 59908 ns, At safepoint: 5735 ns, Total: 65643 ns
[2020-02-29T05:27:06.941+0000][1][safepoint    ] Safepoint "Cleanup", Time since last: 1002742471 ns, Reaching safepoint: 148194 ns, At safepoint: 27095 ns, Total: 175289 ns
[2020-02-29T05:27:07.457+0000][1][safepoint    ] Safepoint "RevokeBias", Time since last: 516210720 ns, Reaching safepoint: 55248 ns, At safepoint: 15896 ns, Total: 71144 ns
[2020-02-29T05:27:08.458+0000][1][safepoint    ] Safepoint "Cleanup", Time since last: 1000888206 ns, Reaching safepoint: 62226 ns, At safepoint: 7189 ns, Total: 69415 ns
[2020-02-29T05:27:09.461+0000][1][safepoint    ] Safepoint "Cleanup", Time since last: 1002689028 ns, Reaching safepoint: 60291 ns, At safepoint: 6356 ns, Total: 66647 ns
[2020-02-29T05:27:09.985+0000][1][safepoint    ] Safepoint "RevokeBias", Time since last: 523706986 ns, Reaching safepoint: 55106 ns, At safepoint: 15820 ns, Total: 70926 ns
[2020-02-29T05:27:10.985+0000][1][safepoint    ] Safepoint "Cleanup", Time since last: 1000224551 ns, Reaching safepoint: 93480 ns, At safepoint: 10879 ns, Total: 104359 ns
[2020-02-29T05:27:11.986+0000][1][safepoint    ] Safepoint "Cleanup", Time since last: 1000393353 ns, Reaching safepoint: 115091 ns, At safepoint: 10346 ns, Total: 125437 ns
[2020-02-29T05:27:12.509+0000][1][safepoint    ] Safepoint "RevokeBias", Time since last: 523217141 ns, Reaching safepoint: 73769 ns, At safepoint: 34704 ns, Total: 108473 ns
[2020-02-29T05:27:13.513+0000][1][safepoint    ] Safepoint "Cleanup", Time since last: 1004272857 ns, Reaching safepoint: 59061 ns, At safepoint: 6406 ns, Total: 65467 ns
[2020-02-29T05:27:14.516+0000][1][safepoint    ] Safepoint "Cleanup", Time since last: 1002788535 ns, Reaching safepoint: 62496 ns, At safepoint: 7255 ns, Total: 69751 ns
[2020-02-29T05:27:15.022+0000][1][safepoint    ] Safepoint "RevokeBias", Time since last: 505882085 ns, Reaching safepoint: 75599 ns, At safepoint: 18018 ns, Total: 93617 ns
[2020-02-29T05:27:16.024+0000][1][safepoint    ] Safepoint "Cleanup", Time since last: 1002140463 ns, Reaching safepoint: 81570 ns, At safepoint: 7646 ns, Total: 89216 ns
[2020-02-29T05:27:17.027+0000][1][safepoint    ] Safepoint "Cleanup", Time since last: 1001981314 ns, Reaching safepoint: 61932 ns, At safepoint: 7016 ns, Total: 68948 ns
[2020-02-29T05:27:17.541+0000][1][safepoint    ] Safepoint "RevokeBias", Time since last: 508750272 ns, Reaching safepoint: 5882891 ns, At safepoint: 20805 ns, Total: 5903696 ns
[2020-02-29T05:27:18.547+0000][1][safepoint    ] Safepoint "Cleanup", Time since last: 1005758655 ns, Reaching safepoint: 59199 ns, At safepoint: 6791 ns, Total: 65990 ns
[2020-02-29T05:27:19.548+0000][1][safepoint    ] Safepoint "Cleanup", Time since last: 1000751424 ns, Reaching safepoint: 59573 ns, At safepoint: 5703 ns, Total: 65276 ns
[2020-02-29T05:27:20.062+0000][1][safepoint    ] Safepoint "RevokeBias", Time since last: 513762156 ns, Reaching safepoint: 52928 ns, At safepoint: 15408 ns, Total: 68336 ns
[2020-02-29T05:27:21.071+0000][1][safepoint    ] Safepoint "Cleanup", Time since last: 1009410455 ns, Reaching safepoint: 95149 ns, At safepoint: 7702 ns, Total: 102851 ns
[2020-02-29T05:27:22.072+0000][1][safepoint    ] Safepoint "Cleanup", Time since last: 1000592061 ns, Reaching safepoint: 91957 ns, At safepoint: 6685 ns, Total: 98642 ns
[2020-02-29T05:27:22.587+0000][1][safepoint    ] Safepoint "RevokeBias", Time since last: 514715403 ns, Reaching safepoint: 73950 ns, At safepoint: 34608 ns, Total: 108558 ns
[2020-02-29T05:27:23.588+0000][1][safepoint    ] Safepoint "Cleanup", Time since last: 1000979821 ns, Reaching safepoint: 128196 ns, At safepoint: 8831 ns, Total: 137027 ns
[2020-02-29T05:27:24.589+0000][1][safepoint    ] Safepoint "Cleanup", Time since last: 1000733230 ns, Reaching safepoint: 79048 ns, At safepoint: 23469 ns, Total: 102517 ns
[2020-02-29T05:27:25.115+0000][1][safepoint    ] Safepoint "RevokeBias", Time since last: 526073865 ns, Reaching safepoint: 162750 ns, At safepoint: 35704 ns, Total: 198454 ns
[2020-02-29T05:27:26.124+0000][1][safepoint    ] Safepoint "Cleanup", Time since last: 1009035121 ns, Reaching safepoint: 61387 ns, At safepoint: 7144 ns, Total: 68531 ns
[2020-02-29T05:27:27.132+0000][1][safepoint    ] Safepoint "Cleanup", Time since last: 1008096186 ns, Reaching safepoint: 62159 ns, At safepoint: 7730 ns, Total: 69889 ns
[2020-02-29T05:27:27.628+0000][1][safepoint    ] Safepoint "RevokeBias", Time since last: 496106256 ns, Reaching safepoint: 61304 ns, At safepoint: 17992 ns, Total: 79296 ns
[2020-02-29T05:27:28.629+0000][1][safepoint    ] Safepoint "Cleanup", Time since last: 1000640901 ns, Reaching safepoint: 93629 ns, At safepoint: 10381 ns, Total: 104010 ns
[2020-02-29T05:27:29.631+0000][1][safepoint    ] Safepoint "Cleanup", Time since last: 1001994046 ns, Reaching safepoint: 73904 ns, At safepoint: 6846 ns, Total: 80750 ns
[2020-02-29T05:27:30.145+0000][1][safepoint    ] Safepoint "RevokeBias", Time since last: 513779257 ns, Reaching safepoint: 56904 ns, At safepoint: 16021 ns, Total: 72925 ns
[2020-02-29T05:27:31.155+0000][1][safepoint    ] Safepoint "Cleanup", Time since last: 1010271907 ns, Reaching safepoint: 62486 ns, At safepoint: 7754 ns, Total: 70240 ns
[2020-02-29T05:27:32.156+0000][1][safepoint    ] Safepoint "Cleanup", Time since last: 1000278861 ns, Reaching safepoint: 96844 ns, At safepoint: 6967 ns, Total: 103811 ns
[2020-02-29T05:27:32.662+0000][1][safepoint    ] Safepoint "RevokeBias", Time since last: 506438773 ns, Reaching safepoint: 56425 ns, At safepoint: 16769 ns, Total: 73194 ns
[2020-02-29T05:27:33.664+0000][1][safepoint    ] Safepoint "Cleanup", Time since last: 1001563331 ns, Reaching safepoint: 62896 ns, At safepoint: 6916 ns, Total: 69812 ns
[2020-02-29T05:27:34.665+0000][1][safepoint    ] Safepoint "Cleanup", Time since last: 1001095873 ns, Reaching safepoint: 62894 ns, At safepoint: 7368 ns, Total: 70262 ns
[2020-02-29T05:27:35.184+0000][1][safepoint    ] Safepoint "RevokeBias", Time since last: 518440968 ns, Reaching safepoint: 55701 ns, At safepoint: 17154 ns, Total: 72855 ns
[2020-02-29T05:27:36.186+0000][1][safepoint    ] Safepoint "Cleanup", Time since last: 1002712550 ns, Reaching safepoint: 113734 ns, At safepoint: 7054 ns, Total: 120788 ns
[2020-02-29T05:27:37.188+0000][1][safepoint    ] Safepoint "Cleanup", Time since last: 1001888223 ns, Reaching safepoint: 86551 ns, At safepoint: 7384 ns, Total: 93935 ns
[2020-02-29T05:27:37.695+0000][1][safepoint    ] Safepoint "RevokeBias", Time since last: 506884321 ns, Reaching safepoint: 76139 ns, At safepoint: 18140 ns, Total: 94279 ns
[2020-02-29T05:27:38.696+0000][1][safepoint    ] Safepoint "Cleanup", Time since last: 1000285242 ns, Reaching safepoint: 63019 ns, At safepoint: 7073 ns, Total: 70092 ns
[2020-02-29T05:27:39.696+0000][1][safepoint    ] Safepoint "Cleanup", Time since last: 1000393144 ns, Reaching safepoint: 62990 ns, At safepoint: 7023 ns, Total: 70013 ns
[2020-02-29T05:27:40.223+0000][1][safepoint    ] Safepoint "RevokeBias", Time since last: 526794141 ns, Reaching safepoint: 62353 ns, At safepoint: 33868 ns, Total: 96221 ns
[2020-02-29T05:27:41.389+0000][1][safepoint    ] Safepoint "Cleanup", Time since last: 1165460663 ns, Reaching safepoint: 67387 ns, At safepoint: 7415 ns, Total: 74802 ns
[2020-02-29T05:27:42.392+0000][1][safepoint    ] Safepoint "Cleanup", Time since last: 1003224215 ns, Reaching safepoint: 144615 ns, At safepoint: 13796 ns, Total: 158411 ns
[2020-02-29T05:27:42.748+0000][1][safepoint    ] Safepoint "RevokeBias", Time since last: 355837584 ns, Reaching safepoint: 60046 ns, At safepoint: 16839 ns, Total: 76885 ns
[2020-02-29T05:27:43.752+0000][1][safepoint    ] Safepoint "Cleanup", Time since last: 1004372951 ns, Reaching safepoint: 117269 ns, At safepoint: 25822 ns, Total: 143091 ns
[2020-02-29T05:27:44.754+0000][1][safepoint    ] Safepoint "Cleanup", Time since last: 1001743157 ns, Reaching safepoint: 120269 ns, At safepoint: 10800 ns, Total: 131069 ns
[2020-02-29T05:27:45.327+0000][1][safepoint    ] Safepoint "RevokeBias", Time since last: 572198052 ns, Reaching safepoint: 93920 ns, At safepoint: 23089 ns, Total: 117009 ns
[2020-02-29T05:27:46.328+0000][1][safepoint    ] Safepoint "Cleanup", Time since last: 1000761698 ns, Reaching safepoint: 93206 ns, At safepoint: 10817 ns, Total: 104023 ns
[2020-02-29T05:29:34.967+0000][1][safepoint    ] Safepoint "Cleanup", Time since last: 1003986680 ns, Reaching safepoint: 90020 ns, At safepoint: 10014 ns, Total: 100034 ns
[2020-02-29T05:29:35.478+0000][1][safepoint    ] Safepoint "RevokeBias", Time since last: 511152461 ns, Reaching safepoint: 88392 ns, At safepoint: 27329 ns, Total: 115721 ns
[2020-02-29T05:29:36.479+0000][1][safepoint    ] Safepoint "Cleanup", Time since last: 1000940704 ns, Reaching safepoint: 65113 ns, At safepoint: 7144 ns, Total: 72257 ns
[2020-02-29T05:29:37.484+0000][1][safepoint    ] Safepoint "Cleanup", Time since last: 1004281061 ns, Reaching safepoint: 80149 ns, At safepoint: 8237 ns, Total: 88386 ns
[2020-02-29T05:29:37.996+0000][1][safepoint    ] Safepoint "RevokeBias", Time since last: 512464787 ns, Reaching safepoint: 71138 ns, At safepoint: 21079 ns, Total: 92217 ns
[2020-02-29T05:29:38.998+0000][1][safepoint    ] Safepoint "Cleanup", Time since last: 1001400489 ns, Reaching safepoint: 96810 ns, At safepoint: 6931 ns, Total: 103741 ns
[2020-02-29T05:29:39.999+0000][1][safepoint    ] Safepoint "Cleanup", Time since last: 1001494423 ns, Reaching safepoint: 78192 ns, At safepoint: 7354 ns, Total: 85546 ns
[2020-02-29T05:29:40.524+0000][1][safepoint    ] Safepoint "BulkRevokeBias", Time since last: 524195718 ns, Reaching safepoint: 150353 ns, At safepoint: 368594 ns, Total: 518947 ns
[2020-02-29T05:29:41.525+0000][1][safepoint    ] Safepoint "Cleanup", Time since last: 1001319156 ns, Reaching safepoint: 161844 ns, At safepoint: 9109 ns, Total: 170953 ns
[2020-02-29T05:29:42.533+0000][1][safepoint    ] Safepoint "Cleanup", Time since last: 1007912867 ns, Reaching safepoint: 69043 ns, At safepoint: 7363 ns, Total: 76406 ns
[2020-02-29T05:29:43.036+0000][1][safepoint    ] Safepoint "RevokeBias", Time since last: 502531890 ns, Reaching safepoint: 122017 ns, At safepoint: 25068 ns, Total: 147085 ns
[2020-02-29T05:29:44.039+0000][1][safepoint    ] Safepoint "Cleanup", Time since last: 1003190380 ns, Reaching safepoint: 91600 ns, At safepoint: 7619 ns, Total: 99219 ns
[2020-02-29T05:29:45.044+0000][1][safepoint    ] Safepoint "Cleanup", Time since last: 1004901379 ns, Reaching safepoint: 98415 ns, At safepoint: 11800 ns, Total: 110215 ns
[2020-02-29T05:29:45.542+0000][1][safepoint    ] Safepoint "RevokeBias", Time since last: 497653236 ns, Reaching safepoint: 91753 ns, At safepoint: 21707 ns, Total: 113460 ns
[2020-02-29T05:29:46.544+0000][1][safepoint    ] Safepoint "Cleanup", Time since last: 1002029592 ns, Reaching safepoint: 70870 ns, At safepoint: 8323 ns, Total: 79193 ns
[2020-02-29T05:29:47.552+0000][1][safepoint    ] Safepoint "Cleanup", Time since last: 1008067418 ns, Reaching safepoint: 71121 ns, At safepoint: 9351 ns, Total: 80472 ns
[2020-02-29T05:29:48.054+0000][1][safepoint    ] Safepoint "RevokeBias", Time since last: 501114788 ns, Reaching safepoint: 64710 ns, At safepoint: 19331 ns, Total: 84041 ns
[2020-02-29T05:29:49.064+0000][1][safepoint    ] Safepoint "Cleanup", Time since last: 1010513074 ns, Reaching safepoint: 94538 ns, At safepoint: 7345 ns, Total: 101883 ns
[2020-02-29T05:29:50.069+0000][1][safepoint    ] Safepoint "Cleanup", Time since last: 1004610274 ns, Reaching safepoint: 70063 ns, At safepoint: 8272 ns, Total: 78335 ns
[2020-02-29T05:29:50.568+0000][1][safepoint    ] Safepoint "RevokeBias", Time since last: 499309873 ns, Reaching safepoint: 92732 ns, At safepoint: 22315 ns, Total: 115047 ns
[2020-02-29T05:29:51.569+0000][1][safepoint    ] Safepoint "Cleanup", Time since last: 1001000835 ns, Reaching safepoint: 77230 ns, At safepoint: 8523 ns, Total: 85753 ns
[2020-02-29T05:29:52.575+0000][1][safepoint    ] Safepoint "Cleanup", Time since last: 1005815575 ns, Reaching safepoint: 91769 ns, At safepoint: 7360 ns, Total: 99129 ns
[2020-02-29T05:29:53.082+0000][1][safepoint    ] Safepoint "RevokeBias", Time since last: 506255306 ns, Reaching safepoint: 120312 ns, At safepoint: 24320 ns, Total: 144632 ns
[2020-02-29T05:29:54.083+0000][1][safepoint    ] Safepoint "Cleanup", Time since last: 1000786672 ns, Reaching safepoint: 91362 ns, At safepoint: 8714 ns, Total: 100076 ns
[2020-02-29T05:29:55.089+0000][1][safepoint    ] Safepoint "Cleanup", Time since last: 1006536111 ns, Reaching safepoint: 89683 ns, At safepoint: 8177 ns, Total: 97860 ns
[2020-02-29T05:29:55.595+0000][1][gc,start     ] GC(49) Pause Young (Allocation Failure)
[2020-02-29T05:29:55.595+0000][1][gc,task      ] GC(49) Using 1 workers of 1 for evacuation
[2020-02-29T05:29:55.613+0000][1][gc,age       ] GC(49) Desired survivor size 4358144 bytes, new threshold 6 (max threshold 6)
[2020-02-29T05:29:55.613+0000][1][gc,age       ] GC(49) Age table with threshold 6 (max threshold 6)
[2020-02-29T05:29:55.613+0000][1][gc,age       ] GC(49) - age   1:      50184 bytes,      50184 total
[2020-02-29T05:29:55.613+0000][1][gc,age       ] GC(49) - age   2:       2480 bytes,      52664 total
[2020-02-29T05:29:55.613+0000][1][gc,age       ] GC(49) - age   3:       3736 bytes,      56400 total
[2020-02-29T05:29:55.613+0000][1][gc,age       ] GC(49) - age   4:       1528 bytes,      57928 total
[2020-02-29T05:29:55.613+0000][1][gc,age       ] GC(49) - age   5:        488 bytes,      58416 total
[2020-02-29T05:29:55.613+0000][1][gc,age       ] GC(49) - age   6:        952 bytes,      59368 total
[2020-02-29T05:29:55.613+0000][1][gc,heap      ] GC(49) ParNew: 68199K->58K(76672K)
[2020-02-29T05:29:55.613+0000][1][gc,heap      ] GC(49) CMS: 62518K->62519K(963392K)
[2020-02-29T05:29:55.614+0000][1][gc,metaspace ] GC(49) Metaspace: 79441K->79441K(1122304K)
[2020-02-29T05:29:55.614+0000][1][gc           ] GC(49) Pause Young (Allocation Failure) 127M->61M(1015M) 18.322ms
[2020-02-29T05:29:55.614+0000][1][gc,cpu       ] GC(49) User=0.01s Sys=0.00s Real=0.02s
[2020-02-29T05:29:55.614+0000][1][safepoint    ] Safepoint "GenCollectForAllocation", Time since last: 505881356 ns, Reaching safepoint: 94704 ns, At safepoint: 18389752 ns, Total: 18484456 ns
[2020-02-29T05:29:55.615+0000][1][safepoint    ] Safepoint "RevokeBias", Time since last: 885461 ns, Reaching safepoint: 87986 ns, At safepoint: 20459 ns, Total: 108445 ns
[2020-02-29T05:29:56.621+0000][1][safepoint    ] Safepoint "Cleanup", Time since last: 1006712312 ns, Reaching safepoint: 90989 ns, At safepoint: 7476 ns, Total: 98465 ns
[2020-02-29T05:29:57.625+0000][1][safepoint    ] Safepoint "Cleanup", Time since last: 1003799141 ns, Reaching safepoint: 125839 ns, At safepoint: 12924 ns, Total: 138763 ns
[2020-02-29T05:29:58.139+0000][1][safepoint    ] Safepoint "RevokeBias", Time since last: 513295278 ns, Reaching safepoint: 65664 ns, At safepoint: 19249 ns, Total: 84913 ns
[2020-02-29T05:29:59.140+0000][1][safepoint    ] Safepoint "Cleanup", Time since last: 1001180693 ns, Reaching safepoint: 69038 ns, At safepoint: 7637 ns, Total: 76675 ns
[2020-02-29T05:30:00.144+0000][1][safepoint    ] Safepoint "Cleanup", Time since last: 1004178848 ns, Reaching safepoint: 67993 ns, At safepoint: 7757 ns, Total: 75750 ns
[2020-02-29T05:30:00.654+0000][1][safepoint    ] Safepoint "RevokeBias", Time since last: 509383258 ns, Reaching safepoint: 109197 ns, At safepoint: 24143 ns, Total: 133340 ns
[2020-02-29T05:30:01.657+0000][1][safepoint    ] Safepoint "Cleanup", Time since last: 1003461036 ns, Reaching safepoint: 92769 ns, At safepoint: 8847 ns, Total: 101616 ns
[2020-02-29T05:30:02.658+0000][1][safepoint    ] Safepoint "Cleanup", Time since last: 1000748697 ns, Reaching safepoint: 71056 ns, At safepoint: 8198 ns, Total: 79254 ns
[2020-02-29T05:30:03.170+0000][1][safepoint    ] Safepoint "RevokeBias", Time since last: 511516717 ns, Reaching safepoint: 91402 ns, At safepoint: 21009 ns, Total: 112411 ns
[2020-02-29T05:30:04.174+0000][1][safepoint    ] Safepoint "Cleanup", Time since last: 1004546462 ns, Reaching safepoint: 70257 ns, At safepoint: 9025 ns, Total: 79282 ns
[2020-02-29T05:30:05.183+0000][1][safepoint    ] Safepoint "Cleanup", Time since last: 1008761681 ns, Reaching safepoint: 109240 ns, At safepoint: 11604 ns, Total: 120844 ns
[2020-02-29T05:30:05.684+0000][1][safepoint    ] Safepoint "RevokeBias", Time since last: 500192481 ns, Reaching safepoint: 65108 ns, At safepoint: 18907 ns, Total: 84015 ns
[2020-02-29T05:30:06.684+0000][1][safepoint    ] Safepoint "Cleanup", Time since last: 1000332040 ns, Reaching safepoint: 149093 ns, At safepoint: 42369 ns, Total: 191462 ns
[2020-02-29T05:30:07.685+0000][1][safepoint    ] Safepoint "Cleanup", Time since last: 1001217626 ns, Reaching safepoint: 70831 ns, At safepoint: 8815 ns, Total: 79646 ns
[2020-02-29T05:30:08.195+0000][1][safepoint    ] Safepoint "RevokeBias", Time since last: 510032440 ns, Reaching safepoint: 63903 ns, At safepoint: 19319 ns, Total: 83222 ns
[2020-02-29T05:30:09.198+0000][1][safepoint    ] Safepoint "Cleanup", Time since last: 1002010612 ns, Reaching safepoint: 106932 ns, At safepoint: 12839 ns, Total: 119771 ns
[2020-02-29T05:30:10.199+0000][1][safepoint    ] Safepoint "Cleanup", Time since last: 1001285825 ns, Reaching safepoint: 86521 ns, At safepoint: 10833 ns, Total: 97354 ns
[2020-02-29T05:30:10.714+0000][1][safepoint    ] Safepoint "RevokeBias", Time since last: 515279747 ns, Reaching safepoint: 64357 ns, At safepoint: 37349 ns, Total: 101706 ns
[2020-02-29T05:30:11.716+0000][1][safepoint    ] Safepoint "Cleanup", Time since last: 1001679656 ns, Reaching safepoint: 92010 ns, At safepoint: 8844 ns, Total: 100854 ns
[2020-02-29T05:30:12.719+0000][1][safepoint    ] Safepoint "Cleanup", Time since last: 1003216486 ns, Reaching safepoint: 93003 ns, At safepoint: 8900 ns, Total: 101903 ns
[2020-02-29T05:30:13.236+0000][1][safepoint    ] Safepoint "RevokeBias", Time since last: 516113902 ns, Reaching safepoint: 89436 ns, At safepoint: 21281 ns, Total: 110717 ns
[2020-02-29T05:30:14.241+0000][1][safepoint    ] Safepoint "Cleanup", Time since last: 1005589751 ns, Reaching safepoint: 70728 ns, At safepoint: 8961 ns, Total: 79689 ns
[2020-02-29T05:30:15.242+0000][1][safepoint    ] Safepoint "Cleanup", Time since last: 1000827398 ns, Reaching safepoint: 70655 ns, At safepoint: 8128 ns, Total: 78783 ns
[2020-02-29T05:30:15.745+0000][1][safepoint    ] Safepoint "RevokeBias", Time since last: 502394717 ns, Reaching safepoint: 90747 ns, At safepoint: 21412 ns, Total: 112159 ns
[2020-02-29T05:30:16.753+0000][1][safepoint    ] Safepoint "Cleanup", Time since last: 1008408464 ns, Reaching safepoint: 92310 ns, At safepoint: 9139 ns, Total: 101449 ns
[2020-02-29T05:30:17.754+0000][1][safepoint    ] Safepoint "Cleanup", Time since last: 1000931992 ns, Reaching safepoint: 71631 ns, At safepoint: 9691 ns, Total: 81322 ns
[2020-02-29T05:30:18.257+0000][1][safepoint    ] Safepoint "RevokeBias", Time since last: 502475698 ns, Reaching safepoint: 113796 ns, At safepoint: 25762 ns, Total: 139558 ns
[2020-02-29T05:30:19.257+0000][1][safepoint    ] Safepoint "Cleanup", Time since last: 1000460163 ns, Reaching safepoint: 94896 ns, At safepoint: 9930 ns, Total: 104826 ns
[2020-02-29T05:30:20.260+0000][1][safepoint    ] Safepoint "Cleanup", Time since last: 1002522096 ns, Reaching safepoint: 70429 ns, At safepoint: 9417 ns, Total: 79846 ns
[2020-02-29T05:30:20.778+0000][1][safepoint    ] Safepoint "RevokeBias", Time since last: 517986477 ns, Reaching safepoint: 89356 ns, At safepoint: 21483 ns, Total: 110839 ns
[2020-02-29T05:30:21.788+0000][1][safepoint    ] Safepoint "Cleanup", Time since last: 1009793672 ns, Reaching safepoint: 72854 ns, At safepoint: 10403 ns, Total: 83257 ns
[2020-02-29T05:30:22.789+0000][1][safepoint    ] Safepoint "Cleanup", Time since last: 1000678308 ns, Reaching safepoint: 97123 ns, At safepoint: 10977 ns, Total: 108100 ns
[2020-02-29T05:30:23.294+0000][1][safepoint    ] Safepoint "RevokeBias", Time since last: 505503232 ns, Reaching safepoint: 63806 ns, At safepoint: 18880 ns, Total: 82686 ns
[2020-02-29T05:30:24.296+0000][1][safepoint    ] Safepoint "Cleanup", Time since last: 1001672297 ns, Reaching safepoint: 70925 ns, At safepoint: 8484 ns, Total: 79409 ns
[2020-02-29T05:30:25.298+0000][1][safepoint    ] Safepoint "Cleanup", Time since last: 1002111809 ns, Reaching safepoint: 70519 ns, At safepoint: 8411 ns, Total: 78930 ns
[2020-02-29T05:30:25.812+0000][1][safepoint    ] Safepoint "RevokeBias", Time since last: 513034183 ns, Reaching safepoint: 108111 ns, At safepoint: 24721 ns, Total: 132832 ns
[2020-02-29T05:30:26.859+0000][1][safepoint    ] Safepoint "Cleanup", Time since last: 1047489066 ns, Reaching safepoint: 92981 ns, At safepoint: 9748 ns, Total: 102729 ns
[2020-02-29T05:30:27.871+0000][1][safepoint    ] Safepoint "Cleanup", Time since last: 1011913847 ns, Reaching safepoint: 92732 ns, At safepoint: 9171 ns, Total: 101903 ns
[2020-02-29T05:30:28.332+0000][1][safepoint    ] Safepoint "RevokeBias", Time since last: 460315032 ns, Reaching safepoint: 64094 ns, At safepoint: 18920 ns, Total: 83014 ns
[2020-02-29T05:30:29.332+0000][1][safepoint    ] Safepoint "Cleanup", Time since last: 1000437836 ns, Reaching safepoint: 94702 ns, At safepoint: 9027 ns, Total: 103729 ns
[2020-02-29T05:30:30.340+0000][1][safepoint    ] Safepoint "Cleanup", Time since last: 1008009135 ns, Reaching safepoint: 70834 ns, At safepoint: 8415 ns, Total: 79249 ns
[2020-02-29T05:30:30.853+0000][1][safepoint    ] Safepoint "RevokeBias", Time since last: 512865424 ns, Reaching safepoint: 91776 ns, At safepoint: 21871 ns, Total: 113647 ns
[2020-02-29T05:30:31.861+0000][1][safepoint    ] Safepoint "Cleanup", Time since last: 1007272241 ns, Reaching safepoint: 69959 ns, At safepoint: 8677 ns, Total: 78636 ns
[2020-02-29T05:30:32.863+0000][1][safepoint    ] Safepoint "Cleanup", Time since last: 1002819785 ns, Reaching safepoint: 116805 ns, At safepoint: 12996 ns, Total: 129801 ns
[2020-02-29T05:30:33.372+0000][1][safepoint    ] Safepoint "RevokeBias", Time since last: 508124629 ns, Reaching safepoint: 90743 ns, At safepoint: 21057 ns, Total: 111800 ns
[2020-02-29T05:30:34.375+0000][1][safepoint    ] Safepoint "Cleanup", Time since last: 1003584876 ns, Reaching safepoint: 70111 ns, At safepoint: 8832 ns, Total: 78943 ns
[2020-02-29T05:30:35.379+0000][1][safepoint    ] Safepoint "Cleanup", Time since last: 1003728928 ns, Reaching safepoint: 70780 ns, At safepoint: 9299 ns, Total: 80079 ns
[2020-02-29T05:30:35.886+0000][1][safepoint    ] Safepoint "RevokeBias", Time since last: 506765443 ns, Reaching safepoint: 127804 ns, At safepoint: 24543 ns, Total: 152347 ns
[2020-02-29T05:30:36.886+0000][1][safepoint    ] Safepoint "Cleanup", Time since last: 1000225940 ns, Reaching safepoint: 94447 ns, At safepoint: 9479 ns, Total: 103926 ns
[2020-02-29T05:30:37.892+0000][1][safepoint    ] Safepoint "Cleanup", Time since last: 1005744580 ns, Reaching safepoint: 70744 ns, At safepoint: 8580 ns, Total: 79324 ns
[2020-02-29T05:30:38.407+0000][1][safepoint    ] Safepoint "RevokeBias", Time since last: 514496809 ns, Reaching safepoint: 89662 ns, At safepoint: 22007 ns, Total: 111669 ns
[2020-02-29T05:30:39.408+0000][1][safepoint    ] Safepoint "Cleanup", Time since last: 1001232387 ns, Reaching safepoint: 89870 ns, At safepoint: 8582 ns, Total: 98452 ns
[2020-02-29T05:30:40.412+0000][1][safepoint    ] Safepoint "Cleanup", Time since last: 1003250517 ns, Reaching safepoint: 92132 ns, At safepoint: 9467 ns, Total: 101599 ns
[2020-02-29T05:30:40.921+0000][1][safepoint    ] Safepoint "RevokeBias", Time since last: 509763987 ns, Reaching safepoint: 64087 ns, At safepoint: 38224 ns, Total: 102311 ns
[2020-02-29T05:30:41.922+0000][1][safepoint    ] Safepoint "Cleanup", Time since last: 1000742080 ns, Reaching safepoint: 93466 ns, At safepoint: 8886 ns, Total: 102352 ns
[2020-02-29T05:30:42.923+0000][1][safepoint    ] Safepoint "Cleanup", Time since last: 1000527708 ns, Reaching safepoint: 96284 ns, At safepoint: 10834 ns, Total: 107118 ns
[2020-02-29T05:30:43.443+0000][1][safepoint    ] Safepoint "RevokeBias", Time since last: 519619222 ns, Reaching safepoint: 93058 ns, At safepoint: 21665 ns, Total: 114723 ns
[2020-02-29T05:30:44.444+0000][1][safepoint    ] Safepoint "Cleanup", Time since last: 1000881158 ns, Reaching safepoint: 71382 ns, At safepoint: 8578 ns, Total: 79960 ns
[2020-02-29T05:30:45.455+0000][1][safepoint    ] Safepoint "Cleanup", Time since last: 1010980016 ns, Reaching safepoint: 110396 ns, At safepoint: 12810 ns, Total: 123206 ns
[2020-02-29T05:30:45.969+0000][1][safepoint    ] Safepoint "RevokeBias", Time since last: 513991713 ns, Reaching safepoint: 89261 ns, At safepoint: 21648 ns, Total: 110909 ns
[2020-02-29T05:30:46.976+0000][1][safepoint    ] Safepoint "Cleanup", Time since last: 1007566342 ns, Reaching safepoint: 69301 ns, At safepoint: 8641 ns, Total: 77942 ns
[2020-02-29T05:30:47.986+0000][1][safepoint    ] Safepoint "Cleanup", Time since last: 1009554417 ns, Reaching safepoint: 96582 ns, At safepoint: 8982 ns, Total: 105564 ns
[2020-02-29T05:30:48.486+0000][1][safepoint    ] Safepoint "RevokeBias", Time since last: 500095002 ns, Reaching safepoint: 62827 ns, At safepoint: 18085 ns, Total: 80912 ns
[2020-02-29T05:30:49.495+0000][1][safepoint    ] Safepoint "Cleanup", Time since last: 1009123007 ns, Reaching safepoint: 92887 ns, At safepoint: 9366 ns, Total: 102253 ns
[2020-02-29T05:30:50.498+0000][1][safepoint    ] Safepoint "Cleanup", Time since last: 1002854750 ns, Reaching safepoint: 70561 ns, At safepoint: 8610 ns, Total: 79171 ns
[2020-02-29T05:30:51.001+0000][1][safepoint    ] Safepoint "RevokeBias", Time since last: 502086305 ns, Reaching safepoint: 91440 ns, At safepoint: 22109 ns, Total: 113549 ns
[2020-02-29T05:30:52.005+0000][1][safepoint    ] Safepoint "Cleanup", Time since last: 1004630159 ns, Reaching safepoint: 92831 ns, At safepoint: 8987 ns, Total: 101818 ns
[2020-02-29T05:30:53.011+0000][1][safepoint    ] Safepoint "Cleanup", Time since last: 1005711425 ns, Reaching safepoint: 91865 ns, At safepoint: 9388 ns, Total: 101253 ns
[2020-02-29T05:30:53.510+0000][1][safepoint    ] Safepoint "BulkRevokeBias", Time since last: 498704118 ns, Reaching safepoint: 91161 ns, At safepoint: 328695 ns, Total: 419856 ns
[2020-02-29T05:30:54.515+0000][1][safepoint    ] Safepoint "Cleanup", Time since last: 1004568463 ns, Reaching safepoint: 92233 ns, At safepoint: 9551 ns, Total: 101784 ns
[2020-02-29T05:30:55.525+0000][1][safepoint    ] Safepoint "Cleanup", Time since last: 1009993951 ns, Reaching safepoint: 91902 ns, At safepoint: 8702 ns, Total: 100604 ns
[2020-02-29T05:30:56.021+0000][1][safepoint    ] Safepoint "RevokeBias", Time since last: 495990233 ns, Reaching safepoint: 123019 ns, At safepoint: 22710 ns, Total: 145729 ns
[2020-02-29T05:30:57.027+0000][1][safepoint    ] Safepoint "Cleanup", Time since last: 1005293708 ns, Reaching safepoint: 91636 ns, At safepoint: 9206 ns, Total: 100842 ns
[2020-02-29T05:30:58.031+0000][1][safepoint    ] Safepoint "Cleanup", Time since last: 1004819956 ns, Reaching safepoint: 70426 ns, At safepoint: 8527 ns, Total: 78953 ns
[2020-02-29T05:30:58.541+0000][1][safepoint    ] Safepoint "RevokeBias", Time since last: 509208246 ns, Reaching safepoint: 66218 ns, At safepoint: 19196 ns, Total: 85414 ns
[2020-02-29T05:30:59.550+0000][1][safepoint    ] Safepoint "Cleanup", Time since last: 1009179996 ns, Reaching safepoint: 129842 ns, At safepoint: 14738 ns, Total: 144580 ns
[2020-02-29T05:31:00.551+0000][1][safepoint    ] Safepoint "Cleanup", Time since last: 1000509645 ns, Reaching safepoint: 93451 ns, At safepoint: 9063 ns, Total: 102514 ns
[2020-02-29T05:31:01.063+0000][1][safepoint    ] Safepoint "RevokeBias", Time since last: 511772947 ns, Reaching safepoint: 108961 ns, At safepoint: 24641 ns, Total: 133602 ns
[2020-02-29T05:31:02.063+0000][1][safepoint    ] Safepoint "Cleanup", Time since last: 1000711883 ns, Reaching safepoint: 77899 ns, At safepoint: 9407 ns, Total: 87306 ns
[2020-02-29T05:31:03.064+0000][1][safepoint    ] Safepoint "Cleanup", Time since last: 1000263058 ns, Reaching safepoint: 96353 ns, At safepoint: 10394 ns, Total: 106747 ns
[2020-02-29T05:31:03.580+0000][1][safepoint    ] Safepoint "RevokeBias", Time since last: 516488592 ns, Reaching safepoint: 64516 ns, At safepoint: 18792 ns, Total: 83308 ns
[2020-02-29T05:31:04.588+0000][1][safepoint    ] Safepoint "Cleanup", Time since last: 1007809987 ns, Reaching safepoint: 70714 ns, At safepoint: 9018 ns, Total: 79732 ns
[2020-02-29T05:31:05.589+0000][1][safepoint    ] Safepoint "Cleanup", Time since last: 1000642384 ns, Reaching safepoint: 279723 ns, At safepoint: 42207 ns, Total: 321930 ns
[2020-02-29T05:31:06.106+0000][1][safepoint    ] Safepoint "RevokeBias", Time since last: 516098035 ns, Reaching safepoint: 138514 ns, At safepoint: 46226 ns, Total: 184740 ns
[2020-02-29T05:31:07.111+0000][1][safepoint    ] Safepoint "Cleanup", Time since last: 1005846829 ns, Reaching safepoint: 96969 ns, At safepoint: 13370 ns, Total: 110339 ns
[2020-02-29T05:31:08.119+0000][1][safepoint    ] Safepoint "Cleanup", Time since last: 1007001783 ns, Reaching safepoint: 96339 ns, At safepoint: 13905 ns, Total: 110244 ns
[2020-02-29T05:31:08.650+0000][1][safepoint    ] Safepoint "RevokeBias", Time since last: 531310444 ns, Reaching safepoint: 184541 ns, At safepoint: 36034 ns, Total: 220575 ns
[2020-02-29T05:31:09.653+0000][1][safepoint    ] Safepoint "Cleanup", Time since last: 1003122739 ns, Reaching safepoint: 116897 ns, At safepoint: 12958 ns, Total: 129855 ns
[2020-02-29T05:31:10.659+0000][1][safepoint    ] Safepoint "Cleanup", Time since last: 1005782234 ns, Reaching safepoint: 136533 ns, At safepoint: 14652 ns, Total: 151185 ns
[2020-02-29T05:31:11.167+0000][1][safepoint    ] Safepoint "RevokeBias", Time since last: 507681417 ns, Reaching safepoint: 133873 ns, At safepoint: 55989 ns, Total: 189862 ns
[2020-02-29T05:31:12.168+0000][1][safepoint    ] Safepoint "Cleanup", Time since last: 1000202492 ns, Reaching safepoint: 134971 ns, At safepoint: 14261 ns, Total: 149232 ns
[2020-02-29T05:31:13.169+0000][1][safepoint    ] Safepoint "Cleanup", Time since last: 1001590067 ns, Reaching safepoint: 96187 ns, At safepoint: 12837 ns, Total: 109024 ns
[2020-02-29T05:31:13.688+0000][1][safepoint    ] Safepoint "RevokeBias", Time since last: 518746104 ns, Reaching safepoint: 92727 ns, At safepoint: 21922 ns, Total: 114649 ns
[2020-02-29T05:31:14.696+0000][1][safepoint    ] Safepoint "Cleanup", Time since last: 1008125630 ns, Reaching safepoint: 137150 ns, At safepoint: 21678 ns, Total: 158828 ns
[2020-02-29T05:31:15.701+0000][1][safepoint    ] Safepoint "Cleanup", Time since last: 1004035291 ns, Reaching safepoint: 218814 ns, At safepoint: 20677 ns, Total: 239491 ns
[2020-02-29T05:31:16.206+0000][1][safepoint    ] Safepoint "RevokeBias", Time since last: 505743648 ns, Reaching safepoint: 89961 ns, At safepoint: 22900 ns, Total: 112861 ns
[2020-02-29T05:31:17.208+0000][1][safepoint    ] Safepoint "Cleanup", Time since last: 1001224435 ns, Reaching safepoint: 134087 ns, At safepoint: 14146 ns, Total: 148233 ns
[2020-02-29T05:31:18.217+0000][1][safepoint    ] Safepoint "Cleanup", Time since last: 1009384643 ns, Reaching safepoint: 93166 ns, At safepoint: 10101 ns, Total: 103267 ns
[2020-02-29T05:31:18.721+0000][1][safepoint    ] Safepoint "RevokeBias", Time since last: 503429933 ns, Reaching safepoint: 91292 ns, At safepoint: 20858 ns, Total: 112150 ns
[2020-02-29T05:31:19.722+0000][1][safepoint    ] Safepoint "Cleanup", Time since last: 1001036410 ns, Reaching safepoint: 70027 ns, At safepoint: 8504 ns, Total: 78531 ns
[2020-02-29T05:31:20.732+0000][1][safepoint    ] Safepoint "Cleanup", Time since last: 1010092725 ns, Reaching safepoint: 116625 ns, At safepoint: 13541 ns, Total: 130166 ns
[2020-02-29T05:31:21.240+0000][1][safepoint    ] Safepoint "RevokeBias", Time since last: 507524689 ns, Reaching safepoint: 229500 ns, At safepoint: 174349 ns, Total: 403849 ns
[2020-02-29T05:31:22.242+0000][1][safepoint    ] Safepoint "Cleanup", Time since last: 1001860431 ns, Reaching safepoint: 164261 ns, At safepoint: 14131 ns, Total: 178392 ns
[2020-02-29T05:31:23.251+0000][1][safepoint    ] Safepoint "Cleanup", Time since last: 1008487329 ns, Reaching safepoint: 233587 ns, At safepoint: 24535 ns, Total: 258122 ns
[2020-02-29T05:31:23.764+0000][1][safepoint    ] Safepoint "RevokeBias", Time since last: 512724370 ns, Reaching safepoint: 202339 ns, At safepoint: 59091 ns, Total: 261430 ns
[2020-02-29T05:31:24.769+0000][1][safepoint    ] Safepoint "Cleanup", Time since last: 1004427102 ns, Reaching safepoint: 206648 ns, At safepoint: 19477 ns, Total: 226125 ns
[2020-02-29T05:31:25.770+0000][1][safepoint    ] Safepoint "Cleanup", Time since last: 1000857529 ns, Reaching safepoint: 68715 ns, At safepoint: 7247 ns, Total: 75962 ns
[2020-02-29T05:31:26.284+0000][1][safepoint    ] Safepoint "RevokeBias", Time since last: 514615166 ns, Reaching safepoint: 190304 ns, At safepoint: 46431 ns, Total: 236735 ns
[2020-02-29T05:31:27.290+0000][1][safepoint    ] Safepoint "Cleanup", Time since last: 1005933039 ns, Reaching safepoint: 97226 ns, At safepoint: 13187 ns, Total: 110413 ns
[2020-02-29T05:31:28.299+0000][1][safepoint    ] Safepoint "Cleanup", Time since last: 1008717377 ns, Reaching safepoint: 105218 ns, At safepoint: 14205 ns, Total: 119423 ns
[2020-02-29T05:31:28.800+0000][1][safepoint    ] Safepoint "RevokeBias", Time since last: 500375430 ns, Reaching safepoint: 132470 ns, At safepoint: 103032 ns, Total: 235502 ns
[2020-02-29T05:31:29.810+0000][1][safepoint    ] Safepoint "Cleanup", Time since last: 1010054785 ns, Reaching safepoint: 72955 ns, At safepoint: 9747 ns, Total: 82702 ns
[2020-02-29T05:31:30.811+0000][1][safepoint    ] Safepoint "Cleanup", Time since last: 1001058376 ns, Reaching safepoint: 118085 ns, At safepoint: 13633 ns, Total: 131718 ns
[2020-02-29T05:31:31.326+0000][1][safepoint    ] Safepoint "RevokeBias", Time since last: 514309219 ns, Reaching safepoint: 66029 ns, At safepoint: 20151 ns, Total: 86180 ns
[2020-02-29T05:31:32.338+0000][1][safepoint    ] Safepoint "Cleanup", Time since last: 1012787316 ns, Reaching safepoint: 70564 ns, At safepoint: 10057 ns, Total: 80621 ns
[2020-02-29T05:31:33.341+0000][1][safepoint    ] Safepoint "Cleanup", Time since last: 1002492606 ns, Reaching safepoint: 108061 ns, At safepoint: 10572 ns, Total: 118633 ns
[2020-02-29T05:31:33.862+0000][1][safepoint    ] Safepoint "RevokeBias", Time since last: 520651792 ns, Reaching safepoint: 133189 ns, At safepoint: 108909 ns, Total: 242098 ns
[2020-02-29T05:31:34.868+0000][1][safepoint    ] Safepoint "Cleanup", Time since last: 1005499082 ns, Reaching safepoint: 138034 ns, At safepoint: 22263 ns, Total: 160297 ns
[2020-02-29T05:31:35.870+0000][1][safepoint    ] Safepoint "Cleanup", Time since last: 1002571495 ns, Reaching safepoint: 135319 ns, At safepoint: 14227 ns, Total: 149546 ns
[2020-02-29T05:31:36.384+0000][1][safepoint    ] Safepoint "RevokeBias", Time since last: 513999808 ns, Reaching safepoint: 64948 ns, At safepoint: 19081 ns, Total: 84029 ns
[2020-02-29T05:31:37.395+0000][1][safepoint    ] Safepoint "Cleanup", Time since last: 1010728048 ns, Reaching safepoint: 96591 ns, At safepoint: 14072 ns, Total: 110663 ns
[2020-02-29T05:31:38.400+0000][1][safepoint    ] Safepoint "Cleanup", Time since last: 1004909780 ns, Reaching safepoint: 125312 ns, At safepoint: 12940 ns, Total: 138252 ns
[2020-02-29T05:31:38.904+0000][1][safepoint    ] Safepoint "RevokeBias", Time since last: 503574992 ns, Reaching safepoint: 285741 ns, At safepoint: 57855 ns, Total: 343596 ns
[2020-02-29T05:31:39.915+0000][1][safepoint    ] Safepoint "Cleanup", Time since last: 1010834328 ns, Reaching safepoint: 126794 ns, At safepoint: 14875 ns, Total: 141669 ns
[2020-02-29T05:31:40.923+0000][1][safepoint    ] Safepoint "Cleanup", Time since last: 1007826920 ns, Reaching safepoint: 115949 ns, At safepoint: 13481 ns, Total: 129430 ns
[2020-02-29T05:31:41.421+0000][1][safepoint    ] Safepoint "RevokeBias", Time since last: 497602564 ns, Reaching safepoint: 65206 ns, At safepoint: 39211 ns, Total: 104417 ns
[2020-02-29T05:31:42.424+0000][1][safepoint    ] Safepoint "Cleanup", Time since last: 1002726969 ns, Reaching safepoint: 122364 ns, At safepoint: 19379 ns, Total: 141743 ns
[2020-02-29T05:31:43.424+0000][1][safepoint    ] Safepoint "Cleanup", Time since last: 1000336299 ns, Reaching safepoint: 201342 ns, At safepoint: 21703 ns, Total: 223045 ns
[2020-02-29T05:31:43.959+0000][1][safepoint    ] Safepoint "RevokeBias", Time since last: 534501356 ns, Reaching safepoint: 136250 ns, At safepoint: 45910 ns, Total: 182160 ns
[2020-02-29T05:31:44.961+0000][1][safepoint    ] Safepoint "Cleanup", Time since last: 1001370605 ns, Reaching safepoint: 202156 ns, At safepoint: 22057 ns, Total: 224213 ns
[2020-02-29T05:31:45.964+0000][1][safepoint    ] Safepoint "Cleanup", Time since last: 1002957938 ns, Reaching safepoint: 93092 ns, At safepoint: 10845 ns, Total: 103937 ns
[2020-02-29T05:31:46.476+0000][1][safepoint    ] Safepoint "RevokeBias", Time since last: 511775203 ns, Reaching safepoint: 117995 ns, At safepoint: 24112 ns, Total: 142107 ns
[2020-02-29T05:31:47.485+0000][1][safepoint    ] Safepoint "Cleanup", Time since last: 1009791655 ns, Reaching safepoint: 133437 ns, At safepoint: 13112 ns, Total: 146549 ns
[2020-02-29T05:31:48.487+0000][1][safepoint    ] Safepoint "Cleanup", Time since last: 1000937690 ns, Reaching safepoint: 91000 ns, At safepoint: 8706 ns, Total: 99706 ns
[2020-02-29T05:31:48.992+0000][1][safepoint    ] Safepoint "RevokeBias", Time since last: 505575777 ns, Reaching safepoint: 109578 ns, At safepoint: 25142 ns, Total: 134720 ns
[2020-02-29T05:31:50.002+0000][1][safepoint    ] Safepoint "Cleanup", Time since last: 1009788275 ns, Reaching safepoint: 102556 ns, At safepoint: 13620 ns, Total: 116176 ns
[2020-02-29T05:31:51.002+0000][1][safepoint    ] Safepoint "Cleanup", Time since last: 1000113791 ns, Reaching safepoint: 132743 ns, At safepoint: 12751 ns, Total: 145494 ns
[2020-02-29T05:31:51.504+0000][1][safepoint    ] Safepoint "RevokeBias", Time since last: 501442249 ns, Reaching safepoint: 95787 ns, At safepoint: 22377 ns, Total: 118164 ns
[2020-02-29T05:31:52.510+0000][1][safepoint    ] Safepoint "Cleanup", Time since last: 1006268931 ns, Reaching safepoint: 200289 ns, At safepoint: 22009 ns, Total: 222298 ns
[2020-02-29T05:31:53.511+0000][1][safepoint    ] Safepoint "Cleanup", Time since last: 1000545079 ns, Reaching safepoint: 92989 ns, At safepoint: 9003 ns, Total: 101992 ns
[2020-02-29T05:31:54.029+0000][1][safepoint    ] Safepoint "RevokeBias", Time since last: 517644166 ns, Reaching safepoint: 117341 ns, At safepoint: 29090 ns, Total: 146431 ns
[2020-02-29T05:31:55.035+0000][1][safepoint    ] Safepoint "Cleanup", Time since last: 1005523882 ns, Reaching safepoint: 184605 ns, At safepoint: 20645 ns, Total: 205250 ns
[2020-02-29T05:31:56.550+0000][1][safepoint    ] Safepoint "RevokeBias", Time since last: 1515240171 ns, Reaching safepoint: 173547 ns, At safepoint: 51069 ns, Total: 224616 ns
[2020-02-29T05:31:57.561+0000][1][safepoint    ] Safepoint "Cleanup", Time since last: 1010987900 ns, Reaching safepoint: 202217 ns, At safepoint: 21956 ns, Total: 224173 ns
[2020-02-29T05:31:58.569+0000][1][safepoint    ] Safepoint "Cleanup", Time since last: 1007871690 ns, Reaching safepoint: 97600 ns, At safepoint: 14529 ns, Total: 112129 ns
[2020-02-29T05:31:59.087+0000][1][safepoint    ] Safepoint "RevokeBias", Time since last: 517234480 ns, Reaching safepoint: 146051 ns, At safepoint: 47714 ns, Total: 193765 ns
[2020-02-29T05:32:00.093+0000][1][safepoint    ] Safepoint "Cleanup", Time since last: 1006551241 ns, Reaching safepoint: 135898 ns, At safepoint: 14424 ns, Total: 150322 ns
[2020-02-29T05:32:01.094+0000][1][safepoint    ] Safepoint "Cleanup", Time since last: 1000752232 ns, Reaching safepoint: 95725 ns, At safepoint: 9636 ns, Total: 105361 ns
[2020-02-29T05:32:01.619+0000][1][safepoint    ] Safepoint "RevokeBias", Time since last: 524680764 ns, Reaching safepoint: 174020 ns, At safepoint: 48464 ns, Total: 222484 ns
[2020-02-29T05:32:02.627+0000][1][safepoint    ] Safepoint "Cleanup", Time since last: 1007298885 ns, Reaching safepoint: 133645 ns, At safepoint: 14315 ns, Total: 147960 ns
[2020-02-29T05:32:03.635+0000][1][safepoint    ] Safepoint "Cleanup", Time since last: 1008437561 ns, Reaching safepoint: 70656 ns, At safepoint: 9065 ns, Total: 79721 ns
[2020-02-29T05:32:04.141+0000][1][safepoint    ] Safepoint "RevokeBias", Time since last: 505389718 ns, Reaching safepoint: 65024 ns, At safepoint: 18046 ns, Total: 83070 ns
[2020-02-29T05:32:05.141+0000][1][safepoint    ] Safepoint "Cleanup", Time since last: 1000526663 ns, Reaching safepoint: 176807 ns, At safepoint: 20649 ns, Total: 197456 ns
[2020-02-29T05:32:06.147+0000][1][safepoint    ] Safepoint "Cleanup", Time since last: 1005437447 ns, Reaching safepoint: 347465 ns, At safepoint: 31482 ns, Total: 378947 ns
[2020-02-29T05:32:06.663+0000][1][safepoint    ] Safepoint "BulkRevokeBias", Time since last: 516029084 ns, Reaching safepoint: 103809 ns, At safepoint: 177185 ns, Total: 280994 ns
[2020-02-29T05:32:07.664+0000][1][safepoint    ] Safepoint "Cleanup", Time since last: 1000861667 ns, Reaching safepoint: 134760 ns, At safepoint: 15639 ns, Total: 150399 ns
[2020-02-29T05:32:08.666+0000][1][safepoint    ] Safepoint "Cleanup", Time since last: 1001666612 ns, Reaching safepoint: 70963 ns, At safepoint: 9515 ns, Total: 80478 ns
[2020-02-29T05:32:09.191+0000][1][safepoint    ] Safepoint "RevokeBias", Time since last: 524260038 ns, Reaching safepoint: 84336 ns, At safepoint: 23066 ns, Total: 107402 ns
[2020-02-29T05:32:10.195+0000][1][safepoint    ] Safepoint "Cleanup", Time since last: 1004483501 ns, Reaching safepoint: 87788 ns, At safepoint: 8941 ns, Total: 96729 ns
[2020-02-29T05:32:11.196+0000][1][safepoint    ] Safepoint "Cleanup", Time since last: 1000813592 ns, Reaching safepoint: 201566 ns, At safepoint: 21243 ns, Total: 222809 ns
[2020-02-29T05:32:11.715+0000][1][safepoint    ] Safepoint "RevokeBias", Time since last: 518311559 ns, Reaching safepoint: 91772 ns, At safepoint: 21185 ns, Total: 112957 ns
[2020-02-29T05:32:12.716+0000][1][safepoint    ] Safepoint "Cleanup", Time since last: 1000751747 ns, Reaching safepoint: 342883 ns, At safepoint: 42240 ns, Total: 385123 ns
[2020-02-29T05:32:13.725+0000][1][safepoint    ] Safepoint "Cleanup", Time since last: 1009619060 ns, Reaching safepoint: 107708 ns, At safepoint: 12881 ns, Total: 120589 ns
[2020-02-29T05:32:14.171+0000][1][gc,start     ] GC(50) Pause Young (Allocation Failure)
[2020-02-29T05:32:14.171+0000][1][gc,task      ] GC(50) Using 1 workers of 1 for evacuation
[2020-02-29T05:32:14.200+0000][1][gc,age       ] GC(50) Desired survivor size 4358144 bytes, new threshold 6 (max threshold 6)
[2020-02-29T05:32:14.200+0000][1][gc,age       ] GC(50) Age table with threshold 6 (max threshold 6)
[2020-02-29T05:32:14.200+0000][1][gc,age       ] GC(50) - age   1:      11496 bytes,      11496 total
[2020-02-29T05:32:14.200+0000][1][gc,age       ] GC(50) - age   2:       4136 bytes,      15632 total
[2020-02-29T05:32:14.200+0000][1][gc,age       ] GC(50) - age   3:       2360 bytes,      17992 total
[2020-02-29T05:32:14.200+0000][1][gc,age       ] GC(50) - age   4:       3736 bytes,      21728 total
[2020-02-29T05:32:14.200+0000][1][gc,age       ] GC(50) - age   5:       1528 bytes,      23256 total
[2020-02-29T05:32:14.200+0000][1][gc,age       ] GC(50) - age   6:        488 bytes,      23744 total
[2020-02-29T05:32:14.200+0000][1][gc,heap      ] GC(50) ParNew: 68218K->50K(76672K)
[2020-02-29T05:32:14.200+0000][1][gc,heap      ] GC(50) CMS: 62519K->62520K(963392K)
[2020-02-29T05:32:14.200+0000][1][gc,metaspace ] GC(50) Metaspace: 79471K->79471K(1122304K)
[2020-02-29T05:32:14.200+0000][1][gc           ] GC(50) Pause Young (Allocation Failure) 127M->61M(1015M) 29.586ms
[2020-02-29T05:32:14.200+0000][1][gc,cpu       ] GC(50) User=0.03s Sys=0.00s Real=0.03s
[2020-02-29T05:32:14.201+0000][1][safepoint    ] Safepoint "GenCollectForAllocation", Time since last: 445028033 ns, Reaching safepoint: 231614 ns, At safepoint: 29746533 ns, Total: 29978147 ns
[2020-02-29T05:32:14.232+0000][1][safepoint    ] Safepoint "RevokeBias", Time since last: 31377802 ns, Reaching safepoint: 188099 ns, At safepoint: 48004 ns, Total: 236103 ns
[2020-02-29T05:32:15.236+0000][1][safepoint    ] Safepoint "Cleanup", Time since last: 1003781016 ns, Reaching safepoint: 95264 ns, At safepoint: 9455 ns, Total: 104719 ns
[2020-02-29T05:32:16.241+0000][1][safepoint    ] Safepoint "Cleanup", Time since last: 1005181859 ns, Reaching safepoint: 95826 ns, At safepoint: 11251 ns, Total: 107077 ns
[2020-02-29T05:32:16.751+0000][1][safepoint    ] Safepoint "RevokeBias", Time since last: 509631339 ns, Reaching safepoint: 68131 ns, At safepoint: 19479 ns, Total: 87610 ns
[2020-02-29T05:32:17.758+0000][1][safepoint    ] Safepoint "Cleanup", Time since last: 1007297931 ns, Reaching safepoint: 71623 ns, At safepoint: 8328 ns, Total: 79951 ns
[2020-02-29T05:32:18.762+0000][1][safepoint    ] Safepoint "Cleanup", Time since last: 1003869203 ns, Reaching safepoint: 92291 ns, At safepoint: 9022 ns, Total: 101313 ns
[2020-02-29T05:32:19.275+0000][1][safepoint    ] Safepoint "RevokeBias", Time since last: 511806924 ns, Reaching safepoint: 344077 ns, At safepoint: 63013 ns, Total: 407090 ns
[2020-02-29T05:32:20.276+0000][1][safepoint    ] Safepoint "Cleanup", Time since last: 1001772175 ns, Reaching safepoint: 98438 ns, At safepoint: 13789 ns, Total: 112227 ns
[2020-02-29T05:32:21.278+0000][1][safepoint    ] Safepoint "Cleanup", Time since last: 1001652003 ns, Reaching safepoint: 239777 ns, At safepoint: 26588 ns, Total: 266365 ns
[2020-02-29T05:32:21.811+0000][1][safepoint    ] Safepoint "RevokeBias", Time since last: 532495915 ns, Reaching safepoint: 90034 ns, At safepoint: 21955 ns, Total: 111989 ns
[2020-02-29T05:32:22.813+0000][1][safepoint    ] Safepoint "Cleanup", Time since last: 1001536732 ns, Reaching safepoint: 74226 ns, At safepoint: 9026 ns, Total: 83252 ns
[2020-02-29T05:32:23.814+0000][1][safepoint    ] Safepoint "Cleanup", Time since last: 1001095332 ns, Reaching safepoint: 95605 ns, At safepoint: 12814 ns, Total: 108419 ns
[2020-02-29T05:32:24.337+0000][1][safepoint    ] Safepoint "RevokeBias", Time since last: 523050125 ns, Reaching safepoint: 187942 ns, At safepoint: 56633 ns, Total: 244575 ns
[2020-02-29T05:32:25.347+0000][1][safepoint    ] Safepoint "Cleanup", Time since last: 1009262088 ns, Reaching safepoint: 202498 ns, At safepoint: 22594 ns, Total: 225092 ns
[2020-02-29T05:32:26.347+0000][1][safepoint    ] Safepoint "Cleanup", Time since last: 1000344200 ns, Reaching safepoint: 74899 ns, At safepoint: 8836 ns, Total: 83735 ns
[2020-02-29T05:32:26.868+0000][1][safepoint    ] Safepoint "RevokeBias", Time since last: 521254574 ns, Reaching safepoint: 89648 ns, At safepoint: 21147 ns, Total: 110795 ns
[2020-02-29T05:32:27.869+0000][1][safepoint    ] Safepoint "Cleanup", Time since last: 1000814343 ns, Reaching safepoint: 136544 ns, At safepoint: 13363 ns, Total: 149907 ns
[2020-02-29T05:32:28.879+0000][1][safepoint    ] Safepoint "Cleanup", Time since last: 1009057093 ns, Reaching safepoint: 154800 ns, At safepoint: 13916 ns, Total: 168716 ns
[2020-02-29T05:32:29.392+0000][1][safepoint    ] Safepoint "RevokeBias", Time since last: 513216315 ns, Reaching safepoint: 255902 ns, At safepoint: 53569 ns, Total: 309471 ns
[2020-02-29T05:32:30.394+0000][1][safepoint    ] Safepoint "Cleanup", Time since last: 1001364565 ns, Reaching safepoint: 70599 ns, At safepoint: 9511 ns, Total: 80110 ns
[2020-02-29T05:32:31.395+0000][1][safepoint    ] Safepoint "Cleanup", Time since last: 1001729854 ns, Reaching safepoint: 142358 ns, At safepoint: 21249 ns, Total: 163607 ns
[2020-02-29T05:32:31.922+0000][1][safepoint    ] Safepoint "RevokeBias", Time since last: 526380213 ns, Reaching safepoint: 187101 ns, At safepoint: 36918 ns, Total: 224019 ns
[2020-02-29T05:32:32.923+0000][1][safepoint    ] Safepoint "Cleanup", Time since last: 1001166973 ns, Reaching safepoint: 72031 ns, At safepoint: 9140 ns, Total: 81171 ns
[2020-02-29T05:32:33.928+0000][1][safepoint    ] Safepoint "Cleanup", Time since last: 1004682492 ns, Reaching safepoint: 70166 ns, At safepoint: 9172 ns, Total: 79338 ns
[2020-02-29T05:32:34.447+0000][1][safepoint    ] Safepoint "RevokeBias", Time since last: 518618529 ns, Reaching safepoint: 90953 ns, At safepoint: 23533 ns, Total: 114486 ns
[2020-02-29T05:32:35.447+0000][1][safepoint    ] Safepoint "Cleanup", Time since last: 1000566549 ns, Reaching safepoint: 97090 ns, At safepoint: 13932 ns, Total: 111022 ns
[2020-02-29T05:32:36.450+0000][1][safepoint    ] Safepoint "Cleanup", Time since last: 1002494179 ns, Reaching safepoint: 71117 ns, At safepoint: 10219 ns, Total: 81336 ns
[2020-02-29T05:32:36.971+0000][1][safepoint    ] Safepoint "RevokeBias", Time since last: 520649032 ns, Reaching safepoint: 195346 ns, At safepoint: 39413 ns, Total: 234759 ns
[2020-02-29T05:32:37.972+0000][1][safepoint    ] Safepoint "Cleanup", Time since last: 1001184587 ns, Reaching safepoint: 132934 ns, At safepoint: 13252 ns, Total: 146186 ns
[2020-02-29T05:32:38.979+0000][1][safepoint    ] Safepoint "Cleanup", Time since last: 1007089814 ns, Reaching safepoint: 135423 ns, At safepoint: 14737 ns, Total: 150160 ns
[2020-02-29T05:32:39.489+0000][1][safepoint    ] Safepoint "RevokeBias", Time since last: 509051968 ns, Reaching safepoint: 242211 ns, At safepoint: 61128 ns, Total: 303339 ns
[2020-02-29T05:32:40.490+0000][1][safepoint    ] Safepoint "Cleanup", Time since last: 1001256246 ns, Reaching safepoint: 103875 ns, At safepoint: 8485 ns, Total: 112360 ns
[2020-02-29T05:32:41.500+0000][1][safepoint    ] Safepoint "Cleanup", Time since last: 1009149504 ns, Reaching safepoint: 151343 ns, At safepoint: 14174 ns, Total: 165517 ns
[2020-02-29T05:32:42.015+0000][1][safepoint    ] Safepoint "RevokeBias", Time since last: 515701759 ns, Reaching safepoint: 140781 ns, At safepoint: 22230 ns, Total: 163011 ns
[2020-02-29T05:32:43.017+0000][1][safepoint    ] Safepoint "Cleanup", Time since last: 1001663174 ns, Reaching safepoint: 129118 ns, At safepoint: 10769 ns, Total: 139887 ns
[2020-02-29T05:32:44.023+0000][1][safepoint    ] Safepoint "Cleanup", Time since last: 1005887226 ns, Reaching safepoint: 136329 ns, At safepoint: 21213 ns, Total: 157542 ns
[2020-02-29T05:32:44.538+0000][1][safepoint    ] Safepoint "RevokeBias", Time since last: 514782918 ns, Reaching safepoint: 207392 ns, At safepoint: 27782 ns, Total: 235174 ns
[2020-02-29T05:32:45.546+0000][1][safepoint    ] Safepoint "Cleanup", Time since last: 1008148227 ns, Reaching safepoint: 71434 ns, At safepoint: 9427 ns, Total: 80861 ns
[2020-02-29T05:32:46.551+0000][1][safepoint    ] Safepoint "Cleanup", Time since last: 1003840563 ns, Reaching safepoint: 143710 ns, At safepoint: 45065 ns, Total: 188775 ns
[2020-02-29T05:32:47.052+0000][1][safepoint    ] Safepoint "RevokeBias", Time since last: 501355646 ns, Reaching safepoint: 121548 ns, At safepoint: 23519 ns, Total: 145067 ns
[2020-02-29T05:32:48.054+0000][1][safepoint    ] Safepoint "Cleanup", Time since last: 1002136351 ns, Reaching safepoint: 71258 ns, At safepoint: 9613 ns, Total: 80871 ns
[2020-02-29T05:32:49.061+0000][1][safepoint    ] Safepoint "Cleanup", Time since last: 1006194920 ns, Reaching safepoint: 96625 ns, At safepoint: 13655 ns, Total: 110280 ns
[2020-02-29T05:32:49.575+0000][1][safepoint    ] Safepoint "RevokeBias", Time since last: 514249371 ns, Reaching safepoint: 133118 ns, At safepoint: 36494 ns, Total: 169612 ns
[2020-02-29T05:32:50.577+0000][1][safepoint    ] Safepoint "Cleanup", Time since last: 1001764129 ns, Reaching safepoint: 137295 ns, At safepoint: 19981 ns, Total: 157276 ns
[2020-02-29T05:32:51.585+0000][1][safepoint    ] Safepoint "Cleanup", Time since last: 1007562717 ns, Reaching safepoint: 69342 ns, At safepoint: 8487 ns, Total: 77829 ns
[2020-02-29T05:32:52.104+0000][1][safepoint    ] Safepoint "RevokeBias", Time since last: 519748520 ns, Reaching safepoint: 66676 ns, At safepoint: 19496 ns, Total: 86172 ns
[2020-02-29T05:32:53.106+0000][1][safepoint    ] Safepoint "Cleanup", Time since last: 1001045867 ns, Reaching safepoint: 132934 ns, At safepoint: 13638 ns, Total: 146572 ns
[2020-02-29T05:32:54.111+0000][1][safepoint    ] Safepoint "Cleanup", Time since last: 1005662793 ns, Reaching safepoint: 133438 ns, At safepoint: 13067 ns, Total: 146505 ns
[2020-02-29T05:32:54.632+0000][1][safepoint    ] Safepoint "RevokeBias", Time since last: 520739784 ns, Reaching safepoint: 136063 ns, At safepoint: 44745 ns, Total: 180808 ns
[2020-02-29T05:32:55.633+0000][1][safepoint    ] Safepoint "Cleanup", Time since last: 1000782642 ns, Reaching safepoint: 140719 ns, At safepoint: 20934 ns, Total: 161653 ns
[2020-02-29T05:32:56.639+0000][1][safepoint    ] Safepoint "Cleanup", Time since last: 1005719038 ns, Reaching safepoint: 90086 ns, At safepoint: 8838 ns, Total: 98924 ns
[2020-02-29T05:32:57.149+0000][1][safepoint    ] Safepoint "RevokeBias", Time since last: 509742482 ns, Reaching safepoint: 132036 ns, At safepoint: 40983 ns, Total: 173019 ns
[2020-02-29T05:32:58.153+0000][1][safepoint    ] Safepoint "Cleanup", Time since last: 1004219160 ns, Reaching safepoint: 133878 ns, At safepoint: 13862 ns, Total: 147740 ns
[2020-02-29T05:32:59.154+0000][1][safepoint    ] Safepoint "Cleanup", Time since last: 1000961122 ns, Reaching safepoint: 69441 ns, At safepoint: 7770 ns, Total: 77211 ns
[2020-02-29T05:32:59.669+0000][1][safepoint    ] Safepoint "RevokeBias", Time since last: 514168248 ns, Reaching safepoint: 90405 ns, At safepoint: 29425 ns, Total: 119830 ns
[2020-02-29T05:33:00.670+0000][1][safepoint    ] Safepoint "Cleanup", Time since last: 1001664746 ns, Reaching safepoint: 134245 ns, At safepoint: 14166 ns, Total: 148411 ns
[2020-02-29T05:33:01.676+0000][1][safepoint    ] Safepoint "Cleanup", Time since last: 1005712424 ns, Reaching safepoint: 131665 ns, At safepoint: 12680 ns, Total: 144345 ns
[2020-02-29T05:33:02.185+0000][1][safepoint    ] Safepoint "RevokeBias", Time since last: 508429428 ns, Reaching safepoint: 207431 ns, At safepoint: 51557 ns, Total: 258988 ns
[2020-02-29T05:33:03.188+0000][1][safepoint    ] Safepoint "Cleanup", Time since last: 1003195629 ns, Reaching safepoint: 93764 ns, At safepoint: 9661 ns, Total: 103425 ns
[2020-02-29T05:33:04.191+0000][1][safepoint    ] Safepoint "Cleanup", Time since last: 1002143986 ns, Reaching safepoint: 93007 ns, At safepoint: 9590 ns, Total: 102597 ns
[2020-02-29T05:33:04.706+0000][1][safepoint    ] Safepoint "RevokeBias", Time since last: 515129496 ns, Reaching safepoint: 90964 ns, At safepoint: 22820 ns, Total: 113784 ns
[2020-02-29T05:33:05.710+0000][1][safepoint    ] Safepoint "Cleanup", Time since last: 1004551826 ns, Reaching safepoint: 111384 ns, At safepoint: 13319 ns, Total: 124703 ns
[2020-02-29T05:33:06.712+0000][1][safepoint    ] Safepoint "Cleanup", Time since last: 1000973305 ns, Reaching safepoint: 117161 ns, At safepoint: 13230 ns, Total: 130391 ns
[2020-02-29T05:33:07.231+0000][1][safepoint    ] Safepoint "RevokeBias", Time since last: 519056067 ns, Reaching safepoint: 134275 ns, At safepoint: 33266 ns, Total: 167541 ns
[2020-02-29T05:33:08.240+0000][1][safepoint    ] Safepoint "Cleanup", Time since last: 1009279591 ns, Reaching safepoint: 127292 ns, At safepoint: 14817 ns, Total: 142109 ns
[2020-02-29T05:33:09.244+0000][1][safepoint    ] Safepoint "Cleanup", Time since last: 1003750028 ns, Reaching safepoint: 127763 ns, At safepoint: 14710 ns, Total: 142473 ns
[2020-02-29T05:33:09.756+0000][1][safepoint    ] Safepoint "RevokeBias", Time since last: 511427773 ns, Reaching safepoint: 133861 ns, At safepoint: 96532 ns, Total: 230393 ns
[2020-02-29T05:33:10.757+0000][1][safepoint    ] Safepoint "Cleanup", Time since last: 1001439469 ns, Reaching safepoint: 134030 ns, At safepoint: 14129 ns, Total: 148159 ns
[2020-02-29T05:33:11.768+0000][1][safepoint    ] Safepoint "Cleanup", Time since last: 1010238289 ns, Reaching safepoint: 204292 ns, At safepoint: 22250 ns, Total: 226542 ns
[2020-02-29T05:33:12.306+0000][1][safepoint    ] Safepoint "RevokeBias", Time since last: 531909231 ns, Reaching safepoint: 6449094 ns, At safepoint: 28379 ns, Total: 6477473 ns
[2020-02-29T05:33:13.310+0000][1][safepoint    ] Safepoint "Cleanup", Time since last: 1004163334 ns, Reaching safepoint: 70046 ns, At safepoint: 8637 ns, Total: 78683 ns
[2020-02-29T05:33:14.316+0000][1][safepoint    ] Safepoint "Cleanup", Time since last: 1005043743 ns, Reaching safepoint: 209276 ns, At safepoint: 17815 ns, Total: 227091 ns
[2020-02-29T05:33:14.812+0000][1][safepoint    ] Safepoint "RevokeBias", Time since last: 495700139 ns, Reaching safepoint: 184643 ns, At safepoint: 36014 ns, Total: 220657 ns
[2020-02-29T05:33:15.812+0000][1][safepoint    ] Safepoint "Cleanup", Time since last: 1000675884 ns, Reaching safepoint: 96350 ns, At safepoint: 13691 ns, Total: 110041 ns
[2020-02-29T05:33:16.814+0000][1][safepoint    ] Safepoint "Cleanup", Time since last: 1001090583 ns, Reaching safepoint: 69067 ns, At safepoint: 7017 ns, Total: 76084 ns
[2020-02-29T05:33:17.326+0000][1][safepoint    ] Safepoint "RevokeBias", Time since last: 511989991 ns, Reaching safepoint: 132436 ns, At safepoint: 32555 ns, Total: 164991 ns
[2020-02-29T05:33:18.333+0000][1][safepoint    ] Safepoint "Cleanup", Time since last: 1006853790 ns, Reaching safepoint: 70611 ns, At safepoint: 9128 ns, Total: 79739 ns
[2020-02-29T05:33:19.342+0000][1][safepoint    ] Safepoint "Cleanup", Time since last: 1009271951 ns, Reaching safepoint: 169609 ns, At safepoint: 17153 ns, Total: 186762 ns
[2020-02-29T05:33:19.849+0000][1][safepoint    ] Safepoint "BulkRevokeBias", Time since last: 506519227 ns, Reaching safepoint: 69098 ns, At safepoint: 173885 ns, Total: 242983 ns
[2020-02-29T05:33:20.859+0000][1][safepoint    ] Safepoint "Cleanup", Time since last: 1009594057 ns, Reaching safepoint: 96677 ns, At safepoint: 13296 ns, Total: 109973 ns
[2020-02-29T05:33:21.863+0000][1][safepoint    ] Safepoint "Cleanup", Time since last: 1004022069 ns, Reaching safepoint: 242090 ns, At safepoint: 40537 ns, Total: 282627 ns
[2020-02-29T05:33:22.373+0000][1][safepoint    ] Safepoint "RevokeBias", Time since last: 510148583 ns, Reaching safepoint: 94665 ns, At safepoint: 22429 ns, Total: 117094 ns
[2020-02-29T05:33:23.378+0000][1][safepoint    ] Safepoint "Cleanup", Time since last: 1004315995 ns, Reaching safepoint: 90184 ns, At safepoint: 7554 ns, Total: 97738 ns
[2020-02-29T05:33:24.381+0000][1][safepoint    ] Safepoint "Cleanup", Time since last: 1002767063 ns, Reaching safepoint: 174206 ns, At safepoint: 16607 ns, Total: 190813 ns
[2020-02-29T05:33:24.898+0000][1][safepoint    ] Safepoint "RevokeBias", Time since last: 516920785 ns, Reaching safepoint: 90935 ns, At safepoint: 22023 ns, Total: 112958 ns
[2020-02-29T05:33:25.903+0000][1][safepoint    ] Safepoint "Cleanup", Time since last: 1005731651 ns, Reaching safepoint: 99875 ns, At safepoint: 13252 ns, Total: 113127 ns
[2020-02-29T05:33:26.913+0000][1][safepoint    ] Safepoint "Cleanup", Time since last: 1009900019 ns, Reaching safepoint: 92574 ns, At safepoint: 12540 ns, Total: 105114 ns
[2020-02-29T05:33:27.422+0000][1][safepoint    ] Safepoint "RevokeBias", Time since last: 508403244 ns, Reaching safepoint: 124385 ns, At safepoint: 39667 ns, Total: 164052 ns
[2020-02-29T05:33:28.424+0000][1][safepoint    ] Safepoint "Cleanup", Time since last: 1002018998 ns, Reaching safepoint: 79790 ns, At safepoint: 7238 ns, Total: 87028 ns
[2020-02-29T05:33:29.425+0000][1][safepoint    ] Safepoint "Cleanup", Time since last: 1000505780 ns, Reaching safepoint: 196195 ns, At safepoint: 18380 ns, Total: 214575 ns
[2020-02-29T05:33:29.940+0000][1][safepoint    ] Safepoint "RevokeBias", Time since last: 514952458 ns, Reaching safepoint: 387254 ns, At safepoint: 65300 ns, Total: 452554 ns
[2020-02-29T05:33:30.943+0000][1][safepoint    ] Safepoint "Cleanup", Time since last: 1002263421 ns, Reaching safepoint: 71254 ns, At safepoint: 8474 ns, Total: 79728 ns
[2020-02-29T05:33:31.951+0000][1][safepoint    ] Safepoint "Cleanup", Time since last: 1007896994 ns, Reaching safepoint: 93521 ns, At safepoint: 9680 ns, Total: 103201 ns
[2020-02-29T05:33:32.466+0000][1][safepoint    ] Safepoint "RevokeBias", Time since last: 514588906 ns, Reaching safepoint: 631050 ns, At safepoint: 66883 ns, Total: 697933 ns
[2020-02-29T05:33:33.469+0000][1][safepoint    ] Safepoint "Cleanup", Time since last: 1003420534 ns, Reaching safepoint: 93979 ns, At safepoint: 9244 ns, Total: 103223 ns
[2020-02-29T05:33:34.476+0000][1][safepoint    ] Safepoint "Cleanup", Time since last: 1006747163 ns, Reaching safepoint: 93546 ns, At safepoint: 10000 ns, Total: 103546 ns
[2020-02-29T05:33:34.988+0000][1][safepoint    ] Safepoint "RevokeBias", Time since last: 511254270 ns, Reaching safepoint: 134201 ns, At safepoint: 74397 ns, Total: 208598 ns
[2020-02-29T05:33:35.992+0000][1][safepoint    ] Safepoint "Cleanup", Time since last: 1003777567 ns, Reaching safepoint: 94522 ns, At safepoint: 9236 ns, Total: 103758 ns
[2020-02-29T05:33:36.996+0000][1][safepoint    ] Safepoint "Cleanup", Time since last: 1004013619 ns, Reaching safepoint: 92905 ns, At safepoint: 8734 ns, Total: 101639 ns
[2020-02-29T05:33:37.520+0000][1][safepoint    ] Safepoint "RevokeBias", Time since last: 524250404 ns, Reaching safepoint: 137663 ns, At safepoint: 36982 ns, Total: 174645 ns
[2020-02-29T05:33:38.522+0000][1][safepoint    ] Safepoint "Cleanup", Time since last: 1002101669 ns, Reaching safepoint: 94373 ns, At safepoint: 9539 ns, Total: 103912 ns
[2020-02-29T05:33:39.524+0000][1][safepoint    ] Safepoint "Cleanup", Time since last: 1001677468 ns, Reaching safepoint: 112942 ns, At safepoint: 8251 ns, Total: 121193 ns
[2020-02-29T05:33:40.040+0000][1][safepoint    ] Safepoint "RevokeBias", Time since last: 516131235 ns, Reaching safepoint: 92615 ns, At safepoint: 56033 ns, Total: 148648 ns
[2020-02-29T05:33:41.045+0000][1][safepoint    ] Safepoint "Cleanup", Time since last: 1004606659 ns, Reaching safepoint: 130716 ns, At safepoint: 14152 ns, Total: 144868 ns
[2020-02-29T05:33:42.047+0000][1][safepoint    ] Safepoint "Cleanup", Time since last: 1001809313 ns, Reaching safepoint: 150014 ns, At safepoint: 13067 ns, Total: 163081 ns
[2020-02-29T05:33:42.576+0000][1][safepoint    ] Safepoint "RevokeBias", Time since last: 528988005 ns, Reaching safepoint: 89801 ns, At safepoint: 29318 ns, Total: 119119 ns
[2020-02-29T05:33:43.581+0000][1][safepoint    ] Safepoint "Cleanup", Time since last: 1004843551 ns, Reaching safepoint: 96586 ns, At safepoint: 13691 ns, Total: 110277 ns
[2020-02-29T05:33:44.583+0000][1][safepoint    ] Safepoint "Cleanup", Time since last: 1001311075 ns, Reaching safepoint: 171688 ns, At safepoint: 37925 ns, Total: 209613 ns
[2020-02-29T05:33:45.097+0000][1][safepoint    ] Safepoint "RevokeBias", Time since last: 514330118 ns, Reaching safepoint: 91517 ns, At safepoint: 22375 ns, Total: 113892 ns
[2020-02-29T05:33:46.098+0000][1][safepoint    ] Safepoint "Cleanup", Time since last: 1000415496 ns, Reaching safepoint: 200491 ns, At safepoint: 22801 ns, Total: 223292 ns
[2020-02-29T05:33:47.101+0000][1][safepoint    ] Safepoint "Cleanup", Time since last: 1002925009 ns, Reaching safepoint: 131680 ns, At safepoint: 11428 ns, Total: 143108 ns
[2020-02-29T05:33:47.624+0000][1][safepoint    ] Safepoint "RevokeBias", Time since last: 522559504 ns, Reaching safepoint: 90981 ns, At safepoint: 29497 ns, Total: 120478 ns
[2020-02-29T05:33:48.626+0000][1][safepoint    ] Safepoint "Cleanup", Time since last: 1002078034 ns, Reaching safepoint: 139614 ns, At safepoint: 20935 ns, Total: 160549 ns
[2020-02-29T05:33:49.631+0000][1][safepoint    ] Safepoint "Cleanup", Time since last: 1005490532 ns, Reaching safepoint: 138121 ns, At safepoint: 21412 ns, Total: 159533 ns
[2020-02-29T05:33:50.149+0000][1][safepoint    ] Safepoint "RevokeBias", Time since last: 517466193 ns, Reaching safepoint: 63277 ns, At safepoint: 19571 ns, Total: 82848 ns
[2020-02-29T05:33:51.150+0000][1][safepoint    ] Safepoint "Cleanup", Time since last: 1000427170 ns, Reaching safepoint: 132334 ns, At safepoint: 13760 ns, Total: 146094 ns
[2020-02-29T05:33:52.151+0000][1][safepoint    ] Safepoint "Cleanup", Time since last: 1001392114 ns, Reaching safepoint: 201117 ns, At safepoint: 21610 ns, Total: 222727 ns
[2020-02-29T05:33:52.676+0000][1][safepoint    ] Safepoint "RevokeBias", Time since last: 524414576 ns, Reaching safepoint: 93748 ns, At safepoint: 22651 ns, Total: 116399 ns
[2020-02-29T05:33:53.682+0000][1][safepoint    ] Safepoint "Cleanup", Time since last: 1005918991 ns, Reaching safepoint: 94328 ns, At safepoint: 8301 ns, Total: 102629 ns
[2020-02-29T05:33:54.684+0000][1][safepoint    ] Safepoint "Cleanup", Time since last: 1001748687 ns, Reaching safepoint: 90163 ns, At safepoint: 8860 ns, Total: 99023 ns
[2020-02-29T05:33:55.207+0000][1][safepoint    ] Safepoint "RevokeBias", Time since last: 523443570 ns, Reaching safepoint: 89709 ns, At safepoint: 21282 ns, Total: 110991 ns
[2020-02-29T05:33:56.927+0000][1][safepoint    ] Safepoint "Cleanup", Time since last: 1720204801 ns, Reaching safepoint: 67814 ns, At safepoint: 8747 ns, Total: 76561 ns
[2020-02-29T05:33:57.812+0000][1][safepoint    ] Safepoint "RevokeBias", Time since last: 884705101 ns, Reaching safepoint: 132321 ns, At safepoint: 35636 ns, Total: 167957 ns
[2020-02-29T05:33:58.813+0000][1][safepoint    ] Safepoint "Cleanup", Time since last: 1001073759 ns, Reaching safepoint: 91825 ns, At safepoint: 13075 ns, Total: 104900 ns
[2020-02-29T05:33:59.823+0000][1][safepoint    ] Safepoint "Cleanup", Time since last: 1008929308 ns, Reaching safepoint: 145554 ns, At safepoint: 14514 ns, Total: 160068 ns
[2020-02-29T05:34:00.338+0000][1][safepoint    ] Safepoint "RevokeBias", Time since last: 510092341 ns, Reaching safepoint: 5793163 ns, At safepoint: 46688 ns, Total: 5839851 ns
[2020-02-29T05:34:01.340+0000][1][safepoint    ] Safepoint "Cleanup", Time since last: 1001870210 ns, Reaching safepoint: 69137 ns, At safepoint: 9296 ns, Total: 78433 ns
[2020-02-29T05:34:02.342+0000][1][safepoint    ] Safepoint "Cleanup", Time since last: 1001775449 ns, Reaching safepoint: 127854 ns, At safepoint: 13083 ns, Total: 140937 ns
[2020-02-29T05:34:02.849+0000][1][safepoint    ] Safepoint "RevokeBias", Time since last: 506802533 ns, Reaching safepoint: 119217 ns, At safepoint: 22874 ns, Total: 142091 ns
[2020-02-29T05:34:03.858+0000][1][safepoint    ] Safepoint "Cleanup", Time since last: 1008145271 ns, Reaching safepoint: 117888 ns, At safepoint: 17681 ns, Total: 135569 ns
[2020-02-29T05:34:04.858+0000][1][safepoint    ] Safepoint "Cleanup", Time since last: 1000641189 ns, Reaching safepoint: 197767 ns, At safepoint: 24850 ns, Total: 222617 ns
[2020-02-29T05:34:05.368+0000][1][safepoint    ] Safepoint "RevokeBias", Time since last: 509329904 ns, Reaching safepoint: 63050 ns, At safepoint: 18418 ns, Total: 81468 ns
[2020-02-29T05:34:06.369+0000][1][safepoint    ] Safepoint "Cleanup", Time since last: 1000499874 ns, Reaching safepoint: 178619 ns, At safepoint: 19283 ns, Total: 197902 ns
[2020-02-29T05:34:07.377+0000][1][safepoint    ] Safepoint "Cleanup", Time since last: 1008441848 ns, Reaching safepoint: 156566 ns, At safepoint: 22301 ns, Total: 178867 ns
[2020-02-29T05:34:07.879+0000][1][safepoint    ] Safepoint "RevokeBias", Time since last: 501740849 ns, Reaching safepoint: 131623 ns, At safepoint: 32768 ns, Total: 164391 ns
[2020-02-29T05:34:08.880+0000][1][safepoint    ] Safepoint "Cleanup", Time since last: 1001151515 ns, Reaching safepoint: 94726 ns, At safepoint: 9346 ns, Total: 104072 ns
[2020-02-29T05:34:09.882+0000][1][safepoint    ] Safepoint "Cleanup", Time since last: 1000930174 ns, Reaching safepoint: 243108 ns, At safepoint: 23731 ns, Total: 266839 ns
[2020-02-29T05:34:10.409+0000][1][safepoint    ] Safepoint "RevokeBias", Time since last: 527205784 ns, Reaching safepoint: 92989 ns, At safepoint: 30928 ns, Total: 123917 ns
[2020-02-29T05:34:11.410+0000][1][safepoint    ] Safepoint "Cleanup", Time since last: 1001070046 ns, Reaching safepoint: 92348 ns, At safepoint: 13832 ns, Total: 106180 ns
[2020-02-29T05:34:12.417+0000][1][safepoint    ] Safepoint "Cleanup", Time since last: 1006325774 ns, Reaching safepoint: 135345 ns, At safepoint: 21028 ns, Total: 156373 ns
[2020-02-29T05:34:12.931+0000][1][safepoint    ] Safepoint "RevokeBias", Time since last: 514463863 ns, Reaching safepoint: 212367 ns, At safepoint: 55399 ns, Total: 267766 ns
[2020-02-29T05:34:13.937+0000][1][safepoint    ] Safepoint "Cleanup", Time since last: 1006025504 ns, Reaching safepoint: 157617 ns, At safepoint: 14910 ns, Total: 172527 ns
[2020-02-29T05:34:14.945+0000][1][safepoint    ] Safepoint "Cleanup", Time since last: 1007513488 ns, Reaching safepoint: 131740 ns, At safepoint: 14613 ns, Total: 146353 ns
[2020-02-29T05:34:15.450+0000][1][safepoint    ] Safepoint "RevokeBias", Time since last: 505130866 ns, Reaching safepoint: 145630 ns, At safepoint: 31702 ns, Total: 177332 ns
[2020-02-29T05:34:16.455+0000][1][safepoint    ] Safepoint "Cleanup", Time since last: 1004648973 ns, Reaching safepoint: 88927 ns, At safepoint: 9138 ns, Total: 98065 ns
[2020-02-29T05:34:17.465+0000][1][safepoint    ] Safepoint "Cleanup", Time since last: 1009915252 ns, Reaching safepoint: 92200 ns, At safepoint: 9765 ns, Total: 101965 ns
[2020-02-29T05:34:17.965+0000][1][safepoint    ] Safepoint "RevokeBias", Time since last: 499943543 ns, Reaching safepoint: 205253 ns, At safepoint: 50672 ns, Total: 255925 ns
[2020-02-29T05:34:18.971+0000][1][safepoint    ] Safepoint "Cleanup", Time since last: 1005529657 ns, Reaching safepoint: 131457 ns, At safepoint: 10864 ns, Total: 142321 ns
[2020-02-29T05:34:19.972+0000][1][safepoint    ] Safepoint "Cleanup", Time since last: 1000970351 ns, Reaching safepoint: 90580 ns, At safepoint: 10048 ns, Total: 100628 ns
[2020-02-29T05:34:20.484+0000][1][safepoint    ] Safepoint "RevokeBias", Time since last: 511825101 ns, Reaching safepoint: 202299 ns, At safepoint: 52224 ns, Total: 254523 ns
[2020-02-29T05:34:21.486+0000][1][safepoint    ] Safepoint "Cleanup", Time since last: 1001921321 ns, Reaching safepoint: 195774 ns, At safepoint: 21875 ns, Total: 217649 ns
[2020-02-29T05:34:22.490+0000][1][safepoint    ] Safepoint "Cleanup", Time since last: 1003674119 ns, Reaching safepoint: 91316 ns, At safepoint: 9455 ns, Total: 100771 ns
[2020-02-29T05:34:23.006+0000][1][safepoint    ] Safepoint "RevokeBias", Time since last: 515536875 ns, Reaching safepoint: 186728 ns, At safepoint: 48384 ns, Total: 235112 ns
[2020-02-29T05:34:24.008+0000][1][safepoint    ] Safepoint "Cleanup", Time since last: 1001649276 ns, Reaching safepoint: 88913 ns, At safepoint: 8807 ns, Total: 97720 ns
[2020-02-29T05:34:25.009+0000][1][safepoint    ] Safepoint "Cleanup", Time since last: 1000761942 ns, Reaching safepoint: 142008 ns, At safepoint: 13682 ns, Total: 155690 ns
[2020-02-29T05:34:25.523+0000][1][safepoint    ] Safepoint "RevokeBias", Time since last: 514641784 ns, Reaching safepoint: 197327 ns, At safepoint: 23767 ns, Total: 221094 ns
[2020-02-29T05:34:26.532+0000][1][safepoint    ] Safepoint "Cleanup", Time since last: 1008053925 ns, Reaching safepoint: 102722 ns, At safepoint: 13485 ns, Total: 116207 ns
[2020-02-29T05:34:27.533+0000][1][safepoint    ] Safepoint "Cleanup", Time since last: 1000806742 ns, Reaching safepoint: 107520 ns, At safepoint: 9415 ns, Total: 116935 ns
[2020-02-29T05:34:28.045+0000][1][safepoint    ] Safepoint "RevokeBias", Time since last: 512104325 ns, Reaching safepoint: 204238 ns, At safepoint: 66190 ns, Total: 270428 ns
[2020-02-29T05:34:29.048+0000][1][safepoint    ] Safepoint "Cleanup", Time since last: 1003353283 ns, Reaching safepoint: 68971 ns, At safepoint: 8390 ns, Total: 77361 ns
[2020-02-29T05:34:29.964+0000][1][gc,start     ] GC(51) Pause Young (Allocation Failure)
[2020-02-29T05:34:29.964+0000][1][gc,task      ] GC(51) Using 1 workers of 1 for evacuation
[2020-02-29T05:34:29.978+0000][1][gc,age       ] GC(51) Desired survivor size 4358144 bytes, new threshold 6 (max threshold 6)
[2020-02-29T05:34:29.978+0000][1][gc,age       ] GC(51) Age table with threshold 6 (max threshold 6)
[2020-02-29T05:34:29.978+0000][1][gc,age       ] GC(51) - age   1:      11240 bytes,      11240 total
[2020-02-29T05:34:29.978+0000][1][gc,age       ] GC(51) - age   2:        560 bytes,      11800 total
[2020-02-29T05:34:29.978+0000][1][gc,age       ] GC(51) - age   3:       4136 bytes,      15936 total
[2020-02-29T05:34:29.978+0000][1][gc,age       ] GC(51) - age   4:       2360 bytes,      18296 total
[2020-02-29T05:34:29.978+0000][1][gc,age       ] GC(51) - age   5:       3504 bytes,      21800 total
[2020-02-29T05:34:29.978+0000][1][gc,age       ] GC(51) - age   6:       1528 bytes,      23328 total
[2020-02-29T05:34:29.978+0000][1][gc,heap      ] GC(51) ParNew: 68210K->42K(76672K)
[2020-02-29T05:34:29.978+0000][1][gc,heap      ] GC(51) CMS: 62520K->62520K(963392K)
[2020-02-29T05:34:29.978+0000][1][gc,metaspace ] GC(51) Metaspace: 79482K->79482K(1122304K)
[2020-02-29T05:34:29.978+0000][1][gc           ] GC(51) Pause Young (Allocation Failure) 127M->61M(1015M) 14.088ms
[2020-02-29T05:34:29.979+0000][1][gc,cpu       ] GC(51) User=0.01s Sys=0.00s Real=0.02s
[2020-02-29T05:34:29.979+0000][1][safepoint    ] Safepoint "GenCollectForAllocation", Time since last: 916017116 ns, Reaching safepoint: 64094 ns, At safepoint: 14187056 ns, Total: 14251150 ns
[2020-02-29T05:34:30.562+0000][1][safepoint    ] Safepoint "RevokeBias", Time since last: 583409619 ns, Reaching safepoint: 180819 ns, At safepoint: 36455 ns, Total: 217274 ns
[2020-02-29T05:34:32.436+0000][1][safepoint    ] Safepoint "Cleanup", Time since last: 1874082657 ns, Reaching safepoint: 127549 ns, At safepoint: 13361 ns, Total: 140910 ns
[2020-02-29T05:34:33.080+0000][1][safepoint    ] Safepoint "BulkRevokeBias", Time since last: 642685861 ns, Reaching safepoint: 211151 ns, At safepoint: 777113 ns, Total: 988264 ns
[2020-02-29T05:34:34.084+0000][1][safepoint    ] Safepoint "Cleanup", Time since last: 1004225177 ns, Reaching safepoint: 89555 ns, At safepoint: 7611 ns, Total: 97166 ns
[2020-02-29T05:34:35.086+0000][1][safepoint    ] Safepoint "Cleanup", Time since last: 1001030199 ns, Reaching safepoint: 126692 ns, At safepoint: 11390 ns, Total: 138082 ns
[2020-02-29T05:34:35.594+0000][1][safepoint    ] Safepoint "RevokeBias", Time since last: 508229083 ns, Reaching safepoint: 102673 ns, At safepoint: 24029 ns, Total: 126702 ns
[2020-02-29T05:34:36.596+0000][1][safepoint    ] Safepoint "Cleanup", Time since last: 1002038843 ns, Reaching safepoint: 93373 ns, At safepoint: 10826 ns, Total: 104199 ns
[2020-02-29T05:34:37.607+0000][1][safepoint    ] Safepoint "Cleanup", Time since last: 1010915680 ns, Reaching safepoint: 130715 ns, At safepoint: 19233 ns, Total: 149948 ns
[2020-02-29T05:34:38.127+0000][1][safepoint    ] Safepoint "RevokeBias", Time since last: 519350971 ns, Reaching safepoint: 117355 ns, At safepoint: 28878 ns, Total: 146233 ns
[2020-02-29T05:34:39.135+0000][1][safepoint    ] Safepoint "Cleanup", Time since last: 1008619537 ns, Reaching safepoint: 70944 ns, At safepoint: 9039 ns, Total: 79983 ns
[2020-02-29T05:34:40.137+0000][1][safepoint    ] Safepoint "Cleanup", Time since last: 1000929021 ns, Reaching safepoint: 234913 ns, At safepoint: 22106 ns, Total: 257019 ns
[2020-02-29T05:34:40.651+0000][1][safepoint    ] Safepoint "RevokeBias", Time since last: 514283170 ns, Reaching safepoint: 128921 ns, At safepoint: 107580 ns, Total: 236501 ns
[2020-02-29T05:34:41.655+0000][1][safepoint    ] Safepoint "Cleanup", Time since last: 1004086648 ns, Reaching safepoint: 67584 ns, At safepoint: 9010 ns, Total: 76594 ns
[2020-02-29T05:34:42.656+0000][1][safepoint    ] Safepoint "Cleanup", Time since last: 1000845806 ns, Reaching safepoint: 93014 ns, At safepoint: 13299 ns, Total: 106313 ns
[2020-02-29T05:34:43.167+0000][1][safepoint    ] Safepoint "RevokeBias", Time since last: 510031969 ns, Reaching safepoint: 182396 ns, At safepoint: 112919 ns, Total: 295315 ns
[2020-02-29T05:34:44.167+0000][1][safepoint    ] Safepoint "Cleanup", Time since last: 1000733729 ns, Reaching safepoint: 131221 ns, At safepoint: 13403 ns, Total: 144624 ns
[2020-02-29T05:34:45.174+0000][1][safepoint    ] Safepoint "Cleanup", Time since last: 1006691513 ns, Reaching safepoint: 92560 ns, At safepoint: 14064 ns, Total: 106624 ns
[2020-02-29T05:34:45.690+0000][1][safepoint    ] Safepoint "RevokeBias", Time since last: 515889846 ns, Reaching safepoint: 85765 ns, At safepoint: 21024 ns, Total: 106789 ns
[2020-02-29T05:34:46.694+0000][1][safepoint    ] Safepoint "Cleanup", Time since last: 1003209015 ns, Reaching safepoint: 129306 ns, At safepoint: 14942 ns, Total: 144248 ns
[2020-02-29T05:34:47.694+0000][1][safepoint    ] Safepoint "Cleanup", Time since last: 1000508767 ns, Reaching safepoint: 128656 ns, At safepoint: 14007 ns, Total: 142663 ns
[2020-02-29T05:34:48.221+0000][1][safepoint    ] Safepoint "RevokeBias", Time since last: 527188900 ns, Reaching safepoint: 64189 ns, At safepoint: 19386 ns, Total: 83575 ns
[2020-02-29T05:34:49.232+0000][1][safepoint    ] Safepoint "Cleanup", Time since last: 1010040633 ns, Reaching safepoint: 136754 ns, At safepoint: 13772 ns, Total: 150526 ns
[2020-02-29T05:34:50.234+0000][1][safepoint    ] Safepoint "Cleanup", Time since last: 1001721034 ns, Reaching safepoint: 136909 ns, At safepoint: 15698 ns, Total: 152607 ns
[2020-02-29T05:34:50.751+0000][1][safepoint    ] Safepoint "RevokeBias", Time since last: 516934528 ns, Reaching safepoint: 87161 ns, At safepoint: 20770 ns, Total: 107931 ns
[2020-02-29T05:34:51.769+0000][1][safepoint    ] Safepoint "Cleanup", Time since last: 1018511946 ns, Reaching safepoint: 72057 ns, At safepoint: 8846 ns, Total: 80903 ns
[2020-02-29T05:34:52.770+0000][1][safepoint    ] Safepoint "Cleanup", Time since last: 1000694755 ns, Reaching safepoint: 192357 ns, At safepoint: 19060 ns, Total: 211417 ns
[2020-02-29T05:34:53.273+0000][1][safepoint    ] Safepoint "RevokeBias", Time since last: 502867838 ns, Reaching safepoint: 99957 ns, At safepoint: 21749 ns, Total: 121706 ns
[2020-02-29T05:34:54.281+0000][1][safepoint    ] Safepoint "Cleanup", Time since last: 1007647185 ns, Reaching safepoint: 125590 ns, At safepoint: 12082 ns, Total: 137672 ns
[2020-02-29T05:34:55.289+0000][1][safepoint    ] Safepoint "Cleanup", Time since last: 1008250566 ns, Reaching safepoint: 93826 ns, At safepoint: 12891 ns, Total: 106717 ns
[2020-02-29T05:34:55.801+0000][1][safepoint    ] Safepoint "RevokeBias", Time since last: 511375805 ns, Reaching safepoint: 65364 ns, At safepoint: 18906 ns, Total: 84270 ns
[2020-02-29T05:34:56.804+0000][1][safepoint    ] Safepoint "Cleanup", Time since last: 1003321218 ns, Reaching safepoint: 70244 ns, At safepoint: 9141 ns, Total: 79385 ns
[2020-02-29T05:34:57.823+0000][1][safepoint    ] Safepoint "Cleanup", Time since last: 1007584934 ns, Reaching safepoint: 10992950 ns, At safepoint: 20793 ns, Total: 11013743 ns
[2020-02-29T05:34:58.340+0000][1][safepoint    ] Safepoint "RevokeBias", Time since last: 517088406 ns, Reaching safepoint: 92370 ns, At safepoint: 22130 ns, Total: 114500 ns
[2020-02-29T05:34:59.348+0000][1][safepoint    ] Safepoint "Cleanup", Time since last: 1008096246 ns, Reaching safepoint: 130807 ns, At safepoint: 14797 ns, Total: 145604 ns
[2020-02-29T05:35:00.350+0000][1][safepoint    ] Safepoint "Cleanup", Time since last: 1002127634 ns, Reaching safepoint: 156377 ns, At safepoint: 14093 ns, Total: 170470 ns
[2020-02-29T05:35:00.860+0000][1][safepoint    ] Safepoint "RevokeBias", Time since last: 509833491 ns, Reaching safepoint: 87220 ns, At safepoint: 29047 ns, Total: 116267 ns
[2020-02-29T05:35:01.862+0000][1][safepoint    ] Safepoint "Cleanup", Time since last: 1001025392 ns, Reaching safepoint: 116928 ns, At safepoint: 12997 ns, Total: 129925 ns
[2020-02-29T05:35:02.866+0000][1][safepoint    ] Safepoint "Cleanup", Time since last: 1004819484 ns, Reaching safepoint: 91847 ns, At safepoint: 10104 ns, Total: 101951 ns
[2020-02-29T05:35:03.397+0000][1][safepoint    ] Safepoint "RevokeBias", Time since last: 530579500 ns, Reaching safepoint: 182899 ns, At safepoint: 34829 ns, Total: 217728 ns
[2020-02-29T05:35:04.398+0000][1][safepoint    ] Safepoint "Cleanup", Time since last: 1000170487 ns, Reaching safepoint: 117340 ns, At safepoint: 11232 ns, Total: 128572 ns
[2020-02-29T05:35:05.398+0000][1][safepoint    ] Safepoint "Cleanup", Time since last: 1000741545 ns, Reaching safepoint: 93500 ns, At safepoint: 13243 ns, Total: 106743 ns
[2020-02-29T05:35:05.919+0000][1][safepoint    ] Safepoint "RevokeBias", Time since last: 520502509 ns, Reaching safepoint: 140425 ns, At safepoint: 33178 ns, Total: 173603 ns
[2020-02-29T05:35:06.928+0000][1][safepoint    ] Safepoint "Cleanup", Time since last: 1008979809 ns, Reaching safepoint: 90208 ns, At safepoint: 16194 ns, Total: 106402 ns
[2020-02-29T05:35:07.931+0000][1][safepoint    ] Safepoint "Cleanup", Time since last: 1003017854 ns, Reaching safepoint: 70932 ns, At safepoint: 8584 ns, Total: 79516 ns
[2020-02-29T05:35:08.440+0000][1][safepoint    ] Safepoint "RevokeBias", Time since last: 508991649 ns, Reaching safepoint: 88348 ns, At safepoint: 21436 ns, Total: 109784 ns
[2020-02-29T05:35:09.441+0000][1][safepoint    ] Safepoint "Cleanup", Time since last: 1000770286 ns, Reaching safepoint: 70158 ns, At safepoint: 8539 ns, Total: 78697 ns
[2020-02-29T05:35:10.448+0000][1][safepoint    ] Safepoint "Cleanup", Time since last: 1007069775 ns, Reaching safepoint: 160934 ns, At safepoint: 13748 ns, Total: 174682 ns
[2020-02-29T05:35:10.963+0000][1][safepoint    ] Safepoint "RevokeBias", Time since last: 514160256 ns, Reaching safepoint: 139261 ns, At safepoint: 46087 ns, Total: 185348 ns
[2020-02-29T05:35:11.963+0000][1][safepoint    ] Safepoint "Cleanup", Time since last: 1000376763 ns, Reaching safepoint: 129788 ns, At safepoint: 16330 ns, Total: 146118 ns
[2020-02-29T05:35:12.968+0000][1][safepoint    ] Safepoint "Cleanup", Time since last: 1004849553 ns, Reaching safepoint: 89295 ns, At safepoint: 8790 ns, Total: 98085 ns
[2020-02-29T05:35:13.477+0000][1][safepoint    ] Safepoint "RevokeBias", Time since last: 508702143 ns, Reaching safepoint: 128662 ns, At safepoint: 33156 ns, Total: 161818 ns
[2020-02-29T05:35:14.479+0000][1][safepoint    ] Safepoint "Cleanup", Time since last: 1001332864 ns, Reaching safepoint: 93190 ns, At safepoint: 12563 ns, Total: 105753 ns
[2020-02-29T05:35:15.481+0000][1][safepoint    ] Safepoint "Cleanup", Time since last: 1001814019 ns, Reaching safepoint: 131238 ns, At safepoint: 14813 ns, Total: 146051 ns
[2020-02-29T05:35:16.009+0000][1][safepoint    ] Safepoint "RevokeBias", Time since last: 528397394 ns, Reaching safepoint: 89963 ns, At safepoint: 101016 ns, Total: 190979 ns
[2020-02-29T05:35:17.020+0000][1][safepoint    ] Safepoint "Cleanup", Time since last: 1010352965 ns, Reaching safepoint: 143135 ns, At safepoint: 25958 ns, Total: 169093 ns
[2020-02-29T05:35:18.021+0000][1][safepoint    ] Safepoint "Cleanup", Time since last: 1001467889 ns, Reaching safepoint: 65462 ns, At safepoint: 6983 ns, Total: 72445 ns
[2020-02-29T05:35:18.538+0000][1][safepoint    ] Safepoint "RevokeBias", Time since last: 510854577 ns, Reaching safepoint: 6102270 ns, At safepoint: 43461 ns, Total: 6145731 ns
[2020-02-29T05:35:19.548+0000][1][safepoint    ] Safepoint "Cleanup", Time since last: 1009334365 ns, Reaching safepoint: 171730 ns, At safepoint: 17652 ns, Total: 189382 ns
[2020-02-29T05:35:20.550+0000][1][safepoint    ] Safepoint "Cleanup", Time since last: 1002291902 ns, Reaching safepoint: 129835 ns, At safepoint: 12951 ns, Total: 142786 ns
[2020-02-29T05:35:21.058+0000][1][safepoint    ] Safepoint "RevokeBias", Time since last: 507481219 ns, Reaching safepoint: 86388 ns, At safepoint: 21809 ns, Total: 108197 ns
[2020-02-29T05:35:22.059+0000][1][safepoint    ] Safepoint "Cleanup", Time since last: 1001658150 ns, Reaching safepoint: 66063 ns, At safepoint: 8312 ns, Total: 74375 ns
[2020-02-29T05:35:23.064+0000][1][safepoint    ] Safepoint "Cleanup", Time since last: 1004096138 ns, Reaching safepoint: 67911 ns, At safepoint: 8858 ns, Total: 76769 ns
[2020-02-29T05:35:23.577+0000][1][safepoint    ] Safepoint "RevokeBias", Time since last: 513242358 ns, Reaching safepoint: 103176 ns, At safepoint: 40850 ns, Total: 144026 ns
[2020-02-29T05:35:24.584+0000][1][safepoint    ] Safepoint "Cleanup", Time since last: 1006473418 ns, Reaching safepoint: 94572 ns, At safepoint: 12124 ns, Total: 106696 ns
[2020-02-29T05:35:25.593+0000][1][safepoint    ] Safepoint "Cleanup", Time since last: 1009553062 ns, Reaching safepoint: 92361 ns, At safepoint: 9315 ns, Total: 101676 ns
[2020-02-29T05:35:26.100+0000][1][safepoint    ] Safepoint "RevokeBias", Time since last: 506399889 ns, Reaching safepoint: 62982 ns, At safepoint: 19318 ns, Total: 82300 ns
[2020-02-29T05:35:27.102+0000][1][safepoint    ] Safepoint "Cleanup", Time since last: 1001829846 ns, Reaching safepoint: 129434 ns, At safepoint: 14295 ns, Total: 143729 ns
[2020-02-29T05:35:28.103+0000][1][safepoint    ] Safepoint "Cleanup", Time since last: 1000815272 ns, Reaching safepoint: 129547 ns, At safepoint: 13834 ns, Total: 143381 ns
[2020-02-29T05:35:28.617+0000][1][safepoint    ] Safepoint "RevokeBias", Time since last: 513739230 ns, Reaching safepoint: 133731 ns, At safepoint: 45164 ns, Total: 178895 ns
[2020-02-29T05:35:29.621+0000][1][safepoint    ] Safepoint "Cleanup", Time since last: 1004178338 ns, Reaching safepoint: 193754 ns, At safepoint: 22371 ns, Total: 216125 ns
[2020-02-29T05:35:30.622+0000][1][safepoint    ] Safepoint "Cleanup", Time since last: 1001387060 ns, Reaching safepoint: 130746 ns, At safepoint: 13257 ns, Total: 144003 ns
[2020-02-29T05:35:31.135+0000][1][safepoint    ] Safepoint "RevokeBias", Time since last: 512280313 ns, Reaching safepoint: 62671 ns, At safepoint: 18861 ns, Total: 81532 ns
[2020-02-29T05:35:32.139+0000][1][safepoint    ] Safepoint "Cleanup", Time since last: 1004377674 ns, Reaching safepoint: 130859 ns, At safepoint: 13218 ns, Total: 144077 ns
[2020-02-29T05:35:33.140+0000][1][safepoint    ] Safepoint "Cleanup", Time since last: 1000905437 ns, Reaching safepoint: 90694 ns, At safepoint: 11210 ns, Total: 101904 ns
[2020-02-29T05:35:33.666+0000][1][safepoint    ] Safepoint "RevokeBias", Time since last: 525059631 ns, Reaching safepoint: 91279 ns, At safepoint: 28261 ns, Total: 119540 ns
[2020-02-29T05:35:34.674+0000][1][safepoint    ] Safepoint "Cleanup", Time since last: 1008355886 ns, Reaching safepoint: 129837 ns, At safepoint: 13587 ns, Total: 143424 ns
[2020-02-29T05:35:35.680+0000][1][safepoint    ] Safepoint "Cleanup", Time since last: 1005787396 ns, Reaching safepoint: 130218 ns, At safepoint: 20866 ns, Total: 151084 ns
[2020-02-29T05:35:36.183+0000][1][safepoint    ] Safepoint "RevokeBias", Time since last: 502888884 ns, Reaching safepoint: 107429 ns, At safepoint: 29691 ns, Total: 137120 ns
[2020-02-29T05:35:37.193+0000][1][safepoint    ] Safepoint "Cleanup", Time since last: 1009903252 ns, Reaching safepoint: 136741 ns, At safepoint: 14797 ns, Total: 151538 ns
[2020-02-29T05:35:38.195+0000][1][safepoint    ] Safepoint "Cleanup", Time since last: 1002320234 ns, Reaching safepoint: 88455 ns, At safepoint: 7330 ns, Total: 95785 ns
[2020-02-29T05:35:38.703+0000][1][safepoint    ] Safepoint "RevokeBias", Time since last: 507802067 ns, Reaching safepoint: 154223 ns, At safepoint: 44615 ns, Total: 198838 ns
[2020-02-29T05:35:39.708+0000][1][safepoint    ] Safepoint "Cleanup", Time since last: 1004843813 ns, Reaching safepoint: 112190 ns, At safepoint: 8748 ns, Total: 120938 ns
[2020-02-29T05:35:40.714+0000][1][safepoint    ] Safepoint "Cleanup", Time since last: 1005070709 ns, Reaching safepoint: 66509 ns, At safepoint: 8587 ns, Total: 75096 ns
[2020-02-29T05:35:41.229+0000][1][safepoint    ] Safepoint "RevokeBias", Time since last: 515059588 ns, Reaching safepoint: 102432 ns, At safepoint: 41409 ns, Total: 143841 ns
[2020-02-29T05:35:42.232+0000][1][safepoint    ] Safepoint "Cleanup", Time since last: 1003331285 ns, Reaching safepoint: 90497 ns, At safepoint: 9494 ns, Total: 99991 ns
[2020-02-29T05:35:43.235+0000][1][safepoint    ] Safepoint "Cleanup", Time since last: 1002236561 ns, Reaching safepoint: 129474 ns, At safepoint: 13555 ns, Total: 143029 ns
[2020-02-29T05:35:43.758+0000][1][safepoint    ] Safepoint "RevokeBias", Time since last: 523219976 ns, Reaching safepoint: 85657 ns, At safepoint: 21960 ns, Total: 107617 ns
[2020-02-29T05:35:44.761+0000][1][safepoint    ] Safepoint "Cleanup", Time since last: 1003162848 ns, Reaching safepoint: 94509 ns, At safepoint: 12644 ns, Total: 107153 ns
[2020-02-29T05:35:45.763+0000][1][safepoint    ] Safepoint "Cleanup", Time since last: 1001351073 ns, Reaching safepoint: 69538 ns, At safepoint: 9647 ns, Total: 79185 ns
[2020-02-29T05:35:46.280+0000][1][safepoint    ] Safepoint "BulkRevokeBias", Time since last: 516714012 ns, Reaching safepoint: 190145 ns, At safepoint: 354283 ns, Total: 544428 ns
[2020-02-29T05:35:47.282+0000][1][safepoint    ] Safepoint "Cleanup", Time since last: 1001597813 ns, Reaching safepoint: 66316 ns, At safepoint: 8376 ns, Total: 74692 ns
[2020-02-29T05:35:48.286+0000][1][safepoint    ] Safepoint "Cleanup", Time since last: 1004547309 ns, Reaching safepoint: 89404 ns, At safepoint: 11161 ns, Total: 100565 ns
[2020-02-29T05:35:48.802+0000][1][safepoint    ] Safepoint "RevokeBias", Time since last: 515259236 ns, Reaching safepoint: 158450 ns, At safepoint: 54930 ns, Total: 213380 ns
[2020-02-29T05:35:49.806+0000][1][safepoint    ] Safepoint "Cleanup", Time since last: 1004379271 ns, Reaching safepoint: 90426 ns, At safepoint: 8896 ns, Total: 99322 ns
[2020-02-29T05:35:50.807+0000][1][safepoint    ] Safepoint "Cleanup", Time since last: 1000935762 ns, Reaching safepoint: 130387 ns, At safepoint: 12969 ns, Total: 143356 ns
[2020-02-29T05:35:51.329+0000][1][safepoint    ] Safepoint "RevokeBias", Time since last: 521519607 ns, Reaching safepoint: 179102 ns, At safepoint: 35741 ns, Total: 214843 ns
[2020-02-29T05:35:52.331+0000][1][safepoint    ] Safepoint "Cleanup", Time since last: 1001587614 ns, Reaching safepoint: 68792 ns, At safepoint: 26809 ns, Total: 95601 ns
[2020-02-29T05:35:53.331+0000][1][safepoint    ] Safepoint "Cleanup", Time since last: 1000725069 ns, Reaching safepoint: 92837 ns, At safepoint: 12625 ns, Total: 105462 ns
[2020-02-29T05:35:53.846+0000][1][safepoint    ] Safepoint "RevokeBias", Time since last: 514388499 ns, Reaching safepoint: 88273 ns, At safepoint: 21281 ns, Total: 109554 ns
[2020-02-29T05:35:54.847+0000][1][safepoint    ] Safepoint "Cleanup", Time since last: 1000543606 ns, Reaching safepoint: 72012 ns, At safepoint: 9112 ns, Total: 81124 ns
[2020-02-29T05:35:55.848+0000][1][safepoint    ] Safepoint "Cleanup", Time since last: 1001370559 ns, Reaching safepoint: 129978 ns, At safepoint: 14225 ns, Total: 144203 ns
[2020-02-29T05:35:56.366+0000][1][safepoint    ] Safepoint "RevokeBias", Time since last: 517250275 ns, Reaching safepoint: 94702 ns, At safepoint: 28701 ns, Total: 123403 ns
[2020-02-29T05:35:57.371+0000][1][safepoint    ] Safepoint "Cleanup", Time since last: 1005510515 ns, Reaching safepoint: 133375 ns, At safepoint: 21601 ns, Total: 154976 ns
[2020-02-29T05:35:58.374+0000][1][safepoint    ] Safepoint "Cleanup", Time since last: 1003137053 ns, Reaching safepoint: 91017 ns, At safepoint: 9317 ns, Total: 100334 ns
[2020-02-29T05:35:58.888+0000][1][safepoint    ] Safepoint "RevokeBias", Time since last: 513526993 ns, Reaching safepoint: 331425 ns, At safepoint: 62146 ns, Total: 393571 ns
[2020-02-29T05:35:59.890+0000][1][safepoint    ] Safepoint "Cleanup", Time since last: 1001100357 ns, Reaching safepoint: 85017 ns, At safepoint: 8739 ns, Total: 93756 ns
[2020-02-29T05:36:00.890+0000][1][safepoint    ] Safepoint "Cleanup", Time since last: 1000750279 ns, Reaching safepoint: 89652 ns, At safepoint: 8897 ns, Total: 98549 ns
[2020-02-29T05:36:01.407+0000][1][safepoint    ] Safepoint "RevokeBias", Time since last: 516609758 ns, Reaching safepoint: 78737 ns, At safepoint: 22626 ns, Total: 101363 ns
[2020-02-29T05:36:02.412+0000][1][safepoint    ] Safepoint "Cleanup", Time since last: 1004636032 ns, Reaching safepoint: 131780 ns, At safepoint: 21277 ns, Total: 153057 ns
[2020-02-29T05:36:03.419+0000][1][safepoint    ] Safepoint "Cleanup", Time since last: 1006627302 ns, Reaching safepoint: 99235 ns, At safepoint: 13440 ns, Total: 112675 ns
[2020-02-29T05:36:03.933+0000][1][safepoint    ] Safepoint "RevokeBias", Time since last: 514151435 ns, Reaching safepoint: 244768 ns, At safepoint: 76567 ns, Total: 321335 ns
[2020-02-29T05:36:04.939+0000][1][safepoint    ] Safepoint "Cleanup", Time since last: 1006143841 ns, Reaching safepoint: 94304 ns, At safepoint: 13580 ns, Total: 107884 ns
[2020-02-29T05:36:05.940+0000][1][safepoint    ] Safepoint "Cleanup", Time since last: 1000829201 ns, Reaching safepoint: 68058 ns, At safepoint: 8225 ns, Total: 76283 ns
[2020-02-29T05:36:06.463+0000][1][safepoint    ] Safepoint "RevokeBias", Time since last: 522998951 ns, Reaching safepoint: 180914 ns, At safepoint: 37152 ns, Total: 218066 ns
[2020-02-29T05:36:07.468+0000][1][safepoint    ] Safepoint "Cleanup", Time since last: 1004438445 ns, Reaching safepoint: 92648 ns, At safepoint: 9412 ns, Total: 102060 ns
[2020-02-29T05:36:08.468+0000][1][safepoint    ] Safepoint "Cleanup", Time since last: 1000148414 ns, Reaching safepoint: 91577 ns, At safepoint: 9237 ns, Total: 100814 ns
[2020-02-29T05:36:08.983+0000][1][safepoint    ] Safepoint "RevokeBias", Time since last: 514726907 ns, Reaching safepoint: 184782 ns, At safepoint: 46167 ns, Total: 230949 ns
[2020-02-29T05:36:09.990+0000][1][safepoint    ] Safepoint "Cleanup", Time since last: 1006170091 ns, Reaching safepoint: 233417 ns, At safepoint: 22286 ns, Total: 255703 ns
[2020-02-29T05:36:10.994+0000][1][safepoint    ] Safepoint "Cleanup", Time since last: 1004508865 ns, Reaching safepoint: 73094 ns, At safepoint: 8981 ns, Total: 82075 ns
[2020-02-29T05:36:11.503+0000][1][safepoint    ] Safepoint "RevokeBias", Time since last: 508539962 ns, Reaching safepoint: 205292 ns, At safepoint: 102229 ns, Total: 307521 ns
[2020-02-29T05:36:12.505+0000][1][safepoint    ] Safepoint "Cleanup", Time since last: 1001312215 ns, Reaching safepoint: 127659 ns, At safepoint: 12137 ns, Total: 139796 ns
[2020-02-29T05:36:13.511+0000][1][safepoint    ] Safepoint "Cleanup", Time since last: 1005961321 ns, Reaching safepoint: 106055 ns, At safepoint: 11131 ns, Total: 117186 ns
[2020-02-29T05:36:14.026+0000][1][safepoint    ] Safepoint "RevokeBias", Time since last: 514758021 ns, Reaching safepoint: 144897 ns, At safepoint: 32316 ns, Total: 177213 ns
[2020-02-29T05:36:15.027+0000][1][safepoint    ] Safepoint "Cleanup", Time since last: 1001544536 ns, Reaching safepoint: 131929 ns, At safepoint: 14280 ns, Total: 146209 ns
[2020-02-29T05:36:16.032+0000][1][safepoint    ] Safepoint "Cleanup", Time since last: 1004989048 ns, Reaching safepoint: 87851 ns, At safepoint: 7244 ns, Total: 95095 ns
[2020-02-29T05:36:16.546+0000][1][safepoint    ] Safepoint "RevokeBias", Time since last: 513271764 ns, Reaching safepoint: 131438 ns, At safepoint: 33897 ns, Total: 165335 ns
[2020-02-29T05:36:17.550+0000][1][safepoint    ] Safepoint "Cleanup", Time since last: 1004363087 ns, Reaching safepoint: 130250 ns, At safepoint: 14391 ns, Total: 144641 ns
[2020-02-29T05:36:18.551+0000][1][safepoint    ] Safepoint "Cleanup", Time since last: 1000615459 ns, Reaching safepoint: 196467 ns, At safepoint: 24519 ns, Total: 220986 ns
[2020-02-29T05:36:19.063+0000][1][safepoint    ] Safepoint "RevokeBias", Time since last: 511824179 ns, Reaching safepoint: 128872 ns, At safepoint: 33149 ns, Total: 162021 ns
[2020-02-29T05:36:20.064+0000][1][safepoint    ] Safepoint "Cleanup", Time since last: 1000503376 ns, Reaching safepoint: 198969 ns, At safepoint: 23488 ns, Total: 222457 ns
[2020-02-29T05:36:21.066+0000][1][safepoint    ] Safepoint "Cleanup", Time since last: 1001490961 ns, Reaching safepoint: 88433 ns, At safepoint: 7201 ns, Total: 95634 ns
[2020-02-29T05:36:21.581+0000][1][safepoint    ] Safepoint "RevokeBias", Time since last: 514975144 ns, Reaching safepoint: 88954 ns, At safepoint: 76441 ns, Total: 165395 ns
[2020-02-29T05:36:22.584+0000][1][safepoint    ] Safepoint "Cleanup", Time since last: 1003810870 ns, Reaching safepoint: 94173 ns, At safepoint: 13496 ns, Total: 107669 ns
[2020-02-29T05:36:23.589+0000][1][safepoint    ] Safepoint "Cleanup", Time since last: 1004674399 ns, Reaching safepoint: 96430 ns, At safepoint: 12979 ns, Total: 109409 ns
[2020-02-29T05:36:24.112+0000][1][safepoint    ] Safepoint "RevokeBias", Time since last: 522595284 ns, Reaching safepoint: 87442 ns, At safepoint: 21521 ns, Total: 108963 ns
[2020-02-29T05:36:25.120+0000][1][safepoint    ] Safepoint "Cleanup", Time since last: 1008018366 ns, Reaching safepoint: 136149 ns, At safepoint: 14170 ns, Total: 150319 ns
[2020-02-29T05:36:26.128+0000][1][safepoint    ] Safepoint "Cleanup", Time since last: 1008008583 ns, Reaching safepoint: 123528 ns, At safepoint: 12809 ns, Total: 136337 ns
[2020-02-29T05:36:26.633+0000][1][safepoint    ] Safepoint "RevokeBias", Time since last: 505049025 ns, Reaching safepoint: 61448 ns, At safepoint: 19000 ns, Total: 80448 ns
[2020-02-29T05:36:27.643+0000][1][safepoint    ] Safepoint "Cleanup", Time since last: 1009828233 ns, Reaching safepoint: 207612 ns, At safepoint: 19636 ns, Total: 227248 ns
[2020-02-29T05:36:28.644+0000][1][safepoint    ] Safepoint "Cleanup", Time since last: 1000608760 ns, Reaching safepoint: 68906 ns, At safepoint: 8296 ns, Total: 77202 ns
[2020-02-29T05:36:29.160+0000][1][safepoint    ] Safepoint "RevokeBias", Time since last: 515984725 ns, Reaching safepoint: 89284 ns, At safepoint: 21763 ns, Total: 111047 ns
[2020-02-29T05:36:30.164+0000][1][safepoint    ] Safepoint "Cleanup", Time since last: 1003913577 ns, Reaching safepoint: 69023 ns, At safepoint: 8987 ns, Total: 78010 ns
[2020-02-29T05:36:31.166+0000][1][safepoint    ] Safepoint "Cleanup", Time since last: 1001919931 ns, Reaching safepoint: 91946 ns, At safepoint: 13007 ns, Total: 104953 ns
[2020-02-29T05:36:31.687+0000][1][safepoint    ] Safepoint "RevokeBias", Time since last: 520657523 ns, Reaching safepoint: 129504 ns, At safepoint: 33377 ns, Total: 162881 ns
[2020-02-29T05:36:32.692+0000][1][safepoint    ] Safepoint "Cleanup", Time since last: 1005116084 ns, Reaching safepoint: 65084 ns, At safepoint: 8817 ns, Total: 73901 ns
[2020-02-29T05:36:33.693+0000][1][safepoint    ] Safepoint "Cleanup", Time since last: 1000526071 ns, Reaching safepoint: 133392 ns, At safepoint: 12668 ns, Total: 146060 ns
[2020-02-29T05:36:34.214+0000][1][safepoint    ] Safepoint "RevokeBias", Time since last: 521442012 ns, Reaching safepoint: 61306 ns, At safepoint: 19116 ns, Total: 80422 ns
[2020-02-29T05:36:35.215+0000][1][safepoint    ] Safepoint "Cleanup", Time since last: 1000698822 ns, Reaching safepoint: 94163 ns, At safepoint: 11627 ns, Total: 105790 ns
[2020-02-29T05:36:36.219+0000][1][safepoint    ] Safepoint "Cleanup", Time since last: 1003184484 ns, Reaching safepoint: 192091 ns, At safepoint: 18309 ns, Total: 210400 ns
[2020-02-29T05:36:36.743+0000][1][safepoint    ] Safepoint "RevokeBias", Time since last: 524181756 ns, Reaching safepoint: 90865 ns, At safepoint: 78836 ns, Total: 169701 ns
[2020-02-29T05:36:37.744+0000][1][safepoint    ] Safepoint "Cleanup", Time since last: 1001189618 ns, Reaching safepoint: 130275 ns, At safepoint: 14137 ns, Total: 144412 ns
[2020-02-29T05:36:38.752+0000][1][safepoint    ] Safepoint "Cleanup", Time since last: 1007894660 ns, Reaching safepoint: 196782 ns, At safepoint: 22500 ns, Total: 219282 ns
[2020-02-29T05:36:39.271+0000][1][safepoint    ] Safepoint "RevokeBias", Time since last: 518546122 ns, Reaching safepoint: 88423 ns, At safepoint: 58637 ns, Total: 147060 ns
[2020-02-29T05:36:40.272+0000][1][safepoint    ] Safepoint "Cleanup", Time since last: 1000330240 ns, Reaching safepoint: 239356 ns, At safepoint: 23327 ns, Total: 262683 ns
[2020-02-29T05:36:41.277+0000][1][safepoint    ] Safepoint "Cleanup", Time since last: 1004694113 ns, Reaching safepoint: 93218 ns, At safepoint: 13052 ns, Total: 106270 ns
[2020-02-29T05:36:41.795+0000][1][safepoint    ] Safepoint "RevokeBias", Time since last: 518710566 ns, Reaching safepoint: 181707 ns, At safepoint: 66094 ns, Total: 247801 ns
[2020-02-29T05:36:42.796+0000][1][safepoint    ] Safepoint "Cleanup", Time since last: 1000840802 ns, Reaching safepoint: 129418 ns, At safepoint: 13643 ns, Total: 143061 ns
[2020-02-29T05:36:43.797+0000][1][safepoint    ] Safepoint "Cleanup", Time since last: 1000798639 ns, Reaching safepoint: 195104 ns, At safepoint: 24473 ns, Total: 219577 ns
[2020-02-29T05:36:44.322+0000][1][safepoint    ] Safepoint "RevokeBias", Time since last: 524087397 ns, Reaching safepoint: 87143 ns, At safepoint: 28021 ns, Total: 115164 ns
[2020-02-29T05:36:45.322+0000][1][safepoint    ] Safepoint "Cleanup", Time since last: 1000376318 ns, Reaching safepoint: 129827 ns, At safepoint: 16201 ns, Total: 146028 ns
[2020-02-29T05:36:46.328+0000][1][safepoint    ] Safepoint "Cleanup", Time since last: 1005714915 ns, Reaching safepoint: 90501 ns, At safepoint: 8877 ns, Total: 99378 ns
[2020-02-29T05:36:46.844+0000][1][safepoint    ] Safepoint "RevokeBias", Time since last: 515641192 ns, Reaching safepoint: 133876 ns, At safepoint: 48610 ns, Total: 182486 ns
[2020-02-29T05:36:47.851+0000][1][safepoint    ] Safepoint "Cleanup", Time since last: 1007332071 ns, Reaching safepoint: 92333 ns, At safepoint: 13569 ns, Total: 105902 ns
[2020-02-29T05:36:48.853+0000][1][safepoint    ] Safepoint "Cleanup", Time since last: 1001140811 ns, Reaching safepoint: 129991 ns, At safepoint: 13603 ns, Total: 143594 ns
[2020-02-29T05:36:49.373+0000][1][safepoint    ] Safepoint "RevokeBias", Time since last: 520091532 ns, Reaching safepoint: 161758 ns, At safepoint: 38547 ns, Total: 200305 ns
[2020-02-29T05:36:50.374+0000][1][safepoint    ] Safepoint "Cleanup", Time since last: 1000504247 ns, Reaching safepoint: 198817 ns, At safepoint: 74791 ns, Total: 273608 ns
[2020-02-29T05:36:50.757+0000][1][gc,start     ] GC(52) Pause Young (Allocation Failure)
[2020-02-29T05:36:50.757+0000][1][gc,task      ] GC(52) Using 1 workers of 1 for evacuation
[2020-02-29T05:36:50.782+0000][1][gc,age       ] GC(52) Desired survivor size 4358144 bytes, new threshold 6 (max threshold 6)
[2020-02-29T05:36:50.782+0000][1][gc,age       ] GC(52) Age table with threshold 6 (max threshold 6)
[2020-02-29T05:36:50.782+0000][1][gc,age       ] GC(52) - age   1:      10976 bytes,      10976 total
[2020-02-29T05:36:50.782+0000][1][gc,age       ] GC(52) - age   2:        472 bytes,      11448 total
[2020-02-29T05:36:50.782+0000][1][gc,age       ] GC(52) - age   3:        440 bytes,      11888 total
[2020-02-29T05:36:50.782+0000][1][gc,age       ] GC(52) - age   4:       4016 bytes,      15904 total
[2020-02-29T05:36:50.782+0000][1][gc,age       ] GC(52) - age   5:       2360 bytes,      18264 total
[2020-02-29T05:36:50.782+0000][1][gc,age       ] GC(52) - age   6:       3504 bytes,      21768 total
[2020-02-29T05:36:50.782+0000][1][gc,heap      ] GC(52) ParNew: 68202K->27K(76672K)
[2020-02-29T05:36:50.782+0000][1][gc,heap      ] GC(52) CMS: 62520K->62522K(963392K)
[2020-02-29T05:36:50.782+0000][1][gc,metaspace ] GC(52) Metaspace: 79496K->79496K(1122304K)
[2020-02-29T05:36:50.782+0000][1][gc           ] GC(52) Pause Young (Allocation Failure) 127M->61M(1015M) 25.110ms
[2020-02-29T05:36:50.782+0000][1][gc,cpu       ] GC(52) User=0.01s Sys=0.00s Real=0.02s
[2020-02-29T05:36:50.782+0000][1][safepoint    ] Safepoint "GenCollectForAllocation", Time since last: 383356274 ns, Reaching safepoint: 187111 ns, At safepoint: 25232937 ns, Total: 25420048 ns
[2020-02-29T05:36:51.784+0000][1][safepoint    ] Safepoint "Cleanup", Time since last: 1001247099 ns, Reaching safepoint: 188694 ns, At safepoint: 17014 ns, Total: 205708 ns
[2020-02-29T05:36:51.886+0000][1][safepoint    ] Safepoint "RevokeBias", Time since last: 101631327 ns, Reaching safepoint: 201304 ns, At safepoint: 51537 ns, Total: 252841 ns
[2020-02-29T05:36:52.888+0000][1][safepoint    ] Safepoint "Cleanup", Time since last: 1002172085 ns, Reaching safepoint: 66098 ns, At safepoint: 7096 ns, Total: 73194 ns
[2020-02-29T05:36:53.894+0000][1][safepoint    ] Safepoint "Cleanup", Time since last: 1006069298 ns, Reaching safepoint: 63058 ns, At safepoint: 7228 ns, Total: 70286 ns
[2020-02-29T05:36:54.412+0000][1][safepoint    ] Safepoint "RevokeBias", Time since last: 517762160 ns, Reaching safepoint: 87716 ns, At safepoint: 22069 ns, Total: 109785 ns
[2020-02-29T05:36:55.421+0000][1][safepoint    ] Safepoint "Cleanup", Time since last: 1008373954 ns, Reaching safepoint: 127235 ns, At safepoint: 10932 ns, Total: 138167 ns
[2020-02-29T05:36:56.426+0000][1][safepoint    ] Safepoint "Cleanup", Time since last: 1005647057 ns, Reaching safepoint: 90333 ns, At safepoint: 8977 ns, Total: 99310 ns
[2020-02-29T05:36:56.934+0000][1][safepoint    ] Safepoint "RevokeBias", Time since last: 507403287 ns, Reaching safepoint: 78848 ns, At safepoint: 19580 ns, Total: 98428 ns
[2020-02-29T05:36:57.939+0000][1][safepoint    ] Safepoint "Cleanup", Time since last: 1005186238 ns, Reaching safepoint: 69604 ns, At safepoint: 9902 ns, Total: 79506 ns
[2020-02-29T05:36:58.946+0000][1][safepoint    ] Safepoint "Cleanup", Time since last: 1006992636 ns, Reaching safepoint: 69737 ns, At safepoint: 9310 ns, Total: 79047 ns
[2020-02-29T05:36:59.469+0000][1][safepoint    ] Safepoint "BulkRevokeBias", Time since last: 522534106 ns, Reaching safepoint: 129154 ns, At safepoint: 402764 ns, Total: 531918 ns
[2020-02-29T05:37:00.478+0000][1][safepoint    ] Safepoint "Cleanup", Time since last: 1008319326 ns, Reaching safepoint: 144230 ns, At safepoint: 14204 ns, Total: 158434 ns
[2020-02-29T05:37:01.479+0000][1][safepoint    ] Safepoint "Cleanup", Time since last: 1001306864 ns, Reaching safepoint: 127446 ns, At safepoint: 14023 ns, Total: 141469 ns
[2020-02-29T05:37:01.989+0000][1][safepoint    ] Safepoint "RevokeBias", Time since last: 509549200 ns, Reaching safepoint: 136063 ns, At safepoint: 50814 ns, Total: 186877 ns
[2020-02-29T05:37:02.990+0000][1][safepoint    ] Safepoint "Cleanup", Time since last: 1001254636 ns, Reaching safepoint: 67547 ns, At safepoint: 9377 ns, Total: 76924 ns
[2020-02-29T05:37:04.000+0000][1][safepoint    ] Safepoint "Cleanup", Time since last: 1010086713 ns, Reaching safepoint: 127241 ns, At safepoint: 11109 ns, Total: 138350 ns
[2020-02-29T05:37:04.510+0000][1][safepoint    ] Safepoint "RevokeBias", Time since last: 509505404 ns, Reaching safepoint: 60572 ns, At safepoint: 19660 ns, Total: 80232 ns
[2020-02-29T05:37:05.511+0000][1][safepoint    ] Safepoint "Cleanup", Time since last: 1001259960 ns, Reaching safepoint: 112337 ns, At safepoint: 8698 ns, Total: 121035 ns
[2020-02-29T05:37:06.517+0000][1][safepoint    ] Safepoint "Cleanup", Time since last: 1005733670 ns, Reaching safepoint: 90076 ns, At safepoint: 8578 ns, Total: 98654 ns
[2020-02-29T05:37:07.033+0000][1][safepoint    ] Safepoint "RevokeBias", Time since last: 515104385 ns, Reaching safepoint: 182559 ns, At safepoint: 64421 ns, Total: 246980 ns
[2020-02-29T05:37:08.037+0000][1][safepoint    ] Safepoint "Cleanup", Time since last: 1004781045 ns, Reaching safepoint: 71537 ns, At safepoint: 9048 ns, Total: 80585 ns
[2020-02-29T05:37:09.048+0000][1][safepoint    ] Safepoint "Cleanup", Time since last: 1010031780 ns, Reaching safepoint: 156542 ns, At safepoint: 13776 ns, Total: 170318 ns
[2020-02-29T05:37:09.557+0000][1][safepoint    ] Safepoint "RevokeBias", Time since last: 509099879 ns, Reaching safepoint: 68713 ns, At safepoint: 20806 ns, Total: 89519 ns
[2020-02-29T05:37:10.560+0000][1][safepoint    ] Safepoint "Cleanup", Time since last: 1003463478 ns, Reaching safepoint: 69543 ns, At safepoint: 8477 ns, Total: 78020 ns
[2020-02-29T05:37:11.561+0000][1][safepoint    ] Safepoint "Cleanup", Time since last: 1000296571 ns, Reaching safepoint: 92760 ns, At safepoint: 11578 ns, Total: 104338 ns
[2020-02-29T05:37:12.083+0000][1][safepoint    ] Safepoint "RevokeBias", Time since last: 522116215 ns, Reaching safepoint: 119322 ns, At safepoint: 43537 ns, Total: 162859 ns
[2020-02-29T05:37:13.085+0000][1][safepoint    ] Safepoint "Cleanup", Time since last: 1002197217 ns, Reaching safepoint: 69215 ns, At safepoint: 8809 ns, Total: 78024 ns
[2020-02-29T05:37:14.090+0000][1][safepoint    ] Safepoint "Cleanup", Time since last: 1004977076 ns, Reaching safepoint: 130305 ns, At safepoint: 15484 ns, Total: 145789 ns
[2020-02-29T05:37:14.598+0000][1][safepoint    ] Safepoint "RevokeBias", Time since last: 507842451 ns, Reaching safepoint: 127961 ns, At safepoint: 24466 ns, Total: 152427 ns
[2020-02-29T05:37:15.600+0000][1][safepoint    ] Safepoint "Cleanup", Time since last: 1001894577 ns, Reaching safepoint: 139054 ns, At safepoint: 19074 ns, Total: 158128 ns
[2020-02-29T05:37:16.605+0000][1][safepoint    ] Safepoint "Cleanup", Time since last: 1004759389 ns, Reaching safepoint: 65369 ns, At safepoint: 7244 ns, Total: 72613 ns
[2020-02-29T05:37:17.110+0000][1][safepoint    ] Safepoint "RevokeBias", Time since last: 504447110 ns, Reaching safepoint: 130261 ns, At safepoint: 32961 ns, Total: 163222 ns
[2020-02-29T05:37:18.111+0000][1][safepoint    ] Safepoint "Cleanup", Time since last: 1000485786 ns, Reaching safepoint: 128744 ns, At safepoint: 13061 ns, Total: 141805 ns
[2020-02-29T05:37:19.114+0000][1][safepoint    ] Safepoint "Cleanup", Time since last: 1002946314 ns, Reaching safepoint: 130128 ns, At safepoint: 13989 ns, Total: 144117 ns
[2020-02-29T05:37:19.634+0000][1][safepoint    ] Safepoint "RevokeBias", Time since last: 520589232 ns, Reaching safepoint: 204186 ns, At safepoint: 48576 ns, Total: 252762 ns
[2020-02-29T05:37:20.644+0000][1][safepoint    ] Safepoint "Cleanup", Time since last: 1009822580 ns, Reaching safepoint: 109090 ns, At safepoint: 9070 ns, Total: 118160 ns
[2020-02-29T05:37:21.647+0000][1][safepoint    ] Safepoint "Cleanup", Time since last: 1002935298 ns, Reaching safepoint: 88435 ns, At safepoint: 8917 ns, Total: 97352 ns
[2020-02-29T05:37:22.162+0000][1][safepoint    ] Safepoint "RevokeBias", Time since last: 513804250 ns, Reaching safepoint: 201222 ns, At safepoint: 51245 ns, Total: 252467 ns
[2020-02-29T05:37:23.164+0000][1][safepoint    ] Safepoint "Cleanup", Time since last: 1001849207 ns, Reaching safepoint: 195758 ns, At safepoint: 23795 ns, Total: 219553 ns
[2020-02-29T05:37:24.165+0000][1][safepoint    ] Safepoint "Cleanup", Time since last: 1001404924 ns, Reaching safepoint: 88842 ns, At safepoint: 8162 ns, Total: 97004 ns
[2020-02-29T05:37:24.687+0000][1][safepoint    ] Safepoint "RevokeBias", Time since last: 522002132 ns, Reaching safepoint: 120876 ns, At safepoint: 23852 ns, Total: 144728 ns
[2020-02-29T05:37:25.688+0000][1][safepoint    ] Safepoint "Cleanup", Time since last: 1000629246 ns, Reaching safepoint: 195198 ns, At safepoint: 22721 ns, Total: 217919 ns
[2020-02-29T05:37:26.980+0000][1][safepoint    ] Safepoint "Cleanup", Time since last: 1291281145 ns, Reaching safepoint: 145940 ns, At safepoint: 13900 ns, Total: 159840 ns
[2020-02-29T05:37:27.215+0000][1][safepoint    ] Safepoint "RevokeBias", Time since last: 235379441 ns, Reaching safepoint: 138749 ns, At safepoint: 45648 ns, Total: 184397 ns
[2020-02-29T05:37:28.217+0000][1][safepoint    ] Safepoint "Cleanup", Time since last: 1002117497 ns, Reaching safepoint: 195926 ns, At safepoint: 21861 ns, Total: 217787 ns
[2020-02-29T05:37:29.226+0000][1][safepoint    ] Safepoint "Cleanup", Time since last: 1008771584 ns, Reaching safepoint: 68237 ns, At safepoint: 9626 ns, Total: 77863 ns
[2020-02-29T05:37:29.747+0000][1][safepoint    ] Safepoint "RevokeBias", Time since last: 521031701 ns, Reaching safepoint: 159756 ns, At safepoint: 23011 ns, Total: 182767 ns
[2020-02-29T05:37:30.748+0000][1][safepoint    ] Safepoint "Cleanup", Time since last: 1000513226 ns, Reaching safepoint: 180528 ns, At safepoint: 18909 ns, Total: 199437 ns
[2020-02-29T05:37:31.749+0000][1][safepoint    ] Safepoint "Cleanup", Time since last: 1000751716 ns, Reaching safepoint: 115914 ns, At safepoint: 13465 ns, Total: 129379 ns
[2020-02-29T05:37:32.272+0000][1][safepoint    ] Safepoint "RevokeBias", Time since last: 522695009 ns, Reaching safepoint: 85034 ns, At safepoint: 21306 ns, Total: 106340 ns
[2020-02-29T05:37:33.278+0000][1][safepoint    ] Safepoint "Cleanup", Time since last: 1006048922 ns, Reaching safepoint: 133796 ns, At safepoint: 21856 ns, Total: 155652 ns
[2020-02-29T05:37:34.280+0000][1][safepoint    ] Safepoint "Cleanup", Time since last: 1001387293 ns, Reaching safepoint: 93904 ns, At safepoint: 13406 ns, Total: 107310 ns
[2020-02-29T05:37:34.793+0000][1][safepoint    ] Safepoint "RevokeBias", Time since last: 512901849 ns, Reaching safepoint: 147747 ns, At safepoint: 24443 ns, Total: 172190 ns
[2020-02-29T05:37:35.797+0000][1][safepoint    ] Safepoint "Cleanup", Time since last: 1004515309 ns, Reaching safepoint: 230358 ns, At safepoint: 22361 ns, Total: 252719 ns
[2020-02-29T05:37:36.801+0000][1][safepoint    ] Safepoint "Cleanup", Time since last: 1003917726 ns, Reaching safepoint: 94554 ns, At safepoint: 13461 ns, Total: 108015 ns
[2020-02-29T05:37:37.304+0000][1][safepoint    ] Safepoint "RevokeBias", Time since last: 502540745 ns, Reaching safepoint: 88743 ns, At safepoint: 41366 ns, Total: 130109 ns
[2020-02-29T05:37:38.306+0000][1][safepoint    ] Safepoint "Cleanup", Time since last: 1001799755 ns, Reaching safepoint: 69108 ns, At safepoint: 8896 ns, Total: 78004 ns
[2020-02-29T05:37:39.309+0000][1][safepoint    ] Safepoint "Cleanup", Time since last: 1002504007 ns, Reaching safepoint: 90587 ns, At safepoint: 8967 ns, Total: 99554 ns
[2020-02-29T05:37:39.818+0000][1][safepoint    ] Safepoint "RevokeBias", Time since last: 509419892 ns, Reaching safepoint: 85664 ns, At safepoint: 21140 ns, Total: 106804 ns
[2020-02-29T05:37:40.819+0000][1][safepoint    ] Safepoint "Cleanup", Time since last: 1000307744 ns, Reaching safepoint: 198997 ns, At safepoint: 24087 ns, Total: 223084 ns
[2020-02-29T05:37:41.821+0000][1][safepoint    ] Safepoint "Cleanup", Time since last: 1002446346 ns, Reaching safepoint: 92193 ns, At safepoint: 12601 ns, Total: 104794 ns
[2020-02-29T05:37:42.335+0000][1][safepoint    ] Safepoint "RevokeBias", Time since last: 513528517 ns, Reaching safepoint: 207203 ns, At safepoint: 52191 ns, Total: 259394 ns
[2020-02-29T05:37:43.336+0000][1][safepoint    ] Safepoint "Cleanup", Time since last: 1001376835 ns, Reaching safepoint: 67945 ns, At safepoint: 9234 ns, Total: 77179 ns
[2020-02-29T05:37:44.337+0000][1][safepoint    ] Safepoint "Cleanup", Time since last: 1000791485 ns, Reaching safepoint: 67917 ns, At safepoint: 9176 ns, Total: 77093 ns
[2020-02-29T05:37:44.853+0000][1][safepoint    ] Safepoint "RevokeBias", Time since last: 515060128 ns, Reaching safepoint: 59526 ns, At safepoint: 18854 ns, Total: 78380 ns
[2020-02-29T05:37:45.853+0000][1][safepoint    ] Safepoint "Cleanup", Time since last: 1000563737 ns, Reaching safepoint: 92939 ns, At safepoint: 12990 ns, Total: 105929 ns
[2020-02-29T05:37:46.854+0000][1][safepoint    ] Safepoint "Cleanup", Time since last: 1001194717 ns, Reaching safepoint: 92996 ns, At safepoint: 12879 ns, Total: 105875 ns
[2020-02-29T05:37:47.374+0000][1][safepoint    ] Safepoint "RevokeBias", Time since last: 518903886 ns, Reaching safepoint: 200025 ns, At safepoint: 51543 ns, Total: 251568 ns
[2020-02-29T05:37:48.381+0000][1][safepoint    ] Safepoint "Cleanup", Time since last: 1007347639 ns, Reaching safepoint: 93863 ns, At safepoint: 14199 ns, Total: 108062 ns
[2020-02-29T05:37:49.382+0000][1][safepoint    ] Safepoint "Cleanup", Time since last: 1001290704 ns, Reaching safepoint: 97797 ns, At safepoint: 13806 ns, Total: 111603 ns
[2020-02-29T05:37:49.888+0000][1][safepoint    ] Safepoint "RevokeBias", Time since last: 505286213 ns, Reaching safepoint: 248666 ns, At safepoint: 61057 ns, Total: 309723 ns
[2020-02-29T05:37:50.889+0000][1][safepoint    ] Safepoint "Cleanup", Time since last: 1000260780 ns, Reaching safepoint: 206085 ns, At safepoint: 23368 ns, Total: 229453 ns
[2020-02-29T05:37:51.890+0000][1][safepoint    ] Safepoint "Cleanup", Time since last: 1000971749 ns, Reaching safepoint: 111224 ns, At safepoint: 10354 ns, Total: 121578 ns
[2020-02-29T05:37:52.413+0000][1][safepoint    ] Safepoint "RevokeBias", Time since last: 523607670 ns, Reaching safepoint: 87276 ns, At safepoint: 21662 ns, Total: 108938 ns
[2020-02-29T05:37:53.423+0000][1][safepoint    ] Safepoint "Cleanup", Time since last: 1009109386 ns, Reaching safepoint: 99515 ns, At safepoint: 13895 ns, Total: 113410 ns
[2020-02-29T05:37:54.432+0000][1][safepoint    ] Safepoint "Cleanup", Time since last: 1009743249 ns, Reaching safepoint: 91197 ns, At safepoint: 9517 ns, Total: 100714 ns
[2020-02-29T05:37:54.938+0000][1][safepoint    ] Safepoint "RevokeBias", Time since last: 505423529 ns, Reaching safepoint: 88673 ns, At safepoint: 22057 ns, Total: 110730 ns
[2020-02-29T05:37:55.939+0000][1][safepoint    ] Safepoint "Cleanup", Time since last: 1000483242 ns, Reaching safepoint: 188949 ns, At safepoint: 27651 ns, Total: 216600 ns
[2020-02-29T05:37:56.948+0000][1][safepoint    ] Safepoint "Cleanup", Time since last: 1009626770 ns, Reaching safepoint: 93833 ns, At safepoint: 13745 ns, Total: 107578 ns
[2020-02-29T05:37:57.462+0000][1][safepoint    ] Safepoint "RevokeBias", Time since last: 513962440 ns, Reaching safepoint: 89541 ns, At safepoint: 28020 ns, Total: 117561 ns
[2020-02-29T05:37:58.467+0000][1][safepoint    ] Safepoint "Cleanup", Time since last: 1004939476 ns, Reaching safepoint: 88831 ns, At safepoint: 8932 ns, Total: 97763 ns
[2020-02-29T05:37:59.470+0000][1][safepoint    ] Safepoint "Cleanup", Time since last: 1001721259 ns, Reaching safepoint: 274321 ns, At safepoint: 28029 ns, Total: 302350 ns
[2020-02-29T05:38:00.006+0000][1][safepoint    ] Safepoint "RevokeBias", Time since last: 531136171 ns, Reaching safepoint: 5122610 ns, At safepoint: 34683 ns, Total: 5157293 ns
[2020-02-29T05:38:01.006+0000][1][safepoint    ] Safepoint "Cleanup", Time since last: 1000218155 ns, Reaching safepoint: 195825 ns, At safepoint: 22753 ns, Total: 218578 ns
[2020-02-29T05:38:02.007+0000][1][safepoint    ] Safepoint "Cleanup", Time since last: 1000973437 ns, Reaching safepoint: 127802 ns, At safepoint: 11680 ns, Total: 139482 ns
[2020-02-29T05:38:02.523+0000][1][safepoint    ] Safepoint "RevokeBias", Time since last: 515251750 ns, Reaching safepoint: 129463 ns, At safepoint: 92265 ns, Total: 221728 ns
[2020-02-29T05:38:03.530+0000][1][safepoint    ] Safepoint "Cleanup", Time since last: 1007235350 ns, Reaching safepoint: 68972 ns, At safepoint: 9243 ns, Total: 78215 ns
[2020-02-29T05:38:04.539+0000][1][safepoint    ] Safepoint "Cleanup", Time since last: 1009232440 ns, Reaching safepoint: 91535 ns, At safepoint: 15173 ns, Total: 106708 ns
[2020-02-29T05:38:05.052+0000][1][safepoint    ] Safepoint "RevokeBias", Time since last: 512656913 ns, Reaching safepoint: 128575 ns, At safepoint: 47819 ns, Total: 176394 ns
[2020-02-29T05:38:06.053+0000][1][safepoint    ] Safepoint "Cleanup", Time since last: 1000373807 ns, Reaching safepoint: 200344 ns, At safepoint: 23312 ns, Total: 223656 ns
[2020-02-29T05:38:07.060+0000][1][safepoint    ] Safepoint "Cleanup", Time since last: 1006522354 ns, Reaching safepoint: 141084 ns, At safepoint: 21273 ns, Total: 162357 ns
[2020-02-29T05:38:07.575+0000][1][safepoint    ] Safepoint "RevokeBias", Time since last: 515272922 ns, Reaching safepoint: 128304 ns, At safepoint: 33466 ns, Total: 161770 ns
[2020-02-29T05:38:08.576+0000][1][safepoint    ] Safepoint "Cleanup", Time since last: 1001220777 ns, Reaching safepoint: 92442 ns, At safepoint: 12890 ns, Total: 105332 ns
[2020-02-29T05:38:09.582+0000][1][safepoint    ] Safepoint "Cleanup", Time since last: 1005661317 ns, Reaching safepoint: 68189 ns, At safepoint: 9937 ns, Total: 78126 ns
[2020-02-29T05:38:10.095+0000][1][safepoint    ] Safepoint "RevokeBias", Time since last: 512980038 ns, Reaching safepoint: 116384 ns, At safepoint: 24357 ns, Total: 140741 ns
[2020-02-29T05:38:11.096+0000][1][safepoint    ] Safepoint "Cleanup", Time since last: 1000209569 ns, Reaching safepoint: 274748 ns, At safepoint: 30888 ns, Total: 305636 ns
[2020-02-29T05:38:12.099+0000][1][safepoint    ] Safepoint "Cleanup", Time since last: 1002707833 ns, Reaching safepoint: 92697 ns, At safepoint: 11785 ns, Total: 104482 ns
[2020-02-29T05:38:12.626+0000][1][safepoint    ] Safepoint "BulkRevokeBias", Time since last: 527302447 ns, Reaching safepoint: 86767 ns, At safepoint: 307377 ns, Total: 394144 ns
[2020-02-29T05:38:13.632+0000][1][safepoint    ] Safepoint "Cleanup", Time since last: 1005273755 ns, Reaching safepoint: 84301 ns, At safepoint: 13931 ns, Total: 98232 ns
[2020-02-29T05:38:14.641+0000][1][safepoint    ] Safepoint "Cleanup", Time since last: 1009770194 ns, Reaching safepoint: 92379 ns, At safepoint: 13067 ns, Total: 105446 ns
[2020-02-29T05:38:15.157+0000][1][safepoint    ] Safepoint "RevokeBias", Time since last: 515788594 ns, Reaching safepoint: 158225 ns, At safepoint: 39438 ns, Total: 197663 ns
[2020-02-29T05:38:16.162+0000][1][safepoint    ] Safepoint "Cleanup", Time since last: 1004746467 ns, Reaching safepoint: 134878 ns, At safepoint: 21119 ns, Total: 155997 ns
[2020-02-29T05:38:17.164+0000][1][safepoint    ] Safepoint "Cleanup", Time since last: 1000999868 ns, Reaching safepoint: 131067 ns, At safepoint: 13270 ns, Total: 144337 ns
[2020-02-29T05:38:17.675+0000][1][safepoint    ] Safepoint "RevokeBias", Time since last: 511451755 ns, Reaching safepoint: 136104 ns, At safepoint: 44810 ns, Total: 180914 ns
[2020-02-29T05:38:18.680+0000][1][safepoint    ] Safepoint "Cleanup", Time since last: 1005016309 ns, Reaching safepoint: 92901 ns, At safepoint: 14619 ns, Total: 107520 ns
[2020-02-29T05:38:19.878+0000][1][safepoint    ] Safepoint "Cleanup", Time since last: 1197741951 ns, Reaching safepoint: 156262 ns, At safepoint: 13836 ns, Total: 170098 ns
[2020-02-29T05:38:20.196+0000][1][safepoint    ] Safepoint "RevokeBias", Time since last: 317578278 ns, Reaching safepoint: 91369 ns, At safepoint: 28479 ns, Total: 119848 ns
[2020-02-29T05:38:21.198+0000][1][safepoint    ] Safepoint "Cleanup", Time since last: 1001594216 ns, Reaching safepoint: 92663 ns, At safepoint: 13350 ns, Total: 106013 ns
[2020-02-29T05:38:22.206+0000][1][safepoint    ] Safepoint "Cleanup", Time since last: 1008680634 ns, Reaching safepoint: 107534 ns, At safepoint: 13484 ns, Total: 121018 ns
[2020-02-29T05:38:22.709+0000][1][safepoint    ] Safepoint "RevokeBias", Time since last: 502728183 ns, Reaching safepoint: 169547 ns, At safepoint: 43750 ns, Total: 213297 ns
[2020-02-29T05:38:23.712+0000][1][safepoint    ] Safepoint "Cleanup", Time since last: 1002784124 ns, Reaching safepoint: 68513 ns, At safepoint: 8573 ns, Total: 77086 ns
[2020-02-29T05:38:24.713+0000][1][safepoint    ] Safepoint "Cleanup", Time since last: 1000812024 ns, Reaching safepoint: 204104 ns, At safepoint: 24159 ns, Total: 228263 ns
[2020-02-29T05:38:25.232+0000][1][safepoint    ] Safepoint "RevokeBias", Time since last: 519020113 ns, Reaching safepoint: 104477 ns, At safepoint: 27643 ns, Total: 132120 ns
[2020-02-29T05:38:26.242+0000][1][safepoint    ] Safepoint "Cleanup", Time since last: 1009830361 ns, Reaching safepoint: 104481 ns, At safepoint: 10952 ns, Total: 115433 ns
[2020-02-29T05:38:27.244+0000][1][safepoint    ] Safepoint "Cleanup", Time since last: 1001958071 ns, Reaching safepoint: 85655 ns, At safepoint: 7341 ns, Total: 92996 ns
[2020-02-29T05:38:27.760+0000][1][safepoint    ] Safepoint "RevokeBias", Time since last: 511079463 ns, Reaching safepoint: 4709860 ns, At safepoint: 32794 ns, Total: 4742654 ns
[2020-02-29T05:38:28.763+0000][1][safepoint    ] Safepoint "Cleanup", Time since last: 1002884084 ns, Reaching safepoint: 73431 ns, At safepoint: 8026 ns, Total: 81457 ns
[2020-02-29T05:38:29.773+0000][1][safepoint    ] Safepoint "Cleanup", Time since last: 1009341468 ns, Reaching safepoint: 93212 ns, At safepoint: 13608 ns, Total: 106820 ns
[2020-02-29T05:38:30.283+0000][1][safepoint    ] Safepoint "RevokeBias", Time since last: 510224040 ns, Reaching safepoint: 86730 ns, At safepoint: 21293 ns, Total: 108023 ns
[2020-02-29T05:38:31.287+0000][1][safepoint    ] Safepoint "Cleanup", Time since last: 1004212353 ns, Reaching safepoint: 91036 ns, At safepoint: 13044 ns, Total: 104080 ns
[2020-02-29T05:38:32.289+0000][1][safepoint    ] Safepoint "Cleanup", Time since last: 1001878389 ns, Reaching safepoint: 90153 ns, At safepoint: 9331 ns, Total: 99484 ns
[2020-02-29T05:38:32.805+0000][1][safepoint    ] Safepoint "RevokeBias", Time since last: 515116541 ns, Reaching safepoint: 138462 ns, At safepoint: 32943 ns, Total: 171405 ns
[2020-02-29T05:38:33.807+0000][1][safepoint    ] Safepoint "Cleanup", Time since last: 1001932050 ns, Reaching safepoint: 240220 ns, At safepoint: 29202 ns, Total: 269422 ns
[2020-02-29T05:38:34.810+0000][1][safepoint    ] Safepoint "Cleanup", Time since last: 1002806127 ns, Reaching safepoint: 86704 ns, At safepoint: 8725 ns, Total: 95429 ns
[2020-02-29T05:38:35.319+0000][1][safepoint    ] Safepoint "RevokeBias", Time since last: 509741776 ns, Reaching safepoint: 88494 ns, At safepoint: 29752 ns, Total: 118246 ns
[2020-02-29T05:38:36.320+0000][1][safepoint    ] Safepoint "Cleanup", Time since last: 1000827330 ns, Reaching safepoint: 104953 ns, At safepoint: 13186 ns, Total: 118139 ns
[2020-02-29T05:38:37.325+0000][1][safepoint    ] Safepoint "Cleanup", Time since last: 1003994075 ns, Reaching safepoint: 130789 ns, At safepoint: 30360 ns, Total: 161149 ns
[2020-02-29T05:38:37.839+0000][1][safepoint    ] Safepoint "RevokeBias", Time since last: 514752692 ns, Reaching safepoint: 113107 ns, At safepoint: 25403 ns, Total: 138510 ns
[2020-02-29T05:38:38.840+0000][1][safepoint    ] Safepoint "Cleanup", Time since last: 1000634368 ns, Reaching safepoint: 130728 ns, At safepoint: 13613 ns, Total: 144341 ns
[2020-02-29T05:38:39.843+0000][1][safepoint    ] Safepoint "Cleanup", Time since last: 1002928635 ns, Reaching safepoint: 145436 ns, At safepoint: 14151 ns, Total: 159587 ns
[2020-02-29T05:38:40.362+0000][1][safepoint    ] Safepoint "RevokeBias", Time since last: 518605949 ns, Reaching safepoint: 102848 ns, At safepoint: 28086 ns, Total: 130934 ns
[2020-02-29T05:38:41.363+0000][1][safepoint    ] Safepoint "Cleanup", Time since last: 1001046590 ns, Reaching safepoint: 203362 ns, At safepoint: 21881 ns, Total: 225243 ns
[2020-02-29T05:38:42.364+0000][1][safepoint    ] Safepoint "Cleanup", Time since last: 1000368381 ns, Reaching safepoint: 197420 ns, At safepoint: 22912 ns, Total: 220332 ns
[2020-02-29T05:38:42.877+0000][1][safepoint    ] Safepoint "RevokeBias", Time since last: 513035329 ns, Reaching safepoint: 88693 ns, At safepoint: 21284 ns, Total: 109977 ns
[2020-02-29T05:38:43.887+0000][1][safepoint    ] Safepoint "Cleanup", Time since last: 1009357432 ns, Reaching safepoint: 124198 ns, At safepoint: 10694 ns, Total: 134892 ns
[2020-02-29T05:38:44.890+0000][1][safepoint    ] Safepoint "Cleanup", Time since last: 1003404231 ns, Reaching safepoint: 129893 ns, At safepoint: 13638 ns, Total: 143531 ns
[2020-02-29T05:38:45.395+0000][1][safepoint    ] Safepoint "RevokeBias", Time since last: 504622669 ns, Reaching safepoint: 115492 ns, At safepoint: 27411 ns, Total: 142903 ns
[2020-02-29T05:38:46.400+0000][1][safepoint    ] Safepoint "Cleanup", Time since last: 1005489738 ns, Reaching safepoint: 93616 ns, At safepoint: 13199 ns, Total: 106815 ns
[2020-02-29T05:38:47.402+0000][1][safepoint    ] Safepoint "Cleanup", Time since last: 1001174915 ns, Reaching safepoint: 91917 ns, At safepoint: 12904 ns, Total: 104821 ns
[2020-02-29T05:38:47.923+0000][1][safepoint    ] Safepoint "RevokeBias", Time since last: 520698763 ns, Reaching safepoint: 184617 ns, At safepoint: 38590 ns, Total: 223207 ns
[2020-02-29T05:38:48.927+0000][1][safepoint    ] Safepoint "Cleanup", Time since last: 1004587740 ns, Reaching safepoint: 172027 ns, At safepoint: 19597 ns, Total: 191624 ns
[2020-02-29T05:38:49.978+0000][1][safepoint    ] Safepoint "Cleanup", Time since last: 1050805376 ns, Reaching safepoint: 135188 ns, At safepoint: 13902 ns, Total: 149090 ns
[2020-02-29T05:38:50.470+0000][1][safepoint    ] Safepoint "RevokeBias", Time since last: 491499951 ns, Reaching safepoint: 131980 ns, At safepoint: 33239 ns, Total: 165219 ns
[2020-02-29T05:38:51.477+0000][1][safepoint    ] Safepoint "Cleanup", Time since last: 1007106097 ns, Reaching safepoint: 67929 ns, At safepoint: 9125 ns, Total: 77054 ns
[2020-02-29T05:38:52.478+0000][1][safepoint    ] Safepoint "Cleanup", Time since last: 1000728415 ns, Reaching safepoint: 92092 ns, At safepoint: 13859 ns, Total: 105951 ns
[2020-02-29T05:38:52.987+0000][1][safepoint    ] Safepoint "RevokeBias", Time since last: 508400434 ns, Reaching safepoint: 130497 ns, At safepoint: 33258 ns, Total: 163755 ns
[2020-02-29T05:38:53.987+0000][1][safepoint    ] Safepoint "Cleanup", Time since last: 1000604751 ns, Reaching safepoint: 192284 ns, At safepoint: 20718 ns, Total: 213002 ns
[2020-02-29T05:38:54.991+0000][1][safepoint    ] Safepoint "Cleanup", Time since last: 1003838579 ns, Reaching safepoint: 86304 ns, At safepoint: 8011 ns, Total: 94315 ns
[2020-02-29T05:38:55.498+0000][1][safepoint    ] Safepoint "RevokeBias", Time since last: 506295712 ns, Reaching safepoint: 129966 ns, At safepoint: 31479 ns, Total: 161445 ns
[2020-02-29T05:38:56.499+0000][1][safepoint    ] Safepoint "Cleanup", Time since last: 1001260640 ns, Reaching safepoint: 129962 ns, At safepoint: 14926 ns, Total: 144888 ns
[2020-02-29T05:38:57.500+0000][1][safepoint    ] Safepoint "Cleanup", Time since last: 1000182520 ns, Reaching safepoint: 137064 ns, At safepoint: 13700 ns, Total: 150764 ns
[2020-02-29T05:38:58.021+0000][1][safepoint    ] Safepoint "RevokeBias", Time since last: 520937028 ns, Reaching safepoint: 91084 ns, At safepoint: 28913 ns, Total: 119997 ns
[2020-02-29T05:38:59.021+0000][1][safepoint    ] Safepoint "Cleanup", Time since last: 1000659209 ns, Reaching safepoint: 131928 ns, At safepoint: 14197 ns, Total: 146125 ns
[2020-02-29T05:39:00.025+0000][1][safepoint    ] Safepoint "Cleanup", Time since last: 1002922994 ns, Reaching safepoint: 92007 ns, At safepoint: 9371 ns, Total: 101378 ns
[2020-02-29T05:39:00.544+0000][1][safepoint    ] Safepoint "RevokeBias", Time since last: 519870498 ns, Reaching safepoint: 85809 ns, At safepoint: 21268 ns, Total: 107077 ns
[2020-02-29T05:39:01.545+0000][1][safepoint    ] Safepoint "Cleanup", Time since last: 1000507684 ns, Reaching safepoint: 89828 ns, At safepoint: 9118 ns, Total: 98946 ns
[2020-02-29T05:39:02.550+0000][1][safepoint    ] Safepoint "Cleanup", Time since last: 1004879355 ns, Reaching safepoint: 88053 ns, At safepoint: 12978 ns, Total: 101031 ns
[2020-02-29T05:39:03.075+0000][1][safepoint    ] Safepoint "RevokeBias", Time since last: 524404334 ns, Reaching safepoint: 101167 ns, At safepoint: 18518 ns, Total: 119685 ns
[2020-02-29T05:39:04.075+0000][1][safepoint    ] Safepoint "Cleanup", Time since last: 1000287575 ns, Reaching safepoint: 201439 ns, At safepoint: 27068 ns, Total: 228507 ns
[2020-02-29T05:39:05.077+0000][1][safepoint    ] Safepoint "Cleanup", Time since last: 1001299780 ns, Reaching safepoint: 95319 ns, At safepoint: 12976 ns, Total: 108295 ns
[2020-02-29T05:39:05.591+0000][1][safepoint    ] Safepoint "RevokeBias", Time since last: 514123028 ns, Reaching safepoint: 100701 ns, At safepoint: 21211 ns, Total: 121912 ns
[2020-02-29T05:39:06.595+0000][1][safepoint    ] Safepoint "Cleanup", Time since last: 1004484633 ns, Reaching safepoint: 114278 ns, At safepoint: 10267 ns, Total: 124545 ns
[2020-02-29T05:39:07.601+0000][1][safepoint    ] Safepoint "Cleanup", Time since last: 1005027924 ns, Reaching safepoint: 158062 ns, At safepoint: 18320 ns, Total: 176382 ns
[2020-02-29T05:39:08.113+0000][1][safepoint    ] Safepoint "RevokeBias", Time since last: 511798147 ns, Reaching safepoint: 213970 ns, At safepoint: 50888 ns, Total: 264858 ns
[2020-02-29T05:39:09.116+0000][1][safepoint    ] Safepoint "Cleanup", Time since last: 1002925180 ns, Reaching safepoint: 240027 ns, At safepoint: 27190 ns, Total: 267217 ns
[2020-02-29T05:39:09.856+0000][1][gc,start     ] GC(53) Pause Young (Allocation Failure)
[2020-02-29T05:39:09.856+0000][1][gc,task      ] GC(53) Using 1 workers of 1 for evacuation
[2020-02-29T05:39:09.883+0000][1][gc,age       ] GC(53) Desired survivor size 4358144 bytes, new threshold 6 (max threshold 6)
[2020-02-29T05:39:09.883+0000][1][gc,age       ] GC(53) Age table with threshold 6 (max threshold 6)
[2020-02-29T05:39:09.883+0000][1][gc,age       ] GC(53) - age   1:      12280 bytes,      12280 total
[2020-02-29T05:39:09.883+0000][1][gc,age       ] GC(53) - age   2:        192 bytes,      12472 total
[2020-02-29T05:39:09.883+0000][1][gc,age       ] GC(53) - age   3:        472 bytes,      12944 total
[2020-02-29T05:39:09.883+0000][1][gc,age       ] GC(53) - age   4:        440 bytes,      13384 total
[2020-02-29T05:39:09.883+0000][1][gc,age       ] GC(53) - age   5:       4016 bytes,      17400 total
[2020-02-29T05:39:09.883+0000][1][gc,age       ] GC(53) - age   6:       2360 bytes,      19760 total
[2020-02-29T05:39:09.883+0000][1][gc,heap      ] GC(53) ParNew: 68187K->19K(76672K)
[2020-02-29T05:39:09.883+0000][1][gc,heap      ] GC(53) CMS: 62522K->62525K(963392K)
[2020-02-29T05:39:09.883+0000][1][gc,metaspace ] GC(53) Metaspace: 79510K->79510K(1122304K)
[2020-02-29T05:39:09.883+0000][1][gc           ] GC(53) Pause Young (Allocation Failure) 127M->61M(1015M) 27.293ms
[2020-02-29T05:39:09.883+0000][1][gc,cpu       ] GC(53) User=0.02s Sys=0.00s Real=0.02s
[2020-02-29T05:39:09.883+0000][1][safepoint    ] Safepoint "GenCollectForAllocation", Time since last: 739877113 ns, Reaching safepoint: 88320 ns, At safepoint: 27388432 ns, Total: 27476752 ns
[2020-02-29T05:39:10.630+0000][1][safepoint    ] Safepoint "RevokeBias", Time since last: 746927283 ns, Reaching safepoint: 280826 ns, At safepoint: 53983 ns, Total: 334809 ns
[2020-02-29T05:39:11.634+0000][1][safepoint    ] Safepoint "Cleanup", Time since last: 1002980072 ns, Reaching safepoint: 126637 ns, At safepoint: 11845 ns, Total: 138482 ns
[2020-02-29T05:39:12.634+0000][1][safepoint    ] Safepoint "Cleanup", Time since last: 1000756462 ns, Reaching safepoint: 86986 ns, At safepoint: 7883 ns, Total: 94869 ns
[2020-02-29T05:39:13.148+0000][1][safepoint    ] Safepoint "RevokeBias", Time since last: 513028988 ns, Reaching safepoint: 63549 ns, At safepoint: 18510 ns, Total: 82059 ns
[2020-02-29T05:39:14.156+0000][1][safepoint    ] Safepoint "Cleanup", Time since last: 1008814045 ns, Reaching safepoint: 86603 ns, At safepoint: 7944 ns, Total: 94547 ns
[2020-02-29T05:39:15.157+0000][1][safepoint    ] Safepoint "Cleanup", Time since last: 1000749419 ns, Reaching safepoint: 151734 ns, At safepoint: 11895 ns, Total: 163629 ns
[2020-02-29T05:39:15.666+0000][1][safepoint    ] Safepoint "RevokeBias", Time since last: 508197843 ns, Reaching safepoint: 201375 ns, At safepoint: 157889 ns, Total: 359264 ns
[2020-02-29T05:39:16.670+0000][1][safepoint    ] Safepoint "Cleanup", Time since last: 1004261470 ns, Reaching safepoint: 118886 ns, At safepoint: 16342 ns, Total: 135228 ns
[2020-02-29T05:39:17.678+0000][1][safepoint    ] Safepoint "Cleanup", Time since last: 1007915833 ns, Reaching safepoint: 90817 ns, At safepoint: 11835 ns, Total: 102652 ns
[2020-02-29T05:39:18.194+0000][1][safepoint    ] Safepoint "RevokeBias", Time since last: 515127987 ns, Reaching safepoint: 129620 ns, At safepoint: 32532 ns, Total: 162152 ns
[2020-02-29T05:39:19.194+0000][1][safepoint    ] Safepoint "Cleanup", Time since last: 1000747452 ns, Reaching safepoint: 89785 ns, At safepoint: 10220 ns, Total: 100005 ns
[2020-02-29T05:39:20.202+0000][1][safepoint    ] Safepoint "Cleanup", Time since last: 1007629934 ns, Reaching safepoint: 131304 ns, At safepoint: 13631 ns, Total: 144935 ns
[2020-02-29T05:39:20.717+0000][1][safepoint    ] Safepoint "RevokeBias", Time since last: 514978123 ns, Reaching safepoint: 159442 ns, At safepoint: 24396 ns, Total: 183838 ns
[2020-02-29T05:39:21.720+0000][1][safepoint    ] Safepoint "Cleanup", Time since last: 1002232140 ns, Reaching safepoint: 129084 ns, At safepoint: 14094 ns, Total: 143178 ns
[2020-02-29T05:39:22.726+0000][1][safepoint    ] Safepoint "Cleanup", Time since last: 1006499426 ns, Reaching safepoint: 143997 ns, At safepoint: 14284 ns, Total: 158281 ns
[2020-02-29T05:39:23.242+0000][1][safepoint    ] Safepoint "RevokeBias", Time since last: 515557615 ns, Reaching safepoint: 100894 ns, At safepoint: 22088 ns, Total: 122982 ns
[2020-02-29T05:39:24.243+0000][1][safepoint    ] Safepoint "Cleanup", Time since last: 1000526442 ns, Reaching safepoint: 90111 ns, At safepoint: 8959 ns, Total: 99070 ns
[2020-02-29T05:39:25.244+0000][1][safepoint    ] Safepoint "Cleanup", Time since last: 1000919018 ns, Reaching safepoint: 113693 ns, At safepoint: 8896 ns, Total: 122589 ns
[2020-02-29T05:39:25.779+0000][1][safepoint    ] Safepoint "BulkRevokeBias", Time since last: 534586562 ns, Reaching safepoint: 128778 ns, At safepoint: 467182 ns, Total: 595960 ns
[2020-02-29T05:39:26.780+0000][1][safepoint    ] Safepoint "Cleanup", Time since last: 1001307891 ns, Reaching safepoint: 93850 ns, At safepoint: 13457 ns, Total: 107307 ns
[2020-02-29T05:39:27.791+0000][1][safepoint    ] Safepoint "Cleanup", Time since last: 1003867827 ns, Reaching safepoint: 6389567 ns, At safepoint: 12621 ns, Total: 6402188 ns
[2020-02-29T05:39:28.303+0000][1][safepoint    ] Safepoint "RevokeBias", Time since last: 512359006 ns, Reaching safepoint: 64382 ns, At safepoint: 19694 ns, Total: 84076 ns
[2020-02-29T05:39:29.991+0000][1][safepoint    ] Safepoint "Cleanup", Time since last: 1688243597 ns, Reaching safepoint: 128282 ns, At safepoint: 11078 ns, Total: 139360 ns
[2020-02-29T05:39:30.826+0000][1][safepoint    ] Safepoint "RevokeBias", Time since last: 834791707 ns, Reaching safepoint: 137591 ns, At safepoint: 31739 ns, Total: 169330 ns
[2020-02-29T05:39:31.831+0000][1][safepoint    ] Safepoint "Cleanup", Time since last: 1004752040 ns, Reaching safepoint: 104216 ns, At safepoint: 9142 ns, Total: 113358 ns
[2020-02-29T05:39:32.833+0000][1][safepoint    ] Safepoint "Cleanup", Time since last: 1001658256 ns, Reaching safepoint: 84699 ns, At safepoint: 10656 ns, Total: 95355 ns
[2020-02-29T05:39:33.386+0000][1][safepoint    ] Safepoint "RevokeBias", Time since last: 552716536 ns, Reaching safepoint: 87733 ns, At safepoint: 20769 ns, Total: 108502 ns
[2020-02-29T05:39:34.391+0000][1][safepoint    ] Safepoint "Cleanup", Time since last: 1005169736 ns, Reaching safepoint: 254287 ns, At safepoint: 26407 ns, Total: 280694 ns
[2020-02-29T05:39:35.393+0000][1][safepoint    ] Safepoint "Cleanup", Time since last: 1001350351 ns, Reaching safepoint: 228137 ns, At safepoint: 17352 ns, Total: 245489 ns
[2020-02-29T05:39:35.937+0000][1][safepoint    ] Safepoint "RevokeBias", Time since last: 543503273 ns, Reaching safepoint: 130916 ns, At safepoint: 43301 ns, Total: 174217 ns
[2020-02-29T05:39:36.941+0000][1][safepoint    ] Safepoint "Cleanup", Time since last: 1004092215 ns, Reaching safepoint: 95437 ns, At safepoint: 13304 ns, Total: 108741 ns
[2020-02-29T05:39:37.942+0000][1][safepoint    ] Safepoint "Cleanup", Time since last: 1001511295 ns, Reaching safepoint: 67553 ns, At safepoint: 8947 ns, Total: 76500 ns
[2020-02-29T05:39:38.466+0000][1][safepoint    ] Safepoint "RevokeBias", Time since last: 523883574 ns, Reaching safepoint: 88616 ns, At safepoint: 21172 ns, Total: 109788 ns
[2020-02-29T05:39:39.477+0000][1][safepoint    ] Safepoint "Cleanup", Time since last: 1010705354 ns, Reaching safepoint: 90639 ns, At safepoint: 8942 ns, Total: 99581 ns
[2020-02-29T05:39:40.479+0000][1][safepoint    ] Safepoint "Cleanup", Time since last: 1001369215 ns, Reaching safepoint: 91570 ns, At safepoint: 9200 ns, Total: 100770 ns
[2020-02-29T05:39:40.992+0000][1][safepoint    ] Safepoint "RevokeBias", Time since last: 513498762 ns, Reaching safepoint: 89277 ns, At safepoint: 21692 ns, Total: 110969 ns
[2020-02-29T05:39:41.994+0000][1][safepoint    ] Safepoint "Cleanup", Time since last: 1002033151 ns, Reaching safepoint: 76032 ns, At safepoint: 10265 ns, Total: 86297 ns
[2020-02-29T05:39:42.995+0000][1][safepoint    ] Safepoint "Cleanup", Time since last: 1000958824 ns, Reaching safepoint: 84230 ns, At safepoint: 11221 ns, Total: 95451 ns
[2020-02-29T05:39:43.510+0000][1][safepoint    ] Safepoint "RevokeBias", Time since last: 513969289 ns, Reaching safepoint: 202719 ns, At safepoint: 53396 ns, Total: 256115 ns
[2020-02-29T05:39:44.517+0000][1][safepoint    ] Safepoint "Cleanup", Time since last: 1007726837 ns, Reaching safepoint: 87751 ns, At safepoint: 8901 ns, Total: 96652 ns
[2020-02-29T05:39:45.518+0000][1][safepoint    ] Safepoint "Cleanup", Time since last: 1000543555 ns, Reaching safepoint: 67489 ns, At safepoint: 8702 ns, Total: 76191 ns
[2020-02-29T05:39:46.032+0000][1][safepoint    ] Safepoint "RevokeBias", Time since last: 513375185 ns, Reaching safepoint: 132384 ns, At safepoint: 34149 ns, Total: 166533 ns
[2020-02-29T05:39:47.035+0000][1][safepoint    ] Safepoint "Cleanup", Time since last: 1003528986 ns, Reaching safepoint: 93820 ns, At safepoint: 12979 ns, Total: 106799 ns
[2020-02-29T05:39:48.045+0000][1][safepoint    ] Safepoint "Cleanup", Time since last: 1009977157 ns, Reaching safepoint: 193708 ns, At safepoint: 22865 ns, Total: 216573 ns
[2020-02-29T05:39:48.559+0000][1][safepoint    ] Safepoint "RevokeBias", Time since last: 513196628 ns, Reaching safepoint: 87422 ns, At safepoint: 24646 ns, Total: 112068 ns
[2020-02-29T05:39:49.559+0000][1][safepoint    ] Safepoint "Cleanup", Time since last: 1000224827 ns, Reaching safepoint: 87731 ns, At safepoint: 8222 ns, Total: 95953 ns
[2020-02-29T05:39:50.560+0000][1][safepoint    ] Safepoint "Cleanup", Time since last: 1001264186 ns, Reaching safepoint: 92569 ns, At safepoint: 12689 ns, Total: 105258 ns
[2020-02-29T05:39:51.084+0000][1][safepoint    ] Safepoint "RevokeBias", Time since last: 523758815 ns, Reaching safepoint: 61476 ns, At safepoint: 17848 ns, Total: 79324 ns
[2020-02-29T05:39:52.093+0000][1][safepoint    ] Safepoint "Cleanup", Time since last: 1008998612 ns, Reaching safepoint: 73285 ns, At safepoint: 9230 ns, Total: 82515 ns
[2020-02-29T05:39:53.094+0000][1][safepoint    ] Safepoint "Cleanup", Time since last: 1000914442 ns, Reaching safepoint: 91534 ns, At safepoint: 9060 ns, Total: 100594 ns
[2020-02-29T05:39:53.600+0000][1][safepoint    ] Safepoint "RevokeBias", Time since last: 505076458 ns, Reaching safepoint: 62145 ns, At safepoint: 72616 ns, Total: 134761 ns
[2020-02-29T05:39:54.605+0000][1][safepoint    ] Safepoint "Cleanup", Time since last: 1005430377 ns, Reaching safepoint: 65894 ns, At safepoint: 8593 ns, Total: 74487 ns
[2020-02-29T05:39:55.608+0000][1][safepoint    ] Safepoint "Cleanup", Time since last: 1002907417 ns, Reaching safepoint: 123166 ns, At safepoint: 7438 ns, Total: 130604 ns
[2020-02-29T05:39:56.128+0000][1][safepoint    ] Safepoint "RevokeBias", Time since last: 520060668 ns, Reaching safepoint: 60403 ns, At safepoint: 19300 ns, Total: 79703 ns
[2020-02-29T05:39:57.135+0000][1][safepoint    ] Safepoint "Cleanup", Time since last: 1006809352 ns, Reaching safepoint: 91129 ns, At safepoint: 9246 ns, Total: 100375 ns
[2020-02-29T05:39:58.137+0000][1][safepoint    ] Safepoint "Cleanup", Time since last: 1001218161 ns, Reaching safepoint: 98392 ns, At safepoint: 13136 ns, Total: 111528 ns
[2020-02-29T05:39:58.652+0000][1][safepoint    ] Safepoint "RevokeBias", Time since last: 514886086 ns, Reaching safepoint: 107940 ns, At safepoint: 32998 ns, Total: 140938 ns
[2020-02-29T05:39:59.658+0000][1][safepoint    ] Safepoint "Cleanup", Time since last: 1006019577 ns, Reaching safepoint: 219222 ns, At safepoint: 20488 ns, Total: 239710 ns
[2020-02-29T05:40:00.658+0000][1][safepoint    ] Safepoint "Cleanup", Time since last: 1000396646 ns, Reaching safepoint: 196763 ns, At safepoint: 20658 ns, Total: 217421 ns
[2020-02-29T05:40:01.189+0000][1][safepoint    ] Safepoint "RevokeBias", Time since last: 530459703 ns, Reaching safepoint: 134876 ns, At safepoint: 94924 ns, Total: 229800 ns
[2020-02-29T05:40:02.189+0000][1][safepoint    ] Safepoint "Cleanup", Time since last: 1000140665 ns, Reaching safepoint: 67079 ns, At safepoint: 8525 ns, Total: 75604 ns
[2020-02-29T05:40:03.190+0000][1][safepoint    ] Safepoint "Cleanup", Time since last: 1000662452 ns, Reaching safepoint: 250202 ns, At safepoint: 32817 ns, Total: 283019 ns
[2020-02-29T05:40:03.714+0000][1][safepoint    ] Safepoint "RevokeBias", Time since last: 523607839 ns, Reaching safepoint: 91782 ns, At safepoint: 22013 ns, Total: 113795 ns
[2020-02-29T05:40:04.717+0000][1][safepoint    ] Safepoint "Cleanup", Time since last: 1003339895 ns, Reaching safepoint: 112841 ns, At safepoint: 13895 ns, Total: 126736 ns
[2020-02-29T05:40:05.721+0000][1][safepoint    ] Safepoint "Cleanup", Time since last: 1003568264 ns, Reaching safepoint: 88728 ns, At safepoint: 9985 ns, Total: 98713 ns
[2020-02-29T05:40:06.243+0000][1][safepoint    ] Safepoint "RevokeBias", Time since last: 521873138 ns, Reaching safepoint: 168752 ns, At safepoint: 58775 ns, Total: 227527 ns
[2020-02-29T05:40:07.244+0000][1][safepoint    ] Safepoint "Cleanup", Time since last: 1000867674 ns, Reaching safepoint: 71434 ns, At safepoint: 9432 ns, Total: 80866 ns
[2020-02-29T05:40:08.246+0000][1][safepoint    ] Safepoint "Cleanup", Time since last: 1001243450 ns, Reaching safepoint: 73575 ns, At safepoint: 9948 ns, Total: 83523 ns
[2020-02-29T05:40:08.783+0000][1][safepoint    ] Safepoint "RevokeBias", Time since last: 537228822 ns, Reaching safepoint: 131201 ns, At safepoint: 31965 ns, Total: 163166 ns
[2020-02-29T05:40:09.784+0000][1][safepoint    ] Safepoint "Cleanup", Time since last: 1001025885 ns, Reaching safepoint: 131607 ns, At safepoint: 13818 ns, Total: 145425 ns
[2020-02-29T05:40:10.785+0000][1][safepoint    ] Safepoint "Cleanup", Time since last: 1000717840 ns, Reaching safepoint: 198868 ns, At safepoint: 25345 ns, Total: 224213 ns
[2020-02-29T05:40:11.303+0000][1][safepoint    ] Safepoint "RevokeBias", Time since last: 518251869 ns, Reaching safepoint: 63273 ns, At safepoint: 19787 ns, Total: 83060 ns
[2020-02-29T05:40:12.304+0000][1][safepoint    ] Safepoint "Cleanup", Time since last: 1000416575 ns, Reaching safepoint: 90986 ns, At safepoint: 10313 ns, Total: 101299 ns
[2020-02-29T05:40:13.305+0000][1][safepoint    ] Safepoint "Cleanup", Time since last: 1001506183 ns, Reaching safepoint: 90303 ns, At safepoint: 11507 ns, Total: 101810 ns
[2020-02-29T05:40:13.829+0000][1][safepoint    ] Safepoint "RevokeBias", Time since last: 523470069 ns, Reaching safepoint: 145195 ns, At safepoint: 31959 ns, Total: 177154 ns
[2020-02-29T05:40:14.830+0000][1][safepoint    ] Safepoint "Cleanup", Time since last: 1001189321 ns, Reaching safepoint: 91515 ns, At safepoint: 9790 ns, Total: 101305 ns
[2020-02-29T05:40:15.831+0000][1][safepoint    ] Safepoint "Cleanup", Time since last: 1000706921 ns, Reaching safepoint: 205382 ns, At safepoint: 25343 ns, Total: 230725 ns
[2020-02-29T05:40:16.355+0000][1][safepoint    ] Safepoint "RevokeBias", Time since last: 523190010 ns, Reaching safepoint: 88392 ns, At safepoint: 21907 ns, Total: 110299 ns
[2020-02-29T05:40:17.359+0000][1][safepoint    ] Safepoint "Cleanup", Time since last: 1003753419 ns, Reaching safepoint: 88716 ns, At safepoint: 9922 ns, Total: 98638 ns
[2020-02-29T05:40:18.359+0000][1][safepoint    ] Safepoint "Cleanup", Time since last: 1000494311 ns, Reaching safepoint: 115636 ns, At safepoint: 13624 ns, Total: 129260 ns
[2020-02-29T05:40:18.882+0000][1][safepoint    ] Safepoint "RevokeBias", Time since last: 522961866 ns, Reaching safepoint: 87034 ns, At safepoint: 28407 ns, Total: 115441 ns
[2020-02-29T05:40:19.884+0000][1][safepoint    ] Safepoint "Cleanup", Time since last: 1001067602 ns, Reaching safepoint: 201187 ns, At safepoint: 21441 ns, Total: 222628 ns
[2020-02-29T05:40:20.884+0000][1][safepoint    ] Safepoint "Cleanup", Time since last: 1000491376 ns, Reaching safepoint: 94574 ns, At safepoint: 8865 ns, Total: 103439 ns
[2020-02-29T05:40:21.401+0000][1][safepoint    ] Safepoint "RevokeBias", Time since last: 516458711 ns, Reaching safepoint: 111007 ns, At safepoint: 28977 ns, Total: 139984 ns
[2020-02-29T05:40:22.406+0000][1][safepoint    ] Safepoint "Cleanup", Time since last: 1005490464 ns, Reaching safepoint: 194004 ns, At safepoint: 21867 ns, Total: 215871 ns
[2020-02-29T05:40:23.413+0000][1][safepoint    ] Safepoint "Cleanup", Time since last: 1006173318 ns, Reaching safepoint: 85836 ns, At safepoint: 7142 ns, Total: 92978 ns
[2020-02-29T05:40:23.919+0000][1][safepoint    ] Safepoint "RevokeBias", Time since last: 506190565 ns, Reaching safepoint: 182982 ns, At safepoint: 47866 ns, Total: 230848 ns
[2020-02-29T05:40:24.923+0000][1][safepoint    ] Safepoint "Cleanup", Time since last: 1003823026 ns, Reaching safepoint: 117532 ns, At safepoint: 13693 ns, Total: 131225 ns
[2020-02-29T05:40:25.924+0000][1][safepoint    ] Safepoint "Cleanup", Time since last: 1001157816 ns, Reaching safepoint: 123106 ns, At safepoint: 13128 ns, Total: 136234 ns
[2020-02-29T05:40:26.436+0000][1][safepoint    ] Safepoint "RevokeBias", Time since last: 511546204 ns, Reaching safepoint: 132172 ns, At safepoint: 32207 ns, Total: 164379 ns
[2020-02-29T05:40:27.442+0000][1][safepoint    ] Safepoint "Cleanup", Time since last: 1006010679 ns, Reaching safepoint: 185413 ns, At safepoint: 28595 ns, Total: 214008 ns
[2020-02-29T05:40:28.445+0000][1][safepoint    ] Safepoint "Cleanup", Time since last: 1003053460 ns, Reaching safepoint: 67611 ns, At safepoint: 9196 ns, Total: 76807 ns
[2020-02-29T05:40:28.949+0000][1][safepoint    ] Safepoint "RevokeBias", Time since last: 503371309 ns, Reaching safepoint: 132038 ns, At safepoint: 90610 ns, Total: 222648 ns
[2020-02-29T05:40:29.958+0000][1][safepoint    ] Safepoint "Cleanup", Time since last: 1009285590 ns, Reaching safepoint: 147132 ns, At safepoint: 15180 ns, Total: 162312 ns
[2020-02-29T05:40:30.960+0000][1][safepoint    ] Safepoint "Cleanup", Time since last: 1001046863 ns, Reaching safepoint: 94729 ns, At safepoint: 13055 ns, Total: 107784 ns
[2020-02-29T05:40:31.463+0000][1][safepoint    ] Safepoint "RevokeBias", Time since last: 502803480 ns, Reaching safepoint: 60001 ns, At safepoint: 37991 ns, Total: 97992 ns
[2020-02-29T05:40:32.464+0000][1][safepoint    ] Safepoint "Cleanup", Time since last: 1001438318 ns, Reaching safepoint: 91751 ns, At safepoint: 9461 ns, Total: 101212 ns
[2020-02-29T05:40:33.472+0000][1][safepoint    ] Safepoint "Cleanup", Time since last: 1007309598 ns, Reaching safepoint: 373026 ns, At safepoint: 44303 ns, Total: 417329 ns
[2020-02-29T05:40:33.985+0000][1][safepoint    ] Safepoint "RevokeBias", Time since last: 513235962 ns, Reaching safepoint: 94491 ns, At safepoint: 22729 ns, Total: 117220 ns
[2020-02-29T05:40:34.994+0000][1][safepoint    ] Safepoint "Cleanup", Time since last: 1009215718 ns, Reaching safepoint: 89834 ns, At safepoint: 56694 ns, Total: 146528 ns
[2020-02-29T05:40:36.003+0000][1][safepoint    ] Safepoint "Cleanup", Time since last: 1008655447 ns, Reaching safepoint: 93212 ns, At safepoint: 13469 ns, Total: 106681 ns
[2020-02-29T05:40:36.505+0000][1][safepoint    ] Safepoint "RevokeBias", Time since last: 501934536 ns, Reaching safepoint: 132459 ns, At safepoint: 32898 ns, Total: 165357 ns
[2020-02-29T05:40:37.511+0000][1][safepoint    ] Safepoint "Cleanup", Time since last: 1005010954 ns, Reaching safepoint: 194629 ns, At safepoint: 21947 ns, Total: 216576 ns
[2020-02-29T05:40:38.511+0000][1][safepoint    ] Safepoint "Cleanup", Time since last: 1000707807 ns, Reaching safepoint: 111392 ns, At safepoint: 13112 ns, Total: 124504 ns
[2020-02-29T05:40:39.033+0000][1][safepoint    ] Safepoint "BulkRevokeBias", Time since last: 521335528 ns, Reaching safepoint: 131225 ns, At safepoint: 364212 ns, Total: 495437 ns
[2020-02-29T05:40:40.036+0000][1][safepoint    ] Safepoint "Cleanup", Time since last: 1002932212 ns, Reaching safepoint: 126292 ns, At safepoint: 13223 ns, Total: 139515 ns
[2020-02-29T05:40:41.044+0000][1][safepoint    ] Safepoint "Cleanup", Time since last: 1007893388 ns, Reaching safepoint: 129749 ns, At safepoint: 13284 ns, Total: 143033 ns
[2020-02-29T05:40:41.557+0000][1][safepoint    ] Safepoint "RevokeBias", Time since last: 512204832 ns, Reaching safepoint: 182591 ns, At safepoint: 35195 ns, Total: 217786 ns
[2020-02-29T05:40:42.565+0000][1][safepoint    ] Safepoint "Cleanup", Time since last: 1008442908 ns, Reaching safepoint: 187443 ns, At safepoint: 27307 ns, Total: 214750 ns
[2020-02-29T05:40:43.569+0000][1][safepoint    ] Safepoint "Cleanup", Time since last: 1003074468 ns, Reaching safepoint: 133059 ns, At safepoint: 14606 ns, Total: 147665 ns
[2020-02-29T05:40:44.079+0000][1][safepoint    ] Safepoint "RevokeBias", Time since last: 509963246 ns, Reaching safepoint: 138540 ns, At safepoint: 32168 ns, Total: 170708 ns
[2020-02-29T05:40:45.080+0000][1][safepoint    ] Safepoint "Cleanup", Time since last: 1001277655 ns, Reaching safepoint: 133008 ns, At safepoint: 13816 ns, Total: 146824 ns
[2020-02-29T05:40:46.082+0000][1][safepoint    ] Safepoint "Cleanup", Time since last: 1001225973 ns, Reaching safepoint: 130295 ns, At safepoint: 13924 ns, Total: 144219 ns
[2020-02-29T05:40:46.605+0000][1][safepoint    ] Safepoint "RevokeBias", Time since last: 523671837 ns, Reaching safepoint: 87752 ns, At safepoint: 36008 ns, Total: 123760 ns
[2020-02-29T05:40:47.606+0000][1][safepoint    ] Safepoint "Cleanup", Time since last: 1000626531 ns, Reaching safepoint: 130609 ns, At safepoint: 13632 ns, Total: 144241 ns
[2020-02-29T05:40:48.607+0000][1][safepoint    ] Safepoint "Cleanup", Time since last: 1000863830 ns, Reaching safepoint: 144138 ns, At safepoint: 14445 ns, Total: 158583 ns
[2020-02-29T05:40:49.123+0000][1][safepoint    ] Safepoint "RevokeBias", Time since last: 515477785 ns, Reaching safepoint: 128727 ns, At safepoint: 33086 ns, Total: 161813 ns
[2020-02-29T05:40:50.131+0000][1][safepoint    ] Safepoint "Cleanup", Time since last: 1007814477 ns, Reaching safepoint: 90993 ns, At safepoint: 9754 ns, Total: 100747 ns
[2020-02-29T05:40:51.131+0000][1][safepoint    ] Safepoint "Cleanup", Time since last: 1000430050 ns, Reaching safepoint: 69290 ns, At safepoint: 9152 ns, Total: 78442 ns
[2020-02-29T05:40:51.646+0000][1][safepoint    ] Safepoint "RevokeBias", Time since last: 514496952 ns, Reaching safepoint: 104072 ns, At safepoint: 51303 ns, Total: 155375 ns
[2020-02-29T05:40:52.647+0000][1][safepoint    ] Safepoint "Cleanup", Time since last: 1000736553 ns, Reaching safepoint: 90947 ns, At safepoint: 9715 ns, Total: 100662 ns
[2020-02-29T05:40:53.652+0000][1][safepoint    ] Safepoint "Cleanup", Time since last: 1004633267 ns, Reaching safepoint: 129891 ns, At safepoint: 13519 ns, Total: 143410 ns
[2020-02-29T05:40:54.159+0000][1][safepoint    ] Safepoint "RevokeBias", Time since last: 507841933 ns, Reaching safepoint: 87503 ns, At safepoint: 28011 ns, Total: 115514 ns
[2020-02-29T05:40:55.169+0000][1][safepoint    ] Safepoint "Cleanup", Time since last: 1009617151 ns, Reaching safepoint: 138719 ns, At safepoint: 22010 ns, Total: 160729 ns
[2020-02-29T05:40:56.171+0000][1][safepoint    ] Safepoint "Cleanup", Time since last: 1002006656 ns, Reaching safepoint: 120252 ns, At safepoint: 13442 ns, Total: 133694 ns
[2020-02-29T05:40:56.671+0000][1][safepoint    ] Safepoint "RevokeBias", Time since last: 499096366 ns, Reaching safepoint: 184454 ns, At safepoint: 123468 ns, Total: 307922 ns
[2020-02-29T05:40:57.693+0000][1][safepoint    ] Safepoint "Cleanup", Time since last: 1011276426 ns, Reaching safepoint: 11212292 ns, At safepoint: 10891 ns, Total: 11223183 ns
[2020-02-29T05:40:58.702+0000][1][safepoint    ] Safepoint "Cleanup", Time since last: 1008279030 ns, Reaching safepoint: 131141 ns, At safepoint: 14206 ns, Total: 145347 ns
[2020-02-29T05:40:59.184+0000][1][safepoint    ] Safepoint "RevokeBias", Time since last: 482107886 ns, Reaching safepoint: 87374 ns, At safepoint: 21333 ns, Total: 108707 ns
[2020-02-29T05:41:00.185+0000][1][safepoint    ] Safepoint "Cleanup", Time since last: 1000681292 ns, Reaching safepoint: 334292 ns, At safepoint: 42894 ns, Total: 377186 ns
[2020-02-29T05:41:01.187+0000][1][safepoint    ] Safepoint "Cleanup", Time since last: 1002309354 ns, Reaching safepoint: 139679 ns, At safepoint: 12554 ns, Total: 152233 ns
[2020-02-29T05:41:01.706+0000][1][safepoint    ] Safepoint "RevokeBias", Time since last: 518272724 ns, Reaching safepoint: 60030 ns, At safepoint: 19560 ns, Total: 79590 ns
[2020-02-29T05:41:02.708+0000][1][safepoint    ] Safepoint "Cleanup", Time since last: 1002319448 ns, Reaching safepoint: 66595 ns, At safepoint: 7328 ns, Total: 73923 ns
[2020-02-29T05:41:03.709+0000][1][safepoint    ] Safepoint "Cleanup", Time since last: 1000290953 ns, Reaching safepoint: 198953 ns, At safepoint: 25493 ns, Total: 224446 ns
[2020-02-29T05:41:04.222+0000][1][safepoint    ] Safepoint "RevokeBias", Time since last: 512957955 ns, Reaching safepoint: 131486 ns, At safepoint: 64666 ns, Total: 196152 ns
[2020-02-29T05:41:05.227+0000][1][safepoint    ] Safepoint "Cleanup", Time since last: 1005228749 ns, Reaching safepoint: 89372 ns, At safepoint: 9179 ns, Total: 98551 ns
[2020-02-29T05:41:06.233+0000][1][safepoint    ] Safepoint "Cleanup", Time since last: 1006078875 ns, Reaching safepoint: 94901 ns, At safepoint: 13886 ns, Total: 108787 ns
[2020-02-29T05:41:06.760+0000][1][safepoint    ] Safepoint "RevokeBias", Time since last: 526434050 ns, Reaching safepoint: 132817 ns, At safepoint: 45403 ns, Total: 178220 ns
[2020-02-29T05:41:07.764+0000][1][safepoint    ] Safepoint "Cleanup", Time since last: 1004255226 ns, Reaching safepoint: 67951 ns, At safepoint: 8837 ns, Total: 76788 ns
[2020-02-29T05:41:08.771+0000][1][safepoint    ] Safepoint "Cleanup", Time since last: 1006974148 ns, Reaching safepoint: 85407 ns, At safepoint: 10873 ns, Total: 96280 ns
[2020-02-29T05:41:09.295+0000][1][safepoint    ] Safepoint "RevokeBias", Time since last: 523529850 ns, Reaching safepoint: 90397 ns, At safepoint: 54592 ns, Total: 144989 ns
[2020-02-29T05:41:10.299+0000][1][safepoint    ] Safepoint "Cleanup", Time since last: 1004279671 ns, Reaching safepoint: 93459 ns, At safepoint: 11972 ns, Total: 105431 ns
[2020-02-29T05:41:11.305+0000][1][safepoint    ] Safepoint "Cleanup", Time since last: 1005884074 ns, Reaching safepoint: 131727 ns, At safepoint: 15121 ns, Total: 146848 ns
[2020-02-29T05:41:11.812+0000][1][safepoint    ] Safepoint "RevokeBias", Time since last: 506492379 ns, Reaching safepoint: 225503 ns, At safepoint: 56754 ns, Total: 282257 ns
[2020-02-29T05:41:12.815+0000][1][safepoint    ] Safepoint "Cleanup", Time since last: 1002754234 ns, Reaching safepoint: 88622 ns, At safepoint: 12281 ns, Total: 100903 ns
[2020-02-29T05:41:13.820+0000][1][safepoint    ] Safepoint "Cleanup", Time since last: 1004917865 ns, Reaching safepoint: 150390 ns, At safepoint: 15212 ns, Total: 165602 ns
[2020-02-29T05:41:14.339+0000][1][safepoint    ] Safepoint "RevokeBias", Time since last: 519004722 ns, Reaching safepoint: 87768 ns, At safepoint: 28783 ns, Total: 116551 ns
[2020-02-29T05:41:15.341+0000][1][safepoint    ] Safepoint "Cleanup", Time since last: 1001017390 ns, Reaching safepoint: 182582 ns, At safepoint: 22015 ns, Total: 204597 ns
[2020-02-29T05:41:16.342+0000][1][safepoint    ] Safepoint "Cleanup", Time since last: 1001696904 ns, Reaching safepoint: 127622 ns, At safepoint: 12067 ns, Total: 139689 ns
[2020-02-29T05:41:16.856+0000][1][safepoint    ] Safepoint "RevokeBias", Time since last: 513324065 ns, Reaching safepoint: 133027 ns, At safepoint: 33416 ns, Total: 166443 ns
[2020-02-29T05:41:17.862+0000][1][safepoint    ] Safepoint "Cleanup", Time since last: 1005568040 ns, Reaching safepoint: 129003 ns, At safepoint: 13399 ns, Total: 142402 ns
[2020-02-29T05:41:18.867+0000][1][safepoint    ] Safepoint "Cleanup", Time since last: 1005406039 ns, Reaching safepoint: 132691 ns, At safepoint: 21384 ns, Total: 154075 ns
[2020-02-29T05:41:19.378+0000][1][safepoint    ] Safepoint "RevokeBias", Time since last: 510283066 ns, Reaching safepoint: 93207 ns, At safepoint: 28656 ns, Total: 121863 ns
[2020-02-29T05:41:20.379+0000][1][safepoint    ] Safepoint "Cleanup", Time since last: 1000766197 ns, Reaching safepoint: 199487 ns, At safepoint: 24491 ns, Total: 223978 ns
[2020-02-29T05:41:21.383+0000][1][safepoint    ] Safepoint "Cleanup", Time since last: 1004060450 ns, Reaching safepoint: 88055 ns, At safepoint: 7291 ns, Total: 95346 ns
[2020-02-29T05:41:21.902+0000][1][safepoint    ] Safepoint "RevokeBias", Time since last: 519222103 ns, Reaching safepoint: 129624 ns, At safepoint: 33941 ns, Total: 163565 ns
[2020-02-29T05:41:22.904+0000][1][safepoint    ] Safepoint "Cleanup", Time since last: 1002175045 ns, Reaching safepoint: 71541 ns, At safepoint: 9123 ns, Total: 80664 ns
[2020-02-29T05:41:23.910+0000][1][safepoint    ] Safepoint "Cleanup", Time since last: 1005153041 ns, Reaching safepoint: 131181 ns, At safepoint: 13929 ns, Total: 145110 ns
[2020-02-29T05:41:24.427+0000][1][safepoint    ] Safepoint "RevokeBias", Time since last: 517181064 ns, Reaching safepoint: 130645 ns, At safepoint: 33435 ns, Total: 164080 ns
[2020-02-29T05:41:25.430+0000][1][safepoint    ] Safepoint "Cleanup", Time since last: 1002982780 ns, Reaching safepoint: 177411 ns, At safepoint: 14476 ns, Total: 191887 ns
[2020-02-29T05:41:26.946+0000][1][safepoint    ] Safepoint "RevokeBias", Time since last: 1516080697 ns, Reaching safepoint: 96992 ns, At safepoint: 22007 ns, Total: 118999 ns
[2020-02-29T05:41:27.870+0000][1][gc,start     ] GC(54) Pause Young (Allocation Failure)
[2020-02-29T05:41:27.870+0000][1][gc,task      ] GC(54) Using 1 workers of 1 for evacuation
[2020-02-29T05:41:27.892+0000][1][gc,age       ] GC(54) Desired survivor size 4358144 bytes, new threshold 6 (max threshold 6)
[2020-02-29T05:41:27.892+0000][1][gc,age       ] GC(54) Age table with threshold 6 (max threshold 6)
[2020-02-29T05:41:27.892+0000][1][gc,age       ] GC(54) - age   1:      15728 bytes,      15728 total
[2020-02-29T05:41:27.892+0000][1][gc,age       ] GC(54) - age   2:        208 bytes,      15936 total
[2020-02-29T05:41:27.892+0000][1][gc,age       ] GC(54) - age   3:        192 bytes,      16128 total
[2020-02-29T05:41:27.892+0000][1][gc,age       ] GC(54) - age   4:        472 bytes,      16600 total
[2020-02-29T05:41:27.892+0000][1][gc,age       ] GC(54) - age   5:        440 bytes,      17040 total
[2020-02-29T05:41:27.892+0000][1][gc,age       ] GC(54) - age   6:       4016 bytes,      21056 total
[2020-02-29T05:41:27.892+0000][1][gc,heap      ] GC(54) ParNew: 68179K->38K(76672K)
[2020-02-29T05:41:27.892+0000][1][gc,heap      ] GC(54) CMS: 62525K->62527K(963392K)
[2020-02-29T05:41:27.892+0000][1][gc,metaspace ] GC(54) Metaspace: 79525K->79525K(1122304K)
[2020-02-29T05:41:27.892+0000][1][gc           ] GC(54) Pause Young (Allocation Failure) 127M->61M(1015M) 22.029ms
[2020-02-29T05:41:27.892+0000][1][gc,cpu       ] GC(54) User=0.01s Sys=0.00s Real=0.02s
[2020-02-29T05:41:27.892+0000][1][safepoint    ] Safepoint "GenCollectForAllocation", Time since last: 912409100 ns, Reaching safepoint: 10870851 ns, At safepoint: 22190256 ns, Total: 33061107 ns
[2020-02-29T05:41:28.894+0000][1][safepoint    ] Safepoint "Cleanup", Time since last: 1002215713 ns, Reaching safepoint: 69845 ns, At safepoint: 8942 ns, Total: 78787 ns
[2020-02-29T05:41:29.467+0000][1][safepoint    ] Safepoint "RevokeBias", Time since last: 572954890 ns, Reaching safepoint: 88651 ns, At safepoint: 21199 ns, Total: 109850 ns
[2020-02-29T05:41:30.469+0000][1][safepoint    ] Safepoint "Cleanup", Time since last: 1001308834 ns, Reaching safepoint: 130210 ns, At safepoint: 14278 ns, Total: 144488 ns
[2020-02-29T05:41:31.472+0000][1][safepoint    ] Safepoint "Cleanup", Time since last: 1003623437 ns, Reaching safepoint: 91419 ns, At safepoint: 43760 ns, Total: 135179 ns
[2020-02-29T05:41:31.997+0000][1][safepoint    ] Safepoint "RevokeBias", Time since last: 524524855 ns, Reaching safepoint: 87525 ns, At safepoint: 21563 ns, Total: 109088 ns
[2020-02-29T05:41:33.002+0000][1][safepoint    ] Safepoint "Cleanup", Time since last: 1004370198 ns, Reaching safepoint: 145892 ns, At safepoint: 13224 ns, Total: 159116 ns
[2020-02-29T05:41:34.002+0000][1][safepoint    ] Safepoint "Cleanup", Time since last: 1000676408 ns, Reaching safepoint: 90278 ns, At safepoint: 8950 ns, Total: 99228 ns
[2020-02-29T05:41:34.532+0000][1][safepoint    ] Safepoint "RevokeBias", Time since last: 529724281 ns, Reaching safepoint: 86457 ns, At safepoint: 22002 ns, Total: 108459 ns
[2020-02-29T05:41:35.539+0000][1][safepoint    ] Safepoint "Cleanup", Time since last: 1007164101 ns, Reaching safepoint: 69926 ns, At safepoint: 9230 ns, Total: 79156 ns
[2020-02-29T05:41:36.540+0000][1][safepoint    ] Safepoint "Cleanup", Time since last: 1000713990 ns, Reaching safepoint: 212302 ns, At safepoint: 20805 ns, Total: 233107 ns
[2020-02-29T05:41:37.053+0000][1][safepoint    ] Safepoint "RevokeBias", Time since last: 512724718 ns, Reaching safepoint: 88326 ns, At safepoint: 22033 ns, Total: 110359 ns
[2020-02-29T05:41:38.054+0000][1][safepoint    ] Safepoint "Cleanup", Time since last: 1000509479 ns, Reaching safepoint: 91293 ns, At safepoint: 10504 ns, Total: 101797 ns
[2020-02-29T05:41:39.057+0000][1][safepoint    ] Safepoint "Cleanup", Time since last: 1003362253 ns, Reaching safepoint: 75822 ns, At safepoint: 7372 ns, Total: 83194 ns
[2020-02-29T05:41:39.581+0000][1][safepoint    ] Safepoint "RevokeBias", Time since last: 523506402 ns, Reaching safepoint: 84419 ns, At safepoint: 29437 ns, Total: 113856 ns
[2020-02-29T05:41:40.590+0000][1][safepoint    ] Safepoint "Cleanup", Time since last: 1009359228 ns, Reaching safepoint: 134259 ns, At safepoint: 21124 ns, Total: 155383 ns
[2020-02-29T05:41:41.593+0000][1][safepoint    ] Safepoint "Cleanup", Time since last: 1002089610 ns, Reaching safepoint: 134888 ns, At safepoint: 14827 ns, Total: 149715 ns
[2020-02-29T05:41:42.108+0000][1][safepoint    ] Safepoint "RevokeBias", Time since last: 515121332 ns, Reaching safepoint: 61988 ns, At safepoint: 19235 ns, Total: 81223 ns
[2020-02-29T05:41:43.109+0000][1][safepoint    ] Safepoint "Cleanup", Time since last: 1001062944 ns, Reaching safepoint: 186187 ns, At safepoint: 24099 ns, Total: 210286 ns
[2020-02-29T05:41:44.115+0000][1][safepoint    ] Safepoint "Cleanup", Time since last: 1005582623 ns, Reaching safepoint: 98121 ns, At safepoint: 15565 ns, Total: 113686 ns
[2020-02-29T05:41:44.627+0000][1][safepoint    ] Safepoint "RevokeBias", Time since last: 512461439 ns, Reaching safepoint: 64157 ns, At safepoint: 35613 ns, Total: 99770 ns
[2020-02-29T05:41:45.632+0000][1][safepoint    ] Safepoint "Cleanup", Time since last: 1004184862 ns, Reaching safepoint: 131338 ns, At safepoint: 14062 ns, Total: 145400 ns
[2020-02-29T05:41:46.636+0000][1][safepoint    ] Safepoint "Cleanup", Time since last: 1003894804 ns, Reaching safepoint: 92971 ns, At safepoint: 13549 ns, Total: 106520 ns
[2020-02-29T05:41:47.158+0000][1][safepoint    ] Safepoint "RevokeBias", Time since last: 522576126 ns, Reaching safepoint: 87976 ns, At safepoint: 28554 ns, Total: 116530 ns
[2020-02-29T05:41:48.159+0000][1][safepoint    ] Safepoint "Cleanup", Time since last: 1000623296 ns, Reaching safepoint: 197692 ns, At safepoint: 21922 ns, Total: 219614 ns
[2020-02-29T05:41:49.164+0000][1][safepoint    ] Safepoint "Cleanup", Time since last: 1004295105 ns, Reaching safepoint: 126141 ns, At safepoint: 12721 ns, Total: 138862 ns
[2020-02-29T05:41:49.680+0000][1][safepoint    ] Safepoint "RevokeBias", Time since last: 515989759 ns, Reaching safepoint: 206837 ns, At safepoint: 53746 ns, Total: 260583 ns
[2020-02-29T05:41:50.688+0000][1][safepoint    ] Safepoint "Cleanup", Time since last: 1008083227 ns, Reaching safepoint: 129784 ns, At safepoint: 13825 ns, Total: 143609 ns
[2020-02-29T05:41:51.693+0000][1][safepoint    ] Safepoint "Cleanup", Time since last: 1004912644 ns, Reaching safepoint: 91177 ns, At safepoint: 9854 ns, Total: 101031 ns
[2020-02-29T05:41:52.196+0000][1][safepoint    ] Safepoint "BulkRevokeBias", Time since last: 502625671 ns, Reaching safepoint: 63003 ns, At safepoint: 295939 ns, Total: 358942 ns
[2020-02-29T05:41:53.199+0000][1][safepoint    ] Safepoint "Cleanup", Time since last: 1003097104 ns, Reaching safepoint: 122157 ns, At safepoint: 13335 ns, Total: 135492 ns
[2020-02-29T05:41:54.202+0000][1][safepoint    ] Safepoint "Cleanup", Time since last: 1002085088 ns, Reaching safepoint: 130541 ns, At safepoint: 13564 ns, Total: 144105 ns
[2020-02-29T05:41:54.732+0000][1][safepoint    ] Safepoint "RevokeBias", Time since last: 529757900 ns, Reaching safepoint: 135488 ns, At safepoint: 69089 ns, Total: 204577 ns
[2020-02-29T05:41:55.742+0000][1][safepoint    ] Safepoint "Cleanup", Time since last: 1010396965 ns, Reaching safepoint: 110561 ns, At safepoint: 9128 ns, Total: 119689 ns
[2020-02-29T05:41:57.060+0000][1][safepoint    ] Safepoint "Cleanup", Time since last: 1317980241 ns, Reaching safepoint: 94378 ns, At safepoint: 13656 ns, Total: 108034 ns
[2020-02-29T05:41:57.255+0000][1][safepoint    ] Safepoint "RevokeBias", Time since last: 194680645 ns, Reaching safepoint: 88775 ns, At safepoint: 20909 ns, Total: 109684 ns
[2020-02-29T05:41:58.256+0000][1][safepoint    ] Safepoint "Cleanup", Time since last: 1001329272 ns, Reaching safepoint: 128710 ns, At safepoint: 12357 ns, Total: 141067 ns
[2020-02-29T05:41:59.258+0000][1][safepoint    ] Safepoint "Cleanup", Time since last: 1001579366 ns, Reaching safepoint: 90466 ns, At safepoint: 9541 ns, Total: 100007 ns
[2020-02-29T05:41:59.783+0000][1][safepoint    ] Safepoint "RevokeBias", Time since last: 524516449 ns, Reaching safepoint: 107449 ns, At safepoint: 25890 ns, Total: 133339 ns
[2020-02-29T05:42:00.787+0000][1][safepoint    ] Safepoint "Cleanup", Time since last: 1004231973 ns, Reaching safepoint: 90686 ns, At safepoint: 9248 ns, Total: 99934 ns
[2020-02-29T05:42:01.790+0000][1][safepoint    ] Safepoint "Cleanup", Time since last: 1003127523 ns, Reaching safepoint: 95839 ns, At safepoint: 13517 ns, Total: 109356 ns
[2020-02-29T05:42:02.307+0000][1][safepoint    ] Safepoint "RevokeBias", Time since last: 516312098 ns, Reaching safepoint: 88254 ns, At safepoint: 22510 ns, Total: 110764 ns
[2020-02-29T05:42:03.308+0000][1][safepoint    ] Safepoint "Cleanup", Time since last: 1001474705 ns, Reaching safepoint: 91256 ns, At safepoint: 9375 ns, Total: 100631 ns
[2020-02-29T05:42:04.309+0000][1][safepoint    ] Safepoint "Cleanup", Time since last: 1000288790 ns, Reaching safepoint: 127426 ns, At safepoint: 14344 ns, Total: 141770 ns
[2020-02-29T05:42:04.827+0000][1][safepoint    ] Safepoint "RevokeBias", Time since last: 518077484 ns, Reaching safepoint: 87645 ns, At safepoint: 28575 ns, Total: 116220 ns
[2020-02-29T05:42:05.829+0000][1][safepoint    ] Safepoint "Cleanup", Time since last: 1002118361 ns, Reaching safepoint: 130184 ns, At safepoint: 13013 ns, Total: 143197 ns
[2020-02-29T05:42:06.832+0000][1][safepoint    ] Safepoint "Cleanup", Time since last: 1002361106 ns, Reaching safepoint: 88439 ns, At safepoint: 8685 ns, Total: 97124 ns
[2020-02-29T05:42:07.352+0000][1][safepoint    ] Safepoint "RevokeBias", Time since last: 520155523 ns, Reaching safepoint: 133101 ns, At safepoint: 33900 ns, Total: 167001 ns
[2020-02-29T05:42:08.357+0000][1][safepoint    ] Safepoint "Cleanup", Time since last: 1005360613 ns, Reaching safepoint: 95180 ns, At safepoint: 13364 ns, Total: 108544 ns
[2020-02-29T05:42:09.358+0000][1][safepoint    ] Safepoint "Cleanup", Time since last: 1000410436 ns, Reaching safepoint: 298252 ns, At safepoint: 27708 ns, Total: 325960 ns
[2020-02-29T05:42:09.872+0000][1][safepoint    ] Safepoint "RevokeBias", Time since last: 514113508 ns, Reaching safepoint: 139696 ns, At safepoint: 33831 ns, Total: 173527 ns
[2020-02-29T05:42:10.878+0000][1][safepoint    ] Safepoint "Cleanup", Time since last: 1005653942 ns, Reaching safepoint: 94458 ns, At safepoint: 13564 ns, Total: 108022 ns
[2020-02-29T05:42:11.884+0000][1][safepoint    ] Safepoint "Cleanup", Time since last: 1005779136 ns, Reaching safepoint: 129724 ns, At safepoint: 13599 ns, Total: 143323 ns
[2020-02-29T05:42:12.389+0000][1][safepoint    ] Safepoint "RevokeBias", Time since last: 505068549 ns, Reaching safepoint: 88378 ns, At safepoint: 21795 ns, Total: 110173 ns
[2020-02-29T05:42:13.394+0000][1][safepoint    ] Safepoint "Cleanup", Time since last: 1004125804 ns, Reaching safepoint: 67448 ns, At safepoint: 9136 ns, Total: 76584 ns
[2020-02-29T05:42:14.398+0000][1][safepoint    ] Safepoint "Cleanup", Time since last: 1004401042 ns, Reaching safepoint: 134406 ns, At safepoint: 23353 ns, Total: 157759 ns
[2020-02-29T05:42:14.910+0000][1][safepoint    ] Safepoint "RevokeBias", Time since last: 511412905 ns, Reaching safepoint: 116288 ns, At safepoint: 23896 ns, Total: 140184 ns
[2020-02-29T05:42:15.915+0000][1][safepoint    ] Safepoint "Cleanup", Time since last: 1005414046 ns, Reaching safepoint: 68173 ns, At safepoint: 8766 ns, Total: 76939 ns
[2020-02-29T05:42:16.919+0000][1][safepoint    ] Safepoint "Cleanup", Time since last: 1003403046 ns, Reaching safepoint: 144919 ns, At safepoint: 22039 ns, Total: 166958 ns
[2020-02-29T05:42:17.436+0000][1][safepoint    ] Safepoint "RevokeBias", Time since last: 516885051 ns, Reaching safepoint: 61613 ns, At safepoint: 19109 ns, Total: 80722 ns
[2020-02-29T05:42:18.445+0000][1][safepoint    ] Safepoint "Cleanup", Time since last: 1009259628 ns, Reaching safepoint: 132741 ns, At safepoint: 21139 ns, Total: 153880 ns
[2020-02-29T05:42:19.446+0000][1][safepoint    ] Safepoint "Cleanup", Time since last: 1000690434 ns, Reaching safepoint: 207799 ns, At safepoint: 28523 ns, Total: 236322 ns
[2020-02-29T05:42:19.956+0000][1][safepoint    ] Safepoint "RevokeBias", Time since last: 509527971 ns, Reaching safepoint: 130447 ns, At safepoint: 76815 ns, Total: 207262 ns
[2020-02-29T05:42:20.956+0000][1][safepoint    ] Safepoint "Cleanup", Time since last: 1000353454 ns, Reaching safepoint: 203315 ns, At safepoint: 26880 ns, Total: 230195 ns
[2020-02-29T05:42:21.958+0000][1][safepoint    ] Safepoint "Cleanup", Time since last: 1001162017 ns, Reaching safepoint: 232299 ns, At safepoint: 25158 ns, Total: 257457 ns
[2020-02-29T05:42:22.470+0000][1][safepoint    ] Safepoint "RevokeBias", Time since last: 511628643 ns, Reaching safepoint: 202053 ns, At safepoint: 159132 ns, Total: 361185 ns
[2020-02-29T05:42:23.471+0000][1][safepoint    ] Safepoint "Cleanup", Time since last: 1001524869 ns, Reaching safepoint: 129591 ns, At safepoint: 14053 ns, Total: 143644 ns
[2020-02-29T05:42:24.472+0000][1][safepoint    ] Safepoint "Cleanup", Time since last: 1000484228 ns, Reaching safepoint: 92418 ns, At safepoint: 8881 ns, Total: 101299 ns
[2020-02-29T05:42:24.985+0000][1][safepoint    ] Safepoint "RevokeBias", Time since last: 512513690 ns, Reaching safepoint: 62554 ns, At safepoint: 19204 ns, Total: 81758 ns
[2020-02-29T05:42:25.988+0000][1][safepoint    ] Safepoint "Cleanup", Time since last: 1003534003 ns, Reaching safepoint: 163728 ns, At safepoint: 11534 ns, Total: 175262 ns
[2020-02-29T05:42:26.991+0000][1][safepoint    ] Safepoint "Cleanup", Time since last: 1002866987 ns, Reaching safepoint: 73582 ns, At safepoint: 9025 ns, Total: 82607 ns
[2020-02-29T05:42:27.503+0000][1][safepoint    ] Safepoint "RevokeBias", Time since last: 511078750 ns, Reaching safepoint: 129963 ns, At safepoint: 62143 ns, Total: 192106 ns
[2020-02-29T05:42:28.899+0000][1][safepoint    ] Safepoint "Cleanup", Time since last: 1396636379 ns, Reaching safepoint: 97202 ns, At safepoint: 13152 ns, Total: 110354 ns
[2020-02-29T05:42:29.907+0000][1][safepoint    ] Safepoint "Cleanup", Time since last: 1008063278 ns, Reaching safepoint: 91543 ns, At safepoint: 13039 ns, Total: 104582 ns
[2020-02-29T05:42:30.027+0000][1][safepoint    ] Safepoint "RevokeBias", Time since last: 119948524 ns, Reaching safepoint: 88698 ns, At safepoint: 21900 ns, Total: 110598 ns
[2020-02-29T05:42:31.036+0000][1][safepoint    ] Safepoint "Cleanup", Time since last: 1007954350 ns, Reaching safepoint: 69782 ns, At safepoint: 8545 ns, Total: 78327 ns
[2020-02-29T05:42:32.036+0000][1][safepoint    ] Safepoint "Cleanup", Time since last: 1000798694 ns, Reaching safepoint: 132682 ns, At safepoint: 13540 ns, Total: 146222 ns
[2020-02-29T05:42:32.544+0000][1][safepoint    ] Safepoint "RevokeBias", Time since last: 507395111 ns, Reaching safepoint: 201963 ns, At safepoint: 51755 ns, Total: 253718 ns
[2020-02-29T05:42:33.546+0000][1][safepoint    ] Safepoint "Cleanup", Time since last: 1002102292 ns, Reaching safepoint: 69498 ns, At safepoint: 8981 ns, Total: 78479 ns
[2020-02-29T05:42:34.548+0000][1][safepoint    ] Safepoint "Cleanup", Time since last: 1001190564 ns, Reaching safepoint: 89899 ns, At safepoint: 8991 ns, Total: 98890 ns
[2020-02-29T05:42:35.079+0000][1][safepoint    ] Safepoint "RevokeBias", Time since last: 524717785 ns, Reaching safepoint: 6245588 ns, At safepoint: 28928 ns, Total: 6274516 ns
[2020-02-29T05:42:36.088+0000][1][safepoint    ] Safepoint "Cleanup", Time since last: 1009599481 ns, Reaching safepoint: 91152 ns, At safepoint: 9534 ns, Total: 100686 ns
[2020-02-29T05:42:37.089+0000][1][safepoint    ] Safepoint "Cleanup", Time since last: 1000785240 ns, Reaching safepoint: 160703 ns, At safepoint: 14271 ns, Total: 174974 ns
[2020-02-29T05:42:37.578+0000][1][safepoint    ] Safepoint "RevokeBias", Time since last: 489040174 ns, Reaching safepoint: 145646 ns, At safepoint: 44915 ns, Total: 190561 ns
[2020-02-29T05:42:38.584+0000][1][safepoint    ] Safepoint "Cleanup", Time since last: 1004934876 ns, Reaching safepoint: 91233 ns, At safepoint: 9534 ns, Total: 100767 ns
[2020-02-29T05:42:39.594+0000][1][safepoint    ] Safepoint "Cleanup", Time since last: 1010007072 ns, Reaching safepoint: 198163 ns, At safepoint: 23309 ns, Total: 221472 ns
[2020-02-29T05:42:40.095+0000][1][safepoint    ] Safepoint "RevokeBias", Time since last: 501417689 ns, Reaching safepoint: 141096 ns, At safepoint: 22354 ns, Total: 163450 ns
[2020-02-29T05:42:41.100+0000][1][safepoint    ] Safepoint "Cleanup", Time since last: 1004067269 ns, Reaching safepoint: 241032 ns, At safepoint: 26185 ns, Total: 267217 ns
[2020-02-29T05:42:42.101+0000][1][safepoint    ] Safepoint "Cleanup", Time since last: 1001628487 ns, Reaching safepoint: 90671 ns, At safepoint: 10861 ns, Total: 101532 ns
[2020-02-29T05:42:42.754+0000][1][safepoint    ] Safepoint "RevokeBias", Time since last: 516793610 ns, Reaching safepoint: 135383938 ns, At safepoint: 49570 ns, Total: 135433508 ns
[2020-02-29T05:42:43.759+0000][1][safepoint    ] Safepoint "Cleanup", Time since last: 1005105745 ns, Reaching safepoint: 154229 ns, At safepoint: 18690 ns, Total: 172919 ns
[2020-02-29T05:42:44.762+0000][1][safepoint    ] Safepoint "Cleanup", Time since last: 1003293992 ns, Reaching safepoint: 122159 ns, At safepoint: 11919 ns, Total: 134078 ns
[2020-02-29T05:42:45.135+0000][1][safepoint    ] Safepoint "RevokeBias", Time since last: 372139077 ns, Reaching safepoint: 87446 ns, At safepoint: 21792 ns, Total: 109238 ns
[2020-02-29T05:42:46.145+0000][1][safepoint    ] Safepoint "Cleanup", Time since last: 1010443565 ns, Reaching safepoint: 75028 ns, At safepoint: 11087 ns, Total: 86115 ns
[2020-02-29T05:42:47.153+0000][1][safepoint    ] Safepoint "Cleanup", Time since last: 1007855922 ns, Reaching safepoint: 129993 ns, At safepoint: 14776 ns, Total: 144769 ns
[2020-02-29T05:42:47.665+0000][1][safepoint    ] Safepoint "RevokeBias", Time since last: 511164344 ns, Reaching safepoint: 210566 ns, At safepoint: 48820 ns, Total: 259386 ns
[2020-02-29T05:42:48.665+0000][1][safepoint    ] Safepoint "Cleanup", Time since last: 1000589098 ns, Reaching safepoint: 108084 ns, At safepoint: 14726 ns, Total: 122810 ns
[2020-02-29T05:42:49.673+0000][1][safepoint    ] Safepoint "Cleanup", Time since last: 1007965928 ns, Reaching safepoint: 130150 ns, At safepoint: 14275 ns, Total: 144425 ns
[2020-02-29T05:42:50.187+0000][1][safepoint    ] Safepoint "RevokeBias", Time since last: 513463781 ns, Reaching safepoint: 66027 ns, At safepoint: 20043 ns, Total: 86070 ns
[2020-02-29T05:42:51.188+0000][1][safepoint    ] Safepoint "Cleanup", Time since last: 1001103198 ns, Reaching safepoint: 91777 ns, At safepoint: 12644 ns, Total: 104421 ns
[2020-02-29T05:42:52.190+0000][1][safepoint    ] Safepoint "Cleanup", Time since last: 1001323242 ns, Reaching safepoint: 157058 ns, At safepoint: 17145 ns, Total: 174203 ns
[2020-02-29T05:42:52.710+0000][1][safepoint    ] Safepoint "RevokeBias", Time since last: 520650445 ns, Reaching safepoint: 68783 ns, At safepoint: 21443 ns, Total: 90226 ns
[2020-02-29T05:42:53.714+0000][1][safepoint    ] Safepoint "Cleanup", Time since last: 1003829228 ns, Reaching safepoint: 94261 ns, At safepoint: 13307 ns, Total: 107568 ns
[2020-02-29T05:42:54.716+0000][1][safepoint    ] Safepoint "Cleanup", Time since last: 1001175713 ns, Reaching safepoint: 93340 ns, At safepoint: 9460 ns, Total: 102800 ns
[2020-02-29T05:42:55.230+0000][1][safepoint    ] Safepoint "RevokeBias", Time since last: 514547619 ns, Reaching safepoint: 134406 ns, At safepoint: 23345 ns, Total: 157751 ns
[2020-02-29T05:42:56.231+0000][1][safepoint    ] Safepoint "Cleanup", Time since last: 1000923983 ns, Reaching safepoint: 89148 ns, At safepoint: 8702 ns, Total: 97850 ns
[2020-02-29T05:42:57.234+0000][1][safepoint    ] Safepoint "Cleanup", Time since last: 1002937756 ns, Reaching safepoint: 128476 ns, At safepoint: 13740 ns, Total: 142216 ns
[2020-02-29T05:42:57.903+0000][1][safepoint    ] Safepoint "RevokeBias", Time since last: 668495728 ns, Reaching safepoint: 70961 ns, At safepoint: 20164 ns, Total: 91125 ns
[2020-02-29T05:42:58.905+0000][1][safepoint    ] Safepoint "Cleanup", Time since last: 1002158747 ns, Reaching safepoint: 68442 ns, At safepoint: 8719 ns, Total: 77161 ns
[2020-02-29T05:42:59.906+0000][1][safepoint    ] Safepoint "Cleanup", Time since last: 1000908005 ns, Reaching safepoint: 69214 ns, At safepoint: 9159 ns, Total: 78373 ns
[2020-02-29T05:43:00.423+0000][1][safepoint    ] Safepoint "RevokeBias", Time since last: 516396005 ns, Reaching safepoint: 88631 ns, At safepoint: 21770 ns, Total: 110401 ns
[2020-02-29T05:43:01.423+0000][1][safepoint    ] Safepoint "Cleanup", Time since last: 1000683765 ns, Reaching safepoint: 97656 ns, At safepoint: 14205 ns, Total: 111861 ns
[2020-02-29T05:43:02.428+0000][1][safepoint    ] Safepoint "Cleanup", Time since last: 1004747061 ns, Reaching safepoint: 133611 ns, At safepoint: 14518 ns, Total: 148129 ns
[2020-02-29T05:43:02.949+0000][1][safepoint    ] Safepoint "RevokeBias", Time since last: 520638183 ns, Reaching safepoint: 86532 ns, At safepoint: 21075 ns, Total: 107607 ns
[2020-02-29T05:43:03.959+0000][1][safepoint    ] Safepoint "Cleanup", Time since last: 1009457388 ns, Reaching safepoint: 77474 ns, At safepoint: 8661 ns, Total: 86135 ns
[2020-02-29T05:43:04.961+0000][1][safepoint    ] Safepoint "Cleanup", Time since last: 1002477474 ns, Reaching safepoint: 132682 ns, At safepoint: 21827 ns, Total: 154509 ns
[2020-02-29T05:43:05.463+0000][1][safepoint    ] Safepoint "BulkRevokeBias", Time since last: 501283406 ns, Reaching safepoint: 91733 ns, At safepoint: 316489 ns, Total: 408222 ns
[2020-02-29T05:43:06.465+0000][1][safepoint    ] Safepoint "Cleanup", Time since last: 1002360890 ns, Reaching safepoint: 132102 ns, At safepoint: 13946 ns, Total: 146048 ns
[2020-02-29T05:43:07.467+0000][1][safepoint    ] Safepoint "Cleanup", Time since last: 1000938292 ns, Reaching safepoint: 166622 ns, At safepoint: 17719 ns, Total: 184341 ns
[2020-02-29T05:43:08.015+0000][1][safepoint    ] Safepoint "RevokeBias", Time since last: 548561019 ns, Reaching safepoint: 199134 ns, At safepoint: 51314 ns, Total: 250448 ns
[2020-02-29T05:43:09.026+0000][1][safepoint    ] Safepoint "Cleanup", Time since last: 1010882285 ns, Reaching safepoint: 68757 ns, At safepoint: 9390 ns, Total: 78147 ns
[2020-02-29T05:43:10.029+0000][1][safepoint    ] Safepoint "Cleanup", Time since last: 1002396978 ns, Reaching safepoint: 129477 ns, At safepoint: 13434 ns, Total: 142911 ns
[2020-02-29T05:43:10.552+0000][1][safepoint    ] Safepoint "RevokeBias", Time since last: 523135428 ns, Reaching safepoint: 95878 ns, At safepoint: 21775 ns, Total: 117653 ns
[2020-02-29T05:43:11.556+0000][1][safepoint    ] Safepoint "Cleanup", Time since last: 1003225781 ns, Reaching safepoint: 93125 ns, At safepoint: 9338 ns, Total: 102463 ns
[2020-02-29T05:43:12.565+0000][1][safepoint    ] Safepoint "Cleanup", Time since last: 1009523276 ns, Reaching safepoint: 133861 ns, At safepoint: 22514 ns, Total: 156375 ns
[2020-02-29T05:43:13.083+0000][1][safepoint    ] Safepoint "RevokeBias", Time since last: 517632286 ns, Reaching safepoint: 60849 ns, At safepoint: 19201 ns, Total: 80050 ns
[2020-02-29T05:43:14.088+0000][1][safepoint    ] Safepoint "Cleanup", Time since last: 1005415857 ns, Reaching safepoint: 69790 ns, At safepoint: 9151 ns, Total: 78941 ns
[2020-02-29T05:43:15.096+0000][1][safepoint    ] Safepoint "Cleanup", Time since last: 1007080400 ns, Reaching safepoint: 66827 ns, At safepoint: 8774 ns, Total: 75601 ns
[2020-02-29T05:43:15.606+0000][1][safepoint    ] Safepoint "RevokeBias", Time since last: 509710001 ns, Reaching safepoint: 249866 ns, At safepoint: 27891 ns, Total: 277757 ns
[2020-02-29T05:43:16.616+0000][1][safepoint    ] Safepoint "Cleanup", Time since last: 1010514557 ns, Reaching safepoint: 87617 ns, At safepoint: 9703 ns, Total: 97320 ns
[2020-02-29T05:43:17.622+0000][1][safepoint    ] Safepoint "Cleanup", Time since last: 1006176997 ns, Reaching safepoint: 93276 ns, At safepoint: 14020 ns, Total: 107296 ns
[2020-02-29T05:43:18.128+0000][1][safepoint    ] Safepoint "RevokeBias", Time since last: 505251768 ns, Reaching safepoint: 128584 ns, At safepoint: 31999 ns, Total: 160583 ns
[2020-02-29T05:43:19.128+0000][1][safepoint    ] Safepoint "Cleanup", Time since last: 1000355915 ns, Reaching safepoint: 92311 ns, At safepoint: 13470 ns, Total: 105781 ns
[2020-02-29T05:43:20.343+0000][1][safepoint    ] Safepoint "Cleanup", Time since last: 1214254394 ns, Reaching safepoint: 72050 ns, At safepoint: 8532 ns, Total: 80582 ns
[2020-02-29T05:43:20.641+0000][1][safepoint    ] Safepoint "RevokeBias", Time since last: 298263542 ns, Reaching safepoint: 200911 ns, At safepoint: 124020 ns, Total: 324931 ns
[2020-02-29T05:43:21.647+0000][1][safepoint    ] Safepoint "Cleanup", Time since last: 1006093917 ns, Reaching safepoint: 88650 ns, At safepoint: 11972 ns, Total: 100622 ns
[2020-02-29T05:43:22.650+0000][1][safepoint    ] Safepoint "Cleanup", Time since last: 1002001337 ns, Reaching safepoint: 94915 ns, At safepoint: 30625 ns, Total: 125540 ns
[2020-02-29T05:43:23.160+0000][1][safepoint    ] Safepoint "RevokeBias", Time since last: 510715324 ns, Reaching safepoint: 76729 ns, At safepoint: 32214 ns, Total: 108943 ns
[2020-02-29T05:43:24.162+0000][1][safepoint    ] Safepoint "Cleanup", Time since last: 1001781508 ns, Reaching safepoint: 66734 ns, At safepoint: 8357 ns, Total: 75091 ns
[2020-02-29T05:43:25.164+0000][1][safepoint    ] Safepoint "Cleanup", Time since last: 1001476576 ns, Reaching safepoint: 100282 ns, At safepoint: 8616 ns, Total: 108898 ns
[2020-02-29T05:43:25.681+0000][1][safepoint    ] Safepoint "RevokeBias", Time since last: 517576449 ns, Reaching safepoint: 81348 ns, At safepoint: 22892 ns, Total: 104240 ns
[2020-02-29T05:43:26.692+0000][1][safepoint    ] Safepoint "Cleanup", Time since last: 1010515385 ns, Reaching safepoint: 68111 ns, At safepoint: 9553 ns, Total: 77664 ns
[2020-02-29T05:43:27.698+0000][1][safepoint    ] Safepoint "Cleanup", Time since last: 1000389499 ns, Reaching safepoint: 5895035 ns, At safepoint: 15268 ns, Total: 5910303 ns
[2020-02-29T05:43:28.204+0000][1][safepoint    ] Safepoint "RevokeBias", Time since last: 505831466 ns, Reaching safepoint: 130570 ns, At safepoint: 45911 ns, Total: 176481 ns
[2020-02-29T05:43:29.215+0000][1][safepoint    ] Safepoint "Cleanup", Time since last: 1010926363 ns, Reaching safepoint: 129039 ns, At safepoint: 13900 ns, Total: 142939 ns
[2020-02-29T05:43:30.216+0000][1][safepoint    ] Safepoint "Cleanup", Time since last: 1000393322 ns, Reaching safepoint: 197181 ns, At safepoint: 24686 ns, Total: 221867 ns
[2020-02-29T05:43:30.731+0000][1][safepoint    ] Safepoint "RevokeBias", Time since last: 514546573 ns, Reaching safepoint: 160897 ns, At safepoint: 37904 ns, Total: 198801 ns
[2020-02-29T05:43:32.504+0000][1][safepoint    ] Safepoint "Cleanup", Time since last: 1773316328 ns, Reaching safepoint: 90683 ns, At safepoint: 9082 ns, Total: 99765 ns
[2020-02-29T05:43:33.265+0000][1][safepoint    ] Safepoint "RevokeBias", Time since last: 760069158 ns, Reaching safepoint: 200686 ns, At safepoint: 26057 ns, Total: 226743 ns
[2020-02-29T05:43:34.267+0000][1][safepoint    ] Safepoint "Cleanup", Time since last: 1002697356 ns, Reaching safepoint: 89104 ns, At safepoint: 9226 ns, Total: 98330 ns
[2020-02-29T05:43:35.268+0000][1][safepoint    ] Safepoint "Cleanup", Time since last: 1000632261 ns, Reaching safepoint: 197635 ns, At safepoint: 23316 ns, Total: 220951 ns
[2020-02-29T05:43:35.787+0000][1][safepoint    ] Safepoint "RevokeBias", Time since last: 518086554 ns, Reaching safepoint: 198466 ns, At safepoint: 53024 ns, Total: 251490 ns
[2020-02-29T05:43:36.787+0000][1][safepoint    ] Safepoint "Cleanup", Time since last: 1000568886 ns, Reaching safepoint: 95461 ns, At safepoint: 13005 ns, Total: 108466 ns
[2020-02-29T05:43:37.792+0000][1][safepoint    ] Safepoint "Cleanup", Time since last: 1004234830 ns, Reaching safepoint: 128120 ns, At safepoint: 13970 ns, Total: 142090 ns
[2020-02-29T05:43:38.316+0000][1][safepoint    ] Safepoint "RevokeBias", Time since last: 524304498 ns, Reaching safepoint: 88558 ns, At safepoint: 21919 ns, Total: 110477 ns
[2020-02-29T05:43:39.327+0000][1][safepoint    ] Safepoint "Cleanup", Time since last: 1011165909 ns, Reaching safepoint: 112040 ns, At safepoint: 14419 ns, Total: 126459 ns
[2020-02-29T05:43:40.328+0000][1][safepoint    ] Safepoint "Cleanup", Time since last: 1000312211 ns, Reaching safepoint: 129170 ns, At safepoint: 13489 ns, Total: 142659 ns
[2020-02-29T05:43:40.840+0000][1][safepoint    ] Safepoint "RevokeBias", Time since last: 512639456 ns, Reaching safepoint: 63118 ns, At safepoint: 18875 ns, Total: 81993 ns
[2020-02-29T05:43:41.841+0000][1][safepoint    ] Safepoint "Cleanup", Time since last: 1000556554 ns, Reaching safepoint: 199277 ns, At safepoint: 24783 ns, Total: 224060 ns
[2020-02-29T05:43:42.845+0000][1][safepoint    ] Safepoint "Cleanup", Time since last: 1003282401 ns, Reaching safepoint: 209995 ns, At safepoint: 20185 ns, Total: 230180 ns
[2020-02-29T05:43:43.367+0000][1][safepoint    ] Safepoint "RevokeBias", Time since last: 521821251 ns, Reaching safepoint: 89571 ns, At safepoint: 22177 ns, Total: 111748 ns
[2020-02-29T05:43:44.370+0000][1][safepoint    ] Safepoint "Cleanup", Time since last: 1003405617 ns, Reaching safepoint: 156021 ns, At safepoint: 21618 ns, Total: 177639 ns
[2020-02-29T05:43:45.338+0000][1][gc,start     ] GC(55) Pause Young (Allocation Failure)
[2020-02-29T05:43:45.338+0000][1][gc,task      ] GC(55) Using 1 workers of 1 for evacuation
[2020-02-29T05:43:45.381+0000][1][gc,age       ] GC(55) Desired survivor size 4358144 bytes, new threshold 6 (max threshold 6)
[2020-02-29T05:43:45.381+0000][1][gc,age       ] GC(55) Age table with threshold 6 (max threshold 6)
[2020-02-29T05:43:45.381+0000][1][gc,age       ] GC(55) - age   1:      12192 bytes,      12192 total
[2020-02-29T05:43:45.381+0000][1][gc,age       ] GC(55) - age   2:       1152 bytes,      13344 total
[2020-02-29T05:43:45.381+0000][1][gc,age       ] GC(55) - age   3:        208 bytes,      13552 total
[2020-02-29T05:43:45.381+0000][1][gc,age       ] GC(55) - age   4:        192 bytes,      13744 total
[2020-02-29T05:43:45.381+0000][1][gc,age       ] GC(55) - age   5:        376 bytes,      14120 total
[2020-02-29T05:43:45.381+0000][1][gc,age       ] GC(55) - age   6:        440 bytes,      14560 total
[2020-02-29T05:43:45.381+0000][1][gc,heap      ] GC(55) ParNew: 68198K->25K(76672K)
[2020-02-29T05:43:45.381+0000][1][gc,heap      ] GC(55) CMS: 62527K->62531K(963392K)
[2020-02-29T05:43:45.381+0000][1][gc,metaspace ] GC(55) Metaspace: 79538K->79538K(1122304K)
[2020-02-29T05:43:45.381+0000][1][gc           ] GC(55) Pause Young (Allocation Failure) 127M->61M(1015M) 43.698ms
[2020-02-29T05:43:45.381+0000][1][gc,cpu       ] GC(55) User=0.03s Sys=0.00s Real=0.04s
[2020-02-29T05:43:45.381+0000][1][safepoint    ] Safepoint "GenCollectForAllocation", Time since last: 967178971 ns, Reaching safepoint: 134100 ns, At safepoint: 43835263 ns, Total: 43969363 ns
[2020-02-29T05:43:45.886+0000][1][safepoint    ] Safepoint "RevokeBias", Time since last: 504029597 ns, Reaching safepoint: 88453 ns, At safepoint: 29973 ns, Total: 118426 ns
[2020-02-29T05:43:46.887+0000][1][safepoint    ] Safepoint "Cleanup", Time since last: 1000675729 ns, Reaching safepoint: 206402 ns, At safepoint: 72111 ns, Total: 278513 ns
[2020-02-29T05:43:47.891+0000][1][safepoint    ] Safepoint "Cleanup", Time since last: 1004806924 ns, Reaching safepoint: 68511 ns, At safepoint: 9166 ns, Total: 77677 ns
[2020-02-29T05:43:48.407+0000][1][safepoint    ] Safepoint "RevokeBias", Time since last: 515332290 ns, Reaching safepoint: 206355 ns, At safepoint: 52788 ns, Total: 259143 ns
[2020-02-29T05:43:49.410+0000][1][safepoint    ] Safepoint "Cleanup", Time since last: 1003077200 ns, Reaching safepoint: 59605 ns, At safepoint: 6054 ns, Total: 65659 ns
[2020-02-29T05:43:50.411+0000][1][safepoint    ] Safepoint "Cleanup", Time since last: 1001011274 ns, Reaching safepoint: 90012 ns, At safepoint: 12641 ns, Total: 102653 ns
[2020-02-29T05:43:50.930+0000][1][safepoint    ] Safepoint "RevokeBias", Time since last: 518182714 ns, Reaching safepoint: 87854 ns, At safepoint: 29758 ns, Total: 117612 ns
[2020-02-29T05:43:51.930+0000][1][safepoint    ] Safepoint "Cleanup", Time since last: 1000775253 ns, Reaching safepoint: 68912 ns, At safepoint: 8831 ns, Total: 77743 ns
[2020-02-29T05:43:52.935+0000][1][safepoint    ] Safepoint "Cleanup", Time since last: 1004517408 ns, Reaching safepoint: 157671 ns, At safepoint: 24639 ns, Total: 182310 ns
[2020-02-29T05:43:53.457+0000][1][safepoint    ] Safepoint "RevokeBias", Time since last: 521456630 ns, Reaching safepoint: 120960 ns, At safepoint: 24782 ns, Total: 145742 ns
[2020-02-29T05:43:54.460+0000][1][safepoint    ] Safepoint "Cleanup", Time since last: 1002742262 ns, Reaching safepoint: 113356 ns, At safepoint: 13611 ns, Total: 126967 ns
[2020-02-29T05:43:55.466+0000][1][safepoint    ] Safepoint "Cleanup", Time since last: 1005918307 ns, Reaching safepoint: 90854 ns, At safepoint: 8780 ns, Total: 99634 ns
[2020-02-29T05:43:55.977+0000][1][safepoint    ] Safepoint "RevokeBias", Time since last: 511103238 ns, Reaching safepoint: 117830 ns, At safepoint: 34574 ns, Total: 152404 ns
[2020-02-29T05:43:56.979+0000][1][safepoint    ] Safepoint "Cleanup", Time since last: 1002346519 ns, Reaching safepoint: 122217 ns, At safepoint: 10513 ns, Total: 132730 ns
[2020-02-29T05:43:57.988+0000][1][safepoint    ] Safepoint "Cleanup", Time since last: 1002831664 ns, Reaching safepoint: 6150196 ns, At safepoint: 20838 ns, Total: 6171034 ns
[2020-02-29T05:43:58.499+0000][1][safepoint    ] Safepoint "RevokeBias", Time since last: 510807351 ns, Reaching safepoint: 137001 ns, At safepoint: 118972 ns, Total: 255973 ns
[2020-02-29T05:43:59.504+0000][1][safepoint    ] Safepoint "Cleanup", Time since last: 1004865111 ns, Reaching safepoint: 129911 ns, At safepoint: 13897 ns, Total: 143808 ns
[2020-02-29T05:44:00.505+0000][1][safepoint    ] Safepoint "Cleanup", Time since last: 1000880128 ns, Reaching safepoint: 184943 ns, At safepoint: 21752 ns, Total: 206695 ns
[2020-02-29T05:44:01.013+0000][1][safepoint    ] Safepoint "RevokeBias", Time since last: 507440267 ns, Reaching safepoint: 87200 ns, At safepoint: 20823 ns, Total: 108023 ns
[2020-02-29T05:44:02.014+0000][1][safepoint    ] Safepoint "Cleanup", Time since last: 1000347470 ns, Reaching safepoint: 138773 ns, At safepoint: 15067 ns, Total: 153840 ns
[2020-02-29T05:44:03.023+0000][1][safepoint    ] Safepoint "Cleanup", Time since last: 1009624459 ns, Reaching safepoint: 91246 ns, At safepoint: 9788 ns, Total: 101034 ns
[2020-02-29T05:44:03.538+0000][1][safepoint    ] Safepoint "RevokeBias", Time since last: 514163104 ns, Reaching safepoint: 129259 ns, At safepoint: 31778 ns, Total: 161037 ns
[2020-02-29T05:44:04.538+0000][1][safepoint    ] Safepoint "Cleanup", Time since last: 1000694201 ns, Reaching safepoint: 129288 ns, At safepoint: 13431 ns, Total: 142719 ns
[2020-02-29T05:44:05.540+0000][1][safepoint    ] Safepoint "Cleanup", Time since last: 1001666335 ns, Reaching safepoint: 128913 ns, At safepoint: 14291 ns, Total: 143204 ns
[2020-02-29T05:44:06.061+0000][1][safepoint    ] Safepoint "RevokeBias", Time since last: 520920926 ns, Reaching safepoint: 107559 ns, At safepoint: 26466 ns, Total: 134025 ns
[2020-02-29T05:44:07.071+0000][1][safepoint    ] Safepoint "Cleanup", Time since last: 1009218604 ns, Reaching safepoint: 95999 ns, At safepoint: 12925 ns, Total: 108924 ns
[2020-02-29T05:44:08.072+0000][1][safepoint    ] Safepoint "Cleanup", Time since last: 1000840001 ns, Reaching safepoint: 132895 ns, At safepoint: 20187 ns, Total: 153082 ns
[2020-02-29T05:44:08.576+0000][1][safepoint    ] Safepoint "RevokeBias", Time since last: 504114329 ns, Reaching safepoint: 208239 ns, At safepoint: 53914 ns, Total: 262153 ns
[2020-02-29T05:44:09.583+0000][1][safepoint    ] Safepoint "Cleanup", Time since last: 1006635336 ns, Reaching safepoint: 145942 ns, At safepoint: 20870 ns, Total: 166812 ns
[2020-02-29T05:44:10.592+0000][1][safepoint    ] Safepoint "Cleanup", Time since last: 1009216230 ns, Reaching safepoint: 92358 ns, At safepoint: 13801 ns, Total: 106159 ns
[2020-02-29T05:44:11.099+0000][1][safepoint    ] Safepoint "RevokeBias", Time since last: 507176790 ns, Reaching safepoint: 102628 ns, At safepoint: 23637 ns, Total: 126265 ns
[2020-02-29T05:44:12.104+0000][1][safepoint    ] Safepoint "Cleanup", Time since last: 1004686671 ns, Reaching safepoint: 134446 ns, At safepoint: 22721 ns, Total: 157167 ns
[2020-02-29T05:44:13.105+0000][1][safepoint    ] Safepoint "Cleanup", Time since last: 1000943979 ns, Reaching safepoint: 95101 ns, At safepoint: 13154 ns, Total: 108255 ns
[2020-02-29T05:44:13.615+0000][1][safepoint    ] Safepoint "RevokeBias", Time since last: 509536904 ns, Reaching safepoint: 214919 ns, At safepoint: 51279 ns, Total: 266198 ns
[2020-02-29T05:44:14.616+0000][1][safepoint    ] Safepoint "Cleanup", Time since last: 1001047497 ns, Reaching safepoint: 89632 ns, At safepoint: 8810 ns, Total: 98442 ns
[2020-02-29T05:44:15.619+0000][1][safepoint    ] Safepoint "Cleanup", Time since last: 1002986767 ns, Reaching safepoint: 89800 ns, At safepoint: 9228 ns, Total: 99028 ns
[2020-02-29T05:44:16.136+0000][1][safepoint    ] Safepoint "RevokeBias", Time since last: 516552294 ns, Reaching safepoint: 87788 ns, At safepoint: 21912 ns, Total: 109700 ns
[2020-02-29T05:44:17.144+0000][1][safepoint    ] Safepoint "Cleanup", Time since last: 1007357593 ns, Reaching safepoint: 156242 ns, At safepoint: 18391 ns, Total: 174633 ns
[2020-02-29T05:44:18.154+0000][1][safepoint    ] Safepoint "Cleanup", Time since last: 1010041024 ns, Reaching safepoint: 115110 ns, At safepoint: 14984 ns, Total: 130094 ns
[2020-02-29T05:44:18.669+0000][1][safepoint    ] Safepoint "BulkRevokeBias", Time since last: 514841125 ns, Reaching safepoint: 86658 ns, At safepoint: 227048 ns, Total: 313706 ns
[2020-02-29T05:44:19.679+0000][1][safepoint    ] Safepoint "Cleanup", Time since last: 1010147053 ns, Reaching safepoint: 88683 ns, At safepoint: 9010 ns, Total: 97693 ns
[2020-02-29T05:44:20.682+0000][1][safepoint    ] Safepoint "Cleanup", Time since last: 1003201563 ns, Reaching safepoint: 90105 ns, At safepoint: 8682 ns, Total: 98787 ns
[2020-02-29T05:44:21.197+0000][1][safepoint    ] Safepoint "RevokeBias", Time since last: 514779989 ns, Reaching safepoint: 86756 ns, At safepoint: 21853 ns, Total: 108609 ns
[2020-02-29T05:44:22.198+0000][1][safepoint    ] Safepoint "Cleanup", Time since last: 1000702734 ns, Reaching safepoint: 130347 ns, At safepoint: 13456 ns, Total: 143803 ns
[2020-02-29T05:44:23.200+0000][1][safepoint    ] Safepoint "Cleanup", Time since last: 1001241953 ns, Reaching safepoint: 127293 ns, At safepoint: 12051 ns, Total: 139344 ns
[2020-02-29T05:44:23.719+0000][1][safepoint    ] Safepoint "RevokeBias", Time since last: 518911653 ns, Reaching safepoint: 203862 ns, At safepoint: 53891 ns, Total: 257753 ns
[2020-02-29T05:44:24.720+0000][1][safepoint    ] Safepoint "Cleanup", Time since last: 1001381531 ns, Reaching safepoint: 89081 ns, At safepoint: 8878 ns, Total: 97959 ns
[2020-02-29T05:44:25.724+0000][1][safepoint    ] Safepoint "Cleanup", Time since last: 1003284942 ns, Reaching safepoint: 112743 ns, At safepoint: 14070 ns, Total: 126813 ns
[2020-02-29T05:44:26.237+0000][1][safepoint    ] Safepoint "RevokeBias", Time since last: 513288106 ns, Reaching safepoint: 88022 ns, At safepoint: 21358 ns, Total: 109380 ns
[2020-02-29T05:44:27.245+0000][1][safepoint    ] Safepoint "Cleanup", Time since last: 1007411103 ns, Reaching safepoint: 90570 ns, At safepoint: 10984 ns, Total: 101554 ns
[2020-02-29T05:44:28.254+0000][1][safepoint    ] Safepoint "Cleanup", Time since last: 1009712055 ns, Reaching safepoint: 129464 ns, At safepoint: 15178 ns, Total: 144642 ns
[2020-02-29T05:44:28.757+0000][1][safepoint    ] Safepoint "RevokeBias", Time since last: 502686180 ns, Reaching safepoint: 87452 ns, At safepoint: 22396 ns, Total: 109848 ns
[2020-02-29T05:44:29.761+0000][1][safepoint    ] Safepoint "Cleanup", Time since last: 1003892696 ns, Reaching safepoint: 133108 ns, At safepoint: 14079 ns, Total: 147187 ns
[2020-02-29T05:44:30.770+0000][1][safepoint    ] Safepoint "Cleanup", Time since last: 1008815247 ns, Reaching safepoint: 98379 ns, At safepoint: 14709 ns, Total: 113088 ns
[2020-02-29T05:44:31.285+0000][1][safepoint    ] Safepoint "RevokeBias", Time since last: 514680225 ns, Reaching safepoint: 90728 ns, At safepoint: 21702 ns, Total: 112430 ns
[2020-02-29T05:44:32.291+0000][1][safepoint    ] Safepoint "Cleanup", Time since last: 1006208456 ns, Reaching safepoint: 68599 ns, At safepoint: 10241 ns, Total: 78840 ns
[2020-02-29T05:44:33.292+0000][1][safepoint    ] Safepoint "Cleanup", Time since last: 1001075541 ns, Reaching safepoint: 185542 ns, At safepoint: 25087 ns, Total: 210629 ns
[2020-02-29T05:44:33.809+0000][1][safepoint    ] Safepoint "RevokeBias", Time since last: 516523374 ns, Reaching safepoint: 61696 ns, At safepoint: 19587 ns, Total: 81283 ns
[2020-02-29T05:44:34.817+0000][1][safepoint    ] Safepoint "Cleanup", Time since last: 1007638255 ns, Reaching safepoint: 102847 ns, At safepoint: 10526 ns, Total: 113373 ns
[2020-02-29T05:44:35.818+0000][1][safepoint    ] Safepoint "Cleanup", Time since last: 1001437592 ns, Reaching safepoint: 168738 ns, At safepoint: 14873 ns, Total: 183611 ns
[2020-02-29T05:44:36.336+0000][1][safepoint    ] Safepoint "RevokeBias", Time since last: 517676837 ns, Reaching safepoint: 88072 ns, At safepoint: 41617 ns, Total: 129689 ns
[2020-02-29T05:44:37.337+0000][1][safepoint    ] Safepoint "Cleanup", Time since last: 1001072173 ns, Reaching safepoint: 69358 ns, At safepoint: 9866 ns, Total: 79224 ns
[2020-02-29T05:44:38.338+0000][1][safepoint    ] Safepoint "Cleanup", Time since last: 1000681001 ns, Reaching safepoint: 132218 ns, At safepoint: 15801 ns, Total: 148019 ns
[2020-02-29T05:44:38.867+0000][1][safepoint    ] Safepoint "RevokeBias", Time since last: 528621996 ns, Reaching safepoint: 203966 ns, At safepoint: 53896 ns, Total: 257862 ns
[2020-02-29T05:44:39.868+0000][1][safepoint    ] Safepoint "Cleanup", Time since last: 1000971641 ns, Reaching safepoint: 135253 ns, At safepoint: 22010 ns, Total: 157263 ns
[2020-02-29T05:44:40.873+0000][1][safepoint    ] Safepoint "Cleanup", Time since last: 1004124427 ns, Reaching safepoint: 123034 ns, At safepoint: 12995 ns, Total: 136029 ns
[2020-02-29T05:44:41.396+0000][1][safepoint    ] Safepoint "RevokeBias", Time since last: 523467536 ns, Reaching safepoint: 86225 ns, At safepoint: 21803 ns, Total: 108028 ns
[2020-02-29T05:44:42.406+0000][1][safepoint    ] Safepoint "Cleanup", Time since last: 1009973478 ns, Reaching safepoint: 105011 ns, At safepoint: 10190 ns, Total: 115201 ns
[2020-02-29T05:44:43.406+0000][1][safepoint    ] Safepoint "Cleanup", Time since last: 1000201883 ns, Reaching safepoint: 96271 ns, At safepoint: 12542 ns, Total: 108813 ns
[2020-02-29T05:44:43.916+0000][1][safepoint    ] Safepoint "RevokeBias", Time since last: 509172437 ns, Reaching safepoint: 63289 ns, At safepoint: 19734 ns, Total: 83023 ns
[2020-02-29T05:44:44.916+0000][1][safepoint    ] Safepoint "Cleanup", Time since last: 1000530346 ns, Reaching safepoint: 132731 ns, At safepoint: 14742 ns, Total: 147473 ns
[2020-02-29T05:44:45.924+0000][1][safepoint    ] Safepoint "Cleanup", Time since last: 1007078200 ns, Reaching safepoint: 137748 ns, At safepoint: 20544 ns, Total: 158292 ns
[2020-02-29T05:44:46.443+0000][1][safepoint    ] Safepoint "RevokeBias", Time since last: 519348053 ns, Reaching safepoint: 98395 ns, At safepoint: 28931 ns, Total: 127326 ns
[2020-02-29T05:44:47.445+0000][1][safepoint    ] Safepoint "Cleanup", Time since last: 1001302273 ns, Reaching safepoint: 94836 ns, At safepoint: 13313 ns, Total: 108149 ns
[2020-02-29T05:44:48.445+0000][1][safepoint    ] Safepoint "Cleanup", Time since last: 1000738359 ns, Reaching safepoint: 89526 ns, At safepoint: 8588 ns, Total: 98114 ns
[2020-02-29T05:44:48.974+0000][1][safepoint    ] Safepoint "RevokeBias", Time since last: 527878059 ns, Reaching safepoint: 205160 ns, At safepoint: 53715 ns, Total: 258875 ns
[2020-02-29T05:44:49.974+0000][1][safepoint    ] Safepoint "Cleanup", Time since last: 1000658456 ns, Reaching safepoint: 199531 ns, At safepoint: 23942 ns, Total: 223473 ns
[2020-02-29T05:44:50.978+0000][1][safepoint    ] Safepoint "Cleanup", Time since last: 1003618613 ns, Reaching safepoint: 92286 ns, At safepoint: 9105 ns, Total: 101391 ns
[2020-02-29T05:44:51.487+0000][1][safepoint    ] Safepoint "RevokeBias", Time since last: 508204097 ns, Reaching safepoint: 230620 ns, At safepoint: 84635 ns, Total: 315255 ns
[2020-02-29T05:44:52.494+0000][1][safepoint    ] Safepoint "Cleanup", Time since last: 1007652125 ns, Reaching safepoint: 127941 ns, At safepoint: 13411 ns, Total: 141352 ns
[2020-02-29T05:44:53.501+0000][1][safepoint    ] Safepoint "Cleanup", Time since last: 1006102623 ns, Reaching safepoint: 127677 ns, At safepoint: 10165 ns, Total: 137842 ns
[2020-02-29T05:44:54.007+0000][1][safepoint    ] Safepoint "RevokeBias", Time since last: 506706350 ns, Reaching safepoint: 89621 ns, At safepoint: 22137 ns, Total: 111758 ns
[2020-02-29T05:44:55.010+0000][1][safepoint    ] Safepoint "Cleanup", Time since last: 1002416371 ns, Reaching safepoint: 129720 ns, At safepoint: 14252 ns, Total: 143972 ns
[2020-02-29T05:44:56.017+0000][1][safepoint    ] Safepoint "Cleanup", Time since last: 1007068159 ns, Reaching safepoint: 130884 ns, At safepoint: 14454 ns, Total: 145338 ns
[2020-02-29T05:44:56.521+0000][1][safepoint    ] Safepoint "RevokeBias", Time since last: 503754448 ns, Reaching safepoint: 99395 ns, At safepoint: 22787 ns, Total: 122182 ns
[2020-02-29T05:44:57.525+0000][1][safepoint    ] Safepoint "Cleanup", Time since last: 1003235993 ns, Reaching safepoint: 199070 ns, At safepoint: 22086 ns, Total: 221156 ns
[2020-02-29T05:44:58.530+0000][1][safepoint    ] Safepoint "Cleanup", Time since last: 1005625182 ns, Reaching safepoint: 197978 ns, At safepoint: 22316 ns, Total: 220294 ns
[2020-02-29T05:44:59.035+0000][1][safepoint    ] Safepoint "RevokeBias", Time since last: 504480681 ns, Reaching safepoint: 85996 ns, At safepoint: 29091 ns, Total: 115087 ns
[2020-02-29T05:45:00.036+0000][1][safepoint    ] Safepoint "Cleanup", Time since last: 1000432494 ns, Reaching safepoint: 134937 ns, At safepoint: 16796 ns, Total: 151733 ns
[2020-02-29T05:45:01.038+0000][1][safepoint    ] Safepoint "Cleanup", Time since last: 1002286277 ns, Reaching safepoint: 88724 ns, At safepoint: 8337 ns, Total: 97061 ns
[2020-02-29T05:45:01.554+0000][1][safepoint    ] Safepoint "RevokeBias", Time since last: 515887225 ns, Reaching safepoint: 252321 ns, At safepoint: 67099 ns, Total: 319420 ns
[2020-02-29T05:45:02.563+0000][1][safepoint    ] Safepoint "Cleanup", Time since last: 1008921583 ns, Reaching safepoint: 198241 ns, At safepoint: 14270 ns, Total: 212511 ns
[2020-02-29T05:45:03.564+0000][1][safepoint    ] Safepoint "Cleanup", Time since last: 1000570190 ns, Reaching safepoint: 128978 ns, At safepoint: 13388 ns, Total: 142366 ns
[2020-02-29T05:45:04.075+0000][1][safepoint    ] Safepoint "RevokeBias", Time since last: 510428983 ns, Reaching safepoint: 87792 ns, At safepoint: 21075 ns, Total: 108867 ns
[2020-02-29T05:45:05.083+0000][1][safepoint    ] Safepoint "Cleanup", Time since last: 1008509628 ns, Reaching safepoint: 212552 ns, At safepoint: 13429 ns, Total: 225981 ns
[2020-02-29T05:45:06.087+0000][1][safepoint    ] Safepoint "Cleanup", Time since last: 1003680516 ns, Reaching safepoint: 106849 ns, At safepoint: 11081 ns, Total: 117930 ns
[2020-02-29T05:45:06.598+0000][1][safepoint    ] Safepoint "RevokeBias", Time since last: 510478770 ns, Reaching safepoint: 117756 ns, At safepoint: 111279 ns, Total: 229035 ns
[2020-02-29T05:45:07.601+0000][1][safepoint    ] Safepoint "Cleanup", Time since last: 1003520273 ns, Reaching safepoint: 89837 ns, At safepoint: 9580 ns, Total: 99417 ns
[2020-02-29T05:45:08.605+0000][1][safepoint    ] Safepoint "Cleanup", Time since last: 1003820966 ns, Reaching safepoint: 102334 ns, At safepoint: 13433 ns, Total: 115767 ns
[2020-02-29T05:45:09.125+0000][1][safepoint    ] Safepoint "RevokeBias", Time since last: 519813614 ns, Reaching safepoint: 89138 ns, At safepoint: 28845 ns, Total: 117983 ns
[2020-02-29T05:45:10.135+0000][1][safepoint    ] Safepoint "Cleanup", Time since last: 1009135482 ns, Reaching safepoint: 68423 ns, At safepoint: 9506 ns, Total: 77929 ns
[2020-02-29T05:45:11.144+0000][1][safepoint    ] Safepoint "Cleanup", Time since last: 1009166933 ns, Reaching safepoint: 133607 ns, At safepoint: 18448 ns, Total: 152055 ns
[2020-02-29T05:45:11.661+0000][1][safepoint    ] Safepoint "RevokeBias", Time since last: 516868367 ns, Reaching safepoint: 114079 ns, At safepoint: 32448 ns, Total: 146527 ns
[2020-02-29T05:45:12.664+0000][1][safepoint    ] Safepoint "Cleanup", Time since last: 1003410487 ns, Reaching safepoint: 88350 ns, At safepoint: 9414 ns, Total: 97764 ns
[2020-02-29T05:45:13.667+0000][1][safepoint    ] Safepoint "Cleanup", Time since last: 1002235002 ns, Reaching safepoint: 86552 ns, At safepoint: 7579 ns, Total: 94131 ns
[2020-02-29T05:45:14.175+0000][1][safepoint    ] Safepoint "RevokeBias", Time since last: 507709134 ns, Reaching safepoint: 65886 ns, At safepoint: 19264 ns, Total: 85150 ns
[2020-02-29T05:45:15.175+0000][1][safepoint    ] Safepoint "Cleanup", Time since last: 1000570363 ns, Reaching safepoint: 128759 ns, At safepoint: 13664 ns, Total: 142423 ns
[2020-02-29T05:45:16.176+0000][1][safepoint    ] Safepoint "Cleanup", Time since last: 1000731312 ns, Reaching safepoint: 284876 ns, At safepoint: 35445 ns, Total: 320321 ns
[2020-02-29T05:45:16.699+0000][1][safepoint    ] Safepoint "RevokeBias", Time since last: 522616224 ns, Reaching safepoint: 89251 ns, At safepoint: 28405 ns, Total: 117656 ns
[2020-02-29T05:45:17.700+0000][1][safepoint    ] Safepoint "Cleanup", Time since last: 1000706315 ns, Reaching safepoint: 195805 ns, At safepoint: 19330 ns, Total: 215135 ns
[2020-02-29T05:45:18.703+0000][1][safepoint    ] Safepoint "Cleanup", Time since last: 1002528213 ns, Reaching safepoint: 92167 ns, At safepoint: 10496 ns, Total: 102663 ns
[2020-02-29T05:45:19.213+0000][1][safepoint    ] Safepoint "RevokeBias", Time since last: 509775355 ns, Reaching safepoint: 88802 ns, At safepoint: 99664 ns, Total: 188466 ns
[2020-02-29T05:45:20.213+0000][1][safepoint    ] Safepoint "Cleanup", Time since last: 1000849645 ns, Reaching safepoint: 89506 ns, At safepoint: 9027 ns, Total: 98533 ns
[2020-02-29T05:45:21.222+0000][1][safepoint    ] Safepoint "Cleanup", Time since last: 1008132097 ns, Reaching safepoint: 122512 ns, At safepoint: 10713 ns, Total: 133225 ns
[2020-02-29T05:45:21.727+0000][1][safepoint    ] Safepoint "RevokeBias", Time since last: 504941758 ns, Reaching safepoint: 64763 ns, At safepoint: 20000 ns, Total: 84763 ns
[2020-02-29T05:45:22.728+0000][1][safepoint    ] Safepoint "Cleanup", Time since last: 1001520446 ns, Reaching safepoint: 130940 ns, At safepoint: 14647 ns, Total: 145587 ns
[2020-02-29T05:45:23.733+0000][1][safepoint    ] Safepoint "Cleanup", Time since last: 1004650678 ns, Reaching safepoint: 195409 ns, At safepoint: 22591 ns, Total: 218000 ns
[2020-02-29T05:45:24.243+0000][1][safepoint    ] Safepoint "RevokeBias", Time since last: 509836185 ns, Reaching safepoint: 136495 ns, At safepoint: 46474 ns, Total: 182969 ns
[2020-02-29T05:45:25.247+0000][1][safepoint    ] Safepoint "Cleanup", Time since last: 1003708381 ns, Reaching safepoint: 89970 ns, At safepoint: 9157 ns, Total: 99127 ns
[2020-02-29T05:45:26.762+0000][1][safepoint    ] Safepoint "RevokeBias", Time since last: 1514553223 ns, Reaching safepoint: 90117 ns, At safepoint: 116226 ns, Total: 206343 ns
[2020-02-29T05:45:27.794+0000][1][safepoint    ] Safepoint "Cleanup", Time since last: 1020190110 ns, Reaching safepoint: 11504126 ns, At safepoint: 17755 ns, Total: 11521881 ns
[2020-02-29T05:45:28.794+0000][1][safepoint    ] Safepoint "Cleanup", Time since last: 1000659035 ns, Reaching safepoint: 91910 ns, At safepoint: 13616 ns, Total: 105526 ns
[2020-02-29T05:45:29.285+0000][1][safepoint    ] Safepoint "RevokeBias", Time since last: 490415516 ns, Reaching safepoint: 134854 ns, At safepoint: 33668 ns, Total: 168522 ns
[2020-02-29T05:45:30.293+0000][1][safepoint    ] Safepoint "Cleanup", Time since last: 1007493760 ns, Reaching safepoint: 91683 ns, At safepoint: 13033 ns, Total: 104716 ns
[2020-02-29T05:45:31.296+0000][1][safepoint    ] Safepoint "Cleanup", Time since last: 1002917128 ns, Reaching safepoint: 159553 ns, At safepoint: 13434 ns, Total: 172987 ns
[2020-02-29T05:45:31.804+0000][1][safepoint    ] Safepoint "BulkRevokeBias", Time since last: 508254233 ns, Reaching safepoint: 62595 ns, At safepoint: 301326 ns, Total: 363921 ns
[2020-02-29T05:45:32.806+0000][1][safepoint    ] Safepoint "Cleanup", Time since last: 1002074598 ns, Reaching safepoint: 118037 ns, At safepoint: 10978 ns, Total: 129015 ns
[2020-02-29T05:45:33.808+0000][1][safepoint    ] Safepoint "Cleanup", Time since last: 1001086084 ns, Reaching safepoint: 127140 ns, At safepoint: 11018 ns, Total: 138158 ns
[2020-02-29T05:45:34.327+0000][1][safepoint    ] Safepoint "RevokeBias", Time since last: 519372168 ns, Reaching safepoint: 88117 ns, At safepoint: 28289 ns, Total: 116406 ns
[2020-02-29T05:45:35.329+0000][1][safepoint    ] Safepoint "Cleanup", Time since last: 1002163342 ns, Reaching safepoint: 130459 ns, At safepoint: 20689 ns, Total: 151148 ns
[2020-02-29T05:45:36.345+0000][1][safepoint    ] Safepoint "Cleanup", Time since last: 1015882181 ns, Reaching safepoint: 110622 ns, At safepoint: 9965 ns, Total: 120587 ns
[2020-02-29T05:45:36.854+0000][1][safepoint    ] Safepoint "RevokeBias", Time since last: 508146146 ns, Reaching safepoint: 60609 ns, At safepoint: 37447 ns, Total: 98056 ns
[2020-02-29T05:45:37.854+0000][1][safepoint    ] Safepoint "Cleanup", Time since last: 1000505423 ns, Reaching safepoint: 68350 ns, At safepoint: 9246 ns, Total: 77596 ns
[2020-02-29T05:45:38.855+0000][1][safepoint    ] Safepoint "Cleanup", Time since last: 1000915224 ns, Reaching safepoint: 93431 ns, At safepoint: 13266 ns, Total: 106697 ns
[2020-02-29T05:45:39.385+0000][1][safepoint    ] Safepoint "RevokeBias", Time since last: 529063762 ns, Reaching safepoint: 255963 ns, At safepoint: 106935 ns, Total: 362898 ns
[2020-02-29T05:45:40.385+0000][1][safepoint    ] Safepoint "Cleanup", Time since last: 1000479519 ns, Reaching safepoint: 130652 ns, At safepoint: 13309 ns, Total: 143961 ns
[2020-02-29T05:45:41.396+0000][1][safepoint    ] Safepoint "Cleanup", Time since last: 1010141970 ns, Reaching safepoint: 138125 ns, At safepoint: 22778 ns, Total: 160903 ns
[2020-02-29T05:45:41.919+0000][1][safepoint    ] Safepoint "RevokeBias", Time since last: 523061346 ns, Reaching safepoint: 115264 ns, At safepoint: 34455 ns, Total: 149719 ns
[2020-02-29T05:45:42.920+0000][1][safepoint    ] Safepoint "Cleanup", Time since last: 1000566217 ns, Reaching safepoint: 128139 ns, At safepoint: 12810 ns, Total: 140949 ns
[2020-02-29T05:45:43.925+0000][1][safepoint    ] Safepoint "Cleanup", Time since last: 1005495604 ns, Reaching safepoint: 132403 ns, At safepoint: 21746 ns, Total: 154149 ns
[2020-02-29T05:45:44.441+0000][1][safepoint    ] Safepoint "RevokeBias", Time since last: 515848511 ns, Reaching safepoint: 125256 ns, At safepoint: 26044 ns, Total: 151300 ns
[2020-02-29T05:45:45.442+0000][1][safepoint    ] Safepoint "Cleanup", Time since last: 1000489272 ns, Reaching safepoint: 232784 ns, At safepoint: 24395 ns, Total: 257179 ns
[2020-02-29T05:45:46.450+0000][1][safepoint    ] Safepoint "Cleanup", Time since last: 1007496257 ns, Reaching safepoint: 68630 ns, At safepoint: 8686 ns, Total: 77316 ns
[2020-02-29T05:45:46.953+0000][1][safepoint    ] Safepoint "RevokeBias", Time since last: 502645038 ns, Reaching safepoint: 304112 ns, At safepoint: 58162 ns, Total: 362274 ns
[2020-02-29T05:45:47.953+0000][1][safepoint    ] Safepoint "Cleanup", Time since last: 1000373766 ns, Reaching safepoint: 70348 ns, At safepoint: 9662 ns, Total: 80010 ns
[2020-02-29T05:45:48.955+0000][1][safepoint    ] Safepoint "Cleanup", Time since last: 1001569523 ns, Reaching safepoint: 69793 ns, At safepoint: 8818 ns, Total: 78611 ns
[2020-02-29T05:45:49.468+0000][1][safepoint    ] Safepoint "RevokeBias", Time since last: 513324261 ns, Reaching safepoint: 89052 ns, At safepoint: 22162 ns, Total: 111214 ns
[2020-02-29T05:45:50.471+0000][1][safepoint    ] Safepoint "Cleanup", Time since last: 1002898163 ns, Reaching safepoint: 89885 ns, At safepoint: 9109 ns, Total: 98994 ns
[2020-02-29T05:45:51.473+0000][1][safepoint    ] Safepoint "Cleanup", Time since last: 1001872245 ns, Reaching safepoint: 119561 ns, At safepoint: 13674 ns, Total: 133235 ns
[2020-02-29T05:45:51.998+0000][1][safepoint    ] Safepoint "RevokeBias", Time since last: 524840793 ns, Reaching safepoint: 99607 ns, At safepoint: 24089 ns, Total: 123696 ns
[2020-02-29T05:45:52.999+0000][1][safepoint    ] Safepoint "Cleanup", Time since last: 1000821062 ns, Reaching safepoint: 148070 ns, At safepoint: 14659 ns, Total: 162729 ns
[2020-02-29T05:45:54.001+0000][1][safepoint    ] Safepoint "Cleanup", Time since last: 1002198007 ns, Reaching safepoint: 133896 ns, At safepoint: 21177 ns, Total: 155073 ns
[2020-02-29T05:45:54.519+0000][1][safepoint    ] Safepoint "RevokeBias", Time since last: 517619615 ns, Reaching safepoint: 91436 ns, At safepoint: 22345 ns, Total: 113781 ns
[2020-02-29T05:45:55.522+0000][1][safepoint    ] Safepoint "Cleanup", Time since last: 1002658169 ns, Reaching safepoint: 90150 ns, At safepoint: 9413 ns, Total: 99563 ns
[2020-02-29T05:45:57.046+0000][1][safepoint    ] Safepoint "RevokeBias", Time since last: 1524052974 ns, Reaching safepoint: 77707 ns, At safepoint: 19220 ns, Total: 96927 ns
[2020-02-29T05:45:58.053+0000][1][safepoint    ] Safepoint "Cleanup", Time since last: 1006454422 ns, Reaching safepoint: 125302 ns, At safepoint: 20416 ns, Total: 145718 ns
[2020-02-29T05:45:59.061+0000][1][safepoint    ] Safepoint "Cleanup", Time since last: 1007723117 ns, Reaching safepoint: 133310 ns, At safepoint: 21707 ns, Total: 155017 ns
[2020-02-29T05:45:59.583+0000][1][safepoint    ] Safepoint "RevokeBias", Time since last: 522780892 ns, Reaching safepoint: 93668 ns, At safepoint: 25454 ns, Total: 119122 ns
[2020-02-29T05:46:00.586+0000][1][safepoint    ] Safepoint "Cleanup", Time since last: 1002133180 ns, Reaching safepoint: 196857 ns, At safepoint: 23150 ns, Total: 220007 ns
[2020-02-29T05:46:01.591+0000][1][safepoint    ] Safepoint "Cleanup", Time since last: 1005163809 ns, Reaching safepoint: 164920 ns, At safepoint: 17095 ns, Total: 182015 ns
[2020-02-29T05:46:02.108+0000][1][safepoint    ] Safepoint "RevokeBias", Time since last: 517048408 ns, Reaching safepoint: 87499 ns, At safepoint: 29189 ns, Total: 116688 ns
[2020-02-29T05:46:03.109+0000][1][safepoint    ] Safepoint "Cleanup", Time since last: 1000709130 ns, Reaching safepoint: 72308 ns, At safepoint: 9356 ns, Total: 81664 ns
[2020-02-29T05:46:04.113+0000][1][safepoint    ] Safepoint "Cleanup", Time since last: 1003801433 ns, Reaching safepoint: 93685 ns, At safepoint: 13233 ns, Total: 106918 ns
[2020-02-29T05:46:04.642+0000][1][safepoint    ] Safepoint "RevokeBias", Time since last: 528817972 ns, Reaching safepoint: 202325 ns, At safepoint: 54108 ns, Total: 256433 ns
[2020-02-29T05:46:05.605+0000][1][gc,start     ] GC(56) Pause Young (Allocation Failure)
[2020-02-29T05:46:05.605+0000][1][gc,task      ] GC(56) Using 1 workers of 1 for evacuation
[2020-02-29T05:46:05.636+0000][1][gc,age       ] GC(56) Desired survivor size 4358144 bytes, new threshold 6 (max threshold 6)
[2020-02-29T05:46:05.636+0000][1][gc,age       ] GC(56) Age table with threshold 6 (max threshold 6)
[2020-02-29T05:46:05.636+0000][1][gc,age       ] GC(56) - age   1:      24400 bytes,      24400 total
[2020-02-29T05:46:05.636+0000][1][gc,age       ] GC(56) - age   2:        288 bytes,      24688 total
[2020-02-29T05:46:05.636+0000][1][gc,age       ] GC(56) - age   3:       1056 bytes,      25744 total
[2020-02-29T05:46:05.636+0000][1][gc,age       ] GC(56) - age   4:        208 bytes,      25952 total
[2020-02-29T05:46:05.636+0000][1][gc,age       ] GC(56) - age   5:        192 bytes,      26144 total
[2020-02-29T05:46:05.636+0000][1][gc,age       ] GC(56) - age   6:        240 bytes,      26384 total
[2020-02-29T05:46:05.636+0000][1][gc,heap      ] GC(56) ParNew: 68185K->33K(76672K)
[2020-02-29T05:46:05.636+0000][1][gc,heap      ] GC(56) CMS: 62531K->62532K(963392K)
[2020-02-29T05:46:05.636+0000][1][gc,metaspace ] GC(56) Metaspace: 79565K->79565K(1122304K)
[2020-02-29T05:46:05.636+0000][1][gc           ] GC(56) Pause Young (Allocation Failure) 127M->61M(1015M) 31.561ms
[2020-02-29T05:46:05.636+0000][1][gc,cpu       ] GC(56) User=0.02s Sys=0.00s Real=0.04s
[2020-02-29T05:46:05.636+0000][1][safepoint    ] Safepoint "GenCollectForAllocation", Time since last: 962569063 ns, Reaching safepoint: 64492 ns, At safepoint: 31632109 ns, Total: 31696601 ns
[2020-02-29T05:46:06.637+0000][1][safepoint    ] Safepoint "Cleanup", Time since last: 1000451123 ns, Reaching safepoint: 223856 ns, At safepoint: 23065 ns, Total: 246921 ns
[2020-02-29T05:46:07.167+0000][1][safepoint    ] Safepoint "RevokeBias", Time since last: 529692019 ns, Reaching safepoint: 131033 ns, At safepoint: 86549 ns, Total: 217582 ns
[2020-02-29T05:46:08.168+0000][1][safepoint    ] Safepoint "Cleanup", Time since last: 1000577386 ns, Reaching safepoint: 179402 ns, At safepoint: 17924 ns, Total: 197326 ns
[2020-02-29T05:46:09.168+0000][1][safepoint    ] Safepoint "Cleanup", Time since last: 1000458158 ns, Reaching safepoint: 126164 ns, At safepoint: 11390 ns, Total: 137554 ns
[2020-02-29T05:46:09.681+0000][1][safepoint    ] Safepoint "RevokeBias", Time since last: 512975491 ns, Reaching safepoint: 90355 ns, At safepoint: 21636 ns, Total: 111991 ns
[2020-02-29T05:46:10.689+0000][1][safepoint    ] Safepoint "Cleanup", Time since last: 1007582474 ns, Reaching safepoint: 88929 ns, At safepoint: 6852 ns, Total: 95781 ns
[2020-02-29T05:46:11.698+0000][1][safepoint    ] Safepoint "Cleanup", Time since last: 1009149674 ns, Reaching safepoint: 95490 ns, At safepoint: 14698 ns, Total: 110188 ns
[2020-02-29T05:46:12.197+0000][1][safepoint    ] Safepoint "RevokeBias", Time since last: 498823522 ns, Reaching safepoint: 88686 ns, At safepoint: 28829 ns, Total: 117515 ns
[2020-02-29T05:46:13.207+0000][1][safepoint    ] Safepoint "Cleanup", Time since last: 1009891837 ns, Reaching safepoint: 91355 ns, At safepoint: 10029 ns, Total: 101384 ns
[2020-02-29T05:46:14.217+0000][1][safepoint    ] Safepoint "Cleanup", Time since last: 1009629031 ns, Reaching safepoint: 90765 ns, At safepoint: 10028 ns, Total: 100793 ns
[2020-02-29T05:46:14.724+0000][1][safepoint    ] Safepoint "RevokeBias", Time since last: 501403948 ns, Reaching safepoint: 5502416 ns, At safepoint: 69090 ns, Total: 5571506 ns
[2020-02-29T05:46:15.736+0000][1][safepoint    ] Safepoint "Cleanup", Time since last: 1011462905 ns, Reaching safepoint: 128667 ns, At safepoint: 12828 ns, Total: 141495 ns
[2020-02-29T05:46:16.736+0000][1][safepoint    ] Safepoint "Cleanup", Time since last: 1000576436 ns, Reaching safepoint: 152060 ns, At safepoint: 12288 ns, Total: 164348 ns
[2020-02-29T05:46:17.242+0000][1][safepoint    ] Safepoint "RevokeBias", Time since last: 505642606 ns, Reaching safepoint: 98977 ns, At safepoint: 76714 ns, Total: 175691 ns
[2020-02-29T05:46:18.248+0000][1][safepoint    ] Safepoint "Cleanup", Time since last: 1005209232 ns, Reaching safepoint: 127870 ns, At safepoint: 14056 ns, Total: 141926 ns
[2020-02-29T05:46:19.251+0000][1][safepoint    ] Safepoint "Cleanup", Time since last: 1003313698 ns, Reaching safepoint: 129020 ns, At safepoint: 13019 ns, Total: 142039 ns
[2020-02-29T05:46:19.757+0000][1][safepoint    ] Safepoint "RevokeBias", Time since last: 505705778 ns, Reaching safepoint: 186484 ns, At safepoint: 55272 ns, Total: 241756 ns
[2020-02-29T05:46:20.758+0000][1][safepoint    ] Safepoint "Cleanup", Time since last: 1000770213 ns, Reaching safepoint: 321078 ns, At safepoint: 31341 ns, Total: 352419 ns
[2020-02-29T05:46:21.767+0000][1][safepoint    ] Safepoint "Cleanup", Time since last: 1008536448 ns, Reaching safepoint: 125894 ns, At safepoint: 12382 ns, Total: 138276 ns
[2020-02-29T05:46:22.271+0000][1][safepoint    ] Safepoint "RevokeBias", Time since last: 504106619 ns, Reaching safepoint: 128356 ns, At safepoint: 31973 ns, Total: 160329 ns
[2020-02-29T05:46:23.277+0000][1][safepoint    ] Safepoint "Cleanup", Time since last: 1005611238 ns, Reaching safepoint: 129349 ns, At safepoint: 46071 ns, Total: 175420 ns
[2020-02-29T05:46:24.279+0000][1][safepoint    ] Safepoint "Cleanup", Time since last: 1001837679 ns, Reaching safepoint: 140774 ns, At safepoint: 13602 ns, Total: 154376 ns
[2020-02-29T05:46:24.788+0000][1][safepoint    ] Safepoint "RevokeBias", Time since last: 509508449 ns, Reaching safepoint: 91095 ns, At safepoint: 22790 ns, Total: 113885 ns
[2020-02-29T05:46:25.792+0000][1][safepoint    ] Safepoint "Cleanup", Time since last: 1003905587 ns, Reaching safepoint: 129206 ns, At safepoint: 13685 ns, Total: 142891 ns
[2020-02-29T05:46:26.796+0000][1][safepoint    ] Safepoint "Cleanup", Time since last: 1003080705 ns, Reaching safepoint: 128202 ns, At safepoint: 13359 ns, Total: 141561 ns
[2020-02-29T05:46:27.320+0000][1][safepoint    ] Safepoint "RevokeBias", Time since last: 524350566 ns, Reaching safepoint: 88545 ns, At safepoint: 21890 ns, Total: 110435 ns
[2020-02-29T05:46:28.329+0000][1][safepoint    ] Safepoint "Cleanup", Time since last: 1008798666 ns, Reaching safepoint: 100788 ns, At safepoint: 6435 ns, Total: 107223 ns
[2020-02-29T05:46:29.339+0000][1][safepoint    ] Safepoint "Cleanup", Time since last: 1010247687 ns, Reaching safepoint: 90297 ns, At safepoint: 12594 ns, Total: 102891 ns
[2020-02-29T05:46:29.834+0000][1][safepoint    ] Safepoint "RevokeBias", Time since last: 494724654 ns, Reaching safepoint: 263142 ns, At safepoint: 53949 ns, Total: 317091 ns
[2020-02-29T05:46:30.841+0000][1][safepoint    ] Safepoint "Cleanup", Time since last: 1006013261 ns, Reaching safepoint: 130051 ns, At safepoint: 14561 ns, Total: 144612 ns
[2020-02-29T05:46:31.847+0000][1][safepoint    ] Safepoint "Cleanup", Time since last: 1006597312 ns, Reaching safepoint: 115283 ns, At safepoint: 15947 ns, Total: 131230 ns
[2020-02-29T05:46:32.352+0000][1][safepoint    ] Safepoint "RevokeBias", Time since last: 504097536 ns, Reaching safepoint: 260492 ns, At safepoint: 151745 ns, Total: 412237 ns
[2020-02-29T05:46:33.355+0000][1][safepoint    ] Safepoint "Cleanup", Time since last: 1002834964 ns, Reaching safepoint: 128272 ns, At safepoint: 13222 ns, Total: 141494 ns
[2020-02-29T05:46:34.361+0000][1][safepoint    ] Safepoint "Cleanup", Time since last: 1005699535 ns, Reaching safepoint: 130907 ns, At safepoint: 13431 ns, Total: 144338 ns
[2020-02-29T05:46:34.886+0000][1][safepoint    ] Safepoint "RevokeBias", Time since last: 525187972 ns, Reaching safepoint: 87068 ns, At safepoint: 29120 ns, Total: 116188 ns
[2020-02-29T05:46:35.888+0000][1][safepoint    ] Safepoint "Cleanup", Time since last: 1002389414 ns, Reaching safepoint: 84711 ns, At safepoint: 8666 ns, Total: 93377 ns
[2020-02-29T05:46:36.892+0000][1][safepoint    ] Safepoint "Cleanup", Time since last: 1003015076 ns, Reaching safepoint: 374556 ns, At safepoint: 33534 ns, Total: 408090 ns
[2020-02-29T05:46:37.421+0000][1][safepoint    ] Safepoint "RevokeBias", Time since last: 529275867 ns, Reaching safepoint: 197393 ns, At safepoint: 35211 ns, Total: 232604 ns
[2020-02-29T05:46:38.425+0000][1][safepoint    ] Safepoint "Cleanup", Time since last: 1003210923 ns, Reaching safepoint: 245036 ns, At safepoint: 29912 ns, Total: 274948 ns
[2020-02-29T05:46:39.427+0000][1][safepoint    ] Safepoint "Cleanup", Time since last: 1002519325 ns, Reaching safepoint: 88040 ns, At safepoint: 7956 ns, Total: 95996 ns
[2020-02-29T05:46:39.944+0000][1][safepoint    ] Safepoint "RevokeBias", Time since last: 516241949 ns, Reaching safepoint: 170058 ns, At safepoint: 55182 ns, Total: 225240 ns
[2020-02-29T05:46:40.949+0000][1][safepoint    ] Safepoint "Cleanup", Time since last: 1004701610 ns, Reaching safepoint: 250967 ns, At safepoint: 34327 ns, Total: 285294 ns
[2020-02-29T05:46:41.954+0000][1][safepoint    ] Safepoint "Cleanup", Time since last: 1005186312 ns, Reaching safepoint: 108794 ns, At safepoint: 17915 ns, Total: 126709 ns
[2020-02-29T05:46:42.456+0000][1][safepoint    ] Safepoint "RevokeBias", Time since last: 501863098 ns, Reaching safepoint: 62032 ns, At safepoint: 18603 ns, Total: 80635 ns
[2020-02-29T05:46:43.462+0000][1][safepoint    ] Safepoint "Cleanup", Time since last: 1005181462 ns, Reaching safepoint: 173342 ns, At safepoint: 14958 ns, Total: 188300 ns
[2020-02-29T05:46:44.464+0000][1][safepoint    ] Safepoint "Cleanup", Time since last: 1002769048 ns, Reaching safepoint: 129445 ns, At safepoint: 13652 ns, Total: 143097 ns
[2020-02-29T05:46:44.975+0000][1][safepoint    ] Safepoint "BulkRevokeBias", Time since last: 509625522 ns, Reaching safepoint: 167984 ns, At safepoint: 602300 ns, Total: 770284 ns
[2020-02-29T05:46:45.980+0000][1][safepoint    ] Safepoint "Cleanup", Time since last: 1004594387 ns, Reaching safepoint: 146728 ns, At safepoint: 13929 ns, Total: 160657 ns
[2020-02-29T05:46:46.986+0000][1][safepoint    ] Safepoint "Cleanup", Time since last: 1006383644 ns, Reaching safepoint: 155554 ns, At safepoint: 13703 ns, Total: 169257 ns
[2020-02-29T05:46:47.503+0000][1][safepoint    ] Safepoint "RevokeBias", Time since last: 516889176 ns, Reaching safepoint: 130409 ns, At safepoint: 61042 ns, Total: 191451 ns
[2020-02-29T05:46:48.505+0000][1][safepoint    ] Safepoint "Cleanup", Time since last: 1001236690 ns, Reaching safepoint: 164703 ns, At safepoint: 19869 ns, Total: 184572 ns
[2020-02-29T05:46:49.506+0000][1][safepoint    ] Safepoint "Cleanup", Time since last: 1000832913 ns, Reaching safepoint: 196242 ns, At safepoint: 24149 ns, Total: 220391 ns
[2020-02-29T05:46:50.027+0000][1][safepoint    ] Safepoint "RevokeBias", Time since last: 521479600 ns, Reaching safepoint: 92628 ns, At safepoint: 28191 ns, Total: 120819 ns
[2020-02-29T05:46:51.028+0000][1][safepoint    ] Safepoint "Cleanup", Time since last: 1000957555 ns, Reaching safepoint: 90569 ns, At safepoint: 8788 ns, Total: 99357 ns
[2020-02-29T05:46:52.029+0000][1][safepoint    ] Safepoint "Cleanup", Time since last: 1000716372 ns, Reaching safepoint: 129348 ns, At safepoint: 13742 ns, Total: 143090 ns
[2020-02-29T05:46:52.545+0000][1][safepoint    ] Safepoint "RevokeBias", Time since last: 515858776 ns, Reaching safepoint: 85889 ns, At safepoint: 21706 ns, Total: 107595 ns
[2020-02-29T05:46:53.553+0000][1][safepoint    ] Safepoint "Cleanup", Time since last: 1007847121 ns, Reaching safepoint: 89303 ns, At safepoint: 8808 ns, Total: 98111 ns
[2020-02-29T05:46:54.560+0000][1][safepoint    ] Safepoint "Cleanup", Time since last: 1006966784 ns, Reaching safepoint: 130894 ns, At safepoint: 14770 ns, Total: 145664 ns
[2020-02-29T05:46:55.067+0000][1][safepoint    ] Safepoint "RevokeBias", Time since last: 506387642 ns, Reaching safepoint: 62761 ns, At safepoint: 19063 ns, Total: 81824 ns
[2020-02-29T05:46:56.067+0000][1][safepoint    ] Safepoint "Cleanup", Time since last: 1000371464 ns, Reaching safepoint: 196801 ns, At safepoint: 24838 ns, Total: 221639 ns
[2020-02-29T05:46:57.188+0000][1][safepoint    ] Safepoint "Cleanup", Time since last: 1120341681 ns, Reaching safepoint: 93803 ns, At safepoint: 13005 ns, Total: 106808 ns
[2020-02-29T05:46:57.589+0000][1][safepoint    ] Safepoint "RevokeBias", Time since last: 401357089 ns, Reaching safepoint: 122313 ns, At safepoint: 23239 ns, Total: 145552 ns
[2020-02-29T05:46:58.596+0000][1][safepoint    ] Safepoint "Cleanup", Time since last: 1006787591 ns, Reaching safepoint: 93647 ns, At safepoint: 13091 ns, Total: 106738 ns
[2020-02-29T05:46:59.597+0000][1][safepoint    ] Safepoint "Cleanup", Time since last: 1000476216 ns, Reaching safepoint: 133131 ns, At safepoint: 20198 ns, Total: 153329 ns
[2020-02-29T05:47:00.118+0000][1][safepoint    ] Safepoint "RevokeBias", Time since last: 520978016 ns, Reaching safepoint: 128743 ns, At safepoint: 31902 ns, Total: 160645 ns
[2020-02-29T05:47:01.119+0000][1][safepoint    ] Safepoint "Cleanup", Time since last: 1000514197 ns, Reaching safepoint: 133637 ns, At safepoint: 15125 ns, Total: 148762 ns
[2020-02-29T05:47:02.125+0000][1][safepoint    ] Safepoint "Cleanup", Time since last: 1005961111 ns, Reaching safepoint: 130150 ns, At safepoint: 13448 ns, Total: 143598 ns
[2020-02-29T05:47:02.640+0000][1][safepoint    ] Safepoint "RevokeBias", Time since last: 514787652 ns, Reaching safepoint: 182778 ns, At safepoint: 46212 ns, Total: 228990 ns
[2020-02-29T05:47:03.644+0000][1][safepoint    ] Safepoint "Cleanup", Time since last: 1003757580 ns, Reaching safepoint: 69203 ns, At safepoint: 8954 ns, Total: 78157 ns
[2020-02-29T05:47:04.646+0000][1][safepoint    ] Safepoint "Cleanup", Time since last: 1002566198 ns, Reaching safepoint: 67973 ns, At safepoint: 9169 ns, Total: 77142 ns
[2020-02-29T05:47:05.156+0000][1][safepoint    ] Safepoint "RevokeBias", Time since last: 509503995 ns, Reaching safepoint: 163605 ns, At safepoint: 41591 ns, Total: 205196 ns
[2020-02-29T05:47:06.158+0000][1][safepoint    ] Safepoint "Cleanup", Time since last: 1001521350 ns, Reaching safepoint: 133340 ns, At safepoint: 20991 ns, Total: 154331 ns
[2020-02-29T05:47:07.165+0000][1][safepoint    ] Safepoint "Cleanup", Time since last: 1007771061 ns, Reaching safepoint: 92621 ns, At safepoint: 13722 ns, Total: 106343 ns
[2020-02-29T05:47:07.669+0000][1][safepoint    ] Safepoint "RevokeBias", Time since last: 503638679 ns, Reaching safepoint: 202477 ns, At safepoint: 53066 ns, Total: 255543 ns
[2020-02-29T05:47:08.676+0000][1][safepoint    ] Safepoint "Cleanup", Time since last: 1006754967 ns, Reaching safepoint: 123879 ns, At safepoint: 18984 ns, Total: 142863 ns
[2020-02-29T05:47:09.677+0000][1][safepoint    ] Safepoint "Cleanup", Time since last: 1000355440 ns, Reaching safepoint: 72287 ns, At safepoint: 9044 ns, Total: 81331 ns
[2020-02-29T05:47:10.191+0000][1][safepoint    ] Safepoint "RevokeBias", Time since last: 513781005 ns, Reaching safepoint: 81458 ns, At safepoint: 21312 ns, Total: 102770 ns
[2020-02-29T05:47:11.195+0000][1][safepoint    ] Safepoint "Cleanup", Time since last: 1004717489 ns, Reaching safepoint: 87664 ns, At safepoint: 11207 ns, Total: 98871 ns
[2020-02-29T05:47:12.204+0000][1][safepoint    ] Safepoint "Cleanup", Time since last: 1008758493 ns, Reaching safepoint: 168747 ns, At safepoint: 18660 ns, Total: 187407 ns
[2020-02-29T05:47:12.704+0000][1][safepoint    ] Safepoint "RevokeBias", Time since last: 499603822 ns, Reaching safepoint: 201703 ns, At safepoint: 52634 ns, Total: 254337 ns
[2020-02-29T05:47:13.715+0000][1][safepoint    ] Safepoint "Cleanup", Time since last: 1010419581 ns, Reaching safepoint: 88429 ns, At safepoint: 12002 ns, Total: 100431 ns
[2020-02-29T05:47:14.723+0000][1][safepoint    ] Safepoint "Cleanup", Time since last: 1008522225 ns, Reaching safepoint: 125452 ns, At safepoint: 12132 ns, Total: 137584 ns
[2020-02-29T05:47:15.225+0000][1][safepoint    ] Safepoint "RevokeBias", Time since last: 501924791 ns, Reaching safepoint: 129160 ns, At safepoint: 32837 ns, Total: 161997 ns
[2020-02-29T05:47:16.232+0000][1][safepoint    ] Safepoint "Cleanup", Time since last: 1006041682 ns, Reaching safepoint: 118046 ns, At safepoint: 13091 ns, Total: 131137 ns
[2020-02-29T05:47:17.233+0000][1][safepoint    ] Safepoint "Cleanup", Time since last: 1001554384 ns, Reaching safepoint: 87669 ns, At safepoint: 6817 ns, Total: 94486 ns
[2020-02-29T05:47:17.751+0000][1][safepoint    ] Safepoint "RevokeBias", Time since last: 517097689 ns, Reaching safepoint: 200045 ns, At safepoint: 139353 ns, Total: 339398 ns
[2020-02-29T05:47:18.754+0000][1][safepoint    ] Safepoint "Cleanup", Time since last: 1002836797 ns, Reaching safepoint: 127508 ns, At safepoint: 11920 ns, Total: 139428 ns
[2020-02-29T05:47:19.756+0000][1][safepoint    ] Safepoint "Cleanup", Time since last: 1002636782 ns, Reaching safepoint: 77928 ns, At safepoint: 7306 ns, Total: 85234 ns
[2020-02-29T05:47:20.276+0000][1][safepoint    ] Safepoint "RevokeBias", Time since last: 519201565 ns, Reaching safepoint: 131009 ns, At safepoint: 33207 ns, Total: 164216 ns
[2020-02-29T05:47:21.277+0000][1][safepoint    ] Safepoint "Cleanup", Time since last: 1001309705 ns, Reaching safepoint: 86455 ns, At safepoint: 7062 ns, Total: 93517 ns
[2020-02-29T05:47:22.281+0000][1][safepoint    ] Safepoint "Cleanup", Time since last: 1004095587 ns, Reaching safepoint: 135878 ns, At safepoint: 23363 ns, Total: 159241 ns
[2020-02-29T05:47:22.799+0000][1][safepoint    ] Safepoint "RevokeBias", Time since last: 517608788 ns, Reaching safepoint: 129694 ns, At safepoint: 32685 ns, Total: 162379 ns
[2020-02-29T05:47:23.809+0000][1][safepoint    ] Safepoint "Cleanup", Time since last: 1010030040 ns, Reaching safepoint: 93384 ns, At safepoint: 13661 ns, Total: 107045 ns
[2020-02-29T05:47:24.817+0000][1][safepoint    ] Safepoint "Cleanup", Time since last: 1008006089 ns, Reaching safepoint: 100814 ns, At safepoint: 11508 ns, Total: 112322 ns
[2020-02-29T05:47:25.324+0000][1][safepoint    ] Safepoint "RevokeBias", Time since last: 506499469 ns, Reaching safepoint: 197370 ns, At safepoint: 36513 ns, Total: 233883 ns
[2020-02-29T05:47:27.188+0000][1][safepoint    ] Safepoint "Cleanup", Time since last: 1864144366 ns, Reaching safepoint: 72678 ns, At safepoint: 9201 ns, Total: 81879 ns
[2020-02-29T05:47:27.852+0000][1][safepoint    ] Safepoint "RevokeBias", Time since last: 662818616 ns, Reaching safepoint: 658842 ns, At safepoint: 55684 ns, Total: 714526 ns
[2020-02-29T05:47:28.856+0000][1][safepoint    ] Safepoint "Cleanup", Time since last: 1003468912 ns, Reaching safepoint: 92978 ns, At safepoint: 13272 ns, Total: 106250 ns
[2020-02-29T05:47:29.858+0000][1][safepoint    ] Safepoint "Cleanup", Time since last: 1002571385 ns, Reaching safepoint: 121070 ns, At safepoint: 13202 ns, Total: 134272 ns
[2020-02-29T05:47:30.370+0000][1][safepoint    ] Safepoint "RevokeBias", Time since last: 511835925 ns, Reaching safepoint: 87313 ns, At safepoint: 21771 ns, Total: 109084 ns
[2020-02-29T05:47:31.374+0000][1][safepoint    ] Safepoint "Cleanup", Time since last: 1003995807 ns, Reaching safepoint: 133807 ns, At safepoint: 20308 ns, Total: 154115 ns
[2020-02-29T05:47:32.380+0000][1][safepoint    ] Safepoint "Cleanup", Time since last: 1005922978 ns, Reaching safepoint: 66979 ns, At safepoint: 8977 ns, Total: 75956 ns
[2020-02-29T05:47:32.906+0000][1][safepoint    ] Safepoint "RevokeBias", Time since last: 525146134 ns, Reaching safepoint: 88572 ns, At safepoint: 21605 ns, Total: 110177 ns
[2020-02-29T05:47:33.908+0000][1][safepoint    ] Safepoint "Cleanup", Time since last: 1001889455 ns, Reaching safepoint: 131176 ns, At safepoint: 19866 ns, Total: 151042 ns
[2020-02-29T05:47:34.909+0000][1][safepoint    ] Safepoint "Cleanup", Time since last: 1001499995 ns, Reaching safepoint: 107413 ns, At safepoint: 13222 ns, Total: 120635 ns
[2020-02-29T05:47:35.443+0000][1][safepoint    ] Safepoint "RevokeBias", Time since last: 533011936 ns, Reaching safepoint: 204855 ns, At safepoint: 52646 ns, Total: 257501 ns
[2020-02-29T05:47:36.448+0000][1][safepoint    ] Safepoint "Cleanup", Time since last: 1005063321 ns, Reaching safepoint: 129387 ns, At safepoint: 20094 ns, Total: 149481 ns
[2020-02-29T05:47:37.451+0000][1][safepoint    ] Safepoint "Cleanup", Time since last: 1003251300 ns, Reaching safepoint: 131748 ns, At safepoint: 14036 ns, Total: 145784 ns
[2020-02-29T05:47:37.976+0000][1][safepoint    ] Safepoint "RevokeBias", Time since last: 524773354 ns, Reaching safepoint: 198428 ns, At safepoint: 272478 ns, Total: 470906 ns
[2020-02-29T05:47:38.984+0000][1][safepoint    ] Safepoint "Cleanup", Time since last: 1007595321 ns, Reaching safepoint: 93370 ns, At safepoint: 13950 ns, Total: 107320 ns
[2020-02-29T05:47:39.990+0000][1][safepoint    ] Safepoint "Cleanup", Time since last: 1006046697 ns, Reaching safepoint: 64449 ns, At safepoint: 8027 ns, Total: 72476 ns
[2020-02-29T05:47:40.510+0000][1][safepoint    ] Safepoint "RevokeBias", Time since last: 519714643 ns, Reaching safepoint: 88095 ns, At safepoint: 22221 ns, Total: 110316 ns
[2020-02-29T05:47:41.512+0000][1][safepoint    ] Safepoint "Cleanup", Time since last: 1002146403 ns, Reaching safepoint: 71694 ns, At safepoint: 8452 ns, Total: 80146 ns
[2020-02-29T05:47:42.514+0000][1][safepoint    ] Safepoint "Cleanup", Time since last: 1001639104 ns, Reaching safepoint: 67573 ns, At safepoint: 8248 ns, Total: 75821 ns
[2020-02-29T05:47:43.034+0000][1][safepoint    ] Safepoint "RevokeBias", Time since last: 519786648 ns, Reaching safepoint: 86726 ns, At safepoint: 21787 ns, Total: 108513 ns
[2020-02-29T05:47:44.036+0000][1][safepoint    ] Safepoint "Cleanup", Time since last: 1002467196 ns, Reaching safepoint: 120600 ns, At safepoint: 13568 ns, Total: 134168 ns
[2020-02-29T05:47:45.037+0000][1][safepoint    ] Safepoint "Cleanup", Time since last: 1000563933 ns, Reaching safepoint: 213157 ns, At safepoint: 24940 ns, Total: 238097 ns
[2020-02-29T05:47:45.554+0000][1][safepoint    ] Safepoint "RevokeBias", Time since last: 516535118 ns, Reaching safepoint: 147014 ns, At safepoint: 29430 ns, Total: 176444 ns
[2020-02-29T05:47:46.561+0000][1][safepoint    ] Safepoint "Cleanup", Time since last: 1007115135 ns, Reaching safepoint: 104955 ns, At safepoint: 9223 ns, Total: 114178 ns
[2020-02-29T05:47:47.562+0000][1][safepoint    ] Safepoint "Cleanup", Time since last: 1000366910 ns, Reaching safepoint: 130957 ns, At safepoint: 13598 ns, Total: 144555 ns
[2020-02-29T05:47:48.078+0000][1][safepoint    ] Safepoint "RevokeBias", Time since last: 516018138 ns, Reaching safepoint: 96415 ns, At safepoint: 45255 ns, Total: 141670 ns
[2020-02-29T05:47:49.081+0000][1][safepoint    ] Safepoint "Cleanup", Time since last: 1003445698 ns, Reaching safepoint: 128786 ns, At safepoint: 13464 ns, Total: 142250 ns
[2020-02-29T05:47:50.598+0000][1][safepoint    ] Safepoint "RevokeBias", Time since last: 1516319802 ns, Reaching safepoint: 65273 ns, At safepoint: 18330 ns, Total: 83603 ns
[2020-02-29T05:47:51.599+0000][1][safepoint    ] Safepoint "Cleanup", Time since last: 1001286362 ns, Reaching safepoint: 68062 ns, At safepoint: 8671 ns, Total: 76733 ns
[2020-02-29T05:47:52.607+0000][1][safepoint    ] Safepoint "Cleanup", Time since last: 1007307795 ns, Reaching safepoint: 129696 ns, At safepoint: 17335 ns, Total: 147031 ns
[2020-02-29T05:47:53.126+0000][1][safepoint    ] Safepoint "RevokeBias", Time since last: 519660049 ns, Reaching safepoint: 87693 ns, At safepoint: 22243 ns, Total: 109936 ns
[2020-02-29T05:47:54.131+0000][1][safepoint    ] Safepoint "Cleanup", Time since last: 1004830273 ns, Reaching safepoint: 90325 ns, At safepoint: 8924 ns, Total: 99249 ns
[2020-02-29T05:47:55.135+0000][1][safepoint    ] Safepoint "Cleanup", Time since last: 1004050050 ns, Reaching safepoint: 70200 ns, At safepoint: 8557 ns, Total: 78757 ns
[2020-02-29T05:47:55.654+0000][1][safepoint    ] Safepoint "RevokeBias", Time since last: 517883812 ns, Reaching safepoint: 144649 ns, At safepoint: 32684 ns, Total: 177333 ns
[2020-02-29T05:47:56.655+0000][1][safepoint    ] Safepoint "Cleanup", Time since last: 1000856380 ns, Reaching safepoint: 138866 ns, At safepoint: 9691 ns, Total: 148557 ns
[2020-02-29T05:47:57.659+0000][1][safepoint    ] Safepoint "Cleanup", Time since last: 1004335541 ns, Reaching safepoint: 129097 ns, At safepoint: 10651 ns, Total: 139748 ns
[2020-02-29T05:47:58.176+0000][1][safepoint    ] Safepoint "BulkRevokeBias", Time since last: 516679859 ns, Reaching safepoint: 128621 ns, At safepoint: 418725 ns, Total: 547346 ns
[2020-02-29T05:47:59.181+0000][1][safepoint    ] Safepoint "Cleanup", Time since last: 1005112804 ns, Reaching safepoint: 89913 ns, At safepoint: 9875 ns, Total: 99788 ns
[2020-02-29T05:48:00.189+0000][1][safepoint    ] Safepoint "Cleanup", Time since last: 1007695761 ns, Reaching safepoint: 90292 ns, At safepoint: 8707 ns, Total: 98999 ns
[2020-02-29T05:48:00.725+0000][1][safepoint    ] Safepoint "RevokeBias", Time since last: 534944979 ns, Reaching safepoint: 286140 ns, At safepoint: 58761 ns, Total: 344901 ns
[2020-02-29T05:48:01.728+0000][1][safepoint    ] Safepoint "Cleanup", Time since last: 1003735520 ns, Reaching safepoint: 70488 ns, At safepoint: 8981 ns, Total: 79469 ns
[2020-02-29T05:48:02.732+0000][1][safepoint    ] Safepoint "Cleanup", Time since last: 1003911477 ns, Reaching safepoint: 93197 ns, At safepoint: 13232 ns, Total: 106429 ns
[2020-02-29T05:48:03.254+0000][1][safepoint    ] Safepoint "RevokeBias", Time since last: 521372563 ns, Reaching safepoint: 166960 ns, At safepoint: 42817 ns, Total: 209777 ns
[2020-02-29T05:48:04.259+0000][1][safepoint    ] Safepoint "Cleanup", Time since last: 1005383525 ns, Reaching safepoint: 93655 ns, At safepoint: 14071 ns, Total: 107726 ns
[2020-02-29T05:48:05.263+0000][1][safepoint    ] Safepoint "Cleanup", Time since last: 1003714002 ns, Reaching safepoint: 90679 ns, At safepoint: 11209 ns, Total: 101888 ns
[2020-02-29T05:48:05.767+0000][1][safepoint    ] Safepoint "RevokeBias", Time since last: 503831275 ns, Reaching safepoint: 87086 ns, At safepoint: 21241 ns, Total: 108327 ns
[2020-02-29T05:48:06.769+0000][1][safepoint    ] Safepoint "Cleanup", Time since last: 1001833868 ns, Reaching safepoint: 71751 ns, At safepoint: 10390 ns, Total: 82141 ns
[2020-02-29T05:48:07.770+0000][1][safepoint    ] Safepoint "Cleanup", Time since last: 1000643077 ns, Reaching safepoint: 114499 ns, At safepoint: 13179 ns, Total: 127678 ns
[2020-02-29T05:48:08.288+0000][1][safepoint    ] Safepoint "RevokeBias", Time since last: 517902296 ns, Reaching safepoint: 130175 ns, At safepoint: 32885 ns, Total: 163060 ns
[2020-02-29T05:48:09.289+0000][1][safepoint    ] Safepoint "Cleanup", Time since last: 1000317949 ns, Reaching safepoint: 223099 ns, At safepoint: 30389 ns, Total: 253488 ns
[2020-02-29T05:48:10.294+0000][1][safepoint    ] Safepoint "Cleanup", Time since last: 1005630192 ns, Reaching safepoint: 91601 ns, At safepoint: 6661 ns, Total: 98262 ns
[2020-02-29T05:48:10.808+0000][1][safepoint    ] Safepoint "RevokeBias", Time since last: 513744568 ns, Reaching safepoint: 129888 ns, At safepoint: 33151 ns, Total: 163039 ns
[2020-02-29T05:48:11.817+0000][1][safepoint    ] Safepoint "Cleanup", Time since last: 1008872434 ns, Reaching safepoint: 93210 ns, At safepoint: 14274 ns, Total: 107484 ns
[2020-02-29T05:48:12.819+0000][1][safepoint    ] Safepoint "Cleanup", Time since last: 1002062124 ns, Reaching safepoint: 68748 ns, At safepoint: 8667 ns, Total: 77415 ns
[2020-02-29T05:48:13.324+0000][1][safepoint    ] Safepoint "RevokeBias", Time since last: 504798775 ns, Reaching safepoint: 87243 ns, At safepoint: 21186 ns, Total: 108429 ns
[2020-02-29T05:48:14.325+0000][1][safepoint    ] Safepoint "Cleanup", Time since last: 1000747553 ns, Reaching safepoint: 200613 ns, At safepoint: 23671 ns, Total: 224284 ns
[2020-02-29T05:48:15.329+0000][1][safepoint    ] Safepoint "Cleanup", Time since last: 1003917122 ns, Reaching safepoint: 89599 ns, At safepoint: 9259 ns, Total: 98858 ns
[2020-02-29T05:48:15.843+0000][1][safepoint    ] Safepoint "RevokeBias", Time since last: 513758775 ns, Reaching safepoint: 203743 ns, At safepoint: 51737 ns, Total: 255480 ns
[2020-02-29T05:48:16.849+0000][1][safepoint    ] Safepoint "Cleanup", Time since last: 1005988635 ns, Reaching safepoint: 151907 ns, At safepoint: 9055 ns, Total: 160962 ns
[2020-02-29T05:48:17.850+0000][1][safepoint    ] Safepoint "Cleanup", Time since last: 1000891832 ns, Reaching safepoint: 129658 ns, At safepoint: 12986 ns, Total: 142644 ns
[2020-02-29T05:48:18.365+0000][1][safepoint    ] Safepoint "RevokeBias", Time since last: 514689256 ns, Reaching safepoint: 133078 ns, At safepoint: 49194 ns, Total: 182272 ns
[2020-02-29T05:48:19.367+0000][1][safepoint    ] Safepoint "Cleanup", Time since last: 1001081256 ns, Reaching safepoint: 195369 ns, At safepoint: 21026 ns, Total: 216395 ns
[2020-02-29T05:48:20.373+0000][1][safepoint    ] Safepoint "Cleanup", Time since last: 1005893615 ns, Reaching safepoint: 98589 ns, At safepoint: 10500 ns, Total: 109089 ns
[2020-02-29T05:48:20.881+0000][1][safepoint    ] Safepoint "RevokeBias", Time since last: 508505819 ns, Reaching safepoint: 89815 ns, At safepoint: 21105 ns, Total: 110920 ns
[2020-02-29T05:48:21.882+0000][1][safepoint    ] Safepoint "Cleanup", Time since last: 1000843717 ns, Reaching safepoint: 164273 ns, At safepoint: 25097 ns, Total: 189370 ns
[2020-02-29T05:48:22.886+0000][1][safepoint    ] Safepoint "Cleanup", Time since last: 1003857436 ns, Reaching safepoint: 101805 ns, At safepoint: 12721 ns, Total: 114526 ns
[2020-02-29T05:48:23.412+0000][1][gc,start     ] GC(57) Pause Young (Allocation Failure)
[2020-02-29T05:48:23.412+0000][1][gc,task      ] GC(57) Using 1 workers of 1 for evacuation
[2020-02-29T05:48:23.431+0000][1][gc,age       ] GC(57) Desired survivor size 4358144 bytes, new threshold 6 (max threshold 6)
[2020-02-29T05:48:23.431+0000][1][gc,age       ] GC(57) Age table with threshold 6 (max threshold 6)
[2020-02-29T05:48:23.431+0000][1][gc,age       ] GC(57) - age   1:      41416 bytes,      41416 total
[2020-02-29T05:48:23.431+0000][1][gc,age       ] GC(57) - age   2:      12232 bytes,      53648 total
[2020-02-29T05:48:23.431+0000][1][gc,age       ] GC(57) - age   3:        288 bytes,      53936 total
[2020-02-29T05:48:23.431+0000][1][gc,age       ] GC(57) - age   4:       1056 bytes,      54992 total
[2020-02-29T05:48:23.431+0000][1][gc,age       ] GC(57) - age   5:        208 bytes,      55200 total
[2020-02-29T05:48:23.431+0000][1][gc,age       ] GC(57) - age   6:        192 bytes,      55392 total
[2020-02-29T05:48:23.431+0000][1][gc,heap      ] GC(57) ParNew: 68193K->64K(76672K)
[2020-02-29T05:48:23.431+0000][1][gc,heap      ] GC(57) CMS: 62532K->62532K(963392K)
[2020-02-29T05:48:23.431+0000][1][gc,metaspace ] GC(57) Metaspace: 79642K->79642K(1122304K)
[2020-02-29T05:48:23.432+0000][1][gc           ] GC(57) Pause Young (Allocation Failure) 127M->61M(1015M) 20.006ms
[2020-02-29T05:48:23.432+0000][1][gc,cpu       ] GC(57) User=0.01s Sys=0.00s Real=0.02s
[2020-02-29T05:48:23.432+0000][1][safepoint    ] Safepoint "GenCollectForAllocation", Time since last: 525217753 ns, Reaching safepoint: 88385 ns, At safepoint: 20080391 ns, Total: 20168776 ns
[2020-02-29T05:48:23.432+0000][1][safepoint    ] Safepoint "RevokeBias", Time since last: 692700 ns, Reaching safepoint: 122811 ns, At safepoint: 31864 ns, Total: 154675 ns
[2020-02-29T05:48:24.433+0000][1][safepoint    ] Safepoint "Cleanup", Time since last: 1000872417 ns, Reaching safepoint: 87858 ns, At safepoint: 7205 ns, Total: 95063 ns
[2020-02-29T05:48:25.435+0000][1][safepoint    ] Safepoint "Cleanup", Time since last: 1001232880 ns, Reaching safepoint: 84419 ns, At safepoint: 6564 ns, Total: 90983 ns
[2020-02-29T05:48:25.952+0000][1][safepoint    ] Safepoint "RevokeBias", Time since last: 517180382 ns, Reaching safepoint: 130966 ns, At safepoint: 99327 ns, Total: 230293 ns
[2020-02-29T05:48:26.954+0000][1][safepoint    ] Safepoint "Cleanup", Time since last: 1002044253 ns, Reaching safepoint: 195923 ns, At safepoint: 21780 ns, Total: 217703 ns
[2020-02-29T05:48:27.956+0000][1][safepoint    ] Safepoint "Cleanup", Time since last: 1000978923 ns, Reaching safepoint: 178492 ns, At safepoint: 28627 ns, Total: 207119 ns
[2020-02-29T05:48:28.477+0000][1][safepoint    ] Safepoint "RevokeBias", Time since last: 521500863 ns, Reaching safepoint: 87849 ns, At safepoint: 21904 ns, Total: 109753 ns
[2020-02-29T05:48:29.479+0000][1][safepoint    ] Safepoint "Cleanup", Time since last: 1001436550 ns, Reaching safepoint: 130865 ns, At safepoint: 13509 ns, Total: 144374 ns
[2020-02-29T05:48:30.480+0000][1][safepoint    ] Safepoint "Cleanup", Time since last: 1001446710 ns, Reaching safepoint: 139988 ns, At safepoint: 13567 ns, Total: 153555 ns
[2020-02-29T05:48:30.996+0000][1][safepoint    ] Safepoint "RevokeBias", Time since last: 515504486 ns, Reaching safepoint: 199835 ns, At safepoint: 51110 ns, Total: 250945 ns
[2020-02-29T05:48:31.998+0000][1][safepoint    ] Safepoint "Cleanup", Time since last: 1001345565 ns, Reaching safepoint: 197577 ns, At safepoint: 21533 ns, Total: 219110 ns
[2020-02-29T05:48:33.002+0000][1][safepoint    ] Safepoint "Cleanup", Time since last: 1004210978 ns, Reaching safepoint: 90857 ns, At safepoint: 9036 ns, Total: 99893 ns
[2020-02-29T05:48:33.515+0000][1][safepoint    ] Safepoint "RevokeBias", Time since last: 513177684 ns, Reaching safepoint: 203653 ns, At safepoint: 36361 ns, Total: 240014 ns
[2020-02-29T05:48:34.519+0000][1][safepoint    ] Safepoint "Cleanup", Time since last: 1003629636 ns, Reaching safepoint: 89536 ns, At safepoint: 9028 ns, Total: 98564 ns
[2020-02-29T05:48:35.524+0000][1][safepoint    ] Safepoint "Cleanup", Time since last: 1004282616 ns, Reaching safepoint: 133730 ns, At safepoint: 15844 ns, Total: 149574 ns
[2020-02-29T05:48:36.036+0000][1][safepoint    ] Safepoint "RevokeBias", Time since last: 509150430 ns, Reaching safepoint: 3587351 ns, At safepoint: 136302 ns, Total: 3723653 ns
[2020-02-29T05:48:37.041+0000][1][safepoint    ] Safepoint "Cleanup", Time since last: 1004854533 ns, Reaching safepoint: 96997 ns, At safepoint: 13952 ns, Total: 110949 ns
[2020-02-29T05:48:38.042+0000][1][safepoint    ] Safepoint "Cleanup", Time since last: 1000844182 ns, Reaching safepoint: 129356 ns, At safepoint: 13863 ns, Total: 143219 ns
[2020-02-29T05:48:38.549+0000][1][safepoint    ] Safepoint "RevokeBias", Time since last: 506378104 ns, Reaching safepoint: 131727 ns, At safepoint: 21929 ns, Total: 153656 ns
[2020-02-29T05:48:39.551+0000][1][safepoint    ] Safepoint "Cleanup", Time since last: 1001447938 ns, Reaching safepoint: 131965 ns, At safepoint: 13971 ns, Total: 145936 ns
[2020-02-29T05:48:40.555+0000][1][safepoint    ] Safepoint "Cleanup", Time since last: 1003952087 ns, Reaching safepoint: 91530 ns, At safepoint: 10657 ns, Total: 102187 ns
[2020-02-29T05:48:41.074+0000][1][safepoint    ] Safepoint "RevokeBias", Time since last: 519414704 ns, Reaching safepoint: 200189 ns, At safepoint: 51390 ns, Total: 251579 ns
[2020-02-29T05:48:42.075+0000][1][safepoint    ] Safepoint "Cleanup", Time since last: 1001057919 ns, Reaching safepoint: 158299 ns, At safepoint: 13944 ns, Total: 172243 ns
[2020-02-29T05:48:43.081+0000][1][safepoint    ] Safepoint "Cleanup", Time since last: 1005005560 ns, Reaching safepoint: 129988 ns, At safepoint: 14440 ns, Total: 144428 ns
[2020-02-29T05:48:43.605+0000][1][safepoint    ] Safepoint "RevokeBias", Time since last: 524444032 ns, Reaching safepoint: 97173 ns, At safepoint: 20323 ns, Total: 117496 ns
[2020-02-29T05:48:44.606+0000][1][safepoint    ] Safepoint "Cleanup", Time since last: 1001119939 ns, Reaching safepoint: 90645 ns, At safepoint: 9284 ns, Total: 99929 ns
[2020-02-29T05:48:45.643+0000][1][safepoint    ] Safepoint "Cleanup", Time since last: 1036941641 ns, Reaching safepoint: 84048 ns, At safepoint: 10169 ns, Total: 94217 ns
[2020-02-29T05:48:46.127+0000][1][safepoint    ] Safepoint "RevokeBias", Time since last: 483752180 ns, Reaching safepoint: 206458 ns, At safepoint: 52315 ns, Total: 258773 ns
[2020-02-29T05:48:47.134+0000][1][safepoint    ] Safepoint "Cleanup", Time since last: 1006059689 ns, Reaching safepoint: 107989 ns, At safepoint: 11161 ns, Total: 119150 ns
[2020-02-29T05:48:48.135+0000][1][safepoint    ] Safepoint "Cleanup", Time since last: 1001648275 ns, Reaching safepoint: 128837 ns, At safepoint: 13419 ns, Total: 142256 ns
[2020-02-29T05:48:48.651+0000][1][safepoint    ] Safepoint "RevokeBias", Time since last: 515368850 ns, Reaching safepoint: 87211 ns, At safepoint: 54761 ns, Total: 141972 ns
[2020-02-29T05:48:49.653+0000][1][safepoint    ] Safepoint "Cleanup", Time since last: 1002225948 ns, Reaching safepoint: 94294 ns, At safepoint: 14325 ns, Total: 108619 ns
[2020-02-29T05:48:50.661+0000][1][safepoint    ] Safepoint "Cleanup", Time since last: 1008036410 ns, Reaching safepoint: 90902 ns, At safepoint: 9542 ns, Total: 100444 ns
[2020-02-29T05:48:51.174+0000][1][safepoint    ] Safepoint "RevokeBias", Time since last: 512899802 ns, Reaching safepoint: 131738 ns, At safepoint: 33202 ns, Total: 164940 ns
[2020-02-29T05:48:52.176+0000][1][safepoint    ] Safepoint "Cleanup", Time since last: 1001735043 ns, Reaching safepoint: 89143 ns, At safepoint: 9123 ns, Total: 98266 ns
[2020-02-29T05:48:53.178+0000][1][safepoint    ] Safepoint "Cleanup", Time since last: 1001201723 ns, Reaching safepoint: 69825 ns, At safepoint: 8854 ns, Total: 78679 ns
[2020-02-29T05:48:53.698+0000][1][safepoint    ] Safepoint "RevokeBias", Time since last: 520181907 ns, Reaching safepoint: 87415 ns, At safepoint: 112038 ns, Total: 199453 ns
[2020-02-29T05:48:54.704+0000][1][safepoint    ] Safepoint "Cleanup", Time since last: 1006154718 ns, Reaching safepoint: 66886 ns, At safepoint: 9053 ns, Total: 75939 ns
[2020-02-29T05:48:55.708+0000][1][safepoint    ] Safepoint "Cleanup", Time since last: 1004054117 ns, Reaching safepoint: 144004 ns, At safepoint: 14026 ns, Total: 158030 ns
[2020-02-29T05:48:56.235+0000][1][safepoint    ] Safepoint "RevokeBias", Time since last: 526579512 ns, Reaching safepoint: 180632 ns, At safepoint: 47547 ns, Total: 228179 ns
[2020-02-29T05:48:57.237+0000][1][safepoint    ] Safepoint "Cleanup", Time since last: 1001693872 ns, Reaching safepoint: 133880 ns, At safepoint: 19896 ns, Total: 153776 ns
[2020-02-29T05:48:58.237+0000][1][safepoint    ] Safepoint "Cleanup", Time since last: 1000157630 ns, Reaching safepoint: 118738 ns, At safepoint: 11223 ns, Total: 129961 ns
[2020-02-29T05:48:58.768+0000][1][safepoint    ] Safepoint "RevokeBias", Time since last: 530135064 ns, Reaching safepoint: 201063 ns, At safepoint: 55668 ns, Total: 256731 ns
[2020-02-29T05:48:59.772+0000][1][safepoint    ] Safepoint "Cleanup", Time since last: 1004434543 ns, Reaching safepoint: 129523 ns, At safepoint: 14035 ns, Total: 143558 ns
[2020-02-29T05:49:00.773+0000][1][safepoint    ] Safepoint "Cleanup", Time since last: 1000902063 ns, Reaching safepoint: 128805 ns, At safepoint: 13475 ns, Total: 142280 ns
[2020-02-29T05:49:01.282+0000][1][safepoint    ] Safepoint "RevokeBias", Time since last: 508906915 ns, Reaching safepoint: 87748 ns, At safepoint: 28610 ns, Total: 116358 ns
[2020-02-29T05:49:02.285+0000][1][safepoint    ] Safepoint "Cleanup", Time since last: 1002659118 ns, Reaching safepoint: 90731 ns, At safepoint: 12412 ns, Total: 103143 ns
[2020-02-29T05:49:03.293+0000][1][safepoint    ] Safepoint "Cleanup", Time since last: 1008189975 ns, Reaching safepoint: 93061 ns, At safepoint: 13176 ns, Total: 106237 ns
[2020-02-29T05:49:03.801+0000][1][safepoint    ] Safepoint "RevokeBias", Time since last: 507503167 ns, Reaching safepoint: 102269 ns, At safepoint: 24807 ns, Total: 127076 ns
[2020-02-29T05:49:04.816+0000][1][safepoint    ] Safepoint "Cleanup", Time since last: 1014390182 ns, Reaching safepoint: 171518 ns, At safepoint: 18718 ns, Total: 190236 ns
[2020-02-29T05:49:05.823+0000][1][safepoint    ] Safepoint "Cleanup", Time since last: 1006937186 ns, Reaching safepoint: 145612 ns, At safepoint: 13845 ns, Total: 159457 ns
[2020-02-29T05:49:06.316+0000][1][safepoint    ] Safepoint "RevokeBias", Time since last: 493413162 ns, Reaching safepoint: 62670 ns, At safepoint: 18388 ns, Total: 81058 ns
[2020-02-29T05:49:07.320+0000][1][safepoint    ] Safepoint "Cleanup", Time since last: 1004027649 ns, Reaching safepoint: 92487 ns, At safepoint: 13612 ns, Total: 106099 ns
[2020-02-29T05:49:08.330+0000][1][safepoint    ] Safepoint "Cleanup", Time since last: 1009718619 ns, Reaching safepoint: 130855 ns, At safepoint: 13499 ns, Total: 144354 ns
[2020-02-29T05:49:08.827+0000][1][safepoint    ] Safepoint "RevokeBias", Time since last: 496229655 ns, Reaching safepoint: 210985 ns, At safepoint: 115717 ns, Total: 326702 ns
[2020-02-29T05:49:09.832+0000][1][safepoint    ] Safepoint "Cleanup", Time since last: 1004531682 ns, Reaching safepoint: 150564 ns, At safepoint: 14774 ns, Total: 165338 ns
[2020-02-29T05:49:10.837+0000][1][safepoint    ] Safepoint "Cleanup", Time since last: 1005644324 ns, Reaching safepoint: 130370 ns, At safepoint: 13476 ns, Total: 143846 ns
[2020-02-29T05:49:11.344+0000][1][safepoint    ] Safepoint "BulkRevokeBias", Time since last: 506361512 ns, Reaching safepoint: 87837 ns, At safepoint: 270875 ns, Total: 358712 ns
[2020-02-29T05:49:12.350+0000][1][safepoint    ] Safepoint "Cleanup", Time since last: 1006268898 ns, Reaching safepoint: 130345 ns, At safepoint: 14105 ns, Total: 144450 ns
[2020-02-29T05:49:13.361+0000][1][safepoint    ] Safepoint "Cleanup", Time since last: 1010490740 ns, Reaching safepoint: 129667 ns, At safepoint: 13701 ns, Total: 143368 ns
[2020-02-29T05:49:13.858+0000][1][safepoint    ] Safepoint "RevokeBias", Time since last: 496574286 ns, Reaching safepoint: 201693 ns, At safepoint: 52377 ns, Total: 254070 ns
[2020-02-29T05:49:14.859+0000][1][safepoint    ] Safepoint "Cleanup", Time since last: 1001205000 ns, Reaching safepoint: 183167 ns, At safepoint: 27397 ns, Total: 210564 ns
[2020-02-29T05:49:15.865+0000][1][safepoint    ] Safepoint "Cleanup", Time since last: 1005109991 ns, Reaching safepoint: 115448 ns, At safepoint: 13439 ns, Total: 128887 ns
[2020-02-29T05:49:16.388+0000][1][safepoint    ] Safepoint "RevokeBias", Time since last: 523594854 ns, Reaching safepoint: 193632 ns, At safepoint: 41142 ns, Total: 234774 ns
[2020-02-29T05:49:17.398+0000][1][safepoint    ] Safepoint "Cleanup", Time since last: 1009056038 ns, Reaching safepoint: 91252 ns, At safepoint: 10428 ns, Total: 101680 ns
[2020-02-29T05:49:18.404+0000][1][safepoint    ] Safepoint "Cleanup", Time since last: 1005927589 ns, Reaching safepoint: 158542 ns, At safepoint: 15435 ns, Total: 173977 ns
[2020-02-29T05:49:18.905+0000][1][safepoint    ] Safepoint "RevokeBias", Time since last: 501249486 ns, Reaching safepoint: 148813 ns, At safepoint: 33089 ns, Total: 181902 ns
[2020-02-29T05:49:19.906+0000][1][safepoint    ] Safepoint "Cleanup", Time since last: 1000851321 ns, Reaching safepoint: 131089 ns, At safepoint: 13239 ns, Total: 144328 ns
[2020-02-29T05:49:20.908+0000][1][safepoint    ] Safepoint "Cleanup", Time since last: 1001314701 ns, Reaching safepoint: 128694 ns, At safepoint: 13072 ns, Total: 141766 ns
[2020-02-29T05:49:21.427+0000][1][safepoint    ] Safepoint "RevokeBias", Time since last: 518997048 ns, Reaching safepoint: 129394 ns, At safepoint: 32168 ns, Total: 161562 ns
[2020-02-29T05:49:22.428+0000][1][safepoint    ] Safepoint "Cleanup", Time since last: 1001370325 ns, Reaching safepoint: 194509 ns, At safepoint: 21286 ns, Total: 215795 ns
[2020-02-29T05:49:23.429+0000][1][safepoint    ] Safepoint "Cleanup", Time since last: 1000709969 ns, Reaching safepoint: 98199 ns, At safepoint: 11424 ns, Total: 109623 ns
[2020-02-29T05:49:23.948+0000][1][safepoint    ] Safepoint "RevokeBias", Time since last: 518512312 ns, Reaching safepoint: 201824 ns, At safepoint: 52389 ns, Total: 254213 ns
[2020-02-29T05:49:24.948+0000][1][safepoint    ] Safepoint "Cleanup", Time since last: 1000395744 ns, Reaching safepoint: 83376 ns, At safepoint: 8416 ns, Total: 91792 ns
[2020-02-29T05:49:25.951+0000][1][safepoint    ] Safepoint "Cleanup", Time since last: 1002726535 ns, Reaching safepoint: 188344 ns, At safepoint: 22571 ns, Total: 210915 ns
[2020-02-29T05:49:26.468+0000][1][safepoint    ] Safepoint "RevokeBias", Time since last: 516959300 ns, Reaching safepoint: 109085 ns, At safepoint: 23949 ns, Total: 133034 ns
[2020-02-29T05:49:27.472+0000][1][safepoint    ] Safepoint "Cleanup", Time since last: 1003141008 ns, Reaching safepoint: 129523 ns, At safepoint: 13841 ns, Total: 143364 ns
[2020-02-29T05:49:28.482+0000][1][safepoint    ] Safepoint "Cleanup", Time since last: 1009970137 ns, Reaching safepoint: 69757 ns, At safepoint: 9559 ns, Total: 79316 ns
[2020-02-29T05:49:28.983+0000][1][safepoint    ] Safepoint "RevokeBias", Time since last: 500735179 ns, Reaching safepoint: 202263 ns, At safepoint: 52102 ns, Total: 254365 ns
[2020-02-29T05:49:29.983+0000][1][safepoint    ] Safepoint "Cleanup", Time since last: 1000312770 ns, Reaching safepoint: 87732 ns, At safepoint: 9143 ns, Total: 96875 ns
[2020-02-29T05:49:30.984+0000][1][safepoint    ] Safepoint "Cleanup", Time since last: 1000934031 ns, Reaching safepoint: 90421 ns, At safepoint: 9023 ns, Total: 99444 ns
[2020-02-29T05:49:31.490+0000][1][safepoint    ] Safepoint "RevokeBias", Time since last: 505550801 ns, Reaching safepoint: 74324 ns, At safepoint: 21978 ns, Total: 96302 ns
[2020-02-29T05:49:32.491+0000][1][safepoint    ] Safepoint "Cleanup", Time since last: 1001498862 ns, Reaching safepoint: 102438 ns, At safepoint: 11939 ns, Total: 114377 ns
[2020-02-29T05:49:33.498+0000][1][safepoint    ] Safepoint "Cleanup", Time since last: 1006142479 ns, Reaching safepoint: 91915 ns, At safepoint: 9154 ns, Total: 101069 ns
[2020-02-29T05:49:34.001+0000][1][safepoint    ] Safepoint "RevokeBias", Time since last: 502789821 ns, Reaching safepoint: 98269 ns, At safepoint: 20728 ns, Total: 118997 ns
[2020-02-29T05:50:05.330+0000][1][safepoint    ] Safepoint "Cleanup", Time since last: 1001561341 ns, Reaching safepoint: 123608 ns, At safepoint: 29261 ns, Total: 152869 ns
[2020-02-29T05:50:06.331+0000][1][safepoint    ] Safepoint "Cleanup", Time since last: 1000664832 ns, Reaching safepoint: 88436 ns, At safepoint: 11939 ns, Total: 100375 ns
[2020-02-29T05:50:06.848+0000][1][safepoint    ] Safepoint "RevokeBias", Time since last: 516881006 ns, Reaching safepoint: 99630 ns, At safepoint: 25792 ns, Total: 125422 ns
[2020-02-29T05:50:07.853+0000][1][safepoint    ] Safepoint "Cleanup", Time since last: 1005279747 ns, Reaching safepoint: 64313 ns, At safepoint: 6305 ns, Total: 70618 ns
[2020-02-29T05:50:08.858+0000][1][safepoint    ] Safepoint "Cleanup", Time since last: 1005180318 ns, Reaching safepoint: 117936 ns, At safepoint: 16412 ns, Total: 134348 ns
[2020-02-29T05:50:09.369+0000][1][safepoint    ] Safepoint "RevokeBias", Time since last: 510369135 ns, Reaching safepoint: 86973 ns, At safepoint: 21537 ns, Total: 108510 ns
[2020-02-29T05:50:10.381+0000][1][safepoint    ] Safepoint "Cleanup", Time since last: 1012299228 ns, Reaching safepoint: 92954 ns, At safepoint: 10336 ns, Total: 103290 ns
[2020-02-29T05:50:11.382+0000][1][safepoint    ] Safepoint "Cleanup", Time since last: 1000523366 ns, Reaching safepoint: 112192 ns, At safepoint: 15105 ns, Total: 127297 ns
[2020-02-29T05:50:12.383+0000][1][safepoint    ] Safepoint "Cleanup", Time since last: 1001153921 ns, Reaching safepoint: 85499 ns, At safepoint: 11373 ns, Total: 96872 ns
[2020-02-29T05:50:13.385+0000][1][safepoint    ] Safepoint "Cleanup", Time since last: 1001560619 ns, Reaching safepoint: 69673 ns, At safepoint: 8892 ns, Total: 78565 ns
[2020-02-29T05:50:14.510+0000][1][safepoint    ] Safepoint "Cleanup", Time since last: 1125032462 ns, Reaching safepoint: 82886 ns, At safepoint: 6998 ns, Total: 89884 ns
[2020-02-29T05:50:15.511+0000][1][safepoint    ] Safepoint "Cleanup", Time since last: 1001264172 ns, Reaching safepoint: 88129 ns, At safepoint: 8441 ns, Total: 96570 ns
[2020-02-29T05:50:16.514+0000][1][safepoint    ] Safepoint "Cleanup", Time since last: 1002695446 ns, Reaching safepoint: 68320 ns, At safepoint: 8704 ns, Total: 77024 ns
[2020-02-29T05:50:17.140+0000][1][safepoint    ] Safepoint "RevokeBias", Time since last: 625339838 ns, Reaching safepoint: 80780 ns, At safepoint: 21029 ns, Total: 101809 ns
[2020-02-29T05:50:18.145+0000][1][safepoint    ] Safepoint "Cleanup", Time since last: 1005709551 ns, Reaching safepoint: 64835 ns, At safepoint: 8585 ns, Total: 73420 ns
[2020-02-29T05:50:19.146+0000][1][safepoint    ] Safepoint "Cleanup", Time since last: 1000667016 ns, Reaching safepoint: 68931 ns, At safepoint: 9062 ns, Total: 77993 ns
[2020-02-29T05:50:19.664+0000][1][safepoint    ] Safepoint "RevokeBias", Time since last: 517311392 ns, Reaching safepoint: 63137 ns, At safepoint: 20015 ns, Total: 83152 ns
[2020-02-29T05:50:20.673+0000][1][safepoint    ] Safepoint "Cleanup", Time since last: 1009234084 ns, Reaching safepoint: 90248 ns, At safepoint: 9013 ns, Total: 99261 ns
[2020-02-29T05:50:21.677+0000][1][safepoint    ] Safepoint "Cleanup", Time since last: 1004426316 ns, Reaching safepoint: 91843 ns, At safepoint: 9741 ns, Total: 101584 ns
[2020-02-29T05:50:22.192+0000][1][safepoint    ] Safepoint "RevokeBias", Time since last: 514132852 ns, Reaching safepoint: 87733 ns, At safepoint: 22306 ns, Total: 110039 ns
[2020-02-29T05:50:23.194+0000][1][safepoint    ] Safepoint "Cleanup", Time since last: 1002328684 ns, Reaching safepoint: 66626 ns, At safepoint: 8864 ns, Total: 75490 ns
[2020-02-29T05:50:24.203+0000][1][safepoint    ] Safepoint "Cleanup", Time since last: 1009303564 ns, Reaching safepoint: 88781 ns, At safepoint: 9323 ns, Total: 98104 ns
[2020-02-29T05:50:24.708+0000][1][safepoint    ] Safepoint "RevokeBias", Time since last: 504017236 ns, Reaching safepoint: 85718 ns, At safepoint: 20750 ns, Total: 106468 ns
[2020-02-29T05:50:25.713+0000][1][safepoint    ] Safepoint "Cleanup", Time since last: 1005263628 ns, Reaching safepoint: 69958 ns, At safepoint: 9268 ns, Total: 79226 ns
[2020-02-29T05:50:27.218+0000][1][safepoint    ] Safepoint "RevokeBias", Time since last: 1504770236 ns, Reaching safepoint: 94112 ns, At safepoint: 21106 ns, Total: 115218 ns
[2020-02-29T05:50:28.219+0000][1][safepoint    ] Safepoint "Cleanup", Time since last: 1001015068 ns, Reaching safepoint: 66628 ns, At safepoint: 8531 ns, Total: 75159 ns
[2020-02-29T05:50:29.221+0000][1][safepoint    ] Safepoint "Cleanup", Time since last: 1001806906 ns, Reaching safepoint: 90738 ns, At safepoint: 8834 ns, Total: 99572 ns
[2020-02-29T05:50:29.729+0000][1][safepoint    ] Safepoint "RevokeBias", Time since last: 507879546 ns, Reaching safepoint: 121366 ns, At safepoint: 24102 ns, Total: 145468 ns
[2020-02-29T05:50:30.730+0000][1][safepoint    ] Safepoint "Cleanup", Time since last: 1001140680 ns, Reaching safepoint: 70525 ns, At safepoint: 8899 ns, Total: 79424 ns
[2020-02-29T05:50:31.735+0000][1][safepoint    ] Safepoint "Cleanup", Time since last: 1005070452 ns, Reaching safepoint: 185170 ns, At safepoint: 14098 ns, Total: 199268 ns
[2020-02-29T05:50:32.245+0000][1][safepoint    ] Safepoint "RevokeBias", Time since last: 509536281 ns, Reaching safepoint: 87335 ns, At safepoint: 21787 ns, Total: 109122 ns
[2020-02-29T05:50:33.246+0000][1][safepoint    ] Safepoint "Cleanup", Time since last: 1000701045 ns, Reaching safepoint: 91489 ns, At safepoint: 9959 ns, Total: 101448 ns
[2020-02-29T05:50:34.254+0000][1][safepoint    ] Safepoint "Cleanup", Time since last: 1008419152 ns, Reaching safepoint: 65274 ns, At safepoint: 7673 ns, Total: 72947 ns
[2020-02-29T05:50:34.766+0000][1][safepoint    ] Safepoint "RevokeBias", Time since last: 511972064 ns, Reaching safepoint: 61569 ns, At safepoint: 19113 ns, Total: 80682 ns
[2020-02-29T05:50:35.779+0000][1][safepoint    ] Safepoint "Cleanup", Time since last: 1012869934 ns, Reaching safepoint: 67734 ns, At safepoint: 8885 ns, Total: 76619 ns
[2020-02-29T05:50:36.780+0000][1][safepoint    ] Safepoint "Cleanup", Time since last: 1000758135 ns, Reaching safepoint: 96548 ns, At safepoint: 9812 ns, Total: 106360 ns
[2020-02-29T05:50:37.290+0000][1][safepoint    ] Safepoint "RevokeBias", Time since last: 509365885 ns, Reaching safepoint: 87573 ns, At safepoint: 20609 ns, Total: 108182 ns
[2020-02-29T05:50:38.290+0000][1][safepoint    ] Safepoint "Cleanup", Time since last: 1000682758 ns, Reaching safepoint: 77779 ns, At safepoint: 8179 ns, Total: 85958 ns
[2020-02-29T05:50:39.292+0000][1][safepoint    ] Safepoint "Cleanup", Time since last: 1001728956 ns, Reaching safepoint: 67442 ns, At safepoint: 8692 ns, Total: 76134 ns
[2020-02-29T05:50:39.811+0000][1][safepoint    ] Safepoint "RevokeBias", Time since last: 518487449 ns, Reaching safepoint: 86684 ns, At safepoint: 25512 ns, Total: 112196 ns
[2020-02-29T05:50:40.818+0000][1][safepoint    ] Safepoint "Cleanup", Time since last: 1007272265 ns, Reaching safepoint: 90332 ns, At safepoint: 8775 ns, Total: 99107 ns
[2020-02-29T05:50:41.823+0000][1][safepoint    ] Safepoint "Cleanup", Time since last: 1005245037 ns, Reaching safepoint: 90605 ns, At safepoint: 8507 ns, Total: 99112 ns
[2020-02-29T05:50:42.325+0000][1][safepoint    ] Safepoint "RevokeBias", Time since last: 501841021 ns, Reaching safepoint: 62559 ns, At safepoint: 18714 ns, Total: 81273 ns
[2020-02-29T05:50:43.329+0000][1][safepoint    ] Safepoint "Cleanup", Time since last: 1003453556 ns, Reaching safepoint: 90038 ns, At safepoint: 9302 ns, Total: 99340 ns
[2020-02-29T05:50:44.336+0000][1][safepoint    ] Safepoint "Cleanup", Time since last: 1007341369 ns, Reaching safepoint: 70264 ns, At safepoint: 9785 ns, Total: 80049 ns
[2020-02-29T05:50:44.834+0000][1][safepoint    ] Safepoint "RevokeBias", Time since last: 497917201 ns, Reaching safepoint: 119909 ns, At safepoint: 24886 ns, Total: 144795 ns
[2020-02-29T05:50:45.837+0000][1][safepoint    ] Safepoint "Cleanup", Time since last: 1002786295 ns, Reaching safepoint: 67468 ns, At safepoint: 8250 ns, Total: 75718 ns
[2020-02-29T05:50:46.838+0000][1][safepoint    ] Safepoint "Cleanup", Time since last: 1000861658 ns, Reaching safepoint: 89067 ns, At safepoint: 8459 ns, Total: 97526 ns
[2020-02-29T05:50:47.339+0000][1][safepoint    ] Safepoint "RevokeBias", Time since last: 501123804 ns, Reaching safepoint: 86434 ns, At safepoint: 39805 ns, Total: 126239 ns
[2020-02-29T05:50:48.341+0000][1][safepoint    ] Safepoint "Cleanup", Time since last: 1001066154 ns, Reaching safepoint: 85610 ns, At safepoint: 7246 ns, Total: 92856 ns
[2020-02-29T05:50:49.342+0000][1][safepoint    ] Safepoint "Cleanup", Time since last: 1001532070 ns, Reaching safepoint: 68478 ns, At safepoint: 8835 ns, Total: 77313 ns
[2020-02-29T05:50:49.849+0000][1][safepoint    ] Safepoint "RevokeBias", Time since last: 507160506 ns, Reaching safepoint: 61811 ns, At safepoint: 18643 ns, Total: 80454 ns
[2020-02-29T05:50:50.850+0000][1][safepoint    ] Safepoint "Cleanup", Time since last: 1000632326 ns, Reaching safepoint: 93143 ns, At safepoint: 9780 ns, Total: 102923 ns
[2020-02-29T05:50:51.851+0000][1][safepoint    ] Safepoint "Cleanup", Time since last: 1000870306 ns, Reaching safepoint: 128260 ns, At safepoint: 16158 ns, Total: 144418 ns
[2020-02-29T05:50:52.370+0000][1][safepoint    ] Safepoint "RevokeBias", Time since last: 518306234 ns, Reaching safepoint: 117121 ns, At safepoint: 29301 ns, Total: 146422 ns
[2020-02-29T05:50:53.370+0000][1][safepoint    ] Safepoint "Cleanup", Time since last: 1000597122 ns, Reaching safepoint: 92391 ns, At safepoint: 10308 ns, Total: 102699 ns
[2020-02-29T05:50:54.371+0000][1][safepoint    ] Safepoint "Cleanup", Time since last: 1000726897 ns, Reaching safepoint: 66799 ns, At safepoint: 7183 ns, Total: 73982 ns
[2020-02-29T05:50:54.892+0000][1][safepoint    ] Safepoint "RevokeBias", Time since last: 521148498 ns, Reaching safepoint: 64272 ns, At safepoint: 18775 ns, Total: 83047 ns
[2020-02-29T05:50:55.895+0000][1][safepoint    ] Safepoint "Cleanup", Time since last: 1002806665 ns, Reaching safepoint: 88191 ns, At safepoint: 9339 ns, Total: 97530 ns
[2020-02-29T05:50:57.417+0000][1][safepoint    ] Safepoint "RevokeBias", Time since last: 1521220220 ns, Reaching safepoint: 64201 ns, At safepoint: 18912 ns, Total: 83113 ns
[2020-02-29T05:50:58.421+0000][1][safepoint    ] Safepoint "Cleanup", Time since last: 1004130720 ns, Reaching safepoint: 71520 ns, At safepoint: 9078 ns, Total: 80598 ns
[2020-02-29T05:50:59.421+0000][1][safepoint    ] Safepoint "Cleanup", Time since last: 1000551307 ns, Reaching safepoint: 95289 ns, At safepoint: 9727 ns, Total: 105016 ns
[2020-02-29T05:50:59.935+0000][1][safepoint    ] Safepoint "BulkRevokeBias", Time since last: 513236416 ns, Reaching safepoint: 117814 ns, At safepoint: 232183 ns, Total: 349997 ns
[2020-02-29T05:51:00.937+0000][1][safepoint    ] Safepoint "Cleanup", Time since last: 1001387244 ns, Reaching safepoint: 66209 ns, At safepoint: 9074 ns, Total: 75283 ns
[2020-02-29T05:51:01.945+0000][1][safepoint    ] Safepoint "Cleanup", Time since last: 1008468760 ns, Reaching safepoint: 63587 ns, At safepoint: 7274 ns, Total: 70861 ns
[2020-02-29T05:51:02.455+0000][1][safepoint    ] Safepoint "RevokeBias", Time since last: 510158476 ns, Reaching safepoint: 86025 ns, At safepoint: 55605 ns, Total: 141630 ns
[2020-02-29T05:51:03.464+0000][1][safepoint    ] Safepoint "Cleanup", Time since last: 1008904771 ns, Reaching safepoint: 67928 ns, At safepoint: 8850 ns, Total: 76778 ns
[2020-02-29T05:51:04.467+0000][1][safepoint    ] Safepoint "Cleanup", Time since last: 1002364069 ns, Reaching safepoint: 70062 ns, At safepoint: 8790 ns, Total: 78852 ns
[2020-02-29T05:51:04.974+0000][1][safepoint    ] Safepoint "RevokeBias", Time since last: 506801516 ns, Reaching safepoint: 100218 ns, At safepoint: 27550 ns, Total: 127768 ns
[2020-02-29T05:51:05.983+0000][1][safepoint    ] Safepoint "Cleanup", Time since last: 1009600311 ns, Reaching safepoint: 67576 ns, At safepoint: 9463 ns, Total: 77039 ns
[2020-02-29T05:51:06.986+0000][1][safepoint    ] Safepoint "Cleanup", Time since last: 1002474963 ns, Reaching safepoint: 68514 ns, At safepoint: 8977 ns, Total: 77491 ns
[2020-02-29T05:51:07.493+0000][1][safepoint    ] Safepoint "RevokeBias", Time since last: 507297926 ns, Reaching safepoint: 60195 ns, At safepoint: 18479 ns, Total: 78674 ns
[2020-02-29T05:51:08.494+0000][1][safepoint    ] Safepoint "Cleanup", Time since last: 1000859282 ns, Reaching safepoint: 68776 ns, At safepoint: 8928 ns, Total: 77704 ns
[2020-02-29T05:51:09.497+0000][1][safepoint    ] Safepoint "Cleanup", Time since last: 1002645559 ns, Reaching safepoint: 68597 ns, At safepoint: 9037 ns, Total: 77634 ns
[2020-02-29T05:51:10.019+0000][1][safepoint    ] Safepoint "RevokeBias", Time since last: 521763570 ns, Reaching safepoint: 86890 ns, At safepoint: 21525 ns, Total: 108415 ns
[2020-02-29T05:51:11.383+0000][1][gc,start     ] GC(58) Pause Young (Allocation Failure)
[2020-02-29T05:51:11.383+0000][1][gc,task      ] GC(58) Using 1 workers of 1 for evacuation
[2020-02-29T05:51:11.393+0000][1][gc,age       ] GC(58) Desired survivor size 4358144 bytes, new threshold 6 (max threshold 6)
[2020-02-29T05:51:11.393+0000][1][gc,age       ] GC(58) Age table with threshold 6 (max threshold 6)
[2020-02-29T05:51:11.393+0000][1][gc,age       ] GC(58) - age   1:      12512 bytes,      12512 total
[2020-02-29T05:51:11.393+0000][1][gc,age       ] GC(58) - age   2:      17480 bytes,      29992 total
[2020-02-29T05:51:11.393+0000][1][gc,age       ] GC(58) - age   3:      12232 bytes,      42224 total
[2020-02-29T05:51:11.393+0000][1][gc,age       ] GC(58) - age   4:        288 bytes,      42512 total
[2020-02-29T05:51:11.393+0000][1][gc,age       ] GC(58) - age   5:       1056 bytes,      43568 total
[2020-02-29T05:51:11.393+0000][1][gc,age       ] GC(58) - age   6:        208 bytes,      43776 total
[2020-02-29T05:51:11.393+0000][1][gc,heap      ] GC(58) ParNew: 68224K->45K(76672K)
[2020-02-29T05:51:11.393+0000][1][gc,heap      ] GC(58) CMS: 62532K->62532K(963392K)
[2020-02-29T05:51:11.394+0000][1][gc,metaspace ] GC(58) Metaspace: 79669K->79669K(1122304K)
[2020-02-29T05:51:11.394+0000][1][gc           ] GC(58) Pause Young (Allocation Failure) 127M->61M(1015M) 10.891ms
[2020-02-29T05:51:11.394+0000][1][gc,cpu       ] GC(58) User=0.02s Sys=0.00s Real=0.02s
[2020-02-29T05:51:11.394+0000][1][safepoint    ] Safepoint "GenCollectForAllocation", Time since last: 1363673303 ns, Reaching safepoint: 92129 ns, At safepoint: 10959219 ns, Total: 11051348 ns
[2020-02-29T05:51:12.396+0000][1][safepoint    ] Safepoint "Cleanup", Time since last: 1002586213 ns, Reaching safepoint: 94042 ns, At safepoint: 10111 ns, Total: 104153 ns
[2020-02-29T05:51:12.525+0000][1][safepoint    ] Safepoint "RevokeBias", Time since last: 128846943 ns, Reaching safepoint: 86925 ns, At safepoint: 21490 ns, Total: 108415 ns
[2020-02-29T05:51:13.526+0000][1][safepoint    ] Safepoint "Cleanup", Time since last: 1001104898 ns, Reaching safepoint: 89445 ns, At safepoint: 7244 ns, Total: 96689 ns
[2020-02-29T05:51:14.527+0000][1][safepoint    ] Safepoint "Cleanup", Time since last: 1000804951 ns, Reaching safepoint: 67702 ns, At safepoint: 6812 ns, Total: 74514 ns
[2020-02-29T05:51:15.029+0000][1][safepoint    ] Safepoint "RevokeBias", Time since last: 501628499 ns, Reaching safepoint: 87941 ns, At safepoint: 21211 ns, Total: 109152 ns
[2020-02-29T05:51:16.032+0000][1][safepoint    ] Safepoint "Cleanup", Time since last: 1002930967 ns, Reaching safepoint: 67296 ns, At safepoint: 6820 ns, Total: 74116 ns
[2020-02-29T05:51:17.035+0000][1][safepoint    ] Safepoint "Cleanup", Time since last: 1003067079 ns, Reaching safepoint: 84952 ns, At safepoint: 7395 ns, Total: 92347 ns
[2020-02-29T05:51:17.540+0000][1][safepoint    ] Safepoint "RevokeBias", Time since last: 504232826 ns, Reaching safepoint: 94264 ns, At safepoint: 43611 ns, Total: 137875 ns
[2020-02-29T05:51:18.540+0000][1][safepoint    ] Safepoint "Cleanup", Time since last: 1000423069 ns, Reaching safepoint: 87820 ns, At safepoint: 7828 ns, Total: 95648 ns
[2020-02-29T05:51:19.549+0000][1][safepoint    ] Safepoint "Cleanup", Time since last: 1008661591 ns, Reaching safepoint: 88049 ns, At safepoint: 7489 ns, Total: 95538 ns
[2020-02-29T05:51:20.067+0000][1][safepoint    ] Safepoint "RevokeBias", Time since last: 518386446 ns, Reaching safepoint: 69111 ns, At safepoint: 20687 ns, Total: 89798 ns
[2020-02-29T05:51:21.070+0000][1][safepoint    ] Safepoint "Cleanup", Time since last: 1002839268 ns, Reaching safepoint: 88107 ns, At safepoint: 6956 ns, Total: 95063 ns
[2020-02-29T05:51:22.071+0000][1][safepoint    ] Safepoint "Cleanup", Time since last: 1000310380 ns, Reaching safepoint: 88785 ns, At safepoint: 7592 ns, Total: 96377 ns
[2020-02-29T05:51:22.595+0000][1][safepoint    ] Safepoint "RevokeBias", Time since last: 523952538 ns, Reaching safepoint: 62530 ns, At safepoint: 19589 ns, Total: 82119 ns
[2020-02-29T05:51:23.604+0000][1][safepoint    ] Safepoint "Cleanup", Time since last: 1009375529 ns, Reaching safepoint: 66352 ns, At safepoint: 6882 ns, Total: 73234 ns
[2020-02-29T05:51:24.605+0000][1][safepoint    ] Safepoint "Cleanup", Time since last: 1000262227 ns, Reaching safepoint: 86121 ns, At safepoint: 7943 ns, Total: 94064 ns
[2020-02-29T05:51:25.119+0000][1][safepoint    ] Safepoint "RevokeBias", Time since last: 513954928 ns, Reaching safepoint: 83644 ns, At safepoint: 22796 ns, Total: 106440 ns
[2020-02-29T05:51:26.122+0000][1][safepoint    ] Safepoint "Cleanup", Time since last: 1003507739 ns, Reaching safepoint: 65316 ns, At safepoint: 6749 ns, Total: 72065 ns
[2020-02-29T05:51:27.123+0000][1][safepoint    ] Safepoint "Cleanup", Time since last: 1001018187 ns, Reaching safepoint: 96035 ns, At safepoint: 9397 ns, Total: 105432 ns
[2020-02-29T05:51:27.638+0000][1][safepoint    ] Safepoint "RevokeBias", Time since last: 514889427 ns, Reaching safepoint: 87025 ns, At safepoint: 20958 ns, Total: 107983 ns
[2020-02-29T05:51:28.643+0000][1][safepoint    ] Safepoint "Cleanup", Time since last: 1004859152 ns, Reaching safepoint: 81196 ns, At safepoint: 9173 ns, Total: 90369 ns
[2020-02-29T05:51:29.644+0000][1][safepoint    ] Safepoint "Cleanup", Time since last: 1000876206 ns, Reaching safepoint: 68855 ns, At safepoint: 9460 ns, Total: 78315 ns
[2020-02-29T05:51:30.166+0000][1][safepoint    ] Safepoint "RevokeBias", Time since last: 521284422 ns, Reaching safepoint: 80848 ns, At safepoint: 21562 ns, Total: 102410 ns
[2020-02-29T05:51:31.166+0000][1][safepoint    ] Safepoint "Cleanup", Time since last: 1000639378 ns, Reaching safepoint: 90731 ns, At safepoint: 9117 ns, Total: 99848 ns
[2020-02-29T05:51:32.170+0000][1][safepoint    ] Safepoint "Cleanup", Time since last: 1003838003 ns, Reaching safepoint: 70549 ns, At safepoint: 8933 ns, Total: 79482 ns
[2020-02-29T05:51:32.693+0000][1][safepoint    ] Safepoint "RevokeBias", Time since last: 522215699 ns, Reaching safepoint: 62740 ns, At safepoint: 19231 ns, Total: 81971 ns
[2020-02-29T05:51:33.698+0000][1][safepoint    ] Safepoint "Cleanup", Time since last: 1005568165 ns, Reaching safepoint: 68798 ns, At safepoint: 8964 ns, Total: 77762 ns
[2020-02-29T05:51:34.700+0000][1][safepoint    ] Safepoint "Cleanup", Time since last: 1001313165 ns, Reaching safepoint: 89044 ns, At safepoint: 8551 ns, Total: 97595 ns
[2020-02-29T05:51:35.212+0000][1][safepoint    ] Safepoint "RevokeBias", Time since last: 512584417 ns, Reaching safepoint: 86399 ns, At safepoint: 22329 ns, Total: 108728 ns
[2020-02-29T05:51:36.214+0000][1][safepoint    ] Safepoint "Cleanup", Time since last: 1001364172 ns, Reaching safepoint: 91590 ns, At safepoint: 9997 ns, Total: 101587 ns
[2020-02-29T05:51:37.220+0000][1][safepoint    ] Safepoint "Cleanup", Time since last: 1006126221 ns, Reaching safepoint: 160155 ns, At safepoint: 14058 ns, Total: 174213 ns
[2020-02-29T05:51:37.745+0000][1][safepoint    ] Safepoint "RevokeBias", Time since last: 524675731 ns, Reaching safepoint: 87776 ns, At safepoint: 28577 ns, Total: 116353 ns
[2020-02-29T05:51:38.747+0000][1][safepoint    ] Safepoint "Cleanup", Time since last: 1001570583 ns, Reaching safepoint: 88083 ns, At safepoint: 12060 ns, Total: 100143 ns
[2020-02-29T05:51:39.748+0000][1][safepoint    ] Safepoint "Cleanup", Time since last: 1000774671 ns, Reaching safepoint: 200448 ns, At safepoint: 24817 ns, Total: 225265 ns
[2020-02-29T05:51:40.263+0000][1][safepoint    ] Safepoint "RevokeBias", Time since last: 515703256 ns, Reaching safepoint: 140354 ns, At safepoint: 69528 ns, Total: 209882 ns
[2020-02-29T05:51:41.265+0000][1][safepoint    ] Safepoint "Cleanup", Time since last: 1000982987 ns, Reaching safepoint: 164148 ns, At safepoint: 15944 ns, Total: 180092 ns
[2020-02-29T05:51:42.266+0000][1][safepoint    ] Safepoint "Cleanup", Time since last: 1001133076 ns, Reaching safepoint: 69311 ns, At safepoint: 9164 ns, Total: 78475 ns
[2020-02-29T05:51:42.782+0000][1][safepoint    ] Safepoint "RevokeBias", Time since last: 515870623 ns, Reaching safepoint: 131024 ns, At safepoint: 33054 ns, Total: 164078 ns
[2020-02-29T05:51:43.790+0000][1][safepoint    ] Safepoint "Cleanup", Time since last: 1008048560 ns, Reaching safepoint: 90177 ns, At safepoint: 9569 ns, Total: 99746 ns
[2020-02-29T05:51:44.795+0000][1][safepoint    ] Safepoint "Cleanup", Time since last: 1005339111 ns, Reaching safepoint: 90227 ns, At safepoint: 10994 ns, Total: 101221 ns
[2020-02-29T05:51:45.292+0000][1][safepoint    ] Safepoint "RevokeBias", Time since last: 496204607 ns, Reaching safepoint: 73190 ns, At safepoint: 21287 ns, Total: 94477 ns
[2020-02-29T05:51:46.293+0000][1][safepoint    ] Safepoint "Cleanup", Time since last: 1001275614 ns, Reaching safepoint: 129033 ns, At safepoint: 11058 ns, Total: 140091 ns
[2020-02-29T05:51:47.294+0000][1][safepoint    ] Safepoint "Cleanup", Time since last: 1000234676 ns, Reaching safepoint: 157727 ns, At safepoint: 55824 ns, Total: 213551 ns
[2020-02-29T05:51:47.807+0000][1][safepoint    ] Safepoint "RevokeBias", Time since last: 513478061 ns, Reaching safepoint: 132523 ns, At safepoint: 58777 ns, Total: 191300 ns
[2020-02-29T05:51:48.811+0000][1][safepoint    ] Safepoint "Cleanup", Time since last: 1003206763 ns, Reaching safepoint: 129243 ns, At safepoint: 14160 ns, Total: 143403 ns
[2020-02-29T05:51:49.815+0000][1][safepoint    ] Safepoint "Cleanup", Time since last: 1004693191 ns, Reaching safepoint: 169140 ns, At safepoint: 19587 ns, Total: 188727 ns
[2020-02-29T05:51:50.332+0000][1][safepoint    ] Safepoint "RevokeBias", Time since last: 515981348 ns, Reaching safepoint: 87315 ns, At safepoint: 21840 ns, Total: 109155 ns
[2020-02-29T05:51:51.335+0000][1][safepoint    ] Safepoint "Cleanup", Time since last: 1003682265 ns, Reaching safepoint: 90580 ns, At safepoint: 9148 ns, Total: 99728 ns
[2020-02-29T05:51:52.338+0000][1][safepoint    ] Safepoint "Cleanup", Time since last: 1002926194 ns, Reaching safepoint: 93020 ns, At safepoint: 13419 ns, Total: 106439 ns
[2020-02-29T05:51:52.884+0000][1][safepoint    ] Safepoint "RevokeBias", Time since last: 545078572 ns, Reaching safepoint: 102743 ns, At safepoint: 24058 ns, Total: 126801 ns
[2020-02-29T05:51:53.892+0000][1][safepoint    ] Safepoint "Cleanup", Time since last: 1008554869 ns, Reaching safepoint: 125578 ns, At safepoint: 13645 ns, Total: 139223 ns
[2020-02-29T05:51:54.894+0000][1][safepoint    ] Safepoint "Cleanup", Time since last: 1001745158 ns, Reaching safepoint: 68464 ns, At safepoint: 8516 ns, Total: 76980 ns
[2020-02-29T05:51:55.420+0000][1][safepoint    ] Safepoint "RevokeBias", Time since last: 525846838 ns, Reaching safepoint: 187675 ns, At safepoint: 36647 ns, Total: 224322 ns
[2020-02-29T05:51:56.421+0000][1][safepoint    ] Safepoint "Cleanup", Time since last: 1000806491 ns, Reaching safepoint: 72577 ns, At safepoint: 9644 ns, Total: 82221 ns
[2020-02-29T05:51:57.599+0000][1][safepoint    ] Safepoint "Cleanup", Time since last: 1178064258 ns, Reaching safepoint: 69521 ns, At safepoint: 9285 ns, Total: 78806 ns
[2020-02-29T05:51:57.943+0000][1][safepoint    ] Safepoint "RevokeBias", Time since last: 343199421 ns, Reaching safepoint: 300774 ns, At safepoint: 57464 ns, Total: 358238 ns
[2020-02-29T05:51:58.948+0000][1][safepoint    ] Safepoint "Cleanup", Time since last: 1005164651 ns, Reaching safepoint: 70493 ns, At safepoint: 8457 ns, Total: 78950 ns
[2020-02-29T05:51:59.959+0000][1][safepoint    ] Safepoint "Cleanup", Time since last: 1011058184 ns, Reaching safepoint: 122497 ns, At safepoint: 10689 ns, Total: 133186 ns
[2020-02-29T05:52:00.468+0000][1][safepoint    ] Safepoint "RevokeBias", Time since last: 508208241 ns, Reaching safepoint: 86389 ns, At safepoint: 28966 ns, Total: 115355 ns
[2020-02-29T05:52:01.474+0000][1][safepoint    ] Safepoint "Cleanup", Time since last: 1006566921 ns, Reaching safepoint: 125381 ns, At safepoint: 11382 ns, Total: 136763 ns
[2020-02-29T05:52:02.480+0000][1][safepoint    ] Safepoint "Cleanup", Time since last: 1005038350 ns, Reaching safepoint: 198450 ns, At safepoint: 21433 ns, Total: 219883 ns
[2020-02-29T05:52:02.997+0000][1][safepoint    ] Safepoint "RevokeBias", Time since last: 517474564 ns, Reaching safepoint: 138937 ns, At safepoint: 29855 ns, Total: 168792 ns
[2020-02-29T05:52:03.998+0000][1][safepoint    ] Safepoint "Cleanup", Time since last: 1000425818 ns, Reaching safepoint: 214741 ns, At safepoint: 25054 ns, Total: 239795 ns
[2020-02-29T05:52:04.999+0000][1][safepoint    ] Safepoint "Cleanup", Time since last: 1001005453 ns, Reaching safepoint: 123505 ns, At safepoint: 13484 ns, Total: 136989 ns
[2020-02-29T05:52:05.508+0000][1][safepoint    ] Safepoint "RevokeBias", Time since last: 508782197 ns, Reaching safepoint: 125172 ns, At safepoint: 112451 ns, Total: 237623 ns
[2020-02-29T05:52:06.513+0000][1][safepoint    ] Safepoint "Cleanup", Time since last: 1005218971 ns, Reaching safepoint: 76903 ns, At safepoint: 10833 ns, Total: 87736 ns
[2020-02-29T05:52:07.514+0000][1][safepoint    ] Safepoint "Cleanup", Time since last: 1000631303 ns, Reaching safepoint: 94164 ns, At safepoint: 13016 ns, Total: 107180 ns
[2020-02-29T05:52:08.030+0000][1][safepoint    ] Safepoint "RevokeBias", Time since last: 515232333 ns, Reaching safepoint: 201217 ns, At safepoint: 89696 ns, Total: 290913 ns
[2020-02-29T05:52:09.031+0000][1][safepoint    ] Safepoint "Cleanup", Time since last: 1001477679 ns, Reaching safepoint: 95671 ns, At safepoint: 13917 ns, Total: 109588 ns
[2020-02-29T05:52:10.032+0000][1][safepoint    ] Safepoint "Cleanup", Time since last: 1000879396 ns, Reaching safepoint: 94968 ns, At safepoint: 13696 ns, Total: 108664 ns
[2020-02-29T05:52:10.547+0000][1][safepoint    ] Safepoint "RevokeBias", Time since last: 514844710 ns, Reaching safepoint: 248022 ns, At safepoint: 67091 ns, Total: 315113 ns
[2020-02-29T05:52:11.551+0000][1][safepoint    ] Safepoint "Cleanup", Time since last: 1003728451 ns, Reaching safepoint: 68557 ns, At safepoint: 9140 ns, Total: 77697 ns
[2020-02-29T05:52:12.552+0000][1][safepoint    ] Safepoint "Cleanup", Time since last: 1001141915 ns, Reaching safepoint: 194617 ns, At safepoint: 21758 ns, Total: 216375 ns
[2020-02-29T05:52:13.065+0000][1][safepoint    ] Safepoint "BulkRevokeBias", Time since last: 512312960 ns, Reaching safepoint: 87313 ns, At safepoint: 453684 ns, Total: 540997 ns
[2020-02-29T05:52:14.066+0000][1][safepoint    ] Safepoint "Cleanup", Time since last: 1000469695 ns, Reaching safepoint: 92402 ns, At safepoint: 9622 ns, Total: 102024 ns
[2020-02-29T05:52:15.067+0000][1][safepoint    ] Safepoint "Cleanup", Time since last: 1000395783 ns, Reaching safepoint: 245620 ns, At safepoint: 31590 ns, Total: 277210 ns
[2020-02-29T05:52:15.593+0000][1][safepoint    ] Safepoint "RevokeBias", Time since last: 525943770 ns, Reaching safepoint: 129544 ns, At safepoint: 98999 ns, Total: 228543 ns
[2020-02-29T05:52:16.594+0000][1][safepoint    ] Safepoint "Cleanup", Time since last: 1000564426 ns, Reaching safepoint: 197095 ns, At safepoint: 22981 ns, Total: 220076 ns
[2020-02-29T05:52:17.595+0000][1][safepoint    ] Safepoint "Cleanup", Time since last: 1001779769 ns, Reaching safepoint: 89085 ns, At safepoint: 7890 ns, Total: 96975 ns
[2020-02-29T05:52:18.116+0000][1][safepoint    ] Safepoint "RevokeBias", Time since last: 520234001 ns, Reaching safepoint: 194761 ns, At safepoint: 64097 ns, Total: 258858 ns
[2020-02-29T05:52:19.122+0000][1][safepoint    ] Safepoint "Cleanup", Time since last: 1006198683 ns, Reaching safepoint: 129902 ns, At safepoint: 13210 ns, Total: 143112 ns
[2020-02-29T05:52:20.123+0000][1][safepoint    ] Safepoint "Cleanup", Time since last: 1000661879 ns, Reaching safepoint: 91701 ns, At safepoint: 11814 ns, Total: 103515 ns
[2020-02-29T05:52:20.642+0000][1][safepoint    ] Safepoint "RevokeBias", Time since last: 518902338 ns, Reaching safepoint: 61846 ns, At safepoint: 18752 ns, Total: 80598 ns
[2020-02-29T05:52:21.642+0000][1][safepoint    ] Safepoint "Cleanup", Time since last: 1000250000 ns, Reaching safepoint: 172285 ns, At safepoint: 21958 ns, Total: 194243 ns
[2020-02-29T05:52:22.649+0000][1][safepoint    ] Safepoint "Cleanup", Time since last: 1006876232 ns, Reaching safepoint: 87907 ns, At safepoint: 10819 ns, Total: 98726 ns
[2020-02-29T05:52:23.168+0000][1][safepoint    ] Safepoint "RevokeBias", Time since last: 518477049 ns, Reaching safepoint: 153398 ns, At safepoint: 34672 ns, Total: 188070 ns
[2020-02-29T05:52:24.169+0000][1][safepoint    ] Safepoint "Cleanup", Time since last: 1001122991 ns, Reaching safepoint: 94159 ns, At safepoint: 14087 ns, Total: 108246 ns
[2020-02-29T05:52:25.174+0000][1][safepoint    ] Safepoint "Cleanup", Time since last: 1004553250 ns, Reaching safepoint: 127042 ns, At safepoint: 12597 ns, Total: 139639 ns
[2020-02-29T05:52:25.691+0000][1][safepoint    ] Safepoint "RevokeBias", Time since last: 516844451 ns, Reaching safepoint: 63490 ns, At safepoint: 19920 ns, Total: 83410 ns
[2020-02-29T05:52:26.701+0000][1][safepoint    ] Safepoint "Cleanup", Time since last: 1010190759 ns, Reaching safepoint: 92941 ns, At safepoint: 13609 ns, Total: 106550 ns
[2020-02-29T05:52:27.709+0000][1][safepoint    ] Safepoint "Cleanup", Time since last: 1008051484 ns, Reaching safepoint: 91772 ns, At safepoint: 9737 ns, Total: 101509 ns
[2020-02-29T05:52:28.216+0000][1][safepoint    ] Safepoint "RevokeBias", Time since last: 506579822 ns, Reaching safepoint: 86243 ns, At safepoint: 21777 ns, Total: 108020 ns
[2020-02-29T05:52:29.220+0000][1][safepoint    ] Safepoint "Cleanup", Time since last: 1003665720 ns, Reaching safepoint: 66782 ns, At safepoint: 8340 ns, Total: 75122 ns
[2020-02-29T05:52:30.225+0000][1][safepoint    ] Safepoint "Cleanup", Time since last: 1005406539 ns, Reaching safepoint: 132853 ns, At safepoint: 21342 ns, Total: 154195 ns
[2020-02-29T05:52:30.745+0000][1][safepoint    ] Safepoint "RevokeBias", Time since last: 519815413 ns, Reaching safepoint: 129708 ns, At safepoint: 129150 ns, Total: 258858 ns
[2020-02-29T05:52:31.746+0000][1][safepoint    ] Safepoint "Cleanup", Time since last: 1000511333 ns, Reaching safepoint: 180474 ns, At safepoint: 25220 ns, Total: 205694 ns
[2020-02-29T05:52:32.747+0000][1][safepoint    ] Safepoint "Cleanup", Time since last: 1000603593 ns, Reaching safepoint: 197278 ns, At safepoint: 21330 ns, Total: 218608 ns
[2020-02-29T05:52:33.268+0000][1][safepoint    ] Safepoint "RevokeBias", Time since last: 521084276 ns, Reaching safepoint: 88623 ns, At safepoint: 22133 ns, Total: 110756 ns
[2020-02-29T05:52:34.269+0000][1][safepoint    ] Safepoint "Cleanup", Time since last: 1000955706 ns, Reaching safepoint: 94079 ns, At safepoint: 12642 ns, Total: 106721 ns
[2020-02-29T05:52:35.270+0000][1][safepoint    ] Safepoint "Cleanup", Time since last: 1000906038 ns, Reaching safepoint: 111413 ns, At safepoint: 12576 ns, Total: 123989 ns
[2020-02-29T05:52:35.798+0000][1][safepoint    ] Safepoint "RevokeBias", Time since last: 527629158 ns, Reaching safepoint: 87660 ns, At safepoint: 22995 ns, Total: 110655 ns
[2020-02-29T05:52:36.805+0000][1][safepoint    ] Safepoint "Cleanup", Time since last: 1007028911 ns, Reaching safepoint: 89207 ns, At safepoint: 8897 ns, Total: 98104 ns
[2020-02-29T05:52:37.806+0000][1][safepoint    ] Safepoint "Cleanup", Time since last: 1000719250 ns, Reaching safepoint: 314683 ns, At safepoint: 37779 ns, Total: 352462 ns
[2020-02-29T05:52:38.323+0000][1][safepoint    ] Safepoint "RevokeBias", Time since last: 516398061 ns, Reaching safepoint: 200527 ns, At safepoint: 52209 ns, Total: 252736 ns
[2020-02-29T05:52:39.324+0000][1][safepoint    ] Safepoint "Cleanup", Time since last: 1000524137 ns, Reaching safepoint: 198107 ns, At safepoint: 23994 ns, Total: 222101 ns
[2020-02-29T05:52:40.325+0000][1][safepoint    ] Safepoint "Cleanup", Time since last: 1001345257 ns, Reaching safepoint: 129201 ns, At safepoint: 13203 ns, Total: 142404 ns
[2020-02-29T05:52:40.851+0000][1][safepoint    ] Safepoint "RevokeBias", Time since last: 526351528 ns, Reaching safepoint: 61427 ns, At safepoint: 19189 ns, Total: 80616 ns
[2020-02-29T05:52:41.854+0000][1][safepoint    ] Safepoint "Cleanup", Time since last: 1002464727 ns, Reaching safepoint: 69595 ns, At safepoint: 9301 ns, Total: 78896 ns
[2020-02-29T05:52:42.855+0000][1][safepoint    ] Safepoint "Cleanup", Time since last: 1001223540 ns, Reaching safepoint: 126314 ns, At safepoint: 10614 ns, Total: 136928 ns
[2020-02-29T05:52:43.376+0000][1][safepoint    ] Safepoint "RevokeBias", Time since last: 520395004 ns, Reaching safepoint: 63520 ns, At safepoint: 18564 ns, Total: 82084 ns
[2020-02-29T05:52:44.377+0000][1][safepoint    ] Safepoint "Cleanup", Time since last: 1001146949 ns, Reaching safepoint: 95431 ns, At safepoint: 13502 ns, Total: 108933 ns
[2020-02-29T05:52:45.378+0000][1][safepoint    ] Safepoint "Cleanup", Time since last: 1000617900 ns, Reaching safepoint: 110931 ns, At safepoint: 12266 ns, Total: 123197 ns
[2020-02-29T05:52:45.905+0000][1][safepoint    ] Safepoint "RevokeBias", Time since last: 526563082 ns, Reaching safepoint: 88094 ns, At safepoint: 29040 ns, Total: 117134 ns
[2020-02-29T05:52:46.906+0000][1][safepoint    ] Safepoint "Cleanup", Time since last: 1001344974 ns, Reaching safepoint: 103470 ns, At safepoint: 10060 ns, Total: 113530 ns
[2020-02-29T05:52:47.911+0000][1][safepoint    ] Safepoint "Cleanup", Time since last: 1004896756 ns, Reaching safepoint: 118038 ns, At safepoint: 10096 ns, Total: 128134 ns
[2020-02-29T05:52:48.433+0000][1][safepoint    ] Safepoint "RevokeBias", Time since last: 521772579 ns, Reaching safepoint: 87348 ns, At safepoint: 40296 ns, Total: 127644 ns
[2020-02-29T05:52:49.436+0000][1][safepoint    ] Safepoint "Cleanup", Time since last: 1003156613 ns, Reaching safepoint: 93615 ns, At safepoint: 9699 ns, Total: 103314 ns
[2020-02-29T05:52:50.438+0000][1][safepoint    ] Safepoint "Cleanup", Time since last: 1001925555 ns, Reaching safepoint: 65672 ns, At safepoint: 8662 ns, Total: 74334 ns
[2020-02-29T05:52:50.957+0000][1][safepoint    ] Safepoint "RevokeBias", Time since last: 518987155 ns, Reaching safepoint: 88618 ns, At safepoint: 21486 ns, Total: 110104 ns
[2020-02-29T05:52:51.964+0000][1][safepoint    ] Safepoint "Cleanup", Time since last: 1007022387 ns, Reaching safepoint: 137476 ns, At safepoint: 20391 ns, Total: 157867 ns
[2020-02-29T05:52:52.965+0000][1][safepoint    ] Safepoint "Cleanup", Time since last: 1000536273 ns, Reaching safepoint: 66712 ns, At safepoint: 6824 ns, Total: 73536 ns
[2020-02-29T05:52:53.484+0000][1][safepoint    ] Safepoint "RevokeBias", Time since last: 518553427 ns, Reaching safepoint: 104059 ns, At safepoint: 29040 ns, Total: 133099 ns
[2020-02-29T05:52:54.489+0000][1][safepoint    ] Safepoint "Cleanup", Time since last: 1005319338 ns, Reaching safepoint: 69047 ns, At safepoint: 8764 ns, Total: 77811 ns
[2020-02-29T05:52:55.499+0000][1][safepoint    ] Safepoint "Cleanup", Time since last: 1009558030 ns, Reaching safepoint: 129721 ns, At safepoint: 14493 ns, Total: 144214 ns
[2020-02-29T05:52:55.998+0000][1][safepoint    ] Safepoint "RevokeBias", Time since last: 498475590 ns, Reaching safepoint: 130990 ns, At safepoint: 36399 ns, Total: 167389 ns
[2020-02-29T05:52:57.004+0000][1][safepoint    ] Safepoint "Cleanup", Time since last: 1006617149 ns, Reaching safepoint: 134012 ns, At safepoint: 20643 ns, Total: 154655 ns
[2020-02-29T05:52:58.023+0000][1][safepoint    ] Safepoint "Cleanup", Time since last: 1007958338 ns, Reaching safepoint: 10929383 ns, At safepoint: 32707 ns, Total: 10962090 ns
[2020-02-29T05:52:58.519+0000][1][safepoint    ] Safepoint "RevokeBias", Time since last: 495523949 ns, Reaching safepoint: 167764 ns, At safepoint: 39243 ns, Total: 207007 ns
[2020-02-29T05:52:59.522+0000][1][safepoint    ] Safepoint "Cleanup", Time since last: 1002866359 ns, Reaching safepoint: 92921 ns, At safepoint: 8818 ns, Total: 101739 ns
[2020-02-29T05:53:00.528+0000][1][safepoint    ] Safepoint "Cleanup", Time since last: 1005832140 ns, Reaching safepoint: 132650 ns, At safepoint: 20503 ns, Total: 153153 ns
[2020-02-29T05:53:01.038+0000][1][safepoint    ] Safepoint "RevokeBias", Time since last: 509501010 ns, Reaching safepoint: 99981 ns, At safepoint: 23653 ns, Total: 123634 ns
[2020-02-29T05:53:02.039+0000][1][safepoint    ] Safepoint "Cleanup", Time since last: 1000944253 ns, Reaching safepoint: 128632 ns, At safepoint: 14970 ns, Total: 143602 ns
[2020-02-29T05:53:03.041+0000][1][safepoint    ] Safepoint "Cleanup", Time since last: 1002132876 ns, Reaching safepoint: 89939 ns, At safepoint: 9250 ns, Total: 99189 ns
[2020-02-29T05:53:03.561+0000][1][safepoint    ] Safepoint "RevokeBias", Time since last: 519427593 ns, Reaching safepoint: 202281 ns, At safepoint: 118307 ns, Total: 320588 ns
[2020-02-29T05:53:04.563+0000][1][safepoint    ] Safepoint "Cleanup", Time since last: 1002225810 ns, Reaching safepoint: 90146 ns, At safepoint: 9235 ns, Total: 99381 ns
[2020-02-29T05:53:05.573+0000][1][safepoint    ] Safepoint "Cleanup", Time since last: 1009927607 ns, Reaching safepoint: 130591 ns, At safepoint: 14569 ns, Total: 145160 ns
[2020-02-29T05:53:06.074+0000][1][safepoint    ] Safepoint "RevokeBias", Time since last: 501229758 ns, Reaching safepoint: 91265 ns, At safepoint: 28175 ns, Total: 119440 ns
[2020-02-29T05:53:07.075+0000][1][safepoint    ] Safepoint "Cleanup", Time since last: 1000399435 ns, Reaching safepoint: 129398 ns, At safepoint: 12909 ns, Total: 142307 ns
[2020-02-29T05:53:08.082+0000][1][safepoint    ] Safepoint "Cleanup", Time since last: 1006910303 ns, Reaching safepoint: 129949 ns, At safepoint: 15420 ns, Total: 145369 ns
[2020-02-29T05:53:08.587+0000][1][safepoint    ] Safepoint "RevokeBias", Time since last: 505174035 ns, Reaching safepoint: 174830 ns, At safepoint: 40149 ns, Total: 214979 ns
[2020-02-29T05:53:09.593+0000][1][safepoint    ] Safepoint "Cleanup", Time since last: 1005767105 ns, Reaching safepoint: 127657 ns, At safepoint: 18682 ns, Total: 146339 ns
[2020-02-29T05:53:10.597+0000][1][safepoint    ] Safepoint "Cleanup", Time since last: 1003792630 ns, Reaching safepoint: 68627 ns, At safepoint: 8913 ns, Total: 77540 ns
[2020-02-29T05:53:11.104+0000][1][safepoint    ] Safepoint "RevokeBias", Time since last: 507190061 ns, Reaching safepoint: 131515 ns, At safepoint: 45167 ns, Total: 176682 ns
[2020-02-29T05:53:12.105+0000][1][safepoint    ] Safepoint "Cleanup", Time since last: 1000446879 ns, Reaching safepoint: 196921 ns, At safepoint: 23352 ns, Total: 220273 ns
[2020-02-29T05:53:13.109+0000][1][safepoint    ] Safepoint "Cleanup", Time since last: 1003782514 ns, Reaching safepoint: 92561 ns, At safepoint: 11112 ns, Total: 103673 ns
[2020-02-29T05:53:13.623+0000][1][safepoint    ] Safepoint "RevokeBias", Time since last: 513590264 ns, Reaching safepoint: 94205 ns, At safepoint: 52340 ns, Total: 146545 ns
[2020-02-29T05:53:14.629+0000][1][safepoint    ] Safepoint "Cleanup", Time since last: 1006070037 ns, Reaching safepoint: 84897 ns, At safepoint: 11676 ns, Total: 96573 ns
[2020-02-29T05:53:15.637+0000][1][safepoint    ] Safepoint "Cleanup", Time since last: 1008022492 ns, Reaching safepoint: 68518 ns, At safepoint: 9899 ns, Total: 78417 ns
[2020-02-29T05:53:16.147+0000][1][safepoint    ] Safepoint "RevokeBias", Time since last: 509331855 ns, Reaching safepoint: 186318 ns, At safepoint: 55578 ns, Total: 241896 ns
[2020-02-29T05:53:17.148+0000][1][safepoint    ] Safepoint "Cleanup", Time since last: 1000855845 ns, Reaching safepoint: 239925 ns, At safepoint: 25037 ns, Total: 264962 ns
[2020-02-29T05:53:18.156+0000][1][safepoint    ] Safepoint "Cleanup", Time since last: 1008262329 ns, Reaching safepoint: 127931 ns, At safepoint: 12358 ns, Total: 140289 ns
[2020-02-29T05:53:18.670+0000][1][safepoint    ] Safepoint "RevokeBias", Time since last: 513932787 ns, Reaching safepoint: 88750 ns, At safepoint: 42573 ns, Total: 131323 ns
[2020-02-29T05:53:19.673+0000][1][safepoint    ] Safepoint "Cleanup", Time since last: 1003063391 ns, Reaching safepoint: 88006 ns, At safepoint: 7973 ns, Total: 95979 ns
[2020-02-29T05:53:21.192+0000][1][safepoint    ] Safepoint "RevokeBias", Time since last: 1518151700 ns, Reaching safepoint: 63225 ns, At safepoint: 18924 ns, Total: 82149 ns
[2020-02-29T05:53:22.193+0000][1][safepoint    ] Safepoint "Cleanup", Time since last: 1001266407 ns, Reaching safepoint: 134268 ns, At safepoint: 20698 ns, Total: 154966 ns
[2020-02-29T05:53:23.195+0000][1][safepoint    ] Safepoint "Cleanup", Time since last: 1002286125 ns, Reaching safepoint: 106144 ns, At safepoint: 10743 ns, Total: 116887 ns
[2020-02-29T05:53:23.719+0000][1][safepoint    ] Safepoint "RevokeBias", Time since last: 523192115 ns, Reaching safepoint: 131247 ns, At safepoint: 45120 ns, Total: 176367 ns
[2020-02-29T05:53:24.723+0000][1][safepoint    ] Safepoint "Cleanup", Time since last: 1004348908 ns, Reaching safepoint: 92986 ns, At safepoint: 13335 ns, Total: 106321 ns
[2020-02-29T05:53:25.724+0000][1][safepoint    ] Safepoint "Cleanup", Time since last: 1001097269 ns, Reaching safepoint: 92690 ns, At safepoint: 13327 ns, Total: 106017 ns
[2020-02-29T05:53:26.247+0000][1][safepoint    ] Safepoint "BulkRevokeBias", Time since last: 521615505 ns, Reaching safepoint: 152614 ns, At safepoint: 465611 ns, Total: 618225 ns
[2020-02-29T05:53:27.247+0000][1][safepoint    ] Safepoint "Cleanup", Time since last: 1000706552 ns, Reaching safepoint: 93098 ns, At safepoint: 13150 ns, Total: 106248 ns
[2020-02-29T05:53:28.248+0000][1][safepoint    ] Safepoint "Cleanup", Time since last: 1000709349 ns, Reaching safepoint: 91774 ns, At safepoint: 13342 ns, Total: 105116 ns
[2020-02-29T05:53:28.765+0000][1][safepoint    ] Safepoint "RevokeBias", Time since last: 516679268 ns, Reaching safepoint: 202917 ns, At safepoint: 56467 ns, Total: 259384 ns
[2020-02-29T05:53:29.776+0000][1][safepoint    ] Safepoint "Cleanup", Time since last: 1010859341 ns, Reaching safepoint: 130995 ns, At safepoint: 14978 ns, Total: 145973 ns
[2020-02-29T05:53:30.782+0000][1][safepoint    ] Safepoint "Cleanup", Time since last: 1005731716 ns, Reaching safepoint: 92551 ns, At safepoint: 14344 ns, Total: 106895 ns
[2020-02-29T05:53:31.293+0000][1][safepoint    ] Safepoint "RevokeBias", Time since last: 510493945 ns, Reaching safepoint: 156545 ns, At safepoint: 38547 ns, Total: 195092 ns
[2020-02-29T05:53:31.609+0000][1][gc,start     ] GC(59) Pause Young (Allocation Failure)
[2020-02-29T05:53:31.609+0000][1][gc,task      ] GC(59) Using 1 workers of 1 for evacuation
[2020-02-29T05:53:31.639+0000][1][gc,age       ] GC(59) Desired survivor size 4358144 bytes, new threshold 6 (max threshold 6)
[2020-02-29T05:53:31.639+0000][1][gc,age       ] GC(59) Age table with threshold 6 (max threshold 6)
[2020-02-29T05:53:31.639+0000][1][gc,age       ] GC(59) - age   1:      11416 bytes,      11416 total
[2020-02-29T05:53:31.639+0000][1][gc,age       ] GC(59) - age   2:        552 bytes,      11968 total
[2020-02-29T05:53:31.639+0000][1][gc,age       ] GC(59) - age   3:      17360 bytes,      29328 total
[2020-02-29T05:53:31.639+0000][1][gc,age       ] GC(59) - age   4:      12232 bytes,      41560 total
[2020-02-29T05:53:31.639+0000][1][gc,age       ] GC(59) - age   5:        192 bytes,      41752 total
[2020-02-29T05:53:31.639+0000][1][gc,age       ] GC(59) - age   6:       1056 bytes,      42808 total
[2020-02-29T05:53:31.639+0000][1][gc,heap      ] GC(59) ParNew: 68205K->43K(76672K)
[2020-02-29T05:53:31.639+0000][1][gc,heap      ] GC(59) CMS: 62532K->62532K(963392K)
[2020-02-29T05:53:31.639+0000][1][gc,metaspace ] GC(59) Metaspace: 79679K->79679K(1122304K)
[2020-02-29T05:53:31.639+0000][1][gc           ] GC(59) Pause Young (Allocation Failure) 127M->61M(1015M) 30.801ms
[2020-02-29T05:53:31.639+0000][1][gc,cpu       ] GC(59) User=0.02s Sys=0.00s Real=0.03s
[2020-02-29T05:53:31.640+0000][1][safepoint    ] Safepoint "GenCollectForAllocation", Time since last: 315746133 ns, Reaching safepoint: 130280 ns, At safepoint: 30879735 ns, Total: 31010015 ns
[2020-02-29T05:53:32.649+0000][1][safepoint    ] Safepoint "Cleanup", Time since last: 1009628300 ns, Reaching safepoint: 95156 ns, At safepoint: 14645 ns, Total: 109801 ns
[2020-02-29T05:53:33.653+0000][1][safepoint    ] Safepoint "Cleanup", Time since last: 1003201159 ns, Reaching safepoint: 130178 ns, At safepoint: 13469 ns, Total: 143647 ns
[2020-02-29T05:53:33.815+0000][1][safepoint    ] Safepoint "RevokeBias", Time since last: 162305719 ns, Reaching safepoint: 62393 ns, At safepoint: 19602 ns, Total: 81995 ns
[2020-02-29T05:53:34.819+0000][1][safepoint    ] Safepoint "Cleanup", Time since last: 1004248491 ns, Reaching safepoint: 64623 ns, At safepoint: 7552 ns, Total: 72175 ns
[2020-02-29T05:53:35.828+0000][1][safepoint    ] Safepoint "Cleanup", Time since last: 1008182036 ns, Reaching safepoint: 126571 ns, At safepoint: 11175 ns, Total: 137746 ns
[2020-02-29T05:53:36.341+0000][1][safepoint    ] Safepoint "RevokeBias", Time since last: 513520146 ns, Reaching safepoint: 86356 ns, At safepoint: 21856 ns, Total: 108212 ns
[2020-02-29T05:53:37.343+0000][1][safepoint    ] Safepoint "Cleanup", Time since last: 1002127880 ns, Reaching safepoint: 68409 ns, At safepoint: 8597 ns, Total: 77006 ns
[2020-02-29T05:53:38.348+0000][1][safepoint    ] Safepoint "Cleanup", Time since last: 1004654756 ns, Reaching safepoint: 100916 ns, At safepoint: 13861 ns, Total: 114777 ns
[2020-02-29T05:53:38.865+0000][1][safepoint    ] Safepoint "RevokeBias", Time since last: 516855765 ns, Reaching safepoint: 79362 ns, At safepoint: 23123 ns, Total: 102485 ns
[2020-02-29T05:53:39.873+0000][1][safepoint    ] Safepoint "Cleanup", Time since last: 1007218420 ns, Reaching safepoint: 126300 ns, At safepoint: 18385 ns, Total: 144685 ns
[2020-02-29T05:53:40.874+0000][1][safepoint    ] Safepoint "Cleanup", Time since last: 1001420206 ns, Reaching safepoint: 93861 ns, At safepoint: 12518 ns, Total: 106379 ns
[2020-02-29T05:53:41.390+0000][1][safepoint    ] Safepoint "RevokeBias", Time since last: 515715844 ns, Reaching safepoint: 197502 ns, At safepoint: 51912 ns, Total: 249414 ns
[2020-02-29T05:53:42.393+0000][1][safepoint    ] Safepoint "Cleanup", Time since last: 1003005383 ns, Reaching safepoint: 63099 ns, At safepoint: 7383 ns, Total: 70482 ns
[2020-02-29T05:53:43.394+0000][1][safepoint    ] Safepoint "Cleanup", Time since last: 1000823730 ns, Reaching safepoint: 101861 ns, At safepoint: 10617 ns, Total: 112478 ns
[2020-02-29T05:53:43.923+0000][1][safepoint    ] Safepoint "RevokeBias", Time since last: 529127708 ns, Reaching safepoint: 85887 ns, At safepoint: 21598 ns, Total: 107485 ns
[2020-02-29T05:53:44.928+0000][1][safepoint    ] Safepoint "Cleanup", Time since last: 1004830037 ns, Reaching safepoint: 242571 ns, At safepoint: 23942 ns, Total: 266513 ns
[2020-02-29T05:53:45.929+0000][1][safepoint    ] Safepoint "Cleanup", Time since last: 1000454911 ns, Reaching safepoint: 70021 ns, At safepoint: 9380 ns, Total: 79401 ns
[2020-02-29T05:53:46.436+0000][1][safepoint    ] Safepoint "RevokeBias", Time since last: 506313174 ns, Reaching safepoint: 248579 ns, At safepoint: 59368 ns, Total: 307947 ns
[2020-02-29T05:53:47.437+0000][1][safepoint    ] Safepoint "Cleanup", Time since last: 1001215275 ns, Reaching safepoint: 108309 ns, At safepoint: 9175 ns, Total: 117484 ns
[2020-02-29T05:53:48.437+0000][1][safepoint    ] Safepoint "Cleanup", Time since last: 1000333388 ns, Reaching safepoint: 130607 ns, At safepoint: 14098 ns, Total: 144705 ns
[2020-02-29T05:53:48.954+0000][1][safepoint    ] Safepoint "RevokeBias", Time since last: 516423964 ns, Reaching safepoint: 86941 ns, At safepoint: 40847 ns, Total: 127788 ns
[2020-02-29T05:53:49.955+0000][1][safepoint    ] Safepoint "Cleanup", Time since last: 1000785218 ns, Reaching safepoint: 67924 ns, At safepoint: 8665 ns, Total: 76589 ns
[2020-02-29T05:53:50.956+0000][1][safepoint    ] Safepoint "Cleanup", Time since last: 1001420659 ns, Reaching safepoint: 92916 ns, At safepoint: 13256 ns, Total: 106172 ns
[2020-02-29T05:53:51.472+0000][1][safepoint    ] Safepoint "RevokeBias", Time since last: 515277298 ns, Reaching safepoint: 60975 ns, At safepoint: 19317 ns, Total: 80292 ns
[2020-02-29T05:53:52.497+0000][1][safepoint    ] Safepoint "Cleanup", Time since last: 1025578072 ns, Reaching safepoint: 69381 ns, At safepoint: 9490 ns, Total: 78871 ns
[2020-02-29T05:53:53.501+0000][1][safepoint    ] Safepoint "Cleanup", Time since last: 1003878380 ns, Reaching safepoint: 131896 ns, At safepoint: 14231 ns, Total: 146127 ns
[2020-02-29T05:53:53.994+0000][1][safepoint    ] Safepoint "RevokeBias", Time since last: 492301958 ns, Reaching safepoint: 178110 ns, At safepoint: 38208 ns, Total: 216318 ns
[2020-02-29T05:53:55.002+0000][1][safepoint    ] Safepoint "Cleanup", Time since last: 1008374861 ns, Reaching safepoint: 130219 ns, At safepoint: 13555 ns, Total: 143774 ns
[2020-02-29T05:53:56.011+0000][1][safepoint    ] Safepoint "Cleanup", Time since last: 1008568144 ns, Reaching safepoint: 64873 ns, At safepoint: 7148 ns, Total: 72021 ns
[2020-02-29T05:53:56.516+0000][1][safepoint    ] Safepoint "RevokeBias", Time since last: 504794542 ns, Reaching safepoint: 59771 ns, At safepoint: 19293 ns, Total: 79064 ns
[2020-02-29T05:53:57.517+0000][1][safepoint    ] Safepoint "Cleanup", Time since last: 1000989925 ns, Reaching safepoint: 75463 ns, At safepoint: 9208 ns, Total: 84671 ns
[2020-02-29T05:53:58.522+0000][1][safepoint    ] Safepoint "Cleanup", Time since last: 1004461325 ns, Reaching safepoint: 396974 ns, At safepoint: 37536 ns, Total: 434510 ns
[2020-02-29T05:53:59.044+0000][1][safepoint    ] Safepoint "RevokeBias", Time since last: 522449379 ns, Reaching safepoint: 105338 ns, At safepoint: 33801 ns, Total: 139139 ns
[2020-02-29T05:54:00.054+0000][1][safepoint    ] Safepoint "Cleanup", Time since last: 1009427886 ns, Reaching safepoint: 90891 ns, At safepoint: 9258 ns, Total: 100149 ns
[2020-02-29T05:54:01.062+0000][1][safepoint    ] Safepoint "Cleanup", Time since last: 1007996629 ns, Reaching safepoint: 90385 ns, At safepoint: 10002 ns, Total: 100387 ns
[2020-02-29T05:54:01.570+0000][1][safepoint    ] Safepoint "RevokeBias", Time since last: 507988854 ns, Reaching safepoint: 90313 ns, At safepoint: 21220 ns, Total: 111533 ns
[2020-02-29T05:54:02.573+0000][1][safepoint    ] Safepoint "Cleanup", Time since last: 1002191801 ns, Reaching safepoint: 128755 ns, At safepoint: 14276 ns, Total: 143031 ns
[2020-02-29T05:54:03.574+0000][1][safepoint    ] Safepoint "Cleanup", Time since last: 1000790597 ns, Reaching safepoint: 186277 ns, At safepoint: 28663 ns, Total: 214940 ns
[2020-02-29T05:54:04.096+0000][1][safepoint    ] Safepoint "RevokeBias", Time since last: 522108666 ns, Reaching safepoint: 128269 ns, At safepoint: 36289 ns, Total: 164558 ns
[2020-02-29T05:54:05.106+0000][1][safepoint    ] Safepoint "Cleanup", Time since last: 1010391990 ns, Reaching safepoint: 91790 ns, At safepoint: 9848 ns, Total: 101638 ns
[2020-02-29T05:54:06.107+0000][1][safepoint    ] Safepoint "Cleanup", Time since last: 1000899334 ns, Reaching safepoint: 131152 ns, At safepoint: 20223 ns, Total: 151375 ns
[2020-02-29T05:54:06.621+0000][1][safepoint    ] Safepoint "RevokeBias", Time since last: 513738484 ns, Reaching safepoint: 130556 ns, At safepoint: 23714 ns, Total: 154270 ns
[2020-02-29T05:54:07.625+0000][1][safepoint    ] Safepoint "Cleanup", Time since last: 1004007831 ns, Reaching safepoint: 96251 ns, At safepoint: 13982 ns, Total: 110233 ns
[2020-02-29T05:54:08.630+0000][1][safepoint    ] Safepoint "Cleanup", Time since last: 1004994835 ns, Reaching safepoint: 91094 ns, At safepoint: 14243 ns, Total: 105337 ns
[2020-02-29T05:54:09.141+0000][1][safepoint    ] Safepoint "RevokeBias", Time since last: 509987565 ns, Reaching safepoint: 86384 ns, At safepoint: 74408 ns, Total: 160792 ns
[2020-02-29T05:54:10.145+0000][1][safepoint    ] Safepoint "Cleanup", Time since last: 1004405891 ns, Reaching safepoint: 70809 ns, At safepoint: 9585 ns, Total: 80394 ns
[2020-02-29T05:54:11.146+0000][1][safepoint    ] Safepoint "Cleanup", Time since last: 1000869135 ns, Reaching safepoint: 69716 ns, At safepoint: 9542 ns, Total: 79258 ns
[2020-02-29T05:54:11.663+0000][1][safepoint    ] Safepoint "RevokeBias", Time since last: 516788158 ns, Reaching safepoint: 85199 ns, At safepoint: 22148 ns, Total: 107347 ns
[2020-02-29T05:54:12.668+0000][1][safepoint    ] Safepoint "Cleanup", Time since last: 1005266388 ns, Reaching safepoint: 130554 ns, At safepoint: 14273 ns, Total: 144827 ns
[2020-02-29T05:54:13.677+0000][1][safepoint    ] Safepoint "Cleanup", Time since last: 1008613839 ns, Reaching safepoint: 135998 ns, At safepoint: 22825 ns, Total: 158823 ns
[2020-02-29T05:54:14.180+0000][1][safepoint    ] Safepoint "RevokeBias", Time since last: 503128782 ns, Reaching safepoint: 61441 ns, At safepoint: 18897 ns, Total: 80338 ns
[2020-02-29T05:54:15.184+0000][1][safepoint    ] Safepoint "Cleanup", Time since last: 1003413540 ns, Reaching safepoint: 68828 ns, At safepoint: 9646 ns, Total: 78474 ns
[2020-02-29T05:54:16.187+0000][1][safepoint    ] Safepoint "Cleanup", Time since last: 1003347045 ns, Reaching safepoint: 94740 ns, At safepoint: 13034 ns, Total: 107774 ns
[2020-02-29T05:54:16.703+0000][1][safepoint    ] Safepoint "RevokeBias", Time since last: 515409970 ns, Reaching safepoint: 176356 ns, At safepoint: 23594 ns, Total: 199950 ns
[2020-02-29T05:54:17.704+0000][1][safepoint    ] Safepoint "Cleanup", Time since last: 1001037800 ns, Reaching safepoint: 123931 ns, At safepoint: 13326 ns, Total: 137257 ns
[2020-02-29T05:54:18.705+0000][1][safepoint    ] Safepoint "Cleanup", Time since last: 1001041907 ns, Reaching safepoint: 121866 ns, At safepoint: 17086 ns, Total: 138952 ns
[2020-02-29T05:54:19.231+0000][1][safepoint    ] Safepoint "RevokeBias", Time since last: 525428881 ns, Reaching safepoint: 60562 ns, At safepoint: 37821 ns, Total: 98383 ns
[2020-02-29T05:54:20.240+0000][1][safepoint    ] Safepoint "Cleanup", Time since last: 1009424815 ns, Reaching safepoint: 91235 ns, At safepoint: 9620 ns, Total: 100855 ns
[2020-02-29T05:54:21.245+0000][1][safepoint    ] Safepoint "Cleanup", Time since last: 1004406736 ns, Reaching safepoint: 127194 ns, At safepoint: 12951 ns, Total: 140145 ns
[2020-02-29T05:54:21.749+0000][1][safepoint    ] Safepoint "RevokeBias", Time since last: 504119787 ns, Reaching safepoint: 84752 ns, At safepoint: 27834 ns, Total: 112586 ns
[2020-02-29T05:54:22.753+0000][1][safepoint    ] Safepoint "Cleanup", Time since last: 1003698383 ns, Reaching safepoint: 130883 ns, At safepoint: 13648 ns, Total: 144531 ns
[2020-02-29T05:54:23.753+0000][1][safepoint    ] Safepoint "Cleanup", Time since last: 1000292467 ns, Reaching safepoint: 164108 ns, At safepoint: 15955 ns, Total: 180063 ns
[2020-02-29T05:54:24.277+0000][1][safepoint    ] Safepoint "RevokeBias", Time since last: 523532741 ns, Reaching safepoint: 114765 ns, At safepoint: 23076 ns, Total: 137841 ns
[2020-02-29T05:54:25.278+0000][1][safepoint    ] Safepoint "Cleanup", Time since last: 1000989201 ns, Reaching safepoint: 110238 ns, At safepoint: 11709 ns, Total: 121947 ns
[2020-02-29T05:54:26.279+0000][1][safepoint    ] Safepoint "Cleanup", Time since last: 1000807772 ns, Reaching safepoint: 90409 ns, At safepoint: 8994 ns, Total: 99403 ns
[2020-02-29T05:54:26.815+0000][1][safepoint    ] Safepoint "RevokeBias", Time since last: 535290735 ns, Reaching safepoint: 134777 ns, At safepoint: 91649 ns, Total: 226426 ns
[2020-02-29T05:54:27.815+0000][1][safepoint    ] Safepoint "Cleanup", Time since last: 1000340893 ns, Reaching safepoint: 92446 ns, At safepoint: 14556 ns, Total: 107002 ns
[2020-02-29T05:54:28.816+0000][1][safepoint    ] Safepoint "Cleanup", Time since last: 1000821153 ns, Reaching safepoint: 205477 ns, At safepoint: 26571 ns, Total: 232048 ns
[2020-02-29T05:54:29.349+0000][1][safepoint    ] Safepoint "RevokeBias", Time since last: 532655698 ns, Reaching safepoint: 85274 ns, At safepoint: 22056 ns, Total: 107330 ns
[2020-02-29T05:54:30.350+0000][1][safepoint    ] Safepoint "Cleanup", Time since last: 1000437826 ns, Reaching safepoint: 200586 ns, At safepoint: 25442 ns, Total: 226028 ns
[2020-02-29T05:54:31.351+0000][1][safepoint    ] Safepoint "Cleanup", Time since last: 1001669314 ns, Reaching safepoint: 94077 ns, At safepoint: 13541 ns, Total: 107618 ns
[2020-02-29T05:54:31.868+0000][1][safepoint    ] Safepoint "RevokeBias", Time since last: 516150928 ns, Reaching safepoint: 285805 ns, At safepoint: 145623 ns, Total: 431428 ns
[2020-02-29T05:54:32.872+0000][1][safepoint    ] Safepoint "Cleanup", Time since last: 1003880034 ns, Reaching safepoint: 133034 ns, At safepoint: 20725 ns, Total: 153759 ns
[2020-02-29T05:54:33.874+0000][1][safepoint    ] Safepoint "Cleanup", Time since last: 1001472121 ns, Reaching safepoint: 128846 ns, At safepoint: 12707 ns, Total: 141553 ns
[2020-02-29T05:54:34.391+0000][1][safepoint    ] Safepoint "RevokeBias", Time since last: 517521322 ns, Reaching safepoint: 86156 ns, At safepoint: 21235 ns, Total: 107391 ns
[2020-02-29T05:54:35.396+0000][1][safepoint    ] Safepoint "Cleanup", Time since last: 1004301146 ns, Reaching safepoint: 89319 ns, At safepoint: 8696 ns, Total: 98015 ns
[2020-02-29T05:54:36.399+0000][1][safepoint    ] Safepoint "Cleanup", Time since last: 1003809777 ns, Reaching safepoint: 67329 ns, At safepoint: 8582 ns, Total: 75911 ns
[2020-02-29T05:54:36.907+0000][1][safepoint    ] Safepoint "RevokeBias", Time since last: 507215278 ns, Reaching safepoint: 125716 ns, At safepoint: 32882 ns, Total: 158598 ns
[2020-02-29T05:54:37.912+0000][1][safepoint    ] Safepoint "Cleanup", Time since last: 1005197322 ns, Reaching safepoint: 66720 ns, At safepoint: 8968 ns, Total: 75688 ns
[2020-02-29T05:54:38.912+0000][1][safepoint    ] Safepoint "Cleanup", Time since last: 1000167575 ns, Reaching safepoint: 67980 ns, At safepoint: 8394 ns, Total: 76374 ns
[2020-02-29T05:54:39.449+0000][1][safepoint    ] Safepoint "BulkRevokeBias", Time since last: 536344487 ns, Reaching safepoint: 137776 ns, At safepoint: 271709 ns, Total: 409485 ns
[2020-02-29T05:54:40.456+0000][1][safepoint    ] Safepoint "Cleanup", Time since last: 1007066865 ns, Reaching safepoint: 98623 ns, At safepoint: 11426 ns, Total: 110049 ns
[2020-02-29T05:54:41.457+0000][1][safepoint    ] Safepoint "Cleanup", Time since last: 1000597570 ns, Reaching safepoint: 131929 ns, At safepoint: 13437 ns, Total: 145366 ns
[2020-02-29T05:54:41.965+0000][1][safepoint    ] Safepoint "RevokeBias", Time since last: 508171186 ns, Reaching safepoint: 83859 ns, At safepoint: 21711 ns, Total: 105570 ns
[2020-02-29T05:54:42.966+0000][1][safepoint    ] Safepoint "Cleanup", Time since last: 1000473442 ns, Reaching safepoint: 92520 ns, At safepoint: 12864 ns, Total: 105384 ns
[2020-02-29T05:54:43.967+0000][1][safepoint    ] Safepoint "Cleanup", Time since last: 1001411707 ns, Reaching safepoint: 95302 ns, At safepoint: 13474 ns, Total: 108776 ns
[2020-02-29T05:54:44.497+0000][1][safepoint    ] Safepoint "RevokeBias", Time since last: 529924494 ns, Reaching safepoint: 125794 ns, At safepoint: 33471 ns, Total: 159265 ns
[2020-02-29T05:54:45.498+0000][1][safepoint    ] Safepoint "Cleanup", Time since last: 1000741217 ns, Reaching safepoint: 130237 ns, At safepoint: 14204 ns, Total: 144441 ns
[2020-02-29T05:54:46.502+0000][1][safepoint    ] Safepoint "Cleanup", Time since last: 1003304201 ns, Reaching safepoint: 89922 ns, At safepoint: 9456 ns, Total: 99378 ns
[2020-02-29T05:54:47.016+0000][1][safepoint    ] Safepoint "RevokeBias", Time since last: 514568348 ns, Reaching safepoint: 79788 ns, At safepoint: 23819 ns, Total: 103607 ns
[2020-02-29T05:54:48.021+0000][1][safepoint    ] Safepoint "Cleanup", Time since last: 1004391458 ns, Reaching safepoint: 110348 ns, At safepoint: 9739 ns, Total: 120087 ns
[2020-02-29T05:54:49.026+0000][1][safepoint    ] Safepoint "Cleanup", Time since last: 1005080096 ns, Reaching safepoint: 130851 ns, At safepoint: 14560 ns, Total: 145411 ns
[2020-02-29T05:54:49.537+0000][1][safepoint    ] Safepoint "RevokeBias", Time since last: 510857225 ns, Reaching safepoint: 132600 ns, At safepoint: 137768 ns, Total: 270368 ns
[2020-02-29T05:54:50.538+0000][1][safepoint    ] Safepoint "Cleanup", Time since last: 1000655668 ns, Reaching safepoint: 92818 ns, At safepoint: 12555 ns, Total: 105373 ns
[2020-02-29T05:54:51.539+0000][1][safepoint    ] Safepoint "Cleanup", Time since last: 1000639910 ns, Reaching safepoint: 137610 ns, At safepoint: 27977 ns, Total: 165587 ns
[2020-02-29T05:54:52.068+0000][1][safepoint    ] Safepoint "RevokeBias", Time since last: 528896600 ns, Reaching safepoint: 84584 ns, At safepoint: 79119 ns, Total: 163703 ns
[2020-02-29T05:54:53.071+0000][1][safepoint    ] Safepoint "Cleanup", Time since last: 1003284461 ns, Reaching safepoint: 125642 ns, At safepoint: 13301 ns, Total: 138943 ns
[2020-02-29T05:54:54.076+0000][1][safepoint    ] Safepoint "Cleanup", Time since last: 1004788725 ns, Reaching safepoint: 128604 ns, At safepoint: 13796 ns, Total: 142400 ns
[2020-02-29T05:54:54.593+0000][1][safepoint    ] Safepoint "RevokeBias", Time since last: 516104534 ns, Reaching safepoint: 173385 ns, At safepoint: 55038 ns, Total: 228423 ns
[2020-02-29T05:54:55.594+0000][1][safepoint    ] Safepoint "Cleanup", Time since last: 1001593917 ns, Reaching safepoint: 107502 ns, At safepoint: 11897 ns, Total: 119399 ns
[2020-02-29T05:54:56.595+0000][1][safepoint    ] Safepoint "Cleanup", Time since last: 1000362254 ns, Reaching safepoint: 65791 ns, At safepoint: 8553 ns, Total: 74344 ns
[2020-02-29T05:54:57.124+0000][1][safepoint    ] Safepoint "RevokeBias", Time since last: 529399355 ns, Reaching safepoint: 125925 ns, At safepoint: 32233 ns, Total: 158158 ns
[2020-02-29T05:54:58.148+0000][1][safepoint    ] Safepoint "Cleanup", Time since last: 1012470967 ns, Reaching safepoint: 11251914 ns, At safepoint: 24486 ns, Total: 11276400 ns
[2020-02-29T05:54:59.152+0000][1][safepoint    ] Safepoint "Cleanup", Time since last: 1003938096 ns, Reaching safepoint: 113664 ns, At safepoint: 13634 ns, Total: 127298 ns
[2020-02-29T05:54:59.640+0000][1][safepoint    ] Safepoint "RevokeBias", Time since last: 487382005 ns, Reaching safepoint: 124678 ns, At safepoint: 33471 ns, Total: 158149 ns
[2020-02-29T05:55:00.641+0000][1][safepoint    ] Safepoint "Cleanup", Time since last: 1001307660 ns, Reaching safepoint: 89638 ns, At safepoint: 12365 ns, Total: 102003 ns
[2020-02-29T05:55:01.646+0000][1][safepoint    ] Safepoint "Cleanup", Time since last: 1004659155 ns, Reaching safepoint: 68692 ns, At safepoint: 9972 ns, Total: 78664 ns
[2020-02-29T05:55:02.173+0000][1][safepoint    ] Safepoint "RevokeBias", Time since last: 527076613 ns, Reaching safepoint: 276768 ns, At safepoint: 57267 ns, Total: 334035 ns
[2020-02-29T05:55:03.174+0000][1][safepoint    ] Safepoint "Cleanup", Time since last: 1000632742 ns, Reaching safepoint: 127966 ns, At safepoint: 12905 ns, Total: 140871 ns
[2020-02-29T05:55:04.176+0000][1][safepoint    ] Safepoint "Cleanup", Time since last: 1001994496 ns, Reaching safepoint: 134002 ns, At safepoint: 12743 ns, Total: 146745 ns
[2020-02-29T05:55:04.697+0000][1][safepoint    ] Safepoint "RevokeBias", Time since last: 520302139 ns, Reaching safepoint: 87047 ns, At safepoint: 21495 ns, Total: 108542 ns
[2020-02-29T05:55:05.706+0000][1][safepoint    ] Safepoint "Cleanup", Time since last: 1009168106 ns, Reaching safepoint: 91002 ns, At safepoint: 8393 ns, Total: 99395 ns
[2020-02-29T05:55:06.707+0000][1][safepoint    ] Safepoint "Cleanup", Time since last: 1000759349 ns, Reaching safepoint: 69064 ns, At safepoint: 9259 ns, Total: 78323 ns
[2020-02-29T05:55:07.217+0000][1][safepoint    ] Safepoint "RevokeBias", Time since last: 509798973 ns, Reaching safepoint: 196838 ns, At safepoint: 51083 ns, Total: 247921 ns
[2020-02-29T05:55:08.218+0000][1][safepoint    ] Safepoint "Cleanup", Time since last: 1001158332 ns, Reaching safepoint: 161254 ns, At safepoint: 13309 ns, Total: 174563 ns
[2020-02-29T05:55:09.223+0000][1][safepoint    ] Safepoint "Cleanup", Time since last: 1005218328 ns, Reaching safepoint: 90933 ns, At safepoint: 13426 ns, Total: 104359 ns
[2020-02-29T05:55:09.737+0000][1][safepoint    ] Safepoint "RevokeBias", Time since last: 513352458 ns, Reaching safepoint: 138145 ns, At safepoint: 58645 ns, Total: 196790 ns
[2020-02-29T05:55:10.738+0000][1][safepoint    ] Safepoint "Cleanup", Time since last: 1001137211 ns, Reaching safepoint: 94570 ns, At safepoint: 9420 ns, Total: 103990 ns
[2020-02-29T05:55:11.739+0000][1][safepoint    ] Safepoint "Cleanup", Time since last: 1001038319 ns, Reaching safepoint: 91342 ns, At safepoint: 8780 ns, Total: 100122 ns
[2020-02-29T05:55:12.270+0000][1][safepoint    ] Safepoint "RevokeBias", Time since last: 530803411 ns, Reaching safepoint: 88673 ns, At safepoint: 29041 ns, Total: 117714 ns
[2020-02-29T05:55:13.271+0000][1][safepoint    ] Safepoint "Cleanup", Time since last: 1001011177 ns, Reaching safepoint: 81160 ns, At safepoint: 10146 ns, Total: 91306 ns
[2020-02-29T05:55:14.272+0000][1][safepoint    ] Safepoint "Cleanup", Time since last: 1000991926 ns, Reaching safepoint: 92180 ns, At safepoint: 12754 ns, Total: 104934 ns
[2020-02-29T05:55:14.806+0000][1][safepoint    ] Safepoint "RevokeBias", Time since last: 533860253 ns, Reaching safepoint: 102400 ns, At safepoint: 24264 ns, Total: 126664 ns
[2020-02-29T05:55:15.810+0000][1][safepoint    ] Safepoint "Cleanup", Time since last: 1003633303 ns, Reaching safepoint: 89807 ns, At safepoint: 9861 ns, Total: 99668 ns
[2020-02-29T05:55:16.816+0000][1][safepoint    ] Safepoint "Cleanup", Time since last: 1000659354 ns, Reaching safepoint: 5108141 ns, At safepoint: 22064 ns, Total: 5130205 ns
[2020-02-29T05:55:17.323+0000][1][safepoint    ] Safepoint "RevokeBias", Time since last: 507211760 ns, Reaching safepoint: 156828 ns, At safepoint: 39036 ns, Total: 195864 ns
[2020-02-29T05:55:18.325+0000][1][safepoint    ] Safepoint "Cleanup", Time since last: 1001565456 ns, Reaching safepoint: 129643 ns, At safepoint: 13791 ns, Total: 143434 ns
[2020-02-29T05:55:19.330+0000][1][safepoint    ] Safepoint "Cleanup", Time since last: 1005018837 ns, Reaching safepoint: 141937 ns, At safepoint: 12696 ns, Total: 154633 ns
[2020-02-29T05:55:19.849+0000][1][safepoint    ] Safepoint "RevokeBias", Time since last: 518749627 ns, Reaching safepoint: 300049 ns, At safepoint: 37542 ns, Total: 337591 ns
[2020-02-29T05:55:20.855+0000][1][safepoint    ] Safepoint "Cleanup", Time since last: 1005890693 ns, Reaching safepoint: 127836 ns, At safepoint: 14079 ns, Total: 141915 ns
[2020-02-29T05:55:21.864+0000][1][safepoint    ] Safepoint "Cleanup", Time since last: 1008756334 ns, Reaching safepoint: 193750 ns, At safepoint: 29496 ns, Total: 223246 ns
[2020-02-29T05:55:22.373+0000][1][safepoint    ] Safepoint "RevokeBias", Time since last: 508197892 ns, Reaching safepoint: 142139 ns, At safepoint: 35003 ns, Total: 177142 ns
[2020-02-29T05:55:23.396+0000][1][safepoint    ] Safepoint "Cleanup", Time since last: 1023307509 ns, Reaching safepoint: 134888 ns, At safepoint: 22075 ns, Total: 156963 ns
[2020-02-29T05:55:24.397+0000][1][safepoint    ] Safepoint "Cleanup", Time since last: 1001082968 ns, Reaching safepoint: 130062 ns, At safepoint: 13685 ns, Total: 143747 ns
[2020-02-29T05:55:24.906+0000][1][safepoint    ] Safepoint "RevokeBias", Time since last: 508672432 ns, Reaching safepoint: 85690 ns, At safepoint: 22154 ns, Total: 107844 ns
[2020-02-29T05:55:25.915+0000][1][safepoint    ] Safepoint "Cleanup", Time since last: 1008587277 ns, Reaching safepoint: 65761 ns, At safepoint: 8103 ns, Total: 73864 ns
[2020-02-29T05:55:26.917+0000][1][safepoint    ] Safepoint "Cleanup", Time since last: 1002157585 ns, Reaching safepoint: 142712 ns, At safepoint: 20624 ns, Total: 163336 ns
[2020-02-29T05:55:27.422+0000][1][safepoint    ] Safepoint "RevokeBias", Time since last: 505222994 ns, Reaching safepoint: 63083 ns, At safepoint: 20648 ns, Total: 83731 ns
[2020-02-29T05:55:28.430+0000][1][safepoint    ] Safepoint "Cleanup", Time since last: 1007909282 ns, Reaching safepoint: 89921 ns, At safepoint: 9906 ns, Total: 99827 ns
[2020-02-29T05:55:29.432+0000][1][safepoint    ] Safepoint "Cleanup", Time since last: 1001453700 ns, Reaching safepoint: 136756 ns, At safepoint: 8669 ns, Total: 145425 ns
[2020-02-29T05:55:29.944+0000][1][safepoint    ] Safepoint "RevokeBias", Time since last: 511436879 ns, Reaching safepoint: 130008 ns, At safepoint: 44738 ns, Total: 174746 ns
[2020-02-29T05:55:30.950+0000][1][safepoint    ] Safepoint "Cleanup", Time since last: 1005821057 ns, Reaching safepoint: 94271 ns, At safepoint: 13737 ns, Total: 108008 ns
[2020-02-29T05:55:31.957+0000][1][safepoint    ] Safepoint "Cleanup", Time since last: 1007634591 ns, Reaching safepoint: 110152 ns, At safepoint: 16642 ns, Total: 126794 ns
[2020-02-29T05:55:32.458+0000][1][safepoint    ] Safepoint "RevokeBias", Time since last: 500502278 ns, Reaching safepoint: 280918 ns, At safepoint: 60005 ns, Total: 340923 ns
[2020-02-29T05:55:33.459+0000][1][safepoint    ] Safepoint "Cleanup", Time since last: 1001131084 ns, Reaching safepoint: 130376 ns, At safepoint: 14389 ns, Total: 144765 ns
[2020-02-29T05:55:34.467+0000][1][safepoint    ] Safepoint "Cleanup", Time since last: 1007247437 ns, Reaching safepoint: 95192 ns, At safepoint: 13247 ns, Total: 108439 ns
[2020-02-29T05:55:34.977+0000][1][safepoint    ] Safepoint "RevokeBias", Time since last: 509699082 ns, Reaching safepoint: 62242 ns, At safepoint: 19014 ns, Total: 81256 ns
[2020-02-29T05:55:35.978+0000][1][safepoint    ] Safepoint "Cleanup", Time since last: 1001417372 ns, Reaching safepoint: 149530 ns, At safepoint: 13559 ns, Total: 163089 ns
[2020-02-29T05:55:36.979+0000][1][safepoint    ] Safepoint "Cleanup", Time since last: 1000785019 ns, Reaching safepoint: 129867 ns, At safepoint: 13644 ns, Total: 143511 ns
[2020-02-29T05:55:37.496+0000][1][safepoint    ] Safepoint "RevokeBias", Time since last: 517109695 ns, Reaching safepoint: 164283 ns, At safepoint: 41231 ns, Total: 205514 ns
[2020-02-29T05:55:38.497+0000][1][safepoint    ] Safepoint "Cleanup", Time since last: 1000643396 ns, Reaching safepoint: 131341 ns, At safepoint: 13771 ns, Total: 145112 ns
[2020-02-29T05:55:39.507+0000][1][safepoint    ] Safepoint "Cleanup", Time since last: 1009809367 ns, Reaching safepoint: 69107 ns, At safepoint: 9194 ns, Total: 78301 ns
[2020-02-29T05:55:40.017+0000][1][safepoint    ] Safepoint "RevokeBias", Time since last: 509439708 ns, Reaching safepoint: 87410 ns, At safepoint: 22061 ns, Total: 109471 ns
[2020-02-29T05:55:41.017+0000][1][safepoint    ] Safepoint "Cleanup", Time since last: 1000660894 ns, Reaching safepoint: 129134 ns, At safepoint: 14236 ns, Total: 143370 ns
[2020-02-29T05:55:42.023+0000][1][safepoint    ] Safepoint "Cleanup", Time since last: 1005802423 ns, Reaching safepoint: 78368 ns, At safepoint: 10922 ns, Total: 89290 ns
[2020-02-29T05:55:42.541+0000][1][safepoint    ] Safepoint "RevokeBias", Time since last: 517173968 ns, Reaching safepoint: 84526 ns, At safepoint: 21253 ns, Total: 105779 ns
[2020-02-29T05:55:43.546+0000][1][safepoint    ] Safepoint "Cleanup", Time since last: 1005568684 ns, Reaching safepoint: 103720 ns, At safepoint: 12441 ns, Total: 116161 ns
[2020-02-29T05:55:44.547+0000][1][safepoint    ] Safepoint "Cleanup", Time since last: 1000853208 ns, Reaching safepoint: 131685 ns, At safepoint: 14263 ns, Total: 145948 ns
[2020-02-29T05:55:45.060+0000][1][safepoint    ] Safepoint "RevokeBias", Time since last: 512127588 ns, Reaching safepoint: 86798 ns, At safepoint: 21859 ns, Total: 108657 ns
[2020-02-29T05:55:46.067+0000][1][safepoint    ] Safepoint "Cleanup", Time since last: 1007497345 ns, Reaching safepoint: 68390 ns, At safepoint: 9601 ns, Total: 77991 ns
[2020-02-29T05:55:47.068+0000][1][safepoint    ] Safepoint "Cleanup", Time since last: 1000965945 ns, Reaching safepoint: 137352 ns, At safepoint: 19848 ns, Total: 157200 ns
[2020-02-29T05:55:47.588+0000][1][safepoint    ] Safepoint "RevokeBias", Time since last: 519498301 ns, Reaching safepoint: 206350 ns, At safepoint: 54226 ns, Total: 260576 ns
[2020-02-29T05:55:48.589+0000][1][safepoint    ] Safepoint "Cleanup", Time since last: 1000444128 ns, Reaching safepoint: 91131 ns, At safepoint: 10977 ns, Total: 102108 ns
[2020-02-29T05:55:49.589+0000][1][safepoint    ] Safepoint "Cleanup", Time since last: 1000536013 ns, Reaching safepoint: 168687 ns, At safepoint: 16168 ns, Total: 184855 ns
[2020-02-29T05:55:50.113+0000][1][safepoint    ] Safepoint "RevokeBias", Time since last: 523767837 ns, Reaching safepoint: 86269 ns, At safepoint: 28471 ns, Total: 114740 ns
[2020-02-29T05:55:51.114+0000][1][safepoint    ] Safepoint "Cleanup", Time since last: 1000734841 ns, Reaching safepoint: 68484 ns, At safepoint: 9369 ns, Total: 77853 ns
[2020-02-29T05:55:51.868+0000][1][gc,start     ] GC(60) Pause Young (Allocation Failure)
[2020-02-29T05:55:51.868+0000][1][gc,task      ] GC(60) Using 1 workers of 1 for evacuation
[2020-02-29T05:55:51.898+0000][1][gc,age       ] GC(60) Desired survivor size 4358144 bytes, new threshold 6 (max threshold 6)
[2020-02-29T05:55:51.898+0000][1][gc,age       ] GC(60) Age table with threshold 6 (max threshold 6)
[2020-02-29T05:55:51.898+0000][1][gc,age       ] GC(60) - age   1:      11944 bytes,      11944 total
[2020-02-29T05:55:51.898+0000][1][gc,age       ] GC(60) - age   2:        360 bytes,      12304 total
[2020-02-29T05:55:51.898+0000][1][gc,age       ] GC(60) - age   3:        552 bytes,      12856 total
[2020-02-29T05:55:51.898+0000][1][gc,age       ] GC(60) - age   4:      17360 bytes,      30216 total
[2020-02-29T05:55:51.898+0000][1][gc,age       ] GC(60) - age   5:      12096 bytes,      42312 total
[2020-02-29T05:55:51.898+0000][1][gc,age       ] GC(60) - age   6:        192 bytes,      42504 total
[2020-02-29T05:55:51.898+0000][1][gc,heap      ] GC(60) ParNew: 68203K->42K(76672K)
[2020-02-29T05:55:51.899+0000][1][gc,heap      ] GC(60) CMS: 62532K->62533K(963392K)
[2020-02-29T05:55:51.899+0000][1][gc,metaspace ] GC(60) Metaspace: 79679K->79679K(1122304K)
[2020-02-29T05:55:51.899+0000][1][gc           ] GC(60) Pause Young (Allocation Failure) 127M->61M(1015M) 30.456ms
[2020-02-29T05:55:51.899+0000][1][gc,cpu       ] GC(60) User=0.03s Sys=0.00s Real=0.03s
[2020-02-29T05:55:51.899+0000][1][safepoint    ] Safepoint "GenCollectForAllocation", Time since last: 754076820 ns, Reaching safepoint: 131256 ns, At safepoint: 30621965 ns, Total: 30753221 ns
[2020-02-29T05:55:52.637+0000][1][safepoint    ] Safepoint "BulkRevokeBias", Time since last: 737596336 ns, Reaching safepoint: 60371 ns, At safepoint: 190940 ns, Total: 251311 ns
[2020-02-29T05:55:53.637+0000][1][safepoint    ] Safepoint "Cleanup", Time since last: 1000464320 ns, Reaching safepoint: 111767 ns, At safepoint: 11345 ns, Total: 123112 ns
[2020-02-29T05:55:54.639+0000][1][safepoint    ] Safepoint "Cleanup", Time since last: 1002033544 ns, Reaching safepoint: 160711 ns, At safepoint: 14004 ns, Total: 174715 ns
[2020-02-29T05:55:55.159+0000][1][safepoint    ] Safepoint "RevokeBias", Time since last: 519385788 ns, Reaching safepoint: 85019 ns, At safepoint: 28692 ns, Total: 113711 ns
[2020-02-29T05:55:56.160+0000][1][safepoint    ] Safepoint "Cleanup", Time since last: 1001369004 ns, Reaching safepoint: 90211 ns, At safepoint: 10767 ns, Total: 100978 ns
[2020-02-29T05:55:57.168+0000][1][safepoint    ] Safepoint "Cleanup", Time since last: 1007608179 ns, Reaching safepoint: 130754 ns, At safepoint: 14356 ns, Total: 145110 ns
[2020-02-29T05:55:57.686+0000][1][safepoint    ] Safepoint "RevokeBias", Time since last: 517715859 ns, Reaching safepoint: 104501 ns, At safepoint: 25204 ns, Total: 129705 ns
[2020-02-29T05:55:59.278+0000][1][safepoint    ] Safepoint "Cleanup", Time since last: 1591818235 ns, Reaching safepoint: 94012 ns, At safepoint: 8491 ns, Total: 102503 ns
[2020-02-29T05:56:00.203+0000][1][safepoint    ] Safepoint "RevokeBias", Time since last: 925002730 ns, Reaching safepoint: 86938 ns, At safepoint: 27883 ns, Total: 114821 ns
[2020-02-29T05:56:01.212+0000][1][safepoint    ] Safepoint "Cleanup", Time since last: 1009004976 ns, Reaching safepoint: 173202 ns, At safepoint: 22475 ns, Total: 195677 ns
[2020-02-29T05:56:02.214+0000][1][safepoint    ] Safepoint "Cleanup", Time since last: 1001190115 ns, Reaching safepoint: 129723 ns, At safepoint: 14227 ns, Total: 143950 ns
[2020-02-29T05:56:02.720+0000][1][safepoint    ] Safepoint "RevokeBias", Time since last: 506533772 ns, Reaching safepoint: 58492 ns, At safepoint: 17952 ns, Total: 76444 ns
[2020-02-29T05:56:03.723+0000][1][safepoint    ] Safepoint "Cleanup", Time since last: 1002755215 ns, Reaching safepoint: 129739 ns, At safepoint: 13778 ns, Total: 143517 ns
[2020-02-29T05:56:04.728+0000][1][safepoint    ] Safepoint "Cleanup", Time since last: 1004626413 ns, Reaching safepoint: 103119 ns, At safepoint: 10727 ns, Total: 113846 ns
[2020-02-29T05:56:05.251+0000][1][safepoint    ] Safepoint "RevokeBias", Time since last: 522880573 ns, Reaching safepoint: 90283 ns, At safepoint: 80154 ns, Total: 170437 ns
[2020-02-29T05:56:06.256+0000][1][safepoint    ] Safepoint "Cleanup", Time since last: 1004988537 ns, Reaching safepoint: 150142 ns, At safepoint: 14207 ns, Total: 164349 ns
[2020-02-29T05:56:07.257+0000][1][safepoint    ] Safepoint "Cleanup", Time since last: 1000779384 ns, Reaching safepoint: 90119 ns, At safepoint: 9362 ns, Total: 99481 ns
[2020-02-29T05:56:07.775+0000][1][safepoint    ] Safepoint "RevokeBias", Time since last: 517451153 ns, Reaching safepoint: 158605 ns, At safepoint: 38615 ns, Total: 197220 ns
[2020-02-29T05:56:08.778+0000][1][safepoint    ] Safepoint "Cleanup", Time since last: 1003631699 ns, Reaching safepoint: 68460 ns, At safepoint: 9119 ns, Total: 77579 ns
[2020-02-29T05:56:09.779+0000][1][safepoint    ] Safepoint "Cleanup", Time since last: 1000342851 ns, Reaching safepoint: 91814 ns, At safepoint: 9149 ns, Total: 100963 ns
[2020-02-29T05:56:10.298+0000][1][safepoint    ] Safepoint "RevokeBias", Time since last: 519127482 ns, Reaching safepoint: 84012 ns, At safepoint: 21055 ns, Total: 105067 ns
[2020-02-29T05:56:11.298+0000][1][safepoint    ] Safepoint "Cleanup", Time since last: 1000279235 ns, Reaching safepoint: 95727 ns, At safepoint: 9812 ns, Total: 105539 ns
[2020-02-29T05:56:12.302+0000][1][safepoint    ] Safepoint "Cleanup", Time since last: 1003516768 ns, Reaching safepoint: 75580 ns, At safepoint: 7643 ns, Total: 83223 ns
[2020-02-29T05:56:12.820+0000][1][safepoint    ] Safepoint "RevokeBias", Time since last: 518241332 ns, Reaching safepoint: 53583 ns, At safepoint: 15746 ns, Total: 69329 ns
[2020-02-29T05:56:13.822+0000][1][safepoint    ] Safepoint "Cleanup", Time since last: 1002082194 ns, Reaching safepoint: 60961 ns, At safepoint: 7222 ns, Total: 68183 ns
[2020-02-29T05:56:14.825+0000][1][safepoint    ] Safepoint "Cleanup", Time since last: 1002472705 ns, Reaching safepoint: 59345 ns, At safepoint: 7442 ns, Total: 66787 ns
[2020-02-29T05:56:15.340+0000][1][safepoint    ] Safepoint "RevokeBias", Time since last: 515462182 ns, Reaching safepoint: 70478 ns, At safepoint: 18056 ns, Total: 88534 ns
[2020-02-29T05:56:16.346+0000][1][safepoint    ] Safepoint "Cleanup", Time since last: 1005569274 ns, Reaching safepoint: 78176 ns, At safepoint: 8407 ns, Total: 86583 ns
[2020-02-29T05:56:17.348+0000][1][safepoint    ] Safepoint "Cleanup", Time since last: 1001389586 ns, Reaching safepoint: 171801 ns, At safepoint: 7010 ns, Total: 178811 ns
[2020-02-29T05:56:17.850+0000][1][safepoint    ] Safepoint "RevokeBias", Time since last: 502289331 ns, Reaching safepoint: 83956 ns, At safepoint: 20781 ns, Total: 104737 ns
[2020-02-29T05:56:18.850+0000][1][safepoint    ] Safepoint "Cleanup", Time since last: 1000286242 ns, Reaching safepoint: 92347 ns, At safepoint: 10498 ns, Total: 102845 ns
[2020-02-29T05:56:19.853+0000][1][safepoint    ] Safepoint "Cleanup", Time since last: 1002805677 ns, Reaching safepoint: 147301 ns, At safepoint: 7001 ns, Total: 154302 ns
[2020-02-29T05:56:20.375+0000][1][safepoint    ] Safepoint "RevokeBias", Time since last: 521831880 ns, Reaching safepoint: 74195 ns, At safepoint: 20637 ns, Total: 94832 ns
[2020-02-29T05:56:21.389+0000][1][safepoint    ] Safepoint "Cleanup", Time since last: 1013868688 ns, Reaching safepoint: 128559 ns, At safepoint: 13970 ns, Total: 142529 ns
[2020-02-29T05:56:22.390+0000][1][safepoint    ] Safepoint "Cleanup", Time since last: 1000261292 ns, Reaching safepoint: 90870 ns, At safepoint: 9359 ns, Total: 100229 ns
[2020-02-29T05:56:22.906+0000][1][safepoint    ] Safepoint "RevokeBias", Time since last: 516289440 ns, Reaching safepoint: 73292 ns, At safepoint: 17145 ns, Total: 90437 ns
[2020-02-29T05:56:23.908+0000][1][safepoint    ] Safepoint "Cleanup", Time since last: 1001780072 ns, Reaching safepoint: 60013 ns, At safepoint: 7171 ns, Total: 67184 ns
[2020-02-29T05:56:24.912+0000][1][safepoint    ] Safepoint "Cleanup", Time since last: 1003928638 ns, Reaching safepoint: 200550 ns, At safepoint: 25168 ns, Total: 225718 ns
[2020-02-29T05:56:25.439+0000][1][safepoint    ] Safepoint "RevokeBias", Time since last: 526366061 ns, Reaching safepoint: 86325 ns, At safepoint: 19208 ns, Total: 105533 ns
[2020-02-29T05:56:26.439+0000][1][safepoint    ] Safepoint "Cleanup", Time since last: 1000163267 ns, Reaching safepoint: 91510 ns, At safepoint: 6287 ns, Total: 97797 ns
[2020-02-29T05:56:27.440+0000][1][safepoint    ] Safepoint "Cleanup", Time since last: 1000601759 ns, Reaching safepoint: 78546 ns, At safepoint: 7685 ns, Total: 86231 ns
[2020-02-29T05:56:27.953+0000][1][safepoint    ] Safepoint "RevokeBias", Time since last: 513387313 ns, Reaching safepoint: 83458 ns, At safepoint: 18095 ns, Total: 101553 ns
[2020-02-29T05:56:28.960+0000][1][safepoint    ] Safepoint "Cleanup", Time since last: 1006886769 ns, Reaching safepoint: 196261 ns, At safepoint: 7598 ns, Total: 203859 ns
[2020-02-29T05:56:29.964+0000][1][safepoint    ] Safepoint "Cleanup", Time since last: 1003926964 ns, Reaching safepoint: 57678 ns, At safepoint: 5414 ns, Total: 63092 ns
[2020-02-29T05:56:30.463+0000][1][safepoint    ] Safepoint "RevokeBias", Time since last: 498793081 ns, Reaching safepoint: 69264 ns, At safepoint: 16898 ns, Total: 86162 ns
[2020-02-29T05:56:31.464+0000][1][safepoint    ] Safepoint "Cleanup", Time since last: 1000949525 ns, Reaching safepoint: 61066 ns, At safepoint: 7155 ns, Total: 68221 ns
[2020-02-29T05:56:32.470+0000][1][safepoint    ] Safepoint "Cleanup", Time since last: 1005823324 ns, Reaching safepoint: 90835 ns, At safepoint: 11923 ns, Total: 102758 ns
[2020-02-29T05:56:32.974+0000][1][safepoint    ] Safepoint "RevokeBias", Time since last: 504115161 ns, Reaching safepoint: 114195 ns, At safepoint: 36853 ns, Total: 151048 ns
[2020-02-29T05:56:33.978+0000][1][safepoint    ] Safepoint "Cleanup", Time since last: 1003782961 ns, Reaching safepoint: 89840 ns, At safepoint: 8347 ns, Total: 98187 ns
[2020-02-29T05:56:34.979+0000][1][safepoint    ] Safepoint "Cleanup", Time since last: 1000543818 ns, Reaching safepoint: 77015 ns, At safepoint: 8189 ns, Total: 85204 ns
[2020-02-29T05:56:35.498+0000][1][safepoint    ] Safepoint "RevokeBias", Time since last: 518815505 ns, Reaching safepoint: 70223 ns, At safepoint: 17783 ns, Total: 88006 ns
[2020-02-29T05:56:36.508+0000][1][safepoint    ] Safepoint "Cleanup", Time since last: 1010286253 ns, Reaching safepoint: 98875 ns, At safepoint: 9735 ns, Total: 108610 ns
[2020-02-29T05:56:37.509+0000][1][safepoint    ] Safepoint "Cleanup", Time since last: 1001066338 ns, Reaching safepoint: 63766 ns, At safepoint: 7784 ns, Total: 71550 ns
[2020-02-29T05:56:38.013+0000][1][safepoint    ] Safepoint "RevokeBias", Time since last: 503948719 ns, Reaching safepoint: 69779 ns, At safepoint: 17285 ns, Total: 87064 ns
[2020-02-29T05:56:39.014+0000][1][safepoint    ] Safepoint "Cleanup", Time since last: 1000761938 ns, Reaching safepoint: 77906 ns, At safepoint: 7063 ns, Total: 84969 ns
[2020-02-29T05:56:40.019+0000][1][safepoint    ] Safepoint "Cleanup", Time since last: 1005170023 ns, Reaching safepoint: 61117 ns, At safepoint: 7492 ns, Total: 68609 ns
[2020-02-29T05:56:40.528+0000][1][safepoint    ] Safepoint "RevokeBias", Time since last: 508678724 ns, Reaching safepoint: 83478 ns, At safepoint: 20715 ns, Total: 104193 ns
[2020-02-29T05:56:41.529+0000][1][safepoint    ] Safepoint "Cleanup", Time since last: 1000737686 ns, Reaching safepoint: 96458 ns, At safepoint: 10974 ns, Total: 107432 ns
[2020-02-29T05:56:42.530+0000][1][safepoint    ] Safepoint "Cleanup", Time since last: 1001480154 ns, Reaching safepoint: 73297 ns, At safepoint: 8884 ns, Total: 82181 ns
[2020-02-29T05:56:43.034+0000][1][safepoint    ] Safepoint "RevokeBias", Time since last: 503210135 ns, Reaching safepoint: 113218 ns, At safepoint: 22617 ns, Total: 135835 ns
[2020-02-29T05:56:44.035+0000][1][safepoint    ] Safepoint "Cleanup", Time since last: 1000850585 ns, Reaching safepoint: 90654 ns, At safepoint: 10414 ns, Total: 101068 ns
[2020-02-29T05:56:45.036+0000][1][safepoint    ] Safepoint "Cleanup", Time since last: 1000753876 ns, Reaching safepoint: 91605 ns, At safepoint: 11944 ns, Total: 103549 ns
[2020-02-29T05:56:45.549+0000][1][safepoint    ] Safepoint "RevokeBias", Time since last: 513305986 ns, Reaching safepoint: 70144 ns, At safepoint: 18052 ns, Total: 88196 ns
[2020-02-29T05:56:46.553+0000][1][safepoint    ] Safepoint "Cleanup", Time since last: 1003914927 ns, Reaching safepoint: 76211 ns, At safepoint: 8011 ns, Total: 84222 ns
[2020-02-29T05:56:47.554+0000][1][safepoint    ] Safepoint "Cleanup", Time since last: 1001276593 ns, Reaching safepoint: 149838 ns, At safepoint: 21477 ns, Total: 171315 ns
[2020-02-29T05:56:48.066+0000][1][safepoint    ] Safepoint "RevokeBias", Time since last: 511682933 ns, Reaching safepoint: 152706 ns, At safepoint: 21394 ns, Total: 174100 ns
[2020-02-29T05:56:49.073+0000][1][safepoint    ] Safepoint "Cleanup", Time since last: 1006733873 ns, Reaching safepoint: 77441 ns, At safepoint: 7862 ns, Total: 85303 ns
[2020-02-29T05:56:50.074+0000][1][safepoint    ] Safepoint "Cleanup", Time since last: 1000764039 ns, Reaching safepoint: 60957 ns, At safepoint: 6855 ns, Total: 67812 ns
[2020-02-29T05:56:50.587+0000][1][safepoint    ] Safepoint "RevokeBias", Time since last: 512484082 ns, Reaching safepoint: 87247 ns, At safepoint: 18994 ns, Total: 106241 ns
[2020-02-29T05:56:51.587+0000][1][safepoint    ] Safepoint "Cleanup", Time since last: 1000591572 ns, Reaching safepoint: 91326 ns, At safepoint: 12810 ns, Total: 104136 ns
[2020-02-29T05:56:52.588+0000][1][safepoint    ] Safepoint "Cleanup", Time since last: 1000621860 ns, Reaching safepoint: 75977 ns, At safepoint: 7041 ns, Total: 83018 ns
[2020-02-29T05:56:53.110+0000][1][safepoint    ] Safepoint "RevokeBias", Time since last: 521539886 ns, Reaching safepoint: 52101 ns, At safepoint: 16202 ns, Total: 68303 ns
[2020-02-29T05:56:54.110+0000][1][safepoint    ] Safepoint "Cleanup", Time since last: 1000484014 ns, Reaching safepoint: 61289 ns, At safepoint: 7420 ns, Total: 68709 ns
[2020-02-29T05:56:55.111+0000][1][safepoint    ] Safepoint "Cleanup", Time since last: 1000667773 ns, Reaching safepoint: 95760 ns, At safepoint: 7251 ns, Total: 103011 ns
[2020-02-29T05:56:55.625+0000][1][safepoint    ] Safepoint "RevokeBias", Time since last: 514435620 ns, Reaching safepoint: 91354 ns, At safepoint: 75190 ns, Total: 166544 ns
[2020-02-29T05:56:56.627+0000][1][safepoint    ] Safepoint "Cleanup", Time since last: 1001602599 ns, Reaching safepoint: 87040 ns, At safepoint: 10951 ns, Total: 97991 ns
[2020-02-29T05:56:57.628+0000][1][safepoint    ] Safepoint "Cleanup", Time since last: 1000950574 ns, Reaching safepoint: 98664 ns, At safepoint: 14971 ns, Total: 113635 ns
[2020-02-29T05:56:58.146+0000][1][safepoint    ] Safepoint "RevokeBias", Time since last: 510113636 ns, Reaching safepoint: 7249584 ns, At safepoint: 25867 ns, Total: 7275451 ns
[2020-02-29T05:56:59.147+0000][1][safepoint    ] Safepoint "Cleanup", Time since last: 1001732257 ns, Reaching safepoint: 92045 ns, At safepoint: 9663 ns, Total: 101708 ns
[2020-02-29T05:57:00.152+0000][1][safepoint    ] Safepoint "Cleanup", Time since last: 1004659755 ns, Reaching safepoint: 74478 ns, At safepoint: 5955 ns, Total: 80433 ns
[2020-02-29T05:57:00.652+0000][1][safepoint    ] Safepoint "RevokeBias", Time since last: 499291576 ns, Reaching safepoint: 70026 ns, At safepoint: 17362 ns, Total: 87388 ns
[2020-02-29T05:57:01.656+0000][1][safepoint    ] Safepoint "Cleanup", Time since last: 1004623047 ns, Reaching safepoint: 77003 ns, At safepoint: 7248 ns, Total: 84251 ns
[2020-02-29T05:57:02.657+0000][1][safepoint    ] Safepoint "Cleanup", Time since last: 1001005533 ns, Reaching safepoint: 112672 ns, At safepoint: 7119 ns, Total: 119791 ns
[2020-02-29T05:57:03.178+0000][1][safepoint    ] Safepoint "RevokeBias", Time since last: 520011802 ns, Reaching safepoint: 72865 ns, At safepoint: 17141 ns, Total: 90006 ns
[2020-02-29T05:57:04.178+0000][1][safepoint    ] Safepoint "Cleanup", Time since last: 1000303267 ns, Reaching safepoint: 166990 ns, At safepoint: 10074 ns, Total: 177064 ns
[2020-02-29T05:57:05.183+0000][1][safepoint    ] Safepoint "Cleanup", Time since last: 1005195731 ns, Reaching safepoint: 90043 ns, At safepoint: 8250 ns, Total: 98293 ns
[2020-02-29T05:57:05.694+0000][1][safepoint    ] Safepoint "BulkRevokeBias", Time since last: 509930242 ns, Reaching safepoint: 110872 ns, At safepoint: 281330 ns, Total: 392202 ns
[2020-02-29T05:57:06.697+0000][1][safepoint    ] Safepoint "Cleanup", Time since last: 1003270952 ns, Reaching safepoint: 81193 ns, At safepoint: 8251 ns, Total: 89444 ns
[2020-02-29T05:57:07.698+0000][1][safepoint    ] Safepoint "Cleanup", Time since last: 1001345046 ns, Reaching safepoint: 61003 ns, At safepoint: 7226 ns, Total: 68229 ns
[2020-02-29T05:57:08.212+0000][1][safepoint    ] Safepoint "RevokeBias", Time since last: 513976524 ns, Reaching safepoint: 50317 ns, At safepoint: 27998 ns, Total: 78315 ns
[2020-02-29T05:57:09.215+0000][1][safepoint    ] Safepoint "Cleanup", Time since last: 1002500553 ns, Reaching safepoint: 60598 ns, At safepoint: 7839 ns, Total: 68437 ns
[2020-02-29T05:57:10.224+0000][1][safepoint    ] Safepoint "Cleanup", Time since last: 1009247409 ns, Reaching safepoint: 76144 ns, At safepoint: 7322 ns, Total: 83466 ns
[2020-02-29T05:57:10.724+0000][1][safepoint    ] Safepoint "RevokeBias", Time since last: 499728496 ns, Reaching safepoint: 102363 ns, At safepoint: 18963 ns, Total: 121326 ns
[2020-02-29T05:57:11.725+0000][1][safepoint    ] Safepoint "Cleanup", Time since last: 1000247604 ns, Reaching safepoint: 97891 ns, At safepoint: 24352 ns, Total: 122243 ns
[2020-02-29T05:57:12.725+0000][1][safepoint    ] Safepoint "Cleanup", Time since last: 1000162445 ns, Reaching safepoint: 78994 ns, At safepoint: 8272 ns, Total: 87266 ns
[2020-02-29T05:57:13.240+0000][1][safepoint    ] Safepoint "RevokeBias", Time since last: 515337792 ns, Reaching safepoint: 70897 ns, At safepoint: 17375 ns, Total: 88272 ns
[2020-02-29T05:57:14.245+0000][1][safepoint    ] Safepoint "Cleanup", Time since last: 1004784683 ns, Reaching safepoint: 75094 ns, At safepoint: 7460 ns, Total: 82554 ns
[2020-02-29T05:57:15.247+0000][1][safepoint    ] Safepoint "Cleanup", Time since last: 1002203882 ns, Reaching safepoint: 138191 ns, At safepoint: 7294 ns, Total: 145485 ns
[2020-02-29T05:57:15.758+0000][1][safepoint    ] Safepoint "RevokeBias", Time since last: 509967535 ns, Reaching safepoint: 144719 ns, At safepoint: 22661 ns, Total: 167380 ns
[2020-02-29T05:57:16.759+0000][1][safepoint    ] Safepoint "Cleanup", Time since last: 1001481610 ns, Reaching safepoint: 61880 ns, At safepoint: 7619 ns, Total: 69499 ns
[2020-02-29T05:57:17.760+0000][1][safepoint    ] Safepoint "Cleanup", Time since last: 1001134337 ns, Reaching safepoint: 77685 ns, At safepoint: 7374 ns, Total: 85059 ns
[2020-02-29T05:57:18.284+0000][1][safepoint    ] Safepoint "RevokeBias", Time since last: 523791550 ns, Reaching safepoint: 169767 ns, At safepoint: 54984 ns, Total: 224751 ns
[2020-02-29T05:57:19.289+0000][1][safepoint    ] Safepoint "Cleanup", Time since last: 1005029378 ns, Reaching safepoint: 62412 ns, At safepoint: 7840 ns, Total: 70252 ns
[2020-02-29T05:57:20.292+0000][1][safepoint    ] Safepoint "Cleanup", Time since last: 1002334937 ns, Reaching safepoint: 111732 ns, At safepoint: 8676 ns, Total: 120408 ns
[2020-02-29T05:57:20.815+0000][1][safepoint    ] Safepoint "RevokeBias", Time since last: 522741737 ns, Reaching safepoint: 312953 ns, At safepoint: 27586 ns, Total: 340539 ns
[2020-02-29T05:57:21.816+0000][1][safepoint    ] Safepoint "Cleanup", Time since last: 1000879630 ns, Reaching safepoint: 95577 ns, At safepoint: 11470 ns, Total: 107047 ns
[2020-02-29T05:57:22.821+0000][1][safepoint    ] Safepoint "Cleanup", Time since last: 1005162283 ns, Reaching safepoint: 78974 ns, At safepoint: 7411 ns, Total: 86385 ns
[2020-02-29T05:57:23.325+0000][1][safepoint    ] Safepoint "RevokeBias", Time since last: 504005097 ns, Reaching safepoint: 84558 ns, At safepoint: 20981 ns, Total: 105539 ns
[2020-02-29T05:57:24.326+0000][1][safepoint    ] Safepoint "Cleanup", Time since last: 1000890596 ns, Reaching safepoint: 79581 ns, At safepoint: 8938 ns, Total: 88519 ns
[2020-02-29T05:57:25.328+0000][1][safepoint    ] Safepoint "Cleanup", Time since last: 1001788506 ns, Reaching safepoint: 74937 ns, At safepoint: 7257 ns, Total: 82194 ns
[2020-02-29T05:57:25.840+0000][1][safepoint    ] Safepoint "RevokeBias", Time since last: 511787992 ns, Reaching safepoint: 56361 ns, At safepoint: 17168 ns, Total: 73529 ns
[2020-02-29T05:57:27.687+0000][1][safepoint    ] Safepoint "Cleanup", Time since last: 1846668267 ns, Reaching safepoint: 211698 ns, At safepoint: 11856 ns, Total: 223554 ns
[2020-02-29T05:57:28.352+0000][1][safepoint    ] Safepoint "RevokeBias", Time since last: 665418819 ns, Reaching safepoint: 57118 ns, At safepoint: 34791 ns, Total: 91909 ns
[2020-02-29T05:57:29.353+0000][1][safepoint    ] Safepoint "Cleanup", Time since last: 1000652465 ns, Reaching safepoint: 60718 ns, At safepoint: 7567 ns, Total: 68285 ns
[2020-02-29T05:57:30.359+0000][1][safepoint    ] Safepoint "Cleanup", Time since last: 1005931724 ns, Reaching safepoint: 114593 ns, At safepoint: 8365 ns, Total: 122958 ns
[2020-02-29T05:57:30.868+0000][1][safepoint    ] Safepoint "RevokeBias", Time since last: 508186121 ns, Reaching safepoint: 54576 ns, At safepoint: 17815 ns, Total: 72391 ns
[2020-02-29T05:57:31.877+0000][1][safepoint    ] Safepoint "Cleanup", Time since last: 1009618054 ns, Reaching safepoint: 76497 ns, At safepoint: 6895 ns, Total: 83392 ns
[2020-02-29T05:57:32.887+0000][1][safepoint    ] Safepoint "Cleanup", Time since last: 1010002641 ns, Reaching safepoint: 112779 ns, At safepoint: 9546 ns, Total: 122325 ns
[2020-02-29T05:57:33.401+0000][1][safepoint    ] Safepoint "RevokeBias", Time since last: 514048919 ns, Reaching safepoint: 56566 ns, At safepoint: 16637 ns, Total: 73203 ns
[2020-02-29T05:57:34.402+0000][1][safepoint    ] Safepoint "Cleanup", Time since last: 1000605129 ns, Reaching safepoint: 76473 ns, At safepoint: 7140 ns, Total: 83613 ns
[2020-02-29T05:57:35.406+0000][1][safepoint    ] Safepoint "Cleanup", Time since last: 1003798483 ns, Reaching safepoint: 62374 ns, At safepoint: 8025 ns, Total: 70399 ns
[2020-02-29T05:57:35.918+0000][1][safepoint    ] Safepoint "RevokeBias", Time since last: 512064854 ns, Reaching safepoint: 136980 ns, At safepoint: 18381 ns, Total: 155361 ns
[2020-02-29T05:57:36.924+0000][1][safepoint    ] Safepoint "Cleanup", Time since last: 1005790762 ns, Reaching safepoint: 61375 ns, At safepoint: 8673 ns, Total: 70048 ns
[2020-02-29T05:57:37.932+0000][1][safepoint    ] Safepoint "Cleanup", Time since last: 1007687474 ns, Reaching safepoint: 60519 ns, At safepoint: 7064 ns, Total: 67583 ns
[2020-02-29T05:57:38.431+0000][1][safepoint    ] Safepoint "RevokeBias", Time since last: 499021401 ns, Reaching safepoint: 73023 ns, At safepoint: 16556 ns, Total: 89579 ns
[2020-02-29T05:57:39.440+0000][1][safepoint    ] Safepoint "Cleanup", Time since last: 1008295556 ns, Reaching safepoint: 226935 ns, At safepoint: 7670 ns, Total: 234605 ns
[2020-02-29T05:57:40.440+0000][1][safepoint    ] Safepoint "Cleanup", Time since last: 1000345432 ns, Reaching safepoint: 152088 ns, At safepoint: 20506 ns, Total: 172594 ns
[2020-02-29T05:57:40.941+0000][1][safepoint    ] Safepoint "RevokeBias", Time since last: 501377754 ns, Reaching safepoint: 71700 ns, At safepoint: 17004 ns, Total: 88704 ns
[2020-02-29T05:57:41.942+0000][1][safepoint    ] Safepoint "Cleanup", Time since last: 1000660924 ns, Reaching safepoint: 74752 ns, At safepoint: 8285 ns, Total: 83037 ns
[2020-02-29T05:57:42.943+0000][1][safepoint    ] Safepoint "Cleanup", Time since last: 1000558346 ns, Reaching safepoint: 79297 ns, At safepoint: 8042 ns, Total: 87339 ns
[2020-02-29T05:57:43.454+0000][1][safepoint    ] Safepoint "RevokeBias", Time since last: 510961272 ns, Reaching safepoint: 51743 ns, At safepoint: 15703 ns, Total: 67446 ns
[2020-02-29T05:57:44.458+0000][1][safepoint    ] Safepoint "Cleanup", Time since last: 1004176284 ns, Reaching safepoint: 60249 ns, At safepoint: 7045 ns, Total: 67294 ns
[2020-02-29T05:57:45.463+0000][1][safepoint    ] Safepoint "Cleanup", Time since last: 1004891099 ns, Reaching safepoint: 60431 ns, At safepoint: 6824 ns, Total: 67255 ns
[2020-02-29T05:57:45.973+0000][1][safepoint    ] Safepoint "RevokeBias", Time since last: 510086046 ns, Reaching safepoint: 201849 ns, At safepoint: 37388 ns, Total: 239237 ns
[2020-02-29T05:57:46.974+0000][1][safepoint    ] Safepoint "Cleanup", Time since last: 1000739969 ns, Reaching safepoint: 60117 ns, At safepoint: 6591 ns, Total: 66708 ns
[2020-02-29T05:57:47.980+0000][1][safepoint    ] Safepoint "Cleanup", Time since last: 1005313452 ns, Reaching safepoint: 74084 ns, At safepoint: 6897 ns, Total: 80981 ns
[2020-02-29T05:57:48.485+0000][1][safepoint    ] Safepoint "RevokeBias", Time since last: 504979684 ns, Reaching safepoint: 70592 ns, At safepoint: 16865 ns, Total: 87457 ns
[2020-02-29T05:57:49.486+0000][1][safepoint    ] Safepoint "Cleanup", Time since last: 1001066202 ns, Reaching safepoint: 61210 ns, At safepoint: 7153 ns, Total: 68363 ns
[2020-02-29T05:57:50.492+0000][1][safepoint    ] Safepoint "Cleanup", Time since last: 1005861334 ns, Reaching safepoint: 115065 ns, At safepoint: 7752 ns, Total: 122817 ns
[2020-02-29T05:57:51.015+0000][1][safepoint    ] Safepoint "RevokeBias", Time since last: 523335718 ns, Reaching safepoint: 70438 ns, At safepoint: 17282 ns, Total: 87720 ns
[2020-02-29T05:57:52.017+0000][1][safepoint    ] Safepoint "Cleanup", Time since last: 1001506144 ns, Reaching safepoint: 70024 ns, At safepoint: 5975 ns, Total: 75999 ns
[2020-02-29T05:57:53.023+0000][1][safepoint    ] Safepoint "Cleanup", Time since last: 1006381407 ns, Reaching safepoint: 61786 ns, At safepoint: 7678 ns, Total: 69464 ns
[2020-02-29T05:57:53.528+0000][1][safepoint    ] Safepoint "RevokeBias", Time since last: 505130370 ns, Reaching safepoint: 72790 ns, At safepoint: 17816 ns, Total: 90606 ns
[2020-02-29T05:57:54.529+0000][1][safepoint    ] Safepoint "Cleanup", Time since last: 1000441381 ns, Reaching safepoint: 79084 ns, At safepoint: 7149 ns, Total: 86233 ns
[2020-02-29T05:57:55.532+0000][1][safepoint    ] Safepoint "Cleanup", Time since last: 1003350706 ns, Reaching safepoint: 86077 ns, At safepoint: 8980 ns, Total: 95057 ns
[2020-02-29T05:57:56.045+0000][1][safepoint    ] Safepoint "RevokeBias", Time since last: 512825986 ns, Reaching safepoint: 70298 ns, At safepoint: 17359 ns, Total: 87657 ns
[2020-02-29T05:57:57.678+0000][1][safepoint    ] Safepoint "Cleanup", Time since last: 1632992246 ns, Reaching safepoint: 79252 ns, At safepoint: 8483 ns, Total: 87735 ns
[2020-02-29T05:57:58.562+0000][1][safepoint    ] Safepoint "RevokeBias", Time since last: 883259806 ns, Reaching safepoint: 135496 ns, At safepoint: 23302 ns, Total: 158798 ns
[2020-02-29T05:57:59.564+0000][1][safepoint    ] Safepoint "Cleanup", Time since last: 1002516654 ns, Reaching safepoint: 76936 ns, At safepoint: 7363 ns, Total: 84299 ns
[2020-02-29T05:58:00.569+0000][1][safepoint    ] Safepoint "Cleanup", Time since last: 1004877219 ns, Reaching safepoint: 75882 ns, At safepoint: 6140 ns, Total: 82022 ns
[2020-02-29T05:58:01.078+0000][1][safepoint    ] Safepoint "RevokeBias", Time since last: 508725859 ns, Reaching safepoint: 117224 ns, At safepoint: 19741 ns, Total: 136965 ns
[2020-02-29T05:58:02.079+0000][1][safepoint    ] Safepoint "Cleanup", Time since last: 1000589237 ns, Reaching safepoint: 90520 ns, At safepoint: 9635 ns, Total: 100155 ns
[2020-02-29T05:58:03.080+0000][1][safepoint    ] Safepoint "Cleanup", Time since last: 1000554447 ns, Reaching safepoint: 84073 ns, At safepoint: 9207 ns, Total: 93280 ns
[2020-02-29T05:58:03.590+0000][1][safepoint    ] Safepoint "RevokeBias", Time since last: 510363968 ns, Reaching safepoint: 85576 ns, At safepoint: 22082 ns, Total: 107658 ns
[2020-02-29T05:58:04.591+0000][1][safepoint    ] Safepoint "Cleanup", Time since last: 1000661584 ns, Reaching safepoint: 57923 ns, At safepoint: 5603 ns, Total: 63526 ns
[2020-02-29T05:58:05.593+0000][1][safepoint    ] Safepoint "Cleanup", Time since last: 1002485619 ns, Reaching safepoint: 56413 ns, At safepoint: 5544 ns, Total: 61957 ns
[2020-02-29T05:58:06.105+0000][1][safepoint    ] Safepoint "RevokeBias", Time since last: 511187787 ns, Reaching safepoint: 69618 ns, At safepoint: 17396 ns, Total: 87014 ns
[2020-02-29T05:58:07.114+0000][1][safepoint    ] Safepoint "Cleanup", Time since last: 1009117122 ns, Reaching safepoint: 94340 ns, At safepoint: 8119 ns, Total: 102459 ns
[2020-02-29T05:58:07.644+0000][1][gc,start     ] GC(61) Pause Young (Allocation Failure)
[2020-02-29T05:58:07.644+0000][1][gc,task      ] GC(61) Using 1 workers of 1 for evacuation
[2020-02-29T05:58:07.652+0000][1][gc,age       ] GC(61) Desired survivor size 4358144 bytes, new threshold 6 (max threshold 6)
[2020-02-29T05:58:07.652+0000][1][gc,age       ] GC(61) Age table with threshold 6 (max threshold 6)
[2020-02-29T05:58:07.652+0000][1][gc,age       ] GC(61) - age   1:      10888 bytes,      10888 total
[2020-02-29T05:58:07.652+0000][1][gc,age       ] GC(61) - age   2:        256 bytes,      11144 total
[2020-02-29T05:58:07.652+0000][1][gc,age       ] GC(61) - age   3:        240 bytes,      11384 total
[2020-02-29T05:58:07.652+0000][1][gc,age       ] GC(61) - age   4:        552 bytes,      11936 total
[2020-02-29T05:58:07.652+0000][1][gc,age       ] GC(61) - age   5:      17360 bytes,      29296 total
[2020-02-29T05:58:07.652+0000][1][gc,age       ] GC(61) - age   6:      12096 bytes,      41392 total
[2020-02-29T05:58:07.652+0000][1][gc,heap      ] GC(61) ParNew: 68202K->41K(76672K)
[2020-02-29T05:58:07.652+0000][1][gc,heap      ] GC(61) CMS: 62533K->62534K(963392K)
[2020-02-29T05:58:07.652+0000][1][gc,metaspace ] GC(61) Metaspace: 79680K->79680K(1122304K)
[2020-02-29T05:58:07.652+0000][1][gc           ] GC(61) Pause Young (Allocation Failure) 127M->61M(1015M) 8.554ms
[2020-02-29T05:58:07.652+0000][1][gc,cpu       ] GC(61) User=0.01s Sys=0.00s Real=0.00s
[2020-02-29T05:58:07.652+0000][1][safepoint    ] Safepoint "GenCollectForAllocation", Time since last: 529908300 ns, Reaching safepoint: 53912 ns, At safepoint: 8608291 ns, Total: 8662203 ns
[2020-02-29T05:58:08.618+0000][1][safepoint    ] Safepoint "RevokeBias", Time since last: 965885830 ns, Reaching safepoint: 71809 ns, At safepoint: 17128 ns, Total: 88937 ns
[2020-02-29T05:58:09.628+0000][1][safepoint    ] Safepoint "Cleanup", Time since last: 1009013188 ns, Reaching safepoint: 143013 ns, At safepoint: 6582 ns, Total: 149595 ns
[2020-02-29T05:58:10.631+0000][1][safepoint    ] Safepoint "Cleanup", Time since last: 1003003533 ns, Reaching safepoint: 72566 ns, At safepoint: 5469 ns, Total: 78035 ns
[2020-02-29T05:58:11.145+0000][1][safepoint    ] Safepoint "RevokeBias", Time since last: 514501825 ns, Reaching safepoint: 51984 ns, At safepoint: 16056 ns, Total: 68040 ns
[2020-02-29T05:58:12.146+0000][1][safepoint    ] Safepoint "Cleanup", Time since last: 1000628072 ns, Reaching safepoint: 56507 ns, At safepoint: 5258 ns, Total: 61765 ns
[2020-02-29T05:58:13.148+0000][1][safepoint    ] Safepoint "Cleanup", Time since last: 1002209116 ns, Reaching safepoint: 57496 ns, At safepoint: 5623 ns, Total: 63119 ns
[2020-02-29T05:58:13.662+0000][1][safepoint    ] Safepoint "RevokeBias", Time since last: 513915277 ns, Reaching safepoint: 84870 ns, At safepoint: 21219 ns, Total: 106089 ns
[2020-02-29T05:58:14.663+0000][1][safepoint    ] Safepoint "Cleanup", Time since last: 1000807300 ns, Reaching safepoint: 75323 ns, At safepoint: 6069 ns, Total: 81392 ns
[2020-02-29T05:58:15.664+0000][1][safepoint    ] Safepoint "Cleanup", Time since last: 1000774873 ns, Reaching safepoint: 83799 ns, At safepoint: 7670 ns, Total: 91469 ns
[2020-02-29T05:58:16.184+0000][1][safepoint    ] Safepoint "RevokeBias", Time since last: 519879481 ns, Reaching safepoint: 82068 ns, At safepoint: 18565 ns, Total: 100633 ns
[2020-02-29T05:58:17.185+0000][1][safepoint    ] Safepoint "Cleanup", Time since last: 1001188022 ns, Reaching safepoint: 58222 ns, At safepoint: 5548 ns, Total: 63770 ns
[2020-02-29T05:58:18.190+0000][1][safepoint    ] Safepoint "Cleanup", Time since last: 1004252246 ns, Reaching safepoint: 59088 ns, At safepoint: 6497 ns, Total: 65585 ns
[2020-02-29T05:58:18.710+0000][1][safepoint    ] Safepoint "BulkRevokeBias", Time since last: 520705862 ns, Reaching safepoint: 84380 ns, At safepoint: 144004 ns, Total: 228384 ns
[2020-02-29T05:58:19.749+0000][1][safepoint    ] Safepoint "Cleanup", Time since last: 1038547169 ns, Reaching safepoint: 83143 ns, At safepoint: 9337 ns, Total: 92480 ns
[2020-02-29T05:58:20.750+0000][1][safepoint    ] Safepoint "Cleanup", Time since last: 1000338779 ns, Reaching safepoint: 58351 ns, At safepoint: 6976 ns, Total: 65327 ns
[2020-02-29T05:58:21.223+0000][1][safepoint    ] Safepoint "RevokeBias", Time since last: 473134331 ns, Reaching safepoint: 58367 ns, At safepoint: 17315 ns, Total: 75682 ns
[2020-02-29T05:58:22.223+0000][1][safepoint    ] Safepoint "Cleanup", Time since last: 1000653093 ns, Reaching safepoint: 107716 ns, At safepoint: 8073 ns, Total: 115789 ns
[2020-02-29T05:58:23.224+0000][1][safepoint    ] Safepoint "Cleanup", Time since last: 1000430876 ns, Reaching safepoint: 77205 ns, At safepoint: 8483 ns, Total: 85688 ns
[2020-02-29T05:58:23.744+0000][1][safepoint    ] Safepoint "RevokeBias", Time since last: 519641093 ns, Reaching safepoint: 54623 ns, At safepoint: 16560 ns, Total: 71183 ns
[2020-02-29T05:58:24.749+0000][1][safepoint    ] Safepoint "Cleanup", Time since last: 1005493049 ns, Reaching safepoint: 63392 ns, At safepoint: 6566 ns, Total: 69958 ns
[2020-02-29T05:58:25.751+0000][1][safepoint    ] Safepoint "Cleanup", Time since last: 1001987560 ns, Reaching safepoint: 92014 ns, At safepoint: 8033 ns, Total: 100047 ns
[2020-02-29T05:58:26.261+0000][1][safepoint    ] Safepoint "RevokeBias", Time since last: 510045411 ns, Reaching safepoint: 53831 ns, At safepoint: 15589 ns, Total: 69420 ns
[2020-02-29T05:58:27.266+0000][1][safepoint    ] Safepoint "Cleanup", Time since last: 1004894998 ns, Reaching safepoint: 60553 ns, At safepoint: 7384 ns, Total: 67937 ns
[2020-02-29T05:58:28.271+0000][1][safepoint    ] Safepoint "Cleanup", Time since last: 1004578899 ns, Reaching safepoint: 95128 ns, At safepoint: 7006 ns, Total: 102134 ns
[2020-02-29T05:58:28.780+0000][1][safepoint    ] Safepoint "RevokeBias", Time since last: 508690866 ns, Reaching safepoint: 76412 ns, At safepoint: 18973 ns, Total: 95385 ns
[2020-02-29T05:58:29.780+0000][1][safepoint    ] Safepoint "Cleanup", Time since last: 1000137521 ns, Reaching safepoint: 78086 ns, At safepoint: 8129 ns, Total: 86215 ns
[2020-02-29T05:58:30.783+0000][1][safepoint    ] Safepoint "Cleanup", Time since last: 1003211049 ns, Reaching safepoint: 104122 ns, At safepoint: 8676 ns, Total: 112798 ns
[2020-02-29T05:58:31.295+0000][1][safepoint    ] Safepoint "RevokeBias", Time since last: 511701433 ns, Reaching safepoint: 74471 ns, At safepoint: 18782 ns, Total: 93253 ns
[2020-02-29T05:58:32.298+0000][1][safepoint    ] Safepoint "Cleanup", Time since last: 1002692234 ns, Reaching safepoint: 70681 ns, At safepoint: 5946 ns, Total: 76627 ns
[2020-02-29T05:58:33.306+0000][1][safepoint    ] Safepoint "Cleanup", Time since last: 1008210715 ns, Reaching safepoint: 86284 ns, At safepoint: 5976 ns, Total: 92260 ns
[2020-02-29T05:58:33.827+0000][1][safepoint    ] Safepoint "RevokeBias", Time since last: 521040076 ns, Reaching safepoint: 69767 ns, At safepoint: 17232 ns, Total: 86999 ns
[2020-02-29T05:58:34.831+0000][1][safepoint    ] Safepoint "Cleanup", Time since last: 1003016660 ns, Reaching safepoint: 196724 ns, At safepoint: 6381 ns, Total: 203105 ns
[2020-02-29T05:58:35.837+0000][1][safepoint    ] Safepoint "Cleanup", Time since last: 1006205831 ns, Reaching safepoint: 76744 ns, At safepoint: 6526 ns, Total: 83270 ns
[2020-02-29T05:58:36.340+0000][1][safepoint    ] Safepoint "RevokeBias", Time since last: 503303674 ns, Reaching safepoint: 143968 ns, At safepoint: 35064 ns, Total: 179032 ns
[2020-02-29T05:58:37.341+0000][1][safepoint    ] Safepoint "Cleanup", Time since last: 1000829666 ns, Reaching safepoint: 89241 ns, At safepoint: 9551 ns, Total: 98792 ns
[2020-02-29T05:58:38.351+0000][1][safepoint    ] Safepoint "Cleanup", Time since last: 1009363258 ns, Reaching safepoint: 60789 ns, At safepoint: 6703 ns, Total: 67492 ns
[2020-02-29T05:58:38.866+0000][1][safepoint    ] Safepoint "RevokeBias", Time since last: 514801605 ns, Reaching safepoint: 92373 ns, At safepoint: 35129 ns, Total: 127502 ns
[2020-02-29T05:58:39.868+0000][1][safepoint    ] Safepoint "Cleanup", Time since last: 1001927422 ns, Reaching safepoint: 58992 ns, At safepoint: 7324 ns, Total: 66316 ns
[2020-02-29T05:58:40.870+0000][1][safepoint    ] Safepoint "Cleanup", Time since last: 1002313419 ns, Reaching safepoint: 87536 ns, At safepoint: 12363 ns, Total: 99899 ns
[2020-02-29T05:58:41.370+0000][1][safepoint    ] Safepoint "RevokeBias", Time since last: 499432344 ns, Reaching safepoint: 75405 ns, At safepoint: 20495 ns, Total: 95900 ns
[2020-02-29T05:58:42.376+0000][1][safepoint    ] Safepoint "Cleanup", Time since last: 1006708117 ns, Reaching safepoint: 60163 ns, At safepoint: 6289 ns, Total: 66452 ns
[2020-02-29T05:58:43.377+0000][1][safepoint    ] Safepoint "Cleanup", Time since last: 1000672279 ns, Reaching safepoint: 75084 ns, At safepoint: 6933 ns, Total: 82017 ns
[2020-02-29T05:58:43.884+0000][1][safepoint    ] Safepoint "RevokeBias", Time since last: 507033892 ns, Reaching safepoint: 70487 ns, At safepoint: 15718 ns, Total: 86205 ns
[2020-02-29T05:58:44.891+0000][1][safepoint    ] Safepoint "Cleanup", Time since last: 1006820093 ns, Reaching safepoint: 80332 ns, At safepoint: 8450 ns, Total: 88782 ns
[2020-02-29T05:58:45.897+0000][1][safepoint    ] Safepoint "Cleanup", Time since last: 1005735891 ns, Reaching safepoint: 62681 ns, At safepoint: 7782 ns, Total: 70463 ns
[2020-02-29T05:58:46.404+0000][1][safepoint    ] Safepoint "RevokeBias", Time since last: 506946115 ns, Reaching safepoint: 77524 ns, At safepoint: 17026 ns, Total: 94550 ns
[2020-02-29T05:58:47.410+0000][1][safepoint    ] Safepoint "Cleanup", Time since last: 1005724946 ns, Reaching safepoint: 180715 ns, At safepoint: 23659 ns, Total: 204374 ns
[2020-02-29T05:58:48.413+0000][1][safepoint    ] Safepoint "Cleanup", Time since last: 1003099150 ns, Reaching safepoint: 60722 ns, At safepoint: 6403 ns, Total: 67125 ns
[2020-02-29T05:58:48.910+0000][1][safepoint    ] Safepoint "RevokeBias", Time since last: 496325219 ns, Reaching safepoint: 117559 ns, At safepoint: 30442 ns, Total: 148001 ns
[2020-02-29T05:58:49.910+0000][1][safepoint    ] Safepoint "Cleanup", Time since last: 1000332443 ns, Reaching safepoint: 92123 ns, At safepoint: 9654 ns, Total: 101777 ns
[2020-02-29T05:58:50.910+0000][1][safepoint    ] Safepoint "Cleanup", Time since last: 1000249210 ns, Reaching safepoint: 90713 ns, At safepoint: 7627 ns, Total: 98340 ns
[2020-02-29T05:58:51.433+0000][1][safepoint    ] Safepoint "RevokeBias", Time since last: 522595026 ns, Reaching safepoint: 85877 ns, At safepoint: 22946 ns, Total: 108823 ns
[2020-02-29T05:58:52.441+0000][1][safepoint    ] Safepoint "Cleanup", Time since last: 1007878086 ns, Reaching safepoint: 62310 ns, At safepoint: 7729 ns, Total: 70039 ns
[2020-02-29T05:58:53.448+0000][1][safepoint    ] Safepoint "Cleanup", Time since last: 1007073816 ns, Reaching safepoint: 59619 ns, At safepoint: 7225 ns, Total: 66844 ns
[2020-02-29T05:58:53.957+0000][1][safepoint    ] Safepoint "RevokeBias", Time since last: 508947994 ns, Reaching safepoint: 70140 ns, At safepoint: 18554 ns, Total: 88694 ns
[2020-02-29T05:58:54.958+0000][1][safepoint    ] Safepoint "Cleanup", Time since last: 1000958033 ns, Reaching safepoint: 122947 ns, At safepoint: 21476 ns, Total: 144423 ns
[2020-02-29T05:58:55.959+0000][1][safepoint    ] Safepoint "Cleanup", Time since last: 1000681145 ns, Reaching safepoint: 104442 ns, At safepoint: 7603 ns, Total: 112045 ns
[2020-02-29T05:58:56.481+0000][1][safepoint    ] Safepoint "RevokeBias", Time since last: 521895056 ns, Reaching safepoint: 74392 ns, At safepoint: 18286 ns, Total: 92678 ns
[2020-02-29T05:58:57.482+0000][1][safepoint    ] Safepoint "Cleanup", Time since last: 1000595930 ns, Reaching safepoint: 75868 ns, At safepoint: 7787 ns, Total: 83655 ns
[2020-02-29T05:58:58.482+0000][1][safepoint    ] Safepoint "Cleanup", Time since last: 1000401308 ns, Reaching safepoint: 96248 ns, At safepoint: 7164 ns, Total: 103412 ns
[2020-02-29T05:58:59.002+0000][1][safepoint    ] Safepoint "RevokeBias", Time since last: 519095320 ns, Reaching safepoint: 78854 ns, At safepoint: 42719 ns, Total: 121573 ns
[2020-02-29T05:59:00.007+0000][1][safepoint    ] Safepoint "Cleanup", Time since last: 1005515263 ns, Reaching safepoint: 109412 ns, At safepoint: 12842 ns, Total: 122254 ns
[2020-02-29T05:59:01.014+0000][1][safepoint    ] Safepoint "Cleanup", Time since last: 1006237239 ns, Reaching safepoint: 111676 ns, At safepoint: 14316 ns, Total: 125992 ns
[2020-02-29T05:59:01.523+0000][1][safepoint    ] Safepoint "RevokeBias", Time since last: 508814485 ns, Reaching safepoint: 107728 ns, At safepoint: 90680 ns, Total: 198408 ns
[2020-02-29T05:59:02.528+0000][1][safepoint    ] Safepoint "Cleanup", Time since last: 1005529044 ns, Reaching safepoint: 84997 ns, At safepoint: 13556 ns, Total: 98553 ns
[2020-02-29T05:59:03.534+0000][1][safepoint    ] Safepoint "Cleanup", Time since last: 1006054710 ns, Reaching safepoint: 105509 ns, At safepoint: 14239 ns, Total: 119748 ns
[2020-02-29T05:59:04.056+0000][1][safepoint    ] Safepoint "RevokeBias", Time since last: 521445699 ns, Reaching safepoint: 185779 ns, At safepoint: 62102 ns, Total: 247881 ns
[2020-02-29T05:59:05.063+0000][1][safepoint    ] Safepoint "Cleanup", Time since last: 1007037135 ns, Reaching safepoint: 76456 ns, At safepoint: 7520 ns, Total: 83976 ns
[2020-02-29T05:59:06.066+0000][1][safepoint    ] Safepoint "Cleanup", Time since last: 1002666035 ns, Reaching safepoint: 87144 ns, At safepoint: 12334 ns, Total: 99478 ns
[2020-02-29T05:59:06.569+0000][1][safepoint    ] Safepoint "RevokeBias", Time since last: 503293976 ns, Reaching safepoint: 74040 ns, At safepoint: 18874 ns, Total: 92914 ns
[2020-02-29T05:59:07.572+0000][1][safepoint    ] Safepoint "Cleanup", Time since last: 1002145029 ns, Reaching safepoint: 66087 ns, At safepoint: 8646 ns, Total: 74733 ns
[2020-02-29T05:59:08.572+0000][1][safepoint    ] Safepoint "Cleanup", Time since last: 1000566964 ns, Reaching safepoint: 101936 ns, At safepoint: 9818 ns, Total: 111754 ns
[2020-02-29T05:59:09.087+0000][1][safepoint    ] Safepoint "RevokeBias", Time since last: 515140023 ns, Reaching safepoint: 53059 ns, At safepoint: 16740 ns, Total: 69799 ns
[2020-02-29T05:59:10.088+0000][1][safepoint    ] Safepoint "Cleanup", Time since last: 1000280374 ns, Reaching safepoint: 91634 ns, At safepoint: 10469 ns, Total: 102103 ns
[2020-02-29T05:59:11.088+0000][1][safepoint    ] Safepoint "Cleanup", Time since last: 1000300449 ns, Reaching safepoint: 84190 ns, At safepoint: 9072 ns, Total: 93262 ns
[2020-02-29T05:59:11.600+0000][1][safepoint    ] Safepoint "RevokeBias", Time since last: 511978438 ns, Reaching safepoint: 103262 ns, At safepoint: 17627 ns, Total: 120889 ns
[2020-02-29T05:59:12.608+0000][1][safepoint    ] Safepoint "Cleanup", Time since last: 1007177772 ns, Reaching safepoint: 58534 ns, At safepoint: 7652 ns, Total: 66186 ns
[2020-02-29T05:59:13.611+0000][1][safepoint    ] Safepoint "Cleanup", Time since last: 1003880086 ns, Reaching safepoint: 59874 ns, At safepoint: 6921 ns, Total: 66795 ns
[2020-02-29T05:59:14.127+0000][1][safepoint    ] Safepoint "RevokeBias", Time since last: 515586693 ns, Reaching safepoint: 71060 ns, At safepoint: 17542 ns, Total: 88602 ns
[2020-02-29T05:59:15.132+0000][1][safepoint    ] Safepoint "Cleanup", Time since last: 1004715834 ns, Reaching safepoint: 77496 ns, At safepoint: 6998 ns, Total: 84494 ns
[2020-02-29T05:59:16.133+0000][1][safepoint    ] Safepoint "Cleanup", Time since last: 1000839403 ns, Reaching safepoint: 76449 ns, At safepoint: 7633 ns, Total: 84082 ns
[2020-02-29T05:59:16.651+0000][1][safepoint    ] Safepoint "RevokeBias", Time since last: 518316096 ns, Reaching safepoint: 55029 ns, At safepoint: 16554 ns, Total: 71583 ns
[2020-02-29T05:59:17.652+0000][1][safepoint    ] Safepoint "Cleanup", Time since last: 1000648400 ns, Reaching safepoint: 73482 ns, At safepoint: 6555 ns, Total: 80037 ns
[2020-02-29T05:59:18.658+0000][1][safepoint    ] Safepoint "Cleanup", Time since last: 1005326276 ns, Reaching safepoint: 164034 ns, At safepoint: 6814 ns, Total: 170848 ns
[2020-02-29T05:59:19.177+0000][1][safepoint    ] Safepoint "RevokeBias", Time since last: 519667383 ns, Reaching safepoint: 53680 ns, At safepoint: 16354 ns, Total: 70034 ns
[2020-02-29T05:59:20.178+0000][1][safepoint    ] Safepoint "Cleanup", Time since last: 1001073416 ns, Reaching safepoint: 57140 ns, At safepoint: 6765 ns, Total: 63905 ns
[2020-02-29T05:59:21.179+0000][1][safepoint    ] Safepoint "Cleanup", Time since last: 1000786129 ns, Reaching safepoint: 75372 ns, At safepoint: 7907 ns, Total: 83279 ns
[2020-02-29T05:59:21.699+0000][1][safepoint    ] Safepoint "RevokeBias", Time since last: 519693857 ns, Reaching safepoint: 52814 ns, At safepoint: 16296 ns, Total: 69110 ns
[2020-02-29T05:59:22.700+0000][1][safepoint    ] Safepoint "Cleanup", Time since last: 1001156881 ns, Reaching safepoint: 60260 ns, At safepoint: 7487 ns, Total: 67747 ns
[2020-02-29T05:59:23.710+0000][1][safepoint    ] Safepoint "Cleanup", Time since last: 1009852522 ns, Reaching safepoint: 116155 ns, At safepoint: 16393 ns, Total: 132548 ns
[2020-02-29T05:59:24.226+0000][1][safepoint    ] Safepoint "RevokeBias", Time since last: 515333119 ns, Reaching safepoint: 56790 ns, At safepoint: 16818 ns, Total: 73608 ns
[2020-02-29T05:59:25.227+0000][1][safepoint    ] Safepoint "Cleanup", Time since last: 1001385666 ns, Reaching safepoint: 61866 ns, At safepoint: 7803 ns, Total: 69669 ns
[2020-02-29T05:59:26.229+0000][1][safepoint    ] Safepoint "Cleanup", Time since last: 1001485418 ns, Reaching safepoint: 84402 ns, At safepoint: 22018 ns, Total: 106420 ns
[2020-02-29T05:59:26.742+0000][1][safepoint    ] Safepoint "RevokeBias", Time since last: 512841684 ns, Reaching safepoint: 135316 ns, At safepoint: 48121 ns, Total: 183437 ns
[2020-02-29T05:59:27.742+0000][1][safepoint    ] Safepoint "Cleanup", Time since last: 1000407472 ns, Reaching safepoint: 82575 ns, At safepoint: 7919 ns, Total: 90494 ns
[2020-02-29T05:59:28.758+0000][1][safepoint    ] Safepoint "Cleanup", Time since last: 1015515748 ns, Reaching safepoint: 211538 ns, At safepoint: 13004 ns, Total: 224542 ns
[2020-02-29T05:59:29.265+0000][1][safepoint    ] Safepoint "RevokeBias", Time since last: 506726058 ns, Reaching safepoint: 112550 ns, At safepoint: 174260 ns, Total: 286810 ns
[2020-02-29T05:59:30.267+0000][1][safepoint    ] Safepoint "Cleanup", Time since last: 1001497758 ns, Reaching safepoint: 95587 ns, At safepoint: 8620 ns, Total: 104207 ns
[2020-02-29T05:59:31.269+0000][1][safepoint    ] Safepoint "Cleanup", Time since last: 1002236266 ns, Reaching safepoint: 394146 ns, At safepoint: 23487 ns, Total: 417633 ns
[2020-02-29T05:59:31.860+0000][1][safepoint    ] Safepoint "BulkRevokeBias", Time since last: 537392312 ns, Reaching safepoint: 109980 ns, At safepoint: 53358715 ns, Total: 53468695 ns
[2020-02-29T05:59:32.865+0000][1][safepoint    ] Safepoint "Cleanup", Time since last: 1005168291 ns, Reaching safepoint: 165787 ns, At safepoint: 20378 ns, Total: 186165 ns
[2020-02-29T05:59:33.874+0000][1][safepoint    ] Safepoint "Cleanup", Time since last: 1008836715 ns, Reaching safepoint: 85176 ns, At safepoint: 11164 ns, Total: 96340 ns
[2020-02-29T05:59:34.335+0000][1][safepoint    ] Safepoint "RevokeBias", Time since last: 460449954 ns, Reaching safepoint: 116360 ns, At safepoint: 23374 ns, Total: 139734 ns
[2020-02-29T05:59:35.336+0000][1][safepoint    ] Safepoint "Cleanup", Time since last: 1000725298 ns, Reaching safepoint: 245732 ns, At safepoint: 79994 ns, Total: 325726 ns
[2020-02-29T05:59:36.337+0000][1][safepoint    ] Safepoint "Cleanup", Time since last: 1000833112 ns, Reaching safepoint: 97051 ns, At safepoint: 6458 ns, Total: 103509 ns
[2020-02-29T05:59:36.851+0000][1][safepoint    ] Safepoint "RevokeBias", Time since last: 514128845 ns, Reaching safepoint: 115020 ns, At safepoint: 50913 ns, Total: 165933 ns
[2020-02-29T05:59:37.855+0000][1][safepoint    ] Safepoint "Cleanup", Time since last: 1004160143 ns, Reaching safepoint: 64284 ns, At safepoint: 6585 ns, Total: 70869 ns
[2020-02-29T05:59:38.858+0000][1][safepoint    ] Safepoint "Cleanup", Time since last: 1002647490 ns, Reaching safepoint: 75909 ns, At safepoint: 6298 ns, Total: 82207 ns
[2020-02-29T05:59:39.376+0000][1][safepoint    ] Safepoint "RevokeBias", Time since last: 518103092 ns, Reaching safepoint: 72413 ns, At safepoint: 17653 ns, Total: 90066 ns
[2020-02-29T05:59:40.385+0000][1][safepoint    ] Safepoint "Cleanup", Time since last: 1008821335 ns, Reaching safepoint: 74342 ns, At safepoint: 6836 ns, Total: 81178 ns
[2020-02-29T05:59:41.386+0000][1][safepoint    ] Safepoint "Cleanup", Time since last: 1000630135 ns, Reaching safepoint: 86729 ns, At safepoint: 5556 ns, Total: 92285 ns
[2020-02-29T05:59:41.885+0000][1][safepoint    ] Safepoint "RevokeBias", Time since last: 499213098 ns, Reaching safepoint: 74513 ns, At safepoint: 19206 ns, Total: 93719 ns
[2020-02-29T05:59:42.886+0000][1][safepoint    ] Safepoint "Cleanup", Time since last: 1000122519 ns, Reaching safepoint: 76835 ns, At safepoint: 7540 ns, Total: 84375 ns
[2020-02-29T05:59:43.888+0000][1][safepoint    ] Safepoint "Cleanup", Time since last: 1002745154 ns, Reaching safepoint: 80705 ns, At safepoint: 7343 ns, Total: 88048 ns
[2020-02-29T05:59:44.399+0000][1][safepoint    ] Safepoint "RevokeBias", Time since last: 510883332 ns, Reaching safepoint: 70416 ns, At safepoint: 17081 ns, Total: 87497 ns
[2020-02-29T05:59:45.400+0000][1][safepoint    ] Safepoint "Cleanup", Time since last: 1000479184 ns, Reaching safepoint: 61418 ns, At safepoint: 7165 ns, Total: 68583 ns
[2020-02-29T05:59:46.404+0000][1][safepoint    ] Safepoint "Cleanup", Time since last: 1004215100 ns, Reaching safepoint: 91887 ns, At safepoint: 25169 ns, Total: 117056 ns
[2020-02-29T05:59:46.922+0000][1][safepoint    ] Safepoint "RevokeBias", Time since last: 517753100 ns, Reaching safepoint: 76854 ns, At safepoint: 20711 ns, Total: 97565 ns
[2020-02-29T05:59:47.926+0000][1][safepoint    ] Safepoint "Cleanup", Time since last: 1003859634 ns, Reaching safepoint: 59664 ns, At safepoint: 7121 ns, Total: 66785 ns
[2020-02-29T05:59:48.935+0000][1][safepoint    ] Safepoint "Cleanup", Time since last: 1008857375 ns, Reaching safepoint: 114842 ns, At safepoint: 15226 ns, Total: 130068 ns
[2020-02-29T05:59:49.450+0000][1][safepoint    ] Safepoint "RevokeBias", Time since last: 514554364 ns, Reaching safepoint: 105826 ns, At safepoint: 28756 ns, Total: 134582 ns
[2020-02-29T05:59:50.451+0000][1][safepoint    ] Safepoint "Cleanup", Time since last: 1000857245 ns, Reaching safepoint: 129395 ns, At safepoint: 15260 ns, Total: 144655 ns
[2020-02-29T05:59:51.453+0000][1][safepoint    ] Safepoint "Cleanup", Time since last: 1002056562 ns, Reaching safepoint: 107106 ns, At safepoint: 11115 ns, Total: 118221 ns
[2020-02-29T05:59:52.005+0000][1][safepoint    ] Safepoint "RevokeBias", Time since last: 551701427 ns, Reaching safepoint: 99808 ns, At safepoint: 30388 ns, Total: 130196 ns
[2020-02-29T05:59:53.659+0000][1][safepoint    ] Safepoint "Cleanup", Time since last: 1654130963 ns, Reaching safepoint: 139551 ns, At safepoint: 17340 ns, Total: 156891 ns
[2020-02-29T05:59:54.527+0000][1][safepoint    ] Safepoint "RevokeBias", Time since last: 868112589 ns, Reaching safepoint: 90379 ns, At safepoint: 18712 ns, Total: 109091 ns
[2020-02-29T05:59:55.536+0000][1][safepoint    ] Safepoint "Cleanup", Time since last: 1008828184 ns, Reaching safepoint: 163435 ns, At safepoint: 7321 ns, Total: 170756 ns
[2020-02-29T05:59:56.537+0000][1][safepoint    ] Safepoint "Cleanup", Time since last: 1000892131 ns, Reaching safepoint: 79616 ns, At safepoint: 7539 ns, Total: 87155 ns
[2020-02-29T05:59:57.039+0000][1][safepoint    ] Safepoint "RevokeBias", Time since last: 501539471 ns, Reaching safepoint: 117665 ns, At safepoint: 16960 ns, Total: 134625 ns
[2020-02-29T05:59:58.043+0000][1][safepoint    ] Safepoint "Cleanup", Time since last: 1003049928 ns, Reaching safepoint: 812476 ns, At safepoint: 10070 ns, Total: 822546 ns
[2020-02-29T05:59:59.044+0000][1][safepoint    ] Safepoint "Cleanup", Time since last: 1001619164 ns, Reaching safepoint: 77975 ns, At safepoint: 7522 ns, Total: 85497 ns
[2020-02-29T05:59:59.550+0000][1][safepoint    ] Safepoint "RevokeBias", Time since last: 505627736 ns, Reaching safepoint: 69853 ns, At safepoint: 34012 ns, Total: 103865 ns
[2020-02-29T06:00:00.558+0000][1][safepoint    ] Safepoint "Cleanup", Time since last: 1007350598 ns, Reaching safepoint: 76389 ns, At safepoint: 7584 ns, Total: 83973 ns
[2020-02-29T06:00:01.559+0000][1][safepoint    ] Safepoint "Cleanup", Time since last: 1001590488 ns, Reaching safepoint: 78248 ns, At safepoint: 7969 ns, Total: 86217 ns
[2020-02-29T06:00:02.079+0000][1][safepoint    ] Safepoint "RevokeBias", Time since last: 519354761 ns, Reaching safepoint: 71728 ns, At safepoint: 18392 ns, Total: 90120 ns
[2020-02-29T06:00:03.081+0000][1][safepoint    ] Safepoint "Cleanup", Time since last: 1001707287 ns, Reaching safepoint: 91546 ns, At safepoint: 25522 ns, Total: 117068 ns
[2020-02-29T06:00:04.090+0000][1][safepoint    ] Safepoint "Cleanup", Time since last: 1009829028 ns, Reaching safepoint: 60910 ns, At safepoint: 6993 ns, Total: 67903 ns
[2020-02-29T06:00:04.595+0000][1][safepoint    ] Safepoint "RevokeBias", Time since last: 504859885 ns, Reaching safepoint: 184272 ns, At safepoint: 21588 ns, Total: 205860 ns
[2020-02-29T06:00:05.596+0000][1][safepoint    ] Safepoint "Cleanup", Time since last: 1000544937 ns, Reaching safepoint: 203842 ns, At safepoint: 26874 ns, Total: 230716 ns
[2020-02-29T06:00:06.603+0000][1][safepoint    ] Safepoint "Cleanup", Time since last: 1006872338 ns, Reaching safepoint: 81498 ns, At safepoint: 8099 ns, Total: 89597 ns
[2020-02-29T06:00:07.112+0000][1][safepoint    ] Safepoint "RevokeBias", Time since last: 508195075 ns, Reaching safepoint: 107397 ns, At safepoint: 17739 ns, Total: 125136 ns
[2020-02-29T06:00:08.113+0000][1][safepoint    ] Safepoint "Cleanup", Time since last: 1001627761 ns, Reaching safepoint: 133287 ns, At safepoint: 6965 ns, Total: 140252 ns
[2020-02-29T06:00:09.117+0000][1][safepoint    ] Safepoint "Cleanup", Time since last: 1003447785 ns, Reaching safepoint: 126855 ns, At safepoint: 7767 ns, Total: 134622 ns
[2020-02-29T06:00:09.633+0000][1][safepoint    ] Safepoint "RevokeBias", Time since last: 516266446 ns, Reaching safepoint: 51488 ns, At safepoint: 16415 ns, Total: 67903 ns
[2020-02-29T06:00:10.636+0000][1][safepoint    ] Safepoint "Cleanup", Time since last: 1002191641 ns, Reaching safepoint: 86969 ns, At safepoint: 8722 ns, Total: 95691 ns
[2020-02-29T06:00:11.639+0000][1][safepoint    ] Safepoint "Cleanup", Time since last: 1003083655 ns, Reaching safepoint: 76491 ns, At safepoint: 7658 ns, Total: 84149 ns
[2020-02-29T06:00:12.154+0000][1][safepoint    ] Safepoint "RevokeBias", Time since last: 515055520 ns, Reaching safepoint: 71631 ns, At safepoint: 17195 ns, Total: 88826 ns
[2020-02-29T06:00:13.156+0000][1][safepoint    ] Safepoint "Cleanup", Time since last: 1002477706 ns, Reaching safepoint: 119967 ns, At safepoint: 8263 ns, Total: 128230 ns
[2020-02-29T06:00:14.157+0000][1][safepoint    ] Safepoint "Cleanup", Time since last: 1000433080 ns, Reaching safepoint: 95570 ns, At safepoint: 7097 ns, Total: 102667 ns
[2020-02-29T06:00:14.671+0000][1][safepoint    ] Safepoint "RevokeBias", Time since last: 513892387 ns, Reaching safepoint: 100517 ns, At safepoint: 20480 ns, Total: 120997 ns
[2020-02-29T06:00:15.672+0000][1][safepoint    ] Safepoint "Cleanup", Time since last: 1000588369 ns, Reaching safepoint: 75516 ns, At safepoint: 7093 ns, Total: 82609 ns
[2020-02-29T06:00:16.679+0000][1][safepoint    ] Safepoint "Cleanup", Time since last: 1007548061 ns, Reaching safepoint: 61044 ns, At safepoint: 7649 ns, Total: 68693 ns
[2020-02-29T06:00:17.186+0000][1][safepoint    ] Safepoint "RevokeBias", Time since last: 506950340 ns, Reaching safepoint: 71974 ns, At safepoint: 18107 ns, Total: 90081 ns
[2020-02-29T06:00:18.188+0000][1][safepoint    ] Safepoint "Cleanup", Time since last: 1001433220 ns, Reaching safepoint: 75322 ns, At safepoint: 6988 ns, Total: 82310 ns
[2020-02-29T06:00:19.195+0000][1][safepoint    ] Safepoint "Cleanup", Time since last: 1007261662 ns, Reaching safepoint: 62553 ns, At safepoint: 7478 ns, Total: 70031 ns
[2020-02-29T06:00:19.701+0000][1][safepoint    ] Safepoint "RevokeBias", Time since last: 505300540 ns, Reaching safepoint: 70256 ns, At safepoint: 17472 ns, Total: 87728 ns
[2020-02-29T06:00:20.701+0000][1][safepoint    ] Safepoint "Cleanup", Time since last: 1000315835 ns, Reaching safepoint: 90730 ns, At safepoint: 6535 ns, Total: 97265 ns
[2020-02-29T06:00:21.704+0000][1][safepoint    ] Safepoint "Cleanup", Time since last: 1003296336 ns, Reaching safepoint: 76978 ns, At safepoint: 6876 ns, Total: 83854 ns
[2020-02-29T06:00:22.211+0000][1][safepoint    ] Safepoint "RevokeBias", Time since last: 506947625 ns, Reaching safepoint: 73417 ns, At safepoint: 18029 ns, Total: 91446 ns
[2020-02-29T06:00:23.212+0000][1][safepoint    ] Safepoint "Cleanup", Time since last: 1000731745 ns, Reaching safepoint: 62317 ns, At safepoint: 7092 ns, Total: 69409 ns
[2020-02-29T06:00:24.219+0000][1][safepoint    ] Safepoint "Cleanup", Time since last: 1006562885 ns, Reaching safepoint: 71404 ns, At safepoint: 7029 ns, Total: 78433 ns
[2020-02-29T06:00:24.724+0000][1][safepoint    ] Safepoint "RevokeBias", Time since last: 505085784 ns, Reaching safepoint: 113016 ns, At safepoint: 19965 ns, Total: 132981 ns
[2020-02-29T06:00:25.725+0000][1][safepoint    ] Safepoint "Cleanup", Time since last: 1001204821 ns, Reaching safepoint: 60529 ns, At safepoint: 7319 ns, Total: 67848 ns
[2020-02-29T06:00:26.729+0000][1][safepoint    ] Safepoint "Cleanup", Time since last: 1003912934 ns, Reaching safepoint: 107649 ns, At safepoint: 7340 ns, Total: 114989 ns
[2020-02-29T06:00:27.249+0000][1][gc,start     ] GC(62) Pause Young (Allocation Failure)
[2020-02-29T06:00:27.249+0000][1][gc,task      ] GC(62) Using 1 workers of 1 for evacuation
[2020-02-29T06:00:27.265+0000][1][gc,age       ] GC(62) Desired survivor size 4358144 bytes, new threshold 6 (max threshold 6)
[2020-02-29T06:00:27.265+0000][1][gc,age       ] GC(62) Age table with threshold 6 (max threshold 6)
[2020-02-29T06:00:27.265+0000][1][gc,age       ] GC(62) - age   1:      12856 bytes,      12856 total
[2020-02-29T06:00:27.265+0000][1][gc,age       ] GC(62) - age   3:        256 bytes,      13112 total
[2020-02-29T06:00:27.265+0000][1][gc,age       ] GC(62) - age   4:        240 bytes,      13352 total
[2020-02-29T06:00:27.265+0000][1][gc,age       ] GC(62) - age   5:        552 bytes,      13904 total
[2020-02-29T06:00:27.265+0000][1][gc,age       ] GC(62) - age   6:      17360 bytes,      31264 total
[2020-02-29T06:00:27.265+0000][1][gc,heap      ] GC(62) ParNew: 68201K->40K(76672K)
[2020-02-29T06:00:27.266+0000][1][gc,heap      ] GC(62) CMS: 62534K->62545K(963392K)
[2020-02-29T06:00:27.266+0000][1][gc,metaspace ] GC(62) Metaspace: 79690K->79690K(1122304K)
[2020-02-29T06:00:27.266+0000][1][gc           ] GC(62) Pause Young (Allocation Failure) 127M->61M(1015M) 16.485ms
[2020-02-29T06:00:27.266+0000][1][gc,cpu       ] GC(62) User=0.01s Sys=0.00s Real=0.02s
[2020-02-29T06:00:27.266+0000][1][safepoint    ] Safepoint "GenCollectForAllocation", Time since last: 519652528 ns, Reaching safepoint: 60822 ns, At safepoint: 16542831 ns, Total: 16603653 ns
[2020-02-29T06:00:27.267+0000][1][safepoint    ] Safepoint "RevokeBias", Time since last: 1241882 ns, Reaching safepoint: 79644 ns, At safepoint: 16250 ns, Total: 95894 ns
[2020-02-29T06:00:28.269+0000][1][safepoint    ] Safepoint "Cleanup", Time since last: 1001865381 ns, Reaching safepoint: 89120 ns, At safepoint: 26819 ns, Total: 115939 ns
[2020-02-29T06:00:29.273+0000][1][safepoint    ] Safepoint "Cleanup", Time since last: 1004412612 ns, Reaching safepoint: 60335 ns, At safepoint: 6852 ns, Total: 67187 ns
[2020-02-29T06:00:29.777+0000][1][safepoint    ] Safepoint "RevokeBias", Time since last: 503565273 ns, Reaching safepoint: 141759 ns, At safepoint: 33884 ns, Total: 175643 ns
[2020-02-29T06:00:30.778+0000][1][safepoint    ] Safepoint "Cleanup", Time since last: 1000590691 ns, Reaching safepoint: 139765 ns, At safepoint: 9444 ns, Total: 149209 ns
[2020-02-29T06:00:31.779+0000][1][safepoint    ] Safepoint "Cleanup", Time since last: 1000740908 ns, Reaching safepoint: 121923 ns, At safepoint: 9598 ns, Total: 131521 ns
[2020-02-29T06:00:32.335+0000][1][safepoint    ] Safepoint "RevokeBias", Time since last: 556568792 ns, Reaching safepoint: 73466 ns, At safepoint: 18366 ns, Total: 91832 ns
[2020-02-29T06:00:33.565+0000][1][safepoint    ] Safepoint "Cleanup", Time since last: 1229790653 ns, Reaching safepoint: 170124 ns, At safepoint: 7790 ns, Total: 177914 ns
[2020-02-29T06:00:34.572+0000][1][safepoint    ] Safepoint "Cleanup", Time since last: 1006344616 ns, Reaching safepoint: 77706 ns, At safepoint: 7194 ns, Total: 84900 ns
[2020-02-29T06:00:34.874+0000][1][safepoint    ] Safepoint "RevokeBias", Time since last: 302148168 ns, Reaching safepoint: 70950 ns, At safepoint: 17116 ns, Total: 88066 ns
[2020-02-29T06:00:35.876+0000][1][safepoint    ] Safepoint "Cleanup", Time since last: 1002105032 ns, Reaching safepoint: 78889 ns, At safepoint: 7545 ns, Total: 86434 ns
[2020-02-29T06:00:36.877+0000][1][safepoint    ] Safepoint "Cleanup", Time since last: 1000602350 ns, Reaching safepoint: 73462 ns, At safepoint: 6017 ns, Total: 79479 ns
[2020-02-29T06:00:37.449+0000][1][safepoint    ] Safepoint "RevokeBias", Time since last: 572077719 ns, Reaching safepoint: 70175 ns, At safepoint: 17923 ns, Total: 88098 ns
[2020-02-29T06:00:38.450+0000][1][safepoint    ] Safepoint "Cleanup", Time since last: 1001115293 ns, Reaching safepoint: 74404 ns, At safepoint: 5882 ns, Total: 80286 ns
[2020-02-29T06:00:39.451+0000][1][safepoint    ] Safepoint "Cleanup", Time since last: 1000493301 ns, Reaching safepoint: 100473 ns, At safepoint: 7906 ns, Total: 108379 ns
[2020-02-29T06:00:39.962+0000][1][safepoint    ] Safepoint "RevokeBias", Time since last: 511367996 ns, Reaching safepoint: 69263 ns, At safepoint: 17091 ns, Total: 86354 ns
[2020-02-29T06:00:40.966+0000][1][safepoint    ] Safepoint "Cleanup", Time since last: 1003700369 ns, Reaching safepoint: 76034 ns, At safepoint: 7245 ns, Total: 83279 ns
[2020-02-29T06:00:41.973+0000][1][safepoint    ] Safepoint "Cleanup", Time since last: 1007025234 ns, Reaching safepoint: 62868 ns, At safepoint: 8090 ns, Total: 70958 ns
[2020-02-29T06:00:42.476+0000][1][safepoint    ] Safepoint "RevokeBias", Time since last: 502754386 ns, Reaching safepoint: 74701 ns, At safepoint: 18356 ns, Total: 93057 ns
[2020-02-29T06:00:43.477+0000][1][safepoint    ] Safepoint "Cleanup", Time since last: 1000605263 ns, Reaching safepoint: 80496 ns, At safepoint: 8269 ns, Total: 88765 ns
[2020-02-29T06:00:44.477+0000][1][safepoint    ] Safepoint "Cleanup", Time since last: 1000563783 ns, Reaching safepoint: 93450 ns, At safepoint: 7680 ns, Total: 101130 ns
[2020-02-29T06:00:45.126+0000][1][safepoint    ] Safepoint "BulkRevokeBias", Time since last: 648381303 ns, Reaching safepoint: 90190 ns, At safepoint: 220309 ns, Total: 310499 ns
[2020-02-29T06:00:46.131+0000][1][safepoint    ] Safepoint "Cleanup", Time since last: 1005239220 ns, Reaching safepoint: 77311 ns, At safepoint: 7780 ns, Total: 85091 ns
[2020-02-29T06:00:47.132+0000][1][safepoint    ] Safepoint "Cleanup", Time since last: 1000385516 ns, Reaching safepoint: 61321 ns, At safepoint: 6738 ns, Total: 68059 ns
[2020-02-29T06:00:47.644+0000][1][safepoint    ] Safepoint "RevokeBias", Time since last: 512186285 ns, Reaching safepoint: 74189 ns, At safepoint: 32180 ns, Total: 106369 ns
[2020-02-29T06:00:48.655+0000][1][safepoint    ] Safepoint "Cleanup", Time since last: 1011015681 ns, Reaching safepoint: 61107 ns, At safepoint: 6237 ns, Total: 67344 ns
[2020-02-29T06:00:49.663+0000][1][safepoint    ] Safepoint "Cleanup", Time since last: 1007918891 ns, Reaching safepoint: 84693 ns, At safepoint: 21134 ns, Total: 105827 ns
[2020-02-29T06:00:50.162+0000][1][safepoint    ] Safepoint "RevokeBias", Time since last: 498983127 ns, Reaching safepoint: 55947 ns, At safepoint: 17563 ns, Total: 73510 ns
[2020-02-29T06:00:51.170+0000][1][safepoint    ] Safepoint "Cleanup", Time since last: 1007876989 ns, Reaching safepoint: 78468 ns, At safepoint: 7750 ns, Total: 86218 ns
[2020-02-29T06:00:52.172+0000][1][safepoint    ] Safepoint "Cleanup", Time since last: 1001567207 ns, Reaching safepoint: 77007 ns, At safepoint: 7214 ns, Total: 84221 ns
[2020-02-29T06:00:52.684+0000][1][safepoint    ] Safepoint "RevokeBias", Time since last: 512059870 ns, Reaching safepoint: 71784 ns, At safepoint: 18386 ns, Total: 90170 ns
[2020-02-29T06:00:53.692+0000][1][safepoint    ] Safepoint "Cleanup", Time since last: 1007733954 ns, Reaching safepoint: 78318 ns, At safepoint: 7143 ns, Total: 85461 ns
[2020-02-29T06:00:54.693+0000][1][safepoint    ] Safepoint "Cleanup", Time since last: 1001397135 ns, Reaching safepoint: 75929 ns, At safepoint: 7365 ns, Total: 83294 ns
[2020-02-29T06:00:55.206+0000][1][safepoint    ] Safepoint "RevokeBias", Time since last: 512485717 ns, Reaching safepoint: 108572 ns, At safepoint: 26910 ns, Total: 135482 ns
[2020-02-29T06:00:56.215+0000][1][safepoint    ] Safepoint "Cleanup", Time since last: 1009080699 ns, Reaching safepoint: 77207 ns, At safepoint: 7834 ns, Total: 85041 ns
[2020-02-29T06:00:57.716+0000][1][safepoint    ] Safepoint "Cleanup", Time since last: 1500637139 ns, Reaching safepoint: 77725 ns, At safepoint: 6878 ns, Total: 84603 ns
[2020-02-29T06:00:57.720+0000][1][safepoint    ] Safepoint "RevokeBias", Time since last: 4496863 ns, Reaching safepoint: 69588 ns, At safepoint: 18585 ns, Total: 88173 ns
[2020-02-29T06:00:58.728+0000][1][safepoint    ] Safepoint "Cleanup", Time since last: 1007724482 ns, Reaching safepoint: 91990 ns, At safepoint: 6664 ns, Total: 98654 ns
[2020-02-29T06:00:59.732+0000][1][safepoint    ] Safepoint "Cleanup", Time since last: 1003840399 ns, Reaching safepoint: 77840 ns, At safepoint: 6776 ns, Total: 84616 ns
[2020-02-29T06:01:00.238+0000][1][safepoint    ] Safepoint "RevokeBias", Time since last: 505297632 ns, Reaching safepoint: 73286 ns, At safepoint: 34919 ns, Total: 108205 ns
[2020-02-29T06:01:01.238+0000][1][safepoint    ] Safepoint "Cleanup", Time since last: 1000211195 ns, Reaching safepoint: 77667 ns, At safepoint: 7730 ns, Total: 85397 ns
[2020-02-29T06:01:02.244+0000][1][safepoint    ] Safepoint "Cleanup", Time since last: 1005803287 ns, Reaching safepoint: 74987 ns, At safepoint: 7391 ns, Total: 82378 ns
[2020-02-29T06:01:02.757+0000][1][safepoint    ] Safepoint "RevokeBias", Time since last: 512780082 ns, Reaching safepoint: 74784 ns, At safepoint: 21179 ns, Total: 95963 ns
[2020-02-29T06:01:03.757+0000][1][safepoint    ] Safepoint "Cleanup", Time since last: 1000299842 ns, Reaching safepoint: 98656 ns, At safepoint: 7479 ns, Total: 106135 ns
[2020-02-29T06:01:04.760+0000][1][safepoint    ] Safepoint "Cleanup", Time since last: 1003091351 ns, Reaching safepoint: 61789 ns, At safepoint: 6611 ns, Total: 68400 ns
[2020-02-29T06:01:05.270+0000][1][safepoint    ] Safepoint "RevokeBias", Time since last: 509885639 ns, Reaching safepoint: 78024 ns, At safepoint: 20037 ns, Total: 98061 ns
[2020-02-29T06:01:06.271+0000][1][safepoint    ] Safepoint "Cleanup", Time since last: 1000460568 ns, Reaching safepoint: 92896 ns, At safepoint: 7455 ns, Total: 100351 ns
[2020-02-29T06:01:07.276+0000][1][safepoint    ] Safepoint "Cleanup", Time since last: 1005408518 ns, Reaching safepoint: 56681 ns, At safepoint: 5357 ns, Total: 62038 ns
[2020-02-29T06:01:07.780+0000][1][safepoint    ] Safepoint "RevokeBias", Time since last: 503937924 ns, Reaching safepoint: 86993 ns, At safepoint: 18160 ns, Total: 105153 ns
[2020-02-29T06:01:08.781+0000][1][safepoint    ] Safepoint "Cleanup", Time since last: 1000802358 ns, Reaching safepoint: 76174 ns, At safepoint: 7081 ns, Total: 83255 ns
[2020-02-29T06:01:09.784+0000][1][safepoint    ] Safepoint "Cleanup", Time since last: 1002959272 ns, Reaching safepoint: 76105 ns, At safepoint: 7211 ns, Total: 83316 ns
[2020-02-29T06:01:10.294+0000][1][safepoint    ] Safepoint "RevokeBias", Time since last: 510038455 ns, Reaching safepoint: 72607 ns, At safepoint: 19666 ns, Total: 92273 ns
[2020-02-29T06:01:11.295+0000][1][safepoint    ] Safepoint "Cleanup", Time since last: 1000630918 ns, Reaching safepoint: 76152 ns, At safepoint: 5988 ns, Total: 82140 ns
[2020-02-29T06:01:12.298+0000][1][safepoint    ] Safepoint "Cleanup", Time since last: 1002965241 ns, Reaching safepoint: 76270 ns, At safepoint: 7034 ns, Total: 83304 ns
[2020-02-29T06:01:12.805+0000][1][safepoint    ] Safepoint "RevokeBias", Time since last: 507234006 ns, Reaching safepoint: 71682 ns, At safepoint: 17929 ns, Total: 89611 ns
[2020-02-29T06:01:13.809+0000][1][safepoint    ] Safepoint "Cleanup", Time since last: 1003403509 ns, Reaching safepoint: 76514 ns, At safepoint: 7190 ns, Total: 83704 ns
[2020-02-29T06:01:14.812+0000][1][safepoint    ] Safepoint "Cleanup", Time since last: 1002919361 ns, Reaching safepoint: 103474 ns, At safepoint: 6476 ns, Total: 109950 ns
[2020-02-29T06:01:15.319+0000][1][safepoint    ] Safepoint "RevokeBias", Time since last: 507097226 ns, Reaching safepoint: 53930 ns, At safepoint: 18047 ns, Total: 71977 ns
[2020-02-29T06:01:16.320+0000][1][safepoint    ] Safepoint "Cleanup", Time since last: 1000676060 ns, Reaching safepoint: 59444 ns, At safepoint: 7200 ns, Total: 66644 ns
[2020-02-29T06:01:17.320+0000][1][safepoint    ] Safepoint "Cleanup", Time since last: 1000077044 ns, Reaching safepoint: 78115 ns, At safepoint: 6890 ns, Total: 85005 ns
[2020-02-29T06:01:17.828+0000][1][safepoint    ] Safepoint "RevokeBias", Time since last: 507652219 ns, Reaching safepoint: 69639 ns, At safepoint: 17338 ns, Total: 86977 ns
[2020-02-29T06:01:18.833+0000][1][safepoint    ] Safepoint "Cleanup", Time since last: 1005424918 ns, Reaching safepoint: 76809 ns, At safepoint: 6939 ns, Total: 83748 ns
[2020-02-29T06:01:19.835+0000][1][safepoint    ] Safepoint "Cleanup", Time since last: 1001362680 ns, Reaching safepoint: 75687 ns, At safepoint: 7088 ns, Total: 82775 ns
[2020-02-29T06:01:20.343+0000][1][safepoint    ] Safepoint "RevokeBias", Time since last: 507670071 ns, Reaching safepoint: 80168 ns, At safepoint: 21408 ns, Total: 101576 ns
[2020-02-29T06:01:21.345+0000][1][safepoint    ] Safepoint "Cleanup", Time since last: 1001968420 ns, Reaching safepoint: 79191 ns, At safepoint: 7545 ns, Total: 86736 ns
[2020-02-29T06:01:22.346+0000][1][safepoint    ] Safepoint "Cleanup", Time since last: 1001482425 ns, Reaching safepoint: 76765 ns, At safepoint: 7755 ns, Total: 84520 ns
[2020-02-29T06:01:22.854+0000][1][safepoint    ] Safepoint "RevokeBias", Time since last: 507886154 ns, Reaching safepoint: 54569 ns, At safepoint: 16164 ns, Total: 70733 ns
[2020-02-29T06:01:23.857+0000][1][safepoint    ] Safepoint "Cleanup", Time since last: 1003152144 ns, Reaching safepoint: 93505 ns, At safepoint: 7995 ns, Total: 101500 ns
[2020-02-29T06:01:24.858+0000][1][safepoint    ] Safepoint "Cleanup", Time since last: 1000772570 ns, Reaching safepoint: 60465 ns, At safepoint: 6694 ns, Total: 67159 ns
[2020-02-29T06:01:25.369+0000][1][safepoint    ] Safepoint "RevokeBias", Time since last: 510348339 ns, Reaching safepoint: 79152 ns, At safepoint: 20946 ns, Total: 100098 ns
[2020-02-29T06:01:26.374+0000][1][safepoint    ] Safepoint "Cleanup", Time since last: 1005039437 ns, Reaching safepoint: 80352 ns, At safepoint: 7912 ns, Total: 88264 ns
[2020-02-29T06:01:27.772+0000][1][safepoint    ] Safepoint "Cleanup", Time since last: 1398197671 ns, Reaching safepoint: 79866 ns, At safepoint: 7409 ns, Total: 87275 ns
[2020-02-29T06:01:27.884+0000][1][safepoint    ] Safepoint "RevokeBias", Time since last: 111550486 ns, Reaching safepoint: 169143 ns, At safepoint: 22063 ns, Total: 191206 ns
[2020-02-29T06:01:28.889+0000][1][safepoint    ] Safepoint "Cleanup", Time since last: 1005222361 ns, Reaching safepoint: 96444 ns, At safepoint: 8012 ns, Total: 104456 ns
[2020-02-29T06:01:29.892+0000][1][safepoint    ] Safepoint "Cleanup", Time since last: 1002876958 ns, Reaching safepoint: 99372 ns, At safepoint: 7425 ns, Total: 106797 ns
[2020-02-29T06:01:30.401+0000][1][safepoint    ] Safepoint "RevokeBias", Time since last: 508830212 ns, Reaching safepoint: 67989 ns, At safepoint: 33278 ns, Total: 101267 ns
[2020-02-29T06:01:31.405+0000][1][safepoint    ] Safepoint "Cleanup", Time since last: 1004110876 ns, Reaching safepoint: 76681 ns, At safepoint: 7535 ns, Total: 84216 ns
[2020-02-29T06:01:32.409+0000][1][safepoint    ] Safepoint "Cleanup", Time since last: 1003535939 ns, Reaching safepoint: 75078 ns, At safepoint: 5752 ns, Total: 80830 ns
[2020-02-29T06:01:32.914+0000][1][safepoint    ] Safepoint "RevokeBias", Time since last: 504905071 ns, Reaching safepoint: 69865 ns, At safepoint: 18027 ns, Total: 87892 ns
[2020-02-29T06:01:33.915+0000][1][safepoint    ] Safepoint "Cleanup", Time since last: 1001211227 ns, Reaching safepoint: 77109 ns, At safepoint: 6780 ns, Total: 83889 ns
[2020-02-29T06:01:34.917+0000][1][safepoint    ] Safepoint "Cleanup", Time since last: 1002096555 ns, Reaching safepoint: 59386 ns, At safepoint: 7518 ns, Total: 66904 ns
[2020-02-29T06:01:35.427+0000][1][safepoint    ] Safepoint "RevokeBias", Time since last: 509559031 ns, Reaching safepoint: 99601 ns, At safepoint: 60436 ns, Total: 160037 ns
[2020-02-29T06:01:36.430+0000][1][safepoint    ] Safepoint "Cleanup", Time since last: 1002955221 ns, Reaching safepoint: 72327 ns, At safepoint: 5803 ns, Total: 78130 ns
[2020-02-29T06:01:37.435+0000][1][safepoint    ] Safepoint "Cleanup", Time since last: 1004987279 ns, Reaching safepoint: 74921 ns, At safepoint: 6990 ns, Total: 81911 ns
[2020-02-29T06:01:37.938+0000][1][safepoint    ] Safepoint "RevokeBias", Time since last: 503081674 ns, Reaching safepoint: 52214 ns, At safepoint: 15475 ns, Total: 67689 ns
[2020-02-29T06:01:38.940+0000][1][safepoint    ] Safepoint "Cleanup", Time since last: 1001508075 ns, Reaching safepoint: 193385 ns, At safepoint: 7929 ns, Total: 201314 ns
[2020-02-29T06:01:39.941+0000][1][safepoint    ] Safepoint "Cleanup", Time since last: 1001215038 ns, Reaching safepoint: 134304 ns, At safepoint: 9383 ns, Total: 143687 ns
[2020-02-29T06:01:40.451+0000][1][safepoint    ] Safepoint "RevokeBias", Time since last: 509861331 ns, Reaching safepoint: 71052 ns, At safepoint: 18032 ns, Total: 89084 ns
[2020-02-29T06:01:41.458+0000][1][safepoint    ] Safepoint "Cleanup", Time since last: 1006812657 ns, Reaching safepoint: 80704 ns, At safepoint: 6027 ns, Total: 86731 ns
[2020-02-29T06:01:42.461+0000][1][safepoint    ] Safepoint "Cleanup", Time since last: 1002823917 ns, Reaching safepoint: 97342 ns, At safepoint: 21683 ns, Total: 119025 ns
[2020-02-29T06:01:42.962+0000][1][safepoint    ] Safepoint "RevokeBias", Time since last: 501159224 ns, Reaching safepoint: 72183 ns, At safepoint: 19829 ns, Total: 92012 ns
[2020-02-29T06:01:43.968+0000][1][safepoint    ] Safepoint "Cleanup", Time since last: 1005696044 ns, Reaching safepoint: 77802 ns, At safepoint: 7544 ns, Total: 85346 ns
[2020-02-29T06:01:44.971+0000][1][safepoint    ] Safepoint "Cleanup", Time since last: 1002791510 ns, Reaching safepoint: 179779 ns, At safepoint: 23817 ns, Total: 203596 ns
[2020-02-29T06:01:45.475+0000][1][safepoint    ] Safepoint "RevokeBias", Time since last: 503478836 ns, Reaching safepoint: 71557 ns, At safepoint: 23671 ns, Total: 95228 ns
[2020-02-29T06:01:46.483+0000][1][safepoint    ] Safepoint "Cleanup", Time since last: 1008254571 ns, Reaching safepoint: 60400 ns, At safepoint: 7311 ns, Total: 67711 ns
[2020-02-29T06:01:47.485+0000][1][safepoint    ] Safepoint "Cleanup", Time since last: 1001827514 ns, Reaching safepoint: 78250 ns, At safepoint: 7705 ns, Total: 85955 ns
[2020-02-29T06:01:47.990+0000][1][safepoint    ] Safepoint "RevokeBias", Time since last: 505288838 ns, Reaching safepoint: 71699 ns, At safepoint: 17489 ns, Total: 89188 ns
[2020-02-29T06:01:48.991+0000][1][safepoint    ] Safepoint "Cleanup", Time since last: 1000546519 ns, Reaching safepoint: 59677 ns, At safepoint: 7128 ns, Total: 66805 ns
[2020-02-29T06:01:49.995+0000][1][safepoint    ] Safepoint "Cleanup", Time since last: 1003912871 ns, Reaching safepoint: 64604 ns, At safepoint: 8162 ns, Total: 72766 ns
[2020-02-29T06:01:50.503+0000][1][safepoint    ] Safepoint "RevokeBias", Time since last: 508421948 ns, Reaching safepoint: 73023 ns, At safepoint: 19044 ns, Total: 92067 ns
[2020-02-29T06:01:51.504+0000][1][safepoint    ] Safepoint "Cleanup", Time since last: 1000444113 ns, Reaching safepoint: 138232 ns, At safepoint: 11150 ns, Total: 149382 ns
[2020-02-29T06:01:52.510+0000][1][safepoint    ] Safepoint "Cleanup", Time since last: 1005664073 ns, Reaching safepoint: 60187 ns, At safepoint: 7493 ns, Total: 67680 ns
[2020-02-29T06:01:53.015+0000][1][safepoint    ] Safepoint "RevokeBias", Time since last: 504650456 ns, Reaching safepoint: 71941 ns, At safepoint: 17512 ns, Total: 89453 ns
[2020-02-29T06:01:54.019+0000][1][safepoint    ] Safepoint "Cleanup", Time since last: 1004496587 ns, Reaching safepoint: 298997 ns, At safepoint: 12053 ns, Total: 311050 ns
[2020-02-29T06:01:55.022+0000][1][safepoint    ] Safepoint "Cleanup", Time since last: 1002618453 ns, Reaching safepoint: 80333 ns, At safepoint: 7508 ns, Total: 87841 ns
[2020-02-29T06:01:55.527+0000][1][safepoint    ] Safepoint "RevokeBias", Time since last: 505251767 ns, Reaching safepoint: 70367 ns, At safepoint: 18301 ns, Total: 88668 ns
[2020-02-29T06:01:56.533+0000][1][safepoint    ] Safepoint "Cleanup", Time since last: 1005438858 ns, Reaching safepoint: 74494 ns, At safepoint: 6832 ns, Total: 81326 ns
[2020-02-29T06:01:57.542+0000][1][safepoint    ] Safepoint "Cleanup", Time since last: 1008972998 ns, Reaching safepoint: 77003 ns, At safepoint: 7916 ns, Total: 84919 ns
[2020-02-29T06:01:58.438+0000][1][safepoint    ] Safepoint "BulkRevokeBias", Time since last: 747361633 ns, Reaching safepoint: 90673 ns, At safepoint: 148756649 ns, Total: 148847322 ns
[2020-02-29T06:01:59.442+0000][1][safepoint    ] Safepoint "Cleanup", Time since last: 1003834663 ns, Reaching safepoint: 95300 ns, At safepoint: 6891 ns, Total: 102191 ns
[2020-02-29T06:02:00.449+0000][1][safepoint    ] Safepoint "Cleanup", Time since last: 1006814879 ns, Reaching safepoint: 75956 ns, At safepoint: 6745 ns, Total: 82701 ns
[2020-02-29T06:02:00.805+0000][1][safepoint    ] Safepoint "RevokeBias", Time since last: 356273243 ns, Reaching safepoint: 113275 ns, At safepoint: 22759 ns, Total: 136034 ns
[2020-02-29T06:02:01.807+0000][1][safepoint    ] Safepoint "Cleanup", Time since last: 1001435016 ns, Reaching safepoint: 74007 ns, At safepoint: 6135 ns, Total: 80142 ns
[2020-02-29T06:02:02.814+0000][1][safepoint    ] Safepoint "Cleanup", Time since last: 1007362360 ns, Reaching safepoint: 116073 ns, At safepoint: 23021 ns, Total: 139094 ns
[2020-02-29T06:02:03.318+0000][1][safepoint    ] Safepoint "RevokeBias", Time since last: 503701180 ns, Reaching safepoint: 140370 ns, At safepoint: 18824 ns, Total: 159194 ns
[2020-02-29T06:02:04.327+0000][1][safepoint    ] Safepoint "Cleanup", Time since last: 1008829670 ns, Reaching safepoint: 59481 ns, At safepoint: 7154 ns, Total: 66635 ns
[2020-02-29T06:02:05.333+0000][1][safepoint    ] Safepoint "Cleanup", Time since last: 1006105195 ns, Reaching safepoint: 76727 ns, At safepoint: 7633 ns, Total: 84360 ns
[2020-02-29T06:02:05.841+0000][1][safepoint    ] Safepoint "RevokeBias", Time since last: 507412507 ns, Reaching safepoint: 84226 ns, At safepoint: 15862 ns, Total: 100088 ns
[2020-02-29T06:02:06.841+0000][1][safepoint    ] Safepoint "Cleanup", Time since last: 1000360404 ns, Reaching safepoint: 64485 ns, At safepoint: 7355 ns, Total: 71840 ns
[2020-02-29T06:02:07.844+0000][1][safepoint    ] Safepoint "Cleanup", Time since last: 1002656271 ns, Reaching safepoint: 61393 ns, At safepoint: 6938 ns, Total: 68331 ns
[2020-02-29T06:02:08.348+0000][1][safepoint    ] Safepoint "RevokeBias", Time since last: 503448257 ns, Reaching safepoint: 73322 ns, At safepoint: 19467 ns, Total: 92789 ns
[2020-02-29T06:02:09.357+0000][1][safepoint    ] Safepoint "Cleanup", Time since last: 1009120708 ns, Reaching safepoint: 105296 ns, At safepoint: 8262 ns, Total: 113558 ns
[2020-02-29T06:02:10.360+0000][1][safepoint    ] Safepoint "Cleanup", Time since last: 1002900631 ns, Reaching safepoint: 121341 ns, At safepoint: 7933 ns, Total: 129274 ns
[2020-02-29T06:02:10.854+0000][1][safepoint    ] Safepoint "RevokeBias", Time since last: 494525163 ns, Reaching safepoint: 70676 ns, At safepoint: 17485 ns, Total: 88161 ns
[2020-02-29T06:02:11.859+0000][1][safepoint    ] Safepoint "Cleanup", Time since last: 1004747285 ns, Reaching safepoint: 55173 ns, At safepoint: 5682 ns, Total: 60855 ns
[2020-02-29T06:02:12.866+0000][1][safepoint    ] Safepoint "Cleanup", Time since last: 1007009606 ns, Reaching safepoint: 78320 ns, At safepoint: 7832 ns, Total: 86152 ns
[2020-02-29T06:02:13.379+0000][1][safepoint    ] Safepoint "RevokeBias", Time since last: 512079421 ns, Reaching safepoint: 86224 ns, At safepoint: 20028 ns, Total: 106252 ns
[2020-02-29T06:02:14.383+0000][1][safepoint    ] Safepoint "Cleanup", Time since last: 1004139870 ns, Reaching safepoint: 60807 ns, At safepoint: 7174 ns, Total: 67981 ns
[2020-02-29T06:02:15.393+0000][1][safepoint    ] Safepoint "Cleanup", Time since last: 1010289279 ns, Reaching safepoint: 159976 ns, At safepoint: 26258 ns, Total: 186234 ns
[2020-02-29T06:02:15.891+0000][1][safepoint    ] Safepoint "RevokeBias", Time since last: 497284334 ns, Reaching safepoint: 117928 ns, At safepoint: 20124 ns, Total: 138052 ns
[2020-02-29T06:02:16.891+0000][1][safepoint    ] Safepoint "Cleanup", Time since last: 1000310203 ns, Reaching safepoint: 97384 ns, At safepoint: 8006 ns, Total: 105390 ns
[2020-02-29T06:02:17.902+0000][1][safepoint    ] Safepoint "Cleanup", Time since last: 1011198516 ns, Reaching safepoint: 63054 ns, At safepoint: 7388 ns, Total: 70442 ns
[2020-02-29T06:02:18.403+0000][1][safepoint    ] Safepoint "RevokeBias", Time since last: 500959733 ns, Reaching safepoint: 70450 ns, At safepoint: 17655 ns, Total: 88105 ns
[2020-02-29T06:02:19.412+0000][1][safepoint    ] Safepoint "Cleanup", Time since last: 1008357398 ns, Reaching safepoint: 76707 ns, At safepoint: 7067 ns, Total: 83774 ns
[2020-02-29T06:02:20.417+0000][1][safepoint    ] Safepoint "Cleanup", Time since last: 1005234926 ns, Reaching safepoint: 110250 ns, At safepoint: 6963 ns, Total: 117213 ns
[2020-02-29T06:02:20.930+0000][1][safepoint    ] Safepoint "RevokeBias", Time since last: 512381403 ns, Reaching safepoint: 79778 ns, At safepoint: 19535 ns, Total: 99313 ns
[2020-02-29T06:02:21.939+0000][1][safepoint    ] Safepoint "Cleanup", Time since last: 1009614153 ns, Reaching safepoint: 59824 ns, At safepoint: 7038 ns, Total: 66862 ns
[2020-02-29T06:02:22.947+0000][1][safepoint    ] Safepoint "Cleanup", Time since last: 1007521215 ns, Reaching safepoint: 74929 ns, At safepoint: 7530 ns, Total: 82459 ns
[2020-02-29T06:02:23.454+0000][1][safepoint    ] Safepoint "RevokeBias", Time since last: 507324033 ns, Reaching safepoint: 51108 ns, At safepoint: 15968 ns, Total: 67076 ns
[2020-02-29T06:02:24.457+0000][1][safepoint    ] Safepoint "Cleanup", Time since last: 1002857723 ns, Reaching safepoint: 60173 ns, At safepoint: 7514 ns, Total: 67687 ns
[2020-02-29T06:02:25.462+0000][1][safepoint    ] Safepoint "Cleanup", Time since last: 1004950016 ns, Reaching safepoint: 62113 ns, At safepoint: 7323 ns, Total: 69436 ns
[2020-02-29T06:02:25.979+0000][1][safepoint    ] Safepoint "RevokeBias", Time since last: 516402307 ns, Reaching safepoint: 70754 ns, At safepoint: 17646 ns, Total: 88400 ns
[2020-02-29T06:02:26.979+0000][1][safepoint    ] Safepoint "Cleanup", Time since last: 1000520074 ns, Reaching safepoint: 58199 ns, At safepoint: 7108 ns, Total: 65307 ns
[2020-02-29T06:02:27.980+0000][1][safepoint    ] Safepoint "Cleanup", Time since last: 1000831844 ns, Reaching safepoint: 71513 ns, At safepoint: 6733 ns, Total: 78246 ns
[2020-02-29T06:02:28.496+0000][1][safepoint    ] Safepoint "RevokeBias", Time since last: 515109568 ns, Reaching safepoint: 132654 ns, At safepoint: 17714 ns, Total: 150368 ns
[2020-02-29T06:02:29.496+0000][1][safepoint    ] Safepoint "Cleanup", Time since last: 1000747310 ns, Reaching safepoint: 80046 ns, At safepoint: 9039 ns, Total: 89085 ns
[2020-02-29T06:02:30.497+0000][1][safepoint    ] Safepoint "Cleanup", Time since last: 1000440198 ns, Reaching safepoint: 82476 ns, At safepoint: 8910 ns, Total: 91386 ns
[2020-02-29T06:02:31.036+0000][1][safepoint    ] Safepoint "RevokeBias", Time since last: 538417975 ns, Reaching safepoint: 152590 ns, At safepoint: 21200 ns, Total: 173790 ns
[2020-02-29T06:02:32.967+0000][1][safepoint    ] Safepoint "Cleanup", Time since last: 1931521601 ns, Reaching safepoint: 61477 ns, At safepoint: 6958 ns, Total: 68435 ns
[2020-02-29T06:02:33.584+0000][1][safepoint    ] Safepoint "RevokeBias", Time since last: 617057670 ns, Reaching safepoint: 76263 ns, At safepoint: 18693 ns, Total: 94956 ns
[2020-02-29T06:02:34.589+0000][1][safepoint    ] Safepoint "Cleanup", Time since last: 1004578778 ns, Reaching safepoint: 92058 ns, At safepoint: 7410 ns, Total: 99468 ns
[2020-02-29T06:02:35.592+0000][1][safepoint    ] Safepoint "Cleanup", Time since last: 1003052274 ns, Reaching safepoint: 75337 ns, At safepoint: 7322 ns, Total: 82659 ns
[2020-02-29T06:02:36.155+0000][1][safepoint    ] Safepoint "RevokeBias", Time since last: 562630427 ns, Reaching safepoint: 74099 ns, At safepoint: 20033 ns, Total: 94132 ns
[2020-02-29T06:02:37.161+0000][1][safepoint    ] Safepoint "Cleanup", Time since last: 1006600575 ns, Reaching safepoint: 59963 ns, At safepoint: 5504 ns, Total: 65467 ns
[2020-02-29T06:02:38.162+0000][1][safepoint    ] Safepoint "Cleanup", Time since last: 1000357105 ns, Reaching safepoint: 130095 ns, At safepoint: 7312 ns, Total: 137407 ns
[2020-02-29T06:02:38.665+0000][1][safepoint    ] Safepoint "RevokeBias", Time since last: 502811014 ns, Reaching safepoint: 73639 ns, At safepoint: 19427 ns, Total: 93066 ns
[2020-02-29T06:02:39.667+0000][1][safepoint    ] Safepoint "Cleanup", Time since last: 1002415247 ns, Reaching safepoint: 75427 ns, At safepoint: 6704 ns, Total: 82131 ns
[2020-02-29T06:02:40.671+0000][1][safepoint    ] Safepoint "Cleanup", Time since last: 1003441187 ns, Reaching safepoint: 58634 ns, At safepoint: 7068 ns, Total: 65702 ns
[2020-02-29T06:02:41.303+0000][1][safepoint    ] Safepoint "RevokeBias", Time since last: 632495380 ns, Reaching safepoint: 75185 ns, At safepoint: 19053 ns, Total: 94238 ns
[2020-02-29T06:02:42.305+0000][1][safepoint    ] Safepoint "Cleanup", Time since last: 1001553559 ns, Reaching safepoint: 92608 ns, At safepoint: 7662 ns, Total: 100270 ns
[2020-02-29T06:02:43.308+0000][1][safepoint    ] Safepoint "Cleanup", Time since last: 1002854229 ns, Reaching safepoint: 191629 ns, At safepoint: 25989 ns, Total: 217618 ns
[2020-02-29T06:02:43.828+0000][1][safepoint    ] Safepoint "RevokeBias", Time since last: 519848171 ns, Reaching safepoint: 52658 ns, At safepoint: 39752 ns, Total: 92410 ns
[2020-02-29T06:02:44.832+0000][1][safepoint    ] Safepoint "Cleanup", Time since last: 1004064374 ns, Reaching safepoint: 167319 ns, At safepoint: 6375 ns, Total: 173694 ns
[2020-02-29T06:02:45.838+0000][1][safepoint    ] Safepoint "Cleanup", Time since last: 1005894559 ns, Reaching safepoint: 56046 ns, At safepoint: 5649 ns, Total: 61695 ns
[2020-02-29T06:02:46.354+0000][1][safepoint    ] Safepoint "RevokeBias", Time since last: 516066365 ns, Reaching safepoint: 72122 ns, At safepoint: 17016 ns, Total: 89138 ns
[2020-02-29T06:02:47.355+0000][1][safepoint    ] Safepoint "Cleanup", Time since last: 1000564691 ns, Reaching safepoint: 79814 ns, At safepoint: 7729 ns, Total: 87543 ns
[2020-02-29T06:02:47.522+0000][1][gc,start     ] GC(63) Pause Young (Allocation Failure)
[2020-02-29T06:02:47.522+0000][1][gc,task      ] GC(63) Using 1 workers of 1 for evacuation
[2020-02-29T06:02:47.584+0000][1][gc,age       ] GC(63) Desired survivor size 4358144 bytes, new threshold 6 (max threshold 6)
[2020-02-29T06:02:47.584+0000][1][gc,age       ] GC(63) Age table with threshold 6 (max threshold 6)
[2020-02-29T06:02:47.584+0000][1][gc,age       ] GC(63) - age   1:      12144 bytes,      12144 total
[2020-02-29T06:02:47.584+0000][1][gc,age       ] GC(63) - age   2:       2168 bytes,      14312 total
[2020-02-29T06:02:47.584+0000][1][gc,age       ] GC(63) - age   4:        136 bytes,      14448 total
[2020-02-29T06:02:47.584+0000][1][gc,age       ] GC(63) - age   5:        144 bytes,      14592 total
[2020-02-29T06:02:47.584+0000][1][gc,age       ] GC(63) - age   6:        552 bytes,      15144 total
[2020-02-29T06:02:47.584+0000][1][gc,heap      ] GC(63) ParNew: 68200K->33K(76672K)
[2020-02-29T06:02:47.584+0000][1][gc,heap      ] GC(63) CMS: 62545K->62562K(963392K)
[2020-02-29T06:02:47.584+0000][1][gc,metaspace ] GC(63) Metaspace: 79692K->79692K(1122304K)
[2020-02-29T06:02:47.584+0000][1][gc           ] GC(63) Pause Young (Allocation Failure) 127M->61M(1015M) 62.096ms
[2020-02-29T06:02:47.584+0000][1][gc,cpu       ] GC(63) User=0.01s Sys=0.00s Real=0.07s
[2020-02-29T06:02:47.584+0000][1][safepoint    ] Safepoint "GenCollectForAllocation", Time since last: 15832245 ns, Reaching safepoint: 76160 ns, At safepoint: 213126640 ns, Total: 213202800 ns
[2020-02-29T06:02:48.588+0000][1][safepoint    ] Safepoint "Cleanup", Time since last: 1004015807 ns, Reaching safepoint: 76662 ns, At safepoint: 5972 ns, Total: 82634 ns
[2020-02-29T06:02:48.881+0000][1][safepoint    ] Safepoint "RevokeBias", Time since last: 293060684 ns, Reaching safepoint: 102810 ns, At safepoint: 39327 ns, Total: 142137 ns
[2020-02-29T06:02:49.883+0000][1][safepoint    ] Safepoint "Cleanup", Time since last: 1001801047 ns, Reaching safepoint: 94939 ns, At safepoint: 6153 ns, Total: 101092 ns
[2020-02-29T06:02:50.893+0000][1][safepoint    ] Safepoint "Cleanup", Time since last: 1009564158 ns, Reaching safepoint: 89145 ns, At safepoint: 6433 ns, Total: 95578 ns
[2020-02-29T06:02:51.404+0000][1][safepoint    ] Safepoint "RevokeBias", Time since last: 510981062 ns, Reaching safepoint: 71329 ns, At safepoint: 19317 ns, Total: 90646 ns
[2020-02-29T06:02:52.466+0000][1][safepoint    ] Safepoint "Cleanup", Time since last: 1061651450 ns, Reaching safepoint: 84218 ns, At safepoint: 8312 ns, Total: 92530 ns
[2020-02-29T06:02:53.466+0000][1][safepoint    ] Safepoint "Cleanup", Time since last: 1000243636 ns, Reaching safepoint: 93253 ns, At safepoint: 12784 ns, Total: 106037 ns
[2020-02-29T06:02:53.922+0000][1][safepoint    ] Safepoint "RevokeBias", Time since last: 455944012 ns, Reaching safepoint: 142824 ns, At safepoint: 18369 ns, Total: 161193 ns
[2020-02-29T06:02:54.925+0000][1][safepoint    ] Safepoint "Cleanup", Time since last: 1002631191 ns, Reaching safepoint: 178852 ns, At safepoint: 18229 ns, Total: 197081 ns
[2020-02-29T06:02:55.936+0000][1][safepoint    ] Safepoint "Cleanup", Time since last: 1010614511 ns, Reaching safepoint: 57519 ns, At safepoint: 5671 ns, Total: 63190 ns
[2020-02-29T06:02:56.453+0000][1][safepoint    ] Safepoint "RevokeBias", Time since last: 517578911 ns, Reaching safepoint: 71235 ns, At safepoint: 17681 ns, Total: 88916 ns
[2020-02-29T06:02:57.458+0000][1][safepoint    ] Safepoint "Cleanup", Time since last: 1004775296 ns, Reaching safepoint: 107798 ns, At safepoint: 7397 ns, Total: 115195 ns
[2020-02-29T06:02:58.464+0000][1][safepoint    ] Safepoint "Cleanup", Time since last: 1005698817 ns, Reaching safepoint: 93547 ns, At safepoint: 6644 ns, Total: 100191 ns
[2020-02-29T06:02:58.980+0000][1][safepoint    ] Safepoint "RevokeBias", Time since last: 516178926 ns, Reaching safepoint: 50791 ns, At safepoint: 15572 ns, Total: 66363 ns
[2020-02-29T06:02:59.990+0000][1][safepoint    ] Safepoint "Cleanup", Time since last: 1009842504 ns, Reaching safepoint: 132786 ns, At safepoint: 21765 ns, Total: 154551 ns
[2020-02-29T06:03:00.999+0000][1][safepoint    ] Safepoint "Cleanup", Time since last: 1008906170 ns, Reaching safepoint: 76832 ns, At safepoint: 6915 ns, Total: 83747 ns
[2020-02-29T06:03:01.497+0000][1][safepoint    ] Safepoint "RevokeBias", Time since last: 496964259 ns, Reaching safepoint: 101337 ns, At safepoint: 68046 ns, Total: 169383 ns
[2020-02-29T06:03:02.498+0000][1][safepoint    ] Safepoint "Cleanup", Time since last: 1001169240 ns, Reaching safepoint: 78787 ns, At safepoint: 6639 ns, Total: 85426 ns
[2020-02-29T06:03:03.499+0000][1][safepoint    ] Safepoint "Cleanup", Time since last: 1000839120 ns, Reaching safepoint: 76381 ns, At safepoint: 8782 ns, Total: 85163 ns
[2020-02-29T06:03:04.015+0000][1][safepoint    ] Safepoint "RevokeBias", Time since last: 516630878 ns, Reaching safepoint: 107319 ns, At safepoint: 17719 ns, Total: 125038 ns
[2020-02-29T06:03:05.016+0000][1][safepoint    ] Safepoint "Cleanup", Time since last: 1000949759 ns, Reaching safepoint: 56308 ns, At safepoint: 6350 ns, Total: 62658 ns
[2020-02-29T06:03:06.021+0000][1][safepoint    ] Safepoint "Cleanup", Time since last: 1004718228 ns, Reaching safepoint: 92867 ns, At safepoint: 7993 ns, Total: 100860 ns
[2020-02-29T06:03:06.532+0000][1][safepoint    ] Safepoint "RevokeBias", Time since last: 510564962 ns, Reaching safepoint: 51308 ns, At safepoint: 15332 ns, Total: 66640 ns
[2020-02-29T06:03:07.535+0000][1][safepoint    ] Safepoint "Cleanup", Time since last: 1002920366 ns, Reaching safepoint: 63600 ns, At safepoint: 6902 ns, Total: 70502 ns
[2020-02-29T06:03:08.541+0000][1][safepoint    ] Safepoint "Cleanup", Time since last: 1006200150 ns, Reaching safepoint: 77673 ns, At safepoint: 7833 ns, Total: 85506 ns
[2020-02-29T06:03:09.055+0000][1][safepoint    ] Safepoint "RevokeBias", Time since last: 514189884 ns, Reaching safepoint: 53433 ns, At safepoint: 16397 ns, Total: 69830 ns
[2020-02-29T06:03:10.057+0000][1][safepoint    ] Safepoint "Cleanup", Time since last: 1001726850 ns, Reaching safepoint: 77064 ns, At safepoint: 7409 ns, Total: 84473 ns
[2020-02-29T06:03:11.060+0000][1][safepoint    ] Safepoint "Cleanup", Time since last: 1002632608 ns, Reaching safepoint: 93065 ns, At safepoint: 7336 ns, Total: 100401 ns
[2020-02-29T06:03:11.580+0000][1][safepoint    ] Safepoint "BulkRevokeBias", Time since last: 520148791 ns, Reaching safepoint: 71341 ns, At safepoint: 178977 ns, Total: 250318 ns
[2020-02-29T06:03:12.586+0000][1][safepoint    ] Safepoint "Cleanup", Time since last: 1005621858 ns, Reaching safepoint: 74991 ns, At safepoint: 7224 ns, Total: 82215 ns
[2020-02-29T06:03:13.590+0000][1][safepoint    ] Safepoint "Cleanup", Time since last: 1003933044 ns, Reaching safepoint: 108924 ns, At safepoint: 7869 ns, Total: 116793 ns
[2020-02-29T06:03:14.098+0000][1][safepoint    ] Safepoint "RevokeBias", Time since last: 508055616 ns, Reaching safepoint: 71862 ns, At safepoint: 16918 ns, Total: 88780 ns
[2020-02-29T06:03:15.102+0000][1][safepoint    ] Safepoint "Cleanup", Time since last: 1003938187 ns, Reaching safepoint: 127051 ns, At safepoint: 10233 ns, Total: 137284 ns
[2020-02-29T06:03:16.103+0000][1][safepoint    ] Safepoint "Cleanup", Time since last: 1000909827 ns, Reaching safepoint: 112586 ns, At safepoint: 6258 ns, Total: 118844 ns
[2020-02-29T06:03:16.621+0000][1][safepoint    ] Safepoint "RevokeBias", Time since last: 517670699 ns, Reaching safepoint: 133576 ns, At safepoint: 19027 ns, Total: 152603 ns
[2020-02-29T06:03:17.627+0000][1][safepoint    ] Safepoint "Cleanup", Time since last: 1005606359 ns, Reaching safepoint: 89734 ns, At safepoint: 7490 ns, Total: 97224 ns
[2020-02-29T06:03:18.631+0000][1][safepoint    ] Safepoint "Cleanup", Time since last: 1003383620 ns, Reaching safepoint: 200289 ns, At safepoint: 27223 ns, Total: 227512 ns
[2020-02-29T06:03:19.137+0000][1][safepoint    ] Safepoint "RevokeBias", Time since last: 505916088 ns, Reaching safepoint: 87458 ns, At safepoint: 19459 ns, Total: 106917 ns
[2020-02-29T06:03:20.144+0000][1][safepoint    ] Safepoint "Cleanup", Time since last: 1007616800 ns, Reaching safepoint: 199051 ns, At safepoint: 22625 ns, Total: 221676 ns
[2020-02-29T06:03:21.146+0000][1][safepoint    ] Safepoint "Cleanup", Time since last: 1001787374 ns, Reaching safepoint: 75388 ns, At safepoint: 7152 ns, Total: 82540 ns
[2020-02-29T06:03:21.655+0000][1][safepoint    ] Safepoint "RevokeBias", Time since last: 508971134 ns, Reaching safepoint: 122562 ns, At safepoint: 19068 ns, Total: 141630 ns
[2020-02-29T06:03:22.656+0000][1][safepoint    ] Safepoint "Cleanup", Time since last: 1000407073 ns, Reaching safepoint: 81419 ns, At safepoint: 8867 ns, Total: 90286 ns
[2020-02-29T06:03:23.657+0000][1][safepoint    ] Safepoint "Cleanup", Time since last: 1001415591 ns, Reaching safepoint: 79168 ns, At safepoint: 5910 ns, Total: 85078 ns
[2020-02-29T06:03:24.168+0000][1][safepoint    ] Safepoint "RevokeBias", Time since last: 511059552 ns, Reaching safepoint: 54601 ns, At safepoint: 16279 ns, Total: 70880 ns
[2020-02-29T06:03:25.178+0000][1][safepoint    ] Safepoint "Cleanup", Time since last: 1009283242 ns, Reaching safepoint: 76331 ns, At safepoint: 7164 ns, Total: 83495 ns
[2020-02-29T06:03:26.179+0000][1][safepoint    ] Safepoint "Cleanup", Time since last: 1000958138 ns, Reaching safepoint: 74795 ns, At safepoint: 6609 ns, Total: 81404 ns
[2020-02-29T06:03:26.686+0000][1][safepoint    ] Safepoint "RevokeBias", Time since last: 506829683 ns, Reaching safepoint: 52107 ns, At safepoint: 15827 ns, Total: 67934 ns
[2020-02-29T06:03:27.691+0000][1][safepoint    ] Safepoint "Cleanup", Time since last: 1005308175 ns, Reaching safepoint: 74039 ns, At safepoint: 18597 ns, Total: 92636 ns
[2020-02-29T06:03:29.166+0000][1][safepoint    ] Safepoint "Cleanup", Time since last: 1475157406 ns, Reaching safepoint: 89531 ns, At safepoint: 7107 ns, Total: 96638 ns
[2020-02-29T06:03:29.210+0000][1][safepoint    ] Safepoint "RevokeBias", Time since last: 43933456 ns, Reaching safepoint: 50940 ns, At safepoint: 32218 ns, Total: 83158 ns
[2020-02-29T06:03:30.214+0000][1][safepoint    ] Safepoint "Cleanup", Time since last: 1003135816 ns, Reaching safepoint: 75606 ns, At safepoint: 7414 ns, Total: 83020 ns
[2020-02-29T06:03:31.222+0000][1][safepoint    ] Safepoint "Cleanup", Time since last: 1008658714 ns, Reaching safepoint: 59590 ns, At safepoint: 7228 ns, Total: 66818 ns
[2020-02-29T06:03:31.734+0000][1][safepoint    ] Safepoint "RevokeBias", Time since last: 511919618 ns, Reaching safepoint: 53198 ns, At safepoint: 16025 ns, Total: 69223 ns
[2020-02-29T06:03:32.736+0000][1][safepoint    ] Safepoint "Cleanup", Time since last: 1001633539 ns, Reaching safepoint: 76067 ns, At safepoint: 5747 ns, Total: 81814 ns
[2020-02-29T06:03:33.747+0000][1][safepoint    ] Safepoint "Cleanup", Time since last: 1010839536 ns, Reaching safepoint: 56615 ns, At safepoint: 5680 ns, Total: 62295 ns
[2020-02-29T06:03:34.252+0000][1][safepoint    ] Safepoint "RevokeBias", Time since last: 505078588 ns, Reaching safepoint: 99964 ns, At safepoint: 19265 ns, Total: 119229 ns
[2020-02-29T06:03:35.261+0000][1][safepoint    ] Safepoint "Cleanup", Time since last: 1009094171 ns, Reaching safepoint: 75463 ns, At safepoint: 7409 ns, Total: 82872 ns
[2020-02-29T06:03:36.262+0000][1][safepoint    ] Safepoint "Cleanup", Time since last: 1000818131 ns, Reaching safepoint: 74294 ns, At safepoint: 6632 ns, Total: 80926 ns
[2020-02-29T06:03:36.773+0000][1][safepoint    ] Safepoint "RevokeBias", Time since last: 510267336 ns, Reaching safepoint: 71935 ns, At safepoint: 17654 ns, Total: 89589 ns
[2020-02-29T06:03:37.774+0000][1][safepoint    ] Safepoint "Cleanup", Time since last: 1001071147 ns, Reaching safepoint: 60099 ns, At safepoint: 7085 ns, Total: 67184 ns
[2020-02-29T06:03:38.783+0000][1][safepoint    ] Safepoint "Cleanup", Time since last: 1009358706 ns, Reaching safepoint: 58658 ns, At safepoint: 6899 ns, Total: 65557 ns
[2020-02-29T06:03:39.464+0000][1][safepoint    ] Safepoint "RevokeBias", Time since last: 680435459 ns, Reaching safepoint: 71579 ns, At safepoint: 17437 ns, Total: 89016 ns
[2020-02-29T06:03:40.472+0000][1][safepoint    ] Safepoint "Cleanup", Time since last: 1008442053 ns, Reaching safepoint: 214463 ns, At safepoint: 26935 ns, Total: 241398 ns
[2020-02-29T06:03:41.473+0000][1][safepoint    ] Safepoint "Cleanup", Time since last: 1000597780 ns, Reaching safepoint: 76374 ns, At safepoint: 6725 ns, Total: 83099 ns
[2020-02-29T06:03:41.984+0000][1][safepoint    ] Safepoint "RevokeBias", Time since last: 511175538 ns, Reaching safepoint: 55260 ns, At safepoint: 16187 ns, Total: 71447 ns
[2020-02-29T06:03:42.990+0000][1][safepoint    ] Safepoint "Cleanup", Time since last: 1005413795 ns, Reaching safepoint: 140013 ns, At safepoint: 26505 ns, Total: 166518 ns
[2020-02-29T06:03:43.996+0000][1][safepoint    ] Safepoint "Cleanup", Time since last: 1005993609 ns, Reaching safepoint: 59090 ns, At safepoint: 6548 ns, Total: 65638 ns
[2020-02-29T06:03:44.504+0000][1][safepoint    ] Safepoint "RevokeBias", Time since last: 507789798 ns, Reaching safepoint: 51139 ns, At safepoint: 16038 ns, Total: 67177 ns
[2020-02-29T06:03:45.505+0000][1][safepoint    ] Safepoint "Cleanup", Time since last: 1000995388 ns, Reaching safepoint: 89121 ns, At safepoint: 9695 ns, Total: 98816 ns
[2020-02-29T06:03:46.505+0000][1][safepoint    ] Safepoint "Cleanup", Time since last: 1000236420 ns, Reaching safepoint: 74899 ns, At safepoint: 6731 ns, Total: 81630 ns
[2020-02-29T06:03:47.027+0000][1][safepoint    ] Safepoint "RevokeBias", Time since last: 515276309 ns, Reaching safepoint: 6323695 ns, At safepoint: 22714 ns, Total: 6346409 ns
[2020-02-29T06:03:48.033+0000][1][safepoint    ] Safepoint "Cleanup", Time since last: 1006103166 ns, Reaching safepoint: 76890 ns, At safepoint: 7476 ns, Total: 84366 ns
[2020-02-29T06:03:49.035+0000][1][safepoint    ] Safepoint "Cleanup", Time since last: 1002121950 ns, Reaching safepoint: 75727 ns, At safepoint: 5656 ns, Total: 81383 ns
[2020-02-29T06:03:49.542+0000][1][safepoint    ] Safepoint "RevokeBias", Time since last: 506453698 ns, Reaching safepoint: 100418 ns, At safepoint: 21253 ns, Total: 121671 ns
[2020-02-29T06:03:50.543+0000][1][safepoint    ] Safepoint "Cleanup", Time since last: 1001485218 ns, Reaching safepoint: 78746 ns, At safepoint: 7699 ns, Total: 86445 ns
[2020-02-29T06:03:51.552+0000][1][safepoint    ] Safepoint "Cleanup", Time since last: 1008626593 ns, Reaching safepoint: 74907 ns, At safepoint: 7163 ns, Total: 82070 ns
[2020-02-29T06:03:52.054+0000][1][safepoint    ] Safepoint "RevokeBias", Time since last: 501386134 ns, Reaching safepoint: 70221 ns, At safepoint: 17750 ns, Total: 87971 ns
[2020-02-29T06:03:53.054+0000][1][safepoint    ] Safepoint "Cleanup", Time since last: 1000535191 ns, Reaching safepoint: 90029 ns, At safepoint: 10737 ns, Total: 100766 ns
[2020-02-29T06:03:54.055+0000][1][safepoint    ] Safepoint "Cleanup", Time since last: 1000546793 ns, Reaching safepoint: 78676 ns, At safepoint: 7963 ns, Total: 86639 ns
[2020-02-29T06:03:54.574+0000][1][safepoint    ] Safepoint "RevokeBias", Time since last: 519394988 ns, Reaching safepoint: 87269 ns, At safepoint: 20374 ns, Total: 107643 ns
[2020-02-29T06:03:55.577+0000][1][safepoint    ] Safepoint "Cleanup", Time since last: 1002403064 ns, Reaching safepoint: 90365 ns, At safepoint: 7523 ns, Total: 97888 ns
[2020-02-29T06:03:56.586+0000][1][safepoint    ] Safepoint "Cleanup", Time since last: 1008824456 ns, Reaching safepoint: 74239 ns, At safepoint: 7136 ns, Total: 81375 ns
[2020-02-29T06:03:57.089+0000][1][safepoint    ] Safepoint "RevokeBias", Time since last: 503143686 ns, Reaching safepoint: 54588 ns, At safepoint: 16290 ns, Total: 70878 ns
[2020-02-29T06:03:58.223+0000][1][safepoint    ] Safepoint "Cleanup", Time since last: 1015855044 ns, Reaching safepoint: 118091328 ns, At safepoint: 31736 ns, Total: 118123064 ns
[2020-02-29T06:03:59.233+0000][1][safepoint    ] Safepoint "Cleanup", Time since last: 1010008864 ns, Reaching safepoint: 109152 ns, At safepoint: 7170 ns, Total: 116322 ns
[2020-02-29T06:03:59.616+0000][1][safepoint    ] Safepoint "RevokeBias", Time since last: 382496476 ns, Reaching safepoint: 71845 ns, At safepoint: 35178 ns, Total: 107023 ns
[2020-02-29T06:04:00.620+0000][1][safepoint    ] Safepoint "Cleanup", Time since last: 1004464140 ns, Reaching safepoint: 76965 ns, At safepoint: 7174 ns, Total: 84139 ns
[2020-02-29T06:04:01.621+0000][1][safepoint    ] Safepoint "Cleanup", Time since last: 1000787430 ns, Reaching safepoint: 66500 ns, At safepoint: 6647 ns, Total: 73147 ns
[2020-02-29T06:04:02.136+0000][1][safepoint    ] Safepoint "RevokeBias", Time since last: 514352746 ns, Reaching safepoint: 71895 ns, At safepoint: 17832 ns, Total: 89727 ns
[2020-02-29T06:04:03.141+0000][1][safepoint    ] Safepoint "Cleanup", Time since last: 1005625648 ns, Reaching safepoint: 59047 ns, At safepoint: 7086 ns, Total: 66133 ns
[2020-02-29T06:04:04.150+0000][1][safepoint    ] Safepoint "Cleanup", Time since last: 1008911263 ns, Reaching safepoint: 60360 ns, At safepoint: 7170 ns, Total: 67530 ns
[2020-02-29T06:04:04.649+0000][1][safepoint    ] Safepoint "RevokeBias", Time since last: 498377636 ns, Reaching safepoint: 70600 ns, At safepoint: 18021 ns, Total: 88621 ns
[2020-02-29T06:04:05.656+0000][1][safepoint    ] Safepoint "Cleanup", Time since last: 1006776318 ns, Reaching safepoint: 75922 ns, At safepoint: 22009 ns, Total: 97931 ns
[2020-02-29T06:04:06.656+0000][1][safepoint    ] Safepoint "Cleanup", Time since last: 1000164607 ns, Reaching safepoint: 87650 ns, At safepoint: 9436 ns, Total: 97086 ns
[2020-02-29T06:04:07.268+0000][1][safepoint    ] Safepoint "RevokeBias", Time since last: 611685843 ns, Reaching safepoint: 70504 ns, At safepoint: 17341 ns, Total: 87845 ns
[2020-02-29T06:04:08.268+0000][1][safepoint    ] Safepoint "Cleanup", Time since last: 1000414108 ns, Reaching safepoint: 157789 ns, At safepoint: 6750 ns, Total: 164539 ns
[2020-02-29T06:04:09.270+0000][1][safepoint    ] Safepoint "Cleanup", Time since last: 1002074654 ns, Reaching safepoint: 61431 ns, At safepoint: 6570 ns, Total: 68001 ns
[2020-02-29T06:04:09.803+0000][1][safepoint    ] Safepoint "RevokeBias", Time since last: 532997383 ns, Reaching safepoint: 124166 ns, At safepoint: 35737 ns, Total: 159903 ns
[2020-02-29T06:04:10.807+0000][1][safepoint    ] Safepoint "Cleanup", Time since last: 1003129182 ns, Reaching safepoint: 74957 ns, At safepoint: 6869 ns, Total: 81826 ns
[2020-02-29T06:04:11.808+0000][1][safepoint    ] Safepoint "Cleanup", Time since last: 1000985785 ns, Reaching safepoint: 75198 ns, At safepoint: 7044 ns, Total: 82242 ns
[2020-02-29T06:04:12.311+0000][1][safepoint    ] Safepoint "RevokeBias", Time since last: 502989016 ns, Reaching safepoint: 74130 ns, At safepoint: 18257 ns, Total: 92387 ns
[2020-02-29T06:04:13.312+0000][1][safepoint    ] Safepoint "Cleanup", Time since last: 1001260443 ns, Reaching safepoint: 88031 ns, At safepoint: 7894 ns, Total: 95925 ns
[2020-02-29T06:04:14.320+0000][1][safepoint    ] Safepoint "Cleanup", Time since last: 1007501637 ns, Reaching safepoint: 76015 ns, At safepoint: 7486 ns, Total: 83501 ns
[2020-02-29T06:04:14.824+0000][1][safepoint    ] Safepoint "RevokeBias", Time since last: 504597371 ns, Reaching safepoint: 71309 ns, At safepoint: 17846 ns, Total: 89155 ns
[2020-02-29T06:04:15.832+0000][1][safepoint    ] Safepoint "Cleanup", Time since last: 1007552177 ns, Reaching safepoint: 146991 ns, At safepoint: 25576 ns, Total: 172567 ns
[2020-02-29T06:04:16.833+0000][1][safepoint    ] Safepoint "Cleanup", Time since last: 1000685318 ns, Reaching safepoint: 71010 ns, At safepoint: 5089 ns, Total: 76099 ns
[2020-02-29T06:04:17.340+0000][1][safepoint    ] Safepoint "RevokeBias", Time since last: 506968389 ns, Reaching safepoint: 70024 ns, At safepoint: 17289 ns, Total: 87313 ns
[2020-02-29T06:04:18.349+0000][1][safepoint    ] Safepoint "Cleanup", Time since last: 1009146173 ns, Reaching safepoint: 119914 ns, At safepoint: 9702 ns, Total: 129616 ns
[2020-02-29T06:04:19.355+0000][1][safepoint    ] Safepoint "Cleanup", Time since last: 1005815615 ns, Reaching safepoint: 104735 ns, At safepoint: 5827 ns, Total: 110562 ns
[2020-02-29T06:04:19.853+0000][1][safepoint    ] Safepoint "RevokeBias", Time since last: 497531136 ns, Reaching safepoint: 71121 ns, At safepoint: 18491 ns, Total: 89612 ns
[2020-02-29T06:04:21.266+0000][1][safepoint    ] Safepoint "Cleanup", Time since last: 1413232234 ns, Reaching safepoint: 74881 ns, At safepoint: 6456 ns, Total: 81337 ns
[2020-02-29T06:04:22.272+0000][1][safepoint    ] Safepoint "Cleanup", Time since last: 1006122243 ns, Reaching safepoint: 74952 ns, At safepoint: 6950 ns, Total: 81902 ns
[2020-02-29T06:04:22.365+0000][1][safepoint    ] Safepoint "RevokeBias", Time since last: 92483202 ns, Reaching safepoint: 58648 ns, At safepoint: 17322 ns, Total: 75970 ns
[2020-02-29T06:04:23.374+0000][1][safepoint    ] Safepoint "Cleanup", Time since last: 1009428238 ns, Reaching safepoint: 59356 ns, At safepoint: 6664 ns, Total: 66020 ns
[2020-02-29T06:04:24.378+0000][1][safepoint    ] Safepoint "Cleanup", Time since last: 1003314822 ns, Reaching safepoint: 76005 ns, At safepoint: 7580 ns, Total: 83585 ns
[2020-02-29T06:04:24.886+0000][1][safepoint    ] Safepoint "BulkRevokeBias", Time since last: 508272256 ns, Reaching safepoint: 52711 ns, At safepoint: 179035 ns, Total: 231746 ns
[2020-02-29T06:04:25.893+0000][1][safepoint    ] Safepoint "Cleanup", Time since last: 1006504664 ns, Reaching safepoint: 111588 ns, At safepoint: 28739 ns, Total: 140327 ns
[2020-02-29T06:04:26.897+0000][1][safepoint    ] Safepoint "Cleanup", Time since last: 1004040397 ns, Reaching safepoint: 60847 ns, At safepoint: 7149 ns, Total: 67996 ns
[2020-02-29T06:04:27.401+0000][1][safepoint    ] Safepoint "RevokeBias", Time since last: 503423309 ns, Reaching safepoint: 75394 ns, At safepoint: 18299 ns, Total: 93693 ns
[2020-02-29T06:04:28.405+0000][1][safepoint    ] Safepoint "Cleanup", Time since last: 1004111918 ns, Reaching safepoint: 105707 ns, At safepoint: 7388 ns, Total: 113095 ns
[2020-02-29T06:04:29.407+0000][1][safepoint    ] Safepoint "Cleanup", Time since last: 1002342078 ns, Reaching safepoint: 75556 ns, At safepoint: 6247 ns, Total: 81803 ns
[2020-02-29T06:04:29.926+0000][1][safepoint    ] Safepoint "RevokeBias", Time since last: 518171478 ns, Reaching safepoint: 71509 ns, At safepoint: 33270 ns, Total: 104779 ns
[2020-02-29T06:04:30.927+0000][1][safepoint    ] Safepoint "Cleanup", Time since last: 1001552066 ns, Reaching safepoint: 72690 ns, At safepoint: 8871 ns, Total: 81561 ns
[2020-02-29T06:04:31.930+0000][1][safepoint    ] Safepoint "Cleanup", Time since last: 1003160070 ns, Reaching safepoint: 110200 ns, At safepoint: 24567 ns, Total: 134767 ns
[2020-02-29T06:04:32.434+0000][1][safepoint    ] Safepoint "RevokeBias", Time since last: 503103395 ns, Reaching safepoint: 86172 ns, At safepoint: 20437 ns, Total: 106609 ns
[2020-02-29T06:04:33.437+0000][1][safepoint    ] Safepoint "Cleanup", Time since last: 1003579035 ns, Reaching safepoint: 136515 ns, At safepoint: 7729 ns, Total: 144244 ns
[2020-02-29T06:04:34.439+0000][1][safepoint    ] Safepoint "Cleanup", Time since last: 1001682759 ns, Reaching safepoint: 74420 ns, At safepoint: 5803 ns, Total: 80223 ns
[2020-02-29T06:04:34.958+0000][1][safepoint    ] Safepoint "RevokeBias", Time since last: 518859772 ns, Reaching safepoint: 54023 ns, At safepoint: 16401 ns, Total: 70424 ns
[2020-02-29T06:04:35.959+0000][1][safepoint    ] Safepoint "Cleanup", Time since last: 1000578944 ns, Reaching safepoint: 80872 ns, At safepoint: 24498 ns, Total: 105370 ns
[2020-02-29T06:04:36.966+0000][1][safepoint    ] Safepoint "Cleanup", Time since last: 1007278385 ns, Reaching safepoint: 76901 ns, At safepoint: 7313 ns, Total: 84214 ns
[2020-02-29T06:04:37.479+0000][1][safepoint    ] Safepoint "RevokeBias", Time since last: 512743919 ns, Reaching safepoint: 71351 ns, At safepoint: 17942 ns, Total: 89293 ns
[2020-02-29T06:04:38.483+0000][1][safepoint    ] Safepoint "Cleanup", Time since last: 1003514079 ns, Reaching safepoint: 75393 ns, At safepoint: 6850 ns, Total: 82243 ns
[2020-02-29T06:04:39.490+0000][1][safepoint    ] Safepoint "Cleanup", Time since last: 1007614385 ns, Reaching safepoint: 120223 ns, At safepoint: 7485 ns, Total: 127708 ns
[2020-02-29T06:04:39.996+0000][1][safepoint    ] Safepoint "RevokeBias", Time since last: 505619042 ns, Reaching safepoint: 73754 ns, At safepoint: 17531 ns, Total: 91285 ns
[2020-02-29T06:04:40.998+0000][1][safepoint    ] Safepoint "Cleanup", Time since last: 1002149042 ns, Reaching safepoint: 76119 ns, At safepoint: 7163 ns, Total: 83282 ns
[2020-02-29T06:04:41.999+0000][1][safepoint    ] Safepoint "Cleanup", Time since last: 1000900692 ns, Reaching safepoint: 75744 ns, At safepoint: 6806 ns, Total: 82550 ns
[2020-02-29T06:04:42.504+0000][1][safepoint    ] Safepoint "RevokeBias", Time since last: 505126966 ns, Reaching safepoint: 70133 ns, At safepoint: 34654 ns, Total: 104787 ns
[2020-02-29T06:04:43.505+0000][1][safepoint    ] Safepoint "Cleanup", Time since last: 1000690959 ns, Reaching safepoint: 58974 ns, At safepoint: 6923 ns, Total: 65897 ns
[2020-02-29T06:04:44.506+0000][1][safepoint    ] Safepoint "Cleanup", Time since last: 1000919970 ns, Reaching safepoint: 60593 ns, At safepoint: 7238 ns, Total: 67831 ns
[2020-02-29T06:04:45.023+0000][1][safepoint    ] Safepoint "RevokeBias", Time since last: 517082679 ns, Reaching safepoint: 79251 ns, At safepoint: 18109 ns, Total: 97360 ns
[2020-02-29T06:04:46.028+0000][1][safepoint    ] Safepoint "Cleanup", Time since last: 1004889252 ns, Reaching safepoint: 60603 ns, At safepoint: 6897 ns, Total: 67500 ns
[2020-02-29T06:04:47.030+0000][1][safepoint    ] Safepoint "Cleanup", Time since last: 1001895436 ns, Reaching safepoint: 75397 ns, At safepoint: 7020 ns, Total: 82417 ns
[2020-02-29T06:04:47.535+0000][1][safepoint    ] Safepoint "RevokeBias", Time since last: 504158695 ns, Reaching safepoint: 71835 ns, At safepoint: 16850 ns, Total: 88685 ns
[2020-02-29T06:04:48.535+0000][1][safepoint    ] Safepoint "Cleanup", Time since last: 1000720205 ns, Reaching safepoint: 156571 ns, At safepoint: 9088 ns, Total: 165659 ns
[2020-02-29T06:04:49.537+0000][1][safepoint    ] Safepoint "Cleanup", Time since last: 1001660409 ns, Reaching safepoint: 72007 ns, At safepoint: 6462 ns, Total: 78469 ns
[2020-02-29T06:04:50.044+0000][1][safepoint    ] Safepoint "RevokeBias", Time since last: 507020474 ns, Reaching safepoint: 100582 ns, At safepoint: 19928 ns, Total: 120510 ns
[2020-02-29T06:04:51.047+0000][1][safepoint    ] Safepoint "Cleanup", Time since last: 1002706803 ns, Reaching safepoint: 76638 ns, At safepoint: 7329 ns, Total: 83967 ns
[2020-02-29T06:04:52.053+0000][1][safepoint    ] Safepoint "Cleanup", Time since last: 1005907012 ns, Reaching safepoint: 146705 ns, At safepoint: 26535 ns, Total: 173240 ns
[2020-02-29T06:04:52.563+0000][1][safepoint    ] Safepoint "RevokeBias", Time since last: 509328783 ns, Reaching safepoint: 71270 ns, At safepoint: 16853 ns, Total: 88123 ns
[2020-02-29T06:04:53.569+0000][1][safepoint    ] Safepoint "Cleanup", Time since last: 1006651974 ns, Reaching safepoint: 75991 ns, At safepoint: 6840 ns, Total: 82831 ns
[2020-02-29T06:04:54.573+0000][1][safepoint    ] Safepoint "Cleanup", Time since last: 1003374647 ns, Reaching safepoint: 73345 ns, At safepoint: 6456 ns, Total: 79801 ns
[2020-02-29T06:04:55.080+0000][1][safepoint    ] Safepoint "RevokeBias", Time since last: 507167459 ns, Reaching safepoint: 155446 ns, At safepoint: 35727 ns, Total: 191173 ns
[2020-02-29T06:04:56.081+0000][1][safepoint    ] Safepoint "Cleanup", Time since last: 1000925789 ns, Reaching safepoint: 166235 ns, At safepoint: 22970 ns, Total: 189205 ns
[2020-02-29T06:04:57.600+0000][1][safepoint    ] Safepoint "RevokeBias", Time since last: 1518789137 ns, Reaching safepoint: 71892 ns, At safepoint: 17581 ns, Total: 89473 ns
[2020-02-29T06:04:58.610+0000][1][safepoint    ] Safepoint "Cleanup", Time since last: 1009546426 ns, Reaching safepoint: 62096 ns, At safepoint: 6682 ns, Total: 68778 ns
[2020-02-29T06:04:59.612+0000][1][safepoint    ] Safepoint "Cleanup", Time since last: 1002354496 ns, Reaching safepoint: 76135 ns, At safepoint: 6275 ns, Total: 82410 ns
[2020-02-29T06:05:00.122+0000][1][safepoint    ] Safepoint "RevokeBias", Time since last: 510130530 ns, Reaching safepoint: 86441 ns, At safepoint: 36397 ns, Total: 122838 ns
[2020-02-29T06:05:01.128+0000][1][safepoint    ] Safepoint "Cleanup", Time since last: 1005657136 ns, Reaching safepoint: 145456 ns, At safepoint: 10131 ns, Total: 155587 ns
[2020-02-29T06:05:02.129+0000][1][safepoint    ] Safepoint "Cleanup", Time since last: 1000878631 ns, Reaching safepoint: 59436 ns, At safepoint: 6724 ns, Total: 66160 ns
[2020-02-29T06:05:02.641+0000][1][safepoint    ] Safepoint "RevokeBias", Time since last: 512069801 ns, Reaching safepoint: 53668 ns, At safepoint: 15135 ns, Total: 68803 ns
[2020-02-29T06:05:03.363+0000][1][gc,start     ] GC(64) Pause Young (Allocation Failure)
[2020-02-29T06:05:03.364+0000][1][gc,task      ] GC(64) Using 1 workers of 1 for evacuation
[2020-02-29T06:05:03.373+0000][1][gc,age       ] GC(64) Desired survivor size 4358144 bytes, new threshold 6 (max threshold 6)
[2020-02-29T06:05:03.373+0000][1][gc,age       ] GC(64) Age table with threshold 6 (max threshold 6)
[2020-02-29T06:05:03.373+0000][1][gc,age       ] GC(64) - age   1:      11312 bytes,      11312 total
[2020-02-29T06:05:03.373+0000][1][gc,age       ] GC(64) - age   2:        328 bytes,      11640 total
[2020-02-29T06:05:03.373+0000][1][gc,age       ] GC(64) - age   3:       2048 bytes,      13688 total
[2020-02-29T06:05:03.373+0000][1][gc,age       ] GC(64) - age   6:        144 bytes,      13832 total
[2020-02-29T06:05:03.373+0000][1][gc,heap      ] GC(64) ParNew: 68193K->13K(76672K)
[2020-02-29T06:05:03.373+0000][1][gc,heap      ] GC(64) CMS: 62562K->62563K(963392K)
[2020-02-29T06:05:03.373+0000][1][gc,metaspace ] GC(64) Metaspace: 79700K->79700K(1122304K)
[2020-02-29T06:05:03.373+0000][1][gc           ] GC(64) Pause Young (Allocation Failure) 127M->61M(1015M) 9.811ms
[2020-02-29T06:05:03.373+0000][1][gc,cpu       ] GC(64) User=0.01s Sys=0.00s Real=0.01s
[2020-02-29T06:05:03.373+0000][1][safepoint    ] Safepoint "GenCollectForAllocation", Time since last: 721888862 ns, Reaching safepoint: 196079 ns, At safepoint: 9937102 ns, Total: 10133181 ns
[2020-02-29T06:05:04.382+0000][1][safepoint    ] Safepoint "Cleanup", Time since last: 1008806728 ns, Reaching safepoint: 63481 ns, At safepoint: 7256 ns, Total: 70737 ns
[2020-02-29T06:05:05.151+0000][1][safepoint    ] Safepoint "RevokeBias", Time since last: 768637672 ns, Reaching safepoint: 76801 ns, At safepoint: 18198 ns, Total: 94999 ns
[2020-02-29T06:05:06.151+0000][1][safepoint    ] Safepoint "Cleanup", Time since last: 1000379678 ns, Reaching safepoint: 79373 ns, At safepoint: 6533 ns, Total: 85906 ns
[2020-02-29T06:05:07.160+0000][1][safepoint    ] Safepoint "Cleanup", Time since last: 1008802327 ns, Reaching safepoint: 143830 ns, At safepoint: 24596 ns, Total: 168426 ns
[2020-02-29T06:05:07.660+0000][1][safepoint    ] Safepoint "RevokeBias", Time since last: 499547107 ns, Reaching safepoint: 71208 ns, At safepoint: 17172 ns, Total: 88380 ns
[2020-02-29T06:05:08.662+0000][1][safepoint    ] Safepoint "Cleanup", Time since last: 1002067662 ns, Reaching safepoint: 58644 ns, At safepoint: 5933 ns, Total: 64577 ns
[2020-02-29T06:05:09.671+0000][1][safepoint    ] Safepoint "Cleanup", Time since last: 1009050287 ns, Reaching safepoint: 58775 ns, At safepoint: 5571 ns, Total: 64346 ns
[2020-02-29T06:05:10.186+0000][1][safepoint    ] Safepoint "RevokeBias", Time since last: 514200684 ns, Reaching safepoint: 71091 ns, At safepoint: 17052 ns, Total: 88143 ns
[2020-02-29T06:05:11.192+0000][1][safepoint    ] Safepoint "Cleanup", Time since last: 1006566396 ns, Reaching safepoint: 82419 ns, At safepoint: 8924 ns, Total: 91343 ns
[2020-02-29T06:05:12.201+0000][1][safepoint    ] Safepoint "Cleanup", Time since last: 1009079213 ns, Reaching safepoint: 73594 ns, At safepoint: 5436 ns, Total: 79030 ns
[2020-02-29T06:05:12.698+0000][1][safepoint    ] Safepoint "RevokeBias", Time since last: 496243514 ns, Reaching safepoint: 52344 ns, At safepoint: 16018 ns, Total: 68362 ns
[2020-02-29T06:05:13.698+0000][1][safepoint    ] Safepoint "Cleanup", Time since last: 1000168342 ns, Reaching safepoint: 89268 ns, At safepoint: 9178 ns, Total: 98446 ns
[2020-02-29T06:05:14.698+0000][1][safepoint    ] Safepoint "Cleanup", Time since last: 1000274471 ns, Reaching safepoint: 89317 ns, At safepoint: 10114 ns, Total: 99431 ns
[2020-02-29T06:05:15.211+0000][1][safepoint    ] Safepoint "RevokeBias", Time since last: 512753888 ns, Reaching safepoint: 72625 ns, At safepoint: 18329 ns, Total: 90954 ns
[2020-02-29T06:05:16.214+0000][1][safepoint    ] Safepoint "Cleanup", Time since last: 1003237428 ns, Reaching safepoint: 57742 ns, At safepoint: 5544 ns, Total: 63286 ns
[2020-02-29T06:05:17.215+0000][1][safepoint    ] Safepoint "Cleanup", Time since last: 1000744662 ns, Reaching safepoint: 59702 ns, At safepoint: 5706 ns, Total: 65408 ns
[2020-02-29T06:05:17.726+0000][1][safepoint    ] Safepoint "RevokeBias", Time since last: 510932907 ns, Reaching safepoint: 52792 ns, At safepoint: 15288 ns, Total: 68080 ns
[2020-02-29T06:05:18.728+0000][1][safepoint    ] Safepoint "Cleanup", Time since last: 1001408513 ns, Reaching safepoint: 61585 ns, At safepoint: 6695 ns, Total: 68280 ns
[2020-02-29T06:05:19.738+0000][1][safepoint    ] Safepoint "Cleanup", Time since last: 1009999206 ns, Reaching safepoint: 59763 ns, At safepoint: 6852 ns, Total: 66615 ns
[2020-02-29T06:05:20.248+0000][1][safepoint    ] Safepoint "RevokeBias", Time since last: 510172511 ns, Reaching safepoint: 53104 ns, At safepoint: 15789 ns, Total: 68893 ns
[2020-02-29T06:05:21.274+0000][1][safepoint    ] Safepoint "Cleanup", Time since last: 1026050557 ns, Reaching safepoint: 75138 ns, At safepoint: 7049 ns, Total: 82187 ns
[2020-02-29T06:05:22.275+0000][1][safepoint    ] Safepoint "Cleanup", Time since last: 1000520031 ns, Reaching safepoint: 105566 ns, At safepoint: 7634 ns, Total: 113200 ns
[2020-02-29T06:05:22.772+0000][1][safepoint    ] Safepoint "RevokeBias", Time since last: 497355218 ns, Reaching safepoint: 87558 ns, At safepoint: 20234 ns, Total: 107792 ns
[2020-02-29T06:05:23.775+0000][1][safepoint    ] Safepoint "Cleanup", Time since last: 1002729776 ns, Reaching safepoint: 59933 ns, At safepoint: 7149 ns, Total: 67082 ns
[2020-02-29T06:05:24.776+0000][1][safepoint    ] Safepoint "Cleanup", Time since last: 1001197974 ns, Reaching safepoint: 91271 ns, At safepoint: 5928 ns, Total: 97199 ns
[2020-02-29T06:05:25.295+0000][1][safepoint    ] Safepoint "RevokeBias", Time since last: 518613663 ns, Reaching safepoint: 109763 ns, At safepoint: 31330 ns, Total: 141093 ns
[2020-02-29T06:05:26.300+0000][1][safepoint    ] Safepoint "Cleanup", Time since last: 1004847826 ns, Reaching safepoint: 111772 ns, At safepoint: 7498 ns, Total: 119270 ns
[2020-02-29T06:05:27.307+0000][1][safepoint    ] Safepoint "Cleanup", Time since last: 1006829680 ns, Reaching safepoint: 62583 ns, At safepoint: 6679 ns, Total: 69262 ns
[2020-02-29T06:05:27.820+0000][1][safepoint    ] Safepoint "RevokeBias", Time since last: 512497524 ns, Reaching safepoint: 72382 ns, At safepoint: 17700 ns, Total: 90082 ns
[2020-02-29T06:05:28.824+0000][1][safepoint    ] Safepoint "Cleanup", Time since last: 1004329178 ns, Reaching safepoint: 77682 ns, At safepoint: 7186 ns, Total: 84868 ns
[2020-02-29T06:05:29.826+0000][1][safepoint    ] Safepoint "Cleanup", Time since last: 1002363930 ns, Reaching safepoint: 61502 ns, At safepoint: 7020 ns, Total: 68522 ns
[2020-02-29T06:05:30.448+0000][1][safepoint    ] Safepoint "RevokeBias", Time since last: 621869438 ns, Reaching safepoint: 52519 ns, At safepoint: 32626 ns, Total: 85145 ns
[2020-02-29T06:05:31.451+0000][1][safepoint    ] Safepoint "Cleanup", Time since last: 1002610217 ns, Reaching safepoint: 78323 ns, At safepoint: 7522 ns, Total: 85845 ns
[2020-02-29T06:05:32.458+0000][1][safepoint    ] Safepoint "Cleanup", Time since last: 1006563705 ns, Reaching safepoint: 60768 ns, At safepoint: 6739 ns, Total: 67507 ns
[2020-02-29T06:05:32.962+0000][1][safepoint    ] Safepoint "RevokeBias", Time since last: 503896208 ns, Reaching safepoint: 70455 ns, At safepoint: 17465 ns, Total: 87920 ns
[2020-02-29T06:05:33.971+0000][1][safepoint    ] Safepoint "Cleanup", Time since last: 1009294105 ns, Reaching safepoint: 166687 ns, At safepoint: 7100 ns, Total: 173787 ns
[2020-02-29T06:05:34.981+0000][1][safepoint    ] Safepoint "Cleanup", Time since last: 1009679868 ns, Reaching safepoint: 75351 ns, At safepoint: 6134 ns, Total: 81485 ns
[2020-02-29T06:05:35.485+0000][1][safepoint    ] Safepoint "RevokeBias", Time since last: 503794111 ns, Reaching safepoint: 52945 ns, At safepoint: 16263 ns, Total: 69208 ns
[2020-02-29T06:05:36.485+0000][1][safepoint    ] Safepoint "Cleanup", Time since last: 1000265175 ns, Reaching safepoint: 78718 ns, At safepoint: 8486 ns, Total: 87204 ns
[2020-02-29T06:05:37.486+0000][1][safepoint    ] Safepoint "Cleanup", Time since last: 1000730254 ns, Reaching safepoint: 90560 ns, At safepoint: 8014 ns, Total: 98574 ns
[2020-02-29T06:05:38.013+0000][1][safepoint    ] Safepoint "BulkRevokeBias", Time since last: 527148934 ns, Reaching safepoint: 52191 ns, At safepoint: 279073 ns, Total: 331264 ns
[2020-02-29T06:05:39.022+0000][1][safepoint    ] Safepoint "Cleanup", Time since last: 1008778752 ns, Reaching safepoint: 76022 ns, At safepoint: 7325 ns, Total: 83347 ns
[2020-02-29T06:05:40.023+0000][1][safepoint    ] Safepoint "Cleanup", Time since last: 1000627677 ns, Reaching safepoint: 58444 ns, At safepoint: 6763 ns, Total: 65207 ns
[2020-02-29T06:05:40.532+0000][1][safepoint    ] Safepoint "RevokeBias", Time since last: 509084703 ns, Reaching safepoint: 54343 ns, At safepoint: 15245 ns, Total: 69588 ns
[2020-02-29T06:05:41.540+0000][1][safepoint    ] Safepoint "Cleanup", Time since last: 1007775323 ns, Reaching safepoint: 112703 ns, At safepoint: 26527 ns, Total: 139230 ns
[2020-02-29T06:05:42.551+0000][1][safepoint    ] Safepoint "Cleanup", Time since last: 1010678405 ns, Reaching safepoint: 188834 ns, At safepoint: 21792 ns, Total: 210626 ns
[2020-02-29T06:05:43.046+0000][1][safepoint    ] Safepoint "RevokeBias", Time since last: 494464825 ns, Reaching safepoint: 76572 ns, At safepoint: 18362 ns, Total: 94934 ns
[2020-02-29T06:05:44.046+0000][1][safepoint    ] Safepoint "Cleanup", Time since last: 1000527185 ns, Reaching safepoint: 76726 ns, At safepoint: 9041 ns, Total: 85767 ns
[2020-02-29T06:05:45.047+0000][1][safepoint    ] Safepoint "Cleanup", Time since last: 1000497388 ns, Reaching safepoint: 75029 ns, At safepoint: 7613 ns, Total: 82642 ns
[2020-02-29T06:05:45.559+0000][1][safepoint    ] Safepoint "RevokeBias", Time since last: 511887023 ns, Reaching safepoint: 70743 ns, At safepoint: 17776 ns, Total: 88519 ns
[2020-02-29T06:05:46.563+0000][1][safepoint    ] Safepoint "Cleanup", Time since last: 1004091660 ns, Reaching safepoint: 59740 ns, At safepoint: 6717 ns, Total: 66457 ns
[2020-02-29T06:05:47.570+0000][1][safepoint    ] Safepoint "Cleanup", Time since last: 1007409583 ns, Reaching safepoint: 72665 ns, At safepoint: 5987 ns, Total: 78652 ns
[2020-02-29T06:05:48.090+0000][1][safepoint    ] Safepoint "RevokeBias", Time since last: 519082287 ns, Reaching safepoint: 104869 ns, At safepoint: 36017 ns, Total: 140886 ns
[2020-02-29T06:05:49.094+0000][1][safepoint    ] Safepoint "Cleanup", Time since last: 1004612411 ns, Reaching safepoint: 78349 ns, At safepoint: 7425 ns, Total: 85774 ns
[2020-02-29T06:05:50.098+0000][1][safepoint    ] Safepoint "Cleanup", Time since last: 1003901616 ns, Reaching safepoint: 77962 ns, At safepoint: 7617 ns, Total: 85579 ns
[2020-02-29T06:05:50.601+0000][1][safepoint    ] Safepoint "RevokeBias", Time since last: 502663398 ns, Reaching safepoint: 71774 ns, At safepoint: 16997 ns, Total: 88771 ns
[2020-02-29T06:05:52.217+0000][1][safepoint    ] Safepoint "Cleanup", Time since last: 1616051446 ns, Reaching safepoint: 55855 ns, At safepoint: 5444 ns, Total: 61299 ns
[2020-02-29T06:05:53.111+0000][1][safepoint    ] Safepoint "RevokeBias", Time since last: 894021221 ns, Reaching safepoint: 71134 ns, At safepoint: 17650 ns, Total: 88784 ns
[2020-02-29T06:05:54.115+0000][1][safepoint    ] Safepoint "Cleanup", Time since last: 1003934621 ns, Reaching safepoint: 77253 ns, At safepoint: 21408 ns, Total: 98661 ns
[2020-02-29T06:05:55.116+0000][1][safepoint    ] Safepoint "Cleanup", Time since last: 1000998791 ns, Reaching safepoint: 75119 ns, At safepoint: 7089 ns, Total: 82208 ns
[2020-02-29T06:05:55.628+0000][1][safepoint    ] Safepoint "RevokeBias", Time since last: 511701966 ns, Reaching safepoint: 71119 ns, At safepoint: 17867 ns, Total: 88986 ns
[2020-02-29T06:05:56.630+0000][1][safepoint    ] Safepoint "Cleanup", Time since last: 1002097112 ns, Reaching safepoint: 71730 ns, At safepoint: 5330 ns, Total: 77060 ns
[2020-02-29T06:05:57.636+0000][1][safepoint    ] Safepoint "Cleanup", Time since last: 1005700503 ns, Reaching safepoint: 55459 ns, At safepoint: 5330 ns, Total: 60789 ns
[2020-02-29T06:05:58.157+0000][1][safepoint    ] Safepoint "RevokeBias", Time since last: 521183226 ns, Reaching safepoint: 52426 ns, At safepoint: 16629 ns, Total: 69055 ns
[2020-02-29T06:05:59.168+0000][1][safepoint    ] Safepoint "Cleanup", Time since last: 1010647948 ns, Reaching safepoint: 77775 ns, At safepoint: 7322 ns, Total: 85097 ns
[2020-02-29T06:06:00.169+0000][1][safepoint    ] Safepoint "Cleanup", Time since last: 1001065063 ns, Reaching safepoint: 75606 ns, At safepoint: 6790 ns, Total: 82396 ns
[2020-02-29T06:06:00.685+0000][1][safepoint    ] Safepoint "RevokeBias", Time since last: 515280812 ns, Reaching safepoint: 71066 ns, At safepoint: 31866 ns, Total: 102932 ns
[2020-02-29T06:06:01.689+0000][1][safepoint    ] Safepoint "Cleanup", Time since last: 1004647499 ns, Reaching safepoint: 171827 ns, At safepoint: 28955 ns, Total: 200782 ns
[2020-02-29T06:06:02.692+0000][1][safepoint    ] Safepoint "Cleanup", Time since last: 1002663382 ns, Reaching safepoint: 51533 ns, At safepoint: 4972 ns, Total: 56505 ns
[2020-02-29T06:06:03.202+0000][1][safepoint    ] Safepoint "RevokeBias", Time since last: 509887545 ns, Reaching safepoint: 71357 ns, At safepoint: 17389 ns, Total: 88746 ns
[2020-02-29T06:06:04.210+0000][1][safepoint    ] Safepoint "Cleanup", Time since last: 1007543487 ns, Reaching safepoint: 71593 ns, At safepoint: 5718 ns, Total: 77311 ns
[2020-02-29T06:06:05.210+0000][1][safepoint    ] Safepoint "Cleanup", Time since last: 1000314860 ns, Reaching safepoint: 74882 ns, At safepoint: 6247 ns, Total: 81129 ns
[2020-02-29T06:06:05.717+0000][1][safepoint    ] Safepoint "RevokeBias", Time since last: 506829596 ns, Reaching safepoint: 72385 ns, At safepoint: 17921 ns, Total: 90306 ns
[2020-02-29T06:06:06.723+0000][1][safepoint    ] Safepoint "Cleanup", Time since last: 1005927901 ns, Reaching safepoint: 61305 ns, At safepoint: 8252 ns, Total: 69557 ns
[2020-02-29T06:06:07.730+0000][1][safepoint    ] Safepoint "Cleanup", Time since last: 1007009739 ns, Reaching safepoint: 61190 ns, At safepoint: 7271 ns, Total: 68461 ns
[2020-02-29T06:06:08.241+0000][1][safepoint    ] Safepoint "RevokeBias", Time since last: 510636089 ns, Reaching safepoint: 52218 ns, At safepoint: 16338 ns, Total: 68556 ns
[2020-02-29T06:06:09.243+0000][1][safepoint    ] Safepoint "Cleanup", Time since last: 1001887495 ns, Reaching safepoint: 63166 ns, At safepoint: 7672 ns, Total: 70838 ns
[2020-02-29T06:06:10.243+0000][1][safepoint    ] Safepoint "Cleanup", Time since last: 1000521323 ns, Reaching safepoint: 75706 ns, At safepoint: 6734 ns, Total: 82440 ns
[2020-02-29T06:06:10.766+0000][1][safepoint    ] Safepoint "RevokeBias", Time since last: 522905407 ns, Reaching safepoint: 68645 ns, At safepoint: 15644 ns, Total: 84289 ns
[2020-02-29T06:06:11.767+0000][1][safepoint    ] Safepoint "Cleanup", Time since last: 1000444282 ns, Reaching safepoint: 58929 ns, At safepoint: 6730 ns, Total: 65659 ns
[2020-02-29T06:06:12.768+0000][1][safepoint    ] Safepoint "Cleanup", Time since last: 1000433299 ns, Reaching safepoint: 166709 ns, At safepoint: 26269 ns, Total: 192978 ns
[2020-02-29T06:06:13.281+0000][1][safepoint    ] Safepoint "RevokeBias", Time since last: 513791009 ns, Reaching safepoint: 70367 ns, At safepoint: 17363 ns, Total: 87730 ns
[2020-02-29T06:06:14.287+0000][1][safepoint    ] Safepoint "Cleanup", Time since last: 1005294663 ns, Reaching safepoint: 75027 ns, At safepoint: 6970 ns, Total: 81997 ns
[2020-02-29T06:06:15.292+0000][1][safepoint    ] Safepoint "Cleanup", Time since last: 1005176376 ns, Reaching safepoint: 61148 ns, At safepoint: 6688 ns, Total: 67836 ns
[2020-02-29T06:06:15.798+0000][1][safepoint    ] Safepoint "RevokeBias", Time since last: 505415425 ns, Reaching safepoint: 70543 ns, At safepoint: 18175 ns, Total: 88718 ns
[2020-02-29T06:06:16.799+0000][1][safepoint    ] Safepoint "Cleanup", Time since last: 1001842119 ns, Reaching safepoint: 79656 ns, At safepoint: 7899 ns, Total: 87555 ns
[2020-02-29T06:06:17.802+0000][1][safepoint    ] Safepoint "Cleanup", Time since last: 1002719672 ns, Reaching safepoint: 131797 ns, At safepoint: 8069 ns, Total: 139866 ns
[2020-02-29T06:06:18.320+0000][1][safepoint    ] Safepoint "RevokeBias", Time since last: 517101982 ns, Reaching safepoint: 71326 ns, At safepoint: 17094 ns, Total: 88420 ns
[2020-02-29T06:06:19.321+0000][1][safepoint    ] Safepoint "Cleanup", Time since last: 1000917742 ns, Reaching safepoint: 78467 ns, At safepoint: 7851 ns, Total: 86318 ns
[2020-02-29T06:06:20.321+0000][1][safepoint    ] Safepoint "Cleanup", Time since last: 1000362351 ns, Reaching safepoint: 85209 ns, At safepoint: 10909 ns, Total: 96118 ns
[2020-02-29T06:06:20.834+0000][1][safepoint    ] Safepoint "RevokeBias", Time since last: 513231775 ns, Reaching safepoint: 53561 ns, At safepoint: 15521 ns, Total: 69082 ns
[2020-02-29T06:06:22.218+0000][1][safepoint    ] Safepoint "Cleanup", Time since last: 1383708140 ns, Reaching safepoint: 83263 ns, At safepoint: 9241 ns, Total: 92504 ns
[2020-02-29T06:06:23.219+0000][1][safepoint    ] Safepoint "Cleanup", Time since last: 1000926827 ns, Reaching safepoint: 83438 ns, At safepoint: 7469 ns, Total: 90907 ns
[2020-02-29T06:06:23.353+0000][1][safepoint    ] Safepoint "RevokeBias", Time since last: 133760797 ns, Reaching safepoint: 52671 ns, At safepoint: 15788 ns, Total: 68459 ns
[2020-02-29T06:06:24.354+0000][1][safepoint    ] Safepoint "Cleanup", Time since last: 1001046018 ns, Reaching safepoint: 73948 ns, At safepoint: 6800 ns, Total: 80748 ns
[2020-02-29T06:06:25.357+0000][1][safepoint    ] Safepoint "Cleanup", Time since last: 1003130288 ns, Reaching safepoint: 93752 ns, At safepoint: 6946 ns, Total: 100698 ns
[2020-02-29T06:06:25.869+0000][1][safepoint    ] Safepoint "RevokeBias", Time since last: 511986551 ns, Reaching safepoint: 53261 ns, At safepoint: 16560 ns, Total: 69821 ns
[2020-02-29T06:06:26.874+0000][1][safepoint    ] Safepoint "Cleanup", Time since last: 1004305465 ns, Reaching safepoint: 78670 ns, At safepoint: 7557 ns, Total: 86227 ns
[2020-02-29T06:06:27.874+0000][1][safepoint    ] Safepoint "Cleanup", Time since last: 1000267610 ns, Reaching safepoint: 80131 ns, At safepoint: 8397 ns, Total: 88528 ns
[2020-02-29T06:06:28.391+0000][1][safepoint    ] Safepoint "RevokeBias", Time since last: 517122415 ns, Reaching safepoint: 70878 ns, At safepoint: 18266 ns, Total: 89144 ns
[2020-02-29T06:06:29.392+0000][1][safepoint    ] Safepoint "Cleanup", Time since last: 1000865983 ns, Reaching safepoint: 111178 ns, At safepoint: 27330 ns, Total: 138508 ns
[2020-02-29T06:06:30.395+0000][1][safepoint    ] Safepoint "Cleanup", Time since last: 1002647161 ns, Reaching safepoint: 58756 ns, At safepoint: 7675 ns, Total: 66431 ns
[2020-02-29T06:06:30.911+0000][1][safepoint    ] Safepoint "RevokeBias", Time since last: 516161034 ns, Reaching safepoint: 82553 ns, At safepoint: 41084 ns, Total: 123637 ns
[2020-02-29T06:06:31.919+0000][1][safepoint    ] Safepoint "Cleanup", Time since last: 1007784766 ns, Reaching safepoint: 74384 ns, At safepoint: 7011 ns, Total: 81395 ns
[2020-02-29T06:06:32.930+0000][1][safepoint    ] Safepoint "Cleanup", Time since last: 1010140341 ns, Reaching safepoint: 138893 ns, At safepoint: 26832 ns, Total: 165725 ns
[2020-02-29T06:06:33.439+0000][1][safepoint    ] Safepoint "RevokeBias", Time since last: 509911856 ns, Reaching safepoint: 53968 ns, At safepoint: 15478 ns, Total: 69446 ns
[2020-02-29T06:06:34.442+0000][1][safepoint    ] Safepoint "Cleanup", Time since last: 1002656836 ns, Reaching safepoint: 57145 ns, At safepoint: 6106 ns, Total: 63251 ns
[2020-02-29T06:06:35.447+0000][1][safepoint    ] Safepoint "Cleanup", Time since last: 1004717914 ns, Reaching safepoint: 57919 ns, At safepoint: 6206 ns, Total: 64125 ns
[2020-02-29T06:06:35.962+0000][1][safepoint    ] Safepoint "RevokeBias", Time since last: 514919824 ns, Reaching safepoint: 52838 ns, At safepoint: 16318 ns, Total: 69156 ns
[2020-02-29T06:06:36.966+0000][1][safepoint    ] Safepoint "Cleanup", Time since last: 1003354870 ns, Reaching safepoint: 162879 ns, At safepoint: 7305 ns, Total: 170184 ns
[2020-02-29T06:06:37.975+0000][1][safepoint    ] Safepoint "Cleanup", Time since last: 1009417497 ns, Reaching safepoint: 58961 ns, At safepoint: 7133 ns, Total: 66094 ns
[2020-02-29T06:06:38.498+0000][1][safepoint    ] Safepoint "RevokeBias", Time since last: 522392434 ns, Reaching safepoint: 71458 ns, At safepoint: 77015 ns, Total: 148473 ns
[2020-02-29T06:06:39.498+0000][1][safepoint    ] Safepoint "Cleanup", Time since last: 1000389875 ns, Reaching safepoint: 90438 ns, At safepoint: 6539 ns, Total: 96977 ns
[2020-02-29T06:06:40.500+0000][1][safepoint    ] Safepoint "Cleanup", Time since last: 1001443935 ns, Reaching safepoint: 73649 ns, At safepoint: 5761 ns, Total: 79410 ns
[2020-02-29T06:06:41.022+0000][1][safepoint    ] Safepoint "RevokeBias", Time since last: 522708479 ns, Reaching safepoint: 55800 ns, At safepoint: 16826 ns, Total: 72626 ns
[2020-02-29T06:06:42.131+0000][1][safepoint    ] Safepoint "Cleanup", Time since last: 1108846903 ns, Reaching safepoint: 60389 ns, At safepoint: 7220 ns, Total: 67609 ns
[2020-02-29T06:06:43.133+0000][1][safepoint    ] Safepoint "Cleanup", Time since last: 1002045870 ns, Reaching safepoint: 61269 ns, At safepoint: 6689 ns, Total: 67958 ns
[2020-02-29T06:06:43.540+0000][1][safepoint    ] Safepoint "RevokeBias", Time since last: 406450778 ns, Reaching safepoint: 101710 ns, At safepoint: 19218 ns, Total: 120928 ns
[2020-02-29T06:06:44.543+0000][1][safepoint    ] Safepoint "Cleanup", Time since last: 1003341877 ns, Reaching safepoint: 75976 ns, At safepoint: 7114 ns, Total: 83090 ns
[2020-02-29T06:06:45.544+0000][1][safepoint    ] Safepoint "Cleanup", Time since last: 1000566906 ns, Reaching safepoint: 77382 ns, At safepoint: 6857 ns, Total: 84239 ns
[2020-02-29T06:06:46.052+0000][1][safepoint    ] Safepoint "RevokeBias", Time since last: 508219226 ns, Reaching safepoint: 156861 ns, At safepoint: 21955 ns, Total: 178816 ns
[2020-02-29T06:06:47.063+0000][1][safepoint    ] Safepoint "Cleanup", Time since last: 1010463151 ns, Reaching safepoint: 75907 ns, At safepoint: 7566 ns, Total: 83473 ns
[2020-02-29T06:06:48.063+0000][1][safepoint    ] Safepoint "Cleanup", Time since last: 1000366650 ns, Reaching safepoint: 92309 ns, At safepoint: 8789 ns, Total: 101098 ns
[2020-02-29T06:06:48.561+0000][1][safepoint    ] Safepoint "RevokeBias", Time since last: 497887744 ns, Reaching safepoint: 69828 ns, At safepoint: 17183 ns, Total: 87011 ns
[2020-02-29T06:06:49.569+0000][1][safepoint    ] Safepoint "Cleanup", Time since last: 1007978208 ns, Reaching safepoint: 60034 ns, At safepoint: 6869 ns, Total: 66903 ns
[2020-02-29T06:06:50.574+0000][1][safepoint    ] Safepoint "Cleanup", Time since last: 1004338000 ns, Reaching safepoint: 77112 ns, At safepoint: 7235 ns, Total: 84347 ns
[2020-02-29T06:06:51.084+0000][1][safepoint    ] Safepoint "BulkRevokeBias", Time since last: 509999898 ns, Reaching safepoint: 136090 ns, At safepoint: 221769 ns, Total: 357859 ns
[2020-02-29T06:06:52.088+0000][1][safepoint    ] Safepoint "Cleanup", Time since last: 1003908172 ns, Reaching safepoint: 75042 ns, At safepoint: 6353 ns, Total: 81395 ns
[2020-02-29T06:06:53.089+0000][1][safepoint    ] Safepoint "Cleanup", Time since last: 1000936745 ns, Reaching safepoint: 60414 ns, At safepoint: 7222 ns, Total: 67636 ns
[2020-02-29T06:06:53.606+0000][1][safepoint    ] Safepoint "RevokeBias", Time since last: 517051210 ns, Reaching safepoint: 52844 ns, At safepoint: 16102 ns, Total: 68946 ns
[2020-02-29T06:06:54.607+0000][1][safepoint    ] Safepoint "Cleanup", Time since last: 1000291175 ns, Reaching safepoint: 76162 ns, At safepoint: 7624 ns, Total: 83786 ns
[2020-02-29T06:06:55.608+0000][1][safepoint    ] Safepoint "Cleanup", Time since last: 1000716007 ns, Reaching safepoint: 91553 ns, At safepoint: 10416 ns, Total: 101969 ns
[2020-02-29T06:06:56.132+0000][1][safepoint    ] Safepoint "RevokeBias", Time since last: 523915655 ns, Reaching safepoint: 71091 ns, At safepoint: 16855 ns, Total: 87946 ns
[2020-02-29T06:06:57.909+0000][1][safepoint    ] Safepoint "Cleanup", Time since last: 1777415402 ns, Reaching safepoint: 86644 ns, At safepoint: 6092 ns, Total: 92736 ns
[2020-02-29T06:06:58.641+0000][1][safepoint    ] Safepoint "RevokeBias", Time since last: 731586769 ns, Reaching safepoint: 70340 ns, At safepoint: 114315 ns, Total: 184655 ns
[2020-02-29T06:06:59.642+0000][1][safepoint    ] Safepoint "Cleanup", Time since last: 1001307401 ns, Reaching safepoint: 103485 ns, At safepoint: 5776 ns, Total: 109261 ns
[2020-02-29T06:07:00.644+0000][1][safepoint    ] Safepoint "Cleanup", Time since last: 1001706653 ns, Reaching safepoint: 74315 ns, At safepoint: 5649 ns, Total: 79964 ns
[2020-02-29T06:07:01.160+0000][1][safepoint    ] Safepoint "RevokeBias", Time since last: 516253139 ns, Reaching safepoint: 86961 ns, At safepoint: 35145 ns, Total: 122106 ns
[2020-02-29T06:07:02.161+0000][1][safepoint    ] Safepoint "Cleanup", Time since last: 1000785737 ns, Reaching safepoint: 58695 ns, At safepoint: 6646 ns, Total: 65341 ns
[2020-02-29T06:07:03.170+0000][1][safepoint    ] Safepoint "Cleanup", Time since last: 1008445995 ns, Reaching safepoint: 79175 ns, At safepoint: 6814 ns, Total: 85989 ns
[2020-02-29T06:07:03.685+0000][1][safepoint    ] Safepoint "RevokeBias", Time since last: 514731938 ns, Reaching safepoint: 69589 ns, At safepoint: 17077 ns, Total: 86666 ns
[2020-02-29T06:07:04.689+0000][1][safepoint    ] Safepoint "Cleanup", Time since last: 1004488374 ns, Reaching safepoint: 75279 ns, At safepoint: 6971 ns, Total: 82250 ns
[2020-02-29T06:07:05.691+0000][1][safepoint    ] Safepoint "Cleanup", Time since last: 1002077738 ns, Reaching safepoint: 228591 ns, At safepoint: 7291 ns, Total: 235882 ns
[2020-02-29T06:07:06.203+0000][1][safepoint    ] Safepoint "RevokeBias", Time since last: 511872860 ns, Reaching safepoint: 50750 ns, At safepoint: 15653 ns, Total: 66403 ns
[2020-02-29T06:07:07.212+0000][1][safepoint    ] Safepoint "Cleanup", Time since last: 1008562231 ns, Reaching safepoint: 61232 ns, At safepoint: 6934 ns, Total: 68166 ns
[2020-02-29T06:07:08.214+0000][1][safepoint    ] Safepoint "Cleanup", Time since last: 1001981585 ns, Reaching safepoint: 96870 ns, At safepoint: 7306 ns, Total: 104176 ns
[2020-02-29T06:07:08.719+0000][1][safepoint    ] Safepoint "RevokeBias", Time since last: 504472079 ns, Reaching safepoint: 71093 ns, At safepoint: 17488 ns, Total: 88581 ns
[2020-02-29T06:07:09.724+0000][1][safepoint    ] Safepoint "Cleanup", Time since last: 1005350064 ns, Reaching safepoint: 61002 ns, At safepoint: 7394 ns, Total: 68396 ns
[2020-02-29T06:07:10.726+0000][1][safepoint    ] Safepoint "Cleanup", Time since last: 1001708815 ns, Reaching safepoint: 74797 ns, At safepoint: 7088 ns, Total: 81885 ns
[2020-02-29T06:07:11.237+0000][1][safepoint    ] Safepoint "RevokeBias", Time since last: 511262825 ns, Reaching safepoint: 72531 ns, At safepoint: 17539 ns, Total: 90070 ns
[2020-02-29T06:07:12.240+0000][1][safepoint    ] Safepoint "Cleanup", Time since last: 1002924125 ns, Reaching safepoint: 192722 ns, At safepoint: 26080 ns, Total: 218802 ns
[2020-02-29T06:07:13.246+0000][1][safepoint    ] Safepoint "Cleanup", Time since last: 1005695777 ns, Reaching safepoint: 61247 ns, At safepoint: 6726 ns, Total: 67973 ns
[2020-02-29T06:07:13.755+0000][1][safepoint    ] Safepoint "RevokeBias", Time since last: 508292721 ns, Reaching safepoint: 71098 ns, At safepoint: 18749 ns, Total: 89847 ns
[2020-02-29T06:07:14.755+0000][1][safepoint    ] Safepoint "Cleanup", Time since last: 1000316732 ns, Reaching safepoint: 79813 ns, At safepoint: 7047 ns, Total: 86860 ns
[2020-02-29T06:07:15.757+0000][1][safepoint    ] Safepoint "Cleanup", Time since last: 1002015521 ns, Reaching safepoint: 90583 ns, At safepoint: 6331 ns, Total: 96914 ns
[2020-02-29T06:07:16.279+0000][1][safepoint    ] Safepoint "RevokeBias", Time since last: 521841881 ns, Reaching safepoint: 52286 ns, At safepoint: 15803 ns, Total: 68089 ns
[2020-02-29T06:07:17.280+0000][1][safepoint    ] Safepoint "Cleanup", Time since last: 1000839125 ns, Reaching safepoint: 99003 ns, At safepoint: 9363 ns, Total: 108366 ns
[2020-02-29T06:07:18.285+0000][1][safepoint    ] Safepoint "Cleanup", Time since last: 1005140409 ns, Reaching safepoint: 76125 ns, At safepoint: 7442 ns, Total: 83567 ns
[2020-02-29T06:07:18.792+0000][1][safepoint    ] Safepoint "RevokeBias", Time since last: 506804640 ns, Reaching safepoint: 71874 ns, At safepoint: 17251 ns, Total: 89125 ns
[2020-02-29T06:07:19.795+0000][1][safepoint    ] Safepoint "Cleanup", Time since last: 1003182409 ns, Reaching safepoint: 75544 ns, At safepoint: 6951 ns, Total: 82495 ns
[2020-02-29T06:07:20.798+0000][1][safepoint    ] Safepoint "Cleanup", Time since last: 1003043981 ns, Reaching safepoint: 73762 ns, At safepoint: 6922 ns, Total: 80684 ns
[2020-02-29T06:07:21.308+0000][1][safepoint    ] Safepoint "RevokeBias", Time since last: 509222253 ns, Reaching safepoint: 71679 ns, At safepoint: 17761 ns, Total: 89440 ns
[2020-02-29T06:07:22.309+0000][1][safepoint    ] Safepoint "Cleanup", Time since last: 1001426939 ns, Reaching safepoint: 75552 ns, At safepoint: 7017 ns, Total: 82569 ns
[2020-02-29T06:07:23.310+0000][1][safepoint    ] Safepoint "Cleanup", Time since last: 1000751448 ns, Reaching safepoint: 128264 ns, At safepoint: 6684 ns, Total: 134948 ns
[2020-02-29T06:07:23.818+0000][1][gc,start     ] GC(65) Pause Young (Allocation Failure)
[2020-02-29T06:07:23.818+0000][1][gc,task      ] GC(65) Using 1 workers of 1 for evacuation
[2020-02-29T06:07:23.827+0000][1][gc,age       ] GC(65) Desired survivor size 4358144 bytes, new threshold 6 (max threshold 6)
[2020-02-29T06:07:23.827+0000][1][gc,age       ] GC(65) Age table with threshold 6 (max threshold 6)
[2020-02-29T06:07:23.827+0000][1][gc,age       ] GC(65) - age   1:      12184 bytes,      12184 total
[2020-02-29T06:07:23.827+0000][1][gc,age       ] GC(65) - age   2:        544 bytes,      12728 total
[2020-02-29T06:07:23.827+0000][1][gc,age       ] GC(65) - age   3:        328 bytes,      13056 total
[2020-02-29T06:07:23.827+0000][1][gc,age       ] GC(65) - age   4:       2048 bytes,      15104 total
[2020-02-29T06:07:23.827+0000][1][gc,heap      ] GC(65) ParNew: 68173K->27K(76672K)
[2020-02-29T06:07:23.827+0000][1][gc,heap      ] GC(65) CMS: 62563K->62563K(963392K)
[2020-02-29T06:07:23.827+0000][1][gc,metaspace ] GC(65) Metaspace: 79713K->79713K(1122304K)
[2020-02-29T06:07:23.827+0000][1][gc           ] GC(65) Pause Young (Allocation Failure) 127M->61M(1015M) 8.705ms
[2020-02-29T06:07:23.827+0000][1][gc,cpu       ] GC(65) User=0.01s Sys=0.00s Real=0.01s
[2020-02-29T06:07:23.827+0000][1][safepoint    ] Safepoint "GenCollectForAllocation", Time since last: 508176695 ns, Reaching safepoint: 73168 ns, At safepoint: 8757561 ns, Total: 8830729 ns
[2020-02-29T06:07:23.829+0000][1][safepoint    ] Safepoint "RevokeBias", Time since last: 1302298 ns, Reaching safepoint: 79497 ns, At safepoint: 18904 ns, Total: 98401 ns
[2020-02-29T06:07:24.836+0000][1][safepoint    ] Safepoint "Cleanup", Time since last: 1007591039 ns, Reaching safepoint: 56701 ns, At safepoint: 5535 ns, Total: 62236 ns
[2020-02-29T06:07:25.840+0000][1][safepoint    ] Safepoint "Cleanup", Time since last: 1004158104 ns, Reaching safepoint: 73808 ns, At safepoint: 5728 ns, Total: 79536 ns
[2020-02-29T06:07:26.340+0000][1][safepoint    ] Safepoint "RevokeBias", Time since last: 499054618 ns, Reaching safepoint: 71987 ns, At safepoint: 17299 ns, Total: 89286 ns
[2020-02-29T06:07:27.926+0000][1][safepoint    ] Safepoint "Cleanup", Time since last: 1586177485 ns, Reaching safepoint: 57575 ns, At safepoint: 6274 ns, Total: 63849 ns
[2020-02-29T06:07:28.852+0000][1][safepoint    ] Safepoint "RevokeBias", Time since last: 926351294 ns, Reaching safepoint: 130096 ns, At safepoint: 19936 ns, Total: 150032 ns
[2020-02-29T06:07:29.853+0000][1][safepoint    ] Safepoint "Cleanup", Time since last: 1001090382 ns, Reaching safepoint: 75710 ns, At safepoint: 6046 ns, Total: 81756 ns
[2020-02-29T06:07:30.855+0000][1][safepoint    ] Safepoint "Cleanup", Time since last: 1000947049 ns, Reaching safepoint: 76075 ns, At safepoint: 7250 ns, Total: 83325 ns
[2020-02-29T06:07:31.372+0000][1][safepoint    ] Safepoint "RevokeBias", Time since last: 517800068 ns, Reaching safepoint: 121510 ns, At safepoint: 35928 ns, Total: 157438 ns
[2020-02-29T06:07:32.374+0000][1][safepoint    ] Safepoint "Cleanup", Time since last: 1001654887 ns, Reaching safepoint: 62515 ns, At safepoint: 6873 ns, Total: 69388 ns
[2020-02-29T06:07:33.379+0000][1][safepoint    ] Safepoint "Cleanup", Time since last: 1004629217 ns, Reaching safepoint: 60353 ns, At safepoint: 7324 ns, Total: 67677 ns
[2020-02-29T06:07:33.896+0000][1][safepoint    ] Safepoint "RevokeBias", Time since last: 516874832 ns, Reaching safepoint: 70483 ns, At safepoint: 18294 ns, Total: 88777 ns
[2020-02-29T06:07:34.901+0000][1][safepoint    ] Safepoint "Cleanup", Time since last: 1005331929 ns, Reaching safepoint: 59852 ns, At safepoint: 6731 ns, Total: 66583 ns
[2020-02-29T06:07:35.902+0000][1][safepoint    ] Safepoint "Cleanup", Time since last: 1000291283 ns, Reaching safepoint: 78736 ns, At safepoint: 8802 ns, Total: 87538 ns
[2020-02-29T06:07:36.415+0000][1][safepoint    ] Safepoint "RevokeBias", Time since last: 512852475 ns, Reaching safepoint: 123098 ns, At safepoint: 20111 ns, Total: 143209 ns
[2020-02-29T06:07:37.420+0000][1][safepoint    ] Safepoint "Cleanup", Time since last: 1005417487 ns, Reaching safepoint: 74463 ns, At safepoint: 6894 ns, Total: 81357 ns
[2020-02-29T06:07:38.430+0000][1][safepoint    ] Safepoint "Cleanup", Time since last: 1009869316 ns, Reaching safepoint: 81312 ns, At safepoint: 6987 ns, Total: 88299 ns
[2020-02-29T06:07:38.935+0000][1][safepoint    ] Safepoint "RevokeBias", Time since last: 504649060 ns, Reaching safepoint: 66948 ns, At safepoint: 16852 ns, Total: 83800 ns
[2020-02-29T06:07:39.945+0000][1][safepoint    ] Safepoint "Cleanup", Time since last: 1010263538 ns, Reaching safepoint: 70682 ns, At safepoint: 6624 ns, Total: 77306 ns
[2020-02-29T06:07:40.946+0000][1][safepoint    ] Safepoint "Cleanup", Time since last: 1000548292 ns, Reaching safepoint: 110084 ns, At safepoint: 6966 ns, Total: 117050 ns
[2020-02-29T06:07:41.462+0000][1][safepoint    ] Safepoint "RevokeBias", Time since last: 515658051 ns, Reaching safepoint: 100736 ns, At safepoint: 32432 ns, Total: 133168 ns
[2020-02-29T06:07:42.465+0000][1][safepoint    ] Safepoint "Cleanup", Time since last: 1003505179 ns, Reaching safepoint: 74431 ns, At safepoint: 6857 ns, Total: 81288 ns
[2020-02-29T06:07:43.470+0000][1][safepoint    ] Safepoint "Cleanup", Time since last: 1004817828 ns, Reaching safepoint: 76969 ns, At safepoint: 7105 ns, Total: 84074 ns
[2020-02-29T06:07:43.976+0000][1][safepoint    ] Safepoint "RevokeBias", Time since last: 506272063 ns, Reaching safepoint: 87148 ns, At safepoint: 20675 ns, Total: 107823 ns
[2020-02-29T06:07:44.985+0000][1][safepoint    ] Safepoint "Cleanup", Time since last: 1008649611 ns, Reaching safepoint: 75258 ns, At safepoint: 6948 ns, Total: 82206 ns
[2020-02-29T06:07:45.995+0000][1][safepoint    ] Safepoint "Cleanup", Time since last: 1009975766 ns, Reaching safepoint: 74772 ns, At safepoint: 7864 ns, Total: 82636 ns
[2020-02-29T06:07:46.495+0000][1][safepoint    ] Safepoint "RevokeBias", Time since last: 499747909 ns, Reaching safepoint: 95254 ns, At safepoint: 18654 ns, Total: 113908 ns
[2020-02-29T06:07:47.496+0000][1][safepoint    ] Safepoint "Cleanup", Time since last: 1000946871 ns, Reaching safepoint: 55340 ns, At safepoint: 6290 ns, Total: 61630 ns
[2020-02-29T06:07:48.504+0000][1][safepoint    ] Safepoint "Cleanup", Time since last: 1008077947 ns, Reaching safepoint: 60031 ns, At safepoint: 6871 ns, Total: 66902 ns
[2020-02-29T06:07:49.012+0000][1][safepoint    ] Safepoint "RevokeBias", Time since last: 507608181 ns, Reaching safepoint: 53343 ns, At safepoint: 15517 ns, Total: 68860 ns
[2020-02-29T06:07:50.015+0000][1][safepoint    ] Safepoint "Cleanup", Time since last: 1003039944 ns, Reaching safepoint: 75647 ns, At safepoint: 6622 ns, Total: 82269 ns
[2020-02-29T06:07:51.019+0000][1][safepoint    ] Safepoint "Cleanup", Time since last: 1004088454 ns, Reaching safepoint: 160711 ns, At safepoint: 7182 ns, Total: 167893 ns
[2020-02-29T06:07:51.546+0000][1][safepoint    ] Safepoint "RevokeBias", Time since last: 521096673 ns, Reaching safepoint: 5910720 ns, At safepoint: 22344 ns, Total: 5933064 ns
[2020-02-29T06:07:52.548+0000][1][safepoint    ] Safepoint "Cleanup", Time since last: 1001061701 ns, Reaching safepoint: 80253 ns, At safepoint: 6918 ns, Total: 87171 ns
[2020-02-29T06:07:53.550+0000][1][safepoint    ] Safepoint "Cleanup", Time since last: 1002599202 ns, Reaching safepoint: 76495 ns, At safepoint: 6250 ns, Total: 82745 ns
[2020-02-29T06:07:54.071+0000][1][safepoint    ] Safepoint "RevokeBias", Time since last: 520577490 ns, Reaching safepoint: 51510 ns, At safepoint: 16142 ns, Total: 67652 ns
[2020-02-29T06:07:55.075+0000][1][safepoint    ] Safepoint "Cleanup", Time since last: 1004150854 ns, Reaching safepoint: 59529 ns, At safepoint: 7156 ns, Total: 66685 ns
[2020-02-29T06:07:56.076+0000][1][safepoint    ] Safepoint "Cleanup", Time since last: 1000903241 ns, Reaching safepoint: 61470 ns, At safepoint: 7337 ns, Total: 68807 ns
[2020-02-29T06:07:56.587+0000][1][safepoint    ] Safepoint "RevokeBias", Time since last: 511089947 ns, Reaching safepoint: 69830 ns, At safepoint: 17883 ns, Total: 87713 ns
[2020-02-29T06:07:57.589+0000][1][safepoint    ] Safepoint "Cleanup", Time since last: 1001646596 ns, Reaching safepoint: 57321 ns, At safepoint: 5559 ns, Total: 62880 ns
[2020-02-29T06:07:58.597+0000][1][safepoint    ] Safepoint "Cleanup", Time since last: 1008148390 ns, Reaching safepoint: 173410 ns, At safepoint: 7797 ns, Total: 181207 ns
[2020-02-29T06:07:59.110+0000][1][safepoint    ] Safepoint "RevokeBias", Time since last: 512848796 ns, Reaching safepoint: 68956 ns, At safepoint: 18401 ns, Total: 87357 ns
[2020-02-29T06:08:00.111+0000][1][safepoint    ] Safepoint "Cleanup", Time since last: 1000679637 ns, Reaching safepoint: 57526 ns, At safepoint: 5557 ns, Total: 63083 ns
[2020-02-29T06:08:01.121+0000][1][safepoint    ] Safepoint "Cleanup", Time since last: 1010355226 ns, Reaching safepoint: 57917 ns, At safepoint: 5940 ns, Total: 63857 ns
[2020-02-29T06:08:01.645+0000][1][safepoint    ] Safepoint "RevokeBias", Time since last: 523591103 ns, Reaching safepoint: 72386 ns, At safepoint: 16806 ns, Total: 89192 ns
[2020-02-29T06:08:02.650+0000][1][safepoint    ] Safepoint "Cleanup", Time since last: 1004935199 ns, Reaching safepoint: 59907 ns, At safepoint: 6837 ns, Total: 66744 ns
[2020-02-29T06:08:03.655+0000][1][safepoint    ] Safepoint "Cleanup", Time since last: 1005304315 ns, Reaching safepoint: 75072 ns, At safepoint: 7070 ns, Total: 82142 ns
[2020-02-29T06:08:04.170+0000][1][safepoint    ] Safepoint "BulkRevokeBias", Time since last: 513939755 ns, Reaching safepoint: 71801 ns, At safepoint: 179549 ns, Total: 251350 ns
[2020-02-29T06:08:05.177+0000][1][safepoint    ] Safepoint "Cleanup", Time since last: 1007611877 ns, Reaching safepoint: 57630 ns, At safepoint: 5648 ns, Total: 63278 ns
[2020-02-29T06:08:06.184+0000][1][safepoint    ] Safepoint "Cleanup", Time since last: 1006492878 ns, Reaching safepoint: 59020 ns, At safepoint: 6213 ns, Total: 65233 ns
[2020-02-29T06:08:06.691+0000][1][safepoint    ] Safepoint "RevokeBias", Time since last: 507187225 ns, Reaching safepoint: 70988 ns, At safepoint: 17754 ns, Total: 88742 ns
[2020-02-29T06:08:07.698+0000][1][safepoint    ] Safepoint "Cleanup", Time since last: 1006771926 ns, Reaching safepoint: 94920 ns, At safepoint: 6872 ns, Total: 101792 ns
[2020-02-29T06:08:08.709+0000][1][safepoint    ] Safepoint "Cleanup", Time since last: 1011022799 ns, Reaching safepoint: 60466 ns, At safepoint: 7353 ns, Total: 67819 ns
[2020-02-29T06:08:09.216+0000][1][safepoint    ] Safepoint "RevokeBias", Time since last: 506955210 ns, Reaching safepoint: 51793 ns, At safepoint: 15451 ns, Total: 67244 ns
[2020-02-29T06:08:10.218+0000][1][safepoint    ] Safepoint "Cleanup", Time since last: 1001952630 ns, Reaching safepoint: 76869 ns, At safepoint: 7099 ns, Total: 83968 ns
[2020-02-29T06:08:11.225+0000][1][safepoint    ] Safepoint "Cleanup", Time since last: 1007077573 ns, Reaching safepoint: 58867 ns, At safepoint: 6852 ns, Total: 65719 ns
[2020-02-29T06:08:11.741+0000][1][safepoint    ] Safepoint "RevokeBias", Time since last: 515204473 ns, Reaching safepoint: 88604 ns, At safepoint: 33472 ns, Total: 122076 ns
[2020-02-29T06:08:12.750+0000][1][safepoint    ] Safepoint "Cleanup", Time since last: 1009685850 ns, Reaching safepoint: 78472 ns, At safepoint: 7530 ns, Total: 86002 ns
[2020-02-29T06:08:13.751+0000][1][safepoint    ] Safepoint "Cleanup", Time since last: 1000833446 ns, Reaching safepoint: 60205 ns, At safepoint: 7133 ns, Total: 67338 ns
[2020-02-29T06:08:14.264+0000][1][safepoint    ] Safepoint "RevokeBias", Time since last: 512480343 ns, Reaching safepoint: 53657 ns, At safepoint: 15253 ns, Total: 68910 ns
[2020-02-29T06:08:15.268+0000][1][safepoint    ] Safepoint "Cleanup", Time since last: 1003805417 ns, Reaching safepoint: 61758 ns, At safepoint: 6774 ns, Total: 68532 ns
[2020-02-29T06:08:16.270+0000][1][safepoint    ] Safepoint "Cleanup", Time since last: 1002189119 ns, Reaching safepoint: 98261 ns, At safepoint: 8076 ns, Total: 106337 ns
[2020-02-29T06:08:16.801+0000][1][safepoint    ] Safepoint "RevokeBias", Time since last: 530889219 ns, Reaching safepoint: 70789 ns, At safepoint: 17330 ns, Total: 88119 ns
[2020-02-29T06:08:17.802+0000][1][safepoint    ] Safepoint "Cleanup", Time since last: 1001193623 ns, Reaching safepoint: 77818 ns, At safepoint: 7611 ns, Total: 85429 ns
[2020-02-29T06:08:18.803+0000][1][safepoint    ] Safepoint "Cleanup", Time since last: 1000895482 ns, Reaching safepoint: 61197 ns, At safepoint: 6937 ns, Total: 68134 ns
[2020-02-29T06:08:19.321+0000][1][safepoint    ] Safepoint "RevokeBias", Time since last: 517924683 ns, Reaching safepoint: 71579 ns, At safepoint: 40552 ns, Total: 112131 ns
[2020-02-29T06:08:20.328+0000][1][safepoint    ] Safepoint "Cleanup", Time since last: 1006719687 ns, Reaching safepoint: 112167 ns, At safepoint: 7245 ns, Total: 119412 ns
[2020-02-29T06:08:21.330+0000][1][safepoint    ] Safepoint "Cleanup", Time since last: 1002314276 ns, Reaching safepoint: 70837 ns, At safepoint: 5791 ns, Total: 76628 ns
[2020-02-29T06:08:21.844+0000][1][safepoint    ] Safepoint "RevokeBias", Time since last: 513908627 ns, Reaching safepoint: 51867 ns, At safepoint: 15628 ns, Total: 67495 ns
[2020-02-29T06:08:22.847+0000][1][safepoint    ] Safepoint "Cleanup", Time since last: 1002394544 ns, Reaching safepoint: 190822 ns, At safepoint: 26164 ns, Total: 216986 ns
[2020-02-29T06:08:23.855+0000][1][safepoint    ] Safepoint "Cleanup", Time since last: 1008118907 ns, Reaching safepoint: 60271 ns, At safepoint: 6734 ns, Total: 67005 ns
[2020-02-29T06:08:24.353+0000][1][safepoint    ] Safepoint "RevokeBias", Time since last: 498128865 ns, Reaching safepoint: 78882 ns, At safepoint: 21611 ns, Total: 100493 ns
[2020-02-29T06:08:25.354+0000][1][safepoint    ] Safepoint "Cleanup", Time since last: 1000214034 ns, Reaching safepoint: 75021 ns, At safepoint: 6585 ns, Total: 81606 ns
[2020-02-29T06:08:26.355+0000][1][safepoint    ] Safepoint "Cleanup", Time since last: 1000907694 ns, Reaching safepoint: 60788 ns, At safepoint: 7303 ns, Total: 68091 ns
[2020-02-29T06:08:26.866+0000][1][safepoint    ] Safepoint "RevokeBias", Time since last: 511199079 ns, Reaching safepoint: 114599 ns, At safepoint: 17518 ns, Total: 132117 ns
[2020-02-29T06:08:27.867+0000][1][safepoint    ] Safepoint "Cleanup", Time since last: 1001169188 ns, Reaching safepoint: 58514 ns, At safepoint: 6856 ns, Total: 65370 ns
[2020-02-29T06:08:28.870+0000][1][safepoint    ] Safepoint "Cleanup", Time since last: 1002814551 ns, Reaching safepoint: 60190 ns, At safepoint: 7854 ns, Total: 68044 ns
[2020-02-29T06:08:29.385+0000][1][safepoint    ] Safepoint "RevokeBias", Time since last: 514237098 ns, Reaching safepoint: 67167 ns, At safepoint: 17602 ns, Total: 84769 ns
[2020-02-29T06:08:30.394+0000][1][safepoint    ] Safepoint "Cleanup", Time since last: 1009679061 ns, Reaching safepoint: 163064 ns, At safepoint: 7597 ns, Total: 170661 ns
[2020-02-29T06:08:31.900+0000][1][safepoint    ] Safepoint "RevokeBias", Time since last: 1505514519 ns, Reaching safepoint: 54319 ns, At safepoint: 42420 ns, Total: 96739 ns
[2020-02-29T06:08:32.903+0000][1][safepoint    ] Safepoint "Cleanup", Time since last: 1002779900 ns, Reaching safepoint: 75494 ns, At safepoint: 6657 ns, Total: 82151 ns
[2020-02-29T06:08:33.903+0000][1][safepoint    ] Safepoint "Cleanup", Time since last: 1000531521 ns, Reaching safepoint: 80235 ns, At safepoint: 8364 ns, Total: 88599 ns
[2020-02-29T06:08:34.418+0000][1][safepoint    ] Safepoint "RevokeBias", Time since last: 514706380 ns, Reaching safepoint: 72281 ns, At safepoint: 17759 ns, Total: 90040 ns
[2020-02-29T06:08:35.424+0000][1][safepoint    ] Safepoint "Cleanup", Time since last: 1005829108 ns, Reaching safepoint: 74696 ns, At safepoint: 5631 ns, Total: 80327 ns
[2020-02-29T06:08:36.428+0000][1][safepoint    ] Safepoint "Cleanup", Time since last: 1004132285 ns, Reaching safepoint: 74762 ns, At safepoint: 5738 ns, Total: 80500 ns
[2020-02-29T06:08:36.938+0000][1][safepoint    ] Safepoint "RevokeBias", Time since last: 509161613 ns, Reaching safepoint: 77507 ns, At safepoint: 18994 ns, Total: 96501 ns
[2020-02-29T06:08:37.939+0000][1][safepoint    ] Safepoint "Cleanup", Time since last: 1001047655 ns, Reaching safepoint: 126024 ns, At safepoint: 9654 ns, Total: 135678 ns
[2020-02-29T06:08:38.940+0000][1][safepoint    ] Safepoint "Cleanup", Time since last: 1000911621 ns, Reaching safepoint: 198014 ns, At safepoint: 28311 ns, Total: 226325 ns
[2020-02-29T06:08:39.461+0000][1][safepoint    ] Safepoint "RevokeBias", Time since last: 520496371 ns, Reaching safepoint: 152251 ns, At safepoint: 20644 ns, Total: 172895 ns
[2020-02-29T06:08:40.464+0000][1][safepoint    ] Safepoint "Cleanup", Time since last: 1003556515 ns, Reaching safepoint: 56825 ns, At safepoint: 5457 ns, Total: 62282 ns
[2020-02-29T06:08:41.476+0000][1][safepoint    ] Safepoint "Cleanup", Time since last: 1011752872 ns, Reaching safepoint: 77000 ns, At safepoint: 7448 ns, Total: 84448 ns
[2020-02-29T06:08:41.975+0000][1][safepoint    ] Safepoint "RevokeBias", Time since last: 499101899 ns, Reaching safepoint: 76856 ns, At safepoint: 17669 ns, Total: 94525 ns
[2020-02-29T06:08:42.980+0000][1][safepoint    ] Safepoint "Cleanup", Time since last: 1004752893 ns, Reaching safepoint: 74922 ns, At safepoint: 7133 ns, Total: 82055 ns
[2020-02-29T06:08:43.981+0000][1][safepoint    ] Safepoint "Cleanup", Time since last: 1001032595 ns, Reaching safepoint: 59289 ns, At safepoint: 6791 ns, Total: 66080 ns
[2020-02-29T06:08:44.501+0000][1][safepoint    ] Safepoint "RevokeBias", Time since last: 519790066 ns, Reaching safepoint: 52577 ns, At safepoint: 15196 ns, Total: 67773 ns
[2020-02-29T06:08:45.502+0000][1][safepoint    ] Safepoint "Cleanup", Time since last: 1001124705 ns, Reaching safepoint: 60115 ns, At safepoint: 7245 ns, Total: 67360 ns
[2020-02-29T06:08:46.509+0000][1][safepoint    ] Safepoint "Cleanup", Time since last: 1006996361 ns, Reaching safepoint: 57408 ns, At safepoint: 5804 ns, Total: 63212 ns
[2020-02-29T06:08:47.034+0000][1][safepoint    ] Safepoint "RevokeBias", Time since last: 524893834 ns, Reaching safepoint: 71569 ns, At safepoint: 33978 ns, Total: 105547 ns
[2020-02-29T06:08:48.043+0000][1][safepoint    ] Safepoint "Cleanup", Time since last: 1008941274 ns, Reaching safepoint: 73479 ns, At safepoint: 7312 ns, Total: 80791 ns
[2020-02-29T06:08:49.052+0000][1][safepoint    ] Safepoint "Cleanup", Time since last: 1008669538 ns, Reaching safepoint: 76199 ns, At safepoint: 7131 ns, Total: 83330 ns
[2020-02-29T06:08:49.545+0000][1][safepoint    ] Safepoint "RevokeBias", Time since last: 492516430 ns, Reaching safepoint: 74026 ns, At safepoint: 17518 ns, Total: 91544 ns
[2020-02-29T06:08:50.549+0000][1][safepoint    ] Safepoint "Cleanup", Time since last: 1004205955 ns, Reaching safepoint: 73400 ns, At safepoint: 7056 ns, Total: 80456 ns
[2020-02-29T06:08:51.550+0000][1][safepoint    ] Safepoint "Cleanup", Time since last: 1000901814 ns, Reaching safepoint: 78455 ns, At safepoint: 7821 ns, Total: 86276 ns
[2020-02-29T06:08:52.060+0000][1][safepoint    ] Safepoint "RevokeBias", Time since last: 510157453 ns, Reaching safepoint: 55429 ns, At safepoint: 16523 ns, Total: 71952 ns
[2020-02-29T06:08:53.063+0000][1][safepoint    ] Safepoint "Cleanup", Time since last: 1002855906 ns, Reaching safepoint: 69336 ns, At safepoint: 6883 ns, Total: 76219 ns
[2020-02-29T06:08:54.064+0000][1][safepoint    ] Safepoint "Cleanup", Time since last: 1000676568 ns, Reaching safepoint: 72261 ns, At safepoint: 6629 ns, Total: 78890 ns
[2020-02-29T06:08:54.585+0000][1][safepoint    ] Safepoint "RevokeBias", Time since last: 521374739 ns, Reaching safepoint: 147365 ns, At safepoint: 27889 ns, Total: 175254 ns
[2020-02-29T06:08:55.588+0000][1][safepoint    ] Safepoint "Cleanup", Time since last: 1002733496 ns, Reaching safepoint: 59898 ns, At safepoint: 7494 ns, Total: 67392 ns
[2020-02-29T06:08:56.590+0000][1][safepoint    ] Safepoint "Cleanup", Time since last: 1001812888 ns, Reaching safepoint: 74929 ns, At safepoint: 7157 ns, Total: 82086 ns
[2020-02-29T06:08:57.101+0000][1][safepoint    ] Safepoint "RevokeBias", Time since last: 510523896 ns, Reaching safepoint: 70761 ns, At safepoint: 16774 ns, Total: 87535 ns
[2020-02-29T06:08:58.110+0000][1][safepoint    ] Safepoint "Cleanup", Time since last: 1008854453 ns, Reaching safepoint: 74987 ns, At safepoint: 7239 ns, Total: 82226 ns
[2020-02-29T06:08:59.111+0000][1][safepoint    ] Safepoint "Cleanup", Time since last: 1000761767 ns, Reaching safepoint: 103772 ns, At safepoint: 9134 ns, Total: 112906 ns
[2020-02-29T06:08:59.626+0000][1][safepoint    ] Safepoint "RevokeBias", Time since last: 515769364 ns, Reaching safepoint: 88919 ns, At safepoint: 38508 ns, Total: 127427 ns
[2020-02-29T06:09:00.634+0000][1][safepoint    ] Safepoint "Cleanup", Time since last: 1007689751 ns, Reaching safepoint: 75918 ns, At safepoint: 7524 ns, Total: 83442 ns
[2020-02-29T06:09:01.637+0000][1][safepoint    ] Safepoint "Cleanup", Time since last: 1002628474 ns, Reaching safepoint: 59610 ns, At safepoint: 7173 ns, Total: 66783 ns
[2020-02-29T06:09:02.153+0000][1][safepoint    ] Safepoint "RevokeBias", Time since last: 516257180 ns, Reaching safepoint: 57613 ns, At safepoint: 16008 ns, Total: 73621 ns
[2020-02-29T06:09:03.154+0000][1][safepoint    ] Safepoint "Cleanup", Time since last: 1000256175 ns, Reaching safepoint: 98105 ns, At safepoint: 10087 ns, Total: 108192 ns
[2020-02-29T06:09:04.155+0000][1][safepoint    ] Safepoint "Cleanup", Time since last: 1000780292 ns, Reaching safepoint: 90755 ns, At safepoint: 9502 ns, Total: 100257 ns
[2020-02-29T06:09:04.667+0000][1][safepoint    ] Safepoint "RevokeBias", Time since last: 512469698 ns, Reaching safepoint: 71134 ns, At safepoint: 17690 ns, Total: 88824 ns
[2020-02-29T06:09:05.668+0000][1][safepoint    ] Safepoint "Cleanup", Time since last: 1000595826 ns, Reaching safepoint: 75364 ns, At safepoint: 6875 ns, Total: 82239 ns
[2020-02-29T06:09:06.669+0000][1][safepoint    ] Safepoint "Cleanup", Time since last: 1001553603 ns, Reaching safepoint: 58764 ns, At safepoint: 7392 ns, Total: 66156 ns
[2020-02-29T06:09:07.188+0000][1][safepoint    ] Safepoint "RevokeBias", Time since last: 518427575 ns, Reaching safepoint: 53858 ns, At safepoint: 15721 ns, Total: 69579 ns
[2020-02-29T06:09:08.191+0000][1][safepoint    ] Safepoint "Cleanup", Time since last: 1003372973 ns, Reaching safepoint: 103396 ns, At safepoint: 21876 ns, Total: 125272 ns
[2020-02-29T06:09:09.192+0000][1][safepoint    ] Safepoint "Cleanup", Time since last: 1000797552 ns, Reaching safepoint: 58804 ns, At safepoint: 6147 ns, Total: 64951 ns
[2020-02-29T06:09:09.713+0000][1][safepoint    ] Safepoint "RevokeBias", Time since last: 520609124 ns, Reaching safepoint: 67879 ns, At safepoint: 17258 ns, Total: 85137 ns
[2020-02-29T06:09:10.719+0000][1][safepoint    ] Safepoint "Cleanup", Time since last: 1005948778 ns, Reaching safepoint: 77323 ns, At safepoint: 7150 ns, Total: 84473 ns
[2020-02-29T06:09:11.719+0000][1][safepoint    ] Safepoint "Cleanup", Time since last: 1000185885 ns, Reaching safepoint: 149417 ns, At safepoint: 7568 ns, Total: 156985 ns
[2020-02-29T06:09:12.232+0000][1][safepoint    ] Safepoint "RevokeBias", Time since last: 512985036 ns, Reaching safepoint: 86071 ns, At safepoint: 20385 ns, Total: 106456 ns
[2020-02-29T06:09:13.233+0000][1][safepoint    ] Safepoint "Cleanup", Time since last: 1000320697 ns, Reaching safepoint: 59336 ns, At safepoint: 6537 ns, Total: 65873 ns
[2020-02-29T06:09:14.233+0000][1][safepoint    ] Safepoint "Cleanup", Time since last: 1000223846 ns, Reaching safepoint: 74535 ns, At safepoint: 6829 ns, Total: 81364 ns
[2020-02-29T06:09:14.742+0000][1][safepoint    ] Safepoint "RevokeBias", Time since last: 509003806 ns, Reaching safepoint: 83172 ns, At safepoint: 20266 ns, Total: 103438 ns
[2020-02-29T06:09:15.745+0000][1][safepoint    ] Safepoint "Cleanup", Time since last: 1002716527 ns, Reaching safepoint: 60801 ns, At safepoint: 6939 ns, Total: 67740 ns
[2020-02-29T06:09:16.745+0000][1][safepoint    ] Safepoint "Cleanup", Time since last: 1000280553 ns, Reaching safepoint: 77147 ns, At safepoint: 7120 ns, Total: 84267 ns
[2020-02-29T06:09:17.258+0000][1][safepoint    ] Safepoint "BulkRevokeBias", Time since last: 512348804 ns, Reaching safepoint: 99630 ns, At safepoint: 227744 ns, Total: 327374 ns
[2020-02-29T06:09:18.263+0000][1][safepoint    ] Safepoint "Cleanup", Time since last: 1005264000 ns, Reaching safepoint: 57641 ns, At safepoint: 6730 ns, Total: 64371 ns
[2020-02-29T06:09:19.269+0000][1][safepoint    ] Safepoint "Cleanup", Time since last: 1005857372 ns, Reaching safepoint: 164572 ns, At safepoint: 7291 ns, Total: 171863 ns
[2020-02-29T06:09:19.775+0000][1][safepoint    ] Safepoint "RevokeBias", Time since last: 505678826 ns, Reaching safepoint: 90124 ns, At safepoint: 21321 ns, Total: 111445 ns
[2020-02-29T06:09:20.778+0000][1][safepoint    ] Safepoint "Cleanup", Time since last: 1002837246 ns, Reaching safepoint: 58479 ns, At safepoint: 6972 ns, Total: 65451 ns
[2020-02-29T06:09:21.788+0000][1][safepoint    ] Safepoint "Cleanup", Time since last: 1010077751 ns, Reaching safepoint: 77343 ns, At safepoint: 7426 ns, Total: 84769 ns
[2020-02-29T06:09:22.286+0000][1][safepoint    ] Safepoint "RevokeBias", Time since last: 497403717 ns, Reaching safepoint: 79875 ns, At safepoint: 19948 ns, Total: 99823 ns
[2020-02-29T06:09:23.288+0000][1][safepoint    ] Safepoint "Cleanup", Time since last: 1002340893 ns, Reaching safepoint: 95293 ns, At safepoint: 7580 ns, Total: 102873 ns
[2020-02-29T06:09:24.294+0000][1][safepoint    ] Safepoint "Cleanup", Time since last: 1005927758 ns, Reaching safepoint: 74169 ns, At safepoint: 5897 ns, Total: 80066 ns
[2020-02-29T06:09:24.795+0000][1][safepoint    ] Safepoint "RevokeBias", Time since last: 500837448 ns, Reaching safepoint: 158521 ns, At safepoint: 37856 ns, Total: 196377 ns
[2020-02-29T06:09:25.796+0000][1][safepoint    ] Safepoint "Cleanup", Time since last: 1000787965 ns, Reaching safepoint: 76381 ns, At safepoint: 7233 ns, Total: 83614 ns
[2020-02-29T06:09:26.797+0000][1][safepoint    ] Safepoint "Cleanup", Time since last: 1000924018 ns, Reaching safepoint: 93867 ns, At safepoint: 7608 ns, Total: 101475 ns
[2020-02-29T06:09:27.318+0000][1][safepoint    ] Safepoint "RevokeBias", Time since last: 520667752 ns, Reaching safepoint: 71135 ns, At safepoint: 17402 ns, Total: 88537 ns
[2020-02-29T06:09:28.327+0000][1][safepoint    ] Safepoint "Cleanup", Time since last: 1008799227 ns, Reaching safepoint: 78941 ns, At safepoint: 7247 ns, Total: 86188 ns
[2020-02-29T06:09:29.329+0000][1][safepoint    ] Safepoint "Cleanup", Time since last: 1002302147 ns, Reaching safepoint: 81619 ns, At safepoint: 6471 ns, Total: 88090 ns
[2020-02-29T06:09:29.844+0000][1][safepoint    ] Safepoint "RevokeBias", Time since last: 514335060 ns, Reaching safepoint: 145382 ns, At safepoint: 37335 ns, Total: 182717 ns
[2020-02-29T06:09:30.844+0000][1][safepoint    ] Safepoint "Cleanup", Time since last: 1000655351 ns, Reaching safepoint: 76390 ns, At safepoint: 6736 ns, Total: 83126 ns
[2020-02-29T06:09:31.845+0000][1][safepoint    ] Safepoint "Cleanup", Time since last: 1000751886 ns, Reaching safepoint: 79734 ns, At safepoint: 8594 ns, Total: 88328 ns
[2020-02-29T06:09:32.370+0000][1][safepoint    ] Safepoint "RevokeBias", Time since last: 524900620 ns, Reaching safepoint: 70640 ns, At safepoint: 16750 ns, Total: 87390 ns
[2020-02-29T06:09:33.372+0000][1][safepoint    ] Safepoint "Cleanup", Time since last: 1002120635 ns, Reaching safepoint: 75288 ns, At safepoint: 7136 ns, Total: 82424 ns
[2020-02-29T06:09:34.381+0000][1][safepoint    ] Safepoint "Cleanup", Time since last: 1008874665 ns, Reaching safepoint: 143454 ns, At safepoint: 26376 ns, Total: 169830 ns
[2020-02-29T06:09:34.891+0000][1][safepoint    ] Safepoint "RevokeBias", Time since last: 509649868 ns, Reaching safepoint: 53942 ns, At safepoint: 15610 ns, Total: 69552 ns
[2020-02-29T06:09:35.899+0000][1][safepoint    ] Safepoint "Cleanup", Time since last: 1007978671 ns, Reaching safepoint: 59581 ns, At safepoint: 6172 ns, Total: 65753 ns
[2020-02-29T06:09:36.904+0000][1][safepoint    ] Safepoint "Cleanup", Time since last: 1004820250 ns, Reaching safepoint: 73121 ns, At safepoint: 6155 ns, Total: 79276 ns
[2020-02-29T06:09:37.410+0000][1][safepoint    ] Safepoint "RevokeBias", Time since last: 506084253 ns, Reaching safepoint: 51436 ns, At safepoint: 15942 ns, Total: 67378 ns
[2020-02-29T06:09:38.417+0000][1][safepoint    ] Safepoint "Cleanup", Time since last: 1006822872 ns, Reaching safepoint: 74689 ns, At safepoint: 6659 ns, Total: 81348 ns
[2020-02-29T06:09:39.418+0000][1][safepoint    ] Safepoint "Cleanup", Time since last: 1000726973 ns, Reaching safepoint: 78268 ns, At safepoint: 7968 ns, Total: 86236 ns
[2020-02-29T06:09:39.932+0000][1][safepoint    ] Safepoint "RevokeBias", Time since last: 514107087 ns, Reaching safepoint: 71072 ns, At safepoint: 17133 ns, Total: 88205 ns
[2020-02-29T06:09:40.936+0000][1][safepoint    ] Safepoint "Cleanup", Time since last: 1004169245 ns, Reaching safepoint: 59971 ns, At safepoint: 7347 ns, Total: 67318 ns
[2020-02-29T06:09:42.458+0000][1][safepoint    ] Safepoint "RevokeBias", Time since last: 1521037292 ns, Reaching safepoint: 75158 ns, At safepoint: 32364 ns, Total: 107522 ns
[2020-02-29T06:09:43.123+0000][1][gc,start     ] GC(66) Pause Young (Allocation Failure)
[2020-02-29T06:09:43.123+0000][1][gc,task      ] GC(66) Using 1 workers of 1 for evacuation
[2020-02-29T06:09:43.140+0000][1][gc,age       ] GC(66) Desired survivor size 4358144 bytes, new threshold 6 (max threshold 6)
[2020-02-29T06:09:43.140+0000][1][gc,age       ] GC(66) Age table with threshold 6 (max threshold 6)
[2020-02-29T06:09:43.140+0000][1][gc,age       ] GC(66) - age   1:      11384 bytes,      11384 total
[2020-02-29T06:09:43.140+0000][1][gc,age       ] GC(66) - age   2:       1496 bytes,      12880 total
[2020-02-29T06:09:43.140+0000][1][gc,age       ] GC(66) - age   3:        544 bytes,      13424 total
[2020-02-29T06:09:43.140+0000][1][gc,age       ] GC(66) - age   4:        208 bytes,      13632 total
[2020-02-29T06:09:43.140+0000][1][gc,age       ] GC(66) - age   5:       2048 bytes,      15680 total
[2020-02-29T06:09:43.140+0000][1][gc,heap      ] GC(66) ParNew: 68187K->17K(76672K)
[2020-02-29T06:09:43.140+0000][1][gc,heap      ] GC(66) CMS: 62563K->62563K(963392K)
[2020-02-29T06:09:43.140+0000][1][gc,metaspace ] GC(66) Metaspace: 79731K->79731K(1122304K)
[2020-02-29T06:09:43.140+0000][1][gc           ] GC(66) Pause Young (Allocation Failure) 127M->61M(1015M) 17.311ms
[2020-02-29T06:09:43.140+0000][1][gc,cpu       ] GC(66) User=0.01s Sys=0.00s Real=0.01s
[2020-02-29T06:09:43.140+0000][1][safepoint    ] Safepoint "GenCollectForAllocation", Time since last: 665163586 ns, Reaching safepoint: 115457 ns, At safepoint: 17365452 ns, Total: 17480909 ns
[2020-02-29T06:09:44.141+0000][1][safepoint    ] Safepoint "Cleanup", Time since last: 1000597180 ns, Reaching safepoint: 73684 ns, At safepoint: 7077 ns, Total: 80761 ns
[2020-02-29T06:09:44.978+0000][1][safepoint    ] Safepoint "RevokeBias", Time since last: 837127705 ns, Reaching safepoint: 51856 ns, At safepoint: 15480 ns, Total: 67336 ns
[2020-02-29T06:09:45.981+0000][1][safepoint    ] Safepoint "Cleanup", Time since last: 1002955550 ns, Reaching safepoint: 74276 ns, At safepoint: 6114 ns, Total: 80390 ns
[2020-02-29T06:09:46.986+0000][1][safepoint    ] Safepoint "Cleanup", Time since last: 1005058342 ns, Reaching safepoint: 143462 ns, At safepoint: 22829 ns, Total: 166291 ns
[2020-02-29T06:09:47.501+0000][1][safepoint    ] Safepoint "RevokeBias", Time since last: 514473853 ns, Reaching safepoint: 69364 ns, At safepoint: 41111 ns, Total: 110475 ns
[2020-02-29T06:09:48.506+0000][1][safepoint    ] Safepoint "Cleanup", Time since last: 1004920456 ns, Reaching safepoint: 57328 ns, At safepoint: 6669 ns, Total: 63997 ns
[2020-02-29T06:09:49.508+0000][1][safepoint    ] Safepoint "Cleanup", Time since last: 1001904512 ns, Reaching safepoint: 72453 ns, At safepoint: 5485 ns, Total: 77938 ns
[2020-02-29T06:09:50.013+0000][1][safepoint    ] Safepoint "RevokeBias", Time since last: 505282598 ns, Reaching safepoint: 71611 ns, At safepoint: 17041 ns, Total: 88652 ns
[2020-02-29T06:09:51.014+0000][1][safepoint    ] Safepoint "Cleanup", Time since last: 1000645852 ns, Reaching safepoint: 76473 ns, At safepoint: 6183 ns, Total: 82656 ns
[2020-02-29T06:09:52.019+0000][1][safepoint    ] Safepoint "Cleanup", Time since last: 1004385767 ns, Reaching safepoint: 220710 ns, At safepoint: 22271 ns, Total: 242981 ns
[2020-02-29T06:09:52.524+0000][1][safepoint    ] Safepoint "RevokeBias", Time since last: 505557180 ns, Reaching safepoint: 70664 ns, At safepoint: 55325 ns, Total: 125989 ns
[2020-02-29T06:09:53.526+0000][1][safepoint    ] Safepoint "Cleanup", Time since last: 1001373685 ns, Reaching safepoint: 102278 ns, At safepoint: 7666 ns, Total: 109944 ns
[2020-02-29T06:09:54.527+0000][1][safepoint    ] Safepoint "Cleanup", Time since last: 1001468420 ns, Reaching safepoint: 61442 ns, At safepoint: 7184 ns, Total: 68626 ns
[2020-02-29T06:09:55.045+0000][1][safepoint    ] Safepoint "RevokeBias", Time since last: 517176038 ns, Reaching safepoint: 71647 ns, At safepoint: 17568 ns, Total: 89215 ns
[2020-02-29T06:09:56.050+0000][1][safepoint    ] Safepoint "Cleanup", Time since last: 1005461313 ns, Reaching safepoint: 201655 ns, At safepoint: 7286 ns, Total: 208941 ns
[2020-02-29T06:09:57.051+0000][1][safepoint    ] Safepoint "Cleanup", Time since last: 1000918823 ns, Reaching safepoint: 90448 ns, At safepoint: 7126 ns, Total: 97574 ns
[2020-02-29T06:09:57.560+0000][1][safepoint    ] Safepoint "RevokeBias", Time since last: 508731308 ns, Reaching safepoint: 52181 ns, At safepoint: 15618 ns, Total: 67799 ns
[2020-02-29T06:09:58.565+0000][1][safepoint    ] Safepoint "Cleanup", Time since last: 1004967563 ns, Reaching safepoint: 153693 ns, At safepoint: 6836 ns, Total: 160529 ns
[2020-02-29T06:09:59.566+0000][1][safepoint    ] Safepoint "Cleanup", Time since last: 1001087959 ns, Reaching safepoint: 77455 ns, At safepoint: 6971 ns, Total: 84426 ns
[2020-02-29T06:10:00.083+0000][1][safepoint    ] Safepoint "RevokeBias", Time since last: 516765040 ns, Reaching safepoint: 81487 ns, At safepoint: 83827 ns, Total: 165314 ns
[2020-02-29T06:10:01.091+0000][1][safepoint    ] Safepoint "Cleanup", Time since last: 1007186024 ns, Reaching safepoint: 61585 ns, At safepoint: 7529 ns, Total: 69114 ns
[2020-02-29T06:10:02.600+0000][1][safepoint    ] Safepoint "RevokeBias", Time since last: 1509632726 ns, Reaching safepoint: 73827 ns, At safepoint: 19036 ns, Total: 92863 ns
[2020-02-29T06:10:03.604+0000][1][safepoint    ] Safepoint "Cleanup", Time since last: 1003931964 ns, Reaching safepoint: 62764 ns, At safepoint: 7679 ns, Total: 70443 ns
[2020-02-29T06:10:04.608+0000][1][safepoint    ] Safepoint "Cleanup", Time since last: 1003892063 ns, Reaching safepoint: 60992 ns, At safepoint: 7173 ns, Total: 68165 ns
[2020-02-29T06:10:05.124+0000][1][safepoint    ] Safepoint "RevokeBias", Time since last: 515786747 ns, Reaching safepoint: 88779 ns, At safepoint: 17211 ns, Total: 105990 ns
[2020-02-29T06:10:06.125+0000][1][safepoint    ] Safepoint "Cleanup", Time since last: 1001024650 ns, Reaching safepoint: 75601 ns, At safepoint: 6997 ns, Total: 82598 ns
[2020-02-29T06:10:07.132+0000][1][safepoint    ] Safepoint "Cleanup", Time since last: 1006781648 ns, Reaching safepoint: 104036 ns, At safepoint: 7344 ns, Total: 111380 ns
[2020-02-29T06:10:07.777+0000][1][safepoint    ] Safepoint "RevokeBias", Time since last: 644937046 ns, Reaching safepoint: 52368 ns, At safepoint: 44665 ns, Total: 97033 ns
[2020-02-29T06:10:08.783+0000][1][safepoint    ] Safepoint "Cleanup", Time since last: 1005918620 ns, Reaching safepoint: 59504 ns, At safepoint: 7163 ns, Total: 66667 ns
[2020-02-29T06:10:09.788+0000][1][safepoint    ] Safepoint "Cleanup", Time since last: 1004930690 ns, Reaching safepoint: 78563 ns, At safepoint: 7582 ns, Total: 86145 ns
[2020-02-29T06:10:10.299+0000][1][safepoint    ] Safepoint "RevokeBias", Time since last: 510647174 ns, Reaching safepoint: 69330 ns, At safepoint: 118024 ns, Total: 187354 ns
[2020-02-29T06:10:11.300+0000][1][safepoint    ] Safepoint "Cleanup", Time since last: 1000660224 ns, Reaching safepoint: 94071 ns, At safepoint: 13934 ns, Total: 108005 ns
[2020-02-29T06:10:12.301+0000][1][safepoint    ] Safepoint "Cleanup", Time since last: 1000629651 ns, Reaching safepoint: 88422 ns, At safepoint: 10228 ns, Total: 98650 ns
[2020-02-29T06:10:12.826+0000][1][safepoint    ] Safepoint "RevokeBias", Time since last: 524982703 ns, Reaching safepoint: 82851 ns, At safepoint: 20931 ns, Total: 103782 ns
[2020-02-29T06:10:13.831+0000][1][safepoint    ] Safepoint "Cleanup", Time since last: 1005482096 ns, Reaching safepoint: 48848 ns, At safepoint: 5878 ns, Total: 54726 ns
[2020-02-29T06:10:14.836+0000][1][safepoint    ] Safepoint "Cleanup", Time since last: 1005032893 ns, Reaching safepoint: 72372 ns, At safepoint: 6749 ns, Total: 79121 ns
[2020-02-29T06:10:15.344+0000][1][safepoint    ] Safepoint "RevokeBias", Time since last: 507651300 ns, Reaching safepoint: 52122 ns, At safepoint: 15151 ns, Total: 67273 ns
[2020-02-29T06:10:16.349+0000][1][safepoint    ] Safepoint "Cleanup", Time since last: 1005071829 ns, Reaching safepoint: 74387 ns, At safepoint: 6902 ns, Total: 81289 ns
[2020-02-29T06:10:17.350+0000][1][safepoint    ] Safepoint "Cleanup", Time since last: 1000973147 ns, Reaching safepoint: 75655 ns, At safepoint: 6975 ns, Total: 82630 ns
[2020-02-29T06:10:17.859+0000][1][safepoint    ] Safepoint "RevokeBias", Time since last: 508911845 ns, Reaching safepoint: 52766 ns, At safepoint: 16079 ns, Total: 68845 ns
[2020-02-29T06:10:18.864+0000][1][safepoint    ] Safepoint "Cleanup", Time since last: 1005067290 ns, Reaching safepoint: 60986 ns, At safepoint: 8138 ns, Total: 69124 ns
[2020-02-29T06:10:19.865+0000][1][safepoint    ] Safepoint "Cleanup", Time since last: 1000811662 ns, Reaching safepoint: 80327 ns, At safepoint: 8040 ns, Total: 88367 ns
[2020-02-29T06:10:20.389+0000][1][safepoint    ] Safepoint "RevokeBias", Time since last: 524156472 ns, Reaching safepoint: 71814 ns, At safepoint: 17705 ns, Total: 89519 ns
[2020-02-29T06:10:21.394+0000][1][safepoint    ] Safepoint "Cleanup", Time since last: 1004854737 ns, Reaching safepoint: 89195 ns, At safepoint: 8667 ns, Total: 97862 ns
[2020-02-29T06:10:22.398+0000][1][safepoint    ] Safepoint "Cleanup", Time since last: 1003805389 ns, Reaching safepoint: 79541 ns, At safepoint: 6955 ns, Total: 86496 ns
[2020-02-29T06:10:22.898+0000][1][safepoint    ] Safepoint "RevokeBias", Time since last: 499922593 ns, Reaching safepoint: 70246 ns, At safepoint: 17402 ns, Total: 87648 ns
[2020-02-29T06:10:23.899+0000][1][safepoint    ] Safepoint "Cleanup", Time since last: 1000716685 ns, Reaching safepoint: 90534 ns, At safepoint: 11112 ns, Total: 101646 ns
[2020-02-29T06:10:24.900+0000][1][safepoint    ] Safepoint "Cleanup", Time since last: 1000238739 ns, Reaching safepoint: 109986 ns, At safepoint: 13073 ns, Total: 123059 ns
[2020-02-29T06:10:25.415+0000][1][safepoint    ] Safepoint "RevokeBias", Time since last: 515140068 ns, Reaching safepoint: 72516 ns, At safepoint: 17889 ns, Total: 90405 ns
[2020-02-29T06:10:26.416+0000][1][safepoint    ] Safepoint "Cleanup", Time since last: 1001416109 ns, Reaching safepoint: 162636 ns, At safepoint: 7948 ns, Total: 170584 ns
[2020-02-29T06:10:27.420+0000][1][safepoint    ] Safepoint "Cleanup", Time since last: 1003917881 ns, Reaching safepoint: 92014 ns, At safepoint: 5574 ns, Total: 97588 ns
[2020-02-29T06:10:27.923+0000][1][safepoint    ] Safepoint "RevokeBias", Time since last: 503007244 ns, Reaching safepoint: 75214 ns, At safepoint: 18050 ns, Total: 93264 ns
[2020-02-29T06:10:28.926+0000][1][safepoint    ] Safepoint "Cleanup", Time since last: 1002337642 ns, Reaching safepoint: 166517 ns, At safepoint: 27905 ns, Total: 194422 ns
[2020-02-29T06:10:29.931+0000][1][safepoint    ] Safepoint "Cleanup", Time since last: 1004719666 ns, Reaching safepoint: 83986 ns, At safepoint: 7307 ns, Total: 91293 ns
[2020-02-29T06:10:30.438+0000][1][safepoint    ] Safepoint "BulkRevokeBias", Time since last: 506833531 ns, Reaching safepoint: 79799 ns, At safepoint: 219519 ns, Total: 299318 ns
[2020-02-29T06:10:31.441+0000][1][safepoint    ] Safepoint "Cleanup", Time since last: 1003221798 ns, Reaching safepoint: 78236 ns, At safepoint: 18579 ns, Total: 96815 ns
[2020-02-29T06:10:32.447+0000][1][safepoint    ] Safepoint "Cleanup", Time since last: 1005779398 ns, Reaching safepoint: 55686 ns, At safepoint: 5605 ns, Total: 61291 ns
[2020-02-29T06:10:32.955+0000][1][safepoint    ] Safepoint "RevokeBias", Time since last: 507391678 ns, Reaching safepoint: 69592 ns, At safepoint: 16781 ns, Total: 86373 ns
[2020-02-29T06:10:33.956+0000][1][safepoint    ] Safepoint "Cleanup", Time since last: 1000811813 ns, Reaching safepoint: 115857 ns, At safepoint: 29186 ns, Total: 145043 ns
[2020-02-29T06:10:34.956+0000][1][safepoint    ] Safepoint "Cleanup", Time since last: 1000580037 ns, Reaching safepoint: 110180 ns, At safepoint: 8231 ns, Total: 118411 ns
[2020-02-29T06:10:35.466+0000][1][safepoint    ] Safepoint "RevokeBias", Time since last: 509349534 ns, Reaching safepoint: 72387 ns, At safepoint: 17437 ns, Total: 89824 ns
[2020-02-29T06:10:36.474+0000][1][safepoint    ] Safepoint "Cleanup", Time since last: 1008430451 ns, Reaching safepoint: 88239 ns, At safepoint: 5761 ns, Total: 94000 ns
[2020-02-29T06:10:37.480+0000][1][safepoint    ] Safepoint "Cleanup", Time since last: 1006145517 ns, Reaching safepoint: 72921 ns, At safepoint: 6353 ns, Total: 79274 ns
[2020-02-29T06:10:37.973+0000][1][safepoint    ] Safepoint "RevokeBias", Time since last: 492757698 ns, Reaching safepoint: 98183 ns, At safepoint: 23578 ns, Total: 121761 ns
[2020-02-29T06:10:38.974+0000][1][safepoint    ] Safepoint "Cleanup", Time since last: 1000328899 ns, Reaching safepoint: 77279 ns, At safepoint: 8071 ns, Total: 85350 ns
[2020-02-29T06:10:39.978+0000][1][safepoint    ] Safepoint "Cleanup", Time since last: 1004308819 ns, Reaching safepoint: 90894 ns, At safepoint: 6261 ns, Total: 97155 ns
[2020-02-29T06:10:40.492+0000][1][safepoint    ] Safepoint "RevokeBias", Time since last: 513542093 ns, Reaching safepoint: 92071 ns, At safepoint: 24960 ns, Total: 117031 ns
[2020-02-29T06:10:41.492+0000][1][safepoint    ] Safepoint "Cleanup", Time since last: 1000590350 ns, Reaching safepoint: 78788 ns, At safepoint: 6843 ns, Total: 85631 ns
[2020-02-29T06:10:42.494+0000][1][safepoint    ] Safepoint "Cleanup", Time since last: 1001568882 ns, Reaching safepoint: 70434 ns, At safepoint: 5835 ns, Total: 76269 ns
[2020-02-29T06:10:43.006+0000][1][safepoint    ] Safepoint "RevokeBias", Time since last: 511793729 ns, Reaching safepoint: 54393 ns, At safepoint: 16825 ns, Total: 71218 ns
[2020-02-29T06:10:44.007+0000][1][safepoint    ] Safepoint "Cleanup", Time since last: 1000524628 ns, Reaching safepoint: 78983 ns, At safepoint: 8694 ns, Total: 87677 ns
[2020-02-29T06:10:45.007+0000][1][safepoint    ] Safepoint "Cleanup", Time since last: 1000350501 ns, Reaching safepoint: 86779 ns, At safepoint: 12080 ns, Total: 98859 ns
[2020-02-29T06:10:45.512+0000][1][safepoint    ] Safepoint "RevokeBias", Time since last: 504669833 ns, Reaching safepoint: 70082 ns, At safepoint: 17708 ns, Total: 87790 ns
[2020-02-29T06:10:46.513+0000][1][safepoint    ] Safepoint "Cleanup", Time since last: 1001079073 ns, Reaching safepoint: 78396 ns, At safepoint: 7583 ns, Total: 85979 ns
[2020-02-29T06:10:47.514+0000][1][safepoint    ] Safepoint "Cleanup", Time since last: 1001184553 ns, Reaching safepoint: 78883 ns, At safepoint: 7914 ns, Total: 86797 ns
[2020-02-29T06:10:48.036+0000][1][safepoint    ] Safepoint "RevokeBias", Time since last: 519263119 ns, Reaching safepoint: 2994243 ns, At safepoint: 23024 ns, Total: 3017267 ns
[2020-02-29T06:10:49.040+0000][1][safepoint    ] Safepoint "Cleanup", Time since last: 1003326304 ns, Reaching safepoint: 115819 ns, At safepoint: 7460 ns, Total: 123279 ns
[2020-02-29T06:10:50.041+0000][1][safepoint    ] Safepoint "Cleanup", Time since last: 1000637740 ns, Reaching safepoint: 114934 ns, At safepoint: 14898 ns, Total: 129832 ns
[2020-02-29T06:10:50.550+0000][1][safepoint    ] Safepoint "RevokeBias", Time since last: 509595003 ns, Reaching safepoint: 81054 ns, At safepoint: 28396 ns, Total: 109450 ns
[2020-02-29T06:10:51.553+0000][1][safepoint    ] Safepoint "Cleanup", Time since last: 1002838313 ns, Reaching safepoint: 82266 ns, At safepoint: 8402 ns, Total: 90668 ns
[2020-02-29T06:10:52.555+0000][1][safepoint    ] Safepoint "Cleanup", Time since last: 1001079475 ns, Reaching safepoint: 103966 ns, At safepoint: 15018 ns, Total: 118984 ns
[2020-02-29T06:10:53.075+0000][1][safepoint    ] Safepoint "RevokeBias", Time since last: 520507742 ns, Reaching safepoint: 96737 ns, At safepoint: 19094 ns, Total: 115831 ns
[2020-02-29T06:10:54.076+0000][1][safepoint    ] Safepoint "Cleanup", Time since last: 1000754595 ns, Reaching safepoint: 77042 ns, At safepoint: 7635 ns, Total: 84677 ns
[2020-02-29T06:10:55.078+0000][1][safepoint    ] Safepoint "Cleanup", Time since last: 1002134614 ns, Reaching safepoint: 75008 ns, At safepoint: 6146 ns, Total: 81154 ns
[2020-02-29T06:10:55.585+0000][1][safepoint    ] Safepoint "RevokeBias", Time since last: 506995000 ns, Reaching safepoint: 52688 ns, At safepoint: 15843 ns, Total: 68531 ns
[2020-02-29T06:10:56.586+0000][1][safepoint    ] Safepoint "Cleanup", Time since last: 1000976501 ns, Reaching safepoint: 59813 ns, At safepoint: 6599 ns, Total: 66412 ns
[2020-02-29T06:10:57.587+0000][1][safepoint    ] Safepoint "Cleanup", Time since last: 1000723134 ns, Reaching safepoint: 77016 ns, At safepoint: 7669 ns, Total: 84685 ns
[2020-02-29T06:10:58.180+0000][1][safepoint    ] Safepoint "RevokeBias", Time since last: 593097242 ns, Reaching safepoint: 72870 ns, At safepoint: 17649 ns, Total: 90519 ns
[2020-02-29T06:10:59.189+0000][1][safepoint    ] Safepoint "Cleanup", Time since last: 1008852052 ns, Reaching safepoint: 59376 ns, At safepoint: 6518 ns, Total: 65894 ns
[2020-02-29T06:11:00.190+0000][1][safepoint    ] Safepoint "Cleanup", Time since last: 1001031377 ns, Reaching safepoint: 128847 ns, At safepoint: 21242 ns, Total: 150089 ns
[2020-02-29T06:11:00.699+0000][1][safepoint    ] Safepoint "RevokeBias", Time since last: 508948194 ns, Reaching safepoint: 72582 ns, At safepoint: 35755 ns, Total: 108337 ns
[2020-02-29T06:11:02.438+0000][1][safepoint    ] Safepoint "Cleanup", Time since last: 1738423535 ns, Reaching safepoint: 87965 ns, At safepoint: 7348 ns, Total: 95313 ns
[2020-02-29T06:11:03.222+0000][1][safepoint    ] Safepoint "RevokeBias", Time since last: 780314029 ns, Reaching safepoint: 4033134 ns, At safepoint: 20183 ns, Total: 4053317 ns
[2020-02-29T06:11:04.228+0000][1][safepoint    ] Safepoint "Cleanup", Time since last: 1005665842 ns, Reaching safepoint: 60209 ns, At safepoint: 7062 ns, Total: 67271 ns
[2020-02-29T06:11:05.231+0000][1][safepoint    ] Safepoint "Cleanup", Time since last: 1002545014 ns, Reaching safepoint: 58684 ns, At safepoint: 5454 ns, Total: 64138 ns
[2020-02-29T06:11:05.736+0000][1][safepoint    ] Safepoint "RevokeBias", Time since last: 505380015 ns, Reaching safepoint: 88238 ns, At safepoint: 18526 ns, Total: 106764 ns
[2020-02-29T06:11:06.737+0000][1][safepoint    ] Safepoint "Cleanup", Time since last: 1000867066 ns, Reaching safepoint: 81040 ns, At safepoint: 9432 ns, Total: 90472 ns
[2020-02-29T06:11:07.742+0000][1][safepoint    ] Safepoint "Cleanup", Time since last: 1004834105 ns, Reaching safepoint: 135003 ns, At safepoint: 6843 ns, Total: 141846 ns
[2020-02-29T06:11:08.265+0000][1][safepoint    ] Safepoint "RevokeBias", Time since last: 523121653 ns, Reaching safepoint: 71942 ns, At safepoint: 17615 ns, Total: 89557 ns
[2020-02-29T06:11:09.266+0000][1][safepoint    ] Safepoint "Cleanup", Time since last: 1000366156 ns, Reaching safepoint: 77375 ns, At safepoint: 6653 ns, Total: 84028 ns
[2020-02-29T06:11:10.267+0000][1][safepoint    ] Safepoint "Cleanup", Time since last: 1000648452 ns, Reaching safepoint: 84347 ns, At safepoint: 8196 ns, Total: 92543 ns
[2020-02-29T06:11:10.788+0000][1][safepoint    ] Safepoint "RevokeBias", Time since last: 521107618 ns, Reaching safepoint: 195734 ns, At safepoint: 53205 ns, Total: 248939 ns
[2020-02-29T06:11:11.792+0000][1][safepoint    ] Safepoint "Cleanup", Time since last: 1004287409 ns, Reaching safepoint: 124026 ns, At safepoint: 7487 ns, Total: 131513 ns
[2020-02-29T06:11:12.802+0000][1][safepoint    ] Safepoint "Cleanup", Time since last: 1009978120 ns, Reaching safepoint: 92754 ns, At safepoint: 6193 ns, Total: 98947 ns
[2020-02-29T06:11:13.296+0000][1][safepoint    ] Safepoint "RevokeBias", Time since last: 493050864 ns, Reaching safepoint: 105405 ns, At safepoint: 31754 ns, Total: 137159 ns
[2020-02-29T06:11:14.296+0000][1][safepoint    ] Safepoint "Cleanup", Time since last: 1000154535 ns, Reaching safepoint: 73392 ns, At safepoint: 6404 ns, Total: 79796 ns
[2020-02-29T06:11:15.299+0000][1][safepoint    ] Safepoint "Cleanup", Time since last: 1002845064 ns, Reaching safepoint: 78348 ns, At safepoint: 7882 ns, Total: 86230 ns
[2020-02-29T06:11:15.812+0000][1][safepoint    ] Safepoint "RevokeBias", Time since last: 512674037 ns, Reaching safepoint: 94439 ns, At safepoint: 20905 ns, Total: 115344 ns
[2020-02-29T06:11:16.812+0000][1][safepoint    ] Safepoint "Cleanup", Time since last: 1000669866 ns, Reaching safepoint: 101404 ns, At safepoint: 11153 ns, Total: 112557 ns
[2020-02-29T06:11:17.823+0000][1][safepoint    ] Safepoint "Cleanup", Time since last: 1010169725 ns, Reaching safepoint: 63754 ns, At safepoint: 8928 ns, Total: 72682 ns
[2020-02-29T06:11:18.332+0000][1][safepoint    ] Safepoint "RevokeBias", Time since last: 508952145 ns, Reaching safepoint: 98667 ns, At safepoint: 24637 ns, Total: 123304 ns
[2020-02-29T06:11:19.334+0000][1][safepoint    ] Safepoint "Cleanup", Time since last: 1001881175 ns, Reaching safepoint: 73562 ns, At safepoint: 7170 ns, Total: 80732 ns
[2020-02-29T06:11:20.337+0000][1][safepoint    ] Safepoint "Cleanup", Time since last: 1003473266 ns, Reaching safepoint: 60566 ns, At safepoint: 7059 ns, Total: 67625 ns
[2020-02-29T06:11:20.848+0000][1][safepoint    ] Safepoint "RevokeBias", Time since last: 510577010 ns, Reaching safepoint: 53868 ns, At safepoint: 15802 ns, Total: 69670 ns
[2020-02-29T06:11:21.851+0000][1][safepoint    ] Safepoint "Cleanup", Time since last: 1003383957 ns, Reaching safepoint: 62820 ns, At safepoint: 7736 ns, Total: 70556 ns
[2020-02-29T06:11:22.858+0000][1][safepoint    ] Safepoint "Cleanup", Time since last: 1006601039 ns, Reaching safepoint: 108494 ns, At safepoint: 7442 ns, Total: 115936 ns
[2020-02-29T06:11:23.371+0000][1][safepoint    ] Safepoint "RevokeBias", Time since last: 513366172 ns, Reaching safepoint: 72848 ns, At safepoint: 17888 ns, Total: 90736 ns
[2020-02-29T06:11:24.378+0000][1][safepoint    ] Safepoint "Cleanup", Time since last: 1006129989 ns, Reaching safepoint: 204893 ns, At safepoint: 7100 ns, Total: 211993 ns
[2020-02-29T06:11:25.380+0000][1][safepoint    ] Safepoint "Cleanup", Time since last: 1002612520 ns, Reaching safepoint: 75033 ns, At safepoint: 6464 ns, Total: 81497 ns
[2020-02-29T06:11:25.893+0000][1][safepoint    ] Safepoint "RevokeBias", Time since last: 511849527 ns, Reaching safepoint: 216348 ns, At safepoint: 21170 ns, Total: 237518 ns
[2020-02-29T06:11:26.893+0000][1][safepoint    ] Safepoint "Cleanup", Time since last: 1000724529 ns, Reaching safepoint: 59430 ns, At safepoint: 7015 ns, Total: 66445 ns
[2020-02-29T06:11:28.045+0000][1][safepoint    ] Safepoint "Cleanup", Time since last: 1140877046 ns, Reaching safepoint: 10919893 ns, At safepoint: 10026 ns, Total: 10929919 ns
[2020-02-29T06:11:28.409+0000][1][safepoint    ] Safepoint "RevokeBias", Time since last: 364138269 ns, Reaching safepoint: 180083 ns, At safepoint: 48733 ns, Total: 228816 ns
[2020-02-29T06:11:29.418+0000][1][safepoint    ] Safepoint "Cleanup", Time since last: 1008257266 ns, Reaching safepoint: 80582 ns, At safepoint: 7076 ns, Total: 87658 ns
[2020-02-29T06:11:30.422+0000][1][safepoint    ] Safepoint "Cleanup", Time since last: 1004580144 ns, Reaching safepoint: 76747 ns, At safepoint: 6945 ns, Total: 83692 ns
[2020-02-29T06:11:30.940+0000][1][safepoint    ] Safepoint "RevokeBias", Time since last: 516966670 ns, Reaching safepoint: 144940 ns, At safepoint: 38826 ns, Total: 183766 ns
[2020-02-29T06:11:31.944+0000][1][safepoint    ] Safepoint "Cleanup", Time since last: 1004421971 ns, Reaching safepoint: 97995 ns, At safepoint: 10541 ns, Total: 108536 ns
[2020-02-29T06:11:32.952+0000][1][safepoint    ] Safepoint "Cleanup", Time since last: 1008131672 ns, Reaching safepoint: 83842 ns, At safepoint: 12903 ns, Total: 96745 ns
[2020-02-29T06:11:33.452+0000][1][safepoint    ] Safepoint "RevokeBias", Time since last: 499400511 ns, Reaching safepoint: 119380 ns, At safepoint: 21228 ns, Total: 140608 ns
[2020-02-29T06:11:34.453+0000][1][safepoint    ] Safepoint "Cleanup", Time since last: 1000558564 ns, Reaching safepoint: 100095 ns, At safepoint: 9043 ns, Total: 109138 ns
[2020-02-29T06:11:35.453+0000][1][safepoint    ] Safepoint "Cleanup", Time since last: 1000431049 ns, Reaching safepoint: 91018 ns, At safepoint: 10056 ns, Total: 101074 ns
[2020-02-29T06:11:35.968+0000][1][safepoint    ] Safepoint "RevokeBias", Time since last: 514983059 ns, Reaching safepoint: 95615 ns, At safepoint: 17865 ns, Total: 113480 ns
[2020-02-29T06:11:36.972+0000][1][safepoint    ] Safepoint "Cleanup", Time since last: 1003900818 ns, Reaching safepoint: 181520 ns, At safepoint: 33476 ns, Total: 214996 ns
[2020-02-29T06:11:37.974+0000][1][safepoint    ] Safepoint "Cleanup", Time since last: 1001567297 ns, Reaching safepoint: 104392 ns, At safepoint: 7594 ns, Total: 111986 ns
[2020-02-29T06:11:38.486+0000][1][safepoint    ] Safepoint "RevokeBias", Time since last: 512134705 ns, Reaching safepoint: 90879 ns, At safepoint: 61761 ns, Total: 152640 ns
[2020-02-29T06:11:39.494+0000][1][safepoint    ] Safepoint "Cleanup", Time since last: 1008052168 ns, Reaching safepoint: 77197 ns, At safepoint: 7490 ns, Total: 84687 ns
[2020-02-29T06:11:40.502+0000][1][safepoint    ] Safepoint "Cleanup", Time since last: 1007869689 ns, Reaching safepoint: 77906 ns, At safepoint: 7898 ns, Total: 85804 ns
[2020-02-29T06:11:41.016+0000][1][safepoint    ] Safepoint "RevokeBias", Time since last: 513938723 ns, Reaching safepoint: 89838 ns, At safepoint: 20710 ns, Total: 110548 ns
[2020-02-29T06:11:42.025+0000][1][safepoint    ] Safepoint "Cleanup", Time since last: 1008706893 ns, Reaching safepoint: 91686 ns, At safepoint: 9058 ns, Total: 100744 ns
[2020-02-29T06:11:43.027+0000][1][safepoint    ] Safepoint "Cleanup", Time since last: 1001900870 ns, Reaching safepoint: 77540 ns, At safepoint: 22730 ns, Total: 100270 ns
[2020-02-29T06:11:43.551+0000][1][safepoint    ] Safepoint "BulkRevokeBias", Time since last: 520924632 ns, Reaching safepoint: 115586 ns, At safepoint: 2236251 ns, Total: 2351837 ns
[2020-02-29T06:11:44.563+0000][1][safepoint    ] Safepoint "Cleanup", Time since last: 1012823241 ns, Reaching safepoint: 77712 ns, At safepoint: 7256 ns, Total: 84968 ns
[2020-02-29T06:11:45.567+0000][1][safepoint    ] Safepoint "Cleanup", Time since last: 1003070254 ns, Reaching safepoint: 104291 ns, At safepoint: 12390 ns, Total: 116681 ns
[2020-02-29T06:11:46.077+0000][1][safepoint    ] Safepoint "RevokeBias", Time since last: 509869334 ns, Reaching safepoint: 105052 ns, At safepoint: 28194 ns, Total: 133246 ns
[2020-02-29T06:11:47.079+0000][1][safepoint    ] Safepoint "Cleanup", Time since last: 1002658844 ns, Reaching safepoint: 92716 ns, At safepoint: 8176 ns, Total: 100892 ns
[2020-02-29T06:11:48.089+0000][1][safepoint    ] Safepoint "Cleanup", Time since last: 1009778406 ns, Reaching safepoint: 56329 ns, At safepoint: 5934 ns, Total: 62263 ns
[2020-02-29T06:11:48.597+0000][1][safepoint    ] Safepoint "RevokeBias", Time since last: 507724816 ns, Reaching safepoint: 105158 ns, At safepoint: 19109 ns, Total: 124267 ns
[2020-02-29T06:11:49.598+0000][1][safepoint    ] Safepoint "Cleanup", Time since last: 1000858383 ns, Reaching safepoint: 110803 ns, At safepoint: 10873 ns, Total: 121676 ns
[2020-02-29T06:11:50.599+0000][1][safepoint    ] Safepoint "Cleanup", Time since last: 1001114015 ns, Reaching safepoint: 81501 ns, At safepoint: 7026 ns, Total: 88527 ns
[2020-02-29T06:11:51.124+0000][1][safepoint    ] Safepoint "RevokeBias", Time since last: 524459439 ns, Reaching safepoint: 76670 ns, At safepoint: 18731 ns, Total: 95401 ns
[2020-02-29T06:11:52.502+0000][1][safepoint    ] Safepoint "Cleanup", Time since last: 1378210354 ns, Reaching safepoint: 91516 ns, At safepoint: 6750 ns, Total: 98266 ns
[2020-02-29T06:11:53.502+0000][1][safepoint    ] Safepoint "Cleanup", Time since last: 1000216898 ns, Reaching safepoint: 85731 ns, At safepoint: 11382 ns, Total: 97113 ns
[2020-02-29T06:11:53.642+0000][1][safepoint    ] Safepoint "RevokeBias", Time since last: 139594788 ns, Reaching safepoint: 84267 ns, At safepoint: 25891 ns, Total: 110158 ns
[2020-02-29T06:11:54.644+0000][1][safepoint    ] Safepoint "Cleanup", Time since last: 1001585167 ns, Reaching safepoint: 109156 ns, At safepoint: 10741 ns, Total: 119897 ns
[2020-02-29T06:11:55.649+0000][1][safepoint    ] Safepoint "Cleanup", Time since last: 1005302218 ns, Reaching safepoint: 66126 ns, At safepoint: 8101 ns, Total: 74227 ns
[2020-02-29T06:11:56.155+0000][1][safepoint    ] Safepoint "RevokeBias", Time since last: 505439811 ns, Reaching safepoint: 68886 ns, At safepoint: 20158 ns, Total: 89044 ns
[2020-02-29T06:11:57.162+0000][1][safepoint    ] Safepoint "Cleanup", Time since last: 1007148511 ns, Reaching safepoint: 115679 ns, At safepoint: 10344 ns, Total: 126023 ns
[2020-02-29T06:11:58.171+0000][1][safepoint    ] Safepoint "Cleanup", Time since last: 1002860626 ns, Reaching safepoint: 5582486 ns, At safepoint: 25401 ns, Total: 5607887 ns
[2020-02-29T06:11:58.680+0000][1][safepoint    ] Safepoint "RevokeBias", Time since last: 509554048 ns, Reaching safepoint: 93779 ns, At safepoint: 69273 ns, Total: 163052 ns
[2020-02-29T06:11:59.690+0000][1][safepoint    ] Safepoint "Cleanup", Time since last: 1009296702 ns, Reaching safepoint: 226086 ns, At safepoint: 23845 ns, Total: 249931 ns
[2020-02-29T06:12:00.694+0000][1][safepoint    ] Safepoint "Cleanup", Time since last: 1004303060 ns, Reaching safepoint: 94865 ns, At safepoint: 7586 ns, Total: 102451 ns
[2020-02-29T06:12:01.209+0000][1][safepoint    ] Safepoint "RevokeBias", Time since last: 514514996 ns, Reaching safepoint: 74274 ns, At safepoint: 35714 ns, Total: 109988 ns
[2020-02-29T06:12:01.487+0000][1][gc,start     ] GC(67) Pause Young (Allocation Failure)
[2020-02-29T06:12:01.488+0000][1][gc,task      ] GC(67) Using 1 workers of 1 for evacuation
[2020-02-29T06:12:01.518+0000][1][gc,age       ] GC(67) Desired survivor size 4358144 bytes, new threshold 6 (max threshold 6)
[2020-02-29T06:12:01.518+0000][1][gc,age       ] GC(67) Age table with threshold 6 (max threshold 6)
[2020-02-29T06:12:01.518+0000][1][gc,age       ] GC(67) - age   1:      11456 bytes,      11456 total
[2020-02-29T06:12:01.518+0000][1][gc,age       ] GC(67) - age   2:        432 bytes,      11888 total
[2020-02-29T06:12:01.518+0000][1][gc,age       ] GC(67) - age   3:       1496 bytes,      13384 total
[2020-02-29T06:12:01.518+0000][1][gc,age       ] GC(67) - age   4:        544 bytes,      13928 total
[2020-02-29T06:12:01.518+0000][1][gc,age       ] GC(67) - age   5:        208 bytes,      14136 total
[2020-02-29T06:12:01.518+0000][1][gc,age       ] GC(67) - age   6:       2048 bytes,      16184 total
[2020-02-29T06:12:01.518+0000][1][gc,heap      ] GC(67) ParNew: 68126K->27K(76672K)
[2020-02-29T06:12:01.518+0000][1][gc,heap      ] GC(67) CMS: 62563K->62563K(963392K)
[2020-02-29T06:12:01.518+0000][1][gc,metaspace ] GC(67) Metaspace: 79753K->79753K(1122304K)
[2020-02-29T06:12:01.518+0000][1][gc           ] GC(67) Pause Young (Allocation Failure) 127M->61M(1015M) 30.551ms
[2020-02-29T06:12:01.518+0000][1][gc,cpu       ] GC(67) User=0.01s Sys=0.00s Real=0.03s
[2020-02-29T06:12:01.518+0000][1][safepoint    ] Safepoint "GenCollectForAllocation", Time since last: 278574426 ns, Reaching safepoint: 74575 ns, At safepoint: 30644883 ns, Total: 30719458 ns
[2020-02-29T06:12:02.519+0000][1][safepoint    ] Safepoint "Cleanup", Time since last: 1000503145 ns, Reaching safepoint: 129120 ns, At safepoint: 24580 ns, Total: 153700 ns
[2020-02-29T06:12:03.521+0000][1][safepoint    ] Safepoint "Cleanup", Time since last: 1002404448 ns, Reaching safepoint: 120265 ns, At safepoint: 19512 ns, Total: 139777 ns
[2020-02-29T06:12:03.732+0000][1][safepoint    ] Safepoint "RevokeBias", Time since last: 210669291 ns, Reaching safepoint: 52769 ns, At safepoint: 15147 ns, Total: 67916 ns
[2020-02-29T06:12:04.739+0000][1][safepoint    ] Safepoint "Cleanup", Time since last: 1007042495 ns, Reaching safepoint: 80462 ns, At safepoint: 20666 ns, Total: 101128 ns
[2020-02-29T06:12:05.743+0000][1][safepoint    ] Safepoint "Cleanup", Time since last: 1003976591 ns, Reaching safepoint: 74568 ns, At safepoint: 5557 ns, Total: 80125 ns
[2020-02-29T06:12:06.245+0000][1][safepoint    ] Safepoint "RevokeBias", Time since last: 501951072 ns, Reaching safepoint: 95494 ns, At safepoint: 35270 ns, Total: 130764 ns
[2020-02-29T06:12:07.246+0000][1][safepoint    ] Safepoint "Cleanup", Time since last: 1000269613 ns, Reaching safepoint: 76003 ns, At safepoint: 6295 ns, Total: 82298 ns
[2020-02-29T06:12:08.251+0000][1][safepoint    ] Safepoint "Cleanup", Time since last: 1005539719 ns, Reaching safepoint: 57504 ns, At safepoint: 5818 ns, Total: 63322 ns
[2020-02-29T06:12:08.767+0000][1][safepoint    ] Safepoint "RevokeBias", Time since last: 511799373 ns, Reaching safepoint: 4201044 ns, At safepoint: 25176 ns, Total: 4226220 ns
[2020-02-29T06:12:09.787+0000][1][safepoint    ] Safepoint "Cleanup", Time since last: 1019718726 ns, Reaching safepoint: 149399 ns, At safepoint: 24602 ns, Total: 174001 ns
[2020-02-29T06:12:10.793+0000][1][safepoint    ] Safepoint "Cleanup", Time since last: 1005704205 ns, Reaching safepoint: 78949 ns, At safepoint: 7640 ns, Total: 86589 ns
[2020-02-29T06:12:11.279+0000][1][safepoint    ] Safepoint "RevokeBias", Time since last: 486050386 ns, Reaching safepoint: 73968 ns, At safepoint: 24091 ns, Total: 98059 ns
[2020-02-29T06:12:12.280+0000][1][safepoint    ] Safepoint "Cleanup", Time since last: 1000709555 ns, Reaching safepoint: 78256 ns, At safepoint: 7255 ns, Total: 85511 ns
[2020-02-29T06:12:13.281+0000][1][safepoint    ] Safepoint "Cleanup", Time since last: 1000784930 ns, Reaching safepoint: 80429 ns, At safepoint: 8628 ns, Total: 89057 ns
[2020-02-29T06:12:13.793+0000][1][safepoint    ] Safepoint "RevokeBias", Time since last: 512420750 ns, Reaching safepoint: 72288 ns, At safepoint: 17360 ns, Total: 89648 ns
[2020-02-29T06:12:14.799+0000][1][safepoint    ] Safepoint "Cleanup", Time since last: 1005673349 ns, Reaching safepoint: 77865 ns, At safepoint: 8003 ns, Total: 85868 ns
[2020-02-29T06:12:15.801+0000][1][safepoint    ] Safepoint "Cleanup", Time since last: 1001292281 ns, Reaching safepoint: 216490 ns, At safepoint: 7492 ns, Total: 223982 ns
[2020-02-29T06:12:16.310+0000][1][safepoint    ] Safepoint "RevokeBias", Time since last: 509599157 ns, Reaching safepoint: 71924 ns, At safepoint: 17560 ns, Total: 89484 ns
[2020-02-29T06:12:17.313+0000][1][safepoint    ] Safepoint "Cleanup", Time since last: 1002757787 ns, Reaching safepoint: 57147 ns, At safepoint: 5485 ns, Total: 62632 ns
[2020-02-29T06:12:18.314+0000][1][safepoint    ] Safepoint "Cleanup", Time since last: 1001115282 ns, Reaching safepoint: 71883 ns, At safepoint: 6638 ns, Total: 78521 ns
[2020-02-29T06:12:18.837+0000][1][safepoint    ] Safepoint "RevokeBias", Time since last: 522481413 ns, Reaching safepoint: 52081 ns, At safepoint: 16251 ns, Total: 68332 ns
[2020-02-29T06:12:19.843+0000][1][safepoint    ] Safepoint "Cleanup", Time since last: 1005941652 ns, Reaching safepoint: 78859 ns, At safepoint: 7735 ns, Total: 86594 ns
[2020-02-29T06:12:20.843+0000][1][safepoint    ] Safepoint "Cleanup", Time since last: 1000227549 ns, Reaching safepoint: 78053 ns, At safepoint: 25751 ns, Total: 103804 ns
[2020-02-29T06:12:21.372+0000][1][safepoint    ] Safepoint "RevokeBias", Time since last: 525059998 ns, Reaching safepoint: 3821213 ns, At safepoint: 20860 ns, Total: 3842073 ns
[2020-02-29T06:12:22.374+0000][1][safepoint    ] Safepoint "Cleanup", Time since last: 1001781346 ns, Reaching safepoint: 137811 ns, At safepoint: 9251 ns, Total: 147062 ns
[2020-02-29T06:12:23.376+0000][1][safepoint    ] Safepoint "Cleanup", Time since last: 1002342110 ns, Reaching safepoint: 87725 ns, At safepoint: 7584 ns, Total: 95309 ns
[2020-02-29T06:12:23.889+0000][1][safepoint    ] Safepoint "RevokeBias", Time since last: 512909208 ns, Reaching safepoint: 71533 ns, At safepoint: 16875 ns, Total: 88408 ns
[2020-02-29T06:12:24.894+0000][1][safepoint    ] Safepoint "Cleanup", Time since last: 1004891202 ns, Reaching safepoint: 109244 ns, At safepoint: 9374 ns, Total: 118618 ns
[2020-02-29T06:12:25.895+0000][1][safepoint    ] Safepoint "Cleanup", Time since last: 1000593622 ns, Reaching safepoint: 122364 ns, At safepoint: 17058 ns, Total: 139422 ns
[2020-02-29T06:12:26.449+0000][1][safepoint    ] Safepoint "RevokeBias", Time since last: 550398327 ns, Reaching safepoint: 2965675 ns, At safepoint: 33901 ns, Total: 2999576 ns
[2020-02-29T06:12:27.505+0000][1][safepoint    ] Safepoint "Cleanup", Time since last: 1055937555 ns, Reaching safepoint: 108976 ns, At safepoint: 10999 ns, Total: 119975 ns
[2020-02-29T06:12:28.510+0000][1][safepoint    ] Safepoint "Cleanup", Time since last: 1005125972 ns, Reaching safepoint: 61352 ns, At safepoint: 7409 ns, Total: 68761 ns
[2020-02-29T06:12:28.984+0000][1][safepoint    ] Safepoint "RevokeBias", Time since last: 474267060 ns, Reaching safepoint: 53154 ns, At safepoint: 42377 ns, Total: 95531 ns
[2020-02-29T06:12:29.990+0000][1][safepoint    ] Safepoint "Cleanup", Time since last: 1006006757 ns, Reaching safepoint: 78343 ns, At safepoint: 7157 ns, Total: 85500 ns
[2020-02-29T06:12:31.000+0000][1][safepoint    ] Safepoint "Cleanup", Time since last: 1009907873 ns, Reaching safepoint: 60917 ns, At safepoint: 7269 ns, Total: 68186 ns
[2020-02-29T06:12:31.508+0000][1][safepoint    ] Safepoint "RevokeBias", Time since last: 507127238 ns, Reaching safepoint: 154261 ns, At safepoint: 56770 ns, Total: 211031 ns
[2020-02-29T06:12:32.513+0000][1][safepoint    ] Safepoint "Cleanup", Time since last: 1004872332 ns, Reaching safepoint: 75832 ns, At safepoint: 6612 ns, Total: 82444 ns
[2020-02-29T06:12:33.513+0000][1][safepoint    ] Safepoint "Cleanup", Time since last: 1000531207 ns, Reaching safepoint: 77571 ns, At safepoint: 7700 ns, Total: 85271 ns
[2020-02-29T06:12:34.048+0000][1][safepoint    ] Safepoint "RevokeBias", Time since last: 534218175 ns, Reaching safepoint: 90483 ns, At safepoint: 24961 ns, Total: 115444 ns
[2020-02-29T06:12:35.049+0000][1][safepoint    ] Safepoint "Cleanup", Time since last: 1001634001 ns, Reaching safepoint: 70721 ns, At safepoint: 6412 ns, Total: 77133 ns
[2020-02-29T06:12:36.054+0000][1][safepoint    ] Safepoint "Cleanup", Time since last: 1003781359 ns, Reaching safepoint: 704215 ns, At safepoint: 47505 ns, Total: 751720 ns
[2020-02-29T06:12:36.574+0000][1][safepoint    ] Safepoint "RevokeBias", Time since last: 520573229 ns, Reaching safepoint: 88341 ns, At safepoint: 17515 ns, Total: 105856 ns
[2020-02-29T06:12:37.581+0000][1][safepoint    ] Safepoint "Cleanup", Time since last: 1006805484 ns, Reaching safepoint: 101121 ns, At safepoint: 10511 ns, Total: 111632 ns
[2020-02-29T06:12:38.585+0000][1][safepoint    ] Safepoint "Cleanup", Time since last: 1003939550 ns, Reaching safepoint: 94724 ns, At safepoint: 8318 ns, Total: 103042 ns
[2020-02-29T06:12:39.093+0000][1][safepoint    ] Safepoint "RevokeBias", Time since last: 507277675 ns, Reaching safepoint: 154162 ns, At safepoint: 30305 ns, Total: 184467 ns
[2020-02-29T06:12:40.097+0000][1][safepoint    ] Safepoint "Cleanup", Time since last: 1004105413 ns, Reaching safepoint: 148585 ns, At safepoint: 23523 ns, Total: 172108 ns
[2020-02-29T06:12:41.099+0000][1][safepoint    ] Safepoint "Cleanup", Time since last: 1001382750 ns, Reaching safepoint: 77557 ns, At safepoint: 5971 ns, Total: 83528 ns
[2020-02-29T06:12:41.619+0000][1][safepoint    ] Safepoint "RevokeBias", Time since last: 520429223 ns, Reaching safepoint: 56580 ns, At safepoint: 18053 ns, Total: 74633 ns
[2020-02-29T06:12:42.653+0000][1][safepoint    ] Safepoint "Cleanup", Time since last: 1033321028 ns, Reaching safepoint: 105095 ns, At safepoint: 9703 ns, Total: 114798 ns
[2020-02-29T06:12:43.656+0000][1][safepoint    ] Safepoint "Cleanup", Time since last: 1003553782 ns, Reaching safepoint: 116589 ns, At safepoint: 9142 ns, Total: 125731 ns
[2020-02-29T06:12:44.131+0000][1][safepoint    ] Safepoint "RevokeBias", Time since last: 474922417 ns, Reaching safepoint: 70147 ns, At safepoint: 17029 ns, Total: 87176 ns
[2020-02-29T06:12:45.132+0000][1][safepoint    ] Safepoint "Cleanup", Time since last: 1000784665 ns, Reaching safepoint: 180552 ns, At safepoint: 8324 ns, Total: 188876 ns
[2020-02-29T06:12:46.133+0000][1][safepoint    ] Safepoint "Cleanup", Time since last: 1000898259 ns, Reaching safepoint: 61149 ns, At safepoint: 7079 ns, Total: 68228 ns
[2020-02-29T06:12:46.648+0000][1][safepoint    ] Safepoint "RevokeBias", Time since last: 514903954 ns, Reaching safepoint: 51811 ns, At safepoint: 16173 ns, Total: 67984 ns
[2020-02-29T06:12:47.652+0000][1][safepoint    ] Safepoint "Cleanup", Time since last: 1003948368 ns, Reaching safepoint: 58062 ns, At safepoint: 5816 ns, Total: 63878 ns
[2020-02-29T06:12:49.167+0000][1][safepoint    ] Safepoint "RevokeBias", Time since last: 1514944544 ns, Reaching safepoint: 68975 ns, At safepoint: 18222 ns, Total: 87197 ns
[2020-02-29T06:12:50.172+0000][1][safepoint    ] Safepoint "Cleanup", Time since last: 1005058346 ns, Reaching safepoint: 75194 ns, At safepoint: 6773 ns, Total: 81967 ns
[2020-02-29T06:12:51.176+0000][1][safepoint    ] Safepoint "Cleanup", Time since last: 1003805319 ns, Reaching safepoint: 62867 ns, At safepoint: 6648 ns, Total: 69515 ns
[2020-02-29T06:12:51.681+0000][1][safepoint    ] Safepoint "RevokeBias", Time since last: 504399732 ns, Reaching safepoint: 86227 ns, At safepoint: 23809 ns, Total: 110036 ns
[2020-02-29T06:12:52.681+0000][1][safepoint    ] Safepoint "Cleanup", Time since last: 1000537540 ns, Reaching safepoint: 61429 ns, At safepoint: 7098 ns, Total: 68527 ns
[2020-02-29T06:12:53.690+0000][1][safepoint    ] Safepoint "Cleanup", Time since last: 1008080783 ns, Reaching safepoint: 130556 ns, At safepoint: 7981 ns, Total: 138537 ns
[2020-02-29T06:12:54.205+0000][1][safepoint    ] Safepoint "RevokeBias", Time since last: 515845157 ns, Reaching safepoint: 72050 ns, At safepoint: 35732 ns, Total: 107782 ns
[2020-02-29T06:12:55.212+0000][1][safepoint    ] Safepoint "Cleanup", Time since last: 1006545533 ns, Reaching safepoint: 132865 ns, At safepoint: 7412 ns, Total: 140277 ns
[2020-02-29T06:12:56.219+0000][1][safepoint    ] Safepoint "Cleanup", Time since last: 1006534442 ns, Reaching safepoint: 83307 ns, At safepoint: 9311 ns, Total: 92618 ns
[2020-02-29T06:12:56.734+0000][1][safepoint    ] Safepoint "BulkRevokeBias", Time since last: 514427739 ns, Reaching safepoint: 55652 ns, At safepoint: 265846 ns, Total: 321498 ns
[2020-02-29T06:12:57.741+0000][1][safepoint    ] Safepoint "Cleanup", Time since last: 1007161501 ns, Reaching safepoint: 63445 ns, At safepoint: 6744 ns, Total: 70189 ns
[2020-02-29T06:12:58.743+0000][1][safepoint    ] Safepoint "Cleanup", Time since last: 1002147241 ns, Reaching safepoint: 63526 ns, At safepoint: 7533 ns, Total: 71059 ns
[2020-02-29T06:12:59.265+0000][1][safepoint    ] Safepoint "RevokeBias", Time since last: 522246036 ns, Reaching safepoint: 77280 ns, At safepoint: 55676 ns, Total: 132956 ns
[2020-02-29T06:13:00.270+0000][1][safepoint    ] Safepoint "Cleanup", Time since last: 1004098163 ns, Reaching safepoint: 75663 ns, At safepoint: 6985 ns, Total: 82648 ns
[2020-02-29T06:13:01.270+0000][1][safepoint    ] Safepoint "Cleanup", Time since last: 1000501981 ns, Reaching safepoint: 78836 ns, At safepoint: 7905 ns, Total: 86741 ns
[2020-02-29T06:13:01.787+0000][1][safepoint    ] Safepoint "RevokeBias", Time since last: 516388415 ns, Reaching safepoint: 235844 ns, At safepoint: 88766 ns, Total: 324610 ns
[2020-02-29T06:13:02.792+0000][1][safepoint    ] Safepoint "Cleanup", Time since last: 1005360052 ns, Reaching safepoint: 60199 ns, At safepoint: 7515 ns, Total: 67714 ns
[2020-02-29T06:13:03.796+0000][1][safepoint    ] Safepoint "Cleanup", Time since last: 1003668879 ns, Reaching safepoint: 115411 ns, At safepoint: 26365 ns, Total: 141776 ns
[2020-02-29T06:13:04.298+0000][1][safepoint    ] Safepoint "RevokeBias", Time since last: 501369362 ns, Reaching safepoint: 72566 ns, At safepoint: 17798 ns, Total: 90364 ns
[2020-02-29T06:13:05.298+0000][1][safepoint    ] Safepoint "Cleanup", Time since last: 1000695097 ns, Reaching safepoint: 80680 ns, At safepoint: 8715 ns, Total: 89395 ns
[2020-02-29T06:13:06.299+0000][1][safepoint    ] Safepoint "Cleanup", Time since last: 1000298369 ns, Reaching safepoint: 79809 ns, At safepoint: 8895 ns, Total: 88704 ns
[2020-02-29T06:13:06.808+0000][1][safepoint    ] Safepoint "RevokeBias", Time since last: 508946508 ns, Reaching safepoint: 74580 ns, At safepoint: 19100 ns, Total: 93680 ns
[2020-02-29T06:13:07.809+0000][1][safepoint    ] Safepoint "Cleanup", Time since last: 1001413686 ns, Reaching safepoint: 76332 ns, At safepoint: 7255 ns, Total: 83587 ns
[2020-02-29T06:13:08.810+0000][1][safepoint    ] Safepoint "Cleanup", Time since last: 1000619897 ns, Reaching safepoint: 61681 ns, At safepoint: 7902 ns, Total: 69583 ns
[2020-02-29T06:13:09.315+0000][1][safepoint    ] Safepoint "RevokeBias", Time since last: 505182081 ns, Reaching safepoint: 73349 ns, At safepoint: 18359 ns, Total: 91708 ns
[2020-02-29T06:13:10.316+0000][1][safepoint    ] Safepoint "Cleanup", Time since last: 1000495478 ns, Reaching safepoint: 204198 ns, At safepoint: 8709 ns, Total: 212907 ns
[2020-02-29T06:13:11.317+0000][1][safepoint    ] Safepoint "Cleanup", Time since last: 1000615780 ns, Reaching safepoint: 80740 ns, At safepoint: 7713 ns, Total: 88453 ns
[2020-02-29T06:13:11.828+0000][1][safepoint    ] Safepoint "RevokeBias", Time since last: 511165862 ns, Reaching safepoint: 53164 ns, At safepoint: 15346 ns, Total: 68510 ns
[2020-02-29T06:13:12.829+0000][1][safepoint    ] Safepoint "Cleanup", Time since last: 1001236980 ns, Reaching safepoint: 78045 ns, At safepoint: 7663 ns, Total: 85708 ns
[2020-02-29T06:13:13.833+0000][1][safepoint    ] Safepoint "Cleanup", Time since last: 1003833361 ns, Reaching safepoint: 115024 ns, At safepoint: 10716 ns, Total: 125740 ns
[2020-02-29T06:13:14.353+0000][1][safepoint    ] Safepoint "RevokeBias", Time since last: 519195070 ns, Reaching safepoint: 99750 ns, At safepoint: 41915 ns, Total: 141665 ns
[2020-02-29T06:13:15.356+0000][1][safepoint    ] Safepoint "Cleanup", Time since last: 1003892532 ns, Reaching safepoint: 74514 ns, At safepoint: 6325 ns, Total: 80839 ns
[2020-02-29T06:13:16.358+0000][1][safepoint    ] Safepoint "Cleanup", Time since last: 1001727851 ns, Reaching safepoint: 75071 ns, At safepoint: 5871 ns, Total: 80942 ns
[2020-02-29T06:13:16.870+0000][1][safepoint    ] Safepoint "RevokeBias", Time since last: 511122640 ns, Reaching safepoint: 72257 ns, At safepoint: 17506 ns, Total: 89763 ns
[2020-02-29T06:13:17.877+0000][1][safepoint    ] Safepoint "Cleanup", Time since last: 1007770906 ns, Reaching safepoint: 107089 ns, At safepoint: 8815 ns, Total: 115904 ns
[2020-02-29T06:13:18.881+0000][1][safepoint    ] Safepoint "Cleanup", Time since last: 1003082376 ns, Reaching safepoint: 60591 ns, At safepoint: 6935 ns, Total: 67526 ns
[2020-02-29T06:13:19.379+0000][1][safepoint    ] Safepoint "RevokeBias", Time since last: 498573586 ns, Reaching safepoint: 75464 ns, At safepoint: 18822 ns, Total: 94286 ns
[2020-02-29T06:13:20.380+0000][1][safepoint    ] Safepoint "Cleanup", Time since last: 1000415283 ns, Reaching safepoint: 81619 ns, At safepoint: 10001 ns, Total: 91620 ns
[2020-02-29T06:13:21.389+0000][1][safepoint    ] Safepoint "Cleanup", Time since last: 1009502099 ns, Reaching safepoint: 61778 ns, At safepoint: 7550 ns, Total: 69328 ns
[2020-02-29T06:13:21.890+0000][1][safepoint    ] Safepoint "RevokeBias", Time since last: 500873446 ns, Reaching safepoint: 52511 ns, At safepoint: 15743 ns, Total: 68254 ns
[2020-02-29T06:13:22.892+0000][1][safepoint    ] Safepoint "Cleanup", Time since last: 1001942215 ns, Reaching safepoint: 74399 ns, At safepoint: 6889 ns, Total: 81288 ns
[2020-02-29T06:13:23.893+0000][1][safepoint    ] Safepoint "Cleanup", Time since last: 1000707628 ns, Reaching safepoint: 176916 ns, At safepoint: 23763 ns, Total: 200679 ns
[2020-02-29T06:13:24.412+0000][1][safepoint    ] Safepoint "RevokeBias", Time since last: 519258165 ns, Reaching safepoint: 53449 ns, At safepoint: 15077 ns, Total: 68526 ns
[2020-02-29T06:13:25.418+0000][1][safepoint    ] Safepoint "Cleanup", Time since last: 1005215155 ns, Reaching safepoint: 76689 ns, At safepoint: 6973 ns, Total: 83662 ns
[2020-02-29T06:13:26.422+0000][1][safepoint    ] Safepoint "Cleanup", Time since last: 1004326824 ns, Reaching safepoint: 73593 ns, At safepoint: 5548 ns, Total: 79141 ns
[2020-02-29T06:13:26.937+0000][1][safepoint    ] Safepoint "RevokeBias", Time since last: 514827193 ns, Reaching safepoint: 52172 ns, At safepoint: 15898 ns, Total: 68070 ns
[2020-02-29T06:13:28.074+0000][1][safepoint    ] Safepoint "Cleanup", Time since last: 1136051616 ns, Reaching safepoint: 743955 ns, At safepoint: 14649 ns, Total: 758604 ns
[2020-02-29T06:13:29.081+0000][1][safepoint    ] Safepoint "Cleanup", Time since last: 1007258993 ns, Reaching safepoint: 125949 ns, At safepoint: 11070 ns, Total: 137019 ns
[2020-02-29T06:13:29.460+0000][1][safepoint    ] Safepoint "RevokeBias", Time since last: 378772161 ns, Reaching safepoint: 100196 ns, At safepoint: 27618 ns, Total: 127814 ns
[2020-02-29T06:13:30.466+0000][1][safepoint    ] Safepoint "Cleanup", Time since last: 1005805085 ns, Reaching safepoint: 105708 ns, At safepoint: 11888 ns, Total: 117596 ns
[2020-02-29T06:13:31.467+0000][1][safepoint    ] Safepoint "Cleanup", Time since last: 1001221624 ns, Reaching safepoint: 85611 ns, At safepoint: 10200 ns, Total: 95811 ns
[2020-02-29T06:13:31.986+0000][1][safepoint    ] Safepoint "RevokeBias", Time since last: 518860667 ns, Reaching safepoint: 54436 ns, At safepoint: 34247 ns, Total: 88683 ns
[2020-02-29T06:13:32.988+0000][1][safepoint    ] Safepoint "Cleanup", Time since last: 1001418344 ns, Reaching safepoint: 103490 ns, At safepoint: 12390 ns, Total: 115880 ns
[2020-02-29T06:13:33.989+0000][1][safepoint    ] Safepoint "Cleanup", Time since last: 1001142120 ns, Reaching safepoint: 87652 ns, At safepoint: 15409 ns, Total: 103061 ns
[2020-02-29T06:13:34.507+0000][1][safepoint    ] Safepoint "RevokeBias", Time since last: 517407432 ns, Reaching safepoint: 76596 ns, At safepoint: 19372 ns, Total: 95968 ns
[2020-02-29T06:13:35.509+0000][1][safepoint    ] Safepoint "Cleanup", Time since last: 1002310131 ns, Reaching safepoint: 104611 ns, At safepoint: 12673 ns, Total: 117284 ns
[2020-02-29T06:13:36.518+0000][1][safepoint    ] Safepoint "Cleanup", Time since last: 1008685690 ns, Reaching safepoint: 86720 ns, At safepoint: 15149 ns, Total: 101869 ns
[2020-02-29T06:13:37.035+0000][1][safepoint    ] Safepoint "RevokeBias", Time since last: 517116817 ns, Reaching safepoint: 53766 ns, At safepoint: 16162 ns, Total: 69928 ns
[2020-02-29T06:13:38.035+0000][1][safepoint    ] Safepoint "Cleanup", Time since last: 1000210880 ns, Reaching safepoint: 92923 ns, At safepoint: 15656 ns, Total: 108579 ns
[2020-02-29T06:13:39.036+0000][1][safepoint    ] Safepoint "Cleanup", Time since last: 1000568928 ns, Reaching safepoint: 89811 ns, At safepoint: 9027 ns, Total: 98838 ns
[2020-02-29T06:13:39.560+0000][1][safepoint    ] Safepoint "RevokeBias", Time since last: 523760856 ns, Reaching safepoint: 80002 ns, At safepoint: 23002 ns, Total: 103004 ns
[2020-02-29T06:13:40.569+0000][1][safepoint    ] Safepoint "Cleanup", Time since last: 1009037875 ns, Reaching safepoint: 92177 ns, At safepoint: 7240 ns, Total: 99417 ns
[2020-02-29T06:13:41.570+0000][1][safepoint    ] Safepoint "Cleanup", Time since last: 1001251443 ns, Reaching safepoint: 61072 ns, At safepoint: 7338 ns, Total: 68410 ns
[2020-02-29T06:13:42.088+0000][1][safepoint    ] Safepoint "RevokeBias", Time since last: 517966970 ns, Reaching safepoint: 84997 ns, At safepoint: 19926 ns, Total: 104923 ns
[2020-02-29T06:13:43.093+0000][1][safepoint    ] Safepoint "Cleanup", Time since last: 1004511992 ns, Reaching safepoint: 74656 ns, At safepoint: 7066 ns, Total: 81722 ns
[2020-02-29T06:13:44.097+0000][1][safepoint    ] Safepoint "Cleanup", Time since last: 1004146043 ns, Reaching safepoint: 120717 ns, At safepoint: 8799 ns, Total: 129516 ns
[2020-02-29T06:13:44.617+0000][1][safepoint    ] Safepoint "RevokeBias", Time since last: 519495682 ns, Reaching safepoint: 52527 ns, At safepoint: 15625 ns, Total: 68152 ns
[2020-02-29T06:13:45.620+0000][1][safepoint    ] Safepoint "Cleanup", Time since last: 1003029657 ns, Reaching safepoint: 86229 ns, At safepoint: 8688 ns, Total: 94917 ns
[2020-02-29T06:13:46.629+0000][1][safepoint    ] Safepoint "Cleanup", Time since last: 1008702353 ns, Reaching safepoint: 65718 ns, At safepoint: 7598 ns, Total: 73316 ns
[2020-02-29T06:13:47.193+0000][1][safepoint    ] Safepoint "RevokeBias", Time since last: 563948808 ns, Reaching safepoint: 155291 ns, At safepoint: 29743 ns, Total: 185034 ns
[2020-02-29T06:13:48.198+0000][1][safepoint    ] Safepoint "Cleanup", Time since last: 1005258729 ns, Reaching safepoint: 72982 ns, At safepoint: 5783 ns, Total: 78765 ns
[2020-02-29T06:13:49.208+0000][1][safepoint    ] Safepoint "Cleanup", Time since last: 1009845118 ns, Reaching safepoint: 200520 ns, At safepoint: 22774 ns, Total: 223294 ns
[2020-02-29T06:13:49.709+0000][1][safepoint    ] Safepoint "RevokeBias", Time since last: 500712095 ns, Reaching safepoint: 70929 ns, At safepoint: 17630 ns, Total: 88559 ns
[2020-02-29T06:13:50.710+0000][1][safepoint    ] Safepoint "Cleanup", Time since last: 1000351026 ns, Reaching safepoint: 91112 ns, At safepoint: 9949 ns, Total: 101061 ns
[2020-02-29T06:13:51.711+0000][1][safepoint    ] Safepoint "Cleanup", Time since last: 1001801599 ns, Reaching safepoint: 86872 ns, At safepoint: 8117 ns, Total: 94989 ns
[2020-02-29T06:13:52.226+0000][1][safepoint    ] Safepoint "RevokeBias", Time since last: 513971697 ns, Reaching safepoint: 73855 ns, At safepoint: 17969 ns, Total: 91824 ns
[2020-02-29T06:13:53.231+0000][1][safepoint    ] Safepoint "Cleanup", Time since last: 1005218804 ns, Reaching safepoint: 73184 ns, At safepoint: 5973 ns, Total: 79157 ns
[2020-02-29T06:13:54.232+0000][1][safepoint    ] Safepoint "Cleanup", Time since last: 1001225369 ns, Reaching safepoint: 89239 ns, At safepoint: 7197 ns, Total: 96436 ns
[2020-02-29T06:13:54.735+0000][1][safepoint    ] Safepoint "RevokeBias", Time since last: 502558198 ns, Reaching safepoint: 73658 ns, At safepoint: 16808 ns, Total: 90466 ns
[2020-02-29T06:13:55.735+0000][1][safepoint    ] Safepoint "Cleanup", Time since last: 1000448354 ns, Reaching safepoint: 80652 ns, At safepoint: 7270 ns, Total: 87922 ns
[2020-02-29T06:13:56.736+0000][1][safepoint    ] Safepoint "Cleanup", Time since last: 1000893950 ns, Reaching safepoint: 93858 ns, At safepoint: 9770 ns, Total: 103628 ns
[2020-02-29T06:13:57.245+0000][1][safepoint    ] Safepoint "RevokeBias", Time since last: 508081986 ns, Reaching safepoint: 76349 ns, At safepoint: 28096 ns, Total: 104445 ns
[2020-02-29T06:13:58.253+0000][1][safepoint    ] Safepoint "Cleanup", Time since last: 1002822977 ns, Reaching safepoint: 5613411 ns, At safepoint: 9966 ns, Total: 5623377 ns
[2020-02-29T06:13:59.254+0000][1][safepoint    ] Safepoint "Cleanup", Time since last: 1000532280 ns, Reaching safepoint: 89596 ns, At safepoint: 9897 ns, Total: 99493 ns
[2020-02-29T06:13:59.761+0000][1][safepoint    ] Safepoint "RevokeBias", Time since last: 506921595 ns, Reaching safepoint: 91331 ns, At safepoint: 21919 ns, Total: 113250 ns
[2020-02-29T06:14:00.761+0000][1][safepoint    ] Safepoint "Cleanup", Time since last: 1000632829 ns, Reaching safepoint: 73912 ns, At safepoint: 6694 ns, Total: 80606 ns
[2020-02-29T06:14:01.763+0000][1][safepoint    ] Safepoint "Cleanup", Time since last: 1001582033 ns, Reaching safepoint: 148020 ns, At safepoint: 6846 ns, Total: 154866 ns
[2020-02-29T06:14:02.284+0000][1][safepoint    ] Safepoint "RevokeBias", Time since last: 520334505 ns, Reaching safepoint: 72885 ns, At safepoint: 18028 ns, Total: 90913 ns
[2020-02-29T06:14:03.284+0000][1][safepoint    ] Safepoint "Cleanup", Time since last: 1000169546 ns, Reaching safepoint: 79979 ns, At safepoint: 8271 ns, Total: 88250 ns
[2020-02-29T06:14:04.284+0000][1][safepoint    ] Safepoint "Cleanup", Time since last: 1000413735 ns, Reaching safepoint: 88374 ns, At safepoint: 9677 ns, Total: 98051 ns
[2020-02-29T06:14:04.799+0000][1][safepoint    ] Safepoint "RevokeBias", Time since last: 515021435 ns, Reaching safepoint: 71681 ns, At safepoint: 17974 ns, Total: 89655 ns
[2020-02-29T06:14:05.810+0000][1][safepoint    ] Safepoint "Cleanup", Time since last: 1010646291 ns, Reaching safepoint: 76405 ns, At safepoint: 7911 ns, Total: 84316 ns
[2020-02-29T06:14:06.818+0000][1][safepoint    ] Safepoint "Cleanup", Time since last: 1007922069 ns, Reaching safepoint: 98812 ns, At safepoint: 11443 ns, Total: 110255 ns
[2020-02-29T06:14:07.317+0000][1][safepoint    ] Safepoint "RevokeBias", Time since last: 499253637 ns, Reaching safepoint: 55821 ns, At safepoint: 17504 ns, Total: 73325 ns
[2020-02-29T06:14:08.323+0000][1][safepoint    ] Safepoint "Cleanup", Time since last: 1005477328 ns, Reaching safepoint: 68734 ns, At safepoint: 10021 ns, Total: 78755 ns
[2020-02-29T06:14:09.330+0000][1][safepoint    ] Safepoint "Cleanup", Time since last: 1006870522 ns, Reaching safepoint: 73849 ns, At safepoint: 7016 ns, Total: 80865 ns
[2020-02-29T06:14:09.837+0000][1][safepoint    ] Safepoint "BulkRevokeBias", Time since last: 507130149 ns, Reaching safepoint: 99828 ns, At safepoint: 201506 ns, Total: 301334 ns
[2020-02-29T06:14:10.843+0000][1][safepoint    ] Safepoint "Cleanup", Time since last: 1005886464 ns, Reaching safepoint: 74374 ns, At safepoint: 6853 ns, Total: 81227 ns
[2020-02-29T06:14:11.844+0000][1][safepoint    ] Safepoint "Cleanup", Time since last: 1000469850 ns, Reaching safepoint: 98841 ns, At safepoint: 10373 ns, Total: 109214 ns
[2020-02-29T06:14:12.366+0000][1][safepoint    ] Safepoint "RevokeBias", Time since last: 521625552 ns, Reaching safepoint: 74401 ns, At safepoint: 18770 ns, Total: 93171 ns
[2020-02-29T06:14:13.368+0000][1][safepoint    ] Safepoint "Cleanup", Time since last: 1002491515 ns, Reaching safepoint: 63138 ns, At safepoint: 7472 ns, Total: 70610 ns
[2020-02-29T06:14:14.822+0000][1][safepoint    ] Safepoint "Cleanup", Time since last: 1453470300 ns, Reaching safepoint: 60662 ns, At safepoint: 7437 ns, Total: 68099 ns
[2020-02-29T06:14:14.890+0000][1][safepoint    ] Safepoint "RevokeBias", Time since last: 67805038 ns, Reaching safepoint: 88420 ns, At safepoint: 26397 ns, Total: 114817 ns
[2020-02-29T06:14:15.893+0000][1][safepoint    ] Safepoint "Cleanup", Time since last: 1003114907 ns, Reaching safepoint: 99319 ns, At safepoint: 12171 ns, Total: 111490 ns
[2020-02-29T06:14:16.903+0000][1][safepoint    ] Safepoint "Cleanup", Time since last: 1010348002 ns, Reaching safepoint: 61393 ns, At safepoint: 7228 ns, Total: 68621 ns
[2020-02-29T06:14:17.408+0000][1][safepoint    ] Safepoint "RevokeBias", Time since last: 504183421 ns, Reaching safepoint: 87577 ns, At safepoint: 21784 ns, Total: 109361 ns
[2020-02-29T06:14:18.408+0000][1][safepoint    ] Safepoint "Cleanup", Time since last: 1000496300 ns, Reaching safepoint: 78928 ns, At safepoint: 7976 ns, Total: 86904 ns
[2020-02-29T06:14:19.419+0000][1][safepoint    ] Safepoint "Cleanup", Time since last: 1010788589 ns, Reaching safepoint: 80313 ns, At safepoint: 8721 ns, Total: 89034 ns
[2020-02-29T06:14:19.925+0000][1][gc,start     ] GC(68) Pause Young (Allocation Failure)
[2020-02-29T06:14:19.925+0000][1][gc,task      ] GC(68) Using 1 workers of 1 for evacuation
[2020-02-29T06:14:19.949+0000][1][gc,age       ] GC(68) Desired survivor size 4358144 bytes, new threshold 6 (max threshold 6)
[2020-02-29T06:14:19.949+0000][1][gc,age       ] GC(68) Age table with threshold 6 (max threshold 6)
[2020-02-29T06:14:19.949+0000][1][gc,age       ] GC(68) - age   1:      15072 bytes,      15072 total
[2020-02-29T06:14:19.949+0000][1][gc,age       ] GC(68) - age   2:        600 bytes,      15672 total
[2020-02-29T06:14:19.949+0000][1][gc,age       ] GC(68) - age   3:        432 bytes,      16104 total
[2020-02-29T06:14:19.949+0000][1][gc,age       ] GC(68) - age   4:       1496 bytes,      17600 total
[2020-02-29T06:14:19.949+0000][1][gc,age       ] GC(68) - age   5:        424 bytes,      18024 total
[2020-02-29T06:14:19.949+0000][1][gc,age       ] GC(68) - age   6:        112 bytes,      18136 total
[2020-02-29T06:14:19.949+0000][1][gc,heap      ] GC(68) ParNew: 68187K->18K(76672K)
[2020-02-29T06:14:19.949+0000][1][gc,heap      ] GC(68) CMS: 62563K->62565K(963392K)
[2020-02-29T06:14:19.949+0000][1][gc,metaspace ] GC(68) Metaspace: 79762K->79762K(1122304K)
[2020-02-29T06:14:19.949+0000][1][gc           ] GC(68) Pause Young (Allocation Failure) 127M->61M(1015M) 24.260ms
[2020-02-29T06:14:19.949+0000][1][gc,cpu       ] GC(68) User=0.01s Sys=0.00s Real=0.02s
[2020-02-29T06:14:19.949+0000][1][safepoint    ] Safepoint "GenCollectForAllocation", Time since last: 505537788 ns, Reaching safepoint: 98271 ns, At safepoint: 24434935 ns, Total: 24533206 ns
[2020-02-29T06:14:19.950+0000][1][safepoint    ] Safepoint "RevokeBias", Time since last: 1096365 ns, Reaching safepoint: 97338 ns, At safepoint: 28714 ns, Total: 126052 ns
[2020-02-29T06:14:20.960+0000][1][safepoint    ] Safepoint "Cleanup", Time since last: 1009447360 ns, Reaching safepoint: 57471 ns, At safepoint: 5383 ns, Total: 62854 ns
[2020-02-29T06:14:21.969+0000][1][safepoint    ] Safepoint "Cleanup", Time since last: 1008838919 ns, Reaching safepoint: 73091 ns, At safepoint: 5400 ns, Total: 78491 ns
[2020-02-29T06:14:22.465+0000][1][safepoint    ] Safepoint "RevokeBias", Time since last: 496461669 ns, Reaching safepoint: 138307 ns, At safepoint: 21390 ns, Total: 159697 ns
[2020-02-29T06:14:23.468+0000][1][safepoint    ] Safepoint "Cleanup", Time since last: 1002762122 ns, Reaching safepoint: 75983 ns, At safepoint: 6877 ns, Total: 82860 ns
[2020-02-29T06:14:24.472+0000][1][safepoint    ] Safepoint "Cleanup", Time since last: 1003677089 ns, Reaching safepoint: 250761 ns, At safepoint: 18068 ns, Total: 268829 ns
[2020-02-29T06:14:24.982+0000][1][safepoint    ] Safepoint "RevokeBias", Time since last: 509835197 ns, Reaching safepoint: 96547 ns, At safepoint: 19188 ns, Total: 115735 ns
[2020-02-29T06:14:25.986+0000][1][safepoint    ] Safepoint "Cleanup", Time since last: 1003948184 ns, Reaching safepoint: 73690 ns, At safepoint: 6391 ns, Total: 80081 ns
[2020-02-29T06:14:26.995+0000][1][safepoint    ] Safepoint "Cleanup", Time since last: 1008504585 ns, Reaching safepoint: 62613 ns, At safepoint: 6003 ns, Total: 68616 ns
[2020-02-29T06:14:27.502+0000][1][safepoint    ] Safepoint "RevokeBias", Time since last: 507492588 ns, Reaching safepoint: 74352 ns, At safepoint: 18344 ns, Total: 92696 ns
[2020-02-29T06:14:28.507+0000][1][safepoint    ] Safepoint "Cleanup", Time since last: 1004730821 ns, Reaching safepoint: 127794 ns, At safepoint: 14758 ns, Total: 142552 ns
[2020-02-29T06:14:29.512+0000][1][safepoint    ] Safepoint "Cleanup", Time since last: 1004469722 ns, Reaching safepoint: 104439 ns, At safepoint: 13726 ns, Total: 118165 ns
[2020-02-29T06:14:30.021+0000][1][safepoint    ] Safepoint "RevokeBias", Time since last: 508592813 ns, Reaching safepoint: 94668 ns, At safepoint: 55114 ns, Total: 149782 ns
[2020-02-29T06:14:31.025+0000][1][safepoint    ] Safepoint "Cleanup", Time since last: 1003804553 ns, Reaching safepoint: 119886 ns, At safepoint: 11498 ns, Total: 131384 ns
[2020-02-29T06:14:32.029+0000][1][safepoint    ] Safepoint "Cleanup", Time since last: 1004576822 ns, Reaching safepoint: 60879 ns, At safepoint: 8304 ns, Total: 69183 ns
[2020-02-29T06:14:32.559+0000][1][safepoint    ] Safepoint "RevokeBias", Time since last: 529555143 ns, Reaching safepoint: 94834 ns, At safepoint: 24127 ns, Total: 118961 ns
[2020-02-29T06:14:33.560+0000][1][safepoint    ] Safepoint "Cleanup", Time since last: 1001033314 ns, Reaching safepoint: 99174 ns, At safepoint: 10576 ns, Total: 109750 ns
[2020-02-29T06:14:34.563+0000][1][safepoint    ] Safepoint "Cleanup", Time since last: 1003382822 ns, Reaching safepoint: 82533 ns, At safepoint: 10391 ns, Total: 92924 ns
[2020-02-29T06:14:35.087+0000][1][safepoint    ] Safepoint "RevokeBias", Time since last: 523113649 ns, Reaching safepoint: 98044 ns, At safepoint: 36262 ns, Total: 134306 ns
[2020-02-29T06:14:36.087+0000][1][safepoint    ] Safepoint "Cleanup", Time since last: 1000357442 ns, Reaching safepoint: 81040 ns, At safepoint: 7953 ns, Total: 88993 ns
[2020-02-29T06:14:37.095+0000][1][safepoint    ] Safepoint "Cleanup", Time since last: 1007987915 ns, Reaching safepoint: 129669 ns, At safepoint: 8009 ns, Total: 137678 ns
[2020-02-29T06:14:37.608+0000][1][safepoint    ] Safepoint "RevokeBias", Time since last: 512782577 ns, Reaching safepoint: 96770 ns, At safepoint: 19340 ns, Total: 116110 ns
[2020-02-29T06:14:38.615+0000][1][safepoint    ] Safepoint "Cleanup", Time since last: 1007091480 ns, Reaching safepoint: 76927 ns, At safepoint: 8806 ns, Total: 85733 ns
[2020-02-29T06:14:39.617+0000][1][safepoint    ] Safepoint "Cleanup", Time since last: 1001794353 ns, Reaching safepoint: 79777 ns, At safepoint: 9054 ns, Total: 88831 ns
[2020-02-29T06:14:40.117+0000][1][safepoint    ] Safepoint "RevokeBias", Time since last: 499804560 ns, Reaching safepoint: 79795 ns, At safepoint: 75388 ns, Total: 155183 ns
[2020-02-29T06:14:41.121+0000][1][safepoint    ] Safepoint "Cleanup", Time since last: 1004007161 ns, Reaching safepoint: 210333 ns, At safepoint: 22131 ns, Total: 232464 ns
[2020-02-29T06:14:42.122+0000][1][safepoint    ] Safepoint "Cleanup", Time since last: 1000674198 ns, Reaching safepoint: 83666 ns, At safepoint: 8159 ns, Total: 91825 ns
[2020-02-29T06:14:42.639+0000][1][safepoint    ] Safepoint "RevokeBias", Time since last: 516365651 ns, Reaching safepoint: 143951 ns, At safepoint: 25630 ns, Total: 169581 ns
[2020-02-29T06:14:43.645+0000][1][safepoint    ] Safepoint "Cleanup", Time since last: 1006378139 ns, Reaching safepoint: 84362 ns, At safepoint: 12817 ns, Total: 97179 ns
[2020-02-29T06:14:44.647+0000][1][safepoint    ] Safepoint "Cleanup", Time since last: 1001689909 ns, Reaching safepoint: 58829 ns, At safepoint: 6962 ns, Total: 65791 ns
[2020-02-29T06:14:45.164+0000][1][safepoint    ] Safepoint "RevokeBias", Time since last: 516712093 ns, Reaching safepoint: 68575 ns, At safepoint: 17054 ns, Total: 85629 ns
[2020-02-29T06:14:46.171+0000][1][safepoint    ] Safepoint "Cleanup", Time since last: 1007106559 ns, Reaching safepoint: 105176 ns, At safepoint: 13174 ns, Total: 118350 ns
[2020-02-29T06:14:47.173+0000][1][safepoint    ] Safepoint "Cleanup", Time since last: 1001922428 ns, Reaching safepoint: 83930 ns, At safepoint: 7763 ns, Total: 91693 ns
[2020-02-29T06:14:47.672+0000][1][safepoint    ] Safepoint "RevokeBias", Time since last: 498719935 ns, Reaching safepoint: 91493 ns, At safepoint: 22895 ns, Total: 114388 ns
[2020-02-29T06:14:48.673+0000][1][safepoint    ] Safepoint "Cleanup", Time since last: 1000751978 ns, Reaching safepoint: 82753 ns, At safepoint: 10433 ns, Total: 93186 ns
[2020-02-29T06:14:49.674+0000][1][safepoint    ] Safepoint "Cleanup", Time since last: 1001519549 ns, Reaching safepoint: 230816 ns, At safepoint: 27473 ns, Total: 258289 ns
[2020-02-29T06:14:50.186+0000][1][safepoint    ] Safepoint "RevokeBias", Time since last: 511729581 ns, Reaching safepoint: 133470 ns, At safepoint: 19516 ns, Total: 152986 ns
[2020-02-29T06:14:51.191+0000][1][safepoint    ] Safepoint "Cleanup", Time since last: 1004962360 ns, Reaching safepoint: 98634 ns, At safepoint: 10603 ns, Total: 109237 ns
[2020-02-29T06:14:52.194+0000][1][safepoint    ] Safepoint "Cleanup", Time since last: 1002844046 ns, Reaching safepoint: 84932 ns, At safepoint: 14254 ns, Total: 99186 ns
[2020-02-29T06:14:52.717+0000][1][safepoint    ] Safepoint "RevokeBias", Time since last: 522311024 ns, Reaching safepoint: 106676 ns, At safepoint: 28089 ns, Total: 134765 ns
[2020-02-29T06:14:53.724+0000][1][safepoint    ] Safepoint "Cleanup", Time since last: 1007502303 ns, Reaching safepoint: 77128 ns, At safepoint: 7318 ns, Total: 84446 ns
[2020-02-29T06:14:54.727+0000][1][safepoint    ] Safepoint "Cleanup", Time since last: 1002445523 ns, Reaching safepoint: 61535 ns, At safepoint: 7564 ns, Total: 69099 ns
[2020-02-29T06:14:55.232+0000][1][safepoint    ] Safepoint "RevokeBias", Time since last: 505229686 ns, Reaching safepoint: 53458 ns, At safepoint: 15798 ns, Total: 69256 ns
[2020-02-29T06:14:56.238+0000][1][safepoint    ] Safepoint "Cleanup", Time since last: 1005985353 ns, Reaching safepoint: 165168 ns, At safepoint: 7539 ns, Total: 172707 ns
[2020-02-29T06:14:57.748+0000][1][safepoint    ] Safepoint "RevokeBias", Time since last: 1509954836 ns, Reaching safepoint: 52079 ns, At safepoint: 15764 ns, Total: 67843 ns
[2020-02-29T06:14:58.751+0000][1][safepoint    ] Safepoint "Cleanup", Time since last: 1002873740 ns, Reaching safepoint: 60942 ns, At safepoint: 6543 ns, Total: 67485 ns
[2020-02-29T06:14:59.752+0000][1][safepoint    ] Safepoint "Cleanup", Time since last: 1000519014 ns, Reaching safepoint: 77787 ns, At safepoint: 7006 ns, Total: 84793 ns
[2020-02-29T06:15:00.263+0000][1][safepoint    ] Safepoint "RevokeBias", Time since last: 511034369 ns, Reaching safepoint: 165481 ns, At safepoint: 25276 ns, Total: 190757 ns
[2020-02-29T06:15:01.273+0000][1][safepoint    ] Safepoint "Cleanup", Time since last: 1010097173 ns, Reaching safepoint: 61960 ns, At safepoint: 7431 ns, Total: 69391 ns
[2020-02-29T06:15:02.276+0000][1][safepoint    ] Safepoint "Cleanup", Time since last: 1002454226 ns, Reaching safepoint: 89252 ns, At safepoint: 6764 ns, Total: 96016 ns
[2020-02-29T06:15:02.768+0000][1][safepoint    ] Safepoint "RevokeBias", Time since last: 492309646 ns, Reaching safepoint: 127222 ns, At safepoint: 18255 ns, Total: 145477 ns
[2020-02-29T06:15:03.769+0000][1][safepoint    ] Safepoint "Cleanup", Time since last: 1000517416 ns, Reaching safepoint: 85125 ns, At safepoint: 8362 ns, Total: 93487 ns
[2020-02-29T06:15:04.771+0000][1][safepoint    ] Safepoint "Cleanup", Time since last: 1002030415 ns, Reaching safepoint: 91677 ns, At safepoint: 5811 ns, Total: 97488 ns
[2020-02-29T06:15:05.281+0000][1][safepoint    ] Safepoint "RevokeBias", Time since last: 510054498 ns, Reaching safepoint: 53184 ns, At safepoint: 15958 ns, Total: 69142 ns
[2020-02-29T06:15:06.288+0000][1][safepoint    ] Safepoint "Cleanup", Time since last: 1006516847 ns, Reaching safepoint: 146587 ns, At safepoint: 28895 ns, Total: 175482 ns
[2020-02-29T06:15:07.293+0000][1][safepoint    ] Safepoint "Cleanup", Time since last: 1005486571 ns, Reaching safepoint: 99720 ns, At safepoint: 11024 ns, Total: 110744 ns
[2020-02-29T06:15:07.793+0000][1][safepoint    ] Safepoint "RevokeBias", Time since last: 499044264 ns, Reaching safepoint: 71870 ns, At safepoint: 17893 ns, Total: 89763 ns
[2020-02-29T06:15:08.793+0000][1][safepoint    ] Safepoint "Cleanup", Time since last: 1000613859 ns, Reaching safepoint: 90160 ns, At safepoint: 9685 ns, Total: 99845 ns
[2020-02-29T06:15:09.794+0000][1][safepoint    ] Safepoint "Cleanup", Time since last: 1000627582 ns, Reaching safepoint: 76996 ns, At safepoint: 6617 ns, Total: 83613 ns
[2020-02-29T06:15:10.310+0000][1][safepoint    ] Safepoint "RevokeBias", Time since last: 516074693 ns, Reaching safepoint: 73229 ns, At safepoint: 17043 ns, Total: 90272 ns
[2020-02-29T06:15:11.314+0000][1][safepoint    ] Safepoint "Cleanup", Time since last: 1003685299 ns, Reaching safepoint: 78853 ns, At safepoint: 7720 ns, Total: 86573 ns
[2020-02-29T06:15:12.315+0000][1][safepoint    ] Safepoint "Cleanup", Time since last: 1000915715 ns, Reaching safepoint: 82315 ns, At safepoint: 10514 ns, Total: 92829 ns
[2020-02-29T06:15:12.835+0000][1][safepoint    ] Safepoint "RevokeBias", Time since last: 519850293 ns, Reaching safepoint: 78700 ns, At safepoint: 24778 ns, Total: 103478 ns
[2020-02-29T06:15:13.845+0000][1][safepoint    ] Safepoint "Cleanup", Time since last: 1010244524 ns, Reaching safepoint: 60413 ns, At safepoint: 6870 ns, Total: 67283 ns
[2020-02-29T06:15:14.851+0000][1][safepoint    ] Safepoint "Cleanup", Time since last: 1005957924 ns, Reaching safepoint: 63453 ns, At safepoint: 8268 ns, Total: 71721 ns
[2020-02-29T06:15:15.356+0000][1][safepoint    ] Safepoint "RevokeBias", Time since last: 504557025 ns, Reaching safepoint: 175623 ns, At safepoint: 21865 ns, Total: 197488 ns
[2020-02-29T06:15:16.364+0000][1][safepoint    ] Safepoint "Cleanup", Time since last: 1007910111 ns, Reaching safepoint: 122899 ns, At safepoint: 12140 ns, Total: 135039 ns
[2020-02-29T06:15:17.367+0000][1][safepoint    ] Safepoint "Cleanup", Time since last: 1002792767 ns, Reaching safepoint: 60054 ns, At safepoint: 7378 ns, Total: 67432 ns
[2020-02-29T06:15:17.882+0000][1][safepoint    ] Safepoint "RevokeBias", Time since last: 515281579 ns, Reaching safepoint: 70684 ns, At safepoint: 17273 ns, Total: 87957 ns
[2020-02-29T06:15:18.883+0000][1][safepoint    ] Safepoint "Cleanup", Time since last: 1000452673 ns, Reaching safepoint: 76221 ns, At safepoint: 7018 ns, Total: 83239 ns
[2020-02-29T06:15:19.887+0000][1][safepoint    ] Safepoint "Cleanup", Time since last: 1004154532 ns, Reaching safepoint: 88450 ns, At safepoint: 5678 ns, Total: 94128 ns
[2020-02-29T06:15:20.402+0000][1][safepoint    ] Safepoint "RevokeBias", Time since last: 514932920 ns, Reaching safepoint: 97681 ns, At safepoint: 19556 ns, Total: 117237 ns
[2020-02-29T06:15:21.410+0000][1][safepoint    ] Safepoint "Cleanup", Time since last: 1008029031 ns, Reaching safepoint: 92862 ns, At safepoint: 7724 ns, Total: 100586 ns
[2020-02-29T06:15:22.421+0000][1][safepoint    ] Safepoint "Cleanup", Time since last: 1010451010 ns, Reaching safepoint: 101579 ns, At safepoint: 7154 ns, Total: 108733 ns
[2020-02-29T06:15:22.911+0000][1][safepoint    ] Safepoint "BulkRevokeBias", Time since last: 489428087 ns, Reaching safepoint: 83541 ns, At safepoint: 394612 ns, Total: 478153 ns
[2020-02-29T06:15:23.912+0000][1][safepoint    ] Safepoint "Cleanup", Time since last: 1000799826 ns, Reaching safepoint: 88527 ns, At safepoint: 9106 ns, Total: 97633 ns
[2020-02-29T06:15:24.914+0000][1][safepoint    ] Safepoint "Cleanup", Time since last: 1002200816 ns, Reaching safepoint: 72879 ns, At safepoint: 5198 ns, Total: 78077 ns
[2020-02-29T06:15:25.428+0000][1][safepoint    ] Safepoint "RevokeBias", Time since last: 514264770 ns, Reaching safepoint: 71342 ns, At safepoint: 17503 ns, Total: 88845 ns
[2020-02-29T06:15:26.536+0000][1][safepoint    ] Safepoint "Cleanup", Time since last: 1108003056 ns, Reaching safepoint: 79046 ns, At safepoint: 6425 ns, Total: 85471 ns
[2020-02-29T06:15:27.538+0000][1][safepoint    ] Safepoint "Cleanup", Time since last: 1001023586 ns, Reaching safepoint: 203490 ns, At safepoint: 23135 ns, Total: 226625 ns
[2020-02-29T06:15:27.942+0000][1][safepoint    ] Safepoint "RevokeBias", Time since last: 404713665 ns, Reaching safepoint: 74787 ns, At safepoint: 17971 ns, Total: 92758 ns
[2020-02-29T06:15:28.950+0000][1][safepoint    ] Safepoint "Cleanup", Time since last: 1007459534 ns, Reaching safepoint: 60772 ns, At safepoint: 7316 ns, Total: 68088 ns
[2020-02-29T06:15:29.951+0000][1][safepoint    ] Safepoint "Cleanup", Time since last: 1000921864 ns, Reaching safepoint: 88866 ns, At safepoint: 7317 ns, Total: 96183 ns
[2020-02-29T06:15:30.461+0000][1][safepoint    ] Safepoint "RevokeBias", Time since last: 510334203 ns, Reaching safepoint: 145425 ns, At safepoint: 34302 ns, Total: 179727 ns
[2020-02-29T06:15:31.463+0000][1][safepoint    ] Safepoint "Cleanup", Time since last: 1001855676 ns, Reaching safepoint: 78509 ns, At safepoint: 24186 ns, Total: 102695 ns
[2020-02-29T06:15:32.471+0000][1][safepoint    ] Safepoint "Cleanup", Time since last: 1007558064 ns, Reaching safepoint: 190263 ns, At safepoint: 27958 ns, Total: 218221 ns
[2020-02-29T06:15:32.970+0000][1][safepoint    ] Safepoint "RevokeBias", Time since last: 498196244 ns, Reaching safepoint: 110170 ns, At safepoint: 18105 ns, Total: 128275 ns
[2020-02-29T06:15:33.971+0000][1][safepoint    ] Safepoint "Cleanup", Time since last: 1001671829 ns, Reaching safepoint: 219258 ns, At safepoint: 7112 ns, Total: 226370 ns
[2020-02-29T06:15:34.973+0000][1][safepoint    ] Safepoint "Cleanup", Time since last: 1001331950 ns, Reaching safepoint: 204179 ns, At safepoint: 14825 ns, Total: 219004 ns
[2020-02-29T06:15:35.490+0000][1][safepoint    ] Safepoint "RevokeBias", Time since last: 517132586 ns, Reaching safepoint: 52999 ns, At safepoint: 40341 ns, Total: 93340 ns
[2020-02-29T06:15:36.495+0000][1][safepoint    ] Safepoint "Cleanup", Time since last: 1004912841 ns, Reaching safepoint: 90156 ns, At safepoint: 7586 ns, Total: 97742 ns
[2020-02-29T06:15:37.496+0000][1][safepoint    ] Safepoint "Cleanup", Time since last: 1000841162 ns, Reaching safepoint: 76278 ns, At safepoint: 6609 ns, Total: 82887 ns
[2020-02-29T06:15:38.005+0000][1][safepoint    ] Safepoint "RevokeBias", Time since last: 509265730 ns, Reaching safepoint: 53826 ns, At safepoint: 15289 ns, Total: 69115 ns
[2020-02-29T06:15:39.012+0000][1][safepoint    ] Safepoint "Cleanup", Time since last: 1006675539 ns, Reaching safepoint: 213137 ns, At safepoint: 32930 ns, Total: 246067 ns
[2020-02-29T06:15:40.016+0000][1][safepoint    ] Safepoint "Cleanup", Time since last: 1003496737 ns, Reaching safepoint: 89149 ns, At safepoint: 5892 ns, Total: 95041 ns
[2020-02-29T06:15:40.524+0000][1][safepoint    ] Safepoint "RevokeBias", Time since last: 507504073 ns, Reaching safepoint: 125562 ns, At safepoint: 17663 ns, Total: 143225 ns
[2020-02-29T06:15:41.525+0000][1][safepoint    ] Safepoint "Cleanup", Time since last: 1001053655 ns, Reaching safepoint: 82566 ns, At safepoint: 6824 ns, Total: 89390 ns
[2020-02-29T06:15:42.528+0000][1][safepoint    ] Safepoint "Cleanup", Time since last: 1002922553 ns, Reaching safepoint: 60647 ns, At safepoint: 7382 ns, Total: 68029 ns
[2020-02-29T06:15:43.041+0000][1][safepoint    ] Safepoint "RevokeBias", Time since last: 513253246 ns, Reaching safepoint: 124251 ns, At safepoint: 18170 ns, Total: 142421 ns
[2020-02-29T06:15:44.042+0000][1][safepoint    ] Safepoint "Cleanup", Time since last: 1000560372 ns, Reaching safepoint: 62160 ns, At safepoint: 7529 ns, Total: 69689 ns
[2020-02-29T06:15:45.043+0000][1][safepoint    ] Safepoint "Cleanup", Time since last: 1001336769 ns, Reaching safepoint: 77677 ns, At safepoint: 6852 ns, Total: 84529 ns
[2020-02-29T06:15:45.572+0000][1][safepoint    ] Safepoint "RevokeBias", Time since last: 529169591 ns, Reaching safepoint: 56804 ns, At safepoint: 16542 ns, Total: 73346 ns
[2020-02-29T06:15:46.579+0000][1][safepoint    ] Safepoint "Cleanup", Time since last: 1006668105 ns, Reaching safepoint: 76962 ns, At safepoint: 7275 ns, Total: 84237 ns
[2020-02-29T06:15:47.583+0000][1][safepoint    ] Safepoint "Cleanup", Time since last: 1003558312 ns, Reaching safepoint: 109593 ns, At safepoint: 13721 ns, Total: 123314 ns
[2020-02-29T06:15:48.095+0000][1][safepoint    ] Safepoint "RevokeBias", Time since last: 512215868 ns, Reaching safepoint: 54195 ns, At safepoint: 15885 ns, Total: 70080 ns
[2020-02-29T06:15:49.097+0000][1][safepoint    ] Safepoint "Cleanup", Time since last: 1002105721 ns, Reaching safepoint: 152960 ns, At safepoint: 12800 ns, Total: 165760 ns
[2020-02-29T06:15:50.100+0000][1][safepoint    ] Safepoint "Cleanup", Time since last: 1002593399 ns, Reaching safepoint: 97241 ns, At safepoint: 7252 ns, Total: 104493 ns
[2020-02-29T06:15:50.616+0000][1][safepoint    ] Safepoint "RevokeBias", Time since last: 516181126 ns, Reaching safepoint: 71781 ns, At safepoint: 17873 ns, Total: 89654 ns
[2020-02-29T06:15:51.625+0000][1][safepoint    ] Safepoint "Cleanup", Time since last: 1008989788 ns, Reaching safepoint: 62822 ns, At safepoint: 7312 ns, Total: 70134 ns
[2020-02-29T06:15:52.626+0000][1][safepoint    ] Safepoint "Cleanup", Time since last: 1000613411 ns, Reaching safepoint: 60890 ns, At safepoint: 6961 ns, Total: 67851 ns
[2020-02-29T06:15:53.141+0000][1][safepoint    ] Safepoint "RevokeBias", Time since last: 514309769 ns, Reaching safepoint: 73259 ns, At safepoint: 18201 ns, Total: 91460 ns
[2020-02-29T06:15:54.143+0000][1][safepoint    ] Safepoint "Cleanup", Time since last: 1002625214 ns, Reaching safepoint: 78241 ns, At safepoint: 23002 ns, Total: 101243 ns
[2020-02-29T06:15:55.145+0000][1][safepoint    ] Safepoint "Cleanup", Time since last: 1002078583 ns, Reaching safepoint: 69187 ns, At safepoint: 8096 ns, Total: 77283 ns
[2020-02-29T06:15:55.665+0000][1][safepoint    ] Safepoint "RevokeBias", Time since last: 519535760 ns, Reaching safepoint: 77074 ns, At safepoint: 18399 ns, Total: 95473 ns
[2020-02-29T06:15:56.668+0000][1][safepoint    ] Safepoint "Cleanup", Time since last: 1002759566 ns, Reaching safepoint: 94157 ns, At safepoint: 24148 ns, Total: 118305 ns
[2020-02-29T06:15:58.109+0000][1][safepoint    ] Safepoint "Cleanup", Time since last: 1441389442 ns, Reaching safepoint: 77544 ns, At safepoint: 7088 ns, Total: 84632 ns
[2020-02-29T06:15:58.180+0000][1][safepoint    ] Safepoint "RevokeBias", Time since last: 70963659 ns, Reaching safepoint: 52261 ns, At safepoint: 16810 ns, Total: 69071 ns
[2020-02-29T06:15:59.191+0000][1][safepoint    ] Safepoint "Cleanup", Time since last: 1010522571 ns, Reaching safepoint: 131010 ns, At safepoint: 11629 ns, Total: 142639 ns
[2020-02-29T06:16:00.194+0000][1][safepoint    ] Safepoint "Cleanup", Time since last: 1002609433 ns, Reaching safepoint: 96520 ns, At safepoint: 7034 ns, Total: 103554 ns
[2020-02-29T06:16:00.704+0000][1][safepoint    ] Safepoint "RevokeBias", Time since last: 510275436 ns, Reaching safepoint: 55280 ns, At safepoint: 35433 ns, Total: 90713 ns
[2020-02-29T06:16:01.715+0000][1][safepoint    ] Safepoint "Cleanup", Time since last: 1010537551 ns, Reaching safepoint: 110557 ns, At safepoint: 8083 ns, Total: 118640 ns
[2020-02-29T06:16:02.719+0000][1][safepoint    ] Safepoint "Cleanup", Time since last: 1003928561 ns, Reaching safepoint: 62473 ns, At safepoint: 7219 ns, Total: 69692 ns
[2020-02-29T06:16:03.214+0000][1][safepoint    ] Safepoint "RevokeBias", Time since last: 495036228 ns, Reaching safepoint: 87068 ns, At safepoint: 18204 ns, Total: 105272 ns
[2020-02-29T06:16:04.214+0000][1][safepoint    ] Safepoint "Cleanup", Time since last: 1000163511 ns, Reaching safepoint: 77818 ns, At safepoint: 8796 ns, Total: 86614 ns
[2020-02-29T06:16:05.215+0000][1][safepoint    ] Safepoint "Cleanup", Time since last: 1000686470 ns, Reaching safepoint: 80338 ns, At safepoint: 8401 ns, Total: 88739 ns
[2020-02-29T06:16:05.729+0000][1][safepoint    ] Safepoint "RevokeBias", Time since last: 514313440 ns, Reaching safepoint: 52047 ns, At safepoint: 15812 ns, Total: 67859 ns
[2020-02-29T06:16:06.730+0000][1][safepoint    ] Safepoint "Cleanup", Time since last: 1000533982 ns, Reaching safepoint: 77105 ns, At safepoint: 7098 ns, Total: 84203 ns
[2020-02-29T06:16:07.734+0000][1][safepoint    ] Safepoint "Cleanup", Time since last: 1003804686 ns, Reaching safepoint: 96002 ns, At safepoint: 13555 ns, Total: 109557 ns
[2020-02-29T06:16:08.249+0000][1][safepoint    ] Safepoint "RevokeBias", Time since last: 514514450 ns, Reaching safepoint: 84215 ns, At safepoint: 20945 ns, Total: 105160 ns
[2020-02-29T06:16:09.250+0000][1][safepoint    ] Safepoint "Cleanup", Time since last: 1001159697 ns, Reaching safepoint: 55056 ns, At safepoint: 6267 ns, Total: 61323 ns
[2020-02-29T06:16:10.250+0000][1][safepoint    ] Safepoint "Cleanup", Time since last: 1000141488 ns, Reaching safepoint: 107171 ns, At safepoint: 6812 ns, Total: 113983 ns
[2020-02-29T06:16:10.770+0000][1][safepoint    ] Safepoint "RevokeBias", Time since last: 519608215 ns, Reaching safepoint: 135062 ns, At safepoint: 87578 ns, Total: 222640 ns
[2020-02-29T06:16:11.781+0000][1][safepoint    ] Safepoint "Cleanup", Time since last: 1011177174 ns, Reaching safepoint: 81853 ns, At safepoint: 9081 ns, Total: 90934 ns
[2020-02-29T06:16:12.784+0000][1][safepoint    ] Safepoint "Cleanup", Time since last: 1002861243 ns, Reaching safepoint: 126865 ns, At safepoint: 9345 ns, Total: 136210 ns
[2020-02-29T06:16:13.294+0000][1][safepoint    ] Safepoint "RevokeBias", Time since last: 510151728 ns, Reaching safepoint: 72848 ns, At safepoint: 17098 ns, Total: 89946 ns
[2020-02-29T06:16:14.299+0000][1][safepoint    ] Safepoint "Cleanup", Time since last: 1004661205 ns, Reaching safepoint: 150190 ns, At safepoint: 28506 ns, Total: 178696 ns
[2020-02-29T06:16:15.307+0000][1][safepoint    ] Safepoint "Cleanup", Time since last: 1007768812 ns, Reaching safepoint: 72412 ns, At safepoint: 5570 ns, Total: 77982 ns
[2020-02-29T06:16:15.822+0000][1][safepoint    ] Safepoint "RevokeBias", Time since last: 514920038 ns, Reaching safepoint: 143631 ns, At safepoint: 30439 ns, Total: 174070 ns
[2020-02-29T06:16:16.868+0000][1][safepoint    ] Safepoint "Cleanup", Time since last: 1045637411 ns, Reaching safepoint: 151778 ns, At safepoint: 23454 ns, Total: 175232 ns
[2020-02-29T06:16:17.868+0000][1][safepoint    ] Safepoint "Cleanup", Time since last: 1000430601 ns, Reaching safepoint: 78179 ns, At safepoint: 7414 ns, Total: 85593 ns
[2020-02-29T06:16:18.335+0000][1][safepoint    ] Safepoint "RevokeBias", Time since last: 466628115 ns, Reaching safepoint: 54068 ns, At safepoint: 15783 ns, Total: 69851 ns
[2020-02-29T06:16:19.340+0000][1][safepoint    ] Safepoint "Cleanup", Time since last: 1004940453 ns, Reaching safepoint: 77335 ns, At safepoint: 6133 ns, Total: 83468 ns
[2020-02-29T06:16:20.341+0000][1][safepoint    ] Safepoint "Cleanup", Time since last: 1000971161 ns, Reaching safepoint: 57493 ns, At safepoint: 5711 ns, Total: 63204 ns
[2020-02-29T06:16:20.849+0000][1][safepoint    ] Safepoint "RevokeBias", Time since last: 507699705 ns, Reaching safepoint: 75974 ns, At safepoint: 18941 ns, Total: 94915 ns
[2020-02-29T06:16:21.855+0000][1][safepoint    ] Safepoint "Cleanup", Time since last: 1006097120 ns, Reaching safepoint: 60208 ns, At safepoint: 6725 ns, Total: 66933 ns
[2020-02-29T06:16:22.864+0000][1][safepoint    ] Safepoint "Cleanup", Time since last: 1009119154 ns, Reaching safepoint: 93637 ns, At safepoint: 7992 ns, Total: 101629 ns
[2020-02-29T06:16:23.367+0000][1][safepoint    ] Safepoint "RevokeBias", Time since last: 502028864 ns, Reaching safepoint: 78723 ns, At safepoint: 20236 ns, Total: 98959 ns
[2020-02-29T06:16:24.376+0000][1][safepoint    ] Safepoint "Cleanup", Time since last: 1009767865 ns, Reaching safepoint: 96278 ns, At safepoint: 12132 ns, Total: 108410 ns
[2020-02-29T06:16:25.381+0000][1][safepoint    ] Safepoint "Cleanup", Time since last: 1004714528 ns, Reaching safepoint: 74554 ns, At safepoint: 5859 ns, Total: 80413 ns
[2020-02-29T06:16:25.896+0000][1][safepoint    ] Safepoint "RevokeBias", Time since last: 514945688 ns, Reaching safepoint: 96807 ns, At safepoint: 18982 ns, Total: 115789 ns
[2020-02-29T06:16:26.898+0000][1][safepoint    ] Safepoint "Cleanup", Time since last: 1001971604 ns, Reaching safepoint: 61922 ns, At safepoint: 7016 ns, Total: 68938 ns
[2020-02-29T06:16:27.900+0000][1][safepoint    ] Safepoint "Cleanup", Time since last: 1001826967 ns, Reaching safepoint: 66805 ns, At safepoint: 7157 ns, Total: 73962 ns
[2020-02-29T06:16:28.411+0000][1][safepoint    ] Safepoint "RevokeBias", Time since last: 510392289 ns, Reaching safepoint: 80945 ns, At safepoint: 19392 ns, Total: 100337 ns
[2020-02-29T06:16:29.411+0000][1][safepoint    ] Safepoint "Cleanup", Time since last: 1000508678 ns, Reaching safepoint: 60650 ns, At safepoint: 7325 ns, Total: 67975 ns
[2020-02-29T06:16:30.413+0000][1][safepoint    ] Safepoint "Cleanup", Time since last: 1001716228 ns, Reaching safepoint: 85280 ns, At safepoint: 7576 ns, Total: 92856 ns
[2020-02-29T06:16:30.931+0000][1][safepoint    ] Safepoint "RevokeBias", Time since last: 517576693 ns, Reaching safepoint: 74260 ns, At safepoint: 37150 ns, Total: 111410 ns
[2020-02-29T06:16:31.931+0000][1][safepoint    ] Safepoint "Cleanup", Time since last: 1000477785 ns, Reaching safepoint: 60210 ns, At safepoint: 6823 ns, Total: 67033 ns
[2020-02-29T06:16:32.932+0000][1][safepoint    ] Safepoint "Cleanup", Time since last: 1000390456 ns, Reaching safepoint: 80058 ns, At safepoint: 8893 ns, Total: 88951 ns
[2020-02-29T06:16:33.445+0000][1][safepoint    ] Safepoint "RevokeBias", Time since last: 513222581 ns, Reaching safepoint: 77798 ns, At safepoint: 47400 ns, Total: 125198 ns
[2020-02-29T06:16:34.448+0000][1][safepoint    ] Safepoint "Cleanup", Time since last: 1003019888 ns, Reaching safepoint: 59980 ns, At safepoint: 7737 ns, Total: 67717 ns
[2020-02-29T06:16:35.450+0000][1][safepoint    ] Safepoint "Cleanup", Time since last: 1001975304 ns, Reaching safepoint: 61148 ns, At safepoint: 6520 ns, Total: 67668 ns
[2020-02-29T06:16:35.961+0000][1][safepoint    ] Safepoint "BulkRevokeBias", Time since last: 510937118 ns, Reaching safepoint: 89065 ns, At safepoint: 182244 ns, Total: 271309 ns
[2020-02-29T06:16:36.967+0000][1][safepoint    ] Safepoint "Cleanup", Time since last: 1005399429 ns, Reaching safepoint: 80179 ns, At safepoint: 8425 ns, Total: 88604 ns
[2020-02-29T06:16:37.970+0000][1][safepoint    ] Safepoint "Cleanup", Time since last: 1002743822 ns, Reaching safepoint: 145805 ns, At safepoint: 27242 ns, Total: 173047 ns
[2020-02-29T06:16:38.472+0000][1][safepoint    ] Safepoint "RevokeBias", Time since last: 501512874 ns, Reaching safepoint: 196603 ns, At safepoint: 52180 ns, Total: 248783 ns
[2020-02-29T06:16:38.720+0000][1][gc,start     ] GC(69) Pause Young (Allocation Failure)
[2020-02-29T06:16:38.720+0000][1][gc,task      ] GC(69) Using 1 workers of 1 for evacuation
[2020-02-29T06:16:38.735+0000][1][gc,age       ] GC(69) Desired survivor size 4358144 bytes, new threshold 6 (max threshold 6)
[2020-02-29T06:16:38.735+0000][1][gc,age       ] GC(69) Age table with threshold 6 (max threshold 6)
[2020-02-29T06:16:38.735+0000][1][gc,age       ] GC(69) - age   1:      13464 bytes,      13464 total
[2020-02-29T06:16:38.735+0000][1][gc,age       ] GC(69) - age   2:        368 bytes,      13832 total
[2020-02-29T06:16:38.735+0000][1][gc,age       ] GC(69) - age   3:        600 bytes,      14432 total
[2020-02-29T06:16:38.735+0000][1][gc,age       ] GC(69) - age   4:        312 bytes,      14744 total
[2020-02-29T06:16:38.735+0000][1][gc,age       ] GC(69) - age   5:       1496 bytes,      16240 total
[2020-02-29T06:16:38.735+0000][1][gc,age       ] GC(69) - age   6:        288 bytes,      16528 total
[2020-02-29T06:16:38.736+0000][1][gc,heap      ] GC(69) ParNew: 68178K->31K(76672K)
[2020-02-29T06:16:38.736+0000][1][gc,heap      ] GC(69) CMS: 62565K->62565K(963392K)
[2020-02-29T06:16:38.736+0000][1][gc,metaspace ] GC(69) Metaspace: 79780K->79780K(1122304K)
[2020-02-29T06:16:38.736+0000][1][gc           ] GC(69) Pause Young (Allocation Failure) 127M->61M(1015M) 16.019ms
[2020-02-29T06:16:38.736+0000][1][gc,cpu       ] GC(69) User=0.01s Sys=0.00s Real=0.02s
[2020-02-29T06:16:38.736+0000][1][safepoint    ] Safepoint "GenCollectForAllocation", Time since last: 247670237 ns, Reaching safepoint: 192185 ns, At safepoint: 16076579 ns, Total: 16268764 ns
[2020-02-29T06:16:39.737+0000][1][safepoint    ] Safepoint "Cleanup", Time since last: 1001454288 ns, Reaching safepoint: 123940 ns, At safepoint: 8244 ns, Total: 132184 ns
[2020-02-29T06:16:40.745+0000][1][safepoint    ] Safepoint "Cleanup", Time since last: 1007834016 ns, Reaching safepoint: 94850 ns, At safepoint: 9337 ns, Total: 104187 ns
[2020-02-29T06:16:40.993+0000][1][safepoint    ] Safepoint "RevokeBias", Time since last: 247434368 ns, Reaching safepoint: 72552 ns, At safepoint: 17860 ns, Total: 90412 ns
[2020-02-29T06:16:42.869+0000][1][safepoint    ] Safepoint "Cleanup", Time since last: 1876645125 ns, Reaching safepoint: 85255 ns, At safepoint: 7938 ns, Total: 93193 ns
[2020-02-29T06:16:43.518+0000][1][safepoint    ] Safepoint "RevokeBias", Time since last: 648569115 ns, Reaching safepoint: 126235 ns, At safepoint: 37418 ns, Total: 163653 ns
[2020-02-29T06:16:44.527+0000][1][safepoint    ] Safepoint "Cleanup", Time since last: 1009001500 ns, Reaching safepoint: 76967 ns, At safepoint: 7241 ns, Total: 84208 ns
[2020-02-29T06:16:45.535+0000][1][safepoint    ] Safepoint "Cleanup", Time since last: 1008093737 ns, Reaching safepoint: 76642 ns, At safepoint: 7500 ns, Total: 84142 ns
[2020-02-29T06:16:46.039+0000][1][safepoint    ] Safepoint "RevokeBias", Time since last: 503257412 ns, Reaching safepoint: 121450 ns, At safepoint: 24346 ns, Total: 145796 ns
[2020-02-29T06:16:47.039+0000][1][safepoint    ] Safepoint "Cleanup", Time since last: 1000547063 ns, Reaching safepoint: 56815 ns, At safepoint: 5771 ns, Total: 62586 ns
[2020-02-29T06:16:48.043+0000][1][safepoint    ] Safepoint "Cleanup", Time since last: 1003541747 ns, Reaching safepoint: 83169 ns, At safepoint: 6729 ns, Total: 89898 ns
[2020-02-29T06:16:48.560+0000][1][safepoint    ] Safepoint "RevokeBias", Time since last: 516629252 ns, Reaching safepoint: 71856 ns, At safepoint: 18027 ns, Total: 89883 ns
[2020-02-29T06:16:49.565+0000][1][safepoint    ] Safepoint "Cleanup", Time since last: 1005411679 ns, Reaching safepoint: 164950 ns, At safepoint: 8226 ns, Total: 173176 ns
[2020-02-29T06:16:50.571+0000][1][safepoint    ] Safepoint "Cleanup", Time since last: 1005837479 ns, Reaching safepoint: 92504 ns, At safepoint: 8693 ns, Total: 101197 ns
[2020-02-29T06:16:51.086+0000][1][safepoint    ] Safepoint "RevokeBias", Time since last: 515055883 ns, Reaching safepoint: 56726 ns, At safepoint: 17990 ns, Total: 74716 ns
[2020-02-29T06:16:52.091+0000][1][safepoint    ] Safepoint "Cleanup", Time since last: 1004718112 ns, Reaching safepoint: 127453 ns, At safepoint: 8121 ns, Total: 135574 ns
[2020-02-29T06:16:53.097+0000][1][safepoint    ] Safepoint "Cleanup", Time since last: 1005755093 ns, Reaching safepoint: 81211 ns, At safepoint: 8459 ns, Total: 89670 ns
[2020-02-29T06:16:53.604+0000][1][safepoint    ] Safepoint "RevokeBias", Time since last: 507169149 ns, Reaching safepoint: 77012 ns, At safepoint: 20015 ns, Total: 97027 ns
[2020-02-29T06:16:54.605+0000][1][safepoint    ] Safepoint "Cleanup", Time since last: 1000811261 ns, Reaching safepoint: 77298 ns, At safepoint: 7422 ns, Total: 84720 ns
[2020-02-29T06:16:55.606+0000][1][safepoint    ] Safepoint "Cleanup", Time since last: 1001133398 ns, Reaching safepoint: 64598 ns, At safepoint: 8358 ns, Total: 72956 ns
[2020-02-29T06:16:56.137+0000][1][safepoint    ] Safepoint "RevokeBias", Time since last: 530920024 ns, Reaching safepoint: 71510 ns, At safepoint: 18103 ns, Total: 89613 ns
[2020-02-29T06:16:58.136+0000][1][safepoint    ] Safepoint "Cleanup", Time since last: 1998390629 ns, Reaching safepoint: 132770 ns, At safepoint: 14255 ns, Total: 147025 ns
[2020-02-29T06:16:58.667+0000][1][safepoint    ] Safepoint "RevokeBias", Time since last: 530563174 ns, Reaching safepoint: 102069 ns, At safepoint: 25824 ns, Total: 127893 ns
[2020-02-29T06:16:59.676+0000][1][safepoint    ] Safepoint "Cleanup", Time since last: 1009078668 ns, Reaching safepoint: 130283 ns, At safepoint: 10480 ns, Total: 140763 ns
[2020-02-29T06:17:00.679+0000][1][safepoint    ] Safepoint "Cleanup", Time since last: 1003383012 ns, Reaching safepoint: 59235 ns, At safepoint: 5886 ns, Total: 65121 ns
[2020-02-29T06:17:01.203+0000][1][safepoint    ] Safepoint "RevokeBias", Time since last: 523271084 ns, Reaching safepoint: 72386 ns, At safepoint: 17548 ns, Total: 89934 ns
[2020-02-29T06:17:02.210+0000][1][safepoint    ] Safepoint "Cleanup", Time since last: 1007450278 ns, Reaching safepoint: 58871 ns, At safepoint: 7518 ns, Total: 66389 ns
[2020-02-29T06:17:03.214+0000][1][safepoint    ] Safepoint "Cleanup", Time since last: 1003499395 ns, Reaching safepoint: 114630 ns, At safepoint: 8033 ns, Total: 122663 ns
[2020-02-29T06:17:03.722+0000][1][safepoint    ] Safepoint "RevokeBias", Time since last: 508245658 ns, Reaching safepoint: 52720 ns, At safepoint: 16729 ns, Total: 69449 ns
[2020-02-29T06:17:04.728+0000][1][safepoint    ] Safepoint "Cleanup", Time since last: 1005766022 ns, Reaching safepoint: 70819 ns, At safepoint: 8981 ns, Total: 79800 ns
[2020-02-29T06:17:05.728+0000][1][safepoint    ] Safepoint "Cleanup", Time since last: 1000312722 ns, Reaching safepoint: 107233 ns, At safepoint: 6888 ns, Total: 114121 ns
[2020-02-29T06:17:06.242+0000][1][safepoint    ] Safepoint "RevokeBias", Time since last: 513448063 ns, Reaching safepoint: 163572 ns, At safepoint: 34121 ns, Total: 197693 ns
[2020-02-29T06:17:07.245+0000][1][safepoint    ] Safepoint "Cleanup", Time since last: 1002778804 ns, Reaching safepoint: 76606 ns, At safepoint: 7666 ns, Total: 84272 ns
[2020-02-29T06:17:08.254+0000][1][safepoint    ] Safepoint "Cleanup", Time since last: 1009116082 ns, Reaching safepoint: 57083 ns, At safepoint: 5947 ns, Total: 63030 ns
[2020-02-29T06:17:08.769+0000][1][safepoint    ] Safepoint "RevokeBias", Time since last: 514690677 ns, Reaching safepoint: 161293 ns, At safepoint: 37834 ns, Total: 199127 ns
[2020-02-29T06:17:09.777+0000][1][safepoint    ] Safepoint "Cleanup", Time since last: 1007750368 ns, Reaching safepoint: 61912 ns, At safepoint: 6769 ns, Total: 68681 ns
[2020-02-29T06:17:10.779+0000][1][safepoint    ] Safepoint "Cleanup", Time since last: 1002155611 ns, Reaching safepoint: 124584 ns, At safepoint: 6889 ns, Total: 131473 ns
[2020-02-29T06:17:11.294+0000][1][safepoint    ] Safepoint "RevokeBias", Time since last: 514558869 ns, Reaching safepoint: 71472 ns, At safepoint: 17130 ns, Total: 88602 ns
[2020-02-29T06:17:12.298+0000][1][safepoint    ] Safepoint "Cleanup", Time since last: 1004060462 ns, Reaching safepoint: 93380 ns, At safepoint: 7365 ns, Total: 100745 ns
[2020-02-29T06:17:13.299+0000][1][safepoint    ] Safepoint "Cleanup", Time since last: 1000836808 ns, Reaching safepoint: 180850 ns, At safepoint: 26252 ns, Total: 207102 ns
[2020-02-29T06:17:13.809+0000][1][safepoint    ] Safepoint "RevokeBias", Time since last: 509872518 ns, Reaching safepoint: 52676 ns, At safepoint: 15452 ns, Total: 68128 ns
[2020-02-29T06:17:14.810+0000][1][safepoint    ] Safepoint "Cleanup", Time since last: 1000457295 ns, Reaching safepoint: 111775 ns, At safepoint: 7361 ns, Total: 119136 ns
[2020-02-29T06:17:15.810+0000][1][safepoint    ] Safepoint "Cleanup", Time since last: 1000487608 ns, Reaching safepoint: 77507 ns, At safepoint: 7541 ns, Total: 85048 ns
[2020-02-29T06:17:16.339+0000][1][safepoint    ] Safepoint "RevokeBias", Time since last: 526285619 ns, Reaching safepoint: 2479769 ns, At safepoint: 50741 ns, Total: 2530510 ns
[2020-02-29T06:17:17.349+0000][1][safepoint    ] Safepoint "Cleanup", Time since last: 1009945860 ns, Reaching safepoint: 67464 ns, At safepoint: 7302 ns, Total: 74766 ns
[2020-02-29T06:17:18.357+0000][1][safepoint    ] Safepoint "Cleanup", Time since last: 1008468832 ns, Reaching safepoint: 76865 ns, At safepoint: 6476 ns, Total: 83341 ns
[2020-02-29T06:17:18.856+0000][1][safepoint    ] Safepoint "RevokeBias", Time since last: 498601417 ns, Reaching safepoint: 72203 ns, At safepoint: 18314 ns, Total: 90517 ns
[2020-02-29T06:17:19.858+0000][1][safepoint    ] Safepoint "Cleanup", Time since last: 1001854745 ns, Reaching safepoint: 60091 ns, At safepoint: 6889 ns, Total: 66980 ns
[2020-02-29T06:17:20.863+0000][1][safepoint    ] Safepoint "Cleanup", Time since last: 1004618986 ns, Reaching safepoint: 62578 ns, At safepoint: 7683 ns, Total: 70261 ns
[2020-02-29T06:17:21.376+0000][1][safepoint    ] Safepoint "RevokeBias", Time since last: 513149125 ns, Reaching safepoint: 105940 ns, At safepoint: 18415 ns, Total: 124355 ns
[2020-02-29T06:17:22.379+0000][1][safepoint    ] Safepoint "Cleanup", Time since last: 1003149663 ns, Reaching safepoint: 62890 ns, At safepoint: 7582 ns, Total: 70472 ns
[2020-02-29T06:17:23.380+0000][1][safepoint    ] Safepoint "Cleanup", Time since last: 1000843151 ns, Reaching safepoint: 63656 ns, At safepoint: 7991 ns, Total: 71647 ns
[2020-02-29T06:17:23.898+0000][1][safepoint    ] Safepoint "RevokeBias", Time since last: 517237446 ns, Reaching safepoint: 155325 ns, At safepoint: 19083 ns, Total: 174408 ns
[2020-02-29T06:17:24.907+0000][1][safepoint    ] Safepoint "Cleanup", Time since last: 1009469928 ns, Reaching safepoint: 81053 ns, At safepoint: 8650 ns, Total: 89703 ns
[2020-02-29T06:17:25.909+0000][1][safepoint    ] Safepoint "Cleanup", Time since last: 1001179233 ns, Reaching safepoint: 159079 ns, At safepoint: 21679 ns, Total: 180758 ns
[2020-02-29T06:17:26.428+0000][1][safepoint    ] Safepoint "RevokeBias", Time since last: 519077543 ns, Reaching safepoint: 56743 ns, At safepoint: 15761 ns, Total: 72504 ns
[2020-02-29T06:17:27.429+0000][1][safepoint    ] Safepoint "Cleanup", Time since last: 1001389006 ns, Reaching safepoint: 66874 ns, At safepoint: 7239 ns, Total: 74113 ns
[2020-02-29T06:17:28.437+0000][1][safepoint    ] Safepoint "Cleanup", Time since last: 1007854329 ns, Reaching safepoint: 133265 ns, At safepoint: 11567 ns, Total: 144832 ns
[2020-02-29T06:17:28.948+0000][1][safepoint    ] Safepoint "RevokeBias", Time since last: 510949945 ns, Reaching safepoint: 70744 ns, At safepoint: 77198 ns, Total: 147942 ns
[2020-02-29T06:17:29.956+0000][1][safepoint    ] Safepoint "Cleanup", Time since last: 1008011427 ns, Reaching safepoint: 76192 ns, At safepoint: 7308 ns, Total: 83500 ns
[2020-02-29T06:17:30.964+0000][1][safepoint    ] Safepoint "Cleanup", Time since last: 1008019877 ns, Reaching safepoint: 56499 ns, At safepoint: 5477 ns, Total: 61976 ns
[2020-02-29T06:17:31.475+0000][1][safepoint    ] Safepoint "RevokeBias", Time since last: 510235100 ns, Reaching safepoint: 51700 ns, At safepoint: 15646 ns, Total: 67346 ns
[2020-02-29T06:17:32.485+0000][1][safepoint    ] Safepoint "Cleanup", Time since last: 1010240846 ns, Reaching safepoint: 61942 ns, At safepoint: 7271 ns, Total: 69213 ns
[2020-02-29T06:17:33.487+0000][1][safepoint    ] Safepoint "Cleanup", Time since last: 1001835874 ns, Reaching safepoint: 63987 ns, At safepoint: 8029 ns, Total: 72016 ns
[2020-02-29T06:17:33.994+0000][1][safepoint    ] Safepoint "RevokeBias", Time since last: 506947978 ns, Reaching safepoint: 73716 ns, At safepoint: 17233 ns, Total: 90949 ns
[2020-02-29T06:17:35.002+0000][1][safepoint    ] Safepoint "Cleanup", Time since last: 1008046235 ns, Reaching safepoint: 114688 ns, At safepoint: 26231 ns, Total: 140919 ns
[2020-02-29T06:17:36.007+0000][1][safepoint    ] Safepoint "Cleanup", Time since last: 1004553790 ns, Reaching safepoint: 265183 ns, At safepoint: 8642 ns, Total: 273825 ns
[2020-02-29T06:17:36.506+0000][1][safepoint    ] Safepoint "RevokeBias", Time since last: 498907550 ns, Reaching safepoint: 56717 ns, At safepoint: 33491 ns, Total: 90208 ns
[2020-02-29T06:17:37.508+0000][1][safepoint    ] Safepoint "Cleanup", Time since last: 1001719456 ns, Reaching safepoint: 60998 ns, At safepoint: 7076 ns, Total: 68074 ns
[2020-02-29T06:17:38.511+0000][1][safepoint    ] Safepoint "Cleanup", Time since last: 1003274303 ns, Reaching safepoint: 77072 ns, At safepoint: 7555 ns, Total: 84627 ns
[2020-02-29T06:17:39.016+0000][1][safepoint    ] Safepoint "RevokeBias", Time since last: 504974380 ns, Reaching safepoint: 69604 ns, At safepoint: 17400 ns, Total: 87004 ns
[2020-02-29T06:17:40.020+0000][1][safepoint    ] Safepoint "Cleanup", Time since last: 1004191370 ns, Reaching safepoint: 75254 ns, At safepoint: 7131 ns, Total: 82385 ns
[2020-02-29T06:17:41.022+0000][1][safepoint    ] Safepoint "Cleanup", Time since last: 1001836531 ns, Reaching safepoint: 110536 ns, At safepoint: 7555 ns, Total: 118091 ns
[2020-02-29T06:17:41.530+0000][1][safepoint    ] Safepoint "RevokeBias", Time since last: 507527030 ns, Reaching safepoint: 100788 ns, At safepoint: 19401 ns, Total: 120189 ns
[2020-02-29T06:17:42.533+0000][1][safepoint    ] Safepoint "Cleanup", Time since last: 1003010000 ns, Reaching safepoint: 71719 ns, At safepoint: 9486 ns, Total: 81205 ns
[2020-02-29T06:17:43.535+0000][1][safepoint    ] Safepoint "Cleanup", Time since last: 1001793996 ns, Reaching safepoint: 188233 ns, At safepoint: 24644 ns, Total: 212877 ns
[2020-02-29T06:17:44.052+0000][1][safepoint    ] Safepoint "RevokeBias", Time since last: 516327279 ns, Reaching safepoint: 54022 ns, At safepoint: 16359 ns, Total: 70381 ns
[2020-02-29T06:17:45.055+0000][1][safepoint    ] Safepoint "Cleanup", Time since last: 1003669322 ns, Reaching safepoint: 59245 ns, At safepoint: 6508 ns, Total: 65753 ns
[2020-02-29T06:17:46.058+0000][1][safepoint    ] Safepoint "Cleanup", Time since last: 1002931377 ns, Reaching safepoint: 77270 ns, At safepoint: 7286 ns, Total: 84556 ns
[2020-02-29T06:17:46.570+0000][1][safepoint    ] Safepoint "RevokeBias", Time since last: 511194072 ns, Reaching safepoint: 74773 ns, At safepoint: 36858 ns, Total: 111631 ns
[2020-02-29T06:17:47.571+0000][1][safepoint    ] Safepoint "Cleanup", Time since last: 1001390404 ns, Reaching safepoint: 59731 ns, At safepoint: 6988 ns, Total: 66719 ns
[2020-02-29T06:17:48.572+0000][1][safepoint    ] Safepoint "Cleanup", Time since last: 1001256030 ns, Reaching safepoint: 95430 ns, At safepoint: 7544 ns, Total: 102974 ns
[2020-02-29T06:17:49.088+0000][1][safepoint    ] Safepoint "BulkRevokeBias", Time since last: 514651631 ns, Reaching safepoint: 52857 ns, At safepoint: 374366 ns, Total: 427223 ns
[2020-02-29T06:17:50.089+0000][1][safepoint    ] Safepoint "Cleanup", Time since last: 1001876430 ns, Reaching safepoint: 58175 ns, At safepoint: 6115 ns, Total: 64290 ns
[2020-02-29T06:17:51.090+0000][1][safepoint    ] Safepoint "Cleanup", Time since last: 1000798199 ns, Reaching safepoint: 58804 ns, At safepoint: 5881 ns, Total: 64685 ns
[2020-02-29T06:17:51.618+0000][1][safepoint    ] Safepoint "RevokeBias", Time since last: 527991610 ns, Reaching safepoint: 58135 ns, At safepoint: 16721 ns, Total: 74856 ns
[2020-02-29T06:17:52.629+0000][1][safepoint    ] Safepoint "Cleanup", Time since last: 1010520250 ns, Reaching safepoint: 113916 ns, At safepoint: 8197 ns, Total: 122113 ns
[2020-02-29T06:17:53.636+0000][1][safepoint    ] Safepoint "Cleanup", Time since last: 1006983722 ns, Reaching safepoint: 118642 ns, At safepoint: 10780 ns, Total: 129422 ns
[2020-02-29T06:17:54.140+0000][1][safepoint    ] Safepoint "RevokeBias", Time since last: 503444315 ns, Reaching safepoint: 73344 ns, At safepoint: 22279 ns, Total: 95623 ns
[2020-02-29T06:17:55.140+0000][1][safepoint    ] Safepoint "Cleanup", Time since last: 1000637877 ns, Reaching safepoint: 76907 ns, At safepoint: 7312 ns, Total: 84219 ns
[2020-02-29T06:17:56.145+0000][1][safepoint    ] Safepoint "Cleanup", Time since last: 1004810144 ns, Reaching safepoint: 73684 ns, At safepoint: 7525 ns, Total: 81209 ns
[2020-02-29T06:17:56.667+0000][1][safepoint    ] Safepoint "RevokeBias", Time since last: 521457175 ns, Reaching safepoint: 100132 ns, At safepoint: 19216 ns, Total: 119348 ns
[2020-02-29T06:17:57.674+0000][1][safepoint    ] Safepoint "Cleanup", Time since last: 1007159192 ns, Reaching safepoint: 62536 ns, At safepoint: 7397 ns, Total: 69933 ns
[2020-02-29T06:17:58.676+0000][1][safepoint    ] Safepoint "Cleanup", Time since last: 1002049629 ns, Reaching safepoint: 62513 ns, At safepoint: 8222 ns, Total: 70735 ns
[2020-02-29T06:17:59.189+0000][1][safepoint    ] Safepoint "RevokeBias", Time since last: 512276749 ns, Reaching safepoint: 73230 ns, At safepoint: 17255 ns, Total: 90485 ns
[2020-02-29T06:18:00.189+0000][1][safepoint    ] Safepoint "Cleanup", Time since last: 1000570131 ns, Reaching safepoint: 74439 ns, At safepoint: 7019 ns, Total: 81458 ns
[2020-02-29T06:18:01.194+0000][1][safepoint    ] Safepoint "Cleanup", Time since last: 1004942356 ns, Reaching safepoint: 60237 ns, At safepoint: 6755 ns, Total: 66992 ns
[2020-02-29T06:18:01.710+0000][1][safepoint    ] Safepoint "RevokeBias", Time since last: 516023504 ns, Reaching safepoint: 85016 ns, At safepoint: 19625 ns, Total: 104641 ns
[2020-02-29T06:18:02.721+0000][1][safepoint    ] Safepoint "Cleanup", Time since last: 1010749840 ns, Reaching safepoint: 112887 ns, At safepoint: 8885 ns, Total: 121772 ns
[2020-02-29T06:18:03.725+0000][1][safepoint    ] Safepoint "Cleanup", Time since last: 1003877512 ns, Reaching safepoint: 76722 ns, At safepoint: 7413 ns, Total: 84135 ns
[2020-02-29T06:18:04.233+0000][1][safepoint    ] Safepoint "RevokeBias", Time since last: 507306424 ns, Reaching safepoint: 52028 ns, At safepoint: 15455 ns, Total: 67483 ns
[2020-02-29T06:18:05.238+0000][1][safepoint    ] Safepoint "Cleanup", Time since last: 1005593211 ns, Reaching safepoint: 193717 ns, At safepoint: 24718 ns, Total: 218435 ns
[2020-02-29T06:18:06.240+0000][1][safepoint    ] Safepoint "Cleanup", Time since last: 1001886770 ns, Reaching safepoint: 92669 ns, At safepoint: 6807 ns, Total: 99476 ns
[2020-02-29T06:18:06.748+0000][1][safepoint    ] Safepoint "RevokeBias", Time since last: 507465243 ns, Reaching safepoint: 87333 ns, At safepoint: 36140 ns, Total: 123473 ns
[2020-02-29T06:18:07.748+0000][1][safepoint    ] Safepoint "Cleanup", Time since last: 1000138943 ns, Reaching safepoint: 60876 ns, At safepoint: 6917 ns, Total: 67793 ns
[2020-02-29T06:18:08.754+0000][1][safepoint    ] Safepoint "Cleanup", Time since last: 1005308669 ns, Reaching safepoint: 75678 ns, At safepoint: 6887 ns, Total: 82565 ns
[2020-02-29T06:18:09.261+0000][1][safepoint    ] Safepoint "RevokeBias", Time since last: 507704431 ns, Reaching safepoint: 119037 ns, At safepoint: 17952 ns, Total: 136989 ns
[2020-02-29T06:18:10.262+0000][1][safepoint    ] Safepoint "Cleanup", Time since last: 1000689971 ns, Reaching safepoint: 94130 ns, At safepoint: 7690 ns, Total: 101820 ns
[2020-02-29T06:18:11.263+0000][1][safepoint    ] Safepoint "Cleanup", Time since last: 1000264499 ns, Reaching safepoint: 93007 ns, At safepoint: 10669 ns, Total: 103676 ns
[2020-02-29T06:18:11.776+0000][1][safepoint    ] Safepoint "RevokeBias", Time since last: 513414969 ns, Reaching safepoint: 52507 ns, At safepoint: 15839 ns, Total: 68346 ns
[2020-02-29T06:18:12.780+0000][1][safepoint    ] Safepoint "Cleanup", Time since last: 1004106145 ns, Reaching safepoint: 60858 ns, At safepoint: 7402 ns, Total: 68260 ns
[2020-02-29T06:18:13.781+0000][1][safepoint    ] Safepoint "Cleanup", Time since last: 1000661142 ns, Reaching safepoint: 89628 ns, At safepoint: 7367 ns, Total: 96995 ns
[2020-02-29T06:18:14.300+0000][1][safepoint    ] Safepoint "RevokeBias", Time since last: 518454328 ns, Reaching safepoint: 70522 ns, At safepoint: 32197 ns, Total: 102719 ns
[2020-02-29T06:18:15.308+0000][1][safepoint    ] Safepoint "Cleanup", Time since last: 1008430836 ns, Reaching safepoint: 79133 ns, At safepoint: 8507 ns, Total: 87640 ns
[2020-02-29T06:18:16.309+0000][1][safepoint    ] Safepoint "Cleanup", Time since last: 1000806919 ns, Reaching safepoint: 94921 ns, At safepoint: 7613 ns, Total: 102534 ns
[2020-02-29T06:18:16.818+0000][1][safepoint    ] Safepoint "RevokeBias", Time since last: 509089279 ns, Reaching safepoint: 70816 ns, At safepoint: 17436 ns, Total: 88252 ns
[2020-02-29T06:18:17.822+0000][1][safepoint    ] Safepoint "Cleanup", Time since last: 1003559875 ns, Reaching safepoint: 74981 ns, At safepoint: 7009 ns, Total: 81990 ns
[2020-02-29T06:18:18.827+0000][1][safepoint    ] Safepoint "Cleanup", Time since last: 1005086734 ns, Reaching safepoint: 94343 ns, At safepoint: 6966 ns, Total: 101309 ns
[2020-02-29T06:18:19.350+0000][1][safepoint    ] Safepoint "RevokeBias", Time since last: 522541225 ns, Reaching safepoint: 73388 ns, At safepoint: 18622 ns, Total: 92010 ns
[2020-02-29T06:18:20.359+0000][1][safepoint    ] Safepoint "Cleanup", Time since last: 1009152298 ns, Reaching safepoint: 103839 ns, At safepoint: 6957 ns, Total: 110796 ns
[2020-02-29T06:18:21.364+0000][1][safepoint    ] Safepoint "Cleanup", Time since last: 1005438880 ns, Reaching safepoint: 60631 ns, At safepoint: 7633 ns, Total: 68264 ns
[2020-02-29T06:18:21.868+0000][1][safepoint    ] Safepoint "RevokeBias", Time since last: 503019570 ns, Reaching safepoint: 94887 ns, At safepoint: 17766 ns, Total: 112653 ns
[2020-02-29T06:18:22.875+0000][1][safepoint    ] Safepoint "Cleanup", Time since last: 1007568836 ns, Reaching safepoint: 75503 ns, At safepoint: 7144 ns, Total: 82647 ns
[2020-02-29T06:18:23.877+0000][1][safepoint    ] Safepoint "Cleanup", Time since last: 1002101173 ns, Reaching safepoint: 137544 ns, At safepoint: 7943 ns, Total: 145487 ns
[2020-02-29T06:18:24.385+0000][1][safepoint    ] Safepoint "RevokeBias", Time since last: 507858982 ns, Reaching safepoint: 70934 ns, At safepoint: 17063 ns, Total: 87997 ns
[2020-02-29T06:18:25.390+0000][1][safepoint    ] Safepoint "Cleanup", Time since last: 1005022591 ns, Reaching safepoint: 78270 ns, At safepoint: 8279 ns, Total: 86549 ns
[2020-02-29T06:18:26.399+0000][1][safepoint    ] Safepoint "Cleanup", Time since last: 1008645376 ns, Reaching safepoint: 189207 ns, At safepoint: 9419 ns, Total: 198626 ns
[2020-02-29T06:18:26.900+0000][1][safepoint    ] Safepoint "RevokeBias", Time since last: 500645725 ns, Reaching safepoint: 73941 ns, At safepoint: 17604 ns, Total: 91545 ns
[2020-02-29T06:18:28.139+0000][1][safepoint    ] Safepoint "Cleanup", Time since last: 1238732202 ns, Reaching safepoint: 58590 ns, At safepoint: 6677 ns, Total: 65267 ns
[2020-02-29T06:18:29.140+0000][1][safepoint    ] Safepoint "Cleanup", Time since last: 1001343298 ns, Reaching safepoint: 72235 ns, At safepoint: 6773 ns, Total: 79008 ns
[2020-02-29T06:18:29.418+0000][1][safepoint    ] Safepoint "RevokeBias", Time since last: 277608271 ns, Reaching safepoint: 52405 ns, At safepoint: 15191 ns, Total: 67596 ns
[2020-02-29T06:18:30.422+0000][1][safepoint    ] Safepoint "Cleanup", Time since last: 1004019227 ns, Reaching safepoint: 63755 ns, At safepoint: 7197 ns, Total: 70952 ns
[2020-02-29T06:18:31.424+0000][1][safepoint    ] Safepoint "Cleanup", Time since last: 1002073906 ns, Reaching safepoint: 76237 ns, At safepoint: 9541 ns, Total: 85778 ns
[2020-02-29T06:18:31.931+0000][1][safepoint    ] Safepoint "RevokeBias", Time since last: 506447448 ns, Reaching safepoint: 73126 ns, At safepoint: 18609 ns, Total: 91735 ns
[2020-02-29T06:18:32.931+0000][1][safepoint    ] Safepoint "Cleanup", Time since last: 1000420539 ns, Reaching safepoint: 89417 ns, At safepoint: 8747 ns, Total: 98164 ns
[2020-02-29T06:18:33.932+0000][1][safepoint    ] Safepoint "Cleanup", Time since last: 1000366335 ns, Reaching safepoint: 78803 ns, At safepoint: 7914 ns, Total: 86717 ns
[2020-02-29T06:18:34.445+0000][1][safepoint    ] Safepoint "RevokeBias", Time since last: 513266121 ns, Reaching safepoint: 140768 ns, At safepoint: 19647 ns, Total: 160415 ns
[2020-02-29T06:18:35.449+0000][1][safepoint    ] Safepoint "Cleanup", Time since last: 1004188860 ns, Reaching safepoint: 130935 ns, At safepoint: 7626 ns, Total: 138561 ns
[2020-02-29T06:18:36.452+0000][1][safepoint    ] Safepoint "Cleanup", Time since last: 1002704874 ns, Reaching safepoint: 62555 ns, At safepoint: 6646 ns, Total: 69201 ns
[2020-02-29T06:18:36.955+0000][1][safepoint    ] Safepoint "RevokeBias", Time since last: 502744963 ns, Reaching safepoint: 85695 ns, At safepoint: 39176 ns, Total: 124871 ns
[2020-02-29T06:18:37.956+0000][1][safepoint    ] Safepoint "Cleanup", Time since last: 1000394621 ns, Reaching safepoint: 79781 ns, At safepoint: 7965 ns, Total: 87746 ns
[2020-02-29T06:18:38.957+0000][1][safepoint    ] Safepoint "Cleanup", Time since last: 1000612073 ns, Reaching safepoint: 251648 ns, At safepoint: 52530 ns, Total: 304178 ns
[2020-02-29T06:18:39.464+0000][1][safepoint    ] Safepoint "RevokeBias", Time since last: 507800908 ns, Reaching safepoint: 51488 ns, At safepoint: 14828 ns, Total: 66316 ns
[2020-02-29T06:18:40.473+0000][1][safepoint    ] Safepoint "Cleanup", Time since last: 1008477524 ns, Reaching safepoint: 260089 ns, At safepoint: 27054 ns, Total: 287143 ns
[2020-02-29T06:18:41.478+0000][1][safepoint    ] Safepoint "Cleanup", Time since last: 1005148265 ns, Reaching safepoint: 75705 ns, At safepoint: 6135 ns, Total: 81840 ns
[2020-02-29T06:18:42.004+0000][1][safepoint    ] Safepoint "RevokeBias", Time since last: 514465008 ns, Reaching safepoint: 11460171 ns, At safepoint: 27494 ns, Total: 11487665 ns
[2020-02-29T06:18:43.007+0000][1][safepoint    ] Safepoint "Cleanup", Time since last: 1002685559 ns, Reaching safepoint: 65688 ns, At safepoint: 7344 ns, Total: 73032 ns
[2020-02-29T06:18:44.017+0000][1][safepoint    ] Safepoint "Cleanup", Time since last: 1009863728 ns, Reaching safepoint: 92767 ns, At safepoint: 6507 ns, Total: 99274 ns
[2020-02-29T06:18:44.507+0000][1][safepoint    ] Safepoint "RevokeBias", Time since last: 490339482 ns, Reaching safepoint: 56569 ns, At safepoint: 15857 ns, Total: 72426 ns
[2020-02-29T06:18:45.513+0000][1][safepoint    ] Safepoint "Cleanup", Time since last: 1005414954 ns, Reaching safepoint: 59975 ns, At safepoint: 6747 ns, Total: 66722 ns
[2020-02-29T06:18:46.516+0000][1][safepoint    ] Safepoint "Cleanup", Time since last: 1002815053 ns, Reaching safepoint: 57760 ns, At safepoint: 6816 ns, Total: 64576 ns
[2020-02-29T06:18:47.026+0000][1][safepoint    ] Safepoint "RevokeBias", Time since last: 510171395 ns, Reaching safepoint: 73329 ns, At safepoint: 18450 ns, Total: 91779 ns
[2020-02-29T06:18:48.033+0000][1][safepoint    ] Safepoint "Cleanup", Time since last: 1007176804 ns, Reaching safepoint: 74268 ns, At safepoint: 7451 ns, Total: 81719 ns
[2020-02-29T06:18:49.041+0000][1][safepoint    ] Safepoint "Cleanup", Time since last: 1007890221 ns, Reaching safepoint: 59861 ns, At safepoint: 6441 ns, Total: 66302 ns
[2020-02-29T06:18:49.547+0000][1][safepoint    ] Safepoint "RevokeBias", Time since last: 505946666 ns, Reaching safepoint: 70457 ns, At safepoint: 17840 ns, Total: 88297 ns
[2020-02-29T06:18:50.550+0000][1][safepoint    ] Safepoint "Cleanup", Time since last: 1003053097 ns, Reaching safepoint: 73343 ns, At safepoint: 5780 ns, Total: 79123 ns
[2020-02-29T06:18:51.553+0000][1][safepoint    ] Safepoint "Cleanup", Time since last: 1002307061 ns, Reaching safepoint: 92584 ns, At safepoint: 7982 ns, Total: 100566 ns
[2020-02-29T06:18:52.063+0000][1][safepoint    ] Safepoint "RevokeBias", Time since last: 510412776 ns, Reaching safepoint: 82563 ns, At safepoint: 19225 ns, Total: 101788 ns
[2020-02-29T06:18:53.073+0000][1][safepoint    ] Safepoint "Cleanup", Time since last: 1009760012 ns, Reaching safepoint: 60576 ns, At safepoint: 7077 ns, Total: 67653 ns
[2020-02-29T06:18:54.077+0000][1][safepoint    ] Safepoint "Cleanup", Time since last: 1003952968 ns, Reaching safepoint: 57662 ns, At safepoint: 5946 ns, Total: 63608 ns
[2020-02-29T06:18:54.572+0000][1][safepoint    ] Safepoint "RevokeBias", Time since last: 494958696 ns, Reaching safepoint: 53322 ns, At safepoint: 15425 ns, Total: 68747 ns
[2020-02-29T06:18:55.574+0000][1][safepoint    ] Safepoint "Cleanup", Time since last: 1001851022 ns, Reaching safepoint: 74281 ns, At safepoint: 7070 ns, Total: 81351 ns
[2020-02-29T06:18:56.578+0000][1][safepoint    ] Safepoint "Cleanup", Time since last: 1004120698 ns, Reaching safepoint: 60024 ns, At safepoint: 7347 ns, Total: 67371 ns
[2020-02-29T06:18:57.090+0000][1][safepoint    ] Safepoint "RevokeBias", Time since last: 511235320 ns, Reaching safepoint: 67166 ns, At safepoint: 16278 ns, Total: 83444 ns
[2020-02-29T06:18:58.154+0000][1][gc,start     ] GC(70) Pause Young (Allocation Failure)
[2020-02-29T06:18:58.155+0000][1][gc,task      ] GC(70) Using 1 workers of 1 for evacuation
[2020-02-29T06:18:58.178+0000][1][gc,age       ] GC(70) Desired survivor size 4358144 bytes, new threshold 6 (max threshold 6)
[2020-02-29T06:18:58.178+0000][1][gc,age       ] GC(70) Age table with threshold 6 (max threshold 6)
[2020-02-29T06:18:58.178+0000][1][gc,age       ] GC(70) - age   1:      14552 bytes,      14552 total
[2020-02-29T06:18:58.178+0000][1][gc,age       ] GC(70) - age   2:       1512 bytes,      16064 total
[2020-02-29T06:18:58.178+0000][1][gc,age       ] GC(70) - age   3:        368 bytes,      16432 total
[2020-02-29T06:18:58.178+0000][1][gc,age       ] GC(70) - age   4:        600 bytes,      17032 total
[2020-02-29T06:18:58.178+0000][1][gc,age       ] GC(70) - age   5:        312 bytes,      17344 total
[2020-02-29T06:18:58.178+0000][1][gc,age       ] GC(70) - age   6:       1496 bytes,      18840 total
[2020-02-29T06:18:58.178+0000][1][gc,heap      ] GC(70) ParNew: 68191K->19K(76672K)
[2020-02-29T06:18:58.178+0000][1][gc,heap      ] GC(70) CMS: 62565K->62565K(963392K)
[2020-02-29T06:18:58.178+0000][1][gc,metaspace ] GC(70) Metaspace: 79789K->79789K(1122304K)
[2020-02-29T06:18:58.178+0000][1][gc           ] GC(70) Pause Young (Allocation Failure) 127M->61M(1015M) 23.791ms
[2020-02-29T06:18:58.178+0000][1][gc,cpu       ] GC(70) User=0.01s Sys=0.00s Real=0.02s
[2020-02-29T06:18:58.178+0000][1][safepoint    ] Safepoint "GenCollectForAllocation", Time since last: 1064688324 ns, Reaching safepoint: 77495 ns, At safepoint: 23849635 ns, Total: 23927130 ns
[2020-02-29T06:18:59.182+0000][1][safepoint    ] Safepoint "Cleanup", Time since last: 1003497228 ns, Reaching safepoint: 160622 ns, At safepoint: 23500 ns, Total: 184122 ns
[2020-02-29T06:18:59.613+0000][1][safepoint    ] Safepoint "RevokeBias", Time since last: 430507802 ns, Reaching safepoint: 82115 ns, At safepoint: 16929 ns, Total: 99044 ns
[2020-02-29T06:19:00.618+0000][1][safepoint    ] Safepoint "Cleanup", Time since last: 1005181915 ns, Reaching safepoint: 76173 ns, At safepoint: 6569 ns, Total: 82742 ns
[2020-02-29T06:19:01.619+0000][1][safepoint    ] Safepoint "Cleanup", Time since last: 1000958680 ns, Reaching safepoint: 78232 ns, At safepoint: 7576 ns, Total: 85808 ns
[2020-02-29T06:19:02.132+0000][1][safepoint    ] Safepoint "BulkRevokeBias", Time since last: 512791826 ns, Reaching safepoint: 121553 ns, At safepoint: 570273 ns, Total: 691826 ns
[2020-02-29T06:19:03.136+0000][1][safepoint    ] Safepoint "Cleanup", Time since last: 1003565299 ns, Reaching safepoint: 53199 ns, At safepoint: 5737 ns, Total: 58936 ns
[2020-02-29T06:19:04.140+0000][1][safepoint    ] Safepoint "Cleanup", Time since last: 1004085615 ns, Reaching safepoint: 96651 ns, At safepoint: 6214 ns, Total: 102865 ns
[2020-02-29T06:19:04.660+0000][1][safepoint    ] Safepoint "RevokeBias", Time since last: 519124308 ns, Reaching safepoint: 159832 ns, At safepoint: 30915 ns, Total: 190747 ns
[2020-02-29T06:19:05.663+0000][1][safepoint    ] Safepoint "Cleanup", Time since last: 1003391180 ns, Reaching safepoint: 74477 ns, At safepoint: 5902 ns, Total: 80379 ns
[2020-02-29T06:19:06.664+0000][1][safepoint    ] Safepoint "Cleanup", Time since last: 1000639899 ns, Reaching safepoint: 76784 ns, At safepoint: 6031 ns, Total: 82815 ns
[2020-02-29T06:19:07.181+0000][1][safepoint    ] Safepoint "RevokeBias", Time since last: 516895417 ns, Reaching safepoint: 74053 ns, At safepoint: 35656 ns, Total: 109709 ns
[2020-02-29T06:19:08.183+0000][1][safepoint    ] Safepoint "Cleanup", Time since last: 1002135070 ns, Reaching safepoint: 77149 ns, At safepoint: 7481 ns, Total: 84630 ns
[2020-02-29T06:19:09.187+0000][1][safepoint    ] Safepoint "Cleanup", Time since last: 1004310981 ns, Reaching safepoint: 108883 ns, At safepoint: 7862 ns, Total: 116745 ns
[2020-02-29T06:19:09.706+0000][1][safepoint    ] Safepoint "RevokeBias", Time since last: 518659301 ns, Reaching safepoint: 102661 ns, At safepoint: 20751 ns, Total: 123412 ns
[2020-02-29T06:19:10.709+0000][1][safepoint    ] Safepoint "Cleanup", Time since last: 1002269876 ns, Reaching safepoint: 164705 ns, At safepoint: 7343 ns, Total: 172048 ns
[2020-02-29T06:19:11.709+0000][1][safepoint    ] Safepoint "Cleanup", Time since last: 1000575909 ns, Reaching safepoint: 74707 ns, At safepoint: 5378 ns, Total: 80085 ns
[2020-02-29T06:19:12.233+0000][1][safepoint    ] Safepoint "RevokeBias", Time since last: 523771512 ns, Reaching safepoint: 94471 ns, At safepoint: 19622 ns, Total: 114093 ns
[2020-02-29T06:19:13.234+0000][1][safepoint    ] Safepoint "Cleanup", Time since last: 1001008556 ns, Reaching safepoint: 73388 ns, At safepoint: 6886 ns, Total: 80274 ns
[2020-02-29T06:19:14.243+0000][1][safepoint    ] Safepoint "Cleanup", Time since last: 1008917027 ns, Reaching safepoint: 59308 ns, At safepoint: 7057 ns, Total: 66365 ns
[2020-02-29T06:19:14.775+0000][1][safepoint    ] Safepoint "RevokeBias", Time since last: 531188524 ns, Reaching safepoint: 128160 ns, At safepoint: 33181 ns, Total: 161341 ns
[2020-02-29T06:19:15.782+0000][1][safepoint    ] Safepoint "Cleanup", Time since last: 1007269138 ns, Reaching safepoint: 61302 ns, At safepoint: 7295 ns, Total: 68597 ns
[2020-02-29T06:19:16.784+0000][1][safepoint    ] Safepoint "Cleanup", Time since last: 1001949495 ns, Reaching safepoint: 61039 ns, At safepoint: 7491 ns, Total: 68530 ns
[2020-02-29T06:19:17.306+0000][1][safepoint    ] Safepoint "RevokeBias", Time since last: 522292154 ns, Reaching safepoint: 71958 ns, At safepoint: 18161 ns, Total: 90119 ns
[2020-02-29T06:19:18.317+0000][1][safepoint    ] Safepoint "Cleanup", Time since last: 1010496069 ns, Reaching safepoint: 63219 ns, At safepoint: 7863 ns, Total: 71082 ns
[2020-02-29T06:19:19.319+0000][1][safepoint    ] Safepoint "Cleanup", Time since last: 1002074465 ns, Reaching safepoint: 61004 ns, At safepoint: 7182 ns, Total: 68186 ns
[2020-02-29T06:19:19.828+0000][1][safepoint    ] Safepoint "RevokeBias", Time since last: 508878643 ns, Reaching safepoint: 52440 ns, At safepoint: 15774 ns, Total: 68214 ns
[2020-02-29T06:19:20.836+0000][1][safepoint    ] Safepoint "Cleanup", Time since last: 1008273655 ns, Reaching safepoint: 61489 ns, At safepoint: 7771 ns, Total: 69260 ns
[2020-02-29T06:19:21.843+0000][1][safepoint    ] Safepoint "Cleanup", Time since last: 1006938357 ns, Reaching safepoint: 95361 ns, At safepoint: 7437 ns, Total: 102798 ns
[2020-02-29T06:19:22.355+0000][1][safepoint    ] Safepoint "RevokeBias", Time since last: 511243454 ns, Reaching safepoint: 72404 ns, At safepoint: 18319 ns, Total: 90723 ns
[2020-02-29T06:19:23.359+0000][1][safepoint    ] Safepoint "Cleanup", Time since last: 1004494337 ns, Reaching safepoint: 105410 ns, At safepoint: 7164 ns, Total: 112574 ns
[2020-02-29T06:19:24.364+0000][1][safepoint    ] Safepoint "Cleanup", Time since last: 1004999466 ns, Reaching safepoint: 142689 ns, At safepoint: 29414 ns, Total: 172103 ns
[2020-02-29T06:19:24.880+0000][1][safepoint    ] Safepoint "RevokeBias", Time since last: 515907915 ns, Reaching safepoint: 68673 ns, At safepoint: 16603 ns, Total: 85276 ns
[2020-02-29T06:19:25.889+0000][1][safepoint    ] Safepoint "Cleanup", Time since last: 1008886907 ns, Reaching safepoint: 62286 ns, At safepoint: 7335 ns, Total: 69621 ns
[2020-02-29T06:19:26.891+0000][1][safepoint    ] Safepoint "Cleanup", Time since last: 1001486344 ns, Reaching safepoint: 74802 ns, At safepoint: 5790 ns, Total: 80592 ns
[2020-02-29T06:19:27.400+0000][1][safepoint    ] Safepoint "RevokeBias", Time since last: 508949816 ns, Reaching safepoint: 52717 ns, At safepoint: 15856 ns, Total: 68573 ns
[2020-02-29T06:19:28.401+0000][1][safepoint    ] Safepoint "Cleanup", Time since last: 1001045165 ns, Reaching safepoint: 74316 ns, At safepoint: 9080 ns, Total: 83396 ns
[2020-02-29T06:19:29.404+0000][1][safepoint    ] Safepoint "Cleanup", Time since last: 1002594512 ns, Reaching safepoint: 90669 ns, At safepoint: 7301 ns, Total: 97970 ns
[2020-02-29T06:19:29.916+0000][1][safepoint    ] Safepoint "RevokeBias", Time since last: 512067483 ns, Reaching safepoint: 124554 ns, At safepoint: 19516 ns, Total: 144070 ns
[2020-02-29T06:19:30.923+0000][1][safepoint    ] Safepoint "Cleanup", Time since last: 1006822802 ns, Reaching safepoint: 57731 ns, At safepoint: 5849 ns, Total: 63580 ns
[2020-02-29T06:19:31.932+0000][1][safepoint    ] Safepoint "Cleanup", Time since last: 1008900172 ns, Reaching safepoint: 110093 ns, At safepoint: 6335 ns, Total: 116428 ns
[2020-02-29T06:19:32.445+0000][1][safepoint    ] Safepoint "RevokeBias", Time since last: 513056124 ns, Reaching safepoint: 154542 ns, At safepoint: 19299 ns, Total: 173841 ns
[2020-02-29T06:19:33.446+0000][1][safepoint    ] Safepoint "Cleanup", Time since last: 1001067864 ns, Reaching safepoint: 60020 ns, At safepoint: 7313 ns, Total: 67333 ns
[2020-02-29T06:19:34.454+0000][1][safepoint    ] Safepoint "Cleanup", Time since last: 1007490099 ns, Reaching safepoint: 131024 ns, At safepoint: 7329 ns, Total: 138353 ns
[2020-02-29T06:19:34.957+0000][1][safepoint    ] Safepoint "RevokeBias", Time since last: 503209770 ns, Reaching safepoint: 52141 ns, At safepoint: 15864 ns, Total: 68005 ns
[2020-02-29T06:19:35.958+0000][1][safepoint    ] Safepoint "Cleanup", Time since last: 1000658492 ns, Reaching safepoint: 109047 ns, At safepoint: 9761 ns, Total: 118808 ns
[2020-02-29T06:19:36.959+0000][1][safepoint    ] Safepoint "Cleanup", Time since last: 1001011700 ns, Reaching safepoint: 86867 ns, At safepoint: 8516 ns, Total: 95383 ns
[2020-02-29T06:19:37.474+0000][1][safepoint    ] Safepoint "RevokeBias", Time since last: 514272732 ns, Reaching safepoint: 185153 ns, At safepoint: 82821 ns, Total: 267974 ns
[2020-02-29T06:19:38.482+0000][1][safepoint    ] Safepoint "Cleanup", Time since last: 1008175419 ns, Reaching safepoint: 81571 ns, At safepoint: 8260 ns, Total: 89831 ns
[2020-02-29T06:19:39.483+0000][1][safepoint    ] Safepoint "Cleanup", Time since last: 1001049412 ns, Reaching safepoint: 74517 ns, At safepoint: 7005 ns, Total: 81522 ns
[2020-02-29T06:19:39.990+0000][1][safepoint    ] Safepoint "RevokeBias", Time since last: 507230109 ns, Reaching safepoint: 131152 ns, At safepoint: 35218 ns, Total: 166370 ns
[2020-02-29T06:19:41.122+0000][1][safepoint    ] Safepoint "Cleanup", Time since last: 1131778425 ns, Reaching safepoint: 61997 ns, At safepoint: 7243 ns, Total: 69240 ns
[2020-02-29T06:19:42.126+0000][1][safepoint    ] Safepoint "Cleanup", Time since last: 1003950776 ns, Reaching safepoint: 60854 ns, At safepoint: 7120 ns, Total: 67974 ns
[2020-02-29T06:19:42.509+0000][1][safepoint    ] Safepoint "RevokeBias", Time since last: 382610137 ns, Reaching safepoint: 53026 ns, At safepoint: 16288 ns, Total: 69314 ns
[2020-02-29T06:19:43.511+0000][1][safepoint    ] Safepoint "Cleanup", Time since last: 1001254483 ns, Reaching safepoint: 564881 ns, At safepoint: 8576 ns, Total: 573457 ns
[2020-02-29T06:19:44.519+0000][1][safepoint    ] Safepoint "Cleanup", Time since last: 1008068616 ns, Reaching safepoint: 65273 ns, At safepoint: 15855 ns, Total: 81128 ns
[2020-02-29T06:19:45.030+0000][1][safepoint    ] Safepoint "RevokeBias", Time since last: 511086702 ns, Reaching safepoint: 53656 ns, At safepoint: 16014 ns, Total: 69670 ns
[2020-02-29T06:19:46.034+0000][1][safepoint    ] Safepoint "Cleanup", Time since last: 1004005249 ns, Reaching safepoint: 89741 ns, At safepoint: 6667 ns, Total: 96408 ns
[2020-02-29T06:19:47.042+0000][1][safepoint    ] Safepoint "Cleanup", Time since last: 1008062466 ns, Reaching safepoint: 57226 ns, At safepoint: 5761 ns, Total: 62987 ns
[2020-02-29T06:19:47.559+0000][1][safepoint    ] Safepoint "RevokeBias", Time since last: 516854095 ns, Reaching safepoint: 71324 ns, At safepoint: 17873 ns, Total: 89197 ns
[2020-02-29T06:19:48.565+0000][1][safepoint    ] Safepoint "Cleanup", Time since last: 1006065462 ns, Reaching safepoint: 75261 ns, At safepoint: 6970 ns, Total: 82231 ns
[2020-02-29T06:19:49.566+0000][1][safepoint    ] Safepoint "Cleanup", Time since last: 1000317082 ns, Reaching safepoint: 158315 ns, At safepoint: 24708 ns, Total: 183023 ns
[2020-02-29T06:19:50.076+0000][1][safepoint    ] Safepoint "RevokeBias", Time since last: 509962974 ns, Reaching safepoint: 69762 ns, At safepoint: 16684 ns, Total: 86446 ns
[2020-02-29T06:19:51.082+0000][1][safepoint    ] Safepoint "Cleanup", Time since last: 1006213578 ns, Reaching safepoint: 139413 ns, At safepoint: 27647 ns, Total: 167060 ns
[2020-02-29T06:19:52.085+0000][1][safepoint    ] Safepoint "Cleanup", Time since last: 1002769506 ns, Reaching safepoint: 58820 ns, At safepoint: 6678 ns, Total: 65498 ns
[2020-02-29T06:19:52.598+0000][1][safepoint    ] Safepoint "RevokeBias", Time since last: 512295577 ns, Reaching safepoint: 53154 ns, At safepoint: 16319 ns, Total: 69473 ns
[2020-02-29T06:19:53.608+0000][1][safepoint    ] Safepoint "Cleanup", Time since last: 1010390953 ns, Reaching safepoint: 372524 ns, At safepoint: 8559 ns, Total: 381083 ns
[2020-02-29T06:19:54.613+0000][1][safepoint    ] Safepoint "Cleanup", Time since last: 1004762206 ns, Reaching safepoint: 57238 ns, At safepoint: 6402 ns, Total: 63640 ns
[2020-02-29T06:19:55.117+0000][1][safepoint    ] Safepoint "RevokeBias", Time since last: 504181988 ns, Reaching safepoint: 71290 ns, At safepoint: 17833 ns, Total: 89123 ns
[2020-02-29T06:19:56.122+0000][1][safepoint    ] Safepoint "Cleanup", Time since last: 1004889262 ns, Reaching safepoint: 61442 ns, At safepoint: 7210 ns, Total: 68652 ns
[2020-02-29T06:19:57.127+0000][1][safepoint    ] Safepoint "Cleanup", Time since last: 1004680568 ns, Reaching safepoint: 183973 ns, At safepoint: 7652 ns, Total: 191625 ns
[2020-02-29T06:19:57.637+0000][1][safepoint    ] Safepoint "RevokeBias", Time since last: 509127703 ns, Reaching safepoint: 170135 ns, At safepoint: 19681 ns, Total: 189816 ns
[2020-02-29T06:19:58.638+0000][1][safepoint    ] Safepoint "Cleanup", Time since last: 1001847526 ns, Reaching safepoint: 78821 ns, At safepoint: 6718 ns, Total: 85539 ns
[2020-02-29T06:19:59.642+0000][1][safepoint    ] Safepoint "Cleanup", Time since last: 1003791585 ns, Reaching safepoint: 59175 ns, At safepoint: 6156 ns, Total: 65331 ns
[2020-02-29T06:20:00.155+0000][1][safepoint    ] Safepoint "RevokeBias", Time since last: 512250279 ns, Reaching safepoint: 72246 ns, At safepoint: 18200 ns, Total: 90446 ns
[2020-02-29T06:20:01.157+0000][1][safepoint    ] Safepoint "Cleanup", Time since last: 1002317024 ns, Reaching safepoint: 116708 ns, At safepoint: 24280 ns, Total: 140988 ns
[2020-02-29T06:20:02.167+0000][1][safepoint    ] Safepoint "Cleanup", Time since last: 1009911802 ns, Reaching safepoint: 84456 ns, At safepoint: 5908 ns, Total: 90364 ns
[2020-02-29T06:20:02.671+0000][1][safepoint    ] Safepoint "RevokeBias", Time since last: 503942395 ns, Reaching safepoint: 52262 ns, At safepoint: 16433 ns, Total: 68695 ns
[2020-02-29T06:20:03.675+0000][1][safepoint    ] Safepoint "Cleanup", Time since last: 1003878741 ns, Reaching safepoint: 76776 ns, At safepoint: 6994 ns, Total: 83770 ns
[2020-02-29T06:20:04.677+0000][1][safepoint    ] Safepoint "Cleanup", Time since last: 1002128969 ns, Reaching safepoint: 82440 ns, At safepoint: 8648 ns, Total: 91088 ns
[2020-02-29T06:20:05.198+0000][1][safepoint    ] Safepoint "RevokeBias", Time since last: 521065460 ns, Reaching safepoint: 71439 ns, At safepoint: 17385 ns, Total: 88824 ns
[2020-02-29T06:20:06.204+0000][1][safepoint    ] Safepoint "Cleanup", Time since last: 1005618659 ns, Reaching safepoint: 147638 ns, At safepoint: 7289 ns, Total: 154927 ns
[2020-02-29T06:20:07.204+0000][1][safepoint    ] Safepoint "Cleanup", Time since last: 1000135742 ns, Reaching safepoint: 80227 ns, At safepoint: 8833 ns, Total: 89060 ns
[2020-02-29T06:20:07.720+0000][1][safepoint    ] Safepoint "RevokeBias", Time since last: 515126901 ns, Reaching safepoint: 74520 ns, At safepoint: 36222 ns, Total: 110742 ns
[2020-02-29T06:20:08.725+0000][1][safepoint    ] Safepoint "Cleanup", Time since last: 1005643017 ns, Reaching safepoint: 62047 ns, At safepoint: 7173 ns, Total: 69220 ns
[2020-02-29T06:20:09.727+0000][1][safepoint    ] Safepoint "Cleanup", Time since last: 1001630332 ns, Reaching safepoint: 60665 ns, At safepoint: 6889 ns, Total: 67554 ns
[2020-02-29T06:20:10.232+0000][1][safepoint    ] Safepoint "RevokeBias", Time since last: 504921938 ns, Reaching safepoint: 70609 ns, At safepoint: 43562 ns, Total: 114171 ns
[2020-02-29T06:20:11.232+0000][1][safepoint    ] Safepoint "Cleanup", Time since last: 1000157640 ns, Reaching safepoint: 81903 ns, At safepoint: 8571 ns, Total: 90474 ns
[2020-02-29T06:20:12.233+0000][1][safepoint    ] Safepoint "Cleanup", Time since last: 1000495990 ns, Reaching safepoint: 76479 ns, At safepoint: 7431 ns, Total: 83910 ns
[2020-02-29T06:20:12.741+0000][1][safepoint    ] Safepoint "RevokeBias", Time since last: 508033982 ns, Reaching safepoint: 72615 ns, At safepoint: 17217 ns, Total: 89832 ns
[2020-02-29T06:20:13.742+0000][1][safepoint    ] Safepoint "Cleanup", Time since last: 1000695625 ns, Reaching safepoint: 96695 ns, At safepoint: 21744 ns, Total: 118439 ns
[2020-02-29T06:20:14.745+0000][1][safepoint    ] Safepoint "Cleanup", Time since last: 1003079875 ns, Reaching safepoint: 71485 ns, At safepoint: 10010 ns, Total: 81495 ns
[2020-02-29T06:20:15.251+0000][1][safepoint    ] Safepoint "BulkRevokeBias", Time since last: 505170532 ns, Reaching safepoint: 84340 ns, At safepoint: 248129 ns, Total: 332469 ns
[2020-02-29T06:20:16.251+0000][1][safepoint    ] Safepoint "Cleanup", Time since last: 1000247837 ns, Reaching safepoint: 88246 ns, At safepoint: 9501 ns, Total: 97747 ns
[2020-02-29T06:20:17.253+0000][1][safepoint    ] Safepoint "Cleanup", Time since last: 1002229299 ns, Reaching safepoint: 92999 ns, At safepoint: 7862 ns, Total: 100861 ns
[2020-02-29T06:20:17.762+0000][1][safepoint    ] Safepoint "RevokeBias", Time since last: 508972832 ns, Reaching safepoint: 51463 ns, At safepoint: 16240 ns, Total: 67703 ns
[2020-02-29T06:20:18.770+0000][1][safepoint    ] Safepoint "Cleanup", Time since last: 1007596110 ns, Reaching safepoint: 174290 ns, At safepoint: 10890 ns, Total: 185180 ns
[2020-02-29T06:20:19.773+0000][1][safepoint    ] Safepoint "Cleanup", Time since last: 1002929046 ns, Reaching safepoint: 58975 ns, At safepoint: 6821 ns, Total: 65796 ns
[2020-02-29T06:20:20.280+0000][1][safepoint    ] Safepoint "RevokeBias", Time since last: 507318300 ns, Reaching safepoint: 55311 ns, At safepoint: 16061 ns, Total: 71372 ns
[2020-02-29T06:20:21.282+0000][1][safepoint    ] Safepoint "Cleanup", Time since last: 1001692643 ns, Reaching safepoint: 77102 ns, At safepoint: 7327 ns, Total: 84429 ns
[2020-02-29T06:20:22.289+0000][1][safepoint    ] Safepoint "Cleanup", Time since last: 1006496299 ns, Reaching safepoint: 112363 ns, At safepoint: 7260 ns, Total: 119623 ns
[2020-02-29T06:20:22.803+0000][1][safepoint    ] Safepoint "RevokeBias", Time since last: 513570380 ns, Reaching safepoint: 69965 ns, At safepoint: 16572 ns, Total: 86537 ns
[2020-02-29T06:20:23.805+0000][1][safepoint    ] Safepoint "Cleanup", Time since last: 1002799225 ns, Reaching safepoint: 76716 ns, At safepoint: 7087 ns, Total: 83803 ns
[2020-02-29T06:20:24.809+0000][1][safepoint    ] Safepoint "Cleanup", Time since last: 1003816255 ns, Reaching safepoint: 60123 ns, At safepoint: 7020 ns, Total: 67143 ns
[2020-02-29T06:20:25.321+0000][1][safepoint    ] Safepoint "RevokeBias", Time since last: 512068781 ns, Reaching safepoint: 70771 ns, At safepoint: 19158 ns, Total: 89929 ns
[2020-02-29T06:20:26.393+0000][1][safepoint    ] Safepoint "Cleanup", Time since last: 1071634516 ns, Reaching safepoint: 130043 ns, At safepoint: 7351 ns, Total: 137394 ns
[2020-02-29T06:20:27.394+0000][1][safepoint    ] Safepoint "Cleanup", Time since last: 1000978566 ns, Reaching safepoint: 99866 ns, At safepoint: 10613 ns, Total: 110479 ns
[2020-02-29T06:20:27.837+0000][1][safepoint    ] Safepoint "RevokeBias", Time since last: 443033322 ns, Reaching safepoint: 77711 ns, At safepoint: 19048 ns, Total: 96759 ns
[2020-02-29T06:20:28.839+0000][1][safepoint    ] Safepoint "Cleanup", Time since last: 1001394477 ns, Reaching safepoint: 75856 ns, At safepoint: 7159 ns, Total: 83015 ns
[2020-02-29T06:20:29.848+0000][1][safepoint    ] Safepoint "Cleanup", Time since last: 1009072916 ns, Reaching safepoint: 60172 ns, At safepoint: 7411 ns, Total: 67583 ns
[2020-02-29T06:20:30.351+0000][1][safepoint    ] Safepoint "RevokeBias", Time since last: 502279569 ns, Reaching safepoint: 175521 ns, At safepoint: 20918 ns, Total: 196439 ns
[2020-02-29T06:20:31.354+0000][1][safepoint    ] Safepoint "Cleanup", Time since last: 1003715360 ns, Reaching safepoint: 59218 ns, At safepoint: 7101 ns, Total: 66319 ns
[2020-02-29T06:20:32.357+0000][1][safepoint    ] Safepoint "Cleanup", Time since last: 1003023403 ns, Reaching safepoint: 84524 ns, At safepoint: 7769 ns, Total: 92293 ns
[2020-02-29T06:20:32.889+0000][1][safepoint    ] Safepoint "RevokeBias", Time since last: 531169688 ns, Reaching safepoint: 78927 ns, At safepoint: 36152 ns, Total: 115079 ns
[2020-02-29T06:20:33.889+0000][1][safepoint    ] Safepoint "Cleanup", Time since last: 1000141156 ns, Reaching safepoint: 112304 ns, At safepoint: 8007 ns, Total: 120311 ns
[2020-02-29T06:20:34.890+0000][1][safepoint    ] Safepoint "Cleanup", Time since last: 1000732968 ns, Reaching safepoint: 89467 ns, At safepoint: 8353 ns, Total: 97820 ns
[2020-02-29T06:20:35.409+0000][1][safepoint    ] Safepoint "RevokeBias", Time since last: 519067412 ns, Reaching safepoint: 191778 ns, At safepoint: 54559 ns, Total: 246337 ns
[2020-02-29T06:20:36.414+0000][1][safepoint    ] Safepoint "Cleanup", Time since last: 1004851322 ns, Reaching safepoint: 73821 ns, At safepoint: 6318 ns, Total: 80139 ns
[2020-02-29T06:20:37.414+0000][1][safepoint    ] Safepoint "Cleanup", Time since last: 1000238760 ns, Reaching safepoint: 58739 ns, At safepoint: 6446 ns, Total: 65185 ns
[2020-02-29T06:20:37.934+0000][1][safepoint    ] Safepoint "RevokeBias", Time since last: 519422848 ns, Reaching safepoint: 91996 ns, At safepoint: 85990 ns, Total: 177986 ns
[2020-02-29T06:20:38.941+0000][1][safepoint    ] Safepoint "Cleanup", Time since last: 1007346325 ns, Reaching safepoint: 62156 ns, At safepoint: 7312 ns, Total: 69468 ns
[2020-02-29T06:20:39.947+0000][1][safepoint    ] Safepoint "Cleanup", Time since last: 1005625527 ns, Reaching safepoint: 60748 ns, At safepoint: 7389 ns, Total: 68137 ns
[2020-02-29T06:20:40.451+0000][1][safepoint    ] Safepoint "RevokeBias", Time since last: 503607010 ns, Reaching safepoint: 56418 ns, At safepoint: 16229 ns, Total: 72647 ns
[2020-02-29T06:20:41.451+0000][1][safepoint    ] Safepoint "Cleanup", Time since last: 1000416768 ns, Reaching safepoint: 129254 ns, At safepoint: 6684 ns, Total: 135938 ns
[2020-02-29T06:20:42.452+0000][1][safepoint    ] Safepoint "Cleanup", Time since last: 1001034059 ns, Reaching safepoint: 104564 ns, At safepoint: 9654 ns, Total: 114218 ns
[2020-02-29T06:20:42.964+0000][1][safepoint    ] Safepoint "RevokeBias", Time since last: 511066353 ns, Reaching safepoint: 74625 ns, At safepoint: 17376 ns, Total: 92001 ns
[2020-02-29T06:20:43.964+0000][1][safepoint    ] Safepoint "Cleanup", Time since last: 1000406933 ns, Reaching safepoint: 90821 ns, At safepoint: 10507 ns, Total: 101328 ns
[2020-02-29T06:20:44.965+0000][1][safepoint    ] Safepoint "Cleanup", Time since last: 1000492043 ns, Reaching safepoint: 104649 ns, At safepoint: 44544 ns, Total: 149193 ns
[2020-02-29T06:20:45.477+0000][1][safepoint    ] Safepoint "RevokeBias", Time since last: 512302440 ns, Reaching safepoint: 70573 ns, At safepoint: 78175 ns, Total: 148748 ns
[2020-02-29T06:20:46.482+0000][1][safepoint    ] Safepoint "Cleanup", Time since last: 1005035803 ns, Reaching safepoint: 76343 ns, At safepoint: 7555 ns, Total: 83898 ns
[2020-02-29T06:20:47.490+0000][1][safepoint    ] Safepoint "Cleanup", Time since last: 1007066898 ns, Reaching safepoint: 344131 ns, At safepoint: 9415 ns, Total: 353546 ns
[2020-02-29T06:20:47.995+0000][1][safepoint    ] Safepoint "RevokeBias", Time since last: 505184479 ns, Reaching safepoint: 154266 ns, At safepoint: 18056 ns, Total: 172322 ns
[2020-02-29T06:20:48.998+0000][1][safepoint    ] Safepoint "Cleanup", Time since last: 1002682954 ns, Reaching safepoint: 72974 ns, At safepoint: 5632 ns, Total: 78606 ns
[2020-02-29T06:20:50.005+0000][1][safepoint    ] Safepoint "Cleanup", Time since last: 1007317333 ns, Reaching safepoint: 94840 ns, At safepoint: 9530 ns, Total: 104370 ns
[2020-02-29T06:20:50.513+0000][1][safepoint    ] Safepoint "RevokeBias", Time since last: 507496487 ns, Reaching safepoint: 70485 ns, At safepoint: 16947 ns, Total: 87432 ns
[2020-02-29T06:20:51.515+0000][1][safepoint    ] Safepoint "Cleanup", Time since last: 1001982484 ns, Reaching safepoint: 60135 ns, At safepoint: 6938 ns, Total: 67073 ns
[2020-02-29T06:20:52.516+0000][1][safepoint    ] Safepoint "Cleanup", Time since last: 1001306372 ns, Reaching safepoint: 104221 ns, At safepoint: 9818 ns, Total: 114039 ns
[2020-02-29T06:20:53.038+0000][1][safepoint    ] Safepoint "RevokeBias", Time since last: 521475629 ns, Reaching safepoint: 111888 ns, At safepoint: 21064 ns, Total: 132952 ns
[2020-02-29T06:20:54.043+0000][1][safepoint    ] Safepoint "Cleanup", Time since last: 1004526773 ns, Reaching safepoint: 58435 ns, At safepoint: 7016 ns, Total: 65451 ns
[2020-02-29T06:20:55.049+0000][1][safepoint    ] Safepoint "Cleanup", Time since last: 1006371796 ns, Reaching safepoint: 129408 ns, At safepoint: 7949 ns, Total: 137357 ns
[2020-02-29T06:20:55.555+0000][1][safepoint    ] Safepoint "RevokeBias", Time since last: 505854455 ns, Reaching safepoint: 85159 ns, At safepoint: 20881 ns, Total: 106040 ns
[2020-02-29T06:20:56.558+0000][1][safepoint    ] Safepoint "Cleanup", Time since last: 1003029512 ns, Reaching safepoint: 80013 ns, At safepoint: 8088 ns, Total: 88101 ns
[2020-02-29T06:20:58.183+0000][1][safepoint    ] Safepoint "RevokeBias", Time since last: 1624859042 ns, Reaching safepoint: 82165 ns, At safepoint: 17946 ns, Total: 100111 ns
[2020-02-29T06:20:59.191+0000][1][safepoint    ] Safepoint "Cleanup", Time since last: 1007218330 ns, Reaching safepoint: 182353 ns, At safepoint: 21691 ns, Total: 204044 ns
[2020-02-29T06:21:00.192+0000][1][safepoint    ] Safepoint "Cleanup", Time since last: 1001826431 ns, Reaching safepoint: 74515 ns, At safepoint: 6505 ns, Total: 81020 ns
[2020-02-29T06:21:00.702+0000][1][safepoint    ] Safepoint "RevokeBias", Time since last: 509772721 ns, Reaching safepoint: 145903 ns, At safepoint: 24250 ns, Total: 170153 ns
[2020-02-29T06:21:01.703+0000][1][safepoint    ] Safepoint "Cleanup", Time since last: 1000432489 ns, Reaching safepoint: 75394 ns, At safepoint: 7079 ns, Total: 82473 ns
[2020-02-29T06:21:02.711+0000][1][safepoint    ] Safepoint "Cleanup", Time since last: 1008210762 ns, Reaching safepoint: 206613 ns, At safepoint: 6527 ns, Total: 213140 ns
[2020-02-29T06:21:03.211+0000][1][safepoint    ] Safepoint "RevokeBias", Time since last: 499560997 ns, Reaching safepoint: 53881 ns, At safepoint: 15899 ns, Total: 69780 ns
[2020-02-29T06:21:04.216+0000][1][safepoint    ] Safepoint "Cleanup", Time since last: 1005345833 ns, Reaching safepoint: 135288 ns, At safepoint: 7142 ns, Total: 142430 ns
[2020-02-29T06:21:05.225+0000][1][safepoint    ] Safepoint "Cleanup", Time since last: 1008719102 ns, Reaching safepoint: 94683 ns, At safepoint: 7755 ns, Total: 102438 ns
[2020-02-29T06:21:05.744+0000][1][safepoint    ] Safepoint "RevokeBias", Time since last: 518292857 ns, Reaching safepoint: 135360 ns, At safepoint: 34780 ns, Total: 170140 ns
[2020-02-29T06:21:06.746+0000][1][safepoint    ] Safepoint "Cleanup", Time since last: 1002367923 ns, Reaching safepoint: 149156 ns, At safepoint: 23259 ns, Total: 172415 ns
[2020-02-29T06:21:07.747+0000][1][safepoint    ] Safepoint "Cleanup", Time since last: 1001000510 ns, Reaching safepoint: 57945 ns, At safepoint: 5995 ns, Total: 63940 ns
[2020-02-29T06:21:08.279+0000][1][safepoint    ] Safepoint "RevokeBias", Time since last: 531981765 ns, Reaching safepoint: 52757 ns, At safepoint: 15124 ns, Total: 67881 ns
[2020-02-29T06:21:09.280+0000][1][safepoint    ] Safepoint "Cleanup", Time since last: 1000745478 ns, Reaching safepoint: 53831 ns, At safepoint: 5928 ns, Total: 59759 ns
[2020-02-29T06:21:10.287+0000][1][safepoint    ] Safepoint "Cleanup", Time since last: 1006684938 ns, Reaching safepoint: 75227 ns, At safepoint: 7192 ns, Total: 82419 ns
[2020-02-29T06:21:10.789+0000][1][safepoint    ] Safepoint "RevokeBias", Time since last: 501630340 ns, Reaching safepoint: 123138 ns, At safepoint: 19156 ns, Total: 142294 ns
[2020-02-29T06:21:11.792+0000][1][safepoint    ] Safepoint "Cleanup", Time since last: 1003319690 ns, Reaching safepoint: 86391 ns, At safepoint: 8363 ns, Total: 94754 ns
[2020-02-29T06:21:12.801+0000][1][safepoint    ] Safepoint "Cleanup", Time since last: 1009072952 ns, Reaching safepoint: 94182 ns, At safepoint: 7621 ns, Total: 101803 ns
[2020-02-29T06:21:13.298+0000][1][safepoint    ] Safepoint "RevokeBias", Time since last: 496096715 ns, Reaching safepoint: 119030 ns, At safepoint: 20651 ns, Total: 139681 ns
[2020-02-29T06:21:14.303+0000][1][safepoint    ] Safepoint "Cleanup", Time since last: 1005660317 ns, Reaching safepoint: 73625 ns, At safepoint: 6774 ns, Total: 80399 ns
[2020-02-29T06:21:15.308+0000][1][safepoint    ] Safepoint "Cleanup", Time since last: 1004837450 ns, Reaching safepoint: 77212 ns, At safepoint: 9199 ns, Total: 86411 ns
[2020-02-29T06:21:15.817+0000][1][safepoint    ] Safepoint "RevokeBias", Time since last: 509105250 ns, Reaching safepoint: 74119 ns, At safepoint: 18303 ns, Total: 92422 ns
[2020-02-29T06:21:16.823+0000][1][safepoint    ] Safepoint "Cleanup", Time since last: 1005673284 ns, Reaching safepoint: 62153 ns, At safepoint: 7610 ns, Total: 69763 ns
[2020-02-29T06:21:17.825+0000][1][safepoint    ] Safepoint "Cleanup", Time since last: 1001904446 ns, Reaching safepoint: 60925 ns, At safepoint: 7392 ns, Total: 68317 ns
[2020-02-29T06:21:18.344+0000][1][gc,start     ] GC(71) Pause Young (Allocation Failure)
[2020-02-29T06:21:18.344+0000][1][gc,task      ] GC(71) Using 1 workers of 1 for evacuation
[2020-02-29T06:21:18.366+0000][1][gc,age       ] GC(71) Desired survivor size 4358144 bytes, new threshold 6 (max threshold 6)
[2020-02-29T06:21:18.366+0000][1][gc,age       ] GC(71) Age table with threshold 6 (max threshold 6)
[2020-02-29T06:21:18.366+0000][1][gc,age       ] GC(71) - age   1:      11936 bytes,      11936 total
[2020-02-29T06:21:18.366+0000][1][gc,age       ] GC(71) - age   2:        168 bytes,      12104 total
[2020-02-29T06:21:18.366+0000][1][gc,age       ] GC(71) - age   3:       1512 bytes,      13616 total
[2020-02-29T06:21:18.366+0000][1][gc,age       ] GC(71) - age   4:        248 bytes,      13864 total
[2020-02-29T06:21:18.366+0000][1][gc,age       ] GC(71) - age   5:        600 bytes,      14464 total
[2020-02-29T06:21:18.366+0000][1][gc,age       ] GC(71) - age   6:        312 bytes,      14776 total
[2020-02-29T06:21:18.366+0000][1][gc,heap      ] GC(71) ParNew: 68124K->16K(76672K)
[2020-02-29T06:21:18.366+0000][1][gc,heap      ] GC(71) CMS: 62565K->62567K(963392K)
[2020-02-29T06:21:18.366+0000][1][gc,metaspace ] GC(71) Metaspace: 79844K->79844K(1122304K)
[2020-02-29T06:21:18.366+0000][1][gc           ] GC(71) Pause Young (Allocation Failure) 127M->61M(1015M) 21.951ms
[2020-02-29T06:21:18.366+0000][1][gc,cpu       ] GC(71) User=0.01s Sys=0.00s Real=0.02s
[2020-02-29T06:21:18.366+0000][1][safepoint    ] Safepoint "GenCollectForAllocation", Time since last: 518974720 ns, Reaching safepoint: 72370 ns, At safepoint: 22009883 ns, Total: 22082253 ns
[2020-02-29T06:21:18.369+0000][1][safepoint    ] Safepoint "RevokeBias", Time since last: 2786608 ns, Reaching safepoint: 68515 ns, At safepoint: 17590 ns, Total: 86105 ns
[2020-02-29T06:21:19.370+0000][1][safepoint    ] Safepoint "Cleanup", Time since last: 1000484735 ns, Reaching safepoint: 95632 ns, At safepoint: 9665 ns, Total: 105297 ns
[2020-02-29T06:21:20.375+0000][1][safepoint    ] Safepoint "Cleanup", Time since last: 1005586211 ns, Reaching safepoint: 69501 ns, At safepoint: 4823 ns, Total: 74324 ns
[2020-02-29T06:21:20.895+0000][1][safepoint    ] Safepoint "RevokeBias", Time since last: 520103646 ns, Reaching safepoint: 81159 ns, At safepoint: 22983 ns, Total: 104142 ns
[2020-02-29T06:21:21.905+0000][1][safepoint    ] Safepoint "Cleanup", Time since last: 1009554720 ns, Reaching safepoint: 60946 ns, At safepoint: 7154 ns, Total: 68100 ns
[2020-02-29T06:21:22.906+0000][1][safepoint    ] Safepoint "Cleanup", Time since last: 1000886404 ns, Reaching safepoint: 61523 ns, At safepoint: 5770 ns, Total: 67293 ns
[2020-02-29T06:21:23.390+0000][1][safepoint    ] Safepoint "RevokeBias", Time since last: 484219729 ns, Reaching safepoint: 71906 ns, At safepoint: 16699 ns, Total: 88605 ns
[2020-02-29T06:21:24.399+0000][1][safepoint    ] Safepoint "Cleanup", Time since last: 1008811701 ns, Reaching safepoint: 75620 ns, At safepoint: 7248 ns, Total: 82868 ns
[2020-02-29T06:21:25.400+0000][1][safepoint    ] Safepoint "Cleanup", Time since last: 1000623641 ns, Reaching safepoint: 76260 ns, At safepoint: 7842 ns, Total: 84102 ns
[2020-02-29T06:21:25.902+0000][1][safepoint    ] Safepoint "RevokeBias", Time since last: 502210301 ns, Reaching safepoint: 54349 ns, At safepoint: 16909 ns, Total: 71258 ns
[2020-02-29T06:21:26.907+0000][1][safepoint    ] Safepoint "Cleanup", Time since last: 1004484805 ns, Reaching safepoint: 125091 ns, At safepoint: 10665 ns, Total: 135756 ns
[2020-02-29T06:21:27.912+0000][1][safepoint    ] Safepoint "Cleanup", Time since last: 1005179156 ns, Reaching safepoint: 64179 ns, At safepoint: 6941 ns, Total: 71120 ns
[2020-02-29T06:21:28.417+0000][1][safepoint    ] Safepoint "BulkRevokeBias", Time since last: 504902808 ns, Reaching safepoint: 73413 ns, At safepoint: 184586 ns, Total: 257999 ns
[2020-02-29T06:21:29.423+0000][1][safepoint    ] Safepoint "Cleanup", Time since last: 1005977496 ns, Reaching safepoint: 59556 ns, At safepoint: 7002 ns, Total: 66558 ns
[2020-02-29T06:21:30.424+0000][1][safepoint    ] Safepoint "Cleanup", Time since last: 1000714173 ns, Reaching safepoint: 80974 ns, At safepoint: 8419 ns, Total: 89393 ns
[2020-02-29T06:21:30.928+0000][1][safepoint    ] Safepoint "RevokeBias", Time since last: 504138260 ns, Reaching safepoint: 75105 ns, At safepoint: 17940 ns, Total: 93045 ns
[2020-02-29T06:21:31.930+0000][1][safepoint    ] Safepoint "Cleanup", Time since last: 1001656479 ns, Reaching safepoint: 77276 ns, At safepoint: 6906 ns, Total: 84182 ns
[2020-02-29T06:21:32.931+0000][1][safepoint    ] Safepoint "Cleanup", Time since last: 1001250552 ns, Reaching safepoint: 59041 ns, At safepoint: 6425 ns, Total: 65466 ns
[2020-02-29T06:21:33.442+0000][1][safepoint    ] Safepoint "RevokeBias", Time since last: 510088410 ns, Reaching safepoint: 52805 ns, At safepoint: 15663 ns, Total: 68468 ns
[2020-02-29T06:21:34.445+0000][1][safepoint    ] Safepoint "Cleanup", Time since last: 1003526996 ns, Reaching safepoint: 73609 ns, At safepoint: 7325 ns, Total: 80934 ns
[2020-02-29T06:21:35.446+0000][1][safepoint    ] Safepoint "Cleanup", Time since last: 1000952517 ns, Reaching safepoint: 76688 ns, At safepoint: 7592 ns, Total: 84280 ns
[2020-02-29T06:21:35.962+0000][1][safepoint    ] Safepoint "RevokeBias", Time since last: 515853569 ns, Reaching safepoint: 70901 ns, At safepoint: 17858 ns, Total: 88759 ns
[2020-02-29T06:21:36.963+0000][1][safepoint    ] Safepoint "Cleanup", Time since last: 1000618742 ns, Reaching safepoint: 74383 ns, At safepoint: 6371 ns, Total: 80754 ns
[2020-02-29T06:21:37.963+0000][1][safepoint    ] Safepoint "Cleanup", Time since last: 1000197683 ns, Reaching safepoint: 80028 ns, At safepoint: 8452 ns, Total: 88480 ns
[2020-02-29T06:21:38.478+0000][1][safepoint    ] Safepoint "RevokeBias", Time since last: 514280519 ns, Reaching safepoint: 52922 ns, At safepoint: 15594 ns, Total: 68516 ns
[2020-02-29T06:21:39.481+0000][1][safepoint    ] Safepoint "Cleanup", Time since last: 1003695916 ns, Reaching safepoint: 76558 ns, At safepoint: 7543 ns, Total: 84101 ns
[2020-02-29T06:21:40.490+0000][1][safepoint    ] Safepoint "Cleanup", Time since last: 1009117372 ns, Reaching safepoint: 80478 ns, At safepoint: 7823 ns, Total: 88301 ns
[2020-02-29T06:21:40.988+0000][1][safepoint    ] Safepoint "RevokeBias", Time since last: 497523849 ns, Reaching safepoint: 70375 ns, At safepoint: 17634 ns, Total: 88009 ns
[2020-02-29T06:21:41.989+0000][1][safepoint    ] Safepoint "Cleanup", Time since last: 1000477967 ns, Reaching safepoint: 86364 ns, At safepoint: 10790 ns, Total: 97154 ns
[2020-02-29T06:21:42.989+0000][1][safepoint    ] Safepoint "Cleanup", Time since last: 1000480088 ns, Reaching safepoint: 76524 ns, At safepoint: 7568 ns, Total: 84092 ns
[2020-02-29T06:21:43.499+0000][1][safepoint    ] Safepoint "RevokeBias", Time since last: 510034518 ns, Reaching safepoint: 70370 ns, At safepoint: 17066 ns, Total: 87436 ns
[2020-02-29T06:21:44.501+0000][1][safepoint    ] Safepoint "Cleanup", Time since last: 1001454896 ns, Reaching safepoint: 58769 ns, At safepoint: 6599 ns, Total: 65368 ns
[2020-02-29T06:21:45.505+0000][1][safepoint    ] Safepoint "Cleanup", Time since last: 1004352195 ns, Reaching safepoint: 61033 ns, At safepoint: 6697 ns, Total: 67730 ns
[2020-02-29T06:21:46.013+0000][1][safepoint    ] Safepoint "RevokeBias", Time since last: 507564124 ns, Reaching safepoint: 53313 ns, At safepoint: 16401 ns, Total: 69714 ns
[2020-02-29T06:21:47.017+0000][1][safepoint    ] Safepoint "Cleanup", Time since last: 1004322001 ns, Reaching safepoint: 58125 ns, At safepoint: 6713 ns, Total: 64838 ns
[2020-02-29T06:21:48.022+0000][1][safepoint    ] Safepoint "Cleanup", Time since last: 1004843914 ns, Reaching safepoint: 60722 ns, At safepoint: 7017 ns, Total: 67739 ns
[2020-02-29T06:21:48.528+0000][1][safepoint    ] Safepoint "RevokeBias", Time since last: 505880304 ns, Reaching safepoint: 78288 ns, At safepoint: 19649 ns, Total: 97937 ns
[2020-02-29T06:21:49.529+0000][1][safepoint    ] Safepoint "Cleanup", Time since last: 1000559772 ns, Reaching safepoint: 74940 ns, At safepoint: 6989 ns, Total: 81929 ns
[2020-02-29T06:21:50.530+0000][1][safepoint    ] Safepoint "Cleanup", Time since last: 1000899194 ns, Reaching safepoint: 75362 ns, At safepoint: 7767 ns, Total: 83129 ns
[2020-02-29T06:21:51.049+0000][1][safepoint    ] Safepoint "RevokeBias", Time since last: 519369928 ns, Reaching safepoint: 70974 ns, At safepoint: 17123 ns, Total: 88097 ns
[2020-02-29T06:21:52.056+0000][1][safepoint    ] Safepoint "Cleanup", Time since last: 1006554169 ns, Reaching safepoint: 74071 ns, At safepoint: 6936 ns, Total: 81007 ns
[2020-02-29T06:21:53.066+0000][1][safepoint    ] Safepoint "Cleanup", Time since last: 1010058707 ns, Reaching safepoint: 156116 ns, At safepoint: 25989 ns, Total: 182105 ns
[2020-02-29T06:21:53.572+0000][1][safepoint    ] Safepoint "RevokeBias", Time since last: 505914930 ns, Reaching safepoint: 54198 ns, At safepoint: 16098 ns, Total: 70296 ns
[2020-02-29T06:21:54.582+0000][1][safepoint    ] Safepoint "Cleanup", Time since last: 1009861482 ns, Reaching safepoint: 145818 ns, At safepoint: 27441 ns, Total: 173259 ns
[2020-02-29T06:21:55.592+0000][1][safepoint    ] Safepoint "Cleanup", Time since last: 1010085976 ns, Reaching safepoint: 74837 ns, At safepoint: 6254 ns, Total: 81091 ns
[2020-02-29T06:21:56.092+0000][1][safepoint    ] Safepoint "RevokeBias", Time since last: 499495770 ns, Reaching safepoint: 73009 ns, At safepoint: 43709 ns, Total: 116718 ns
[2020-02-29T06:21:57.093+0000][1][safepoint    ] Safepoint "Cleanup", Time since last: 1001426932 ns, Reaching safepoint: 75384 ns, At safepoint: 7047 ns, Total: 82431 ns
[2020-02-29T06:21:58.111+0000][1][safepoint    ] Safepoint "Cleanup", Time since last: 1011479113 ns, Reaching safepoint: 6291396 ns, At safepoint: 9810 ns, Total: 6301206 ns
[2020-02-29T06:21:58.614+0000][1][safepoint    ] Safepoint "RevokeBias", Time since last: 502615908 ns, Reaching safepoint: 70988 ns, At safepoint: 32341 ns, Total: 103329 ns
[2020-02-29T06:21:59.615+0000][1][safepoint    ] Safepoint "Cleanup", Time since last: 1000858093 ns, Reaching safepoint: 79110 ns, At safepoint: 21483 ns, Total: 100593 ns
[2020-02-29T06:22:00.618+0000][1][safepoint    ] Safepoint "Cleanup", Time since last: 1003049930 ns, Reaching safepoint: 60709 ns, At safepoint: 7181 ns, Total: 67890 ns
[2020-02-29T06:22:01.122+0000][1][safepoint    ] Safepoint "RevokeBias", Time since last: 504348389 ns, Reaching safepoint: 73350 ns, At safepoint: 16987 ns, Total: 90337 ns
[2020-02-29T06:22:02.123+0000][1][safepoint    ] Safepoint "Cleanup", Time since last: 1000507904 ns, Reaching safepoint: 91083 ns, At safepoint: 10520 ns, Total: 101603 ns
[2020-02-29T06:22:03.126+0000][1][safepoint    ] Safepoint "Cleanup", Time since last: 1003146516 ns, Reaching safepoint: 78662 ns, At safepoint: 6989 ns, Total: 85651 ns
[2020-02-29T06:22:03.631+0000][1][safepoint    ] Safepoint "RevokeBias", Time since last: 504946791 ns, Reaching safepoint: 54178 ns, At safepoint: 65893 ns, Total: 120071 ns
[2020-02-29T06:22:04.634+0000][1][safepoint    ] Safepoint "Cleanup", Time since last: 1002761105 ns, Reaching safepoint: 61596 ns, At safepoint: 7586 ns, Total: 69182 ns
[2020-02-29T06:22:05.635+0000][1][safepoint    ] Safepoint "Cleanup", Time since last: 1000819256 ns, Reaching safepoint: 188497 ns, At safepoint: 21229 ns, Total: 209726 ns
[2020-02-29T06:22:06.163+0000][1][safepoint    ] Safepoint "RevokeBias", Time since last: 527242971 ns, Reaching safepoint: 73721 ns, At safepoint: 19495 ns, Total: 93216 ns
[2020-02-29T06:22:07.163+0000][1][safepoint    ] Safepoint "Cleanup", Time since last: 1000532418 ns, Reaching safepoint: 59217 ns, At safepoint: 7180 ns, Total: 66397 ns
[2020-02-29T06:22:08.174+0000][1][safepoint    ] Safepoint "Cleanup", Time since last: 1010832327 ns, Reaching safepoint: 61656 ns, At safepoint: 7164 ns, Total: 68820 ns
[2020-02-29T06:22:08.683+0000][1][safepoint    ] Safepoint "RevokeBias", Time since last: 509179337 ns, Reaching safepoint: 57933 ns, At safepoint: 18879 ns, Total: 76812 ns
[2020-02-29T06:22:09.689+0000][1][safepoint    ] Safepoint "Cleanup", Time since last: 1005716079 ns, Reaching safepoint: 59021 ns, At safepoint: 7067 ns, Total: 66088 ns
[2020-02-29T06:22:10.694+0000][1][safepoint    ] Safepoint "Cleanup", Time since last: 1005035757 ns, Reaching safepoint: 108013 ns, At safepoint: 7002 ns, Total: 115015 ns
[2020-02-29T06:22:11.208+0000][1][safepoint    ] Safepoint "RevokeBias", Time since last: 513444505 ns, Reaching safepoint: 89916 ns, At safepoint: 56044 ns, Total: 145960 ns
[2020-02-29T06:22:12.212+0000][1][safepoint    ] Safepoint "Cleanup", Time since last: 1004334207 ns, Reaching safepoint: 75731 ns, At safepoint: 7643 ns, Total: 83374 ns
[2020-02-29T06:22:13.217+0000][1][safepoint    ] Safepoint "Cleanup", Time since last: 1004891809 ns, Reaching safepoint: 62173 ns, At safepoint: 7469 ns, Total: 69642 ns
[2020-02-29T06:22:13.723+0000][1][safepoint    ] Safepoint "RevokeBias", Time since last: 505535118 ns, Reaching safepoint: 231317 ns, At safepoint: 52001 ns, Total: 283318 ns
[2020-02-29T06:22:14.726+0000][1][safepoint    ] Safepoint "Cleanup", Time since last: 1002627417 ns, Reaching safepoint: 171452 ns, At safepoint: 7953 ns, Total: 179405 ns
[2020-02-29T06:22:15.731+0000][1][safepoint    ] Safepoint "Cleanup", Time since last: 1005223142 ns, Reaching safepoint: 90212 ns, At safepoint: 6402 ns, Total: 96614 ns
[2020-02-29T06:22:16.251+0000][1][safepoint    ] Safepoint "RevokeBias", Time since last: 519865201 ns, Reaching safepoint: 71376 ns, At safepoint: 39955 ns, Total: 111331 ns
[2020-02-29T06:22:17.262+0000][1][safepoint    ] Safepoint "Cleanup", Time since last: 1010514332 ns, Reaching safepoint: 62318 ns, At safepoint: 7577 ns, Total: 69895 ns
[2020-02-29T06:22:18.269+0000][1][safepoint    ] Safepoint "Cleanup", Time since last: 1006983975 ns, Reaching safepoint: 134635 ns, At safepoint: 10223 ns, Total: 144858 ns
[2020-02-29T06:22:18.773+0000][1][safepoint    ] Safepoint "RevokeBias", Time since last: 504117477 ns, Reaching safepoint: 51765 ns, At safepoint: 15683 ns, Total: 67448 ns
[2020-02-29T06:22:19.777+0000][1][safepoint    ] Safepoint "Cleanup", Time since last: 1003989261 ns, Reaching safepoint: 79250 ns, At safepoint: 7781 ns, Total: 87031 ns
[2020-02-29T06:22:20.781+0000][1][safepoint    ] Safepoint "Cleanup", Time since last: 1003927411 ns, Reaching safepoint: 127287 ns, At safepoint: 10973 ns, Total: 138260 ns
[2020-02-29T06:22:21.288+0000][1][safepoint    ] Safepoint "RevokeBias", Time since last: 506155119 ns, Reaching safepoint: 117415 ns, At safepoint: 20430 ns, Total: 137845 ns
[2020-02-29T06:22:22.289+0000][1][safepoint    ] Safepoint "Cleanup", Time since last: 1001661101 ns, Reaching safepoint: 76244 ns, At safepoint: 7327 ns, Total: 83571 ns
[2020-02-29T06:22:23.291+0000][1][safepoint    ] Safepoint "Cleanup", Time since last: 1001917079 ns, Reaching safepoint: 58437 ns, At safepoint: 5863 ns, Total: 64300 ns
[2020-02-29T06:22:23.811+0000][1][safepoint    ] Safepoint "RevokeBias", Time since last: 519845201 ns, Reaching safepoint: 76914 ns, At safepoint: 16910 ns, Total: 93824 ns
[2020-02-29T06:22:25.382+0000][1][safepoint    ] Safepoint "Cleanup", Time since last: 1571155322 ns, Reaching safepoint: 114225 ns, At safepoint: 8700 ns, Total: 122925 ns
[2020-02-29T06:22:26.329+0000][1][safepoint    ] Safepoint "RevokeBias", Time since last: 946382749 ns, Reaching safepoint: 71866 ns, At safepoint: 18310 ns, Total: 90176 ns
[2020-02-29T06:22:27.331+0000][1][safepoint    ] Safepoint "Cleanup", Time since last: 1002303629 ns, Reaching safepoint: 94325 ns, At safepoint: 8832 ns, Total: 103157 ns
[2020-02-29T06:22:28.332+0000][1][safepoint    ] Safepoint "Cleanup", Time since last: 1000525800 ns, Reaching safepoint: 60608 ns, At safepoint: 6565 ns, Total: 67173 ns
[2020-02-29T06:22:28.848+0000][1][safepoint    ] Safepoint "RevokeBias", Time since last: 516078424 ns, Reaching safepoint: 70354 ns, At safepoint: 17297 ns, Total: 87651 ns
[2020-02-29T06:22:29.849+0000][1][safepoint    ] Safepoint "Cleanup", Time since last: 1000688994 ns, Reaching safepoint: 194050 ns, At safepoint: 13558 ns, Total: 207608 ns
[2020-02-29T06:22:30.850+0000][1][safepoint    ] Safepoint "Cleanup", Time since last: 1000755001 ns, Reaching safepoint: 81902 ns, At safepoint: 8419 ns, Total: 90321 ns
[2020-02-29T06:22:31.362+0000][1][safepoint    ] Safepoint "RevokeBias", Time since last: 511817366 ns, Reaching safepoint: 71757 ns, At safepoint: 17495 ns, Total: 89252 ns
[2020-02-29T06:22:32.366+0000][1][safepoint    ] Safepoint "Cleanup", Time since last: 1003670197 ns, Reaching safepoint: 169664 ns, At safepoint: 26276 ns, Total: 195940 ns
[2020-02-29T06:22:33.368+0000][1][safepoint    ] Safepoint "Cleanup", Time since last: 1002306262 ns, Reaching safepoint: 77476 ns, At safepoint: 6073 ns, Total: 83549 ns
[2020-02-29T06:22:33.882+0000][1][safepoint    ] Safepoint "RevokeBias", Time since last: 513528892 ns, Reaching safepoint: 68971 ns, At safepoint: 17879 ns, Total: 86850 ns
[2020-02-29T06:22:34.884+0000][1][safepoint    ] Safepoint "Cleanup", Time since last: 1002484576 ns, Reaching safepoint: 56559 ns, At safepoint: 5745 ns, Total: 62304 ns
[2020-02-29T06:22:35.885+0000][1][safepoint    ] Safepoint "Cleanup", Time since last: 1000873076 ns, Reaching safepoint: 94408 ns, At safepoint: 7341 ns, Total: 101749 ns
[2020-02-29T06:22:36.399+0000][1][safepoint    ] Safepoint "RevokeBias", Time since last: 513769914 ns, Reaching safepoint: 72606 ns, At safepoint: 115714 ns, Total: 188320 ns
[2020-02-29T06:22:37.405+0000][1][safepoint    ] Safepoint "Cleanup", Time since last: 1006140872 ns, Reaching safepoint: 76097 ns, At safepoint: 7558 ns, Total: 83655 ns
[2020-02-29T06:22:38.406+0000][1][safepoint    ] Safepoint "Cleanup", Time since last: 1000943591 ns, Reaching safepoint: 60083 ns, At safepoint: 7132 ns, Total: 67215 ns
[2020-02-29T06:22:38.912+0000][1][safepoint    ] Safepoint "RevokeBias", Time since last: 505823052 ns, Reaching safepoint: 96082 ns, At safepoint: 19464 ns, Total: 115546 ns
[2020-02-29T06:22:39.913+0000][1][safepoint    ] Safepoint "Cleanup", Time since last: 1000608486 ns, Reaching safepoint: 93063 ns, At safepoint: 7132 ns, Total: 100195 ns
[2020-02-29T06:22:40.918+0000][1][safepoint    ] Safepoint "Cleanup", Time since last: 1005269312 ns, Reaching safepoint: 72788 ns, At safepoint: 5946 ns, Total: 78734 ns
[2020-02-29T06:22:41.429+0000][1][safepoint    ] Safepoint "BulkRevokeBias", Time since last: 510321306 ns, Reaching safepoint: 125138 ns, At safepoint: 334224 ns, Total: 459362 ns
[2020-02-29T06:22:42.430+0000][1][safepoint    ] Safepoint "Cleanup", Time since last: 1000551038 ns, Reaching safepoint: 58295 ns, At safepoint: 5638 ns, Total: 63933 ns
[2020-02-29T06:22:43.435+0000][1][safepoint    ] Safepoint "Cleanup", Time since last: 1004976358 ns, Reaching safepoint: 71780 ns, At safepoint: 6349 ns, Total: 78129 ns
[2020-02-29T06:22:43.952+0000][1][safepoint    ] Safepoint "RevokeBias", Time since last: 516869053 ns, Reaching safepoint: 73428 ns, At safepoint: 17818 ns, Total: 91246 ns
[2020-02-29T06:22:44.960+0000][1][safepoint    ] Safepoint "Cleanup", Time since last: 1008326144 ns, Reaching safepoint: 146769 ns, At safepoint: 11302 ns, Total: 158071 ns
[2020-02-29T06:22:45.961+0000][1][safepoint    ] Safepoint "Cleanup", Time since last: 1000941285 ns, Reaching safepoint: 61095 ns, At safepoint: 7337 ns, Total: 68432 ns
[2020-02-29T06:22:46.470+0000][1][safepoint    ] Safepoint "RevokeBias", Time since last: 508892373 ns, Reaching safepoint: 99181 ns, At safepoint: 19025 ns, Total: 118206 ns
[2020-02-29T06:22:47.471+0000][1][safepoint    ] Safepoint "Cleanup", Time since last: 1000801421 ns, Reaching safepoint: 59739 ns, At safepoint: 7377 ns, Total: 67116 ns
[2020-02-29T06:22:48.481+0000][1][safepoint    ] Safepoint "Cleanup", Time since last: 1009897902 ns, Reaching safepoint: 69040 ns, At safepoint: 8890 ns, Total: 77930 ns
[2020-02-29T06:22:48.978+0000][1][safepoint    ] Safepoint "RevokeBias", Time since last: 496957319 ns, Reaching safepoint: 91200 ns, At safepoint: 19775 ns, Total: 110975 ns
[2020-02-29T06:22:50.101+0000][1][safepoint    ] Safepoint "Cleanup", Time since last: 1122782781 ns, Reaching safepoint: 84415 ns, At safepoint: 8056 ns, Total: 92471 ns
[2020-02-29T06:22:51.102+0000][1][safepoint    ] Safepoint "Cleanup", Time since last: 1000437466 ns, Reaching safepoint: 81230 ns, At safepoint: 8132 ns, Total: 89362 ns
[2020-02-29T06:22:51.503+0000][1][safepoint    ] Safepoint "RevokeBias", Time since last: 401020009 ns, Reaching safepoint: 70514 ns, At safepoint: 16853 ns, Total: 87367 ns
[2020-02-29T06:22:52.503+0000][1][safepoint    ] Safepoint "Cleanup", Time since last: 1000413323 ns, Reaching safepoint: 64445 ns, At safepoint: 5989 ns, Total: 70434 ns
[2020-02-29T06:22:53.504+0000][1][safepoint    ] Safepoint "Cleanup", Time since last: 1000728598 ns, Reaching safepoint: 219881 ns, At safepoint: 7635 ns, Total: 227516 ns
[2020-02-29T06:22:54.020+0000][1][safepoint    ] Safepoint "RevokeBias", Time since last: 515957756 ns, Reaching safepoint: 56906 ns, At safepoint: 35885 ns, Total: 92791 ns
[2020-02-29T06:22:55.023+0000][1][safepoint    ] Safepoint "Cleanup", Time since last: 1002409014 ns, Reaching safepoint: 56639 ns, At safepoint: 6567 ns, Total: 63206 ns
[2020-02-29T06:22:56.031+0000][1][safepoint    ] Safepoint "Cleanup", Time since last: 1008398444 ns, Reaching safepoint: 94873 ns, At safepoint: 6582 ns, Total: 101455 ns
[2020-02-29T06:22:56.550+0000][1][safepoint    ] Safepoint "RevokeBias", Time since last: 518251236 ns, Reaching safepoint: 196164 ns, At safepoint: 53240 ns, Total: 249404 ns
[2020-02-29T06:22:57.555+0000][1][safepoint    ] Safepoint "Cleanup", Time since last: 1005472902 ns, Reaching safepoint: 74962 ns, At safepoint: 6773 ns, Total: 81735 ns
[2020-02-29T06:22:58.556+0000][1][safepoint    ] Safepoint "Cleanup", Time since last: 1000974657 ns, Reaching safepoint: 76984 ns, At safepoint: 7394 ns, Total: 84378 ns
[2020-02-29T06:22:59.070+0000][1][safepoint    ] Safepoint "RevokeBias", Time since last: 514102330 ns, Reaching safepoint: 70613 ns, At safepoint: 17623 ns, Total: 88236 ns
[2020-02-29T06:23:00.072+0000][1][safepoint    ] Safepoint "Cleanup", Time since last: 1001649210 ns, Reaching safepoint: 76698 ns, At safepoint: 7905 ns, Total: 84603 ns
[2020-02-29T06:23:01.074+0000][1][safepoint    ] Safepoint "Cleanup", Time since last: 1001685954 ns, Reaching safepoint: 78060 ns, At safepoint: 8164 ns, Total: 86224 ns
[2020-02-29T06:23:01.591+0000][1][safepoint    ] Safepoint "RevokeBias", Time since last: 517229872 ns, Reaching safepoint: 80692 ns, At safepoint: 18200 ns, Total: 98892 ns
[2020-02-29T06:23:02.600+0000][1][safepoint    ] Safepoint "Cleanup", Time since last: 1009012486 ns, Reaching safepoint: 77833 ns, At safepoint: 7047 ns, Total: 84880 ns
[2020-02-29T06:23:03.605+0000][1][safepoint    ] Safepoint "Cleanup", Time since last: 1004628899 ns, Reaching safepoint: 74318 ns, At safepoint: 6037 ns, Total: 80355 ns
[2020-02-29T06:23:04.114+0000][1][safepoint    ] Safepoint "RevokeBias", Time since last: 509178521 ns, Reaching safepoint: 71100 ns, At safepoint: 17632 ns, Total: 88732 ns
[2020-02-29T06:23:05.115+0000][1][safepoint    ] Safepoint "Cleanup", Time since last: 1000662071 ns, Reaching safepoint: 78803 ns, At safepoint: 8619 ns, Total: 87422 ns
[2020-02-29T06:23:06.116+0000][1][safepoint    ] Safepoint "Cleanup", Time since last: 1000314381 ns, Reaching safepoint: 120574 ns, At safepoint: 10411 ns, Total: 130985 ns
[2020-02-29T06:23:06.630+0000][1][safepoint    ] Safepoint "RevokeBias", Time since last: 514183666 ns, Reaching safepoint: 122099 ns, At safepoint: 53748 ns, Total: 175847 ns
[2020-02-29T06:23:07.634+0000][1][safepoint    ] Safepoint "Cleanup", Time since last: 1004222919 ns, Reaching safepoint: 79026 ns, At safepoint: 8304 ns, Total: 87330 ns
[2020-02-29T06:23:08.636+0000][1][safepoint    ] Safepoint "Cleanup", Time since last: 1001811475 ns, Reaching safepoint: 60212 ns, At safepoint: 6361 ns, Total: 66573 ns
[2020-02-29T06:23:09.151+0000][1][safepoint    ] Safepoint "RevokeBias", Time since last: 510244716 ns, Reaching safepoint: 4610734 ns, At safepoint: 19272 ns, Total: 4630006 ns
[2020-02-29T06:23:10.151+0000][1][safepoint    ] Safepoint "Cleanup", Time since last: 1000292596 ns, Reaching safepoint: 86921 ns, At safepoint: 9715 ns, Total: 96636 ns
[2020-02-29T06:23:11.152+0000][1][safepoint    ] Safepoint "Cleanup", Time since last: 1000688966 ns, Reaching safepoint: 78023 ns, At safepoint: 7340 ns, Total: 85363 ns
[2020-02-29T06:23:11.663+0000][1][safepoint    ] Safepoint "RevokeBias", Time since last: 511287347 ns, Reaching safepoint: 52125 ns, At safepoint: 15597 ns, Total: 67722 ns
[2020-02-29T06:23:12.664+0000][1][safepoint    ] Safepoint "Cleanup", Time since last: 1000262905 ns, Reaching safepoint: 129673 ns, At safepoint: 21756 ns, Total: 151429 ns
[2020-02-29T06:23:13.669+0000][1][safepoint    ] Safepoint "Cleanup", Time since last: 1004873112 ns, Reaching safepoint: 74979 ns, At safepoint: 6892 ns, Total: 81871 ns
[2020-02-29T06:23:14.172+0000][1][safepoint    ] Safepoint "RevokeBias", Time since last: 502711234 ns, Reaching safepoint: 95817 ns, At safepoint: 20703 ns, Total: 116520 ns
[2020-02-29T06:23:15.172+0000][1][safepoint    ] Safepoint "Cleanup", Time since last: 1000330217 ns, Reaching safepoint: 76130 ns, At safepoint: 7191 ns, Total: 83321 ns
[2020-02-29T06:23:16.173+0000][1][safepoint    ] Safepoint "Cleanup", Time since last: 1000370576 ns, Reaching safepoint: 78509 ns, At safepoint: 8290 ns, Total: 86799 ns
[2020-02-29T06:23:16.682+0000][1][safepoint    ] Safepoint "RevokeBias", Time since last: 509723625 ns, Reaching safepoint: 92230 ns, At safepoint: 26437 ns, Total: 118667 ns
[2020-02-29T06:23:17.685+0000][1][safepoint    ] Safepoint "Cleanup", Time since last: 1002839270 ns, Reaching safepoint: 60791 ns, At safepoint: 7148 ns, Total: 67939 ns
[2020-02-29T06:23:18.689+0000][1][safepoint    ] Safepoint "Cleanup", Time since last: 1003760232 ns, Reaching safepoint: 56518 ns, At safepoint: 6206 ns, Total: 62724 ns
[2020-02-29T06:23:19.196+0000][1][safepoint    ] Safepoint "RevokeBias", Time since last: 506371600 ns, Reaching safepoint: 90351 ns, At safepoint: 17542 ns, Total: 107893 ns
[2020-02-29T06:23:20.199+0000][1][safepoint    ] Safepoint "Cleanup", Time since last: 1003355327 ns, Reaching safepoint: 76824 ns, At safepoint: 7581 ns, Total: 84405 ns
[2020-02-29T06:23:21.200+0000][1][safepoint    ] Safepoint "Cleanup", Time since last: 1001207823 ns, Reaching safepoint: 59406 ns, At safepoint: 6701 ns, Total: 66107 ns
[2020-02-29T06:23:21.709+0000][1][safepoint    ] Safepoint "RevokeBias", Time since last: 508984528 ns, Reaching safepoint: 71218 ns, At safepoint: 18955 ns, Total: 90173 ns
[2020-02-29T06:23:22.715+0000][1][safepoint    ] Safepoint "Cleanup", Time since last: 1005935528 ns, Reaching safepoint: 114776 ns, At safepoint: 8709 ns, Total: 123485 ns
[2020-02-29T06:23:23.716+0000][1][safepoint    ] Safepoint "Cleanup", Time since last: 1000421446 ns, Reaching safepoint: 60968 ns, At safepoint: 7321 ns, Total: 68289 ns
[2020-02-29T06:23:24.234+0000][1][safepoint    ] Safepoint "RevokeBias", Time since last: 518113177 ns, Reaching safepoint: 53288 ns, At safepoint: 15690 ns, Total: 68978 ns
[2020-02-29T06:23:25.242+0000][1][safepoint    ] Safepoint "Cleanup", Time since last: 1008253757 ns, Reaching safepoint: 76176 ns, At safepoint: 7074 ns, Total: 83250 ns
[2020-02-29T06:23:26.251+0000][1][safepoint    ] Safepoint "Cleanup", Time since last: 1008249489 ns, Reaching safepoint: 73804 ns, At safepoint: 7357 ns, Total: 81161 ns
[2020-02-29T06:23:26.751+0000][1][safepoint    ] Safepoint "RevokeBias", Time since last: 500165759 ns, Reaching safepoint: 53013 ns, At safepoint: 15323 ns, Total: 68336 ns
[2020-02-29T06:23:27.752+0000][1][safepoint    ] Safepoint "Cleanup", Time since last: 1000874486 ns, Reaching safepoint: 81254 ns, At safepoint: 8803 ns, Total: 90057 ns
[2020-02-29T06:23:28.757+0000][1][safepoint    ] Safepoint "Cleanup", Time since last: 1004729270 ns, Reaching safepoint: 73001 ns, At safepoint: 7417 ns, Total: 80418 ns
[2020-02-29T06:23:29.276+0000][1][safepoint    ] Safepoint "RevokeBias", Time since last: 519209527 ns, Reaching safepoint: 52030 ns, At safepoint: 15992 ns, Total: 68022 ns
[2020-02-29T06:23:30.280+0000][1][safepoint    ] Safepoint "Cleanup", Time since last: 1003619415 ns, Reaching safepoint: 141126 ns, At safepoint: 8788 ns, Total: 149914 ns
[2020-02-29T06:23:31.284+0000][1][safepoint    ] Safepoint "Cleanup", Time since last: 1004057776 ns, Reaching safepoint: 129979 ns, At safepoint: 27162 ns, Total: 157141 ns
[2020-02-29T06:23:31.791+0000][1][safepoint    ] Safepoint "RevokeBias", Time since last: 506995033 ns, Reaching safepoint: 69419 ns, At safepoint: 16842 ns, Total: 86261 ns
[2020-02-29T06:23:32.812+0000][1][safepoint    ] Safepoint "Cleanup", Time since last: 1020911608 ns, Reaching safepoint: 76884 ns, At safepoint: 6309 ns, Total: 83193 ns
[2020-02-29T06:23:33.813+0000][1][safepoint    ] Safepoint "Cleanup", Time since last: 1000752390 ns, Reaching safepoint: 88405 ns, At safepoint: 5799 ns, Total: 94204 ns
[2020-02-29T06:23:34.436+0000][1][safepoint    ] Safepoint "RevokeBias", Time since last: 501903203 ns, Reaching safepoint: 121368468 ns, At safepoint: 26339 ns, Total: 121394807 ns
[2020-02-29T06:23:34.464+0000][1][gc,start     ] GC(72) Pause Young (Allocation Failure)
[2020-02-29T06:23:34.464+0000][1][gc,task      ] GC(72) Using 1 workers of 1 for evacuation
[2020-02-29T06:23:34.481+0000][1][gc,age       ] GC(72) Desired survivor size 4358144 bytes, new threshold 6 (max threshold 6)
[2020-02-29T06:23:34.481+0000][1][gc,age       ] GC(72) Age table with threshold 6 (max threshold 6)
[2020-02-29T06:23:34.481+0000][1][gc,age       ] GC(72) - age   1:      11960 bytes,      11960 total
[2020-02-29T06:23:34.481+0000][1][gc,age       ] GC(72) - age   2:       1232 bytes,      13192 total
[2020-02-29T06:23:34.481+0000][1][gc,age       ] GC(72) - age   3:         72 bytes,      13264 total
[2020-02-29T06:23:34.481+0000][1][gc,age       ] GC(72) - age   4:       1512 bytes,      14776 total
[2020-02-29T06:23:34.481+0000][1][gc,age       ] GC(72) - age   5:        152 bytes,      14928 total
[2020-02-29T06:23:34.481+0000][1][gc,age       ] GC(72) - age   6:        600 bytes,      15528 total
[2020-02-29T06:23:34.481+0000][1][gc,heap      ] GC(72) ParNew: 68176K->29K(76672K)
[2020-02-29T06:23:34.481+0000][1][gc,heap      ] GC(72) CMS: 62567K->62567K(963392K)
[2020-02-29T06:23:34.481+0000][1][gc,metaspace ] GC(72) Metaspace: 79844K->79844K(1122304K)
[2020-02-29T06:23:34.481+0000][1][gc           ] GC(72) Pause Young (Allocation Failure) 127M->61M(1015M) 17.718ms
[2020-02-29T06:23:34.481+0000][1][gc,cpu       ] GC(72) User=0.01s Sys=0.00s Real=0.01s
[2020-02-29T06:23:34.481+0000][1][safepoint    ] Safepoint "GenCollectForAllocation", Time since last: 20890205 ns, Reaching safepoint: 6336306 ns, At safepoint: 17780037 ns, Total: 24116343 ns
[2020-02-29T06:23:35.489+0000][1][safepoint    ] Safepoint "Cleanup", Time since last: 1008029167 ns, Reaching safepoint: 65815 ns, At safepoint: 7826 ns, Total: 73641 ns
[2020-02-29T06:23:36.492+0000][1][safepoint    ] Safepoint "Cleanup", Time since last: 1002945692 ns, Reaching safepoint: 93620 ns, At safepoint: 7429 ns, Total: 101049 ns
[2020-02-29T06:23:36.834+0000][1][safepoint    ] Safepoint "RevokeBias", Time since last: 341242366 ns, Reaching safepoint: 167240 ns, At safepoint: 35981 ns, Total: 203221 ns
[2020-02-29T06:23:37.844+0000][1][safepoint    ] Safepoint "Cleanup", Time since last: 1010473205 ns, Reaching safepoint: 89662 ns, At safepoint: 6361 ns, Total: 96023 ns
[2020-02-29T06:23:38.848+0000][1][safepoint    ] Safepoint "Cleanup", Time since last: 1003782697 ns, Reaching safepoint: 81523 ns, At safepoint: 7975 ns, Total: 89498 ns
[2020-02-29T06:23:39.352+0000][1][safepoint    ] Safepoint "RevokeBias", Time since last: 503747874 ns, Reaching safepoint: 54169 ns, At safepoint: 16137 ns, Total: 70306 ns
[2020-02-29T06:23:40.353+0000][1][safepoint    ] Safepoint "Cleanup", Time since last: 1000914572 ns, Reaching safepoint: 57759 ns, At safepoint: 5911 ns, Total: 63670 ns
[2020-02-29T06:23:41.355+0000][1][safepoint    ] Safepoint "Cleanup", Time since last: 1002107339 ns, Reaching safepoint: 59527 ns, At safepoint: 6556 ns, Total: 66083 ns
[2020-02-29T06:23:41.878+0000][1][safepoint    ] Safepoint "RevokeBias", Time since last: 522463064 ns, Reaching safepoint: 160226 ns, At safepoint: 135357 ns, Total: 295583 ns
[2020-02-29T06:23:42.887+0000][1][safepoint    ] Safepoint "Cleanup", Time since last: 1009147099 ns, Reaching safepoint: 84802 ns, At safepoint: 6313 ns, Total: 91115 ns
[2020-02-29T06:23:43.890+0000][1][safepoint    ] Safepoint "Cleanup", Time since last: 1002539247 ns, Reaching safepoint: 56647 ns, At safepoint: 6396 ns, Total: 63043 ns
[2020-02-29T06:23:44.388+0000][1][safepoint    ] Safepoint "RevokeBias", Time since last: 498223061 ns, Reaching safepoint: 71297 ns, At safepoint: 16729 ns, Total: 88026 ns
[2020-02-29T06:23:45.389+0000][1][safepoint    ] Safepoint "Cleanup", Time since last: 1000276448 ns, Reaching safepoint: 88021 ns, At safepoint: 9037 ns, Total: 97058 ns
[2020-02-29T06:23:46.392+0000][1][safepoint    ] Safepoint "Cleanup", Time since last: 1003526448 ns, Reaching safepoint: 87026 ns, At safepoint: 7978 ns, Total: 95004 ns
[2020-02-29T06:23:46.901+0000][1][safepoint    ] Safepoint "RevokeBias", Time since last: 508890876 ns, Reaching safepoint: 93858 ns, At safepoint: 35292 ns, Total: 129150 ns
[2020-02-29T06:23:47.905+0000][1][safepoint    ] Safepoint "Cleanup", Time since last: 1003557352 ns, Reaching safepoint: 73791 ns, At safepoint: 7320 ns, Total: 81111 ns
[2020-02-29T06:23:48.909+0000][1][safepoint    ] Safepoint "Cleanup", Time since last: 1004263798 ns, Reaching safepoint: 79843 ns, At safepoint: 8168 ns, Total: 88011 ns
[2020-02-29T06:23:49.428+0000][1][safepoint    ] Safepoint "RevokeBias", Time since last: 518581563 ns, Reaching safepoint: 133089 ns, At safepoint: 49174 ns, Total: 182263 ns
[2020-02-29T06:23:50.431+0000][1][safepoint    ] Safepoint "Cleanup", Time since last: 1002764249 ns, Reaching safepoint: 60329 ns, At safepoint: 6926 ns, Total: 67255 ns
[2020-02-29T06:23:51.436+0000][1][safepoint    ] Safepoint "Cleanup", Time since last: 1005490516 ns, Reaching safepoint: 77167 ns, At safepoint: 6949 ns, Total: 84116 ns
[2020-02-29T06:23:51.943+0000][1][safepoint    ] Safepoint "RevokeBias", Time since last: 506278534 ns, Reaching safepoint: 115558 ns, At safepoint: 36625 ns, Total: 152183 ns
[2020-02-29T06:23:52.943+0000][1][safepoint    ] Safepoint "Cleanup", Time since last: 1000207057 ns, Reaching safepoint: 61854 ns, At safepoint: 7470 ns, Total: 69324 ns
[2020-02-29T06:23:53.944+0000][1][safepoint    ] Safepoint "Cleanup", Time since last: 1001145317 ns, Reaching safepoint: 60004 ns, At safepoint: 6936 ns, Total: 66940 ns
[2020-02-29T06:23:54.467+0000][1][safepoint    ] Safepoint "BulkRevokeBias", Time since last: 522993773 ns, Reaching safepoint: 52708 ns, At safepoint: 140672 ns, Total: 193380 ns
[2020-02-29T06:23:55.472+0000][1][safepoint    ] Safepoint "Cleanup", Time since last: 1003891260 ns, Reaching safepoint: 166500 ns, At safepoint: 26958 ns, Total: 193458 ns
[2020-02-29T06:23:56.475+0000][1][safepoint    ] Safepoint "Cleanup", Time since last: 1003266381 ns, Reaching safepoint: 61086 ns, At safepoint: 7077 ns, Total: 68163 ns
[2020-02-29T06:23:56.985+0000][1][safepoint    ] Safepoint "RevokeBias", Time since last: 510033549 ns, Reaching safepoint: 51449 ns, At safepoint: 15465 ns, Total: 66914 ns
[2020-02-29T06:23:58.228+0000][1][safepoint    ] Safepoint "Cleanup", Time since last: 1242805506 ns, Reaching safepoint: 78578 ns, At safepoint: 7473 ns, Total: 86051 ns
[2020-02-29T06:23:59.235+0000][1][safepoint    ] Safepoint "Cleanup", Time since last: 1007295210 ns, Reaching safepoint: 79280 ns, At safepoint: 7885 ns, Total: 87165 ns
[2020-02-29T06:23:59.494+0000][1][safepoint    ] Safepoint "RevokeBias", Time since last: 258550088 ns, Reaching safepoint: 52608 ns, At safepoint: 15678 ns, Total: 68286 ns
[2020-02-29T06:24:00.502+0000][1][safepoint    ] Safepoint "Cleanup", Time since last: 1008413009 ns, Reaching safepoint: 59644 ns, At safepoint: 7124 ns, Total: 66768 ns
[2020-02-29T06:24:01.503+0000][1][safepoint    ] Safepoint "Cleanup", Time since last: 1000879951 ns, Reaching safepoint: 60998 ns, At safepoint: 6878 ns, Total: 67876 ns
[2020-02-29T06:24:02.000+0000][1][safepoint    ] Safepoint "RevokeBias", Time since last: 496165356 ns, Reaching safepoint: 71811 ns, At safepoint: 17849 ns, Total: 89660 ns
[2020-02-29T06:24:03.000+0000][1][safepoint    ] Safepoint "Cleanup", Time since last: 1000250600 ns, Reaching safepoint: 83338 ns, At safepoint: 10171 ns, Total: 93509 ns
[2020-02-29T06:24:04.004+0000][1][safepoint    ] Safepoint "Cleanup", Time since last: 1003958126 ns, Reaching safepoint: 56182 ns, At safepoint: 5393 ns, Total: 61575 ns
[2020-02-29T06:24:04.515+0000][1][safepoint    ] Safepoint "RevokeBias", Time since last: 510938055 ns, Reaching safepoint: 52029 ns, At safepoint: 15475 ns, Total: 67504 ns
[2020-02-29T06:24:05.518+0000][1][safepoint    ] Safepoint "Cleanup", Time since last: 1002423272 ns, Reaching safepoint: 109174 ns, At safepoint: 10754 ns, Total: 119928 ns
[2020-02-29T06:24:06.523+0000][1][safepoint    ] Safepoint "Cleanup", Time since last: 1005308565 ns, Reaching safepoint: 97690 ns, At safepoint: 7640 ns, Total: 105330 ns
[2020-02-29T06:24:07.037+0000][1][safepoint    ] Safepoint "RevokeBias", Time since last: 513855019 ns, Reaching safepoint: 54678 ns, At safepoint: 32643 ns, Total: 87321 ns
[2020-02-29T06:24:08.038+0000][1][safepoint    ] Safepoint "Cleanup", Time since last: 1000916319 ns, Reaching safepoint: 78649 ns, At safepoint: 7332 ns, Total: 85981 ns
[2020-02-29T06:24:09.039+0000][1][safepoint    ] Safepoint "Cleanup", Time since last: 1001030242 ns, Reaching safepoint: 76792 ns, At safepoint: 25153 ns, Total: 101945 ns
[2020-02-29T06:24:09.549+0000][1][safepoint    ] Safepoint "RevokeBias", Time since last: 510213633 ns, Reaching safepoint: 72766 ns, At safepoint: 17936 ns, Total: 90702 ns
[2020-02-29T06:24:10.555+0000][1][safepoint    ] Safepoint "Cleanup", Time since last: 1005695293 ns, Reaching safepoint: 74865 ns, At safepoint: 7947 ns, Total: 82812 ns
[2020-02-29T06:24:11.560+0000][1][safepoint    ] Safepoint "Cleanup", Time since last: 1004621331 ns, Reaching safepoint: 201904 ns, At safepoint: 28632 ns, Total: 230536 ns
[2020-02-29T06:24:12.077+0000][1][safepoint    ] Safepoint "RevokeBias", Time since last: 516559234 ns, Reaching safepoint: 72604 ns, At safepoint: 17441 ns, Total: 90045 ns
[2020-02-29T06:24:13.085+0000][1][safepoint    ] Safepoint "Cleanup", Time since last: 1008536124 ns, Reaching safepoint: 91231 ns, At safepoint: 7333 ns, Total: 98564 ns
[2020-02-29T06:24:14.088+0000][1][safepoint    ] Safepoint "Cleanup", Time since last: 1003028971 ns, Reaching safepoint: 61465 ns, At safepoint: 6785 ns, Total: 68250 ns
[2020-02-29T06:24:14.595+0000][1][safepoint    ] Safepoint "RevokeBias", Time since last: 506932830 ns, Reaching safepoint: 71776 ns, At safepoint: 17135 ns, Total: 88911 ns
[2020-02-29T06:24:15.596+0000][1][safepoint    ] Safepoint "Cleanup", Time since last: 1000476435 ns, Reaching safepoint: 84447 ns, At safepoint: 11565 ns, Total: 96012 ns
[2020-02-29T06:24:16.599+0000][1][safepoint    ] Safepoint "Cleanup", Time since last: 1003038059 ns, Reaching safepoint: 77342 ns, At safepoint: 7577 ns, Total: 84919 ns
[2020-02-29T06:24:17.114+0000][1][safepoint    ] Safepoint "RevokeBias", Time since last: 514887582 ns, Reaching safepoint: 73770 ns, At safepoint: 17622 ns, Total: 91392 ns
[2020-02-29T06:24:18.115+0000][1][safepoint    ] Safepoint "Cleanup", Time since last: 1001033885 ns, Reaching safepoint: 78081 ns, At safepoint: 7045 ns, Total: 85126 ns
[2020-02-29T06:24:19.116+0000][1][safepoint    ] Safepoint "Cleanup", Time since last: 1000698981 ns, Reaching safepoint: 76977 ns, At safepoint: 7131 ns, Total: 84108 ns
[2020-02-29T06:24:19.631+0000][1][safepoint    ] Safepoint "RevokeBias", Time since last: 515357670 ns, Reaching safepoint: 74482 ns, At safepoint: 17535 ns, Total: 92017 ns
[2020-02-29T06:24:20.642+0000][1][safepoint    ] Safepoint "Cleanup", Time since last: 1010554599 ns, Reaching safepoint: 60116 ns, At safepoint: 7499 ns, Total: 67615 ns
[2020-02-29T06:24:21.651+0000][1][safepoint    ] Safepoint "Cleanup", Time since last: 1009051449 ns, Reaching safepoint: 63195 ns, At safepoint: 8571 ns, Total: 71766 ns
[2020-02-29T06:24:22.153+0000][1][safepoint    ] Safepoint "RevokeBias", Time since last: 502086014 ns, Reaching safepoint: 71038 ns, At safepoint: 17223 ns, Total: 88261 ns
[2020-02-29T06:24:23.154+0000][1][safepoint    ] Safepoint "Cleanup", Time since last: 1000388178 ns, Reaching safepoint: 94285 ns, At safepoint: 10516 ns, Total: 104801 ns
[2020-02-29T06:24:24.154+0000][1][safepoint    ] Safepoint "Cleanup", Time since last: 1000251468 ns, Reaching safepoint: 82784 ns, At safepoint: 9423 ns, Total: 92207 ns
[2020-02-29T06:24:24.672+0000][1][safepoint    ] Safepoint "RevokeBias", Time since last: 517794354 ns, Reaching safepoint: 71414 ns, At safepoint: 16785 ns, Total: 88199 ns
[2020-02-29T06:24:25.680+0000][1][safepoint    ] Safepoint "Cleanup", Time since last: 1007927020 ns, Reaching safepoint: 62228 ns, At safepoint: 7714 ns, Total: 69942 ns
[2020-02-29T06:24:26.684+0000][1][safepoint    ] Safepoint "Cleanup", Time since last: 1003992462 ns, Reaching safepoint: 60906 ns, At safepoint: 7351 ns, Total: 68257 ns
[2020-02-29T06:24:27.193+0000][1][safepoint    ] Safepoint "RevokeBias", Time since last: 509228664 ns, Reaching safepoint: 57413 ns, At safepoint: 17529 ns, Total: 74942 ns
[2020-02-29T06:24:28.241+0000][1][safepoint    ] Safepoint "Cleanup", Time since last: 1047994335 ns, Reaching safepoint: 56402 ns, At safepoint: 5141 ns, Total: 61543 ns
[2020-02-29T06:24:29.244+0000][1][safepoint    ] Safepoint "Cleanup", Time since last: 1002551210 ns, Reaching safepoint: 61423 ns, At safepoint: 6869 ns, Total: 68292 ns
[2020-02-29T06:24:29.715+0000][1][safepoint    ] Safepoint "RevokeBias", Time since last: 471350152 ns, Reaching safepoint: 88018 ns, At safepoint: 21179 ns, Total: 109197 ns
[2020-02-29T06:24:30.721+0000][1][safepoint    ] Safepoint "Cleanup", Time since last: 1005635333 ns, Reaching safepoint: 58854 ns, At safepoint: 7075 ns, Total: 65929 ns
[2020-02-29T06:24:31.731+0000][1][safepoint    ] Safepoint "Cleanup", Time since last: 1009918136 ns, Reaching safepoint: 59695 ns, At safepoint: 6781 ns, Total: 66476 ns
[2020-02-29T06:24:32.233+0000][1][safepoint    ] Safepoint "RevokeBias", Time since last: 501838605 ns, Reaching safepoint: 104429 ns, At safepoint: 19878 ns, Total: 124307 ns
[2020-02-29T06:24:33.239+0000][1][safepoint    ] Safepoint "Cleanup", Time since last: 1005199214 ns, Reaching safepoint: 149266 ns, At safepoint: 22109 ns, Total: 171375 ns
[2020-02-29T06:24:34.240+0000][1][safepoint    ] Safepoint "Cleanup", Time since last: 1001612918 ns, Reaching safepoint: 89186 ns, At safepoint: 6121 ns, Total: 95307 ns
[2020-02-29T06:24:34.744+0000][1][safepoint    ] Safepoint "RevokeBias", Time since last: 503688176 ns, Reaching safepoint: 68696 ns, At safepoint: 16780 ns, Total: 85476 ns
[2020-02-29T06:24:35.745+0000][1][safepoint    ] Safepoint "Cleanup", Time since last: 1000563406 ns, Reaching safepoint: 76783 ns, At safepoint: 7622 ns, Total: 84405 ns
[2020-02-29T06:24:36.745+0000][1][safepoint    ] Safepoint "Cleanup", Time since last: 1000554429 ns, Reaching safepoint: 104326 ns, At safepoint: 11418 ns, Total: 115744 ns
[2020-02-29T06:24:37.260+0000][1][safepoint    ] Safepoint "RevokeBias", Time since last: 514647545 ns, Reaching safepoint: 71036 ns, At safepoint: 32813 ns, Total: 103849 ns
[2020-02-29T06:24:38.265+0000][1][safepoint    ] Safepoint "Cleanup", Time since last: 1005083977 ns, Reaching safepoint: 61033 ns, At safepoint: 7080 ns, Total: 68113 ns
[2020-02-29T06:24:39.266+0000][1][safepoint    ] Safepoint "Cleanup", Time since last: 1000999480 ns, Reaching safepoint: 59407 ns, At safepoint: 6912 ns, Total: 66319 ns
[2020-02-29T06:24:39.779+0000][1][safepoint    ] Safepoint "RevokeBias", Time since last: 512243703 ns, Reaching safepoint: 88653 ns, At safepoint: 20289 ns, Total: 108942 ns
[2020-02-29T06:24:40.780+0000][1][safepoint    ] Safepoint "Cleanup", Time since last: 1001246073 ns, Reaching safepoint: 75220 ns, At safepoint: 7180 ns, Total: 82400 ns
[2020-02-29T06:24:41.786+0000][1][safepoint    ] Safepoint "Cleanup", Time since last: 1005730232 ns, Reaching safepoint: 105883 ns, At safepoint: 24420 ns, Total: 130303 ns
[2020-02-29T06:24:42.300+0000][1][safepoint    ] Safepoint "RevokeBias", Time since last: 513625909 ns, Reaching safepoint: 178367 ns, At safepoint: 21063 ns, Total: 199430 ns
[2020-02-29T06:24:43.301+0000][1][safepoint    ] Safepoint "Cleanup", Time since last: 1001115374 ns, Reaching safepoint: 144023 ns, At safepoint: 9550 ns, Total: 153573 ns
[2020-02-29T06:24:44.310+0000][1][safepoint    ] Safepoint "Cleanup", Time since last: 1009292225 ns, Reaching safepoint: 74465 ns, At safepoint: 6085 ns, Total: 80550 ns
[2020-02-29T06:24:44.811+0000][1][safepoint    ] Safepoint "RevokeBias", Time since last: 501089175 ns, Reaching safepoint: 87511 ns, At safepoint: 20542 ns, Total: 108053 ns
[2020-02-29T06:24:45.819+0000][1][safepoint    ] Safepoint "Cleanup", Time since last: 1007846820 ns, Reaching safepoint: 60311 ns, At safepoint: 6645 ns, Total: 66956 ns
[2020-02-29T06:24:46.825+0000][1][safepoint    ] Safepoint "Cleanup", Time since last: 1005330308 ns, Reaching safepoint: 74697 ns, At safepoint: 7190 ns, Total: 81887 ns
[2020-02-29T06:24:47.327+0000][1][safepoint    ] Safepoint "RevokeBias", Time since last: 501965913 ns, Reaching safepoint: 53766 ns, At safepoint: 15475 ns, Total: 69241 ns
[2020-02-29T06:24:48.331+0000][1][safepoint    ] Safepoint "Cleanup", Time since last: 1004332060 ns, Reaching safepoint: 204238 ns, At safepoint: 6789 ns, Total: 211027 ns
[2020-02-29T06:24:49.341+0000][1][safepoint    ] Safepoint "Cleanup", Time since last: 1009915040 ns, Reaching safepoint: 57201 ns, At safepoint: 5506 ns, Total: 62707 ns
[2020-02-29T06:24:49.844+0000][1][safepoint    ] Safepoint "RevokeBias", Time since last: 502754620 ns, Reaching safepoint: 70642 ns, At safepoint: 17999 ns, Total: 88641 ns
[2020-02-29T06:24:50.845+0000][1][safepoint    ] Safepoint "Cleanup", Time since last: 1000759646 ns, Reaching safepoint: 52884 ns, At safepoint: 6134 ns, Total: 59018 ns
[2020-02-29T06:24:51.846+0000][1][safepoint    ] Safepoint "Cleanup", Time since last: 1001269073 ns, Reaching safepoint: 70652 ns, At safepoint: 6256 ns, Total: 76908 ns
[2020-02-29T06:24:52.359+0000][1][safepoint    ] Safepoint "RevokeBias", Time since last: 512679154 ns, Reaching safepoint: 71834 ns, At safepoint: 17379 ns, Total: 89213 ns
[2020-02-29T06:24:53.363+0000][1][safepoint    ] Safepoint "Cleanup", Time since last: 1003970668 ns, Reaching safepoint: 75612 ns, At safepoint: 7060 ns, Total: 82672 ns
[2020-02-29T06:24:54.366+0000][1][safepoint    ] Safepoint "Cleanup", Time since last: 1002709187 ns, Reaching safepoint: 59488 ns, At safepoint: 7049 ns, Total: 66537 ns
[2020-02-29T06:24:54.868+0000][1][safepoint    ] Safepoint "RevokeBias", Time since last: 501736721 ns, Reaching safepoint: 144257 ns, At safepoint: 36716 ns, Total: 180973 ns
[2020-02-29T06:24:55.871+0000][1][safepoint    ] Safepoint "Cleanup", Time since last: 1003161291 ns, Reaching safepoint: 75780 ns, At safepoint: 7128 ns, Total: 82908 ns
[2020-02-29T06:24:56.872+0000][1][safepoint    ] Safepoint "Cleanup", Time since last: 1001114642 ns, Reaching safepoint: 59842 ns, At safepoint: 6644 ns, Total: 66486 ns
[2020-02-29T06:24:57.379+0000][1][safepoint    ] Safepoint "RevokeBias", Time since last: 507005422 ns, Reaching safepoint: 70213 ns, At safepoint: 17367 ns, Total: 87580 ns
[2020-02-29T06:24:58.383+0000][1][safepoint    ] Safepoint "Cleanup", Time since last: 1003745119 ns, Reaching safepoint: 65647 ns, At safepoint: 7956 ns, Total: 73603 ns
[2020-02-29T06:24:59.384+0000][1][safepoint    ] Safepoint "Cleanup", Time since last: 1000700436 ns, Reaching safepoint: 76734 ns, At safepoint: 7643 ns, Total: 84377 ns
[2020-02-29T06:24:59.901+0000][1][safepoint    ] Safepoint "RevokeBias", Time since last: 517275316 ns, Reaching safepoint: 70655 ns, At safepoint: 17171 ns, Total: 87826 ns
[2020-02-29T06:25:00.902+0000][1][safepoint    ] Safepoint "Cleanup", Time since last: 1000268122 ns, Reaching safepoint: 77719 ns, At safepoint: 7082 ns, Total: 84801 ns
[2020-02-29T06:25:01.902+0000][1][safepoint    ] Safepoint "Cleanup", Time since last: 1000208686 ns, Reaching safepoint: 91025 ns, At safepoint: 10250 ns, Total: 101275 ns
[2020-02-29T06:25:02.418+0000][1][safepoint    ] Safepoint "RevokeBias", Time since last: 516192465 ns, Reaching safepoint: 54032 ns, At safepoint: 15932 ns, Total: 69964 ns
[2020-02-29T06:25:03.426+0000][1][safepoint    ] Safepoint "Cleanup", Time since last: 1008117646 ns, Reaching safepoint: 77118 ns, At safepoint: 7970 ns, Total: 85088 ns
[2020-02-29T06:25:04.428+0000][1][safepoint    ] Safepoint "Cleanup", Time since last: 1001491748 ns, Reaching safepoint: 59676 ns, At safepoint: 6794 ns, Total: 66470 ns
[2020-02-29T06:25:04.939+0000][1][safepoint    ] Safepoint "RevokeBias", Time since last: 511241844 ns, Reaching safepoint: 138533 ns, At safepoint: 19433 ns, Total: 157966 ns
[2020-02-29T06:25:05.947+0000][1][safepoint    ] Safepoint "Cleanup", Time since last: 1007955136 ns, Reaching safepoint: 59509 ns, At safepoint: 6954 ns, Total: 66463 ns
[2020-02-29T06:25:06.956+0000][1][safepoint    ] Safepoint "Cleanup", Time since last: 1008401453 ns, Reaching safepoint: 97147 ns, At safepoint: 7319 ns, Total: 104466 ns
[2020-02-29T06:25:07.468+0000][1][safepoint    ] Safepoint "BulkRevokeBias", Time since last: 511414872 ns, Reaching safepoint: 53412 ns, At safepoint: 216881 ns, Total: 270293 ns
[2020-02-29T06:25:08.468+0000][1][safepoint    ] Safepoint "Cleanup", Time since last: 1000637850 ns, Reaching safepoint: 77890 ns, At safepoint: 7481 ns, Total: 85371 ns
[2020-02-29T06:25:09.469+0000][1][safepoint    ] Safepoint "Cleanup", Time since last: 1000392889 ns, Reaching safepoint: 96773 ns, At safepoint: 11251 ns, Total: 108024 ns
[2020-02-29T06:25:09.996+0000][1][safepoint    ] Safepoint "RevokeBias", Time since last: 527010397 ns, Reaching safepoint: 53169 ns, At safepoint: 15870 ns, Total: 69039 ns
[2020-02-29T06:25:10.999+0000][1][safepoint    ] Safepoint "Cleanup", Time since last: 1002775153 ns, Reaching safepoint: 73898 ns, At safepoint: 6630 ns, Total: 80528 ns
[2020-02-29T06:25:11.999+0000][1][safepoint    ] Safepoint "Cleanup", Time since last: 1000349230 ns, Reaching safepoint: 76680 ns, At safepoint: 7141 ns, Total: 83821 ns
[2020-02-29T06:25:12.513+0000][1][safepoint    ] Safepoint "RevokeBias", Time since last: 513340594 ns, Reaching safepoint: 54090 ns, At safepoint: 15151 ns, Total: 69241 ns
[2020-02-29T06:25:13.520+0000][1][safepoint    ] Safepoint "Cleanup", Time since last: 1007537985 ns, Reaching safepoint: 60843 ns, At safepoint: 6946 ns, Total: 67789 ns
[2020-02-29T06:25:14.530+0000][1][safepoint    ] Safepoint "Cleanup", Time since last: 1009893848 ns, Reaching safepoint: 76492 ns, At safepoint: 6846 ns, Total: 83338 ns
[2020-02-29T06:25:15.032+0000][1][safepoint    ] Safepoint "RevokeBias", Time since last: 502090731 ns, Reaching safepoint: 71883 ns, At safepoint: 17646 ns, Total: 89529 ns
[2020-02-29T06:25:16.033+0000][1][safepoint    ] Safepoint "Cleanup", Time since last: 1000657106 ns, Reaching safepoint: 81523 ns, At safepoint: 8795 ns, Total: 90318 ns
[2020-02-29T06:25:17.034+0000][1][safepoint    ] Safepoint "Cleanup", Time since last: 1001038828 ns, Reaching safepoint: 144437 ns, At safepoint: 23552 ns, Total: 167989 ns
[2020-02-29T06:25:17.559+0000][1][safepoint    ] Safepoint "RevokeBias", Time since last: 524248748 ns, Reaching safepoint: 90538 ns, At safepoint: 18606 ns, Total: 109144 ns
[2020-02-29T06:25:18.564+0000][1][safepoint    ] Safepoint "Cleanup", Time since last: 1005154724 ns, Reaching safepoint: 103801 ns, At safepoint: 7827 ns, Total: 111628 ns
[2020-02-29T06:25:19.567+0000][1][safepoint    ] Safepoint "Cleanup", Time since last: 1003115028 ns, Reaching safepoint: 72040 ns, At safepoint: 5696 ns, Total: 77736 ns
[2020-02-29T06:25:20.078+0000][1][safepoint    ] Safepoint "RevokeBias", Time since last: 511081487 ns, Reaching safepoint: 70139 ns, At safepoint: 16578 ns, Total: 86717 ns
[2020-02-29T06:25:21.079+0000][1][safepoint    ] Safepoint "Cleanup", Time since last: 1000728928 ns, Reaching safepoint: 60131 ns, At safepoint: 6716 ns, Total: 66847 ns
[2020-02-29T06:25:22.082+0000][1][safepoint    ] Safepoint "Cleanup", Time since last: 1002298514 ns, Reaching safepoint: 167176 ns, At safepoint: 21060 ns, Total: 188236 ns
[2020-02-29T06:25:22.590+0000][1][safepoint    ] Safepoint "RevokeBias", Time since last: 508655394 ns, Reaching safepoint: 72435 ns, At safepoint: 17667 ns, Total: 90102 ns
[2020-02-29T06:25:23.591+0000][1][safepoint    ] Safepoint "Cleanup", Time since last: 1000251851 ns, Reaching safepoint: 92679 ns, At safepoint: 8086 ns, Total: 100765 ns
[2020-02-29T06:25:24.594+0000][1][safepoint    ] Safepoint "Cleanup", Time since last: 1003158216 ns, Reaching safepoint: 75638 ns, At safepoint: 6041 ns, Total: 81679 ns
[2020-02-29T06:25:25.106+0000][1][safepoint    ] Safepoint "RevokeBias", Time since last: 511549452 ns, Reaching safepoint: 72174 ns, At safepoint: 18512 ns, Total: 90686 ns
[2020-02-29T06:25:26.113+0000][1][safepoint    ] Safepoint "Cleanup", Time since last: 1007375722 ns, Reaching safepoint: 165026 ns, At safepoint: 26385 ns, Total: 191411 ns
[2020-02-29T06:25:27.116+0000][1][safepoint    ] Safepoint "Cleanup", Time since last: 1002731670 ns, Reaching safepoint: 110900 ns, At safepoint: 7287 ns, Total: 118187 ns
[2020-02-29T06:25:27.622+0000][1][safepoint    ] Safepoint "RevokeBias", Time since last: 506179476 ns, Reaching safepoint: 53339 ns, At safepoint: 33143 ns, Total: 86482 ns
[2020-02-29T06:25:28.623+0000][1][safepoint    ] Safepoint "Cleanup", Time since last: 1001016026 ns, Reaching safepoint: 60798 ns, At safepoint: 6522 ns, Total: 67320 ns
[2020-02-29T06:25:29.626+0000][1][safepoint    ] Safepoint "Cleanup", Time since last: 1002806851 ns, Reaching safepoint: 78823 ns, At safepoint: 7860 ns, Total: 86683 ns
[2020-02-29T06:25:30.145+0000][1][safepoint    ] Safepoint "RevokeBias", Time since last: 518882929 ns, Reaching safepoint: 117149 ns, At safepoint: 18022 ns, Total: 135171 ns
[2020-02-29T06:25:31.150+0000][1][safepoint    ] Safepoint "Cleanup", Time since last: 1005098057 ns, Reaching safepoint: 72366 ns, At safepoint: 6184 ns, Total: 78550 ns
[2020-02-29T06:25:32.151+0000][1][safepoint    ] Safepoint "Cleanup", Time since last: 1000774180 ns, Reaching safepoint: 87268 ns, At safepoint: 8642 ns, Total: 95910 ns
[2020-02-29T06:25:32.661+0000][1][safepoint    ] Safepoint "RevokeBias", Time since last: 509672189 ns, Reaching safepoint: 72745 ns, At safepoint: 17524 ns, Total: 90269 ns
[2020-02-29T06:25:33.856+0000][1][safepoint    ] Safepoint "Cleanup", Time since last: 1195043406 ns, Reaching safepoint: 77110 ns, At safepoint: 7029 ns, Total: 84139 ns
[2020-02-29T06:25:34.857+0000][1][safepoint    ] Safepoint "Cleanup", Time since last: 1000496540 ns, Reaching safepoint: 59028 ns, At safepoint: 6721 ns, Total: 65749 ns
[2020-02-29T06:25:35.179+0000][1][safepoint    ] Safepoint "RevokeBias", Time since last: 322040214 ns, Reaching safepoint: 55407 ns, At safepoint: 17647 ns, Total: 73054 ns
[2020-02-29T06:25:36.180+0000][1][safepoint    ] Safepoint "Cleanup", Time since last: 1000781664 ns, Reaching safepoint: 110821 ns, At safepoint: 9416 ns, Total: 120237 ns
[2020-02-29T06:25:37.181+0000][1][safepoint    ] Safepoint "Cleanup", Time since last: 1001067165 ns, Reaching safepoint: 58385 ns, At safepoint: 5900 ns, Total: 64285 ns
[2020-02-29T06:25:37.703+0000][1][safepoint    ] Safepoint "RevokeBias", Time since last: 521905707 ns, Reaching safepoint: 53095 ns, At safepoint: 32009 ns, Total: 85104 ns
[2020-02-29T06:25:38.704+0000][1][safepoint    ] Safepoint "Cleanup", Time since last: 1000934011 ns, Reaching safepoint: 57260 ns, At safepoint: 5624 ns, Total: 62884 ns
[2020-02-29T06:25:39.709+0000][1][safepoint    ] Safepoint "Cleanup", Time since last: 1005200175 ns, Reaching safepoint: 60307 ns, At safepoint: 6694 ns, Total: 67001 ns
[2020-02-29T06:25:40.230+0000][1][safepoint    ] Safepoint "RevokeBias", Time since last: 520273800 ns, Reaching safepoint: 71083 ns, At safepoint: 16527 ns, Total: 87610 ns
[2020-02-29T06:25:41.230+0000][1][safepoint    ] Safepoint "Cleanup", Time since last: 1000816624 ns, Reaching safepoint: 60335 ns, At safepoint: 7001 ns, Total: 67336 ns
[2020-02-29T06:25:42.235+0000][1][safepoint    ] Safepoint "Cleanup", Time since last: 1004702800 ns, Reaching safepoint: 110886 ns, At safepoint: 8066 ns, Total: 118952 ns
[2020-02-29T06:25:42.741+0000][1][safepoint    ] Safepoint "RevokeBias", Time since last: 505221274 ns, Reaching safepoint: 71621 ns, At safepoint: 17042 ns, Total: 88663 ns
[2020-02-29T06:25:43.746+0000][1][safepoint    ] Safepoint "Cleanup", Time since last: 1004904973 ns, Reaching safepoint: 58672 ns, At safepoint: 6979 ns, Total: 65651 ns
[2020-02-29T06:25:44.750+0000][1][safepoint    ] Safepoint "Cleanup", Time since last: 1004742444 ns, Reaching safepoint: 75940 ns, At safepoint: 7593 ns, Total: 83533 ns
[2020-02-29T06:25:45.254+0000][1][safepoint    ] Safepoint "RevokeBias", Time since last: 504007776 ns, Reaching safepoint: 70454 ns, At safepoint: 17679 ns, Total: 88133 ns
[2020-02-29T06:25:46.260+0000][1][safepoint    ] Safepoint "Cleanup", Time since last: 1005822915 ns, Reaching safepoint: 59715 ns, At safepoint: 6771 ns, Total: 66486 ns
[2020-02-29T06:25:47.266+0000][1][safepoint    ] Safepoint "Cleanup", Time since last: 1005710360 ns, Reaching safepoint: 88885 ns, At safepoint: 7183 ns, Total: 96068 ns
[2020-02-29T06:25:47.785+0000][1][safepoint    ] Safepoint "RevokeBias", Time since last: 519120548 ns, Reaching safepoint: 53456 ns, At safepoint: 15539 ns, Total: 68995 ns
[2020-02-29T06:25:49.337+0000][1][safepoint    ] Safepoint "Cleanup", Time since last: 1551822612 ns, Reaching safepoint: 46502 ns, At safepoint: 5504 ns, Total: 52006 ns
[2020-02-29T06:25:50.296+0000][1][safepoint    ] Safepoint "RevokeBias", Time since last: 959010789 ns, Reaching safepoint: 74391 ns, At safepoint: 17143 ns, Total: 91534 ns
[2020-02-29T06:25:51.297+0000][1][safepoint    ] Safepoint "Cleanup", Time since last: 1000781020 ns, Reaching safepoint: 89689 ns, At safepoint: 9414 ns, Total: 99103 ns
[2020-02-29T06:25:52.304+0000][1][safepoint    ] Safepoint "Cleanup", Time since last: 1006899220 ns, Reaching safepoint: 92532 ns, At safepoint: 7163 ns, Total: 99695 ns
[2020-02-29T06:25:52.809+0000][1][safepoint    ] Safepoint "RevokeBias", Time since last: 505125960 ns, Reaching safepoint: 72190 ns, At safepoint: 17291 ns, Total: 89481 ns
[2020-02-29T06:25:53.817+0000][1][safepoint    ] Safepoint "Cleanup", Time since last: 1007622600 ns, Reaching safepoint: 77759 ns, At safepoint: 7234 ns, Total: 84993 ns
[2020-02-29T06:25:54.661+0000][1][gc,start     ] GC(73) Pause Young (Allocation Failure)
[2020-02-29T06:25:54.661+0000][1][gc,task      ] GC(73) Using 1 workers of 1 for evacuation
[2020-02-29T06:25:54.671+0000][1][gc,age       ] GC(73) Desired survivor size 4358144 bytes, new threshold 6 (max threshold 6)
[2020-02-29T06:25:54.671+0000][1][gc,age       ] GC(73) Age table with threshold 6 (max threshold 6)
[2020-02-29T06:25:54.671+0000][1][gc,age       ] GC(73) - age   1:      11968 bytes,      11968 total
[2020-02-29T06:25:54.671+0000][1][gc,age       ] GC(73) - age   2:        128 bytes,      12096 total
[2020-02-29T06:25:54.671+0000][1][gc,age       ] GC(73) - age   3:       1112 bytes,      13208 total
[2020-02-29T06:25:54.671+0000][1][gc,age       ] GC(73) - age   4:         72 bytes,      13280 total
[2020-02-29T06:25:54.671+0000][1][gc,age       ] GC(73) - age   5:       1376 bytes,      14656 total
[2020-02-29T06:25:54.671+0000][1][gc,age       ] GC(73) - age   6:        152 bytes,      14808 total
[2020-02-29T06:25:54.671+0000][1][gc,heap      ] GC(73) ParNew: 68189K->18K(76672K)
[2020-02-29T06:25:54.671+0000][1][gc,heap      ] GC(73) CMS: 62567K->62568K(963392K)
[2020-02-29T06:25:54.671+0000][1][gc,metaspace ] GC(73) Metaspace: 79856K->79856K(1122304K)
[2020-02-29T06:25:54.671+0000][1][gc           ] GC(73) Pause Young (Allocation Failure) 127M->61M(1015M) 9.930ms
[2020-02-29T06:25:54.671+0000][1][gc,cpu       ] GC(73) User=0.01s Sys=0.00s Real=0.01s
[2020-02-29T06:25:54.671+0000][1][safepoint    ] Safepoint "GenCollectForAllocation", Time since last: 843809377 ns, Reaching safepoint: 189220 ns, At safepoint: 9999623 ns, Total: 10188843 ns
[2020-02-29T06:25:55.331+0000][1][safepoint    ] Safepoint "RevokeBias", Time since last: 659728426 ns, Reaching safepoint: 87818 ns, At safepoint: 18558 ns, Total: 106376 ns
[2020-02-29T06:25:56.338+0000][1][safepoint    ] Safepoint "Cleanup", Time since last: 1006934517 ns, Reaching safepoint: 57481 ns, At safepoint: 5384 ns, Total: 62865 ns
[2020-02-29T06:25:57.345+0000][1][safepoint    ] Safepoint "Cleanup", Time since last: 1006950560 ns, Reaching safepoint: 75221 ns, At safepoint: 6303 ns, Total: 81524 ns
[2020-02-29T06:25:57.852+0000][1][safepoint    ] Safepoint "RevokeBias", Time since last: 507209970 ns, Reaching safepoint: 53613 ns, At safepoint: 15469 ns, Total: 69082 ns
[2020-02-29T06:25:58.862+0000][1][safepoint    ] Safepoint "Cleanup", Time since last: 1009145502 ns, Reaching safepoint: 113374 ns, At safepoint: 7577 ns, Total: 120951 ns
[2020-02-29T06:25:59.865+0000][1][safepoint    ] Safepoint "Cleanup", Time since last: 1003257129 ns, Reaching safepoint: 74622 ns, At safepoint: 6061 ns, Total: 80683 ns
[2020-02-29T06:26:00.366+0000][1][safepoint    ] Safepoint "RevokeBias", Time since last: 501123772 ns, Reaching safepoint: 104522 ns, At safepoint: 19323 ns, Total: 123845 ns
[2020-02-29T06:26:01.371+0000][1][safepoint    ] Safepoint "Cleanup", Time since last: 1004939314 ns, Reaching safepoint: 78494 ns, At safepoint: 7827 ns, Total: 86321 ns
[2020-02-29T06:26:02.373+0000][1][safepoint    ] Safepoint "Cleanup", Time since last: 1001962180 ns, Reaching safepoint: 59124 ns, At safepoint: 6869 ns, Total: 65993 ns
[2020-02-29T06:26:02.879+0000][1][safepoint    ] Safepoint "RevokeBias", Time since last: 505622440 ns, Reaching safepoint: 124848 ns, At safepoint: 18514 ns, Total: 143362 ns
[2020-02-29T06:26:03.880+0000][1][safepoint    ] Safepoint "Cleanup", Time since last: 1000669403 ns, Reaching safepoint: 88501 ns, At safepoint: 9135 ns, Total: 97636 ns
[2020-02-29T06:26:04.886+0000][1][safepoint    ] Safepoint "Cleanup", Time since last: 1006428670 ns, Reaching safepoint: 60792 ns, At safepoint: 7493 ns, Total: 68285 ns
[2020-02-29T06:26:05.394+0000][1][safepoint    ] Safepoint "RevokeBias", Time since last: 507170901 ns, Reaching safepoint: 139880 ns, At safepoint: 108051 ns, Total: 247931 ns
[2020-02-29T06:26:06.400+0000][1][safepoint    ] Safepoint "Cleanup", Time since last: 1006337447 ns, Reaching safepoint: 120512 ns, At safepoint: 7401 ns, Total: 127913 ns
[2020-02-29T06:26:07.406+0000][1][safepoint    ] Safepoint "Cleanup", Time since last: 1006024435 ns, Reaching safepoint: 57204 ns, At safepoint: 6512 ns, Total: 63716 ns
[2020-02-29T06:26:07.917+0000][1][safepoint    ] Safepoint "RevokeBias", Time since last: 511119140 ns, Reaching safepoint: 120309 ns, At safepoint: 38980 ns, Total: 159289 ns
[2020-02-29T06:26:08.920+0000][1][safepoint    ] Safepoint "Cleanup", Time since last: 1002000568 ns, Reaching safepoint: 60486 ns, At safepoint: 7201 ns, Total: 67687 ns
[2020-02-29T06:26:09.927+0000][1][safepoint    ] Safepoint "Cleanup", Time since last: 1007786150 ns, Reaching safepoint: 73151 ns, At safepoint: 7378 ns, Total: 80529 ns
[2020-02-29T06:26:10.447+0000][1][safepoint    ] Safepoint "RevokeBias", Time since last: 519502097 ns, Reaching safepoint: 55319 ns, At safepoint: 16878 ns, Total: 72197 ns
[2020-02-29T06:26:11.448+0000][1][safepoint    ] Safepoint "Cleanup", Time since last: 1000553977 ns, Reaching safepoint: 89899 ns, At safepoint: 9051 ns, Total: 98950 ns
[2020-02-29T06:26:12.457+0000][1][safepoint    ] Safepoint "Cleanup", Time since last: 1009703949 ns, Reaching safepoint: 104590 ns, At safepoint: 7619 ns, Total: 112209 ns
[2020-02-29T06:26:12.966+0000][1][safepoint    ] Safepoint "RevokeBias", Time since last: 507970150 ns, Reaching safepoint: 70726 ns, At safepoint: 17169 ns, Total: 87895 ns
[2020-02-29T06:26:13.966+0000][1][safepoint    ] Safepoint "Cleanup", Time since last: 1000890022 ns, Reaching safepoint: 62646 ns, At safepoint: 7497 ns, Total: 70143 ns
[2020-02-29T06:26:14.970+0000][1][safepoint    ] Safepoint "Cleanup", Time since last: 1003738552 ns, Reaching safepoint: 60644 ns, At safepoint: 7287 ns, Total: 67931 ns
[2020-02-29T06:26:15.480+0000][1][safepoint    ] Safepoint "RevokeBias", Time since last: 509979440 ns, Reaching safepoint: 70963 ns, At safepoint: 17380 ns, Total: 88343 ns
[2020-02-29T06:26:16.490+0000][1][safepoint    ] Safepoint "Cleanup", Time since last: 1009873565 ns, Reaching safepoint: 92429 ns, At safepoint: 6947 ns, Total: 99376 ns
[2020-02-29T06:26:17.496+0000][1][safepoint    ] Safepoint "Cleanup", Time since last: 1005418072 ns, Reaching safepoint: 95263 ns, At safepoint: 6924 ns, Total: 102187 ns
[2020-02-29T06:26:17.990+0000][1][safepoint    ] Safepoint "RevokeBias", Time since last: 494522262 ns, Reaching safepoint: 71510 ns, At safepoint: 17188 ns, Total: 88698 ns
[2020-02-29T06:26:18.991+0000][1][safepoint    ] Safepoint "Cleanup", Time since last: 1000261753 ns, Reaching safepoint: 78286 ns, At safepoint: 8227 ns, Total: 86513 ns
[2020-02-29T06:26:19.992+0000][1][safepoint    ] Safepoint "Cleanup", Time since last: 1001469739 ns, Reaching safepoint: 59757 ns, At safepoint: 6727 ns, Total: 66484 ns
[2020-02-29T06:26:20.507+0000][1][safepoint    ] Safepoint "BulkRevokeBias", Time since last: 514723357 ns, Reaching safepoint: 53621 ns, At safepoint: 141921 ns, Total: 195542 ns
[2020-02-29T06:26:21.512+0000][1][safepoint    ] Safepoint "Cleanup", Time since last: 1005044195 ns, Reaching safepoint: 59235 ns, At safepoint: 7219 ns, Total: 66454 ns
[2020-02-29T06:26:22.516+0000][1][safepoint    ] Safepoint "Cleanup", Time since last: 1003902439 ns, Reaching safepoint: 60564 ns, At safepoint: 7390 ns, Total: 67954 ns
[2020-02-29T06:26:23.037+0000][1][safepoint    ] Safepoint "RevokeBias", Time since last: 520104694 ns, Reaching safepoint: 126951 ns, At safepoint: 31849 ns, Total: 158800 ns
[2020-02-29T06:26:24.046+0000][1][safepoint    ] Safepoint "Cleanup", Time since last: 1009671550 ns, Reaching safepoint: 92606 ns, At safepoint: 6925 ns, Total: 99531 ns
[2020-02-29T06:26:25.051+0000][1][safepoint    ] Safepoint "Cleanup", Time since last: 1004790284 ns, Reaching safepoint: 78836 ns, At safepoint: 7523 ns, Total: 86359 ns
[2020-02-29T06:26:25.552+0000][1][safepoint    ] Safepoint "RevokeBias", Time since last: 500406942 ns, Reaching safepoint: 71634 ns, At safepoint: 50789 ns, Total: 122423 ns
[2020-02-29T06:26:26.554+0000][1][safepoint    ] Safepoint "Cleanup", Time since last: 1001673216 ns, Reaching safepoint: 75853 ns, At safepoint: 6695 ns, Total: 82548 ns
[2020-02-29T06:26:27.554+0000][1][safepoint    ] Safepoint "Cleanup", Time since last: 1000314104 ns, Reaching safepoint: 79984 ns, At safepoint: 7718 ns, Total: 87702 ns
[2020-02-29T06:26:28.076+0000][1][safepoint    ] Safepoint "RevokeBias", Time since last: 517260827 ns, Reaching safepoint: 4840654 ns, At safepoint: 86094 ns, Total: 4926748 ns
[2020-02-29T06:26:29.119+0000][1][safepoint    ] Safepoint "Cleanup", Time since last: 1042905052 ns, Reaching safepoint: 74240 ns, At safepoint: 5901 ns, Total: 80141 ns
[2020-02-29T06:26:30.121+0000][1][safepoint    ] Safepoint "Cleanup", Time since last: 1002293792 ns, Reaching safepoint: 73378 ns, At safepoint: 5969 ns, Total: 79347 ns
[2020-02-29T06:26:30.583+0000][1][safepoint    ] Safepoint "RevokeBias", Time since last: 461143261 ns, Reaching safepoint: 58076 ns, At safepoint: 17038 ns, Total: 75114 ns
[2020-02-29T06:26:31.591+0000][1][safepoint    ] Safepoint "Cleanup", Time since last: 1008391273 ns, Reaching safepoint: 58422 ns, At safepoint: 6636 ns, Total: 65058 ns
[2020-02-29T06:26:32.597+0000][1][safepoint    ] Safepoint "Cleanup", Time since last: 1005251908 ns, Reaching safepoint: 98598 ns, At safepoint: 7205 ns, Total: 105803 ns
[2020-02-29T06:26:33.094+0000][1][safepoint    ] Safepoint "RevokeBias", Time since last: 497726682 ns, Reaching safepoint: 53965 ns, At safepoint: 15331 ns, Total: 69296 ns
[2020-02-29T06:26:34.095+0000][1][safepoint    ] Safepoint "Cleanup", Time since last: 1000637786 ns, Reaching safepoint: 58632 ns, At safepoint: 5952 ns, Total: 64584 ns
[2020-02-29T06:26:35.103+0000][1][safepoint    ] Safepoint "Cleanup", Time since last: 1007797084 ns, Reaching safepoint: 92555 ns, At safepoint: 7369 ns, Total: 99924 ns
[2020-02-29T06:26:35.627+0000][1][safepoint    ] Safepoint "RevokeBias", Time since last: 523978454 ns, Reaching safepoint: 52942 ns, At safepoint: 15978 ns, Total: 68920 ns
[2020-02-29T06:26:36.633+0000][1][safepoint    ] Safepoint "Cleanup", Time since last: 1005547644 ns, Reaching safepoint: 111173 ns, At safepoint: 26350 ns, Total: 137523 ns
[2020-02-29T06:26:37.639+0000][1][safepoint    ] Safepoint "Cleanup", Time since last: 1006434934 ns, Reaching safepoint: 54588 ns, At safepoint: 5513 ns, Total: 60101 ns
[2020-02-29T06:26:38.148+0000][1][safepoint    ] Safepoint "RevokeBias", Time since last: 509255180 ns, Reaching safepoint: 72557 ns, At safepoint: 17965 ns, Total: 90522 ns
[2020-02-29T06:26:39.149+0000][1][safepoint    ] Safepoint "Cleanup", Time since last: 1000869201 ns, Reaching safepoint: 80060 ns, At safepoint: 9257 ns, Total: 89317 ns
[2020-02-29T06:26:40.154+0000][1][safepoint    ] Safepoint "Cleanup", Time since last: 1004867483 ns, Reaching safepoint: 89669 ns, At safepoint: 6504 ns, Total: 96173 ns
[2020-02-29T06:26:40.664+0000][1][safepoint    ] Safepoint "RevokeBias", Time since last: 509740078 ns, Reaching safepoint: 56463 ns, At safepoint: 16088 ns, Total: 72551 ns
[2020-02-29T06:26:41.669+0000][1][safepoint    ] Safepoint "Cleanup", Time since last: 1004638897 ns, Reaching safepoint: 77375 ns, At safepoint: 6577 ns, Total: 83952 ns
[2020-02-29T06:26:42.677+0000][1][safepoint    ] Safepoint "Cleanup", Time since last: 1007902987 ns, Reaching safepoint: 75757 ns, At safepoint: 7249 ns, Total: 83006 ns
[2020-02-29T06:26:43.182+0000][1][safepoint    ] Safepoint "RevokeBias", Time since last: 504846089 ns, Reaching safepoint: 52122 ns, At safepoint: 33227 ns, Total: 85349 ns
[2020-02-29T06:26:44.192+0000][1][safepoint    ] Safepoint "Cleanup", Time since last: 1010160214 ns, Reaching safepoint: 109612 ns, At safepoint: 9504 ns, Total: 119116 ns
[2020-02-29T06:26:45.201+0000][1][safepoint    ] Safepoint "Cleanup", Time since last: 1009059074 ns, Reaching safepoint: 60726 ns, At safepoint: 6665 ns, Total: 67391 ns
[2020-02-29T06:26:45.702+0000][1][safepoint    ] Safepoint "RevokeBias", Time since last: 500360792 ns, Reaching safepoint: 69989 ns, At safepoint: 17190 ns, Total: 87179 ns
[2020-02-29T06:26:46.705+0000][1][safepoint    ] Safepoint "Cleanup", Time since last: 1003433487 ns, Reaching safepoint: 57391 ns, At safepoint: 6613 ns, Total: 64004 ns
[2020-02-29T06:26:47.706+0000][1][safepoint    ] Safepoint "Cleanup", Time since last: 1000291464 ns, Reaching safepoint: 85392 ns, At safepoint: 12915 ns, Total: 98307 ns
[2020-02-29T06:26:48.228+0000][1][safepoint    ] Safepoint "RevokeBias", Time since last: 522007159 ns, Reaching safepoint: 72998 ns, At safepoint: 17593 ns, Total: 90591 ns
[2020-02-29T06:26:49.237+0000][1][safepoint    ] Safepoint "Cleanup", Time since last: 1009297909 ns, Reaching safepoint: 227008 ns, At safepoint: 25970 ns, Total: 252978 ns
[2020-02-29T06:26:50.238+0000][1][safepoint    ] Safepoint "Cleanup", Time since last: 1000705868 ns, Reaching safepoint: 95667 ns, At safepoint: 9405 ns, Total: 105072 ns
[2020-02-29T06:26:50.746+0000][1][safepoint    ] Safepoint "RevokeBias", Time since last: 507420740 ns, Reaching safepoint: 146589 ns, At safepoint: 50967 ns, Total: 197556 ns
[2020-02-29T06:26:51.746+0000][1][safepoint    ] Safepoint "Cleanup", Time since last: 1000660051 ns, Reaching safepoint: 60504 ns, At safepoint: 7585 ns, Total: 68089 ns
[2020-02-29T06:26:52.752+0000][1][safepoint    ] Safepoint "Cleanup", Time since last: 1005353963 ns, Reaching safepoint: 76632 ns, At safepoint: 7187 ns, Total: 83819 ns
[2020-02-29T06:26:53.276+0000][1][safepoint    ] Safepoint "RevokeBias", Time since last: 524511232 ns, Reaching safepoint: 61092 ns, At safepoint: 17936 ns, Total: 79028 ns
[2020-02-29T06:26:54.289+0000][1][safepoint    ] Safepoint "Cleanup", Time since last: 1012761762 ns, Reaching safepoint: 59944 ns, At safepoint: 7323 ns, Total: 67267 ns
[2020-02-29T06:26:55.293+0000][1][safepoint    ] Safepoint "Cleanup", Time since last: 1004115397 ns, Reaching safepoint: 75660 ns, At safepoint: 7121 ns, Total: 82781 ns
[2020-02-29T06:26:55.799+0000][1][safepoint    ] Safepoint "RevokeBias", Time since last: 505133009 ns, Reaching safepoint: 70737 ns, At safepoint: 17748 ns, Total: 88485 ns
[2020-02-29T06:26:56.801+0000][1][safepoint    ] Safepoint "Cleanup", Time since last: 1002346615 ns, Reaching safepoint: 77172 ns, At safepoint: 7132 ns, Total: 84304 ns
[2020-02-29T06:26:57.802+0000][1][safepoint    ] Safepoint "Cleanup", Time since last: 1001222481 ns, Reaching safepoint: 75829 ns, At safepoint: 7228 ns, Total: 83057 ns
[2020-02-29T06:26:58.310+0000][1][safepoint    ] Safepoint "RevokeBias", Time since last: 507330143 ns, Reaching safepoint: 105639 ns, At safepoint: 20704 ns, Total: 126343 ns
[2020-02-29T06:26:59.314+0000][1][safepoint    ] Safepoint "Cleanup", Time since last: 1004213472 ns, Reaching safepoint: 129637 ns, At safepoint: 9041 ns, Total: 138678 ns
[2020-02-29T06:27:00.315+0000][1][safepoint    ] Safepoint "Cleanup", Time since last: 1000373684 ns, Reaching safepoint: 90436 ns, At safepoint: 9092 ns, Total: 99528 ns
[2020-02-29T06:27:00.825+0000][1][safepoint    ] Safepoint "RevokeBias", Time since last: 510423833 ns, Reaching safepoint: 98295 ns, At safepoint: 19051 ns, Total: 117346 ns
[2020-02-29T06:27:01.831+0000][1][safepoint    ] Safepoint "Cleanup", Time since last: 1005310768 ns, Reaching safepoint: 180303 ns, At safepoint: 111613 ns, Total: 291916 ns
[2020-02-29T06:27:02.832+0000][1][safepoint    ] Safepoint "Cleanup", Time since last: 1000912262 ns, Reaching safepoint: 77991 ns, At safepoint: 7747 ns, Total: 85738 ns
[2020-02-29T06:27:03.338+0000][1][safepoint    ] Safepoint "RevokeBias", Time since last: 505685531 ns, Reaching safepoint: 72727 ns, At safepoint: 17575 ns, Total: 90302 ns
[2020-02-29T06:27:04.345+0000][1][safepoint    ] Safepoint "Cleanup", Time since last: 1007559917 ns, Reaching safepoint: 186701 ns, At safepoint: 27654 ns, Total: 214355 ns
[2020-02-29T06:27:05.352+0000][1][safepoint    ] Safepoint "Cleanup", Time since last: 1006616893 ns, Reaching safepoint: 75721 ns, At safepoint: 6978 ns, Total: 82699 ns
[2020-02-29T06:27:05.865+0000][1][safepoint    ] Safepoint "RevokeBias", Time since last: 512357764 ns, Reaching safepoint: 78961 ns, At safepoint: 23171 ns, Total: 102132 ns
[2020-02-29T06:27:06.865+0000][1][safepoint    ] Safepoint "Cleanup", Time since last: 1000346068 ns, Reaching safepoint: 92135 ns, At safepoint: 7237 ns, Total: 99372 ns
[2020-02-29T06:27:07.868+0000][1][safepoint    ] Safepoint "Cleanup", Time since last: 1003204200 ns, Reaching safepoint: 103716 ns, At safepoint: 6963 ns, Total: 110679 ns
[2020-02-29T06:27:08.384+0000][1][safepoint    ] Safepoint "RevokeBias", Time since last: 515631897 ns, Reaching safepoint: 52630 ns, At safepoint: 15562 ns, Total: 68192 ns
[2020-02-29T06:27:09.387+0000][1][safepoint    ] Safepoint "Cleanup", Time since last: 1003157220 ns, Reaching safepoint: 75814 ns, At safepoint: 6799 ns, Total: 82613 ns
[2020-02-29T06:27:10.389+0000][1][safepoint    ] Safepoint "Cleanup", Time since last: 1001968597 ns, Reaching safepoint: 76120 ns, At safepoint: 6685 ns, Total: 82805 ns
[2020-02-29T06:27:10.907+0000][1][safepoint    ] Safepoint "RevokeBias", Time since last: 517969348 ns, Reaching safepoint: 72691 ns, At safepoint: 17061 ns, Total: 89752 ns
[2020-02-29T06:27:11.918+0000][1][safepoint    ] Safepoint "Cleanup", Time since last: 1010767409 ns, Reaching safepoint: 94304 ns, At safepoint: 7628 ns, Total: 101932 ns
[2020-02-29T06:27:12.925+0000][1][safepoint    ] Safepoint "Cleanup", Time since last: 1006973591 ns, Reaching safepoint: 77305 ns, At safepoint: 7749 ns, Total: 85054 ns
[2020-02-29T06:27:13.426+0000][1][safepoint    ] Safepoint "RevokeBias", Time since last: 497005033 ns, Reaching safepoint: 3902484 ns, At safepoint: 41105 ns, Total: 3943589 ns
[2020-02-29T06:27:14.499+0000][1][safepoint    ] Safepoint "Cleanup", Time since last: 1072957734 ns, Reaching safepoint: 89979 ns, At safepoint: 9640 ns, Total: 99619 ns
[2020-02-29T06:27:15.505+0000][1][safepoint    ] Safepoint "Cleanup", Time since last: 1005697269 ns, Reaching safepoint: 90062 ns, At safepoint: 7720 ns, Total: 97782 ns
[2020-02-29T06:27:15.941+0000][1][safepoint    ] Safepoint "RevokeBias", Time since last: 435929513 ns, Reaching safepoint: 129690 ns, At safepoint: 16777 ns, Total: 146467 ns
[2020-02-29T06:27:16.946+0000][1][safepoint    ] Safepoint "Cleanup", Time since last: 1005156162 ns, Reaching safepoint: 61420 ns, At safepoint: 7050 ns, Total: 68470 ns
[2020-02-29T06:27:17.947+0000][1][safepoint    ] Safepoint "Cleanup", Time since last: 1000703345 ns, Reaching safepoint: 60212 ns, At safepoint: 7324 ns, Total: 67536 ns
[2020-02-29T06:27:18.462+0000][1][safepoint    ] Safepoint "RevokeBias", Time since last: 514937166 ns, Reaching safepoint: 53977 ns, At safepoint: 16603 ns, Total: 70580 ns
[2020-02-29T06:27:19.463+0000][1][safepoint    ] Safepoint "Cleanup", Time since last: 1000554664 ns, Reaching safepoint: 125656 ns, At safepoint: 7246 ns, Total: 132902 ns
[2020-02-29T06:27:20.466+0000][1][safepoint    ] Safepoint "Cleanup", Time since last: 1003097551 ns, Reaching safepoint: 59606 ns, At safepoint: 6462 ns, Total: 66068 ns
[2020-02-29T06:27:20.992+0000][1][safepoint    ] Safepoint "RevokeBias", Time since last: 526043693 ns, Reaching safepoint: 52630 ns, At safepoint: 16594 ns, Total: 69224 ns
[2020-02-29T06:27:21.996+0000][1][safepoint    ] Safepoint "Cleanup", Time since last: 1003681952 ns, Reaching safepoint: 60682 ns, At safepoint: 7498 ns, Total: 68180 ns
[2020-02-29T06:27:22.996+0000][1][safepoint    ] Safepoint "Cleanup", Time since last: 1000285168 ns, Reaching safepoint: 74431 ns, At safepoint: 7183 ns, Total: 81614 ns
[2020-02-29T06:27:23.511+0000][1][safepoint    ] Safepoint "RevokeBias", Time since last: 515126012 ns, Reaching safepoint: 71736 ns, At safepoint: 17524 ns, Total: 89260 ns
[2020-02-29T06:27:24.512+0000][1][safepoint    ] Safepoint "Cleanup", Time since last: 1000600307 ns, Reaching safepoint: 60354 ns, At safepoint: 6825 ns, Total: 67179 ns
[2020-02-29T06:27:25.518+0000][1][safepoint    ] Safepoint "Cleanup", Time since last: 1005188345 ns, Reaching safepoint: 199043 ns, At safepoint: 7405 ns, Total: 206448 ns
[2020-02-29T06:27:26.035+0000][1][safepoint    ] Safepoint "RevokeBias", Time since last: 517509474 ns, Reaching safepoint: 135159 ns, At safepoint: 18321 ns, Total: 153480 ns
[2020-02-29T06:27:27.036+0000][1][safepoint    ] Safepoint "Cleanup", Time since last: 1000855863 ns, Reaching safepoint: 76047 ns, At safepoint: 7428 ns, Total: 83475 ns
[2020-02-29T06:27:28.276+0000][1][safepoint    ] Safepoint "Cleanup", Time since last: 1239807168 ns, Reaching safepoint: 59672 ns, At safepoint: 7226 ns, Total: 66898 ns
[2020-02-29T06:27:28.554+0000][1][safepoint    ] Safepoint "RevokeBias", Time since last: 278373510 ns, Reaching safepoint: 111282 ns, At safepoint: 19465 ns, Total: 130747 ns
[2020-02-29T06:27:29.555+0000][1][safepoint    ] Safepoint "Cleanup", Time since last: 1000641751 ns, Reaching safepoint: 89154 ns, At safepoint: 8087 ns, Total: 97241 ns
[2020-02-29T06:27:30.565+0000][1][safepoint    ] Safepoint "Cleanup", Time since last: 1009855435 ns, Reaching safepoint: 102111 ns, At safepoint: 6979 ns, Total: 109090 ns
[2020-02-29T06:27:31.074+0000][1][safepoint    ] Safepoint "RevokeBias", Time since last: 509024687 ns, Reaching safepoint: 100771 ns, At safepoint: 20500 ns, Total: 121271 ns
[2020-02-29T06:27:32.076+0000][1][safepoint    ] Safepoint "Cleanup", Time since last: 1001438491 ns, Reaching safepoint: 91626 ns, At safepoint: 6449 ns, Total: 98075 ns
[2020-02-29T06:27:33.077+0000][1][safepoint    ] Safepoint "Cleanup", Time since last: 1001305391 ns, Reaching safepoint: 109123 ns, At safepoint: 7164 ns, Total: 116287 ns
[2020-02-29T06:27:33.584+0000][1][safepoint    ] Safepoint "BulkRevokeBias", Time since last: 506615438 ns, Reaching safepoint: 103133 ns, At safepoint: 275304 ns, Total: 378437 ns
[2020-02-29T06:27:34.585+0000][1][safepoint    ] Safepoint "Cleanup", Time since last: 1000226068 ns, Reaching safepoint: 77932 ns, At safepoint: 8170 ns, Total: 86102 ns
[2020-02-29T06:27:35.585+0000][1][safepoint    ] Safepoint "Cleanup", Time since last: 1000776711 ns, Reaching safepoint: 76113 ns, At safepoint: 6824 ns, Total: 82937 ns
[2020-02-29T06:27:36.097+0000][1][safepoint    ] Safepoint "RevokeBias", Time since last: 511101378 ns, Reaching safepoint: 228911 ns, At safepoint: 20837 ns, Total: 249748 ns
[2020-02-29T06:27:37.106+0000][1][safepoint    ] Safepoint "Cleanup", Time since last: 1008868531 ns, Reaching safepoint: 60403 ns, At safepoint: 6840 ns, Total: 67243 ns
[2020-02-29T06:27:38.107+0000][1][safepoint    ] Safepoint "Cleanup", Time since last: 1001268900 ns, Reaching safepoint: 59788 ns, At safepoint: 7075 ns, Total: 66863 ns
[2020-02-29T06:27:38.611+0000][1][safepoint    ] Safepoint "RevokeBias", Time since last: 503401852 ns, Reaching safepoint: 67774 ns, At safepoint: 16673 ns, Total: 84447 ns
[2020-02-29T06:27:39.616+0000][1][safepoint    ] Safepoint "Cleanup", Time since last: 1005042798 ns, Reaching safepoint: 60959 ns, At safepoint: 7440 ns, Total: 68399 ns
[2020-02-29T06:27:40.622+0000][1][safepoint    ] Safepoint "Cleanup", Time since last: 1006681815 ns, Reaching safepoint: 61668 ns, At safepoint: 6355 ns, Total: 68023 ns
[2020-02-29T06:27:41.130+0000][1][safepoint    ] Safepoint "RevokeBias", Time since last: 507751263 ns, Reaching safepoint: 72737 ns, At safepoint: 17276 ns, Total: 90013 ns
[2020-02-29T06:27:42.131+0000][1][safepoint    ] Safepoint "Cleanup", Time since last: 1000789085 ns, Reaching safepoint: 80081 ns, At safepoint: 7056 ns, Total: 87137 ns
[2020-02-29T06:27:43.132+0000][1][safepoint    ] Safepoint "Cleanup", Time since last: 1000774780 ns, Reaching safepoint: 93090 ns, At safepoint: 11242 ns, Total: 104332 ns
[2020-02-29T06:27:43.656+0000][1][safepoint    ] Safepoint "RevokeBias", Time since last: 523840852 ns, Reaching safepoint: 51925 ns, At safepoint: 32540 ns, Total: 84465 ns
[2020-02-29T06:27:44.657+0000][1][safepoint    ] Safepoint "Cleanup", Time since last: 1000827620 ns, Reaching safepoint: 77144 ns, At safepoint: 7892 ns, Total: 85036 ns
[2020-02-29T06:27:45.809+0000][1][safepoint    ] Safepoint "Cleanup", Time since last: 1152201576 ns, Reaching safepoint: 75672 ns, At safepoint: 7048 ns, Total: 82720 ns
[2020-02-29T06:27:46.174+0000][1][safepoint    ] Safepoint "RevokeBias", Time since last: 364959236 ns, Reaching safepoint: 111835 ns, At safepoint: 19521 ns, Total: 131356 ns
[2020-02-29T06:27:47.185+0000][1][safepoint    ] Safepoint "Cleanup", Time since last: 1010563027 ns, Reaching safepoint: 76332 ns, At safepoint: 7338 ns, Total: 83670 ns
[2020-02-29T06:27:48.187+0000][1][safepoint    ] Safepoint "Cleanup", Time since last: 1002486798 ns, Reaching safepoint: 59441 ns, At safepoint: 6756 ns, Total: 66197 ns
[2020-02-29T06:27:48.697+0000][1][safepoint    ] Safepoint "RevokeBias", Time since last: 509756824 ns, Reaching safepoint: 69608 ns, At safepoint: 17193 ns, Total: 86801 ns
[2020-02-29T06:27:49.700+0000][1][safepoint    ] Safepoint "Cleanup", Time since last: 1002754409 ns, Reaching safepoint: 72802 ns, At safepoint: 5736 ns, Total: 78538 ns
[2020-02-29T06:27:50.701+0000][1][safepoint    ] Safepoint "Cleanup", Time since last: 1001026421 ns, Reaching safepoint: 75890 ns, At safepoint: 6540 ns, Total: 82430 ns
[2020-02-29T06:27:51.215+0000][1][safepoint    ] Safepoint "RevokeBias", Time since last: 513253838 ns, Reaching safepoint: 54235 ns, At safepoint: 15753 ns, Total: 69988 ns
[2020-02-29T06:27:52.221+0000][1][safepoint    ] Safepoint "Cleanup", Time since last: 1006730219 ns, Reaching safepoint: 166293 ns, At safepoint: 6398 ns, Total: 172691 ns
[2020-02-29T06:27:53.222+0000][1][safepoint    ] Safepoint "Cleanup", Time since last: 1000690172 ns, Reaching safepoint: 154128 ns, At safepoint: 41616 ns, Total: 195744 ns
[2020-02-29T06:27:53.742+0000][1][safepoint    ] Safepoint "RevokeBias", Time since last: 519816529 ns, Reaching safepoint: 52490 ns, At safepoint: 15098 ns, Total: 67588 ns
[2020-02-29T06:27:54.748+0000][1][safepoint    ] Safepoint "Cleanup", Time since last: 1006026088 ns, Reaching safepoint: 61389 ns, At safepoint: 7025 ns, Total: 68414 ns
[2020-02-29T06:27:55.759+0000][1][safepoint    ] Safepoint "Cleanup", Time since last: 1010649281 ns, Reaching safepoint: 75265 ns, At safepoint: 7231 ns, Total: 82496 ns
[2020-02-29T06:27:56.266+0000][1][safepoint    ] Safepoint "RevokeBias", Time since last: 507306872 ns, Reaching safepoint: 70566 ns, At safepoint: 17080 ns, Total: 87646 ns
[2020-02-29T06:27:57.274+0000][1][safepoint    ] Safepoint "Cleanup", Time since last: 1007565250 ns, Reaching safepoint: 76554 ns, At safepoint: 7540 ns, Total: 84094 ns
[2020-02-29T06:27:58.293+0000][1][safepoint    ] Safepoint "Cleanup", Time since last: 1019235456 ns, Reaching safepoint: 80595 ns, At safepoint: 8187 ns, Total: 88782 ns
[2020-02-29T06:27:58.790+0000][1][safepoint    ] Safepoint "RevokeBias", Time since last: 496789186 ns, Reaching safepoint: 71935 ns, At safepoint: 17138 ns, Total: 89073 ns
[2020-02-29T06:27:59.791+0000][1][safepoint    ] Safepoint "Cleanup", Time since last: 1000921638 ns, Reaching safepoint: 77640 ns, At safepoint: 7366 ns, Total: 85006 ns
[2020-02-29T06:28:00.796+0000][1][safepoint    ] Safepoint "Cleanup", Time since last: 1004780226 ns, Reaching safepoint: 75117 ns, At safepoint: 7332 ns, Total: 82449 ns
[2020-02-29T06:28:01.318+0000][1][safepoint    ] Safepoint "RevokeBias", Time since last: 521375232 ns, Reaching safepoint: 71242 ns, At safepoint: 16941 ns, Total: 88183 ns
[2020-02-29T06:28:02.323+0000][1][safepoint    ] Safepoint "Cleanup", Time since last: 1005547878 ns, Reaching safepoint: 59505 ns, At safepoint: 7256 ns, Total: 66761 ns
[2020-02-29T06:28:03.324+0000][1][safepoint    ] Safepoint "Cleanup", Time since last: 1000325129 ns, Reaching safepoint: 79124 ns, At safepoint: 7845 ns, Total: 86969 ns
[2020-02-29T06:28:03.846+0000][1][safepoint    ] Safepoint "RevokeBias", Time since last: 521755224 ns, Reaching safepoint: 87215 ns, At safepoint: 20090 ns, Total: 107305 ns
[2020-02-29T06:28:04.848+0000][1][safepoint    ] Safepoint "Cleanup", Time since last: 1002434972 ns, Reaching safepoint: 88357 ns, At safepoint: 6933 ns, Total: 95290 ns
[2020-02-29T06:28:05.852+0000][1][safepoint    ] Safepoint "Cleanup", Time since last: 1004307112 ns, Reaching safepoint: 58935 ns, At safepoint: 7169 ns, Total: 66104 ns
[2020-02-29T06:28:06.364+0000][1][safepoint    ] Safepoint "RevokeBias", Time since last: 511794971 ns, Reaching safepoint: 103008 ns, At safepoint: 17652 ns, Total: 120660 ns
[2020-02-29T06:28:07.369+0000][1][safepoint    ] Safepoint "Cleanup", Time since last: 1004499701 ns, Reaching safepoint: 59699 ns, At safepoint: 6413 ns, Total: 66112 ns
[2020-02-29T06:28:08.377+0000][1][safepoint    ] Safepoint "Cleanup", Time since last: 1008090293 ns, Reaching safepoint: 103466 ns, At safepoint: 7009 ns, Total: 110475 ns
[2020-02-29T06:28:08.878+0000][1][safepoint    ] Safepoint "RevokeBias", Time since last: 500950164 ns, Reaching safepoint: 77011 ns, At safepoint: 19605 ns, Total: 96616 ns
[2020-02-29T06:28:09.884+0000][1][safepoint    ] Safepoint "Cleanup", Time since last: 1005879835 ns, Reaching safepoint: 155864 ns, At safepoint: 22774 ns, Total: 178638 ns
[2020-02-29T06:28:10.885+0000][1][safepoint    ] Safepoint "Cleanup", Time since last: 1000451325 ns, Reaching safepoint: 94398 ns, At safepoint: 6208 ns, Total: 100606 ns
[2020-02-29T06:28:11.406+0000][1][safepoint    ] Safepoint "RevokeBias", Time since last: 521443041 ns, Reaching safepoint: 52595 ns, At safepoint: 15537 ns, Total: 68132 ns
[2020-02-29T06:28:12.413+0000][1][safepoint    ] Safepoint "Cleanup", Time since last: 1006748396 ns, Reaching safepoint: 77179 ns, At safepoint: 7025 ns, Total: 84204 ns
[2020-02-29T06:28:13.418+0000][1][safepoint    ] Safepoint "Cleanup", Time since last: 1004966073 ns, Reaching safepoint: 59029 ns, At safepoint: 6739 ns, Total: 65768 ns
[2020-02-29T06:28:13.919+0000][1][safepoint    ] Safepoint "RevokeBias", Time since last: 500425064 ns, Reaching safepoint: 154702 ns, At safepoint: 50344 ns, Total: 205046 ns
[2020-02-29T06:28:14.841+0000][1][gc,start     ] GC(74) Pause Young (Allocation Failure)
[2020-02-29T06:28:14.841+0000][1][gc,task      ] GC(74) Using 1 workers of 1 for evacuation
[2020-02-29T06:28:14.851+0000][1][gc,age       ] GC(74) Desired survivor size 4358144 bytes, new threshold 6 (max threshold 6)
[2020-02-29T06:28:14.851+0000][1][gc,age       ] GC(74) Age table with threshold 6 (max threshold 6)
[2020-02-29T06:28:14.851+0000][1][gc,age       ] GC(74) - age   1:      11480 bytes,      11480 total
[2020-02-29T06:28:14.851+0000][1][gc,age       ] GC(74) - age   2:        256 bytes,      11736 total
[2020-02-29T06:28:14.851+0000][1][gc,age       ] GC(74) - age   3:        128 bytes,      11864 total
[2020-02-29T06:28:14.851+0000][1][gc,age       ] GC(74) - age   4:       1112 bytes,      12976 total
[2020-02-29T06:28:14.851+0000][1][gc,age       ] GC(74) - age   5:         72 bytes,      13048 total
[2020-02-29T06:28:14.851+0000][1][gc,age       ] GC(74) - age   6:       1256 bytes,      14304 total
[2020-02-29T06:28:14.851+0000][1][gc,heap      ] GC(74) ParNew: 68178K->26K(76672K)
[2020-02-29T06:28:14.851+0000][1][gc,heap      ] GC(74) CMS: 62568K->62568K(963392K)
[2020-02-29T06:28:14.851+0000][1][gc,metaspace ] GC(74) Metaspace: 79863K->79863K(1122304K)
[2020-02-29T06:28:14.851+0000][1][gc           ] GC(74) Pause Young (Allocation Failure) 127M->61M(1015M) 9.825ms
[2020-02-29T06:28:14.851+0000][1][gc,cpu       ] GC(74) User=0.01s Sys=0.00s Real=0.01s
[2020-02-29T06:28:14.851+0000][1][safepoint    ] Safepoint "GenCollectForAllocation", Time since last: 921993124 ns, Reaching safepoint: 73504 ns, At safepoint: 9879680 ns, Total: 9953184 ns
[2020-02-29T06:28:15.855+0000][1][safepoint    ] Safepoint "Cleanup", Time since last: 1004062063 ns, Reaching safepoint: 144695 ns, At safepoint: 7642 ns, Total: 152337 ns
[2020-02-29T06:28:16.441+0000][1][safepoint    ] Safepoint "RevokeBias", Time since last: 586008622 ns, Reaching safepoint: 84834 ns, At safepoint: 21013 ns, Total: 105847 ns
[2020-02-29T06:28:17.449+0000][1][safepoint    ] Safepoint "Cleanup", Time since last: 1007631034 ns, Reaching safepoint: 58772 ns, At safepoint: 5854 ns, Total: 64626 ns
[2020-02-29T06:28:18.455+0000][1][safepoint    ] Safepoint "Cleanup", Time since last: 1006168977 ns, Reaching safepoint: 127481 ns, At safepoint: 25763 ns, Total: 153244 ns
[2020-02-29T06:28:18.979+0000][1][safepoint    ] Safepoint "RevokeBias", Time since last: 524328656 ns, Reaching safepoint: 67068 ns, At safepoint: 22500 ns, Total: 89568 ns
[2020-02-29T06:28:20.046+0000][1][safepoint    ] Safepoint "Cleanup", Time since last: 1066824955 ns, Reaching safepoint: 77233 ns, At safepoint: 6932 ns, Total: 84165 ns
[2020-02-29T06:28:21.057+0000][1][safepoint    ] Safepoint "Cleanup", Time since last: 1010378408 ns, Reaching safepoint: 62164 ns, At safepoint: 7358 ns, Total: 69522 ns
[2020-02-29T06:28:21.485+0000][1][safepoint    ] Safepoint "RevokeBias", Time since last: 428018742 ns, Reaching safepoint: 52411 ns, At safepoint: 15539 ns, Total: 67950 ns
[2020-02-29T06:28:22.495+0000][1][safepoint    ] Safepoint "Cleanup", Time since last: 1009965252 ns, Reaching safepoint: 76743 ns, At safepoint: 7037 ns, Total: 83780 ns
[2020-02-29T06:28:23.498+0000][1][safepoint    ] Safepoint "Cleanup", Time since last: 1003101185 ns, Reaching safepoint: 96901 ns, At safepoint: 6860 ns, Total: 103761 ns
[2020-02-29T06:28:24.001+0000][1][safepoint    ] Safepoint "RevokeBias", Time since last: 502994770 ns, Reaching safepoint: 138890 ns, At safepoint: 38433 ns, Total: 177323 ns
[2020-02-29T06:28:25.003+0000][1][safepoint    ] Safepoint "Cleanup", Time since last: 1001278922 ns, Reaching safepoint: 74911 ns, At safepoint: 7057 ns, Total: 81968 ns
[2020-02-29T06:28:26.003+0000][1][safepoint    ] Safepoint "Cleanup", Time since last: 1000275703 ns, Reaching safepoint: 58264 ns, At safepoint: 6484 ns, Total: 64748 ns
[2020-02-29T06:28:26.523+0000][1][safepoint    ] Safepoint "RevokeBias", Time since last: 520111749 ns, Reaching safepoint: 54701 ns, At safepoint: 17466 ns, Total: 72167 ns
[2020-02-29T06:28:27.527+0000][1][safepoint    ] Safepoint "Cleanup", Time since last: 1003885477 ns, Reaching safepoint: 59197 ns, At safepoint: 6718 ns, Total: 65915 ns
[2020-02-29T06:28:28.531+0000][1][safepoint    ] Safepoint "Cleanup", Time since last: 1003574756 ns, Reaching safepoint: 62716 ns, At safepoint: 7109 ns, Total: 69825 ns
[2020-02-29T06:28:29.050+0000][1][safepoint    ] Safepoint "RevokeBias", Time since last: 518443270 ns, Reaching safepoint: 195767 ns, At safepoint: 55078 ns, Total: 250845 ns
[2020-02-29T06:28:30.051+0000][1][safepoint    ] Safepoint "Cleanup", Time since last: 1001019315 ns, Reaching safepoint: 76647 ns, At safepoint: 7323 ns, Total: 83970 ns
[2020-02-29T06:28:31.052+0000][1][safepoint    ] Safepoint "Cleanup", Time since last: 1001121498 ns, Reaching safepoint: 112294 ns, At safepoint: 7348 ns, Total: 119642 ns
[2020-02-29T06:28:31.563+0000][1][safepoint    ] Safepoint "RevokeBias", Time since last: 511221093 ns, Reaching safepoint: 52907 ns, At safepoint: 15560 ns, Total: 68467 ns
[2020-02-29T06:28:32.567+0000][1][safepoint    ] Safepoint "Cleanup", Time since last: 1003708472 ns, Reaching safepoint: 75069 ns, At safepoint: 6396 ns, Total: 81465 ns
[2020-02-29T06:28:33.570+0000][1][safepoint    ] Safepoint "Cleanup", Time since last: 1003165690 ns, Reaching safepoint: 81438 ns, At safepoint: 7399 ns, Total: 88837 ns
[2020-02-29T06:28:34.071+0000][1][safepoint    ] Safepoint "RevokeBias", Time since last: 500661430 ns, Reaching safepoint: 88772 ns, At safepoint: 17617 ns, Total: 106389 ns
[2020-02-29T06:28:35.075+0000][1][safepoint    ] Safepoint "Cleanup", Time since last: 1004261197 ns, Reaching safepoint: 79144 ns, At safepoint: 7249 ns, Total: 86393 ns
[2020-02-29T06:28:36.080+0000][1][safepoint    ] Safepoint "Cleanup", Time since last: 1004482793 ns, Reaching safepoint: 74932 ns, At safepoint: 6973 ns, Total: 81905 ns
[2020-02-29T06:28:36.582+0000][1][safepoint    ] Safepoint "RevokeBias", Time since last: 501942073 ns, Reaching safepoint: 109283 ns, At safepoint: 34066 ns, Total: 143349 ns
[2020-02-29T06:28:37.586+0000][1][safepoint    ] Safepoint "Cleanup", Time since last: 1004194083 ns, Reaching safepoint: 61090 ns, At safepoint: 7425 ns, Total: 68515 ns
[2020-02-29T06:28:38.597+0000][1][safepoint    ] Safepoint "Cleanup", Time since last: 1010885918 ns, Reaching safepoint: 84634 ns, At safepoint: 8669 ns, Total: 93303 ns
[2020-02-29T06:28:39.108+0000][1][safepoint    ] Safepoint "RevokeBias", Time since last: 510547232 ns, Reaching safepoint: 52282 ns, At safepoint: 16083 ns, Total: 68365 ns
[2020-02-29T06:28:40.114+0000][1][safepoint    ] Safepoint "Cleanup", Time since last: 1005857968 ns, Reaching safepoint: 111370 ns, At safepoint: 8233 ns, Total: 119603 ns
[2020-02-29T06:28:41.119+0000][1][safepoint    ] Safepoint "Cleanup", Time since last: 1005454154 ns, Reaching safepoint: 62757 ns, At safepoint: 7728 ns, Total: 70485 ns
[2020-02-29T06:28:41.627+0000][1][safepoint    ] Safepoint "RevokeBias", Time since last: 507860314 ns, Reaching safepoint: 67370 ns, At safepoint: 18090 ns, Total: 85460 ns
[2020-02-29T06:28:42.631+0000][1][safepoint    ] Safepoint "Cleanup", Time since last: 1004034146 ns, Reaching safepoint: 111785 ns, At safepoint: 7063 ns, Total: 118848 ns
[2020-02-29T06:28:43.633+0000][1][safepoint    ] Safepoint "Cleanup", Time since last: 1001893098 ns, Reaching safepoint: 76143 ns, At safepoint: 6517 ns, Total: 82660 ns
[2020-02-29T06:28:44.147+0000][1][safepoint    ] Safepoint "RevokeBias", Time since last: 513009214 ns, Reaching safepoint: 104212 ns, At safepoint: 20127 ns, Total: 124339 ns
[2020-02-29T06:28:45.153+0000][1][safepoint    ] Safepoint "Cleanup", Time since last: 1006766993 ns, Reaching safepoint: 96355 ns, At safepoint: 8074 ns, Total: 104429 ns
[2020-02-29T06:28:46.160+0000][1][safepoint    ] Safepoint "Cleanup", Time since last: 1006832110 ns, Reaching safepoint: 72323 ns, At safepoint: 9617 ns, Total: 81940 ns
[2020-02-29T06:28:46.661+0000][1][safepoint    ] Safepoint "BulkRevokeBias", Time since last: 499951116 ns, Reaching safepoint: 216332 ns, At safepoint: 494490 ns, Total: 710822 ns
[2020-02-29T06:28:47.667+0000][1][safepoint    ] Safepoint "Cleanup", Time since last: 1006086224 ns, Reaching safepoint: 72040 ns, At safepoint: 5480 ns, Total: 77520 ns
[2020-02-29T06:28:48.676+0000][1][safepoint    ] Safepoint "Cleanup", Time since last: 1008873027 ns, Reaching safepoint: 59386 ns, At safepoint: 6046 ns, Total: 65432 ns
[2020-02-29T06:28:49.180+0000][1][safepoint    ] Safepoint "RevokeBias", Time since last: 503961812 ns, Reaching safepoint: 72326 ns, At safepoint: 17474 ns, Total: 89800 ns
[2020-02-29T06:28:50.186+0000][1][safepoint    ] Safepoint "Cleanup", Time since last: 1005697559 ns, Reaching safepoint: 78431 ns, At safepoint: 8117 ns, Total: 86548 ns
[2020-02-29T06:28:51.191+0000][1][safepoint    ] Safepoint "Cleanup", Time since last: 1004858004 ns, Reaching safepoint: 153783 ns, At safepoint: 27631 ns, Total: 181414 ns
[2020-02-29T06:28:51.692+0000][1][safepoint    ] Safepoint "RevokeBias", Time since last: 501227909 ns, Reaching safepoint: 84066 ns, At safepoint: 20733 ns, Total: 104799 ns
[2020-02-29T06:28:52.701+0000][1][safepoint    ] Safepoint "Cleanup", Time since last: 1008417691 ns, Reaching safepoint: 59275 ns, At safepoint: 6938 ns, Total: 66213 ns
[2020-02-29T06:28:53.704+0000][1][safepoint    ] Safepoint "Cleanup", Time since last: 1003176531 ns, Reaching safepoint: 131586 ns, At safepoint: 7224 ns, Total: 138810 ns
[2020-02-29T06:28:54.202+0000][1][safepoint    ] Safepoint "RevokeBias", Time since last: 498169615 ns, Reaching safepoint: 71788 ns, At safepoint: 16187 ns, Total: 87975 ns
[2020-02-29T06:28:55.211+0000][1][safepoint    ] Safepoint "Cleanup", Time since last: 1008740531 ns, Reaching safepoint: 85006 ns, At safepoint: 8093 ns, Total: 93099 ns
[2020-02-29T06:28:56.212+0000][1][safepoint    ] Safepoint "Cleanup", Time since last: 1000569387 ns, Reaching safepoint: 74665 ns, At safepoint: 5819 ns, Total: 80484 ns
[2020-02-29T06:28:56.720+0000][1][safepoint    ] Safepoint "RevokeBias", Time since last: 508348172 ns, Reaching safepoint: 211166 ns, At safepoint: 69835 ns, Total: 281001 ns
[2020-02-29T06:28:57.726+0000][1][safepoint    ] Safepoint "Cleanup", Time since last: 1005499992 ns, Reaching safepoint: 57621 ns, At safepoint: 5664 ns, Total: 63285 ns
[2020-02-29T06:28:58.729+0000][1][safepoint    ] Safepoint "Cleanup", Time since last: 1003174182 ns, Reaching safepoint: 58491 ns, At safepoint: 6886 ns, Total: 65377 ns
[2020-02-29T06:28:59.241+0000][1][safepoint    ] Safepoint "RevokeBias", Time since last: 511130385 ns, Reaching safepoint: 142264 ns, At safepoint: 24246 ns, Total: 166510 ns
[2020-02-29T06:29:00.246+0000][1][safepoint    ] Safepoint "Cleanup", Time since last: 1005676541 ns, Reaching safepoint: 59661 ns, At safepoint: 6927 ns, Total: 66588 ns
[2020-02-29T06:29:01.250+0000][1][safepoint    ] Safepoint "Cleanup", Time since last: 1003090171 ns, Reaching safepoint: 118142 ns, At safepoint: 8992 ns, Total: 127134 ns
[2020-02-29T06:29:01.767+0000][1][safepoint    ] Safepoint "RevokeBias", Time since last: 517564459 ns, Reaching safepoint: 72435 ns, At safepoint: 17837 ns, Total: 90272 ns
[2020-02-29T06:29:02.769+0000][1][safepoint    ] Safepoint "Cleanup", Time since last: 1001771536 ns, Reaching safepoint: 136003 ns, At safepoint: 7533 ns, Total: 143536 ns
[2020-02-29T06:29:03.773+0000][1][safepoint    ] Safepoint "Cleanup", Time since last: 1003900930 ns, Reaching safepoint: 59583 ns, At safepoint: 7051 ns, Total: 66634 ns
[2020-02-29T06:29:04.286+0000][1][safepoint    ] Safepoint "RevokeBias", Time since last: 513147750 ns, Reaching safepoint: 55360 ns, At safepoint: 16000 ns, Total: 71360 ns
[2020-02-29T06:29:05.290+0000][1][safepoint    ] Safepoint "Cleanup", Time since last: 1003794946 ns, Reaching safepoint: 96635 ns, At safepoint: 7671 ns, Total: 104306 ns
[2020-02-29T06:29:06.294+0000][1][safepoint    ] Safepoint "Cleanup", Time since last: 1003996454 ns, Reaching safepoint: 77302 ns, At safepoint: 7180 ns, Total: 84482 ns
[2020-02-29T06:29:06.807+0000][1][safepoint    ] Safepoint "RevokeBias", Time since last: 513058298 ns, Reaching safepoint: 69176 ns, At safepoint: 17299 ns, Total: 86475 ns
[2020-02-29T06:29:07.808+0000][1][safepoint    ] Safepoint "Cleanup", Time since last: 1000146486 ns, Reaching safepoint: 80074 ns, At safepoint: 8104 ns, Total: 88178 ns
[2020-02-29T06:29:08.813+0000][1][safepoint    ] Safepoint "Cleanup", Time since last: 1005539032 ns, Reaching safepoint: 75439 ns, At safepoint: 7135 ns, Total: 82574 ns
[2020-02-29T06:29:09.326+0000][1][safepoint    ] Safepoint "RevokeBias", Time since last: 512784762 ns, Reaching safepoint: 71318 ns, At safepoint: 16807 ns, Total: 88125 ns
[2020-02-29T06:29:10.329+0000][1][safepoint    ] Safepoint "Cleanup", Time since last: 1003043420 ns, Reaching safepoint: 74731 ns, At safepoint: 6678 ns, Total: 81409 ns
[2020-02-29T06:29:11.330+0000][1][safepoint    ] Safepoint "Cleanup", Time since last: 1000411915 ns, Reaching safepoint: 73295 ns, At safepoint: 6450 ns, Total: 79745 ns
[2020-02-29T06:29:11.847+0000][1][safepoint    ] Safepoint "RevokeBias", Time since last: 517002963 ns, Reaching safepoint: 88213 ns, At safepoint: 20294 ns, Total: 108507 ns
[2020-02-29T06:29:12.857+0000][1][safepoint    ] Safepoint "Cleanup", Time since last: 1010140918 ns, Reaching safepoint: 95932 ns, At safepoint: 7557 ns, Total: 103489 ns
[2020-02-29T06:29:13.858+0000][1][safepoint    ] Safepoint "Cleanup", Time since last: 1000800840 ns, Reaching safepoint: 75138 ns, At safepoint: 6862 ns, Total: 82000 ns
[2020-02-29T06:29:14.361+0000][1][safepoint    ] Safepoint "RevokeBias", Time since last: 502592003 ns, Reaching safepoint: 53750 ns, At safepoint: 15849 ns, Total: 69599 ns
[2020-02-29T06:29:15.361+0000][1][safepoint    ] Safepoint "Cleanup", Time since last: 1000370530 ns, Reaching safepoint: 79412 ns, At safepoint: 7738 ns, Total: 87150 ns
[2020-02-29T06:29:16.361+0000][1][safepoint    ] Safepoint "Cleanup", Time since last: 1000275987 ns, Reaching safepoint: 90204 ns, At safepoint: 11842 ns, Total: 102046 ns
[2020-02-29T06:29:16.873+0000][1][safepoint    ] Safepoint "RevokeBias", Time since last: 511707483 ns, Reaching safepoint: 70789 ns, At safepoint: 16511 ns, Total: 87300 ns
[2020-02-29T06:29:17.877+0000][1][safepoint    ] Safepoint "Cleanup", Time since last: 1004014722 ns, Reaching safepoint: 55077 ns, At safepoint: 6396 ns, Total: 61473 ns
[2020-02-29T06:29:18.883+0000][1][safepoint    ] Safepoint "Cleanup", Time since last: 1005866892 ns, Reaching safepoint: 125092 ns, At safepoint: 6638 ns, Total: 131730 ns
[2020-02-29T06:29:19.386+0000][1][safepoint    ] Safepoint "RevokeBias", Time since last: 502434597 ns, Reaching safepoint: 53027 ns, At safepoint: 15627 ns, Total: 68654 ns
[2020-02-29T06:29:20.389+0000][1][safepoint    ] Safepoint "Cleanup", Time since last: 1002899219 ns, Reaching safepoint: 57631 ns, At safepoint: 6354 ns, Total: 63985 ns
[2020-02-29T06:29:21.399+0000][1][safepoint    ] Safepoint "Cleanup", Time since last: 1010059404 ns, Reaching safepoint: 120453 ns, At safepoint: 7102 ns, Total: 127555 ns
[2020-02-29T06:29:21.900+0000][1][safepoint    ] Safepoint "RevokeBias", Time since last: 500968749 ns, Reaching safepoint: 72152 ns, At safepoint: 77674 ns, Total: 149826 ns
[2020-02-29T06:29:23.207+0000][1][safepoint    ] Safepoint "Cleanup", Time since last: 1306910141 ns, Reaching safepoint: 241631 ns, At safepoint: 30441 ns, Total: 272072 ns
[2020-02-29T06:29:24.210+0000][1][safepoint    ] Safepoint "Cleanup", Time since last: 1002171463 ns, Reaching safepoint: 53385 ns, At safepoint: 5104 ns, Total: 58489 ns
[2020-02-29T06:29:24.426+0000][1][safepoint    ] Safepoint "RevokeBias", Time since last: 216181871 ns, Reaching safepoint: 71572 ns, At safepoint: 16876 ns, Total: 88448 ns
[2020-02-29T06:29:25.426+0000][1][safepoint    ] Safepoint "Cleanup", Time since last: 1000261399 ns, Reaching safepoint: 57057 ns, At safepoint: 5606 ns, Total: 62663 ns
[2020-02-29T06:29:26.431+0000][1][safepoint    ] Safepoint "Cleanup", Time since last: 1005102728 ns, Reaching safepoint: 59799 ns, At safepoint: 7092 ns, Total: 66891 ns
[2020-02-29T06:29:26.956+0000][1][safepoint    ] Safepoint "RevokeBias", Time since last: 524289822 ns, Reaching safepoint: 57202 ns, At safepoint: 16484 ns, Total: 73686 ns
[2020-02-29T06:29:27.960+0000][1][safepoint    ] Safepoint "Cleanup", Time since last: 1004011271 ns, Reaching safepoint: 63242 ns, At safepoint: 7981 ns, Total: 71223 ns
[2020-02-29T06:29:28.960+0000][1][safepoint    ] Safepoint "Cleanup", Time since last: 1000472901 ns, Reaching safepoint: 59244 ns, At safepoint: 6740 ns, Total: 65984 ns
[2020-02-29T06:29:29.477+0000][1][safepoint    ] Safepoint "RevokeBias", Time since last: 516141084 ns, Reaching safepoint: 70585 ns, At safepoint: 17165 ns, Total: 87750 ns
[2020-02-29T06:29:30.478+0000][1][safepoint    ] Safepoint "Cleanup", Time since last: 1001242043 ns, Reaching safepoint: 60518 ns, At safepoint: 6706 ns, Total: 67224 ns
[2020-02-29T06:29:31.483+0000][1][safepoint    ] Safepoint "Cleanup", Time since last: 1005102072 ns, Reaching safepoint: 77723 ns, At safepoint: 7710 ns, Total: 85433 ns
[2020-02-29T06:29:32.013+0000][1][safepoint    ] Safepoint "RevokeBias", Time since last: 529753427 ns, Reaching safepoint: 53286 ns, At safepoint: 15761 ns, Total: 69047 ns
[2020-02-29T06:29:33.013+0000][1][safepoint    ] Safepoint "Cleanup", Time since last: 1000380714 ns, Reaching safepoint: 75295 ns, At safepoint: 7382 ns, Total: 82677 ns
[2020-02-29T06:29:34.017+0000][1][safepoint    ] Safepoint "Cleanup", Time since last: 1004033549 ns, Reaching safepoint: 60967 ns, At safepoint: 6428 ns, Total: 67395 ns
[2020-02-29T06:29:34.524+0000][1][safepoint    ] Safepoint "RevokeBias", Time since last: 506181127 ns, Reaching safepoint: 86661 ns, At safepoint: 21140 ns, Total: 107801 ns
[2020-02-29T06:29:35.529+0000][1][safepoint    ] Safepoint "Cleanup", Time since last: 1005323956 ns, Reaching safepoint: 59533 ns, At safepoint: 7110 ns, Total: 66643 ns
[2020-02-29T06:29:36.533+0000][1][safepoint    ] Safepoint "Cleanup", Time since last: 1004082255 ns, Reaching safepoint: 62034 ns, At safepoint: 7592 ns, Total: 69626 ns
[2020-02-29T06:29:37.041+0000][1][safepoint    ] Safepoint "RevokeBias", Time since last: 507178412 ns, Reaching safepoint: 95439 ns, At safepoint: 54293 ns, Total: 149732 ns
[2020-02-29T06:29:38.044+0000][1][safepoint    ] Safepoint "Cleanup", Time since last: 1003436763 ns, Reaching safepoint: 79760 ns, At safepoint: 6892 ns, Total: 86652 ns
[2020-02-29T06:29:39.055+0000][1][safepoint    ] Safepoint "Cleanup", Time since last: 1011163462 ns, Reaching safepoint: 77282 ns, At safepoint: 7772 ns, Total: 85054 ns
[2020-02-29T06:29:39.566+0000][1][safepoint    ] Safepoint "RevokeBias", Time since last: 509863278 ns, Reaching safepoint: 250057 ns, At safepoint: 50845 ns, Total: 300902 ns
[2020-02-29T06:29:40.567+0000][1][safepoint    ] Safepoint "Cleanup", Time since last: 1001739635 ns, Reaching safepoint: 142949 ns, At safepoint: 7766 ns, Total: 150715 ns
[2020-02-29T06:29:41.568+0000][1][safepoint    ] Safepoint "Cleanup", Time since last: 1000829273 ns, Reaching safepoint: 119620 ns, At safepoint: 25163 ns, Total: 144783 ns
[2020-02-29T06:29:42.097+0000][1][safepoint    ] Safepoint "RevokeBias", Time since last: 525064449 ns, Reaching safepoint: 3998293 ns, At safepoint: 53997 ns, Total: 4052290 ns
[2020-02-29T06:29:43.098+0000][1][safepoint    ] Safepoint "Cleanup", Time since last: 1000433549 ns, Reaching safepoint: 80585 ns, At safepoint: 6933 ns, Total: 87518 ns
[2020-02-29T06:29:44.099+0000][1][safepoint    ] Safepoint "Cleanup", Time since last: 1000600649 ns, Reaching safepoint: 83220 ns, At safepoint: 8921 ns, Total: 92141 ns
[2020-02-29T06:29:44.615+0000][1][safepoint    ] Safepoint "RevokeBias", Time since last: 515934306 ns, Reaching safepoint: 76449 ns, At safepoint: 34353 ns, Total: 110802 ns
[2020-02-29T06:29:45.624+0000][1][safepoint    ] Safepoint "Cleanup", Time since last: 1009336303 ns, Reaching safepoint: 59148 ns, At safepoint: 6876 ns, Total: 66024 ns
[2020-02-29T06:29:46.628+0000][1][safepoint    ] Safepoint "Cleanup", Time since last: 1003952826 ns, Reaching safepoint: 110746 ns, At safepoint: 8104 ns, Total: 118850 ns
[2020-02-29T06:29:47.136+0000][1][safepoint    ] Safepoint "RevokeBias", Time since last: 507552827 ns, Reaching safepoint: 67492 ns, At safepoint: 17605 ns, Total: 85097 ns
[2020-02-29T06:29:48.136+0000][1][safepoint    ] Safepoint "Cleanup", Time since last: 1000368329 ns, Reaching safepoint: 58396 ns, At safepoint: 6212 ns, Total: 64608 ns
[2020-02-29T06:29:49.137+0000][1][safepoint    ] Safepoint "Cleanup", Time since last: 1000755881 ns, Reaching safepoint: 75335 ns, At safepoint: 6838 ns, Total: 82173 ns
[2020-02-29T06:29:49.667+0000][1][safepoint    ] Safepoint "RevokeBias", Time since last: 529982435 ns, Reaching safepoint: 52846 ns, At safepoint: 15203 ns, Total: 68049 ns
[2020-02-29T06:29:50.669+0000][1][safepoint    ] Safepoint "Cleanup", Time since last: 1002070264 ns, Reaching safepoint: 59692 ns, At safepoint: 6808 ns, Total: 66500 ns
[2020-02-29T06:29:51.670+0000][1][safepoint    ] Safepoint "Cleanup", Time since last: 1000689691 ns, Reaching safepoint: 82159 ns, At safepoint: 11387 ns, Total: 93546 ns
[2020-02-29T06:29:52.189+0000][1][safepoint    ] Safepoint "RevokeBias", Time since last: 519243848 ns, Reaching safepoint: 70735 ns, At safepoint: 17217 ns, Total: 87952 ns
[2020-02-29T06:29:53.191+0000][1][safepoint    ] Safepoint "Cleanup", Time since last: 1001714790 ns, Reaching safepoint: 73568 ns, At safepoint: 7707 ns, Total: 81275 ns
[2020-02-29T06:29:54.193+0000][1][safepoint    ] Safepoint "Cleanup", Time since last: 1001836879 ns, Reaching safepoint: 57636 ns, At safepoint: 6870 ns, Total: 64506 ns
[2020-02-29T06:29:54.703+0000][1][safepoint    ] Safepoint "RevokeBias", Time since last: 509808185 ns, Reaching safepoint: 136183 ns, At safepoint: 35167 ns, Total: 171350 ns
[2020-02-29T06:29:55.706+0000][1][safepoint    ] Safepoint "Cleanup", Time since last: 1003095037 ns, Reaching safepoint: 220963 ns, At safepoint: 26504 ns, Total: 247467 ns
[2020-02-29T06:29:56.854+0000][1][safepoint    ] Safepoint "Cleanup", Time since last: 1147387573 ns, Reaching safepoint: 71485 ns, At safepoint: 6749 ns, Total: 78234 ns
[2020-02-29T06:29:57.225+0000][1][safepoint    ] Safepoint "RevokeBias", Time since last: 370904344 ns, Reaching safepoint: 53150 ns, At safepoint: 15680 ns, Total: 68830 ns
[2020-02-29T06:29:58.228+0000][1][safepoint    ] Safepoint "Cleanup", Time since last: 1003281254 ns, Reaching safepoint: 76216 ns, At safepoint: 7263 ns, Total: 83479 ns
[2020-02-29T06:29:59.232+0000][1][safepoint    ] Safepoint "Cleanup", Time since last: 1004017207 ns, Reaching safepoint: 109280 ns, At safepoint: 7412 ns, Total: 116692 ns
[2020-02-29T06:29:59.748+0000][1][safepoint    ] Safepoint "BulkRevokeBias", Time since last: 515187439 ns, Reaching safepoint: 70055 ns, At safepoint: 179289 ns, Total: 249344 ns
[2020-02-29T06:30:00.749+0000][1][safepoint    ] Safepoint "Cleanup", Time since last: 1001550216 ns, Reaching safepoint: 72645 ns, At safepoint: 5758 ns, Total: 78403 ns
[2020-02-29T06:30:01.755+0000][1][safepoint    ] Safepoint "Cleanup", Time since last: 1005607209 ns, Reaching safepoint: 124436 ns, At safepoint: 24946 ns, Total: 149382 ns
[2020-02-29T06:30:02.270+0000][1][safepoint    ] Safepoint "RevokeBias", Time since last: 514375529 ns, Reaching safepoint: 77104 ns, At safepoint: 21634 ns, Total: 98738 ns
[2020-02-29T06:30:03.273+0000][1][safepoint    ] Safepoint "Cleanup", Time since last: 1003617241 ns, Reaching safepoint: 147728 ns, At safepoint: 8112 ns, Total: 155840 ns
[2020-02-29T06:30:04.274+0000][1][safepoint    ] Safepoint "Cleanup", Time since last: 1000752720 ns, Reaching safepoint: 60596 ns, At safepoint: 7157 ns, Total: 67753 ns
[2020-02-29T06:30:04.801+0000][1][safepoint    ] Safepoint "RevokeBias", Time since last: 526991242 ns, Reaching safepoint: 125811 ns, At safepoint: 55573 ns, Total: 181384 ns
[2020-02-29T06:30:05.805+0000][1][safepoint    ] Safepoint "Cleanup", Time since last: 1002956839 ns, Reaching safepoint: 107418 ns, At safepoint: 7670 ns, Total: 115088 ns
[2020-02-29T06:30:06.805+0000][1][safepoint    ] Safepoint "Cleanup", Time since last: 1000586414 ns, Reaching safepoint: 76742 ns, At safepoint: 7029 ns, Total: 83771 ns
[2020-02-29T06:30:07.322+0000][1][safepoint    ] Safepoint "RevokeBias", Time since last: 517147520 ns, Reaching safepoint: 119266 ns, At safepoint: 20577 ns, Total: 139843 ns
[2020-02-29T06:30:08.328+0000][1][safepoint    ] Safepoint "Cleanup", Time since last: 1005622831 ns, Reaching safepoint: 76537 ns, At safepoint: 7159 ns, Total: 83696 ns
[2020-02-29T06:30:09.338+0000][1][safepoint    ] Safepoint "Cleanup", Time since last: 1009864498 ns, Reaching safepoint: 59213 ns, At safepoint: 7197 ns, Total: 66410 ns
[2020-02-29T06:30:09.839+0000][1][safepoint    ] Safepoint "RevokeBias", Time since last: 501247849 ns, Reaching safepoint: 54529 ns, At safepoint: 15043 ns, Total: 69572 ns
[2020-02-29T06:30:10.847+0000][1][safepoint    ] Safepoint "Cleanup", Time since last: 1007720845 ns, Reaching safepoint: 177846 ns, At safepoint: 7386 ns, Total: 185232 ns
[2020-02-29T06:30:11.849+0000][1][safepoint    ] Safepoint "Cleanup", Time since last: 1001851098 ns, Reaching safepoint: 199306 ns, At safepoint: 6844 ns, Total: 206150 ns
[2020-02-29T06:30:12.368+0000][1][safepoint    ] Safepoint "RevokeBias", Time since last: 518761796 ns, Reaching safepoint: 81083 ns, At safepoint: 36729 ns, Total: 117812 ns
[2020-02-29T06:30:13.369+0000][1][safepoint    ] Safepoint "Cleanup", Time since last: 1000653227 ns, Reaching safepoint: 61109 ns, At safepoint: 7017 ns, Total: 68126 ns
[2020-02-29T06:30:14.372+0000][1][safepoint    ] Safepoint "Cleanup", Time since last: 1002982600 ns, Reaching safepoint: 59494 ns, At safepoint: 7447 ns, Total: 66941 ns
[2020-02-29T06:30:14.884+0000][1][safepoint    ] Safepoint "RevokeBias", Time since last: 511899550 ns, Reaching safepoint: 53534 ns, At safepoint: 16576 ns, Total: 70110 ns
[2020-02-29T06:30:15.894+0000][1][safepoint    ] Safepoint "Cleanup", Time since last: 1009954894 ns, Reaching safepoint: 134193 ns, At safepoint: 25960 ns, Total: 160153 ns
[2020-02-29T06:30:16.897+0000][1][safepoint    ] Safepoint "Cleanup", Time since last: 1002751221 ns, Reaching safepoint: 60818 ns, At safepoint: 6780 ns, Total: 67598 ns
[2020-02-29T06:30:17.407+0000][1][safepoint    ] Safepoint "RevokeBias", Time since last: 509817568 ns, Reaching safepoint: 53102 ns, At safepoint: 15733 ns, Total: 68835 ns
[2020-02-29T06:30:18.409+0000][1][safepoint    ] Safepoint "Cleanup", Time since last: 1002367935 ns, Reaching safepoint: 168413 ns, At safepoint: 23838 ns, Total: 192251 ns
[2020-02-29T06:30:19.413+0000][1][safepoint    ] Safepoint "Cleanup", Time since last: 1003844877 ns, Reaching safepoint: 57899 ns, At safepoint: 5137 ns, Total: 63036 ns
[2020-02-29T06:30:19.923+0000][1][safepoint    ] Safepoint "RevokeBias", Time since last: 509759904 ns, Reaching safepoint: 52672 ns, At safepoint: 15880 ns, Total: 68552 ns
[2020-02-29T06:30:20.924+0000][1][safepoint    ] Safepoint "Cleanup", Time since last: 1000991477 ns, Reaching safepoint: 200822 ns, At safepoint: 7638 ns, Total: 208460 ns
[2020-02-29T06:30:21.927+0000][1][safepoint    ] Safepoint "Cleanup", Time since last: 1002715701 ns, Reaching safepoint: 77610 ns, At safepoint: 7167 ns, Total: 84777 ns
[2020-02-29T06:30:22.453+0000][1][safepoint    ] Safepoint "RevokeBias", Time since last: 525943681 ns, Reaching safepoint: 71453 ns, At safepoint: 17542 ns, Total: 88995 ns
[2020-02-29T06:30:24.436+0000][1][safepoint    ] Safepoint "Cleanup", Time since last: 1982889924 ns, Reaching safepoint: 60232 ns, At safepoint: 6935 ns, Total: 67167 ns
[2020-02-29T06:30:24.975+0000][1][safepoint    ] Safepoint "RevokeBias", Time since last: 539208609 ns, Reaching safepoint: 57014 ns, At safepoint: 16752 ns, Total: 73766 ns
[2020-02-29T06:30:25.976+0000][1][safepoint    ] Safepoint "Cleanup", Time since last: 1000258401 ns, Reaching safepoint: 77610 ns, At safepoint: 7440 ns, Total: 85050 ns
[2020-02-29T06:30:26.976+0000][1][safepoint    ] Safepoint "Cleanup", Time since last: 1000389756 ns, Reaching safepoint: 74375 ns, At safepoint: 6065 ns, Total: 80440 ns
[2020-02-29T06:30:27.501+0000][1][safepoint    ] Safepoint "RevokeBias", Time since last: 525129043 ns, Reaching safepoint: 71145 ns, At safepoint: 18219 ns, Total: 89364 ns
[2020-02-29T06:30:28.507+0000][1][safepoint    ] Safepoint "Cleanup", Time since last: 1005121986 ns, Reaching safepoint: 59279 ns, At safepoint: 6671 ns, Total: 65950 ns
[2020-02-29T06:30:29.507+0000][1][safepoint    ] Safepoint "Cleanup", Time since last: 1000631569 ns, Reaching safepoint: 94295 ns, At safepoint: 9359 ns, Total: 103654 ns
[2020-02-29T06:30:30.016+0000][1][safepoint    ] Safepoint "RevokeBias", Time since last: 508845105 ns, Reaching safepoint: 52013 ns, At safepoint: 15172 ns, Total: 67185 ns
[2020-02-29T06:30:31.019+0000][1][safepoint    ] Safepoint "Cleanup", Time since last: 1002977441 ns, Reaching safepoint: 76926 ns, At safepoint: 7784 ns, Total: 84710 ns
[2020-02-29T06:30:32.021+0000][1][safepoint    ] Safepoint "Cleanup", Time since last: 1001389094 ns, Reaching safepoint: 75578 ns, At safepoint: 7762 ns, Total: 83340 ns
[2020-02-29T06:30:32.531+0000][1][gc,start     ] GC(75) Pause Young (Allocation Failure)
[2020-02-29T06:30:32.531+0000][1][gc,task      ] GC(75) Using 1 workers of 1 for evacuation
[2020-02-29T06:30:32.548+0000][1][gc,age       ] GC(75) Desired survivor size 4358144 bytes, new threshold 6 (max threshold 6)
[2020-02-29T06:30:32.548+0000][1][gc,age       ] GC(75) Age table with threshold 6 (max threshold 6)
[2020-02-29T06:30:32.548+0000][1][gc,age       ] GC(75) - age   1:      14096 bytes,      14096 total
[2020-02-29T06:30:32.548+0000][1][gc,age       ] GC(75) - age   2:        368 bytes,      14464 total
[2020-02-29T06:30:32.548+0000][1][gc,age       ] GC(75) - age   3:        256 bytes,      14720 total
[2020-02-29T06:30:32.548+0000][1][gc,age       ] GC(75) - age   4:        128 bytes,      14848 total
[2020-02-29T06:30:32.548+0000][1][gc,age       ] GC(75) - age   5:       1112 bytes,      15960 total
[2020-02-29T06:30:32.548+0000][1][gc,age       ] GC(75) - age   6:         72 bytes,      16032 total
[2020-02-29T06:30:32.548+0000][1][gc,heap      ] GC(75) ParNew: 68186K->17K(76672K)
[2020-02-29T06:30:32.548+0000][1][gc,heap      ] GC(75) CMS: 62568K->62569K(963392K)
[2020-02-29T06:30:32.548+0000][1][gc,metaspace ] GC(75) Metaspace: 79864K->79864K(1122304K)
[2020-02-29T06:30:32.548+0000][1][gc           ] GC(75) Pause Young (Allocation Failure) 127M->61M(1015M) 16.535ms
[2020-02-29T06:30:32.548+0000][1][gc,cpu       ] GC(75) User=0.01s Sys=0.00s Real=0.02s
[2020-02-29T06:30:32.553+0000][1][safepoint    ] Safepoint "GenCollectForAllocation", Time since last: 510458628 ns, Reaching safepoint: 113110 ns, At safepoint: 21943598 ns, Total: 22056708 ns
[2020-02-29T06:30:32.554+0000][1][safepoint    ] Safepoint "RevokeBias", Time since last: 1007649 ns, Reaching safepoint: 53559 ns, At safepoint: 16124 ns, Total: 69683 ns
[2020-02-29T06:30:33.558+0000][1][safepoint    ] Safepoint "Cleanup", Time since last: 1003617129 ns, Reaching safepoint: 79304 ns, At safepoint: 7967 ns, Total: 87271 ns
[2020-02-29T06:30:34.561+0000][1][safepoint    ] Safepoint "Cleanup", Time since last: 1002965996 ns, Reaching safepoint: 72696 ns, At safepoint: 5257 ns, Total: 77953 ns
[2020-02-29T06:30:35.072+0000][1][safepoint    ] Safepoint "RevokeBias", Time since last: 510611789 ns, Reaching safepoint: 71978 ns, At safepoint: 18145 ns, Total: 90123 ns
[2020-02-29T06:30:36.074+0000][1][safepoint    ] Safepoint "Cleanup", Time since last: 1002398490 ns, Reaching safepoint: 74242 ns, At safepoint: 5586 ns, Total: 79828 ns
[2020-02-29T06:30:37.077+0000][1][safepoint    ] Safepoint "Cleanup", Time since last: 1002842906 ns, Reaching safepoint: 73675 ns, At safepoint: 5875 ns, Total: 79550 ns
[2020-02-29T06:30:37.593+0000][1][safepoint    ] Safepoint "RevokeBias", Time since last: 515566891 ns, Reaching safepoint: 70042 ns, At safepoint: 17677 ns, Total: 87719 ns
[2020-02-29T06:30:38.601+0000][1][safepoint    ] Safepoint "Cleanup", Time since last: 1008378967 ns, Reaching safepoint: 79207 ns, At safepoint: 6158 ns, Total: 85365 ns
[2020-02-29T06:30:39.610+0000][1][safepoint    ] Safepoint "Cleanup", Time since last: 1008402183 ns, Reaching safepoint: 85460 ns, At safepoint: 6110 ns, Total: 91570 ns
[2020-02-29T06:30:40.115+0000][1][safepoint    ] Safepoint "RevokeBias", Time since last: 504598034 ns, Reaching safepoint: 53786 ns, At safepoint: 16411 ns, Total: 70197 ns
[2020-02-29T06:30:41.122+0000][1][safepoint    ] Safepoint "Cleanup", Time since last: 1007170860 ns, Reaching safepoint: 58400 ns, At safepoint: 5732 ns, Total: 64132 ns
[2020-02-29T06:30:42.123+0000][1][safepoint    ] Safepoint "Cleanup", Time since last: 1001485330 ns, Reaching safepoint: 91863 ns, At safepoint: 6522 ns, Total: 98385 ns
[2020-02-29T06:30:42.632+0000][1][safepoint    ] Safepoint "RevokeBias", Time since last: 508080424 ns, Reaching safepoint: 72347 ns, At safepoint: 36282 ns, Total: 108629 ns
[2020-02-29T06:30:43.638+0000][1][safepoint    ] Safepoint "Cleanup", Time since last: 1006684271 ns, Reaching safepoint: 58789 ns, At safepoint: 6970 ns, Total: 65759 ns
[2020-02-29T06:30:44.641+0000][1][safepoint    ] Safepoint "Cleanup", Time since last: 1002815210 ns, Reaching safepoint: 116827 ns, At safepoint: 8678 ns, Total: 125505 ns
[2020-02-29T06:30:45.147+0000][1][safepoint    ] Safepoint "RevokeBias", Time since last: 505414465 ns, Reaching safepoint: 56952 ns, At safepoint: 16840 ns, Total: 73792 ns
[2020-02-29T06:30:46.151+0000][1][safepoint    ] Safepoint "Cleanup", Time since last: 1003999319 ns, Reaching safepoint: 113193 ns, At safepoint: 7367 ns, Total: 120560 ns
[2020-02-29T06:30:47.158+0000][1][safepoint    ] Safepoint "Cleanup", Time since last: 1007242436 ns, Reaching safepoint: 144767 ns, At safepoint: 7106 ns, Total: 151873 ns
[2020-02-29T06:30:47.656+0000][1][safepoint    ] Safepoint "RevokeBias", Time since last: 497464778 ns, Reaching safepoint: 72636 ns, At safepoint: 17104 ns, Total: 89740 ns
[2020-02-29T06:30:48.656+0000][1][safepoint    ] Safepoint "Cleanup", Time since last: 1000549482 ns, Reaching safepoint: 80146 ns, At safepoint: 8600 ns, Total: 88746 ns
[2020-02-29T06:30:49.657+0000][1][safepoint    ] Safepoint "Cleanup", Time since last: 1000874146 ns, Reaching safepoint: 61430 ns, At safepoint: 7015 ns, Total: 68445 ns
[2020-02-29T06:30:50.165+0000][1][safepoint    ] Safepoint "RevokeBias", Time since last: 507886711 ns, Reaching safepoint: 55465 ns, At safepoint: 15914 ns, Total: 71379 ns
[2020-02-29T06:30:51.176+0000][1][safepoint    ] Safepoint "Cleanup", Time since last: 1009987628 ns, Reaching safepoint: 211642 ns, At safepoint: 11456 ns, Total: 223098 ns
[2020-02-29T06:30:52.181+0000][1][safepoint    ] Safepoint "Cleanup", Time since last: 1005404767 ns, Reaching safepoint: 73819 ns, At safepoint: 6059 ns, Total: 79878 ns
[2020-02-29T06:30:52.685+0000][1][safepoint    ] Safepoint "RevokeBias", Time since last: 504192452 ns, Reaching safepoint: 55977 ns, At safepoint: 15796 ns, Total: 71773 ns
[2020-02-29T06:30:53.690+0000][1][safepoint    ] Safepoint "Cleanup", Time since last: 1004694360 ns, Reaching safepoint: 116341 ns, At safepoint: 8971 ns, Total: 125312 ns
[2020-02-29T06:30:54.691+0000][1][safepoint    ] Safepoint "Cleanup", Time since last: 1000739672 ns, Reaching safepoint: 163358 ns, At safepoint: 23481 ns, Total: 186839 ns
[2020-02-29T06:30:55.202+0000][1][safepoint    ] Safepoint "RevokeBias", Time since last: 510751750 ns, Reaching safepoint: 52722 ns, At safepoint: 15170 ns, Total: 67892 ns
[2020-02-29T06:30:56.202+0000][1][safepoint    ] Safepoint "Cleanup", Time since last: 1000501781 ns, Reaching safepoint: 78726 ns, At safepoint: 7960 ns, Total: 86686 ns
[2020-02-29T06:30:57.205+0000][1][safepoint    ] Safepoint "Cleanup", Time since last: 1002249417 ns, Reaching safepoint: 87322 ns, At safepoint: 8561 ns, Total: 95883 ns
[2020-02-29T06:30:57.718+0000][1][safepoint    ] Safepoint "RevokeBias", Time since last: 513386131 ns, Reaching safepoint: 75584 ns, At safepoint: 17514 ns, Total: 93098 ns
[2020-02-29T06:30:58.725+0000][1][safepoint    ] Safepoint "Cleanup", Time since last: 1006167430 ns, Reaching safepoint: 58031 ns, At safepoint: 6066 ns, Total: 64097 ns
[2020-02-29T06:30:59.728+0000][1][safepoint    ] Safepoint "Cleanup", Time since last: 1002954198 ns, Reaching safepoint: 75820 ns, At safepoint: 6635 ns, Total: 82455 ns
[2020-02-29T06:31:00.239+0000][1][safepoint    ] Safepoint "RevokeBias", Time since last: 510998881 ns, Reaching safepoint: 98139 ns, At safepoint: 19372 ns, Total: 117511 ns
[2020-02-29T06:31:01.242+0000][1][safepoint    ] Safepoint "Cleanup", Time since last: 1003506175 ns, Reaching safepoint: 75543 ns, At safepoint: 6929 ns, Total: 82472 ns
[2020-02-29T06:31:02.244+0000][1][safepoint    ] Safepoint "Cleanup", Time since last: 1001814766 ns, Reaching safepoint: 58901 ns, At safepoint: 6967 ns, Total: 65868 ns
[2020-02-29T06:31:02.764+0000][1][safepoint    ] Safepoint "RevokeBias", Time since last: 520148998 ns, Reaching safepoint: 70391 ns, At safepoint: 18004 ns, Total: 88395 ns
[2020-02-29T06:31:03.774+0000][1][safepoint    ] Safepoint "Cleanup", Time since last: 1009861665 ns, Reaching safepoint: 93506 ns, At safepoint: 6979 ns, Total: 100485 ns
[2020-02-29T06:31:04.777+0000][1][safepoint    ] Safepoint "Cleanup", Time since last: 1003005588 ns, Reaching safepoint: 89462 ns, At safepoint: 7507 ns, Total: 96969 ns
[2020-02-29T06:31:05.288+0000][1][safepoint    ] Safepoint "RevokeBias", Time since last: 510352670 ns, Reaching safepoint: 137360 ns, At safepoint: 17982 ns, Total: 155342 ns
[2020-02-29T06:31:06.289+0000][1][safepoint    ] Safepoint "Cleanup", Time since last: 1001150038 ns, Reaching safepoint: 60656 ns, At safepoint: 6773 ns, Total: 67429 ns
[2020-02-29T06:31:07.295+0000][1][safepoint    ] Safepoint "Cleanup", Time since last: 1005926286 ns, Reaching safepoint: 78499 ns, At safepoint: 7512 ns, Total: 86011 ns
[2020-02-29T06:31:07.797+0000][1][safepoint    ] Safepoint "RevokeBias", Time since last: 501365151 ns, Reaching safepoint: 82593 ns, At safepoint: 19614 ns, Total: 102207 ns
[2020-02-29T06:31:08.801+0000][1][safepoint    ] Safepoint "Cleanup", Time since last: 1004669310 ns, Reaching safepoint: 106769 ns, At safepoint: 8403 ns, Total: 115172 ns
[2020-02-29T06:31:09.811+0000][1][safepoint    ] Safepoint "Cleanup", Time since last: 1009717869 ns, Reaching safepoint: 78673 ns, At safepoint: 7654 ns, Total: 86327 ns
[2020-02-29T06:31:10.314+0000][1][safepoint    ] Safepoint "RevokeBias", Time since last: 502860720 ns, Reaching safepoint: 92975 ns, At safepoint: 19666 ns, Total: 112641 ns
[2020-02-29T06:31:11.316+0000][1][safepoint    ] Safepoint "Cleanup", Time since last: 1001930264 ns, Reaching safepoint: 75890 ns, At safepoint: 7021 ns, Total: 82911 ns
[2020-02-29T06:31:12.323+0000][1][safepoint    ] Safepoint "Cleanup", Time since last: 1006849544 ns, Reaching safepoint: 78183 ns, At safepoint: 6986 ns, Total: 85169 ns
[2020-02-29T06:31:12.843+0000][1][safepoint    ] Safepoint "BulkRevokeBias", Time since last: 519965924 ns, Reaching safepoint: 71720 ns, At safepoint: 317885 ns, Total: 389605 ns
[2020-02-29T06:31:13.846+0000][1][safepoint    ] Safepoint "Cleanup", Time since last: 1002485107 ns, Reaching safepoint: 209064 ns, At safepoint: 26389 ns, Total: 235453 ns
[2020-02-29T06:31:14.857+0000][1][safepoint    ] Safepoint "Cleanup", Time since last: 1010768816 ns, Reaching safepoint: 58798 ns, At safepoint: 7123 ns, Total: 65921 ns
[2020-02-29T06:31:15.355+0000][1][safepoint    ] Safepoint "RevokeBias", Time since last: 498088318 ns, Reaching safepoint: 90258 ns, At safepoint: 17417 ns, Total: 107675 ns
[2020-02-29T06:31:16.363+0000][1][safepoint    ] Safepoint "Cleanup", Time since last: 1008025577 ns, Reaching safepoint: 73771 ns, At safepoint: 6624 ns, Total: 80395 ns
[2020-02-29T06:31:17.368+0000][1][safepoint    ] Safepoint "Cleanup", Time since last: 1004782519 ns, Reaching safepoint: 58446 ns, At safepoint: 6058 ns, Total: 64504 ns
[2020-02-29T06:31:17.877+0000][1][safepoint    ] Safepoint "RevokeBias", Time since last: 508293325 ns, Reaching safepoint: 51243 ns, At safepoint: 17651 ns, Total: 68894 ns
[2020-02-29T06:31:18.879+0000][1][safepoint    ] Safepoint "Cleanup", Time since last: 1002802210 ns, Reaching safepoint: 97597 ns, At safepoint: 26146 ns, Total: 123743 ns
[2020-02-29T06:31:19.886+0000][1][safepoint    ] Safepoint "Cleanup", Time since last: 1006795223 ns, Reaching safepoint: 59730 ns, At safepoint: 6452 ns, Total: 66182 ns
[2020-02-29T06:31:20.392+0000][1][safepoint    ] Safepoint "RevokeBias", Time since last: 505450572 ns, Reaching safepoint: 73465 ns, At safepoint: 17307 ns, Total: 90772 ns
[2020-02-29T06:31:21.394+0000][1][safepoint    ] Safepoint "Cleanup", Time since last: 1001552494 ns, Reaching safepoint: 139534 ns, At safepoint: 10398 ns, Total: 149932 ns
[2020-02-29T06:31:22.399+0000][1][safepoint    ] Safepoint "Cleanup", Time since last: 1005643531 ns, Reaching safepoint: 61560 ns, At safepoint: 6126 ns, Total: 67686 ns
[2020-02-29T06:31:22.911+0000][1][safepoint    ] Safepoint "RevokeBias", Time since last: 511737826 ns, Reaching safepoint: 107130 ns, At safepoint: 44891 ns, Total: 152021 ns
[2020-02-29T06:31:23.917+0000][1][safepoint    ] Safepoint "Cleanup", Time since last: 1005682527 ns, Reaching safepoint: 59463 ns, At safepoint: 6992 ns, Total: 66455 ns
[2020-02-29T06:31:24.922+0000][1][safepoint    ] Safepoint "Cleanup", Time since last: 1005119128 ns, Reaching safepoint: 61142 ns, At safepoint: 7068 ns, Total: 68210 ns
[2020-02-29T06:31:25.432+0000][1][safepoint    ] Safepoint "RevokeBias", Time since last: 510221452 ns, Reaching safepoint: 52091 ns, At safepoint: 15311 ns, Total: 67402 ns
[2020-02-29T06:31:26.436+0000][1][safepoint    ] Safepoint "Cleanup", Time since last: 1003797847 ns, Reaching safepoint: 76364 ns, At safepoint: 7111 ns, Total: 83475 ns
[2020-02-29T06:31:27.443+0000][1][safepoint    ] Safepoint "Cleanup", Time since last: 1006798521 ns, Reaching safepoint: 77007 ns, At safepoint: 7703 ns, Total: 84710 ns
[2020-02-29T06:31:27.958+0000][1][safepoint    ] Safepoint "RevokeBias", Time since last: 514803280 ns, Reaching safepoint: 73587 ns, At safepoint: 17510 ns, Total: 91097 ns
[2020-02-29T06:31:28.959+0000][1][safepoint    ] Safepoint "Cleanup", Time since last: 1000968797 ns, Reaching safepoint: 111978 ns, At safepoint: 8453 ns, Total: 120431 ns
[2020-02-29T06:31:29.964+0000][1][safepoint    ] Safepoint "Cleanup", Time since last: 1005152820 ns, Reaching safepoint: 60919 ns, At safepoint: 6952 ns, Total: 67871 ns
[2020-02-29T06:31:30.489+0000][1][safepoint    ] Safepoint "RevokeBias", Time since last: 524293275 ns, Reaching safepoint: 114484 ns, At safepoint: 34211 ns, Total: 148695 ns
[2020-02-29T06:31:31.490+0000][1][safepoint    ] Safepoint "Cleanup", Time since last: 1000845263 ns, Reaching safepoint: 77440 ns, At safepoint: 78805 ns, Total: 156245 ns
[2020-02-29T06:31:32.490+0000][1][safepoint    ] Safepoint "Cleanup", Time since last: 1000196879 ns, Reaching safepoint: 145509 ns, At safepoint: 9871 ns, Total: 155380 ns
[2020-02-29T06:31:33.006+0000][1][safepoint    ] Safepoint "RevokeBias", Time since last: 516089519 ns, Reaching safepoint: 72932 ns, At safepoint: 18091 ns, Total: 91023 ns
[2020-02-29T06:31:34.008+0000][1][safepoint    ] Safepoint "Cleanup", Time since last: 1001811987 ns, Reaching safepoint: 62489 ns, At safepoint: 7371 ns, Total: 69860 ns
[2020-02-29T06:31:35.012+0000][1][safepoint    ] Safepoint "Cleanup", Time since last: 1004041920 ns, Reaching safepoint: 87933 ns, At safepoint: 32676 ns, Total: 120609 ns
[2020-02-29T06:31:35.526+0000][1][safepoint    ] Safepoint "RevokeBias", Time since last: 513231805 ns, Reaching safepoint: 78254 ns, At safepoint: 19356 ns, Total: 97610 ns
[2020-02-29T06:31:36.535+0000][1][safepoint    ] Safepoint "Cleanup", Time since last: 1009255847 ns, Reaching safepoint: 82091 ns, At safepoint: 22675 ns, Total: 104766 ns
[2020-02-29T06:31:37.538+0000][1][safepoint    ] Safepoint "Cleanup", Time since last: 1003022703 ns, Reaching safepoint: 98405 ns, At safepoint: 24595 ns, Total: 123000 ns
[2020-02-29T06:31:38.038+0000][1][safepoint    ] Safepoint "RevokeBias", Time since last: 500018482 ns, Reaching safepoint: 53756 ns, At safepoint: 16048 ns, Total: 69804 ns
[2020-02-29T06:31:39.041+0000][1][safepoint    ] Safepoint "Cleanup", Time since last: 1002637240 ns, Reaching safepoint: 79101 ns, At safepoint: 7960 ns, Total: 87061 ns
[2020-02-29T06:31:40.043+0000][1][safepoint    ] Safepoint "Cleanup", Time since last: 1001707560 ns, Reaching safepoint: 88406 ns, At safepoint: 7668 ns, Total: 96074 ns
[2020-02-29T06:31:40.560+0000][1][safepoint    ] Safepoint "RevokeBias", Time since last: 517508912 ns, Reaching safepoint: 72386 ns, At safepoint: 18315 ns, Total: 90701 ns
[2020-02-29T06:31:41.565+0000][1][safepoint    ] Safepoint "Cleanup", Time since last: 1004680129 ns, Reaching safepoint: 77149 ns, At safepoint: 9486 ns, Total: 86635 ns
[2020-02-29T06:31:42.568+0000][1][safepoint    ] Safepoint "Cleanup", Time since last: 1002669088 ns, Reaching safepoint: 111657 ns, At safepoint: 11260 ns, Total: 122917 ns
[2020-02-29T06:31:43.086+0000][1][safepoint    ] Safepoint "RevokeBias", Time since last: 517597037 ns, Reaching safepoint: 57179 ns, At safepoint: 17562 ns, Total: 74741 ns
[2020-02-29T06:31:44.091+0000][1][safepoint    ] Safepoint "Cleanup", Time since last: 1005345895 ns, Reaching safepoint: 79278 ns, At safepoint: 8280 ns, Total: 87558 ns
[2020-02-29T06:31:45.097+0000][1][safepoint    ] Safepoint "Cleanup", Time since last: 1005987449 ns, Reaching safepoint: 79900 ns, At safepoint: 7725 ns, Total: 87625 ns
[2020-02-29T06:31:45.613+0000][1][safepoint    ] Safepoint "RevokeBias", Time since last: 515987260 ns, Reaching safepoint: 58462 ns, At safepoint: 16481 ns, Total: 74943 ns
[2020-02-29T06:31:46.616+0000][1][safepoint    ] Safepoint "Cleanup", Time since last: 1002466001 ns, Reaching safepoint: 62421 ns, At safepoint: 7326 ns, Total: 69747 ns
[2020-02-29T06:31:47.617+0000][1][safepoint    ] Safepoint "Cleanup", Time since last: 1001118800 ns, Reaching safepoint: 95729 ns, At safepoint: 6892 ns, Total: 102621 ns
[2020-02-29T06:31:48.135+0000][1][safepoint    ] Safepoint "RevokeBias", Time since last: 518234362 ns, Reaching safepoint: 54544 ns, At safepoint: 15764 ns, Total: 70308 ns
[2020-02-29T06:31:49.146+0000][1][safepoint    ] Safepoint "Cleanup", Time since last: 1010939286 ns, Reaching safepoint: 59910 ns, At safepoint: 7069 ns, Total: 66979 ns
[2020-02-29T06:31:50.147+0000][1][safepoint    ] Safepoint "Cleanup", Time since last: 1000655677 ns, Reaching safepoint: 72859 ns, At safepoint: 6014 ns, Total: 78873 ns
[2020-02-29T06:31:50.665+0000][1][safepoint    ] Safepoint "RevokeBias", Time since last: 518238679 ns, Reaching safepoint: 68490 ns, At safepoint: 16101 ns, Total: 84591 ns
[2020-02-29T06:31:51.675+0000][1][safepoint    ] Safepoint "Cleanup", Time since last: 1009387107 ns, Reaching safepoint: 233410 ns, At safepoint: 7659 ns, Total: 241069 ns
[2020-02-29T06:31:52.679+0000][1][safepoint    ] Safepoint "Cleanup", Time since last: 1004032821 ns, Reaching safepoint: 66496 ns, At safepoint: 5775 ns, Total: 72271 ns
[2020-02-29T06:31:53.184+0000][1][safepoint    ] Safepoint "RevokeBias", Time since last: 505049362 ns, Reaching safepoint: 72910 ns, At safepoint: 17372 ns, Total: 90282 ns
[2020-02-29T06:31:54.189+0000][1][safepoint    ] Safepoint "Cleanup", Time since last: 1004722409 ns, Reaching safepoint: 110921 ns, At safepoint: 25768 ns, Total: 136689 ns
[2020-02-29T06:31:55.198+0000][1][safepoint    ] Safepoint "Cleanup", Time since last: 1008914603 ns, Reaching safepoint: 61841 ns, At safepoint: 7212 ns, Total: 69053 ns
[2020-02-29T06:31:55.700+0000][1][safepoint    ] Safepoint "RevokeBias", Time since last: 501949228 ns, Reaching safepoint: 71780 ns, At safepoint: 17031 ns, Total: 88811 ns
[2020-02-29T06:31:56.705+0000][1][safepoint    ] Safepoint "Cleanup", Time since last: 1004586895 ns, Reaching safepoint: 78551 ns, At safepoint: 7497 ns, Total: 86048 ns
[2020-02-29T06:31:58.226+0000][1][safepoint    ] Safepoint "RevokeBias", Time since last: 1520785055 ns, Reaching safepoint: 71926 ns, At safepoint: 16796 ns, Total: 88722 ns
[2020-02-29T06:31:59.226+0000][1][safepoint    ] Safepoint "Cleanup", Time since last: 1000310104 ns, Reaching safepoint: 57412 ns, At safepoint: 6311 ns, Total: 63723 ns
[2020-02-29T06:32:00.228+0000][1][safepoint    ] Safepoint "Cleanup", Time since last: 1001375441 ns, Reaching safepoint: 76554 ns, At safepoint: 7425 ns, Total: 83979 ns
[2020-02-29T06:32:00.745+0000][1][safepoint    ] Safepoint "RevokeBias", Time since last: 517645764 ns, Reaching safepoint: 72511 ns, At safepoint: 18085 ns, Total: 90596 ns
[2020-02-29T06:32:01.749+0000][1][safepoint    ] Safepoint "Cleanup", Time since last: 1003508011 ns, Reaching safepoint: 156697 ns, At safepoint: 7147 ns, Total: 163844 ns
[2020-02-29T06:32:02.754+0000][1][safepoint    ] Safepoint "Cleanup", Time since last: 1004747787 ns, Reaching safepoint: 59705 ns, At safepoint: 7122 ns, Total: 66827 ns
[2020-02-29T06:32:03.271+0000][1][safepoint    ] Safepoint "RevokeBias", Time since last: 516897997 ns, Reaching safepoint: 55888 ns, At safepoint: 16012 ns, Total: 71900 ns
[2020-02-29T06:32:04.272+0000][1][safepoint    ] Safepoint "Cleanup", Time since last: 1001042372 ns, Reaching safepoint: 60091 ns, At safepoint: 6919 ns, Total: 67010 ns
[2020-02-29T06:32:05.274+0000][1][safepoint    ] Safepoint "Cleanup", Time since last: 1002451770 ns, Reaching safepoint: 59964 ns, At safepoint: 6747 ns, Total: 66711 ns
[2020-02-29T06:32:05.948+0000][1][safepoint    ] Safepoint "RevokeBias", Time since last: 673383087 ns, Reaching safepoint: 83879 ns, At safepoint: 20224 ns, Total: 104103 ns
[2020-02-29T06:32:06.958+0000][1][safepoint    ] Safepoint "Cleanup", Time since last: 1009911002 ns, Reaching safepoint: 94169 ns, At safepoint: 7875 ns, Total: 102044 ns
[2020-02-29T06:32:07.962+0000][1][safepoint    ] Safepoint "Cleanup", Time since last: 1004132127 ns, Reaching safepoint: 75359 ns, At safepoint: 7022 ns, Total: 82381 ns
[2020-02-29T06:32:08.461+0000][1][safepoint    ] Safepoint "RevokeBias", Time since last: 499156823 ns, Reaching safepoint: 69739 ns, At safepoint: 16214 ns, Total: 85953 ns
[2020-02-29T06:32:09.463+0000][1][safepoint    ] Safepoint "Cleanup", Time since last: 1001688895 ns, Reaching safepoint: 59743 ns, At safepoint: 7399 ns, Total: 67142 ns
[2020-02-29T06:32:10.470+0000][1][safepoint    ] Safepoint "Cleanup", Time since last: 1006659713 ns, Reaching safepoint: 74553 ns, At safepoint: 6275 ns, Total: 80828 ns
[2020-02-29T06:32:10.972+0000][1][safepoint    ] Safepoint "RevokeBias", Time since last: 502084717 ns, Reaching safepoint: 71266 ns, At safepoint: 53347 ns, Total: 124613 ns
[2020-02-29T06:32:11.973+0000][1][safepoint    ] Safepoint "Cleanup", Time since last: 1000467379 ns, Reaching safepoint: 90237 ns, At safepoint: 10145 ns, Total: 100382 ns
[2020-02-29T06:32:12.979+0000][1][safepoint    ] Safepoint "Cleanup", Time since last: 1006539523 ns, Reaching safepoint: 128879 ns, At safepoint: 8618 ns, Total: 137497 ns
[2020-02-29T06:32:13.484+0000][1][safepoint    ] Safepoint "RevokeBias", Time since last: 504761535 ns, Reaching safepoint: 115092 ns, At safepoint: 34233 ns, Total: 149325 ns
[2020-02-29T06:32:14.485+0000][1][safepoint    ] Safepoint "Cleanup", Time since last: 1001062284 ns, Reaching safepoint: 77719 ns, At safepoint: 7118 ns, Total: 84837 ns
[2020-02-29T06:32:15.487+0000][1][safepoint    ] Safepoint "Cleanup", Time since last: 1001643147 ns, Reaching safepoint: 112070 ns, At safepoint: 6946 ns, Total: 119016 ns
[2020-02-29T06:32:16.003+0000][1][safepoint    ] Safepoint "RevokeBias", Time since last: 515389336 ns, Reaching safepoint: 68814 ns, At safepoint: 18023 ns, Total: 86837 ns
[2020-02-29T06:32:17.007+0000][1][safepoint    ] Safepoint "Cleanup", Time since last: 1004827349 ns, Reaching safepoint: 76348 ns, At safepoint: 7230 ns, Total: 83578 ns
[2020-02-29T06:32:18.009+0000][1][safepoint    ] Safepoint "Cleanup", Time since last: 1001502734 ns, Reaching safepoint: 57394 ns, At safepoint: 5883 ns, Total: 63277 ns
[2020-02-29T06:32:18.518+0000][1][safepoint    ] Safepoint "RevokeBias", Time since last: 509222199 ns, Reaching safepoint: 204789 ns, At safepoint: 39510 ns, Total: 244299 ns
[2020-02-29T06:32:19.524+0000][1][safepoint    ] Safepoint "Cleanup", Time since last: 1005214721 ns, Reaching safepoint: 91385 ns, At safepoint: 10153 ns, Total: 101538 ns
[2020-02-29T06:32:20.526+0000][1][safepoint    ] Safepoint "Cleanup", Time since last: 1002387866 ns, Reaching safepoint: 139098 ns, At safepoint: 9151 ns, Total: 148249 ns
[2020-02-29T06:32:21.038+0000][1][safepoint    ] Safepoint "RevokeBias", Time since last: 511651562 ns, Reaching safepoint: 51679 ns, At safepoint: 15795 ns, Total: 67474 ns
[2020-02-29T06:32:22.039+0000][1][safepoint    ] Safepoint "Cleanup", Time since last: 1000462720 ns, Reaching safepoint: 168252 ns, At safepoint: 23698 ns, Total: 191950 ns
[2020-02-29T06:32:23.040+0000][1][safepoint    ] Safepoint "Cleanup", Time since last: 1001339420 ns, Reaching safepoint: 57556 ns, At safepoint: 5516 ns, Total: 63072 ns
[2020-02-29T06:32:23.561+0000][1][safepoint    ] Safepoint "RevokeBias", Time since last: 521238484 ns, Reaching safepoint: 78494 ns, At safepoint: 57652 ns, Total: 136146 ns
[2020-02-29T06:32:24.571+0000][1][safepoint    ] Safepoint "Cleanup", Time since last: 1009475060 ns, Reaching safepoint: 150178 ns, At safepoint: 9715 ns, Total: 159893 ns
[2020-02-29T06:32:25.571+0000][1][safepoint    ] Safepoint "Cleanup", Time since last: 1000217182 ns, Reaching safepoint: 81975 ns, At safepoint: 9181 ns, Total: 91156 ns
[2020-02-29T06:32:26.082+0000][1][safepoint    ] Safepoint "BulkRevokeBias", Time since last: 510290793 ns, Reaching safepoint: 74399 ns, At safepoint: 254468 ns, Total: 328867 ns
[2020-02-29T06:32:27.083+0000][1][safepoint    ] Safepoint "Cleanup", Time since last: 1001059679 ns, Reaching safepoint: 75944 ns, At safepoint: 7080 ns, Total: 83024 ns
[2020-02-29T06:32:28.105+0000][1][safepoint    ] Safepoint "Cleanup", Time since last: 1011013630 ns, Reaching safepoint: 10915680 ns, At safepoint: 11774 ns, Total: 10927454 ns
[2020-02-29T06:32:28.591+0000][1][safepoint    ] Safepoint "RevokeBias", Time since last: 485804160 ns, Reaching safepoint: 73581 ns, At safepoint: 17180 ns, Total: 90761 ns
[2020-02-29T06:32:29.593+0000][1][safepoint    ] Safepoint "Cleanup", Time since last: 1002276399 ns, Reaching safepoint: 76534 ns, At safepoint: 6811 ns, Total: 83345 ns
[2020-02-29T06:32:30.600+0000][1][safepoint    ] Safepoint "Cleanup", Time since last: 1006061553 ns, Reaching safepoint: 75869 ns, At safepoint: 6918 ns, Total: 82787 ns
[2020-02-29T06:32:31.115+0000][1][safepoint    ] Safepoint "RevokeBias", Time since last: 515730072 ns, Reaching safepoint: 71917 ns, At safepoint: 17632 ns, Total: 89549 ns
[2020-02-29T06:32:32.117+0000][1][safepoint    ] Safepoint "Cleanup", Time since last: 1001636391 ns, Reaching safepoint: 74649 ns, At safepoint: 5533 ns, Total: 80182 ns
[2020-02-29T06:32:33.123+0000][1][safepoint    ] Safepoint "Cleanup", Time since last: 1006068792 ns, Reaching safepoint: 100281 ns, At safepoint: 8763 ns, Total: 109044 ns
[2020-02-29T06:32:33.633+0000][1][safepoint    ] Safepoint "RevokeBias", Time since last: 509614197 ns, Reaching safepoint: 71618 ns, At safepoint: 17385 ns, Total: 89003 ns
[2020-02-29T06:32:34.641+0000][1][safepoint    ] Safepoint "Cleanup", Time since last: 1008077452 ns, Reaching safepoint: 113930 ns, At safepoint: 8260 ns, Total: 122190 ns
[2020-02-29T06:32:35.645+0000][1][safepoint    ] Safepoint "Cleanup", Time since last: 1003461858 ns, Reaching safepoint: 128525 ns, At safepoint: 7220 ns, Total: 135745 ns
[2020-02-29T06:32:36.153+0000][1][safepoint    ] Safepoint "RevokeBias", Time since last: 508201373 ns, Reaching safepoint: 71230 ns, At safepoint: 16683 ns, Total: 87913 ns
[2020-02-29T06:32:37.154+0000][1][safepoint    ] Safepoint "Cleanup", Time since last: 1001179072 ns, Reaching safepoint: 74484 ns, At safepoint: 5686 ns, Total: 80170 ns
[2020-02-29T06:32:38.155+0000][1][safepoint    ] Safepoint "Cleanup", Time since last: 1001002493 ns, Reaching safepoint: 96397 ns, At safepoint: 11076 ns, Total: 107473 ns
[2020-02-29T06:32:38.668+0000][1][safepoint    ] Safepoint "RevokeBias", Time since last: 512403348 ns, Reaching safepoint: 69722 ns, At safepoint: 17093 ns, Total: 86815 ns
[2020-02-29T06:32:39.668+0000][1][safepoint    ] Safepoint "Cleanup", Time since last: 1000246789 ns, Reaching safepoint: 76135 ns, At safepoint: 7362 ns, Total: 83497 ns
[2020-02-29T06:32:40.677+0000][1][safepoint    ] Safepoint "Cleanup", Time since last: 1008460190 ns, Reaching safepoint: 90807 ns, At safepoint: 9917 ns, Total: 100724 ns
[2020-02-29T06:32:41.193+0000][1][safepoint    ] Safepoint "RevokeBias", Time since last: 516464725 ns, Reaching safepoint: 71340 ns, At safepoint: 17322 ns, Total: 88662 ns
[2020-02-29T06:32:42.194+0000][1][safepoint    ] Safepoint "Cleanup", Time since last: 1000384967 ns, Reaching safepoint: 89484 ns, At safepoint: 6927 ns, Total: 96411 ns
[2020-02-29T06:32:43.196+0000][1][safepoint    ] Safepoint "Cleanup", Time since last: 1002309109 ns, Reaching safepoint: 58968 ns, At safepoint: 7265 ns, Total: 66233 ns
[2020-02-29T06:32:43.715+0000][1][safepoint    ] Safepoint "RevokeBias", Time since last: 518870062 ns, Reaching safepoint: 70547 ns, At safepoint: 32836 ns, Total: 103383 ns
[2020-02-29T06:32:44.784+0000][1][safepoint    ] Safepoint "Cleanup", Time since last: 1068422582 ns, Reaching safepoint: 88655 ns, At safepoint: 7971 ns, Total: 96626 ns
[2020-02-29T06:32:45.793+0000][1][safepoint    ] Safepoint "Cleanup", Time since last: 1009582028 ns, Reaching safepoint: 77581 ns, At safepoint: 7576 ns, Total: 85157 ns
[2020-02-29T06:32:46.230+0000][1][safepoint    ] Safepoint "RevokeBias", Time since last: 436831888 ns, Reaching safepoint: 54093 ns, At safepoint: 15789 ns, Total: 69882 ns
[2020-02-29T06:32:47.233+0000][1][safepoint    ] Safepoint "Cleanup", Time since last: 1003121313 ns, Reaching safepoint: 75997 ns, At safepoint: 6943 ns, Total: 82940 ns
[2020-02-29T06:32:48.239+0000][1][safepoint    ] Safepoint "Cleanup", Time since last: 1005524680 ns, Reaching safepoint: 169348 ns, At safepoint: 9774 ns, Total: 179122 ns
[2020-02-29T06:32:48.749+0000][1][safepoint    ] Safepoint "RevokeBias", Time since last: 510081003 ns, Reaching safepoint: 72625 ns, At safepoint: 17931 ns, Total: 90556 ns
[2020-02-29T06:32:49.752+0000][1][safepoint    ] Safepoint "Cleanup", Time since last: 1002829661 ns, Reaching safepoint: 57605 ns, At safepoint: 6483 ns, Total: 64088 ns
[2020-02-29T06:32:50.753+0000][1][safepoint    ] Safepoint "Cleanup", Time since last: 1000848464 ns, Reaching safepoint: 62788 ns, At safepoint: 7426 ns, Total: 70214 ns
[2020-02-29T06:32:51.278+0000][1][gc,start     ] GC(76) Pause Young (Allocation Failure)
[2020-02-29T06:32:51.278+0000][1][gc,task      ] GC(76) Using 1 workers of 1 for evacuation
[2020-02-29T06:32:51.295+0000][1][gc,age       ] GC(76) Desired survivor size 4358144 bytes, new threshold 6 (max threshold 6)
[2020-02-29T06:32:51.295+0000][1][gc,age       ] GC(76) Age table with threshold 6 (max threshold 6)
[2020-02-29T06:32:51.295+0000][1][gc,age       ] GC(76) - age   1:      11952 bytes,      11952 total
[2020-02-29T06:32:51.295+0000][1][gc,age       ] GC(76) - age   3:        368 bytes,      12320 total
[2020-02-29T06:32:51.295+0000][1][gc,age       ] GC(76) - age   4:        136 bytes,      12456 total
[2020-02-29T06:32:51.295+0000][1][gc,age       ] GC(76) - age   5:         32 bytes,      12488 total
[2020-02-29T06:32:51.295+0000][1][gc,age       ] GC(76) - age   6:       1112 bytes,      13600 total
[2020-02-29T06:32:51.295+0000][1][gc,heap      ] GC(76) ParNew: 68113K->13K(76672K)
[2020-02-29T06:32:51.295+0000][1][gc,heap      ] GC(76) CMS: 62569K->62569K(963392K)
[2020-02-29T06:32:51.295+0000][1][gc,metaspace ] GC(76) Metaspace: 79867K->79867K(1122304K)
[2020-02-29T06:32:51.295+0000][1][gc           ] GC(76) Pause Young (Allocation Failure) 127M->61M(1015M) 17.130ms
[2020-02-29T06:32:51.295+0000][1][gc,cpu       ] GC(76) User=0.01s Sys=0.01s Real=0.02s
[2020-02-29T06:32:51.295+0000][1][safepoint    ] Safepoint "GenCollectForAllocation", Time since last: 524774596 ns, Reaching safepoint: 57614 ns, At safepoint: 17198638 ns, Total: 17256252 ns
[2020-02-29T06:32:51.297+0000][1][safepoint    ] Safepoint "RevokeBias", Time since last: 1817223 ns, Reaching safepoint: 73361 ns, At safepoint: 26318 ns, Total: 99679 ns
[2020-02-29T06:32:52.298+0000][1][safepoint    ] Safepoint "Cleanup", Time since last: 1000720723 ns, Reaching safepoint: 93658 ns, At safepoint: 7886 ns, Total: 101544 ns
[2020-02-29T06:32:53.299+0000][1][safepoint    ] Safepoint "Cleanup", Time since last: 1001038524 ns, Reaching safepoint: 197590 ns, At safepoint: 25034 ns, Total: 222624 ns
[2020-02-29T06:32:53.802+0000][1][safepoint    ] Safepoint "RevokeBias", Time since last: 503132427 ns, Reaching safepoint: 83307 ns, At safepoint: 20361 ns, Total: 103668 ns
[2020-02-29T06:32:54.807+0000][1][safepoint    ] Safepoint "Cleanup", Time since last: 1004791567 ns, Reaching safepoint: 88091 ns, At safepoint: 8695 ns, Total: 96786 ns
[2020-02-29T06:32:55.811+0000][1][safepoint    ] Safepoint "Cleanup", Time since last: 1003856552 ns, Reaching safepoint: 59973 ns, At safepoint: 7081 ns, Total: 67054 ns
[2020-02-29T06:32:56.317+0000][1][safepoint    ] Safepoint "RevokeBias", Time since last: 505232254 ns, Reaching safepoint: 57584 ns, At safepoint: 16441 ns, Total: 74025 ns
[2020-02-29T06:32:57.319+0000][1][safepoint    ] Safepoint "Cleanup", Time since last: 1002590193 ns, Reaching safepoint: 61670 ns, At safepoint: 7300 ns, Total: 68970 ns
[2020-02-29T06:32:58.325+0000][1][safepoint    ] Safepoint "Cleanup", Time since last: 1005909775 ns, Reaching safepoint: 62267 ns, At safepoint: 7283 ns, Total: 69550 ns
[2020-02-29T06:32:58.834+0000][1][safepoint    ] Safepoint "RevokeBias", Time since last: 508307504 ns, Reaching safepoint: 70919 ns, At safepoint: 16997 ns, Total: 87916 ns
[2020-02-29T06:32:59.835+0000][1][safepoint    ] Safepoint "Cleanup", Time since last: 1001723980 ns, Reaching safepoint: 96179 ns, At safepoint: 7764 ns, Total: 103943 ns
[2020-02-29T06:33:00.838+0000][1][safepoint    ] Safepoint "Cleanup", Time since last: 1002425686 ns, Reaching safepoint: 62404 ns, At safepoint: 7381 ns, Total: 69785 ns
[2020-02-29T06:33:01.355+0000][1][safepoint    ] Safepoint "RevokeBias", Time since last: 517397112 ns, Reaching safepoint: 100862 ns, At safepoint: 24694 ns, Total: 125556 ns
[2020-02-29T06:33:02.361+0000][1][safepoint    ] Safepoint "Cleanup", Time since last: 1005778253 ns, Reaching safepoint: 70096 ns, At safepoint: 6187 ns, Total: 76283 ns
[2020-02-29T06:33:03.366+0000][1][safepoint    ] Safepoint "Cleanup", Time since last: 1004828652 ns, Reaching safepoint: 61895 ns, At safepoint: 7247 ns, Total: 69142 ns
[2020-02-29T06:33:03.866+0000][1][safepoint    ] Safepoint "RevokeBias", Time since last: 499842437 ns, Reaching safepoint: 154830 ns, At safepoint: 18719 ns, Total: 173549 ns
[2020-02-29T06:33:04.873+0000][1][safepoint    ] Safepoint "Cleanup", Time since last: 1006721915 ns, Reaching safepoint: 78746 ns, At safepoint: 8057 ns, Total: 86803 ns
[2020-02-29T06:33:05.877+0000][1][safepoint    ] Safepoint "Cleanup", Time since last: 1003731377 ns, Reaching safepoint: 95868 ns, At safepoint: 7517 ns, Total: 103385 ns
[2020-02-29T06:33:06.379+0000][1][safepoint    ] Safepoint "RevokeBias", Time since last: 502208643 ns, Reaching safepoint: 71037 ns, At safepoint: 19060 ns, Total: 90097 ns
[2020-02-29T06:33:07.382+0000][1][safepoint    ] Safepoint "Cleanup", Time since last: 1003009240 ns, Reaching safepoint: 78197 ns, At safepoint: 7545 ns, Total: 85742 ns
[2020-02-29T06:33:08.383+0000][1][safepoint    ] Safepoint "Cleanup", Time since last: 1001107474 ns, Reaching safepoint: 95500 ns, At safepoint: 25769 ns, Total: 121269 ns
[2020-02-29T06:33:08.886+0000][1][safepoint    ] Safepoint "RevokeBias", Time since last: 502004203 ns, Reaching safepoint: 71680 ns, At safepoint: 17531 ns, Total: 89211 ns
[2020-02-29T06:33:09.886+0000][1][safepoint    ] Safepoint "Cleanup", Time since last: 1000184818 ns, Reaching safepoint: 158807 ns, At safepoint: 22186 ns, Total: 180993 ns
[2020-02-29T06:33:10.886+0000][1][safepoint    ] Safepoint "Cleanup", Time since last: 1000435845 ns, Reaching safepoint: 82366 ns, At safepoint: 26307 ns, Total: 108673 ns
[2020-02-29T06:33:11.397+0000][1][safepoint    ] Safepoint "RevokeBias", Time since last: 510383908 ns, Reaching safepoint: 58106 ns, At safepoint: 17712 ns, Total: 75818 ns
[2020-02-29T06:33:12.398+0000][1][safepoint    ] Safepoint "Cleanup", Time since last: 1000843953 ns, Reaching safepoint: 81594 ns, At safepoint: 6981 ns, Total: 88575 ns
[2020-02-29T06:33:13.404+0000][1][safepoint    ] Safepoint "Cleanup", Time since last: 1006482193 ns, Reaching safepoint: 59402 ns, At safepoint: 7453 ns, Total: 66855 ns
[2020-02-29T06:33:13.914+0000][1][safepoint    ] Safepoint "RevokeBias", Time since last: 509730493 ns, Reaching safepoint: 207051 ns, At safepoint: 105828 ns, Total: 312879 ns
[2020-02-29T06:33:14.919+0000][1][safepoint    ] Safepoint "Cleanup", Time since last: 1004400432 ns, Reaching safepoint: 61298 ns, At safepoint: 7420 ns, Total: 68718 ns
[2020-02-29T06:33:15.920+0000][1][safepoint    ] Safepoint "Cleanup", Time since last: 1000929558 ns, Reaching safepoint: 139958 ns, At safepoint: 7375 ns, Total: 147333 ns
[2020-02-29T06:33:16.432+0000][1][safepoint    ] Safepoint "RevokeBias", Time since last: 511480170 ns, Reaching safepoint: 134234 ns, At safepoint: 20813 ns, Total: 155047 ns
[2020-02-29T06:33:17.438+0000][1][safepoint    ] Safepoint "Cleanup", Time since last: 1006568273 ns, Reaching safepoint: 97643 ns, At safepoint: 7594 ns, Total: 105237 ns
[2020-02-29T06:33:18.439+0000][1][safepoint    ] Safepoint "Cleanup", Time since last: 1000868671 ns, Reaching safepoint: 60943 ns, At safepoint: 6468 ns, Total: 67411 ns
[2020-02-29T06:33:18.951+0000][1][safepoint    ] Safepoint "RevokeBias", Time since last: 511256591 ns, Reaching safepoint: 55191 ns, At safepoint: 16226 ns, Total: 71417 ns
[2020-02-29T06:33:19.952+0000][1][safepoint    ] Safepoint "Cleanup", Time since last: 1001634403 ns, Reaching safepoint: 57024 ns, At safepoint: 5967 ns, Total: 62991 ns
[2020-02-29T06:33:20.960+0000][1][safepoint    ] Safepoint "Cleanup", Time since last: 1007525457 ns, Reaching safepoint: 60340 ns, At safepoint: 6111 ns, Total: 66451 ns
[2020-02-29T06:33:21.479+0000][1][safepoint    ] Safepoint "RevokeBias", Time since last: 518615543 ns, Reaching safepoint: 55198 ns, At safepoint: 17087 ns, Total: 72285 ns
[2020-02-29T06:33:22.480+0000][1][safepoint    ] Safepoint "Cleanup", Time since last: 1001621055 ns, Reaching safepoint: 91365 ns, At safepoint: 7334 ns, Total: 98699 ns
[2020-02-29T06:33:23.486+0000][1][safepoint    ] Safepoint "Cleanup", Time since last: 1005676386 ns, Reaching safepoint: 100393 ns, At safepoint: 7565 ns, Total: 107958 ns
[2020-02-29T06:33:23.998+0000][1][safepoint    ] Safepoint "RevokeBias", Time since last: 512094889 ns, Reaching safepoint: 54528 ns, At safepoint: 16250 ns, Total: 70778 ns
[2020-02-29T06:33:24.999+0000][1][safepoint    ] Safepoint "Cleanup", Time since last: 1000846541 ns, Reaching safepoint: 62290 ns, At safepoint: 7239 ns, Total: 69529 ns
[2020-02-29T06:33:26.002+0000][1][safepoint    ] Safepoint "Cleanup", Time since last: 1002709387 ns, Reaching safepoint: 61598 ns, At safepoint: 7516 ns, Total: 69114 ns
[2020-02-29T06:33:26.521+0000][1][safepoint    ] Safepoint "RevokeBias", Time since last: 519470203 ns, Reaching safepoint: 70351 ns, At safepoint: 17453 ns, Total: 87804 ns
[2020-02-29T06:33:27.525+0000][1][safepoint    ] Safepoint "Cleanup", Time since last: 1003728422 ns, Reaching safepoint: 75894 ns, At safepoint: 7380 ns, Total: 83274 ns
[2020-02-29T06:33:28.526+0000][1][safepoint    ] Safepoint "Cleanup", Time since last: 1000480711 ns, Reaching safepoint: 78951 ns, At safepoint: 7638 ns, Total: 86589 ns
[2020-02-29T06:33:29.041+0000][1][safepoint    ] Safepoint "RevokeBias", Time since last: 515108546 ns, Reaching safepoint: 53252 ns, At safepoint: 15860 ns, Total: 69112 ns
[2020-02-29T06:33:30.044+0000][1][safepoint    ] Safepoint "Cleanup", Time since last: 1002808456 ns, Reaching safepoint: 106230 ns, At safepoint: 8801 ns, Total: 115031 ns
[2020-02-29T06:33:31.044+0000][1][safepoint    ] Safepoint "Cleanup", Time since last: 1000148044 ns, Reaching safepoint: 125409 ns, At safepoint: 7800 ns, Total: 133209 ns
[2020-02-29T06:33:31.561+0000][1][safepoint    ] Safepoint "RevokeBias", Time since last: 516955894 ns, Reaching safepoint: 109820 ns, At safepoint: 17412 ns, Total: 127232 ns
[2020-02-29T06:33:32.564+0000][1][safepoint    ] Safepoint "Cleanup", Time since last: 1002454660 ns, Reaching safepoint: 97943 ns, At safepoint: 8346 ns, Total: 106289 ns
[2020-02-29T06:33:33.566+0000][1][safepoint    ] Safepoint "Cleanup", Time since last: 1002443197 ns, Reaching safepoint: 92878 ns, At safepoint: 7306 ns, Total: 100184 ns
[2020-02-29T06:33:34.086+0000][1][safepoint    ] Safepoint "RevokeBias", Time since last: 519989946 ns, Reaching safepoint: 53118 ns, At safepoint: 16338 ns, Total: 69456 ns
[2020-02-29T06:33:35.087+0000][1][safepoint    ] Safepoint "Cleanup", Time since last: 1000791786 ns, Reaching safepoint: 61643 ns, At safepoint: 7407 ns, Total: 69050 ns
[2020-02-29T06:33:36.088+0000][1][safepoint    ] Safepoint "Cleanup", Time since last: 1000827262 ns, Reaching safepoint: 77194 ns, At safepoint: 7085 ns, Total: 84279 ns
[2020-02-29T06:33:36.598+0000][1][safepoint    ] Safepoint "RevokeBias", Time since last: 510122360 ns, Reaching safepoint: 79573 ns, At safepoint: 22745 ns, Total: 102318 ns
[2020-02-29T06:33:37.609+0000][1][safepoint    ] Safepoint "Cleanup", Time since last: 1010660035 ns, Reaching safepoint: 60467 ns, At safepoint: 7368 ns, Total: 67835 ns
[2020-02-29T06:33:38.620+0000][1][safepoint    ] Safepoint "Cleanup", Time since last: 1010835921 ns, Reaching safepoint: 61385 ns, At safepoint: 8102 ns, Total: 69487 ns
[2020-02-29T06:33:39.105+0000][1][safepoint    ] Safepoint "BulkRevokeBias", Time since last: 484855422 ns, Reaching safepoint: 86236 ns, At safepoint: 183299 ns, Total: 269535 ns
[2020-02-29T06:33:40.106+0000][1][safepoint    ] Safepoint "Cleanup", Time since last: 1000272560 ns, Reaching safepoint: 116458 ns, At safepoint: 28545 ns, Total: 145003 ns
[2020-02-29T06:33:41.106+0000][1][safepoint    ] Safepoint "Cleanup", Time since last: 1000218149 ns, Reaching safepoint: 90947 ns, At safepoint: 10026 ns, Total: 100973 ns
[2020-02-29T06:33:41.627+0000][1][safepoint    ] Safepoint "RevokeBias", Time since last: 520808438 ns, Reaching safepoint: 69698 ns, At safepoint: 17503 ns, Total: 87201 ns
[2020-02-29T06:33:42.636+0000][1][safepoint    ] Safepoint "Cleanup", Time since last: 1009231683 ns, Reaching safepoint: 110199 ns, At safepoint: 8235 ns, Total: 118434 ns
[2020-02-29T06:33:43.646+0000][1][safepoint    ] Safepoint "Cleanup", Time since last: 1009517396 ns, Reaching safepoint: 78023 ns, At safepoint: 7153 ns, Total: 85176 ns
[2020-02-29T06:33:44.157+0000][1][safepoint    ] Safepoint "RevokeBias", Time since last: 510752548 ns, Reaching safepoint: 53274 ns, At safepoint: 33155 ns, Total: 86429 ns
[2020-02-29T06:33:45.157+0000][1][safepoint    ] Safepoint "Cleanup", Time since last: 1000561600 ns, Reaching safepoint: 60169 ns, At safepoint: 6549 ns, Total: 66718 ns
[2020-02-29T06:33:46.159+0000][1][safepoint    ] Safepoint "Cleanup", Time since last: 1002000614 ns, Reaching safepoint: 60894 ns, At safepoint: 6968 ns, Total: 67862 ns
[2020-02-29T06:33:46.673+0000][1][safepoint    ] Safepoint "RevokeBias", Time since last: 513348477 ns, Reaching safepoint: 53518 ns, At safepoint: 15281 ns, Total: 68799 ns
[2020-02-29T06:33:47.678+0000][1][safepoint    ] Safepoint "Cleanup", Time since last: 1005019371 ns, Reaching safepoint: 79037 ns, At safepoint: 7758 ns, Total: 86795 ns
[2020-02-29T06:33:48.680+0000][1][safepoint    ] Safepoint "Cleanup", Time since last: 1002264516 ns, Reaching safepoint: 75748 ns, At safepoint: 7234 ns, Total: 82982 ns
[2020-02-29T06:33:49.284+0000][1][safepoint    ] Safepoint "RevokeBias", Time since last: 603955503 ns, Reaching safepoint: 53862 ns, At safepoint: 15919 ns, Total: 69781 ns
[2020-02-29T06:33:50.285+0000][1][safepoint    ] Safepoint "Cleanup", Time since last: 1000786604 ns, Reaching safepoint: 62926 ns, At safepoint: 7243 ns, Total: 70169 ns
[2020-02-29T06:33:51.296+0000][1][safepoint    ] Safepoint "Cleanup", Time since last: 1010671549 ns, Reaching safepoint: 91555 ns, At safepoint: 7972 ns, Total: 99527 ns
[2020-02-29T06:33:51.801+0000][1][safepoint    ] Safepoint "RevokeBias", Time since last: 505120550 ns, Reaching safepoint: 88024 ns, At safepoint: 45213 ns, Total: 133237 ns
[2020-02-29T06:33:52.808+0000][1][safepoint    ] Safepoint "Cleanup", Time since last: 1006735971 ns, Reaching safepoint: 73338 ns, At safepoint: 5785 ns, Total: 79123 ns
[2020-02-29T06:33:53.808+0000][1][safepoint    ] Safepoint "Cleanup", Time since last: 1000096148 ns, Reaching safepoint: 78733 ns, At safepoint: 7817 ns, Total: 86550 ns
[2020-02-29T06:33:54.325+0000][1][safepoint    ] Safepoint "RevokeBias", Time since last: 516815646 ns, Reaching safepoint: 94820 ns, At safepoint: 21139 ns, Total: 115959 ns
[2020-02-29T06:33:55.331+0000][1][safepoint    ] Safepoint "Cleanup", Time since last: 1006012807 ns, Reaching safepoint: 79797 ns, At safepoint: 7690 ns, Total: 87487 ns
[2020-02-29T06:33:56.333+0000][1][safepoint    ] Safepoint "Cleanup", Time since last: 1002205562 ns, Reaching safepoint: 61673 ns, At safepoint: 7757 ns, Total: 69430 ns
[2020-02-29T06:33:56.834+0000][1][safepoint    ] Safepoint "RevokeBias", Time since last: 500504434 ns, Reaching safepoint: 121588 ns, At safepoint: 18991 ns, Total: 140579 ns
[2020-02-29T06:33:58.356+0000][1][safepoint    ] Safepoint "Cleanup", Time since last: 1522080257 ns, Reaching safepoint: 61327 ns, At safepoint: 6973 ns, Total: 68300 ns
[2020-02-29T06:33:59.351+0000][1][safepoint    ] Safepoint "RevokeBias", Time since last: 994287127 ns, Reaching safepoint: 91625 ns, At safepoint: 19617 ns, Total: 111242 ns
[2020-02-29T06:34:00.353+0000][1][safepoint    ] Safepoint "Cleanup", Time since last: 1002267411 ns, Reaching safepoint: 76681 ns, At safepoint: 7343 ns, Total: 84024 ns
[2020-02-29T06:34:01.355+0000][1][safepoint    ] Safepoint "Cleanup", Time since last: 1001693921 ns, Reaching safepoint: 78570 ns, At safepoint: 7406 ns, Total: 85976 ns
[2020-02-29T06:34:01.875+0000][1][safepoint    ] Safepoint "RevokeBias", Time since last: 520452567 ns, Reaching safepoint: 71953 ns, At safepoint: 18917 ns, Total: 90870 ns
[2020-02-29T06:34:02.883+0000][1][safepoint    ] Safepoint "Cleanup", Time since last: 1007869852 ns, Reaching safepoint: 60949 ns, At safepoint: 7320 ns, Total: 68269 ns
[2020-02-29T06:34:03.884+0000][1][safepoint    ] Safepoint "Cleanup", Time since last: 1000308384 ns, Reaching safepoint: 167795 ns, At safepoint: 23616 ns, Total: 191411 ns
[2020-02-29T06:34:04.390+0000][1][safepoint    ] Safepoint "RevokeBias", Time since last: 506644087 ns, Reaching safepoint: 73199 ns, At safepoint: 17743 ns, Total: 90942 ns
[2020-02-29T06:34:05.401+0000][1][safepoint    ] Safepoint "Cleanup", Time since last: 1010564848 ns, Reaching safepoint: 77615 ns, At safepoint: 7288 ns, Total: 84903 ns
[2020-02-29T06:34:06.409+0000][1][safepoint    ] Safepoint "Cleanup", Time since last: 1007686080 ns, Reaching safepoint: 214803 ns, At safepoint: 30911 ns, Total: 245714 ns
[2020-02-29T06:34:06.913+0000][1][safepoint    ] Safepoint "RevokeBias", Time since last: 504133155 ns, Reaching safepoint: 51682 ns, At safepoint: 14928 ns, Total: 66610 ns
[2020-02-29T06:34:07.917+0000][1][safepoint    ] Safepoint "Cleanup", Time since last: 1004057811 ns, Reaching safepoint: 74664 ns, At safepoint: 5825 ns, Total: 80489 ns
[2020-02-29T06:34:08.918+0000][1][safepoint    ] Safepoint "Cleanup", Time since last: 1000768041 ns, Reaching safepoint: 79509 ns, At safepoint: 8506 ns, Total: 88015 ns
[2020-02-29T06:34:09.438+0000][1][safepoint    ] Safepoint "RevokeBias", Time since last: 519703429 ns, Reaching safepoint: 118463 ns, At safepoint: 19683 ns, Total: 138146 ns
[2020-02-29T06:34:10.439+0000][1][safepoint    ] Safepoint "Cleanup", Time since last: 1000974777 ns, Reaching safepoint: 60393 ns, At safepoint: 6546 ns, Total: 66939 ns
[2020-02-29T06:34:11.449+0000][1][safepoint    ] Safepoint "Cleanup", Time since last: 1010106484 ns, Reaching safepoint: 58841 ns, At safepoint: 6620 ns, Total: 65461 ns
[2020-02-29T06:34:11.946+0000][1][safepoint    ] Safepoint "RevokeBias", Time since last: 496839524 ns, Reaching safepoint: 72244 ns, At safepoint: 17459 ns, Total: 89703 ns
[2020-02-29T06:34:12.947+0000][1][safepoint    ] Safepoint "Cleanup", Time since last: 1000741130 ns, Reaching safepoint: 107764 ns, At safepoint: 8801 ns, Total: 116565 ns
[2020-02-29T06:34:13.947+0000][1][safepoint    ] Safepoint "Cleanup", Time since last: 1000147676 ns, Reaching safepoint: 80882 ns, At safepoint: 7896 ns, Total: 88778 ns
[2020-02-29T06:34:14.466+0000][1][safepoint    ] Safepoint "RevokeBias", Time since last: 512686580 ns, Reaching safepoint: 6277296 ns, At safepoint: 42226 ns, Total: 6319522 ns
[2020-02-29T06:34:15.488+0000][1][safepoint    ] Safepoint "Cleanup", Time since last: 1021947493 ns, Reaching safepoint: 81953 ns, At safepoint: 10117 ns, Total: 92070 ns
[2020-02-29T06:34:16.490+0000][1][safepoint    ] Safepoint "Cleanup", Time since last: 1001632246 ns, Reaching safepoint: 96442 ns, At safepoint: 8553 ns, Total: 104995 ns
[2020-02-29T06:34:16.980+0000][1][safepoint    ] Safepoint "RevokeBias", Time since last: 489487498 ns, Reaching safepoint: 75372 ns, At safepoint: 17833 ns, Total: 93205 ns
[2020-02-29T06:34:17.984+0000][1][safepoint    ] Safepoint "Cleanup", Time since last: 1004091312 ns, Reaching safepoint: 75243 ns, At safepoint: 7070 ns, Total: 82313 ns
[2020-02-29T06:34:18.986+0000][1][safepoint    ] Safepoint "Cleanup", Time since last: 1002056418 ns, Reaching safepoint: 109927 ns, At safepoint: 7530 ns, Total: 117457 ns
[2020-02-29T06:34:19.504+0000][1][safepoint    ] Safepoint "RevokeBias", Time since last: 517966391 ns, Reaching safepoint: 118034 ns, At safepoint: 34610 ns, Total: 152644 ns
[2020-02-29T06:34:20.515+0000][1][safepoint    ] Safepoint "Cleanup", Time since last: 1010840367 ns, Reaching safepoint: 77778 ns, At safepoint: 6599 ns, Total: 84377 ns
[2020-02-29T06:34:21.521+0000][1][safepoint    ] Safepoint "Cleanup", Time since last: 1006031828 ns, Reaching safepoint: 59086 ns, At safepoint: 7313 ns, Total: 66399 ns
[2020-02-29T06:34:22.028+0000][1][safepoint    ] Safepoint "RevokeBias", Time since last: 506669268 ns, Reaching safepoint: 70753 ns, At safepoint: 17044 ns, Total: 87797 ns
[2020-02-29T06:34:23.031+0000][1][safepoint    ] Safepoint "Cleanup", Time since last: 1003445108 ns, Reaching safepoint: 76779 ns, At safepoint: 7287 ns, Total: 84066 ns
[2020-02-29T06:34:24.033+0000][1][safepoint    ] Safepoint "Cleanup", Time since last: 1001460561 ns, Reaching safepoint: 103038 ns, At safepoint: 13464 ns, Total: 116502 ns
[2020-02-29T06:34:24.548+0000][1][safepoint    ] Safepoint "RevokeBias", Time since last: 514393013 ns, Reaching safepoint: 122118 ns, At safepoint: 40171 ns, Total: 162289 ns
[2020-02-29T06:34:25.551+0000][1][safepoint    ] Safepoint "Cleanup", Time since last: 1003513351 ns, Reaching safepoint: 76151 ns, At safepoint: 7090 ns, Total: 83241 ns
[2020-02-29T06:34:26.551+0000][1][safepoint    ] Safepoint "Cleanup", Time since last: 1000174233 ns, Reaching safepoint: 80426 ns, At safepoint: 7912 ns, Total: 88338 ns
[2020-02-29T06:34:27.068+0000][1][safepoint    ] Safepoint "RevokeBias", Time since last: 516088581 ns, Reaching safepoint: 72607 ns, At safepoint: 17741 ns, Total: 90348 ns
[2020-02-29T06:34:28.359+0000][1][safepoint    ] Safepoint "Cleanup", Time since last: 1291563435 ns, Reaching safepoint: 74294 ns, At safepoint: 7067 ns, Total: 81361 ns
[2020-02-29T06:34:29.360+0000][1][safepoint    ] Safepoint "Cleanup", Time since last: 1000632929 ns, Reaching safepoint: 73610 ns, At safepoint: 7159 ns, Total: 80769 ns
[2020-02-29T06:34:29.577+0000][1][safepoint    ] Safepoint "RevokeBias", Time since last: 216604474 ns, Reaching safepoint: 74791 ns, At safepoint: 17724 ns, Total: 92515 ns
[2020-02-29T06:34:30.577+0000][1][safepoint    ] Safepoint "Cleanup", Time since last: 1000314490 ns, Reaching safepoint: 89439 ns, At safepoint: 7324 ns, Total: 96763 ns
[2020-02-29T06:34:31.577+0000][1][safepoint    ] Safepoint "Cleanup", Time since last: 1000160372 ns, Reaching safepoint: 78937 ns, At safepoint: 8162 ns, Total: 87099 ns
[2020-02-29T06:34:32.089+0000][1][safepoint    ] Safepoint "RevokeBias", Time since last: 512057468 ns, Reaching safepoint: 74811 ns, At safepoint: 17576 ns, Total: 92387 ns
[2020-02-29T06:34:33.093+0000][1][safepoint    ] Safepoint "Cleanup", Time since last: 1003481341 ns, Reaching safepoint: 77909 ns, At safepoint: 7623 ns, Total: 85532 ns
[2020-02-29T06:34:34.103+0000][1][safepoint    ] Safepoint "Cleanup", Time since last: 1010179343 ns, Reaching safepoint: 59944 ns, At safepoint: 6089 ns, Total: 66033 ns
[2020-02-29T06:34:34.600+0000][1][safepoint    ] Safepoint "RevokeBias", Time since last: 496594000 ns, Reaching safepoint: 83853 ns, At safepoint: 20634 ns, Total: 104487 ns
[2020-02-29T06:34:35.605+0000][1][safepoint    ] Safepoint "Cleanup", Time since last: 1005383397 ns, Reaching safepoint: 75834 ns, At safepoint: 7442 ns, Total: 83276 ns
[2020-02-29T06:34:36.611+0000][1][safepoint    ] Safepoint "Cleanup", Time since last: 1005693324 ns, Reaching safepoint: 93742 ns, At safepoint: 22165 ns, Total: 115907 ns
[2020-02-29T06:34:37.111+0000][1][safepoint    ] Safepoint "RevokeBias", Time since last: 499265127 ns, Reaching safepoint: 69751 ns, At safepoint: 17398 ns, Total: 87149 ns
[2020-02-29T06:34:38.114+0000][1][safepoint    ] Safepoint "Cleanup", Time since last: 1003667874 ns, Reaching safepoint: 105939 ns, At safepoint: 12495 ns, Total: 118434 ns
[2020-02-29T06:34:39.118+0000][1][safepoint    ] Safepoint "Cleanup", Time since last: 1003673053 ns, Reaching safepoint: 77858 ns, At safepoint: 8043 ns, Total: 85901 ns
[2020-02-29T06:34:39.634+0000][1][safepoint    ] Safepoint "RevokeBias", Time since last: 515953713 ns, Reaching safepoint: 53152 ns, At safepoint: 15771 ns, Total: 68923 ns
[2020-02-29T06:34:40.639+0000][1][safepoint    ] Safepoint "Cleanup", Time since last: 1004821953 ns, Reaching safepoint: 94082 ns, At safepoint: 7501 ns, Total: 101583 ns
[2020-02-29T06:34:41.647+0000][1][safepoint    ] Safepoint "Cleanup", Time since last: 1008034046 ns, Reaching safepoint: 79069 ns, At safepoint: 7839 ns, Total: 86908 ns
[2020-02-29T06:34:42.149+0000][1][safepoint    ] Safepoint "RevokeBias", Time since last: 501914301 ns, Reaching safepoint: 53854 ns, At safepoint: 15708 ns, Total: 69562 ns
[2020-02-29T06:34:43.158+0000][1][safepoint    ] Safepoint "Cleanup", Time since last: 1008872486 ns, Reaching safepoint: 79158 ns, At safepoint: 6754 ns, Total: 85912 ns
[2020-02-29T06:34:44.159+0000][1][safepoint    ] Safepoint "Cleanup", Time since last: 1001052717 ns, Reaching safepoint: 64484 ns, At safepoint: 7715 ns, Total: 72199 ns
[2020-02-29T06:34:44.662+0000][1][safepoint    ] Safepoint "RevokeBias", Time since last: 502460982 ns, Reaching safepoint: 139263 ns, At safepoint: 67490 ns, Total: 206753 ns
[2020-02-29T06:34:45.663+0000][1][safepoint    ] Safepoint "Cleanup", Time since last: 1001041676 ns, Reaching safepoint: 112914 ns, At safepoint: 6891 ns, Total: 119805 ns
[2020-02-29T06:34:46.672+0000][1][safepoint    ] Safepoint "Cleanup", Time since last: 1009246309 ns, Reaching safepoint: 75949 ns, At safepoint: 7163 ns, Total: 83112 ns
[2020-02-29T06:34:47.180+0000][1][safepoint    ] Safepoint "RevokeBias", Time since last: 507808832 ns, Reaching safepoint: 72631 ns, At safepoint: 17951 ns, Total: 90582 ns
[2020-02-29T06:34:48.184+0000][1][safepoint    ] Safepoint "Cleanup", Time since last: 1003951057 ns, Reaching safepoint: 59147 ns, At safepoint: 7103 ns, Total: 66250 ns
[2020-02-29T06:34:49.189+0000][1][safepoint    ] Safepoint "Cleanup", Time since last: 1004812992 ns, Reaching safepoint: 57856 ns, At safepoint: 6294 ns, Total: 64150 ns
[2020-02-29T06:34:49.707+0000][1][safepoint    ] Safepoint "RevokeBias", Time since last: 517258054 ns, Reaching safepoint: 137390 ns, At safepoint: 34875 ns, Total: 172265 ns
[2020-02-29T06:34:50.716+0000][1][safepoint    ] Safepoint "Cleanup", Time since last: 1009302056 ns, Reaching safepoint: 81646 ns, At safepoint: 8185 ns, Total: 89831 ns
[2020-02-29T06:34:51.721+0000][1][safepoint    ] Safepoint "Cleanup", Time since last: 1005275846 ns, Reaching safepoint: 60245 ns, At safepoint: 7981 ns, Total: 68226 ns
[2020-02-29T06:34:52.220+0000][1][safepoint    ] Safepoint "BulkRevokeBias", Time since last: 498579168 ns, Reaching safepoint: 102137 ns, At safepoint: 236001 ns, Total: 338138 ns
[2020-02-29T06:34:53.224+0000][1][safepoint    ] Safepoint "Cleanup", Time since last: 1003629949 ns, Reaching safepoint: 81226 ns, At safepoint: 7828 ns, Total: 89054 ns
[2020-02-29T06:34:54.225+0000][1][safepoint    ] Safepoint "Cleanup", Time since last: 1000663021 ns, Reaching safepoint: 58131 ns, At safepoint: 5787 ns, Total: 63918 ns
[2020-02-29T06:34:54.742+0000][1][safepoint    ] Safepoint "RevokeBias", Time since last: 516596891 ns, Reaching safepoint: 115612 ns, At safepoint: 19290 ns, Total: 134902 ns
[2020-02-29T06:34:55.742+0000][1][safepoint    ] Safepoint "Cleanup", Time since last: 1000254360 ns, Reaching safepoint: 125226 ns, At safepoint: 7396 ns, Total: 132622 ns
[2020-02-29T06:34:56.747+0000][1][safepoint    ] Safepoint "Cleanup", Time since last: 1005000743 ns, Reaching safepoint: 77223 ns, At safepoint: 7295 ns, Total: 84518 ns
[2020-02-29T06:34:57.256+0000][1][safepoint    ] Safepoint "RevokeBias", Time since last: 509185241 ns, Reaching safepoint: 59960 ns, At safepoint: 17226 ns, Total: 77186 ns
[2020-02-29T06:34:58.262+0000][1][safepoint    ] Safepoint "Cleanup", Time since last: 1005634305 ns, Reaching safepoint: 61375 ns, At safepoint: 7186 ns, Total: 68561 ns
[2020-02-29T06:34:59.262+0000][1][safepoint    ] Safepoint "Cleanup", Time since last: 1000430456 ns, Reaching safepoint: 60532 ns, At safepoint: 6962 ns, Total: 67494 ns
[2020-02-29T06:34:59.775+0000][1][safepoint    ] Safepoint "RevokeBias", Time since last: 512692038 ns, Reaching safepoint: 70652 ns, At safepoint: 45998 ns, Total: 116650 ns
[2020-02-29T06:35:00.781+0000][1][safepoint    ] Safepoint "Cleanup", Time since last: 1005981397 ns, Reaching safepoint: 156397 ns, At safepoint: 23763 ns, Total: 180160 ns
[2020-02-29T06:35:01.791+0000][1][safepoint    ] Safepoint "Cleanup", Time since last: 1009344152 ns, Reaching safepoint: 175117 ns, At safepoint: 22011 ns, Total: 197128 ns
[2020-02-29T06:35:02.308+0000][1][safepoint    ] Safepoint "RevokeBias", Time since last: 517094917 ns, Reaching safepoint: 55566 ns, At safepoint: 16004 ns, Total: 71570 ns
[2020-02-29T06:35:03.317+0000][1][safepoint    ] Safepoint "Cleanup", Time since last: 1008654921 ns, Reaching safepoint: 119200 ns, At safepoint: 38324 ns, Total: 157524 ns
[2020-02-29T06:35:04.320+0000][1][safepoint    ] Safepoint "Cleanup", Time since last: 1002847568 ns, Reaching safepoint: 58522 ns, At safepoint: 6015 ns, Total: 64537 ns
[2020-02-29T06:35:04.823+0000][1][safepoint    ] Safepoint "RevokeBias", Time since last: 503385136 ns, Reaching safepoint: 52164 ns, At safepoint: 15597 ns, Total: 67761 ns
[2020-02-29T06:35:05.825+0000][1][safepoint    ] Safepoint "Cleanup", Time since last: 1001216571 ns, Reaching safepoint: 74618 ns, At safepoint: 7165 ns, Total: 81783 ns
[2020-02-29T06:35:06.833+0000][1][safepoint    ] Safepoint "Cleanup", Time since last: 1008457063 ns, Reaching safepoint: 136189 ns, At safepoint: 21555 ns, Total: 157744 ns
[2020-02-29T06:35:07.336+0000][1][safepoint    ] Safepoint "RevokeBias", Time since last: 502830452 ns, Reaching safepoint: 86197 ns, At safepoint: 19372 ns, Total: 105569 ns
[2020-02-29T06:35:08.339+0000][1][safepoint    ] Safepoint "Cleanup", Time since last: 1003070288 ns, Reaching safepoint: 63359 ns, At safepoint: 7707 ns, Total: 71066 ns
[2020-02-29T06:35:09.343+0000][1][safepoint    ] Safepoint "Cleanup", Time since last: 1003521242 ns, Reaching safepoint: 77001 ns, At safepoint: 7292 ns, Total: 84293 ns
[2020-02-29T06:35:09.850+0000][1][safepoint    ] Safepoint "RevokeBias", Time since last: 507039509 ns, Reaching safepoint: 53013 ns, At safepoint: 15669 ns, Total: 68682 ns
[2020-02-29T06:35:10.329+0000][1][gc,start     ] GC(77) Pause Young (Allocation Failure)
[2020-02-29T06:35:10.329+0000][1][gc,task      ] GC(77) Using 1 workers of 1 for evacuation
[2020-02-29T06:35:10.347+0000][1][gc,age       ] GC(77) Desired survivor size 4358144 bytes, new threshold 6 (max threshold 6)
[2020-02-29T06:35:10.347+0000][1][gc,age       ] GC(77) Age table with threshold 6 (max threshold 6)
[2020-02-29T06:35:10.347+0000][1][gc,age       ] GC(77) - age   1:      12264 bytes,      12264 total
[2020-02-29T06:35:10.347+0000][1][gc,age       ] GC(77) - age   2:       1264 bytes,      13528 total
[2020-02-29T06:35:10.347+0000][1][gc,age       ] GC(77) - age   4:        368 bytes,      13896 total
[2020-02-29T06:35:10.347+0000][1][gc,age       ] GC(77) - age   6:         32 bytes,      13928 total
[2020-02-29T06:35:10.348+0000][1][gc,heap      ] GC(77) ParNew: 68173K->26K(76672K)
[2020-02-29T06:35:10.348+0000][1][gc,heap      ] GC(77) CMS: 62569K->62570K(963392K)
[2020-02-29T06:35:10.348+0000][1][gc,metaspace ] GC(77) Metaspace: 79868K->79868K(1122304K)
[2020-02-29T06:35:10.348+0000][1][gc           ] GC(77) Pause Young (Allocation Failure) 127M->61M(1015M) 18.249ms
[2020-02-29T06:35:10.348+0000][1][gc,cpu       ] GC(77) User=0.01s Sys=0.00s Real=0.02s
[2020-02-29T06:35:10.348+0000][1][safepoint    ] Safepoint "GenCollectForAllocation", Time since last: 479199802 ns, Reaching safepoint: 70701 ns, At safepoint: 18397598 ns, Total: 18468299 ns
[2020-02-29T06:35:11.353+0000][1][safepoint    ] Safepoint "Cleanup", Time since last: 1005373114 ns, Reaching safepoint: 82099 ns, At safepoint: 9154 ns, Total: 91253 ns
[2020-02-29T06:35:12.354+0000][1][safepoint    ] Safepoint "Cleanup", Time since last: 1000872397 ns, Reaching safepoint: 106592 ns, At safepoint: 8561 ns, Total: 115153 ns
[2020-02-29T06:35:12.378+0000][1][safepoint    ] Safepoint "RevokeBias", Time since last: 24162534 ns, Reaching safepoint: 99714 ns, At safepoint: 48471 ns, Total: 148185 ns
[2020-02-29T06:35:13.379+0000][1][safepoint    ] Safepoint "Cleanup", Time since last: 1000771802 ns, Reaching safepoint: 85439 ns, At safepoint: 11925 ns, Total: 97364 ns
[2020-02-29T06:35:14.382+0000][1][safepoint    ] Safepoint "Cleanup", Time since last: 1002658742 ns, Reaching safepoint: 76499 ns, At safepoint: 8335 ns, Total: 84834 ns
[2020-02-29T06:35:14.908+0000][1][safepoint    ] Safepoint "RevokeBias", Time since last: 526066602 ns, Reaching safepoint: 95526 ns, At safepoint: 24140 ns, Total: 119666 ns
[2020-02-29T06:35:15.930+0000][1][safepoint    ] Safepoint "Cleanup", Time since last: 1021710427 ns, Reaching safepoint: 87522 ns, At safepoint: 10443 ns, Total: 97965 ns
[2020-02-29T06:35:16.938+0000][1][safepoint    ] Safepoint "Cleanup", Time since last: 1008031332 ns, Reaching safepoint: 98201 ns, At safepoint: 11486 ns, Total: 109687 ns
[2020-02-29T06:35:17.434+0000][1][safepoint    ] Safepoint "RevokeBias", Time since last: 495749216 ns, Reaching safepoint: 73670 ns, At safepoint: 17324 ns, Total: 90994 ns
[2020-02-29T06:35:18.437+0000][1][safepoint    ] Safepoint "Cleanup", Time since last: 1003207919 ns, Reaching safepoint: 61970 ns, At safepoint: 7723 ns, Total: 69693 ns
[2020-02-29T06:35:19.438+0000][1][safepoint    ] Safepoint "Cleanup", Time since last: 1000796587 ns, Reaching safepoint: 76393 ns, At safepoint: 7154 ns, Total: 83547 ns
[2020-02-29T06:35:19.964+0000][1][safepoint    ] Safepoint "RevokeBias", Time since last: 525523324 ns, Reaching safepoint: 75008 ns, At safepoint: 18279 ns, Total: 93287 ns
[2020-02-29T06:35:20.969+0000][1][safepoint    ] Safepoint "Cleanup", Time since last: 1005353492 ns, Reaching safepoint: 64445 ns, At safepoint: 8193 ns, Total: 72638 ns
[2020-02-29T06:35:21.970+0000][1][safepoint    ] Safepoint "Cleanup", Time since last: 1000971062 ns, Reaching safepoint: 161907 ns, At safepoint: 8487 ns, Total: 170394 ns
[2020-02-29T06:35:22.483+0000][1][safepoint    ] Safepoint "RevokeBias", Time since last: 512058366 ns, Reaching safepoint: 54798 ns, At safepoint: 16100 ns, Total: 70898 ns
[2020-02-29T06:35:23.485+0000][1][safepoint    ] Safepoint "Cleanup", Time since last: 1002280170 ns, Reaching safepoint: 99581 ns, At safepoint: 10359 ns, Total: 109940 ns
[2020-02-29T06:35:24.493+0000][1][safepoint    ] Safepoint "Cleanup", Time since last: 1008308813 ns, Reaching safepoint: 98637 ns, At safepoint: 11873 ns, Total: 110510 ns
[2020-02-29T06:35:25.002+0000][1][safepoint    ] Safepoint "RevokeBias", Time since last: 508700380 ns, Reaching safepoint: 61131 ns, At safepoint: 16991 ns, Total: 78122 ns
[2020-02-29T06:35:26.006+0000][1][safepoint    ] Safepoint "Cleanup", Time since last: 1003719252 ns, Reaching safepoint: 58240 ns, At safepoint: 6578 ns, Total: 64818 ns
[2020-02-29T06:35:27.009+0000][1][safepoint    ] Safepoint "Cleanup", Time since last: 1003246924 ns, Reaching safepoint: 76698 ns, At safepoint: 7273 ns, Total: 83971 ns
[2020-02-29T06:35:27.523+0000][1][safepoint    ] Safepoint "RevokeBias", Time since last: 513831485 ns, Reaching safepoint: 53559 ns, At safepoint: 15642 ns, Total: 69201 ns
[2020-02-29T06:35:28.526+0000][1][safepoint    ] Safepoint "Cleanup", Time since last: 1002923259 ns, Reaching safepoint: 97458 ns, At safepoint: 24366 ns, Total: 121824 ns
[2020-02-29T06:35:29.530+0000][1][safepoint    ] Safepoint "Cleanup", Time since last: 1004021445 ns, Reaching safepoint: 58094 ns, At safepoint: 5979 ns, Total: 64073 ns
[2020-02-29T06:35:30.050+0000][1][safepoint    ] Safepoint "RevokeBias", Time since last: 519116478 ns, Reaching safepoint: 116714 ns, At safepoint: 21919 ns, Total: 138633 ns
[2020-02-29T06:35:31.052+0000][1][safepoint    ] Safepoint "Cleanup", Time since last: 1002408032 ns, Reaching safepoint: 77570 ns, At safepoint: 7363 ns, Total: 84933 ns
[2020-02-29T06:35:32.055+0000][1][safepoint    ] Safepoint "Cleanup", Time since last: 1002974075 ns, Reaching safepoint: 80357 ns, At safepoint: 7881 ns, Total: 88238 ns
[2020-02-29T06:35:32.574+0000][1][safepoint    ] Safepoint "RevokeBias", Time since last: 519195411 ns, Reaching safepoint: 140870 ns, At safepoint: 37186 ns, Total: 178056 ns
[2020-02-29T06:35:33.582+0000][1][safepoint    ] Safepoint "Cleanup", Time since last: 1007350147 ns, Reaching safepoint: 66459 ns, At safepoint: 8757 ns, Total: 75216 ns
[2020-02-29T06:35:34.584+0000][1][safepoint    ] Safepoint "Cleanup", Time since last: 1002035065 ns, Reaching safepoint: 73764 ns, At safepoint: 6045 ns, Total: 79809 ns
[2020-02-29T06:35:35.094+0000][1][safepoint    ] Safepoint "RevokeBias", Time since last: 510227442 ns, Reaching safepoint: 71875 ns, At safepoint: 17846 ns, Total: 89721 ns
[2020-02-29T06:35:36.103+0000][1][safepoint    ] Safepoint "Cleanup", Time since last: 1008684378 ns, Reaching safepoint: 77122 ns, At safepoint: 8443 ns, Total: 85565 ns
[2020-02-29T06:35:37.112+0000][1][safepoint    ] Safepoint "Cleanup", Time since last: 1008994522 ns, Reaching safepoint: 77712 ns, At safepoint: 7256 ns, Total: 84968 ns
[2020-02-29T06:35:37.615+0000][1][safepoint    ] Safepoint "RevokeBias", Time since last: 502832370 ns, Reaching safepoint: 91004 ns, At safepoint: 20186 ns, Total: 111190 ns
[2020-02-29T06:35:38.619+0000][1][safepoint    ] Safepoint "Cleanup", Time since last: 1004067418 ns, Reaching safepoint: 61897 ns, At safepoint: 7229 ns, Total: 69126 ns
[2020-02-29T06:35:39.621+0000][1][safepoint    ] Safepoint "Cleanup", Time since last: 1001357276 ns, Reaching safepoint: 57703 ns, At safepoint: 6915 ns, Total: 64618 ns
[2020-02-29T06:35:40.135+0000][1][safepoint    ] Safepoint "RevokeBias", Time since last: 513958379 ns, Reaching safepoint: 58676 ns, At safepoint: 16696 ns, Total: 75372 ns
[2020-02-29T06:35:41.141+0000][1][safepoint    ] Safepoint "Cleanup", Time since last: 1005953837 ns, Reaching safepoint: 111715 ns, At safepoint: 171876 ns, Total: 283591 ns
[2020-02-29T06:35:42.142+0000][1][safepoint    ] Safepoint "Cleanup", Time since last: 1000909295 ns, Reaching safepoint: 64423 ns, At safepoint: 6003 ns, Total: 70426 ns
[2020-02-29T06:35:42.791+0000][1][safepoint    ] Safepoint "RevokeBias", Time since last: 649459308 ns, Reaching safepoint: 98416 ns, At safepoint: 26899 ns, Total: 125315 ns
[2020-02-29T06:35:43.797+0000][1][safepoint    ] Safepoint "Cleanup", Time since last: 1005752437 ns, Reaching safepoint: 81267 ns, At safepoint: 9135 ns, Total: 90402 ns
[2020-02-29T06:35:44.811+0000][1][safepoint    ] Safepoint "Cleanup", Time since last: 1013861849 ns, Reaching safepoint: 104000 ns, At safepoint: 11401 ns, Total: 115401 ns
[2020-02-29T06:35:45.311+0000][1][safepoint    ] Safepoint "RevokeBias", Time since last: 499388504 ns, Reaching safepoint: 194375 ns, At safepoint: 36889 ns, Total: 231264 ns
[2020-02-29T06:35:46.312+0000][1][safepoint    ] Safepoint "Cleanup", Time since last: 1001465561 ns, Reaching safepoint: 77869 ns, At safepoint: 7139 ns, Total: 85008 ns
[2020-02-29T06:35:47.321+0000][1][safepoint    ] Safepoint "Cleanup", Time since last: 1008211782 ns, Reaching safepoint: 60443 ns, At safepoint: 6879 ns, Total: 67322 ns
[2020-02-29T06:35:47.844+0000][1][safepoint    ] Safepoint "RevokeBias", Time since last: 522943980 ns, Reaching safepoint: 104615 ns, At safepoint: 29360 ns, Total: 133975 ns
[2020-02-29T06:35:48.848+0000][1][safepoint    ] Safepoint "Cleanup", Time since last: 1004329220 ns, Reaching safepoint: 62725 ns, At safepoint: 7767 ns, Total: 70492 ns
[2020-02-29T06:35:49.854+0000][1][safepoint    ] Safepoint "Cleanup", Time since last: 1004970068 ns, Reaching safepoint: 119932 ns, At safepoint: 841026 ns, Total: 960958 ns
[2020-02-29T06:35:50.370+0000][1][safepoint    ] Safepoint "RevokeBias", Time since last: 515379365 ns, Reaching safepoint: 72107 ns, At safepoint: 18703 ns, Total: 90810 ns
[2020-02-29T06:35:51.373+0000][1][safepoint    ] Safepoint "Cleanup", Time since last: 1003313016 ns, Reaching safepoint: 111862 ns, At safepoint: 17763 ns, Total: 129625 ns
[2020-02-29T06:35:52.375+0000][1][safepoint    ] Safepoint "Cleanup", Time since last: 1001936632 ns, Reaching safepoint: 78322 ns, At safepoint: 8324 ns, Total: 86646 ns
[2020-02-29T06:35:52.885+0000][1][safepoint    ] Safepoint "RevokeBias", Time since last: 510142753 ns, Reaching safepoint: 101285 ns, At safepoint: 18132 ns, Total: 119417 ns
[2020-02-29T06:35:53.886+0000][1][safepoint    ] Safepoint "Cleanup", Time since last: 1000744710 ns, Reaching safepoint: 58920 ns, At safepoint: 5733 ns, Total: 64653 ns
[2020-02-29T06:35:54.889+0000][1][safepoint    ] Safepoint "Cleanup", Time since last: 1002932426 ns, Reaching safepoint: 75364 ns, At safepoint: 5709 ns, Total: 81073 ns
[2020-02-29T06:35:55.401+0000][1][safepoint    ] Safepoint "RevokeBias", Time since last: 511326589 ns, Reaching safepoint: 107128 ns, At safepoint: 25659 ns, Total: 132787 ns
[2020-02-29T06:35:56.402+0000][1][safepoint    ] Safepoint "Cleanup", Time since last: 1001140379 ns, Reaching safepoint: 76725 ns, At safepoint: 6883 ns, Total: 83608 ns
[2020-02-29T06:35:57.907+0000][1][safepoint    ] Safepoint "RevokeBias", Time since last: 1504749468 ns, Reaching safepoint: 91746 ns, At safepoint: 20246 ns, Total: 111992 ns
[2020-02-29T06:35:58.911+0000][1][safepoint    ] Safepoint "Cleanup", Time since last: 1004314923 ns, Reaching safepoint: 79893 ns, At safepoint: 8873 ns, Total: 88766 ns
[2020-02-29T06:35:59.912+0000][1][safepoint    ] Safepoint "Cleanup", Time since last: 1000495674 ns, Reaching safepoint: 165239 ns, At safepoint: 24011 ns, Total: 189250 ns
[2020-02-29T06:36:00.415+0000][1][safepoint    ] Safepoint "RevokeBias", Time since last: 503068766 ns, Reaching safepoint: 113347 ns, At safepoint: 50015 ns, Total: 163362 ns
[2020-02-29T06:36:01.415+0000][1][safepoint    ] Safepoint "Cleanup", Time since last: 1000230391 ns, Reaching safepoint: 77872 ns, At safepoint: 7851 ns, Total: 85723 ns
[2020-02-29T06:36:02.422+0000][1][safepoint    ] Safepoint "Cleanup", Time since last: 1007029611 ns, Reaching safepoint: 76299 ns, At safepoint: 6972 ns, Total: 83271 ns
[2020-02-29T06:36:02.933+0000][1][safepoint    ] Safepoint "RevokeBias", Time since last: 510614965 ns, Reaching safepoint: 108471 ns, At safepoint: 19880 ns, Total: 128351 ns
[2020-02-29T06:36:03.937+0000][1][safepoint    ] Safepoint "Cleanup", Time since last: 1004092300 ns, Reaching safepoint: 58695 ns, At safepoint: 5908 ns, Total: 64603 ns
[2020-02-29T06:36:04.948+0000][1][safepoint    ] Safepoint "Cleanup", Time since last: 1010327143 ns, Reaching safepoint: 57832 ns, At safepoint: 5642 ns, Total: 63474 ns
[2020-02-29T06:36:05.450+0000][1][safepoint    ] Safepoint "BulkRevokeBias", Time since last: 502370133 ns, Reaching safepoint: 110320 ns, At safepoint: 234063 ns, Total: 344383 ns
[2020-02-29T06:36:06.453+0000][1][safepoint    ] Safepoint "Cleanup", Time since last: 1002828853 ns, Reaching safepoint: 75414 ns, At safepoint: 6730 ns, Total: 82144 ns
[2020-02-29T06:36:07.457+0000][1][safepoint    ] Safepoint "Cleanup", Time since last: 1003969532 ns, Reaching safepoint: 56202 ns, At safepoint: 5820 ns, Total: 62022 ns
[2020-02-29T06:36:07.960+0000][1][safepoint    ] Safepoint "RevokeBias", Time since last: 502392160 ns, Reaching safepoint: 73182 ns, At safepoint: 17692 ns, Total: 90874 ns
[2020-02-29T06:36:08.961+0000][1][safepoint    ] Safepoint "Cleanup", Time since last: 1000877164 ns, Reaching safepoint: 78635 ns, At safepoint: 8944 ns, Total: 87579 ns
[2020-02-29T06:36:09.964+0000][1][safepoint    ] Safepoint "Cleanup", Time since last: 1003345950 ns, Reaching safepoint: 91343 ns, At safepoint: 7547 ns, Total: 98890 ns
[2020-02-29T06:36:10.478+0000][1][safepoint    ] Safepoint "RevokeBias", Time since last: 513930297 ns, Reaching safepoint: 87925 ns, At safepoint: 17872 ns, Total: 105797 ns
[2020-02-29T06:36:11.489+0000][1][safepoint    ] Safepoint "Cleanup", Time since last: 1010396652 ns, Reaching safepoint: 131858 ns, At safepoint: 7649 ns, Total: 139507 ns
[2020-02-29T06:36:12.494+0000][1][safepoint    ] Safepoint "Cleanup", Time since last: 1005112261 ns, Reaching safepoint: 126306 ns, At safepoint: 7099 ns, Total: 133405 ns
[2020-02-29T06:36:12.998+0000][1][safepoint    ] Safepoint "RevokeBias", Time since last: 503373330 ns, Reaching safepoint: 51787 ns, At safepoint: 15932 ns, Total: 67719 ns
[2020-02-29T06:36:13.998+0000][1][safepoint    ] Safepoint "Cleanup", Time since last: 1000262911 ns, Reaching safepoint: 102524 ns, At safepoint: 8597 ns, Total: 111121 ns
[2020-02-29T06:36:14.999+0000][1][safepoint    ] Safepoint "Cleanup", Time since last: 1001414256 ns, Reaching safepoint: 76064 ns, At safepoint: 6393 ns, Total: 82457 ns
[2020-02-29T06:36:15.515+0000][1][safepoint    ] Safepoint "RevokeBias", Time since last: 515586051 ns, Reaching safepoint: 75083 ns, At safepoint: 55123 ns, Total: 130206 ns
[2020-02-29T06:36:16.522+0000][1][safepoint    ] Safepoint "Cleanup", Time since last: 1006755078 ns, Reaching safepoint: 57031 ns, At safepoint: 5385 ns, Total: 62416 ns
[2020-02-29T06:36:17.523+0000][1][safepoint    ] Safepoint "Cleanup", Time since last: 1001253281 ns, Reaching safepoint: 59812 ns, At safepoint: 6752 ns, Total: 66564 ns
[2020-02-29T06:36:18.030+0000][1][safepoint    ] Safepoint "RevokeBias", Time since last: 506306627 ns, Reaching safepoint: 79341 ns, At safepoint: 17741 ns, Total: 97082 ns
[2020-02-29T06:36:19.031+0000][1][safepoint    ] Safepoint "Cleanup", Time since last: 1001284701 ns, Reaching safepoint: 96925 ns, At safepoint: 7797 ns, Total: 104722 ns
[2020-02-29T06:36:20.035+0000][1][safepoint    ] Safepoint "Cleanup", Time since last: 1003912730 ns, Reaching safepoint: 57048 ns, At safepoint: 6456 ns, Total: 63504 ns
[2020-02-29T06:36:20.555+0000][1][safepoint    ] Safepoint "RevokeBias", Time since last: 519371201 ns, Reaching safepoint: 77621 ns, At safepoint: 18915 ns, Total: 96536 ns
[2020-02-29T06:36:21.564+0000][1][safepoint    ] Safepoint "Cleanup", Time since last: 1009814667 ns, Reaching safepoint: 86958 ns, At safepoint: 10255 ns, Total: 97213 ns
[2020-02-29T06:36:22.565+0000][1][safepoint    ] Safepoint "Cleanup", Time since last: 1000603014 ns, Reaching safepoint: 91127 ns, At safepoint: 11234 ns, Total: 102361 ns
[2020-02-29T06:36:23.075+0000][1][safepoint    ] Safepoint "RevokeBias", Time since last: 509291488 ns, Reaching safepoint: 56181 ns, At safepoint: 15923 ns, Total: 72104 ns
[2020-02-29T06:36:24.075+0000][1][safepoint    ] Safepoint "Cleanup", Time since last: 1000679708 ns, Reaching safepoint: 58396 ns, At safepoint: 6475 ns, Total: 64871 ns
[2020-02-29T06:36:25.077+0000][1][safepoint    ] Safepoint "Cleanup", Time since last: 1001516494 ns, Reaching safepoint: 75557 ns, At safepoint: 7067 ns, Total: 82624 ns
[2020-02-29T06:36:25.604+0000][1][safepoint    ] Safepoint "RevokeBias", Time since last: 527529068 ns, Reaching safepoint: 85025 ns, At safepoint: 20412 ns, Total: 105437 ns
[2020-02-29T06:36:26.605+0000][1][safepoint    ] Safepoint "Cleanup", Time since last: 1000671458 ns, Reaching safepoint: 75314 ns, At safepoint: 7121 ns, Total: 82435 ns
[2020-02-29T06:36:27.615+0000][1][safepoint    ] Safepoint "Cleanup", Time since last: 1009797354 ns, Reaching safepoint: 164671 ns, At safepoint: 24749 ns, Total: 189420 ns
[2020-02-29T06:36:28.129+0000][1][safepoint    ] Safepoint "RevokeBias", Time since last: 514138385 ns, Reaching safepoint: 89306 ns, At safepoint: 19174 ns, Total: 108480 ns
[2020-02-29T06:36:29.140+0000][1][safepoint    ] Safepoint "Cleanup", Time since last: 1010644518 ns, Reaching safepoint: 61497 ns, At safepoint: 7046 ns, Total: 68543 ns
[2020-02-29T06:36:30.145+0000][1][safepoint    ] Safepoint "Cleanup", Time since last: 1005017209 ns, Reaching safepoint: 113784 ns, At safepoint: 7825 ns, Total: 121609 ns
[2020-02-29T06:36:30.646+0000][1][safepoint    ] Safepoint "RevokeBias", Time since last: 500687256 ns, Reaching safepoint: 265687 ns, At safepoint: 22651 ns, Total: 288338 ns
[2020-02-29T06:36:31.647+0000][1][safepoint    ] Safepoint "Cleanup", Time since last: 1000912550 ns, Reaching safepoint: 93215 ns, At safepoint: 7428 ns, Total: 100643 ns
[2020-02-29T06:36:32.653+0000][1][safepoint    ] Safepoint "Cleanup", Time since last: 1005623124 ns, Reaching safepoint: 75843 ns, At safepoint: 7055 ns, Total: 82898 ns
[2020-02-29T06:36:33.163+0000][1][safepoint    ] Safepoint "RevokeBias", Time since last: 509559881 ns, Reaching safepoint: 144085 ns, At safepoint: 19395 ns, Total: 163480 ns
[2020-02-29T06:36:34.165+0000][1][safepoint    ] Safepoint "Cleanup", Time since last: 1002566604 ns, Reaching safepoint: 59790 ns, At safepoint: 6844 ns, Total: 66634 ns
[2020-02-29T06:36:35.175+0000][1][safepoint    ] Safepoint "Cleanup", Time since last: 1009605778 ns, Reaching safepoint: 74259 ns, At safepoint: 6892 ns, Total: 81151 ns
[2020-02-29T06:36:35.683+0000][1][safepoint    ] Safepoint "RevokeBias", Time since last: 508176333 ns, Reaching safepoint: 54538 ns, At safepoint: 15735 ns, Total: 70273 ns
[2020-02-29T06:36:36.690+0000][1][safepoint    ] Safepoint "Cleanup", Time since last: 1006639056 ns, Reaching safepoint: 167540 ns, At safepoint: 7311 ns, Total: 174851 ns
[2020-02-29T06:36:37.695+0000][1][safepoint    ] Safepoint "Cleanup", Time since last: 1005057680 ns, Reaching safepoint: 80468 ns, At safepoint: 8750 ns, Total: 89218 ns
[2020-02-29T06:36:38.201+0000][1][safepoint    ] Safepoint "RevokeBias", Time since last: 505376105 ns, Reaching safepoint: 52295 ns, At safepoint: 15210 ns, Total: 67505 ns
[2020-02-29T06:36:39.206+0000][1][safepoint    ] Safepoint "Cleanup", Time since last: 1005432623 ns, Reaching safepoint: 129474 ns, At safepoint: 22695 ns, Total: 152169 ns
[2020-02-29T06:36:40.210+0000][1][safepoint    ] Safepoint "Cleanup", Time since last: 1003642706 ns, Reaching safepoint: 59088 ns, At safepoint: 5861 ns, Total: 64949 ns
[2020-02-29T06:36:40.726+0000][1][safepoint    ] Safepoint "RevokeBias", Time since last: 515849576 ns, Reaching safepoint: 94611 ns, At safepoint: 36069 ns, Total: 130680 ns
[2020-02-29T06:36:41.733+0000][1][safepoint    ] Safepoint "Cleanup", Time since last: 1007396450 ns, Reaching safepoint: 78153 ns, At safepoint: 6973 ns, Total: 85126 ns
[2020-02-29T06:36:42.737+0000][1][safepoint    ] Safepoint "Cleanup", Time since last: 1003206548 ns, Reaching safepoint: 94456 ns, At safepoint: 7529 ns, Total: 101985 ns
[2020-02-29T06:36:43.253+0000][1][safepoint    ] Safepoint "RevokeBias", Time since last: 515862113 ns, Reaching safepoint: 76164 ns, At safepoint: 37088 ns, Total: 113252 ns
[2020-02-29T06:36:44.253+0000][1][safepoint    ] Safepoint "Cleanup", Time since last: 1000576694 ns, Reaching safepoint: 93832 ns, At safepoint: 7720 ns, Total: 101552 ns
[2020-02-29T06:36:45.254+0000][1][safepoint    ] Safepoint "Cleanup", Time since last: 1000130750 ns, Reaching safepoint: 93870 ns, At safepoint: 8437 ns, Total: 102307 ns
[2020-02-29T06:36:45.772+0000][1][safepoint    ] Safepoint "RevokeBias", Time since last: 518592718 ns, Reaching safepoint: 54552 ns, At safepoint: 14995 ns, Total: 69547 ns
[2020-02-29T06:36:46.776+0000][1][safepoint    ] Safepoint "Cleanup", Time since last: 1003808253 ns, Reaching safepoint: 57822 ns, At safepoint: 6844 ns, Total: 64666 ns
[2020-02-29T06:36:47.777+0000][1][safepoint    ] Safepoint "Cleanup", Time since last: 1000640881 ns, Reaching safepoint: 94774 ns, At safepoint: 7863 ns, Total: 102637 ns
[2020-02-29T06:36:48.293+0000][1][safepoint    ] Safepoint "RevokeBias", Time since last: 515906355 ns, Reaching safepoint: 53761 ns, At safepoint: 15929 ns, Total: 69690 ns
[2020-02-29T06:36:49.296+0000][1][safepoint    ] Safepoint "Cleanup", Time since last: 1003360724 ns, Reaching safepoint: 108296 ns, At safepoint: 6220 ns, Total: 114516 ns
[2020-02-29T06:36:50.298+0000][1][safepoint    ] Safepoint "Cleanup", Time since last: 1001810586 ns, Reaching safepoint: 78185 ns, At safepoint: 7804 ns, Total: 85989 ns
[2020-02-29T06:36:50.814+0000][1][safepoint    ] Safepoint "RevokeBias", Time since last: 515994582 ns, Reaching safepoint: 72413 ns, At safepoint: 16798 ns, Total: 89211 ns
[2020-02-29T06:36:51.816+0000][1][safepoint    ] Safepoint "Cleanup", Time since last: 1001526260 ns, Reaching safepoint: 73356 ns, At safepoint: 6073 ns, Total: 79429 ns
[2020-02-29T06:36:52.819+0000][1][safepoint    ] Safepoint "Cleanup", Time since last: 1002577891 ns, Reaching safepoint: 74967 ns, At safepoint: 6419 ns, Total: 81386 ns
[2020-02-29T06:36:53.345+0000][1][safepoint    ] Safepoint "RevokeBias", Time since last: 525834372 ns, Reaching safepoint: 86719 ns, At safepoint: 19316 ns, Total: 106035 ns
[2020-02-29T06:36:54.346+0000][1][safepoint    ] Safepoint "Cleanup", Time since last: 1001749791 ns, Reaching safepoint: 92893 ns, At safepoint: 6916 ns, Total: 99809 ns
[2020-02-29T06:36:55.351+0000][1][safepoint    ] Safepoint "Cleanup", Time since last: 1004436461 ns, Reaching safepoint: 75942 ns, At safepoint: 7306 ns, Total: 83248 ns
[2020-02-29T06:36:55.859+0000][1][safepoint    ] Safepoint "RevokeBias", Time since last: 508115883 ns, Reaching safepoint: 70864 ns, At safepoint: 17900 ns, Total: 88764 ns
[2020-02-29T06:36:56.865+0000][1][safepoint    ] Safepoint "Cleanup", Time since last: 1006050792 ns, Reaching safepoint: 108776 ns, At safepoint: 5967 ns, Total: 114743 ns
[2020-02-29T06:36:57.872+0000][1][safepoint    ] Safepoint "Cleanup", Time since last: 1006563733 ns, Reaching safepoint: 96691 ns, At safepoint: 8696 ns, Total: 105387 ns
[2020-02-29T06:36:58.371+0000][1][safepoint    ] Safepoint "RevokeBias", Time since last: 499037924 ns, Reaching safepoint: 74836 ns, At safepoint: 18281 ns, Total: 93117 ns
[2020-02-29T06:36:59.376+0000][1][safepoint    ] Safepoint "Cleanup", Time since last: 1004911574 ns, Reaching safepoint: 72591 ns, At safepoint: 5485 ns, Total: 78076 ns
[2020-02-29T06:37:00.376+0000][1][safepoint    ] Safepoint "Cleanup", Time since last: 1000128117 ns, Reaching safepoint: 78815 ns, At safepoint: 7755 ns, Total: 86570 ns
[2020-02-29T06:37:00.886+0000][1][safepoint    ] Safepoint "RevokeBias", Time since last: 509967295 ns, Reaching safepoint: 54122 ns, At safepoint: 15819 ns, Total: 69941 ns
[2020-02-29T06:37:01.890+0000][1][safepoint    ] Safepoint "Cleanup", Time since last: 1003716575 ns, Reaching safepoint: 55188 ns, At safepoint: 5541 ns, Total: 60729 ns
[2020-02-29T06:37:02.893+0000][1][safepoint    ] Safepoint "Cleanup", Time since last: 1003219049 ns, Reaching safepoint: 58619 ns, At safepoint: 7909 ns, Total: 66528 ns
[2020-02-29T06:37:03.401+0000][1][safepoint    ] Safepoint "RevokeBias", Time since last: 507863420 ns, Reaching safepoint: 94598 ns, At safepoint: 21899 ns, Total: 116497 ns
[2020-02-29T06:37:04.404+0000][1][safepoint    ] Safepoint "Cleanup", Time since last: 1002530139 ns, Reaching safepoint: 76245 ns, At safepoint: 7503 ns, Total: 83748 ns
[2020-02-29T06:37:05.405+0000][1][safepoint    ] Safepoint "Cleanup", Time since last: 1000676544 ns, Reaching safepoint: 107457 ns, At safepoint: 11618 ns, Total: 119075 ns
[2020-02-29T06:37:05.920+0000][1][safepoint    ] Safepoint "RevokeBias", Time since last: 515118564 ns, Reaching safepoint: 99593 ns, At safepoint: 19026 ns, Total: 118619 ns
[2020-02-29T06:37:06.924+0000][1][safepoint    ] Safepoint "Cleanup", Time since last: 1004005362 ns, Reaching safepoint: 98394 ns, At safepoint: 12024 ns, Total: 110418 ns
[2020-02-29T06:37:07.931+0000][1][safepoint    ] Safepoint "Cleanup", Time since last: 1006930627 ns, Reaching safepoint: 77672 ns, At safepoint: 6964 ns, Total: 84636 ns
[2020-02-29T06:37:08.441+0000][1][safepoint    ] Safepoint "RevokeBias", Time since last: 509396580 ns, Reaching safepoint: 137603 ns, At safepoint: 19282 ns, Total: 156885 ns
[2020-02-29T06:37:09.450+0000][1][safepoint    ] Safepoint "Cleanup", Time since last: 1009345757 ns, Reaching safepoint: 96952 ns, At safepoint: 7467 ns, Total: 104419 ns
[2020-02-29T06:37:10.459+0000][1][safepoint    ] Safepoint "Cleanup", Time since last: 1008942982 ns, Reaching safepoint: 60002 ns, At safepoint: 6885 ns, Total: 66887 ns
[2020-02-29T06:37:10.958+0000][1][safepoint    ] Safepoint "RevokeBias", Time since last: 498944132 ns, Reaching safepoint: 53372 ns, At safepoint: 16230 ns, Total: 69602 ns
[2020-02-29T06:37:11.969+0000][1][safepoint    ] Safepoint "Cleanup", Time since last: 1011051870 ns, Reaching safepoint: 60712 ns, At safepoint: 7552 ns, Total: 68264 ns
[2020-02-29T06:37:12.978+0000][1][safepoint    ] Safepoint "Cleanup", Time since last: 1008468920 ns, Reaching safepoint: 96337 ns, At safepoint: 7489 ns, Total: 103826 ns
[2020-02-29T06:37:13.477+0000][1][safepoint    ] Safepoint "RevokeBias", Time since last: 499216606 ns, Reaching safepoint: 71858 ns, At safepoint: 62712 ns, Total: 134570 ns
[2020-02-29T06:37:14.485+0000][1][safepoint    ] Safepoint "Cleanup", Time since last: 1007906552 ns, Reaching safepoint: 81324 ns, At safepoint: 8987 ns, Total: 90311 ns
[2020-02-29T06:37:15.488+0000][1][safepoint    ] Safepoint "Cleanup", Time since last: 1002973757 ns, Reaching safepoint: 84240 ns, At safepoint: 8260 ns, Total: 92500 ns
[2020-02-29T06:37:16.002+0000][1][safepoint    ] Safepoint "RevokeBias", Time since last: 513350331 ns, Reaching safepoint: 63479 ns, At safepoint: 20553 ns, Total: 84032 ns
[2020-02-29T06:37:17.010+0000][1][safepoint    ] Safepoint "Cleanup", Time since last: 1007768941 ns, Reaching safepoint: 74889 ns, At safepoint: 7903 ns, Total: 82792 ns
[2020-02-29T06:37:18.016+0000][1][safepoint    ] Safepoint "Cleanup", Time since last: 1006351668 ns, Reaching safepoint: 59159 ns, At safepoint: 6497 ns, Total: 65656 ns
[2020-02-29T06:37:18.518+0000][1][safepoint    ] Safepoint "BulkRevokeBias", Time since last: 502007352 ns, Reaching safepoint: 54595 ns, At safepoint: 177643 ns, Total: 232238 ns
[2020-02-29T06:37:19.520+0000][1][safepoint    ] Safepoint "Cleanup", Time since last: 1001989037 ns, Reaching safepoint: 75566 ns, At safepoint: 7177 ns, Total: 82743 ns
[2020-02-29T06:37:20.611+0000][1][safepoint    ] Safepoint "Cleanup", Time since last: 1082492817 ns, Reaching safepoint: 7663157 ns, At safepoint: 19694 ns, Total: 7682851 ns
[2020-02-29T06:37:21.287+0000][1][safepoint    ] Safepoint "RevokeBias", Time since last: 676636371 ns, Reaching safepoint: 79124 ns, At safepoint: 21553 ns, Total: 100677 ns
[2020-02-29T06:37:22.294+0000][1][safepoint    ] Safepoint "Cleanup", Time since last: 1007025409 ns, Reaching safepoint: 74671 ns, At safepoint: 5529 ns, Total: 80200 ns
[2020-02-29T06:37:23.298+0000][1][safepoint    ] Safepoint "Cleanup", Time since last: 1003547988 ns, Reaching safepoint: 93592 ns, At safepoint: 8116 ns, Total: 101708 ns
[2020-02-29T06:37:23.795+0000][1][safepoint    ] Safepoint "RevokeBias", Time since last: 497331724 ns, Reaching safepoint: 75925 ns, At safepoint: 19625 ns, Total: 95550 ns
[2020-02-29T06:37:24.796+0000][1][safepoint    ] Safepoint "Cleanup", Time since last: 1000266980 ns, Reaching safepoint: 75581 ns, At safepoint: 7657 ns, Total: 83238 ns
[2020-02-29T06:37:25.810+0000][1][safepoint    ] Safepoint "Cleanup", Time since last: 1013611171 ns, Reaching safepoint: 148267 ns, At safepoint: 15883 ns, Total: 164150 ns
[2020-02-29T06:37:26.310+0000][1][safepoint    ] Safepoint "RevokeBias", Time since last: 500602085 ns, Reaching safepoint: 154933 ns, At safepoint: 20196 ns, Total: 175129 ns
[2020-02-29T06:37:27.313+0000][1][safepoint    ] Safepoint "Cleanup", Time since last: 1001998361 ns, Reaching safepoint: 153186 ns, At safepoint: 12703 ns, Total: 165889 ns
[2020-02-29T06:37:28.146+0000][1][gc,start     ] GC(78) Pause Young (Allocation Failure)
[2020-02-29T06:37:28.146+0000][1][gc,task      ] GC(78) Using 1 workers of 1 for evacuation
[2020-02-29T06:37:28.175+0000][1][gc,age       ] GC(78) Desired survivor size 4358144 bytes, new threshold 6 (max threshold 6)
[2020-02-29T06:37:28.175+0000][1][gc,age       ] GC(78) Age table with threshold 6 (max threshold 6)
[2020-02-29T06:37:28.175+0000][1][gc,age       ] GC(78) - age   1:      14720 bytes,      14720 total
[2020-02-29T06:37:28.175+0000][1][gc,age       ] GC(78) - age   2:        424 bytes,      15144 total
[2020-02-29T06:37:28.175+0000][1][gc,age       ] GC(78) - age   3:       1024 bytes,      16168 total
[2020-02-29T06:37:28.175+0000][1][gc,age       ] GC(78) - age   5:        368 bytes,      16536 total
[2020-02-29T06:37:28.175+0000][1][gc,heap      ] GC(78) ParNew: 68186K->16K(76672K)
[2020-02-29T06:37:28.175+0000][1][gc,heap      ] GC(78) CMS: 62570K->62570K(963392K)
[2020-02-29T06:37:28.175+0000][1][gc,metaspace ] GC(78) Metaspace: 79869K->79869K(1122304K)
[2020-02-29T06:37:28.175+0000][1][gc           ] GC(78) Pause Young (Allocation Failure) 127M->61M(1015M) 29.359ms
[2020-02-29T06:37:28.175+0000][1][gc,cpu       ] GC(78) User=0.01s Sys=0.00s Real=0.03s
[2020-02-29T06:37:28.175+0000][1][safepoint    ] Safepoint "GenCollectForAllocation", Time since last: 833087264 ns, Reaching safepoint: 215282 ns, At safepoint: 29417295 ns, Total: 29632577 ns
[2020-02-29T06:37:28.821+0000][1][safepoint    ] Safepoint "RevokeBias", Time since last: 645803983 ns, Reaching safepoint: 75684 ns, At safepoint: 18353 ns, Total: 94037 ns
[2020-02-29T06:37:29.825+0000][1][safepoint    ] Safepoint "Cleanup", Time since last: 1004141038 ns, Reaching safepoint: 73043 ns, At safepoint: 5935 ns, Total: 78978 ns
[2020-02-29T06:37:30.836+0000][1][safepoint    ] Safepoint "Cleanup", Time since last: 1010371170 ns, Reaching safepoint: 72141 ns, At safepoint: 6092 ns, Total: 78233 ns
[2020-02-29T06:37:31.339+0000][1][safepoint    ] Safepoint "RevokeBias", Time since last: 503101204 ns, Reaching safepoint: 176439 ns, At safepoint: 32599 ns, Total: 209038 ns
[2020-02-29T06:37:32.341+0000][1][safepoint    ] Safepoint "Cleanup", Time since last: 1001883120 ns, Reaching safepoint: 60242 ns, At safepoint: 6035 ns, Total: 66277 ns
[2020-02-29T06:37:33.347+0000][1][safepoint    ] Safepoint "Cleanup", Time since last: 1005297393 ns, Reaching safepoint: 336488 ns, At safepoint: 49012 ns, Total: 385500 ns
[2020-02-29T06:37:33.855+0000][1][safepoint    ] Safepoint "RevokeBias", Time since last: 508661255 ns, Reaching safepoint: 72211 ns, At safepoint: 17040 ns, Total: 89251 ns
[2020-02-29T06:37:34.861+0000][1][safepoint    ] Safepoint "Cleanup", Time since last: 1005823194 ns, Reaching safepoint: 73936 ns, At safepoint: 5987 ns, Total: 79923 ns
[2020-02-29T06:37:35.864+0000][1][safepoint    ] Safepoint "Cleanup", Time since last: 1001952407 ns, Reaching safepoint: 139433 ns, At safepoint: 7030 ns, Total: 146463 ns
[2020-02-29T06:37:36.381+0000][1][safepoint    ] Safepoint "RevokeBias", Time since last: 517484399 ns, Reaching safepoint: 52900 ns, At safepoint: 15864 ns, Total: 68764 ns
[2020-02-29T06:37:37.384+0000][1][safepoint    ] Safepoint "Cleanup", Time since last: 1002840962 ns, Reaching safepoint: 97630 ns, At safepoint: 23603 ns, Total: 121233 ns
[2020-02-29T06:37:38.387+0000][1][safepoint    ] Safepoint "Cleanup", Time since last: 1003007852 ns, Reaching safepoint: 56602 ns, At safepoint: 5936 ns, Total: 62538 ns
[2020-02-29T06:37:38.888+0000][1][safepoint    ] Safepoint "RevokeBias", Time since last: 501227439 ns, Reaching safepoint: 71162 ns, At safepoint: 17105 ns, Total: 88267 ns
[2020-02-29T06:37:39.889+0000][1][safepoint    ] Safepoint "Cleanup", Time since last: 1000165315 ns, Reaching safepoint: 127406 ns, At safepoint: 24582 ns, Total: 151988 ns
[2020-02-29T06:37:40.890+0000][1][safepoint    ] Safepoint "Cleanup", Time since last: 1001166468 ns, Reaching safepoint: 92791 ns, At safepoint: 6742 ns, Total: 99533 ns
[2020-02-29T06:37:41.400+0000][1][safepoint    ] Safepoint "RevokeBias", Time since last: 510171364 ns, Reaching safepoint: 70531 ns, At safepoint: 43395 ns, Total: 113926 ns
[2020-02-29T06:37:42.402+0000][1][safepoint    ] Safepoint "Cleanup", Time since last: 1001975297 ns, Reaching safepoint: 94953 ns, At safepoint: 8001 ns, Total: 102954 ns
[2020-02-29T06:37:43.408+0000][1][safepoint    ] Safepoint "Cleanup", Time since last: 1005479950 ns, Reaching safepoint: 134073 ns, At safepoint: 15645 ns, Total: 149718 ns
[2020-02-29T06:37:43.929+0000][1][safepoint    ] Safepoint "RevokeBias", Time since last: 521196564 ns, Reaching safepoint: 59362 ns, At safepoint: 18438 ns, Total: 77800 ns
[2020-02-29T06:37:44.940+0000][1][safepoint    ] Safepoint "Cleanup", Time since last: 1010020857 ns, Reaching safepoint: 227974 ns, At safepoint: 26461 ns, Total: 254435 ns
[2020-02-29T06:37:45.946+0000][1][safepoint    ] Safepoint "Cleanup", Time since last: 1006842098 ns, Reaching safepoint: 95028 ns, At safepoint: 9227 ns, Total: 104255 ns
[2020-02-29T06:37:46.444+0000][1][safepoint    ] Safepoint "RevokeBias", Time since last: 497819921 ns, Reaching safepoint: 74511 ns, At safepoint: 18286 ns, Total: 92797 ns
[2020-02-29T06:37:47.453+0000][1][safepoint    ] Safepoint "Cleanup", Time since last: 1008704270 ns, Reaching safepoint: 120223 ns, At safepoint: 7872 ns, Total: 128095 ns
[2020-02-29T06:37:48.454+0000][1][safepoint    ] Safepoint "Cleanup", Time since last: 1000956064 ns, Reaching safepoint: 63378 ns, At safepoint: 7541 ns, Total: 70919 ns
[2020-02-29T06:37:48.961+0000][1][safepoint    ] Safepoint "RevokeBias", Time since last: 506938046 ns, Reaching safepoint: 58189 ns, At safepoint: 18235 ns, Total: 76424 ns
[2020-02-29T06:37:49.968+0000][1][safepoint    ] Safepoint "Cleanup", Time since last: 1006676329 ns, Reaching safepoint: 76244 ns, At safepoint: 7249 ns, Total: 83493 ns
[2020-02-29T06:37:50.994+0000][1][safepoint    ] Safepoint "Cleanup", Time since last: 1025993899 ns, Reaching safepoint: 104571 ns, At safepoint: 12132 ns, Total: 116703 ns
[2020-02-29T06:37:51.496+0000][1][safepoint    ] Safepoint "RevokeBias", Time since last: 501324950 ns, Reaching safepoint: 71598 ns, At safepoint: 17741 ns, Total: 89339 ns
[2020-02-29T06:37:52.531+0000][1][safepoint    ] Safepoint "Cleanup", Time since last: 1034412481 ns, Reaching safepoint: 1195003 ns, At safepoint: 21755 ns, Total: 1216758 ns
[2020-02-29T06:37:53.532+0000][1][safepoint    ] Safepoint "Cleanup", Time since last: 1001146187 ns, Reaching safepoint: 126245 ns, At safepoint: 23608 ns, Total: 149853 ns
[2020-02-29T06:37:54.016+0000][1][safepoint    ] Safepoint "RevokeBias", Time since last: 483671770 ns, Reaching safepoint: 212807 ns, At safepoint: 57861 ns, Total: 270668 ns
[2020-02-29T06:37:55.020+0000][1][safepoint    ] Safepoint "Cleanup", Time since last: 1004000963 ns, Reaching safepoint: 60719 ns, At safepoint: 5838 ns, Total: 66557 ns
[2020-02-29T06:37:56.024+0000][1][safepoint    ] Safepoint "Cleanup", Time since last: 1003029750 ns, Reaching safepoint: 83082 ns, At safepoint: 7626 ns, Total: 90708 ns
[2020-02-29T06:37:56.539+0000][1][safepoint    ] Safepoint "RevokeBias", Time since last: 515384131 ns, Reaching safepoint: 76611 ns, At safepoint: 24453 ns, Total: 101064 ns
[2020-02-29T06:37:57.545+0000][1][safepoint    ] Safepoint "Cleanup", Time since last: 1006065463 ns, Reaching safepoint: 114406 ns, At safepoint: 9219 ns, Total: 123625 ns
[2020-02-29T06:37:58.586+0000][1][safepoint    ] Safepoint "Cleanup", Time since last: 1040880076 ns, Reaching safepoint: 104189 ns, At safepoint: 12304 ns, Total: 116493 ns
[2020-02-29T06:37:59.066+0000][1][safepoint    ] Safepoint "RevokeBias", Time since last: 479621123 ns, Reaching safepoint: 71246 ns, At safepoint: 17316 ns, Total: 88562 ns
[2020-02-29T06:38:00.067+0000][1][safepoint    ] Safepoint "Cleanup", Time since last: 1000611945 ns, Reaching safepoint: 143332 ns, At safepoint: 21030 ns, Total: 164362 ns
[2020-02-29T06:38:01.069+0000][1][safepoint    ] Safepoint "Cleanup", Time since last: 1002461771 ns, Reaching safepoint: 80214 ns, At safepoint: 7961 ns, Total: 88175 ns
[2020-02-29T06:38:01.640+0000][1][safepoint    ] Safepoint "RevokeBias", Time since last: 570138985 ns, Reaching safepoint: 101883 ns, At safepoint: 29339 ns, Total: 131222 ns
[2020-02-29T06:38:03.293+0000][1][safepoint    ] Safepoint "Cleanup", Time since last: 1653660215 ns, Reaching safepoint: 105281 ns, At safepoint: 11388 ns, Total: 116669 ns
[2020-02-29T06:38:04.170+0000][1][safepoint    ] Safepoint "RevokeBias", Time since last: 876849905 ns, Reaching safepoint: 102452 ns, At safepoint: 26907 ns, Total: 129359 ns
[2020-02-29T06:38:05.176+0000][1][safepoint    ] Safepoint "Cleanup", Time since last: 1005929772 ns, Reaching safepoint: 60503 ns, At safepoint: 7865 ns, Total: 68368 ns
[2020-02-29T06:38:06.177+0000][1][safepoint    ] Safepoint "Cleanup", Time since last: 1000533915 ns, Reaching safepoint: 78718 ns, At safepoint: 7108 ns, Total: 85826 ns
[2020-02-29T06:38:06.691+0000][1][safepoint    ] Safepoint "RevokeBias", Time since last: 514498553 ns, Reaching safepoint: 53429 ns, At safepoint: 15766 ns, Total: 69195 ns
[2020-02-29T06:38:07.696+0000][1][safepoint    ] Safepoint "Cleanup", Time since last: 1004713175 ns, Reaching safepoint: 75314 ns, At safepoint: 6984 ns, Total: 82298 ns
[2020-02-29T06:38:08.704+0000][1][safepoint    ] Safepoint "Cleanup", Time since last: 1007686480 ns, Reaching safepoint: 76064 ns, At safepoint: 7056 ns, Total: 83120 ns
[2020-02-29T06:38:09.201+0000][1][safepoint    ] Safepoint "RevokeBias", Time since last: 497188218 ns, Reaching safepoint: 84360 ns, At safepoint: 20664 ns, Total: 105024 ns
[2020-02-29T06:38:10.202+0000][1][safepoint    ] Safepoint "Cleanup", Time since last: 1000837654 ns, Reaching safepoint: 77932 ns, At safepoint: 7942 ns, Total: 85874 ns
[2020-02-29T06:38:11.205+0000][1][safepoint    ] Safepoint "Cleanup", Time since last: 1003082546 ns, Reaching safepoint: 80086 ns, At safepoint: 12624 ns, Total: 92710 ns
[2020-02-29T06:38:11.721+0000][1][safepoint    ] Safepoint "RevokeBias", Time since last: 515202716 ns, Reaching safepoint: 206286 ns, At safepoint: 50030 ns, Total: 256316 ns
[2020-02-29T06:38:12.729+0000][1][safepoint    ] Safepoint "Cleanup", Time since last: 1007949368 ns, Reaching safepoint: 154375 ns, At safepoint: 10050 ns, Total: 164425 ns
[2020-02-29T06:38:13.736+0000][1][safepoint    ] Safepoint "Cleanup", Time since last: 1007027030 ns, Reaching safepoint: 61963 ns, At safepoint: 7609 ns, Total: 69572 ns
[2020-02-29T06:38:14.251+0000][1][safepoint    ] Safepoint "RevokeBias", Time since last: 515071964 ns, Reaching safepoint: 71063 ns, At safepoint: 33318 ns, Total: 104381 ns
[2020-02-29T06:38:15.255+0000][1][safepoint    ] Safepoint "Cleanup", Time since last: 1003839024 ns, Reaching safepoint: 65606 ns, At safepoint: 8162 ns, Total: 73768 ns
[2020-02-29T06:38:16.263+0000][1][safepoint    ] Safepoint "Cleanup", Time since last: 1007680626 ns, Reaching safepoint: 60652 ns, At safepoint: 7137 ns, Total: 67789 ns
[2020-02-29T06:38:16.780+0000][1][safepoint    ] Safepoint "RevokeBias", Time since last: 516587118 ns, Reaching safepoint: 94892 ns, At safepoint: 19577 ns, Total: 114469 ns
[2020-02-29T06:38:17.798+0000][1][safepoint    ] Safepoint "Cleanup", Time since last: 1018283170 ns, Reaching safepoint: 115461 ns, At safepoint: 11926 ns, Total: 127387 ns
[2020-02-29T06:38:18.804+0000][1][safepoint    ] Safepoint "Cleanup", Time since last: 1006092351 ns, Reaching safepoint: 59840 ns, At safepoint: 5830 ns, Total: 65670 ns
[2020-02-29T06:38:19.299+0000][1][safepoint    ] Safepoint "RevokeBias", Time since last: 494455933 ns, Reaching safepoint: 71328 ns, At safepoint: 17539 ns, Total: 88867 ns
[2020-02-29T06:38:20.301+0000][1][safepoint    ] Safepoint "Cleanup", Time since last: 1002001601 ns, Reaching safepoint: 77395 ns, At safepoint: 7203 ns, Total: 84598 ns
[2020-02-29T06:38:21.307+0000][1][safepoint    ] Safepoint "Cleanup", Time since last: 1006426645 ns, Reaching safepoint: 80395 ns, At safepoint: 10607 ns, Total: 91002 ns
[2020-02-29T06:38:21.820+0000][1][safepoint    ] Safepoint "RevokeBias", Time since last: 512050683 ns, Reaching safepoint: 61836 ns, At safepoint: 17949 ns, Total: 79785 ns
[2020-02-29T06:38:22.828+0000][1][safepoint    ] Safepoint "Cleanup", Time since last: 1008783696 ns, Reaching safepoint: 74879 ns, At safepoint: 7237 ns, Total: 82116 ns
[2020-02-29T06:38:23.829+0000][1][safepoint    ] Safepoint "Cleanup", Time since last: 1000288147 ns, Reaching safepoint: 92637 ns, At safepoint: 10939 ns, Total: 103576 ns
[2020-02-29T06:38:24.347+0000][1][safepoint    ] Safepoint "RevokeBias", Time since last: 517764401 ns, Reaching safepoint: 100599 ns, At safepoint: 27080 ns, Total: 127679 ns
[2020-02-29T06:38:25.352+0000][1][safepoint    ] Safepoint "Cleanup", Time since last: 1005060547 ns, Reaching safepoint: 61665 ns, At safepoint: 7639 ns, Total: 69304 ns
[2020-02-29T06:38:26.358+0000][1][safepoint    ] Safepoint "Cleanup", Time since last: 1006356236 ns, Reaching safepoint: 74153 ns, At safepoint: 7075 ns, Total: 81228 ns
[2020-02-29T06:38:26.870+0000][1][safepoint    ] Safepoint "RevokeBias", Time since last: 512142552 ns, Reaching safepoint: 52622 ns, At safepoint: 15555 ns, Total: 68177 ns
[2020-02-29T06:38:28.453+0000][1][safepoint    ] Safepoint "Cleanup", Time since last: 1582740456 ns, Reaching safepoint: 103878 ns, At safepoint: 14577 ns, Total: 118455 ns
[2020-02-29T06:38:29.387+0000][1][safepoint    ] Safepoint "RevokeBias", Time since last: 933701363 ns, Reaching safepoint: 76263 ns, At safepoint: 19939 ns, Total: 96202 ns
[2020-02-29T06:38:30.393+0000][1][safepoint    ] Safepoint "Cleanup", Time since last: 1005971279 ns, Reaching safepoint: 169297 ns, At safepoint: 8510 ns, Total: 177807 ns
[2020-02-29T06:38:31.400+0000][1][safepoint    ] Safepoint "Cleanup", Time since last: 1006631357 ns, Reaching safepoint: 104254 ns, At safepoint: 11673 ns, Total: 115927 ns
[2020-02-29T06:38:31.921+0000][1][safepoint    ] Safepoint "BulkRevokeBias", Time since last: 521006446 ns, Reaching safepoint: 54214 ns, At safepoint: 268073 ns, Total: 322287 ns
[2020-02-29T06:38:32.923+0000][1][safepoint    ] Safepoint "Cleanup", Time since last: 1001865407 ns, Reaching safepoint: 93947 ns, At safepoint: 7131 ns, Total: 101078 ns
[2020-02-29T06:38:33.930+0000][1][safepoint    ] Safepoint "Cleanup", Time since last: 1006277562 ns, Reaching safepoint: 60795 ns, At safepoint: 7300 ns, Total: 68095 ns
[2020-02-29T06:38:34.446+0000][1][safepoint    ] Safepoint "RevokeBias", Time since last: 516447791 ns, Reaching safepoint: 55532 ns, At safepoint: 15158 ns, Total: 70690 ns
[2020-02-29T06:38:35.451+0000][1][safepoint    ] Safepoint "Cleanup", Time since last: 1005153472 ns, Reaching safepoint: 77695 ns, At safepoint: 7160 ns, Total: 84855 ns
[2020-02-29T06:38:36.453+0000][1][safepoint    ] Safepoint "Cleanup", Time since last: 1001854361 ns, Reaching safepoint: 77750 ns, At safepoint: 7347 ns, Total: 85097 ns
[2020-02-29T06:38:36.975+0000][1][safepoint    ] Safepoint "RevokeBias", Time since last: 521510473 ns, Reaching safepoint: 71229 ns, At safepoint: 18933 ns, Total: 90162 ns
[2020-02-29T06:38:37.981+0000][1][safepoint    ] Safepoint "Cleanup", Time since last: 1006069066 ns, Reaching safepoint: 107143 ns, At safepoint: 8672 ns, Total: 115815 ns
[2020-02-29T06:38:38.985+0000][1][safepoint    ] Safepoint "Cleanup", Time since last: 1003628777 ns, Reaching safepoint: 76859 ns, At safepoint: 8102 ns, Total: 84961 ns
[2020-02-29T06:38:39.485+0000][1][safepoint    ] Safepoint "RevokeBias", Time since last: 499974054 ns, Reaching safepoint: 74039 ns, At safepoint: 17484 ns, Total: 91523 ns
[2020-02-29T06:38:40.486+0000][1][safepoint    ] Safepoint "Cleanup", Time since last: 1000589807 ns, Reaching safepoint: 90672 ns, At safepoint: 10075 ns, Total: 100747 ns
[2020-02-29T06:38:41.486+0000][1][safepoint    ] Safepoint "Cleanup", Time since last: 1000348257 ns, Reaching safepoint: 80595 ns, At safepoint: 8411 ns, Total: 89006 ns
[2020-02-29T06:38:41.999+0000][1][safepoint    ] Safepoint "RevokeBias", Time since last: 513339154 ns, Reaching safepoint: 74393 ns, At safepoint: 19101 ns, Total: 93494 ns
[2020-02-29T06:38:43.003+0000][1][safepoint    ] Safepoint "Cleanup", Time since last: 1003409968 ns, Reaching safepoint: 141873 ns, At safepoint: 8890 ns, Total: 150763 ns
[2020-02-29T06:38:44.007+0000][1][safepoint    ] Safepoint "Cleanup", Time since last: 1004375216 ns, Reaching safepoint: 77027 ns, At safepoint: 7627 ns, Total: 84654 ns
[2020-02-29T06:38:44.510+0000][1][safepoint    ] Safepoint "RevokeBias", Time since last: 502264399 ns, Reaching safepoint: 84968 ns, At safepoint: 39957 ns, Total: 124925 ns
[2020-02-29T06:38:45.515+0000][1][safepoint    ] Safepoint "Cleanup", Time since last: 1005459455 ns, Reaching safepoint: 57948 ns, At safepoint: 6941 ns, Total: 64889 ns
[2020-02-29T06:38:46.516+0000][1][safepoint    ] Safepoint "Cleanup", Time since last: 1000657353 ns, Reaching safepoint: 76135 ns, At safepoint: 7254 ns, Total: 83389 ns
[2020-02-29T06:38:47.024+0000][1][safepoint    ] Safepoint "RevokeBias", Time since last: 508006758 ns, Reaching safepoint: 91357 ns, At safepoint: 18382 ns, Total: 109739 ns
[2020-02-29T06:38:48.027+0000][1][safepoint    ] Safepoint "Cleanup", Time since last: 1002767050 ns, Reaching safepoint: 76801 ns, At safepoint: 7001 ns, Total: 83802 ns
[2020-02-29T06:38:49.035+0000][1][safepoint    ] Safepoint "Cleanup", Time since last: 1008062329 ns, Reaching safepoint: 100283 ns, At safepoint: 29073 ns, Total: 129356 ns
[2020-02-29T06:38:49.540+0000][1][safepoint    ] Safepoint "RevokeBias", Time since last: 504081385 ns, Reaching safepoint: 122982 ns, At safepoint: 52470 ns, Total: 175452 ns
[2020-02-29T06:38:50.548+0000][1][safepoint    ] Safepoint "Cleanup", Time since last: 1008375719 ns, Reaching safepoint: 109720 ns, At safepoint: 7797 ns, Total: 117517 ns
[2020-02-29T06:38:51.549+0000][1][safepoint    ] Safepoint "Cleanup", Time since last: 1000815092 ns, Reaching safepoint: 77888 ns, At safepoint: 7513 ns, Total: 85401 ns
[2020-02-29T06:38:52.067+0000][1][safepoint    ] Safepoint "RevokeBias", Time since last: 518355988 ns, Reaching safepoint: 73360 ns, At safepoint: 17728 ns, Total: 91088 ns
[2020-02-29T06:38:53.074+0000][1][safepoint    ] Safepoint "Cleanup", Time since last: 1006831311 ns, Reaching safepoint: 75739 ns, At safepoint: 7696 ns, Total: 83435 ns
[2020-02-29T06:38:54.085+0000][1][safepoint    ] Safepoint "Cleanup", Time since last: 1010815953 ns, Reaching safepoint: 87525 ns, At safepoint: 11198 ns, Total: 98723 ns
[2020-02-29T06:38:54.597+0000][1][safepoint    ] Safepoint "RevokeBias", Time since last: 511178778 ns, Reaching safepoint: 153042 ns, At safepoint: 28786 ns, Total: 181828 ns
[2020-02-29T06:38:55.597+0000][1][safepoint    ] Safepoint "Cleanup", Time since last: 1000288891 ns, Reaching safepoint: 87578 ns, At safepoint: 11647 ns, Total: 99225 ns
[2020-02-29T06:38:56.598+0000][1][safepoint    ] Safepoint "Cleanup", Time since last: 1000790601 ns, Reaching safepoint: 101335 ns, At safepoint: 12648 ns, Total: 113983 ns
[2020-02-29T06:38:57.128+0000][1][safepoint    ] Safepoint "RevokeBias", Time since last: 529730680 ns, Reaching safepoint: 93066 ns, At safepoint: 24587 ns, Total: 117653 ns
[2020-02-29T06:38:58.455+0000][1][safepoint    ] Safepoint "Cleanup", Time since last: 1327065906 ns, Reaching safepoint: 106079 ns, At safepoint: 12965 ns, Total: 119044 ns
[2020-02-29T06:38:59.461+0000][1][safepoint    ] Safepoint "Cleanup", Time since last: 1006124945 ns, Reaching safepoint: 75686 ns, At safepoint: 7055 ns, Total: 82741 ns
[2020-02-29T06:38:59.649+0000][1][safepoint    ] Safepoint "RevokeBias", Time since last: 187955813 ns, Reaching safepoint: 70754 ns, At safepoint: 17109 ns, Total: 87863 ns
[2020-02-29T06:39:00.652+0000][1][safepoint    ] Safepoint "Cleanup", Time since last: 1003214579 ns, Reaching safepoint: 70356 ns, At safepoint: 5855 ns, Total: 76211 ns
[2020-02-29T06:39:01.657+0000][1][safepoint    ] Safepoint "Cleanup", Time since last: 1004802297 ns, Reaching safepoint: 84957 ns, At safepoint: 5489 ns, Total: 90446 ns
[2020-02-29T06:39:02.167+0000][1][safepoint    ] Safepoint "RevokeBias", Time since last: 509731791 ns, Reaching safepoint: 53536 ns, At safepoint: 15540 ns, Total: 69076 ns
[2020-02-29T06:39:03.168+0000][1][safepoint    ] Safepoint "Cleanup", Time since last: 1000614536 ns, Reaching safepoint: 90175 ns, At safepoint: 11170 ns, Total: 101345 ns
[2020-02-29T06:39:04.169+0000][1][safepoint    ] Safepoint "Cleanup", Time since last: 1000609976 ns, Reaching safepoint: 79694 ns, At safepoint: 8110 ns, Total: 87804 ns
[2020-02-29T06:39:04.681+0000][1][safepoint    ] Safepoint "RevokeBias", Time since last: 512719995 ns, Reaching safepoint: 70513 ns, At safepoint: 17007 ns, Total: 87520 ns
[2020-02-29T06:39:05.784+0000][1][safepoint    ] Safepoint "Cleanup", Time since last: 1102200847 ns, Reaching safepoint: 83478 ns, At safepoint: 8197 ns, Total: 91675 ns
[2020-02-29T06:39:06.784+0000][1][safepoint    ] Safepoint "Cleanup", Time since last: 1000244305 ns, Reaching safepoint: 76273 ns, At safepoint: 7161 ns, Total: 83434 ns
[2020-02-29T06:39:07.194+0000][1][safepoint    ] Safepoint "RevokeBias", Time since last: 410020472 ns, Reaching safepoint: 78594 ns, At safepoint: 18108 ns, Total: 96702 ns
[2020-02-29T06:39:08.198+0000][1][safepoint    ] Safepoint "Cleanup", Time since last: 1003753080 ns, Reaching safepoint: 74881 ns, At safepoint: 7206 ns, Total: 82087 ns
[2020-02-29T06:39:09.199+0000][1][safepoint    ] Safepoint "Cleanup", Time since last: 1001048716 ns, Reaching safepoint: 82026 ns, At safepoint: 7684 ns, Total: 89710 ns
[2020-02-29T06:39:09.713+0000][1][safepoint    ] Safepoint "RevokeBias", Time since last: 514180403 ns, Reaching safepoint: 74771 ns, At safepoint: 18402 ns, Total: 93173 ns
[2020-02-29T06:39:10.721+0000][1][safepoint    ] Safepoint "Cleanup", Time since last: 1007830276 ns, Reaching safepoint: 104243 ns, At safepoint: 11901 ns, Total: 116144 ns
[2020-02-29T06:39:11.730+0000][1][safepoint    ] Safepoint "Cleanup", Time since last: 1008892459 ns, Reaching safepoint: 75384 ns, At safepoint: 7491 ns, Total: 82875 ns
[2020-02-29T06:39:12.242+0000][1][safepoint    ] Safepoint "RevokeBias", Time since last: 512078528 ns, Reaching safepoint: 64745 ns, At safepoint: 19093 ns, Total: 83838 ns
[2020-02-29T06:39:13.250+0000][1][safepoint    ] Safepoint "Cleanup", Time since last: 1007779192 ns, Reaching safepoint: 115891 ns, At safepoint: 8393 ns, Total: 124284 ns
[2020-02-29T06:39:14.252+0000][1][safepoint    ] Safepoint "Cleanup", Time since last: 1001762526 ns, Reaching safepoint: 100127 ns, At safepoint: 13619 ns, Total: 113746 ns
[2020-02-29T06:39:14.755+0000][1][safepoint    ] Safepoint "RevokeBias", Time since last: 502450997 ns, Reaching safepoint: 79399 ns, At safepoint: 38060 ns, Total: 117459 ns
[2020-02-29T06:39:15.757+0000][1][safepoint    ] Safepoint "Cleanup", Time since last: 1001769125 ns, Reaching safepoint: 251992 ns, At safepoint: 13414 ns, Total: 265406 ns
[2020-02-29T06:39:16.765+0000][1][safepoint    ] Safepoint "Cleanup", Time since last: 1007905448 ns, Reaching safepoint: 76991 ns, At safepoint: 8698 ns, Total: 85689 ns
[2020-02-29T06:39:17.271+0000][1][safepoint    ] Safepoint "RevokeBias", Time since last: 506521285 ns, Reaching safepoint: 53929 ns, At safepoint: 15971 ns, Total: 69900 ns
[2020-02-29T06:39:18.275+0000][1][safepoint    ] Safepoint "Cleanup", Time since last: 1003712100 ns, Reaching safepoint: 93415 ns, At safepoint: 7547 ns, Total: 100962 ns
[2020-02-29T06:39:19.282+0000][1][safepoint    ] Safepoint "Cleanup", Time since last: 1007030543 ns, Reaching safepoint: 93882 ns, At safepoint: 7506 ns, Total: 101388 ns
[2020-02-29T06:39:19.786+0000][1][safepoint    ] Safepoint "RevokeBias", Time since last: 503641786 ns, Reaching safepoint: 71614 ns, At safepoint: 16879 ns, Total: 88493 ns
[2020-02-29T06:39:20.791+0000][1][safepoint    ] Safepoint "Cleanup", Time since last: 1005088571 ns, Reaching safepoint: 81056 ns, At safepoint: 9154 ns, Total: 90210 ns
[2020-02-29T06:39:21.799+0000][1][safepoint    ] Safepoint "Cleanup", Time since last: 1007960929 ns, Reaching safepoint: 80998 ns, At safepoint: 7836 ns, Total: 88834 ns
[2020-02-29T06:39:22.306+0000][1][safepoint    ] Safepoint "RevokeBias", Time since last: 506727329 ns, Reaching safepoint: 85472 ns, At safepoint: 21441 ns, Total: 106913 ns
[2020-02-29T06:39:24.076+0000][1][safepoint    ] Safepoint "Cleanup", Time since last: 1769776707 ns, Reaching safepoint: 121598 ns, At safepoint: 13756 ns, Total: 135354 ns
[2020-02-29T06:39:24.823+0000][1][safepoint    ] Safepoint "RevokeBias", Time since last: 747334377 ns, Reaching safepoint: 69220 ns, At safepoint: 17022 ns, Total: 86242 ns
[2020-02-29T06:39:25.824+0000][1][safepoint    ] Safepoint "Cleanup", Time since last: 1000543329 ns, Reaching safepoint: 69994 ns, At safepoint: 6648 ns, Total: 76642 ns
[2020-02-29T06:39:26.833+0000][1][safepoint    ] Safepoint "Cleanup", Time since last: 1009090463 ns, Reaching safepoint: 91750 ns, At safepoint: 8173 ns, Total: 99923 ns
[2020-02-29T06:39:27.343+0000][1][safepoint    ] Safepoint "RevokeBias", Time since last: 509521753 ns, Reaching safepoint: 71496 ns, At safepoint: 18030 ns, Total: 89526 ns
[2020-02-29T06:39:28.347+0000][1][safepoint    ] Safepoint "Cleanup", Time since last: 1003583652 ns, Reaching safepoint: 98085 ns, At safepoint: 10010 ns, Total: 108095 ns
[2020-02-29T06:39:29.348+0000][1][safepoint    ] Safepoint "Cleanup", Time since last: 1001805055 ns, Reaching safepoint: 98559 ns, At safepoint: 7520 ns, Total: 106079 ns
[2020-02-29T06:39:29.856+0000][1][safepoint    ] Safepoint "RevokeBias", Time since last: 507446742 ns, Reaching safepoint: 115449 ns, At safepoint: 20933 ns, Total: 136382 ns
[2020-02-29T06:39:30.857+0000][1][safepoint    ] Safepoint "Cleanup", Time since last: 1000422359 ns, Reaching safepoint: 83283 ns, At safepoint: 11164 ns, Total: 94447 ns
[2020-02-29T06:39:31.857+0000][1][safepoint    ] Safepoint "Cleanup", Time since last: 1000654200 ns, Reaching safepoint: 96062 ns, At safepoint: 10299 ns, Total: 106361 ns
[2020-02-29T06:39:32.375+0000][1][safepoint    ] Safepoint "RevokeBias", Time since last: 518010017 ns, Reaching safepoint: 73838 ns, At safepoint: 17657 ns, Total: 91495 ns
[2020-02-29T06:39:33.382+0000][1][safepoint    ] Safepoint "Cleanup", Time since last: 1006557792 ns, Reaching safepoint: 61039 ns, At safepoint: 7278 ns, Total: 68317 ns
[2020-02-29T06:39:34.386+0000][1][safepoint    ] Safepoint "Cleanup", Time since last: 1003769999 ns, Reaching safepoint: 104836 ns, At safepoint: 7407 ns, Total: 112243 ns
[2020-02-29T06:39:34.888+0000][1][safepoint    ] Safepoint "RevokeBias", Time since last: 502166416 ns, Reaching safepoint: 112472 ns, At safepoint: 17799 ns, Total: 130271 ns
[2020-02-29T06:39:35.895+0000][1][safepoint    ] Safepoint "Cleanup", Time since last: 1005875182 ns, Reaching safepoint: 243950 ns, At safepoint: 109738 ns, Total: 353688 ns
[2020-02-29T06:39:36.899+0000][1][safepoint    ] Safepoint "Cleanup", Time since last: 1004675282 ns, Reaching safepoint: 57598 ns, At safepoint: 6577 ns, Total: 64175 ns
[2020-02-29T06:39:37.405+0000][1][safepoint    ] Safepoint "RevokeBias", Time since last: 505972195 ns, Reaching safepoint: 72402 ns, At safepoint: 17032 ns, Total: 89434 ns
[2020-02-29T06:39:38.406+0000][1][safepoint    ] Safepoint "Cleanup", Time since last: 1000599971 ns, Reaching safepoint: 55828 ns, At safepoint: 4667 ns, Total: 60495 ns
[2020-02-29T06:39:39.409+0000][1][safepoint    ] Safepoint "Cleanup", Time since last: 1002984554 ns, Reaching safepoint: 193677 ns, At safepoint: 7596 ns, Total: 201273 ns
[2020-02-29T06:39:40.037+0000][1][safepoint    ] Safepoint "RevokeBias", Time since last: 627797496 ns, Reaching safepoint: 73823 ns, At safepoint: 18267 ns, Total: 92090 ns
[2020-02-29T06:39:41.043+0000][1][safepoint    ] Safepoint "Cleanup", Time since last: 1005864567 ns, Reaching safepoint: 76315 ns, At safepoint: 7356 ns, Total: 83671 ns
[2020-02-29T06:39:42.051+0000][1][safepoint    ] Safepoint "Cleanup", Time since last: 1008163770 ns, Reaching safepoint: 204697 ns, At safepoint: 22416 ns, Total: 227113 ns
[2020-02-29T06:39:42.558+0000][1][safepoint    ] Safepoint "RevokeBias", Time since last: 506424245 ns, Reaching safepoint: 96366 ns, At safepoint: 39953 ns, Total: 136319 ns
[2020-02-29T06:39:43.567+0000][1][safepoint    ] Safepoint "Cleanup", Time since last: 1009106022 ns, Reaching safepoint: 129355 ns, At safepoint: 8813 ns, Total: 138168 ns
[2020-02-29T06:39:44.573+0000][1][safepoint    ] Safepoint "Cleanup", Time since last: 1005929359 ns, Reaching safepoint: 91218 ns, At safepoint: 10943 ns, Total: 102161 ns
[2020-02-29T06:39:45.083+0000][1][safepoint    ] Safepoint "BulkRevokeBias", Time since last: 509132225 ns, Reaching safepoint: 108908 ns, At safepoint: 461964 ns, Total: 570872 ns
[2020-02-29T06:39:46.093+0000][1][safepoint    ] Safepoint "Cleanup", Time since last: 1009405457 ns, Reaching safepoint: 250090 ns, At safepoint: 18636 ns, Total: 268726 ns
[2020-02-29T06:39:47.094+0000][1][safepoint    ] Safepoint "Cleanup", Time since last: 1001736259 ns, Reaching safepoint: 87139 ns, At safepoint: 10585 ns, Total: 97724 ns
[2020-02-29T06:39:47.603+0000][1][gc,start     ] GC(79) Pause Young (Allocation Failure)
[2020-02-29T06:39:47.603+0000][1][gc,task      ] GC(79) Using 1 workers of 1 for evacuation
[2020-02-29T06:39:47.621+0000][1][gc,age       ] GC(79) Desired survivor size 4358144 bytes, new threshold 6 (max threshold 6)
[2020-02-29T06:39:47.621+0000][1][gc,age       ] GC(79) Age table with threshold 6 (max threshold 6)
[2020-02-29T06:39:47.621+0000][1][gc,age       ] GC(79) - age   1:      37768 bytes,      37768 total
[2020-02-29T06:39:47.621+0000][1][gc,age       ] GC(79) - age   2:        336 bytes,      38104 total
[2020-02-29T06:39:47.621+0000][1][gc,age       ] GC(79) - age   3:        424 bytes,      38528 total
[2020-02-29T06:39:47.621+0000][1][gc,age       ] GC(79) - age   4:       1024 bytes,      39552 total
[2020-02-29T06:39:47.621+0000][1][gc,age       ] GC(79) - age   6:        368 bytes,      39920 total
[2020-02-29T06:39:47.621+0000][1][gc,heap      ] GC(79) ParNew: 68176K->42K(76672K)
[2020-02-29T06:39:47.621+0000][1][gc,heap      ] GC(79) CMS: 62570K->62570K(963392K)
[2020-02-29T06:39:47.621+0000][1][gc,metaspace ] GC(79) Metaspace: 79874K->79874K(1122304K)
[2020-02-29T06:39:47.621+0000][1][gc           ] GC(79) Pause Young (Allocation Failure) 127M->61M(1015M) 17.955ms
[2020-02-29T06:39:47.621+0000][1][gc,cpu       ] GC(79) User=0.01s Sys=0.00s Real=0.01s
[2020-02-29T06:39:47.621+0000][1][safepoint    ] Safepoint "GenCollectForAllocation", Time since last: 508582415 ns, Reaching safepoint: 88328 ns, At safepoint: 18091020 ns, Total: 18179348 ns
[2020-02-29T06:39:47.622+0000][1][safepoint    ] Safepoint "RevokeBias", Time since last: 1037392 ns, Reaching safepoint: 75157 ns, At safepoint: 19328 ns, Total: 94485 ns
[2020-02-29T06:39:48.623+0000][1][safepoint    ] Safepoint "Cleanup", Time since last: 1001026080 ns, Reaching safepoint: 77489 ns, At safepoint: 6501 ns, Total: 83990 ns
[2020-02-29T06:39:49.633+0000][1][safepoint    ] Safepoint "Cleanup", Time since last: 1009769892 ns, Reaching safepoint: 73631 ns, At safepoint: 5551 ns, Total: 79182 ns
[2020-02-29T06:39:50.142+0000][1][safepoint    ] Safepoint "RevokeBias", Time since last: 508724102 ns, Reaching safepoint: 75530 ns, At safepoint: 18082 ns, Total: 93612 ns
[2020-02-29T06:39:51.143+0000][1][safepoint    ] Safepoint "Cleanup", Time since last: 1001207289 ns, Reaching safepoint: 90864 ns, At safepoint: 6395 ns, Total: 97259 ns
[2020-02-29T06:39:52.144+0000][1][safepoint    ] Safepoint "Cleanup", Time since last: 1000410934 ns, Reaching safepoint: 96172 ns, At safepoint: 5879 ns, Total: 102051 ns
[2020-02-29T06:39:52.655+0000][1][safepoint    ] Safepoint "RevokeBias", Time since last: 511100257 ns, Reaching safepoint: 72263 ns, At safepoint: 17373 ns, Total: 89636 ns
[2020-02-29T06:39:53.665+0000][1][safepoint    ] Safepoint "Cleanup", Time since last: 1010170861 ns, Reaching safepoint: 75604 ns, At safepoint: 21107 ns, Total: 96711 ns
[2020-02-29T06:39:54.667+0000][1][safepoint    ] Safepoint "Cleanup", Time since last: 1001784716 ns, Reaching safepoint: 60754 ns, At safepoint: 7380 ns, Total: 68134 ns
[2020-02-29T06:39:55.174+0000][1][safepoint    ] Safepoint "RevokeBias", Time since last: 507027915 ns, Reaching safepoint: 78430 ns, At safepoint: 19396 ns, Total: 97826 ns
[2020-02-29T06:39:56.175+0000][1][safepoint    ] Safepoint "Cleanup", Time since last: 1000314042 ns, Reaching safepoint: 114728 ns, At safepoint: 7845 ns, Total: 122573 ns
[2020-02-29T06:39:57.175+0000][1][safepoint    ] Safepoint "Cleanup", Time since last: 1000538952 ns, Reaching safepoint: 104207 ns, At safepoint: 10722 ns, Total: 114929 ns
[2020-02-29T06:39:57.695+0000][1][safepoint    ] Safepoint "RevokeBias", Time since last: 519676853 ns, Reaching safepoint: 70575 ns, At safepoint: 17549 ns, Total: 88124 ns
[2020-02-29T06:39:58.701+0000][1][safepoint    ] Safepoint "Cleanup", Time since last: 1005987522 ns, Reaching safepoint: 78666 ns, At safepoint: 7373 ns, Total: 86039 ns
[2020-02-29T06:39:59.706+0000][1][safepoint    ] Safepoint "Cleanup", Time since last: 1005063823 ns, Reaching safepoint: 61523 ns, At safepoint: 8214 ns, Total: 69737 ns
[2020-02-29T06:40:00.213+0000][1][safepoint    ] Safepoint "RevokeBias", Time since last: 506298586 ns, Reaching safepoint: 73481 ns, At safepoint: 17532 ns, Total: 91013 ns
[2020-02-29T06:40:01.217+0000][1][safepoint    ] Safepoint "Cleanup", Time since last: 1004065081 ns, Reaching safepoint: 62144 ns, At safepoint: 7225 ns, Total: 69369 ns
[2020-02-29T06:40:02.221+0000][1][safepoint    ] Safepoint "Cleanup", Time since last: 1004135697 ns, Reaching safepoint: 96561 ns, At safepoint: 11574 ns, Total: 108135 ns
[2020-02-29T06:40:02.737+0000][1][safepoint    ] Safepoint "RevokeBias", Time since last: 515190425 ns, Reaching safepoint: 167496 ns, At safepoint: 20103 ns, Total: 187599 ns
[2020-02-29T06:40:03.741+0000][1][safepoint    ] Safepoint "Cleanup", Time since last: 1004270683 ns, Reaching safepoint: 161416 ns, At safepoint: 20735 ns, Total: 182151 ns
[2020-02-29T06:40:04.750+0000][1][safepoint    ] Safepoint "Cleanup", Time since last: 1008871138 ns, Reaching safepoint: 77410 ns, At safepoint: 7120 ns, Total: 84530 ns
[2020-02-29T06:40:05.258+0000][1][safepoint    ] Safepoint "RevokeBias", Time since last: 508050042 ns, Reaching safepoint: 52741 ns, At safepoint: 16090 ns, Total: 68831 ns
[2020-02-29T06:40:06.258+0000][1][safepoint    ] Safepoint "Cleanup", Time since last: 1000271487 ns, Reaching safepoint: 80381 ns, At safepoint: 8524 ns, Total: 88905 ns
[2020-02-29T06:40:07.259+0000][1][safepoint    ] Safepoint "Cleanup", Time since last: 1000327864 ns, Reaching safepoint: 87843 ns, At safepoint: 8153 ns, Total: 95996 ns
[2020-02-29T06:40:07.770+0000][1][safepoint    ] Safepoint "RevokeBias", Time since last: 510971774 ns, Reaching safepoint: 71849 ns, At safepoint: 17637 ns, Total: 89486 ns
[2020-02-29T06:40:08.775+0000][1][safepoint    ] Safepoint "Cleanup", Time since last: 1005060442 ns, Reaching safepoint: 111138 ns, At safepoint: 7802 ns, Total: 118940 ns
[2020-02-29T06:40:09.777+0000][1][safepoint    ] Safepoint "Cleanup", Time since last: 1002174054 ns, Reaching safepoint: 89158 ns, At safepoint: 9594 ns, Total: 98752 ns
[2020-02-29T06:40:10.286+0000][1][safepoint    ] Safepoint "RevokeBias", Time since last: 508084666 ns, Reaching safepoint: 110561 ns, At safepoint: 29717 ns, Total: 140278 ns
[2020-02-29T06:40:11.289+0000][1][safepoint    ] Safepoint "Cleanup", Time since last: 1000714247 ns, Reaching safepoint: 2267965 ns, At safepoint: 28321 ns, Total: 2296286 ns
[2020-02-29T06:40:12.292+0000][1][safepoint    ] Safepoint "Cleanup", Time since last: 1003126394 ns, Reaching safepoint: 141737 ns, At safepoint: 10746 ns, Total: 152483 ns
[2020-02-29T06:40:12.810+0000][1][safepoint    ] Safepoint "RevokeBias", Time since last: 518470561 ns, Reaching safepoint: 75334 ns, At safepoint: 20686 ns, Total: 96020 ns
[2020-02-29T06:40:13.811+0000][1][safepoint    ] Safepoint "Cleanup", Time since last: 1000304923 ns, Reaching safepoint: 130619 ns, At safepoint: 8880 ns, Total: 139499 ns
[2020-02-29T06:40:14.817+0000][1][safepoint    ] Safepoint "Cleanup", Time since last: 1005601202 ns, Reaching safepoint: 80584 ns, At safepoint: 7801 ns, Total: 88385 ns
[2020-02-29T06:40:15.320+0000][1][safepoint    ] Safepoint "RevokeBias", Time since last: 503017634 ns, Reaching safepoint: 63575 ns, At safepoint: 35754 ns, Total: 99329 ns
[2020-02-29T06:40:16.322+0000][1][safepoint    ] Safepoint "Cleanup", Time since last: 1002110431 ns, Reaching safepoint: 103677 ns, At safepoint: 9895 ns, Total: 113572 ns
[2020-02-29T06:40:17.333+0000][1][safepoint    ] Safepoint "Cleanup", Time since last: 1011436730 ns, Reaching safepoint: 126071 ns, At safepoint: 6810 ns, Total: 132881 ns
[2020-02-29T06:40:17.849+0000][1][safepoint    ] Safepoint "RevokeBias", Time since last: 515556257 ns, Reaching safepoint: 160142 ns, At safepoint: 34487 ns, Total: 194629 ns
[2020-02-29T06:40:18.851+0000][1][safepoint    ] Safepoint "Cleanup", Time since last: 1001564872 ns, Reaching safepoint: 76519 ns, At safepoint: 7054 ns, Total: 83573 ns
[2020-02-29T06:40:19.853+0000][1][safepoint    ] Safepoint "Cleanup", Time since last: 1001623235 ns, Reaching safepoint: 75113 ns, At safepoint: 7060 ns, Total: 82173 ns
[2020-02-29T06:40:20.374+0000][1][safepoint    ] Safepoint "RevokeBias", Time since last: 521537690 ns, Reaching safepoint: 71800 ns, At safepoint: 18080 ns, Total: 89880 ns
[2020-02-29T06:40:21.381+0000][1][safepoint    ] Safepoint "Cleanup", Time since last: 1006898484 ns, Reaching safepoint: 76408 ns, At safepoint: 7235 ns, Total: 83643 ns
[2020-02-29T06:40:22.382+0000][1][safepoint    ] Safepoint "Cleanup", Time since last: 1001023280 ns, Reaching safepoint: 66494 ns, At safepoint: 8004 ns, Total: 74498 ns
[2020-02-29T06:40:22.884+0000][1][safepoint    ] Safepoint "RevokeBias", Time since last: 501531738 ns, Reaching safepoint: 82696 ns, At safepoint: 21103 ns, Total: 103799 ns
[2020-02-29T06:40:23.921+0000][1][safepoint    ] Safepoint "Cleanup", Time since last: 1035450653 ns, Reaching safepoint: 1395111 ns, At safepoint: 28309 ns, Total: 1423420 ns
[2020-02-29T06:40:24.924+0000][1][safepoint    ] Safepoint "Cleanup", Time since last: 1003455470 ns, Reaching safepoint: 74889 ns, At safepoint: 7333 ns, Total: 82222 ns
[2020-02-29T06:40:25.401+0000][1][safepoint    ] Safepoint "RevokeBias", Time since last: 476814457 ns, Reaching safepoint: 70388 ns, At safepoint: 17338 ns, Total: 87726 ns
[2020-02-29T06:40:26.402+0000][1][safepoint    ] Safepoint "Cleanup", Time since last: 1000933298 ns, Reaching safepoint: 86167 ns, At safepoint: 10872 ns, Total: 97039 ns
[2020-02-29T06:40:27.407+0000][1][safepoint    ] Safepoint "Cleanup", Time since last: 1005009892 ns, Reaching safepoint: 70286 ns, At safepoint: 8842 ns, Total: 79128 ns
[2020-02-29T06:40:27.924+0000][1][safepoint    ] Safepoint "RevokeBias", Time since last: 516135419 ns, Reaching safepoint: 57456 ns, At safepoint: 17286 ns, Total: 74742 ns
[2020-02-29T06:40:28.929+0000][1][safepoint    ] Safepoint "Cleanup", Time since last: 1005562995 ns, Reaching safepoint: 64156 ns, At safepoint: 8710 ns, Total: 72866 ns
[2020-02-29T06:40:29.934+0000][1][safepoint    ] Safepoint "Cleanup", Time since last: 1005026449 ns, Reaching safepoint: 64314 ns, At safepoint: 7619 ns, Total: 71933 ns
[2020-02-29T06:40:30.444+0000][1][safepoint    ] Safepoint "RevokeBias", Time since last: 509417767 ns, Reaching safepoint: 80723 ns, At safepoint: 21293 ns, Total: 102016 ns
[2020-02-29T06:40:31.447+0000][1][safepoint    ] Safepoint "Cleanup", Time since last: 1003417964 ns, Reaching safepoint: 79295 ns, At safepoint: 8800 ns, Total: 88095 ns
[2020-02-29T06:40:32.449+0000][1][safepoint    ] Safepoint "Cleanup", Time since last: 1001550308 ns, Reaching safepoint: 59936 ns, At safepoint: 7379 ns, Total: 67315 ns
[2020-02-29T06:40:32.962+0000][1][safepoint    ] Safepoint "RevokeBias", Time since last: 513374815 ns, Reaching safepoint: 59509 ns, At safepoint: 18311 ns, Total: 77820 ns
[2020-02-29T06:40:33.969+0000][1][safepoint    ] Safepoint "Cleanup", Time since last: 1006905579 ns, Reaching safepoint: 81237 ns, At safepoint: 9272 ns, Total: 90509 ns
[2020-02-29T06:40:34.970+0000][1][safepoint    ] Safepoint "Cleanup", Time since last: 1000553581 ns, Reaching safepoint: 101475 ns, At safepoint: 23601 ns, Total: 125076 ns
[2020-02-29T06:40:35.480+0000][1][safepoint    ] Safepoint "RevokeBias", Time since last: 510064924 ns, Reaching safepoint: 55575 ns, At safepoint: 66157 ns, Total: 121732 ns
[2020-02-29T06:40:36.487+0000][1][safepoint    ] Safepoint "Cleanup", Time since last: 1006892368 ns, Reaching safepoint: 260464 ns, At safepoint: 34758 ns, Total: 295222 ns
[2020-02-29T06:40:37.494+0000][1][safepoint    ] Safepoint "Cleanup", Time since last: 1006026134 ns, Reaching safepoint: 96009 ns, At safepoint: 8725 ns, Total: 104734 ns
[2020-02-29T06:40:37.997+0000][1][safepoint    ] Safepoint "RevokeBias", Time since last: 502867750 ns, Reaching safepoint: 90539 ns, At safepoint: 18235 ns, Total: 108774 ns
[2020-02-29T06:40:39.006+0000][1][safepoint    ] Safepoint "Cleanup", Time since last: 1009645444 ns, Reaching safepoint: 77147 ns, At safepoint: 6656 ns, Total: 83803 ns
[2020-02-29T06:40:40.012+0000][1][safepoint    ] Safepoint "Cleanup", Time since last: 1005626594 ns, Reaching safepoint: 72798 ns, At safepoint: 5418 ns, Total: 78216 ns
[2020-02-29T06:40:40.506+0000][1][safepoint    ] Safepoint "RevokeBias", Time since last: 494263549 ns, Reaching safepoint: 88601 ns, At safepoint: 19563 ns, Total: 108164 ns
[2020-02-29T06:40:41.507+0000][1][safepoint    ] Safepoint "Cleanup", Time since last: 1000182875 ns, Reaching safepoint: 95791 ns, At safepoint: 9214 ns, Total: 105005 ns
[2020-02-29T06:40:42.508+0000][1][safepoint    ] Safepoint "Cleanup", Time since last: 1001250542 ns, Reaching safepoint: 163627 ns, At safepoint: 6713 ns, Total: 170340 ns
[2020-02-29T06:40:43.016+0000][1][safepoint    ] Safepoint "RevokeBias", Time since last: 508156520 ns, Reaching safepoint: 135209 ns, At safepoint: 21727 ns, Total: 156936 ns
[2020-02-29T06:40:44.017+0000][1][safepoint    ] Safepoint "Cleanup", Time since last: 1000600449 ns, Reaching safepoint: 74445 ns, At safepoint: 7384 ns, Total: 81829 ns
[2020-02-29T06:40:45.022+0000][1][safepoint    ] Safepoint "Cleanup", Time since last: 1005018183 ns, Reaching safepoint: 65178 ns, At safepoint: 7815 ns, Total: 72993 ns
[2020-02-29T06:40:45.539+0000][1][safepoint    ] Safepoint "RevokeBias", Time since last: 516849283 ns, Reaching safepoint: 52920 ns, At safepoint: 15666 ns, Total: 68586 ns
[2020-02-29T06:40:46.539+0000][1][safepoint    ] Safepoint "Cleanup", Time since last: 1000305363 ns, Reaching safepoint: 75150 ns, At safepoint: 7619 ns, Total: 82769 ns
[2020-02-29T06:40:47.540+0000][1][safepoint    ] Safepoint "Cleanup", Time since last: 1000738918 ns, Reaching safepoint: 79991 ns, At safepoint: 7687 ns, Total: 87678 ns
[2020-02-29T06:40:48.058+0000][1][safepoint    ] Safepoint "RevokeBias", Time since last: 517933334 ns, Reaching safepoint: 133556 ns, At safepoint: 73796 ns, Total: 207352 ns
[2020-02-29T06:40:49.067+0000][1][safepoint    ] Safepoint "Cleanup", Time since last: 1008878498 ns, Reaching safepoint: 99186 ns, At safepoint: 28898 ns, Total: 128084 ns
[2020-02-29T06:40:50.072+0000][1][safepoint    ] Safepoint "Cleanup", Time since last: 1004571064 ns, Reaching safepoint: 56470 ns, At safepoint: 5379 ns, Total: 61849 ns
[2020-02-29T06:40:50.577+0000][1][safepoint    ] Safepoint "RevokeBias", Time since last: 504577067 ns, Reaching safepoint: 82080 ns, At safepoint: 17081 ns, Total: 99161 ns
[2020-02-29T06:40:51.579+0000][1][safepoint    ] Safepoint "Cleanup", Time since last: 1002446534 ns, Reaching safepoint: 74751 ns, At safepoint: 6898 ns, Total: 81649 ns
[2020-02-29T06:40:52.585+0000][1][safepoint    ] Safepoint "Cleanup", Time since last: 1005774607 ns, Reaching safepoint: 60347 ns, At safepoint: 7739 ns, Total: 68086 ns
[2020-02-29T06:40:53.104+0000][1][safepoint    ] Safepoint "RevokeBias", Time since last: 519177052 ns, Reaching safepoint: 70156 ns, At safepoint: 16892 ns, Total: 87048 ns
[2020-02-29T06:40:54.106+0000][1][safepoint    ] Safepoint "Cleanup", Time since last: 1001127727 ns, Reaching safepoint: 94033 ns, At safepoint: 8257 ns, Total: 102290 ns
[2020-02-29T06:40:55.106+0000][1][safepoint    ] Safepoint "Cleanup", Time since last: 1000251824 ns, Reaching safepoint: 85446 ns, At safepoint: 9515 ns, Total: 94961 ns
[2020-02-29T06:40:55.620+0000][1][safepoint    ] Safepoint "RevokeBias", Time since last: 513639534 ns, Reaching safepoint: 70658 ns, At safepoint: 18023 ns, Total: 88681 ns
[2020-02-29T06:40:56.624+0000][1][safepoint    ] Safepoint "Cleanup", Time since last: 1004382887 ns, Reaching safepoint: 79236 ns, At safepoint: 7470 ns, Total: 86706 ns
[2020-02-29T06:40:57.628+0000][1][safepoint    ] Safepoint "Cleanup", Time since last: 1003294088 ns, Reaching safepoint: 71837 ns, At safepoint: 6502 ns, Total: 78339 ns
[2020-02-29T06:40:58.249+0000][1][safepoint    ] Safepoint "BulkRevokeBias", Time since last: 620715907 ns, Reaching safepoint: 69440 ns, At safepoint: 205052 ns, Total: 274492 ns
[2020-02-29T06:40:59.249+0000][1][safepoint    ] Safepoint "Cleanup", Time since last: 1000814603 ns, Reaching safepoint: 52783 ns, At safepoint: 4990 ns, Total: 57773 ns
[2020-02-29T06:41:00.261+0000][1][safepoint    ] Safepoint "Cleanup", Time since last: 1011051662 ns, Reaching safepoint: 195210 ns, At safepoint: 23702 ns, Total: 218912 ns
[2020-02-29T06:41:00.771+0000][1][safepoint    ] Safepoint "RevokeBias", Time since last: 509760114 ns, Reaching safepoint: 132347 ns, At safepoint: 53049 ns, Total: 185396 ns
[2020-02-29T06:41:01.778+0000][1][safepoint    ] Safepoint "Cleanup", Time since last: 1007539677 ns, Reaching safepoint: 76939 ns, At safepoint: 7625 ns, Total: 84564 ns
[2020-02-29T06:41:02.783+0000][1][safepoint    ] Safepoint "Cleanup", Time since last: 1004521508 ns, Reaching safepoint: 92357 ns, At safepoint: 7528 ns, Total: 99885 ns
[2020-02-29T06:41:03.296+0000][1][safepoint    ] Safepoint "RevokeBias", Time since last: 513072374 ns, Reaching safepoint: 150996 ns, At safepoint: 31271 ns, Total: 182267 ns
[2020-02-29T06:41:04.302+0000][1][safepoint    ] Safepoint "Cleanup", Time since last: 1005797705 ns, Reaching safepoint: 112702 ns, At safepoint: 9059 ns, Total: 121761 ns
[2020-02-29T06:41:05.309+0000][1][safepoint    ] Safepoint "Cleanup", Time since last: 1006975184 ns, Reaching safepoint: 100299 ns, At safepoint: 9076 ns, Total: 109375 ns
[2020-02-29T06:41:05.811+0000][1][safepoint    ] Safepoint "RevokeBias", Time since last: 502150074 ns, Reaching safepoint: 51979 ns, At safepoint: 15270 ns, Total: 67249 ns
[2020-02-29T06:41:06.816+0000][1][safepoint    ] Safepoint "Cleanup", Time since last: 1004697834 ns, Reaching safepoint: 94118 ns, At safepoint: 7575 ns, Total: 101693 ns
[2020-02-29T06:41:07.817+0000][1][safepoint    ] Safepoint "Cleanup", Time since last: 1000482625 ns, Reaching safepoint: 109120 ns, At safepoint: 15489 ns, Total: 124609 ns
[2020-02-29T06:41:08.341+0000][1][safepoint    ] Safepoint "RevokeBias", Time since last: 523952769 ns, Reaching safepoint: 92065 ns, At safepoint: 33743 ns, Total: 125808 ns
[2020-02-29T06:41:09.345+0000][1][safepoint    ] Safepoint "Cleanup", Time since last: 1004327192 ns, Reaching safepoint: 214465 ns, At safepoint: 8238 ns, Total: 222703 ns
[2020-02-29T06:41:10.348+0000][1][safepoint    ] Safepoint "Cleanup", Time since last: 1002690203 ns, Reaching safepoint: 75123 ns, At safepoint: 7650 ns, Total: 82773 ns
[2020-02-29T06:41:10.861+0000][1][safepoint    ] Safepoint "RevokeBias", Time since last: 513258054 ns, Reaching safepoint: 53219 ns, At safepoint: 15138 ns, Total: 68357 ns
[2020-02-29T06:41:11.862+0000][1][safepoint    ] Safepoint "Cleanup", Time since last: 1000680433 ns, Reaching safepoint: 202615 ns, At safepoint: 23892 ns, Total: 226507 ns
[2020-02-29T06:41:12.864+0000][1][safepoint    ] Safepoint "Cleanup", Time since last: 1001860305 ns, Reaching safepoint: 62668 ns, At safepoint: 8424 ns, Total: 71092 ns
[2020-02-29T06:41:13.388+0000][1][safepoint    ] Safepoint "RevokeBias", Time since last: 523065581 ns, Reaching safepoint: 151744 ns, At safepoint: 34910 ns, Total: 186654 ns
[2020-02-29T06:41:14.392+0000][1][safepoint    ] Safepoint "Cleanup", Time since last: 1004452081 ns, Reaching safepoint: 76560 ns, At safepoint: 7592 ns, Total: 84152 ns
[2020-02-29T06:41:15.399+0000][1][safepoint    ] Safepoint "Cleanup", Time since last: 1007001104 ns, Reaching safepoint: 74974 ns, At safepoint: 7603 ns, Total: 82577 ns
[2020-02-29T06:41:15.985+0000][1][safepoint    ] Safepoint "RevokeBias", Time since last: 585962424 ns, Reaching safepoint: 102992 ns, At safepoint: 30707 ns, Total: 133699 ns
[2020-02-29T06:41:16.986+0000][1][safepoint    ] Safepoint "Cleanup", Time since last: 1000443684 ns, Reaching safepoint: 94704 ns, At safepoint: 8478 ns, Total: 103182 ns
[2020-02-29T06:41:17.990+0000][1][safepoint    ] Safepoint "Cleanup", Time since last: 1004480226 ns, Reaching safepoint: 112423 ns, At safepoint: 26692 ns, Total: 139115 ns
[2020-02-29T06:41:18.667+0000][1][safepoint    ] Safepoint "RevokeBias", Time since last: 676221510 ns, Reaching safepoint: 99661 ns, At safepoint: 44649 ns, Total: 144310 ns
[2020-02-29T06:41:19.672+0000][1][safepoint    ] Safepoint "Cleanup", Time since last: 1005042199 ns, Reaching safepoint: 227279 ns, At safepoint: 18566 ns, Total: 245845 ns
[2020-02-29T06:41:20.677+0000][1][safepoint    ] Safepoint "Cleanup", Time since last: 1005051243 ns, Reaching safepoint: 147605 ns, At safepoint: 22423 ns, Total: 170028 ns
[2020-02-29T06:41:21.191+0000][1][safepoint    ] Safepoint "RevokeBias", Time since last: 513317729 ns, Reaching safepoint: 74078 ns, At safepoint: 19530 ns, Total: 93608 ns
[2020-02-29T06:41:22.195+0000][1][safepoint    ] Safepoint "Cleanup", Time since last: 1004300192 ns, Reaching safepoint: 108080 ns, At safepoint: 15476 ns, Total: 123556 ns
[2020-02-29T06:41:23.206+0000][1][safepoint    ] Safepoint "Cleanup", Time since last: 1010739978 ns, Reaching safepoint: 126018 ns, At safepoint: 8714 ns, Total: 134732 ns
[2020-02-29T06:41:23.718+0000][1][safepoint    ] Safepoint "RevokeBias", Time since last: 511909851 ns, Reaching safepoint: 92518 ns, At safepoint: 116448 ns, Total: 208966 ns
[2020-02-29T06:41:24.729+0000][1][safepoint    ] Safepoint "Cleanup", Time since last: 1010618689 ns, Reaching safepoint: 100646 ns, At safepoint: 10466 ns, Total: 111112 ns
[2020-02-29T06:41:25.796+0000][1][safepoint    ] Safepoint "Cleanup", Time since last: 1067136035 ns, Reaching safepoint: 155399 ns, At safepoint: 12611 ns, Total: 168010 ns
[2020-02-29T06:41:26.257+0000][1][safepoint    ] Safepoint "RevokeBias", Time since last: 460221641 ns, Reaching safepoint: 104807 ns, At safepoint: 27585 ns, Total: 132392 ns
[2020-02-29T06:41:27.258+0000][1][safepoint    ] Safepoint "Cleanup", Time since last: 1001578593 ns, Reaching safepoint: 95213 ns, At safepoint: 9426 ns, Total: 104639 ns
[2020-02-29T06:41:28.504+0000][1][safepoint    ] Safepoint "Cleanup", Time since last: 1245758676 ns, Reaching safepoint: 280666 ns, At safepoint: 26488 ns, Total: 307154 ns
[2020-02-29T06:41:28.801+0000][1][safepoint    ] Safepoint "RevokeBias", Time since last: 296401528 ns, Reaching safepoint: 138873 ns, At safepoint: 27340 ns, Total: 166213 ns
[2020-02-29T06:41:29.806+0000][1][safepoint    ] Safepoint "Cleanup", Time since last: 1005054759 ns, Reaching safepoint: 75613 ns, At safepoint: 6948 ns, Total: 82561 ns
[2020-02-29T06:41:30.810+0000][1][safepoint    ] Safepoint "Cleanup", Time since last: 1003771077 ns, Reaching safepoint: 76117 ns, At safepoint: 6585 ns, Total: 82702 ns
[2020-02-29T06:41:31.374+0000][1][safepoint    ] Safepoint "RevokeBias", Time since last: 563672838 ns, Reaching safepoint: 105078 ns, At safepoint: 27293 ns, Total: 132371 ns
[2020-02-29T06:41:32.378+0000][1][safepoint    ] Safepoint "Cleanup", Time since last: 1003761491 ns, Reaching safepoint: 75075 ns, At safepoint: 7295 ns, Total: 82370 ns
[2020-02-29T06:41:33.383+0000][1][safepoint    ] Safepoint "Cleanup", Time since last: 1005327953 ns, Reaching safepoint: 172611 ns, At safepoint: 24254 ns, Total: 196865 ns
[2020-02-29T06:41:33.901+0000][1][safepoint    ] Safepoint "RevokeBias", Time since last: 517711054 ns, Reaching safepoint: 64793 ns, At safepoint: 19761 ns, Total: 84554 ns
[2020-02-29T06:41:34.901+0000][1][safepoint    ] Safepoint "Cleanup", Time since last: 1000521755 ns, Reaching safepoint: 59850 ns, At safepoint: 5634 ns, Total: 65484 ns
[2020-02-29T06:41:35.903+0000][1][safepoint    ] Safepoint "Cleanup", Time since last: 1001279318 ns, Reaching safepoint: 132775 ns, At safepoint: 6062 ns, Total: 138837 ns
[2020-02-29T06:41:36.421+0000][1][safepoint    ] Safepoint "RevokeBias", Time since last: 517658313 ns, Reaching safepoint: 72774 ns, At safepoint: 18351 ns, Total: 91125 ns
[2020-02-29T06:41:37.429+0000][1][safepoint    ] Safepoint "Cleanup", Time since last: 1008346913 ns, Reaching safepoint: 59993 ns, At safepoint: 7112 ns, Total: 67105 ns
[2020-02-29T06:41:38.431+0000][1][safepoint    ] Safepoint "Cleanup", Time since last: 1002417044 ns, Reaching safepoint: 58454 ns, At safepoint: 7054 ns, Total: 65508 ns
[2020-02-29T06:41:38.947+0000][1][safepoint    ] Safepoint "RevokeBias", Time since last: 515755666 ns, Reaching safepoint: 53214 ns, At safepoint: 16929 ns, Total: 70143 ns
[2020-02-29T06:41:39.951+0000][1][safepoint    ] Safepoint "Cleanup", Time since last: 1003155002 ns, Reaching safepoint: 106688 ns, At safepoint: 9239 ns, Total: 115927 ns
[2020-02-29T06:41:40.960+0000][1][safepoint    ] Safepoint "Cleanup", Time since last: 1009103576 ns, Reaching safepoint: 59468 ns, At safepoint: 6411 ns, Total: 65879 ns
[2020-02-29T06:41:41.463+0000][1][safepoint    ] Safepoint "RevokeBias", Time since last: 503523715 ns, Reaching safepoint: 51112 ns, At safepoint: 15689 ns, Total: 66801 ns
[2020-02-29T06:41:42.464+0000][1][safepoint    ] Safepoint "Cleanup", Time since last: 1000694730 ns, Reaching safepoint: 61037 ns, At safepoint: 7067 ns, Total: 68104 ns
[2020-02-29T06:41:43.469+0000][1][safepoint    ] Safepoint "Cleanup", Time since last: 1004318521 ns, Reaching safepoint: 97067 ns, At safepoint: 7446 ns, Total: 104513 ns
[2020-02-29T06:41:43.983+0000][1][safepoint    ] Safepoint "RevokeBias", Time since last: 514680646 ns, Reaching safepoint: 52525 ns, At safepoint: 31797 ns, Total: 84322 ns
[2020-02-29T06:41:44.986+0000][1][safepoint    ] Safepoint "Cleanup", Time since last: 1002715080 ns, Reaching safepoint: 76594 ns, At safepoint: 6840 ns, Total: 83434 ns
[2020-02-29T06:41:45.990+0000][1][safepoint    ] Safepoint "Cleanup", Time since last: 1003785214 ns, Reaching safepoint: 92468 ns, At safepoint: 7392 ns, Total: 99860 ns
[2020-02-29T06:41:46.503+0000][1][safepoint    ] Safepoint "RevokeBias", Time since last: 512777342 ns, Reaching safepoint: 52059 ns, At safepoint: 16588 ns, Total: 68647 ns
[2020-02-29T06:41:47.504+0000][1][safepoint    ] Safepoint "Cleanup", Time since last: 1000761890 ns, Reaching safepoint: 81180 ns, At safepoint: 8993 ns, Total: 90173 ns
[2020-02-29T06:41:48.505+0000][1][safepoint    ] Safepoint "Cleanup", Time since last: 1000656564 ns, Reaching safepoint: 229157 ns, At safepoint: 25495 ns, Total: 254652 ns
[2020-02-29T06:41:49.027+0000][1][safepoint    ] Safepoint "RevokeBias", Time since last: 522470727 ns, Reaching safepoint: 133675 ns, At safepoint: 36360 ns, Total: 170035 ns
[2020-02-29T06:41:50.031+0000][1][safepoint    ] Safepoint "Cleanup", Time since last: 1003286072 ns, Reaching safepoint: 115904 ns, At safepoint: 12666 ns, Total: 128570 ns
[2020-02-29T06:41:51.031+0000][1][safepoint    ] Safepoint "Cleanup", Time since last: 1000356394 ns, Reaching safepoint: 77579 ns, At safepoint: 7415 ns, Total: 84994 ns
[2020-02-29T06:41:51.541+0000][1][safepoint    ] Safepoint "RevokeBias", Time since last: 509819032 ns, Reaching safepoint: 100907 ns, At safepoint: 20809 ns, Total: 121716 ns
[2020-02-29T06:41:52.545+0000][1][safepoint    ] Safepoint "Cleanup", Time since last: 1004179915 ns, Reaching safepoint: 75536 ns, At safepoint: 7462 ns, Total: 82998 ns
[2020-02-29T06:41:53.548+0000][1][safepoint    ] Safepoint "Cleanup", Time since last: 1002484807 ns, Reaching safepoint: 78355 ns, At safepoint: 7467 ns, Total: 85822 ns
[2020-02-29T06:41:54.051+0000][1][safepoint    ] Safepoint "RevokeBias", Time since last: 503468128 ns, Reaching safepoint: 69158 ns, At safepoint: 17366 ns, Total: 86524 ns
[2020-02-29T06:41:55.054+0000][1][safepoint    ] Safepoint "Cleanup", Time since last: 1002741489 ns, Reaching safepoint: 74715 ns, At safepoint: 6974 ns, Total: 81689 ns
[2020-02-29T06:41:56.056+0000][1][safepoint    ] Safepoint "Cleanup", Time since last: 1002162570 ns, Reaching safepoint: 71786 ns, At safepoint: 7059 ns, Total: 78845 ns
[2020-02-29T06:41:56.568+0000][1][safepoint    ] Safepoint "RevokeBias", Time since last: 511841237 ns, Reaching safepoint: 71215 ns, At safepoint: 34800 ns, Total: 106015 ns
[2020-02-29T06:41:58.511+0000][1][safepoint    ] Safepoint "Cleanup", Time since last: 1942752430 ns, Reaching safepoint: 62103 ns, At safepoint: 7672 ns, Total: 69775 ns
[2020-02-29T06:41:59.084+0000][1][safepoint    ] Safepoint "RevokeBias", Time since last: 572316440 ns, Reaching safepoint: 68394 ns, At safepoint: 16306 ns, Total: 84700 ns
[2020-02-29T06:42:00.088+0000][1][safepoint    ] Safepoint "Cleanup", Time since last: 1004451919 ns, Reaching safepoint: 58793 ns, At safepoint: 7208 ns, Total: 66001 ns
[2020-02-29T06:42:01.098+0000][1][safepoint    ] Safepoint "Cleanup", Time since last: 1009291604 ns, Reaching safepoint: 77838 ns, At safepoint: 7542 ns, Total: 85380 ns
[2020-02-29T06:42:01.608+0000][1][safepoint    ] Safepoint "RevokeBias", Time since last: 510383801 ns, Reaching safepoint: 51692 ns, At safepoint: 15261 ns, Total: 66953 ns
[2020-02-29T06:42:02.609+0000][1][safepoint    ] Safepoint "Cleanup", Time since last: 1000835366 ns, Reaching safepoint: 59591 ns, At safepoint: 6485 ns, Total: 66076 ns
[2020-02-29T06:42:03.609+0000][1][safepoint    ] Safepoint "Cleanup", Time since last: 1000277196 ns, Reaching safepoint: 60423 ns, At safepoint: 6999 ns, Total: 67422 ns
[2020-02-29T06:42:04.124+0000][1][safepoint    ] Safepoint "RevokeBias", Time since last: 514648822 ns, Reaching safepoint: 70581 ns, At safepoint: 16827 ns, Total: 87408 ns
[2020-02-29T06:42:05.125+0000][1][safepoint    ] Safepoint "Cleanup", Time since last: 1000470660 ns, Reaching safepoint: 89322 ns, At safepoint: 9101 ns, Total: 98423 ns
[2020-02-29T06:42:06.055+0000][1][gc,start     ] GC(80) Pause Young (Allocation Failure)
[2020-02-29T06:42:06.055+0000][1][gc,task      ] GC(80) Using 1 workers of 1 for evacuation
[2020-02-29T06:42:06.065+0000][1][gc,age       ] GC(80) Desired survivor size 4358144 bytes, new threshold 6 (max threshold 6)
[2020-02-29T06:42:06.065+0000][1][gc,age       ] GC(80) Age table with threshold 6 (max threshold 6)
[2020-02-29T06:42:06.065+0000][1][gc,age       ] GC(80) - age   1:      11744 bytes,      11744 total
[2020-02-29T06:42:06.065+0000][1][gc,age       ] GC(80) - age   2:        136 bytes,      11880 total
[2020-02-29T06:42:06.065+0000][1][gc,age       ] GC(80) - age   4:        424 bytes,      12304 total
[2020-02-29T06:42:06.065+0000][1][gc,age       ] GC(80) - age   5:       1024 bytes,      13328 total
[2020-02-29T06:42:06.065+0000][1][gc,heap      ] GC(80) ParNew: 68202K->32K(76672K)
[2020-02-29T06:42:06.065+0000][1][gc,heap      ] GC(80) CMS: 62570K->62571K(963392K)
[2020-02-29T06:42:06.065+0000][1][gc,metaspace ] GC(80) Metaspace: 79894K->79894K(1122304K)
[2020-02-29T06:42:06.065+0000][1][gc           ] GC(80) Pause Young (Allocation Failure) 127M->61M(1015M) 9.726ms
[2020-02-29T06:42:06.065+0000][1][gc,cpu       ] GC(80) User=0.01s Sys=0.00s Real=0.01s
[2020-02-29T06:42:06.065+0000][1][safepoint    ] Safepoint "GenCollectForAllocation", Time since last: 930294359 ns, Reaching safepoint: 82718 ns, At safepoint: 9780753 ns, Total: 9863471 ns
[2020-02-29T06:42:06.644+0000][1][safepoint    ] Safepoint "RevokeBias", Time since last: 579668520 ns, Reaching safepoint: 69239 ns, At safepoint: 17172 ns, Total: 86411 ns
[2020-02-29T06:42:07.646+0000][1][safepoint    ] Safepoint "Cleanup", Time since last: 1001788688 ns, Reaching safepoint: 62679 ns, At safepoint: 6407 ns, Total: 69086 ns
[2020-02-29T06:42:08.647+0000][1][safepoint    ] Safepoint "Cleanup", Time since last: 1000531290 ns, Reaching safepoint: 56600 ns, At safepoint: 5877 ns, Total: 62477 ns
[2020-02-29T06:42:09.162+0000][1][safepoint    ] Safepoint "RevokeBias", Time since last: 515430307 ns, Reaching safepoint: 70422 ns, At safepoint: 18381 ns, Total: 88803 ns
[2020-02-29T06:42:10.165+0000][1][safepoint    ] Safepoint "Cleanup", Time since last: 1002973696 ns, Reaching safepoint: 72270 ns, At safepoint: 6053 ns, Total: 78323 ns
[2020-02-29T06:42:11.170+0000][1][safepoint    ] Safepoint "Cleanup", Time since last: 1004584185 ns, Reaching safepoint: 57267 ns, At safepoint: 5622 ns, Total: 62889 ns
[2020-02-29T06:42:11.679+0000][1][safepoint    ] Safepoint "BulkRevokeBias", Time since last: 508789884 ns, Reaching safepoint: 121913 ns, At safepoint: 233735 ns, Total: 355648 ns
[2020-02-29T06:42:12.680+0000][1][safepoint    ] Safepoint "Cleanup", Time since last: 1000555852 ns, Reaching safepoint: 167738 ns, At safepoint: 27009 ns, Total: 194747 ns
[2020-02-29T06:42:13.681+0000][1][safepoint    ] Safepoint "Cleanup", Time since last: 1000817606 ns, Reaching safepoint: 233378 ns, At safepoint: 11801 ns, Total: 245179 ns
[2020-02-29T06:42:14.198+0000][1][safepoint    ] Safepoint "RevokeBias", Time since last: 517163709 ns, Reaching safepoint: 55312 ns, At safepoint: 18704 ns, Total: 74016 ns
[2020-02-29T06:42:15.201+0000][1][safepoint    ] Safepoint "Cleanup", Time since last: 1002546109 ns, Reaching safepoint: 73048 ns, At safepoint: 6339 ns, Total: 79387 ns
[2020-02-29T06:42:16.202+0000][1][safepoint    ] Safepoint "Cleanup", Time since last: 1001054135 ns, Reaching safepoint: 57347 ns, At safepoint: 5798 ns, Total: 63145 ns
[2020-02-29T06:42:16.724+0000][1][safepoint    ] Safepoint "RevokeBias", Time since last: 521724740 ns, Reaching safepoint: 71769 ns, At safepoint: 17830 ns, Total: 89599 ns
[2020-02-29T06:42:17.785+0000][1][safepoint    ] Safepoint "Cleanup", Time since last: 1060974455 ns, Reaching safepoint: 88266 ns, At safepoint: 9815 ns, Total: 98081 ns
[2020-02-29T06:42:18.789+0000][1][safepoint    ] Safepoint "Cleanup", Time since last: 1004273128 ns, Reaching safepoint: 58733 ns, At safepoint: 7163 ns, Total: 65896 ns
[2020-02-29T06:42:19.248+0000][1][safepoint    ] Safepoint "RevokeBias", Time since last: 458194334 ns, Reaching safepoint: 69443 ns, At safepoint: 17473 ns, Total: 86916 ns
[2020-02-29T06:42:20.254+0000][1][safepoint    ] Safepoint "Cleanup", Time since last: 1006474699 ns, Reaching safepoint: 75258 ns, At safepoint: 5999 ns, Total: 81257 ns
[2020-02-29T06:42:21.260+0000][1][safepoint    ] Safepoint "Cleanup", Time since last: 1006029711 ns, Reaching safepoint: 75687 ns, At safepoint: 7510 ns, Total: 83197 ns
[2020-02-29T06:42:21.766+0000][1][safepoint    ] Safepoint "RevokeBias", Time since last: 506098394 ns, Reaching safepoint: 83838 ns, At safepoint: 20628 ns, Total: 104466 ns
[2020-02-29T06:42:22.767+0000][1][safepoint    ] Safepoint "Cleanup", Time since last: 1000485066 ns, Reaching safepoint: 137998 ns, At safepoint: 7466 ns, Total: 145464 ns
[2020-02-29T06:42:23.775+0000][1][safepoint    ] Safepoint "Cleanup", Time since last: 1007715960 ns, Reaching safepoint: 78731 ns, At safepoint: 6997 ns, Total: 85728 ns
[2020-02-29T06:42:24.278+0000][1][safepoint    ] Safepoint "RevokeBias", Time since last: 502549892 ns, Reaching safepoint: 83519 ns, At safepoint: 18577 ns, Total: 102096 ns
[2020-02-29T06:42:25.278+0000][1][safepoint    ] Safepoint "Cleanup", Time since last: 1000212074 ns, Reaching safepoint: 80399 ns, At safepoint: 8596 ns, Total: 88995 ns
[2020-02-29T06:42:26.280+0000][1][safepoint    ] Safepoint "Cleanup", Time since last: 1002027041 ns, Reaching safepoint: 76680 ns, At safepoint: 6904 ns, Total: 83584 ns
[2020-02-29T06:42:26.790+0000][1][safepoint    ] Safepoint "RevokeBias", Time since last: 510446758 ns, Reaching safepoint: 71339 ns, At safepoint: 17626 ns, Total: 88965 ns
[2020-02-29T06:42:27.791+0000][1][safepoint    ] Safepoint "Cleanup", Time since last: 1000698973 ns, Reaching safepoint: 80230 ns, At safepoint: 7341 ns, Total: 87571 ns
[2020-02-29T06:42:28.794+0000][1][safepoint    ] Safepoint "Cleanup", Time since last: 1002552924 ns, Reaching safepoint: 77628 ns, At safepoint: 7578 ns, Total: 85206 ns
[2020-02-29T06:42:29.314+0000][1][safepoint    ] Safepoint "RevokeBias", Time since last: 519839502 ns, Reaching safepoint: 72964 ns, At safepoint: 18592 ns, Total: 91556 ns
[2020-02-29T06:42:30.318+0000][1][safepoint    ] Safepoint "Cleanup", Time since last: 1004292073 ns, Reaching safepoint: 75642 ns, At safepoint: 7195 ns, Total: 82837 ns
[2020-02-29T06:42:31.329+0000][1][safepoint    ] Safepoint "Cleanup", Time since last: 1011042700 ns, Reaching safepoint: 77252 ns, At safepoint: 7510 ns, Total: 84762 ns
[2020-02-29T06:42:31.828+0000][1][safepoint    ] Safepoint "RevokeBias", Time since last: 498892572 ns, Reaching safepoint: 70923 ns, At safepoint: 17600 ns, Total: 88523 ns
[2020-02-29T06:42:32.835+0000][1][safepoint    ] Safepoint "Cleanup", Time since last: 1006799178 ns, Reaching safepoint: 77426 ns, At safepoint: 8098 ns, Total: 85524 ns
[2020-02-29T06:42:33.837+0000][1][safepoint    ] Safepoint "Cleanup", Time since last: 1001987389 ns, Reaching safepoint: 61269 ns, At safepoint: 7439 ns, Total: 68708 ns
[2020-02-29T06:42:34.344+0000][1][safepoint    ] Safepoint "RevokeBias", Time since last: 506636583 ns, Reaching safepoint: 69432 ns, At safepoint: 17235 ns, Total: 86667 ns
[2020-02-29T06:42:35.344+0000][1][safepoint    ] Safepoint "Cleanup", Time since last: 1000173825 ns, Reaching safepoint: 60355 ns, At safepoint: 7083 ns, Total: 67438 ns
[2020-02-29T06:42:36.351+0000][1][safepoint    ] Safepoint "Cleanup", Time since last: 1006974686 ns, Reaching safepoint: 76495 ns, At safepoint: 7021 ns, Total: 83516 ns
[2020-02-29T06:42:36.867+0000][1][safepoint    ] Safepoint "RevokeBias", Time since last: 515977278 ns, Reaching safepoint: 141685 ns, At safepoint: 36487 ns, Total: 178172 ns
[2020-02-29T06:42:37.876+0000][1][safepoint    ] Safepoint "Cleanup", Time since last: 1008745809 ns, Reaching safepoint: 77076 ns, At safepoint: 8397 ns, Total: 85473 ns
[2020-02-29T06:42:38.887+0000][1][safepoint    ] Safepoint "Cleanup", Time since last: 1010915199 ns, Reaching safepoint: 61177 ns, At safepoint: 7526 ns, Total: 68703 ns
[2020-02-29T06:42:39.395+0000][1][safepoint    ] Safepoint "RevokeBias", Time since last: 507395750 ns, Reaching safepoint: 127582 ns, At safepoint: 19894 ns, Total: 147476 ns
[2020-02-29T06:42:40.403+0000][1][safepoint    ] Safepoint "Cleanup", Time since last: 1008349503 ns, Reaching safepoint: 76561 ns, At safepoint: 7155 ns, Total: 83716 ns
[2020-02-29T06:42:41.410+0000][1][safepoint    ] Safepoint "Cleanup", Time since last: 1006738180 ns, Reaching safepoint: 121489 ns, At safepoint: 30650 ns, Total: 152139 ns
[2020-02-29T06:42:41.904+0000][1][safepoint    ] Safepoint "RevokeBias", Time since last: 493980602 ns, Reaching safepoint: 72795 ns, At safepoint: 17531 ns, Total: 90326 ns
[2020-02-29T06:42:42.905+0000][1][safepoint    ] Safepoint "Cleanup", Time since last: 1000771173 ns, Reaching safepoint: 79352 ns, At safepoint: 7660 ns, Total: 87012 ns
[2020-02-29T06:42:43.906+0000][1][safepoint    ] Safepoint "Cleanup", Time since last: 1000356878 ns, Reaching safepoint: 107664 ns, At safepoint: 8896 ns, Total: 116560 ns
[2020-02-29T06:42:44.419+0000][1][safepoint    ] Safepoint "RevokeBias", Time since last: 513633922 ns, Reaching safepoint: 182432 ns, At safepoint: 33213 ns, Total: 215645 ns
[2020-02-29T06:42:45.433+0000][1][safepoint    ] Safepoint "Cleanup", Time since last: 1013532509 ns, Reaching safepoint: 103646 ns, At safepoint: 11757 ns, Total: 115403 ns
[2020-02-29T06:42:46.434+0000][1][safepoint    ] Safepoint "Cleanup", Time since last: 1001202537 ns, Reaching safepoint: 71884 ns, At safepoint: 6924 ns, Total: 78808 ns
[2020-02-29T06:42:46.930+0000][1][safepoint    ] Safepoint "RevokeBias", Time since last: 495579079 ns, Reaching safepoint: 82941 ns, At safepoint: 21147 ns, Total: 104088 ns
[2020-02-29T06:42:47.931+0000][1][safepoint    ] Safepoint "Cleanup", Time since last: 1000881184 ns, Reaching safepoint: 75249 ns, At safepoint: 7095 ns, Total: 82344 ns
[2020-02-29T06:42:48.938+0000][1][safepoint    ] Safepoint "Cleanup", Time since last: 1007370057 ns, Reaching safepoint: 60878 ns, At safepoint: 6893 ns, Total: 67771 ns
[2020-02-29T06:42:49.447+0000][1][safepoint    ] Safepoint "RevokeBias", Time since last: 508431434 ns, Reaching safepoint: 52438 ns, At safepoint: 16308 ns, Total: 68746 ns
[2020-02-29T06:42:50.453+0000][1][safepoint    ] Safepoint "Cleanup", Time since last: 1006260741 ns, Reaching safepoint: 73184 ns, At safepoint: 7562 ns, Total: 80746 ns
[2020-02-29T06:42:51.454+0000][1][safepoint    ] Safepoint "Cleanup", Time since last: 1000749746 ns, Reaching safepoint: 89291 ns, At safepoint: 7074 ns, Total: 96365 ns
[2020-02-29T06:42:51.966+0000][1][safepoint    ] Safepoint "RevokeBias", Time since last: 512342721 ns, Reaching safepoint: 71454 ns, At safepoint: 19706 ns, Total: 91160 ns
[2020-02-29T06:42:52.967+0000][1][safepoint    ] Safepoint "Cleanup", Time since last: 1000714743 ns, Reaching safepoint: 114225 ns, At safepoint: 7276 ns, Total: 121501 ns
[2020-02-29T06:42:53.969+0000][1][safepoint    ] Safepoint "Cleanup", Time since last: 1001142207 ns, Reaching safepoint: 57991 ns, At safepoint: 5441 ns, Total: 63432 ns
[2020-02-29T06:42:54.481+0000][1][safepoint    ] Safepoint "RevokeBias", Time since last: 511708054 ns, Reaching safepoint: 1053277 ns, At safepoint: 20594 ns, Total: 1073871 ns
[2020-02-29T06:42:55.482+0000][1][safepoint    ] Safepoint "Cleanup", Time since last: 1000306930 ns, Reaching safepoint: 81979 ns, At safepoint: 9593 ns, Total: 91572 ns
[2020-02-29T06:42:56.486+0000][1][safepoint    ] Safepoint "Cleanup", Time since last: 1004411821 ns, Reaching safepoint: 171594 ns, At safepoint: 11086 ns, Total: 182680 ns
[2020-02-29T06:42:56.995+0000][1][safepoint    ] Safepoint "RevokeBias", Time since last: 508814973 ns, Reaching safepoint: 66818 ns, At safepoint: 78122 ns, Total: 144940 ns
[2020-02-29T06:42:58.002+0000][1][safepoint    ] Safepoint "Cleanup", Time since last: 1000930427 ns, Reaching safepoint: 6117806 ns, At safepoint: 12640 ns, Total: 6130446 ns
[2020-02-29T06:42:59.005+0000][1][safepoint    ] Safepoint "Cleanup", Time since last: 1002965447 ns, Reaching safepoint: 104496 ns, At safepoint: 12129 ns, Total: 116625 ns
[2020-02-29T06:42:59.505+0000][1][safepoint    ] Safepoint "RevokeBias", Time since last: 499292780 ns, Reaching safepoint: 69536 ns, At safepoint: 123071 ns, Total: 192607 ns
[2020-02-29T06:43:00.507+0000][1][safepoint    ] Safepoint "Cleanup", Time since last: 1001901394 ns, Reaching safepoint: 61412 ns, At safepoint: 7491 ns, Total: 68903 ns
[2020-02-29T06:43:01.514+0000][1][safepoint    ] Safepoint "Cleanup", Time since last: 1007332102 ns, Reaching safepoint: 95208 ns, At safepoint: 7713 ns, Total: 102921 ns
[2020-02-29T06:43:02.018+0000][1][safepoint    ] Safepoint "RevokeBias", Time since last: 503670431 ns, Reaching safepoint: 68710 ns, At safepoint: 16846 ns, Total: 85556 ns
[2020-02-29T06:43:03.019+0000][1][safepoint    ] Safepoint "Cleanup", Time since last: 1000447011 ns, Reaching safepoint: 241615 ns, At safepoint: 31624 ns, Total: 273239 ns
[2020-02-29T06:43:04.023+0000][1][safepoint    ] Safepoint "Cleanup", Time since last: 1003966654 ns, Reaching safepoint: 63102 ns, At safepoint: 6541 ns, Total: 69643 ns
[2020-02-29T06:43:04.537+0000][1][safepoint    ] Safepoint "RevokeBias", Time since last: 514452988 ns, Reaching safepoint: 85360 ns, At safepoint: 18202 ns, Total: 103562 ns
[2020-02-29T06:43:05.543+0000][1][safepoint    ] Safepoint "Cleanup", Time since last: 1005908386 ns, Reaching safepoint: 82219 ns, At safepoint: 8343 ns, Total: 90562 ns
[2020-02-29T06:43:06.552+0000][1][safepoint    ] Safepoint "Cleanup", Time since last: 1008490898 ns, Reaching safepoint: 77354 ns, At safepoint: 7750 ns, Total: 85104 ns
[2020-02-29T06:43:07.045+0000][1][safepoint    ] Safepoint "RevokeBias", Time since last: 493178023 ns, Reaching safepoint: 70938 ns, At safepoint: 18121 ns, Total: 89059 ns
[2020-02-29T06:43:08.046+0000][1][safepoint    ] Safepoint "Cleanup", Time since last: 1000725345 ns, Reaching safepoint: 93496 ns, At safepoint: 9170 ns, Total: 102666 ns
[2020-02-29T06:43:09.047+0000][1][safepoint    ] Safepoint "Cleanup", Time since last: 1001286034 ns, Reaching safepoint: 127406 ns, At safepoint: 8376 ns, Total: 135782 ns
[2020-02-29T06:43:09.560+0000][1][safepoint    ] Safepoint "RevokeBias", Time since last: 512504657 ns, Reaching safepoint: 202662 ns, At safepoint: 33611 ns, Total: 236273 ns
[2020-02-29T06:43:10.563+0000][1][safepoint    ] Safepoint "Cleanup", Time since last: 1003167340 ns, Reaching safepoint: 88282 ns, At safepoint: 10144 ns, Total: 98426 ns
[2020-02-29T06:43:11.564+0000][1][safepoint    ] Safepoint "Cleanup", Time since last: 1000321700 ns, Reaching safepoint: 78389 ns, At safepoint: 7477 ns, Total: 85866 ns
[2020-02-29T06:43:12.100+0000][1][safepoint    ] Safepoint "RevokeBias", Time since last: 536445980 ns, Reaching safepoint: 121174 ns, At safepoint: 30507 ns, Total: 151681 ns
[2020-02-29T06:43:13.103+0000][1][safepoint    ] Safepoint "Cleanup", Time since last: 1002832757 ns, Reaching safepoint: 75706 ns, At safepoint: 7413 ns, Total: 83119 ns
[2020-02-29T06:43:14.109+0000][1][safepoint    ] Safepoint "Cleanup", Time since last: 1005334170 ns, Reaching safepoint: 79311 ns, At safepoint: 7239 ns, Total: 86550 ns
[2020-02-29T06:43:14.625+0000][1][safepoint    ] Safepoint "RevokeBias", Time since last: 516544685 ns, Reaching safepoint: 70047 ns, At safepoint: 34662 ns, Total: 104709 ns
[2020-02-29T06:43:15.626+0000][1][safepoint    ] Safepoint "Cleanup", Time since last: 1000258675 ns, Reaching safepoint: 75386 ns, At safepoint: 6594 ns, Total: 81980 ns
[2020-02-29T06:43:16.627+0000][1][safepoint    ] Safepoint "Cleanup", Time since last: 1001383648 ns, Reaching safepoint: 73786 ns, At safepoint: 6773 ns, Total: 80559 ns
[2020-02-29T06:43:17.140+0000][1][safepoint    ] Safepoint "RevokeBias", Time since last: 512884010 ns, Reaching safepoint: 69239 ns, At safepoint: 17455 ns, Total: 86694 ns
[2020-02-29T06:43:18.141+0000][1][safepoint    ] Safepoint "Cleanup", Time since last: 1000373660 ns, Reaching safepoint: 90557 ns, At safepoint: 8990 ns, Total: 99547 ns
[2020-02-29T06:43:19.143+0000][1][safepoint    ] Safepoint "Cleanup", Time since last: 1002185142 ns, Reaching safepoint: 61566 ns, At safepoint: 6635 ns, Total: 68201 ns
[2020-02-29T06:43:19.656+0000][1][safepoint    ] Safepoint "RevokeBias", Time since last: 513206929 ns, Reaching safepoint: 95372 ns, At safepoint: 18486 ns, Total: 113858 ns
[2020-02-29T06:43:20.658+0000][1][safepoint    ] Safepoint "Cleanup", Time since last: 1001941256 ns, Reaching safepoint: 59429 ns, At safepoint: 6432 ns, Total: 65861 ns
[2020-02-29T06:43:21.666+0000][1][safepoint    ] Safepoint "Cleanup", Time since last: 1007838721 ns, Reaching safepoint: 71507 ns, At safepoint: 9749 ns, Total: 81256 ns
[2020-02-29T06:43:22.173+0000][1][safepoint    ] Safepoint "RevokeBias", Time since last: 506312122 ns, Reaching safepoint: 84519 ns, At safepoint: 19546 ns, Total: 104065 ns
[2020-02-29T06:43:23.177+0000][1][safepoint    ] Safepoint "Cleanup", Time since last: 1004588668 ns, Reaching safepoint: 61455 ns, At safepoint: 8276 ns, Total: 69731 ns
[2020-02-29T06:43:24.188+0000][1][safepoint    ] Safepoint "Cleanup", Time since last: 1010086309 ns, Reaching safepoint: 139614 ns, At safepoint: 9707 ns, Total: 149321 ns
[2020-02-29T06:43:24.691+0000][1][safepoint    ] Safepoint "BulkRevokeBias", Time since last: 502618072 ns, Reaching safepoint: 196754 ns, At safepoint: 893383 ns, Total: 1090137 ns
[2020-02-29T06:43:25.696+0000][1][safepoint    ] Safepoint "Cleanup", Time since last: 1004579669 ns, Reaching safepoint: 59793 ns, At safepoint: 6102 ns, Total: 65895 ns
[2020-02-29T06:43:26.700+0000][1][safepoint    ] Safepoint "Cleanup", Time since last: 1004123938 ns, Reaching safepoint: 78741 ns, At safepoint: 8624 ns, Total: 87365 ns
[2020-02-29T06:43:27.213+0000][1][safepoint    ] Safepoint "RevokeBias", Time since last: 513133732 ns, Reaching safepoint: 118375 ns, At safepoint: 19523 ns, Total: 137898 ns
[2020-02-29T06:43:28.644+0000][1][safepoint    ] Safepoint "Cleanup", Time since last: 1430624452 ns, Reaching safepoint: 89861 ns, At safepoint: 9518 ns, Total: 99379 ns
[2020-02-29T06:43:29.648+0000][1][safepoint    ] Safepoint "Cleanup", Time since last: 1003989441 ns, Reaching safepoint: 64618 ns, At safepoint: 7721 ns, Total: 72339 ns
[2020-02-29T06:43:29.745+0000][1][safepoint    ] Safepoint "RevokeBias", Time since last: 96430822 ns, Reaching safepoint: 95911 ns, At safepoint: 22580 ns, Total: 118491 ns
[2020-02-29T06:43:30.749+0000][1][safepoint    ] Safepoint "Cleanup", Time since last: 1004697816 ns, Reaching safepoint: 58165 ns, At safepoint: 6346 ns, Total: 64511 ns
[2020-02-29T06:43:31.753+0000][1][safepoint    ] Safepoint "Cleanup", Time since last: 1003849538 ns, Reaching safepoint: 75022 ns, At safepoint: 6097 ns, Total: 81119 ns
[2020-02-29T06:43:32.257+0000][1][safepoint    ] Safepoint "RevokeBias", Time since last: 503632582 ns, Reaching safepoint: 71875 ns, At safepoint: 20975 ns, Total: 92850 ns
[2020-02-29T06:43:33.264+0000][1][safepoint    ] Safepoint "Cleanup", Time since last: 1007055309 ns, Reaching safepoint: 73997 ns, At safepoint: 6879 ns, Total: 80876 ns
[2020-02-29T06:43:34.271+0000][1][safepoint    ] Safepoint "Cleanup", Time since last: 1006832890 ns, Reaching safepoint: 108743 ns, At safepoint: 7912 ns, Total: 116655 ns
[2020-02-29T06:43:34.770+0000][1][safepoint    ] Safepoint "RevokeBias", Time since last: 498937279 ns, Reaching safepoint: 58461 ns, At safepoint: 31718 ns, Total: 90179 ns
[2020-02-29T06:43:35.771+0000][1][safepoint    ] Safepoint "Cleanup", Time since last: 1000560158 ns, Reaching safepoint: 77367 ns, At safepoint: 7054 ns, Total: 84421 ns
[2020-02-29T06:43:36.771+0000][1][safepoint    ] Safepoint "Cleanup", Time since last: 1000276763 ns, Reaching safepoint: 60416 ns, At safepoint: 6871 ns, Total: 67287 ns
[2020-02-29T06:43:37.289+0000][1][safepoint    ] Safepoint "RevokeBias", Time since last: 517762613 ns, Reaching safepoint: 52730 ns, At safepoint: 17092 ns, Total: 69822 ns
[2020-02-29T06:43:38.290+0000][1][safepoint    ] Safepoint "Cleanup", Time since last: 1000686396 ns, Reaching safepoint: 112817 ns, At safepoint: 7070 ns, Total: 119887 ns
[2020-02-29T06:43:39.292+0000][1][safepoint    ] Safepoint "Cleanup", Time since last: 1002413719 ns, Reaching safepoint: 58960 ns, At safepoint: 6814 ns, Total: 65774 ns
[2020-02-29T06:43:39.801+0000][1][safepoint    ] Safepoint "RevokeBias", Time since last: 508456753 ns, Reaching safepoint: 99358 ns, At safepoint: 29004 ns, Total: 128362 ns
[2020-02-29T06:43:40.804+0000][1][safepoint    ] Safepoint "Cleanup", Time since last: 1003084630 ns, Reaching safepoint: 76362 ns, At safepoint: 6927 ns, Total: 83289 ns
[2020-02-29T06:43:41.805+0000][1][safepoint    ] Safepoint "Cleanup", Time since last: 1001050172 ns, Reaching safepoint: 101813 ns, At safepoint: 12739 ns, Total: 114552 ns
[2020-02-29T06:43:42.320+0000][1][safepoint    ] Safepoint "RevokeBias", Time since last: 514261066 ns, Reaching safepoint: 73969 ns, At safepoint: 20220 ns, Total: 94189 ns
[2020-02-29T06:43:43.321+0000][1][safepoint    ] Safepoint "Cleanup", Time since last: 1001376595 ns, Reaching safepoint: 59968 ns, At safepoint: 7027 ns, Total: 66995 ns
[2020-02-29T06:43:44.323+0000][1][safepoint    ] Safepoint "Cleanup", Time since last: 1001340914 ns, Reaching safepoint: 103405 ns, At safepoint: 8028 ns, Total: 111433 ns
[2020-02-29T06:43:44.981+0000][1][safepoint    ] Safepoint "RevokeBias", Time since last: 658779383 ns, Reaching safepoint: 96525 ns, At safepoint: 65812 ns, Total: 162337 ns
[2020-02-29T06:43:45.989+0000][1][safepoint    ] Safepoint "Cleanup", Time since last: 1007392162 ns, Reaching safepoint: 63093 ns, At safepoint: 7784 ns, Total: 70877 ns
[2020-02-29T06:43:46.992+0000][1][safepoint    ] Safepoint "Cleanup", Time since last: 1003358057 ns, Reaching safepoint: 76718 ns, At safepoint: 7506 ns, Total: 84224 ns
[2020-02-29T06:43:47.512+0000][1][safepoint    ] Safepoint "RevokeBias", Time since last: 519632031 ns, Reaching safepoint: 121096 ns, At safepoint: 21050 ns, Total: 142146 ns
[2020-02-29T06:43:48.515+0000][1][safepoint    ] Safepoint "Cleanup", Time since last: 1002834945 ns, Reaching safepoint: 83154 ns, At safepoint: 9623 ns, Total: 92777 ns
[2020-02-29T06:43:49.519+0000][1][safepoint    ] Safepoint "Cleanup", Time since last: 1003279112 ns, Reaching safepoint: 164836 ns, At safepoint: 7635 ns, Total: 172471 ns
[2020-02-29T06:43:50.038+0000][1][safepoint    ] Safepoint "RevokeBias", Time since last: 519202545 ns, Reaching safepoint: 69804 ns, At safepoint: 16811 ns, Total: 86615 ns
[2020-02-29T06:43:51.042+0000][1][safepoint    ] Safepoint "Cleanup", Time since last: 1004424551 ns, Reaching safepoint: 87099 ns, At safepoint: 9635 ns, Total: 96734 ns
[2020-02-29T06:43:52.045+0000][1][safepoint    ] Safepoint "Cleanup", Time since last: 1002709749 ns, Reaching safepoint: 110590 ns, At safepoint: 7659 ns, Total: 118249 ns
[2020-02-29T06:43:52.571+0000][1][safepoint    ] Safepoint "RevokeBias", Time since last: 525318205 ns, Reaching safepoint: 90239 ns, At safepoint: 25769 ns, Total: 116008 ns
[2020-02-29T06:43:53.577+0000][1][safepoint    ] Safepoint "Cleanup", Time since last: 1006353748 ns, Reaching safepoint: 79696 ns, At safepoint: 8358 ns, Total: 88054 ns
[2020-02-29T06:43:54.584+0000][1][safepoint    ] Safepoint "Cleanup", Time since last: 1006777254 ns, Reaching safepoint: 203608 ns, At safepoint: 13535 ns, Total: 217143 ns
[2020-02-29T06:43:55.084+0000][1][safepoint    ] Safepoint "RevokeBias", Time since last: 499512825 ns, Reaching safepoint: 74124 ns, At safepoint: 19105 ns, Total: 93229 ns
[2020-02-29T06:43:56.084+0000][1][safepoint    ] Safepoint "Cleanup", Time since last: 1000276991 ns, Reaching safepoint: 89515 ns, At safepoint: 10471 ns, Total: 99986 ns
[2020-02-29T06:43:57.092+0000][1][safepoint    ] Safepoint "Cleanup", Time since last: 1008082781 ns, Reaching safepoint: 80559 ns, At safepoint: 8054 ns, Total: 88613 ns
[2020-02-29T06:43:57.604+0000][1][safepoint    ] Safepoint "RevokeBias", Time since last: 511884256 ns, Reaching safepoint: 71590 ns, At safepoint: 17944 ns, Total: 89534 ns
[2020-02-29T06:43:58.609+0000][1][safepoint    ] Safepoint "Cleanup", Time since last: 1004910821 ns, Reaching safepoint: 75048 ns, At safepoint: 7277 ns, Total: 82325 ns
[2020-02-29T06:43:59.615+0000][1][safepoint    ] Safepoint "Cleanup", Time since last: 1005674675 ns, Reaching safepoint: 72732 ns, At safepoint: 5198 ns, Total: 77930 ns
[2020-02-29T06:44:00.123+0000][1][safepoint    ] Safepoint "RevokeBias", Time since last: 507796156 ns, Reaching safepoint: 69270 ns, At safepoint: 17603 ns, Total: 86873 ns
[2020-02-29T06:44:01.132+0000][1][safepoint    ] Safepoint "Cleanup", Time since last: 1009256169 ns, Reaching safepoint: 93800 ns, At safepoint: 7996 ns, Total: 101796 ns
[2020-02-29T06:44:02.134+0000][1][safepoint    ] Safepoint "Cleanup", Time since last: 1001581518 ns, Reaching safepoint: 124903 ns, At safepoint: 7391 ns, Total: 132294 ns
[2020-02-29T06:44:02.640+0000][1][safepoint    ] Safepoint "RevokeBias", Time since last: 506198395 ns, Reaching safepoint: 53989 ns, At safepoint: 16076 ns, Total: 70065 ns
[2020-02-29T06:44:03.646+0000][1][safepoint    ] Safepoint "Cleanup", Time since last: 1006121832 ns, Reaching safepoint: 75958 ns, At safepoint: 7556 ns, Total: 83514 ns
[2020-02-29T06:44:04.655+0000][1][safepoint    ] Safepoint "Cleanup", Time since last: 1008539354 ns, Reaching safepoint: 107794 ns, At safepoint: 11851 ns, Total: 119645 ns
[2020-02-29T06:44:05.162+0000][1][safepoint    ] Safepoint "RevokeBias", Time since last: 506757595 ns, Reaching safepoint: 73323 ns, At safepoint: 16147 ns, Total: 89470 ns
[2020-02-29T06:44:06.163+0000][1][safepoint    ] Safepoint "Cleanup", Time since last: 1001083472 ns, Reaching safepoint: 60419 ns, At safepoint: 6865 ns, Total: 67284 ns
[2020-02-29T06:44:07.173+0000][1][safepoint    ] Safepoint "Cleanup", Time since last: 1010026563 ns, Reaching safepoint: 59900 ns, At safepoint: 7423 ns, Total: 67323 ns
[2020-02-29T06:44:07.687+0000][1][safepoint    ] Safepoint "RevokeBias", Time since last: 513410712 ns, Reaching safepoint: 72802 ns, At safepoint: 17827 ns, Total: 90629 ns
[2020-02-29T06:44:08.692+0000][1][safepoint    ] Safepoint "Cleanup", Time since last: 1005382945 ns, Reaching safepoint: 86422 ns, At safepoint: 12060 ns, Total: 98482 ns
[2020-02-29T06:44:09.696+0000][1][safepoint    ] Safepoint "Cleanup", Time since last: 1004285539 ns, Reaching safepoint: 70216 ns, At safepoint: 9541 ns, Total: 79757 ns
[2020-02-29T06:44:10.204+0000][1][safepoint    ] Safepoint "RevokeBias", Time since last: 507886398 ns, Reaching safepoint: 71820 ns, At safepoint: 17193 ns, Total: 89013 ns
[2020-02-29T06:44:11.206+0000][1][safepoint    ] Safepoint "Cleanup", Time since last: 1001459075 ns, Reaching safepoint: 77753 ns, At safepoint: 6840 ns, Total: 84593 ns
[2020-02-29T06:44:12.207+0000][1][safepoint    ] Safepoint "Cleanup", Time since last: 1000782083 ns, Reaching safepoint: 59545 ns, At safepoint: 6790 ns, Total: 66335 ns
[2020-02-29T06:44:12.730+0000][1][safepoint    ] Safepoint "RevokeBias", Time since last: 522854306 ns, Reaching safepoint: 96367 ns, At safepoint: 26241 ns, Total: 122608 ns
[2020-02-29T06:44:13.737+0000][1][safepoint    ] Safepoint "Cleanup", Time since last: 1006792337 ns, Reaching safepoint: 187628 ns, At safepoint: 9385 ns, Total: 197013 ns
[2020-02-29T06:44:14.737+0000][1][safepoint    ] Safepoint "Cleanup", Time since last: 1000161894 ns, Reaching safepoint: 80967 ns, At safepoint: 8597 ns, Total: 89564 ns
[2020-02-29T06:44:15.247+0000][1][safepoint    ] Safepoint "RevokeBias", Time since last: 509562704 ns, Reaching safepoint: 59667 ns, At safepoint: 38084 ns, Total: 97751 ns
[2020-02-29T06:44:16.250+0000][1][safepoint    ] Safepoint "Cleanup", Time since last: 1003646344 ns, Reaching safepoint: 63780 ns, At safepoint: 7496 ns, Total: 71276 ns
[2020-02-29T06:44:17.256+0000][1][safepoint    ] Safepoint "Cleanup", Time since last: 1005705426 ns, Reaching safepoint: 93330 ns, At safepoint: 9146 ns, Total: 102476 ns
[2020-02-29T06:44:17.771+0000][1][safepoint    ] Safepoint "RevokeBias", Time since last: 514548218 ns, Reaching safepoint: 99924 ns, At safepoint: 21237 ns, Total: 121161 ns
[2020-02-29T06:44:18.773+0000][1][safepoint    ] Safepoint "Cleanup", Time since last: 1002275098 ns, Reaching safepoint: 98582 ns, At safepoint: 10220 ns, Total: 108802 ns
[2020-02-29T06:44:19.774+0000][1][safepoint    ] Safepoint "Cleanup", Time since last: 1000949012 ns, Reaching safepoint: 122162 ns, At safepoint: 7674 ns, Total: 129836 ns
[2020-02-29T06:44:20.293+0000][1][safepoint    ] Safepoint "RevokeBias", Time since last: 518236264 ns, Reaching safepoint: 88129 ns, At safepoint: 71995 ns, Total: 160124 ns
[2020-02-29T06:44:21.296+0000][1][safepoint    ] Safepoint "Cleanup", Time since last: 1003417482 ns, Reaching safepoint: 77412 ns, At safepoint: 7564 ns, Total: 84976 ns
[2020-02-29T06:44:22.300+0000][1][safepoint    ] Safepoint "Cleanup", Time since last: 1003539619 ns, Reaching safepoint: 76190 ns, At safepoint: 6651 ns, Total: 82841 ns
[2020-02-29T06:44:22.817+0000][1][safepoint    ] Safepoint "RevokeBias", Time since last: 517027992 ns, Reaching safepoint: 110532 ns, At safepoint: 20504 ns, Total: 131036 ns
[2020-02-29T06:44:23.822+0000][1][safepoint    ] Safepoint "Cleanup", Time since last: 1004894765 ns, Reaching safepoint: 94733 ns, At safepoint: 8062 ns, Total: 102795 ns
[2020-02-29T06:44:24.825+0000][1][safepoint    ] Safepoint "Cleanup", Time since last: 1003414778 ns, Reaching safepoint: 76133 ns, At safepoint: 7169 ns, Total: 83302 ns
[2020-02-29T06:44:25.363+0000][1][safepoint    ] Safepoint "RevokeBias", Time since last: 535556913 ns, Reaching safepoint: 2000012 ns, At safepoint: 72046 ns, Total: 2072058 ns
[2020-02-29T06:44:26.251+0000][1][gc,start     ] GC(81) Pause Young (Allocation Failure)
[2020-02-29T06:44:26.251+0000][1][gc,task      ] GC(81) Using 1 workers of 1 for evacuation
[2020-02-29T06:44:26.261+0000][1][gc,age       ] GC(81) Desired survivor size 4358144 bytes, new threshold 6 (max threshold 6)
[2020-02-29T06:44:26.261+0000][1][gc,age       ] GC(81) Age table with threshold 6 (max threshold 6)
[2020-02-29T06:44:26.261+0000][1][gc,age       ] GC(81) - age   1:      12672 bytes,      12672 total
[2020-02-29T06:44:26.261+0000][1][gc,age       ] GC(81) - age   2:        744 bytes,      13416 total
[2020-02-29T06:44:26.261+0000][1][gc,age       ] GC(81) - age   3:        136 bytes,      13552 total
[2020-02-29T06:44:26.261+0000][1][gc,age       ] GC(81) - age   5:        424 bytes,      13976 total
[2020-02-29T06:44:26.261+0000][1][gc,age       ] GC(81) - age   6:        928 bytes,      14904 total
[2020-02-29T06:44:26.261+0000][1][gc,heap      ] GC(81) ParNew: 68192K->22K(76672K)
[2020-02-29T06:44:26.261+0000][1][gc,heap      ] GC(81) CMS: 62571K->62571K(963392K)
[2020-02-29T06:44:26.261+0000][1][gc,metaspace ] GC(81) Metaspace: 79907K->79907K(1122304K)
[2020-02-29T06:44:26.261+0000][1][gc           ] GC(81) Pause Young (Allocation Failure) 127M->61M(1015M) 10.761ms
[2020-02-29T06:44:26.261+0000][1][gc,cpu       ] GC(81) User=0.01s Sys=0.00s Real=0.01s
[2020-02-29T06:44:26.261+0000][1][safepoint    ] Safepoint "GenCollectForAllocation", Time since last: 887418321 ns, Reaching safepoint: 75273 ns, At safepoint: 10867853 ns, Total: 10943126 ns
[2020-02-29T06:44:27.267+0000][1][safepoint    ] Safepoint "Cleanup", Time since last: 1005621517 ns, Reaching safepoint: 145212 ns, At safepoint: 6846 ns, Total: 152058 ns
[2020-02-29T06:44:27.879+0000][1][safepoint    ] Safepoint "RevokeBias", Time since last: 611537718 ns, Reaching safepoint: 70082 ns, At safepoint: 17066 ns, Total: 87148 ns
[2020-02-29T06:44:28.879+0000][1][safepoint    ] Safepoint "Cleanup", Time since last: 1000241180 ns, Reaching safepoint: 97332 ns, At safepoint: 12304 ns, Total: 109636 ns
[2020-02-29T06:44:29.880+0000][1][safepoint    ] Safepoint "Cleanup", Time since last: 1000592549 ns, Reaching safepoint: 77079 ns, At safepoint: 6017 ns, Total: 83096 ns
[2020-02-29T06:44:30.406+0000][1][safepoint    ] Safepoint "RevokeBias", Time since last: 526356352 ns, Reaching safepoint: 53541 ns, At safepoint: 16554 ns, Total: 70095 ns
[2020-02-29T06:44:31.408+0000][1][safepoint    ] Safepoint "Cleanup", Time since last: 1001843231 ns, Reaching safepoint: 74247 ns, At safepoint: 6967 ns, Total: 81214 ns
[2020-02-29T06:44:32.409+0000][1][safepoint    ] Safepoint "Cleanup", Time since last: 1000718617 ns, Reaching safepoint: 75084 ns, At safepoint: 6382 ns, Total: 81466 ns
[2020-02-29T06:44:32.923+0000][1][safepoint    ] Safepoint "RevokeBias", Time since last: 513902428 ns, Reaching safepoint: 69820 ns, At safepoint: 43520 ns, Total: 113340 ns
[2020-02-29T06:44:33.923+0000][1][safepoint    ] Safepoint "Cleanup", Time since last: 1000300149 ns, Reaching safepoint: 60799 ns, At safepoint: 6642 ns, Total: 67441 ns
[2020-02-29T06:44:34.928+0000][1][safepoint    ] Safepoint "Cleanup", Time since last: 1004849976 ns, Reaching safepoint: 70122 ns, At safepoint: 9370 ns, Total: 79492 ns
[2020-02-29T06:44:35.447+0000][1][safepoint    ] Safepoint "RevokeBias", Time since last: 517985845 ns, Reaching safepoint: 137956 ns, At safepoint: 29213 ns, Total: 167169 ns
[2020-02-29T06:44:36.448+0000][1][safepoint    ] Safepoint "Cleanup", Time since last: 1001018202 ns, Reaching safepoint: 252382 ns, At safepoint: 11237 ns, Total: 263619 ns
[2020-02-29T06:44:37.453+0000][1][safepoint    ] Safepoint "Cleanup", Time since last: 1005457975 ns, Reaching safepoint: 59361 ns, At safepoint: 7109 ns, Total: 66470 ns
[2020-02-29T06:44:37.960+0000][1][safepoint    ] Safepoint "BulkRevokeBias", Time since last: 505895203 ns, Reaching safepoint: 105847 ns, At safepoint: 354849 ns, Total: 460696 ns
[2020-02-29T06:44:38.968+0000][1][safepoint    ] Safepoint "Cleanup", Time since last: 1008626847 ns, Reaching safepoint: 73330 ns, At safepoint: 5747 ns, Total: 79077 ns
[2020-02-29T06:44:39.979+0000][1][safepoint    ] Safepoint "Cleanup", Time since last: 1010750486 ns, Reaching safepoint: 58836 ns, At safepoint: 5828 ns, Total: 64664 ns
[2020-02-29T06:44:40.476+0000][1][safepoint    ] Safepoint "RevokeBias", Time since last: 496782406 ns, Reaching safepoint: 70944 ns, At safepoint: 17858 ns, Total: 88802 ns
[2020-02-29T06:44:41.480+0000][1][safepoint    ] Safepoint "Cleanup", Time since last: 1004003651 ns, Reaching safepoint: 60297 ns, At safepoint: 6962 ns, Total: 67259 ns
[2020-02-29T06:44:42.488+0000][1][safepoint    ] Safepoint "Cleanup", Time since last: 1007999296 ns, Reaching safepoint: 60625 ns, At safepoint: 7583 ns, Total: 68208 ns
[2020-02-29T06:44:42.991+0000][1][safepoint    ] Safepoint "RevokeBias", Time since last: 503115388 ns, Reaching safepoint: 79762 ns, At safepoint: 23667 ns, Total: 103429 ns
[2020-02-29T06:44:44.314+0000][1][safepoint    ] Safepoint "Cleanup", Time since last: 1322627795 ns, Reaching safepoint: 216540 ns, At safepoint: 6729 ns, Total: 223269 ns
[2020-02-29T06:44:45.317+0000][1][safepoint    ] Safepoint "Cleanup", Time since last: 1002147519 ns, Reaching safepoint: 202060 ns, At safepoint: 9949 ns, Total: 212009 ns
[2020-02-29T06:44:45.515+0000][1][safepoint    ] Safepoint "RevokeBias", Time since last: 198438042 ns, Reaching safepoint: 54676 ns, At safepoint: 32436 ns, Total: 87112 ns
[2020-02-29T06:44:46.517+0000][1][safepoint    ] Safepoint "Cleanup", Time since last: 1001278872 ns, Reaching safepoint: 58632 ns, At safepoint: 5639 ns, Total: 64271 ns
[2020-02-29T06:44:47.526+0000][1][safepoint    ] Safepoint "Cleanup", Time since last: 1009761125 ns, Reaching safepoint: 78954 ns, At safepoint: 7735 ns, Total: 86689 ns
[2020-02-29T06:44:48.045+0000][1][safepoint    ] Safepoint "RevokeBias", Time since last: 518199693 ns, Reaching safepoint: 70188 ns, At safepoint: 17891 ns, Total: 88079 ns
[2020-02-29T06:44:49.050+0000][1][safepoint    ] Safepoint "Cleanup", Time since last: 1005744610 ns, Reaching safepoint: 74630 ns, At safepoint: 6033 ns, Total: 80663 ns
[2020-02-29T06:44:50.052+0000][1][safepoint    ] Safepoint "Cleanup", Time since last: 1000975063 ns, Reaching safepoint: 128799 ns, At safepoint: 10557 ns, Total: 139356 ns
[2020-02-29T06:44:50.575+0000][1][safepoint    ] Safepoint "RevokeBias", Time since last: 522813383 ns, Reaching safepoint: 90412 ns, At safepoint: 25850 ns, Total: 116262 ns
[2020-02-29T06:44:51.577+0000][1][safepoint    ] Safepoint "Cleanup", Time since last: 1002341596 ns, Reaching safepoint: 138107 ns, At safepoint: 10026 ns, Total: 148133 ns
[2020-02-29T06:44:52.581+0000][1][safepoint    ] Safepoint "Cleanup", Time since last: 1004073640 ns, Reaching safepoint: 80298 ns, At safepoint: 8316 ns, Total: 88614 ns
[2020-02-29T06:44:53.091+0000][1][safepoint    ] Safepoint "RevokeBias", Time since last: 509855623 ns, Reaching safepoint: 188196 ns, At safepoint: 37444 ns, Total: 225640 ns
[2020-02-29T06:44:54.093+0000][1][safepoint    ] Safepoint "Cleanup", Time since last: 1002137370 ns, Reaching safepoint: 81033 ns, At safepoint: 7671 ns, Total: 88704 ns
[2020-02-29T06:44:55.102+0000][1][safepoint    ] Safepoint "Cleanup", Time since last: 1007896517 ns, Reaching safepoint: 180163 ns, At safepoint: 16623 ns, Total: 196786 ns
[2020-02-29T06:44:55.606+0000][1][safepoint    ] Safepoint "RevokeBias", Time since last: 504510776 ns, Reaching safepoint: 51370 ns, At safepoint: 16027 ns, Total: 67397 ns
[2020-02-29T06:44:56.611+0000][1][safepoint    ] Safepoint "Cleanup", Time since last: 1004915117 ns, Reaching safepoint: 61391 ns, At safepoint: 7383 ns, Total: 68774 ns
[2020-02-29T06:44:57.615+0000][1][safepoint    ] Safepoint "Cleanup", Time since last: 1003305419 ns, Reaching safepoint: 60115 ns, At safepoint: 7358 ns, Total: 67473 ns
[2020-02-29T06:44:58.140+0000][1][safepoint    ] Safepoint "RevokeBias", Time since last: 519144407 ns, Reaching safepoint: 6802316 ns, At safepoint: 26361 ns, Total: 6828677 ns
[2020-02-29T06:44:59.141+0000][1][safepoint    ] Safepoint "Cleanup", Time since last: 1000584461 ns, Reaching safepoint: 107816 ns, At safepoint: 7279 ns, Total: 115095 ns
[2020-02-29T06:45:00.146+0000][1][safepoint    ] Safepoint "Cleanup", Time since last: 1004601827 ns, Reaching safepoint: 177098 ns, At safepoint: 16629 ns, Total: 193727 ns
[2020-02-29T06:45:00.667+0000][1][safepoint    ] Safepoint "RevokeBias", Time since last: 521052516 ns, Reaching safepoint: 98969 ns, At safepoint: 26945 ns, Total: 125914 ns
[2020-02-29T06:45:01.670+0000][1][safepoint    ] Safepoint "Cleanup", Time since last: 1002740702 ns, Reaching safepoint: 60790 ns, At safepoint: 7380 ns, Total: 68170 ns
[2020-02-29T06:45:02.672+0000][1][safepoint    ] Safepoint "Cleanup", Time since last: 1002238840 ns, Reaching safepoint: 96696 ns, At safepoint: 10145 ns, Total: 106841 ns
[2020-02-29T06:45:03.192+0000][1][safepoint    ] Safepoint "RevokeBias", Time since last: 519204018 ns, Reaching safepoint: 95488 ns, At safepoint: 27482 ns, Total: 122970 ns
[2020-02-29T06:45:04.194+0000][1][safepoint    ] Safepoint "Cleanup", Time since last: 1002381614 ns, Reaching safepoint: 95478 ns, At safepoint: 12510 ns, Total: 107988 ns
[2020-02-29T06:45:05.200+0000][1][safepoint    ] Safepoint "Cleanup", Time since last: 1005883524 ns, Reaching safepoint: 103478 ns, At safepoint: 12355 ns, Total: 115833 ns
[2020-02-29T06:45:05.710+0000][1][safepoint    ] Safepoint "RevokeBias", Time since last: 509651293 ns, Reaching safepoint: 80695 ns, At safepoint: 23861 ns, Total: 104556 ns
[2020-02-29T06:45:06.711+0000][1][safepoint    ] Safepoint "Cleanup", Time since last: 1001434889 ns, Reaching safepoint: 82273 ns, At safepoint: 7746 ns, Total: 90019 ns
[2020-02-29T06:45:07.721+0000][1][safepoint    ] Safepoint "Cleanup", Time since last: 1009687806 ns, Reaching safepoint: 113042 ns, At safepoint: 26268 ns, Total: 139310 ns
[2020-02-29T06:45:08.235+0000][1][safepoint    ] Safepoint "RevokeBias", Time since last: 513977763 ns, Reaching safepoint: 125310 ns, At safepoint: 19289 ns, Total: 144599 ns
[2020-02-29T06:45:09.237+0000][1][safepoint    ] Safepoint "Cleanup", Time since last: 1001495963 ns, Reaching safepoint: 76195 ns, At safepoint: 7001 ns, Total: 83196 ns
[2020-02-29T06:45:10.247+0000][1][safepoint    ] Safepoint "Cleanup", Time since last: 1009503285 ns, Reaching safepoint: 87914 ns, At safepoint: 6792 ns, Total: 94706 ns
[2020-02-29T06:45:10.748+0000][1][safepoint    ] Safepoint "RevokeBias", Time since last: 500993486 ns, Reaching safepoint: 70601 ns, At safepoint: 17475 ns, Total: 88076 ns
[2020-02-29T06:45:11.750+0000][1][safepoint    ] Safepoint "Cleanup", Time since last: 1001831601 ns, Reaching safepoint: 76196 ns, At safepoint: 7243 ns, Total: 83439 ns
[2020-02-29T06:45:12.757+0000][1][safepoint    ] Safepoint "Cleanup", Time since last: 1007427573 ns, Reaching safepoint: 112374 ns, At safepoint: 7996 ns, Total: 120370 ns
[2020-02-29T06:45:13.274+0000][1][safepoint    ] Safepoint "RevokeBias", Time since last: 517298722 ns, Reaching safepoint: 75159 ns, At safepoint: 17398 ns, Total: 92557 ns
[2020-02-29T06:45:14.281+0000][1][safepoint    ] Safepoint "Cleanup", Time since last: 1006452648 ns, Reaching safepoint: 98676 ns, At safepoint: 8262 ns, Total: 106938 ns
[2020-02-29T06:45:15.285+0000][1][safepoint    ] Safepoint "Cleanup", Time since last: 1004083153 ns, Reaching safepoint: 112537 ns, At safepoint: 13792 ns, Total: 126329 ns
[2020-02-29T06:45:15.795+0000][1][safepoint    ] Safepoint "RevokeBias", Time since last: 510161164 ns, Reaching safepoint: 72336 ns, At safepoint: 33550 ns, Total: 105886 ns
[2020-02-29T06:45:16.801+0000][1][safepoint    ] Safepoint "Cleanup", Time since last: 1005221227 ns, Reaching safepoint: 61409 ns, At safepoint: 12635 ns, Total: 74044 ns
[2020-02-29T06:45:17.802+0000][1][safepoint    ] Safepoint "Cleanup", Time since last: 1000555278 ns, Reaching safepoint: 211924 ns, At safepoint: 27580 ns, Total: 239504 ns
[2020-02-29T06:45:18.314+0000][1][safepoint    ] Safepoint "RevokeBias", Time since last: 512459497 ns, Reaching safepoint: 71694 ns, At safepoint: 96232 ns, Total: 167926 ns
[2020-02-29T06:45:19.318+0000][1][safepoint    ] Safepoint "Cleanup", Time since last: 1003679561 ns, Reaching safepoint: 73359 ns, At safepoint: 6509 ns, Total: 79868 ns
[2020-02-29T06:45:20.330+0000][1][safepoint    ] Safepoint "Cleanup", Time since last: 1011418972 ns, Reaching safepoint: 97557 ns, At safepoint: 10305 ns, Total: 107862 ns
[2020-02-29T06:45:20.828+0000][1][safepoint    ] Safepoint "RevokeBias", Time since last: 497974592 ns, Reaching safepoint: 71137 ns, At safepoint: 17768 ns, Total: 88905 ns
[2020-02-29T06:45:21.832+0000][1][safepoint    ] Safepoint "Cleanup", Time since last: 1004394794 ns, Reaching safepoint: 92756 ns, At safepoint: 10972 ns, Total: 103728 ns
[2020-02-29T06:45:22.838+0000][1][safepoint    ] Safepoint "Cleanup", Time since last: 1005915220 ns, Reaching safepoint: 146588 ns, At safepoint: 23937 ns, Total: 170525 ns
[2020-02-29T06:45:23.342+0000][1][safepoint    ] Safepoint "RevokeBias", Time since last: 503318638 ns, Reaching safepoint: 54248 ns, At safepoint: 15911 ns, Total: 70159 ns
[2020-02-29T06:45:24.342+0000][1][safepoint    ] Safepoint "Cleanup", Time since last: 1000207687 ns, Reaching safepoint: 91939 ns, At safepoint: 7708 ns, Total: 99647 ns
[2020-02-29T06:45:25.345+0000][1][safepoint    ] Safepoint "Cleanup", Time since last: 1002641659 ns, Reaching safepoint: 56447 ns, At safepoint: 5454 ns, Total: 61901 ns
[2020-02-29T06:45:25.856+0000][1][safepoint    ] Safepoint "RevokeBias", Time since last: 511421021 ns, Reaching safepoint: 127706 ns, At safepoint: 26710 ns, Total: 154416 ns
[2020-02-29T06:45:26.866+0000][1][safepoint    ] Safepoint "Cleanup", Time since last: 1009591599 ns, Reaching safepoint: 80592 ns, At safepoint: 8819 ns, Total: 89411 ns
[2020-02-29T06:45:27.866+0000][1][safepoint    ] Safepoint "Cleanup", Time since last: 1000315782 ns, Reaching safepoint: 114474 ns, At safepoint: 14016 ns, Total: 128490 ns
[2020-02-29T06:45:28.379+0000][1][safepoint    ] Safepoint "RevokeBias", Time since last: 512792464 ns, Reaching safepoint: 77781 ns, At safepoint: 19669 ns, Total: 97450 ns
[2020-02-29T06:45:29.389+0000][1][safepoint    ] Safepoint "Cleanup", Time since last: 1010095438 ns, Reaching safepoint: 92996 ns, At safepoint: 8808 ns, Total: 101804 ns
[2020-02-29T06:45:30.392+0000][1][safepoint    ] Safepoint "Cleanup", Time since last: 1002789441 ns, Reaching safepoint: 74616 ns, At safepoint: 6765 ns, Total: 81381 ns
[2020-02-29T06:45:30.895+0000][1][safepoint    ] Safepoint "RevokeBias", Time since last: 502317201 ns, Reaching safepoint: 74713 ns, At safepoint: 18058 ns, Total: 92771 ns
[2020-02-29T06:45:31.895+0000][1][safepoint    ] Safepoint "Cleanup", Time since last: 1000363313 ns, Reaching safepoint: 81200 ns, At safepoint: 8449 ns, Total: 89649 ns
[2020-02-29T06:45:32.898+0000][1][safepoint    ] Safepoint "Cleanup", Time since last: 1003141218 ns, Reaching safepoint: 78047 ns, At safepoint: 8170 ns, Total: 86217 ns
[2020-02-29T06:45:33.416+0000][1][safepoint    ] Safepoint "RevokeBias", Time since last: 518053341 ns, Reaching safepoint: 72032 ns, At safepoint: 18347 ns, Total: 90379 ns
[2020-02-29T06:45:34.419+0000][1][safepoint    ] Safepoint "Cleanup", Time since last: 1002516073 ns, Reaching safepoint: 66104 ns, At safepoint: 8091 ns, Total: 74195 ns
[2020-02-29T06:45:35.429+0000][1][safepoint    ] Safepoint "Cleanup", Time since last: 1010249890 ns, Reaching safepoint: 60957 ns, At safepoint: 7549 ns, Total: 68506 ns
[2020-02-29T06:45:35.932+0000][1][safepoint    ] Safepoint "RevokeBias", Time since last: 502738374 ns, Reaching safepoint: 51598 ns, At safepoint: 16908 ns, Total: 68506 ns
[2020-02-29T06:45:36.942+0000][1][safepoint    ] Safepoint "Cleanup", Time since last: 1009185319 ns, Reaching safepoint: 126503 ns, At safepoint: 27269 ns, Total: 153772 ns
[2020-02-29T06:45:37.946+0000][1][safepoint    ] Safepoint "Cleanup", Time since last: 1004900532 ns, Reaching safepoint: 76942 ns, At safepoint: 9387 ns, Total: 86329 ns
[2020-02-29T06:45:38.458+0000][1][safepoint    ] Safepoint "RevokeBias", Time since last: 511019491 ns, Reaching safepoint: 52595 ns, At safepoint: 16408 ns, Total: 69003 ns
[2020-02-29T06:45:39.462+0000][1][safepoint    ] Safepoint "Cleanup", Time since last: 1003926807 ns, Reaching safepoint: 61173 ns, At safepoint: 7733 ns, Total: 68906 ns
[2020-02-29T06:45:40.463+0000][1][safepoint    ] Safepoint "Cleanup", Time since last: 1001568250 ns, Reaching safepoint: 59925 ns, At safepoint: 6943 ns, Total: 66868 ns
[2020-02-29T06:45:40.974+0000][1][safepoint    ] Safepoint "RevokeBias", Time since last: 510635607 ns, Reaching safepoint: 55287 ns, At safepoint: 16170 ns, Total: 71457 ns
[2020-02-29T06:45:41.983+0000][1][safepoint    ] Safepoint "Cleanup", Time since last: 1009330881 ns, Reaching safepoint: 61141 ns, At safepoint: 7134 ns, Total: 68275 ns
[2020-02-29T06:45:42.985+0000][1][safepoint    ] Safepoint "Cleanup", Time since last: 1001934760 ns, Reaching safepoint: 61818 ns, At safepoint: 7429 ns, Total: 69247 ns
[2020-02-29T06:45:43.493+0000][1][safepoint    ] Safepoint "RevokeBias", Time since last: 507846092 ns, Reaching safepoint: 49879 ns, At safepoint: 15462 ns, Total: 65341 ns
[2020-02-29T06:45:44.502+0000][1][safepoint    ] Safepoint "Cleanup", Time since last: 1009092595 ns, Reaching safepoint: 89446 ns, At safepoint: 9290 ns, Total: 98736 ns
[2020-02-29T06:45:45.512+0000][1][safepoint    ] Safepoint "Cleanup", Time since last: 1009534379 ns, Reaching safepoint: 93863 ns, At safepoint: 11897 ns, Total: 105760 ns
[2020-02-29T06:45:46.001+0000][1][safepoint    ] Safepoint "RevokeBias", Time since last: 489084727 ns, Reaching safepoint: 70756 ns, At safepoint: 35708 ns, Total: 106464 ns
[2020-02-29T06:45:47.002+0000][1][safepoint    ] Safepoint "Cleanup", Time since last: 1000369079 ns, Reaching safepoint: 113164 ns, At safepoint: 9627 ns, Total: 122791 ns
[2020-02-29T06:45:48.004+0000][1][safepoint    ] Safepoint "Cleanup", Time since last: 1001780064 ns, Reaching safepoint: 84248 ns, At safepoint: 13390 ns, Total: 97638 ns
[2020-02-29T06:45:48.519+0000][1][safepoint    ] Safepoint "RevokeBias", Time since last: 514912099 ns, Reaching safepoint: 76824 ns, At safepoint: 19803 ns, Total: 96627 ns
[2020-02-29T06:45:49.522+0000][1][safepoint    ] Safepoint "Cleanup", Time since last: 1003420678 ns, Reaching safepoint: 62311 ns, At safepoint: 7755 ns, Total: 70066 ns
[2020-02-29T06:45:50.530+0000][1][safepoint    ] Safepoint "Cleanup", Time since last: 1008004406 ns, Reaching safepoint: 59656 ns, At safepoint: 6156 ns, Total: 65812 ns
[2020-02-29T06:45:51.027+0000][1][safepoint    ] Safepoint "BulkRevokeBias", Time since last: 496026964 ns, Reaching safepoint: 90519 ns, At safepoint: 233797 ns, Total: 324316 ns
[2020-02-29T06:45:52.027+0000][1][safepoint    ] Safepoint "Cleanup", Time since last: 1000766379 ns, Reaching safepoint: 84137 ns, At safepoint: 9021 ns, Total: 93158 ns
[2020-02-29T06:45:53.028+0000][1][safepoint    ] Safepoint "Cleanup", Time since last: 1000589535 ns, Reaching safepoint: 78927 ns, At safepoint: 7681 ns, Total: 86608 ns
[2020-02-29T06:45:53.539+0000][1][safepoint    ] Safepoint "RevokeBias", Time since last: 510471740 ns, Reaching safepoint: 100618 ns, At safepoint: 17395 ns, Total: 118013 ns
[2020-02-29T06:45:54.546+0000][1][safepoint    ] Safepoint "Cleanup", Time since last: 1007532992 ns, Reaching safepoint: 130253 ns, At safepoint: 7374 ns, Total: 137627 ns
[2020-02-29T06:45:55.550+0000][1][safepoint    ] Safepoint "Cleanup", Time since last: 1003711159 ns, Reaching safepoint: 87129 ns, At safepoint: 7972 ns, Total: 95101 ns
[2020-02-29T06:45:56.046+0000][1][safepoint    ] Safepoint "RevokeBias", Time since last: 495958263 ns, Reaching safepoint: 70900 ns, At safepoint: 16978 ns, Total: 87878 ns
[2020-02-29T06:45:57.048+0000][1][safepoint    ] Safepoint "Cleanup", Time since last: 1001531968 ns, Reaching safepoint: 126133 ns, At safepoint: 13938 ns, Total: 140071 ns
[2020-02-29T06:45:58.072+0000][1][safepoint    ] Safepoint "Cleanup", Time since last: 1011522389 ns, Reaching safepoint: 13035647 ns, At safepoint: 15155 ns, Total: 13050802 ns
[2020-02-29T06:45:58.563+0000][1][safepoint    ] Safepoint "RevokeBias", Time since last: 490928315 ns, Reaching safepoint: 94921 ns, At safepoint: 23790 ns, Total: 118711 ns
[2020-02-29T06:45:59.564+0000][1][safepoint    ] Safepoint "Cleanup", Time since last: 1000824803 ns, Reaching safepoint: 156251 ns, At safepoint: 16104 ns, Total: 172355 ns
[2020-02-29T06:46:00.579+0000][1][safepoint    ] Safepoint "Cleanup", Time since last: 1014087301 ns, Reaching safepoint: 104012 ns, At safepoint: 14356 ns, Total: 118368 ns
[2020-02-29T06:46:01.072+0000][1][safepoint    ] Safepoint "RevokeBias", Time since last: 493676201 ns, Reaching safepoint: 101112 ns, At safepoint: 25668 ns, Total: 126780 ns
[2020-02-29T06:46:02.073+0000][1][safepoint    ] Safepoint "Cleanup", Time since last: 1000794040 ns, Reaching safepoint: 85574 ns, At safepoint: 8087 ns, Total: 93661 ns
[2020-02-29T06:46:03.074+0000][1][safepoint    ] Safepoint "Cleanup", Time since last: 1000750872 ns, Reaching safepoint: 62468 ns, At safepoint: 6981 ns, Total: 69449 ns
[2020-02-29T06:46:03.593+0000][1][safepoint    ] Safepoint "RevokeBias", Time since last: 518246749 ns, Reaching safepoint: 89491 ns, At safepoint: 31670 ns, Total: 121161 ns
[2020-02-29T06:46:04.601+0000][1][safepoint    ] Safepoint "Cleanup", Time since last: 1008565437 ns, Reaching safepoint: 81682 ns, At safepoint: 9355 ns, Total: 91037 ns
[2020-02-29T06:46:05.606+0000][1][safepoint    ] Safepoint "Cleanup", Time since last: 1005017643 ns, Reaching safepoint: 64127 ns, At safepoint: 23627 ns, Total: 87754 ns
[2020-02-29T06:46:06.108+0000][1][safepoint    ] Safepoint "RevokeBias", Time since last: 501669004 ns, Reaching safepoint: 102934 ns, At safepoint: 26957 ns, Total: 129891 ns
[2020-02-29T06:46:07.114+0000][1][safepoint    ] Safepoint "Cleanup", Time since last: 1005866787 ns, Reaching safepoint: 112878 ns, At safepoint: 10273 ns, Total: 123151 ns
[2020-02-29T06:46:08.120+0000][1][safepoint    ] Safepoint "Cleanup", Time since last: 1006084913 ns, Reaching safepoint: 60753 ns, At safepoint: 6979 ns, Total: 67732 ns
[2020-02-29T06:46:08.628+0000][1][safepoint    ] Safepoint "RevokeBias", Time since last: 507670433 ns, Reaching safepoint: 70957 ns, At safepoint: 16035 ns, Total: 86992 ns
[2020-02-29T06:46:09.639+0000][1][safepoint    ] Safepoint "Cleanup", Time since last: 1010983985 ns, Reaching safepoint: 95068 ns, At safepoint: 9021 ns, Total: 104089 ns
[2020-02-29T06:46:10.647+0000][1][safepoint    ] Safepoint "Cleanup", Time since last: 1007960835 ns, Reaching safepoint: 91068 ns, At safepoint: 7432 ns, Total: 98500 ns
[2020-02-29T06:46:11.157+0000][1][safepoint    ] Safepoint "RevokeBias", Time since last: 510104136 ns, Reaching safepoint: 73817 ns, At safepoint: 18003 ns, Total: 91820 ns
[2020-02-29T06:46:12.164+0000][1][safepoint    ] Safepoint "Cleanup", Time since last: 1006924644 ns, Reaching safepoint: 128279 ns, At safepoint: 8553 ns, Total: 136832 ns
[2020-02-29T06:46:13.167+0000][1][safepoint    ] Safepoint "Cleanup", Time since last: 1002811301 ns, Reaching safepoint: 79601 ns, At safepoint: 7788 ns, Total: 87389 ns
[2020-02-29T06:46:13.683+0000][1][safepoint    ] Safepoint "RevokeBias", Time since last: 515125856 ns, Reaching safepoint: 90053 ns, At safepoint: 20082 ns, Total: 110135 ns
[2020-02-29T06:46:14.684+0000][1][safepoint    ] Safepoint "Cleanup", Time since last: 1001688087 ns, Reaching safepoint: 76000 ns, At safepoint: 7392 ns, Total: 83392 ns
[2020-02-29T06:46:15.687+0000][1][safepoint    ] Safepoint "Cleanup", Time since last: 1002718128 ns, Reaching safepoint: 90827 ns, At safepoint: 7542 ns, Total: 98369 ns
[2020-02-29T06:46:16.198+0000][1][safepoint    ] Safepoint "RevokeBias", Time since last: 510266913 ns, Reaching safepoint: 75184 ns, At safepoint: 18083 ns, Total: 93267 ns
[2020-02-29T06:46:17.198+0000][1][safepoint    ] Safepoint "Cleanup", Time since last: 1000591420 ns, Reaching safepoint: 80296 ns, At safepoint: 8459 ns, Total: 88755 ns
[2020-02-29T06:46:18.199+0000][1][safepoint    ] Safepoint "Cleanup", Time since last: 1000916967 ns, Reaching safepoint: 86068 ns, At safepoint: 10648 ns, Total: 96716 ns
[2020-02-29T06:46:18.727+0000][1][safepoint    ] Safepoint "RevokeBias", Time since last: 527943878 ns, Reaching safepoint: 90477 ns, At safepoint: 82381 ns, Total: 172858 ns
[2020-02-29T06:46:19.733+0000][1][safepoint    ] Safepoint "Cleanup", Time since last: 1005997728 ns, Reaching safepoint: 97287 ns, At safepoint: 11349 ns, Total: 108636 ns
[2020-02-29T06:46:20.736+0000][1][safepoint    ] Safepoint "Cleanup", Time since last: 1002767521 ns, Reaching safepoint: 132381 ns, At safepoint: 48644 ns, Total: 181025 ns
[2020-02-29T06:46:21.237+0000][1][safepoint    ] Safepoint "RevokeBias", Time since last: 500486928 ns, Reaching safepoint: 189717 ns, At safepoint: 21404 ns, Total: 211121 ns
[2020-02-29T06:46:22.238+0000][1][safepoint    ] Safepoint "Cleanup", Time since last: 1001222966 ns, Reaching safepoint: 92504 ns, At safepoint: 7144 ns, Total: 99648 ns
[2020-02-29T06:46:23.248+0000][1][safepoint    ] Safepoint "Cleanup", Time since last: 1009501982 ns, Reaching safepoint: 78497 ns, At safepoint: 7345 ns, Total: 85842 ns
[2020-02-29T06:46:23.755+0000][1][safepoint    ] Safepoint "RevokeBias", Time since last: 506537016 ns, Reaching safepoint: 66654 ns, At safepoint: 19160 ns, Total: 85814 ns
[2020-02-29T06:46:24.755+0000][1][safepoint    ] Safepoint "Cleanup", Time since last: 1000649136 ns, Reaching safepoint: 83013 ns, At safepoint: 7691 ns, Total: 90704 ns
[2020-02-29T06:46:25.757+0000][1][safepoint    ] Safepoint "Cleanup", Time since last: 1001599995 ns, Reaching safepoint: 109425 ns, At safepoint: 8264 ns, Total: 117689 ns
[2020-02-29T06:46:26.265+0000][1][safepoint    ] Safepoint "RevokeBias", Time since last: 507437304 ns, Reaching safepoint: 73100 ns, At safepoint: 17079 ns, Total: 90179 ns
[2020-02-29T06:46:27.273+0000][1][safepoint    ] Safepoint "Cleanup", Time since last: 1008207357 ns, Reaching safepoint: 77877 ns, At safepoint: 7342 ns, Total: 85219 ns
[2020-02-29T06:46:28.580+0000][1][safepoint    ] Safepoint "Cleanup", Time since last: 1307206756 ns, Reaching safepoint: 117890 ns, At safepoint: 11509 ns, Total: 129399 ns
[2020-02-29T06:46:28.780+0000][1][safepoint    ] Safepoint "RevokeBias", Time since last: 199203769 ns, Reaching safepoint: 104465 ns, At safepoint: 17457 ns, Total: 121922 ns
[2020-02-29T06:46:29.782+0000][1][safepoint    ] Safepoint "Cleanup", Time since last: 1002478611 ns, Reaching safepoint: 106310 ns, At safepoint: 9423 ns, Total: 115733 ns
[2020-02-29T06:46:30.790+0000][1][safepoint    ] Safepoint "Cleanup", Time since last: 1008021680 ns, Reaching safepoint: 73115 ns, At safepoint: 6122 ns, Total: 79237 ns
[2020-02-29T06:46:31.304+0000][1][safepoint    ] Safepoint "RevokeBias", Time since last: 513753296 ns, Reaching safepoint: 182430 ns, At safepoint: 29852 ns, Total: 212282 ns
[2020-02-29T06:46:32.305+0000][1][safepoint    ] Safepoint "Cleanup", Time since last: 1000293400 ns, Reaching safepoint: 79587 ns, At safepoint: 7162 ns, Total: 86749 ns
[2020-02-29T06:46:33.307+0000][1][safepoint    ] Safepoint "Cleanup", Time since last: 1002727568 ns, Reaching safepoint: 75643 ns, At safepoint: 6860 ns, Total: 82503 ns
[2020-02-29T06:46:33.825+0000][1][safepoint    ] Safepoint "RevokeBias", Time since last: 517494434 ns, Reaching safepoint: 97852 ns, At safepoint: 19225 ns, Total: 117077 ns
[2020-02-29T06:46:34.833+0000][1][safepoint    ] Safepoint "Cleanup", Time since last: 1008095209 ns, Reaching safepoint: 76846 ns, At safepoint: 7266 ns, Total: 84112 ns
[2020-02-29T06:46:35.834+0000][1][safepoint    ] Safepoint "Cleanup", Time since last: 1000722356 ns, Reaching safepoint: 78443 ns, At safepoint: 8238 ns, Total: 86681 ns
[2020-02-29T06:46:36.342+0000][1][safepoint    ] Safepoint "RevokeBias", Time since last: 507379558 ns, Reaching safepoint: 122589 ns, At safepoint: 20847 ns, Total: 143436 ns
[2020-02-29T06:46:37.346+0000][1][safepoint    ] Safepoint "Cleanup", Time since last: 1004003227 ns, Reaching safepoint: 76674 ns, At safepoint: 6438 ns, Total: 83112 ns
[2020-02-29T06:46:38.349+0000][1][safepoint    ] Safepoint "Cleanup", Time since last: 1003508336 ns, Reaching safepoint: 106079 ns, At safepoint: 7186 ns, Total: 113265 ns
[2020-02-29T06:46:38.865+0000][1][safepoint    ] Safepoint "RevokeBias", Time since last: 515894857 ns, Reaching safepoint: 75514 ns, At safepoint: 19906 ns, Total: 95420 ns
[2020-02-29T06:46:39.867+0000][1][safepoint    ] Safepoint "Cleanup", Time since last: 1001905970 ns, Reaching safepoint: 157068 ns, At safepoint: 26667 ns, Total: 183735 ns
[2020-02-29T06:46:40.870+0000][1][safepoint    ] Safepoint "Cleanup", Time since last: 1002437427 ns, Reaching safepoint: 74207 ns, At safepoint: 5879 ns, Total: 80086 ns
[2020-02-29T06:46:41.387+0000][1][safepoint    ] Safepoint "RevokeBias", Time since last: 517181944 ns, Reaching safepoint: 52990 ns, At safepoint: 16272 ns, Total: 69262 ns
[2020-02-29T06:46:42.397+0000][1][safepoint    ] Safepoint "Cleanup", Time since last: 1009884402 ns, Reaching safepoint: 61110 ns, At safepoint: 7625 ns, Total: 68735 ns
[2020-02-29T06:46:43.400+0000][1][safepoint    ] Safepoint "Cleanup", Time since last: 1003195057 ns, Reaching safepoint: 77479 ns, At safepoint: 7176 ns, Total: 84655 ns
[2020-02-29T06:46:43.907+0000][1][safepoint    ] Safepoint "RevokeBias", Time since last: 506767855 ns, Reaching safepoint: 66486 ns, At safepoint: 18032 ns, Total: 84518 ns
[2020-02-29T06:46:44.907+0000][1][safepoint    ] Safepoint "Cleanup", Time since last: 1000225136 ns, Reaching safepoint: 75475 ns, At safepoint: 7197 ns, Total: 82672 ns
[2020-02-29T06:46:45.914+0000][1][safepoint    ] Safepoint "Cleanup", Time since last: 1006780393 ns, Reaching safepoint: 109413 ns, At safepoint: 7248 ns, Total: 116661 ns
[2020-02-29T06:46:46.422+0000][1][safepoint    ] Safepoint "RevokeBias", Time since last: 507682221 ns, Reaching safepoint: 70652 ns, At safepoint: 45167 ns, Total: 115819 ns
[2020-02-29T06:46:46.429+0000][1][gc,start     ] GC(82) Pause Young (Allocation Failure)
[2020-02-29T06:46:46.429+0000][1][gc,task      ] GC(82) Using 1 workers of 1 for evacuation
[2020-02-29T06:46:46.447+0000][1][gc,age       ] GC(82) Desired survivor size 4358144 bytes, new threshold 6 (max threshold 6)
[2020-02-29T06:46:46.447+0000][1][gc,age       ] GC(82) Age table with threshold 6 (max threshold 6)
[2020-02-29T06:46:46.447+0000][1][gc,age       ] GC(82) - age   1:      11360 bytes,      11360 total
[2020-02-29T06:46:46.447+0000][1][gc,age       ] GC(82) - age   2:        800 bytes,      12160 total
[2020-02-29T06:46:46.447+0000][1][gc,age       ] GC(82) - age   3:        624 bytes,      12784 total
[2020-02-29T06:46:46.447+0000][1][gc,age       ] GC(82) - age   4:        136 bytes,      12920 total
[2020-02-29T06:46:46.447+0000][1][gc,age       ] GC(82) - age   6:        288 bytes,      13208 total
[2020-02-29T06:46:46.447+0000][1][gc,heap      ] GC(82) ParNew: 68182K->13K(76672K)
[2020-02-29T06:46:46.447+0000][1][gc,heap      ] GC(82) CMS: 62571K->62572K(963392K)
[2020-02-29T06:46:46.447+0000][1][gc,metaspace ] GC(82) Metaspace: 79908K->79908K(1122304K)
[2020-02-29T06:46:46.447+0000][1][gc           ] GC(82) Pause Young (Allocation Failure) 127M->61M(1015M) 18.307ms
[2020-02-29T06:46:46.447+0000][1][gc,cpu       ] GC(82) User=0.02s Sys=0.00s Real=0.02s
[2020-02-29T06:46:46.447+0000][1][safepoint    ] Safepoint "GenCollectForAllocation", Time since last: 6581807 ns, Reaching safepoint: 102467 ns, At safepoint: 18361620 ns, Total: 18464087 ns
[2020-02-29T06:46:47.448+0000][1][safepoint    ] Safepoint "Cleanup", Time since last: 1000825659 ns, Reaching safepoint: 78328 ns, At safepoint: 7956 ns, Total: 86284 ns
[2020-02-29T06:46:48.448+0000][1][safepoint    ] Safepoint "Cleanup", Time since last: 1000164825 ns, Reaching safepoint: 81523 ns, At safepoint: 5981 ns, Total: 87504 ns
[2020-02-29T06:46:48.949+0000][1][safepoint    ] Safepoint "RevokeBias", Time since last: 500131055 ns, Reaching safepoint: 154100 ns, At safepoint: 20567 ns, Total: 174667 ns
[2020-02-29T06:46:49.953+0000][1][safepoint    ] Safepoint "Cleanup", Time since last: 1004346259 ns, Reaching safepoint: 90478 ns, At safepoint: 6120 ns, Total: 96598 ns
[2020-02-29T06:46:50.955+0000][1][safepoint    ] Safepoint "Cleanup", Time since last: 1002208445 ns, Reaching safepoint: 61327 ns, At safepoint: 6910 ns, Total: 68237 ns
[2020-02-29T06:46:51.469+0000][1][safepoint    ] Safepoint "RevokeBias", Time since last: 513696548 ns, Reaching safepoint: 164600 ns, At safepoint: 19026 ns, Total: 183626 ns
[2020-02-29T06:46:52.472+0000][1][safepoint    ] Safepoint "Cleanup", Time since last: 1002761583 ns, Reaching safepoint: 171448 ns, At safepoint: 24248 ns, Total: 195696 ns
[2020-02-29T06:46:53.481+0000][1][safepoint    ] Safepoint "Cleanup", Time since last: 1008878914 ns, Reaching safepoint: 77922 ns, At safepoint: 24373 ns, Total: 102295 ns
[2020-02-29T06:46:53.993+0000][1][safepoint    ] Safepoint "RevokeBias", Time since last: 511700049 ns, Reaching safepoint: 193845 ns, At safepoint: 54994 ns, Total: 248839 ns
[2020-02-29T06:46:54.996+0000][1][safepoint    ] Safepoint "Cleanup", Time since last: 1002955195 ns, Reaching safepoint: 155659 ns, At safepoint: 21198 ns, Total: 176857 ns
[2020-02-29T06:46:56.000+0000][1][safepoint    ] Safepoint "Cleanup", Time since last: 1003833713 ns, Reaching safepoint: 76525 ns, At safepoint: 6162 ns, Total: 82687 ns
[2020-02-29T06:46:56.500+0000][1][safepoint    ] Safepoint "RevokeBias", Time since last: 500134716 ns, Reaching safepoint: 73482 ns, At safepoint: 18422 ns, Total: 91904 ns
[2020-02-29T06:46:57.507+0000][1][safepoint    ] Safepoint "Cleanup", Time since last: 1006471642 ns, Reaching safepoint: 111403 ns, At safepoint: 11042 ns, Total: 122445 ns
[2020-02-29T06:46:58.606+0000][1][safepoint    ] Safepoint "Cleanup", Time since last: 1099017302 ns, Reaching safepoint: 99328 ns, At safepoint: 8119 ns, Total: 107447 ns
[2020-02-29T06:46:59.023+0000][1][safepoint    ] Safepoint "RevokeBias", Time since last: 416319574 ns, Reaching safepoint: 85923 ns, At safepoint: 21538 ns, Total: 107461 ns
[2020-02-29T06:47:00.024+0000][1][safepoint    ] Safepoint "Cleanup", Time since last: 1001320368 ns, Reaching safepoint: 102461 ns, At safepoint: 10887 ns, Total: 113348 ns
[2020-02-29T06:47:01.031+0000][1][safepoint    ] Safepoint "Cleanup", Time since last: 1007099449 ns, Reaching safepoint: 114396 ns, At safepoint: 10265 ns, Total: 124661 ns
[2020-02-29T06:47:01.545+0000][1][safepoint    ] Safepoint "RevokeBias", Time since last: 513291161 ns, Reaching safepoint: 72701 ns, At safepoint: 20139 ns, Total: 92840 ns
[2020-02-29T06:47:02.548+0000][1][safepoint    ] Safepoint "Cleanup", Time since last: 1003131723 ns, Reaching safepoint: 297490 ns, At safepoint: 24102 ns, Total: 321592 ns
[2020-02-29T06:47:03.581+0000][1][safepoint    ] Safepoint "Cleanup", Time since last: 1000664127 ns, Reaching safepoint: 32589841 ns, At safepoint: 16294 ns, Total: 32606135 ns
[2020-02-29T06:47:04.065+0000][1][safepoint    ] Safepoint "BulkRevokeBias", Time since last: 482888257 ns, Reaching safepoint: 133861 ns, At safepoint: 432416 ns, Total: 566277 ns
[2020-02-29T06:47:05.067+0000][1][safepoint    ] Safepoint "Cleanup", Time since last: 1001633183 ns, Reaching safepoint: 100172 ns, At safepoint: 10203 ns, Total: 110375 ns
[2020-02-29T06:47:06.068+0000][1][safepoint    ] Safepoint "Cleanup", Time since last: 1001303593 ns, Reaching safepoint: 76077 ns, At safepoint: 5802 ns, Total: 81879 ns
[2020-02-29T06:47:06.583+0000][1][safepoint    ] Safepoint "RevokeBias", Time since last: 515338992 ns, Reaching safepoint: 71212 ns, At safepoint: 16786 ns, Total: 87998 ns
[2020-02-29T06:47:07.584+0000][1][safepoint    ] Safepoint "Cleanup", Time since last: 1000617859 ns, Reaching safepoint: 81033 ns, At safepoint: 9367 ns, Total: 90400 ns
[2020-02-29T06:47:08.586+0000][1][safepoint    ] Safepoint "Cleanup", Time since last: 1002135100 ns, Reaching safepoint: 61909 ns, At safepoint: 8007 ns, Total: 69916 ns
[2020-02-29T06:47:09.106+0000][1][safepoint    ] Safepoint "RevokeBias", Time since last: 519398000 ns, Reaching safepoint: 75361 ns, At safepoint: 18011 ns, Total: 93372 ns
[2020-02-29T06:47:10.107+0000][1][safepoint    ] Safepoint "Cleanup", Time since last: 1001207039 ns, Reaching safepoint: 78485 ns, At safepoint: 7197 ns, Total: 85682 ns
[2020-02-29T06:47:11.108+0000][1][safepoint    ] Safepoint "Cleanup", Time since last: 1000865898 ns, Reaching safepoint: 91290 ns, At safepoint: 7186 ns, Total: 98476 ns
[2020-02-29T06:47:11.633+0000][1][safepoint    ] Safepoint "RevokeBias", Time since last: 524568495 ns, Reaching safepoint: 73550 ns, At safepoint: 16949 ns, Total: 90499 ns
[2020-02-29T06:47:12.634+0000][1][safepoint    ] Safepoint "Cleanup", Time since last: 1001471755 ns, Reaching safepoint: 78950 ns, At safepoint: 7712 ns, Total: 86662 ns
[2020-02-29T06:47:13.638+0000][1][safepoint    ] Safepoint "Cleanup", Time since last: 1003975344 ns, Reaching safepoint: 125525 ns, At safepoint: 28952 ns, Total: 154477 ns
[2020-02-29T06:47:14.158+0000][1][safepoint    ] Safepoint "RevokeBias", Time since last: 519156936 ns, Reaching safepoint: 95660 ns, At safepoint: 23428 ns, Total: 119088 ns
[2020-02-29T06:47:15.161+0000][1][safepoint    ] Safepoint "Cleanup", Time since last: 1003601665 ns, Reaching safepoint: 133800 ns, At safepoint: 18393 ns, Total: 152193 ns
[2020-02-29T06:47:16.167+0000][1][safepoint    ] Safepoint "Cleanup", Time since last: 1005494477 ns, Reaching safepoint: 124254 ns, At safepoint: 12293 ns, Total: 136547 ns
[2020-02-29T06:47:16.684+0000][1][safepoint    ] Safepoint "RevokeBias", Time since last: 517034209 ns, Reaching safepoint: 152398 ns, At safepoint: 26634 ns, Total: 179032 ns
[2020-02-29T06:47:17.692+0000][1][safepoint    ] Safepoint "Cleanup", Time since last: 1007449775 ns, Reaching safepoint: 79838 ns, At safepoint: 7530 ns, Total: 87368 ns
[2020-02-29T06:47:18.693+0000][1][safepoint    ] Safepoint "Cleanup", Time since last: 1001384618 ns, Reaching safepoint: 78434 ns, At safepoint: 7343 ns, Total: 85777 ns
[2020-02-29T06:47:19.213+0000][1][safepoint    ] Safepoint "RevokeBias", Time since last: 519843076 ns, Reaching safepoint: 142103 ns, At safepoint: 19691 ns, Total: 161794 ns
[2020-02-29T06:47:20.223+0000][1][safepoint    ] Safepoint "Cleanup", Time since last: 1009904557 ns, Reaching safepoint: 93499 ns, At safepoint: 8327 ns, Total: 101826 ns
[2020-02-29T06:47:21.229+0000][1][safepoint    ] Safepoint "Cleanup", Time since last: 1005996779 ns, Reaching safepoint: 94611 ns, At safepoint: 9551 ns, Total: 104162 ns
[2020-02-29T06:47:21.725+0000][1][safepoint    ] Safepoint "RevokeBias", Time since last: 495108433 ns, Reaching safepoint: 130657 ns, At safepoint: 28282 ns, Total: 158939 ns
[2020-02-29T06:47:22.725+0000][1][safepoint    ] Safepoint "Cleanup", Time since last: 1000417460 ns, Reaching safepoint: 81358 ns, At safepoint: 9610 ns, Total: 90968 ns
[2020-02-29T06:47:23.726+0000][1][safepoint    ] Safepoint "Cleanup", Time since last: 1000816123 ns, Reaching safepoint: 60514 ns, At safepoint: 7447 ns, Total: 67961 ns
[2020-02-29T06:47:24.243+0000][1][safepoint    ] Safepoint "RevokeBias", Time since last: 516799847 ns, Reaching safepoint: 89688 ns, At safepoint: 24095 ns, Total: 113783 ns
[2020-02-29T06:47:25.248+0000][1][safepoint    ] Safepoint "Cleanup", Time since last: 1004965213 ns, Reaching safepoint: 79473 ns, At safepoint: 8399 ns, Total: 87872 ns
[2020-02-29T06:47:26.249+0000][1][safepoint    ] Safepoint "Cleanup", Time since last: 1000755032 ns, Reaching safepoint: 78645 ns, At safepoint: 7712 ns, Total: 86357 ns
[2020-02-29T06:47:26.766+0000][1][safepoint    ] Safepoint "RevokeBias", Time since last: 517439669 ns, Reaching safepoint: 72497 ns, At safepoint: 18419 ns, Total: 90916 ns
[2020-02-29T06:47:28.599+0000][1][safepoint    ] Safepoint "Cleanup", Time since last: 1832480305 ns, Reaching safepoint: 86045 ns, At safepoint: 7902 ns, Total: 93947 ns
[2020-02-29T06:47:29.282+0000][1][safepoint    ] Safepoint "RevokeBias", Time since last: 682715052 ns, Reaching safepoint: 71197 ns, At safepoint: 17833 ns, Total: 89030 ns
[2020-02-29T06:47:30.282+0000][1][safepoint    ] Safepoint "Cleanup", Time since last: 1000547274 ns, Reaching safepoint: 77253 ns, At safepoint: 7695 ns, Total: 84948 ns
[2020-02-29T06:47:31.286+0000][1][safepoint    ] Safepoint "Cleanup", Time since last: 1003630425 ns, Reaching safepoint: 124097 ns, At safepoint: 6746 ns, Total: 130843 ns
[2020-02-29T06:47:31.798+0000][1][safepoint    ] Safepoint "RevokeBias", Time since last: 511755783 ns, Reaching safepoint: 103300 ns, At safepoint: 27638 ns, Total: 130938 ns
[2020-02-29T06:47:32.800+0000][1][safepoint    ] Safepoint "Cleanup", Time since last: 1002157158 ns, Reaching safepoint: 192484 ns, At safepoint: 18364 ns, Total: 210848 ns
[2020-02-29T06:47:33.810+0000][1][safepoint    ] Safepoint "Cleanup", Time since last: 1009962235 ns, Reaching safepoint: 114263 ns, At safepoint: 11192 ns, Total: 125455 ns
[2020-02-29T06:47:34.325+0000][1][safepoint    ] Safepoint "RevokeBias", Time since last: 514323033 ns, Reaching safepoint: 71930 ns, At safepoint: 18151 ns, Total: 90081 ns
[2020-02-29T06:47:35.333+0000][1][safepoint    ] Safepoint "Cleanup", Time since last: 1008300948 ns, Reaching safepoint: 76792 ns, At safepoint: 7292 ns, Total: 84084 ns
[2020-02-29T06:47:36.334+0000][1][safepoint    ] Safepoint "Cleanup", Time since last: 1000932075 ns, Reaching safepoint: 59456 ns, At safepoint: 6844 ns, Total: 66300 ns
[2020-02-29T06:47:36.845+0000][1][safepoint    ] Safepoint "RevokeBias", Time since last: 511118286 ns, Reaching safepoint: 54670 ns, At safepoint: 17471 ns, Total: 72141 ns
[2020-02-29T06:47:37.847+0000][1][safepoint    ] Safepoint "Cleanup", Time since last: 1001829262 ns, Reaching safepoint: 61367 ns, At safepoint: 7673 ns, Total: 69040 ns
[2020-02-29T06:47:38.848+0000][1][safepoint    ] Safepoint "Cleanup", Time since last: 1000364564 ns, Reaching safepoint: 70116 ns, At safepoint: 8734 ns, Total: 78850 ns
[2020-02-29T06:47:39.360+0000][1][safepoint    ] Safepoint "RevokeBias", Time since last: 511984397 ns, Reaching safepoint: 52307 ns, At safepoint: 16071 ns, Total: 68378 ns
[2020-02-29T06:47:40.363+0000][1][safepoint    ] Safepoint "Cleanup", Time since last: 1003404199 ns, Reaching safepoint: 74134 ns, At safepoint: 7120 ns, Total: 81254 ns
[2020-02-29T06:47:41.364+0000][1][safepoint    ] Safepoint "Cleanup", Time since last: 1000819103 ns, Reaching safepoint: 75227 ns, At safepoint: 7001 ns, Total: 82228 ns
[2020-02-29T06:47:41.890+0000][1][safepoint    ] Safepoint "RevokeBias", Time since last: 526155906 ns, Reaching safepoint: 72763 ns, At safepoint: 18001 ns, Total: 90764 ns
[2020-02-29T06:47:42.894+0000][1][safepoint    ] Safepoint "Cleanup", Time since last: 1003650918 ns, Reaching safepoint: 76817 ns, At safepoint: 7503 ns, Total: 84320 ns
[2020-02-29T06:47:43.905+0000][1][safepoint    ] Safepoint "Cleanup", Time since last: 1010681182 ns, Reaching safepoint: 168909 ns, At safepoint: 8221 ns, Total: 177130 ns
[2020-02-29T06:47:44.399+0000][1][safepoint    ] Safepoint "RevokeBias", Time since last: 493421816 ns, Reaching safepoint: 73369 ns, At safepoint: 36087 ns, Total: 109456 ns
[2020-02-29T06:47:45.399+0000][1][safepoint    ] Safepoint "Cleanup", Time since last: 1000679015 ns, Reaching safepoint: 90635 ns, At safepoint: 12128 ns, Total: 102763 ns
[2020-02-29T06:47:46.407+0000][1][safepoint    ] Safepoint "Cleanup", Time since last: 1007492611 ns, Reaching safepoint: 80788 ns, At safepoint: 8644 ns, Total: 89432 ns
[2020-02-29T06:47:46.913+0000][1][safepoint    ] Safepoint "RevokeBias", Time since last: 505912229 ns, Reaching safepoint: 101730 ns, At safepoint: 29394 ns, Total: 131124 ns
[2020-02-29T06:47:47.914+0000][1][safepoint    ] Safepoint "Cleanup", Time since last: 1000808897 ns, Reaching safepoint: 100984 ns, At safepoint: 12256 ns, Total: 113240 ns
[2020-02-29T06:47:48.919+0000][1][safepoint    ] Safepoint "Cleanup", Time since last: 1005158521 ns, Reaching safepoint: 83945 ns, At safepoint: 8847 ns, Total: 92792 ns
[2020-02-29T06:47:49.439+0000][1][safepoint    ] Safepoint "RevokeBias", Time since last: 519195462 ns, Reaching safepoint: 103375 ns, At safepoint: 29211 ns, Total: 132586 ns
[2020-02-29T06:47:50.439+0000][1][safepoint    ] Safepoint "Cleanup", Time since last: 1000629784 ns, Reaching safepoint: 104169 ns, At safepoint: 12740 ns, Total: 116909 ns
[2020-02-29T06:47:51.448+0000][1][safepoint    ] Safepoint "Cleanup", Time since last: 1008860651 ns, Reaching safepoint: 92106 ns, At safepoint: 8139 ns, Total: 100245 ns
[2020-02-29T06:47:51.965+0000][1][safepoint    ] Safepoint "RevokeBias", Time since last: 516431988 ns, Reaching safepoint: 67975 ns, At safepoint: 19025 ns, Total: 87000 ns
[2020-02-29T06:47:52.969+0000][1][safepoint    ] Safepoint "Cleanup", Time since last: 1004515122 ns, Reaching safepoint: 78625 ns, At safepoint: 7258 ns, Total: 85883 ns
[2020-02-29T06:47:53.971+0000][1][safepoint    ] Safepoint "Cleanup", Time since last: 1001355094 ns, Reaching safepoint: 115729 ns, At safepoint: 7887 ns, Total: 123616 ns
[2020-02-29T06:47:54.483+0000][1][safepoint    ] Safepoint "RevokeBias", Time since last: 511823781 ns, Reaching safepoint: 96947 ns, At safepoint: 27736 ns, Total: 124683 ns
[2020-02-29T06:47:55.488+0000][1][safepoint    ] Safepoint "Cleanup", Time since last: 1005542650 ns, Reaching safepoint: 109191 ns, At safepoint: 10997 ns, Total: 120188 ns
[2020-02-29T06:47:56.497+0000][1][safepoint    ] Safepoint "Cleanup", Time since last: 1008503579 ns, Reaching safepoint: 66466 ns, At safepoint: 8228 ns, Total: 74694 ns
[2020-02-29T06:47:57.006+0000][1][safepoint    ] Safepoint "RevokeBias", Time since last: 508931126 ns, Reaching safepoint: 93630 ns, At safepoint: 25944 ns, Total: 119574 ns
[2020-02-29T06:47:58.604+0000][1][safepoint    ] Safepoint "Cleanup", Time since last: 1598080833 ns, Reaching safepoint: 76571 ns, At safepoint: 8205 ns, Total: 84776 ns
[2020-02-29T06:47:59.532+0000][1][safepoint    ] Safepoint "RevokeBias", Time since last: 927708789 ns, Reaching safepoint: 84965 ns, At safepoint: 21435 ns, Total: 106400 ns
[2020-02-29T06:48:00.542+0000][1][safepoint    ] Safepoint "Cleanup", Time since last: 1009713448 ns, Reaching safepoint: 82449 ns, At safepoint: 8141 ns, Total: 90590 ns
[2020-02-29T06:48:01.552+0000][1][safepoint    ] Safepoint "Cleanup", Time since last: 1009920827 ns, Reaching safepoint: 114106 ns, At safepoint: 8638 ns, Total: 122744 ns
[2020-02-29T06:48:02.050+0000][1][safepoint    ] Safepoint "RevokeBias", Time since last: 498436806 ns, Reaching safepoint: 73210 ns, At safepoint: 18829 ns, Total: 92039 ns
[2020-02-29T06:48:03.060+0000][1][safepoint    ] Safepoint "Cleanup", Time since last: 1009787480 ns, Reaching safepoint: 102927 ns, At safepoint: 9201 ns, Total: 112128 ns
[2020-02-29T06:48:04.063+0000][1][safepoint    ] Safepoint "Cleanup", Time since last: 1002704016 ns, Reaching safepoint: 79191 ns, At safepoint: 8665 ns, Total: 87856 ns
[2020-02-29T06:48:04.570+0000][1][safepoint    ] Safepoint "RevokeBias", Time since last: 506304613 ns, Reaching safepoint: 88836 ns, At safepoint: 21400 ns, Total: 110236 ns
[2020-02-29T06:48:05.570+0000][1][safepoint    ] Safepoint "Cleanup", Time since last: 1000107726 ns, Reaching safepoint: 83947 ns, At safepoint: 9586 ns, Total: 93533 ns
[2020-02-29T06:48:06.571+0000][1][safepoint    ] Safepoint "Cleanup", Time since last: 1001317690 ns, Reaching safepoint: 78453 ns, At safepoint: 7525 ns, Total: 85978 ns
[2020-02-29T06:48:07.095+0000][1][safepoint    ] Safepoint "RevokeBias", Time since last: 523346830 ns, Reaching safepoint: 70286 ns, At safepoint: 18370 ns, Total: 88656 ns
[2020-02-29T06:48:08.100+0000][1][safepoint    ] Safepoint "Cleanup", Time since last: 1005374326 ns, Reaching safepoint: 100374 ns, At safepoint: 10841 ns, Total: 111215 ns
[2020-02-29T06:48:09.102+0000][1][safepoint    ] Safepoint "Cleanup", Time since last: 1002103568 ns, Reaching safepoint: 110971 ns, At safepoint: 10424 ns, Total: 121395 ns
[2020-02-29T06:48:09.619+0000][1][safepoint    ] Safepoint "RevokeBias", Time since last: 516919553 ns, Reaching safepoint: 76570 ns, At safepoint: 19598 ns, Total: 96168 ns
[2020-02-29T06:48:10.622+0000][1][safepoint    ] Safepoint "Cleanup", Time since last: 1002221897 ns, Reaching safepoint: 80366 ns, At safepoint: 6932 ns, Total: 87298 ns
[2020-02-29T06:48:11.623+0000][1][safepoint    ] Safepoint "Cleanup", Time since last: 1001350901 ns, Reaching safepoint: 93592 ns, At safepoint: 11610 ns, Total: 105202 ns
[2020-02-29T06:48:12.138+0000][1][safepoint    ] Safepoint "RevokeBias", Time since last: 514490671 ns, Reaching safepoint: 105544 ns, At safepoint: 29847 ns, Total: 135391 ns
[2020-02-29T06:48:13.145+0000][1][safepoint    ] Safepoint "Cleanup", Time since last: 1007410816 ns, Reaching safepoint: 108576 ns, At safepoint: 10927 ns, Total: 119503 ns
[2020-02-29T06:48:14.151+0000][1][safepoint    ] Safepoint "Cleanup", Time since last: 1005485498 ns, Reaching safepoint: 141432 ns, At safepoint: 12927 ns, Total: 154359 ns
[2020-02-29T06:48:14.661+0000][1][safepoint    ] Safepoint "RevokeBias", Time since last: 509996040 ns, Reaching safepoint: 57605 ns, At safepoint: 99428 ns, Total: 157033 ns
[2020-02-29T06:48:15.670+0000][1][safepoint    ] Safepoint "Cleanup", Time since last: 1008790635 ns, Reaching safepoint: 103454 ns, At safepoint: 11369 ns, Total: 114823 ns
[2020-02-29T06:48:16.670+0000][1][safepoint    ] Safepoint "Cleanup", Time since last: 1000291557 ns, Reaching safepoint: 61997 ns, At safepoint: 7175 ns, Total: 69172 ns
[2020-02-29T06:48:17.182+0000][1][safepoint    ] Safepoint "BulkRevokeBias", Time since last: 511571502 ns, Reaching safepoint: 71621 ns, At safepoint: 244794 ns, Total: 316415 ns
[2020-02-29T06:48:18.188+0000][1][safepoint    ] Safepoint "Cleanup", Time since last: 1005677411 ns, Reaching safepoint: 95101 ns, At safepoint: 7744 ns, Total: 102845 ns
[2020-02-29T06:48:19.191+0000][1][safepoint    ] Safepoint "Cleanup", Time since last: 1002400629 ns, Reaching safepoint: 184520 ns, At safepoint: 26713 ns, Total: 211233 ns
[2020-02-29T06:48:19.700+0000][1][safepoint    ] Safepoint "RevokeBias", Time since last: 509697727 ns, Reaching safepoint: 71624 ns, At safepoint: 17288 ns, Total: 88912 ns
[2020-02-29T06:48:20.703+0000][1][safepoint    ] Safepoint "Cleanup", Time since last: 1002944179 ns, Reaching safepoint: 74784 ns, At safepoint: 6188 ns, Total: 80972 ns
[2020-02-29T06:48:21.705+0000][1][safepoint    ] Safepoint "Cleanup", Time since last: 1001963868 ns, Reaching safepoint: 77998 ns, At safepoint: 7454 ns, Total: 85452 ns
[2020-02-29T06:48:22.226+0000][1][safepoint    ] Safepoint "RevokeBias", Time since last: 515987418 ns, Reaching safepoint: 4845639 ns, At safepoint: 24339 ns, Total: 4869978 ns
[2020-02-29T06:48:23.229+0000][1][safepoint    ] Safepoint "Cleanup", Time since last: 1002670647 ns, Reaching safepoint: 63737 ns, At safepoint: 7715 ns, Total: 71452 ns
[2020-02-29T06:48:24.230+0000][1][safepoint    ] Safepoint "Cleanup", Time since last: 1000813299 ns, Reaching safepoint: 80636 ns, At safepoint: 8941 ns, Total: 89577 ns
[2020-02-29T06:48:24.735+0000][1][safepoint    ] Safepoint "RevokeBias", Time since last: 505263829 ns, Reaching safepoint: 88160 ns, At safepoint: 20722 ns, Total: 108882 ns
[2020-02-29T06:48:25.736+0000][1][safepoint    ] Safepoint "Cleanup", Time since last: 1000500744 ns, Reaching safepoint: 75078 ns, At safepoint: 6267 ns, Total: 81345 ns
[2020-02-29T06:48:26.736+0000][1][safepoint    ] Safepoint "Cleanup", Time since last: 1000203571 ns, Reaching safepoint: 76263 ns, At safepoint: 6220 ns, Total: 82483 ns
[2020-02-29T06:48:27.380+0000][1][safepoint    ] Safepoint "RevokeBias", Time since last: 643288843 ns, Reaching safepoint: 114790 ns, At safepoint: 30416 ns, Total: 145206 ns
[2020-02-29T06:48:28.385+0000][1][safepoint    ] Safepoint "Cleanup", Time since last: 1005513296 ns, Reaching safepoint: 96968 ns, At safepoint: 9302 ns, Total: 106270 ns
[2020-02-29T06:48:29.391+0000][1][safepoint    ] Safepoint "Cleanup", Time since last: 1005738257 ns, Reaching safepoint: 100047 ns, At safepoint: 7464 ns, Total: 107511 ns
[2020-02-29T06:48:29.910+0000][1][safepoint    ] Safepoint "RevokeBias", Time since last: 519328513 ns, Reaching safepoint: 59713 ns, At safepoint: 17023 ns, Total: 76736 ns
[2020-02-29T06:48:30.920+0000][1][safepoint    ] Safepoint "Cleanup", Time since last: 1009534130 ns, Reaching safepoint: 99508 ns, At safepoint: 8102 ns, Total: 107610 ns
[2020-02-29T06:48:31.931+0000][1][safepoint    ] Safepoint "Cleanup", Time since last: 1010160904 ns, Reaching safepoint: 268256 ns, At safepoint: 22951 ns, Total: 291207 ns
[2020-02-29T06:48:32.432+0000][1][safepoint    ] Safepoint "RevokeBias", Time since last: 501072680 ns, Reaching safepoint: 69870 ns, At safepoint: 18088 ns, Total: 87958 ns
[2020-02-29T06:48:33.436+0000][1][safepoint    ] Safepoint "Cleanup", Time since last: 1004405581 ns, Reaching safepoint: 91890 ns, At safepoint: 7996 ns, Total: 99886 ns
[2020-02-29T06:48:34.440+0000][1][safepoint    ] Safepoint "Cleanup", Time since last: 1003928288 ns, Reaching safepoint: 117652 ns, At safepoint: 13137 ns, Total: 130789 ns
[2020-02-29T06:48:34.948+0000][1][safepoint    ] Safepoint "RevokeBias", Time since last: 507192462 ns, Reaching safepoint: 91400 ns, At safepoint: 20726 ns, Total: 112126 ns
[2020-02-29T06:48:35.956+0000][1][safepoint    ] Safepoint "Cleanup", Time since last: 1008515749 ns, Reaching safepoint: 160655 ns, At safepoint: 27636 ns, Total: 188291 ns
[2020-02-29T06:48:36.957+0000][1][safepoint    ] Safepoint "Cleanup", Time since last: 1000508113 ns, Reaching safepoint: 59743 ns, At safepoint: 7460 ns, Total: 67203 ns
[2020-02-29T06:48:37.462+0000][1][safepoint    ] Safepoint "RevokeBias", Time since last: 505361681 ns, Reaching safepoint: 71843 ns, At safepoint: 17428 ns, Total: 89271 ns
[2020-02-29T06:48:38.467+0000][1][safepoint    ] Safepoint "Cleanup", Time since last: 1004351530 ns, Reaching safepoint: 95268 ns, At safepoint: 8433 ns, Total: 103701 ns
[2020-02-29T06:48:39.473+0000][1][safepoint    ] Safepoint "Cleanup", Time since last: 1006362514 ns, Reaching safepoint: 118808 ns, At safepoint: 25626 ns, Total: 144434 ns
[2020-02-29T06:48:39.982+0000][1][safepoint    ] Safepoint "RevokeBias", Time since last: 508716310 ns, Reaching safepoint: 57786 ns, At safepoint: 16208 ns, Total: 73994 ns
[2020-02-29T06:48:40.985+0000][1][safepoint    ] Safepoint "Cleanup", Time since last: 1002928328 ns, Reaching safepoint: 62276 ns, At safepoint: 7560 ns, Total: 69836 ns
[2020-02-29T06:48:41.990+0000][1][safepoint    ] Safepoint "Cleanup", Time since last: 1005191315 ns, Reaching safepoint: 104044 ns, At safepoint: 11674 ns, Total: 115718 ns
[2020-02-29T06:48:42.500+0000][1][safepoint    ] Safepoint "RevokeBias", Time since last: 509051258 ns, Reaching safepoint: 73602 ns, At safepoint: 17949 ns, Total: 91551 ns
[2020-02-29T06:48:43.510+0000][1][safepoint    ] Safepoint "Cleanup", Time since last: 1010760313 ns, Reaching safepoint: 78877 ns, At safepoint: 7621 ns, Total: 86498 ns
[2020-02-29T06:48:44.633+0000][1][safepoint    ] Safepoint "Cleanup", Time since last: 1122656402 ns, Reaching safepoint: 126340 ns, At safepoint: 11314 ns, Total: 137654 ns
[2020-02-29T06:48:45.016+0000][1][safepoint    ] Safepoint "RevokeBias", Time since last: 383036710 ns, Reaching safepoint: 74537 ns, At safepoint: 35534 ns, Total: 110071 ns
[2020-02-29T06:48:46.027+0000][1][safepoint    ] Safepoint "Cleanup", Time since last: 1010964414 ns, Reaching safepoint: 79770 ns, At safepoint: 8125 ns, Total: 87895 ns
[2020-02-29T06:48:47.029+0000][1][safepoint    ] Safepoint "Cleanup", Time since last: 1001159446 ns, Reaching safepoint: 83860 ns, At safepoint: 7850 ns, Total: 91710 ns
[2020-02-29T06:48:47.527+0000][1][safepoint    ] Safepoint "RevokeBias", Time since last: 498331156 ns, Reaching safepoint: 74717 ns, At safepoint: 17447 ns, Total: 92164 ns
[2020-02-29T06:48:48.534+0000][1][safepoint    ] Safepoint "Cleanup", Time since last: 1007064721 ns, Reaching safepoint: 166848 ns, At safepoint: 60232 ns, Total: 227080 ns
[2020-02-29T06:48:49.535+0000][1][safepoint    ] Safepoint "Cleanup", Time since last: 1000929890 ns, Reaching safepoint: 100557 ns, At safepoint: 7325 ns, Total: 107882 ns
[2020-02-29T06:48:50.037+0000][1][safepoint    ] Safepoint "RevokeBias", Time since last: 501387203 ns, Reaching safepoint: 105330 ns, At safepoint: 33722 ns, Total: 139052 ns
[2020-02-29T06:48:51.040+0000][1][safepoint    ] Safepoint "Cleanup", Time since last: 1002981427 ns, Reaching safepoint: 107487 ns, At safepoint: 7514 ns, Total: 115001 ns
[2020-02-29T06:48:52.048+0000][1][safepoint    ] Safepoint "Cleanup", Time since last: 1008310079 ns, Reaching safepoint: 79705 ns, At safepoint: 8219 ns, Total: 87924 ns
[2020-02-29T06:48:52.560+0000][1][safepoint    ] Safepoint "RevokeBias", Time since last: 511032783 ns, Reaching safepoint: 72478 ns, At safepoint: 17587 ns, Total: 90065 ns
[2020-02-29T06:48:53.673+0000][1][safepoint    ] Safepoint "Cleanup", Time since last: 1113647702 ns, Reaching safepoint: 118089 ns, At safepoint: 6820 ns, Total: 124909 ns
[2020-02-29T06:48:54.679+0000][1][safepoint    ] Safepoint "Cleanup", Time since last: 1005829830 ns, Reaching safepoint: 78879 ns, At safepoint: 7548 ns, Total: 86427 ns
[2020-02-29T06:48:55.079+0000][1][safepoint    ] Safepoint "RevokeBias", Time since last: 399262050 ns, Reaching safepoint: 54429 ns, At safepoint: 16600 ns, Total: 71029 ns
[2020-02-29T06:48:56.080+0000][1][safepoint    ] Safepoint "Cleanup", Time since last: 1001384372 ns, Reaching safepoint: 93574 ns, At safepoint: 7486 ns, Total: 101060 ns
[2020-02-29T06:48:57.088+0000][1][safepoint    ] Safepoint "Cleanup", Time since last: 1007693781 ns, Reaching safepoint: 95925 ns, At safepoint: 7891 ns, Total: 103816 ns
[2020-02-29T06:48:57.600+0000][1][safepoint    ] Safepoint "RevokeBias", Time since last: 512094040 ns, Reaching safepoint: 133932 ns, At safepoint: 19281 ns, Total: 153213 ns
[2020-02-29T06:48:58.600+0000][1][safepoint    ] Safepoint "Cleanup", Time since last: 1000265688 ns, Reaching safepoint: 87715 ns, At safepoint: 9652 ns, Total: 97367 ns
[2020-02-29T06:48:59.601+0000][1][safepoint    ] Safepoint "Cleanup", Time since last: 1000209727 ns, Reaching safepoint: 80756 ns, At safepoint: 7903 ns, Total: 88659 ns
[2020-02-29T06:49:00.116+0000][1][safepoint    ] Safepoint "RevokeBias", Time since last: 515469404 ns, Reaching safepoint: 72611 ns, At safepoint: 17722 ns, Total: 90333 ns
[2020-02-29T06:49:01.118+0000][1][safepoint    ] Safepoint "Cleanup", Time since last: 1001835698 ns, Reaching safepoint: 110601 ns, At safepoint: 14625 ns, Total: 125226 ns
[2020-02-29T06:49:02.126+0000][1][safepoint    ] Safepoint "Cleanup", Time since last: 1007972770 ns, Reaching safepoint: 76183 ns, At safepoint: 6572 ns, Total: 82755 ns
[2020-02-29T06:49:02.260+0000][1][gc,start     ] GC(83) Pause Young (Allocation Failure)
[2020-02-29T06:49:02.260+0000][1][gc,task      ] GC(83) Using 1 workers of 1 for evacuation
[2020-02-29T06:49:02.271+0000][1][gc,age       ] GC(83) Desired survivor size 4358144 bytes, new threshold 6 (max threshold 6)
[2020-02-29T06:49:02.271+0000][1][gc,age       ] GC(83) Age table with threshold 6 (max threshold 6)
[2020-02-29T06:49:02.271+0000][1][gc,age       ] GC(83) - age   1:      11112 bytes,      11112 total
[2020-02-29T06:49:02.271+0000][1][gc,age       ] GC(83) - age   2:        384 bytes,      11496 total
[2020-02-29T06:49:02.271+0000][1][gc,age       ] GC(83) - age   3:        800 bytes,      12296 total
[2020-02-29T06:49:02.271+0000][1][gc,age       ] GC(83) - age   4:        624 bytes,      12920 total
[2020-02-29T06:49:02.271+0000][1][gc,age       ] GC(83) - age   5:        136 bytes,      13056 total
[2020-02-29T06:49:02.271+0000][1][gc,heap      ] GC(83) ParNew: 68173K->13K(76672K)
[2020-02-29T06:49:02.271+0000][1][gc,heap      ] GC(83) CMS: 62572K->62572K(963392K)
[2020-02-29T06:49:02.271+0000][1][gc,metaspace ] GC(83) Metaspace: 79931K->79931K(1122304K)
[2020-02-29T06:49:02.271+0000][1][gc           ] GC(83) Pause Young (Allocation Failure) 127M->61M(1015M) 11.393ms
[2020-02-29T06:49:02.271+0000][1][gc,cpu       ] GC(83) User=0.01s Sys=0.00s Real=0.01s
[2020-02-29T06:49:02.271+0000][1][safepoint    ] Safepoint "GenCollectForAllocation", Time since last: 133275854 ns, Reaching safepoint: 108465 ns, At safepoint: 11448692 ns, Total: 11557157 ns
[2020-02-29T06:49:02.645+0000][1][safepoint    ] Safepoint "RevokeBias", Time since last: 373383419 ns, Reaching safepoint: 73939 ns, At safepoint: 17404 ns, Total: 91343 ns
[2020-02-29T06:49:03.672+0000][1][safepoint    ] Safepoint "Cleanup", Time since last: 1027543921 ns, Reaching safepoint: 99004 ns, At safepoint: 9579 ns, Total: 108583 ns
[2020-02-29T06:49:04.673+0000][1][safepoint    ] Safepoint "Cleanup", Time since last: 1000415162 ns, Reaching safepoint: 103861 ns, At safepoint: 10979 ns, Total: 114840 ns
[2020-02-29T06:49:05.164+0000][1][safepoint    ] Safepoint "RevokeBias", Time since last: 491541781 ns, Reaching safepoint: 74343 ns, At safepoint: 17957 ns, Total: 92300 ns
[2020-02-29T06:49:06.165+0000][1][safepoint    ] Safepoint "Cleanup", Time since last: 1000780801 ns, Reaching safepoint: 97003 ns, At safepoint: 8952 ns, Total: 105955 ns
[2020-02-29T06:49:07.166+0000][1][safepoint    ] Safepoint "Cleanup", Time since last: 1000406728 ns, Reaching safepoint: 86504 ns, At safepoint: 6660 ns, Total: 93164 ns
[2020-02-29T06:49:07.683+0000][1][safepoint    ] Safepoint "RevokeBias", Time since last: 516849533 ns, Reaching safepoint: 88671 ns, At safepoint: 20937 ns, Total: 109608 ns
[2020-02-29T06:49:08.686+0000][1][safepoint    ] Safepoint "Cleanup", Time since last: 1003276334 ns, Reaching safepoint: 93790 ns, At safepoint: 7019 ns, Total: 100809 ns
[2020-02-29T06:49:09.687+0000][1][safepoint    ] Safepoint "Cleanup", Time since last: 1000559605 ns, Reaching safepoint: 96887 ns, At safepoint: 5748 ns, Total: 102635 ns
[2020-02-29T06:49:10.211+0000][1][safepoint    ] Safepoint "RevokeBias", Time since last: 524525059 ns, Reaching safepoint: 77754 ns, At safepoint: 18438 ns, Total: 96192 ns
[2020-02-29T06:49:11.215+0000][1][safepoint    ] Safepoint "Cleanup", Time since last: 1003561140 ns, Reaching safepoint: 61239 ns, At safepoint: 5696 ns, Total: 66935 ns
[2020-02-29T06:49:12.219+0000][1][safepoint    ] Safepoint "Cleanup", Time since last: 1003759504 ns, Reaching safepoint: 59835 ns, At safepoint: 6313 ns, Total: 66148 ns
[2020-02-29T06:49:12.721+0000][1][safepoint    ] Safepoint "RevokeBias", Time since last: 501915904 ns, Reaching safepoint: 131250 ns, At safepoint: 35321 ns, Total: 166571 ns
[2020-02-29T06:49:13.721+0000][1][safepoint    ] Safepoint "Cleanup", Time since last: 1000224285 ns, Reaching safepoint: 106783 ns, At safepoint: 11069 ns, Total: 117852 ns
[2020-02-29T06:49:14.725+0000][1][safepoint    ] Safepoint "Cleanup", Time since last: 1003540807 ns, Reaching safepoint: 99931 ns, At safepoint: 7566 ns, Total: 107497 ns
[2020-02-29T06:49:15.231+0000][1][safepoint    ] Safepoint "RevokeBias", Time since last: 505447037 ns, Reaching safepoint: 153643 ns, At safepoint: 37686 ns, Total: 191329 ns
[2020-02-29T06:49:16.235+0000][1][safepoint    ] Safepoint "Cleanup", Time since last: 1004584233 ns, Reaching safepoint: 88853 ns, At safepoint: 6282 ns, Total: 95135 ns
[2020-02-29T06:49:17.242+0000][1][safepoint    ] Safepoint "Cleanup", Time since last: 1007092123 ns, Reaching safepoint: 76043 ns, At safepoint: 8342 ns, Total: 84385 ns
[2020-02-29T06:49:17.747+0000][1][safepoint    ] Safepoint "RevokeBias", Time since last: 504935089 ns, Reaching safepoint: 72912 ns, At safepoint: 17372 ns, Total: 90284 ns
[2020-02-29T06:49:18.756+0000][1][safepoint    ] Safepoint "Cleanup", Time since last: 1008435558 ns, Reaching safepoint: 61933 ns, At safepoint: 7679 ns, Total: 69612 ns
[2020-02-29T06:49:19.764+0000][1][safepoint    ] Safepoint "Cleanup", Time since last: 1008245023 ns, Reaching safepoint: 78164 ns, At safepoint: 7913 ns, Total: 86077 ns
[2020-02-29T06:49:20.264+0000][1][safepoint    ] Safepoint "RevokeBias", Time since last: 499721288 ns, Reaching safepoint: 72343 ns, At safepoint: 18363 ns, Total: 90706 ns
[2020-02-29T06:49:21.266+0000][1][safepoint    ] Safepoint "Cleanup", Time since last: 1001977634 ns, Reaching safepoint: 90239 ns, At safepoint: 10969 ns, Total: 101208 ns
[2020-02-29T06:49:22.271+0000][1][safepoint    ] Safepoint "Cleanup", Time since last: 1004716783 ns, Reaching safepoint: 62859 ns, At safepoint: 7716 ns, Total: 70575 ns
[2020-02-29T06:49:22.788+0000][1][safepoint    ] Safepoint "RevokeBias", Time since last: 516191263 ns, Reaching safepoint: 236845 ns, At safepoint: 58252 ns, Total: 295097 ns
[2020-02-29T06:49:23.794+0000][1][safepoint    ] Safepoint "Cleanup", Time since last: 1005951931 ns, Reaching safepoint: 77667 ns, At safepoint: 7347 ns, Total: 85014 ns
[2020-02-29T06:49:24.794+0000][1][safepoint    ] Safepoint "Cleanup", Time since last: 1000505573 ns, Reaching safepoint: 80622 ns, At safepoint: 7467 ns, Total: 88089 ns
[2020-02-29T06:49:25.302+0000][1][safepoint    ] Safepoint "RevokeBias", Time since last: 507934661 ns, Reaching safepoint: 53850 ns, At safepoint: 16057 ns, Total: 69907 ns
[2020-02-29T06:49:26.303+0000][1][safepoint    ] Safepoint "Cleanup", Time since last: 1001065768 ns, Reaching safepoint: 79433 ns, At safepoint: 7496 ns, Total: 86929 ns
[2020-02-29T06:49:27.304+0000][1][safepoint    ] Safepoint "Cleanup", Time since last: 1001038032 ns, Reaching safepoint: 91353 ns, At safepoint: 7161 ns, Total: 98514 ns
[2020-02-29T06:49:27.825+0000][1][safepoint    ] Safepoint "RevokeBias", Time since last: 520795132 ns, Reaching safepoint: 72228 ns, At safepoint: 17221 ns, Total: 89449 ns
[2020-02-29T06:49:28.826+0000][1][safepoint    ] Safepoint "Cleanup", Time since last: 1000787178 ns, Reaching safepoint: 80184 ns, At safepoint: 7601 ns, Total: 87785 ns
[2020-02-29T06:49:29.828+0000][1][safepoint    ] Safepoint "Cleanup", Time since last: 1001774515 ns, Reaching safepoint: 76054 ns, At safepoint: 7527 ns, Total: 83581 ns
[2020-02-29T06:49:30.350+0000][1][safepoint    ] Safepoint "BulkRevokeBias", Time since last: 521302981 ns, Reaching safepoint: 158362 ns, At safepoint: 355399 ns, Total: 513761 ns
[2020-02-29T06:49:31.352+0000][1][safepoint    ] Safepoint "Cleanup", Time since last: 1001606200 ns, Reaching safepoint: 76551 ns, At safepoint: 7035 ns, Total: 83586 ns
[2020-02-29T06:49:32.355+0000][1][safepoint    ] Safepoint "Cleanup", Time since last: 1003301228 ns, Reaching safepoint: 93306 ns, At safepoint: 8090 ns, Total: 101396 ns
[2020-02-29T06:49:32.867+0000][1][safepoint    ] Safepoint "RevokeBias", Time since last: 511502081 ns, Reaching safepoint: 138720 ns, At safepoint: 18853 ns, Total: 157573 ns
[2020-02-29T06:49:33.871+0000][1][safepoint    ] Safepoint "Cleanup", Time since last: 1004531584 ns, Reaching safepoint: 60728 ns, At safepoint: 7152 ns, Total: 67880 ns
[2020-02-29T06:49:34.872+0000][1][safepoint    ] Safepoint "Cleanup", Time since last: 1000959864 ns, Reaching safepoint: 78330 ns, At safepoint: 7329 ns, Total: 85659 ns
[2020-02-29T06:49:35.383+0000][1][safepoint    ] Safepoint "RevokeBias", Time since last: 510176037 ns, Reaching safepoint: 147871 ns, At safepoint: 24288 ns, Total: 172159 ns
[2020-02-29T06:49:36.386+0000][1][safepoint    ] Safepoint "Cleanup", Time since last: 1003336997 ns, Reaching safepoint: 75722 ns, At safepoint: 6143 ns, Total: 81865 ns
[2020-02-29T06:49:37.390+0000][1][safepoint    ] Safepoint "Cleanup", Time since last: 1003867797 ns, Reaching safepoint: 103174 ns, At safepoint: 11510 ns, Total: 114684 ns
[2020-02-29T06:49:37.905+0000][1][safepoint    ] Safepoint "RevokeBias", Time since last: 514531052 ns, Reaching safepoint: 72471 ns, At safepoint: 69128 ns, Total: 141599 ns
[2020-02-29T06:49:38.906+0000][1][safepoint    ] Safepoint "Cleanup", Time since last: 1001097893 ns, Reaching safepoint: 78359 ns, At safepoint: 6960 ns, Total: 85319 ns
[2020-02-29T06:49:39.906+0000][1][safepoint    ] Safepoint "Cleanup", Time since last: 1000218465 ns, Reaching safepoint: 101661 ns, At safepoint: 10729 ns, Total: 112390 ns
[2020-02-29T06:49:40.421+0000][1][safepoint    ] Safepoint "RevokeBias", Time since last: 514727316 ns, Reaching safepoint: 78771 ns, At safepoint: 18662 ns, Total: 97433 ns
[2020-02-29T06:49:41.423+0000][1][safepoint    ] Safepoint "Cleanup", Time since last: 1002279707 ns, Reaching safepoint: 101734 ns, At safepoint: 10761 ns, Total: 112495 ns
[2020-02-29T06:49:42.428+0000][1][safepoint    ] Safepoint "Cleanup", Time since last: 1004792473 ns, Reaching safepoint: 85245 ns, At safepoint: 13236 ns, Total: 98481 ns
[2020-02-29T06:49:42.942+0000][1][safepoint    ] Safepoint "RevokeBias", Time since last: 514095353 ns, Reaching safepoint: 74611 ns, At safepoint: 18269 ns, Total: 92880 ns
[2020-02-29T06:49:43.948+0000][1][safepoint    ] Safepoint "Cleanup", Time since last: 1005807178 ns, Reaching safepoint: 115624 ns, At safepoint: 8119 ns, Total: 123743 ns
[2020-02-29T06:49:44.950+0000][1][safepoint    ] Safepoint "Cleanup", Time since last: 1001384186 ns, Reaching safepoint: 105326 ns, At safepoint: 8223 ns, Total: 113549 ns
[2020-02-29T06:49:45.450+0000][1][safepoint    ] Safepoint "RevokeBias", Time since last: 500208994 ns, Reaching safepoint: 194055 ns, At safepoint: 59840 ns, Total: 253895 ns
[2020-02-29T06:49:46.457+0000][1][safepoint    ] Safepoint "Cleanup", Time since last: 1006882621 ns, Reaching safepoint: 74040 ns, At safepoint: 7754 ns, Total: 81794 ns
[2020-02-29T06:49:47.461+0000][1][safepoint    ] Safepoint "Cleanup", Time since last: 1003688208 ns, Reaching safepoint: 62047 ns, At safepoint: 7065 ns, Total: 69112 ns
[2020-02-29T06:49:47.962+0000][1][safepoint    ] Safepoint "RevokeBias", Time since last: 501150740 ns, Reaching safepoint: 185936 ns, At safepoint: 47153 ns, Total: 233089 ns
[2020-02-29T06:49:48.967+0000][1][safepoint    ] Safepoint "Cleanup", Time since last: 1004626790 ns, Reaching safepoint: 99480 ns, At safepoint: 7409 ns, Total: 106889 ns
[2020-02-29T06:49:49.973+0000][1][safepoint    ] Safepoint "Cleanup", Time since last: 1005797384 ns, Reaching safepoint: 107536 ns, At safepoint: 14095 ns, Total: 121631 ns
[2020-02-29T06:49:50.494+0000][1][safepoint    ] Safepoint "RevokeBias", Time since last: 520306459 ns, Reaching safepoint: 96912 ns, At safepoint: 23521 ns, Total: 120433 ns
[2020-02-29T06:49:51.495+0000][1][safepoint    ] Safepoint "Cleanup", Time since last: 1001656232 ns, Reaching safepoint: 75549 ns, At safepoint: 6619 ns, Total: 82168 ns
[2020-02-29T06:49:52.498+0000][1][safepoint    ] Safepoint "Cleanup", Time since last: 1002125638 ns, Reaching safepoint: 76480 ns, At safepoint: 6815 ns, Total: 83295 ns
[2020-02-29T06:49:53.003+0000][1][safepoint    ] Safepoint "RevokeBias", Time since last: 505750983 ns, Reaching safepoint: 73807 ns, At safepoint: 16901 ns, Total: 90708 ns
[2020-02-29T06:49:54.014+0000][1][safepoint    ] Safepoint "Cleanup", Time since last: 1010795796 ns, Reaching safepoint: 63384 ns, At safepoint: 7676 ns, Total: 71060 ns
[2020-02-29T06:49:55.015+0000][1][safepoint    ] Safepoint "Cleanup", Time since last: 1001060363 ns, Reaching safepoint: 77633 ns, At safepoint: 7102 ns, Total: 84735 ns
[2020-02-29T06:49:55.517+0000][1][safepoint    ] Safepoint "RevokeBias", Time since last: 501617885 ns, Reaching safepoint: 397032 ns, At safepoint: 30543 ns, Total: 427575 ns
[2020-02-29T06:49:56.520+0000][1][safepoint    ] Safepoint "Cleanup", Time since last: 1002841633 ns, Reaching safepoint: 65663 ns, At safepoint: 8106 ns, Total: 73769 ns
[2020-02-29T06:49:57.522+0000][1][safepoint    ] Safepoint "Cleanup", Time since last: 1001164737 ns, Reaching safepoint: 77980 ns, At safepoint: 7409 ns, Total: 85389 ns
[2020-02-29T06:49:58.565+0000][1][safepoint    ] Safepoint "RevokeBias", Time since last: 1035432269 ns, Reaching safepoint: 7828700 ns, At safepoint: 57153 ns, Total: 7885853 ns
[2020-02-29T06:49:59.573+0000][1][safepoint    ] Safepoint "Cleanup", Time since last: 1008269731 ns, Reaching safepoint: 96733 ns, At safepoint: 7763 ns, Total: 104496 ns
[2020-02-29T06:50:00.576+0000][1][safepoint    ] Safepoint "Cleanup", Time since last: 1002854279 ns, Reaching safepoint: 200409 ns, At safepoint: 15895 ns, Total: 216304 ns
[2020-02-29T06:50:01.080+0000][1][safepoint    ] Safepoint "RevokeBias", Time since last: 503671209 ns, Reaching safepoint: 71157 ns, At safepoint: 17525 ns, Total: 88682 ns
[2020-02-29T06:50:02.081+0000][1][safepoint    ] Safepoint "Cleanup", Time since last: 1001267380 ns, Reaching safepoint: 78964 ns, At safepoint: 7538 ns, Total: 86502 ns
[2020-02-29T06:50:03.083+0000][1][safepoint    ] Safepoint "Cleanup", Time since last: 1001538500 ns, Reaching safepoint: 119122 ns, At safepoint: 9096 ns, Total: 128218 ns
[2020-02-29T06:50:03.603+0000][1][safepoint    ] Safepoint "RevokeBias", Time since last: 519800940 ns, Reaching safepoint: 106937 ns, At safepoint: 23727 ns, Total: 130664 ns
[2020-02-29T06:50:04.610+0000][1][safepoint    ] Safepoint "Cleanup", Time since last: 1006972686 ns, Reaching safepoint: 80402 ns, At safepoint: 7778 ns, Total: 88180 ns
[2020-02-29T06:50:05.612+0000][1][safepoint    ] Safepoint "Cleanup", Time since last: 1002135479 ns, Reaching safepoint: 96909 ns, At safepoint: 10576 ns, Total: 107485 ns
[2020-02-29T06:50:06.116+0000][1][safepoint    ] Safepoint "RevokeBias", Time since last: 503319663 ns, Reaching safepoint: 73177 ns, At safepoint: 17257 ns, Total: 90434 ns
[2020-02-29T06:50:07.117+0000][1][safepoint    ] Safepoint "Cleanup", Time since last: 1000670253 ns, Reaching safepoint: 77914 ns, At safepoint: 6839 ns, Total: 84753 ns
[2020-02-29T06:50:08.117+0000][1][safepoint    ] Safepoint "Cleanup", Time since last: 1000387400 ns, Reaching safepoint: 113097 ns, At safepoint: 28221 ns, Total: 141318 ns
[2020-02-29T06:50:08.640+0000][1][safepoint    ] Safepoint "RevokeBias", Time since last: 523276488 ns, Reaching safepoint: 71938 ns, At safepoint: 35142 ns, Total: 107080 ns
[2020-02-29T06:50:09.648+0000][1][safepoint    ] Safepoint "Cleanup", Time since last: 1007994412 ns, Reaching safepoint: 68008 ns, At safepoint: 8651 ns, Total: 76659 ns
[2020-02-29T06:50:10.655+0000][1][safepoint    ] Safepoint "Cleanup", Time since last: 1006897552 ns, Reaching safepoint: 59151 ns, At safepoint: 5712 ns, Total: 64863 ns
[2020-02-29T06:50:11.157+0000][1][safepoint    ] Safepoint "RevokeBias", Time since last: 501212927 ns, Reaching safepoint: 71829 ns, At safepoint: 17671 ns, Total: 89500 ns
[2020-02-29T06:50:12.158+0000][1][safepoint    ] Safepoint "Cleanup", Time since last: 1001450118 ns, Reaching safepoint: 106495 ns, At safepoint: 7869 ns, Total: 114364 ns
[2020-02-29T06:50:13.162+0000][1][safepoint    ] Safepoint "Cleanup", Time since last: 1003890444 ns, Reaching safepoint: 92587 ns, At safepoint: 7809 ns, Total: 100396 ns
[2020-02-29T06:50:13.678+0000][1][safepoint    ] Safepoint "RevokeBias", Time since last: 515142635 ns, Reaching safepoint: 110288 ns, At safepoint: 52093 ns, Total: 162381 ns
[2020-02-29T06:50:14.682+0000][1][safepoint    ] Safepoint "Cleanup", Time since last: 1004298545 ns, Reaching safepoint: 98795 ns, At safepoint: 7534 ns, Total: 106329 ns
[2020-02-29T06:50:15.685+0000][1][safepoint    ] Safepoint "Cleanup", Time since last: 1003025155 ns, Reaching safepoint: 78287 ns, At safepoint: 8035 ns, Total: 86322 ns
[2020-02-29T06:50:16.200+0000][1][safepoint    ] Safepoint "RevokeBias", Time since last: 510243440 ns, Reaching safepoint: 5071118 ns, At safepoint: 28034 ns, Total: 5099152 ns
[2020-02-29T06:50:17.211+0000][1][safepoint    ] Safepoint "Cleanup", Time since last: 1010385422 ns, Reaching safepoint: 92747 ns, At safepoint: 7220 ns, Total: 99967 ns
[2020-02-29T06:50:18.221+0000][1][safepoint    ] Safepoint "Cleanup", Time since last: 1009849813 ns, Reaching safepoint: 100513 ns, At safepoint: 12208 ns, Total: 112721 ns
[2020-02-29T06:50:18.704+0000][1][safepoint    ] Safepoint "RevokeBias", Time since last: 483361416 ns, Reaching safepoint: 109070 ns, At safepoint: 52926 ns, Total: 161996 ns
[2020-02-29T06:50:19.710+0000][1][safepoint    ] Safepoint "Cleanup", Time since last: 1005808158 ns, Reaching safepoint: 163166 ns, At safepoint: 14719 ns, Total: 177885 ns
[2020-02-29T06:50:20.721+0000][1][safepoint    ] Safepoint "Cleanup", Time since last: 1010815620 ns, Reaching safepoint: 85657 ns, At safepoint: 12846 ns, Total: 98503 ns
[2020-02-29T06:50:21.227+0000][1][safepoint    ] Safepoint "RevokeBias", Time since last: 506026495 ns, Reaching safepoint: 81315 ns, At safepoint: 24166 ns, Total: 105481 ns
[2020-02-29T06:50:22.228+0000][1][safepoint    ] Safepoint "Cleanup", Time since last: 1000415381 ns, Reaching safepoint: 100026 ns, At safepoint: 11001 ns, Total: 111027 ns
[2020-02-29T06:50:23.230+0000][1][safepoint    ] Safepoint "Cleanup", Time since last: 1001488774 ns, Reaching safepoint: 102345 ns, At safepoint: 8666 ns, Total: 111011 ns
[2020-02-29T06:50:23.750+0000][1][safepoint    ] Safepoint "RevokeBias", Time since last: 520175443 ns, Reaching safepoint: 107503 ns, At safepoint: 27335 ns, Total: 134838 ns
[2020-02-29T06:50:24.760+0000][1][safepoint    ] Safepoint "Cleanup", Time since last: 1009944495 ns, Reaching safepoint: 159041 ns, At safepoint: 20640 ns, Total: 179681 ns
[2020-02-29T06:50:25.769+0000][1][safepoint    ] Safepoint "Cleanup", Time since last: 1009309821 ns, Reaching safepoint: 81970 ns, At safepoint: 11293 ns, Total: 93263 ns
[2020-02-29T06:50:26.266+0000][1][safepoint    ] Safepoint "RevokeBias", Time since last: 496184715 ns, Reaching safepoint: 85061 ns, At safepoint: 17266 ns, Total: 102327 ns
[2020-02-29T06:50:27.266+0000][1][safepoint    ] Safepoint "Cleanup", Time since last: 1000610478 ns, Reaching safepoint: 92903 ns, At safepoint: 8686 ns, Total: 101589 ns
[2020-02-29T06:50:28.272+0000][1][safepoint    ] Safepoint "Cleanup", Time since last: 1005898470 ns, Reaching safepoint: 69662 ns, At safepoint: 7806 ns, Total: 77468 ns
[2020-02-29T06:50:28.791+0000][1][safepoint    ] Safepoint "RevokeBias", Time since last: 518686478 ns, Reaching safepoint: 59190 ns, At safepoint: 18479 ns, Total: 77669 ns
[2020-02-29T06:50:29.798+0000][1][safepoint    ] Safepoint "Cleanup", Time since last: 1007001098 ns, Reaching safepoint: 100010 ns, At safepoint: 12257 ns, Total: 112267 ns
[2020-02-29T06:50:30.799+0000][1][safepoint    ] Safepoint "Cleanup", Time since last: 1000642012 ns, Reaching safepoint: 82211 ns, At safepoint: 9910 ns, Total: 92121 ns
[2020-02-29T06:50:31.311+0000][1][safepoint    ] Safepoint "RevokeBias", Time since last: 512103685 ns, Reaching safepoint: 54957 ns, At safepoint: 15055 ns, Total: 70012 ns
[2020-02-29T06:50:32.318+0000][1][safepoint    ] Safepoint "Cleanup", Time since last: 1006872976 ns, Reaching safepoint: 63592 ns, At safepoint: 8515 ns, Total: 72107 ns
[2020-02-29T06:50:33.320+0000][1][safepoint    ] Safepoint "Cleanup", Time since last: 1001801655 ns, Reaching safepoint: 225638 ns, At safepoint: 45086 ns, Total: 270724 ns
[2020-02-29T06:50:33.828+0000][1][safepoint    ] Safepoint "RevokeBias", Time since last: 508151926 ns, Reaching safepoint: 58691 ns, At safepoint: 17760 ns, Total: 76451 ns
[2020-02-29T06:50:34.836+0000][1][safepoint    ] Safepoint "Cleanup", Time since last: 1007358305 ns, Reaching safepoint: 158814 ns, At safepoint: 12399 ns, Total: 171213 ns
[2020-02-29T06:50:35.846+0000][1][safepoint    ] Safepoint "Cleanup", Time since last: 1010107007 ns, Reaching safepoint: 152927 ns, At safepoint: 10242 ns, Total: 163169 ns
[2020-02-29T06:50:36.347+0000][1][safepoint    ] Safepoint "RevokeBias", Time since last: 500546136 ns, Reaching safepoint: 67146 ns, At safepoint: 20404 ns, Total: 87550 ns
[2020-02-29T06:50:37.347+0000][1][safepoint    ] Safepoint "Cleanup", Time since last: 1000342053 ns, Reaching safepoint: 101382 ns, At safepoint: 10829 ns, Total: 112211 ns
[2020-02-29T06:50:38.352+0000][1][safepoint    ] Safepoint "Cleanup", Time since last: 1004851115 ns, Reaching safepoint: 83693 ns, At safepoint: 11268 ns, Total: 94961 ns
[2020-02-29T06:50:38.865+0000][1][safepoint    ] Safepoint "RevokeBias", Time since last: 512838202 ns, Reaching safepoint: 93527 ns, At safepoint: 23025 ns, Total: 116552 ns
[2020-02-29T06:50:39.873+0000][1][safepoint    ] Safepoint "Cleanup", Time since last: 1007722555 ns, Reaching safepoint: 143032 ns, At safepoint: 10934 ns, Total: 153966 ns
[2020-02-29T06:50:40.882+0000][1][safepoint    ] Safepoint "Cleanup", Time since last: 1009040414 ns, Reaching safepoint: 78692 ns, At safepoint: 6706 ns, Total: 85398 ns
[2020-02-29T06:50:41.379+0000][1][safepoint    ] Safepoint "RevokeBias", Time since last: 496538548 ns, Reaching safepoint: 234670 ns, At safepoint: 22097 ns, Total: 256767 ns
[2020-02-29T06:50:42.380+0000][1][safepoint    ] Safepoint "Cleanup", Time since last: 1000394631 ns, Reaching safepoint: 137860 ns, At safepoint: 24508 ns, Total: 162368 ns
[2020-02-29T06:50:43.385+0000][1][safepoint    ] Safepoint "Cleanup", Time since last: 1004970011 ns, Reaching safepoint: 133931 ns, At safepoint: 10134 ns, Total: 144065 ns
[2020-02-29T06:50:43.894+0000][1][safepoint    ] Safepoint "BulkRevokeBias", Time since last: 509118615 ns, Reaching safepoint: 57317 ns, At safepoint: 604758 ns, Total: 662075 ns
[2020-02-29T06:50:44.895+0000][1][safepoint    ] Safepoint "Cleanup", Time since last: 1000478454 ns, Reaching safepoint: 168532 ns, At safepoint: 16315 ns, Total: 184847 ns
[2020-02-29T06:50:45.900+0000][1][safepoint    ] Safepoint "Cleanup", Time since last: 1004633807 ns, Reaching safepoint: 131443 ns, At safepoint: 8812 ns, Total: 140255 ns
[2020-02-29T06:50:46.417+0000][1][safepoint    ] Safepoint "RevokeBias", Time since last: 516859185 ns, Reaching safepoint: 93526 ns, At safepoint: 62157 ns, Total: 155683 ns
[2020-02-29T06:50:47.418+0000][1][safepoint    ] Safepoint "Cleanup", Time since last: 1000626035 ns, Reaching safepoint: 101673 ns, At safepoint: 11369 ns, Total: 113042 ns
[2020-02-29T06:50:48.425+0000][1][safepoint    ] Safepoint "Cleanup", Time since last: 1007032037 ns, Reaching safepoint: 92487 ns, At safepoint: 7482 ns, Total: 99969 ns
[2020-02-29T06:50:48.935+0000][1][safepoint    ] Safepoint "RevokeBias", Time since last: 510168956 ns, Reaching safepoint: 72746 ns, At safepoint: 17635 ns, Total: 90381 ns
[2020-02-29T06:50:49.935+0000][1][safepoint    ] Safepoint "Cleanup", Time since last: 1000261205 ns, Reaching safepoint: 100694 ns, At safepoint: 10447 ns, Total: 111141 ns
[2020-02-29T06:50:50.936+0000][1][safepoint    ] Safepoint "Cleanup", Time since last: 1000740580 ns, Reaching safepoint: 96555 ns, At safepoint: 7743 ns, Total: 104298 ns
[2020-02-29T06:50:51.454+0000][1][safepoint    ] Safepoint "RevokeBias", Time since last: 517627673 ns, Reaching safepoint: 71981 ns, At safepoint: 63271 ns, Total: 135252 ns
[2020-02-29T06:50:52.461+0000][1][safepoint    ] Safepoint "Cleanup", Time since last: 1007203770 ns, Reaching safepoint: 62646 ns, At safepoint: 8070 ns, Total: 70716 ns
[2020-02-29T06:50:53.462+0000][1][safepoint    ] Safepoint "Cleanup", Time since last: 1000347509 ns, Reaching safepoint: 139915 ns, At safepoint: 8036 ns, Total: 147951 ns
[2020-02-29T06:50:53.975+0000][1][safepoint    ] Safepoint "RevokeBias", Time since last: 513568109 ns, Reaching safepoint: 69666 ns, At safepoint: 15883 ns, Total: 85549 ns
[2020-02-29T06:50:54.980+0000][1][safepoint    ] Safepoint "Cleanup", Time since last: 1004749235 ns, Reaching safepoint: 79885 ns, At safepoint: 7872 ns, Total: 87757 ns
[2020-02-29T06:50:55.982+0000][1][safepoint    ] Safepoint "Cleanup", Time since last: 1000994875 ns, Reaching safepoint: 529011 ns, At safepoint: 12356 ns, Total: 541367 ns
[2020-02-29T06:50:56.483+0000][1][safepoint    ] Safepoint "RevokeBias", Time since last: 500493845 ns, Reaching safepoint: 216561 ns, At safepoint: 25294 ns, Total: 241855 ns
[2020-02-29T06:50:57.484+0000][1][safepoint    ] Safepoint "Cleanup", Time since last: 1001651505 ns, Reaching safepoint: 80042 ns, At safepoint: 7649 ns, Total: 87691 ns
[2020-02-29T06:50:58.688+0000][1][safepoint    ] Safepoint "Cleanup", Time since last: 1203263594 ns, Reaching safepoint: 78457 ns, At safepoint: 6848 ns, Total: 85305 ns
[2020-02-29T06:50:58.987+0000][1][safepoint    ] Safepoint "RevokeBias", Time since last: 298937551 ns, Reaching safepoint: 83430 ns, At safepoint: 17001 ns, Total: 100431 ns
[2020-02-29T06:50:59.989+0000][1][safepoint    ] Safepoint "Cleanup", Time since last: 1002196521 ns, Reaching safepoint: 168418 ns, At safepoint: 23317 ns, Total: 191735 ns
[2020-02-29T06:51:00.995+0000][1][safepoint    ] Safepoint "Cleanup", Time since last: 1005955185 ns, Reaching safepoint: 62799 ns, At safepoint: 6988 ns, Total: 69787 ns
[2020-02-29T06:51:01.497+0000][1][safepoint    ] Safepoint "RevokeBias", Time since last: 501980360 ns, Reaching safepoint: 130500 ns, At safepoint: 16951 ns, Total: 147451 ns
[2020-02-29T06:51:02.505+0000][1][safepoint    ] Safepoint "Cleanup", Time since last: 1007941075 ns, Reaching safepoint: 94328 ns, At safepoint: 27034 ns, Total: 121362 ns
[2020-02-29T06:51:03.511+0000][1][safepoint    ] Safepoint "Cleanup", Time since last: 1006023852 ns, Reaching safepoint: 62024 ns, At safepoint: 5994 ns, Total: 68018 ns
[2020-02-29T06:51:04.014+0000][1][safepoint    ] Safepoint "RevokeBias", Time since last: 502690481 ns, Reaching safepoint: 54044 ns, At safepoint: 16112 ns, Total: 70156 ns
[2020-02-29T06:51:05.015+0000][1][safepoint    ] Safepoint "Cleanup", Time since last: 1000656588 ns, Reaching safepoint: 77980 ns, At safepoint: 7108 ns, Total: 85088 ns
[2020-02-29T06:51:06.025+0000][1][safepoint    ] Safepoint "Cleanup", Time since last: 1010215541 ns, Reaching safepoint: 78070 ns, At safepoint: 7675 ns, Total: 85745 ns
[2020-02-29T06:51:06.538+0000][1][safepoint    ] Safepoint "RevokeBias", Time since last: 512876912 ns, Reaching safepoint: 120756 ns, At safepoint: 44623 ns, Total: 165379 ns
[2020-02-29T06:51:07.544+0000][1][safepoint    ] Safepoint "Cleanup", Time since last: 1005169856 ns, Reaching safepoint: 78290 ns, At safepoint: 7157 ns, Total: 85447 ns
[2020-02-29T06:51:08.549+0000][1][safepoint    ] Safepoint "Cleanup", Time since last: 1005720971 ns, Reaching safepoint: 79644 ns, At safepoint: 8186 ns, Total: 87830 ns
[2020-02-29T06:51:09.060+0000][1][safepoint    ] Safepoint "RevokeBias", Time since last: 510646988 ns, Reaching safepoint: 73685 ns, At safepoint: 18082 ns, Total: 91767 ns
[2020-02-29T06:51:10.062+0000][1][safepoint    ] Safepoint "Cleanup", Time since last: 1002288989 ns, Reaching safepoint: 79259 ns, At safepoint: 7163 ns, Total: 86422 ns
[2020-02-29T06:51:11.065+0000][1][safepoint    ] Safepoint "Cleanup", Time since last: 1002680755 ns, Reaching safepoint: 279954 ns, At safepoint: 18507 ns, Total: 298461 ns
[2020-02-29T06:51:11.583+0000][1][safepoint    ] Safepoint "RevokeBias", Time since last: 517384628 ns, Reaching safepoint: 202375 ns, At safepoint: 31270 ns, Total: 233645 ns
[2020-02-29T06:51:12.584+0000][1][safepoint    ] Safepoint "Cleanup", Time since last: 1000766037 ns, Reaching safepoint: 102085 ns, At safepoint: 14666 ns, Total: 116751 ns
[2020-02-29T06:51:13.591+0000][1][safepoint    ] Safepoint "Cleanup", Time since last: 1007106236 ns, Reaching safepoint: 106051 ns, At safepoint: 12254 ns, Total: 118305 ns
[2020-02-29T06:51:14.108+0000][1][safepoint    ] Safepoint "RevokeBias", Time since last: 517077704 ns, Reaching safepoint: 175622 ns, At safepoint: 40557 ns, Total: 216179 ns
[2020-02-29T06:51:15.118+0000][1][safepoint    ] Safepoint "Cleanup", Time since last: 1009757971 ns, Reaching safepoint: 121217 ns, At safepoint: 12198 ns, Total: 133415 ns
[2020-02-29T06:51:16.124+0000][1][safepoint    ] Safepoint "Cleanup", Time since last: 1005863522 ns, Reaching safepoint: 98036 ns, At safepoint: 10187 ns, Total: 108223 ns
[2020-02-29T06:51:16.629+0000][1][safepoint    ] Safepoint "RevokeBias", Time since last: 504789085 ns, Reaching safepoint: 83024 ns, At safepoint: 41595 ns, Total: 124619 ns
[2020-02-29T06:51:17.637+0000][1][safepoint    ] Safepoint "Cleanup", Time since last: 1007614048 ns, Reaching safepoint: 83686 ns, At safepoint: 9564 ns, Total: 93250 ns
[2020-02-29T06:51:18.637+0000][1][safepoint    ] Safepoint "Cleanup", Time since last: 1000328023 ns, Reaching safepoint: 129150 ns, At safepoint: 6988 ns, Total: 136138 ns
[2020-02-29T06:51:19.153+0000][1][safepoint    ] Safepoint "RevokeBias", Time since last: 515359478 ns, Reaching safepoint: 61473 ns, At safepoint: 18345 ns, Total: 79818 ns
[2020-02-29T06:51:20.157+0000][1][safepoint    ] Safepoint "Cleanup", Time since last: 1004495343 ns, Reaching safepoint: 79297 ns, At safepoint: 7583 ns, Total: 86880 ns
[2020-02-29T06:51:21.159+0000][1][safepoint    ] Safepoint "Cleanup", Time since last: 1001543780 ns, Reaching safepoint: 81072 ns, At safepoint: 8464 ns, Total: 89536 ns
[2020-02-29T06:51:21.667+0000][1][safepoint    ] Safepoint "RevokeBias", Time since last: 507904660 ns, Reaching safepoint: 117028 ns, At safepoint: 30208 ns, Total: 147236 ns
[2020-02-29T06:51:22.277+0000][1][gc,start     ] GC(84) Pause Young (Allocation Failure)
[2020-02-29T06:51:22.277+0000][1][gc,task      ] GC(84) Using 1 workers of 1 for evacuation
[2020-02-29T06:51:22.289+0000][1][gc,age       ] GC(84) Desired survivor size 4358144 bytes, new threshold 6 (max threshold 6)
[2020-02-29T06:51:22.289+0000][1][gc,age       ] GC(84) Age table with threshold 6 (max threshold 6)
[2020-02-29T06:51:22.289+0000][1][gc,age       ] GC(84) - age   1:      12008 bytes,      12008 total
[2020-02-29T06:51:22.289+0000][1][gc,age       ] GC(84) - age   2:        336 bytes,      12344 total
[2020-02-29T06:51:22.289+0000][1][gc,age       ] GC(84) - age   3:        264 bytes,      12608 total
[2020-02-29T06:51:22.289+0000][1][gc,age       ] GC(84) - age   4:        800 bytes,      13408 total
[2020-02-29T06:51:22.289+0000][1][gc,age       ] GC(84) - age   5:        624 bytes,      14032 total
[2020-02-29T06:51:22.289+0000][1][gc,age       ] GC(84) - age   6:        136 bytes,      14168 total
[2020-02-29T06:51:22.289+0000][1][gc,heap      ] GC(84) ParNew: 68173K->25K(76672K)
[2020-02-29T06:51:22.289+0000][1][gc,heap      ] GC(84) CMS: 62572K->62572K(963392K)
[2020-02-29T06:51:22.289+0000][1][gc,metaspace ] GC(84) Metaspace: 79974K->79974K(1122304K)
[2020-02-29T06:51:22.289+0000][1][gc           ] GC(84) Pause Young (Allocation Failure) 127M->61M(1015M) 11.577ms
[2020-02-29T06:51:22.289+0000][1][gc,cpu       ] GC(84) User=0.01s Sys=0.00s Real=0.01s
[2020-02-29T06:51:22.289+0000][1][safepoint    ] Safepoint "GenCollectForAllocation", Time since last: 610114651 ns, Reaching safepoint: 74740 ns, At safepoint: 11666727 ns, Total: 11741467 ns
[2020-02-29T06:51:23.291+0000][1][safepoint    ] Safepoint "Cleanup", Time since last: 1001976950 ns, Reaching safepoint: 87502 ns, At safepoint: 8375 ns, Total: 95877 ns
[2020-02-29T06:51:24.176+0000][1][safepoint    ] Safepoint "RevokeBias", Time since last: 885302214 ns, Reaching safepoint: 116899 ns, At safepoint: 32063 ns, Total: 148962 ns
[2020-02-29T06:51:25.179+0000][1][safepoint    ] Safepoint "Cleanup", Time since last: 1002816312 ns, Reaching safepoint: 76077 ns, At safepoint: 6638 ns, Total: 82715 ns
[2020-02-29T06:51:26.185+0000][1][safepoint    ] Safepoint "Cleanup", Time since last: 1005940002 ns, Reaching safepoint: 72834 ns, At safepoint: 6033 ns, Total: 78867 ns
[2020-02-29T06:51:26.685+0000][1][safepoint    ] Safepoint "RevokeBias", Time since last: 499232694 ns, Reaching safepoint: 214305 ns, At safepoint: 28858 ns, Total: 243163 ns
[2020-02-29T06:51:27.691+0000][1][safepoint    ] Safepoint "Cleanup", Time since last: 1006034698 ns, Reaching safepoint: 95910 ns, At safepoint: 9599 ns, Total: 105509 ns
[2020-02-29T06:51:28.699+0000][1][safepoint    ] Safepoint "Cleanup", Time since last: 1007957901 ns, Reaching safepoint: 81337 ns, At safepoint: 8001 ns, Total: 89338 ns
[2020-02-29T06:51:29.204+0000][1][safepoint    ] Safepoint "RevokeBias", Time since last: 505060275 ns, Reaching safepoint: 104528 ns, At safepoint: 19380 ns, Total: 123908 ns
[2020-02-29T06:51:30.208+0000][1][safepoint    ] Safepoint "Cleanup", Time since last: 1004126096 ns, Reaching safepoint: 76732 ns, At safepoint: 6176 ns, Total: 82908 ns
[2020-02-29T06:51:31.218+0000][1][safepoint    ] Safepoint "Cleanup", Time since last: 1009399220 ns, Reaching safepoint: 108388 ns, At safepoint: 11083 ns, Total: 119471 ns
[2020-02-29T06:51:31.723+0000][1][safepoint    ] Safepoint "RevokeBias", Time since last: 505005973 ns, Reaching safepoint: 75274 ns, At safepoint: 19093 ns, Total: 94367 ns
[2020-02-29T06:51:32.731+0000][1][safepoint    ] Safepoint "Cleanup", Time since last: 1008152252 ns, Reaching safepoint: 76473 ns, At safepoint: 7879 ns, Total: 84352 ns
[2020-02-29T06:51:33.735+0000][1][safepoint    ] Safepoint "Cleanup", Time since last: 1003990567 ns, Reaching safepoint: 95965 ns, At safepoint: 8667 ns, Total: 104632 ns
[2020-02-29T06:51:34.235+0000][1][safepoint    ] Safepoint "RevokeBias", Time since last: 499692234 ns, Reaching safepoint: 79409 ns, At safepoint: 20197 ns, Total: 99606 ns
[2020-02-29T06:51:35.240+0000][1][safepoint    ] Safepoint "Cleanup", Time since last: 1004539440 ns, Reaching safepoint: 112320 ns, At safepoint: 7848 ns, Total: 120168 ns
[2020-02-29T06:51:36.241+0000][1][safepoint    ] Safepoint "Cleanup", Time since last: 1001255963 ns, Reaching safepoint: 94886 ns, At safepoint: 11245 ns, Total: 106131 ns
[2020-02-29T06:51:36.879+0000][1][safepoint    ] Safepoint "RevokeBias", Time since last: 637513894 ns, Reaching safepoint: 75188 ns, At safepoint: 17729 ns, Total: 92917 ns
[2020-02-29T06:51:37.879+0000][1][safepoint    ] Safepoint "Cleanup", Time since last: 1000263748 ns, Reaching safepoint: 110257 ns, At safepoint: 12191 ns, Total: 122448 ns
[2020-02-29T06:51:38.880+0000][1][safepoint    ] Safepoint "Cleanup", Time since last: 1000538496 ns, Reaching safepoint: 78717 ns, At safepoint: 7129 ns, Total: 85846 ns
[2020-02-29T06:51:39.398+0000][1][safepoint    ] Safepoint "RevokeBias", Time since last: 517960716 ns, Reaching safepoint: 115200 ns, At safepoint: 34218 ns, Total: 149418 ns
[2020-02-29T06:51:40.406+0000][1][safepoint    ] Safepoint "Cleanup", Time since last: 1007811269 ns, Reaching safepoint: 77079 ns, At safepoint: 5664 ns, Total: 82743 ns
[2020-02-29T06:51:41.411+0000][1][safepoint    ] Safepoint "Cleanup", Time since last: 1004906733 ns, Reaching safepoint: 95611 ns, At safepoint: 13154 ns, Total: 108765 ns
[2020-02-29T06:51:41.913+0000][1][safepoint    ] Safepoint "RevokeBias", Time since last: 501948741 ns, Reaching safepoint: 99487 ns, At safepoint: 18691 ns, Total: 118178 ns
[2020-02-29T06:51:42.919+0000][1][safepoint    ] Safepoint "Cleanup", Time since last: 1005789202 ns, Reaching safepoint: 78144 ns, At safepoint: 7666 ns, Total: 85810 ns
[2020-02-29T06:51:43.924+0000][1][safepoint    ] Safepoint "Cleanup", Time since last: 1004923229 ns, Reaching safepoint: 81443 ns, At safepoint: 8063 ns, Total: 89506 ns
[2020-02-29T06:51:44.424+0000][1][safepoint    ] Safepoint "RevokeBias", Time since last: 500496319 ns, Reaching safepoint: 115944 ns, At safepoint: 28601 ns, Total: 144545 ns
[2020-02-29T06:51:45.430+0000][1][safepoint    ] Safepoint "Cleanup", Time since last: 1005897190 ns, Reaching safepoint: 60556 ns, At safepoint: 7357 ns, Total: 67913 ns
[2020-02-29T06:51:46.431+0000][1][safepoint    ] Safepoint "Cleanup", Time since last: 1000444361 ns, Reaching safepoint: 79030 ns, At safepoint: 7030 ns, Total: 86060 ns
[2020-02-29T06:51:46.932+0000][1][safepoint    ] Safepoint "RevokeBias", Time since last: 500820365 ns, Reaching safepoint: 116166 ns, At safepoint: 76899 ns, Total: 193065 ns
[2020-02-29T06:51:47.933+0000][1][safepoint    ] Safepoint "Cleanup", Time since last: 1000568154 ns, Reaching safepoint: 153118 ns, At safepoint: 16416 ns, Total: 169534 ns
[2020-02-29T06:51:48.934+0000][1][safepoint    ] Safepoint "Cleanup", Time since last: 1000858751 ns, Reaching safepoint: 91599 ns, At safepoint: 7810 ns, Total: 99409 ns
[2020-02-29T06:51:49.449+0000][1][safepoint    ] Safepoint "RevokeBias", Time since last: 515537812 ns, Reaching safepoint: 56068 ns, At safepoint: 15719 ns, Total: 71787 ns
[2020-02-29T06:51:50.454+0000][1][safepoint    ] Safepoint "Cleanup", Time since last: 1005060438 ns, Reaching safepoint: 77899 ns, At safepoint: 6320 ns, Total: 84219 ns
[2020-02-29T06:51:51.457+0000][1][safepoint    ] Safepoint "Cleanup", Time since last: 1002149430 ns, Reaching safepoint: 77601 ns, At safepoint: 7670 ns, Total: 85271 ns
[2020-02-29T06:51:51.970+0000][1][safepoint    ] Safepoint "RevokeBias", Time since last: 513454955 ns, Reaching safepoint: 71383 ns, At safepoint: 17309 ns, Total: 88692 ns
[2020-02-29T06:51:52.973+0000][1][safepoint    ] Safepoint "Cleanup", Time since last: 1002932394 ns, Reaching safepoint: 87615 ns, At safepoint: 31010 ns, Total: 118625 ns
[2020-02-29T06:51:53.975+0000][1][safepoint    ] Safepoint "Cleanup", Time since last: 1001241208 ns, Reaching safepoint: 65307 ns, At safepoint: 7990 ns, Total: 73297 ns
[2020-02-29T06:51:54.489+0000][1][safepoint    ] Safepoint "RevokeBias", Time since last: 514209495 ns, Reaching safepoint: 113637 ns, At safepoint: 25036 ns, Total: 138673 ns
[2020-02-29T06:51:55.489+0000][1][safepoint    ] Safepoint "Cleanup", Time since last: 1000192468 ns, Reaching safepoint: 78141 ns, At safepoint: 7851 ns, Total: 85992 ns
[2020-02-29T06:51:56.500+0000][1][safepoint    ] Safepoint "Cleanup", Time since last: 1010581419 ns, Reaching safepoint: 98686 ns, At safepoint: 7544 ns, Total: 106230 ns
[2020-02-29T06:51:57.008+0000][1][safepoint    ] Safepoint "BulkRevokeBias", Time since last: 508145535 ns, Reaching safepoint: 73569 ns, At safepoint: 238268 ns, Total: 311837 ns
[2020-02-29T06:51:58.704+0000][1][safepoint    ] Safepoint "Cleanup", Time since last: 1695558390 ns, Reaching safepoint: 95623 ns, At safepoint: 7326 ns, Total: 102949 ns
[2020-02-29T06:51:59.525+0000][1][safepoint    ] Safepoint "RevokeBias", Time since last: 821281725 ns, Reaching safepoint: 84669 ns, At safepoint: 72945 ns, Total: 157614 ns
[2020-02-29T06:52:00.527+0000][1][safepoint    ] Safepoint "Cleanup", Time since last: 1001779049 ns, Reaching safepoint: 132030 ns, At safepoint: 8172 ns, Total: 140202 ns
[2020-02-29T06:52:01.529+0000][1][safepoint    ] Safepoint "Cleanup", Time since last: 1001466443 ns, Reaching safepoint: 62282 ns, At safepoint: 6866 ns, Total: 69148 ns
[2020-02-29T06:52:02.053+0000][1][safepoint    ] Safepoint "RevokeBias", Time since last: 524438599 ns, Reaching safepoint: 168903 ns, At safepoint: 26834 ns, Total: 195737 ns
[2020-02-29T06:52:03.056+0000][1][safepoint    ] Safepoint "Cleanup", Time since last: 1002512053 ns, Reaching safepoint: 78571 ns, At safepoint: 7667 ns, Total: 86238 ns
[2020-02-29T06:52:04.059+0000][1][safepoint    ] Safepoint "Cleanup", Time since last: 1002835507 ns, Reaching safepoint: 78226 ns, At safepoint: 7841 ns, Total: 86067 ns
[2020-02-29T06:52:04.564+0000][1][safepoint    ] Safepoint "RevokeBias", Time since last: 504923189 ns, Reaching safepoint: 72747 ns, At safepoint: 17893 ns, Total: 90640 ns
[2020-02-29T06:52:05.565+0000][1][safepoint    ] Safepoint "Cleanup", Time since last: 1000620562 ns, Reaching safepoint: 96864 ns, At safepoint: 10544 ns, Total: 107408 ns
[2020-02-29T06:52:06.567+0000][1][safepoint    ] Safepoint "Cleanup", Time since last: 1002359048 ns, Reaching safepoint: 234992 ns, At safepoint: 28003 ns, Total: 262995 ns
[2020-02-29T06:52:07.073+0000][1][safepoint    ] Safepoint "RevokeBias", Time since last: 505102824 ns, Reaching safepoint: 71398 ns, At safepoint: 17212 ns, Total: 88610 ns
[2020-02-29T06:52:08.082+0000][1][safepoint    ] Safepoint "Cleanup", Time since last: 1009286421 ns, Reaching safepoint: 118354 ns, At safepoint: 9786 ns, Total: 128140 ns
[2020-02-29T06:52:09.085+0000][1][safepoint    ] Safepoint "Cleanup", Time since last: 1002945749 ns, Reaching safepoint: 78844 ns, At safepoint: 7773 ns, Total: 86617 ns
[2020-02-29T06:52:09.604+0000][1][safepoint    ] Safepoint "RevokeBias", Time since last: 519142517 ns, Reaching safepoint: 72549 ns, At safepoint: 17847 ns, Total: 90396 ns
[2020-02-29T06:52:10.607+0000][1][safepoint    ] Safepoint "Cleanup", Time since last: 1002651555 ns, Reaching safepoint: 108151 ns, At safepoint: 7317 ns, Total: 115468 ns
[2020-02-29T06:52:11.611+0000][1][safepoint    ] Safepoint "Cleanup", Time since last: 1003953381 ns, Reaching safepoint: 105626 ns, At safepoint: 8906 ns, Total: 114532 ns
[2020-02-29T06:52:12.115+0000][1][safepoint    ] Safepoint "RevokeBias", Time since last: 504163743 ns, Reaching safepoint: 56008 ns, At safepoint: 18264 ns, Total: 74272 ns
[2020-02-29T06:52:13.123+0000][1][safepoint    ] Safepoint "Cleanup", Time since last: 1007931061 ns, Reaching safepoint: 64186 ns, At safepoint: 7843 ns, Total: 72029 ns
[2020-02-29T06:52:14.132+0000][1][safepoint    ] Safepoint "Cleanup", Time since last: 1008189951 ns, Reaching safepoint: 158420 ns, At safepoint: 11383 ns, Total: 169803 ns
[2020-02-29T06:52:14.626+0000][1][safepoint    ] Safepoint "RevokeBias", Time since last: 494550891 ns, Reaching safepoint: 91119 ns, At safepoint: 21544 ns, Total: 112663 ns
[2020-02-29T06:52:15.629+0000][1][safepoint    ] Safepoint "Cleanup", Time since last: 1002632590 ns, Reaching safepoint: 94503 ns, At safepoint: 9992 ns, Total: 104495 ns
[2020-02-29T06:52:16.630+0000][1][safepoint    ] Safepoint "Cleanup", Time since last: 1001152489 ns, Reaching safepoint: 62172 ns, At safepoint: 7740 ns, Total: 69912 ns
[2020-02-29T06:52:17.167+0000][1][safepoint    ] Safepoint "RevokeBias", Time since last: 536579443 ns, Reaching safepoint: 105592 ns, At safepoint: 26715 ns, Total: 132307 ns
[2020-02-29T06:52:18.174+0000][1][safepoint    ] Safepoint "Cleanup", Time since last: 1007345171 ns, Reaching safepoint: 76744 ns, At safepoint: 7361 ns, Total: 84105 ns
[2020-02-29T06:52:19.175+0000][1][safepoint    ] Safepoint "Cleanup", Time since last: 1000669496 ns, Reaching safepoint: 94823 ns, At safepoint: 7996 ns, Total: 102819 ns
[2020-02-29T06:52:19.688+0000][1][safepoint    ] Safepoint "RevokeBias", Time since last: 512803192 ns, Reaching safepoint: 72699 ns, At safepoint: 18031 ns, Total: 90730 ns
[2020-02-29T06:52:21.181+0000][1][safepoint    ] Safepoint "Cleanup", Time since last: 1492995744 ns, Reaching safepoint: 115440 ns, At safepoint: 7970 ns, Total: 123410 ns
[2020-02-29T06:52:22.182+0000][1][safepoint    ] Safepoint "Cleanup", Time since last: 1000838644 ns, Reaching safepoint: 101714 ns, At safepoint: 8367 ns, Total: 110081 ns
[2020-02-29T06:52:22.216+0000][1][safepoint    ] Safepoint "RevokeBias", Time since last: 33926949 ns, Reaching safepoint: 163137 ns, At safepoint: 52519 ns, Total: 215656 ns
[2020-02-29T06:52:23.217+0000][1][safepoint    ] Safepoint "Cleanup", Time since last: 1000782455 ns, Reaching safepoint: 91687 ns, At safepoint: 7501 ns, Total: 99188 ns
[2020-02-29T06:52:24.218+0000][1][safepoint    ] Safepoint "Cleanup", Time since last: 1000876446 ns, Reaching safepoint: 122567 ns, At safepoint: 6557 ns, Total: 129124 ns
[2020-02-29T06:52:24.734+0000][1][safepoint    ] Safepoint "RevokeBias", Time since last: 516009755 ns, Reaching safepoint: 74486 ns, At safepoint: 18129 ns, Total: 92615 ns
[2020-02-29T06:52:25.738+0000][1][safepoint    ] Safepoint "Cleanup", Time since last: 1003892947 ns, Reaching safepoint: 75866 ns, At safepoint: 5458 ns, Total: 81324 ns
[2020-02-29T06:52:26.742+0000][1][safepoint    ] Safepoint "Cleanup", Time since last: 1003973596 ns, Reaching safepoint: 59601 ns, At safepoint: 5489 ns, Total: 65090 ns
[2020-02-29T06:52:27.245+0000][1][safepoint    ] Safepoint "RevokeBias", Time since last: 502992604 ns, Reaching safepoint: 77142 ns, At safepoint: 24000 ns, Total: 101142 ns
[2020-02-29T06:52:28.247+0000][1][safepoint    ] Safepoint "Cleanup", Time since last: 1001026025 ns, Reaching safepoint: 79636 ns, At safepoint: 7804 ns, Total: 87440 ns
[2020-02-29T06:52:29.247+0000][1][safepoint    ] Safepoint "Cleanup", Time since last: 1000291756 ns, Reaching safepoint: 81523 ns, At safepoint: 6354 ns, Total: 87877 ns
[2020-02-29T06:52:29.762+0000][1][safepoint    ] Safepoint "RevokeBias", Time since last: 515300194 ns, Reaching safepoint: 109064 ns, At safepoint: 27899 ns, Total: 136963 ns
[2020-02-29T06:52:30.768+0000][1][safepoint    ] Safepoint "Cleanup", Time since last: 1005687850 ns, Reaching safepoint: 98968 ns, At safepoint: 11462 ns, Total: 110430 ns
[2020-02-29T06:52:31.771+0000][1][safepoint    ] Safepoint "Cleanup", Time since last: 1002259785 ns, Reaching safepoint: 94287 ns, At safepoint: 13894 ns, Total: 108181 ns
[2020-02-29T06:52:32.284+0000][1][safepoint    ] Safepoint "RevokeBias", Time since last: 512953496 ns, Reaching safepoint: 131772 ns, At safepoint: 31815 ns, Total: 163587 ns
[2020-02-29T06:52:33.289+0000][1][safepoint    ] Safepoint "Cleanup", Time since last: 1005017198 ns, Reaching safepoint: 109485 ns, At safepoint: 12987 ns, Total: 122472 ns
[2020-02-29T06:52:34.290+0000][1][safepoint    ] Safepoint "Cleanup", Time since last: 1001294522 ns, Reaching safepoint: 224346 ns, At safepoint: 18794 ns, Total: 243140 ns
[2020-02-29T06:52:34.816+0000][1][safepoint    ] Safepoint "RevokeBias", Time since last: 525891263 ns, Reaching safepoint: 87678 ns, At safepoint: 22073 ns, Total: 109751 ns
[2020-02-29T06:52:35.817+0000][1][safepoint    ] Safepoint "Cleanup", Time since last: 1000614351 ns, Reaching safepoint: 97683 ns, At safepoint: 7913 ns, Total: 105596 ns
[2020-02-29T06:52:36.818+0000][1][safepoint    ] Safepoint "Cleanup", Time since last: 1000706867 ns, Reaching safepoint: 81366 ns, At safepoint: 8137 ns, Total: 89503 ns
[2020-02-29T06:52:37.341+0000][1][safepoint    ] Safepoint "RevokeBias", Time since last: 522949156 ns, Reaching safepoint: 74924 ns, At safepoint: 17959 ns, Total: 92883 ns
[2020-02-29T06:52:38.342+0000][1][safepoint    ] Safepoint "Cleanup", Time since last: 1001111515 ns, Reaching safepoint: 61773 ns, At safepoint: 7110 ns, Total: 68883 ns
[2020-02-29T06:52:39.349+0000][1][safepoint    ] Safepoint "Cleanup", Time since last: 1007315387 ns, Reaching safepoint: 78631 ns, At safepoint: 9973 ns, Total: 88604 ns
[2020-02-29T06:52:39.863+0000][1][safepoint    ] Safepoint "RevokeBias", Time since last: 513222468 ns, Reaching safepoint: 77130 ns, At safepoint: 18850 ns, Total: 95980 ns
[2020-02-29T06:52:40.871+0000][1][safepoint    ] Safepoint "Cleanup", Time since last: 1008301691 ns, Reaching safepoint: 96409 ns, At safepoint: 25333 ns, Total: 121742 ns
[2020-02-29T06:52:41.874+0000][1][safepoint    ] Safepoint "Cleanup", Time since last: 1001875997 ns, Reaching safepoint: 958217 ns, At safepoint: 29742 ns, Total: 987959 ns
[2020-02-29T06:52:42.399+0000][1][safepoint    ] Safepoint "RevokeBias", Time since last: 524371144 ns, Reaching safepoint: 99115 ns, At safepoint: 28336 ns, Total: 127451 ns
[2020-02-29T06:52:43.400+0000][1][safepoint    ] Safepoint "Cleanup", Time since last: 1001151864 ns, Reaching safepoint: 125727 ns, At safepoint: 14779 ns, Total: 140506 ns
[2020-02-29T06:52:44.409+0000][1][safepoint    ] Safepoint "Cleanup", Time since last: 1009217417 ns, Reaching safepoint: 94448 ns, At safepoint: 9073 ns, Total: 103521 ns
[2020-02-29T06:52:44.922+0000][1][safepoint    ] Safepoint "RevokeBias", Time since last: 512341644 ns, Reaching safepoint: 122760 ns, At safepoint: 111759 ns, Total: 234519 ns
[2020-02-29T06:52:45.924+0000][1][safepoint    ] Safepoint "Cleanup", Time since last: 1001705856 ns, Reaching safepoint: 155854 ns, At safepoint: 10235 ns, Total: 166089 ns
[2020-02-29T06:52:46.929+0000][1][safepoint    ] Safepoint "Cleanup", Time since last: 1005176753 ns, Reaching safepoint: 101720 ns, At safepoint: 11167 ns, Total: 112887 ns
[2020-02-29T06:52:47.440+0000][1][safepoint    ] Safepoint "RevokeBias", Time since last: 510704207 ns, Reaching safepoint: 77113 ns, At safepoint: 19197 ns, Total: 96310 ns
[2020-02-29T06:52:48.442+0000][1][safepoint    ] Safepoint "Cleanup", Time since last: 1002520457 ns, Reaching safepoint: 115761 ns, At safepoint: 14380 ns, Total: 130141 ns
[2020-02-29T06:52:49.447+0000][1][safepoint    ] Safepoint "Cleanup", Time since last: 1004834506 ns, Reaching safepoint: 78641 ns, At safepoint: 7425 ns, Total: 86066 ns
[2020-02-29T06:52:49.965+0000][1][safepoint    ] Safepoint "RevokeBias", Time since last: 517259068 ns, Reaching safepoint: 87190 ns, At safepoint: 23431 ns, Total: 110621 ns
[2020-02-29T06:52:50.976+0000][1][safepoint    ] Safepoint "Cleanup", Time since last: 1011593939 ns, Reaching safepoint: 61770 ns, At safepoint: 6947 ns, Total: 68717 ns
[2020-02-29T06:52:51.977+0000][1][safepoint    ] Safepoint "Cleanup", Time since last: 1000822129 ns, Reaching safepoint: 63939 ns, At safepoint: 7109 ns, Total: 71048 ns
[2020-02-29T06:52:52.486+0000][1][safepoint    ] Safepoint "RevokeBias", Time since last: 508459680 ns, Reaching safepoint: 71008 ns, At safepoint: 17391 ns, Total: 88399 ns
[2020-02-29T06:52:53.488+0000][1][safepoint    ] Safepoint "Cleanup", Time since last: 1002171199 ns, Reaching safepoint: 83003 ns, At safepoint: 7733 ns, Total: 90736 ns
[2020-02-29T06:52:54.489+0000][1][safepoint    ] Safepoint "Cleanup", Time since last: 1001229876 ns, Reaching safepoint: 108614 ns, At safepoint: 8729 ns, Total: 117343 ns
[2020-02-29T06:52:55.017+0000][1][safepoint    ] Safepoint "RevokeBias", Time since last: 521356813 ns, Reaching safepoint: 5874187 ns, At safepoint: 25089 ns, Total: 5899276 ns
[2020-02-29T06:52:56.018+0000][1][safepoint    ] Safepoint "Cleanup", Time since last: 1001639594 ns, Reaching safepoint: 76758 ns, At safepoint: 7294 ns, Total: 84052 ns
[2020-02-29T06:52:57.020+0000][1][safepoint    ] Safepoint "Cleanup", Time since last: 1001393929 ns, Reaching safepoint: 85969 ns, At safepoint: 6953 ns, Total: 92922 ns
[2020-02-29T06:52:57.525+0000][1][safepoint    ] Safepoint "RevokeBias", Time since last: 505241367 ns, Reaching safepoint: 69535 ns, At safepoint: 17483 ns, Total: 87018 ns
[2020-02-29T06:52:58.528+0000][1][safepoint    ] Safepoint "Cleanup", Time since last: 1002612965 ns, Reaching safepoint: 79514 ns, At safepoint: 9219 ns, Total: 88733 ns
[2020-02-29T06:52:59.533+0000][1][safepoint    ] Safepoint "Cleanup", Time since last: 1005032250 ns, Reaching safepoint: 77097 ns, At safepoint: 6230 ns, Total: 83327 ns
[2020-02-29T06:53:00.043+0000][1][safepoint    ] Safepoint "RevokeBias", Time since last: 510400457 ns, Reaching safepoint: 71448 ns, At safepoint: 16768 ns, Total: 88216 ns
[2020-02-29T06:53:01.046+0000][1][safepoint    ] Safepoint "Cleanup", Time since last: 1002769750 ns, Reaching safepoint: 79100 ns, At safepoint: 7700 ns, Total: 86800 ns
[2020-02-29T06:53:02.047+0000][1][safepoint    ] Safepoint "Cleanup", Time since last: 1000804750 ns, Reaching safepoint: 121663 ns, At safepoint: 11156 ns, Total: 132819 ns
[2020-02-29T06:53:02.565+0000][1][safepoint    ] Safepoint "RevokeBias", Time since last: 517560843 ns, Reaching safepoint: 195125 ns, At safepoint: 35583 ns, Total: 230708 ns
[2020-02-29T06:53:03.566+0000][1][safepoint    ] Safepoint "Cleanup", Time since last: 1000229770 ns, Reaching safepoint: 173060 ns, At safepoint: 24140 ns, Total: 197200 ns
[2020-02-29T06:53:04.566+0000][1][safepoint    ] Safepoint "Cleanup", Time since last: 1000358572 ns, Reaching safepoint: 85824 ns, At safepoint: 7873 ns, Total: 93697 ns
[2020-02-29T06:53:05.086+0000][1][safepoint    ] Safepoint "RevokeBias", Time since last: 520155721 ns, Reaching safepoint: 70459 ns, At safepoint: 16794 ns, Total: 87253 ns
[2020-02-29T06:53:06.091+0000][1][safepoint    ] Safepoint "Cleanup", Time since last: 1004693969 ns, Reaching safepoint: 104923 ns, At safepoint: 7246 ns, Total: 112169 ns
[2020-02-29T06:53:07.094+0000][1][safepoint    ] Safepoint "Cleanup", Time since last: 1002485979 ns, Reaching safepoint: 80083 ns, At safepoint: 7295 ns, Total: 87378 ns
[2020-02-29T06:53:07.604+0000][1][safepoint    ] Safepoint "RevokeBias", Time since last: 510041807 ns, Reaching safepoint: 132074 ns, At safepoint: 22666 ns, Total: 154740 ns
[2020-02-29T06:53:08.613+0000][1][safepoint    ] Safepoint "Cleanup", Time since last: 1009570616 ns, Reaching safepoint: 76974 ns, At safepoint: 9363 ns, Total: 86337 ns
[2020-02-29T06:53:09.617+0000][1][safepoint    ] Safepoint "Cleanup", Time since last: 1003347982 ns, Reaching safepoint: 63860 ns, At safepoint: 7752 ns, Total: 71612 ns
[2020-02-29T06:53:10.125+0000][1][safepoint    ] Safepoint "BulkRevokeBias", Time since last: 508348936 ns, Reaching safepoint: 74368 ns, At safepoint: 183283 ns, Total: 257651 ns
[2020-02-29T06:53:11.126+0000][1][safepoint    ] Safepoint "Cleanup", Time since last: 1000574472 ns, Reaching safepoint: 97606 ns, At safepoint: 8889 ns, Total: 106495 ns
[2020-02-29T06:53:12.130+0000][1][safepoint    ] Safepoint "Cleanup", Time since last: 1004045893 ns, Reaching safepoint: 106079 ns, At safepoint: 11257 ns, Total: 117336 ns
[2020-02-29T06:53:12.645+0000][1][safepoint    ] Safepoint "RevokeBias", Time since last: 514800314 ns, Reaching safepoint: 55674 ns, At safepoint: 16281 ns, Total: 71955 ns
[2020-02-29T06:53:13.649+0000][1][safepoint    ] Safepoint "Cleanup", Time since last: 1004155117 ns, Reaching safepoint: 92339 ns, At safepoint: 7033 ns, Total: 99372 ns
[2020-02-29T06:53:14.651+0000][1][safepoint    ] Safepoint "Cleanup", Time since last: 1000944120 ns, Reaching safepoint: 166845 ns, At safepoint: 9306 ns, Total: 176151 ns
[2020-02-29T06:53:15.164+0000][1][safepoint    ] Safepoint "RevokeBias", Time since last: 513572495 ns, Reaching safepoint: 72760 ns, At safepoint: 34624 ns, Total: 107384 ns
[2020-02-29T06:53:16.175+0000][1][safepoint    ] Safepoint "Cleanup", Time since last: 1010525612 ns, Reaching safepoint: 74389 ns, At safepoint: 8970 ns, Total: 83359 ns
[2020-02-29T06:53:17.181+0000][1][safepoint    ] Safepoint "Cleanup", Time since last: 1006328332 ns, Reaching safepoint: 224444 ns, At safepoint: 11919 ns, Total: 236363 ns
[2020-02-29T06:53:17.682+0000][1][safepoint    ] Safepoint "RevokeBias", Time since last: 500140886 ns, Reaching safepoint: 69371 ns, At safepoint: 17340 ns, Total: 86711 ns
[2020-02-29T06:53:18.682+0000][1][safepoint    ] Safepoint "Cleanup", Time since last: 1000781333 ns, Reaching safepoint: 74879 ns, At safepoint: 6755 ns, Total: 81634 ns
[2020-02-29T06:53:19.683+0000][1][safepoint    ] Safepoint "Cleanup", Time since last: 1000833581 ns, Reaching safepoint: 76693 ns, At safepoint: 7215 ns, Total: 83908 ns
[2020-02-29T06:53:20.197+0000][1][safepoint    ] Safepoint "RevokeBias", Time since last: 513875206 ns, Reaching safepoint: 81825 ns, At safepoint: 20885 ns, Total: 102710 ns
[2020-02-29T06:53:21.202+0000][1][safepoint    ] Safepoint "Cleanup", Time since last: 1004492114 ns, Reaching safepoint: 198503 ns, At safepoint: 22317 ns, Total: 220820 ns
[2020-02-29T06:53:22.208+0000][1][safepoint    ] Safepoint "Cleanup", Time since last: 1005439966 ns, Reaching safepoint: 78259 ns, At safepoint: 7366 ns, Total: 85625 ns
[2020-02-29T06:53:22.727+0000][1][safepoint    ] Safepoint "RevokeBias", Time since last: 519744498 ns, Reaching safepoint: 71716 ns, At safepoint: 17981 ns, Total: 89697 ns
[2020-02-29T06:53:23.728+0000][1][safepoint    ] Safepoint "Cleanup", Time since last: 1000462093 ns, Reaching safepoint: 85818 ns, At safepoint: 9038 ns, Total: 94856 ns
[2020-02-29T06:53:24.728+0000][1][safepoint    ] Safepoint "Cleanup", Time since last: 1000199987 ns, Reaching safepoint: 79516 ns, At safepoint: 8195 ns, Total: 87711 ns
[2020-02-29T06:53:25.242+0000][1][safepoint    ] Safepoint "RevokeBias", Time since last: 513456291 ns, Reaching safepoint: 71053 ns, At safepoint: 17194 ns, Total: 88247 ns
[2020-02-29T06:53:26.248+0000][1][safepoint    ] Safepoint "Cleanup", Time since last: 1006376006 ns, Reaching safepoint: 77129 ns, At safepoint: 7092 ns, Total: 84221 ns
[2020-02-29T06:53:27.249+0000][1][safepoint    ] Safepoint "Cleanup", Time since last: 1000931280 ns, Reaching safepoint: 79227 ns, At safepoint: 7435 ns, Total: 86662 ns
[2020-02-29T06:53:27.764+0000][1][safepoint    ] Safepoint "RevokeBias", Time since last: 508709801 ns, Reaching safepoint: 6382854 ns, At safepoint: 26824 ns, Total: 6409678 ns
[2020-02-29T06:53:28.772+0000][1][safepoint    ] Safepoint "Cleanup", Time since last: 1007882805 ns, Reaching safepoint: 76280 ns, At safepoint: 7467 ns, Total: 83747 ns
[2020-02-29T06:53:29.777+0000][1][safepoint    ] Safepoint "Cleanup", Time since last: 1004918734 ns, Reaching safepoint: 59271 ns, At safepoint: 6188 ns, Total: 65459 ns
[2020-02-29T06:53:30.273+0000][1][safepoint    ] Safepoint "RevokeBias", Time since last: 495160984 ns, Reaching safepoint: 71964 ns, At safepoint: 17470 ns, Total: 89434 ns
[2020-02-29T06:53:31.276+0000][1][safepoint    ] Safepoint "Cleanup", Time since last: 1003627066 ns, Reaching safepoint: 96104 ns, At safepoint: 6999 ns, Total: 103103 ns
[2020-02-29T06:53:32.281+0000][1][safepoint    ] Safepoint "Cleanup", Time since last: 1004002886 ns, Reaching safepoint: 126663 ns, At safepoint: 11437 ns, Total: 138100 ns
[2020-02-29T06:53:32.792+0000][1][safepoint    ] Safepoint "RevokeBias", Time since last: 511035307 ns, Reaching safepoint: 160399 ns, At safepoint: 32902 ns, Total: 193301 ns
[2020-02-29T06:53:33.793+0000][1][safepoint    ] Safepoint "Cleanup", Time since last: 1001037224 ns, Reaching safepoint: 77362 ns, At safepoint: 7744 ns, Total: 85106 ns
[2020-02-29T06:53:34.794+0000][1][safepoint    ] Safepoint "Cleanup", Time since last: 1001490712 ns, Reaching safepoint: 113596 ns, At safepoint: 14160 ns, Total: 127756 ns
[2020-02-29T06:53:35.309+0000][1][safepoint    ] Safepoint "RevokeBias", Time since last: 514388209 ns, Reaching safepoint: 88316 ns, At safepoint: 18743 ns, Total: 107059 ns
[2020-02-29T06:53:36.317+0000][1][safepoint    ] Safepoint "Cleanup", Time since last: 1007928736 ns, Reaching safepoint: 92217 ns, At safepoint: 25987 ns, Total: 118204 ns
[2020-02-29T06:53:37.319+0000][1][safepoint    ] Safepoint "Cleanup", Time since last: 1001900929 ns, Reaching safepoint: 100205 ns, At safepoint: 25559 ns, Total: 125764 ns
[2020-02-29T06:53:37.835+0000][1][safepoint    ] Safepoint "RevokeBias", Time since last: 516088926 ns, Reaching safepoint: 56287 ns, At safepoint: 15635 ns, Total: 71922 ns
[2020-02-29T06:53:38.836+0000][1][safepoint    ] Safepoint "Cleanup", Time since last: 1000962597 ns, Reaching safepoint: 61337 ns, At safepoint: 7319 ns, Total: 68656 ns
[2020-02-29T06:53:39.840+0000][1][safepoint    ] Safepoint "Cleanup", Time since last: 1004197161 ns, Reaching safepoint: 62978 ns, At safepoint: 7631 ns, Total: 70609 ns
[2020-02-29T06:53:40.344+0000][1][safepoint    ] Safepoint "RevokeBias", Time since last: 503348006 ns, Reaching safepoint: 76753 ns, At safepoint: 18180 ns, Total: 94933 ns
[2020-02-29T06:53:41.346+0000][1][safepoint    ] Safepoint "Cleanup", Time since last: 1002272037 ns, Reaching safepoint: 258813 ns, At safepoint: 20614 ns, Total: 279427 ns
[2020-02-29T06:53:42.283+0000][1][gc,start     ] GC(85) Pause Young (Allocation Failure)
[2020-02-29T06:53:42.283+0000][1][gc,task      ] GC(85) Using 1 workers of 1 for evacuation
[2020-02-29T06:53:42.302+0000][1][gc,age       ] GC(85) Desired survivor size 4358144 bytes, new threshold 6 (max threshold 6)
[2020-02-29T06:53:42.302+0000][1][gc,age       ] GC(85) Age table with threshold 6 (max threshold 6)
[2020-02-29T06:53:42.302+0000][1][gc,age       ] GC(85) - age   1:      13656 bytes,      13656 total
[2020-02-29T06:53:42.302+0000][1][gc,age       ] GC(85) - age   2:       1320 bytes,      14976 total
[2020-02-29T06:53:42.302+0000][1][gc,age       ] GC(85) - age   3:        336 bytes,      15312 total
[2020-02-29T06:53:42.302+0000][1][gc,age       ] GC(85) - age   4:        264 bytes,      15576 total
[2020-02-29T06:53:42.302+0000][1][gc,age       ] GC(85) - age   5:        704 bytes,      16280 total
[2020-02-29T06:53:42.302+0000][1][gc,age       ] GC(85) - age   6:        624 bytes,      16904 total
[2020-02-29T06:53:42.302+0000][1][gc,heap      ] GC(85) ParNew: 68185K->16K(76672K)
[2020-02-29T06:53:42.302+0000][1][gc,heap      ] GC(85) CMS: 62572K->62572K(963392K)
[2020-02-29T06:53:42.302+0000][1][gc,metaspace ] GC(85) Metaspace: 80026K->80026K(1122304K)
[2020-02-29T06:53:42.302+0000][1][gc           ] GC(85) Pause Young (Allocation Failure) 127M->61M(1015M) 19.518ms
[2020-02-29T06:53:42.302+0000][1][gc,cpu       ] GC(85) User=0.01s Sys=0.00s Real=0.02s
[2020-02-29T06:53:42.302+0000][1][safepoint    ] Safepoint "GenCollectForAllocation", Time since last: 936146901 ns, Reaching safepoint: 92161 ns, At safepoint: 19583808 ns, Total: 19675969 ns
[2020-02-29T06:53:42.861+0000][1][safepoint    ] Safepoint "RevokeBias", Time since last: 558542419 ns, Reaching safepoint: 55517 ns, At safepoint: 16649 ns, Total: 72166 ns
[2020-02-29T06:53:43.862+0000][1][safepoint    ] Safepoint "Cleanup", Time since last: 1001080081 ns, Reaching safepoint: 98029 ns, At safepoint: 8624 ns, Total: 106653 ns
[2020-02-29T06:53:44.867+0000][1][safepoint    ] Safepoint "Cleanup", Time since last: 1004791757 ns, Reaching safepoint: 142014 ns, At safepoint: 12256 ns, Total: 154270 ns
[2020-02-29T06:53:45.389+0000][1][safepoint    ] Safepoint "RevokeBias", Time since last: 521382547 ns, Reaching safepoint: 73700 ns, At safepoint: 36101 ns, Total: 109801 ns
[2020-02-29T06:53:46.391+0000][1][safepoint    ] Safepoint "Cleanup", Time since last: 1002570694 ns, Reaching safepoint: 59628 ns, At safepoint: 5894 ns, Total: 65522 ns
[2020-02-29T06:53:47.393+0000][1][safepoint    ] Safepoint "Cleanup", Time since last: 1002150706 ns, Reaching safepoint: 88305 ns, At safepoint: 6238 ns, Total: 94543 ns
[2020-02-29T06:53:47.896+0000][1][safepoint    ] Safepoint "RevokeBias", Time since last: 502713074 ns, Reaching safepoint: 71279 ns, At safepoint: 17568 ns, Total: 88847 ns
[2020-02-29T06:53:48.897+0000][1][safepoint    ] Safepoint "Cleanup", Time since last: 1000351884 ns, Reaching safepoint: 215977 ns, At safepoint: 25512 ns, Total: 241489 ns
[2020-02-29T06:53:49.897+0000][1][safepoint    ] Safepoint "Cleanup", Time since last: 1000477032 ns, Reaching safepoint: 93365 ns, At safepoint: 10259 ns, Total: 103624 ns
[2020-02-29T06:53:50.407+0000][1][safepoint    ] Safepoint "RevokeBias", Time since last: 509798167 ns, Reaching safepoint: 129245 ns, At safepoint: 18876 ns, Total: 148121 ns
[2020-02-29T06:53:51.409+0000][1][safepoint    ] Safepoint "Cleanup", Time since last: 1001758382 ns, Reaching safepoint: 61009 ns, At safepoint: 6183 ns, Total: 67192 ns
[2020-02-29T06:53:52.411+0000][1][safepoint    ] Safepoint "Cleanup", Time since last: 1002103318 ns, Reaching safepoint: 72679 ns, At safepoint: 8937 ns, Total: 81616 ns
[2020-02-29T06:53:52.928+0000][1][safepoint    ] Safepoint "RevokeBias", Time since last: 516077402 ns, Reaching safepoint: 70173 ns, At safepoint: 17513 ns, Total: 87686 ns
[2020-02-29T06:53:53.934+0000][1][safepoint    ] Safepoint "Cleanup", Time since last: 1006333819 ns, Reaching safepoint: 130966 ns, At safepoint: 7529 ns, Total: 138495 ns
[2020-02-29T06:53:54.936+0000][1][safepoint    ] Safepoint "Cleanup", Time since last: 1002105963 ns, Reaching safepoint: 77377 ns, At safepoint: 6094 ns, Total: 83471 ns
[2020-02-29T06:53:55.448+0000][1][safepoint    ] Safepoint "RevokeBias", Time since last: 511261255 ns, Reaching safepoint: 69690 ns, At safepoint: 17473 ns, Total: 87163 ns
[2020-02-29T06:53:56.448+0000][1][safepoint    ] Safepoint "Cleanup", Time since last: 1000716043 ns, Reaching safepoint: 77302 ns, At safepoint: 7425 ns, Total: 84727 ns
[2020-02-29T06:53:57.455+0000][1][safepoint    ] Safepoint "Cleanup", Time since last: 1006827152 ns, Reaching safepoint: 77404 ns, At safepoint: 7422 ns, Total: 84826 ns
[2020-02-29T06:53:57.956+0000][1][safepoint    ] Safepoint "RevokeBias", Time since last: 500580888 ns, Reaching safepoint: 89569 ns, At safepoint: 20894 ns, Total: 110463 ns
[2020-02-29T06:53:58.960+0000][1][safepoint    ] Safepoint "Cleanup", Time since last: 1004031944 ns, Reaching safepoint: 162091 ns, At safepoint: 27172 ns, Total: 189263 ns
[2020-02-29T06:53:59.964+0000][1][safepoint    ] Safepoint "Cleanup", Time since last: 1003991466 ns, Reaching safepoint: 78429 ns, At safepoint: 7622 ns, Total: 86051 ns
[2020-02-29T06:54:00.464+0000][1][safepoint    ] Safepoint "RevokeBias", Time since last: 499676110 ns, Reaching safepoint: 75150 ns, At safepoint: 19401 ns, Total: 94551 ns
[2020-02-29T06:54:01.464+0000][1][safepoint    ] Safepoint "Cleanup", Time since last: 1000240626 ns, Reaching safepoint: 98552 ns, At safepoint: 9024 ns, Total: 107576 ns
[2020-02-29T06:54:02.472+0000][1][safepoint    ] Safepoint "Cleanup", Time since last: 1007510149 ns, Reaching safepoint: 84057 ns, At safepoint: 8521 ns, Total: 92578 ns
[2020-02-29T06:54:02.987+0000][1][safepoint    ] Safepoint "RevokeBias", Time since last: 515231293 ns, Reaching safepoint: 117768 ns, At safepoint: 19535 ns, Total: 137303 ns
[2020-02-29T06:54:03.995+0000][1][safepoint    ] Safepoint "Cleanup", Time since last: 1007928339 ns, Reaching safepoint: 80715 ns, At safepoint: 7688 ns, Total: 88403 ns
[2020-02-29T06:54:04.997+0000][1][safepoint    ] Safepoint "Cleanup", Time since last: 1001892988 ns, Reaching safepoint: 77446 ns, At safepoint: 7652 ns, Total: 85098 ns
[2020-02-29T06:54:05.507+0000][1][safepoint    ] Safepoint "RevokeBias", Time since last: 509294866 ns, Reaching safepoint: 71513 ns, At safepoint: 16933 ns, Total: 88446 ns
[2020-02-29T06:54:06.512+0000][1][safepoint    ] Safepoint "Cleanup", Time since last: 1005511211 ns, Reaching safepoint: 92515 ns, At safepoint: 7729 ns, Total: 100244 ns
[2020-02-29T06:54:07.513+0000][1][safepoint    ] Safepoint "Cleanup", Time since last: 1000888086 ns, Reaching safepoint: 78086 ns, At safepoint: 7464 ns, Total: 85550 ns
[2020-02-29T06:54:08.021+0000][1][safepoint    ] Safepoint "RevokeBias", Time since last: 507698085 ns, Reaching safepoint: 73890 ns, At safepoint: 18060 ns, Total: 91950 ns
[2020-02-29T06:54:09.023+0000][1][safepoint    ] Safepoint "Cleanup", Time since last: 1002092673 ns, Reaching safepoint: 79326 ns, At safepoint: 7824 ns, Total: 87150 ns
[2020-02-29T06:54:10.027+0000][1][safepoint    ] Safepoint "Cleanup", Time since last: 1003749265 ns, Reaching safepoint: 76324 ns, At safepoint: 8477 ns, Total: 84801 ns
[2020-02-29T06:54:10.541+0000][1][safepoint    ] Safepoint "RevokeBias", Time since last: 514038090 ns, Reaching safepoint: 72667 ns, At safepoint: 17813 ns, Total: 90480 ns
[2020-02-29T06:54:11.545+0000][1][safepoint    ] Safepoint "Cleanup", Time since last: 1003728379 ns, Reaching safepoint: 77921 ns, At safepoint: 7148 ns, Total: 85069 ns
[2020-02-29T06:54:12.550+0000][1][safepoint    ] Safepoint "Cleanup", Time since last: 1004913424 ns, Reaching safepoint: 78415 ns, At safepoint: 7732 ns, Total: 86147 ns
[2020-02-29T06:54:13.059+0000][1][safepoint    ] Safepoint "RevokeBias", Time since last: 508789216 ns, Reaching safepoint: 125997 ns, At safepoint: 16852 ns, Total: 142849 ns
[2020-02-29T06:54:14.060+0000][1][safepoint    ] Safepoint "Cleanup", Time since last: 1000973643 ns, Reaching safepoint: 90643 ns, At safepoint: 7515 ns, Total: 98158 ns
[2020-02-29T06:54:15.070+0000][1][safepoint    ] Safepoint "Cleanup", Time since last: 1009933557 ns, Reaching safepoint: 137508 ns, At safepoint: 10256 ns, Total: 147764 ns
[2020-02-29T06:54:15.576+0000][1][safepoint    ] Safepoint "RevokeBias", Time since last: 505265685 ns, Reaching safepoint: 72258 ns, At safepoint: 35599 ns, Total: 107857 ns
[2020-02-29T06:54:16.576+0000][1][safepoint    ] Safepoint "Cleanup", Time since last: 1000493748 ns, Reaching safepoint: 77867 ns, At safepoint: 7165 ns, Total: 85032 ns
[2020-02-29T06:54:17.586+0000][1][safepoint    ] Safepoint "Cleanup", Time since last: 1009851081 ns, Reaching safepoint: 124708 ns, At safepoint: 22413 ns, Total: 147121 ns
[2020-02-29T06:54:18.089+0000][1][safepoint    ] Safepoint "RevokeBias", Time since last: 502363067 ns, Reaching safepoint: 72923 ns, At safepoint: 96094 ns, Total: 169017 ns
[2020-02-29T06:54:19.090+0000][1][safepoint    ] Safepoint "Cleanup", Time since last: 1001310046 ns, Reaching safepoint: 76860 ns, At safepoint: 8056 ns, Total: 84916 ns
[2020-02-29T06:54:20.091+0000][1][safepoint    ] Safepoint "Cleanup", Time since last: 1001131619 ns, Reaching safepoint: 77658 ns, At safepoint: 7264 ns, Total: 84922 ns
[2020-02-29T06:54:20.610+0000][1][safepoint    ] Safepoint "RevokeBias", Time since last: 518488751 ns, Reaching safepoint: 73252 ns, At safepoint: 17447 ns, Total: 90699 ns
[2020-02-29T06:54:21.614+0000][1][safepoint    ] Safepoint "Cleanup", Time since last: 1003580060 ns, Reaching safepoint: 115918 ns, At safepoint: 24409 ns, Total: 140327 ns
[2020-02-29T06:54:22.616+0000][1][safepoint    ] Safepoint "Cleanup", Time since last: 1002420269 ns, Reaching safepoint: 75076 ns, At safepoint: 7724 ns, Total: 82800 ns
[2020-02-29T06:54:23.134+0000][1][safepoint    ] Safepoint "BulkRevokeBias", Time since last: 517128977 ns, Reaching safepoint: 53710 ns, At safepoint: 299991 ns, Total: 353701 ns
[2020-02-29T06:54:24.137+0000][1][safepoint    ] Safepoint "Cleanup", Time since last: 1003288951 ns, Reaching safepoint: 93623 ns, At safepoint: 8062 ns, Total: 101685 ns
[2020-02-29T06:54:25.137+0000][1][safepoint    ] Safepoint "Cleanup", Time since last: 1000394096 ns, Reaching safepoint: 77835 ns, At safepoint: 6961 ns, Total: 84796 ns
[2020-02-29T06:54:25.762+0000][1][safepoint    ] Safepoint "RevokeBias", Time since last: 521106671 ns, Reaching safepoint: 103394021 ns, At safepoint: 25395 ns, Total: 103419416 ns
[2020-02-29T06:54:26.765+0000][1][safepoint    ] Safepoint "Cleanup", Time since last: 1003019617 ns, Reaching safepoint: 62065 ns, At safepoint: 7027 ns, Total: 69092 ns
[2020-02-29T06:54:27.870+0000][1][safepoint    ] Safepoint "Cleanup", Time since last: 1002243003 ns, Reaching safepoint: 102378104 ns, At safepoint: 14363 ns, Total: 102392467 ns
[2020-02-29T06:54:28.174+0000][1][safepoint    ] Safepoint "RevokeBias", Time since last: 303910988 ns, Reaching safepoint: 76589 ns, At safepoint: 18900 ns, Total: 95489 ns
[2020-02-29T06:54:29.176+0000][1][safepoint    ] Safepoint "Cleanup", Time since last: 1002344225 ns, Reaching safepoint: 79415 ns, At safepoint: 7391 ns, Total: 86806 ns
[2020-02-29T06:54:30.178+0000][1][safepoint    ] Safepoint "Cleanup", Time since last: 1002148750 ns, Reaching safepoint: 87534 ns, At safepoint: 10756 ns, Total: 98290 ns
[2020-02-29T06:54:30.694+0000][1][safepoint    ] Safepoint "RevokeBias", Time since last: 515322680 ns, Reaching safepoint: 84459 ns, At safepoint: 21218 ns, Total: 105677 ns
[2020-02-29T06:54:31.696+0000][1][safepoint    ] Safepoint "Cleanup", Time since last: 1002146036 ns, Reaching safepoint: 112281 ns, At safepoint: 8699 ns, Total: 120980 ns
[2020-02-29T06:54:32.698+0000][1][safepoint    ] Safepoint "Cleanup", Time since last: 1002335715 ns, Reaching safepoint: 78627 ns, At safepoint: 7569 ns, Total: 86196 ns
[2020-02-29T06:54:33.214+0000][1][safepoint    ] Safepoint "RevokeBias", Time since last: 515012599 ns, Reaching safepoint: 54853 ns, At safepoint: 16488 ns, Total: 71341 ns
[2020-02-29T06:54:34.220+0000][1][safepoint    ] Safepoint "Cleanup", Time since last: 1005917670 ns, Reaching safepoint: 78888 ns, At safepoint: 7128 ns, Total: 86016 ns
[2020-02-29T06:54:35.224+0000][1][safepoint    ] Safepoint "Cleanup", Time since last: 1004141511 ns, Reaching safepoint: 91637 ns, At safepoint: 6070 ns, Total: 97707 ns
[2020-02-29T06:54:35.727+0000][1][safepoint    ] Safepoint "RevokeBias", Time since last: 503460506 ns, Reaching safepoint: 53474 ns, At safepoint: 15512 ns, Total: 68986 ns
[2020-02-29T06:54:36.728+0000][1][safepoint    ] Safepoint "Cleanup", Time since last: 1000977192 ns, Reaching safepoint: 82379 ns, At safepoint: 7952 ns, Total: 90331 ns
[2020-02-29T06:54:37.729+0000][1][safepoint    ] Safepoint "Cleanup", Time since last: 1000362422 ns, Reaching safepoint: 179976 ns, At safepoint: 29346 ns, Total: 209322 ns
[2020-02-29T06:54:38.248+0000][1][safepoint    ] Safepoint "RevokeBias", Time since last: 518538982 ns, Reaching safepoint: 54543 ns, At safepoint: 16126 ns, Total: 70669 ns
[2020-02-29T06:54:39.250+0000][1][safepoint    ] Safepoint "Cleanup", Time since last: 1002781395 ns, Reaching safepoint: 78573 ns, At safepoint: 7861 ns, Total: 86434 ns
[2020-02-29T06:54:40.256+0000][1][safepoint    ] Safepoint "Cleanup", Time since last: 1005574801 ns, Reaching safepoint: 145941 ns, At safepoint: 8255 ns, Total: 154196 ns
[2020-02-29T06:54:40.775+0000][1][safepoint    ] Safepoint "RevokeBias", Time since last: 518674754 ns, Reaching safepoint: 71817 ns, At safepoint: 17863 ns, Total: 89680 ns
[2020-02-29T06:54:41.778+0000][1][safepoint    ] Safepoint "Cleanup", Time since last: 1003406536 ns, Reaching safepoint: 78210 ns, At safepoint: 7792 ns, Total: 86002 ns
[2020-02-29T06:54:42.782+0000][1][safepoint    ] Safepoint "Cleanup", Time since last: 1003540674 ns, Reaching safepoint: 98582 ns, At safepoint: 9286 ns, Total: 107868 ns
[2020-02-29T06:54:43.299+0000][1][safepoint    ] Safepoint "RevokeBias", Time since last: 516401439 ns, Reaching safepoint: 73715 ns, At safepoint: 18554 ns, Total: 92269 ns
[2020-02-29T06:54:44.302+0000][1][safepoint    ] Safepoint "Cleanup", Time since last: 1003703931 ns, Reaching safepoint: 62599 ns, At safepoint: 7707 ns, Total: 70306 ns
[2020-02-29T06:54:45.312+0000][1][safepoint    ] Safepoint "Cleanup", Time since last: 1009633471 ns, Reaching safepoint: 175279 ns, At safepoint: 12397 ns, Total: 187676 ns
[2020-02-29T06:54:45.819+0000][1][safepoint    ] Safepoint "RevokeBias", Time since last: 506498076 ns, Reaching safepoint: 66290 ns, At safepoint: 87050 ns, Total: 153340 ns
[2020-02-29T06:54:46.821+0000][1][safepoint    ] Safepoint "Cleanup", Time since last: 1002313933 ns, Reaching safepoint: 102371 ns, At safepoint: 9036 ns, Total: 111407 ns
[2020-02-29T06:54:47.830+0000][1][safepoint    ] Safepoint "Cleanup", Time since last: 1008567443 ns, Reaching safepoint: 137501 ns, At safepoint: 7311 ns, Total: 144812 ns
[2020-02-29T06:54:48.330+0000][1][safepoint    ] Safepoint "RevokeBias", Time since last: 500374562 ns, Reaching safepoint: 75704 ns, At safepoint: 18096 ns, Total: 93800 ns
[2020-02-29T06:54:49.331+0000][1][safepoint    ] Safepoint "Cleanup", Time since last: 1000452089 ns, Reaching safepoint: 79978 ns, At safepoint: 7503 ns, Total: 87481 ns
[2020-02-29T06:54:50.338+0000][1][safepoint    ] Safepoint "Cleanup", Time since last: 1006952406 ns, Reaching safepoint: 65185 ns, At safepoint: 7213 ns, Total: 72398 ns
[2020-02-29T06:54:50.848+0000][1][safepoint    ] Safepoint "RevokeBias", Time since last: 510259834 ns, Reaching safepoint: 146767 ns, At safepoint: 34684 ns, Total: 181451 ns
[2020-02-29T06:54:51.851+0000][1][safepoint    ] Safepoint "Cleanup", Time since last: 1002560201 ns, Reaching safepoint: 118627 ns, At safepoint: 11789 ns, Total: 130416 ns
[2020-02-29T06:54:52.855+0000][1][safepoint    ] Safepoint "Cleanup", Time since last: 1003859720 ns, Reaching safepoint: 80111 ns, At safepoint: 7697 ns, Total: 87808 ns
[2020-02-29T06:54:53.380+0000][1][safepoint    ] Safepoint "RevokeBias", Time since last: 525121254 ns, Reaching safepoint: 54836 ns, At safepoint: 15582 ns, Total: 70418 ns
[2020-02-29T06:54:54.950+0000][1][safepoint    ] Safepoint "Cleanup", Time since last: 1569796585 ns, Reaching safepoint: 77691 ns, At safepoint: 6835 ns, Total: 84526 ns
[2020-02-29T06:54:55.898+0000][1][safepoint    ] Safepoint "RevokeBias", Time since last: 947726211 ns, Reaching safepoint: 138606 ns, At safepoint: 28224 ns, Total: 166830 ns
[2020-02-29T06:54:56.908+0000][1][safepoint    ] Safepoint "Cleanup", Time since last: 1009709271 ns, Reaching safepoint: 100632 ns, At safepoint: 8119 ns, Total: 108751 ns
[2020-02-29T06:54:57.913+0000][1][safepoint    ] Safepoint "Cleanup", Time since last: 1005598139 ns, Reaching safepoint: 74491 ns, At safepoint: 5762 ns, Total: 80253 ns
[2020-02-29T06:54:58.415+0000][1][safepoint    ] Safepoint "RevokeBias", Time since last: 501786724 ns, Reaching safepoint: 172187 ns, At safepoint: 20702 ns, Total: 192889 ns
[2020-02-29T06:54:59.419+0000][1][safepoint    ] Safepoint "Cleanup", Time since last: 1003832032 ns, Reaching safepoint: 78423 ns, At safepoint: 7575 ns, Total: 85998 ns
[2020-02-29T06:55:00.423+0000][1][safepoint    ] Safepoint "Cleanup", Time since last: 1003582676 ns, Reaching safepoint: 78864 ns, At safepoint: 7725 ns, Total: 86589 ns
[2020-02-29T06:55:00.929+0000][1][safepoint    ] Safepoint "RevokeBias", Time since last: 506203093 ns, Reaching safepoint: 74136 ns, At safepoint: 18327 ns, Total: 92463 ns
[2020-02-29T06:55:01.930+0000][1][safepoint    ] Safepoint "Cleanup", Time since last: 1000961379 ns, Reaching safepoint: 79537 ns, At safepoint: 7660 ns, Total: 87197 ns
[2020-02-29T06:55:02.934+0000][1][safepoint    ] Safepoint "Cleanup", Time since last: 1003681608 ns, Reaching safepoint: 79636 ns, At safepoint: 7674 ns, Total: 87310 ns
[2020-02-29T06:55:03.445+0000][1][safepoint    ] Safepoint "RevokeBias", Time since last: 510209608 ns, Reaching safepoint: 157395 ns, At safepoint: 20269 ns, Total: 177664 ns
[2020-02-29T06:55:04.448+0000][1][safepoint    ] Safepoint "Cleanup", Time since last: 1003224890 ns, Reaching safepoint: 138000 ns, At safepoint: 10960 ns, Total: 148960 ns
[2020-02-29T06:55:05.453+0000][1][safepoint    ] Safepoint "Cleanup", Time since last: 1005262258 ns, Reaching safepoint: 105115 ns, At safepoint: 11143 ns, Total: 116258 ns
[2020-02-29T06:55:05.960+0000][1][safepoint    ] Safepoint "RevokeBias", Time since last: 507021603 ns, Reaching safepoint: 92675 ns, At safepoint: 16977 ns, Total: 109652 ns
[2020-02-29T06:55:06.963+0000][1][safepoint    ] Safepoint "Cleanup", Time since last: 1002638679 ns, Reaching safepoint: 77451 ns, At safepoint: 7206 ns, Total: 84657 ns
[2020-02-29T06:55:07.964+0000][1][safepoint    ] Safepoint "Cleanup", Time since last: 1000612378 ns, Reaching safepoint: 79691 ns, At safepoint: 7306 ns, Total: 86997 ns
[2020-02-29T06:55:08.487+0000][1][safepoint    ] Safepoint "RevokeBias", Time since last: 523073922 ns, Reaching safepoint: 54566 ns, At safepoint: 16577 ns, Total: 71143 ns
[2020-02-29T06:55:09.489+0000][1][safepoint    ] Safepoint "Cleanup", Time since last: 1001825240 ns, Reaching safepoint: 117908 ns, At safepoint: 27952 ns, Total: 145860 ns
[2020-02-29T06:55:10.494+0000][1][safepoint    ] Safepoint "Cleanup", Time since last: 1004845813 ns, Reaching safepoint: 161173 ns, At safepoint: 21635 ns, Total: 182808 ns
[2020-02-29T06:55:11.005+0000][1][safepoint    ] Safepoint "RevokeBias", Time since last: 511331666 ns, Reaching safepoint: 72934 ns, At safepoint: 18017 ns, Total: 90951 ns
[2020-02-29T06:55:12.010+0000][1][safepoint    ] Safepoint "Cleanup", Time since last: 1004310442 ns, Reaching safepoint: 104303 ns, At safepoint: 11144 ns, Total: 115447 ns
[2020-02-29T06:55:13.011+0000][1][safepoint    ] Safepoint "Cleanup", Time since last: 1001400477 ns, Reaching safepoint: 79329 ns, At safepoint: 7411 ns, Total: 86740 ns
[2020-02-29T06:55:13.532+0000][1][safepoint    ] Safepoint "RevokeBias", Time since last: 520263596 ns, Reaching safepoint: 78818 ns, At safepoint: 19916 ns, Total: 98734 ns
[2020-02-29T06:55:14.535+0000][1][safepoint    ] Safepoint "Cleanup", Time since last: 1002719619 ns, Reaching safepoint: 145102 ns, At safepoint: 9430 ns, Total: 154532 ns
[2020-02-29T06:55:15.537+0000][1][safepoint    ] Safepoint "Cleanup", Time since last: 1002490733 ns, Reaching safepoint: 78176 ns, At safepoint: 8040 ns, Total: 86216 ns
[2020-02-29T06:55:16.045+0000][1][safepoint    ] Safepoint "RevokeBias", Time since last: 507441182 ns, Reaching safepoint: 72129 ns, At safepoint: 17981 ns, Total: 90110 ns
[2020-02-29T06:55:17.047+0000][1][safepoint    ] Safepoint "Cleanup", Time since last: 1002561272 ns, Reaching safepoint: 124098 ns, At safepoint: 11247 ns, Total: 135345 ns
[2020-02-29T06:55:18.050+0000][1][safepoint    ] Safepoint "Cleanup", Time since last: 1002550662 ns, Reaching safepoint: 99750 ns, At safepoint: 26039 ns, Total: 125789 ns
[2020-02-29T06:55:18.554+0000][1][safepoint    ] Safepoint "RevokeBias", Time since last: 503413232 ns, Reaching safepoint: 76172 ns, At safepoint: 17922 ns, Total: 94094 ns
[2020-02-29T06:55:19.554+0000][1][safepoint    ] Safepoint "Cleanup", Time since last: 1000377876 ns, Reaching safepoint: 81355 ns, At safepoint: 9429 ns, Total: 90784 ns
[2020-02-29T06:55:20.554+0000][1][safepoint    ] Safepoint "Cleanup", Time since last: 1000148784 ns, Reaching safepoint: 131728 ns, At safepoint: 12969 ns, Total: 144697 ns
[2020-02-29T06:55:21.074+0000][1][safepoint    ] Safepoint "RevokeBias", Time since last: 519922190 ns, Reaching safepoint: 73453 ns, At safepoint: 34541 ns, Total: 107994 ns
[2020-02-29T06:55:22.075+0000][1][safepoint    ] Safepoint "Cleanup", Time since last: 1001036413 ns, Reaching safepoint: 77165 ns, At safepoint: 6958 ns, Total: 84123 ns
[2020-02-29T06:55:23.084+0000][1][safepoint    ] Safepoint "Cleanup", Time since last: 1008014337 ns, Reaching safepoint: 195698 ns, At safepoint: 11921 ns, Total: 207619 ns
[2020-02-29T06:55:23.597+0000][1][safepoint    ] Safepoint "RevokeBias", Time since last: 512955974 ns, Reaching safepoint: 71800 ns, At safepoint: 17526 ns, Total: 89326 ns
[2020-02-29T06:55:24.605+0000][1][safepoint    ] Safepoint "Cleanup", Time since last: 1008515503 ns, Reaching safepoint: 75841 ns, At safepoint: 6802 ns, Total: 82643 ns
[2020-02-29T06:55:25.615+0000][1][safepoint    ] Safepoint "Cleanup", Time since last: 1009659355 ns, Reaching safepoint: 102786 ns, At safepoint: 10937 ns, Total: 113723 ns
[2020-02-29T06:55:26.114+0000][1][safepoint    ] Safepoint "RevokeBias", Time since last: 499148750 ns, Reaching safepoint: 72886 ns, At safepoint: 17686 ns, Total: 90572 ns
[2020-02-29T06:55:27.117+0000][1][safepoint    ] Safepoint "Cleanup", Time since last: 1002725927 ns, Reaching safepoint: 78943 ns, At safepoint: 7149 ns, Total: 86092 ns
[2020-02-29T06:55:28.117+0000][1][safepoint    ] Safepoint "Cleanup", Time since last: 1000198408 ns, Reaching safepoint: 81533 ns, At safepoint: 8569 ns, Total: 90102 ns
[2020-02-29T06:55:28.632+0000][1][safepoint    ] Safepoint "RevokeBias", Time since last: 514281839 ns, Reaching safepoint: 95965 ns, At safepoint: 26767 ns, Total: 122732 ns
[2020-02-29T06:55:29.637+0000][1][safepoint    ] Safepoint "Cleanup", Time since last: 1005528707 ns, Reaching safepoint: 77656 ns, At safepoint: 7739 ns, Total: 85395 ns
[2020-02-29T06:55:30.645+0000][1][safepoint    ] Safepoint "Cleanup", Time since last: 1007391387 ns, Reaching safepoint: 154965 ns, At safepoint: 8222 ns, Total: 163187 ns
[2020-02-29T06:55:31.148+0000][1][safepoint    ] Safepoint "RevokeBias", Time since last: 502375302 ns, Reaching safepoint: 74063 ns, At safepoint: 18400 ns, Total: 92463 ns
[2020-02-29T06:55:32.148+0000][1][safepoint    ] Safepoint "Cleanup", Time since last: 1000612067 ns, Reaching safepoint: 95601 ns, At safepoint: 7591 ns, Total: 103192 ns
[2020-02-29T06:55:33.150+0000][1][safepoint    ] Safepoint "Cleanup", Time since last: 1001806461 ns, Reaching safepoint: 61737 ns, At safepoint: 7188 ns, Total: 68925 ns
[2020-02-29T06:55:33.665+0000][1][safepoint    ] Safepoint "RevokeBias", Time since last: 514406326 ns, Reaching safepoint: 70721 ns, At safepoint: 17193 ns, Total: 87914 ns
[2020-02-29T06:55:34.673+0000][1][safepoint    ] Safepoint "Cleanup", Time since last: 1008123925 ns, Reaching safepoint: 66154 ns, At safepoint: 7480 ns, Total: 73634 ns
[2020-02-29T06:55:35.676+0000][1][safepoint    ] Safepoint "Cleanup", Time since last: 1003378179 ns, Reaching safepoint: 107639 ns, At safepoint: 6907 ns, Total: 114546 ns
[2020-02-29T06:55:36.180+0000][1][safepoint    ] Safepoint "BulkRevokeBias", Time since last: 503759925 ns, Reaching safepoint: 118624 ns, At safepoint: 186549 ns, Total: 305173 ns
[2020-02-29T06:55:37.186+0000][1][safepoint    ] Safepoint "Cleanup", Time since last: 1005726091 ns, Reaching safepoint: 63776 ns, At safepoint: 7095 ns, Total: 70871 ns
[2020-02-29T06:55:38.192+0000][1][safepoint    ] Safepoint "Cleanup", Time since last: 1006044502 ns, Reaching safepoint: 190240 ns, At safepoint: 13804 ns, Total: 204044 ns
[2020-02-29T06:55:38.703+0000][1][safepoint    ] Safepoint "RevokeBias", Time since last: 510932635 ns, Reaching safepoint: 88766 ns, At safepoint: 18134 ns, Total: 106900 ns
[2020-02-29T06:55:39.704+0000][1][safepoint    ] Safepoint "Cleanup", Time since last: 1000372675 ns, Reaching safepoint: 79744 ns, At safepoint: 7404 ns, Total: 87148 ns
[2020-02-29T06:55:40.704+0000][1][safepoint    ] Safepoint "Cleanup", Time since last: 1000488092 ns, Reaching safepoint: 80450 ns, At safepoint: 8813 ns, Total: 89263 ns
[2020-02-29T06:55:41.227+0000][1][safepoint    ] Safepoint "RevokeBias", Time since last: 522697777 ns, Reaching safepoint: 72926 ns, At safepoint: 17927 ns, Total: 90853 ns
[2020-02-29T06:55:42.235+0000][1][safepoint    ] Safepoint "Cleanup", Time since last: 1008026144 ns, Reaching safepoint: 61135 ns, At safepoint: 7379 ns, Total: 68514 ns
[2020-02-29T06:55:43.242+0000][1][safepoint    ] Safepoint "Cleanup", Time since last: 1006761052 ns, Reaching safepoint: 62451 ns, At safepoint: 7329 ns, Total: 69780 ns
[2020-02-29T06:55:43.752+0000][1][safepoint    ] Safepoint "RevokeBias", Time since last: 509188487 ns, Reaching safepoint: 118965 ns, At safepoint: 19877 ns, Total: 138842 ns
[2020-02-29T06:55:44.755+0000][1][safepoint    ] Safepoint "Cleanup", Time since last: 1003490009 ns, Reaching safepoint: 79391 ns, At safepoint: 7912 ns, Total: 87303 ns
[2020-02-29T06:55:45.756+0000][1][safepoint    ] Safepoint "Cleanup", Time since last: 1000402935 ns, Reaching safepoint: 61445 ns, At safepoint: 7036 ns, Total: 68481 ns
[2020-02-29T06:55:46.274+0000][1][safepoint    ] Safepoint "RevokeBias", Time since last: 518055761 ns, Reaching safepoint: 54497 ns, At safepoint: 15523 ns, Total: 70020 ns
[2020-02-29T06:55:47.281+0000][1][safepoint    ] Safepoint "Cleanup", Time since last: 1007665380 ns, Reaching safepoint: 77895 ns, At safepoint: 7458 ns, Total: 85353 ns
[2020-02-29T06:55:48.285+0000][1][safepoint    ] Safepoint "Cleanup", Time since last: 1003386158 ns, Reaching safepoint: 99698 ns, At safepoint: 9298 ns, Total: 108996 ns
[2020-02-29T06:55:48.793+0000][1][safepoint    ] Safepoint "RevokeBias", Time since last: 508413331 ns, Reaching safepoint: 71508 ns, At safepoint: 17578 ns, Total: 89086 ns
[2020-02-29T06:55:49.794+0000][1][safepoint    ] Safepoint "Cleanup", Time since last: 1000644994 ns, Reaching safepoint: 78607 ns, At safepoint: 7265 ns, Total: 85872 ns
[2020-02-29T06:55:50.799+0000][1][safepoint    ] Safepoint "Cleanup", Time since last: 1005140400 ns, Reaching safepoint: 96594 ns, At safepoint: 7722 ns, Total: 104316 ns
[2020-02-29T06:55:51.303+0000][1][safepoint    ] Safepoint "RevokeBias", Time since last: 503548158 ns, Reaching safepoint: 147864 ns, At safepoint: 50711 ns, Total: 198575 ns
[2020-02-29T06:55:52.308+0000][1][safepoint    ] Safepoint "Cleanup", Time since last: 1004839199 ns, Reaching safepoint: 79051 ns, At safepoint: 7487 ns, Total: 86538 ns
[2020-02-29T06:55:53.310+0000][1][safepoint    ] Safepoint "Cleanup", Time since last: 1001959481 ns, Reaching safepoint: 62245 ns, At safepoint: 7209 ns, Total: 69454 ns
[2020-02-29T06:55:53.818+0000][1][safepoint    ] Safepoint "RevokeBias", Time since last: 508182367 ns, Reaching safepoint: 74229 ns, At safepoint: 20352 ns, Total: 94581 ns
[2020-02-29T06:55:54.820+0000][1][safepoint    ] Safepoint "Cleanup", Time since last: 1001949852 ns, Reaching safepoint: 93576 ns, At safepoint: 7698 ns, Total: 101274 ns
[2020-02-29T06:55:55.823+0000][1][safepoint    ] Safepoint "Cleanup", Time since last: 1002906317 ns, Reaching safepoint: 79532 ns, At safepoint: 7300 ns, Total: 86832 ns
[2020-02-29T06:55:56.335+0000][1][safepoint    ] Safepoint "RevokeBias", Time since last: 511470616 ns, Reaching safepoint: 81108 ns, At safepoint: 19216 ns, Total: 100324 ns
[2020-02-29T06:55:57.346+0000][1][safepoint    ] Safepoint "Cleanup", Time since last: 1010790472 ns, Reaching safepoint: 96565 ns, At safepoint: 8438 ns, Total: 105003 ns
[2020-02-29T06:55:58.204+0000][1][gc,start     ] GC(86) Pause Young (Allocation Failure)
[2020-02-29T06:55:58.204+0000][1][gc,task      ] GC(86) Using 1 workers of 1 for evacuation
[2020-02-29T06:55:58.235+0000][1][gc,age       ] GC(86) Desired survivor size 4358144 bytes, new threshold 6 (max threshold 6)
[2020-02-29T06:55:58.235+0000][1][gc,age       ] GC(86) Age table with threshold 6 (max threshold 6)
[2020-02-29T06:55:58.235+0000][1][gc,age       ] GC(86) - age   1:      14856 bytes,      14856 total
[2020-02-29T06:55:58.235+0000][1][gc,age       ] GC(86) - age   2:       1464 bytes,      16320 total
[2020-02-29T06:55:58.235+0000][1][gc,age       ] GC(86) - age   3:       1320 bytes,      17640 total
[2020-02-29T06:55:58.235+0000][1][gc,age       ] GC(86) - age   4:        336 bytes,      17976 total
[2020-02-29T06:55:58.235+0000][1][gc,age       ] GC(86) - age   5:        128 bytes,      18104 total
[2020-02-29T06:55:58.235+0000][1][gc,age       ] GC(86) - age   6:        704 bytes,      18808 total
[2020-02-29T06:55:58.235+0000][1][gc,heap      ] GC(86) ParNew: 68176K->28K(76672K)
[2020-02-29T06:55:58.235+0000][1][gc,heap      ] GC(86) CMS: 62572K->62573K(963392K)
[2020-02-29T06:55:58.235+0000][1][gc,metaspace ] GC(86) Metaspace: 80028K->80028K(1122304K)
[2020-02-29T06:55:58.235+0000][1][gc           ] GC(86) Pause Young (Allocation Failure) 127M->61M(1015M) 31.069ms
[2020-02-29T06:55:58.235+0000][1][gc,cpu       ] GC(86) User=0.01s Sys=0.00s Real=0.03s
[2020-02-29T06:55:58.235+0000][1][safepoint    ] Safepoint "GenCollectForAllocation", Time since last: 858131833 ns, Reaching safepoint: 98218 ns, At safepoint: 31128352 ns, Total: 31226570 ns
[2020-02-29T06:55:58.845+0000][1][safepoint    ] Safepoint "RevokeBias", Time since last: 609203910 ns, Reaching safepoint: 70074 ns, At safepoint: 17796 ns, Total: 87870 ns
[2020-02-29T06:55:59.846+0000][1][safepoint    ] Safepoint "Cleanup", Time since last: 1000926165 ns, Reaching safepoint: 98640 ns, At safepoint: 57757 ns, Total: 156397 ns
[2020-02-29T06:56:00.848+0000][1][safepoint    ] Safepoint "Cleanup", Time since last: 1002164548 ns, Reaching safepoint: 106535 ns, At safepoint: 6896 ns, Total: 113431 ns
[2020-02-29T06:56:01.351+0000][1][safepoint    ] Safepoint "RevokeBias", Time since last: 502987435 ns, Reaching safepoint: 51990 ns, At safepoint: 15878 ns, Total: 67868 ns
[2020-02-29T06:56:02.351+0000][1][safepoint    ] Safepoint "Cleanup", Time since last: 1000378200 ns, Reaching safepoint: 62058 ns, At safepoint: 7138 ns, Total: 69196 ns
[2020-02-29T06:56:03.359+0000][1][safepoint    ] Safepoint "Cleanup", Time since last: 1007389791 ns, Reaching safepoint: 77010 ns, At safepoint: 7326 ns, Total: 84336 ns
[2020-02-29T06:56:03.868+0000][1][safepoint    ] Safepoint "RevokeBias", Time since last: 509002348 ns, Reaching safepoint: 55178 ns, At safepoint: 16841 ns, Total: 72019 ns
[2020-02-29T06:56:04.870+0000][1][safepoint    ] Safepoint "Cleanup", Time since last: 1001798229 ns, Reaching safepoint: 78278 ns, At safepoint: 7844 ns, Total: 86122 ns
[2020-02-29T06:56:05.870+0000][1][safepoint    ] Safepoint "Cleanup", Time since last: 1000301665 ns, Reaching safepoint: 79572 ns, At safepoint: 7040 ns, Total: 86612 ns
[2020-02-29T06:56:06.387+0000][1][safepoint    ] Safepoint "RevokeBias", Time since last: 517129564 ns, Reaching safepoint: 72394 ns, At safepoint: 17561 ns, Total: 89955 ns
[2020-02-29T06:56:07.393+0000][1][safepoint    ] Safepoint "Cleanup", Time since last: 1005759939 ns, Reaching safepoint: 131548 ns, At safepoint: 8424 ns, Total: 139972 ns
[2020-02-29T06:56:08.403+0000][1][safepoint    ] Safepoint "Cleanup", Time since last: 1009815880 ns, Reaching safepoint: 104350 ns, At safepoint: 12213 ns, Total: 116563 ns
[2020-02-29T06:56:08.904+0000][1][safepoint    ] Safepoint "RevokeBias", Time since last: 500179555 ns, Reaching safepoint: 73590 ns, At safepoint: 17777 ns, Total: 91367 ns
[2020-02-29T06:56:09.909+0000][1][safepoint    ] Safepoint "Cleanup", Time since last: 1005697506 ns, Reaching safepoint: 61431 ns, At safepoint: 7732 ns, Total: 69163 ns
[2020-02-29T06:56:10.913+0000][1][safepoint    ] Safepoint "Cleanup", Time since last: 1003740892 ns, Reaching safepoint: 92781 ns, At safepoint: 8391 ns, Total: 101172 ns
[2020-02-29T06:56:11.422+0000][1][safepoint    ] Safepoint "RevokeBias", Time since last: 509164996 ns, Reaching safepoint: 86634 ns, At safepoint: 18441 ns, Total: 105075 ns
[2020-02-29T06:56:12.426+0000][1][safepoint    ] Safepoint "Cleanup", Time since last: 1003804438 ns, Reaching safepoint: 168551 ns, At safepoint: 7037 ns, Total: 175588 ns
[2020-02-29T06:56:13.431+0000][1][safepoint    ] Safepoint "Cleanup", Time since last: 1004379007 ns, Reaching safepoint: 79170 ns, At safepoint: 7737 ns, Total: 86907 ns
[2020-02-29T06:56:13.945+0000][1][safepoint    ] Safepoint "RevokeBias", Time since last: 514309519 ns, Reaching safepoint: 71671 ns, At safepoint: 17012 ns, Total: 88683 ns
[2020-02-29T06:56:14.952+0000][1][safepoint    ] Safepoint "Cleanup", Time since last: 1006805265 ns, Reaching safepoint: 61561 ns, At safepoint: 7672 ns, Total: 69233 ns
[2020-02-29T06:56:15.962+0000][1][safepoint    ] Safepoint "Cleanup", Time since last: 1010134504 ns, Reaching safepoint: 109409 ns, At safepoint: 8794 ns, Total: 118203 ns
[2020-02-29T06:56:16.470+0000][1][safepoint    ] Safepoint "RevokeBias", Time since last: 507328459 ns, Reaching safepoint: 72206 ns, At safepoint: 18092 ns, Total: 90298 ns
[2020-02-29T06:56:17.475+0000][1][safepoint    ] Safepoint "Cleanup", Time since last: 1004935627 ns, Reaching safepoint: 79602 ns, At safepoint: 8150 ns, Total: 87752 ns
[2020-02-29T06:56:18.482+0000][1][safepoint    ] Safepoint "Cleanup", Time since last: 1007143542 ns, Reaching safepoint: 77928 ns, At safepoint: 7212 ns, Total: 85140 ns
[2020-02-29T06:56:18.986+0000][1][safepoint    ] Safepoint "RevokeBias", Time since last: 504248773 ns, Reaching safepoint: 110066 ns, At safepoint: 20285 ns, Total: 130351 ns
[2020-02-29T06:56:19.993+0000][1][safepoint    ] Safepoint "Cleanup", Time since last: 1006709591 ns, Reaching safepoint: 125091 ns, At safepoint: 7501 ns, Total: 132592 ns
[2020-02-29T06:56:20.995+0000][1][safepoint    ] Safepoint "Cleanup", Time since last: 1001981912 ns, Reaching safepoint: 78263 ns, At safepoint: 7573 ns, Total: 85836 ns
[2020-02-29T06:56:21.502+0000][1][safepoint    ] Safepoint "RevokeBias", Time since last: 506940060 ns, Reaching safepoint: 56403 ns, At safepoint: 32319 ns, Total: 88722 ns
[2020-02-29T06:56:22.504+0000][1][safepoint    ] Safepoint "Cleanup", Time since last: 1001756882 ns, Reaching safepoint: 61749 ns, At safepoint: 7049 ns, Total: 68798 ns
[2020-02-29T06:56:23.512+0000][1][safepoint    ] Safepoint "Cleanup", Time since last: 1007871791 ns, Reaching safepoint: 62320 ns, At safepoint: 7676 ns, Total: 69996 ns
[2020-02-29T06:56:24.013+0000][1][safepoint    ] Safepoint "RevokeBias", Time since last: 501035732 ns, Reaching safepoint: 85618 ns, At safepoint: 18054 ns, Total: 103672 ns
[2020-02-29T06:56:25.023+0000][1][safepoint    ] Safepoint "Cleanup", Time since last: 1009612973 ns, Reaching safepoint: 64444 ns, At safepoint: 7456 ns, Total: 71900 ns
[2020-02-29T06:56:26.027+0000][1][safepoint    ] Safepoint "Cleanup", Time since last: 1004182489 ns, Reaching safepoint: 63000 ns, At safepoint: 7579 ns, Total: 70579 ns
[2020-02-29T06:56:26.540+0000][1][safepoint    ] Safepoint "RevokeBias", Time since last: 512916016 ns, Reaching safepoint: 52784 ns, At safepoint: 16508 ns, Total: 69292 ns
[2020-02-29T06:56:27.546+0000][1][safepoint    ] Safepoint "Cleanup", Time since last: 1005728691 ns, Reaching safepoint: 95567 ns, At safepoint: 7810 ns, Total: 103377 ns
[2020-02-29T06:56:28.549+0000][1][safepoint    ] Safepoint "Cleanup", Time since last: 1003156192 ns, Reaching safepoint: 82249 ns, At safepoint: 7556 ns, Total: 89805 ns
[2020-02-29T06:56:29.061+0000][1][safepoint    ] Safepoint "RevokeBias", Time since last: 511282542 ns, Reaching safepoint: 73891 ns, At safepoint: 18465 ns, Total: 92356 ns
[2020-02-29T06:56:30.062+0000][1][safepoint    ] Safepoint "Cleanup", Time since last: 1001350952 ns, Reaching safepoint: 98517 ns, At safepoint: 10809 ns, Total: 109326 ns
[2020-02-29T06:56:31.063+0000][1][safepoint    ] Safepoint "Cleanup", Time since last: 1001224639 ns, Reaching safepoint: 76365 ns, At safepoint: 5509 ns, Total: 81874 ns
[2020-02-29T06:56:31.569+0000][1][safepoint    ] Safepoint "RevokeBias", Time since last: 505628572 ns, Reaching safepoint: 99072 ns, At safepoint: 28667 ns, Total: 127739 ns
[2020-02-29T06:56:32.570+0000][1][safepoint    ] Safepoint "Cleanup", Time since last: 1000368625 ns, Reaching safepoint: 82114 ns, At safepoint: 8202 ns, Total: 90316 ns
[2020-02-29T06:56:33.570+0000][1][safepoint    ] Safepoint "Cleanup", Time since last: 1000347424 ns, Reaching safepoint: 85900 ns, At safepoint: 6982 ns, Total: 92882 ns
[2020-02-29T06:56:34.085+0000][1][safepoint    ] Safepoint "RevokeBias", Time since last: 514632590 ns, Reaching safepoint: 75572 ns, At safepoint: 17966 ns, Total: 93538 ns
[2020-02-29T06:56:35.094+0000][1][safepoint    ] Safepoint "Cleanup", Time since last: 1009332571 ns, Reaching safepoint: 92382 ns, At safepoint: 13022 ns, Total: 105404 ns
[2020-02-29T06:56:36.096+0000][1][safepoint    ] Safepoint "Cleanup", Time since last: 1001996058 ns, Reaching safepoint: 119932 ns, At safepoint: 10351 ns, Total: 130283 ns
[2020-02-29T06:56:36.606+0000][1][safepoint    ] Safepoint "RevokeBias", Time since last: 509798740 ns, Reaching safepoint: 68821 ns, At safepoint: 18088 ns, Total: 86909 ns
[2020-02-29T06:56:37.617+0000][1][safepoint    ] Safepoint "Cleanup", Time since last: 1010840759 ns, Reaching safepoint: 81390 ns, At safepoint: 8270 ns, Total: 89660 ns
[2020-02-29T06:56:38.619+0000][1][safepoint    ] Safepoint "Cleanup", Time since last: 1001866669 ns, Reaching safepoint: 78770 ns, At safepoint: 7713 ns, Total: 86483 ns
[2020-02-29T06:56:39.128+0000][1][safepoint    ] Safepoint "RevokeBias", Time since last: 508804923 ns, Reaching safepoint: 70858 ns, At safepoint: 17314 ns, Total: 88172 ns
[2020-02-29T06:56:40.133+0000][1][safepoint    ] Safepoint "Cleanup", Time since last: 1004751859 ns, Reaching safepoint: 74840 ns, At safepoint: 6897 ns, Total: 81737 ns
[2020-02-29T06:56:41.135+0000][1][safepoint    ] Safepoint "Cleanup", Time since last: 1001954587 ns, Reaching safepoint: 112106 ns, At safepoint: 7060 ns, Total: 119166 ns
[2020-02-29T06:56:41.642+0000][1][safepoint    ] Safepoint "RevokeBias", Time since last: 506948253 ns, Reaching safepoint: 54914 ns, At safepoint: 15829 ns, Total: 70743 ns
[2020-02-29T06:56:42.642+0000][1][safepoint    ] Safepoint "Cleanup", Time since last: 1000314115 ns, Reaching safepoint: 77314 ns, At safepoint: 7052 ns, Total: 84366 ns
[2020-02-29T06:56:43.643+0000][1][safepoint    ] Safepoint "Cleanup", Time since last: 1000625450 ns, Reaching safepoint: 75487 ns, At safepoint: 5605 ns, Total: 81092 ns
[2020-02-29T06:56:44.161+0000][1][safepoint    ] Safepoint "RevokeBias", Time since last: 517975179 ns, Reaching safepoint: 198432 ns, At safepoint: 18314 ns, Total: 216746 ns
[2020-02-29T06:56:45.163+0000][1][safepoint    ] Safepoint "Cleanup", Time since last: 1001702177 ns, Reaching safepoint: 73341 ns, At safepoint: 6122 ns, Total: 79463 ns
[2020-02-29T06:56:46.164+0000][1][safepoint    ] Safepoint "Cleanup", Time since last: 1000635958 ns, Reaching safepoint: 91796 ns, At safepoint: 8312 ns, Total: 100108 ns
[2020-02-29T06:56:46.680+0000][1][safepoint    ] Safepoint "RevokeBias", Time since last: 516266833 ns, Reaching safepoint: 163862 ns, At safepoint: 20487 ns, Total: 184349 ns
[2020-02-29T06:56:47.685+0000][1][safepoint    ] Safepoint "Cleanup", Time since last: 1004269343 ns, Reaching safepoint: 77193 ns, At safepoint: 7147 ns, Total: 84340 ns
[2020-02-29T06:56:48.688+0000][1][safepoint    ] Safepoint "Cleanup", Time since last: 1003634822 ns, Reaching safepoint: 74480 ns, At safepoint: 5923 ns, Total: 80403 ns
[2020-02-29T06:56:49.193+0000][1][safepoint    ] Safepoint "BulkRevokeBias", Time since last: 504826579 ns, Reaching safepoint: 69689 ns, At safepoint: 227052 ns, Total: 296741 ns
[2020-02-29T06:56:50.201+0000][1][safepoint    ] Safepoint "Cleanup", Time since last: 1007845694 ns, Reaching safepoint: 74583 ns, At safepoint: 5787 ns, Total: 80370 ns
[2020-02-29T06:56:51.203+0000][1][safepoint    ] Safepoint "Cleanup", Time since last: 1001443436 ns, Reaching safepoint: 75802 ns, At safepoint: 5987 ns, Total: 81789 ns
[2020-02-29T06:56:51.711+0000][1][safepoint    ] Safepoint "RevokeBias", Time since last: 507922927 ns, Reaching safepoint: 52983 ns, At safepoint: 31886 ns, Total: 84869 ns
[2020-02-29T06:56:52.712+0000][1][safepoint    ] Safepoint "Cleanup", Time since last: 1001321344 ns, Reaching safepoint: 79257 ns, At safepoint: 7032 ns, Total: 86289 ns
[2020-02-29T06:56:53.717+0000][1][safepoint    ] Safepoint "Cleanup", Time since last: 1004771960 ns, Reaching safepoint: 79451 ns, At safepoint: 7509 ns, Total: 86960 ns
[2020-02-29T06:56:54.226+0000][1][safepoint    ] Safepoint "RevokeBias", Time since last: 508332340 ns, Reaching safepoint: 91205 ns, At safepoint: 17939 ns, Total: 109144 ns
[2020-02-29T06:56:55.227+0000][1][safepoint    ] Safepoint "Cleanup", Time since last: 1001240871 ns, Reaching safepoint: 79792 ns, At safepoint: 7389 ns, Total: 87181 ns
[2020-02-29T06:56:56.231+0000][1][safepoint    ] Safepoint "Cleanup", Time since last: 1004069513 ns, Reaching safepoint: 137161 ns, At safepoint: 12403 ns, Total: 149564 ns
[2020-02-29T06:56:56.749+0000][1][safepoint    ] Safepoint "RevokeBias", Time since last: 518260678 ns, Reaching safepoint: 69990 ns, At safepoint: 16515 ns, Total: 86505 ns
[2020-02-29T06:56:57.750+0000][1][safepoint    ] Safepoint "Cleanup", Time since last: 1000499328 ns, Reaching safepoint: 79558 ns, At safepoint: 8341 ns, Total: 87899 ns
[2020-02-29T06:56:58.784+0000][1][safepoint    ] Safepoint "Cleanup", Time since last: 1034095168 ns, Reaching safepoint: 161465 ns, At safepoint: 8821 ns, Total: 170286 ns
[2020-02-29T06:56:59.265+0000][1][safepoint    ] Safepoint "RevokeBias", Time since last: 480103505 ns, Reaching safepoint: 68052 ns, At safepoint: 16997 ns, Total: 85049 ns
[2020-02-29T06:57:00.265+0000][1][safepoint    ] Safepoint "Cleanup", Time since last: 1000336595 ns, Reaching safepoint: 77886 ns, At safepoint: 6701 ns, Total: 84587 ns
[2020-02-29T06:57:01.268+0000][1][safepoint    ] Safepoint "Cleanup", Time since last: 1003308001 ns, Reaching safepoint: 77384 ns, At safepoint: 7540 ns, Total: 84924 ns
[2020-02-29T06:57:01.781+0000][1][safepoint    ] Safepoint "RevokeBias", Time since last: 512953079 ns, Reaching safepoint: 68541 ns, At safepoint: 17989 ns, Total: 86530 ns
[2020-02-29T06:57:02.786+0000][1][safepoint    ] Safepoint "Cleanup", Time since last: 1004885581 ns, Reaching safepoint: 74774 ns, At safepoint: 9789 ns, Total: 84563 ns
[2020-02-29T06:57:03.795+0000][1][safepoint    ] Safepoint "Cleanup", Time since last: 1008632996 ns, Reaching safepoint: 80531 ns, At safepoint: 7727 ns, Total: 88258 ns
[2020-02-29T06:57:04.298+0000][1][safepoint    ] Safepoint "RevokeBias", Time since last: 503012039 ns, Reaching safepoint: 127415 ns, At safepoint: 27674 ns, Total: 155089 ns
[2020-02-29T06:57:05.308+0000][1][safepoint    ] Safepoint "Cleanup", Time since last: 1010009804 ns, Reaching safepoint: 62838 ns, At safepoint: 6433 ns, Total: 69271 ns
[2020-02-29T06:57:06.311+0000][1][safepoint    ] Safepoint "Cleanup", Time since last: 1002776397 ns, Reaching safepoint: 99087 ns, At safepoint: 8283 ns, Total: 107370 ns
[2020-02-29T06:57:06.819+0000][1][safepoint    ] Safepoint "RevokeBias", Time since last: 507239817 ns, Reaching safepoint: 70987 ns, At safepoint: 17916 ns, Total: 88903 ns
[2020-02-29T06:57:07.827+0000][1][safepoint    ] Safepoint "Cleanup", Time since last: 1008169227 ns, Reaching safepoint: 78410 ns, At safepoint: 7085 ns, Total: 85495 ns
[2020-02-29T06:57:08.832+0000][1][safepoint    ] Safepoint "Cleanup", Time since last: 1004656969 ns, Reaching safepoint: 187985 ns, At safepoint: 25103 ns, Total: 213088 ns
[2020-02-29T06:57:09.335+0000][1][safepoint    ] Safepoint "RevokeBias", Time since last: 502817835 ns, Reaching safepoint: 756641 ns, At safepoint: 32699 ns, Total: 789340 ns
[2020-02-29T06:57:10.337+0000][1][safepoint    ] Safepoint "Cleanup", Time since last: 1002084203 ns, Reaching safepoint: 77045 ns, At safepoint: 6448 ns, Total: 83493 ns
[2020-02-29T06:57:11.338+0000][1][safepoint    ] Safepoint "Cleanup", Time since last: 1000764055 ns, Reaching safepoint: 76408 ns, At safepoint: 5801 ns, Total: 82209 ns
[2020-02-29T06:57:11.858+0000][1][safepoint    ] Safepoint "RevokeBias", Time since last: 519153706 ns, Reaching safepoint: 118020 ns, At safepoint: 36763 ns, Total: 154783 ns
[2020-02-29T06:57:12.865+0000][1][safepoint    ] Safepoint "Cleanup", Time since last: 1007645479 ns, Reaching safepoint: 58554 ns, At safepoint: 6745 ns, Total: 65299 ns
[2020-02-29T06:57:13.869+0000][1][safepoint    ] Safepoint "Cleanup", Time since last: 1003390381 ns, Reaching safepoint: 109720 ns, At safepoint: 9952 ns, Total: 119672 ns
[2020-02-29T06:57:14.384+0000][1][safepoint    ] Safepoint "RevokeBias", Time since last: 514873599 ns, Reaching safepoint: 204494 ns, At safepoint: 38584 ns, Total: 243078 ns
[2020-02-29T06:57:15.389+0000][1][safepoint    ] Safepoint "Cleanup", Time since last: 1005382228 ns, Reaching safepoint: 63797 ns, At safepoint: 7101 ns, Total: 70898 ns
[2020-02-29T06:57:16.391+0000][1][safepoint    ] Safepoint "Cleanup", Time since last: 1001793160 ns, Reaching safepoint: 113679 ns, At safepoint: 8780 ns, Total: 122459 ns
[2020-02-29T06:57:16.903+0000][1][safepoint    ] Safepoint "RevokeBias", Time since last: 511245599 ns, Reaching safepoint: 71754 ns, At safepoint: 17398 ns, Total: 89152 ns
[2020-02-29T06:57:17.909+0000][1][safepoint    ] Safepoint "Cleanup", Time since last: 1005782677 ns, Reaching safepoint: 205927 ns, At safepoint: 6420 ns, Total: 212347 ns
[2020-02-29T06:57:18.909+0000][1][safepoint    ] Safepoint "Cleanup", Time since last: 1000504247 ns, Reaching safepoint: 129839 ns, At safepoint: 20357 ns, Total: 150196 ns
[2020-02-29T06:57:19.422+0000][1][safepoint    ] Safepoint "RevokeBias", Time since last: 512767861 ns, Reaching safepoint: 70206 ns, At safepoint: 17255 ns, Total: 87461 ns
[2020-02-29T06:57:20.427+0000][1][safepoint    ] Safepoint "Cleanup", Time since last: 1004913930 ns, Reaching safepoint: 96456 ns, At safepoint: 15486 ns, Total: 111942 ns
[2020-02-29T06:57:21.428+0000][1][safepoint    ] Safepoint "Cleanup", Time since last: 1000364249 ns, Reaching safepoint: 110908 ns, At safepoint: 7884 ns, Total: 118792 ns
[2020-02-29T06:57:21.937+0000][1][safepoint    ] Safepoint "RevokeBias", Time since last: 509547106 ns, Reaching safepoint: 70308 ns, At safepoint: 35349 ns, Total: 105657 ns
[2020-02-29T06:57:22.943+0000][1][safepoint    ] Safepoint "Cleanup", Time since last: 1005787530 ns, Reaching safepoint: 64187 ns, At safepoint: 7227 ns, Total: 71414 ns
[2020-02-29T06:57:23.951+0000][1][safepoint    ] Safepoint "Cleanup", Time since last: 1008081842 ns, Reaching safepoint: 95635 ns, At safepoint: 7745 ns, Total: 103380 ns
[2020-02-29T06:57:24.455+0000][1][safepoint    ] Safepoint "RevokeBias", Time since last: 503258603 ns, Reaching safepoint: 127098 ns, At safepoint: 27190 ns, Total: 154288 ns
[2020-02-29T06:57:25.457+0000][1][safepoint    ] Safepoint "Cleanup", Time since last: 1001800865 ns, Reaching safepoint: 118493 ns, At safepoint: 11055 ns, Total: 129548 ns
[2020-02-29T06:57:26.460+0000][1][safepoint    ] Safepoint "Cleanup", Time since last: 1003503592 ns, Reaching safepoint: 75722 ns, At safepoint: 6040 ns, Total: 81762 ns
[2020-02-29T06:57:26.974+0000][1][safepoint    ] Safepoint "RevokeBias", Time since last: 513429944 ns, Reaching safepoint: 71402 ns, At safepoint: 18239 ns, Total: 89641 ns
[2020-02-29T06:57:28.795+0000][1][safepoint    ] Safepoint "Cleanup", Time since last: 1821418923 ns, Reaching safepoint: 95961 ns, At safepoint: 8548 ns, Total: 104509 ns
[2020-02-29T06:57:29.488+0000][1][safepoint    ] Safepoint "RevokeBias", Time since last: 692347418 ns, Reaching safepoint: 130087 ns, At safepoint: 59031 ns, Total: 189118 ns
[2020-02-29T06:57:30.494+0000][1][safepoint    ] Safepoint "Cleanup", Time since last: 1006140495 ns, Reaching safepoint: 61486 ns, At safepoint: 6185 ns, Total: 67671 ns
[2020-02-29T06:57:31.498+0000][1][safepoint    ] Safepoint "Cleanup", Time since last: 1003543436 ns, Reaching safepoint: 82248 ns, At safepoint: 5654 ns, Total: 87902 ns
[2020-02-29T06:57:32.017+0000][1][safepoint    ] Safepoint "RevokeBias", Time since last: 518963424 ns, Reaching safepoint: 116034 ns, At safepoint: 57527 ns, Total: 173561 ns
[2020-02-29T06:57:33.020+0000][1][safepoint    ] Safepoint "Cleanup", Time since last: 1003180340 ns, Reaching safepoint: 122612 ns, At safepoint: 20154 ns, Total: 142766 ns
[2020-02-29T06:57:34.023+0000][1][safepoint    ] Safepoint "Cleanup", Time since last: 1002871863 ns, Reaching safepoint: 78676 ns, At safepoint: 6890 ns, Total: 85566 ns
[2020-02-29T06:57:34.538+0000][1][safepoint    ] Safepoint "RevokeBias", Time since last: 514315496 ns, Reaching safepoint: 106051 ns, At safepoint: 20097 ns, Total: 126148 ns
[2020-02-29T06:57:35.538+0000][1][safepoint    ] Safepoint "Cleanup", Time since last: 1000639750 ns, Reaching safepoint: 99668 ns, At safepoint: 11193 ns, Total: 110861 ns
[2020-02-29T06:57:36.539+0000][1][safepoint    ] Safepoint "Cleanup", Time since last: 1000534252 ns, Reaching safepoint: 83934 ns, At safepoint: 8313 ns, Total: 92247 ns
[2020-02-29T06:57:37.061+0000][1][safepoint    ] Safepoint "RevokeBias", Time since last: 521615903 ns, Reaching safepoint: 69179 ns, At safepoint: 17320 ns, Total: 86499 ns
[2020-02-29T06:57:38.064+0000][1][safepoint    ] Safepoint "Cleanup", Time since last: 1003726080 ns, Reaching safepoint: 62110 ns, At safepoint: 7785 ns, Total: 69895 ns
[2020-02-29T06:57:39.065+0000][1][safepoint    ] Safepoint "Cleanup", Time since last: 1000817554 ns, Reaching safepoint: 98992 ns, At safepoint: 10109 ns, Total: 109101 ns
[2020-02-29T06:57:39.593+0000][1][safepoint    ] Safepoint "RevokeBias", Time since last: 521720605 ns, Reaching safepoint: 5350036 ns, At safepoint: 93405 ns, Total: 5443441 ns
[2020-02-29T06:57:40.615+0000][1][safepoint    ] Safepoint "Cleanup", Time since last: 1022518778 ns, Reaching safepoint: 158093 ns, At safepoint: 9942 ns, Total: 168035 ns
[2020-02-29T06:57:41.620+0000][1][safepoint    ] Safepoint "Cleanup", Time since last: 1005138424 ns, Reaching safepoint: 78963 ns, At safepoint: 7143 ns, Total: 86106 ns
[2020-02-29T06:57:42.112+0000][1][safepoint    ] Safepoint "RevokeBias", Time since last: 490954293 ns, Reaching safepoint: 52524 ns, At safepoint: 112737 ns, Total: 165261 ns
[2020-02-29T06:57:43.113+0000][1][safepoint    ] Safepoint "Cleanup", Time since last: 1001661081 ns, Reaching safepoint: 75086 ns, At safepoint: 5570 ns, Total: 80656 ns
[2020-02-29T06:57:44.114+0000][1][safepoint    ] Safepoint "Cleanup", Time since last: 1000788288 ns, Reaching safepoint: 79658 ns, At safepoint: 7592 ns, Total: 87250 ns
[2020-02-29T06:57:44.636+0000][1][safepoint    ] Safepoint "RevokeBias", Time since last: 521944893 ns, Reaching safepoint: 51323 ns, At safepoint: 15052 ns, Total: 66375 ns
[2020-02-29T06:57:45.638+0000][1][safepoint    ] Safepoint "Cleanup", Time since last: 1001775600 ns, Reaching safepoint: 62775 ns, At safepoint: 7548 ns, Total: 70323 ns
[2020-02-29T06:57:46.640+0000][1][safepoint    ] Safepoint "Cleanup", Time since last: 1001404842 ns, Reaching safepoint: 119507 ns, At safepoint: 10726 ns, Total: 130233 ns
[2020-02-29T06:57:47.162+0000][1][safepoint    ] Safepoint "RevokeBias", Time since last: 522657609 ns, Reaching safepoint: 70344 ns, At safepoint: 17506 ns, Total: 87850 ns
[2020-02-29T06:57:48.164+0000][1][safepoint    ] Safepoint "Cleanup", Time since last: 1001680277 ns, Reaching safepoint: 95739 ns, At safepoint: 6971 ns, Total: 102710 ns
[2020-02-29T06:57:49.168+0000][1][safepoint    ] Safepoint "Cleanup", Time since last: 1004089083 ns, Reaching safepoint: 92843 ns, At safepoint: 8038 ns, Total: 100881 ns
[2020-02-29T06:57:49.675+0000][1][safepoint    ] Safepoint "RevokeBias", Time since last: 506319676 ns, Reaching safepoint: 69792 ns, At safepoint: 17005 ns, Total: 86797 ns
[2020-02-29T06:57:50.683+0000][1][safepoint    ] Safepoint "Cleanup", Time since last: 1008540217 ns, Reaching safepoint: 128239 ns, At safepoint: 9480 ns, Total: 137719 ns
[2020-02-29T06:57:51.684+0000][1][safepoint    ] Safepoint "Cleanup", Time since last: 1000975745 ns, Reaching safepoint: 118169 ns, At safepoint: 7432 ns, Total: 125601 ns
[2020-02-29T06:57:52.194+0000][1][safepoint    ] Safepoint "RevokeBias", Time since last: 509325264 ns, Reaching safepoint: 149574 ns, At safepoint: 53056 ns, Total: 202630 ns
[2020-02-29T06:57:53.203+0000][1][safepoint    ] Safepoint "Cleanup", Time since last: 1009244264 ns, Reaching safepoint: 79409 ns, At safepoint: 7463 ns, Total: 86872 ns
[2020-02-29T06:57:54.212+0000][1][safepoint    ] Safepoint "Cleanup", Time since last: 1008792434 ns, Reaching safepoint: 118500 ns, At safepoint: 8670 ns, Total: 127170 ns
[2020-02-29T06:57:54.711+0000][1][safepoint    ] Safepoint "RevokeBias", Time since last: 498838954 ns, Reaching safepoint: 68927 ns, At safepoint: 17222 ns, Total: 86149 ns
[2020-02-29T06:57:55.720+0000][1][safepoint    ] Safepoint "Cleanup", Time since last: 1008968945 ns, Reaching safepoint: 128910 ns, At safepoint: 7698 ns, Total: 136608 ns
[2020-02-29T06:57:56.726+0000][1][safepoint    ] Safepoint "Cleanup", Time since last: 1005874292 ns, Reaching safepoint: 131584 ns, At safepoint: 8280 ns, Total: 139864 ns
[2020-02-29T06:57:57.237+0000][1][safepoint    ] Safepoint "RevokeBias", Time since last: 510292847 ns, Reaching safepoint: 70860 ns, At safepoint: 17893 ns, Total: 88753 ns
[2020-02-29T06:57:59.176+0000][1][safepoint    ] Safepoint "Cleanup", Time since last: 1938756218 ns, Reaching safepoint: 82757 ns, At safepoint: 7755 ns, Total: 90512 ns
[2020-02-29T06:57:59.750+0000][1][safepoint    ] Safepoint "RevokeBias", Time since last: 573962574 ns, Reaching safepoint: 69428 ns, At safepoint: 16404 ns, Total: 85832 ns
[2020-02-29T06:58:00.750+0000][1][safepoint    ] Safepoint "Cleanup", Time since last: 1000708987 ns, Reaching safepoint: 79590 ns, At safepoint: 8331 ns, Total: 87921 ns
[2020-02-29T06:58:01.752+0000][1][safepoint    ] Safepoint "Cleanup", Time since last: 1001987424 ns, Reaching safepoint: 83319 ns, At safepoint: 8195 ns, Total: 91514 ns
[2020-02-29T06:58:02.270+0000][1][safepoint    ] Safepoint "BulkRevokeBias", Time since last: 516975399 ns, Reaching safepoint: 89248 ns, At safepoint: 356337 ns, Total: 445585 ns
[2020-02-29T06:58:03.273+0000][1][safepoint    ] Safepoint "Cleanup", Time since last: 1003371352 ns, Reaching safepoint: 74645 ns, At safepoint: 6426 ns, Total: 81071 ns
[2020-02-29T06:58:04.281+0000][1][safepoint    ] Safepoint "Cleanup", Time since last: 1007840634 ns, Reaching safepoint: 80513 ns, At safepoint: 7511 ns, Total: 88024 ns
[2020-02-29T06:58:04.786+0000][1][safepoint    ] Safepoint "RevokeBias", Time since last: 504175231 ns, Reaching safepoint: 92973 ns, At safepoint: 19200 ns, Total: 112173 ns
[2020-02-29T06:58:05.789+0000][1][safepoint    ] Safepoint "Cleanup", Time since last: 1003498576 ns, Reaching safepoint: 79253 ns, At safepoint: 7331 ns, Total: 86584 ns
[2020-02-29T06:58:06.797+0000][1][safepoint    ] Safepoint "Cleanup", Time since last: 1008028667 ns, Reaching safepoint: 89986 ns, At safepoint: 7888 ns, Total: 97874 ns
[2020-02-29T06:58:07.300+0000][1][safepoint    ] Safepoint "RevokeBias", Time since last: 502563284 ns, Reaching safepoint: 142837 ns, At safepoint: 34519 ns, Total: 177356 ns
[2020-02-29T06:58:08.301+0000][1][safepoint    ] Safepoint "Cleanup", Time since last: 1001343696 ns, Reaching safepoint: 152542 ns, At safepoint: 12461 ns, Total: 165003 ns
[2020-02-29T06:58:09.310+0000][1][safepoint    ] Safepoint "Cleanup", Time since last: 1008456024 ns, Reaching safepoint: 77617 ns, At safepoint: 5941 ns, Total: 83558 ns
[2020-02-29T06:58:09.820+0000][1][safepoint    ] Safepoint "RevokeBias", Time since last: 509455495 ns, Reaching safepoint: 89143 ns, At safepoint: 18198 ns, Total: 107341 ns
[2020-02-29T06:58:10.821+0000][1][safepoint    ] Safepoint "Cleanup", Time since last: 1001232446 ns, Reaching safepoint: 95839 ns, At safepoint: 7817 ns, Total: 103656 ns
[2020-02-29T06:58:11.827+0000][1][safepoint    ] Safepoint "Cleanup", Time since last: 1006136837 ns, Reaching safepoint: 148484 ns, At safepoint: 11932 ns, Total: 160416 ns
[2020-02-29T06:58:12.338+0000][1][safepoint    ] Safepoint "RevokeBias", Time since last: 511122687 ns, Reaching safepoint: 71208 ns, At safepoint: 19490 ns, Total: 90698 ns
[2020-02-29T06:58:13.347+0000][1][safepoint    ] Safepoint "Cleanup", Time since last: 1008391624 ns, Reaching safepoint: 98425 ns, At safepoint: 8266 ns, Total: 106691 ns
[2020-02-29T06:58:14.351+0000][1][safepoint    ] Safepoint "Cleanup", Time since last: 1003659861 ns, Reaching safepoint: 61770 ns, At safepoint: 7534 ns, Total: 69304 ns
[2020-02-29T06:58:14.865+0000][1][safepoint    ] Safepoint "RevokeBias", Time since last: 514328193 ns, Reaching safepoint: 71994 ns, At safepoint: 18141 ns, Total: 90135 ns
[2020-02-29T06:58:15.870+0000][1][safepoint    ] Safepoint "Cleanup", Time since last: 1005295748 ns, Reaching safepoint: 64581 ns, At safepoint: 6840 ns, Total: 71421 ns
[2020-02-29T06:58:16.872+0000][1][safepoint    ] Safepoint "Cleanup", Time since last: 1001206419 ns, Reaching safepoint: 125548 ns, At safepoint: 9862 ns, Total: 135410 ns
[2020-02-29T06:58:17.382+0000][1][safepoint    ] Safepoint "RevokeBias", Time since last: 509657307 ns, Reaching safepoint: 68757 ns, At safepoint: 17663 ns, Total: 86420 ns
[2020-02-29T06:58:17.667+0000][1][gc,start     ] GC(87) Pause Young (Allocation Failure)
[2020-02-29T06:58:17.667+0000][1][gc,task      ] GC(87) Using 1 workers of 1 for evacuation
[2020-02-29T06:58:17.694+0000][1][gc,age       ] GC(87) Desired survivor size 4358144 bytes, new threshold 6 (max threshold 6)
[2020-02-29T06:58:17.694+0000][1][gc,age       ] GC(87) Age table with threshold 6 (max threshold 6)
[2020-02-29T06:58:17.694+0000][1][gc,age       ] GC(87) - age   1:      12000 bytes,      12000 total
[2020-02-29T06:58:17.694+0000][1][gc,age       ] GC(87) - age   2:        288 bytes,      12288 total
[2020-02-29T06:58:17.694+0000][1][gc,age       ] GC(87) - age   3:       1464 bytes,      13752 total
[2020-02-29T06:58:17.694+0000][1][gc,age       ] GC(87) - age   4:       1320 bytes,      15072 total
[2020-02-29T06:58:17.694+0000][1][gc,age       ] GC(87) - age   5:        336 bytes,      15408 total
[2020-02-29T06:58:17.694+0000][1][gc,age       ] GC(87) - age   6:        128 bytes,      15536 total
[2020-02-29T06:58:17.694+0000][1][gc,heap      ] GC(87) ParNew: 68188K->17K(76672K)
[2020-02-29T06:58:17.694+0000][1][gc,heap      ] GC(87) CMS: 62573K->62573K(963392K)
[2020-02-29T06:58:17.694+0000][1][gc,metaspace ] GC(87) Metaspace: 80036K->80036K(1122304K)
[2020-02-29T06:58:17.695+0000][1][gc           ] GC(87) Pause Young (Allocation Failure) 127M->61M(1015M) 27.502ms
[2020-02-29T06:58:17.695+0000][1][gc,cpu       ] GC(87) User=0.01s Sys=0.00s Real=0.03s
[2020-02-29T06:58:17.695+0000][1][safepoint    ] Safepoint "GenCollectForAllocation", Time since last: 285396889 ns, Reaching safepoint: 73569 ns, At safepoint: 27561223 ns, Total: 27634792 ns
[2020-02-29T06:58:18.695+0000][1][safepoint    ] Safepoint "Cleanup", Time since last: 1000504870 ns, Reaching safepoint: 76579 ns, At safepoint: 7078 ns, Total: 83657 ns
[2020-02-29T06:58:19.697+0000][1][safepoint    ] Safepoint "Cleanup", Time since last: 1001977956 ns, Reaching safepoint: 74986 ns, At safepoint: 5602 ns, Total: 80588 ns
[2020-02-29T06:58:19.889+0000][1][safepoint    ] Safepoint "RevokeBias", Time since last: 191705690 ns, Reaching safepoint: 73528 ns, At safepoint: 17952 ns, Total: 91480 ns
[2020-02-29T06:58:20.890+0000][1][safepoint    ] Safepoint "Cleanup", Time since last: 1000545929 ns, Reaching safepoint: 124677 ns, At safepoint: 7661 ns, Total: 132338 ns
[2020-02-29T06:58:21.896+0000][1][safepoint    ] Safepoint "Cleanup", Time since last: 1005762992 ns, Reaching safepoint: 69540 ns, At safepoint: 5762 ns, Total: 75302 ns
[2020-02-29T06:58:22.402+0000][1][safepoint    ] Safepoint "RevokeBias", Time since last: 506612149 ns, Reaching safepoint: 53849 ns, At safepoint: 33315 ns, Total: 87164 ns
[2020-02-29T06:58:23.403+0000][1][safepoint    ] Safepoint "Cleanup", Time since last: 1000797487 ns, Reaching safepoint: 78097 ns, At safepoint: 6027 ns, Total: 84124 ns
[2020-02-29T06:58:24.406+0000][1][safepoint    ] Safepoint "Cleanup", Time since last: 1003142428 ns, Reaching safepoint: 77215 ns, At safepoint: 6380 ns, Total: 83595 ns
[2020-02-29T06:58:24.924+0000][1][safepoint    ] Safepoint "RevokeBias", Time since last: 517008146 ns, Reaching safepoint: 165566 ns, At safepoint: 21568 ns, Total: 187134 ns
[2020-02-29T06:58:25.933+0000][1][safepoint    ] Safepoint "Cleanup", Time since last: 1009335400 ns, Reaching safepoint: 73077 ns, At safepoint: 6247 ns, Total: 79324 ns
[2020-02-29T06:58:26.936+0000][1][safepoint    ] Safepoint "Cleanup", Time since last: 1002968653 ns, Reaching safepoint: 108175 ns, At safepoint: 5917 ns, Total: 114092 ns
[2020-02-29T06:58:27.450+0000][1][safepoint    ] Safepoint "RevokeBias", Time since last: 514008021 ns, Reaching safepoint: 54507 ns, At safepoint: 16403 ns, Total: 70910 ns
[2020-02-29T06:58:28.870+0000][1][safepoint    ] Safepoint "Cleanup", Time since last: 1419874858 ns, Reaching safepoint: 65581 ns, At safepoint: 7186 ns, Total: 72767 ns
[2020-02-29T06:58:29.876+0000][1][safepoint    ] Safepoint "Cleanup", Time since last: 1005359555 ns, Reaching safepoint: 80308 ns, At safepoint: 7675 ns, Total: 87983 ns
[2020-02-29T06:58:29.967+0000][1][safepoint    ] Safepoint "RevokeBias", Time since last: 91112806 ns, Reaching safepoint: 72309 ns, At safepoint: 18360 ns, Total: 90669 ns
[2020-02-29T06:58:30.971+0000][1][safepoint    ] Safepoint "Cleanup", Time since last: 1003890142 ns, Reaching safepoint: 112516 ns, At safepoint: 7738 ns, Total: 120254 ns
[2020-02-29T06:58:31.973+0000][1][safepoint    ] Safepoint "Cleanup", Time since last: 1002051937 ns, Reaching safepoint: 97633 ns, At safepoint: 10632 ns, Total: 108265 ns
[2020-02-29T06:58:32.479+0000][1][safepoint    ] Safepoint "RevokeBias", Time since last: 506179501 ns, Reaching safepoint: 80406 ns, At safepoint: 20533 ns, Total: 100939 ns
[2020-02-29T06:58:33.480+0000][1][safepoint    ] Safepoint "Cleanup", Time since last: 1000786673 ns, Reaching safepoint: 78468 ns, At safepoint: 8450 ns, Total: 86918 ns
[2020-02-29T06:58:34.487+0000][1][safepoint    ] Safepoint "Cleanup", Time since last: 1007001724 ns, Reaching safepoint: 113360 ns, At safepoint: 7773 ns, Total: 121133 ns
[2020-02-29T06:58:34.995+0000][1][safepoint    ] Safepoint "RevokeBias", Time since last: 508131845 ns, Reaching safepoint: 69399 ns, At safepoint: 17207 ns, Total: 86606 ns
[2020-02-29T06:58:35.996+0000][1][safepoint    ] Safepoint "Cleanup", Time since last: 1000484654 ns, Reaching safepoint: 75999 ns, At safepoint: 7054 ns, Total: 83053 ns
[2020-02-29T06:58:36.998+0000][1][safepoint    ] Safepoint "Cleanup", Time since last: 1002138269 ns, Reaching safepoint: 74629 ns, At safepoint: 7004 ns, Total: 81633 ns
[2020-02-29T06:58:37.519+0000][1][safepoint    ] Safepoint "RevokeBias", Time since last: 521101958 ns, Reaching safepoint: 54748 ns, At safepoint: 16836 ns, Total: 71584 ns
[2020-02-29T06:58:38.522+0000][1][safepoint    ] Safepoint "Cleanup", Time since last: 1002699470 ns, Reaching safepoint: 75765 ns, At safepoint: 6824 ns, Total: 82589 ns
[2020-02-29T06:58:39.523+0000][1][safepoint    ] Safepoint "Cleanup", Time since last: 1000992059 ns, Reaching safepoint: 76934 ns, At safepoint: 7478 ns, Total: 84412 ns
[2020-02-29T06:58:40.030+0000][1][safepoint    ] Safepoint "RevokeBias", Time since last: 507085926 ns, Reaching safepoint: 128046 ns, At safepoint: 20364 ns, Total: 148410 ns
[2020-02-29T06:58:41.037+0000][1][safepoint    ] Safepoint "Cleanup", Time since last: 1006007833 ns, Reaching safepoint: 78409 ns, At safepoint: 7499 ns, Total: 85908 ns
[2020-02-29T06:58:42.038+0000][1][safepoint    ] Safepoint "Cleanup", Time since last: 1001099464 ns, Reaching safepoint: 156110 ns, At safepoint: 11343 ns, Total: 167453 ns
[2020-02-29T06:58:42.549+0000][1][safepoint    ] Safepoint "RevokeBias", Time since last: 511187250 ns, Reaching safepoint: 70266 ns, At safepoint: 18078 ns, Total: 88344 ns
[2020-02-29T06:58:43.549+0000][1][safepoint    ] Safepoint "Cleanup", Time since last: 1000192449 ns, Reaching safepoint: 76687 ns, At safepoint: 7235 ns, Total: 83922 ns
[2020-02-29T06:58:44.551+0000][1][safepoint    ] Safepoint "Cleanup", Time since last: 1001965246 ns, Reaching safepoint: 59234 ns, At safepoint: 7001 ns, Total: 66235 ns
[2020-02-29T06:58:45.071+0000][1][safepoint    ] Safepoint "RevokeBias", Time since last: 519722152 ns, Reaching safepoint: 183993 ns, At safepoint: 35044 ns, Total: 219037 ns
[2020-02-29T06:58:46.081+0000][1][safepoint    ] Safepoint "Cleanup", Time since last: 1009950383 ns, Reaching safepoint: 63224 ns, At safepoint: 7879 ns, Total: 71103 ns
[2020-02-29T06:58:47.082+0000][1][safepoint    ] Safepoint "Cleanup", Time since last: 1000769096 ns, Reaching safepoint: 145961 ns, At safepoint: 24249 ns, Total: 170210 ns
[2020-02-29T06:58:47.598+0000][1][safepoint    ] Safepoint "RevokeBias", Time since last: 515663486 ns, Reaching safepoint: 68941 ns, At safepoint: 17726 ns, Total: 86667 ns
[2020-02-29T06:58:48.605+0000][1][safepoint    ] Safepoint "Cleanup", Time since last: 1006938494 ns, Reaching safepoint: 96037 ns, At safepoint: 10653 ns, Total: 106690 ns
[2020-02-29T06:58:49.612+0000][1][safepoint    ] Safepoint "Cleanup", Time since last: 1006707828 ns, Reaching safepoint: 107433 ns, At safepoint: 7581 ns, Total: 115014 ns
[2020-02-29T06:58:50.105+0000][1][safepoint    ] Safepoint "RevokeBias", Time since last: 493351567 ns, Reaching safepoint: 70288 ns, At safepoint: 33570 ns, Total: 103858 ns
[2020-02-29T06:58:51.106+0000][1][safepoint    ] Safepoint "Cleanup", Time since last: 1000563891 ns, Reaching safepoint: 98248 ns, At safepoint: 7482 ns, Total: 105730 ns
[2020-02-29T06:58:52.107+0000][1][safepoint    ] Safepoint "Cleanup", Time since last: 1000606440 ns, Reaching safepoint: 83925 ns, At safepoint: 8872 ns, Total: 92797 ns
[2020-02-29T06:58:52.620+0000][1][safepoint    ] Safepoint "RevokeBias", Time since last: 513467846 ns, Reaching safepoint: 165438 ns, At safepoint: 36647 ns, Total: 202085 ns
[2020-02-29T06:58:53.621+0000][1][safepoint    ] Safepoint "Cleanup", Time since last: 1000926157 ns, Reaching safepoint: 79270 ns, At safepoint: 37760 ns, Total: 117030 ns
[2020-02-29T06:58:54.622+0000][1][safepoint    ] Safepoint "Cleanup", Time since last: 1000730537 ns, Reaching safepoint: 62895 ns, At safepoint: 7181 ns, Total: 70076 ns
[2020-02-29T06:58:55.135+0000][1][safepoint    ] Safepoint "RevokeBias", Time since last: 512992779 ns, Reaching safepoint: 117537 ns, At safepoint: 19417 ns, Total: 136954 ns
[2020-02-29T06:58:56.146+0000][1][safepoint    ] Safepoint "Cleanup", Time since last: 1010806359 ns, Reaching safepoint: 64057 ns, At safepoint: 8047 ns, Total: 72104 ns
[2020-02-29T06:58:57.149+0000][1][safepoint    ] Safepoint "Cleanup", Time since last: 1002525382 ns, Reaching safepoint: 99153 ns, At safepoint: 8198 ns, Total: 107351 ns
[2020-02-29T06:58:57.652+0000][1][safepoint    ] Safepoint "RevokeBias", Time since last: 503326966 ns, Reaching safepoint: 72696 ns, At safepoint: 18643 ns, Total: 91339 ns
[2020-02-29T06:58:59.167+0000][1][safepoint    ] Safepoint "Cleanup", Time since last: 1514669888 ns, Reaching safepoint: 79424 ns, At safepoint: 7559 ns, Total: 86983 ns
[2020-02-29T06:59:00.166+0000][1][safepoint    ] Safepoint "RevokeBias", Time since last: 999233250 ns, Reaching safepoint: 68545 ns, At safepoint: 17247 ns, Total: 85792 ns
[2020-02-29T06:59:01.168+0000][1][safepoint    ] Safepoint "Cleanup", Time since last: 1001776452 ns, Reaching safepoint: 62225 ns, At safepoint: 6583 ns, Total: 68808 ns
[2020-02-29T06:59:02.170+0000][1][safepoint    ] Safepoint "Cleanup", Time since last: 1002011636 ns, Reaching safepoint: 60851 ns, At safepoint: 6494 ns, Total: 67345 ns
[2020-02-29T06:59:02.673+0000][1][safepoint    ] Safepoint "RevokeBias", Time since last: 502486630 ns, Reaching safepoint: 71786 ns, At safepoint: 18011 ns, Total: 89797 ns
[2020-02-29T06:59:03.673+0000][1][safepoint    ] Safepoint "Cleanup", Time since last: 1000309582 ns, Reaching safepoint: 85998 ns, At safepoint: 7658 ns, Total: 93656 ns
[2020-02-29T06:59:04.680+0000][1][safepoint    ] Safepoint "Cleanup", Time since last: 1006567426 ns, Reaching safepoint: 285255 ns, At safepoint: 29162 ns, Total: 314417 ns
[2020-02-29T06:59:05.193+0000][1][safepoint    ] Safepoint "RevokeBias", Time since last: 512908445 ns, Reaching safepoint: 69381 ns, At safepoint: 100805 ns, Total: 170186 ns
[2020-02-29T06:59:06.199+0000][1][safepoint    ] Safepoint "Cleanup", Time since last: 1005485105 ns, Reaching safepoint: 79015 ns, At safepoint: 7454 ns, Total: 86469 ns
[2020-02-29T06:59:07.203+0000][1][safepoint    ] Safepoint "Cleanup", Time since last: 1004057586 ns, Reaching safepoint: 62782 ns, At safepoint: 7319 ns, Total: 70101 ns
[2020-02-29T06:59:07.711+0000][1][safepoint    ] Safepoint "RevokeBias", Time since last: 507490135 ns, Reaching safepoint: 69881 ns, At safepoint: 17338 ns, Total: 87219 ns
[2020-02-29T06:59:08.714+0000][1][safepoint    ] Safepoint "Cleanup", Time since last: 1003316654 ns, Reaching safepoint: 93974 ns, At safepoint: 7186 ns, Total: 101160 ns
[2020-02-29T06:59:09.715+0000][1][safepoint    ] Safepoint "Cleanup", Time since last: 1001371517 ns, Reaching safepoint: 107752 ns, At safepoint: 6441 ns, Total: 114193 ns
[2020-02-29T06:59:10.225+0000][1][safepoint    ] Safepoint "RevokeBias", Time since last: 509771153 ns, Reaching safepoint: 89841 ns, At safepoint: 18964 ns, Total: 108805 ns
[2020-02-29T06:59:11.226+0000][1][safepoint    ] Safepoint "Cleanup", Time since last: 1000892002 ns, Reaching safepoint: 103820 ns, At safepoint: 10398 ns, Total: 114218 ns
[2020-02-29T06:59:12.229+0000][1][safepoint    ] Safepoint "Cleanup", Time since last: 1002889221 ns, Reaching safepoint: 63093 ns, At safepoint: 6920 ns, Total: 70013 ns
[2020-02-29T06:59:12.742+0000][1][safepoint    ] Safepoint "RevokeBias", Time since last: 512474381 ns, Reaching safepoint: 102032 ns, At safepoint: 18426 ns, Total: 120458 ns
[2020-02-29T06:59:13.744+0000][1][safepoint    ] Safepoint "Cleanup", Time since last: 1002250167 ns, Reaching safepoint: 92831 ns, At safepoint: 9197 ns, Total: 102028 ns
[2020-02-29T06:59:14.752+0000][1][safepoint    ] Safepoint "Cleanup", Time since last: 1007149505 ns, Reaching safepoint: 144919 ns, At safepoint: 8845 ns, Total: 153764 ns
[2020-02-29T06:59:15.262+0000][1][safepoint    ] Safepoint "BulkRevokeBias", Time since last: 510334803 ns, Reaching safepoint: 89975 ns, At safepoint: 312847 ns, Total: 402822 ns
[2020-02-29T06:59:16.265+0000][1][safepoint    ] Safepoint "Cleanup", Time since last: 1003117905 ns, Reaching safepoint: 93551 ns, At safepoint: 7838 ns, Total: 101389 ns
[2020-02-29T06:59:17.270+0000][1][safepoint    ] Safepoint "Cleanup", Time since last: 1004694284 ns, Reaching safepoint: 153542 ns, At safepoint: 6703 ns, Total: 160245 ns
[2020-02-29T06:59:17.781+0000][1][safepoint    ] Safepoint "RevokeBias", Time since last: 510129776 ns, Reaching safepoint: 72355 ns, At safepoint: 65044 ns, Total: 137399 ns
[2020-02-29T06:59:18.783+0000][1][safepoint    ] Safepoint "Cleanup", Time since last: 1002565691 ns, Reaching safepoint: 117758 ns, At safepoint: 7940 ns, Total: 125698 ns
[2020-02-29T06:59:19.788+0000][1][safepoint    ] Safepoint "Cleanup", Time since last: 1004902562 ns, Reaching safepoint: 63249 ns, At safepoint: 7475 ns, Total: 70724 ns
[2020-02-29T06:59:20.298+0000][1][safepoint    ] Safepoint "RevokeBias", Time since last: 509837552 ns, Reaching safepoint: 128514 ns, At safepoint: 27797 ns, Total: 156311 ns
[2020-02-29T06:59:21.302+0000][1][safepoint    ] Safepoint "Cleanup", Time since last: 1003960480 ns, Reaching safepoint: 161803 ns, At safepoint: 29007 ns, Total: 190810 ns
[2020-02-29T06:59:22.307+0000][1][safepoint    ] Safepoint "Cleanup", Time since last: 1004850696 ns, Reaching safepoint: 75544 ns, At safepoint: 6276 ns, Total: 81820 ns
[2020-02-29T06:59:22.814+0000][1][safepoint    ] Safepoint "RevokeBias", Time since last: 507031715 ns, Reaching safepoint: 74221 ns, At safepoint: 19116 ns, Total: 93337 ns
[2020-02-29T06:59:23.819+0000][1][safepoint    ] Safepoint "Cleanup", Time since last: 1004473357 ns, Reaching safepoint: 102834 ns, At safepoint: 10928 ns, Total: 113762 ns
[2020-02-29T06:59:24.823+0000][1][safepoint    ] Safepoint "Cleanup", Time since last: 1003839864 ns, Reaching safepoint: 65302 ns, At safepoint: 7450 ns, Total: 72752 ns
[2020-02-29T06:59:25.336+0000][1][safepoint    ] Safepoint "RevokeBias", Time since last: 512966313 ns, Reaching safepoint: 128787 ns, At safepoint: 26223 ns, Total: 155010 ns
[2020-02-29T06:59:26.340+0000][1][safepoint    ] Safepoint "Cleanup", Time since last: 1003810627 ns, Reaching safepoint: 78493 ns, At safepoint: 7448 ns, Total: 85941 ns
[2020-02-29T06:59:27.350+0000][1][safepoint    ] Safepoint "Cleanup", Time since last: 1010203255 ns, Reaching safepoint: 80238 ns, At safepoint: 8032 ns, Total: 88270 ns
[2020-02-29T06:59:27.855+0000][1][safepoint    ] Safepoint "RevokeBias", Time since last: 504929904 ns, Reaching safepoint: 71125 ns, At safepoint: 18251 ns, Total: 89376 ns
[2020-02-29T06:59:28.857+0000][1][safepoint    ] Safepoint "Cleanup", Time since last: 1001635922 ns, Reaching safepoint: 85668 ns, At safepoint: 6042 ns, Total: 91710 ns
[2020-02-29T06:59:29.859+0000][1][safepoint    ] Safepoint "Cleanup", Time since last: 1002153226 ns, Reaching safepoint: 155839 ns, At safepoint: 13470 ns, Total: 169309 ns
[2020-02-29T06:59:30.368+0000][1][safepoint    ] Safepoint "RevokeBias", Time since last: 508441207 ns, Reaching safepoint: 54025 ns, At safepoint: 16172 ns, Total: 70197 ns
[2020-02-29T06:59:31.369+0000][1][safepoint    ] Safepoint "Cleanup", Time since last: 1001489549 ns, Reaching safepoint: 75049 ns, At safepoint: 9766 ns, Total: 84815 ns
[2020-02-29T06:59:32.370+0000][1][safepoint    ] Safepoint "Cleanup", Time since last: 1000903772 ns, Reaching safepoint: 78784 ns, At safepoint: 7169 ns, Total: 85953 ns
[2020-02-29T06:59:32.891+0000][1][safepoint    ] Safepoint "RevokeBias", Time since last: 520449597 ns, Reaching safepoint: 96869 ns, At safepoint: 25999 ns, Total: 122868 ns
[2020-02-29T06:59:33.895+0000][1][safepoint    ] Safepoint "Cleanup", Time since last: 1003855214 ns, Reaching safepoint: 79961 ns, At safepoint: 7114 ns, Total: 87075 ns
[2020-02-29T06:59:34.896+0000][1][safepoint    ] Safepoint "Cleanup", Time since last: 1000767669 ns, Reaching safepoint: 115674 ns, At safepoint: 27636 ns, Total: 143310 ns
[2020-02-29T06:59:35.409+0000][1][safepoint    ] Safepoint "RevokeBias", Time since last: 513099349 ns, Reaching safepoint: 218199 ns, At safepoint: 57354 ns, Total: 275553 ns
[2020-02-29T06:59:36.414+0000][1][safepoint    ] Safepoint "Cleanup", Time since last: 1004941963 ns, Reaching safepoint: 146098 ns, At safepoint: 8926 ns, Total: 155024 ns
[2020-02-29T06:59:37.423+0000][1][safepoint    ] Safepoint "Cleanup", Time since last: 1008589354 ns, Reaching safepoint: 59211 ns, At safepoint: 6032 ns, Total: 65243 ns
[2020-02-29T06:59:37.926+0000][1][safepoint    ] Safepoint "RevokeBias", Time since last: 503221287 ns, Reaching safepoint: 74885 ns, At safepoint: 20702 ns, Total: 95587 ns
[2020-02-29T06:59:38.931+0000][1][safepoint    ] Safepoint "Cleanup", Time since last: 1004532268 ns, Reaching safepoint: 80932 ns, At safepoint: 8273 ns, Total: 89205 ns
[2020-02-29T06:59:39.936+0000][1][safepoint    ] Safepoint "Cleanup", Time since last: 1005103754 ns, Reaching safepoint: 81033 ns, At safepoint: 8278 ns, Total: 89311 ns
[2020-02-29T06:59:40.436+0000][1][safepoint    ] Safepoint "RevokeBias", Time since last: 500113856 ns, Reaching safepoint: 75419 ns, At safepoint: 19362 ns, Total: 94781 ns
[2020-02-29T06:59:41.441+0000][1][safepoint    ] Safepoint "Cleanup", Time since last: 1004990618 ns, Reaching safepoint: 61177 ns, At safepoint: 7623 ns, Total: 68800 ns
[2020-02-29T06:59:42.443+0000][1][safepoint    ] Safepoint "Cleanup", Time since last: 1001589707 ns, Reaching safepoint: 63764 ns, At safepoint: 7221 ns, Total: 70985 ns
[2020-02-29T06:59:42.955+0000][1][safepoint    ] Safepoint "RevokeBias", Time since last: 511598486 ns, Reaching safepoint: 83366 ns, At safepoint: 20832 ns, Total: 104198 ns
[2020-02-29T06:59:43.956+0000][1][safepoint    ] Safepoint "Cleanup", Time since last: 1001419563 ns, Reaching safepoint: 200040 ns, At safepoint: 27164 ns, Total: 227204 ns
[2020-02-29T06:59:44.960+0000][1][safepoint    ] Safepoint "Cleanup", Time since last: 1003638962 ns, Reaching safepoint: 80225 ns, At safepoint: 8247 ns, Total: 88472 ns
[2020-02-29T06:59:45.475+0000][1][safepoint    ] Safepoint "RevokeBias", Time since last: 514618013 ns, Reaching safepoint: 137196 ns, At safepoint: 49253 ns, Total: 186449 ns
[2020-02-29T06:59:46.476+0000][1][safepoint    ] Safepoint "Cleanup", Time since last: 1000802396 ns, Reaching safepoint: 78328 ns, At safepoint: 7562 ns, Total: 85890 ns
[2020-02-29T06:59:47.477+0000][1][safepoint    ] Safepoint "Cleanup", Time since last: 1001089178 ns, Reaching safepoint: 187337 ns, At safepoint: 26444 ns, Total: 213781 ns
[2020-02-29T06:59:47.987+0000][1][safepoint    ] Safepoint "RevokeBias", Time since last: 510297886 ns, Reaching safepoint: 74889 ns, At safepoint: 22485 ns, Total: 97374 ns
[2020-02-29T06:59:48.988+0000][1][safepoint    ] Safepoint "Cleanup", Time since last: 1000566965 ns, Reaching safepoint: 99836 ns, At safepoint: 11923 ns, Total: 111759 ns
[2020-02-29T06:59:49.997+0000][1][safepoint    ] Safepoint "Cleanup", Time since last: 1009168648 ns, Reaching safepoint: 61575 ns, At safepoint: 5955 ns, Total: 67530 ns
[2020-02-29T06:59:50.504+0000][1][safepoint    ] Safepoint "RevokeBias", Time since last: 506479206 ns, Reaching safepoint: 187958 ns, At safepoint: 32363 ns, Total: 220321 ns
[2020-02-29T06:59:51.510+0000][1][safepoint    ] Safepoint "Cleanup", Time since last: 1005921206 ns, Reaching safepoint: 216577 ns, At safepoint: 26095 ns, Total: 242672 ns
[2020-02-29T06:59:52.518+0000][1][safepoint    ] Safepoint "Cleanup", Time since last: 1008113965 ns, Reaching safepoint: 67042 ns, At safepoint: 9274 ns, Total: 76316 ns
[2020-02-29T06:59:53.021+0000][1][safepoint    ] Safepoint "RevokeBias", Time since last: 502085115 ns, Reaching safepoint: 62293 ns, At safepoint: 18336 ns, Total: 80629 ns
[2020-02-29T06:59:54.022+0000][1][safepoint    ] Safepoint "Cleanup", Time since last: 1001418746 ns, Reaching safepoint: 79744 ns, At safepoint: 7660 ns, Total: 87404 ns
[2020-02-29T06:59:55.026+0000][1][safepoint    ] Safepoint "Cleanup", Time since last: 1004041499 ns, Reaching safepoint: 64621 ns, At safepoint: 7400 ns, Total: 72021 ns
[2020-02-29T06:59:55.536+0000][1][safepoint    ] Safepoint "RevokeBias", Time since last: 509044367 ns, Reaching safepoint: 225251 ns, At safepoint: 23136 ns, Total: 248387 ns
[2020-02-29T06:59:56.543+0000][1][safepoint    ] Safepoint "Cleanup", Time since last: 1007478836 ns, Reaching safepoint: 79633 ns, At safepoint: 8280 ns, Total: 87913 ns
[2020-02-29T06:59:57.548+0000][1][safepoint    ] Safepoint "Cleanup", Time since last: 1005235670 ns, Reaching safepoint: 76990 ns, At safepoint: 7206 ns, Total: 84196 ns
[2020-02-29T06:59:58.361+0000][1][safepoint    ] Safepoint "RevokeBias", Time since last: 811814605 ns, Reaching safepoint: 363667 ns, At safepoint: 22596 ns, Total: 386263 ns
[2020-02-29T06:59:59.398+0000][1][safepoint    ] Safepoint "Cleanup", Time since last: 1037317573 ns, Reaching safepoint: 79475 ns, At safepoint: 6980 ns, Total: 86455 ns
[2020-02-29T07:00:00.404+0000][1][safepoint    ] Safepoint "Cleanup", Time since last: 1006071061 ns, Reaching safepoint: 79427 ns, At safepoint: 7853 ns, Total: 87280 ns
[2020-02-29T07:00:00.883+0000][1][safepoint    ] Safepoint "RevokeBias", Time since last: 478321088 ns, Reaching safepoint: 74491 ns, At safepoint: 18096 ns, Total: 92587 ns
[2020-02-29T07:00:01.883+0000][1][safepoint    ] Safepoint "Cleanup", Time since last: 1000572671 ns, Reaching safepoint: 76512 ns, At safepoint: 10137 ns, Total: 86649 ns
[2020-02-29T07:00:02.893+0000][1][safepoint    ] Safepoint "Cleanup", Time since last: 1009815488 ns, Reaching safepoint: 80214 ns, At safepoint: 8173 ns, Total: 88387 ns
[2020-02-29T07:00:03.400+0000][1][safepoint    ] Safepoint "RevokeBias", Time since last: 507024708 ns, Reaching safepoint: 73075 ns, At safepoint: 17788 ns, Total: 90863 ns
[2020-02-29T07:00:04.402+0000][1][safepoint    ] Safepoint "Cleanup", Time since last: 1001918295 ns, Reaching safepoint: 63260 ns, At safepoint: 7995 ns, Total: 71255 ns
[2020-02-29T07:00:05.407+0000][1][safepoint    ] Safepoint "Cleanup", Time since last: 1004678471 ns, Reaching safepoint: 94186 ns, At safepoint: 6960 ns, Total: 101146 ns
[2020-02-29T07:00:05.927+0000][1][safepoint    ] Safepoint "RevokeBias", Time since last: 519470060 ns, Reaching safepoint: 59970 ns, At safepoint: 18017 ns, Total: 77987 ns
[2020-02-29T07:00:06.932+0000][1][safepoint    ] Safepoint "Cleanup", Time since last: 1005370986 ns, Reaching safepoint: 78974 ns, At safepoint: 7472 ns, Total: 86446 ns
[2020-02-29T07:00:07.939+0000][1][safepoint    ] Safepoint "Cleanup", Time since last: 1007248585 ns, Reaching safepoint: 82977 ns, At safepoint: 7958 ns, Total: 90935 ns
[2020-02-29T07:00:08.443+0000][1][safepoint    ] Safepoint "RevokeBias", Time since last: 502963928 ns, Reaching safepoint: 129274 ns, At safepoint: 50251 ns, Total: 179525 ns
[2020-02-29T07:00:09.443+0000][1][safepoint    ] Safepoint "Cleanup", Time since last: 1000355007 ns, Reaching safepoint: 105997 ns, At safepoint: 7283 ns, Total: 113280 ns
[2020-02-29T07:00:10.444+0000][1][safepoint    ] Safepoint "Cleanup", Time since last: 1001109481 ns, Reaching safepoint: 76358 ns, At safepoint: 6003 ns, Total: 82361 ns
[2020-02-29T07:00:10.975+0000][1][safepoint    ] Safepoint "RevokeBias", Time since last: 530700051 ns, Reaching safepoint: 84924 ns, At safepoint: 23213 ns, Total: 108137 ns
[2020-02-29T07:00:11.978+0000][1][safepoint    ] Safepoint "Cleanup", Time since last: 1003127941 ns, Reaching safepoint: 78211 ns, At safepoint: 8810 ns, Total: 87021 ns
[2020-02-29T07:00:12.979+0000][1][safepoint    ] Safepoint "Cleanup", Time since last: 1000772301 ns, Reaching safepoint: 79369 ns, At safepoint: 7391 ns, Total: 86760 ns
[2020-02-29T07:00:13.502+0000][1][safepoint    ] Safepoint "RevokeBias", Time since last: 522853686 ns, Reaching safepoint: 72544 ns, At safepoint: 18358 ns, Total: 90902 ns
[2020-02-29T07:00:15.382+0000][1][safepoint    ] Safepoint "Cleanup", Time since last: 1880049390 ns, Reaching safepoint: 86291 ns, At safepoint: 7435 ns, Total: 93726 ns
[2020-02-29T07:00:16.011+0000][1][safepoint    ] Safepoint "RevokeBias", Time since last: 628903083 ns, Reaching safepoint: 70050 ns, At safepoint: 18319 ns, Total: 88369 ns
[2020-02-29T07:00:17.012+0000][1][safepoint    ] Safepoint "Cleanup", Time since last: 1001128100 ns, Reaching safepoint: 105795 ns, At safepoint: 10549 ns, Total: 116344 ns
[2020-02-29T07:00:18.020+0000][1][safepoint    ] Safepoint "Cleanup", Time since last: 1007627331 ns, Reaching safepoint: 86472 ns, At safepoint: 7847 ns, Total: 94319 ns
[2020-02-29T07:00:18.526+0000][1][safepoint    ] Safepoint "RevokeBias", Time since last: 505594274 ns, Reaching safepoint: 70736 ns, At safepoint: 18166 ns, Total: 88902 ns
[2020-02-29T07:00:19.532+0000][1][safepoint    ] Safepoint "Cleanup", Time since last: 1006109670 ns, Reaching safepoint: 58212 ns, At safepoint: 5321 ns, Total: 63533 ns
[2020-02-29T07:00:20.543+0000][1][safepoint    ] Safepoint "Cleanup", Time since last: 1010543403 ns, Reaching safepoint: 78694 ns, At safepoint: 6223 ns, Total: 84917 ns
[2020-02-29T07:00:21.050+0000][1][safepoint    ] Safepoint "RevokeBias", Time since last: 507606345 ns, Reaching safepoint: 120949 ns, At safepoint: 37498 ns, Total: 158447 ns
[2020-02-29T07:00:22.051+0000][1][safepoint    ] Safepoint "Cleanup", Time since last: 1000736663 ns, Reaching safepoint: 79703 ns, At safepoint: 7705 ns, Total: 87408 ns
[2020-02-29T07:00:23.062+0000][1][safepoint    ] Safepoint "Cleanup", Time since last: 1010982231 ns, Reaching safepoint: 62608 ns, At safepoint: 7455 ns, Total: 70063 ns
[2020-02-29T07:00:23.577+0000][1][safepoint    ] Safepoint "RevokeBias", Time since last: 514432332 ns, Reaching safepoint: 69777 ns, At safepoint: 17990 ns, Total: 87767 ns
[2020-02-29T07:00:24.580+0000][1][safepoint    ] Safepoint "Cleanup", Time since last: 1002988025 ns, Reaching safepoint: 135979 ns, At safepoint: 8263 ns, Total: 144242 ns
[2020-02-29T07:00:25.589+0000][1][safepoint    ] Safepoint "Cleanup", Time since last: 1008993083 ns, Reaching safepoint: 63773 ns, At safepoint: 7461 ns, Total: 71234 ns
[2020-02-29T07:00:26.098+0000][1][safepoint    ] Safepoint "RevokeBias", Time since last: 509071205 ns, Reaching safepoint: 159847 ns, At safepoint: 21075 ns, Total: 180922 ns
[2020-02-29T07:00:27.102+0000][1][safepoint    ] Safepoint "Cleanup", Time since last: 1003907428 ns, Reaching safepoint: 141663 ns, At safepoint: 9078 ns, Total: 150741 ns
[2020-02-29T07:00:28.120+0000][1][safepoint    ] Safepoint "Cleanup", Time since last: 1006992102 ns, Reaching safepoint: 10648927 ns, At safepoint: 9312 ns, Total: 10658239 ns
[2020-02-29T07:00:28.610+0000][1][safepoint    ] Safepoint "BulkRevokeBias", Time since last: 490041920 ns, Reaching safepoint: 69095 ns, At safepoint: 283602 ns, Total: 352697 ns
[2020-02-29T07:00:29.611+0000][1][safepoint    ] Safepoint "Cleanup", Time since last: 1000153150 ns, Reaching safepoint: 78457 ns, At safepoint: 8417 ns, Total: 86874 ns
[2020-02-29T07:00:30.611+0000][1][safepoint    ] Safepoint "Cleanup", Time since last: 1000287981 ns, Reaching safepoint: 81103 ns, At safepoint: 8134 ns, Total: 89237 ns
[2020-02-29T07:00:31.126+0000][1][safepoint    ] Safepoint "RevokeBias", Time since last: 515017613 ns, Reaching safepoint: 50093 ns, At safepoint: 16168 ns, Total: 66261 ns
[2020-02-29T07:00:32.136+0000][1][safepoint    ] Safepoint "Cleanup", Time since last: 1009426014 ns, Reaching safepoint: 73525 ns, At safepoint: 5421 ns, Total: 78946 ns
[2020-02-29T07:00:33.142+0000][1][safepoint    ] Safepoint "Cleanup", Time since last: 1006335026 ns, Reaching safepoint: 95940 ns, At safepoint: 6968 ns, Total: 102908 ns
[2020-02-29T07:00:33.647+0000][1][safepoint    ] Safepoint "RevokeBias", Time since last: 505345060 ns, Reaching safepoint: 70833 ns, At safepoint: 17360 ns, Total: 88193 ns
[2020-02-29T07:00:34.648+0000][1][safepoint    ] Safepoint "Cleanup", Time since last: 1000832624 ns, Reaching safepoint: 137162 ns, At safepoint: 27320 ns, Total: 164482 ns
[2020-02-29T07:00:35.650+0000][1][safepoint    ] Safepoint "Cleanup", Time since last: 1001475033 ns, Reaching safepoint: 63765 ns, At safepoint: 6862 ns, Total: 70627 ns
[2020-02-29T07:00:36.158+0000][1][safepoint    ] Safepoint "RevokeBias", Time since last: 508247999 ns, Reaching safepoint: 119601 ns, At safepoint: 33809 ns, Total: 153410 ns
[2020-02-29T07:00:37.165+0000][1][safepoint    ] Safepoint "Cleanup", Time since last: 1006445621 ns, Reaching safepoint: 195011 ns, At safepoint: 10822 ns, Total: 205833 ns
[2020-02-29T07:00:37.862+0000][1][gc,start     ] GC(88) Pause Young (Allocation Failure)
[2020-02-29T07:00:37.862+0000][1][gc,task      ] GC(88) Using 1 workers of 1 for evacuation
[2020-02-29T07:00:37.883+0000][1][gc,age       ] GC(88) Desired survivor size 4358144 bytes, new threshold 6 (max threshold 6)
[2020-02-29T07:00:37.884+0000][1][gc,age       ] GC(88) Age table with threshold 6 (max threshold 6)
[2020-02-29T07:00:37.884+0000][1][gc,age       ] GC(88) - age   1:      12040 bytes,      12040 total
[2020-02-29T07:00:37.884+0000][1][gc,age       ] GC(88) - age   2:         96 bytes,      12136 total
[2020-02-29T07:00:37.884+0000][1][gc,age       ] GC(88) - age   3:        192 bytes,      12328 total
[2020-02-29T07:00:37.884+0000][1][gc,age       ] GC(88) - age   4:       1464 bytes,      13792 total
[2020-02-29T07:00:37.884+0000][1][gc,age       ] GC(88) - age   5:       1320 bytes,      15112 total
[2020-02-29T07:00:37.884+0000][1][gc,age       ] GC(88) - age   6:        336 bytes,      15448 total
[2020-02-29T07:00:37.884+0000][1][gc,heap      ] GC(88) ParNew: 68177K->15K(76672K)
[2020-02-29T07:00:37.884+0000][1][gc,heap      ] GC(88) CMS: 62573K->62573K(963392K)
[2020-02-29T07:00:37.884+0000][1][gc,metaspace ] GC(88) Metaspace: 80037K->80037K(1122304K)
[2020-02-29T07:00:37.884+0000][1][gc           ] GC(88) Pause Young (Allocation Failure) 127M->61M(1015M) 21.719ms
[2020-02-29T07:00:37.884+0000][1][gc,cpu       ] GC(88) User=0.02s Sys=0.00s Real=0.03s
[2020-02-29T07:00:37.884+0000][1][safepoint    ] Safepoint "GenCollectForAllocation", Time since last: 696860066 ns, Reaching safepoint: 75088 ns, At safepoint: 21778479 ns, Total: 21853567 ns
[2020-02-29T07:00:38.675+0000][1][safepoint    ] Safepoint "RevokeBias", Time since last: 791260812 ns, Reaching safepoint: 142690 ns, At safepoint: 30275 ns, Total: 172965 ns
[2020-02-29T07:00:39.686+0000][1][safepoint    ] Safepoint "Cleanup", Time since last: 1010852947 ns, Reaching safepoint: 78388 ns, At safepoint: 6790 ns, Total: 85178 ns
[2020-02-29T07:00:40.691+0000][1][safepoint    ] Safepoint "Cleanup", Time since last: 1005277448 ns, Reaching safepoint: 91125 ns, At safepoint: 6272 ns, Total: 97397 ns
[2020-02-29T07:00:41.182+0000][1][safepoint    ] Safepoint "RevokeBias", Time since last: 490744248 ns, Reaching safepoint: 69526 ns, At safepoint: 17961 ns, Total: 87487 ns
[2020-02-29T07:00:42.188+0000][1][safepoint    ] Safepoint "Cleanup", Time since last: 1005275858 ns, Reaching safepoint: 76554 ns, At safepoint: 6106 ns, Total: 82660 ns
[2020-02-29T07:00:43.189+0000][1][safepoint    ] Safepoint "Cleanup", Time since last: 1001267758 ns, Reaching safepoint: 105221 ns, At safepoint: 10037 ns, Total: 115258 ns
[2020-02-29T07:00:43.696+0000][1][safepoint    ] Safepoint "RevokeBias", Time since last: 506848690 ns, Reaching safepoint: 69482 ns, At safepoint: 16603 ns, Total: 86085 ns
[2020-02-29T07:00:44.698+0000][1][safepoint    ] Safepoint "Cleanup", Time since last: 1001770035 ns, Reaching safepoint: 95417 ns, At safepoint: 7753 ns, Total: 103170 ns
[2020-02-29T07:00:45.698+0000][1][safepoint    ] Safepoint "Cleanup", Time since last: 1000292142 ns, Reaching safepoint: 105582 ns, At safepoint: 8020 ns, Total: 113602 ns
[2020-02-29T07:00:46.210+0000][1][safepoint    ] Safepoint "RevokeBias", Time since last: 511895220 ns, Reaching safepoint: 82117 ns, At safepoint: 20819 ns, Total: 102936 ns
[2020-02-29T07:00:47.217+0000][1][safepoint    ] Safepoint "Cleanup", Time since last: 1007083218 ns, Reaching safepoint: 107882 ns, At safepoint: 7219 ns, Total: 115101 ns
[2020-02-29T07:00:48.218+0000][1][safepoint    ] Safepoint "Cleanup", Time since last: 1000339516 ns, Reaching safepoint: 88236 ns, At safepoint: 5926 ns, Total: 94162 ns
[2020-02-29T07:00:48.735+0000][1][safepoint    ] Safepoint "RevokeBias", Time since last: 516649717 ns, Reaching safepoint: 71345 ns, At safepoint: 17690 ns, Total: 89035 ns
[2020-02-29T07:00:49.735+0000][1][safepoint    ] Safepoint "Cleanup", Time since last: 1000229583 ns, Reaching safepoint: 90330 ns, At safepoint: 13045 ns, Total: 103375 ns
[2020-02-29T07:00:50.735+0000][1][safepoint    ] Safepoint "Cleanup", Time since last: 1000244513 ns, Reaching safepoint: 94210 ns, At safepoint: 7513 ns, Total: 101723 ns
[2020-02-29T07:00:51.250+0000][1][safepoint    ] Safepoint "RevokeBias", Time since last: 514659784 ns, Reaching safepoint: 52095 ns, At safepoint: 31722 ns, Total: 83817 ns
[2020-02-29T07:00:52.258+0000][1][safepoint    ] Safepoint "Cleanup", Time since last: 1007495407 ns, Reaching safepoint: 62324 ns, At safepoint: 7386 ns, Total: 69710 ns
[2020-02-29T07:00:53.266+0000][1][safepoint    ] Safepoint "Cleanup", Time since last: 1008326702 ns, Reaching safepoint: 138846 ns, At safepoint: 7725 ns, Total: 146571 ns
[2020-02-29T07:00:53.769+0000][1][safepoint    ] Safepoint "RevokeBias", Time since last: 502314103 ns, Reaching safepoint: 125165 ns, At safepoint: 53946 ns, Total: 179111 ns
[2020-02-29T07:00:54.771+0000][1][safepoint    ] Safepoint "Cleanup", Time since last: 1002668578 ns, Reaching safepoint: 78432 ns, At safepoint: 7702 ns, Total: 86134 ns
[2020-02-29T07:00:55.780+0000][1][safepoint    ] Safepoint "Cleanup", Time since last: 1008743239 ns, Reaching safepoint: 109769 ns, At safepoint: 11659 ns, Total: 121428 ns
[2020-02-29T07:00:56.293+0000][1][safepoint    ] Safepoint "RevokeBias", Time since last: 512941835 ns, Reaching safepoint: 77842 ns, At safepoint: 21789 ns, Total: 99631 ns
[2020-02-29T07:00:57.296+0000][1][safepoint    ] Safepoint "Cleanup", Time since last: 1002647550 ns, Reaching safepoint: 89796 ns, At safepoint: 7217 ns, Total: 97013 ns
[2020-02-29T07:00:58.300+0000][1][safepoint    ] Safepoint "Cleanup", Time since last: 1004089164 ns, Reaching safepoint: 76487 ns, At safepoint: 7290 ns, Total: 83777 ns
[2020-02-29T07:00:58.810+0000][1][safepoint    ] Safepoint "RevokeBias", Time since last: 510118205 ns, Reaching safepoint: 72700 ns, At safepoint: 17317 ns, Total: 90017 ns
[2020-02-29T07:00:59.811+0000][1][safepoint    ] Safepoint "Cleanup", Time since last: 1000750853 ns, Reaching safepoint: 89337 ns, At safepoint: 7273 ns, Total: 96610 ns
[2020-02-29T07:01:00.815+0000][1][safepoint    ] Safepoint "Cleanup", Time since last: 1004137950 ns, Reaching safepoint: 121308 ns, At safepoint: 10333 ns, Total: 131641 ns
[2020-02-29T07:01:01.330+0000][1][safepoint    ] Safepoint "RevokeBias", Time since last: 514499314 ns, Reaching safepoint: 70281 ns, At safepoint: 81958 ns, Total: 152239 ns
[2020-02-29T07:01:02.331+0000][1][safepoint    ] Safepoint "Cleanup", Time since last: 1001126465 ns, Reaching safepoint: 75477 ns, At safepoint: 5828 ns, Total: 81305 ns
[2020-02-29T07:01:03.339+0000][1][safepoint    ] Safepoint "Cleanup", Time since last: 1007509834 ns, Reaching safepoint: 79463 ns, At safepoint: 8340 ns, Total: 87803 ns
[2020-02-29T07:01:03.859+0000][1][safepoint    ] Safepoint "RevokeBias", Time since last: 520058173 ns, Reaching safepoint: 52567 ns, At safepoint: 16080 ns, Total: 68647 ns
[2020-02-29T07:01:05.284+0000][1][safepoint    ] Safepoint "Cleanup", Time since last: 1424736493 ns, Reaching safepoint: 88712 ns, At safepoint: 8131 ns, Total: 96843 ns
[2020-02-29T07:01:06.294+0000][1][safepoint    ] Safepoint "Cleanup", Time since last: 1010189355 ns, Reaching safepoint: 92366 ns, At safepoint: 7503 ns, Total: 99869 ns
[2020-02-29T07:01:06.381+0000][1][safepoint    ] Safepoint "RevokeBias", Time since last: 86471886 ns, Reaching safepoint: 69351 ns, At safepoint: 70297 ns, Total: 139648 ns
[2020-02-29T07:01:07.381+0000][1][safepoint    ] Safepoint "Cleanup", Time since last: 1000417755 ns, Reaching safepoint: 94987 ns, At safepoint: 7110 ns, Total: 102097 ns
[2020-02-29T07:01:08.385+0000][1][safepoint    ] Safepoint "Cleanup", Time since last: 1003387821 ns, Reaching safepoint: 158510 ns, At safepoint: 25129 ns, Total: 183639 ns
[2020-02-29T07:01:08.891+0000][1][safepoint    ] Safepoint "RevokeBias", Time since last: 505615363 ns, Reaching safepoint: 80396 ns, At safepoint: 19297 ns, Total: 99693 ns
[2020-02-29T07:01:09.893+0000][1][safepoint    ] Safepoint "Cleanup", Time since last: 1002466916 ns, Reaching safepoint: 63401 ns, At safepoint: 6149 ns, Total: 69550 ns
[2020-02-29T07:01:10.896+0000][1][safepoint    ] Safepoint "Cleanup", Time since last: 1003174497 ns, Reaching safepoint: 128396 ns, At safepoint: 12239 ns, Total: 140635 ns
[2020-02-29T07:01:11.402+0000][1][safepoint    ] Safepoint "RevokeBias", Time since last: 505725571 ns, Reaching safepoint: 70910 ns, At safepoint: 17283 ns, Total: 88193 ns
[2020-02-29T07:01:12.405+0000][1][safepoint    ] Safepoint "Cleanup", Time since last: 1003147184 ns, Reaching safepoint: 75488 ns, At safepoint: 6389 ns, Total: 81877 ns
[2020-02-29T07:01:13.416+0000][1][safepoint    ] Safepoint "Cleanup", Time since last: 1010729207 ns, Reaching safepoint: 80928 ns, At safepoint: 8782 ns, Total: 89710 ns
[2020-02-29T07:01:13.925+0000][1][safepoint    ] Safepoint "RevokeBias", Time since last: 508460223 ns, Reaching safepoint: 55248 ns, At safepoint: 16433 ns, Total: 71681 ns
[2020-02-29T07:01:14.929+0000][1][safepoint    ] Safepoint "Cleanup", Time since last: 1004531519 ns, Reaching safepoint: 76651 ns, At safepoint: 7125 ns, Total: 83776 ns
[2020-02-29T07:01:15.937+0000][1][safepoint    ] Safepoint "Cleanup", Time since last: 1007482663 ns, Reaching safepoint: 62227 ns, At safepoint: 6612 ns, Total: 68839 ns
[2020-02-29T07:01:16.440+0000][1][safepoint    ] Safepoint "RevokeBias", Time since last: 503067252 ns, Reaching safepoint: 89938 ns, At safepoint: 18192 ns, Total: 108130 ns
[2020-02-29T07:01:17.443+0000][1][safepoint    ] Safepoint "Cleanup", Time since last: 1002274844 ns, Reaching safepoint: 77804 ns, At safepoint: 6716 ns, Total: 84520 ns
[2020-02-29T07:01:18.443+0000][1][safepoint    ] Safepoint "Cleanup", Time since last: 1000605578 ns, Reaching safepoint: 105908 ns, At safepoint: 11797 ns, Total: 117705 ns
[2020-02-29T07:01:18.965+0000][1][safepoint    ] Safepoint "RevokeBias", Time since last: 521519429 ns, Reaching safepoint: 69209 ns, At safepoint: 16509 ns, Total: 85718 ns
[2020-02-29T07:01:19.975+0000][1][safepoint    ] Safepoint "Cleanup", Time since last: 1010372223 ns, Reaching safepoint: 147454 ns, At safepoint: 5991 ns, Total: 153445 ns
[2020-02-29T07:01:20.982+0000][1][safepoint    ] Safepoint "Cleanup", Time since last: 1006734871 ns, Reaching safepoint: 96666 ns, At safepoint: 7028 ns, Total: 103694 ns
[2020-02-29T07:01:21.475+0000][1][safepoint    ] Safepoint "RevokeBias", Time since last: 492385693 ns, Reaching safepoint: 73575 ns, At safepoint: 35932 ns, Total: 109507 ns
[2020-02-29T07:01:22.482+0000][1][safepoint    ] Safepoint "Cleanup", Time since last: 1007379906 ns, Reaching safepoint: 112455 ns, At safepoint: 8358 ns, Total: 120813 ns
[2020-02-29T07:01:23.484+0000][1][safepoint    ] Safepoint "Cleanup", Time since last: 1001760813 ns, Reaching safepoint: 100062 ns, At safepoint: 7830 ns, Total: 107892 ns
[2020-02-29T07:01:23.992+0000][1][safepoint    ] Safepoint "RevokeBias", Time since last: 508075031 ns, Reaching safepoint: 186794 ns, At safepoint: 21990 ns, Total: 208784 ns
[2020-02-29T07:01:25.003+0000][1][safepoint    ] Safepoint "Cleanup", Time since last: 1010675989 ns, Reaching safepoint: 78315 ns, At safepoint: 7506 ns, Total: 85821 ns
[2020-02-29T07:01:26.004+0000][1][safepoint    ] Safepoint "Cleanup", Time since last: 1001148680 ns, Reaching safepoint: 62809 ns, At safepoint: 6896 ns, Total: 69705 ns
[2020-02-29T07:01:26.507+0000][1][safepoint    ] Safepoint "RevokeBias", Time since last: 502517735 ns, Reaching safepoint: 57087 ns, At safepoint: 16953 ns, Total: 74040 ns
[2020-02-29T07:01:27.511+0000][1][safepoint    ] Safepoint "Cleanup", Time since last: 1004362603 ns, Reaching safepoint: 61929 ns, At safepoint: 7022 ns, Total: 68951 ns
[2020-02-29T07:01:28.519+0000][1][safepoint    ] Safepoint "Cleanup", Time since last: 1007925101 ns, Reaching safepoint: 64527 ns, At safepoint: 7897 ns, Total: 72424 ns
[2020-02-29T07:01:29.017+0000][1][safepoint    ] Safepoint "RevokeBias", Time since last: 497617528 ns, Reaching safepoint: 70687 ns, At safepoint: 18027 ns, Total: 88714 ns
[2020-02-29T07:01:30.018+0000][1][safepoint    ] Safepoint "Cleanup", Time since last: 1000339287 ns, Reaching safepoint: 93758 ns, At safepoint: 8921 ns, Total: 102679 ns
[2020-02-29T07:01:31.019+0000][1][safepoint    ] Safepoint "Cleanup", Time since last: 1001087721 ns, Reaching safepoint: 118946 ns, At safepoint: 11339 ns, Total: 130285 ns
[2020-02-29T07:01:31.540+0000][1][safepoint    ] Safepoint "RevokeBias", Time since last: 520930104 ns, Reaching safepoint: 49255 ns, At safepoint: 15099 ns, Total: 64354 ns
[2020-02-29T07:01:32.551+0000][1][safepoint    ] Safepoint "Cleanup", Time since last: 1010784845 ns, Reaching safepoint: 247582 ns, At safepoint: 10585 ns, Total: 258167 ns
[2020-02-29T07:01:33.561+0000][1][safepoint    ] Safepoint "Cleanup", Time since last: 1010459177 ns, Reaching safepoint: 77006 ns, At safepoint: 6427 ns, Total: 83433 ns
[2020-02-29T07:01:34.049+0000][1][safepoint    ] Safepoint "RevokeBias", Time since last: 487054613 ns, Reaching safepoint: 92284 ns, At safepoint: 118069 ns, Total: 210353 ns
[2020-02-29T07:01:35.055+0000][1][safepoint    ] Safepoint "Cleanup", Time since last: 1006792878 ns, Reaching safepoint: 78660 ns, At safepoint: 7940 ns, Total: 86600 ns
[2020-02-29T07:01:36.063+0000][1][safepoint    ] Safepoint "Cleanup", Time since last: 1007481316 ns, Reaching safepoint: 116736 ns, At safepoint: 10028 ns, Total: 126764 ns
[2020-02-29T07:01:36.564+0000][1][safepoint    ] Safepoint "RevokeBias", Time since last: 500581157 ns, Reaching safepoint: 71494 ns, At safepoint: 18141 ns, Total: 89635 ns
[2020-02-29T07:01:37.569+0000][1][safepoint    ] Safepoint "Cleanup", Time since last: 1005211148 ns, Reaching safepoint: 80278 ns, At safepoint: 8578 ns, Total: 88856 ns
[2020-02-29T07:01:38.570+0000][1][safepoint    ] Safepoint "Cleanup", Time since last: 1001184347 ns, Reaching safepoint: 64872 ns, At safepoint: 6850 ns, Total: 71722 ns
[2020-02-29T07:01:39.084+0000][1][safepoint    ] Safepoint "RevokeBias", Time since last: 513097456 ns, Reaching safepoint: 304417 ns, At safepoint: 70864 ns, Total: 375281 ns
[2020-02-29T07:01:40.094+0000][1][safepoint    ] Safepoint "Cleanup", Time since last: 1010031320 ns, Reaching safepoint: 127007 ns, At safepoint: 8720 ns, Total: 135727 ns
[2020-02-29T07:01:41.095+0000][1][safepoint    ] Safepoint "Cleanup", Time since last: 1001038086 ns, Reaching safepoint: 95725 ns, At safepoint: 9171 ns, Total: 104896 ns
[2020-02-29T07:01:41.605+0000][1][safepoint    ] Safepoint "BulkRevokeBias", Time since last: 509200891 ns, Reaching safepoint: 51835 ns, At safepoint: 175521 ns, Total: 227356 ns
[2020-02-29T07:01:42.610+0000][1][safepoint    ] Safepoint "Cleanup", Time since last: 1005170678 ns, Reaching safepoint: 75962 ns, At safepoint: 6321 ns, Total: 82283 ns
[2020-02-29T07:01:43.618+0000][1][safepoint    ] Safepoint "Cleanup", Time since last: 1008092884 ns, Reaching safepoint: 110745 ns, At safepoint: 7738 ns, Total: 118483 ns
[2020-02-29T07:01:44.133+0000][1][safepoint    ] Safepoint "RevokeBias", Time since last: 514392760 ns, Reaching safepoint: 138850 ns, At safepoint: 20567 ns, Total: 159417 ns
[2020-02-29T07:01:45.136+0000][1][safepoint    ] Safepoint "Cleanup", Time since last: 1003571385 ns, Reaching safepoint: 64514 ns, At safepoint: 7552 ns, Total: 72066 ns
[2020-02-29T07:01:46.137+0000][1][safepoint    ] Safepoint "Cleanup", Time since last: 1000905763 ns, Reaching safepoint: 82012 ns, At safepoint: 8150 ns, Total: 90162 ns
[2020-02-29T07:01:46.646+0000][1][safepoint    ] Safepoint "RevokeBias", Time since last: 509085400 ns, Reaching safepoint: 100036 ns, At safepoint: 18569 ns, Total: 118605 ns
[2020-02-29T07:01:47.648+0000][1][safepoint    ] Safepoint "Cleanup", Time since last: 1001903182 ns, Reaching safepoint: 62938 ns, At safepoint: 8011 ns, Total: 70949 ns
[2020-02-29T07:01:48.656+0000][1][safepoint    ] Safepoint "Cleanup", Time since last: 1007925102 ns, Reaching safepoint: 80645 ns, At safepoint: 7998 ns, Total: 88643 ns
[2020-02-29T07:01:49.159+0000][1][safepoint    ] Safepoint "RevokeBias", Time since last: 502296970 ns, Reaching safepoint: 74022 ns, At safepoint: 17828 ns, Total: 91850 ns
[2020-02-29T07:01:50.160+0000][1][safepoint    ] Safepoint "Cleanup", Time since last: 1001330011 ns, Reaching safepoint: 136716 ns, At safepoint: 11397 ns, Total: 148113 ns
[2020-02-29T07:01:51.164+0000][1][safepoint    ] Safepoint "Cleanup", Time since last: 1003900491 ns, Reaching safepoint: 82267 ns, At safepoint: 7681 ns, Total: 89948 ns
[2020-02-29T07:01:51.688+0000][1][safepoint    ] Safepoint "RevokeBias", Time since last: 523280335 ns, Reaching safepoint: 86896 ns, At safepoint: 80683 ns, Total: 167579 ns
[2020-02-29T07:01:52.689+0000][1][safepoint    ] Safepoint "Cleanup", Time since last: 1001578189 ns, Reaching safepoint: 62819 ns, At safepoint: 7033 ns, Total: 69852 ns
[2020-02-29T07:01:53.693+0000][1][safepoint    ] Safepoint "Cleanup", Time since last: 1003664671 ns, Reaching safepoint: 78917 ns, At safepoint: 7396 ns, Total: 86313 ns
[2020-02-29T07:01:54.212+0000][1][safepoint    ] Safepoint "RevokeBias", Time since last: 518592409 ns, Reaching safepoint: 135192 ns, At safepoint: 21283 ns, Total: 156475 ns
[2020-02-29T07:01:55.215+0000][1][safepoint    ] Safepoint "Cleanup", Time since last: 1003346655 ns, Reaching safepoint: 61772 ns, At safepoint: 7916 ns, Total: 69688 ns
[2020-02-29T07:01:56.224+0000][1][safepoint    ] Safepoint "Cleanup", Time since last: 1008965121 ns, Reaching safepoint: 147993 ns, At safepoint: 9175 ns, Total: 157168 ns
[2020-02-29T07:01:56.741+0000][1][safepoint    ] Safepoint "RevokeBias", Time since last: 516146917 ns, Reaching safepoint: 77964 ns, At safepoint: 18607 ns, Total: 96571 ns
[2020-02-29T07:01:57.747+0000][1][safepoint    ] Safepoint "Cleanup", Time since last: 1006771868 ns, Reaching safepoint: 81581 ns, At safepoint: 7860 ns, Total: 89441 ns
[2020-02-29T07:01:59.178+0000][1][safepoint    ] Safepoint "Cleanup", Time since last: 1430331073 ns, Reaching safepoint: 148783 ns, At safepoint: 11351 ns, Total: 160134 ns
[2020-02-29T07:01:59.252+0000][1][safepoint    ] Safepoint "RevokeBias", Time since last: 73859182 ns, Reaching safepoint: 86930 ns, At safepoint: 17516 ns, Total: 104446 ns
[2020-02-29T07:02:00.253+0000][1][safepoint    ] Safepoint "Cleanup", Time since last: 1001362418 ns, Reaching safepoint: 79148 ns, At safepoint: 7687 ns, Total: 86835 ns
[2020-02-29T07:02:01.259+0000][1][safepoint    ] Safepoint "Cleanup", Time since last: 1005908074 ns, Reaching safepoint: 64265 ns, At safepoint: 6098 ns, Total: 70363 ns
[2020-02-29T07:02:01.761+0000][1][safepoint    ] Safepoint "RevokeBias", Time since last: 501969441 ns, Reaching safepoint: 89613 ns, At safepoint: 19207 ns, Total: 108820 ns
[2020-02-29T07:02:02.764+0000][1][safepoint    ] Safepoint "Cleanup", Time since last: 1002849814 ns, Reaching safepoint: 76113 ns, At safepoint: 6323 ns, Total: 82436 ns
[2020-02-29T07:02:03.769+0000][1][safepoint    ] Safepoint "Cleanup", Time since last: 1003943008 ns, Reaching safepoint: 884928 ns, At safepoint: 16285 ns, Total: 901213 ns
[2020-02-29T07:02:04.281+0000][1][safepoint    ] Safepoint "RevokeBias", Time since last: 511500650 ns, Reaching safepoint: 72663 ns, At safepoint: 17879 ns, Total: 90542 ns
[2020-02-29T07:02:05.282+0000][1][safepoint    ] Safepoint "Cleanup", Time since last: 1001300681 ns, Reaching safepoint: 103418 ns, At safepoint: 11105 ns, Total: 114523 ns
[2020-02-29T07:02:06.293+0000][1][safepoint    ] Safepoint "Cleanup", Time since last: 1011026599 ns, Reaching safepoint: 76046 ns, At safepoint: 6482 ns, Total: 82528 ns
[2020-02-29T07:02:06.794+0000][1][safepoint    ] Safepoint "RevokeBias", Time since last: 500324618 ns, Reaching safepoint: 74329 ns, At safepoint: 18752 ns, Total: 93081 ns
[2020-02-29T07:02:07.796+0000][1][safepoint    ] Safepoint "Cleanup", Time since last: 1002505593 ns, Reaching safepoint: 79667 ns, At safepoint: 7944 ns, Total: 87611 ns
[2020-02-29T07:02:08.802+0000][1][safepoint    ] Safepoint "Cleanup", Time since last: 1005366849 ns, Reaching safepoint: 81784 ns, At safepoint: 9376 ns, Total: 91160 ns
[2020-02-29T07:02:09.304+0000][1][safepoint    ] Safepoint "RevokeBias", Time since last: 502049738 ns, Reaching safepoint: 71726 ns, At safepoint: 17578 ns, Total: 89304 ns
[2020-02-29T07:02:10.305+0000][1][safepoint    ] Safepoint "Cleanup", Time since last: 1000617810 ns, Reaching safepoint: 78811 ns, At safepoint: 7986 ns, Total: 86797 ns
[2020-02-29T07:02:11.305+0000][1][safepoint    ] Safepoint "Cleanup", Time since last: 1000658355 ns, Reaching safepoint: 78864 ns, At safepoint: 6621 ns, Total: 85485 ns
[2020-02-29T07:02:11.821+0000][1][safepoint    ] Safepoint "RevokeBias", Time since last: 515993967 ns, Reaching safepoint: 71561 ns, At safepoint: 17657 ns, Total: 89218 ns
[2020-02-29T07:02:12.827+0000][1][safepoint    ] Safepoint "Cleanup", Time since last: 1005682100 ns, Reaching safepoint: 116196 ns, At safepoint: 11592 ns, Total: 127788 ns
[2020-02-29T07:02:13.831+0000][1][safepoint    ] Safepoint "Cleanup", Time since last: 1003950848 ns, Reaching safepoint: 108834 ns, At safepoint: 8290 ns, Total: 117124 ns
[2020-02-29T07:02:14.342+0000][1][safepoint    ] Safepoint "RevokeBias", Time since last: 510943921 ns, Reaching safepoint: 72538 ns, At safepoint: 35868 ns, Total: 108406 ns
[2020-02-29T07:02:15.343+0000][1][safepoint    ] Safepoint "Cleanup", Time since last: 1000609902 ns, Reaching safepoint: 64835 ns, At safepoint: 7479 ns, Total: 72314 ns
[2020-02-29T07:02:16.349+0000][1][safepoint    ] Safepoint "Cleanup", Time since last: 1005930178 ns, Reaching safepoint: 95262 ns, At safepoint: 7523 ns, Total: 102785 ns
[2020-02-29T07:02:16.852+0000][1][safepoint    ] Safepoint "RevokeBias", Time since last: 502352969 ns, Reaching safepoint: 130654 ns, At safepoint: 34965 ns, Total: 165619 ns
[2020-02-29T07:02:17.852+0000][1][safepoint    ] Safepoint "Cleanup", Time since last: 1000318245 ns, Reaching safepoint: 129700 ns, At safepoint: 8794 ns, Total: 138494 ns
[2020-02-29T07:02:18.855+0000][1][safepoint    ] Safepoint "Cleanup", Time since last: 1002694012 ns, Reaching safepoint: 90780 ns, At safepoint: 7227 ns, Total: 98007 ns
[2020-02-29T07:02:19.366+0000][1][safepoint    ] Safepoint "RevokeBias", Time since last: 511441175 ns, Reaching safepoint: 73910 ns, At safepoint: 18905 ns, Total: 92815 ns
[2020-02-29T07:02:20.372+0000][1][safepoint    ] Safepoint "Cleanup", Time since last: 1005887043 ns, Reaching safepoint: 77220 ns, At safepoint: 7207 ns, Total: 84427 ns
[2020-02-29T07:02:21.377+0000][1][safepoint    ] Safepoint "Cleanup", Time since last: 1004959162 ns, Reaching safepoint: 111118 ns, At safepoint: 7612 ns, Total: 118730 ns
[2020-02-29T07:02:21.884+0000][1][safepoint    ] Safepoint "RevokeBias", Time since last: 506792816 ns, Reaching safepoint: 72873 ns, At safepoint: 36987 ns, Total: 109860 ns
[2020-02-29T07:02:22.895+0000][1][safepoint    ] Safepoint "Cleanup", Time since last: 1010521155 ns, Reaching safepoint: 79195 ns, At safepoint: 7876 ns, Total: 87071 ns
[2020-02-29T07:02:23.900+0000][1][safepoint    ] Safepoint "Cleanup", Time since last: 1005170166 ns, Reaching safepoint: 121610 ns, At safepoint: 7070 ns, Total: 128680 ns
[2020-02-29T07:02:24.402+0000][1][safepoint    ] Safepoint "RevokeBias", Time since last: 501430413 ns, Reaching safepoint: 88689 ns, At safepoint: 17693 ns, Total: 106382 ns
[2020-02-29T07:02:25.403+0000][1][safepoint    ] Safepoint "Cleanup", Time since last: 1001345149 ns, Reaching safepoint: 60073 ns, At safepoint: 7299 ns, Total: 67372 ns
[2020-02-29T07:02:26.409+0000][1][safepoint    ] Safepoint "Cleanup", Time since last: 1005965103 ns, Reaching safepoint: 107872 ns, At safepoint: 7303 ns, Total: 115175 ns
[2020-02-29T07:02:26.921+0000][1][safepoint    ] Safepoint "RevokeBias", Time since last: 511805633 ns, Reaching safepoint: 112931 ns, At safepoint: 29209 ns, Total: 142140 ns
[2020-02-29T07:02:27.922+0000][1][safepoint    ] Safepoint "Cleanup", Time since last: 1000890824 ns, Reaching safepoint: 67711 ns, At safepoint: 5145 ns, Total: 72856 ns
[2020-02-29T07:02:28.925+0000][1][safepoint    ] Safepoint "Cleanup", Time since last: 1002223534 ns, Reaching safepoint: 145074 ns, At safepoint: 31150 ns, Total: 176224 ns
[2020-02-29T07:02:29.431+0000][1][safepoint    ] Safepoint "RevokeBias", Time since last: 505980129 ns, Reaching safepoint: 124353 ns, At safepoint: 19242 ns, Total: 143595 ns
[2020-02-29T07:02:30.431+0000][1][safepoint    ] Safepoint "Cleanup", Time since last: 1000685238 ns, Reaching safepoint: 78679 ns, At safepoint: 7487 ns, Total: 86166 ns
[2020-02-29T07:02:31.435+0000][1][safepoint    ] Safepoint "Cleanup", Time since last: 1003546629 ns, Reaching safepoint: 80647 ns, At safepoint: 7796 ns, Total: 88443 ns
[2020-02-29T07:02:31.937+0000][1][safepoint    ] Safepoint "RevokeBias", Time since last: 501370191 ns, Reaching safepoint: 72245 ns, At safepoint: 18355 ns, Total: 90600 ns
[2020-02-29T07:02:32.940+0000][1][safepoint    ] Safepoint "Cleanup", Time since last: 1003771314 ns, Reaching safepoint: 61332 ns, At safepoint: 6003 ns, Total: 67335 ns
[2020-02-29T07:02:33.943+0000][1][safepoint    ] Safepoint "Cleanup", Time since last: 1002039107 ns, Reaching safepoint: 59807 ns, At safepoint: 5994 ns, Total: 65801 ns
[2020-02-29T07:02:34.456+0000][1][safepoint    ] Safepoint "RevokeBias", Time since last: 513174964 ns, Reaching safepoint: 72476 ns, At safepoint: 18854 ns, Total: 91330 ns
[2020-02-29T07:02:35.460+0000][1][safepoint    ] Safepoint "Cleanup", Time since last: 1004352046 ns, Reaching safepoint: 78843 ns, At safepoint: 7182 ns, Total: 86025 ns
[2020-02-29T07:02:36.470+0000][1][safepoint    ] Safepoint "Cleanup", Time since last: 1009613421 ns, Reaching safepoint: 97935 ns, At safepoint: 9120 ns, Total: 107055 ns
[2020-02-29T07:02:36.972+0000][1][safepoint    ] Safepoint "RevokeBias", Time since last: 502055465 ns, Reaching safepoint: 160269 ns, At safepoint: 51782 ns, Total: 212051 ns
[2020-02-29T07:02:37.977+0000][1][safepoint    ] Safepoint "Cleanup", Time since last: 1004963040 ns, Reaching safepoint: 110523 ns, At safepoint: 10773 ns, Total: 121296 ns
[2020-02-29T07:02:38.978+0000][1][safepoint    ] Safepoint "Cleanup", Time since last: 1000645198 ns, Reaching safepoint: 92683 ns, At safepoint: 9250 ns, Total: 101933 ns
[2020-02-29T07:02:39.499+0000][1][safepoint    ] Safepoint "RevokeBias", Time since last: 520533838 ns, Reaching safepoint: 53682 ns, At safepoint: 81968 ns, Total: 135650 ns
[2020-02-29T07:02:40.500+0000][1][safepoint    ] Safepoint "Cleanup", Time since last: 1001360863 ns, Reaching safepoint: 60485 ns, At safepoint: 7309 ns, Total: 67794 ns
[2020-02-29T07:02:41.504+0000][1][safepoint    ] Safepoint "Cleanup", Time since last: 1004238427 ns, Reaching safepoint: 61984 ns, At safepoint: 7115 ns, Total: 69099 ns
[2020-02-29T07:02:42.008+0000][1][safepoint    ] Safepoint "RevokeBias", Time since last: 503614046 ns, Reaching safepoint: 72177 ns, At safepoint: 18418 ns, Total: 90595 ns
[2020-02-29T07:02:43.014+0000][1][safepoint    ] Safepoint "Cleanup", Time since last: 1001959385 ns, Reaching safepoint: 3767077 ns, At safepoint: 50098 ns, Total: 3817175 ns
[2020-02-29T07:02:44.024+0000][1][safepoint    ] Safepoint "Cleanup", Time since last: 1010151797 ns, Reaching safepoint: 108943 ns, At safepoint: 7450 ns, Total: 116393 ns
[2020-02-29T07:02:44.523+0000][1][safepoint    ] Safepoint "RevokeBias", Time since last: 498799118 ns, Reaching safepoint: 53978 ns, At safepoint: 16768 ns, Total: 70746 ns
[2020-02-29T07:02:45.529+0000][1][safepoint    ] Safepoint "Cleanup", Time since last: 1006079109 ns, Reaching safepoint: 62663 ns, At safepoint: 7165 ns, Total: 69828 ns
[2020-02-29T07:02:46.530+0000][1][safepoint    ] Safepoint "Cleanup", Time since last: 1000612830 ns, Reaching safepoint: 62999 ns, At safepoint: 7573 ns, Total: 70572 ns
[2020-02-29T07:02:47.044+0000][1][safepoint    ] Safepoint "RevokeBias", Time since last: 513747036 ns, Reaching safepoint: 69850 ns, At safepoint: 17612 ns, Total: 87462 ns
[2020-02-29T07:02:49.038+0000][1][safepoint    ] Safepoint "Cleanup", Time since last: 1994179305 ns, Reaching safepoint: 81889 ns, At safepoint: 7090 ns, Total: 88979 ns
[2020-02-29T07:02:49.709+0000][1][safepoint    ] Safepoint "RevokeBias", Time since last: 671379267 ns, Reaching safepoint: 71354 ns, At safepoint: 18473 ns, Total: 89827 ns
[2020-02-29T07:02:50.710+0000][1][safepoint    ] Safepoint "Cleanup", Time since last: 1000714143 ns, Reaching safepoint: 97532 ns, At safepoint: 7289 ns, Total: 104821 ns
[2020-02-29T07:02:51.716+0000][1][safepoint    ] Safepoint "Cleanup", Time since last: 1005705184 ns, Reaching safepoint: 77734 ns, At safepoint: 21726 ns, Total: 99460 ns
[2020-02-29T07:02:52.226+0000][1][safepoint    ] Safepoint "RevokeBias", Time since last: 509520388 ns, Reaching safepoint: 173397 ns, At safepoint: 45297 ns, Total: 218694 ns
[2020-02-29T07:02:53.229+0000][1][safepoint    ] Safepoint "Cleanup", Time since last: 1003463223 ns, Reaching safepoint: 77859 ns, At safepoint: 7006 ns, Total: 84865 ns
[2020-02-29T07:02:54.230+0000][1][safepoint    ] Safepoint "Cleanup", Time since last: 1000962841 ns, Reaching safepoint: 93490 ns, At safepoint: 9562 ns, Total: 103052 ns
[2020-02-29T07:02:54.737+0000][1][safepoint    ] Safepoint "BulkRevokeBias", Time since last: 505851138 ns, Reaching safepoint: 72808 ns, At safepoint: 337885 ns, Total: 410693 ns
[2020-02-29T07:02:55.737+0000][1][safepoint    ] Safepoint "Cleanup", Time since last: 1000474490 ns, Reaching safepoint: 79206 ns, At safepoint: 7715 ns, Total: 86921 ns
[2020-02-29T07:02:56.738+0000][1][safepoint    ] Safepoint "Cleanup", Time since last: 1000499126 ns, Reaching safepoint: 77726 ns, At safepoint: 7073 ns, Total: 84799 ns
[2020-02-29T07:02:57.248+0000][1][safepoint    ] Safepoint "RevokeBias", Time since last: 509698597 ns, Reaching safepoint: 74836 ns, At safepoint: 19830 ns, Total: 94666 ns
[2020-02-29T07:02:58.053+0000][1][gc,start     ] GC(89) Pause Young (Allocation Failure)
[2020-02-29T07:02:58.053+0000][1][gc,task      ] GC(89) Using 1 workers of 1 for evacuation
[2020-02-29T07:02:58.073+0000][1][gc,age       ] GC(89) Desired survivor size 4358144 bytes, new threshold 6 (max threshold 6)
[2020-02-29T07:02:58.073+0000][1][gc,age       ] GC(89) Age table with threshold 6 (max threshold 6)
[2020-02-29T07:02:58.073+0000][1][gc,age       ] GC(89) - age   1:      15816 bytes,      15816 total
[2020-02-29T07:02:58.073+0000][1][gc,age       ] GC(89) - age   2:        240 bytes,      16056 total
[2020-02-29T07:02:58.073+0000][1][gc,age       ] GC(89) - age   3:         96 bytes,      16152 total
[2020-02-29T07:02:58.073+0000][1][gc,age       ] GC(89) - age   4:        192 bytes,      16344 total
[2020-02-29T07:02:58.073+0000][1][gc,age       ] GC(89) - age   5:       1368 bytes,      17712 total
[2020-02-29T07:02:58.073+0000][1][gc,age       ] GC(89) - age   6:       1320 bytes,      19032 total
[2020-02-29T07:02:58.073+0000][1][gc,heap      ] GC(89) ParNew: 68175K->30K(76672K)
[2020-02-29T07:02:58.073+0000][1][gc,heap      ] GC(89) CMS: 62573K->62574K(963392K)
[2020-02-29T07:02:58.073+0000][1][gc,metaspace ] GC(89) Metaspace: 80038K->80038K(1122304K)
[2020-02-29T07:02:58.073+0000][1][gc           ] GC(89) Pause Young (Allocation Failure) 127M->61M(1015M) 19.788ms
[2020-02-29T07:02:58.073+0000][1][gc,cpu       ] GC(89) User=0.02s Sys=0.00s Real=0.02s
[2020-02-29T07:02:58.073+0000][1][safepoint    ] Safepoint "GenCollectForAllocation", Time since last: 800947729 ns, Reaching safepoint: 4745790 ns, At safepoint: 19849119 ns, Total: 24594909 ns
[2020-02-29T07:02:59.073+0000][1][safepoint    ] Safepoint "Cleanup", Time since last: 1000172750 ns, Reaching safepoint: 109120 ns, At safepoint: 8468 ns, Total: 117588 ns
[2020-02-29T07:02:59.769+0000][1][safepoint    ] Safepoint "RevokeBias", Time since last: 695210923 ns, Reaching safepoint: 72705 ns, At safepoint: 17618 ns, Total: 90323 ns
[2020-02-29T07:03:00.770+0000][1][safepoint    ] Safepoint "Cleanup", Time since last: 1001338926 ns, Reaching safepoint: 64195 ns, At safepoint: 7452 ns, Total: 71647 ns
[2020-02-29T07:03:01.772+0000][1][safepoint    ] Safepoint "Cleanup", Time since last: 1001956319 ns, Reaching safepoint: 105995 ns, At safepoint: 7339 ns, Total: 113334 ns
[2020-02-29T07:03:02.282+0000][1][safepoint    ] Safepoint "RevokeBias", Time since last: 509649594 ns, Reaching safepoint: 72257 ns, At safepoint: 17602 ns, Total: 89859 ns
[2020-02-29T07:03:03.286+0000][1][safepoint    ] Safepoint "Cleanup", Time since last: 1004231129 ns, Reaching safepoint: 66062 ns, At safepoint: 7376 ns, Total: 73438 ns
[2020-02-29T07:03:04.294+0000][1][safepoint    ] Safepoint "Cleanup", Time since last: 1007111764 ns, Reaching safepoint: 79951 ns, At safepoint: 8292 ns, Total: 88243 ns
[2020-02-29T07:03:04.795+0000][1][safepoint    ] Safepoint "RevokeBias", Time since last: 501640896 ns, Reaching safepoint: 73718 ns, At safepoint: 18531 ns, Total: 92249 ns
[2020-02-29T07:03:05.805+0000][1][safepoint    ] Safepoint "Cleanup", Time since last: 1009792989 ns, Reaching safepoint: 90885 ns, At safepoint: 9153 ns, Total: 100038 ns
[2020-02-29T07:03:06.806+0000][1][safepoint    ] Safepoint "Cleanup", Time since last: 1000801916 ns, Reaching safepoint: 128131 ns, At safepoint: 8088 ns, Total: 136219 ns
[2020-02-29T07:03:07.320+0000][1][safepoint    ] Safepoint "RevokeBias", Time since last: 513902612 ns, Reaching safepoint: 77289 ns, At safepoint: 20376 ns, Total: 97665 ns
[2020-02-29T07:03:08.330+0000][1][safepoint    ] Safepoint "Cleanup", Time since last: 1009686328 ns, Reaching safepoint: 211039 ns, At safepoint: 9362 ns, Total: 220401 ns
[2020-02-29T07:03:09.338+0000][1][safepoint    ] Safepoint "Cleanup", Time since last: 1008334987 ns, Reaching safepoint: 59217 ns, At safepoint: 6050 ns, Total: 65267 ns
[2020-02-29T07:03:09.831+0000][1][safepoint    ] Safepoint "RevokeBias", Time since last: 492629446 ns, Reaching safepoint: 83158 ns, At safepoint: 20653 ns, Total: 103811 ns
[2020-02-29T07:03:10.832+0000][1][safepoint    ] Safepoint "Cleanup", Time since last: 1000471139 ns, Reaching safepoint: 122107 ns, At safepoint: 14100 ns, Total: 136207 ns
[2020-02-29T07:03:11.841+0000][1][safepoint    ] Safepoint "Cleanup", Time since last: 1009159228 ns, Reaching safepoint: 77607 ns, At safepoint: 6762 ns, Total: 84369 ns
[2020-02-29T07:03:12.347+0000][1][safepoint    ] Safepoint "RevokeBias", Time since last: 505705490 ns, Reaching safepoint: 68223 ns, At safepoint: 85437 ns, Total: 153660 ns
[2020-02-29T07:03:13.354+0000][1][safepoint    ] Safepoint "Cleanup", Time since last: 1007437645 ns, Reaching safepoint: 96500 ns, At safepoint: 7250 ns, Total: 103750 ns
[2020-02-29T07:03:14.356+0000][1][safepoint    ] Safepoint "Cleanup", Time since last: 1001095849 ns, Reaching safepoint: 104343 ns, At safepoint: 7140 ns, Total: 111483 ns
[2020-02-29T07:03:14.871+0000][1][safepoint    ] Safepoint "RevokeBias", Time since last: 515552743 ns, Reaching safepoint: 52312 ns, At safepoint: 16987 ns, Total: 69299 ns
[2020-02-29T07:03:15.875+0000][1][safepoint    ] Safepoint "Cleanup", Time since last: 1004084141 ns, Reaching safepoint: 113522 ns, At safepoint: 9758 ns, Total: 123280 ns
[2020-02-29T07:03:16.878+0000][1][safepoint    ] Safepoint "Cleanup", Time since last: 1002784629 ns, Reaching safepoint: 77561 ns, At safepoint: 7697 ns, Total: 85258 ns
[2020-02-29T07:03:17.449+0000][1][safepoint    ] Safepoint "RevokeBias", Time since last: 571099657 ns, Reaching safepoint: 52579 ns, At safepoint: 16188 ns, Total: 68767 ns
[2020-02-29T07:03:18.452+0000][1][safepoint    ] Safepoint "Cleanup", Time since last: 1002826254 ns, Reaching safepoint: 74233 ns, At safepoint: 6620 ns, Total: 80853 ns
[2020-02-29T07:03:19.458+0000][1][safepoint    ] Safepoint "Cleanup", Time since last: 1005548025 ns, Reaching safepoint: 65605 ns, At safepoint: 7141 ns, Total: 72746 ns
[2020-02-29T07:03:19.971+0000][1][safepoint    ] Safepoint "RevokeBias", Time since last: 512876403 ns, Reaching safepoint: 53803 ns, At safepoint: 16301 ns, Total: 70104 ns
[2020-02-29T07:03:20.977+0000][1][safepoint    ] Safepoint "Cleanup", Time since last: 1006251886 ns, Reaching safepoint: 78891 ns, At safepoint: 7264 ns, Total: 86155 ns
[2020-02-29T07:03:21.987+0000][1][safepoint    ] Safepoint "Cleanup", Time since last: 1009732072 ns, Reaching safepoint: 84003 ns, At safepoint: 8003 ns, Total: 92006 ns
[2020-02-29T07:03:22.595+0000][1][safepoint    ] Safepoint "RevokeBias", Time since last: 608021220 ns, Reaching safepoint: 83709 ns, At safepoint: 35875 ns, Total: 119584 ns
[2020-02-29T07:03:23.599+0000][1][safepoint    ] Safepoint "Cleanup", Time since last: 1003594054 ns, Reaching safepoint: 121823 ns, At safepoint: 9219 ns, Total: 131042 ns
[2020-02-29T07:03:24.600+0000][1][safepoint    ] Safepoint "Cleanup", Time since last: 1001326356 ns, Reaching safepoint: 86736 ns, At safepoint: 9098 ns, Total: 95834 ns
[2020-02-29T07:03:25.117+0000][1][safepoint    ] Safepoint "RevokeBias", Time since last: 516112382 ns, Reaching safepoint: 72826 ns, At safepoint: 18161 ns, Total: 90987 ns
[2020-02-29T07:03:26.126+0000][1][safepoint    ] Safepoint "Cleanup", Time since last: 1009360661 ns, Reaching safepoint: 127218 ns, At safepoint: 14895 ns, Total: 142113 ns
[2020-02-29T07:03:27.126+0000][1][safepoint    ] Safepoint "Cleanup", Time since last: 1000113056 ns, Reaching safepoint: 105971 ns, At safepoint: 12188 ns, Total: 118159 ns
[2020-02-29T07:03:27.639+0000][1][safepoint    ] Safepoint "RevokeBias", Time since last: 512600990 ns, Reaching safepoint: 56369 ns, At safepoint: 17852 ns, Total: 74221 ns
[2020-02-29T07:03:29.059+0000][1][safepoint    ] Safepoint "Cleanup", Time since last: 1420362351 ns, Reaching safepoint: 81445 ns, At safepoint: 9952 ns, Total: 91397 ns
[2020-02-29T07:03:30.061+0000][1][safepoint    ] Safepoint "Cleanup", Time since last: 1001376828 ns, Reaching safepoint: 118921 ns, At safepoint: 10565 ns, Total: 129486 ns
[2020-02-29T07:03:30.154+0000][1][safepoint    ] Safepoint "RevokeBias", Time since last: 92500369 ns, Reaching safepoint: 86451 ns, At safepoint: 18976 ns, Total: 105427 ns
[2020-02-29T07:03:31.156+0000][1][safepoint    ] Safepoint "Cleanup", Time since last: 1001860700 ns, Reaching safepoint: 97654 ns, At safepoint: 12267 ns, Total: 109921 ns
[2020-02-29T07:03:32.162+0000][1][safepoint    ] Safepoint "Cleanup", Time since last: 1006400300 ns, Reaching safepoint: 112125 ns, At safepoint: 13358 ns, Total: 125483 ns
[2020-02-29T07:03:32.664+0000][1][safepoint    ] Safepoint "RevokeBias", Time since last: 501383433 ns, Reaching safepoint: 141326 ns, At safepoint: 21908 ns, Total: 163234 ns
[2020-02-29T07:03:33.672+0000][1][safepoint    ] Safepoint "Cleanup", Time since last: 1007879393 ns, Reaching safepoint: 60499 ns, At safepoint: 6255 ns, Total: 66754 ns
[2020-02-29T07:03:34.673+0000][1][safepoint    ] Safepoint "Cleanup", Time since last: 1001294019 ns, Reaching safepoint: 78127 ns, At safepoint: 7493 ns, Total: 85620 ns
[2020-02-29T07:03:35.184+0000][1][safepoint    ] Safepoint "RevokeBias", Time since last: 510752234 ns, Reaching safepoint: 78000 ns, At safepoint: 56463 ns, Total: 134463 ns
[2020-02-29T07:03:36.185+0000][1][safepoint    ] Safepoint "Cleanup", Time since last: 1000770061 ns, Reaching safepoint: 81393 ns, At safepoint: 9909 ns, Total: 91302 ns
[2020-02-29T07:03:37.186+0000][1][safepoint    ] Safepoint "Cleanup", Time since last: 1001295196 ns, Reaching safepoint: 81142 ns, At safepoint: 7369 ns, Total: 88511 ns
[2020-02-29T07:03:37.705+0000][1][safepoint    ] Safepoint "RevokeBias", Time since last: 518720125 ns, Reaching safepoint: 73352 ns, At safepoint: 18232 ns, Total: 91584 ns
[2020-02-29T07:03:38.707+0000][1][safepoint    ] Safepoint "Cleanup", Time since last: 1002292057 ns, Reaching safepoint: 139216 ns, At safepoint: 8578 ns, Total: 147794 ns
[2020-02-29T07:03:39.710+0000][1][safepoint    ] Safepoint "Cleanup", Time since last: 1003044695 ns, Reaching safepoint: 77113 ns, At safepoint: 6486 ns, Total: 83599 ns
[2020-02-29T07:03:40.225+0000][1][safepoint    ] Safepoint "RevokeBias", Time since last: 514061069 ns, Reaching safepoint: 85186 ns, At safepoint: 41043 ns, Total: 126229 ns
[2020-02-29T07:03:41.229+0000][1][safepoint    ] Safepoint "Cleanup", Time since last: 1004516162 ns, Reaching safepoint: 79312 ns, At safepoint: 7666 ns, Total: 86978 ns
[2020-02-29T07:03:42.234+0000][1][safepoint    ] Safepoint "Cleanup", Time since last: 1005183448 ns, Reaching safepoint: 77435 ns, At safepoint: 8182 ns, Total: 85617 ns
[2020-02-29T07:03:42.751+0000][1][safepoint    ] Safepoint "RevokeBias", Time since last: 516663191 ns, Reaching safepoint: 91971 ns, At safepoint: 19793 ns, Total: 111764 ns
[2020-02-29T07:03:43.753+0000][1][safepoint    ] Safepoint "Cleanup", Time since last: 1002110634 ns, Reaching safepoint: 100851 ns, At safepoint: 9524 ns, Total: 110375 ns
[2020-02-29T07:03:44.760+0000][1][safepoint    ] Safepoint "Cleanup", Time since last: 1006505805 ns, Reaching safepoint: 83344 ns, At safepoint: 10302 ns, Total: 93646 ns
[2020-02-29T07:03:45.272+0000][1][safepoint    ] Safepoint "RevokeBias", Time since last: 511353235 ns, Reaching safepoint: 87986 ns, At safepoint: 34728 ns, Total: 122714 ns
[2020-02-29T07:03:46.965+0000][1][safepoint    ] Safepoint "Cleanup", Time since last: 1693342120 ns, Reaching safepoint: 109871 ns, At safepoint: 13489 ns, Total: 123360 ns
[2020-02-29T07:03:47.785+0000][1][safepoint    ] Safepoint "RevokeBias", Time since last: 819663860 ns, Reaching safepoint: 121120 ns, At safepoint: 36870 ns, Total: 157990 ns
[2020-02-29T07:03:48.791+0000][1][safepoint    ] Safepoint "Cleanup", Time since last: 1006213054 ns, Reaching safepoint: 118328 ns, At safepoint: 9572 ns, Total: 127900 ns
[2020-02-29T07:03:49.792+0000][1][safepoint    ] Safepoint "Cleanup", Time since last: 1000753017 ns, Reaching safepoint: 100830 ns, At safepoint: 10791 ns, Total: 111621 ns
[2020-02-29T07:03:50.322+0000][1][safepoint    ] Safepoint "RevokeBias", Time since last: 530035589 ns, Reaching safepoint: 53927 ns, At safepoint: 17064 ns, Total: 70991 ns
[2020-02-29T07:03:51.324+0000][1][safepoint    ] Safepoint "Cleanup", Time since last: 1001686016 ns, Reaching safepoint: 96997 ns, At safepoint: 5895 ns, Total: 102892 ns
[2020-02-29T07:03:52.327+0000][1][safepoint    ] Safepoint "Cleanup", Time since last: 1003336618 ns, Reaching safepoint: 60779 ns, At safepoint: 6469 ns, Total: 67248 ns
[2020-02-29T07:03:52.905+0000][1][safepoint    ] Safepoint "RevokeBias", Time since last: 577144592 ns, Reaching safepoint: 70707 ns, At safepoint: 35712 ns, Total: 106419 ns
[2020-02-29T07:03:53.907+0000][1][safepoint    ] Safepoint "Cleanup", Time since last: 1002578682 ns, Reaching safepoint: 91785 ns, At safepoint: 8014 ns, Total: 99799 ns
[2020-02-29T07:03:54.908+0000][1][safepoint    ] Safepoint "Cleanup", Time since last: 1000756714 ns, Reaching safepoint: 84113 ns, At safepoint: 7353 ns, Total: 91466 ns
[2020-02-29T07:03:55.429+0000][1][safepoint    ] Safepoint "RevokeBias", Time since last: 521110557 ns, Reaching safepoint: 70642 ns, At safepoint: 20259 ns, Total: 90901 ns
[2020-02-29T07:03:56.430+0000][1][safepoint    ] Safepoint "Cleanup", Time since last: 1000689317 ns, Reaching safepoint: 61600 ns, At safepoint: 7341 ns, Total: 68941 ns
[2020-02-29T07:03:57.433+0000][1][safepoint    ] Safepoint "Cleanup", Time since last: 1002389645 ns, Reaching safepoint: 78371 ns, At safepoint: 7166 ns, Total: 85537 ns
[2020-02-29T07:03:57.994+0000][1][safepoint    ] Safepoint "RevokeBias", Time since last: 561170514 ns, Reaching safepoint: 71020 ns, At safepoint: 17721 ns, Total: 88741 ns
[2020-02-29T07:03:58.994+0000][1][safepoint    ] Safepoint "Cleanup", Time since last: 1000223361 ns, Reaching safepoint: 80042 ns, At safepoint: 9060 ns, Total: 89102 ns
[2020-02-29T07:04:00.000+0000][1][safepoint    ] Safepoint "Cleanup", Time since last: 1005310266 ns, Reaching safepoint: 78151 ns, At safepoint: 6708 ns, Total: 84859 ns
[2020-02-29T07:04:00.570+0000][1][safepoint    ] Safepoint "RevokeBias", Time since last: 570562958 ns, Reaching safepoint: 123732 ns, At safepoint: 36977 ns, Total: 160709 ns
[2020-02-29T07:04:01.572+0000][1][safepoint    ] Safepoint "Cleanup", Time since last: 1001906112 ns, Reaching safepoint: 100425 ns, At safepoint: 125466 ns, Total: 225891 ns
[2020-02-29T07:04:02.573+0000][1][safepoint    ] Safepoint "Cleanup", Time since last: 1000536344 ns, Reaching safepoint: 211167 ns, At safepoint: 14360 ns, Total: 225527 ns
[2020-02-29T07:04:03.092+0000][1][safepoint    ] Safepoint "RevokeBias", Time since last: 518938937 ns, Reaching safepoint: 69863 ns, At safepoint: 18196 ns, Total: 88059 ns
[2020-02-29T07:04:04.094+0000][1][safepoint    ] Safepoint "Cleanup", Time since last: 1001585346 ns, Reaching safepoint: 74364 ns, At safepoint: 5576 ns, Total: 79940 ns
[2020-02-29T07:04:05.103+0000][1][safepoint    ] Safepoint "Cleanup", Time since last: 1009329662 ns, Reaching safepoint: 71355 ns, At safepoint: 8108 ns, Total: 79463 ns
[2020-02-29T07:04:05.614+0000][1][safepoint    ] Safepoint "RevokeBias", Time since last: 510976338 ns, Reaching safepoint: 54266 ns, At safepoint: 16362 ns, Total: 70628 ns
[2020-02-29T07:04:06.620+0000][1][safepoint    ] Safepoint "Cleanup", Time since last: 1005691713 ns, Reaching safepoint: 125139 ns, At safepoint: 12677 ns, Total: 137816 ns
[2020-02-29T07:04:07.626+0000][1][safepoint    ] Safepoint "Cleanup", Time since last: 1005766033 ns, Reaching safepoint: 103175 ns, At safepoint: 14339 ns, Total: 117514 ns
[2020-02-29T07:04:08.128+0000][1][safepoint    ] Safepoint "BulkRevokeBias", Time since last: 501768649 ns, Reaching safepoint: 57646 ns, At safepoint: 170018 ns, Total: 227664 ns
[2020-02-29T07:04:09.137+0000][1][safepoint    ] Safepoint "Cleanup", Time since last: 1009121124 ns, Reaching safepoint: 105258 ns, At safepoint: 11611 ns, Total: 116869 ns
[2020-02-29T07:04:10.139+0000][1][safepoint    ] Safepoint "Cleanup", Time since last: 1001632849 ns, Reaching safepoint: 118958 ns, At safepoint: 14029 ns, Total: 132987 ns
[2020-02-29T07:04:10.645+0000][1][safepoint    ] Safepoint "RevokeBias", Time since last: 505437706 ns, Reaching safepoint: 171778 ns, At safepoint: 36768 ns, Total: 208546 ns
[2020-02-29T07:04:11.646+0000][1][safepoint    ] Safepoint "Cleanup", Time since last: 1001718529 ns, Reaching safepoint: 78245 ns, At safepoint: 7150 ns, Total: 85395 ns
[2020-02-29T07:04:12.648+0000][1][safepoint    ] Safepoint "Cleanup", Time since last: 1001816649 ns, Reaching safepoint: 89480 ns, At safepoint: 10463 ns, Total: 99943 ns
[2020-02-29T07:04:13.166+0000][1][safepoint    ] Safepoint "RevokeBias", Time since last: 517674729 ns, Reaching safepoint: 127519 ns, At safepoint: 29300 ns, Total: 156819 ns
[2020-02-29T07:04:14.167+0000][1][safepoint    ] Safepoint "Cleanup", Time since last: 1000766911 ns, Reaching safepoint: 95868 ns, At safepoint: 8961 ns, Total: 104829 ns
[2020-02-29T07:04:15.170+0000][1][safepoint    ] Safepoint "Cleanup", Time since last: 1002608142 ns, Reaching safepoint: 114754 ns, At safepoint: 12108 ns, Total: 126862 ns
[2020-02-29T07:04:15.690+0000][1][safepoint    ] Safepoint "RevokeBias", Time since last: 519395228 ns, Reaching safepoint: 362281 ns, At safepoint: 20628 ns, Total: 382909 ns
[2020-02-29T07:04:16.794+0000][1][safepoint    ] Safepoint "Cleanup", Time since last: 1104679766 ns, Reaching safepoint: 153187 ns, At safepoint: 12344 ns, Total: 165531 ns
[2020-02-29T07:04:17.801+0000][1][safepoint    ] Safepoint "Cleanup", Time since last: 1005968225 ns, Reaching safepoint: 216946 ns, At safepoint: 13291 ns, Total: 230237 ns
[2020-02-29T07:04:18.217+0000][1][safepoint    ] Safepoint "RevokeBias", Time since last: 416031585 ns, Reaching safepoint: 129896 ns, At safepoint: 29904 ns, Total: 159800 ns
[2020-02-29T07:04:19.219+0000][1][safepoint    ] Safepoint "Cleanup", Time since last: 1001938900 ns, Reaching safepoint: 62990 ns, At safepoint: 7427 ns, Total: 70417 ns
[2020-02-29T07:04:20.221+0000][1][safepoint    ] Safepoint "Cleanup", Time since last: 1002047702 ns, Reaching safepoint: 63384 ns, At safepoint: 7105 ns, Total: 70489 ns
[2020-02-29T07:04:20.735+0000][1][safepoint    ] Safepoint "RevokeBias", Time since last: 514178047 ns, Reaching safepoint: 174625 ns, At safepoint: 39316 ns, Total: 213941 ns
[2020-02-29T07:04:21.742+0000][1][safepoint    ] Safepoint "Cleanup", Time since last: 1006649659 ns, Reaching safepoint: 105003 ns, At safepoint: 11788 ns, Total: 116791 ns
[2020-02-29T07:04:22.743+0000][1][safepoint    ] Safepoint "Cleanup", Time since last: 1001265610 ns, Reaching safepoint: 79867 ns, At safepoint: 7314 ns, Total: 87181 ns
[2020-02-29T07:04:23.259+0000][1][safepoint    ] Safepoint "RevokeBias", Time since last: 515743965 ns, Reaching safepoint: 70962 ns, At safepoint: 35808 ns, Total: 106770 ns
[2020-02-29T07:04:24.260+0000][1][safepoint    ] Safepoint "Cleanup", Time since last: 1000782506 ns, Reaching safepoint: 112646 ns, At safepoint: 10048 ns, Total: 122694 ns
[2020-02-29T07:04:25.268+0000][1][safepoint    ] Safepoint "Cleanup", Time since last: 1007743982 ns, Reaching safepoint: 354674 ns, At safepoint: 23176 ns, Total: 377850 ns
[2020-02-29T07:04:25.774+0000][1][safepoint    ] Safepoint "RevokeBias", Time since last: 505957579 ns, Reaching safepoint: 67662 ns, At safepoint: 109319 ns, Total: 176981 ns
[2020-02-29T07:04:26.775+0000][1][safepoint    ] Safepoint "Cleanup", Time since last: 1000538217 ns, Reaching safepoint: 83821 ns, At safepoint: 8870 ns, Total: 92691 ns
[2020-02-29T07:04:27.776+0000][1][safepoint    ] Safepoint "Cleanup", Time since last: 1000441485 ns, Reaching safepoint: 91503 ns, At safepoint: 7659 ns, Total: 99162 ns
[2020-02-29T07:04:28.302+0000][1][safepoint    ] Safepoint "RevokeBias", Time since last: 526063576 ns, Reaching safepoint: 69127 ns, At safepoint: 17284 ns, Total: 86411 ns
[2020-02-29T07:04:29.303+0000][1][safepoint    ] Safepoint "Cleanup", Time since last: 1001201533 ns, Reaching safepoint: 92286 ns, At safepoint: 8279 ns, Total: 100565 ns
[2020-02-29T07:04:30.305+0000][1][safepoint    ] Safepoint "Cleanup", Time since last: 1001504840 ns, Reaching safepoint: 108378 ns, At safepoint: 7523 ns, Total: 115901 ns
[2020-02-29T07:04:30.824+0000][1][safepoint    ] Safepoint "RevokeBias", Time since last: 519520411 ns, Reaching safepoint: 67832 ns, At safepoint: 17961 ns, Total: 85793 ns
[2020-02-29T07:04:31.826+0000][1][safepoint    ] Safepoint "Cleanup", Time since last: 1001648245 ns, Reaching safepoint: 106062 ns, At safepoint: 7326 ns, Total: 113388 ns
[2020-02-29T07:04:32.835+0000][1][safepoint    ] Safepoint "Cleanup", Time since last: 1008791566 ns, Reaching safepoint: 95491 ns, At safepoint: 7209 ns, Total: 102700 ns
[2020-02-29T07:04:33.342+0000][1][safepoint    ] Safepoint "RevokeBias", Time since last: 506462203 ns, Reaching safepoint: 90648 ns, At safepoint: 19081 ns, Total: 109729 ns
[2020-02-29T07:04:34.343+0000][1][safepoint    ] Safepoint "Cleanup", Time since last: 1001153240 ns, Reaching safepoint: 62639 ns, At safepoint: 7609 ns, Total: 70248 ns
[2020-02-29T07:04:35.349+0000][1][safepoint    ] Safepoint "Cleanup", Time since last: 1006254977 ns, Reaching safepoint: 105349 ns, At safepoint: 7878 ns, Total: 113227 ns
[2020-02-29T07:04:35.861+0000][1][safepoint    ] Safepoint "RevokeBias", Time since last: 511834854 ns, Reaching safepoint: 72362 ns, At safepoint: 18756 ns, Total: 91118 ns
[2020-02-29T07:04:36.865+0000][1][safepoint    ] Safepoint "Cleanup", Time since last: 1003566336 ns, Reaching safepoint: 98336 ns, At safepoint: 9241 ns, Total: 107577 ns
[2020-02-29T07:04:37.871+0000][1][safepoint    ] Safepoint "Cleanup", Time since last: 1006549841 ns, Reaching safepoint: 76284 ns, At safepoint: 6451 ns, Total: 82735 ns
[2020-02-29T07:04:38.389+0000][1][safepoint    ] Safepoint "RevokeBias", Time since last: 517278141 ns, Reaching safepoint: 91470 ns, At safepoint: 20121 ns, Total: 111591 ns
[2020-02-29T07:04:39.392+0000][1][safepoint    ] Safepoint "Cleanup", Time since last: 1003002402 ns, Reaching safepoint: 77775 ns, At safepoint: 7368 ns, Total: 85143 ns
[2020-02-29T07:04:40.393+0000][1][safepoint    ] Safepoint "Cleanup", Time since last: 1001404101 ns, Reaching safepoint: 89048 ns, At safepoint: 8396 ns, Total: 97444 ns
[2020-02-29T07:04:40.904+0000][1][safepoint    ] Safepoint "RevokeBias", Time since last: 510971486 ns, Reaching safepoint: 54273 ns, At safepoint: 16486 ns, Total: 70759 ns
[2020-02-29T07:04:41.914+0000][1][safepoint    ] Safepoint "Cleanup", Time since last: 1009452324 ns, Reaching safepoint: 96727 ns, At safepoint: 8954 ns, Total: 105681 ns
[2020-02-29T07:04:42.919+0000][1][safepoint    ] Safepoint "Cleanup", Time since last: 1005410167 ns, Reaching safepoint: 76847 ns, At safepoint: 6642 ns, Total: 83489 ns
[2020-02-29T07:04:43.429+0000][1][safepoint    ] Safepoint "RevokeBias", Time since last: 509025359 ns, Reaching safepoint: 86577 ns, At safepoint: 17778 ns, Total: 104355 ns
[2020-02-29T07:04:44.430+0000][1][safepoint    ] Safepoint "Cleanup", Time since last: 1001481359 ns, Reaching safepoint: 81320 ns, At safepoint: 7522 ns, Total: 88842 ns
[2020-02-29T07:04:45.433+0000][1][safepoint    ] Safepoint "Cleanup", Time since last: 1002689743 ns, Reaching safepoint: 62064 ns, At safepoint: 6983 ns, Total: 69047 ns
[2020-02-29T07:04:45.950+0000][1][safepoint    ] Safepoint "RevokeBias", Time since last: 516837621 ns, Reaching safepoint: 52756 ns, At safepoint: 15946 ns, Total: 68702 ns
[2020-02-29T07:04:46.954+0000][1][safepoint    ] Safepoint "Cleanup", Time since last: 1003989767 ns, Reaching safepoint: 75990 ns, At safepoint: 6094 ns, Total: 82084 ns
[2020-02-29T07:04:47.956+0000][1][safepoint    ] Safepoint "Cleanup", Time since last: 1002084171 ns, Reaching safepoint: 60850 ns, At safepoint: 7588 ns, Total: 68438 ns
[2020-02-29T07:04:48.472+0000][1][safepoint    ] Safepoint "RevokeBias", Time since last: 515940939 ns, Reaching safepoint: 71037 ns, At safepoint: 19154 ns, Total: 90191 ns
[2020-02-29T07:04:49.475+0000][1][safepoint    ] Safepoint "Cleanup", Time since last: 1003147764 ns, Reaching safepoint: 63123 ns, At safepoint: 7265 ns, Total: 70388 ns
[2020-02-29T07:04:50.481+0000][1][safepoint    ] Safepoint "Cleanup", Time since last: 1005810951 ns, Reaching safepoint: 60773 ns, At safepoint: 7818 ns, Total: 68591 ns
[2020-02-29T07:04:50.997+0000][1][safepoint    ] Safepoint "RevokeBias", Time since last: 516027007 ns, Reaching safepoint: 100419 ns, At safepoint: 20449 ns, Total: 120868 ns
[2020-02-29T07:04:52.003+0000][1][safepoint    ] Safepoint "Cleanup", Time since last: 1005945750 ns, Reaching safepoint: 60797 ns, At safepoint: 7084 ns, Total: 67881 ns
[2020-02-29T07:04:53.007+0000][1][safepoint    ] Safepoint "Cleanup", Time since last: 1003698988 ns, Reaching safepoint: 148149 ns, At safepoint: 26941 ns, Total: 175090 ns
[2020-02-29T07:04:53.513+0000][1][safepoint    ] Safepoint "RevokeBias", Time since last: 505629079 ns, Reaching safepoint: 68625 ns, At safepoint: 16920 ns, Total: 85545 ns
[2020-02-29T07:04:54.514+0000][1][safepoint    ] Safepoint "Cleanup", Time since last: 1000706496 ns, Reaching safepoint: 79337 ns, At safepoint: 7333 ns, Total: 86670 ns
[2020-02-29T07:04:55.519+0000][1][safepoint    ] Safepoint "Cleanup", Time since last: 1005549256 ns, Reaching safepoint: 79895 ns, At safepoint: 8575 ns, Total: 88470 ns
[2020-02-29T07:04:56.035+0000][1][safepoint    ] Safepoint "RevokeBias", Time since last: 515032887 ns, Reaching safepoint: 115776 ns, At safepoint: 57871 ns, Total: 173647 ns
[2020-02-29T07:04:57.036+0000][1][safepoint    ] Safepoint "Cleanup", Time since last: 1001616248 ns, Reaching safepoint: 62220 ns, At safepoint: 7217 ns, Total: 69437 ns
[2020-02-29T07:04:58.059+0000][1][safepoint    ] Safepoint "Cleanup", Time since last: 1011742415 ns, Reaching safepoint: 10855879 ns, At safepoint: 13378 ns, Total: 10869257 ns
[2020-02-29T07:04:58.551+0000][1][safepoint    ] Safepoint "RevokeBias", Time since last: 492305737 ns, Reaching safepoint: 73910 ns, At safepoint: 19083 ns, Total: 92993 ns
[2020-02-29T07:04:59.555+0000][1][safepoint    ] Safepoint "Cleanup", Time since last: 1003907124 ns, Reaching safepoint: 105496 ns, At safepoint: 8054 ns, Total: 113550 ns
[2020-02-29T07:05:00.563+0000][1][safepoint    ] Safepoint "Cleanup", Time since last: 1007595081 ns, Reaching safepoint: 76986 ns, At safepoint: 7270 ns, Total: 84256 ns
[2020-02-29T07:05:01.068+0000][1][safepoint    ] Safepoint "RevokeBias", Time since last: 505244149 ns, Reaching safepoint: 52379 ns, At safepoint: 16530 ns, Total: 68909 ns
[2020-02-29T07:05:02.070+0000][1][safepoint    ] Safepoint "Cleanup", Time since last: 1001803951 ns, Reaching safepoint: 77897 ns, At safepoint: 7228 ns, Total: 85125 ns
[2020-02-29T07:05:03.074+0000][1][safepoint    ] Safepoint "Cleanup", Time since last: 1003895604 ns, Reaching safepoint: 94117 ns, At safepoint: 7537 ns, Total: 101654 ns
[2020-02-29T07:05:03.586+0000][1][safepoint    ] Safepoint "RevokeBias", Time since last: 511362426 ns, Reaching safepoint: 89373 ns, At safepoint: 26069 ns, Total: 115442 ns
[2020-02-29T07:05:04.594+0000][1][safepoint    ] Safepoint "Cleanup", Time since last: 1007593841 ns, Reaching safepoint: 255031 ns, At safepoint: 17608 ns, Total: 272639 ns
[2020-02-29T07:05:05.594+0000][1][safepoint    ] Safepoint "Cleanup", Time since last: 1000385104 ns, Reaching safepoint: 79913 ns, At safepoint: 8721 ns, Total: 88634 ns
[2020-02-29T07:05:06.106+0000][1][safepoint    ] Safepoint "RevokeBias", Time since last: 511378743 ns, Reaching safepoint: 73170 ns, At safepoint: 88704 ns, Total: 161874 ns
[2020-02-29T07:05:07.109+0000][1][safepoint    ] Safepoint "Cleanup", Time since last: 1003677475 ns, Reaching safepoint: 101453 ns, At safepoint: 10679 ns, Total: 112132 ns
[2020-02-29T07:05:08.110+0000][1][safepoint    ] Safepoint "Cleanup", Time since last: 1000859217 ns, Reaching safepoint: 81224 ns, At safepoint: 8309 ns, Total: 89533 ns
[2020-02-29T07:05:08.643+0000][1][safepoint    ] Safepoint "RevokeBias", Time since last: 528721103 ns, Reaching safepoint: 4158811 ns, At safepoint: 23443 ns, Total: 4182254 ns
[2020-02-29T07:05:09.650+0000][1][safepoint    ] Safepoint "Cleanup", Time since last: 1006529390 ns, Reaching safepoint: 99674 ns, At safepoint: 10842 ns, Total: 110516 ns
[2020-02-29T07:05:10.650+0000][1][safepoint    ] Safepoint "Cleanup", Time since last: 1000320327 ns, Reaching safepoint: 63208 ns, At safepoint: 6822 ns, Total: 70030 ns
[2020-02-29T07:05:11.152+0000][1][safepoint    ] Safepoint "RevokeBias", Time since last: 501806057 ns, Reaching safepoint: 91980 ns, At safepoint: 21585 ns, Total: 113565 ns
[2020-02-29T07:05:12.153+0000][1][safepoint    ] Safepoint "Cleanup", Time since last: 1000399866 ns, Reaching safepoint: 93682 ns, At safepoint: 8068 ns, Total: 101750 ns
[2020-02-29T07:05:13.154+0000][1][safepoint    ] Safepoint "Cleanup", Time since last: 1001546996 ns, Reaching safepoint: 89561 ns, At safepoint: 6101 ns, Total: 95662 ns
[2020-02-29T07:05:13.716+0000][1][safepoint    ] Safepoint "RevokeBias", Time since last: 561992744 ns, Reaching safepoint: 72555 ns, At safepoint: 17930 ns, Total: 90485 ns
[2020-02-29T07:05:14.721+0000][1][safepoint    ] Safepoint "Cleanup", Time since last: 1004525711 ns, Reaching safepoint: 125958 ns, At safepoint: 26651 ns, Total: 152609 ns
[2020-02-29T07:05:15.723+0000][1][safepoint    ] Safepoint "Cleanup", Time since last: 1001575944 ns, Reaching safepoint: 122212 ns, At safepoint: 7563 ns, Total: 129775 ns
[2020-02-29T07:05:16.232+0000][1][safepoint    ] Safepoint "RevokeBias", Time since last: 509677645 ns, Reaching safepoint: 75828 ns, At safepoint: 18649 ns, Total: 94477 ns
[2020-02-29T07:05:17.237+0000][1][safepoint    ] Safepoint "Cleanup", Time since last: 1004341351 ns, Reaching safepoint: 77200 ns, At safepoint: 7261 ns, Total: 84461 ns
[2020-02-29T07:05:18.238+0000][1][safepoint    ] Safepoint "Cleanup", Time since last: 1001083589 ns, Reaching safepoint: 150930 ns, At safepoint: 26028 ns, Total: 176958 ns
[2020-02-29T07:05:18.272+0000][1][gc,start     ] GC(90) Pause Young (Allocation Failure)
[2020-02-29T07:05:18.272+0000][1][gc,task      ] GC(90) Using 1 workers of 1 for evacuation
[2020-02-29T07:05:18.282+0000][1][gc,age       ] GC(90) Desired survivor size 4358144 bytes, new threshold 6 (max threshold 6)
[2020-02-29T07:05:18.282+0000][1][gc,age       ] GC(90) Age table with threshold 6 (max threshold 6)
[2020-02-29T07:05:18.282+0000][1][gc,age       ] GC(90) - age   1:      13440 bytes,      13440 total
[2020-02-29T07:05:18.282+0000][1][gc,age       ] GC(90) - age   2:        224 bytes,      13664 total
[2020-02-29T07:05:18.282+0000][1][gc,age       ] GC(90) - age   3:        120 bytes,      13784 total
[2020-02-29T07:05:18.282+0000][1][gc,age       ] GC(90) - age   4:         96 bytes,      13880 total
[2020-02-29T07:05:18.282+0000][1][gc,age       ] GC(90) - age   5:         56 bytes,      13936 total
[2020-02-29T07:05:18.282+0000][1][gc,age       ] GC(90) - age   6:       1368 bytes,      15304 total
[2020-02-29T07:05:18.282+0000][1][gc,heap      ] GC(90) ParNew: 68190K->17K(76672K)
[2020-02-29T07:05:18.282+0000][1][gc,heap      ] GC(90) CMS: 62574K->62575K(963392K)
[2020-02-29T07:05:18.282+0000][1][gc,metaspace ] GC(90) Metaspace: 80039K->80039K(1122304K)
[2020-02-29T07:05:18.282+0000][1][gc           ] GC(90) Pause Young (Allocation Failure) 127M->61M(1015M) 9.897ms
[2020-02-29T07:05:18.282+0000][1][gc,cpu       ] GC(90) User=0.01s Sys=0.00s Real=0.01s
[2020-02-29T07:05:18.282+0000][1][safepoint    ] Safepoint "GenCollectForAllocation", Time since last: 33501554 ns, Reaching safepoint: 73295 ns, At safepoint: 9953356 ns, Total: 10026651 ns
[2020-02-29T07:05:18.754+0000][1][safepoint    ] Safepoint "RevokeBias", Time since last: 472076414 ns, Reaching safepoint: 72346 ns, At safepoint: 18127 ns, Total: 90473 ns
[2020-02-29T07:05:19.777+0000][1][safepoint    ] Safepoint "Cleanup", Time since last: 1022563211 ns, Reaching safepoint: 72625 ns, At safepoint: 5843 ns, Total: 78468 ns
[2020-02-29T07:05:20.778+0000][1][safepoint    ] Safepoint "Cleanup", Time since last: 1001647943 ns, Reaching safepoint: 74851 ns, At safepoint: 6113 ns, Total: 80964 ns
[2020-02-29T07:05:21.281+0000][1][safepoint    ] Safepoint "BulkRevokeBias", Time since last: 502335363 ns, Reaching safepoint: 91472 ns, At safepoint: 247942 ns, Total: 339414 ns
[2020-02-29T07:05:22.283+0000][1][safepoint    ] Safepoint "Cleanup", Time since last: 1002490645 ns, Reaching safepoint: 72839 ns, At safepoint: 6334 ns, Total: 79173 ns
[2020-02-29T07:05:23.294+0000][1][safepoint    ] Safepoint "Cleanup", Time since last: 1004901110 ns, Reaching safepoint: 5863676 ns, At safepoint: 11547 ns, Total: 5875223 ns
[2020-02-29T07:05:23.799+0000][1][safepoint    ] Safepoint "RevokeBias", Time since last: 504604967 ns, Reaching safepoint: 157128 ns, At safepoint: 21162 ns, Total: 178290 ns
[2020-02-29T07:05:24.807+0000][1][safepoint    ] Safepoint "Cleanup", Time since last: 1007783699 ns, Reaching safepoint: 73628 ns, At safepoint: 6045 ns, Total: 79673 ns
[2020-02-29T07:05:25.813+0000][1][safepoint    ] Safepoint "Cleanup", Time since last: 1005775611 ns, Reaching safepoint: 169391 ns, At safepoint: 10011 ns, Total: 179402 ns
[2020-02-29T07:05:26.316+0000][1][safepoint    ] Safepoint "RevokeBias", Time since last: 502812619 ns, Reaching safepoint: 110957 ns, At safepoint: 37245 ns, Total: 148202 ns
[2020-02-29T07:05:27.322+0000][1][safepoint    ] Safepoint "Cleanup", Time since last: 1006211358 ns, Reaching safepoint: 75472 ns, At safepoint: 5970 ns, Total: 81442 ns
[2020-02-29T07:05:28.325+0000][1][safepoint    ] Safepoint "Cleanup", Time since last: 1002756150 ns, Reaching safepoint: 61683 ns, At safepoint: 7026 ns, Total: 68709 ns
[2020-02-29T07:05:28.837+0000][1][safepoint    ] Safepoint "RevokeBias", Time since last: 512143656 ns, Reaching safepoint: 70811 ns, At safepoint: 18136 ns, Total: 88947 ns
[2020-02-29T07:05:29.847+0000][1][safepoint    ] Safepoint "Cleanup", Time since last: 1009595364 ns, Reaching safepoint: 88474 ns, At safepoint: 6613 ns, Total: 95087 ns
[2020-02-29T07:05:30.850+0000][1][safepoint    ] Safepoint "Cleanup", Time since last: 1002633006 ns, Reaching safepoint: 77968 ns, At safepoint: 5919 ns, Total: 83887 ns
[2020-02-29T07:05:31.356+0000][1][safepoint    ] Safepoint "RevokeBias", Time since last: 506687659 ns, Reaching safepoint: 53376 ns, At safepoint: 15980 ns, Total: 69356 ns
[2020-02-29T07:05:32.357+0000][1][safepoint    ] Safepoint "Cleanup", Time since last: 1000236948 ns, Reaching safepoint: 79372 ns, At safepoint: 7865 ns, Total: 87237 ns
[2020-02-29T07:05:33.357+0000][1][safepoint    ] Safepoint "Cleanup", Time since last: 1000427987 ns, Reaching safepoint: 77325 ns, At safepoint: 6826 ns, Total: 84151 ns
[2020-02-29T07:05:33.874+0000][1][safepoint    ] Safepoint "RevokeBias", Time since last: 517017946 ns, Reaching safepoint: 146338 ns, At safepoint: 19668 ns, Total: 166006 ns
[2020-02-29T07:05:34.884+0000][1][safepoint    ] Safepoint "Cleanup", Time since last: 1009727590 ns, Reaching safepoint: 59992 ns, At safepoint: 6569 ns, Total: 66561 ns
[2020-02-29T07:05:35.888+0000][1][safepoint    ] Safepoint "Cleanup", Time since last: 1003760761 ns, Reaching safepoint: 77027 ns, At safepoint: 6797 ns, Total: 83824 ns
[2020-02-29T07:05:36.390+0000][1][safepoint    ] Safepoint "RevokeBias", Time since last: 502113607 ns, Reaching safepoint: 70281 ns, At safepoint: 17537 ns, Total: 87818 ns
[2020-02-29T07:05:37.395+0000][1][safepoint    ] Safepoint "Cleanup", Time since last: 1005043346 ns, Reaching safepoint: 76751 ns, At safepoint: 6262 ns, Total: 83013 ns
[2020-02-29T07:05:38.396+0000][1][safepoint    ] Safepoint "Cleanup", Time since last: 1000719349 ns, Reaching safepoint: 96652 ns, At safepoint: 21351 ns, Total: 118003 ns
[2020-02-29T07:05:38.919+0000][1][safepoint    ] Safepoint "RevokeBias", Time since last: 522410490 ns, Reaching safepoint: 71374 ns, At safepoint: 17169 ns, Total: 88543 ns
[2020-02-29T07:05:39.923+0000][1][safepoint    ] Safepoint "Cleanup", Time since last: 1004556690 ns, Reaching safepoint: 74456 ns, At safepoint: 5788 ns, Total: 80244 ns
[2020-02-29T07:05:40.924+0000][1][safepoint    ] Safepoint "Cleanup", Time since last: 1000701988 ns, Reaching safepoint: 95943 ns, At safepoint: 7130 ns, Total: 103073 ns
[2020-02-29T07:05:41.440+0000][1][safepoint    ] Safepoint "RevokeBias", Time since last: 516167742 ns, Reaching safepoint: 82960 ns, At safepoint: 22571 ns, Total: 105531 ns
[2020-02-29T07:05:42.445+0000][1][safepoint    ] Safepoint "Cleanup", Time since last: 1004667844 ns, Reaching safepoint: 98111 ns, At safepoint: 8475 ns, Total: 106586 ns
[2020-02-29T07:05:43.455+0000][1][safepoint    ] Safepoint "Cleanup", Time since last: 1009979444 ns, Reaching safepoint: 97235 ns, At safepoint: 9736 ns, Total: 106971 ns
[2020-02-29T07:05:43.956+0000][1][safepoint    ] Safepoint "RevokeBias", Time since last: 500253361 ns, Reaching safepoint: 310417 ns, At safepoint: 22111 ns, Total: 332528 ns
[2020-02-29T07:05:44.959+0000][1][safepoint    ] Safepoint "Cleanup", Time since last: 1003162792 ns, Reaching safepoint: 76842 ns, At safepoint: 7334 ns, Total: 84176 ns
[2020-02-29T07:05:45.967+0000][1][safepoint    ] Safepoint "Cleanup", Time since last: 1007546071 ns, Reaching safepoint: 75792 ns, At safepoint: 6333 ns, Total: 82125 ns
[2020-02-29T07:05:46.483+0000][1][safepoint    ] Safepoint "RevokeBias", Time since last: 516330684 ns, Reaching safepoint: 85389 ns, At safepoint: 22193 ns, Total: 107582 ns
[2020-02-29T07:05:47.484+0000][1][safepoint    ] Safepoint "Cleanup", Time since last: 1000960218 ns, Reaching safepoint: 60493 ns, At safepoint: 5789 ns, Total: 66282 ns
[2020-02-29T07:05:48.493+0000][1][safepoint    ] Safepoint "Cleanup", Time since last: 1008283083 ns, Reaching safepoint: 91855 ns, At safepoint: 6848 ns, Total: 98703 ns
[2020-02-29T07:05:49.011+0000][1][safepoint    ] Safepoint "RevokeBias", Time since last: 518750572 ns, Reaching safepoint: 52564 ns, At safepoint: 15955 ns, Total: 68519 ns
[2020-02-29T07:05:50.015+0000][1][safepoint    ] Safepoint "Cleanup", Time since last: 1003798581 ns, Reaching safepoint: 99794 ns, At safepoint: 7162 ns, Total: 106956 ns
[2020-02-29T07:05:51.016+0000][1][safepoint    ] Safepoint "Cleanup", Time since last: 1000794437 ns, Reaching safepoint: 114396 ns, At safepoint: 9457 ns, Total: 123853 ns
[2020-02-29T07:05:51.532+0000][1][safepoint    ] Safepoint "RevokeBias", Time since last: 515344741 ns, Reaching safepoint: 100155 ns, At safepoint: 24029 ns, Total: 124184 ns
[2020-02-29T07:05:52.537+0000][1][safepoint    ] Safepoint "Cleanup", Time since last: 1005513745 ns, Reaching safepoint: 81404 ns, At safepoint: 8081 ns, Total: 89485 ns
[2020-02-29T07:05:53.543+0000][1][safepoint    ] Safepoint "Cleanup", Time since last: 1005231677 ns, Reaching safepoint: 61555 ns, At safepoint: 7168 ns, Total: 68723 ns
[2020-02-29T07:05:54.039+0000][1][safepoint    ] Safepoint "RevokeBias", Time since last: 496615965 ns, Reaching safepoint: 71323 ns, At safepoint: 16856 ns, Total: 88179 ns
[2020-02-29T07:05:55.042+0000][1][safepoint    ] Safepoint "Cleanup", Time since last: 1002205872 ns, Reaching safepoint: 63538 ns, At safepoint: 7162 ns, Total: 70700 ns
[2020-02-29T07:05:56.045+0000][1][safepoint    ] Safepoint "Cleanup", Time since last: 1003070864 ns, Reaching safepoint: 84898 ns, At safepoint: 7391 ns, Total: 92289 ns
[2020-02-29T07:05:56.553+0000][1][safepoint    ] Safepoint "RevokeBias", Time since last: 508484150 ns, Reaching safepoint: 82443 ns, At safepoint: 25672 ns, Total: 108115 ns
[2020-02-29T07:05:57.554+0000][1][safepoint    ] Safepoint "Cleanup", Time since last: 1000860163 ns, Reaching safepoint: 85247 ns, At safepoint: 7643 ns, Total: 92890 ns
[2020-02-29T07:05:58.562+0000][1][safepoint    ] Safepoint "Cleanup", Time since last: 1007879111 ns, Reaching safepoint: 83724 ns, At safepoint: 8607 ns, Total: 92331 ns
[2020-02-29T07:05:59.070+0000][1][safepoint    ] Safepoint "RevokeBias", Time since last: 507531048 ns, Reaching safepoint: 52178 ns, At safepoint: 16181 ns, Total: 68359 ns
[2020-02-29T07:06:00.072+0000][1][safepoint    ] Safepoint "Cleanup", Time since last: 1001598965 ns, Reaching safepoint: 77648 ns, At safepoint: 7086 ns, Total: 84734 ns
[2020-02-29T07:06:01.076+0000][1][safepoint    ] Safepoint "Cleanup", Time since last: 1004592403 ns, Reaching safepoint: 78589 ns, At safepoint: 8066 ns, Total: 86655 ns
[2020-02-29T07:06:01.589+0000][1][safepoint    ] Safepoint "RevokeBias", Time since last: 512861399 ns, Reaching safepoint: 72085 ns, At safepoint: 18561 ns, Total: 90646 ns
[2020-02-29T07:06:02.589+0000][1][safepoint    ] Safepoint "Cleanup", Time since last: 1000139883 ns, Reaching safepoint: 131090 ns, At safepoint: 14513 ns, Total: 145603 ns
[2020-02-29T07:06:03.594+0000][1][safepoint    ] Safepoint "Cleanup", Time since last: 1004466348 ns, Reaching safepoint: 62829 ns, At safepoint: 7424 ns, Total: 70253 ns
[2020-02-29T07:06:04.109+0000][1][safepoint    ] Safepoint "RevokeBias", Time since last: 514857788 ns, Reaching safepoint: 51428 ns, At safepoint: 15738 ns, Total: 67166 ns
[2020-02-29T07:06:05.116+0000][1][safepoint    ] Safepoint "Cleanup", Time since last: 1007104564 ns, Reaching safepoint: 104960 ns, At safepoint: 11060 ns, Total: 116020 ns
[2020-02-29T07:06:06.121+0000][1][safepoint    ] Safepoint "Cleanup", Time since last: 1004800721 ns, Reaching safepoint: 98505 ns, At safepoint: 9326 ns, Total: 107831 ns
[2020-02-29T07:06:06.632+0000][1][safepoint    ] Safepoint "RevokeBias", Time since last: 511210267 ns, Reaching safepoint: 75837 ns, At safepoint: 19475 ns, Total: 95312 ns
[2020-02-29T07:06:07.643+0000][1][safepoint    ] Safepoint "Cleanup", Time since last: 1010333106 ns, Reaching safepoint: 62589 ns, At safepoint: 7002 ns, Total: 69591 ns
[2020-02-29T07:06:08.647+0000][1][safepoint    ] Safepoint "Cleanup", Time since last: 1004089975 ns, Reaching safepoint: 114280 ns, At safepoint: 8327 ns, Total: 122607 ns
[2020-02-29T07:06:09.152+0000][1][safepoint    ] Safepoint "RevokeBias", Time since last: 504511046 ns, Reaching safepoint: 59371 ns, At safepoint: 16883 ns, Total: 76254 ns
[2020-02-29T07:06:10.152+0000][1][safepoint    ] Safepoint "Cleanup", Time since last: 1000764684 ns, Reaching safepoint: 80636 ns, At safepoint: 9525 ns, Total: 90161 ns
[2020-02-29T07:06:11.153+0000][1][safepoint    ] Safepoint "Cleanup", Time since last: 1000500259 ns, Reaching safepoint: 96331 ns, At safepoint: 7422 ns, Total: 103753 ns
[2020-02-29T07:06:11.671+0000][1][safepoint    ] Safepoint "RevokeBias", Time since last: 517736651 ns, Reaching safepoint: 70949 ns, At safepoint: 17970 ns, Total: 88919 ns
[2020-02-29T07:06:12.675+0000][1][safepoint    ] Safepoint "Cleanup", Time since last: 1004485384 ns, Reaching safepoint: 79801 ns, At safepoint: 7038 ns, Total: 86839 ns
[2020-02-29T07:06:13.678+0000][1][safepoint    ] Safepoint "Cleanup", Time since last: 1002741770 ns, Reaching safepoint: 118578 ns, At safepoint: 10318 ns, Total: 128896 ns
[2020-02-29T07:06:14.222+0000][1][safepoint    ] Safepoint "RevokeBias", Time since last: 543251173 ns, Reaching safepoint: 54940 ns, At safepoint: 17381 ns, Total: 72321 ns
[2020-02-29T07:06:15.257+0000][1][safepoint    ] Safepoint "Cleanup", Time since last: 1034892016 ns, Reaching safepoint: 114220 ns, At safepoint: 9512 ns, Total: 123732 ns
[2020-02-29T07:06:16.257+0000][1][safepoint    ] Safepoint "Cleanup", Time since last: 1000645584 ns, Reaching safepoint: 94807 ns, At safepoint: 7564 ns, Total: 102371 ns
[2020-02-29T07:06:16.743+0000][1][safepoint    ] Safepoint "RevokeBias", Time since last: 486007412 ns, Reaching safepoint: 101320 ns, At safepoint: 18719 ns, Total: 120039 ns
[2020-02-29T07:06:17.752+0000][1][safepoint    ] Safepoint "Cleanup", Time since last: 1008762272 ns, Reaching safepoint: 165832 ns, At safepoint: 27095 ns, Total: 192927 ns
[2020-02-29T07:06:18.761+0000][1][safepoint    ] Safepoint "Cleanup", Time since last: 1008311740 ns, Reaching safepoint: 110615 ns, At safepoint: 8456 ns, Total: 119071 ns
[2020-02-29T07:06:19.260+0000][1][safepoint    ] Safepoint "RevokeBias", Time since last: 499350402 ns, Reaching safepoint: 53658 ns, At safepoint: 15918 ns, Total: 69576 ns
[2020-02-29T07:06:20.269+0000][1][safepoint    ] Safepoint "Cleanup", Time since last: 1008136298 ns, Reaching safepoint: 99868 ns, At safepoint: 21387 ns, Total: 121255 ns
[2020-02-29T07:06:21.274+0000][1][safepoint    ] Safepoint "Cleanup", Time since last: 1005825571 ns, Reaching safepoint: 93495 ns, At safepoint: 6308 ns, Total: 99803 ns
[2020-02-29T07:06:21.833+0000][1][safepoint    ] Safepoint "RevokeBias", Time since last: 558621124 ns, Reaching safepoint: 105241 ns, At safepoint: 36121 ns, Total: 141362 ns
[2020-02-29T07:06:22.835+0000][1][safepoint    ] Safepoint "Cleanup", Time since last: 1001060014 ns, Reaching safepoint: 121428 ns, At safepoint: 561725 ns, Total: 683153 ns
[2020-02-29T07:06:23.835+0000][1][safepoint    ] Safepoint "Cleanup", Time since last: 1000292019 ns, Reaching safepoint: 95433 ns, At safepoint: 10551 ns, Total: 105984 ns
[2020-02-29T07:06:24.359+0000][1][safepoint    ] Safepoint "RevokeBias", Time since last: 523628971 ns, Reaching safepoint: 53260 ns, At safepoint: 15297 ns, Total: 68557 ns
[2020-02-29T07:06:25.364+0000][1][safepoint    ] Safepoint "Cleanup", Time since last: 1005264533 ns, Reaching safepoint: 62506 ns, At safepoint: 7109 ns, Total: 69615 ns
[2020-02-29T07:06:26.369+0000][1][safepoint    ] Safepoint "Cleanup", Time since last: 1004907200 ns, Reaching safepoint: 129254 ns, At safepoint: 8288 ns, Total: 137542 ns
[2020-02-29T07:06:26.880+0000][1][safepoint    ] Safepoint "RevokeBias", Time since last: 510835273 ns, Reaching safepoint: 71588 ns, At safepoint: 19466 ns, Total: 91054 ns
[2020-02-29T07:06:27.891+0000][1][safepoint    ] Safepoint "Cleanup", Time since last: 1010100545 ns, Reaching safepoint: 64686 ns, At safepoint: 7820 ns, Total: 72506 ns
[2020-02-29T07:06:28.988+0000][1][safepoint    ] Safepoint "Cleanup", Time since last: 1097194602 ns, Reaching safepoint: 137225 ns, At safepoint: 22544 ns, Total: 159769 ns
[2020-02-29T07:06:29.390+0000][1][safepoint    ] Safepoint "RevokeBias", Time since last: 401982869 ns, Reaching safepoint: 76585 ns, At safepoint: 18113 ns, Total: 94698 ns
[2020-02-29T07:06:30.390+0000][1][safepoint    ] Safepoint "Cleanup", Time since last: 1000398551 ns, Reaching safepoint: 86711 ns, At safepoint: 7039 ns, Total: 93750 ns
[2020-02-29T07:06:31.396+0000][1][safepoint    ] Safepoint "Cleanup", Time since last: 1005729655 ns, Reaching safepoint: 152348 ns, At safepoint: 8193 ns, Total: 160541 ns
[2020-02-29T07:06:31.900+0000][1][safepoint    ] Safepoint "RevokeBias", Time since last: 503090653 ns, Reaching safepoint: 70339 ns, At safepoint: 17724 ns, Total: 88063 ns
[2020-02-29T07:06:32.902+0000][1][safepoint    ] Safepoint "Cleanup", Time since last: 1002382879 ns, Reaching safepoint: 61337 ns, At safepoint: 6043 ns, Total: 67380 ns
[2020-02-29T07:06:33.912+0000][1][safepoint    ] Safepoint "Cleanup", Time since last: 1009997013 ns, Reaching safepoint: 90955 ns, At safepoint: 7473 ns, Total: 98428 ns
[2020-02-29T07:06:34.505+0000][1][safepoint    ] Safepoint "BulkRevokeBias", Time since last: 592927984 ns, Reaching safepoint: 72455 ns, At safepoint: 182524 ns, Total: 254979 ns
[2020-02-29T07:06:35.508+0000][1][safepoint    ] Safepoint "Cleanup", Time since last: 1002160547 ns, Reaching safepoint: 78063 ns, At safepoint: 7561 ns, Total: 85624 ns
[2020-02-29T07:06:36.516+0000][1][safepoint    ] Safepoint "Cleanup", Time since last: 1008722959 ns, Reaching safepoint: 85608 ns, At safepoint: 9505 ns, Total: 95113 ns
[2020-02-29T07:06:37.022+0000][1][safepoint    ] Safepoint "RevokeBias", Time since last: 505141206 ns, Reaching safepoint: 164034 ns, At safepoint: 52413 ns, Total: 216447 ns
[2020-02-29T07:06:38.023+0000][1][safepoint    ] Safepoint "Cleanup", Time since last: 1001649968 ns, Reaching safepoint: 67076 ns, At safepoint: 7274 ns, Total: 74350 ns
[2020-02-29T07:06:39.025+0000][1][safepoint    ] Safepoint "Cleanup", Time since last: 1001692001 ns, Reaching safepoint: 65262 ns, At safepoint: 7730 ns, Total: 72992 ns
[2020-02-29T07:06:39.542+0000][1][safepoint    ] Safepoint "RevokeBias", Time since last: 516937657 ns, Reaching safepoint: 55165 ns, At safepoint: 16272 ns, Total: 71437 ns
[2020-02-29T07:06:40.546+0000][1][safepoint    ] Safepoint "Cleanup", Time since last: 1003687861 ns, Reaching safepoint: 79087 ns, At safepoint: 7827 ns, Total: 86914 ns
[2020-02-29T07:06:41.548+0000][1][safepoint    ] Safepoint "Cleanup", Time since last: 1002183225 ns, Reaching safepoint: 90829 ns, At safepoint: 7182 ns, Total: 98011 ns
[2020-02-29T07:06:42.066+0000][1][safepoint    ] Safepoint "RevokeBias", Time since last: 517333828 ns, Reaching safepoint: 53979 ns, At safepoint: 15704 ns, Total: 69683 ns
[2020-02-29T07:06:43.067+0000][1][safepoint    ] Safepoint "Cleanup", Time since last: 1001595328 ns, Reaching safepoint: 95449 ns, At safepoint: 26269 ns, Total: 121718 ns
[2020-02-29T07:06:44.076+0000][1][safepoint    ] Safepoint "Cleanup", Time since last: 1008892607 ns, Reaching safepoint: 80647 ns, At safepoint: 8231 ns, Total: 88878 ns
[2020-02-29T07:06:44.584+0000][1][safepoint    ] Safepoint "RevokeBias", Time since last: 507530701 ns, Reaching safepoint: 89689 ns, At safepoint: 41010 ns, Total: 130699 ns
[2020-02-29T07:06:45.588+0000][1][safepoint    ] Safepoint "Cleanup", Time since last: 1003918402 ns, Reaching safepoint: 61638 ns, At safepoint: 5863 ns, Total: 67501 ns
[2020-02-29T07:06:46.594+0000][1][safepoint    ] Safepoint "Cleanup", Time since last: 1006256672 ns, Reaching safepoint: 74811 ns, At safepoint: 7024 ns, Total: 81835 ns
[2020-02-29T07:06:47.104+0000][1][safepoint    ] Safepoint "RevokeBias", Time since last: 509267242 ns, Reaching safepoint: 87058 ns, At safepoint: 22891 ns, Total: 109949 ns
[2020-02-29T07:06:48.107+0000][1][safepoint    ] Safepoint "Cleanup", Time since last: 1003673210 ns, Reaching safepoint: 78582 ns, At safepoint: 7332 ns, Total: 85914 ns
[2020-02-29T07:06:49.117+0000][1][safepoint    ] Safepoint "Cleanup", Time since last: 1009734552 ns, Reaching safepoint: 102165 ns, At safepoint: 8275 ns, Total: 110440 ns
[2020-02-29T07:06:49.626+0000][1][safepoint    ] Safepoint "RevokeBias", Time since last: 508624362 ns, Reaching safepoint: 70418 ns, At safepoint: 17468 ns, Total: 87886 ns
[2020-02-29T07:06:50.627+0000][1][safepoint    ] Safepoint "Cleanup", Time since last: 1000982069 ns, Reaching safepoint: 115745 ns, At safepoint: 13279 ns, Total: 129024 ns
[2020-02-29T07:06:51.628+0000][1][safepoint    ] Safepoint "Cleanup", Time since last: 1000823327 ns, Reaching safepoint: 119650 ns, At safepoint: 9582 ns, Total: 129232 ns
[2020-02-29T07:06:52.141+0000][1][safepoint    ] Safepoint "RevokeBias", Time since last: 512525549 ns, Reaching safepoint: 88833 ns, At safepoint: 35771 ns, Total: 124604 ns
[2020-02-29T07:06:53.145+0000][1][safepoint    ] Safepoint "Cleanup", Time since last: 1004371802 ns, Reaching safepoint: 79619 ns, At safepoint: 7670 ns, Total: 87289 ns
[2020-02-29T07:06:54.147+0000][1][safepoint    ] Safepoint "Cleanup", Time since last: 1002173860 ns, Reaching safepoint: 77928 ns, At safepoint: 7442 ns, Total: 85370 ns
[2020-02-29T07:06:54.653+0000][1][safepoint    ] Safepoint "RevokeBias", Time since last: 505837780 ns, Reaching safepoint: 113419 ns, At safepoint: 20662 ns, Total: 134081 ns
[2020-02-29T07:06:55.658+0000][1][safepoint    ] Safepoint "Cleanup", Time since last: 1004707548 ns, Reaching safepoint: 100414 ns, At safepoint: 15945 ns, Total: 116359 ns
[2020-02-29T07:06:56.666+0000][1][safepoint    ] Safepoint "Cleanup", Time since last: 1007990602 ns, Reaching safepoint: 119288 ns, At safepoint: 7756 ns, Total: 127044 ns
[2020-02-29T07:06:57.182+0000][1][safepoint    ] Safepoint "RevokeBias", Time since last: 515861177 ns, Reaching safepoint: 71542 ns, At safepoint: 17548 ns, Total: 89090 ns
[2020-02-29T07:06:58.975+0000][1][safepoint    ] Safepoint "Cleanup", Time since last: 1792202323 ns, Reaching safepoint: 80132 ns, At safepoint: 7235 ns, Total: 87367 ns
[2020-02-29T07:06:59.700+0000][1][safepoint    ] Safepoint "RevokeBias", Time since last: 725433727 ns, Reaching safepoint: 73647 ns, At safepoint: 19694 ns, Total: 93341 ns
