[2020-02-26T08:20:28.137+0000][1][gc] Using Concurrent Mark Sweep
[2020-02-26T08:20:28.383+0000][1][gc,heap,coops] Heap address: 0x00000000c0000000, size: 1024 MB, Compressed Oops mode: 32-bit
[2020-02-26T08:20:41.834+0000][1][safepoint    ] Safepoint "Cleanup", Time since last: 4002355920 ns, Reaching safepoint: 61812799 ns, At safepoint: 7310 ns, Total: 61820109 ns
[2020-02-26T08:20:42.095+0000][1][safepoint    ] Safepoint "EnableBiasedLocking", Time since last: 260876147 ns, Reaching safepoint: 118168 ns, At safepoint: 28333 ns, Total: 146501 ns
[2020-02-26T08:20:42.228+0000][1][safepoint    ] Safepoint "RevokeBias", Time since last: 90151251 ns, Reaching safepoint: 42471184 ns, At safepoint: 55263 ns, Total: 42526447 ns
[2020-02-26T08:20:42.969+0000][1][safepoint    ] Safepoint "Deoptimize", Time since last: 740244042 ns, Reaching safepoint: 787114 ns, At safepoint: 33054 ns, Total: 820168 ns
[2020-02-26T08:20:43.969+0000][1][safepoint    ] Safepoint "Cleanup", Time since last: 1000213556 ns, Reaching safepoint: 42583 ns, At safepoint: 8027 ns, Total: 50610 ns
[2020-02-26T08:20:46.365+0000][1][safepoint    ] Safepoint "Cleanup", Time since last: 2393415572 ns, Reaching safepoint: 2390215 ns, At safepoint: 209702 ns, Total: 2599917 ns
[2020-02-26T08:20:47.365+0000][1][safepoint    ] Safepoint "Cleanup", Time since last: 1000212707 ns, Reaching safepoint: 44221 ns, At safepoint: 8241 ns, Total: 52462 ns
[2020-02-26T08:20:49.366+0000][1][safepoint    ] Safepoint "Cleanup", Time since last: 2000572952 ns, Reaching safepoint: 40246 ns, At safepoint: 6615 ns, Total: 46861 ns
[2020-02-26T08:20:50.376+0000][1][safepoint    ] Safepoint "Cleanup", Time since last: 1000216940 ns, Reaching safepoint: 9998633 ns, At safepoint: 8062 ns, Total: 10006695 ns
[2020-02-26T08:20:51.408+0000][1][safepoint    ] Safepoint "Cleanup", Time since last: 1000211657 ns, Reaching safepoint: 31778945 ns, At safepoint: 6805 ns, Total: 31785750 ns
[2020-02-26T08:20:53.087+0000][1][safepoint    ] Safepoint "Deoptimize", Time since last: 1678277147 ns, Reaching safepoint: 687721 ns, At safepoint: 81408 ns, Total: 769129 ns
[2020-02-26T08:20:54.802+0000][1][safepoint    ] Safepoint "Deoptimize", Time since last: 1714016191 ns, Reaching safepoint: 435597 ns, At safepoint: 79799 ns, Total: 515396 ns
[2020-02-26T08:20:55.832+0000][1][safepoint    ] Safepoint "Cleanup", Time since last: 1000921047 ns, Reaching safepoint: 29124861 ns, At safepoint: 4989 ns, Total: 29129850 ns
[2020-02-26T08:20:56.832+0000][1][safepoint    ] Safepoint "Cleanup", Time since last: 1000481744 ns, Reaching safepoint: 56673 ns, At safepoint: 7876 ns, Total: 64549 ns
[2020-02-26T08:20:57.833+0000][1][safepoint    ] Safepoint "Cleanup", Time since last: 1000159334 ns, Reaching safepoint: 122648 ns, At safepoint: 7079 ns, Total: 129727 ns
[2020-02-26T08:20:58.888+0000][1][safepoint    ] Safepoint "Cleanup", Time since last: 1000755480 ns, Reaching safepoint: 54699421 ns, At safepoint: 7387 ns, Total: 54706808 ns
[2020-02-26T08:20:59.889+0000][1][safepoint    ] Safepoint "Cleanup", Time since last: 1000260725 ns, Reaching safepoint: 288597 ns, At safepoint: 4032 ns, Total: 292629 ns
[2020-02-26T08:21:00.296+0000][1][safepoint    ] Safepoint "RevokeBias", Time since last: 406132592 ns, Reaching safepoint: 590184 ns, At safepoint: 61731 ns, Total: 651915 ns
[2020-02-26T08:21:00.296+0000][1][safepoint    ] Safepoint "RevokeBias", Time since last: 107966 ns, Reaching safepoint: 793312 ns, At safepoint: 40525 ns, Total: 833837 ns
[2020-02-26T08:21:00.297+0000][1][gc,heap,exit ] Heap
[2020-02-26T08:21:00.297+0000][1][gc,heap,exit ]  par new generation   total 76672K, used 21194K [0x00000000c0000000, 0x00000000c5330000, 0x00000000c5330000)
[2020-02-26T08:21:00.297+0000][1][gc,heap,exit ]   eden space 68160K,  31% used [0x00000000c0000000, 0x00000000c14b2940, 0x00000000c4290000)
[2020-02-26T08:21:00.297+0000][1][gc,heap,exit ]   from space 8512K,   0% used [0x00000000c4290000, 0x00000000c4290000, 0x00000000c4ae0000)
[2020-02-26T08:21:00.297+0000][1][gc,heap,exit ]   to   space 8512K,   0% used [0x00000000c4ae0000, 0x00000000c4ae0000, 0x00000000c5330000)
[2020-02-26T08:21:00.297+0000][1][gc,heap,exit ]  concurrent mark-sweep generation total 963392K, used 0K [0x00000000c5330000, 0x0000000100000000, 0x0000000100000000)
[2020-02-26T08:21:00.297+0000][1][gc,heap,exit ]  Metaspace       used 4687K, capacity 7197K, committed 7424K, reserved 1056768K
[2020-02-26T08:21:00.297+0000][1][gc,heap,exit ]   class space    used 485K, capacity 739K, committed 768K, reserved 1048576K
